06-29 09:35:31.679 32520 32520 D wpa_supplicant: wpa_driver_wext_combo_scan: Start
06-29 09:35:31.679 32520 32520 D wpa_supplicant: For Scan: (null)
06-29 09:35:31.679 32520 32520 D wpa_supplicant: Scan requested (ret=0) - scan timeout 30 seconds
06-29 09:35:32.855 32520 32520 D wpa_supplicant: RTM_NEWLINK: operstate=1 ifi_flags=0x11043 ([UP][RUNNING][LOWER_UP])
06-29 09:35:32.855 32520 32520 D wpa_supplicant: RTM_NEWLINK, IFLA_IFNAME: Interface 'wlan0' added
06-29 09:35:32.855 32520 32520 D wpa_supplicant: Wireless event: cmd=0x8b19 len=8
06-29 09:35:32.855 32520 32520 D wpa_supplicant: Received 1279 bytes of scan results (4 BSSes)
06-29 09:35:32.961 32520 32520 D wpa_supplicant: wpa_driver_wext_driver_cmd SETSUSPENDOPT 0 len = 4096
06-29 09:35:32.961 32520 32520 D wpa_supplicant: wpa_driver_wext_driver_cmd SETSUSPENDOPT 0 len = 0, 15
06-29 09:35:32.961 32520 32520 D wpa_supplicant: wpa_driver_wext_driver_cmd POWERMODE 0 len = 4096
06-29 09:35:32.964 32520 32520 D wpa_supplicant: wpa_driver_wext_driver_cmd OK len = 0, 2
06-29 09:35:49.007   142   174 I power   : *** set_screen_state 1
06-29 09:35:49.039 32520 32520 D wpa_supplicant: wpa_driver_wext_driver_cmd RSSI len = 248
06-29 09:35:49.047 32520 32520 D wpa_supplicant: wpa_driver_wext_driver_cmd Nanachi Taang rssi -74  len = 23, 23
06-29 09:35:49.047 32520 32520 D wpa_supplicant: wpa_driver_wext_driver_cmd LINKSPEED len = 248
06-29 09:35:49.047 32520 32520 D wpa_supplicant: wpa_driver_wext_driver_cmd LinkSpeed 19 len = 12, 12
06-29 09:35:49.047 32520 32520 D wpa_supplicant: wpa_driver_wext_driver_cmd SETSUSPENDOPT 0 len = 4096
06-29 09:35:49.047 32520 32520 D wpa_supplicant: wpa_driver_wext_driver_cmd SETSUSPENDOPT 0 len = 0, 15
06-29 09:35:49.047 32520 32520 D wpa_supplicant: wpa_driver_wext_driver_cmd POWERMODE 0 len = 4096
06-29 09:35:49.062 32520 32520 D wpa_supplicant: wpa_driver_wext_driver_cmd OK len = 0, 2
06-29 09:35:49.070   142   174 I WindowManager: Lock screen displayed!
06-29 09:35:49.242    78   118 D SurfaceFlinger: Screen about to return, flinger = 0x153918
06-29 09:35:52.050 32520 32520 D wpa_supplicant: wpa_driver_wext_driver_cmd RSSI len = 248
06-29 09:35:52.058 32520 32520 D wpa_supplicant: wpa_driver_wext_driver_cmd Nanachi Taang rssi -64  len = 23, 23
06-29 09:35:52.062 32520 32520 D wpa_supplicant: wpa_driver_wext_driver_cmd LINKSPEED len = 248
06-29 09:35:52.066 32520 32520 D wpa_supplicant: wpa_driver_wext_driver_cmd LinkSpeed 19 len = 12, 12
06-29 09:35:55.090 32520 32520 D wpa_supplicant: wpa_driver_wext_driver_cmd RSSI len = 248
06-29 09:35:55.097 32520 32520 D wpa_supplicant: wpa_driver_wext_driver_cmd Nanachi Taang rssi -74  len = 23, 23
06-29 09:35:55.097 32520 32520 D wpa_supplicant: wpa_driver_wext_driver_cmd LINKSPEED len = 248
06-29 09:35:55.101 32520 32520 D wpa_supplicant: wpa_driver_wext_driver_cmd LinkSpeed 19 len = 12, 12
06-29 09:35:57.199   142   179 I InputReader: Dropping virtual key from device cypress-touchkey because virtual keys are temporarily disabled for the next 237.759ms.  keyCode=3, scanCode=102
06-29 09:35:57.230   142   170 I power   : *** set_screen_state 0
06-29 09:35:57.265   142   179 I InputReader: Dropping key up from device cypress-touchkey because the key was not down.  keyCode=3, scanCode=102
06-29 09:35:57.285    78   118 D SurfaceFlinger: About to give-up screen, flinger = 0x153918
06-29 09:35:57.340   142   174 V TransportControlView: Create TCV com.android.internal.widget.TransportControlView@417b27c0
06-29 09:36:21.105   142   144 D dalvikvm: GC_CONCURRENT freed 802K, 24% free 16596K/21639K, paused 3ms+7ms
06-29 09:36:24.871   342   342 D SAN_SERVICE: *******************************************
06-29 09:36:24.871   342   342 D SAN_SERVICE: DM App Phone Service State - 0
06-29 09:36:24.871   342   342 D SAN_SERVICE: *******************************************
06-29 09:36:25.671   342   342 D SAN_SERVICE: *******************************************
06-29 09:36:25.671   342   342 D SAN_SERVICE: DM App Phone Service State - 0
06-29 09:36:25.671   342   342 D SAN_SERVICE: *******************************************
06-29 09:36:31.285 26576 27606 I EventLogService: Aggregate from 1340975191116 (log), 1340975191116 (data)
06-29 09:41:54.050 32520 32520 D wpa_supplicant: wpa_driver_wext_set_key: alg=2 key_idx=2 set_tx=0 seq_len=6 key_len=32
06-29 09:41:54.062 32520 32520 I wpa_supplicant: wlan0: WPA: Group rekeying completed with 00:25:9c:d9:d4:0c [GTK=TKIP]
06-29 09:43:07.007   142   174 I power   : *** set_screen_state 1
06-29 09:43:07.066   142   174 I WindowManager: Lock screen displayed!
06-29 09:43:07.074 32520 32520 D wpa_supplicant: wpa_driver_wext_driver_cmd RSSI len = 248
06-29 09:43:07.086 32520 32520 D wpa_supplicant: wpa_driver_wext_driver_cmd Nanachi Taang rssi -82  len = 23, 23
06-29 09:43:07.086 32520 32520 D wpa_supplicant: wpa_driver_wext_driver_cmd LINKSPEED len = 248
06-29 09:43:07.090 32520 32520 D wpa_supplicant: wpa_driver_wext_driver_cmd LinkSpeed 39 len = 12, 12
06-29 09:43:07.090 32520 32520 D wpa_supplicant: wpa_driver_wext_driver_cmd SETSUSPENDOPT 0 len = 4096
06-29 09:43:07.090 32520 32520 D wpa_supplicant: wpa_driver_wext_driver_cmd SETSUSPENDOPT 0 len = 0, 15
06-29 09:43:07.090 32520 32520 D wpa_supplicant: wpa_driver_wext_driver_cmd POWERMODE 0 len = 4096
06-29 09:43:07.093 32520 32520 D wpa_supplicant: wpa_driver_wext_driver_cmd OK len = 0, 2
06-29 09:43:07.254    78   118 D SurfaceFlinger: Screen about to return, flinger = 0x153918
06-29 09:43:08.925 10621 10636 I PhoneLab-: Service Running
06-29 09:43:09.047 10621 10636 I PhoneLab-LoggerService: app_38    2630  1     924    484   c00f181c 400107b4 S logcat
06-29 09:43:09.062 10621 10636 I PhoneLab-LoggerService: app_38    30500 1     1064   664   c00f181c 400107b4 S logcat
06-29 09:43:09.062 10621 10636 I PhoneLab-LoggerService: Logcat pid from database 2630
06-29 09:43:09.062 10621 10636 I PhoneLab-LoggerService: Logcat process found 2630
06-29 09:43:09.062 10621 10636 I PhoneLab-LoggerService: Checking Threshold
06-29 09:43:09.066 10621 10636 I PhoneLab-LoggerService: Starting to rename files
06-29 09:43:09.070 10621 10636 I PhoneLab-LoggerService: Files found .. 9
06-29 09:43:09.070 10621 10636 I PhoneLab-: Service Running
06-29 09:43:09.101 10621 10624 D dalvikvm: GC_CONCURRENT freed 400K, 6% free 9148K/9671K, paused 2ms+7ms
06-29 09:43:09.129 10621 10636 I PhoneLab-LoggerService: app_38    2630  1     924    484   c00f181c 400107b4 S logcat
06-29 09:43:09.129 10621 10636 I PhoneLab-LoggerService: app_38    30500 1     1064   664   c00f181c 400107b4 S logcat
06-29 09:43:09.129 10621 10636 I PhoneLab-LoggerService: Logcat pid from database 2630
06-29 09:43:09.129 10621 10636 I PhoneLab-LoggerService: Logcat process found 2630
06-29 09:43:09.129 10621 10636 I PhoneLab-LoggerService: Checking Threshold
06-29 09:43:09.129 10621 10636 I PhoneLab-LoggerService: Starting to rename files
06-29 09:43:09.132 10621 10636 I PhoneLab-LoggerService: Files found .. 9
06-29 09:43:09.132 10621 10636 I PhoneLab-: Service Running
06-29 09:43:09.175 10621 10636 I PhoneLab-LoggerService: app_38    2630  1     924    484   c00f181c 400107b4 S logcat
06-29 09:43:09.175 10621 10636 I PhoneLab-LoggerService: app_38    30500 1     1064   664   c00f181c 400107b4 S logcat
06-29 09:43:09.175 10621 10636 I PhoneLab-LoggerService: Logcat pid from database 2630
06-29 09:43:09.175 10621 10636 I PhoneLab-LoggerService: Logcat process found 2630
06-29 09:43:09.175 10621 10636 I PhoneLab-LoggerService: Checking Threshold
06-29 09:43:09.175 10621 10636 I PhoneLab-LoggerService: Starting to rename files
06-29 09:43:09.179 10621 10636 I PhoneLab-LoggerService: Files found .. 9
06-29 09:43:09.179 10621 10636 I PhoneLab-: Service Running
06-29 09:43:09.211 10621 10636 I PhoneLab-LoggerService: app_38    2630  1     924    484   c00f181c 400107b4 S logcat
06-29 09:43:09.211 10621 10636 I PhoneLab-LoggerService: app_38    30500 1     1064   664   c00f181c 400107b4 S logcat
06-29 09:43:09.211 10621 10636 I PhoneLab-LoggerService: Logcat pid from database 2630
06-29 09:43:09.211 10621 10636 I PhoneLab-LoggerService: Logcat process found 2630
06-29 09:43:09.211 10621 10636 I PhoneLab-LoggerService: Checking Threshold
06-29 09:43:09.215 10621 10636 I PhoneLab-LoggerService: Starting to rename files
06-29 09:43:09.215 10621 10636 I PhoneLab-LoggerService: Files found .. 9
06-29 09:43:09.215 10621 10636 I PhoneLab-: Service Running
06-29 09:43:09.242 10621 10636 I PhoneLab-LoggerService: app_38    2630  1     924    484   c00f181c 400107b4 S logcat
06-29 09:43:09.246 10621 10636 I PhoneLab-LoggerService: app_38    30500 1     1064   664   c00f181c 400107b4 S logcat
06-29 09:43:09.246 10621 10636 I PhoneLab-LoggerService: Logcat pid from database 2630
06-29 09:43:09.246 10621 10636 I PhoneLab-LoggerService: Logcat process found 2630
06-29 09:43:09.246 10621 10636 I PhoneLab-LoggerService: Checking Threshold
06-29 09:43:09.246 10621 10636 I PhoneLab-LoggerService: Starting to rename files
06-29 09:43:09.246 10621 10636 I PhoneLab-LoggerService: Files found .. 9
06-29 09:43:10.093 32520 32520 D wpa_supplicant: wpa_driver_wext_driver_cmd RSSI len = 248
06-29 09:43:10.101 32520 32520 D wpa_supplicant: wpa_driver_wext_driver_cmd Nanachi Taang rssi -87  len = 23, 23
06-29 09:43:10.105 32520 32520 D wpa_supplicant: wpa_driver_wext_driver_cmd LINKSPEED len = 248
06-29 09:43:10.109 32520 32520 D wpa_supplicant: wpa_driver_wext_driver_cmd LinkSpeed 39 len = 12, 12
06-29 09:43:13.156 32520 32520 D wpa_supplicant: wpa_driver_wext_driver_cmd RSSI len = 248
06-29 09:43:13.164 32520 32520 D wpa_supplicant: wpa_driver_wext_driver_cmd Nanachi Taang rssi -79  len = 23, 23
06-29 09:43:13.168 32520 32520 D wpa_supplicant: wpa_driver_wext_driver_cmd LINKSPEED len = 248
06-29 09:43:13.168 32520 32520 D wpa_supplicant: wpa_driver_wext_driver_cmd LinkSpeed 39 len = 12, 12
06-29 09:43:16.199 32520 32520 D wpa_supplicant: wpa_driver_wext_driver_cmd RSSI len = 248
06-29 09:43:16.211 32520 32520 D wpa_supplicant: wpa_driver_wext_driver_cmd Nanachi Taang rssi -81  len = 23, 23
06-29 09:43:16.211 32520 32520 D wpa_supplicant: wpa_driver_wext_driver_cmd LINKSPEED len = 248
06-29 09:43:16.215 32520 32520 D wpa_supplicant: wpa_driver_wext_driver_cmd LinkSpeed 39 len = 12, 12
06-29 09:43:17.570   142   170 I power   : *** set_screen_state 0
06-29 09:43:17.625    78   118 D SurfaceFlinger: About to give-up screen, flinger = 0x153918
06-29 09:43:17.777   142   174 D dalvikvm: GC_FOR_ALLOC freed 1296K, 26% free 16121K/21639K, paused 59ms
06-29 09:43:17.789   142   174 V TransportControlView: Create TCV com.android.internal.widget.TransportControlView@41c142e0
06-29 09:43:25.004   142   174 I power   : *** set_screen_state 1
06-29 09:43:25.039 32520 32520 D wpa_supplicant: wpa_driver_wext_driver_cmd RSSI len = 248
06-29 09:43:25.050 32520 32520 D wpa_supplicant: wpa_driver_wext_driver_cmd Nanachi Taang rssi -80  len = 23, 23
06-29 09:43:25.050 32520 32520 D wpa_supplicant: wpa_driver_wext_driver_cmd LINKSPEED len = 248
06-29 09:43:25.050 32520 32520 D wpa_supplicant: wpa_driver_wext_driver_cmd LinkSpeed 39 len = 12, 12
06-29 09:43:25.050 32520 32520 D wpa_supplicant: wpa_driver_wext_driver_cmd SETSUSPENDOPT 0 len = 4096
06-29 09:43:25.050 32520 32520 D wpa_supplicant: wpa_driver_wext_driver_cmd SETSUSPENDOPT 0 len = 0, 15
06-29 09:43:25.050 32520 32520 D wpa_supplicant: wpa_driver_wext_driver_cmd POWERMODE 0 len = 4096
06-29 09:43:25.066 32520 32520 D wpa_supplicant: wpa_driver_wext_driver_cmd OK len = 0, 2
06-29 09:43:25.070   142   174 I WindowManager: Lock screen displayed!
06-29 09:43:25.246    78   118 D SurfaceFlinger: Screen about to return, flinger = 0x153918
06-29 09:43:26.476   213   213 D PhoneStatusBar: disable: < expand icons alerts ticker system_info BACK HOME recent* CLOCK >
06-29 09:43:26.496    81   121 D AudioHardware: AudioHardware pcm playback is exiting standby.
06-29 09:43:26.496    81   121 D AudioHardware: openPcmOut_l() mPcmOpenCnt: 0
06-29 09:43:26.496   142  5110 W InputManagerService: Window already focused, ignoring focus gain of: com.android.internal.view.IInputMethodClient$Stub$Proxy@416501c8
06-29 09:43:26.507   213   213 D PhoneStatusBar: disable: < expand icons alerts ticker system_info back* home* recent clock* >
06-29 09:43:26.519   360  1285 D NfcService: NFC-C ON
06-29 09:43:26.984 26576 26578 D dalvikvm: GC_CONCURRENT freed 731K, 11% free 11238K/12615K, paused 3ms+5ms
06-29 09:43:27.867   142   142 I ActivityManager: START {act=android.intent.action.MAIN cat=[android.intent.category.LAUNCHER] flg=0x10200000 cmp=com.android.deskclock/.DeskClock bnds=[240,405][360,555]} from pid 372
06-29 09:43:27.914   142   153 I ActivityManager: Start proc com.android.deskclock for activity com.android.deskclock/.DeskClock: pid=10694 uid=10011 gids={}
06-29 09:43:27.988 10694 10694 I ActivityThread: Pub com.android.deskclock: com.android.deskclock.AlarmProvider
06-29 09:43:28.004   372   372 D OpenGLRenderer: Flushing caches (mode 1)
06-29 09:43:28.054 32520 32520 D wpa_supplicant: wpa_driver_wext_driver_cmd RSSI len = 248
06-29 09:43:28.054 32520 32520 D wpa_supplicant: wpa_driver_wext_driver_cmd Nanachi Taang rssi -86  len = 23, 23
06-29 09:43:28.054 32520 32520 D wpa_supplicant: wpa_driver_wext_driver_cmd LINKSPEED len = 248
06-29 09:43:28.054 32520 32520 D wpa_supplicant: wpa_driver_wext_driver_cmd LinkSpeed 39 len = 12, 12
06-29 09:43:28.234 10694 10694 D libEGL  : loaded /system/lib/egl/libGLES_android.so
06-29 09:43:28.246 10694 10694 D libEGL  : loaded /vendor/lib/egl/libEGL_POWERVR_SGX540_120.so
06-29 09:43:28.281 10694 10694 D libEGL  : loaded /vendor/lib/egl/libGLESv1_CM_POWERVR_SGX540_120.so
06-29 09:43:28.289 10694 10694 D libEGL  : loaded /vendor/lib/egl/libGLESv2_POWERVR_SGX540_120.so
06-29 09:43:28.359 10694 10694 D OpenGLRenderer: Enabling debug mode 0
06-29 09:43:28.425   142   173 I ActivityManager: Displayed com.android.deskclock/.DeskClock: +523ms
06-29 09:43:28.441   372   372 D OpenGLRenderer: Flushing caches (mode 0)
06-29 09:43:29.461   142  5110 I ActivityManager: START {cmp=com.android.deskclock/.AlarmClock} from pid 10694
06-29 09:43:29.781 10694 10696 D dalvikvm: GC_CONCURRENT freed 287K, 4% free 9229K/9607K, paused 7ms+16ms
06-29 09:43:29.996   142   158 I Process : Sending signal. PID: 10694 SIG: 3
06-29 09:43:29.996 10694 10698 I dalvikvm: threadid=3: reacting to signal 3
06-29 09:43:30.015 10694 10698 I dalvikvm: Wrote stack traces to '/data/anr/traces.txt'
06-29 09:43:30.109 10694 10694 D OpenGLRenderer: Flushing caches (mode 0)
06-29 09:43:30.285   142   173 I ActivityManager: Displayed com.android.deskclock/.AlarmClock: +795ms
06-29 09:43:31.058 32520 32520 D wpa_supplicant: wpa_driver_wext_driver_cmd RSSI len = 248
06-29 09:43:31.070 32520 32520 D wpa_supplicant: wpa_driver_wext_driver_cmd Nanachi Taang rssi -81  len = 23, 23
06-29 09:43:31.070 32520 32520 D wpa_supplicant: wpa_driver_wext_driver_cmd LINKSPEED len = 248
06-29 09:43:31.070 32520 32520 D wpa_supplicant: wpa_driver_wext_driver_cmd LinkSpeed 39 len = 12, 12
06-29 09:43:31.590   142   142 W BackupManagerService: dataChanged but no participant pkg='com.android.providers.settings' uid=10011
06-29 09:43:31.730 10694 10696 D dalvikvm: GC_CONCURRENT freed 351K, 5% free 9423K/9863K, paused 10ms+5ms
06-29 09:43:32.488   142   178 I ActivityManager: START {act=android.intent.action.MAIN cat=[android.intent.category.HOME] flg=0x10200000 cmp=com.android.launcher/com.android.launcher2.Launcher} from pid 142
06-29 09:43:32.609   142   178 D dalvikvm: GC_FOR_ALLOC freed 1726K, 27% free 15863K/21639K, paused 64ms
06-29 09:43:32.695 10694 10694 D OpenGLRenderer: Flushing caches (mode 0)
06-29 09:43:32.718   142   423 W InputManagerService: Starting input on non-focused client com.android.internal.view.IInputMethodClient$Stub$Proxy@4170a608 (uid=10011 pid=10694)
06-29 09:43:32.722 10694 10694 D OpenGLRenderer: Flushing caches (mode 1)
06-29 09:43:33.195   342   342 D SAN_SERVICE: *******************************************
06-29 09:43:33.199   342   342 D SAN_SERVICE: DM App Phone Service State - 0
06-29 09:43:33.199   342   342 D SAN_SERVICE: *******************************************
06-29 09:43:33.445   342   342 D SAN_SERVICE: *******************************************
06-29 09:43:33.445   342   342 D SAN_SERVICE: DM App Phone Service State - 0
06-29 09:43:33.449   342   342 D SAN_SERVICE: *******************************************
06-29 09:43:33.695   342   342 D SAN_SERVICE: *******************************************
06-29 09:43:33.695   342   342 D SAN_SERVICE: DM App Phone Service State - 0
06-29 09:43:33.695   342   342 D SAN_SERVICE: *******************************************
06-29 09:43:34.109 32520 32520 D wpa_supplicant: wpa_driver_wext_driver_cmd RSSI len = 248
06-29 09:43:34.117 32520 32520 D wpa_supplicant: wpa_driver_wext_driver_cmd Nanachi Taang rssi -84  len = 23, 23
06-29 09:43:34.117 32520 32520 D wpa_supplicant: wpa_driver_wext_driver_cmd LINKSPEED len = 248
06-29 09:43:34.117 32520 32520 D wpa_supplicant: wpa_driver_wext_driver_cmd LinkSpeed 5 len = 11, 11
06-29 09:43:34.449   142   170 I power   : *** set_screen_state 0
06-29 09:43:34.488    81   121 D AudioHardware: AudioHardware pcm playback is going to standby.
06-29 09:43:34.488    81   121 D AudioHardware: closePcmOut_l() mPcmOpenCnt: 1
06-29 09:43:34.504    78   118 D SurfaceFlinger: About to give-up screen, flinger = 0x153918
06-29 09:43:34.590   360   882 D NfcService: NFC-C OFF, disconnect
06-29 09:43:34.597   142   174 V TransportControlView: Create TCV com.android.internal.widget.TransportControlView@415994b0
06-29 09:43:34.644   213   213 D PhoneStatusBar: disable: < expand icons alerts ticker system_info back home RECENT* clock >
06-29 09:43:34.660    81   121 D AudioHardware: AudioHardware pcm playback is exiting standby.
06-29 09:43:34.660    81   121 D AudioHardware: openPcmOut_l() mPcmOpenCnt: 0
06-29 09:43:34.664   213   213 D PhoneStatusBar: disable: < expand icons alerts ticker system_info BACK* HOME* RECENT CLOCK* >
06-29 09:43:36.703   142   343 D dalvikvm: GC_EXPLICIT freed 1050K, 27% free 15961K/21639K, paused 26ms+6ms
06-29 09:43:37.820    81   121 D AudioHardware: AudioHardware pcm playback is going to standby.
06-29 09:43:37.820    81   121 D AudioHardware: closePcmOut_l() mPcmOpenCnt: 1
06-29 09:44:47.004 10621 10621 I PhoneLab-Locks: wake lock acquired
06-29 09:44:47.050 10621 10715 I PhoneLab-PeriodicCheckService: User info is synched
06-29 09:44:47.054 10621 10715 I PhoneLab-PeriodicCheckService: Logger Service is running
06-29 09:44:47.054 10621 10715 I PhoneLab-PeriodicCheckService: Rescheduling periodic checking...
06-29 09:44:47.054 10621 10715 I PhoneLab-Locks: wake lock released
06-29 09:45:30.339 10621 10621 I PhoneLab-Locks: wake lock acquired
06-29 09:45:30.386 10621 10621 I PhoneLab-StatusMonitor: Status Monitoring is started
06-29 09:45:30.425 10621 10624 D dalvikvm: GC_CONCURRENT freed 458K, 6% free 9206K/9735K, paused 2ms+2ms
06-29 09:45:30.453 10621 10621 I PhoneLab-StatusMonitor: Value: 10 - unit: min
06-29 09:45:30.453 10621 10621 I PhoneLab-StatusMonitor: Running interval: 600000
06-29 09:45:30.461 10621 10621 I PhoneLab-StatusMonitor: Rescheduling status monitoring...
06-29 09:45:30.461 10621 10621 I PhoneLab-Locks: wake lock released
06-29 09:45:30.468 10621 10621 I PhoneLab-StatusMonitorLocation: Learning Location
06-29 09:45:30.468 10621 10621 I PhoneLab-Locks: wake lock acquired
06-29 09:45:30.468 10621 10621 I PhoneLab-Locks: wake lock acquired
06-29 09:45:30.472 26576 26651 D androidNetworkLocationListeners: Still have listener com.google.android.location.internal.client.NetworkLocationClient$1@41318678
06-29 09:45:30.472 10621 10621 I PhoneLab-StatusMonitorLocation: Learning Signal Strgth
06-29 09:45:30.472 10621 10621 I PhoneLab-Locks: wake lock acquired
06-29 09:45:30.480 32520 32520 D wpa_supplicant: wpa_driver_wext_driver_cmd SETSUSPENDOPT 0 len = 4096
06-29 09:45:30.480 32520 32520 D wpa_supplicant: wpa_driver_wext_driver_cmd SETSUSPENDOPT 0 len = 0, 15
06-29 09:45:30.480 32520 32520 D wpa_supplicant: wpa_driver_wext_driver_cmd POWERMODE 0 len = 4096
06-29 09:45:30.484 10621 10621 I PhoneLab-StatusMonitorBattery: Battery_level: 70
06-29 09:45:30.484 26576 26651 D androidNetworkLocationListeners: Still have listener com.google.android.location.internal.client.NetworkLocationClient$1@41318678
06-29 09:45:30.484 10621 10621 I PhoneLab-Locks: wake lock released
06-29 09:45:30.492 10621 10621 I PhoneLab-StatusMonitorSignal: Signal_Strength: -96 asu: 9
06-29 09:45:30.492 10621 10621 I PhoneLab-Locks: wake lock released
06-29 09:45:30.492 32520 32520 D wpa_supplicant: wpa_driver_wext_driver_cmd OK len = 0, 2
06-29 09:45:30.492 32520 32520 D wpa_supplicant: WPS: Building WPS IE for Probe Request
06-29 09:45:30.492 32520 32520 D wpa_supplicant: WPS:  * Version (hardcoded 0x10)
06-29 09:45:30.492 32520 32520 D wpa_supplicant: WPS:  * Request Type
06-29 09:45:30.492 32520 32520 D wpa_supplicant: WPS:  * Config Methods (2388)
06-29 09:45:30.492 32520 32520 D wpa_supplicant: WPS:  * UUID-E
06-29 09:45:30.492 32520 32520 D wpa_supplicant: WPS:  * Primary Device Type
06-29 09:45:30.492 32520 32520 D wpa_supplicant: WPS:  * RF Bands (3)
06-29 09:45:30.492 32520 32520 D wpa_supplicant: WPS:  * Association State
06-29 09:45:30.492 32520 32520 D wpa_supplicant: WPS:  * Configuration Error (0)
06-29 09:45:30.492 32520 32520 D wpa_supplicant: WPS:  * Device Password ID (0)
06-29 09:45:30.492 32520 32520 D wpa_supplicant: WPS:  * Manufacturer
06-29 09:45:30.492 32520 32520 D wpa_supplicant: WPS:  * Model Name
06-29 09:45:30.492 32520 32520 D wpa_supplicant: WPS:  * Model Number
06-29 09:45:30.492 32520 32520 D wpa_supplicant: WPS:  * Device Name
06-29 09:45:30.492 32520 32520 D wpa_supplicant: WPS:  * Version2 (0x20)
06-29 09:45:30.492 32520 32520 D wpa_supplicant: wpa_driver_wext_combo_scan: Start
06-29 09:45:30.492 32520 32520 D wpa_supplicant: For Scan: (null)
06-29 09:45:30.496 32520 32520 D wpa_supplicant: Scan requested (ret=0) - scan timeout 30 seconds
06-29 09:45:30.496 32520 32520 D wpa_supplicant: Ongoing scan action - reject new request
06-29 09:45:31.664 32520 32520 D wpa_supplicant: RTM_NEWLINK: operstate=1 ifi_flags=0x11043 ([UP][RUNNING][LOWER_UP])
06-29 09:45:31.664 32520 32520 D wpa_supplicant: RTM_NEWLINK, IFLA_IFNAME: Interface 'wlan0' added
06-29 09:45:31.664 32520 32520 D wpa_supplicant: Wireless event: cmd=0x8b19 len=8
06-29 09:45:31.664 32520 32520 D wpa_supplicant: Received 1643 bytes of scan results (5 BSSes)
06-29 09:45:31.765 32520 32520 D wpa_supplicant: wpa_driver_wext_driver_cmd SETSUSPENDOPT 0 len = 4096
06-29 09:45:31.765 32520 32520 D wpa_supplicant: wpa_driver_wext_driver_cmd SETSUSPENDOPT 0 len = 0, 15
06-29 09:45:31.765 32520 32520 D wpa_supplicant: wpa_driver_wext_driver_cmd POWERMODE 0 len = 4096
06-29 09:45:31.769 32520 32520 D wpa_supplicant: wpa_driver_wext_driver_cmd OK len = 0, 2
06-29 09:45:31.769 10621 10621 I PhoneLab-StatusMonitorLocation: Location_Latitude: 42.9543636 Longitude: -78.8268084 Accuracy: 34.0
06-29 09:45:31.769 26576 26651 D androidNetworkLocationListeners: Still have listener com.google.android.location.internal.client.NetworkLocationClient$1@41318678
06-29 09:45:31.773 10621 10621 I PhoneLab-Locks: wake lock released
06-29 09:45:31.773 32520 32520 D wpa_supplicant: wpa_driver_wext_driver_cmd SETSUSPENDOPT 0 len = 4096
06-29 09:45:31.773 32520 32520 D wpa_supplicant: wpa_driver_wext_driver_cmd SETSUSPENDOPT 0 len = 0, 15
06-29 09:45:31.773 32520 32520 D wpa_supplicant: wpa_driver_wext_driver_cmd POWERMODE 0 len = 4096
06-29 09:45:31.781 32520 32520 D wpa_supplicant: wpa_driver_wext_driver_cmd OK len = 0, 2
06-29 09:45:31.781 32520 32520 D wpa_supplicant: WPS: Building WPS IE for Probe Request
06-29 09:45:31.781 32520 32520 D wpa_supplicant: WPS:  * Version (hardcoded 0x10)
06-29 09:45:31.781 32520 32520 D wpa_supplicant: WPS:  * Request Type
06-29 09:45:31.781 32520 32520 D wpa_supplicant: WPS:  * Config Methods (2388)
06-29 09:45:31.781 32520 32520 D wpa_supplicant: WPS:  * UUID-E
06-29 09:45:31.781 32520 32520 D wpa_supplicant: WPS:  * Primary Device Type
06-29 09:45:31.781 32520 32520 D wpa_supplicant: WPS:  * RF Bands (3)
06-29 09:45:31.781 32520 32520 D wpa_supplicant: WPS:  * Association State
06-29 09:45:31.781 32520 32520 D wpa_supplicant: WPS:  * Configuration Error (0)
06-29 09:45:31.781 32520 32520 D wpa_supplicant: WPS:  * Device Password ID (0)
06-29 09:45:31.781 32520 32520 D wpa_supplicant: WPS:  * Manufacturer
06-29 09:45:31.781 32520 32520 D wpa_supplicant: WPS:  * Model Name
06-29 09:45:31.781 32520 32520 D wpa_supplicant: WPS:  * Model Number
06-29 09:45:31.781 32520 32520 D wpa_supplicant: WPS:  * Device Name
06-29 09:45:31.781 32520 32520 D wpa_supplicant: WPS:  * Version2 (0x20)
06-29 09:45:31.781 32520 32520 D wpa_supplicant: wpa_driver_wext_combo_scan: Start
06-29 09:45:31.781 32520 32520 D wpa_supplicant: For Scan: (null)
06-29 09:45:31.785 32520 32520 D wpa_supplicant: Scan requested (ret=0) - scan timeout 30 seconds
06-29 09:45:32.953 32520 32520 D wpa_supplicant: RTM_NEWLINK: operstate=1 ifi_flags=0x11043 ([UP][RUNNING][LOWER_UP])
06-29 09:45:32.953 32520 32520 D wpa_supplicant: RTM_NEWLINK, IFLA_IFNAME: Interface 'wlan0' added
06-29 09:45:32.953 32520 32520 D wpa_supplicant: Wireless event: cmd=0x8b19 len=8
06-29 09:45:32.953 32520 32520 D wpa_supplicant: Received 1643 bytes of scan results (5 BSSes)
06-29 09:45:33.054 32520 32520 D wpa_supplicant: wpa_driver_wext_driver_cmd SETSUSPENDOPT 0 len = 4096
06-29 09:45:33.054 32520 32520 D wpa_supplicant: wpa_driver_wext_driver_cmd SETSUSPENDOPT 0 len = 0, 15
06-29 09:45:33.054 32520 32520 D wpa_supplicant: wpa_driver_wext_driver_cmd POWERMODE 0 len = 4096
06-29 09:45:33.058 32520 32520 D wpa_supplicant: wpa_driver_wext_driver_cmd OK len = 0, 2
06-29 09:49:33.390   213   213 D dalvikvm: GC_FOR_ALLOC freed 315K, 62% free 10091K/25991K, paused 27ms
06-29 09:49:33.457   213   216 D dalvikvm: GC_CONCURRENT freed 412K, 61% free 10187K/25991K, paused 3ms+3ms
06-29 09:49:33.547   213   216 D dalvikvm: GC_CONCURRENT freed 476K, 61% free 10168K/25991K, paused 2ms+4ms
06-29 09:49:35.136 10563 10565 D dalvikvm: GC_CONCURRENT freed 347K, 5% free 10182K/10631K, paused 27ms+3ms
06-29 09:49:43.332   142   971 W ActivityManager: finishReceiver called but no pending broadcasts
06-29 09:49:43.472 10563 10565 D dalvikvm: GC_CONCURRENT freed 275K, 4% free 10432K/10823K, paused 2ms+2ms
06-29 09:49:43.531   213   216 D dalvikvm: GC_CONCURRENT freed 542K, 62% free 10026K/25991K, paused 2ms+3ms
06-29 09:49:43.593   213   216 D dalvikvm: GC_CONCURRENT freed 423K, 62% free 10025K/25991K, paused 2ms+3ms
06-29 09:49:43.621 32520 32520 D wpa_supplicant: wpa_driver_wext_driver_cmd SETSUSPENDOPT 0 len = 4096
06-29 09:49:43.621 32520 32520 D wpa_supplicant: wpa_driver_wext_driver_cmd SETSUSPENDOPT 0 len = 0, 15
06-29 09:49:43.621 32520 32520 D wpa_supplicant: wpa_driver_wext_driver_cmd POWERMODE 0 len = 4096
06-29 09:49:43.640 32520 32520 D wpa_supplicant: wpa_driver_wext_driver_cmd OK len = 0, 2
06-29 09:49:43.816 10563 10565 D dalvikvm: GC_CONCURRENT freed 591K, 7% free 10352K/11015K, paused 9ms+6ms
06-29 09:49:44.000 10563 10565 D dalvikvm: GC_CONCURRENT freed 183K, 4% free 10607K/11015K, paused 5ms+3ms
06-29 09:49:44.050 10563 10570 I dalvikvm: Total arena pages for JIT: 11
06-29 09:49:44.050 10563 10570 I dalvikvm: Total arena pages for JIT: 12
06-29 09:49:44.050 10563 10570 I dalvikvm: Total arena pages for JIT: 13
06-29 09:49:44.050 10563 10570 I dalvikvm: Total arena pages for JIT: 14
06-29 09:49:44.054 10563 10570 I dalvikvm: Total arena pages for JIT: 15
06-29 09:49:44.054 10563 10570 I dalvikvm: Total arena pages for JIT: 16
06-29 09:49:44.054 10563 10570 I dalvikvm: Total arena pages for JIT: 17
06-29 09:49:44.445 32520 32520 D wpa_supplicant: wpa_driver_wext_driver_cmd SETSUSPENDOPT 0 len = 4096
06-29 09:49:44.445 32520 32520 D wpa_supplicant: wpa_driver_wext_driver_cmd SETSUSPENDOPT 0 len = 0, 15
06-29 09:49:44.445 32520 32520 D wpa_supplicant: wpa_driver_wext_driver_cmd POWERMODE 0 len = 4096
06-29 09:49:44.453 32520 32520 D wpa_supplicant: wpa_driver_wext_driver_cmd OK len = 0, 2
06-29 09:49:44.519 10563 10565 D dalvikvm: GC_CONCURRENT freed 353K, 5% free 10664K/11143K, paused 7ms+2ms
06-29 09:52:57.683  9308  9311 D dalvikvm: GC_CONCURRENT freed 1675K, 29% free 13621K/19079K, paused 20ms+6ms
06-29 09:52:57.875   213   216 D dalvikvm: GC_CONCURRENT freed 391K, 62% free 10038K/25991K, paused 1ms+3ms
06-29 09:52:57.972   213   213 D dalvikvm: GC_FOR_ALLOC freed 375K, 62% free 10030K/25991K, paused 21ms
06-29 09:52:58.027   213   216 D dalvikvm: GC_CONCURRENT freed 435K, 62% free 10028K/25991K, paused 3ms+4ms
06-29 09:52:58.203   213   213 D dalvikvm: GC_FOR_ALLOC freed 368K, 62% free 10027K/25991K, paused 35ms
06-29 09:53:07.734 10563 10565 D dalvikvm: GC_CONCURRENT freed 197K, 3% free 10948K/11271K, paused 43ms+2ms
06-29 09:53:07.906   142   971 W ActivityManager: finishReceiver called but no pending broadcasts
06-29 09:53:08.086   213   216 D dalvikvm: GC_CONCURRENT freed 395K, 62% free 10028K/25991K, paused 1ms+3ms
06-29 09:53:08.136   213   216 D dalvikvm: GC_CONCURRENT freed 452K, 62% free 10020K/25991K, paused 2ms+3ms
06-29 09:53:29.273 10563 10565 D dalvikvm: GC_CONCURRENT freed 679K, 7% free 10966K/11719K, paused 2ms+3ms
06-29 09:53:29.320 10563 10570 I dalvikvm: Total arena pages for JIT: 18
06-29 09:55:30.472 10621 10621 I PhoneLab-Locks: wake lock acquired
06-29 09:55:30.511 10621 10621 I PhoneLab-StatusMonitor: Status Monitoring is started
06-29 09:55:30.550 10621 10624 D dalvikvm: GC_CONCURRENT freed 520K, 7% free 9208K/9799K, paused 2ms+2ms
06-29 09:55:30.574 10621 10621 I PhoneLab-StatusMonitor: Value: 10 - unit: min
06-29 09:55:30.574 10621 10621 I PhoneLab-StatusMonitor: Running interval: 600000
06-29 09:55:30.582 10621 10621 I PhoneLab-StatusMonitor: Rescheduling status monitoring...
06-29 09:55:30.582 10621 10621 I PhoneLab-Locks: wake lock released
06-29 09:55:30.590 10621 10621 I PhoneLab-StatusMonitorLocation: Learning Location
06-29 09:55:30.590 10621 10621 I PhoneLab-Locks: wake lock acquired
06-29 09:55:30.593 10621 10621 I PhoneLab-Locks: wake lock acquired
06-29 09:55:30.593 26576 26651 D androidNetworkLocationListeners: Still have listener com.google.android.location.internal.client.NetworkLocationClient$1@41318678
06-29 09:55:30.597 10621 10621 I PhoneLab-StatusMonitorLocation: Learning Signal Strgth
06-29 09:55:30.597 10621 10621 I PhoneLab-Locks: wake lock acquired
06-29 09:55:30.601 32520 32520 D wpa_supplicant: wpa_driver_wext_driver_cmd SETSUSPENDOPT 0 len = 4096
06-29 09:55:30.601 32520 32520 D wpa_supplicant: wpa_driver_wext_driver_cmd SETSUSPENDOPT 0 len = 0, 15
06-29 09:55:30.601 32520 32520 D wpa_supplicant: wpa_driver_wext_driver_cmd POWERMODE 0 len = 4096
06-29 09:55:30.605 26576 26651 D androidNetworkLocationListeners: Still have listener com.google.android.location.internal.client.NetworkLocationClient$1@41318678
06-29 09:55:30.605 10621 10621 I PhoneLab-StatusMonitorBattery: Battery_level: 70
06-29 09:55:30.605 10621 10621 I PhoneLab-Locks: wake lock released
06-29 09:55:30.609 10621 10621 I PhoneLab-StatusMonitorSignal: Signal_Strength: -76 asu: 19
06-29 09:55:30.609 10621 10621 I PhoneLab-Locks: wake lock released
06-29 09:55:30.613 32520 32520 D wpa_supplicant: wpa_driver_wext_driver_cmd OK len = 0, 2
06-29 09:55:30.613 32520 32520 D wpa_supplicant: WPS: Building WPS IE for Probe Request
06-29 09:55:30.613 32520 32520 D wpa_supplicant: WPS:  * Version (hardcoded 0x10)
06-29 09:55:30.613 32520 32520 D wpa_supplicant: WPS:  * Request Type
06-29 09:55:30.613 32520 32520 D wpa_supplicant: WPS:  * Config Methods (2388)
06-29 09:55:30.613 32520 32520 D wpa_supplicant: WPS:  * UUID-E
06-29 09:55:30.613 32520 32520 D wpa_supplicant: WPS:  * Primary Device Type
06-29 09:55:30.613 32520 32520 D wpa_supplicant: WPS:  * RF Bands (3)
06-29 09:55:30.613 32520 32520 D wpa_supplicant: WPS:  * Association State
06-29 09:55:30.613 32520 32520 D wpa_supplicant: WPS:  * Configuration Error (0)
06-29 09:55:30.613 32520 32520 D wpa_supplicant: WPS:  * Device Password ID (0)
06-29 09:55:30.613 32520 32520 D wpa_supplicant: WPS:  * Manufacturer
06-29 09:55:30.613 32520 32520 D wpa_supplicant: WPS:  * Model Name
06-29 09:55:30.613 32520 32520 D wpa_supplicant: WPS:  * Model Number
06-29 09:55:30.613 32520 32520 D wpa_supplicant: WPS:  * Device Name
06-29 09:55:30.613 32520 32520 D wpa_supplicant: WPS:  * Version2 (0x20)
06-29 09:55:30.613 32520 32520 D wpa_supplicant: wpa_driver_wext_combo_scan: Start
06-29 09:55:30.613 32520 32520 D wpa_supplicant: For Scan: (null)
06-29 09:55:30.617 32520 32520 D wpa_supplicant: Scan requested (ret=0) - scan timeout 30 seconds
06-29 09:55:30.621 32520 32520 D wpa_supplicant: Ongoing scan action - reject new request
06-29 09:55:31.785 32520 32520 D wpa_supplicant: RTM_NEWLINK: operstate=1 ifi_flags=0x11043 ([UP][RUNNING][LOWER_UP])
06-29 09:55:31.785 32520 32520 D wpa_supplicant: RTM_NEWLINK, IFLA_IFNAME: Interface 'wlan0' added
06-29 09:55:31.785 32520 32520 D wpa_supplicant: Wireless event: cmd=0x8b19 len=8
06-29 09:55:31.797 32520 32520 D wpa_supplicant: Received 1643 bytes of scan results (5 BSSes)
06-29 09:55:31.910 32520 32520 D wpa_supplicant: wpa_driver_wext_driver_cmd SETSUSPENDOPT 0 len = 4096
06-29 09:55:31.910 32520 32520 D wpa_supplicant: wpa_driver_wext_driver_cmd SETSUSPENDOPT 0 len = 0, 15
06-29 09:55:31.910 32520 32520 D wpa_supplicant: wpa_driver_wext_driver_cmd POWERMODE 0 len = 4096
06-29 09:55:31.914 32520 32520 D wpa_supplicant: wpa_driver_wext_driver_cmd OK len = 0, 2
06-29 09:55:31.922 10621 10621 I PhoneLab-StatusMonitorLocation: Location_Latitude: 42.9543631 Longitude: -78.8268045 Accuracy: 34.0
06-29 09:55:31.922 26576 26651 D androidNetworkLocationListeners: Still have listener com.google.android.location.internal.client.NetworkLocationClient$1@41318678
06-29 09:55:31.925 32520 32520 D wpa_supplicant: wpa_driver_wext_driver_cmd SETSUSPENDOPT 0 len = 4096
06-29 09:55:31.925 32520 32520 D wpa_supplicant: wpa_driver_wext_driver_cmd SETSUSPENDOPT 0 len = 0, 15
06-29 09:55:31.925 32520 32520 D wpa_supplicant: wpa_driver_wext_driver_cmd POWERMODE 0 len = 4096
06-29 09:55:31.925 10621 10621 I PhoneLab-Locks: wake lock released
06-29 09:55:31.933 32520 32520 D wpa_supplicant: wpa_driver_wext_driver_cmd OK len = 0, 2
06-29 09:55:31.933 32520 32520 D wpa_supplicant: WPS: Building WPS IE for Probe Request
06-29 09:55:31.933 32520 32520 D wpa_supplicant: WPS:  * Version (hardcoded 0x10)
06-29 09:55:31.933 32520 32520 D wpa_supplicant: WPS:  * Request Type
06-29 09:55:31.933 32520 32520 D wpa_supplicant: WPS:  * Config Methods (2388)
06-29 09:55:31.933 32520 32520 D wpa_supplicant: WPS:  * UUID-E
06-29 09:55:31.933 32520 32520 D wpa_supplicant: WPS:  * Primary Device Type
06-29 09:55:31.933 32520 32520 D wpa_supplicant: WPS:  * RF Bands (3)
06-29 09:55:31.933 32520 32520 D wpa_supplicant: WPS:  * Association State
06-29 09:55:31.933 32520 32520 D wpa_supplicant: WPS:  * Configuration Error (0)
06-29 09:55:31.933 32520 32520 D wpa_supplicant: WPS:  * Device Password ID (0)
06-29 09:55:31.933 32520 32520 D wpa_supplicant: WPS:  * Manufacturer
06-29 09:55:31.933 32520 32520 D wpa_supplicant: WPS:  * Model Name
06-29 09:55:31.933 32520 32520 D wpa_supplicant: WPS:  * Model Number
06-29 09:55:31.933 32520 32520 D wpa_supplicant: WPS:  * Device Name
06-29 09:55:31.933 32520 32520 D wpa_supplicant: WPS:  * Version2 (0x20)
06-29 09:55:31.933 32520 32520 D wpa_supplicant: wpa_driver_wext_combo_scan: Start
06-29 09:55:31.933 32520 32520 D wpa_supplicant: For Scan: (null)
06-29 09:55:31.937 32520 32520 D wpa_supplicant: Scan requested (ret=0) - scan timeout 30 seconds
06-29 09:55:31.961 26576 26578 D dalvikvm: GC_CONCURRENT freed 738K, 12% free 11228K/12615K, paused 2ms+3ms
06-29 09:55:33.109 32520 32520 D wpa_supplicant: RTM_NEWLINK: operstate=1 ifi_flags=0x11043 ([UP][RUNNING][LOWER_UP])
06-29 09:55:33.109 32520 32520 D wpa_supplicant: RTM_NEWLINK, IFLA_IFNAME: Interface 'wlan0' added
06-29 09:55:33.109 32520 32520 D wpa_supplicant: Wireless event: cmd=0x8b19 len=8
06-29 09:55:33.121 32520 32520 D wpa_supplicant: Received 1643 bytes of scan results (5 BSSes)
06-29 09:55:33.207 32520 32520 D wpa_supplicant: wpa_driver_wext_driver_cmd SETSUSPENDOPT 0 len = 4096
06-29 09:55:33.207 32520 32520 D wpa_supplicant: wpa_driver_wext_driver_cmd SETSUSPENDOPT 0 len = 0, 15
06-29 09:55:33.207 32520 32520 D wpa_supplicant: wpa_driver_wext_driver_cmd POWERMODE 0 len = 4096
06-29 09:55:33.211 32520 32520 D wpa_supplicant: wpa_driver_wext_driver_cmd OK len = 0, 2
06-29 09:55:43.953 10490 10493 D dalvikvm: GC_CONCURRENT freed 261K, 4% free 9977K/10311K, paused 2ms+2ms
06-29 09:55:43.992 10490 10733 D dalvikvm: GC_FOR_ALLOC freed 25K, 4% free 10174K/10567K, paused 30ms
06-29 09:55:43.992 10490 10733 I dalvikvm-heap: Grow heap (frag case) to 10.200MB for 204816-byte allocation
06-29 09:55:44.035 10490 10737 D dalvikvm: GC_FOR_ALLOC freed 8K, 5% free 10366K/10823K, paused 28ms
06-29 09:55:44.164 10490 10742 D dalvikvm: GC_FOR_ALLOC freed 285K, 4% free 10429K/10823K, paused 27ms
06-29 09:55:44.168 10490 10742 I dalvikvm-heap: Grow heap (frag case) to 10.449MB for 204816-byte allocation
06-29 09:55:44.195 10490 10744 D dalvikvm: GC_FOR_ALLOC freed 1K, 5% free 10628K/11079K, paused 17ms
06-29 09:55:44.390 10490 10743 D dalvikvm: GC_FOR_ALLOC freed 30K, 4% free 10649K/11079K, paused 66ms
06-29 09:55:44.390 10490 10743 I dalvikvm-heap: Grow heap (frag case) to 10.664MB for 204816-byte allocation
06-29 09:55:44.418 10490 10732 D dalvikvm: GC_FOR_ALLOC freed <1K, 5% free 10849K/11335K, paused 16ms
06-29 09:56:48.144 10490 10493 D dalvikvm: GC_CONCURRENT freed 614K, 6% free 10907K/11591K, paused 2ms+3ms
06-29 09:56:48.277 10490 10493 D dalvikvm: GC_CONCURRENT freed 637K, 7% free 10902K/11655K, paused 1ms+2ms
06-29 09:58:27.414 10621 10636 I PhoneLab-: Service Running
06-29 09:58:27.480 10621 10636 I PhoneLab-LoggerService: app_38    2630  1     924    484   c00f181c 400107b4 S logcat
06-29 09:58:27.480 10621 10636 I PhoneLab-LoggerService: app_38    30500 1     1064   664   c00f181c 400107b4 S logcat
06-29 09:58:27.480 10621 10636 I PhoneLab-LoggerService: Logcat pid from database 2630
06-29 09:58:27.480 10621 10636 I PhoneLab-LoggerService: Logcat process found 2630
06-29 09:58:27.480 10621 10636 I PhoneLab-LoggerService: Checking Threshold
06-29 09:58:27.484 10621 10636 I PhoneLab-LoggerService: Starting to rename files
06-29 09:58:27.484 10621 10636 I PhoneLab-LoggerService: Files found .. 9
06-29 09:58:27.484 10621 10636 I PhoneLab-: Service Running
06-29 09:58:27.527 10621 10624 D dalvikvm: GC_CONCURRENT freed 419K, 7% free 9190K/9799K, paused 2ms+6ms
06-29 09:58:27.531 10621 10636 I PhoneLab-LoggerService: app_38    2630  1     924    484   c00f181c 400107b4 S logcat
06-29 09:58:27.531 10621 10636 I PhoneLab-LoggerService: app_38    30500 1     1064   664   c00f181c 400107b4 S logcat
06-29 09:58:27.531 10621 10636 I PhoneLab-LoggerService: Logcat pid from database 2630
06-29 09:58:27.531 10621 10636 I PhoneLab-LoggerService: Logcat process found 2630
06-29 09:58:27.531 10621 10636 I PhoneLab-LoggerService: Checking Threshold
06-29 09:58:27.539 10621 10636 I PhoneLab-LoggerService: Starting to rename files
06-29 09:58:27.539 10621 10636 I PhoneLab-LoggerService: Files found .. 9
06-29 09:58:27.539 10621 10636 I PhoneLab-: Service Running
06-29 09:58:27.566 10621 10636 I PhoneLab-LoggerService: app_38    2630  1     924    484   c00f181c 400107b4 S logcat
06-29 09:58:27.566 10621 10636 I PhoneLab-LoggerService: app_38    30500 1     1064   664   c00f181c 400107b4 S logcat
06-29 09:58:27.566 10621 10636 I PhoneLab-LoggerService: Logcat pid from database 2630
06-29 09:58:27.566 10621 10636 I PhoneLab-LoggerService: Logcat process found 2630
06-29 09:58:27.566 10621 10636 I PhoneLab-LoggerService: Checking Threshold
06-29 09:58:27.566 10621 10636 I PhoneLab-LoggerService: Starting to rename files
06-29 09:58:27.570 10621 10636 I PhoneLab-LoggerService: Files found .. 9
06-29 09:58:27.570 10621 10636 I PhoneLab-: Service Running
06-29 09:58:27.597 10621 10636 I PhoneLab-LoggerService: app_38    2630  1     924    484   c00f181c 400107b4 S logcat
06-29 09:58:27.597 10621 10636 I PhoneLab-LoggerService: app_38    30500 1     1064   664   c00f181c 400107b4 S logcat
06-29 09:58:27.597 10621 10636 I PhoneLab-LoggerService: Logcat pid from database 2630
06-29 09:58:27.597 10621 10636 I PhoneLab-LoggerService: Logcat process found 2630
06-29 09:58:27.597 10621 10636 I PhoneLab-LoggerService: Checking Threshold
06-29 09:58:27.601 10621 10636 I PhoneLab-LoggerService: Starting to rename files
06-29 09:58:27.601 10621 10636 I PhoneLab-LoggerService: Files found .. 9
06-29 09:58:27.601 10621 10636 I PhoneLab-: Service Running
06-29 09:58:27.628 10621 10636 I PhoneLab-LoggerService: app_38    2630  1     924    484   c00f181c 400107b4 S logcat
06-29 09:58:27.628 10621 10636 I PhoneLab-LoggerService: app_38    30500 1     1064   664   c00f181c 400107b4 S logcat
06-29 09:58:27.628 10621 10636 I PhoneLab-LoggerService: Logcat pid from database 2630
06-29 09:58:27.628 10621 10636 I PhoneLab-LoggerService: Logcat process found 2630
06-29 09:58:27.628 10621 10636 I PhoneLab-LoggerService: Checking Threshold
06-29 09:58:27.632 10621 10636 I PhoneLab-LoggerService: Starting to rename files
06-29 09:58:27.632 10621 10636 I PhoneLab-LoggerService: Files found .. 9
06-29 09:58:27.632 10621 10636 I PhoneLab-: Service Running
06-29 09:58:27.660 10621 10636 I PhoneLab-LoggerService: app_38    2630  1     924    484   c00f181c 400107b4 S logcat
06-29 09:58:27.660 10621 10636 I PhoneLab-LoggerService: app_38    30500 1     1064   664   c00f181c 400107b4 S logcat
06-29 09:58:27.660 10621 10636 I PhoneLab-LoggerService: Logcat pid from database 2630
06-29 09:58:27.660 10621 10636 I PhoneLab-LoggerService: Logcat process found 2630
06-29 09:58:27.664 10621 10636 I PhoneLab-LoggerService: Checking Threshold
06-29 09:58:27.664 10621 10636 I PhoneLab-LoggerService: Starting to rename files
06-29 09:58:27.664 10621 10636 I PhoneLab-LoggerService: Files found .. 9
06-29 09:58:27.664 10621 10636 I PhoneLab-: Service Running
06-29 09:58:27.691 10621 10636 I PhoneLab-LoggerService: app_38    2630  1     924    484   c00f181c 400107b4 S logcat
06-29 09:58:27.691 10621 10636 I PhoneLab-LoggerService: app_38    30500 1     1064   664   c00f181c 400107b4 S logcat
06-29 09:58:27.691 10621 10636 I PhoneLab-LoggerService: Logcat pid from database 2630
06-29 09:58:27.695 10621 10636 I PhoneLab-LoggerService: Logcat process found 2630
06-29 09:58:27.695 10621 10636 I PhoneLab-LoggerService: Checking Threshold
06-29 09:58:27.695 10621 10636 I PhoneLab-LoggerService: Starting to rename files
06-29 09:58:27.695 10621 10636 I PhoneLab-LoggerService: Files found .. 9
06-29 09:58:27.695 10621 10636 I PhoneLab-: Service Running
06-29 09:58:27.730 10621 10636 I PhoneLab-LoggerService: app_38    2630  1     924    484   c00f181c 400107b4 S logcat
06-29 09:58:27.730 10621 10636 I PhoneLab-LoggerService: app_38    30500 1     1064   664   c00f181c 400107b4 S logcat
06-29 09:58:27.730 10621 10636 I PhoneLab-LoggerService: Logcat pid from database 2630
06-29 09:58:27.730 10621 10636 I PhoneLab-LoggerService: Logcat process found 2630
06-29 09:58:27.730 10621 10636 I PhoneLab-LoggerService: Checking Threshold
06-29 09:58:27.730 10621 10636 I PhoneLab-LoggerService: Starting to rename files
06-29 09:58:27.734 10621 10636 I PhoneLab-LoggerService: Files found .. 9
06-29 09:58:27.746 10621 10624 D dalvikvm: GC_CONCURRENT freed 405K, 7% free 9185K/9799K, paused 2ms+2ms
06-29 10:05:30.113   213   216 D dalvikvm: GC_CONCURRENT freed 392K, 62% free 10015K/25991K, paused 6ms+3ms
06-29 10:05:30.605 10621 10621 I PhoneLab-Locks: wake lock acquired
06-29 10:05:30.648 10621 10621 I PhoneLab-StatusMonitor: Status Monitoring is started
06-29 10:05:30.726 10621 10624 D dalvikvm: GC_CONCURRENT freed 367K, 5% free 9330K/9799K, paused 2ms+2ms
06-29 10:05:30.726 10621 10621 I PhoneLab-StatusMonitor: Value: 10 - unit: min
06-29 10:05:30.726 10621 10621 I PhoneLab-StatusMonitor: Running interval: 600000
06-29 10:05:30.738 10621 10621 I PhoneLab-StatusMonitor: Rescheduling status monitoring...
06-29 10:05:30.738 10621 10621 I PhoneLab-Locks: wake lock released
06-29 10:05:30.746 10621 10621 I PhoneLab-StatusMonitorLocation: Learning Location
06-29 10:05:30.746 10621 10621 I PhoneLab-Locks: wake lock acquired
06-29 10:05:30.777 10621 10621 I PhoneLab-Locks: wake lock acquired
06-29 10:05:30.781 10621 10621 I PhoneLab-StatusMonitorLocation: Learning Signal Strgth
06-29 10:05:30.781 10621 10621 I PhoneLab-Locks: wake lock acquired
06-29 10:05:30.789 26576 26651 D androidNetworkLocationListeners: Still have listener com.google.android.location.internal.client.NetworkLocationClient$1@41318678
06-29 10:05:30.789 32520 32520 D wpa_supplicant: wpa_driver_wext_driver_cmd SETSUSPENDOPT 0 len = 4096
06-29 10:05:30.789 32520 32520 D wpa_supplicant: wpa_driver_wext_driver_cmd SETSUSPENDOPT 0 len = 0, 15
06-29 10:05:30.793 32520 32520 D wpa_supplicant: wpa_driver_wext_driver_cmd POWERMODE 0 len = 4096
06-29 10:05:30.793 26576 26651 D androidNetworkLocationListeners: Still have listener com.google.android.location.internal.client.NetworkLocationClient$1@41318678
06-29 10:05:30.796 10621 10621 I PhoneLab-StatusMonitorBattery: Battery_level: 70
06-29 10:05:30.800 10621 10621 I PhoneLab-Locks: wake lock released
06-29 10:05:30.800 32520 32520 D wpa_supplicant: wpa_driver_wext_driver_cmd OK len = 0, 2
06-29 10:05:30.800 32520 32520 D wpa_supplicant: WPS: Building WPS IE for Probe Request
06-29 10:05:30.800 32520 32520 D wpa_supplicant: WPS:  * Version (hardcoded 0x10)
06-29 10:05:30.800 32520 32520 D wpa_supplicant: WPS:  * Request Type
06-29 10:05:30.800 32520 32520 D wpa_supplicant: WPS:  * Config Methods (2388)
06-29 10:05:30.800 32520 32520 D wpa_supplicant: WPS:  * UUID-E
06-29 10:05:30.800 32520 32520 D wpa_supplicant: WPS:  * Primary Device Type
06-29 10:05:30.800 32520 32520 D wpa_supplicant: WPS:  * RF Bands (3)
06-29 10:05:30.800 32520 32520 D wpa_supplicant: WPS:  * Association State
06-29 10:05:30.800 32520 32520 D wpa_supplicant: WPS:  * Configuration Error (0)
06-29 10:05:30.800 32520 32520 D wpa_supplicant: WPS:  * Device Password ID (0)
06-29 10:05:30.800 32520 32520 D wpa_supplicant: WPS:  * Manufacturer
06-29 10:05:30.800 32520 32520 D wpa_supplicant: WPS:  * Model Name
06-29 10:05:30.800 32520 32520 D wpa_supplicant: WPS:  * Model Number
06-29 10:05:30.800 32520 32520 D wpa_supplicant: WPS:  * Device Name
06-29 10:05:30.800 32520 32520 D wpa_supplicant: WPS:  * Version2 (0x20)
06-29 10:05:30.804 32520 32520 D wpa_supplicant: wpa_driver_wext_combo_scan: Start
06-29 10:05:30.804 32520 32520 D wpa_supplicant: For Scan: (null)
06-29 10:05:30.804 32520 32520 D wpa_supplicant: Scan requested (ret=0) - scan timeout 30 seconds
06-29 10:05:30.804 32520 32520 D wpa_supplicant: Ongoing scan action - reject new request
06-29 10:05:30.808 10621 10621 I PhoneLab-StatusMonitorSignal: Signal_Strength: -76 asu: 19
06-29 10:05:30.808 10621 10621 I PhoneLab-Locks: wake lock released
06-29 10:05:31.980 32520 32520 D wpa_supplicant: RTM_NEWLINK: operstate=1 ifi_flags=0x11043 ([UP][RUNNING][LOWER_UP])
06-29 10:05:31.980 32520 32520 D wpa_supplicant: RTM_NEWLINK, IFLA_IFNAME: Interface 'wlan0' added
06-29 10:05:31.980 32520 32520 D wpa_supplicant: Wireless event: cmd=0x8b19 len=8
06-29 10:05:31.992 32520 32520 D wpa_supplicant: Received 1643 bytes of scan results (5 BSSes)
06-29 10:05:32.082 32520 32520 D wpa_supplicant: wpa_driver_wext_driver_cmd SETSUSPENDOPT 0 len = 4096
06-29 10:05:32.082 32520 32520 D wpa_supplicant: wpa_driver_wext_driver_cmd SETSUSPENDOPT 0 len = 0, 15
06-29 10:05:32.082 32520 32520 D wpa_supplicant: wpa_driver_wext_driver_cmd POWERMODE 0 len = 4096
06-29 10:05:32.086 32520 32520 D wpa_supplicant: wpa_driver_wext_driver_cmd OK len = 0, 2
06-29 10:05:32.089 10621 10621 I PhoneLab-StatusMonitorLocation: Location_Latitude: 42.9543652 Longitude: -78.8268201 Accuracy: 37.0
06-29 10:05:32.089 26576 26651 D androidNetworkLocationListeners: Still have listener com.google.android.location.internal.client.NetworkLocationClient$1@41318678
06-29 10:05:32.093 32520 32520 D wpa_supplicant: wpa_driver_wext_driver_cmd SETSUSPENDOPT 0 len = 4096
06-29 10:05:32.093 32520 32520 D wpa_supplicant: wpa_driver_wext_driver_cmd SETSUSPENDOPT 0 len = 0, 15
06-29 10:05:32.093 32520 32520 D wpa_supplicant: wpa_driver_wext_driver_cmd POWERMODE 0 len = 4096
06-29 10:05:32.093 10621 10621 I PhoneLab-Locks: wake lock released
06-29 10:05:32.101 32520 32520 D wpa_supplicant: wpa_driver_wext_driver_cmd OK len = 0, 2
06-29 10:05:32.105 32520 32520 D wpa_supplicant: WPS: Building WPS IE for Probe Request
06-29 10:05:32.105 32520 32520 D wpa_supplicant: WPS:  * Version (hardcoded 0x10)
06-29 10:05:32.105 32520 32520 D wpa_supplicant: WPS:  * Request Type
06-29 10:05:32.105 32520 32520 D wpa_supplicant: WPS:  * Config Methods (2388)
06-29 10:05:32.105 32520 32520 D wpa_supplicant: WPS:  * UUID-E
06-29 10:05:32.105 32520 32520 D wpa_supplicant: WPS:  * Primary Device Type
06-29 10:05:32.105 32520 32520 D wpa_supplicant: WPS:  * RF Bands (3)
06-29 10:05:32.105 32520 32520 D wpa_supplicant: WPS:  * Association State
06-29 10:05:32.105 32520 32520 D wpa_supplicant: WPS:  * Configuration Error (0)
06-29 10:05:32.105 32520 32520 D wpa_supplicant: WPS:  * Device Password ID (0)
06-29 10:05:32.105 32520 32520 D wpa_supplicant: WPS:  * Manufacturer
06-29 10:05:32.105 32520 32520 D wpa_supplicant: WPS:  * Model Name
06-29 10:05:32.105 32520 32520 D wpa_supplicant: WPS:  * Model Number
06-29 10:05:32.105 32520 32520 D wpa_supplicant: WPS:  * Device Name
