06-25 14:05:12.027 26421 26434 I PhoneLab-LoggerService: Logcat pid from database 2630
06-25 14:05:12.027 26421 26434 I PhoneLab-LoggerService: Logcat process found 2630
06-25 14:05:12.027 26421 26434 I PhoneLab-LoggerService: Checking Threshold
06-25 14:05:12.027 26421 26434 I PhoneLab-LoggerService: Starting to rename files
06-25 14:05:12.027 26421 26434 I PhoneLab-LoggerService: Files found .. 4
06-25 14:05:12.031 26421 26434 I PhoneLab-: Service Running
06-25 14:05:12.058 26421 26434 I PhoneLab-LoggerService: app_38    2630  1     924    488   c00f181c 400107b4 S logcat
06-25 14:05:12.058 26421 26434 I PhoneLab-LoggerService: Logcat pid from database 2630
06-25 14:05:12.058 26421 26434 I PhoneLab-LoggerService: Logcat process found 2630
06-25 14:05:12.058 26421 26434 I PhoneLab-LoggerService: Checking Threshold
06-25 14:05:12.058 26421 26434 I PhoneLab-LoggerService: Starting to rename files
06-25 14:05:12.058 26421 26434 I PhoneLab-LoggerService: Files found .. 4
06-25 14:05:12.058 26421 26434 I PhoneLab-: Service Running
06-25 14:05:12.089 26421 26434 I PhoneLab-LoggerService: app_38    2630  1     924    488   c00f181c 400107b4 S logcat
06-25 14:05:12.089 26421 26434 I PhoneLab-LoggerService: Logcat pid from database 2630
06-25 14:05:12.089 26421 26434 I PhoneLab-LoggerService: Logcat process found 2630
06-25 14:05:12.089 26421 26434 I PhoneLab-LoggerService: Checking Threshold
06-25 14:05:12.089 26421 26434 I PhoneLab-LoggerService: Starting to rename files
06-25 14:05:12.089 26421 26434 I PhoneLab-LoggerService: Files found .. 4
06-25 14:05:12.093 26421 26434 I PhoneLab-: Service Running
06-25 14:05:12.121 26421 26434 I PhoneLab-LoggerService: app_38    2630  1     924    488   c00f181c 400107b4 S logcat
06-25 14:05:12.121 26421 26434 I PhoneLab-LoggerService: Logcat pid from database 2630
06-25 14:05:12.121 26421 26434 I PhoneLab-LoggerService: Logcat process found 2630
06-25 14:05:12.121 26421 26434 I PhoneLab-LoggerService: Checking Threshold
06-25 14:05:12.121 26421 26434 I PhoneLab-LoggerService: Starting to rename files
06-25 14:05:12.121 26421 26434 I PhoneLab-LoggerService: Files found .. 4
06-25 14:05:12.121 26421 26434 I PhoneLab-: Service Running
06-25 14:05:12.164 26421 26424 D dalvikvm: GC_CONCURRENT freed 399K, 8% free 9170K/9927K, paused 2ms+6ms
06-25 14:05:12.168 26421 26434 I PhoneLab-LoggerService: app_38    2630  1     924    488   c00f181c 400107b4 S logcat
06-25 14:05:12.168 26421 26434 I PhoneLab-LoggerService: Logcat pid from database 2630
06-25 14:05:12.168 26421 26434 I PhoneLab-LoggerService: Logcat process found 2630
06-25 14:05:12.168 26421 26434 I PhoneLab-LoggerService: Checking Threshold
06-25 14:05:12.168 26421 26434 I PhoneLab-LoggerService: Starting to rename files
06-25 14:05:12.168 26421 26434 I PhoneLab-LoggerService: Files found .. 4
06-25 14:05:12.171 26421 26434 I PhoneLab-: Service Running
06-25 14:05:12.203 26421 26434 I PhoneLab-LoggerService: app_38    2630  1     924    488   c00f181c 400107b4 S logcat
06-25 14:05:12.203 26421 26434 I PhoneLab-LoggerService: Logcat pid from database 2630
06-25 14:05:12.203 26421 26434 I PhoneLab-LoggerService: Logcat process found 2630
06-25 14:05:12.203 26421 26434 I PhoneLab-LoggerService: Checking Threshold
06-25 14:05:12.203 26421 26434 I PhoneLab-LoggerService: Starting to rename files
06-25 14:05:12.203 26421 26434 I PhoneLab-LoggerService: Files found .. 4
06-25 14:05:12.207 26421 26434 I PhoneLab-: Service Running
06-25 14:05:12.234 26421 26434 I PhoneLab-LoggerService: app_38    2630  1     924    488   c00f181c 400107b4 S logcat
06-25 14:05:12.234 26421 26434 I PhoneLab-LoggerService: Logcat pid from database 2630
06-25 14:05:12.234 26421 26434 I PhoneLab-LoggerService: Logcat process found 2630
06-25 14:05:12.234 26421 26434 I PhoneLab-LoggerService: Checking Threshold
06-25 14:05:12.234 26421 26434 I PhoneLab-LoggerService: Starting to rename files
06-25 14:05:12.234 26421 26434 I PhoneLab-LoggerService: Files found .. 4
06-25 14:05:12.234 26421 26434 I PhoneLab-: Service Running
06-25 14:05:12.261 26421 26434 I PhoneLab-LoggerService: app_38    2630  1     924    488   c00f181c 400107b4 S logcat
06-25 14:05:12.261 26421 26434 I PhoneLab-LoggerService: Logcat pid from database 2630
06-25 14:05:12.261 26421 26434 I PhoneLab-LoggerService: Logcat process found 2630
06-25 14:05:12.261 26421 26434 I PhoneLab-LoggerService: Checking Threshold
06-25 14:05:12.261 26421 26434 I PhoneLab-LoggerService: Starting to rename files
06-25 14:05:12.265 26421 26434 I PhoneLab-LoggerService: Files found .. 4
06-25 14:05:12.265 26421 26434 I PhoneLab-: Service Running
06-25 14:05:12.293 26421 26434 I PhoneLab-LoggerService: app_38    2630  1     924    488   c00f181c 400107b4 S logcat
06-25 14:05:12.293 26421 26434 I PhoneLab-LoggerService: Logcat pid from database 2630
06-25 14:05:12.293 26421 26434 I PhoneLab-LoggerService: Logcat process found 2630
06-25 14:05:12.293 26421 26434 I PhoneLab-LoggerService: Checking Threshold
06-25 14:05:12.293 26421 26434 I PhoneLab-LoggerService: Starting to rename files
06-25 14:05:12.293 26421 26434 I PhoneLab-LoggerService: Files found .. 4
06-25 14:05:17.824   342   342 D SAN_SERVICE: *******************************************
06-25 14:05:17.824   342   342 D SAN_SERVICE: DM App Phone Service State - 0
06-25 14:05:17.824   342   342 D SAN_SERVICE: *******************************************
06-25 14:05:18.320   342   342 D SAN_SERVICE: *******************************************
06-25 14:05:18.320   342   342 D SAN_SERVICE: DM App Phone Service State - 0
06-25 14:05:18.320   342   342 D SAN_SERVICE: *******************************************
06-25 14:05:22.828   342   342 D SAN_SERVICE: *******************************************
06-25 14:05:22.828   342   342 D SAN_SERVICE: DM App Phone Service State - 0
06-25 14:05:22.828   342   342 D SAN_SERVICE: *******************************************
06-25 14:05:23.328   342   342 D SAN_SERVICE: *******************************************
06-25 14:05:23.328   342   342 D SAN_SERVICE: DM App Phone Service State - 0
06-25 14:05:23.328   342   342 D SAN_SERVICE: *******************************************
06-25 14:05:27.863   342   342 D SAN_SERVICE: *******************************************
06-25 14:05:27.863   342   342 D SAN_SERVICE: DM App Phone Service State - 0
06-25 14:05:27.863   342   342 D SAN_SERVICE: *******************************************
06-25 14:05:28.332   342   342 D SAN_SERVICE: *******************************************
06-25 14:05:28.332   342   342 D SAN_SERVICE: DM App Phone Service State - 0
06-25 14:05:28.332   342   342 D SAN_SERVICE: *******************************************
06-25 14:05:33.086   342   342 D SAN_SERVICE: *******************************************
06-25 14:05:33.086   342   342 D SAN_SERVICE: DM App Phone Service State - 0
06-25 14:05:33.086   342   342 D SAN_SERVICE: *******************************************
06-25 14:05:33.339   342   342 D SAN_SERVICE: *******************************************
06-25 14:05:33.339   342   342 D SAN_SERVICE: DM App Phone Service State - 0
06-25 14:05:33.339   342   342 D SAN_SERVICE: *******************************************
06-25 14:05:58.129 26576 27606 I EventLogService: Aggregate from 1340645758030 (log), 1340645758030 (data)
06-25 14:05:58.586   342   342 D SAN_SERVICE: *******************************************
06-25 14:05:58.586   342   342 D SAN_SERVICE: DM App Phone Service State - 0
06-25 14:05:58.586   342   342 D SAN_SERVICE: *******************************************
06-25 14:05:59.402   342   342 D SAN_SERVICE: *******************************************
06-25 14:05:59.402   342   342 D SAN_SERVICE: DM App Phone Service State - 0
06-25 14:05:59.402   342   342 D SAN_SERVICE: *******************************************
06-25 14:05:59.449   342   346 D dalvikvm: GC_CONCURRENT freed 833K, 8% free 11714K/12679K, paused 14ms+2ms
06-25 14:06:00.011   142   159 I ActivityManager: No longer want com.android.musicfx (pid 27210): hidden #16
06-25 14:06:03.851   342   342 D SAN_SERVICE: *******************************************
06-25 14:06:03.851   342   342 D SAN_SERVICE: DM App Phone Service State - 0
06-25 14:06:03.851   342   342 D SAN_SERVICE: *******************************************
06-25 14:06:04.375   342   342 D SAN_SERVICE: *******************************************
06-25 14:06:04.375   342   342 D SAN_SERVICE: DM App Phone Service State - 0
06-25 14:06:04.375   342   342 D SAN_SERVICE: *******************************************
06-25 14:06:09.117   342   342 D SAN_SERVICE: *******************************************
06-25 14:06:09.117   342   342 D SAN_SERVICE: DM App Phone Service State - 0
06-25 14:06:09.117   342   342 D SAN_SERVICE: *******************************************
06-25 14:06:09.355   342   342 D SAN_SERVICE: *******************************************
06-25 14:06:09.355   342   342 D SAN_SERVICE: DM App Phone Service State - 0
06-25 14:06:09.355   342   342 D SAN_SERVICE: *******************************************
06-25 14:06:34.199 26421 26434 I PhoneLab-: Service Running
06-25 14:06:34.257 26421 26434 I PhoneLab-LoggerService: app_38    2630  1     924    488   c00f181c 400107b4 S logcat
06-25 14:06:34.261 26421 26434 I PhoneLab-LoggerService: Logcat pid from database 2630
06-25 14:06:34.261 26421 26434 I PhoneLab-LoggerService: Logcat process found 2630
06-25 14:06:34.261 26421 26434 I PhoneLab-LoggerService: Checking Threshold
06-25 14:06:34.261 26421 26434 I PhoneLab-LoggerService: Starting to rename files
06-25 14:06:34.261 26421 26434 I PhoneLab-LoggerService: Files found .. 4
06-25 14:06:34.617   342   342 D SAN_SERVICE: *******************************************
06-25 14:06:34.617   342   342 D SAN_SERVICE: DM App Phone Service State - 0
06-25 14:06:34.617   342   342 D SAN_SERVICE: *******************************************
06-25 14:06:35.379   342   342 D SAN_SERVICE: *******************************************
06-25 14:06:35.379   342   342 D SAN_SERVICE: DM App Phone Service State - 0
06-25 14:06:35.379   342   342 D SAN_SERVICE: *******************************************
06-25 14:06:48.222 10416 10416 D wpa_supplicant: wpa_driver_wext_driver_cmd SETSUSPENDOPT 0 len = 4096
06-25 14:06:48.226 10416 10416 D wpa_supplicant: wpa_driver_wext_driver_cmd SETSUSPENDOPT 0 len = 0, 15
06-25 14:06:48.226 10416 10416 D wpa_supplicant: wpa_driver_wext_driver_cmd POWERMODE 0 len = 4096
06-25 14:06:48.242 10416 10416 D wpa_supplicant: wpa_driver_wext_driver_cmd OK len = 0, 2
06-25 14:08:46.074 10416 10416 D wpa_supplicant: wpa_driver_wext_driver_cmd SETSUSPENDOPT 0 len = 4096
06-25 14:08:46.074 10416 10416 D wpa_supplicant: wpa_driver_wext_driver_cmd SETSUSPENDOPT 0 len = 0, 15
06-25 14:08:46.074 10416 10416 D wpa_supplicant: wpa_driver_wext_driver_cmd POWERMODE 0 len = 4096
06-25 14:08:46.089 10416 10416 D wpa_supplicant: wpa_driver_wext_driver_cmd OK len = 0, 2
06-25 14:08:46.132   213   216 D dalvikvm: GC_CONCURRENT freed 304K, 51% free 10377K/21127K, paused 2ms+4ms
06-25 14:08:46.214   213   216 D dalvikvm: GC_CONCURRENT freed 624K, 52% free 10243K/21127K, paused 2ms+3ms
06-25 14:08:46.597 27430 27433 D dalvikvm: GC_CONCURRENT freed 599K, 7% free 10379K/11143K, paused 3ms+5ms
06-25 14:08:46.652 10416 10416 D wpa_supplicant: wpa_driver_wext_driver_cmd SETSUSPENDOPT 0 len = 4096
06-25 14:08:46.652 10416 10416 D wpa_supplicant: wpa_driver_wext_driver_cmd SETSUSPENDOPT 0 len = 0, 15
06-25 14:08:46.652 10416 10416 D wpa_supplicant: wpa_driver_wext_driver_cmd POWERMODE 0 len = 4096
06-25 14:08:46.660 10416 10416 D wpa_supplicant: wpa_driver_wext_driver_cmd OK len = 0, 2
06-25 14:12:47.824   342   342 D SAN_SERVICE: *******************************************
06-25 14:12:47.824   342   342 D SAN_SERVICE: DM App Phone Service State - 0
06-25 14:12:47.824   342   342 D SAN_SERVICE: *******************************************
06-25 14:13:42.101 26421 26421 I PhoneLab-Locks: wake lock acquired
06-25 14:13:42.109 26421 26421 I PhoneLab-StatusMonitor: Status Monitoring is started
06-25 14:13:42.156 26421 26424 D dalvikvm: GC_CONCURRENT freed 480K, 8% free 9200K/9927K, paused 2ms+3ms
06-25 14:13:42.183 26421 26421 I PhoneLab-StatusMonitor: Value: 10 - unit: min
06-25 14:13:42.183 26421 26421 I PhoneLab-StatusMonitor: Running interval: 600000
06-25 14:13:42.191 26421 26421 I PhoneLab-StatusMonitor: Rescheduling status monitoring...
06-25 14:13:42.191 26421 26421 I PhoneLab-Locks: wake lock released
06-25 14:13:42.195 26421 26421 I PhoneLab-StatusMonitorLocation: Learning Location
06-25 14:13:42.195 26421 26421 I PhoneLab-Locks: wake lock acquired
06-25 14:13:42.199 26421 26421 I PhoneLab-Locks: wake lock acquired
06-25 14:13:42.199 26576 26651 D androidNetworkLocationListeners: Still have listener com.google.android.location.internal.client.NetworkLocationClient$1@41318678
06-25 14:13:42.203 26421 26421 I PhoneLab-StatusMonitorLocation: Learning Signal Strgth
06-25 14:13:42.203 26421 26421 I PhoneLab-Locks: wake lock acquired
06-25 14:13:42.207 10416 10416 D wpa_supplicant: wpa_driver_wext_driver_cmd SETSUSPENDOPT 0 len = 4096
06-25 14:13:42.207 10416 10416 D wpa_supplicant: wpa_driver_wext_driver_cmd SETSUSPENDOPT 0 len = 0, 15
06-25 14:13:42.211 10416 10416 D wpa_supplicant: wpa_driver_wext_driver_cmd POWERMODE 0 len = 4096
06-25 14:13:42.214 26421 26421 I PhoneLab-StatusMonitorBattery: Battery_level: 75
06-25 14:13:42.214 26421 26421 I PhoneLab-Locks: wake lock released
06-25 14:13:42.214 26421 26421 I PhoneLab-StatusMonitorSignal: Signal_Strength: -86 asu: 14
06-25 14:13:42.214 26421 26421 I PhoneLab-Locks: wake lock released
06-25 14:13:42.218 26576 26651 D androidNetworkLocationListeners: Still have listener com.google.android.location.internal.client.NetworkLocationClient$1@41318678
06-25 14:13:42.218 10416 10416 D wpa_supplicant: wpa_driver_wext_driver_cmd OK len = 0, 2
06-25 14:13:42.218 10416 10416 D wpa_supplicant: WPS: Building WPS IE for Probe Request
06-25 14:13:42.218 10416 10416 D wpa_supplicant: WPS:  * Version (hardcoded 0x10)
06-25 14:13:42.218 10416 10416 D wpa_supplicant: WPS:  * Request Type
06-25 14:13:42.218 10416 10416 D wpa_supplicant: WPS:  * Config Methods (2388)
06-25 14:13:42.218 10416 10416 D wpa_supplicant: WPS:  * UUID-E
06-25 14:13:42.218 10416 10416 D wpa_supplicant: WPS:  * Primary Device Type
06-25 14:13:42.218 10416 10416 D wpa_supplicant: WPS:  * RF Bands (3)
06-25 14:13:42.218 10416 10416 D wpa_supplicant: WPS:  * Association State
06-25 14:13:42.218 10416 10416 D wpa_supplicant: WPS:  * Configuration Error (0)
06-25 14:13:42.218 10416 10416 D wpa_supplicant: WPS:  * Device Password ID (0)
06-25 14:13:42.218 10416 10416 D wpa_supplicant: WPS:  * Manufacturer
06-25 14:13:42.218 10416 10416 D wpa_supplicant: WPS:  * Model Name
06-25 14:13:42.218 10416 10416 D wpa_supplicant: WPS:  * Model Number
06-25 14:13:42.218 10416 10416 D wpa_supplicant: WPS:  * Device Name
06-25 14:13:42.218 10416 10416 D wpa_supplicant: WPS:  * Version2 (0x20)
06-25 14:13:42.218 10416 10416 D wpa_supplicant: wpa_driver_wext_combo_scan: Start
06-25 14:13:42.218 10416 10416 D wpa_supplicant: For Scan: (null)
06-25 14:13:42.222 10416 10416 D wpa_supplicant: Scan requested (ret=0) - scan timeout 30 seconds
06-25 14:13:42.222 10416 10416 D wpa_supplicant: Ongoing scan action - reject new request
06-25 14:13:43.398 10416 10416 D wpa_supplicant: RTM_NEWLINK: operstate=1 ifi_flags=0x11043 ([UP][RUNNING][LOWER_UP])
06-25 14:13:43.398 10416 10416 D wpa_supplicant: RTM_NEWLINK, IFLA_IFNAME: Interface 'wlan0' added
06-25 14:13:43.398 10416 10416 D wpa_supplicant: Wireless event: cmd=0x8b19 len=8
06-25 14:13:43.398 10416 10416 D wpa_supplicant: Received 1715 bytes of scan results (6 BSSes)
06-25 14:13:43.507 27430 27437 I dalvikvm: Total arena pages for JIT: 18
06-25 14:13:43.562 10416 10416 D wpa_supplicant: wpa_driver_wext_driver_cmd SETSUSPENDOPT 0 len = 4096
06-25 14:13:43.562 10416 10416 D wpa_supplicant: wpa_driver_wext_driver_cmd SETSUSPENDOPT 0 len = 0, 15
06-25 14:13:43.562 10416 10416 D wpa_supplicant: wpa_driver_wext_driver_cmd POWERMODE 0 len = 4096
06-25 14:13:43.566 10416 10416 D wpa_supplicant: wpa_driver_wext_driver_cmd OK len = 0, 2
06-25 14:13:43.566 26421 26421 I PhoneLab-StatusMonitorLocation: Location_Latitude: 42.9543177 Longitude: -78.8267425 Accuracy: 37.0
06-25 14:13:43.566 26421 26421 I PhoneLab-Locks: wake lock released
06-25 14:13:43.570 26576 26651 D androidNetworkLocationListeners: Still have listener com.google.android.location.internal.client.NetworkLocationClient$1@41318678
06-25 14:13:43.570 10416 10416 D wpa_supplicant: wpa_driver_wext_driver_cmd SETSUSPENDOPT 0 len = 4096
06-25 14:13:43.570 10416 10416 D wpa_supplicant: wpa_driver_wext_driver_cmd SETSUSPENDOPT 0 len = 0, 15
06-25 14:13:43.570 10416 10416 D wpa_supplicant: wpa_driver_wext_driver_cmd POWERMODE 0 len = 4096
06-25 14:13:43.574 10416 10416 D wpa_supplicant: wpa_driver_wext_driver_cmd OK len = 0, 2
06-25 14:13:43.574 10416 10416 D wpa_supplicant: WPS: Building WPS IE for Probe Request
06-25 14:13:43.574 10416 10416 D wpa_supplicant: WPS:  * Version (hardcoded 0x10)
06-25 14:13:43.574 10416 10416 D wpa_supplicant: WPS:  * Request Type
06-25 14:13:43.574 10416 10416 D wpa_supplicant: WPS:  * Config Methods (2388)
06-25 14:13:43.574 10416 10416 D wpa_supplicant: WPS:  * UUID-E
06-25 14:13:43.574 10416 10416 D wpa_supplicant: WPS:  * Primary Device Type
06-25 14:13:43.574 10416 10416 D wpa_supplicant: WPS:  * RF Bands (3)
06-25 14:13:43.574 10416 10416 D wpa_supplicant: WPS:  * Association State
06-25 14:13:43.574 10416 10416 D wpa_supplicant: WPS:  * Configuration Error (0)
06-25 14:13:43.574 10416 10416 D wpa_supplicant: WPS:  * Device Password ID (0)
06-25 14:13:43.574 10416 10416 D wpa_supplicant: WPS:  * Manufacturer
06-25 14:13:43.574 10416 10416 D wpa_supplicant: WPS:  * Model Name
06-25 14:13:43.574 10416 10416 D wpa_supplicant: WPS:  * Model Number
06-25 14:13:43.574 10416 10416 D wpa_supplicant: WPS:  * Device Name
06-25 14:13:43.574 10416 10416 D wpa_supplicant: WPS:  * Version2 (0x20)
06-25 14:13:43.574 10416 10416 D wpa_supplicant: wpa_driver_wext_combo_scan: Start
06-25 14:13:43.574 10416 10416 D wpa_supplicant: For Scan: (null)
06-25 14:13:43.574 10416 10416 D wpa_supplicant: Scan requested (ret=0) - scan timeout 30 seconds
06-25 14:13:44.750 10416 10416 D wpa_supplicant: RTM_NEWLINK: operstate=1 ifi_flags=0x11043 ([UP][RUNNING][LOWER_UP])
06-25 14:13:44.750 10416 10416 D wpa_supplicant: RTM_NEWLINK, IFLA_IFNAME: Interface 'wlan0' added
06-25 14:13:44.750 10416 10416 D wpa_supplicant: Wireless event: cmd=0x8b19 len=8
06-25 14:13:44.750 10416 10416 D wpa_supplicant: Received 1812 bytes of scan results (6 BSSes)
06-25 14:13:44.871 26576 26578 D dalvikvm: GC_CONCURRENT freed 503K, 6% free 10270K/10887K, paused 5ms+3ms
06-25 14:13:44.886 10416 10416 D wpa_supplicant: wpa_driver_wext_driver_cmd SETSUSPENDOPT 0 len = 4096
06-25 14:13:44.886 10416 10416 D wpa_supplicant: wpa_driver_wext_driver_cmd SETSUSPENDOPT 0 len = 0, 15
06-25 14:13:44.886 10416 10416 D wpa_supplicant: wpa_driver_wext_driver_cmd POWERMODE 0 len = 4096
06-25 14:13:44.886 10416 10416 D wpa_supplicant: wpa_driver_wext_driver_cmd OK len = 0, 2
06-25 14:20:15.175 26421 26421 I PhoneLab-Locks: wake lock acquired
06-25 14:20:15.214 26421 27863 I PhoneLab-PeriodicCheckService: User info is synched
06-25 14:20:15.226 26421 27863 I PhoneLab-PeriodicCheckService: Logger Service is running
06-25 14:20:15.226 26421 27863 I PhoneLab-PeriodicCheckService: Rescheduling periodic checking...
06-25 14:20:15.230 26421 27863 I PhoneLab-Locks: wake lock released
06-25 14:23:42.171   142   144 D dalvikvm: GC_CONCURRENT freed 1482K, 20% free 16151K/20167K, paused 3ms+9ms
06-25 14:23:42.199 26421 26421 I PhoneLab-Locks: wake lock acquired
06-25 14:23:42.203 26421 26421 I PhoneLab-StatusMonitor: Status Monitoring is started
06-25 14:23:42.238 26421 26424 D dalvikvm: GC_CONCURRENT freed 514K, 8% free 9198K/9927K, paused 1ms+2ms
06-25 14:23:42.261 26421 26421 I PhoneLab-StatusMonitor: Value: 10 - unit: min
06-25 14:23:42.261 26421 26421 I PhoneLab-StatusMonitor: Running interval: 600000
06-25 14:23:42.269 26421 26421 I PhoneLab-StatusMonitor: Rescheduling status monitoring...
06-25 14:23:42.269 26421 26421 I PhoneLab-Locks: wake lock released
06-25 14:23:42.273 26421 26421 I PhoneLab-StatusMonitorLocation: Learning Location
06-25 14:23:42.273 26421 26421 I PhoneLab-Locks: wake lock acquired
06-25 14:23:42.277 26421 26421 I PhoneLab-Locks: wake lock acquired
06-25 14:23:42.281 26421 26421 I PhoneLab-StatusMonitorLocation: Learning Signal Strgth
06-25 14:23:42.281 26421 26421 I PhoneLab-Locks: wake lock acquired
06-25 14:23:42.281 26576 26651 D androidNetworkLocationListeners: Still have listener com.google.android.location.internal.client.NetworkLocationClient$1@41318678
06-25 14:23:42.285 10416 10416 D wpa_supplicant: wpa_driver_wext_driver_cmd SETSUSPENDOPT 0 len = 4096
06-25 14:23:42.285 10416 10416 D wpa_supplicant: wpa_driver_wext_driver_cmd SETSUSPENDOPT 0 len = 0, 15
06-25 14:23:42.285 10416 10416 D wpa_supplicant: wpa_driver_wext_driver_cmd POWERMODE 0 len = 4096
06-25 14:23:42.289 26576 26651 D androidNetworkLocationListeners: Still have listener com.google.android.location.internal.client.NetworkLocationClient$1@41318678
06-25 14:23:42.289 26421 26421 I PhoneLab-StatusMonitorBattery: Battery_level: 75
06-25 14:23:42.289 26421 26421 I PhoneLab-Locks: wake lock released
06-25 14:23:42.293 26421 26421 I PhoneLab-StatusMonitorSignal: Signal_Strength: -86 asu: 14
06-25 14:23:42.293 26421 26421 I PhoneLab-Locks: wake lock released
06-25 14:23:42.296 10416 10416 D wpa_supplicant: wpa_driver_wext_driver_cmd OK len = 0, 2
06-25 14:23:42.296 10416 10416 D wpa_supplicant: WPS: Building WPS IE for Probe Request
06-25 14:23:42.296 10416 10416 D wpa_supplicant: WPS:  * Version (hardcoded 0x10)
06-25 14:23:42.296 10416 10416 D wpa_supplicant: WPS:  * Request Type
06-25 14:23:42.296 10416 10416 D wpa_supplicant: WPS:  * Config Methods (2388)
06-25 14:23:42.296 10416 10416 D wpa_supplicant: WPS:  * UUID-E
06-25 14:23:42.296 10416 10416 D wpa_supplicant: WPS:  * Primary Device Type
06-25 14:23:42.296 10416 10416 D wpa_supplicant: WPS:  * RF Bands (3)
06-25 14:23:42.296 10416 10416 D wpa_supplicant: WPS:  * Association State
06-25 14:23:42.296 10416 10416 D wpa_supplicant: WPS:  * Configuration Error (0)
06-25 14:23:42.296 10416 10416 D wpa_supplicant: WPS:  * Device Password ID (0)
06-25 14:23:42.296 10416 10416 D wpa_supplicant: WPS:  * Manufacturer
06-25 14:23:42.296 10416 10416 D wpa_supplicant: WPS:  * Model Name
06-25 14:23:42.296 10416 10416 D wpa_supplicant: WPS:  * Model Number
06-25 14:23:42.296 10416 10416 D wpa_supplicant: WPS:  * Device Name
06-25 14:23:42.296 10416 10416 D wpa_supplicant: WPS:  * Version2 (0x20)
06-25 14:23:42.296 10416 10416 D wpa_supplicant: wpa_driver_wext_combo_scan: Start
06-25 14:23:42.296 10416 10416 D wpa_supplicant: For Scan: (null)
06-25 14:23:42.296 10416 10416 D wpa_supplicant: Scan requested (ret=0) - scan timeout 30 seconds
06-25 14:23:42.300 10416 10416 D wpa_supplicant: Ongoing scan action - reject new request
06-25 14:23:43.464 10416 10416 D wpa_supplicant: RTM_NEWLINK: operstate=1 ifi_flags=0x11043 ([UP][RUNNING][LOWER_UP])
06-25 14:23:43.464 10416 10416 D wpa_supplicant: RTM_NEWLINK, IFLA_IFNAME: Interface 'wlan0' added
06-25 14:23:43.464 10416 10416 D wpa_supplicant: Wireless event: cmd=0x8b19 len=8
06-25 14:23:43.472 10416 10416 D wpa_supplicant: Received 1448 bytes of scan results (5 BSSes)
06-25 14:23:43.566 10416 10416 D wpa_supplicant: wpa_driver_wext_driver_cmd SETSUSPENDOPT 0 len = 4096
06-25 14:23:43.566 10416 10416 D wpa_supplicant: wpa_driver_wext_driver_cmd SETSUSPENDOPT 0 len = 0, 15
06-25 14:23:43.566 10416 10416 D wpa_supplicant: wpa_driver_wext_driver_cmd POWERMODE 0 len = 4096
06-25 14:23:43.570 10416 10416 D wpa_supplicant: wpa_driver_wext_driver_cmd OK len = 0, 2
06-25 14:23:43.570 26421 26421 I PhoneLab-StatusMonitorLocation: Location_Latitude: 42.9543217 Longitude: -78.8267302 Accuracy: 36.0
06-25 14:23:43.570 26421 26421 I PhoneLab-Locks: wake lock released
06-25 14:23:43.574 26576 26651 D androidNetworkLocationListeners: Still have listener com.google.android.location.internal.client.NetworkLocationClient$1@41318678
06-25 14:23:43.574 10416 10416 D wpa_supplicant: wpa_driver_wext_driver_cmd SETSUSPENDOPT 0 len = 4096
06-25 14:23:43.574 10416 10416 D wpa_supplicant: wpa_driver_wext_driver_cmd SETSUSPENDOPT 0 len = 0, 15
06-25 14:23:43.574 10416 10416 D wpa_supplicant: wpa_driver_wext_driver_cmd POWERMODE 0 len = 4096
06-25 14:23:43.578 10416 10416 D wpa_supplicant: wpa_driver_wext_driver_cmd OK len = 0, 2
06-25 14:23:43.578 10416 10416 D wpa_supplicant: WPS: Building WPS IE for Probe Request
06-25 14:23:43.578 10416 10416 D wpa_supplicant: WPS:  * Version (hardcoded 0x10)
06-25 14:23:43.578 10416 10416 D wpa_supplicant: WPS:  * Request Type
06-25 14:23:43.578 10416 10416 D wpa_supplicant: WPS:  * Config Methods (2388)
06-25 14:23:43.578 10416 10416 D wpa_supplicant: WPS:  * UUID-E
06-25 14:23:43.578 10416 10416 D wpa_supplicant: WPS:  * Primary Device Type
06-25 14:23:43.578 10416 10416 D wpa_supplicant: WPS:  * RF Bands (3)
06-25 14:23:43.578 10416 10416 D wpa_supplicant: WPS:  * Association State
06-25 14:23:43.578 10416 10416 D wpa_supplicant: WPS:  * Configuration Error (0)
06-25 14:23:43.578 10416 10416 D wpa_supplicant: WPS:  * Device Password ID (0)
06-25 14:23:43.578 10416 10416 D wpa_supplicant: WPS:  * Manufacturer
06-25 14:23:43.578 10416 10416 D wpa_supplicant: WPS:  * Model Name
06-25 14:23:43.578 10416 10416 D wpa_supplicant: WPS:  * Model Number
06-25 14:23:43.578 10416 10416 D wpa_supplicant: WPS:  * Device Name
06-25 14:23:43.578 10416 10416 D wpa_supplicant: WPS:  * Version2 (0x20)
06-25 14:23:43.578 10416 10416 D wpa_supplicant: wpa_driver_wext_combo_scan: Start
06-25 14:23:43.578 10416 10416 D wpa_supplicant: For Scan: (null)
06-25 14:23:43.578 10416 10416 D wpa_supplicant: Scan requested (ret=0) - scan timeout 30 seconds
06-25 14:23:44.746 10416 10416 D wpa_supplicant: RTM_NEWLINK: operstate=1 ifi_flags=0x11043 ([UP][RUNNING][LOWER_UP])
06-25 14:23:44.746 10416 10416 D wpa_supplicant: RTM_NEWLINK, IFLA_IFNAME: Interface 'wlan0' added
06-25 14:23:44.746 10416 10416 D wpa_supplicant: Wireless event: cmd=0x8b19 len=8
06-25 14:23:44.746 10416 10416 D wpa_supplicant: Received 1448 bytes of scan results (5 BSSes)
06-25 14:23:44.871 26576 26578 D dalvikvm: GC_CONCURRENT freed 518K, 6% free 10264K/10887K, paused 2ms+3ms
06-25 14:23:44.878 10416 10416 D wpa_supplicant: wpa_driver_wext_driver_cmd SETSUSPENDOPT 0 len = 4096
06-25 14:23:44.878 10416 10416 D wpa_supplicant: wpa_driver_wext_driver_cmd SETSUSPENDOPT 0 len = 0, 15
06-25 14:23:44.878 10416 10416 D wpa_supplicant: wpa_driver_wext_driver_cmd POWERMODE 0 len = 4096
06-25 14:23:44.882 10416 10416 D wpa_supplicant: wpa_driver_wext_driver_cmd OK len = 0, 2
06-25 14:24:52.246 26576 27683 W Smack/Packet: notify conn break (IOEx), close connection
06-25 14:24:52.402 26576 27683 I qtaguid : Failed write_ctrl(u 79) res=-1 errno=22
06-25 14:24:52.402 26576 27683 I qtaguid : Untagging socket 79 failed errno=-22
06-25 14:24:52.402 26576 27683 W NetworkManagementSocketTagger: untagSocket(79) failed with errno -22
06-25 14:25:00.894 26576 26576 I GTalkService/c: [AndroidEndpoint@1093980056] connect: acct=1000000, state=CONNECTING
06-25 14:25:00.906 26576 26576 I GTalkService/c: [GTalkConnection@1094782760] connect: acct=1, state=CONNECTING
06-25 14:25:01.675   142   199 D ConnectivityService: handleInetConditionHoldEnd: net=1, condition=0, published condition=100
06-25 14:25:02.351   142   142 I ActivityManager: Start proc com.facebook.orca for content provider com.facebook.orca/.notify.MessengerLoggedInUserProvider: pid=27874 uid=10068 gids={3003, 1015, 1006}
06-25 14:25:02.359 27874 27874 I dalvikvm: Turning on JNI app bug workarounds for target SDK version 10...
06-25 14:25:02.519 27874 27874 I ActivityThread: Pub com.facebook.orca.notify.MessengerForegroundProvider: com.facebook.orca.notify.MessengerForegroundProvider
06-25 14:25:02.543 27874 27874 I ActivityThread: Pub com.facebook.orca.notify.MessengerLoggedInUserProvider: com.facebook.orca.notify.MessengerLoggedInUserProvider
06-25 14:25:02.562 27874 27874 V orca:OrcaApplication: Forcing initialization of AsyncTask
06-25 14:25:02.640   142   199 D ConnectivityService: handleInetConditionHoldEnd: net=1, condition=100, published condition=0
06-25 14:25:02.668 27874 27877 D dalvikvm: GC_CONCURRENT freed 227K, 4% free 9308K/9607K, paused 2ms+3ms
06-25 14:25:02.671 27874 27874 I Finalizer: Couldn't access Thread.inheritableThreadLocals. Reference finalizer threads will inherit thread local values.
06-25 14:25:02.836 27874 27877 D dalvikvm: GC_CONCURRENT freed 391K, 5% free 9447K/9927K, paused 1ms+3ms
06-25 14:25:02.933 27874 27874 W OrcaGuiceModule: Sig: ijxLJi1yGs1JpL-X1SExmchvork
06-25 14:25:03.023 26576 26578 D dalvikvm: GC_CONCURRENT freed 342K, 6% free 10309K/10887K, paused 30ms+4ms
06-25 14:25:03.074 27874 27877 D dalvikvm: GC_CONCURRENT freed 272K, 5% free 9585K/9991K, paused 2ms+3ms
06-25 14:25:03.160 27874 27889 W Resources: Converting to string: TypedValue{t=0x10/d=0xffffffff a=-1}
06-25 14:25:03.214 27874 27874 D ACRA    : Retrieve application default SharedPreferences.
06-25 14:25:03.214 27874 27874 D ACRA    : Set OnSharedPreferenceChangeListener.
06-25 14:25:03.214 27874 27874 D ACRA    : ACRA is enabled for com.facebook.orca, intializing...
06-25 14:25:03.238 27874 27874 D ACRA    : Looking for error files in /data/data/com.facebook.orca/app_acra-reports
06-25 14:25:03.312 27874 27877 D dalvikvm: GC_CONCURRENT freed 231K, 3% free 9879K/10183K, paused 12ms+3ms
06-25 14:25:03.375 27874 27889 D dalvikvm: GC_FOR_ALLOC freed 234K, 4% free 10068K/10439K, paused 20ms
06-25 14:25:03.402 27874 27889 D dalvikvm: GC_FOR_ALLOC freed 245K, 5% free 10150K/10631K, paused 21ms
06-25 14:25:03.421 27874 27889 D dalvikvm: GC_FOR_ALLOC freed 241K, 5% free 10232K/10759K, paused 18ms
06-25 14:25:03.554 27874 27877 D dalvikvm: GC_CONCURRENT freed 215K, 3% free 10536K/10823K, paused 6ms+3ms
06-25 14:25:03.652   142  4745 I ActivityManager: No longer want com.google.android.inputmethod.latin.dictionarypack (pid 27538): hidden #16
06-25 14:25:03.754   213   216 D dalvikvm: GC_CONCURRENT freed 312K, 51% free 10402K/21127K, paused 1ms+4ms
06-25 14:25:03.777 27874 27877 D dalvikvm: GC_CONCURRENT freed 300K, 4% free 10771K/11143K, paused 1ms+3ms
06-25 14:25:03.886   213   216 D dalvikvm: GC_CONCURRENT freed 472K, 52% free 10329K/21127K, paused 1ms+10ms
06-25 14:25:04.015 27874 27877 D dalvikvm: GC_CONCURRENT freed 344K, 5% free 10926K/11399K, paused 2ms+2ms
06-25 14:33:41.113 10416 10416 D wpa_supplicant: wpa_driver_wext_driver_cmd SETSUSPENDOPT 0 len = 4096
06-25 14:33:41.113 10416 10416 D wpa_supplicant: wpa_driver_wext_driver_cmd SETSUSPENDOPT 0 len = 0, 15
06-25 14:33:41.113 10416 10416 D wpa_supplicant: wpa_driver_wext_driver_cmd POWERMODE 0 len = 4096
06-25 14:33:41.121 10416 10416 D wpa_supplicant: wpa_driver_wext_driver_cmd OK len = 0, 2
06-25 14:33:41.757 10416 10416 D wpa_supplicant: wpa_driver_wext_driver_cmd SETSUSPENDOPT 0 len = 4096
06-25 14:33:41.757 10416 10416 D wpa_supplicant: wpa_driver_wext_driver_cmd SETSUSPENDOPT 0 len = 0, 15
06-25 14:33:41.761 10416 10416 D wpa_supplicant: wpa_driver_wext_driver_cmd POWERMODE 0 len = 4096
06-25 14:33:41.773 10416 10416 D wpa_supplicant: wpa_driver_wext_driver_cmd OK len = 0, 2
06-25 14:33:42.277 26421 26421 I PhoneLab-Locks: wake lock acquired
06-25 14:33:42.289 26421 26421 I PhoneLab-StatusMonitor: Status Monitoring is started
06-25 14:33:42.339 26421 26424 D dalvikvm: GC_CONCURRENT freed 527K, 8% free 9182K/9927K, paused 3ms+2ms
06-25 14:33:42.371   342   342 D SAN_SERVICE: *******************************************
06-25 14:33:42.371   342   342 D SAN_SERVICE: DM App Phone Service State - 0
06-25 14:33:42.371   342   342 D SAN_SERVICE: *******************************************
06-25 14:33:42.375 26421 26421 I PhoneLab-StatusMonitor: Value: 10 - unit: min
06-25 14:33:42.375 26421 26421 I PhoneLab-StatusMonitor: Running interval: 600000
06-25 14:33:42.402 26421 26421 I PhoneLab-StatusMonitor: Rescheduling status monitoring...
06-25 14:33:42.402 26421 26421 I PhoneLab-Locks: wake lock released
06-25 14:33:42.406 26421 26421 I PhoneLab-StatusMonitorLocation: Learning Location
06-25 14:33:42.406 26421 26421 I PhoneLab-Locks: wake lock acquired
06-25 14:33:42.418 26421 26424 D dalvikvm: GC_CONCURRENT freed 418K, 8% free 9157K/9927K, paused 2ms+2ms
06-25 14:33:42.418 26421 26421 I PhoneLab-Locks: wake lock acquired
06-25 14:33:42.418 26576 26651 D androidNetworkLocationListeners: Still have listener com.google.android.location.internal.client.NetworkLocationClient$1@41318678
06-25 14:33:42.425 26421 26421 I PhoneLab-StatusMonitorLocation: Learning Signal Strgth
06-25 14:33:42.425 26421 26421 I PhoneLab-Locks: wake lock acquired
06-25 14:33:42.429 10416 10416 D wpa_supplicant: wpa_driver_wext_driver_cmd SETSUSPENDOPT 0 len = 4096
06-25 14:33:42.429 10416 10416 D wpa_supplicant: wpa_driver_wext_driver_cmd SETSUSPENDOPT 0 len = 0, 15
06-25 14:33:42.429 10416 10416 D wpa_supplicant: wpa_driver_wext_driver_cmd POWERMODE 0 len = 4096
06-25 14:33:42.433 26576 26651 D androidNetworkLocationListeners: Still have listener com.google.android.location.internal.client.NetworkLocationClient$1@41318678
06-25 14:33:42.437 26421 26421 I PhoneLab-StatusMonitorBattery: Battery_level: 75
06-25 14:33:42.437 26421 26421 I PhoneLab-Locks: wake lock released
06-25 14:33:42.441 26421 26421 I PhoneLab-StatusMonitorSignal: Signal_Strength: -86 asu: 14
06-25 14:33:42.441 26421 26421 I PhoneLab-Locks: wake lock released
06-25 14:33:42.445 10416 10416 D wpa_supplicant: wpa_driver_wext_driver_cmd OK len = 0, 2
06-25 14:33:42.445 10416 10416 D wpa_supplicant: WPS: Building WPS IE for Probe Request
06-25 14:33:42.445 10416 10416 D wpa_supplicant: WPS:  * Version (hardcoded 0x10)
06-25 14:33:42.445 10416 10416 D wpa_supplicant: WPS:  * Request Type
06-25 14:33:42.445 10416 10416 D wpa_supplicant: WPS:  * Config Methods (2388)
06-25 14:33:42.445 10416 10416 D wpa_supplicant: WPS:  * UUID-E
06-25 14:33:42.445 10416 10416 D wpa_supplicant: WPS:  * Primary Device Type
06-25 14:33:42.445 10416 10416 D wpa_supplicant: WPS:  * RF Bands (3)
06-25 14:33:42.445 10416 10416 D wpa_supplicant: WPS:  * Association State
06-25 14:33:42.445 10416 10416 D wpa_supplicant: WPS:  * Configuration Error (0)
06-25 14:33:42.445 10416 10416 D wpa_supplicant: WPS:  * Device Password ID (0)
06-25 14:33:42.445 10416 10416 D wpa_supplicant: WPS:  * Manufacturer
06-25 14:33:42.445 10416 10416 D wpa_supplicant: WPS:  * Model Name
06-25 14:33:42.445 10416 10416 D wpa_supplicant: WPS:  * Model Number
06-25 14:33:42.445 10416 10416 D wpa_supplicant: WPS:  * Device Name
06-25 14:33:42.445 10416 10416 D wpa_supplicant: WPS:  * Version2 (0x20)
06-25 14:33:42.445 10416 10416 D wpa_supplicant: wpa_driver_wext_combo_scan: Start
06-25 14:33:42.445 10416 10416 D wpa_supplicant: For Scan: (null)
06-25 14:33:42.445 10416 10416 D wpa_supplicant: Scan requested (ret=0) - scan timeout 30 seconds
06-25 14:33:42.445 10416 10416 D wpa_supplicant: Ongoing scan action - reject new request
06-25 14:33:42.949   342   342 D SAN_SERVICE: *******************************************
06-25 14:33:42.949   342   342 D SAN_SERVICE: DM App Phone Service State - 0
06-25 14:33:42.949   342   342 D SAN_SERVICE: *******************************************
06-25 14:33:43.648 10416 10416 D wpa_supplicant: RTM_NEWLINK: operstate=1 ifi_flags=0x11043 ([UP][RUNNING][LOWER_UP])
06-25 14:33:43.648 10416 10416 D wpa_supplicant: RTM_NEWLINK, IFLA_IFNAME: Interface 'wlan0' added
06-25 14:33:43.648 10416 10416 D wpa_supplicant: Wireless event: cmd=0x8b19 len=8
06-25 14:33:43.660 10416 10416 D wpa_supplicant: Received 1279 bytes of scan results (4 BSSes)
06-25 14:33:43.769 10416 10416 D wpa_supplicant: wpa_driver_wext_driver_cmd SETSUSPENDOPT 0 len = 4096
06-25 14:33:43.769 10416 10416 D wpa_supplicant: wpa_driver_wext_driver_cmd SETSUSPENDOPT 0 len = 0, 15
06-25 14:33:43.769 10416 10416 D wpa_supplicant: wpa_driver_wext_driver_cmd POWERMODE 0 len = 4096
06-25 14:33:43.769 10416 10416 D wpa_supplicant: wpa_driver_wext_driver_cmd OK len = 0, 2
06-25 14:33:43.773 26421 26421 I PhoneLab-StatusMonitorLocation: Location_Latitude: 42.9543637 Longitude: -78.8267592 Accuracy: 33.0
06-25 14:33:43.773 26421 26421 I PhoneLab-Locks: wake lock released
06-25 14:33:43.773 26576 26651 D androidNetworkLocationListeners: Still have listener com.google.android.location.internal.client.NetworkLocationClient$1@41318678
06-25 14:33:43.777 10416 10416 D wpa_supplicant: wpa_driver_wext_driver_cmd SETSUSPENDOPT 0 len = 4096
06-25 14:33:43.777 10416 10416 D wpa_supplicant: wpa_driver_wext_driver_cmd SETSUSPENDOPT 0 len = 0, 15
06-25 14:33:43.777 10416 10416 D wpa_supplicant: wpa_driver_wext_driver_cmd POWERMODE 0 len = 4096
06-25 14:33:43.785 10416 10416 D wpa_supplicant: wpa_driver_wext_driver_cmd OK len = 0, 2
06-25 14:33:43.785 10416 10416 D wpa_supplicant: WPS: Building WPS IE for Probe Request
06-25 14:33:43.785 10416 10416 D wpa_supplicant: WPS:  * Version (hardcoded 0x10)
06-25 14:33:43.785 10416 10416 D wpa_supplicant: WPS:  * Request Type
06-25 14:33:43.785 10416 10416 D wpa_supplicant: WPS:  * Config Methods (2388)
06-25 14:33:43.785 10416 10416 D wpa_supplicant: WPS:  * UUID-E
06-25 14:33:43.785 10416 10416 D wpa_supplicant: WPS:  * Primary Device Type
06-25 14:33:43.785 10416 10416 D wpa_supplicant: WPS:  * RF Bands (3)
06-25 14:33:43.785 10416 10416 D wpa_supplicant: WPS:  * Association State
06-25 14:33:43.785 10416 10416 D wpa_supplicant: WPS:  * Configuration Error (0)
06-25 14:33:43.785 10416 10416 D wpa_supplicant: WPS:  * Device Password ID (0)
06-25 14:33:43.785 10416 10416 D wpa_supplicant: WPS:  * Manufacturer
06-25 14:33:43.785 10416 10416 D wpa_supplicant: WPS:  * Model Name
06-25 14:33:43.785 10416 10416 D wpa_supplicant: WPS:  * Model Number
06-25 14:33:43.785 10416 10416 D wpa_supplicant: WPS:  * Device Name
06-25 14:33:43.785 10416 10416 D wpa_supplicant: WPS:  * Version2 (0x20)
06-25 14:33:43.785 10416 10416 D wpa_supplicant: wpa_driver_wext_combo_scan: Start
06-25 14:33:43.785 10416 10416 D wpa_supplicant: For Scan: (null)
06-25 14:33:43.789 10416 10416 D wpa_supplicant: Scan requested (ret=0) - scan timeout 30 seconds
06-25 14:33:44.961 10416 10416 D wpa_supplicant: RTM_NEWLINK: operstate=1 ifi_flags=0x11043 ([UP][RUNNING][LOWER_UP])
06-25 14:33:44.961 10416 10416 D wpa_supplicant: RTM_NEWLINK, IFLA_IFNAME: Interface 'wlan0' added
06-25 14:33:44.961 10416 10416 D wpa_supplicant: Wireless event: cmd=0x8b19 len=8
06-25 14:33:44.968 10416 10416 D wpa_supplicant: Received 1812 bytes of scan results (6 BSSes)
06-25 14:33:45.089 26576 26578 D dalvikvm: GC_CONCURRENT freed 592K, 7% free 10282K/10951K, paused 2ms+3ms
06-25 14:33:45.101 10416 10416 D wpa_supplicant: wpa_driver_wext_driver_cmd SETSUSPENDOPT 0 len = 4096
06-25 14:33:45.101 10416 10416 D wpa_supplicant: wpa_driver_wext_driver_cmd SETSUSPENDOPT 0 len = 0, 15
06-25 14:33:45.101 10416 10416 D wpa_supplicant: wpa_driver_wext_driver_cmd POWERMODE 0 len = 4096
06-25 14:33:45.105 10416 10416 D wpa_supplicant: wpa_driver_wext_driver_cmd OK len = 0, 2
06-25 14:33:45.656 27161 27162 D dalvikvm: GC_CONCURRENT freed 598K, 7% free 10988K/11783K, paused 16ms+3ms
06-25 14:34:18.093   142   142 D dalvikvm: GC_EXPLICIT freed 1000K, 21% free 15970K/20167K, paused 4ms+6ms
06-25 14:34:18.304   213   213 D dalvikvm: GC_FOR_ALLOC freed 304K, 51% free 10395K/21127K, paused 18ms
06-25 14:34:18.398   213   216 D dalvikvm: GC_CONCURRENT freed 202K, 50% free 10623K/21127K, paused 2ms+4ms
06-25 14:34:18.507   213   216 D dalvikvm: GC_CONCURRENT freed 544K, 51% free 10512K/21127K, paused 3ms+4ms
06-25 14:35:58.215 26576 27122 I EventLogService: Aggregate from 1340647558131 (log), 1340647558131 (data)
06-25 14:38:18.589 26576 27870 D dalvikvm: GC_FOR_ALLOC freed 287K, 6% free 10304K/10951K, paused 19ms
06-25 14:38:19.742 26576 27870 D dalvikvm: GC_FOR_ALLOC freed 264K, 6% free 10306K/10951K, paused 19ms
06-25 14:42:46.097   213   216 D dalvikvm: GC_CONCURRENT freed 319K, 50% free 10593K/21127K, paused 2ms+3ms
06-25 14:43:42.433 26421 26421 I PhoneLab-Locks: wake lock acquired
06-25 14:43:42.437 26421 26421 I PhoneLab-StatusMonitor: Status Monitoring is started
06-25 14:43:42.496 26421 26424 D dalvikvm: GC_CONCURRENT freed 353K, 7% free 9314K/9927K, paused 1ms+2ms
06-25 14:43:42.496 26421 26421 I PhoneLab-StatusMonitor: Value: 10 - unit: min
06-25 14:43:42.496 26421 26421 I PhoneLab-StatusMonitor: Running interval: 600000
06-25 14:43:42.504 26421 26421 I PhoneLab-StatusMonitor: Rescheduling status monitoring...
06-25 14:43:42.507 26421 26421 I PhoneLab-Locks: wake lock released
06-25 14:43:42.511 26421 26421 I PhoneLab-StatusMonitorLocation: Learning Location
06-25 14:43:42.511 26421 26421 I PhoneLab-Locks: wake lock acquired
06-25 14:43:42.523 26421 26421 I PhoneLab-Locks: wake lock acquired
06-25 14:43:42.523 26576 26651 D androidNetworkLocationListeners: Still have listener com.google.android.location.internal.client.NetworkLocationClient$1@41318678
06-25 14:43:42.527 26421 26421 I PhoneLab-StatusMonitorLocation: Learning Signal Strgth
06-25 14:43:42.527 26421 26421 I PhoneLab-Locks: wake lock acquired
06-25 14:43:42.531 10416 10416 D wpa_supplicant: wpa_driver_wext_driver_cmd SETSUSPENDOPT 0 len = 4096
06-25 14:43:42.531 10416 10416 D wpa_supplicant: wpa_driver_wext_driver_cmd SETSUSPENDOPT 0 len = 0, 15
06-25 14:43:42.531 10416 10416 D wpa_supplicant: wpa_driver_wext_driver_cmd POWERMODE 0 len = 4096
06-25 14:43:42.535 26576 26651 D androidNetworkLocationListeners: Still have listener com.google.android.location.internal.client.NetworkLocationClient$1@41318678
06-25 14:43:42.535 26421 26421 I PhoneLab-StatusMonitorBattery: Battery_level: 75
06-25 14:43:42.535 26421 26421 I PhoneLab-Locks: wake lock released
06-25 14:43:42.539 26421 26421 I PhoneLab-StatusMonitorSignal: Signal_Strength: -86 asu: 14
06-25 14:43:42.539 26421 26421 I PhoneLab-Locks: wake lock released
06-25 14:43:42.547 10416 10416 D wpa_supplicant: wpa_driver_wext_driver_cmd OK len = 0, 2
06-25 14:43:42.550 10416 10416 D wpa_supplicant: WPS: Building WPS IE for Probe Request
06-25 14:43:42.550 10416 10416 D wpa_supplicant: WPS:  * Version (hardcoded 0x10)
06-25 14:43:42.550 10416 10416 D wpa_supplicant: WPS:  * Request Type
06-25 14:43:42.550 10416 10416 D wpa_supplicant: WPS:  * Config Methods (2388)
06-25 14:43:42.550 10416 10416 D wpa_supplicant: WPS:  * UUID-E
06-25 14:43:42.550 10416 10416 D wpa_supplicant: WPS:  * Primary Device Type
06-25 14:43:42.550 10416 10416 D wpa_supplicant: WPS:  * RF Bands (3)
06-25 14:43:42.550 10416 10416 D wpa_supplicant: WPS:  * Association State
06-25 14:43:42.550 10416 10416 D wpa_supplicant: WPS:  * Configuration Error (0)
06-25 14:43:42.550 10416 10416 D wpa_supplicant: WPS:  * Device Password ID (0)
06-25 14:43:42.550 10416 10416 D wpa_supplicant: WPS:  * Manufacturer
06-25 14:43:42.550 10416 10416 D wpa_supplicant: WPS:  * Model Name
06-25 14:43:42.550 10416 10416 D wpa_supplicant: WPS:  * Model Number
06-25 14:43:42.550 10416 10416 D wpa_supplicant: WPS:  * Device Name
06-25 14:43:42.550 10416 10416 D wpa_supplicant: WPS:  * Version2 (0x20)
06-25 14:43:42.550 10416 10416 D wpa_supplicant: wpa_driver_wext_combo_scan: Start
06-25 14:43:42.550 10416 10416 D wpa_supplicant: For Scan: (null)
06-25 14:43:42.550 10416 10416 D wpa_supplicant: Scan requested (ret=0) - scan timeout 30 seconds
06-25 14:43:42.550 10416 10416 D wpa_supplicant: Ongoing scan action - reject new request
06-25 14:43:43.714 10416 10416 D wpa_supplicant: RTM_NEWLINK: operstate=1 ifi_flags=0x11043 ([UP][RUNNING][LOWER_UP])
06-25 14:43:43.714 10416 10416 D wpa_supplicant: RTM_NEWLINK, IFLA_IFNAME: Interface 'wlan0' added
06-25 14:43:43.714 10416 10416 D wpa_supplicant: Wireless event: cmd=0x8b19 len=8
06-25 14:43:43.714 10416 10416 D wpa_supplicant: Received 1643 bytes of scan results (5 BSSes)
06-25 14:43:43.761   142 27904 I AudioService:  AudioFocus  requestAudioFocus() from android.media.AudioManager@415a1230
06-25 14:43:43.781    81   121 D AudioHardware: AudioHardware pcm playback is exiting standby.
06-25 14:43:43.781    81   121 D AudioHardware: openPcmOut_l() mPcmOpenCnt: 0
06-25 14:43:43.894   213   213 D dalvikvm: GC_FOR_ALLOC freed 253K, 50% free 10723K/21127K, paused 18ms
06-25 14:43:44.039   213   216 D dalvikvm: GC_CONCURRENT freed 450K, 50% free 10735K/21127K, paused 2ms+3ms
06-25 14:43:44.109 27430 27433 D dalvikvm: GC_CONCURRENT freed 366K, 7% free 10406K/11143K, paused 4ms+2ms
06-25 14:43:44.136 26576 26578 D dalvikvm: GC_CONCURRENT freed 500K, 6% free 10317K/10951K, paused 2ms+3ms
06-25 14:43:44.148 10416 10416 D wpa_supplicant: wpa_driver_wext_driver_cmd SETSUSPENDOPT 0 len = 4096
06-25 14:43:44.148 10416 10416 D wpa_supplicant: wpa_driver_wext_driver_cmd SETSUSPENDOPT 0 len = 0, 15
06-25 14:43:44.148 10416 10416 D wpa_supplicant: wpa_driver_wext_driver_cmd POWERMODE 0 len = 4096
06-25 14:43:44.152 26421 26421 I PhoneLab-StatusMonitorLocation: Location_Latitude: 42.9543666 Longitude: -78.8267638 Accuracy: 34.0
06-25 14:43:44.152 26421 26421 I PhoneLab-Locks: wake lock released
06-25 14:43:44.156 26576 26651 D androidNetworkLocationListeners: Still have listener com.google.android.location.internal.client.NetworkLocationClient$1@41318678
06-25 14:43:44.168 10416 10416 D wpa_supplicant: wpa_driver_wext_driver_cmd OK len = 0, 2
06-25 14:43:44.168 10416 10416 D wpa_supplicant: wpa_driver_wext_driver_cmd SETSUSPENDOPT 0 len = 4096
06-25 14:43:44.168 10416 10416 D wpa_supplicant: wpa_driver_wext_driver_cmd SETSUSPENDOPT 0 len = 0, 15
06-25 14:43:44.168 10416 10416 D wpa_supplicant: wpa_driver_wext_driver_cmd POWERMODE 0 len = 4096
06-25 14:43:44.172 10416 10416 D wpa_supplicant: wpa_driver_wext_driver_cmd OK len = 0, 2
06-25 14:43:44.172 10416 10416 D wpa_supplicant: WPS: Building WPS IE for Probe Request
06-25 14:43:44.172 10416 10416 D wpa_supplicant: WPS:  * Version (hardcoded 0x10)
06-25 14:43:44.172 10416 10416 D wpa_supplicant: WPS:  * Request Type
06-25 14:43:44.172 10416 10416 D wpa_supplicant: WPS:  * Config Methods (2388)
06-25 14:43:44.172 10416 10416 D wpa_supplicant: WPS:  * UUID-E
06-25 14:43:44.172 10416 10416 D wpa_supplicant: WPS:  * Primary Device Type
06-25 14:43:44.172 10416 10416 D wpa_supplicant: WPS:  * RF Bands (3)
06-25 14:43:44.172 10416 10416 D wpa_supplicant: WPS:  * Association State
06-25 14:43:44.172 10416 10416 D wpa_supplicant: WPS:  * Configuration Error (0)
06-25 14:43:44.172 10416 10416 D wpa_supplicant: WPS:  * Device Password ID (0)
06-25 14:43:44.172 10416 10416 D wpa_supplicant: WPS:  * Manufacturer
06-25 14:43:44.172 10416 10416 D wpa_supplicant: WPS:  * Model Name
06-25 14:43:44.172 10416 10416 D wpa_supplicant: WPS:  * Model Number
06-25 14:43:44.172 10416 10416 D wpa_supplicant: WPS:  * Device Name
06-25 14:43:44.172 10416 10416 D wpa_supplicant: WPS:  * Version2 (0x20)
06-25 14:43:44.172 10416 10416 D wpa_supplicant: wpa_driver_wext_combo_scan: Start
06-25 14:43:44.172 10416 10416 D wpa_supplicant: For Scan: (null)
06-25 14:43:44.172 10416 10416 D wpa_supplicant: Scan requested (ret=0) - scan timeout 30 seconds
06-25 14:43:45.343 10416 10416 D wpa_supplicant: RTM_NEWLINK: operstate=1 ifi_flags=0x11043 ([UP][RUNNING][LOWER_UP])
06-25 14:43:45.343 10416 10416 D wpa_supplicant: RTM_NEWLINK, IFLA_IFNAME: Interface 'wlan0' added
06-25 14:43:45.343 10416 10416 D wpa_supplicant: Wireless event: cmd=0x8b19 len=8
06-25 14:43:45.343 10416 10416 D wpa_supplicant: Received 1643 bytes of scan results (5 BSSes)
06-25 14:43:45.457 10416 10416 D wpa_supplicant: wpa_driver_wext_driver_cmd SETSUSPENDOPT 0 len = 4096
06-25 14:43:45.457 10416 10416 D wpa_supplicant: wpa_driver_wext_driver_cmd SETSUSPENDOPT 0 len = 0, 15
06-25 14:43:45.457 10416 10416 D wpa_supplicant: wpa_driver_wext_driver_cmd POWERMODE 0 len = 4096
06-25 14:43:45.461 10416 10416 D wpa_supplicant: wpa_driver_wext_driver_cmd OK len = 0, 2
06-25 14:43:45.664   142 27904 I AudioService:  AudioFocus  abandonAudioFocus() from android.media.AudioManager@415a1230
06-25 14:43:48.750    81   121 D AudioHardware: AudioHardware pcm playback is going to standby.
06-25 14:43:48.754    81   121 D AudioHardware: closePcmOut_l() mPcmOpenCnt: 1
06-25 14:45:40.035 10416 10416 D wpa_supplicant: wpa_driver_wext_set_key: alg=2 key_idx=1 set_tx=0 seq_len=6 key_len=32
06-25 14:45:40.035 10416 10416 I wpa_supplicant: wlan0: WPA: Group rekeying completed with 00:25:9c:d9:d4:0c [GTK=TKIP]
06-25 14:45:40.039 10416 10416 D wpa_supplicant: wpa_driver_wext_set_key: alg=2 key_idx=1 set_tx=0 seq_len=6 key_len=32
06-25 14:45:40.039 10416 10416 I wpa_supplicant: wlan0: WPA: Group rekeying completed with 00:25:9c:d9:d4:0c [GTK=TKIP]
06-25 14:49:09.089 10416 10416 D wpa_supplicant: wpa_driver_wext_driver_cmd SETSUSPENDOPT 0 len = 4096
06-25 14:49:09.089 10416 10416 D wpa_supplicant: wpa_driver_wext_driver_cmd SETSUSPENDOPT 0 len = 0, 15
06-25 14:49:09.089 10416 10416 D wpa_supplicant: wpa_driver_wext_driver_cmd POWERMODE 0 len = 4096
06-25 14:49:09.093 10416 10416 D wpa_supplicant: wpa_driver_wext_driver_cmd OK len = 0, 2
06-25 14:49:09.566 10416 10416 D wpa_supplicant: wpa_driver_wext_driver_cmd SETSUSPENDOPT 0 len = 4096
06-25 14:49:09.566 10416 10416 D wpa_supplicant: wpa_driver_wext_driver_cmd SETSUSPENDOPT 0 len = 0, 15
06-25 14:49:09.566 10416 10416 D wpa_supplicant: wpa_driver_wext_driver_cmd POWERMODE 0 len = 4096
06-25 14:49:09.574 10416 10416 D wpa_supplicant: wpa_driver_wext_driver_cmd OK len = 0, 2
06-25 14:49:56.949   142   158 V BackupManagerService: Running a backup pass
