06-28 12:15:08.492 26576 26651 D androidNetworkLocationListeners: Still have listener com.google.android.location.internal.client.NetworkLocationClient$1@41318678
06-28 12:15:08.496  5807  5807 I PhoneLab-Locks: wake lock released
06-28 12:15:08.523 32520 32520 D wpa_supplicant: wpa_driver_wext_driver_cmd SETSUSPENDOPT 0 len = 4096
06-28 12:15:08.523 32520 32520 D wpa_supplicant: wpa_driver_wext_driver_cmd SETSUSPENDOPT 0 len = 0, 15
06-28 12:15:08.523 32520 32520 D wpa_supplicant: wpa_driver_wext_driver_cmd POWERMODE 0 len = 4096
06-28 12:15:08.527 32520 32520 D wpa_supplicant: wpa_driver_wext_driver_cmd OK len = 0, 2
06-28 12:15:08.531 32520 32520 D wpa_supplicant: wpa_driver_wext_driver_cmd SETSUSPENDOPT 0 len = 4096
06-28 12:15:08.531 32520 32520 D wpa_supplicant: wpa_driver_wext_driver_cmd SETSUSPENDOPT 0 len = 0, 15
06-28 12:15:08.531 32520 32520 D wpa_supplicant: wpa_driver_wext_driver_cmd POWERMODE 0 len = 4096
06-28 12:15:08.531 32520 32520 D wpa_supplicant: wpa_driver_wext_driver_cmd OK len = 0, 2
06-28 12:15:08.535 32520 32520 D wpa_supplicant: WPS: Building WPS IE for Probe Request
06-28 12:15:08.535 32520 32520 D wpa_supplicant: WPS:  * Version (hardcoded 0x10)
06-28 12:15:08.535 32520 32520 D wpa_supplicant: WPS:  * Request Type
06-28 12:15:08.535 32520 32520 D wpa_supplicant: WPS:  * Config Methods (2388)
06-28 12:15:08.535 32520 32520 D wpa_supplicant: WPS:  * UUID-E
06-28 12:15:08.535 32520 32520 D wpa_supplicant: WPS:  * Primary Device Type
06-28 12:15:08.535 32520 32520 D wpa_supplicant: WPS:  * RF Bands (3)
06-28 12:15:08.535 32520 32520 D wpa_supplicant: WPS:  * Association State
06-28 12:15:08.535 32520 32520 D wpa_supplicant: WPS:  * Configuration Error (0)
06-28 12:15:08.535 32520 32520 D wpa_supplicant: WPS:  * Device Password ID (0)
06-28 12:15:08.535 32520 32520 D wpa_supplicant: WPS:  * Manufacturer
06-28 12:15:08.535 32520 32520 D wpa_supplicant: WPS:  * Model Name
06-28 12:15:08.535 32520 32520 D wpa_supplicant: WPS:  * Model Number
06-28 12:15:08.535 32520 32520 D wpa_supplicant: WPS:  * Device Name
06-28 12:15:08.535 32520 32520 D wpa_supplicant: WPS:  * Version2 (0x20)
06-28 12:15:08.535 32520 32520 D wpa_supplicant: wpa_driver_wext_combo_scan: Start
06-28 12:15:08.535 32520 32520 D wpa_supplicant: For Scan: (null)
06-28 12:15:08.535 32520 32520 D wpa_supplicant: Scan requested (ret=0) - scan timeout 30 seconds
06-28 12:15:09.699 32520 32520 D wpa_supplicant: RTM_NEWLINK: operstate=1 ifi_flags=0x11043 ([UP][RUNNING][LOWER_UP])
06-28 12:15:09.699 32520 32520 D wpa_supplicant: RTM_NEWLINK, IFLA_IFNAME: Interface 'wlan0' added
06-28 12:15:09.699 32520 32520 D wpa_supplicant: Wireless event: cmd=0x8b19 len=8
06-28 12:15:09.699 32520 32520 D wpa_supplicant: Received 1643 bytes of scan results (5 BSSes)
06-28 12:15:09.824 32520 32520 D wpa_supplicant: wpa_driver_wext_driver_cmd SETSUSPENDOPT 0 len = 4096
06-28 12:15:09.824 32520 32520 D wpa_supplicant: wpa_driver_wext_driver_cmd SETSUSPENDOPT 0 len = 0, 15
06-28 12:15:09.824 32520 32520 D wpa_supplicant: wpa_driver_wext_driver_cmd POWERMODE 0 len = 4096
06-28 12:15:09.828 32520 32520 D wpa_supplicant: wpa_driver_wext_driver_cmd OK len = 0, 2
06-28 12:15:09.859 26576 26578 D dalvikvm: GC_CONCURRENT freed 631K, 9% free 11107K/12167K, paused 2ms+3ms
06-28 12:25:07.171  5807  5807 I PhoneLab-Locks: wake lock acquired
06-28 12:25:07.207  5807  5807 I PhoneLab-StatusMonitor: Status Monitoring is started
06-28 12:25:07.250  5807  5810 D dalvikvm: GC_CONCURRENT freed 523K, 7% free 9194K/9863K, paused 7ms+2ms
06-28 12:25:07.281  5807  5807 I PhoneLab-StatusMonitor: Value: 10 - unit: min
06-28 12:25:07.281  5807  5807 I PhoneLab-StatusMonitor: Running interval: 600000
06-28 12:25:07.289  5807  5807 I PhoneLab-StatusMonitor: Rescheduling status monitoring...
06-28 12:25:07.289  5807  5807 I PhoneLab-Locks: wake lock released
06-28 12:25:07.296  5807  5807 I PhoneLab-StatusMonitorLocation: Learning Location
06-28 12:25:07.296  5807  5807 I PhoneLab-Locks: wake lock acquired
06-28 12:25:07.312  5807  5807 I PhoneLab-Locks: wake lock acquired
06-28 12:25:07.312  5807  5807 I PhoneLab-StatusMonitorLocation: Learning Signal Strgth
06-28 12:25:07.312  5807  5807 I PhoneLab-Locks: wake lock acquired
06-28 12:25:07.324 26576 26651 D androidNetworkLocationListeners: Still have listener com.google.android.location.internal.client.NetworkLocationClient$1@41318678
06-28 12:25:07.328 32520 32520 D wpa_supplicant: wpa_driver_wext_driver_cmd SETSUSPENDOPT 0 len = 4096
06-28 12:25:07.328 32520 32520 D wpa_supplicant: wpa_driver_wext_driver_cmd SETSUSPENDOPT 0 len = 0, 15
06-28 12:25:07.328 32520 32520 D wpa_supplicant: wpa_driver_wext_driver_cmd POWERMODE 0 len = 4096
06-28 12:25:07.332 26576 26651 D androidNetworkLocationListeners: Still have listener com.google.android.location.internal.client.NetworkLocationClient$1@41318678
06-28 12:25:07.332  5807  5807 I PhoneLab-StatusMonitorBattery: Battery_level: 71
06-28 12:25:07.336 32520 32520 D wpa_supplicant: wpa_driver_wext_driver_cmd OK len = 0, 2
06-28 12:25:07.339 32520 32520 D wpa_supplicant: WPS: Building WPS IE for Probe Request
06-28 12:25:07.339 32520 32520 D wpa_supplicant: WPS:  * Version (hardcoded 0x10)
06-28 12:25:07.339 32520 32520 D wpa_supplicant: WPS:  * Request Type
06-28 12:25:07.339 32520 32520 D wpa_supplicant: WPS:  * Config Methods (2388)
06-28 12:25:07.339 32520 32520 D wpa_supplicant: WPS:  * UUID-E
06-28 12:25:07.339 32520 32520 D wpa_supplicant: WPS:  * Primary Device Type
06-28 12:25:07.339 32520 32520 D wpa_supplicant: WPS:  * RF Bands (3)
06-28 12:25:07.339 32520 32520 D wpa_supplicant: WPS:  * Association State
06-28 12:25:07.339 32520 32520 D wpa_supplicant: WPS:  * Configuration Error (0)
06-28 12:25:07.339 32520 32520 D wpa_supplicant: WPS:  * Device Password ID (0)
06-28 12:25:07.339 32520 32520 D wpa_supplicant: WPS:  * Manufacturer
06-28 12:25:07.339 32520 32520 D wpa_supplicant: WPS:  * Model Name
06-28 12:25:07.339 32520 32520 D wpa_supplicant: WPS:  * Model Number
06-28 12:25:07.339 32520 32520 D wpa_supplicant: WPS:  * Device Name
06-28 12:25:07.339 32520 32520 D wpa_supplicant: WPS:  * Version2 (0x20)
06-28 12:25:07.339 32520 32520 D wpa_supplicant: wpa_driver_wext_combo_scan: Start
06-28 12:25:07.339 32520 32520 D wpa_supplicant: For Scan: (null)
06-28 12:25:07.339  5807  5807 I PhoneLab-Locks: wake lock released
06-28 12:25:07.339 32520 32520 D wpa_supplicant: Scan requested (ret=0) - scan timeout 30 seconds
06-28 12:25:07.339 32520 32520 D wpa_supplicant: Ongoing scan action - reject new request
06-28 12:25:07.343  5807  5807 I PhoneLab-StatusMonitorSignal: Signal_Strength: -76 asu: 19
06-28 12:25:07.343  5807  5807 I PhoneLab-Locks: wake lock released
06-28 12:25:08.511 32520 32520 D wpa_supplicant: RTM_NEWLINK: operstate=1 ifi_flags=0x11043 ([UP][RUNNING][LOWER_UP])
06-28 12:25:08.511 32520 32520 D wpa_supplicant: RTM_NEWLINK, IFLA_IFNAME: Interface 'wlan0' added
06-28 12:25:08.511 32520 32520 D wpa_supplicant: Wireless event: cmd=0x8b19 len=8
06-28 12:25:08.519 32520 32520 D wpa_supplicant: Received 1643 bytes of scan results (5 BSSes)
06-28 12:25:08.609 32520 32520 D wpa_supplicant: wpa_driver_wext_driver_cmd SETSUSPENDOPT 0 len = 4096
06-28 12:25:08.609 32520 32520 D wpa_supplicant: wpa_driver_wext_driver_cmd SETSUSPENDOPT 0 len = 0, 15
06-28 12:25:08.609 32520 32520 D wpa_supplicant: wpa_driver_wext_driver_cmd POWERMODE 0 len = 4096
06-28 12:25:08.613 32520 32520 D wpa_supplicant: wpa_driver_wext_driver_cmd OK len = 0, 2
06-28 12:25:08.617  5807  5807 I PhoneLab-StatusMonitorLocation: Location_Latitude: 42.9543607 Longitude: -78.8268116 Accuracy: 30.0
06-28 12:25:08.617 26576 26651 D androidNetworkLocationListeners: Still have listener com.google.android.location.internal.client.NetworkLocationClient$1@41318678
06-28 12:25:08.617  5807  5807 I PhoneLab-Locks: wake lock released
06-28 12:25:08.617 32520 32520 D wpa_supplicant: wpa_driver_wext_driver_cmd SETSUSPENDOPT 0 len = 4096
06-28 12:25:08.617 32520 32520 D wpa_supplicant: wpa_driver_wext_driver_cmd SETSUSPENDOPT 0 len = 0, 15
06-28 12:25:08.617 32520 32520 D wpa_supplicant: wpa_driver_wext_driver_cmd POWERMODE 0 len = 4096
06-28 12:25:08.621 32520 32520 D wpa_supplicant: wpa_driver_wext_driver_cmd OK len = 0, 2
06-28 12:25:08.621 32520 32520 D wpa_supplicant: WPS: Building WPS IE for Probe Request
06-28 12:25:08.621 32520 32520 D wpa_supplicant: WPS:  * Version (hardcoded 0x10)
06-28 12:25:08.621 32520 32520 D wpa_supplicant: WPS:  * Request Type
06-28 12:25:08.621 32520 32520 D wpa_supplicant: WPS:  * Config Methods (2388)
06-28 12:25:08.621 32520 32520 D wpa_supplicant: WPS:  * UUID-E
06-28 12:25:08.621 32520 32520 D wpa_supplicant: WPS:  * Primary Device Type
06-28 12:25:08.621 32520 32520 D wpa_supplicant: WPS:  * RF Bands (3)
06-28 12:25:08.621 32520 32520 D wpa_supplicant: WPS:  * Association State
06-28 12:25:08.621 32520 32520 D wpa_supplicant: WPS:  * Configuration Error (0)
06-28 12:25:08.621 32520 32520 D wpa_supplicant: WPS:  * Device Password ID (0)
06-28 12:25:08.621 32520 32520 D wpa_supplicant: WPS:  * Manufacturer
06-28 12:25:08.621 32520 32520 D wpa_supplicant: WPS:  * Model Name
06-28 12:25:08.621 32520 32520 D wpa_supplicant: WPS:  * Model Number
06-28 12:25:08.621 32520 32520 D wpa_supplicant: WPS:  * Device Name
06-28 12:25:08.621 32520 32520 D wpa_supplicant: WPS:  * Version2 (0x20)
06-28 12:25:08.621 32520 32520 D wpa_supplicant: wpa_driver_wext_combo_scan: Start
06-28 12:25:08.621 32520 32520 D wpa_supplicant: For Scan: (null)
06-28 12:25:08.625 32520 32520 D wpa_supplicant: Scan requested (ret=0) - scan timeout 30 seconds
06-28 12:25:09.800 32520 32520 D wpa_supplicant: RTM_NEWLINK: operstate=1 ifi_flags=0x11043 ([UP][RUNNING][LOWER_UP])
06-28 12:25:09.800 32520 32520 D wpa_supplicant: RTM_NEWLINK, IFLA_IFNAME: Interface 'wlan0' added
06-28 12:25:09.800 32520 32520 D wpa_supplicant: Wireless event: cmd=0x8b19 len=8
06-28 12:25:09.800 32520 32520 D wpa_supplicant: Received 1643 bytes of scan results (5 BSSes)
06-28 12:25:09.898 32520 32520 D wpa_supplicant: wpa_driver_wext_driver_cmd SETSUSPENDOPT 0 len = 4096
06-28 12:25:09.898 32520 32520 D wpa_supplicant: wpa_driver_wext_driver_cmd SETSUSPENDOPT 0 len = 0, 15
06-28 12:25:09.898 32520 32520 D wpa_supplicant: wpa_driver_wext_driver_cmd POWERMODE 0 len = 4096
06-28 12:25:09.902 32520 32520 D wpa_supplicant: wpa_driver_wext_driver_cmd OK len = 0, 2
06-28 12:30:55.070  6094  6114 D SCollector: Waiting for the ScannerThread to start.
06-28 12:30:55.074  6094  6564 D SCollector: PreScan started with config: Scanner types: [8]; ScanDuration: 10000, SensorDelay: 0, viewOptedOutWifiAps: false
06-28 12:30:55.074  6094  6564 D SCollector: aq started.
06-28 12:30:55.074  6094  6564 D SCollector: F started.
06-28 12:30:55.078  6094  6564 D SCollector: PreScanner started.
06-28 12:31:02.039  6094  6097 D dalvikvm: GC_CONCURRENT freed 558K, 7% free 10452K/11143K, paused 30ms+2ms
06-28 12:31:05.093  6094  6094 D SCollector: aq stopped.
06-28 12:31:05.093  6094  6094 D SCollector: All scanner finished.
06-28 12:31:05.093  6094  6094 D SCollector: F stopped.
06-28 12:31:05.093   142   423 W ActivityManager: finishReceiver called but no pending broadcasts
06-28 12:31:05.144  6094  6564 D dalvikvm: GC_FOR_ALLOC freed 106K, 6% free 10509K/11143K, paused 19ms
06-28 12:31:05.144  6094  6564 D SCollector: PreScanning finished.
06-28 12:31:05.164  6094  6564 D dalvikvm: GC_FOR_ALLOC freed 184K, 8% free 10362K/11143K, paused 19ms
06-28 12:31:05.254 32520 32520 D wpa_supplicant: wpa_driver_wext_driver_cmd SETSUSPENDOPT 0 len = 4096
06-28 12:31:05.254 32520 32520 D wpa_supplicant: wpa_driver_wext_driver_cmd SETSUSPENDOPT 0 len = 0, 15
06-28 12:31:05.254 32520 32520 D wpa_supplicant: wpa_driver_wext_driver_cmd POWERMODE 0 len = 4096
06-28 12:31:05.257  6094  6564 D SCollector: PreScanDecision returns false. Will not do real collection.
06-28 12:31:05.257  6094  6564 D SCollector: SignalCollector.ScannerThread is quiting.
06-28 12:31:05.261 32520 32520 D wpa_supplicant: wpa_driver_wext_driver_cmd OK len = 0, 2
06-28 12:31:05.300  6094  6097 D dalvikvm: GC_CONCURRENT freed 407K, 8% free 10347K/11143K, paused 2ms+6ms
06-28 12:31:05.824 32520 32520 D wpa_supplicant: wpa_driver_wext_driver_cmd SETSUSPENDOPT 0 len = 4096
06-28 12:31:05.828 32520 32520 D wpa_supplicant: wpa_driver_wext_driver_cmd SETSUSPENDOPT 0 len = 0, 15
06-28 12:31:05.828 32520 32520 D wpa_supplicant: wpa_driver_wext_driver_cmd POWERMODE 0 len = 4096
06-28 12:31:05.843 32520 32520 D wpa_supplicant: wpa_driver_wext_driver_cmd OK len = 0, 2
06-28 12:35:07.293  5807  5807 I PhoneLab-Locks: wake lock acquired
06-28 12:35:07.332  5807  5818 D dalvikvm: GC_EXPLICIT freed 396K, 8% free 9148K/9863K, paused 10ms+2ms
06-28 12:35:07.332  5807  5807 I PhoneLab-StatusMonitor: Status Monitoring is started
06-28 12:35:07.386  5807  5807 I PhoneLab-StatusMonitor: Value: 10 - unit: min
06-28 12:35:07.390  5807  5807 I PhoneLab-StatusMonitor: Running interval: 600000
06-28 12:35:07.398  5807  5810 D dalvikvm: GC_CONCURRENT freed 427K, 7% free 9232K/9863K, paused 1ms+2ms
06-28 12:35:07.402  5807  5807 I PhoneLab-StatusMonitor: Rescheduling status monitoring...
06-28 12:35:07.402  5807  5807 I PhoneLab-Locks: wake lock released
06-28 12:35:07.410  5807  5807 I PhoneLab-StatusMonitorLocation: Learning Location
06-28 12:35:07.410  5807  5807 I PhoneLab-Locks: wake lock acquired
06-28 12:35:07.414  5807  5807 I PhoneLab-Locks: wake lock acquired
06-28 12:35:07.414 26576 26651 D androidNetworkLocationListeners: Still have listener com.google.android.location.internal.client.NetworkLocationClient$1@41318678
06-28 12:35:07.422  5807  5807 I PhoneLab-StatusMonitorLocation: Learning Signal Strgth
06-28 12:35:07.422  5807  5807 I PhoneLab-Locks: wake lock acquired
06-28 12:35:07.441 32520 32520 D wpa_supplicant: wpa_driver_wext_driver_cmd SETSUSPENDOPT 0 len = 4096
06-28 12:35:07.441 32520 32520 D wpa_supplicant: wpa_driver_wext_driver_cmd SETSUSPENDOPT 0 len = 0, 15
06-28 12:35:07.441 32520 32520 D wpa_supplicant: wpa_driver_wext_driver_cmd POWERMODE 0 len = 4096
06-28 12:35:07.449 32520 32520 D wpa_supplicant: wpa_driver_wext_driver_cmd OK len = 0, 2
06-28 12:35:07.453 32520 32520 D wpa_supplicant: WPS: Building WPS IE for Probe Request
06-28 12:35:07.453 32520 32520 D wpa_supplicant: WPS:  * Version (hardcoded 0x10)
06-28 12:35:07.453 32520 32520 D wpa_supplicant: WPS:  * Request Type
06-28 12:35:07.453 32520 32520 D wpa_supplicant: WPS:  * Config Methods (2388)
06-28 12:35:07.453 32520 32520 D wpa_supplicant: WPS:  * UUID-E
06-28 12:35:07.453 32520 32520 D wpa_supplicant: WPS:  * Primary Device Type
06-28 12:35:07.453 32520 32520 D wpa_supplicant: WPS:  * RF Bands (3)
06-28 12:35:07.453 32520 32520 D wpa_supplicant: WPS:  * Association State
06-28 12:35:07.453 32520 32520 D wpa_supplicant: WPS:  * Configuration Error (0)
06-28 12:35:07.453 32520 32520 D wpa_supplicant: WPS:  * Device Password ID (0)
06-28 12:35:07.453 32520 32520 D wpa_supplicant: WPS:  * Manufacturer
06-28 12:35:07.453 32520 32520 D wpa_supplicant: WPS:  * Model Name
06-28 12:35:07.453 32520 32520 D wpa_supplicant: WPS:  * Model Number
06-28 12:35:07.453 32520 32520 D wpa_supplicant: WPS:  * Device Name
06-28 12:35:07.453 32520 32520 D wpa_supplicant: WPS:  * Version2 (0x20)
06-28 12:35:07.453 32520 32520 D wpa_supplicant: wpa_driver_wext_combo_scan: Start
06-28 12:35:07.453 32520 32520 D wpa_supplicant: For Scan: (null)
06-28 12:35:07.453  5807  5807 I PhoneLab-StatusMonitorBattery: Battery_level: 71
06-28 12:35:07.453 32520 32520 D wpa_supplicant: Scan requested (ret=0) - scan timeout 30 seconds
06-28 12:35:07.457 26576 26651 D androidNetworkLocationListeners: Still have listener com.google.android.location.internal.client.NetworkLocationClient$1@41318678
06-28 12:35:07.457 32520 32520 D wpa_supplicant: Ongoing scan action - reject new request
06-28 12:35:07.457  5807  5807 I PhoneLab-Locks: wake lock released
06-28 12:35:07.464  5807  5807 I PhoneLab-StatusMonitorSignal: Signal_Strength: -76 asu: 19
06-28 12:35:07.464  5807  5807 I PhoneLab-Locks: wake lock released
06-28 12:35:08.632 32520 32520 D wpa_supplicant: RTM_NEWLINK: operstate=1 ifi_flags=0x11043 ([UP][RUNNING][LOWER_UP])
06-28 12:35:08.632 32520 32520 D wpa_supplicant: RTM_NEWLINK, IFLA_IFNAME: Interface 'wlan0' added
06-28 12:35:08.632 32520 32520 D wpa_supplicant: Wireless event: cmd=0x8b19 len=8
06-28 12:35:08.648 32520 32520 D wpa_supplicant: Received 1643 bytes of scan results (5 BSSes)
06-28 12:35:08.765 26576 26578 D dalvikvm: GC_CONCURRENT freed 697K, 9% free 11105K/12167K, paused 2ms+3ms
06-28 12:35:08.773 32520 32520 D wpa_supplicant: wpa_driver_wext_driver_cmd SETSUSPENDOPT 0 len = 4096
06-28 12:35:08.773 32520 32520 D wpa_supplicant: wpa_driver_wext_driver_cmd SETSUSPENDOPT 0 len = 0, 15
06-28 12:35:08.773 32520 32520 D wpa_supplicant: wpa_driver_wext_driver_cmd POWERMODE 0 len = 4096
06-28 12:35:08.777 32520 32520 D wpa_supplicant: wpa_driver_wext_driver_cmd OK len = 0, 2
06-28 12:35:08.781  5807  5807 I PhoneLab-StatusMonitorLocation: Location_Latitude: 42.954364 Longitude: -78.8268299 Accuracy: 33.0
06-28 12:35:08.781 26576 26651 D androidNetworkLocationListeners: Still have listener com.google.android.location.internal.client.NetworkLocationClient$1@41318678
06-28 12:35:08.781  5807  5807 I PhoneLab-Locks: wake lock released
06-28 12:35:08.785 32520 32520 D wpa_supplicant: wpa_driver_wext_driver_cmd SETSUSPENDOPT 0 len = 4096
06-28 12:35:08.785 32520 32520 D wpa_supplicant: wpa_driver_wext_driver_cmd SETSUSPENDOPT 0 len = 0, 15
06-28 12:35:08.785 32520 32520 D wpa_supplicant: wpa_driver_wext_driver_cmd POWERMODE 0 len = 4096
06-28 12:35:08.793 32520 32520 D wpa_supplicant: wpa_driver_wext_driver_cmd OK len = 0, 2
06-28 12:35:08.800 32520 32520 D wpa_supplicant: WPS: Building WPS IE for Probe Request
06-28 12:35:08.800 32520 32520 D wpa_supplicant: WPS:  * Version (hardcoded 0x10)
06-28 12:35:08.800 32520 32520 D wpa_supplicant: WPS:  * Request Type
06-28 12:35:08.800 32520 32520 D wpa_supplicant: WPS:  * Config Methods (2388)
06-28 12:35:08.800 32520 32520 D wpa_supplicant: WPS:  * UUID-E
06-28 12:35:08.800 32520 32520 D wpa_supplicant: WPS:  * Primary Device Type
06-28 12:35:08.800 32520 32520 D wpa_supplicant: WPS:  * RF Bands (3)
06-28 12:35:08.800 32520 32520 D wpa_supplicant: WPS:  * Association State
06-28 12:35:08.800 32520 32520 D wpa_supplicant: WPS:  * Configuration Error (0)
06-28 12:35:08.800 32520 32520 D wpa_supplicant: WPS:  * Device Password ID (0)
06-28 12:35:08.800 32520 32520 D wpa_supplicant: WPS:  * Manufacturer
06-28 12:35:08.800 32520 32520 D wpa_supplicant: WPS:  * Model Name
06-28 12:35:08.800 32520 32520 D wpa_supplicant: WPS:  * Model Number
06-28 12:35:08.800 32520 32520 D wpa_supplicant: WPS:  * Device Name
06-28 12:35:08.800 32520 32520 D wpa_supplicant: WPS:  * Version2 (0x20)
06-28 12:35:08.800 32520 32520 D wpa_supplicant: wpa_driver_wext_combo_scan: Start
06-28 12:35:08.800 32520 32520 D wpa_supplicant: For Scan: (null)
06-28 12:35:08.808 32520 32520 D wpa_supplicant: Scan requested (ret=0) - scan timeout 30 seconds
06-28 12:35:09.976 32520 32520 D wpa_supplicant: RTM_NEWLINK: operstate=1 ifi_flags=0x11043 ([UP][RUNNING][LOWER_UP])
06-28 12:35:09.976 32520 32520 D wpa_supplicant: RTM_NEWLINK, IFLA_IFNAME: Interface 'wlan0' added
06-28 12:35:09.976 32520 32520 D wpa_supplicant: Wireless event: cmd=0x8b19 len=8
06-28 12:35:09.988 32520 32520 D wpa_supplicant: Received 1643 bytes of scan results (5 BSSes)
06-28 12:35:10.078 32520 32520 D wpa_supplicant: wpa_driver_wext_driver_cmd SETSUSPENDOPT 0 len = 4096
06-28 12:35:10.078 32520 32520 D wpa_supplicant: wpa_driver_wext_driver_cmd SETSUSPENDOPT 0 len = 0, 15
06-28 12:35:10.078 32520 32520 D wpa_supplicant: wpa_driver_wext_driver_cmd POWERMODE 0 len = 4096
06-28 12:35:10.082 32520 32520 D wpa_supplicant: wpa_driver_wext_driver_cmd OK len = 0, 2
06-28 12:36:18.105   213   216 D dalvikvm: GC_CONCURRENT freed 370K, 60% free 10517K/25991K, paused 2ms+4ms
06-28 12:36:23.183   142   142 W ActivityManager: finishReceiver called but no pending broadcasts
06-28 12:36:23.187 26576  6570 W Smack/Packet: notify conn break (IOEx), close connection
06-28 12:36:23.535   142   320 I ActivityManager: Start proc android.process.acore for content provider com.android.providers.contacts/.ContactsProvider2: pid=6571 uid=10000 gids={3003, 1015}
06-28 12:36:23.601    79    79 D dalvikvm: GC_EXPLICIT freed 37K, 4% free 9031K/9347K, paused 12ms+3ms
06-28 12:36:23.609  6571  6571 I ActivityThread: Pub com.android.voicemail: com.android.providers.contacts.VoicemailContentProvider
06-28 12:36:23.632    79    79 D dalvikvm: GC_EXPLICIT freed <1K, 4% free 9031K/9347K, paused 3ms+2ms
06-28 12:36:23.660  6571  6571 I ActivityThread: Pub user_dictionary: com.android.providers.userdictionary.UserDictionaryProvider
06-28 12:36:23.664    79    79 D dalvikvm: GC_EXPLICIT freed <1K, 4% free 9031K/9347K, paused 1ms+2ms
06-28 12:36:23.683  6571  6571 I ActivityThread: Pub com.android.social: com.android.providers.contacts.SocialProvider
06-28 12:36:23.687  6571  6571 I ActivityThread: Pub applications: com.android.providers.applications.ApplicationsProvider
06-28 12:36:23.769  6571  6572 D dalvikvm: GC_CONCURRENT freed 346K, 5% free 9148K/9607K, paused 2ms+2ms
06-28 12:36:23.773  6571  6571 I ActivityThread: Pub contacts;com.android.contacts: com.android.providers.contacts.ContactsProvider2
06-28 12:36:23.847  6571  6571 I ActivityThread: Pub call_log: com.android.providers.contacts.CallLogProvider
06-28 12:36:23.953   142  4745 I ActivityManager: Process android.process.media (pid 6330) has died.
06-28 12:36:24.089  6571  6572 D dalvikvm: GC_CONCURRENT freed 201K, 4% free 9340K/9671K, paused 2ms+2ms
06-28 12:36:24.453 26576 27411 I EventLogService: Aggregate from 1340899584250 (log), 1340899584250 (data)
06-28 12:36:34.882 26576 26576 I GTalkService/c: [AndroidEndpoint@1093980056] connect: acct=1000001, state=CONNECTING
06-28 12:36:34.882 26576 26576 I GTalkService/c: [GTalkConnection@1094782760] connect: acct=1, state=CONNECTING
06-28 12:36:35.152   142   199 D ConnectivityService: handleInetConditionHoldEnd: net=1, condition=0, published condition=100
06-28 12:36:35.644 26576 26578 D dalvikvm: GC_CONCURRENT freed 545K, 9% free 11130K/12167K, paused 64ms+5ms
06-28 12:36:36.230  5807  5820 I PhoneLab-: Service Running
06-28 12:36:36.332  5807  5820 I PhoneLab-LoggerService: app_38    2630  1     924    484   c00f181c 400107b4 S logcat
06-28 12:36:36.336  5807  5820 I PhoneLab-LoggerService: app_38    30500 1     1064   672   c00f181c 400107b4 S logcat
06-28 12:36:36.336  5807  5820 I PhoneLab-LoggerService: Logcat pid from database 2630
06-28 12:36:36.336  5807  5820 I PhoneLab-LoggerService: Logcat process found 2630
06-28 12:36:36.336  5807  5820 I PhoneLab-LoggerService: Checking Threshold
06-28 12:36:36.336  5807  5820 I PhoneLab-LoggerService: Starting to rename files
06-28 12:36:36.336  5807  5820 I PhoneLab-LoggerService: Files found .. 17
06-28 12:36:36.340  5807  5820 I PhoneLab-LoggerService: File 1 log.out.1
06-28 12:36:36.347  5807  5820 I PhoneLab-LoggerService: Renamed successfully
06-28 12:36:36.347  5807  5820 I PhoneLab-: Service Running
06-28 12:36:36.371   142   320 I ActivityManager: Process com.google.android.talk (pid 6397) has died.
06-28 12:36:36.414  5807  5820 I PhoneLab-LoggerService: app_38    2630  1     924    484   c00f181c 400107b4 S logcat
06-28 12:36:36.414  5807  5820 I PhoneLab-LoggerService: app_38    30500 1     1064   672   c00f181c 400107b4 S logcat
06-28 12:36:36.414  5807  5820 I PhoneLab-LoggerService: Logcat pid from database 2630
06-28 12:36:36.414  5807  5820 I PhoneLab-LoggerService: Logcat process found 2630
06-28 12:36:36.414  5807  5820 I PhoneLab-LoggerService: Checking Threshold
06-28 12:36:36.414  5807  5820 I PhoneLab-LoggerService: Starting to rename files
06-28 12:36:36.425  5807  5820 I PhoneLab-LoggerService: Files found .. 17
06-28 12:36:36.468  5807  5820 I PhoneLab-: Service Running
06-28 12:36:36.504  5807  5820 I PhoneLab-LoggerService: app_38    2630  1     924    484   c00f181c 400107b4 S logcat
06-28 12:36:36.504  5807  5820 I PhoneLab-LoggerService: app_38    30500 1     1064   672   c00f181c 400107b4 S logcat
06-28 12:36:36.504  5807  5820 I PhoneLab-LoggerService: Logcat pid from database 2630
06-28 12:36:36.504  5807  5820 I PhoneLab-LoggerService: Logcat process found 2630
06-28 12:36:36.507  5807  5820 I PhoneLab-LoggerService: Checking Threshold
06-28 12:36:36.507  5807  5820 I PhoneLab-LoggerService: Starting to rename files
06-28 12:36:36.507  5807  5820 I PhoneLab-LoggerService: Files found .. 17
06-28 12:36:36.507   142   199 D ConnectivityService: handleInetConditionHoldEnd: net=1, condition=100, published condition=0
06-28 12:36:36.519  5807  5820 I PhoneLab-: Service Running
06-28 12:36:36.550  5807  5820 I PhoneLab-LoggerService: app_38    2630  1     924    484   c00f181c 400107b4 S logcat
06-28 12:36:36.550  5807  5820 I PhoneLab-LoggerService: app_38    30500 1     1064   672   c00f181c 400107b4 S logcat
06-28 12:36:36.550  5807  5820 I PhoneLab-LoggerService: Logcat pid from database 2630
06-28 12:36:36.550  5807  5820 I PhoneLab-LoggerService: Logcat process found 2630
06-28 12:36:36.550  5807  5820 I PhoneLab-LoggerService: Checking Threshold
06-28 12:36:36.550  5807  5820 I PhoneLab-LoggerService: Starting to rename files
06-28 12:36:36.550  5807  5820 I PhoneLab-LoggerService: Files found .. 17
06-28 12:36:36.554  5807  5820 I PhoneLab-: Service Running
06-28 12:36:36.586  5807  5820 I PhoneLab-LoggerService: app_38    2630  1     924    484   c00f181c 400107b4 S logcat
06-28 12:36:36.586  5807  5820 I PhoneLab-LoggerService: app_38    30500 1     1064   672   c00f181c 400107b4 S logcat
06-28 12:36:36.586  5807  5820 I PhoneLab-LoggerService: Logcat pid from database 2630
06-28 12:36:36.586  5807  5820 I PhoneLab-LoggerService: Logcat process found 2630
06-28 12:36:36.586  5807  5820 I PhoneLab-LoggerService: Checking Threshold
06-28 12:36:36.590  5807  5820 I PhoneLab-LoggerService: Starting to rename files
06-28 12:36:36.590  5807  5820 I PhoneLab-LoggerService: Files found .. 17
06-28 12:36:36.590  5807  5820 I PhoneLab-: Service Running
06-28 12:36:36.632  5807  5810 D dalvikvm: GC_CONCURRENT freed 447K, 7% free 9193K/9863K, paused 1ms+6ms
06-28 12:36:36.644  5807  5820 I PhoneLab-LoggerService: app_38    2630  1     924    484   c00f181c 400107b4 S logcat
06-28 12:36:36.648  5807  5820 I PhoneLab-LoggerService: app_38    30500 1     1064   672   c00f181c 400107b4 S logcat
06-28 12:36:36.648  5807  5820 I PhoneLab-LoggerService: Logcat pid from database 2630
06-28 12:36:36.648  5807  5820 I PhoneLab-LoggerService: Logcat process found 2630
06-28 12:36:36.648  5807  5820 I PhoneLab-LoggerService: Checking Threshold
06-28 12:36:36.648  5807  5820 I PhoneLab-LoggerService: Starting to rename files
06-28 12:36:36.648  5807  5820 I PhoneLab-LoggerService: Files found .. 17
06-28 12:36:36.672  5807  5820 I PhoneLab-: Service Running
06-28 12:36:36.726   142   144 D dalvikvm: GC_CONCURRENT freed 1400K, 24% free 15463K/20167K, paused 2ms+6ms
06-28 12:36:36.777  5807  5820 I PhoneLab-LoggerService: app_38    2630  1     924    484   c00f181c 400107b4 S logcat
06-28 12:36:36.777  5807  5820 I PhoneLab-LoggerService: app_38    30500 1     1064   672   c00f181c 400107b4 S logcat
06-28 12:36:36.781  5807  5820 I PhoneLab-LoggerService: Logcat pid from database 2630
06-28 12:36:36.781   142   159 I ActivityManager: Start proc com.google.android.talk for broadcast com.google.android.talk/.ConnectionStateOnlineReceiver: pid=6599 uid=10047 gids={3003, 1015, 1006, 3002}
06-28 12:36:36.793  5807  5820 I PhoneLab-LoggerService: Logcat process found 2630
06-28 12:36:36.797  5807  5820 I PhoneLab-LoggerService: Checking Threshold
06-28 12:36:36.808  5807  5820 I PhoneLab-LoggerService: Starting to rename files
06-28 12:36:36.820  5807  5820 I PhoneLab-LoggerService: Files found .. 17
06-28 12:36:36.820  5807  5820 I PhoneLab-: Service Running
06-28 12:36:36.875  5807  5820 I PhoneLab-LoggerService: app_38    2630  1     924    484   c00f181c 400107b4 S logcat
06-28 12:36:36.875  5807  5820 I PhoneLab-LoggerService: app_38    30500 1     1064   672   c00f181c 400107b4 S logcat
06-28 12:36:36.879  5807  5820 I PhoneLab-LoggerService: Logcat pid from database 2630
06-28 12:36:36.879  5807  5820 I PhoneLab-LoggerService: Logcat process found 2630
06-28 12:36:36.879  5807  5820 I PhoneLab-LoggerService: Checking Threshold
06-28 12:36:36.882  6599  6599 I ActivityThread: Pub com.google.android.talk.SuggestionProvider: com.google.android.talk.SuggestionsProvider
06-28 12:36:36.882  5807  5820 I PhoneLab-LoggerService: Starting to rename files
06-28 12:36:36.882  5807  5820 I PhoneLab-LoggerService: Files found .. 17
06-28 12:36:36.886  5807  5820 I PhoneLab-: Service Running
06-28 12:36:36.945  5807  5820 I PhoneLab-LoggerService: app_38    2630  1     924    484   c00f181c 400107b4 S logcat
06-28 12:36:36.945  5807  5820 I PhoneLab-LoggerService: app_38    30500 1     1064   672   c00f181c 400107b4 S logcat
06-28 12:36:36.945  5807  5820 I PhoneLab-LoggerService: Logcat pid from database 2630
06-28 12:36:36.945  5807  5820 I PhoneLab-LoggerService: Logcat process found 2630
06-28 12:36:36.945  5807  5820 I PhoneLab-LoggerService: Checking Threshold
06-28 12:36:36.949  5807  5820 I PhoneLab-LoggerService: Starting to rename files
06-28 12:36:36.949  5807  5820 I PhoneLab-LoggerService: Files found .. 17
06-28 12:36:36.949  5807  5820 I PhoneLab-: Service Running
06-28 12:36:36.992  5807  5820 I PhoneLab-LoggerService: app_38    2630  1     924    484   c00f181c 400107b4 S logcat
06-28 12:36:36.996  5807  5820 I PhoneLab-LoggerService: app_38    30500 1     1064   672   c00f181c 400107b4 S logcat
06-28 12:36:36.996  5807  5820 I PhoneLab-LoggerService: Logcat pid from database 2630
06-28 12:36:36.996  5807  5820 I PhoneLab-LoggerService: Logcat process found 2630
06-28 12:36:36.996  5807  5820 I PhoneLab-LoggerService: Checking Threshold
06-28 12:36:36.996  5807  5820 I PhoneLab-LoggerService: Starting to rename files
06-28 12:36:37.000  5807  5820 I PhoneLab-LoggerService: Files found .. 17
06-28 12:36:37.000  5807  5820 I PhoneLab-: Service Running
06-28 12:36:37.031  6599  6599 D vclib:CallStateClient: startListening
06-28 12:36:37.047  5807  5820 I PhoneLab-LoggerService: app_38    2630  1     924    484   c00f181c 400107b4 S logcat
06-28 12:36:37.047  5807  5820 I PhoneLab-LoggerService: app_38    30500 1     1064   672   c00f181c 400107b4 S logcat
06-28 12:36:37.050  5807  5820 I PhoneLab-LoggerService: Logcat pid from database 2630
06-28 12:36:37.050  5807  5820 I PhoneLab-LoggerService: Logcat process found 2630
06-28 12:36:37.050  5807  5820 I PhoneLab-LoggerService: Checking Threshold
06-28 12:36:37.050  5807  5820 I PhoneLab-LoggerService: Starting to rename files
06-28 12:36:37.086  5807  5820 I PhoneLab-LoggerService: Files found .. 17
06-28 12:36:37.086  5807  5820 I PhoneLab-: Service Running
06-28 12:36:37.093  6599  6602 D dalvikvm: GC_CONCURRENT freed 183K, 3% free 9322K/9607K, paused 17ms+15ms
06-28 12:36:37.195  5807  5810 D dalvikvm: GC_CONCURRENT freed 420K, 7% free 9186K/9863K, paused 2ms+2ms
06-28 12:36:37.234   142   423 I ActivityManager: Process com.facebook.katana (pid 5643) has died.
06-28 12:36:37.234   142   423 W ActivityManager: Scheduling restart of crashed service com.facebook.katana/.service.MediaUploadService in 5000ms
06-28 12:36:37.234   142   423 W ActivityManager: Scheduling restart of crashed service com.facebook.katana/.service.BackgroundDetectionService in 15000ms
06-28 12:36:37.261   142   423 W ActivityManager: Scheduling restart of crashed service com.facebook.katana/.service.FacebookService in 14975ms
06-28 12:36:37.285  5807  5820 I PhoneLab-LoggerService: app_38    2630  1     924    484   c00f181c 400107b4 S logcat
06-28 12:36:37.285  5807  5820 I PhoneLab-LoggerService: app_38    30500 1     1064   672   c00f181c 400107b4 S logcat
06-28 12:36:37.285  5807  5820 I PhoneLab-LoggerService: Logcat pid from database 2630
06-28 12:36:37.285  5807  5820 I PhoneLab-LoggerService: Logcat process found 2630
06-28 12:36:37.289  5807  5820 I PhoneLab-LoggerService: Checking Threshold
06-28 12:36:37.289  5807  5820 I PhoneLab-LoggerService: Starting to rename files
06-28 12:36:37.289  5807  5820 I PhoneLab-LoggerService: Files found .. 17
06-28 12:36:37.316   142   345 I ActivityManager: Start proc android.process.media for content provider com.android.providers.media/.MediaProvider: pid=6625 uid=10012 gids={1015, 1023, 1024, 2001, 3003, 3007}
06-28 12:36:37.340  5807  5820 I PhoneLab-: Service Running
06-28 12:36:37.355  6625  6625 I ActivityThread: Pub media: com.android.providers.media.MediaProvider
06-28 12:36:37.394  5807  5820 I PhoneLab-LoggerService: app_38    2630  1     924    484   c00f181c 400107b4 S logcat
06-28 12:36:37.394  5807  5820 I PhoneLab-LoggerService: app_38    30500 1     1064   672   c00f181c 400107b4 S logcat
06-28 12:36:37.394  5807  5820 I PhoneLab-LoggerService: Logcat pid from database 2630
06-28 12:36:37.398  5807  5820 I PhoneLab-LoggerService: Logcat process found 2630
06-28 12:36:37.398  5807  5820 I PhoneLab-LoggerService: Checking Threshold
06-28 12:36:37.398  5807  5820 I PhoneLab-LoggerService: Starting to rename files
06-28 12:36:37.398  5807  5820 I PhoneLab-LoggerService: Files found .. 17
06-28 12:36:37.398  5807  5820 I PhoneLab-: Service Running
06-28 12:36:37.453  5807  5820 I PhoneLab-LoggerService: app_38    2630  1     924    484   c00f181c 400107b4 S logcat
06-28 12:36:37.453  5807  5820 I PhoneLab-LoggerService: app_38    30500 1     1064   672   c00f181c 400107b4 S logcat
06-28 12:36:37.453  5807  5820 I PhoneLab-LoggerService: Logcat pid from database 2630
06-28 12:36:37.453  5807  5820 I PhoneLab-LoggerService: Logcat process found 2630
06-28 12:36:37.453  5807  5820 I PhoneLab-LoggerService: Checking Threshold
06-28 12:36:37.457  5807  5820 I PhoneLab-LoggerService: Starting to rename files
06-28 12:36:37.461  5807  5820 I PhoneLab-LoggerService: Files found .. 17
06-28 12:36:37.945  6625  6625 I ActivityThread: Pub downloads: com.android.providers.downloads.DownloadProvider
06-28 12:36:38.031  6625  6625 I ActivityThread: Pub drm: com.android.providers.drm.DrmProvider
06-28 12:36:38.031  6625  6644 I DownloadManager: in removeSpuriousFiles
06-28 12:36:38.058  6625  6644 I DownloadManager: in removeSpuriousFiles, preserving file /data/data/com.android.providers.downloads/cache/w3XV3.png
06-28 12:36:38.066  6625  6627 D dalvikvm: GC_CONCURRENT freed 396K, 5% free 9140K/9607K, paused 9ms+2ms
06-28 12:36:38.066  6625  6644 I DownloadManager: in removeSpuriousFiles, preserving file /data/data/com.android.providers.downloads/cache/w3XV3-1.png
06-28 12:36:38.066  6625  6644 I DownloadManager: in removeSpuriousFiles, preserving file /data/data/com.android.providers.downloads/cache/metadata.json
06-28 12:36:38.066  6625  6644 I DownloadManager: in removeSpuriousFiles, preserving file /data/data/com.android.providers.downloads/cache/en_general.htm
06-28 12:36:38.066  6625  6644 I DownloadManager: in removeSpuriousFiles, preserving file /data/data/com.android.providers.downloads/cache/metadata-1.json
06-28 12:36:38.066  6625  6644 I DownloadManager: deleting spurious file /cache/backup
06-28 12:36:38.113  6571  6572 D dalvikvm: GC_CONCURRENT freed 324K, 5% free 9405K/9863K, paused 6ms+2ms
06-28 12:37:05.539  6094  6114 D SCollector: Waiting for the ScannerThread to start.
06-28 12:37:05.547  6094  6647 D SCollector: PreScan started with config: Scanner types: [8]; ScanDuration: 10000, SensorDelay: 0, viewOptedOutWifiAps: false
06-28 12:37:05.554  6094  6647 D SCollector: aq started.
06-28 12:37:05.554  6094  6647 D SCollector: F started.
06-28 12:37:05.554  6094  6647 D SCollector: PreScanner started.
06-28 12:37:06.847   142   159 I ActivityManager: Start proc com.facebook.katana for service com.facebook.katana/.service.MediaUploadService: pid=6648 uid=10060 gids={3003, 1006, 1015}
06-28 12:37:06.855  6648  6648 I dalvikvm: Turning on JNI app bug workarounds for target SDK version 7...
06-28 12:37:06.972  6648  6651 D dalvikvm: GC_CONCURRENT freed 153K, 3% free 9382K/9607K, paused 2ms+2ms
06-28 12:37:07.140  6648  6648 I ActivityThread: Pub com.facebook.katana.provider.LoggingProvider: com.facebook.katana.provider.LoggingProvider
06-28 12:37:07.183  6648  6648 I ActivityThread: Pub com.facebook.katana.provider.NotificationsProvider: com.facebook.katana.provider.NotificationsProvider
06-28 12:37:07.187  6648  6648 I ActivityThread: Pub com.facebook.katana.provider.KeyValueProvider: com.facebook.katana.provider.KeyValueProvider
06-28 12:37:07.191  6648  6648 I ActivityThread: Pub com.facebook.katana.provider.CacheProvider: com.facebook.katana.provider.CacheProvider
06-28 12:37:07.195  6648  6648 I ActivityThread: Pub com.facebook.katana.provider.UserValuesProvider: com.facebook.katana.provider.UserValuesProvider
06-28 12:37:07.199  6648  6648 I ActivityThread: Pub com.facebook.katana.provider.PagesProvider: com.facebook.katana.provider.PagesProvider
06-28 12:37:07.199  6648  6648 I ActivityThread: Pub com.facebook.katana.provider.MailboxProvider: com.facebook.katana.provider.MailboxProvider
06-28 12:37:07.218  6648  6648 I ActivityThread: Pub com.facebook.katana.provider.MobileEventLogProvider: com.facebook.katana.provider.MobileEventLogProvider
06-28 12:37:07.218  6648  6648 I ActivityThread: Pub com.facebook.katana.provider.PushNotificationsProvider: com.facebook.katana.provider.PushNotificationsProvider
06-28 12:37:07.222  6648  6648 I ActivityThread: Pub com.facebook.katana.provider.UserStatusesProvider: com.facebook.katana.provider.UserStatusesProvider
06-28 12:37:07.226  6648  6648 I ActivityThread: Pub com.facebook.katana.provider.PhotosProvider: com.facebook.katana.provider.PhotosProvider
06-28 12:37:07.234  6648  6648 I ActivityThread: Pub com.facebook.katana.provider.EventsProvider: com.facebook.katana.provider.EventsProvider
06-28 12:37:07.246  6648  6648 I ActivityThread: Pub com.facebook.katana.provider.ConnectionsProvider: com.facebook.katana.provider.ConnectionsProvider
06-28 12:37:07.250  6648  6651 D dalvikvm: GC_CONCURRENT freed 159K, 3% free 9726K/9991K, paused 3ms+9ms
06-28 12:37:07.265  6648  6648 I ActivityThread: Pub com.facebook.orca.notify.FbandroidMessagesForegroundProvider: com.facebook.orca.notify.FbandroidMessagesForegroundProvider
06-28 12:37:07.382   142  5110 D dalvikvm: GC_EXPLICIT freed 435K, 24% free 15408K/20167K, paused 5ms+7ms
06-28 12:37:07.418  6648  6648 D ACRA    : Retrieve application default SharedPreferences.
06-28 12:37:07.418  6648  6648 D ACRA    : Set OnSharedPreferenceChangeListener.
06-28 12:37:07.425  6648  6648 D ACRA    : ACRA is enabled for com.facebook.katana, intializing...
06-28 12:37:07.453  6648  6648 D ACRA    : Looking for error files in /data/data/com.facebook.katana/app_acra-reports
06-28 12:37:07.515  6648  6648 W nalizableReferenceQueue: Could not load Finalizer in its own class loader.Loading Finalizer in the current class loader instead. As a result, you will not be ableto garbage collect this class loader. To support reclaiming this class loader, eitherresolve the underlying issue, or move Google Collections to your system class path.
06-28 12:37:07.515  6648  6648 W nalizableReferenceQueue: java.io.FileNotFoundException: com/google/common/base/internal/Finalizer.class
06-28 12:37:07.515  6648  6648 W nalizableReferenceQueue: 	at com.google.common.base.FinalizableReferenceQueue$DecoupledLoader.getBaseUrl(FinalizableReferenceQueue.java:243)
06-28 12:37:07.515  6648  6648 W nalizableReferenceQueue: 	at com.google.common.base.FinalizableReferenceQueue$DecoupledLoader.loadFinalizer(FinalizableReferenceQueue.java:227)
06-28 12:37:07.515  6648  6648 W nalizableReferenceQueue: 	at com.google.common.base.FinalizableReferenceQueue.loadFinalizer(FinalizableReferenceQueue.java:155)
06-28 12:37:07.515  6648  6648 W nalizableReferenceQueue: 	at com.google.common.base.FinalizableReferenceQueue.<clinit>(FinalizableReferenceQueue.java:84)
06-28 12:37:07.515  6648  6648 W nalizableReferenceQueue: 	at com.google.common.collect.CustomConcurrentHashMap$QueueHolder.<clinit>(CustomConcurrentHashMap.java:650)
06-28 12:37:07.515  6648  6648 W nalizableReferenceQueue: 	at com.google.common.collect.CustomConcurrentHashMap$WeakEntry.<init>(CustomConcurrentHashMap.java:1342)
06-28 12:37:07.515  6648  6648 W nalizableReferenceQueue: 	at com.google.common.collect.CustomConcurrentHashMap$EntryFactory$9.newEntry(CustomConcurrentHashMap.java:453)
06-28 12:37:07.515  6648  6648 W nalizableReferenceQueue: 	at com.google.common.collect.CustomConcurrentHashMap.a(CustomConcurrentHashMap.java:1715)
06-28 12:37:07.515  6648  6648 W nalizableReferenceQueue: 	at com.google.common.collect.ComputingConcurrentHashMap$ComputingSegment.a(ComputingConcurrentHashMap.java:123)
06-28 12:37:07.515  6648  6648 W nalizableReferenceQueue: 	at com.google.common.collect.ComputingConcurrentHashMap.apply(ComputingConcurrentHashMap.java:71)
06-28 12:37:07.515  6648  6648 W nalizableReferenceQueue: 	at com.google.common.collect.MapMaker$ComputingMapAdapter.get(MapMaker.java:848)
06-28 12:37:07.515  6648  6648 W nalizableReferenceQueue: 	at com.google.inject.internal.Annotations$AnnotationChecker.a(Annotations.java:94)
06-28 12:37:07.515  6648  6648 W nalizableReferenceQueue: 	at com.google.inject.internal.Annotations.c(Annotations.java:112)
06-28 12:37:07.515  6648  6648 W nalizableReferenceQueue: 	at com.google.inject.Key.d(Key.java:369)
06-28 12:37:07.515  6648  6648 W nalizableReferenceQueue: 	at com.google.inject.Key.b(Key.java:356)
06-28 12:37:07.515  6648  6648 W nalizableReferenceQueue: 	at com.google.inject.Key.a(Key.java:267)
06-28 12:37:07.515  6648  6648 W nalizableReferenceQueue: 	at com.facebook.orca.inject.binder.AnnotatedBindingBuilderImpl.a(AnnotatedBindingBuilderImpl.java:22)
06-28 12:37:07.515  6648  6648 W nalizableReferenceQueue: 	at com.facebook.orca.app.FbBaseModule.a(FbBaseModule.java:74)
06-28 12:37:07.515  6648  6648 W nalizableReferenceQueue: 	at com.facebook.orca.inject.AbstractModule.a(AbstractModule.java:19)
06-28 12:37:07.515  6648  6648 W nalizableReferenceQueue: 	at com.facebook.orca.inject.FbInjectorImpl.a(FbInjectorImpl.java:61)
06-28 12:37:07.515  6648  6648 W nalizableReferenceQueue: 	at com.facebook.orca.inject.FbInjectorImpl.<init>(FbInjectorImpl.java:41)
06-28 12:37:07.515  6648  6648 W nalizableReferenceQueue: 	at com.facebook.orca.inject.FbInjector.a(FbInjector.java:40)
06-28 12:37:07.515  6648  6648 W nalizableReferenceQueue: 	at com.facebook.katana.FacebookApplication.onCreate(FacebookApplication.java:86)
06-28 12:37:07.515  6648  6648 W nalizableReferenceQueue: 	at android.app.Instrumentation.callApplicationOnCreate(Instrumentation.java:969)
06-28 12:37:07.515  6648  6648 W nalizableReferenceQueue: 	at android.app.ActivityThread.handleBindApplication(ActivityThread.java:3954)
06-28 12:37:07.515  6648  6648 W nalizableReferenceQueue: 	at android.app.ActivityThread.access$1300(ActivityThread.java:123)
06-28 12:37:07.515  6648  6648 W nalizableReferenceQueue: 	at android.app.ActivityThread$H.handleMessage(ActivityThread.java:1185)
06-28 12:37:07.515  6648  6648 W nalizableReferenceQueue: 	at android.os.Handler.dispatchMessage(Handler.java:99)
06-28 12:37:07.515  6648  6648 W nalizableReferenceQueue: 	at android.os.Looper.loop(Looper.java:137)
06-28 12:37:07.515  6648  6648 W nalizableReferenceQueue: 	at android.app.ActivityThread.main(ActivityThread.java:4424)
06-28 12:37:07.515  6648  6648 W nalizableReferenceQueue: 	at java.lang.reflect.Method.invokeNative(Native Method)
06-28 12:37:07.515  6648  6648 W nalizableReferenceQueue: 	at java.lang.reflect.Method.invoke(Method.java:511)
06-28 12:37:07.515  6648  6648 W nalizableReferenceQueue: 	at com.android.internal.os.ZygoteInit$MethodAndArgsCaller.run(ZygoteInit.java:784)
06-28 12:37:07.515  6648  6648 W nalizableReferenceQueue: 	at com.android.internal.os.ZygoteInit.main(ZygoteInit.java:551)
06-28 12:37:07.515  6648  6648 W nalizableReferenceQueue: 	at dalvik.system.NativeStart.main(Native Method)
06-28 12:37:07.515  6648  6648 I Finalizer: Couldn't access Thread.inheritableThreadLocals. Reference finalizer threads will inherit thread local values.
06-28 12:37:07.593  6648  6651 D dalvikvm: GC_CONCURRENT freed 365K, 5% free 9879K/10311K, paused 2ms+3ms
06-28 12:37:07.754  6648  6651 D dalvikvm: GC_CONCURRENT freed 404K, 5% free 10008K/10503K, paused 3ms+3ms
06-28 12:37:07.961  6648  6651 D dalvikvm: GC_CONCURRENT freed 391K, 5% free 10168K/10631K, paused 3ms+4ms
06-28 12:37:08.129  6648  6664 W Resources: Converting to string: TypedValue{t=0x10/d=0xffffffff a=-1}
06-28 12:37:08.277  6648  6651 D dalvikvm: GC_CONCURRENT freed 299K, 5% free 10294K/10759K, paused 3ms+4ms
06-28 12:37:08.597  6648  6651 D dalvikvm: GC_CONCURRENT freed 294K, 4% free 10428K/10823K, paused 3ms+4ms
06-28 12:37:09.066  6648  6651 D dalvikvm: GC_CONCURRENT freed 322K, 5% free 10500K/10951K, paused 2ms+3ms
06-28 12:37:09.265  6648  6651 D dalvikvm: GC_CONCURRENT freed 362K, 5% free 10598K/11079K, paused 2ms+3ms
06-28 12:37:09.511  6648  6651 D dalvikvm: GC_CONCURRENT freed 313K, 4% free 10727K/11143K, paused 2ms+3ms
06-28 12:37:09.941  6648  6651 D dalvikvm: GC_CONCURRENT freed 492K, 6% free 10708K/11335K, paused 4ms+7ms
06-28 12:37:13.156  6648  6651 D dalvikvm: GC_CONCURRENT freed 324K, 5% free 10876K/11335K, paused 2ms+3ms
06-28 12:37:13.422  6648  6651 D dalvikvm: GC_CONCURRENT freed 43K, 2% free 11349K/11527K, paused 2ms+2ms
06-28 12:37:13.824  6648  6651 D dalvikvm: GC_CONCURRENT freed 313K, 4% free 11719K/12167K, paused 2ms+8ms
06-28 12:37:14.289  6648  6651 D dalvikvm: GC_CONCURRENT freed 711K, 7% free 11838K/12679K, paused 2ms+9ms
06-28 12:37:14.773  6648  6651 D dalvikvm: GC_CONCURRENT freed 846K, 8% free 11829K/12807K, paused 2ms+9ms
06-28 12:37:15.238  6648  6651 D dalvikvm: GC_CONCURRENT freed 855K, 8% free 11819K/12807K, paused 2ms+10ms
06-28 12:37:15.566  6094  6094 D SCollector: aq stopped.
06-28 12:37:15.566  6094  6094 D SCollector: All scanner finished.
06-28 12:37:15.566  6094  6094 D SCollector: F stopped.
06-28 12:37:15.570   142   971 W ActivityManager: finishReceiver called but no pending broadcasts
06-28 12:37:15.632  6094  6647 D SCollector: PreScanning finished.
06-28 12:37:15.644  6094  6097 D dalvikvm: GC_CONCURRENT freed 309K, 6% free 10550K/11143K, paused 7ms+2ms
06-28 12:37:15.750  6094  6647 D SCollector: PreScanDecision returns false. Will not do real collection.
06-28 12:37:15.750  6094  6647 D SCollector: SignalCollector.ScannerThread is quiting.
06-28 12:37:15.882  6648  6651 D dalvikvm: GC_CONCURRENT freed 867K, 8% free 11814K/12807K, paused 2ms+9ms
06-28 12:37:16.328  6648  6651 D dalvikvm: GC_CONCURRENT freed 875K, 8% free 11807K/12807K, paused 2ms+10ms
06-28 12:37:16.945  5807  5820 I PhoneLab-: Service Running
06-28 12:37:17.027  5807  5820 I PhoneLab-LoggerService: app_38    2630  1     924    484   c00f181c 400107b4 S logcat
06-28 12:37:17.027  5807  5820 I PhoneLab-LoggerService: app_38    30500 1     1064   672   c00f181c 400107b4 S logcat
06-28 12:37:17.031  5807  5820 I PhoneLab-LoggerService: Logcat pid from database 2630
06-28 12:37:17.031  5807  5820 I PhoneLab-LoggerService: Logcat process found 2630
06-28 12:37:17.031  5807  5820 I PhoneLab-LoggerService: Checking Threshold
06-28 12:37:17.031  5807  5820 I PhoneLab-LoggerService: Starting to rename files
06-28 12:37:17.031  5807  5820 I PhoneLab-LoggerService: Files found .. 17
06-28 12:37:17.988  5922  5924 D dalvikvm: GC_CONCURRENT freed 261K, 4% free 9208K/9543K, paused 2ms+3ms
06-28 12:37:18.371  5922  5924 D dalvikvm: GC_CONCURRENT freed 168K, 3% free 9515K/9799K, paused 2ms+2ms
06-28 12:37:18.398  5922  6685 I Gmail   : calculateUnknownSyncRationalesAndPurgeInBackground: queueing
06-28 12:37:18.449  5922  5924 D dalvikvm: GC_CONCURRENT freed 310K, 5% free 9710K/10119K, paused 1ms+2ms
06-28 12:37:18.453  5922  6685 I Gmail   : calculateUnknownSyncRationalesAndPurgeInBackground: queueing
06-28 12:37:18.476  5922  6685 I Gmail   : calculateUnknownSyncRationalesAndPurgeInBackground: running
06-28 12:37:18.480  5922  6685 I Gmail   : calculateUnknownSyncRationalesAndPurgeInBackground: running
06-28 12:37:18.531  5922  5924 D dalvikvm: GC_CONCURRENT freed 344K, 5% free 9851K/10311K, paused 1ms+2ms
06-28 12:37:18.625  5922  5924 D dalvikvm: GC_CONCURRENT freed 294K, 4% free 10103K/10439K, paused 2ms+3ms
06-28 12:37:18.699  5922  5924 D dalvikvm: GC_CONCURRENT freed 298K, 4% free 10208K/10631K, paused 2ms+2ms
06-28 12:37:18.996  6648  6651 D dalvikvm: GC_CONCURRENT freed 1656K, 15% free 10953K/12807K, paused 2ms+7ms
06-28 12:37:19.089  5922  6684 I Gmail   : MainSyncRequestProto: lowestBkwdConvoId: 0, highestHandledServerOp: 1034535, normalSync: true
06-28 12:37:19.523  5922  5924 D dalvikvm: GC_CONCURRENT freed 1224K, 13% free 9405K/10759K, paused 6ms+2ms
06-28 12:37:20.472  5922  5924 D dalvikvm: GC_CONCURRENT freed 342K, 13% free 9459K/10759K, paused 3ms+4ms
06-28 12:37:20.636  5922  6684 D dalvikvm: GC_EXPLICIT freed 262K, 13% free 9462K/10759K, paused 2ms+2ms
06-28 12:37:20.644  5922  6684 I Gmail   : MainSyncRequestProto: lowestBkwdConvoId: 0, highestHandledServerOp: 1034644, normalSync: true
06-28 12:37:21.273  5922  6684 D dalvikvm: GC_EXPLICIT freed 170K, 12% free 9515K/10759K, paused 4ms+6ms
06-28 12:37:21.285  5922  6684 I Gmail   : MainSyncRequestProto: lowestBkwdConvoId: 0, highestHandledServerOp: 1034644, normalSync: true
06-28 12:37:21.316  5922  6684 W Gmail   : Scheduling index for 300000 ms from now
