06-19 18:51:27.072   301   301 D wpa_supplicant: RTM_NEWLINK, IFLA_IFNAME: Interface 'wlan0' added
06-19 18:51:27.072   301   301 D wpa_supplicant: Wireless event: cmd=0x8c09 len=32
06-19 18:51:27.072   301   301 D wpa_supplicant: PMKID candidate wireless event: flags=0x0 index=0 bssid=00:22:0d:44:c5:e0
06-19 18:51:27.072   301   301 D wpa_supplicant: RSN: Ignored PMKID candidate without preauth flag
06-19 18:51:27.072   301   301 D wpa_supplicant: RTM_NEWLINK: operstate=1 ifi_flags=0x11043 ([UP][RUNNING][LOWER_UP])
06-19 18:51:27.072   301   301 D wpa_supplicant: RTM_NEWLINK, IFLA_IFNAME: Interface 'wlan0' added
06-19 18:51:27.072   301   301 D wpa_supplicant: Wireless event: cmd=0x8c09 len=32
06-19 18:51:27.072   301   301 D wpa_supplicant: PMKID candidate wireless event: flags=0x0 index=0 bssid=00:21:1c:79:51:90
06-19 18:51:27.072   301   301 D wpa_supplicant: RSN: Ignored PMKID candidate without preauth flag
06-19 18:51:27.100  2146  2720 D dalvikvm: GC_FOR_ALLOC freed 301K, 13% free 9728K/11079K, paused 32ms
06-19 18:51:27.123  2146  2720 D dalvikvm: GC_FOR_ALLOC freed 301K, 13% free 9729K/11079K, paused 19ms
06-19 18:51:27.158  2039  2065 E Unity   : A script behaviour has a different serialization layout when loading. (Read 76 bytes but expected 80 bytes)
06-19 18:51:27.158  2039  2065 E Unity   : Did you #ifdef UNITY_EDITOR a section of your serialized properties in any of your scripts?
06-19 18:51:27.158  2039  2065 E Unity   :  
06-19 18:51:27.158  2039  2065 E Unity   : (Filename: ./Runtime/Serialize/SerializedFile.cpp Line: 1134)
06-19 18:51:27.158  2039  2065 E Unity   : 
06-19 18:51:27.162  2039  2065 E Unity   : A script behaviour has a different serialization layout when loading. (Read 76 bytes but expected 80 bytes)
06-19 18:51:27.162  2039  2065 E Unity   : Did you #ifdef UNITY_EDITOR a section of your serialized properties in any of your scripts?
06-19 18:51:27.162  2039  2065 E Unity   :  
06-19 18:51:27.162  2039  2065 E Unity   : (Filename: ./Runtime/Serialize/SerializedFile.cpp Line: 1134)
06-19 18:51:27.162  2039  2065 E Unity   : 
06-19 18:51:27.166  2039  2065 E Unity   : A script behaviour has a different serialization layout when loading. (Read 76 bytes but expected 80 bytes)
06-19 18:51:27.166  2039  2065 E Unity   : Did you #ifdef UNITY_EDITOR a section of your serialized properties in any of your scripts?
06-19 18:51:27.166  2039  2065 E Unity   :  
06-19 18:51:27.166  2039  2065 E Unity   : (Filename: ./Runtime/Serialize/SerializedFile.cpp Line: 1134)
06-19 18:51:27.166  2039  2065 E Unity   : 
06-19 18:51:27.197  2039  2065 E Unity   : A script behaviour has a different serialization layout when loading. (Read 76 bytes but expected 80 bytes)
06-19 18:51:27.197  2039  2065 E Unity   : Did you #ifdef UNITY_EDITOR a section of your serialized properties in any of your scripts?
06-19 18:51:27.197  2039  2065 E Unity   :  
06-19 18:51:27.197  2039  2065 E Unity   : (Filename: ./Runtime/Serialize/SerializedFile.cpp Line: 1134)
06-19 18:51:27.197  2039  2065 E Unity   : 
06-19 18:51:27.217   301   301 D wpa_supplicant: RTM_NEWLINK: operstate=1 ifi_flags=0x11043 ([UP][RUNNING][LOWER_UP])
06-19 18:51:27.217   301   301 D wpa_supplicant: RTM_NEWLINK, IFLA_IFNAME: Interface 'wlan0' added
06-19 18:51:27.217   301   301 D wpa_supplicant: Wireless event: cmd=0x8c00 len=20
06-19 18:51:27.264   301   301 D wpa_supplicant: RTM_NEWLINK: operstate=1 ifi_flags=0x11043 ([UP][RUNNING][LOWER_UP])
06-19 18:51:27.264   301   301 D wpa_supplicant: RTM_NEWLINK, IFLA_IFNAME: Interface 'wlan0' added
06-19 18:51:27.264   301   301 D wpa_supplicant: Wireless event: cmd=0x8c09 len=32
06-19 18:51:27.264   301   301 D wpa_supplicant: PMKID candidate wireless event: flags=0x0 index=0 bssid=00:13:1a:1f:da:81
06-19 18:51:27.264   301   301 D wpa_supplicant: RSN: Ignored PMKID candidate without preauth flag
06-19 18:51:27.264   301   301 D wpa_supplicant: RTM_NEWLINK: operstate=1 ifi_flags=0x11043 ([UP][RUNNING][LOWER_UP])
06-19 18:51:27.264   301   301 D wpa_supplicant: RTM_NEWLINK, IFLA_IFNAME: Interface 'wlan0' added
06-19 18:51:27.264   301   301 D wpa_supplicant: Wireless event: cmd=0x8c09 len=32
06-19 18:51:27.264   301   301 D wpa_supplicant: PMKID candidate wireless event: flags=0x0 index=0 bssid=00:24:14:ff:8a:11
06-19 18:51:27.264   301   301 D wpa_supplicant: RSN: Ignored PMKID candidate without preauth flag
06-19 18:51:27.264   301   301 D wpa_supplicant: RTM_NEWLINK: operstate=1 ifi_flags=0x11043 ([UP][RUNNING][LOWER_UP])
06-19 18:51:27.264   301   301 D wpa_supplicant: RTM_NEWLINK, IFLA_IFNAME: Interface 'wlan0' added
06-19 18:51:27.264   301   301 D wpa_supplicant: Wireless event: cmd=0x8c09 len=32
06-19 18:51:27.264   301   301 D wpa_supplicant: PMKID candidate wireless event: flags=0x0 index=0 bssid=00:22:0d:44:b9:62
06-19 18:51:27.264   301   301 D wpa_supplicant: RSN: Ignored PMKID candidate without preauth flag
06-19 18:51:27.264   301   301 D wpa_supplicant: RTM_NEWLINK: operstate=1 ifi_flags=0x11043 ([UP][RUNNING][LOWER_UP])
06-19 18:51:27.264   301   301 D wpa_supplicant: RTM_NEWLINK, IFLA_IFNAME: Interface 'wlan0' added
06-19 18:51:27.264   301   301 D wpa_supplicant: Wireless event: cmd=0x8c09 len=32
06-19 18:51:27.264   301   301 D wpa_supplicant: PMKID candidate wireless event: flags=0x0 index=0 bssid=00:0f:90:53:09:02
06-19 18:51:27.264   301   301 D wpa_supplicant: RSN: Ignored PMKID candidate without preauth flag
06-19 18:51:27.264   301   301 D wpa_supplicant: RTM_NEWLINK: operstate=1 ifi_flags=0x11043 ([UP][RUNNING][LOWER_UP])
06-19 18:51:27.264   301   301 D wpa_supplicant: RTM_NEWLINK, IFLA_IFNAME: Interface 'wlan0' added
06-19 18:51:27.264   301   301 D wpa_supplicant: Wireless event: cmd=0x8c09 len=32
06-19 18:51:27.264   301   301 D wpa_supplicant: PMKID candidate wireless event: flags=0x0 index=0 bssid=88:43:e1:fb:95:82
06-19 18:51:27.264   301   301 D wpa_supplicant: RSN: Ignored PMKID candidate without preauth flag
06-19 18:51:27.264   301   301 D wpa_supplicant: RTM_NEWLINK: operstate=1 ifi_flags=0x11043 ([UP][RUNNING][LOWER_UP])
06-19 18:51:27.264   301   301 D wpa_supplicant: RTM_NEWLINK, IFLA_IFNAME: Interface 'wlan0' added
06-19 18:51:27.264   301   301 D wpa_supplicant: Wireless event: cmd=0x8c09 len=32
06-19 18:51:27.264   301   301 D wpa_supplicant: PMKID candidate wireless event: flags=0x0 index=0 bssid=00:22:be:92:fd:b2
06-19 18:51:27.264   301   301 D wpa_supplicant: RSN: Ignored PMKID candidate without preauth flag
06-19 18:51:27.264   301   301 D wpa_supplicant: RTM_NEWLINK: operstate=1 ifi_flags=0x11043 ([UP][RUNNING][LOWER_UP])
06-19 18:51:27.264   301   301 D wpa_supplicant: RTM_NEWLINK, IFLA_IFNAME: Interface 'wlan0' added
06-19 18:51:27.264   301   301 D wpa_supplicant: Wireless event: cmd=0x8c09 len=32
06-19 18:51:27.264   301   301 D wpa_supplicant: PMKID candidate wireless event: flags=0x0 index=0 bssid=00:22:0d:44:c5:e0
06-19 18:51:27.264   301   301 D wpa_supplicant: RSN: Ignored PMKID candidate without preauth flag
06-19 18:51:27.264   301   301 D wpa_supplicant: RTM_NEWLINK: operstate=1 ifi_flags=0x11043 ([UP][RUNNING][LOWER_UP])
06-19 18:51:27.264   301   301 D wpa_supplicant: RTM_NEWLINK, IFLA_IFNAME: Interface 'wlan0' added
06-19 18:51:27.264   301   301 D wpa_supplicant: Wireless event: cmd=0x8c09 len=32
06-19 18:51:27.264   301   301 D wpa_supplicant: PMKID candidate wireless event: flags=0x0 index=0 bssid=00:21:1c:79:51:90
06-19 18:51:27.264   301   301 D wpa_supplicant: RSN: Ignored PMKID candidate without preauth flag
06-19 18:51:27.350   301   301 D wpa_supplicant: RTM_NEWLINK: operstate=1 ifi_flags=0x11043 ([UP][RUNNING][LOWER_UP])
06-19 18:51:27.350   301   301 D wpa_supplicant: RTM_NEWLINK, IFLA_IFNAME: Interface 'wlan0' added
06-19 18:51:27.350   301   301 D wpa_supplicant: Wireless event: cmd=0x8c00 len=20
06-19 18:51:27.455   301   301 D wpa_supplicant: RTM_NEWLINK: operstate=1 ifi_flags=0x11043 ([UP][RUNNING][LOWER_UP])
06-19 18:51:27.455   301   301 D wpa_supplicant: RTM_NEWLINK, IFLA_IFNAME: Interface 'wlan0' added
06-19 18:51:27.455   301   301 D wpa_supplicant: Wireless event: cmd=0x8c00 len=20
06-19 18:51:27.498   301   301 D wpa_supplicant: RTM_NEWLINK: operstate=1 ifi_flags=0x11043 ([UP][RUNNING][LOWER_UP])
06-19 18:51:27.498   301   301 D wpa_supplicant: RTM_NEWLINK, IFLA_IFNAME: Interface 'wlan0' added
06-19 18:51:27.498   301   301 D wpa_supplicant: Wireless event: cmd=0x8c09 len=32
06-19 18:51:27.498   301   301 D wpa_supplicant: PMKID candidate wireless event: flags=0x0 index=0 bssid=00:13:1a:1f:da:81
06-19 18:51:27.498   301   301 D wpa_supplicant: RSN: Ignored PMKID candidate without preauth flag
06-19 18:51:27.498   301   301 D wpa_supplicant: RTM_NEWLINK: operstate=1 ifi_flags=0x11043 ([UP][RUNNING][LOWER_UP])
06-19 18:51:27.498   301   301 D wpa_supplicant: RTM_NEWLINK, IFLA_IFNAME: Interface 'wlan0' added
06-19 18:51:27.498   301   301 D wpa_supplicant: Wireless event: cmd=0x8c09 len=32
06-19 18:51:27.498   301   301 D wpa_supplicant: PMKID candidate wireless event: flags=0x0 index=0 bssid=00:24:14:ff:8a:11
06-19 18:51:27.498   301   301 D wpa_supplicant: RSN: Ignored PMKID candidate without preauth flag
06-19 18:51:27.498   301   301 D wpa_supplicant: RTM_NEWLINK: operstate=1 ifi_flags=0x11043 ([UP][RUNNING][LOWER_UP])
06-19 18:51:27.498   301   301 D wpa_supplicant: RTM_NEWLINK, IFLA_IFNAME: Interface 'wlan0' added
06-19 18:51:27.498   301   301 D wpa_supplicant: Wireless event: cmd=0x8c09 len=32
06-19 18:51:27.498   301   301 D wpa_supplicant: PMKID candidate wireless event: flags=0x0 index=0 bssid=00:22:0d:44:b9:62
06-19 18:51:27.498   301   301 D wpa_supplicant: RSN: Ignored PMKID candidate without preauth flag
06-19 18:51:27.498   301   301 D wpa_supplicant: RTM_NEWLINK: operstate=1 ifi_flags=0x11043 ([UP][RUNNING][LOWER_UP])
06-19 18:51:27.498   301   301 D wpa_supplicant: RTM_NEWLINK, IFLA_IFNAME: Interface 'wlan0' added
06-19 18:51:27.498   301   301 D wpa_supplicant: Wireless event: cmd=0x8c09 len=32
06-19 18:51:27.498   301   301 D wpa_supplicant: PMKID candidate wireless event: flags=0x0 index=0 bssid=00:0f:90:53:09:02
06-19 18:51:27.498   301   301 D wpa_supplicant: RSN: Ignored PMKID candidate without preauth flag
06-19 18:51:27.498   301   301 D wpa_supplicant: RTM_NEWLINK: operstate=1 ifi_flags=0x11043 ([UP][RUNNING][LOWER_UP])
06-19 18:51:27.498   301   301 D wpa_supplicant: RTM_NEWLINK, IFLA_IFNAME: Interface 'wlan0' added
06-19 18:51:27.498   301   301 D wpa_supplicant: Wireless event: cmd=0x8c09 len=32
06-19 18:51:27.498   301   301 D wpa_supplicant: PMKID candidate wireless event: flags=0x0 index=0 bssid=88:43:e1:fb:95:82
06-19 18:51:27.498   301   301 D wpa_supplicant: RSN: Ignored PMKID candidate without preauth flag
06-19 18:51:27.498   301   301 D wpa_supplicant: RTM_NEWLINK: operstate=1 ifi_flags=0x11043 ([UP][RUNNING][LOWER_UP])
06-19 18:51:27.498   301   301 D wpa_supplicant: RTM_NEWLINK, IFLA_IFNAME: Interface 'wlan0' added
06-19 18:51:27.498   301   301 D wpa_supplicant: Wireless event: cmd=0x8c09 len=32
06-19 18:51:27.498   301   301 D wpa_supplicant: PMKID candidate wireless event: flags=0x0 index=0 bssid=00:22:be:92:fd:b2
06-19 18:51:27.498   301   301 D wpa_supplicant: RSN: Ignored PMKID candidate without preauth flag
06-19 18:51:27.498   301   301 D wpa_supplicant: RTM_NEWLINK: operstate=1 ifi_flags=0x11043 ([UP][RUNNING][LOWER_UP])
06-19 18:51:27.498   301   301 D wpa_supplicant: RTM_NEWLINK, IFLA_IFNAME: Interface 'wlan0' added
06-19 18:51:27.498   301   301 D wpa_supplicant: Wireless event: cmd=0x8c09 len=32
06-19 18:51:27.498   301   301 D wpa_supplicant: PMKID candidate wireless event: flags=0x0 index=0 bssid=00:22:0d:44:c5:e0
06-19 18:51:27.498   301   301 D wpa_supplicant: RSN: Ignored PMKID candidate without preauth flag
06-19 18:51:27.498   301   301 D wpa_supplicant: RTM_NEWLINK: operstate=1 ifi_flags=0x11043 ([UP][RUNNING][LOWER_UP])
06-19 18:51:27.498   301   301 D wpa_supplicant: RTM_NEWLINK, IFLA_IFNAME: Interface 'wlan0' added
06-19 18:51:27.498   301   301 D wpa_supplicant: Wireless event: cmd=0x8c09 len=32
06-19 18:51:27.498   301   301 D wpa_supplicant: PMKID candidate wireless event: flags=0x0 index=0 bssid=00:21:1c:79:51:90
06-19 18:51:27.498   301   301 D wpa_supplicant: RSN: Ignored PMKID candidate without preauth flag
06-19 18:51:27.572   301   301 D wpa_supplicant: RTM_NEWLINK: operstate=1 ifi_flags=0x11043 ([UP][RUNNING][LOWER_UP])
06-19 18:51:27.572   301   301 D wpa_supplicant: RTM_NEWLINK, IFLA_IFNAME: Interface 'wlan0' added
06-19 18:51:27.572   301   301 D wpa_supplicant: Wireless event: cmd=0x8b15 len=20
06-19 18:51:27.572   301   301 D wpa_supplicant: Wireless event: new AP: 00:00:00:00:00:00
06-19 18:51:27.572   301   301 D wpa_supplicant: Added BSSID 00:21:1c:79:51:90 into blacklist
06-19 18:51:27.572   301   301 I wpa_supplicant: wlan0: CTRL-EVENT-DISCONNECTED bssid=00:21:1c:79:51:90 reason=0
06-19 18:51:27.572   301   301 D wpa_supplicant: wpa_driver_wext_set_key: alg=0 key_idx=0 set_tx=0 seq_len=0 key_len=0
06-19 18:51:27.576    75   115 D CommandListener: Clearing all IP addresses on wlan0
06-19 18:51:27.576   301   301 D wpa_supplicant: wpa_driver_wext_set_key: alg=0 key_idx=1 set_tx=0 seq_len=0 key_len=0
06-19 18:51:27.576   301   301 D wpa_supplicant: wpa_driver_wext_set_key: alg=0 key_idx=2 set_tx=0 seq_len=0 key_len=0
06-19 18:51:27.576   301   301 D wpa_supplicant: wpa_driver_wext_set_key: alg=0 key_idx=3 set_tx=0 seq_len=0 key_len=0
06-19 18:51:27.576   301   301 D wpa_supplicant: wpa_driver_wext_set_key: alg=0 key_idx=0 set_tx=0 seq_len=0 key_len=0
06-19 18:51:27.580   301   301 D wpa_supplicant: wpa_driver_wext_set_operstate: operstate 1->0 (DORMANT)
06-19 18:51:27.580   301   301 D wpa_supplicant: netlink: Operstate: linkmode=-1, operstate=5
06-19 18:51:27.588   301   301 D wpa_supplicant: EAPOL: External notification - portEnabled=0
06-19 18:51:27.588   301   301 D wpa_supplicant: EAPOL: SUPP_PAE entering state DISCONNECTED
06-19 18:51:27.588   301   301 D wpa_supplicant: EAPOL: Supplicant port status: Unauthorized
06-19 18:51:27.588   301   301 D wpa_supplicant: EAPOL: SUPP_BE entering state INITIALIZE
06-19 18:51:27.588   301   301 D wpa_supplicant: EAP: EAP entering state DISABLED
06-19 18:51:27.588   301   301 D wpa_supplicant: EAPOL: Supplicant port status: Unauthorized
06-19 18:51:27.588   301   301 D wpa_supplicant: EAPOL: External notification - portValid=0
06-19 18:51:27.588   301   301 D wpa_supplicant: EAPOL: Supplicant port status: Unauthorized
06-19 18:51:27.588   301   301 D wpa_supplicant: RTM_NEWLINK: operstate=0 ifi_flags=0x11003 ([UP][LOWER_UP])
06-19 18:51:27.588   301   301 D wpa_supplicant: RTM_NEWLINK, IFLA_IFNAME: Interface 'wlan0' added
06-19 18:51:27.592   142   199 D ConnectivityService: ConnectivityChange for WIFI: DISCONNECTED/DISCONNECTED
06-19 18:51:27.592   142   199 D ConnectivityService: Attempting to switch to mobile
06-19 18:51:27.592   142   199 D ConnectivityService: Attempting to switch to WIMAX
06-19 18:51:27.592   142   199 D ConnectivityService: Attempting to switch to BLUETOOTH_TETHER
06-19 18:51:27.612   142   194 W NetworkStats: dropping UID delta from unknown iface: iface=wlan0 uid=0 set=DEFAULT tag=0x0 rxBytes=0 rxPackets=0 txBytes=188 txPackets=3 operations=0
06-19 18:51:27.662   301   301 D wpa_supplicant: EAPOL: Supplicant port status: Unauthorized
06-19 18:51:27.666   142   195 D NetworkPolicy: applying policy NetworkPolicy[NetworkTemplate: matchRule=MOBILE_ALL, subscriberId=valid]: cycleDay=8, warningBytes=2147483648, limitBytes=-1, lastSnooze=-1 to ifaces [rmnet0]
06-19 18:51:27.674   301   301 D wpa_supplicant: WPS: Building WPS IE for Probe Request
06-19 18:51:27.674   301   301 D wpa_supplicant: WPS:  * Version (hardcoded 0x10)
06-19 18:51:27.674   301   301 D wpa_supplicant: WPS:  * Request Type
06-19 18:51:27.674   301   301 D wpa_supplicant: WPS:  * Config Methods (2388)
06-19 18:51:27.674   301   301 D wpa_supplicant: WPS:  * UUID-E
06-19 18:51:27.674   301   301 D wpa_supplicant: WPS:  * Primary Device Type
06-19 18:51:27.674   301   301 D wpa_supplicant: WPS:  * RF Bands (3)
06-19 18:51:27.674   301   301 D wpa_supplicant: WPS:  * Association State
06-19 18:51:27.674   301   301 D wpa_supplicant: WPS:  * Configuration Error (0)
06-19 18:51:27.674   301   301 D wpa_supplicant: WPS:  * Device Password ID (0)
06-19 18:51:27.674   301   301 D wpa_supplicant: WPS:  * Manufacturer
06-19 18:51:27.674   301   301 D wpa_supplicant: WPS:  * Model Name
06-19 18:51:27.674   301   301 D wpa_supplicant: WPS:  * Model Number
06-19 18:51:27.674   301   301 D wpa_supplicant: WPS:  * Device Name
06-19 18:51:27.674   301   301 D wpa_supplicant: WPS:  * Version2 (0x20)
06-19 18:51:27.674   301   301 D wpa_supplicant: wpa_driver_wext_combo_scan: Start
06-19 18:51:27.674   301   301 D wpa_supplicant: For Scan: (null)
06-19 18:51:27.678   301   301 D wpa_supplicant: Scan requested (ret=0) - scan timeout 30 seconds
06-19 18:51:27.678   142   195 D NetworkPolicy: applying policy NetworkPolicy[NetworkTemplate: matchRule=MOBILE_ALL, subscriberId=valid]: cycleDay=8, warningBytes=2147483648, limitBytes=-1, lastSnooze=-1 to ifaces [rmnet0]
06-19 18:51:27.764   301   301 D wpa_supplicant: RTM_NEWLINK: operstate=0 ifi_flags=0x11003 ([UP][LOWER_UP])
06-19 18:51:27.764   301   301 D wpa_supplicant: RTM_NEWLINK, IFLA_IFNAME: Interface 'wlan0' added
06-19 18:51:27.764   301   301 D wpa_supplicant: Wireless event: cmd=0x8c00 len=20
06-19 18:51:27.795  2039  2055 I Unity   : AsyncOperation.progress FE_Main2 (FE_Main2): 1.00.
06-19 18:51:27.795  2039  2055 I Unity   : 
06-19 18:51:27.795  2039  2055 I Unity   :  
06-19 18:51:27.795  2039  2055 I Unity   : (Filename: ./Runtime/ExportGenerated/AndroidManaged/UnityEngineDebug.cpp Line: 43)
06-19 18:51:27.795  2039  2055 I Unity   : 
06-19 18:51:27.893   301   301 D wpa_supplicant: RTM_NEWLINK: operstate=0 ifi_flags=0x11003 ([UP][LOWER_UP])
06-19 18:51:27.893   301   301 D wpa_supplicant: RTM_NEWLINK, IFLA_IFNAME: Interface 'wlan0' added
06-19 18:51:27.893   301   301 D wpa_supplicant: Wireless event: cmd=0x8c00 len=20
06-19 18:51:28.397  2039  2055 D AAds    : TJ_Init( MainPrefab, ba8b3bbb-c178-4d55-9d99-f05302ce1b40, JSu32saqefei16w5DPHA )
06-19 18:51:28.397  2039  2055 D AAds    : TapJoy Version: 8.2.1
06-19 18:51:28.397  2039  2055 I TapjoyLog: enableLogging: true
06-19 18:51:28.397  2039  2055 D AAds    : InitAll()
06-19 18:51:28.401  2039  2055 I TapjoyConnect: deviceID: A000002A28E207
06-19 18:51:28.401  2039  2055 I TapjoyConnect: ANDROID SDK VERSION: 15
06-19 18:51:28.401  2039  2055 I TapjoyConnect: TRYING TO GET SERIAL OF 2.3+ DEVICE...
06-19 18:51:28.401  2039  2055 I TapjoyConnect: ====================
06-19 18:51:28.401  2039  2055 I TapjoyConnect: SERIAL: deviceID: [a000002a28e207]
06-19 18:51:28.401  2039  2055 I TapjoyConnect: ====================
06-19 18:51:28.420  2039  2055 I TapjoyConnect: Metadata successfully loaded
06-19 18:51:28.420  2039  2055 I TapjoyConnect: APP_ID = [ba8b3bbb-c178-4d55-9d99-f05302ce1b40]
06-19 18:51:28.420  2039  2055 I TapjoyConnect: ANDROID_ID: [f5e98c172f75531a]
06-19 18:51:28.420  2039  2055 I TapjoyConnect: CLIENT_PACKAGE = [com.glu.deerhuntnew]
06-19 18:51:28.420  2039  2055 I TapjoyConnect: deviceID: [a000002a28e207]
06-19 18:51:28.420  2039  2055 I TapjoyConnect: sha2DeviceID: [687970be7a085b8dc2a198508287b513ef3907d9c65fa0db46030d961d28a8e8]
06-19 18:51:28.420  2039  2055 I TapjoyConnect: serial_id: [3231C3B67D7A00EC]
06-19 18:51:28.420  2039  2055 I TapjoyConnect: mac_address: [B4:07:F9:C4:E2:3F]
06-19 18:51:28.420  2039  2055 I TapjoyConnect: sha1_mac_address: [623d8e054cc6791266f93d01dafc6cc1eb3d48a2]
06-19 18:51:28.420  2039  2055 I TapjoyConnect: deviceName: [Full Android on Crespo4G]
06-19 18:51:28.420  2039  2055 I TapjoyConnect: deviceManufacturer: [unknown]
06-19 18:51:28.420  2039  2055 I TapjoyConnect: deviceType: [android]
06-19 18:51:28.420  2039  2055 I TapjoyConnect: libraryVersion: [8.2.1]
06-19 18:51:28.420  2039  2055 I TapjoyConnect: deviceOSVersion: [4.0.4]
06-19 18:51:28.420  2039  2055 I TapjoyConnect: COUNTRY_CODE: [US]
06-19 18:51:28.420  2039  2055 I TapjoyConnect: LANGUAGE_CODE: [en]
06-19 18:51:28.420  2039  2055 I TapjoyConnect: density: [240]
06-19 18:51:28.420  2039  2055 I TapjoyConnect: screen_layout: [2]
06-19 18:51:28.420  2039  2055 I TapjoyConnect: carrier_name: [Sprint]
06-19 18:51:28.420  2039  2055 I TapjoyConnect: carrier_country_code: [us]
06-19 18:51:28.420  2039  2055 I TapjoyConnect: mobile_country_code: [310]
06-19 18:51:28.420  2039  2055 I TapjoyConnect: mobile_network_code: [120]
06-19 18:51:28.420  2039  2055 I TapjoyConnect: referralURL: []
06-19 18:51:28.424  2039  2055 I TapjoyConnect: connectivity: 0
06-19 18:51:28.424  2039  2055 I TapjoyConnect: connection_type: mobile
06-19 18:51:28.424  2039  2055 I TapjoyConnect: URL parameters: app_id=ba8b3bbb-c178-4d55-9d99-f05302ce1b40&android_id=f5e98c172f75531a&udid=a000002a28e207&sha1_mac_address=623d8e054cc6791266f93d01dafc6cc1eb3d48a2&serial_id=3231C3B67D7A00EC&device_name=Full%20Android%20on%20Crespo4G&device_manufacturer=unknown&device_type=android&os_version=4.0.4&country_code=US&language_code=en&app_version=1.1.0&library_version=8.2.1&platform=android&display_multiplier=1.0&carrier_name=Sprint&carrier_country_code=us&mobile_country_code=310&mobile_network_code=120&screen_density=240&screen_layout_size=2&connection_type=mobile&plugin=unity&sdk_type=virtual_goods&timestamp=1340146288&verifier=fdad009d6223196caeef2a656fd34c6c83857b666526987bdfc7166cb61e0d8f
06-19 18:51:28.428  2039  2725 I TapjoyConnect: starting connect call...
06-19 18:51:28.432  2039  2055 D AAds    : Fetching TapJoy banner ad
06-19 18:51:28.432  2039  2055 I Banner Ad: Get Banner Ad
06-19 18:51:28.432  2039  2055 I Banner Ad: Get Banner Ad, currencyID: null
06-19 18:51:28.440  2039  2055 I TapjoyConnect: connectivity: 0
06-19 18:51:28.440  2039  2055 I TapjoyConnect: connection_type: mobile
06-19 18:51:28.444  2039  2725 I TapjoyConnect: connectivity: 0
06-19 18:51:28.444  2039  2725 I TapjoyConnect: connection_type: mobile
06-19 18:51:28.444  2039  2725 I TapjoyURLConnection: baseURL: https://ws.tapjoyads.com/connect?
06-19 18:51:28.444  2039  2725 I TapjoyURLConnection: requestURL: https://ws.tapjoyads.com/connect?app_id=ba8b3bbb-c178-4d55-9d99-f05302ce1b40&android_id=f5e98c172f75531a&udid=a000002a28e207&sha1_mac_address=623d8e054cc6791266f93d01dafc6cc1eb3d48a2&serial_id=3231C3B67D7A00EC&device_name=Full%20Android%20on%20Crespo4G&device_manufacturer=unknown&device_type=android&os_version=4.0.4&country_code=US&language_code=en&app_version=1.1.0&library_version=8.2.1&platform=android&display_multiplier=1.0&carrier_name=Sprint&carrier_country_code=us&mobile_country_code=310&mobile_network_code=120&screen_density=240&screen_layout_size=2&connection_type=mobile&plugin=unity&sdk_type=virtual_goods&timestamp=1340146288&verifier=fdad009d6223196caeef2a656fd34c6c83857b666526987bdfc7166cb61e0d8f
06-19 18:51:28.447  2039  2055 D AAds    : Initializing TapJoy video ads
06-19 18:51:28.447  2039  2055 I TapjoyVideo: initVideoAd
06-19 18:51:28.447  2039  2726 I TapjoyURLConnection: baseURL: https://ws.tapjoyads.com/display_ad?
06-19 18:51:28.447  2039  2726 I TapjoyURLConnection: requestURL: https://ws.tapjoyads.com/display_ad?app_id=ba8b3bbb-c178-4d55-9d99-f05302ce1b40&android_id=f5e98c172f75531a&udid=a000002a28e207&sha1_mac_address=623d8e054cc6791266f93d01dafc6cc1eb3d48a2&serial_id=3231C3B67D7A00EC&device_name=Full%20Android%20on%20Crespo4G&device_manufacturer=unknown&device_type=android&os_version=4.0.4&country_code=US&language_code=en&app_version=1.1.0&library_version=8.2.1&platform=android&display_multiplier=1.0&carrier_name=Sprint&carrier_country_code=us&mobile_country_code=310&mobile_network_code=120&screen_density=240&screen_layout_size=2&connection_type=mobile&plugin=unity&sdk_type=virtual_goods&timestamp=1340146288&verifier=fdad009d6223196caeef2a656fd34c6c83857b666526987bdfc7166cb61e0d8f&publisher_user_id=a000002a28e207&size=640x100
06-19 18:51:28.463  2039  2055 I TapjoyUtil: ****************************************
06-19 18:51:28.463  2039  2055 I TapjoyUtil: deleteFileOrDirectory: /mnt/sdcard/tapjoy
06-19 18:51:28.463  2039  2055 I TapjoyUtil: ****************************************
06-19 18:51:28.463  2039  2055 I TapjoyVideo: videoIDs: []
06-19 18:51:28.467  2039  2055 D AAds    : SetupAd( 9, 480, 80, 81, -1 )
06-19 18:51:28.467  2039  2055 D AAds    : InitAll()
06-19 18:51:28.467  2039  2055 D AAds    : PH_Init( 9c6c8c29d481443b81840aeba2cd9b6d, 5628f20d19df4270a7cfd70225c95193 )
06-19 18:51:28.467  2039  2055 D AAds    : PlayHaven Version: 1.10.2
06-19 18:51:28.467  2039  2055 E Unity   : Assert
06-19 18:51:28.467  2039  2055 E Unity   :  
06-19 18:51:28.467  2039  2055 E Unity   : (Filename: ./Runtime/ExportGenerated/AndroidManaged/UnityEngineDebug.cpp Line: 43)
06-19 18:51:28.467  2039  2055 E Unity   : 
06-19 18:51:28.467  2039  2039 W Settings: Setting android_id has moved from android.provider.Settings.System to android.provider.Settings.Secure, returning read-only value.
06-19 18:51:28.471  2039  2039 I Playhaven Debug: Android type: 2 to iOS type: 0
06-19 18:51:28.471  2039  2055 D AAds    : C_Init( MainPrefab, 8, prestitial_bg,  )
06-19 18:51:28.471  2039  2055 D AAds    : InitAll()
06-19 18:51:28.475  2039  2055 D AAds    : LoadBitmap( prestitial_bg, 8, true )
06-19 18:51:28.475  2039  2055 D AAds    : Decoding bitmap from drawables
06-19 18:51:28.541  2039  2055 D dalvikvm: GC_FOR_ALLOC freed 1143K, 29% free 15810K/22087K, paused 53ms
06-19 18:51:28.549  2039  2055 I dalvikvm-heap: Grow heap (frag case) to 17.951MB for 2560016-byte allocation
06-19 18:51:28.588  2039  2729 D dalvikvm: GC_FOR_ALLOC freed <1K, 26% free 18310K/24647K, paused 28ms
06-19 18:51:28.608  2039  2039 I [Playhaven-1.10.2]: Signed params: {app=com.glu.deerhuntnew, os=REL 15, orientation=0, hardware=Full Android on Crespo4G, idiom=0, width=800, app_version=1.1.0, sdk_version=1.10.2, sdk_platform=android, languages=English, height=480, token=9c6c8c29d481443b81840aeba2cd9b6d, nonce=_fQR2UT7eTvp6bwFJ2Mj-1sCsS0, device=f5e98c172f75531a, dpi=1.5, signature=o3qADCmqcCt_TqARrer4-ToOXp4}
06-19 18:51:28.615  2039  2039 I [Playhaven-1.10.2]: URL: http://api2.playhaven.com/v3/publisher/open/?app=com.glu.deerhuntnew&os=REL+15&orientation=0&hardware=Full+Android+on+Crespo4G&idiom=0&width=800&app_version=1.1.0&sdk_version=1.10.2&sdk_platform=android&languages=English&height=480&token=9c6c8c29d481443b81840aeba2cd9b6d&nonce=_fQR2UT7eTvp6bwFJ2Mj-1sCsS0&device=f5e98c172f75531a&dpi=1.5&signature=o3qADCmqcCt_TqARrer4-ToOXp4
06-19 18:51:28.635  2039  2729 I TapjoyConnect: connectivity: 0
06-19 18:51:28.639  2039  2729 I TapjoyConnect: connection_type: mobile
06-19 18:51:28.651  2039  2729 I TapjoyURLConnection: baseURL: https://ws.tapjoyads.com/videos?
06-19 18:51:28.651  2039  2729 I TapjoyURLConnection: requestURL: https://ws.tapjoyads.com/videos?app_id=ba8b3bbb-c178-4d55-9d99-f05302ce1b40&android_id=f5e98c172f75531a&udid=a000002a28e207&sha1_mac_address=623d8e054cc6791266f93d01dafc6cc1eb3d48a2&serial_id=3231C3B67D7A00EC&device_name=Full%20Android%20on%20Crespo4G&device_manufacturer=unknown&device_type=android&os_version=4.0.4&country_code=US&language_code=en&app_version=1.1.0&library_version=8.2.1&platform=android&display_multiplier=1.0&carrier_name=Sprint&carrier_country_code=us&mobile_country_code=310&mobile_network_code=120&screen_density=240&screen_layout_size=2&connection_type=mobile&plugin=unity&sdk_type=virtual_goods&timestamp=1340146288&verifier=fdad009d6223196caeef2a656fd34c6c83857b666526987bdfc7166cb61e0d8f&publisher_user_id=a000002a28e207
06-19 18:51:28.666   301   301 D wpa_supplicant: EAPOL: Supplicant port status: Unauthorized
06-19 18:51:28.701  2039  2041 D dalvikvm: GC_CONCURRENT freed 113K, 26% free 18324K/24647K, paused 6ms+11ms
06-19 18:51:28.705  2039  2730 I [Playhaven-1.10.2]: Net uri: http://api2.playhaven.com/v3/publisher/open/?app=com.glu.deerhuntnew&os=REL+15&orientation=0&hardware=Full+Android+on+Crespo4G&idiom=0&width=800&app_version=1.1.0&sdk_version=1.10.2&sdk_platform=android&languages=English&height=480&token=9c6c8c29d481443b81840aeba2cd9b6d&nonce=_fQR2UT7eTvp6bwFJ2Mj-1sCsS0&device=f5e98c172f75531a&dpi=1.5&signature=o3qADCmqcCt_TqARrer4-ToOXp4
06-19 18:51:28.705  2039  2055 D AAds    : LoadBitmap( , 8, false )
06-19 18:51:28.705  2039  2055 D AAds    : SetupAd( 8, 800, 480, 17, -1 )
06-19 18:51:28.705  2039  2055 D AAds    : InitAll()
06-19 18:51:28.705  2039  2055 D AAds    : C_Init( MainPrefab, 0, prestitial_wvga, prestitial_wvga )
06-19 18:51:28.705  2039  2055 D AAds    : InitAll()
06-19 18:51:28.705  2039  2055 D AAds    : LoadBitmap( prestitial_wvga, 0, true )
06-19 18:51:28.705  2039  2055 D AAds    : Decoding bitmap from drawables
06-19 18:51:28.826   301   301 D wpa_supplicant: RTM_NEWLINK: operstate=0 ifi_flags=0x11003 ([UP][LOWER_UP])
06-19 18:51:28.826   301   301 D wpa_supplicant: RTM_NEWLINK, IFLA_IFNAME: Interface 'wlan0' added
06-19 18:51:28.826   301   301 D wpa_supplicant: Wireless event: cmd=0x8b19 len=8
06-19 18:51:28.826   301   301 D wpa_supplicant: Received 0 bytes of scan results (0 BSSes)
06-19 18:51:28.826   301   301 D wpa_supplicant: Removed BSSID 00:21:1c:79:51:90 from blacklist (clear)
06-19 18:51:28.932  2039  2055 D AAds    : LoadBitmap( prestitial_wvga, 0, false )
06-19 18:51:28.932  2039  2055 D AAds    : Decoding bitmap from drawables
06-19 18:51:28.967  2039  2055 D dalvikvm: GC_FOR_ALLOC freed 4038K, 36% free 15792K/24647K, paused 25ms
06-19 18:51:29.084  2039  2055 D AAds    : SetupAd( 0, 800, 480, 17, -1 )
06-19 18:51:29.084  2039  2055 D AAds    : InitAll()
06-19 18:51:29.092  2039  2055 D AAds    : TJ_ShowBannerAd()
06-19 18:51:29.096  2039  2039 D AAds    : Ad not ready, will display on delivery
06-19 18:51:29.487   301   301 D wpa_supplicant: RTM_NEWLINK: operstate=0 ifi_flags=0x11003 ([UP][LOWER_UP])
06-19 18:51:29.487   301   301 D wpa_supplicant: RTM_NEWLINK, IFLA_IFNAME: Interface 'wlan0' added
06-19 18:51:29.487   301   301 D wpa_supplicant: Wireless event: cmd=0x8b15 len=20
06-19 18:51:29.487   301   301 D wpa_supplicant: Wireless event: new AP: 00:22:be:92:fd:b2
06-19 18:51:29.487   301   301 D wpa_supplicant: wpa_driver_wext_set_operstate: operstate 0->0 (DORMANT)
06-19 18:51:29.487   301   301 D wpa_supplicant: netlink: Operstate: linkmode=-1, operstate=5
06-19 18:51:29.490   301   301 I wpa_supplicant: wlan0: Associated with 00:22:be:92:fd:b2
06-19 18:51:29.490   301   301 D wpa_supplicant: EAPOL: External notification - portEnabled=0
06-19 18:51:29.490   301   301 D wpa_supplicant: EAPOL: Supplicant port status: Unauthorized
06-19 18:51:29.490   301   301 D wpa_supplicant: EAPOL: External notification - portValid=0
06-19 18:51:29.490   301   301 D wpa_supplicant: EAPOL: Supplicant port status: Unauthorized
06-19 18:51:29.490   301   301 D wpa_supplicant: EAPOL: External notification - portEnabled=1
06-19 18:51:29.490   301   301 D wpa_supplicant: EAPOL: SUPP_PAE entering state CONNECTING
06-19 18:51:29.490   301   301 D wpa_supplicant: EAPOL: SUPP_BE entering state IDLE
06-19 18:51:29.490   301   301 D wpa_supplicant: EAP: EAP entering state INITIALIZE
06-19 18:51:29.490   301   301 D wpa_supplicant: EAP: deinitialize previously used EAP method (25, PEAP) at INITIALIZE
06-19 18:51:29.494   301   301 D wpa_supplicant: EAP: EAP entering state IDLE
06-19 18:51:29.494   301   301 D wpa_supplicant: EAPOL: Received EAP-Packet frame
06-19 18:51:29.494   301   301 D wpa_supplicant: EAPOL: SUPP_PAE entering state RESTART
06-19 18:51:29.494   301   301 D wpa_supplicant: EAP: EAP entering state INITIALIZE
06-19 18:51:29.494   301   301 D wpa_supplicant: EAP: EAP entering state IDLE
06-19 18:51:29.494   301   301 D wpa_supplicant: EAPOL: SUPP_PAE entering state AUTHENTICATING
06-19 18:51:29.494   301   301 D wpa_supplicant: EAPOL: SUPP_BE entering state REQUEST
06-19 18:51:29.494   301   301 D wpa_supplicant: EAPOL: getSuppRsp
06-19 18:51:29.494   301   301 D wpa_supplicant: EAP: EAP entering state RECEIVED
06-19 18:51:29.494   301   301 D wpa_supplicant: EAP: Received EAP-Request id=1 method=1 vendor=0 vendorMethod=0
06-19 18:51:29.494   301   301 D wpa_supplicant: EAP: EAP entering state IDENTITY
06-19 18:51:29.494   301   301 I wpa_supplicant: wlan0: CTRL-EVENT-EAP-STARTED EAP authentication started
06-19 18:51:29.494   301   301 D wpa_supplicant: EAP: EAP entering state SEND_RESPONSE
06-19 18:51:29.494   301   301 D wpa_supplicant: EAP: EAP entering state IDLE
06-19 18:51:29.494   301   301 D wpa_supplicant: EAPOL: SUPP_BE entering state RESPONSE
06-19 18:51:29.494   301   301 D wpa_supplicant: EAPOL: txSuppRsp
06-19 18:51:29.494   301   301 D wpa_supplicant: TX EAPOL: dst=00:22:be:92:fd:b2
06-19 18:51:29.494   301   301 D wpa_supplicant: EAPOL: SUPP_BE entering state RECEIVE
06-19 18:51:29.498   301   301 D wpa_supplicant: EAPOL: Received EAP-Packet frame
06-19 18:51:29.498   301   301 D wpa_supplicant: EAPOL: SUPP_BE entering state REQUEST
06-19 18:51:29.498   301   301 D wpa_supplicant: EAPOL: getSuppRsp
06-19 18:51:29.498   301   301 D wpa_supplicant: EAP: EAP entering state RECEIVED
06-19 18:51:29.498   301   301 D wpa_supplicant: EAP: Received EAP-Request id=2 method=4 vendor=0 vendorMethod=0
06-19 18:51:29.498   301   301 D wpa_supplicant: EAP: EAP entering state GET_METHOD
06-19 18:51:29.498   301   301 D wpa_supplicant: EAP: configuration does not allow: vendor 0 method 4
06-19 18:51:29.498   301   301 D wpa_supplicant: EAP: vendor 0 method 4 not allowed
06-19 18:51:29.498   301   301 I wpa_supplicant: wlan0: CTRL-EVENT-EAP-PROPOSED-METHOD vendor=0 method=4 -> NAK
06-19 18:51:29.498   301   301 D wpa_supplicant: EAP: Building EAP-Nak (requested type 4 vendor=0 method=0 not allowed)
06-19 18:51:29.498   301   301 D wpa_supplicant: EAP: EAP entering state SEND_RESPONSE
06-19 18:51:29.498   301   301 D wpa_supplicant: EAP: EAP entering state IDLE
06-19 18:51:29.498   301   301 D wpa_supplicant: EAPOL: SUPP_BE entering state RESPONSE
06-19 18:51:29.498   301   301 D wpa_supplicant: EAPOL: txSuppRsp
06-19 18:51:29.498   301   301 D wpa_supplicant: TX EAPOL: dst=00:22:be:92:fd:b2
06-19 18:51:29.498   301   301 D wpa_supplicant: EAPOL: SUPP_BE entering state RECEIVE
06-19 18:51:29.522   301   301 D wpa_supplicant: RTM_NEWLINK: operstate=0 ifi_flags=0x11003 ([UP][LOWER_UP])
06-19 18:51:29.522   301   301 D wpa_supplicant: RTM_NEWLINK, IFLA_IFNAME: Interface 'wlan0' added
06-19 18:51:29.522   301   301 D wpa_supplicant: Wireless event: cmd=0x8c00 len=20
06-19 18:51:29.526   301   301 D wpa_supplicant: EAPOL: Received EAP-Packet frame
06-19 18:51:29.526   301   301 D wpa_supplicant: EAPOL: SUPP_BE entering state REQUEST
06-19 18:51:29.526   301   301 D wpa_supplicant: EAPOL: getSuppRsp
06-19 18:51:29.526   301   301 D wpa_supplicant: EAP: EAP entering state RECEIVED
06-19 18:51:29.526   301   301 D wpa_supplicant: EAP: Received EAP-Request id=3 method=25 vendor=0 vendorMethod=0
06-19 18:51:29.526   301   301 D wpa_supplicant: EAP: EAP entering state GET_METHOD
06-19 18:51:29.526   301   301 I wpa_supplicant: wlan0: CTRL-EVENT-EAP-PROPOSED-METHOD vendor=0 method=25
06-19 18:51:29.526   301   301 D wpa_supplicant: EAP: Initialize selected EAP method: vendor 0 method 25 (PEAP)
06-19 18:51:29.526   301   301 D wpa_supplicant: TLS: using phase1 config options
06-19 18:51:29.526   301   301 I wpa_supplicant: wlan0: CTRL-EVENT-EAP-METHOD EAP vendor 0 method 25 (PEAP) selected
06-19 18:51:29.526   301   301 D wpa_supplicant: EAP: EAP entering state METHOD
06-19 18:51:29.526   301   301 D wpa_supplicant: SSL: Received packet(len=6) - Flags 0x20
06-19 18:51:29.526   301   301 D wpa_supplicant: EAP-PEAP: Start (server ver=0, own ver=1)
06-19 18:51:29.526   301   301 D wpa_supplicant: EAP-PEAP: Using PEAP version 0
06-19 18:51:29.526   301   301 D wpa_supplicant: SSL: (where=0x10 ret=0x1)
06-19 18:51:29.526   301   301 D wpa_supplicant: SSL: (where=0x1001 ret=0x1)
06-19 18:51:29.526   301   301 D wpa_supplicant: SSL: SSL_connect:before/connect initialization
06-19 18:51:29.526   301   301 D wpa_supplicant: SSL: (where=0x1001 ret=0x1)
06-19 18:51:29.526   301   301 D wpa_supplicant: SSL: SSL_connect:SSLv3 write client hello A
06-19 18:51:29.526   301   301 D wpa_supplicant: SSL: (where=0x1002 ret=0xffffffff)
06-19 18:51:29.526   301   301 D wpa_supplicant: SSL: SSL_connect:error in SSLv3 read server hello A
06-19 18:51:29.526   301   301 D wpa_supplicant: SSL: SSL_connect - want more data
06-19 18:51:29.526   301   301 D wpa_supplicant: SSL: 190 bytes pending from ssl_out
06-19 18:51:29.526   301   301 D wpa_supplicant: SSL: 190 bytes left to be sent out (of total 190 bytes)
06-19 18:51:29.526   301   301 D wpa_supplicant: EAP: method process -> ignore=FALSE methodState=MAY_CONT decision=FAIL
06-19 18:51:29.526   301   301 D wpa_supplicant: EAP: EAP entering state SEND_RESPONSE
06-19 18:51:29.526   301   301 D wpa_supplicant: EAP: EAP entering state IDLE
06-19 18:51:29.526   301   301 D wpa_supplicant: EAPOL: SUPP_BE entering state RESPONSE
06-19 18:51:29.526   301   301 D wpa_supplicant: EAPOL: txSuppRsp
06-19 18:51:29.526   301   301 D wpa_supplicant: TX EAPOL: dst=00:22:be:92:fd:b2
06-19 18:51:29.526   301   301 D wpa_supplicant: EAPOL: SUPP_BE entering state RECEIVE
06-19 18:51:29.666   301   301 D wpa_supplicant: EAPOL: startWhen --> 0
06-19 18:51:29.709   301   301 D wpa_supplicant: RTM_NEWLINK: operstate=0 ifi_flags=0x11003 ([UP][LOWER_UP])
06-19 18:51:29.709   301   301 D wpa_supplicant: RTM_NEWLINK, IFLA_IFNAME: Interface 'wlan0' added
06-19 18:51:29.709   301   301 D wpa_supplicant: Wireless event: cmd=0x8c00 len=20
06-19 18:51:29.780   301   301 D wpa_supplicant: RTM_NEWLINK: operstate=0 ifi_flags=0x11003 ([UP][LOWER_UP])
06-19 18:51:29.780   301   301 D wpa_supplicant: RTM_NEWLINK, IFLA_IFNAME: Interface 'wlan0' added
06-19 18:51:29.780   301   301 D wpa_supplicant: Wireless event: cmd=0x8c00 len=20
06-19 18:51:30.307   342   342 D SAN_SERVICE: *******************************************
06-19 18:51:30.307   342   342 D SAN_SERVICE: DM App Phone Service State - 0
06-19 18:51:30.307   342   342 D SAN_SERVICE: *******************************************
06-19 18:51:30.381   301   301 D wpa_supplicant: RTM_NEWLINK: operstate=0 ifi_flags=0x11003 ([UP][LOWER_UP])
06-19 18:51:30.381   301   301 D wpa_supplicant: RTM_NEWLINK, IFLA_IFNAME: Interface 'wlan0' added
06-19 18:51:30.381   301   301 D wpa_supplicant: Wireless event: cmd=0x8c03 len=20
06-19 18:51:30.471  2039  2041 D dalvikvm: GC_CONCURRENT freed 1917K, 36% free 15911K/24647K, paused 2ms+96ms
06-19 18:51:30.487   142   199 D ConnectivityService: handleInetConditionHoldEnd: net=0, condition=100, published condition=0
06-19 18:51:30.530   342   342 D SAN_SERVICE: *******************************************
06-19 18:51:30.530   342   342 D SAN_SERVICE: DM App Phone Service State - 0
06-19 18:51:30.530   342   342 D SAN_SERVICE: *******************************************
06-19 18:51:30.604   142   203 D Tethering: MasterInitialState.processMessage what=3
06-19 18:51:30.612   142   203 D Tethering: MasterInitialState.processMessage what=3
06-19 18:51:30.643   142   159 I ActivityManager: Start proc android.process.media for broadcast com.android.providers.downloads/.DownloadReceiver: pid=2737 uid=10012 gids={1015, 1023, 1024, 2001, 3003, 3007}
06-19 18:51:30.744    79    79 D dalvikvm: GC_EXPLICIT freed 38K, 4% free 9031K/9347K, paused 5ms+12ms
06-19 18:51:30.772  2039  2730 I [Playhaven-1.10.2]: Redirect handler asking if we should redirect?
06-19 18:51:30.772  2039  2730 I [Playhaven-1.10.2]: Should we redirect?
06-19 18:51:30.772  2039  2730 I [Playhaven-1.10.2]: Redirect status code: 200
06-19 18:51:30.807    79    79 D dalvikvm: GC_EXPLICIT freed <1K, 4% free 9031K/9347K, paused 4ms+4ms
06-19 18:51:30.862    79    79 D dalvikvm: GC_EXPLICIT freed <1K, 4% free 9031K/9347K, paused 2ms+5ms
06-19 18:51:31.197  2737  2737 I ActivityThread: Pub media: com.android.providers.media.MediaProvider
06-19 18:51:31.240  2039  2730 I [Playhaven-1.10.2]: Should we redirect?
06-19 18:51:31.240  2039  2730 I [Playhaven-1.10.2]: Redirect status code: 200
06-19 18:51:31.381   342   641 D dalvikvm: GC_EXPLICIT freed 81K, 6% free 9472K/10055K, paused 179ms+3ms
06-19 18:51:31.471  2039  2039 I [Playhaven-1.10.2]: request got response code: 200
06-19 18:51:31.487  2039  2725 I TapjoyURLConnection: --------------------
06-19 18:51:31.487  2039  2725 I TapjoyURLConnection: response status: 200
06-19 18:51:31.490  2039  2725 I TapjoyURLConnection: response size: 142
06-19 18:51:31.490  2039  2725 I TapjoyURLConnection: response: 
06-19 18:51:31.490  2039  2725 I TapjoyURLConnection: <?xml version="1.0" encoding="UTF-8"?>
06-19 18:51:31.490  2039  2725 I TapjoyURLConnection: <TapjoyConnectReturnObject>
06-19 18:51:31.490  2039  2725 I TapjoyURLConnection:   <Success>true</Success>
06-19 18:51:31.490  2039  2725 I TapjoyURLConnection:   <ConnectReturnObject>
06-19 18:51:31.490  2039  2725 I TapjoyURLConnection:     <PrimaryColor>928844</PrimaryColor>
06-19 18:51:31.490  2039  2725 I TapjoyURLConnection:   </ConnectReturnObject>
06-19 18:51:31.490  2039  2725 I TapjoyURLConnection: </TapjoyConnectReturnObject>
06-19 18:51:31.490  2039  2725 I TapjoyURLConnection: --------------------
06-19 18:51:31.498  2039  2725 I TapjoyConnect: Successfully connected to tapjoy site.
06-19 18:51:31.533  2039  2039 I [Playhaven-1.10.2]: PHAsyncRequest elapsed time (ms) = 2552
06-19 18:51:31.533  2039  2039 I [Playhaven-1.10.2]: request finished: {
06-19 18:51:31.533  2039  2039 I [Playhaven-1.10.2]:  "errobj": null,
06-19 18:51:31.533  2039  2039 I [Playhaven-1.10.2]:  "error": null
06-19 18:51:31.533  2039  2039 I [Playhaven-1.10.2]: }
06-19 18:51:31.553   142   199 D ConnectivityService: handleInetConditionHoldEnd: net=0, condition=100, published condition=100
06-19 18:51:31.748  2146  2146 I PhoneLab-: 1340146148082.log is deleted
06-19 18:51:31.748  2146  2146 I PhoneLab-: Response: {"data": "done", "err": ""}
06-19 18:51:31.776  2146  2146 I PhoneLab-UploadLogs: No log files to transfer
06-19 18:51:31.780  2146  2146 I PhoneLab-Locks: wake lock released
06-19 18:51:32.010  2737  2737 I ActivityThread: Pub downloads: com.android.providers.downloads.DownloadProvider
06-19 18:51:32.026  2737  2739 D dalvikvm: GC_CONCURRENT freed 352K, 5% free 9150K/9607K, paused 3ms+4ms
06-19 18:51:32.053  2737  2737 I ActivityThread: Pub drm: com.android.providers.drm.DrmProvider
06-19 18:51:32.057  2737  2753 I DownloadManager: in removeSpuriousFiles
06-19 18:51:32.100  2737  2753 I DownloadManager: in removeSpuriousFiles, preserving file /data/data/com.android.providers.downloads/cache/w3XV3.png
06-19 18:51:32.100  2737  2753 I DownloadManager: in removeSpuriousFiles, preserving file /data/data/com.android.providers.downloads/cache/w3XV3-1.png
06-19 18:51:32.100  2737  2753 I DownloadManager: in removeSpuriousFiles, preserving file /data/data/com.android.providers.downloads/cache/metadata.json
06-19 18:51:32.104  2737  2753 I DownloadManager: in removeSpuriousFiles, preserving file /data/data/com.android.providers.downloads/cache/en_general.htm
06-19 18:51:32.104  2737  2753 I DownloadManager: deleting spurious file /cache/backup
06-19 18:51:32.108   142   345 I ActivityManager: Start proc com.google.android.gallery3d for broadcast com.google.android.gallery3d/com.google.android.picasasync.ConnectivityReceiver: pid=2754 uid=10017 gids={3003, 1015}
06-19 18:51:32.244  2754  2754 I ActivityThread: Pub com.google.android.gallery3d.GooglePhotoProvider: com.google.android.picasasync.PicasaContentProvider
06-19 18:51:32.420  2754  2756 D dalvikvm: GC_CONCURRENT freed 418K, 6% free 9118K/9607K, paused 3ms+6ms
06-19 18:51:32.444  2039  2726 D dalvikvm: GC_FOR_ALLOC freed 1515K, 34% free 16310K/24647K, paused 78ms
06-19 18:51:32.483  2039  2726 I TapjoyURLConnection: --------------------
06-19 18:51:32.487  2039  2726 I TapjoyURLConnection: response size: 116080
06-19 18:51:32.487  2039  2726 I TapjoyURLConnection: response: 
06-19 18:51:32.487  2039  2726 I TapjoyURLConnection: <?xml version="1.0" encoding="UTF-8"?>
06-19 18:51:32.487  2039  2726 I TapjoyURLConnection: <TapjoyAd>
06-19 18:51:32.487  2039  2726 I TapjoyURLConnection:   <ClickURL>https://ws.tapjoyads.com/click/app?data=4fba9ca83a78ec40a4f2dd7809ad134e61a5eadc968145bc2ffd504eb543303bac503b1aa3c809f3c706cc1d300f2d702260938bf314d5b31cc2c55b63e8740c26474d41b9c4f8739d4039bb2f911f78f2082df3950689465e55595e97dcf2d434c0f2f55579238801df847e5f1f80486618e01b9790bcef9b173674534b678aea6f0b185190ddf202fd25a6a168daff5eb3b65729053be9965c752436e338367e70a2c9c75ba6d19d168aadb8d16c4458ec6a8cca6faf48c7c94a7ed046fe97597e1ea412fe971bfd7e6d32bf385ed7f2d20c55ef3318bc744fa8f39695488a015d2f1bafa09d2a8274ebec5dc62e395cd14c2b07754ef65587b075929990b4971dbf400bc998cbab4316b9664eb61aa84ed87b57e136d71e003b2399e17c0d7617ca7ee906ba2329ca040c7af6c3572df234cbf0dfa6366c85421eed52b55fe6ac5ec5b0989a709dbf1bfe252a91e5bdddae73feb5874c40fbcddecc8e2285e1a0e9c48fc54f2af5df225a8aa295be4696ed414c6d5ec6d3c42d8e102df72fc2407eea55bf46bcb4147d011edafb0a2dbb65d4ce99e2ef330b9051b5867be47cefee9472376a8d01c2750f9a11a34835a17b022498abe1d1fbb1ae2a6fa0a334e231c1f5d8d3c5dfc0d8c8b1f8119729b4f1f630f3f8129bcf7fe6ab760f28b362cbac99032747cec2b2f3caa5feb7ab5c5f06d8bbaee59232b36a8de7566142a552ec728b152b1ab262eff2ed71ceb60f9c7d84ef64c27f31386cb6b36ee085b714b5c8e77675f26ab85fbfee52f3cf7fe04af8037dc5ed6bdf59b56dec3b</ClickURL>
06-19 18:51:32.487  2039  2726 I TapjoyURLConnection:   <Image>iVBORw0KGgoAAAANSUhEUgAAAoAAAABkEAIAAADJdcqKAAAACXBIWXMAAABIAAAASABGyWs+AACAAElEQVR42uy9d5xVRbY2/NQ5p3PuJjR0EyUjkiSDJMk5Z8mgBEVEMpIUlaAoIBIMIFGQHCVJzpKjQBObhiZ0gI7nnPr+qL7v+/Audg9zZ+6dmd/X1T/1uHftqlWrVnpW1a4NZJWsklWySlbJKlklq2SVrJJVskpWySpZJatklaySVbJKVskqWSWrZJWsklWySlbJKlklq2SVrJJVskpWySpZJatklaySVbLKf0xR/2oCssp/XrHZbDab7V9NxX9GUUoplaVlWSWjaK211v9qKrJKVvl3KVkW8h8pWfYkq2SVrPLq5X/a3v6zLNJ/r52/96m/wQiHw+FwOPLmzZs3b95ixYoVK1bMx8fHx8fHbrfb7Xa32+12u728vLy8vFxUTJ3U1NTU1NSMbpRSShngxL+dTqfT6TREmzZNj+aKqWmupKWlpaWleXh4eHh4cH0ryg1tpg63Zvo1d5k200t6enp6erqpY8Zi7pp+uWVzndvh0ZkemQbzm3u3UeH6pi/DPXOXezccMzw31Jr2uV8zFqafOWMTxdQ0vUs+8IyYvsxcMG8NVaam6ZF7NzVNHR4vz8hLRJNGxJxnLjH/mX6mh3nLfZk6hjZDLfONKWRdkDznOuYuP6upMMcMPfI6j8WMMTk5OTk52dvb29vbm8dripkLQ5vkodUYWXrNXSNvzAE5aqlBrAtyruVYzHWeKTmz5jrzhylnfppnTctsf6RsSAmRmsvcYLvE88u6LEfHusBXmFqWfy6enp6enp5mFli7pTXjdsx4pQax9vGs8ehYzqUEcn2mRHKSpYXlikfK/Ur+W3GJJYT1TtoHnikpk7JltkVMJ3OS511ab3mXba+5ImeHNVHKg5UNZxnjZ5l7Rn6k3vF16X24BTm/Uma4ptR6Y4vMFdOvuSJ5K2mTEstez7Qjecj6yH6TYwmpyzxfrGvSnmfua3hccmZZd0wLLMPMYXM3JSUlJSWF25Qck7aXeWieZUvLrZlxGU6y1LEVZW017UvJ4bumTTMuQwnzWVpCbo1nx1wxc2fa4fmVei3pZ12TesdUMW18XcqSjAaZA6yh7GelTmUeebIdltaStYC9oeHSo0ePHj16FB0dHR0dbepLmy+1Vcq5tHj/buVVaMu8zj/ewj/CpVd/6lVGISOTV2/nVSixal96Cr4ioxp5nS2nvGL12+ouXzHy//z58+fPn9+/f//+/fvm99/gttUNA2LLli1btmzZsLCwsLAwNu6SFA5S2RywUZAtSIAqQ3MJMGTAJ4ENT4AMna0MunSrHI5I88S9s9ll58eGkoMY6USZnzIYYh5agQGmgVuQ7pnHLkMcGcxxyMvjtQLbzGHZmlQkdktSKmT4ws8ySOPWpKHnXpiHMjQ3xYRHLFc8Osl/M78MSpkzkgMyUJbyIAMO5oMEqByuSbcqDZM0Z5IPEliyRFk5eB4jh2VWIRrLrbzLIaAV/GC9Y8tjld6SYIxDOkMnQyYrbeW+ZDJIhuxMiQxtWR+lDZRQgXVEypuULmlvORSTWiZDSQ7COB3GUiolRMqhhKOyDlMrx8KzJjnJ9pZnlq20dK5WVloGl9JP8azx6FhC2C9IvZYQV3pVvEIx88IWTMI8BifMJRl88xzJwEjaZFPfSIjUXA76WR+l55UQSKYGJFCUdlL6RNka985PsSRbJUGkJeTZtwoluV9umWdcejQZtzA9mXtehnayjpwd7l2mw1iDpDYx30wxaVwD9ZlamaowxcgP6wtrorTD0iPwrBld4KUUlmqeR+5FpvmkZPJyBVPFNEufyNrNd2Ud6VultzIwWL1C4WdlazIq+FcVSeH/f2j4dxj7P1KspMgq5vzv/eYrLOFGp4xGPHjw4MGDB1Z0voTF5uGCBQsWLFjQrPpyHpcNigyqZMjL2UFp0LkdNsoyZGTllGF95iEvtyZDXlM4XGA3wPRYhbxsUnkCOGRhR2gV1kvemvZlyMuU812ZXWZemfoyELEKeflZU9Pwh7Ps3LIMgiWvZJgo68iQl/nGHJAhrwwrZcjLfGNpcYtiFfIyt61CXp5BK2D/KiEvt5O5QTEjlSEvz7gMeZlCzuLLkI77/WeFvFLSZMhrFZgyJSwVmQdJ/72Ql39LvZMjfcHIkvT+4yGvDNGsQl6Gqf9IyMsre8wBq7njkJctBrcgx2IKB6bSmknd5xmXHkoG0DJVZzX7sn2mn1fSmA9WaSZpN+QoXj3klbIhNYKpYvvMEihXjaw0kVNCVgE6y5KVpZVWlHkr9d1qxvlZKUvcl7RRPC5pH7hHq4Qm2zGuz8kgyVUJiXkWMrfzzFveLSItlaSKIxmZxGStkWOUPs5cZzApJYcjOk6jcE22RRzFMSBkq8gSwrElc4mliy2JpJ/nnamSPJdehq9bRVlSC2T0KGdcynPmfpCvmNXgp0+fPn361MpWMOVWv7NKVpHlVSTEqk7mz/69svcqrbFWRkVFRUVFJSYmJiYmyvovySUHBgYGBgYWL168ePHicuVEdiMDWa7J0IINEBsL6cLZQLBRk2CYHQm3bK5LYCNDE/Obe+frnMNjByzDaBlQ8lSZFozrYvpljlAGGezSZCgsTRvPEQejzE92uuxW2dnwXTblMnznEbEr5ZUEdorcjgSxPFLpXM11ptaKHnaEUj6l5FgBcpZS5i23IANKflZuqZJhn5TYFxRVJBGk22b4ylInIYfUeqaKZ1Bynil
