07-03 20:18:17.043   288   288 D wpa_supplicant: WPS:  * Device Name
07-03 20:18:17.043   288   288 D wpa_supplicant: WPS:  * Version2 (0x20)
07-03 20:18:17.043   288   288 D wpa_supplicant: wpa_driver_wext_combo_scan: Start
07-03 20:18:17.043   288   288 D wpa_supplicant: For Scan: (null)
07-03 20:18:17.113   288   288 D wpa_supplicant: Scan requested (ret=0) - scan timeout 30 seconds
07-03 20:18:17.113   288   288 D wpa_supplicant: wpa_driver_wext_driver_cmd POWERMODE 0 len = 4096
07-03 20:18:17.113   288   288 D wpa_supplicant: wpa_driver_wext_driver_cmd OK len = 0, 2
07-03 20:18:17.222    78   117 D SurfaceFlinger: Screen about to return, flinger = 0x373918
07-03 20:18:17.590   288   288 D wpa_supplicant: RTM_NEWLINK: operstate=0 ifi_flags=0x11003 ([UP][LOWER_UP])
07-03 20:18:17.590   288   288 D wpa_supplicant: RTM_NEWLINK, IFLA_IFNAME: Interface 'wlan0' added
07-03 20:18:17.590   288   288 D wpa_supplicant: Wireless event: cmd=0x8b19 len=8
07-03 20:18:17.590   288   288 D wpa_supplicant: Received 1121 bytes of scan results (4 BSSes)
07-03 20:18:20.226   346   346 D SAN_SERVICE: *******************************************
07-03 20:18:20.226   346   346 D SAN_SERVICE: DM App Phone Service State - 0
07-03 20:18:20.226   346   346 D SAN_SERVICE: *******************************************
07-03 20:18:20.308   141   143 D dalvikvm: GC_CONCURRENT freed 1804K, 18% free 15484K/18759K, paused 7ms+9ms
07-03 20:18:20.707   346   346 D SAN_SERVICE: *******************************************
07-03 20:18:20.707   346   346 D SAN_SERVICE: DM App Phone Service State - 0
07-03 20:18:20.707   346   346 D SAN_SERVICE: *******************************************
07-03 20:18:24.777   213   213 D PhoneStatusBar: disable: < expand icons alerts ticker system_info BACK HOME recent* CLOCK >
07-03 20:18:24.785    81   125 D AudioHardware: AudioHardware pcm playback is exiting standby.
07-03 20:18:24.785    81   125 D AudioHardware: openPcmOut_l() mPcmOpenCnt: 0
07-03 20:18:24.789   141   472 W InputManagerService: Window already focused, ignoring focus gain of: com.android.internal.view.IInputMethodClient$Stub$Proxy@41762718
07-03 20:18:24.793   213   213 D PhoneStatusBar: disable: < expand icons alerts ticker system_info back* home* recent clock* >
07-03 20:18:24.804   358  1451 D NfcService: NFC-C ON
07-03 20:18:24.879   346   346 D SAN_SERVICE: *******************************************
07-03 20:18:24.879   346   346 D SAN_SERVICE: DM App Phone Service State - 0
07-03 20:18:24.882   346   346 D SAN_SERVICE: *******************************************
07-03 20:18:26.148   141   361 W InputManagerService: Window already focused, ignoring focus gain of: com.android.internal.view.IInputMethodClient$Stub$Proxy@4133d868
07-03 20:18:26.425  1230  1232 D dalvikvm: GC_CONCURRENT freed 419K, 7% free 9495K/10119K, paused 2ms+3ms
07-03 20:18:26.578   141   472 D dalvikvm: GC_EXPLICIT freed 255K, 19% free 15338K/18759K, paused 3ms+7ms
07-03 20:18:27.418   141   169 I power   : *** set_screen_state 0
07-03 20:18:27.465    78   117 D SurfaceFlinger: About to give-up screen, flinger = 0x373918
07-03 20:18:27.547   141   170 D dalvikvm: GC_FOR_ALLOC freed 780K, 20% free 15146K/18759K, paused 53ms
07-03 20:18:27.554   141   173 V TransportControlView: Create TCV com.android.internal.widget.TransportControlView@4160d218
07-03 20:18:27.629   213   213 D PhoneStatusBar: disable: < expand icons alerts ticker system_info back home RECENT* clock >
07-03 20:18:27.648   213   213 D PhoneStatusBar: disable: < expand icons alerts ticker system_info BACK* HOME* RECENT CLOCK* >
07-03 20:18:27.675   358  1363 D NfcService: NFC-C OFF, disconnect
07-03 20:18:28.843   346   346 D SAN_SERVICE: *******************************************
07-03 20:18:28.843   346   346 D SAN_SERVICE: DM App Phone Service State - 0
07-03 20:18:28.843   346   346 D SAN_SERVICE: *******************************************
07-03 20:18:30.800    81   125 D AudioHardware: AudioHardware pcm playback is going to standby.
07-03 20:18:30.800    81   125 D AudioHardware: closePcmOut_l() mPcmOpenCnt: 1
07-03 20:18:56.785   288   288 D wpa_supplicant: WPS: Building WPS IE for Probe Request
07-03 20:18:56.785   288   288 D wpa_supplicant: WPS:  * Version (hardcoded 0x10)
07-03 20:18:56.785   288   288 D wpa_supplicant: WPS:  * Request Type
07-03 20:18:56.785   288   288 D wpa_supplicant: WPS:  * Config Methods (2388)
07-03 20:18:56.785   288   288 D wpa_supplicant: WPS:  * UUID-E
07-03 20:18:56.785   288   288 D wpa_supplicant: WPS:  * Primary Device Type
07-03 20:18:56.785   288   288 D wpa_supplicant: WPS:  * RF Bands (3)
07-03 20:18:56.785   288   288 D wpa_supplicant: WPS:  * Association State
07-03 20:18:56.785   288   288 D wpa_supplicant: WPS:  * Configuration Error (0)
07-03 20:18:56.785   288   288 D wpa_supplicant: WPS:  * Device Password ID (0)
07-03 20:18:56.785   288   288 D wpa_supplicant: WPS:  * Manufacturer
07-03 20:18:56.785   288   288 D wpa_supplicant: WPS:  * Model Name
07-03 20:18:56.785   288   288 D wpa_supplicant: WPS:  * Model Number
07-03 20:18:56.785   288   288 D wpa_supplicant: WPS:  * Device Name
07-03 20:18:56.785   288   288 D wpa_supplicant: WPS:  * Version2 (0x20)
07-03 20:18:56.785   288   288 D wpa_supplicant: wpa_driver_wext_combo_scan: Start
07-03 20:18:56.785   288   288 D wpa_supplicant: For Scan: (null)
07-03 20:18:56.836   288   288 D wpa_supplicant: Scan requested (ret=0) - scan timeout 30 seconds
07-03 20:18:57.316   288   288 D wpa_supplicant: RTM_NEWLINK: operstate=0 ifi_flags=0x11003 ([UP][LOWER_UP])
07-03 20:18:57.316   288   288 D wpa_supplicant: RTM_NEWLINK, IFLA_IFNAME: Interface 'wlan0' added
07-03 20:18:57.316   288   288 D wpa_supplicant: Wireless event: cmd=0x8b19 len=8
07-03 20:18:57.316   288   288 D wpa_supplicant: Received 1642 bytes of scan results (6 BSSes)
07-03 20:21:34.031   141   199 D NetUtils: android_net_utils_resetConnections in env=0xeb5498 clazz=0xd1c00001 iface=uwbr0 mask=0x3
07-03 20:21:34.031   141   199 D ConnectivityService: ConnectivityChange for WIMAX: DISCONNECTED/SCANNING
07-03 20:21:34.031   141   199 D ConnectivityService: Attempting to switch to mobile
07-03 20:21:34.031   141   199 D ConnectivityService: Attempting to switch to WIFI
07-03 20:21:34.031   141   199 D ConnectivityService: Attempting to switch to BLUETOOTH_TETHER
07-03 20:21:34.031   141   199 D ConnectivityService: resetConnections(uwbr0, 3)
07-03 20:21:34.035   288   288 D wpa_supplicant: WPS: Building WPS IE for Probe Request
07-03 20:21:34.035   288   288 D wpa_supplicant: WPS:  * Version (hardcoded 0x10)
07-03 20:21:34.035   288   288 D wpa_supplicant: WPS:  * Request Type
07-03 20:21:34.035   288   288 D wpa_supplicant: WPS:  * Config Methods (2388)
07-03 20:21:34.035   288   288 D wpa_supplicant: WPS:  * UUID-E
07-03 20:21:34.035   288   288 D wpa_supplicant: WPS:  * Primary Device Type
07-03 20:21:34.035   288   288 D wpa_supplicant: WPS:  * RF Bands (3)
07-03 20:21:34.035   288   288 D wpa_supplicant: WPS:  * Association State
07-03 20:21:34.035   288   288 D wpa_supplicant: WPS:  * Configuration Error (0)
07-03 20:21:34.035   288   288 D wpa_supplicant: WPS:  * Device Password ID (0)
07-03 20:21:34.035   288   288 D wpa_supplicant: WPS:  * Manufacturer
07-03 20:21:34.035   288   288 D wpa_supplicant: WPS:  * Model Name
07-03 20:21:34.035   288   288 D wpa_supplicant: WPS:  * Model Number
07-03 20:21:34.035   288   288 D wpa_supplicant: WPS:  * Device Name
07-03 20:21:34.035   288   288 D wpa_supplicant: WPS:  * Version2 (0x20)
07-03 20:21:34.035   288   288 D wpa_supplicant: wpa_driver_wext_combo_scan: Start
07-03 20:21:34.035   288   288 D wpa_supplicant: For Scan: (null)
07-03 20:21:34.089   288   288 D wpa_supplicant: Scan requested (ret=0) - scan timeout 30 seconds
07-03 20:21:34.109   141   195 D NetworkPolicy: applying policy NetworkPolicy[NetworkTemplate: matchRule=MOBILE_ALL, subscriberId=valid]: cycleDay=8, warningBytes=2147483648, limitBytes=-1, lastSnooze=-1 to ifaces [rmnet0]
07-03 20:21:34.117   141   195 D NetworkPolicy: applying policy NetworkPolicy[NetworkTemplate: matchRule=MOBILE_ALL, subscriberId=valid]: cycleDay=8, warningBytes=2147483648, limitBytes=-1, lastSnooze=-1 to ifaces [rmnet0]
07-03 20:21:34.570   288   288 D wpa_supplicant: RTM_NEWLINK: operstate=0 ifi_flags=0x11003 ([UP][LOWER_UP])
07-03 20:21:34.570   288   288 D wpa_supplicant: RTM_NEWLINK, IFLA_IFNAME: Interface 'wlan0' added
07-03 20:21:34.570   288   288 D wpa_supplicant: Wireless event: cmd=0x8b19 len=8
07-03 20:21:34.570   288   288 D wpa_supplicant: Received 386 bytes of scan results (2 BSSes)
07-03 20:21:37.078   141   203 D Tethering: MasterInitialState.processMessage what=3
07-03 20:21:37.117  3170  3183 D PicasaSyncManager: active network: NetworkInfo: type: mobile[CDMA - EvDo rev. A], state: CONNECTED/CONNECTED, reason: (unspecified), extra: , roaming: false, failover: false, isAvailable: true
07-03 20:21:37.121   141   203 D Tethering: MasterInitialState.processMessage what=3
07-03 20:21:37.129  3170  3183 D PicasaSyncManager: background data: true
07-03 20:21:37.175  3185  3185 I MediaUploader: No need to wake up
07-03 20:21:37.230  3170  3183 D PicasaSyncManager: active network: NetworkInfo: type: mobile[CDMA - EvDo rev. A], state: CONNECTED/CONNECTED, reason: (unspecified), extra: , roaming: false, failover: false, isAvailable: true
07-03 20:21:37.238  3170  3183 D PicasaSyncManager: background data: true
07-03 20:21:37.257   272   276 D dalvikvm: GC_CONCURRENT freed 444K, 7% free 10828K/11591K, paused 2ms+7ms
07-03 20:21:37.285  3185  3185 I MediaUploader: No need to wake up
07-03 20:21:37.605   141   199 D ConnectivityService: handleInetConditionHoldEnd: net=0, condition=100, published condition=100
07-03 20:21:40.437  2914  2927 I PhoneLab-: Service Running
07-03 20:21:40.496  2914  2927 I PhoneLab-LoggerService: app_38    1440  1     1432   1060  c00f181c 400107b4 S logcat
07-03 20:21:40.500  2914  2927 I PhoneLab-LoggerService: Logcat pid from database 1440
07-03 20:21:40.500  2914  2927 I PhoneLab-LoggerService: Logcat process found 1440
07-03 20:21:40.500  2914  2927 I PhoneLab-LoggerService: Checking Threshold
07-03 20:21:40.500  2914  2927 I PhoneLab-LoggerService: Starting to rename files
07-03 20:21:40.500  2914  2927 I PhoneLab-LoggerService: Files found .. 18
07-03 20:21:40.504  2914  2927 I PhoneLab-: Service Running
07-03 20:21:40.539  2914  2927 I PhoneLab-LoggerService: app_38    1440  1     1432   1060  c00f181c 400107b4 S logcat
07-03 20:21:40.539  2914  2927 I PhoneLab-LoggerService: Logcat pid from database 1440
07-03 20:21:40.539  2914  2927 I PhoneLab-LoggerService: Logcat process found 1440
07-03 20:21:40.539  2914  2927 I PhoneLab-LoggerService: Checking Threshold
07-03 20:21:40.543  2914  2927 I PhoneLab-LoggerService: Starting to rename files
07-03 20:21:40.543  2914  2927 I PhoneLab-LoggerService: Files found .. 18
07-03 20:21:40.543  2914  2927 I PhoneLab-: Service Running
07-03 20:21:40.593  2914  2927 I PhoneLab-LoggerService: app_38    1440  1     1432   1060  c00f181c 400107b4 S logcat
07-03 20:21:40.593  2914  2927 I PhoneLab-LoggerService: Logcat pid from database 1440
07-03 20:21:40.593  2914  2927 I PhoneLab-LoggerService: Logcat process found 1440
07-03 20:21:40.593  2914  2927 I PhoneLab-LoggerService: Checking Threshold
07-03 20:21:40.593  2914  2927 I PhoneLab-LoggerService: Starting to rename files
07-03 20:21:40.593  2914  2927 I PhoneLab-LoggerService: Files found .. 18
07-03 20:21:40.597  2914  2927 I PhoneLab-: Service Running
07-03 20:21:40.625  2914  2927 I PhoneLab-LoggerService: app_38    1440  1     1432   1060  c00f181c 400107b4 S logcat
07-03 20:21:40.625  2914  2927 I PhoneLab-LoggerService: Logcat pid from database 1440
07-03 20:21:40.625  2914  2927 I PhoneLab-LoggerService: Logcat process found 1440
07-03 20:21:40.625  2914  2927 I PhoneLab-LoggerService: Checking Threshold
07-03 20:21:40.625  2914  2927 I PhoneLab-LoggerService: Starting to rename files
07-03 20:21:40.629  2914  2927 I PhoneLab-LoggerService: Files found .. 18
07-03 20:21:40.632  2914  2927 I PhoneLab-: Service Running
07-03 20:21:40.687  2914  2927 I PhoneLab-LoggerService: app_38    1440  1     1432   1060  c00f181c 400107b4 S logcat
07-03 20:21:40.687  2914  2927 I PhoneLab-LoggerService: Logcat pid from database 1440
07-03 20:21:40.687  2914  2927 I PhoneLab-LoggerService: Logcat process found 1440
07-03 20:21:40.687  2914  2927 I PhoneLab-LoggerService: Checking Threshold
07-03 20:21:40.687  2914  2927 I PhoneLab-LoggerService: Starting to rename files
07-03 20:21:40.707  2914  2927 I PhoneLab-LoggerService: Files found .. 18
07-03 20:21:40.707  2914  2927 I PhoneLab-: Service Running
07-03 20:21:40.742  2914  2916 D dalvikvm: GC_CONCURRENT freed 459K, 8% free 9161K/9927K, paused 2ms+5ms
07-03 20:21:40.777  2914  2927 I PhoneLab-LoggerService: app_38    1440  1     1432   1060  c00f181c 400107b4 S logcat
07-03 20:21:40.781  2914  2927 I PhoneLab-LoggerService: Logcat pid from database 1440
07-03 20:21:40.781  2914  2927 I PhoneLab-LoggerService: Logcat process found 1440
07-03 20:21:40.781  2914  2927 I PhoneLab-LoggerService: Checking Threshold
07-03 20:21:40.781  2914  2927 I PhoneLab-LoggerService: Starting to rename files
07-03 20:21:40.781  2914  2927 I PhoneLab-LoggerService: Files found .. 18
07-03 20:21:44.789   141   199 D NetUtils: android_net_utils_resetConnections in env=0xeb5498 clazz=0xdd000001 iface=uwbr0 mask=0x3
07-03 20:21:44.789   141   199 D ConnectivityService: ConnectivityChange for WIMAX: DISCONNECTED/SCANNING
07-03 20:21:44.789   141   199 D ConnectivityService: Attempting to switch to mobile
07-03 20:21:44.789   141   199 D ConnectivityService: Attempting to switch to WIFI
07-03 20:21:44.789   141   199 D ConnectivityService: Attempting to switch to BLUETOOTH_TETHER
07-03 20:21:44.789   141   199 D ConnectivityService: resetConnections(uwbr0, 3)
07-03 20:21:44.836   141   195 D NetworkPolicy: applying policy NetworkPolicy[NetworkTemplate: matchRule=MOBILE_ALL, subscriberId=valid]: cycleDay=8, warningBytes=2147483648, limitBytes=-1, lastSnooze=-1 to ifaces [rmnet0]
07-03 20:21:44.847   141   195 D NetworkPolicy: applying policy NetworkPolicy[NetworkTemplate: matchRule=MOBILE_ALL, subscriberId=valid]: cycleDay=8, warningBytes=2147483648, limitBytes=-1, lastSnooze=-1 to ifaces [rmnet0]
07-03 20:21:44.961   141   143 D dalvikvm: GC_CONCURRENT freed 1150K, 18% free 15504K/18759K, paused 3ms+6ms
07-03 20:21:47.816   141   203 D Tethering: MasterInitialState.processMessage what=3
07-03 20:21:47.843   141   203 D Tethering: MasterInitialState.processMessage what=3
07-03 20:21:47.882  3185  3185 I MediaUploader: No need to wake up
07-03 20:21:47.918  3170  3183 D PicasaSyncManager: active network: NetworkInfo: type: mobile[CDMA - EvDo rev. A], state: CONNECTED/CONNECTED, reason: (unspecified), extra: , roaming: false, failover: false, isAvailable: true
07-03 20:21:47.922  3170  3183 D PicasaSyncManager: background data: true
07-03 20:21:47.968  3170  3183 D PicasaSyncManager: active network: NetworkInfo: type: mobile[CDMA - EvDo rev. A], state: CONNECTED/CONNECTED, reason: (unspecified), extra: , roaming: false, failover: false, isAvailable: true
07-03 20:21:47.976  3170  3183 D PicasaSyncManager: background data: true
07-03 20:21:47.996  3185  3185 I MediaUploader: No need to wake up
07-03 20:21:48.113   272   272 D dalvikvm: GC_EXPLICIT freed 226K, 8% free 10779K/11591K, paused 2ms+7ms
07-03 20:21:48.343   141   199 D ConnectivityService: handleInetConditionHoldEnd: net=0, condition=100, published condition=100
07-03 20:21:49.574   288   288 D wpa_supplicant: WPS: Building WPS IE for Probe Request
07-03 20:21:49.574   288   288 D wpa_supplicant: WPS:  * Version (hardcoded 0x10)
07-03 20:21:49.574   288   288 D wpa_supplicant: WPS:  * Request Type
07-03 20:21:49.574   288   288 D wpa_supplicant: WPS:  * Config Methods (2388)
07-03 20:21:49.574   288   288 D wpa_supplicant: WPS:  * UUID-E
07-03 20:21:49.574   288   288 D wpa_supplicant: WPS:  * Primary Device Type
07-03 20:21:49.574   288   288 D wpa_supplicant: WPS:  * RF Bands (3)
07-03 20:21:49.574   288   288 D wpa_supplicant: WPS:  * Association State
07-03 20:21:49.574   288   288 D wpa_supplicant: WPS:  * Configuration Error (0)
07-03 20:21:49.574   288   288 D wpa_supplicant: WPS:  * Device Password ID (0)
07-03 20:21:49.574   288   288 D wpa_supplicant: WPS:  * Manufacturer
07-03 20:21:49.574   288   288 D wpa_supplicant: WPS:  * Model Name
07-03 20:21:49.574   288   288 D wpa_supplicant: WPS:  * Model Number
07-03 20:21:49.574   288   288 D wpa_supplicant: WPS:  * Device Name
07-03 20:21:49.574   288   288 D wpa_supplicant: WPS:  * Version2 (0x20)
07-03 20:21:49.574   288   288 D wpa_supplicant: wpa_driver_wext_combo_scan: Start
07-03 20:21:49.574   288   288 D wpa_supplicant: For Scan: (null)
07-03 20:21:49.629   288   288 D wpa_supplicant: Scan requested (ret=0) - scan timeout 30 seconds
07-03 20:21:50.109   288   288 D wpa_supplicant: RTM_NEWLINK: operstate=0 ifi_flags=0x11003 ([UP][LOWER_UP])
07-03 20:21:50.109   288   288 D wpa_supplicant: RTM_NEWLINK, IFLA_IFNAME: Interface 'wlan0' added
07-03 20:21:50.109   288   288 D wpa_supplicant: Wireless event: cmd=0x8b19 len=8
07-03 20:21:50.109   288   288 D wpa_supplicant: Received 1913 bytes of scan results (7 BSSes)
07-03 20:22:42.355   272   728 I EventLogService: Aggregate from 1341370362257 (log), 1341370362257 (data)
07-03 20:22:44.062  2914  2914 I PhoneLab-Locks: wake lock acquired
07-03 20:22:44.086  2914  3967 I PhoneLab-PeriodicCheckService: User info is synched
07-03 20:22:44.086  2914  3967 I PhoneLab-PeriodicCheckService: Logger Service is running
07-03 20:22:44.089  2914  3967 I PhoneLab-PeriodicCheckService: Rescheduling periodic checking...
07-03 20:22:44.089  2914  3967 I PhoneLab-Locks: wake lock released
07-03 20:22:46.031   288   288 D wpa_supplicant: WPS: Building WPS IE for Probe Request
07-03 20:22:46.031   288   288 D wpa_supplicant: WPS:  * Version (hardcoded 0x10)
07-03 20:22:46.031   288   288 D wpa_supplicant: WPS:  * Request Type
07-03 20:22:46.031   288   288 D wpa_supplicant: WPS:  * Config Methods (2388)
07-03 20:22:46.031   288   288 D wpa_supplicant: WPS:  * UUID-E
07-03 20:22:46.031   288   288 D wpa_supplicant: WPS:  * Primary Device Type
07-03 20:22:46.031   288   288 D wpa_supplicant: WPS:  * RF Bands (3)
07-03 20:22:46.031   288   288 D wpa_supplicant: WPS:  * Association State
07-03 20:22:46.031   288   288 D wpa_supplicant: WPS:  * Configuration Error (0)
07-03 20:22:46.031   288   288 D wpa_supplicant: WPS:  * Device Password ID (0)
07-03 20:22:46.031   288   288 D wpa_supplicant: WPS:  * Manufacturer
07-03 20:22:46.031   288   288 D wpa_supplicant: WPS:  * Model Name
07-03 20:22:46.031   288   288 D wpa_supplicant: WPS:  * Model Number
07-03 20:22:46.031   288   288 D wpa_supplicant: WPS:  * Device Name
07-03 20:22:46.031   288   288 D wpa_supplicant: WPS:  * Version2 (0x20)
07-03 20:22:46.031   288   288 D wpa_supplicant: wpa_driver_wext_combo_scan: Start
07-03 20:22:46.031   288   288 D wpa_supplicant: For Scan: (null)
07-03 20:22:46.089   288   288 D wpa_supplicant: Scan requested (ret=0) - scan timeout 30 seconds
07-03 20:22:47.019   288   288 D wpa_supplicant: RTM_NEWLINK: operstate=0 ifi_flags=0x11003 ([UP][LOWER_UP])
07-03 20:22:47.019   288   288 D wpa_supplicant: RTM_NEWLINK, IFLA_IFNAME: Interface 'wlan0' added
07-03 20:22:47.019   288   288 D wpa_supplicant: Wireless event: cmd=0x8b19 len=8
07-03 20:22:47.019   288   288 D wpa_supplicant: Received 1519 bytes of scan results (5 BSSes)
07-03 20:22:47.039   346   346 D SAN_SERVICE: *******************************************
07-03 20:22:47.039   346   346 D SAN_SERVICE: DM App Phone Service State - 0
07-03 20:22:47.039   346   346 D SAN_SERVICE: *******************************************
07-03 20:22:47.832   346   346 D SAN_SERVICE: *******************************************
07-03 20:22:47.832   346   346 D SAN_SERVICE: DM App Phone Service State - 0
07-03 20:22:47.832   346   346 D SAN_SERVICE: *******************************************
07-03 20:22:47.855   346   349 D dalvikvm: GC_CONCURRENT freed 440K, 6% free 9478K/10055K, paused 2ms+2ms
07-03 20:22:52.754  2914  2914 I PhoneLab-Locks: wake lock acquired
07-03 20:22:52.769  2914  2914 I PhoneLab-StatusMonitor: Status Monitoring is started
07-03 20:22:52.836  2914  2916 D dalvikvm: GC_CONCURRENT freed 439K, 7% free 9234K/9927K, paused 1ms+7ms
07-03 20:22:52.839  2914  2914 I PhoneLab-StatusMonitor: Value: 10 - unit: min
07-03 20:22:52.839  2914  2914 I PhoneLab-StatusMonitor: Running interval: 600000
07-03 20:22:52.855  2914  2914 I PhoneLab-StatusMonitor: Rescheduling status monitoring...
07-03 20:22:52.855  2914  2914 I PhoneLab-Locks: wake lock released
07-03 20:22:52.859  2914  2914 I PhoneLab-StatusMonitorLocation: Learning Location
07-03 20:22:52.863  2914  2914 I PhoneLab-Locks: wake lock acquired
07-03 20:22:52.890  2914  2914 D dalvikvm: GC_EXPLICIT freed 201K, 8% free 9142K/9927K, paused 5ms+3ms
07-03 20:22:52.890  2914  2914 I PhoneLab-Locks: wake lock acquired
07-03 20:22:52.894  2914  2914 I PhoneLab-StatusMonitorLocation: Learning Signal Strgth
07-03 20:22:52.894  2914  2914 I PhoneLab-Locks: wake lock acquired
07-03 20:22:52.894   272   608 D androidNetworkLocationListeners: Still have listener com.google.android.location.internal.client.NetworkLocationClient$1@41392f40
07-03 20:22:52.898   288   288 D wpa_supplicant: wpa_driver_wext_driver_cmd SETSUSPENDOPT 0 len = 4096
07-03 20:22:52.898   288   288 D wpa_supplicant: wpa_driver_wext_driver_cmd SETSUSPENDOPT 0 len = 0, 15
07-03 20:22:52.898   288   288 D wpa_supplicant: wpa_driver_wext_driver_cmd POWERMODE 0 len = 4096
07-03 20:22:52.902   272   608 D androidNetworkLocationListeners: Still have listener com.google.android.location.internal.client.NetworkLocationClient$1@41392f40
07-03 20:22:52.910  2914  2914 I PhoneLab-StatusMonitorBattery: Battery_level: 73
07-03 20:22:52.910  2914  2914 I PhoneLab-Locks: wake lock released
07-03 20:22:52.910  2914  2914 I PhoneLab-StatusMonitorSignal: Signal_Strength: -86 asu: 14
07-03 20:22:52.910  2914  2914 I PhoneLab-Locks: wake lock released
07-03 20:22:52.914   288   288 D wpa_supplicant: wpa_driver_wext_driver_cmd OK len = 0, 2
07-03 20:22:52.976   288   288 D wpa_supplicant: wpa_driver_wext_driver_cmd SETSUSPENDOPT 0 len = 4096
07-03 20:22:52.976   288   288 D wpa_supplicant: wpa_driver_wext_driver_cmd SETSUSPENDOPT 0 len = 0, 15
07-03 20:22:52.976   288   288 D wpa_supplicant: wpa_driver_wext_driver_cmd POWERMODE 0 len = 4096
07-03 20:22:52.984   288   288 D wpa_supplicant: wpa_driver_wext_driver_cmd OK len = 0, 2
07-03 20:22:52.988   288   288 D wpa_supplicant: wpa_driver_wext_driver_cmd SETSUSPENDOPT 0 len = 4096
07-03 20:22:52.988   288   288 D wpa_supplicant: wpa_driver_wext_driver_cmd SETSUSPENDOPT 0 len = 0, 15
07-03 20:22:52.988   288   288 D wpa_supplicant: wpa_driver_wext_driver_cmd POWERMODE 0 len = 4096
07-03 20:22:52.988   288   288 D wpa_supplicant: wpa_driver_wext_driver_cmd OK len = 0, 2
07-03 20:22:52.988   288   288 D wpa_supplicant: WPS: Building WPS IE for Probe Request
07-03 20:22:52.988   288   288 D wpa_supplicant: WPS:  * Version (hardcoded 0x10)
07-03 20:22:52.988   288   288 D wpa_supplicant: WPS:  * Request Type
07-03 20:22:52.988   288   288 D wpa_supplicant: WPS:  * Config Methods (2388)
07-03 20:22:52.988   288   288 D wpa_supplicant: WPS:  * UUID-E
07-03 20:22:52.988   288   288 D wpa_supplicant: WPS:  * Primary Device Type
07-03 20:22:52.988   288   288 D wpa_supplicant: WPS:  * RF Bands (3)
07-03 20:22:52.988   288   288 D wpa_supplicant: WPS:  * Association State
07-03 20:22:52.988   288   288 D wpa_supplicant: WPS:  * Configuration Error (0)
07-03 20:22:52.988   288   288 D wpa_supplicant: WPS:  * Device Password ID (0)
07-03 20:22:52.988   288   288 D wpa_supplicant: WPS:  * Manufacturer
07-03 20:22:52.988   288   288 D wpa_supplicant: WPS:  * Model Name
07-03 20:22:52.988   288   288 D wpa_supplicant: WPS:  * Model Number
07-03 20:22:52.988   288   288 D wpa_supplicant: WPS:  * Device Name
07-03 20:22:52.988   288   288 D wpa_supplicant: WPS:  * Version2 (0x20)
07-03 20:22:52.988   288   288 D wpa_supplicant: wpa_driver_wext_combo_scan: Start
07-03 20:22:52.988   288   288 D wpa_supplicant: For Scan: (null)
07-03 20:22:53.000  2914  2914 I PhoneLab-StatusMonitorLocation: Location_Latitude: 37.5028395 Longitude: -121.9258454 Accuracy: 26.0
07-03 20:22:53.000  2914  2914 I PhoneLab-Locks: wake lock released
07-03 20:22:53.000   272   608 D androidNetworkLocationListeners: Still have listener com.google.android.location.internal.client.NetworkLocationClient$1@41392f40
07-03 20:22:53.035   288   288 D wpa_supplicant: Scan requested (ret=0) - scan timeout 30 seconds
07-03 20:22:53.035   288   288 D wpa_supplicant: Ongoing scan action - reject new request
07-03 20:22:53.519   288   288 D wpa_supplicant: RTM_NEWLINK: operstate=0 ifi_flags=0x11003 ([UP][LOWER_UP])
07-03 20:22:53.519   288   288 D wpa_supplicant: RTM_NEWLINK, IFLA_IFNAME: Interface 'wlan0' added
07-03 20:22:53.519   288   288 D wpa_supplicant: Wireless event: cmd=0x8b19 len=8
07-03 20:22:53.519   288   288 D wpa_supplicant: Received 1729 bytes of scan results (6 BSSes)
07-03 20:22:53.632   288   288 D wpa_supplicant: wpa_driver_wext_driver_cmd SETSUSPENDOPT 0 len = 4096
07-03 20:22:53.632   288   288 D wpa_supplicant: wpa_driver_wext_driver_cmd SETSUSPENDOPT 0 len = 0, 15
07-03 20:22:53.632   288   288 D wpa_supplicant: wpa_driver_wext_driver_cmd POWERMODE 0 len = 4096
07-03 20:22:53.636   288   288 D wpa_supplicant: wpa_driver_wext_driver_cmd OK len = 0, 2
07-03 20:22:53.691   272   276 D dalvikvm: GC_CONCURRENT freed 541K, 8% free 10780K/11591K, paused 2ms+3ms
07-03 20:23:41.504   288   288 D wpa_supplicant: WPS: Building WPS IE for Probe Request
07-03 20:23:41.504   288   288 D wpa_supplicant: WPS:  * Version (hardcoded 0x10)
07-03 20:23:41.504   288   288 D wpa_supplicant: WPS:  * Request Type
07-03 20:23:41.504   288   288 D wpa_supplicant: WPS:  * Config Methods (2388)
07-03 20:23:41.504   288   288 D wpa_supplicant: WPS:  * UUID-E
07-03 20:23:41.504   288   288 D wpa_supplicant: WPS:  * Primary Device Type
07-03 20:23:41.504   288   288 D wpa_supplicant: WPS:  * RF Bands (3)
07-03 20:23:41.504   288   288 D wpa_supplicant: WPS:  * Association State
07-03 20:23:41.504   288   288 D wpa_supplicant: WPS:  * Configuration Error (0)
07-03 20:23:41.504   288   288 D wpa_supplicant: WPS:  * Device Password ID (0)
07-03 20:23:41.504   288   288 D wpa_supplicant: WPS:  * Manufacturer
07-03 20:23:41.504   288   288 D wpa_supplicant: WPS:  * Model Name
07-03 20:23:41.504   288   288 D wpa_supplicant: WPS:  * Model Number
07-03 20:23:41.504   288   288 D wpa_supplicant: WPS:  * Device Name
07-03 20:23:41.504   288   288 D wpa_supplicant: WPS:  * Version2 (0x20)
07-03 20:23:41.504   288   288 D wpa_supplicant: wpa_driver_wext_combo_scan: Start
07-03 20:23:41.504   288   288 D wpa_supplicant: For Scan: (null)
07-03 20:23:41.558   288   288 D wpa_supplicant: Scan requested (ret=0) - scan timeout 30 seconds
07-03 20:23:42.035   288   288 D wpa_supplicant: RTM_NEWLINK: operstate=0 ifi_flags=0x11003 ([UP][LOWER_UP])
07-03 20:23:42.035   288   288 D wpa_supplicant: RTM_NEWLINK, IFLA_IFNAME: Interface 'wlan0' added
07-03 20:23:42.035   288   288 D wpa_supplicant: Wireless event: cmd=0x8b19 len=8
07-03 20:23:42.035   288   288 D wpa_supplicant: Received 202 bytes of scan results (1 BSSes)
07-03 20:23:42.117   346   346 D SAN_SERVICE: *******************************************
07-03 20:23:42.117   346   346 D SAN_SERVICE: DM App Phone Service State - 0
07-03 20:23:42.117   346   346 D SAN_SERVICE: *******************************************
07-03 20:27:46.238   288   288 D wpa_supplicant: WPS: Building WPS IE for Probe Request
07-03 20:27:46.238   288   288 D wpa_supplicant: WPS:  * Version (hardcoded 0x10)
07-03 20:27:46.238   288   288 D wpa_supplicant: WPS:  * Request Type
07-03 20:27:46.238   288   288 D wpa_supplicant: WPS:  * Config Methods (2388)
07-03 20:27:46.238   288   288 D wpa_supplicant: WPS:  * UUID-E
07-03 20:27:46.238   288   288 D wpa_supplicant: WPS:  * Primary Device Type
07-03 20:27:46.238   288   288 D wpa_supplicant: WPS:  * RF Bands (3)
07-03 20:27:46.238   288   288 D wpa_supplicant: WPS:  * Association State
07-03 20:27:46.238   288   288 D wpa_supplicant: WPS:  * Configuration Error (0)
07-03 20:27:46.238   288   288 D wpa_supplicant: WPS:  * Device Password ID (0)
07-03 20:27:46.238   288   288 D wpa_supplicant: WPS:  * Manufacturer
07-03 20:27:46.238   288   288 D wpa_supplicant: WPS:  * Model Name
07-03 20:27:46.238   288   288 D wpa_supplicant: WPS:  * Model Number
07-03 20:27:46.238   288   288 D wpa_supplicant: WPS:  * Device Name
07-03 20:27:46.238   288   288 D wpa_supplicant: WPS:  * Version2 (0x20)
07-03 20:27:46.238   288   288 D wpa_supplicant: wpa_driver_wext_combo_scan: Start
07-03 20:27:46.238   288   288 D wpa_supplicant: For Scan: (null)
07-03 20:27:46.296   288   288 D wpa_supplicant: Scan requested (ret=0) - scan timeout 30 seconds
07-03 20:27:46.781   288   288 D wpa_supplicant: RTM_NEWLINK: operstate=0 ifi_flags=0x11003 ([UP][LOWER_UP])
07-03 20:27:46.781   288   288 D wpa_supplicant: RTM_NEWLINK, IFLA_IFNAME: Interface 'wlan0' added
07-03 20:27:46.781   288   288 D wpa_supplicant: Wireless event: cmd=0x8b19 len=8
07-03 20:27:46.781   288   288 D wpa_supplicant: Received 1729 bytes of scan results (6 BSSes)
07-03 20:32:46.031   288   288 D wpa_supplicant: WPS: Building WPS IE for Probe Request
07-03 20:32:46.031   288   288 D wpa_supplicant: WPS:  * Version (hardcoded 0x10)
07-03 20:32:46.031   288   288 D wpa_supplicant: WPS:  * Request Type
07-03 20:32:46.031   288   288 D wpa_supplicant: WPS:  * Config Methods (2388)
07-03 20:32:46.031   288   288 D wpa_supplicant: WPS:  * UUID-E
07-03 20:32:46.031   288   288 D wpa_supplicant: WPS:  * Primary Device Type
07-03 20:32:46.031   288   288 D wpa_supplicant: WPS:  * RF Bands (3)
07-03 20:32:46.031   288   288 D wpa_supplicant: WPS:  * Association State
07-03 20:32:46.031   288   288 D wpa_supplicant: WPS:  * Configuration Error (0)
07-03 20:32:46.031   288   288 D wpa_supplicant: WPS:  * Device Password ID (0)
07-03 20:32:46.031   288   288 D wpa_supplicant: WPS:  * Manufacturer
07-03 20:32:46.031   288   288 D wpa_supplicant: WPS:  * Model Name
07-03 20:32:46.031   288   288 D wpa_supplicant: WPS:  * Model Number
07-03 20:32:46.031   288   288 D wpa_supplicant: WPS:  * Device Name
07-03 20:32:46.031   288   288 D wpa_supplicant: WPS:  * Version2 (0x20)
07-03 20:32:46.031   288   288 D wpa_supplicant: wpa_driver_wext_combo_scan: Start
07-03 20:32:46.031   288   288 D wpa_supplicant: For Scan: (null)
07-03 20:32:46.082   288   288 D wpa_supplicant: Scan requested (ret=0) - scan timeout 30 seconds
07-03 20:32:46.578   288   288 D wpa_supplicant: RTM_NEWLINK: operstate=0 ifi_flags=0x11003 ([UP][LOWER_UP])
07-03 20:32:46.578   288   288 D wpa_supplicant: RTM_NEWLINK, IFLA_IFNAME: Interface 'wlan0' added
07-03 20:32:46.578   288   288 D wpa_supplicant: Wireless event: cmd=0x8b19 len=8
07-03 20:32:46.578   288   288 D wpa_supplicant: Received 1779 bytes of scan results (7 BSSes)
07-03 20:32:46.640  3749  3752 D dalvikvm: GC_CONCURRENT freed 352K, 5% free 10272K/10759K, paused 8ms+6ms
07-03 20:32:53.011  2914  2914 I PhoneLab-Locks: wake lock acquired
07-03 20:32:53.015  2914  2914 I PhoneLab-StatusMonitor: Status Monitoring is started
07-03 20:32:53.093  2914  2916 D dalvikvm: GC_CONCURRENT freed 346K, 7% free 9306K/9927K, paused 2ms+6ms
07-03 20:32:53.097  2914  2914 I PhoneLab-StatusMonitor: Value: 10 - unit: min
07-03 20:32:53.097  2914  2914 I PhoneLab-StatusMonitor: Running interval: 600000
07-03 20:32:53.109  2914  2914 I PhoneLab-StatusMonitor: Rescheduling status monitoring...
07-03 20:32:53.109  2914  2914 I PhoneLab-Locks: wake lock released
07-03 20:32:53.113  2914  2914 I PhoneLab-StatusMonitorLocation: Learning Location
07-03 20:32:53.113  2914  2914 I PhoneLab-Locks: wake lock acquired
07-03 20:32:53.117  2914  2914 I PhoneLab-Locks: wake lock acquired
07-03 20:32:53.121  2914  2914 I PhoneLab-StatusMonitorLocation: Learning Signal Strgth
07-03 20:32:53.121  2914  2914 I PhoneLab-Locks: wake lock acquired
07-03 20:32:53.125   272   608 D androidNetworkLocationListeners: Still have listener com.google.android.location.internal.client.NetworkLocationClient$1@41392f40
07-03 20:32:53.129   288   288 D wpa_supplicant: wpa_driver_wext_driver_cmd SETSUSPENDOPT 0 len = 4096
07-03 20:32:53.129   288   288 D wpa_supplicant: wpa_driver_wext_driver_cmd SETSUSPENDOPT 0 len = 0, 15
07-03 20:32:53.129   288   288 D wpa_supplicant: wpa_driver_wext_driver_cmd POWERMODE 0 len = 4096
07-03 20:32:53.129   272   608 D androidNetworkLocationListeners: Still have listener com.google.android.location.internal.client.NetworkLocationClient$1@41392f40
07-03 20:32:53.132  2914  2914 I PhoneLab-StatusMonitorBattery: Battery_level: 73
07-03 20:32:53.132  2914  2914 I PhoneLab-Locks: wake lock released
07-03 20:32:53.132  2914  2914 I PhoneLab-StatusMonitorSignal: Signal_Strength: -96 asu: 9
07-03 20:32:53.132  2914  2914 I PhoneLab-Locks: wake lock released
07-03 20:32:53.140   288   288 D wpa_supplicant: wpa_driver_wext_driver_cmd OK len = 0, 2
07-03 20:32:53.203   288   288 D wpa_supplicant: wpa_driver_wext_driver_cmd SETSUSPENDOPT 0 len = 4096
07-03 20:32:53.203   288   288 D wpa_supplicant: wpa_driver_wext_driver_cmd SETSUSPENDOPT 0 len = 0, 15
07-03 20:32:53.207   288   288 D wpa_supplicant: wpa_driver_wext_driver_cmd POWERMODE 0 len = 4096
07-03 20:32:53.215   288   288 D wpa_supplicant: wpa_driver_wext_driver_cmd OK len = 0, 2
07-03 20:32:53.215   288   288 D wpa_supplicant: wpa_driver_wext_driver_cmd SETSUSPENDOPT 0 len = 4096
07-03 20:32:53.215   288   288 D wpa_supplicant: wpa_driver_wext_driver_cmd SETSUSPENDOPT 0 len = 0, 15
07-03 20:32:53.215   288   288 D wpa_supplicant: wpa_driver_wext_driver_cmd POWERMODE 0 len = 4096
07-03 20:32:53.218   288   288 D wpa_supplicant: wpa_driver_wext_driver_cmd OK len = 0, 2
07-03 20:32:53.218   288   288 D wpa_supplicant: WPS: Building WPS IE for Probe Request
07-03 20:32:53.218   288   288 D wpa_supplicant: WPS:  * Version (hardcoded 0x10)
07-03 20:32:53.218   288   288 D wpa_supplicant: WPS:  * Request Type
07-03 20:32:53.218   288   288 D wpa_supplicant: WPS:  * Config Methods (2388)
07-03 20:32:53.218   288   288 D wpa_supplicant: WPS:  * UUID-E
07-03 20:32:53.218   288   288 D wpa_supplicant: WPS:  * Primary Device Type
07-03 20:32:53.218   288   288 D wpa_supplicant: WPS:  * RF Bands (3)
07-03 20:32:53.218   288   288 D wpa_supplicant: WPS:  * Association State
07-03 20:32:53.218   288   288 D wpa_supplicant: WPS:  * Configuration Error (0)
07-03 20:32:53.218   288   288 D wpa_supplicant: WPS:  * Device Password ID (0)
07-03 20:32:53.218   288   288 D wpa_supplicant: WPS:  * Manufacturer
07-03 20:32:53.218   288   288 D wpa_supplicant: WPS:  * Model Name
07-03 20:32:53.218   288   288 D wpa_supplicant: WPS:  * Model Number
07-03 20:32:53.218   288   288 D wpa_supplicant: WPS:  * Device Name
07-03 20:32:53.218   288   288 D wpa_supplicant: WPS:  * Version2 (0x20)
07-03 20:32:53.218   288   288 D wpa_supplicant: wpa_driver_wext_combo_scan: Start
07-03 20:32:53.218   288   288 D wpa_supplicant: For Scan: (null)
07-03 20:32:53.226  2914  2914 I PhoneLab-StatusMonitorLocation: Location_Latitude: 37.502833 Longitude: -121.9258401 Accuracy: 27.0
07-03 20:32:53.226  2914  2914 I PhoneLab-Locks: wake lock released
07-03 20:32:53.226   272   608 D androidNetworkLocationListeners: Still have listener com.google.android.location.internal.client.NetworkLocationClient$1@41392f40
07-03 20:32:53.265   288   288 D wpa_supplicant: Scan requested (ret=0) - scan timeout 30 seconds
07-03 20:32:53.265   288   288 D wpa_supplicant: Ongoing scan action - reject new request
07-03 20:32:53.750   288   288 D wpa_supplicant: RTM_NEWLINK: operstate=0 ifi_flags=0x11003 ([UP][LOWER_UP])
07-03 20:32:53.750   288   288 D wpa_supplicant: RTM_NEWLINK, IFLA_IFNAME: Interface 'wlan0' added
07-03 20:32:53.750   288   288 D wpa_supplicant: Wireless event: cmd=0x8b19 len=8
07-03 20:32:53.750   288   288 D wpa_supplicant: Received 1508 bytes of scan results (6 BSSes)
07-03 20:32:53.859   288   288 D wpa_supplicant: wpa_driver_wext_driver_cmd SETSUSPENDOPT 0 len = 4096
07-03 20:32:53.859   288   288 D wpa_supplicant: wpa_driver_wext_driver_cmd SETSUSPENDOPT 0 len = 0, 15
07-03 20:32:53.859   288   288 D wpa_supplicant: wpa_driver_wext_driver_cmd POWERMODE 0 len = 4096
07-03 20:32:53.863   288   288 D wpa_supplicant: wpa_driver_wext_driver_cmd OK len = 0, 2
07-03 20:32:53.910   272   276 D dalvikvm: GC_CONCURRENT freed 481K, 8% free 10772K/11591K, paused 2ms+6ms
07-03 20:34:38.058   288   288 D wpa_supplicant: wpa_driver_wext_driver_cmd SETSUSPENDOPT 0 len = 4096
07-03 20:34:38.058   288   288 D wpa_supplicant: wpa_driver_wext_driver_cmd SETSUSPENDOPT 0 len = 0, 15
07-03 20:34:38.058   288   288 D wpa_supplicant: WPS: Building WPS IE for Probe Request
07-03 20:34:38.058   288   288 D wpa_supplicant: WPS:  * Version (hardcoded 0x10)
07-03 20:34:38.058   288   288 D wpa_supplicant: WPS:  * Request Type
07-03 20:34:38.058   288   288 D wpa_supplicant: WPS:  * Config Methods (2388)
07-03 20:34:38.058   288   288 D wpa_supplicant: WPS:  * UUID-E
07-03 20:34:38.058   288   288 D wpa_supplicant: WPS:  * Primary Device Type
07-03 20:34:38.058   288   288 D wpa_supplicant: WPS:  * RF Bands (3)
07-03 20:34:38.058   288   288 D wpa_supplicant: WPS:  * Association State
07-03 20:34:38.058   288   288 D wpa_supplicant: WPS:  * Configuration Error (0)
07-03 20:34:38.058   288   288 D wpa_supplicant: WPS:  * Device Password ID (0)
07-03 20:34:38.058   288   288 D wpa_supplicant: WPS:  * Manufacturer
07-03 20:34:38.058   288   288 D wpa_supplicant: WPS:  * Model Name
07-03 20:34:38.058   288   288 D wpa_supplicant: WPS:  * Model Number
07-03 20:34:38.058   288   288 D wpa_supplicant: WPS:  * Device Name
07-03 20:34:38.058   288   288 D wpa_supplicant: WPS:  * Version2 (0x20)
07-03 20:34:38.058   288   288 D wpa_supplicant: wpa_driver_wext_combo_scan: Start
07-03 20:34:38.058   288   288 D wpa_supplicant: For Scan: (null)
07-03 20:34:38.109   288   288 D wpa_supplicant: Scan requested (ret=0) - scan timeout 30 seconds
07-03 20:34:38.109   288   288 D wpa_supplicant: wpa_driver_wext_driver_cmd POWERMODE 0 len = 4096
07-03 20:34:38.113   288   288 D wpa_supplicant: wpa_driver_wext_driver_cmd OK len = 0, 2
07-03 20:34:38.593   288   288 D wpa_supplicant: RTM_NEWLINK: operstate=0 ifi_flags=0x11003 ([UP][LOWER_UP])
07-03 20:34:38.593   288   288 D wpa_supplicant: RTM_NEWLINK, IFLA_IFNAME: Interface 'wlan0' added
07-03 20:34:38.593   288   288 D wpa_supplicant: Wireless event: cmd=0x8b19 len=8
07-03 20:34:38.593   288   288 D wpa_supplicant: Received 1779 bytes of scan results (7 BSSes)
07-03 20:34:39.703   288   288 D wpa_supplicant: wpa_driver_wext_driver_cmd SETSUSPENDOPT 0 len = 4096
07-03 20:34:39.703   288   288 D wpa_supplicant: wpa_driver_wext_driver_cmd SETSUSPENDOPT 0 len = 0, 15
07-03 20:34:39.703   288   288 D wpa_supplicant: wpa_driver_wext_driver_cmd POWERMODE 0 len = 4096
07-03 20:34:39.707   288   288 D wpa_supplicant: wpa_driver_wext_driver_cmd OK len = 0, 2
07-03 20:34:54.023   346   346 D SAN_SERVICE: *******************************************
07-03 20:34:54.023   346   346 D SAN_SERVICE: DM App Phone Service State - 0
07-03 20:34:54.023   346   346 D SAN_SERVICE: *******************************************
07-03 20:36:44.019  2979  3978 W Gmail   : No MailEngine for account: jayinamdar@gmail.com
07-03 20:36:44.586   288   288 D wpa_supplicant: WPS: Building WPS IE for Probe Request
07-03 20:36:44.586   288   288 D wpa_supplicant: WPS:  * Version (hardcoded 0x10)
07-03 20:36:44.586   288   288 D wpa_supplicant: WPS:  * Request Type
07-03 20:36:44.586   288   288 D wpa_supplicant: WPS:  * Config Methods (2388)
07-03 20:36:44.586   288   288 D wpa_supplicant: WPS:  * UUID-E
07-03 20:36:44.586   288   288 D wpa_supplicant: WPS:  * Primary Device Type
07-03 20:36:44.586   288   288 D wpa_supplicant: WPS:  * RF Bands (3)
07-03 20:36:44.586   288   288 D wpa_supplicant: WPS:  * Association State
07-03 20:36:44.586   288   288 D wpa_supplicant: WPS:  * Configuration Error (0)
07-03 20:36:44.586   288   288 D wpa_supplicant: WPS:  * Device Password ID (0)
07-03 20:36:44.586   288   288 D wpa_supplicant: WPS:  * Manufacturer
07-03 20:36:44.586   288   288 D wpa_supplicant: WPS:  * Model Name
07-03 20:36:44.586   288   288 D wpa_supplicant: WPS:  * Model Number
07-03 20:36:44.586   288   288 D wpa_supplicant: WPS:  * Device Name
07-03 20:36:44.586   288   288 D wpa_supplicant: WPS:  * Version2 (0x20)
07-03 20:36:44.586   288   288 D wpa_supplicant: wpa_driver_wext_combo_scan: Start
07-03 20:36:44.586   288   288 D wpa_supplicant: For Scan: (null)
07-03 20:36:44.640   288   288 D wpa_supplicant: Scan requested (ret=0) - scan timeout 30 seconds
07-03 20:36:45.257   288   288 D wpa_supplicant: RTM_NEWLINK: operstate=0 ifi_flags=0x11003 ([UP][LOWER_UP])
07-03 20:36:45.257   288   288 D wpa_supplicant: RTM_NEWLINK, IFLA_IFNAME: Interface 'wlan0' added
07-03 20:36:45.257   288   288 D wpa_supplicant: Wireless event: cmd=0x8b19 len=8
07-03 20:36:45.257   288   288 D wpa_supplicant: Received 1432 bytes of scan results (5 BSSes)
07-03 20:37:46.238   288   288 D wpa_supplicant: WPS: Building WPS IE for Probe Request
07-03 20:37:46.238   288   288 D wpa_supplicant: WPS:  * Version (hardcoded 0x10)
07-03 20:37:46.238   288   288 D wpa_supplicant: WPS:  * Request Type
07-03 20:37:46.238   288   288 D wpa_supplicant: WPS:  * Config Methods (2388)
07-03 20:37:46.238   288   288 D wpa_supplicant: WPS:  * UUID-E
07-03 20:37:46.238   288   288 D wpa_supplicant: WPS:  * Primary Device Type
07-03 20:37:46.238   288   288 D wpa_supplicant: WPS:  * RF Bands (3)
07-03 20:37:46.238   288   288 D wpa_supplicant: WPS:  * Association State
07-03 20:37:46.238   288   288 D wpa_supplicant: WPS:  * Configuration Error (0)
07-03 20:37:46.238   288   288 D wpa_supplicant: WPS:  * Device Password ID (0)
07-03 20:37:46.238   288   288 D wpa_supplicant: WPS:  * Manufacturer
07-03 20:37:46.238   288   288 D wpa_supplicant: WPS:  * Model Name
07-03 20:37:46.238   288   288 D wpa_supplicant: WPS:  * Model Number
07-03 20:37:46.238   288   288 D wpa_supplicant: WPS:  * Device Name
07-03 20:37:46.238   288   288 D wpa_supplicant: WPS:  * Version2 (0x20)
07-03 20:37:46.238   288   288 D wpa_supplicant: wpa_driver_wext_combo_scan: Start
07-03 20:37:46.238   288   288 D wpa_supplicant: For Scan: (null)
07-03 20:37:46.297   288   288 D wpa_supplicant: Scan requested (ret=0) - scan timeout 30 seconds
07-03 20:37:46.777   288   288 D wpa_supplicant: RTM_NEWLINK: operstate=0 ifi_flags=0x11003 ([UP][LOWER_UP])
07-03 20:37:46.777   288   288 D wpa_supplicant: RTM_NEWLINK, IFLA_IFNAME: Interface 'wlan0' added
07-03 20:37:46.777   288   288 D wpa_supplicant: Wireless event: cmd=0x8b19 len=8
07-03 20:37:46.777   288   288 D wpa_supplicant: Received 1114 bytes of scan results (4 BSSes)
07-03 20:39:53.046   141   199 D NetUtils: android_net_utils_resetConnections in env=0xeb5498 clazz=0xef600001 iface=uwbr0 mask=0x3
07-03 20:39:53.046   141   199 D ConnectivityService: ConnectivityChange for WIMAX: DISCONNECTED/SCANNING
07-03 20:39:53.046   141   199 D ConnectivityService: Attempting to switch to mobile
07-03 20:39:53.046   141   199 D ConnectivityService: Attempting to switch to WIFI
07-03 20:39:53.046   141   199 D ConnectivityService: Attempting to switch to BLUETOOTH_TETHER
07-03 20:39:53.046   141   199 D ConnectivityService: resetConnections(uwbr0, 3)
07-03 20:39:53.050   288   288 D wpa_supplicant: WPS: Building WPS IE for Probe Request
07-03 20:39:53.050   288   288 D wpa_supplicant: WPS:  * Version (hardcoded 0x10)
07-03 20:39:53.050   288   288 D wpa_supplicant: WPS:  * Request Type
07-03 20:39:53.050   288   288 D wpa_supplicant: WPS:  * Config Methods (2388)
07-03 20:39:53.050   288   288 D wpa_supplicant: WPS:  * UUID-E
07-03 20:39:53.050   288   288 D wpa_supplicant: WPS:  * Primary Device Type
07-03 20:39:53.050   288   288 D wpa_supplicant: WPS:  * RF Bands (3)
07-03 20:39:53.050   288   288 D wpa_supplicant: WPS:  * Association State
07-03 20:39:53.050   288   288 D wpa_supplicant: WPS:  * Configuration Error (0)
07-03 20:39:53.050   288   288 D wpa_supplicant: WPS:  * Device Password ID (0)
07-03 20:39:53.050   288   288 D wpa_supplicant: WPS:  * Manufacturer
07-03 20:39:53.050   288   288 D wpa_supplicant: WPS:  * Model Name
07-03 20:39:53.050   288   288 D wpa_supplicant: WPS:  * Model Number
07-03 20:39:53.050   288   288 D wpa_supplicant: WPS:  * Device Name
07-03 20:39:53.050   288   288 D wpa_supplicant: WPS:  * Version2 (0x20)
07-03 20:39:53.050   288   288 D wpa_supplicant: wpa_driver_wext_combo_scan: Start
07-03 20:39:53.050   288   288 D wpa_supplicant: For Scan: (null)
07-03 20:39:53.109   288   288 D wpa_supplicant: Scan requested (ret=0) - scan timeout 30 seconds
07-03 20:39:53.132   141   195 D NetworkPolicy: applying policy NetworkPolicy[NetworkTemplate: matchRule=MOBILE_ALL, subscriberId=valid]: cycleDay=8, warningBytes=2147483648, limitBytes=-1, lastSnooze=-1 to ifaces [rmnet0]
07-03 20:39:53.203   141   143 D dalvikvm: GC_CONCURRENT freed 1522K, 17% free 15607K/18759K, paused 3ms+12ms
07-03 20:39:53.242   141   195 D NetworkPolicy: applying policy NetworkPolicy[NetworkTemplate: matchRule=MOBILE_ALL, subscriberId=valid]: cycleDay=8, warningBytes=2147483648, limitBytes=-1, lastSnooze=-1 to ifaces [rmnet0]
07-03 20:39:53.589   288   288 D wpa_supplicant: RTM_NEWLINK: operstate=0 ifi_flags=0x11003 ([UP][LOWER_UP])
07-03 20:39:53.589   288   288 D wpa_supplicant: RTM_NEWLINK, IFLA_IFNAME: Interface 'wlan0' added
07-03 20:39:53.589   288   288 D wpa_supplicant: Wireless event: cmd=0x8b19 len=8
07-03 20:39:53.589   288   288 D wpa_supplicant: Received 1642 bytes of scan results (6 BSSes)
07-03 20:39:54.234   346   346 D SAN_SERVICE: *******************************************
07-03 20:39:54.234   346   346 D SAN_SERVICE: DM App Phone Service State - 0
07-03 20:39:54.234   346   346 D SAN_SERVICE: *******************************************
07-03 20:39:55.031   346   346 D SAN_SERVICE: *******************************************
07-03 20:39:55.031   346   346 D SAN_SERVICE: DM App Phone Service State - 0
07-03 20:39:55.031   346   346 D SAN_SERVICE: *******************************************
07-03 20:39:56.086   141   203 D Tethering: MasterInitialState.processMessage what=3
07-03 20:39:56.113   141   203 D Tethering: MasterInitialState.processMessage what=3
07-03 20:39:56.140  3185  3185 I MediaUploader: No need to wake up
07-03 20:39:56.195  3185  3185 I MediaUploader: No need to wake up
07-03 20:39:56.218  3170  3183 D PicasaSyncManager: active network: NetworkInfo: type: mobile[CDMA - EvDo rev. A], state: CONNECTED/CONNECTED, reason: (unspecified), extra: , roaming: false, failover: false, isAvailable: true
07-03 20:39:56.222  3170  3183 D PicasaSyncManager: background data: true
07-03 20:39:56.625   141   199 D ConnectivityService: handleInetConditionHoldEnd: net=0, condition=100, published condition=100
07-03 20:39:59.539   346   346 D SAN_SERVICE: *******************************************
07-03 20:39:59.539   346   346 D SAN_SERVICE: DM App Phone Service State - 0
07-03 20:39:59.539   346   346 D SAN_SERVICE: *******************************************
07-03 20:40:02.707   141   199 D NetUtils: android_net_utils_resetConnections in env=0xeb5498 clazz=0xfac00001 iface=uwbr0 mask=0x3
07-03 20:40:02.707   141   199 D ConnectivityService: ConnectivityChange for WIMAX: DISCONNECTED/SCANNING
07-03 20:40:02.707   141   199 D ConnectivityService: Attempting to switch to mobile
07-03 20:40:02.707   141   199 D ConnectivityService: Attempting to switch to WIFI
07-03 20:40:02.707   141   199 D ConnectivityService: Attempting to switch to BLUETOOTH_TETHER
07-03 20:40:02.707   141   199 D ConnectivityService: resetConnections(uwbr0, 3)
07-03 20:40:02.746   141   195 D NetworkPolicy: applying policy NetworkPolicy[NetworkTemplate: matchRule=MOBILE_ALL, subscriberId=valid]: cycleDay=8, warningBytes=2147483648, limitBytes=-1, lastSnooze=-1 to ifaces [rmnet0]
07-03 20:40:02.754   141   195 D NetworkPolicy: applying policy NetworkPolicy[NetworkTemplate: matchRule=MOBILE_ALL, subscriberId=valid]: cycleDay=8, warningBytes=2147483648, limitBytes=-1, lastSnooze=-1 to ifaces [rmnet0]
07-03 20:40:05.730   141   203 D Tethering: MasterInitialState.processMessage what=3
07-03 20:40:05.757   141   203 D Tethering: MasterInitialState.processMessage what=3
07-03 20:40:05.773  3170  3183 D PicasaSyncManager: active network: NetworkInfo: type: mobile[CDMA - EvDo rev. A], state: CONNECTED/CONNECTED, reason: (unspecified), extra: , roaming: false, failover: false, isAvailable: true
07-03 20:40:05.777  3170  3183 D PicasaSyncManager: background data: true
07-03 20:40:05.796  3185  3185 I MediaUploader: No need to wake up
07-03 20:40:05.859  3185  3185 I MediaUploader: No need to wake up
07-03 20:40:05.863  3170  3183 D PicasaSyncManager: active network: NetworkInfo: type: mobile[CDMA - EvDo rev. A], state: CONNECTED/CONNECTED, reason: (unspecified), extra: , roaming: false, failover: false, isAvailable: true
07-03 20:40:05.882  3170  3183 D PicasaSyncManager: background data: true
07-03 20:40:06.000   141   475 D dalvikvm: GC_EXPLICIT freed 1060K, 18% free 15487K/18759K, paused 3ms+6ms
07-03 20:40:06.050   346   346 D SAN_SERVICE: *******************************************
07-03 20:40:06.050   346   346 D SAN_SERVICE: DM App Phone Service State - 0
