06-30 08:00:45.703 15023 15036 I PhoneLab-LoggerService: Starting to rename files
06-30 08:00:45.718 15023 15036 I PhoneLab-LoggerService: Files found .. 11
06-30 08:00:45.722 15023 15036 I PhoneLab-: Service Running
06-30 08:00:45.765 15023 15025 D dalvikvm: GC_CONCURRENT freed 392K, 8% free 9164K/9863K, paused 2ms+5ms
06-30 08:00:45.824 15023 15036 I PhoneLab-LoggerService: app_38    2630  1     924    488   c00f181c 400107b4 S logcat
06-30 08:00:45.824 15023 15036 I PhoneLab-LoggerService: app_38    30500 1     1064   660   c00f181c 400107b4 S logcat
06-30 08:00:45.824 15023 15036 I PhoneLab-LoggerService: Logcat pid from database 2630
06-30 08:00:45.824 15023 15036 I PhoneLab-LoggerService: Logcat process found 2630
06-30 08:00:45.824 15023 15036 I PhoneLab-LoggerService: Checking Threshold
06-30 08:00:45.828 15023 15036 I PhoneLab-LoggerService: Starting to rename files
06-30 08:00:45.828 15023 15036 I PhoneLab-LoggerService: Files found .. 11
06-30 08:00:45.828 15023 15036 I PhoneLab-: Service Running
06-30 08:00:45.863 15023 15036 I PhoneLab-LoggerService: app_38    2630  1     924    488   c00f181c 400107b4 S logcat
06-30 08:00:45.863 15023 15036 I PhoneLab-LoggerService: app_38    30500 1     1064   660   c00f181c 400107b4 S logcat
06-30 08:00:45.863 15023 15036 I PhoneLab-LoggerService: Logcat pid from database 2630
06-30 08:00:45.863 15023 15036 I PhoneLab-LoggerService: Logcat process found 2630
06-30 08:00:45.863 15023 15036 I PhoneLab-LoggerService: Checking Threshold
06-30 08:00:45.863 15023 15036 I PhoneLab-LoggerService: Starting to rename files
06-30 08:00:45.867 15023 15036 I PhoneLab-LoggerService: Files found .. 11
06-30 08:00:45.867 15023 15036 I PhoneLab-: Service Running
06-30 08:00:45.898 15023 15036 I PhoneLab-LoggerService: app_38    2630  1     924    488   c00f181c 400107b4 S logcat
06-30 08:00:45.898 15023 15036 I PhoneLab-LoggerService: app_38    30500 1     1064   660   c00f181c 400107b4 S logcat
06-30 08:00:45.898 15023 15036 I PhoneLab-LoggerService: Logcat pid from database 2630
06-30 08:00:45.898 15023 15036 I PhoneLab-LoggerService: Logcat process found 2630
06-30 08:00:45.902 15023 15036 I PhoneLab-LoggerService: Checking Threshold
06-30 08:00:45.902 15023 15036 I PhoneLab-LoggerService: Starting to rename files
06-30 08:00:45.902 15023 15036 I PhoneLab-LoggerService: Files found .. 11
06-30 08:00:45.906 15023 15036 I PhoneLab-: Service Running
06-30 08:00:45.941 15023 15036 I PhoneLab-LoggerService: app_38    2630  1     924    488   c00f181c 400107b4 S logcat
06-30 08:00:45.941 15023 15036 I PhoneLab-LoggerService: app_38    30500 1     1064   660   c00f181c 400107b4 S logcat
06-30 08:00:45.941 15023 15036 I PhoneLab-LoggerService: Logcat pid from database 2630
06-30 08:00:45.945 15023 15036 I PhoneLab-LoggerService: Logcat process found 2630
06-30 08:00:45.945 15023 15036 I PhoneLab-LoggerService: Checking Threshold
06-30 08:00:45.945 15023 15036 I PhoneLab-LoggerService: Starting to rename files
06-30 08:00:45.945 15023 15036 I PhoneLab-LoggerService: Files found .. 11
06-30 08:00:45.945 15023 15036 I PhoneLab-: Service Running
06-30 08:00:45.980 15023 15036 I PhoneLab-LoggerService: app_38    2630  1     924    488   c00f181c 400107b4 S logcat
06-30 08:00:45.980 15023 15036 I PhoneLab-LoggerService: app_38    30500 1     1064   660   c00f181c 400107b4 S logcat
06-30 08:00:45.980 15023 15036 I PhoneLab-LoggerService: Logcat pid from database 2630
06-30 08:00:45.980 15023 15036 I PhoneLab-LoggerService: Logcat process found 2630
06-30 08:00:45.980 15023 15036 I PhoneLab-LoggerService: Checking Threshold
06-30 08:00:45.980 15023 15036 I PhoneLab-LoggerService: Starting to rename files
06-30 08:00:45.984 15023 15036 I PhoneLab-LoggerService: Files found .. 11
06-30 08:00:45.984 15023 15036 I PhoneLab-: Service Running
06-30 08:00:46.015 15023 15036 I PhoneLab-LoggerService: app_38    2630  1     924    488   c00f181c 400107b4 S logcat
06-30 08:00:46.015 15023 15036 I PhoneLab-LoggerService: app_38    30500 1     1064   660   c00f181c 400107b4 S logcat
06-30 08:00:46.015 15023 15036 I PhoneLab-LoggerService: Logcat pid from database 2630
06-30 08:00:46.019 15023 15036 I PhoneLab-LoggerService: Logcat process found 2630
06-30 08:00:46.019 15023 15036 I PhoneLab-LoggerService: Checking Threshold
06-30 08:00:46.019 15023 15036 I PhoneLab-LoggerService: Starting to rename files
06-30 08:00:46.019 15023 15036 I PhoneLab-LoggerService: Files found .. 11
06-30 08:00:46.054 32520 32520 D wpa_supplicant: wpa_driver_wext_driver_cmd RSSI len = 248
06-30 08:00:46.062 32520 32520 D wpa_supplicant: wpa_driver_wext_driver_cmd Nanachi Taang rssi -69  len = 23, 23
06-30 08:00:46.062 32520 32520 D wpa_supplicant: wpa_driver_wext_driver_cmd LINKSPEED len = 248
06-30 08:00:46.062 32520 32520 D wpa_supplicant: wpa_driver_wext_driver_cmd LinkSpeed 26 len = 12, 12
06-30 08:00:46.277   142   170 I power   : *** set_screen_state 0
06-30 08:00:46.336    78   118 D SurfaceFlinger: About to give-up screen, flinger = 0x153918
06-30 08:00:46.437    81   121 D AudioHardware: AudioHardware pcm playback is going to standby.
06-30 08:00:46.437    81   121 D AudioHardware: closePcmOut_l() mPcmOpenCnt: 1
06-30 08:00:46.468   360  1285 D NfcService: NFC-C OFF, disconnect
06-30 08:00:46.480   142   174 D dalvikvm: GC_FOR_ALLOC freed 1665K, 27% free 15994K/21639K, paused 70ms
06-30 08:00:46.496   142   174 V TransportControlView: Create TCV com.android.internal.widget.TransportControlView@413570d0
06-30 08:00:46.531   213   213 D PhoneStatusBar: disable: < expand icons alerts ticker system_info back home RECENT* clock >
06-30 08:00:46.550    81   121 D AudioHardware: AudioHardware pcm playback is exiting standby.
06-30 08:00:46.550    81   121 D AudioHardware: openPcmOut_l() mPcmOpenCnt: 0
06-30 08:00:46.558 11896 11896 D OpenGLRenderer: Flushing caches (mode 2)
06-30 08:00:46.562   213   213 D PhoneStatusBar: disable: < expand icons alerts ticker system_info BACK* HOME* RECENT CLOCK* >
06-30 08:00:46.586 11896 11896 D OpenGLRenderer: Flushing caches (mode 0)
06-30 08:00:46.586 11896 11896 W ManagedEGLContext: doTerminate failed: EGL count is 2 but managed count is 1
06-30 08:00:47.082 13820 13820 D OpenGLRenderer: Flushing caches (mode 2)
06-30 08:00:47.082 13820 13820 D OpenGLRenderer: Flushing caches (mode 0)
06-30 08:00:47.086 13820 13820 D OpenGLRenderer: Flushing caches (mode 0)
06-30 08:00:49.711    81   121 D AudioHardware: AudioHardware pcm playback is going to standby.
06-30 08:00:49.711    81   121 D AudioHardware: closePcmOut_l() mPcmOpenCnt: 1
06-30 08:00:50.129 14945 14948 D dalvikvm: GC_CONCURRENT freed 521K, 11% free 10334K/11591K, paused 18ms+2ms
06-30 08:00:52.140   142   320 W ActivityManager: finishReceiver called but no pending broadcasts
06-30 08:00:52.222 14945 14948 D dalvikvm: GC_CONCURRENT freed 416K, 11% free 10430K/11591K, paused 1ms+2ms
06-30 08:01:15.246 11896 11896 D OpenGLRenderer: Flushing caches (mode 2)
06-30 08:01:15.246 11896 11896 D OpenGLRenderer: Flushing caches (mode 0)
06-30 08:01:15.246 11896 11896 W ManagedEGLContext: doTerminate failed: EGL count is 2 but managed count is 1
06-30 08:03:51.078 11896 11896 D OpenGLRenderer: Flushing caches (mode 2)
06-30 08:03:51.078 11896 11896 D OpenGLRenderer: Flushing caches (mode 0)
06-30 08:03:51.078 11896 11896 W ManagedEGLContext: doTerminate failed: EGL count is 2 but managed count is 1
06-30 08:03:52.351   142   142 D dalvikvm: GC_EXPLICIT freed 316K, 25% free 16298K/21639K, paused 2ms+6ms
06-30 08:03:52.668   342   342 D SAN_SERVICE: *******************************************
06-30 08:03:52.668   342   342 D SAN_SERVICE: DM App Phone Service State - 0
06-30 08:03:52.668   342   342 D SAN_SERVICE: *******************************************
06-30 08:03:56.027   142   970 W ActivityManager: finishReceiver called but no pending broadcasts
06-30 08:03:56.105 14945 14948 D dalvikvm: GC_CONCURRENT freed 499K, 10% free 10442K/11591K, paused 2ms+2ms
06-30 08:04:34.062 11896 11896 D OpenGLRenderer: Flushing caches (mode 2)
06-30 08:04:34.066 11896 11896 D OpenGLRenderer: Flushing caches (mode 0)
06-30 08:04:34.066 11896 11896 W ManagedEGLContext: doTerminate failed: EGL count is 2 but managed count is 1
06-30 08:05:20.074 11896 11896 D OpenGLRenderer: Flushing caches (mode 2)
06-30 08:05:20.074 11896 11896 D OpenGLRenderer: Flushing caches (mode 0)
06-30 08:05:20.074 11896 11896 W ManagedEGLContext: doTerminate failed: EGL count is 2 but managed count is 1
06-30 08:05:30.605 15023 15023 I PhoneLab-Locks: wake lock acquired
06-30 08:05:30.640 15023 15218 I PhoneLab-PeriodicCheckService: User info is synched
06-30 08:05:30.644 15023 15218 I PhoneLab-PeriodicCheckService: Logger Service is running
06-30 08:05:30.648 15023 15218 I PhoneLab-PeriodicCheckService: Rescheduling periodic checking...
06-30 08:05:30.648 15023 15218 I PhoneLab-Locks: wake lock released
06-30 08:05:30.660 15023 15025 D dalvikvm: GC_CONCURRENT freed 409K, 8% free 9153K/9863K, paused 5ms+1ms
06-30 08:05:52.398 15023 15023 I PhoneLab-Locks: wake lock acquired
06-30 08:05:52.429 15023 15023 I PhoneLab-StatusMonitor: Status Monitoring is started
06-30 08:05:52.500 15023 15025 D dalvikvm: GC_CONCURRENT freed 344K, 6% free 9320K/9863K, paused 2ms+4ms
06-30 08:05:52.500 15023 15023 I PhoneLab-StatusMonitor: Value: 10 - unit: min
06-30 08:05:52.500 15023 15023 I PhoneLab-StatusMonitor: Running interval: 600000
06-30 08:05:52.507 15023 15023 I PhoneLab-StatusMonitor: Rescheduling status monitoring...
06-30 08:05:52.507 15023 15023 I PhoneLab-Locks: wake lock released
06-30 08:05:52.515 15023 15023 I PhoneLab-StatusMonitorLocation: Learning Location
06-30 08:05:52.515 15023 15023 I PhoneLab-Locks: wake lock acquired
06-30 08:05:52.519 15023 15023 I PhoneLab-Locks: wake lock acquired
06-30 08:05:52.519 26576 26651 D androidNetworkLocationListeners: Still have listener com.google.android.location.internal.client.NetworkLocationClient$1@41318678
06-30 08:05:52.527 15023 15023 I PhoneLab-StatusMonitorLocation: Learning Signal Strgth
06-30 08:05:52.527 15023 15023 I PhoneLab-Locks: wake lock acquired
06-30 08:05:52.531 32520 32520 D wpa_supplicant: wpa_driver_wext_driver_cmd SETSUSPENDOPT 0 len = 4096
06-30 08:05:52.531 32520 32520 D wpa_supplicant: wpa_driver_wext_driver_cmd SETSUSPENDOPT 0 len = 0, 15
06-30 08:05:52.531 32520 32520 D wpa_supplicant: wpa_driver_wext_driver_cmd POWERMODE 0 len = 4096
06-30 08:05:52.535 26576 26651 D androidNetworkLocationListeners: Still have listener com.google.android.location.internal.client.NetworkLocationClient$1@41318678
06-30 08:05:52.539 15023 15023 I PhoneLab-StatusMonitorBattery: Battery_level: 67
06-30 08:05:52.558 32520 32520 D wpa_supplicant: wpa_driver_wext_driver_cmd OK len = 0, 2
06-30 08:05:52.558 32520 32520 D wpa_supplicant: WPS: Building WPS IE for Probe Request
06-30 08:05:52.558 32520 32520 D wpa_supplicant: WPS:  * Version (hardcoded 0x10)
06-30 08:05:52.558 32520 32520 D wpa_supplicant: WPS:  * Request Type
06-30 08:05:52.558 32520 32520 D wpa_supplicant: WPS:  * Config Methods (2388)
06-30 08:05:52.558 32520 32520 D wpa_supplicant: WPS:  * UUID-E
06-30 08:05:52.558 32520 32520 D wpa_supplicant: WPS:  * Primary Device Type
06-30 08:05:52.558 32520 32520 D wpa_supplicant: WPS:  * RF Bands (3)
06-30 08:05:52.558 32520 32520 D wpa_supplicant: WPS:  * Association State
06-30 08:05:52.558 32520 32520 D wpa_supplicant: WPS:  * Configuration Error (0)
06-30 08:05:52.558 32520 32520 D wpa_supplicant: WPS:  * Device Password ID (0)
06-30 08:05:52.558 32520 32520 D wpa_supplicant: WPS:  * Manufacturer
06-30 08:05:52.558 32520 32520 D wpa_supplicant: WPS:  * Model Name
06-30 08:05:52.558 32520 32520 D wpa_supplicant: WPS:  * Model Number
06-30 08:05:52.558 32520 32520 D wpa_supplicant: WPS:  * Device Name
06-30 08:05:52.558 32520 32520 D wpa_supplicant: WPS:  * Version2 (0x20)
06-30 08:05:52.558 32520 32520 D wpa_supplicant: wpa_driver_wext_combo_scan: Start
06-30 08:05:52.558 32520 32520 D wpa_supplicant: For Scan: (null)
06-30 08:05:52.562 32520 32520 D wpa_supplicant: Scan requested (ret=0) - scan timeout 30 seconds
06-30 08:05:52.566 15023 15023 I PhoneLab-Locks: wake lock released
06-30 08:05:52.566 32520 32520 D wpa_supplicant: Ongoing scan action - reject new request
06-30 08:05:52.570 15023 15023 I PhoneLab-StatusMonitorSignal: Signal_Strength: -76 asu: 19
06-30 08:05:52.570 15023 15023 I PhoneLab-Locks: wake lock released
06-30 08:05:53.742 32520 32520 D wpa_supplicant: RTM_NEWLINK: operstate=1 ifi_flags=0x11043 ([UP][RUNNING][LOWER_UP])
06-30 08:05:53.742 32520 32520 D wpa_supplicant: RTM_NEWLINK, IFLA_IFNAME: Interface 'wlan0' added
06-30 08:05:53.742 32520 32520 D wpa_supplicant: Wireless event: cmd=0x8b19 len=8
06-30 08:05:53.742 32520 32520 D wpa_supplicant: Received 2160 bytes of scan results (8 BSSes)
06-30 08:05:53.797 32520 32520 D wpa_supplicant: wpa_driver_wext_driver_cmd SETSUSPENDOPT 0 len = 4096
06-30 08:05:53.797 32520 32520 D wpa_supplicant: wpa_driver_wext_driver_cmd SETSUSPENDOPT 0 len = 0, 15
06-30 08:05:53.797 32520 32520 D wpa_supplicant: wpa_driver_wext_driver_cmd POWERMODE 0 len = 4096
06-30 08:05:53.800 32520 32520 D wpa_supplicant: wpa_driver_wext_driver_cmd OK len = 0, 2
06-30 08:05:53.902   213   216 D dalvikvm: GC_CONCURRENT freed 412K, 61% free 10219K/25991K, paused 1ms+4ms
06-30 08:05:53.953   213   216 D dalvikvm: GC_CONCURRENT freed 709K, 62% free 10000K/25991K, paused 2ms+3ms
06-30 08:05:54.019   213   216 D dalvikvm: GC_CONCURRENT freed 441K, 62% free 10064K/25991K, paused 1ms+3ms
06-30 08:05:54.039 32520 32520 D wpa_supplicant: wpa_driver_wext_driver_cmd SETSUSPENDOPT 0 len = 4096
06-30 08:05:54.039 32520 32520 D wpa_supplicant: wpa_driver_wext_driver_cmd SETSUSPENDOPT 0 len = 0, 15
06-30 08:05:54.039 32520 32520 D wpa_supplicant: wpa_driver_wext_driver_cmd POWERMODE 0 len = 4096
06-30 08:05:54.047 32520 32520 D wpa_supplicant: wpa_driver_wext_driver_cmd OK len = 0, 2
06-30 08:05:54.050 15023 15023 I PhoneLab-StatusMonitorLocation: Location_Latitude: 42.9543292 Longitude: -78.826762 Accuracy: 30.0
06-30 08:05:54.050 26576 26651 D androidNetworkLocationListeners: Still have listener com.google.android.location.internal.client.NetworkLocationClient$1@41318678
06-30 08:05:54.050 15023 15023 I PhoneLab-Locks: wake lock released
06-30 08:05:54.054 32520 32520 D wpa_supplicant: wpa_driver_wext_driver_cmd SETSUSPENDOPT 0 len = 4096
06-30 08:05:54.054 32520 32520 D wpa_supplicant: wpa_driver_wext_driver_cmd SETSUSPENDOPT 0 len = 0, 15
06-30 08:05:54.054 32520 32520 D wpa_supplicant: wpa_driver_wext_driver_cmd POWERMODE 0 len = 4096
06-30 08:05:54.066 32520 32520 D wpa_supplicant: wpa_driver_wext_driver_cmd OK len = 0, 2
06-30 08:05:54.066 32520 32520 D wpa_supplicant: WPS: Building WPS IE for Probe Request
06-30 08:05:54.066 32520 32520 D wpa_supplicant: WPS:  * Version (hardcoded 0x10)
06-30 08:05:54.066 32520 32520 D wpa_supplicant: WPS:  * Request Type
06-30 08:05:54.066 32520 32520 D wpa_supplicant: WPS:  * Config Methods (2388)
06-30 08:05:54.066 32520 32520 D wpa_supplicant: WPS:  * UUID-E
06-30 08:05:54.066 32520 32520 D wpa_supplicant: WPS:  * Primary Device Type
06-30 08:05:54.066 32520 32520 D wpa_supplicant: WPS:  * RF Bands (3)
06-30 08:05:54.066 32520 32520 D wpa_supplicant: WPS:  * Association State
06-30 08:05:54.066 32520 32520 D wpa_supplicant: WPS:  * Configuration Error (0)
06-30 08:05:54.066 32520 32520 D wpa_supplicant: WPS:  * Device Password ID (0)
06-30 08:05:54.066 32520 32520 D wpa_supplicant: WPS:  * Manufacturer
06-30 08:05:54.066 32520 32520 D wpa_supplicant: WPS:  * Model Name
06-30 08:05:54.066 32520 32520 D wpa_supplicant: WPS:  * Model Number
06-30 08:05:54.066 32520 32520 D wpa_supplicant: WPS:  * Device Name
06-30 08:05:54.066 32520 32520 D wpa_supplicant: WPS:  * Version2 (0x20)
06-30 08:05:54.066 32520 32520 D wpa_supplicant: wpa_driver_wext_combo_scan: Start
06-30 08:05:54.066 32520 32520 D wpa_supplicant: For Scan: (null)
06-30 08:05:54.070 32520 32520 D wpa_supplicant: Scan requested (ret=0) - scan timeout 30 seconds
06-30 08:05:55.238 32520 32520 D wpa_supplicant: RTM_NEWLINK: operstate=1 ifi_flags=0x11043 ([UP][RUNNING][LOWER_UP])
06-30 08:05:55.238 32520 32520 D wpa_supplicant: RTM_NEWLINK, IFLA_IFNAME: Interface 'wlan0' added
06-30 08:05:55.238 32520 32520 D wpa_supplicant: Wireless event: cmd=0x8b19 len=8
06-30 08:05:55.238 32520 32520 D wpa_supplicant: Received 2160 bytes of scan results (8 BSSes)
06-30 08:05:55.359 32520 32520 D wpa_supplicant: wpa_driver_wext_driver_cmd SETSUSPENDOPT 0 len = 4096
06-30 08:05:55.359 32520 32520 D wpa_supplicant: wpa_driver_wext_driver_cmd SETSUSPENDOPT 0 len = 0, 15
06-30 08:05:55.359 32520 32520 D wpa_supplicant: wpa_driver_wext_driver_cmd POWERMODE 0 len = 4096
06-30 08:05:55.363 32520 32520 D wpa_supplicant: wpa_driver_wext_driver_cmd OK len = 0, 2
06-30 08:05:55.394 26576 26578 D dalvikvm: GC_CONCURRENT freed 669K, 11% free 11324K/12679K, paused 2ms+4ms
06-30 08:05:58.129 32520 32520 D wpa_supplicant: wpa_driver_wext_driver_cmd SETSUSPENDOPT 0 len = 4096
06-30 08:05:58.129 32520 32520 D wpa_supplicant: wpa_driver_wext_driver_cmd SETSUSPENDOPT 0 len = 0, 15
06-30 08:05:58.129 32520 32520 D wpa_supplicant: wpa_driver_wext_driver_cmd POWERMODE 0 len = 4096
06-30 08:05:58.136 32520 32520 D wpa_supplicant: wpa_driver_wext_driver_cmd OK len = 0, 2
06-30 08:06:19.097   213   216 D dalvikvm: GC_CONCURRENT freed 394K, 61% free 10175K/25991K, paused 2ms+4ms
06-30 08:06:19.128 11896 11896 D OpenGLRenderer: Flushing caches (mode 2)
06-30 08:06:19.144 11896 11896 D OpenGLRenderer: Flushing caches (mode 0)
06-30 08:06:19.144 11896 11896 W ManagedEGLContext: doTerminate failed: EGL count is 2 but managed count is 1
06-30 08:06:37.023 26576 27411 I EventLogService: Aggregate from 1341056196836 (log), 1341056196836 (data)
06-30 08:06:57.171   342   342 D SAN_SERVICE: *******************************************
06-30 08:06:57.171   342   342 D SAN_SERVICE: DM App Phone Service State - 0
06-30 08:06:57.171   342   342 D SAN_SERVICE: *******************************************
06-30 08:06:57.597   342   342 D SAN_SERVICE: *******************************************
06-30 08:06:57.597   342   342 D SAN_SERVICE: DM App Phone Service State - 0
06-30 08:06:57.597   342   342 D SAN_SERVICE: *******************************************
06-30 08:06:59.820   142   519 W ActivityManager: finishReceiver called but no pending broadcasts
06-30 08:06:59.890 14945 14948 D dalvikvm: GC_CONCURRENT freed 464K, 10% free 10489K/11591K, paused 1ms+3ms
06-30 08:09:59.070 11896 11896 D OpenGLRenderer: Flushing caches (mode 2)
06-30 08:09:59.086 11896 11896 D OpenGLRenderer: Flushing caches (mode 0)
06-30 08:09:59.086 11896 11896 W ManagedEGLContext: doTerminate failed: EGL count is 2 but managed count is 1
06-30 08:09:59.089 11896 11896 D OpenGLRenderer: Flushing caches (mode 2)
06-30 08:09:59.089 11896 11896 D OpenGLRenderer: Flushing caches (mode 0)
06-30 08:09:59.089 11896 11896 W ManagedEGLContext: doTerminate failed: EGL count is 2 but managed count is 1
06-30 08:10:00.043 11896 11896 D OpenGLRenderer: Flushing caches (mode 2)
06-30 08:10:00.043 11896 11896 D OpenGLRenderer: Flushing caches (mode 0)
06-30 08:10:00.046 11896 11896 W ManagedEGLContext: doTerminate failed: EGL count is 2 but managed count is 1
06-30 08:10:01.355   342   342 D SAN_SERVICE: *******************************************
06-30 08:10:01.359   342   342 D SAN_SERVICE: DM App Phone Service State - 0
06-30 08:10:01.359   342   342 D SAN_SERVICE: *******************************************
06-30 08:10:02.082   342   342 D SAN_SERVICE: *******************************************
06-30 08:10:02.082   342   342 D SAN_SERVICE: DM App Phone Service State - 0
06-30 08:10:02.082   342   342 D SAN_SERVICE: *******************************************
06-30 08:10:03.648   142   154 W ActivityManager: finishReceiver called but no pending broadcasts
06-30 08:10:03.718 14945 14948 D dalvikvm: GC_CONCURRENT freed 521K, 10% free 10480K/11591K, paused 1ms+3ms
06-30 08:13:03.070 11896 11896 D OpenGLRenderer: Flushing caches (mode 1)
06-30 08:13:03.074 11896 11896 D OpenGLRenderer: Flushing caches (mode 2)
06-30 08:13:03.078 11896 11896 D OpenGLRenderer: Flushing caches (mode 0)
06-30 08:13:03.078 32520 32520 D wpa_supplicant: wpa_driver_wext_driver_cmd SETSUSPENDOPT 0 len = 4096
06-30 08:13:03.078 32520 32520 D wpa_supplicant: wpa_driver_wext_driver_cmd SETSUSPENDOPT 0 len = 0, 15
06-30 08:13:03.078 32520 32520 D wpa_supplicant: wpa_driver_wext_driver_cmd POWERMODE 0 len = 4096
06-30 08:13:03.082 11896 11896 W ManagedEGLContext: doTerminate failed: EGL count is 2 but managed count is 1
06-30 08:13:03.086 32520 32520 D wpa_supplicant: wpa_driver_wext_driver_cmd OK len = 0, 2
06-30 08:13:03.527 14945 14948 D dalvikvm: GC_CONCURRENT freed 583K, 11% free 10338K/11591K, paused 68ms+3ms
06-30 08:13:03.566 32520 32520 D wpa_supplicant: wpa_driver_wext_driver_cmd SETSUSPENDOPT 0 len = 4096
06-30 08:13:03.566 32520 32520 D wpa_supplicant: wpa_driver_wext_driver_cmd SETSUSPENDOPT 0 len = 0, 15
06-30 08:13:03.566 32520 32520 D wpa_supplicant: wpa_driver_wext_driver_cmd POWERMODE 0 len = 4096
06-30 08:13:03.570 32520 32520 D wpa_supplicant: wpa_driver_wext_driver_cmd OK len = 0, 2
06-30 08:13:03.629 11896 15226 W Gmail   : Successful index run, cancel next scheduled index run
06-30 08:13:03.632 11896 11896 D OpenGLRenderer: Flushing caches (mode 1)
06-30 08:13:07.464   142   343 W ActivityManager: finishReceiver called but no pending broadcasts
06-30 08:13:07.543 14945 14948 D dalvikvm: GC_CONCURRENT freed 388K, 10% free 10462K/11591K, paused 2ms+3ms
06-30 08:15:01.082 11896 11896 D OpenGLRenderer: Flushing caches (mode 2)
06-30 08:15:01.082 11896 11896 D OpenGLRenderer: Flushing caches (mode 0)
06-30 08:15:01.082 11896 11896 W ManagedEGLContext: doTerminate failed: EGL count is 2 but managed count is 1
06-30 08:15:52.550 15023 15023 I PhoneLab-Locks: wake lock acquired
06-30 08:15:52.566 15023 15023 I PhoneLab-StatusMonitor: Status Monitoring is started
06-30 08:15:52.621 15023 15023 I PhoneLab-StatusMonitor: Value: 10 - unit: min
06-30 08:15:52.621 15023 15023 I PhoneLab-StatusMonitor: Running interval: 600000
06-30 08:15:52.632 15023 15025 D dalvikvm: GC_CONCURRENT freed 624K, 8% free 9232K/9927K, paused 2ms+2ms
06-30 08:15:52.636 15023 15023 I PhoneLab-StatusMonitor: Rescheduling status monitoring...
06-30 08:15:52.636 15023 15023 I PhoneLab-Locks: wake lock released
06-30 08:15:52.644 15023 15023 I PhoneLab-StatusMonitorLocation: Learning Location
06-30 08:15:52.644 15023 15023 I PhoneLab-Locks: wake lock acquired
06-30 08:15:52.648 15023 15023 I PhoneLab-Locks: wake lock acquired
06-30 08:15:52.648 26576 26651 D androidNetworkLocationListeners: Still have listener com.google.android.location.internal.client.NetworkLocationClient$1@41318678
06-30 08:15:52.648 15023 15023 I PhoneLab-StatusMonitorLocation: Learning Signal Strgth
06-30 08:15:52.656 15023 15023 I PhoneLab-Locks: wake lock acquired
06-30 08:15:52.660 32520 32520 D wpa_supplicant: wpa_driver_wext_driver_cmd SETSUSPENDOPT 0 len = 4096
06-30 08:15:52.660 32520 32520 D wpa_supplicant: wpa_driver_wext_driver_cmd SETSUSPENDOPT 0 len = 0, 15
06-30 08:15:52.664 32520 32520 D wpa_supplicant: wpa_driver_wext_driver_cmd POWERMODE 0 len = 4096
06-30 08:15:52.664 26576 26651 D androidNetworkLocationListeners: Still have listener com.google.android.location.internal.client.NetworkLocationClient$1@41318678
06-30 08:15:52.668 15023 15023 I PhoneLab-StatusMonitorBattery: Battery_level: 67
06-30 08:15:52.671 15023 15023 I PhoneLab-Locks: wake lock released
06-30 08:15:52.671 32520 32520 D wpa_supplicant: wpa_driver_wext_driver_cmd OK len = 0, 2
06-30 08:15:52.675 32520 32520 D wpa_supplicant: WPS: Building WPS IE for Probe Request
06-30 08:15:52.675 32520 32520 D wpa_supplicant: WPS:  * Version (hardcoded 0x10)
06-30 08:15:52.675 32520 32520 D wpa_supplicant: WPS:  * Request Type
06-30 08:15:52.675 32520 32520 D wpa_supplicant: WPS:  * Config Methods (2388)
06-30 08:15:52.675 32520 32520 D wpa_supplicant: WPS:  * UUID-E
06-30 08:15:52.675 32520 32520 D wpa_supplicant: WPS:  * Primary Device Type
06-30 08:15:52.675 32520 32520 D wpa_supplicant: WPS:  * RF Bands (3)
06-30 08:15:52.675 32520 32520 D wpa_supplicant: WPS:  * Association State
06-30 08:15:52.675 32520 32520 D wpa_supplicant: WPS:  * Configuration Error (0)
06-30 08:15:52.675 32520 32520 D wpa_supplicant: WPS:  * Device Password ID (0)
06-30 08:15:52.675 32520 32520 D wpa_supplicant: WPS:  * Manufacturer
06-30 08:15:52.675 32520 32520 D wpa_supplicant: WPS:  * Model Name
06-30 08:15:52.675 32520 32520 D wpa_supplicant: WPS:  * Model Number
06-30 08:15:52.675 32520 32520 D wpa_supplicant: WPS:  * Device Name
06-30 08:15:52.675 32520 32520 D wpa_supplicant: WPS:  * Version2 (0x20)
06-30 08:15:52.675 32520 32520 D wpa_supplicant: wpa_driver_wext_combo_scan: Start
06-30 08:15:52.675 32520 32520 D wpa_supplicant: For Scan: (null)
06-30 08:15:52.675 15023 15023 I PhoneLab-StatusMonitorSignal: Signal_Strength: -76 asu: 19
06-30 08:15:52.675 15023 15023 I PhoneLab-Locks: wake lock released
06-30 08:15:52.679 32520 32520 D wpa_supplicant: Scan requested (ret=0) - scan timeout 30 seconds
06-30 08:15:52.679 32520 32520 D wpa_supplicant: Ongoing scan action - reject new request
06-30 08:15:53.843 32520 32520 D wpa_supplicant: RTM_NEWLINK: operstate=1 ifi_flags=0x11043 ([UP][RUNNING][LOWER_UP])
06-30 08:15:53.843 32520 32520 D wpa_supplicant: RTM_NEWLINK, IFLA_IFNAME: Interface 'wlan0' added
06-30 08:15:53.843 32520 32520 D wpa_supplicant: Wireless event: cmd=0x8b19 len=8
06-30 08:15:53.851 32520 32520 D wpa_supplicant: Received 1980 bytes of scan results (7 BSSes)
06-30 08:15:53.957 15023 15023 I PhoneLab-StatusMonitorLocation: Location_Latitude: 42.9543277 Longitude: -78.8267567 Accuracy: 30.0
06-30 08:15:53.961 26576 26651 D androidNetworkLocationListeners: Still have listener com.google.android.location.internal.client.NetworkLocationClient$1@41318678
06-30 08:15:53.961 15023 15023 I PhoneLab-Locks: wake lock released
06-30 08:15:53.976 32520 32520 D wpa_supplicant: wpa_driver_wext_driver_cmd SETSUSPENDOPT 0 len = 4096
06-30 08:15:53.976 32520 32520 D wpa_supplicant: wpa_driver_wext_driver_cmd SETSUSPENDOPT 0 len = 0, 15
06-30 08:15:53.976 32520 32520 D wpa_supplicant: wpa_driver_wext_driver_cmd POWERMODE 0 len = 4096
06-30 08:15:53.980 32520 32520 D wpa_supplicant: wpa_driver_wext_driver_cmd OK len = 0, 2
06-30 08:15:53.980 32520 32520 D wpa_supplicant: wpa_driver_wext_driver_cmd SETSUSPENDOPT 0 len = 4096
06-30 08:15:53.980 32520 32520 D wpa_supplicant: wpa_driver_wext_driver_cmd SETSUSPENDOPT 0 len = 0, 15
06-30 08:15:53.984 32520 32520 D wpa_supplicant: wpa_driver_wext_driver_cmd POWERMODE 0 len = 4096
06-30 08:15:53.984 32520 32520 D wpa_supplicant: wpa_driver_wext_driver_cmd OK len = 0, 2
06-30 08:15:53.984 32520 32520 D wpa_supplicant: WPS: Building WPS IE for Probe Request
06-30 08:15:53.984 32520 32520 D wpa_supplicant: WPS:  * Version (hardcoded 0x10)
06-30 08:15:53.984 32520 32520 D wpa_supplicant: WPS:  * Request Type
06-30 08:15:53.984 32520 32520 D wpa_supplicant: WPS:  * Config Methods (2388)
06-30 08:15:53.984 32520 32520 D wpa_supplicant: WPS:  * UUID-E
06-30 08:15:53.984 32520 32520 D wpa_supplicant: WPS:  * Primary Device Type
06-30 08:15:53.984 32520 32520 D wpa_supplicant: WPS:  * RF Bands (3)
06-30 08:15:53.984 32520 32520 D wpa_supplicant: WPS:  * Association State
06-30 08:15:53.984 32520 32520 D wpa_supplicant: WPS:  * Configuration Error (0)
06-30 08:15:53.984 32520 32520 D wpa_supplicant: WPS:  * Device Password ID (0)
06-30 08:15:53.984 32520 32520 D wpa_supplicant: WPS:  * Manufacturer
06-30 08:15:53.984 32520 32520 D wpa_supplicant: WPS:  * Model Name
06-30 08:15:53.984 32520 32520 D wpa_supplicant: WPS:  * Model Number
06-30 08:15:53.984 32520 32520 D wpa_supplicant: WPS:  * Device Name
06-30 08:15:53.984 32520 32520 D wpa_supplicant: WPS:  * Version2 (0x20)
06-30 08:15:53.988 32520 32520 D wpa_supplicant: wpa_driver_wext_combo_scan: Start
06-30 08:15:53.988 32520 32520 D wpa_supplicant: For Scan: (null)
06-30 08:15:53.988 32520 32520 D wpa_supplicant: Scan requested (ret=0) - scan timeout 30 seconds
06-30 08:15:54.816   342   342 D SAN_SERVICE: *******************************************
06-30 08:15:54.816   342   342 D SAN_SERVICE: DM App Phone Service State - 0
06-30 08:15:54.816   342   342 D SAN_SERVICE: *******************************************
06-30 08:15:55.148 32520 32520 D wpa_supplicant: RTM_NEWLINK: operstate=1 ifi_flags=0x11043 ([UP][RUNNING][LOWER_UP])
06-30 08:15:55.148 32520 32520 D wpa_supplicant: RTM_NEWLINK, IFLA_IFNAME: Interface 'wlan0' added
06-30 08:15:55.148 32520 32520 D wpa_supplicant: Wireless event: cmd=0x8b19 len=8
06-30 08:15:55.160 32520 32520 D wpa_supplicant: Received 1980 bytes of scan results (7 BSSes)
06-30 08:15:55.265 32520 32520 D wpa_supplicant: wpa_driver_wext_driver_cmd SETSUSPENDOPT 0 len = 4096
06-30 08:15:55.265 32520 32520 D wpa_supplicant: wpa_driver_wext_driver_cmd SETSUSPENDOPT 0 len = 0, 15
06-30 08:15:55.265 32520 32520 D wpa_supplicant: wpa_driver_wext_driver_cmd POWERMODE 0 len = 4096
06-30 08:15:55.269 32520 32520 D wpa_supplicant: wpa_driver_wext_driver_cmd OK len = 0, 2
06-30 08:15:55.609   342   342 D SAN_SERVICE: *******************************************
06-30 08:15:55.609   342   342 D SAN_SERVICE: DM App Phone Service State - 0
06-30 08:15:55.609   342   342 D SAN_SERVICE: *******************************************
06-30 08:16:07.238 11896 11896 D OpenGLRenderer: Flushing caches (mode 2)
06-30 08:16:07.238 11896 11896 D OpenGLRenderer: Flushing caches (mode 0)
06-30 08:16:07.238 11896 11896 W ManagedEGLContext: doTerminate failed: EGL count is 2 but managed count is 1
06-30 08:16:10.031   342   342 D SAN_SERVICE: *******************************************
06-30 08:16:10.031   342   342 D SAN_SERVICE: DM App Phone Service State - 0
06-30 08:16:10.031   342   342 D SAN_SERVICE: *******************************************
06-30 08:16:10.734   342   342 D SAN_SERVICE: *******************************************
06-30 08:16:10.734   342   342 D SAN_SERVICE: DM App Phone Service State - 0
06-30 08:16:10.734   342   342 D SAN_SERVICE: *******************************************
06-30 08:16:11.253   142   513 W ActivityManager: finishReceiver called but no pending broadcasts
06-30 08:16:11.328 14945 14948 D dalvikvm: GC_CONCURRENT freed 523K, 10% free 10450K/11591K, paused 2ms+3ms
06-30 08:17:04.078 11896 11896 D OpenGLRenderer: Flushing caches (mode 2)
06-30 08:17:04.078 11896 11896 D OpenGLRenderer: Flushing caches (mode 0)
06-30 08:17:04.078 11896 11896 W ManagedEGLContext: doTerminate failed: EGL count is 2 but managed count is 1
06-30 08:19:10.066 11896 11896 D OpenGLRenderer: Flushing caches (mode 2)
06-30 08:19:10.066 11896 11896 D OpenGLRenderer: Flushing caches (mode 0)
06-30 08:19:10.066 11896 11896 W ManagedEGLContext: doTerminate failed: EGL count is 2 but managed count is 1
06-30 08:19:10.105   213   216 D dalvikvm: GC_CONCURRENT freed 564K, 62% free 10000K/25991K, paused 6ms+4ms
06-30 08:19:15.054   142   320 W ActivityManager: finishReceiver called but no pending broadcasts
06-30 08:19:15.125 14945 14948 D dalvikvm: GC_CONCURRENT freed 469K, 10% free 10492K/11591K, paused 2ms+3ms
06-30 08:20:32.074 11896 11896 D OpenGLRenderer: Flushing caches (mode 2)
06-30 08:20:32.078 11896 11896 D OpenGLRenderer: Flushing caches (mode 0)
06-30 08:20:32.078 11896 11896 W ManagedEGLContext: doTerminate failed: EGL count is 2 but managed count is 1
06-30 08:20:33.011   142   158 V BackupManagerService: Running a backup pass
06-30 08:20:33.015   142   212 V BackupManagerService: Backup requested but nothing pending
06-30 08:22:06.074 11896 11896 D OpenGLRenderer: Flushing caches (mode 2)
06-30 08:22:06.074 11896 11896 D OpenGLRenderer: Flushing caches (mode 0)
06-30 08:22:06.074 11896 11896 W ManagedEGLContext: doTerminate failed: EGL count is 2 but managed count is 1
06-30 08:22:06.199   213   216 D dalvikvm: GC_CONCURRENT freed 266K, 61% free 10191K/25991K, paused 2ms+5ms
06-30 08:22:06.273   213   216 D dalvikvm: GC_CONCURRENT freed 478K, 61% free 10199K/25991K, paused 2ms+4ms
06-30 08:22:08.855   213   216 D dalvikvm: GC_CONCURRENT freed 405K, 61% free 10181K/25991K, paused 23ms+3ms
06-30 08:22:09.683 14945 14948 D dalvikvm: GC_CONCURRENT freed 459K, 11% free 10419K/11591K, paused 15ms+2ms
06-30 08:22:11.355 15023 15036 I PhoneLab-: Service Running
06-30 08:22:11.453 15023 15036 I PhoneLab-LoggerService: app_38    2630  1     924    488   c00f181c 400107b4 S logcat
06-30 08:22:11.453 15023 15036 I PhoneLab-LoggerService: app_38    30500 1     1064   660   c00f181c 400107b4 S logcat
06-30 08:22:11.453 15023 15036 I PhoneLab-LoggerService: Logcat pid from database 2630
06-30 08:22:11.453 15023 15036 I PhoneLab-LoggerService: Logcat process found 2630
06-30 08:22:11.453 15023 15036 I PhoneLab-LoggerService: Checking Threshold
06-30 08:22:11.453 15023 15036 I PhoneLab-LoggerService: Starting to rename files
06-30 08:22:11.457 15023 15036 I PhoneLab-LoggerService: Files found .. 11
06-30 08:22:11.457 15023 15036 I PhoneLab-: Service Running
06-30 08:22:11.484 15023 15036 I PhoneLab-LoggerService: app_38    2630  1     924    488   c00f181c 400107b4 S logcat
06-30 08:22:11.488 15023 15036 I PhoneLab-LoggerService: app_38    30500 1     1064   660   c00f181c 400107b4 S logcat
06-30 08:22:11.488 15023 15036 I PhoneLab-LoggerService: Logcat pid from database 2630
06-30 08:22:11.488 15023 15036 I PhoneLab-LoggerService: Logcat process found 2630
06-30 08:22:11.488 15023 15036 I PhoneLab-LoggerService: Checking Threshold
06-30 08:22:11.488 15023 15036 I PhoneLab-LoggerService: Starting to rename files
06-30 08:22:11.488 15023 15036 I PhoneLab-LoggerService: Files found .. 11
06-30 08:22:11.492 15023 15036 I PhoneLab-: Service Running
06-30 08:22:11.519 15023 15036 I PhoneLab-LoggerService: app_38    2630  1     924    488   c00f181c 400107b4 S logcat
06-30 08:22:11.519 15023 15036 I PhoneLab-LoggerService: app_38    30500 1     1064   660   c00f181c 400107b4 S logcat
06-30 08:22:11.519 15023 15036 I PhoneLab-LoggerService: Logcat pid from database 2630
06-30 08:22:11.519 15023 15036 I PhoneLab-LoggerService: Logcat process found 2630
06-30 08:22:11.523 15023 15036 I PhoneLab-LoggerService: Checking Threshold
06-30 08:22:11.523 15023 15036 I PhoneLab-LoggerService: Starting to rename files
06-30 08:22:11.523 15023 15036 I PhoneLab-LoggerService: Files found .. 11
06-30 08:22:11.523 15023 15036 I PhoneLab-: Service Running
06-30 08:22:11.558 15023 15036 I PhoneLab-LoggerService: app_38    2630  1     924    488   c00f181c 400107b4 S logcat
06-30 08:22:11.558 15023 15036 I PhoneLab-LoggerService: app_38    30500 1     1064   660   c00f181c 400107b4 S logcat
06-30 08:22:11.558 15023 15036 I PhoneLab-LoggerService: Logcat pid from database 2630
06-30 08:22:11.558 15023 15036 I PhoneLab-LoggerService: Logcat process found 2630
06-30 08:22:11.558 15023 15036 I PhoneLab-LoggerService: Checking Threshold
06-30 08:22:11.558 15023 15036 I PhoneLab-LoggerService: Starting to rename files
06-30 08:22:11.562 15023 15036 I PhoneLab-LoggerService: Files found .. 11
06-30 08:22:11.562 15023 15036 I PhoneLab-: Service Running
06-30 08:22:11.593 15023 15036 I PhoneLab-LoggerService: app_38    2630  1     924    488   c00f181c 400107b4 S logcat
06-30 08:22:11.593 15023 15036 I PhoneLab-LoggerService: app_38    30500 1     1064   660   c00f181c 400107b4 S logcat
06-30 08:22:11.593 15023 15036 I PhoneLab-LoggerService: Logcat pid from database 2630
06-30 08:22:11.597 15023 15036 I PhoneLab-LoggerService: Logcat process found 2630
06-30 08:22:11.597 15023 15036 I PhoneLab-LoggerService: Checking Threshold
06-30 08:22:11.597 15023 15036 I PhoneLab-LoggerService: Starting to rename files
06-30 08:22:11.597 15023 15036 I PhoneLab-LoggerService: Files found .. 11
06-30 08:22:11.597 15023 15036 I PhoneLab-: Service Running
06-30 08:22:11.632 15023 15036 I PhoneLab-LoggerService: app_38    2630  1     924    488   c00f181c 400107b4 S logcat
06-30 08:22:11.632 15023 15036 I PhoneLab-LoggerService: app_38    30500 1     1064   660   c00f181c 400107b4 S logcat
06-30 08:22:11.632 15023 15036 I PhoneLab-LoggerService: Logcat pid from database 2630
06-30 08:22:11.636 15023 15036 I PhoneLab-LoggerService: Logcat process found 2630
06-30 08:22:11.636 15023 15036 I PhoneLab-LoggerService: Checking Threshold
06-30 08:22:11.636 15023 15036 I PhoneLab-LoggerService: Starting to rename files
06-30 08:22:11.636 15023 15036 I PhoneLab-LoggerService: Files found .. 11
06-30 08:22:11.640 15023 15036 I PhoneLab-: Service Running
06-30 08:22:11.664 15023 15025 D dalvikvm: GC_CONCURRENT freed 448K, 8% free 9186K/9927K, paused 2ms+6ms
06-30 08:22:11.687 15023 15036 I PhoneLab-LoggerService: app_38    2630  1     924    488   c00f181c 400107b4 S logcat
06-30 08:22:11.687 15023 15036 I PhoneLab-LoggerService: app_38    30500 1     1064   660   c00f181c 400107b4 S logcat
06-30 08:22:11.687 15023 15036 I PhoneLab-LoggerService: Logcat pid from database 2630
06-30 08:22:11.687 15023 15036 I PhoneLab-LoggerService: Logcat process found 2630
06-30 08:22:11.691 15023 15036 I PhoneLab-LoggerService: Checking Threshold
06-30 08:22:11.691 15023 15036 I PhoneLab-LoggerService: Starting to rename files
06-30 08:22:11.691 15023 15036 I PhoneLab-LoggerService: Files found .. 11
06-30 08:22:11.691 15023 15036 I PhoneLab-: Service Running
06-30 08:22:11.722 15023 15036 I PhoneLab-LoggerService: app_38    2630  1     924    488   c00f181c 400107b4 S logcat
06-30 08:22:11.722 15023 15036 I PhoneLab-LoggerService: app_38    30500 1     1064   660   c00f181c 400107b4 S logcat
06-30 08:22:11.722 15023 15036 I PhoneLab-LoggerService: Logcat pid from database 2630
06-30 08:22:11.722 15023 15036 I PhoneLab-LoggerService: Logcat process found 2630
06-30 08:22:11.722 15023 15036 I PhoneLab-LoggerService: Checking Threshold
06-30 08:22:11.722 15023 15036 I PhoneLab-LoggerService: Starting to rename files
06-30 08:22:11.726 15023 15036 I PhoneLab-LoggerService: Files found .. 11
06-30 08:22:11.726 15023 15036 I PhoneLab-: Service Running
06-30 08:22:11.753 15023 15036 I PhoneLab-LoggerService: app_38    2630  1     924    488   c00f181c 400107b4 S logcat
06-30 08:22:11.753 15023 15036 I PhoneLab-LoggerService: app_38    30500 1     1064   660   c00f181c 400107b4 S logcat
06-30 08:22:11.757 15023 15036 I PhoneLab-LoggerService: Logcat pid from database 2630
06-30 08:22:11.757 15023 15036 I PhoneLab-LoggerService: Logcat process found 2630
06-30 08:22:11.757 15023 15036 I PhoneLab-LoggerService: Checking Threshold
06-30 08:22:11.757 15023 15036 I PhoneLab-LoggerService: Starting to rename files
06-30 08:22:11.757 15023 15036 I PhoneLab-LoggerService: Files found .. 11
06-30 08:22:11.761 15023 15036 I PhoneLab-: Service Running
06-30 08:22:11.789 15023 15036 I PhoneLab-LoggerService: app_38    2630  1     924    488   c00f181c 400107b4 S logcat
06-30 08:22:11.789 15023 15036 I PhoneLab-LoggerService: app_38    30500 1     1064   660   c00f181c 400107b4 S logcat
06-30 08:22:11.789 15023 15036 I PhoneLab-LoggerService: Logcat pid from database 2630
06-30 08:22:11.789 15023 15036 I PhoneLab-LoggerService: Logcat process found 2630
06-30 08:22:11.789 15023 15036 I PhoneLab-LoggerService: Checking Threshold
06-30 08:22:11.793 15023 15036 I PhoneLab-LoggerService: Starting to rename files
06-30 08:22:11.793 15023 15036 I PhoneLab-LoggerService: Files found .. 11
06-30 08:22:11.793 15023 15036 I PhoneLab-: Service Running
06-30 08:22:11.820 15023 15036 I PhoneLab-LoggerService: app_38    2630  1     924    488   c00f181c 400107b4 S logcat
06-30 08:22:11.824 15023 15036 I PhoneLab-LoggerService: app_38    30500 1     1064   660   c00f181c 400107b4 S logcat
06-30 08:22:11.824 15023 15036 I PhoneLab-LoggerService: Logcat pid from database 2630
06-30 08:22:11.824 15023 15036 I PhoneLab-LoggerService: Logcat process found 2630
06-30 08:22:11.824 15023 15036 I PhoneLab-LoggerService: Checking Threshold
06-30 08:22:11.824 15023 15036 I PhoneLab-LoggerService: Starting to rename files
06-30 08:22:11.824 15023 15036 I PhoneLab-LoggerService: Files found .. 11
06-30 08:22:16.179   142   153 W ActivityManager: finishReceiver called but no pending broadcasts
06-30 08:22:16.304 14945 14948 D dalvikvm: GC_CONCURRENT freed 232K, 9% free 10651K/11591K, paused 2ms+11ms
06-30 08:22:16.375   213   213 D dalvikvm: GC_FOR_ALLOC freed 557K, 62% free 9996K/25991K, paused 17ms
06-30 08:22:16.453   213   216 D dalvikvm: GC_CONCURRENT freed 492K, 62% free 9993K/25991K, paused 2ms+4ms
06-30 08:22:16.597 14945 14948 D dalvikvm: GC_CONCURRENT freed 597K, 9% free 10596K/11591K, paused 2ms+4ms
06-30 08:22:16.769 14945 14948 D dalvikvm: GC_CONCURRENT freed 233K, 8% free 10772K/11591K, paused 8ms+3ms
06-30 08:22:18.859   142  4745 W ActivityManager: finishReceiver called but no pending broadcasts
06-30 08:22:37.179 14945 14948 D dalvikvm: GC_CONCURRENT freed 448K, 7% free 10845K/11591K, paused 2ms+2ms
06-30 08:25:19.082 11896 11896 D OpenGLRenderer: Flushing caches (mode 2)
06-30 08:25:19.082 11896 11896 D OpenGLRenderer: Flushing caches (mode 0)
06-30 08:25:19.082 11896 11896 W ManagedEGLContext: doTerminate failed: EGL count is 2 but managed count is 1
06-30 08:25:22.754   142   491 W ActivityManager: finishReceiver called but no pending broadcasts
06-30 08:25:44.199 14945 14948 D dalvikvm: GC_CONCURRENT freed 570K, 7% free 10846K/11591K, paused 1ms+3ms
06-30 08:25:52.660 15023 15023 I PhoneLab-Locks: wake lock acquired
06-30 08:25:52.691 15023 15023 I PhoneLab-StatusMonitor: Status Monitoring is started
06-30 08:25:52.726 15023 15025 D dalvikvm: GC_CONCURRENT freed 483K, 8% free 9214K/9927K, paused 2ms+3ms
06-30 08:25:52.754 15023 15023 I PhoneLab-StatusMonitor: Value: 10 - unit: min
06-30 08:25:52.754 15023 15023 I PhoneLab-StatusMonitor: Running interval: 600000
06-30 08:25:52.761 15023 15023 I PhoneLab-StatusMonitor: Rescheduling status monitoring...
06-30 08:25:52.765 15023 15023 I PhoneLab-Locks: wake lock released
06-30 08:25:52.769 15023 15023 I PhoneLab-StatusMonitorLocation: Learning Location
06-30 08:25:52.769 15023 15023 I PhoneLab-Locks: wake lock acquired
06-30 08:25:52.773 15023 15023 I PhoneLab-Locks: wake lock acquired
06-30 08:25:52.773 26576 26651 D androidNetworkLocationListeners: Still have listener com.google.android.location.internal.client.NetworkLocationClient$1@41318678
06-30 08:25:52.777 15023 15023 I PhoneLab-StatusMonitorLocation: Learning Signal Strgth
06-30 08:25:52.777 15023 15023 I PhoneLab-Locks: wake lock acquired
06-30 08:25:52.781 32520 32520 D wpa_supplicant: wpa_driver_wext_driver_cmd SETSUSPENDOPT 0 len = 4096
06-30 08:25:52.781 32520 32520 D wpa_supplicant: wpa_driver_wext_driver_cmd SETSUSPENDOPT 0 len = 0, 15
06-30 08:25:52.781 32520 32520 D wpa_supplicant: wpa_driver_wext_driver_cmd POWERMODE 0 len = 4096
06-30 08:25:52.785 26576 26651 D androidNetworkLocationListeners: Still have listener com.google.android.location.internal.client.NetworkLocationClient$1@41318678
06-30 08:25:52.789 15023 15023 I PhoneLab-StatusMonitorBattery: Battery_level: 67
06-30 08:25:52.793 15023 15023 I PhoneLab-Locks: wake lock released
06-30 08:25:52.812 32520 32520 D wpa_supplicant: wpa_driver_wext_driver_cmd OK len = 0, 2
06-30 08:25:52.812 32520 32520 D wpa_supplicant: WPS: Building WPS IE for Probe Request
06-30 08:25:52.812 32520 32520 D wpa_supplicant: WPS:  * Version (hardcoded 0x10)
06-30 08:25:52.812 32520 32520 D wpa_supplicant: WPS:  * Request Type
06-30 08:25:52.812 32520 32520 D wpa_supplicant: WPS:  * Config Methods (2388)
06-30 08:25:52.812 32520 32520 D wpa_supplicant: WPS:  * UUID-E
06-30 08:25:52.812 32520 32520 D wpa_supplicant: WPS:  * Primary Device Type
06-30 08:25:52.812 32520 32520 D wpa_supplicant: WPS:  * RF Bands (3)
06-30 08:25:52.812 32520 32520 D wpa_supplicant: WPS:  * Association State
06-30 08:25:52.812 32520 32520 D wpa_supplicant: WPS:  * Configuration Error (0)
06-30 08:25:52.812 32520 32520 D wpa_supplicant: WPS:  * Device Password ID (0)
06-30 08:25:52.812 32520 32520 D wpa_supplicant: WPS:  * Manufacturer
06-30 08:25:52.812 32520 32520 D wpa_supplicant: WPS:  * Model Name
06-30 08:25:52.812 32520 32520 D wpa_supplicant: WPS:  * Model Number
06-30 08:25:52.812 32520 32520 D wpa_supplicant: WPS:  * Device Name
06-30 08:25:52.812 32520 32520 D wpa_supplicant: WPS:  * Version2 (0x20)
06-30 08:25:52.812 32520 32520 D wpa_supplicant: wpa_driver_wext_combo_scan: Start
06-30 08:25:52.812 32520 32520 D wpa_supplicant: For Scan: (null)
06-30 08:25:52.816 32520 32520 D wpa_supplicant: Scan requested (ret=0) - scan timeout 30 seconds
06-30 08:25:52.816 32520 32520 D wpa_supplicant: Ongoing scan action - reject new request
06-30 08:25:52.824 15023 15023 I PhoneLab-StatusMonitorSignal: Signal_Strength: -76 asu: 19
06-30 08:25:52.824 15023 15023 I PhoneLab-Locks: wake lock released
06-30 08:25:53.988 32520 32520 D wpa_supplicant: RTM_NEWLINK: operstate=1 ifi_flags=0x11043 ([UP][RUNNING][LOWER_UP])
06-30 08:25:53.988 32520 32520 D wpa_supplicant: RTM_NEWLINK, IFLA_IFNAME: Interface 'wlan0' added
06-30 08:25:53.988 32520 32520 D wpa_supplicant: Wireless event: cmd=0x8b19 len=8
06-30 08:25:53.988 32520 32520 D wpa_supplicant: Received 1980 bytes of scan results (7 BSSes)
06-30 08:25:54.132 26576 26578 D dalvikvm: GC_CONCURRENT freed 794K, 11% free 11297K/12679K, paused 2ms+4ms
06-30 08:25:54.140 32520 32520 D wpa_supplicant: wpa_driver_wext_driver_cmd SETSUSPENDOPT 0 len = 4096
06-30 08:25:54.140 32520 32520 D wpa_supplicant: wpa_driver_wext_driver_cmd SETSUSPENDOPT 0 len = 0, 15
06-30 08:25:54.140 32520 32520 D wpa_supplicant: wpa_driver_wext_driver_cmd POWERMODE 0 len = 4096
06-30 08:25:54.144 32520 32520 D wpa_supplicant: wpa_driver_wext_driver_cmd OK len = 0, 2
06-30 08:25:54.148 15023 15023 I PhoneLab-StatusMonitorLocation: Location_Latitude: 42.9543284 Longitude: -78.8267537 Accuracy: 30.0
06-30 08:25:54.148 26576 26651 D androidNetworkLocationListeners: Still have listener com.google.android.location.internal.client.NetworkLocationClient$1@41318678
06-30 08:25:54.148 15023 15023 I PhoneLab-Locks: wake lock released
06-30 08:25:54.164 32520 32520 D wpa_supplicant: wpa_driver_wext_driver_cmd SETSUSPENDOPT 0 len = 4096
06-30 08:25:54.164 32520 32520 D wpa_supplicant: wpa_driver_wext_driver_cmd SETSUSPENDOPT 0 len = 0, 15
06-30 08:25:54.164 32520 32520 D wpa_supplicant: wpa_driver_wext_driver_cmd POWERMODE 0 len = 4096
06-30 08:25:54.179 32520 32520 D wpa_supplicant: wpa_driver_wext_driver_cmd OK len = 0, 2
06-30 08:25:54.179 32520 32520 D wpa_supplicant: WPS: Building WPS IE for Probe Request
06-30 08:25:54.179 32520 32520 D wpa_supplicant: WPS:  * Version (hardcoded 0x10)
06-30 08:25:54.179 32520 32520 D wpa_supplicant: WPS:  * Request Type
06-30 08:25:54.179 32520 32520 D wpa_supplicant: WPS:  * Config Methods (2388)
06-30 08:25:54.179 32520 32520 D wpa_supplicant: WPS:  * UUID-E
06-30 08:25:54.179 32520 32520 D wpa_supplicant: WPS:  * Primary Device Type
06-30 08:25:54.179 32520 32520 D wpa_supplicant: WPS:  * RF Bands (3)
06-30 08:25:54.179 32520 32520 D wpa_supplicant: WPS:  * Association State
06-30 08:25:54.179 32520 32520 D wpa_supplicant: WPS:  * Configuration Error (0)
06-30 08:25:54.179 32520 32520 D wpa_supplicant: WPS:  * Device Password ID (0)
06-30 08:25:54.179 32520 32520 D wpa_supplicant: WPS:  * Manufacturer
06-30 08:25:54.179 32520 32520 D wpa_supplicant: WPS:  * Model Name
06-30 08:25:54.179 32520 32520 D wpa_supplicant: WPS:  * Model Number
06-30 08:25:54.179 32520 32520 D wpa_supplicant: WPS:  * Device Name
06-30 08:25:54.179 32520 32520 D wpa_supplicant: WPS:  * Version2 (0x20)
06-30 08:25:54.179 32520 32520 D wpa_supplicant: wpa_driver_wext_combo_scan: Start
06-30 08:25:54.179 32520 32520 D wpa_supplicant: For Scan: (null)
06-30 08:25:54.183 32520 32520 D wpa_supplicant: Scan requested (ret=0) - scan timeout 30 seconds
06-30 08:25:55.347 32520 32520 D wpa_supplicant: RTM_NEWLINK: operstate=1 ifi_flags=0x11043 ([UP][RUNNING][LOWER_UP])
06-30 08:25:55.347 32520 32520 D wpa_supplicant: RTM_NEWLINK, IFLA_IFNAME: Interface 'wlan0' added
06-30 08:25:55.347 32520 32520 D wpa_supplicant: Wireless event: cmd=0x8b19 len=8
06-30 08:25:55.347 32520 32520 D wpa_supplicant: Received 2160 bytes of scan results (8 BSSes)
06-30 08:25:55.468 32520 32520 D wpa_supplicant: wpa_driver_wext_driver_cmd SETSUSPENDOPT 0 len = 4096
06-30 08:25:55.468 32520 32520 D wpa_supplicant: wpa_driver_wext_driver_cmd SETSUSPENDOPT 0 len = 0, 15
06-30 08:25:55.468 32520 32520 D wpa_supplicant: wpa_driver_wext_driver_cmd POWERMODE 0 len = 4096
06-30 08:25:55.472 32520 32520 D wpa_supplicant: wpa_driver_wext_driver_cmd OK len = 0, 2
06-30 08:25:58.761   342   342 D SAN_SERVICE: *******************************************
06-30 08:25:58.761   342   342 D SAN_SERVICE: DM App Phone Service State - 0
06-30 08:25:58.761   342   342 D SAN_SERVICE: *******************************************
06-30 08:25:59.007   342   342 D SAN_SERVICE: *******************************************
06-30 08:25:59.007   342   342 D SAN_SERVICE: DM App Phone Service State - 0
06-30 08:25:59.007   342   342 D SAN_SERVICE: *******************************************
06-30 08:25:59.511   342   342 D SAN_SERVICE: *******************************************
06-30 08:25:59.511   342   342 D SAN_SERVICE: DM App Phone Service State - 0
06-30 08:25:59.511   342   342 D SAN_SERVICE: *******************************************
06-30 08:26:00.086 11896 11896 D OpenGLRenderer: Flushing caches (mode 2)
06-30 08:26:00.086 11896 11896 D OpenGLRenderer: Flushing caches (mode 0)
06-30 08:26:00.086 11896 11896 W ManagedEGLContext: doTerminate failed: EGL count is 2 but managed count is 1
06-30 08:28:22.078 11896 11896 D OpenGLRenderer: Flushing caches (mode 2)
