07-08 15:43:32.389   141   325 I ActivityManager: Start proc android.process.acore for content provider com.android.providers.contacts/.VoicemailContentProvider: pid=14074 uid=10000 gids={3003, 1015}
07-08 15:43:32.467 14074 14074 I ActivityThread: Pub com.android.voicemail: com.android.providers.contacts.VoicemailContentProvider
07-08 15:43:32.518 14074 14074 I ActivityThread: Pub user_dictionary: com.android.providers.userdictionary.UserDictionaryProvider
07-08 15:43:32.534 14074 14074 I ActivityThread: Pub com.android.social: com.android.providers.contacts.SocialProvider
07-08 15:43:32.538 14074 14074 I ActivityThread: Pub applications: com.android.providers.applications.ApplicationsProvider
07-08 15:43:32.675 14074 14074 I ActivityThread: Pub contacts;com.android.contacts: com.android.providers.contacts.ContactsProvider2
07-08 15:43:32.714 14074 14077 D dalvikvm: GC_CONCURRENT freed 354K, 5% free 9178K/9607K, paused 2ms+5ms
07-08 15:43:32.823 14074 14074 I ActivityThread: Pub call_log: com.android.providers.contacts.CallLogProvider
07-08 15:43:33.452  2222  2224 D dalvikvm: GC_CONCURRENT freed 2156K, 18% free 23951K/28999K, paused 39ms+24ms
07-08 15:43:33.596   141  2608 I ActivityManager: Process com.google.android.gm (pid 13886) has died.
07-08 15:43:33.991 14074 14077 D dalvikvm: GC_CONCURRENT freed 199K, 4% free 9408K/9735K, paused 6ms+3ms
07-08 15:43:36.612  2222  2224 D dalvikvm: GC_CONCURRENT freed 2086K, 18% free 23912K/28999K, paused 4ms+10ms
07-08 15:43:37.030   141   168 I power   : *** set_screen_state 0
07-08 15:43:37.065    78   118 D SurfaceFlinger: About to give-up screen, flinger = 0x14a5918
07-08 15:43:37.346   351   404 D NfcService: NFC-C OFF, disconnect
07-08 15:43:37.479   141   143 D dalvikvm: GC_CONCURRENT freed 914K, 23% free 14659K/18823K, paused 4ms+11ms
07-08 15:43:37.569 13650 13652 D dalvikvm: GC_CONCURRENT freed 335K, 6% free 10029K/10567K, paused 2ms+3ms
07-08 15:43:37.577   141   172 V TransportControlView: Create TCV com.android.internal.widget.TransportControlView@4161cfe0
07-08 15:43:37.624   141   172 I ActivityManager: Start proc com.google.android.gsf.login for service com.google.android.gsf.login/com.google.android.gsf.loginservice.GoogleLoginService: pid=14102 uid=10009 gids={3003, 1015, 1007, 2001, 3006}
07-08 15:43:37.632   212   212 D PhoneStatusBar: disable: < expand icons alerts ticker system_info back home RECENT* clock >
07-08 15:43:37.702   212   212 D PhoneStatusBar: disable: < expand icons alerts ticker system_info back home recent* clock >
07-08 15:43:37.706   351  1264 D NfcService: NFC-C ON
07-08 15:43:37.940   141  2006 D dalvikvm: GC_EXPLICIT freed 159K, 20% free 15159K/18823K, paused 7ms+8ms
07-08 15:43:49.531   141   141 D AlarmManagerService: Kernel timezone updated to 420 minutes west of GMT
07-08 15:43:49.882   141   165 I ActivityManager: Start proc com.google.android.gm for service com.google.android.gm/.provider.MailSyncAdapterService: pid=14118 uid=10019 gids={3003, 1015}
07-08 15:43:49.902    79    79 D dalvikvm: GC_EXPLICIT freed 38K, 4% free 9027K/9347K, paused 2ms+3ms
07-08 15:43:49.941    79    79 D dalvikvm: GC_EXPLICIT freed <1K, 4% free 9027K/9347K, paused 10ms+2ms
07-08 15:43:49.988    79    79 D dalvikvm: GC_EXPLICIT freed <1K, 4% free 9027K/9347K, paused 4ms+1ms
07-08 15:43:50.039 14118 14118 I ActivityThread: Pub gmail-ls: com.google.android.gm.provider.MailProvider
07-08 15:43:50.078 14118 14118 I ActivityThread: Pub com.google.android.gmail.SuggestionProvider: com.google.android.gm.SuggestionsProvider
07-08 15:43:50.086 14118 14118 I ActivityThread: Pub com.google.android.gm: com.google.android.gm.provider.PublicContentProvider
07-08 15:43:50.718   212   214 D dalvikvm: GC_CONCURRENT freed 288K, 42% free 10348K/17799K, paused 3ms+3ms
07-08 15:43:50.761 14118 14121 D dalvikvm: GC_CONCURRENT freed 247K, 5% free 9222K/9607K, paused 35ms+2ms
07-08 15:43:50.949 14118 14121 D dalvikvm: GC_CONCURRENT freed 176K, 4% free 9556K/9863K, paused 2ms+2ms
07-08 15:43:50.961 14118 14136 I Gmail   : calculateUnknownSyncRationalesAndPurgeInBackground: queueing
07-08 15:43:50.984 14118 14136 I Gmail   : calculateUnknownSyncRationalesAndPurgeInBackground: queueing
07-08 15:43:51.035 14118 14121 D dalvikvm: GC_CONCURRENT freed 311K, 5% free 9764K/10183K, paused 2ms+2ms
07-08 15:43:51.039 14118 14136 I Gmail   : calculateUnknownSyncRationalesAndPurgeInBackground: running
07-08 15:43:51.046 14118 14136 I Gmail   : calculateUnknownSyncRationalesAndPurgeInBackground: running
07-08 15:43:51.097 14118 14121 D dalvikvm: GC_CONCURRENT freed 315K, 5% free 9947K/10375K, paused 2ms+5ms
07-08 15:43:51.168 14118 14121 D dalvikvm: GC_CONCURRENT freed 371K, 5% free 10080K/10567K, paused 1ms+3ms
07-08 15:43:51.238 14118 14121 D dalvikvm: GC_CONCURRENT freed 306K, 4% free 10275K/10695K, paused 2ms+3ms
07-08 15:43:51.332 14118 14121 D dalvikvm: GC_CONCURRENT freed 913K, 10% free 9781K/10823K, paused 2ms+2ms
07-08 15:43:51.480 13650 13704 D dalvikvm: GC_EXPLICIT freed 108K, 6% free 9963K/10567K, paused 3ms+3ms
07-08 15:43:51.711 13151 13153 D dalvikvm: GC_CONCURRENT freed 378K, 6% free 9351K/9863K, paused 2ms+3ms
07-08 15:43:51.828 14118 14134 I Gmail   : MainSyncRequestProto: lowestBkwdConvoId: 0, highestHandledServerOp: 1052888, normalSync: true
07-08 15:43:55.293   141   177 I power   : *** set_screen_state 1
07-08 15:43:55.312   141   172 I WindowManager: No lock screen!
07-08 15:43:55.507    78   118 D SurfaceFlinger: Screen about to return, flinger = 0x14a5918
07-08 15:43:55.554  2222  2222 W Settings: Setting location_providers_allowed has moved from android.provider.Settings.System to android.provider.Settings.Secure, returning read-only value.
07-08 15:43:57.359  2222  2224 D dalvikvm: GC_CONCURRENT freed 2085K, 18% free 23874K/28999K, paused 4ms+11ms
07-08 15:43:58.914   340   340 D SAN_SERVICE: *******************************************
07-08 15:43:58.914   340   340 D SAN_SERVICE: DM App Phone Service State - 0
07-08 15:43:58.914   340   340 D SAN_SERVICE: *******************************************
07-08 15:43:59.445  2222  2224 D dalvikvm: GC_CONCURRENT freed 2059K, 18% free 23863K/28999K, paused 11ms+11ms
07-08 15:43:59.648   340   340 D SAN_SERVICE: *******************************************
07-08 15:43:59.648   340   340 D SAN_SERVICE: DM App Phone Service State - 0
07-08 15:43:59.648   340   340 D SAN_SERVICE: *******************************************
07-08 15:44:00.535 13650 13672 D WifiLocator: Too many no-location APs. Will not compute a location nor go to the server. hasLocation=0 noLocation=0 cacheMiss=0
07-08 15:44:00.554 13650 13672 D CellLocator: Primary cell miss in cache. Need server request.
07-08 15:44:00.574 13650 13668 I System.out: [INFO:448337]: LogSource: Running flush
07-08 15:44:00.601 13650 13670 I System.out: [INFO:448365]: LogSource: Sending payload [bytes=372]
07-08 15:44:00.824 13476 13479 D dalvikvm: GC_CONCURRENT freed 408K, 6% free 9061K/9607K, paused 22ms+2ms
07-08 15:44:01.379  2222  2224 D dalvikvm: GC_CONCURRENT freed 2044K, 18% free 23866K/28999K, paused 4ms+11ms
07-08 15:44:02.054 13650 13670 I System.out: [INFO:449815]: LogSource: Response [http=200,length=88]
07-08 15:44:02.054 13650 13668 I System.out: [INFO:449817]: LogSource: Read id 6, status code 200
07-08 15:44:02.058 13650 13672 D WifiLocator: Too many no-location APs. Will not compute a location nor go to the server. hasLocation=0 noLocation=0 cacheMiss=0
07-08 15:44:03.226  2222  2224 D dalvikvm: GC_CONCURRENT freed 2049K, 18% free 23865K/28999K, paused 4ms+10ms
07-08 15:44:05.488  2222  2224 D dalvikvm: GC_CONCURRENT freed 2048K, 18% free 23864K/28999K, paused 4ms+10ms
07-08 15:44:07.203  2222  2224 D dalvikvm: GC_CONCURRENT freed 2047K, 18% free 23864K/28999K, paused 3ms+11ms
07-08 15:44:09.222  2222  2224 D dalvikvm: GC_CONCURRENT freed 2051K, 18% free 23861K/28999K, paused 4ms+11ms
07-08 15:44:10.347  2222  2224 D dalvikvm: GC_CONCURRENT freed 2009K, 18% free 23899K/28999K, paused 7ms+11ms
07-08 15:44:10.722   351   351 D dalvikvm: GC_EXPLICIT freed 226K, 6% free 9102K/9607K, paused 6ms+6ms
07-08 15:44:11.996  2222  2224 D dalvikvm: GC_CONCURRENT freed 1895K, 18% free 24052K/28999K, paused 13ms+12ms
07-08 15:44:13.101   141  2006 I ActivityManager: Process com.google.android.gm (pid 14118) has died.
07-08 15:44:14.109  2222  2224 D dalvikvm: GC_CONCURRENT freed 2142K, 18% free 23957K/28999K, paused 7ms+12ms
07-08 15:44:15.675  2222  2222 W System.err: LowOnMemory
07-08 15:44:15.691  2222  2222 W System.err: LowOnMemory
07-08 15:44:15.929  2222  2222 D dalvikvm: GC_EXPLICIT freed 2382K, 21% free 23189K/28999K, paused 4ms+12ms
07-08 15:44:17.679  2222  2224 D dalvikvm: GC_CONCURRENT freed 5160K, 32% free 19979K/28999K, paused 4ms+11ms
07-08 15:44:18.961  2222  2224 D dalvikvm: GC_CONCURRENT freed 1172K, 29% free 20855K/28999K, paused 2ms+8ms
07-08 15:44:19.089  2222 12922 D dalvikvm: GC_FOR_ALLOC freed 1110K, 32% free 19754K/28999K, paused 87ms
07-08 15:44:19.238  2222 12922 D dalvikvm: GC_FOR_ALLOC freed 1080K, 33% free 19718K/28999K, paused 97ms
07-08 15:44:20.187  2222  2224 D dalvikvm: GC_CONCURRENT freed 2052K, 33% free 19714K/28999K, paused 4ms+10ms
07-08 15:44:20.414   340   340 D SAN_SERVICE: *******************************************
07-08 15:44:20.414   340   340 D SAN_SERVICE: DM App Phone Service State - 0
07-08 15:44:20.414   340   340 D SAN_SERVICE: *******************************************
07-08 15:44:20.664   340   340 D SAN_SERVICE: *******************************************
07-08 15:44:20.664   340   340 D SAN_SERVICE: DM App Phone Service State - 0
07-08 15:44:20.664   340   340 D SAN_SERVICE: *******************************************
07-08 15:44:22.214  2222  2224 D dalvikvm: GC_CONCURRENT freed 1984K, 32% free 19771K/28999K, paused 4ms+10ms
07-08 15:44:24.156  2222  2224 D dalvikvm: GC_CONCURRENT freed 1960K, 32% free 19848K/28999K, paused 4ms+9ms
07-08 15:44:24.437   340   340 D SAN_SERVICE: *******************************************
07-08 15:44:24.437   340   340 D SAN_SERVICE: DM App Phone Service State - 0
07-08 15:44:24.437   340   340 D SAN_SERVICE: *******************************************
07-08 15:44:25.671   340   340 D SAN_SERVICE: *******************************************
07-08 15:44:25.671   340   340 D SAN_SERVICE: DM App Phone Service State - 0
07-08 15:44:25.671   340   340 D SAN_SERVICE: *******************************************
07-08 15:44:26.363  2222  2224 D dalvikvm: GC_CONCURRENT freed 2094K, 32% free 19802K/28999K, paused 3ms+8ms
07-08 15:44:27.726 13715 13718 D dalvikvm: GC_CONCURRENT freed 435K, 6% free 10250K/10823K, paused 23ms+10ms
07-08 15:44:28.402  2222  2224 D dalvikvm: GC_CONCURRENT freed 2047K, 32% free 19802K/28999K, paused 3ms+10ms
07-08 15:44:30.058  2222  2224 D dalvikvm: GC_CONCURRENT freed 2049K, 32% free 19801K/28999K, paused 4ms+10ms
07-08 15:44:30.742 12935 12935 D dalvikvm: GC_EXPLICIT freed 199K, 6% free 9231K/9799K, paused 10ms+4ms
07-08 15:44:31.496  2222 12922 D dalvikvm: GC_FOR_ALLOC freed 1366K, 32% free 19844K/28999K, paused 101ms
07-08 15:44:32.359  2222  2224 D dalvikvm: GC_CONCURRENT freed 2057K, 32% free 19834K/28999K, paused 3ms+11ms
07-08 15:44:34.101  2222  2224 D dalvikvm: GC_CONCURRENT freed 2048K, 32% free 19834K/28999K, paused 4ms+11ms
07-08 15:44:35.867 13151 13151 D dalvikvm: GC_EXPLICIT freed 167K, 7% free 9222K/9863K, paused 30ms+10ms
07-08 15:44:36.254  2222  2224 D dalvikvm: GC_CONCURRENT freed 2014K, 32% free 19857K/28999K, paused 3ms+12ms
07-08 15:44:38.136  2222  2224 D dalvikvm: GC_CONCURRENT freed 2074K, 32% free 19830K/28999K, paused 5ms+10ms
07-08 15:44:39.679   340   340 D SAN_SERVICE: *******************************************
07-08 15:44:39.679   340   340 D SAN_SERVICE: DM App Phone Service State - 0
07-08 15:44:39.679   340   340 D SAN_SERVICE: *******************************************
07-08 15:44:39.832   340   340 D SAN_SERVICE: *******************************************
07-08 15:44:39.832   340   340 D SAN_SERVICE: DM App Phone Service State - 0
07-08 15:44:39.832   340   340 D SAN_SERVICE: *******************************************
07-08 15:44:39.961   340   340 D SAN_SERVICE: *******************************************
07-08 15:44:39.961   340   340 D SAN_SERVICE: DM App Phone Service State - 0
07-08 15:44:39.961   340   340 D SAN_SERVICE: *******************************************
07-08 15:44:40.019  2222  2224 D dalvikvm: GC_CONCURRENT freed 2047K, 32% free 19832K/28999K, paused 8ms+9ms
07-08 15:44:40.668   340   340 D SAN_SERVICE: *******************************************
07-08 15:44:40.675   340   340 D SAN_SERVICE: DM App Phone Service State - 0
07-08 15:44:40.675   340   340 D SAN_SERVICE: *******************************************
07-08 15:44:41.949  2222  2224 D dalvikvm: GC_CONCURRENT freed 2048K, 32% free 19831K/28999K, paused 3ms+9ms
07-08 15:44:42.668   141   409 D AlarmManagerService: Kernel timezone updated to 420 minutes west of GMT
07-08 15:44:43.988  2222  2224 D dalvikvm: GC_CONCURRENT freed 2014K, 32% free 19857K/28999K, paused 4ms+12ms
07-08 15:44:44.918   340   340 D SAN_SERVICE: *******************************************
07-08 15:44:44.918   340   340 D SAN_SERVICE: DM App Phone Service State - 0
07-08 15:44:44.918   340   340 D SAN_SERVICE: *******************************************
07-08 15:44:45.617  2222  2224 D dalvikvm: GC_CONCURRENT freed 2071K, 32% free 19834K/28999K, paused 4ms+12ms
07-08 15:44:45.699   340   340 D SAN_SERVICE: *******************************************
07-08 15:44:45.699   340   340 D SAN_SERVICE: DM App Phone Service State - 0
07-08 15:44:45.699   340   340 D SAN_SERVICE: *******************************************
07-08 15:44:45.722 13650 13672 D WifiLocator: Too many no-location APs. Will not compute a location nor go to the server. hasLocation=0 noLocation=0 cacheMiss=0
07-08 15:44:46.964  2222  2224 D dalvikvm: GC_CONCURRENT freed 2005K, 32% free 19877K/28999K, paused 3ms+9ms
07-08 15:44:49.117  2222  2224 D dalvikvm: GC_CONCURRENT freed 2050K, 32% free 19875K/28999K, paused 3ms+9ms
07-08 15:44:49.925   340   340 D SAN_SERVICE: *******************************************
07-08 15:44:49.925   340   340 D SAN_SERVICE: DM App Phone Service State - 0
07-08 15:44:49.925   340   340 D SAN_SERVICE: *******************************************
07-08 15:44:50.675   340   340 D SAN_SERVICE: *******************************************
07-08 15:44:50.675   340   340 D SAN_SERVICE: DM App Phone Service State - 0
07-08 15:44:50.675   340   340 D SAN_SERVICE: *******************************************
07-08 15:44:51.265  2222  2224 D dalvikvm: GC_CONCURRENT freed 2044K, 32% free 19878K/28999K, paused 4ms+10ms
07-08 15:44:52.992  2222  2224 D dalvikvm: GC_CONCURRENT freed 2047K, 32% free 19878K/28999K, paused 3ms+12ms
07-08 15:44:55.113  2222  2224 D dalvikvm: GC_CONCURRENT freed 2012K, 32% free 19909K/28999K, paused 6ms+10ms
07-08 15:44:55.871   141   157 D dalvikvm: GC_EXPLICIT freed 1113K, 20% free 15176K/18823K, paused 12ms+12ms
07-08 15:44:57.164  2222  2224 D dalvikvm: GC_CONCURRENT freed 2023K, 32% free 19920K/28999K, paused 4ms+9ms
07-08 15:44:58.804  2222  2224 D dalvikvm: GC_CONCURRENT freed 2066K, 32% free 19901K/28999K, paused 7ms+15ms
07-08 15:45:00.179   340   340 D SAN_SERVICE: *******************************************
07-08 15:45:00.179   340   340 D SAN_SERVICE: DM App Phone Service State - 0
07-08 15:45:00.179   340   340 D SAN_SERVICE: *******************************************
07-08 15:45:00.683   340   340 D SAN_SERVICE: *******************************************
07-08 15:45:00.683   340   340 D SAN_SERVICE: DM App Phone Service State - 0
07-08 15:45:00.683   340   340 D SAN_SERVICE: *******************************************
07-08 15:45:01.011  2222  2224 D dalvikvm: GC_CONCURRENT freed 2015K, 32% free 19926K/28999K, paused 4ms+10ms
07-08 15:45:03.058  2222  2224 D dalvikvm: GC_CONCURRENT freed 2070K, 32% free 19903K/28999K, paused 3ms+11ms
07-08 15:45:04.187   340   340 D SAN_SERVICE: *******************************************
07-08 15:45:04.187   340   340 D SAN_SERVICE: DM App Phone Service State - 0
07-08 15:45:04.187   340   340 D SAN_SERVICE: *******************************************
07-08 15:45:04.695   340   340 D SAN_SERVICE: *******************************************
07-08 15:45:04.695   340   340 D SAN_SERVICE: DM App Phone Service State - 0
07-08 15:45:04.695   340   340 D SAN_SERVICE: *******************************************
07-08 15:45:04.742   340   342 D dalvikvm: GC_CONCURRENT freed 390K, 6% free 9463K/10055K, paused 9ms+3ms
07-08 15:45:05.226  2222  2224 D dalvikvm: GC_CONCURRENT freed 2044K, 32% free 19907K/28999K, paused 4ms+11ms
07-08 15:45:05.691   141   454 D AlarmManagerService: Kernel timezone updated to 420 minutes west of GMT
07-08 15:45:06.703   141  2009 D AlarmManagerService: Kernel timezone updated to 420 minutes west of GMT
07-08 15:45:07.425  2222  2224 D dalvikvm: GC_CONCURRENT freed 2048K, 32% free 19906K/28999K, paused 4ms+11ms
07-08 15:45:09.586  2222  2224 D dalvikvm: GC_CONCURRENT freed 2048K, 32% free 19906K/28999K, paused 4ms+10ms
07-08 15:45:11.730  2222  2224 D dalvikvm: GC_CONCURRENT freed 2045K, 32% free 19909K/28999K, paused 4ms+9ms
07-08 15:45:13.773  2222  2224 D dalvikvm: GC_CONCURRENT freed 1989K, 32% free 19935K/28999K, paused 3ms+9ms
07-08 15:45:15.714   340   340 D SAN_SERVICE: *******************************************
07-08 15:45:15.714   340   340 D SAN_SERVICE: DM App Phone Service State - 0
07-08 15:45:15.714   340   340 D SAN_SERVICE: *******************************************
07-08 15:45:15.851  2222  2224 D dalvikvm: GC_CONCURRENT freed 1980K, 32% free 19896K/28999K, paused 5ms+9ms
07-08 15:45:17.660  2222  2224 D dalvikvm: GC_CONCURRENT freed 1965K, 32% free 19901K/28999K, paused 4ms+11ms
07-08 15:45:18.199   340   340 D SAN_SERVICE: *******************************************
07-08 15:45:18.199   340   340 D SAN_SERVICE: DM App Phone Service State - 0
07-08 15:45:18.199   340   340 D SAN_SERVICE: *******************************************
07-08 15:45:18.691   340   340 D SAN_SERVICE: *******************************************
07-08 15:45:18.691   340   340 D SAN_SERVICE: DM App Phone Service State - 0
07-08 15:45:18.691   340   340 D SAN_SERVICE: *******************************************
07-08 15:45:19.777  2222  2224 D dalvikvm: GC_CONCURRENT freed 2032K, 32% free 19917K/28999K, paused 3ms+12ms
07-08 15:45:20.132 13715 13718 D dalvikvm: GC_CONCURRENT freed 420K, 6% free 10265K/10823K, paused 13ms+10ms
07-08 15:45:21.785  2222  2224 D dalvikvm: GC_CONCURRENT freed 2063K, 32% free 19902K/28999K, paused 4ms+10ms
07-08 15:45:24.035  2222  2224 D dalvikvm: GC_CONCURRENT freed 2012K, 32% free 19927K/28999K, paused 3ms+9ms
07-08 15:45:25.504 13963 13976 I PhoneLab-: Service Running
07-08 15:45:25.601  2222  2224 D dalvikvm: GC_CONCURRENT freed 2068K, 32% free 19907K/28999K, paused 3ms+11ms
07-08 15:45:25.718   340   340 D SAN_SERVICE: *******************************************
07-08 15:45:25.718   340   340 D SAN_SERVICE: DM App Phone Service State - 0
07-08 15:45:25.718   340   340 D SAN_SERVICE: *******************************************
07-08 15:45:26.054 13963 13976 I PhoneLab-LoggerService: app_38    1226  1     1432   992   c00f181c 400107b4 S logcat
07-08 15:45:26.058 13963 13976 I PhoneLab-LoggerService: Logcat pid from database 1226
07-08 15:45:26.058 13963 13976 I PhoneLab-LoggerService: Logcat process found 1226
07-08 15:45:26.058 13963 13976 I PhoneLab-LoggerService: Checking Threshold
07-08 15:45:26.058 13963 13976 I PhoneLab-LoggerService: Starting to rename files
07-08 15:45:26.058 13963 13976 I PhoneLab-LoggerService: Files found .. 3
07-08 15:45:26.058 13963 13976 I PhoneLab-LoggerService: File 1 log.out.1
07-08 15:45:26.066 13963 13976 I PhoneLab-LoggerService: Renamed successfully
07-08 15:45:27.535  2222  2224 D dalvikvm: GC_CONCURRENT freed 2047K, 32% free 19908K/28999K, paused 3ms+10ms
07-08 15:45:29.214  2222  2224 D dalvikvm: GC_CONCURRENT freed 2048K, 32% free 19907K/28999K, paused 3ms+11ms
07-08 15:45:30.570 13650 13672 D WifiLocator: Too many no-location APs. Will not compute a location nor go to the server. hasLocation=0 noLocation=0 cacheMiss=0
07-08 15:45:31.375  2222  2224 D dalvikvm: GC_CONCURRENT freed 2047K, 32% free 19908K/28999K, paused 4ms+10ms
07-08 15:45:33.582  2222  2224 D dalvikvm: GC_CONCURRENT freed 2051K, 32% free 19904K/28999K, paused 4ms+10ms
07-08 15:45:35.671 13650 13650 D dalvikvm: GC_EXPLICIT freed 166K, 6% free 9983K/10567K, paused 5ms+4ms
07-08 15:45:35.910  2222  2224 D dalvikvm: GC_CONCURRENT freed 2047K, 32% free 19905K/28999K, paused 3ms+9ms
07-08 15:45:38.089  2222  2224 D dalvikvm: GC_CONCURRENT freed 2019K, 32% free 19934K/28999K, paused 3ms+10ms
07-08 15:45:40.425  2222  2224 D dalvikvm: GC_CONCURRENT freed 2004K, 32% free 19980K/28999K, paused 7ms+10ms
07-08 15:45:40.570   141   197 D ConnectivityService: ConnectivityChange for WIMAX: DISCONNECTED/SCANNING
07-08 15:45:40.570   141   197 D ConnectivityService: Attempting to switch to mobile
07-08 15:45:40.570   141   197 D ConnectivityService: Attempting to switch to WIFI
07-08 15:45:40.570   141   197 D ConnectivityService: Attempting to switch to BLUETOOTH_TETHER
07-08 15:45:40.574   141   197 D NetUtils: android_net_utils_resetConnections in env=0x10e0380 clazz=0xcec00001 iface=uwbr0 mask=0x3
07-08 15:45:40.574   141   197 D ConnectivityService: resetConnections(uwbr0, 3)
07-08 15:45:40.687   141   193 D NetworkPolicy: applying policy NetworkPolicy[NetworkTemplate: matchRule=MOBILE_ALL, subscriberId=valid]: cycleDay=8, warningBytes=2147483648, limitBytes=-1, lastSnooze=-1 to ifaces [rmnet0]
07-08 15:45:40.754   141   193 D NetworkPolicy: applying policy NetworkPolicy[NetworkTemplate: matchRule=MOBILE_ALL, subscriberId=valid]: cycleDay=8, warningBytes=2147483648, limitBytes=-1, lastSnooze=-1 to ifaces [rmnet0]
07-08 15:45:43.070  2222  2224 D dalvikvm: GC_CONCURRENT freed 2095K, 32% free 19935K/28999K, paused 4ms+10ms
07-08 15:45:43.613   141   201 D Tethering: MasterInitialState.processMessage what=3
07-08 15:45:43.648   141   201 D Tethering: MasterInitialState.processMessage what=3
07-08 15:45:43.707   141   141 I ActivityManager: Start proc com.google.android.gallery3d for broadcast com.google.android.gallery3d/com.google.android.picasasync.ConnectivityReceiver: pid=14153 uid=10017 gids={3003, 1015}
07-08 15:45:43.918 14153 14153 I ActivityThread: Pub com.google.android.gallery3d.GooglePhotoProvider: com.google.android.picasasync.PicasaContentProvider
07-08 15:45:44.078 14153 14155 D dalvikvm: GC_CONCURRENT freed 418K, 6% free 9114K/9607K, paused 5ms+3ms
07-08 15:45:44.171 14153 14153 I ActivityThread: Pub com.google.android.gallery3d.provider: com.android.gallery3d.provider.GalleryProvider
07-08 15:45:44.293   141   197 D ConnectivityService: handleInetConditionHoldEnd: net=0, condition=100, published condition=100
07-08 15:45:44.304 14153 14155 D dalvikvm: GC_CONCURRENT freed 425K, 6% free 9212K/9735K, paused 2ms+9ms
07-08 15:45:44.324 14153 14153 D UploadsManager: load newPhotoTracker: null
07-08 15:45:44.324 14153 14153 D UploadsManager: load all accounts: null
07-08 15:45:44.324 14153 14153 D UploadsManager: load all account-album pairs: null
07-08 15:45:44.324 14153 14153 V PicasaContentProvider: querySettings: defaults: {sync_on_wifi_only=1, auto_upload_account_type=null, sync_on_battery=1, sync_picasa_on_wifi_only=1, auto_upload_enabled=0, video_upload_wifi_only=1, sync_on_roaming=0, auto_upload_account_name=null}
07-08 15:45:44.332 14153 14153 D UploadsManager:    settings not changed
07-08 15:45:44.414   141   321 I ActivityManager: Start proc com.google.android.apps.uploader for broadcast com.google.android.apps.uploader/.ConnectivityBroadcastReceiver: pid=14168 uid=10031 gids={3003}
07-08 15:45:44.449 14168 14168 I dalvikvm: Turning on JNI app bug workarounds for target SDK version 11...
07-08 15:45:44.472 14153 14166 D PicasaSync: sync account database
07-08 15:45:44.523 14168 14168 I ActivityThread: Pub com.google.android.apps.uploader: com.google.android.apps.uploader.UploadsContentProvider
07-08 15:45:44.527 14168 14168 I ActivityThread: Pub com.google.photos.provider.Album: com.google.android.apps.uploader.clients.picasa.AlbumProvider
07-08 15:45:44.535 14168 14168 D MediaUploader: UploaderApplication.onCreate
07-08 15:45:44.582 14168 14168 D MediaUploader: nonWifiLimit=20971520, default=20971520
07-08 15:45:44.589 14168 14168 I MediaUploader: No need to wake up
07-08 15:45:44.836 14168 14168 I MediaUploader: No need to wake up
07-08 15:45:45.023 14153 14166 D PicasaSync: accounts in DB=1
07-08 15:45:45.027 14153 14166 V PicasaContentProvider: querySettings: defaults: {sync_on_wifi_only=1, auto_upload_account_type=null, sync_on_battery=1, sync_picasa_on_wifi_only=1, auto_upload_enabled=0, video_upload_wifi_only=1, sync_on_roaming=0, auto_upload_account_name=null}
07-08 15:45:45.031 14153 14166 D PicasaSyncManager: active network: NetworkInfo: type: mobile[CDMA - EvDo rev. A], state: CONNECTED/CONNECTED, reason: (unspecified), extra: , roaming: false, failover: false, isAvailable: true
07-08 15:45:45.035 14153 14166 D PicasaSyncManager: background data: true
07-08 15:45:45.078 14153 14166 D PicasaSyncManager: battery info: false
07-08 15:45:45.855  2222  2224 D dalvikvm: GC_CONCURRENT freed 2042K, 32% free 19940K/28999K, paused 4ms+12ms
07-08 15:45:46.988   141   197 D ConnectivityService: ConnectivityChange for WIMAX: DISCONNECTED/SCANNING
07-08 15:45:46.988   141   197 D ConnectivityService: Attempting to switch to mobile
07-08 15:45:46.988   141   197 D ConnectivityService: Attempting to switch to WIFI
07-08 15:45:46.988   141   197 D ConnectivityService: Attempting to switch to BLUETOOTH_TETHER
07-08 15:45:46.992   141   197 D NetUtils: android_net_utils_resetConnections in env=0x10e0380 clazz=0xda300001 iface=uwbr0 mask=0x3
07-08 15:45:46.992   141   197 D ConnectivityService: resetConnections(uwbr0, 3)
07-08 15:45:47.129   141   193 D NetworkPolicy: applying policy NetworkPolicy[NetworkTemplate: matchRule=MOBILE_ALL, subscriberId=valid]: cycleDay=8, warningBytes=2147483648, limitBytes=-1, lastSnooze=-1 to ifaces [rmnet0]
07-08 15:45:47.257   141   143 D dalvikvm: GC_CONCURRENT freed 2283K, 24% free 14435K/18823K, paused 7ms+20ms
07-08 15:45:47.382   141   193 D NetworkPolicy: applying policy NetworkPolicy[NetworkTemplate: matchRule=MOBILE_ALL, subscriberId=valid]: cycleDay=8, warningBytes=2147483648, limitBytes=-1, lastSnooze=-1 to ifaces [rmnet0]
07-08 15:45:48.504  2222  2224 D dalvikvm: GC_CONCURRENT freed 2053K, 32% free 19934K/28999K, paused 4ms+11ms
07-08 15:45:50.019   141   201 D Tethering: MasterInitialState.processMessage what=3
07-08 15:45:50.054   141   201 D Tethering: MasterInitialState.processMessage what=3
07-08 15:45:50.148 14168 14168 I MediaUploader: No need to wake up
07-08 15:45:50.339 14153 14166 D PicasaSyncManager: active network: NetworkInfo: type: mobile[CDMA - EvDo rev. A], state: CONNECTED/CONNECTED, reason: (unspecified), extra: , roaming: false, failover: false, isAvailable: true
07-08 15:45:50.379 14153 14166 D PicasaSyncManager: background data: true
07-08 15:45:50.421 14168 14168 I MediaUploader: No need to wake up
07-08 15:45:50.523 14006 14009 D dalvikvm: GC_CONCURRENT freed 393K, 5% free 10563K/11079K, paused 8ms+10ms
07-08 15:45:50.589   141   197 D ConnectivityService: handleInetConditionHoldEnd: net=0, condition=100, published condition=100
07-08 15:45:50.687  2222  2224 D dalvikvm: GC_CONCURRENT freed 1940K, 32% free 19935K/28999K, paused 3ms+12ms
07-08 15:45:53.004  2222  2224 D dalvikvm: GC_CONCURRENT freed 2012K, 32% free 19961K/28999K, paused 4ms+12ms
07-08 15:45:55.355  2222  2224 D dalvikvm: GC_CONCURRENT freed 2074K, 32% free 19935K/28999K, paused 6ms+11ms
07-08 15:45:57.296  2222  2224 D dalvikvm: GC_CONCURRENT freed 2044K, 32% free 19939K/28999K, paused 7ms+9ms
07-08 15:45:58.839   323   323 D dalvikvm: GC_EXPLICIT freed 29K, 17% free 11268K/13511K, paused 3ms+13ms
07-08 15:45:59.507  2222  2224 D dalvikvm: GC_CONCURRENT freed 2046K, 32% free 19941K/28999K, paused 3ms+10ms
07-08 15:46:03.941  2222  2224 D dalvikvm: GC_CONCURRENT freed 2015K, 32% free 19979K/28999K, paused 10ms+8ms
07-08 15:46:04.179   141   177 I InputReader: Reconfiguring input devices.  changes=0x00000004
07-08 15:46:04.179   141   177 I InputReader: Device reconfigured: id=7, name='mxt224_ts_input', surface size is now 480x800, mode is 1
07-08 15:46:04.199   141   157 I ActivityManager: Config changed: {1.0 310mcc120mnc en_US layoutdir=0 sw320dp w533dp h294dp nrml long land finger -keyb/v/h -nav/h s.59}
07-08 15:46:04.257  2222  2222 D OpenGLRenderer: Flushing caches (mode 0)
07-08 15:46:04.625   212   214 D dalvikvm: GC_CONCURRENT freed 762K, 44% free 10089K/17799K, paused 3ms+9ms
07-08 15:46:06.375  2222  2224 D dalvikvm: JIT code cache reset in 5 ms (1048556 bytes 12/0)
07-08 15:46:06.406  2222  2224 D dalvikvm: GC_CONCURRENT freed 1941K, 31% free 20049K/28999K, paused 8ms+17ms
07-08 15:46:07.418   141   171 D dalvikvm: GC_EXPLICIT freed 754K, 24% free 14336K/18823K, paused 23ms+8ms
07-08 15:46:09.804   141   177 I InputReader: Reconfiguring input devices.  changes=0x00000004
07-08 15:46:09.804   141   177 I InputReader: Device reconfigured: id=7, name='mxt224_ts_input', surface size is now 480x800, mode is 1
07-08 15:46:09.839   141   157 I ActivityManager: Config changed: {1.0 310mcc120mnc en_US layoutdir=0 sw320dp w320dp h508dp nrml long port finger -keyb/v/h -nav/h s.60}
07-08 15:46:09.855  2222  2222 D OpenGLRenderer: Flushing caches (mode 0)
07-08 15:46:10.234   212   212 D dalvikvm: GC_FOR_ALLOC freed 395K, 44% free 10070K/17799K, paused 22ms
07-08 15:46:10.375  2222  2224 D dalvikvm: GC_CONCURRENT freed 1824K, 31% free 20272K/28999K, paused 3ms+11ms
07-08 15:46:10.796   212   214 D dalvikvm: GC_CONCURRENT freed 336K, 44% free 10119K/17799K, paused 2ms+8ms
07-08 15:46:13.125   141   171 D dalvikvm: JIT code cache reset in 9 ms (1048444 bytes 11/0)
07-08 15:46:13.136   141   171 D dalvikvm: GC_EXPLICIT freed 139K, 25% free 14292K/18823K, paused 5ms+18ms
07-08 15:46:13.480  2222  2224 D dalvikvm: GC_CONCURRENT freed 2137K, 31% free 20170K/28999K, paused 3ms+10ms
07-08 15:46:15.617 13650 13672 D WifiLocator: Too many no-location APs. Will not compute a location nor go to the server. hasLocation=0 noLocation=0 cacheMiss=0
07-08 15:46:15.804 13715 13718 D dalvikvm: GC_CONCURRENT freed 418K, 6% free 10269K/10823K, paused 3ms+2ms
07-08 15:46:16.765   141   408 D AlarmManagerService: Kernel timezone updated to 420 minutes west of GMT
07-08 15:46:17.082  2222  2224 D dalvikvm: GC_CONCURRENT freed 2199K, 31% free 20012K/28999K, paused 3ms+9ms
07-08 15:46:17.734   141  2006 D AlarmManagerService: Kernel timezone updated to 420 minutes west of GMT
07-08 15:46:18.961  2222  2224 D dalvikvm: GC_CONCURRENT freed 2056K, 32% free 20004K/28999K, paused 3ms+10ms
07-08 15:46:21.386  2222  2224 D dalvikvm: GC_CONCURRENT freed 1962K, 32% free 19986K/28999K, paused 3ms+9ms
07-08 15:46:24.187    85   570 E GPSD    : ril_gps_wait_for_ril: Response already received.
07-08 15:46:26.851   212   212 D dalvikvm: GC_EXPLICIT freed 13K, 44% free 10114K/17799K, paused 9ms+3ms
07-08 15:46:31.125  2222  2224 D dalvikvm: GC_CONCURRENT freed 2094K, 32% free 19940K/28999K, paused 3ms+10ms
07-08 15:46:31.796   340   340 D dalvikvm: GC_EXPLICIT freed 272K, 6% free 9482K/10055K, paused 3ms+3ms
07-08 15:46:33.945  2222  2224 D dalvikvm: GC_CONCURRENT freed 2066K, 32% free 19922K/28999K, paused 4ms+11ms
07-08 15:46:36.101  2222  2224 D dalvikvm: GC_CONCURRENT freed 2049K, 32% free 19920K/28999K, paused 3ms+10ms
07-08 15:46:36.836   424   424 D dalvikvm: GC_EXPLICIT freed 92K, 4% free 9035K/9347K, paused 7ms+8ms
07-08 15:46:37.914  2222  2224 D dalvikvm: GC_CONCURRENT freed 2048K, 32% free 19920K/28999K, paused 4ms+10ms
07-08 15:46:40.375  2222  2224 D dalvikvm: GC_CONCURRENT freed 2049K, 32% free 19919K/28999K, paused 5ms+10ms
07-08 15:46:42.367  2222  2224 D dalvikvm: GC_CONCURRENT freed 2048K, 32% free 19919K/28999K, paused 3ms+10ms
07-08 15:46:43.910   361   361 D dalvikvm: GC_EXPLICIT freed 527K, 23% free 11334K/14599K, paused 7ms+8ms
07-08 15:46:44.441  2222  2224 D dalvikvm: GC_CONCURRENT freed 2047K, 32% free 19920K/28999K, paused 4ms+10ms
07-08 15:46:46.511  2222  2224 D dalvikvm: GC_CONCURRENT freed 2045K, 32% free 19923K/28999K, paused 4ms+9ms
07-08 15:46:48.621  2222  2224 D dalvikvm: GC_CONCURRENT freed 2048K, 32% free 19923K/28999K, paused 4ms+10ms
07-08 15:46:50.894  2222  2224 D dalvikvm: GC_CONCURRENT freed 2056K, 32% free 19914K/28999K, paused 4ms+10ms
07-08 15:46:51.796 13476 13476 D dalvikvm: GC_EXPLICIT freed 339K, 6% free 9052K/9607K, paused 4ms+3ms
07-08 15:46:52.765  2222  2224 D dalvikvm: GC_CONCURRENT freed 2011K, 32% free 19973K/28999K, paused 3ms+10ms
07-08 15:46:53.746   141   458 D AlarmManagerService: Kernel timezone updated to 420 minutes west of GMT
07-08 15:46:54.484  2222  2224 D dalvikvm: GC_CONCURRENT freed 2104K, 32% free 19917K/28999K, paused 4ms+10ms
07-08 15:46:56.074  2222  2224 D dalvikvm: GC_CONCURRENT freed 2047K, 32% free 19917K/28999K, paused 3ms+11ms
07-08 15:46:58.308  2222  2224 D dalvikvm: GC_CONCURRENT freed 2033K, 32% free 19966K/28999K, paused 5ms+9ms
07-08 15:46:58.886 13715 13715 D dalvikvm: GC_EXPLICIT freed 301K, 6% free 10258K/10823K, paused 3ms+3ms
07-08 15:47:00.375  2222 12922 D dalvikvm: GC_FOR_ALLOC freed 1951K, 32% free 19913K/28999K, paused 111ms
07-08 15:47:00.609 13650 13672 D WifiLocator: Too many no-location APs. Will not compute a location nor go to the server. hasLocation=0 noLocation=0 cacheMiss=0
07-08 15:47:02.004  2222  2224 D dalvikvm: GC_CONCURRENT freed 2033K, 32% free 19929K/28999K, paused 3ms+11ms
07-08 15:47:04.027  2222  2224 D dalvikvm: GC_CONCURRENT freed 2053K, 32% free 19923K/28999K, paused 3ms+10ms
07-08 15:47:05.964  2222  2224 D dalvikvm: GC_CONCURRENT freed 2019K, 32% free 19955K/28999K, paused 3ms+9ms
07-08 15:47:08.164  2222  2224 D dalvikvm: GC_CONCURRENT freed 2043K, 32% free 19949K/28999K, paused 4ms+11ms
07-08 15:47:09.933  2222  2224 D dalvikvm: GC_CONCURRENT freed 2026K, 32% free 20006K/28999K, paused 3ms+14ms
07-08 15:47:11.480  2222  2224 D dalvikvm: GC_CONCURRENT freed 2120K, 32% free 19934K/28999K, paused 4ms+10ms
07-08 15:47:13.566  2222  2224 D dalvikvm: GC_CONCURRENT freed 2038K, 32% free 19944K/28999K, paused 3ms+9ms
07-08 15:47:15.543  2222  2224 D dalvikvm: GC_CONCURRENT freed 2051K, 32% free 19940K/28999K, paused 3ms+9ms
07-08 15:47:16.011 13963 13976 I PhoneLab-: Service Running
07-08 15:47:16.089 13963 13976 I PhoneLab-LoggerService: app_38    1226  1     1432   992   c00f181c 400107b4 S logcat
07-08 15:47:16.089 13963 13976 I PhoneLab-LoggerService: Logcat pid from database 1226
07-08 15:47:16.089 13963 13976 I PhoneLab-LoggerService: Logcat process found 1226
07-08 15:47:16.089 13963 13976 I PhoneLab-LoggerService: Checking Threshold
07-08 15:47:16.089 13963 13976 I PhoneLab-LoggerService: Starting to rename files
07-08 15:47:16.089 13963 13976 I PhoneLab-LoggerService: Files found .. 3
07-08 15:47:17.589  2222  2224 D dalvikvm: GC_CONCURRENT freed 2054K, 32% free 19934K/28999K, paused 4ms+11ms
07-08 15:47:19.492  2222  2224 D dalvikvm: GC_CONCURRENT freed 2046K, 32% free 19935K/28999K, paused 3ms+10ms
07-08 15:47:21.242  2222  2224 D dalvikvm: GC_CONCURRENT freed 2048K, 32% free 19935K/28999K, paused 4ms+10ms
07-08 15:47:23.187  2222  2224 D dalvikvm: GC_CONCURRENT freed 2047K, 32% free 19935K/28999K, paused 4ms+10ms
07-08 15:47:24.769   141   382 D AlarmManagerService: Kernel timezone updated to 420 minutes west of GMT
07-08 15:47:25.304  2222  2224 D dalvikvm: GC_CONCURRENT freed 2045K, 32% free 19937K/28999K, paused 6ms+10ms
07-08 15:47:27.359  2222  2224 D dalvikvm: GC_CONCURRENT freed 2051K, 32% free 19933K/28999K, paused 3ms+10ms
07-08 15:47:29.500  2222  2224 D dalvikvm: GC_CONCURRENT freed 2041K, 32% free 19940K/28999K, paused 3ms+10ms
07-08 15:47:31.066  2222  2224 D dalvikvm: GC_CONCURRENT freed 2047K, 32% free 19941K/28999K, paused 3ms+10ms
07-08 15:47:32.949  2222  2224 D dalvikvm: GC_CONCURRENT freed 2033K, 32% free 19982K/28999K, paused 3ms+10ms
07-08 15:47:34.894  2222  2224 D dalvikvm: GC_CONCURRENT freed 2096K, 32% free 19934K/28999K, paused 4ms+10ms
07-08 15:47:36.910  2222  2224 D dalvikvm: GC_CONCURRENT freed 2044K, 32% free 19938K/28999K, paused 3ms+11ms
07-08 15:47:38.863  2222  2224 D dalvikvm: GC_CONCURRENT freed 1984K, 32% free 20004K/28999K, paused 4ms+10ms
07-08 15:47:39.777   141   454 D AlarmManagerService: Kernel timezone updated to 420 minutes west of GMT
07-08 15:47:40.711  2222  2224 D dalvikvm: GC_CONCURRENT freed 2080K, 32% free 19939K/28999K, paused 4ms+11ms
07-08 15:47:42.820  2222  2224 D dalvikvm: GC_CONCURRENT freed 1976K, 32% free 19986K/28999K, paused 4ms+12ms
07-08 15:47:44.476  2222  2224 D dalvikvm: GC_CONCURRENT freed 2098K, 32% free 19936K/28999K, paused 3ms+8ms
07-08 15:47:45.652 13650 13672 D WifiLocator: Too many no-location APs. Will not compute a location nor go to the server. hasLocation=0 noLocation=0 cacheMiss=0
07-08 15:47:46.449  2222  2224 D dalvikvm: GC_CONCURRENT freed 2048K, 32% free 19936K/28999K, paused 4ms+9ms
07-08 15:47:48.695  2222  2224 D dalvikvm: GC_CONCURRENT freed 2046K, 32% free 19937K/28999K, paused 4ms+17ms
07-08 15:47:50.980   141   143 D dalvikvm: GC_CONCURRENT freed 1035K, 24% free 14453K/18823K, paused 6ms+17ms
07-08 15:47:51.043  2222  2224 D dalvikvm: GC_CONCURRENT freed 2046K, 32% free 19939K/28999K, paused 4ms+47ms
07-08 15:47:52.992  2222  2224 D dalvikvm: GC_CONCURRENT freed 2032K, 32% free 19958K/28999K, paused 4ms+11ms
07-08 15:47:55.554  2222  2224 D dalvikvm: GC_CONCURRENT freed 2073K, 32% free 19933K/28999K, paused 4ms+9ms
07-08 15:47:56.781   141   382 D AlarmManagerService: Kernel timezone updated to 420 minutes west of GMT
07-08 15:47:57.515  2222  2224 D dalvikvm: GC_CONCURRENT freed 2049K, 32% free 19931K/28999K, paused 4ms+10ms
07-08 15:47:57.800 13715 13718 D dalvikvm: GC_CONCURRENT freed 427K, 6% free 10260K/10823K, paused 7ms+3ms
07-08 15:47:59.523  2222  2224 D dalvikvm: GC_CONCURRENT freed 2048K, 32% free 19931K/28999K, paused 3ms+11ms
07-08 15:48:01.714  2222  2224 D dalvikvm: GC_CONCURRENT freed 2045K, 32% free 19933K/28999K, paused 4ms+10ms
07-08 15:48:03.550  2222  2224 D dalvikvm: GC_CONCURRENT freed 2049K, 32% free 19932K/28999K, paused 4ms+10ms
07-08 15:48:05.851  2222  2224 D dalvikvm: GC_CONCURRENT freed 2043K, 32% free 19936K/28999K, paused 4ms+13ms
07-08 15:48:07.851  2222  2224 D dalvikvm: GC_CONCURRENT freed 1996K, 32% free 20000K/28999K, paused 3ms+11ms
07-08 15:48:10.144  2222  2224 D dalvikvm: GC_CONCURRENT freed 2103K, 32% free 19959K/28999K, paused 4ms+14ms
07-08 15:48:12.144  2222  2224 D dalvikvm: GC_CONCURRENT freed 2072K, 32% free 19935K/28999K, paused 4ms+10ms
07-08 15:48:14.078  2222  2224 D dalvikvm: GC_CONCURRENT freed 2045K, 32% free 19937K/28999K, paused 4ms+11ms
07-08 15:48:15.500  2222  2224 D dalvikvm: GC_CONCURRENT freed 1988K, 32% free 19997K/28999K, paused 3ms+10ms
07-08 15:48:17.652  2222  2224 D dalvikvm: GC_CONCURRENT freed 2055K, 32% free 19990K/28999K, paused 4ms+10ms
07-08 15:48:19.789  2222  2224 D dalvikvm: GC_CONCURRENT freed 2038K, 31% free 20041K/28999K, paused 4ms+10ms
07-08 15:48:21.773  2222  2224 D dalvikvm: GC_CONCURRENT freed 2091K, 31% free 20048K/28999K, paused 3ms+10ms
07-08 15:48:23.699  2222  2224 D dalvikvm: GC_CONCURRENT freed 2108K, 32% free 19987K/28999K, paused 3ms+14ms
07-08 15:48:25.597  2222  2224 D dalvikvm: GC_CONCURRENT freed 2046K, 32% free 19989K/28999K, paused 4ms+11ms
07-08 15:48:25.804 13650 13652 D dalvikvm: GC_CONCURRENT freed 431K, 6% free 9996K/10567K, paused 2ms+3ms
07-08 15:48:27.730  2222  2224 D dalvikvm: GC_CONCURRENT freed 2048K, 32% free 20002K/28999K, paused 3ms+11ms
07-08 15:48:29.882  2222  2224 D dalvikvm: GC_CONCURRENT freed 2035K, 31% free 20041K/28999K, paused 4ms+10ms
07-08 15:48:30.656 13650 13672 D WifiLocator: Too many no-location APs. Will not compute a location nor go to the server. hasLocation=0 noLocation=0 cacheMiss=0
07-08 15:48:31.976  2222  2224 D dalvikvm: GC_CONCURRENT freed 2085K, 31% free 20011K/28999K, paused 3ms+8ms
07-08 15:48:34.191  2222  2224 D dalvikvm: GC_CONCURRENT freed 2054K, 31% free 20016K/28999K, paused 4ms+10ms
07-08 15:48:36.035  2222  2224 D dalvikvm: GC_CONCURRENT freed 2071K, 32% free 19993K/28999K, paused 4ms+8ms
07-08 15:48:38.152  2222  2224 D dalvikvm: GC_CONCURRENT freed 2052K, 32% free 19989K/28999K, paused 4ms+10ms
07-08 15:48:40.441  2222  2224 D dalvikvm: GC_CONCURRENT freed 2042K, 32% free 19995K/28999K, paused 3ms+10ms
07-08 15:48:42.457  2222  2224 D dalvikvm: GC_CONCURRENT freed 2047K, 32% free 19995K/28999K, paused 6ms+10ms
07-08 15:48:44.171  2222  2224 D dalvikvm: GC_CONCURRENT freed 2048K, 32% free 19996K/28999K, paused 3ms+11ms
07-08 15:48:46.144  2222  2224 D dalvikvm: GC_CONCURRENT freed 2027K, 31% free 20024K/28999K, paused 3ms+14ms
07-08 15:48:47.625  2222  2224 D dalvikvm: GC_CONCURRENT freed 2076K, 32% free 19997K/28999K, paused 4ms+10ms
07-08 15:48:49.644  2222  2224 D dalvikvm: GC_CONCURRENT freed 2051K, 32% free 19993K/28999K, paused 7ms+10ms
07-08 15:48:51.828  2222  2224 D dalvikvm: GC_CONCURRENT freed 2032K, 31% free 20041K/28999K, paused 4ms+9ms
07-08 15:48:53.847  2222  2224 D dalvikvm: GC_CONCURRENT freed 2032K, 31% free 20021K/28999K, paused 4ms+11ms
07-08 15:48:55.839  2222  2224 D dalvikvm: GC_CONCURRENT freed 2015K, 31% free 20053K/28999K, paused 4ms+11ms
07-08 15:48:57.707  2222  2224 D dalvikvm: GC_CONCURRENT freed 2090K, 32% free 20007K/28999K, paused 4ms+11ms
07-08 15:48:58.847 13715 13718 D dalvikvm: GC_CONCURRENT freed 423K, 6% free 10260K/10823K, paused 2ms+12ms
07-08 15:48:59.562  2222  2224 D dalvikvm: GC_CONCURRENT freed 2059K, 32% free 19995K/28999K, paused 3ms+10ms
07-08 15:49:01.336  2222  2224 D dalvikvm: GC_CONCURRENT freed 2047K, 32% free 19996K/28999K, paused 4ms+11ms
07-08 15:49:03.293  2222  2224 D dalvikvm: GC_CONCURRENT freed 2050K, 32% free 19994K/28999K, paused 4ms+10ms
07-08 15:49:05.484  2222  2224 D dalvikvm: GC_CONCURRENT freed 2050K, 32% free 19992K/28999K, paused 3ms+9ms
07-08 15:49:06.328   340   340 D SAN_SERVICE: *******************************************
07-08 15:49:06.328   340   340 D SAN_SERVICE: DM App Phone Service State - 0
07-08 15:49:06.328   340   340 D SAN_SERVICE: *******************************************
07-08 15:49:06.824   340   340 D SAN_SERVICE: *******************************************
07-08 15:49:06.824   340   340 D SAN_SERVICE: DM App Phone Service State - 0
07-08 15:49:06.824   340   340 D SAN_SERVICE: *******************************************
07-08 15:49:07.308  2222  2224 D dalvikvm: GC_CONCURRENT freed 2046K, 32% free 19994K/28999K, paused 3ms+10ms
07-08 15:49:09.925  2222  2224 D dalvikvm: GC_CONCURRENT freed 2044K, 32% free 19998K/28999K, paused 4ms+10ms
07-08 15:49:14.242  2222  2224 D dalvikvm: GC_CONCURRENT freed 2012K, 31% free 20039K/28999K, paused 5ms+10ms
07-08 15:49:15.679 13650 13672 D WifiLocator: Too many no-location APs. Will not compute a location nor go to the server. hasLocation=0 noLocation=0 cacheMiss=0
07-08 15:49:15.683 13650 13672 D CellLocator: Primary cell miss in cache. Need server request.
07-08 15:49:15.742 13650 13668 I System.out: [INFO:763504]: LogSource: Running flush
07-08 15:49:15.746 13650 13671 I System.out: [INFO:763507]: LogSource: Sending payload [bytes=373]
07-08 15:49:16.011 13963 13976 I PhoneLab-: Service Running
07-08 15:49:16.132 13963 13976 I PhoneLab-LoggerService: app_38    1226  1     1432   992   c00f181c 400107b4 S logcat
07-08 15:49:16.132 13963 13976 I PhoneLab-LoggerService: Logcat pid from database 1226
07-08 15:49:16.132 13963 13976 I PhoneLab-LoggerService: Logcat process found 1226
07-08 15:49:16.132 13963 13976 I PhoneLab-LoggerService: Checking Threshold
07-08 15:49:16.136 13963 13976 I PhoneLab-LoggerService: Starting to rename files
07-08 15:49:16.136 13963 13976 I PhoneLab-LoggerService: Files found .. 3
07-08 15:49:16.664  2222  2224 D dalvikvm: GC_CONCURRENT freed 2082K, 32% free 20004K/28999K, paused 4ms+12ms
07-08 15:49:17.425 13650 13671 I System.out: [INFO:765186]: LogSource: Response [http=200,length=88]
07-08 15:49:17.425 13650 13668 I System.out: [INFO:765188]: LogSource: Read id 7, status code 200
07-08 15:49:17.429 13650 13672 D WifiLocator: Too many no-location APs. Will not compute a location nor go to the server. hasLocation=0 noLocation=0 cacheMiss=0
07-08 15:49:18.972  2222  2224 D dalvikvm: GC_CONCURRENT freed 2045K, 32% free 20007K/28999K, paused 4ms+9ms
07-08 15:49:21.191  2222  2224 D dalvikvm: GC_CONCURRENT freed 2053K, 32% free 20002K/28999K, paused 5ms+11ms
07-08 15:49:23.175  2222  2224 D dalvikvm: GC_CONCURRENT freed 2051K, 32% free 19998K/28999K, paused 3ms+10ms
07-08 15:49:25.156  2222  2224 D dalvikvm: GC_CONCURRENT freed 2049K, 32% free 19997K/28999K, paused 3ms+10ms
07-08 15:49:26.668  2222  2224 D dalvikvm: GC_CONCURRENT freed 2048K, 32% free 19997K/28999K, paused 4ms+10ms
07-08 15:49:28.875  2222  2224 D dalvikvm: GC_CONCURRENT freed 1996K, 31% free 20049K/28999K, paused 4ms+11ms
07-08 15:49:29.023   141   143 D dalvikvm: GC_CONCURRENT freed 1233K, 24% free 14457K/18823K, paused 3ms+24ms
07-08 15:49:31.156  2222  2224 D dalvikvm: GC_CONCURRENT freed 2126K, 32% free 19961K/28999K, paused 3ms+9ms
07-08 15:49:32.461  2222  2224 D dalvikvm: GC_CONCURRENT freed 2004K, 32% free 20005K/28999K, paused 3ms+9ms
07-08 15:49:34.082  2222  2224 D dalvikvm: GC_CONCURRENT freed 1923K, 31% free 20125K/28999K, paused 3ms+9ms
07-08 15:49:35.859  2222 12922 D dalvikvm: GC_FOR_ALLOC freed 1749K, 31% free 20179K/28999K, paused 102ms
07-08 15:49:36.984  2222  2224 D dalvikvm: GC_CONCURRENT freed 2081K, 31% free 20143K/28999K, paused 3ms+11ms
07-08 15:49:38.289  2222 12922 D dalvikvm: GC_FOR_ALLOC freed 1185K, 31% free 20107K/28999K, paused 98ms
07-08 15:49:39.363  2222  2224 D dalvikvm: GC_CONCURRENT freed 2035K, 31% free 20154K/28999K, paused 6ms+11ms
07-08 15:49:41.691  2222  2224 D dalvikvm: GC_CONCURRENT freed 2089K, 31% free 20113K/28999K, paused 4ms+13ms
07-08 15:49:41.855   141   381 D AlarmManagerService: Kernel timezone updated to 420 minutes west of GMT
07-08 15:49:44.011  2222  2224 D dalvikvm: GC_CONCURRENT freed 2046K, 31% free 20115K/28999K, paused 3ms+11ms
07-08 15:49:45.855  2222  2224 D dalvikvm: GC_CONCURRENT freed 2046K, 31% free 20117K/28999K, paused 2ms+11ms
07-08 15:49:47.570  2222  2224 D dalvikvm: JIT code cache reset in 5 ms (1048472 bytes 13/0)
07-08 15:49:47.589  2222  2224 D dalvikvm: GC_CONCURRENT freed 1938K, 31% free 20226K/28999K, paused 3ms+16ms
07-08 15:49:49.621  2222 12922 D dalvikvm: GC_FOR_ALLOC freed 1561K, 31% free 20205K/28999K, paused 104ms
07-08 15:49:50.875  2222  2224 D dalvikvm: GC_CONCURRENT freed 1952K, 31% free 20250K/28999K, paused 4ms+11ms
07-08 15:49:53.433  2222  2224 D dalvikvm: GC_CONCURRENT freed 2068K, 31% free 20230K/28999K, paused 6ms+11ms
07-08 15:49:55.589  2222  2224 D dalvikvm: GC_CONCURRENT freed 2035K, 31% free 20242K/28999K, paused 3ms+11ms
07-08 15:49:55.847 13715 13718 D dalvikvm: GC_CONCURRENT freed 427K, 6% free 10261K/10823K, paused 78ms+15ms
07-08 15:49:58.035  2222  2224 D dalvikvm: GC_CONCURRENT freed 2024K, 31% free 20272K/28999K, paused 3ms+10ms
07-08 15:50:00.390  2222  2224 D dalvikvm: GC_CONCURRENT freed 2079K, 31% free 20241K/28999K, paused 3ms+9ms
07-08 15:50:00.777   141   408 D dalvikvm: GC_EXPLICIT freed 562K, 24% free 14331K/18823K, paused 4ms+10ms
07-08 15:50:00.804 13650 13672 D WifiLocator: Too many no-location APs. Will not compute a location nor go to the server. hasLocation=0 noLocation=0 cacheMiss=0
07-08 15:50:00.863   141  2014 D AlarmManagerService: Kernel timezone updated to 420 minutes west of GMT
07-08 15:50:02.726  2222  2224 D dalvikvm: GC_CONCURRENT freed 2019K, 31% free 20241K/28999K, paused 3ms+12ms
07-08 15:50:04.816  2222  2224 D dalvikvm: GC_CONCURRENT freed 2001K, 31% free 20299K/28999K, paused 3ms+10ms
07-08 15:50:06.679  2222  2224 D dalvikvm: GC_CONCURRENT freed 2103K, 31% free 20243K/28999K, paused 5ms+11ms
07-08 15:50:08.796  2222  2224 D dalvikvm: GC_CONCURRENT freed 2035K, 31% free 20285K/28999K, paused 3ms+11ms
07-08 15:50:10.574  2222  2224 D dalvikvm: GC_CONCURRENT freed 2083K, 31% free 20249K/28999K, paused 4ms+9ms
07-08 15:50:12.480  2222  2224 D dalvikvm: GC_CONCURRENT freed 2023K, 31% free 20274K/28999K, paused 3ms+11ms
07-08 15:50:14.589  2222  2224 D dalvikvm: GC_CONCURRENT freed 2049K, 31% free 20272K/28999K, paused 3ms+10ms
07-08 15:50:16.730  2222  2224 D dalvikvm: GC_CONCURRENT freed 2045K, 31% free 20274K/28999K, paused 4ms+11ms
07-08 15:50:17.812 13476 13479 D dalvikvm: GC_CONCURRENT freed 416K, 6% free 9051K/9607K, paused 30ms+3ms
07-08 15:50:18.871  2222  2224 D dalvikvm: GC_CONCURRENT freed 2040K, 31% free 20282K/28999K, paused 3ms+11ms
07-08 15:50:21.070  2222  2224 D dalvikvm: GC_CONCURRENT freed 2055K, 31% free 20276K/28999K, paused 4ms+11ms
07-08 15:50:22.882   340   340 D SAN_SERVICE: *******************************************
07-08 15:50:22.882   340   340 D SAN_SERVICE: DM App Phone Service State - 0
07-08 15:50:22.882   340   340 D SAN_SERVICE: *******************************************
07-08 15:50:23.363  2222  2224 D dalvikvm: GC_CONCURRENT freed 2033K, 31% free 20290K/28999K, paused 7ms+11ms
07-08 15:50:25.355  2222  2224 D dalvikvm: GC_CONCURRENT freed 2064K, 31% free 20274K/28999K, paused 4ms+10ms
07-08 15:50:27.586  2222  2224 D dalvikvm: GC_CONCURRENT freed 2047K, 31% free 20274K/28999K, paused 4ms+11ms
07-08 15:50:29.664  2222  2224 D dalvikvm: GC_CONCURRENT freed 2047K, 31% free 20275K/28999K, paused 4ms+12ms
07-08 15:50:31.781  2222  2224 D dalvikvm: GC_CONCURRENT freed 2027K, 30% free 20300K/28999K, paused 3ms+11ms
07-08 15:50:34.000  2222  2224 D dalvikvm: GC_CONCURRENT freed 2067K, 31% free 20281K/28999K, paused 3ms+11ms
07-08 15:50:36.089  2222  2224 D dalvikvm: GC_CONCURRENT freed 2052K, 31% free 20277K/28999K, paused 4ms+10ms
07-08 15:50:38.238  2222  2224 D dalvikvm: GC_CONCURRENT freed 1997K, 30% free 20325K/28999K, paused 5ms+10ms
07-08 15:50:40.421  2222  2224 D dalvikvm: GC_CONCURRENT freed 2071K, 30% free 20302K/28999K, paused 3ms+11ms
07-08 15:50:42.457  2222  2224 D dalvikvm: GC_CONCURRENT freed 2048K, 30% free 20301K/28999K, paused 4ms+11ms
07-08 15:50:44.761  2222  2224 D dalvikvm: GC_CONCURRENT freed 2032K, 30% free 20303K/28999K, paused 4ms+10ms
07-08 15:50:45.859 13650 13672 D WifiLocator: Too many no-location APs. Will not compute a location nor go to the server. hasLocation=0 noLocation=0 cacheMiss=0
07-08 15:50:45.859 13650 13672 D CellLocator: Primary cell miss in cache. Need server request.
07-08 15:50:45.902 13650 13668 I System.out: [INFO:853664]: LogSource: Running flush
07-08 15:50:45.906 13650 13670 I System.out: [INFO:853667]: LogSource: Sending payload [bytes=389]
07-08 15:50:46.359 13650 13670 I System.out: [INFO:854122]: LogSource: Response [http=200,length=88]
07-08 15:50:46.363 13650 13668 I System.out: [INFO:854124]: LogSource: Read id 8, status code 200
07-08 15:50:46.367 13650 13672 D WifiLocator: Too many no-location APs. Will not compute a location nor go to the server. hasLocation=0 noLocation=0 cacheMiss=0
07-08 15:50:46.929  2222  2224 D dalvikvm: GC_CONCURRENT freed 2048K, 30% free 20303K/28999K, paused 4ms+12ms
07-08 15:50:49.230  2222  2224 D dalvikvm: GC_CONCURRENT freed 2024K, 30% free 20329K/28999K, paused 4ms+9ms
07-08 15:50:51.343  2222  2224 D dalvikvm: GC_CONCURRENT freed 2074K, 30% free 20303K/28999K, paused 4ms+10ms
07-08 15:50:53.082 13715 13718 D dalvikvm: GC_CONCURRENT freed 422K, 6% free 10263K/10823K, paused 31ms+2ms
07-08 15:50:53.425  2222  2224 D dalvikvm: GC_CONCURRENT freed 2046K, 30% free 20305K/28999K, paused 3ms+11ms
07-08 15:50:55.089  2222  2224 D dalvikvm: GC_CONCURRENT freed 2045K, 30% free 20308K/28999K, paused 5ms+10ms
07-08 15:50:57.402  2222  2224 D dalvikvm: GC_CONCURRENT freed 2048K, 30% free 20308K/28999K, paused 4ms+12ms
07-08 15:50:59.086  2222  2224 D dalvikvm: GC_CONCURRENT freed 2047K, 30% free 20309K/28999K, paused 4ms+11ms
07-08 15:51:01.336  2222  2224 D dalvikvm: GC_CONCURRENT freed 2038K, 30% free 20357K/28999K, paused 4ms+10ms
07-08 15:51:03.504  2222  2224 D dalvikvm: GC_CONCURRENT freed 2096K, 30% free 20309K/28999K, paused 4ms+10ms
07-08 15:51:05.703  2222  2224 D dalvikvm: GC_CONCURRENT freed 2046K, 30% free 20310K/28999K, paused 4ms+11ms
07-08 15:51:07.961  2222  2224 D dalvikvm: GC_CONCURRENT freed 2016K, 30% free 20363K/28999K, paused 4ms+10ms
07-08 15:51:09.656   340   340 D SAN_SERVICE: *******************************************
07-08 15:51:09.656   340   340 D SAN_SERVICE: DM App Phone Service State - 0
07-08 15:51:09.656   340   340 D SAN_SERVICE: *******************************************
07-08 15:51:09.691  2222  2224 D dalvikvm: GC_CONCURRENT freed 2074K, 30% free 20336K/28999K, paused 3ms+27ms
07-08 15:51:09.871   340   340 D SAN_SERVICE: *******************************************
07-08 15:51:09.871   340   340 D SAN_SERVICE: DM App Phone Service State - 0
07-08 15:51:09.871   340   340 D SAN_SERVICE: *******************************************
07-08 15:51:09.914   141   325 D AlarmManagerService: Kernel timezone updated to 420 minutes west of GMT
07-08 15:51:09.961   340   342 D dalvikvm: GC_CONCURRENT freed 454K, 6% free 9466K/10055K, paused 3ms+4ms
07-08 15:51:12.066  2222  2224 D dalvikvm: GC_CONCURRENT freed 2046K, 30% free 20347K/28999K, paused 4ms+9ms
07-08 15:51:14.140  2222  2224 D dalvikvm: GC_CONCURRENT freed 2057K, 30% free 20331K/28999K, paused 6ms+10ms
07-08 15:51:16.011 13963 13976 I PhoneLab-: Service Running
07-08 15:51:16.031  2222  2224 D dalvikvm: GC_CONCURRENT freed 2073K, 30% free 20306K/28999K, paused 3ms+11ms
07-08 15:51:16.207 13963 13976 I PhoneLab-LoggerService: app_38    1226  1     1432   992   c00f181c 400107b4 S logcat
07-08 15:51:16.207 13963 13976 I PhoneLab-LoggerService: Logcat pid from database 1226
07-08 15:51:16.207 13963 13976 I PhoneLab-LoggerService: Logcat process found 1226
07-08 15:51:16.207 13963 13976 I PhoneLab-LoggerService: Checking Threshold
07-08 15:51:16.207 13963 13976 I PhoneLab-LoggerService: Starting to rename files
07-08 15:51:16.207 13963 13976 I PhoneLab-LoggerService: Files found .. 3
07-08 15:51:18.316  2222  2224 D dalvikvm: GC_CONCURRENT freed 2020K, 30% free 20352K/28999K, paused 3ms+9ms
07-08 15:51:20.433   340   340 D SAN_SERVICE: *******************************************
07-08 15:51:20.433   340   340 D SAN_SERVICE: DM App Phone Service State - 0
07-08 15:51:20.433   340   340 D SAN_SERVICE: *******************************************
07-08 15:51:20.652  2222  2224 D dalvikvm: GC_CONCURRENT freed 2090K, 30% free 20309K/28999K, paused 46ms+12ms
07-08 15:51:20.902   340   340 D SAN_SERVICE: *******************************************
07-08 15:51:20.902   340   340 D SAN_SERVICE: DM App Phone Service State - 0
07-08 15:51:20.902   340   340 D SAN_SERVICE: *******************************************
07-08 15:51:22.921   340   340 D SAN_SERVICE: *******************************************
07-08 15:51:22.921   340   340 D SAN_SERVICE: DM App Phone Service State - 0
07-08 15:51:22.921   340   340 D SAN_SERVICE: *******************************************
07-08 15:51:23.019   340   340 D SAN_SERVICE: *******************************************
07-08 15:51:23.019   340   340 D SAN_SERVICE: DM App Phone Service State - 0
07-08 15:51:23.019   340   340 D SAN_SERVICE: *******************************************
07-08 15:51:23.132  2222  2224 D dalvikvm: GC_CONCURRENT freed 2002K, 30% free 20363K/28999K, paused 5ms+11ms
07-08 15:51:24.171   340   340 D SAN_SERVICE: *******************************************
07-08 15:51:24.171   340   340 D SAN_SERVICE: DM App Phone Service State - 0
07-08 15:51:24.171   340   340 D SAN_SERVICE: *******************************************
07-08 15:51:24.515 13715 13718 D dalvikvm: GC_CONCURRENT freed 435K, 5% free 10292K/10823K, paused 23ms+3ms
07-08 15:51:24.902   340   340 D SAN_SERVICE: *******************************************
07-08 15:51:24.902   340   340 D SAN_SERVICE: DM App Phone Service State - 0
07-08 15:51:24.902   340   340 D SAN_SERVICE: *******************************************
07-08 15:51:25.343  2222  2224 D dalvikvm: GC_CONCURRENT freed 2088K, 30% free 20323K/28999K, paused 4ms+11ms
07-08 15:51:25.402   340   340 D SAN_SERVICE: *******************************************
07-08 15:51:25.402   340   340 D SAN_SERVICE: DM App Phone Service State - 0
07-08 15:51:25.402   340   340 D SAN_SERVICE: *******************************************
07-08 15:51:25.914   340   340 D SAN_SERVICE: *******************************************
07-08 15:51:25.914   340   340 D SAN_SERVICE: DM App Phone Service State - 0
07-08 15:51:25.914   340   340 D SAN_SERVICE: *******************************************
07-08 15:51:26.687   340   340 D SAN_SERVICE: *******************************************
07-08 15:51:26.687   340   340 D SAN_SERVICE: DM App Phone Service State - 0
07-08 15:51:26.687   340   340 D SAN_SERVICE: *******************************************
07-08 15:51:26.918   340   340 D SAN_SERVICE: *******************************************
07-08 15:51:26.918   340   340 D SAN_SERVICE: DM App Phone Service State - 0
07-08 15:51:26.918   340   340 D SAN_SERVICE: *******************************************
07-08 15:51:27.519  2222  2224 D dalvikvm: GC_CONCURRENT freed 2047K, 30% free 20323K/28999K, paused 2ms+11ms
07-08 15:51:27.711   141   143 D dalvikvm: GC_CONCURRENT freed 1073K, 24% free 14462K/18823K, paused 3ms+21ms
07-08 15:51:29.289  2222  2224 D dalvikvm: GC_CONCURRENT freed 1979K, 30% free 20406K/28999K, paused 3ms+10ms
07-08 15:51:30.921 13650 13672 D WifiLocator: Too many no-location APs. Will not compute a location nor go to the server. hasLocation=0 noLocation=0 cacheMiss=0
07-08 15:51:30.925 13650 13672 D CellLocator: Primary cell miss in cache. Need server request.
07-08 15:51:30.961 13650 13668 I System.out: [INFO:898724]: LogSource: Running flush
07-08 15:51:30.968 13650 13671 I System.out: [INFO:898730]: LogSource: Sending payload [bytes=363]
07-08 15:51:31.207 13650 13671 I System.out: [INFO:898967]: LogSource: Response [http=200,length=88]
07-08 15:51:31.242 13650 13668 I System.out: [INFO:898987]: LogSource: Read id 9, status code 200
07-08 15:51:31.257 13650 13672 D WifiLocator: Too many no-location APs. Will not compute a location nor go to the server. hasLocation=0 noLocation=0 cacheMiss=0
07-08 15:51:31.671  2222  2224 D dalvikvm: GC_CONCURRENT freed 2110K, 30% free 20344K/28999K, paused 3ms+10ms
07-08 15:51:33.961  2222 12922 D dalvikvm: GC_FOR_ALLOC freed 1908K, 30% free 20341K/28999K, paused 118ms
07-08 15:51:34.968  2222  2224 D dalvikvm: GC_CONCURRENT freed 2001K, 30% free 20388K/28999K, paused 3ms+11ms
07-08 15:51:37.015  2222  2224 D dalvikvm: GC_CONCURRENT freed 1984K, 30% free 20447K/28999K, paused 4ms+15ms
07-08 15:51:37.367   141   157 V BackupManagerService: Running a backup pass
07-08 15:51:37.371   141   211 V BackupManagerService: clearing pending backups
07-08 15:51:37.371   141   211 V PerformBackupTask: Beginning backup of 1 targets
07-08 15:51:37.613   141   211 D PerformBackupTask: processOneBackup doBackup() on @pm@
07-08 15:51:37.636   141   211 V BackupServiceBinder: doBackup() invoked
07-08 15:51:37.648   141   211 I PerformBackupTask: no backup data written; not calling transport
07-08 15:51:37.652   141   211 D PerformBackupTask: starting agent for backup of BackupRequest{pkg=com.android.providers.settings}
07-08 15:51:37.656   141   157 V ActivityThread: handleCreateBackupAgent: CreateBackupAgentData{appInfo=ApplicationInfo{414682c8 com.android.providers.settings} backupAgent=com.android.providers.settings.SettingsBackupAgent mode=0}
07-08 15:51:37.656   141   157 V ActivityThread: Initializing agent class com.android.providers.settings.SettingsBackupAgent
07-08 15:51:37.656   141   157 D SettingsBackupAgent: onCreate() invoked
07-08 15:51:37.656   141   211 D BackupManagerService: awaiting agent for ApplicationInfo{414682c8 com.android.providers.settings}
07-08 15:51:37.660   141   157 D BackupManagerService: agentConnected pkg=com.android.providers.settings agent=android.app.backup.BackupAgent$BackupServiceBinder@413282f8
07-08 15:51:37.671   141   211 D PerformBackupTask: processOneBackup doBackup() on com.android.providers.settings
07-08 15:51:37.683   141   211 V BackupServiceBinder: doBackup() invoked
07-08 15:51:37.914   141   157 V ActivityThread: handleDestroyBackupAgent: CreateBackupAgentData{appInfo=ApplicationInfo{414682c8 com.android.providers.settings} backupAgent=com.android.providers.settings.SettingsBackupAgent mode=0}
07-08 15:51:37.925   141   211 V LocalTransport: performBackup() pkg=com.android.providers.settings
07-08 15:51:37.941   141   211 V LocalTransport: Got change set key=system size=983 key64=c3lzdGVt
07-08 15:51:37.941   141   211 V LocalTransport:   data size 983
07-08 15:51:37.945   141   211 V LocalTransport: finishBackup()
07-08 15:51:37.949   141   211 I PerformBackupTask: Backup pass finished.
07-08 15:51:39.105  2222  2224 D dalvikvm: GC_CONCURRENT freed 2048K, 30% free 20449K/28999K, paused 4ms+9ms
07-08 15:51:41.257  2222  2224 D dalvikvm: GC_CONCURRENT freed 2039K, 30% free 20468K/28999K, paused 4ms+10ms
07-08 15:51:43.004  2222  2224 D dalvikvm: GC_CONCURRENT freed 2050K, 30% free 20471K/28999K, paused 4ms+13ms
07-08 15:51:44.929  2222  2224 D dalvikvm: GC_CONCURRENT freed 2043K, 30% free 20497K/28999K, paused 4ms+15ms
07-08 15:51:47.000  2222  2224 D dalvikvm: GC_CONCURRENT freed 2107K, 30% free 20438K/28999K, paused 3ms+11ms
07-08 15:51:49.105  2222  2224 D dalvikvm: GC_CONCURRENT freed 2045K, 30% free 20441K/28999K, paused 3ms+10ms
07-08 15:51:49.679   340   340 D SAN_SERVICE: *******************************************
07-08 15:51:49.679   340   340 D SAN_SERVICE: DM App Phone Service State - 0
07-08 15:51:49.679   340   340 D SAN_SERVICE: *******************************************
07-08 15:51:49.918   340   340 D SAN_SERVICE: *******************************************
07-08 15:51:49.918   340   340 D SAN_SERVICE: DM App Phone Service State - 0
07-08 15:51:49.918   340   340 D SAN_SERVICE: *******************************************
07-08 15:51:51.394  2222  2224 D dalvikvm: GC_CONCURRENT freed 2044K, 30% free 20444K/28999K, paused 4ms+10ms
07-08 15:51:52.921   141   141 D AlarmManagerService: Kernel timezone updated to 420 minutes west of GMT
07-08 15:51:53.683  2222  2224 D dalvikvm: GC_CONCURRENT freed 2048K, 30% free 20443K/28999K, paused 3ms+10ms
07-08 15:51:54.933   340   340 D SAN_SERVICE: *******************************************
07-08 15:51:54.933   340   340 D SAN_SERVICE: DM App Phone Service State - 0
07-08 15:51:54.933   340   340 D SAN_SERVICE: *******************************************
07-08 15:51:54.984   340   340 D SAN_SERVICE: *******************************************
07-08 15:51:54.984   340   340 D SAN_SERVICE: DM App Phone Service State - 0
07-08 15:51:54.984   340   340 D SAN_SERVICE: *******************************************
07-08 15:51:56.171  2222  2224 D dalvikvm: GC_CONCURRENT freed 2026K, 30% free 20465K/28999K, paused 4ms+10ms
07-08 15:51:58.621    81   121 D AudioHardware: AudioHardware pcm playback is exiting standby.
07-08 15:51:58.621    81   121 D AudioHardware: openPcmOut_l() mPcmOpenCnt: 0
07-08 15:51:58.648   141   382 W InputManagerService: Window already focused, ignoring focus gain of: com.android.internal.view.IInputMethodClient$Stub$Proxy@417c8d80
07-08 15:51:59.898  2222  2224 D dalvikvm: GC_CONCURRENT freed 2061K, 30% free 20451K/28999K, paused 3ms+11ms
07-08 15:52:01.718    81   121 D AudioHardware: AudioHardware pcm playback is going to standby.
07-08 15:52:01.718    81   121 D AudioHardware: closePcmOut_l() mPcmOpenCnt: 1
07-08 15:52:02.035  2222  2224 D dalvikvm: GC_CONCURRENT freed 2054K, 30% free 20446K/28999K, paused 4ms+10ms
07-08 15:52:03.000 13650 13870 I EventLogService: Aggregate from 1341786122600 (log), 1341786122600 (data)
07-08 15:52:03.109 13650 13652 D dalvikvm: GC_CONCURRENT freed 414K, 6% free 10025K/10567K, paused 22ms+4ms
07-08 15:52:04.058  2222  2224 D dalvikvm: GC_CONCURRENT freed 2024K, 30% free 20472K/28999K, paused 4ms+9ms
07-08 15:52:05.179   340   340 D SAN_SERVICE: *******************************************
07-08 15:52:05.179   340   340 D SAN_SERVICE: DM App Phone Service State - 0
07-08 15:52:05.179   340   340 D SAN_SERVICE: *******************************************
07-08 15:52:05.925   340   340 D SAN_SERVICE: *******************************************
07-08 15:52:05.925   340   340 D SAN_SERVICE: DM App Phone Service State - 0
07-08 15:52:05.925   340   340 D SAN_SERVICE: *******************************************
07-08 15:52:05.976  2222  2224 D dalvikvm: GC_CONCURRENT freed 2069K, 30% free 20470K/28999K, paused 4ms+23ms
07-08 15:52:08.043  2222  2224 D dalvikvm: GC_CONCURRENT freed 2048K, 30% free 20480K/28999K, paused 3ms+9ms
07-08 15:52:09.894  2222  2224 D dalvikvm: GC_CONCURRENT freed 2062K, 30% free 20466K/28999K, paused 4ms+18ms
07-08 15:52:10.847 13715 13718 D dalvikvm: GC_CONCURRENT freed 441K, 6% free 10243K/10823K, paused 32ms+3ms
07-08 15:52:12.222  2222  2224 D dalvikvm: GC_CONCURRENT freed 2052K, 30% free 20461K/28999K, paused 5ms+11ms
07-08 15:52:14.332  2222  2224 D dalvikvm: GC_CONCURRENT freed 2047K, 30% free 20462K/28999K, paused 7ms+9ms
07-08 15:52:15.886 13650 13672 D WifiLocator: Too many no-location APs. Will not compute a location nor go to the server. hasLocation=0 noLocation=0 cacheMiss=0
07-08 15:52:15.886 13650 13672 D CellLocator: Primary cell miss in cache. Need server request.
07-08 15:52:15.953 13650 13668 I System.out: [INFO:943714]: LogSource: Running flush
07-08 15:52:15.961 13650 13669 I System.out: [INFO:943722]: LogSource: Sending payload [bytes=378]
07-08 15:52:16.140 13650 13669 I System.out: [INFO:943901]: LogSource: Response [http=200,length=88]
07-08 15:52:16.140 13650 13668 I System.out: [INFO:943902]: LogSource: Read id 10, status code 200
07-08 15:52:16.156 13650 13672 D WifiLocator: Too many no-location APs. Will not compute a location nor go to the server. hasLocation=0 noLocation=0 cacheMiss=0
07-08 15:52:16.605  2222  2224 D dalvikvm: GC_CONCURRENT freed 2047K, 30% free 20463K/28999K, paused 4ms+8ms
07-08 15:52:19.093  2222  2224 D dalvikvm: GC_CONCURRENT freed 2026K, 30% free 20491K/28999K, paused 4ms+10ms
07-08 15:52:20.871   141   143 D dalvikvm: GC_CONCURRENT freed 1260K, 24% free 14437K/18823K, paused 12ms+23ms
07-08 15:52:21.316  2222  2224 D dalvikvm: GC_CONCURRENT freed 2078K, 30% free 20460K/28999K, paused 3ms+9ms
07-08 15:52:23.254  2222  2224 D dalvikvm: GC_CONCURRENT freed 2048K, 30% free 20460K/28999K, paused 5ms+10ms
07-08 15:52:25.125  2222  2224 D dalvikvm: GC_CONCURRENT freed 2046K, 30% free 20462K/28999K, paused 4ms+10ms
07-08 15:52:26.699   340   340 D SAN_SERVICE: *******************************************
07-08 15:52:26.699   340   340 D SAN_SERVICE: DM App Phone Service State - 0
07-08 15:52:26.699   340   340 D SAN_SERVICE: *******************************************
07-08 15:52:26.941   340   340 D SAN_SERVICE: *******************************************
07-08 15:52:26.941   340   340 D SAN_SERVICE: DM App Phone Service State - 0
07-08 15:52:26.941   340   340 D SAN_SERVICE: *******************************************
07-08 15:52:27.168  2222  2224 D dalvikvm: GC_CONCURRENT freed 2047K, 30% free 20463K/28999K, paused 4ms+9ms
07-08 15:52:27.953   141   408 D AlarmManagerService: Kernel timezone updated to 420 minutes west of GMT
07-08 15:52:27.961   340   340 D SystemClock: Setting time of day to sec=1341787948
07-08 15:52:28.073   141   158 I ActivityManager: Start proc com.android.calendar for broadcast com.android.calendar/.widget.CalendarAppWidgetService$CalendarFactory: pid=14220 uid=10005 gids={3003}
07-08 15:52:28.194 14220 14220 I ActivityThread: Pub com.android.calendar.CalendarRecentSuggestionsProvider: com.android.calendar.CalendarRecentSuggestionsProvider
07-08 15:52:28.277   141  2006 I ActivityManager: Start proc com.android.deskclock for broadcast com.android.deskclock/.AlarmInitReceiver: pid=14236 uid=10011 gids={}
07-08 15:52:28.323   141   152 I ActivityManager: Start proc com.android.providers.calendar for content provider com.android.providers.calendar/.CalendarProvider2: pid=14245 uid=10006 gids={3003, 1015}
07-08 15:52:28.402 14236 14236 I ActivityThread: Pub com.android.deskclock: com.android.deskclock.AlarmProvider
07-08 15:52:28.460 14245 14245 I ActivityThread: Pub com.android.calendar: com.android.providers.calendar.CalendarProvider2
07-08 15:52:28.530 14236 14262 V AlarmClock: AlarmInitReceiver finished
07-08 15:52:29.027   141   408 D AlarmManagerService: Kernel timezone updated to 420 minutes west of GMT
07-08 15:52:29.066   340   342 D dalvikvm: GC_CONCURRENT freed 406K, 6% free 9463K/10055K, paused 3ms+5ms
07-08 15:52:29.515 13963 13963 I PhoneLab-Locks: wake lock acquired
07-08 15:52:29.538 13963 13963 I PhoneLab-StatusMonitor: Status Monitoring is started
07-08 15:52:29.609 13963 13965 D dalvikvm: GC_CONCURRENT freed 431K, 6% free 9101K/9607K, paused 2ms+3ms
07-08 15:52:29.745 14245 14245 I CalendarProvider2: Sending notification intent: Intent { act=android.intent.action.PROVIDER_CHANGED dat=content://com.android.calendar }
07-08 15:52:29.804  2222  2224 D dalvikvm: GC_CONCURRENT freed 2050K, 30% free 20461K/28999K, paused 4ms+14ms
07-08 15:52:29.862 13963 13963 I PhoneLab-StatusMonitor: Value: 10 - unit: min
07-08 15:52:29.862 13963 13963 I PhoneLab-StatusMonitor: Running interval: 600000
07-08 15:52:29.890 13963 13963 I PhoneLab-StatusMonitor: Rescheduling status monitoring...
07-08 15:52:29.890 13963 13963 I PhoneLab-Locks: wake lock released
07-08 15:52:29.894 13963 13965 D dalvikvm: GC_CONCURRENT freed 351K, 5% free 9264K/9735K, paused 2ms+3ms
07-08 15:52:29.902 13963 13963 I PhoneLab-StatusMonitorLocation: Learning Location
07-08 15:52:29.902 13963 13963 I PhoneLab-Locks: wake lock acquired
07-08 15:52:29.933 14245 14245 W ContentResolver: Failed to get type for: content://com.android.calendar (Unknown URL content://com.android.calendar)
07-08 15:52:29.995 13963 13963 I PhoneLab-Locks: wake lock acquired
07-08 15:52:30.007 13963 13963 I PhoneLab-StatusMonitorLocation: Learning Signal Strgth
07-08 15:52:30.007 13963 13963 I PhoneLab-Locks: wake lock acquired
07-08 15:52:30.030 13650 13677 D androidNetworkLocationListeners: Still have listener com.google.android.location.internal.client.NetworkLocationClient$1@412fe318
07-08 15:52:30.050 13650 13677 D androidNetworkLocationListeners: Still have listener com.google.android.location.internal.client.NetworkLocationClient$1@412fe318
07-08 15:52:30.054 13650 13672 D WifiLocator: Too many no-location APs. Will not compute a location nor go to the server. hasLocation=0 noLocation=0 cacheMiss=0
07-08 15:52:30.054 13650 13672 D CellLocator: Primary cell miss in cache. Need server request.
07-08 15:52:30.062 13963 13963 I PhoneLab-StatusMonitorBattery: Battery_level: 53
07-08 15:52:30.062 13963 13963 I PhoneLab-Locks: wake lock released
07-08 15:52:30.069 13963 13963 I PhoneLab-StatusMonitorSignal: Signal_Strength: -86 asu: 14
07-08 15:52:30.069 13963 13963 I PhoneLab-Locks: wake lock released
07-08 15:52:30.101 13650 13672 D WifiLocator: Too many no-location APs. Will not compute a location nor go to the server. hasLocation=0 noLocation=0 cacheMiss=0
07-08 15:52:30.101 13650 13672 D CellLocator: Primary cell miss in cache. Need server request.
07-08 15:52:30.101 13650 13668 I System.out: [INFO:957863]: LogSource: Running flush
07-08 15:52:30.132 13650 13670 I System.out: [INFO:957893]: LogSource: Sending payload [bytes=380]
07-08 15:52:30.202 13650 13652 D dalvikvm: GC_CONCURRENT freed 311K, 5% free 10129K/10631K, paused 14ms+10ms
07-08 15:52:31.538 13650 13670 I System.out: [INFO:959303]: LogSource: Response [http=200,length=88]
07-08 15:52:31.558 13650 13668 I System.out: [INFO:959319]: LogSource: Read id 11, status code 200
07-08 15:52:31.562 13650 13672 D WifiLocator: Too many no-location APs. Will not compute a location nor go to the server. hasLocation=0 noLocation=0 cacheMiss=0
07-08 15:52:31.589 13650 13677 D androidNetworkLocationListeners: Still have listener com.google.android.location.internal.client.NetworkLocationClient$1@412fe318
07-08 15:52:31.593 13963 13963 I PhoneLab-StatusMonitorLocation: Location_Latitude: 37.111891 Longitude: -121.9739393 Accuracy: 1527.0
07-08 15:52:31.593 13963 13963 I PhoneLab-Locks: wake lock released
07-08 15:52:31.612 13650 13672 D WifiLocator: Too many no-location APs. Will not compute a location nor go to the server. hasLocation=0 noLocation=0 cacheMiss=0
07-08 15:52:32.171  2222  2224 D dalvikvm: GC_CONCURRENT freed 2018K, 30% free 20481K/28999K, paused 5ms+10ms
07-08 15:52:34.280  2222  2224 D dalvikvm: GC_CONCURRENT freed 2069K, 30% free 20460K/28999K, paused 4ms+9ms
07-08 15:52:35.995   212   214 D dalvikvm: GC_CONCURRENT freed 332K, 43% free 10167K/17799K, paused 3ms+6ms
07-08 15:52:36.519  2222  2224 D dalvikvm: GC_CONCURRENT freed 2051K, 30% free 20457K/28999K, paused 4ms+10ms
07-08 15:52:38.530   340   340 D SAN_SERVICE: *******************************************
07-08 15:52:38.530   340   340 D SAN_SERVICE: DM App Phone Service State - 0
07-08 15:52:38.530   340   340 D SAN_SERVICE: *******************************************
07-08 15:52:38.714  2222  2224 D dalvikvm: GC_CONCURRENT freed 2043K, 30% free 20463K/28999K, paused 21ms+11ms
07-08 15:52:38.800   340   340 D SAN_SERVICE: *******************************************
07-08 15:52:38.800   340   340 D SAN_SERVICE: DM App Phone Service State - 0
07-08 15:52:38.800   340   340 D SAN_SERVICE: *******************************************
07-08 15:52:41.265  2222  2224 D dalvikvm: GC_CONCURRENT freed 2023K, 30% free 20485K/28999K, paused 4ms+9ms
07-08 15:52:42.948  2222  2224 D dalvikvm: GC_CONCURRENT freed 2072K, 30% free 20461K/28999K, paused 3ms+10ms
07-08 15:52:44.851  2222  2224 D dalvikvm: GC_CONCURRENT freed 2043K, 30% free 20466K/28999K, paused 4ms+10ms
07-08 15:52:47.116  2222  2224 D dalvikvm: GC_CONCURRENT freed 2008K, 30% free 20509K/28999K, paused 4ms+8ms
07-08 15:52:48.015  2222  2224 D dalvikvm: GC_CONCURRENT freed 2069K, 30% free 20488K/28999K, paused 3ms+9ms
07-08 15:52:50.159  2222  2224 D dalvikvm: GC_CONCURRENT freed 2027K, 30% free 20511K/28999K, paused 5ms+9ms
07-08 15:52:51.862  2222  2224 D dalvikvm: GC_CONCURRENT freed 2081K, 30% free 20479K/28999K, paused 3ms+10ms
07-08 15:52:54.077  2222  2224 D dalvikvm: GC_CONCURRENT freed 2045K, 30% free 20502K/28999K, paused 3ms+9ms
07-08 15:52:56.581   340   340 D SAN_SERVICE: *******************************************
07-08 15:52:56.581   340   340 D SAN_SERVICE: DM App Phone Service State - 0
07-08 15:52:56.581   340   340 D SAN_SERVICE: *******************************************
07-08 15:52:57.023   340   340 D SAN_SERVICE: *******************************************
07-08 15:52:57.023   340   340 D SAN_SERVICE: DM App Phone Service State - 0
07-08 15:52:57.023   340   340 D SAN_SERVICE: *******************************************
07-08 15:52:58.210  2222  2224 D dalvikvm: GC_CONCURRENT freed 2051K, 30% free 20512K/28999K, paused 4ms+13ms
07-08 15:53:01.706  2222  2224 D dalvikvm: GC_CONCURRENT freed 2069K, 30% free 20490K/28999K, paused 3ms+11ms
07-08 15:53:03.698  2222  2224 D dalvikvm: GC_CONCURRENT freed 2051K, 30% free 20487K/28999K, paused 3ms+9ms
07-08 15:53:05.554  2222  2224 D dalvikvm: GC_CONCURRENT freed 2047K, 30% free 20487K/28999K, paused 5ms+11ms
07-08 15:53:07.769  2222  2224 D dalvikvm: GC_CONCURRENT freed 2046K, 30% free 20489K/28999K, paused 11ms+13ms
07-08 15:53:10.319 13715 13718 D dalvikvm: GC_CONCURRENT freed 434K, 6% free 10250K/10823K, paused 77ms+3ms
07-08 15:53:11.265  2222  2224 D dalvikvm: GC_CONCURRENT freed 1929K, 29% free 20596K/28999K, paused 4ms+10ms
07-08 15:53:13.093 14074 14077 D dalvikvm: GC_CONCURRENT freed 422K, 6% free 9434K/9991K, paused 6ms+7ms
07-08 15:53:15.359  2222  2224 D dalvikvm: GC_CONCURRENT freed 2016K, 29% free 20624K/28999K, paused 5ms+9ms
07-08 15:53:16.073 13963 13976 I PhoneLab-: Service Running
07-08 15:53:16.198 13963 13976 I PhoneLab-LoggerService: app_38    1226  1     1432   992   c00f181c 400107b4 S logcat
07-08 15:53:16.210 13963 13976 I PhoneLab-LoggerService: Logcat pid from database 1226
07-08 15:53:16.210 13963 13976 I PhoneLab-LoggerService: Logcat process found 1226
07-08 15:53:16.210 13963 13976 I PhoneLab-LoggerService: Checking Threshold
07-08 15:53:16.214 13963 13976 I PhoneLab-LoggerService: Starting to rename files
07-08 15:53:16.214 13963 13976 I PhoneLab-LoggerService: Files found .. 3
07-08 15:53:16.663 13650 13672 D WifiLocator: Too many no-location APs. Will not compute a location nor go to the server. hasLocation=0 noLocation=0 cacheMiss=0
07-08 15:53:19.019  2222  2224 D dalvikvm: GC_CONCURRENT freed 1965K, 29% free 20707K/28999K, paused 3ms+10ms
07-08 15:53:20.898  2222  2224 D dalvikvm: GC_CONCURRENT freed 2046K, 29% free 20699K/28999K, paused 4ms+13ms
07-08 15:53:23.054  2222  2224 D dalvikvm: GC_CONCURRENT freed 2097K, 29% free 20649K/28999K, paused 3ms+11ms
07-08 15:53:25.073   141   143 D dalvikvm: GC_CONCURRENT freed 1222K, 24% free 14445K/18823K, paused 4ms+26ms
07-08 15:53:25.163  2222  2224 D dalvikvm: GC_CONCURRENT freed 2041K, 29% free 20655K/28999K, paused 3ms+11ms
07-08 15:53:27.159  2222  2224 D dalvikvm: GC_CONCURRENT freed 2027K, 29% free 20683K/28999K, paused 4ms+9ms
07-08 15:53:28.632  2222  2224 D dalvikvm: GC_CONCURRENT freed 2073K, 29% free 20657K/28999K, paused 3ms+8ms
07-08 15:53:30.050   141   325 D AlarmManagerService: Kernel timezone updated to 420 minutes west of GMT
07-08 15:53:30.280  2222  2224 D dalvikvm: GC_CONCURRENT freed 2104K, 29% free 20601K/28999K, paused 4ms+11ms
07-08 15:53:32.265  2222  2224 D dalvikvm: GC_CONCURRENT freed 2048K, 29% free 20601K/28999K, paused 3ms+10ms
07-08 15:53:34.171  2222  2224 D dalvikvm: GC_CONCURRENT freed 2046K, 29% free 20602K/28999K, paused 4ms+11ms
07-08 15:53:36.304  2222  2224 D dalvikvm: GC_CONCURRENT freed 2048K, 29% free 20601K/28999K, paused 4ms+10ms
07-08 15:53:38.003   212   214 D dalvikvm: GC_CONCURRENT freed 366K, 43% free 10190K/17799K, paused 2ms+8ms
07-08 15:53:38.484  2222  2224 D dalvikvm: GC_CONCURRENT freed 2051K, 29% free 20598K/28999K, paused 4ms+11ms
07-08 15:53:40.171  2222  2224 D dalvikvm: GC_CONCURRENT freed 2028K, 29% free 20617K/28999K, paused 4ms+11ms
07-08 15:53:42.179  2222  2224 D dalvikvm: GC_CONCURRENT freed 2050K, 29% free 20615K/28999K, paused 4ms+11ms
07-08 15:53:44.269  2222  2224 D dalvikvm: JIT code cache reset in 5 ms (1048556 bytes 14/0)
07-08 15:53:44.292  2222  2224 D dalvikvm: GC_CONCURRENT freed 2043K, 29% free 20619K/28999K, paused 3ms+15ms
07-08 15:53:46.726  2222  2224 D dalvikvm: GC_CONCURRENT freed 2048K, 29% free 20619K/28999K, paused 4ms+11ms
07-08 15:53:47.804   340   340 D SAN_SERVICE: *******************************************
07-08 15:53:47.804   340   340 D SAN_SERVICE: DM App Phone Service State - 0
07-08 15:53:47.804   340   340 D SAN_SERVICE: *******************************************
07-08 15:53:48.054   340   340 D SAN_SERVICE: *******************************************
07-08 15:53:48.054   340   340 D SAN_SERVICE: DM App Phone Service State - 0
07-08 15:53:48.054   340   340 D SAN_SERVICE: *******************************************
07-08 15:53:49.073  2222  2224 D dalvikvm: GC_CONCURRENT freed 2043K, 29% free 20645K/28999K, paused 4ms+10ms
07-08 15:53:50.882 13476 13479 D dalvikvm: GC_CONCURRENT freed 417K, 6% free 9051K/9607K, paused 4ms+3ms
07-08 15:53:51.370  2222  2224 D dalvikvm: GC_CONCURRENT freed 2077K, 29% free 20615K/28999K, paused 4ms+10ms
07-08 15:53:53.585  2222  2224 D dalvikvm: GC_CONCURRENT freed 2048K, 29% free 20615K/28999K, paused 4ms+9ms
07-08 15:53:53.987 13963 13963 I PhoneLab-Locks: wake lock acquired
07-08 15:53:53.999 13963 14279 I PhoneLab-PeriodicCheckService: User info is synched
07-08 15:53:54.030 13963 14279 I PhoneLab-PeriodicCheckService: Logger Service is running
07-08 15:53:54.034 13963 14279 I PhoneLab-PeriodicCheckService: Rescheduling periodic checking...
07-08 15:53:54.038 13963 14279 I PhoneLab-Locks: wake lock released
07-08 15:53:55.636  2222  2224 D dalvikvm: GC_CONCURRENT freed 2047K, 29% free 20615K/28999K, paused 4ms+10ms
07-08 15:53:57.843  2222  2224 D dalvikvm: GC_CONCURRENT freed 2043K, 29% free 20619K/28999K, paused 4ms+10ms
07-08 15:53:59.917  2222  2224 D dalvikvm: GC_CONCURRENT freed 2029K, 29% free 20679K/28999K, paused 4ms+10ms
07-08 15:54:01.640 13650 13672 D WifiLocator: Too many no-location APs. Will not compute a location nor go to the server. hasLocation=0 noLocation=0 cacheMiss=0
07-08 15:54:01.640 13650 13672 D CellLocator: Primary cell miss in cache. Need server request.
07-08 15:54:01.737 13650 13668 I System.out: [INFO:1049489]: LogSource: Running flush
07-08 15:54:01.862 13650 13671 I System.out: [INFO:1049610]: LogSource: Sending payload [bytes=382]
07-08 15:54:01.878  2222  2224 D dalvikvm: GC_CONCURRENT freed 2052K, 29% free 20619K/28999K, paused 4ms+9ms
07-08 15:54:03.464 13650 13671 I System.out: [INFO:1051226]: LogSource: Response [http=200,length=88]
07-08 15:54:03.464 13650 13668 I System.out: [INFO:1051227]: LogSource: Read id 12, status code 200
07-08 15:54:03.472 13650 13672 D WifiLocator: Too many no-location APs. Will not compute a location nor go to the server. hasLocation=0 noLocation=0 cacheMiss=0
07-08 15:54:03.694  2222  2224 D dalvikvm: GC_CONCURRENT freed 2050K, 29% free 20618K/28999K, paused 4ms+9ms
07-08 15:54:05.417  2222  2224 D dalvikvm: GC_CONCURRENT freed 2052K, 29% free 20613K/28999K, paused 4ms+11ms
07-08 15:54:07.218  2222  2224 D dalvikvm: GC_CONCURRENT freed 2047K, 29% free 20613K/28999K, paused 4ms+10ms
07-08 15:54:08.046 13715 13718 D dalvikvm: GC_CONCURRENT freed 434K, 6% free 10251K/10823K, paused 14ms+2ms
07-08 15:54:08.812  2222  2224 D dalvikvm: GC_CONCURRENT freed 2049K, 29% free 20613K/28999K, paused 4ms+10ms
07-08 15:54:10.968  2222  2224 D dalvikvm: GC_CONCURRENT freed 2046K, 29% free 20614K/28999K, paused 4ms+8ms
07-08 15:54:13.163  2222  2224 D dalvikvm: GC_CONCURRENT freed 2045K, 29% free 20617K/28999K, paused 3ms+10ms
07-08 15:54:15.335  2222  2224 D dalvikvm: GC_CONCURRENT freed 2049K, 29% free 20616K/28999K, paused 3ms+10ms
07-08 15:54:17.476  2222  2224 D dalvikvm: GC_CONCURRENT freed 2050K, 29% free 20614K/28999K, paused 5ms+10ms
07-08 15:54:19.487  2222  2224 D dalvikvm: GC_CONCURRENT freed 1983K, 29% free 20679K/28999K, paused 3ms+9ms
07-08 15:54:21.105  2222  2224 D dalvikvm: GC_CONCURRENT freed 2108K, 29% free 20618K/28999K, paused 4ms+10ms
07-08 15:54:23.374  2222  2224 D dalvikvm: GC_CONCURRENT freed 2028K, 29% free 20665K/28999K, paused 5ms+10ms
07-08 15:54:23.612   340   340 D SAN_SERVICE: *******************************************
07-08 15:54:23.612   340   340 D SAN_SERVICE: DM App Phone Service State - 0
07-08 15:54:23.612   340   340 D SAN_SERVICE: *******************************************
07-08 15:54:25.257  2222  2224 D dalvikvm: GC_CONCURRENT freed 2094K, 29% free 20618K/28999K, paused 4ms+10ms
07-08 15:54:27.124  2222  2224 D dalvikvm: GC_CONCURRENT freed 2031K, 29% free 20634K/28999K, paused 3ms+9ms
07-08 15:54:28.581   340   340 D SAN_SERVICE: *******************************************
07-08 15:54:28.581   340   340 D SAN_SERVICE: DM App Phone Service State - 0
07-08 15:54:28.581   340   340 D SAN_SERVICE: *******************************************
07-08 15:54:29.081   340   340 D SAN_SERVICE: *******************************************
07-08 15:54:29.081   340   340 D SAN_SERVICE: DM App Phone Service State - 0
07-08 15:54:29.081   340   340 D SAN_SERVICE: *******************************************
07-08 15:54:29.362  2222  2224 D dalvikvm: GC_CONCURRENT freed 2026K, 29% free 20678K/28999K, paused 4ms+10ms
07-08 15:54:30.902  2222  2224 D dalvikvm: GC_CONCURRENT freed 2042K, 29% free 20683K/28999K, paused 3ms+9ms
07-08 15:54:33.109  2222  2224 D dalvikvm: GC_CONCURRENT freed 2091K, 29% free 20639K/28999K, paused 4ms+10ms
07-08 15:54:34.761  2222  2224 D dalvikvm: GC_CONCURRENT freed 2046K, 29% free 20641K/28999K, paused 3ms+10ms
07-08 15:54:36.663  2222  2224 D dalvikvm: GC_CONCURRENT freed 2047K, 29% free 20642K/28999K, paused 4ms+10ms
07-08 15:54:38.921  2222  2224 D dalvikvm: GC_CONCURRENT freed 2050K, 29% free 20639K/28999K, paused 3ms+11ms
07-08 15:54:40.652  2222  2224 D dalvikvm: GC_CONCURRENT freed 2049K, 29% free 20637K/28999K, paused 4ms+10ms
07-08 15:54:42.640  2222  2224 D dalvikvm: GC_CONCURRENT freed 2043K, 29% free 20642K/28999K, paused 3ms+10ms
07-08 15:54:44.628  2222  2224 D dalvikvm: GC_CONCURRENT freed 2014K, 29% free 20676K/28999K, paused 3ms+8ms
07-08 15:54:46.648 13650 13672 D WifiLocator: Too many no-location APs. Will not compute a location nor go to the server. hasLocation=0 noLocation=0 cacheMiss=0
07-08 15:54:46.816  2222  2224 D dalvikvm: GC_CONCURRENT freed 2007K, 29% free 20669K/28999K, paused 4ms+14ms
07-08 15:54:48.851  2222  2224 D dalvikvm: GC_CONCURRENT freed 1998K, 29% free 20699K/28999K, paused 3ms+10ms
07-08 15:54:50.101   340   340 D SAN_SERVICE: *******************************************
07-08 15:54:50.101   340   340 D SAN_SERVICE: DM App Phone Service State - 0
07-08 15:54:50.101   340   340 D SAN_SERVICE: *******************************************
07-08 15:54:50.132   212   214 D dalvikvm: GC_CONCURRENT freed 393K, 43% free 10193K/17799K, paused 2ms+33ms
07-08 15:54:50.155   141   143 D dalvikvm: GC_CONCURRENT freed 1213K, 24% free 14487K/18823K, paused 2ms+17ms
07-08 15:54:51.269  2222  2224 D dalvikvm: GC_CONCURRENT freed 2053K, 29% free 20697K/28999K, paused 5ms+10ms
07-08 15:54:53.109   340   340 D SAN_SERVICE: *******************************************
07-08 15:54:53.109   340   340 D SAN_SERVICE: DM App Phone Service State - 0
07-08 15:54:53.109   340   340 D SAN_SERVICE: *******************************************
07-08 15:54:53.230  2222  2224 D dalvikvm: GC_CONCURRENT freed 2002K, 29% free 20746K/28999K, paused 4ms+15ms
07-08 15:54:54.109   340   340 D SAN_SERVICE: *******************************************
07-08 15:54:54.109   340   340 D SAN_SERVICE: DM App Phone Service State - 0
07-08 15:54:54.109   340   340 D SAN_SERVICE: *******************************************
07-08 15:54:55.062  2222  2224 D dalvikvm: GC_CONCURRENT freed 2087K, 29% free 20706K/28999K, paused 3ms+10ms
07-08 15:54:55.351   340   340 D SAN_SERVICE: *******************************************
07-08 15:54:55.351   340   340 D SAN_SERVICE: DM App Phone Service State - 0
07-08 15:54:55.351   340   340 D SAN_SERVICE: *******************************************
07-08 15:54:56.105   340   340 D SAN_SERVICE: *******************************************
07-08 15:54:56.105   340   340 D SAN_SERVICE: DM App Phone Service State - 0
07-08 15:54:56.105   340   340 D SAN_SERVICE: *******************************************
07-08 15:54:56.159   340   342 D dalvikvm: GC_CONCURRENT freed 396K, 6% free 9462K/10055K, paused 2ms+7ms
07-08 15:54:57.116  2222  2224 D dalvikvm: GC_CONCURRENT freed 2049K, 29% free 20705K/28999K, paused 4ms+10ms
07-08 15:54:59.257  2222  2224 D dalvikvm: GC_CONCURRENT freed 2048K, 29% free 20705K/28999K, paused 3ms+10ms
07-08 15:55:01.249  2222  2224 D dalvikvm: GC_CONCURRENT freed 2044K, 29% free 20708K/28999K, paused 4ms+11ms
07-08 15:55:03.562  2222  2224 D dalvikvm: GC_CONCURRENT freed 2044K, 29% free 20712K/28999K, paused 3ms+10ms
07-08 15:55:05.109   141   458 D AlarmManagerService: Kernel timezone updated to 420 minutes west of GMT
07-08 15:55:05.624  2222  2224 D dalvikvm: GC_CONCURRENT freed 2051K, 29% free 20708K/28999K, paused 5ms+10ms
07-08 15:55:07.460  2222  2224 D dalvikvm: GC_CONCURRENT freed 2041K, 29% free 20714K/28999K, paused 4ms+10ms
07-08 15:55:08.843   141   177 I InputReader: Reconfiguring input devices.  changes=0x00000004
07-08 15:55:08.843   141   177 I InputReader: Device reconfigured: id=7, name='mxt224_ts_input', surface size is now 480x800, mode is 1
07-08 15:55:08.898   141   157 I ActivityManager: Config changed: {1.0 310mcc120mnc en_US layoutdir=0 sw320dp w533dp h294dp nrml long land finger -keyb/v/h -nav/h s.61}
07-08 15:55:08.925  2222  2222 D OpenGLRenderer: Flushing caches (mode 0)
07-08 15:55:09.245  2222  2224 D dalvikvm: GC_CONCURRENT freed 1751K, 28% free 21011K/28999K, paused 4ms+8ms
07-08 15:55:09.605   340   340 D SAN_SERVICE: *******************************************
07-08 15:55:09.605   340   340 D SAN_SERVICE: DM App Phone Service State - 0
07-08 15:55:09.605   340   340 D SAN_SERVICE: *******************************************
07-08 15:55:09.671   212   214 D dalvikvm: GC_CONCURRENT freed 566K, 44% free 10096K/17799K, paused 1ms+19ms
07-08 15:55:10.101   340   340 D SAN_SERVICE: *******************************************
07-08 15:55:10.101   340   340 D SAN_SERVICE: DM App Phone Service State - 0
07-08 15:55:10.101   340   340 D SAN_SERVICE: *******************************************
07-08 15:55:10.167   212   212 D dalvikvm: GC_EXPLICIT freed 48K, 42% free 10364K/17799K, paused 17ms+35ms
07-08 15:55:11.530   141   177 I InputReader: Reconfiguring input devices.  changes=0x00000004
07-08 15:55:11.530   141   177 I InputReader: Device reconfigured: id=7, name='mxt224_ts_input', surface size is now 480x800, mode is 1
07-08 15:55:12.241  2222  2224 D dalvikvm: GC_CONCURRENT freed 2206K, 29% free 20842K/28999K, paused 6ms+12ms
07-08 15:55:12.472   141   177 I InputReader: Reconfiguring input devices.  changes=0x00000004
07-08 15:55:12.472   141   177 I InputReader: Device reconfigured: id=7, name='mxt224_ts_input', surface size is now 480x800, mode is 1
07-08 15:55:12.499   141   157 I ActivityManager: Config changed: {1.0 310mcc120mnc en_US layoutdir=0 sw320dp w320dp h508dp nrml long port finger -keyb/v/h -nav/h s.62}
07-08 15:55:12.530  2222  2222 D OpenGLRenderer: Flushing caches (mode 0)
07-08 15:55:13.058   212   214 D dalvikvm: GC_CONCURRENT freed 653K, 44% free 10128K/17799K, paused 17ms+13ms
07-08 15:55:14.644  2222  2224 D dalvikvm: GC_CONCURRENT freed 2012K, 29% free 20866K/28999K, paused 4ms+11ms
07-08 15:55:15.558   141   171 D dalvikvm: GC_EXPLICIT freed 566K, 24% free 14382K/18823K, paused 4ms+12ms
07-08 15:55:16.011 13963 13976 I PhoneLab-: Service Running
07-08 15:55:16.073 13963 13976 I PhoneLab-LoggerService: app_38    1226  1     1432   992   c00f181c 400107b4 S logcat
07-08 15:55:16.073 13963 13976 I PhoneLab-LoggerService: Logcat pid from database 1226
07-08 15:55:16.073 13963 13976 I PhoneLab-LoggerService: Logcat process found 1226
07-08 15:55:16.073 13963 13976 I PhoneLab-LoggerService: Checking Threshold
07-08 15:55:16.073 13963 13976 I PhoneLab-LoggerService: Starting to rename files
07-08 15:55:16.073 13963 13976 I PhoneLab-LoggerService: Files found .. 3
07-08 15:55:17.132  2222  2224 D dalvikvm: GC_CONCURRENT freed 2164K, 29% free 20748K/28999K, paused 3ms+9ms
07-08 15:55:19.073  2222  2224 D dalvikvm: GC_CONCURRENT freed 2074K, 29% free 20722K/28999K, paused 4ms+10ms
07-08 15:55:20.030   141   153 D dalvikvm: GC_EXPLICIT freed 148K, 25% free 14300K/18823K, paused 4ms+19ms
07-08 15:55:20.046   340   340 D SAN_SERVICE: *******************************************
07-08 15:55:20.046   340   340 D SAN_SERVICE: DM App Phone Service State - 0
07-08 15:55:20.046   340   340 D SAN_SERVICE: *******************************************
07-08 15:55:20.206   340   340 D SAN_SERVICE: *******************************************
07-08 15:55:20.206   340   340 D SAN_SERVICE: DM App Phone Service State - 0
07-08 15:55:20.206   340   340 D SAN_SERVICE: *******************************************
07-08 15:55:21.253  2222  2224 D dalvikvm: GC_CONCURRENT freed 2055K, 29% free 20715K/28999K, paused 5ms+11ms
07-08 15:55:23.073  2222  2224 D dalvikvm: GC_CONCURRENT freed 2007K, 29% free 20755K/28999K, paused 4ms+15ms
07-08 15:55:23.710  2222  2224 D dalvikvm: GC_CONCURRENT freed 2020K, 29% free 20783K/28999K, paused 3ms+10ms
07-08 15:55:25.753  2222  2224 D dalvikvm: GC_CONCURRENT freed 2049K, 29% free 20782K/28999K, paused 4ms+9ms
07-08 15:55:27.312   141   177 I InputReader: Reconfiguring input devices.  changes=0x00000004
07-08 15:55:27.312   141   177 I InputReader: Device reconfigured: id=7, name='mxt224_ts_input', surface size is now 480x800, mode is 1
07-08 15:55:27.351   141   157 I ActivityManager: Config changed: {1.0 310mcc120mnc en_US layoutdir=0 sw320dp w533dp h294dp nrml long land finger -keyb/v/h -nav/h s.63}
07-08 15:55:27.370  2222  2222 D OpenGLRenderer: Flushing caches (mode 0)
07-08 15:55:27.714   212   214 D dalvikvm: GC_CONCURRENT freed 489K, 44% free 10084K/17799K, paused 3ms+7ms
07-08 15:55:27.773  2222  2224 D dalvikvm: GC_CONCURRENT freed 1866K, 28% free 20963K/28999K, paused 11ms+29ms
07-08 15:55:30.171  2222  2224 D dalvikvm: GC_CONCURRENT freed 2124K, 28% free 20887K/28999K, paused 8ms+11ms
07-08 15:55:30.659   141   171 D dalvikvm: GC_EXPLICIT freed 153K, 24% free 14325K/18823K, paused 8ms+9ms
07-08 15:55:31.667 13650 13672 D WifiLocator: Too many no-location APs. Will not compute a location nor go to the server. hasLocation=0 noLocation=0 cacheMiss=0
07-08 15:55:31.667 13650 13672 D CellLocator: Primary cell miss in cache. Need server request.
07-08 15:55:31.753 13650 13668 I System.out: [INFO:1139516]: LogSource: Running flush
07-08 15:55:31.765 13650 13669 I System.out: [INFO:1139526]: LogSource: Sending payload [bytes=365]
07-08 15:55:31.937 13650 13669 I System.out: [INFO:1139701]: LogSource: Response [http=200,length=88]
07-08 15:55:31.941 13650 13668 I System.out: [INFO:1139702]: LogSource: Read id 13, status code 200
07-08 15:55:31.941 13650 13672 D WifiLocator: Too many no-location APs. Will not compute a location nor go to the server. hasLocation=0 noLocation=0 cacheMiss=0
07-08 15:55:33.069  2222  2224 D dalvikvm: GC_CONCURRENT freed 2118K, 29% free 20820K/28999K, paused 4ms+11ms
07-08 15:55:35.155  2222  2224 D dalvikvm: GC_CONCURRENT freed 2038K, 29% free 20827K/28999K, paused 3ms+10ms
07-08 15:55:37.472  2222  2224 D dalvikvm: GC_CONCURRENT freed 2060K, 29% free 20816K/28999K, paused 4ms+9ms
07-08 15:55:38.952  2222  2224 D dalvikvm: GC_CONCURRENT freed 2052K, 29% free 20813K/28999K, paused 4ms+10ms
07-08 15:55:40.042   212   214 D dalvikvm: GC_CONCURRENT freed 86K, 42% free 10384K/17799K, paused 2ms+9ms
07-08 15:55:40.194 13715 13718 D dalvikvm: GC_CONCURRENT freed 416K, 6% free 10268K/10823K, paused 80ms+15ms
07-08 15:55:41.042  2222  2224 D dalvikvm: GC_CONCURRENT freed 2037K, 29% free 20823K/28999K, paused 3ms+9ms
07-08 15:55:43.343  2222  2224 D dalvikvm: GC_CONCURRENT freed 2032K, 29% free 20864K/28999K, paused 5ms+10ms
07-08 15:55:45.120  2222  2224 D dalvikvm: GC_CONCURRENT freed 2098K, 29% free 20815K/28999K, paused 3ms+10ms
07-08 15:55:47.155  2222  2224 D dalvikvm: GC_CONCURRENT freed 2018K, 29% free 20844K/28999K, paused 4ms+9ms
07-08 15:55:47.652   141   177 I InputReader: Reconfiguring input devices.  changes=0x00000004
07-08 15:55:47.655   141   177 I InputReader: Device reconfigured: id=7, name='mxt224_ts_input', surface size is now 480x800, mode is 1
07-08 15:55:47.694   141   157 I ActivityManager: Config changed: {1.0 310mcc120mnc en_US layoutdir=0 sw320dp w320dp h508dp nrml long port finger -keyb/v/h -nav/h s.64}
07-08 15:55:47.722  2222  2222 D OpenGLRenderer: Flushing caches (mode 0)
07-08 15:55:48.023   212   214 D dalvikvm: GC_CONCURRENT freed 690K, 44% free 10132K/17799K, paused 3ms+3ms
07-08 15:55:49.429  2222  2224 D dalvikvm: GC_CONCURRENT freed 2009K, 28% free 20882K/28999K, paused 4ms+11ms
07-08 15:55:50.652   141   171 D dalvikvm: GC_EXPLICIT freed 275K, 24% free 14341K/18823K, paused 3ms+15ms
07-08 15:55:51.097  2222  2224 D dalvikvm: GC_CONCURRENT freed 1975K, 28% free 20955K/28999K, paused 3ms+10ms
07-08 15:55:52.448   141   197 D ConnectivityService: ConnectivityChange for WIMAX: DISCONNECTED/SCANNING
07-08 15:55:52.448   141   197 D ConnectivityService: Attempting to switch to mobile
07-08 15:55:52.448   141   197 D ConnectivityService: Attempting to switch to WIFI
07-08 15:55:52.448   141   197 D ConnectivityService: Attempting to switch to BLUETOOTH_TETHER
07-08 15:55:52.452   141   197 D NetUtils: android_net_utils_resetConnections in env=0x10e0380 clazz=0xe5b00001 iface=uwbr0 mask=0x3
07-08 15:55:52.452   141   197 D ConnectivityService: resetConnections(uwbr0, 3)
07-08 15:55:52.734   141   193 D NetworkPolicy: applying policy NetworkPolicy[NetworkTemplate: matchRule=MOBILE_ALL, subscriberId=valid]: cycleDay=8, warningBytes=2147483648, limitBytes=-1, lastSnooze=-1 to ifaces [rmnet0]
07-08 15:55:52.843   141   193 D NetworkPolicy: applying policy NetworkPolicy[NetworkTemplate: matchRule=MOBILE_ALL, subscriberId=valid]: cycleDay=8, warningBytes=2147483648, limitBytes=-1, lastSnooze=-1 to ifaces [rmnet0]
07-08 15:55:53.136  2222  2224 D dalvikvm: GC_CONCURRENT freed 2076K, 28% free 20926K/28999K, paused 3ms+13ms
07-08 15:55:55.105  2222  2224 D dalvikvm: GC_CONCURRENT freed 2022K, 28% free 20955K/28999K, paused 3ms+11ms
07-08 15:55:55.480   141   201 D Tethering: MasterInitialState.processMessage what=3
07-08 15:55:55.730   141   201 D Tethering: MasterInitialState.processMessage what=3
07-08 15:55:55.765   340   340 D SAN_SERVICE: *******************************************
07-08 15:55:55.765   340   340 D SAN_SERVICE: DM App Phone Service State - 0
07-08 15:55:55.765   340   340 D SAN_SERVICE: *******************************************
07-08 15:55:55.796 14153 14166 D PicasaSyncManager: active network: NetworkInfo: type: mobile[CDMA - EvDo rev. A], state: CONNECTED/CONNECTED, reason: (unspecified), extra: , roaming: false, failover: false, isAvailable: true
07-08 15:55:55.796 14153 14166 D PicasaSyncManager: background data: true
07-08 15:55:55.882 13650 13652 D dalvikvm: GC_CONCURRENT freed 461K, 6% free 10096K/10695K, paused 3ms+4ms
07-08 15:55:55.905 14168 14168 I MediaUploader: No need to wake up
07-08 15:55:56.034 14168 14168 I MediaUploader: No need to wake up
07-08 15:55:56.042   141   197 D ConnectivityService: handleInetConditionHoldEnd: net=0, condition=100, published condition=100
07-08 15:55:56.128   340   340 D SAN_SERVICE: *******************************************
07-08 15:55:56.128   340   340 D SAN_SERVICE: DM App Phone Service State - 0
07-08 15:55:56.128   340   340 D SAN_SERVICE: *******************************************
07-08 15:55:56.175 14153 14166 D PicasaSyncManager: active network: NetworkInfo: type: mobile[CDMA - EvDo rev. A], state: CONNECTED/CONNECTED, reason: (unspecified), extra: , roaming: false, failover: false, isAvailable: true
07-08 15:55:56.175 14153 14166 D PicasaSyncManager: background data: true
07-08 15:55:56.300 14006 14009 D dalvikvm: GC_CONCURRENT freed 351K, 5% free 10671K/11143K, paused 2ms+20ms
07-08 15:55:57.050  2222  2224 D dalvikvm: GC_CONCURRENT freed 2082K, 28% free 20921K/28999K, paused 2ms+11ms
07-08 15:55:58.878   141   197 D ConnectivityService: ConnectivityChange for WIMAX: DISCONNECTED/SCANNING
07-08 15:55:58.878   141   197 D ConnectivityService: Attempting to switch to mobile
07-08 15:55:58.878   141   197 D ConnectivityService: Attempting to switch to WIFI
07-08 15:55:58.878   141   197 D NetUtils: android_net_utils_resetConnections in env=0x10e0380 clazz=0xf1100001 iface=uwbr0 mask=0x3
07-08 15:55:58.878   141   197 D ConnectivityService: Attempting to switch to BLUETOOTH_TETHER
07-08 15:55:58.878   141   197 D ConnectivityService: resetConnections(uwbr0, 3)
07-08 15:55:59.030   141   193 D NetworkPolicy: applying policy NetworkPolicy[NetworkTemplate: matchRule=MOBILE_ALL, subscriberId=valid]: cycleDay=8, warningBytes=2147483648, limitBytes=-1, lastSnooze=-1 to ifaces [rmnet0]
07-08 15:55:59.042   141   193 D NetworkPolicy: applying policy NetworkPolicy[NetworkTemplate: matchRule=MOBILE_ALL, subscriberId=valid]: cycleDay=8, warningBytes=2147483648, limitBytes=-1, lastSnooze=-1 to ifaces [rmnet0]
07-08 15:55:59.167  2222  2224 D dalvikvm: GC_CONCURRENT freed 2046K, 28% free 20923K/28999K, paused 2ms+20ms
07-08 15:56:00.917  2222  2224 D dalvikvm: GC_CONCURRENT freed 2042K, 28% free 20928K/28999K, paused 3ms+11ms
07-08 15:56:01.913   141   201 D Tethering: MasterInitialState.processMessage what=3
07-08 15:56:01.952   141   201 D Tethering: MasterInitialState.processMessage what=3
07-08 15:56:02.183   141   143 D dalvikvm: GC_CONCURRENT freed 1254K, 24% free 14345K/18823K, paused 12ms+20ms
07-08 15:56:02.284 14153 14166 D PicasaSyncManager: active network: NetworkInfo: type: mobile[CDMA - EvDo rev. A], state: CONNECTED/CONNECTED, reason: (unspecified), extra: , roaming: false, failover: false, isAvailable: true
07-08 15:56:02.288 14153 14166 D PicasaSyncManager: background data: true
07-08 15:56:02.335 14168 14168 I MediaUploader: No need to wake up
07-08 15:56:02.441 14153 14166 D PicasaSyncManager: active network: NetworkInfo: type: mobile[CDMA - EvDo rev. A], state: CONNECTED/CONNECTED, reason: (unspecified), extra: , roaming: false, failover: false, isAvailable: true
07-08 15:56:02.448 14168 14168 I MediaUploader: No need to wake up
07-08 15:56:02.487 14153 14166 D PicasaSyncManager: background data: true
07-08 15:56:02.491   141   197 D ConnectivityService: handleInetConditionHoldEnd: net=0, condition=100, published condition=100
07-08 15:56:02.714   340   687 D dalvikvm: GC_EXPLICIT freed 182K, 6% free 9463K/10055K, paused 242ms+4ms
07-08 15:56:03.093  2222  2224 D dalvikvm: GC_CONCURRENT freed 2049K, 28% free 20926K/28999K, paused 4ms+10ms
07-08 15:56:05.030  2222  2224 D dalvikvm: GC_CONCURRENT freed 2044K, 28% free 20930K/28999K, paused 3ms+10ms
07-08 15:56:06.944  2222  2224 D dalvikvm: GC_CONCURRENT freed 2050K, 28% free 20927K/28999K, paused 3ms+10ms
07-08 15:56:08.835  2222  2224 D dalvikvm: GC_CONCURRENT freed 2051K, 28% free 20924K/28999K, paused 4ms+12ms
07-08 15:56:10.741  2222  2224 D dalvikvm: JIT code cache reset in 8 ms (1048516 bytes 15/0)
07-08 15:56:10.765  2222  2224 D dalvikvm: GC_CONCURRENT freed 2033K, 28% free 20939K/28999K, paused 3ms+18ms
07-08 15:56:12.956  2222  2224 D dalvikvm: GC_CONCURRENT freed 2031K, 28% free 20941K/28999K, paused 4ms+12ms
07-08 15:56:14.597  2222  2224 D dalvikvm: GC_CONCURRENT freed 2044K, 28% free 20945K/28999K, paused 3ms+11ms
07-08 15:56:16.081   141   177 I InputReader: Reconfiguring input devices.  changes=0x00000004
07-08 15:56:16.081   141   177 I InputReader: Device reconfigured: id=7, name='mxt224_ts_input', surface size is now 480x800, mode is 1
07-08 15:56:16.124   141   157 I ActivityManager: Config changed: {1.0 310mcc120mnc en_US layoutdir=0 sw320dp w533dp h294dp nrml long land finger -keyb/v/h -nav/h s.65}
07-08 15:56:16.152  2222  2222 D OpenGLRenderer: Flushing caches (mode 0)
07-08 15:56:16.538  2222  2224 D dalvikvm: GC_CONCURRENT freed 1745K, 27% free 21247K/28999K, paused 5ms+9ms
07-08 15:56:16.601   212   212 D dalvikvm: GC_FOR_ALLOC freed 415K, 44% free 9985K/17799K, paused 83ms
07-08 15:56:16.663 13650 13672 D WifiLocator: Too many no-location APs. Will not compute a location nor go to the server. hasLocation=0 noLocation=0 cacheMiss=0
07-08 15:56:16.667 13650 13672 D CellLocator: Primary cell miss in cache. Need server request.
07-08 15:56:16.741 13650 13668 I System.out: [INFO:1184504]: LogSource: Running flush
07-08 15:56:16.745 13650 13670 I System.out: [INFO:1184507]: LogSource: Sending payload [bytes=367]
07-08 15:56:16.769   212   212 D dalvikvm: GC_FOR_ALLOC freed 236K, 44% free 10053K/17799K, paused 141ms
07-08 15:56:18.999 13650 13670 I System.out: [INFO:1186764]: LogSource: Response [http=200,length=88]
07-08 15:56:18.999 13650 13668 I System.out: [INFO:1186764]: LogSource: Read id 14, status code 200
07-08 15:56:19.011 13650 13672 D WifiLocator: Too many no-location APs. Will not compute a location nor go to the server. hasLocation=0 noLocation=0 cacheMiss=0
07-08 15:56:19.300  2222  2224 D dalvikvm: GC_CONCURRENT freed 2237K, 28% free 21069K/28999K, paused 3ms+10ms
07-08 15:56:19.503   141   171 D dalvikvm: GC_EXPLICIT freed 365K, 24% free 14342K/18823K, paused 4ms+12ms
07-08 15:56:22.042  2222  2224 D dalvikvm: GC_CONCURRENT freed 2134K, 28% free 20983K/28999K, paused 4ms+10ms
07-08 15:56:22.667   340   340 D SAN_SERVICE: *******************************************
07-08 15:56:22.667   340   340 D SAN_SERVICE: DM App Phone Service State - 0
07-08 15:56:22.667   340   340 D SAN_SERVICE: *******************************************
07-08 15:56:23.148   340   340 D SAN_SERVICE: *******************************************
07-08 15:56:23.148   340   340 D SAN_SERVICE: DM App Phone Service State - 0
07-08 15:56:23.148   340   340 D SAN_SERVICE: *******************************************
07-08 15:56:24.339  2222  2224 D dalvikvm: GC_CONCURRENT freed 2063K, 28% free 20973K/28999K, paused 3ms+10ms
07-08 15:56:26.081  2222  2224 D dalvikvm: GC_CONCURRENT freed 2067K, 28% free 20954K/28999K, paused 4ms+15ms
07-08 15:56:28.167  2222  2224 D dalvikvm: GC_CONCURRENT freed 2053K, 28% free 20948K/28999K, paused 3ms+13ms
07-08 15:56:29.843  2222  2224 D dalvikvm: GC_CONCURRENT freed 2052K, 28% free 20944K/28999K, paused 3ms+9ms
07-08 15:56:30.175   141   152 D AlarmManagerService: Kernel timezone updated to 420 minutes west of GMT
07-08 15:56:30.187   212   214 D dalvikvm: GC_CONCURRENT freed 57K, 42% free 10384K/17799K, paused 2ms+10ms
07-08 15:56:31.909  2222  2224 D dalvikvm: GC_CONCURRENT freed 1968K, 28% free 21028K/28999K, paused 3ms+8ms
07-08 15:56:33.800  2222  2224 D dalvikvm: GC_CONCURRENT freed 2092K, 28% free 20949K/28999K, paused 4ms+9ms
07-08 15:56:35.132   141   141 W InputManagerService: Window already focused, ignoring focus gain of: com.android.internal.view.IInputMethodClient$Stub$Proxy@4173e468
07-08 15:56:35.339   141   177 I InputReader: Reconfiguring input devices.  changes=0x00000004
07-08 15:56:35.339   141   177 I InputReader: Device reconfigured: id=7, name='mxt224_ts_input', surface size is now 480x800, mode is 1
07-08 15:56:36.066  2222  2224 D dalvikvm: GC_CONCURRENT freed 2009K, 28% free 20988K/28999K, paused 6ms+10ms
07-08 15:56:37.191   141   177 I InputReader: Reconfiguring input devices.  changes=0x00000004
07-08 15:56:37.191   141   177 I InputReader: Device reconfigured: id=7, name='mxt224_ts_input', surface size is now 480x800, mode is 1
07-08 15:56:37.226   141   157 I ActivityManager: Config changed: {1.0 310mcc120mnc en_US layoutdir=0 sw320dp w320dp h508dp nrml long port finger -keyb/v/h -nav/h s.66}
07-08 15:56:37.249  2222  2222 D OpenGLRenderer: Flushing caches (mode 0)
07-08 15:56:37.398  2222  2224 D dalvikvm: GC_CONCURRENT freed 2000K, 28% free 21036K/28999K, paused 3ms+9ms
07-08 15:56:37.823   212   214 D dalvikvm: GC_CONCURRENT freed 696K, 44% free 10133K/17799K, paused 2ms+4ms
07-08 15:56:39.542  2222  2224 D dalvikvm: GC_CONCURRENT freed 1952K, 28% free 21131K/28999K, paused 4ms+12ms
07-08 15:56:40.339   141   171 D dalvikvm: GC_EXPLICIT freed 339K, 24% free 14349K/18823K, paused 6ms+12ms
07-08 15:56:41.409  2222  2224 D dalvikvm: GC_CONCURRENT freed 2068K, 28% free 21097K/28999K, paused 4ms+8ms
07-08 15:56:43.023  2222  2224 D dalvikvm: GC_CONCURRENT freed 2085K, 28% free 21060K/28999K, paused 3ms+10ms
07-08 15:56:44.718  2222  2224 D dalvikvm: GC_CONCURRENT freed 2052K, 28% free 21056K/28999K, paused 3ms+10ms
07-08 15:56:46.542  2222  2224 D dalvikvm: GC_CONCURRENT freed 2050K, 28% free 21054K/28999K, paused 4ms+9ms
07-08 15:56:48.066  2222  2224 D dalvikvm: GC_CONCURRENT freed 2021K, 28% free 21087K/28999K, paused 3ms+9ms
07-08 15:56:49.620 13715 13718 D dalvikvm: GC_CONCURRENT freed 428K, 6% free 10316K/10887K, paused 30ms+3ms
07-08 15:56:50.085  2222  2224 D dalvikvm: GC_CONCURRENT freed 2074K, 28% free 21060K/28999K, paused 3ms+9ms
07-08 15:56:52.132  2222  2224 D dalvikvm: GC_CONCURRENT freed 2022K, 28% free 21083K/28999K, paused 4ms+8ms
07-08 15:56:54.980  2222  2224 D dalvikvm: GC_CONCURRENT freed 1964K, 28% free 21064K/28999K, paused 3ms+7ms
07-08 15:57:01.675 13650 13672 D WifiLocator: Too many no-location APs. Will not compute a location nor go to the server. hasLocation=0 noLocation=0 cacheMiss=0
07-08 15:57:01.675 13650 13672 D CellLocator: Primary cell miss in cache. Need server request.
07-08 15:57:01.734 13650 13668 I System.out: [INFO:1229498]: LogSource: Running flush
07-08 15:57:01.737 13650 13671 I System.out: [INFO:1229500]: LogSource: Sending payload [bytes=382]
07-08 15:57:03.089  2222  2224 D dalvikvm: GC_CONCURRENT freed 2015K, 28% free 21080K/28999K, paused 4ms+10ms
07-08 15:57:03.273 13650 13671 I System.out: [INFO:1231035]: LogSource: Response [http=200,length=88]
07-08 15:57:03.273 13650 13668 I System.out: [INFO:1231036]: LogSource: Read id 15, status code 200
07-08 15:57:03.316 13650 13672 D WifiLocator: Too many no-location APs. Will not compute a location nor go to the server. hasLocation=0 noLocation=0 cacheMiss=0
07-08 15:57:03.413 13650 13652 D dalvikvm: GC_CONCURRENT freed 408K, 6% free 10078K/10695K, paused 10ms+17ms
07-08 15:57:07.468   340   340 D SAN_SERVICE: *******************************************
07-08 15:57:07.468   340   340 D SAN_SERVICE: DM App Phone Service State - 0
07-08 15:57:07.468   340   340 D SAN_SERVICE: *******************************************
07-08 15:57:08.632  2222  2224 D dalvikvm: GC_CONCURRENT freed 2196K, 29% free 20867K/28999K, paused 4ms+8ms
07-08 15:57:14.007  2222  2224 D dalvikvm: GC_CONCURRENT freed 2078K, 29% free 20837K/28999K, paused 4ms+9ms
07-08 15:57:16.011 13963 13976 I PhoneLab-: Service Running
07-08 15:57:16.120 13963 13976 I PhoneLab-LoggerService: app_38    1226  1     1432   992   c00f181c 400107b4 S logcat
07-08 15:57:16.120 13963 13976 I PhoneLab-LoggerService: Logcat pid from database 1226
07-08 15:57:16.120 13963 13976 I PhoneLab-LoggerService: Logcat process found 1226
07-08 15:57:16.120 13963 13976 I PhoneLab-LoggerService: Checking Threshold
07-08 15:57:16.120 13963 13976 I PhoneLab-LoggerService: Starting to rename files
07-08 15:57:16.120 13963 13976 I PhoneLab-LoggerService: Files found .. 3
07-08 15:57:17.429   340   340 D SAN_SERVICE: *******************************************
07-08 15:57:17.429   340   340 D SAN_SERVICE: DM App Phone Service State - 0
07-08 15:57:17.429   340   340 D SAN_SERVICE: *******************************************
07-08 15:57:18.179   340   340 D SAN_SERVICE: *******************************************
07-08 15:57:18.179   340   340 D SAN_SERVICE: DM App Phone Service State - 0
07-08 15:57:18.179   340   340 D SAN_SERVICE: *******************************************
07-08 15:57:19.569  2222  2224 D dalvikvm: GC_CONCURRENT freed 1985K, 29% free 20835K/28999K, paused 5ms+10ms
07-08 15:57:19.851 13476 13479 D dalvikvm: GC_CONCURRENT freed 417K, 6% free 9051K/9607K, paused 4ms+8ms
07-08 15:57:22.687   340   340 D SAN_SERVICE: *******************************************
07-08 15:57:22.687   340   340 D SAN_SERVICE: DM App Phone Service State - 0
07-08 15:57:22.687   340   340 D SAN_SERVICE: *******************************************
07-08 15:57:23.183   340   340 D SAN_SERVICE: *******************************************
07-08 15:57:23.183   340   340 D SAN_SERVICE: DM App Phone Service State - 0
07-08 15:57:23.183   340   340 D SAN_SERVICE: *******************************************
07-08 15:57:24.823  2222  2224 D dalvikvm: GC_CONCURRENT freed 1983K, 29% free 20850K/28999K, paused 4ms+9ms
07-08 15:57:25.960   212   214 D dalvikvm: GC_CONCURRENT freed 330K, 43% free 10194K/17799K, paused 3ms+8ms
07-08 15:57:30.484  2222  2224 D dalvikvm: GC_CONCURRENT freed 2003K, 29% free 20831K/28999K, paused 4ms+8ms
07-08 15:57:32.933   340   340 D SAN_SERVICE: *******************************************
07-08 15:57:32.933   340   340 D SAN_SERVICE: DM App Phone Service State - 0
07-08 15:57:32.933   340   340 D SAN_SERVICE: *******************************************
07-08 15:57:33.038   340   340 D SAN_SERVICE: *******************************************
07-08 15:57:33.038   340   340 D SAN_SERVICE: DM App Phone Service State - 0
07-08 15:57:33.038   340   340 D SAN_SERVICE: *******************************************
07-08 15:57:35.636  2222  2224 D dalvikvm: GC_CONCURRENT freed 1948K, 29% free 20864K/28999K, paused 3ms+9ms
07-08 15:57:37.944   340   340 D SAN_SERVICE: *******************************************
07-08 15:57:37.944   340   340 D SAN_SERVICE: DM App Phone Service State - 0
07-08 15:57:37.944   340   340 D SAN_SERVICE: *******************************************
07-08 15:57:38.187   340   340 D SAN_SERVICE: *******************************************
07-08 15:57:38.187   340   340 D SAN_SERVICE: DM App Phone Service State - 0
07-08 15:57:38.187   340   340 D SAN_SERVICE: *******************************************
07-08 15:57:40.921  2222  2224 D dalvikvm: GC_CONCURRENT freed 2033K, 29% free 20878K/28999K, paused 4ms+12ms
07-08 15:57:42.929 13715 13718 D dalvikvm: GC_CONCURRENT freed 475K, 6% free 10274K/10887K, paused 7ms+3ms
07-08 15:57:46.101  2222  2224 D dalvikvm: GC_CONCURRENT freed 2014K, 29% free 20851K/28999K, paused 4ms+10ms
07-08 15:57:46.710 13650 13672 D WifiLocator: Too many no-location APs. Will not compute a location nor go to the server. hasLocation=0 noLocation=0 cacheMiss=0
07-08 15:57:46.710 13650 13672 D CellLocator: Primary cell miss in cache. Need server request.
07-08 15:57:46.757 13650 13668 I System.out: [INFO:1274520]: LogSource: Running flush
07-08 15:57:46.761 13650 13669 I System.out: [INFO:1274524]: LogSource: Sending payload [bytes=379]
07-08 15:57:47.257 13650 13669 I System.out: [INFO:1275019]: LogSource: Response [http=200,length=88]
07-08 15:57:47.257 13650 13668 I System.out: [INFO:1275020]: LogSource: Read id 16, status code 200
07-08 15:57:47.273 13650 13672 D WifiLocator: Too many no-location APs. Will not compute a location nor go to the server. hasLocation=0 noLocation=0 cacheMiss=0
07-08 15:57:48.206   340   340 D SAN_SERVICE: *******************************************
07-08 15:57:48.206   340   340 D SAN_SERVICE: DM App Phone Service State - 0
07-08 15:57:48.206   340   340 D SAN_SERVICE: *******************************************
07-08 15:57:51.691  2222  2224 D dalvikvm: GC_CONCURRENT freed 1978K, 29% free 20857K/28999K, paused 3ms+9ms
07-08 15:57:57.253  2222  2224 D dalvikvm: GC_CONCURRENT freed 1989K, 29% free 20855K/28999K, paused 3ms+9ms
07-08 15:58:00.214   141   143 D dalvikvm: GC_CONCURRENT freed 1087K, 24% free 14469K/18823K, paused 4ms+20ms
07-08 15:58:02.655  2222  2224 D dalvikvm: GC_CONCURRENT freed 1984K, 29% free 20856K/28999K, paused 4ms+9ms
07-08 15:58:08.011  2222  2224 D dalvikvm: GC_CONCURRENT freed 2043K, 29% free 20854K/28999K, paused 4ms+13ms
07-08 15:58:09.741   340   340 D SAN_SERVICE: *******************************************
07-08 15:58:09.741   340   340 D SAN_SERVICE: DM App Phone Service State - 0
07-08 15:58:09.741   340   340 D SAN_SERVICE: *******************************************
07-08 15:58:10.237   141   454 D AlarmManagerService: Kernel timezone updated to 420 minutes west of GMT
07-08 15:58:10.249   340   340 D SAN_SERVICE: *******************************************
07-08 15:58:10.249   340   340 D SAN_SERVICE: DM App Phone Service State - 0
07-08 15:58:10.249   340   340 D SAN_SERVICE: *******************************************
07-08 15:58:10.292   340   342 D dalvikvm: GC_CONCURRENT freed 378K, 6% free 9484K/10055K, paused 3ms+5ms
07-08 15:58:11.206   141  2009 D AlarmManagerService: Kernel timezone updated to 420 minutes west of GMT
07-08 15:58:11.960 13650 13714 D dalvikvm: GC_EXPLICIT freed 143K, 6% free 10065K/10695K, paused 4ms+4ms
07-08 15:58:13.089  2222  2224 D dalvikvm: GC_CONCURRENT freed 1885K, 28% free 20955K/28999K, paused 4ms+9ms
07-08 15:58:18.441  2222  2224 D dalvikvm: GC_CONCURRENT freed 2054K, 28% free 20885K/28999K, paused 3ms+8ms
07-08 15:58:19.007   212   214 D dalvikvm: GC_CONCURRENT freed 392K, 43% free 10195K/17799K, paused 4ms+5ms
07-08 15:58:21.741   340   340 D SAN_SERVICE: *******************************************
07-08 15:58:21.741   340   340 D SAN_SERVICE: DM App Phone Service State - 0
07-08 15:58:21.741   340   340 D SAN_SERVICE: *******************************************
07-08 15:58:22.218   340   340 D SAN_SERVICE: *******************************************
07-08 15:58:22.218   340   340 D SAN_SERVICE: DM App Phone Service State - 0
07-08 15:58:22.218   340   340 D SAN_SERVICE: *******************************************
07-08 15:58:22.616  2222  2224 D dalvikvm: JIT code cache reset in 6 ms (1048380 bytes 16/0)
07-08 15:58:22.679  2222  2224 D dalvikvm: GC_CONCURRENT freed 1936K, 28% free 20957K/28999K, paused 2ms+14ms
07-08 15:58:27.527  2222  2224 D dalvikvm: GC_CONCURRENT freed 2001K, 28% free 20941K/28999K, paused 6ms+9ms
07-08 15:58:31.741 13650 13672 D WifiLocator: Too many no-location APs. Will not compute a location nor go to the server. hasLocation=0 noLocation=0 cacheMiss=0
07-08 15:58:31.874 13715 13718 D dalvikvm: GC_CONCURRENT freed 381K, 6% free 10277K/10887K, paused 67ms+5ms
07-08 15:58:32.886  2222  2224 D dalvikvm: GC_CONCURRENT freed 1991K, 28% free 20955K/28999K, paused 3ms+10ms
07-08 15:58:34.745   340   340 D SAN_SERVICE: *******************************************
07-08 15:58:34.745   340   340 D SAN_SERVICE: DM App Phone Service State - 0
07-08 15:58:34.749   340   340 D SAN_SERVICE: *******************************************
07-08 15:58:34.792   340   340 D SAN_SERVICE: *******************************************
07-08 15:58:34.792   340   340 D SAN_SERVICE: DM App Phone Service State - 0
07-08 15:58:34.792   340   340 D SAN_SERVICE: *******************************************
07-08 15:58:38.210  2222  2224 D dalvikvm: GC_CONCURRENT freed 2002K, 28% free 20938K/28999K, paused 4ms+9ms
07-08 15:58:43.230  2222  2224 D dalvikvm: GC_CONCURRENT freed 1943K, 28% free 20981K/28999K, paused 4ms+9ms
07-08 15:58:48.691  2222  2224 D dalvikvm: GC_CONCURRENT freed 2013K, 28% free 20954K/28999K, paused 3ms+10ms
07-08 15:58:49.808   340   340 D SAN_SERVICE: *******************************************
07-08 15:58:49.808   340   340 D SAN_SERVICE: DM App Phone Service State - 0
07-08 15:58:49.808   340   340 D SAN_SERVICE: *******************************************
07-08 15:58:53.605  2222  2224 D dalvikvm: GC_CONCURRENT freed 1989K, 28% free 20947K/28999K, paused 4ms+9ms
07-08 15:58:58.859  2222  2224 D dalvikvm: GC_CONCURRENT freed 1982K, 28% free 21008K/28999K, paused 3ms+10ms
07-08 15:59:04.081  2222  2224 D dalvikvm: GC_CONCURRENT freed 2110K, 28% free 20958K/28999K, paused 4ms+11ms
07-08 15:59:05.999   212   214 D dalvikvm: GC_CONCURRENT freed 393K, 43% free 10195K/17799K, paused 2ms+6ms
07-08 15:59:09.433  2222  2224 D dalvikvm: GC_CONCURRENT freed 1998K, 28% free 20950K/28999K, paused 8ms+9ms
07-08 15:59:14.495  2222  2224 D dalvikvm: GC_CONCURRENT freed 1987K, 28% free 20948K/28999K, paused 4ms+11ms
07-08 15:59:15.257   340   340 D SAN_SERVICE: *******************************************
07-08 15:59:15.257   340   340 D SAN_SERVICE: DM App Phone Service State - 0
07-08 15:59:15.257   340   340 D SAN_SERVICE: *******************************************
07-08 15:59:15.433   340   340 D SAN_SERVICE: *******************************************
07-08 15:59:15.433   340   340 D SAN_SERVICE: DM App Phone Service State - 0
07-08 15:59:15.433   340   340 D SAN_SERVICE: *******************************************
07-08 15:59:16.011 13963 13976 I PhoneLab-: Service Running
07-08 15:59:16.112 13963 13976 I PhoneLab-LoggerService: app_38    1226  1     1432   992   c00f181c 400107b4 S logcat
07-08 15:59:16.112 13963 13976 I PhoneLab-LoggerService: Logcat pid from database 1226
07-08 15:59:16.112 13963 13976 I PhoneLab-LoggerService: Logcat process found 1226
07-08 15:59:16.112 13963 13976 I PhoneLab-LoggerService: Checking Threshold
07-08 15:59:16.112 13963 13976 I PhoneLab-LoggerService: Starting to rename files
07-08 15:59:16.116 13963 13976 I PhoneLab-LoggerService: Files found .. 3
07-08 15:59:16.769 13650 13672 D WifiLocator: Too many no-location APs. Will not compute a location nor go to the server. hasLocation=0 noLocation=0 cacheMiss=0
07-08 15:59:16.777 13650 13672 D CellLocator: Primary cell miss in cache. Need server request.
07-08 15:59:16.804 13650 13668 I System.out: [INFO:1364567]: LogSource: Running flush
07-08 15:59:16.827 13650 13670 I System.out: [INFO:1364591]: LogSource: Sending payload [bytes=402]
07-08 15:59:18.292 13650 13670 I System.out: [INFO:1366057]: LogSource: Response [http=200,length=88]
07-08 15:59:18.296 13650 13668 I System.out: [INFO:1366060]: LogSource: Read id 17, status code 200
07-08 15:59:18.316 13650 13672 D WifiLocator: Too many no-location APs. Will not compute a location nor go to the server. hasLocation=0 noLocation=0 cacheMiss=0
07-08 15:59:19.675  2222  2224 D dalvikvm: GC_CONCURRENT freed 1980K, 28% free 20955K/28999K, paused 4ms+9ms
07-08 15:59:20.909 13715 13718 D dalvikvm: GC_CONCURRENT freed 378K, 6% free 10287K/10887K, paused 22ms+3ms
07-08 15:59:24.866  2222  2224 D dalvikvm: GC_CONCURRENT freed 2001K, 28% free 21024K/28999K, paused 4ms+9ms
07-08 15:59:26.991   141   143 D dalvikvm: GC_CONCURRENT freed 1227K, 24% free 14480K/18823K, paused 7ms+11ms
07-08 15:59:30.277  2222  2224 D dalvikvm: GC_CONCURRENT freed 2114K, 28% free 20900K/28999K, paused 5ms+10ms
07-08 15:59:30.816   340   340 D SAN_SERVICE: *******************************************
07-08 15:59:30.816   340   340 D SAN_SERVICE: DM App Phone Service State - 0
07-08 15:59:30.816   340   340 D SAN_SERVICE: *******************************************
07-08 15:59:35.628  2222  2224 D dalvikvm: GC_CONCURRENT freed 1981K, 28% free 20901K/28999K, paused 4ms+9ms
07-08 15:59:40.937  2222  2224 D dalvikvm: GC_CONCURRENT freed 2057K, 28% free 20892K/28999K, paused 4ms+12ms
07-08 15:59:41.011   340   340 D SAN_SERVICE: *******************************************
07-08 15:59:41.011   340   340 D SAN_SERVICE: DM App Phone Service State - 0
07-08 15:59:41.011   340   340 D SAN_SERVICE: *******************************************
07-08 15:59:41.269   340   340 D SAN_SERVICE: *******************************************
07-08 15:59:41.269   340   340 D SAN_SERVICE: DM App Phone Service State - 0
07-08 15:59:41.269   340   340 D SAN_SERVICE: *******************************************
07-08 15:59:46.515  2222  2224 D dalvikvm: GC_CONCURRENT freed 1973K, 28% free 20901K/28999K, paused 3ms+13ms
07-08 15:59:51.905  2222  2224 D dalvikvm: GC_CONCURRENT freed 2001K, 28% free 20961K/28999K, paused 3ms+11ms
07-08 15:59:57.062  2222  2224 D dalvikvm: GC_CONCURRENT freed 2088K, 28% free 20920K/28999K, paused 4ms+11ms
07-08 16:00:00.101   212   214 D dalvikvm: GC_CONCURRENT freed 393K, 43% free 10198K/17799K, paused 2ms+8ms
07-08 16:00:01.808 13650 13672 D WifiLocator: Too many no-location APs. Will not compute a location nor go to the server. hasLocation=0 noLocation=0 cacheMiss=0
07-08 16:00:01.808 13650 13672 D CellLocator: Primary cell miss in cache. Need server request.
07-08 16:00:01.843 13650 13668 I System.out: [INFO:1409607]: LogSource: Running flush
07-08 16:00:01.847 13650 13669 I System.out: [INFO:1409610]: LogSource: Sending payload [bytes=382]
07-08 16:00:02.120  2222  2224 D dalvikvm: GC_CONCURRENT freed 2077K, 29% free 20847K/28999K, paused 3ms+9ms
07-08 16:00:03.257 13650 13669 I System.out: [INFO:1411021]: LogSource: Response [http=200,length=88]
07-08 16:00:03.257 13650 13668 I System.out: [INFO:1411022]: LogSource: Read id 18, status code 200
07-08 16:00:03.316 13650 13672 D WifiLocator: Too many no-location APs. Will not compute a location nor go to the server. hasLocation=0 noLocation=0 cacheMiss=0
07-08 16:00:06.944 13715 13718 D dalvikvm: GC_CONCURRENT freed 383K, 6% free 10290K/10887K, paused 5ms+4ms
07-08 16:00:07.605  2222  2224 D dalvikvm: GC_CONCURRENT freed 1996K, 29% free 20837K/28999K, paused 4ms+9ms
07-08 16:00:12.823  2222  2224 D dalvikvm: GC_CONCURRENT freed 1991K, 29% free 20864K/28999K, paused 3ms+8ms
07-08 16:00:16.823   340   340 D SAN_SERVICE: *******************************************
07-08 16:00:16.823   340   340 D SAN_SERVICE: DM App Phone Service State - 0
07-08 16:00:16.823   340   340 D SAN_SERVICE: *******************************************
07-08 16:00:16.909   340   340 D SAN_SERVICE: *******************************************
07-08 16:00:16.909   340   340 D SAN_SERVICE: DM App Phone Service State - 0
07-08 16:00:16.909   340   340 D SAN_SERVICE: *******************************************
07-08 16:00:17.882  2222  2224 D dalvikvm: GC_CONCURRENT freed 2011K, 28% free 20880K/28999K, paused 4ms+9ms
07-08 16:00:25.609  2222  2224 D dalvikvm: GC_CONCURRENT freed 2026K, 29% free 20843K/28999K, paused 4ms+12ms
07-08 16:00:29.902 12935 12947 V TextToSpeechService: File /data/data/com.google.android.apps.maps/app_da_speech/._speech_nav_16.wav exists, deleting.
07-08 16:00:30.175  2222  2224 D dalvikvm: GC_CONCURRENT freed 1987K, 28% free 20903K/28999K, paused 7ms+9ms
07-08 16:00:30.987 12935 12946 V TextToSpeechService: File /data/data/com.google.android.apps.maps/app_da_speech/._speech_nav_20.wav exists, deleting.
07-08 16:00:31.640 12935 12949 V TextToSpeechService: File /data/data/com.google.android.apps.maps/app_da_speech/._speech_nav_19.wav exists, deleting.
07-08 16:00:32.351 12935 12947 V TextToSpeechService: File /data/data/com.google.android.apps.maps/app_da_speech/._speech_nav_11.wav exists, deleting.
07-08 16:00:32.683 12935 12938 D dalvikvm: GC_CONCURRENT freed 395K, 6% free 9265K/9799K, paused 2ms+7ms
07-08 16:00:32.757 12935 12946 V TextToSpeechService: File /data/data/com.google.android.apps.maps/app_da_speech/._speech_nav_18.wav exists, deleting.
07-08 16:00:33.773  2222  2224 D dalvikvm: GC_CONCURRENT freed 1966K, 28% free 20922K/28999K, paused 4ms+14ms
07-08 16:00:39.359  2222  2224 D dalvikvm: GC_CONCURRENT freed 2097K, 29% free 20808K/28999K, paused 3ms+8ms
07-08 16:00:44.780  2222  2224 D dalvikvm: GC_CONCURRENT freed 1982K, 29% free 20847K/28999K, paused 5ms+10ms
07-08 16:00:47.003 13650 13672 D WifiLocator: Too many no-location APs. Will not compute a location nor go to the server. hasLocation=0 noLocation=0 cacheMiss=0
07-08 16:00:47.003 13650 13672 D CellLocator: Primary cell miss in cache. Need server request.
07-08 16:00:47.030 13650 13668 I System.out: [INFO:1454789]: LogSource: Running flush
07-08 16:00:47.066 13650 13670 I System.out: [INFO:1454829]: LogSource: Sending payload [bytes=382]
07-08 16:00:48.277 13650 13670 I System.out: [INFO:1456038]: LogSource: Response [http=200,length=88]
07-08 16:00:48.277 13650 13668 I System.out: [INFO:1456039]: LogSource: Read id 19, status code 200
07-08 16:00:48.280 13650 13672 D WifiLocator: Too many no-location APs. Will not compute a location nor go to the server. hasLocation=0 noLocation=0 cacheMiss=0
07-08 16:00:49.277 12935 12949 V TextToSpeechService: File /data/data/com.google.android.apps.maps/app_da_speech/._speech_nav_0.wav exists, deleting.
07-08 16:00:49.503   212   214 D dalvikvm: GC_CONCURRENT freed 359K, 43% free 10236K/17799K, paused 2ms+34ms
07-08 16:00:49.944  2222  2224 D dalvikvm: GC_CONCURRENT freed 2000K, 29% free 20868K/28999K, paused 7ms+12ms
07-08 16:00:50.499   141   152 I AudioService:  AudioFocus  requestAudioFocus() from android.media.AudioManager@418735d0
07-08 16:00:50.597    81   121 D AudioHardware: AudioHardware pcm playback is exiting standby.
07-08 16:00:50.597    81   121 D AudioHardware: openPcmOut_l() mPcmOpenCnt: 0
07-08 16:00:50.878 13476 13479 D dalvikvm: GC_CONCURRENT freed 416K, 6% free 9052K/9607K, paused 1ms+2ms
07-08 16:00:54.335   141   143 D dalvikvm: GC_CONCURRENT freed 1244K, 24% free 14482K/18823K, paused 4ms+23ms
07-08 16:00:54.671   141   141 I AudioService:  AudioFocus  abandonAudioFocus() from android.media.AudioManager@418735d0
07-08 16:00:55.214  2222  2224 D dalvikvm: GC_CONCURRENT freed 2123K, 29% free 20792K/28999K, paused 3ms+11ms
07-08 16:00:56.948 13715 13718 D dalvikvm: GC_CONCURRENT freed 382K, 6% free 10293K/10887K, paused 8ms+13ms
07-08 16:00:57.663    81   121 D AudioHardware: AudioHardware pcm playback is going to standby.
07-08 16:00:57.663    81   121 D AudioHardware: closePcmOut_l() mPcmOpenCnt: 1
07-08 16:00:58.066   340   340 D SAN_SERVICE: *******************************************
07-08 16:00:58.066   340   340 D SAN_SERVICE: DM App Phone Service State - 0
07-08 16:00:58.066   340   340 D SAN_SERVICE: *******************************************
07-08 16:00:58.304   340   340 D SAN_SERVICE: *******************************************
07-08 16:00:58.304   340   340 D SAN_SERVICE: DM App Phone Service State - 0
07-08 16:00:58.304   340   340 D SAN_SERVICE: *******************************************
07-08 16:00:58.819   340   340 D SAN_SERVICE: *******************************************
07-08 16:00:58.819   340   340 D SAN_SERVICE: DM App Phone Service State - 0
07-08 16:00:58.819   340   340 D SAN_SERVICE: *******************************************
07-08 16:00:59.077   340   340 D SAN_SERVICE: *******************************************
07-08 16:00:59.077   340   340 D SAN_SERVICE: DM App Phone Service State - 0
07-08 16:00:59.077   340   340 D SAN_SERVICE: *******************************************
07-08 16:00:59.116   340   342 D dalvikvm: GC_CONCURRENT freed 456K, 6% free 9463K/10055K, paused 2ms+4ms
07-08 16:00:59.312   340   340 D SAN_SERVICE: *******************************************
07-08 16:00:59.312   340   340 D SAN_SERVICE: DM App Phone Service State - 0
07-08 16:00:59.312   340   340 D SAN_SERVICE: *******************************************
07-08 16:00:59.812   340   340 D SAN_SERVICE: *******************************************
07-08 16:00:59.812   340   340 D SAN_SERVICE: DM App Phone Service State - 0
07-08 16:00:59.812   340   340 D SAN_SERVICE: *******************************************
07-08 16:01:00.284   141   454 D dalvikvm: GC_EXPLICIT freed 298K, 24% free 14312K/18823K, paused 3ms+18ms
07-08 16:01:00.304   340   340 D SAN_SERVICE: *******************************************
07-08 16:01:00.304   340   340 D SAN_SERVICE: DM App Phone Service State - 0
07-08 16:01:00.304   340   340 D SAN_SERVICE: *******************************************
07-08 16:01:00.605  2222  2224 D dalvikvm: GC_CONCURRENT freed 1986K, 29% free 20782K/28999K, paused 3ms+9ms
07-08 16:01:05.999  2222  2224 D dalvikvm: GC_CONCURRENT freed 2039K, 29% free 20791K/28999K, paused 4ms+9ms
07-08 16:01:11.128  2222  2224 D dalvikvm: GC_CONCURRENT freed 1956K, 28% free 20883K/28999K, paused 4ms+25ms
07-08 16:01:11.718    81   121 D AudioHardware: AudioHardware pcm playback is exiting standby.
07-08 16:01:11.718    81   121 D AudioHardware: openPcmOut_l() mPcmOpenCnt: 0
07-08 16:01:12.581  2222  2224 D dalvikvm: GC_CONCURRENT freed 2049K, 28% free 20881K/28999K, paused 3ms+10ms
07-08 16:01:13.902  2222  2224 D dalvikvm: GC_CONCURRENT freed 1808K, 28% free 21121K/28999K, paused 3ms+10ms
07-08 16:01:14.812    81   121 D AudioHardware: AudioHardware pcm playback is going to standby.
07-08 16:01:14.812    81   121 D AudioHardware: closePcmOut_l() mPcmOpenCnt: 1
07-08 16:01:14.933  2222  2224 D dalvikvm: JIT code cache reset in 5 ms (1048544 bytes 17/0)
07-08 16:01:14.952  2222  2224 D dalvikvm: GC_CONCURRENT freed 1874K, 27% free 21294K/28999K, paused 6ms+16ms
07-08 16:01:16.023 13963 13976 I PhoneLab-: Service Running
07-08 16:01:16.722  2222  2224 D dalvikvm: GC_CONCURRENT freed 2226K, 28% free 21116K/28999K, paused 3ms+14ms
07-08 16:01:16.827 13963 13976 I PhoneLab-LoggerService: app_38    1226  1     1432   992   c00f181c 400107b4 S logcat
07-08 16:01:16.827 13963 13976 I PhoneLab-LoggerService: Logcat pid from database 1226
07-08 16:01:16.827 13963 13976 I PhoneLab-LoggerService: Logcat process found 1226
07-08 16:01:16.827 13963 13976 I PhoneLab-LoggerService: Checking Threshold
07-08 16:01:16.831 13963 13976 I PhoneLab-LoggerService: Starting to rename files
07-08 16:01:16.831 13963 13976 I PhoneLab-LoggerService: Files found .. 3
07-08 16:01:18.390  2222  2224 D dalvikvm: GC_CONCURRENT freed 2057K, 28% free 21138K/28999K, paused 3ms+13ms
07-08 16:01:19.034 13650 13652 D dalvikvm: GC_CONCURRENT freed 367K, 6% free 10090K/10695K, paused 67ms+27ms
07-08 16:01:20.105  2222  2224 D dalvikvm: GC_CONCURRENT freed 2026K, 28% free 21105K/28999K, paused 8ms+9ms
07-08 16:01:21.589  2222  2224 D dalvikvm: GC_CONCURRENT freed 2062K, 28% free 21091K/28999K, paused 3ms+9ms
07-08 16:01:23.327   340   340 D SAN_SERVICE: *******************************************
07-08 16:01:23.327   340   340 D SAN_SERVICE: DM App Phone Service State - 0
07-08 16:01:23.327   340   340 D SAN_SERVICE: *******************************************
07-08 16:01:23.444  2222  2224 D dalvikvm: GC_CONCURRENT freed 2020K, 28% free 21119K/28999K, paused 4ms+13ms
07-08 16:01:23.472   340   340 D SAN_SERVICE: *******************************************
07-08 16:01:23.472   340   340 D SAN_SERVICE: DM App Phone Service State - 0
07-08 16:01:23.472   340   340 D SAN_SERVICE: *******************************************
07-08 16:01:24.968  2222  2224 D dalvikvm: GC_CONCURRENT freed 2059K, 28% free 21107K/28999K, paused 4ms+11ms
07-08 16:01:26.202  2222  2224 D dalvikvm: GC_CONCURRENT freed 2039K, 28% free 21116K/28999K, paused 4ms+10ms
07-08 16:01:27.448  2222  2224 D dalvikvm: GC_CONCURRENT freed 1770K, 27% free 21394K/28999K, paused 3ms+8ms
07-08 16:01:28.577   340   340 D SAN_SERVICE: *******************************************
07-08 16:01:28.577   340   340 D SAN_SERVICE: DM App Phone Service State - 0
07-08 16:01:28.577   340   340 D SAN_SERVICE: *******************************************
07-08 16:01:28.761   340   340 D SAN_SERVICE: *******************************************
07-08 16:01:28.761   340   340 D SAN_SERVICE: DM App Phone Service State - 0
07-08 16:01:28.761   340   340 D SAN_SERVICE: *******************************************
07-08 16:01:28.870   340   340 D SAN_SERVICE: *******************************************
07-08 16:01:28.870   340   340 D SAN_SERVICE: DM App Phone Service State - 0
07-08 16:01:28.870   340   340 D SAN_SERVICE: *******************************************
07-08 16:01:28.902  2222  2224 D dalvikvm: GC_CONCURRENT freed 2008K, 27% free 21428K/28999K, paused 3ms+21ms
07-08 16:01:29.327   340   340 D SAN_SERVICE: *******************************************
07-08 16:01:29.327   340   340 D SAN_SERVICE: DM App Phone Service State - 0
07-08 16:01:29.327   340   340 D SAN_SERVICE: *******************************************
07-08 16:01:29.960  2222  2224 D dalvikvm: GC_CONCURRENT freed 1947K, 26% free 21528K/28999K, paused 4ms+10ms
07-08 16:01:31.663  2222  2224 D dalvikvm: GC_CONCURRENT freed 2101K, 26% free 21474K/28999K, paused 4ms+9ms
07-08 16:01:31.812 13650 13672 D WifiLocator: Too many no-location APs. Will not compute a location nor go to the server. hasLocation=0 noLocation=0 cacheMiss=0
07-08 16:01:31.812 13650 13672 D CellLocator: Primary cell miss in cache. Need server request.
07-08 16:01:31.835 13650 13668 I System.out: [INFO:1499598]: LogSource: Running flush
07-08 16:01:31.859 13650 13671 I System.out: [INFO:1499623]: LogSource: Sending payload [bytes=390]
07-08 16:01:32.323 13650 13671 I System.out: [INFO:1500086]: LogSource: Response [http=200,length=88]
07-08 16:01:32.339 13650 13668 I System.out: [INFO:1500103]: LogSource: Read id 20, status code 200
07-08 16:01:32.429 13650 13672 D WifiLocator: Too many no-location APs. Will not compute a location nor go to the server. hasLocation=0 noLocation=0 cacheMiss=0
07-08 16:01:33.163  2222  2224 D dalvikvm: GC_CONCURRENT freed 1882K, 26% free 21639K/28999K, paused 3ms+10ms
07-08 16:01:33.577   340   340 D SAN_SERVICE: *******************************************
07-08 16:01:33.577   340   340 D SAN_SERVICE: DM App Phone Service State - 0
07-08 16:01:33.577   340   340 D SAN_SERVICE: *******************************************
07-08 16:01:33.835   340   340 D SAN_SERVICE: *******************************************
07-08 16:01:33.835   340   340 D SAN_SERVICE: DM App Phone Service State - 0
07-08 16:01:33.835   340   340 D SAN_SERVICE: *******************************************
07-08 16:01:34.327   340   340 D SAN_SERVICE: *******************************************
07-08 16:01:34.327   340   340 D SAN_SERVICE: DM App Phone Service State - 0
07-08 16:01:34.327   340   340 D SAN_SERVICE: *******************************************
07-08 16:01:34.472  2222  2224 D dalvikvm: GC_CONCURRENT freed 2045K, 26% free 21642K/28999K, paused 4ms+9ms
07-08 16:01:35.694  2222  2224 D dalvikvm: GC_CONCURRENT freed 2047K, 26% free 21643K/28999K, paused 4ms+9ms
07-08 16:01:37.499  2222  2224 D dalvikvm: GC_CONCURRENT freed 2047K, 26% free 21644K/28999K, paused 4ms+9ms
07-08 16:01:38.882  2222  2224 D dalvikvm: GC_CONCURRENT freed 2046K, 26% free 21645K/28999K, paused 3ms+10ms
07-08 16:01:39.218   212   214 D dalvikvm: GC_CONCURRENT freed 434K, 43% free 10193K/17799K, paused 3ms+15ms
07-08 16:01:40.745  2222  2224 D dalvikvm: GC_CONCURRENT freed 2046K, 26% free 21647K/28999K, paused 3ms+9ms
07-08 16:01:40.843   141   141 I AudioService:  AudioFocus  requestAudioFocus() from android.media.AudioManager@418735d0
07-08 16:01:40.874 12935 12947 V TextToSpeechService: File /data/data/com.google.android.apps.maps/app_da_speech/._speech_nav_2.wav exists, deleting.
07-08 16:01:40.898    81   121 D AudioHardware: AudioHardware pcm playback is exiting standby.
07-08 16:01:40.898    81   121 D AudioHardware: openPcmOut_l() mPcmOpenCnt: 0
07-08 16:01:41.554 13715 13718 D dalvikvm: GC_CONCURRENT freed 416K, 6% free 10260K/10887K, paused 15ms+3ms
07-08 16:01:42.636  2222  2224 D dalvikvm: GC_CONCURRENT freed 2045K, 26% free 21649K/28999K, paused 3ms+9ms
07-08 16:01:43.847   340   340 D SAN_SERVICE: *******************************************
07-08 16:01:43.847   340   340 D SAN_SERVICE: DM App Phone Service State - 0
07-08 16:01:43.847   340   340 D SAN_SERVICE: *******************************************
07-08 16:01:44.335   340   340 D SAN_SERVICE: *******************************************
07-08 16:01:44.339   340   340 D SAN_SERVICE: DM App Phone Service State - 0
07-08 16:01:44.339   340   340 D SAN_SERVICE: *******************************************
07-08 16:01:44.444  2222  2224 D dalvikvm: GC_CONCURRENT freed 2043K, 26% free 21654K/28999K, paused 3ms+11ms
07-08 16:01:44.624   141   408 I AudioService:  AudioFocus  abandonAudioFocus() from android.media.AudioManager@418735d0
07-08 16:01:45.976  2222  2224 D dalvikvm: GC_CONCURRENT freed 2053K, 26% free 21649K/28999K, paused 3ms+9ms
07-08 16:01:47.112  2222 12922 D dalvikvm: GC_FOR_ALLOC freed 1320K, 26% free 21646K/28999K, paused 127ms
07-08 16:01:47.616    81   121 D AudioHardware: AudioHardware pcm playback is going to standby.
07-08 16:01:47.616    81   121 D AudioHardware: closePcmOut_l() mPcmOpenCnt: 1
07-08 16:01:47.819  2222  2224 D dalvikvm: GC_CONCURRENT freed 2004K, 26% free 21690K/28999K, paused 3ms+11ms
07-08 16:01:48.991  2222  2224 D dalvikvm: GC_CONCURRENT freed 1972K, 25% free 21765K/28999K, paused 3ms+10ms
07-08 16:01:51.452  2222  2224 D dalvikvm: GC_CONCURRENT freed 2061K, 25% free 21752K/28999K, paused 4ms+9ms
07-08 16:01:53.249  2222  2224 D dalvikvm: GC_CONCURRENT freed 2050K, 26% free 21749K/28999K, paused 3ms+8ms
07-08 16:01:55.319  2222  2224 D dalvikvm: GC_CONCURRENT freed 2052K, 26% free 21745K/28999K, paused 17ms+10ms
07-08 16:01:56.874  2222  2224 D dalvikvm: GC_CONCURRENT freed 2035K, 25% free 21779K/28999K, paused 4ms+9ms
07-08 16:01:58.515  2222  2224 D dalvikvm: GC_CONCURRENT freed 2074K, 25% free 21752K/28999K, paused 3ms+10ms
07-08 16:02:00.042  2222  2224 D dalvikvm: GC_CONCURRENT freed 2052K, 26% free 21748K/28999K, paused 5ms+11ms
07-08 16:02:01.710  2222  2224 D dalvikvm: GC_CONCURRENT freed 2051K, 26% free 21745K/28999K, paused 4ms+10ms
07-08 16:02:03.362   340   340 D SAN_SERVICE: *******************************************
07-08 16:02:03.362   340   340 D SAN_SERVICE: DM App Phone Service State - 0
07-08 16:02:03.362   340   340 D SAN_SERVICE: *******************************************
07-08 16:02:03.585  2222  2224 D dalvikvm: GC_CONCURRENT freed 2042K, 25% free 21750K/28999K, paused 5ms+10ms
07-08 16:02:04.362   141   430 D AlarmManagerService: Kernel timezone updated to 420 minutes west of GMT
07-08 16:02:05.726  2222  2224 D dalvikvm: GC_CONCURRENT freed 2047K, 25% free 21752K/28999K, paused 3ms+9ms
07-08 16:02:06.355   141  2608 D AlarmManagerService: Kernel timezone updated to 420 minutes west of GMT
07-08 16:02:07.796  2222  2224 D dalvikvm: GC_CONCURRENT freed 2047K, 25% free 21752K/28999K, paused 4ms+13ms
07-08 16:02:08.304 13715 13718 D dalvikvm: GC_CONCURRENT freed 362K, 6% free 10281K/10887K, paused 12ms+4ms
07-08 16:02:09.460  2222  2224 D dalvikvm: GC_CONCURRENT freed 2047K, 25% free 21753K/28999K, paused 9ms+10ms
07-08 16:02:10.823   141   153 I AudioService:  AudioFocus  requestAudioFocus() from android.media.AudioManager@418735d0
07-08 16:02:10.882    81   121 D AudioHardware: AudioHardware pcm playback is exiting standby.
07-08 16:02:10.882    81   121 D AudioHardware: openPcmOut_l() mPcmOpenCnt: 0
07-08 16:02:11.050   212   214 D dalvikvm: GC_CONCURRENT freed 390K, 43% free 10195K/17799K, paused 7ms+21ms
07-08 16:02:11.749  2222  2224 D dalvikvm: GC_CONCURRENT freed 1927K, 25% free 21873K/28999K, paused 3ms+9ms
07-08 16:02:12.929  2222  2224 D dalvikvm: GC_CONCURRENT freed 2117K, 25% free 21803K/28999K, paused 3ms+10ms
07-08 16:02:13.913   141   382 I AudioService:  AudioFocus  abandonAudioFocus() from android.media.AudioManager@418735d0
07-08 16:02:14.542  2222  2224 D dalvikvm: GC_CONCURRENT freed 2053K, 25% free 21798K/28999K, paused 2ms+9ms
07-08 16:02:16.042  2222  2224 D dalvikvm: GC_CONCURRENT freed 2040K, 25% free 21806K/28999K, paused 4ms+10ms
07-08 16:02:16.269   141   143 D dalvikvm: GC_CONCURRENT freed 1041K, 24% free 14469K/18823K, paused 4ms+26ms
07-08 16:02:16.882 13650 13672 D WifiLocator: Too many no-location APs. Will not compute a location nor go to the server. hasLocation=0 noLocation=0 cacheMiss=0
07-08 16:02:16.882 13650 13672 D CellLocator: Primary cell miss in cache. Need server request.
07-08 16:02:16.905    81   121 D AudioHardware: AudioHardware pcm playback is going to standby.
07-08 16:02:16.905    81   121 D AudioHardware: closePcmOut_l() mPcmOpenCnt: 1
07-08 16:02:16.968 13650 13668 I System.out: [INFO:1544710]: LogSource: Running flush
07-08 16:02:17.085 13650 13669 I System.out: [INFO:1544847]: LogSource: Sending payload [bytes=392]
07-08 16:02:17.749 13650 13669 I System.out: [INFO:1545512]: LogSource: Response [http=200,length=88]
07-08 16:02:17.777  2222  2224 D dalvikvm: GC_CONCURRENT freed 2041K, 25% free 21812K/28999K, paused 3ms+11ms
07-08 16:02:17.855 13650 13668 I System.out: [INFO:1545600]: LogSource: Read id 21, status code 200
07-08 16:02:17.882 13650 13672 D WifiLocator: Too many no-location APs. Will not compute a location nor go to the server. hasLocation=0 noLocation=0 cacheMiss=0
07-08 16:02:19.319  2222  2224 D dalvikvm: GC_CONCURRENT freed 2054K, 25% free 21807K/28999K, paused 4ms+10ms
07-08 16:02:21.136  2222  2224 D dalvikvm: GC_CONCURRENT freed 2035K, 25% free 21824K/28999K, paused 3ms+10ms
07-08 16:02:22.737  2222  2224 D dalvikvm: GC_CONCURRENT freed 2068K, 25% free 21803K/28999K, paused 4ms+10ms
07-08 16:02:24.155  2222  2224 D dalvikvm: GC_CONCURRENT freed 1985K, 25% free 21866K/28999K, paused 3ms+9ms
07-08 16:02:25.847  2222  2224 D dalvikvm: GC_CONCURRENT freed 1982K, 25% free 21931K/28999K, paused 3ms+9ms
07-08 16:02:27.073  2222  2224 D dalvikvm: GC_CONCURRENT freed 2030K, 25% free 21949K/28999K, paused 3ms+9ms
07-08 16:02:29.054  2222  2224 D dalvikvm: GC_CONCURRENT freed 2051K, 25% free 21946K/28999K, paused 4ms+10ms
07-08 16:02:29.894 13963 13963 I PhoneLab-Locks: wake lock acquired
07-08 16:02:29.898 13963 13963 I PhoneLab-StatusMonitor: Status Monitoring is started
07-08 16:02:29.968 13963 13965 D dalvikvm: GC_CONCURRENT freed 587K, 7% free 9201K/9863K, paused 3ms+5ms
07-08 16:02:30.050 13963 13963 I PhoneLab-StatusMonitor: Value: 10 - unit: min
07-08 16:02:30.050 13963 13963 I PhoneLab-StatusMonitor: Running interval: 600000
07-08 16:02:30.062 13963 13963 I PhoneLab-StatusMonitor: Rescheduling status monitoring...
07-08 16:02:30.062 13963 13963 I PhoneLab-Locks: wake lock released
07-08 16:02:30.069 13963 13963 I PhoneLab-StatusMonitorLocation: Learning Location
07-08 16:02:30.069 13963 13963 I PhoneLab-Locks: wake lock acquired
07-08 16:02:30.077 13963 13963 I PhoneLab-Locks: wake lock acquired
07-08 16:02:30.081 13963 13963 I PhoneLab-StatusMonitorLocation: Learning Signal Strgth
07-08 16:02:30.081 13963 13963 I PhoneLab-Locks: wake lock acquired
07-08 16:02:30.120 13650 13677 D androidNetworkLocationListeners: Still have listener com.google.android.location.internal.client.NetworkLocationClient$1@412fe318
07-08 16:02:30.191 13650 13677 D androidNetworkLocationListeners: Still have listener com.google.android.location.internal.client.NetworkLocationClient$1@412fe318
07-08 16:02:30.210 13650 13672 D WifiLocator: Too many no-location APs. Will not compute a location nor go to the server. hasLocation=0 noLocation=0 cacheMiss=0
07-08 16:02:30.277 13963 13963 I PhoneLab-StatusMonitorBattery: Battery_level: 46
07-08 16:02:30.277 13963 13963 I PhoneLab-Locks: wake lock released
07-08 16:02:30.292 13963 13963 I PhoneLab-StatusMonitorSignal: Signal_Strength: -76 asu: 19
07-08 16:02:30.292 13963 13963 I PhoneLab-Locks: wake lock released
07-08 16:02:30.409 13650 13672 D WifiLocator: Too many no-location APs. Will not compute a location nor go to the server. hasLocation=0 noLocation=0 cacheMiss=0
07-08 16:02:30.644 13963 13965 D dalvikvm: GC_CONCURRENT freed 444K, 8% free 9146K/9863K, paused 1ms+2ms
07-08 16:02:30.663  2222  2224 D dalvikvm: GC_CONCURRENT freed 2046K, 25% free 21947K/28999K, paused 3ms+10ms
07-08 16:02:30.898 13650 13677 D androidNetworkLocationListeners: Still have listener com.google.android.location.internal.client.NetworkLocationClient$1@412fe318
07-08 16:02:30.898 13963 13963 I PhoneLab-StatusMonitorLocation: Location_Latitude: 36.9878992 Longitude: -122.0234558 Accuracy: 1299.0
07-08 16:02:30.898 13963 13963 I PhoneLab-Locks: wake lock released
07-08 16:02:30.913 13650 13672 D WifiLocator: Too many no-location APs. Will not compute a location nor go to the server. hasLocation=0 noLocation=0 cacheMiss=0
07-08 16:02:32.542  2222  2224 D dalvikvm: GC_CONCURRENT freed 1916K, 24% free 22078K/28999K, paused 5ms+10ms
07-08 16:02:34.491  2222  2224 D dalvikvm: GC_CONCURRENT freed 2044K, 24% free 22082K/28999K, paused 4ms+9ms
07-08 16:02:36.585  2222  2224 D dalvikvm: GC_CONCURRENT freed 2053K, 24% free 22077K/28999K, paused 4ms+9ms
07-08 16:02:38.679  2222  2224 D dalvikvm: GC_CONCURRENT freed 2048K, 24% free 22077K/28999K, paused 3ms+10ms
07-08 16:02:40.390   340   340 D SAN_SERVICE: *******************************************
07-08 16:02:40.390   340   340 D SAN_SERVICE: DM App Phone Service State - 0
07-08 16:02:40.390   340   340 D SAN_SERVICE: *******************************************
07-08 16:02:40.425   340   342 D dalvikvm: GC_CONCURRENT freed 403K, 6% free 9464K/10055K, paused 3ms+6ms
07-08 16:02:41.194  2222  2224 D dalvikvm: GC_CONCURRENT freed 2040K, 24% free 22110K/28999K, paused 4ms+11ms
07-08 16:02:42.632  2222  2224 D dalvikvm: GC_CONCURRENT freed 1933K, 24% free 22224K/28999K, paused 2ms+10ms
07-08 16:02:44.331  2222  2224 D dalvikvm: GC_CONCURRENT freed 2125K, 24% free 22146K/28999K, paused 4ms+9ms
07-08 16:02:46.152  2222  2224 D dalvikvm: GC_CONCURRENT freed 2065K, 24% free 22129K/28999K, paused 3ms+12ms
07-08 16:02:48.351  2222  2224 D dalvikvm: GC_CONCURRENT freed 2044K, 24% free 22132K/28999K, paused 4ms+9ms
07-08 16:02:49.952  2222  2224 D dalvikvm: GC_CONCURRENT freed 2046K, 24% free 22134K/28999K, paused 3ms+10ms
07-08 16:02:52.241  2222  2224 D dalvikvm: GC_CONCURRENT freed 2101K, 24% free 22104K/28999K, paused 4ms+9ms
07-08 16:02:54.319  2222  2224 D dalvikvm: GC_CONCURRENT freed 2081K, 24% free 22072K/28999K, paused 4ms+11ms
07-08 16:02:56.019 13715 13718 D dalvikvm: GC_CONCURRENT freed 381K, 6% free 10285K/10887K, paused 2ms+3ms
07-08 16:02:56.679  2222  2224 D dalvikvm: GC_CONCURRENT freed 2047K, 24% free 22072K/28999K, paused 4ms+9ms
07-08 16:03:16.015 13963 13976 I PhoneLab-: Service Running
07-08 16:03:16.034 13650 13672 D WifiLocator: Too many no-location APs. Will not compute a location nor go to the server. hasLocation=0 noLocation=0 cacheMiss=0
07-08 16:03:16.034 13650 13672 D CellLocator: Primary cell miss in cache. Need server request.
07-08 16:03:16.054 13650 13668 I System.out: [INFO:1603816]: LogSource: Running flush
07-08 16:03:16.054 13650 13670 I System.out: [INFO:1603819]: LogSource: Sending payload [bytes=404]
07-08 16:03:16.089 13963 13976 I PhoneLab-LoggerService: app_38    1226  1     1432   992   c00f181c 400107b4 S logcat
07-08 16:03:16.089 13963 13976 I PhoneLab-LoggerService: Logcat pid from database 1226
07-08 16:03:16.089 13963 13976 I PhoneLab-LoggerService: Logcat process found 1226
07-08 16:03:16.089 13963 13976 I PhoneLab-LoggerService: Checking Threshold
07-08 16:03:16.089 13963 13976 I PhoneLab-LoggerService: Starting to rename files
07-08 16:03:16.089 13963 13976 I PhoneLab-LoggerService: Files found .. 3
07-08 16:03:16.597 13650 13670 I System.out: [INFO:1604361]: LogSource: Response [http=200,length=88]
07-08 16:03:16.601 13650 13668 I System.out: [INFO:1604363]: LogSource: Read id 22, status code 200
07-08 16:03:16.601 13650 13672 D WifiLocator: Too many no-location APs. Will not compute a location nor go to the server. hasLocation=0 noLocation=0 cacheMiss=0
07-08 16:03:28.507   141   409 D AlarmManagerService: Kernel timezone updated to 420 minutes west of GMT
07-08 16:03:28.150 14236 14262 V AlarmClock: AlarmInitReceiver finished
07-08 16:03:28.511   340   340 D SystemClock: Setting time of day to sec=1341788608
07-08 16:03:28.275 14245 14249 D dalvikvm: GC_CONCURRENT freed 323K, 5% free 9145K/9607K, paused 3ms+3ms
07-08 16:03:33.642  2222  2224 D dalvikvm: JIT code cache reset in 5 ms (1048372 bytes 18/0)
07-08 16:03:33.677  2222  2224 D dalvikvm: GC_CONCURRENT freed 2213K, 25% free 21795K/28999K, paused 4ms+16ms
07-08 16:03:37.505   141   143 D dalvikvm: GC_CONCURRENT freed 1233K, 24% free 14477K/18823K, paused 23ms+13ms
07-08 16:03:48.497 13715 13718 D dalvikvm: GC_CONCURRENT freed 386K, 6% free 10287K/10887K, paused 4ms+3ms
07-08 16:03:56.646  2222  2224 D dalvikvm: GC_CONCURRENT freed 2170K, 26% free 21673K/28999K, paused 3ms+26ms
07-08 16:03:56.771   340   340 D SAN_SERVICE: *******************************************
07-08 16:03:56.771   340   340 D SAN_SERVICE: DM App Phone Service State - 0
07-08 16:03:56.771   340   340 D SAN_SERVICE: *******************************************
07-08 16:03:57.017   340   340 D SAN_SERVICE: *******************************************
07-08 16:03:57.017   340   340 D SAN_SERVICE: DM App Phone Service State - 0
07-08 16:03:57.017   340   340 D SAN_SERVICE: *******************************************
07-08 16:03:58.326  2222  2224 D dalvikvm: GC_CONCURRENT freed 2102K, 26% free 21618K/28999K, paused 2ms+13ms
07-08 16:04:00.111  2222  2224 D dalvikvm: GC_CONCURRENT freed 2049K, 26% free 21617K/28999K, paused 4ms+9ms
07-08 16:04:00.611 13650 13672 D WifiLocator: Too many no-location APs. Will not compute a location nor go to the server. hasLocation=0 noLocation=0 cacheMiss=0
07-08 16:04:00.611 13650 13672 D CellLocator: Primary cell miss in cache. Need server request.
07-08 16:04:00.724 13650 13668 I System.out: [INFO:1648484]: LogSource: Running flush
07-08 16:04:00.747 13650 13669 I System.out: [INFO:1648510]: LogSource: Sending payload [bytes=402]
07-08 16:04:01.224 13650 13652 D dalvikvm: GC_CONCURRENT freed 401K, 6% free 10080K/10695K, paused 71ms+44ms
07-08 16:04:02.017  2222  2224 D dalvikvm: GC_CONCURRENT freed 2042K, 26% free 21655K/28999K, paused 4ms+8ms
07-08 16:04:02.443 13650 13669 I System.out: [INFO:1650205]: LogSource: Response [http=200,length=88]
07-08 16:04:02.474 13650 13668 I System.out: [INFO:1650238]: LogSource: Read id 23, status code 200
07-08 16:04:02.494 13650 13672 D WifiLocator: Too many no-location APs. Will not compute a location nor go to the server. hasLocation=0 noLocation=0 cacheMiss=0
07-08 16:04:04.208  2222  2224 D dalvikvm: GC_CONCURRENT freed 2086K, 26% free 21617K/28999K, paused 3ms+9ms
07-08 16:04:06.697  2222  2224 D dalvikvm: GC_CONCURRENT freed 2053K, 26% free 21612K/28999K, paused 3ms+9ms
07-08 16:04:06.779   340   340 D SAN_SERVICE: *******************************************
07-08 16:04:06.779   340   340 D SAN_SERVICE: DM App Phone Service State - 0
07-08 16:04:06.779   340   340 D SAN_SERVICE: *******************************************
07-08 16:04:07.025   340   340 D SAN_SERVICE: *******************************************
07-08 16:04:07.025   340   340 D SAN_SERVICE: DM App Phone Service State - 0
07-08 16:04:07.025   340   340 D SAN_SERVICE: *******************************************
07-08 16:04:08.986  2222  2224 D dalvikvm: GC_CONCURRENT freed 1994K, 26% free 21665K/28999K, paused 4ms+10ms
07-08 16:04:11.634  2222  2224 D dalvikvm: GC_CONCURRENT freed 2049K, 26% free 21664K/28999K, paused 11ms+10ms
07-08 16:04:14.040  2222  2224 D dalvikvm: GC_CONCURRENT freed 2052K, 26% free 21660K/28999K, paused 4ms+11ms
07-08 16:04:14.451 12935 12946 V TextToSpeechService: File /data/data/com.google.android.apps.maps/app_da_speech/._speech_nav_1.wav exists, deleting.
07-08 16:04:16.001  2222  2224 D dalvikvm: GC_CONCURRENT freed 2018K, 26% free 21711K/28999K, paused 4ms+8ms
07-08 16:04:17.728  2222  2224 D dalvikvm: GC_CONCURRENT freed 2046K, 26% free 21722K/28999K, paused 3ms+9ms
07-08 16:04:19.392  2222  2224 D dalvikvm: GC_CONCURRENT freed 2077K, 26% free 21692K/28999K, paused 3ms+9ms
07-08 16:04:19.786   340   340 D SAN_SERVICE: *******************************************
07-08 16:04:19.786   340   340 D SAN_SERVICE: DM App Phone Service State - 0
07-08 16:04:19.786   340   340 D SAN_SERVICE: *******************************************
07-08 16:04:20.033   340   340 D SAN_SERVICE: *******************************************
07-08 16:04:20.033   340   340 D SAN_SERVICE: DM App Phone Service State - 0
07-08 16:04:20.033   340   340 D SAN_SERVICE: *******************************************
07-08 16:04:20.786   340   340 D SAN_SERVICE: *******************************************
07-08 16:04:20.786   340   340 D SAN_SERVICE: DM App Phone Service State - 0
07-08 16:04:20.786   340   340 D SAN_SERVICE: *******************************************
07-08 16:04:21.033   340   340 D SAN_SERVICE: *******************************************
07-08 16:04:21.033   340   340 D SAN_SERVICE: DM App Phone Service State - 0
07-08 16:04:21.033   340   340 D SAN_SERVICE: *******************************************
07-08 16:04:21.173  2222  2224 D dalvikvm: GC_CONCURRENT freed 1928K, 25% free 21812K/28999K, paused 3ms+10ms
07-08 16:04:23.290  2222  2224 D dalvikvm: GC_CONCURRENT freed 2172K, 26% free 21687K/28999K, paused 3ms+9ms
07-08 16:04:23.626 13476 13479 D dalvikvm: GC_CONCURRENT freed 416K, 6% free 9052K/9607K, paused 8ms+55ms
07-08 16:04:26.158  2222  2224 D dalvikvm: GC_CONCURRENT freed 2049K, 26% free 21686K/28999K, paused 6ms+9ms
07-08 16:04:27.290   340   340 D SAN_SERVICE: *******************************************
07-08 16:04:27.290   340   340 D SAN_SERVICE: DM App Phone Service State - 0
07-08 16:04:27.290   340   340 D SAN_SERVICE: *******************************************
07-08 16:04:28.036   340   340 D SAN_SERVICE: *******************************************
07-08 16:04:28.036   340   340 D SAN_SERVICE: DM App Phone Service State - 0
07-08 16:04:28.036   340   340 D SAN_SERVICE: *******************************************
07-08 16:04:28.119  2222  2224 D dalvikvm: GC_CONCURRENT freed 2051K, 26% free 21683K/28999K, paused 4ms+9ms
07-08 16:04:29.794   340   340 D SAN_SERVICE: *******************************************
07-08 16:04:29.794   340   340 D SAN_SERVICE: DM App Phone Service State - 0
07-08 16:04:29.794   340   340 D SAN_SERVICE: *******************************************
07-08 16:04:30.044   141  2014 D AlarmManagerService: Kernel timezone updated to 420 minutes west of GMT
07-08 16:04:30.056   340   340 D SAN_SERVICE: *******************************************
07-08 16:04:30.056   340   340 D SAN_SERVICE: DM App Phone Service State - 0
07-08 16:04:30.056   340   340 D SAN_SERVICE: *******************************************
07-08 16:04:30.087  2222  2224 D dalvikvm: GC_CONCURRENT freed 2045K, 26% free 21686K/28999K, paused 4ms+9ms
07-08 16:04:31.036   141  2006 D AlarmManagerService: Kernel timezone updated to 420 minutes west of GMT
07-08 16:04:31.755  2222  2224 D dalvikvm: GC_CONCURRENT freed 2042K, 26% free 21691K/28999K, paused 6ms+9ms
07-08 16:04:32.408   141   409 I AudioService:  AudioFocus  requestAudioFocus() from android.media.AudioManager@418735d0
07-08 16:04:32.458    81   121 D AudioHardware: AudioHardware pcm playback is exiting standby.
07-08 16:04:32.458    81   121 D AudioHardware: openPcmOut_l() mPcmOpenCnt: 0
07-08 16:04:32.564   340   340 D SAN_SERVICE: *******************************************
07-08 16:04:32.564   340   340 D SAN_SERVICE: DM App Phone Service State - 0
07-08 16:04:32.564   340   340 D SAN_SERVICE: *******************************************
07-08 16:04:32.665 13715 13718 D dalvikvm: GC_CONCURRENT freed 385K, 6% free 10298K/10887K, paused 11ms+14ms
07-08 16:04:33.040   340   340 D SAN_SERVICE: *******************************************
07-08 16:04:33.040   340   340 D SAN_SERVICE: DM App Phone Service State - 0
07-08 16:04:33.040   340   340 D SAN_SERVICE: *******************************************
07-08 16:04:34.677  2222  2224 D dalvikvm: GC_CONCURRENT freed 2053K, 26% free 21685K/28999K, paused 2ms+9ms
07-08 16:04:35.052   340   340 D SAN_SERVICE: *******************************************
07-08 16:04:35.052   340   340 D SAN_SERVICE: DM App Phone Service State - 0
07-08 16:04:35.052   340   340 D SAN_SERVICE: *******************************************
07-08 16:04:35.404   141   325 I AudioService:  AudioFocus  abandonAudioFocus() from android.media.AudioManager@418735d0
07-08 16:04:37.232  2222  2224 D dalvikvm: GC_CONCURRENT freed 2041K, 26% free 21693K/28999K, paused 5ms+10ms
07-08 16:04:38.384    81   121 D AudioHardware: AudioHardware pcm playback is going to standby.
07-08 16:04:38.384    81   121 D AudioHardware: closePcmOut_l() mPcmOpenCnt: 1
07-08 16:04:39.716  2222  2224 D dalvikvm: GC_CONCURRENT freed 2044K, 26% free 21696K/28999K, paused 3ms+10ms
07-08 16:04:41.544   212   214 D dalvikvm: GC_CONCURRENT freed 346K, 43% free 10240K/17799K, paused 3ms+10ms
07-08 16:04:42.212  2222  2224 D dalvikvm: GC_CONCURRENT freed 2053K, 26% free 21690K/28999K, paused 3ms+13ms
07-08 16:04:44.501  2222  2224 D dalvikvm: GC_CONCURRENT freed 2047K, 26% free 21696K/28999K, paused 4ms+11ms
07-08 16:04:44.576 12935 12949 V TextToSpeechService: File /data/data/com.google.android.apps.maps/app_da_speech/._speech_nav_15.wav exists, deleting.
07-08 16:04:45.607 13650 13672 D WifiLocator: Too many no-location APs. Will not compute a location nor go to the server. hasLocation=0 noLocation=0 cacheMiss=0
07-08 16:04:45.607 13650 13672 D CellLocator: Primary cell miss in cache. Need server request.
07-08 16:04:45.622 13650 13668 I System.out: [INFO:1693386]: LogSource: Running flush
07-08 16:04:45.654 13650 13670 I System.out: [INFO:1693418]: LogSource: Sending payload [bytes=374]
07-08 16:04:46.142 12935 12938 D dalvikvm: GC_CONCURRENT freed 410K, 6% free 9266K/9799K, paused 13ms+4ms
07-08 16:04:46.896 13650 13670 I System.out: [INFO:1694661]: LogSource: Response [http=200,length=87]
07-08 16:04:46.900 13650 13668 I System.out: [INFO:1694662]: LogSource: Read id 24, status code 200
07-08 16:04:46.923  2222  2224 D dalvikvm: GC_CONCURRENT freed 2064K, 26% free 21679K/28999K, paused 6ms+12ms
07-08 16:04:46.978 13650 13672 D WifiLocator: Too many no-location APs. Will not compute a location nor go to the server. hasLocation=0 noLocation=0 cacheMiss=0
07-08 16:04:47.595 12935 12962 D NetworkSynthesizer: [1094181288] :Timed out executing network fetch : java.util.concurrent.TimeoutException
07-08 16:04:47.724 12935 12986 E NetworkFetchTask: [1094181288] : Interrupted while waiting for all data to be received.
07-08 16:04:47.806   340   340 D SAN_SERVICE: *******************************************
07-08 16:04:47.806   340   340 D SAN_SERVICE: DM App Phone Service State - 0
07-08 16:04:47.806   340   340 D SAN_SERVICE: *******************************************
07-08 16:04:47.865   340   342 D dalvikvm: GC_CONCURRENT freed 397K, 6% free 9462K/10055K, paused 3ms+2ms
07-08 16:04:48.052   340   340 D SAN_SERVICE: *******************************************
07-08 16:04:48.052   340   340 D SAN_SERVICE: DM App Phone Service State - 0
07-08 16:04:48.052   340   340 D SAN_SERVICE: *******************************************
07-08 16:04:49.443  2222  2224 D dalvikvm: GC_CONCURRENT freed 2055K, 26% free 21672K/28999K, paused 3ms+19ms
07-08 16:04:52.564  2222  2224 D dalvikvm: GC_CONCURRENT freed 1941K, 26% free 21669K/28999K, paused 3ms+10ms
07-08 16:04:58.736   141   143 D dalvikvm: GC_CONCURRENT freed 1243K, 24% free 14477K/18823K, paused 20ms+9ms
07-08 16:05:16.009 13963 13976 I PhoneLab-: Service Running
07-08 16:05:16.107 13963 13976 I PhoneLab-LoggerService: app_38    1226  1     1432   992   c00f181c 400107b4 S logcat
07-08 16:05:16.107 13963 13976 I PhoneLab-LoggerService: Logcat pid from database 1226
07-08 16:05:16.107 13963 13976 I PhoneLab-LoggerService: Logcat process found 1226
07-08 16:05:16.107 13963 13976 I PhoneLab-LoggerService: Checking Threshold
07-08 16:05:16.107 13963 13976 I PhoneLab-LoggerService: Starting to rename files
07-08 16:05:16.107 13963 13976 I PhoneLab-LoggerService: Files found .. 3
07-08 16:05:20.497 13715 13718 D dalvikvm: GC_CONCURRENT freed 382K, 6% free 10303K/10887K, paused 2ms+3ms
07-08 16:05:24.036  2222  2224 D dalvikvm: GC_CONCURRENT freed 1983K, 26% free 21608K/28999K, paused 3ms+9ms
07-08 16:05:30.654 13650 13672 D WifiLocator: Too many no-location APs. Will not compute a location nor go to the server. hasLocation=0 noLocation=0 cacheMiss=0
07-08 16:05:30.654 13650 13672 D CellLocator: Primary cell miss in cache. Need server request.
07-08 16:05:30.669 13650 13668 I System.out: [INFO:1738433]: LogSource: Running flush
07-08 16:05:30.673 13650 13671 I System.out: [INFO:1738435]: LogSource: Sending payload [bytes=378]
07-08 16:05:31.904 13650 13671 I System.out: [INFO:1739669]: LogSource: Response [http=200,length=88]
07-08 16:05:31.908 13650 13668 I System.out: [INFO:1739671]: LogSource: Read id 25, status code 200
07-08 16:05:31.908 13650 13672 D WifiLocator: Too many no-location APs. Will not compute a location nor go to the server. hasLocation=0 noLocation=0 cacheMiss=0
07-08 16:05:56.595   141   170 I ActivityManager: Start proc com.google.android.gm for service com.google.android.gm/.provider.MailIndexerService: pid=14368 uid=10019 gids={3003, 1015}
07-08 16:05:56.712  2222  2224 D dalvikvm: GC_CONCURRENT freed 1901K, 26% free 21628K/28999K, paused 3ms+24ms
07-08 16:05:56.798 14368 14368 I ActivityThread: Pub gmail-ls: com.google.android.gm.provider.MailProvider
07-08 16:05:56.826 14368 14368 I ActivityThread: Pub com.google.android.gmail.SuggestionProvider: com.google.android.gm.SuggestionsProvider
07-08 16:05:56.833 14368 14368 I ActivityThread: Pub com.google.android.gm: com.google.android.gm.provider.PublicContentProvider
07-08 16:05:56.943 14368 14383 W Gmail   : No MailEngine for account: jayinamdar@gmail.com
07-08 16:06:15.677 13650 13672 D WifiLocator: Too many no-location APs. Will not compute a location nor go to the server. hasLocation=0 noLocation=0 cacheMiss=0
07-08 16:06:21.384  2222  2224 D dalvikvm: GC_CONCURRENT freed 2044K, 26% free 21632K/28999K, paused 3ms+9ms
07-08 16:06:21.548 12935 12947 V TextToSpeechService: File /data/data/com.google.android.apps.maps/app_da_speech/._speech_nav_17.wav exists, deleting.
07-08 16:06:22.505 12935 12946 V TextToSpeechService: File /data/data/com.google.android.apps.maps/app_da_speech/._speech_nav_14.wav exists, deleting.
07-08 16:06:22.876  2222  2224 D dalvikvm: GC_CONCURRENT freed 2036K, 26% free 21643K/28999K, paused 4ms+16ms
07-08 16:06:23.755   141   143 D dalvikvm: GC_CONCURRENT freed 1263K, 24% free 14458K/18823K, paused 6ms+23ms
07-08 16:06:24.189 13715 13718 D dalvikvm: GC_CONCURRENT freed 445K, 6% free 10305K/10887K, paused 2ms+46ms
07-08 16:06:24.540  2222  2224 D dalvikvm: GC_CONCURRENT freed 2057K, 26% free 21708K/28999K, paused 3ms+9ms
07-08 16:06:26.267  2222  2224 D dalvikvm: GC_CONCURRENT freed 2123K, 26% free 21634K/28999K, paused 3ms+9ms
07-08 16:06:27.411   212   220 I dalvikvm: Jit: resizing JitTable from 8192 to 16384
07-08 16:06:28.408  2222  2224 D dalvikvm: GC_CONCURRENT freed 2051K, 26% free 21630K/28999K, paused 4ms+9ms
07-08 16:06:30.704  2222  2224 D dalvikvm: GC_CONCURRENT freed 2049K, 26% free 21628K/28999K, paused 4ms+9ms
07-08 16:06:32.837  2222  2224 D dalvikvm: GC_CONCURRENT freed 2035K, 26% free 21656K/28999K, paused 3ms+8ms
07-08 16:06:35.654   212   214 D dalvikvm: GC_CONCURRENT freed 392K, 43% free 10235K/17799K, paused 3ms+14ms
07-08 16:06:35.744  2222  2224 D dalvikvm: GC_CONCURRENT freed 2049K, 26% free 21659K/28999K, paused 4ms+10ms
07-08 16:06:37.576  2222  2224 D dalvikvm: GC_CONCURRENT freed 2047K, 26% free 21659K/28999K, paused 4ms+9ms
07-08 16:06:39.966  2222  2224 D dalvikvm: GC_CONCURRENT freed 2068K, 26% free 21639K/28999K, paused 4ms+9ms
07-08 16:06:40.615   340   340 D SAN_SERVICE: *******************************************
07-08 16:06:40.615   340   340 D SAN_SERVICE: DM App Phone Service State - 0
07-08 16:06:40.615   340   340 D SAN_SERVICE: *******************************************
07-08 16:06:41.122   340   340 D SAN_SERVICE: *******************************************
07-08 16:06:41.122   340   340 D SAN_SERVICE: DM App Phone Service State - 0
07-08 16:06:41.122   340   340 D SAN_SERVICE: *******************************************
07-08 16:06:41.404 12935 12949 V TextToSpeechService: File /data/data/com.google.android.apps.maps/app_da_speech/._speech_nav_12.wav exists, deleting.
07-08 16:06:41.615  2222  2224 D dalvikvm: GC_CONCURRENT freed 2069K, 26% free 21619K/28999K, paused 3ms+10ms
07-08 16:06:43.681  2222  2224 D dalvikvm: GC_CONCURRENT freed 2047K, 26% free 21619K/28999K, paused 4ms+9ms
07-08 16:06:45.947  2222  2224 D dalvikvm: GC_CONCURRENT freed 2050K, 26% free 21617K/28999K, paused 4ms+8ms
07-08 16:06:48.458  2222  2224 D dalvikvm: GC_CONCURRENT freed 2049K, 26% free 21621K/28999K, paused 3ms+13ms
07-08 16:06:50.271  2222  2224 D dalvikvm: GC_CONCURRENT freed 2055K, 26% free 21613K/28999K, paused 4ms+8ms
07-08 16:06:52.720  2222  2224 D dalvikvm: GC_CONCURRENT freed 2048K, 26% free 21613K/28999K, paused 4ms+11ms
07-08 16:06:55.060  2222  2224 D dalvikvm: GC_CONCURRENT freed 2048K, 26% free 21613K/28999K, paused 3ms+9ms
07-08 16:06:59.271  2222  2224 D dalvikvm: GC_CONCURRENT freed 2047K, 26% free 21613K/28999K, paused 4ms+10ms
07-08 16:07:00.673 13650 13672 D WifiLocator: Too many no-location APs. Will not compute a location nor go to the server. hasLocation=0 noLocation=0 cacheMiss=0
07-08 16:07:00.673 13650 13672 D CellLocator: Primary cell miss in cache. Need server request.
07-08 16:07:00.783 13650 13668 I System.out: [INFO:1828548]: LogSource: Running flush
07-08 16:07:00.810 13650 13669 I System.out: [INFO:1828575]: LogSource: Sending payload [bytes=391]
07-08 16:07:01.626  2222  2224 D dalvikvm: GC_CONCURRENT freed 2042K, 26% free 21618K/28999K, paused 4ms+9ms
07-08 16:07:01.786 13650 13669 I System.out: [INFO:1829549]: LogSource: Response [http=200,length=88]
07-08 16:07:01.786 13650 13668 I System.out: [INFO:1829550]: LogSource: Read id 26, status code 200
07-08 16:07:01.790 13650 13672 D WifiLocator: Too many no-location APs. Will not compute a location nor go to the server. hasLocation=0 noLocation=0 cacheMiss=0
07-08 16:07:04.072  2222  2224 D dalvikvm: GC_CONCURRENT freed 2050K, 26% free 21616K/28999K, paused 4ms+10ms
07-08 16:07:06.318  2222  2224 D dalvikvm: GC_CONCURRENT freed 2047K, 26% free 21617K/28999K, paused 3ms+10ms
07-08 16:07:08.814  2222  2224 D dalvikvm: GC_CONCURRENT freed 2033K, 26% free 21643K/28999K, paused 3ms+9ms
07-08 16:07:10.974  2222  2224 D dalvikvm: GC_CONCURRENT freed 2053K, 26% free 21660K/28999K, paused 3ms+8ms
07-08 16:07:13.146   141  2014 D AlarmManagerService: Kernel timezone updated to 420 minutes west of GMT
07-08 16:07:13.556  2222  2224 D dalvikvm: GC_CONCURRENT freed 2082K, 26% free 21625K/28999K, paused 4ms+9ms
07-08 16:07:15.869  2222  2224 D dalvikvm: GC_CONCURRENT freed 2053K, 26% free 21620K/28999K, paused 4ms+9ms
07-08 16:07:16.009 13963 13976 I PhoneLab-: Service Running
07-08 16:07:16.099 13963 13976 I PhoneLab-LoggerService: app_38    1226  1     1432   992   c00f181c 400107b4 S logcat
07-08 16:07:16.099 13963 13976 I PhoneLab-LoggerService: Logcat pid from database 1226
07-08 16:07:16.099 13963 13976 I PhoneLab-LoggerService: Logcat process found 1226
07-08 16:07:16.103 13963 13976 I PhoneLab-LoggerService: Checking Threshold
07-08 16:07:16.103 13963 13976 I PhoneLab-LoggerService: Starting to rename files
07-08 16:07:16.103 13963 13976 I PhoneLab-LoggerService: Files found .. 3
07-08 16:07:17.611  2222  2224 D dalvikvm: GC_CONCURRENT freed 2048K, 26% free 21619K/28999K, paused 3ms+10ms
07-08 16:07:18.591 13715 13718 D dalvikvm: GC_CONCURRENT freed 445K, 6% free 10309K/10887K, paused 9ms+5ms
07-08 16:07:20.189  2222  2224 D dalvikvm: GC_CONCURRENT freed 2048K, 26% free 21619K/28999K, paused 4ms+9ms
07-08 16:07:22.853  2222  2224 D dalvikvm: GC_CONCURRENT freed 2020K, 26% free 21641K/28999K, paused 9ms+9ms
07-08 16:07:24.771  2222  2224 D dalvikvm: GC_CONCURRENT freed 2074K, 26% free 21614K/28999K, paused 3ms+11ms
07-08 16:07:27.345  2222  2224 D dalvikvm: GC_CONCURRENT freed 2051K, 26% free 21611K/28999K, paused 3ms+8ms
07-08 16:07:29.314  2222  2224 D dalvikvm: GC_CONCURRENT freed 2044K, 26% free 21615K/28999K, paused 4ms+10ms
07-08 16:07:29.439   141  2009 I AudioService:  AudioFocus  requestAudioFocus() from android.media.AudioManager@418735d0
07-08 16:07:29.482 12935 12947 V TextToSpeechService: File /data/data/com.google.android.apps.maps/app_da_speech/._speech_nav_10.wav exists, deleting.
07-08 16:07:29.533    81   121 D AudioHardware: AudioHardware pcm playback is exiting standby.
07-08 16:07:29.533    81   121 D AudioHardware: openPcmOut_l() mPcmOpenCnt: 0
07-08 16:07:29.642 12935 12938 D dalvikvm: GC_CONCURRENT freed 397K, 6% free 9290K/9799K, paused 5ms+50ms
07-08 16:07:31.775  2222  2224 D dalvikvm: GC_CONCURRENT freed 1791K, 25% free 21871K/28999K, paused 3ms+10ms
07-08 16:07:33.220   141  2608 I AudioService:  AudioFocus  abandonAudioFocus() from android.media.AudioManager@418735d0
07-08 16:07:34.482  2222  2224 D dalvikvm: GC_CONCURRENT freed 2299K, 26% free 21620K/28999K, paused 3ms+21ms
07-08 16:07:36.224    81   121 D AudioHardware: AudioHardware pcm playback is going to standby.
07-08 16:07:36.224    81   121 D AudioHardware: closePcmOut_l() mPcmOpenCnt: 1
07-08 16:07:37.490  2222  2224 D dalvikvm: GC_CONCURRENT freed 2053K, 26% free 21614K/28999K, paused 4ms+10ms
07-08 16:07:40.193  2222  2224 D dalvikvm: GC_CONCURRENT freed 2047K, 26% free 21615K/28999K, paused 4ms+10ms
07-08 16:07:42.997  2222  2224 D dalvikvm: GC_CONCURRENT freed 2051K, 26% free 21612K/28999K, paused 4ms+9ms
07-08 16:07:43.540   212   214 D dalvikvm: GC_CONCURRENT freed 375K, 43% free 10250K/17799K, paused 2ms+4ms
07-08 16:07:45.728 13650 13672 D WifiLocator: Too many no-location APs. Will not compute a location nor go to the server. hasLocation=0 noLocation=0 cacheMiss=0
07-08 16:07:45.767 13650 13652 D dalvikvm: GC_CONCURRENT freed 385K, 6% free 10081K/10695K, paused 3ms+6ms
07-08 16:07:50.630   141   143 D dalvikvm: GC_CONCURRENT freed 1214K, 24% free 14481K/18823K, paused 4ms+10ms
07-08 16:07:53.490 13476 13479 D dalvikvm: GC_CONCURRENT freed 416K, 6% free 9052K/9607K, paused 10ms+12ms
07-08 16:07:58.208   141   141 D AlarmManagerService: Kernel timezone updated to 420 minutes west of GMT
07-08 16:08:03.958   141   197 D ConnectivityService: ConnectivityChange for WIMAX: DISCONNECTED/SCANNING
07-08 16:08:03.958   141   197 D ConnectivityService: Attempting to switch to mobile
07-08 16:08:03.962   141   197 D NetUtils: android_net_utils_resetConnections in env=0x10e0380 clazz=0xfdc00001 iface=uwbr0 mask=0x3
07-08 16:08:03.962   141   197 D ConnectivityService: Attempting to switch to WIFI
07-08 16:08:03.962   141   197 D ConnectivityService: Attempting to switch to BLUETOOTH_TETHER
07-08 16:08:03.962   141   197 D ConnectivityService: resetConnections(uwbr0, 3)
07-08 16:08:04.021   141   193 D NetworkPolicy: applying policy NetworkPolicy[NetworkTemplate: matchRule=MOBILE_ALL, subscriberId=valid]: cycleDay=8, warningBytes=2147483648, limitBytes=-1, lastSnooze=-1 to ifaces [rmnet0]
07-08 16:08:04.076   141   193 D NetworkPolicy: applying policy NetworkPolicy[NetworkTemplate: matchRule=MOBILE_ALL, subscriberId=valid]: cycleDay=8, warningBytes=2147483648, limitBytes=-1, lastSnooze=-1 to ifaces [rmnet0]
07-08 16:08:07.056   141   201 D Tethering: MasterInitialState.processMessage what=3
07-08 16:08:07.087   141   201 D Tethering: MasterInitialState.processMessage what=3
07-08 16:08:07.177 14153 14166 D PicasaSyncManager: active network: NetworkInfo: type: mobile[CDMA - EvDo rev. A], state: CONNECTED/CONNECTED, reason: (unspecified), extra: , roaming: false, failover: false, isAvailable: true
07-08 16:08:07.197 14168 14168 I MediaUploader: No need to wake up
07-08 16:08:07.208 14153 14166 D PicasaSyncManager: background data: true
07-08 16:08:07.263 14168 14168 I MediaUploader: No need to wake up
07-08 16:08:07.286 14153 14166 D PicasaSyncManager: active network: NetworkInfo: type: mobile[CDMA - EvDo rev. A], state: CONNECTED/CONNECTED, reason: (unspecified), extra: , roaming: false, failover: false, isAvailable: true
07-08 16:08:07.286 14153 14166 D PicasaSyncManager: background data: true
07-08 16:08:07.630  2222  2224 D dalvikvm: GC_CONCURRENT freed 1922K, 26% free 21620K/28999K, paused 7ms+9ms
07-08 16:08:07.630   141   197 D ConnectivityService: handleInetConditionHoldEnd: net=0, condition=100, published condition=100
07-08 16:08:10.490   141   197 D ConnectivityService: ConnectivityChange for WIMAX: DISCONNECTED/SCANNING
07-08 16:08:10.490   141   197 D ConnectivityService: Attempting to switch to mobile
07-08 16:08:10.490   141   197 D ConnectivityService: Attempting to switch to WIFI
07-08 16:08:10.490   141   197 D ConnectivityService: Attempting to switch to BLUETOOTH_TETHER
07-08 16:08:10.494   141   197 D NetUtils: android_net_utils_resetConnections in env=0x10e0380 clazz=0x9500001 iface=uwbr0 mask=0x3
07-08 16:08:10.494   141   197 D ConnectivityService: resetConnections(uwbr0, 3)
07-08 16:08:10.548   141   193 D NetworkPolicy: applying policy NetworkPolicy[NetworkTemplate: matchRule=MOBILE_ALL, subscriberId=valid]: cycleDay=8, warningBytes=2147483648, limitBytes=-1, lastSnooze=-1 to ifaces [rmnet0]
07-08 16:08:10.595   141   193 D NetworkPolicy: applying policy NetworkPolicy[NetworkTemplate: matchRule=MOBILE_ALL, subscriberId=valid]: cycleDay=8, warningBytes=2147483648, limitBytes=-1, lastSnooze=-1 to ifaces [rmnet0]
07-08 16:08:12.701   141   143 D dalvikvm: GC_CONCURRENT freed 1367K, 24% free 14355K/18823K, paused 6ms+7ms
07-08 16:08:13.517   141   201 D Tethering: MasterInitialState.processMessage what=3
07-08 16:08:13.556   141   201 D Tethering: MasterInitialState.processMessage what=3
07-08 16:08:13.720   141  2009 D dalvikvm: GC_EXPLICIT freed 118K, 25% free 14294K/18823K, paused 6ms+8ms
07-08 16:08:13.751 14168 14168 I MediaUploader: No need to wake up
07-08 16:08:13.767 14153 14166 D PicasaSyncManager: active network: NetworkInfo: type: mobile[CDMA - EvDo rev. A], state: CONNECTED/CONNECTED, reason: (unspecified), extra: , roaming: false, failover: false, isAvailable: true
07-08 16:08:13.814 14153 14166 D PicasaSyncManager: background data: true
07-08 16:08:13.818 14168 14168 I MediaUploader: No need to wake up
07-08 16:08:13.845 14153 14166 D PicasaSyncManager: active network: NetworkInfo: type: mobile[CDMA - EvDo rev. A], state: CONNECTED/CONNECTED, reason: (unspecified), extra: , roaming: false, failover: false, isAvailable: true
07-08 16:08:13.849 14153 14166 D PicasaSyncManager: background data: true
07-08 16:08:14.095   141   197 D ConnectivityService: handleInetConditionHoldEnd: net=0, condition=100, published condition=100
07-08 16:08:16.915 13715 13718 D dalvikvm: GC_CONCURRENT freed 443K, 6% free 10305K/10887K, paused 2ms+2ms
07-08 16:08:22.849    85   570 E GPSD    : ril_gps_wait_for_ril: Response already received.
07-08 16:08:25.173  2222  2224 D dalvikvm: GC_CONCURRENT freed 2046K, 26% free 21621K/28999K, paused 3ms+10ms
07-08 16:08:27.435  2222  2224 D dalvikvm: GC_CONCURRENT freed 2052K, 26% free 21616K/28999K, paused 4ms+10ms
07-08 16:08:30.021  2222  2224 D dalvikvm: GC_CONCURRENT freed 2011K, 26% free 21646K/28999K, paused 4ms+9ms
07-08 16:08:30.419 12935 12946 V TextToSpeechService: File /data/data/com.google.android.apps.maps/app_da_speech/._speech_nav_9.wav exists, deleting.
07-08 16:08:30.767 13650 13672 D WifiLocator: Too many no-location APs. Will not compute a location nor go to the server. hasLocation=0 noLocation=0 cacheMiss=0
07-08 16:08:32.263  2222  2224 D dalvikvm: GC_CONCURRENT freed 2055K, 26% free 21639K/28999K, paused 4ms+13ms
07-08 16:08:34.638  2222  2224 D dalvikvm: GC_CONCURRENT freed 2051K, 26% free 21635K/28999K, paused 3ms+8ms
07-08 16:08:37.173  2222  2224 D dalvikvm: GC_CONCURRENT freed 2045K, 26% free 21637K/28999K, paused 4ms+8ms
07-08 16:08:39.017  2222  2224 D dalvikvm: GC_CONCURRENT freed 2049K, 26% free 21636K/28999K, paused 4ms+10ms
07-08 16:08:41.767  2222  2224 D dalvikvm: GC_CONCURRENT freed 2011K, 26% free 21662K/28999K, paused 4ms+10ms
07-08 16:08:43.458   141  2608 I AudioService:  AudioFocus  requestAudioFocus() from android.media.AudioManager@418735d0
07-08 16:08:43.486    81   121 D AudioHardware: AudioHardware pcm playback is exiting standby.
07-08 16:08:43.486    81   121 D AudioHardware: openPcmOut_l() mPcmOpenCnt: 0
07-08 16:08:44.181  2222  2224 D dalvikvm: GC_CONCURRENT freed 1970K, 26% free 21635K/28999K, paused 5ms+9ms
07-08 16:08:45.392   141   381 I AudioService:  AudioFocus  abandonAudioFocus() from android.media.AudioManager@418735d0
07-08 16:08:46.204   141  2014 D AlarmManagerService: Kernel timezone updated to 420 minutes west of GMT
07-08 16:08:46.259  2222  2224 D dalvikvm: GC_CONCURRENT freed 2043K, 26% free 21639K/28999K, paused 3ms+10ms
07-08 16:08:48.388    81   121 D AudioHardware: AudioHardware pcm playback is going to standby.
07-08 16:08:48.388    81   121 D AudioHardware: closePcmOut_l() mPcmOpenCnt: 1
07-08 16:08:48.622  2222  2224 D dalvikvm: GC_CONCURRENT freed 2036K, 26% free 21683K/28999K, paused 5ms+9ms
07-08 16:08:51.001  2222  2224 D dalvikvm: JIT code cache reset in 5 ms (1048428 bytes 19/0)
07-08 16:08:51.025  2222  2224 D dalvikvm: GC_CONCURRENT freed 2091K, 26% free 21639K/28999K, paused 4ms+15ms
07-08 16:08:53.482   340   340 D SAN_SERVICE: *******************************************
07-08 16:08:53.482   340   340 D SAN_SERVICE: DM App Phone Service State - 0
07-08 16:08:53.482   340   340 D SAN_SERVICE: *******************************************
07-08 16:08:53.697   340   340 D SAN_SERVICE: *******************************************
07-08 16:08:53.697   340   340 D SAN_SERVICE: DM App Phone Service State - 0
07-08 16:08:53.697   340   340 D SAN_SERVICE: *******************************************
07-08 16:08:53.704   340   340 D SAN_SERVICE: *******************************************
07-08 16:08:53.704   340   340 D SAN_SERVICE: DM App Phone Service State - 0
07-08 16:08:53.704   340   340 D SAN_SERVICE: *******************************************
07-08 16:08:54.240   340   340 D SAN_SERVICE: *******************************************
07-08 16:08:54.240   340   340 D SAN_SERVICE: DM App Phone Service State - 0
07-08 16:08:54.240   340   340 D SAN_SERVICE: *******************************************
07-08 16:08:58.755   340   340 D SAN_SERVICE: *******************************************
07-08 16:08:58.755   340   340 D SAN_SERVICE: DM App Phone Service State - 0
07-08 16:08:58.755   340   340 D SAN_SERVICE: *******************************************
07-08 16:08:59.204   340   340 D SAN_SERVICE: *******************************************
07-08 16:08:59.204   340   340 D SAN_SERVICE: DM App Phone Service State - 0
07-08 16:08:59.204   340   340 D SAN_SERVICE: *******************************************
07-08 16:09:02.009  2222  2224 D dalvikvm: GC_CONCURRENT freed 2044K, 26% free 21642K/28999K, paused 3ms+10ms
07-08 16:09:03.720   340   340 D SAN_SERVICE: *******************************************
07-08 16:09:03.720   340   340 D SAN_SERVICE: DM App Phone Service State - 0
07-08 16:09:03.720   340   340 D SAN_SERVICE: *******************************************
07-08 16:09:03.751   340   342 D dalvikvm: GC_CONCURRENT freed 389K, 6% free 9467K/10055K, paused 3ms+4ms
07-08 16:09:04.201   340   340 D SAN_SERVICE: *******************************************
07-08 16:09:04.201   340   340 D SAN_SERVICE: DM App Phone Service State - 0
07-08 16:09:04.201   340   340 D SAN_SERVICE: *******************************************
07-08 16:09:04.622  2222  2224 D dalvikvm: GC_CONCURRENT freed 2047K, 26% free 21643K/28999K, paused 4ms+9ms
07-08 16:09:07.263  2222  2224 D dalvikvm: GC_CONCURRENT freed 2055K, 26% free 21635K/28999K, paused 4ms+10ms
07-08 16:09:09.849  2222  2224 D dalvikvm: GC_CONCURRENT freed 2048K, 26% free 21634K/28999K, paused 4ms+9ms
07-08 16:09:11.306 13715 13718 D dalvikvm: GC_CONCURRENT freed 443K, 6% free 10307K/10887K, paused 31ms+3ms
07-08 16:09:11.408   141   321 I AudioService:  AudioFocus  requestAudioFocus() from android.media.AudioManager@418735d0
07-08 16:09:11.454    81   121 D AudioHardware: AudioHardware pcm playback is exiting standby.
07-08 16:09:11.454    81   121 D AudioHardware: openPcmOut_l() mPcmOpenCnt: 0
07-08 16:09:12.544  2222  2224 D dalvikvm: GC_CONCURRENT freed 2049K, 26% free 21633K/28999K, paused 4ms+10ms
07-08 16:09:14.747  2222  2224 D dalvikvm: GC_CONCURRENT freed 1940K, 26% free 21740K/28999K, paused 3ms+9ms
07-08 16:09:15.673   212   214 D dalvikvm: GC_CONCURRENT freed 396K, 43% free 10238K/17799K, paused 3ms+12ms
07-08 16:09:15.822 13650 13672 D WifiLocator: Too many no-location APs. Will not compute a location nor go to the server. hasLocation=0 noLocation=0 cacheMiss=0
07-08 16:09:16.009 13963 13976 I PhoneLab-: Service Running
07-08 16:09:16.169 13963 13976 I PhoneLab-LoggerService: app_38    1226  1     1432   992   c00f181c 400107b4 S logcat
07-08 16:09:16.173 13963 13976 I PhoneLab-LoggerService: Logcat pid from database 1226
07-08 16:09:16.173 13963 13976 I PhoneLab-LoggerService: Logcat process found 1226
07-08 16:09:16.173 13963 13976 I PhoneLab-LoggerService: Checking Threshold
07-08 16:09:16.173 13963 13976 I PhoneLab-LoggerService: Starting to rename files
07-08 16:09:16.173 13963 13976 I PhoneLab-LoggerService: Files found .. 3
07-08 16:09:16.556   141  2014 I AudioService:  AudioFocus  abandonAudioFocus() from android.media.AudioManager@418735d0
07-08 16:09:17.068  2222  2224 D dalvikvm: GC_CONCURRENT freed 2173K, 26% free 21615K/28999K, paused 3ms+10ms
07-08 16:09:19.497  2222  2224 D dalvikvm: GC_CONCURRENT freed 1964K, 26% free 21609K/28999K, paused 4ms+8ms
07-08 16:09:19.564    81   121 D AudioHardware: AudioHardware pcm playback is going to standby.
07-08 16:09:19.564    81   121 D AudioHardware: closePcmOut_l() mPcmOpenCnt: 1
07-08 16:09:19.759 13650 13652 D dalvikvm: GC_CONCURRENT freed 387K, 6% free 10078K/10695K, paused 35ms+4ms
07-08 16:09:22.052  2222  2224 D dalvikvm: GC_CONCURRENT freed 1951K, 26% free 21706K/28999K, paused 4ms+8ms
07-08 16:09:24.724  2222  2224 D dalvikvm: GC_CONCURRENT freed 2039K, 26% free 21732K/28999K, paused 3ms+9ms
07-08 16:09:27.329  2222  2224 D dalvikvm: GC_CONCURRENT freed 2074K, 26% free 21706K/28999K, paused 3ms+11ms
07-08 16:09:28.591   141   143 D dalvikvm: GC_CONCURRENT freed 1031K, 24% free 14462K/18823K, paused 4ms+21ms
07-08 16:09:29.806  2222  2224 D dalvikvm: GC_CONCURRENT freed 2034K, 26% free 21719K/28999K, paused 3ms+10ms
07-08 16:09:32.994  2222  2224 D dalvikvm: GC_CONCURRENT freed 2065K, 26% free 21702K/28999K, paused 4ms+13ms
07-08 16:09:35.587  2222  2224 D dalvikvm: GC_CONCURRENT freed 2027K, 26% free 21744K/28999K, paused 4ms+12ms
07-08 16:09:37.669  2222  2224 D dalvikvm: GC_CONCURRENT freed 2089K, 26% free 21702K/28999K, paused 3ms+10ms
07-08 16:09:39.923  2222  2224 D dalvikvm: GC_CONCURRENT freed 2046K, 26% free 21704K/28999K, paused 4ms+10ms
07-08 16:09:42.240  2222  2224 D dalvikvm: GC_CONCURRENT freed 2048K, 26% free 21704K/28999K, paused 3ms+9ms
07-08 16:09:44.443  2222  2224 D dalvikvm: GC_CONCURRENT freed 2047K, 26% free 21705K/28999K, paused 4ms+11ms
07-08 16:09:46.767  2222  2224 D dalvikvm: GC_CONCURRENT freed 2046K, 26% free 21706K/28999K, paused 4ms+16ms
07-08 16:09:48.947  2222  2224 D dalvikvm: GC_CONCURRENT freed 2040K, 26% free 21736K/28999K, paused 4ms+12ms
07-08 16:09:51.204  2222  2224 D dalvikvm: GC_CONCURRENT freed 2076K, 26% free 21708K/28999K, paused 4ms+10ms
07-08 16:09:53.501  2222  2224 D dalvikvm: GC_CONCURRENT freed 2042K, 26% free 21748K/28999K, paused 4ms+12ms
07-08 16:09:55.673  2222  2224 D dalvikvm: GC_CONCURRENT freed 2083K, 26% free 21713K/28999K, paused 3ms+11ms
07-08 16:09:57.911  2222  2224 D dalvikvm: GC_CONCURRENT freed 2050K, 26% free 21711K/28999K, paused 3ms+10ms
07-08 16:10:00.271   340   340 D SAN_SERVICE: *******************************************
07-08 16:10:00.271   340   340 D SAN_SERVICE: DM App Phone Service State - 0
07-08 16:10:00.271   340   340 D SAN_SERVICE: *******************************************
07-08 16:10:00.576  2222  2224 D dalvikvm: GC_CONCURRENT freed 2010K, 25% free 21777K/28999K, paused 3ms+14ms
07-08 16:10:00.790 13650 13672 D WifiLocator: Too many no-location APs. Will not compute a location nor go to the server. hasLocation=0 noLocation=0 cacheMiss=0
07-08 16:10:00.790 13650 13672 D CellLocator: Primary cell miss in cache. Need server request.
07-08 16:10:00.806 13650 13668 I System.out: [INFO:2008570]: LogSource: Running flush
07-08 16:10:00.810 13650 13670 I System.out: [INFO:2008572]: LogSource: Sending payload [bytes=375]
07-08 16:10:01.490 13650 13670 I System.out: [INFO:2009250]: LogSource: Response [http=200,length=88]
07-08 16:10:01.490 13650 13668 I System.out: [INFO:2009252]: LogSource: Read id 27, status code 200
07-08 16:10:01.490 13650 13672 D WifiLocator: Too many no-location APs. Will not compute a location nor go to the server. hasLocation=0 noLocation=0 cacheMiss=0
07-08 16:10:07.505 13715 13718 D dalvikvm: GC_CONCURRENT freed 437K, 6% free 10312K/10887K, paused 4ms+3ms
07-08 16:10:13.747  2222  2224 D dalvikvm: GC_CONCURRENT freed 2104K, 26% free 21720K/28999K, paused 3ms+11ms
07-08 16:10:15.525   141   321 I AudioService:  AudioFocus  requestAudioFocus() from android.media.AudioManager@418735d0
07-08 16:10:15.599    81   121 D AudioHardware: AudioHardware pcm playback is exiting standby.
07-08 16:10:15.599    81   121 D AudioHardware: openPcmOut_l() mPcmOpenCnt: 0
07-08 16:10:15.650   212   214 D dalvikvm: GC_CONCURRENT freed 419K, 43% free 10212K/17799K, paused 3ms+5ms
07-08 16:10:19.111   141   381 I AudioService:  AudioFocus  abandonAudioFocus() from android.media.AudioManager@418735d0
07-08 16:10:19.294   141   458 D AlarmManagerService: Kernel timezone updated to 420 minutes west of GMT
07-08 16:10:19.501   340   340 D SAN_SERVICE: *******************************************
07-08 16:10:19.501   340   340 D SAN_SERVICE: DM App Phone Service State - 0
07-08 16:10:19.501   340   340 D SAN_SERVICE: *******************************************
07-08 16:10:20.247   340   340 D SAN_SERVICE: *******************************************
07-08 16:10:20.247   340   340 D SAN_SERVICE: DM App Phone Service State - 0
07-08 16:10:20.247   340   340 D SAN_SERVICE: *******************************************
07-08 16:10:20.521  2222  2224 D dalvikvm: GC_CONCURRENT freed 2030K, 26% free 21737K/28999K, paused 3ms+13ms
07-08 16:10:22.107    81   121 D AudioHardware: AudioHardware pcm playback is going to standby.
07-08 16:10:22.107    81   121 D AudioHardware: closePcmOut_l() mPcmOpenCnt: 1
07-08 16:10:22.896  2222  2224 D dalvikvm: GC_CONCURRENT freed 2052K, 26% free 21732K/28999K, paused 4ms+10ms
07-08 16:10:24.466   141   454 I AudioService:  AudioFocus  requestAudioFocus() from android.media.AudioManager@418735d0
07-08 16:10:24.494    81   121 D AudioHardware: AudioHardware pcm playback is exiting standby.
07-08 16:10:24.494    81   121 D AudioHardware: openPcmOut_l() mPcmOpenCnt: 0
07-08 16:10:25.255   141   153 D AlarmManagerService: Kernel timezone updated to 420 minutes west of GMT
07-08 16:10:25.451  2222  2224 D dalvikvm: GC_CONCURRENT freed 2037K, 26% free 21742K/28999K, paused 4ms+12ms
07-08 16:10:25.755   340   340 D SAN_SERVICE: *******************************************
07-08 16:10:25.755   340   340 D SAN_SERVICE: DM App Phone Service State - 0
07-08 16:10:25.755   340   340 D SAN_SERVICE: *******************************************
07-08 16:10:25.884   340   340 D SAN_SERVICE: *******************************************
07-08 16:10:25.884   340   340 D SAN_SERVICE: DM App Phone Service State - 0
07-08 16:10:25.884   340   340 D SAN_SERVICE: *******************************************
07-08 16:10:27.005   340   340 D SAN_SERVICE: *******************************************
07-08 16:10:27.005   340   340 D SAN_SERVICE: DM App Phone Service State - 0
07-08 16:10:27.005   340   340 D SAN_SERVICE: *******************************************
07-08 16:10:27.259   340   340 D SAN_SERVICE: *******************************************
07-08 16:10:27.259   340   340 D SAN_SERVICE: DM App Phone Service State - 0
07-08 16:10:27.259   340   340 D SAN_SERVICE: *******************************************
07-08 16:10:27.376  2222  2224 D dalvikvm: GC_CONCURRENT freed 2053K, 26% free 21736K/28999K, paused 3ms+12ms
07-08 16:10:27.720   141   458 I AudioService:  AudioFocus  abandonAudioFocus() from android.media.AudioManager@418735d0
07-08 16:10:29.201  2222  2224 D dalvikvm: GC_CONCURRENT freed 2050K, 26% free 21734K/28999K, paused 4ms+11ms
07-08 16:10:30.724    81   121 D AudioHardware: AudioHardware pcm playback is going to standby.
07-08 16:10:30.724    81   121 D AudioHardware: closePcmOut_l() mPcmOpenCnt: 1
07-08 16:10:31.533  2222  2224 D dalvikvm: GC_CONCURRENT freed 2043K, 26% free 21738K/28999K, paused 4ms+13ms
07-08 16:10:33.755  2222  2224 D dalvikvm: GC_CONCURRENT freed 2056K, 26% free 21730K/28999K, paused 4ms+10ms
07-08 16:10:36.025   340   340 D SAN_SERVICE: *******************************************
07-08 16:10:36.025   340   340 D SAN_SERVICE: DM App Phone Service State - 0
07-08 16:10:36.025   340   340 D SAN_SERVICE: *******************************************
07-08 16:10:36.083  2222  2224 D dalvikvm: GC_CONCURRENT freed 2048K, 26% free 21730K/28999K, paused 4ms+12ms
07-08 16:10:38.279  2222  2224 D dalvikvm: GC_CONCURRENT freed 2050K, 26% free 21727K/28999K, paused 3ms+10ms
07-08 16:10:40.314  2222  2224 D dalvikvm: GC_CONCURRENT freed 2047K, 26% free 21729K/28999K, paused 4ms+11ms
07-08 16:10:42.423  2222  2224 D dalvikvm: GC_CONCURRENT freed 2049K, 26% free 21727K/28999K, paused 3ms+11ms
07-08 16:10:44.728  2222  2224 D dalvikvm: GC_CONCURRENT freed 2041K, 26% free 21734K/28999K, paused 4ms+11ms
07-08 16:10:45.806 13650 13672 D WifiLocator: Too many no-location APs. Will not compute a location nor go to the server. hasLocation=0 noLocation=0 cacheMiss=0
07-08 16:10:45.806 13650 13672 D CellLocator: Primary cell miss in cache. Need server request.
07-08 16:10:45.841 13650 13668 I System.out: [INFO:2053603]: LogSource: Running flush
07-08 16:10:45.845 13650 13671 I System.out: [INFO:2053611]: LogSource: Sending payload [bytes=378]
07-08 16:10:46.017   340   340 D SAN_SERVICE: *******************************************
07-08 16:10:46.017   340   340 D SAN_SERVICE: DM App Phone Service State - 0
07-08 16:10:46.017   340   340 D SAN_SERVICE: *******************************************
07-08 16:10:46.286   340   340 D SAN_SERVICE: *******************************************
07-08 16:10:46.286   340   340 D SAN_SERVICE: DM App Phone Service State - 0
07-08 16:10:46.286   340   340 D SAN_SERVICE: *******************************************
07-08 16:10:46.829  2222  2224 D dalvikvm: GC_CONCURRENT freed 2050K, 26% free 21731K/28999K, paused 4ms+12ms
07-08 16:10:46.908 13650 13671 I System.out: [INFO:2054672]: LogSource: Response [http=200,length=88]
07-08 16:10:46.923 13650 13668 I System.out: [INFO:2054686]: LogSource: Read id 28, status code 200
07-08 16:10:46.923 13650 13672 D WifiLocator: Too many no-location APs. Will not compute a location nor go to the server. hasLocation=0 noLocation=0 cacheMiss=0
07-08 16:10:48.954  2222  2224 D dalvikvm: GC_CONCURRENT freed 2050K, 26% free 21729K/28999K, paused 4ms+12ms
07-08 16:10:51.201  2222  2224 D dalvikvm: GC_CONCURRENT freed 2048K, 26% free 21729K/28999K, paused 3ms+11ms
07-08 16:10:51.286   340   340 D SAN_SERVICE: *******************************************
07-08 16:10:51.286   340   340 D SAN_SERVICE: DM App Phone Service State - 0
07-08 16:10:51.286   340   340 D SAN_SERVICE: *******************************************
07-08 16:10:51.470   141   143 D dalvikvm: GC_CONCURRENT freed 1214K, 24% free 14487K/18823K, paused 4ms+10ms
07-08 16:10:51.568   141   321 I AudioService:  AudioFocus  requestAudioFocus() from android.media.AudioManager@418735d0
07-08 16:10:51.619    81   121 D AudioHardware: AudioHardware pcm playback is exiting standby.
07-08 16:10:51.619    81   121 D AudioHardware: openPcmOut_l() mPcmOpenCnt: 0
07-08 16:10:53.443   141   409 I AudioService:  AudioFocus  abandonAudioFocus() from android.media.AudioManager@418735d0
07-08 16:10:53.767  2222  2224 D dalvikvm: GC_CONCURRENT freed 2010K, 25% free 21766K/28999K, paused 5ms+12ms
07-08 16:10:55.958  2222  2224 D dalvikvm: GC_CONCURRENT freed 2065K, 26% free 21749K/28999K, paused 3ms+11ms
07-08 16:10:56.431    81   121 D AudioHardware: AudioHardware pcm playback is going to standby.
07-08 16:10:56.431    81   121 D AudioHardware: closePcmOut_l() mPcmOpenCnt: 1
07-08 16:10:57.650 13715 13718 D dalvikvm: GC_CONCURRENT freed 432K, 6% free 10319K/10887K, paused 23ms+3ms
07-08 16:10:58.337  2222  2224 D dalvikvm: GC_CONCURRENT freed 2049K, 26% free 21749K/28999K, paused 4ms+10ms
07-08 16:11:00.380  2222  2224 D dalvikvm: GC_CONCURRENT freed 2051K, 26% free 21745K/28999K, paused 4ms+14ms
07-08 16:11:02.501    81   121 D AudioHardware: AudioHardware pcm playback is exiting standby.
07-08 16:11:02.501    81   121 D AudioHardware: openPcmOut_l() mPcmOpenCnt: 0
07-08 16:11:02.693 12935 12935 I flint   : jni: deleting text normalizer ...
07-08 16:11:02.693 12935 12935 I flint   : jni: deleting synthesizer ...
07-08 16:11:02.697 12935 12935 I flint   : jni: deleting project file ...
07-08 16:11:02.697 12935 12935 I flint   : jni: deleting project resource holder ...
07-08 16:11:02.708   212   214 D dalvikvm: GC_CONCURRENT freed 482K, 43% free 10211K/17799K, paused 3ms+7ms
07-08 16:11:02.751 13650 13677 D androidNetworkLocationListeners: Still have listener com.google.android.location.internal.client.NetworkLocationClient$1@412fe318
07-08 16:11:02.763 13650 13672 D WifiLocator: Too many no-location APs. Will not compute a location nor go to the server. hasLocation=0 noLocation=0 cacheMiss=0
07-08 16:11:02.818   212   214 D dalvikvm: GC_CONCURRENT freed 683K, 44% free 10009K/17799K, paused 2ms+4ms
07-08 16:11:03.040   141   157 W ActivityManager: Activity pause timeout for ActivityRecord{417a2e48 com.google.android.apps.maps/com.google.android.maps.driveabout.app.NavigationActivity}
07-08 16:11:03.064   212   212 D dalvikvm: GC_FOR_ALLOC freed 657K, 46% free 9714K/17799K, paused 27ms
07-08 16:11:03.158   141   157 I Process : Sending signal. PID: 2222 SIG: 3
07-08 16:11:03.158  2222  2227 I dalvikvm: threadid=3: reacting to signal 3
07-08 16:11:03.240  2222  2227 F libc    : Fatal signal 11 (SIGSEGV) at 0x4009100c (code=2)
07-08 16:11:03.263   212   214 D dalvikvm: GC_CONCURRENT freed 292K, 45% free 9817K/17799K, paused 97ms+4ms
07-08 16:11:03.286    76    76 I DEBUG   : tid 2227 does not exist in pid 2222. ignoring debug request
07-08 16:11:03.310   141   141 I WindowManager: WIN DEATH: Window{417c0848 com.google.android.apps.maps/com.google.android.maps.MapsActivity paused=false}
07-08 16:11:03.318   141   141 W WindowManager: Force-removing child win Window{41823040 SurfaceView paused=false} from container Window{417c0848 com.google.android.apps.maps/com.google.android.maps.MapsActivity paused=false}
07-08 16:11:03.329   141  2009 W WindowManager: Failed looking up window
07-08 16:11:03.329   141  2009 W WindowManager: java.lang.IllegalArgumentException: Requested window android.os.BinderProxy@4179a768 does not exist
07-08 16:11:03.329   141  2009 W WindowManager: 	at com.android.server.wm.WindowManagerService.windowForClientLocked(WindowManagerService.java:7163)
07-08 16:11:03.329   141  2009 W WindowManager: 	at com.android.server.wm.WindowManagerService.windowForClientLocked(WindowManagerService.java:7154)
07-08 16:11:03.329   141  2009 W WindowManager: 	at com.android.server.wm.WindowState$DeathRecipient.binderDied(WindowState.java:1545)
07-08 16:11:03.329   141  2009 W WindowManager: 	at android.os.BinderProxy.sendDeathNotice(Binder.java:417)
07-08 16:11:03.329   141  2009 W WindowManager: 	at dalvik.system.NativeStart.run(Native Method)
07-08 16:11:03.329   141  2009 I WindowManager: WIN DEATH: null
07-08 16:11:03.329   141   382 I WindowManager: WIN DEATH: Window{4133d350 com.google.android.apps.maps/com.google.android.maps.driveabout.app.NavigationActivity paused=true}
07-08 16:11:03.329   141  2014 I WindowManager: WIN DEATH: Window{41327c80 com.google.android.apps.maps/com.google.android.maps.driveabout.app.NavigationActivity paused=true}
07-08 16:11:03.333   141   454 I WindowManager: WIN DEATH: Window{41746df0 SurfaceView paused=false}
07-08 16:11:03.333   141  2608 I WindowManager: WIN DEATH: Window{417a13a8 com.google.android.apps.maps/com.google.android.maps.MapsActivity paused=false}
07-08 16:11:03.372   141   157 I ActivityManager: Restarting because process died: ActivityRecord{4134f6a0 com.google.android.apps.maps/com.google.android.maps.MapsActivity}
07-08 16:11:03.419   141   157 W ActivityManager: Exception when starting activity com.google.android.apps.maps/com.google.android.maps.MapsActivity
07-08 16:11:03.419   141   157 W ActivityManager: android.os.DeadObjectException
07-08 16:11:03.419   141   157 W ActivityManager: 	at android.os.BinderProxy.transact(Native Method)
07-08 16:11:03.419   141   157 W ActivityManager: 	at android.app.ApplicationThreadProxy.scheduleLaunchActivity(ApplicationThreadNative.java:660)
07-08 16:11:03.419   141   157 W ActivityManager: 	at com.android.server.am.ActivityStack.realStartActivityLocked(ActivityStack.java:615)
07-08 16:11:03.419   141   157 W ActivityManager: 	at com.android.server.am.ActivityStack.startSpecificActivityLocked(ActivityStack.java:724)
07-08 16:11:03.419   141   157 W ActivityManager: 	at com.android.server.am.ActivityStack.resumeTopActivityLocked(ActivityStack.java:1574)
07-08 16:11:03.419   141   157 W ActivityManager: 	at com.android.server.am.ActivityStack.completePauseLocked(ActivityStack.java:1040)
07-08 16:11:03.419   141   157 W ActivityManager: 	at com.android.server.am.ActivityStack.activityPaused(ActivityStack.java:952)
07-08 16:11:03.419   141   157 W ActivityManager: 	at com.android.server.am.ActivityStack$1.handleMessage(ActivityStack.java:317)
07-08 16:11:03.419   141   157 W ActivityManager: 	at android.os.Handler.dispatchMessage(Handler.java:99)
07-08 16:11:03.419   141   157 W ActivityManager: 	at android.os.Looper.loop(Looper.java:137)
07-08 16:11:03.419   141   157 W ActivityManager: 	at com.android.server.ServerThread.run(SystemServer.java:744)
07-08 16:11:03.451   141   157 I ActivityManager: Start proc com.google.android.apps.maps for activity com.google.android.apps.maps/com.google.android.maps.MapsActivity: pid=14416 uid=10061 gids={3003, 1015}
07-08 16:11:03.458   141   458 I ActivityManager: Process com.google.android.apps.maps (pid 2222) has died and restarted (pid 14416).
07-08 16:11:03.665 14416 14418 D dalvikvm: GC_CONCURRENT freed 163K, 3% free 9368K/9607K, paused 2ms+2ms
07-08 16:11:03.755 14416 14416 I ActivityThread: Pub com.google.android.maps.LayerInfoProvider: com.google.googlenav.layer.LayerInfoProvider
07-08 16:11:03.775 14416 14416 I ActivityThread: Pub com.google.android.maps.TrafficAppWidgetProvider: com.google.googlenav.appwidget.traffic.TrafficAppWidgetProvider
07-08 16:11:03.786 14416 14416 I ActivityThread: Pub com.google.android.maps.LocalActivePlacesProvider: com.google.googlenav.provider.LocalActivePlacesProvider
07-08 16:11:03.794 14416 14416 I ActivityThread: Pub com.google.android.maps.StarredItemProvider: com.google.googlenav.provider.StarredItemProvider
07-08 16:11:03.888 14416 14418 D dalvikvm: GC_CONCURRENT freed 161K, 3% free 9671K/9927K, paused 1ms+2ms
07-08 16:11:04.009   141   157 I Process : Sending signal. PID: 14416 SIG: 3
07-08 16:11:04.009 14416 14420 I dalvikvm: threadid=3: reacting to signal 3
07-08 16:11:04.033 14416 14420 I dalvikvm: Wrote stack traces to '/data/anr/traces.txt'
07-08 16:11:04.040 14416 14416 I ActivityThread: Pub com.google.android.maps.LocalSuggestionProvider: com.google.googlenav.provider.LocalSuggestionProvider
07-08 16:11:04.040 14416 14416 I ActivityThread: Pub com.google.android.maps.SearchHistoryProvider: com.google.googlenav.provider.SearchHistoryProvider
07-08 16:11:04.044 14416 14416 I ActivityThread: Pub com.google.android.maps.NavigationAvailabilityProvider: com.google.googlenav.provider.NavigationAvailabilityProvider
07-08 16:11:04.044 14416 14416 I ActivityThread: Pub com.google.android.maps.SuggestionProvider: com.google.googlenav.suggest.android.SuggestContentProvider
07-08 16:11:04.087 14416 14416 D Maps    : Build: 6090014
07-08 16:11:04.169 14416 14418 D dalvikvm: GC_CONCURRENT freed 256K, 4% free 9945K/10311K, paused 3ms+3ms
07-08 16:11:04.240 14416 14432 D dalvikvm: GC_FOR_ALLOC freed 98K, 3% free 10255K/10567K, paused 19ms
07-08 16:11:04.275 14416 14441 D dalvikvm: GC_FOR_ALLOC freed 34K, 4% free 10456K/10823K, paused 20ms
07-08 16:11:04.314 14416 14442 D dalvikvm: GC_FOR_ALLOC freed 118K, 4% free 10660K/11079K, paused 19ms
07-08 16:11:04.509   141   157 I Process : Sending signal. PID: 14416 SIG: 3
07-08 16:11:04.509 14416 14420 I dalvikvm: threadid=3: reacting to signal 3
07-08 16:11:04.533 14416 14420 I dalvikvm: Wrote stack traces to '/data/anr/traces.txt'
07-08 16:11:04.552 14416 14418 D dalvikvm: GC_CONCURRENT freed 186K, 3% free 11050K/11335K, paused 5ms+3ms
07-08 16:11:04.642 14416 14454 I SqliteDatabaseCpp: sqlite returned: error code = 5, msg = statement aborts at 1: [PRAGMA journal_mode=TRUNCATE] , db=/data/data/com.google.android.apps.maps/databases/LayerInfo
07-08 16:11:04.962 14102 14104 D dalvikvm: GC_CONCURRENT freed 332K, 5% free 9180K/9607K, paused 16ms+21ms
07-08 16:11:04.997 14416 14418 D dalvikvm: GC_CONCURRENT freed 279K, 3% free 11493K/11847K, paused 5ms+4ms
07-08 16:11:05.009   141   157 I Process : Sending signal. PID: 14416 SIG: 3
07-08 16:11:05.009 14416 14420 I dalvikvm: threadid=3: reacting to signal 3
07-08 16:11:05.060 14416 14420 I dalvikvm: Wrote stack traces to '/data/anr/traces.txt'
07-08 16:11:05.079 14416 14425 E SQLiteDatabase: close() was never explicitly called on database '/data/data/com.google.android.apps.maps/databases/webview.db' 
07-08 16:11:05.079 14416 14425 E SQLiteDatabase: android.database.sqlite.DatabaseObjectNotClosedException: Application did not close the cursor or database object that was opened here
07-08 16:11:05.079 14416 14425 E SQLiteDatabase: 	at android.database.sqlite.SQLiteDatabase.<init>(SQLiteDatabase.java:1943)
07-08 16:11:05.079 14416 14425 E SQLiteDatabase: 	at android.database.sqlite.SQLiteDatabase.openDatabase(SQLiteDatabase.java:1007)
07-08 16:11:05.079 14416 14425 E SQLiteDatabase: 	at android.database.sqlite.SQLiteDatabase.openDatabase(SQLiteDatabase.java:986)
07-08 16:11:05.079 14416 14425 E SQLiteDatabase: 	at android.database.sqlite.SQLiteDatabase.openDatabase(SQLiteDatabase.java:962)
07-08 16:11:05.079 14416 14425 E SQLiteDatabase: 	at android.database.sqlite.SQLiteDatabase.openOrCreateDatabase(SQLiteDatabase.java:1043)
07-08 16:11:05.079 14416 14425 E SQLiteDatabase: 	at android.database.sqlite.SQLiteDatabase.openOrCreateDatabase(SQLiteDatabase.java:1036)
07-08 16:11:05.079 14416 14425 E SQLiteDatabase: 	at android.app.ContextImpl.openOrCreateDatabase(ContextImpl.java:761)
07-08 16:11:05.079 14416 14425 E SQLiteDatabase: 	at android.content.ContextWrapper.openOrCreateDatabase(ContextWrapper.java:215)
07-08 16:11:05.079 14416 14425 E SQLiteDatabase: 	at android.webkit.WebViewDatabase.initDatabase(WebViewDatabase.java:223)
07-08 16:11:05.079 14416 14425 E SQLiteDatabase: 	at android.webkit.WebViewDatabase.init(WebViewDatabase.java:209)
07-08 16:11:05.079 14416 14425 E SQLiteDatabase: 	at android.webkit.WebViewDatabase.access$000(WebViewDatabase.java:38)
07-08 16:11:05.079 14416 14425 E SQLiteDatabase: 	at android.webkit.WebViewDatabase$1.run(WebViewDatabase.java:190)
07-08 16:11:05.259 14416 14418 D dalvikvm: GC_CONCURRENT freed 253K, 3% free 12094K/12423K, paused 2ms+3ms
07-08 16:11:05.525   141   157 I Process : Sending signal. PID: 14416 SIG: 3
07-08 16:11:05.525 14416 14420 I dalvikvm: threadid=3: reacting to signal 3
07-08 16:11:05.595    81   121 D AudioHardware: AudioHardware pcm playback is going to standby.
07-08 16:11:05.595    81   121 D AudioHardware: closePcmOut_l() mPcmOpenCnt: 1
07-08 16:11:05.611 14416 14420 I dalvikvm: Wrote stack traces to '/data/anr/traces.txt'
07-08 16:11:06.009   141   157 I Process : Sending signal. PID: 14416 SIG: 3
07-08 16:11:06.009 14416 14420 I dalvikvm: threadid=3: reacting to signal 3
07-08 16:11:06.025 14416 14420 I dalvikvm: Wrote stack traces to '/data/anr/traces.txt'
07-08 16:11:06.521   141   157 I Process : Sending signal. PID: 14416 SIG: 3
07-08 16:11:06.525 14416 14420 I dalvikvm: threadid=3: reacting to signal 3
07-08 16:11:06.595 14416 14420 I dalvikvm: Wrote stack traces to '/data/anr/traces.txt'
07-08 16:11:06.755   141   176 I InputDispatcher: Dropped event because of pending overdue app switch.
07-08 16:11:06.755   141   176 I InputDispatcher: Dropped event because of pending overdue app switch.
07-08 16:11:06.755   141   176 I InputDispatcher: Dropped event because of pending overdue app switch.
07-08 16:11:06.755   141   176 I InputDispatcher: Dropped event because of pending overdue app switch.
07-08 16:11:06.767   141   176 I InputDispatcher: Dropped event because of pending overdue app switch.
07-08 16:11:06.767   141   176 I InputDispatcher: Dropped event because of pending overdue app switch.
07-08 16:11:06.771   141   176 I InputDispatcher: Dropped event because of pending overdue app switch.
07-08 16:11:06.771   141   176 I InputDispatcher: Dropped event because of pending overdue app switch.
07-08 16:11:06.771   141   176 I InputDispatcher: Dropped event because of pending overdue app switch.
07-08 16:11:06.775   141   176 I InputDispatcher: Dropped event because of pending overdue app switch.
07-08 16:11:06.818   141   176 I ActivityManager: START {act=android.intent.action.MAIN cat=[android.intent.category.HOME] flg=0x10200000 cmp=com.android.launcher/com.android.launcher2.Launcher} from pid 141
07-08 16:11:06.861   340   340 D SAN_SERVICE: *******************************************
07-08 16:11:06.861   340   340 D SAN_SERVICE: DM App Phone Service State - 0
07-08 16:11:06.861   340   340 D SAN_SERVICE: *******************************************
07-08 16:11:06.872   141   176 I ActivityManager: START {act=android.intent.action.MAIN cat=[android.intent.category.HOME] flg=0x10200000 cmp=com.android.launcher/com.android.launcher2.Launcher} from pid 141
07-08 16:11:06.876   141   176 I ActivityManager: START {act=android.intent.action.MAIN cat=[android.intent.category.HOME] flg=0x10200000 cmp=com.android.launcher/com.android.launcher2.Launcher} from pid 141
07-08 16:11:06.884   141   176 I ActivityManager: START {act=android.intent.action.MAIN cat=[android.intent.category.HOME] flg=0x10200000 cmp=com.android.launcher/com.android.launcher2.Launcher} from pid 141
07-08 16:11:07.072   141   157 I Process : Sending signal. PID: 14416 SIG: 3
07-08 16:11:07.072 14416 14420 I dalvikvm: threadid=3: reacting to signal 3
07-08 16:11:07.095 14416 14420 I dalvikvm: Wrote stack traces to '/data/anr/traces.txt'
07-08 16:11:07.099   340   340 D SAN_SERVICE: *******************************************
07-08 16:11:07.099   340   340 D SAN_SERVICE: DM App Phone Service State - 0
07-08 16:11:07.099   340   340 D SAN_SERVICE: *******************************************
07-08 16:11:07.165 14102 14114 V GoogleLoginService: Returning error intent with: ComponentInfo{com.google.android.gsf.login/com.google.android.gsf.login.LoginActivity}
07-08 16:11:07.361   141   157 W ActivityManager: Activity pause timeout for ActivityRecord{4134f6a0 com.google.android.apps.maps/com.google.android.maps.MapsActivity}
07-08 16:11:07.388   141   157 I Process : Sending signal. PID: 14416 SIG: 3
07-08 16:11:07.388 14416 14420 I dalvikvm: threadid=3: reacting to signal 3
07-08 16:11:07.411 14416 14420 I dalvikvm: Wrote stack traces to '/data/anr/traces.txt'
07-08 16:11:07.427   340   340 D SAN_SERVICE: *******************************************
07-08 16:11:07.427   340   340 D SAN_SERVICE: DM App Phone Service State - 0
07-08 16:11:07.427   340   340 D SAN_SERVICE: *******************************************
07-08 16:11:07.564   141   325 W InputManagerService: Got RemoteException sending setActive(false) notification to pid 2222 uid 10061
07-08 16:11:07.646 14102 14116 V GoogleLoginService: Returning error intent with: ComponentInfo{com.google.android.gsf.login/com.google.android.gsf.login.LoginActivity}
07-08 16:11:07.751 14102 14104 D dalvikvm: GC_CONCURRENT freed 317K, 5% free 9285K/9735K, paused 2ms+14ms
07-08 16:11:08.177 14102 14116 V GoogleLoginService: Returning error intent with: ComponentInfo{com.google.android.gsf.login/com.google.android.gsf.login.LoginActivity}
07-08 16:11:08.427   212   214 D dalvikvm: GC_CONCURRENT freed 342K, 45% free 9900K/17799K, paused 6ms+8ms
07-08 16:11:08.501   212   214 D dalvikvm: GC_CONCURRENT freed 572K, 45% free 9793K/17799K, paused 1ms+2ms
07-08 16:11:08.861 14416 14418 D dalvikvm: GC_CONCURRENT freed 605K, 6% free 12512K/13255K, paused 4ms+4ms
07-08 16:11:08.986   212   212 D PhoneStatusBar: disable: < EXPAND* icons alerts ticker system_info back home recent clock >
07-08 16:11:09.197 14416 14449 D dalvikvm: GC_FOR_ALLOC freed 136K, 6% free 12929K/13703K, paused 43ms
07-08 16:11:09.411   141  2014 D dalvikvm: GC_EXPLICIT freed 1033K, 23% free 14593K/18823K, paused 5ms+8ms
07-08 16:11:09.716   212   214 D dalvikvm: GC_CONCURRENT freed 554K, 46% free 9710K/17799K, paused 1ms+5ms
07-08 16:11:09.786   212   214 D dalvikvm: GC_CONCURRENT freed 440K, 46% free 9706K/17799K, paused 2ms+6ms
07-08 16:11:10.009 14416 14418 D dalvikvm: GC_CONCURRENT freed 1006K, 8% free 13140K/14279K, paused 2ms+7ms
07-08 16:11:10.361   141   172 D ShutdownThread: Notifying thread to start shutdown longPressBehavior=1
07-08 16:11:10.388    81   121 D AudioHardware: AudioHardware pcm playback is exiting standby.
07-08 16:11:10.388    81   121 D AudioHardware: openPcmOut_l() mPcmOpenCnt: 0
07-08 16:11:10.435   212   212 D PhoneStatusBar: disable: < expand* icons alerts ticker system_info back home recent clock >
07-08 16:11:10.751 14416 14418 D dalvikvm: GC_CONCURRENT freed 994K, 8% free 13409K/14535K, paused 3ms+5ms
07-08 16:11:11.115 14416 14418 D dalvikvm: GC_CONCURRENT freed 1237K, 10% free 13549K/14919K, paused 2ms+5ms
07-08 16:11:11.478 14416 14418 D dalvikvm: GC_CONCURRENT freed 1282K, 10% free 13703K/15111K, paused 2ms+6ms
07-08 16:11:11.779   340   340 D SAN_SERVICE: *******************************************
07-08 16:11:11.779   340   340 D SAN_SERVICE: DM App Phone Service State - 0
07-08 16:11:11.779   340   340 D SAN_SERVICE: *******************************************
07-08 16:11:11.986 14416 14418 D dalvikvm: GC_CONCURRENT freed 1311K, 10% free 13858K/15303K, paused 2ms+6ms
07-08 16:11:12.025   340   340 D SAN_SERVICE: *******************************************
07-08 16:11:12.025   340   340 D SAN_SERVICE: DM App Phone Service State - 0
07-08 16:11:12.025   340   340 D SAN_SERVICE: *******************************************
07-08 16:11:12.060   141 14489 I ShutdownThread: Sending shutdown broadcast...
07-08 16:11:12.060   141   157 W SyncManager: Writing sync state before shutdown...
07-08 16:11:12.302   340   340 D SAN_SERVICE: *******************************************
07-08 16:11:12.302   340   340 D SAN_SERVICE: DM App Phone Service State - 0
07-08 16:11:12.302   340   340 D SAN_SERVICE: *******************************************
07-08 16:11:12.357   340   342 D dalvikvm: GC_CONCURRENT freed 397K, 6% free 9464K/10055K, paused 3ms+29ms
07-08 16:11:12.704   141 14489 I ShutdownThread: Shutting down activity manager...
07-08 16:11:12.704   141   157 W ActivityManager: finishReceiver called but active receiver is different
07-08 16:11:12.771   141   158 I ActivityManager: Start proc com.android.settings.wimax for broadcast com.android.settings.wimax/.widget.WimaxWidgetProvider: pid=14506 uid=10054 gids={}
07-08 16:11:13.048 14416 14418 D dalvikvm: GC_CONCURRENT freed 1344K, 10% free 14014K/15495K, paused 6ms+6ms
07-08 16:11:13.591 14416 14418 D dalvikvm: GC_CONCURRENT freed 1420K, 10% free 14196K/15751K, paused 2ms+6ms
07-08 16:11:13.790    75   112 W Netd    : No subsystem found in netlink event
07-08 16:11:13.790    75   112 D NetlinkEvent: Unexpected netlink message. type=0x11
07-08 16:11:13.806   141 14489 I UsageStats: Writing usage stats before shutdown...
07-08 16:11:13.822   141   197 D NetUtils: android_net_utils_resetConnections in env=0x10e0380 clazz=0x14d00001 iface=uwbr0 mask=0x3
07-08 16:11:13.822   141   197 D ConnectivityService: ConnectivityChange for WIMAX: DISCONNECTED/DISCONNECTED
07-08 16:11:13.822   141   197 D ConnectivityService: Attempting to switch to mobile
07-08 16:11:13.822   141   197 D ConnectivityService: Attempting to switch to WIFI
07-08 16:11:13.822   141   197 D ConnectivityService: Attempting to switch to BLUETOOTH_TETHER
07-08 16:11:13.822   141   197 D ConnectivityService: resetConnections(uwbr0, 3)
07-08 16:11:13.849   141   193 D NetworkPolicy: applying policy NetworkPolicy[NetworkTemplate: matchRule=MOBILE_ALL, subscriberId=valid]: cycleDay=8, warningBytes=2147483648, limitBytes=-1, lastSnooze=-1 to ifaces [rmnet0]
07-08 16:11:13.876   141   193 D NetworkPolicy: applying policy NetworkPolicy[NetworkTemplate: matchRule=MOBILE_ALL, subscriberId=valid]: cycleDay=8, warningBytes=2147483648, limitBytes=-1, lastSnooze=-1 to ifaces [rmnet0]
07-08 16:11:13.900   141 14489 W BatteryStats: Writing battery stats before shutdown...
07-08 16:11:13.970   141 14489 W ShutdownThread: Turning off radio...
07-08 16:11:13.994   141 14489 I ShutdownThread: Waiting for Bluetooth and Radio...
07-08 16:11:14.345 14416 14418 D dalvikvm: GC_CONCURRENT freed 1446K, 10% free 14363K/15943K, paused 2ms+5ms
07-08 16:11:14.872 14416 14418 D dalvikvm: GC_CONCURRENT freed 1341K, 10% free 14735K/16199K, paused 2ms+10ms
07-08 16:11:15.103    81   121 D AudioHardware: AudioHardware pcm playback is going to standby.
07-08 16:11:15.103    81   121 D AudioHardware: closePcmOut_l() mPcmOpenCnt: 1
07-08 16:11:15.333 14416 14418 D dalvikvm: GC_CONCURRENT freed 1092K, 8% free 15489K/16711K, paused 2ms+3ms
07-08 16:11:15.372   141   197 D ConnectivityService: ConnectivityChange for mobile: DISCONNECTED/DISCONNECTED
07-08 16:11:15.372   141   197 D ConnectivityService: Attempting to switch to WIFI
07-08 16:11:15.372   141   197 D ConnectivityService: Attempting to switch to WIMAX
07-08 16:11:15.372   141   197 D ConnectivityService: Attempting to switch to BLUETOOTH_TETHER
07-08 16:11:15.376   141   197 E ConnectivityService: Exception trying to remove a route: java.lang.IllegalStateException: Unable to communicate with native dameon to add routes - com.android.server.NativeDaemonConnectorException: Cmd {interface route remove rmnet0 default 21.218.48.1 32 0.0.0.0} failed with code 400 : {Failed to remove route from default table (No such process)}
07-08 16:11:15.396   141   197 D NetUtils: android_net_utils_resetConnections in env=0x10e0380 clazz=0x1d300001 iface=rmnet0 mask=0x3
07-08 16:11:15.396   141   197 E ConnectivityService: Exception trying to remove a route: java.lang.IllegalStateException: Unable to communicate with native dameon to add routes - com.android.server.NativeDaemonConnectorException: Cmd {interface route remove rmnet0 default 0.0.0.0 0 21.218.48.1} failed with code 400 : {Failed to remove route from default table (No such process)}
07-08 16:11:15.396   141   197 D ConnectivityService: resetConnections(rmnet0, 3)
07-08 16:11:15.497   141 14489 I ShutdownThread: Radio and Bluetooth shutdown complete.
07-08 16:11:15.497   141 14489 I ShutdownThread: Shutting down MountService
07-08 16:11:15.497   340   340 D SAN_SERVICE: *******************************************
07-08 16:11:15.497   340   340 D SAN_SERVICE: DM App Phone Service State - 3
07-08 16:11:15.497   340   340 D SAN_SERVICE: *******************************************
07-08 16:11:15.497   141   204 I PackageManager: Updating external media status from mounted to unmounted
07-08 16:11:15.497   141 14489 I MountService: Shutting down
07-08 16:11:15.517   141   158 I ActivityManager: Start proc com.google.android.partnersetup for broadcast com.google.android.partnersetup/.PhoneStateReceiver: pid=14529 uid=10022 gids={3003}
07-08 16:11:15.654   141   143 D dalvikvm: GC_CONCURRENT freed 1722K, 25% free 14222K/18823K, paused 5ms+9ms
07-08 16:11:15.701 14529 14529 I ActivityThread: Pub com.google.android.partnersetup.rlzprovider: com.google.android.partnersetup.RlzProvider
07-08 16:11:15.720 14529 14529 I ActivityThread: Pub com.google.android.partnersetup.rlzappprovider: com.google.android.partnersetup.RlzAppProvider
07-08 16:11:15.732 13650 13672 D NetworkLocator: null cell state delivered
07-08 16:11:15.740 13650 13672 D NetworkLocator: null cell state delivered
07-08 16:11:15.744 13650 13672 D NetworkLocator: null cell state delivered
07-08 16:11:15.763    72   101 D VoldCmdListener: asec list
07-08 16:11:15.767   141   161 I PackageManager: No secure containers on sdcard
07-08 16:11:16.009 13963 13976 I PhoneLab-: Service Running
07-08 16:11:16.033    72   101 D VoldCmdListener: storage users /mnt/sdcard
07-08 16:11:16.040 13650 13712 W Smack/Packet: notify conn break (IOEx), close connection
07-08 16:11:16.193   141   204 W ActivityManager: Killing processes unmount media at adjustment 7
07-08 16:11:16.193   141   204 W ActivityManager: Killing ProcessRecord{416e2790 2222:com.google.android.apps.maps/10061} (adj 7): unmount media
07-08 16:11:16.201    72   101 D VoldCmdListener: storage users /mnt/sdcard
07-08 16:11:16.228 13650 13712 I qtaguid : Failed write_ctrl(u 82) res=-1 errno=22
07-08 16:11:16.236   141   176 I InputDispatcher: Dropped event because input dispatch is disabled.
07-08 16:11:16.263   141   176 I InputDispatcher: Dropped event because input dispatch is disabled.
07-08 16:11:16.279   141   176 I InputDispatcher: Dropped event because input dispatch is disabled.
07-08 16:11:16.294   141   176 I InputDispatcher: Dropped event because input dispatch is disabled.
07-08 16:11:16.310   141   176 I InputDispatcher: Dropped event because input dispatch is disabled.
07-08 16:11:16.326   141   176 I InputDispatcher: Dropped event because input dispatch is disabled.
07-08 16:11:16.337   141   176 I InputDispatcher: Dropped event because input dispatch is disabled.
07-08 16:11:16.353   141   176 I InputDispatcher: Dropped event because input dispatch is disabled.
07-08 16:11:16.353   141   204 I MountService: Retrying to kill storage users again
07-08 16:11:16.357 13650 13712 I qtaguid : Untagging socket 82 failed errno=-22
07-08 16:11:16.357 13650 13712 W NetworkManagementSocketTagger: untagSocket(82) failed with errno -22
07-08 16:11:16.361 13963 13976 I PhoneLab-LoggerService: app_38    1226  1     1432   992   c00f181c 400107b4 S logcat
07-08 16:11:16.361 13963 13976 I PhoneLab-LoggerService: Logcat pid from database 1226
07-08 16:11:16.361 13963 13976 I PhoneLab-LoggerService: Logcat process found 1226
07-08 16:11:16.361 13963 13976 I PhoneLab-LoggerService: Checking Threshold
07-08 16:11:16.361 13963 13976 I PhoneLab-LoggerService: Starting to rename files
07-08 16:11:16.361 13963 13976 I PhoneLab-LoggerService: Files found .. 3
07-08 16:11:16.365   141   197 D ConnectivityService: handleInetConditionChange: no active default network - ignore
07-08 16:11:16.369   141   176 I InputDispatcher: Dropped event because input dispatch is disabled.
07-08 16:11:16.384   141   176 I InputDispatcher: Dropped event because input dispatch is disabled.
07-08 16:11:16.384    72   101 D VoldCmdListener: storage users /mnt/sdcard
07-08 16:11:16.400   141   176 I InputDispatcher: Dropped event because input dispatch is disabled.
07-08 16:11:16.415   141   176 I InputDispatcher: Dropped event because input dispatch is disabled.
07-08 16:11:16.427   141   176 I InputDispatcher: Dropped event because input dispatch is disabled.
07-08 16:11:16.443   141   176 I InputDispatcher: Dropped event because input dispatch is disabled.
07-08 16:11:16.458   141   176 I InputDispatcher: Dropped event because input dispatch is disabled.
07-08 16:11:16.474   141   176 I InputDispatcher: Dropped event because input dispatch is disabled.
07-08 16:11:16.490   141   176 I InputDispatcher: Dropped event because input dispatch is disabled.
07-08 16:11:16.501   141   176 I InputDispatcher: Dropped event because input dispatch is disabled.
07-08 16:11:16.517   141   176 I InputDispatcher: Dropped event because input dispatch is disabled.
07-08 16:11:16.533   141   176 I InputDispatcher: Dropped event because input dispatch is disabled.
07-08 16:11:16.536   141   204 W ActivityManager: Killing processes unmount media at adjustment 0
07-08 16:11:16.536    72   101 D VoldCmdListener: storage users /mnt/sdcard
07-08 16:11:16.548   141   176 I InputDispatcher: Dropped event because input dispatch is disabled.
07-08 16:11:16.564   141   176 I InputDispatcher: Dropped event because input dispatch is disabled.
07-08 16:11:16.576   141   176 I InputDispatcher: Dropped event because input dispatch is disabled.
07-08 16:11:16.591   141   176 I InputDispatcher: Dropped event because input dispatch is disabled.
07-08 16:11:16.607   141   176 I InputDispatcher: Dropped event because input dispatch is disabled.
07-08 16:11:16.650   141   176 I InputDispatcher: Dropped event because input dispatch is disabled.
07-08 16:11:16.693   141   204 I MountService: Retrying to kill storage users again
07-08 16:11:16.701   141  2014 I WindowManager: WIN DEATH: Window{4166ad80 com.google.android.apps.maps/com.google.android.maps.MapsActivity paused=false}
07-08 16:11:16.701   141  2014 W WindowManager: Force-removing child win Window{416cc318 SurfaceView paused=false} from container Window{4166ad80 com.google.android.apps.maps/com.google.android.maps.MapsActivity paused=false}
07-08 16:11:16.724    72   101 D VoldCmdListener: storage users /mnt/sdcard
07-08 16:11:16.857   141   201 D Tethering: MasterInitialState.processMessage what=3
07-08 16:11:16.869   141   201 D Tethering: MasterInitialState.processMessage what=3
07-08 16:11:16.935   141   204 W ActivityManager: Killing processes unmount media at adjustment 0
07-08 16:11:16.935    72   101 D VoldCmdListener: storage users /mnt/sdcard
07-08 16:11:17.060 14153 14166 D PicasaSyncManager: active network: null
07-08 16:11:17.060 14153 14166 D PicasaSyncManager: background data: true
07-08 16:11:17.076 13650 13652 D dalvikvm: GC_CONCURRENT freed 359K, 6% free 10121K/10695K, paused 2ms+5ms
07-08 16:11:17.126 14168 14168 I MediaUploader: No need to wake up
07-08 16:11:17.204 14153 14166 D PicasaSyncManager: active network: null
07-08 16:11:17.220 14153 14166 D PicasaSyncManager: background data: true
07-08 16:11:17.228   141   204 I MountService: Retrying to kill storage users again
07-08 16:11:17.251 14168 14168 I MediaUploader: No need to wake up
07-08 16:11:17.259    72   101 D VoldCmdListener: storage users /mnt/sdcard
07-08 16:11:17.419   141   204 W ActivityManager: Killing processes unmount media at adjustment 0
07-08 16:11:17.419    72   101 D VoldCmdListener: storage users /mnt/sdcard
07-08 16:11:17.490   141   176 I InputDispatcher: Dropped event because input dispatch is disabled.
07-08 16:11:17.564   141   176 I InputDispatcher: Dropped event because input dispatch is disabled.
07-08 16:11:17.564   141   204 I MountService: Retrying to kill storage users again
07-08 16:11:17.595    72   101 D VoldCmdListener: storage users /mnt/sdcard
07-08 16:11:17.611   141   176 I InputDispatcher: Dropped event because input dispatch is disabled.
07-08 16:11:17.626   141   176 I InputDispatcher: Dropped event because input dispatch is disabled.
07-08 16:11:17.642   141   176 I InputDispatcher: Dropped event because input dispatch is disabled.
07-08 16:11:17.716   141   176 I InputDispatcher: Dropped event because input dispatch is disabled.
07-08 16:11:17.716   141   176 I InputDispatcher: Dropped event because input dispatch is disabled.
07-08 16:11:17.744   141   176 I InputDispatcher: Dropped event because input dispatch is disabled.
07-08 16:11:17.747   141   176 I InputDispatcher: Dropped event because input dispatch is disabled.
07-08 16:11:17.759   141   204 W ActivityManager: Killing processes unmount media at adjustment 0
07-08 16:11:17.763   141   176 I InputDispatcher: Dropped event because input dispatch is disabled.
07-08 16:11:17.763   141   176 I InputDispatcher: Dropped event because input dispatch is disabled.
07-08 16:11:17.763    72   101 D VoldCmdListener: storage users /mnt/sdcard
07-08 16:11:17.794   141   176 I InputDispatcher: Dropped event because input dispatch is disabled.
07-08 16:11:17.794   141   176 I InputDispatcher: Dropped event because input dispatch is disabled.
07-08 16:11:17.794   141   176 I InputDispatcher: Dropped event because input dispatch is disabled.
07-08 16:11:17.810   141   176 I InputDispatcher: Dropped event because input dispatch is disabled.
07-08 16:11:17.829   141   176 I InputDispatcher: Dropped event because input dispatch is disabled.
07-08 16:11:17.829   141   176 I InputDispatcher: Dropped event because input dispatch is disabled.
07-08 16:11:17.845   141   176 I InputDispatcher: Dropped event because input dispatch is disabled.
07-08 16:11:17.845   141   176 I InputDispatcher: Dropped event because input dispatch is disabled.
07-08 16:11:17.888   141   176 I InputDispatcher: Dropped event because input dispatch is disabled.
07-08 16:11:17.888   141   176 I InputDispatcher: Dropped event because input dispatch is disabled.
07-08 16:11:17.904   141   176 I InputDispatcher: Dropped event because input dispatch is disabled.
07-08 16:11:17.908   141   176 I InputDispatcher: Dropped event because input dispatch is disabled.
07-08 16:11:17.911   141   204 I MountService: Failed to unmount media inspite of 4 retries. Forcibly killing processes now
07-08 16:11:17.923   141   176 I InputDispatcher: Dropped event because input dispatch is disabled.
07-08 16:11:17.923   141   176 I InputDispatcher: Dropped event because input dispatch is disabled.
07-08 16:11:17.939   141   176 I InputDispatcher: Dropped event because input dispatch is disabled.
07-08 16:11:17.939   141   176 I InputDispatcher: Dropped event because input dispatch is disabled.
07-08 16:11:17.970   141   176 I InputDispatcher: Dropped event because input dispatch is disabled.
07-08 16:11:17.970   141   176 I InputDispatcher: Dropped event because input dispatch is disabled.
07-08 16:11:18.001   141   176 I InputDispatcher: Dropped event because input dispatch is disabled.
07-08 16:11:18.001   141   176 I InputDispatcher: Dropped event because input dispatch is disabled.
07-08 16:11:18.009   141   204 D dalvikvm: GC_EXPLICIT freed 905K, 26% free 13975K/18823K, paused 3ms+7ms
07-08 16:11:18.009   141   204 I PackageManager: Updating external media status from unmounted to unmounted
07-08 16:11:18.009    72   101 D VoldCmdListener: volume unmount /mnt/sdcard force
07-08 16:11:18.009    72   101 D Vold    : Volume sdcard state changing 4 (Mounted) -> 5 (Unmounting)
07-08 16:11:18.013   141   207 D MountService: sendStorageIntent Intent { act=android.intent.action.MEDIA_EJECT dat=file:///mnt/sdcard (has extras) }
07-08 16:11:18.017   141   176 I InputDispatcher: Dropped event because input dispatch is disabled.
07-08 16:11:18.017   141   176 I InputDispatcher: Dropped event because input dispatch is disabled.
07-08 16:11:18.033   141   176 I InputDispatcher: Dropped event because input dispatch is disabled.
07-08 16:11:18.033   141   176 I InputDispatcher: Dropped event because input dispatch is disabled.
07-08 16:11:18.048   141   176 I InputDispatcher: Dropped event because input dispatch is disabled.
07-08 16:11:18.048   141   176 I InputDispatcher: Dropped event because input dispatch is disabled.
07-08 16:11:18.048   141   176 I InputDispatcher: Dropped event because input dispatch is disabled.
07-08 16:11:18.064   141   176 I InputDispatcher: Dropped event because input dispatch is disabled.
07-08 16:11:18.064   141   176 I InputDispatcher: Dropped event because input dispatch is disabled.
07-08 16:11:18.079   141   176 I InputDispatcher: Dropped event because input dispatch is disabled.
07-08 16:11:18.079   141   176 I InputDispatcher: Dropped event because input dispatch is disabled.
07-08 16:11:18.095   141   176 I InputDispatcher: Dropped event because input dispatch is disabled.
07-08 16:11:18.111   141   176 I InputDispatcher: Dropped event because input dispatch is disabled.
07-08 16:11:18.126   141   176 I InputDispatcher: Dropped event because input dispatch is disabled.
07-08 16:11:18.126   141   176 I InputDispatcher: Dropped event because input dispatch is disabled.
07-08 16:11:18.142   141   176 I InputDispatcher: Dropped event because input dispatch is disabled.
07-08 16:11:18.158   141   176 I InputDispatcher: Dropped event because input dispatch is disabled.
07-08 16:11:18.185   141   176 I InputDispatcher: Dropped event because input dispatch is disabled.
07-08 16:11:18.201   141   176 I InputDispatcher: Dropped event because input dispatch is disabled.
07-08 16:11:18.247   141   176 I InputDispatcher: Dropped event because input dispatch is disabled.
07-08 16:11:18.290   141   176 I InputDispatcher: Dropped event because input dispatch is disabled.
07-08 16:11:18.318   141   176 I InputDispatcher: Dropped event because input dispatch is disabled.
07-08 16:11:18.333   141   176 I InputDispatcher: Dropped event because input dispatch is disabled.
07-08 16:11:18.376   141   176 I InputDispatcher: Dropped event because input dispatch is disabled.
07-08 16:11:18.408   141   176 I InputDispatcher: Dropped event because input dispatch is disabled.
07-08 16:11:18.408   141   176 I InputDispatcher: Dropped event because input dispatch is disabled.
07-08 16:11:18.423   141   176 I InputDispatcher: Dropped event because input dispatch is disabled.
07-08 16:11:18.439   141   201 D Tethering: MasterInitialState.processMessage what=3
07-08 16:11:18.443   141   176 I InputDispatcher: Dropped event because input dispatch is disabled.
07-08 16:11:18.458   141   176 I InputDispatcher: Dropped event because input dispatch is disabled.
07-08 16:11:18.474   141   176 I InputDispatcher: Dropped event because input dispatch is disabled.
07-08 16:11:18.505   141   176 I InputDispatcher: Dropped event because input dispatch is disabled.
07-08 16:11:18.521   141   176 I InputDispatcher: Dropped event because input dispatch is disabled.
07-08 16:11:18.552   141   176 I InputDispatcher: Dropped event because input dispatch is disabled.
07-08 16:11:18.552   141   176 I InputDispatcher: Dropped event because input dispatch is disabled.
07-08 16:11:18.568   141   176 I InputDispatcher: Dropped event because input dispatch is disabled.
07-08 16:11:18.568 14153 14166 D PicasaSyncManager: active network: null
07-08 16:11:18.568 14153 14166 D PicasaSyncManager: background data: true
07-08 16:11:18.583   141   176 I InputDispatcher: Dropped event because input dispatch is disabled.
07-08 16:11:18.591 14168 14168 I MediaUploader: No need to wake up
07-08 16:11:18.615   141   176 I InputDispatcher: Dropped event because input dispatch is disabled.
07-08 16:11:18.630   141   176 I InputDispatcher: Dropped event because input dispatch is disabled.
07-08 16:11:18.646   141   176 I InputDispatcher: Dropped event because input dispatch is disabled.
07-08 16:11:18.661   141   176 I InputDispatcher: Dropped event because input dispatch is disabled.
07-08 16:11:18.677   141   176 I InputDispatcher: Dropped event because input dispatch is disabled.
07-08 16:11:18.693   141   176 I InputDispatcher: Dropped event because input dispatch is disabled.
07-08 16:11:18.708   141   176 I InputDispatcher: Dropped event because input dispatch is disabled.
07-08 16:11:18.744   141   176 I InputDispatcher: Dropped event because input dispatch is disabled.
07-08 16:11:18.759   141   176 I InputDispatcher: Dropped event because input dispatch is disabled.
07-08 16:11:18.790   141   176 I InputDispatcher: Dropped event because input dispatch is disabled.
07-08 16:11:18.806   141   176 I InputDispatcher: Dropped event because input dispatch is disabled.
07-08 16:11:18.822   141   176 I InputDispatcher: Dropped event because input dispatch is disabled.
07-08 16:11:18.837   141   176 I InputDispatcher: Dropped event because input dispatch is disabled.
07-08 16:11:18.869   141   176 I InputDispatcher: Dropped event because input dispatch is disabled.
07-08 16:11:18.884   141   176 I InputDispatcher: Dropped event because input dispatch is disabled.
07-08 16:11:18.915   141   176 I InputDispatcher: Dropped event because input dispatch is disabled.
07-08 16:11:18.935   141   176 I InputDispatcher: Dropped event because input dispatch is disabled.
07-08 16:11:18.951   141   176 I InputDispatcher: Dropped event because input dispatch is disabled.
07-08 16:11:18.966   141   176 I InputDispatcher: Dropped event because input dispatch is disabled.
07-08 16:11:18.997   141   176 I InputDispatcher: Dropped event because input dispatch is disabled.
07-08 16:11:19.025    72   101 I Vold    : /mnt/secure/staging/.android_secure sucessfully unmounted
07-08 16:11:19.025    72   101 I Vold    : /mnt/secure/asec sucessfully unmounted
07-08 16:11:19.025    72   101 W Vold    : Failed to unmount /mnt/secure/staging (Device or resource busy, retries 9, action 0)
07-08 16:11:19.029   141   176 I InputDispatcher: Dropped event because input dispatch is disabled.
07-08 16:11:19.044   141   176 I InputDispatcher: Dropped event because input dispatch is disabled.
07-08 16:11:19.060   141   176 I InputDispatcher: Dropped event because input dispatch is disabled.
07-08 16:11:19.076   141   176 I InputDispatcher: Dropped event because input dispatch is disabled.
07-08 16:11:19.091   141   176 I InputDispatcher: Dropped event because input dispatch is disabled.
07-08 16:11:19.107   141   176 I InputDispatcher: Dropped event because input dispatch is disabled.
07-08 16:11:19.122   141   176 I InputDispatcher: Dropped event because input dispatch is disabled.
07-08 16:11:19.134    72   101 E ProcessKiller: Process logcat (1226) has open file /mnt/secure/staging/.log/log.out
07-08 16:11:19.142   141   176 I InputDispatcher: Dropped event because input dispatch is disabled.
07-08 16:11:19.158   141   176 I InputDispatcher: Dropped event because input dispatch is disabled.
07-08 16:11:19.173   141   176 I InputDispatcher: Dropped event because input dispatch is disabled.
07-08 16:11:19.189   141   176 I InputDispatcher: Dropped event because input dispatch is disabled.
07-08 16:11:19.204   141   176 I InputDispatcher: Dropped event because input dispatch is disabled.
07-08 16:11:19.220   141   176 I InputDispatcher: Dropped event because input dispatch is disabled.
07-08 16:11:19.236   141   176 I InputDispatcher: Dropped event because input dispatch is disabled.
07-08 16:11:19.251   141   176 I InputDispatcher: Dropped event because input dispatch is disabled.
07-08 16:11:19.267   141   176 I InputDispatcher: Dropped event because input dispatch is disabled.
07-08 16:11:19.283   141   176 I InputDispatcher: Dropped event because input dispatch is disabled.
07-08 16:11:19.298   141   176 I InputDispatcher: Dropped event because input dispatch is disabled.
07-08 16:11:19.318   141   176 I InputDispatcher: Dropped event because input dispatch is disabled.
07-08 16:11:19.333   141   176 I InputDispatcher: Dropped event because input dispatch is disabled.
07-08 16:11:19.349   141   176 I InputDispatcher: Dropped event because input dispatch is disabled.
07-08 16:11:19.365   141   176 I InputDispatcher: Dropped event because input dispatch is disabled.
07-08 16:11:19.380   141   176 I InputDispatcher: Dropped event because input dispatch is disabled.
07-08 16:11:19.396   141   176 I InputDispatcher: Dropped event because input dispatch is disabled.
07-08 16:11:19.411   141   176 I InputDispatcher: Dropped event because input dispatch is disabled.
07-08 16:11:19.427   141   176 I InputDispatcher: Dropped event because input dispatch is disabled.
07-08 16:11:19.443   141   176 I InputDispatcher: Dropped event because input dispatch is disabled.
07-08 16:11:19.458   141   176 I InputDispatcher: Dropped event because input dispatch is disabled.
07-08 16:11:19.490   141   176 I InputDispatcher: Dropped event because input dispatch is disabled.
07-08 16:11:19.509   141   176 I InputDispatcher: Dropped event because input dispatch is disabled.
07-08 16:11:19.525   141   176 I InputDispatcher: Dropped event because input dispatch is disabled.
07-08 16:11:19.544   141   176 I InputDispatcher: Dropped event because input dispatch is disabled.
07-08 16:11:19.556   141   176 I InputDispatcher: Dropped event because input dispatch is disabled.
07-08 16:11:19.587   141   176 I InputDispatcher: Dropped event because input dispatch is disabled.
07-08 16:11:19.603   141   176 I InputDispatcher: Dropped event because input dispatch is disabled.
07-08 16:11:19.619   141   176 I InputDispatcher: Dropped event because input dispatch is disabled.
07-08 16:11:19.650   141   176 I InputDispatcher: Dropped event because input dispatch is disabled.
07-08 16:11:19.665   141   176 I InputDispatcher: Dropped event because input dispatch is disabled.
07-08 16:11:19.669   141   176 I InputDispatcher: Dropped event because input dispatch is disabled.
07-08 16:11:19.669   141   176 I InputDispatcher: Dropped event because input dispatch is disabled.
07-08 16:11:19.685   141   176 I InputDispatcher: Dropped event because input dispatch is disabled.
07-08 16:11:19.701   141   176 I InputDispatcher: Dropped event because input dispatch is disabled.
07-08 16:11:19.732   141   176 I InputDispatcher: Dropped event because input dispatch is disabled.
07-08 16:11:19.747   141   176 I InputDispatcher: Dropped event because input dispatch is disabled.
07-08 16:11:19.779   141   176 I InputDispatcher: Dropped event because input dispatch is disabled.
07-08 16:11:19.794   141   176 I InputDispatcher: Dropped event because input dispatch is disabled.
07-08 16:11:19.829   141   176 I InputDispatcher: Dropped event because input dispatch is disabled.
07-08 16:11:19.849   141   176 I InputDispatcher: Dropped event because input dispatch is disabled.
07-08 16:11:19.861   141   176 I InputDispatcher: Dropped event because input dispatch is disabled.
07-08 16:11:19.876   141   176 I InputDispatcher: Dropped event because input dispatch is disabled.
07-08 16:11:19.896   141   176 I InputDispatcher: Dropped event because input dispatch is disabled.
07-08 16:11:19.927   141   176 I InputDispatcher: Dropped event because input dispatch is disabled.
07-08 16:11:19.947   141   176 I InputDispatcher: Dropped event because input dispatch is disabled.
07-08 16:11:19.974   141   176 I InputDispatcher: Dropped event because input dispatch is disabled.
07-08 16:11:19.994   141   176 I InputDispatcher: Dropped event because input dispatch is disabled.
07-08 16:11:20.009   141   176 I InputDispatcher: Dropped event because input dispatch is disabled.
07-08 16:11:20.025   141   176 I InputDispatcher: Dropped event because input dispatch is disabled.
07-08 16:11:20.040   141   176 I InputDispatcher: Dropped event because input dispatch is disabled.
07-08 16:11:20.056   141   176 I InputDispatcher: Dropped event because input dispatch is disabled.
07-08 16:11:20.060   141   176 I InputDispatcher: Dropped event because input dispatch is disabled.
07-08 16:11:20.076   141   176 I InputDispatcher: Dropped event because input dispatch is disabled.
07-08 16:11:20.091   141   176 I InputDispatcher: Dropped event because input dispatch is disabled.
07-08 16:11:20.107   141   176 I InputDispatcher: Dropped event because input dispatch is disabled.
07-08 16:11:20.122   141   176 I InputDispatcher: Dropped event because input dispatch is disabled.
07-08 16:11:20.154   141   176 I InputDispatcher: Dropped event because input dispatch is disabled.
07-08 16:11:20.185   141   176 I InputDispatcher: Dropped event because input dispatch is disabled.
07-08 16:11:20.208    72   101 W Vold    : Failed to unmount /mnt/secure/staging (Device or resource busy, retries 8, action 0)
07-08 16:11:20.216   141   176 I InputDispatcher: Dropped event because input dispatch is disabled.
07-08 16:11:20.247   141   176 I InputDispatcher: Dropped event because input dispatch is disabled.
07-08 16:11:20.263   141   176 I InputDispatcher: Dropped event because input dispatch is disabled.
07-08 16:11:20.263   141   176 I InputDispatcher: Dropped event because input dispatch is disabled.
07-08 16:11:20.279   141   176 I InputDispatcher: Dropped event because input dispatch is disabled.
07-08 16:11:20.279   141   176 I InputDispatcher: Dropped event because input dispatch is disabled.
07-08 16:11:20.310   141   176 I InputDispatcher: Dropped event because input dispatch is disabled.
07-08 16:11:20.310   141   176 I InputDispatcher: Dropped event because input dispatch is disabled.
07-08 16:11:20.326   141   176 I InputDispatcher: Dropped event because input dispatch is disabled.
07-08 16:11:20.326   141   176 I InputDispatcher: Dropped event because input dispatch is disabled.
07-08 16:11:20.326    72   101 E ProcessKiller: Process logcat (1226) has open file /mnt/secure/staging/.log/log.out
07-08 16:11:20.357   141   176 I InputDispatcher: Dropped event because input dispatch is disabled.
07-08 16:11:20.357   141   176 I InputDispatcher: Dropped event because input dispatch is disabled.
07-08 16:11:20.376   141   176 I InputDispatcher: Dropped event because input dispatch is disabled.
07-08 16:11:20.376   141   176 I InputDispatcher: Dropped event because input dispatch is disabled.
07-08 16:11:20.392   141   176 I InputDispatcher: Dropped event because input dispatch is disabled.
07-08 16:11:20.392   141   176 I InputDispatcher: Dropped event because input dispatch is disabled.
07-08 16:11:20.408   141   176 I InputDispatcher: Dropped event because input dispatch is disabled.
07-08 16:11:20.408   141   176 I InputDispatcher: Dropped event because input dispatch is disabled.
07-08 16:11:20.423   141   176 I InputDispatcher: Dropped event because input dispatch is disabled.
07-08 16:11:20.423   141   176 I InputDispatcher: Dropped event because input dispatch is disabled.
07-08 16:11:20.439   141   176 I InputDispatcher: Dropped event because input dispatch is disabled.
07-08 16:11:20.439   141   176 I InputDispatcher: Dropped event because input dispatch is disabled.
07-08 16:11:20.454   141   176 I InputDispatcher: Dropped event because input dispatch is disabled.
07-08 16:11:20.454   141   176 I InputDispatcher: Dropped event because input dispatch is disabled.
07-08 16:11:20.470   141   176 I InputDispatcher: Dropped event because input dispatch is disabled.
07-08 16:11:20.470   141   176 I InputDispatcher: Dropped event because input dispatch is disabled.
07-08 16:11:20.486   141   176 I InputDispatcher: Dropped event because input dispatch is disabled.
07-08 16:11:20.486   141   176 I InputDispatcher: Dropped event because input dispatch is disabled.
07-08 16:11:20.505   141   176 I InputDispatcher: Dropped event because input dispatch is disabled.
07-08 16:11:20.505   141   176 I InputDispatcher: Dropped event because input dispatch is disabled.
07-08 16:11:20.521   141   176 I InputDispatcher: Dropped event because input dispatch is disabled.
07-08 16:11:20.536   141   176 I InputDispatcher: Dropped event because input dispatch is disabled.
07-08 16:11:20.552   141   176 I InputDispatcher: Dropped event because input dispatch is disabled.
07-08 16:11:20.568   141   176 I InputDispatcher: Dropped event because input dispatch is disabled.
07-08 16:11:20.583   141   176 I InputDispatcher: Dropped event because input dispatch is disabled.
07-08 16:11:20.599   141   176 I InputDispatcher: Dropped event because input dispatch is disabled.
07-08 16:11:20.622   141   176 I InputDispatcher: Dropped event because input dispatch is disabled.
07-08 16:11:20.634   141   176 I InputDispatcher: Dropped event because input dispatch is disabled.
07-08 16:11:20.646   141   176 I InputDispatcher: Dropped event because input dispatch is disabled.
07-08 16:11:20.665   141   176 I InputDispatcher: Dropped event because input dispatch is disabled.
07-08 16:11:20.681   141   176 I InputDispatcher: Dropped event because input dispatch is disabled.
07-08 16:11:20.681   141   176 I InputDispatcher: Dropped event because input dispatch is disabled.
07-08 16:11:20.701   141   176 I InputDispatcher: Dropped event because input dispatch is disabled.
07-08 16:11:20.712   141   176 I InputDispatcher: Dropped event because input dispatch is disabled.
07-08 16:11:20.716   141   176 I InputDispatcher: Dropped event because input dispatch is disabled.
07-08 16:11:20.728   141   176 I InputDispatcher: Dropped event because input dispatch is disabled.
07-08 16:11:20.744   141   176 I InputDispatcher: Dropped event because input dispatch is disabled.
07-08 16:11:20.759   141   176 I InputDispatcher: Dropped event because input dispatch is disabled.
07-08 16:11:20.775   141   176 I InputDispatcher: Dropped event because input dispatch is disabled.
07-08 16:11:20.790   141   176 I InputDispatcher: Dropped event because input dispatch is disabled.
07-08 16:11:20.790   141   176 I InputDispatcher: Dropped event because input dispatch is disabled.
07-08 16:11:20.806   141   176 I InputDispatcher: Dropped event because input dispatch is disabled.
07-08 16:11:20.806   141   176 I InputDispatcher: Dropped event because input dispatch is disabled.
07-08 16:11:20.822   141   176 I InputDispatcher: Dropped event because input dispatch is disabled.
07-08 16:11:20.822   141   176 I InputDispatcher: Dropped event because input dispatch is disabled.
07-08 16:11:20.837   141   176 I InputDispatcher: Dropped event because input dispatch is disabled.
07-08 16:11:20.853   141   176 I InputDispatcher: Dropped event because input dispatch is disabled.
07-08 16:11:20.869   141   176 I InputDispatcher: Dropped event because input dispatch is disabled.
07-08 16:11:20.869   141   176 I InputDispatcher: Dropped event because input dispatch is disabled.
07-08 16:11:20.880   141   176 I InputDispatcher: Dropped event because input dispatch is disabled.
07-08 16:11:20.896   141   176 I InputDispatcher: Dropped event because input dispatch is disabled.
07-08 16:11:20.911   141   176 I InputDispatcher: Dropped event because input dispatch is disabled.
07-08 16:11:20.927   141   176 I InputDispatcher: Dropped event because input dispatch is disabled.
07-08 16:11:20.982   141   176 I InputDispatcher: Dropped event because input dispatch is disabled.
07-08 16:11:21.400    72   101 W Vold    : Failed to unmount /mnt/secure/staging (Device or resource busy, retries 7, action 0)
07-08 16:11:21.509    72   101 E ProcessKiller: Process logcat (1226) has open file /mnt/secure/staging/.log/log.out
07-08 16:11:22.579    72   101 W Vold    : Failed to unmount /mnt/secure/staging (Device or resource busy, retries 6, action 0)
07-08 16:11:22.708    72   101 E ProcessKiller: Process logcat (1226) has open file /mnt/secure/staging/.log/log.out
07-08 16:11:23.775    72   101 W Vold    : Failed to unmount /mnt/secure/staging (Device or resource busy, retries 5, action 0)
07-08 16:11:23.896    72   101 E ProcessKiller: Process logcat (1226) has open file /mnt/secure/staging/.log/log.out
07-08 16:11:24.966    72   101 W Vold    : Failed to unmount /mnt/secure/staging (Device or resource busy, retries 4, action 0)
07-08 16:11:25.076    72   101 E ProcessKiller: Process logcat (1226) has open file /mnt/secure/staging/.log/log.out
07-08 16:11:26.146    72   101 W Vold    : Failed to unmount /mnt/secure/staging (Device or resource busy, retries 3, action 0)
07-08 16:11:26.267    72   101 E ProcessKiller: Process logcat (1226) has open file /mnt/secure/staging/.log/log.out
07-08 16:11:27.337    72   101 W Vold    : Failed to unmount /mnt/secure/staging (Device or resource busy, retries 2, action 1)
--------- beginning of /dev/log/main
07-08 16:26:17.214    76    76 I DEBUG   : debuggerd: Jun 19 2012 17:13:40
--------- beginning of /dev/log/system
07-08 16:26:17.500    72    72 I Vold    : Vold 2.1 (the revenge) firing up
07-08 16:26:17.503    75    75 I Netd    : Netd 1.0 starting
07-08 16:26:17.515    72    72 D Vold    : Volume sdcard state changing -1 (Initializing) -> 0 (No-Media)
07-08 16:26:17.628    72    96 D Vold    : Volume sdcard state changing 0 (No-Media) -> 2 (Pending)
07-08 16:26:17.628    72    96 D Vold    : Volume sdcard state changing 2 (Pending) -> 1 (Idle-Unmounted)
07-08 16:26:17.628    72    96 W Vold    : Duplicate state (1)
07-08 16:26:17.632    72    96 W Vold    : Duplicate state (1)
07-08 16:26:17.636    72    96 W Vold    : Duplicate state (1)
07-08 16:26:17.640    72    96 W Vold    : Duplicate state (1)
07-08 16:26:17.914    80    80 I         : ServiceManager: 0x22a910
07-08 16:26:18.082    79    79 D AndroidRuntime: 
07-08 16:26:18.082    79    79 D AndroidRuntime: >>>>>> AndroidRuntime START com.android.internal.os.ZygoteInit <<<<<<
07-08 16:26:18.082    79    79 D AndroidRuntime: CheckJNI is OFF
07-08 16:26:18.085    78    78 I SurfaceFlinger: SurfaceFlinger is starting
07-08 16:26:18.089    78   116 I SurfaceFlinger: SurfaceFlinger's main thread ready to run. Initializing graphics H/W...
07-08 16:26:18.281    81    81 I         : ServiceManager: 0x1589958
07-08 16:26:18.296    81    81 I AudioFlinger: Loaded primary audio interface from LEGACY Audio HW HAL (audio)
07-08 16:26:18.296    81    81 I AudioFlinger: Using 'LEGACY Audio HW HAL' (audio.primary) as the primary audio interface
07-08 16:26:18.304    81    81 I AudioFlinger: Loaded a2dp audio interface from A2DP Audio HW HAL (audio)
07-08 16:26:18.304    81    81 D AudioHardwareInterface: setMode(NORMAL)
07-08 16:26:18.308    81    81 I CameraService: CameraService started (pid=81)
07-08 16:26:18.320    81   121 I AudioFlinger: AudioFlinger's thread 0x158a9a0 ready to run
07-08 16:26:18.320    81   121 W AudioFlinger: Thread AudioOut_1 cannot connect to the power manager service
07-08 16:26:18.320    81   121 D AudioHardware: AudioStreamOutALSA::setParameters() routing=2
07-08 16:26:18.320    81   120 D AudioHardware: ### setVoiceVolume_l
07-08 16:26:18.320    81    81 I AudioPolicyService: Loaded audio policy from LEGACY Audio Policy HAL (audio_policy)
07-08 16:26:18.355    78   116 D libEGL  : loaded /system/lib/egl/libGLES_android.so
07-08 16:26:18.375    78   116 D libEGL  : loaded /vendor/lib/egl/libEGL_POWERVR_SGX540_120.so
07-08 16:26:18.437    78   116 D libEGL  : loaded /vendor/lib/egl/libGLESv1_CM_POWERVR_SGX540_120.so
07-08 16:26:18.472    78   116 D libEGL  : loaded /vendor/lib/egl/libGLESv2_POWERVR_SGX540_120.so
07-08 16:26:18.550    78   116 I SurfaceFlinger: EGL informations:
07-08 16:26:18.550    78   116 I SurfaceFlinger: # of configs : 30
07-08 16:26:18.550    78   116 I SurfaceFlinger: vendor    : Android
07-08 16:26:18.550    78   116 I SurfaceFlinger: version   : 1.4 Android META-EGL
07-08 16:26:18.550    78   116 I SurfaceFlinger: extensions: EGL_KHR_image EGL_KHR_image_base EGL_KHR_image_base EGL_KHR_gl_texture_2D_image EGL_KHR_gl_texture_cubemap_image EGL_KHR_gl_renderbuffer_image EGL_KHR_fence_sync EGL_ANDROID_image_native_buffer EGL_ANDROID_image_native_buffer 
07-08 16:26:18.550    78   116 I SurfaceFlinger: Client API: OpenGL ES
07-08 16:26:18.550    78   116 I SurfaceFlinger: EGLSurface: 8-8-8-8, config=0x1
07-08 16:26:18.550    78   116 I SurfaceFlinger: OpenGL informations:
07-08 16:26:18.550    78   116 I SurfaceFlinger: vendor    : Imagination Technologies
07-08 16:26:18.550    78   116 I SurfaceFlinger: renderer  : PowerVR SGX 540
07-08 16:26:18.550    78   116 I SurfaceFlinger: version   : OpenGL ES-CM 1.1
07-08 16:26:18.550    78   116 I SurfaceFlinger: extensions: GL_OES_byte_coordinates GL_OES_fixed_point GL_OES_single_precision GL_OES_matrix_get GL_OES_read_format GL_OES_compressed_paletted_texture GL_OES_point_sprite GL_OES_point_size_array GL_OES_matrix_palette GL_OES_draw_texture GL_OES_query_matrix GL_OES_texture_env_crossbar GL_OES_texture_mirrored_repeat GL_OES_texture_cube_map GL_OES_blend_subtract GL_OES_blend_func_separate GL_OES_blend_equation_separate GL_OES_stencil_wrap GL_OES_extended_matrix_palette GL_OES_framebuffer_object GL_OES_rgb8_rgba8 GL_OES_depth24 GL_OES_stencil8 GL_OES_compressed_ETC1_RGB8_texture GL_OES_mapbuffer GL_OES_EGL_image GL_OES_EGL_image_external GL_EXT_multi_draw_arrays GL_OES_required_internalformat GL_IMG_read_format GL_IMG_texture_compression_pvrtc GL_IMG_texture_format_BGRA8888 GL_EXT_texture_format_BGRA8888 GL_OES_egl_sync GL_IMG_vertex_array_object
07-08 16:26:18.550    78   116 I SurfaceFlinger: GL_MAX_TEXTURE_SIZE = 2048
07-08 16:26:18.550    78   116 I SurfaceFlinger: GL_MAX_VIEWPORT_DIMS = 2048 x 2048
07-08 16:26:18.550    78   116 I SurfaceFlinger: flags = 00010000
07-08 16:26:18.558    78   116 I hwcomposer: int hwc_device_open(const hw_module_t*, const char*, hw_device_t**)::win-0 add[0] 4b7af000 
07-08 16:26:18.558    78   116 I hwcomposer: int hwc_device_open(const hw_module_t*, const char*, hw_device_t**)::win-0 add[1] 4b926000 
07-08 16:26:18.558    78   116 I hwcomposer: int hwc_device_open(const hw_module_t*, const char*, hw_device_t**)::win-0 add[2] 4ba9d000 
07-08 16:26:18.562    78   116 D hwcomposer: int hwc_device_open(const hw_module_t*, const char*, hw_device_t**):: success
07-08 16:26:18.753   124   135 D libEGL  : loaded /system/lib/egl/libGLES_android.so
07-08 16:26:18.757   124   135 D libEGL  : loaded /vendor/lib/egl/libEGL_POWERVR_SGX540_120.so
07-08 16:26:18.765   124   135 D libEGL  : loaded /vendor/lib/egl/libGLESv1_CM_POWERVR_SGX540_120.so
07-08 16:26:18.769   124   135 D libEGL  : loaded /vendor/lib/egl/libGLESv2_POWERVR_SGX540_120.so
07-08 16:26:19.488    79    79 I SamplingProfilerIntegration: Profiling disabled.
07-08 16:26:19.535    79    79 I Zygote  : Preloading classes...
07-08 16:26:19.566    79    79 D dalvikvm: GC_EXPLICIT freed 36K, 85% free 409K/2560K, paused 1ms+1ms
07-08 16:26:19.585    79    79 D dalvikvm: GC_EXPLICIT freed 4K, 82% free 473K/2560K, paused 0ms+0ms
07-08 16:26:19.601    79    79 D dalvikvm: GC_EXPLICIT freed 20K, 81% free 509K/2560K, paused 0ms+0ms
07-08 16:26:19.617    79    79 D dalvikvm: GC_EXPLICIT freed 27K, 80% free 536K/2560K, paused 0ms+0ms
07-08 16:26:19.628    79    79 D dalvikvm: GC_EXPLICIT freed 15K, 78% free 576K/2560K, paused 1ms+0ms
07-08 16:26:19.832    79    79 D dalvikvm: GC_EXPLICIT freed 27K, 77% free 603K/2560K, paused 25ms+0ms
07-08 16:26:20.035    79    79 D dalvikvm: GC_EXPLICIT freed 30K, 76% free 635K/2560K, paused 0ms+1ms
07-08 16:26:20.046    79    79 D TextLayoutCache: Using debug level: 0 - Debug Enabled: 0
07-08 16:26:20.062    79    79 W Zygote  : Class not found for preloading: android.media.AudioManager$2
07-08 16:26:20.105    79    79 I dalvikvm: threadid=1: recursive native library load attempt (/system/lib/libmedia_jni.so)
07-08 16:26:20.105    79    79 D MtpDeviceJNI: register_android_mtp_MtpDevice
07-08 16:26:20.109    79    79 I dalvikvm: threadid=1: recursive native library load attempt (/system/lib/libmedia_jni.so)
07-08 16:26:20.109    79    79 I dalvikvm: threadid=1: recursive native library load attempt (/system/lib/libmedia_jni.so)
07-08 16:26:20.128    79    79 W Zygote  : Class not found for preloading: android.media.IRemoteControlClientDispatcher
07-08 16:26:20.128    79    79 W Zygote  : Class not found for preloading: android.media.IRemoteControlClientDispatcher$Stub
07-08 16:26:20.144    79    79 D dalvikvm: GC_EXPLICIT freed 20K, 74% free 672K/2560K, paused 0ms+2ms
07-08 16:26:20.320    79    79 D dalvikvm: GC_FOR_ALLOC freed 217K, 63% free 967K/2560K, paused 7ms
07-08 16:26:20.343    79    79 D dalvikvm: GC_EXPLICIT freed 43K, 61% free 1023K/2560K, paused 0ms+1ms
07-08 16:26:20.433    79    79 D dalvikvm: GC_EXPLICIT freed 27K, 59% free 1052K/2560K, paused 0ms+1ms
07-08 16:26:20.699    79    79 D dalvikvm: GC_EXPLICIT freed 8K, 58% free 1100K/2560K, paused 5ms+1ms
07-08 16:26:20.734    79    79 D dalvikvm: GC_EXPLICIT freed 23K, 55% free 1166K/2560K, paused 0ms+1ms
07-08 16:26:20.812    79    79 D dalvikvm: GC_EXPLICIT freed 48K, 44% free 1445K/2560K, paused 1ms+1ms
07-08 16:26:20.816    79    79 W Zygote  : Class not found for preloading: android.text.TextDirectionHeuristics$CharCount
07-08 16:26:20.824    79    79 W Zygote  : Class not found for preloading: android.text.method.WordIterator$1
07-08 16:26:20.847    79    79 D dalvikvm: GC_EXPLICIT freed 35K, 43% free 1479K/2560K, paused 1ms+1ms
07-08 16:26:20.871    79    79 D dalvikvm: GC_EXPLICIT freed 32K, 42% free 1502K/2560K, paused 1ms+2ms
07-08 16:26:21.167    79    79 I dalvikvm: threadid=1: recursive native library load attempt (/system/lib/libwebcore.so)
07-08 16:26:21.167    79    79 D dalvikvm: No JNI_OnLoad found in /system/lib/libchromium_net.so 0x0, skipping init
07-08 16:26:21.218    79    79 D dalvikvm: GC_EXPLICIT freed 26K, 40% free 1550K/2560K, paused 2ms+1ms
07-08 16:26:21.250    79    79 W Zygote  : Class not found for preloading: android.widget.EdgeGlow
07-08 16:26:21.312    79    79 D dalvikvm: GC_EXPLICIT freed 25K, 39% free 1579K/2560K, paused 1ms+1ms
07-08 16:26:21.382    79    79 D dalvikvm: GC_EXPLICIT freed 71K, 37% free 1625K/2560K, paused 1ms+1ms
07-08 16:26:21.414    79    79 E PhonePolicy: Could not preload class for phone policy: com.android.internal.policy.impl.PhoneWindow$ContextMenuCallback
07-08 16:26:21.449    79    79 D dalvikvm: GC_EXPLICIT freed 33K, 36% free 1647K/2560K, paused 1ms+1ms
07-08 16:26:21.480    79    79 D dalvikvm: GC_EXPLICIT freed 28K, 35% free 1675K/2560K, paused 2ms+2ms
07-08 16:26:21.503    79    79 D dalvikvm: GC_EXPLICIT freed 26K, 34% free 1706K/2560K, paused 2ms+1ms
07-08 16:26:21.554    79    79 D dalvikvm: GC_EXPLICIT freed 32K, 33% free 1731K/2560K, paused 2ms+1ms
07-08 16:26:21.582    79    79 D dalvikvm: GC_EXPLICIT freed 31K, 32% free 1760K/2560K, paused 1ms+1ms
07-08 16:26:21.613    79    79 D dalvikvm: GC_EXPLICIT freed 71K, 30% free 1815K/2560K, paused 1ms+2ms
07-08 16:26:21.664    79    79 D dalvikvm: GC_EXPLICIT freed 39K, 29% free 1831K/2560K, paused 2ms+2ms
07-08 16:26:22.285    79    79 I System  : Loaded time zone names for  in 596ms (591ms in ICU)
07-08 16:26:22.671    79    79 I System  : Loaded time zone names for en_US in 388ms (383ms in ICU)
07-08 16:26:22.691    79    79 D dalvikvm: GC_EXPLICIT freed 324K, 24% free 1948K/2560K, paused 2ms+1ms
07-08 16:26:22.742    79    79 D dalvikvm: GC_EXPLICIT freed 15K, 22% free 2009K/2560K, paused 2ms+1ms
07-08 16:26:22.789    79    79 D dalvikvm: GC_EXPLICIT freed 51K, 21% free 2041K/2560K, paused 1ms+2ms
07-08 16:26:22.843    79    79 D dalvikvm: GC_EXPLICIT freed 28K, 20% free 2072K/2560K, paused 2ms+2ms
07-08 16:26:22.871    79    79 D dalvikvm: GC_EXPLICIT freed 37K, 19% free 2089K/2560K, paused 2ms+1ms
07-08 16:26:22.898    79    79 D dalvikvm: GC_EXPLICIT freed 32K, 18% free 2111K/2560K, paused 2ms+1ms
07-08 16:26:22.902    79    79 I Zygote  : ...preloaded 2297 classes in 3366ms.
07-08 16:26:22.917    79    79 D dalvikvm: GC_EXPLICIT freed 22K, 18% free 2116K/2560K, paused 1ms+1ms
07-08 16:26:22.917    79    79 I Zygote  : Preloading resources...
07-08 16:26:22.972    79    79 D dalvikvm: GC_EXPLICIT freed 1K, 15% free 2200K/2560K, paused 1ms+2ms
07-08 16:26:22.992    79    79 D dalvikvm: GC_EXPLICIT freed 1K, 12% free 2269K/2560K, paused 2ms+1ms
07-08 16:26:23.015    79    79 D dalvikvm: GC_EXPLICIT freed 1K, 9% free 2337K/2560K, paused 2ms+1ms
07-08 16:26:23.062    79    79 D dalvikvm: GC_EXPLICIT freed 1K, 7% free 2389K/2560K, paused 2ms+1ms
07-08 16:26:23.093    79    79 D dalvikvm: GC_EXPLICIT freed 2K, 8% free 2436K/2627K, paused 3ms+1ms
07-08 16:26:23.113    79    79 D dalvikvm: GC_EXPLICIT freed 2K, 8% free 2497K/2691K, paused 1ms+2ms
07-08 16:26:23.136    79    79 D dalvikvm: GC_EXPLICIT freed 2K, 6% free 2549K/2691K, paused 2ms+1ms
07-08 16:26:23.175    79    79 D dalvikvm: GC_EXPLICIT freed 2K, 6% free 2603K/2755K, paused 2ms+2ms
07-08 16:26:23.207    79    79 D dalvikvm: GC_EXPLICIT freed 2K, 6% free 2657K/2819K, paused 2ms+1ms
07-08 16:26:23.230    79    79 D dalvikvm: GC_EXPLICIT freed 3K, 6% free 2714K/2883K, paused 2ms+2ms
07-08 16:26:23.257    79    79 D dalvikvm: GC_EXPLICIT freed 2K, 7% free 2765K/2947K, paused 1ms+1ms
07-08 16:26:23.300    79    79 D dalvikvm: GC_EXPLICIT freed 2K, 5% free 2821K/2947K, paused 2ms+1ms
07-08 16:26:23.328    79    79 D dalvikvm: GC_EXPLICIT freed 2K, 5% free 2873K/3011K, paused 2ms+1ms
07-08 16:26:23.347    79    79 D dalvikvm: GC_EXPLICIT freed 3K, 5% free 2928K/3075K, paused 2ms+2ms
07-08 16:26:23.367    79    79 D dalvikvm: GC_EXPLICIT freed 2K, 5% free 2984K/3139K, paused 1ms+1ms
07-08 16:26:23.410    79    79 D dalvikvm: GC_EXPLICIT freed 2K, 6% free 3033K/3203K, paused 2ms+2ms
07-08 16:26:23.441    79    79 D dalvikvm: GC_EXPLICIT freed 2K, 4% free 3087K/3203K, paused 2ms+1ms
07-08 16:26:23.464    79    79 D dalvikvm: GC_EXPLICIT freed 2K, 4% free 3145K/3267K, paused 2ms+1ms
07-08 16:26:23.484    79    79 D dalvikvm: GC_EXPLICIT freed 2K, 5% free 3193K/3331K, paused 2ms+2ms
07-08 16:26:23.539    79    79 D dalvikvm: GC_EXPLICIT freed 2K, 4% free 3268K/3395K, paused 2ms+2ms
07-08 16:26:23.558    79    79 D dalvikvm: GC_EXPLICIT freed 1K, 4% free 3337K/3459K, paused 1ms+2ms
07-08 16:26:23.582    79    79 D dalvikvm: GC_EXPLICIT freed 1K, 4% free 3391K/3523K, paused 1ms+2ms
07-08 16:26:23.605    79    79 D dalvikvm: GC_EXPLICIT freed 2K, 4% free 3448K/3587K, paused 1ms+1ms
07-08 16:26:23.656    79    79 D dalvikvm: GC_EXPLICIT freed 2K, 5% free 3504K/3651K, paused 1ms+1ms
07-08 16:26:23.679    79    79 D dalvikvm: GC_EXPLICIT freed 2K, 3% free 3560K/3651K, paused 1ms+1ms
07-08 16:26:23.703    79    79 D dalvikvm: GC_EXPLICIT freed 5K, 3% free 3612K/3715K, paused 1ms+2ms
07-08 16:26:23.726    79    79 D dalvikvm: GC_EXPLICIT freed 2K, 3% free 3669K/3779K, paused 2ms+1ms
07-08 16:26:23.781    79    79 D dalvikvm: GC_EXPLICIT freed 4K, 4% free 3722K/3843K, paused 9ms+1ms
07-08 16:26:23.800    79    79 D dalvikvm: GC_EXPLICIT freed 2K, 2% free 3775K/3843K, paused 2ms+1ms
07-08 16:26:23.824    79    79 D dalvikvm: GC_EXPLICIT freed 2K, 2% free 3830K/3907K, paused 2ms+1ms
07-08 16:26:23.886    79    79 D dalvikvm: GC_EXPLICIT freed 10K, 1% free 3932K/3971K, paused 1ms+1ms
07-08 16:26:23.910    79    79 D dalvikvm: GC_EXPLICIT freed 6K, 3% free 4010K/4099K, paused 2ms+2ms
07-08 16:26:23.937    79    79 D dalvikvm: GC_EXPLICIT freed 3K, 3% free 4075K/4163K, paused 1ms+1ms
07-08 16:26:23.976    79    79 D dalvikvm: GC_EXPLICIT freed 2K, 1% free 4126K/4163K, paused 1ms+15ms
07-08 16:26:24.015    79    79 D dalvikvm: GC_EXPLICIT freed 3K, 2% free 4210K/4291K, paused 1ms+2ms
07-08 16:26:24.039    79    79 D dalvikvm: GC_EXPLICIT freed 3K, 2% free 4294K/4355K, paused 1ms+2ms
07-08 16:26:24.062    79    79 D dalvikvm: GC_EXPLICIT freed 4K, 1% free 4344K/4355K, paused 2ms+2ms
07-08 16:26:24.113    79    79 D dalvikvm: GC_EXPLICIT freed 2K, 1% free 4396K/4419K, paused 1ms+1ms
07-08 16:26:24.136    79    79 D dalvikvm: GC_EXPLICIT freed 1K, 1% free 4466K/4483K, paused 1ms+2ms
07-08 16:26:24.156    79    79 D dalvikvm: GC_EXPLICIT freed 1K, 2% free 4558K/4611K, paused 2ms+2ms
07-08 16:26:24.183    79    79 D dalvikvm: GC_EXPLICIT freed <1K, 2% free 5179K/5251K, paused 2ms+2ms
07-08 16:26:24.234    79    79 D dalvikvm: GC_EXPLICIT freed 2K, 1% free 5239K/5251K, paused 15ms+1ms
07-08 16:26:24.257    79    79 D dalvikvm: GC_EXPLICIT freed 4K, 1% free 5290K/5315K, paused 2ms+1ms
07-08 16:26:24.281    79    79 D dalvikvm: GC_EXPLICIT freed 1K, 1% free 5348K/5379K, paused 2ms+2ms
07-08 16:26:24.300    79    79 D dalvikvm: GC_EXPLICIT freed <1K, 1% free 5403K/5443K, paused 1ms+1ms
07-08 16:26:24.351    79    79 D dalvikvm: GC_EXPLICIT freed <1K, 1% free 5459K/5507K, paused 6ms+2ms
07-08 16:26:24.386    79    79 D dalvikvm: GC_EXPLICIT freed 6K, 2% free 5895K/5955K, paused 1ms+2ms
07-08 16:26:24.410    79    79 D dalvikvm: GC_EXPLICIT freed 5K, 1% free 5995K/6019K, paused 1ms+2ms
07-08 16:26:24.460    79    79 D dalvikvm: GC_EXPLICIT freed 3K, 1% free 6046K/6083K, paused 1ms+1ms
07-08 16:26:24.492    79    79 D dalvikvm: GC_EXPLICIT freed 5K, 2% free 7081K/7171K, paused 2ms+2ms
07-08 16:26:24.527    79    79 D dalvikvm: GC_EXPLICIT freed 2K, 2% free 8104K/8259K, paused 1ms+2ms
07-08 16:26:24.582    79    79 D dalvikvm: GC_EXPLICIT freed 3K, 2% free 8166K/8259K, paused 2ms+2ms
07-08 16:26:24.605    79    79 D dalvikvm: GC_EXPLICIT freed 3K, 1% free 8219K/8259K, paused 1ms+2ms
07-08 16:26:24.632    79    79 D dalvikvm: GC_EXPLICIT freed 4K, 1% free 8266K/8323K, paused 1ms+2ms
07-08 16:26:24.691    79    79 D dalvikvm: GC_EXPLICIT freed 4K, 1% free 8316K/8387K, paused 2ms+1ms
07-08 16:26:24.714    79    79 D dalvikvm: GC_EXPLICIT freed 3K, 1% free 8363K/8387K, paused 2ms+2ms
07-08 16:26:24.742    79    79 D dalvikvm: GC_EXPLICIT freed 3K, 1% free 8420K/8451K, paused 1ms+2ms
07-08 16:26:24.804    79    79 D dalvikvm: GC_EXPLICIT freed 2K, 1% free 8486K/8515K, paused 2ms+2ms
07-08 16:26:24.824    79    79 D dalvikvm: GC_EXPLICIT freed 1K, 1% free 8554K/8579K, paused 1ms+1ms
07-08 16:26:24.847    79    79 D dalvikvm: GC_EXPLICIT freed 1K, 1% free 8620K/8643K, paused 1ms+2ms
07-08 16:26:24.875    79    79 D dalvikvm: GC_EXPLICIT freed 3K, 1% free 8672K/8707K, paused 1ms+2ms
07-08 16:26:24.929    79    79 D dalvikvm: GC_EXPLICIT freed 3K, 1% free 8721K/8771K, paused 7ms+1ms
07-08 16:26:24.953    79    79 D dalvikvm: GC_EXPLICIT freed 3K, 1% free 8770K/8835K, paused 2ms+2ms
07-08 16:26:24.976    79    79 D dalvikvm: GC_EXPLICIT freed 2K, 1% free 8819K/8835K, paused 2ms+2ms
07-08 16:26:25.023    79    79 D dalvikvm: GC_EXPLICIT freed 1K, 1% free 8869K/8899K, paused 1ms+12ms
07-08 16:26:25.050    79    79 D dalvikvm: GC_EXPLICIT freed 1K, 1% free 8964K/9027K, paused 2ms+2ms
07-08 16:26:25.082    79    79 D dalvikvm: GC_EXPLICIT freed 6K, 1% free 9027K/9091K, paused 2ms+2ms
07-08 16:26:25.082    79    79 I Zygote  : ...preloaded 379 resources in 2163ms.
07-08 16:26:25.089    79    79 I Zygote  : ...preloaded 31 resources in 9ms.
07-08 16:26:25.132    79    79 D dalvikvm: GC_EXPLICIT freed 25K, 1% free 9028K/9091K, paused 1ms+2ms
07-08 16:26:25.160    79    79 D dalvikvm: GC_EXPLICIT freed 9K, 1% free 9019K/9091K, paused 7ms+2ms
07-08 16:26:25.179    79    79 D dalvikvm: GC_EXPLICIT freed <1K, 1% free 9019K/9091K, paused 1ms+1ms
07-08 16:26:25.191    79    79 I dalvikvm: System server process 141 has been created
07-08 16:26:25.191    79    79 I Zygote  : Accepting command socket connections
07-08 16:26:25.320   141   141 I sysproc : Entered system_init()
07-08 16:26:25.320   141   141 I sysproc : ServiceManager: 0x1485b88
07-08 16:26:25.320   141   141 D SensorService: nuSensorService starting...
07-08 16:26:25.386   141   154 E AKMD2   : libkam : Unable to load settings file, using defaults.
07-08 16:26:25.445   141   141 I SensorService: KR3DM 3-axis Accelerometer
07-08 16:26:25.445   141   141 I SensorService: AK8973 3-axis Magnetic field sensor
07-08 16:26:25.445   141   141 I SensorService: AK8973 Orientation sensor
07-08 16:26:25.445   141   141 I SensorService: GP2A Light sensor
07-08 16:26:25.445   141   141 I SensorService: GP2A Proximity sensor
07-08 16:26:25.445   141   141 I SensorService: K3G Gyroscope sensor
07-08 16:26:25.445   141   141 I sysproc : System server: starting Android runtime.
07-08 16:26:25.445   141   141 I sysproc : System server: starting Android services.
07-08 16:26:25.449   141   156 D SensorService: nuSensorService thread starting...
07-08 16:26:25.449   141   141 I SystemServer: Entered the Android system server!
07-08 16:26:25.472   141   141 I sysproc : System server: entering thread pool.
07-08 16:26:25.472   141   157 I SystemServer: Entropy Service
07-08 16:26:25.515   141   157 I SystemServer: Power Manager
07-08 16:26:25.515   141   157 I SystemServer: Activity Manager
07-08 16:26:25.531   141   158 I ActivityManager: Memory class: 48
07-08 16:26:25.640   141   144 D dalvikvm: GC_CONCURRENT freed 141K, 3% free 9398K/9607K, paused 2ms+3ms
07-08 16:26:25.687   141   157 I SystemServer: Telephony Registry
07-08 16:26:25.687   141   157 I SystemServer: Package Manager
07-08 16:26:25.691   141   158 I ActivityManager: Enabled StrictMode logging for AThread's Looper
07-08 16:26:26.101   141   144 D dalvikvm: GC_CONCURRENT freed 450K, 6% free 9473K/9991K, paused 2ms+2ms
07-08 16:26:26.105   141   162 D StrictMode: No activity manager; failed to Dropbox violation.
07-08 16:26:26.164   141   144 D dalvikvm: GC_CONCURRENT freed 429K, 7% free 9443K/10055K, paused 2ms+3ms
07-08 16:26:26.390   141   144 D dalvikvm: GC_CONCURRENT freed 169K, 4% free 9686K/10055K, paused 2ms+2ms
07-08 16:26:26.808   141   157 W PackageParser: No actions in intent filter at /system/app/Bluetooth.apk Binary XML file line #125
07-08 16:26:27.363   141   157 W PackageParser: No actions in intent filter at /system/app/Contacts.apk Binary XML file line #525
07-08 16:26:27.402   141   144 D dalvikvm: GC_CONCURRENT freed 243K, 4% free 9963K/10311K, paused 8ms+3ms
07-08 16:26:27.996   141   157 W ResourceType: Failure getting entry for 0x7f02004b (t=1 e=75) in package 0 (error -75)
07-08 16:26:28.101   141   144 D dalvikvm: GC_CONCURRENT freed 213K, 4% free 10182K/10503K, paused 7ms+9ms
07-08 16:26:28.207   141   157 I PackageManager: /system/app/LatinImeGoogle.apk changed; collecting certs
07-08 16:26:28.226   141   157 W PackageManager: Application package com.google.android.inputmethod.latin.dictionarypack already installed.  Skipping duplicate.
07-08 16:26:28.468   141   144 D dalvikvm: GC_CONCURRENT freed 339K, 5% free 10359K/10823K, paused 3ms+4ms
07-08 16:26:29.378   141   144 D dalvikvm: GC_CONCURRENT freed 249K, 4% free 10596K/10951K, paused 7ms+4ms
07-08 16:26:29.812   141   157 W PackageParser: Unknown element under <application>: category at /system/app/WiMAXHiddenMenu.apk Binary XML file line #289
07-08 16:26:29.859   141   157 D PackageManager: No files in app dir /vendor/app
07-08 16:26:29.859   141   157 I Installer: connecting...
07-08 16:26:29.863    83    83 I installd: new connection
07-08 16:26:32.046   141   157 W PackageManager: Package com.metago.astro desires unavailable shared library com.kyocera.dualscreen; ignoring!
07-08 16:26:32.062   141   144 D dalvikvm: GC_CONCURRENT freed 253K, 3% free 10818K/11143K, paused 2ms+4ms
07-08 16:26:32.714   141   157 W PackageParser: No actions in intent filter at /data/app/com.rovio.angrybirdsseasons-2.apk Binary XML file line #38
07-08 16:26:32.714   141   157 W PackageParser: Unknown element under <application>: supports-screens at /data/app/com.rovio.angrybirdsseasons-2.apk Binary XML file line #50
07-08 16:26:34.433   141   144 D dalvikvm: GC_CONCURRENT freed 225K, 4% free 10990K/11335K, paused 7ms+4ms
07-08 16:26:35.617   141   157 I PackageManager: Time to scan packages: 9.202 seconds
07-08 16:26:35.617   141   157 W PackageManager: Unknown permission com.android.vending.permission.UPDATE_MARKET_FAILURE in package com.android.vending.updater
07-08 16:26:35.621   141   157 W PackageManager: Unknown permission android.permission.ADD_SYSTEM_SERVICE in package com.android.phone
07-08 16:26:35.640   141   157 W PackageManager: Unknown permission com.android.vending.billing.IBillingAccountService.BIND2 in package com.google.android.gsf.login
07-08 16:26:35.640   141   157 W PackageManager: Not granting permission android.permission.SEND_DOWNLOAD_COMPLETED_INTENTS to package com.android.browser (protectionLevel=2 flags=0x9be45)
07-08 16:26:35.648   141   157 W PackageManager: Unknown permission android.permission.READ_OWNER_DATA in package com.google.android.setupwizard
07-08 16:26:35.648   141   157 W PackageManager: Unknown permission android.permission.WRITE_OWNER_DATA in package com.google.android.setupwizard
07-08 16:26:35.648   141   157 W PackageManager: Unknown permission android.permission.WRITE_CDMA_CARRIER_SETTINGS in package com.android.sprintmenu
07-08 16:26:35.648   141   157 W PackageManager: Unknown permission android.permission.CHANGE_DUN_STATE in package com.android.sprintmenu
07-08 16:26:35.648   141   157 W PackageManager: Unknown permission android.permission.READ_EXTERNAL_STORAGE in package com.android.videoeditor
07-08 16:26:35.652   141   157 W PackageManager: Unknown permission com.amazon.permission.SET_FLAG_NOSOFTKEYS in package com.netflix.mediaclient
07-08 16:26:35.652   141   157 W PackageManager: Unknown permission android.permission.READ_EXTERNAL_STORAGE in package com.android.vending
07-08 16:26:35.656   141   157 W PackageManager: Not granting permission android.permission.ACCOUNT_MANAGER to package com.google.android.music (protectionLevel=2 flags=0x8be64)
07-08 16:26:35.664   141   157 W PackageManager: Unknown permission com.sprint.internal.permission.CONNECTIONMANAGER in package com.samsung.update
07-08 16:26:35.664   141   157 W PackageManager: Unknown permission com.sprint.internal.permission.SYSTEMPROPERTIES in package com.samsung.update
07-08 16:26:35.664   141   157 W PackageManager: Unknown permission com.sprint.internal.permission.SYSTEMPROPERTIES_WRITE in package com.samsung.update
07-08 16:26:35.664   141   157 W PackageManager: Unknown permission com.android.providers.im.permission.READ_ONLY in package com.google.android.apps.maps
07-08 16:26:35.664   141   157 W PackageManager: Not granting permission android.permission.DEVICE_POWER to package com.android.deskclock (protectionLevel=2 flags=0x8be45)
07-08 16:26:35.664   141   157 W PackageManager: Unknown permission android.permission.ADD_SYSTEM_SERVICE in package com.pandora.android
07-08 16:26:35.667   141   157 W PackageManager: Unknown permission android.hardware.sensor.accelerometer in package com.tobiapps.android_100fl
07-08 16:26:35.667   141   157 W PackageManager: Unknown permission android.permission.FLAG_RECEIVER_REGISTERED_ONLY_BEFORE_BOOT in package com.samsung.wimax
07-08 16:26:35.667   141   157 W PackageManager: Not granting permission android.permission.ACCESS_CHECKIN_PROPERTIES to package com.google.android.apps.googlevoice (protectionLevel=3 flags=0x8be44)
07-08 16:26:35.667   141   157 W PackageManager: Unknown permission com.google.android.apps.googlevoice.REMOTE_INTENT in package com.google.android.apps.googlevoice
07-08 16:26:35.667   141   157 W PackageManager: Unknown permission com.google.android.permission.RECEIVE_DATA_MESSAGE in package com.google.android.apps.googlevoice
07-08 16:26:35.667   141   157 W PackageManager: Unknown permission com.google.android.permission.SEND_DATA_MESSAGE in package com.google.android.apps.googlevoice
07-08 16:26:35.667   141   157 W PackageManager: Unknown permission com.android.providers.voicemail.permission.READ_WRITE_ALL_VOICEMAIL in package com.google.android.apps.googlevoice
07-08 16:26:35.667   141   157 W PackageManager: Unknown permission com.android.providers.voicemail.permission.READ_WRITE_OWN_VOICEMAIL in package com.google.android.apps.googlevoice
07-08 16:26:35.691   141   144 D dalvikvm: GC_CONCURRENT freed 246K, 3% free 11272K/11591K, paused 2ms+5ms
07-08 16:26:36.136   141   157 D dalvikvm: GC_EXPLICIT freed 261K, 4% free 11254K/11719K, paused 8ms+3ms
07-08 16:26:36.140   141   157 I SystemServer: Account Manager
07-08 16:26:36.156   141   157 D PackageManager: generateServicesMap(android.accounts.AccountAuthenticator): 4 services unchanged
07-08 16:26:36.179   141   157 I SystemServer: Content Manager
07-08 16:26:36.351   141   157 D PackageManager: generateServicesMap(android.content.SyncAdapter): 12 services unchanged
07-08 16:26:36.355   141   157 I ActivityThread: Pub settings: com.android.providers.settings.SettingsProvider
07-08 16:26:36.355   141   157 I SystemServer: System Content Providers
07-08 16:26:36.562   141   167 D SettingsProvider: cache for settings table 'secure' rows=53; fullycached=true
07-08 16:26:36.589   141   167 D SettingsProvider: cache for settings table 'system' rows=56; fullycached=true
07-08 16:26:36.718   141   157 I SystemServer: Lights Service
07-08 16:26:36.718   141   157 I SystemServer: Battery Service
07-08 16:26:36.726   141   144 D dalvikvm: GC_CONCURRENT freed 309K, 4% free 11516K/11911K, paused 2ms+3ms
07-08 16:26:36.746   141   157 I SystemServer: Vibrator Service
07-08 16:26:36.757   141   157 I power   : *** set_screen_state 1
07-08 16:26:36.757   141   157 D AlarmManagerService: Kernel timezone updated to 420 minutes west of GMT
07-08 16:26:36.757   141   157 I SystemServer: Alarm Manager
07-08 16:26:36.761   141   157 I SystemServer: Init Watchdog
07-08 16:26:36.761   141   157 I SystemServer: Window Manager
07-08 16:26:36.769   141   172 I InputManager: Initializing input manager
07-08 16:26:36.777   141   173 W StatusBarManager: warning: no STATUS_BAR_SERVICE
07-08 16:26:36.796   141   172 I InputManager: Starting input manager
07-08 16:26:36.796   141   172 I WindowManager: Enabled StrictMode logging for WMThread's Looper
07-08 16:26:36.796   141   157 I SystemServer: Bluetooth Service
07-08 16:26:36.804   141   173 I WindowManager: Enabled StrictMode for PolicyThread's Looper
07-08 16:26:36.808   141   157 I BluetoothProfileState: Message:Entering Stable State
07-08 16:26:36.855   141   178 D EventHub: No input device configuration file found for device 'compass'.
07-08 16:26:36.863   141   178 D EventHub: No input device configuration file found for device 'cypress-touchkey'.
07-08 16:26:36.863   141   157 I BluetoothProfileState: Message:Entering Stable State
07-08 16:26:36.863   141   157 I BluetoothProfileState: Message:Entering Stable State
07-08 16:26:36.867   141   178 I EventHub: New device: id=2, fd=118, path='/dev/input/event5', name='cypress-touchkey', classes=0x1, configuration='', keyLayout='/system/usr/keylayout/cypress-touchkey.kl', keyCharacterMap='/system/usr/keychars/cypress-touchkey.kcm', builtinKeyboard=false
07-08 16:26:36.867   141   178 D EventHub: No input device configuration file found for device 'lightsensor-level'.
07-08 16:26:36.875   141   178 D EventHub: No input device configuration file found for device 'proximity'.
07-08 16:26:36.875   141   157 I SystemServer: Input Method Service
07-08 16:26:36.878   141   157 W InputManagerService: Couldn't create dir.: /data/system/inputmethod
07-08 16:26:36.882   141   178 D EventHub: No input device configuration file found for device 'herring-keypad'.
07-08 16:26:36.882   141   178 I EventHub: New device: id=5, fd=124, path='/dev/input/event2', name='herring-keypad', classes=0x1, configuration='', keyLayout='/system/usr/keylayout/herring-keypad.kl', keyCharacterMap='/system/usr/keychars/herring-keypad.kcm', builtinKeyboard=false
07-08 16:26:36.882   141   178 D EventHub: No input device configuration file found for device 'gyro'.
07-08 16:26:36.886   141   186 D BluetoothAdapterStateMachine: PowerOff process message: 5
07-08 16:26:36.890   141   178 I EventHub: New device: id=7, fd=126, path='/dev/input/event0', name='mxt224_ts_input', classes=0x14, configuration='/system/usr/idc/mxt224_ts_input.idc', keyLayout='', keyCharacterMap='', builtinKeyboard=false
07-08 16:26:36.890   141   178 I InputReader:   Touch device 'mxt224_ts_input' could not query the properties of its associated display 0.  The device will be inoperable until the display size becomes available.
07-08 16:26:36.890   141   178 I InputReader: Device added: id=7, name='mxt224_ts_input', sources=0x00001002
07-08 16:26:36.890   141   178 I InputReader: Device added: id=5, name='herring-keypad', sources=0x00000101
07-08 16:26:36.890   141   178 I InputReader: Device added: id=2, name='cypress-touchkey', sources=0x00000101
07-08 16:26:36.925   141   157 W ResourceType: Failure getting entry for 0x7f060000 (t=5 e=0) in package 0 (error -75)
07-08 16:26:36.937   141   178 I InputReader: Reconfiguring input devices.  changes=0x00000004
07-08 16:26:36.937   141   178 I InputReader: Device reconfigured: id=7, name='mxt224_ts_input', surface size is now 480x800, mode is 1
07-08 16:26:36.937   141   157 I SystemServer: Accessibility Manager
07-08 16:26:36.941    78    78 D PermissionCache: checking android.permission.ACCESS_SURFACE_FLINGER for uid=1000 => granted (267 us)
07-08 16:26:36.941   141   157 I ActivityManager: Config changed: {1.0 0mcc0mnc en_US layoutdir=0 sw320dp w320dp h508dp nrml long port ?uimode ?night finger -keyb/v/h -nav/h s.2}
07-08 16:26:36.941   141   157 I SystemServer: Device Policy
07-08 16:26:36.945   141   157 I SystemServer: Status Bar
07-08 16:26:36.945   141   157 I SystemServer: Clipboard Service
07-08 16:26:36.949   141   157 I SystemServer: NetworkManagement Service
07-08 16:26:36.949   141   157 I SystemServer: Text Service Manager Service
07-08 16:26:36.953   141   157 I SystemServer: NetworkStats Service
07-08 16:26:36.957   141   157 I SystemServer: NetworkPolicy Service
07-08 16:26:36.957   141   157 I SystemServer: Wi-Fi P2pService
07-08 16:26:36.960   141   157 I SystemServer: Wi-Fi Service
07-08 16:26:36.988    75   115 E CommandListener: Failed to open /proc/sys/net/ipv6/conf/wlan0/disable_ipv6: No such file or directory
07-08 16:26:36.988   141   157 E WifiStateMachine: Failed to disable IPv6: java.lang.IllegalStateException: Unable to communicate to native daemon for disabling ipv6
07-08 16:26:36.996   141   157 I SystemServer: Connectivity Service
07-08 16:26:36.996   141   157 D ConnectivityService: ConnectivityService starting up
07-08 16:26:37.000   141   157 E ConnectivityService: Ignoring protectedNetwork 10
07-08 16:26:37.000   141   157 E ConnectivityService: Ignoring protectedNetwork 11
07-08 16:26:37.000   141   157 E ConnectivityService: Ignoring protectedNetwork 12
07-08 16:26:37.003   141   157 D ConnectivityService: wimaxJarLocation: /vendor/lib/wimax_service.jar
07-08 16:26:37.046   141   186 I bluedroid: Starting hciattach daemon
07-08 16:26:37.046   141   186 I bluedroid: bt_enable: ret: -1, errno: 19
07-08 16:26:37.070   141   157 D dalvikvm: DexOpt: --- BEGIN 'wimax_service.jar' (bootstrap=0) ---
07-08 16:26:37.109   141   144 D dalvikvm: GC_CONCURRENT freed 447K, 5% free 11660K/12231K, paused 2ms+4ms
07-08 16:26:37.144   141   186 I bluedroid: bt_enable: ret: -1, errno: 19
07-08 16:26:37.242   200   200 D dalvikvm: DexOpt: load 9ms, verify+opt 74ms
07-08 16:26:37.246   141   186 I bluedroid: bt_enable: ret: -1, errno: 19
07-08 16:26:37.265   141   157 D dalvikvm: DexOpt: --- END 'wimax_service.jar' (success) ---
07-08 16:26:37.265   141   157 D dalvikvm: DEX prep '/vendor/lib/wimax_service.jar': unzip in 54ms, rewrite 194ms
07-08 16:26:37.269   141   157 D ConnectivityService: Starting Wimax Service... 
07-08 16:26:37.281   141   157 I dalvikvm: Could not find method android.net.InterfaceConfiguration.setLinkAddress, referenced from method android.net.fourG.wimax.WimaxStateTracker.configureInterface
07-08 16:26:37.281   141   157 W dalvikvm: VFY: unable to resolve virtual method 45: Landroid/net/InterfaceConfiguration;.setLinkAddress (Landroid/net/LinkAddress;)V
07-08 16:26:37.281   141   157 D dalvikvm: VFY: replacing opcode 0x6e at 0x0042
07-08 16:26:37.316   141   157 E MobileDataStateTracker: default: Ignoring feature request because could not acquire PhoneService
07-08 16:26:37.316   141   157 E MobileDataStateTracker: default: Could not enable APN type "default"
07-08 16:26:37.320   141   157 D NetworkManagementService: Registering observer
07-08 16:26:37.320   141   157 D NetworkManagementService: Registering observer
07-08 16:26:37.320   141   157 I WifiService: WifiService starting up with Wi-Fi disabled
07-08 16:26:37.324   141   157 I SystemServer: Throttle Service
07-08 16:26:37.324   141   157 I SystemServer: Mount Service
07-08 16:26:37.328   141   157 D MountService: got storage path: /mnt/sdcard description: USB storage primary: true removable: false emulated: false mtpReserve: 0 allowMassStorage: true maxFileSize: 4294967296
07-08 16:26:37.328   141   157 I SystemServer: Notification Manager
07-08 16:26:37.328   141   157 I SystemServer: Device Storage Monitor
07-08 16:26:37.332   141   157 I SystemServer: Location Manager
07-08 16:26:37.332   141   157 I SystemServer: Country Detector
07-08 16:26:37.332   141   157 I SystemServer: Search Service
07-08 16:26:37.332   141   157 I SystemServer: DropBox Service
07-08 16:26:37.332   141   157 I SystemServer: Wallpaper Service
07-08 16:26:37.339   141   157 I SystemServer: Audio Service
07-08 16:26:37.347   141   186 I bluedroid: bt_enable: ret: -1, errno: 19
07-08 16:26:37.347   141   207 I PackageManager: Updating external media status from unmounted to unmounted
07-08 16:26:37.347    72   100 D VoldCmdListener: volume list
07-08 16:26:37.347   141   207 D MountService: volume state changed for /mnt/sdcard (null -> unmounted)
07-08 16:26:37.351   141   157 I AudioService:   Remote Control   registerMediaButtonIntent() for PendingIntent{413c3660: PendingIntentRecord{415c3b28 android broadcastIntent}}
07-08 16:26:37.351    81   120 D AudioHardware: ### setVoiceVolume_l
07-08 16:26:37.367   141   157 I SystemServer: Dock Observer
07-08 16:26:37.367   141   157 I SystemServer: Wired Accessory Observer
07-08 16:26:37.367   141   157 I SystemServer: USB Service
07-08 16:26:37.375   141   157 I SystemServer: UI Mode Manager Service
07-08 16:26:37.375   141   157 I SystemServer: Backup Service
07-08 16:26:37.378   141   157 V BackupManagerService: Initializing package tracking
07-08 16:26:37.445   141   186 I bluedroid: bt_enable: ret: -1, errno: 19
07-08 16:26:37.546   141   186 I bluedroid: bt_enable: ret: -1, errno: 19
07-08 16:26:37.644   141   177 I InputDispatcher: Dropping event because there is no touched window or focused application.
07-08 16:26:37.648   141   186 I bluedroid: bt_enable: ret: -1, errno: 19
07-08 16:26:37.656   141   144 D dalvikvm: GC_CONCURRENT freed 267K, 3% free 12073K/12423K, paused 3ms+4ms
07-08 16:26:37.660   141   157 V BackupManagerService: addPackageParticipantsLocked: all
07-08 16:26:37.660   141   157 V BackupManagerService: Registering transport android/com.android.internal.backup.LocalTransport = com.android.internal.backup.LocalTransport@415bdec0
07-08 16:26:37.664   141   157 V BackupManagerService: Starting with transport android/com.android.internal.backup.LocalTransport
07-08 16:26:37.664   141   157 V BackupManagerService: Binding to Google transport
07-08 16:26:37.679   141   157 I BackupManagerService: Found stale backup journal, scheduling
07-08 16:26:37.679   141   157 I BackupManagerService:   com.android.providers.settings
07-08 16:26:37.699   141   157 I WindowManager: SAFE MODE not enabled
07-08 16:26:37.699   141   148 D dalvikvm: JIT started for system_server
07-08 16:26:37.699   141   157 I BackupManagerService: Backup enabled => true
07-08 16:26:37.699   141   157 I SystemServer: AppWidget Service
07-08 16:26:37.699   141   157 I SystemServer: Recognition Service
07-08 16:26:37.699   141   157 I SystemServer: DiskStats Service
07-08 16:26:37.699   141   157 I SystemServer: SamplingProfiler Service
07-08 16:26:37.699   141   157 I SystemServer: NetworkTimeUpdateService
07-08 16:26:37.730   141   157 D PowerManagerService: system ready!
07-08 16:26:37.734   141   157 I ActivityManager: System now ready
07-08 16:26:37.738   141   157 I SystemServer: Making services ready
07-08 16:26:37.738   141   157 D SystemServer: Starting service: Intent { cmp=com.android.systemui/.SystemUIService }
07-08 16:26:37.742   141   157 I Zygote  : Process: zygote socket opened
07-08 16:26:37.746   141   186 I bluedroid: bt_enable: ret: -1, errno: 19
07-08 16:26:37.785   141   157 I ActivityManager: Start proc com.android.systemui for service com.android.systemui/.SystemUIService: pid=211 uid=1000 gids={1015, 3002, 3001, 3003, 3007}
07-08 16:26:37.785   141   157 D NetworkManagementService: enabling bandwidth control
07-08 16:26:37.847   141   186 I bluedroid: bt_enable: ret: -1, errno: 19
07-08 16:26:37.882   141   173 D dalvikvm: GC_FOR_ALLOC freed 280K, 4% free 12388K/12871K, paused 68ms
07-08 16:26:37.925   141   173 V TransportControlView: Create TCV com.android.internal.widget.TransportControlView@4158d160
07-08 16:26:37.949   141   186 I bluedroid: bt_enable: ret: -1, errno: 19
07-08 16:26:38.007   211   211 D SystemUIService: loading: class com.android.systemui.statusbar.phone.PhoneStatusBar
07-08 16:26:38.011   211   211 D SystemUIService: running: com.android.systemui.statusbar.phone.PhoneStatusBar@41336228
07-08 16:26:38.031   141   173 I ActivityManager: Start proc com.google.android.gsf.login for service com.google.android.gsf.login/com.google.android.gsf.loginservice.GoogleLoginService: pid=239 uid=10009 gids={3003, 1015, 1007, 2001, 3006}
07-08 16:26:38.046   141   186 I bluedroid: bt_enable: ret: -1, errno: 19
07-08 16:26:38.148   141   186 I bluedroid: bt_enable: ret: -1, errno: 19
07-08 16:26:38.250   141   186 I bluedroid: bt_enable: ret: -1, errno: 19
07-08 16:26:38.273   141   141 I ActivityManager: Start proc com.google.process.gapps for content provider com.google.android.gsf/.gservices.GservicesProvider: pid=266 uid=10009 gids={3003, 1015, 1007, 2001, 3006}
07-08 16:26:38.347   141   186 I bluedroid: bt_enable: ret: -1, errno: 19
07-08 16:26:38.398   141   157 D NetworkManagementService: Registering observer
07-08 16:26:38.414   211   214 D dalvikvm: GC_CONCURRENT freed 106K, 3% free 9323K/9543K, paused 1ms+10ms
07-08 16:26:38.449   141   186 I bluedroid: bt_enable: ret: -1, errno: 19
07-08 16:26:38.484   141   157 D NetworkManagementService: Registering observer
07-08 16:26:38.488   141   153 I StatusBarManagerService: registerStatusBar bar=com.android.internal.statusbar.IStatusBar$Stub$Proxy@413f6370
07-08 16:26:38.492   141   157 I ActivityManager: Config changed: {1.0 0mcc0mnc en_US layoutdir=0 sw320dp w320dp h508dp nrml long port finger -keyb/v/h -nav/h s.3}
07-08 16:26:38.496   211   211 D PhoneStatusBar: disable: < expand icons alerts ticker system_info BACK* HOME* RECENT* CLOCK* >
07-08 16:26:38.550   141   186 I bluedroid: bt_enable: ret: -1, errno: 19
07-08 16:26:38.582   141   158 I ActivityManager: Start proc android.process.media for broadcast com.android.providers.media/.UsbReceiver: pid=289 uid=10012 gids={1015, 1023, 1024, 2001, 3003, 3007}
07-08 16:26:38.589   211   211 D StorageNotification: Startup with UMS connection false (media state unmounted)
07-08 16:26:38.613   211   211 D SystemUIService: loading: class com.android.systemui.power.PowerUI
07-08 16:26:38.617   211   211 D SystemUIService: running: com.android.systemui.power.PowerUI@41391038
07-08 16:26:38.617   211   296 I StorageNotification: UMS connection changed to false (media state unmounted)
07-08 16:26:38.632   266   266 I ActivityThread: Pub com.google.settings: com.google.android.gsf.settings.GoogleSettingsProvider
07-08 16:26:38.648   141   186 I bluedroid: bt_enable: ret: -1, errno: 19
07-08 16:26:38.714   289   289 I ActivityThread: Pub media: com.android.providers.media.MediaProvider
07-08 16:26:38.738   266   266 I ActivityThread: Pub subscribedfeeds: com.google.android.gsf.subscribedfeeds.SubscribedFeedsProvider
07-08 16:26:38.753   141   186 I bluedroid: bt_enable: ret: -1, errno: 19
07-08 16:26:38.785   289   289 I ActivityThread: Pub downloads: com.android.providers.downloads.DownloadProvider
07-08 16:26:38.804   266   266 I ActivityThread: Pub com.google.contacts.gal.provider: com.google.android.syncadapters.contacts.GalProvider
07-08 16:26:38.843   289   289 I ActivityThread: Pub drm: com.android.providers.drm.DrmProvider
07-08 16:26:38.843   289   305 I DownloadManager: in removeSpuriousFiles
07-08 16:26:38.875   141   186 I bluedroid: bt_enable: ret: 0, errno: 19
07-08 16:26:38.875   141   186 I bluedroid: Starting bluetoothd deamon
07-08 16:26:38.875   141   186 E BluetoothEventLoop.cpp: get_adapter_path: D-Bus error: org.freedesktop.DBus.Error.ServiceUnknown (The name org.bluez was not provided by any .service files)
07-08 16:26:38.886   141   186 E BluetoothEventLoop.cpp: get_adapter_path: D-Bus error: org.freedesktop.DBus.Error.ServiceUnknown (The name org.bluez was not provided by any .service files)
07-08 16:26:38.886   141   157 W InputManagerService: Ignoring setImeWindowStatus of uid 1000 token: null
07-08 16:26:38.898   141   186 E BluetoothEventLoop.cpp: get_adapter_path: D-Bus error: org.freedesktop.DBus.Error.ServiceUnknown (The name org.bluez was not provided by any .service files)
07-08 16:26:38.914   141   186 E BluetoothEventLoop.cpp: get_adapter_path: D-Bus error: org.freedesktop.DBus.Error.ServiceUnknown (The name org.bluez was not provided by any .service files)
07-08 16:26:38.921   141   197 D WifiService: New client listening to asynchronous messages
07-08 16:26:38.925   141   186 E BluetoothEventLoop.cpp: get_adapter_path: D-Bus error: org.freedesktop.DBus.Error.ServiceUnknown (The name org.bluez was not provided by any .service files)
07-08 16:26:38.937   141   186 E BluetoothEventLoop.cpp: get_adapter_path: D-Bus error: org.freedesktop.DBus.Error.ServiceUnknown (The name org.bluez was not provided by any .service files)
07-08 16:26:38.941   199   199 E brcm_patchram_plus: Done setting line discpline
07-08 16:26:38.945   266   266 I ActivityThread: Pub com.google.android.gsf.gservices: com.google.android.gsf.gservices.GservicesProvider
07-08 16:26:38.945   266   266 I GservicesProvider: Gservices pushing to system: true; secure: true
07-08 16:26:38.949   141   186 E BluetoothEventLoop.cpp: get_adapter_path: D-Bus error: org.freedesktop.DBus.Error.ServiceUnknown (The name org.bluez was not provided by any .service files)
07-08 16:26:38.949   266   266 I ActivityThread: Pub com.google.android.providers.talk: com.google.android.gsf.talk.TalkProvider
07-08 16:26:38.960   141   186 E BluetoothEventLoop.cpp: get_adapter_path: D-Bus error: org.freedesktop.DBus.Error.ServiceUnknown (The name org.bluez was not provided by any .service files)
07-08 16:26:38.972   141   186 E BluetoothEventLoop.cpp: get_adapter_path: D-Bus error: org.freedesktop.DBus.Error.ServiceUnknown (The name org.bluez was not provided by any .service files)
07-08 16:26:38.984   141   186 E BluetoothEventLoop.cpp: get_adapter_path: D-Bus error: org.freedesktop.DBus.Error.ServiceUnknown (The name org.bluez was not provided by any .service files)
07-08 16:26:38.984   289   305 I DownloadManager: in removeSpuriousFiles, preserving file /data/data/com.android.providers.downloads/cache/w3XV3.png
07-08 16:26:38.984   289   305 I DownloadManager: in removeSpuriousFiles, preserving file /data/data/com.android.providers.downloads/cache/w3XV3-1.png
07-08 16:26:38.984   289   305 I DownloadManager: in removeSpuriousFiles, preserving file /data/data/com.android.providers.downloads/cache/metadata.json
07-08 16:26:38.984   289   305 I DownloadManager: in removeSpuriousFiles, preserving file /data/data/com.android.providers.downloads/cache/en_general.htm
07-08 16:26:38.984   289   305 I DownloadManager: in removeSpuriousFiles, preserving file /data/data/com.android.providers.downloads/cache/metadata-1.json
07-08 16:26:38.988   289   305 I DownloadManager: in removeSpuriousFiles, preserving file /data/data/com.android.providers.downloads/cache/downloadfile.jpeg
07-08 16:26:38.988   289   305 I DownloadManager: in removeSpuriousFiles, preserving file /data/data/com.android.providers.downloads/cache/downloadfile-1.jpeg
07-08 16:26:38.988   289   305 I DownloadManager: in removeSpuriousFiles, preserving file /data/data/com.android.providers.downloads/cache/metadata-2.json
07-08 16:26:38.988   289   305 I DownloadManager: in removeSpuriousFiles, preserving file /data/data/com.android.providers.downloads/cache/downloadfile-1.apk
07-08 16:26:38.988   289   305 I DownloadManager: deleting spurious file /cache/wimax_service.dex
07-08 16:26:38.992   141   157 I ActivityManager: Start proc com.android.inputmethod.latin for service com.android.inputmethod.latin/.LatinIME: pid=315 uid=10026 gids={}
07-08 16:26:38.996   141   186 E BluetoothEventLoop.cpp: get_adapter_path: D-Bus error: org.freedesktop.DBus.Error.ServiceUnknown (The name org.bluez was not provided by any .service files)
07-08 16:26:39.007   141   186 E BluetoothEventLoop.cpp: get_adapter_path: D-Bus error: org.freedesktop.DBus.Error.ServiceUnknown (The name org.bluez was not provided by any .service files)
07-08 16:26:39.019   289   305 I DownloadManager: deleting spurious file /cache/backup
07-08 16:26:39.019   141   186 E BluetoothEventLoop.cpp: get_adapter_path: D-Bus error: org.freedesktop.DBus.Error.ServiceUnknown (The name org.bluez was not provided by any .service files)
07-08 16:26:39.039   141   186 E BluetoothEventLoop.cpp: get_adapter_path: D-Bus error: org.freedesktop.DBus.Error.ServiceUnknown (The name org.bluez was not provided by any .service files)
07-08 16:26:39.054   141   186 E BluetoothEventLoop.cpp: get_adapter_path: D-Bus error: org.freedesktop.DBus.Error.ServiceUnknown (The name org.bluez was not provided by any .service files)
07-08 16:26:39.113   141   186 E BluetoothEventLoop.cpp: get_adapter_path: D-Bus error: org.bluez.Error.NoSuchAdapter (No such adapter)
07-08 16:26:39.113   141   186 E BluetoothEventLoop.cpp: failure setting up Event Loop!
07-08 16:26:39.121   266   268 D dalvikvm: GC_CONCURRENT freed 343K, 5% free 9196K/9607K, paused 4ms+11ms
07-08 16:26:39.164   141   144 D dalvikvm: GC_CONCURRENT freed 340K, 4% free 12901K/13319K, paused 10ms+36ms
07-08 16:26:39.167   141   157 D NetworkManagementService: Registering observer
07-08 16:26:39.250   141   327 W ThrottleService: unable to find stats for iface rmnet0
07-08 16:26:39.359   141   157 I ActivityManager: Start proc com.android.phone for added application com.android.phone: pid=339 uid=1001 gids={3002, 3001, 3003, 1015}
07-08 16:26:39.410   141   157 I ActivityManager: Start proc com.android.nfc for added application com.android.nfc: pid=354 uid=1027 gids={3002, 3001}
07-08 16:26:39.421   141   157 I ActivityManager: START {act=android.intent.action.MAIN cat=[android.intent.category.HOME] flg=0x10000000 cmp=com.android.launcher/com.android.launcher2.Launcher} from pid 0
07-08 16:26:39.492   141   323 D libsecgps: gps_get_gps_interface:
07-08 16:26:39.492   141   323 E libsecgps: gps_get_extension: gps-debug is not implemented
07-08 16:26:39.503   141   157 I ActivityManager: Start proc com.android.launcher for activity com.android.launcher/com.android.launcher2.Launcher: pid=366 uid=10027 gids={}
07-08 16:26:39.503   141   157 I SystemServer: Enabled StrictMode for system server main thread.
07-08 16:26:39.722   354   354 I NfcService: Starting NFC service
07-08 16:26:39.761   339   339 I ActivityThread: Pub telephony: com.android.providers.telephony.TelephonyProvider
07-08 16:26:39.777   354   354 D NFC JNI : NFC Service : loading JNI
07-08 16:26:39.843   141   186 E BluetoothService.cpp: setBluetoothTetheringNative true
07-08 16:26:39.859   141   387 D BluetoothEventLoop: Property Changed: UUIDs : 6
07-08 16:26:39.894   141   387 D BluetoothEventLoop: Property Changed: UUIDs : 7
07-08 16:26:39.894   141   387 D BluetoothEventLoop: Property Changed: UUIDs : 8
07-08 16:26:39.898   141   387 D BluetoothEventLoop: Property Changed: UUIDs : 9
07-08 16:26:39.902   339   339 W TelephonyProvider: onCreate: confFile=/system/etc/apns-conf.xml oldCheckSum=-1
07-08 16:26:39.902   141   387 D BluetoothEventLoop: Property Changed: Pairable : false
07-08 16:26:39.929   366   366 I ActivityThread: Pub com.android.launcher2.settings: com.android.launcher2.LauncherProvider
07-08 16:26:39.933   141   387 D BluetoothEventLoop: Property Changed: Powered : false
07-08 16:26:39.933   141   318 I ActivityManager: Start proc com.google.android.inputmethod.latin.dictionarypack for content provider com.google.android.inputmethod.latin.dictionarypack/.DictionaryProvider: pid=390 uid=10070 gids={3003, 1015}
07-08 16:26:39.937   141   186 D BluetoothAdapterStateMachine: WarmUp process message: 54
07-08 16:26:39.937   141   387 D BluetoothEventLoop: Property Changed: UUIDs : 10
07-08 16:26:39.941   141   186 D BluetoothAdapterStateMachine: WarmUp process message: 51
07-08 16:26:39.988   315   317 D dalvikvm: GC_CONCURRENT freed 180K, 3% free 9343K/9607K, paused 2ms+11ms
07-08 16:26:40.003   339   339 I ActivityThread: Pub icc: com.android.phone.IccProvider
07-08 16:26:40.023   339   339 I ActivityThread: Pub mms: com.android.providers.telephony.MmsProvider
07-08 16:26:40.039   354   354 I RegisteredComponentCache: ComponentInfo: ResolveInfo{41344c08 com.android.apps.tag.TagViewer p=0 o=0 m=0x108000}, techs: android.nfc.tech.Ndef, 
07-08 16:26:40.046   339   339 I ActivityThread: Pub sms: com.android.providers.telephony.SmsProvider
07-08 16:26:40.062   339   339 I ActivityThread: Pub mms-sms: com.android.providers.telephony.MmsSmsProvider
07-08 16:26:40.128   390   390 I ActivityThread: Pub com.android.inputmethod.latin.dictionarypack: com.google.android.inputmethod.latin.dictionarypack.DictionaryProvider
07-08 16:26:40.140    79    79 D dalvikvm: GC_EXPLICIT freed 34K, 4% free 9031K/9347K, paused 8ms+22ms
07-08 16:26:40.183   354   354 I NfceeAccess: read 3 signature(s) for NFCEE access
07-08 16:26:40.199    79    79 D dalvikvm: GC_EXPLICIT freed <1K, 4% free 9031K/9347K, paused 7ms+5ms
07-08 16:26:40.207   354   356 D dalvikvm: GC_CONCURRENT freed 315K, 5% free 9169K/9607K, paused 2ms+4ms
07-08 16:26:40.230    79    79 D dalvikvm: GC_EXPLICIT freed <1K, 4% free 9031K/9347K, paused 2ms+2ms
07-08 16:26:40.246   141   152 I ActivityManager: Start proc android.process.acore for content provider com.android.providers.userdictionary/.UserDictionaryProvider: pid=407 uid=10000 gids={3003, 1015}
07-08 16:26:40.421   407   407 I ActivityThread: Pub com.android.voicemail: com.android.providers.contacts.VoicemailContentProvider
07-08 16:26:40.425   354   413 D NfcService: checking on firmware download
07-08 16:26:40.429   354   413 D NfcService: NFC is on. Doing normal stuff
07-08 16:26:40.429   354   413 I NfcService: Enabling NFC
07-08 16:26:40.445   354   413 D NFC JNI : Start Initialization
07-08 16:26:40.445   366   369 D dalvikvm: GC_CONCURRENT freed 264K, 4% free 9202K/9543K, paused 2ms+17ms
07-08 16:26:40.488   339   341 D dalvikvm: GC_CONCURRENT freed 285K, 4% free 9224K/9607K, paused 2ms+7ms
07-08 16:26:40.492   141   280 I ActivityManager: Start proc com.android.smspush for service com.android.smspush/.WapPushManager: pid=431 uid=10053 gids={}
07-08 16:26:40.523   407   407 I ActivityThread: Pub user_dictionary: com.android.providers.userdictionary.UserDictionaryProvider
07-08 16:26:40.523   407   407 I ActivityThread: Pub com.android.social: com.android.providers.contacts.SocialProvider
07-08 16:26:40.531   407   407 I ActivityThread: Pub applications: com.android.providers.applications.ApplicationsProvider
07-08 16:26:40.582   339   339 D CAT     : CatService: Running CAT service. STK app installed:false
07-08 16:26:40.582   339   339 D CAT     : CatService: NEW sInstance
07-08 16:26:40.679   354   413 D NFC JNI : NFC capabilities: HAL = 8150100, FW = a76d0c, HW = 620003, Model = 0, HCI = 1, Full_FW = 109, Rev = 12, FW Update Info = 0
07-08 16:26:40.761   407   407 I ActivityThread: Pub contacts;com.android.contacts: com.android.providers.contacts.ContactsProvider2
07-08 16:26:40.812   354   413 D NFC JNI : phLibNfc_SE_GetSecureElementList()
07-08 16:26:40.812   354   413 D NFC JNI : 
07-08 16:26:40.812   354   413 D NFC JNI : > Number of Secure Element(s) : 1
07-08 16:26:40.812   354   413 D NFC JNI : phLibNfc_SE_GetSecureElementList(): SMX detected, handle=0xabcdef
07-08 16:26:40.812   354   413 D NFC JNI : phLibNfc_SE_SetMode() returned 0x000d[NFCSTATUS_PENDING]
07-08 16:26:40.824   354   413 I NFC JNI : NFC Initialized
07-08 16:26:40.828   354   413 D NdefPushServer: start, thread = null
