06-13 10:00:46.196   213   215 D dalvikvm: GC_CONCURRENT freed 801K, 58% free 9957K/23239K, paused 2ms+4ms
06-13 10:00:46.251   213   215 D dalvikvm: GC_CONCURRENT freed 517K, 58% free 9892K/23239K, paused 2ms+3ms
06-13 10:00:46.325   213   215 D dalvikvm: GC_CONCURRENT freed 557K, 58% free 9832K/23239K, paused 1ms+4ms
06-13 10:00:47.626   142   170 I power   : *** set_screen_state 0
06-13 10:00:47.700    79   118 D SurfaceFlinger: About to give-up screen, flinger = 0x1e2b918
06-13 10:00:47.778   142   174 V TransportControlView: Create TCV com.android.internal.widget.TransportControlView@41bfb5f0
06-13 10:00:47.942 21419 21457 D IOCollector: Waiting for the ScannerThread to start.
06-13 10:00:47.989   142   174 D dalvikvm: GC_FOR_ALLOC freed 1984K, 21% free 18895K/23879K, paused 86ms
06-13 10:00:48.024 21419 25755 D IOCollector: Real collector stared with config: Scanner types: [128, 64, 16]; Dest: MEMORY; ScanDuration: 10000, SensorDelay: {4=1}; Data path: null; Key path: null; View opted out WIFI APs: false
06-13 10:00:48.106 21419 25755 D IOCollector: J started.
06-13 10:00:48.161 21419 25755 D IOCollector: aq started.
06-13 10:00:48.161 21419 25755 D IOCollector: F started.
06-13 10:00:48.161 21419 25755 D IOCollector: RealCollector started.
06-13 10:00:48.223   213   215 D dalvikvm: GC_CONCURRENT freed 391K, 58% free 9921K/23239K, paused 3ms+4ms
06-13 10:00:48.282   213   213 D dalvikvm: GC_FOR_ALLOC freed 618K, 59% free 9728K/23239K, paused 19ms
06-13 10:00:48.465   213   213 D dalvikvm: GC_FOR_ALLOC freed 364K, 59% free 9726K/23239K, paused 41ms
06-13 10:00:53.934 21419 21422 D dalvikvm: GC_CONCURRENT freed 272K, 9% free 10663K/11591K, paused 8ms+2ms
06-13 10:00:54.770   342   342 D SAN_SERVICE: *******************************************
06-13 10:00:54.770   342   342 D SAN_SERVICE: DM App Phone Service State - 0
06-13 10:00:54.770   342   342 D SAN_SERVICE: *******************************************
06-13 10:00:55.008   142   370 D AlarmManagerService: Kernel timezone updated to 240 minutes west of GMT
06-13 10:00:55.020   342   342 D SAN_SERVICE: *******************************************
06-13 10:00:55.020   342   342 D SAN_SERVICE: DM App Phone Service State - 0
06-13 10:00:55.020   342   342 D SAN_SERVICE: *******************************************
06-13 10:00:55.790   342   342 D SAN_SERVICE: *******************************************
06-13 10:00:55.790   342   342 D SAN_SERVICE: DM App Phone Service State - 0
06-13 10:00:55.790   342   342 D SAN_SERVICE: *******************************************
06-13 10:00:58.106 21419 21419 D IOCollector: J stopped.
06-13 10:00:58.133 21419 21419 D IOCollector: aq stopped.
06-13 10:00:58.133 21419 21419 D IOCollector: All scanner finished.
06-13 10:00:58.133 21419 21419 D IOCollector: F stopped.
06-13 10:00:58.133   142   918 W ActivityManager: finishReceiver called but no pending broadcasts
06-13 10:00:58.282 21419 25755 D IOCollector: SignalCollector.ScannerThread is quiting.
06-13 10:00:58.313 21419 21422 D dalvikvm: GC_CONCURRENT freed 326K, 7% free 10866K/11591K, paused 1ms+9ms
06-13 10:00:58.383   213   213 D dalvikvm: GC_FOR_ALLOC freed 378K, 59% free 9728K/23239K, paused 61ms
06-13 10:00:58.465   213   215 D dalvikvm: GC_CONCURRENT freed 412K, 58% free 9806K/23239K, paused 2ms+7ms
06-13 10:00:58.606 21419 21422 D dalvikvm: GC_CONCURRENT freed 488K, 6% free 10953K/11591K, paused 1ms+3ms
06-13 10:00:59.719   342   342 D SAN_SERVICE: *******************************************
06-13 10:00:59.719   342   342 D SAN_SERVICE: DM App Phone Service State - 0
06-13 10:00:59.719   342   342 D SAN_SERVICE: *******************************************
06-13 10:01:03.957   142   366 D AlarmManagerService: Kernel timezone updated to 240 minutes west of GMT
06-13 10:01:06.687   342   342 D SAN_SERVICE: *******************************************
06-13 10:01:06.687   342   342 D SAN_SERVICE: DM App Phone Service State - 0
06-13 10:01:06.687   342   342 D SAN_SERVICE: *******************************************
06-13 10:01:20.027 24716 24819 I System.out: 10:01:20 AM SENT (1095117984): <iq id="ping" type="get"><ping xmlns="urn:xmpp:ping"/></iq>
06-13 10:01:20.199   342   342 D SAN_SERVICE: *******************************************
06-13 10:01:20.199   342   342 D SAN_SERVICE: DM App Phone Service State - 0
06-13 10:01:20.199   342   342 D SAN_SERVICE: *******************************************
06-13 10:01:20.425 24716 24817 I System.out: 10:01:20 AM RCV  (1095117984): <iq to='lokeshmandvekar@jabber.org/android9e7FLMWG' type='result' id='ping'/>
06-13 10:01:58.043 24716 24819 I System.out: 10:01:58 AM SENT (1095117984): <iq id="ping" type="get"><ping xmlns="urn:xmpp:ping"/></iq>
06-13 10:01:58.445 18773 18773 I wpa_supplicant: wlan0: CTRL-EVENT-DISCONNECTED bssid=d0:c2:82:2d:ea:c0 reason=0
06-13 10:01:58.449 22817 22835 D CommandListener: Clearing all IP addresses on wlan0
06-13 10:01:58.500   142   199 D ConnectivityService: ConnectivityChange for WIFI: DISCONNECTED/DISCONNECTED
06-13 10:01:58.500   142   199 D ConnectivityService: Attempting to switch to mobile
06-13 10:01:58.566   142   199 D ConnectivityService: Attempting to switch to WIMAX
06-13 10:01:58.566   142   199 D ConnectivityService: Attempting to switch to BLUETOOTH_TETHER
06-13 10:01:58.578   142   199 E ConnectivityService: Exception trying to remove a route: java.lang.IllegalStateException: Unable to communicate with native dameon to add routes - com.android.server.NativeDaemonConnectorException: Cmd {interface route remove wlan0 default 67.20.215.254 32 0.0.0.0} failed with code 400 : {Failed to remove route from default table (No such process)}
06-13 10:01:58.586   142   199 D NetUtils: android_net_utils_resetConnections in env=0x658290 clazz=0x44c00001 iface=wlan0 mask=0x3
06-13 10:01:58.586   142   199 E ConnectivityService: Exception trying to remove a route: java.lang.IllegalStateException: Unable to communicate with native dameon to add routes - com.android.server.NativeDaemonConnectorException: Cmd {interface route remove wlan0 default 0.0.0.0 0 67.20.215.254} failed with code 400 : {Failed to remove route from default table (No such process)}
06-13 10:01:58.586   142   199 D ConnectivityService: resetConnections(wlan0, 3)
06-13 10:01:58.648   142   199 D ConnectivityService: ConnectivityChange for WIMAX: DISCONNECTED/SCANNING
06-13 10:01:58.648   142   199 D ConnectivityService: Attempting to switch to mobile
06-13 10:01:58.656   142   199 D ConnectivityService: Attempting to switch to WIFI
06-13 10:01:58.656   142   199 D ConnectivityService: Attempting to switch to BLUETOOTH_TETHER
06-13 10:01:58.789  5519 23625 W Smack/Packet: notify conn break (IOEx), close connection
06-13 10:01:58.804 24716 24816 I System.out: 10:01:58 AM SENT (1095117984): <presence id="Xr0Dm-8" type="unavailable"><c xmlns='http://jabber.org/protocol/caps' hash='sha-1' node='http://www.igniterealtime.org/projects/smack/' ver='lEHWL/kB85mFknKkCncs7jfI5CY='/></presence>
06-13 10:01:58.996  5519 23625 I qtaguid : Failed write_ctrl(u 79) res=-1 errno=22
06-13 10:01:59.000  5519 23625 I qtaguid : Untagging socket 79 failed errno=-22
06-13 10:01:59.007  5519 23625 W NetworkManagementSocketTagger: untagSocket(79) failed with errno -22
06-13 10:01:59.015 24716 24817 W System.err: javax.net.ssl.SSLException: Read error: ssl=0x6cf620: I/O error during system call, Connection timed out
06-13 10:01:59.031 24716 24817 W System.err: 	at org.apache.harmony.xnet.provider.jsse.NativeCrypto.SSL_read(Native Method)
06-13 10:01:59.031 24716 24817 W System.err: 	at org.apache.harmony.xnet.provider.jsse.OpenSSLSocketImpl$SSLInputStream.read(OpenSSLSocketImpl.java:671)
06-13 10:01:59.031 24716 24817 W System.err: 	at java.io.InputStreamReader.read(InputStreamReader.java:244)
06-13 10:01:59.031 24716 24817 W System.err: 	at java.io.BufferedReader.read(BufferedReader.java:310)
06-13 10:01:59.031 24716 24817 W System.err: 	at org.jivesoftware.smack.util.ObservableReader.read(ObservableReader.java:42)
06-13 10:01:59.035 24716 24817 W System.err: 	at org.jivesoftware.smack.XMPPConnection$AliveReader.read(XMPPConnection.java:1067)
06-13 10:01:59.035 24716 24817 W System.err: 	at org.kxml2.io.KXmlParser.fillBuffer(KXmlParser.java:1496)
06-13 10:01:59.035 24716 24817 W System.err: 	at org.kxml2.io.KXmlParser.peekType(KXmlParser.java:979)
06-13 10:01:59.035 24716 24817 W System.err: 	at org.kxml2.io.KXmlParser.next(KXmlParser.java:346)
06-13 10:01:59.035 24716 24817 W System.err: 	at org.kxml2.io.KXmlParser.next(KXmlParser.java:310)
06-13 10:01:59.035 24716 24817 W System.err: 	at org.jivesoftware.smack.PacketReader.parsePackets(PacketReader.java:321)
06-13 10:01:59.035 24716 24817 W System.err: 	at org.jivesoftware.smack.PacketReader.access$1(PacketReader.java:216)
06-13 10:01:59.035 24716 24817 W System.err: 	at org.jivesoftware.smack.PacketReader$1.run(PacketReader.java:70)
06-13 10:01:59.046 24716 24716 I com.xabber.android.data.connection.AccountItem@41419b50: onClose 1095117984 - 0, true
06-13 10:01:59.046 24716 24716 I com.xabber.android.data.roster.RosterManager@413e56b8: onDisconnect
06-13 10:01:59.054 24716 24817 I System.out: 10:01:59 AM Connection closed due to an exception (1095117984)
06-13 10:01:59.054 24716 24817 W System.err: javax.net.ssl.SSLException: Read error: ssl=0x6cf620: I/O error during system call, Connection timed out
06-13 10:01:59.054 24716 24817 W System.err: 	at org.apache.harmony.xnet.provider.jsse.NativeCrypto.SSL_read(Native Method)
06-13 10:01:59.054 24716 24817 W System.err: 	at org.apache.harmony.xnet.provider.jsse.OpenSSLSocketImpl$SSLInputStream.read(OpenSSLSocketImpl.java:671)
06-13 10:01:59.058 24716 24817 W System.err: 	at java.io.InputStreamReader.read(InputStreamReader.java:244)
06-13 10:01:59.058   142   199 D ConnectivityService: handleInetConditionChange: no active default network - ignore
06-13 10:01:59.062 24716 24817 W System.err: 	at java.io.BufferedReader.read(BufferedReader.java:310)
06-13 10:01:59.066 24716 24817 W System.err: 	at org.jivesoftware.smack.util.ObservableReader.read(ObservableReader.java:42)
06-13 10:01:59.066 24716 24817 W System.err: 	at org.jivesoftware.smack.XMPPConnection$AliveReader.read(XMPPConnection.java:1067)
06-13 10:01:59.066 24716 24817 W System.err: 	at org.kxml2.io.KXmlParser.fillBuffer(KXmlParser.java:1496)
06-13 10:01:59.066 24716 24817 W System.err: 	at org.kxml2.io.KXmlParser.peekType(KXmlParser.java:979)
06-13 10:01:59.070 24716 24817 W System.err: 	at org.kxml2.io.KXmlParser.next(KXmlParser.java:346)
06-13 10:01:59.070 24716 24817 W System.err: 	at org.kxml2.io.KXmlParser.next(KXmlParser.java:310)
06-13 10:01:59.070 24716 24817 W System.err: 	at org.jivesoftware.smack.PacketReader.parsePackets(PacketReader.java:321)
06-13 10:01:59.070 24716 24817 W System.err: 	at org.jivesoftware.smack.PacketReader.access$1(PacketReader.java:216)
06-13 10:01:59.074 24716 24817 W System.err: 	at org.jivesoftware.smack.PacketReader$1.run(PacketReader.java:70)
06-13 10:01:59.082 18773 18773 I wpa_supplicant: wlan0: Trying to associate with d0:c2:82:2d:e4:b0 (SSID='UB_Secure' freq=2412 MHz)
06-13 10:01:59.093 25668 25668 I PhoneLab-Locks: wake lock acquired
06-13 10:01:59.105 25668 25764 I PhoneLab-PeriodicCheckService: User info is synched
06-13 10:01:59.109 25668 25764 I PhoneLab-PeriodicCheckService: Logger Service is running
06-13 10:01:59.109 25668 25764 I PhoneLab-Locks: wake lock acquired
06-13 10:01:59.113 25668 25668 I PhoneLab-UploadLogs: Transfering log files now
06-13 10:01:59.117 25668 25764 I PhoneLab-PeriodicCheckService: Rescheduling periodic checking...
06-13 10:01:59.136   142   422 I ActivityManager: Start proc android.process.acore for content provider com.android.providers.contacts/.ContactsProvider2: pid=25765 uid=10000 gids={3003, 1015}
06-13 10:01:59.187 25668 25764 I PhoneLab-Locks: wake lock released
06-13 10:01:59.246 18773 18773 I wpa_supplicant: wlan0: Associated with d0:c2:82:2d:e4:b0
06-13 10:01:59.246 18773 18773 I wpa_supplicant: wlan0: CTRL-EVENT-EAP-STARTED EAP authentication started
06-13 10:01:59.250 18773 18773 I wpa_supplicant: wlan0: CTRL-EVENT-EAP-PROPOSED-METHOD vendor=0 method=4 -> NAK
06-13 10:01:59.254 18773 18773 I wpa_supplicant: wlan0: CTRL-EVENT-EAP-PROPOSED-METHOD vendor=0 method=25
06-13 10:01:59.254 18773 18773 I wpa_supplicant: wlan0: CTRL-EVENT-EAP-METHOD EAP vendor 0 method 25 (PEAP) selected
06-13 10:01:59.265 18773 18773 I wpa_supplicant: EAP-TLV: TLV Result - Success - EAP-TLV/Phase2 Completed
06-13 10:01:59.281 25765 25765 I ActivityThread: Pub call_log: com.android.providers.contacts.CallLogProvider
06-13 10:01:59.347 25765 25765 I ActivityThread: Pub com.android.voicemail: com.android.providers.contacts.VoicemailContentProvider
06-13 10:01:59.351 25765 25765 I ActivityThread: Pub user_dictionary: com.android.providers.userdictionary.UserDictionaryProvider
06-13 10:01:59.386   142   145 D dalvikvm: GC_CONCURRENT freed 1248K, 18% free 19591K/23879K, paused 8ms+12ms
06-13 10:01:59.468 25765 25765 I ActivityThread: Pub com.android.social: com.android.providers.contacts.SocialProvider
06-13 10:01:59.468 25765 25765 I ActivityThread: Pub applications: com.android.providers.applications.ApplicationsProvider
06-13 10:01:59.511 25668 25671 D dalvikvm: GC_CONCURRENT freed 437K, 6% free 9288K/9799K, paused 2ms+3ms
06-13 10:01:59.550 25668 25668 D dalvikvm: GC_FOR_ALLOC freed 111K, 6% free 9338K/9927K, paused 32ms
06-13 10:01:59.550 25668 25668 I dalvikvm-heap: Grow heap (frag case) to 9.430MB for 254548-byte allocation
06-13 10:01:59.582 25668 25668 D dalvikvm: GC_FOR_ALLOC freed 120K, 8% free 9466K/10183K, paused 23ms
06-13 10:01:59.586 25668 25668 I dalvikvm-heap: Grow heap (frag case) to 9.805MB for 516692-byte allocation
06-13 10:01:59.597 25765 25765 I ActivityThread: Pub contacts;com.android.contacts: com.android.providers.contacts.ContactsProvider2
06-13 10:01:59.621 25668 25671 D dalvikvm: GC_CONCURRENT freed 248K, 10% free 9722K/10695K, paused 1ms+2ms
06-13 10:01:59.636 25765 25767 D dalvikvm: GC_CONCURRENT freed 342K, 5% free 9194K/9607K, paused 2ms+2ms
06-13 10:01:59.671 25668 25668 I PhoneLab-UploadLogs: OnStartCommand
06-13 10:01:59.918 21419 21422 D dalvikvm: GC_CONCURRENT freed 642K, 7% free 10913K/11655K, paused 1ms+21ms
06-13 10:01:59.961 25713 25716 D dalvikvm: GC_CONCURRENT freed 528K, 6% free 9948K/10567K, paused 1ms+8ms
06-13 10:02:00.593 25765 25767 D dalvikvm: GC_CONCURRENT freed 236K, 4% free 9382K/9735K, paused 29ms+4ms
06-13 10:02:01.656   142   203 D Tethering: MasterInitialState.processMessage what=3
06-13 10:02:01.707   142   203 D Tethering: MasterInitialState.processMessage what=3
06-13 10:02:01.722 24716 24716 I com.xabber.android.data.connection.NetworkManager@4138a550: Network: NetworkInfo: type: WIFI[], state: DISCONNECTED/DISCONNECTED, reason: (unspecified), extra: (none), roaming: false, failover: false, isAvailable: true, active: null
06-13 10:02:01.722 24716 24716 I com.xabber.android.data.connection.NetworkManager@4138a550: Unavailable
06-13 10:02:01.722 24716 24716 I com.xabber.android.data.connection.NetworkManager@4138a550: Network: NetworkInfo: type: WIMAX[], state: DISCONNECTED/SCANNING, reason: (unspecified), extra: (none), roaming: false, failover: false, isAvailable: true, active: null
06-13 10:02:01.722 24716 24716 I com.xabber.android.data.connection.NetworkManager@4138a550: State does not changed.
06-13 10:02:01.898   142   921 I ActivityManager: Start proc com.google.android.apps.uploader for broadcast com.google.android.apps.uploader/.ConnectivityBroadcastReceiver: pid=25787 uid=10031 gids={3003}
06-13 10:02:01.910 25787 25787 I dalvikvm: Turning on JNI app bug workarounds for target SDK version 11...
06-13 10:02:01.972 25787 25787 I ActivityThread: Pub com.google.android.apps.uploader: com.google.android.apps.uploader.UploadsContentProvider
06-13 10:02:01.976 25787 25787 I ActivityThread: Pub com.google.photos.provider.Album: com.google.android.apps.uploader.clients.picasa.AlbumProvider
06-13 10:02:01.984 25787 25787 D MediaUploader: UploaderApplication.onCreate
06-13 10:02:02.113  5519  5522 D dalvikvm: GC_CONCURRENT freed 485K, 7% free 10403K/11143K, paused 46ms+11ms
06-13 10:02:02.289   142   529 D dalvikvm: GC_EXPLICIT freed 334K, 19% free 19519K/23879K, paused 13ms+7ms
06-13 10:02:02.457 25787 25787 D MediaUploader: nonWifiLimit=20971520, default=20971520
06-13 10:02:02.539 24716 25801 E com.xabber.android.data.connection.AccountItem@41419b50: java.lang.RuntimeException: Could not connect to jabber.org:5222.: remote-server-timeout(504) Could not connect to jabber.org:5222.
06-13 10:02:02.539 24716 25801 E com.xabber.android.data.connection.AccountItem@41419b50:   -- caused by: java.net.UnknownHostException: Host is unresolved: jabber.org
06-13 10:02:02.539 24716 25801 E com.xabber.android.data.connection.AccountItem@41419b50: 	at com.xabber.android.data.connection.ConnectionThread.connect(ConnectionThread.java:165)
06-13 10:02:02.539 24716 25801 E com.xabber.android.data.connection.AccountItem@41419b50: 	at com.xabber.android.data.connection.ConnectionThread.access$1(ConnectionThread.java:160)
06-13 10:02:02.539 24716 25801 E com.xabber.android.data.connection.AccountItem@41419b50: 	at com.xabber.android.data.connection.ConnectionThread$2.run(ConnectionThread.java:98)
06-13 10:02:02.539 24716 25801 E com.xabber.android.data.connection.AccountItem@41419b50: 	at com.xabber.android.data.connection.ConnectionThread$13.run(ConnectionThread.java:362)
06-13 10:02:02.539 24716 25801 E com.xabber.android.data.connection.AccountItem@41419b50: 	at java.util.concurrent.Executors$RunnableAdapter.call(Executors.java:442)
06-13 10:02:02.539 24716 25801 E com.xabber.android.data.connection.AccountItem@41419b50: 	at java.util.concurrent.FutureTask$Sync.innerRun(FutureTask.java:305)
06-13 10:02:02.539 24716 25801 E com.xabber.android.data.connection.AccountItem@41419b50: 	at java.util.concurrent.FutureTask.run(FutureTask.java:137)
06-13 10:02:02.539 24716 25801 E com.xabber.android.data.connection.AccountItem@41419b50: 	at java.util.concurrent.ThreadPoolExecutor.runWorker(ThreadPoolExecutor.java:1076)
06-13 10:02:02.539 24716 25801 E com.xabber.android.data.connection.AccountItem@41419b50: 	at java.util.concurrent.ThreadPoolExecutor$Worker.run(ThreadPoolExecutor.java:569)
06-13 10:02:02.539 24716 25801 E com.xabber.android.data.connection.AccountItem@41419b50: 	at java.lang.Thread.run(Thread.java:856)
06-13 10:02:02.539 24716 25801 E com.xabber.android.data.connection.AccountItem@41419b50: Caused by: Could not connect to jabber.org:5222.: remote-server-timeout(504) Could not connect to jabber.org:5222.
06-13 10:02:02.539 24716 25801 E com.xabber.android.data.connection.AccountItem@41419b50:   -- caused by: java.net.UnknownHostException: Host is unresolved: jabber.org
06-13 10:02:02.539 24716 25801 E com.xabber.android.data.connection.AccountItem@41419b50: 	at org.jivesoftware.smack.XMPPConnection.connectUsingConfiguration(XMPPConnection.java:555)
06-13 10:02:02.539 24716 25801 E com.xabber.android.data.connection.AccountItem@41419b50: 	at org.jivesoftware.smack.XMPPConnection.connect(XMPPConnection.java:997)
06-13 10:02:02.539 24716 25801 E com.xabber.android.data.connection.AccountItem@41419b50: 	at com.xabber.android.data.connection.ConnectionThread.connect(ConnectionThread.java:162)
06-13 10:02:02.539 24716 25801 E com.xabber.android.data.connection.AccountItem@41419b50: 	... 9 more
06-13 10:02:02.543 24716 24716 I com.xabber.android.data.connection.AccountItem@41419b50: onClose 1095451448 - 1, true
06-13 10:02:02.543 24716 24716 I com.xabber.android.data.roster.RosterManager@413e56b8: onDisconnect
06-13 10:02:02.586 25787 25787 I MediaUploader: No need to wake up
06-13 10:02:02.589 25668 25668 I PhoneLab-WiFiReceiver: Wi-Fi is disconnected!
06-13 10:02:03.144 25624 25807 D PicasaSync: sync account database
06-13 10:02:03.339 25787 25787 I MediaUploader: No need to wake up
06-13 10:02:03.433 25624 25807 D PicasaSync: accounts in DB=1
06-13 10:02:03.433 25624 25807 D PicasaSyncManager: active network: null
06-13 10:02:03.433 25624 25807 D PicasaSyncManager: background data: true
06-13 10:02:03.652 25624 25626 D dalvikvm: GC_CONCURRENT freed 821K, 8% free 11730K/12679K, paused 6ms+3ms
06-13 10:02:03.687 25624 25807 D PicasaSyncManager: battery info: false
06-13 10:02:05.097   142   199 D ConnectivityService: ConnectivityChange for WIMAX: DISCONNECTED/SCANNING
06-13 10:02:05.097   142   199 D ConnectivityService: Attempting to switch to mobile
06-13 10:02:05.097   142   199 D ConnectivityService: Attempting to switch to WIFI
06-13 10:02:05.105   142   199 D ConnectivityService: Attempting to switch to BLUETOOTH_TETHER
06-13 10:02:06.355   142   199 D ConnectivityService: ConnectivityChange for mobile: CONNECTED/CONNECTED
06-13 10:02:06.464   142   195 D NetworkPolicy: applying policy NetworkPolicy[NetworkTemplate: matchRule=MOBILE_ALL, subscriberId=valid]: cycleDay=8, warningBytes=2147483648, limitBytes=-1, lastSnooze=-1 to ifaces [rmnet0]
06-13 10:02:07.359   142   199 D ConnectivityService: NetTransition Wakelock for WifiStateMachine released by timeout
06-13 10:02:07.558 25668 25671 D dalvikvm: GC_CONCURRENT freed 421K, 10% free 9709K/10695K, paused 17ms+4ms
06-13 10:02:07.593 25668 25780 D dalvikvm: GC_FOR_ALLOC freed 302K, 10% free 9709K/10695K, paused 29ms
06-13 10:02:07.648 25668 25780 D dalvikvm: GC_FOR_ALLOC freed 301K, 10% free 9715K/10695K, paused 29ms
06-13 10:02:08.140   142   203 D Tethering: MasterInitialState.processMessage what=3
06-13 10:02:08.179  5519  5519 I GTalkService/c: [AndroidEndpoint@1093671296] connect: acct=1000000, state=CONNECTING
06-13 10:02:08.183  5519  5519 I GTalkService/c: [GTalkConnection@1094372424] connect: acct=1, state=CONNECTING
06-13 10:02:08.277 25787 25787 I MediaUploader: No need to wake up
06-13 10:02:08.293 24716 24716 I com.xabber.android.data.connection.NetworkManager@4138a550: Network: NetworkInfo: type: WIMAX[], state: DISCONNECTED/SCANNING, reason: (unspecified), extra: (none), roaming: false, failover: false, isAvailable: true, active: NetworkInfo: type: mobile[CDMA - EvDo rev. A], state: CONNECTED/CONNECTED, reason: (unspecified), extra: , roaming: false, failover: true, isAvailable: true
06-13 10:02:08.320 24716 24716 I com.xabber.android.data.connection.NetworkManager@4138a550: Available
06-13 10:02:08.449   142   922 I ActivityManager: Process com.facebook.orca (pid 24341) has died.
06-13 10:02:08.449   142   922 W ActivityManager: Scheduling restart of crashed service com.facebook.orca/.push.mqtt.MqttPushService in 5000ms
06-13 10:02:08.496 25624 25807 D PicasaSyncManager: active network: NetworkInfo: type: mobile[CDMA - EvDo rev. A], state: CONNECTED/CONNECTED, reason: (unspecified), extra: , roaming: false, failover: true, isAvailable: true
06-13 10:02:08.648 25624 25807 D PicasaSyncManager: background data: true
06-13 10:02:08.921   142   922 I ActivityManager: Process com.google.android.apps.googlevoice (pid 23995) has died.
06-13 10:02:08.921   142   922 W ActivityManager: Scheduling restart of crashed service com.google.android.apps.googlevoice/.UpdateService in 14526ms
06-13 10:02:08.921   142   922 W ActivityManager: Scheduling restart of crashed service com.google.android.apps.googlevoice/.CallLogService in 24525ms
06-13 10:02:08.945 24716 24718 D dalvikvm: GC_CONCURRENT freed 472K, 6% free 10452K/11079K, paused 25ms+16ms
06-13 10:02:09.457   142   203 D Tethering: MasterInitialState.processMessage what=3
06-13 10:02:09.507 24716 24716 I com.xabber.android.data.connection.NetworkManager@4138a550: Network: NetworkInfo: type: mobile[CDMA - EvDo rev. A], state: CONNECTED/CONNECTED, reason: (unspecified), extra: , roaming: false, failover: false, isAvailable: true, active: NetworkInfo: type: mobile[CDMA - EvDo rev. A], state: CONNECTED/CONNECTED, reason: (unspecified), extra: , roaming: false, failover: true, isAvailable: true
06-13 10:02:09.507 24716 24716 I com.xabber.android.data.connection.NetworkManager@4138a550: State does not changed.
06-13 10:02:09.554 25787 25787 I MediaUploader: No need to wake up
06-13 10:02:09.605 25624 25807 D PicasaSyncManager: active network: NetworkInfo: type: mobile[CDMA - EvDo rev. A], state: CONNECTED/CONNECTED, reason: (unspecified), extra: , roaming: false, failover: true, isAvailable: true
06-13 10:02:09.605 25624 25807 D PicasaSyncManager: background data: true
06-13 10:02:13.519   142   159 I ActivityManager: Start proc com.facebook.orca for service com.facebook.orca/.push.mqtt.MqttPushService: pid=25826 uid=10061 gids={3003, 1015, 1006}
06-13 10:02:13.574 25826 25826 I dalvikvm: Turning on JNI app bug workarounds for target SDK version 10...
06-13 10:02:13.773 25826 25826 I ActivityThread: Pub com.facebook.orca.notify.MessengerLoggedInUserProvider: com.facebook.orca.notify.MessengerLoggedInUserProvider
06-13 10:02:13.793 25826 25826 I ActivityThread: Pub com.facebook.orca.notify.MessengerForegroundProvider: com.facebook.orca.notify.MessengerForegroundProvider
06-13 10:02:13.804 25826 25826 V orca:OrcaApplication: Forcing initialization of AsyncTask
06-13 10:02:13.964 25826 25826 I Finalizer: Couldn't access Thread.inheritableThreadLocals. Reference finalizer threads will inherit thread local values.
06-13 10:02:13.968 25826 25828 D dalvikvm: GC_CONCURRENT freed 219K, 3% free 9334K/9607K, paused 6ms+8ms
06-13 10:02:14.203 25826 25828 D dalvikvm: GC_CONCURRENT freed 367K, 6% free 9429K/9927K, paused 2ms+1ms
06-13 10:02:14.308 25826 25826 W OrcaGuiceModule: Sig: ijxLJi1yGs1JpL-X1SExmchvork
06-13 10:02:14.398 25826 25828 D dalvikvm: GC_CONCURRENT freed 266K, 4% free 9620K/9991K, paused 7ms+3ms
06-13 10:02:14.605 18773 18773 I wpa_supplicant: wlan0: CTRL-EVENT-DISCONNECTED bssid=d0:c2:82:2d:e4:b0 reason=0
06-13 10:02:14.812 25826 25841 W Resources: Converting to string: TypedValue{t=0x10/d=0xffffffff a=-1}
06-13 10:02:15.015 25826 25828 D dalvikvm: GC_CONCURRENT freed 323K, 4% free 9852K/10247K, paused 5ms+4ms
06-13 10:02:15.156 25826 25826 D ACRA    : Retrieve application default SharedPreferences.
06-13 10:02:15.156 25826 25826 D ACRA    : Set OnSharedPreferenceChangeListener.
06-13 10:02:15.160 25826 25826 D ACRA    : ACRA is enabled for com.facebook.orca, intializing...
06-13 10:02:15.160 25826 25828 D dalvikvm: GC_CONCURRENT freed 264K, 4% free 10049K/10375K, paused 2ms+3ms
06-13 10:02:15.199 18773 18773 I wpa_supplicant: wlan0: Trying to associate with 0c:85:25:c7:2c:60 (SSID='UB_Secure' freq=2412 MHz)
06-13 10:02:15.226 18773 18773 I wpa_supplicant: wlan0: Associated with 0c:85:25:c7:2c:60
06-13 10:02:15.226 18773 18773 I wpa_supplicant: wlan0: CTRL-EVENT-EAP-STARTED EAP authentication started
06-13 10:02:15.230 18773 18773 I wpa_supplicant: wlan0: CTRL-EVENT-EAP-PROPOSED-METHOD vendor=0 method=4 -> NAK
06-13 10:02:15.234 18773 18773 I wpa_supplicant: wlan0: CTRL-EVENT-EAP-PROPOSED-METHOD vendor=0 method=25
06-13 10:02:15.234 18773 18773 I wpa_supplicant: wlan0: CTRL-EVENT-EAP-METHOD EAP vendor 0 method 25 (PEAP) selected
06-13 10:02:15.257 18773 18773 I wpa_supplicant: EAP-TLV: TLV Result - Success - EAP-TLV/Phase2 Completed
06-13 10:02:15.277 25826 25841 D dalvikvm: GC_FOR_ALLOC freed 266K, 6% free 10143K/10695K, paused 74ms
06-13 10:02:15.300 25826 25826 D ACRA    : Looking for error files in /data/data/com.facebook.orca/app_acra-reports
06-13 10:02:15.328 25826 25841 D dalvikvm: GC_FOR_ALLOC freed 272K, 5% free 10227K/10759K, paused 23ms
06-13 10:02:15.398 25826 25841 D dalvikvm: GC_FOR_ALLOC freed 69K, 5% free 10292K/10759K, paused 45ms
06-13 10:02:15.406   142   921 I ActivityManager: Process com.spotify.mobile.android.service (pid 25685) has died.
06-13 10:02:15.406   142   921 W ActivityManager: Scheduling restart of crashed service com.spotify.mobile.android.ui/com.spotify.mobile.android.service.SpotifyService in 28042ms
06-13 10:02:15.625 25826 25828 D dalvikvm: GC_CONCURRENT freed 362K, 4% free 10454K/10887K, paused 2ms+3ms
06-13 10:02:15.781 25826 25828 D dalvikvm: GC_CONCURRENT freed 136K, 2% free 10872K/11079K, paused 3ms+3ms
06-13 10:02:16.035 25826 25828 D dalvikvm: GC_CONCURRENT freed 502K, 5% free 11018K/11591K, paused 2ms+3ms
06-13 10:02:16.195 25826 25828 D dalvikvm: GC_CONCURRENT freed 364K, 4% free 11348K/11783K, paused 2ms+3ms
06-13 10:02:17.132 24716 25851 I System.out: 10:02:17 AM SENT (1095614416): <stream:stream to="jabber.org" xmlns="jabber:client" xmlns:stream="http://etherx.jabber.org/streams" version="1.0">
06-13 10:02:17.214 24660 24663 D dalvikvm: GC_CONCURRENT freed 501K, 6% free 10736K/11335K, paused 22ms+4ms
06-13 10:02:19.961  5519  5522 D dalvikvm: GC_CONCURRENT freed 405K, 7% free 10407K/11143K, paused 2ms+4ms
06-13 10:02:20.132 24716 25852 I System.out: 10:02:20 AM RCV  (1095614416): <?xml version='1.0'?><stream:stream xmlns='jabber:client' xmlns:stream='http://etherx.jabber.org/streams' from='jabber.org' id='ad727095bdd8c4d0' version='1.0'><stream:features><starttls xmlns='urn:ietf:params:xml:ns:xmpp-tls'/><mechanisms xmlns='urn:ietf:params:xml:ns:xmpp-sasl'><mechanism>CRAM-MD5</mechanism><mechanism>LOGIN</mechanism><mechanism>PLAIN</mechanism><mechanism>DIGEST-MD5</mechanism><mechanism>SCRAM-SHA-1</mechanism></mechanisms><compression xmlns='http://jabber.org/features/compress'><method>zlib</method></compression><ver xmlns='urn:xmpp:features:rosterver'><optional/></ver></stream:features>
06-13 10:02:20.156 24716 25852 I System.out: 10:02:20 AM SENT (1095614416): <starttls xmlns="urn:ietf:params:xml:ns:xmpp-tls"/>
06-13 10:02:22.793   342   342 D SAN_SERVICE: *******************************************
06-13 10:02:22.793   342   342 D SAN_SERVICE: DM App Phone Service State - 0
06-13 10:02:22.793   342   342 D SAN_SERVICE: *******************************************
06-13 10:02:22.859   342   342 D SAN_SERVICE: *******************************************
06-13 10:02:22.859   342   342 D SAN_SERVICE: DM App Phone Service State - 0
06-13 10:02:22.859   342   342 D SAN_SERVICE: *******************************************
06-13 10:02:23.457   142   159 I ActivityManager: Start proc com.google.android.apps.googlevoice for service com.google.android.apps.googlevoice/.UpdateService: pid=25859 uid=10056 gids={3003, 1015}
06-13 10:02:23.687   959   961 D dalvikvm: GC_CONCURRENT freed 789K, 20% free 11768K/14663K, paused 7ms+7ms
06-13 10:02:23.816 25859 25862 D dalvikvm: GC_CONCURRENT freed 239K, 4% free 9297K/9607K, paused 13ms+2ms
06-13 10:02:24.082 25765 25767 D dalvikvm: GC_CONCURRENT freed 393K, 6% free 9416K/9927K, paused 2ms+3ms
06-13 10:02:24.507   142   370 D CountryDetector: The first listener is added
06-13 10:02:24.554 25859 25862 D dalvikvm: GC_CONCURRENT freed 451K, 6% free 9401K/9927K, paused 2ms+45ms
06-13 10:02:24.558 25859 25868 W CursorWrapperInner: Cursor finalized without prior close()
06-13 10:02:24.558 25859 25868 W CursorWrapperInner: Cursor finalized without prior close()
06-13 10:02:24.558 25859 25868 W CursorWrapperInner: Cursor finalized without prior close()
06-13 10:02:24.824 25765 25767 D dalvikvm: GC_CONCURRENT freed 272K, 4% free 9632K/9991K, paused 3ms+2ms
06-13 10:02:24.953 25859 25882 D dalvikvm: GC_FOR_ALLOC freed 258K, 5% free 9529K/9991K, paused 15ms
06-13 10:02:25.160 25765 25767 D dalvikvm: GC_CONCURRENT freed 380K, 5% free 9796K/10247K, paused 1ms+3ms
06-13 10:02:25.316 25859 25882 D dalvikvm: GC_FOR_ALLOC freed 166K, 5% free 9671K/10119K, paused 19ms
06-13 10:02:25.398 25765 25776 D dalvikvm: GC_EXPLICIT freed 235K, 5% free 9783K/10247K, paused 6ms+3ms
06-13 10:02:25.558   142   421 D dalvikvm: GC_EXPLICIT freed 1816K, 19% free 19459K/23879K, paused 3ms+10ms
06-13 10:02:32.230 24716 25851 I System.out: 10:02:32 AM SENT (1095614416): <auth mechanism="DIGEST-MD5" xmlns="urn:ietf:params:xml:ns:xmpp-sasl"></auth>
06-13 10:02:34.863 25668 25681 I PhoneLab-: Service Running
06-13 10:02:34.996 25668 25681 I PhoneLab-LoggerService: app_38    27718 1     1112   664   c00f181c 400107b4 S logcat
06-13 10:02:34.996 25668 25681 I PhoneLab-LoggerService: Logcat pid from database 27718
06-13 10:02:34.996 25668 25681 I PhoneLab-LoggerService: Logcat process found 27718
06-13 10:02:34.996 25668 25681 I PhoneLab-LoggerService: Checking Threshold
06-13 10:02:34.996 25668 25681 I PhoneLab-LoggerService: Starting to rename files
06-13 10:02:34.996 25668 25681 I PhoneLab-LoggerService: Files found .. 2
06-13 10:02:43.531   142   159 I ActivityManager: Start proc com.spotify.mobile.android.service for service com.spotify.mobile.android.ui/com.spotify.mobile.android.service.SpotifyService: pid=25887 uid=10055 gids={3003, 1015}
06-13 10:02:43.621 25887 25887 D dalvikvm: Trying to load lib /data/data/com.spotify.mobile.android.ui/lib/liborbit-jni-spotify.so 0x413113e8
06-13 10:02:43.636 25887 25887 D dalvikvm: Added shared lib /data/data/com.spotify.mobile.android.ui/lib/liborbit-jni-spotify.so 0x413113e8
06-13 10:02:43.789   142   919 I ActivityManager: Process com.google.android.apps.maps:NetworkLocationService (pid 21419) has died.
06-13 10:02:43.789   142   919 W ActivityManager: Scheduling restart of crashed service com.google.android.apps.maps/com.google.android.location.internal.server.NetworkLocationService in 5000ms
06-13 10:02:47.882 25826 25849 W orca:OrcaServiceQueue: Exception during service
06-13 10:02:47.882 25826 25849 W orca:OrcaServiceQueue: javax.net.ssl.SSLException: SSL handshake aborted: ssl=0x71cc68: I/O error during system call, Connection reset by peer
06-13 10:02:47.882 25826 25849 W orca:OrcaServiceQueue: 	at org.apache.harmony.xnet.provider.jsse.NativeCrypto.SSL_do_handshake(Native Method)
06-13 10:02:47.882 25826 25849 W orca:OrcaServiceQueue: 	at org.apache.harmony.xnet.provider.jsse.OpenSSLSocketImpl.startHandshake(OpenSSLSocketImpl.java:410)
06-13 10:02:47.882 25826 25849 W orca:OrcaServiceQueue: 	at org.apache.harmony.xnet.provider.jsse.OpenSSLSocketImpl.startHandshake(OpenSSLSocketImpl.java:257)
06-13 10:02:47.882 25826 25849 W orca:OrcaServiceQueue: 	at android.net.SSLCertificateSocketFactory.verifyHostname(SSLCertificateSocketFactory.java:191)
06-13 10:02:47.882 25826 25849 W orca:OrcaServiceQueue: 	at android.net.SSLCertificateSocketFactory.createSocket(SSLCertificateSocketFactory.java:276)
06-13 10:02:47.882 25826 25849 W orca:OrcaServiceQueue: 	at org.apache.http.conn.ssl.SSLSocketFactory.createSocket(SSLSocketFactory.java:375)
06-13 10:02:47.882 25826 25849 W orca:OrcaServiceQueue: 	at org.apache.http.impl.conn.DefaultClientConnectionOperator.openConnection(DefaultClientConnectionOperator.java:165)
06-13 10:02:47.882 25826 25849 W orca:OrcaServiceQueue: 	at org.apache.http.impl.conn.AbstractPoolEntry.open(AbstractPoolEntry.java:164)
06-13 10:02:47.882 25826 25849 W orca:OrcaServiceQueue: 	at org.apache.http.impl.conn.AbstractPooledConnAdapter.open(AbstractPooledConnAdapter.java:119)
06-13 10:02:47.882 25826 25849 W orca:OrcaServiceQueue: 	at org.apache.http.impl.client.DefaultRequestDirector.execute(DefaultRequestDirector.java:360)
06-13 10:02:47.882 25826 25849 W orca:OrcaServiceQueue: 	at org.apache.http.impl.client.AbstractHttpClient.execute(AbstractHttpClient.java:555)
06-13 10:02:47.882 25826 25849 W orca:OrcaServiceQueue: 	at com.facebook.orca.common.http.OrcaHttpClientFroyo.execute(OrcaHttpClientFroyo.java:261)
06-13 10:02:47.882 25826 25849 W orca:OrcaServiceQueue: 	at com.facebook.orca.common.http.OrcaHttpRequestProcessor.a(OrcaHttpRequestProcessor.java:98)
06-13 10:02:47.882 25826 25849 W orca:OrcaServiceQueue: 	at com.facebook.orca.protocol.base.SingleMethodRunner.a(SingleMethodRunner.java:146)
06-13 10:02:47.882 25826 25849 W orca:OrcaServiceQueue: 	at com.facebook.orca.protocol.base.SingleMethodRunner.a(SingleMethodRunner.java:83)
06-13 10:02:47.882 25826 25849 W orca:OrcaServiceQueue: 	at com.facebook.orca.protocol.WebServiceHandler.y(WebServiceHandler.java:487)
06-13 10:02:47.882 25826 25849 W orca:OrcaServiceQueue: 	at com.facebook.orca.server.AbstractOrcaServiceHandlerFilter.E(AbstractOrcaServiceHandlerFilter.java:46)
06-13 10:02:47.882 25826 25849 W orca:OrcaServiceQueue: 	at com.facebook.orca.server.FilterChainLink.a(FilterChainLink.java:17)
06-13 10:02:47.882 25826 25849 W orca:OrcaServiceQueue: 	at com.facebook.orca.server.OrcaServiceQueue.c(OrcaServiceQueue.java:187)
06-13 10:02:47.882 25826 25849 W orca:OrcaServiceQueue: 	at com.facebook.orca.server.OrcaServiceQueue.c(OrcaServiceQueue.java:33)
06-13 10:02:47.882 25826 25849 W orca:OrcaServiceQueue: 	at com.facebook.orca.server.OrcaServiceQueue$3.run(OrcaServiceQueue.java:151)
06-13 10:02:47.882 25826 25849 W orca:OrcaServiceQueue: 	at android.os.Handler.handleCallback(Handler.java:605)
06-13 10:02:47.882 25826 25849 W orca:OrcaServiceQueue: 	at android.os.Handler.dispatchMessage(Handler.java:92)
06-13 10:02:47.882 25826 25849 W orca:OrcaServiceQueue: 	at android.os.Looper.loop(Looper.java:137)
06-13 10:02:47.882 25826 25849 W orca:OrcaServiceQueue: 	at android.os.HandlerThread.run(HandlerThread.java:60)
06-13 10:02:48.851   142   159 I ActivityManager: Start proc com.google.android.apps.maps:NetworkLocationService for service com.google.android.apps.maps/com.google.android.location.internal.server.NetworkLocationService: pid=25908 uid=10057 gids={3003, 1015}
06-13 10:02:48.925   142   153 I ActivityManager: Process com.google.android.apps.maps:LocationFriendService (pid 25713) has died.
06-13 10:02:49.058 25908 25911 D dalvikvm: GC_CONCURRENT freed 173K, 3% free 9363K/9607K, paused 4ms+2ms
06-13 10:02:49.625 25908 25911 D dalvikvm: GC_CONCURRENT freed 157K, 3% free 9675K/9927K, paused 12ms+2ms
06-13 10:02:49.949 25908 25911 D dalvikvm: GC_CONCURRENT freed 168K, 3% free 10072K/10311K, paused 4ms+3ms
06-13 10:02:50.129 25908 25911 D dalvikvm: GC_CONCURRENT freed 670K, 8% free 9882K/10631K, paused 1ms+2ms
06-13 10:02:50.226   142   159 I ActivityManager: Start proc com.google.android.apps.maps:FriendService for broadcast com.google.android.apps.maps/com.google.googlenav.friend.android.ServiceReceiver: pid=25929 uid=10057 gids={3003, 1015}
06-13 10:02:50.347 25929 25930 D dalvikvm: GC_CONCURRENT freed 175K, 3% free 9360K/9607K, paused 2ms+2ms
06-13 10:02:50.523 25929 25930 D dalvikvm: GC_CONCURRENT freed 204K, 3% free 9714K/9991K, paused 1ms+3ms
06-13 10:02:50.582   142   602 I ActivityManager: Start proc com.google.android.apps.maps:LocationFriendService for broadcast com.google.android.apps.maps/com.google.googlenav.friend.reporting.LocationReportingIntentReceiver: pid=25942 uid=10057 gids={3003, 1015}
06-13 10:02:50.609    80    80 D dalvikvm: GC_EXPLICIT freed 38K, 4% free 9031K/9347K, paused 2ms+3ms
06-13 10:02:50.664    80    80 D dalvikvm: GC_EXPLICIT freed <1K, 4% free 9031K/9347K, paused 1ms+6ms
06-13 10:02:50.707    80    80 D dalvikvm: GC_EXPLICIT freed <1K, 4% free 9031K/9347K, paused 2ms+1ms
06-13 10:02:50.761 25942 25945 D dalvikvm: GC_CONCURRENT freed 178K, 3% free 9358K/9607K, paused 2ms+2ms
06-13 10:02:50.828 25908 25915 I dalvikvm: Total arena pages for JIT: 11
06-13 10:02:50.836 25908 25915 I dalvikvm: Total arena pages for JIT: 12
06-13 10:02:50.836 25908 25915 I dalvikvm: Total arena pages for JIT: 13
06-13 10:02:50.836 25908 25915 I dalvikvm: Total arena pages for JIT: 14
06-13 10:02:50.836 25908 25915 I dalvikvm: Total arena pages for JIT: 15
06-13 10:02:50.839 25908 25915 I dalvikvm: Total arena pages for JIT: 16
06-13 10:02:50.839 25908 25915 I dalvikvm: Total arena pages for JIT: 17
06-13 10:02:50.996   142   422 I ActivityManager: Process com.google.android.apps.plus (pid 25624) has died.
06-13 10:02:51.214 25908 25915 I dalvikvm: Total arena pages for JIT: 18
06-13 10:02:51.296 18773 18773 I wpa_supplicant: wlan0: CTRL-EVENT-EAP-STARTED EAP authentication started
06-13 10:02:51.300 18773 18773 I wpa_supplicant: wlan0: CTRL-EVENT-DISCONNECTED bssid=0c:85:25:c7:2c:60 reason=0
06-13 10:02:51.394 25942 25945 D dalvikvm: GC_CONCURRENT freed 213K, 4% free 9655K/9991K, paused 1ms+187ms
06-13 10:02:51.593 25908 25911 D dalvikvm: GC_CONCURRENT freed 196K, 5% free 10175K/10631K, paused 8ms+33ms
06-13 10:02:51.613 25942 25945 D dalvikvm: GC_CONCURRENT freed 259K, 4% free 9880K/10247K, paused 1ms+14ms
06-13 10:02:51.906   142   370 I ActivityManager: Process android.process.media (pid 25639) has died.
06-13 10:02:52.046 25908 25911 D dalvikvm: GC_CONCURRENT freed 440K, 5% free 10240K/10759K, paused 2ms+3ms
06-13 10:02:52.156 25908 25928 D IOCollector: Waiting for the ScannerThread to start.
06-13 10:02:52.179 25908 25961 D IOCollector: Real collector stared with config: Scanner types: [64, 128, 16]; Dest: MEMORY; ScanDuration: 10000, SensorDelay: {4=1}; Data path: null; Key path: null; View opted out WIFI APs: false
06-13 10:02:52.187 25908 25961 D IOCollector: J started.
06-13 10:02:52.246 25908 25961 D IOCollector: aq started.
06-13 10:02:52.246 25908 25961 D IOCollector: F started.
06-13 10:02:52.246 25908 25961 D IOCollector: RealCollector started.
06-13 10:02:52.554   213   215 D dalvikvm: GC_CONCURRENT freed 399K, 58% free 9917K/23239K, paused 4ms+3ms
06-13 10:02:52.562 18773 18773 I wpa_supplicant: wlan0: Trying to associate with d0:c2:82:67:f5:90 (SSID='UB_Secure' freq=2412 MHz)
06-13 10:02:52.589 18773 18773 I wpa_supplicant: wlan0: Associated with d0:c2:82:67:f5:90
06-13 10:02:52.589 18773 18773 I wpa_supplicant: wlan0: CTRL-EVENT-EAP-STARTED EAP authentication started
06-13 10:02:52.593 18773 18773 I wpa_supplicant: wlan0: CTRL-EVENT-EAP-PROPOSED-METHOD vendor=0 method=4 -> NAK
06-13 10:02:52.601 18773 18773 I wpa_supplicant: wlan0: CTRL-EVENT-EAP-PROPOSED-METHOD vendor=0 method=25
06-13 10:02:52.601 18773 18773 I wpa_supplicant: wlan0: CTRL-EVENT-EAP-METHOD EAP vendor 0 method 25 (PEAP) selected
06-13 10:02:52.621 18773 18773 I wpa_supplicant: EAP-TLV: TLV Result - Success - EAP-TLV/Phase2 Completed
06-13 10:02:52.726   213   215 D dalvikvm: GC_CONCURRENT freed 464K, 58% free 9845K/23239K, paused 2ms+5ms
06-13 10:02:52.769   213   213 D dalvikvm: GC_FOR_ALLOC freed 254K, 58% free 9925K/23239K, paused 19ms
06-13 10:02:52.824   213   215 D dalvikvm: GC_CONCURRENT freed 398K, 58% free 9953K/23239K, paused 2ms+3ms
06-13 10:02:52.996   213   215 D dalvikvm: GC_CONCURRENT freed 292K, 57% free 10133K/23239K, paused 3ms+3ms
06-13 10:02:53.000   142   370 I ActivityManager: Process com.google.android.apps.docs (pid 25568) has died.
06-13 10:02:53.336 25908 25911 D dalvikvm: GC_CONCURRENT freed 368K, 5% free 10296K/10759K, paused 1ms+18ms
06-13 10:02:53.531 25942 25945 D dalvikvm: GC_CONCURRENT freed 414K, 5% free 10017K/10503K, paused 4ms+2ms
06-13 10:02:53.730  5519  8069 D dalvikvm: GC_EXPLICIT freed 82K, 7% free 10445K/11143K, paused 7ms+5ms
06-13 10:02:56.113 24716 25852 I System.out: 10:02:56 AM RCV  (1095614416): <proceed xmlns='urn:ietf:params:xml:ns:xmpp-tls'/>
06-13 10:02:56.796 24716 25851 I System.out: 10:02:56 AM SENT (1095614416): <presence id="Xr0Dm-9" type="unavailable"><c xmlns='http://jabber.org/protocol/caps' hash='sha-1' node='http://www.igniterealtime.org/projects/smack/' ver='lEHWL/kB85mFknKkCncs7jfI5CY='/></presence>
06-13 10:02:56.824 24716 25851 W System.err: java.net.SocketException: Socket closed
06-13 10:02:56.882 24716 25851 W System.err: 	at libcore.io.Posix.sendtoBytes(Native Method)
06-13 10:02:56.882 24716 25851 W System.err: 	at libcore.io.Posix.sendto(Posix.java:146)
06-13 10:02:56.882 24716 25851 W System.err: 	at libcore.io.BlockGuardOs.sendto(BlockGuardOs.java:177)
06-13 10:02:56.882 24716 25851 W System.err: 	at libcore.io.IoBridge.sendto(IoBridge.java:463)
06-13 10:02:56.882 24716 25851 W System.err: 	at java.net.PlainSocketImpl.write(PlainSocketImpl.java:507)
06-13 10:02:56.886 24716 25851 W System.err: 	at java.net.PlainSocketImpl.access$100(PlainSocketImpl.java:46)
06-13 10:02:56.886 24716 25851 W System.err: 	at java.net.PlainSocketImpl$PlainSocketOutputStream.write(PlainSocketImpl.java:269)
06-13 10:02:56.886 24716 25851 W System.err: 	at java.io.OutputStreamWriter.flushBytes(OutputStreamWriter.java:167)
06-13 10:02:56.886 24716 25851 W System.err: 	at java.io.OutputStreamWriter.flush(OutputStreamWriter.java:158)
06-13 10:02:56.886 24716 25851 W System.err: 	at java.io.BufferedWriter.flush(BufferedWriter.java:124)
06-13 10:02:56.898 24716 25851 W System.err: 	at org.jivesoftware.smack.util.ObservableWriter.flush(ObservableWriter.java:48)
06-13 10:02:56.898 24716 25851 W System.err: 	at org.jivesoftware.smack.PacketWriter.writePackets(PacketWriter.java:302)
06-13 10:02:56.898 24716 25851 W System.err: 	at org.jivesoftware.smack.PacketWriter.access$12(PacketWriter.java:270)
06-13 10:02:56.898 24716 25851 W System.err: 	at org.jivesoftware.smack.PacketWriter$1.run(PacketWriter.java:137)
06-13 10:02:56.902 24716 25851 I System.out: 10:02:56 AM SENT (1095614416): </stream:stream>
06-13 10:02:56.906 24716 25852 W System.err: XMPPError establishing connection with server.: remote-server-error(502) XMPPError establishing connection with server.
06-13 10:02:56.906 24716 25852 W System.err:   -- caused by: javax.net.ssl.SSLException: Connection closed by peer
06-13 10:02:56.906 24716 25852 W System.err: 	at org.jivesoftware.smack.XMPPConnection.initReaderAndWriter(XMPPConnection.java:710)
06-13 10:02:56.906 24716 25852 W System.err: 	at org.jivesoftware.smack.XMPPConnection.proceedTLSReceived(XMPPConnection.java:848)
06-13 10:02:56.906 24716 25852 W System.err: 	at org.jivesoftware.smack.PacketReader.parsePackets(PacketReader.java:263)
06-13 10:02:56.906 24716 25852 W System.err: 	at org.jivesoftware.smack.PacketReader.access$1(PacketReader.java:216)
06-13 10:02:56.906 24716 25852 W System.err: 	at org.jivesoftware.smack.PacketReader$1.run(PacketReader.java:70)
06-13 10:02:56.910 24716 25852 W System.err: Nested Exception: 
06-13 10:02:56.910 24716 25852 W System.err: javax.net.ssl.SSLException: Connection closed by peer
06-13 10:02:56.910 24716 25852 W System.err: 	at org.apache.harmony.xnet.provider.jsse.NativeCrypto.SSL_do_handshake(Native Method)
06-13 10:02:56.910 24716 25852 W System.err: 	at org.apache.harmony.xnet.provider.jsse.OpenSSLSocketImpl.startHandshake(OpenSSLSocketImpl.java:410)
06-13 10:02:56.910 24716 25852 W System.err: 	at org.apache.harmony.xnet.provider.jsse.OpenSSLSocketImpl$SSLInputStream.<init>(OpenSSLSocketImpl.java:643)
06-13 10:02:56.910 24716 25852 W System.err: 	at org.apache.harmony.xnet.provider.jsse.OpenSSLSocketImpl.getInputStream(OpenSSLSocketImpl.java:614)
06-13 10:02:56.910 24716 25852 W System.err: 	at org.jivesoftware.smack.XMPPConnection.initReaderAndWriter(XMPPConnection.java:678)
06-13 10:02:56.910 24716 25852 W System.err: 	at org.jivesoftware.smack.XMPPConnection.proceedTLSReceived(XMPPConnection.java:848)
06-13 10:02:56.925 24716 25852 W System.err: 	at org.jivesoftware.smack.PacketReader.parsePackets(PacketReader.java:263)
06-13 10:02:56.925 24716 25852 W System.err: 	at org.jivesoftware.smack.PacketReader.access$1(PacketReader.java:216)
06-13 10:02:56.941 24716 25852 W System.err: 	at org.jivesoftware.smack.PacketReader$1.run(PacketReader.java:70)
06-13 10:02:56.941 24716 24716 I com.xabber.android.data.connection.AccountItem@41419b50: onClose 1095614416 - 2, true
06-13 10:02:56.945 24716 24716 I com.xabber.android.data.roster.RosterManager@413e56b8: onDisconnect
06-13 10:02:56.988 24716 25818 W System.err: java.lang.IllegalStateException: Not connected to server.
06-13 10:02:56.992 24716 25818 W System.err: 	at org.jivesoftware.smack.XMPPConnection.sendPacket(XMPPConnection.java:483)
06-13 10:02:56.992 24716 25818 W System.err: 	at org.jivesoftware.smack.NonSASLAuthentication.authenticate(NonSASLAuthentication.java:69)
06-13 10:02:56.992 24716 25818 W System.err: 	at org.jivesoftware.smack.SASLAuthentication.authenticate(SASLAuthentication.java:353)
06-13 10:02:56.992 24716 25818 W System.err: 	at org.jivesoftware.smack.XMPPConnection.login(XMPPConnection.java:210)
06-13 10:02:56.992 24716 25818 W System.err: 	at com.xabber.android.data.connection.ConnectionThread.authorization(ConnectionThread.java:214)
06-13 10:02:56.992 24716 25818 W System.err: 	at com.xabber.android.data.connection.ConnectionThread.access$5(ConnectionThread.java:207)
06-13 10:02:56.992 24716 25818 W System.err: 	at com.xabber.android.data.connection.ConnectionThread$7.run(ConnectionThread.java:197)
06-13 10:02:56.992 24716 25818 W System.err: 	at com.xabber.android.data.connection.ConnectionThread$13.run(ConnectionThread.java:362)
06-13 10:02:56.992 24716 25818 W System.err: 	at java.util.concurrent.Executors$RunnableAdapter.call(Executors.java:442)
06-13 10:02:56.996 24716 25818 W System.err: 	at java.util.concurrent.FutureTask$Sync.innerRun(FutureTask.java:305)
06-13 10:02:56.996 24716 25818 W System.err: 	at java.util.concurrent.FutureTask.run(FutureTask.java:137)
06-13 10:02:56.996 24716 25818 W System.err: 	at java.util.concurrent.ThreadPoolExecutor.runWorker(ThreadPoolExecutor.java:1076)
06-13 10:02:56.996 24716 25818 W System.err: 	at java.util.concurrent.ThreadPoolExecutor$Worker.run(ThreadPoolExecutor.java:569)
06-13 10:02:56.996 24716 25818 W System.err: 	at java.lang.Thread.run(Thread.java:856)
06-13 10:02:57.449   142   199 D ConnectivityService: handleInetConditionHoldEnd: net=0, condition=100, published condition=0
06-13 10:02:57.828 25942 25945 D dalvikvm: GC_CONCURRENT freed 453K, 6% free 10013K/10567K, paused 15ms+9ms
06-13 10:02:59.871   342   342 D SAN_SERVICE: *******************************************
06-13 10:02:59.871   342   342 D SAN_SERVICE: DM App Phone Service State - 0
06-13 10:02:59.871   342   342 D SAN_SERVICE: *******************************************
06-13 10:03:00.203   142   159 I ActivityManager: Start proc com.google.android.talk for broadcast com.google.android.talk/.ConnectionStateOnlineReceiver: pid=25976 uid=10047 gids={3003, 1015, 1006, 3002}
06-13 10:03:00.355 25976 25976 I ActivityThread: Pub com.google.android.talk.SuggestionProvider: com.google.android.talk.SuggestionsProvider
