06-11 10:41:08.448 25165 25167 D dalvikvm: GC_CONCURRENT freed 442K, 5% free 10228K/10759K, paused 2ms+3ms
06-11 10:41:08.491  4690  6485 D dalvikvm: GC_EXPLICIT freed 257K, 7% free 10584K/11271K, paused 6ms+5ms
06-11 10:41:09.409 25165 25167 D dalvikvm: GC_CONCURRENT freed 341K, 5% free 10348K/10823K, paused 8ms+3ms
06-11 10:41:10.378 25165 25167 D dalvikvm: GC_CONCURRENT freed 396K, 5% free 10472K/10951K, paused 2ms+3ms
06-11 10:41:11.269 25165 25167 D dalvikvm: GC_CONCURRENT freed 484K, 6% free 10464K/11079K, paused 2ms+2ms
06-11 10:41:15.855   142   159 I ActivityManager: Start proc com.google.android.apps.googlevoice for service com.google.android.apps.googlevoice/.UpdateService: pid=25206 uid=10056 gids={3003, 1015}
06-11 10:41:16.292 25206 25209 D dalvikvm: GC_CONCURRENT freed 233K, 4% free 9302K/9607K, paused 9ms+13ms
06-11 10:41:16.472 10379 10382 D dalvikvm: GC_CONCURRENT freed 451K, 6% free 10840K/11527K, paused 41ms+4ms
06-11 10:41:16.839   142   922 D CountryDetector: The first listener is added
06-11 10:41:16.937 25206 25209 D dalvikvm: GC_CONCURRENT freed 432K, 6% free 9424K/9927K, paused 2ms+2ms
06-11 10:41:16.941 25206 25215 W CursorWrapperInner: Cursor finalized without prior close()
06-11 10:41:16.941 25206 25215 W CursorWrapperInner: Cursor finalized without prior close()
06-11 10:41:16.941 25206 25215 W CursorWrapperInner: Cursor finalized without prior close()
06-11 10:41:17.089 24238 24240 D dalvikvm: GC_CONCURRENT freed 359K, 5% free 9625K/10055K, paused 13ms+4ms
06-11 10:41:17.562   142   368 D dalvikvm: GC_EXPLICIT freed 1200K, 17% free 17701K/21191K, paused 3ms+8ms
06-11 10:41:17.636 24238 24240 D dalvikvm: GC_CONCURRENT freed 363K, 5% free 9778K/10247K, paused 1ms+3ms
06-11 10:41:17.804 25206 25209 D dalvikvm: GC_CONCURRENT freed 333K, 5% free 9618K/10055K, paused 1ms+2ms
06-11 10:41:17.999 24238 24262 D dalvikvm: GC_EXPLICIT freed 285K, 5% free 9791K/10247K, paused 2ms+4ms
06-11 10:41:35.933   142   159 I ActivityManager: Start proc com.whatsapp for service com.whatsapp/.messaging.MessageService: pid=25231 uid=10070 gids={1015, 3003}
06-11 10:41:35.952 25231 25231 I dalvikvm: Turning on JNI app bug workarounds for target SDK version 7...
06-11 10:41:36.284 25231 25233 D dalvikvm: GC_CONCURRENT freed 168K, 3% free 9368K/9607K, paused 4ms+2ms
06-11 10:41:36.632   142   602 I ActivityManager: Process com.google.android.talk (pid 24769) has died.
06-11 10:41:36.886 25231 25233 D dalvikvm: GC_CONCURRENT freed 296K, 4% free 9603K/9991K, paused 2ms+3ms
06-11 10:41:37.027 25231 25231 I SqliteDatabaseCpp: sqlite returned: error code = 1, msg = duplicate column name: photo_ts, db=/data/data/com.whatsapp/databases/msgstore.db
06-11 10:41:37.038 25231 25231 I SqliteDatabaseCpp: sqlite returned: error code = 1, msg = duplicate column name: thumb_ts, db=/data/data/com.whatsapp/databases/msgstore.db
06-11 10:41:37.038 25231 25231 I SqliteDatabaseCpp: sqlite returned: error code = 1, msg = duplicate column name: photo_id_timestamp, db=/data/data/com.whatsapp/databases/msgstore.db
06-11 10:41:37.140 25231 25231 I dalvikvm: Could not find method android.media.MediaMetadataRetriever.captureFrame, referenced from method com.whatsapp.d3.a
06-11 10:41:37.140 25231 25231 W dalvikvm: VFY: unable to resolve virtual method 496: Landroid/media/MediaMetadataRetriever;.captureFrame ()Landroid/graphics/Bitmap;
06-11 10:41:37.140 25231 25231 D dalvikvm: VFY: replacing opcode 0x6e at 0x0134
06-11 10:41:37.347 25231 25233 D dalvikvm: GC_CONCURRENT freed 433K, 5% free 9741K/10247K, paused 2ms+3ms
06-11 10:41:37.644 25231 25233 D dalvikvm: GC_CONCURRENT freed 217K, 4% free 9978K/10311K, paused 2ms+4ms
06-11 10:41:53.406 23949 23962 I PhoneLab-: Service Running
06-11 10:41:53.484 23949 23962 I PhoneLab-LoggerService: app_38    1446  1     1436   992   c00f181c 400107b4 S logcat
06-11 10:41:53.484 23949 23962 I PhoneLab-LoggerService: Logcat pid from database 1446
06-11 10:41:53.484 23949 23962 I PhoneLab-LoggerService: Logcat process found 1446
06-11 10:41:53.484 23949 23962 I PhoneLab-LoggerService: Checking Threshold
06-11 10:41:53.491 23949 23962 I PhoneLab-LoggerService: Starting to rename files
06-11 10:41:53.491 23949 23962 I PhoneLab-LoggerService: Files found .. 2
06-11 10:41:53.491 23949 23962 I PhoneLab-LoggerService: File 1 log.out.1
06-11 10:41:53.503 23949 23962 I PhoneLab-LoggerService: Renamed successfully
06-11 10:42:03.800   142   294 D AlarmManagerService: Kernel timezone updated to 240 minutes west of GMT
06-11 10:42:04.148   342   342 D SAN_SERVICE: *******************************************
06-11 10:42:04.148   342   342 D SAN_SERVICE: DM App Phone Service State - 0
06-11 10:42:04.148   342   342 D SAN_SERVICE: *******************************************
06-11 10:42:09.968 22161 22162 D dalvikvm: GC_CONCURRENT freed 486K, 8% free 10256K/11079K, paused 7ms+3ms
06-11 10:42:12.425  4690  5213 I EventLogService: Aggregate from 1339423932188 (log), 1339423932188 (data)
06-11 10:42:18.171   142   172 I ActivityManager: Start proc com.google.android.maps.mytracks for service com.google.android.maps.mytracks/com.google.android.apps.mytracks.services.RemoveTempFilesService: pid=25264 uid=10059 gids={3003, 3002, 3001, 1015}
06-11 10:42:18.195 25264 25264 I dalvikvm: Turning on JNI app bug workarounds for target SDK version 7...
06-11 10:42:18.218   142 12773 I ActivityManager: Process com.facebook.orca (pid 23355) has died.
06-11 10:42:18.218   142 12773 W ActivityManager: Scheduling restart of crashed service com.facebook.orca/.push.mqtt.MqttPushService in 5000ms
06-11 10:42:18.542 25264 25264 I ActivityThread: Pub com.google.android.maps.mytracks.search: com.google.android.apps.mytracks.content.SearchEngineProvider
06-11 10:42:18.546 25264 25264 I ActivityThread: Pub com.google.android.maps.mytracks: com.google.android.apps.mytracks.content.MyTracksProvider
06-11 10:42:19.566 23908 23910 D dalvikvm: GC_CONCURRENT freed 309K, 10% free 10461K/11527K, paused 7ms+10ms
06-11 10:42:19.788 23908 23910 D dalvikvm: GC_CONCURRENT freed 383K, 10% free 10463K/11527K, paused 2ms+4ms
06-11 10:42:20.128 23908 23910 D dalvikvm: GC_CONCURRENT freed 421K, 10% free 10431K/11527K, paused 2ms+2ms
06-11 10:42:20.339 23908 23910 D dalvikvm: GC_CONCURRENT freed 373K, 10% free 10444K/11527K, paused 2ms+2ms
06-11 10:42:20.593 23908 23910 D dalvikvm: GC_CONCURRENT freed 410K, 10% free 10443K/11527K, paused 1ms+2ms
06-11 10:42:21.007 23908 23910 D dalvikvm: GC_CONCURRENT freed 340K, 9% free 10558K/11527K, paused 2ms+10ms
06-11 10:42:21.253 24628 24629 D dalvikvm: GC_CONCURRENT freed 502K, 6% free 11852K/12487K, paused 8ms+6ms
06-11 10:42:21.593 23908 23910 D dalvikvm: GC_CONCURRENT freed 405K, 9% free 10541K/11527K, paused 5ms+2ms
06-11 10:42:21.882 23908 23910 D dalvikvm: GC_CONCURRENT freed 481K, 10% free 10450K/11527K, paused 6ms+9ms
06-11 10:42:22.206 23908 23910 D dalvikvm: GC_CONCURRENT freed 390K, 10% free 10449K/11527K, paused 8ms+8ms
06-11 10:42:22.519 23908 23910 D dalvikvm: GC_CONCURRENT freed 405K, 10% free 10468K/11527K, paused 2ms+3ms
06-11 10:42:22.870 24628 24629 D dalvikvm: GC_CONCURRENT freed 691K, 7% free 12007K/12807K, paused 2ms+22ms
06-11 10:42:23.042 23908 23910 D dalvikvm: GC_CONCURRENT freed 421K, 10% free 10439K/11527K, paused 7ms+7ms
06-11 10:42:23.253   142   159 I ActivityManager: Start proc com.facebook.orca for service com.facebook.orca/.push.mqtt.MqttPushService: pid=25281 uid=10061 gids={3003, 1015, 1006}
06-11 10:42:23.288 25281 25281 I dalvikvm: Turning on JNI app bug workarounds for target SDK version 10...
06-11 10:42:23.327 23908 23910 D dalvikvm: GC_CONCURRENT freed 352K, 9% free 10553K/11527K, paused 5ms+5ms
06-11 10:42:23.507 25281 25281 I ActivityThread: Pub com.facebook.orca.notify.MessengerLoggedInUserProvider: com.facebook.orca.notify.MessengerLoggedInUserProvider
06-11 10:42:23.527 25281 25281 I ActivityThread: Pub com.facebook.orca.notify.MessengerForegroundProvider: com.facebook.orca.notify.MessengerForegroundProvider
06-11 10:42:23.531 25281 25281 V orca:OrcaApplication: Forcing initialization of AsyncTask
06-11 10:42:23.632 25281 25283 D dalvikvm: GC_CONCURRENT freed 226K, 4% free 9310K/9607K, paused 3ms+4ms
06-11 10:42:23.656 25281 25281 I Finalizer: Couldn't access Thread.inheritableThreadLocals. Reference finalizer threads will inherit thread local values.
06-11 10:42:23.859 25281 25283 D dalvikvm: GC_CONCURRENT freed 389K, 5% free 9451K/9927K, paused 4ms+2ms
06-11 10:42:23.984 25281 25281 W OrcaGuiceModule: Sig: ijxLJi1yGs1JpL-X1SExmchvork
06-11 10:42:24.085 25281 25283 D dalvikvm: GC_CONCURRENT freed 254K, 4% free 9621K/9991K, paused 4ms+4ms
06-11 10:42:24.351 25281 25296 W Resources: Converting to string: TypedValue{t=0x10/d=0xffffffff a=-1}
06-11 10:42:24.390 23908 23910 D dalvikvm: GC_CONCURRENT freed 433K, 9% free 10505K/11527K, paused 8ms+9ms
06-11 10:42:24.550 25281 25283 D dalvikvm: GC_CONCURRENT freed 323K, 4% free 9852K/10247K, paused 2ms+3ms
06-11 10:42:24.679 25281 25281 D ACRA    : Retrieve application default SharedPreferences.
06-11 10:42:24.679 25281 25281 D ACRA    : Set OnSharedPreferenceChangeListener.
06-11 10:42:24.679 25281 25281 D ACRA    : ACRA is enabled for com.facebook.orca, intializing...
06-11 10:42:24.745 25281 25283 D dalvikvm: GC_CONCURRENT freed 293K, 4% free 10072K/10439K, paused 2ms+2ms
06-11 10:42:24.749 25281 25281 D ACRA    : Looking for error files in /data/data/com.facebook.orca/app_acra-reports
06-11 10:42:24.804 25281 25296 D dalvikvm: GC_FOR_ALLOC freed 236K, 6% free 10114K/10695K, paused 26ms
06-11 10:42:24.859 25281 25296 D dalvikvm: GC_FOR_ALLOC freed 120K, 5% free 10217K/10695K, paused 31ms
06-11 10:42:24.925 25281 25296 D dalvikvm: GC_FOR_ALLOC freed 219K, 5% free 10248K/10759K, paused 29ms
06-11 10:42:24.948   142   918 I ActivityManager: Process com.google.android.apps.genie.geniewidget (pid 24920) has died.
06-11 10:42:25.159 25281 25283 D dalvikvm: GC_CONCURRENT freed 376K, 5% free 10440K/10887K, paused 2ms+3ms
06-11 10:42:25.343 23908 23910 D dalvikvm: GC_CONCURRENT freed 434K, 10% free 10466K/11527K, paused 4ms+6ms
06-11 10:42:25.452 25281 25283 D dalvikvm: GC_CONCURRENT freed 159K, 3% free 10849K/11079K, paused 2ms+6ms
06-11 10:42:25.675 25281 25283 D dalvikvm: GC_CONCURRENT freed 539K, 6% free 10981K/11591K, paused 2ms+3ms
06-11 10:42:25.882 25281 25283 D dalvikvm: GC_CONCURRENT freed 314K, 4% free 11334K/11719K, paused 2ms+3ms
06-11 10:42:26.132 23908 23910 D dalvikvm: GC_CONCURRENT freed 447K, 10% free 10438K/11527K, paused 6ms+2ms
06-11 10:42:26.460 23908 23910 D dalvikvm: GC_CONCURRENT freed 351K, 10% free 10475K/11527K, paused 2ms+3ms
06-11 10:42:26.577 23908 23910 D dalvikvm: GC_CONCURRENT freed 354K, 9% free 10564K/11527K, paused 1ms+2ms
06-11 10:42:26.921 23908 23910 D dalvikvm: GC_CONCURRENT freed 407K, 9% free 10553K/11527K, paused 2ms+2ms
06-11 10:42:27.320 23908 23910 D dalvikvm: GC_CONCURRENT freed 507K, 10% free 10434K/11527K, paused 5ms+2ms
06-11 10:42:27.570 25281 25283 D dalvikvm: GC_CONCURRENT freed 663K, 7% free 11370K/12167K, paused 5ms+3ms
06-11 10:42:27.628 23908 23910 D dalvikvm: GC_CONCURRENT freed 374K, 10% free 10451K/11527K, paused 2ms+3ms
06-11 10:42:27.823 23908 23910 D dalvikvm: GC_CONCURRENT freed 403K, 10% free 10451K/11527K, paused 2ms+6ms
06-11 10:42:28.031 23908 23910 D dalvikvm: GC_CONCURRENT freed 392K, 10% free 10446K/11527K, paused 2ms+3ms
06-11 10:42:28.206 23908 23910 D dalvikvm: GC_CONCURRENT freed 292K, 8% free 10627K/11527K, paused 2ms+2ms
06-11 10:42:28.456 23908 23910 D dalvikvm: GC_CONCURRENT freed 498K, 9% free 10540K/11527K, paused 1ms+2ms
06-11 10:42:28.753 23908 23910 D dalvikvm: GC_CONCURRENT freed 358K, 9% free 10583K/11527K, paused 2ms+3ms
06-11 10:42:28.929 23908 23910 D dalvikvm: GC_CONCURRENT freed 523K, 10% free 10457K/11527K, paused 2ms+2ms
06-11 10:42:29.191 23908 23910 D dalvikvm: GC_CONCURRENT freed 443K, 10% free 10431K/11527K, paused 2ms+3ms
06-11 10:42:29.402 23908 23910 D dalvikvm: GC_CONCURRENT freed 404K, 10% free 10468K/11527K, paused 2ms+2ms
06-11 10:42:29.605 23908 23910 D dalvikvm: GC_CONCURRENT freed 410K, 10% free 10448K/11527K, paused 2ms+3ms
06-11 10:42:29.804 23908 23910 D dalvikvm: GC_CONCURRENT freed 386K, 10% free 10452K/11527K, paused 2ms+3ms
06-11 10:42:30.015 23908 23910 D dalvikvm: GC_CONCURRENT freed 386K, 10% free 10458K/11527K, paused 2ms+12ms
06-11 10:42:30.066 24628 24629 D dalvikvm: GC_CONCURRENT freed 933K, 9% free 11998K/13063K, paused 2ms+4ms
06-11 10:42:30.394 23908 23910 D dalvikvm: GC_CONCURRENT freed 403K, 10% free 10441K/11527K, paused 2ms+3ms
06-11 10:42:30.566 23908 23910 D dalvikvm: GC_CONCURRENT freed 276K, 9% free 10557K/11527K, paused 2ms+3ms
06-11 10:42:30.788 23908 23910 D dalvikvm: GC_CONCURRENT freed 405K, 9% free 10541K/11527K, paused 1ms+4ms
06-11 10:42:31.097 23908 23910 D dalvikvm: GC_CONCURRENT freed 527K, 10% free 10447K/11527K, paused 2ms+4ms
06-11 10:42:31.374 23908 23910 D dalvikvm: GC_CONCURRENT freed 406K, 9% free 10495K/11527K, paused 2ms+5ms
06-11 10:42:31.613 23908 23910 D dalvikvm: GC_CONCURRENT freed 428K, 10% free 10462K/11527K, paused 2ms+2ms
06-11 10:42:31.784 23908 23910 D dalvikvm: GC_CONCURRENT freed 383K, 10% free 10467K/11527K, paused 2ms+2ms
06-11 10:42:32.011 23908 23910 D dalvikvm: GC_CONCURRENT freed 409K, 10% free 10445K/11527K, paused 1ms+3ms
06-11 10:42:32.202 23908 23910 D dalvikvm: GC_CONCURRENT freed 382K, 10% free 10451K/11527K, paused 2ms+3ms
06-11 10:42:32.425 23908 23910 D dalvikvm: GC_CONCURRENT freed 336K, 8% free 10615K/11527K, paused 2ms+3ms
06-11 10:42:32.683 23908 23910 D dalvikvm: GC_CONCURRENT freed 480K, 9% free 10543K/11527K, paused 1ms+3ms
06-11 10:42:32.960 23908 23910 D dalvikvm: GC_CONCURRENT freed 498K, 10% free 10435K/11527K, paused 2ms+4ms
06-11 10:42:33.214 23908 23910 D dalvikvm: GC_CONCURRENT freed 392K, 10% free 10444K/11527K, paused 2ms+3ms
06-11 10:42:33.413 23908 23910 D dalvikvm: GC_CONCURRENT freed 338K, 9% free 10496K/11527K, paused 2ms+3ms
06-11 10:42:33.675 23908 23910 D dalvikvm: GC_CONCURRENT freed 434K, 10% free 10454K/11527K, paused 3ms+3ms
06-11 10:42:33.890 24628 24629 D dalvikvm: GC_CONCURRENT freed 859K, 9% free 12012K/13063K, paused 2ms+5ms
06-11 10:42:34.011 23908 23910 D dalvikvm: GC_CONCURRENT freed 450K, 10% free 10488K/11527K, paused 2ms+4ms
06-11 10:42:34.296 23908 23910 D dalvikvm: GC_CONCURRENT freed 354K, 9% free 10520K/11527K, paused 2ms+2ms
06-11 10:42:34.644 23908 23910 D dalvikvm: GC_CONCURRENT freed 470K, 10% free 10443K/11527K, paused 2ms+3ms
06-11 10:42:34.906 23908 23910 D dalvikvm: GC_CONCURRENT freed 340K, 9% free 10492K/11527K, paused 2ms+6ms
06-11 10:42:35.089 24628 24629 D dalvikvm: GC_CONCURRENT freed 804K, 7% free 12172K/13063K, paused 10ms+3ms
06-11 10:42:35.152 23908 23910 D dalvikvm: GC_CONCURRENT freed 389K, 9% free 10496K/11527K, paused 2ms+3ms
06-11 10:42:35.464 23908 23910 D dalvikvm: GC_CONCURRENT freed 441K, 10% free 10451K/11527K, paused 2ms+3ms
06-11 10:42:35.687 23908 23910 D dalvikvm: GC_CONCURRENT freed 400K, 10% free 10438K/11527K, paused 2ms+3ms
06-11 10:42:35.948 23908 23910 D dalvikvm: GC_CONCURRENT freed 399K, 10% free 10439K/11527K, paused 2ms+3ms
06-11 10:42:36.159 23908 23910 D dalvikvm: GC_CONCURRENT freed 379K, 10% free 10451K/11527K, paused 2ms+5ms
06-11 10:42:36.374 23908 23910 D dalvikvm: GC_CONCURRENT freed 426K, 10% free 10444K/11527K, paused 2ms+2ms
06-11 10:42:36.562 23908 23910 D dalvikvm: GC_CONCURRENT freed 374K, 9% free 10539K/11527K, paused 2ms+3ms
06-11 10:42:36.906 23908 23910 D dalvikvm: GC_CONCURRENT freed 422K, 9% free 10509K/11527K, paused 2ms+3ms
06-11 10:42:37.253 23908 23910 D dalvikvm: GC_CONCURRENT freed 437K, 10% free 10459K/11527K, paused 2ms+9ms
06-11 10:42:37.484 23908 23910 D dalvikvm: GC_CONCURRENT freed 401K, 9% free 10547K/11527K, paused 2ms+5ms
06-11 10:42:37.671 23908 23910 D dalvikvm: GC_CONCURRENT freed 397K, 9% free 10538K/11527K, paused 2ms+4ms
06-11 10:42:37.972 23908 23910 D dalvikvm: GC_CONCURRENT freed 362K, 9% free 10567K/11527K, paused 2ms+3ms
06-11 10:42:38.116 24628 24629 D dalvikvm: GC_CONCURRENT freed 873K, 8% free 12295K/13255K, paused 4ms+6ms
06-11 10:42:38.308 23908 23910 D dalvikvm: GC_CONCURRENT freed 523K, 10% free 10440K/11527K, paused 2ms+3ms
06-11 10:42:38.851 24628 25277 D dalvikvm: GC_FOR_ALLOC freed 129K, 7% free 12566K/13447K, paused 52ms
06-11 10:42:38.913 24628 25277 D dalvikvm: GC_FOR_ALLOC freed 341K, 10% free 12555K/13831K, paused 46ms
06-11 10:42:38.917 24628 25277 I dalvikvm-heap: Grow heap (frag case) to 12.653MB for 338728-byte allocation
06-11 10:42:38.968 24628 25277 D dalvikvm: GC_FOR_ALLOC freed 0K, 10% free 12886K/14215K, paused 47ms
06-11 10:42:39.999   142   917 D dalvikvm: GC_EXPLICIT freed 1145K, 17% free 17685K/21191K, paused 18ms+10ms
06-11 10:42:40.413 23908 23910 D dalvikvm: GC_CONCURRENT freed 386K, 10% free 10444K/11527K, paused 2ms+3ms
06-11 10:42:40.456 24628 24629 D dalvikvm: GC_CONCURRENT freed 791K, 7% free 13310K/14215K, paused 11ms+3ms
06-11 10:42:40.695 23908 23910 D dalvikvm: GC_CONCURRENT freed 358K, 10% free 10486K/11527K, paused 3ms+11ms
06-11 10:42:41.152 23908 23910 D dalvikvm: GC_CONCURRENT freed 438K, 10% free 10438K/11527K, paused 2ms+3ms
06-11 10:42:41.456 23908 23910 D dalvikvm: GC_CONCURRENT freed 335K, 9% free 10494K/11527K, paused 2ms+6ms
06-11 10:42:42.038 23908 23910 D dalvikvm: GC_CONCURRENT freed 444K, 10% free 10452K/11527K, paused 2ms+4ms
06-11 10:42:42.448 23908 23910 D dalvikvm: GC_CONCURRENT freed 399K, 10% free 10459K/11527K, paused 2ms+2ms
06-11 10:42:42.902 23908 23910 D dalvikvm: GC_CONCURRENT freed 409K, 10% free 10461K/11527K, paused 2ms+2ms
06-11 10:42:43.288 23908 23910 D dalvikvm: GC_CONCURRENT freed 402K, 10% free 10449K/11527K, paused 6ms+6ms
06-11 10:42:43.640 23908 23910 D dalvikvm: GC_CONCURRENT freed 390K, 10% free 10451K/11527K, paused 2ms+4ms
06-11 10:42:43.933 23908 23910 D dalvikvm: GC_CONCURRENT freed 373K, 10% free 10467K/11527K, paused 2ms+3ms
06-11 10:42:44.359 23908 23910 D dalvikvm: GC_CONCURRENT freed 427K, 10% free 10443K/11527K, paused 2ms+7ms
06-11 10:42:44.605 23908 23910 D dalvikvm: GC_CONCURRENT freed 301K, 9% free 10581K/11527K, paused 2ms+10ms
06-11 10:42:44.656 24628 24629 D dalvikvm: GC_CONCURRENT freed 1269K, 10% free 13393K/14791K, paused 9ms+6ms
06-11 10:42:44.855   142   422 I ActivityManager: Process com.twitter.android (pid 24290) has died.
06-11 10:42:45.093 23908 23910 D dalvikvm: GC_CONCURRENT freed 417K, 9% free 10567K/11527K, paused 2ms+2ms
06-11 10:42:45.757 23908 23910 D dalvikvm: GC_CONCURRENT freed 356K, 9% free 10605K/11527K, paused 2ms+3ms
06-11 10:42:46.124 23908 23910 D dalvikvm: GC_CONCURRENT freed 532K, 10% free 10480K/11527K, paused 3ms+3ms
06-11 10:42:46.452 23908 23910 D dalvikvm: GC_CONCURRENT freed 409K, 10% free 10464K/11527K, paused 2ms+3ms
06-11 10:42:46.839 23908 23910 D dalvikvm: GC_CONCURRENT freed 412K, 10% free 10442K/11527K, paused 1ms+7ms
06-11 10:42:47.097 23908 23910 D dalvikvm: GC_CONCURRENT freed 337K, 9% free 10549K/11527K, paused 6ms+8ms
06-11 10:42:47.562 23908 23910 D dalvikvm: GC_CONCURRENT freed 436K, 9% free 10505K/11527K, paused 2ms+2ms
06-11 10:42:47.913 23908 23910 D dalvikvm: GC_CONCURRENT freed 454K, 10% free 10442K/11527K, paused 2ms+3ms
06-11 10:42:48.265 23908 23910 D dalvikvm: GC_CONCURRENT freed 391K, 10% free 10436K/11527K, paused 2ms+3ms
06-11 10:42:48.605 23908 23910 D dalvikvm: GC_CONCURRENT freed 381K, 10% free 10470K/11527K, paused 1ms+2ms
06-11 10:42:49.085 23908 23910 D dalvikvm: GC_CONCURRENT freed 425K, 10% free 10442K/11527K, paused 2ms+5ms
06-11 10:42:49.308 23908 23910 D dalvikvm: GC_CONCURRENT freed 389K, 10% free 10458K/11527K, paused 6ms+3ms
06-11 10:42:49.468 24628 24629 D dalvikvm: GC_CONCURRENT freed 2041K, 15% free 12749K/14919K, paused 3ms+3ms
06-11 10:42:49.632 23908 23910 D dalvikvm: GC_CONCURRENT freed 408K, 10% free 10448K/11527K, paused 2ms+3ms
06-11 10:42:50.003 23908 23910 D dalvikvm: GC_CONCURRENT freed 395K, 10% free 10443K/11527K, paused 1ms+3ms
06-11 10:42:50.648 23908 23910 D dalvikvm: GC_CONCURRENT freed 398K, 10% free 10451K/11527K, paused 2ms+6ms
06-11 10:42:51.050 23908 23910 D dalvikvm: GC_CONCURRENT freed 403K, 10% free 10457K/11527K, paused 2ms+3ms
06-11 10:42:51.296 23908 23910 D dalvikvm: GC_CONCURRENT freed 409K, 10% free 10442K/11527K, paused 1ms+3ms
06-11 10:42:51.581 23908 23910 D dalvikvm: GC_CONCURRENT freed 391K, 10% free 10447K/11527K, paused 5ms+4ms
06-11 10:42:51.839 23908 23910 D dalvikvm: GC_CONCURRENT freed 393K, 10% free 10447K/11527K, paused 2ms+2ms
06-11 10:42:52.023 23908 23910 D dalvikvm: GC_CONCURRENT freed 358K, 10% free 10477K/11527K, paused 1ms+3ms
06-11 10:42:52.284 23908 23910 D dalvikvm: GC_CONCURRENT freed 382K, 9% free 10557K/11527K, paused 2ms+3ms
06-11 10:42:52.468 23908 23910 D dalvikvm: GC_CONCURRENT freed 500K, 10% free 10460K/11527K, paused 7ms+3ms
06-11 10:42:52.663 23908 23910 D dalvikvm: GC_CONCURRENT freed 389K, 10% free 10468K/11527K, paused 2ms+4ms
06-11 10:42:52.847 23908 23910 D dalvikvm: GC_CONCURRENT freed 414K, 10% free 10444K/11527K, paused 2ms+3ms
06-11 10:42:53.046 23908 23910 D dalvikvm: GC_CONCURRENT freed 373K, 10% free 10464K/11527K, paused 2ms+2ms
06-11 10:42:53.417 23908 23910 D dalvikvm: GC_CONCURRENT freed 442K, 10% free 10441K/11527K, paused 4ms+4ms
06-11 10:42:53.738 23908 23910 D dalvikvm: GC_CONCURRENT freed 384K, 10% free 10446K/11527K, paused 2ms+3ms
06-11 10:42:53.913 23908 23910 D dalvikvm: GC_CONCURRENT freed 381K, 10% free 10453K/11527K, paused 2ms+2ms
06-11 10:42:54.140 23908 23910 D dalvikvm: GC_CONCURRENT freed 389K, 10% free 10451K/11527K, paused 2ms+3ms
06-11 10:42:54.355 23908 23910 D dalvikvm: GC_CONCURRENT freed 405K, 10% free 10445K/11527K, paused 4ms+4ms
06-11 10:42:54.573 23908 23910 D dalvikvm: GC_CONCURRENT freed 406K, 10% free 10437K/11527K, paused 2ms+8ms
06-11 10:42:54.738 23908 23910 D dalvikvm: GC_CONCURRENT freed 343K, 9% free 10496K/11527K, paused 2ms+5ms
06-11 10:42:54.769 23908 25262 D dalvikvm: GC_FOR_ALLOC freed 202K, 8% free 10614K/11527K, paused 28ms
06-11 10:42:54.968 23908 23910 D dalvikvm: GC_CONCURRENT freed 454K, 9% free 10572K/11527K, paused 2ms+4ms
06-11 10:42:55.241 23908 23910 D dalvikvm: GC_CONCURRENT freed 374K, 9% free 10594K/11527K, paused 2ms+2ms
06-11 10:42:55.511 23908 23910 D dalvikvm: GC_CONCURRENT freed 360K, 8% free 10638K/11527K, paused 5ms+2ms
06-11 10:42:55.804 23908 23910 D dalvikvm: GC_CONCURRENT freed 351K, 7% free 10736K/11527K, paused 1ms+3ms
06-11 10:42:56.034 23908 23910 D dalvikvm: GC_CONCURRENT freed 731K, 10% free 10453K/11527K, paused 2ms+3ms
06-11 10:42:56.234 23908 23910 D dalvikvm: GC_CONCURRENT freed 386K, 10% free 10456K/11527K, paused 2ms+3ms
06-11 10:42:56.460 23908 23910 D dalvikvm: GC_CONCURRENT freed 423K, 10% free 10443K/11527K, paused 2ms+3ms
06-11 10:42:56.702 23908 23910 D dalvikvm: GC_CONCURRENT freed 378K, 9% free 10490K/11527K, paused 4ms+3ms
06-11 10:42:56.909 23908 23910 D dalvikvm: GC_CONCURRENT freed 418K, 10% free 10464K/11527K, paused 1ms+5ms
06-11 10:42:57.218 23908 23910 D dalvikvm: GC_CONCURRENT freed 411K, 10% free 10441K/11527K, paused 2ms+5ms
06-11 10:42:57.281 24628 24629 D dalvikvm: GC_CONCURRENT freed 1646K, 19% free 12233K/14919K, paused 4ms+4ms
06-11 10:42:57.445 24238 24240 D dalvikvm: GC_CONCURRENT freed 340K, 5% free 9840K/10311K, paused 2ms+8ms
06-11 10:42:57.523 23908 23910 D dalvikvm: GC_CONCURRENT freed 388K, 10% free 10450K/11527K, paused 1ms+3ms
06-11 10:42:57.753 23908 23910 D dalvikvm: GC_CONCURRENT freed 395K, 10% free 10445K/11527K, paused 2ms+6ms
06-11 10:42:57.991 23908 23910 D dalvikvm: GC_CONCURRENT freed 395K, 10% free 10442K/11527K, paused 2ms+7ms
06-11 10:42:58.218 23908 23910 D dalvikvm: GC_CONCURRENT freed 390K, 10% free 10440K/11527K, paused 2ms+3ms
06-11 10:42:58.452 23908 23910 D dalvikvm: GC_CONCURRENT freed 354K, 10% free 10473K/11527K, paused 5ms+6ms
06-11 10:42:58.718 23908 23910 D dalvikvm: GC_CONCURRENT freed 424K, 10% free 10448K/11527K, paused 2ms+3ms
06-11 10:42:58.988 23908 23910 D dalvikvm: GC_CONCURRENT freed 388K, 10% free 10468K/11527K, paused 2ms+8ms
06-11 10:42:59.167 23908 23910 D dalvikvm: GC_CONCURRENT freed 369K, 9% free 10536K/11527K, paused 2ms+2ms
06-11 10:42:59.413 23908 23910 D dalvikvm: GC_CONCURRENT freed 399K, 9% free 10542K/11527K, paused 1ms+3ms
06-11 10:42:59.765 23908 23910 D dalvikvm: GC_CONCURRENT freed 364K, 9% free 10564K/11527K, paused 2ms+3ms
06-11 10:42:59.960 24628 25306 D dalvikvm: GC_EXPLICIT freed 285K, 19% free 12180K/14919K, paused 5ms+3ms
06-11 10:42:59.968 23908 23910 D dalvikvm: GC_CONCURRENT freed 495K, 10% free 10462K/11527K, paused 2ms+3ms
06-11 10:43:00.331 23908 23910 D dalvikvm: GC_CONCURRENT freed 428K, 10% free 10436K/11527K, paused 3ms+7ms
06-11 10:43:00.581 23908 23910 D dalvikvm: GC_CONCURRENT freed 385K, 10% free 10445K/11527K, paused 2ms+3ms
06-11 10:43:00.808 23908 23910 D dalvikvm: GC_CONCURRENT freed 395K, 10% free 10460K/11527K, paused 2ms+3ms
06-11 10:43:01.031 23908 23910 D dalvikvm: GC_CONCURRENT freed 399K, 10% free 10448K/11527K, paused 9ms+7ms
06-11 10:43:01.273 23908 23910 D dalvikvm: GC_CONCURRENT freed 378K, 9% free 10501K/11527K, paused 2ms+3ms
06-11 10:43:01.515 23908 23910 D dalvikvm: GC_CONCURRENT freed 463K, 10% free 10447K/11527K, paused 2ms+5ms
06-11 10:43:01.730 23908 23910 D dalvikvm: GC_CONCURRENT freed 385K, 10% free 10453K/11527K, paused 1ms+3ms
06-11 10:43:03.316 24238 24262 D dalvikvm: GC_EXPLICIT freed 365K, 5% free 9812K/10311K, paused 2ms+26ms
06-11 10:43:06.265 25231 25233 D dalvikvm: GC_CONCURRENT freed 507K, 6% free 9875K/10503K, paused 23ms+3ms
06-11 10:43:06.425 23908 23910 D dalvikvm: GC_CONCURRENT freed 352K, 9% free 10492K/11527K, paused 7ms+3ms
06-11 10:43:07.167 23908 25262 W Gmail   : Successful index run, cancel next scheduled index run
06-11 10:43:07.847 25231 25233 D dalvikvm: GC_CONCURRENT freed 336K, 6% free 9924K/10503K, paused 14ms+2ms
06-11 10:43:09.956 25165 25167 D dalvikvm: GC_CONCURRENT freed 630K, 7% free 10345K/11079K, paused 7ms+5ms
06-11 10:43:34.011 24238 24240 D dalvikvm: GC_CONCURRENT freed 435K, 6% free 9808K/10375K, paused 2ms+3ms
06-11 10:43:53.488 23949 23962 I PhoneLab-: Service Running
06-11 10:43:53.597 23949 23962 I PhoneLab-LoggerService: app_38    1446  1     1436   988   c00f181c 400107b4 S logcat
06-11 10:43:53.597 23949 23962 I PhoneLab-LoggerService: Logcat pid from database 1446
06-11 10:43:53.601 23949 23962 I PhoneLab-LoggerService: Logcat process found 1446
06-11 10:43:53.601 23949 23962 I PhoneLab-LoggerService: Checking Threshold
06-11 10:43:53.601 23949 23962 I PhoneLab-LoggerService: Starting to rename files
06-11 10:43:53.605 23949 23962 I PhoneLab-LoggerService: Files found .. 2
06-11 10:44:09.999   142   368 D dalvikvm: GC_EXPLICIT freed 727K, 17% free 17666K/21191K, paused 3ms+9ms
06-11 10:44:10.120 22161 22162 D dalvikvm: GC_CONCURRENT freed 504K, 8% free 10254K/11079K, paused 16ms+14ms
06-11 10:44:27.531   142   172 I ActivityManager: Start proc com.twitter.android for service com.twitter.android/.client.AppService: pid=25323 uid=10068 gids={3003, 1015}
06-11 10:44:27.605 25323 25323 I dalvikvm: Turning on JNI app bug workarounds for target SDK version 11...
06-11 10:44:27.898 25323 25323 I ActivityThread: Pub com.twitter.android.provider.GlobalDatabaseProvider: com.twitter.android.provider.GlobalDatabaseProvider
06-11 10:44:27.925 25323 25323 I ActivityThread: Pub com.twitter.android.provider.TwitterProvider: com.twitter.android.provider.TwitterProvider
06-11 10:44:28.093 25323 25324 D dalvikvm: GC_CONCURRENT freed 219K, 4% free 9269K/9607K, paused 26ms+2ms
06-11 10:44:28.507 25323 25324 D dalvikvm: GC_CONCURRENT freed 181K, 4% free 9499K/9799K, paused 2ms+2ms
06-11 10:44:28.663 25323 25324 D dalvikvm: GC_CONCURRENT freed 297K, 5% free 9630K/10055K, paused 7ms+2ms
06-11 10:44:28.823 25323 25324 D dalvikvm: GC_CONCURRENT freed 316K, 5% free 9764K/10183K, paused 2ms+2ms
06-11 10:44:28.968 25323 25324 D dalvikvm: GC_CONCURRENT freed 309K, 5% free 9893K/10311K, paused 2ms+1ms
06-11 10:44:29.113 25323 25324 D dalvikvm: GC_CONCURRENT freed 306K, 4% free 10025K/10439K, paused 4ms+2ms
06-11 10:44:29.253 25323 25324 D dalvikvm: GC_CONCURRENT freed 297K, 4% free 10151K/10567K, paused 3ms+2ms
06-11 10:44:29.394 25323 25324 D dalvikvm: GC_CONCURRENT freed 294K, 4% free 10278K/10695K, paused 2ms+1ms
06-11 10:44:29.628 25323 25324 D dalvikvm: GC_CONCURRENT freed 479K, 6% free 10227K/10823K, paused 2ms+2ms
06-11 10:44:29.796 25323 25324 D dalvikvm: GC_CONCURRENT freed 327K, 5% free 10297K/10823K, paused 4ms+3ms
06-11 10:44:29.952 25323 25324 D dalvikvm: GC_CONCURRENT freed 317K, 5% free 10385K/10823K, paused 2ms+2ms
06-11 10:44:30.101 25323 25324 D dalvikvm: GC_CONCURRENT freed 372K, 5% free 10473K/10951K, paused 2ms+5ms
06-11 10:44:30.249 25323 25324 D dalvikvm: GC_CONCURRENT freed 348K, 5% free 10555K/11015K, paused 2ms+2ms
06-11 10:44:30.460 25323 25324 D dalvikvm: GC_CONCURRENT freed 326K, 5% free 10636K/11079K, paused 2ms+2ms
06-11 10:44:30.663 25323 25324 D dalvikvm: GC_CONCURRENT freed 368K, 5% free 10722K/11207K, paused 2ms+2ms
06-11 10:44:30.913 25323 25324 D dalvikvm: GC_CONCURRENT freed 402K, 5% free 10818K/11335K, paused 2ms+6ms
06-11 10:44:31.206   142   368 I ActivityManager: Process android.process.media (pid 22249) has died.
06-11 10:44:32.605 25323 25324 D dalvikvm: GC_CONCURRENT freed 337K, 5% free 11002K/11463K, paused 3ms+4ms
06-11 10:44:34.679   142   368 I ActivityManager: Process com.android.providers.calendar (pid 25127) has died.
06-11 10:44:34.718 25323 25324 D dalvikvm: GC_CONCURRENT freed 398K, 5% free 11193K/11719K, paused 2ms+10ms
06-11 10:45:00.941   142   174 I power   : *** set_screen_state 1
06-11 10:45:01.113   142   174 I WindowManager: Lock screen displayed!
06-11 10:45:01.175    79   118 D SurfaceFlinger: Screen about to return, flinger = 0x1e2b918
06-11 10:45:04.378    85    85 I keystore: uid: 1000 action: p -> 1 state: 1 -> 1 retry: 4
06-11 10:45:04.386   213   213 D PhoneStatusBar: disable: < expand* icons alerts ticker* system_info BACK HOME recent* CLOCK >
06-11 10:45:04.433   142   368 W InputManagerService: Window already focused, ignoring focus gain of: com.android.internal.view.IInputMethodClient$Stub$Proxy@418040a8
06-11 10:45:04.456   213   213 D PhoneStatusBar: disable: < expand icons alerts ticker system_info back* home* recent clock* >
06-11 10:45:04.894  4690  4693 D dalvikvm: GC_CONCURRENT freed 361K, 6% free 10634K/11271K, paused 7ms+6ms
06-11 10:45:05.331 24238 24240 D dalvikvm: GC_CONCURRENT freed 413K, 6% free 9830K/10375K, paused 3ms+4ms
06-11 10:45:08.187   142   921 I ActivityManager: START {act=android.intent.action.MAIN cat=[android.intent.category.LAUNCHER] flg=0x10200000 cmp=com.google.android.talk/.SigningInActivity bnds=[96,706][192,802]} from pid 374
06-11 10:45:08.195   374   377 D dalvikvm: GC_CONCURRENT freed 604K, 29% free 11396K/16007K, paused 12ms+13ms
06-11 10:45:08.394   142   153 I ActivityManager: Start proc com.google.android.talk for activity com.google.android.talk/.SigningInActivity: pid=25363 uid=10047 gids={3003, 1015, 1006, 3002}
06-11 10:45:08.663   374   374 D OpenGLRenderer: Flushing caches (mode 1)
06-11 10:45:08.722   142   366 I ActivityManager: Process com.android.calendar (pid 25096) has died.
06-11 10:45:08.753   374   374 D OpenGLRenderer: Flushing caches (mode 0)
06-11 10:45:08.777 25363 25363 I ActivityThread: Pub com.google.android.talk.SuggestionProvider: com.google.android.talk.SuggestionsProvider
06-11 10:45:08.956   142   158 I Process : Sending signal. PID: 25363 SIG: 3
06-11 10:45:08.956 25363 25367 I dalvikvm: threadid=3: reacting to signal 3
06-11 10:45:09.046 25363 25367 I dalvikvm: Wrote stack traces to '/data/anr/traces.txt'
06-11 10:45:09.179 25363 25365 D dalvikvm: GC_CONCURRENT freed 146K, 3% free 9338K/9607K, paused 38ms+3ms
06-11 10:45:09.179 25363 25363 D vclib:CallStateClient: startListening
06-11 10:45:09.441   142   602 I ActivityManager: Start proc android.process.media for content provider com.android.providers.media/.MediaProvider: pid=25385 uid=10012 gids={1015, 1023, 1024, 2001, 3003, 3007}
06-11 10:45:09.445   142   158 I Process : Sending signal. PID: 25363 SIG: 3
06-11 10:45:09.445 25363 25367 I dalvikvm: threadid=3: reacting to signal 3
06-11 10:45:09.484 25363 25367 I dalvikvm: Wrote stack traces to '/data/anr/traces.txt'
06-11 10:45:09.546    80    80 D dalvikvm: GC_EXPLICIT freed 38K, 4% free 9031K/9347K, paused 5ms+21ms
06-11 10:45:09.585    80    80 D dalvikvm: GC_EXPLICIT freed <1K, 4% free 9031K/9347K, paused 2ms+2ms
06-11 10:45:09.613    80    80 D dalvikvm: GC_EXPLICIT freed <1K, 4% free 9031K/9347K, paused 1ms+2ms
06-11 10:45:09.749 25385 25385 I ActivityThread: Pub downloads: com.android.providers.downloads.DownloadProvider
06-11 10:45:09.874 25385 25385 I ActivityThread: Pub drm: com.android.providers.drm.DrmProvider
06-11 10:45:09.874 25385 25400 I DownloadManager: in removeSpuriousFiles
06-11 10:45:09.921 25385 25400 I DownloadManager: in removeSpuriousFiles, preserving file /data/data/com.android.providers.downloads/cache/downloadfile-1.apk
06-11 10:45:09.925 25385 25400 I DownloadManager: deleting spurious file /cache/backup
06-11 10:45:09.933 25385 25385 I ActivityThread: Pub media: com.android.providers.media.MediaProvider
06-11 10:45:09.945   142   158 I Process : Sending signal. PID: 25363 SIG: 3
06-11 10:45:09.945 25363 25367 I dalvikvm: threadid=3: reacting to signal 3
06-11 10:45:09.972 25363 25365 D dalvikvm: GC_CONCURRENT freed 258K, 4% free 9483K/9863K, paused 31ms+7ms
06-11 10:45:09.976 25363 25367 I dalvikvm: Wrote stack traces to '/data/anr/traces.txt'
06-11 10:45:10.085 25363 25363 D vclib:CallStateClient: startListening
06-11 10:45:10.210 25363 25363 D libEGL  : loaded /system/lib/egl/libGLES_android.so
06-11 10:45:10.226 25363 25363 D libEGL  : loaded /vendor/lib/egl/libEGL_POWERVR_SGX540_120.so
06-11 10:45:10.269 25363 25363 D libEGL  : loaded /vendor/lib/egl/libGLESv1_CM_POWERVR_SGX540_120.so
06-11 10:45:10.273 25363 25363 D libEGL  : loaded /vendor/lib/egl/libGLESv2_POWERVR_SGX540_120.so
06-11 10:45:10.316 25165 25167 D dalvikvm: GC_CONCURRENT freed 509K, 7% free 10348K/11079K, paused 17ms+2ms
06-11 10:45:10.441 25363 25363 D OpenGLRenderer: Enabling debug mode 0
06-11 10:45:10.445   142   158 I Process : Sending signal. PID: 25363 SIG: 3
06-11 10:45:10.445 25363 25367 I dalvikvm: threadid=3: reacting to signal 3
06-11 10:45:10.484 25363 25367 I dalvikvm: Wrote stack traces to '/data/anr/traces.txt'
06-11 10:45:10.531 25363 25404 E talk    : [Databaseutils] pruneOldMessageHistory
06-11 10:45:10.542 25385 25387 D dalvikvm: GC_CONCURRENT freed 363K, 5% free 9173K/9607K, paused 3ms+8ms
06-11 10:45:10.749   142   173 I ActivityManager: Displayed com.google.android.talk/.SigningInActivity: +2s518ms
06-11 10:45:11.136 22161 22162 D dalvikvm: GC_CONCURRENT freed 478K, 8% free 10236K/11079K, paused 123ms+2ms
06-11 10:45:11.511   142   153 I ActivityManager: Process com.google.android.apps.maps:FriendService (pid 25186) has died.
06-11 10:45:11.616 25363 25363 D vclib:CallStateClient: stopListening
06-11 10:45:11.616 25363 25363 D vclib:CallStateClient: startListening
06-11 10:45:11.788 25363 25365 D dalvikvm: GC_CONCURRENT freed 253K, 4% free 9720K/10055K, paused 3ms+6ms
06-11 10:45:12.023 25363 25365 D dalvikvm: GC_CONCURRENT freed 122K, 3% free 10061K/10311K, paused 2ms+3ms
06-11 10:45:13.831 25363 25365 D dalvikvm: GC_CONCURRENT freed 214K, 4% free 10299K/10631K, paused 2ms+4ms
06-11 10:45:17.499 25363 25365 D dalvikvm: GC_CONCURRENT freed 162K, 3% free 10530K/10823K, paused 5ms+4ms
06-11 10:45:20.031   142   170 I power   : *** set_screen_state 0
06-11 10:45:20.101    79   118 D SurfaceFlinger: About to give-up screen, flinger = 0x1e2b918
06-11 10:45:20.128 25363 25363 D vclib:CallStateClient: stopListening
06-11 10:45:20.167   142   174 V TransportControlView: Create TCV com.android.internal.widget.TransportControlView@41967838
06-11 10:45:20.273   213   213 D PhoneStatusBar: disable: < EXPAND* icons alerts TICKER* system_info back home RECENT* clock >
06-11 10:45:20.300   213   213 D PhoneStatusBar: disable: < EXPAND icons alerts TICKER system_info BACK* HOME* RECENT CLOCK* >
06-11 10:45:20.421   142   174 D dalvikvm: JIT code cache reset in 4 ms (1048448 bytes 17/0)
06-11 10:45:20.445   142   174 D dalvikvm: GC_FOR_ALLOC freed 2123K, 19% free 17231K/21191K, paused 85ms
06-11 10:45:26.480   142   174 I power   : *** set_screen_state 1
06-11 10:45:26.628   142   174 I WindowManager: Lock screen displayed!
06-11 10:45:26.687    79   118 D SurfaceFlinger: Screen about to return, flinger = 0x1e2b918
06-11 10:45:26.718 25363 25363 D vclib:CallStateClient: startListening
06-11 10:45:26.800 25363 25417 E talk    : [Databaseutils] pruneOldMessageHistory
06-11 10:45:27.230   142   154 I ActivityManager: Process com.google.android.gm (pid 23908) has died.
06-11 10:45:27.546 25363 25363 D vclib:CallStateClient: stopListening
06-11 10:45:27.550 25363 25363 D vclib:CallStateClient: startListening
06-11 10:45:27.652 25363 25365 D dalvikvm: GC_CONCURRENT freed 378K, 5% free 10643K/11143K, paused 2ms+9ms
06-11 10:45:27.831 25363 25365 D dalvikvm: GC_CONCURRENT freed 405K, 5% free 10683K/11207K, paused 2ms+4ms
06-11 10:45:27.948  4690 16121 D dalvikvm: GC_EXPLICIT freed 417K, 6% free 10620K/11271K, paused 2ms+17ms
06-11 10:45:29.214    85    85 I keystore: uid: 1000 action: p -> 1 state: 1 -> 1 retry: 4
06-11 10:45:29.230   213   213 D PhoneStatusBar: disable: < expand* icons alerts ticker* system_info BACK HOME recent* CLOCK >
06-11 10:45:29.273   142   918 W InputManagerService: Window already focused, ignoring focus gain of: com.android.internal.view.IInputMethodClient$Stub$Proxy@418a0750
06-11 10:45:29.300   213   213 D PhoneStatusBar: disable: < expand icons alerts ticker system_info back* home* recent clock* >
06-11 10:45:32.093   142   602 W InputManagerService: Starting input on non-focused client com.android.internal.view.IInputMethodClient$Stub$Proxy@41807118 (uid=10047 pid=25363)
06-11 10:45:32.179 25363 25363 D OpenGLRenderer: Flushing caches (mode 0)
06-11 10:45:33.808 25363 25363 D OpenGLRenderer: Flushing caches (mode 1)
06-11 10:45:33.839 25363 25363 D vclib:CallStateClient: stopListening
06-11 10:45:33.917   142   154 I ActivityManager: START {act=android.intent.action.MAIN cat=[android.intent.category.LAUNCHER] flg=0x10200000 cmp=com.android.vending/.AssetBrowserActivity bnds=[0,556][120,706]} from pid 374
06-11 10:45:34.027   142 12773 I ActivityManager: Start proc com.android.vending for activity com.android.vending/.AssetBrowserActivity: pid=25424 uid=10048 gids={3003, 1015}
06-11 10:45:34.265   374   374 D OpenGLRenderer: Flushing caches (mode 1)
06-11 10:45:34.284   374   374 D OpenGLRenderer: Flushing caches (mode 0)
06-11 10:45:34.312 25424 25424 I ActivityThread: Pub com.google.android.finsky.QSBSuggestionsProvider: com.google.android.finsky.providers.QSBSuggestionsProvider
06-11 10:45:34.335 25424 25424 I ActivityThread: Pub com.google.android.finsky.AppIconProvider: com.google.android.finsky.providers.AppIconProvider
06-11 10:45:34.339 25424 25424 I ActivityThread: Pub com.google.android.finsky.RecentSuggestionsProvider: com.google.android.finsky.providers.RecentSuggestionsProvider
06-11 10:45:34.573   142   158 I Process : Sending signal. PID: 25424 SIG: 3
06-11 10:45:34.581 25424 25429 I dalvikvm: threadid=3: reacting to signal 3
06-11 10:45:34.609 25424 25429 I dalvikvm: Wrote stack traces to '/data/anr/traces.txt'
06-11 10:45:34.640 25424 25427 D dalvikvm: GC_CONCURRENT freed 205K, 4% free 9278K/9607K, paused 3ms+6ms
06-11 10:45:34.831 25424 25427 D dalvikvm: GC_CONCURRENT freed 354K, 5% free 9438K/9863K, paused 2ms+3ms
06-11 10:45:34.839 25424 25424 D Finsky  : [1] DailyHygiene.goMakeHygieneIfDirty: No need to run daily hygiene.
06-11 10:45:35.073   142   158 I Process : Sending signal. PID: 25424 SIG: 3
06-11 10:45:35.073 25424 25429 I dalvikvm: threadid=3: reacting to signal 3
06-11 10:45:35.097 25424 25427 D dalvikvm: GC_CONCURRENT freed 433K, 6% free 9548K/10055K, paused 4ms+3ms
06-11 10:45:35.101 25424 25429 I dalvikvm: Wrote stack traces to '/data/anr/traces.txt'
06-11 10:45:35.421 25424 25427 D dalvikvm: GC_CONCURRENT freed 334K, 5% free 9714K/10183K, paused 2ms+8ms
06-11 10:45:35.558   142   370 D dalvikvm: GC_EXPLICIT freed 1732K, 20% free 17003K/21191K, paused 7ms+11ms
06-11 10:45:35.573   142   158 I Process : Sending signal. PID: 25424 SIG: 3
06-11 10:45:35.577 25424 25429 I dalvikvm: threadid=3: reacting to signal 3
06-11 10:45:35.640 25424 25429 I dalvikvm: Wrote stack traces to '/data/anr/traces.txt'
06-11 10:45:35.843 25424 25427 D dalvikvm: GC_CONCURRENT freed 412K, 5% free 9815K/10311K, paused 7ms+3ms
06-11 10:45:36.050 25424 25427 D dalvikvm: GC_CONCURRENT freed 188K, 4% free 10105K/10439K, paused 4ms+3ms
06-11 10:45:36.073   142   158 I Process : Sending signal. PID: 25424 SIG: 3
06-11 10:45:36.073 25424 25429 I dalvikvm: threadid=3: reacting to signal 3
06-11 10:45:36.105 25424 25429 I dalvikvm: Wrote stack traces to '/data/anr/traces.txt'
06-11 10:45:36.304 25424 25427 D dalvikvm: GC_CONCURRENT freed 47K, 2% free 10572K/10695K, paused 2ms+6ms
06-11 10:45:36.347 25424 25424 D Finsky  : [1] DetailsDataBasedFragment.rebindViews: Page [class=DetailsFragment] loaded in [1125 ms] (partial? false)
06-11 10:45:36.472 25424 25424 D Finsky  : [1] 1.onPostExecute: Attempt recovery of content://downloads/my_downloads/107 200
06-11 10:45:36.472 25424 25424 D Finsky  : [1] 1.onPostExecute: Releasing content://downloads/my_downloads/107 200
06-11 10:45:36.484 25424 25424 D Finsky  : [1] 2.run: Loaded library for account: [JtI6dlYpn2C-CMu_fZTfqcPsfoA]
06-11 10:45:36.484 25424 25424 D Finsky  : [1] 2.run: Finished loading 1 libraries.
06-11 10:45:36.577   142   158 I Process : Sending signal. PID: 25424 SIG: 3
06-11 10:45:36.577 25424 25429 I dalvikvm: threadid=3: reacting to signal 3
06-11 10:45:36.609 25424 25429 I dalvikvm: Wrote stack traces to '/data/anr/traces.txt'
06-11 10:45:36.640 25424 25427 D dalvikvm: GC_CONCURRENT freed 410K, 5% free 10703K/11207K, paused 3ms+10ms
06-11 10:45:36.960 25424 25427 D dalvikvm: GC_CONCURRENT freed 254K, 4% free 10961K/11335K, paused 2ms+4ms
06-11 10:45:37.077   142   158 I Process : Sending signal. PID: 25424 SIG: 3
06-11 10:45:37.077 25424 25429 I dalvikvm: threadid=3: reacting to signal 3
06-11 10:45:37.116 25424 25444 D dalvikvm: GC_FOR_ALLOC freed 336K, 4% free 11145K/11591K, paused 32ms
06-11 10:45:37.128 25424 25429 I dalvikvm: Wrote stack traces to '/data/anr/traces.txt'
06-11 10:45:37.159 25424 25424 D Finsky  : [1] DetailsDataBasedFragment.rebindViews: Page [class=DetailsFragment] loaded in [1938 ms] (partial? true)
06-11 10:45:37.269 25424 25444 D dalvikvm: GC_FOR_ALLOC freed 216K, 4% free 11376K/11783K, paused 30ms
06-11 10:45:37.406 25424 25444 D dalvikvm: GC_FOR_ALLOC freed 131K, 4% free 11876K/12295K, paused 32ms
06-11 10:45:37.577   142   158 I Process : Sending signal. PID: 25424 SIG: 3
06-11 10:45:37.577 25424 25429 I dalvikvm: threadid=3: reacting to signal 3
06-11 10:45:37.624 25424 25429 I dalvikvm: Wrote stack traces to '/data/anr/traces.txt'
06-11 10:45:37.777 25424 25427 D dalvikvm: GC_CONCURRENT freed 218K, 3% free 12644K/12935K, paused 12ms+10ms
06-11 10:45:37.863 25424 25424 D libEGL  : loaded /system/lib/egl/libGLES_android.so
06-11 10:45:37.874 25424 25424 D libEGL  : loaded /vendor/lib/egl/libEGL_POWERVR_SGX540_120.so
06-11 10:45:37.886 25424 25424 D libEGL  : loaded /vendor/lib/egl/libGLESv1_CM_POWERVR_SGX540_120.so
06-11 10:45:37.890 25424 25424 D libEGL  : loaded /vendor/lib/egl/libGLESv2_POWERVR_SGX540_120.so
06-11 10:45:37.988 25424 25424 D OpenGLRenderer: Enabling debug mode 0
06-11 10:45:38.077   142   158 I Process : Sending signal. PID: 25424 SIG: 3
06-11 10:45:38.077 25424 25429 I dalvikvm: threadid=3: reacting to signal 3
06-11 10:45:38.101 25424 25429 I dalvikvm: Wrote stack traces to '/data/anr/traces.txt'
06-11 10:45:38.409 25424 25427 D dalvikvm: GC_CONCURRENT freed 477K, 4% free 13411K/13959K, paused 5ms+5ms
06-11 10:45:38.445 25424 25424 D Finsky  : [1] DownloadImpl.setState: self-update-download from null to UNQUEUED.
06-11 10:45:38.448 25424 25424 D Finsky  : [1] DownloadQueueImpl.add: Download self-update-download added to DownloadQueue
06-11 10:45:38.448 25424 25424 D Finsky  : [1] DownloadImpl.setState: self-update-download from UNQUEUED to QUEUED.
06-11 10:45:38.476    84    84 I installd: free_cache(0) avail 688439296
06-11 10:45:38.577   142   158 I Process : Sending signal. PID: 25424 SIG: 3
06-11 10:45:38.577 25424 25429 I dalvikvm: threadid=3: reacting to signal 3
06-11 10:45:38.597 25424 25429 I dalvikvm: Wrote stack traces to '/data/anr/traces.txt'
06-11 10:45:39.031 25424 25427 D dalvikvm: GC_CONCURRENT freed 2744K, 19% free 12168K/14983K, paused 2ms+5ms
06-11 10:45:39.077   142   158 I Process : Sending signal. PID: 25424 SIG: 3
06-11 10:45:39.077 25424 25429 I dalvikvm: threadid=3: reacting to signal 3
06-11 10:45:39.116 25424 25429 I dalvikvm: Wrote stack traces to '/data/anr/traces.txt'
06-11 10:45:39.124 25424 25424 D DfeApi  : [1] DfeRequest.deliverResponse: Not delivering second response for request=[[ ] https://android.clients.google.com/fdfe/details?doc=com.android.chrome NORMAL 2]
06-11 10:45:39.124 25424 25424 D Volley  : [1] Request.finish: 3239 ms: [ ] https://android.clients.google.com/fdfe/details?doc=com.android.chrome NORMAL 2
06-11 10:45:39.183 25424 25424 D Finsky  : [1] DownloadQueueImpl.startDownload: Download self-update-download starting
06-11 10:45:39.210 25424 25424 D DfeApi  : [1] DfeRequest.deliverResponse: Not delivering second response for request=[[ ] https://android.clients.google.com/fdfe/rec?c=3&rt=4&doc=com.android.chrome NORMAL 6]
06-11 10:45:39.288 25424 25427 D dalvikvm: GC_CONCURRENT freed 561K, 16% free 12654K/14983K, paused 6ms+6ms
06-11 10:45:39.531   142   178 I ActivityManager: START {act=android.intent.action.MAIN cat=[android.intent.category.HOME] flg=0x10200000 cmp=com.android.launcher/com.android.launcher2.Launcher} from pid 142
06-11 10:45:39.542 25424 25444 D dalvikvm: GC_FOR_ALLOC freed 244K, 12% free 13280K/14983K, paused 92ms
06-11 10:45:39.620   142   158 I Process : Sending signal. PID: 25424 SIG: 3
06-11 10:45:39.620 25424 25429 I dalvikvm: threadid=3: reacting to signal 3
06-11 10:45:39.652 25424 25429 I dalvikvm: Wrote stack traces to '/data/anr/traces.txt'
06-11 10:45:39.702   142   173 I ActivityManager: Displayed com.android.vending/.AssetBrowserActivity: +5s743ms
06-11 10:45:39.937   142   178 I ActivityManager: START {act=android.intent.action.MAIN cat=[android.intent.category.HOME] flg=0x10200000 cmp=com.android.launcher/com.android.launcher2.Launcher} from pid 142
06-11 10:45:40.023   142   370 I ActivityManager: Process com.facebook.katana (pid 10379) has died.
06-11 10:45:40.023   142   370 W ActivityManager: Scheduling restart of crashed service com.facebook.katana/.service.BackgroundDetectionService in 5000ms
06-11 10:45:40.023   142   370 W ActivityManager: Scheduling restart of crashed service com.facebook.katana/.service.MediaUploadService in 5000ms
06-11 10:45:40.023   142   370 W ActivityManager: Scheduling restart of crashed service com.facebook.katana/com.facebook.orca.push.mqtt.MqttPushService in 15000ms
06-11 10:45:40.050   142   158 W ActivityManager: Activity pause timeout for ActivityRecord{4192f068 com.android.vending/.AssetBrowserActivity}
06-11 10:45:40.054   142   158 I Process : Sending signal. PID: 25424 SIG: 3
06-11 10:45:40.054 25424 25429 I dalvikvm: threadid=3: reacting to signal 3
06-11 10:45:40.097 25424 25429 I dalvikvm: Wrote stack traces to '/data/anr/traces.txt'
06-11 10:45:40.144   142   178 I ActivityManager: START {act=android.intent.action.MAIN cat=[android.intent.category.HOME] flg=0x10200000 cmp=com.android.launcher/com.android.launcher2.Launcher} from pid 142
06-11 10:45:40.277 25424 25424 D Finsky  : [1] DetailsDataBasedFragment.rebindViews: Page [class=DetailsFragment] loaded in [5054 ms] (partial? true)
06-11 10:45:40.363 25424 25424 D Finsky  : [1] MainActivity.initializeBilling: Optimistically initializing billing parameters.
06-11 10:45:40.394   142   178 I ActivityManager: START {act=android.intent.action.MAIN cat=[android.intent.category.HOME] flg=0x10200000 cmp=com.android.launcher/com.android.launcher2.Launcher} from pid 142
06-11 10:45:40.402 25424 25424 D DfeApi  : [1] DfeRequest.deliverResponse: Not delivering second response for request=[[ ] https://android.clients.google.com/fdfe/rec?c=3&doc=com.android.chrome&rt=1 NORMAL 8]
06-11 10:45:40.480 25424 25427 D dalvikvm: GC_CONCURRENT freed 1535K, 13% free 13163K/14983K, paused 6ms+19ms
06-11 10:45:40.488 25424 25424 D Volley  : [1] Request.finish: 3388 ms: [ ] https://android.clients.google.com/fdfe/rec?c=3&doc=com.android.chrome&rt=1 NORMAL 8
06-11 10:45:40.581   142   178 I ActivityManager: START {act=android.intent.action.MAIN cat=[android.intent.category.HOME] flg=0x10200000 cmp=com.android.launcher/com.android.launcher2.Launcher} from pid 142
06-11 10:45:40.808   142   178 I ActivityManager: START {act=android.intent.action.MAIN cat=[android.intent.category.HOME] flg=0x10200000 cmp=com.android.launcher/com.android.launcher2.Launcher} from pid 142
06-11 10:45:40.909 25424 25424 D Finsky  : [1] DownloadImpl.setState: self-update-download from QUEUED to DOWNLOADING.
06-11 10:45:40.909 25424 25424 D Finsky  : [1] DownloadQueueImpl.notifyProgress: self-update-download: onProgress 0/-1 Status: 190.
06-11 10:45:40.913 25424 25424 D DfeApi  : [1] DfeRequest.deliverResponse: Not delivering second response for request=[[ ] https://android.clients.google.com/fdfe/rev?doc=com.android.chrome&sort=2 NORMAL 7]
06-11 10:45:40.945 25424 25424 D Volley  : [1] Request.finish: 3942 ms: [ ] https://android.clients.google.com/fdfe/rev?doc=com.android.chrome&sort=2 NORMAL 7
06-11 10:45:40.960 25424 25427 D dalvikvm: GC_CONCURRENT freed 565K, 8% free 13917K/14983K, paused 6ms+7ms
06-11 10:45:41.019 25424 25424 D DfeApi  : [1] DfeRequest.deliverResponse: Not delivering second response for request=[[ ] https://android.clients.google.com/fdfe/rec?c=3&doc=com.android.chrome&rt=2 NORMAL 9]
06-11 10:45:41.019 25424 25424 D Volley  : [1] Request.finish: 3993 ms: [ ] https://android.clients.google.com/fdfe/rec?c=3&doc=com.android.chrome&rt=2 NORMAL 9
06-11 10:45:41.144 25424 25444 D dalvikvm: GC_FOR_ALLOC freed 1566K, 16% free 13024K/15431K, paused 81ms
06-11 10:45:41.327 25424 25424 D Finsky  : [1] DownloadQueueImpl.notifyProgress: self-update-download: onProgress 0/-1 Status: 192.
06-11 10:45:41.437 25424 25424 D OpenGLRenderer: Flushing caches (mode 0)
06-11 10:45:41.546   142   421 I ActivityManager: Process com.android.deskclock (pid 25112) has died.
06-11 10:45:41.581 25424 25424 D Finsky  : [1] DownloadQueueImpl.onStart: self-update-download: onStart
06-11 10:45:41.663 25424 25424 D Volley  : [1] Request.finish: 3315 ms: [ ] https://android.clients.google.com/fdfe/rec?c=3&doc=com.android.chrome&rt=2 NORMAL 19
06-11 10:45:41.921 25363 25363 D OpenGLRenderer: Flushing caches (mode 1)
06-11 10:45:41.945 25424 25424 D OpenGLRenderer: Flushing caches (mode 1)
06-11 10:45:41.976 25385 25464 I DownloadManager: Initiating request for download 150
06-11 10:45:42.167 25424 25427 D dalvikvm: GC_CONCURRENT freed 486K, 11% free 13799K/15431K, paused 2ms+3ms
06-11 10:45:42.503 25385 25387 D dalvikvm: GC_CONCURRENT freed 352K, 5% free 9256K/9735K, paused 5ms+9ms
06-11 10:45:44.062 22700 22702 D dalvikvm: GC_CONCURRENT freed 1964K, 15% free 16458K/19271K, paused 52ms+15ms
06-11 10:45:44.109   142   918 I ActivityManager: Process com.google.android.maps.mytracks (pid 25264) has died.
06-11 10:45:44.222   142   170 I power   : *** set_screen_state 0
06-11 10:45:44.265    79   118 D SurfaceFlinger: About to give-up screen, flinger = 0x1e2b918
06-11 10:45:44.273   142   179 I power   : *** set_screen_state 1
06-11 10:45:44.573   142   174 V TransportControlView: Create TCV com.android.internal.widget.TransportControlView@41a076f0
06-11 10:45:44.573 25363 25363 D OpenGLRenderer: Flushing caches (mode 2)
06-11 10:45:44.769   213   213 D PhoneStatusBar: disable: < EXPAND* icons alerts TICKER* system_info back home RECENT* clock >
06-11 10:45:44.835   213   213 D PhoneStatusBar: disable: < EXPAND icons alerts TICKER system_info BACK* HOME* RECENT CLOCK* >
06-11 10:45:45.019    79   118 D SurfaceFlinger: Screen about to return, flinger = 0x1e2b918
06-11 10:45:45.023   142   174 D dalvikvm: GC_FOR_ALLOC freed 1509K, 20% free 16975K/21191K, paused 133ms
06-11 10:45:45.124   142   159 I ActivityManager: Start proc com.facebook.katana for service com.facebook.katana/.service.MediaUploadService: pid=25478 uid=10060 gids={3003, 1006, 1015}
06-11 10:45:45.140   142   174 I WindowManager: Lock screen displayed!
06-11 10:45:45.206 25424 25424 D OpenGLRenderer: Flushing caches (mode 1)
06-11 10:45:45.206 25478 25478 I dalvikvm: Turning on JNI app bug workarounds for target SDK version 7...
06-11 10:45:45.870 25478 25479 D dalvikvm: GC_CONCURRENT freed 151K, 3% free 9385K/9607K, paused 14ms+2ms
06-11 10:45:46.109 25478 25478 I ActivityThread: Pub com.facebook.katana.provider.LoggingProvider: com.facebook.katana.provider.LoggingProvider
06-11 10:45:46.120 25478 25478 I ActivityThread: Pub com.facebook.katana.provider.KeyValueProvider: com.facebook.katana.provider.KeyValueProvider
06-11 10:45:46.120 25478 25478 I ActivityThread: Pub com.facebook.katana.provider.CacheProvider: com.facebook.katana.provider.CacheProvider
06-11 10:45:46.144 25478 25478 I ActivityThread: Pub com.facebook.katana.provider.MailboxProvider: com.facebook.katana.provider.MailboxProvider
06-11 10:45:46.167 25478 25478 I ActivityThread: Pub com.facebook.katana.provider.UserStatusesProvider: com.facebook.katana.provider.UserStatusesProvider
06-11 10:45:46.171 25478 25478 I ActivityThread: Pub com.facebook.katana.provider.EventsProvider: com.facebook.katana.provider.EventsProvider
06-11 10:45:46.171 25478 25478 I ActivityThread: Pub com.facebook.katana.provider.NotificationsProvider: com.facebook.katana.provider.NotificationsProvider
06-11 10:45:46.179 25478 25478 I ActivityThread: Pub com.facebook.katana.provider.UserValuesProvider: com.facebook.katana.provider.UserValuesProvider
06-11 10:45:46.179 25478 25478 I ActivityThread: Pub com.facebook.katana.provider.PagesProvider: com.facebook.katana.provider.PagesProvider
06-11 10:45:46.183 25478 25478 I ActivityThread: Pub com.facebook.katana.provider.MobileEventLogProvider: com.facebook.katana.provider.MobileEventLogProvider
06-11 10:45:46.183 25478 25478 I ActivityThread: Pub com.facebook.katana.provider.PushNotificationsProvider: com.facebook.katana.provider.PushNotificationsProvider
06-11 10:45:46.183 25478 25478 I ActivityThread: Pub com.facebook.katana.provider.PhotosProvider: com.facebook.katana.provider.PhotosProvider
06-11 10:45:46.284 25478 25478 I ActivityThread: Pub com.facebook.katana.provider.ConnectionsProvider: com.facebook.katana.provider.ConnectionsProvider
06-11 10:45:46.366 25478 25479 D dalvikvm: GC_CONCURRENT freed 160K, 3% free 9742K/9991K, paused 3ms+4ms
06-11 10:45:46.370 25478 25478 I ActivityThread: Pub com.facebook.orca.notify.FbandroidMessagesForegroundProvider: com.facebook.orca.notify.FbandroidMessagesForegroundProvider
06-11 10:45:46.409   142 12773 I ActivityManager: Process com.google.android.apps.plus (pid 24628) has died.
06-11 10:45:46.460 25478 25478 D ACRA    : Retrieve application default SharedPreferences.
06-11 10:45:46.476 25478 25478 D ACRA    : Set OnSharedPreferenceChangeListener.
06-11 10:45:46.593 25478 25478 D ACRA    : ACRA is enabled for com.facebook.katana, intializing...
06-11 10:45:46.683 25478 25478 D ACRA    : Looking for error files in /data/data/com.facebook.katana/app_acra-reports
06-11 10:45:46.784 25478 25478 W nalizableReferenceQueue: Could not load Finalizer in its own class loader.Loading Finalizer in the current class loader instead. As a result, you will not be ableto garbage collect this class loader. To support reclaiming this class loader, eitherresolve the underlying issue, or move Google Collections to your system class path.
06-11 10:45:46.784 25478 25478 W nalizableReferenceQueue: java.io.FileNotFoundException: com/google/common/base/internal/Finalizer.class
06-11 10:45:46.784 25478 25478 W nalizableReferenceQueue: 	at com.google.common.base.FinalizableReferenceQueue$DecoupledLoader.getBaseUrl(FinalizableReferenceQueue.java:243)
06-11 10:45:46.784 25478 25478 W nalizableReferenceQueue: 	at com.google.common.base.FinalizableReferenceQueue$DecoupledLoader.loadFinalizer(FinalizableReferenceQueue.java:227)
06-11 10:45:46.784 25478 25478 W nalizableReferenceQueue: 	at com.google.common.base.FinalizableReferenceQueue.loadFinalizer(FinalizableReferenceQueue.java:155)
06-11 10:45:46.784 25478 25478 W nalizableReferenceQueue: 	at com.google.common.base.FinalizableReferenceQueue.<clinit>(FinalizableReferenceQueue.java:84)
06-11 10:45:46.784 25478 25478 W nalizableReferenceQueue: 	at com.google.common.collect.CustomConcurrentHashMap$QueueHolder.<clinit>(CustomConcurrentHashMap.java:650)
06-11 10:45:46.784 25478 25478 W nalizableReferenceQueue: 	at com.google.common.collect.CustomConcurrentHashMap$WeakEntry.<init>(CustomConcurrentHashMap.java:1342)
06-11 10:45:46.784 25478 25478 W nalizableReferenceQueue: 	at com.google.common.collect.CustomConcurrentHashMap$EntryFactory$9.newEntry(CustomConcurrentHashMap.java:453)
06-11 10:45:46.784 25478 25478 W nalizableReferenceQueue: 	at com.google.common.collect.CustomConcurrentHashMap.a(CustomConcurrentHashMap.java:1715)
06-11 10:45:46.784 25478 25478 W nalizableReferenceQueue: 	at com.google.common.collect.ComputingConcurrentHashMap$ComputingSegment.a(ComputingConcurrentHashMap.java:123)
06-11 10:45:46.784 25478 25478 W nalizableReferenceQueue: 	at com.google.common.collect.ComputingConcurrentHashMap.apply(ComputingConcurrentHashMap.java:71)
06-11 10:45:46.784 25478 25478 W nalizableReferenceQueue: 	at com.google.common.collect.MapMaker$ComputingMapAdapter.get(MapMaker.java:848)
06-11 10:45:46.784 25478 25478 W nalizableReferenceQueue: 	at com.google.inject.internal.Annotations$AnnotationChecker.a(Annotations.java:94)
06-11 10:45:46.784 25478 25478 W nalizableReferenceQueue: 	at com.google.inject.internal.Annotations.c(Annotations.java:112)
06-11 10:45:46.784 25478 25478 W nalizableReferenceQueue: 	at com.google.inject.Key.d(Key.java:369)
06-11 10:45:46.784 25478 25478 W nalizableReferenceQueue: 	at com.google.inject.Key.b(Key.java:356)
06-11 10:45:46.784 25478 25478 W nalizableReferenceQueue: 	at com.google.inject.Key.a(Key.java:267)
06-11 10:45:46.784 25478 25478 W nalizableReferenceQueue: 	at com.facebook.orca.inject.binder.AnnotatedBindingBuilderImpl.a(AnnotatedBindingBuilderImpl.java:22)
06-11 10:45:46.784 25478 25478 W nalizableReferenceQueue: 	at com.facebook.orca.app.FbBaseModule.a(FbBaseModule.java:74)
06-11 10:45:46.784 25478 25478 W nalizableReferenceQueue: 	at com.facebook.orca.inject.AbstractModule.a(AbstractModule.java:19)
06-11 10:45:46.784 25478 25478 W nalizableReferenceQueue: 	at com.facebook.orca.inject.FbInjectorImpl.a(FbInjectorImpl.java:61)
06-11 10:45:46.784 25478 25478 W nalizableReferenceQueue: 	at com.facebook.orca.inject.FbInjectorImpl.<init>(FbInjectorImpl.java:41)
06-11 10:45:46.784 25478 25478 W nalizableReferenceQueue: 	at com.facebook.orca.inject.FbInjector.a(FbInjector.java:40)
06-11 10:45:46.784 25478 25478 W nalizableReferenceQueue: 	at com.facebook.katana.FacebookApplication.onCreate(FacebookApplication.java:86)
06-11 10:45:46.784 25478 25478 W nalizableReferenceQueue: 	at android.app.Instrumentation.callApplicationOnCreate(Instrumentation.java:969)
06-11 10:45:46.784 25478 25478 W nalizableReferenceQueue: 	at android.app.ActivityThread.handleBindApplication(ActivityThread.java:3954)
06-11 10:45:46.784 25478 25478 W nalizableReferenceQueue: 	at android.app.ActivityThread.access$1300(ActivityThread.java:123)
06-11 10:45:46.784 25478 25478 W nalizableReferenceQueue: 	at android.app.ActivityThread$H.handleMessage(ActivityThread.java:1185)
06-11 10:45:46.784 25478 25478 W nalizableReferenceQueue: 	at android.os.Handler.dispatchMessage(Handler.java:99)
06-11 10:45:46.784 25478 25478 W nalizableReferenceQueue: 	at android.os.Looper.loop(Looper.java:137)
06-11 10:45:46.784 25478 25478 W nalizableReferenceQueue: 	at android.app.ActivityThread.main(ActivityThread.java:4424)
06-11 10:45:46.784 25478 25478 W nalizableReferenceQueue: 	at java.lang.reflect.Method.invokeNative(Native Method)
06-11 10:45:46.784 25478 25478 W nalizableReferenceQueue: 	at java.lang.reflect.Method.invoke(Method.java:511)
06-11 10:45:46.784 25478 25478 W nalizableReferenceQueue: 	at com.android.internal.os.ZygoteInit$MethodAndArgsCaller.run(ZygoteInit.java:784)
06-11 10:45:46.784 25478 25478 W nalizableReferenceQueue: 	at com.android.internal.os.ZygoteInit.main(ZygoteInit.java:551)
06-11 10:45:46.784 25478 25478 W nalizableReferenceQueue: 	at dalvik.system.NativeStart.main(Native Method)
06-11 10:45:46.784 25478 25478 I Finalizer: Couldn't access Thread.inheritableThreadLocals. Reference finalizer threads will inherit thread local values.
06-11 10:45:46.968 25478 25479 D dalvikvm: GC_CONCURRENT freed 405K, 5% free 9892K/10375K, paused 2ms+8ms
06-11 10:45:47.167 25478 25479 D dalvikvm: GC_CONCURRENT freed 411K, 5% free 10011K/10503K, paused 2ms+4ms
06-11 10:45:48.398 25478 25479 D dalvikvm: GC_CONCURRENT freed 345K, 5% free 10167K/10631K, paused 4ms+8ms
06-11 10:45:49.105    85    85 I keystore: uid: 1000 action: p -> 1 state: 1 -> 1 retry: 4
06-11 10:45:49.187   213   213 D PhoneStatusBar: disable: < expand* icons alerts ticker* system_info BACK HOME recent* CLOCK >
06-11 10:45:49.234   142   916 W InputManagerService: Window already focused, ignoring focus gain of: com.android.internal.view.IInputMethodClient$Stub$Proxy@4187ea40
06-11 10:45:49.249   213   213 D PhoneStatusBar: disable: < expand icons alerts ticker system_info back* home* recent clock* >
06-11 10:45:49.710 25478 25496 W Resources: Converting to string: TypedValue{t=0x10/d=0xffffffff a=-1}
06-11 10:45:49.788   142   422 I ActivityManager: START {act=android.intent.action.MAIN cat=[android.intent.category.LAUNCHER] flg=0x10000000 pkg=com.twitter.android cmp=com.twitter.android/.StartActivity bnds=[360,556][480,706]} from pid 374
06-11 10:45:50.015 25424 25424 D OpenGLRenderer: Flushing caches (mode 2)
06-11 10:45:50.062 25424 25424 D OpenGLRenderer: Flushing caches (mode 0)
06-11 10:45:50.093   342   342 D SAN_SERVICE: *******************************************
06-11 10:45:50.093   342   342 D SAN_SERVICE: DM App Phone Service State - 0
06-11 10:45:50.093   342   342 D SAN_SERVICE: *******************************************
06-11 10:45:50.238   374   374 D OpenGLRenderer: Flushing caches (mode 1)
06-11 10:45:50.257   374   374 D OpenGLRenderer: Flushing caches (mode 0)
06-11 10:45:50.472   142   158 I Process : Sending signal. PID: 25323 SIG: 3
06-11 10:45:50.472 25323 25325 I dalvikvm: threadid=3: reacting to signal 3
06-11 10:45:50.511 25323 25325 I dalvikvm: Wrote stack traces to '/data/anr/traces.txt'
06-11 10:45:50.683 25478 25479 D dalvikvm: GC_CONCURRENT freed 379K, 5% free 10309K/10759K, paused 28ms+41ms
06-11 10:45:50.812 25323 25323 D dalvikvm: GC_FOR_ALLOC freed 138K, 5% free 11305K/11783K, paused 120ms
06-11 10:45:50.820 25323 25323 I dalvikvm-heap: Grow heap (frag case) to 13.653MB for 2668016-byte allocation
06-11 10:45:50.917 25323 25324 D dalvikvm: GC_CONCURRENT freed 22K, 4% free 13888K/14407K, paused 4ms+6ms
06-11 10:45:51.019 25323 25323 D dalvikvm: GC_FOR_ALLOC freed 0K, 4% free 13889K/14407K, paused 41ms
06-11 10:45:51.038 25323 25323 I dalvikvm-heap: Grow heap (frag case) to 19.360MB for 6006016-byte allocation
06-11 10:45:51.046   142   158 I Process : Sending signal. PID: 25323 SIG: 3
06-11 10:45:51.046 25323 25325 I dalvikvm: threadid=3: reacting to signal 3
06-11 10:45:51.218 25323 25325 I dalvikvm: Wrote stack traces to '/data/anr/traces.txt'
06-11 10:45:51.257 25323 25324 D dalvikvm: GC_CONCURRENT freed 0K, 3% free 19754K/20295K, paused 3ms+28ms
06-11 10:45:51.323 25424 25424 D Finsky  : [1] 1.run: Exiting process due to toc change
06-11 10:45:51.464   142   158 I Process : Sending signal. PID: 25323 SIG: 3
06-11 10:45:51.464 25323 25325 I dalvikvm: threadid=3: reacting to signal 3
06-11 10:45:51.468 25323 25325 I dalvikvm: Wrote stack traces to '/data/anr/traces.txt'
06-11 10:45:51.495   142 12773 I ActivityManager: START {flg=0x4000000 cmp=com.twitter.android/.HomeTabActivity} from pid 25323
06-11 10:45:52.023   142   158 I Process : Sending signal. PID: 25323 SIG: 3
06-11 10:45:52.023 25323 25325 I dalvikvm: threadid=3: reacting to signal 3
06-11 10:45:52.136   142   294 I WindowManager: WIN DEATH: Window{417a88b0 com.android.vending/com.android.vending.AssetBrowserActivity paused=false}
06-11 10:45:52.183 25323 25325 I dalvikvm: Wrote stack traces to '/data/anr/traces.txt'
06-11 10:45:52.206   142   368 I ActivityManager: Process com.android.vending (pid 25424) has died.
06-11 10:45:52.429   213   213 V PhoneStatusBar: setLightsOn(true)
06-11 10:45:52.452 25323 25323 D libEGL  : loaded /system/lib/egl/libGLES_android.so
06-11 10:45:52.464 25323 25323 D libEGL  : loaded /vendor/lib/egl/libEGL_POWERVR_SGX540_120.so
06-11 10:45:52.476 25323 25323 D libEGL  : loaded /vendor/lib/egl/libGLESv1_CM_POWERVR_SGX540_120.so
06-11 10:45:52.484 25323 25323 D libEGL  : loaded /vendor/lib/egl/libGLESv2_POWERVR_SGX540_120.so
06-11 10:45:52.609 25478 25479 D dalvikvm: GC_CONCURRENT freed 356K, 5% free 10427K/10887K, paused 69ms+4ms
06-11 10:45:52.616 25323 25323 D OpenGLRenderer: Enabling debug mode 0
06-11 10:45:52.948   142   145 D dalvikvm: GC_CONCURRENT freed 1836K, 20% free 17104K/21191K, paused 5ms+80ms
06-11 10:45:52.956   142   173 I ActivityManager: Displayed com.twitter.android/.HomeTabActivity: +1s437ms (total +2s995ms)
06-11 10:45:53.007   142   153 W InputManagerService: Focus gain on non-focused client com.android.internal.view.IInputMethodClient$Stub$Proxy@4162f200 (uid=10068 pid=25323)
06-11 10:45:53.136   142   370 W InputManagerService: Window already focused, ignoring focus gain of: com.android.internal.view.IInputMethodClient$Stub$Proxy@41960398
06-11 10:45:53.378 23949 23962 I PhoneLab-: Service Running
06-11 10:45:53.421 25323 25323 D OpenGLRenderer: Flushing caches (mode 2)
06-11 10:45:53.745 23949 23962 I PhoneLab-LoggerService: app_38    1446  1     1436   988   c00f181c 400107b4 S logcat
06-11 10:45:53.761 23949 23962 I PhoneLab-LoggerService: Logcat pid from database 1446
06-11 10:45:53.761 23949 23962 I PhoneLab-LoggerService: Logcat process found 1446
06-11 10:45:53.761 23949 23962 I PhoneLab-LoggerService: Checking Threshold
06-11 10:45:53.769 23949 23962 I PhoneLab-LoggerService: Starting to rename files
06-11 10:45:53.769 23949 23962 I PhoneLab-LoggerService: Files found .. 2
06-11 10:45:54.933   342   342 D SAN_SERVICE: *******************************************
06-11 10:45:54.933   342   342 D SAN_SERVICE: DM App Phone Service State - 0
06-11 10:45:54.933   342   342 D SAN_SERVICE: *******************************************
06-11 10:45:54.999 25385 25387 D dalvikvm: GC_CONCURRENT freed 367K, 6% free 9304K/9799K, paused 2ms+3ms
06-11 10:45:55.042 25478 25479 D dalvikvm: GC_CONCURRENT freed 263K, 4% free 10573K/10951K, paused 2ms+3ms
06-11 10:45:55.253   142   159 I ActivityManager: Start proc com.android.vending for broadcast com.android.vending/com.google.android.finsky.download.DownloadBroadcastReceiver: pid=25534 uid=10048 gids={3003, 1015}
06-11 10:45:55.413   142   602 I ActivityManager: START {act=android.intent.action.MAIN cat=[android.intent.category.LAUNCHER] flg=0x10000000 pkg=com.spotify.mobile.android.ui cmp=com.spotify.mobile.android.ui/.Launcher bnds=[288,706][384,802]} from pid 374
06-11 10:45:55.456 25534 25534 I ActivityThread: Pub com.google.android.finsky.QSBSuggestionsProvider: com.google.android.finsky.providers.QSBSuggestionsProvider
06-11 10:45:55.464 25534 25534 I ActivityThread: Pub com.google.android.finsky.AppIconProvider: com.google.android.finsky.providers.AppIconProvider
06-11 10:45:55.480 25534 25534 I ActivityThread: Pub com.google.android.finsky.RecentSuggestionsProvider: com.google.android.finsky.providers.RecentSuggestionsProvider
06-11 10:45:55.484   142   918 I AudioService:   Remote Control   registerMediaButtonIntent() for PendingIntent{417d5c20: PendingIntentRecord{41582ea8 com.spotify.mobile.android.ui broadcastIntent}}
06-11 10:45:55.585   142   922 D AlarmManagerService: Kernel timezone updated to 240 minutes west of GMT
06-11 10:45:55.855 25534 25537 D dalvikvm: GC_CONCURRENT freed 239K, 4% free 9297K/9607K, paused 2ms+16ms
06-11 10:45:55.941   142   158 I Process : Sending signal. PID: 22700 SIG: 3
06-11 10:45:55.941 22700 22704 I dalvikvm: threadid=3: reacting to signal 3
06-11 10:45:56.269   142   294 D dalvikvm: GC_EXPLICIT freed 1047K, 23% free 16426K/21191K, paused 4ms+75ms
06-11 10:45:56.281 25534 25537 D dalvikvm: GC_CONCURRENT freed 382K, 5% free 9476K/9927K, paused 5ms+15ms
06-11 10:45:56.343 25534 25534 D Finsky  : [1] DailyHygiene.goMakeHygieneIfDirty: No need to run daily hygiene.
06-11 10:45:56.398   374   374 D OpenGLRenderer: Flushing caches (mode 0)
06-11 10:45:56.620   213   213 V PhoneStatusBar: setLightsOn(true)
06-11 10:45:56.640 22700 22704 I dalvikvm: Wrote stack traces to '/data/anr/traces.txt'
06-11 10:45:56.698 25534 25534 D Finsky  : [1] DownloadBroadcastReceiver.onReceive: Intent received at DownloadBroadcastReceiver
06-11 10:45:56.702 25534 25534 D Finsky  : [1] DownloadBroadcastReceiver.onReceive: DownloadBroadcastReceiver could not find content://downloads/my_downloads/150 in queue.
06-11 10:45:56.710   374   374 D OpenGLRenderer: Flushing caches (mode 1)
06-11 10:45:56.835 25534 25537 D dalvikvm: GC_CONCURRENT freed 550K, 7% free 9498K/10119K, paused 3ms+6ms
06-11 10:45:56.956 25534 25534 D Finsky  : [1] 1.onPostExecute: Attempt recovery of content://downloads/my_downloads/150 200
06-11 10:45:56.960 25534 25534 D Finsky  : [1] 1.onPostExecute: Releasing content://downloads/my_downloads/150 200
06-11 10:45:57.038   374   374 D OpenGLRenderer: Flushing caches (mode 1)
06-11 10:45:57.097 25478 25479 D dalvikvm: GC_CONCURRENT freed 458K, 6% free 10572K/11143K, paused 13ms+3ms
06-11 10:45:57.120 25534 25534 D Finsky  : [1] 2.run: Loaded library for account: [JtI6dlYpn2C-CMu_fZTfqcPsfoA]
06-11 10:45:57.124 25534 25534 D Finsky  : [1] 2.run: Finished loading 1 libraries.
06-11 10:45:57.261 25534 25537 D dalvikvm: GC_CONCURRENT freed 345K, 6% free 9563K/10119K, paused 2ms+7ms
06-11 10:45:57.683   213   215 D dalvikvm: GC_CONCURRENT freed 598K, 36% free 9891K/15239K, paused 4ms+11ms
06-11 10:45:57.788   213   215 D dalvikvm: GC_CONCURRENT freed 635K, 36% free 9757K/15239K, paused 2ms+5ms
06-11 10:45:57.952 25478 25479 D dalvikvm: GC_CONCURRENT freed 353K, 5% free 10747K/11207K, paused 3ms+3ms
06-11 10:46:00.320   142   179 W EventHub: Received unexpected epoll event 0x00000018 for device sec_jack.
06-11 10:46:00.320   142   179 I EventHub: Removing device '/dev/input/event7' due to inotify event
06-11 10:46:00.320   142   179 I EventHub: Removed device: path=/dev/input/event7 name=sec_jack id=9 fd=256 classes=0x1
06-11 10:46:00.327   142   179 I InputReader: Device removed: id=9, name='sec_jack', sources=0x00000101
06-11 10:46:00.343   142   168 V WiredAccessoryObserver: Headset UEVENT: {SUBSYSTEM=switch, SWITCH_STATE=0, DEVPATH=/devices/virtual/switch/h2w, SEQNUM=13126, ACTION=change, SWITCH_NAME=h2w}
06-11 10:46:00.343   142   168 V WiredAccessoryObserver: newState = 0, headsetState = 0,mHeadsetState = 1
06-11 10:46:00.406   142   159 I ActivityManager: Start proc com.android.music for broadcast com.android.music/.MediaButtonIntentReceiver: pid=25566 uid=10033 gids={3003, 1015}
06-11 10:46:00.425 25566 25566 I dalvikvm: Turning on JNI app bug workarounds for target SDK version 9...
06-11 10:46:00.515   142   921 I AudioService:   Remote Control   registerMediaButtonIntent() for PendingIntent{41bc33b0: PendingIntentRecord{418760e8 com.android.music broadcastIntent}}
06-11 10:46:00.566   374   374 D OpenGLRenderer: Flushing caches (mode 2)
06-11 10:46:00.593    82   122 D AudioHardware: AudioHardware pcm playback is going to standby.
06-11 10:46:00.593    82   122 D AudioHardware: closePcmOut_l() mPcmOpenCnt: 1
06-11 10:46:00.597   374   374 D OpenGLRenderer: Flushing caches (mode 0)
06-11 10:46:01.359   142   158 V WiredAccessoryObserver: Intent.ACTION_HEADSET_PLUG: state: 0 name: h2w mic: 1
06-11 10:46:01.417 22700 22700 D SpotifyJava: Received broadcast: android.intent.action.HEADSET_PLUG
06-11 10:46:02.874   142   178 I ActivityManager: START {act=android.intent.action.MAIN cat=[android.intent.category.HOME] flg=0x10200000 cmp=com.android.launcher/com.android.launcher2.Launcher} from pid 142
06-11 10:46:04.488   142   170 I power   : *** set_screen_state 0
06-11 10:46:04.550    79   118 D SurfaceFlinger: About to give-up screen, flinger = 0x1e2b918
06-11 10:46:04.671   142   174 V TransportControlView: Create TCV com.android.internal.widget.TransportControlView@417b12f8
06-11 10:46:04.714   374   377 D dalvikvm: GC_CONCURRENT freed 725K, 30% free 11335K/16007K, paused 2ms+10ms
06-11 10:46:04.902   142   158 I power   : *** set_screen_state 1
06-11 10:46:04.921 23949 23949 I PhoneLab-PowerOnReceiver: Power is plugged off!
06-11 10:46:04.988   213   213 D PhoneStatusBar: disable: < EXPAND* icons alerts TICKER* system_info back home RECENT* clock >
06-11 10:46:05.050 23949 23951 D dalvikvm: GC_CONCURRENT freed 486K, 6% free 9170K/9735K, paused 2ms+9ms
06-11 10:46:05.081   213   213 D PhoneStatusBar: disable: < EXPAND icons alerts TICKER system_info BACK* HOME* RECENT CLOCK* >
06-11 10:46:05.097    79   118 D SurfaceFlinger: Screen about to return, flinger = 0x1e2b918
06-11 10:46:05.277   142   174 D dalvikvm: GC_FOR_ALLOC freed 958K, 21% free 16916K/21191K, paused 138ms
06-11 10:46:05.281   142   921 I ActivityManager: Start proc com.google.android.apps.plus for broadcast com.google.android.apps.plus/.iu.BatteryReceiver: pid=25583 uid=10058 gids={3003, 3002, 1015, 1006}
06-11 10:46:05.343   142   174 I WindowManager: Lock screen displayed!
06-11 10:46:05.593 25583 25586 D dalvikvm: GC_CONCURRENT freed 159K, 3% free 9377K/9607K, paused 19ms+4ms
06-11 10:46:05.714 25583 25583 I ActivityThread: Pub com.google.android.apps.plus.content.ApiProvider: com.google.android.apps.plus.content.EsApiProvider
06-11 10:46:05.734 25583 25583 I ActivityThread: Pub com.google.android.apps.plus.content.EsGooglePhotoProvider: com.google.android.picasasync.PicasaContentProvider
06-11 10:46:05.906 25583 25586 D dalvikvm: GC_CONCURRENT freed 483K, 6% free 9432K/9991K, paused 3ms+2ms
06-11 10:46:05.906 25583 25583 I ActivityThread: Pub com.google.android.apps.plus.content.EsPicasaStoreProvider: com.google.android.picasastore.PicasaPhotoContentProvider
06-11 10:46:05.941 25583 25583 I ActivityThread: Pub com.google.plus.platform: com.google.android.apps.plus.content.AdsProvider
06-11 10:46:05.941 25583 25583 I ActivityThread: Pub com.google.android.apps.plus.iu.EsGoogleIuProvider: com.google.android.apps.plus.iu.InstantUploadProvider
06-11 10:46:05.991 25583 25583 I ActivityThread: Pub com.google.android.apps.plus.content.EsProvider: com.google.android.apps.plus.content.EsProvider
06-11 10:46:06.058 25583 25586 D dalvikvm: GC_CONCURRENT freed 417K, 5% free 9556K/10055K, paused 4ms+3ms
06-11 10:46:06.073 25583 25597 D PicasaPhotoCP: set fsid first time:-1
06-11 10:46:06.355 25583 25586 D dalvikvm: GC_CONCURRENT freed 254K, 4% free 9740K/10119K, paused 4ms+2ms
06-11 10:46:06.495 25583 25586 D dalvikvm: GC_CONCURRENT freed 216K, 3% free 10004K/10311K, paused 2ms+3ms
06-11 10:46:06.558 25583 25598 D dalvikvm: GC_FOR_ALLOC freed 140K, 4% free 10131K/10503K, paused 24ms
06-11 10:46:06.589 25583 25598 D dalvikvm: GC_FOR_ALLOC freed 393K, 6% free 10149K/10759K, paused 23ms
06-11 10:46:06.616 25583 25598 D dalvikvm: GC_FOR_ALLOC freed 106K, 5% free 10261K/10759K, paused 19ms
06-11 10:46:06.616 25583 25598 I dalvikvm-heap: Grow heap (frag case) to 10.336MB for 260112-byte allocation
06-11 10:46:06.640 25583 25598 D dalvikvm: GC_FOR_ALLOC freed 126K, 6% free 10389K/11015K, paused 20ms
06-11 10:46:06.667 25583 25598 D dalvikvm: GC_FOR_ALLOC freed 369K, 6% free 10389K/11015K, paused 18ms
06-11 10:46:06.687 25583 25598 D dalvikvm: GC_FOR_ALLOC freed 126K, 5% free 10517K/11015K, paused 21ms
06-11 10:46:06.702   142   170 I power   : *** set_screen_state 0
06-11 10:46:06.753    79   118 D SurfaceFlinger: About to give-up screen, flinger = 0x1e2b918
06-11 10:46:06.804   142   174 V TransportControlView: Create TCV com.android.internal.widget.TransportControlView@418aac58
06-11 10:46:07.187   142   145 D dalvikvm: GC_CONCURRENT freed 1099K, 17% free 17739K/21191K, paused 2ms+7ms
06-11 10:46:07.284 25583 25586 D dalvikvm: GC_CONCURRENT freed 326K, 4% free 10655K/11079K, paused 2ms+2ms
06-11 10:46:07.398 25583 25586 D dalvikvm: GC_CONCURRENT freed 97K, 2% free 11006K/11207K, paused 2ms+3ms
06-11 10:46:07.562 25583 25586 D dalvikvm: GC_CONCURRENT freed 388K, 5% free 11216K/11719K, paused 2ms+2ms
06-11 10:46:07.839 25583 25586 D dalvikvm: GC_CONCURRENT freed 147K, 3% free 11721K/11975K, paused 5ms+4ms
06-11 10:46:10.585 22161 22162 D dalvikvm: GC_CONCURRENT freed 321K, 8% free 10303K/11079K, paused 15ms+2ms
06-11 10:46:11.632 22161 22162 D dalvikvm: GC_CONCURRENT freed 244K, 6% free 10498K/11079K, paused 6ms+2ms
06-11 10:46:38.035  4690 22349 W GTalkService: onGotBatchPresence but idle, screenIsOn false
06-11 10:46:38.105  4690  4693 D dalvikvm: GC_CONCURRENT freed 443K, 7% free 10586K/11271K, paused 2ms+4ms
06-11 10:47:08.988  2848  2848 I wpa_supplicant: wlan0: CTRL-EVENT-DISCONNECTED bssid=d0:c2:82:2d:ea:c0 reason=0
06-11 10:47:09.000    76   116 D CommandListener: Clearing all IP addresses on wlan0
06-11 10:47:09.031   142   199 D ConnectivityService: ConnectivityChange for WIFI: DISCONNECTED/DISCONNECTED
06-11 10:47:09.043   142   199 D ConnectivityService: Attempting to switch to mobile
06-11 10:47:09.121   142   199 D ConnectivityService: Attempting to switch to WIMAX
06-11 10:47:09.121   142   199 D ConnectivityService: Attempting to switch to BLUETOOTH_TETHER
06-11 10:47:09.125   142   199 E ConnectivityService: Exception trying to remove a route: java.lang.IllegalStateException: Unable to communicate with native dameon to add routes - com.android.server.NativeDaemonConnectorException: Cmd {interface route remove wlan0 default 128.205.239.254 32 0.0.0.0} failed with code 400 : {Failed to remove route from default table (No such process)}
06-11 10:47:09.132   142   199 D NetUtils: android_net_utils_resetConnections in env=0x658290 clazz=0x95400001 iface=wlan0 mask=0x3
06-11 10:47:09.132   142   199 E ConnectivityService: Exception trying to remove a route: java.lang.IllegalStateException: Unable to communicate with native dameon to add routes - com.android.server.NativeDaemonConnectorException: Cmd {interface route remove wlan0 default 0.0.0.0 0 128.205.239.254} failed with code 400 : {Failed to remove route from default table (No such process)}
06-11 10:47:09.132   142   199 D ConnectivityService: resetConnections(wlan0, 3)
06-11 10:47:09.179   142   199 D ConnectivityService: ConnectivityChange for WIMAX: DISCONNECTED/SCANNING
06-11 10:47:09.179   142   199 D ConnectivityService: Attempting to switch to mobile
06-11 10:47:09.183   142   199 D ConnectivityService: Attempting to switch to WIFI
06-11 10:47:09.183   142   199 D ConnectivityService: Attempting to switch to BLUETOOTH_TETHER
06-11 10:47:09.254  4690 22347 W Smack/Packet: notify conn break (IOEx), close connection
06-11 10:47:09.386 25231 25233 D dalvikvm: GC_CONCURRENT freed 500K, 6% free 9906K/10503K, paused 8ms+5ms
06-11 10:47:09.410  4690 22347 I qtaguid : Failed write_ctrl(u 57) res=-1 errno=22
06-11 10:47:09.414  4690 22347 I qtaguid : Untagging socket 57 failed errno=-22
06-11 10:47:09.414  4690 22347 W NetworkManagementSocketTagger: untagSocket(57) failed with errno -22
06-11 10:47:09.422   142   199 D ConnectivityService: handleInetConditionChange: no active default network - ignore
06-11 10:47:09.492  2848  2848 I wpa_supplicant: wlan0: Trying to associate with d0:c2:82:67:f5:90 (SSID='UB_Secure' freq=2412 MHz)
06-11 10:47:09.656  2848  2848 I wpa_supplicant: wlan0: Associated with d0:c2:82:67:f5:90
06-11 10:47:09.660  2848  2848 I wpa_supplicant: wlan0: CTRL-EVENT-EAP-STARTED EAP authentication started
06-11 10:47:09.668  2848  2848 I wpa_supplicant: wlan0: CTRL-EVENT-EAP-PROPOSED-METHOD vendor=0 method=4 -> NAK
06-11 10:47:09.672  2848  2848 I wpa_supplicant: wlan0: CTRL-EVENT-EAP-PROPOSED-METHOD vendor=0 method=25
06-11 10:47:09.672  2848  2848 I wpa_supplicant: wlan0: CTRL-EVENT-EAP-METHOD EAP vendor 0 method 25 (PEAP) selected
06-11 10:47:09.679  2848  2848 I wpa_supplicant: EAP-TLV: TLV Result - Success - EAP-TLV/Phase2 Completed
06-11 10:47:09.761 25165 25167 D dalvikvm: GC_CONCURRENT freed 507K, 7% free 10352K/11079K, paused 1ms+2ms
06-11 10:47:09.929 22161 22162 D dalvikvm: GC_CONCURRENT freed 727K, 8% free 10281K/11143K, paused 2ms+3ms
06-11 10:47:12.215   142   203 D Tethering: MasterInitialState.processMessage what=3
06-11 10:47:12.340   142   203 D Tethering: MasterInitialState.processMessage what=3
06-11 10:47:12.449   142   917 I ActivityManager: Start proc com.google.android.apps.uploader for broadcast com.google.android.apps.uploader/.ConnectivityBroadcastReceiver: pid=25613 uid=10031 gids={3003}
06-11 10:47:12.480 25613 25613 I dalvikvm: Turning on JNI app bug workarounds for target SDK version 11...
06-11 10:47:12.757 25613 25613 I ActivityThread: Pub com.google.android.apps.uploader: com.google.android.apps.uploader.UploadsContentProvider
06-11 10:47:12.757 25613 25613 I ActivityThread: Pub com.google.photos.provider.Album: com.google.android.apps.uploader.clients.picasa.AlbumProvider
06-11 10:47:12.765 25613 25613 D MediaUploader: UploaderApplication.onCreate
06-11 10:47:12.847 25613 25613 D MediaUploader: nonWifiLimit=20971520, default=20971520
06-11 10:47:12.855 25613 25613 I MediaUploader: No need to wake up
06-11 10:47:12.867 23949 23949 I PhoneLab-WiFiReceiver: Wi-Fi is disconnected!
06-11 10:47:13.019 25583 25630 D PicasaSync: sync account database
06-11 10:47:13.066   142   918 I ActivityManager: Start proc com.google.android.apps.docs for broadcast com.google.android.apps.docs/.receivers.NetworkChangeReceiver: pid=25632 uid=10069 gids={3003, 1015, 1006}
06-11 10:47:13.175 25583 25630 D PicasaSync: accounts in DB=1
06-11 10:47:13.175 25583 25630 D PicasaSyncManager: active network: null
06-11 10:47:13.175 25583 25630 D PicasaSyncManager: background data: true
06-11 10:47:13.257 25583 25630 D PicasaSyncManager: battery info: false
06-11 10:47:13.304 25632 25632 I ActivityThread: Pub com.google.android.apps.docs.files: com.google.android.apps.docs.sync.filemanager.FileProvider
06-11 10:47:13.316 25632 25632 I ActivityThread: Pub com.google.android.apps.docs.doclist.search_suggest: com.google.android.apps.docs.doclist.DocListGlobalSearchSuggestionProvider
06-11 10:47:13.390 25632 25632 V /ContextScope.java:112: 10:47:13.386 main Contexts in the main scope map after inserting com.google.android.apps.docs.editors.EditorsApplication@413485c0: com.google.android.apps.docs.editors.EditorsApplication@413485c0
06-11 10:47:13.488 25632 25635 D dalvikvm: GC_CONCURRENT freed 232K, 4% free 9304K/9607K, paused 5ms+7ms
06-11 10:47:13.695 25632 25635 D dalvikvm: GC_CONCURRENT freed 500K, 7% free 9331K/9927K, paused 1ms+2ms
06-11 10:47:13.840 25632 25635 D dalvikvm: GC_CONCURRENT freed 424K, 6% free 9418K/9927K, paused 2ms+2ms
06-11 10:47:13.968 25632 25635 D dalvikvm: GC_CONCURRENT freed 561K, 7% free 9418K/10055K, paused 2ms+2ms
06-11 10:47:14.074 25632 25635 D dalvikvm: GC_CONCURRENT freed 440K, 6% free 9490K/10055K, paused 2ms+2ms
06-11 10:47:14.179 25632 25635 D dalvikvm: GC_CONCURRENT freed 553K, 7% free 9504K/10119K, paused 2ms+2ms
06-11 10:47:14.238 25632 25632 D dalvikvm: GC_FOR_ALLOC freed 318K, 7% free 9475K/10119K, paused 18ms
06-11 10:47:14.238 25632 25632 I dalvikvm-heap: Grow heap (frag case) to 9.334MB for 13456-byte allocation
06-11 10:47:14.254 25632 25632 D dalvikvm: GC_FOR_ALLOC freed <1K, 7% free 9488K/10183K, paused 17ms
06-11 10:47:14.367 25632 25635 D dalvikvm: GC_CONCURRENT freed 404K, 7% free 9562K/10183K, paused 2ms+3ms
06-11 10:47:14.492 25632 25635 D dalvikvm: GC_CONCURRENT freed 421K, 6% free 9633K/10183K, paused 1ms+3ms
06-11 10:47:14.683 25632 25635 D dalvikvm: GC_CONCURRENT freed 465K, 6% free 9695K/10247K, paused 2ms+5ms
06-11 10:47:14.840 25632 25635 D dalvikvm: GC_CONCURRENT freed 487K, 6% free 9743K/10311K, paused 2ms+2ms
06-11 10:47:14.992 25632 25635 D dalvikvm: GC_CONCURRENT freed 522K, 6% free 9777K/10375K, paused 2ms+2ms
06-11 10:47:15.078 25632 25632 D /Ln.java:220: 10:47:15.081 main Configuring Logging, minimum log level is INFO
06-11 10:47:15.093 25632 25635 D dalvikvm: GC_CONCURRENT freed 473K, 6% free 9777K/10375K, paused 2ms+3ms
06-11 10:47:15.121 25632 25632 D DocListDatabase: openHelper points on new database: DocList.db
06-11 10:47:15.121 25632 25632 D DocListDatabase: in openWriteDatabase
06-11 10:47:15.152 25632 25632 W ND      : Could not load Finalizer in its own class loader. Loading Finalizer in the current class loader instead. As a result, you will not be able to garbage collect this class loader. To support reclaiming this class loader, either resolve the underlying issue, or move Google Collections to your system class path.
06-11 10:47:15.152 25632 25632 W ND      : java.io.FileNotFoundException: com/google/inject/internal/Finalizer.class
06-11 10:47:15.152 25632 25632 W ND      : 	at NE.a(FinalizableReferenceQueue.java:269)
06-11 10:47:15.152 25632 25632 W ND      : 	at NE.a(FinalizableReferenceQueue.java:253)
06-11 10:47:15.152 25632 25632 W ND      : 	at ND.a(FinalizableReferenceQueue.java:175)
06-11 10:47:15.152 25632 25632 W ND      : 	at ND.<clinit>(FinalizableReferenceQueue.java:100)
06-11 10:47:15.152 25632 25632 W ND      : 	at OT.<clinit>(MapMaker.java:787)
06-11 10:47:15.152 25632 25632 W ND      : 	at Ph.<init>(MapMaker.java:946)
06-11 10:47:15.152 25632 25632 W ND      : 	at Pb.a(MapMaker.java:312)
06-11 10:47:15.152 25632 25632 W ND      : 	at OX.a(MapMaker.java:498)
06-11 10:47:15.152 25632 25632 W ND      : 	at OX.a(MapMaker.java:419)
06-11 10:47:15.152 25632 25632 W ND      : 	at Nb.get(CustomConcurrentHashMap.java:2029)
06-11 10:47:15.152 25632 25632 W ND      : 	at MM.a(BytecodeGen.java:149)
06-11 10:47:15.152 25632 25632 W ND      : 	at MM.a(BytecodeGen.java:132)
06-11 10:47:15.152 25632 25632 W ND      : 	at MX.a(ConstructionContext.java:80)
06-11 10:47:15.152 25632 25632 W ND      : 	at KG.a(ConstructorInjector.java:70)
06-11 10:47:15.152 25632 25632 W ND      : 	at KF.a(ConstructorBindingImpl.java:111)
06-11 10:47:15.152 25632 25632 W ND      : 	at LU.a(ProviderToInternalFactoryAdapter.java:45)
06-11 10:47:15.152 25632 25632 W ND      : 	at Li.a(InjectorImpl.java:811)
06-11 10:47:15.152 25632 25632 W ND      : 	at LT.a(ProviderToInternalFactoryAdapter.java:42)
06-11 10:47:15.152 25632 25632 W ND      : 	at Mc.a(Scopes.java:54)
06-11 10:47:15.152 25632 25632 W ND      : 	at Lz.a(InternalFactoryToProviderAdapter.java:48)
06-11 10:47:15.152 25632 25632 W ND      : 	at KR.a(FactoryProxy.java:56)
06-11 10:47:15.152 25632 25632 W ND      : 	at Mi.a(SingleParameterInjector.java:42)
06-11 10:47:15.152 25632 25632 W ND      : 	at Mi.a(SingleParameterInjector.java:66)
06-11 10:47:15.152 25632 25632 W ND      : 	at KG.a(ConstructorInjector.java:84)
06-11 10:47:15.152 25632 25632 W ND      : 	at KF.a(ConstructorBindingImpl.java:111)
06-11 10:47:15.152 25632 25632 W ND      : 	at KR.a(FactoryProxy.java:56)
06-11 10:47:15.152 25632 25632 W ND      : 	at Mi.a(SingleParameterInjector.java:42)
06-11 10:47:15.152 25632 25632 W ND      : 	at Mi.a(SingleParameterInjector.java:66)
06-11 10:47:15.152 25632 25632 W ND      : 	at KG.a(ConstructorInjector.java:84)
06-11 10:47:15.152 25632 25632 W ND      : 	at KF.a(ConstructorBindingImpl.java:111)
06-11 10:47:15.152 25632 25632 W ND      : 	at LU.a(ProviderToInternalFactoryAdapter.java:45)
06-11 10:47:15.152 25632 25632 W ND      : 	at Li.a(InjectorImpl.java:811)
06-11 10:47:15.152 25632 25632 W ND      : 	at LT.a(ProviderToInternalFactoryAdapter.java:42)
06-11 10:47:15.152 25632 25632 W ND      : 	at Mc.a(Scopes.java:54)
06-11 10:47:15.152 25632 25632 W ND      : 	at Lz.a(InternalFactoryToProviderAdapter.java:48)
06-11 10:47:15.152 25632 25632 W ND      : 	at Lg.a(InjectorBuilder.java:200)
06-11 10:47:15.152 25632 25632 W ND      : 	at Lg.a(InjectorBuilder.java:194)
06-11 10:47:15.152 25632 25632 W ND      : 	at Li.a(InjectorImpl.java:804)
06-11 10:47:15.152 25632 25632 W ND      : 	at Lf.a(InjectorBuilder.java:194)
06-11 10:47:15.152 25632 25632 W ND      : 	at Lf.b(InjectorBuilder.java:176)
06-11 10:47:15.152 25632 25632 W ND      : 	at Lf.a(InjectorBuilder.java:113)
06-11 10:47:15.152 25632 25632 W ND      : 	at KS.a(Guice.java:92)
06-11 10:47:15.152 25632 25632 W ND      : 	at roboguice.application.RoboApplication.b(RoboApplication.java:146)
06-11 10:47:15.152 25632 25632 W ND      : 	at roboguice.application.RoboApplication.a(RoboApplication.java:84)
06-11 10:47:15.152 25632 25632 W ND      : 	at com.google.android.apps.docs.GuiceContentProvider.a(GuiceContentProvider.java:36)
06-11 10:47:15.152 25632 25632 W ND      : 	at com.google.android.apps.docs.GuiceContentProvider.onCreate(GuiceContentProvider.java:27)
06-11 10:47:15.152 25632 25632 W ND      : 	at com.google.android.apps.docs.doclist.BaseSearchSuggestionProvider.onCreate(BaseSearchSuggestionProvider.java:88)
06-11 10:47:15.152 25632 25632 W ND      : 	at android.content.ContentProvider.attachInfo(ContentProvider.java:944)
06-11 10:47:15.152 25632 25632 W ND      : 	at android.app.ActivityThread.installProvider(ActivityThread.java:4237)
06-11 10:47:15.152 25632 25632 W ND      : 	at android.app.ActivityThread.installContentProviders(ActivityThread.java:3992)
06-11 10:47:15.152 25632 25632 W ND      : 	at android.app.ActivityThread.handleBindApplication(ActivityThread.java:3946)
06-11 10:47:15.152 25632 25632 W ND      : 	at android.app.ActivityThread.access$1300(ActivityThread.java:123)
06-11 10:47:15.152 25632 25632 W ND      : 	at android.app.ActivityThread$H.handleMessage(ActivityThread.java:1185)
06-11 10:47:15.152 25632 25632 W ND      : 	at android.os.Handler.dispatchMessage(Handler.java:99)
06-11 10:47:15.152 25632 25632 W ND      : 	at android.os.Looper.loop(Looper.java:137)
06-11 10:47:15.152 25632 25632 W ND      : 	at android.app.ActivityThread.main(ActivityThread.java:4424)
06-11 10:47:15.152 25632 25632 W ND      : 	at java.lang.reflect.Method.invokeNative(Native Method)
06-11 10:47:15.152 25632 25632 W ND      : 	at java.lang.reflect.Method.invoke(Method.java:511)
06-11 10:47:15.152 25632 25632 W ND      : 	at com.android.internal.os.ZygoteInit$MethodAndArgsCaller.run(ZygoteInit.java:784)
06-11 10:47:15.152 25632 25632 W ND      : 	at com.android.internal.os.ZygoteInit.main(ZygoteInit.java:551)
06-11 10:47:15.152 25632 25632 W ND      : 	at dalvik.system.NativeStart.main(Native Method)
06-11 10:47:15.160 25632 25632 I ND      : Failed to start reference finalizer thread. Reference cleanup will only occur when new references are created.
06-11 10:47:15.160 25632 25632 I ND      : java.lang.reflect.InvocationTargetException
06-11 10:47:15.160 25632 25632 I ND      : 	at java.lang.reflect.Method.invokeNative(Native Method)
06-11 10:47:15.160 25632 25632 I ND      : 	at java.lang.reflect.Method.invoke(Method.java:511)
06-11 10:47:15.160 25632 25632 I ND      : 	at ND.<init>(FinalizableReferenceQueue.java:124)
06-11 10:47:15.160 25632 25632 I ND      : 	at OT.<clinit>(MapMaker.java:787)
06-11 10:47:15.160 25632 25632 I ND      : 	at Ph.<init>(MapMaker.java:946)
06-11 10:47:15.160 25632 25632 I ND      : 	at Pb.a(MapMaker.java:312)
06-11 10:47:15.160 25632 25632 I ND      : 	at OX.a(MapMaker.java:498)
06-11 10:47:15.160 25632 25632 I ND      : 	at OX.a(MapMaker.java:419)
06-11 10:47:15.160 25632 25632 I ND      : 	at Nb.get(CustomConcurrentHashMap.java:2029)
06-11 10:47:15.160 25632 25632 I ND      : 	at MM.a(BytecodeGen.java:149)
06-11 10:47:15.160 25632 25632 I ND      : 	at MM.a(BytecodeGen.java:132)
06-11 10:47:15.160 25632 25632 I ND      : 	at MX.a(ConstructionContext.java:80)
06-11 10:47:15.160 25632 25632 I ND      : 	at KG.a(ConstructorInjector.java:70)
06-11 10:47:15.160 25632 25632 I ND      : 	at KF.a(ConstructorBindingImpl.java:111)
06-11 10:47:15.160 25632 25632 I ND      : 	at LU.a(ProviderToInternalFactoryAdapter.java:45)
06-11 10:47:15.160 25632 25632 I ND      : 	at Li.a(InjectorImpl.java:811)
06-11 10:47:15.160 25632 25632 I ND      : 	at LT.a(ProviderToInternalFactoryAdapter.java:42)
06-11 10:47:15.160 25632 25632 I ND      : 	at Mc.a(Scopes.java:54)
06-11 10:47:15.160 25632 25632 I ND      : 	at Lz.a(InternalFactoryToProviderAdapter.java:48)
06-11 10:47:15.160 25632 25632 I ND      : 	at KR.a(FactoryProxy.java:56)
06-11 10:47:15.160 25632 25632 I ND      : 	at Mi.a(SingleParameterInjector.java:42)
06-11 10:47:15.160 25632 25632 I ND      : 	at Mi.a(SingleParameterInjector.java:66)
06-11 10:47:15.160 25632 25632 I ND      : 	at KG.a(ConstructorInjector.java:84)
06-11 10:47:15.160 25632 25632 I ND      : 	at KF.a(ConstructorBindingImpl.java:111)
06-11 10:47:15.160 25632 25632 I ND      : 	at KR.a(FactoryProxy.java:56)
06-11 10:47:15.160 25632 25632 I ND      : 	at Mi.a(SingleParameterInjector.java:42)
06-11 10:47:15.160 25632 25632 I ND      : 	at Mi.a(SingleParameterInjector.java:66)
06-11 10:47:15.160 25632 25632 I ND      : 	at KG.a(ConstructorInjector.java:84)
06-11 10:47:15.160 25632 25632 I ND      : 	at KF.a(ConstructorBindingImpl.java:111)
06-11 10:47:15.160 25632 25632 I ND      : 	at LU.a(ProviderToInternalFactoryAdapter.java:45)
06-11 10:47:15.160 25632 25632 I ND      : 	at Li.a(InjectorImpl.java:811)
06-11 10:47:15.160 25632 25632 I ND      : 	at LT.a(ProviderToInternalFactoryAdapter.java:42)
06-11 10:47:15.160 25632 25632 I ND      : 	at Mc.a(Scopes.java:54)
06-11 10:47:15.160 25632 25632 I ND      : 	at Lz.a(InternalFactoryToProviderAdapter.java:48)
06-11 10:47:15.160 25632 25632 I ND      : 	at Lg.a(InjectorBuilder.java:200)
06-11 10:47:15.160 25632 25632 I ND      : 	at Lg.a(InjectorBuilder.java:194)
06-11 10:47:15.160 25632 25632 I ND      : 	at Li.a(InjectorImpl.java:804)
06-11 10:47:15.160 25632 25632 I ND      : 	at Lf.a(InjectorBuilder.java:194)
06-11 10:47:15.160 25632 25632 I ND      : 	at Lf.b(InjectorBuilder.java:176)
06-11 10:47:15.160 25632 25632 I ND      : 	at Lf.a(InjectorBuilder.java:113)
06-11 10:47:15.160 25632 25632 I ND      : 	at KS.a(Guice.java:92)
06-11 10:47:15.160 25632 25632 I ND      : 	at roboguice.application.RoboApplication.b(RoboApplication.java:146)
06-11 10:47:15.160 25632 25632 I ND      : 	at roboguice.application.RoboApplication.a(RoboApplication.java:84)
06-11 10:47:15.160 25632 25632 I ND      : 	at com.google.android.apps.docs.GuiceContentProvider.a(GuiceContentProvider.java:36)
06-11 10:47:15.160 25632 25632 I ND      : 	at com.google.android.apps.docs.GuiceContentProvider.onCreate(GuiceContentProvider.java:27)
06-11 10:47:15.160 25632 25632 I ND      : 	at com.google.android.apps.docs.doclist.BaseSearchSuggestionProvider.onCreate(BaseSearchSuggestionProvider.java:88)
06-11 10:47:15.160 25632 25632 I ND      : 	at android.content.ContentProvider.attachInfo(ContentProvider.java:944)
06-11 10:47:15.160 25632 25632 I ND      : 	at android.app.ActivityThread.installProvider(ActivityThread.java:4237)
06-11 10:47:15.160 25632 25632 I ND      : 	at android.app.ActivityThread.installContentProviders(ActivityThread.java:3992)
06-11 10:47:15.160 25632 25632 I ND      : 	at android.app.ActivityThread.handleBindApplication(ActivityThread.java:3946)
06-11 10:47:15.160 25632 25632 I ND      : 	at android.app.ActivityThread.access$1300(ActivityThread.java:123)
06-11 10:47:15.160 25632 25632 I ND      : 	at android.app.ActivityThread$H.handleMessage(ActivityThread.java:1185)
06-11 10:47:15.160 25632 25632 I ND      : 	at android.os.Handler.dispatchMessage(Handler.java:99)
06-11 10:47:15.160 25632 25632 I ND      : 	at android.os.Looper.loop(Looper.java:137)
06-11 10:47:15.160 25632 25632 I ND      : 	at android.app.ActivityThread.main(ActivityThread.java:4424)
06-11 10:47:15.160 25632 25632 I ND      : 	at java.lang.reflect.Method.invokeNative(Native Method)
06-11 10:47:15.160 25632 25632 I ND      : 	at java.lang.reflect.Method.invoke(Method.java:511)
06-11 10:47:15.160 25632 25632 I ND      : 	at com.android.internal.os.ZygoteInit$MethodAndArgsCaller.run(ZygoteInit.java:784)
06-11 10:47:15.160 25632 25632 I ND      : 	at com.android.internal.os.ZygoteInit.main(ZygoteInit.java:551)
06-11 10:47:15.160 25632 25632 I ND      : 	at dalvik.system.NativeStart.main(Native Method)
06-11 10:47:15.160 25632 25632 I ND      : Caused by: java.lang.IllegalArgumentException: Expected com.google.inject.internal.FinalizableReference.
06-11 10:47:15.160 25632 25632 I ND      : 	at NK.startFinalizer(Finalizer.java:77)
06-11 10:47:15.160 25632 25632 I ND      : 	... 60 more
06-11 10:47:15.222 25632 25635 D dalvikvm: GC_CONCURRENT freed 413K, 6% free 9846K/10375K, paused 2ms+6ms
06-11 10:47:15.226 25632 25632 I ActivityThread: Pub com.google.android.apps.docs.doclist.account_suggest: com.google.android.apps.docs.doclist.DocListAccountSuggestionProvider
06-11 10:47:15.238 25632 25632 I ActivityThread: Pub com.google.android.apps.docs: com.google.android.apps.docs.providers.DocListProvider
06-11 10:47:15.316 25613 25613 I MediaUploader: No need to wake up
06-11 10:47:15.367 25583 25630 D PicasaSyncManager: active network: null
06-11 10:47:15.367 25583 25630 D PicasaSyncManager: background data: true
06-11 10:47:15.578   142   199 D ConnectivityService: ConnectivityChange for WIMAX: DISCONNECTED/SCANNING
06-11 10:47:15.578   142   199 D ConnectivityService: Attempting to switch to mobile
06-11 10:47:15.578   142   199 D ConnectivityService: Attempting to switch to WIFI
06-11 10:47:15.578   142   199 D ConnectivityService: Attempting to switch to BLUETOOTH_TETHER
06-11 10:47:18.625   142   203 D Tethering: MasterInitialState.processMessage what=3
06-11 10:47:18.722 25613 25613 I MediaUploader: No need to wake up
06-11 10:47:18.785 25583 25630 D PicasaSyncManager: active network: null
06-11 10:47:18.785 25583 25630 D PicasaSyncManager: background data: true
06-11 10:47:20.129   142   199 D ConnectivityService: ConnectivityChange for mobile: CONNECTED/CONNECTED
06-11 10:47:20.222   142   195 D NetworkPolicy: applying policy NetworkPolicy[NetworkTemplate: matchRule=MOBILE_ALL, subscriberId=valid]: cycleDay=8, warningBytes=2147483648, limitBytes=-1, lastSnooze=-1 to ifaces [rmnet0]
06-11 10:47:21.129   142   199 D ConnectivityService: NetTransition Wakelock for WifiStateMachine released by timeout
06-11 10:47:23.230   142   203 D Tethering: MasterInitialState.processMessage what=3
06-11 10:47:23.265  4690  4690 I GTalkService/c: [AndroidEndpoint@1094367416] connect: acct=1000000, state=CONNECTING
06-11 10:47:23.265  4690  4690 I GTalkService/c: [GTalkConnection@1093775384] connect: acct=1, state=CONNECTING
06-11 10:47:23.433   142   421 D dalvikvm: GC_EXPLICIT freed 1773K, 16% free 17848K/21191K, paused 13ms+10ms
06-11 10:47:23.476 25613 25613 I MediaUploader: No need to wake up
06-11 10:47:23.558 25583 25630 D PicasaSyncManager: active network: NetworkInfo: type: mobile[CDMA - EvDo rev. A], state: CONNECTED/CONNECTED, reason: (unspecified), extra: , roaming: false, failover: true, isAvailable: true
06-11 10:47:23.574 25583 25630 D PicasaSyncManager: background data: true
06-11 10:47:23.757  4690  4693 D dalvikvm: GC_CONCURRENT freed 465K, 7% free 10530K/11271K, paused 2ms+6ms
06-11 10:47:23.793   142   916 I ActivityManager: Process android.process.acore (pid 24238) has died.
06-11 10:47:23.793   142   422 D CountryDetector: No listener is left
06-11 10:47:25.574  2848  2848 I wpa_supplicant: wlan0: CTRL-EVENT-DISCONNECTED bssid=d0:c2:82:67:f5:90 reason=0
06-11 10:47:25.644   142   370 I ActivityManager: Start proc android.process.acore for content provider com.android.providers.contacts/.ContactsProvider2: pid=25672 uid=10000 gids={3003, 1015}
06-11 10:47:25.695 25672 25672 I ActivityThread: Pub call_log: com.android.providers.contacts.CallLogProvider
06-11 10:47:25.726 25672 25672 I ActivityThread: Pub com.android.voicemail: com.android.providers.contacts.VoicemailContentProvider
06-11 10:47:25.730 25672 25672 I ActivityThread: Pub user_dictionary: com.android.providers.userdictionary.UserDictionaryProvider
06-11 10:47:25.750 25672 25672 I ActivityThread: Pub com.android.social: com.android.providers.contacts.SocialProvider
06-11 10:47:25.750 25672 25672 I ActivityThread: Pub applications: com.android.providers.applications.ApplicationsProvider
06-11 10:47:25.832 25672 25672 I ActivityThread: Pub contacts;com.android.contacts: com.android.providers.contacts.ContactsProvider2
06-11 10:47:25.847 25672 25674 D dalvikvm: GC_CONCURRENT freed 355K, 5% free 9181K/9607K, paused 2ms+3ms
06-11 10:47:26.109   142   199 D ConnectivityService: handleInetConditionHoldEnd: net=0, condition=100, published condition=0
06-11 10:47:26.187  2848  2848 I wpa_supplicant: wlan0: Trying to associate with d0:c2:82:2d:e5:b0 (SSID='UB_Secure' freq=2437 MHz)
06-11 10:47:26.293  2848  2848 I wpa_supplicant: wlan0: Associated with d0:c2:82:2d:e5:b0
06-11 10:47:26.304  2848  2848 I wpa_supplicant: wlan0: CTRL-EVENT-EAP-STARTED EAP authentication started
06-11 10:47:26.312  2848  2848 I wpa_supplicant: wlan0: CTRL-EVENT-EAP-PROPOSED-METHOD vendor=0 method=4 -> NAK
06-11 10:47:26.316  2848  2848 I wpa_supplicant: wlan0: CTRL-EVENT-EAP-PROPOSED-METHOD vendor=0 method=25
06-11 10:47:26.336  2848  2848 I wpa_supplicant: wlan0: CTRL-EVENT-EAP-METHOD EAP vendor 0 method 25 (PEAP) selected
06-11 10:47:26.343  2848  2848 I wpa_supplicant: EAP-TLV: TLV Result - Success - EAP-TLV/Phase2 Completed
06-11 10:47:26.879 25672 25674 D dalvikvm: GC_CONCURRENT freed 237K, 4% free 9383K/9735K, paused 17ms+3ms
06-11 10:47:30.226   342   342 D SAN_SERVICE: *******************************************
06-11 10:47:30.226   342   342 D SAN_SERVICE: DM App Phone Service State - 0
06-11 10:47:30.226   342   342 D SAN_SERVICE: *******************************************
06-11 10:47:30.507   342   342 D SAN_SERVICE: *******************************************
06-11 10:47:30.507   342   342 D SAN_SERVICE: DM App Phone Service State - 0
06-11 10:47:30.507   342   342 D SAN_SERVICE: *******************************************
06-11 10:47:30.742   342   342 D SAN_SERVICE: *******************************************
06-11 10:47:30.742   342   342 D SAN_SERVICE: DM App Phone Service State - 0
06-11 10:47:30.742   342   342 D SAN_SERVICE: *******************************************
06-11 10:47:32.785  4690  4693 D dalvikvm: GC_CONCURRENT freed 369K, 7% free 10545K/11271K, paused 2ms+9ms
06-11 10:47:36.605 22700 22702 D dalvikvm: GC_CONCURRENT freed 1924K, 15% free 16491K/19271K, paused 26ms+6ms
06-11 10:47:41.039   342   342 D SAN_SERVICE: *******************************************
06-11 10:47:41.039   342   342 D SAN_SERVICE: DM App Phone Service State - 0
06-11 10:47:41.039   342   342 D SAN_SERVICE: *******************************************
06-11 10:47:41.457   342   342 D SAN_SERVICE: *******************************************
06-11 10:47:41.457   342   342 D SAN_SERVICE: DM App Phone Service State - 0
06-11 10:47:41.457   342   342 D SAN_SERVICE: *******************************************
06-11 10:47:41.820   342   342 D SAN_SERVICE: *******************************************
06-11 10:47:41.820   342   342 D SAN_SERVICE: DM App Phone Service State - 0
06-11 10:47:41.820   342   342 D SAN_SERVICE: *******************************************
06-11 10:47:41.879   342   345 D dalvikvm: GC_CONCURRENT freed 893K, 9% free 12126K/13255K, paused 11ms+4ms
06-11 10:47:42.547   142   422 I ActivityManager: Process com.android.vending (pid 25534) has died.
06-11 10:47:42.757 25323 25324 D dalvikvm: GC_CONCURRENT freed 3727K, 18% free 17983K/21831K, paused 12ms+5ms
06-11 10:47:53.019  2848  2848 I wpa_supplicant: wlan0: CTRL-EVENT-DISCONNECTED bssid=d0:c2:82:2d:e5:b0 reason=0
06-11 10:47:53.070   142   154 I AudioService:  AudioFocus  abandonAudioFocus() from android.media.AudioManager@413206c8com.android.music.MediaPlaybackService$3@4131f668
06-11 10:47:53.105   142   159 I ActivityManager: Start proc com.android.musicfx for broadcast com.android.musicfx/.ControlPanelReceiver: pid=25693 uid=10034 gids={3003, 3002}
06-11 10:47:53.269 25693 25693 V MusicFXControlPanelReceiver: onReceive
06-11 10:47:53.269 25693 25693 V MusicFXControlPanelReceiver: Action: android.media.action.CLOSE_AUDIO_EFFECT_CONTROL_SESSION
06-11 10:47:53.269 25693 25693 V MusicFXControlPanelReceiver: Package name: com.android.music
06-11 10:47:53.269 25693 25693 V MusicFXControlPanelReceiver: Audio session: 75
06-11 10:47:53.273 25693 25693 V MusicFXControlPanelEffect: closeSession(android.app.ReceiverRestrictedContext@41317278, com.android.music, 75)
06-11 10:47:53.621  2848  2848 I wpa_supplicant: wlan0: Trying to associate with 00:86:11:15:d0:e1 (SSID='konoha' freq=2437 MHz)
06-11 10:47:53.925   213   213 D dalvikvm: GC_FOR_ALLOC freed 413K, 37% free 9721K/15239K, paused 30ms
06-11 10:47:53.984   213   215 D dalvikvm: GC_CONCURRENT freed 338K, 36% free 9823K/15239K, paused 2ms+2ms
06-11 10:47:54.168   213   215 D dalvikvm: GC_CONCURRENT freed 455K, 36% free 9874K/15239K, paused 3ms+7ms
06-11 10:48:09.054  2848  2848 I wpa_supplicant: wlan0: Authentication with 00:86:11:15:d0:e1 timed out.
06-11 10:48:09.093 25165 25185 I x       : Not returning location for the following outliers: [229533826278832]
06-11 10:48:09.246 25165 25167 D dalvikvm: GC_CONCURRENT freed 398K, 7% free 10367K/11079K, paused 6ms+2ms
06-11 10:48:18.582  2848  2848 I wpa_supplicant: wlan0: Trying to associate with d0:c2:82:67:e7:60 (SSID='UB_Secure' freq=2412 MHz)
06-11 10:48:18.773    76   113 D NetlinkEvent: Unexpected netlink message. type=0x0
06-11 10:48:18.777  2848  2848 I wpa_supplicant: wlan0: Associated with d0:c2:82:67:e7:60
06-11 10:48:18.789  2848  2848 I wpa_supplicant: wlan0: CTRL-EVENT-EAP-STARTED EAP authentication started
06-11 10:48:18.796  2848  2848 I wpa_supplicant: wlan0: CTRL-EVENT-EAP-PROPOSED-METHOD vendor=0 method=4 -> NAK
06-11 10:48:18.800  2848  2848 I wpa_supplicant: wlan0: CTRL-EVENT-EAP-PROPOSED-METHOD vendor=0 method=25
06-11 10:48:18.800  2848  2848 I wpa_supplicant: wlan0: CTRL-EVENT-EAP-METHOD EAP vendor 0 method 25 (PEAP) selected
06-11 10:48:18.855  2848  2848 I wpa_supplicant: wlan0: CTRL-EVENT-EAP-PEER-CERT depth=2 subject='/C=US/O=Entrust.net/OU=www.entrust.net/CPS incorp. by ref. (limits liab.)/OU=(c) 1999 Entrust.net Limited/CN=Entrust.net Secure Server Certification Authority'
06-11 10:48:18.855  2848  2848 I wpa_supplicant: wlan0: CTRL-EVENT-EAP-PEER-CERT depth=2 subject='/C=US/O=Entrust.net/OU=www.entrust.net/CPS incorp. by ref. (limits liab.)/OU=(c) 1999 Entrust.net Limited/CN=Entrust.net Secure Server Certification Authority'
06-11 10:48:18.859  2848  2848 I wpa_supplicant: wlan0: CTRL-EVENT-EAP-PEER-CERT depth=1 subject='/C=US/ST=UT/L=Salt Lake City/O=The USERTRUST Network/CN=USERTrust Legacy Secure Server CA'
06-11 10:48:18.859  2848  2848 I wpa_supplicant: wlan0: CTRL-EVENT-EAP-PEER-CERT depth=0 subject='/C=US/postalCode=14260/ST=New York/L=Buffalo/street=305 Computing Center/O=SUNY AT BUFFALO/OU=Issued through UNIVERSITY AT BUFFALO E-PKI Manager/OU=Comodo PremiumSSL Legacy/CN=radius2.cit.buffalo.edu'
06-11 10:48:19.015  2848  2848 I wpa_supplicant: EAP-MSCHAPV2: Authentication succeeded
06-11 10:48:19.023  2848  2848 I wpa_supplicant: EAP-TLV: TLV Result - Success - EAP-TLV/Phase2 Completed
06-11 10:48:19.035  2848  2848 I wpa_supplicant: wlan0: CTRL-EVENT-EAP-SUCCESS EAP authentication completed successfully
06-11 10:48:19.078  2848  2848 I wpa_supplicant: wlan0: WPA: Key negotiation completed with d0:c2:82:67:e7:60 [PTK=CCMP GTK=TKIP]
06-11 10:48:19.078  2848  2848 I wpa_supplicant: wlan0: CTRL-EVENT-CONNECTED - Connection to d0:c2:82:67:e7:60 completed (reauth) [id=3 id_str=]
06-11 10:48:19.781   142   199 D ConnectivityService: ConnectivityChange for WIFI: CONNECTED/CONNECTED
06-11 10:48:19.781   142   199 D ConnectivityService: Policy requires mobile teardown
06-11 10:48:19.843 23949 23949 I PhoneLab-WiFiReceiver: Wi-Fi is connected!
06-11 10:48:19.875 23949 23949 I PhoneLab-WiFiReceiver: SSID: UB_Secure BSSID: d0:c2:82:67:e7:60 RSSI: -200 LinkSpeed: -1
06-11 10:48:19.882 23949 23949 I PhoneLab-Locks: wake lock acquired
06-11 10:48:19.929   142   199 D ConnectivityService: ConnectivityChange for mobile: DISCONNECTED/DISCONNECTED
06-11 10:48:19.929   142   199 D ConnectivityService: Attempting to switch to WIFI
06-11 10:48:19.933   142   199 D ConnectivityService: Attempting to switch to WIMAX
06-11 10:48:19.933   142   199 D ConnectivityService: Attempting to switch to BLUETOOTH_TETHER
06-11 10:48:19.945 23949 23949 I PhoneLab-UploadLogs: Transfering log files now
06-11 10:48:19.961   142   199 D NetUtils: android_net_utils_resetConnections in env=0x658290 clazz=0xc4700001 iface=rmnet0 mask=0x3
06-11 10:48:19.961   142   199 D ConnectivityService: resetConnections(rmnet0, 3)
06-11 10:48:19.972   142   194 W NetworkStats: dropping UID delta from unknown iface: iface=wlan0 uid=0 set=DEFAULT tag=0x0 rxBytes=79 rxPackets=1 txBytes=140 txPackets=2 operations=0
06-11 10:48:20.054   142   195 D NetworkPolicy: applying policy NetworkPolicy[NetworkTemplate: matchRule=MOBILE_ALL, subscriberId=valid]: cycleDay=8, warningBytes=2147483648, limitBytes=-1, lastSnooze=-1 to ifaces [rmnet0]
06-11 10:48:20.218 23949 23951 D dalvikvm: GC_CONCURRENT freed 507K, 6% free 9220K/9799K, paused 2ms+2ms
06-11 10:48:20.257 23949 23949 D dalvikvm: GC_FOR_ALLOC freed 35K, 7% free 9211K/9799K, paused 14ms
06-11 10:48:20.257 23949 23949 I dalvikvm-heap: Grow heap (frag case) to 9.182MB for 123476-byte allocation
06-11 10:48:20.289 23949 23949 D dalvikvm: GC_FOR_ALLOC freed 56K, 7% free 9275K/9927K, paused 29ms
06-11 10:48:20.289 23949 23949 I dalvikvm-heap: Grow heap (frag case) to 9.370MB for 254548-byte allocation
06-11 10:48:20.343 23949 23949 D dalvikvm: GC_FOR_ALLOC freed 120K, 8% free 9403K/10183K, paused 52ms
06-11 10:48:20.347 23949 23949 I dalvikvm-heap: Grow heap (frag case) to 9.745MB for 516692-byte allocation
06-11 10:48:20.379 23949 23951 D dalvikvm: GC_CONCURRENT freed 248K, 10% free 9659K/10695K, paused 2ms+5ms
06-11 10:48:20.379 23949 23949 I PhoneLab-UploadLogs: OnStartCommand
06-11 10:48:20.394   142   421 I ActivityManager: Process com.android.music (pid 25566) has died.
06-11 10:48:20.441  4690 25662 W Smack/Packet: notify conn break (IOEx), close connection
06-11 10:48:20.601  4690 25662 I qtaguid : Failed write_ctrl(u 57) res=-1 errno=22
06-11 10:48:20.636  4690 25662 I qtaguid : Untagging socket 57 failed errno=-22
06-11 10:48:20.640  4690 25662 W NetworkManagementSocketTagger: untagSocket(57) failed with errno -22
06-11 10:48:20.675   142   199 D ConnectivityService: handleInetConditionChange: net=0 != default=1 - ignore
06-11 10:48:20.793   342   342 D SAN_SERVICE: *******************************************
06-11 10:48:20.793   342   342 D SAN_SERVICE: DM App Phone Service State - 0
06-11 10:48:20.793   342   342 D SAN_SERVICE: *******************************************
06-11 10:48:20.843 23949 25737 D dalvikvm: GC_FOR_ALLOC freed 382K, 10% free 9644K/10695K, paused 20ms
06-11 10:48:20.875 23949 25737 D dalvikvm: GC_FOR_ALLOC freed 301K, 10% free 9644K/10695K, paused 27ms
06-11 10:48:20.906 23949 25737 D dalvikvm: GC_FOR_ALLOC freed 301K, 10% free 9651K/10695K, paused 22ms
06-11 10:48:22.843   142   918 I ActivityManager: Process com.google.android.gsf.login (pid 23811) has died.
06-11 10:48:22.902   142   203 D Tethering: MasterInitialState.processMessage what=3
06-11 10:48:22.937  4690  4690 I GTalkService/c: [AndroidEndpoint@1094367416] connect: acct=1000000, state=CONNECTING
06-11 10:48:22.941  4690  4690 I GTalkService/c: [GTalkConnection@1093775384] connect: acct=1, state=CONNECTING
06-11 10:48:23.023   142   203 D Tethering: MasterInitialState.processMessage what=3
06-11 10:48:23.039   142   203 D Tethering: MasterInitialState.processMessage what=3
06-11 10:48:23.132   142   145 D dalvikvm: GC_CONCURRENT freed 2041K, 16% free 17854K/21191K, paused 11ms+17ms
06-11 10:48:23.199 25613 25613 I MediaUploader: No need to wake up
06-11 10:48:23.285 25583 25630 D PicasaSyncManager: active network: NetworkInfo: type: WIFI[], state: CONNECTED/CONNECTED, reason: (unspecified), extra: (none), roaming: false, failover: false, isAvailable: true
06-11 10:48:23.285 25583 25630 D PicasaSyncManager: background data: true
06-11 10:48:23.586 25613 25613 I MediaUploader: No need to wake up
06-11 10:48:23.703 25613 25613 I MediaUploader: No need to wake up
06-11 10:48:23.832 25583 25630 D PicasaSyncManager: active network: NetworkInfo: type: WIFI[], state: CONNECTED/CONNECTED, reason: (unspecified), extra: (none), roaming: false, failover: false, isAvailable: true
06-11 10:48:23.832 25583 25630 D PicasaSyncManager: background data: true
06-11 10:48:23.863 23949 23949 I PhoneLab-: 1339425713498.log is deleted
06-11 10:48:23.863 23949 23949 I PhoneLab-: Response: {"data": "done", "err": ""}
06-11 10:48:23.867 23949 23949 I PhoneLab-UploadLogs: No log files to transfer
06-11 10:48:23.867 23949 23949 I PhoneLab-Locks: wake lock released
06-11 10:48:24.636  4690  4693 D dalvikvm: GC_CONCURRENT freed 394K, 7% free 10554K/11271K, paused 2ms+5ms
06-11 10:48:25.941   342   342 D SAN_SERVICE: *******************************************
06-11 10:48:25.941   342   342 D SAN_SERVICE: DM App Phone Service State - 0
06-11 10:48:25.941   342   342 D SAN_SERVICE: *******************************************
06-11 10:48:27.160   142   199 D ConnectivityService: handleInetConditionHoldEnd: net=1, condition=100, published condition=0
06-11 10:48:28.218 25672 25674 D dalvikvm: GC_CONCURRENT freed 375K, 6% free 9419K/9927K, paused 25ms+2ms
06-11 10:48:45.574 25231 25233 D dalvikvm: GC_CONCURRENT freed 380K, 6% free 9911K/10503K, paused 14ms+5ms
06-11 10:49:09.382   142   294 D dalvikvm: GC_EXPLICIT freed 829K, 18% free 17580K/21191K, paused 3ms+8ms
06-11 10:49:10.636 25165 25185 I x       : Not returning location for the following outliers: [229533826278832]
06-11 10:49:10.796 22161 22162 D dalvikvm: GC_CONCURRENT freed 519K, 8% free 10273K/11143K, paused 12ms+3ms
06-11 10:49:38.547 25323 25767 I DatabaseHelper: Begin cleanup.
06-11 10:49:38.601 25323 25767 I DatabaseHelper: Cleaned up: 0
06-11 10:50:05.449 25165 25185 D IOCollector: Waiting for the ScannerThread to start.
06-11 10:50:05.515 25165 25771 D IOCollector: Real collector stared with config: Scanner types: [64, 16, 128]; Dest: MEMORY; ScanDuration: 10000, SensorDelay: {4=1}; Data path: null; Key path: null; View opted out WIFI APs: false
06-11 10:50:05.539 25165 25771 D IOCollector: J started.
06-11 10:50:05.757   213   215 D dalvikvm: GC_CONCURRENT freed 443K, 36% free 9889K/15239K, paused 2ms+3ms
06-11 10:50:05.765 25165 25771 D IOCollector: aq started.
06-11 10:50:05.765 25165 25771 D IOCollector: F started.
06-11 10:50:05.765 25165 25771 D IOCollector: RealCollector started.
06-11 10:50:05.816   213   213 D dalvikvm: GC_FOR_ALLOC freed 655K, 37% free 9696K/15239K, paused 20ms
06-11 10:50:05.918   213   215 D dalvikvm: GC_CONCURRENT freed 358K, 36% free 9767K/15239K, paused 3ms+4ms
06-11 10:50:07.726 25165 25167 D dalvikvm: GC_CONCURRENT freed 339K, 6% free 10439K/11079K, paused 11ms+3ms
06-11 10:50:10.683 25165 25185 I x       : Not returning location for the following outliers: [229533826278832]
06-11 10:50:10.847 25165 25167 D dalvikvm: GC_CONCURRENT freed 308K, 5% free 10533K/11079K, paused 2ms+6ms
06-11 10:50:10.918 22161 22162 D dalvikvm: GC_CONCURRENT freed 396K, 8% free 10269K/11143K, paused 7ms+2ms
06-11 10:50:15.546 25165 25165 D IOCollector: J stopped.
06-11 10:50:15.574 25165 25165 D IOCollector: aq stopped.
06-11 10:50:15.574 25165 25165 D IOCollector: All scanner finished.
06-11 10:50:15.586 25165 25165 D IOCollector: F stopped.
06-11 10:50:15.586   142   916 W ActivityManager: finishReceiver called but no pending broadcasts
06-11 10:50:15.769   213   213 D dalvikvm: GC_FOR_ALLOC freed 439K, 37% free 9694K/15239K, paused 16ms
06-11 10:50:15.785 25165 25167 D dalvikvm: GC_CONCURRENT freed 294K, 4% free 10738K/11143K, paused 2ms+23ms
06-11 10:50:15.789 25165 25771 D IOCollector: SignalCollector.ScannerThread is quiting.
06-11 10:50:15.824   213   215 D dalvikvm: GC_CONCURRENT freed 448K, 37% free 9694K/15239K, paused 1ms+4ms
06-11 10:50:15.847 23949 23962 I PhoneLab-: Service Running
06-11 10:50:22.144 23949 23962 I PhoneLab-LoggerService: app_38    1446  1     1436   988   c00f181c 400107b4 S logcat
06-11 10:50:22.144 23949 23962 I PhoneLab-LoggerService: Logcat pid from database 1446
06-11 10:50:22.144 23949 23962 I PhoneLab-LoggerService: Logcat process found 1446
06-11 10:50:22.144 23949 23962 I PhoneLab-LoggerService: Checking Threshold
06-11 10:50:22.144 23949 23962 I PhoneLab-: Service Running
06-11 10:50:22.195 23949 23951 D dalvikvm: GC_CONCURRENT freed 874K, 15% free 9168K/10695K, paused 10ms+2ms
06-11 10:50:22.250 23949 23962 I PhoneLab-LoggerService: app_38    1446  1     1436   988   c00f181c 400107b4 S logcat
06-11 10:50:22.250 23949 23962 I PhoneLab-LoggerService: Logcat pid from database 1446
06-11 10:50:22.250 23949 23962 I PhoneLab-LoggerService: Logcat process found 1446
06-11 10:50:22.250 23949 23962 I PhoneLab-LoggerService: Checking Threshold
06-11 10:50:22.351 25165 25167 D dalvikvm: GC_CONCURRENT freed 500K, 6% free 10778K/11399K, paused 2ms+3ms
06-11 10:51:11.015   213   215 D dalvikvm: GC_CONCURRENT freed 424K, 37% free 9707K/15239K, paused 2ms+3ms
06-11 10:51:11.089   213   213 D dalvikvm: GC_FOR_ALLOC freed 363K, 37% free 9698K/15239K, paused 19ms
06-11 10:51:11.164   213   215 D dalvikvm: GC_CONCURRENT freed 325K, 36% free 9839K/15239K, paused 2ms+7ms
06-11 10:51:11.339   213   213 D dalvikvm: GC_FOR_ALLOC freed 512K, 37% free 9695K/15239K, paused 34ms
06-11 10:52:10.843 25165 25167 D dalvikvm: GC_CONCURRENT freed 599K, 6% free 10784K/11463K, paused 2ms+2ms
06-11 10:52:10.964 22161 22162 D dalvikvm: GC_CONCURRENT freed 454K, 8% free 10326K/11143K, paused 1ms+2ms
06-11 10:52:22.109   342   342 D SAN_SERVICE: *******************************************
06-11 10:52:22.109   342   342 D SAN_SERVICE: DM App Phone Service State - 0
06-11 10:52:22.109   342   342 D SAN_SERVICE: *******************************************
06-11 10:52:27.785   142   166 I ActivityManager: Start proc com.google.android.gm for service com.google.android.gm/.provider.MailSyncAdapterService: pid=25782 uid=10019 gids={3003, 1015}
06-11 10:52:27.992 25782 25782 I ActivityThread: Pub gmail-ls: com.google.android.gm.provider.MailProvider
06-11 10:52:28.031 25782 25782 I ActivityThread: Pub com.google.android.gm: com.google.android.gm.provider.PublicContentProvider
06-11 10:52:28.043 25782 25782 I ActivityThread: Pub com.google.android.gmail.SuggestionProvider: com.google.android.gm.SuggestionsProvider
06-11 10:52:29.234 25782 25783 D dalvikvm: GC_CONCURRENT freed 244K, 4% free 9231K/9607K, paused 14ms+2ms
06-11 10:52:29.375   142   918 I ActivityManager: Process android.process.acore (pid 25672) has died.
06-11 10:52:29.578 25782 25798 I Gmail   : MainSyncRequestProto: lowestBkwdConvoId: 0, highestHandledServerOp: 3232645, normalSync: true
06-11 10:52:29.578 25782 25799 I Gmail   : calculateUnknownSyncRationalesAndPurgeInBackground: queueing
06-11 10:52:29.601 25782 25799 I Gmail   : calculateUnknownSyncRationalesAndPurgeInBackground: queueing
06-11 10:52:29.664 25782 25783 D dalvikvm: GC_CONCURRENT freed 282K, 5% free 9387K/9799K, paused 2ms+6ms
06-11 10:52:29.718 25782 25799 I Gmail   : calculateUnknownSyncRationalesAndPurgeInBackground: running
06-11 10:52:29.765 25782 25799 I Gmail   : calculateUnknownSyncRationalesAndPurgeInBackground: running
06-11 10:52:29.808   142   919 I ActivityManager: Start proc com.google.android.gsf.login for service com.google.android.gsf.login/com.google.android.gsf.loginservice.GoogleLoginService: pid=25802 uid=10009 gids={3003, 1015, 1007, 2001, 3006}
06-11 10:52:29.875    80    80 D dalvikvm: GC_EXPLICIT freed 37K, 4% free 9031K/9347K, paused 3ms+2ms
06-11 10:52:29.910    80    80 D dalvikvm: GC_EXPLICIT freed <1K, 4% free 9031K/9347K, paused 2ms+3ms
06-11 10:52:29.937    80    80 D dalvikvm: GC_EXPLICIT freed <1K, 4% free 9031K/9347K, paused 2ms+5ms
06-11 10:52:30.062  4690  4693 D dalvikvm: GC_CONCURRENT freed 370K, 7% free 10576K/11271K, paused 12ms+21ms
06-11 10:52:30.129  4690 13630 D dalvikvm: GC_EXPLICIT freed 39K, 7% free 10539K/11271K, paused 2ms+3ms
06-11 10:52:31.750 25782 25783 D dalvikvm: GC_CONCURRENT freed 319K, 5% free 9502K/9927K, paused 5ms+2ms
06-11 10:52:32.574   342   342 D SAN_SERVICE: *******************************************
06-11 10:52:32.574   342   342 D SAN_SERVICE: DM App Phone Service State - 0
06-11 10:52:32.574   342   342 D SAN_SERVICE: *******************************************
06-11 10:52:32.804 25782 25783 D dalvikvm: GC_CONCURRENT freed 435K, 6% free 9499K/10055K, paused 1ms+2ms
06-11 10:52:32.879 25782 25798 D dalvikvm: GC_EXPLICIT freed 37K, 6% free 9486K/10055K, paused 3ms+3ms
06-11 10:52:32.882 25782 25798 I Gmail   : MainSyncRequestProto: lowestBkwdConvoId: 0, highestHandledServerOp: 3232686, normalSync: true
06-11 10:52:33.078   342   342 D SAN_SERVICE: *******************************************
06-11 10:52:33.078   342   342 D SAN_SERVICE: DM App Phone Service State - 0
06-11 10:52:33.078   342   342 D SAN_SERVICE: *******************************************
06-11 10:52:34.058 25782 25798 D dalvikvm: GC_EXPLICIT freed 339K, 6% free 9542K/10119K, paused 8ms+2ms
06-11 10:52:34.062 25782 25798 I Gmail   : MainSyncRequestProto: lowestBkwdConvoId: 0, highestHandledServerOp: 3232686, normalSync: true
06-11 10:52:34.097 25782 25798 W Gmail   : Scheduling index for 300000 ms from now
06-11 10:52:34.148 25782 25798 I Gmail   : Sending notification intent: Intent { act=android.intent.action.PROVIDER_CHANGED dat=content://gmail-ls/unread/^i (has extras) }
06-11 10:52:34.246 25782 25821 W Gmail   : Showing notification with unreadCount of 1 and unseenCount of 1
06-11 10:52:34.277   142   370 I ActivityManager: Start proc android.process.acore for content provider com.android.providers.contacts/.ContactsProvider2: pid=25823 uid=10000 gids={3003, 1015}
06-11 10:52:34.316 25823 25823 I ActivityThread: Pub call_log: com.android.providers.contacts.CallLogProvider
06-11 10:52:34.367 25823 25823 I ActivityThread: Pub com.android.voicemail: com.android.providers.contacts.VoicemailContentProvider
06-11 10:52:34.371 25823 25823 I ActivityThread: Pub user_dictionary: com.android.providers.userdictionary.UserDictionaryProvider
06-11 10:52:34.382 25823 25823 I ActivityThread: Pub com.android.social: com.android.providers.contacts.SocialProvider
06-11 10:52:34.382 25823 25823 I ActivityThread: Pub applications: com.android.providers.applications.ApplicationsProvider
06-11 10:52:34.441 25823 25823 I ActivityThread: Pub contacts;com.android.contacts: com.android.providers.contacts.ContactsProvider2
06-11 10:52:34.488 25823 25825 D dalvikvm: GC_CONCURRENT freed 347K, 5% free 9189K/9607K, paused 2ms+3ms
06-11 10:52:34.644   142   153 I ActivityManager: Process android.process.media (pid 25385) has died.
06-11 10:52:34.804 23949 23962 I PhoneLab-: Service Running
06-11 10:52:34.957   213   215 D dalvikvm: GC_CONCURRENT freed 49K, 34% free 10154K/15239K, paused 1ms+3ms
06-11 10:52:35.011   213   215 D dalvikvm: GC_CONCURRENT freed 643K, 35% free 9962K/15239K, paused 1ms+3ms
06-11 10:52:35.046 23949 23962 I PhoneLab-LoggerService: app_38    1446  1     1436   988   c00f181c 400107b4 S logcat
06-11 10:52:35.046 23949 23962 I PhoneLab-LoggerService: Logcat pid from database 1446
06-11 10:52:35.046 23949 23962 I PhoneLab-LoggerService: Logcat process found 1446
06-11 10:52:35.046 23949 23962 I PhoneLab-LoggerService: Checking Threshold
06-11 10:52:35.144   213   215 D dalvikvm: GC_CONCURRENT freed 420K, 35% free 9967K/15239K, paused 2ms+6ms
06-11 10:52:35.457 25823 25825 D dalvikvm: GC_CONCURRENT freed 225K, 4% free 9386K/9735K, paused 2ms+2ms
06-11 10:52:36.093   142   142 I ActivityManager: Process com.android.musicfx (pid 25693) has died.
06-11 10:52:36.464   142   145 D dalvikvm: GC_CONCURRENT freed 1753K, 16% free 17831K/21191K, paused 57ms+9ms
06-11 10:52:42.375   342   342 D SAN_SERVICE: *******************************************
06-11 10:52:42.375   342   342 D SAN_SERVICE: DM App Phone Service State - 0
06-11 10:52:42.375   342   342 D SAN_SERVICE: *******************************************
06-11 10:52:43.113   342   342 D SAN_SERVICE: *******************************************
06-11 10:52:43.113   342   342 D SAN_SERVICE: DM App Phone Service State - 0
06-11 10:52:43.113   342   342 D SAN_SERVICE: *******************************************
06-11 10:52:47.371   342   342 D SAN_SERVICE: *******************************************
06-11 10:52:47.371   342   342 D SAN_SERVICE: DM App Phone Service State - 0
06-11 10:52:47.371   342   342 D SAN_SERVICE: *******************************************
06-11 10:52:48.113   342   342 D SAN_SERVICE: *******************************************
06-11 10:52:48.113   342   342 D SAN_SERVICE: DM App Phone Service State - 0
06-11 10:52:48.113   342   342 D SAN_SERVICE: *******************************************
06-11 10:52:57.187 23949 23949 I PhoneLab-Locks: wake lock acquired
06-11 10:52:57.238 23949 25841 I PhoneLab-PeriodicCheckService: User info is synched
06-11 10:52:57.242 23949 25841 I PhoneLab-PeriodicCheckService: Logger Service is running
06-11 10:52:57.246 23949 23949 I PhoneLab-Locks: wake lock acquired
06-11 10:52:57.250 23949 23949 I PhoneLab-StatusMonitor: Status Monitoring is started
06-11 10:52:57.250 23949 25841 I PhoneLab-Locks: wake lock acquired
06-11 10:52:57.254 23949 25841 I PhoneLab-PeriodicCheckService: Rescheduling periodic checking...
06-11 10:52:57.261 23949 25841 I PhoneLab-Locks: wake lock released
06-11 10:52:57.316 23949 23949 E PhoneLab-PhoneLabManifest: java.io.FileNotFoundException: /data/data/edu.buffalo.cse.phonelab.phonelabservices/files/manifest.xml: open failed: ENOENT (No such file or directory)
06-11 10:52:57.347 23949 23949 I PhoneLab-Locks: wake lock released
06-11 10:52:57.351 23949 23949 I PhoneLab-UploadLogs: Transfering log files now
06-11 10:52:57.351 23949 23949 I PhoneLab-UploadLogs: No log files to transfer
06-11 10:52:57.351 23949 23949 I PhoneLab-Locks: wake lock released
06-11 10:52:57.355 23949 23949 I PhoneLab-UploadLogs: OnStartCommand
06-11 10:53:10.871 25165 25185 I x       : Not returning location for the following outliers: [229533826278832]
06-11 10:53:11.086 25165 25167 D dalvikvm: GC_CONCURRENT freed 483K, 6% free 10778K/11463K, paused 6ms+5ms
06-11 10:53:11.222 25165 25185 D SCollector: Waiting for the ScannerThread to start.
06-11 10:53:11.328   142   294 D dalvikvm: GC_EXPLICIT freed 654K, 17% free 17686K/21191K, paused 2ms+12ms
06-11 10:53:11.359 22161 22162 D dalvikvm: GC_CONCURRENT freed 455K, 8% free 10274K/11143K, paused 73ms+2ms
06-11 10:53:11.359 25165 25844 D SCollector: PreScan started with config: Scanner types: [8]; ScanDuration: 10000, SensorDelay: 0, viewOptedOutWifiAps: false
06-11 10:53:11.379 25165 25844 D SCollector: aq started.
06-11 10:53:11.379 25165 25844 D SCollector: F started.
06-11 10:53:11.379 25165 25844 D SCollector: PreScanner started.
06-11 10:53:11.406   213   213 D dalvikvm: GC_FOR_ALLOC freed 387K, 35% free 9960K/15239K, paused 19ms
06-11 10:53:11.457   213   215 D dalvikvm: GC_CONCURRENT freed 444K, 35% free 9959K/15239K, paused 1ms+2ms
06-11 10:53:11.582   142   922 I ActivityManager: Process com.google.android.apps.plus (pid 25583) has died.
06-11 10:53:13.109   342   342 D SAN_SERVICE: *******************************************
06-11 10:53:13.109   342   342 D SAN_SERVICE: DM App Phone Service State - 0
06-11 10:53:13.109   342   342 D SAN_SERVICE: *******************************************
06-11 10:53:19.699   342   342 D SAN_SERVICE: *******************************************
06-11 10:53:19.699   342   342 D SAN_SERVICE: DM App Phone Service State - 0
06-11 10:53:19.699   342   342 D SAN_SERVICE: *******************************************
06-11 10:53:20.230   342   342 D SAN_SERVICE: *******************************************
06-11 10:53:20.230   342   342 D SAN_SERVICE: DM App Phone Service State - 0
06-11 10:53:20.230   342   342 D SAN_SERVICE: *******************************************
06-11 10:53:21.441 25165 25165 D SCollector: aq stopped.
06-11 10:53:21.441 25165 25165 D SCollector: All scanner finished.
06-11 10:53:21.441 25165 25165 D SCollector: F stopped.
06-11 10:53:21.441   142   422 W ActivityManager: finishReceiver called but no pending broadcasts
06-11 10:53:21.476 25165 25844 D SCollector: PreScanning finished.
06-11 10:53:21.601 25165 25167 D dalvikvm: GC_CONCURRENT freed 758K, 8% free 10621K/11463K, paused 1ms+3ms
06-11 10:53:21.754 25165 25844 D SCollector: Real collector stared with config: Scanner types: [64, 8, 16, 1]; Dest: LOCAL; ScanDuration: 300000, SensorDelay: {4=1, 1=0}; Data path: /data/data/com.google.android.apps.maps/cache/nlp_s; Key path: null; View opted out WIFI APs: false
06-11 10:53:21.769 25165 25844 D SCollector: aE started.
06-11 10:53:21.773 25165 25844 D SCollector: J started.
06-11 10:53:21.855 25165 25844 D SCollector: aq started.
06-11 10:53:21.855 25165 25844 D SCollector: F started.
06-11 10:53:21.871   213   215 D dalvikvm: GC_CONCURRENT freed 384K, 35% free 9967K/15239K, paused 8ms+3ms
06-11 10:53:21.980   213   213 D dalvikvm: GC_FOR_ALLOC freed 374K, 35% free 9963K/15239K, paused 21ms
06-11 10:53:22.050   213   215 D dalvikvm: GC_CONCURRENT freed 305K, 34% free 10087K/15239K, paused 2ms+3ms
06-11 10:53:22.207   213   215 D dalvikvm: GC_CONCURRENT freed 409K, 34% free 10142K/15239K, paused 3ms+4ms
06-11 10:53:25.679 25165 25167 D dalvikvm: GC_CONCURRENT freed 234K, 6% free 10815K/11463K, paused 17ms+3ms
06-11 10:53:29.992   959   961 D dalvikvm: GC_CONCURRENT freed 876K, 20% free 11834K/14663K, paused 5ms+8ms
06-11 10:53:31.300 25165 25167 D dalvikvm: GC_CONCURRENT freed 206K, 3% free 11128K/11463K, paused 17ms+4ms
06-11 10:53:31.668 25165 25845 D SCollector: mkdir: /data/data/com.google.android.apps.maps/cache/nlp_s/1339426411668-474044
06-11 10:53:31.867 25165 25167 D dalvikvm: GC_CONCURRENT freed 661K, 7% free 11170K/11911K, paused 1ms+5ms
06-11 10:53:31.871 25165 25845 D SCollector: SeqNum #1 written to file: /data/data/com.google.android.apps.maps/cache/nlp_s/1339426411668-474044/1
06-11 10:53:37.957  4690  4693 D dalvikvm: GC_CONCURRENT freed 221K, 5% free 10713K/11271K, paused 8ms+10ms
06-11 10:53:38.004 25165 25167 D dalvikvm: GC_CONCURRENT freed 717K, 8% free 11071K/11911K, paused 2ms+18ms
06-11 10:53:41.086 25165 25845 D dalvikvm: GC_FOR_ALLOC freed 332K, 7% free 11142K/11911K, paused 34ms
06-11 10:53:41.144 25165 25845 D dalvikvm: GC_FOR_ALLOC freed 120K, 8% free 11123K/11975K, paused 29ms
06-11 10:53:41.195 25165 25845 D dalvikvm: GC_FOR_ALLOC freed 37K, 7% free 11138K/11975K, paused 29ms
06-11 10:53:41.226 25165 25845 D dalvikvm: GC_FOR_ALLOC freed 47K, 7% free 11163K/11975K, paused 29ms
06-11 10:53:41.261 25165 25845 D dalvikvm: GC_FOR_ALLOC freed 15K, 7% free 11180K/11975K, paused 29ms
06-11 10:53:41.261 25165 25845 I dalvikvm-heap: Grow heap (frag case) to 11.047MB for 64386-byte allocation
06-11 10:53:41.304 25165 25844 D dalvikvm: GC_FOR_ALLOC freed 31K, 7% free 11211K/12039K, paused 29ms
06-11 10:53:41.351 25165 25845 D dalvikvm: GC_FOR_ALLOC freed 129K, 8% free 11146K/12039K, paused 29ms
06-11 10:53:41.363 25165 25845 D SCollector: SeqNum #2 written to file: /data/data/com.google.android.apps.maps/cache/nlp_s/1339426411668-474044/1
06-11 10:53:46.976 25165 25167 D dalvikvm: GC_CONCURRENT freed 712K, 9% free 11045K/12039K, paused 3ms+5ms
06-11 10:53:50.796 25165 25167 D dalvikvm: GC_CONCURRENT freed 428K, 7% free 11265K/12039K, paused 2ms+6ms
06-11 10:53:50.855 25165 25845 D dalvikvm: GC_FOR_ALLOC freed 254K, 8% free 11187K/12103K, paused 31ms
06-11 10:53:50.882 25165 25845 D SCollector: SeqNum #3 written to file: /data/data/com.google.android.apps.maps/cache/nlp_s/1339426411668-474044/1
06-11 10:53:53.367 23949 23962 I PhoneLab-: Service Running
06-11 10:53:53.468 23949 23962 I PhoneLab-LoggerService: app_38    1446  1     1436   988   c00f181c 400107b4 S logcat
06-11 10:53:53.472 23949 23962 I PhoneLab-LoggerService: Logcat pid from database 1446
06-11 10:53:53.472 23949 23962 I PhoneLab-LoggerService: Logcat process found 1446
06-11 10:53:53.472 23949 23962 I PhoneLab-LoggerService: Checking Threshold
06-11 10:53:54.113   342   342 D SAN_SERVICE: *******************************************
06-11 10:53:54.113   342   342 D SAN_SERVICE: DM App Phone Service State - 0
06-11 10:53:54.113   342   342 D SAN_SERVICE: *******************************************
06-11 10:53:54.589   342   342 D SAN_SERVICE: *******************************************
06-11 10:53:54.593   342   342 D SAN_SERVICE: DM App Phone Service State - 0
06-11 10:53:54.593   342   342 D SAN_SERVICE: *******************************************
06-11 10:53:55.785 25165 25167 D dalvikvm: GC_CONCURRENT freed 760K, 9% free 11024K/12103K, paused 2ms+4ms
06-11 10:54:00.226 25165 25167 D dalvikvm: GC_CONCURRENT freed 409K, 7% free 11272K/12103K, paused 2ms+4ms
06-11 10:54:00.285 25165 25845 D dalvikvm: GC_FOR_ALLOC freed 244K, 8% free 11203K/12103K, paused 30ms
06-11 10:54:00.308 25165 25845 D SCollector: SeqNum #4 written to file: /data/data/com.google.android.apps.maps/cache/nlp_s/1339426411668-474044/1
06-11 10:54:01.468  2848  2848 I wpa_supplicant: wlan0: CTRL-EVENT-DISCONNECTED bssid=d0:c2:82:67:e7:60 reason=0
06-11 10:54:01.476    76   116 D CommandListener: Clearing all IP addresses on wlan0
06-11 10:54:01.539   142   199 D ConnectivityService: ConnectivityChange for WIFI: DISCONNECTED/DISCONNECTED
06-11 10:54:01.539   142   199 D ConnectivityService: Attempting to switch to mobile
06-11 10:54:01.543   142   199 D ConnectivityService: Attempting to switch to WIMAX
06-11 10:54:01.554   142   199 D ConnectivityService: Attempting to switch to BLUETOOTH_TETHER
06-11 10:54:01.558   142   199 E ConnectivityService: Exception trying to remove a route: java.lang.IllegalStateException: Unable to communicate with native dameon to add routes - com.android.server.NativeDaemonConnectorException: Cmd {interface route remove wlan0 default 128.205.239.254 32 0.0.0.0} failed with code 400 : {Failed to remove route from default table (No such process)}
06-11 10:54:01.566   142   199 D NetUtils: android_net_utils_resetConnections in env=0x658290 clazz=0xd6400001 iface=wlan0 mask=0x3
06-11 10:54:01.566   142   199 E ConnectivityService: Exception trying to remove a route: java.lang.IllegalStateException: Unable to communicate with native dameon to add routes - com.android.server.NativeDaemonConnectorException: Cmd {interface route remove wlan0 default 0.0.0.0 0 128.205.239.254} failed with code 400 : {Failed to remove route from default table (No such process)}
06-11 10:54:01.566   142   199 D ConnectivityService: resetConnections(wlan0, 3)
06-11 10:54:01.757  4690 25758 W Smack/Packet: notify conn break (IOEx), close connection
06-11 10:54:02.070  4690 25758 I qtaguid : Failed write_ctrl(u 57) res=-1 errno=22
06-11 10:54:02.070  4690 25758 I qtaguid : Untagging socket 57 failed errno=-22
06-11 10:54:02.070  4690 25758 W NetworkManagementSocketTagger: untagSocket(57) failed with errno -22
06-11 10:54:02.105   142   199 D ConnectivityService: handleInetConditionChange: no active default network - ignore
06-11 10:54:02.234  2848  2848 I wpa_supplicant: wlan0: Trying to associate with d0:c2:82:2d:ea:c0 (SSID='UB_Secure' freq=2462 MHz)
06-11 10:54:02.367  2848  2848 I wpa_supplicant: wlan0: Associated with d0:c2:82:2d:ea:c0
06-11 10:54:02.379  2848  2848 I wpa_supplicant: wlan0: CTRL-EVENT-EAP-STARTED EAP authentication started
06-11 10:54:02.382  2848  2848 I wpa_supplicant: wlan0: CTRL-EVENT-EAP-PROPOSED-METHOD vendor=0 method=4 -> NAK
06-11 10:54:02.386  2848  2848 I wpa_supplicant: wlan0: CTRL-EVENT-EAP-PROPOSED-METHOD vendor=0 method=25
06-11 10:54:02.394  2848  2848 I wpa_supplicant: wlan0: CTRL-EVENT-EAP-METHOD EAP vendor 0 method 25 (PEAP) selected
06-11 10:54:02.406  2848  2848 I wpa_supplicant: EAP-TLV: TLV Result - Success - EAP-TLV/Phase2 Completed
06-11 10:54:04.398   342   342 D SAN_SERVICE: *******************************************
06-11 10:54:04.398   342   342 D SAN_SERVICE: DM App Phone Service State - 0
06-11 10:54:04.398   342   342 D SAN_SERVICE: *******************************************
06-11 10:54:04.629   342   342 D SAN_SERVICE: *******************************************
06-11 10:54:04.629   342   342 D SAN_SERVICE: DM App Phone Service State - 0
06-11 10:54:04.629   342   342 D SAN_SERVICE: *******************************************
06-11 10:54:04.640   142   203 D Tethering: MasterInitialState.processMessage what=3
06-11 10:54:04.687   142   159 I ActivityManager: Start proc android.process.media for broadcast com.android.providers.downloads/.DownloadReceiver: pid=25847 uid=10012 gids={1015, 1023, 1024, 2001, 3003, 3007}
06-11 10:54:04.820 25847 25847 I ActivityThread: Pub downloads: com.android.providers.downloads.DownloadProvider
06-11 10:54:04.882 25847 25847 I ActivityThread: Pub drm: com.android.providers.drm.DrmProvider
06-11 10:54:04.886 25847 25860 I DownloadManager: in removeSpuriousFiles
06-11 10:54:04.921 25847 25860 I DownloadManager: deleting spurious file /cache/backup
06-11 10:54:04.929 25847 25847 I ActivityThread: Pub media: com.android.providers.media.MediaProvider
06-11 10:54:04.929 25847 25860 I DownloadManager: deleting spurious file /data/data/com.android.providers.downloads/cache/downloadfile.apk
06-11 10:54:04.933 25847 25860 I DownloadManager: deleting spurious file /data/data/com.android.providers.downloads/cache/downloadfile-1.apk
06-11 10:54:05.394 25847 25848 D dalvikvm: GC_CONCURRENT freed 342K, 5% free 9193K/9607K, paused 23ms+2ms
06-11 10:54:05.496 25613 25613 I MediaUploader: No need to wake up
06-11 10:54:05.500 23949 23949 I PhoneLab-WiFiReceiver: Wi-Fi is disconnected!
06-11 10:54:05.511   142   153 I ActivityManager: Start proc com.google.android.apps.plus for broadcast com.google.android.apps.plus/com.google.android.picasasync.ConnectivityReceiver: pid=25864 uid=10058 gids={3003, 3002, 1015, 1006}
06-11 10:54:05.671 25864 25866 D dalvikvm: GC_CONCURRENT freed 155K, 3% free 9381K/9607K, paused 3ms+3ms
06-11 10:54:05.714  4690  4693 D dalvikvm: GC_CONCURRENT freed 507K, 6% free 10745K/11335K, paused 2ms+7ms
06-11 10:54:05.808 25864 25864 I ActivityThread: Pub com.google.android.apps.plus.content.ApiProvider: com.google.android.apps.plus.content.EsApiProvider
06-11 10:54:05.855 25864 25864 I ActivityThread: Pub com.google.android.apps.plus.content.EsGooglePhotoProvider: com.google.android.picasasync.PicasaContentProvider
06-11 10:54:05.972 25864 25866 D dalvikvm: GC_CONCURRENT freed 482K, 6% free 9432K/9991K, paused 2ms+2ms
06-11 10:54:05.972 25864 25864 I ActivityThread: Pub com.google.android.apps.plus.content.EsPicasaStoreProvider: com.google.android.picasastore.PicasaPhotoContentProvider
06-11 10:54:05.992 25864 25864 I ActivityThread: Pub com.google.plus.platform: com.google.android.apps.plus.content.AdsProvider
06-11 10:54:05.992 25864 25864 I ActivityThread: Pub com.google.android.apps.plus.iu.EsGoogleIuProvider: com.google.android.apps.plus.iu.InstantUploadProvider
06-11 10:54:06.027 25864 25864 I ActivityThread: Pub com.google.android.apps.plus.content.EsProvider: com.google.android.apps.plus.content.EsProvider
06-11 10:54:06.101 25864 25866 D dalvikvm: GC_CONCURRENT freed 414K, 5% free 9555K/10055K, paused 1ms+7ms
06-11 10:54:06.254 25864 25878 D PicasaPhotoCP: set fsid first time:-1
06-11 10:54:06.316 25864 25882 D PicasaSync: sync account database
06-11 10:54:06.375 25864 25882 D PicasaSync: accounts in DB=1
06-11 10:54:06.375 25864 25882 D PicasaSyncManager: active network: null
06-11 10:54:06.375 25864 25882 D PicasaSyncManager: background data: true
06-11 10:54:06.445 25864 25866 D dalvikvm: GC_CONCURRENT freed 265K, 4% free 9726K/10119K, paused 3ms+2ms
06-11 10:54:06.492   142   917 I ActivityManager: Process com.google.android.talk (pid 25363) has died.
06-11 10:54:06.773   142   145 D dalvikvm: GC_CONCURRENT freed 1741K, 15% free 18043K/21191K, paused 14ms+11ms
06-11 10:54:06.828 25864 25882 D PicasaSyncManager: battery info: false
06-11 10:54:06.906 25864 25866 D dalvikvm: GC_CONCURRENT freed 125K, 3% free 10006K/10247K, paused 3ms+3ms
06-11 10:54:06.988 25864 25879 D dalvikvm: GC_FOR_ALLOC freed 262K, 5% free 10144K/10567K, paused 21ms
06-11 10:54:06.988 25864 25879 I dalvikvm-heap: Grow heap (frag case) to 10.223MB for 260112-byte allocation
06-11 10:54:07.007 25864 25879 D dalvikvm: GC_FOR_ALLOC freed 126K, 6% free 10272K/10823K, paused 20ms
06-11 10:54:07.039 25864 25879 D dalvikvm: GC_FOR_ALLOC freed 311K, 6% free 10209K/10823K, paused 21ms
06-11 10:54:07.062 25864 25879 D dalvikvm: GC_FOR_ALLOC freed 62K, 6% free 10273K/10823K, paused 20ms
06-11 10:54:07.062 25864 25879 I dalvikvm-heap: Grow heap (frag case) to 10.349MB for 260112-byte allocation
06-11 10:54:07.086 25864 25879 D dalvikvm: GC_FOR_ALLOC freed 126K, 7% free 10401K/11079K, paused 22ms
06-11 10:54:07.117 25864 25879 D dalvikvm: GC_FOR_ALLOC freed 369K, 7% free 10401K/11079K, paused 23ms
06-11 10:54:07.136 25864 25879 D dalvikvm: GC_FOR_ALLOC freed 126K, 5% free 10529K/11079K, paused 20ms
06-11 10:54:07.257 25165 25167 D dalvikvm: GC_CONCURRENT freed 756K, 9% free 11047K/12103K, paused 1ms+5ms
06-11 10:54:07.339 25864 25866 D dalvikvm: GC_CONCURRENT freed 317K, 4% free 10637K/11079K, paused 2ms+6ms
06-11 10:54:07.484 25864 25866 D dalvikvm: GC_CONCURRENT freed 98K, 2% free 10985K/11207K, paused 2ms+4ms
06-11 10:54:07.707 25864 25866 D dalvikvm: GC_CONCURRENT freed 222K, 4% free 11305K/11655K, paused 2ms+3ms
06-11 10:54:07.882 25864 25866 D dalvikvm: GC_CONCURRENT freed 306K, 4% free 11684K/12103K, paused 2ms+3ms
06-11 10:54:09.843 22161 22161 D dalvikvm: GC_EXPLICIT freed 54K, 9% free 10226K/11143K, paused 2ms+3ms
06-11 10:54:10.296 25165 25167 D dalvikvm: GC_CONCURRENT freed 511K, 8% free 11217K/12103K, paused 2ms+3ms
06-11 10:54:10.351 25165 25845 D dalvikvm: GC_FOR_ALLOC freed 217K, 8% free 11176K/12103K, paused 29ms
06-11 10:54:10.379 25165 25845 D SCollector: SeqNum #5 written to file: /data/data/com.google.android.apps.maps/cache/nlp_s/1339426411668-474044/1
06-11 10:54:11.754   342   342 D SAN_SERVICE: *******************************************
06-11 10:54:11.754   342   342 D SAN_SERVICE: DM App Phone Service State - 0
06-11 10:54:11.754   342   342 D SAN_SERVICE: *******************************************
06-11 10:54:15.199   342   342 D SAN_SERVICE: *******************************************
06-11 10:54:15.199   342   342 D SAN_SERVICE: DM App Phone Service State - 0
06-11 10:54:15.199   342   342 D SAN_SERVICE: *******************************************
06-11 10:54:19.910 25165 25167 D dalvikvm: GC_CONCURRENT freed 708K, 9% free 11061K/12103K, paused 9ms+2ms
06-11 10:54:20.726   142   422 D dalvikvm: GC_EXPLICIT freed 784K, 17% free 17677K/21191K, paused 4ms+8ms
06-11 10:54:20.839 25165 25845 D dalvikvm: GC_FOR_ALLOC freed 405K, 8% free 11161K/12103K, paused 29ms
06-11 10:54:20.863 25165 25845 D SCollector: SeqNum #6 written to file: /data/data/com.google.android.apps.maps/cache/nlp_s/1339426411668-474044/1
06-11 10:54:25.879   342   342 D SAN_SERVICE: *******************************************
06-11 10:54:25.879   342   342 D SAN_SERVICE: DM App Phone Service State - 0
06-11 10:54:25.879   342   342 D SAN_SERVICE: *******************************************
06-11 10:54:30.140   342   342 D SAN_SERVICE: *******************************************
06-11 10:54:30.140   342   342 D SAN_SERVICE: DM App Phone Service State - 0
06-11 10:54:30.140   342   342 D SAN_SERVICE: *******************************************
06-11 10:54:30.632   342   342 D SAN_SERVICE: *******************************************
06-11 10:54:30.632   342   342 D SAN_SERVICE: DM App Phone Service State - 0
06-11 10:54:30.632   342   342 D SAN_SERVICE: *******************************************
06-11 10:54:31.093 25165 25167 D dalvikvm: GC_CONCURRENT freed 689K, 9% free 11097K/12103K, paused 16ms+3ms
06-11 10:54:31.230 25165 25845 D dalvikvm: GC_FOR_ALLOC freed 280K, 8% free 11185K/12103K, paused 32ms
06-11 10:54:31.230 25165 25845 I dalvikvm-heap: Grow heap (frag case) to 11.053MB for 64470-byte allocation
06-11 10:54:31.273 25165 25844 D dalvikvm: GC_FOR_ALLOC freed 0K, 8% free 11248K/12167K, paused 32ms
06-11 10:54:31.300 25165 25845 D SCollector: SeqNum #7 written to file: /data/data/com.google.android.apps.maps/cache/nlp_s/1339426411668-474044/1
06-11 10:54:35.507   342   342 D SAN_SERVICE: *******************************************
06-11 10:54:35.507   342   342 D SAN_SERVICE: DM App Phone Service State - 0
06-11 10:54:35.507   342   342 D SAN_SERVICE: *******************************************
06-11 10:54:36.371   142   422 I ActivityManager: START {cmp=com.spotify.mobile.android.ui/.popup.RoamingDialog (has extras)} from pid 22700
06-11 10:54:38.406  2848  2848 I wpa_supplicant: wlan0: CTRL-EVENT-DISCONNECTED bssid=d0:c2:82:2d:ea:c0 reason=0
06-11 10:54:38.406   342   342 D SAN_SERVICE: *******************************************
06-11 10:54:38.406   342   342 D SAN_SERVICE: DM App Phone Service State - 0
06-11 10:54:38.410   342   342 D SAN_SERVICE: *******************************************
06-11 10:54:39.836   213   215 D dalvikvm: GC_CONCURRENT freed 231K, 32% free 10369K/15239K, paused 2ms+3ms
06-11 10:54:39.914   213   215 D dalvikvm: GC_CONCURRENT freed 482K, 32% free 10389K/15239K, paused 3ms+3ms
06-11 10:54:40.070   213   215 D dalvikvm: GC_CONCURRENT freed 418K, 32% free 10363K/15239K, paused 2ms+4ms
06-11 10:54:40.953  2848  2848 I wpa_supplicant: wlan0: Trying to associate with d0:c2:82:2d:ea:c0 (SSID='UB_Secure' freq=2462 MHz)
06-11 10:54:41.015  2848  2848 I wpa_supplicant: wlan0: Associated with d0:c2:82:2d:ea:c0
06-11 10:54:41.019  2848  2848 I wpa_supplicant: wlan0: CTRL-EVENT-EAP-STARTED EAP authentication started
06-11 10:54:41.023  2848  2848 I wpa_supplicant: wlan0: CTRL-EVENT-EAP-PROPOSED-METHOD vendor=0 method=4 -> NAK
06-11 10:54:41.027  2848  2848 I wpa_supplicant: wlan0: CTRL-EVENT-EAP-PROPOSED-METHOD vendor=0 method=25
06-11 10:54:41.027  2848  2848 I wpa_supplicant: wlan0: CTRL-EVENT-EAP-METHOD EAP vendor 0 method 25 (PEAP) selected
06-11 10:54:41.039  2848  2848 I wpa_supplicant: EAP-TLV: TLV Result - Success - EAP-TLV/Phase2 Completed
06-11 10:54:41.062   142   199 D ConnectivityService: ConnectivityChange for mobile: CONNECTED/CONNECTED
06-11 10:54:41.148   142   195 D NetworkPolicy: applying policy NetworkPolicy[NetworkTemplate: matchRule=MOBILE_ALL, subscriberId=valid]: cycleDay=8, warningBytes=2147483648, limitBytes=-1, lastSnooze=-1 to ifaces [rmnet0]
06-11 10:54:41.226 25165 25167 D dalvikvm: GC_CONCURRENT freed 773K, 9% free 11096K/12167K, paused 2ms+2ms
06-11 10:54:41.449 25165 25845 D dalvikvm: GC_FOR_ALLOC freed 542K, 9% free 11098K/12167K, paused 30ms
06-11 10:54:41.457 25165 25845 D SCollector: SeqNum #8 written to file: /data/data/com.google.android.apps.maps/cache/nlp_s/1339426411668-474044/1
06-11 10:54:42.066   142   199 D ConnectivityService: NetTransition Wakelock for WifiStateMachine released by timeout
06-11 10:54:44.144   142   203 D Tethering: MasterInitialState.processMessage what=3
06-11 10:54:44.199 25613 25613 I MediaUploader: No need to wake up
06-11 10:54:44.285 25864 25882 D PicasaSyncManager: active network: NetworkInfo: type: mobile[CDMA - 1xRTT], state: CONNECTED/CONNECTED, reason: (unspecified), extra: , roaming: true, failover: true, isAvailable: true
06-11 10:54:44.308 25864 25882 D PicasaSyncManager: background data: true
06-11 10:54:51.613   142   153 I ActivityManager: Process android.process.acore (pid 25823) has died.
06-11 10:54:51.894 25165 25167 D dalvikvm: GC_CONCURRENT freed 665K, 9% free 11112K/12167K, paused 2ms+2ms
06-11 10:54:52.004 25165 25845 D dalvikvm: GC_FOR_ALLOC freed 335K, 9% free 11131K/12167K, paused 29ms
06-11 10:54:52.015 25165 25845 D SCollector: SeqNum #9 written to file: /data/data/com.google.android.apps.maps/cache/nlp_s/1339426411668-474044/1
06-11 10:54:57.531  4690  4690 I GTalkService/c: [AndroidEndpoint@1094367416] connect: acct=1000000, state=CONNECTING
06-11 10:54:57.531  4690  4690 I GTalkService/c: [GTalkConnection@1093775384] connect: acct=1, state=CONNECTING
06-11 10:55:02.316 25165 25167 D dalvikvm: GC_CONCURRENT freed 661K, 9% free 11089K/12167K, paused 16ms+3ms
06-11 10:55:02.476 25165 25845 D dalvikvm: GC_FOR_ALLOC freed 441K, 9% free 11139K/12167K, paused 34ms
06-11 10:55:02.492 25165 25845 D SCollector: SeqNum #10 written to file: /data/data/com.google.android.apps.maps/cache/nlp_s/1339426411668-474044/1
06-11 10:55:04.062   142   921 I ActivityManager: Start proc android.process.acore for content provider com.android.providers.contacts/.ContactsProvider2: pid=25910 uid=10000 gids={3003, 1015}
06-11 10:55:04.164 25910 25910 I ActivityThread: Pub call_log: com.android.providers.contacts.CallLogProvider
06-11 10:55:04.214 25910 25910 I ActivityThread: Pub com.android.voicemail: com.android.providers.contacts.VoicemailContentProvider
06-11 10:55:04.218 25910 25910 I ActivityThread: Pub user_dictionary: com.android.providers.userdictionary.UserDictionaryProvider
06-11 10:55:04.261 25910 25910 I ActivityThread: Pub com.android.social: com.android.providers.contacts.SocialProvider
06-11 10:55:04.261 25910 25910 I ActivityThread: Pub applications: com.android.providers.applications.ApplicationsProvider
06-11 10:55:04.371 25910 25910 I ActivityThread: Pub contacts;com.android.contacts: com.android.providers.contacts.ContactsProvider2
06-11 10:55:04.410 25910 25911 D dalvikvm: GC_CONCURRENT freed 343K, 5% free 9193K/9607K, paused 16ms+3ms
06-11 10:55:04.531   142   199 D ConnectivityService: handleInetConditionHoldEnd: net=0, condition=100, published condition=0
06-11 10:55:05.129 25910 25911 D dalvikvm: GC_CONCURRENT freed 232K, 4% free 9382K/9735K, paused 16ms+3ms
06-11 10:55:05.562   142   602 I ActivityManager: Process com.google.android.gsf.login (pid 25802) has died.
06-11 10:55:07.277   142   159 I ActivityManager: Start proc com.google.android.talk for broadcast com.google.android.talk/.ConnectionStateOnlineReceiver: pid=25926 uid=10047 gids={3003, 1015, 1006, 3002}
06-11 10:55:07.500 25926 25926 I ActivityThread: Pub com.google.android.talk.SuggestionProvider: com.google.android.talk.SuggestionsProvider
06-11 10:55:07.761 25926 25926 D vclib:CallStateClient: startListening
06-11 10:55:07.867 25926 25928 D dalvikvm: GC_CONCURRENT freed 172K, 3% free 9364K/9607K, paused 27ms+8ms
06-11 10:55:08.207  4690  4693 D dalvikvm: GC_CONCURRENT freed 585K, 7% free 10649K/11335K, paused 30ms+8ms
06-11 10:55:08.832   142   370 I ActivityManager: Process com.google.android.gm (pid 25782) has died.
06-11 10:55:09.988 25165 25167 D dalvikvm: GC_CONCURRENT freed 857K, 10% free 10972K/12167K, paused 2ms+13ms
06-11 10:55:10.011 22161 22162 D dalvikvm: GC_CONCURRENT freed 469K, 8% free 10269K/11143K, paused 8ms+4ms
06-11 10:55:12.793 25165 25167 D dalvikvm: GC_CONCURRENT freed 323K, 8% free 11290K/12167K, paused 2ms+2ms
06-11 10:55:12.816 25165 25845 D SCollector: SeqNum #11 written to file: /data/data/com.google.android.apps.maps/cache/nlp_s/1339426411668-474044/1
06-11 10:55:17.004  2848  2848 I wpa_supplicant: wlan0: CTRL-EVENT-DISCONNECTED bssid=d0:c2:82:2d:ea:c0 reason=0
06-11 10:55:18.277  2848  2848 I wpa_supplicant: wlan0: Trying to associate with d0:c2:82:67:e7:60 (SSID='UB_Secure' freq=2412 MHz)
06-11 10:55:18.453  2848  2848 I wpa_supplicant: wlan0: Associated with d0:c2:82:67:e7:60
06-11 10:55:18.453  2848  2848 I wpa_supplicant: wlan0: CTRL-EVENT-EAP-STARTED EAP authentication started
06-11 10:55:18.461  2848  2848 I wpa_supplicant: wlan0: CTRL-EVENT-EAP-PROPOSED-METHOD vendor=0 method=4 -> NAK
06-11 10:55:18.464  2848  2848 I wpa_supplicant: wlan0: CTRL-EVENT-EAP-PROPOSED-METHOD vendor=0 method=25
06-11 10:55:18.468  2848  2848 I wpa_supplicant: wlan0: CTRL-EVENT-EAP-METHOD EAP vendor 0 method 25 (PEAP) selected
06-11 10:55:18.476  2848  2848 I wpa_supplicant: EAP-TLV: TLV Result - Success - EAP-TLV/Phase2 Completed
06-11 10:55:18.519   213   215 D dalvikvm: GC_CONCURRENT freed 548K, 33% free 10324K/15239K, paused 3ms+7ms
06-11 10:55:18.601   142   145 D dalvikvm: GC_CONCURRENT freed 1791K, 16% free 17819K/21191K, paused 8ms+27ms
06-11 10:55:20.695   142   142 D AlarmManagerService: Kernel timezone updated to 240 minutes west of GMT
06-11 10:55:20.699   342   342 D SystemClock: Setting time of day to sec=1339426521
06-11 10:55:21.123   142   159 I ActivityManager: Start proc com.android.calendar for broadcast com.android.calendar/.widget.CalendarAppWidgetService$CalendarFactory: pid=25954 uid=10005 gids={3003}
06-11 10:55:21.229 25954 25954 I ActivityThread: Pub com.android.calendar.CalendarRecentSuggestionsProvider: com.android.calendar.CalendarRecentSuggestionsProvider
06-11 10:55:21.377   142   921 I ActivityManager: Start proc com.android.deskclock for broadcast com.android.deskclock/.AlarmInitReceiver: pid=25970 uid=10011 gids={}
06-11 10:55:21.448 25970 25970 I ActivityThread: Pub com.android.deskclock: com.android.deskclock.AlarmProvider
06-11 10:55:21.452   142   602 I ActivityManager: Start proc com.android.providers.calendar for content provider com.android.providers.calendar/.CalendarProvider2: pid=25983 uid=10006 gids={3003, 1015}
06-11 10:55:21.518 25970 25990 V AlarmClock: AlarmInitReceiver finished
06-11 10:55:21.596 25983 25983 I ActivityThread: Pub com.android.calendar: com.android.providers.calendar.CalendarProvider2
06-11 10:55:21.717   142 12773 D dalvikvm: GC_EXPLICIT freed 288K, 17% free 17655K/21191K, paused 4ms+9ms
06-11 10:55:22.342   142   422 I ActivityManager: Process edu.buffalo.cse.phonelab.phonelabservices (pid 23949) has died.
06-11 10:55:22.342   142   422 W ActivityManager: Scheduling restart of crashed service edu.buffalo.cse.phonelab.phonelabservices/edu.buffalo.cse.phonelab.datalogger.LoggerService in 5000ms
06-11 10:55:22.784 25983 25983 I CalendarProvider2: Sending notification intent: Intent { act=android.intent.action.PROVIDER_CHANGED dat=content://com.android.calendar }
06-11 10:55:22.858 25983 25983 W ContentResolver: Failed to get type for: content://com.android.calendar (Unknown URL content://com.android.calendar)
06-11 10:55:23.022   142   918 D AlarmManagerService: Kernel timezone updated to 240 minutes west of GMT
06-11 10:55:23.440 25165 25167 D dalvikvm: GC_CONCURRENT freed 880K, 9% free 11078K/12167K, paused 2ms+3ms
06-11 10:55:23.577 25165 25845 D dalvikvm: GC_FOR_ALLOC freed 440K, 9% free 11117K/12167K, paused 29ms
06-11 10:55:23.588 25165 25845 D SCollector: SeqNum #12 written to file: /data/data/com.google.android.apps.maps/cache/nlp_s/1339426411668-474044/1
06-11 10:55:24.041   142   602 D AlarmManagerService: Kernel timezone updated to 240 minutes west of GMT
06-11 10:55:27.401   142   159 I ActivityManager: Start proc edu.buffalo.cse.phonelab.phonelabservices for service edu.buffalo.cse.phonelab.phonelabservices/edu.buffalo.cse.phonelab.datalogger.LoggerService: pid=26003 uid=10038 gids={3003, 1015, 1007, 2001}
06-11 10:55:27.491 26003 26003 I PhoneLab-LoggerService: Start Logger Service
06-11 10:55:27.514 26003 26016 I PhoneLab-: Service Running
06-11 10:55:27.612 26003 26016 I PhoneLab-LoggerService: app_38    1446  1     1436   988   c00f181c 400107b4 S logcat
06-11 10:55:27.612 26003 26016 I PhoneLab-LoggerService: Logcat pid from database 1446
06-11 10:55:27.612 26003 26016 I PhoneLab-LoggerService: Logcat process found 1446
06-11 10:55:27.612 26003 26016 I PhoneLab-LoggerService: Checking Threshold
06-11 10:55:33.873 25165 25167 D dalvikvm: GC_CONCURRENT freed 653K, 10% free 11070K/12167K, paused 5ms+5ms
06-11 10:55:34.014   142 12773 D AlarmManagerService: Kernel timezone updated to 240 minutes west of GMT
06-11 10:55:34.096 25165 25845 D dalvikvm: GC_FOR_ALLOC freed 445K, 9% free 11127K/12167K, paused 30ms
06-11 10:55:34.108 25165 25845 D SCollector: SeqNum #13 written to file: /data/data/com.google.android.apps.maps/cache/nlp_s/1339426411668-474044/1
06-11 10:55:34.475   342   342 D SAN_SERVICE: *******************************************
06-11 10:55:34.475   342   342 D SAN_SERVICE: DM App Phone Service State - 0
06-11 10:55:34.475   342   342 D SAN_SERVICE: *******************************************
06-11 10:55:35.053   142   916 D AlarmManagerService: Kernel timezone updated to 240 minutes west of GMT
06-11 10:55:36.077   342   342 D SAN_SERVICE: *******************************************
06-11 10:55:36.077   342   342 D SAN_SERVICE: DM App Phone Service State - 0
06-11 10:55:36.077   342   342 D SAN_SERVICE: *******************************************
06-11 10:55:42.065   342   342 D SAN_SERVICE: *******************************************
06-11 10:55:42.065   342   342 D SAN_SERVICE: DM App Phone Service State - 0
06-11 10:55:42.065   342   342 D SAN_SERVICE: *******************************************
06-11 10:55:44.260 25165 25167 D dalvikvm: GC_CONCURRENT freed 680K, 10% free 11058K/12167K, paused 2ms+3ms
06-11 10:55:44.409 25165 25845 D dalvikvm: GC_FOR_ALLOC freed 435K, 9% free 11106K/12167K, paused 29ms
06-11 10:55:44.416 25165 25845 D SCollector: SeqNum #14 written to file: /data/data/com.google.android.apps.maps/cache/nlp_s/1339426411668-474044/1
06-11 10:55:44.534   342   342 D SAN_SERVICE: *******************************************
06-11 10:55:44.534   342   342 D SAN_SERVICE: DM App Phone Service State - 0
06-11 10:55:44.534   342   342 D SAN_SERVICE: *******************************************
06-11 10:55:45.069   342   342 D SAN_SERVICE: *******************************************
06-11 10:55:45.069   342   342 D SAN_SERVICE: DM App Phone Service State - 0
06-11 10:55:45.069   342   342 D SAN_SERVICE: *******************************************
06-11 10:55:49.077   142   154 D AlarmManagerService: Kernel timezone updated to 240 minutes west of GMT
06-11 10:55:49.596   342   342 D SAN_SERVICE: *******************************************
06-11 10:55:49.596   342   342 D SAN_SERVICE: DM App Phone Service State - 0
06-11 10:55:49.596   342   342 D SAN_SERVICE: *******************************************
06-11 10:55:49.655   342   345 D dalvikvm: GC_CONCURRENT freed 916K, 9% free 12126K/13255K, paused 21ms+4ms
06-11 10:55:50.034   342   342 D SAN_SERVICE: *******************************************
06-11 10:55:50.034   342   342 D SAN_SERVICE: DM App Phone Service State - 0
06-11 10:55:50.034   342   342 D SAN_SERVICE: *******************************************
06-11 10:55:54.506 25165 25167 D dalvikvm: GC_CONCURRENT freed 637K, 10% free 11040K/12167K, paused 9ms+2ms
06-11 10:55:54.791  2848  2848 I wpa_supplicant: wlan0: CTRL-EVENT-EAP-STARTED EAP authentication started
06-11 10:55:54.795  2848  2848 I wpa_supplicant: wlan0: CTRL-EVENT-DISCONNECTED bssid=d0:c2:82:67:e7:60 reason=0
06-11 10:55:54.807 25165 25845 D dalvikvm: GC_FOR_ALLOC freed 473K, 9% free 11101K/12167K, paused 40ms
06-11 10:55:54.823 25165 25845 D SCollector: SeqNum #15 written to file: /data/data/com.google.android.apps.maps/cache/nlp_s/1339426411668-474044/1
06-11 10:55:56.104  2848  2848 I wpa_supplicant: wlan0: Trying to associate with d0:c2:82:66:5b:70 (SSID='UB_Secure' freq=2437 MHz)
06-11 10:55:56.245  2848  2848 I wpa_supplicant: wlan0: Associated with d0:c2:82:66:5b:70
06-11 10:55:56.248  2848  2848 I wpa_supplicant: wlan0: CTRL-EVENT-EAP-STARTED EAP authentication started
06-11 10:55:56.252  2848  2848 I wpa_supplicant: wlan0: CTRL-EVENT-EAP-PROPOSED-METHOD vendor=0 method=4 -> NAK
06-11 10:55:56.260  2848  2848 I wpa_supplicant: wlan0: CTRL-EVENT-EAP-PROPOSED-METHOD vendor=0 method=25
06-11 10:55:56.260  2848  2848 I wpa_supplicant: wlan0: CTRL-EVENT-EAP-METHOD EAP vendor 0 method 25 (PEAP) selected
06-11 10:55:56.272  2848  2848 I wpa_supplicant: EAP-TLV: TLV Result - Success - EAP-TLV/Phase2 Completed
06-11 10:56:04.252 25165 25167 D dalvikvm: GC_CONCURRENT freed 643K, 10% free 11027K/12167K, paused 8ms+3ms
06-11 10:56:05.170 25165 25167 D dalvikvm: GC_CONCURRENT freed 488K, 9% free 11103K/12167K, paused 2ms+3ms
06-11 10:56:05.178 25165 25845 D SCollector: SeqNum #16 written to file: /data/data/com.google.android.apps.maps/cache/nlp_s/1339426411668-474044/1
06-11 10:56:07.748  2848  2848 I wpa_supplicant: wlan0: CTRL-EVENT-DISCONNECTED bssid=d0:c2:82:66:5b:70 reason=0
06-11 10:56:08.354  2848  2848 I wpa_supplicant: wlan0: Trying to associate with d0:c2:82:2d:e6:d0 (SSID='UB_Secure' freq=2462 MHz)
06-11 10:56:08.534  2848  2848 I wpa_supplicant: wlan0: Associated with d0:c2:82:2d:e6:d0
06-11 10:56:08.538  2848  2848 I wpa_supplicant: wlan0: CTRL-EVENT-EAP-STARTED EAP authentication started
06-11 10:56:08.557  2848  2848 I wpa_supplicant: wlan0: CTRL-EVENT-EAP-PROPOSED-METHOD vendor=0 method=4 -> NAK
06-11 10:56:08.565  2848  2848 I wpa_supplicant: wlan0: CTRL-EVENT-EAP-PROPOSED-METHOD vendor=0 method=25
06-11 10:56:08.565  2848  2848 I wpa_supplicant: wlan0: CTRL-EVENT-EAP-METHOD EAP vendor 0 method 25 (PEAP) selected
06-11 10:56:08.577  2848  2848 I wpa_supplicant: EAP-TLV: TLV Result - Success - EAP-TLV/Phase2 Completed
06-11 10:56:10.135 25165 25185 I x       : Not returning location for the following outliers: [229533826278832]
06-11 10:56:10.350 25165 25167 D dalvikvm: GC_CONCURRENT freed 869K, 11% free 10866K/12167K, paused 1ms+9ms
06-11 10:56:10.420 22161 22162 D dalvikvm: GC_CONCURRENT freed 452K, 8% free 10290K/11143K, paused 2ms+6ms
06-11 10:56:10.627 25165 25172 I dalvikvm: Jit: resizing JitTable from 4096 to 8192
06-11 10:56:15.522 25165 25167 D dalvikvm: GC_CONCURRENT freed 263K, 9% free 11189K/12167K, paused 2ms+3ms
06-11 10:56:15.565 25165 25845 D SCollector: SeqNum #17 written to file: /data/data/com.google.android.apps.maps/cache/nlp_s/1339426411668-474044/1
06-11 10:56:22.659 25165 25167 D dalvikvm: GC_CONCURRENT freed 876K, 11% free 10911K/12167K, paused 3ms+12ms
06-11 10:56:25.916 25165 25167 D dalvikvm: GC_CONCURRENT freed 352K, 9% free 11179K/12167K, paused 2ms+3ms
06-11 10:56:25.952 25165 25845 D SCollector: SeqNum #18 written to file: /data/data/com.google.android.apps.maps/cache/nlp_s/1339426411668-474044/1
06-11 10:56:36.311 25165 25167 D dalvikvm: GC_CONCURRENT freed 772K, 10% free 11068K/12167K, paused 4ms+2ms
06-11 10:56:36.413 25165 25845 D SCollector: SeqNum #19 written to file: /data/data/com.google.android.apps.maps/cache/nlp_s/1339426411668-474044/1
06-11 10:56:38.030 25165 25167 D dalvikvm: GC_CONCURRENT freed 932K, 13% free 10690K/12167K, paused 2ms+3ms
06-11 10:56:44.397  2848  2848 I wpa_supplicant: wlan0: CTRL-EVENT-EAP-STARTED EAP authentication started
06-11 10:56:44.401  2848  2848 I wpa_supplicant: wlan0: CTRL-EVENT-DISCONNECTED bssid=d0:c2:82:2d:e6:d0 reason=0
06-11 10:56:45.670  2848  2848 I wpa_supplicant: wlan0: Trying to associate with d0:c2:82:67:e7:60 (SSID='UB_Secure' freq=2412 MHz)
06-11 10:56:46.534 25165 25167 D dalvikvm: GC_CONCURRENT freed 94K, 10% free 11048K/12167K, paused 14ms+3ms
06-11 10:56:46.694 25165 25845 D SCollector: SeqNum #20 written to file: /data/data/com.google.android.apps.maps/cache/nlp_s/1339426411668-474044/1
06-11 10:56:46.717 25165 25167 D dalvikvm: GC_CONCURRENT freed 499K, 9% free 11128K/12167K, paused 2ms+2ms
06-11 10:56:49.971  2848  2848 I wpa_supplicant: wlan0: CTRL-EVENT-DISCONNECTED bssid=d0:c2:82:67:e7:60 reason=0
06-11 10:56:50.569  2848  2848 I wpa_supplicant: wlan0: Trying to associate with d0:c2:82:2d:e6:d0 (SSID='UB_Secure' freq=2462 MHz)
06-11 10:56:50.639  2848  2848 I wpa_supplicant: wlan0: Associated with d0:c2:82:2d:e6:d0
06-11 10:56:50.643  2848  2848 I wpa_supplicant: wlan0: CTRL-EVENT-EAP-STARTED EAP authentication started
06-11 10:56:50.659  2848  2848 I wpa_supplicant: wlan0: CTRL-EVENT-EAP-PROPOSED-METHOD vendor=0 method=4 -> NAK
06-11 10:56:50.663  2848  2848 I wpa_supplicant: wlan0: CTRL-EVENT-EAP-PROPOSED-METHOD vendor=0 method=25
06-11 10:56:50.663  2848  2848 I wpa_supplicant: wlan0: CTRL-EVENT-EAP-METHOD EAP vendor 0 method 25 (PEAP) selected
06-11 10:56:50.706    76   113 D NetlinkEvent: Unexpected netlink message. type=0x0
06-11 10:56:57.061 25165 25167 D dalvikvm: GC_CONCURRENT freed 715K, 9% free 11110K/12167K, paused 2ms+5ms
06-11 10:56:57.163 25165 25845 D dalvikvm: GC_FOR_ALLOC freed 364K, 9% free 11094K/12167K, paused 31ms
06-11 10:56:57.178 25165 25845 D SCollector: SeqNum #21 written to file: /data/data/com.google.android.apps.maps/cache/nlp_s/1339426411668-474044/1
06-11 10:57:07.413 25165 25167 D dalvikvm: GC_CONCURRENT freed 642K, 10% free 11051K/12167K, paused 2ms+2ms
06-11 10:57:07.553 25165 25845 D dalvikvm: GC_FOR_ALLOC freed 443K, 9% free 11100K/12167K, paused 29ms
06-11 10:57:07.565 25165 25845 D SCollector: SeqNum #22 written to file: /data/data/com.google.android.apps.maps/cache/nlp_s/1339426411668-474044/1
06-11 10:57:12.709 25165 25167 D dalvikvm: GC_CONCURRENT freed 833K, 11% free 10835K/12167K, paused 14ms+3ms
06-11 10:57:13.381  2848  2848 I wpa_supplicant: wlan0: CTRL-EVENT-DISCONNECTED bssid=d0:c2:82:2d:e6:d0 reason=0
06-11 10:57:13.987  2848  2848 I wpa_supplicant: wlan0: Trying to associate with d0:c2:82:66:5b:70 (SSID='UB_Secure' freq=2437 MHz)
06-11 10:57:14.159  2848  2848 I wpa_supplicant: wlan0: Associated with d0:c2:82:66:5b:70
06-11 10:57:14.178  2848  2848 I wpa_supplicant: wlan0: CTRL-EVENT-EAP-STARTED EAP authentication started
06-11 10:57:14.182  2848  2848 I wpa_supplicant: wlan0: CTRL-EVENT-EAP-PROPOSED-METHOD vendor=0 method=4 -> NAK
06-11 10:57:14.182    76   113 D NetlinkEvent: Unexpected netlink message. type=0x0
06-11 10:57:14.186  2848  2848 I wpa_supplicant: wlan0: CTRL-EVENT-EAP-PROPOSED-METHOD vendor=0 method=25
06-11 10:57:14.186  2848  2848 I wpa_supplicant: wlan0: CTRL-EVENT-EAP-METHOD EAP vendor 0 method 25 (PEAP) selected
06-11 10:57:14.248  2848  2848 I wpa_supplicant: wlan0: CTRL-EVENT-EAP-PEER-CERT depth=2 subject='/C=US/O=Entrust.net/OU=www.entrust.net/CPS incorp. by ref. (limits liab.)/OU=(c) 1999 Entrust.net Limited/CN=Entrust.net Secure Server Certification Authority'
06-11 10:57:14.248  2848  2848 I wpa_supplicant: wlan0: CTRL-EVENT-EAP-PEER-CERT depth=2 subject='/C=US/O=Entrust.net/OU=www.entrust.net/CPS incorp. by ref. (limits liab.)/OU=(c) 1999 Entrust.net Limited/CN=Entrust.net Secure Server Certification Authority'
06-11 10:57:14.252  2848  2848 I wpa_supplicant: wlan0: CTRL-EVENT-EAP-PEER-CERT depth=1 subject='/C=US/ST=UT/L=Salt Lake City/O=The USERTRUST Network/CN=USERTrust Legacy Secure Server CA'
06-11 10:57:14.252  2848  2848 I wpa_supplicant: wlan0: CTRL-EVENT-EAP-PEER-CERT depth=0 subject='/C=US/postalCode=14260/ST=New York/L=Buffalo/street=305 Computing Center/O=SUNY AT BUFFALO/OU=Issued through UNIVERSITY AT BUFFALO E-PKI Manager/OU=Comodo PremiumSSL Legacy/CN=radius2.cit.buffalo.edu'
06-11 10:57:14.319   142   145 D dalvikvm: GC_CONCURRENT freed 1686K, 16% free 17914K/21191K, paused 15ms+17ms
06-11 10:57:14.416  2848  2848 I wpa_supplicant: EAP-MSCHAPV2: Authentication succeeded
06-11 10:57:14.424  2848  2848 I wpa_supplicant: EAP-TLV: TLV Result - Success - EAP-TLV/Phase2 Completed
06-11 10:57:14.428  2848  2848 I wpa_supplicant: wlan0: CTRL-EVENT-EAP-SUCCESS EAP authentication completed successfully
06-11 10:57:14.448  2848  2848 I wpa_supplicant: wlan0: WPA: Key negotiation completed with d0:c2:82:66:5b:70 [PTK=CCMP GTK=TKIP]
06-11 10:57:14.448  2848  2848 I wpa_supplicant: wlan0: CTRL-EVENT-CONNECTED - Connection to d0:c2:82:66:5b:70 completed (reauth) [id=3 id_str=]
06-11 10:57:15.163   142   199 D ConnectivityService: ConnectivityChange for WIFI: CONNECTED/CONNECTED
06-11 10:57:15.163   142   199 D ConnectivityService: Policy requires mobile teardown
06-11 10:57:15.202 26003 26003 I PhoneLab-WiFiReceiver: Wi-Fi is connected!
06-11 10:57:15.217 26003 26003 I PhoneLab-WiFiReceiver: SSID: UB_Secure BSSID: d0:c2:82:66:5b:70 RSSI: -200 LinkSpeed: -1
06-11 10:57:15.217 26003 26003 I PhoneLab-Locks: wake lock acquired
06-11 10:57:15.233 26003 26003 I PhoneLab-UploadLogs: Transfering log files now
06-11 10:57:15.233 26003 26003 I PhoneLab-UploadLogs: No log files to transfer
06-11 10:57:15.233 26003 26003 I PhoneLab-Locks: wake lock released
06-11 10:57:15.252 26003 26003 I PhoneLab-UploadLogs: OnStartCommand
06-11 10:57:15.272   142   199 D ConnectivityService: ConnectivityChange for mobile: DISCONNECTED/DISCONNECTED
06-11 10:57:15.272   142   199 D ConnectivityService: Attempting to switch to WIFI
06-11 10:57:15.272   142   199 D ConnectivityService: Attempting to switch to WIMAX
06-11 10:57:15.272   142   199 D ConnectivityService: Attempting to switch to BLUETOOTH_TETHER
06-11 10:57:15.295   142   199 D NetUtils: android_net_utils_resetConnections in env=0x658290 clazz=0xfac00001 iface=rmnet0 mask=0x3
06-11 10:57:15.295   142   199 D ConnectivityService: resetConnections(rmnet0, 3)
06-11 10:57:15.307   142   194 W NetworkStats: dropping UID delta from unknown iface: iface=wlan0 uid=0 set=DEFAULT tag=0x0 rxBytes=0 rxPackets=0 txBytes=140 txPackets=2 operations=0
06-11 10:57:15.448  4690 25907 W Smack/Packet: notify conn break (IOEx), close connection
06-11 10:57:15.623  4690 25907 I qtaguid : Failed write_ctrl(u 57) res=-1 errno=22
06-11 10:57:15.623  4690 25907 I qtaguid : Untagging socket 57 failed errno=-22
06-11 10:57:15.639  4690 25907 W NetworkManagementSocketTagger: untagSocket(57) failed with errno -22
06-11 10:57:15.674   142   199 D ConnectivityService: handleInetConditionChange: net=0 != default=1 - ignore
06-11 10:57:16.373   142   294 I ActivityManager: Process com.google.android.apps.plus (pid 25864) has died.
06-11 10:57:17.858 25165 25167 D dalvikvm: GC_CONCURRENT freed 239K, 9% free 11182K/12167K, paused 2ms+3ms
06-11 10:57:17.920 25165 25845 D SCollector: SeqNum #23 written to file: /data/data/com.google.android.apps.maps/cache/nlp_s/1339426411668-474044/1
06-11 10:57:18.307   142   172 I ActivityManager: Start proc com.google.android.apps.maps for service com.google.android.apps.maps/com.google.googlenav.prefetch.android.PrefetcherService: pid=26054 uid=10057 gids={3003, 1015}
06-11 10:57:18.342   142   203 D Tethering: MasterInitialState.processMessage what=3
06-11 10:57:18.541  4690  4690 I GTalkService/c: [AndroidEndpoint@1094367416] connect: acct=1000000, state=CONNECTING
06-11 10:57:18.541  4690  4690 I GTalkService/c: [GTalkConnection@1093775384] connect: acct=1, state=CONNECTING
06-11 10:57:18.659 26054 26056 D dalvikvm: GC_CONCURRENT freed 171K, 3% free 9365K/9607K, paused 101ms+3ms
06-11 10:57:18.682   142   203 D Tethering: MasterInitialState.processMessage what=3
06-11 10:57:18.694   142   203 D Tethering: MasterInitialState.processMessage what=3
06-11 10:57:18.948 26054 26054 I ActivityThread: Pub com.google.android.maps.SearchHistoryProvider: com.google.googlenav.provider.SearchHistoryProvider
06-11 10:57:18.979 26054 26054 I ActivityThread: Pub com.google.android.maps.SuggestionProvider: com.google.googlenav.suggest.android.SuggestContentProvider
06-11 10:57:19.010 26054 26054 I ActivityThread: Pub com.google.android.maps.LayerInfoProvider: com.google.googlenav.layer.LayerInfoProvider
06-11 10:57:19.053 26054 26054 I ActivityThread: Pub com.google.android.maps.TrafficAppWidgetProvider: com.google.googlenav.appwidget.traffic.TrafficAppWidgetProvider
06-11 10:57:19.053 26054 26054 I ActivityThread: Pub com.google.android.maps.LocalActivePlacesProvider: com.google.googlenav.provider.LocalActivePlacesProvider
06-11 10:57:19.053 26054 26054 I ActivityThread: Pub com.google.android.maps.StarredItemProvider: com.google.googlenav.provider.StarredItemProvider
06-11 10:57:19.241 26054 26056 D dalvikvm: GC_CONCURRENT freed 147K, 3% free 9648K/9927K, paused 34ms+2ms
06-11 10:57:19.350   142   602 D dalvikvm: GC_EXPLICIT freed 1635K, 17% free 17707K/21191K, paused 4ms+9ms
06-11 10:57:19.495 25613 25613 I MediaUploader: No need to wake up
06-11 10:57:19.620  4690  4693 D dalvikvm: GC_CONCURRENT freed 438K, 6% free 10656K/11335K, paused 32ms+45ms
06-11 10:57:19.694 26054 26054 I ActivityThread: Pub com.google.android.maps.LocalSuggestionProvider: com.google.googlenav.provider.LocalSuggestionProvider
06-11 10:57:19.694 26054 26054 I ActivityThread: Pub com.google.android.maps.NavigationAvailabilityProvider: com.google.googlenav.provider.NavigationAvailabilityProvider
06-11 10:57:19.698   142   370 I ActivityManager: Start proc com.google.android.apps.plus for broadcast com.google.android.apps.plus/com.google.android.picasasync.ConnectivityReceiver: pid=26072 uid=10058 gids={3003, 3002, 1015, 1006}
06-11 10:57:19.698   142   154 I ActivityManager: Process com.google.android.apps.docs (pid 25632) has died.
06-11 10:57:19.748 26054 26056 D dalvikvm: GC_CONCURRENT freed 220K, 4% free 9903K/10247K, paused 2ms+13ms
06-11 10:57:19.823    80    80 D dalvikvm: GC_EXPLICIT freed 37K, 4% free 9031K/9347K, paused 7ms+11ms
06-11 10:57:19.873    80    80 D dalvikvm: GC_EXPLICIT freed <1K, 4% free 9031K/9347K, paused 1ms+2ms
06-11 10:57:19.920    80    80 D dalvikvm: GC_EXPLICIT freed <1K, 4% free 9031K/9347K, paused 2ms+2ms
06-11 10:57:20.018 26054 26056 D dalvikvm: GC_CONCURRENT freed 239K, 4% free 10123K/10503K, paused 45ms+4ms
06-11 10:57:20.159 26072 26074 D dalvikvm: GC_CONCURRENT freed 174K, 3% free 9362K/9607K, paused 3ms+2ms
06-11 10:57:20.315 26072 26072 I ActivityThread: Pub com.google.android.apps.plus.content.ApiProvider: com.google.android.apps.plus.content.EsApiProvider
06-11 10:57:20.334 26072 26072 I ActivityThread: Pub com.google.android.apps.plus.content.EsGooglePhotoProvider: com.google.android.picasasync.PicasaContentProvider
06-11 10:57:20.463 26072 26074 D dalvikvm: GC_CONCURRENT freed 486K, 6% free 9430K/9991K, paused 4ms+2ms
06-11 10:57:20.463 26072 26072 I ActivityThread: Pub com.google.android.apps.plus.content.EsPicasaStoreProvider: com.google.android.picasastore.PicasaPhotoContentProvider
06-11 10:57:20.471 26072 26072 I ActivityThread: Pub com.google.plus.platform: com.google.android.apps.plus.content.AdsProvider
06-11 10:57:20.471 26072 26072 I ActivityThread: Pub com.google.android.apps.plus.iu.EsGoogleIuProvider: com.google.android.apps.plus.iu.InstantUploadProvider
06-11 10:57:20.514 26072 26072 I ActivityThread: Pub com.google.android.apps.plus.content.EsProvider: com.google.android.apps.plus.content.EsProvider
06-11 10:57:20.565 26072 26074 D dalvikvm: GC_CONCURRENT freed 411K, 6% free 9548K/10055K, paused 2ms+3ms
06-11 10:57:20.834 25478 25479 D dalvikvm: GC_CONCURRENT freed 526K, 6% free 10745K/11399K, paused 6ms+8ms
06-11 10:57:20.873 26072 26104 D PicasaPhotoCP: set fsid first time:-1
06-11 10:57:20.944   142   153 I ActivityManager: Start proc com.google.android.apps.docs for broadcast com.google.android.apps.docs/.receivers.NetworkChangeReceiver: pid=26111 uid=10069 gids={3003, 1015, 1006}
06-11 10:57:21.123   142   294 I ActivityManager: Process com.twitter.android (pid 25323) has died.
06-11 10:57:21.159 25165 25167 D dalvikvm: GC_CONCURRENT freed 980K, 12% free 10805K/12167K, paused 2ms+4ms
06-11 10:57:21.182 26111 26111 I ActivityThread: Pub com.google.android.apps.docs.files: com.google.android.apps.docs.sync.filemanager.FileProvider
06-11 10:57:21.194 26111 26111 I ActivityThread: Pub com.google.android.apps.docs.doclist.search_suggest: com.google.android.apps.docs.doclist.DocListGlobalSearchSuggestionProvider
06-11 10:57:21.213 26072 26110 D PicasaSync: sync account database
06-11 10:57:21.456 26111 26111 V /ContextScope.java:112: 10:57:21.456 main Contexts in the main scope map after inserting com.google.android.apps.docs.editors.EditorsApplication@41343408: com.google.android.apps.docs.editors.EditorsApplication@41343408
06-11 10:57:21.538 26111 26113 D dalvikvm: GC_CONCURRENT freed 229K, 4% free 9307K/9607K, paused 3ms+2ms
06-11 10:57:21.690 26111 26113 D dalvikvm: GC_CONCURRENT freed 506K, 6% free 9348K/9927K, paused 3ms+2ms
06-11 10:57:21.748 26072 26110 D PicasaSync: accounts in DB=1
06-11 10:57:21.823 26111 26113 D dalvikvm: GC_CONCURRENT freed 539K, 7% free 9378K/9991K, paused 2ms+3ms
06-11 10:57:21.850 26072 26110 D PicasaSyncManager: active network: NetworkInfo: type: WIFI[], state: CONNECTED/CONNECTED, reason: (unspecified), extra: (none), roaming: false, failover: false, isAvailable: true
06-11 10:57:21.850 26072 26110 D PicasaSyncManager: background data: true
06-11 10:57:21.936 26111 26113 D dalvikvm: GC_CONCURRENT freed 477K, 6% free 9413K/9991K, paused 2ms+3ms
06-11 10:57:22.034 26111 26113 D dalvikvm: GC_CONCURRENT freed 536K, 7% free 9445K/10055K, paused 2ms+3ms
06-11 10:57:22.139 26111 26113 D dalvikvm: GC_CONCURRENT freed 474K, 6% free 9482K/10055K, paused 2ms+2ms
06-11 10:57:22.245 26111 26113 D dalvikvm: GC_CONCURRENT freed 534K, 7% free 9509K/10119K, paused 2ms+3ms
06-11 10:57:22.327 26072 26074 D dalvikvm: GC_CONCURRENT freed 269K, 4% free 9727K/10119K, paused 84ms+100ms
06-11 10:57:22.389 26111 26113 D dalvikvm: GC_CONCURRENT freed 426K, 6% free 9610K/10119K, paused 2ms+2ms
06-11 10:57:22.549 26111 26113 D dalvikvm: GC_CONCURRENT freed 497K, 6% free 9693K/10247K, paused 2ms+3ms
06-11 10:57:22.631 26072 26110 D PicasaSyncManager: battery info: false
06-11 10:57:22.698 26111 26113 D dalvikvm: GC_CONCURRENT freed 506K, 6% free 9734K/10311K, paused 2ms+3ms
06-11 10:57:22.862 26111 26113 D dalvikvm: GC_CONCURRENT freed 536K, 6% free 9765K/10375K, paused 2ms+6ms
06-11 10:57:22.975 26111 26113 D dalvikvm: GC_CONCURRENT freed 503K, 6% free 9774K/10375K, paused 2ms+4ms
06-11 10:57:22.979 26111 26111 D /Ln.java:220: 10:57:22.981 main Configuring Logging, minimum log level is INFO
06-11 10:57:23.010 26111 26111 D DocListDatabase: openHelper points on new database: DocList.db
06-11 10:57:23.010 26111 26111 D DocListDatabase: in openWriteDatabase
06-11 10:57:23.041 26111 26111 W ND      : Could not load Finalizer in its own class loader. Loading Finalizer in the current class loader instead. As a result, you will not be able to garbage collect this class loader. To support reclaiming this class loader, either resolve the underlying issue, or move Google Collections to your system class path.
06-11 10:57:23.041 26111 26111 W ND      : java.io.FileNotFoundException: com/google/inject/internal/Finalizer.class
06-11 10:57:23.041 26111 26111 W ND      : 	at NE.a(FinalizableReferenceQueue.java:269)
06-11 10:57:23.041 26111 26111 W ND      : 	at NE.a(FinalizableReferenceQueue.java:253)
06-11 10:57:23.041 26111 26111 W ND      : 	at ND.a(FinalizableReferenceQueue.java:175)
06-11 10:57:23.041 26111 26111 W ND      : 	at ND.<clinit>(FinalizableReferenceQueue.java:100)
06-11 10:57:23.041 26111 26111 W ND      : 	at OT.<clinit>(MapMaker.java:787)
06-11 10:57:23.041 26111 26111 W ND      : 	at Ph.<init>(MapMaker.java:946)
06-11 10:57:23.041 26111 26111 W ND      : 	at Pb.a(MapMaker.java:312)
06-11 10:57:23.041 26111 26111 W ND      : 	at OX.a(MapMaker.java:498)
06-11 10:57:23.041 26111 26111 W ND      : 	at OX.a(MapMaker.java:419)
06-11 10:57:23.041 26111 26111 W ND      : 	at Nb.get(CustomConcurrentHashMap.java:2029)
06-11 10:57:23.041 26111 26111 W ND      : 	at MM.a(BytecodeGen.java:149)
06-11 10:57:23.041 26111 26111 W ND      : 	at MM.a(BytecodeGen.java:132)
06-11 10:57:23.041 26111 26111 W ND      : 	at MX.a(ConstructionContext.java:80)
06-11 10:57:23.041 26111 26111 W ND      : 	at KG.a(ConstructorInjector.java:70)
06-11 10:57:23.041 26111 26111 W ND      : 	at KF.a(ConstructorBindingImpl.java:111)
06-11 10:57:23.041 26111 26111 W ND      : 	at LU.a(ProviderToInternalFactoryAdapter.java:45)
06-11 10:57:23.041 26111 26111 W ND      : 	at Li.a(InjectorImpl.java:811)
06-11 10:57:23.041 26111 26111 W ND      : 	at LT.a(ProviderToInternalFactoryAdapter.java:42)
06-11 10:57:23.041 26111 26111 W ND      : 	at Mc.a(Scopes.java:54)
06-11 10:57:23.041 26111 26111 W ND      : 	at Lz.a(InternalFactoryToProviderAdapter.java:48)
06-11 10:57:23.041 26111 26111 W ND      : 	at KR.a(FactoryProxy.java:56)
06-11 10:57:23.041 26111 26111 W ND      : 	at Mi.a(SingleParameterInjector.java:42)
06-11 10:57:23.041 26111 26111 W ND      : 	at Mi.a(SingleParameterInjector.java:66)
06-11 10:57:23.041 26111 26111 W ND      : 	at KG.a(ConstructorInjector.java:84)
06-11 10:57:23.041 26111 26111 W ND      : 	at KF.a(ConstructorBindingImpl.java:111)
06-11 10:57:23.041 26111 26111 W ND      : 	at KR.a(FactoryProxy.java:56)
06-11 10:57:23.041 26111 26111 W ND      : 	at Mi.a(SingleParameterInjector.java:42)
06-11 10:57:23.041 26111 26111 W ND      : 	at Mi.a(SingleParameterInjector.java:66)
06-11 10:57:23.041 26111 26111 W ND      : 	at KG.a(ConstructorInjector.java:84)
06-11 10:57:23.041 26111 26111 W ND      : 	at KF.a(ConstructorBindingImpl.java:111)
06-11 10:57:23.041 26111 26111 W ND      : 	at LU.a(ProviderToInternalFactoryAdapter.java:45)
06-11 10:57:23.041 26111 26111 W ND      : 	at Li.a(InjectorImpl.java:811)
06-11 10:57:23.041 26111 26111 W ND      : 	at LT.a(ProviderToInternalFactoryAdapter.java:42)
06-11 10:57:23.041 26111 26111 W ND      : 	at Mc.a(Scopes.java:54)
06-11 10:57:23.041 26111 26111 W ND      : 	at Lz.a(InternalFactoryToProviderAdapter.java:48)
06-11 10:57:23.041 26111 26111 W ND      : 	at Lg.a(InjectorBuilder.java:200)
06-11 10:57:23.041 26111 26111 W ND      : 	at Lg.a(InjectorBuilder.java:194)
06-11 10:57:23.041 26111 26111 W ND      : 	at Li.a(InjectorImpl.java:804)
06-11 10:57:23.041 26111 26111 W ND      : 	at Lf.a(InjectorBuilder.java:194)
06-11 10:57:23.041 26111 26111 W ND      : 	at Lf.b(InjectorBuilder.java:176)
06-11 10:57:23.041 26111 26111 W ND      : 	at Lf.a(InjectorBuilder.java:113)
06-11 10:57:23.041 26111 26111 W ND      : 	at KS.a(Guice.java:92)
06-11 10:57:23.041 26111 26111 W ND      : 	at roboguice.application.RoboApplication.b(RoboApplication.java:146)
06-11 10:57:23.041 26111 26111 W ND      : 	at roboguice.application.RoboApplication.a(RoboApplication.java:84)
06-11 10:57:23.041 26111 26111 W ND      : 	at com.google.android.apps.docs.GuiceContentProvider.a(GuiceContentProvider.java:36)
06-11 10:57:23.041 26111 26111 W ND      : 	at com.google.android.apps.docs.GuiceContentProvider.onCreate(GuiceContentProvider.java:27)
06-11 10:57:23.041 26111 26111 W ND      : 	at com.google.android.apps.docs.doclist.BaseSearchSuggestionProvider.onCreate(BaseSearchSuggestionProvider.java:88)
06-11 10:57:23.041 26111 26111 W ND      : 	at android.content.ContentProvider.attachInfo(ContentProvider.java:944)
06-11 10:57:23.041 26111 26111 W ND      : 	at android.app.ActivityThread.installProvider(ActivityThread.java:4237)
06-11 10:57:23.041 26111 26111 W ND      : 	at android.app.ActivityThread.installContentProviders(ActivityThread.java:3992)
06-11 10:57:23.041 26111 26111 W ND      : 	at android.app.ActivityThread.handleBindApplication(ActivityThread.java:3946)
06-11 10:57:23.041 26111 26111 W ND      : 	at android.app.ActivityThread.access$1300(ActivityThread.java:123)
06-11 10:57:23.041 26111 26111 W ND      : 	at android.app.ActivityThread$H.handleMessage(ActivityThread.java:1185)
06-11 10:57:23.041 26111 26111 W ND      : 	at android.os.Handler.dispatchMessage(Handler.java:99)
06-11 10:57:23.041 26111 26111 W ND      : 	at android.os.Looper.loop(Looper.java:137)
06-11 10:57:23.041 26111 26111 W ND      : 	at android.app.ActivityThread.main(ActivityThread.java:4424)
06-11 10:57:23.041 26111 26111 W ND      : 	at java.lang.reflect.Method.invokeNative(Native Method)
06-11 10:57:23.041 26111 26111 W ND      : 	at java.lang.reflect.Method.invoke(Method.java:511)
06-11 10:57:23.041 26111 26111 W ND      : 	at com.android.internal.os.ZygoteInit$MethodAndArgsCaller.run(ZygoteInit.java:784)
06-11 10:57:23.041 26111 26111 W ND      : 	at com.android.internal.os.ZygoteInit.main(ZygoteInit.java:551)
06-11 10:57:23.041 26111 26111 W ND      : 	at dalvik.system.NativeStart.main(Native Method)
06-11 10:57:23.073 26111 26111 D dalvikvm: GC_FOR_ALLOC freed 218K, 6% free 9814K/10375K, paused 27ms
06-11 10:57:23.077 26111 26111 I ND      : Failed to start reference finalizer thread. Reference cleanup will only occur when new references are created.
06-11 10:57:23.077 26111 26111 I ND      : java.lang.reflect.InvocationTargetException
06-11 10:57:23.077 26111 26111 I ND      : 	at java.lang.reflect.Method.invokeNative(Native Method)
06-11 10:57:23.077 26111 26111 I ND      : 	at java.lang.reflect.Method.invoke(Method.java:511)
06-11 10:57:23.077 26111 26111 I ND      : 	at ND.<init>(FinalizableReferenceQueue.java:124)
06-11 10:57:23.077 26111 26111 I ND      : 	at OT.<clinit>(MapMaker.java:787)
06-11 10:57:23.077 26111 26111 I ND      : 	at Ph.<init>(MapMaker.java:946)
06-11 10:57:23.077 26111 26111 I ND      : 	at Pb.a(MapMaker.java:312)
06-11 10:57:23.077 26111 26111 I ND      : 	at OX.a(MapMaker.java:498)
06-11 10:57:23.077 26111 26111 I ND      : 	at OX.a(MapMaker.java:419)
06-11 10:57:23.077 26111 26111 I ND      : 	at Nb.get(CustomConcurrentHashMap.java:2029)
06-11 10:57:23.077 26111 26111 I ND      : 	at MM.a(BytecodeGen.java:149)
06-11 10:57:23.077 26111 26111 I ND      : 	at MM.a(BytecodeGen.java:132)
06-11 10:57:23.077 26111 26111 I ND      : 	at MX.a(ConstructionContext.java:80)
06-11 10:57:23.077 26111 26111 I ND      : 	at KG.a(ConstructorInjector.java:70)
06-11 10:57:23.077 26111 26111 I ND      : 	at KF.a(ConstructorBindingImpl.java:111)
06-11 10:57:23.077 26111 26111 I ND      : 	at LU.a(ProviderToInternalFactoryAdapter.java:45)
06-11 10:57:23.077 26111 26111 I ND      : 	at Li.a(InjectorImpl.java:811)
06-11 10:57:23.077 26111 26111 I ND      : 	at LT.a(ProviderToInternalFactoryAdapter.java:42)
06-11 10:57:23.077 26111 26111 I ND      : 	at Mc.a(Scopes.java:54)
06-11 10:57:23.077 26111 26111 I ND      : 	at Lz.a(InternalFactoryToProviderAdapter.java:48)
06-11 10:57:23.077 26111 26111 I ND      : 	at KR.a(FactoryProxy.java:56)
06-11 10:57:23.077 26111 26111 I ND      : 	at Mi.a(SingleParameterInjector.java:42)
06-11 10:57:23.077 26111 26111 I ND      : 	at Mi.a(SingleParameterInjector.java:66)
06-11 10:57:23.077 26111 26111 I ND      : 	at KG.a(ConstructorInjector.java:84)
06-11 10:57:23.077 26111 26111 I ND      : 	at KF.a(ConstructorBindingImpl.java:111)
06-11 10:57:23.077 26111 26111 I ND      : 	at KR.a(FactoryProxy.java:56)
06-11 10:57:23.077 26111 26111 I ND      : 	at Mi.a(SingleParameterInjector.java:42)
06-11 10:57:23.077 26111 26111 I ND      : 	at Mi.a(SingleParameterInjector.java:66)
06-11 10:57:23.077 26111 26111 I ND      : 	at KG.a(ConstructorInjector.java:84)
06-11 10:57:23.077 26111 26111 I ND      : 	at KF.a(ConstructorBindingImpl.java:111)
06-11 10:57:23.077 26111 26111 I ND      : 	at LU.a(ProviderToInternalFactoryAdapter.java:45)
06-11 10:57:23.077 26111 26111 I ND      : 	at Li.a(InjectorImpl.java:811)
06-11 10:57:23.077 26111 26111 I ND      : 	at LT.a(ProviderToInternalFactoryAdapter.java:42)
06-11 10:57:23.077 26111 26111 I ND      : 	at Mc.a(Scopes.java:54)
06-11 10:57:23.077 26111 26111 I ND      : 	at Lz.a(InternalFactoryToProviderAdapter.java:48)
06-11 10:57:23.077 26111 26111 I ND      : 	at Lg.a(InjectorBuilder.java:200)
06-11 10:57:23.077 26111 26111 I ND      : 	at Lg.a(InjectorBuilder.java:194)
06-11 10:57:23.077 26111 26111 I ND      : 	at Li.a(InjectorImpl.java:804)
06-11 10:57:23.077 26111 26111 I ND      : 	at Lf.a(InjectorBuilder.java:194)
06-11 10:57:23.077 26111 26111 I ND      : 	at Lf.b(InjectorBuilder.java:176)
06-11 10:57:23.077 26111 26111 I ND      : 	at Lf.a(InjectorBuilder.java:113)
06-11 10:57:23.077 26111 26111 I ND      : 	at KS.a(Guice.java:92)
06-11 10:57:23.077 26111 26111 I ND      : 	at roboguice.application.RoboApplication.b(RoboApplication.java:146)
06-11 10:57:23.077 26111 26111 I ND      : 	at roboguice.application.RoboApplication.a(RoboApplication.java:84)
06-11 10:57:23.077 26111 26111 I ND      : 	at com.google.android.apps.docs.GuiceContentProvider.a(GuiceContentProvider.java:36)
06-11 10:57:23.077 26111 26111 I ND      : 	at com.google.android.apps.docs.GuiceContentProvider.onCreate(GuiceContentProvider.java:27)
06-11 10:57:23.077 26111 26111 I ND      : 	at com.google.android.apps.docs.doclist.BaseSearchSuggestionProvider.onCreate(BaseSearchSuggestionProvider.java:88)
06-11 10:57:23.077 26111 26111 I ND      : 	at android.content.ContentProvider.attachInfo(ContentProvider.java:944)
06-11 10:57:23.077 26111 26111 I ND      : 	at android.app.ActivityThread.installProvider(ActivityThread.java:4237)
06-11 10:57:23.077 26111 26111 I ND      : 	at android.app.ActivityThread.installContentProviders(ActivityThread.java:3992)
06-11 10:57:23.077 26111 26111 I ND      : 	at android.app.ActivityThread.handleBindApplication(ActivityThread.java:3946)
06-11 10:57:23.077 26111 26111 I ND      : 	at android.app.ActivityThread.access$1300(ActivityThread.java:123)
06-11 10:57:23.077 26111 26111 I ND      : 	at android.app.ActivityThread$H.handleMessage(ActivityThread.java:1185)
06-11 10:57:23.077 26111 26111 I ND      : 	at android.os.Handler.dispatchMessage(Handler.java:99)
06-11 10:57:23.077 26111 26111 I ND      : 	at android.os.Looper.loop(Looper.java:137)
06-11 10:57:23.077 26111 26111 I ND      : 	at android.app.ActivityThread.main(ActivityThread.java:4424)
06-11 10:57:23.077 26111 26111 I ND      : 	at java.lang.reflect.Method.invokeNative(Native Method)
06-11 10:57:23.077 26111 26111 I ND      : 	at java.lang.reflect.Method.invoke(Method.java:511)
06-11 10:57:23.077 26111 26111 I ND      : 	at com.android.internal.os.ZygoteInit$MethodAndArgsCaller.run(ZygoteInit.java:784)
06-11 10:57:23.077 26111 26111 I ND      : 	at com.android.internal.os.ZygoteInit.main(ZygoteInit.java:551)
06-11 10:57:23.077 26111 26111 I ND      : 	at dalvik.system.NativeStart.main(Native Method)
06-11 10:57:23.077 26111 26111 I ND      : Caused by: java.lang.IllegalArgumentException: Expected com.google.inject.internal.FinalizableReference.
06-11 10:57:23.077 26111 26111 I ND      : 	at NK.startFinalizer(Finalizer.java:77)
06-11 10:57:23.077 26111 26111 I ND      : 	... 60 more
06-11 10:57:23.151 26111 26111 I ActivityThread: Pub com.google.android.apps.docs.doclist.account_suggest: com.google.android.apps.docs.doclist.DocListAccountSuggestionProvider
06-11 10:57:23.159 26111 26111 I ActivityThread: Pub com.google.android.apps.docs: com.google.android.apps.docs.providers.DocListProvider
06-11 10:57:23.295 25613 25613 I MediaUploader: No need to wake up
06-11 10:57:23.327 26072 26074 D dalvikvm: GC_CONCURRENT freed 121K, 3% free 9999K/10247K, paused 36ms+2ms
06-11 10:57:23.409 26072 26110 D PicasaSyncManager: active network: NetworkInfo: type: WIFI[], state: CONNECTED/CONNECTED, reason: (unspecified), extra: (none), roaming: false, failover: false, isAvailable: true
06-11 10:57:23.413 26072 26110 D PicasaSyncManager: background data: true
06-11 10:57:23.416 26111 26113 D dalvikvm: GC_CONCURRENT freed 425K, 6% free 9892K/10439K, paused 9ms+52ms
06-11 10:57:23.459 25613 25613 I MediaUploader: No need to wake up
06-11 10:57:23.530 26072 26110 D PicasaSyncManager: active network: NetworkInfo: type: WIFI[], state: CONNECTED/CONNECTED, reason: (unspecified), extra: (none), roaming: false, failover: false, isAvailable: true
06-11 10:57:23.530 26072 26110 D PicasaSyncManager: background data: true
06-11 10:57:23.709 26072 26074 D dalvikvm: GC_CONCURRENT freed 297K, 5% free 10144K/10567K, paused 3ms+2ms
06-11 10:57:23.752 26072 26105 D dalvikvm: GC_FOR_ALLOC freed 1K, 5% free 10143K/10567K, paused 24ms
06-11 10:57:23.752 26072 26105 I dalvikvm-heap: Grow heap (frag case) to 10.222MB for 260112-byte allocation
06-11 10:57:23.776 26072 26105 D dalvikvm: GC_FOR_ALLOC freed 126K, 6% free 10271K/10823K, paused 23ms
06-11 10:57:23.811 26072 26105 D dalvikvm: GC_FOR_ALLOC freed 311K, 6% free 10209K/10823K, paused 20ms
06-11 10:57:23.834 26072 26105 D dalvikvm: GC_FOR_ALLOC freed 62K, 6% free 10273K/10823K, paused 20ms
06-11 10:57:23.834 26072 26105 I dalvikvm-heap: Grow heap (frag case) to 10.348MB for 260112-byte allocation
06-11 10:57:23.858 26072 26105 D dalvikvm: GC_FOR_ALLOC freed 126K, 7% free 10401K/11079K, paused 22ms
06-11 10:57:23.885 26072 26105 D dalvikvm: GC_FOR_ALLOC freed 369K, 7% free 10401K/11079K, paused 20ms
06-11 10:57:23.909 26072 26105 D dalvikvm: GC_FOR_ALLOC freed 126K, 5% free 10529K/11079K, paused 21ms
06-11 10:57:24.045 26072 26074 D dalvikvm: GC_CONCURRENT freed 322K, 4% free 10651K/11079K, paused 2ms+3ms
06-11 10:57:24.182 26072 26074 D dalvikvm: GC_CONCURRENT freed 95K, 2% free 10994K/11207K, paused 2ms+3ms
06-11 10:57:24.381 26072 26074 D dalvikvm: GC_CONCURRENT freed 389K, 5% free 11209K/11719K, paused 1ms+3ms
06-11 10:57:24.561 26072 26074 D dalvikvm: GC_CONCURRENT freed 145K, 3% free 11712K/11975K, paused 2ms+2ms
06-11 10:57:25.510  4690  4693 D dalvikvm: GC_CONCURRENT freed 420K, 6% free 10670K/11335K, paused 11ms+25ms
06-11 10:57:25.514   142   199 D ConnectivityService: handleInetConditionHoldEnd: net=1, condition=100, published condition=0
06-11 10:57:26.147 25910 25911 D dalvikvm: GC_CONCURRENT freed 378K, 6% free 9423K/9927K, paused 10ms+6ms
06-11 10:57:26.776 25165 25167 D dalvikvm: GC_CONCURRENT freed 167K, 9% free 11116K/12167K, paused 2ms+6ms
06-11 10:57:27.522 26003 26016 I PhoneLab-: Service Running
06-11 10:57:27.604 26003 26016 I PhoneLab-LoggerService: app_38    1446  1     1436   988   c00f181c 400107b4 S logcat
06-11 10:57:27.604 26003 26016 I PhoneLab-LoggerService: Logcat pid from database 1446
06-11 10:57:27.604 26003 26016 I PhoneLab-LoggerService: Logcat process found 1446
06-11 10:57:27.604 26003 26016 I PhoneLab-LoggerService: Checking Threshold
06-11 10:57:27.647 25165 25845 D SCollector: SeqNum #24 written to file: /data/data/com.google.android.apps.maps/cache/nlp_s/1339426411668-474044/1
06-11 10:57:27.670 25165 25167 D dalvikvm: GC_CONCURRENT freed 606K, 9% free 11151K/12167K, paused 2ms+2ms
06-11 10:57:34.370 25165 25167 D dalvikvm: GC_CONCURRENT freed 679K, 10% free 11058K/12167K, paused 2ms+4ms
06-11 10:57:37.229 25165 25167 D dalvikvm: GC_CONCURRENT freed 444K, 8% free 11232K/12167K, paused 2ms+3ms
06-11 10:57:37.264 25165 25845 D SCollector: SeqNum #25 written to file: /data/data/com.google.android.apps.maps/cache/nlp_s/1339426411668-474044/1
06-11 10:57:37.549 25231 25233 D dalvikvm: GC_CONCURRENT freed 356K, 6% free 9956K/10503K, paused 59ms+4ms
06-11 10:57:42.998 25165 25167 D dalvikvm: GC_CONCURRENT freed 854K, 10% free 10990K/12167K, paused 2ms+3ms
06-11 10:57:44.393  4690  4693 D dalvikvm: GC_CONCURRENT freed 379K, 6% free 10717K/11335K, paused 4ms+5ms
06-11 10:57:47.010 25165 25167 D dalvikvm: GC_CONCURRENT freed 378K, 8% free 11259K/12167K, paused 1ms+4ms
06-11 10:57:47.057 25165 25845 D SCollector: SeqNum #26 written to file: /data/data/com.google.android.apps.maps/cache/nlp_s/1339426411668-474044/1
06-11 10:57:52.041 25165 25167 D dalvikvm: GC_CONCURRENT freed 940K, 10% free 10973K/12167K, paused 11ms+3ms
06-11 10:57:56.612 25165 25845 D dalvikvm: GC_EXPLICIT freed 224K, 9% free 11147K/12167K, paused 18ms+5ms
06-11 10:57:56.745 25165 25845 D dalvikvm: GC_FOR_ALLOC freed 517K, 9% free 11115K/12167K, paused 29ms
06-11 10:57:56.748 25165 25845 D SCollector: SeqNum #27 written to file: /data/data/com.google.android.apps.maps/cache/nlp_s/1339426411668-474044/1
06-11 10:58:03.413   142   145 D dalvikvm: GC_CONCURRENT freed 1687K, 16% free 17959K/21191K, paused 37ms+10ms
06-11 10:58:03.538 25165 25167 D dalvikvm: GC_CONCURRENT freed 624K, 9% free 11080K/12167K, paused 3ms+4ms
06-11 10:58:06.331 25165 25167 D dalvikvm: GC_CONCURRENT freed 504K, 8% free 11262K/12167K, paused 4ms+4ms
06-11 10:58:06.366 25165 25845 D SCollector: SeqNum #28 written to file: /data/data/com.google.android.apps.maps/cache/nlp_s/1339426411668-474044/1
06-11 10:58:09.752   142 12773 D dalvikvm: GC_EXPLICIT freed 436K, 17% free 17662K/21191K, paused 4ms+7ms
06-11 10:58:10.483 25165 25167 D dalvikvm: GC_CONCURRENT freed 1013K, 11% free 10903K/12167K, paused 2ms+4ms
06-11 10:58:10.561 22161 22162 D dalvikvm: GC_CONCURRENT freed 514K, 8% free 10285K/11143K, paused 3ms+4ms
06-11 10:58:10.741 22161 22162 D dalvikvm: GC_CONCURRENT freed 248K, 7% free 10424K/11143K, paused 7ms+2ms
06-11 10:58:12.252 22161 22162 D dalvikvm: GC_CONCURRENT freed 327K, 6% free 10535K/11143K, paused 2ms+3ms
06-11 10:58:16.127 25165 25167 D dalvikvm: GC_CONCURRENT freed 327K, 8% free 11202K/12167K, paused 2ms+4ms
06-11 10:58:16.248 25165 25845 D dalvikvm: GC_FOR_ALLOC freed 474K, 9% free 11114K/12167K, paused 31ms
06-11 10:58:16.256 25165 25845 D SCollector: SeqNum #29 written to file: /data/data/com.google.android.apps.maps/cache/nlp_s/1339426411668-474044/1
06-11 10:58:20.959  4690  4693 D dalvikvm: GC_CONCURRENT freed 415K, 5% free 10798K/11335K, paused 3ms+6ms
06-11 10:58:22.178 25165 25165 D SCollector: aE stopped.
06-11 10:58:22.186 25165 25165 D SCollector: J stopped.
06-11 10:58:22.217 25165 25165 D SCollector: aq stopped.
06-11 10:58:22.217 25165 25165 D SCollector: All scanner finished.
06-11 10:58:22.221 25165 25165 D SCollector: F stopped.
06-11 10:58:22.221   142 12773 W ActivityManager: finishReceiver called but no pending broadcasts
06-11 10:58:22.284 25165 25844 D SCollector: LocalScanResultWriter.workerThread is shutting down.
06-11 10:58:22.284 25165 25844 D SCollector: SignalCollector.ScannerThread is quiting.
06-11 10:58:22.385 25165 25167 D dalvikvm: GC_CONCURRENT freed 721K, 10% free 11054K/12167K, paused 2ms+5ms
06-11 10:58:22.440   213   215 D dalvikvm: GC_CONCURRENT freed 659K, 34% free 10155K/15239K, paused 1ms+8ms
06-11 10:58:22.510   213   215 D dalvikvm: GC_CONCURRENT freed 591K, 35% free 10051K/15239K, paused 2ms+7ms
06-11 10:58:22.534 25165 25845 D SCollector: SeqNum #0 written to file: /data/data/com.google.android.apps.maps/cache/nlp_s/1339426411668-474044/1
06-11 10:58:22.538 25165 25845 D SCollector: LocalScanResultWriter terminated.
06-11 10:58:24.635   213   215 D dalvikvm: GC_CONCURRENT freed 372K, 34% free 10152K/15239K, paused 5ms+6ms
06-11 10:58:24.706   213   215 D dalvikvm: GC_CONCURRENT freed 493K, 34% free 10153K/15239K, paused 2ms+3ms
06-11 10:58:37.643   213   215 D dalvikvm: GC_CONCURRENT freed 398K, 34% free 10140K/15239K, paused 2ms+2ms
06-11 10:58:42.139   142   422 D AlarmManagerService: Kernel timezone updated to 240 minutes west of GMT
06-11 10:58:42.690   342   342 D SAN_SERVICE: *******************************************
06-11 10:58:42.690   342   342 D SAN_SERVICE: DM App Phone Service State - 0
06-11 10:58:42.690   342   342 D SAN_SERVICE: *******************************************
06-11 10:58:43.663   342   342 D SAN_SERVICE: *******************************************
06-11 10:58:43.663   342   342 D SAN_SERVICE: DM App Phone Service State - 0
06-11 10:58:43.663   342   342 D SAN_SERVICE: *******************************************
06-11 10:58:44.170   342   342 D SAN_SERVICE: *******************************************
06-11 10:58:44.170   342   342 D SAN_SERVICE: DM App Phone Service State - 0
06-11 10:58:44.170   342   342 D SAN_SERVICE: *******************************************
06-11 10:59:01.674   342   342 D SAN_SERVICE: *******************************************
06-11 10:59:01.674   342   342 D SAN_SERVICE: DM App Phone Service State - 0
06-11 10:59:01.674   342   342 D SAN_SERVICE: *******************************************
06-11 10:59:02.194   342   342 D SAN_SERVICE: *******************************************
06-11 10:59:02.194   342   342 D SAN_SERVICE: DM App Phone Service State - 0
06-11 10:59:02.194   342   342 D SAN_SERVICE: *******************************************
06-11 10:59:06.655   342   342 D SAN_SERVICE: *******************************************
06-11 10:59:06.655   342   342 D SAN_SERVICE: DM App Phone Service State - 0
06-11 10:59:06.655   342   342 D SAN_SERVICE: *******************************************
06-11 10:59:07.159   342   342 D SAN_SERVICE: *******************************************
06-11 10:59:07.159   342   342 D SAN_SERVICE: DM App Phone Service State - 0
06-11 10:59:07.159   342   342 D SAN_SERVICE: *******************************************
06-11 10:59:11.557 25165 25167 D dalvikvm: GC_CONCURRENT freed 1066K, 13% free 10665K/12167K, paused 2ms+3ms
06-11 10:59:27.522 26003 26016 I PhoneLab-: Service Running
06-11 10:59:27.584 26003 26016 I PhoneLab-LoggerService: app_38    1446  1     1436   988   c00f181c 400107b4 S logcat
06-11 10:59:27.588 26003 26016 I PhoneLab-LoggerService: Logcat pid from database 1446
06-11 10:59:27.588 26003 26016 I PhoneLab-LoggerService: Logcat process found 1446
06-11 10:59:27.588 26003 26016 I PhoneLab-LoggerService: Checking Threshold
06-11 10:59:52.385   142   172 I ActivityManager: Start proc com.twitter.android for service com.twitter.android/.client.AppService: pid=26157 uid=10068 gids={3003, 1015}
06-11 10:59:52.405 26157 26157 I dalvikvm: Turning on JNI app bug workarounds for target SDK version 11...
06-11 10:59:52.522 26157 26157 I ActivityThread: Pub com.twitter.android.provider.GlobalDatabaseProvider: com.twitter.android.provider.GlobalDatabaseProvider
06-11 10:59:52.530 26157 26157 I ActivityThread: Pub com.twitter.android.provider.TwitterProvider: com.twitter.android.provider.TwitterProvider
06-11 10:59:52.725 26157 26160 D dalvikvm: GC_CONCURRENT freed 203K, 4% free 9270K/9607K, paused 3ms+5ms
06-11 10:59:52.948   142   922 I ActivityManager: Process com.android.providers.calendar (pid 25983) has died.
06-11 10:59:53.092 26157 26160 D dalvikvm: GC_CONCURRENT freed 172K, 4% free 9499K/9799K, paused 1ms+1ms
06-11 10:59:53.280 26157 26160 D dalvikvm: GC_CONCURRENT freed 298K, 5% free 9627K/10055K, paused 1ms+2ms
06-11 10:59:53.448 26157 26160 D dalvikvm: GC_CONCURRENT freed 313K, 5% free 9762K/10183K, paused 1ms+2ms
06-11 10:59:53.577 26157 26160 D dalvikvm: GC_CONCURRENT freed 309K, 5% free 9892K/10311K, paused 2ms+2ms
06-11 10:59:53.698 26157 26160 D dalvikvm: GC_CONCURRENT freed 300K, 4% free 10022K/10439K, paused 1ms+1ms
06-11 10:59:53.823 26157 26160 D dalvikvm: GC_CONCURRENT freed 305K, 4% free 10155K/10567K, paused 1ms+3ms
06-11 10:59:53.956 26157 26160 D dalvikvm: GC_CONCURRENT freed 298K, 4% free 10282K/10695K, paused 2ms+2ms
06-11 10:59:54.143 26157 26160 D dalvikvm: GC_CONCURRENT freed 484K, 6% free 10223K/10823K, paused 2ms+2ms
06-11 10:59:54.264 26157 26160 D dalvikvm: GC_CONCURRENT freed 324K, 5% free 10297K/10823K, paused 2ms+2ms
06-11 10:59:54.420 26157 26160 D dalvikvm: GC_CONCURRENT freed 327K, 5% free 10389K/10823K, paused 2ms+2ms
06-11 10:59:54.553 26157 26160 D dalvikvm: GC_CONCURRENT freed 365K, 5% free 10473K/10951K, paused 2ms+2ms
06-11 10:59:54.674 26157 26160 D dalvikvm: GC_CONCURRENT freed 339K, 5% free 10554K/11015K, paused 2ms+2ms
06-11 10:59:54.803 26157 26160 D dalvikvm: GC_CONCURRENT freed 335K, 4% free 10637K/11079K, paused 3ms+2ms
06-11 10:59:54.928 26157 26160 D dalvikvm: GC_CONCURRENT freed 377K, 5% free 10727K/11207K, paused 1ms+2ms
06-11 10:59:55.065 26157 26160 D dalvikvm: GC_CONCURRENT freed 410K, 5% free 10823K/11335K, paused 1ms+2ms
06-11 10:59:56.635 26157 26160 D dalvikvm: GC_CONCURRENT freed 334K, 5% free 11004K/11463K, paused 4ms+2ms
06-11 10:59:58.823   142   154 I ActivityManager: Process com.android.deskclock (pid 25970) has died.
06-11 10:59:58.916 26157 26160 D dalvikvm: GC_CONCURRENT freed 425K, 5% free 11249K/11783K, paused 2ms+7ms
06-11 10:59:59.604   142   370 I ActivityManager: Process com.android.calendar (pid 25954) has died.
06-11 11:00:10.350   142   145 D dalvikvm: GC_CONCURRENT freed 1677K, 16% free 17911K/21191K, paused 40ms+10ms
06-11 11:00:11.631  4690  4701 D dalvikvm: GC_EXPLICIT freed 222K, 7% free 10652K/11335K, paused 2ms+4ms
06-11 11:00:11.702 25165 25167 D dalvikvm: GC_CONCURRENT freed 486K, 13% free 10643K/12167K, paused 2ms+12ms
06-11 11:00:11.717 22161 22162 D dalvikvm: GC_CONCURRENT freed 749K, 8% free 10295K/11143K, paused 7ms+4ms
06-11 11:00:21.311   142   166 I ActivityManager: Start proc com.google.android.gm for service com.google.android.gm/.provider.MailSyncAdapterService: pid=26181 uid=10019 gids={3003, 1015}
06-11 11:00:21.428 26181 26181 I ActivityThread: Pub gmail-ls: com.google.android.gm.provider.MailProvider
06-11 11:00:21.444 26181 26181 I ActivityThread: Pub com.google.android.gm: com.google.android.gm.provider.PublicContentProvider
06-11 11:00:21.452 26181 26181 I ActivityThread: Pub com.google.android.gmail.SuggestionProvider: com.google.android.gm.SuggestionsProvider
06-11 11:00:21.877 26181 26184 D dalvikvm: GC_CONCURRENT freed 231K, 4% free 9249K/9607K, paused 2ms+2ms
06-11 11:00:22.022 26181 26199 I Gmail   : calculateUnknownSyncRationalesAndPurgeInBackground: queueing
06-11 11:00:22.112 26181 26199 I Gmail   : calculateUnknownSyncRationalesAndPurgeInBackground: queueing
06-11 11:00:22.159 26181 26196 I Gmail   : MainSyncRequestProto: lowestBkwdConvoId: 0, highestHandledServerOp: 3232686, normalSync: true
06-11 11:00:22.233   142   142 I ActivityManager: Process com.google.android.apps.maps (pid 26054) has died.
06-11 11:00:22.319 26181 26184 D dalvikvm: GC_CONCURRENT freed 278K, 5% free 9390K/9799K, paused 1ms+3ms
06-11 11:00:22.319 26181 26199 I Gmail   : calculateUnknownSyncRationalesAndPurgeInBackground: running
06-11 11:00:22.342 26181 26199 I Gmail   : calculateUnknownSyncRationalesAndPurgeInBackground: running
06-11 11:00:22.424   142   154 I ActivityManager: Start proc com.google.android.gsf.login for service com.google.android.gsf.login/com.google.android.gsf.loginservice.GoogleLoginService: pid=26202 uid=10009 gids={3003, 1015, 1007, 2001, 3006}
06-11 11:00:24.186 26181 26184 D dalvikvm: GC_CONCURRENT freed 326K, 5% free 9491K/9927K, paused 1ms+2ms
06-11 11:00:24.803   213   213 D dalvikvm: GC_FOR_ALLOC freed 557K, 35% free 9961K/15239K, paused 18ms
06-11 11:00:24.866   213   215 D dalvikvm: GC_CONCURRENT freed 402K, 35% free 10051K/15239K, paused 2ms+2ms
06-11 11:00:25.256 26181 26184 D dalvikvm: GC_CONCURRENT freed 435K, 6% free 9504K/10055K, paused 2ms+3ms
06-11 11:00:25.358 26181 26196 D dalvikvm: GC_EXPLICIT freed 52K, 6% free 9501K/10055K, paused 2ms+2ms
06-11 11:00:25.362 26181 26196 I Gmail   : MainSyncRequestProto: lowestBkwdConvoId: 0, highestHandledServerOp: 3232709, normalSync: true
06-11 11:00:25.479 26181 26196 I Gmail   : Sending notification intent: Intent { act=android.intent.action.PROVIDER_CHANGED dat=content://gmail-ls/unread/^i (has extras) }
06-11 11:00:25.620   213   215 D dalvikvm: GC_CONCURRENT freed 551K, 35% free 9916K/15239K, paused 2ms+2ms
06-11 11:00:25.721   213   215 D dalvikvm: GC_CONCURRENT freed 532K, 36% free 9870K/15239K, paused 2ms+13ms
06-11 11:01:11.738 22161 22162 D dalvikvm: GC_CONCURRENT freed 440K, 8% free 10327K/11143K, paused 2ms+6ms
06-11 11:01:11.847 22161 22162 D dalvikvm: GC_CONCURRENT freed 209K, 6% free 10530K/11143K, paused 2ms+2ms
06-11 11:02:11.711 25165 25167 D dalvikvm: GC_CONCURRENT freed 748K, 15% free 10435K/12167K, paused 2ms+9ms
06-11 11:02:11.840 22161 22162 D dalvikvm: GC_CONCURRENT freed 691K, 8% free 10290K/11143K, paused 2ms+2ms
06-11 11:02:12.183   142   421 D AlarmManagerService: Kernel timezone updated to 240 minutes west of GMT
06-11 11:04:11.785 25165 25167 D dalvikvm: GC_CONCURRENT freed 514K, 15% free 10432K/12167K, paused 2ms+3ms
06-11 11:04:11.906   142   370 D dalvikvm: GC_EXPLICIT freed 1175K, 17% free 17682K/21191K, paused 4ms+9ms
06-11 11:04:12.015 22161 22162 D dalvikvm: GC_CONCURRENT freed 480K, 8% free 10320K/11143K, paused 2ms+3ms
06-11 11:04:59.961 26157 26160 D dalvikvm: GC_CONCURRENT freed 573K, 6% free 11352K/12039K, paused 5ms+3ms
06-11 11:05:00.257 26157 26236 D dalvikvm: GC_FOR_ALLOC freed 54K, 7% free 11376K/12167K, paused 28ms
06-11 11:05:00.257 26157 26236 I dalvikvm-heap: Grow heap (frag case) to 11.333MB for 162244-byte allocation
06-11 11:05:00.293 26157 26236 D dalvikvm: GC_FOR_ALLOC freed 77K, 8% free 11457K/12359K, paused 30ms
06-11 11:05:00.324 26157 26236 D dalvikvm: GC_FOR_ALLOC freed <1K, 8% free 11457K/12359K, paused 28ms
06-11 11:05:00.328 26157 26236 I dalvikvm-heap: Grow heap (frag case) to 11.569MB for 327276-byte allocation
06-11 11:05:00.355 26157 26236 D dalvikvm: GC_FOR_ALLOC freed 158K, 9% free 11618K/12679K, paused 28ms
06-11 11:05:00.765 26157 26160 D dalvikvm: GC_CONCURRENT freed 297K, 5% free 12067K/12679K, paused 2ms+2ms
06-11 11:05:11.894 22161 22162 D dalvikvm: GC_CONCURRENT freed 489K, 8% free 10338K/11143K, paused 2ms+2ms
06-11 11:06:12.375 25165 25167 D dalvikvm: GC_CONCURRENT freed 510K, 15% free 10434K/12167K, paused 2ms+3ms
06-11 11:06:51.711   142   142 I ActivityManager: Process com.google.android.apps.uploader (pid 25613) has died.
06-11 11:07:12.492 22161 22162 D dalvikvm: GC_CONCURRENT freed 519K, 8% free 10325K/11143K, paused 2ms+2ms
06-11 11:08:12.656 25165 25167 D dalvikvm: GC_CONCURRENT freed 511K, 15% free 10435K/12167K, paused 2ms+3ms
06-11 11:08:12.785 22161 22162 D dalvikvm: GC_CONCURRENT freed 496K, 8% free 10329K/11143K, paused 2ms+3ms
06-11 11:09:11.062 26003 26016 I PhoneLab-: Service Running
06-11 11:09:11.097 26003 26016 I PhoneLab-LoggerService: app_38    1446  1     1436   988   c00f181c 400107b4 S logcat
06-11 11:09:11.101 26003 26016 I PhoneLab-LoggerService: Logcat pid from database 1446
06-11 11:09:11.101 26003 26016 I PhoneLab-LoggerService: Logcat process found 1446
06-11 11:09:11.101 26003 26016 I PhoneLab-LoggerService: Checking Threshold
06-11 11:09:11.101 26003 26016 I PhoneLab-: Service Running
06-11 11:09:11.148 26003 26016 I PhoneLab-LoggerService: app_38    1446  1     1436   988   c00f181c 400107b4 S logcat
06-11 11:09:11.148 26003 26016 I PhoneLab-LoggerService: Logcat pid from database 1446
06-11 11:09:11.148 26003 26016 I PhoneLab-LoggerService: Logcat process found 1446
06-11 11:09:11.148 26003 26016 I PhoneLab-LoggerService: Checking Threshold
06-11 11:09:11.148 26003 26016 I PhoneLab-: Service Running
06-11 11:09:11.168 26003 26005 D dalvikvm: GC_CONCURRENT freed 387K, 6% free 9105K/9607K, paused 4ms+5ms
06-11 11:09:11.191 26003 26016 I PhoneLab-LoggerService: app_38    1446  1     1436   988   c00f181c 400107b4 S logcat
06-11 11:09:11.191 26003 26016 I PhoneLab-LoggerService: Logcat pid from database 1446
06-11 11:09:11.191 26003 26016 I PhoneLab-LoggerService: Logcat process found 1446
06-11 11:09:11.191 26003 26016 I PhoneLab-LoggerService: Checking Threshold
06-11 11:09:11.191 26003 26016 I PhoneLab-: Service Running
06-11 11:09:11.222 26003 26016 I PhoneLab-LoggerService: app_38    1446  1     1436   988   c00f181c 400107b4 S logcat
06-11 11:09:11.222 26003 26016 I PhoneLab-LoggerService: Logcat pid from database 1446
06-11 11:09:11.222 26003 26016 I PhoneLab-LoggerService: Logcat process found 1446
06-11 11:09:11.222 26003 26016 I PhoneLab-LoggerService: Checking Threshold
06-11 11:10:02.117 26157 26160 D dalvikvm: GC_CONCURRENT freed 1583K, 14% free 11418K/13127K, paused 9ms+2ms
06-11 11:10:12.644 25165 25167 D dalvikvm: GC_CONCURRENT freed 511K, 15% free 10435K/12167K, paused 2ms+3ms
06-11 11:10:12.804 22161 22162 D dalvikvm: GC_CONCURRENT freed 515K, 8% free 10326K/11143K, paused 2ms+3ms
06-11 11:11:11.433 26003 26016 I PhoneLab-: Service Running
06-11 11:11:11.511 26003 26016 I PhoneLab-LoggerService: app_38    1446  1     1436   988   c00f181c 400107b4 S logcat
06-11 11:11:11.511 26003 26016 I PhoneLab-LoggerService: Logcat pid from database 1446
06-11 11:11:11.511 26003 26016 I PhoneLab-LoggerService: Logcat process found 1446
06-11 11:11:11.511 26003 26016 I PhoneLab-LoggerService: Checking Threshold
06-11 11:11:12.746 25165 25167 D dalvikvm: GC_CONCURRENT freed 391K, 15% free 10428K/12167K, paused 8ms+2ms
06-11 11:11:12.773 22161 22162 D dalvikvm: GC_CONCURRENT freed 495K, 8% free 10341K/11143K, paused 2ms+3ms
06-11 11:11:19.039 25478 25479 D dalvikvm: GC_CONCURRENT freed 434K, 6% free 10763K/11399K, paused 9ms+3ms
06-11 11:12:12.539  4690  5202 I EventLogService: Aggregate from 1339425732433 (log), 1339425732433 (data)
06-11 11:12:12.691  4690  5049 D dalvikvm: GC_FOR_ALLOC freed 266K, 6% free 10742K/11335K, paused 72ms
06-11 11:12:12.804 22161 22162 D dalvikvm: GC_CONCURRENT freed 439K, 8% free 10307K/11143K, paused 2ms+2ms
06-11 11:12:38.160 26003 26016 I PhoneLab-: Service Running
06-11 11:12:39.054 26003 26016 I PhoneLab-LoggerService: app_38    1446  1     1436   988   c00f181c 400107b4 S logcat
06-11 11:12:39.054 26003 26016 I PhoneLab-LoggerService: Logcat pid from database 1446
06-11 11:12:39.054 26003 26016 I PhoneLab-LoggerService: Logcat process found 1446
06-11 11:12:39.054 26003 26016 I PhoneLab-LoggerService: Checking Threshold
06-11 11:12:39.601 26181 26184 D dalvikvm: GC_CONCURRENT freed 326K, 6% free 9604K/10119K, paused 2ms+5ms
06-11 11:13:11.199 26181 26290 W Gmail   : Successful index run, cancel next scheduled index run
06-11 11:13:12.824 25165 25167 D dalvikvm: GC_CONCURRENT freed 497K, 15% free 10442K/12167K, paused 3ms+7ms
06-11 11:14:12.906 22161 22162 D dalvikvm: GC_CONCURRENT freed 509K, 8% free 10309K/11143K, paused 2ms+2ms
06-11 11:15:05.836   142   294 D dalvikvm: GC_EXPLICIT freed 1517K, 17% free 17742K/21191K, paused 4ms+9ms
06-11 11:15:06.890 26157 26160 D dalvikvm: GC_CONCURRENT freed 651K, 13% free 11442K/13127K, paused 8ms+3ms
06-11 11:15:10.656 26157 26160 D dalvikvm: GC_CONCURRENT freed 658K, 13% free 11471K/13127K, paused 2ms+2ms
06-11 11:15:12.906 25165 25167 D dalvikvm: GC_CONCURRENT freed 516K, 15% free 10438K/12167K, paused 2ms+10ms
06-11 11:15:13.035 22161 22162 D dalvikvm: GC_CONCURRENT freed 468K, 8% free 10349K/11143K, paused 1ms+3ms
06-11 11:16:13.004 25165 25167 D dalvikvm: GC_CONCURRENT freed 428K, 15% free 10447K/12167K, paused 2ms+10ms
06-11 11:16:13.082 22161 22162 D dalvikvm: GC_CONCURRENT freed 457K, 8% free 10309K/11143K, paused 2ms+2ms
06-11 11:16:13.175 22161 22162 D dalvikvm: GC_CONCURRENT freed 168K, 6% free 10535K/11143K, paused 1ms+2ms
06-11 11:17:13.449 22161 22162 D dalvikvm: GC_CONCURRENT freed 701K, 8% free 10342K/11143K, paused 1ms+3ms
06-11 11:17:21.089   142   199 D ConnectivityService: ConnectivityChange for WIMAX: DISCONNECTED/SCANNING
06-11 11:17:21.089   142   199 D ConnectivityService: Attempting to switch to mobile
06-11 11:17:21.089   142   199 D ConnectivityService: Attempting to switch to WIFI
06-11 11:17:21.101   142   199 D ConnectivityService: Attempting to switch to BLUETOOTH_TETHER
06-11 11:17:24.132   142   203 D Tethering: MasterInitialState.processMessage what=3
06-11 11:17:24.195   142   203 D Tethering: MasterInitialState.processMessage what=3
06-11 11:17:24.351   142   422 I ActivityManager: Start proc com.google.android.apps.uploader for broadcast com.google.android.apps.uploader/.ConnectivityBroadcastReceiver: pid=26331 uid=10031 gids={3003}
06-11 11:17:24.379 26331 26331 I dalvikvm: Turning on JNI app bug workarounds for target SDK version 11...
06-11 11:17:24.687 26331 26331 I ActivityThread: Pub com.google.android.apps.uploader: com.google.android.apps.uploader.UploadsContentProvider
06-11 11:17:24.691 26331 26331 I ActivityThread: Pub com.google.photos.provider.Album: com.google.android.apps.uploader.clients.picasa.AlbumProvider
06-11 11:17:24.699 26331 26331 D MediaUploader: UploaderApplication.onCreate
06-11 11:17:24.742 26331 26331 D MediaUploader: nonWifiLimit=20971520, default=20971520
06-11 11:17:24.746 26331 26331 I MediaUploader: No need to wake up
06-11 11:17:24.773   142   199 D ConnectivityService: handleInetConditionHoldEnd: net=1, condition=100, published condition=100
06-11 11:17:24.816 26072 26110 D PicasaSyncManager: active network: NetworkInfo: type: WIFI[], state: CONNECTED/CONNECTED, reason: (unspecified), extra: (none), roaming: false, failover: false, isAvailable: true
06-11 11:17:24.816 26072 26110 D PicasaSyncManager: background data: true
06-11 11:17:25.004 26331 26331 I MediaUploader: No need to wake up
06-11 11:17:25.058 26072 26110 D PicasaSyncManager: active network: NetworkInfo: type: WIFI[], state: CONNECTED/CONNECTED, reason: (unspecified), extra: (none), roaming: false, failover: false, isAvailable: true
06-11 11:17:25.062 26072 26110 D PicasaSyncManager: background data: true
06-11 11:17:28.621   142   199 D ConnectivityService: ConnectivityChange for mobile: CONNECTED/CONNECTED
06-11 11:17:28.640   142   199 D ConnectivityService: ConnectivityChange for mobile: DISCONNECTED/DISCONNECTED
06-11 11:17:28.644   142   199 D NetUtils: android_net_utils_resetConnections in env=0x658290 clazz=0x21200001 iface=rmnet0 mask=0x3
06-11 11:17:28.644   142   199 D ConnectivityService: Attempting to switch to WIFI
06-11 11:17:28.644   142   199 D ConnectivityService: Attempting to switch to WIMAX
06-11 11:17:28.644   142   199 D ConnectivityService: Attempting to switch to BLUETOOTH_TETHER
06-11 11:17:28.644   142   199 D ConnectivityService: resetConnections(rmnet0, 3)
06-11 11:18:11.019   142   203 D Tethering: MasterInitialState.processMessage what=3
06-11 11:18:11.027   142   203 D Tethering: MasterInitialState.processMessage what=3
06-11 11:18:11.144  4690  4690 D dalvikvm: GC_FOR_ALLOC freed 387K, 7% free 10672K/11399K, paused 49ms
06-11 11:18:11.211 26331 26331 I MediaUploader: No need to wake up
06-11 11:18:11.300 26072 26110 D PicasaSyncManager: active network: NetworkInfo: type: WIFI[], state: CONNECTED/CONNECTED, reason: (unspecified), extra: (none), roaming: false, failover: false, isAvailable: true
06-11 11:18:11.421 26331 26331 I MediaUploader: No need to wake up
06-11 11:18:11.429   142   145 D dalvikvm: GC_CONCURRENT freed 1960K, 17% free 17775K/21191K, paused 8ms+10ms
06-11 11:18:11.484 26072 26110 D PicasaSyncManager: background data: true
06-11 11:18:11.543 26072 26110 D PicasaSyncManager: active network: NetworkInfo: type: WIFI[], state: CONNECTED/CONNECTED, reason: (unspecified), extra: (none), roaming: false, failover: false, isAvailable: true
06-11 11:18:11.550 26072 26110 D PicasaSyncManager: background data: true
06-11 11:18:11.578   142   199 D ConnectivityService: handleInetConditionHoldEnd: net=1, condition=100, published condition=100
06-11 11:18:13.425 25165 25167 D dalvikvm: GC_CONCURRENT freed 517K, 15% free 10442K/12167K, paused 2ms+2ms
06-11 11:18:13.546 22161 22162 D dalvikvm: GC_CONCURRENT freed 462K, 8% free 10359K/11143K, paused 2ms+3ms
06-11 11:18:17.050 26003 26016 I PhoneLab-: Service Running
06-11 11:18:17.156 26003 26016 I PhoneLab-LoggerService: app_38    1446  1     1436   988   c00f181c 400107b4 S logcat
06-11 11:18:17.156 26003 26016 I PhoneLab-LoggerService: Logcat pid from database 1446
06-11 11:18:17.156 26003 26016 I PhoneLab-LoggerService: Logcat process found 1446
06-11 11:18:17.156 26003 26016 I PhoneLab-LoggerService: Checking Threshold
06-11 11:18:17.156 26003 26016 I PhoneLab-: Service Running
06-11 11:18:17.199 26003 26016 I PhoneLab-LoggerService: app_38    1446  1     1436   988   c00f181c 400107b4 S logcat
06-11 11:18:17.199 26003 26016 I PhoneLab-LoggerService: Logcat pid from database 1446
06-11 11:18:17.199 26003 26016 I PhoneLab-LoggerService: Logcat process found 1446
06-11 11:18:17.199 26003 26016 I PhoneLab-LoggerService: Checking Threshold
06-11 11:18:17.199 26003 26016 I PhoneLab-: Service Running
06-11 11:18:17.246 26003 26016 I PhoneLab-LoggerService: app_38    1446  1     1436   988   c00f181c 400107b4 S logcat
06-11 11:18:17.246 26003 26016 I PhoneLab-LoggerService: Logcat pid from database 1446
06-11 11:18:17.246 26003 26016 I PhoneLab-LoggerService: Logcat process found 1446
06-11 11:18:17.246 26003 26016 I PhoneLab-LoggerService: Checking Threshold
06-11 11:18:17.918   142   158 V BackupManagerService: Running a backup pass
06-11 11:18:17.949   142   212 V BackupManagerService: clearing pending backups
06-11 11:18:17.953   142   212 V PerformBackupTask: Beginning backup of 2 targets
06-11 11:18:18.058   142   212 D PerformBackupTask: processOneBackup doBackup() on @pm@
06-11 11:18:18.062   142   212 V BackupServiceBinder: doBackup() invoked
06-11 11:18:18.070   142   212 I PerformBackupTask: no backup data written; not calling transport
06-11 11:18:18.074   142   212 D PerformBackupTask: starting agent for backup of BackupRequest{pkg=com.google.android.gm}
06-11 11:18:18.078   142   212 D BackupManagerService: awaiting agent for ApplicationInfo{41422d30 com.google.android.gm}
06-11 11:18:18.078 26181 26181 V ActivityThread: handleCreateBackupAgent: CreateBackupAgentData{appInfo=ApplicationInfo{41400be0 com.google.android.gm} backupAgent=com.google.android.gm.persistence.GmailBackupAgent mode=0}
06-11 11:18:18.078 26181 26181 V ActivityThread: Initializing agent class com.google.android.gm.persistence.GmailBackupAgent
06-11 11:18:18.109   142   154 D BackupManagerService: agentConnected pkg=com.google.android.gm agent=android.os.BinderProxy@416c2a40
06-11 11:18:18.113   142   212 D PerformBackupTask: processOneBackup doBackup() on com.google.android.gm
06-11 11:18:18.132 26181 26184 D dalvikvm: GC_CONCURRENT freed 493K, 7% free 9555K/10183K, paused 2ms+2ms
06-11 11:18:18.148 26181 26197 V BackupServiceBinder: doBackup() invoked
06-11 11:18:18.250   142   212 V LocalTransport: performBackup() pkg=com.google.android.gm
06-11 11:18:18.250 26181 26181 V ActivityThread: handleDestroyBackupAgent: CreateBackupAgentData{appInfo=ApplicationInfo{413fb820 com.google.android.gm} backupAgent=com.google.android.gm.persistence.GmailBackupAgent mode=0}
06-11 11:18:18.254   142   212 V LocalTransport: Got change set key=backup_data_v2 size=392 key64=YmFja3VwX2RhdGFfdjI=
06-11 11:18:18.257   142   212 V LocalTransport:   data size 392
06-11 11:18:18.261   142   212 V LocalTransport: finishBackup()
06-11 11:18:18.261   142   212 D PerformBackupTask: starting agent for backup of BackupRequest{pkg=com.android.providers.settings}
06-11 11:18:18.265   142   158 V ActivityThread: handleCreateBackupAgent: CreateBackupAgentData{appInfo=ApplicationInfo{41493c58 com.android.providers.settings} backupAgent=com.android.providers.settings.SettingsBackupAgent mode=0}
06-11 11:18:18.265   142   158 V ActivityThread: Initializing agent class com.android.providers.settings.SettingsBackupAgent
06-11 11:18:18.269   142   158 D SettingsBackupAgent: onCreate() invoked
06-11 11:18:18.269   142   212 D BackupManagerService: awaiting agent for ApplicationInfo{41493c58 com.android.providers.settings}
06-11 11:18:18.273   142   212 V BackupServiceBinder: doBackup() invoked
06-11 11:18:18.273   142   158 D BackupManagerService: agentConnected pkg=com.android.providers.settings agent=android.app.backup.BackupAgent$BackupServiceBinder@418b88c8
06-11 11:18:18.273   142   212 D PerformBackupTask: processOneBackup doBackup() on com.android.providers.settings
06-11 11:18:18.363   142   158 V ActivityThread: handleDestroyBackupAgent: CreateBackupAgentData{appInfo=ApplicationInfo{41493c58 com.android.providers.settings} backupAgent=com.android.providers.settings.SettingsBackupAgent mode=0}
06-11 11:18:18.367   142   212 V LocalTransport: performBackup() pkg=com.android.providers.settings
06-11 11:18:18.367   142   212 V LocalTransport: Got change set key=WIFI size=329 key64=77+tV0lGSQ==
06-11 11:18:18.371   142   212 V LocalTransport:   data size 329
06-11 11:18:18.375   142   212 V LocalTransport: Got change set key=CONFIG_WIFI size=166 key64=77+tQ09ORklHX1dJRkk=
06-11 11:18:18.379   142   212 V LocalTransport:   data size 166
06-11 11:18:18.382   142   212 V LocalTransport: finishBackup()
06-11 11:18:18.386   142   212 I PerformBackupTask: Backup pass finished.
06-11 11:19:13.539 22161 22162 D dalvikvm: GC_CONCURRENT freed 472K, 8% free 10323K/11143K, paused 3ms+3ms
06-11 11:20:13.546 25165 25167 D dalvikvm: GC_CONCURRENT freed 511K, 15% free 10443K/12167K, paused 2ms+2ms
06-11 11:20:13.625 22161 22161 D dalvikvm: GC_EXPLICIT freed 61K, 8% free 10267K/11143K, paused 2ms+2ms
06-11 11:20:13.757 22161 22162 D dalvikvm: GC_CONCURRENT freed 315K, 7% free 10365K/11143K, paused 1ms+3ms
06-11 11:20:13.914 26157 26160 D dalvikvm: GC_CONCURRENT freed 657K, 13% free 11510K/13127K, paused 2ms+2ms
06-11 11:20:14.379 22161 22162 D dalvikvm: GC_CONCURRENT freed 245K, 6% free 10570K/11143K, paused 7ms+3ms
06-11 11:21:16.300   959   961 D dalvikvm: GC_CONCURRENT freed 811K, 20% free 11833K/14663K, paused 14ms+7ms
06-11 11:22:13.590 25165 25167 D dalvikvm: GC_CONCURRENT freed 508K, 15% free 10446K/12167K, paused 2ms+3ms
06-11 11:22:13.691   142   422 D dalvikvm: GC_EXPLICIT freed 1148K, 17% free 17722K/21191K, paused 3ms+9ms
06-11 11:22:13.816 22161 22162 D dalvikvm: GC_CONCURRENT freed 785K, 8% free 10342K/11207K, paused 1ms+2ms
06-11 11:22:57.652 26003 26003 I PhoneLab-Locks: wake lock acquired
06-11 11:22:57.660 26003 26383 I PhoneLab-PeriodicCheckService: User info is synched
06-11 11:22:57.664 26003 26383 I PhoneLab-PeriodicCheckService: Logger Service is running
06-11 11:22:57.672 26003 26003 I PhoneLab-Locks: wake lock acquired
06-11 11:22:57.675 26003 26003 I PhoneLab-StatusMonitor: Status Monitoring is started
06-11 11:22:57.679 26003 26383 I PhoneLab-Locks: wake lock acquired
06-11 11:22:57.683 26003 26383 I PhoneLab-PeriodicCheckService: Rescheduling periodic checking...
06-11 11:22:57.687 26003 26383 I PhoneLab-Locks: wake lock released
06-11 11:22:57.726 26003 26003 E PhoneLab-PhoneLabManifest: java.io.FileNotFoundException: /data/data/edu.buffalo.cse.phonelab.phonelabservices/files/manifest.xml: open failed: ENOENT (No such file or directory)
06-11 11:22:57.761 26003 26005 D dalvikvm: GC_CONCURRENT freed 450K, 6% free 9108K/9671K, paused 2ms+2ms
06-11 11:22:57.789 26003 26003 I PhoneLab-Locks: wake lock released
06-11 11:22:57.793 26003 26003 I PhoneLab-UploadLogs: Transfering log files now
06-11 11:22:57.793 26003 26003 I PhoneLab-UploadLogs: No log files to transfer
06-11 11:22:57.793 26003 26003 I PhoneLab-Locks: wake lock released
06-11 11:22:57.797 26003 26003 I PhoneLab-UploadLogs: OnStartCommand
06-11 11:23:13.711 22161 22162 D dalvikvm: GC_CONCURRENT freed 485K, 8% free 10368K/11207K, paused 2ms+2ms
06-11 11:24:14.332 25165 25167 D dalvikvm: GC_CONCURRENT freed 431K, 14% free 10472K/12167K, paused 23ms+10ms
06-11 11:24:15.269 22161 22162 D dalvikvm: GC_CONCURRENT freed 481K, 8% free 10323K/11207K, paused 2ms+2ms
06-11 11:24:26.039  2848  2848 I wpa_supplicant: wlan0: WPA: Group rekeying completed with d0:c2:82:66:5b:70 [GTK=TKIP]
06-11 11:25:14.390 25165 25167 D dalvikvm: GC_CONCURRENT freed 516K, 14% free 10467K/12167K, paused 2ms+2ms
06-11 11:25:16.222 26157 26160 D dalvikvm: GC_CONCURRENT freed 652K, 12% free 11575K/13127K, paused 23ms+3ms
06-11 11:25:43.847   342   342 D SAN_SERVICE: *******************************************
06-11 11:25:43.847   342   342 D SAN_SERVICE: DM App Phone Service State - 0
06-11 11:25:43.847   342   342 D SAN_SERVICE: *******************************************
06-11 11:25:49.332   342   342 D SAN_SERVICE: *******************************************
06-11 11:25:49.332   342   342 D SAN_SERVICE: DM App Phone Service State - 0
06-11 11:25:49.332   342   342 D SAN_SERVICE: *******************************************
06-11 11:26:14.500 22161 22162 D dalvikvm: GC_CONCURRENT freed 529K, 9% free 10306K/11207K, paused 2ms+16ms
06-11 11:26:14.531 25165 25167 D dalvikvm: GC_CONCURRENT freed 424K, 14% free 10546K/12167K, paused 4ms+7ms
06-11 11:27:14.476 25165 25167 D dalvikvm: GC_CONCURRENT freed 508K, 15% free 10462K/12167K, paused 2ms+2ms
06-11 11:27:14.554 22161 22162 D dalvikvm: GC_CONCURRENT freed 492K, 8% free 10324K/11207K, paused 1ms+2ms
06-11 11:27:39.453 26003 26016 I PhoneLab-: Service Running
06-11 11:27:39.566 26003 26016 I PhoneLab-LoggerService: app_38    1446  1     1436   988   c00f181c 400107b4 S logcat
06-11 11:27:39.566 26003 26016 I PhoneLab-LoggerService: Logcat pid from database 1446
06-11 11:27:39.566 26003 26016 I PhoneLab-LoggerService: Logcat process found 1446
06-11 11:27:39.566 26003 26016 I PhoneLab-LoggerService: Checking Threshold
06-11 11:27:39.566 26003 26016 I PhoneLab-: Service Running
06-11 11:27:39.597 26003 26016 I PhoneLab-LoggerService: app_38    1446  1     1436   988   c00f181c 400107b4 S logcat
06-11 11:27:39.597 26003 26016 I PhoneLab-LoggerService: Logcat pid from database 1446
06-11 11:27:39.597 26003 26016 I PhoneLab-LoggerService: Logcat process found 1446
06-11 11:27:39.597 26003 26016 I PhoneLab-LoggerService: Checking Threshold
06-11 11:27:39.597 26003 26016 I PhoneLab-: Service Running
06-11 11:27:39.629 26003 26016 I PhoneLab-LoggerService: app_38    1446  1     1436   988   c00f181c 400107b4 S logcat
06-11 11:27:39.629 26003 26016 I PhoneLab-LoggerService: Logcat pid from database 1446
06-11 11:27:39.629 26003 26016 I PhoneLab-LoggerService: Logcat process found 1446
06-11 11:27:39.629 26003 26016 I PhoneLab-LoggerService: Checking Threshold
06-11 11:27:39.629 26003 26016 I PhoneLab-: Service Running
06-11 11:27:39.660 26003 26016 I PhoneLab-LoggerService: app_38    1446  1     1436   988   c00f181c 400107b4 S logcat
06-11 11:27:39.660 26003 26016 I PhoneLab-LoggerService: Logcat pid from database 1446
06-11 11:27:39.660 26003 26016 I PhoneLab-LoggerService: Logcat process found 1446
06-11 11:27:39.660 26003 26016 I PhoneLab-LoggerService: Checking Threshold
06-11 11:27:39.660 26003 26016 I PhoneLab-: Service Running
06-11 11:27:39.687 26003 26016 I PhoneLab-LoggerService: app_38    1446  1     1436   988   c00f181c 400107b4 S logcat
06-11 11:27:39.687 26003 26016 I PhoneLab-LoggerService: Logcat pid from database 1446
06-11 11:27:39.687 26003 26016 I PhoneLab-LoggerService: Logcat process found 1446
06-11 11:27:39.687 26003 26016 I PhoneLab-LoggerService: Checking Threshold
06-11 11:28:14.531 22161 22162 D dalvikvm: GC_CONCURRENT freed 446K, 8% free 10328K/11207K, paused 2ms+2ms
06-11 11:29:14.683 25165 25167 D dalvikvm: GC_CONCURRENT freed 500K, 14% free 10474K/12167K, paused 1ms+4ms
06-11 11:30:14.746 22161 22162 D dalvikvm: GC_CONCURRENT freed 514K, 8% free 10326K/11207K, paused 2ms+3ms
06-11 11:30:14.847 22161 22162 D dalvikvm: GC_CONCURRENT freed 291K, 7% free 10451K/11207K, paused 1ms+2ms
06-11 11:30:16.300 22161 22162 D dalvikvm: GC_CONCURRENT freed 276K, 6% free 10563K/11207K, paused 1ms+2ms
06-11 11:30:18.925 26157 26160 D dalvikvm: GC_CONCURRENT freed 665K, 12% free 11633K/13127K, paused 2ms+3ms
06-11 11:30:23.113 26157 26160 D dalvikvm: GC_CONCURRENT freed 724K, 11% free 11686K/13127K, paused 6ms+5ms
06-11 11:31:14.742 25165 25167 D dalvikvm: GC_CONCURRENT freed 509K, 14% free 10476K/12167K, paused 2ms+2ms
06-11 11:31:14.816  4690 16121 D dalvikvm: GC_EXPLICIT freed 302K, 7% free 10697K/11399K, paused 2ms+4ms
06-11 11:31:14.922 22161 22162 D dalvikvm: GC_CONCURRENT freed 700K, 8% free 10336K/11207K, paused 2ms+2ms
06-11 11:33:13.082   213   215 D dalvikvm: GC_CONCURRENT freed 577K, 37% free 9682K/15239K, paused 3ms+5ms
06-11 11:33:14.062   342   342 D SAN_SERVICE: *******************************************
06-11 11:33:14.062   342   342 D SAN_SERVICE: DM App Phone Service State - 0
06-11 11:33:14.062   342   342 D SAN_SERVICE: *******************************************
06-11 11:33:14.371   342   342 D SAN_SERVICE: *******************************************
06-11 11:33:14.371   342   342 D SAN_SERVICE: DM App Phone Service State - 0
06-11 11:33:14.371   342   342 D SAN_SERVICE: *******************************************
06-11 11:33:14.820 25165 25167 D dalvikvm: GC_CONCURRENT freed 511K, 14% free 10477K/12167K, paused 2ms+2ms
06-11 11:33:14.914 22161 22162 D dalvikvm: GC_CONCURRENT freed 462K, 8% free 10319K/11207K, paused 1ms+2ms
06-11 11:34:14.992   142 12773 D dalvikvm: GC_EXPLICIT freed 1623K, 17% free 17790K/21191K, paused 3ms+10ms
06-11 11:34:15.097 22161 22162 D dalvikvm: GC_CONCURRENT freed 492K, 8% free 10333K/11207K, paused 2ms+3ms
06-11 11:34:47.109   142   166 I ActivityManager: Start proc com.whatsapp:contacts for service com.whatsapp/.accountsync.ContactsSyncAdapterService: pid=26438 uid=10070 gids={1015, 3003}
06-11 11:34:47.121 26438 26438 I dalvikvm: Turning on JNI app bug workarounds for target SDK version 7...
06-11 11:34:47.289   142   366 I ActivityManager: Process com.google.android.talk (pid 25926) has died.
06-11 11:34:47.465 26438 26440 D dalvikvm: GC_CONCURRENT freed 170K, 3% free 9365K/9607K, paused 74ms+2ms
06-11 11:35:15.015 25165 25167 D dalvikvm: GC_CONCURRENT freed 510K, 14% free 10478K/12167K, paused 3ms+3ms
06-11 11:35:15.156 22161 22162 D dalvikvm: GC_CONCURRENT freed 452K, 8% free 10376K/11207K, paused 2ms+3ms
06-11 11:35:24.824 26157 26160 D dalvikvm: GC_CONCURRENT freed 743K, 11% free 11713K/13127K, paused 3ms+3ms
06-11 11:36:13.328   342   342 D SAN_SERVICE: *******************************************
06-11 11:36:13.328   342   342 D SAN_SERVICE: DM App Phone Service State - 0
06-11 11:36:13.328   342   342 D SAN_SERVICE: *******************************************
06-11 11:36:13.554   342   342 D SAN_SERVICE: *******************************************
06-11 11:36:13.554   342   342 D SAN_SERVICE: DM App Phone Service State - 0
06-11 11:36:13.554   342   342 D SAN_SERVICE: *******************************************
06-11 11:36:15.097 25165 25167 D dalvikvm: GC_CONCURRENT freed 511K, 14% free 10476K/12167K, paused 2ms+7ms
06-11 11:37:15.132 22161 22162 D dalvikvm: GC_CONCURRENT freed 568K, 8% free 10320K/11207K, paused 2ms+3ms
06-11 11:38:15.179 25165 25167 D dalvikvm: GC_CONCURRENT freed 501K, 14% free 10486K/12167K, paused 1ms+2ms
06-11 11:38:15.320 22161 22162 D dalvikvm: GC_CONCURRENT freed 453K, 8% free 10375K/11207K, paused 2ms+2ms
06-11 11:39:15.250 22161 22162 D dalvikvm: GC_CONCURRENT freed 466K, 8% free 10326K/11207K, paused 2ms+2ms
06-11 11:40:13.965   342   342 D SAN_SERVICE: *******************************************
06-11 11:40:13.965   342   342 D SAN_SERVICE: DM App Phone Service State - 0
06-11 11:40:13.965   342   342 D SAN_SERVICE: *******************************************
06-11 11:40:14.207   342   342 D SAN_SERVICE: *******************************************
06-11 11:40:14.207   342   342 D SAN_SERVICE: DM App Phone Service State - 0
06-11 11:40:14.207   342   342 D SAN_SERVICE: *******************************************
06-11 11:40:15.289 25165 25167 D dalvikvm: GC_CONCURRENT freed 515K, 14% free 10483K/12167K, paused 2ms+3ms
06-11 11:40:15.437 22161 22162 D dalvikvm: GC_CONCURRENT freed 358K, 8% free 10367K/11207K, paused 2ms+2ms
06-11 11:40:16.453 22161 22162 D dalvikvm: GC_CONCURRENT freed 271K, 6% free 10566K/11207K, paused 2ms+11ms
06-11 11:40:17.230 25165 25167 D dalvikvm: GC_CONCURRENT freed 470K, 14% free 10516K/12167K, paused 1ms+4ms
06-11 11:40:17.691 22161 22162 D dalvikvm: GC_CONCURRENT freed 471K, 6% free 10610K/11207K, paused 1ms+2ms
06-11 11:40:18.765 22161 22165 I dalvikvm: Jit: resizing JitTable from 4096 to 8192
06-11 11:40:27.527 26157 26160 D dalvikvm: GC_CONCURRENT freed 725K, 11% free 11760K/13127K, paused 6ms+2ms
06-11 11:41:15.316   342   342 D SAN_SERVICE: *******************************************
06-11 11:41:15.316   342   342 D SAN_SERVICE: DM App Phone Service State - 0
06-11 11:41:15.316   342   342 D SAN_SERVICE: *******************************************
06-11 11:42:12.757  4690  5202 I EventLogService: Aggregate from 1339427532540 (log), 1339427532540 (data)
06-11 11:42:13.015 25478 25479 D dalvikvm: GC_CONCURRENT freed 470K, 6% free 10817K/11399K, paused 13ms+5ms
06-11 11:42:15.468 25165 25167 D dalvikvm: GC_CONCURRENT freed 520K, 14% free 10507K/12167K, paused 2ms+3ms
06-11 11:42:15.586 22161 22162 D dalvikvm: GC_CONCURRENT freed 858K, 9% free 10334K/11271K, paused 2ms+3ms
06-11 11:43:14.050 26003 26016 I PhoneLab-: Service Running
06-11 11:43:14.109 26003 26016 I PhoneLab-LoggerService: app_38    1446  1     1436   988   c00f181c 400107b4 S logcat
06-11 11:43:14.109 26003 26016 I PhoneLab-LoggerService: Logcat pid from database 1446
06-11 11:43:14.109 26003 26016 I PhoneLab-LoggerService: Logcat process found 1446
06-11 11:43:14.109 26003 26016 I PhoneLab-LoggerService: Checking Threshold
06-11 11:43:14.109 26003 26016 I PhoneLab-: Service Running
06-11 11:43:14.171 26003 26016 I PhoneLab-LoggerService: app_38    1446  1     1436   988   c00f181c 400107b4 S logcat
06-11 11:43:14.171 26003 26016 I PhoneLab-LoggerService: Logcat pid from database 1446
06-11 11:43:14.171 26003 26016 I PhoneLab-LoggerService: Logcat process found 1446
06-11 11:43:14.171 26003 26016 I PhoneLab-LoggerService: Checking Threshold
06-11 11:43:14.171 26003 26016 I PhoneLab-: Service Running
06-11 11:43:14.199 26003 26016 I PhoneLab-LoggerService: app_38    1446  1     1436   988   c00f181c 400107b4 S logcat
06-11 11:43:14.203 26003 26016 I PhoneLab-LoggerService: Logcat pid from database 1446
06-11 11:43:14.203 26003 26016 I PhoneLab-LoggerService: Logcat process found 1446
06-11 11:43:14.203 26003 26016 I PhoneLab-LoggerService: Checking Threshold
06-11 11:43:14.203 26003 26016 I PhoneLab-: Service Running
06-11 11:43:14.242 26003 26005 D dalvikvm: GC_CONCURRENT freed 436K, 6% free 9127K/9671K, paused 3ms+4ms
06-11 11:43:14.257 26003 26016 I PhoneLab-LoggerService: app_38    1446  1     1436   988   c00f181c 400107b4 S logcat
06-11 11:43:14.257 26003 26016 I PhoneLab-LoggerService: Logcat pid from database 1446
06-11 11:43:14.257 26003 26016 I PhoneLab-LoggerService: Logcat process found 1446
06-11 11:43:14.257 26003 26016 I PhoneLab-LoggerService: Checking Threshold
06-11 11:43:14.257 26003 26016 I PhoneLab-: Service Running
06-11 11:43:14.285 26003 26016 I PhoneLab-LoggerService: app_38    1446  1     1436   988   c00f181c 400107b4 S logcat
06-11 11:43:14.285 26003 26016 I PhoneLab-LoggerService: Logcat pid from database 1446
06-11 11:43:14.289 26003 26016 I PhoneLab-LoggerService: Logcat process found 1446
06-11 11:43:14.289 26003 26016 I PhoneLab-LoggerService: Checking Threshold
06-11 11:43:14.289 26003 26016 I PhoneLab-: Service Running
06-11 11:43:14.320 26003 26016 I PhoneLab-LoggerService: app_38    1446  1     1436   988   c00f181c 400107b4 S logcat
06-11 11:43:14.320 26003 26016 I PhoneLab-LoggerService: Logcat pid from database 1446
06-11 11:43:14.320 26003 26016 I PhoneLab-LoggerService: Logcat process found 1446
06-11 11:43:14.320 26003 26016 I PhoneLab-LoggerService: Checking Threshold
06-11 11:43:14.320 26003 26016 I PhoneLab-: Service Running
06-11 11:43:14.347 26003 26016 I PhoneLab-LoggerService: app_38    1446  1     1436   988   c00f181c 400107b4 S logcat
06-11 11:43:14.347 26003 26016 I PhoneLab-LoggerService: Logcat pid from database 1446
06-11 11:43:14.347 26003 26016 I PhoneLab-LoggerService: Logcat process found 1446
06-11 11:43:14.347 26003 26016 I PhoneLab-LoggerService: Checking Threshold
06-11 11:43:15.621   142   368 D dalvikvm: GC_EXPLICIT freed 1575K, 17% free 17759K/21191K, paused 9ms+10ms
06-11 11:43:15.711 22161 22162 D dalvikvm: GC_CONCURRENT freed 450K, 8% free 10379K/11271K, paused 2ms+2ms
06-11 11:44:15.613 25165 25167 D dalvikvm: GC_CONCURRENT freed 510K, 14% free 10509K/12167K, paused 2ms+3ms
06-11 11:44:47.027   142   174 I power   : *** set_screen_state 1
06-11 11:44:47.136   142   174 I WindowManager: Lock screen displayed!
06-11 11:44:47.222    79   118 D SurfaceFlinger: Screen about to return, flinger = 0x1e2b918
06-11 11:44:49.812   342   342 D SAN_SERVICE: *******************************************
06-11 11:44:49.812   342   342 D SAN_SERVICE: DM App Phone Service State - 0
06-11 11:44:49.812   342   342 D SAN_SERVICE: *******************************************
06-11 11:44:50.578   342   342 D SAN_SERVICE: *******************************************
06-11 11:44:50.578   342   342 D SAN_SERVICE: DM App Phone Service State - 0
06-11 11:44:50.578   342   342 D SAN_SERVICE: *******************************************
06-11 11:44:51.578    85    85 I keystore: uid: 1000 action: p -> 1 state: 1 -> 1 retry: 4
06-11 11:44:51.589   213   213 D PhoneStatusBar: disable: < expand* icons alerts ticker* system_info BACK HOME recent* CLOCK >
06-11 11:44:51.644   142   922 W InputManagerService: Window already focused, ignoring focus gain of: com.android.internal.view.IInputMethodClient$Stub$Proxy@418b5da0
06-11 11:44:51.664   213   213 D PhoneStatusBar: disable: < expand icons alerts ticker system_info back* home* recent clock* >
06-11 11:44:51.796 26003 26016 I PhoneLab-: Service Running
06-11 11:44:51.902 26003 26016 I PhoneLab-LoggerService: app_38    1446  1     1436   988   c00f181c 400107b4 S logcat
06-11 11:44:51.902 26003 26016 I PhoneLab-LoggerService: Logcat pid from database 1446
06-11 11:44:51.902 26003 26016 I PhoneLab-LoggerService: Logcat process found 1446
06-11 11:44:51.902 26003 26016 I PhoneLab-LoggerService: Checking Threshold
06-11 11:44:51.988  4690  4693 D dalvikvm: GC_CONCURRENT freed 406K, 6% free 10736K/11399K, paused 2ms+10ms
06-11 11:44:52.793 25910 25911 D dalvikvm: GC_CONCURRENT freed 330K, 5% free 9531K/9991K, paused 5ms+4ms
06-11 11:44:54.023   142   142 I ActivityManager: START {act=android.intent.action.MAIN cat=[android.intent.category.LAUNCHER] flg=0x10200000 cmp=com.android.settings/.Settings bnds=[240,556][360,706]} from pid 374
06-11 11:44:54.082   142   153 I ActivityManager: Start proc com.android.settings for activity com.android.settings/.Settings: pid=26519 uid=1000 gids={1015, 3002, 3001, 3003, 3007}
06-11 11:44:54.410   374   374 D OpenGLRenderer: Flushing caches (mode 1)
06-11 11:44:54.421   374   374 D OpenGLRenderer: Flushing caches (mode 0)
06-11 11:44:54.644 26519 26519 W System.err: Removed 2131231170
06-11 11:44:54.648 26519 26519 W System.err: Removed 2131231177
06-11 11:44:54.683   142   158 I Process : Sending signal. PID: 26519 SIG: 3
06-11 11:44:54.683 26519 26524 I dalvikvm: threadid=3: reacting to signal 3
06-11 11:44:54.730 26519 26524 I dalvikvm: Wrote stack traces to '/data/anr/traces.txt'
06-11 11:44:54.808 26519 26519 D LocalBluetoothProfileManager: LocalBluetoothProfileManager construction complete
06-11 11:44:54.851 26519 26521 D dalvikvm: GC_CONCURRENT freed 140K, 3% free 9365K/9607K, paused 8ms+4ms
06-11 11:44:54.925 26519 26519 D libEGL  : loaded /system/lib/egl/libGLES_android.so
06-11 11:44:54.933 26519 26519 D libEGL  : loaded /vendor/lib/egl/libEGL_POWERVR_SGX540_120.so
06-11 11:44:54.961 26519 26519 D libEGL  : loaded /vendor/lib/egl/libGLESv1_CM_POWERVR_SGX540_120.so
06-11 11:44:54.964 26519 26519 D libEGL  : loaded /vendor/lib/egl/libGLESv2_POWERVR_SGX540_120.so
06-11 11:44:55.023 26519 26519 D OpenGLRenderer: Enabling debug mode 0
06-11 11:44:55.152   142   158 I Process : Sending signal. PID: 26519 SIG: 3
06-11 11:44:55.152 26519 26524 I dalvikvm: threadid=3: reacting to signal 3
06-11 11:44:55.171 26519 26524 I dalvikvm: Wrote stack traces to '/data/anr/traces.txt'
06-11 11:44:55.324   142   173 I ActivityManager: Displayed com.android.settings/.Settings: +1s269ms
06-11 11:44:56.785   142   370 I ActivityManager: START {act=android.intent.action.MAIN cmp=com.android.settings/.SubSettings (has extras)} from pid 26519
06-11 11:44:57.117 26519 26521 D dalvikvm: GC_CONCURRENT freed 110K, 3% free 9776K/9991K, paused 9ms+4ms
06-11 11:44:57.265   142   173 I ActivityManager: Displayed com.android.settings/.SubSettings: +430ms
06-11 11:44:57.300 26519 26519 D OpenGLRenderer: Flushing caches (mode 0)
06-11 11:44:58.433  4690  4693 D dalvikvm: GC_CONCURRENT freed 497K, 7% free 10687K/11399K, paused 58ms+8ms
06-11 11:44:59.785  2848  2848 I wpa_supplicant: wlan0: Associated with d0:c2:82:66:6f:40
06-11 11:44:59.793  2848  2848 I wpa_supplicant: wlan0: CTRL-EVENT-EAP-STARTED EAP authentication started
06-11 11:44:59.800  2848  2848 I wpa_supplicant: wlan0: CTRL-EVENT-EAP-PROPOSED-METHOD vendor=0 method=4 -> NAK
06-11 11:44:59.808  2848  2848 I wpa_supplicant: wlan0: CTRL-EVENT-EAP-PROPOSED-METHOD vendor=0 method=25
06-11 11:44:59.812  2848  2848 I wpa_supplicant: wlan0: CTRL-EVENT-EAP-METHOD EAP vendor 0 method 25 (PEAP) selected
06-11 11:44:59.820  2848  2848 I wpa_supplicant: EAP-TLV: TLV Result - Success - EAP-TLV/Phase2 Completed
06-11 11:45:00.687   142   178 I ActivityManager: START {act=android.intent.action.MAIN cat=[android.intent.category.HOME] flg=0x10200000 cmp=com.android.launcher/com.android.launcher2.Launcher} from pid 142
06-11 11:45:00.796 26519 26519 D OpenGLRenderer: Flushing caches (mode 0)
06-11 11:45:00.820 26519 26519 D OpenGLRenderer: Flushing caches (mode 1)
06-11 11:45:00.968   142   178 I ActivityManager: START {act=android.intent.action.MAIN cat=[android.intent.category.HOME] flg=0x10200000 cmp=com.android.launcher/com.android.launcher2.Launcher} from pid 142
06-11 11:45:01.179   142   178 I ActivityManager: START {act=android.intent.action.MAIN cat=[android.intent.category.HOME] flg=0x10200000 cmp=com.android.launcher/com.android.launcher2.Launcher} from pid 142
06-11 11:45:02.027   142   921 I ActivityManager: START {act=android.intent.action.MAIN cat=[android.intent.category.LAUNCHER] flg=0x10200000 cmp=com.google.android.talk/.SigningInActivity bnds=[96,706][192,802]} from pid 374
06-11 11:45:02.105   142   919 I ActivityManager: Start proc com.google.android.talk for activity com.google.android.talk/.SigningInActivity: pid=26535 uid=10047 gids={3003, 1015, 1006, 3002}
06-11 11:45:02.300   374   374 D OpenGLRenderer: Flushing caches (mode 1)
06-11 11:45:02.312   374   374 D OpenGLRenderer: Flushing caches (mode 0)
06-11 11:45:02.336 26535 26535 I ActivityThread: Pub com.google.android.talk.SuggestionProvider: com.google.android.talk.SuggestionsProvider
06-11 11:45:02.421 26535 26535 D vclib:CallStateClient: startListening
06-11 11:45:02.546 26535 26537 D dalvikvm: GC_CONCURRENT freed 150K, 3% free 9378K/9607K, paused 9ms+8ms
06-11 11:45:02.668   142   158 I Process : Sending signal. PID: 26535 SIG: 3
06-11 11:45:02.668 26535 26539 I dalvikvm: threadid=3: reacting to signal 3
06-11 11:45:02.722 26535 26539 I dalvikvm: Wrote stack traces to '/data/anr/traces.txt'
06-11 11:45:03.168   142   158 I Process : Sending signal. PID: 26535 SIG: 3
06-11 11:45:03.168 26535 26539 I dalvikvm: threadid=3: reacting to signal 3
06-11 11:45:03.179 26535 26539 I dalvikvm: Wrote stack traces to '/data/anr/traces.txt'
06-11 11:45:03.226 26535 26535 D vclib:CallStateClient: startListening
06-11 11:45:03.273 26535 26537 D dalvikvm: GC_CONCURRENT freed 297K, 5% free 9584K/9991K, paused 3ms+5ms
06-11 11:45:03.339 26535 26535 D libEGL  : loaded /system/lib/egl/libGLES_android.so
06-11 11:45:03.347 26535 26535 D libEGL  : loaded /vendor/lib/egl/libEGL_POWERVR_SGX540_120.so
06-11 11:45:03.351 26535 26535 D libEGL  : loaded /vendor/lib/egl/libGLESv1_CM_POWERVR_SGX540_120.so
06-11 11:45:03.351 26535 26535 D libEGL  : loaded /vendor/lib/egl/libGLESv2_POWERVR_SGX540_120.so
06-11 11:45:03.402 26535 26535 D OpenGLRenderer: Enabling debug mode 0
06-11 11:45:03.449 26535 26561 E talk    : [Databaseutils] pruneOldMessageHistory
06-11 11:45:03.457   142   178 I ActivityManager: START {act=android.intent.action.MAIN cat=[android.intent.category.HOME] flg=0x10200000 cmp=com.android.launcher/com.android.launcher2.Launcher} from pid 142
06-11 11:45:03.523   142   173 I ActivityManager: Displayed com.google.android.talk/.SigningInActivity: +1s439ms
06-11 11:45:03.679 26535 26535 D OpenGLRenderer: Flushing caches (mode 1)
06-11 11:45:03.683 26535 26535 D OpenGLRenderer: Flushing caches (mode 0)
06-11 11:45:03.718   142   153 I ActivityManager: Process com.spotify.mobile.android.ui (pid 22700) has died.
06-11 11:45:03.718   142   153 W ActivityManager: Scheduling restart of crashed service com.spotify.mobile.android.ui/com.spotify.mobile.android.service.LocalService in 5000ms
06-11 11:45:03.718   142   153 I WindowManager: WIN DEATH: Window{418eadb8 com.spotify.mobile.android.ui/com.spotify.mobile.android.ui.Launcher paused=false}
06-11 11:45:03.746   142   154 W AudioService:   AudioFocus   audio focus client died
06-11 11:45:03.746   142   154 I AudioService:  AudioFocus  abandonAudioFocus(): removing entry for android.media.AudioManager@41343ec0com.spotify.mobile.android.util.MediaFocusManager$PostFroyo$Holder$1@41351eb0
06-11 11:45:04.125 26535 26535 D vclib:CallStateClient: stopListening
06-11 11:45:04.125 26535 26535 D vclib:CallStateClient: startListening
06-11 11:45:04.414 26535 26537 D dalvikvm: GC_CONCURRENT freed 260K, 3% free 9824K/10119K, paused 3ms+8ms
06-11 11:45:04.601 26535 26535 D vclib:CallStateClient: stopListening
06-11 11:45:06.230   142   170 I power   : *** set_screen_state 0
06-11 11:45:06.281    79   118 D SurfaceFlinger: About to give-up screen, flinger = 0x1e2b918
06-11 11:45:06.351   142   174 V TransportControlView: Create TCV com.android.internal.widget.TransportControlView@41a2f5a8
06-11 11:45:06.441   213   213 D PhoneStatusBar: disable: < EXPAND* icons alerts TICKER* system_info back home RECENT* clock >
06-11 11:45:06.488   213   213 D PhoneStatusBar: disable: < EXPAND icons alerts TICKER system_info BACK* HOME* RECENT CLOCK* >
06-11 11:45:06.566   142   145 D dalvikvm: JIT code cache reset in 5 ms (1048396 bytes 18/0)
06-11 11:45:06.582   142   151 W JavaBinder: Binder has been finalized when calling linkToDeath() with recip=0x21100005)
06-11 11:45:06.589   142   145 D dalvikvm: GC_CONCURRENT freed 2516K, 19% free 17285K/21191K, paused 3ms+17ms
06-11 11:45:12.519   142   159 I ActivityManager: Start proc com.spotify.mobile.android.ui for service com.spotify.mobile.android.ui/com.spotify.mobile.android.service.LocalService: pid=26568 uid=10055 gids={3003, 1015}
06-11 11:45:12.527 26568 26568 I dalvikvm: Turning on JNI app bug workarounds for target SDK version 9...
06-11 11:45:12.597 26568 26568 I ActivityThread: Pub com.spotify.mobile.android.ui.PlaylistSearchProvider: com.spotify.mobile.android.model.PlaylistSearchProvider
06-11 11:45:12.617 26568 26568 I ActivityThread: Pub com.spotify.mobile.android.ui.SearchProvider: com.spotify.mobile.android.model.SearchSuggestionSampleProvider
06-11 11:45:12.621 26568 26568 I ActivityThread: Pub com.spotify.mobile.android.model.StarredTracksContentProvider: com.spotify.mobile.android.model.StarredTracksContentProvider
06-11 11:45:12.711   142   294 D dalvikvm: GC_EXPLICIT freed 249K, 17% free 17766K/21191K, paused 2ms+6ms
06-11 11:45:12.714 26568 26568 D dalvikvm: Trying to load lib /data/data/com.spotify.mobile.android.ui/lib/libspotifyjni-arm.so 0x41313a08
06-11 11:45:12.754 26568 26568 D dalvikvm: Added shared lib /data/data/com.spotify.mobile.android.ui/lib/libspotifyjni-arm.so 0x41313a08
06-11 11:45:13.285 26568 26568 D SpotifyJava: PHONE STATE - IDLE
06-11 11:45:13.285 26568 26568 D SpotifyJava: Received broadcast: android.intent.action.HEADSET_PLUG
06-11 11:45:13.285 26568 26568 D SpotifyJava: Not logged in. Ignoring intent.
06-11 11:45:14.523 22161 22172 D dalvikvm: GC_EXPLICIT freed 450K, 9% free 10273K/11271K, paused 9ms+3ms
06-11 11:45:23.500  4690 26590 D dalvikvm: GC_EXPLICIT freed 246K, 7% free 10642K/11399K, paused 7ms+5ms
06-11 11:45:31.894 26003 26016 I PhoneLab-: Service Running
06-11 11:45:32.000 26003 26016 I PhoneLab-LoggerService: app_38    1446  1     1436   988   c00f181c 400107b4 S logcat
06-11 11:45:32.000 26003 26016 I PhoneLab-LoggerService: Logcat pid from database 1446
06-11 11:45:32.000 26003 26016 I PhoneLab-LoggerService: Logcat process found 1446
06-11 11:45:32.000 26003 26016 I PhoneLab-LoggerService: Checking Threshold
06-11 11:45:35.910  2848  2848 I wpa_supplicant: wlan0: CTRL-EVENT-DISCONNECTED bssid=d0:c2:82:66:6f:40 reason=0
06-11 11:45:35.918    76   116 D CommandListener: Clearing all IP addresses on wlan0
06-11 11:45:35.972   142   199 D ConnectivityService: ConnectivityChange for WIFI: DISCONNECTED/DISCONNECTED
06-11 11:45:35.980   142   199 D ConnectivityService: Attempting to switch to mobile
06-11 11:45:36.054   142   199 D ConnectivityService: Attempting to switch to WIMAX
06-11 11:45:36.054   142   199 D ConnectivityService: Attempting to switch to BLUETOOTH_TETHER
06-11 11:45:36.058   142   199 E ConnectivityService: Exception trying to remove a route: java.lang.IllegalStateException: Unable to communicate with native dameon to add routes - com.android.server.NativeDaemonConnectorException: Cmd {interface route remove wlan0 default 128.205.239.254 32 0.0.0.0} failed with code 400 : {Failed to remove route from default table (No such process)}
06-11 11:45:36.062   142   199 D NetUtils: android_net_utils_resetConnections in env=0x658290 clazz=0x40000001 iface=wlan0 mask=0x3
06-11 11:45:36.062   142   199 E ConnectivityService: Exception trying to remove a route: java.lang.IllegalStateException: Unable to communicate with native dameon to add routes - com.android.server.NativeDaemonConnectorException: Cmd {interface route remove wlan0 default 0.0.0.0 0 128.205.239.254} failed with code 400 : {Failed to remove route from default table (No such process)}
06-11 11:45:36.062   142   199 D ConnectivityService: resetConnections(wlan0, 3)
06-11 11:45:36.089   142   199 D ConnectivityService: ConnectivityChange for WIMAX: DISCONNECTED/SCANNING
06-11 11:45:36.136   142   199 D ConnectivityService: Attempting to switch to mobile
06-11 11:45:36.136   142   199 D ConnectivityService: Attempting to switch to WIFI
06-11 11:45:36.136   142   199 D ConnectivityService: Attempting to switch to BLUETOOTH_TETHER
06-11 11:45:36.277   342   345 D dalvikvm: GC_CONCURRENT freed 909K, 9% free 12128K/13255K, paused 2ms+7ms
06-11 11:45:36.332  4690 26139 W Smack/Packet: notify conn break (IOEx), close connection
06-11 11:45:36.511  4690 26139 I qtaguid : Failed write_ctrl(u 57) res=-1 errno=22
06-11 11:45:36.511  4690 26139 I qtaguid : Untagging socket 57 failed errno=-22
06-11 11:45:36.511  4690 26139 W NetworkManagementSocketTagger: untagSocket(57) failed with errno -22
06-11 11:45:36.531   142   199 D ConnectivityService: handleInetConditionChange: no active default network - ignore
06-11 11:45:37.203  2848  2848 I wpa_supplicant: wlan0: Trying to associate with d0:c2:82:66:69:20 (SSID='UB_Secure' freq=2437 MHz)
06-11 11:45:39.125   142   203 D Tethering: MasterInitialState.processMessage what=3
06-11 11:45:39.226   142   203 D Tethering: MasterInitialState.processMessage what=3
06-11 11:45:39.347 26331 26331 I MediaUploader: No need to wake up
06-11 11:45:39.351 26003 26003 I PhoneLab-WiFiReceiver: Wi-Fi is disconnected!
06-11 11:45:39.402 26072 26110 D PicasaSyncManager: active network: null
06-11 11:45:39.402 26072 26110 D PicasaSyncManager: background data: true
06-11 11:45:39.605 26331 26331 I MediaUploader: No need to wake up
06-11 11:45:39.683 26072 26110 D PicasaSyncManager: active network: null
06-11 11:45:39.683 26072 26110 D PicasaSyncManager: background data: true
06-11 11:45:41.046  2848  2848 I wpa_supplicant: wlan0: CTRL-EVENT-DISCONNECTED bssid=d0:c2:82:66:69:20 reason=0
06-11 11:45:41.679  2848  2848 I wpa_supplicant: wlan0: Trying to associate with d0:c2:82:66:5b:70 (SSID='UB_Secure' freq=2437 MHz)
06-11 11:45:41.847  2848  2848 I wpa_supplicant: wlan0: Associated with d0:c2:82:66:5b:70
06-11 11:45:41.859  2848  2848 I wpa_supplicant: wlan0: CTRL-EVENT-EAP-STARTED EAP authentication started
06-11 11:45:41.871    76   113 D NetlinkEvent: Unexpected netlink message. type=0x0
06-11 11:45:41.875  2848  2848 I wpa_supplicant: wlan0: CTRL-EVENT-EAP-PROPOSED-METHOD vendor=0 method=4 -> NAK
06-11 11:45:41.882  2848  2848 I wpa_supplicant: wlan0: CTRL-EVENT-EAP-PROPOSED-METHOD vendor=0 method=25
06-11 11:45:41.882  2848  2848 I wpa_supplicant: wlan0: CTRL-EVENT-EAP-METHOD EAP vendor 0 method 25 (PEAP) selected
06-11 11:45:41.890  2848  2848 I wpa_supplicant: EAP-TLV: TLV Result - Success - EAP-TLV/Phase2 Completed
06-11 11:45:41.941 25165 25167 D dalvikvm: GC_CONCURRENT freed 383K, 14% free 10511K/12167K, paused 3ms+2ms
06-11 11:45:42.519   142   199 D ConnectivityService: ConnectivityChange for WIMAX: DISCONNECTED/SCANNING
06-11 11:45:42.519   142   199 D ConnectivityService: Attempting to switch to mobile
06-11 11:45:42.519   142   199 D ConnectivityService: Attempting to switch to WIFI
06-11 11:45:42.519   142   199 D ConnectivityService: Attempting to switch to BLUETOOTH_TETHER
06-11 11:45:43.070   142   199 D ConnectivityService: ConnectivityChange for mobile: CONNECTED/CONNECTED
06-11 11:45:43.171   142   195 D NetworkPolicy: applying policy NetworkPolicy[NetworkTemplate: matchRule=MOBILE_ALL, subscriberId=valid]: cycleDay=8, warningBytes=2147483648, limitBytes=-1, lastSnooze=-1 to ifaces [rmnet0]
06-11 11:45:44.074   142   199 D ConnectivityService: NetTransition Wakelock for WifiStateMachine released by timeout
06-11 11:45:45.558   142   203 D Tethering: MasterInitialState.processMessage what=3
06-11 11:45:45.601  4690  4690 I GTalkService/c: [AndroidEndpoint@1094367416] connect: acct=1000000, state=CONNECTING
06-11 11:45:45.605  4690  4690 I GTalkService/c: [GTalkConnection@1093775384] connect: acct=1, state=CONNECTING
06-11 11:45:45.636 26331 26331 I MediaUploader: No need to wake up
06-11 11:45:45.683 26072 26110 D PicasaSyncManager: active network: NetworkInfo: type: mobile[CDMA - EvDo rev. A], state: CONNECTED/CONNECTED, reason: (unspecified), extra: , roaming: false, failover: true, isAvailable: true
06-11 11:45:45.757 26072 26110 D PicasaSyncManager: background data: true
06-11 11:45:45.765 26072 26074 D dalvikvm: GC_CONCURRENT freed 751K, 7% free 11741K/12615K, paused 10ms+26ms
06-11 11:45:45.968 25231 25233 D dalvikvm: GC_CONCURRENT freed 460K, 6% free 9928K/10503K, paused 15ms+14ms
06-11 11:45:46.187   142   203 D Tethering: MasterInitialState.processMessage what=3
06-11 11:45:46.285 26331 26331 I MediaUploader: No need to wake up
06-11 11:45:46.386 26072 26110 D PicasaSyncManager: active network: NetworkInfo: type: mobile[CDMA - EvDo rev. A], state: CONNECTED/CONNECTED, reason: (unspecified), extra: , roaming: false, failover: true, isAvailable: true
06-11 11:45:46.390 26072 26110 D PicasaSyncManager: background data: true
06-11 11:45:46.453  4690  4693 D dalvikvm: GC_CONCURRENT freed 458K, 7% free 10609K/11399K, paused 2ms+29ms
06-11 11:45:47.906   142 26025 E DhcpStateMachine: DHCP failed on wlan0: Timed out waiting for DHCP Renew to finish
06-11 11:45:48.027   142   199 D ConnectivityService: handleInetConditionHoldEnd: net=0, condition=100, published condition=0
06-11 11:45:48.257   142   145 D dalvikvm: GC_CONCURRENT freed 1813K, 16% free 17881K/21191K, paused 3ms+8ms
06-11 11:45:48.328 25910 25911 D dalvikvm: GC_CONCURRENT freed 426K, 6% free 9500K/10055K, paused 2ms+6ms
06-11 11:45:48.398 25231 26327 D dalvikvm: GC_EXPLICIT freed 125K, 6% free 9902K/10503K, paused 6ms+3ms
06-11 11:45:48.464 26535 26537 D dalvikvm: GC_CONCURRENT freed 193K, 3% free 10174K/10439K, paused 1ms+3ms
06-11 11:46:14.605   142   294 D dalvikvm: GC_EXPLICIT freed 238K, 17% free 17764K/21191K, paused 4ms+6ms
06-11 11:46:14.675 22161 22162 D dalvikvm: GC_CONCURRENT freed 468K, 9% free 10316K/11271K, paused 1ms+3ms
06-11 11:46:14.800  4690  4693 D dalvikvm: GC_CONCURRENT freed 405K, 7% free 10610K/11399K, paused 2ms+3ms
06-11 11:46:19.019  2848  2848 I wpa_supplicant: wlan0: CTRL-EVENT-DISCONNECTED bssid=d0:c2:82:66:5b:70 reason=0
06-11 11:46:20.308  2848  2848 I wpa_supplicant: wlan0: Trying to associate with d0:c2:82:66:6f:40 (SSID='UB_Secure' freq=2462 MHz)
06-11 11:46:20.480  2848  2848 I wpa_supplicant: wlan0: Associated with d0:c2:82:66:6f:40
06-11 11:46:20.480  2848  2848 I wpa_supplicant: wlan0: CTRL-EVENT-EAP-STARTED EAP authentication started
06-11 11:46:20.488  2848  2848 I wpa_supplicant: wlan0: CTRL-EVENT-EAP-PROPOSED-METHOD vendor=0 method=4 -> NAK
06-11 11:46:20.492  2848  2848 I wpa_supplicant: wlan0: CTRL-EVENT-EAP-PROPOSED-METHOD vendor=0 method=25
06-11 11:46:20.492  2848  2848 I wpa_supplicant: wlan0: CTRL-EVENT-EAP-METHOD EAP vendor 0 method 25 (PEAP) selected
06-11 11:46:20.500  2848  2848 I wpa_supplicant: EAP-TLV: TLV Result - Success - EAP-TLV/Phase2 Completed
06-11 11:46:20.527   213   215 D dalvikvm: GC_CONCURRENT freed 220K, 36% free 9894K/15239K, paused 4ms+3ms
06-11 11:46:20.582   213   215 D dalvikvm: GC_CONCURRENT freed 624K, 37% free 9697K/15239K, paused 4ms+2ms
06-11 11:46:20.734   213   215 D dalvikvm: GC_CONCURRENT freed 378K, 37% free 9708K/15239K, paused 2ms+3ms
06-11 11:46:56.023  2848  2848 I wpa_supplicant: wlan0: CTRL-EVENT-DISCONNECTED bssid=d0:c2:82:66:6f:40 reason=0
06-11 11:46:58.019  2848  2848 I wpa_supplicant: wlan0: Trying to associate with d0:c2:82:7e:31:50 (SSID='UB_Secure' freq=2412 MHz)
06-11 11:47:02.050  2848  2848 I wpa_supplicant: wlan0: CTRL-EVENT-DISCONNECTED bssid=d0:c2:82:7e:31:50 reason=0
06-11 11:47:02.972  2848  2848 I wpa_supplicant: wlan0: Trying to associate with d0:c2:82:67:e7:60 (SSID='UB_Secure' freq=2412 MHz)
06-11 11:47:03.156  2848  2848 I wpa_supplicant: wlan0: Associated with d0:c2:82:67:e7:60
06-11 11:47:03.156  2848  2848 I wpa_supplicant: wlan0: CTRL-EVENT-EAP-STARTED EAP authentication started
06-11 11:47:03.164  2848  2848 I wpa_supplicant: wlan0: CTRL-EVENT-EAP-PROPOSED-METHOD vendor=0 method=4 -> NAK
06-11 11:47:03.168  2848  2848 I wpa_supplicant: wlan0: CTRL-EVENT-EAP-PROPOSED-METHOD vendor=0 method=25
06-11 11:47:03.168  2848  2848 I wpa_supplicant: wlan0: CTRL-EVENT-EAP-METHOD EAP vendor 0 method 25 (PEAP) selected
06-11 11:47:03.175  2848  2848 I wpa_supplicant: EAP-TLV: TLV Result - Success - EAP-TLV/Phase2 Completed
06-11 11:47:03.363    76   113 D NetlinkEvent: Unexpected netlink message. type=0x0
06-11 11:47:14.582 25165 25167 D dalvikvm: GC_CONCURRENT freed 499K, 14% free 10524K/12167K, paused 1ms+3ms
06-11 11:47:14.754 22161 22162 D dalvikvm: GC_CONCURRENT freed 464K, 9% free 10362K/11271K, paused 9ms+2ms
06-11 11:47:40.019    76   113 D NetlinkEvent: Unexpected netlink message. type=0x0
06-11 11:47:40.023  2848  2848 I wpa_supplicant: wlan0: CTRL-EVENT-DISCONNECTED bssid=d0:c2:82:67:e7:60 reason=0
06-11 11:47:41.576  2848  2848 I wpa_supplicant: wlan0: Trying to associate with d0:c2:82:66:5b:70 (SSID='UB_Secure' freq=2437 MHz)
06-11 11:47:41.725  2848  2848 I wpa_supplicant: wlan0: Associated with d0:c2:82:66:5b:70
06-11 11:47:41.725  2848  2848 I wpa_supplicant: wlan0: CTRL-EVENT-EAP-STARTED EAP authentication started
06-11 11:47:41.732  2848  2848 I wpa_supplicant: wlan0: CTRL-EVENT-EAP-PROPOSED-METHOD vendor=0 method=4 -> NAK
06-11 11:47:41.736  2848  2848 I wpa_supplicant: wlan0: CTRL-EVENT-EAP-PROPOSED-METHOD vendor=0 method=25
06-11 11:47:41.736  2848  2848 I wpa_supplicant: wlan0: CTRL-EVENT-EAP-METHOD EAP vendor 0 method 25 (PEAP) selected
06-11 11:47:41.740    76   113 D NetlinkEvent: Unexpected netlink message. type=0x0
06-11 11:47:41.760  2848  2848 I wpa_supplicant: EAP-TLV: TLV Result - Success - EAP-TLV/Phase2 Completed
06-11 11:48:14.718 22161 22162 D dalvikvm: GC_CONCURRENT freed 483K, 9% free 10326K/11271K, paused 2ms+2ms
06-11 11:48:17.851    76   113 D NetlinkEvent: Unexpected netlink message. type=0x0
06-11 11:48:17.863  2848  2848 I wpa_supplicant: wlan0: CTRL-EVENT-DISCONNECTED bssid=d0:c2:82:66:5b:70 reason=0
06-11 11:48:19.230  2848  2848 I wpa_supplicant: wlan0: Trying to associate with d0:c2:82:2d:f2:b0 (SSID='UB_Secure' freq=2437 MHz)
06-11 11:48:19.269  2848  2848 I wpa_supplicant: wlan0: Associated with d0:c2:82:2d:f2:b0
06-11 11:48:19.269  2848  2848 I wpa_supplicant: wlan0: CTRL-EVENT-EAP-STARTED EAP authentication started
06-11 11:48:19.273  2848  2848 I wpa_supplicant: wlan0: CTRL-EVENT-EAP-PROPOSED-METHOD vendor=0 method=4 -> NAK
06-11 11:48:19.277  2848  2848 I wpa_supplicant: wlan0: CTRL-EVENT-EAP-PROPOSED-METHOD vendor=0 method=25
06-11 11:48:19.277  2848  2848 I wpa_supplicant: wlan0: CTRL-EVENT-EAP-METHOD EAP vendor 0 method 25 (PEAP) selected
06-11 11:48:19.289  2848  2848 I wpa_supplicant: EAP-TLV: TLV Result - Success - EAP-TLV/Phase2 Completed
06-11 11:48:19.363    76   113 D NetlinkEvent: Unexpected netlink message. type=0x0
06-11 11:49:14.953  2848  2848 I wpa_supplicant: wlan0: CTRL-EVENT-DISCONNECTED bssid=d0:c2:82:2d:f2:b0 reason=0
06-11 11:49:14.957    76   113 D NetlinkEvent: Unexpected netlink message. type=0x0
06-11 11:49:16.234  2848  2848 I wpa_supplicant: wlan0: Trying to associate with d0:c2:82:66:6f:40 (SSID='UB_Secure' freq=2462 MHz)
06-11 11:49:16.398 25165 25167 D dalvikvm: GC_CONCURRENT freed 507K, 14% free 10529K/12167K, paused 1ms+3ms
06-11 11:49:16.437  2848  2848 I wpa_supplicant: wlan0: Associated with d0:c2:82:66:6f:40
06-11 11:49:16.437  2848  2848 I wpa_supplicant: wlan0: CTRL-EVENT-EAP-STARTED EAP authentication started
06-11 11:49:16.441  2848  2848 I wpa_supplicant: wlan0: CTRL-EVENT-EAP-PROPOSED-METHOD vendor=0 method=4 -> NAK
06-11 11:49:16.445  2848  2848 I wpa_supplicant: wlan0: CTRL-EVENT-EAP-PROPOSED-METHOD vendor=0 method=25
06-11 11:49:16.445  2848  2848 I wpa_supplicant: wlan0: CTRL-EVENT-EAP-METHOD EAP vendor 0 method 25 (PEAP) selected
06-11 11:49:16.453  2848  2848 I wpa_supplicant: EAP-TLV: TLV Result - Success - EAP-TLV/Phase2 Completed
06-11 11:49:16.496    76   113 D NetlinkEvent: Unexpected netlink message. type=0x0
06-11 11:49:16.550 22161 22162 D dalvikvm: GC_CONCURRENT freed 399K, 9% free 10330K/11271K, paused 2ms+2ms
06-11 11:49:29.222 26003 26016 I PhoneLab-: Service Running
06-11 11:49:29.367 26003 26016 I PhoneLab-LoggerService: app_38    1446  1     1436   988   c00f181c 400107b4 S logcat
06-11 11:49:29.367 26003 26016 I PhoneLab-LoggerService: Logcat pid from database 1446
06-11 11:49:29.367 26003 26016 I PhoneLab-LoggerService: Logcat process found 1446
06-11 11:49:29.367 26003 26016 I PhoneLab-LoggerService: Checking Threshold
06-11 11:49:29.367 26003 26016 I PhoneLab-: Service Running
06-11 11:49:29.398 26003 26016 I PhoneLab-LoggerService: app_38    1446  1     1436   988   c00f181c 400107b4 S logcat
06-11 11:49:29.398 26003 26016 I PhoneLab-LoggerService: Logcat pid from database 1446
06-11 11:49:29.398 26003 26016 I PhoneLab-LoggerService: Logcat process found 1446
06-11 11:49:29.398 26003 26016 I PhoneLab-LoggerService: Checking Threshold
06-11 11:49:53.019  2848  2848 I wpa_supplicant: wlan0: CTRL-EVENT-DISCONNECTED bssid=d0:c2:82:66:6f:40 reason=0
06-11 11:49:53.019    76   113 D NetlinkEvent: Unexpected netlink message. type=0x0
06-11 11:49:54.576  2848  2848 I wpa_supplicant: wlan0: Trying to associate with d0:c2:82:7e:31:50 (SSID='UB_Secure' freq=2412 MHz)
06-11 11:49:54.717  2848  2848 I wpa_supplicant: wlan0: Associated with d0:c2:82:7e:31:50
06-11 11:49:54.725    76   113 D NetlinkEvent: Unexpected netlink message. type=0x0
06-11 11:49:54.728  2848  2848 I wpa_supplicant: wlan0: CTRL-EVENT-EAP-STARTED EAP authentication started
06-11 11:49:54.740  2848  2848 I wpa_supplicant: wlan0: CTRL-EVENT-EAP-PROPOSED-METHOD vendor=0 method=4 -> NAK
06-11 11:49:54.752  2848  2848 I wpa_supplicant: wlan0: CTRL-EVENT-EAP-PROPOSED-METHOD vendor=0 method=25
06-11 11:49:54.752  2848  2848 I wpa_supplicant: wlan0: CTRL-EVENT-EAP-METHOD EAP vendor 0 method 25 (PEAP) selected
06-11 11:49:54.779  2848  2848 I wpa_supplicant: EAP-TLV: TLV Result - Success - EAP-TLV/Phase2 Completed
06-11 11:50:14.816 25165 25167 D dalvikvm: GC_CONCURRENT freed 429K, 14% free 10509K/12167K, paused 2ms+7ms
06-11 11:50:14.879 22161 22162 D dalvikvm: GC_CONCURRENT freed 401K, 9% free 10329K/11271K, paused 2ms+3ms
06-11 11:50:31.027  2848  2848 I wpa_supplicant: wlan0: CTRL-EVENT-DISCONNECTED bssid=d0:c2:82:7e:31:50 reason=0
06-11 11:50:31.027    76   113 D NetlinkEvent: Unexpected netlink message. type=0x0
06-11 11:50:33.019  2848  2848 I wpa_supplicant: wlan0: Trying to associate with d0:c2:82:67:e7:60 (SSID='UB_Secure' freq=2412 MHz)
06-11 11:50:33.078  2848  2848 I wpa_supplicant: wlan0: Associated with d0:c2:82:67:e7:60
06-11 11:50:33.078  2848  2848 I wpa_supplicant: wlan0: CTRL-EVENT-EAP-STARTED EAP authentication started
06-11 11:50:33.086  2848  2848 I wpa_supplicant: wlan0: CTRL-EVENT-EAP-PROPOSED-METHOD vendor=0 method=4 -> NAK
06-11 11:50:33.089  2848  2848 I wpa_supplicant: wlan0: CTRL-EVENT-EAP-PROPOSED-METHOD vendor=0 method=25
06-11 11:50:33.089  2848  2848 I wpa_supplicant: wlan0: CTRL-EVENT-EAP-METHOD EAP vendor 0 method 25 (PEAP) selected
06-11 11:50:33.097  2848  2848 I wpa_supplicant: EAP-TLV: TLV Result - Success - EAP-TLV/Phase2 Completed
06-11 11:50:33.125    76   113 D NetlinkEvent: Unexpected netlink message. type=0x0
06-11 11:50:39.527 26157 26625 I DatabaseHelper: Begin cleanup.
06-11 11:50:40.961 26157 26625 I DatabaseHelper: Cleaned up: 393
06-11 11:50:41.195 26157 26160 D dalvikvm: GC_CONCURRENT freed 762K, 11% free 11798K/13127K, paused 4ms+3ms
06-11 11:51:09.011  2848  2848 I wpa_supplicant: wlan0: CTRL-EVENT-DISCONNECTED bssid=d0:c2:82:67:e7:60 reason=0
06-11 11:51:09.011    76   113 D NetlinkEvent: Unexpected netlink message. type=0x0
06-11 11:51:11.019  2848  2848 I wpa_supplicant: wlan0: Trying to associate with d0:c2:82:2d:f2:b0 (SSID='UB_Secure' freq=2437 MHz)
06-11 11:51:11.160  2848  2848 I wpa_supplicant: wlan0: Associated with d0:c2:82:2d:f2:b0
06-11 11:51:11.160  2848  2848 I wpa_supplicant: wlan0: CTRL-EVENT-EAP-STARTED EAP authentication started
06-11 11:51:11.164  2848  2848 I wpa_supplicant: wlan0: CTRL-EVENT-EAP-PROPOSED-METHOD vendor=0 method=4 -> NAK
06-11 11:51:11.171  2848  2848 I wpa_supplicant: wlan0: CTRL-EVENT-EAP-PROPOSED-METHOD vendor=0 method=25
06-11 11:51:11.171  2848  2848 I wpa_supplicant: wlan0: CTRL-EVENT-EAP-METHOD EAP vendor 0 method 25 (PEAP) selected
06-11 11:51:11.175    76   113 D NetlinkEvent: Unexpected netlink message. type=0x0
06-11 11:51:11.187  2848  2848 I wpa_supplicant: EAP-TLV: TLV Result - Success - EAP-TLV/Phase2 Completed
06-11 11:51:47.019  2848  2848 I wpa_supplicant: wlan0: CTRL-EVENT-DISCONNECTED bssid=d0:c2:82:2d:f2:b0 reason=0
06-11 11:51:47.019    76   113 D NetlinkEvent: Unexpected netlink message. type=0x0
06-11 11:51:49.019  2848  2848 I wpa_supplicant: wlan0: Trying to associate with d0:c2:82:66:5b:70 (SSID='UB_Secure' freq=2437 MHz)
06-11 11:51:52.019  2848  2848 I wpa_supplicant: wlan0: CTRL-EVENT-DISCONNECTED bssid=d0:c2:82:66:5b:70 reason=0
06-11 11:51:52.632  2848  2848 I wpa_supplicant: wlan0: Trying to associate with d0:c2:82:66:5b:70 (SSID='UB_Secure' freq=2437 MHz)
06-11 11:51:52.707  2848  2848 I wpa_supplicant: wlan0: Associated with d0:c2:82:66:5b:70
06-11 11:51:52.707  2848  2848 I wpa_supplicant: wlan0: CTRL-EVENT-EAP-STARTED EAP authentication started
06-11 11:51:52.715  2848  2848 I wpa_supplicant: wlan0: CTRL-EVENT-EAP-PROPOSED-METHOD vendor=0 method=4 -> NAK
06-11 11:51:52.715    76   113 D NetlinkEvent: Unexpected netlink message. type=0x0
06-11 11:51:52.718  2848  2848 I wpa_supplicant: wlan0: CTRL-EVENT-EAP-PROPOSED-METHOD vendor=0 method=25
06-11 11:51:52.718  2848  2848 I wpa_supplicant: wlan0: CTRL-EVENT-EAP-METHOD EAP vendor 0 method 25 (PEAP) selected
06-11 11:51:52.726  2848  2848 I wpa_supplicant: EAP-TLV: TLV Result - Success - EAP-TLV/Phase2 Completed
06-11 11:52:14.863 25165 25167 D dalvikvm: GC_CONCURRENT freed 488K, 14% free 10533K/12167K, paused 2ms+4ms
06-11 11:52:14.964 22161 22162 D dalvikvm: GC_CONCURRENT freed 526K, 9% free 10315K/11271K, paused 2ms+2ms
06-11 11:52:25.214   959   961 D dalvikvm: GC_CONCURRENT freed 812K, 20% free 11832K/14663K, paused 7ms+6ms
06-11 11:52:29.019  2848  2848 I wpa_supplicant: wlan0: CTRL-EVENT-DISCONNECTED bssid=d0:c2:82:66:5b:70 reason=0
06-11 11:52:29.019    76   113 D NetlinkEvent: Unexpected netlink message. type=0x0
06-11 11:52:32.023  2848  2848 I wpa_supplicant: wlan0: Trying to associate with 00:86:11:15:d0:e1 (SSID='konoha' freq=2437 MHz)
06-11 11:52:32.043  2848  2848 I wpa_supplicant: wlan0: CTRL-EVENT-DISCONNECTED bssid=00:86:11:15:d0:e1 reason=0
06-11 11:52:32.679  2848  2848 I wpa_supplicant: wlan0: Trying to associate with d0:c2:82:2d:f2:b0 (SSID='UB_Secure' freq=2437 MHz)
06-11 11:52:32.773  2848  2848 I wpa_supplicant: wlan0: Associated with d0:c2:82:2d:f2:b0
06-11 11:52:32.773  2848  2848 I wpa_supplicant: wlan0: CTRL-EVENT-EAP-STARTED EAP authentication started
06-11 11:52:32.781  2848  2848 I wpa_supplicant: wlan0: CTRL-EVENT-EAP-PROPOSED-METHOD vendor=0 method=4 -> NAK
06-11 11:52:32.785  2848  2848 I wpa_supplicant: wlan0: CTRL-EVENT-EAP-PROPOSED-METHOD vendor=0 method=25
06-11 11:52:32.789  2848  2848 I wpa_supplicant: wlan0: CTRL-EVENT-EAP-METHOD EAP vendor 0 method 25 (PEAP) selected
06-11 11:52:32.847  2848  2848 I wpa_supplicant: wlan0: CTRL-EVENT-EAP-PEER-CERT depth=2 subject='/C=US/O=Entrust.net/OU=www.entrust.net/CPS incorp. by ref. (limits liab.)/OU=(c) 1999 Entrust.net Limited/CN=Entrust.net Secure Server Certification Authority'
06-11 11:52:32.851  2848  2848 I wpa_supplicant: wlan0: CTRL-EVENT-EAP-PEER-CERT depth=2 subject='/C=US/O=Entrust.net/OU=www.entrust.net/CPS incorp. by ref. (limits liab.)/OU=(c) 1999 Entrust.net Limited/CN=Entrust.net Secure Server Certification Authority'
06-11 11:52:32.859  2848  2848 I wpa_supplicant: wlan0: CTRL-EVENT-EAP-PEER-CERT depth=1 subject='/C=US/ST=UT/L=Salt Lake City/O=The USERTRUST Network/CN=USERTrust Legacy Secure Server CA'
06-11 11:52:32.871  2848  2848 I wpa_supplicant: wlan0: CTRL-EVENT-EAP-PEER-CERT depth=0 subject='/C=US/postalCode=14260/ST=New York/L=Buffalo/street=305 Computing Center/O=SUNY AT BUFFALO/OU=Issued through UNIVERSITY AT BUFFALO E-PKI Manager/OU=Comodo PremiumSSL Legacy/CN=radius2.cit.buffalo.edu'
06-11 11:52:33.066  2848  2848 I wpa_supplicant: EAP-MSCHAPV2: Authentication succeeded
06-11 11:52:33.074  2848  2848 I wpa_supplicant: EAP-TLV: TLV Result - Success - EAP-TLV/Phase2 Completed
06-11 11:52:33.082  2848  2848 I wpa_supplicant: wlan0: CTRL-EVENT-EAP-SUCCESS EAP authentication completed successfully
06-11 11:52:33.117  2848  2848 I wpa_supplicant: wlan0: WPA: Key negotiation completed with d0:c2:82:2d:f2:b0 [PTK=CCMP GTK=TKIP]
06-11 11:52:33.117  2848  2848 I wpa_supplicant: wlan0: CTRL-EVENT-CONNECTED - Connection to d0:c2:82:2d:f2:b0 completed (reauth) [id=3 id_str=]
06-11 11:52:33.843   142   199 D ConnectivityService: ConnectivityChange for WIFI: CONNECTED/CONNECTED
06-11 11:52:33.843   142   199 D ConnectivityService: Policy requires mobile teardown
06-11 11:52:33.863 26003 26003 I PhoneLab-WiFiReceiver: Wi-Fi is connected!
06-11 11:52:33.863 26003 26003 I PhoneLab-WiFiReceiver: SSID: UB_Secure BSSID: d0:c2:82:2d:f2:b0 RSSI: -200 LinkSpeed: -1
06-11 11:52:33.863 26003 26003 I PhoneLab-Locks: wake lock acquired
06-11 11:52:33.882 26003 26003 I PhoneLab-UploadLogs: Transfering log files now
06-11 11:52:33.882 26003 26003 I PhoneLab-UploadLogs: No log files to transfer
06-11 11:52:33.882 26003 26003 I PhoneLab-Locks: wake lock released
06-11 11:52:33.890 26003 26003 I PhoneLab-UploadLogs: OnStartCommand
06-11 11:52:33.925   142   199 D ConnectivityService: ConnectivityChange for mobile: DISCONNECTED/DISCONNECTED
06-11 11:52:33.925   142   199 D ConnectivityService: Attempting to switch to WIFI
06-11 11:52:33.925   142   199 D ConnectivityService: Attempting to switch to WIMAX
06-11 11:52:33.925   142   199 D ConnectivityService: Attempting to switch to BLUETOOTH_TETHER
06-11 11:52:33.933   142   199 D NetUtils: android_net_utils_resetConnections in env=0x658290 clazz=0x80600001 iface=rmnet0 mask=0x3
06-11 11:52:33.933   142   199 D ConnectivityService: resetConnections(rmnet0, 3)
06-11 11:52:33.945   142   194 W NetworkStats: dropping UID delta from unknown iface: iface=wlan0 uid=0 set=DEFAULT tag=0x0 rxBytes=0 rxPackets=0 txBytes=140 txPackets=2 operations=0
06-11 11:52:34.070   213   215 D dalvikvm: GC_CONCURRENT freed 270K, 36% free 9869K/15239K, paused 2ms+3ms
06-11 11:52:34.254   142   145 D dalvikvm: GC_CONCURRENT freed 1809K, 16% free 18003K/21191K, paused 12ms+10ms
06-11 11:52:34.398  4690 26609 W Smack/Packet: notify conn break (IOEx), close connection
06-11 11:52:34.410 26003 26005 D dalvikvm: GC_CONCURRENT freed 445K, 6% free 9095K/9671K, paused 5ms+2ms
06-11 11:52:34.550  4690 26609 I qtaguid : Failed write_ctrl(u 57) res=-1 errno=22
06-11 11:52:34.554  4690 26609 I qtaguid : Untagging socket 57 failed errno=-22
06-11 11:52:34.554  4690 26609 W NetworkManagementSocketTagger: untagSocket(57) failed with errno -22
06-11 11:52:34.562   142   199 D ConnectivityService: handleInetConditionChange: net=0 != default=1 - ignore
06-11 11:52:39.511   142   203 D Tethering: MasterInitialState.processMessage what=3
06-11 11:52:39.535  4690  4690 I GTalkService/c: [AndroidEndpoint@1094367416] connect: acct=1000000, state=CONNECTING
06-11 11:52:39.543  4690  4690 I GTalkService/c: [GTalkConnection@1093775384] connect: acct=1, state=CONNECTING
06-11 11:52:39.554   142   203 D Tethering: MasterInitialState.processMessage what=3
06-11 11:52:39.570   142   203 D Tethering: MasterInitialState.processMessage what=3
06-11 11:52:39.605 26331 26331 I MediaUploader: No need to wake up
06-11 11:52:39.734 26331 26331 I MediaUploader: No need to wake up
06-11 11:52:39.750 26072 26110 D PicasaSyncManager: active network: NetworkInfo: type: WIFI[], state: CONNECTED/CONNECTED, reason: (unspecified), extra: (none), roaming: false, failover: false, isAvailable: true
06-11 11:52:39.754 26072 26110 D PicasaSyncManager: background data: true
06-11 11:52:39.914 26331 26331 I MediaUploader: No need to wake up
06-11 11:52:40.078  4690  4693 D dalvikvm: GC_CONCURRENT freed 360K, 7% free 10694K/11399K, paused 1ms+12ms
06-11 11:52:40.140 26072 26110 D PicasaSyncManager: active network: NetworkInfo: type: WIFI[], state: CONNECTED/CONNECTED, reason: (unspecified), extra: (none), roaming: false, failover: false, isAvailable: true
06-11 11:52:40.140 26072 26110 D PicasaSyncManager: background data: true
06-11 11:52:43.949   142   199 D ConnectivityService: handleInetConditionHoldEnd: net=1, condition=100, published condition=0
06-11 11:52:57.711 26003 26003 I PhoneLab-Locks: wake lock acquired
06-11 11:52:57.742 26003 26677 I PhoneLab-PeriodicCheckService: User info is synched
06-11 11:52:57.742 26003 26677 I PhoneLab-PeriodicCheckService: Logger Service is running
06-11 11:52:57.746 26003 26003 I PhoneLab-Locks: wake lock acquired
06-11 11:52:57.750 26003 26003 I PhoneLab-StatusMonitor: Status Monitoring is started
06-11 11:52:57.754 26003 26677 I PhoneLab-Locks: wake lock acquired
06-11 11:52:57.765 26003 26003 E PhoneLab-PhoneLabManifest: java.io.FileNotFoundException: /data/data/edu.buffalo.cse.phonelab.phonelabservices/files/manifest.xml: open failed: ENOENT (No such file or directory)
06-11 11:52:57.781 26003 26003 I PhoneLab-Locks: wake lock released
06-11 11:52:57.847   142   917 D dalvikvm: GC_EXPLICIT freed 1032K, 16% free 17803K/21191K, paused 8ms+7ms
06-11 11:52:57.855 26003 26003 I PhoneLab-UploadLogs: Transfering log files now
06-11 11:52:57.855 26003 26003 I PhoneLab-UploadLogs: No log files to transfer
06-11 11:52:57.855 26003 26003 I PhoneLab-Locks: wake lock released
06-11 11:52:57.855 26003 26003 I PhoneLab-UploadLogs: OnStartCommand
06-11 11:52:57.855 26003 26677 I PhoneLab-PeriodicCheckService: Rescheduling periodic checking...
06-11 11:52:57.859 26003 26677 I PhoneLab-Locks: wake lock released
06-11 11:53:15.000 22161 22162 D dalvikvm: GC_CONCURRENT freed 503K, 9% free 10323K/11271K, paused 7ms+6ms
06-11 11:54:14.847 25165 25167 D dalvikvm: GC_CONCURRENT freed 395K, 14% free 10524K/12167K, paused 2ms+2ms
06-11 11:54:16.281 22161 22162 D dalvikvm: GC_CONCURRENT freed 423K, 8% free 10407K/11271K, paused 3ms+3ms
06-11 11:54:18.234 22161 22162 D dalvikvm: GC_CONCURRENT freed 502K, 9% free 10319K/11271K, paused 2ms+2ms
06-11 11:55:16.164 26003 26016 I PhoneLab-: Service Running
06-11 11:55:16.242 26003 26016 I PhoneLab-LoggerService: app_38    1446  1     1436   988   c00f181c 400107b4 S logcat
06-11 11:55:16.257 26003 26016 I PhoneLab-LoggerService: Logcat pid from database 1446
06-11 11:55:16.257 26003 26016 I PhoneLab-LoggerService: Logcat process found 1446
06-11 11:55:16.257 26003 26016 I PhoneLab-LoggerService: Checking Threshold
06-11 11:55:16.257 26003 26016 I PhoneLab-: Service Running
06-11 11:55:16.398 26003 26016 I PhoneLab-LoggerService: app_38    1446  1     1436   988   c00f181c 400107b4 S logcat
06-11 11:55:16.398 26003 26016 I PhoneLab-LoggerService: Logcat pid from database 1446
06-11 11:55:16.398 26003 26016 I PhoneLab-LoggerService: Logcat process found 1446
06-11 11:55:16.398 26003 26016 I PhoneLab-LoggerService: Checking Threshold
06-11 11:55:16.402  4690  4693 D dalvikvm: GC_CONCURRENT freed 501K, 7% free 10629K/11399K, paused 2ms+3ms
06-11 11:55:16.425 25165 25167 D dalvikvm: GC_CONCURRENT freed 510K, 14% free 10526K/12167K, paused 2ms+3ms
06-11 11:55:16.562 22161 22162 D dalvikvm: GC_CONCURRENT freed 400K, 9% free 10328K/11271K, paused 3ms+3ms
06-11 11:55:46.613 26003 26016 I PhoneLab-: Service Running
06-11 11:55:46.683 26003 26016 I PhoneLab-LoggerService: app_38    1446  1     1436   988   c00f181c 400107b4 S logcat
06-11 11:55:46.683 26003 26016 I PhoneLab-LoggerService: Logcat pid from database 1446
06-11 11:55:46.683 26003 26016 I PhoneLab-LoggerService: Logcat process found 1446
06-11 11:55:46.683 26003 26016 I PhoneLab-LoggerService: Checking Threshold
06-11 11:55:53.386 26157 26160 D dalvikvm: GC_CONCURRENT freed 757K, 10% free 11847K/13127K, paused 2ms+3ms
06-11 11:56:03.050  2848  2848 I wpa_supplicant: wlan0: CTRL-EVENT-DISCONNECTED bssid=d0:c2:82:2d:f2:b0 reason=0
06-11 11:56:03.050    76   116 D CommandListener: Clearing all IP addresses on wlan0
06-11 11:56:03.070   142   199 D ConnectivityService: ConnectivityChange for WIFI: DISCONNECTED/DISCONNECTED
06-11 11:56:03.074   142   199 D ConnectivityService: Attempting to switch to mobile
06-11 11:56:03.074   142   199 D ConnectivityService: Attempting to switch to WIMAX
06-11 11:56:03.074   142   199 D ConnectivityService: Attempting to switch to BLUETOOTH_TETHER
06-11 11:56:03.078   142   199 E ConnectivityService: Exception trying to remove a route: java.lang.IllegalStateException: Unable to communicate with native dameon to add routes - com.android.server.NativeDaemonConnectorException: Cmd {interface route remove wlan0 default 128.205.239.254 32 0.0.0.0} failed with code 400 : {Failed to remove route from default table (No such process)}
06-11 11:56:03.090   142   199 E ConnectivityService: Exception trying to remove a route: java.lang.IllegalStateException: Unable to communicate with native dameon to add routes - com.android.server.NativeDaemonConnectorException: Cmd {interface route remove wlan0 default 0.0.0.0 0 128.205.239.254} failed with code 400 : {Failed to remove route from default table (No such process)}
06-11 11:56:03.093   142   199 D NetUtils: android_net_utils_resetConnections in env=0x658290 clazz=0x92500001 iface=wlan0 mask=0x3
06-11 11:56:03.093   142   199 D ConnectivityService: resetConnections(wlan0, 3)
06-11 11:56:03.175   213   215 D dalvikvm: GC_CONCURRENT freed 592K, 37% free 9661K/15239K, paused 12ms+8ms
06-11 11:56:03.246  4690 26672 W Smack/Packet: notify conn break (IOEx), close connection
06-11 11:56:03.398  4690 26672 I qtaguid : Failed write_ctrl(u 57) res=-1 errno=22
06-11 11:56:03.398  4690 26672 I qtaguid : Untagging socket 57 failed errno=-22
06-11 11:56:03.398  4690 26672 W NetworkManagementSocketTagger: untagSocket(57) failed with errno -22
06-11 11:56:03.433   142   199 D ConnectivityService: handleInetConditionChange: no active default network - ignore
06-11 11:56:03.644  2848  2848 I wpa_supplicant: wlan0: Trying to associate with d0:c2:82:66:6f:40 (SSID='UB_Secure' freq=2462 MHz)
06-11 11:56:03.800  2848  2848 I wpa_supplicant: wlan0: Associated with d0:c2:82:66:6f:40
06-11 11:56:03.800  2848  2848 I wpa_supplicant: wlan0: CTRL-EVENT-EAP-STARTED EAP authentication started
06-11 11:56:03.804  2848  2848 I wpa_supplicant: wlan0: CTRL-EVENT-EAP-PROPOSED-METHOD vendor=0 method=4 -> NAK
06-11 11:56:03.808  2848  2848 I wpa_supplicant: wlan0: CTRL-EVENT-EAP-PROPOSED-METHOD vendor=0 method=25
06-11 11:56:03.808  2848  2848 I wpa_supplicant: wlan0: CTRL-EVENT-EAP-METHOD EAP vendor 0 method 25 (PEAP) selected
06-11 11:56:03.820  2848  2848 I wpa_supplicant: EAP-TLV: TLV Result - Success - EAP-TLV/Phase2 Completed
06-11 11:56:06.168   142   203 D Tethering: MasterInitialState.processMessage what=3
06-11 11:56:06.265 26331 26331 I MediaUploader: No need to wake up
06-11 11:56:06.265 26003 26003 I PhoneLab-WiFiReceiver: Wi-Fi is disconnected!
06-11 11:56:06.300 26072 26110 D PicasaSyncManager: active network: null
06-11 11:56:06.300 26072 26110 D PicasaSyncManager: background data: true
06-11 11:56:08.359   342   342 D SAN_SERVICE: *******************************************
06-11 11:56:08.359   342   342 D SAN_SERVICE: DM App Phone Service State - 0
06-11 11:56:08.359   342   342 D SAN_SERVICE: *******************************************
06-11 11:56:08.886   342   342 D SAN_SERVICE: *******************************************
06-11 11:56:08.886   342   342 D SAN_SERVICE: DM App Phone Service State - 0
06-11 11:56:08.886   342   342 D SAN_SERVICE: *******************************************
06-11 11:56:10.765   142   199 D ConnectivityService: ConnectivityChange for mobile: CONNECTED/CONNECTED
06-11 11:56:10.847   142   195 D NetworkPolicy: applying policy NetworkPolicy[NetworkTemplate: matchRule=MOBILE_ALL, subscriberId=valid]: cycleDay=8, warningBytes=2147483648, limitBytes=-1, lastSnooze=-1 to ifaces [rmnet0]
06-11 11:56:11.773   142   199 D ConnectivityService: NetTransition Wakelock for WifiStateMachine released by timeout
06-11 11:56:15.754 25165 25167 D dalvikvm: GC_CONCURRENT freed 407K, 14% free 10535K/12167K, paused 3ms+6ms
06-11 11:56:16.496   142   203 D Tethering: MasterInitialState.processMessage what=3
06-11 11:56:16.515  4690  4690 I GTalkService/c: [AndroidEndpoint@1094367416] connect: acct=1000000, state=CONNECTING
06-11 11:56:16.519  4690  4690 I GTalkService/c: [GTalkConnection@1093775384] connect: acct=1, state=CONNECTING
06-11 11:56:16.550 26331 26331 I MediaUploader: No need to wake up
06-11 11:56:16.625 26072 26110 D PicasaSyncManager: active network: NetworkInfo: type: mobile[CDMA - EvDo rev. A], state: CONNECTED/CONNECTED, reason: (unspecified), extra: , roaming: false, failover: true, isAvailable: true
06-11 11:56:16.632 26072 26110 D PicasaSyncManager: background data: true
06-11 11:56:16.718 25847 25848 D dalvikvm: GC_CONCURRENT freed 310K, 5% free 9294K/9735K, paused 12ms+3ms
06-11 11:56:16.800 25231 25233 D dalvikvm: GC_CONCURRENT freed 367K, 6% free 9923K/10503K, paused 2ms+5ms
06-11 11:56:17.363  4690  4693 D dalvikvm: GC_CONCURRENT freed 422K, 7% free 10636K/11399K, paused 2ms+3ms
06-11 11:56:18.414   142   199 D ConnectivityService: handleInetConditionHoldEnd: net=0, condition=100, published condition=0
06-11 11:56:26.347   342   342 D SAN_SERVICE: *******************************************
06-11 11:56:26.347   342   342 D SAN_SERVICE: DM App Phone Service State - 0
06-11 11:56:26.347   342   342 D SAN_SERVICE: *******************************************
06-11 11:56:26.609   342   342 D SAN_SERVICE: *******************************************
06-11 11:56:26.609   342   342 D SAN_SERVICE: DM App Phone Service State - 0
06-11 11:56:26.609   342   342 D SAN_SERVICE: *******************************************
06-11 11:56:40.027  2848  2848 I wpa_supplicant: wlan0: CTRL-EVENT-DISCONNECTED bssid=d0:c2:82:66:6f:40 reason=0
06-11 11:56:41.324  2848  2848 I wpa_supplicant: wlan0: Trying to associate with d0:c2:82:67:e7:60 (SSID='UB_Secure' freq=2412 MHz)
06-11 11:56:46.011  2848  2848 I wpa_supplicant: wlan0: CTRL-EVENT-DISCONNECTED bssid=d0:c2:82:67:e7:60 reason=0
06-11 11:56:46.640  2848  2848 I wpa_supplicant: wlan0: Trying to associate with d0:c2:82:7e:31:50 (SSID='UB_Secure' freq=2412 MHz)
06-11 11:56:46.812  2848  2848 I wpa_supplicant: wlan0: Associated with d0:c2:82:7e:31:50
06-11 11:56:46.812  2848  2848 I wpa_supplicant: wlan0: CTRL-EVENT-EAP-STARTED EAP authentication started
06-11 11:56:46.816  2848  2848 I wpa_supplicant: wlan0: CTRL-EVENT-EAP-PROPOSED-METHOD vendor=0 method=4 -> NAK
06-11 11:56:46.820  2848  2848 I wpa_supplicant: wlan0: CTRL-EVENT-EAP-PROPOSED-METHOD vendor=0 method=25
06-11 11:56:46.820  2848  2848 I wpa_supplicant: wlan0: CTRL-EVENT-EAP-METHOD EAP vendor 0 method 25 (PEAP) selected
06-11 11:56:46.828  2848  2848 I wpa_supplicant: EAP-TLV: TLV Result - Success - EAP-TLV/Phase2 Completed
06-11 11:56:46.859    76   113 D NetlinkEvent: Unexpected netlink message. type=0x0
06-11 11:56:46.910   213   215 D dalvikvm: GC_CONCURRENT freed 406K, 37% free 9707K/15239K, paused 2ms+3ms
06-11 11:56:46.972   213   215 D dalvikvm: GC_CONCURRENT freed 471K, 37% free 9698K/15239K, paused 2ms+2ms
06-11 11:56:47.093   213   215 D dalvikvm: GC_CONCURRENT freed 377K, 37% free 9736K/15239K, paused 2ms+5ms
06-11 11:56:49.066   342   342 D SAN_SERVICE: *******************************************
06-11 11:56:49.066   342   342 D SAN_SERVICE: DM App Phone Service State - 0
06-11 11:56:49.066   342   342 D SAN_SERVICE: *******************************************
06-11 11:56:49.336   342   342 D SAN_SERVICE: *******************************************
06-11 11:56:49.336   342   342 D SAN_SERVICE: DM App Phone Service State - 0
06-11 11:56:49.336   342   342 D SAN_SERVICE: *******************************************
06-11 11:57:15.363   142   145 D dalvikvm: GC_CONCURRENT freed 1794K, 16% free 17931K/21191K, paused 2ms+8ms
06-11 11:57:15.433 22161 22162 D dalvikvm: GC_CONCURRENT freed 504K, 9% free 10290K/11271K, paused 1ms+2ms
06-11 11:57:17.906   142   172 I ActivityManager: Start proc com.google.android.maps.mytracks for service com.google.android.maps.mytracks/com.google.android.apps.mytracks.services.RemoveTempFilesService: pid=26718 uid=10059 gids={3003, 3002, 3001, 1015}
06-11 11:57:17.914 26718 26718 I dalvikvm: Turning on JNI app bug workarounds for target SDK version 7...
06-11 11:57:18.140 26718 26718 I ActivityThread: Pub com.google.android.maps.mytracks.search: com.google.android.apps.mytracks.content.SearchEngineProvider
06-11 11:57:18.152 26718 26718 I ActivityThread: Pub com.google.android.maps.mytracks: com.google.android.apps.mytracks.content.MyTracksProvider
06-11 11:57:18.379   142   172 D dalvikvm: GC_EXPLICIT freed 195K, 17% free 17779K/21191K, paused 2ms+6ms
06-11 11:57:21.636 26072 26074 D dalvikvm: GC_CONCURRENT freed 614K, 6% free 11947K/12679K, paused 6ms+4ms
06-11 11:57:22.211 26072 26074 D dalvikvm: GC_CONCURRENT freed 815K, 8% free 12019K/12935K, paused 2ms+3ms
06-11 11:57:22.554    76   113 D NetlinkEvent: Unexpected netlink message. type=0x0
06-11 11:57:22.562  2848  2848 I wpa_supplicant: wlan0: CTRL-EVENT-DISCONNECTED bssid=d0:c2:82:7e:31:50 reason=0
06-11 11:57:23.875 25165 25167 D dalvikvm: GC_CONCURRENT freed 395K, 14% free 10533K/12167K, paused 7ms+2ms
06-11 11:57:26.539 26072 26074 D dalvikvm: GC_CONCURRENT freed 930K, 9% free 12013K/13063K, paused 2ms+3ms
06-11 11:57:29.093 26072 26074 D dalvikvm: GC_CONCURRENT freed 845K, 8% free 12095K/13063K, paused 3ms+2ms
06-11 11:57:29.304 26072 26074 D dalvikvm: GC_CONCURRENT freed 878K, 8% free 12128K/13127K, paused 2ms+2ms
06-11 11:57:33.429 26072 26074 D dalvikvm: GC_CONCURRENT freed 755K, 8% free 12324K/13255K, paused 2ms+5ms
06-11 11:57:34.050 26072 26733 D dalvikvm: GC_FOR_ALLOC freed 25K, 7% free 12533K/13383K, paused 94ms
06-11 11:57:34.090 26072 26733 D dalvikvm: GC_FOR_ALLOC freed 332K, 9% free 12532K/13767K, paused 32ms
06-11 11:57:34.090 26072 26733 I dalvikvm-heap: Grow heap (frag case) to 12.629MB for 338723-byte allocation
06-11 11:57:34.121 26072 26733 D dalvikvm: GC_FOR_ALLOC freed 0K, 10% free 12863K/14151K, paused 31ms
06-11 11:57:34.547 26072 26074 D dalvikvm: GC_CONCURRENT freed 761K, 7% free 13289K/14151K, paused 2ms+3ms
06-11 11:57:36.062 26072 26074 D dalvikvm: GC_CONCURRENT freed 1248K, 10% free 13348K/14727K, paused 2ms+2ms
06-11 11:57:38.445   342   342 D SAN_SERVICE: *******************************************
06-11 11:57:38.445   342   342 D SAN_SERVICE: DM App Phone Service State - 0
06-11 11:57:38.445   342   342 D SAN_SERVICE: *******************************************
06-11 11:57:38.547 26072 26074 D dalvikvm: GC_CONCURRENT freed 2008K, 15% free 12743K/14855K, paused 2ms+3ms
06-11 11:57:38.683   342   342 D SAN_SERVICE: *******************************************
06-11 11:57:38.683   342   342 D SAN_SERVICE: DM App Phone Service State - 0
06-11 11:57:38.683   342   342 D SAN_SERVICE: *******************************************
06-11 11:57:39.105 25910 25948 D dalvikvm: GC_EXPLICIT freed 269K, 7% free 9431K/10055K, paused 2ms+3ms
06-11 11:57:39.390  2848  2848 I wpa_supplicant: wlan0: Trying to associate with d0:c2:82:66:5b:70 (SSID='UB_Secure' freq=2437 MHz)
06-11 11:57:39.539  2848  2848 I wpa_supplicant: wlan0: Associated with d0:c2:82:66:5b:70
06-11 11:57:39.539  2848  2848 I wpa_supplicant: wlan0: CTRL-EVENT-EAP-STARTED EAP authentication started
06-11 11:57:39.547  2848  2848 I wpa_supplicant: wlan0: CTRL-EVENT-EAP-PROPOSED-METHOD vendor=0 method=4 -> NAK
06-11 11:57:39.550  2848  2848 I wpa_supplicant: wlan0: CTRL-EVENT-EAP-PROPOSED-METHOD vendor=0 method=25
06-11 11:57:39.554  2848  2848 I wpa_supplicant: wlan0: CTRL-EVENT-EAP-METHOD EAP vendor 0 method 25 (PEAP) selected
06-11 11:57:39.570  2848  2848 I wpa_supplicant: EAP-TLV: TLV Result - Success - EAP-TLV/Phase2 Completed
06-11 11:57:39.597    76   113 D NetlinkEvent: Unexpected netlink message. type=0x0
06-11 11:57:39.785 26072 26074 D dalvikvm: GC_CONCURRENT freed 1637K, 18% free 12223K/14855K, paused 5ms+3ms
06-11 11:57:40.281 26072 26736 D dalvikvm: GC_EXPLICIT freed 243K, 18% free 12238K/14855K, paused 3ms+4ms
06-11 11:57:41.132 26072 26074 D dalvikvm: GC_CONCURRENT freed 904K, 17% free 12338K/14855K, paused 22ms+5ms
06-11 11:57:41.754 25910 25911 D dalvikvm: GC_CONCURRENT freed 308K, 6% free 9507K/10055K, paused 2ms+3ms
06-11 11:57:42.855 25231 25233 D dalvikvm: GC_CONCURRENT freed 452K, 6% free 9925K/10503K, paused 12ms+5ms
06-11 11:57:48.625 26072 26074 D dalvikvm: GC_CONCURRENT freed 1098K, 18% free 12221K/14855K, paused 2ms+3ms
06-11 11:57:56.769 25910 25911 D dalvikvm: GC_CONCURRENT freed 406K, 6% free 9517K/10055K, paused 3ms+3ms
06-11 11:57:59.425   142   368 D dalvikvm: GC_EXPLICIT freed 607K, 16% free 17810K/21191K, paused 6ms+8ms
06-11 11:57:59.578 25910 25921 D dalvikvm: GC_EXPLICIT freed 249K, 6% free 9468K/10055K, paused 2ms+3ms
06-11 11:58:05.882 26072 26079 I dalvikvm: Jit: resizing JitTable from 4096 to 8192
06-11 11:58:15.554  2848  2848 I wpa_supplicant: wlan0: CTRL-EVENT-DISCONNECTED bssid=d0:c2:82:66:5b:70 reason=0
06-11 11:58:15.554    76   113 D NetlinkEvent: Unexpected netlink message. type=0x0
06-11 11:58:15.574 22161 22162 D dalvikvm: GC_CONCURRENT freed 456K, 9% free 10340K/11271K, paused 14ms+11ms
06-11 11:58:16.820  2848  2848 I wpa_supplicant: wlan0: Trying to associate with d0:c2:82:67:e7:60 (SSID='UB_Secure' freq=2412 MHz)
06-11 11:58:16.957  2848  2848 I wpa_supplicant: wlan0: Associated with d0:c2:82:67:e7:60
06-11 11:58:16.957  2848  2848 I wpa_supplicant: wlan0: CTRL-EVENT-EAP-STARTED EAP authentication started
06-11 11:58:16.964    76   113 D NetlinkEvent: Unexpected netlink message. type=0x0
06-11 11:58:16.984  2848  2848 I wpa_supplicant: wlan0: CTRL-EVENT-EAP-PROPOSED-METHOD vendor=0 method=4 -> NAK
06-11 11:58:16.992  2848  2848 I wpa_supplicant: wlan0: CTRL-EVENT-EAP-PROPOSED-METHOD vendor=0 method=25
06-11 11:58:16.992  2848  2848 I wpa_supplicant: wlan0: CTRL-EVENT-EAP-METHOD EAP vendor 0 method 25 (PEAP) selected
06-11 11:58:17.011  2848  2848 I wpa_supplicant: EAP-TLV: TLV Result - Success - EAP-TLV/Phase2 Completed
06-11 11:58:18.843  4690 26747 D dalvikvm: GC_EXPLICIT freed 315K, 7% free 10642K/11399K, paused 7ms+5ms
06-11 11:58:19.277 25910 25911 D dalvikvm: GC_CONCURRENT freed 353K, 6% free 9501K/10055K, paused 1ms+7ms
06-11 11:58:19.308 25231 25233 D dalvikvm: GC_CONCURRENT freed 452K, 6% free 9919K/10503K, paused 2ms+3ms
06-11 11:58:23.804 26003 26016 I PhoneLab-: Service Running
06-11 11:58:23.910 26003 26016 I PhoneLab-LoggerService: app_38    1446  1     1436   988   c00f181c 400107b4 S logcat
06-11 11:58:23.910 26003 26016 I PhoneLab-LoggerService: Logcat pid from database 1446
06-11 11:58:23.910 26003 26016 I PhoneLab-LoggerService: Logcat process found 1446
06-11 11:58:23.910 26003 26016 I PhoneLab-LoggerService: Checking Threshold
06-11 11:58:48.922   142   166 I ActivityManager: Start proc org.mozilla.firefox_beta for service org.mozilla.firefox_beta/org.mozilla.gecko.sync.syncadapter.SyncService: pid=26753 uid=10071 gids={3003, 1015, 1006}
06-11 11:58:48.953    80    80 D dalvikvm: GC_EXPLICIT freed 38K, 4% free 9031K/9347K, paused 1ms+2ms
06-11 11:58:48.996    80    80 D dalvikvm: GC_EXPLICIT freed <1K, 4% free 9031K/9347K, paused 2ms+5ms
06-11 11:58:49.027    80    80 D dalvikvm: GC_EXPLICIT freed <1K, 4% free 9031K/9347K, paused 2ms+2ms
06-11 11:58:49.238 26753 26753 I ActivityThread: Pub org.mozilla.firefox_beta.db.browser: org.mozilla.firefox_beta.db.BrowserProvider
06-11 11:58:49.324 26753 26753 I ActivityThread: Pub org.mozilla.firefox_beta.db.formhistory: org.mozilla.firefox_beta.db.FormHistoryProvider
06-11 11:58:49.328 26753 26753 I ActivityThread: Pub org.mozilla.firefox_beta.db.tabs: org.mozilla.firefox_beta.db.TabsProvider
06-11 11:58:49.351   142 12773 I ActivityManager: Process com.android.settings (pid 26519) has died.
06-11 11:58:49.371 26753 26753 D SyncAdapter: AccountManager.get(org.mozilla.gecko.GeckoApplication@41334cc8)
06-11 11:58:49.402   142   178 W InputDispatcher: channel '41353bf0 com.android.settings/com.android.settings.Settings (server)' ~ Consumer closed input channel or an error occurred.  events=0x8
06-11 11:58:49.406   142   178 E InputDispatcher: channel '41353bf0 com.android.settings/com.android.settings.Settings (server)' ~ Channel is unrecoverably broken and will be disposed!
06-11 11:58:49.406   142   921 W InputDispatcher: Attempted to unregister already unregistered input channel '41353bf0 com.android.settings/com.android.settings.Settings (server)'
06-11 11:58:49.406   142   921 I WindowManager: WIN DEATH: Window{41353bf0 com.android.settings/com.android.settings.Settings paused=false}
06-11 11:58:49.437   142   142 I WindowManager: WIN DEATH: Window{41354638 com.android.settings/com.android.settings.SubSettings paused=false}
06-11 11:58:49.445   142   178 I WindowManager: WINDOW DIED Window{41353bf0 com.android.settings/com.android.settings.Settings paused=false}
06-11 11:58:49.472 26753 26766 D GeckoProfile: Found profile dir: /data/data/org.mozilla.firefox_beta/files/mozilla/dl48118l.default
06-11 11:58:49.601 26753 26768 I SyncAdapter: Got onPerformSync. Extras bundle is Bundle[{}]
06-11 11:58:49.605 26753 26768 I SyncAdapter: Account name: lokeshmandvekar
06-11 11:58:49.605 26753 26768 D SyncAdapter: Invalidating auth token.
06-11 11:58:49.769 26753 26765 I SyncAuthService: AccountManager.get(org.mozilla.gecko.sync.setup.SyncAuthenticatorService@4135fed0)
06-11 11:58:49.769 26753 26765 I SyncAuthService: Setting username. Null? false
06-11 11:58:49.773 26753 26765 I SyncAuthService: Setting Sync Key. Null? false
06-11 11:58:49.777 26753 26768 I SyncAdapter: Waiting on sync monitor.
06-11 11:58:49.851 26753 26753 I SyncAdapter: AccountManagerCallback invoked.
06-11 11:58:49.851 26753 26753 D SyncAdapter: Username: lokeshmandvekar
06-11 11:58:49.851 26753 26753 D SyncAdapter: Server:   https://auth.services.mozilla.com/
06-11 11:58:49.851 26753 26753 D SyncAdapter: Password? true
06-11 11:58:49.851 26753 26753 D SyncAdapter: Key?      true
06-11 11:58:49.914 26753 26753 I SyncAdapter: Performing sync.
06-11 11:58:49.918 26753 26753 I GlobalSession: GlobalSession initialized with bundle Bundle[{}]
06-11 11:58:50.054 26753 26754 D dalvikvm: GC_CONCURRENT freed 274K, 4% free 9262K/9607K, paused 23ms+4ms
06-11 11:58:50.054 26753 26753 I SyncConfiguration: Set clusterURL from bundle: https://phx-sync128.services.mozilla.com/
06-11 11:58:50.054 26753 26753 I SyncConfiguration: Set syncID from bundle: SsvQEEWgXg7c
06-11 11:58:50.082 26753 26753 I SyncAdapter: Stage completed: idle
06-11 11:58:50.082 26753 26753 I GlobalSession: Running next stage checkPreconditions (org.mozilla.gecko.sync.stage.CheckPreconditionsStage@413253c8)...
06-11 11:58:50.082 26753 26753 I SyncAdapter: Stage completed: checkPreconditions
06-11 11:58:50.082 26753 26753 I GlobalSession: Running next stage ensureClusterURL (org.mozilla.gecko.sync.stage.EnsureClusterURLStage@41324e80)...
06-11 11:58:50.082 26753 26753 I EnsureClusterURLStage: Cluster URL is already set and not stale. Continuing with sync.
06-11 11:58:50.082 26753 26753 I SyncAdapter: Stage completed: ensureClusterURL
06-11 11:58:50.082 26753 26753 I GlobalSession: Running next stage fetchInfoCollections (org.mozilla.gecko.sync.stage.FetchInfoCollectionsStage@413244f0)...
06-11 11:58:50.175 26753 26754 D dalvikvm: GC_CONCURRENT freed 239K, 4% free 9431K/9799K, paused 2ms+2ms
06-11 11:58:52.625 26753 26773 I InfoCollections: info/collections is {"history":1.3394291331E9,"adblockplus":1.33934421319E9,"bookmarks":1.33934417103E9,"prefs":1.33942513427E9,"passwords":1.33938440435E9,"addons":1.33934421227E9,"crypto":1.32370693163E9,"meta":1.33648557571E9,"forms":1.33942526248E9,"clients":1.33942512724E9,"tabs":1.33942913374E9}
06-11 11:58:52.625 26753 26773 I FetchInfoCollStage: Got timestamps: 
06-11 11:58:52.629 26753 26773 I SyncAdapter: Stage completed: fetchInfoCollections
06-11 11:58:52.629 26753 26773 I GlobalSession: Running next stage fetchMetaGlobal (org.mozilla.gecko.sync.stage.FetchMetaGlobalStage@41350918)...
06-11 11:58:52.629 26753 26773 I FetchMetaGlobalStage: Trying to use persisted meta/global for this session.
06-11 11:58:52.687 26753 26773 I MetaGlobal: meta/global is {"storageVersion":5,"engines":{"history":{"version":1,"syncID":"01-e95SthD5J"},"adblockplus":{"version":1,"syncID":"rGMG9HqQ8upG"},"bookmarks":{"version":2,"syncID":"DGxUQGK3Brjl"},"passwords":{"version":1,"syncID":"TSHU3rEev3hw"},"prefs":{"version":2,"syncID":"syRuG3i8nTfN"},"addons":{"version":1,"syncID":"EOfhOHDJ_kpO"},"forms":{"version":1,"syncID":"-CIEkGBGj2cs"},"clients":{"version":1,"syncID":"dMvGPkFS5Xgi"},"tabs":{"version":1,"syncID":"Gu-a_LMebMpU"}},"syncID":"SsvQEEWgXg7c"}
06-11 11:58:52.687 26753 26773 I FetchMetaGlobalStage: Using persisted meta/global for this session.
06-11 11:58:52.691 26753 26773 I SyncAdapter: Stage completed: fetchMetaGlobal
06-11 11:58:52.691 26753 26773 I GlobalSession: Running next stage ensureKeysStage (org.mozilla.gecko.sync.stage.EnsureCrypto5KeysStage@41341300)...
06-11 11:58:52.691 26753 26773 I EnsureC5KeysStage: Trying to use persisted collection keys for this session.
06-11 11:58:52.695 26753 26754 D dalvikvm: GC_CONCURRENT freed 354K, 5% free 9609K/10055K, paused 2ms+4ms
06-11 11:58:52.718 26753 26773 I EnsureC5KeysStage: Using persisted collection keys for this session.
06-11 11:58:52.718 26753 26773 I SyncAdapter: Stage completed: ensureKeysStage
06-11 11:58:52.718 26753 26773 I GlobalSession: Running next stage syncClientsEngine (org.mozilla.gecko.sync.stage.SyncClientsEngineStage@41362848)...
06-11 11:58:53.136 26753 26773 D dalvikvm: GC_FOR_ALLOC freed 352K, 7% free 9628K/10247K, paused 15ms
06-11 11:58:53.136 26753 26773 I SyncClientsEngineStage: Local client GUID exists on server and was downloaded
06-11 11:58:53.312    76   113 D NetlinkEvent: Unexpected netlink message. type=0x0
06-11 11:58:53.320  2848  2848 I wpa_supplicant: wlan0: CTRL-EVENT-DISCONNECTED bssid=d0:c2:82:67:e7:60 reason=0
06-11 11:58:53.453 26753 26773 D dalvikvm: GC_FOR_ALLOC freed 313K, 6% free 9636K/10247K, paused 36ms
06-11 11:58:53.531 26753 26773 D dalvikvm: GC_FOR_ALLOC freed 307K, 6% free 9635K/10247K, paused 20ms
06-11 11:58:53.629 26753 26773 I SyncAdapter: Stage completed: syncClientsEngine
06-11 11:58:53.629 26753 26773 I GlobalSession: Running next stage syncTabs (org.mozilla.gecko.sync.stage.FennecTabsServerSyncStage@41321e30)...
06-11 11:58:53.640 26753 26773 I SynchronizerSession: Starting A to B flow. Channel is org.mozilla.gecko.sync.synchronizer.RecordsChannel@413758e8
06-11 11:58:53.640 26753 26773 I RecordsChannel: Beginning source.
06-11 11:58:53.640 26753 26775 I RecordsChannel: Source session began. Beginning sink session.
06-11 11:58:53.644 26753 26776 I RecordsChannel: Sink session began. Beginning flow.
06-11 11:58:54.160 26753 26754 D dalvikvm: GC_CONCURRENT freed 364K, 6% free 9692K/10247K, paused 15ms+4ms
06-11 11:58:54.211 26753 26757 I dalvikvm: Total arena pages for JIT: 11
06-11 11:58:54.211 26753 26757 I dalvikvm: Total arena pages for JIT: 12
06-11 11:58:54.215 26753 26757 I dalvikvm: Total arena pages for JIT: 13
06-11 11:58:54.215 26753 26757 I dalvikvm: Total arena pages for JIT: 14
06-11 11:58:54.215 26753 26757 I dalvikvm: Total arena pages for JIT: 15
06-11 11:58:54.215 26753 26757 I dalvikvm: Total arena pages for JIT: 16
06-11 11:58:54.215 26753 26757 I dalvikvm: Total arena pages for JIT: 17
06-11 11:58:54.379 26753 26776 D dalvikvm: GC_FOR_ALLOC freed 389K, 6% free 9704K/10311K, paused 50ms
06-11 11:58:54.410 26753 26757 I dalvikvm: Total arena pages for JIT: 18
06-11 11:58:54.484 26753 26754 D dalvikvm: GC_CONCURRENT freed 377K, 6% free 9720K/10311K, paused 2ms+2ms
06-11 11:58:54.582  2848  2848 I wpa_supplicant: wlan0: Trying to associate with d0:c2:82:2d:f2:b0 (SSID='UB_Secure' freq=2437 MHz)
06-11 11:58:54.625 26753 26754 D dalvikvm: GC_CONCURRENT freed 433K, 6% free 9729K/10311K, paused 3ms+11ms
06-11 11:58:54.668 26753 26776 D dalvikvm: GC_FOR_ALLOC freed 430K, 7% free 9682K/10311K, paused 16ms
06-11 11:58:54.672 26753 26776 I RecordsChannel: onFetchCompleted. Stopping consumer once stores are done.
06-11 11:58:54.672 26753 26776 I RecordsChannel: Fetch timestamp is 1339430334670
06-11 11:58:54.672 26753 26773 I CRecordConsumer: Consumer is done. Processed 0 records.
06-11 11:58:54.738  2848  2848 I wpa_supplicant: wlan0: Associated with d0:c2:82:2d:f2:b0
06-11 11:58:54.738  2848  2848 I wpa_supplicant: wlan0: CTRL-EVENT-EAP-STARTED EAP authentication started
06-11 11:58:54.742  2848  2848 I wpa_supplicant: wlan0: CTRL-EVENT-EAP-PROPOSED-METHOD vendor=0 method=4 -> NAK
