06-08 13:47:29.055   583   584 D dalvikvm: GC_CONCURRENT freed 918K, 10% free 9971K/11015K, paused 2ms+38ms
06-08 13:47:29.411   583   584 D dalvikvm: GC_CONCURRENT freed 155K, 8% free 10203K/11015K, paused 3ms+2ms
06-08 13:47:29.641   583   584 D dalvikvm: GC_CONCURRENT freed 327K, 7% free 10264K/11015K, paused 2ms+4ms
06-08 13:47:29.864   583   584 D dalvikvm: GC_CONCURRENT freed 357K, 7% free 10295K/11015K, paused 2ms+3ms
06-08 13:47:30.215   583   584 D dalvikvm: GC_CONCURRENT freed 373K, 7% free 10313K/11015K, paused 2ms+4ms
06-08 13:47:30.309    82   122 D AudioHardware: AudioHardware pcm playback is exiting standby.
06-08 13:47:30.309    82   122 D AudioHardware: openPcmOut_l() mPcmOpenCnt: 0
06-08 13:47:30.426   390   390 D dalvikvm: GC_FOR_ALLOC freed 417K, 8% free 9677K/10503K, paused 23ms
06-08 13:47:30.551   390   392 D dalvikvm: GC_CONCURRENT freed 398K, 8% free 9746K/10503K, paused 3ms+4ms
06-08 13:47:30.563   152   655 W InputManagerService: Window already focused, ignoring focus gain of: com.android.internal.view.IInputMethodClient$Stub$Proxy@41643198
06-08 13:47:30.762   583   584 D dalvikvm: GC_CONCURRENT freed 323K, 6% free 10377K/11015K, paused 2ms+3ms
06-08 13:47:31.024   583   584 D dalvikvm: GC_CONCURRENT freed 352K, 6% free 10415K/11015K, paused 2ms+3ms
06-08 13:47:31.477   691   693 D dalvikvm: GC_CONCURRENT freed 225K, 7% free 11001K/11783K, paused 2ms+3ms
06-08 13:47:31.692   583   601 D dalvikvm: GC_EXPLICIT freed 820K, 11% free 9809K/11015K, paused 7ms+5ms
06-08 13:47:31.875   583   584 D dalvikvm: GC_CONCURRENT freed 99K, 9% free 10098K/11015K, paused 2ms+3ms
06-08 13:47:32.231  1339  1354 D dalvikvm: GC_FOR_ALLOC freed 3872K, 42% free 11684K/20039K, paused 36ms
06-08 13:47:32.231  1339  1354 I dalvikvm-heap: Grow heap (frag case) to 12.362MB for 925072-byte allocation
06-08 13:47:32.270  1339  1339 D dalvikvm: GC_FOR_ALLOC freed 33K, 38% free 12554K/20039K, paused 22ms
06-08 13:47:32.360  1339  1342 D dalvikvm: GC_CONCURRENT freed 1K, 37% free 12659K/20039K, paused 2ms+9ms
06-08 13:47:32.434  1339  1364 D dalvikvm: GC_FOR_ALLOC freed 65K, 38% free 12620K/20039K, paused 26ms
06-08 13:47:32.434  1339  1364 I dalvikvm-heap: Grow heap (frag case) to 13.620MB for 1286224-byte allocation
06-08 13:47:32.477  1339  1365 D dalvikvm: GC_FOR_ALLOC freed 1K, 31% free 13874K/20039K, paused 35ms
06-08 13:47:32.594  1339  1342 D dalvikvm: GC_CONCURRENT freed 144K, 29% free 14241K/20039K, paused 3ms+6ms
06-08 13:47:32.766  1339  1342 D dalvikvm: GC_CONCURRENT freed 2421K, 33% free 13559K/20039K, paused 1ms+4ms
06-08 13:47:32.957  1339  1368 D dalvikvm: GC_FOR_ALLOC freed 2220K, 38% free 12603K/20039K, paused 25ms
06-08 13:47:33.055   583   584 D dalvikvm: GC_CONCURRENT freed 313K, 8% free 10170K/11015K, paused 77ms+3ms
06-08 13:47:33.086  1339  1368 D dalvikvm: GC_FOR_ALLOC freed 922K, 37% free 12747K/20039K, paused 21ms
06-08 13:47:33.141  1339  1342 D dalvikvm: GC_CONCURRENT freed 1K, 36% free 12921K/20039K, paused 2ms+5ms
06-08 13:47:33.211  1339  1366 D dalvikvm: GC_FOR_ALLOC freed 202K, 35% free 13145K/20039K, paused 20ms
06-08 13:47:33.305  1339  1342 D dalvikvm: GC_CONCURRENT freed 502K, 31% free 14000K/20039K, paused 2ms+9ms
06-08 13:47:33.516  1339  1366 D dalvikvm: GC_FOR_ALLOC freed 2269K, 36% free 12958K/20039K, paused 29ms
06-08 13:47:33.559  1339  1354 D dalvikvm: GC_FOR_ALLOC freed 5K, 30% free 14209K/20039K, paused 21ms
06-08 13:47:33.637  1339  1342 D dalvikvm: GC_CONCURRENT freed 145K, 28% free 14481K/20039K, paused 2ms+10ms
06-08 13:47:33.797  1339  1342 D dalvikvm: GC_CONCURRENT freed 3128K, 35% free 13069K/20039K, paused 2ms+2ms
06-08 13:47:33.961   583   584 D dalvikvm: GC_CONCURRENT freed 369K, 8% free 10189K/11015K, paused 2ms+3ms
06-08 13:47:34.192   583   584 D dalvikvm: GC_CONCURRENT freed 338K, 7% free 10247K/11015K, paused 2ms+3ms
06-08 13:47:35.118    82   122 D AudioHardware: AudioHardware pcm playback is going to standby.
06-08 13:47:35.118    82   122 D AudioHardware: closePcmOut_l() mPcmOpenCnt: 1
06-08 13:47:36.391   691   693 D dalvikvm: GC_CONCURRENT freed 572K, 7% free 10992K/11783K, paused 2ms+2ms
06-08 13:47:36.528   583   584 D dalvikvm: GC_CONCURRENT freed 815K, 11% free 9827K/11015K, paused 2ms+2ms
06-08 13:47:36.653   583   584 D dalvikvm: GC_CONCURRENT freed 132K, 9% free 10107K/11015K, paused 2ms+3ms
06-08 13:47:36.899   583   584 D dalvikvm: GC_CONCURRENT freed 271K, 8% free 10222K/11015K, paused 2ms+2ms
06-08 13:47:37.086   583   584 D dalvikvm: GC_CONCURRENT freed 373K, 8% free 10232K/11015K, paused 2ms+2ms
06-08 13:47:37.289   583   584 D dalvikvm: GC_CONCURRENT freed 361K, 7% free 10262K/11015K, paused 2ms+3ms
06-08 13:47:37.516   583   584 D dalvikvm: GC_CONCURRENT freed 323K, 7% free 10328K/11015K, paused 2ms+3ms
06-08 13:47:37.801   583   584 D dalvikvm: GC_CONCURRENT freed 382K, 7% free 10336K/11015K, paused 2ms+3ms
06-08 13:47:38.301   691   693 D dalvikvm: GC_CONCURRENT freed 508K, 7% free 11046K/11783K, paused 2ms+3ms
06-08 13:47:38.516   583   584 D dalvikvm: GC_CONCURRENT freed 695K, 9% free 10061K/11015K, paused 1ms+5ms
06-08 13:47:38.926   583   584 D dalvikvm: GC_CONCURRENT freed 282K, 8% free 10170K/11015K, paused 2ms+3ms
06-08 13:47:39.207   583   584 D dalvikvm: GC_CONCURRENT freed 361K, 8% free 10196K/11015K, paused 6ms+3ms
06-08 13:47:39.489   583   584 D dalvikvm: GC_CONCURRENT freed 354K, 8% free 10227K/11015K, paused 2ms+7ms
06-08 13:47:39.543    82   122 D AudioHardware: AudioHardware pcm playback is exiting standby.
06-08 13:47:39.543    82   122 D AudioHardware: openPcmOut_l() mPcmOpenCnt: 0
06-08 13:47:39.637   152   857 I ActivityManager: START {act=android.intent.action.MAIN cat=[android.intent.category.LAUNCHER] flg=0x10200000 cmp=com.android.settings/.Settings} from pid 1339
06-08 13:47:39.797   152   163 I ActivityManager: Start proc com.android.settings for activity com.android.settings/.Settings: pid=1795 uid=1000 gids={1015, 3002, 3001, 3003, 3007}
06-08 13:47:39.938  1339  1339 D OpenGLRenderer: Flushing caches (mode 1)
06-08 13:47:39.989  1339  1339 D OpenGLRenderer: Flushing caches (mode 0)
06-08 13:47:40.157  1795  1795 D LocalBluetoothProfileManager: LocalBluetoothProfileManager construction complete
06-08 13:47:40.231  1795  1796 D dalvikvm: GC_CONCURRENT freed 131K, 3% free 9370K/9607K, paused 4ms+14ms
06-08 13:47:40.274   583   584 D dalvikvm: GC_CONCURRENT freed 338K, 7% free 10285K/11015K, paused 30ms+3ms
06-08 13:47:40.278  1795  1795 D libEGL  : loaded /system/lib/egl/libGLES_android.so
06-08 13:47:40.286  1795  1795 D libEGL  : loaded /vendor/lib/egl/libEGL_POWERVR_SGX540_120.so
06-08 13:47:40.293  1795  1795 D libEGL  : loaded /vendor/lib/egl/libGLESv1_CM_POWERVR_SGX540_120.so
06-08 13:47:40.297  1795  1795 D libEGL  : loaded /vendor/lib/egl/libGLESv2_POWERVR_SGX540_120.so
06-08 13:47:40.352   152   168 I Process : Sending signal. PID: 1795 SIG: 3
06-08 13:47:40.352  1795  1797 I dalvikvm: threadid=3: reacting to signal 3
06-08 13:47:40.375  1795  1795 D OpenGLRenderer: Enabling debug mode 0
06-08 13:47:40.379  1795  1797 I dalvikvm: Wrote stack traces to '/data/anr/traces.txt'
06-08 13:47:40.602   152   656 D dalvikvm: GC_EXPLICIT freed 447K, 11% free 12834K/14343K, paused 8ms+6ms
06-08 13:47:40.602   152   552 W InputManagerService: Starting input on non-focused client com.android.internal.view.IInputMethodClient$Stub$Proxy@41489078 (uid=10027 pid=1339)
06-08 13:47:40.747   152   201 I ActivityManager: Displayed com.android.settings/.Settings: +1s15ms
06-08 13:47:40.911   472   472 D SAN_SERVICE: *******************************************
06-08 13:47:40.911   472   472 D SAN_SERVICE: DM App Phone Service State - 0
06-08 13:47:40.911   472   472 D SAN_SERVICE: *******************************************
06-08 13:47:41.364   691   693 D dalvikvm: GC_CONCURRENT freed 915K, 9% free 10745K/11783K, paused 3ms+4ms
06-08 13:47:41.649   472   472 D SAN_SERVICE: *******************************************
06-08 13:47:41.649   472   472 D SAN_SERVICE: DM App Phone Service State - 0
06-08 13:47:41.649   472   472 D SAN_SERVICE: *******************************************
06-08 13:47:41.664   583   584 D dalvikvm: GC_CONCURRENT freed 764K, 10% free 9924K/11015K, paused 2ms+9ms
06-08 13:47:41.762   583   584 D dalvikvm: GC_CONCURRENT freed 83K, 8% free 10241K/11015K, paused 2ms+3ms
06-08 13:47:42.114   583   584 D dalvikvm: GC_CONCURRENT freed 234K, 6% free 10393K/11015K, paused 4ms+3ms
06-08 13:47:42.500   583   584 D dalvikvm: GC_CONCURRENT freed 343K, 6% free 10439K/11015K, paused 2ms+3ms
06-08 13:47:42.637    82   122 D AudioHardware: AudioHardware pcm playback is going to standby.
06-08 13:47:42.637    82   122 D AudioHardware: closePcmOut_l() mPcmOpenCnt: 1
06-08 13:47:42.762   583   584 D dalvikvm: GC_CONCURRENT freed 433K, 6% free 10451K/11015K, paused 2ms+3ms
06-08 13:47:43.036   583   584 D dalvikvm: GC_CONCURRENT freed 395K, 5% free 10489K/11015K, paused 2ms+3ms
06-08 13:47:43.258   583   584 D dalvikvm: GC_CONCURRENT freed 350K, 5% free 10532K/11079K, paused 2ms+3ms
06-08 13:47:43.426   152   656 I ActivityManager: START {act=android.intent.action.MAIN cmp=com.android.settings/.SubSettings (has extras)} from pid 1795
06-08 13:47:43.434    82   122 D AudioHardware: AudioHardware pcm playback is exiting standby.
06-08 13:47:43.434    82   122 D AudioHardware: openPcmOut_l() mPcmOpenCnt: 0
06-08 13:47:43.614  1795  1796 D dalvikvm: GC_CONCURRENT freed 78K, 2% free 9729K/9927K, paused 13ms+5ms
06-08 13:47:43.614   583   584 D dalvikvm: GC_CONCURRENT freed 351K, 5% free 10596K/11079K, paused 2ms+3ms
06-08 13:47:43.797   152   201 I ActivityManager: Displayed com.android.settings/.SubSettings: +345ms
06-08 13:47:43.813  1795  1795 D OpenGLRenderer: Flushing caches (mode 0)
06-08 13:47:44.184   583   584 D dalvikvm: GC_CONCURRENT freed 401K, 5% free 10610K/11143K, paused 2ms+5ms
06-08 13:47:44.606   691   693 D dalvikvm: GC_CONCURRENT freed 179K, 7% free 11036K/11783K, paused 2ms+3ms
06-08 13:47:44.836   583   584 D dalvikvm: GC_CONCURRENT freed 953K, 10% free 10147K/11207K, paused 2ms+2ms
06-08 13:47:45.141   583   584 D dalvikvm: GC_CONCURRENT freed 186K, 8% free 10350K/11207K, paused 2ms+3ms
06-08 13:47:45.278   152   491 I ActivityManager: START {act=android.intent.action.MAIN cmp=com.android.settings/.SubSettings (has extras)} from pid 1795
06-08 13:47:45.582  1795  1796 D dalvikvm: GC_CONCURRENT freed 167K, 3% free 10041K/10311K, paused 2ms+3ms
06-08 13:47:45.590   583   584 D dalvikvm: GC_CONCURRENT freed 328K, 8% free 10408K/11207K, paused 6ms+3ms
06-08 13:47:45.786   152   201 I ActivityManager: Displayed com.android.settings/.SubSettings: +487ms
06-08 13:47:45.821  1795  1795 D OpenGLRenderer: Flushing caches (mode 0)
06-08 13:47:46.036   472   472 D SAN_SERVICE: *******************************************
06-08 13:47:46.036   472   472 D SAN_SERVICE: DM App Phone Service State - 0
06-08 13:47:46.036   472   472 D SAN_SERVICE: *******************************************
06-08 13:47:46.129   583   584 D dalvikvm: GC_CONCURRENT freed 380K, 8% free 10419K/11207K, paused 2ms+2ms
06-08 13:47:46.372   583   584 D dalvikvm: GC_CONCURRENT freed 360K, 7% free 10448K/11207K, paused 2ms+4ms
06-08 13:47:46.594   583   584 D dalvikvm: GC_CONCURRENT freed 336K, 7% free 10509K/11207K, paused 5ms+4ms
06-08 13:47:46.821   583   584 D dalvikvm: GC_CONCURRENT freed 330K, 6% free 10569K/11207K, paused 3ms+3ms
06-08 13:47:46.934  1269  1287 I PhoneLab-: Service Running
06-08 13:47:47.016  1269  1287 I PhoneLab-LoggerService: app_38    1290  1269  1788   1416  c00f181c 400107b4 S logcat
06-08 13:47:47.020  1269  1287 I PhoneLab-LoggerService: Logcat pid from database 1290
06-08 13:47:47.020  1269  1287 I PhoneLab-LoggerService: Logcat process found 1290
06-08 13:47:47.020  1269  1287 I PhoneLab-LoggerService: Checking Threshold
06-08 13:47:47.020  1269  1287 I PhoneLab-LoggerService: Starting to rename files
06-08 13:47:47.020  1269  1287 I PhoneLab-LoggerService: Files found .. 3
06-08 13:47:47.020  1269  1287 I PhoneLab-LoggerService: File 1 log.out.1
06-08 13:47:47.028  1269  1287 I PhoneLab-LoggerService: Renamed successfully
06-08 13:47:47.707   691   693 D dalvikvm: GC_CONCURRENT freed 706K, 8% free 10910K/11783K, paused 2ms+4ms
06-08 13:47:47.883   583   584 D dalvikvm: GC_CONCURRENT freed 1113K, 13% free 9849K/11207K, paused 2ms+4ms
06-08 13:47:48.059   583   584 D dalvikvm: GC_CONCURRENT freed 160K, 11% free 10086K/11207K, paused 5ms+3ms
06-08 13:47:48.301   583   584 D dalvikvm: GC_CONCURRENT freed 167K, 9% free 10306K/11207K, paused 2ms+2ms
06-08 13:47:48.360    82   122 D AudioHardware: AudioHardware pcm playback is going to standby.
06-08 13:47:48.360    82   122 D AudioHardware: closePcmOut_l() mPcmOpenCnt: 1
06-08 13:47:48.532   583   584 D dalvikvm: GC_CONCURRENT freed 343K, 8% free 10350K/11207K, paused 2ms+2ms
06-08 13:47:48.883  1795  1795 D OpenGLRenderer: Flushing caches (mode 0)
06-08 13:47:48.922   583   584 D dalvikvm: GC_CONCURRENT freed 357K, 8% free 10381K/11207K, paused 91ms+5ms
06-08 13:47:49.161   583   584 D dalvikvm: GC_CONCURRENT freed 361K, 8% free 10407K/11207K, paused 1ms+3ms
06-08 13:47:49.356   583   584 D dalvikvm: GC_CONCURRENT freed 330K, 7% free 10468K/11207K, paused 2ms+3ms
06-08 13:47:49.528   583   584 D dalvikvm: GC_CONCURRENT freed 349K, 7% free 10512K/11207K, paused 2ms+3ms
06-08 13:47:50.020   152   655 D dalvikvm: GC_FOR_ALLOC freed 837K, 11% free 12801K/14343K, paused 46ms
06-08 13:47:50.125  1795  1795 D OpenGLRenderer: Flushing caches (mode 0)
06-08 13:47:50.227   691   693 D dalvikvm: GC_CONCURRENT freed 673K, 9% free 10772K/11783K, paused 2ms+5ms
06-08 13:47:50.383  1795  1795 D dalvikvm: GC_EXPLICIT freed 89K, 2% free 10138K/10311K, paused 2ms+5ms
06-08 13:47:50.493   583   584 D dalvikvm: GC_CONCURRENT freed 942K, 11% free 9975K/11207K, paused 2ms+3ms
06-08 13:47:50.684   583   584 D dalvikvm: GC_CONCURRENT freed 142K, 9% free 10220K/11207K, paused 2ms+2ms
06-08 13:47:50.864   152   375 W InputManagerService: Starting input on non-focused client com.android.internal.view.IInputMethodClient$Stub$Proxy@41457028 (uid=1000 pid=1795)
06-08 13:47:50.969  1339  1342 D dalvikvm: GC_CONCURRENT freed 2521K, 41% free 11889K/20039K, paused 2ms+9ms
06-08 13:47:51.012  1339  1364 D dalvikvm: GC_FOR_ALLOC freed 313K, 42% free 11710K/20039K, paused 21ms
06-08 13:47:51.016  1339  1364 I dalvikvm-heap: Grow heap (frag case) to 12.386MB for 925072-byte allocation
06-08 13:47:51.051  1339  1339 D dalvikvm: GC_FOR_ALLOC freed <1K, 38% free 12613K/20039K, paused 21ms
06-08 13:47:51.176  1339  1342 D dalvikvm: GC_CONCURRENT freed 72K, 37% free 12777K/20039K, paused 2ms+4ms
06-08 13:47:51.231   152   168 I Process : Sending signal. PID: 1339 SIG: 3
06-08 13:47:51.231  1339  1344 I dalvikvm: threadid=3: reacting to signal 3
06-08 13:47:51.243  1795  1795 D OpenGLRenderer: Flushing caches (mode 0)
06-08 13:47:51.289  1339  1368 D dalvikvm: GC_FOR_ALLOC freed 911K, 41% free 12005K/20039K, paused 30ms
06-08 13:47:51.293  1339  1368 I dalvikvm-heap: Grow heap (frag case) to 13.019MB for 1286224-byte allocation
06-08 13:47:51.293  1339  1344 I dalvikvm: Wrote stack traces to '/data/anr/traces.txt'
06-08 13:47:51.336  1339  1364 D dalvikvm: GC_FOR_ALLOC freed 1K, 34% free 13260K/20039K, paused 25ms
06-08 13:47:51.446  1339  1342 D dalvikvm: GC_CONCURRENT freed 248K, 34% free 13404K/20039K, paused 2ms+11ms
06-08 13:47:51.629  1339  1342 D dalvikvm: GC_CONCURRENT freed 1395K, 34% free 13385K/20039K, paused 8ms+5ms
06-08 13:47:51.762   152   168 I ActivityManager: No longer want com.android.quicksearchbox (pid 1209): hidden #16
06-08 13:47:51.789  1795  1795 D OpenGLRenderer: Flushing caches (mode 1)
06-08 13:47:51.832  1339  1342 D dalvikvm: GC_CONCURRENT freed 2225K, 38% free 12529K/20039K, paused 2ms+3ms
06-08 13:47:51.981   583   584 D dalvikvm: GC_CONCURRENT freed 336K, 9% free 10271K/11207K, paused 2ms+2ms
06-08 13:47:52.188   583   584 D dalvikvm: GC_CONCURRENT freed 348K, 9% free 10310K/11207K, paused 2ms+2ms
06-08 13:47:52.391   583   584 D dalvikvm: GC_CONCURRENT freed 370K, 8% free 10327K/11207K, paused 2ms+6ms
06-08 13:47:52.602   583   584 D dalvikvm: GC_CONCURRENT freed 332K, 8% free 10382K/11207K, paused 2ms+2ms
06-08 13:47:52.774   583   584 D dalvikvm: GC_CONCURRENT freed 339K, 7% free 10432K/11207K, paused 2ms+5ms
06-08 13:47:52.872    82   122 D AudioHardware: AudioHardware pcm playback is exiting standby.
06-08 13:47:52.872    82   122 D AudioHardware: openPcmOut_l() mPcmOpenCnt: 0
06-08 13:47:52.961   152   552 I ActivityManager: START {act=android.intent.action.MAIN cat=[android.intent.category.LAUNCHER] flg=0x10200000 cmp=com.google.android.talk/.SigningInActivity} from pid 1339
06-08 13:47:53.164  1339  1339 D OpenGLRenderer: Flushing caches (mode 1)
06-08 13:47:53.184  1694  1696 D dalvikvm: GC_CONCURRENT freed 422K, 6% free 9424K/9927K, paused 10ms+3ms
06-08 13:47:53.211  1339  1339 D OpenGLRenderer: Flushing caches (mode 0)
06-08 13:47:53.215   152   491 I ActivityManager: START {flg=0x20000000 cmp=com.google.android.talk/.AccountSelectionActivity} from pid 1694
06-08 13:47:53.352   152   164 D dalvikvm: GC_EXPLICIT freed 504K, 10% free 12969K/14343K, paused 6ms+5ms
06-08 13:47:53.457  1694  1694 D libEGL  : loaded /system/lib/egl/libGLES_android.so
06-08 13:47:53.461  1694  1694 D libEGL  : loaded /vendor/lib/egl/libEGL_POWERVR_SGX540_120.so
06-08 13:47:53.469  1694  1694 D libEGL  : loaded /vendor/lib/egl/libGLESv1_CM_POWERVR_SGX540_120.so
06-08 13:47:53.473  1694  1694 D libEGL  : loaded /vendor/lib/egl/libGLESv2_POWERVR_SGX540_120.so
06-08 13:47:53.528  1694  1694 D OpenGLRenderer: Enabling debug mode 0
06-08 13:47:53.555   152   858 W InputManagerService: Starting input on non-focused client com.android.internal.view.IInputMethodClient$Stub$Proxy@41489078 (uid=10027 pid=1339)
06-08 13:47:53.707   152   201 I ActivityManager: Displayed com.google.android.talk/.AccountSelectionActivity: +486ms (total +683ms)
06-08 13:47:54.387   691   693 D dalvikvm: GC_CONCURRENT freed 625K, 10% free 10613K/11783K, paused 2ms+4ms
06-08 13:47:54.504   691   693 D dalvikvm: GC_CONCURRENT freed 556K, 12% free 10476K/11783K, paused 2ms+4ms
06-08 13:47:54.645   583   584 D dalvikvm: GC_CONCURRENT freed 877K, 12% free 9963K/11207K, paused 2ms+7ms
06-08 13:47:54.864   583   584 D dalvikvm: GC_CONCURRENT freed 105K, 9% free 10243K/11207K, paused 2ms+3ms
06-08 13:47:55.114   583   584 D dalvikvm: GC_CONCURRENT freed 308K, 8% free 10322K/11207K, paused 2ms+3ms
06-08 13:47:55.332   583   584 D dalvikvm: GC_CONCURRENT freed 365K, 8% free 10347K/11207K, paused 2ms+2ms
06-08 13:47:55.528   583   584 D dalvikvm: GC_CONCURRENT freed 342K, 8% free 10389K/11207K, paused 2ms+3ms
06-08 13:47:55.731   583   584 D dalvikvm: GC_CONCURRENT freed 361K, 8% free 10419K/11207K, paused 2ms+3ms
06-08 13:47:55.938   583   584 D dalvikvm: GC_CONCURRENT freed 340K, 7% free 10465K/11207K, paused 2ms+3ms
06-08 13:47:55.961    82   122 D AudioHardware: AudioHardware pcm playback is going to standby.
06-08 13:47:55.961    82   122 D AudioHardware: closePcmOut_l() mPcmOpenCnt: 1
06-08 13:47:55.973   583   590 I dalvikvm: Jit: resizing JitTable from 4096 to 8192
06-08 13:47:56.207   583   584 D dalvikvm: GC_CONCURRENT freed 348K, 7% free 10506K/11207K, paused 2ms+3ms
06-08 13:47:56.270   472   472 D SAN_SERVICE: *******************************************
06-08 13:47:56.270   472   472 D SAN_SERVICE: DM App Phone Service State - 0
06-08 13:47:56.270   472   472 D SAN_SERVICE: *******************************************
06-08 13:47:56.879   472   472 D SAN_SERVICE: *******************************************
06-08 13:47:56.879   472   472 D SAN_SERVICE: DM App Phone Service State - 0
06-08 13:47:56.879   472   472 D SAN_SERVICE: *******************************************
06-08 13:47:57.907   583   584 D dalvikvm: GC_CONCURRENT freed 1005K, 12% free 9887K/11207K, paused 2ms+3ms
06-08 13:47:58.489   583   683 D dalvikvm: GC_EXPLICIT freed 290K, 13% free 9770K/11207K, paused 2ms+4ms
06-08 13:48:00.016   472   472 D SAN_SERVICE: *******************************************
06-08 13:48:00.016   472   472 D SAN_SERVICE: DM App Phone Service State - 0
06-08 13:48:00.016   472   472 D SAN_SERVICE: *******************************************
06-08 13:48:00.161   472   472 D SAN_SERVICE: *******************************************
06-08 13:48:00.161   472   472 D SAN_SERVICE: DM App Phone Service State - 0
06-08 13:48:00.161   472   472 D SAN_SERVICE: *******************************************
06-08 13:48:00.418   691   693 D dalvikvm: GC_CONCURRENT freed 607K, 13% free 10253K/11783K, paused 22ms+7ms
06-08 13:48:00.727   583   677 D dalvikvm: GC_FOR_ALLOC freed 399K, 14% free 9748K/11207K, paused 18ms
06-08 13:48:02.469   583   584 D dalvikvm: GC_CONCURRENT freed 382K, 13% free 9782K/11207K, paused 1ms+3ms
06-08 13:48:03.024   152   206 I ActivityManager: START {act=android.intent.action.MAIN cat=[android.intent.category.HOME] flg=0x10200000 cmp=com.android.launcher/com.android.launcher2.Launcher} from pid 152
06-08 13:48:03.172  1339  1342 D dalvikvm: GC_CONCURRENT freed 2104K, 43% free 11530K/20039K, paused 2ms+5ms
06-08 13:48:03.282  1694  1694 D OpenGLRenderer: Flushing caches (mode 0)
06-08 13:48:03.321   152   552 W InputManagerService: Starting input on non-focused client com.android.internal.view.IInputMethodClient$Stub$Proxy@416c0130 (uid=10047 pid=1694)
06-08 13:48:03.332  1694  1694 D OpenGLRenderer: Flushing caches (mode 1)
06-08 13:48:04.786   583   584 D dalvikvm: GC_CONCURRENT freed 410K, 13% free 9758K/11207K, paused 3ms+3ms
06-08 13:48:05.106    82   122 D AudioHardware: AudioHardware pcm playback is exiting standby.
06-08 13:48:05.106    82   122 D AudioHardware: openPcmOut_l() mPcmOpenCnt: 0
06-08 13:48:05.336  1339  1342 D dalvikvm: GC_CONCURRENT freed 322K, 41% free 11983K/20039K, paused 3ms+4ms
06-08 13:48:05.442  1339  1342 D dalvikvm: GC_CONCURRENT freed 260K, 37% free 12628K/20039K, paused 1ms+11ms
06-08 13:48:05.547  1339  1365 D dalvikvm: GC_FOR_ALLOC freed 66K, 37% free 12693K/20039K, paused 31ms
06-08 13:48:05.551  1339  1365 I dalvikvm-heap: Grow heap (frag case) to 13.691MB for 1286224-byte allocation
06-08 13:48:05.559   152   857 I ActivityManager: Process edu.buffalo.cse.phonelab.phonelabservices (pid 1269) has died.
06-08 13:48:05.559   152   857 W ActivityManager: Scheduling restart of crashed service edu.buffalo.cse.phonelab.phonelabservices/edu.buffalo.cse.phonelab.datalogger.LoggerService in 5000ms
06-08 13:48:05.590  1339  1339 D dalvikvm: GC_FOR_ALLOC freed 1K, 31% free 13947K/20039K, paused 22ms
06-08 13:48:05.668  1339  1342 D dalvikvm: GC_CONCURRENT freed 139K, 29% free 14398K/20039K, paused 2ms+8ms
06-08 13:48:05.887  1339  1342 D dalvikvm: GC_CONCURRENT freed 3679K, 38% free 12442K/20039K, paused 3ms+3ms
06-08 13:48:06.063  1339  1342 D dalvikvm: GC_CONCURRENT freed 970K, 38% free 12547K/20039K, paused 3ms+5ms
06-08 13:48:07.204   152   163 I ActivityManager: START {act=android.intent.action.MAIN cat=[android.intent.category.LAUNCHER] flg=0x10200000 cmp=com.google.android.gm/.ConversationListActivityGmail} from pid 1339
06-08 13:48:07.754   152   168 I Process : Sending signal. PID: 1443 SIG: 3
06-08 13:48:07.821  1443  1447 I dalvikvm: threadid=3: reacting to signal 3
06-08 13:48:07.950  1443  1447 I dalvikvm: Wrote stack traces to '/data/anr/traces.txt'
06-08 13:48:08.051  1339  1339 D OpenGLRenderer: Flushing caches (mode 0)
06-08 13:48:08.059  1443  1751 E Gmail.LabelManager: Unable to get label ^i for account lokeshmandvekar@gmail.com
06-08 13:48:08.106  1443  1443 E Gmail   : Unable to correlate recent label: ^t
06-08 13:48:08.106  1443  1443 E Gmail   : Unable to correlate recent label: ^f
06-08 13:48:08.106  1443  1443 E Gmail   : Unable to correlate recent label: ^r
06-08 13:48:08.176  1339  1339 D OpenGLRenderer: Flushing caches (mode 1)
06-08 13:48:08.176   152   375 W InputManagerService: Starting input on non-focused client com.android.internal.view.IInputMethodClient$Stub$Proxy@41489078 (uid=10027 pid=1339)
06-08 13:48:08.184   691   693 D dalvikvm: GC_CONCURRENT freed 379K, 13% free 10267K/11783K, paused 3ms+3ms
06-08 13:48:09.059   583   584 D dalvikvm: GC_CONCURRENT freed 365K, 13% free 9792K/11207K, paused 2ms+6ms
06-08 13:48:10.286    82   122 D AudioHardware: AudioHardware pcm playback is going to standby.
06-08 13:48:10.286    82   122 D AudioHardware: closePcmOut_l() mPcmOpenCnt: 1
06-08 13:48:10.579   152   169 I ActivityManager: Start proc edu.buffalo.cse.phonelab.phonelabservices for service edu.buffalo.cse.phonelab.phonelabservices/edu.buffalo.cse.phonelab.datalogger.LoggerService: pid=1834 uid=10038 gids={3003, 1015, 1007, 2001}
06-08 13:48:10.707  1834  1834 I PhoneLab-LoggerService: Start Logger Service
06-08 13:48:10.743  1834  1847 I PhoneLab-: Service Running
06-08 13:48:10.911  1834  1847 I PhoneLab-LoggerService: app_38    1290  1     1788   1412  c00f181c 400107b4 S logcat
06-08 13:48:10.914  1834  1847 I PhoneLab-LoggerService: Logcat pid from database 1290
06-08 13:48:10.914  1834  1847 I PhoneLab-LoggerService: Logcat process found 1290
06-08 13:48:10.914  1834  1847 I PhoneLab-LoggerService: Checking Threshold
06-08 13:48:10.922  1834  1847 I PhoneLab-LoggerService: Starting to rename files
06-08 13:48:10.926  1834  1847 I PhoneLab-LoggerService: Files found .. 3
06-08 13:48:11.770   583   584 D dalvikvm: GC_CONCURRENT freed 385K, 13% free 9813K/11207K, paused 2ms+4ms
06-08 13:48:13.641   691   693 D dalvikvm: GC_CONCURRENT freed 409K, 13% free 10277K/11783K, paused 19ms+3ms
06-08 13:48:14.024   583   683 D dalvikvm: GC_FOR_ALLOC freed 436K, 13% free 9752K/11207K, paused 24ms
06-08 13:48:16.235   583   584 D dalvikvm: GC_CONCURRENT freed 368K, 13% free 9789K/11207K, paused 2ms+2ms
06-08 13:48:16.762   472   472 D SAN_SERVICE: *******************************************
06-08 13:48:16.762   472   472 D SAN_SERVICE: DM App Phone Service State - 0
06-08 13:48:16.762   472   472 D SAN_SERVICE: *******************************************
06-08 13:48:18.539   583   584 D dalvikvm: GC_CONCURRENT freed 424K, 14% free 9749K/11207K, paused 33ms+2ms
06-08 13:48:18.946   691   693 D dalvikvm: GC_CONCURRENT freed 398K, 13% free 10265K/11783K, paused 19ms+3ms
06-08 13:48:20.688   583   584 D dalvikvm: GC_CONCURRENT freed 373K, 13% free 9761K/11207K, paused 3ms+2ms
06-08 13:48:21.899   472   472 D SAN_SERVICE: *******************************************
06-08 13:48:21.899   472   472 D SAN_SERVICE: DM App Phone Service State - 0
06-08 13:48:21.899   472   472 D SAN_SERVICE: *******************************************
06-08 13:48:22.422   583   584 D dalvikvm: GC_CONCURRENT freed 393K, 13% free 9755K/11207K, paused 2ms+3ms
06-08 13:48:23.215   691   693 D dalvikvm: GC_CONCURRENT freed 384K, 13% free 10267K/11783K, paused 2ms+4ms
06-08 13:48:23.625   152   857 D dalvikvm: GC_EXPLICIT freed 685K, 10% free 12934K/14343K, paused 6ms+5ms
06-08 13:48:24.493   691   747 I System.out: [INFO:416111]: LogSource: Running flush
06-08 13:48:24.497   691   750 I System.out: [INFO:416112]: LogSource: Sending payload [bytes=265]
06-08 13:48:24.817   691   693 D dalvikvm: GC_CONCURRENT freed 393K, 13% free 10289K/11783K, paused 24ms+4ms
06-08 13:48:24.883   583   584 D dalvikvm: GC_CONCURRENT freed 375K, 13% free 9790K/11207K, paused 2ms+2ms
06-08 13:48:24.942   691   750 I System.out: [INFO:416560]: LogSource: Response [http=200,length=223]
06-08 13:48:24.942   691   747 I System.out: [INFO:416560]: LogSource: Read id 6, status code 200
06-08 13:48:26.938   583   584 D dalvikvm: GC_CONCURRENT freed 425K, 13% free 9752K/11207K, paused 3ms+2ms
06-08 13:48:27.891   152   206 I ActivityManager: START {act=android.intent.action.MAIN cat=[android.intent.category.HOME] flg=0x10200000 cmp=com.android.launcher/com.android.launcher2.Launcher} from pid 152
06-08 13:48:28.016  1443  1443 D OpenGLRenderer: Flushing caches (mode 0)
06-08 13:48:28.067  1443  1443 D OpenGLRenderer: Flushing caches (mode 1)
06-08 13:48:29.778   691   693 D dalvikvm: GC_CONCURRENT freed 395K, 13% free 10285K/11783K, paused 15ms+7ms
06-08 13:48:29.848   583   584 D dalvikvm: GC_CONCURRENT freed 377K, 13% free 9791K/11207K, paused 2ms+3ms
06-08 13:48:30.028  1339  1339 D dalvikvm: GC_FOR_ALLOC freed 2055K, 43% free 11474K/20039K, paused 52ms
06-08 13:48:30.243  1339  1339 D dalvikvm: GC_FOR_ALLOC freed 367K, 42% free 11760K/20039K, paused 20ms
06-08 13:48:31.883   152   169 I ActivityManager: Start proc com.android.deskclock for broadcast com.android.deskclock/com.android.alarmclock.AnalogAppWidgetProvider: pid=1858 uid=10011 gids={}
06-08 13:48:32.055  1858  1858 I ActivityThread: Pub com.android.deskclock: com.android.deskclock.AlarmProvider
06-08 13:48:32.629  1339  1342 D dalvikvm: GC_CONCURRENT freed 1778K, 46% free 10864K/20039K, paused 18ms+4ms
06-08 13:48:33.122  1339  1346 I dalvikvm: Jit: resizing JitTable from 4096 to 8192
06-08 13:48:33.786   583   683 D dalvikvm: GC_FOR_ALLOC freed 424K, 14% free 9750K/11207K, paused 63ms
06-08 13:48:35.532   583   584 D dalvikvm: GC_CONCURRENT freed 373K, 13% free 9786K/11207K, paused 2ms+2ms
06-08 13:48:37.696   691   693 D dalvikvm: GC_CONCURRENT freed 389K, 13% free 10283K/11783K, paused 16ms+3ms
06-08 13:48:38.039   152   375 I ActivityManager: START {act=android.intent.action.CHOOSER cmp=android/com.android.internal.app.ChooserActivity (has extras)} from pid 1339
06-08 13:48:38.418  1339  1342 D dalvikvm: GC_CONCURRENT freed 829K, 48% free 10609K/20039K, paused 3ms+5ms
06-08 13:48:38.528   152   201 I ActivityManager: Displayed android/com.android.internal.app.ChooserActivity: +389ms
06-08 13:48:38.918   583   682 D dalvikvm: GC_FOR_ALLOC freed 401K, 13% free 9751K/11207K, paused 28ms
06-08 13:48:40.993   152   552 I ActivityManager: START {act=android.intent.action.SET_WALLPAPER flg=0x3000000 cmp=com.android.launcher/com.android.launcher2.WallpaperChooser} from pid 1339
06-08 13:48:41.032    82   122 D AudioHardware: AudioHardware pcm playback is exiting standby.
06-08 13:48:41.032    82   122 D AudioHardware: openPcmOut_l() mPcmOpenCnt: 0
06-08 13:48:41.118   152   552 D dalvikvm: GC_FOR_ALLOC freed 558K, 10% free 12974K/14343K, paused 57ms
06-08 13:48:41.188   152   491 I ActivityManager: Start proc com.android.launcher:wallpaper_chooser for activity com.android.launcher/com.android.launcher2.WallpaperChooser: pid=1873 uid=10027 gids={}
06-08 13:48:41.219  1339  1339 D OpenGLRenderer: Flushing caches (mode 0)
06-08 13:48:41.317  1339  1339 D OpenGLRenderer: Flushing caches (mode 0)
06-08 13:48:41.450  1873  1873 D dalvikvm: GC_FOR_ALLOC freed 127K, 3% free 9232K/9479K, paused 32ms
06-08 13:48:41.493  1873  1873 D libEGL  : loaded /system/lib/egl/libGLES_android.so
06-08 13:48:41.500  1873  1873 D libEGL  : loaded /vendor/lib/egl/libEGL_POWERVR_SGX540_120.so
06-08 13:48:41.508  1873  1873 D libEGL  : loaded /vendor/lib/egl/libGLESv1_CM_POWERVR_SGX540_120.so
06-08 13:48:41.512  1873  1873 D libEGL  : loaded /vendor/lib/egl/libGLESv2_POWERVR_SGX540_120.so
06-08 13:48:41.567  1873  1873 D OpenGLRenderer: Enabling debug mode 0
06-08 13:48:41.707  1873  1889 D dalvikvm: GC_FOR_ALLOC freed 7K, 4% free 9560K/9863K, paused 44ms
06-08 13:48:41.715   152   168 I Process : Sending signal. PID: 1873 SIG: 3
06-08 13:48:41.715  1873  1878 I dalvikvm: threadid=3: reacting to signal 3
06-08 13:48:41.766  1873  1889 I dalvikvm-heap: Grow heap (frag case) to 12.334MB for 3072016-byte allocation
06-08 13:48:41.848  1873  1878 I dalvikvm: Wrote stack traces to '/data/anr/traces.txt'
06-08 13:48:41.883   152   201 I ActivityManager: Displayed com.android.launcher/com.android.launcher2.WallpaperChooser: +746ms
06-08 13:48:41.899  1873  1875 D dalvikvm: GC_CONCURRENT freed <1K, 3% free 12559K/12871K, paused 3ms+3ms
06-08 13:48:41.911  1339  1339 D OpenGLRenderer: Flushing caches (mode 1)
06-08 13:48:42.098   152   858 I ActivityManager: Process android.process.media (pid 538) has died.
06-08 13:48:42.172   583   584 D dalvikvm: GC_CONCURRENT freed 351K, 13% free 9789K/11207K, paused 3ms+3ms
06-08 13:48:43.137  1873  1873 D dalvikvm: GC_FOR_ALLOC freed 637K, 7% free 12884K/13831K, paused 39ms
06-08 13:48:43.946   583   683 D dalvikvm: GC_FOR_ALLOC freed 347K, 14% free 9744K/11207K, paused 29ms
06-08 13:48:44.122    82   122 D AudioHardware: AudioHardware pcm playback is going to standby.
06-08 13:48:44.122    82   122 D AudioHardware: closePcmOut_l() mPcmOpenCnt: 1
06-08 13:48:45.618   691   693 D dalvikvm: GC_CONCURRENT freed 392K, 13% free 10278K/11783K, paused 17ms+4ms
06-08 13:48:45.926   583   584 D dalvikvm: GC_CONCURRENT freed 342K, 13% free 9797K/11207K, paused 4ms+3ms
06-08 13:48:47.231  1873  1891 D dalvikvm: GC_FOR_ALLOC freed 804K, 8% free 12725K/13831K, paused 23ms
06-08 13:48:47.239  1873  1891 I dalvikvm-heap: Grow heap (frag case) to 15.425MB for 3072016-byte allocation
06-08 13:48:47.266  1873  1875 D dalvikvm: GC_CONCURRENT freed 3K, 7% free 15721K/16839K, paused 2ms+2ms
06-08 13:48:47.391   152   152 I ActivityManager: Process com.google.android.googlequicksearchbox (pid 1195) has died.
06-08 13:48:47.399   691   745 D androidNetworkLocationListeners: Still have listener com.google.android.location.internal.client.NetworkLocationClient$1@41333078
06-08 13:48:48.243   583   601 D dalvikvm: GC_FOR_ALLOC freed 427K, 14% free 9750K/11207K, paused 18ms
06-08 13:48:48.750   691   693 D dalvikvm: GC_CONCURRENT freed 411K, 13% free 10286K/11783K, paused 7ms+4ms
06-08 13:48:49.918   583   584 D dalvikvm: GC_CONCURRENT freed 350K, 13% free 9788K/11207K, paused 1ms+3ms
06-08 13:48:50.961   472   472 D SAN_SERVICE: *******************************************
06-08 13:48:50.961   472   472 D SAN_SERVICE: DM App Phone Service State - 0
06-08 13:48:50.961   472   472 D SAN_SERVICE: *******************************************
06-08 13:48:51.239   472   472 D SAN_SERVICE: *******************************************
06-08 13:48:51.239   472   472 D SAN_SERVICE: DM App Phone Service State - 0
06-08 13:48:51.239   472   472 D SAN_SERVICE: *******************************************
06-08 13:48:51.840   583   665 D dalvikvm: GC_FOR_ALLOC freed 411K, 13% free 9751K/11207K, paused 18ms
06-08 13:48:53.055    82   122 D AudioHardware: AudioHardware pcm playback is exiting standby.
06-08 13:48:53.055    82   122 D AudioHardware: openPcmOut_l() mPcmOpenCnt: 0
06-08 13:48:54.563   442   537 D RenderScript_jni: MessageThread exiting.
06-08 13:48:54.567   442   442 V RenderScript: 0x1be5728 rsContextDestroy
06-08 13:48:54.567   442   442 V RenderScript: 0x1be5728 Context::~Context
06-08 13:48:54.668  1873  1873 D OpenGLRenderer: Flushing caches (mode 0)
06-08 13:48:54.700   390   390 D dalvikvm: GC_FOR_ALLOC freed 125K, 8% free 9685K/10503K, paused 65ms
06-08 13:48:54.707   390   390 I dalvikvm-heap: Grow heap (frag case) to 12.453MB for 3072016-byte allocation
06-08 13:48:54.711   442   519 V RenderScript: 0x1be5728 RS Thread exiting
06-08 13:48:54.770   390   392 D dalvikvm: GC_CONCURRENT freed 1K, 7% free 12683K/13511K, paused 3ms+4ms
06-08 13:48:54.914   442   519 V RenderScript: 0x1be5728 RS Thread exited
06-08 13:48:54.914   442   442 V RenderScript: 0x1be5728 Context::~Context done
06-08 13:48:54.914   442   442 V RenderScript: 0x1be5728 rsContextDestroy done
06-08 13:48:55.200  1873  1873 D OpenGLRenderer: Flushing caches (mode 1)
06-08 13:48:55.360   691   693 D dalvikvm: GC_CONCURRENT freed 368K, 13% free 10315K/11783K, paused 5ms+4ms
06-08 13:48:55.805   583   584 D dalvikvm: GC_CONCURRENT freed 386K, 13% free 9789K/11207K, paused 2ms+2ms
06-08 13:48:56.207    82   122 D AudioHardware: AudioHardware pcm playback is going to standby.
06-08 13:48:56.207    82   122 D AudioHardware: closePcmOut_l() mPcmOpenCnt: 1
06-08 13:48:57.832   583   677 D dalvikvm: GC_FOR_ALLOC freed 412K, 14% free 9750K/11207K, paused 33ms
06-08 13:48:58.918   152   552 D dalvikvm: GC_EXPLICIT freed 628K, 10% free 12952K/14343K, paused 3ms+8ms
06-08 13:48:59.079  1339  1342 D dalvikvm: GC_CONCURRENT freed 246K, 46% free 10899K/20039K, paused 3ms+8ms
06-08 13:48:59.770   583   584 D dalvikvm: GC_CONCURRENT freed 362K, 13% free 9787K/11207K, paused 2ms+3ms
06-08 13:49:00.825   691  1759 D ContactsSyncAdapter: ResourceNotFoundException while downloading photo https://www.google.com/m8/feeds/photos/media/lokeshmandvekar%40gmail.com/28cdf8a50a8eec35, treating it as an empty photo
06-08 13:49:00.985   691   693 D dalvikvm: GC_CONCURRENT freed 421K, 13% free 10280K/11783K, paused 4ms+7ms
06-08 13:49:01.196   472   472 D SAN_SERVICE: *******************************************
06-08 13:49:01.196   472   472 D SAN_SERVICE: DM App Phone Service State - 0
06-08 13:49:01.196   472   472 D SAN_SERVICE: *******************************************
06-08 13:49:01.457   472   472 D SAN_SERVICE: *******************************************
06-08 13:49:01.457   472   472 D SAN_SERVICE: DM App Phone Service State - 0
06-08 13:49:01.457   472   472 D SAN_SERVICE: *******************************************
06-08 13:49:01.856  1339  1342 D dalvikvm: GC_CONCURRENT freed 827K, 48% free 10592K/20039K, paused 2ms+5ms
06-08 13:49:02.172   472   472 D SAN_SERVICE: *******************************************
06-08 13:49:02.172   472   472 D SAN_SERVICE: DM App Phone Service State - 0
06-08 13:49:02.172   472   472 D SAN_SERVICE: *******************************************
06-08 13:49:02.446   583   584 D dalvikvm: GC_CONCURRENT freed 401K, 13% free 9800K/11207K, paused 5ms+3ms
06-08 13:49:04.004  1339  1342 D dalvikvm: GC_CONCURRENT freed 377K, 47% free 10706K/20039K, paused 2ms+4ms
06-08 13:49:04.309   583   584 D dalvikvm: GC_CONCURRENT freed 391K, 13% free 9793K/11207K, paused 3ms+4ms
06-08 13:49:07.512   691   693 D dalvikvm: GC_CONCURRENT freed 391K, 13% free 10288K/11783K, paused 11ms+5ms
06-08 13:49:08.016   583   584 D dalvikvm: GC_CONCURRENT freed 412K, 13% free 9792K/11207K, paused 3ms+3ms
06-08 13:49:09.442  1339  1342 D dalvikvm: GC_CONCURRENT freed 321K, 46% free 10876K/20039K, paused 1ms+3ms
06-08 13:49:09.528  1339  1342 D dalvikvm: GC_CONCURRENT freed 342K, 45% free 11117K/20039K, paused 2ms+4ms
06-08 13:49:10.457   583   584 D dalvikvm: GC_CONCURRENT freed 427K, 14% free 9750K/11207K, paused 4ms+11ms
06-08 13:49:10.868   152   169 W ActivityManager: Permission denied: checkComponentPermission() owningUid=1000
06-08 13:49:10.879   152   169 W ActivityManager: Permission Denial: broadcasting Intent { act=android.appwidget.action.APPWIDGET_DELETED flg=0x10 cmp=com.android.settings/.widget.SettingsAppWidgetProvider (has extras) } from android (pid=1339, uid=10027) is not exported from uid 1000 due to receiver com.android.settings/com.android.settings.widget.SettingsAppWidgetProvider
06-08 13:49:10.879   152   169 W ActivityManager: Permission denied: checkComponentPermission() owningUid=1000
06-08 13:49:10.879   152   169 W ActivityManager: Permission Denial: broadcasting Intent { act=android.appwidget.action.APPWIDGET_DISABLED flg=0x10 cmp=com.android.settings/.widget.SettingsAppWidgetProvider } from android (pid=1339, uid=10027) is not exported from uid 1000 due to receiver com.android.settings/com.android.settings.widget.SettingsAppWidgetProvider
06-08 13:49:11.450   472   472 D SAN_SERVICE: *******************************************
06-08 13:49:11.450   472   472 D SAN_SERVICE: DM App Phone Service State - 0
06-08 13:49:11.450   472   472 D SAN_SERVICE: *******************************************
06-08 13:49:11.731  1339  1342 D dalvikvm: GC_CONCURRENT freed 862K, 46% free 10827K/20039K, paused 8ms+3ms
06-08 13:49:11.793    82   122 D AudioHardware: AudioHardware pcm playback is exiting standby.
06-08 13:49:11.793    82   122 D AudioHardware: openPcmOut_l() mPcmOpenCnt: 0
06-08 13:49:11.934  1339  1342 D dalvikvm: GC_CONCURRENT freed 111K, 44% free 11275K/20039K, paused 3ms+8ms
06-08 13:49:11.961  1339  1368 D dalvikvm: GC_FOR_ALLOC freed 249K, 45% free 11025K/20039K, paused 28ms
06-08 13:49:11.965  1339  1368 I dalvikvm-heap: Grow heap (frag case) to 11.718MB for 925072-byte allocation
06-08 13:49:11.977   152   492 I ActivityManager: Process com.google.android.partnersetup (pid 1458) has died.
06-08 13:49:12.008  1339  1339 D dalvikvm: GC_FOR_ALLOC freed <1K, 41% free 11929K/20039K, paused 20ms
06-08 13:49:12.125  1339  1354 D dalvikvm: GC_FOR_ALLOC freed 116K, 41% free 11944K/20039K, paused 41ms
06-08 13:49:12.129  1339  1354 I dalvikvm-heap: Grow heap (frag case) to 12.959MB for 1286224-byte allocation
06-08 13:49:12.164  1339  1368 D dalvikvm: GC_FOR_ALLOC freed 1K, 35% free 13199K/20039K, paused 21ms
06-08 13:49:12.289  1339  1342 D dalvikvm: GC_CONCURRENT freed 4K, 32% free 13805K/20039K, paused 6ms+4ms
06-08 13:49:12.399   152   163 I ActivityManager: Process com.android.exchange (pid 1660) has died.
06-08 13:49:12.497  1339  1342 D dalvikvm: GC_CONCURRENT freed 3045K, 39% free 12280K/20039K, paused 2ms+3ms
06-08 13:49:12.637  1339  1366 D dalvikvm: GC_FOR_ALLOC freed 2286K, 46% free 10834K/20039K, paused 26ms
06-08 13:49:12.739  1339  1342 D dalvikvm: GC_CONCURRENT freed 339K, 45% free 11099K/20039K, paused 2ms+4ms
06-08 13:49:12.829   583   584 D dalvikvm: GC_CONCURRENT freed 361K, 13% free 9788K/11207K, paused 58ms+2ms
06-08 13:49:12.903  1339  1342 D dalvikvm: GC_CONCURRENT freed 416K, 44% free 11299K/20039K, paused 7ms+5ms
06-08 13:49:13.028  1339  1342 D dalvikvm: GC_CONCURRENT freed 221K, 41% free 11826K/20039K, paused 2ms+7ms
06-08 13:49:13.098  1339  1365 D dalvikvm: GC_FOR_ALLOC freed 607K, 43% free 11601K/20039K, paused 27ms
06-08 13:49:13.102  1339  1365 I dalvikvm-heap: Grow heap (frag case) to 12.281MB for 925072-byte allocation
06-08 13:49:13.133  1339  1339 D dalvikvm: GC_FOR_ALLOC freed 1K, 38% free 12503K/20039K, paused 20ms
06-08 13:49:13.250  1339  1342 D dalvikvm: GC_CONCURRENT freed 24K, 37% free 12725K/20039K, paused 2ms+8ms
06-08 13:49:13.321  1339  1364 D dalvikvm: GC_FOR_ALLOC freed 91K, 36% free 12962K/20039K, paused 41ms
06-08 13:49:13.418  1339  1342 D dalvikvm: GC_CONCURRENT freed 8K, 29% free 14257K/20039K, paused 2ms+6ms
06-08 13:49:13.657  1339  1364 D dalvikvm: GC_FOR_ALLOC freed 3264K, 39% free 12417K/20039K, paused 28ms
06-08 13:49:13.657  1339  1364 I dalvikvm-heap: Grow heap (frag case) to 13.421MB for 1286224-byte allocation
06-08 13:49:13.696  1339  1368 D dalvikvm: GC_FOR_ALLOC freed 5K, 32% free 13667K/20039K, paused 21ms
06-08 13:49:13.770  1339  1342 D dalvikvm: GC_CONCURRENT freed 897K, 35% free 13187K/20039K, paused 2ms+7ms
06-08 13:49:14.129   691   693 D dalvikvm: GC_CONCURRENT freed 402K, 13% free 10297K/11783K, paused 25ms+3ms
06-08 13:49:14.883    82   122 D AudioHardware: AudioHardware pcm playback is going to standby.
06-08 13:49:14.883    82   122 D AudioHardware: closePcmOut_l() mPcmOpenCnt: 1
06-08 13:49:15.469   583   665 D dalvikvm: GC_FOR_ALLOC freed 420K, 13% free 9751K/11207K, paused 18ms
06-08 13:49:16.934   583   584 D dalvikvm: GC_CONCURRENT freed 357K, 13% free 9785K/11207K, paused 2ms+3ms
06-08 13:49:17.930   691   693 D dalvikvm: GC_CONCURRENT freed 403K, 13% free 10282K/11783K, paused 22ms+2ms
06-08 13:49:18.680   583   584 D dalvikvm: GC_CONCURRENT freed 381K, 13% free 9791K/11207K, paused 2ms+2ms
06-08 13:49:19.637    82   122 D AudioHardware: AudioHardware pcm playback is exiting standby.
06-08 13:49:19.637    82   122 D AudioHardware: openPcmOut_l() mPcmOpenCnt: 0
06-08 13:49:19.743   152   163 I ActivityManager: START {act=android.intent.action.MAIN cat=[android.intent.category.LAUNCHER] flg=0x10200000 cmp=com.android.vending/.AssetBrowserActivity} from pid 1339
06-08 13:49:19.875   152   164 I ActivityManager: Process com.android.email (pid 1642) has died.
06-08 13:49:19.899  1339  1339 D OpenGLRenderer: Flushing caches (mode 1)
06-08 13:49:19.985  1339  1339 D OpenGLRenderer: Flushing caches (mode 0)
06-08 13:49:20.184  1159  1176 D Volley  : [129] DiskBasedCache.clear: Cache cleared.
06-08 13:49:20.247  1159  1181 D Volley  : [133] DiskBasedCache.clear: Cache cleared.
06-08 13:49:20.258   152   858 I ActivityManager: START {cmp=com.android.vending/com.google.android.finsky.activities.FirstRunActivity} from pid 1159
06-08 13:49:20.289   152   168 I Process : Sending signal. PID: 1159 SIG: 3
06-08 13:49:20.289  1159  1162 I dalvikvm: threadid=3: reacting to signal 3
06-08 13:49:20.325  1159  1162 I dalvikvm: Wrote stack traces to '/data/anr/traces.txt'
06-08 13:49:20.336  1159  1159 D libEGL  : loaded /system/lib/egl/libGLES_android.so
06-08 13:49:20.344  1159  1159 D libEGL  : loaded /vendor/lib/egl/libEGL_POWERVR_SGX540_120.so
06-08 13:49:20.352  1159  1159 D libEGL  : loaded /vendor/lib/egl/libGLESv1_CM_POWERVR_SGX540_120.so
06-08 13:49:20.356  1159  1159 D libEGL  : loaded /vendor/lib/egl/libGLESv2_POWERVR_SGX540_120.so
06-08 13:49:20.426  1159  1159 D OpenGLRenderer: Enabling debug mode 0
06-08 13:49:20.614  1159  1160 D dalvikvm: GC_CONCURRENT freed 305K, 6% free 9738K/10311K, paused 6ms+6ms
06-08 13:49:20.735   152   154 D dalvikvm: GC_CONCURRENT freed 743K, 9% free 13193K/14343K, paused 3ms+5ms
06-08 13:49:20.930   152   168 I Process : Sending signal. PID: 1159 SIG: 3
06-08 13:49:20.930  1159  1162 I dalvikvm: threadid=3: reacting to signal 3
06-08 13:49:20.938  1159  1162 I dalvikvm: Wrote stack traces to '/data/anr/traces.txt'
06-08 13:49:21.032  1159  1159 D dalvikvm: GC_FOR_ALLOC freed 103K, 5% free 9798K/10311K, paused 19ms
06-08 13:49:21.036  1159  1159 I dalvikvm-heap: Grow heap (frag case) to 10.637MB for 1048592-byte allocation
06-08 13:49:21.071  1159  1160 D dalvikvm: GC_CONCURRENT freed 1K, 6% free 10821K/11399K, paused 2ms+2ms
06-08 13:49:21.118  1159  1159 D dalvikvm: GC_FOR_ALLOC freed 6K, 5% free 10838K/11399K, paused 20ms
06-08 13:49:21.118  1159  1159 I dalvikvm-heap: Grow heap (frag case) to 10.805MB for 160016-byte allocation
06-08 13:49:21.145  1159  1159 D dalvikvm: GC_FOR_ALLOC freed 1K, 6% free 10993K/11591K, paused 19ms
06-08 13:49:21.172   583   584 D dalvikvm: GC_CONCURRENT freed 384K, 13% free 9813K/11207K, paused 4ms+4ms
06-08 13:49:21.266  1159  1159 D OpenGLRenderer: Flushing caches (mode 0)
06-08 13:49:21.293   152   655 W InputManagerService: Starting input on non-focused client com.android.internal.view.IInputMethodClient$Stub$Proxy@41489078 (uid=10027 pid=1339)
06-08 13:49:21.379   152   201 I ActivityManager: Displayed com.android.vending/com.google.android.finsky.activities.FirstRunActivity: +950ms (total +1s593ms)
06-08 13:49:21.653   472   472 D SAN_SERVICE: *******************************************
06-08 13:49:21.653   472   472 D SAN_SERVICE: DM App Phone Service State - 0
06-08 13:49:21.653   472   472 D SAN_SERVICE: *******************************************
06-08 13:49:22.231   691   693 D dalvikvm: GC_CONCURRENT freed 373K, 13% free 10298K/11783K, paused 2ms+2ms
06-08 13:49:22.352   152   655 I ActivityManager: START {act=android.intent.action.MAIN cat=[android.intent.category.LAUNCHER] flg=0x10000000 pkg=com.android.vending cmp=com.android.vending/.AssetBrowserActivity} from pid 1159
06-08 13:49:22.895   152   168 I Process : Sending signal. PID: 1159 SIG: 3
06-08 13:49:22.895  1159  1162 I dalvikvm: threadid=3: reacting to signal 3
06-08 13:49:22.918  1159  1162 I dalvikvm: Wrote stack traces to '/data/anr/traces.txt'
06-08 13:49:23.133   860   860 D OpenGLRenderer: Flushing caches (mode 1)
06-08 13:49:23.145  1159  1160 D dalvikvm: GC_CONCURRENT freed 541K, 6% free 11168K/11783K, paused 18ms+9ms
06-08 13:49:23.215   152   201 I ActivityManager: Displayed com.android.vending/.AssetBrowserActivity: +834ms
06-08 13:49:23.231  1159  1159 D OpenGLRenderer: Flushing caches (mode 0)
06-08 13:49:23.477   583   584 D dalvikvm: GC_CONCURRENT freed 407K, 13% free 9794K/11207K, paused 2ms+3ms
06-08 13:49:23.575   860   860 D OpenGLRenderer: Flushing caches (mode 1)
06-08 13:49:23.582  1159  1159 D Finsky  : [1] DownloadImpl.setState: self-update-download from null to UNQUEUED.
06-08 13:49:23.582  1159  1159 D Finsky  : [1] DownloadQueueImpl.add: Download self-update-download added to DownloadQueue
06-08 13:49:23.582  1159  1159 D Finsky  : [1] DownloadImpl.setState: self-update-download from UNQUEUED to QUEUED.
06-08 13:49:23.629   152   858 I ActivityManager: Start proc android.process.media for content provider com.android.providers.downloads/.DownloadProvider: pid=1909 uid=10012 gids={1015, 1023, 1024, 2001, 3003, 3007}
06-08 13:49:23.649    84    84 I installd: free_cache(0) avail 974893056
06-08 13:49:24.110  1909  1909 I ActivityThread: Pub media: com.android.providers.media.MediaProvider
06-08 13:49:25.137  1159  1159 D Finsky  : [1] DownloadQueueImpl.startDownload: Download self-update-download starting
06-08 13:49:25.297   152   552 I ActivityManager: START {flg=0x4000000 cmp=com.android.vending/com.google.android.finsky.activities.TosActivity (has extras)} from pid 1159
06-08 13:49:25.434    82   122 D AudioHardware: AudioHardware pcm playback is going to standby.
06-08 13:49:25.434    82   122 D AudioHardware: closePcmOut_l() mPcmOpenCnt: 1
06-08 13:49:25.528   152   552 D dalvikvm: GC_FOR_ALLOC freed 836K, 9% free 13129K/14343K, paused 193ms
06-08 13:49:25.563  1909  1909 I ActivityThread: Pub downloads: com.android.providers.downloads.DownloadProvider
06-08 13:49:25.598   152   492 I ActivityManager: Process com.google.android.apps.uploader (pid 1253) has died.
06-08 13:49:25.704  1909  1909 I ActivityThread: Pub drm: com.android.providers.drm.DrmProvider
06-08 13:49:25.754  1909  1924 I DownloadManager: in removeSpuriousFiles
06-08 13:49:25.860  1909  1911 D dalvikvm: GC_CONCURRENT freed 337K, 5% free 9153K/9607K, paused 52ms+14ms
06-08 13:49:26.106   152   201 I ActivityManager: Displayed com.android.vending/com.google.android.finsky.activities.TosActivity: +494ms
06-08 13:49:26.114  1159  1159 D Finsky  : [1] DownloadImpl.setState: self-update-download from QUEUED to DOWNLOADING.
06-08 13:49:26.125  1159  1159 D Finsky  : [1] DownloadQueueImpl.notifyProgress: self-update-download: onProgress 0/-1 Status: 190.
06-08 13:49:26.129  1159  1159 D Finsky  : [1] DownloadQueueImpl.onStart: self-update-download: onStart
06-08 13:49:26.192   152   152 I ActivityManager: Process com.android.browser (pid 1503) has died.
06-08 13:49:26.192   152   857 I WindowManager: WIN DEATH: Window{414ccef8 com.android.browser/com.android.browser.BrowserActivity paused=false}
06-08 13:49:26.278  1159  1159 D Finsky  : [1] DownloadQueueImpl.notifyProgress: self-update-download: onProgress 0/-1 Status: 192.
06-08 13:49:26.551   152   656 D dalvikvm: GC_EXPLICIT freed 357K, 9% free 13063K/14343K, paused 19ms+4ms
06-08 13:49:26.610  1909  1930 I DownloadManager: Initiating request for download 1
06-08 13:49:27.637  1909  1911 D dalvikvm: GC_CONCURRENT freed 340K, 5% free 9260K/9735K, paused 14ms+6ms
06-08 13:49:27.989   583   602 D dalvikvm: GC_FOR_ALLOC freed 424K, 14% free 9748K/11207K, paused 36ms
06-08 13:49:29.461   691   693 D dalvikvm: GC_CONCURRENT freed 397K, 13% free 10287K/11783K, paused 2ms+6ms
06-08 13:49:29.555   583   683 D dalvikvm: GC_EXPLICIT freed 259K, 14% free 9740K/11207K, paused 12ms+7ms
06-08 13:49:30.903   488   488 I RegisteredComponentCache: ComponentInfo: ResolveInfo{41343b30 com.android.apps.tag.TagViewer p=0 o=0 m=0x108000}, techs: android.nfc.tech.Ndef, 
06-08 13:49:30.997   152   168 D PackageManager: generateServicesMap(android.accounts.AccountAuthenticator): 3 services unchanged
06-08 13:49:31.192   152   375 I ActivityManager: Start proc com.android.gallery3d for broadcast com.android.gallery3d/.app.PackagesMonitor: pid=1937 uid=10016 gids={3003, 1015}
06-08 13:49:31.211   152   168 D PackageManager: generateServicesMap(android.content.SyncAdapter): 10 services unchanged
06-08 13:49:31.286  1339  1339 I Launcher: setLoadOnResume
06-08 13:49:31.344  1873  1886 W Launcher.Model: Nobody to tell about the new app.  Launcher is probably loading.
06-08 13:49:31.418  1937  1937 I ActivityThread: Pub com.android.gallery3d.provider: com.android.gallery3d.provider.GalleryProvider
06-08 13:49:32.004   472   472 D SAN_SERVICE: *******************************************
06-08 13:49:32.004   472   472 D SAN_SERVICE: DM App Phone Service State - 0
06-08 13:49:32.004   472   472 D SAN_SERVICE: *******************************************
06-08 13:49:32.215   472   472 D SAN_SERVICE: *******************************************
06-08 13:49:32.215   472   472 D SAN_SERVICE: DM App Phone Service State - 0
06-08 13:49:32.215   472   472 D SAN_SERVICE: *******************************************
06-08 13:49:32.289  1142  1144 D dalvikvm: GC_CONCURRENT freed 558K, 7% free 9296K/9927K, paused 13ms+3ms
06-08 13:49:32.336   472   475 D dalvikvm: GC_CONCURRENT freed 427K, 7% free 9505K/10119K, paused 7ms+2ms
06-08 13:49:32.450   152   491 I ActivityManager: Start proc com.android.voicedialer for broadcast com.android.voicedialer/.VoiceDialerReceiver: pid=1953 uid=10051 gids={3002}
06-08 13:49:32.516   152   857 I ActivityManager: Start proc com.google.android.googlequicksearchbox for broadcast com.google.android.googlequicksearchbox/.SourceUpdateReceiver: pid=1966 uid=10023 gids={3003}
06-08 13:49:32.586  1966  1966 I ActivityThread: Pub com.google.android.googlequicksearchbox.shortcuts: com.google.android.googlequicksearchbox.WebHistoryProvider
06-08 13:49:32.590  1966  1966 I ActivityThread: Pub com.google.android.googlequicksearchbox.google: com.google.android.googlequicksearchbox.google.GoogleSuggestionProvider
06-08 13:49:32.622   152   857 I ActivityManager: Start proc com.android.quicksearchbox for broadcast com.android.quicksearchbox/.CorporaUpdateReceiver: pid=1980 uid=10042 gids={3003}
06-08 13:49:32.680  1980  1980 I ActivityThread: Pub com.android.quicksearchbox.google: com.android.quicksearchbox.google.GoogleSuggestionProvider
06-08 13:49:32.707  1980  1980 I ActivityThread: Pub com.android.quicksearchbox.shortcuts: com.android.quicksearchbox.ShortcutsProvider
06-08 13:49:32.860  1339  1342 D dalvikvm: GC_CONCURRENT freed 3445K, 45% free 11050K/20039K, paused 2ms+8ms
06-08 13:49:32.914   583   584 D dalvikvm: GC_CONCURRENT freed 372K, 13% free 9754K/11207K, paused 3ms+5ms
06-08 13:49:32.950   472   472 D SAN_SERVICE: *******************************************
06-08 13:49:32.950   472   472 D SAN_SERVICE: DM App Phone Service State - 0
06-08 13:49:32.950   472   472 D SAN_SERVICE: *******************************************
06-08 13:49:33.368    82   122 D AudioHardware: AudioHardware pcm playback is exiting standby.
06-08 13:49:33.368    82   122 D AudioHardware: openPcmOut_l() mPcmOpenCnt: 0
06-08 13:49:33.793   860   862 D dalvikvm: GC_CONCURRENT freed 359K, 8% free 9630K/10439K, paused 1ms+10ms
06-08 13:49:34.008   860   860 D OpenGLRenderer: Flushing caches (mode 1)
06-08 13:49:34.106  1159  1159 D OpenGLRenderer: Flushing caches (mode 0)
06-08 13:49:34.125   152   168 I Process : Sending signal. PID: 1159 SIG: 3
06-08 13:49:34.125  1159  1162 I dalvikvm: threadid=3: reacting to signal 3
06-08 13:49:34.231  1159  1162 I dalvikvm: Wrote stack traces to '/data/anr/traces.txt'
06-08 13:49:34.247  1159  1159 D Finsky  : [1] SelfUpdateScheduler.checkForSelfUpdate: Skipping self-update check as there is an update already queued.
06-08 13:49:34.262  1159  1160 D dalvikvm: GC_CONCURRENT freed 525K, 6% free 11287K/11911K, paused 7ms+5ms
06-08 13:49:34.325  1159  1159 D Finsky  : [1] MainActivity.initializeBilling: Optimistically initializing billing parameters.
06-08 13:49:34.332  1159  1159 D Finsky  : [1] DownloadQueueImpl.notifyProgress: self-update-download: onProgress 4000309/4000309 Status: 200.
06-08 13:49:34.332  1159  1159 D Finsky  : [1] DownloadBroadcastReceiver.onReceive: Intent received at DownloadBroadcastReceiver
06-08 13:49:34.414   860   860 D OpenGLRenderer: Flushing caches (mode 1)
06-08 13:49:34.422  1159  1159 D Finsky  : [1] DownloadImpl.setState: self-update-download from DOWNLOADING to SUCCESS.
06-08 13:49:34.434  1159  1159 D Finsky  : [1] DownloadQueueImpl.onComplete: self-update-download: onComplete
06-08 13:49:34.434  1159  1159 D Finsky  : [1] DownloadQueueImpl.remove: Download self-update-download removed from DownloadQueue
06-08 13:49:34.434  1159  1159 D Finsky  : [1] SelfUpdateScheduler.onComplete: Self-update ready to be installed, waiting for market to close.
06-08 13:49:34.450    84    84 I installd: free_cache(0) avail 970866688
06-08 13:49:34.610   152   168 I Process : Sending signal. PID: 1159 SIG: 3
06-08 13:49:34.610  1159  1162 I dalvikvm: threadid=3: reacting to signal 3
06-08 13:49:34.649  1159  1162 I dalvikvm: Wrote stack traces to '/data/anr/traces.txt'
06-08 13:49:34.758  1159  1159 D dalvikvm: GC_FOR_ALLOC freed 1778K, 17% free 9990K/11911K, paused 23ms
06-08 13:49:34.817  1159  1160 D dalvikvm: GC_CONCURRENT freed 86K, 13% free 10365K/11911K, paused 2ms+5ms
06-08 13:49:34.860  1159  1182 D dalvikvm: GC_FOR_ALLOC freed 79K, 13% free 10386K/11911K, paused 19ms
06-08 13:49:34.899  1159  1159 D dalvikvm: GC_FOR_ALLOC freed <1K, 9% free 10895K/11911K, paused 19ms
06-08 13:49:34.977  1159  1160 D dalvikvm: GC_CONCURRENT freed 21K, 8% free 11040K/11911K, paused 1ms+3ms
06-08 13:49:35.102  1159  1183 D dalvikvm: GC_FOR_ALLOC freed 64K, 6% free 11276K/11911K, paused 24ms
06-08 13:49:35.102  1159  1183 I dalvikvm-heap: Grow heap (frag case) to 11.325MB for 256016-byte allocation
06-08 13:49:35.145  1159  1159 D dalvikvm: GC_FOR_ALLOC freed 5K, 6% free 11521K/12167K, paused 24ms
06-08 13:49:35.317  1159  1159 D dalvikvm: GC_FOR_ALLOC freed 223K, 5% free 11941K/12487K, paused 23ms
06-08 13:49:35.364  1159  1185 D dalvikvm: GC_FOR_ALLOC freed 75K, 5% free 12070K/12615K, paused 21ms
06-08 13:49:35.457  1159  1183 D dalvikvm: GC_FOR_ALLOC freed 155K, 5% free 12661K/13191K, paused 48ms
06-08 13:49:35.547  1159  1182 D dalvikvm: GC_FOR_ALLOC freed 271K, 5% free 13140K/13831K, paused 22ms
06-08 13:49:36.528    82   122 D AudioHardware: AudioHardware pcm playback is going to standby.
06-08 13:49:36.528    82   122 D AudioHardware: closePcmOut_l() mPcmOpenCnt: 1
06-08 13:49:36.793   583   584 D dalvikvm: GC_CONCURRENT freed 394K, 14% free 9746K/11207K, paused 30ms+2ms
06-08 13:49:39.043   691   693 D dalvikvm: GC_CONCURRENT freed 389K, 13% free 10285K/11783K, paused 25ms+3ms
06-08 13:49:39.079   583   584 D dalvikvm: GC_CONCURRENT freed 360K, 13% free 9788K/11207K, paused 2ms+3ms
06-08 13:49:41.446   583   584 D dalvikvm: GC_CONCURRENT freed 428K, 14% free 9747K/11207K, paused 59ms+2ms
06-08 13:49:44.012   583   584 D dalvikvm: GC_CONCURRENT freed 349K, 13% free 9797K/11207K, paused 2ms+3ms
06-08 13:49:44.512   860   860 D OpenGLRenderer: Flushing caches (mode 1)
06-08 13:49:44.653  1159  1159 D Finsky  : [1] 1.onResponse: Received and stored 133 billing countries.
06-08 13:49:44.938   691   693 D dalvikvm: GC_CONCURRENT freed 387K, 13% free 10291K/11783K, paused 22ms+5ms
06-08 13:49:45.590   583   584 D dalvikvm: GC_CONCURRENT freed 396K, 13% free 9793K/11207K, paused 2ms+2ms
06-08 13:49:45.821   152   857 D dalvikvm: GC_FOR_ALLOC freed 754K, 9% free 13107K/14343K, paused 97ms
06-08 13:49:46.172  1339  1342 D dalvikvm: GC_CONCURRENT freed 425K, 45% free 11189K/20039K, paused 2ms+5ms
06-08 13:49:46.207  1339  1354 D dalvikvm: GC_FOR_ALLOC freed 31K, 45% free 11157K/20039K, paused 33ms
06-08 13:49:46.211  1339  1354 I dalvikvm-heap: Grow heap (frag case) to 11.847MB for 925072-byte allocation
06-08 13:49:46.254  1339  1339 D dalvikvm: GC_FOR_ALLOC freed <1K, 40% free 12061K/20039K, paused 28ms
06-08 13:49:46.340   152   168 I Process : Sending signal. PID: 1339 SIG: 3
06-08 13:49:46.340  1339  1344 I dalvikvm: threadid=3: reacting to signal 3
06-08 13:49:46.414  1339  1366 D dalvikvm: GC_FOR_ALLOC freed 66K, 40% free 12173K/20039K, paused 21ms
06-08 13:49:46.422  1339  1344 I dalvikvm: Wrote stack traces to '/data/anr/traces.txt'
06-08 13:49:46.430  1339  1366 I dalvikvm-heap: Grow heap (frag case) to 13.183MB for 1286224-byte allocation
06-08 13:49:46.469  1339  1339 D dalvikvm: GC_FOR_ALLOC freed 1K, 33% free 13427K/20039K, paused 24ms
06-08 13:49:46.555  1339  1342 D dalvikvm: GC_CONCURRENT freed 2K, 33% free 13536K/20039K, paused 2ms+9ms
06-08 13:49:46.590  1159  1159 D OpenGLRenderer: Flushing caches (mode 0)
06-08 13:49:46.782  1339  1366 D dalvikvm: GC_FOR_ALLOC freed 2557K, 43% free 11601K/20039K, paused 34ms
06-08 13:49:46.782  1339  1366 I dalvikvm-heap: Grow heap (frag case) to 12.625MB for 1286224-byte allocation
06-08 13:49:46.829  1339  1339 D dalvikvm: GC_FOR_ALLOC freed 8K, 36% free 12849K/20039K, paused 30ms
06-08 13:49:46.954  1339  1342 D dalvikvm: GC_CONCURRENT freed 18K, 36% free 12855K/20039K, paused 6ms+9ms
06-08 13:49:47.129  1339  1342 D dalvikvm: GC_CONCURRENT freed 1900K, 40% free 12132K/20039K, paused 2ms+4ms
06-08 13:49:47.168  1159  1159 D OpenGLRenderer: Flushing caches (mode 1)
06-08 13:49:47.258  1339  1342 D dalvikvm: GC_CONCURRENT freed 859K, 39% free 12309K/20039K, paused 2ms+6ms
06-08 13:49:49.442    82   122 D AudioHardware: AudioHardware pcm playback is exiting standby.
06-08 13:49:49.442    82   122 D AudioHardware: openPcmOut_l() mPcmOpenCnt: 0
06-08 13:49:49.766   860   860 D OpenGLRenderer: Flushing caches (mode 1)
06-08 13:49:49.848   583   584 D dalvikvm: GC_CONCURRENT freed 424K, 13% free 9754K/11207K, paused 2ms+8ms
06-08 13:49:52.047   583   584 D dalvikvm: GC_CONCURRENT freed 371K, 13% free 9773K/11207K, paused 3ms+4ms
06-08 13:49:52.532    82   122 D AudioHardware: AudioHardware pcm playback is going to standby.
06-08 13:49:52.532    82   122 D AudioHardware: closePcmOut_l() mPcmOpenCnt: 1
06-08 13:49:53.270   691   693 D dalvikvm: GC_CONCURRENT freed 398K, 13% free 10293K/11783K, paused 49ms+12ms
06-08 13:49:53.457    82   122 D AudioHardware: AudioHardware pcm playback is exiting standby.
06-08 13:49:53.461    82   122 D AudioHardware: openPcmOut_l() mPcmOpenCnt: 0
06-08 13:49:53.559   152   858 I ActivityManager: START {act=android.intent.action.MAIN cat=[android.intent.category.LAUNCHER] flg=0x10200000 cmp=com.google.android.talk/.SigningInActivity} from pid 1339
06-08 13:49:53.625   152   858 D dalvikvm: GC_FOR_ALLOC freed 369K, 9% free 13054K/14343K, paused 44ms
06-08 13:49:53.793  1339  1339 D OpenGLRenderer: Flushing caches (mode 0)
06-08 13:49:53.930  1339  1339 D OpenGLRenderer: Flushing caches (mode 1)
06-08 13:49:53.930   152   491 W InputManagerService: Starting input on non-focused client com.android.internal.view.IInputMethodClient$Stub$Proxy@41489078 (uid=10027 pid=1339)
06-08 13:49:54.500  1159  2019 D Finsky  : [158] OnCompleteListenerNotifier.doInBackground: Signature check not required.
06-08 13:49:54.539   583   584 D dalvikvm: GC_CONCURRENT freed 406K, 13% free 9785K/11207K, paused 2ms+2ms
06-08 13:49:54.559   152   172 I ActivityManager: Start proc com.android.defcontainer for service com.android.defcontainer/.DefaultContainerService: pid=2020 uid=10010 gids={1015, 2001}
06-08 13:49:54.801   152   172 W ActivityManager: No content provider found for permission revoke: file:///data/data/com.android.providers.downloads/cache/downloadfile.apk
06-08 13:49:55.028   152   172 W ActivityManager: No content provider found for permission revoke: file:///data/data/com.android.providers.downloads/cache/downloadfile.apk
06-08 13:49:55.196   152   172 D dalvikvm: JIT code cache reset in 5 ms (1048560 bytes 1/0)
06-08 13:49:55.200   152   172 D dalvikvm: GC_FOR_ALLOC freed 455K, 7% free 13379K/14343K, paused 57ms
06-08 13:49:55.465   152   154 D dalvikvm: GC_CONCURRENT freed 538K, 5% free 13861K/14535K, paused 3ms+5ms
06-08 13:49:55.719   152   552 D dalvikvm: GC_EXPLICIT freed 289K, 4% free 14042K/14535K, paused 7ms+5ms
06-08 13:49:55.942   152   154 D dalvikvm: GC_CONCURRENT freed 1200K, 9% free 14058K/15367K, paused 3ms+4ms
06-08 13:49:56.086   152   154 D dalvikvm: GC_CONCURRENT freed 1195K, 9% free 14073K/15431K, paused 2ms+5ms
06-08 13:49:56.266   152   154 D dalvikvm: GC_CONCURRENT freed 1175K, 9% free 14100K/15431K, paused 3ms+5ms
06-08 13:49:56.434   152   154 D dalvikvm: GC_CONCURRENT freed 1221K, 9% free 14091K/15431K, paused 3ms+5ms
06-08 13:49:56.559    82   122 D AudioHardware: AudioHardware pcm playback is going to standby.
06-08 13:49:56.559    82   122 D AudioHardware: closePcmOut_l() mPcmOpenCnt: 1
06-08 13:49:56.813   152   154 D dalvikvm: GC_CONCURRENT freed 1222K, 9% free 14100K/15431K, paused 3ms+180ms
06-08 13:49:56.993   152   172 D dalvikvm: GC_EXPLICIT freed 630K, 9% free 14052K/15431K, paused 2ms+13ms
06-08 13:49:56.993  1159  1996 D Finsky  : [150] 1.packageInstalled: Package install status for "com.android.vending" is -104
06-08 13:49:56.993  1159  1996 W Finsky  : [150] 1.packageInstalled: Package name mismatsch: ours:  package manager's: com.android.vending
06-08 13:49:57.247   583   584 D dalvikvm: GC_CONCURRENT freed 383K, 13% free 9791K/11207K, paused 1ms+4ms
06-08 13:49:59.954   583   584 D dalvikvm: GC_CONCURRENT freed 401K, 13% free 9791K/11207K, paused 2ms+2ms
06-08 13:50:00.559   691   693 D dalvikvm: GC_CONCURRENT freed 390K, 13% free 10288K/11783K, paused 25ms+3ms
06-08 13:50:02.688   472   472 D SAN_SERVICE: *******************************************
06-08 13:50:02.688   472   472 D SAN_SERVICE: DM App Phone Service State - 0
06-08 13:50:02.688   472   472 D SAN_SERVICE: *******************************************
06-08 13:50:02.934   472   472 D SAN_SERVICE: *******************************************
06-08 13:50:02.934   472   472 D SAN_SERVICE: DM App Phone Service State - 0
06-08 13:50:02.934   472   472 D SAN_SERVICE: *******************************************
06-08 13:50:02.981   583   584 D dalvikvm: GC_CONCURRENT freed 426K, 14% free 9749K/11207K, paused 2ms+3ms
06-08 13:50:03.454   472   472 D SAN_SERVICE: *******************************************
06-08 13:50:03.454   472   472 D SAN_SERVICE: DM App Phone Service State - 0
06-08 13:50:03.454   472   472 D SAN_SERVICE: *******************************************
06-08 13:50:05.731   583   584 D dalvikvm: GC_CONCURRENT freed 377K, 13% free 9795K/11207K, paused 2ms+3ms
06-08 13:50:07.125   691  1759 D ContactsSyncAdapter: ResourceNotFoundException while downloading photo https://www.google.com/m8/feeds/photos/media/lokeshmandvekar%40gmail.com/2bcbcd5788c70ac5, treating it as an empty photo
06-08 13:50:07.247   152   656 W InputManagerService: Starting input on non-focused client com.android.internal.view.IInputMethodClient$Stub$Proxy@416c0130 (uid=10047 pid=1694)
06-08 13:50:07.372  1339  1342 D dalvikvm: GC_CONCURRENT freed 2215K, 45% free 11106K/20039K, paused 2ms+9ms
06-08 13:50:07.407  1339  1368 D dalvikvm: GC_FOR_ALLOC freed <1K, 45% free 11106K/20039K, paused 30ms
06-08 13:50:07.414  1339  1368 I dalvikvm-heap: Grow heap (frag case) to 11.797MB for 925072-byte allocation
06-08 13:50:07.457  1339  1339 D dalvikvm: GC_FOR_ALLOC freed 73K, 41% free 11936K/20039K, paused 34ms
06-08 13:50:07.543  1339  1364 D dalvikvm: GC_FOR_ALLOC freed 65K, 41% free 12002K/20039K, paused 38ms
06-08 13:50:07.555  1339  1364 I dalvikvm-heap: Grow heap (frag case) to 13.016MB for 1286224-byte allocation
06-08 13:50:07.586  1694  1694 D OpenGLRenderer: Flushing caches (mode 0)
06-08 13:50:07.680  1339  1354 D dalvikvm: GC_FOR_ALLOC freed 1K, 34% free 13257K/20039K, paused 65ms
06-08 13:50:07.793  1339  1342 D dalvikvm: GC_CONCURRENT freed 139K, 33% free 13568K/20039K, paused 2ms+8ms
06-08 13:50:07.965  1339  1342 D dalvikvm: GC_CONCURRENT freed 2171K, 36% free 12912K/20039K, paused 10ms+6ms
06-08 13:50:08.114   152   168 I ActivityManager: No longer want com.android.settings (pid 1795): hidden #16
06-08 13:50:08.164  1694  1694 D OpenGLRenderer: Flushing caches (mode 1)
06-08 13:50:08.309  1339  1342 D dalvikvm: GC_CONCURRENT freed 2151K, 41% free 12004K/20039K, paused 2ms+4ms
06-08 13:50:08.438  1339  1354 D dalvikvm: GC_FOR_ALLOC freed 720K, 41% free 11997K/20039K, paused 26ms
06-08 13:50:08.516   691   693 D dalvikvm: GC_CONCURRENT freed 393K, 13% free 10289K/11783K, paused 56ms+3ms
06-08 13:50:08.942   583   584 D dalvikvm: GC_CONCURRENT freed 393K, 13% free 9795K/11207K, paused 2ms+7ms
06-08 13:50:10.571    82   122 D AudioHardware: AudioHardware pcm playback is exiting standby.
06-08 13:50:10.571    82   122 D AudioHardware: openPcmOut_l() mPcmOpenCnt: 0
06-08 13:50:10.668   583   584 D dalvikvm: GC_CONCURRENT freed 396K, 13% free 9796K/11207K, paused 5ms+3ms
06-08 13:50:10.789  1834  1847 I PhoneLab-: Service Running
06-08 13:50:10.930  1834  1847 I PhoneLab-LoggerService: app_38    1290  1     1788   1412  c00f181c 400107b4 S logcat
06-08 13:50:10.930  1834  1847 I PhoneLab-LoggerService: Logcat pid from database 1290
06-08 13:50:10.934  1834  1847 I PhoneLab-LoggerService: Logcat process found 1290
06-08 13:50:10.934  1834  1847 I PhoneLab-LoggerService: Checking Threshold
06-08 13:50:10.938  1834  1847 I PhoneLab-LoggerService: Starting to rename files
06-08 13:50:10.938  1834  1847 I PhoneLab-LoggerService: Files found .. 3
06-08 13:50:12.086   860   860 D OpenGLRenderer: Flushing caches (mode 1)
06-08 13:50:12.551   583   584 D dalvikvm: GC_CONCURRENT freed 426K, 13% free 9755K/11207K, paused 3ms+18ms
06-08 13:50:13.301   691   693 D dalvikvm: GC_CONCURRENT freed 395K, 13% free 10307K/11783K, paused 25ms+2ms
06-08 13:50:13.661    82   122 D AudioHardware: AudioHardware pcm playback is going to standby.
06-08 13:50:13.661    82   122 D AudioHardware: closePcmOut_l() mPcmOpenCnt: 1
06-08 13:50:14.852   583   584 D dalvikvm: GC_CONCURRENT freed 381K, 13% free 9786K/11207K, paused 2ms+3ms
06-08 13:50:16.903   583   584 D dalvikvm: GC_CONCURRENT freed 423K, 13% free 9786K/11207K, paused 1ms+2ms
06-08 13:50:19.707   691   693 D dalvikvm: GC_CONCURRENT freed 411K, 13% free 10291K/11783K, paused 21ms+2ms
06-08 13:50:19.754   583   584 D dalvikvm: GC_CONCURRENT freed 417K, 13% free 9757K/11207K, paused 2ms+2ms
06-08 13:50:22.149   691  1759 D ContactsSyncAdapter: ResourceNotFoundException while downloading photo https://www.google.com/m8/feeds/photos/media/lokeshmandvekar%40gmail.com/8a, treating it as an empty photo
06-08 13:50:23.168   472   472 D SAN_SERVICE: *******************************************
06-08 13:50:23.168   472   472 D SAN_SERVICE: DM App Phone Service State - 0
06-08 13:50:23.168   472   472 D SAN_SERVICE: *******************************************
06-08 13:50:23.196   583   584 D dalvikvm: GC_CONCURRENT freed 389K, 13% free 9754K/11207K, paused 19ms+2ms
06-08 13:50:23.653   472   472 D SAN_SERVICE: *******************************************
06-08 13:50:23.653   472   472 D SAN_SERVICE: DM App Phone Service State - 0
06-08 13:50:23.653   472   472 D SAN_SERVICE: *******************************************
06-08 13:50:25.192   583   584 D dalvikvm: GC_CONCURRENT freed 349K, 13% free 9798K/11207K, paused 1ms+3ms
06-08 13:50:26.266   691   693 D dalvikvm: GC_CONCURRENT freed 390K, 13% free 10286K/11783K, paused 3ms+2ms
06-08 13:50:27.399   583   584 D dalvikvm: GC_CONCURRENT freed 431K, 13% free 9752K/11207K, paused 2ms+3ms
06-08 13:50:27.750    82   122 D AudioHardware: AudioHardware pcm playback is exiting standby.
06-08 13:50:27.750    82   122 D AudioHardware: openPcmOut_l() mPcmOpenCnt: 0
06-08 13:50:29.524   583   584 D dalvikvm: GC_CONCURRENT freed 385K, 13% free 9796K/11207K, paused 1ms+2ms
06-08 13:50:30.594   691  1759 D ContactsSyncAdapter: ResourceNotFoundException while downloading photo https://www.google.com/m8/feeds/photos/media/lokeshmandvekar%40gmail.com/98, treating it as an empty photo
06-08 13:50:30.840    82   122 D AudioHardware: AudioHardware pcm playback is going to standby.
06-08 13:50:30.844    82   122 D AudioHardware: closePcmOut_l() mPcmOpenCnt: 1
06-08 13:50:31.047   691   693 D dalvikvm: GC_CONCURRENT freed 392K, 13% free 10290K/11783K, paused 22ms+3ms
06-08 13:50:31.403   691  1759 D ContactsSyncAdapter: ResourceNotFoundException while downloading photo https://www.google.com/m8/feeds/photos/media/lokeshmandvekar%40gmail.com/59, treating it as an empty photo
06-08 13:50:32.094   583   584 D dalvikvm: GC_CONCURRENT freed 424K, 13% free 9798K/11207K, paused 3ms+3ms
06-08 13:50:33.368   472   472 D SAN_SERVICE: *******************************************
06-08 13:50:33.368   472   472 D SAN_SERVICE: DM App Phone Service State - 0
06-08 13:50:33.368   472   472 D SAN_SERVICE: *******************************************
06-08 13:50:34.754   152   163 D dalvikvm: GC_EXPLICIT freed 1462K, 16% free 13083K/15431K, paused 3ms+10ms
06-08 13:50:35.094  1339  1342 D dalvikvm: GC_CONCURRENT freed 977K, 41% free 11989K/20039K, paused 3ms+5ms
06-08 13:50:35.184  1443  1445 D dalvikvm: GC_CONCURRENT freed 314K, 5% free 9546K/9991K, paused 2ms+3ms
06-08 13:50:35.204    82   122 D AudioHardware: AudioHardware pcm playback is exiting standby.
06-08 13:50:35.204    82   122 D AudioHardware: openPcmOut_l() mPcmOpenCnt: 0
06-08 13:50:35.786   860   860 D OpenGLRenderer: Flushing caches (mode 1)
06-08 13:50:36.305  1443  1445 D dalvikvm: GC_CONCURRENT freed 374K, 6% free 9612K/10119K, paused 3ms+6ms
06-08 13:50:37.946  1443  2054 D dalvikvm: GC_EXPLICIT freed 66K, 6% free 9603K/10119K, paused 3ms+4ms
06-08 13:50:37.954  1443  2054 I Gmail   : getStartSyncRequest: handledServerOpId: 0, upperFetchedConvoId: 0, lowerFetchedConvoId: 0, ackedClientOp: 0
06-08 13:50:37.973   860   860 D OpenGLRenderer: Flushing caches (mode 1)
06-08 13:50:38.293    82   122 D AudioHardware: AudioHardware pcm playback is going to standby.
06-08 13:50:38.293    82   122 D AudioHardware: closePcmOut_l() mPcmOpenCnt: 1
06-08 13:50:39.102  1443  1445 D dalvikvm: GC_CONCURRENT freed 394K, 6% free 9655K/10183K, paused 2ms+6ms
06-08 13:50:39.336  1443  1445 D dalvikvm: GC_CONCURRENT freed 401K, 6% free 9662K/10183K, paused 2ms+3ms
06-08 13:50:39.473  1443  1445 D dalvikvm: GC_CONCURRENT freed 396K, 6% free 9656K/10183K, paused 2ms+2ms
06-08 13:50:39.594    82   122 D AudioHardware: AudioHardware pcm playback is exiting standby.
06-08 13:50:39.594    82   122 D AudioHardware: openPcmOut_l() mPcmOpenCnt: 0
06-08 13:50:39.625  1443  1445 D dalvikvm: GC_CONCURRENT freed 394K, 6% free 9662K/10183K, paused 2ms+6ms
06-08 13:50:39.692   152   152 I ActivityManager: START {act=android.intent.action.MAIN cat=[android.intent.category.LAUNCHER] flg=0x10200000 cmp=com.google.android.talk/.SigningInActivity} from pid 1339
06-08 13:50:39.809   152   492 I ActivityManager: START {flg=0x20000000 cmp=com.google.android.talk/.AccountSelectionActivity} from pid 1694
06-08 13:50:39.887  1339  1339 D OpenGLRenderer: Flushing caches (mode 1)
06-08 13:50:40.012   152   201 I ActivityManager: Displayed com.google.android.talk/.AccountSelectionActivity: +185ms (total +281ms)
06-08 13:50:40.063  1339  1339 D OpenGLRenderer: Flushing caches (mode 0)
06-08 13:50:40.079  1694  1694 D dalvikvm: GC_EXPLICIT freed 204K, 4% free 9644K/9991K, paused 3ms+7ms
06-08 13:50:40.211   152   492 W InputManagerService: Starting input on non-focused client com.android.internal.view.IInputMethodClient$Stub$Proxy@41489078 (uid=10027 pid=1339)
06-08 13:50:40.325  1443  1445 D dalvikvm: GC_CONCURRENT freed 397K, 6% free 9653K/10183K, paused 4ms+5ms
06-08 13:50:40.497  1443  1445 D dalvikvm: GC_CONCURRENT freed 385K, 5% free 9677K/10183K, paused 2ms+2ms
06-08 13:50:40.645  1443  1445 D dalvikvm: GC_CONCURRENT freed 404K, 6% free 9714K/10247K, paused 1ms+3ms
06-08 13:50:40.782  1443  1445 D dalvikvm: GC_CONCURRENT freed 407K, 6% free 9707K/10247K, paused 2ms+2ms
06-08 13:50:40.930  1443  1445 D dalvikvm: GC_CONCURRENT freed 411K, 6% free 9709K/10247K, paused 2ms+2ms
06-08 13:50:41.082  1443  1445 D dalvikvm: GC_CONCURRENT freed 426K, 6% free 9705K/10247K, paused 3ms+2ms
06-08 13:50:41.274  1443  1445 D dalvikvm: GC_CONCURRENT freed 435K, 6% free 9689K/10247K, paused 5ms+3ms
06-08 13:50:41.434  1443  1445 D dalvikvm: GC_CONCURRENT freed 442K, 6% free 9670K/10247K, paused 2ms+3ms
06-08 13:50:41.575  1443  1445 D dalvikvm: GC_CONCURRENT freed 400K, 6% free 9718K/10247K, paused 1ms+3ms
06-08 13:50:41.723  1443  1445 D dalvikvm: GC_CONCURRENT freed 396K, 6% free 9723K/10247K, paused 2ms+2ms
06-08 13:50:41.864  1443  1445 D dalvikvm: GC_CONCURRENT freed 402K, 6% free 9713K/10247K, paused 1ms+2ms
06-08 13:50:42.004  1443  1445 D dalvikvm: GC_CONCURRENT freed 401K, 6% free 9716K/10247K, paused 2ms+3ms
06-08 13:50:42.145  1443  1445 D dalvikvm: GC_CONCURRENT freed 416K, 6% free 9709K/10247K, paused 1ms+2ms
06-08 13:50:42.266  1443  1445 D dalvikvm: GC_CONCURRENT freed 383K, 5% free 9738K/10247K, paused 2ms+3ms
06-08 13:50:42.528  1443  2054 I Gmail   : checkLabelsSets changed the label sets to: included([^^out, ^r]), partial([^i, ^f, ^iim]), all([userlabel:109452125, userlabel:67846398, userlabel:99247, userlabel:2914456, ^io_im, userlabel:-1023648527, userlabel:94665565, userlabel:3016252, userlabel:355268719, userlabel:-846218332, userlabel:-1737370588, userlabel:890372966, userlabel:1236617178, userlabel:-1052587136, userlabel:1181441256, userlabel:94101, userlabel:3496529, userlabel:93982, userlabel:-285192955, userlabel:-460149595, userlabel:619687375, userlabel:-704226382, userlabel:-1721721293, userlabel:-1492276990, userlabel:-1492276991, userlabel:-1492276992, userlabel:834726316, userlabel:-344460952, userlabel:94921123, userlabel:-2118721434, ^imi, ^iim, ^all, userlabel:2896756, ^imn, userlabel:1975790251, userlabel:221780627, userlabel:-290142098, userlabel:-1492276993, userlabel:1035041636, userlabel:-1492276994, userlabel:-1728090377, userlabel:937884038, userlabel:-285397091, userlabel:162242338, userlabel:-991792066, userlabel:104263205, ^i, ^g, userlabel:54841500, ^f, userlabel:-482134229, userlabel:-1508083783, ^k, userlabel:93692, userlabel:1161529682, ^b, userlabel:571096506, userlabel:742976979, userlabel:3026, userlabel:1305330690, userlabel:104257585, userlabel:3025, ^t, ^u, userlabel:3594632, userlabel:843908213, userlabel:-1023621503, ^r, userlabel:-1492383895, userlabel:-1884274053, ^s])
06-08 13:50:42.567  1443  2054 I Gmail   : calculateUnknownSyncRationalesAndPurgeInBackground: queueing
06-08 13:50:42.567  1443  1719 I Gmail   : calculateUnknownSyncRationalesAndPurgeInBackground: running
06-08 13:50:42.688    82   122 D AudioHardware: AudioHardware pcm playback is going to standby.
06-08 13:50:42.688    82   122 D AudioHardware: closePcmOut_l() mPcmOpenCnt: 1
06-08 13:50:42.813  1443  2054 D dalvikvm: GC_EXPLICIT freed 407K, 5% free 9757K/10247K, paused 5ms+4ms
06-08 13:50:42.899   152   206 I ActivityManager: START {act=android.intent.action.MAIN cat=[android.intent.category.HOME] flg=0x10200000 cmp=com.android.launcher/com.android.launcher2.Launcher} from pid 152
06-08 13:50:43.047   152   154 D dalvikvm: GC_CONCURRENT freed 933K, 16% free 13094K/15431K, paused 5ms+12ms
06-08 13:50:43.168  1694  1694 D OpenGLRenderer: Flushing caches (mode 1)
06-08 13:50:43.180   152   163 W InputManagerService: Starting input on non-focused client com.android.internal.view.IInputMethodClient$Stub$Proxy@416c0130 (uid=10047 pid=1694)
06-08 13:50:43.184  1694  1694 D OpenGLRenderer: Flushing caches (mode 0)
06-08 13:50:43.184  1443  2054 I Gmail   : MainSyncRequestProto: lowestBkwdConvoId: 1404229741188218881, highestHandledServerOp: 3224031, normalSync: true
06-08 13:50:43.274   860   860 D OpenGLRenderer: Flushing caches (mode 1)
06-08 13:50:45.375    82   122 D AudioHardware: AudioHardware pcm playback is exiting standby.
06-08 13:50:45.375    82   122 D AudioHardware: openPcmOut_l() mPcmOpenCnt: 0
06-08 13:50:45.571  1339  1342 D dalvikvm: GC_CONCURRENT freed 1596K, 44% free 11365K/20039K, paused 2ms+6ms
06-08 13:50:45.614  1339  1366 D dalvikvm: GC_FOR_ALLOC freed 327K, 45% free 11060K/20039K, paused 23ms
06-08 13:50:45.614  1339  1366 I dalvikvm-heap: Grow heap (frag case) to 11.752MB for 925072-byte allocation
06-08 13:50:45.653  1339  1339 D dalvikvm: GC_FOR_ALLOC freed 15K, 41% free 11949K/20039K, paused 22ms
06-08 13:50:45.782  1339  1365 D dalvikvm: GC_FOR_ALLOC freed 65K, 41% free 12017K/20039K, paused 23ms
06-08 13:50:45.786  1339  1365 I dalvikvm-heap: Grow heap (frag case) to 13.031MB for 1286224-byte allocation
06-08 13:50:45.829  1339  1339 D dalvikvm: GC_FOR_ALLOC freed 1K, 34% free 13271K/20039K, paused 26ms
06-08 13:50:45.911  1339  1342 D dalvikvm: GC_CONCURRENT freed 138K, 34% free 13421K/20039K, paused 3ms+4ms
06-08 13:50:46.051  1339  1365 D dalvikvm: GC_FOR_ALLOC freed 2169K, 42% free 11664K/20039K, paused 27ms
06-08 13:50:46.055  1339  1365 I dalvikvm-heap: Grow heap (frag case) to 12.686MB for 1286224-byte allocation
06-08 13:50:46.098  1339  1366 D dalvikvm: GC_FOR_ALLOC freed 1K, 36% free 12919K/20039K, paused 28ms
06-08 13:50:46.200  1339  1342 D dalvikvm: GC_CONCURRENT freed 4K, 36% free 12975K/20039K, paused 2ms+8ms
06-08 13:50:46.360  1339  1368 D dalvikvm: GC_FOR_ALLOC freed 2473K, 42% free 11682K/20039K, paused 28ms
06-08 13:50:46.481  1339  1368 D dalvikvm: GC_FOR_ALLOC freed 394K, 41% free 12003K/20039K, paused 25ms
06-08 13:50:48.313   152   164 I ActivityManager: START {act=android.intent.action.MAIN cat=[android.intent.category.LAUNCHER] flg=0x10200000 cmp=com.android.vending/.AssetBrowserActivity} from pid 1339
06-08 13:50:48.477  1339  1339 D OpenGLRenderer: Flushing caches (mode 1)
06-08 13:50:48.582  1159  1159 D Finsky  : [1] SelfUpdateScheduler.checkForSelfUpdate: Skipping self-update check as there is an update already queued.
06-08 13:50:48.602  1339  1339 D OpenGLRenderer: Flushing caches (mode 0)
06-08 13:50:48.747   152   857 W InputManagerService: Starting input on non-focused client com.android.internal.view.IInputMethodClient$Stub$Proxy@41489078 (uid=10027 pid=1339)
06-08 13:50:48.750   152   201 I ActivityManager: Displayed com.android.vending/.AssetBrowserActivity: +391ms
06-08 13:50:48.883  1159  1160 D dalvikvm: GC_CONCURRENT freed 639K, 5% free 13854K/14535K, paused 9ms+10ms
06-08 13:50:49.086  1159  1159 D dalvikvm: GC_FOR_ALLOC freed 3328K, 25% free 11795K/15559K, paused 29ms
06-08 13:50:49.192  1159  1160 D dalvikvm: GC_CONCURRENT freed 104K, 19% free 12614K/15559K, paused 2ms+7ms
06-08 13:50:49.270  1159  1181 D dalvikvm: GC_FOR_ALLOC freed 181K, 16% free 13154K/15559K, paused 23ms
06-08 13:50:49.829  1443  1445 D dalvikvm: GC_CONCURRENT freed 433K, 6% free 9743K/10311K, paused 2ms+4ms
06-08 13:50:50.344  1443  2054 D dalvikvm: GC_EXPLICIT freed 152K, 6% free 9708K/10311K, paused 2ms+3ms
06-08 13:50:50.352  1443  2054 I Gmail   : MainSyncRequestProto: lowestBkwdConvoId: 0, highestHandledServerOp: 3224032, normalSync: true
06-08 13:50:50.414   860   860 D OpenGLRenderer: Flushing caches (mode 1)
06-08 13:50:52.000   390   390 D dalvikvm: GC_FOR_ALLOC freed 3907K, 30% free 9739K/13895K, paused 35ms
06-08 13:50:52.872   488   488 I RegisteredComponentCache: ComponentInfo: ResolveInfo{41320690 com.android.apps.tag.TagViewer p=0 o=0 m=0x108000}, techs: android.nfc.tech.Ndef, 
06-08 13:50:52.887   152   168 D PackageManager: generateServicesMap(android.accounts.AccountAuthenticator): 3 services unchanged
06-08 13:50:52.997  1937  1939 D dalvikvm: GC_CONCURRENT freed 362K, 5% free 9173K/9607K, paused 15ms+5ms
06-08 13:50:53.075   152   168 D PackageManager: generateServicesMap(android.content.SyncAdapter): 10 services unchanged
06-08 13:50:53.231  1873  1886 W Launcher.Model: Nobody to tell about the new app.  Launcher is probably loading.
06-08 13:50:53.231  1339  1339 I Launcher: setLoadOnResume
06-08 13:50:54.094  1339  1342 D dalvikvm: GC_CONCURRENT freed 1924K, 46% free 11008K/20039K, paused 6ms+6ms
06-08 13:50:54.247    82   122 D AudioHardware: AudioHardware pcm playback is going to standby.
06-08 13:50:54.247    82   122 D AudioHardware: closePcmOut_l() mPcmOpenCnt: 1
06-08 13:50:55.957   152   164 I ActivityManager: START {act=android.intent.action.SEARCH flg=0x10000000 cmp=com.android.vending/.AssetBrowserActivity (has extras)} from pid 1159
06-08 13:50:56.000    82   122 D AudioHardware: AudioHardware pcm playback is exiting standby.
06-08 13:50:56.000    82   122 D AudioHardware: openPcmOut_l() mPcmOpenCnt: 0
06-08 13:50:56.215   390   392 D dalvikvm: GC_CONCURRENT freed 385K, 30% free 9853K/13895K, paused 3ms+30ms
06-08 13:50:56.250   860   860 D OpenGLRenderer: Flushing caches (mode 1)
06-08 13:50:56.254  1159  1178 E Volley  : [130] NetworkDispatcher.run: Unhandled exception java.lang.NullPointerException
06-08 13:50:56.329  1159  1160 D dalvikvm: GC_CONCURRENT freed 551K, 11% free 13882K/15559K, paused 3ms+6ms
06-08 13:50:56.348  1159  1159 D Finsky  : [1] ErrorStrings.get: No specific error message for: com.android.volley.VolleyError: java.lang.NullPointerException
06-08 13:50:56.364  1159  1166 I dalvikvm: Jit: resizing JitTable from 4096 to 8192
06-08 13:50:57.938   860   860 D OpenGLRenderer: Flushing caches (mode 1)
06-08 13:50:58.161   583   584 D dalvikvm: GC_CONCURRENT freed 410K, 13% free 9772K/11207K, paused 5ms+4ms
06-08 13:50:58.692   152   154 D dalvikvm: GC_CONCURRENT freed 836K, 15% free 13151K/15431K, paused 20ms+7ms
06-08 13:51:00.047   860   860 D OpenGLRenderer: Flushing caches (mode 1)
06-08 13:51:00.188  1159  1160 D dalvikvm: GC_CONCURRENT freed 921K, 7% free 14622K/15623K, paused 2ms+4ms
06-08 13:51:00.477  1159  1159 D Finsky  : [1] DetailsDataBasedFragment.rebindViews: Page [class=DetailsFragment] loaded in [527 ms] (partial? false)
06-08 13:51:00.715   860   860 D OpenGLRenderer: Flushing caches (mode 1)
06-08 13:51:00.852  1159  1159 D Finsky  : [1] DetailsDataBasedFragment.rebindViews: Page [class=DetailsFragment] loaded in [878 ms] (partial? true)
06-08 13:51:00.860   860   860 D OpenGLRenderer: Flushing caches (mode 1)
06-08 13:51:01.039  1159  1182 D dalvikvm: GC_FOR_ALLOC freed 1008K, 7% free 15334K/16455K, paused 60ms
06-08 13:51:01.934  1443  1445 D dalvikvm: GC_CONCURRENT freed 309K, 6% free 9783K/10311K, paused 2ms+3ms
06-08 13:51:02.024  1443  2054 D dalvikvm: GC_FOR_ALLOC freed 199K, 6% free 9754K/10375K, paused 19ms
06-08 13:51:02.051  1443  2054 D dalvikvm: GC_FOR_ALLOC freed 56K, 6% free 9778K/10375K, paused 18ms
06-08 13:51:02.079  1443  2054 D dalvikvm: GC_FOR_ALLOC freed 110K, 7% free 9733K/10375K, paused 18ms
06-08 13:51:02.102  1443  2054 D dalvikvm: GC_FOR_ALLOC freed 5K, 6% free 9781K/10375K, paused 19ms
06-08 13:51:02.102  1443  2054 I dalvikvm-heap: Grow heap (frag case) to 9.715MB for 97772-byte allocation
06-08 13:51:02.129  1443  2054 D dalvikvm: GC_FOR_ALLOC freed 0K, 6% free 9877K/10503K, paused 17ms
06-08 13:51:02.360  1443  1445 D dalvikvm: GC_CONCURRENT freed 494K, 7% free 9770K/10503K, paused 2ms+3ms
06-08 13:51:02.719  1443  1445 D dalvikvm: GC_CONCURRENT freed 367K, 7% free 9790K/10503K, paused 4ms+6ms
06-08 13:51:02.973   152   375 I ActivityManager: START {flg=0x20010000 cmp=com.android.vending/com.google.android.finsky.activities.PurchaseDialog (has extras)} from pid 1159
06-08 13:51:03.137  1159  1160 D dalvikvm: GC_CONCURRENT freed 1246K, 8% free 16161K/17479K, paused 12ms+8ms
06-08 13:51:03.207  1159  1159 D Finsky  : [1] SelfUpdateScheduler.checkForSelfUpdate: Skipping self-update check as there is an update already queued.
06-08 13:51:03.278   152   201 I ActivityManager: Displayed com.android.vending/com.google.android.finsky.activities.PurchaseDialog: +274ms
06-08 13:51:03.352  1159  1159 D OpenGLRenderer: Flushing caches (mode 0)
06-08 13:51:03.485  1443  1445 D dalvikvm: GC_CONCURRENT freed 384K, 7% free 9793K/10503K, paused 5ms+9ms
06-08 13:51:04.016  1443  1445 D dalvikvm: GC_CONCURRENT freed 379K, 7% free 9802K/10503K, paused 4ms+8ms
06-08 13:51:04.317  1443  1445 D dalvikvm: GC_CONCURRENT freed 404K, 7% free 9784K/10503K, paused 5ms+6ms
06-08 13:51:04.610  1159  1159 D Finsky  : [1] InstallerImpl.requestInstall: Request install of com.spotify.mobile.android.ui v=41200180
06-08 13:51:04.614  1159  1159 D Finsky  : [1] InstallerImpl.kick: Installer kick com.spotify.mobile.android.ui - starting com.spotify.mobile.android.ui
06-08 13:51:04.676   860   860 D OpenGLRenderer: Flushing caches (mode 1)
06-08 13:51:04.879  1159  1159 D Finsky  : [1] DetailsDataBasedFragment.rebindViews: Page [class=DetailsFragment] loaded in [4927 ms] (partial? false)
06-08 13:51:05.172   152   168 I Process : Sending signal. PID: 1159 SIG: 3
06-08 13:51:05.172  1159  1162 I dalvikvm: threadid=3: reacting to signal 3
06-08 13:51:05.172  1443  1445 D dalvikvm: GC_CONCURRENT freed 387K, 7% free 9786K/10503K, paused 30ms+132ms
06-08 13:51:05.215  1159  1162 I dalvikvm: Wrote stack traces to '/data/anr/traces.txt'
06-08 13:51:05.231  1159  1159 D Finsky  : [1] DetailsDataBasedFragment.rebindViews: Page [class=DetailsFragment] loaded in [5275 ms] (partial? true)
06-08 13:51:05.239  1159  1159 D Finsky  : [1] DownloadImpl.setState: com.spotify.mobile.android.ui from null to UNQUEUED.
06-08 13:51:05.239  1159  1159 D Finsky  : [1] DownloadQueueImpl.add: Download com.spotify.mobile.android.ui added to DownloadQueue
06-08 13:51:05.243  1159  1159 D Finsky  : [1] DownloadImpl.setState: com.spotify.mobile.android.ui from UNQUEUED to QUEUED.
06-08 13:51:05.270    84    84 I installd: free_cache(2371325) avail 965361664
06-08 13:51:05.426  1159  1160 D dalvikvm: GC_CONCURRENT freed 1508K, 9% free 16680K/18311K, paused 2ms+11ms
06-08 13:51:05.571  1159  1159 D Finsky  : [1] DownloadQueueImpl.startDownload: Download com.spotify.mobile.android.ui starting
06-08 13:51:05.672   152   168 I Process : Sending signal. PID: 1159 SIG: 3
06-08 13:51:05.672  1159  1162 I dalvikvm: threadid=3: reacting to signal 3
06-08 13:51:05.707  1159  1162 I dalvikvm: Wrote stack traces to '/data/anr/traces.txt'
06-08 13:51:05.864  1159  1159 D Finsky  : [1] DownloadImpl.setState: com.spotify.mobile.android.ui from QUEUED to DOWNLOADING.
06-08 13:51:05.864  1159  1159 D Finsky  : [1] DownloadQueueImpl.notifyProgress: com.spotify.mobile.android.ui: onProgress 0/-1 Status: 190.
06-08 13:51:05.914  1159  1159 D Finsky  : [1] DownloadQueueImpl.onStart: com.spotify.mobile.android.ui: onStart
06-08 13:51:05.950  1159  1159 D OpenGLRenderer: Flushing caches (mode 0)
06-08 13:51:06.036  1159  1159 D Finsky  : [1] DownloadQueueImpl.notifyProgress: com.spotify.mobile.android.ui: onProgress 0/-1 Status: 192.
06-08 13:51:06.079  1909  2086 I DownloadManager: Initiating request for download 2
06-08 13:51:06.270   390   392 D dalvikvm: GC_CONCURRENT freed 434K, 29% free 9916K/13895K, paused 3ms+10ms
06-08 13:51:06.387   390   392 D dalvikvm: GC_CONCURRENT freed 587K, 30% free 9831K/13895K, paused 3ms+5ms
06-08 13:51:06.500  1909  1911 D dalvikvm: GC_CONCURRENT freed 353K, 5% free 9320K/9799K, paused 2ms+4ms
06-08 13:51:06.926  1443  1445 D dalvikvm: GC_CONCURRENT freed 366K, 7% free 9808K/10503K, paused 3ms+9ms
06-08 13:51:06.981  1909  2086 I DownloadManager: Initiating request for download 2
06-08 13:51:07.500  1443  2054 D dalvikvm: GC_FOR_ALLOC freed 291K, 6% free 9896K/10503K, paused 21ms
06-08 13:51:07.524  1443  2054 D dalvikvm: GC_FOR_ALLOC freed 67K, 6% free 9918K/10503K, paused 22ms
06-08 13:51:07.661    82   122 D AudioHardware: AudioHardware pcm playback is going to standby.
06-08 13:51:07.661    82   122 D AudioHardware: closePcmOut_l() mPcmOpenCnt: 1
06-08 13:51:07.676  1443  2054 D dalvikvm: GC_FOR_ALLOC freed 101K, 6% free 9890K/10503K, paused 29ms
06-08 13:51:07.739  1443  2054 D dalvikvm: GC_FOR_ALLOC freed 223K, 8% free 9739K/10503K, paused 29ms
06-08 13:51:08.028  1443  2054 D dalvikvm: GC_FOR_ALLOC freed 56K, 6% free 9875K/10503K, paused 131ms
06-08 13:51:08.028  1443  2054 I dalvikvm-heap: Grow heap (frag case) to 9.803MB for 93764-byte allocation
06-08 13:51:08.055  1443  2054 D dalvikvm: GC_FOR_ALLOC freed 45K, 7% free 9921K/10631K, paused 24ms
06-08 13:51:08.118  1909  2086 I qtaguid : Failed write_ctrl(u 58) res=-1 errno=22
06-08 13:51:08.122  1909  2086 I qtaguid : Untagging socket 58 failed errno=-22
06-08 13:51:08.122  1909  2086 W NetworkManagementSocketTagger: untagSocket(58) failed with errno -22
06-08 13:51:08.247  1443  2054 D dalvikvm: GC_FOR_ALLOC freed 332K, 8% free 9791K/10631K, paused 41ms
06-08 13:51:08.301  1443  2054 D dalvikvm: GC_FOR_ALLOC freed 213K, 7% free 9901K/10631K, paused 19ms
06-08 13:51:08.344  1443  2054 D dalvikvm: GC_FOR_ALLOC freed 239K, 8% free 9799K/10631K, paused 20ms
06-08 13:51:08.383  1443  2054 D dalvikvm: GC_FOR_ALLOC freed 180K, 7% free 9911K/10631K, paused 19ms
06-08 13:51:08.426  1443  2054 D dalvikvm: GC_FOR_ALLOC freed 184K, 7% free 9928K/10631K, paused 23ms
06-08 13:51:08.485  1159  1159 D Finsky  : [1] DownloadQueueImpl.notifyProgress: com.spotify.mobile.android.ui: onProgress 2371325/2371325 Status: 200.
06-08 13:51:08.500  1443  2054 D dalvikvm: GC_FOR_ALLOC freed 269K, 8% free 9796K/10631K, paused 22ms
06-08 13:51:08.512  1159  1159 D Finsky  : [1] DownloadBroadcastReceiver.onReceive: Intent received at DownloadBroadcastReceiver
06-08 13:51:08.532  1159  1159 D Finsky  : [1] DownloadImpl.setState: com.spotify.mobile.android.ui from DOWNLOADING to SUCCESS.
06-08 13:51:08.532  1159  1159 D Finsky  : [1] DownloadQueueImpl.onComplete: com.spotify.mobile.android.ui: onComplete
06-08 13:51:08.532  1159  1159 D Finsky  : [1] DownloadQueueImpl.remove: Download com.spotify.mobile.android.ui removed from DownloadQueue
06-08 13:51:08.536  1159  1159 D Finsky  : [1] SelfUpdateScheduler.onComplete: Self-update ignoring completed download com.spotify.mobile.android.ui
06-08 13:51:08.547    84    84 I installd: free_cache(0) avail 962977792
06-08 13:51:08.633   390   392 D dalvikvm: GC_CONCURRENT freed 345K, 29% free 9918K/13895K, paused 2ms+3ms
06-08 13:51:08.696   390   392 D dalvikvm: GC_CONCURRENT freed 493K, 30% free 9864K/13895K, paused 2ms+3ms
06-08 13:51:08.786   390   392 D dalvikvm: GC_CONCURRENT freed 555K, 30% free 9757K/13895K, paused 2ms+2ms
06-08 13:51:08.848  1443  2054 D dalvikvm: GC_FOR_ALLOC freed 230K, 7% free 9912K/10631K, paused 20ms
06-08 13:51:09.106   152   168 D dalvikvm: GC_EXPLICIT freed 695K, 16% free 13109K/15431K, paused 3ms+10ms
06-08 13:51:09.149   152   172 W ActivityManager: No content provider found for permission revoke: file:///data/data/com.android.providers.downloads/cache/downloadfile-1.apk
06-08 13:51:09.192   390   392 D dalvikvm: GC_CONCURRENT freed 98K, 28% free 10043K/13895K, paused 2ms+3ms
06-08 13:51:09.344   390   392 D dalvikvm: GC_CONCURRENT freed 551K, 29% free 9917K/13895K, paused 4ms+5ms
06-08 13:51:09.403   152   172 W ActivityManager: No content provider found for permission revoke: file:///data/data/com.android.providers.downloads/cache/downloadfile-1.apk
06-08 13:51:09.641   152   154 D dalvikvm: GC_CONCURRENT freed 523K, 13% free 13501K/15431K, paused 6ms+5ms
06-08 13:51:09.864   152   154 D dalvikvm: GC_CONCURRENT freed 630K, 10% free 13904K/15431K, paused 2ms+4ms
06-08 13:51:10.028   152   154 D dalvikvm: GC_CONCURRENT freed 1117K, 10% free 13920K/15431K, paused 3ms+5ms
06-08 13:51:10.184   152   154 D dalvikvm: GC_CONCURRENT freed 1108K, 10% free 13932K/15431K, paused 2ms+5ms
06-08 13:51:10.344   152   154 D dalvikvm: GC_CONCURRENT freed 1113K, 10% free 13942K/15431K, paused 3ms+5ms
06-08 13:51:10.500   152   154 D dalvikvm: GC_CONCURRENT freed 1171K, 10% free 13938K/15431K, paused 2ms+5ms
06-08 13:51:11.231   152   172 I PackageManager: Running dexopt on: com.spotify.mobile.android.ui
06-08 13:51:11.293    82   122 D AudioHardware: AudioHardware pcm playback is exiting standby.
06-08 13:51:11.293    82   122 D AudioHardware: openPcmOut_l() mPcmOpenCnt: 0
06-08 13:51:11.543  1443  1445 D dalvikvm: GC_CONCURRENT freed 516K, 8% free 9782K/10631K, paused 3ms+3ms
06-08 13:51:12.793  2095  2095 D dalvikvm: DexOpt: load 121ms, verify+opt 495ms
06-08 13:51:12.856   152   169 I ActivityManager: Force stopping package com.spotify.mobile.android.ui uid=10055
06-08 13:51:13.297   152   172 D PackageManager: New package installed in /data/app/com.spotify.mobile.android.ui-1.apk
06-08 13:51:13.372   152   656 W InputManagerService: Window already focused, ignoring focus gain of: com.android.internal.view.IInputMethodClient$Stub$Proxy@413cb9d8
06-08 13:51:13.539   152   154 D dalvikvm: GC_CONCURRENT freed 1060K, 10% free 13982K/15431K, paused 3ms+13ms
06-08 13:51:13.594  1443  1445 D dalvikvm: GC_CONCURRENT freed 379K, 8% free 9788K/10631K, paused 45ms+6ms
06-08 13:51:13.719   152   168 D PackageManager: generateServicesMap(android.accounts.AccountAuthenticator): 3 services unchanged
06-08 13:51:13.731   488   488 I RegisteredComponentCache: ComponentInfo: ResolveInfo{413415e0 com.android.apps.tag.TagViewer p=0 o=0 m=0x108000}, techs: android.nfc.tech.Ndef, 
06-08 13:51:13.840   152   168 D PackageManager: generateServicesMap(android.content.SyncAdapter): 10 services unchanged
06-08 13:51:13.875   152   168 W ResourceType: Failure getting entry for 0x7f060000 (t=5 e=0) in package 0 (error -75)
06-08 13:51:13.911   152   168 D BackupManagerService: Received broadcast Intent { act=android.intent.action.PACKAGE_ADDED dat=package:com.spotify.mobile.android.ui flg=0x10000010 (has extras) }
06-08 13:51:13.950  1142  1144 D dalvikvm: GC_CONCURRENT freed 402K, 7% free 9285K/9927K, paused 2ms+2ms
06-08 13:51:14.016   152   168 V BackupManagerService: addPackageParticipantsLocked: #1
06-08 13:51:14.051   152   164 I ActivityManager: Start proc com.google.android.partnersetup for broadcast com.google.android.partnersetup/.RlzPingBroadcastReceiver: pid=2099 uid=10022 gids={3003}
06-08 13:51:14.118    80    80 D dalvikvm: GC_EXPLICIT freed 37K, 4% free 9031K/9347K, paused 4ms+7ms
06-08 13:51:14.180  2099  2099 I ActivityThread: Pub com.google.android.partnersetup.rlzprovider: com.google.android.partnersetup.RlzProvider
06-08 13:51:14.188  2099  2099 I ActivityThread: Pub com.google.android.partnersetup.rlzappprovider: com.google.android.partnersetup.RlzAppProvider
06-08 13:51:14.192    80    80 D dalvikvm: GC_EXPLICIT freed <1K, 4% free 9031K/9347K, paused 2ms+7ms
06-08 13:51:14.239    80    80 D dalvikvm: GC_EXPLICIT freed <1K, 4% free 9031K/9347K, paused 9ms+3ms
06-08 13:51:14.274   152   491 I ActivityManager: Start proc com.android.musicfx for broadcast com.android.musicfx/.Compatibility$Receiver: pid=2112 uid=10034 gids={3003, 3002}
06-08 13:51:14.395   152   552 I ActivityManager: Start proc com.svox.pico for broadcast com.svox.pico/.VoiceDataInstallerReceiver: pid=2126 uid=10039 gids={1015}
06-08 13:51:14.438  2126  2126 I ActivityThread: Pub com.svox.pico.providers.SettingsProvider: com.svox.pico.providers.SettingsProvider
06-08 13:51:14.489   472   472 D SAN_SERVICE: *******************************************
06-08 13:51:14.489   472   472 D SAN_SERVICE: DM App Phone Service State - 0
06-08 13:51:14.489   472   472 D SAN_SERVICE: *******************************************
06-08 13:51:14.625  1873  1886 W Launcher.Model: Nobody to tell about the new app.  Launcher is probably loading.
06-08 13:51:14.664  1159  1159 D Finsky  : [1] DetailsDataBasedFragment.rebindViews: Page [class=DetailsFragment] loaded in [14712 ms] (partial? false)
06-08 13:51:14.934  1159  1159 D Finsky  : [1] DetailsDataBasedFragment.rebindViews: Page [class=DetailsFragment] loaded in [14983 ms] (partial? true)
06-08 13:51:15.102  1159  1160 D dalvikvm: GC_CONCURRENT freed 2108K, 12% free 16644K/18823K, paused 6ms+15ms
06-08 13:51:15.454   152   164 I ActivityManager: No longer want com.android.launcher:wallpaper_chooser (pid 1873): hidden #16
06-08 13:51:15.457   691   693 D dalvikvm: GC_CONCURRENT freed 372K, 13% free 10307K/11783K, paused 3ms+4ms
06-08 13:51:15.465  1339  1339 I Launcher: setLoadOnResume
06-08 13:51:15.903   152   172 D dalvikvm: GC_EXPLICIT freed 1728K, 15% free 13207K/15431K, paused 22ms+28ms
06-08 13:51:15.989  1159  1172 D Finsky  : [125] 1.packageInstalled: Package install status for "com.spotify.mobile.android.ui" is 1
06-08 13:51:16.211  1339  1342 D dalvikvm: GC_CONCURRENT freed 439K, 45% free 11120K/20039K, paused 1ms+9ms
06-08 13:51:16.426    82   122 D AudioHardware: AudioHardware pcm playback is going to standby.
06-08 13:51:16.426    82   122 D AudioHardware: closePcmOut_l() mPcmOpenCnt: 1
06-08 13:51:16.520  1339  1339 I Launcher: setLoadOnResume
06-08 13:51:16.528  1339  1339 I Launcher: setLoadOnResume
06-08 13:51:16.528  1339  1339 I Launcher: setLoadOnResume
06-08 13:51:16.747  1443  1445 D dalvikvm: GC_CONCURRENT freed 400K, 9% free 9777K/10631K, paused 2ms+24ms
06-08 13:51:17.106  1443  1445 D dalvikvm: GC_CONCURRENT freed 387K, 8% free 9794K/10631K, paused 2ms+3ms
06-08 13:51:17.457  1443  1445 D dalvikvm: GC_CONCURRENT freed 399K, 8% free 9783K/10631K, paused 4ms+6ms
06-08 13:51:17.914  1443  1445 D dalvikvm: GC_CONCURRENT freed 377K, 8% free 9796K/10631K, paused 7ms+4ms
06-08 13:51:18.219  1443  1445 D dalvikvm: GC_CONCURRENT freed 406K, 9% free 9776K/10631K, paused 3ms+4ms
06-08 13:51:18.727  1443  1445 D dalvikvm: GC_CONCURRENT freed 373K, 8% free 9789K/10631K, paused 5ms+5ms
06-08 13:51:18.961  1443  2054 D dalvikvm: GC_EXPLICIT freed 208K, 9% free 9751K/10631K, paused 2ms+3ms
06-08 13:51:18.969  1443  2054 I Gmail   : MainSyncRequestProto: lowestBkwdConvoId: 0, highestHandledServerOp: 3224033, normalSync: true
06-08 13:51:19.024   860   860 D OpenGLRenderer: Flushing caches (mode 1)
06-08 13:51:19.184   390   392 D dalvikvm: GC_CONCURRENT freed 325K, 28% free 10043K/13895K, paused 8ms+3ms
06-08 13:51:19.426   152   164 I ActivityManager: No longer want com.android.deskclock (pid 1858): hidden #16
06-08 13:51:25.219   488   488 I RegisteredComponentCache: ComponentInfo: ResolveInfo{41342ac8 com.android.apps.tag.TagViewer p=0 o=0 m=0x108000}, techs: android.nfc.tech.Ndef, 
06-08 13:51:25.223   152   168 D PackageManager: generateServicesMap(android.accounts.AccountAuthenticator): 3 services unchanged
06-08 13:51:25.266   152   168 D PackageManager: generateServicesMap(android.content.SyncAdapter): 10 services unchanged
06-08 13:51:25.418  1937  1939 D dalvikvm: GC_CONCURRENT freed 464K, 7% free 9141K/9735K, paused 6ms+2ms
06-08 13:51:25.985  1339  1342 D dalvikvm: GC_CONCURRENT freed 583K, 45% free 11135K/20039K, paused 2ms+4ms
06-08 13:51:29.899   860   860 D OpenGLRenderer: Flushing caches (mode 1)
06-08 13:51:30.465    82   122 D AudioHardware: AudioHardware pcm playback is exiting standby.
06-08 13:51:30.465    82   122 D AudioHardware: openPcmOut_l() mPcmOpenCnt: 0
06-08 13:51:30.477   152   375 I ActivityManager: START {act=android.intent.action.MAIN cat=[android.intent.category.LAUNCHER] flg=0x10000000 pkg=com.spotify.mobile.android.ui cmp=com.spotify.mobile.android.ui/.Launcher} from pid 1159
06-08 13:51:30.622   152   552 I ActivityManager: Start proc com.spotify.mobile.android.ui for activity com.spotify.mobile.android.ui/.Launcher: pid=2142 uid=10055 gids={3003, 1015}
06-08 13:51:30.637  1159  1159 D Finsky  : [1] 5.onFinished: Installation state replication succeeded.
06-08 13:51:30.668  2142  2142 I dalvikvm: Turning on JNI app bug workarounds for target SDK version 9...
06-08 13:51:30.836  1159  1159 D OpenGLRenderer: Flushing caches (mode 1)
06-08 13:51:30.883   390   392 D dalvikvm: GC_CONCURRENT freed 622K, 30% free 9855K/13895K, paused 6ms+14ms
06-08 13:51:30.891   152   154 D dalvikvm: GC_CONCURRENT freed 829K, 14% free 13337K/15431K, paused 2ms+41ms
06-08 13:51:30.938  2142  2142 I ActivityThread: Pub com.spotify.mobile.android.ui.PlaylistSearchProvider: com.spotify.mobile.android.model.PlaylistSearchProvider
06-08 13:51:30.938  2142  2142 I ActivityThread: Pub com.spotify.mobile.android.model.StarredTracksContentProvider: com.spotify.mobile.android.model.StarredTracksContentProvider
06-08 13:51:30.938  2142  2142 I ActivityThread: Pub com.spotify.mobile.android.ui.SearchProvider: com.spotify.mobile.android.model.SearchSuggestionSampleProvider
06-08 13:51:31.051  2142  2144 D dalvikvm: GC_CONCURRENT freed 115K, 3% free 9397K/9607K, paused 4ms+8ms
06-08 13:51:31.090  1159  1159 D OpenGLRenderer: Flushing caches (mode 0)
06-08 13:51:31.106  2142  2142 D dalvikvm: Trying to load lib /data/data/com.spotify.mobile.android.ui/lib/libspotifyjni-arm.so 0x4131bdd8
06-08 13:51:31.110  2142  2142 D dalvikvm: Added shared lib /data/data/com.spotify.mobile.android.ui/lib/libspotifyjni-arm.so 0x4131bdd8
06-08 13:51:31.176   860   860 D OpenGLRenderer: Flushing caches (mode 1)
06-08 13:51:31.196   152   168 I Process : Sending signal. PID: 2142 SIG: 3
06-08 13:51:31.196  2142  2146 I dalvikvm: threadid=3: reacting to signal 3
06-08 13:51:31.211  2142  2146 I dalvikvm: Wrote stack traces to '/data/anr/traces.txt'
06-08 13:51:31.649   390   390 V PhoneStatusBar: setLightsOn(true)
06-08 13:51:31.653  2142  2142 D SpotifyJava: PHONE STATE - IDLE
06-08 13:51:31.657   152   857 I AudioService:   Remote Control   registerMediaButtonIntent() for PendingIntent{414ca248: PendingIntentRecord{41446e00 com.spotify.mobile.android.ui broadcastIntent}}
06-08 13:51:31.680   152   168 I Process : Sending signal. PID: 2142 SIG: 3
06-08 13:51:31.680  2142  2146 I dalvikvm: threadid=3: reacting to signal 3
06-08 13:51:31.700  1443  1445 D dalvikvm: GC_CONCURRENT freed 371K, 8% free 9784K/10631K, paused 40ms+17ms
06-08 13:51:31.719  2142  2146 I dalvikvm: Wrote stack traces to '/data/anr/traces.txt'
06-08 13:51:31.735  2142  2144 D dalvikvm: GC_CONCURRENT freed 106K, 2% free 9741K/9927K, paused 2ms+2ms
06-08 13:51:31.868  2142  2144 D dalvikvm: GC_CONCURRENT freed 61K, 2% free 10229K/10375K, paused 1ms+3ms
06-08 13:51:31.887   152   857 I ActivityManager: START {cmp=com.spotify.mobile.android.ui/.popup.LoginActivity (has extras)} from pid 2142
06-08 13:51:32.192   152   168 I Process : Sending signal. PID: 2142 SIG: 3
06-08 13:51:32.192  2142  2146 I dalvikvm: threadid=3: reacting to signal 3
06-08 13:51:32.235  2142  2146 I dalvikvm: Wrote stack traces to '/data/anr/traces.txt'
06-08 13:51:32.407   152   168 W ActivityManager: Activity pause timeout for ActivityRecord{41587790 com.spotify.mobile.android.ui/.Launcher}
06-08 13:51:32.414   152   168 I Process : Sending signal. PID: 2142 SIG: 3
06-08 13:51:32.414  2142  2146 I dalvikvm: threadid=3: reacting to signal 3
06-08 13:51:32.442  2142  2146 I dalvikvm: Wrote stack traces to '/data/anr/traces.txt'
06-08 13:51:32.473   152   656 W InputManagerService: Focus gain on non-focused client com.android.internal.view.IInputMethodClient$Stub$Proxy@416626c0 (uid=10055 pid=2142)
06-08 13:51:32.606  2142  2144 D dalvikvm: GC_CONCURRENT freed 88K, 2% free 10616K/10823K, paused 2ms+5ms
06-08 13:51:32.633   152   201 I ActivityManager: Displayed com.spotify.mobile.android.ui/.Launcher: +2s51ms
06-08 13:51:32.676  1443  1445 D dalvikvm: GC_CONCURRENT freed 383K, 8% free 9790K/10631K, paused 57ms+9ms
06-08 13:51:32.739   390   390 V PhoneStatusBar: setLightsOn(true)
06-08 13:51:32.805   152   201 I ActivityManager: Displayed com.spotify.mobile.android.ui/.popup.LoginActivity: +362ms
06-08 13:51:32.836   152   552 I ActivityManager: No longer want com.android.wallpaper (pid 442): hidden #16
06-08 13:51:33.161  1443  1445 D dalvikvm: GC_CONCURRENT freed 417K, 9% free 9771K/10631K, paused 11ms+84ms
06-08 13:51:33.563    82   122 D AudioHardware: AudioHardware pcm playback is going to standby.
06-08 13:51:33.563    82   122 D AudioHardware: closePcmOut_l() mPcmOpenCnt: 1
06-08 13:51:33.586  1159  1159 D Finsky  : [1] 1.run: Referrer for com.spotify.mobile.android.ui cleared
06-08 13:51:34.192  1443  1445 D dalvikvm: GC_CONCURRENT freed 362K, 8% free 9799K/10631K, paused 2ms+3ms
06-08 13:51:34.387  1443  1445 D dalvikvm: GC_CONCURRENT freed 406K, 8% free 9789K/10631K, paused 6ms+2ms
06-08 13:51:34.543  1443  1445 D dalvikvm: GC_CONCURRENT freed 399K, 9% free 9775K/10631K, paused 2ms+3ms
06-08 13:51:34.664  1443  1445 D dalvikvm: GC_CONCURRENT freed 388K, 9% free 9775K/10631K, paused 2ms+3ms
06-08 13:51:34.973   453   456 D dalvikvm: GC_CONCURRENT freed 450K, 11% free 10591K/11847K, paused 9ms+4ms
06-08 13:51:35.414   390   392 D dalvikvm: GC_CONCURRENT freed 525K, 30% free 9806K/13895K, paused 4ms+3ms
06-08 13:51:35.489  1443  1445 D dalvikvm: GC_CONCURRENT freed 358K, 8% free 9810K/10631K, paused 56ms+3ms
06-08 13:51:35.735  1443  1445 D dalvikvm: GC_CONCURRENT freed 437K, 9% free 9781K/10631K, paused 2ms+3ms
06-08 13:51:35.856  1443  1445 D dalvikvm: GC_CONCURRENT freed 407K, 9% free 9762K/10631K, paused 2ms+3ms
06-08 13:51:36.575  1443  1445 D dalvikvm: GC_CONCURRENT freed 356K, 8% free 9794K/10631K, paused 2ms+3ms
06-08 13:51:37.504  1443  1445 D dalvikvm: GC_CONCURRENT freed 418K, 9% free 9775K/10631K, paused 2ms+8ms
06-08 13:51:37.672  1443  1445 D dalvikvm: GC_CONCURRENT freed 402K, 9% free 9764K/10631K, paused 4ms+3ms
06-08 13:51:38.247  1443  1445 D dalvikvm: GC_CONCURRENT freed 352K, 8% free 9804K/10631K, paused 8ms+3ms
06-08 13:51:38.743  1443  1445 D dalvikvm: GC_CONCURRENT freed 401K, 8% free 9808K/10631K, paused 1ms+3ms
06-08 13:51:39.133  1443  1445 D dalvikvm: GC_CONCURRENT freed 414K, 9% free 9779K/10631K, paused 2ms+3ms
06-08 13:51:39.715  1443  1445 D dalvikvm: GC_CONCURRENT freed 378K, 8% free 9787K/10631K, paused 22ms+3ms
06-08 13:51:40.293  1443  1445 D dalvikvm: GC_CONCURRENT freed 391K, 8% free 9783K/10631K, paused 2ms+3ms
06-08 13:51:41.184  1443  1445 D dalvikvm: GC_CONCURRENT freed 364K, 8% free 9812K/10631K, paused 2ms+3ms
06-08 13:51:41.582   472   472 D SAN_SERVICE: *******************************************
06-08 13:51:41.582   472   472 D SAN_SERVICE: DM App Phone Service State - 0
06-08 13:51:41.582   472   472 D SAN_SERVICE: *******************************************
06-08 13:51:41.664  1443  1445 D dalvikvm: GC_CONCURRENT freed 418K, 8% free 9803K/10631K, paused 2ms+3ms
06-08 13:51:41.883   472   472 D SAN_SERVICE: *******************************************
06-08 13:51:41.883   472   472 D SAN_SERVICE: DM App Phone Service State - 0
06-08 13:51:41.883   472   472 D SAN_SERVICE: *******************************************
06-08 13:51:42.379  1443  1445 D dalvikvm: GC_CONCURRENT freed 402K, 8% free 9793K/10631K, paused 6ms+7ms
06-08 13:51:42.856  1443  1445 D dalvikvm: GC_CONCURRENT freed 391K, 8% free 9789K/10631K, paused 2ms+3ms
06-08 13:51:43.434  1443  1445 D dalvikvm: GC_CONCURRENT freed 379K, 8% free 9803K/10631K, paused 4ms+6ms
06-08 13:51:43.926   453   456 D dalvikvm: GC_CONCURRENT freed 411K, 11% free 10595K/11847K, paused 2ms+3ms
06-08 13:51:44.270  1443  1445 D dalvikvm: GC_CONCURRENT freed 385K, 8% free 9806K/10631K, paused 2ms+2ms
06-08 13:51:44.360  1443  1445 D dalvikvm: GC_CONCURRENT freed 460K, 8% free 9791K/10631K, paused 1ms+3ms
06-08 13:51:44.457  1443  1445 D dalvikvm: GC_CONCURRENT freed 412K, 9% free 9767K/10631K, paused 1ms+2ms
06-08 13:51:44.555  1443  1445 D dalvikvm: GC_CONCURRENT freed 372K, 8% free 9801K/10631K, paused 1ms+2ms
06-08 13:51:44.622  1443  2054 D dalvikvm: GC_FOR_ALLOC freed 359K, 9% free 9773K/10631K, paused 17ms
06-08 13:51:44.704  1443  1445 D dalvikvm: GC_CONCURRENT freed 332K, 8% free 9883K/10631K, paused 1ms+2ms
06-08 13:51:44.754  1443  2054 D dalvikvm: GC_FOR_ALLOC freed 273K, 8% free 9865K/10631K, paused 17ms
06-08 13:51:44.832  1443  2054 D dalvikvm: GC_FOR_ALLOC freed 243K, 8% free 9835K/10631K, paused 36ms
06-08 13:51:44.883  1443  2054 D dalvikvm: GC_FOR_ALLOC freed 287K, 8% free 9865K/10631K, paused 17ms
06-08 13:51:44.918  1443  2054 D dalvikvm: GC_FOR_ALLOC freed 303K, 8% free 9786K/10631K, paused 17ms
06-08 13:51:44.969  1443  2054 D dalvikvm: GC_FOR_ALLOC freed 365K, 9% free 9739K/10631K, paused 17ms
06-08 13:51:45.047  1443  1445 D dalvikvm: GC_CONCURRENT freed 370K, 9% free 9758K/10631K, paused 1ms+3ms
06-08 13:51:45.176  1443  1445 D dalvikvm: GC_CONCURRENT freed 394K, 9% free 9760K/10631K, paused 2ms+5ms
06-08 13:51:45.282  1443  1445 D dalvikvm: GC_CONCURRENT freed 388K, 9% free 9759K/10631K, paused 1ms+2ms
06-08 13:51:45.387  1443  1445 D dalvikvm: GC_CONCURRENT freed 397K, 9% free 9753K/10631K, paused 2ms+3ms
06-08 13:51:45.789  1443  2054 D dalvikvm: GC_EXPLICIT freed 160K, 9% free 9756K/10631K, paused 10ms+3ms
06-08 13:51:45.793  1443  2054 I Gmail   : MainSyncRequestProto: lowestBkwdConvoId: 0, highestHandledServerOp: 3224033, normalSync: true
06-08 13:51:45.836  1443  2054 W Gmail   : Scheduling index for 300000 ms from now
06-08 13:51:45.903  1443  2054 I Gmail   : Sending notification intent: Intent { act=android.intent.action.PROVIDER_CHANGED dat=content://gmail-ls/unread/^i (has extras) }
06-08 13:51:46.028  1443  2054 I Gmail   : Sending notification intent: Intent { act=android.intent.action.PROVIDER_CHANGED dat=content://gmail-ls/unread/^iim (has extras) }
06-08 13:51:46.047  1443  2167 W Gmail   : Showing notification with unreadCount of 1 and unseenCount of 1
06-08 13:51:46.196   860   860 D OpenGLRenderer: Flushing caches (mode 1)
06-08 13:51:46.223   152   154 D dalvikvm: GC_CONCURRENT freed 937K, 14% free 13356K/15431K, paused 4ms+6ms
06-08 13:51:46.442   390   392 D dalvikvm: GC_CONCURRENT freed 155K, 28% free 10115K/13895K, paused 1ms+4ms
06-08 13:51:46.493  1443  1445 D dalvikvm: GC_CONCURRENT freed 307K, 8% free 9860K/10631K, paused 2ms+4ms
06-08 13:51:46.555   390   392 D dalvikvm: GC_CONCURRENT freed 345K, 27% free 10236K/13895K, paused 2ms+6ms
06-08 13:51:46.676   472   472 D SAN_SERVICE: *******************************************
06-08 13:51:46.676   472   472 D SAN_SERVICE: DM App Phone Service State - 0
06-08 13:51:46.676   472   472 D SAN_SERVICE: *******************************************
06-08 13:51:46.727   152  2169 I AudioService:  AudioFocus  requestAudioFocus() from android.media.AudioManager@41618510
06-08 13:51:46.758    82   122 D AudioHardware: AudioHardware pcm playback is exiting standby.
06-08 13:51:46.758    82   122 D AudioHardware: openPcmOut_l() mPcmOpenCnt: 0
06-08 13:51:46.805   691  2170 D dalvikvm: GC_EXPLICIT freed 99K, 13% free 10276K/11783K, paused 81ms+5ms
06-08 13:51:46.868   860   860 D OpenGLRenderer: Flushing caches (mode 1)
06-08 13:51:47.063  1909  2176 I DownloadManager: Initiating request for download 3
06-08 13:51:47.305  1909  1911 D dalvikvm: GC_CONCURRENT freed 428K, 6% free 9310K/9863K, paused 2ms+3ms
06-08 13:51:47.489   691   693 D dalvikvm: GC_CONCURRENT freed 306K, 12% free 10384K/11783K, paused 2ms+4ms
06-08 13:51:48.071   860   860 D OpenGLRenderer: Flushing caches (mode 1)
06-08 13:51:48.332   691   693 D dalvikvm: GC_CONCURRENT freed 340K, 12% free 10431K/11783K, paused 2ms+5ms
06-08 13:51:48.653   152  2169 I AudioService:  AudioFocus  abandonAudioFocus() from android.media.AudioManager@41618510
06-08 13:51:49.149  1909  2181 I DownloadManager: deleting /data/data/com.android.providers.downloads/cache/downloadfile.jpeg
06-08 13:51:49.325   152   492 D dalvikvm: GC_EXPLICIT freed 185K, 14% free 13361K/15431K, paused 3ms+4ms
06-08 13:51:49.481  1909  2183 I DownloadManager: Initiating request for download 4
06-08 13:51:49.485   152   858 I ActivityManager: Start proc com.android.browser for content provider com.android.browser/.provider.BrowserProvider2: pid=2186 uid=10003 gids={3003, 1015}
06-08 13:51:49.567  2186  2186 I ActivityThread: Pub com.android.browser;browser: com.android.browser.provider.BrowserProvider2
06-08 13:51:49.586  2186  2186 I ActivityThread: Pub com.android.browser.home: com.android.browser.homepages.HomeProvider
06-08 13:51:49.586  2186  2186 I ActivityThread: Pub com.android.browser.snapshots: com.android.browser.provider.SnapshotProvider
06-08 13:51:50.235  1909  1911 D dalvikvm: GC_CONCURRENT freed 380K, 6% free 9350K/9863K, paused 6ms+4ms
06-08 13:51:50.379   860   862 D dalvikvm: GC_CONCURRENT freed 358K, 8% free 9657K/10439K, paused 7ms+4ms
06-08 13:51:50.575  1909  2212 I DownloadManager: deleting /data/data/com.android.providers.downloads/cache/downloadfile.jpeg
06-08 13:51:50.590   860   860 D OpenGLRenderer: Flushing caches (mode 1)
06-08 13:51:50.864   691   693 D dalvikvm: GC_CONCURRENT freed 340K, 12% free 10486K/11783K, paused 9ms+21ms
06-08 13:51:50.879  1909  2215 I DownloadManager: Initiating request for download 5
06-08 13:51:51.153   691  2185 I BookmarksSync: Sync failed due to hard error: Server reports a different identifier (birthday) birthday_error_48537b38-7654-4117-8210-21aca4855e98, which does not match the client value.
06-08 13:51:51.161   152   194 D SyncManager: failed sync operation lokeshmandvekar@gmail.com (com.google), com.android.browser, POLL, earliestRunTime 387447, SyncResult: stats [ numParseExceptions: 1]
06-08 13:51:51.168   152   194 D SyncManager: not retrying sync operation because the error is a hard error: lokeshmandvekar@gmail.com (com.google), com.android.browser, POLL, earliestRunTime 706487
06-08 13:51:51.297  1142  2217 D PicasaSyncService: start to perform sync on lokeshmandvekar@gmail.com
06-08 13:51:51.348  1142  1158 V PicasaContentProvider: querySettings: defaults: {sync_on_wifi_only=1, auto_upload_account_type=null, sync_on_battery=1, sync_picasa_on_wifi_only=1, auto_upload_enabled=0, video_upload_wifi_only=1, sync_on_roaming=0, auto_upload_account_name=null}
06-08 13:51:51.352  1142  2217 D PicasaSyncManager: perform sync task: MetadataSyncTask (lokeshmandvekar@gmail.com)
06-08 13:51:51.735    82   122 D AudioHardware: AudioHardware pcm playback is going to standby.
06-08 13:51:51.735    82   122 D AudioHardware: closePcmOut_l() mPcmOpenCnt: 1
06-08 13:51:53.536   860   860 D OpenGLRenderer: Flushing caches (mode 1)
06-08 13:51:53.586   860   873 D dalvikvm: GC_EXPLICIT freed 173K, 9% free 9604K/10439K, paused 14ms+3ms
06-08 13:51:53.602   860   860 D OpenGLRenderer: Flushing caches (mode 1)
06-08 13:51:53.625  1909  1911 D dalvikvm: GC_CONCURRENT freed 451K, 6% free 9341K/9927K, paused 4ms+4ms
06-08 13:51:53.680  1142  2217 D PicasaAPI: getAlbums for lokeshmandvekar@gmail.com, etag = null
06-08 13:51:53.707   860   860 D OpenGLRenderer: Flushing caches (mode 1)
06-08 13:51:53.715  1909  2223 I DownloadManager: deleting /data/data/com.android.providers.downloads/cache/downloadfile.jpeg
06-08 13:51:53.735  1142  1144 D dalvikvm: GC_CONCURRENT freed 374K, 7% free 9299K/9927K, paused 3ms+3ms
06-08 13:51:54.039  1909  2226 I DownloadManager: Initiating request for download 6
06-08 13:51:55.008   860   860 D OpenGLRenderer: Flushing caches (mode 1)
06-08 13:51:55.047  1909  1911 D dalvikvm: GC_CONCURRENT freed 414K, 7% free 9311K/9927K, paused 2ms+2ms
06-08 13:51:55.129  1142  1144 D dalvikvm: GC_CONCURRENT freed 321K, 6% free 9362K/9927K, paused 1ms+2ms
06-08 13:51:55.270  1909  2233 I DownloadManager: deleting /data/data/com.android.providers.downloads/cache/downloadfile.jpeg
06-08 13:51:55.282  1909  2234 I DownloadManager: Initiating request for download 7
06-08 13:51:56.661   390   392 D dalvikvm: GC_CONCURRENT freed 536K, 27% free 10178K/13895K, paused 2ms+5ms
06-08 13:51:56.852   390   392 D dalvikvm: GC_CONCURRENT freed 572K, 29% free 9993K/13895K, paused 2ms+6ms
06-08 13:51:57.313   152   152 D dalvikvm: GC_EXPLICIT freed 478K, 14% free 13420K/15431K, paused 3ms+12ms
06-08 13:51:57.383   860   860 D OpenGLRenderer: Flushing caches (mode 1)
06-08 13:51:57.469   152   655 I ActivityManager: START {cmp=com.spotify.mobile.android.ui/.popup.OkDialog (has extras)} from pid 2142
06-08 13:51:57.481    82   122 D AudioHardware: AudioHardware pcm playback is exiting standby.
06-08 13:51:57.481    82   122 D AudioHardware: openPcmOut_l() mPcmOpenCnt: 0
06-08 13:51:57.594   390   390 V PhoneStatusBar: setLightsOn(true)
06-08 13:51:57.653  2142  2142 D dalvikvm: GC_FOR_ALLOC freed 222K, 3% free 10819K/11143K, paused 23ms
06-08 13:51:57.653  2142  2142 I dalvikvm-heap: Grow heap (frag case) to 11.232MB for 626416-byte allocation
06-08 13:51:57.684  2142  2144 D dalvikvm: GC_CONCURRENT freed 9K, 4% free 11421K/11783K, paused 2ms+2ms
06-08 13:51:57.735  2142  2142 D dalvikvm: GC_FOR_ALLOC freed <1K, 4% free 11499K/11911K, paused 17ms
06-08 13:51:57.750   152   201 I ActivityManager: Displayed com.spotify.mobile.android.ui/.popup.OkDialog: +246ms
06-08 13:51:57.750  2142  2142 W IInputConnectionWrapper: finishComposingText on inactive InputConnection
06-08 13:51:58.122  1909  1911 D dalvikvm: GC_CONCURRENT freed 373K, 7% free 9326K/9927K, paused 2ms+4ms
06-08 13:51:58.293  1909  1909 D dalvikvm: GC_EXPLICIT freed 140K, 8% free 9210K/9927K, paused 6ms+3ms
06-08 13:51:58.297  1909  2242 I DownloadManager: deleting /data/data/com.android.providers.downloads/cache/downloadfile.jpeg
06-08 13:51:58.305  1909  2244 I DownloadManager: Initiating request for download 8
06-08 13:51:59.184   860   860 D OpenGLRenderer: Flushing caches (mode 1)
06-08 13:51:59.434  1909  2251 I DownloadManager: Initiating request for download 9
06-08 13:51:59.477   152   656 D dalvikvm: GC_FOR_ALLOC freed 333K, 14% free 13370K/15431K, paused 50ms
06-08 13:51:59.493   390   390 V PhoneStatusBar: setLightsOn(true)
06-08 13:51:59.497  1909  2250 I DownloadManager: deleting /data/data/com.android.providers.downloads/cache/downloadfile.jpeg
06-08 13:51:59.528   152   375 I ActivityManager: START {cmp=com.spotify.mobile.android.ui/.popup.TermsDialog} from pid 2142
06-08 13:51:59.594   152   375 D dalvikvm: GC_FOR_ALLOC freed 167K, 14% free 13349K/15431K, paused 46ms
06-08 13:51:59.668   390   390 V PhoneStatusBar: setLightsOn(true)
06-08 13:51:59.723  2142  2142 D dalvikvm: GC_FOR_ALLOC freed 1165K, 13% free 10844K/12359K, paused 25ms
06-08 13:51:59.727  1909  1911 D dalvikvm: GC_CONCURRENT freed 300K, 7% free 9299K/9927K, paused 2ms+148ms
06-08 13:51:59.774  2142  2144 D dalvikvm: GC_CONCURRENT freed 1K, 8% free 11441K/12359K, paused 1ms+6ms
06-08 13:51:59.797   152   201 I ActivityManager: Displayed com.spotify.mobile.android.ui/.popup.TermsDialog: +189ms
06-08 13:51:59.797  2142  2142 W IInputConnectionWrapper: finishComposingText on inactive InputConnection
06-08 13:52:00.266  1142  2217 V PicasaAPI:    etag: --> W/"A0UEQH8-fip7ImA9WhVbEkk.",entryCount=30
06-08 13:52:00.274  1142  2217 V PicasaAPI:    done
06-08 13:52:00.274  1142  2217 D MetricsUtils: [PicasaApi.getAlbums in:6969 out:590 time:6616]
06-08 13:52:00.325  1142  2217 D MetricsUtils: [PicasaSyncHelper.syncAlbums lokeshmandvekar@gmail.com time:6720]
06-08 13:52:00.336  1142  2217 D PicasaAPI: getAlbumPhotos for 102196091084294424034 / 5475662278604290913, etag: null
06-08 13:52:01.067  1443  2257 D dalvikvm: GC_EXPLICIT freed 331K, 7% free 9906K/10631K, paused 2ms+5ms
06-08 13:52:01.149   860   860 D OpenGLRenderer: Flushing caches (mode 1)
06-08 13:52:01.297  1142  2217 V PicasaAPI:    etag: --> W/"D0QGRXsyeSp7ImA9WhVbEEw.",entryCount=5
06-08 13:52:01.297  1142  2217 D PicasaAPI:    done
06-08 13:52:01.297  1142  2217 D MetricsUtils: [PicasaApi.getAlbumPhotos in:3758 out:711 time:961]
06-08 13:52:01.332  1909  2258 I DownloadManager: deleting /data/data/com.android.providers.downloads/cache/downloadfile.jpeg
06-08 13:52:01.340  1909  2259 I DownloadManager: Initiating request for download 10
06-08 13:52:01.356  1142  2217 D MetricsUtils: [PicasaSyncHelper.syncPhotos 5475662278604290913 time:1025]
06-08 13:52:01.356  1142  2217 D PicasaAPI: getAlbumPhotos for 102196091084294424034 / 5586362296427263745, etag: null
06-08 13:52:01.450  1909  1911 D dalvikvm: GC_CONCURRENT freed 379K, 7% free 9317K/9927K, paused 2ms+4ms
06-08 13:52:01.864  1142  1144 D dalvikvm: GC_CONCURRENT freed 424K, 6% free 9374K/9927K, paused 22ms+3ms
06-08 13:52:02.039   472   472 D SAN_SERVICE: *******************************************
06-08 13:52:02.039   472   472 D SAN_SERVICE: DM App Phone Service State - 0
06-08 13:52:02.039   472   472 D SAN_SERVICE: *******************************************
06-08 13:52:02.122   860   860 D OpenGLRenderer: Flushing caches (mode 1)
06-08 13:52:02.250  1909  2265 I DownloadManager: deleting /data/data/com.android.providers.downloads/cache/downloadfile.jpeg
06-08 13:52:02.473    82   122 D AudioHardware: AudioHardware pcm playback is going to standby.
06-08 13:52:02.477    82   122 D AudioHardware: closePcmOut_l() mPcmOpenCnt: 1
06-08 13:52:03.930    82   122 D AudioHardware: AudioHardware pcm playback is exiting standby.
06-08 13:52:03.930    82   122 D AudioHardware: openPcmOut_l() mPcmOpenCnt: 0
06-08 13:52:04.063   152   492 D dalvikvm: GC_FOR_ALLOC freed 331K, 14% free 13371K/15431K, paused 97ms
06-08 13:52:04.075   390   390 V PhoneStatusBar: setLightsOn(true)
06-08 13:52:04.567   152   168 I Process : Sending signal. PID: 2142 SIG: 3
06-08 13:52:04.567  2142  2146 I dalvikvm: threadid=3: reacting to signal 3
06-08 13:52:04.571  2142  2146 I dalvikvm: Wrote stack traces to '/data/anr/traces.txt'
06-08 13:52:04.622  1909  2269 I DownloadManager: Initiating request for download 11
06-08 13:52:04.918  1909  1911 D dalvikvm: GC_CONCURRENT freed 378K, 7% free 9327K/9927K, paused 9ms+5ms
06-08 13:52:05.067   152   168 I Process : Sending signal. PID: 2142 SIG: 3
06-08 13:52:05.067  2142  2146 I dalvikvm: threadid=3: reacting to signal 3
06-08 13:52:05.071  2142  2146 I dalvikvm: Wrote stack traces to '/data/anr/traces.txt'
06-08 13:52:05.360   152  2273 I AudioService:  AudioFocus  abandonAudioFocus() from android.media.AudioManager@41618510
06-08 13:52:05.571   152   168 I Process : Sending signal. PID: 2142 SIG: 3
06-08 13:52:05.571  2142  2146 I dalvikvm: threadid=3: reacting to signal 3
06-08 13:52:05.579  2142  2146 I dalvikvm: Wrote stack traces to '/data/anr/traces.txt'
06-08 13:52:05.840  2142  2144 D dalvikvm: GC_CONCURRENT freed 1209K, 12% free 10926K/12359K, paused 12ms+5ms
06-08 13:52:06.071   152   168 I Process : Sending signal. PID: 2142 SIG: 3
06-08 13:52:06.071  2142  2146 I dalvikvm: threadid=3: reacting to signal 3
06-08 13:52:06.114  2142  2146 I dalvikvm: Wrote stack traces to '/data/anr/traces.txt'
06-08 13:52:06.254   152   491 I ActivityManager: START {act=android.intent.action.VIEW dat=content://gmail-ls/account/lokeshmandvekar@gmail.com/label/^i/conversationId/1404222106565827426/maxServerMessageId/1404228888025478695/labels/lokeshmandvekar%40gmail.com^*^595230239^*^^i^*^Inbox^*^0^*^0^**^lokeshmandvekar%40gmail.com^*^-505^*^^^unseen-^i^*^^*^2147483647^*^1^**^lokeshmandvekar%40gmail.com^*^595230238^*^^f^*^Sent^*^0^*^0^**^lokeshmandvekar%40gmail.com^*^595230344^*^^iim^*^Priority+Inbox^*^0^*^0^**^lokeshmandvekar%40gmail.com^*^-506^*^^^unseen-^iim^*^^*^2147483647^*^1^**^lokeshmandvekar%40gmail.com^*^-65533^*^^o^*^%5Eo^*^0^*^1^**^lokeshmandvekar%40gmail.com^*^595230361^*^^io_im^*^Important^*^0^*^0^**^lokeshmandvekar%40gmail.com^*^595230240^*^^u^*^Unread^*^0^*^1 typ=application/gmail-ls flg=0x10008000 cmp=com.google.android.gm/.ConversationListActivityGmail bnds=[96,119][480,215] (has extras)} from pid -1
06-08 13:52:06.344  2142  2144 D dalvikvm: GC_CONCURRENT freed 344K, 10% free 11132K/12359K, paused 7ms+4ms
06-08 13:52:06.512   152   491 D dalvikvm: GC_FOR_ALLOC freed 251K, 14% free 13370K/15431K, paused 234ms
06-08 13:52:06.539   152   163 W KeyguardViewMediator: verifyUnlock called when not externally disabled
06-08 13:52:06.579   152   168 I Process : Sending signal. PID: 2142 SIG: 3
06-08 13:52:06.579  2142  2146 I dalvikvm: threadid=3: reacting to signal 3
06-08 13:52:06.645  2142  2146 I dalvikvm: Wrote stack traces to '/data/anr/traces.txt'
06-08 13:52:06.774  2142  2144 D dalvikvm: GC_CONCURRENT freed 513K, 9% free 11293K/12359K, paused 5ms+4ms
06-08 13:52:06.809   152   163 I ActivityManager: START {act=android.intent.action.VIEW dat=content://gmail-ls/account/lokeshmandvekar@gmail.com/label/^i/conversationId/1404222106565827426/maxServerMessageId/1404228888025478695/labels/lokeshmandvekar%40gmail.com^*^595230239^*^^i^*^Inbox^*^0^*^0^**^lokeshmandvekar%40gmail.com^*^-505^*^^^unseen-^i^*^^*^2147483647^*^1^**^lokeshmandvekar%40gmail.com^*^595230238^*^^f^*^Sent^*^0^*^0^**^lokeshmandvekar%40gmail.com^*^595230344^*^^iim^*^Priority+Inbox^*^0^*^0^**^lokeshmandvekar%40gmail.com^*^-506^*^^^unseen-^iim^*^^*^2147483647^*^1^**^lokeshmandvekar%40gmail.com^*^-65533^*^^o^*^%5Eo^*^0^*^1^**^lokeshmandvekar%40gmail.com^*^595230361^*^^io_im^*^Important^*^0^*^0^**^lokeshmandvekar%40gmail.com^*^595230240^*^^u^*^Unread^*^0^*^1 typ=application/gmail-ls flg=0x6000000 cmp=com.google.android.gm/.GmailActivity bnds=[96,119][480,215] (has extras)} from pid 1443
06-08 13:52:07.161   472   472 D SAN_SERVICE: *******************************************
06-08 13:52:07.161   472   472 D SAN_SERVICE: DM App Phone Service State - 0
06-08 13:52:07.161   472   472 D SAN_SERVICE: *******************************************
06-08 13:52:07.336  1443  1445 D dalvikvm: GC_CONCURRENT freed 253K, 5% free 10131K/10631K, paused 7ms+6ms
06-08 13:52:07.348   152   168 I Process : Sending signal. PID: 1443 SIG: 3
06-08 13:52:07.348  1443  1447 I dalvikvm: threadid=3: reacting to signal 3
06-08 13:52:07.411  1443  1447 I dalvikvm: Wrote stack traces to '/data/anr/traces.txt'
06-08 13:52:07.598   860   860 D OpenGLRenderer: Flushing caches (mode 1)
06-08 13:52:07.692   472   472 D SAN_SERVICE: *******************************************
06-08 13:52:07.692   472   472 D SAN_SERVICE: DM App Phone Service State - 0
06-08 13:52:07.692   472   472 D SAN_SERVICE: *******************************************
06-08 13:52:07.938   152   168 I Process : Sending signal. PID: 1443 SIG: 3
06-08 13:52:07.942  1443  1447 I dalvikvm: threadid=3: reacting to signal 3
06-08 13:52:08.047  1443  1447 I dalvikvm: Wrote stack traces to '/data/anr/traces.txt'
06-08 13:52:08.235  1443  1445 D dalvikvm: GC_CONCURRENT freed 219K, 4% free 10359K/10695K, paused 2ms+5ms
06-08 13:52:08.309  2142  2144 D dalvikvm: GC_CONCURRENT freed 535K, 8% free 11394K/12359K, paused 2ms+4ms
06-08 13:52:08.348   152   168 I Process : Sending signal. PID: 1443 SIG: 3
06-08 13:52:08.348  1443  1447 I dalvikvm: threadid=3: reacting to signal 3
06-08 13:52:08.387  1443  1447 I dalvikvm: Wrote stack traces to '/data/anr/traces.txt'
06-08 13:52:08.497   152   857 D dalvikvm: GC_EXPLICIT freed 296K, 14% free 13405K/15431K, paused 3ms+6ms
06-08 13:52:08.528   860   860 D OpenGLRenderer: Flushing caches (mode 1)
06-08 13:52:08.594   152   201 I ActivityManager: Displayed com.google.android.gm/.GmailActivity: +1s749ms (total +1s881ms)
06-08 13:52:09.344    82   122 D AudioHardware: AudioHardware pcm playback is going to standby.
06-08 13:52:09.344    82   122 D AudioHardware: closePcmOut_l() mPcmOpenCnt: 1
06-08 13:52:09.711   860   860 D OpenGLRenderer: Flushing caches (mode 1)
06-08 13:52:09.801  1142  1144 D dalvikvm: GC_CONCURRENT freed 422K, 6% free 9380K/9927K, paused 2ms+2ms
06-08 13:52:10.039  1443  1445 D dalvikvm: GC_CONCURRENT freed 354K, 4% free 10523K/10951K, paused 7ms+4ms
06-08 13:52:10.082  1443  1443 D dalvikvm: GC_FOR_ALLOC freed 248K, 6% free 10564K/11143K, paused 23ms
06-08 13:52:10.106  1443  1443 D dalvikvm: GC_FOR_ALLOC freed 131K, 6% free 10481K/11143K, paused 23ms
06-08 13:52:11.032  1834  1847 I PhoneLab-: Service Running
06-08 13:52:11.125  1443  1445 D dalvikvm: GC_CONCURRENT freed 248K, 4% free 10734K/11143K, paused 2ms+3ms
06-08 13:52:11.153  1443  1443 D dalvikvm: GC_FOR_ALLOC freed 233K, 5% free 10808K/11335K, paused 23ms
06-08 13:52:11.188  1443  1443 D dalvikvm: GC_FOR_ALLOC freed 239K, 7% free 10664K/11463K, paused 24ms
06-08 13:52:11.223  1443  1450 I dalvikvm: Jit: resizing JitTable from 4096 to 8192
06-08 13:52:11.278  1909  2294 I DownloadManager: deleting /data/data/com.android.providers.downloads/cache/downloadfile.jpeg
06-08 13:52:11.336  1834  1847 I PhoneLab-LoggerService: app_38    1290  1     1788   1412  c00f181c 400107b4 S logcat
06-08 13:52:11.336  1834  1847 I PhoneLab-LoggerService: Logcat pid from database 1290
06-08 13:52:11.336  1834  1847 I PhoneLab-LoggerService: Logcat process found 1290
06-08 13:52:11.336  1834  1847 I PhoneLab-LoggerService: Checking Threshold
06-08 13:52:11.336  1834  1847 I PhoneLab-LoggerService: Starting to rename files
06-08 13:52:11.356  1834  1847 I PhoneLab-LoggerService: Files found .. 3
06-08 13:52:11.360  1909  2298 I DownloadManager: Initiating request for download 12
06-08 13:52:11.465  1443  1445 D dalvikvm: GC_CONCURRENT freed 495K, 8% free 10658K/11463K, paused 2ms+14ms
06-08 13:52:12.282   472   472 D SAN_SERVICE: *******************************************
06-08 13:52:12.282   472   472 D SAN_SERVICE: DM App Phone Service State - 0
06-08 13:52:12.282   472   472 D SAN_SERVICE: *******************************************
06-08 13:52:12.321  1909  1911 D dalvikvm: GC_CONCURRENT freed 411K, 7% free 9330K/9927K, paused 2ms+4ms
06-08 13:52:12.981  1443  1445 D dalvikvm: GC_CONCURRENT freed 255K, 6% free 10861K/11463K, paused 3ms+5ms
06-08 13:52:13.418  1443  2304 I Gmail   : Sending notification intent: Intent { act=android.intent.action.PROVIDER_CHANGED dat=content://gmail-ls/unread/^i (has extras) }
06-08 13:52:13.520  1443  2304 I Gmail   : Sending notification intent: Intent { act=android.intent.action.PROVIDER_CHANGED dat=content://gmail-ls/unread/^iim (has extras) }
06-08 13:52:13.590   860   860 D OpenGLRenderer: Flushing caches (mode 1)
06-08 13:52:13.594  1142  2217 V PicasaAPI:    etag: --> W/"DUYER347eCp7ImA9WhZTFko.",entryCount=38
06-08 13:52:13.598  1142  2217 D PicasaAPI:    done
06-08 13:52:13.598  1142  2217 D MetricsUtils: [PicasaApi.getAlbumPhotos in:10320 out:711 time:12240]
06-08 13:52:13.848   390   392 D dalvikvm: GC_CONCURRENT freed 602K, 29% free 9889K/13895K, paused 2ms+2ms
06-08 13:52:13.993  1142  2217 D MetricsUtils: [PicasaSyncHelper.syncPhotos 5586362296427263745 time:12626]
06-08 13:52:13.997  1142  2217 D PicasaAPI: getAlbumPhotos for 102196091084294424034 / 5601884016979146209, etag: null
06-08 13:52:14.157  1443  1445 D dalvikvm: GC_CONCURRENT freed 447K, 5% free 10962K/11527K, paused 2ms+18ms
06-08 13:52:14.520  1909  2312 I DownloadManager: deleting /data/data/com.android.providers.downloads/cache/downloadfile.jpeg
06-08 13:52:14.692   860   860 D OpenGLRenderer: Flushing caches (mode 1)
06-08 13:52:15.098  1142  2217 V PicasaAPI:    etag: --> W/"DU8GRXs7fip7ImA9WhVWF0Q.",entryCount=4
06-08 13:52:15.102  1142  2217 D PicasaAPI:    done
06-08 13:52:15.102  1142  2217 D MetricsUtils: [PicasaApi.getAlbumPhotos in:3483 out:711 time:1107]
06-08 13:52:15.176  1909  2314 I DownloadManager: Initiating request for download 13
06-08 13:52:15.184  1142  2217 D MetricsUtils: [PicasaSyncHelper.syncPhotos 5601884016979146209 time:1191]
06-08 13:52:15.188  1142  2217 D PicasaAPI: getAlbumPhotos for 102196091084294424034 / 5624402630643790097, etag: null
06-08 13:52:15.465  1443  1445 D dalvikvm: GC_CONCURRENT freed 430K, 5% free 11095K/11655K, paused 3ms+5ms
06-08 13:52:15.524  1142  2217 V PicasaAPI:    etag: --> W/"CkUNRH04fyp7ImA9WhVRF0Q.",entryCount=0
06-08 13:52:15.524  1142  2217 D PicasaAPI:    done
06-08 13:52:15.524  1142  2217 D MetricsUtils: [PicasaApi.getAlbumPhotos in:1623 out:711 time:338]
06-08 13:52:15.614  1142  2217 D MetricsUtils: [PicasaSyncHelper.syncPhotos 5624402630643790097 time:431]
06-08 13:52:15.664  1142  2217 D PicasaAPI: getAlbumPhotos for 102196091084294424034 / 5631438636042837409, etag: null
06-08 13:52:15.672  1142  1144 D dalvikvm: GC_CONCURRENT freed 428K, 6% free 9372K/9927K, paused 5ms+5ms
06-08 13:52:15.707  1909  1911 D dalvikvm: GC_CONCURRENT freed 416K, 7% free 9311K/9927K, paused 2ms+3ms
06-08 13:52:17.965   860   860 D OpenGLRenderer: Flushing caches (mode 1)
06-08 13:52:18.239  1909  2319 I DownloadManager: deleting /data/data/com.android.providers.downloads/cache/downloadfile.jpeg
06-08 13:52:18.254  1909  2320 I DownloadManager: Initiating request for download 14
06-08 13:52:18.286  1142  2217 V PicasaAPI:    etag: --> W/"D0QHR349cSp7ImA9WhVVEUw.",entryCount=8
06-08 13:52:18.286  1142  2217 D PicasaAPI:    done
06-08 13:52:18.286  1142  2217 D MetricsUtils: [PicasaApi.getAlbumPhotos in:4632 out:711 time:2622]
06-08 13:52:18.336  1142  2217 D MetricsUtils: [PicasaSyncHelper.syncPhotos 5631438636042837409 time:2706]
06-08 13:52:18.348  1142  2217 D PicasaAPI: getAlbumPhotos for 102196091084294424034 / 5646076096548662897, etag: null
06-08 13:52:18.500  1909  1911 D dalvikvm: GC_CONCURRENT freed 374K, 7% free 9326K/9927K, paused 14ms+8ms
06-08 13:52:19.196   152   656 D dalvikvm: GC_EXPLICIT freed 563K, 14% free 13373K/15431K, paused 30ms+6ms
06-08 13:52:19.465   860   860 D OpenGLRenderer: Flushing caches (mode 1)
06-08 13:52:19.672  1909  2326 I DownloadManager: deleting /data/data/com.android.providers.downloads/cache/downloadfile.jpeg
06-08 13:52:19.680  1909  2327 I DownloadManager: Initiating request for download 15
06-08 13:52:19.735  1443  1445 D dalvikvm: GC_CONCURRENT freed 508K, 6% free 11204K/11847K, paused 2ms+6ms
06-08 13:52:19.942  1909  1911 D dalvikvm: GC_CONCURRENT freed 379K, 6% free 9339K/9927K, paused 2ms+3ms
06-08 13:52:20.434  1142  1144 D dalvikvm: GC_CONCURRENT freed 415K, 6% free 9380K/9927K, paused 4ms+8ms
06-08 13:52:20.778   860   860 D OpenGLRenderer: Flushing caches (mode 1)
06-08 13:52:22.446  1909  2334 I DownloadManager: deleting /data/data/com.android.providers.downloads/cache/downloadfile.jpeg
06-08 13:52:22.465  1909  2335 I DownloadManager: Initiating request for download 16
06-08 13:52:22.707  1909  1911 D dalvikvm: GC_CONCURRENT freed 386K, 6% free 9343K/9927K, paused 2ms+4ms
06-08 13:52:23.340  1142  1144 D dalvikvm: GC_CONCURRENT freed 414K, 6% free 9380K/9927K, paused 2ms+2ms
06-08 13:52:23.543   860   860 D OpenGLRenderer: Flushing caches (mode 1)
06-08 13:52:24.895  1909  2342 I DownloadManager: deleting /data/data/com.android.providers.downloads/cache/downloadfile.jpeg
06-08 13:52:24.911  1909  2343 I DownloadManager: Initiating request for download 17
06-08 13:52:25.039  1443  1445 D dalvikvm: GC_CONCURRENT freed 657K, 7% free 11183K/11975K, paused 2ms+5ms
06-08 13:52:25.907  1909  1911 D dalvikvm: GC_CONCURRENT freed 367K, 6% free 9363K/9927K, paused 2ms+3ms
06-08 13:52:26.153   860   860 D OpenGLRenderer: Flushing caches (mode 1)
06-08 13:52:26.352  1909  2349 D dalvikvm: GC_EXPLICIT freed 167K, 7% free 9290K/9927K, paused 3ms+4ms
06-08 13:52:26.372  1909  2349 I DownloadManager: deleting /data/data/com.android.providers.downloads/cache/downloadfile.jpeg
06-08 13:52:26.465   152   491 D dalvikvm: GC_EXPLICIT freed 387K, 14% free 13373K/15431K, paused 3ms+6ms
06-08 13:52:26.571  1142  1144 D dalvikvm: GC_CONCURRENT freed 411K, 6% free 9383K/9927K, paused 3ms+4ms
06-08 13:52:26.606  1909  2351 I DownloadManager: Initiating request for download 18
06-08 13:52:28.133   860   860 D OpenGLRenderer: Flushing caches (mode 1)
06-08 13:52:28.430  1909  2357 I DownloadManager: deleting /data/data/com.android.providers.downloads/cache/downloadfile.jpeg
06-08 13:52:28.469  1909  1911 D dalvikvm: GC_CONCURRENT freed 349K, 7% free 9331K/9927K, paused 5ms+13ms
06-08 13:52:28.516  1909  2358 I DownloadManager: Initiating request for download 19
06-08 13:52:29.215  1142  1144 D dalvikvm: GC_CONCURRENT freed 414K, 6% free 9379K/9927K, paused 9ms+2ms
06-08 13:52:30.875  1443  1445 D dalvikvm: GC_CONCURRENT freed 639K, 7% free 11202K/11975K, paused 2ms+4ms
06-08 13:52:30.926  1909  2365 I DownloadManager: deleting /data/data/com.android.providers.downloads/cache/downloadfile.jpeg
06-08 13:52:30.957   860   860 D OpenGLRenderer: Flushing caches (mode 1)
06-08 13:52:31.325  1909  2367 I DownloadManager: Initiating request for download 20
06-08 13:52:31.364  1909  1911 D dalvikvm: GC_CONCURRENT freed 415K, 7% free 9317K/9927K, paused 2ms+3ms
06-08 13:52:31.997  1142  1144 D dalvikvm: GC_CONCURRENT freed 410K, 6% free 9383K/9927K, paused 8ms+1ms
06-08 13:52:32.895   860   860 D OpenGLRenderer: Flushing caches (mode 1)
06-08 13:52:33.153  1443  1691 D dalvikvm: GC_EXPLICIT freed 588K, 7% free 11142K/11975K, paused 3ms+7ms
06-08 13:52:34.055  1909  2373 I DownloadManager: deleting /data/data/com.android.providers.downloads/cache/downloadfile.jpeg
06-08 13:52:34.059  1909  2374 I DownloadManager: Initiating request for download 21
06-08 13:52:34.196  1909  1911 D dalvikvm: GC_CONCURRENT freed 375K, 6% free 9337K/9927K, paused 4ms+6ms
06-08 13:52:35.430   860   860 D OpenGLRenderer: Flushing caches (mode 1)
06-08 13:52:35.622   152   491 D dalvikvm: GC_EXPLICIT freed 382K, 14% free 13383K/15431K, paused 2ms+5ms
06-08 13:52:35.793  1909  2379 I DownloadManager: deleting /data/data/com.android.providers.downloads/cache/downloadfile.jpeg
06-08 13:52:35.832  1909  2380 I DownloadManager: Initiating request for download 22
06-08 13:52:35.848  1142  1144 D dalvikvm: GC_CONCURRENT freed 413K, 6% free 9384K/9927K, paused 8ms+2ms
06-08 13:52:35.981  1909  1911 D dalvikvm: GC_CONCURRENT freed 367K, 6% free 9371K/9927K, paused 1ms+6ms
06-08 13:52:36.196   472   472 D SAN_SERVICE: *******************************************
06-08 13:52:36.196   472   472 D SAN_SERVICE: DM App Phone Service State - 0
06-08 13:52:36.196   472   472 D SAN_SERVICE: *******************************************
06-08 13:52:36.465   472   472 D SAN_SERVICE: *******************************************
06-08 13:52:36.465   472   472 D SAN_SERVICE: DM App Phone Service State - 0
06-08 13:52:36.465   472   472 D SAN_SERVICE: *******************************************
06-08 13:52:36.715   472   472 D SAN_SERVICE: *******************************************
06-08 13:52:36.715   472   472 D SAN_SERVICE: DM App Phone Service State - 0
06-08 13:52:36.715   472   472 D SAN_SERVICE: *******************************************
06-08 13:52:37.395   860   860 D OpenGLRenderer: Flushing caches (mode 1)
06-08 13:52:37.629  1909  2386 I DownloadManager: deleting /data/data/com.android.providers.downloads/cache/downloadfile.jpeg
06-08 13:52:37.649  1142  1144 D dalvikvm: GC_CONCURRENT freed 415K, 6% free 9387K/9927K, paused 3ms+2ms
06-08 13:52:38.004  1443  1445 D dalvikvm: GC_CONCURRENT freed 579K, 7% free 11161K/11975K, paused 3ms+5ms
06-08 13:52:38.196  1909  2388 I DownloadManager: Initiating request for download 23
06-08 13:52:38.610   860   860 D OpenGLRenderer: Flushing caches (mode 1)
06-08 13:52:38.672  1909  1911 D dalvikvm: GC_CONCURRENT freed 493K, 7% free 9322K/9927K, paused 3ms+4ms
06-08 13:52:38.922  1443  1445 D dalvikvm: GC_CONCURRENT freed 651K, 7% free 11189K/11975K, paused 2ms+6ms
06-08 13:52:39.184   583   584 D dalvikvm: GC_CONCURRENT freed 359K, 13% free 9800K/11207K, paused 2ms+4ms
06-08 13:52:39.422  1443  1691 D dalvikvm: GC_FOR_ALLOC freed 169K, 7% free 11213K/12039K, paused 33ms
06-08 13:52:39.422  1443  1691 I dalvikvm-heap: Grow heap (frag case) to 11.060MB for 36880-byte allocation
06-08 13:52:39.461  1443  1443 D dalvikvm: GC_FOR_ALLOC freed 9K, 8% free 11240K/12103K, paused 27ms
06-08 13:52:39.840   860   860 D OpenGLRenderer: Flushing caches (mode 1)
06-08 13:52:39.954  1909  2394 I DownloadManager: deleting /data/data/com.android.providers.downloads/cache/downloadfile.jpeg
06-08 13:52:42.434  1909  2396 I DownloadManager: Initiating request for download 24
06-08 13:52:42.723  1909  1911 D dalvikvm: GC_CONCURRENT freed 374K, 6% free 9338K/9927K, paused 2ms+6ms
06-08 13:52:42.774  1142  1144 D dalvikvm: GC_CONCURRENT freed 415K, 6% free 9382K/9927K, paused 2ms+2ms
06-08 13:52:43.809   860   860 D OpenGLRenderer: Flushing caches (mode 1)
06-08 13:52:44.012  1909  2401 I DownloadManager: deleting /data/data/com.android.providers.downloads/cache/downloadfile.jpeg
06-08 13:52:44.164  1443  1445 D dalvikvm: GC_CONCURRENT freed 406K, 6% free 11453K/12103K, paused 3ms+6ms
06-08 13:52:44.266  1443  1443 D webviewglue: nativeDestroy view: 0x1f85140
06-08 13:52:44.985   152   656 D dalvikvm: GC_EXPLICIT freed 384K, 14% free 13396K/15431K, paused 3ms+602ms
06-08 13:52:44.989  1443  1443 D webviewglue: nativeDestroy view: 0x1efa3c8
06-08 13:52:45.000  1443  1443 D webviewglue: nativeDestroy view: 0x220cf88
06-08 13:52:45.004  1443  1443 E Gmail   : Disable UiHandler. Dropping 1 Runnables.
06-08 13:52:46.446   152   492 W ActivityManager: Duplicate finish request for ActivityRecord{4165d6f8 com.google.android.gm/.GmailActivity}
06-08 13:52:46.461   152   375 I ActivityManager: START {act=android.intent.action.MAIN cat=[android.intent.category.LAUNCHER] flg=0x2010000 cmp=com.google.android.gm/.GmailActivity (has extras)} from pid 1443
06-08 13:52:46.528   152   375 D dalvikvm: GC_FOR_ALLOC freed 195K, 14% free 13361K/15431K, paused 45ms
06-08 13:52:46.704  1909  2414 I DownloadManager: Initiating request for download 25
06-08 13:52:46.762   860   860 D OpenGLRenderer: Flushing caches (mode 1)
06-08 13:52:46.801  1443  1445 D dalvikvm: GC_CONCURRENT freed 622K, 6% free 11569K/12295K, paused 24ms+10ms
06-08 13:52:46.911   152   152 D dalvikvm: GC_FOR_ALLOC freed 172K, 14% free 13364K/15431K, paused 45ms
06-08 13:52:46.965   152   201 I ActivityManager: Displayed com.google.android.gm/.GmailActivity: +383ms
06-08 13:52:46.993   152   858 I AudioService:   Remote Control   registerMediaButtonIntent() for PendingIntent{4161bdd0: PendingIntentRecord{41446e00 com.spotify.mobile.android.ui broadcastIntent}}
06-08 13:52:47.004   390   390 V PhoneStatusBar: setLightsOn(true)
06-08 13:52:47.243   152   656 D dalvikvm: GC_FOR_ALLOC freed 155K, 14% free 13361K/15431K, paused 47ms
06-08 13:52:47.473  1142  1144 D dalvikvm: GC_CONCURRENT freed 415K, 6% free 9383K/9927K, paused 2ms+4ms
06-08 13:52:47.555  1443  1443 D dalvikvm: GC_EXPLICIT freed 1029K, 14% free 10666K/12295K, paused 3ms+9ms
06-08 13:52:47.637  1909  1911 D dalvikvm: GC_CONCURRENT freed 378K, 6% free 9364K/9927K, paused 4ms+7ms
06-08 13:52:47.747   152   168 W ActivityManager: Activity pause timeout for ActivityRecord{41587790 com.spotify.mobile.android.ui/.Launcher}
06-08 13:52:47.825   152   168 I Process : Sending signal. PID: 2142 SIG: 3
06-08 13:52:47.825  2142  2146 I dalvikvm: threadid=3: reacting to signal 3
06-08 13:52:47.864  2142  2146 I dalvikvm: Wrote stack traces to '/data/anr/traces.txt'
06-08 13:52:47.895  1443  1443 D OpenGLRenderer: Flushing caches (mode 1)
06-08 13:52:48.313  1159  1159 D Finsky  : [1] DetailsDataBasedFragment.rebindViews: Page [class=DetailsFragment] loaded in [108360 ms] (partial? false)
06-08 13:52:48.372   152   168 I Process : Sending signal. PID: 1159 SIG: 3
06-08 13:52:48.372  1159  1162 I dalvikvm: threadid=3: reacting to signal 3
06-08 13:52:48.450  1159  1162 I dalvikvm: Wrote stack traces to '/data/anr/traces.txt'
06-08 13:52:48.793  1159  1159 D Finsky  : [1] DetailsDataBasedFragment.rebindViews: Page [class=DetailsFragment] loaded in [108840 ms] (partial? true)
06-08 13:52:48.844  1159  1160 D dalvikvm: GC_CONCURRENT freed 2338K, 14% free 16353K/18823K, paused 77ms+11ms
06-08 13:52:48.860   152   163 W InputManagerService: Starting input on non-focused client com.android.internal.view.IInputMethodClient$Stub$Proxy@416626c0 (uid=10055 pid=2142)
06-08 13:52:48.872   152   168 I Process : Sending signal. PID: 1159 SIG: 3
06-08 13:52:48.872  1159  1162 I dalvikvm: threadid=3: reacting to signal 3
06-08 13:52:48.961  1159  1162 I dalvikvm: Wrote stack traces to '/data/anr/traces.txt'
06-08 13:52:49.637   860   860 D OpenGLRenderer: Flushing caches (mode 1)
06-08 13:52:49.735  1909  2425 I DownloadManager: deleting /data/data/com.android.providers.downloads/cache/downloadfile.jpeg
06-08 13:52:49.856  1159  1181 D dalvikvm: GC_FOR_ALLOC freed 3421K, 26% free 14073K/18823K, paused 57ms
06-08 13:52:50.032  1159  1181 D dalvikvm: GC_FOR_ALLOC freed 265K, 20% free 15244K/18823K, paused 47ms
06-08 13:52:50.223   152   164 D dalvikvm: GC_FOR_ALLOC freed 293K, 14% free 13364K/15431K, paused 48ms
06-08 13:52:50.356  1159  1159 D dalvikvm: GC_FOR_ALLOC freed 353K, 14% free 16209K/18823K, paused 76ms
06-08 13:52:50.606  1339  1364 D dalvikvm: GC_FOR_ALLOC freed 457K, 44% free 11244K/20039K, paused 34ms
06-08 13:52:50.606  1339  1364 I dalvikvm-heap: Grow heap (frag case) to 11.931MB for 925072-byte allocation
06-08 13:52:50.649  1339  1339 D dalvikvm: GC_FOR_ALLOC freed 11K, 40% free 12135K/20039K, paused 28ms
06-08 13:52:50.754  1339  1342 D dalvikvm: GC_CONCURRENT freed 9K, 40% free 12151K/20039K, paused 3ms+7ms
06-08 13:52:50.758   152   168 I Process : Sending signal. PID: 1339 SIG: 3
06-08 13:52:50.758  1339  1344 I dalvikvm: threadid=3: reacting to signal 3
06-08 13:52:50.770  1909  2429 I DownloadManager: Initiating request for download 26
06-08 13:52:50.817  1339  1344 I dalvikvm: Wrote stack traces to '/data/anr/traces.txt'
06-08 13:52:50.938  1339  1354 D dalvikvm: GC_FOR_ALLOC freed 974K, 44% free 11403K/20039K, paused 26ms
06-08 13:52:50.942  1339  1354 I dalvikvm-heap: Grow heap (frag case) to 12.431MB for 1286224-byte allocation
06-08 13:52:50.985  1339  1339 D dalvikvm: GC_FOR_ALLOC freed 2K, 37% free 12656K/20039K, paused 26ms
06-08 13:52:51.094  1339  1342 D dalvikvm: GC_CONCURRENT freed 133K, 37% free 12705K/20039K, paused 11ms+3ms
06-08 13:52:51.137  1159  1159 D OpenGLRenderer: Flushing caches (mode 0)
06-08 13:52:51.707  1159  1159 D OpenGLRenderer: Flushing caches (mode 1)
06-08 13:52:51.981   152   655 I ActivityManager: No longer want com.google.android.talk (pid 1694): hidden #16
06-08 13:52:51.993   152   163 I WindowManager: WIN DEATH: Window{4179e120 com.google.android.talk/com.google.android.talk.AccountSelectionActivity paused=false}
06-08 13:52:52.090  1339  1354 D dalvikvm: GC_FOR_ALLOC freed 1319K, 41% free 11954K/20039K, paused 21ms
06-08 13:52:52.090  1339  1354 I dalvikvm-heap: Grow heap (frag case) to 12.969MB for 1286224-byte allocation
06-08 13:52:52.129  1339  1339 D dalvikvm: GC_FOR_ALLOC freed 10K, 35% free 13199K/20039K, paused 21ms
06-08 13:52:52.469  1339  1342 D dalvikvm: GC_CONCURRENT freed 3K, 32% free 13792K/20039K, paused 2ms+216ms
06-08 13:52:53.821  1909  1911 D dalvikvm: GC_CONCURRENT freed 471K, 6% free 9340K/9927K, paused 2ms+4ms
06-08 13:52:53.836   152   164 I ActivityManager: No longer want com.google.android.partnersetup (pid 2099): hidden #16
06-08 13:52:53.946   860   860 D OpenGLRenderer: Flushing caches (mode 1)
06-08 13:52:54.110  1909  2437 I DownloadManager: deleting /data/data/com.android.providers.downloads/cache/downloadfile.jpeg
06-08 13:52:54.317    82   122 D AudioHardware: AudioHardware pcm playback is exiting standby.
06-08 13:52:54.317    82   122 D AudioHardware: openPcmOut_l() mPcmOpenCnt: 0
06-08 13:52:54.524  1142  1144 D dalvikvm: GC_CONCURRENT freed 411K, 6% free 9385K/9927K, paused 6ms+2ms
06-08 13:52:54.528  1909  2441 I DownloadManager: Initiating request for download 27
06-08 13:52:55.582  1909  1928 D dalvikvm: GC_EXPLICIT freed 405K, 7% free 9293K/9927K, paused 6ms+4ms
06-08 13:52:55.668   860   860 D OpenGLRenderer: Flushing caches (mode 1)
06-08 13:52:56.329  1142  1144 D dalvikvm: GC_CONCURRENT freed 413K, 6% free 9385K/9927K, paused 3ms+3ms
06-08 13:52:56.360  1909  2447 I DownloadManager: deleting /data/data/com.android.providers.downloads/cache/downloadfile.jpeg
06-08 13:52:56.375  1909  2448 I DownloadManager: Initiating request for download 28
06-08 13:52:56.750   472   472 D SAN_SERVICE: *******************************************
06-08 13:52:56.750   472   472 D SAN_SERVICE: DM App Phone Service State - 0
06-08 13:52:56.750   472   472 D SAN_SERVICE: *******************************************
06-08 13:52:57.008   472   472 D SAN_SERVICE: *******************************************
06-08 13:52:57.008   472   472 D SAN_SERVICE: DM App Phone Service State - 0
06-08 13:52:57.008   472   472 D SAN_SERVICE: *******************************************
06-08 13:52:57.262   472   472 D SAN_SERVICE: *******************************************
06-08 13:52:57.262   472   472 D SAN_SERVICE: DM App Phone Service State - 0
06-08 13:52:57.262   472   472 D SAN_SERVICE: *******************************************
06-08 13:52:57.329   860   860 D OpenGLRenderer: Flushing caches (mode 1)
06-08 13:52:57.399  1909  1911 D dalvikvm: GC_CONCURRENT freed 369K, 7% free 9308K/9927K, paused 2ms+6ms
06-08 13:52:57.407    82   122 D AudioHardware: AudioHardware pcm playback is going to standby.
06-08 13:52:57.407    82   122 D AudioHardware: closePcmOut_l() mPcmOpenCnt: 1
06-08 13:52:57.477   152   375 D dalvikvm: GC_EXPLICIT freed 492K, 14% free 13367K/15431K, paused 5ms+10ms
06-08 13:52:57.829  1909  2455 I DownloadManager: deleting /data/data/com.android.providers.downloads/cache/downloadfile.jpeg
06-08 13:52:57.848  1909  2456 I DownloadManager: Initiating request for download 29
06-08 13:52:59.446   860   860 D OpenGLRenderer: Flushing caches (mode 1)
06-08 13:52:59.602  1909  1911 D dalvikvm: GC_CONCURRENT freed 375K, 7% free 9323K/9927K, paused 2ms+4ms
06-08 13:52:59.680  1909  2463 I DownloadManager: deleting /data/data/com.android.providers.downloads/cache/downloadfile.jpeg
06-08 13:52:59.680  1142  1144 D dalvikvm: GC_CONCURRENT freed 408K, 6% free 9385K/9927K, paused 6ms+5ms
06-08 13:52:59.891  1909  2465 I DownloadManager: Initiating request for download 30
06-08 13:53:00.114    82   122 D AudioHardware: AudioHardware pcm playback is exiting standby.
06-08 13:53:00.114    82   122 D AudioHardware: openPcmOut_l() mPcmOpenCnt: 0
06-08 13:53:00.247   152   656 I ActivityManager: START {act=android.intent.action.MAIN cat=[android.intent.category.LAUNCHER] flg=0x10200000 cmp=com.google.android.talk/.SigningInActivity} from pid 1339
06-08 13:53:00.336   152   375 I ActivityManager: Start proc com.google.android.talk for activity com.google.android.talk/.AccountSelectionActivity: pid=2468 uid=10047 gids={3003, 1015, 1006, 3002}
06-08 13:53:00.461  1339  1339 D OpenGLRenderer: Flushing caches (mode 1)
06-08 13:53:00.520  1339  1339 D OpenGLRenderer: Flushing caches (mode 0)
06-08 13:53:00.567  2468  2468 I ActivityThread: Pub com.google.android.talk.SuggestionProvider: com.google.android.talk.SuggestionsProvider
06-08 13:53:00.668  2468  2468 D vclib:CallStateClient: startListening
06-08 13:53:00.813  2468  2469 D dalvikvm: GC_CONCURRENT freed 131K, 3% free 9404K/9607K, paused 22ms+13ms
06-08 13:53:00.918   152   168 I Process : Sending signal. PID: 2468 SIG: 3
06-08 13:53:00.918  2468  2470 I dalvikvm: threadid=3: reacting to signal 3
06-08 13:53:00.938  2468  2470 I dalvikvm: Wrote stack traces to '/data/anr/traces.txt'
06-08 13:53:01.020   691   693 D dalvikvm: GC_CONCURRENT freed 436K, 12% free 10446K/11783K, paused 60ms+8ms
06-08 13:53:01.055  2468  2468 D libEGL  : loaded /system/lib/egl/libGLES_android.so
06-08 13:53:01.071  2468  2468 D libEGL  : loaded /vendor/lib/egl/libEGL_POWERVR_SGX540_120.so
06-08 13:53:01.094  2468  2468 D libEGL  : loaded /vendor/lib/egl/libGLESv1_CM_POWERVR_SGX540_120.so
06-08 13:53:01.098  2468  2468 D libEGL  : loaded /vendor/lib/egl/libGLESv2_POWERVR_SGX540_120.so
06-08 13:53:01.192  2468  2468 D OpenGLRenderer: Enabling debug mode 0
06-08 13:53:01.254   152   655 W InputManagerService: Starting input on non-focused client com.android.internal.view.IInputMethodClient$Stub$Proxy@41489078 (uid=10027 pid=1339)
06-08 13:53:01.336   152   201 I ActivityManager: Displayed com.google.android.talk/.AccountSelectionActivity: +1s54ms
06-08 13:53:01.618   860   860 D OpenGLRenderer: Flushing caches (mode 1)
06-08 13:53:01.778  1909  2495 I DownloadManager: deleting /data/data/com.android.providers.downloads/cache/downloadfile.jpeg
06-08 13:53:01.821  1909  1911 D dalvikvm: GC_CONCURRENT freed 403K, 7% free 9312K/9927K, paused 5ms+2ms
06-08 13:53:02.004  1909  2497 I DownloadManager: Initiating request for download 31
06-08 13:53:02.137  1142  1144 D dalvikvm: GC_CONCURRENT freed 410K, 6% free 9386K/9927K, paused 2ms+2ms
06-08 13:53:03.211    82   122 D AudioHardware: AudioHardware pcm playback is going to standby.
06-08 13:53:03.211    82   122 D AudioHardware: closePcmOut_l() mPcmOpenCnt: 1
06-08 13:53:03.622   860   860 D OpenGLRenderer: Flushing caches (mode 1)
06-08 13:53:03.633  1443  1445 D dalvikvm: GC_CONCURRENT freed 401K, 13% free 10700K/12295K, paused 4ms+8ms
06-08 13:53:03.813  1909  2503 I DownloadManager: deleting /data/data/com.android.providers.downloads/cache/downloadfile.jpeg
06-08 13:53:05.250  1909  1911 D dalvikvm: GC_CONCURRENT freed 374K, 7% free 9324K/9927K, paused 9ms+3ms
06-08 13:53:05.332  1909  2505 I DownloadManager: Initiating request for download 32
06-08 13:53:05.989  1142  1144 D dalvikvm: GC_CONCURRENT freed 410K, 6% free 9385K/9927K, paused 2ms+3ms
06-08 13:53:06.258   860   860 D OpenGLRenderer: Flushing caches (mode 1)
06-08 13:53:06.391  1909  2511 I DownloadManager: deleting /data/data/com.android.providers.downloads/cache/downloadfile.jpeg
06-08 13:53:06.676   152   491 D dalvikvm: GC_EXPLICIT freed 662K, 14% free 13404K/15431K, paused 7ms+5ms
06-08 13:53:06.688  1909  2513 I DownloadManager: Initiating request for download 33
06-08 13:53:06.711  1909  1911 D dalvikvm: GC_CONCURRENT freed 385K, 6% free 9340K/9927K, paused 37ms+3ms
06-08 13:53:07.649  1142  1144 D dalvikvm: GC_CONCURRENT freed 408K, 6% free 9385K/9927K, paused 4ms+2ms
06-08 13:53:07.696   860   860 D OpenGLRenderer: Flushing caches (mode 1)
06-08 13:53:07.907  1909  2520 I DownloadManager: deleting /data/data/com.android.providers.downloads/cache/downloadfile.jpeg
06-08 13:53:07.914  1909  2521 I DownloadManager: Initiating request for download 34
06-08 13:53:08.047  1909  1911 D dalvikvm: GC_CONCURRENT freed 372K, 6% free 9363K/9927K, paused 2ms+4ms
06-08 13:53:08.329  1339  1342 D dalvikvm: GC_CONCURRENT freed 4337K, 46% free 10970K/20039K, paused 2ms+6ms
06-08 13:53:08.407   152   857 W InputManagerService: Starting input on non-focused client com.android.internal.view.IInputMethodClient$Stub$Proxy@4146d700 (uid=10047 pid=2468)
06-08 13:53:08.516  1339  1342 D dalvikvm: GC_CONCURRENT freed 423K, 45% free 11103K/20039K, paused 1ms+5ms
06-08 13:53:08.536  1339  1365 D dalvikvm: GC_FOR_ALLOC freed 12K, 45% free 11091K/20039K, paused 22ms
06-08 13:53:08.539  1339  1365 I dalvikvm-heap: Grow heap (frag case) to 11.783MB for 925072-byte allocation
06-08 13:53:08.586  1339  1339 D dalvikvm: GC_FOR_ALLOC freed 0K, 41% free 11995K/20039K, paused 22ms
06-08 13:53:08.700   152   168 I Process : Sending signal. PID: 1339 SIG: 3
06-08 13:53:08.700  1339  1344 I dalvikvm: threadid=3: reacting to signal 3
06-08 13:53:08.747  1339  1368 D dalvikvm: GC_FOR_ALLOC freed 65K, 40% free 12064K/20039K, paused 32ms
06-08 13:53:08.750  1339  1368 I dalvikvm-heap: Grow heap (frag case) to 13.077MB for 1286224-byte allocation
06-08 13:53:08.754  1339  1344 I dalvikvm: Wrote stack traces to '/data/anr/traces.txt'
06-08 13:53:08.825  1339  1365 D dalvikvm: GC_FOR_ALLOC freed 1K, 34% free 13318K/20039K, paused 45ms
06-08 13:53:08.844  2468  2468 D OpenGLRenderer: Flushing caches (mode 0)
06-08 13:53:08.973  1339  1342 D dalvikvm: GC_CONCURRENT freed 142K, 32% free 13722K/20039K, paused 2ms+17ms
06-08 13:53:09.305  1339  1342 D dalvikvm: GC_CONCURRENT freed 2419K, 36% free 12854K/20039K, paused 3ms+4ms
06-08 13:53:09.387  2468  2468 D OpenGLRenderer: Flushing caches (mode 1)
06-08 13:53:09.606  1339  1342 D dalvikvm: GC_CONCURRENT freed 1933K, 40% free 12079K/20039K, paused 2ms+4ms
06-08 13:53:09.758   152   857 I ActivityManager: No longer want com.android.musicfx (pid 2112): hidden #16
06-08 13:53:09.899   860   860 D OpenGLRenderer: Flushing caches (mode 1)
06-08 13:53:10.106  1909  2535 I DownloadManager: deleting /data/data/com.android.providers.downloads/cache/downloadfile.gif
06-08 13:53:10.442  1909  2537 I DownloadManager: Initiating request for download 35
06-08 13:53:10.622  1909  1911 D dalvikvm: GC_CONCURRENT freed 438K, 6% free 9364K/9927K, paused 3ms+9ms
06-08 13:53:10.778  1142  1144 D dalvikvm: GC_CONCURRENT freed 409K, 6% free 9385K/9927K, paused 4ms+2ms
06-08 13:53:11.606   860   860 D OpenGLRenderer: Flushing caches (mode 1)
06-08 13:53:13.997  1909  2543 I DownloadManager: deleting /data/data/com.android.providers.downloads/cache/downloadfile.gif
06-08 13:53:14.004  1909  2544 I DownloadManager: Initiating request for download 36
06-08 13:53:14.231    82   122 D AudioHardware: AudioHardware pcm playback is exiting standby.
06-08 13:53:14.231    82   122 D AudioHardware: openPcmOut_l() mPcmOpenCnt: 0
06-08 13:53:14.247  1909  1911 D dalvikvm: GC_CONCURRENT freed 452K, 6% free 9361K/9927K, paused 2ms+27ms
06-08 13:53:15.016   860   860 D OpenGLRenderer: Flushing caches (mode 1)
06-08 13:53:15.282  1909  2552 I DownloadManager: deleting /data/data/com.android.providers.downloads/cache/downloadfile.gif
06-08 13:53:15.329  1909  2553 I DownloadManager: Initiating request for download 37
06-08 13:53:15.336  1142  1144 D dalvikvm: GC_CONCURRENT freed 419K, 6% free 9384K/9927K, paused 8ms+2ms
06-08 13:53:15.520  1909  2552 D dalvikvm: GC_EXPLICIT freed 262K, 6% free 9365K/9927K, paused 7ms+10ms
06-08 13:53:15.653  1142  2217 V PicasaAPI:    etag: --> W/"A0UEQH8-fip7ImA9WhVbEkk.",entryCount=369
06-08 13:53:15.653  1142  2217 D PicasaAPI:    done
06-08 13:53:15.657  1142  2217 D MetricsUtils: [PicasaApi.getAlbumPhotos in:128683 out:711 time:57308]
06-08 13:53:15.704  1142  2217 D MetricsUtils: [PicasaSyncHelper.syncPhotos 5646076096548662897 time:57364]
06-08 13:53:15.719  1142  2217 D PicasaAPI: getAlbumPhotos for 102196091084294424034 / 5660537958628084001, etag: null
06-08 13:53:16.262   860   860 D OpenGLRenderer: Flushing caches (mode 1)
06-08 13:53:16.379  1142  2217 V PicasaAPI:    etag: --> W/"CU8NR3k8eCp7ImA9WhVWFks.",entryCount=4
06-08 13:53:16.379  1142  2217 D PicasaAPI:    done
06-08 13:53:16.379  1142  2217 D MetricsUtils: [PicasaApi.getAlbumPhotos in:3251 out:711 time:662]
06-08 13:53:16.469  1142  2217 D MetricsUtils: [PicasaSyncHelper.syncPhotos 5660537958628084001 time:761]
06-08 13:53:16.473  1142  2217 D PicasaAPI: getAlbumPhotos for 102196091084294424034 / 5660579761579298353, etag: null
06-08 13:53:16.528  1909  2561 I DownloadManager: deleting /data/data/com.android.providers.downloads/cache/downloadfile.gif
06-08 13:53:16.539  1909  2562 I DownloadManager: Initiating request for download 38
06-08 13:53:16.735  1909  1911 D dalvikvm: GC_CONCURRENT freed 425K, 6% free 9385K/9927K, paused 2ms+4ms
06-08 13:53:16.758  1142  2217 V PicasaAPI:    etag: --> W/"DEMGSHk_fSp7ImA9WhdUGUg.",entryCount=0
06-08 13:53:16.758  1142  2217 D PicasaAPI:    done
06-08 13:53:16.758  1142  2217 D MetricsUtils: [PicasaApi.getAlbumPhotos in:1646 out:711 time:287]
06-08 13:53:16.786  1142  2217 D MetricsUtils: [PicasaSyncHelper.syncPhotos 5660579761579298353 time:318]
06-08 13:53:16.789  1142  2217 D PicasaAPI: getAlbumPhotos for 102196091084294424034 / 5694622698172303841, etag: null
06-08 13:53:17.258  1142  2217 V PicasaAPI:    etag: --> W/"CEEDQ3s_fCp7ImA9WhRWGEU.",entryCount=1
06-08 13:53:17.258  1142  2217 D PicasaAPI:    done
06-08 13:53:17.258  1142  2217 D MetricsUtils: [PicasaApi.getAlbumPhotos in:2901 out:711 time:469]
06-08 13:53:17.325    82   122 D AudioHardware: AudioHardware pcm playback is going to standby.
06-08 13:53:17.325    82   122 D AudioHardware: closePcmOut_l() mPcmOpenCnt: 1
06-08 13:53:17.375   152   857 D dalvikvm: GC_EXPLICIT freed 741K, 14% free 13408K/15431K, paused 4ms+8ms
06-08 13:53:17.387  1142  2217 D MetricsUtils: [PicasaSyncHelper.syncPhotos 5694622698172303841 time:599]
06-08 13:53:17.391  1142  2217 D PicasaAPI: getAlbumPhotos for 102196091084294424034 / 5694623660779577505, etag: null
06-08 13:53:17.493   860   860 D OpenGLRenderer: Flushing caches (mode 1)
06-08 13:53:17.680  1909  2569 I DownloadManager: deleting /data/data/com.android.providers.downloads/cache/downloadfile.gif
06-08 13:53:17.688  1443  1445 D dalvikvm: GC_CONCURRENT freed 671K, 15% free 10463K/12295K, paused 3ms+4ms
06-08 13:53:17.704  1909  2570 I DownloadManager: Initiating request for download 39
06-08 13:53:17.778  1142  2217 V PicasaAPI:    etag: --> W/"A0IDSH8-fSp7ImA9WhRVEk8.",entryCount=1
06-08 13:53:17.778  1142  2217 D PicasaAPI:    done
06-08 13:53:17.778  1142  2217 D MetricsUtils: [PicasaApi.getAlbumPhotos in:2905 out:711 time:388]
06-08 13:53:17.829  1142  2217 D MetricsUtils: [PicasaSyncHelper.syncPhotos 5694623660779577505 time:441]
06-08 13:53:17.832  1142  2217 D PicasaAPI: getAlbumPhotos for 102196091084294424034 / 5694625118308139777, etag: null
06-08 13:53:17.899  1909  1911 D dalvikvm: GC_CONCURRENT freed 403K, 6% free 9392K/9927K, paused 2ms+4ms
06-08 13:53:18.243  1142  1144 D dalvikvm: GC_CONCURRENT freed 408K, 6% free 9387K/9927K, paused 28ms+2ms
06-08 13:53:18.321  1142  2217 V PicasaAPI:    etag: --> W/"CkECRX87fCp7ImA9WhRVEkg.",entryCount=1
06-08 13:53:18.321  1142  2217 D PicasaAPI:    done
06-08 13:53:18.321  1142  2217 D MetricsUtils: [PicasaApi.getAlbumPhotos in:2907 out:711 time:489]
06-08 13:53:18.352  1142  2217 D MetricsUtils: [PicasaSyncHelper.syncPhotos 5694625118308139777 time:522]
06-08 13:53:18.356  1142  2217 D PicasaAPI: getAlbumPhotos for 102196091084294424034 / 5696206706389214673, etag: null
06-08 13:53:18.481   860   860 D OpenGLRenderer: Flushing caches (mode 1)
06-08 13:53:18.528  1909  2576 I DownloadManager: deleting /data/data/com.android.providers.downloads/cache/downloadfile.gif
06-08 13:53:20.403  1142  2217 V PicasaAPI:    etag: --> W/"AkcEQno7eyp7ImA9WhVUFUg.",entryCount=3
06-08 13:53:20.403  1142  2217 D PicasaAPI:    done
06-08 13:53:20.407  1142  2217 D MetricsUtils: [PicasaApi.getAlbumPhotos in:3345 out:711 time:2051]
06-08 13:53:20.504  1142  2217 D MetricsUtils: [PicasaSyncHelper.syncPhotos 5696206706389214673 time:2152]
06-08 13:53:20.524  1142  2217 D PicasaAPI: getAlbumPhotos for 102196091084294424034 / 5696208577700890849, etag: null
06-08 13:53:20.539  1909  2578 I DownloadManager: Initiating request for download 40
06-08 13:53:21.004  1142  2217 V PicasaAPI:    etag: --> W/"C04FQHszeip7ImA9WhRVEkg.",entryCount=1
06-08 13:53:21.008  1142  2217 D PicasaAPI:    done
06-08 13:53:21.008  1142  2217 D MetricsUtils: [PicasaApi.getAlbumPhotos in:2914 out:711 time:485]
06-08 13:53:21.106  1142  2217 D MetricsUtils: [PicasaSyncHelper.syncPhotos 5696208577700890849 time:585]
06-08 13:53:21.110  1142  2217 D PicasaAPI: getAlbumPhotos for 102196091084294424034 / 5696209467398657825, etag: null
06-08 13:53:21.196  1909  1911 D dalvikvm: GC_CONCURRENT freed 422K, 6% free 9378K/9927K, paused 4ms+5ms
06-08 13:53:21.364   860   860 D OpenGLRenderer: Flushing caches (mode 1)
06-08 13:53:21.461    82   122 D AudioHardware: AudioHardware pcm playback is exiting standby.
06-08 13:53:21.461    82   122 D AudioHardware: openPcmOut_l() mPcmOpenCnt: 0
06-08 13:53:21.555  1142  2217 V PicasaAPI:    etag: --> W/"CEYFSXs_eyp7ImA9WhRVEkg.",entryCount=1
06-08 13:53:21.555  1142  2217 D PicasaAPI:    done
06-08 13:53:21.559  1142  2217 D MetricsUtils: [PicasaApi.getAlbumPhotos in:2917 out:711 time:448]
06-08 13:53:21.567   152   164 I ActivityManager: START {act=android.intent.action.MAIN cat=[android.intent.category.LAUNCHER] flg=0x10200000 cmp=com.android.vending/.AssetBrowserActivity} from pid 1339
06-08 13:53:21.590  1909  2583 I DownloadManager: deleting /data/data/com.android.providers.downloads/cache/downloadfile.gif
06-08 13:53:21.711  1339  1339 D OpenGLRenderer: Flushing caches (mode 1)
06-08 13:53:21.747  1339  1339 D OpenGLRenderer: Flushing caches (mode 0)
06-08 13:53:21.801  1142  2217 D MetricsUtils: [PicasaSyncHelper.syncPhotos 5696209467398657825 time:692]
06-08 13:53:21.825  1142  2217 D PicasaAPI: getAlbumPhotos for 102196091084294424034 / 5696209942667249841, etag: null
06-08 13:53:21.852  1159  1159 D Finsky  : [1] SelfUpdateScheduler.checkForSelfUpdate: Skipping self-update check as there is an update already queued.
06-08 13:53:21.946   152   201 I ActivityManager: Displayed com.android.vending/.AssetBrowserActivity: +349ms
06-08 13:53:21.989   152   375 W InputManagerService: Starting input on non-focused client com.android.internal.view.IInputMethodClient$Stub$Proxy@41489078 (uid=10027 pid=1339)
06-08 13:53:22.164  1159  1181 D dalvikvm: GC_FOR_ALLOC freed 1619K, 19% free 15302K/18823K, paused 57ms
06-08 13:53:22.168  1159  1181 I dalvikvm-heap: Grow heap (frag case) to 15.510MB for 522256-byte allocation
06-08 13:53:22.235  1159  1159 D dalvikvm: GC_FOR_ALLOC freed 382K, 21% free 15430K/19335K, paused 41ms
06-08 13:53:22.243  1909  2587 I DownloadManager: Initiating request for download 41
06-08 13:53:22.289  1159  1159 D dalvikvm: GC_FOR_ALLOC freed 57K, 21% free 15376K/19335K, paused 36ms
06-08 13:53:22.289  1159  1159 I dalvikvm-heap: Grow heap (frag case) to 15.458MB for 392720-byte allocation
06-08 13:53:22.325   472   472 D SAN_SERVICE: *******************************************
06-08 13:53:22.325   472   472 D SAN_SERVICE: DM App Phone Service State - 0
06-08 13:53:22.325   472   472 D SAN_SERVICE: *******************************************
06-08 13:53:22.352  1159  1181 D dalvikvm: GC_FOR_ALLOC freed 54K, 21% free 15705K/19719K, paused 44ms
06-08 13:53:22.485  1159  1181 D dalvikvm: GC_FOR_ALLOC freed 3260K, 35% free 12908K/19719K, paused 29ms
06-08 13:53:22.579  1159  1160 D dalvikvm: GC_CONCURRENT freed 131K, 29% free 14072K/19719K, paused 2ms+10ms
06-08 13:53:22.707  1142  2217 V PicasaAPI:    etag: --> W/"Dk8MQHY6eSp7ImA9WhVbEUo.",entryCount=1
06-08 13:53:22.707  1142  2217 D PicasaAPI:    done
06-08 13:53:22.707  1142  2217 D MetricsUtils: [PicasaApi.getAlbumPhotos in:3103 out:711 time:885]
06-08 13:53:22.743  1142  2217 D MetricsUtils: [PicasaSyncHelper.syncPhotos 5696209942667249841 time:941]
06-08 13:53:22.743  1142  2217 D PicasaAPI: getAlbumPhotos for 102196091084294424034 / 5696210308813963153, etag: null
06-08 13:53:22.868   472   472 D SAN_SERVICE: *******************************************
06-08 13:53:22.868   472   472 D SAN_SERVICE: DM App Phone Service State - 0
06-08 13:53:22.868   472   472 D SAN_SERVICE: *******************************************
06-08 13:53:22.922   472   475 D dalvikvm: GC_CONCURRENT freed 390K, 7% free 9506K/10119K, paused 7ms+4ms
06-08 13:53:23.141  1142  1144 D dalvikvm: GC_CONCURRENT freed 401K, 6% free 9391K/9927K, paused 1ms+3ms
06-08 13:53:23.157  1142  2217 V PicasaAPI:    etag: --> W/"CEQFRX88fip7ImA9WhRVEkg.",entryCount=1
06-08 13:53:23.157  1142  2217 D PicasaAPI:    done
06-08 13:53:23.157  1142  2217 D MetricsUtils: [PicasaApi.getAlbumPhotos in:2916 out:711 time:414]
06-08 13:53:23.219  1142  2217 D MetricsUtils: [PicasaSyncHelper.syncPhotos 5696210308813963153 time:478]
06-08 13:53:23.223  1142  2217 D PicasaAPI: getAlbumPhotos for 102196091084294424034 / 5696210640027438209, etag: null
06-08 13:53:23.450   152   164 D dalvikvm: GC_FOR_ALLOC freed 578K, 14% free 13421K/15431K, paused 56ms
06-08 13:53:23.618  1339  1342 D dalvikvm: GC_CONCURRENT freed 2177K, 47% free 10816K/20039K, paused 7ms+5ms
06-08 13:53:23.891  1339  1342 D dalvikvm: GC_CONCURRENT freed 164K, 44% free 11243K/20039K, paused 2ms+8ms
06-08 13:53:23.957  1339  1354 D dalvikvm: GC_FOR_ALLOC freed 270K, 46% free 10977K/20039K, paused 30ms
06-08 13:53:23.961  1339  1354 I dalvikvm-heap: Grow heap (frag case) to 11.670MB for 925072-byte allocation
06-08 13:53:23.965   152   168 I Process : Sending signal. PID: 1339 SIG: 3
06-08 13:53:23.969  1339  1344 I dalvikvm: threadid=3: reacting to signal 3
06-08 13:53:23.997  1339  1339 D dalvikvm: GC_FOR_ALLOC freed <1K, 41% free 11880K/20039K, paused 21ms
06-08 13:53:24.012  1339  1344 I dalvikvm: Wrote stack traces to '/data/anr/traces.txt'
06-08 13:53:24.106  1159  1159 D OpenGLRenderer: Flushing caches (mode 0)
06-08 13:53:24.118  1339  1342 D dalvikvm: GC_CONCURRENT freed 21K, 41% free 11986K/20039K, paused 2ms+4ms
06-08 13:53:24.184  1339  1366 D dalvikvm: GC_FOR_ALLOC freed 46K, 40% free 12052K/20039K, paused 31ms
06-08 13:53:24.188  1339  1366 I dalvikvm-heap: Grow heap (frag case) to 13.065MB for 1286224-byte allocation
06-08 13:53:24.231  1339  1354 D dalvikvm: GC_FOR_ALLOC freed 905K, 39% free 12402K/20039K, paused 28ms
06-08 13:53:24.348  1339  1342 D dalvikvm: GC_CONCURRENT freed 137K, 37% free 12692K/20039K, paused 2ms+19ms
06-08 13:53:24.469  1339  1366 D dalvikvm: GC_FOR_ALLOC freed 1507K, 44% free 11361K/20039K, paused 26ms
06-08 13:53:24.473  1339  1366 I dalvikvm-heap: Grow heap (frag case) to 12.390MB for 1286224-byte allocation
06-08 13:53:24.520  1339  1339 D dalvikvm: GC_FOR_ALLOC freed 1K, 38% free 12615K/20039K, paused 32ms
06-08 13:53:24.551    82   122 D AudioHardware: AudioHardware pcm playback is going to standby.
06-08 13:53:24.551    82   122 D AudioHardware: closePcmOut_l() mPcmOpenCnt: 1
06-08 13:53:24.602  1339  1342 D dalvikvm: GC_CONCURRENT freed 5K, 38% free 12621K/20039K, paused 2ms+6ms
06-08 13:53:24.629  1909  1911 D dalvikvm: GC_CONCURRENT freed 433K, 6% free 9372K/9927K, paused 31ms+3ms
06-08 13:53:24.672  1159  1159 D OpenGLRenderer: Flushing caches (mode 1)
06-08 13:53:24.758   860   860 D OpenGLRenderer: Flushing caches (mode 1)
06-08 13:53:24.762  1909  2594 I DownloadManager: deleting /data/data/com.android.providers.downloads/cache/downloadfile.gif
06-08 13:53:24.879  1142  2217 V PicasaAPI:    etag: --> W/"CEQNQXkyeCp7ImA9WhRVEkg.",entryCount=1
06-08 13:53:24.895  1339  1365 D dalvikvm: GC_FOR_ALLOC freed 1922K, 43% free 11601K/20039K, paused 31ms
06-08 13:53:24.969  1142  2217 D PicasaAPI:    done
06-08 13:53:24.969  1142  2217 D MetricsUtils: [PicasaApi.getAlbumPhotos in:2914 out:711 time:1749]
06-08 13:53:25.051  1339  1342 D dalvikvm: GC_CONCURRENT freed 531K, 41% free 11917K/20039K, paused 2ms+4ms
06-08 13:53:25.086  1142  2217 D MetricsUtils: [PicasaSyncHelper.syncPhotos 5696210640027438209 time:1867]
06-08 13:53:25.090  1142  2217 D PicasaAPI: getAlbumPhotos for 102196091084294424034 / 5697357162253353697, etag: null
06-08 13:53:25.231  1909  2599 I DownloadManager: Initiating request for download 42
06-08 13:53:25.454  1142  2217 V PicasaAPI:    etag: --> W/"Ak4GSHwzfCp7ImA9WhRUEE0.",entryCount=1
06-08 13:53:25.457  1142  2217 D PicasaAPI:    done
06-08 13:53:25.457  1142  2217 D MetricsUtils: [PicasaApi.getAlbumPhotos in:2906 out:711 time:370]
06-08 13:53:25.500  1142  2217 D MetricsUtils: [PicasaSyncHelper.syncPhotos 5697357162253353697 time:416]
06-08 13:53:25.508  1142  2217 D PicasaAPI: getAlbumPhotos for 102196091084294424034 / 5697357893380153441, etag: null
06-08 13:53:25.875  1142  2217 V PicasaAPI:    etag: --> W/"A0IERnk7eip7ImA9WhRVFUw.",entryCount=1
06-08 13:53:25.875  1142  2217 D PicasaAPI:    done
06-08 13:53:25.875  1142  2217 D MetricsUtils: [PicasaApi.getAlbumPhotos in:3103 out:711 time:368]
06-08 13:53:25.918  1142  2217 D MetricsUtils: [PicasaSyncHelper.syncPhotos 5697357893380153441 time:413]
06-08 13:53:25.926  1142  2217 D PicasaAPI: getAlbumPhotos for 102196091084294424034 / 5697358678266882305, etag: null
06-08 13:53:25.957    82   122 D AudioHardware: AudioHardware pcm playback is exiting standby.
06-08 13:53:25.957    82   122 D AudioHardware: openPcmOut_l() mPcmOpenCnt: 0
06-08 13:53:26.325  1142  2217 V PicasaAPI:    etag: --> W/"A0EMSHY7eyp7ImA9WhRVFUw.",entryCount=1
06-08 13:53:26.325  1142  2217 D PicasaAPI:    done
06-08 13:53:26.325  1142  2217 D MetricsUtils: [PicasaApi.getAlbumPhotos in:2908 out:711 time:406]
06-08 13:53:26.375  1142  2217 D MetricsUtils: [PicasaSyncHelper.syncPhotos 5697358678266882305 time:457]
06-08 13:53:26.379  1142  2217 D PicasaAPI: getAlbumPhotos for 102196091084294424034 / 5713332090767434225, etag: null
06-08 13:53:26.934  1142  2217 V PicasaAPI:    etag: --> W/"CkcMRXo7fip7ImA9WhVbEkk.",entryCount=1
06-08 13:53:26.934  1142  2217 D PicasaAPI:    done
06-08 13:53:26.934  1142  2217 D MetricsUtils: [PicasaApi.getAlbumPhotos in:2597 out:711 time:557]
06-08 13:53:26.977  1142  2217 D MetricsUtils: [PicasaSyncHelper.syncPhotos 5713332090767434225 time:600]
06-08 13:53:26.989  1142  2217 D PicasaAPI: getAlbumPhotos for 102196091084294424034 / 5713332890789568401, etag: null
06-08 13:53:28.411  1142  1144 D dalvikvm: GC_CONCURRENT freed 401K, 6% free 9394K/9927K, paused 6ms+3ms
06-08 13:53:28.461  1142  2217 V PicasaAPI:    etag: --> W/"D0YCRX47fip7ImA9WhVTEkk.",entryCount=1
06-08 13:53:28.461  1142  2217 D PicasaAPI:    done
06-08 13:53:28.461  1142  2217 D MetricsUtils: [PicasaApi.getAlbumPhotos in:2688 out:711 time:1472]
06-08 13:53:28.493  1142  2217 D MetricsUtils: [PicasaSyncHelper.syncPhotos 5713332890789568401 time:1505]
06-08 13:53:28.493  1142  2217 D PicasaAPI: getAlbumPhotos for 102196091084294424034 / 5721367852635640097, etag: null
06-08 13:53:28.950   152   152 I ActivityManager: START {act=android.intent.action.MAIN cat=[android.intent.category.LAUNCHER] flg=0x10200000 cmp=com.google.android.talk/.SigningInActivity} from pid 1339
06-08 13:53:29.047   152   152 D dalvikvm: GC_FOR_ALLOC freed 337K, 13% free 13447K/15431K, paused 59ms
06-08 13:53:29.176   152   163 I ActivityManager: START {flg=0x20000000 cmp=com.google.android.talk/.AccountSelectionActivity} from pid 2468
06-08 13:53:29.200  2468  2469 D dalvikvm: GC_CONCURRENT freed 254K, 4% free 9559K/9927K, paused 6ms+7ms
06-08 13:53:29.317  1339  1339 D OpenGLRenderer: Flushing caches (mode 1)
06-08 13:53:29.379   152   201 I ActivityManager: Displayed com.google.android.talk/.AccountSelectionActivity: +198ms (total +300ms)
06-08 13:53:29.446  1339  1339 D OpenGLRenderer: Flushing caches (mode 0)
06-08 13:53:29.528   152   858 W InputManagerService: Starting input on non-focused client com.android.internal.view.IInputMethodClient$Stub$Proxy@41489078 (uid=10027 pid=1339)
06-08 13:53:29.809  1142  2217 V PicasaAPI:    etag: --> W/"CkQNQ3syeyp7ImA9WhVREUw.",entryCount=6
06-08 13:53:29.809  1142  2217 D PicasaAPI:    done
06-08 13:53:29.809  1142  2217 D MetricsUtils: [PicasaApi.getAlbumPhotos in:4108 out:711 time:1317]
06-08 13:53:29.844  1142  2217 D MetricsUtils: [PicasaSyncHelper.syncPhotos 5721367852635640097 time:1354]
06-08 13:53:29.848  1142  2217 D PicasaAPI: getAlbumPhotos for 102196091084294424034 / 5721368343152667873, etag: null
06-08 13:53:31.934    82   122 D AudioHardware: AudioHardware pcm playback is going to standby.
06-08 13:53:31.934    82   122 D AudioHardware: closePcmOut_l() mPcmOpenCnt: 1
06-08 13:53:32.536    82   122 D AudioHardware: AudioHardware pcm playback is exiting standby.
06-08 13:53:32.536    82   122 D AudioHardware: openPcmOut_l() mPcmOpenCnt: 0
06-08 13:53:32.586   472   472 D SAN_SERVICE: *******************************************
06-08 13:53:32.586   472   472 D SAN_SERVICE: DM App Phone Service State - 0
06-08 13:53:32.586   472   472 D SAN_SERVICE: *******************************************
06-08 13:53:32.786  1909  1911 D dalvikvm: GC_CONCURRENT freed 453K, 6% free 9344K/9927K, paused 3ms+3ms
06-08 13:53:32.832  1142  1144 D dalvikvm: GC_CONCURRENT freed 410K, 6% free 9390K/9927K, paused 3ms+3ms
06-08 13:53:33.305   152   492 D dalvikvm: GC_EXPLICIT freed 314K, 14% free 13397K/15431K, paused 3ms+5ms
06-08 13:53:33.387   860   860 D OpenGLRenderer: Flushing caches (mode 1)
06-08 13:53:33.711  1909  2614 I DownloadManager: deleting /data/data/com.android.providers.downloads/cache/downloadfile.jpeg
06-08 13:53:33.723  1909  2615 I DownloadManager: Initiating request for download 43
06-08 13:53:33.786  1142  2217 V PicasaAPI:    etag: --> W/"CkMNSXo_eip7ImA9WhVREUw.",entryCount=19
06-08 13:53:33.786  1142  2217 D PicasaAPI:    done
06-08 13:53:33.786  1142  2217 D MetricsUtils: [PicasaApi.getAlbumPhotos in:8256 out:711 time:3935]
06-08 13:53:33.832  1142  2217 D MetricsUtils: [PicasaSyncHelper.syncPhotos 5721368343152667873 time:3987]
06-08 13:53:33.852  1142  2217 D PicasaAPI: getAlbumPhotos for 102196091084294424034 / 5723619004246609073, etag: null
06-08 13:53:34.637  1142  2217 V PicasaAPI:    etag: --> W/"DkIDRXozfCp7ImA9WhVRFk4.",entryCount=8
06-08 13:53:34.641  1142  2217 D PicasaAPI:    done
06-08 13:53:34.641  1142  2217 D MetricsUtils: [PicasaApi.getAlbumPhotos in:3891 out:711 time:793]
06-08 13:53:34.711  1142  2217 D MetricsUtils: [PicasaSyncHelper.syncPhotos 5723619004246609073 time:876]
06-08 13:53:34.719  1142  2217 D PicasaAPI: getAlbumPhotos for 102196091084294424034 / 5726300043822142561, etag: null
06-08 13:53:35.086  1142  2217 V PicasaAPI:    etag: --> W/"CUMFQnk5eip7ImA9WhVQEks.",entryCount=1
06-08 13:53:35.086  1142  2217 D PicasaAPI:    done
06-08 13:53:35.086  1142  2217 D MetricsUtils: [PicasaApi.getAlbumPhotos in:2870 out:711 time:367]
06-08 13:53:35.110  1142  2217 D MetricsUtils: [PicasaSyncHelper.syncPhotos 5726300043822142561 time:398]
06-08 13:53:35.114  1142  2217 D PicasaAPI: getAlbumPhotos for 102196091084294424034 / 5726323510777514561, etag: null
06-08 13:53:35.172  1142  1144 D dalvikvm: GC_CONCURRENT freed 416K, 6% free 9380K/9927K, paused 2ms+3ms
06-08 13:53:35.625    82   122 D AudioHardware: AudioHardware pcm playback is going to standby.
06-08 13:53:35.625    82   122 D AudioHardware: closePcmOut_l() mPcmOpenCnt: 1
06-08 13:53:35.711  1909  1911 D dalvikvm: GC_CONCURRENT freed 429K, 6% free 9362K/9927K, paused 2ms+2ms
06-08 13:53:36.262   152   655 I ActivityManager: START {cmp=com.google.android.talk/.GTalkPreferencesActivity} from pid 2468
06-08 13:53:36.289    82   122 D AudioHardware: AudioHardware pcm playback is exiting standby.
06-08 13:53:36.289    82   122 D AudioHardware: openPcmOut_l() mPcmOpenCnt: 0
06-08 13:53:36.532  1142  2217 V PicasaAPI:    etag: --> W/"DkUBRH84eip7ImA9WhVQEks.",entryCount=1
06-08 13:53:36.598  1142  2217 D PicasaAPI:    done
06-08 13:53:36.598  1142  2217 D MetricsUtils: [PicasaApi.getAlbumPhotos in:2876 out:711 time:1483]
06-08 13:53:36.840   152   168 I Process : Sending signal. PID: 2468 SIG: 3
06-08 13:53:36.840  2468  2470 I dalvikvm: threadid=3: reacting to signal 3
06-08 13:53:36.844  1142  2217 D MetricsUtils: [PicasaSyncHelper.syncPhotos 5726323510777514561 time:1734]
06-08 13:53:36.860  2468  2470 I dalvikvm: Wrote stack traces to '/data/anr/traces.txt'
06-08 13:53:36.895   152   201 I ActivityManager: Displayed com.google.android.talk/.GTalkPreferencesActivity: +554ms
06-08 13:53:36.903  2468  2468 D OpenGLRenderer: Flushing caches (mode 0)
06-08 13:53:36.903  1142  2217 D PicasaAPI: getAlbumPhotos for 102196091084294424034 / 5726324450102601505, etag: null
06-08 13:53:37.125   860   860 D OpenGLRenderer: Flushing caches (mode 1)
06-08 13:53:37.168   860   862 D dalvikvm: GC_CONCURRENT freed 317K, 8% free 9678K/10439K, paused 2ms+7ms
06-08 13:53:37.180   860   860 D OpenGLRenderer: Flushing caches (mode 1)
06-08 13:53:37.286  1909  2625 I DownloadManager: deleting /data/data/com.android.providers.downloads/cache/downloadfile.jpeg
06-08 13:53:37.317  1142  2217 V PicasaAPI:    etag: --> W/"DkMMQ3c_cSp7ImA9WhVQEks.",entryCount=1
06-08 13:53:37.317  1142  2217 D PicasaAPI:    done
06-08 13:53:37.317  1142  2217 D MetricsUtils: [PicasaApi.getAlbumPhotos in:2873 out:711 time:414]
06-08 13:53:37.391  1142  2217 D MetricsUtils: [PicasaSyncHelper.syncPhotos 5726324450102601505 time:544]
06-08 13:53:37.395  1142  2217 D PicasaAPI: getAlbumPhotos for 102196091084294424034 / 5726325854555043409, etag: null
06-08 13:53:37.497  1909  2627 I DownloadManager: Initiating request for download 44
06-08 13:53:37.762  1142  2217 V PicasaAPI:    etag: --> W/"DkABQX0-eSp7ImA9WhVQEks.",entryCount=1
06-08 13:53:37.762  1142  2217 D PicasaAPI:    done
06-08 13:53:37.762  1142  2217 D MetricsUtils: [PicasaApi.getAlbumPhotos in:2876 out:711 time:369]
06-08 13:53:37.801  1142  2217 D MetricsUtils: [PicasaSyncHelper.syncPhotos 5726325854555043409 time:410]
06-08 13:53:37.805  1142  2217 D PicasaAPI: getAlbumPhotos for 102196091084294424034 / 5726327339660051185, etag: null
06-08 13:53:38.192  1142  2217 V PicasaAPI:    etag: --> W/"D0YAQX08fyp7ImA9WhVQEks.",entryCount=1
06-08 13:53:38.192  1142  2217 D PicasaAPI:    done
06-08 13:53:38.192  1142  2217 D MetricsUtils: [PicasaApi.getAlbumPhotos in:2873 out:711 time:387]
06-08 13:53:38.223  1142  2217 D MetricsUtils: [PicasaSyncHelper.syncPhotos 5726327339660051185 time:420]
06-08 13:53:38.313   152   858 I ActivityManager: START {act=android.intent.action.MAIN cmp=com.google.android.talk/.GTalkPreferencesActivity (has extras)} from pid 2468
06-08 13:53:38.344  1142  2217 D PicasaSyncManager: sync complete: SyncResult: stats [ numUpdates: 512]
06-08 13:53:38.418   152   858 D dalvikvm: GC_FOR_ALLOC freed 364K, 14% free 13399K/15431K, paused 58ms
06-08 13:53:38.536  2468  2469 D dalvikvm: GC_CONCURRENT freed 188K, 4% free 9866K/10183K, paused 2ms+6ms
06-08 13:53:38.911   152   201 I ActivityManager: Displayed com.google.android.talk/.GTalkPreferencesActivity: +481ms
06-08 13:53:38.942  2468  2468 D OpenGLRenderer: Flushing caches (mode 0)
06-08 13:53:38.954  1142  1158 V PicasaContentProvider: querySettings: defaults: {sync_on_wifi_only=1, auto_upload_account_type=null, sync_on_battery=1, sync_picasa_on_wifi_only=1, auto_upload_enabled=0, video_upload_wifi_only=1, sync_on_roaming=0, auto_upload_account_name=null}
06-08 13:53:38.969  1142  2217 D MetricsUtils: [PicasaSyncManager.getNextSyncTask time:622]
06-08 13:53:38.969  1142  2217 D PicasaSyncManager: perform sync task: PrefetchFullImage (lokeshmandvekar@gmail.com)
06-08 13:53:39.157  1142  1144 D dalvikvm: GC_CONCURRENT freed 382K, 6% free 9418K/9927K, paused 7ms+6ms
06-08 13:53:39.684  1909  1911 D dalvikvm: GC_CONCURRENT freed 434K, 6% free 9365K/9927K, paused 1ms+3ms
06-08 13:53:39.739  1142  1144 D dalvikvm: GC_CONCURRENT freed 433K, 6% free 9426K/9991K, paused 2ms+4ms
06-08 13:53:39.957   860   860 D OpenGLRenderer: Flushing caches (mode 1)
06-08 13:53:40.106  1909  2638 I DownloadManager: deleting /data/data/com.android.providers.downloads/cache/downloadfile.jpeg
06-08 13:53:40.168  1142  2217 D MetricsUtils: [PrefetchHelper.cleanCache time:1146]
06-08 13:53:41.418    82   122 D AudioHardware: AudioHardware pcm playback is going to standby.
06-08 13:53:41.418    82   122 D AudioHardware: closePcmOut_l() mPcmOpenCnt: 1
06-08 13:53:41.547  1142  2217 D PicasaSyncManager: sync complete: SyncResult: stats [ numUpdates: 512]
06-08 13:53:41.622  1142  1158 V PicasaContentProvider: querySettings: defaults: {sync_on_wifi_only=1, auto_upload_account_type=null, sync_on_battery=1, sync_picasa_on_wifi_only=1, auto_upload_enabled=0, video_upload_wifi_only=1, sync_on_roaming=0, auto_upload_account_name=null}
06-08 13:53:41.625  1142  2217 D PicasaSyncManager: perform sync task: PrefetchAlbumCover (lokeshmandvekar@gmail.com)
06-08 13:53:41.696  1909  2640 I DownloadManager: Initiating request for download 45
06-08 13:53:42.622    82   122 D AudioHardware: AudioHardware pcm playback is exiting standby.
06-08 13:53:42.622    82   122 D AudioHardware: openPcmOut_l() mPcmOpenCnt: 0
06-08 13:53:42.653  1142  1144 D dalvikvm: GC_CONCURRENT freed 411K, 6% free 9456K/9991K, paused 3ms+3ms
06-08 13:53:42.821   472   472 D SAN_SERVICE: *******************************************
06-08 13:53:42.821   472   472 D SAN_SERVICE: DM App Phone Service State - 0
06-08 13:53:42.821   472   472 D SAN_SERVICE: *******************************************
06-08 13:53:43.606  1909  1911 D dalvikvm: GC_CONCURRENT freed 456K, 6% free 9335K/9927K, paused 2ms+23ms
06-08 13:53:43.754  1443  1445 D dalvikvm: GC_CONCURRENT freed 406K, 16% free 10445K/12295K, paused 5ms+11ms
06-08 13:53:43.829  1443  2650 D dalvikvm: GC_EXPLICIT freed 71K, 16% free 10373K/12295K, paused 3ms+3ms
06-08 13:53:43.942   860   860 D OpenGLRenderer: Flushing caches (mode 1)
06-08 13:53:44.090  1909  2651 I DownloadManager: deleting /data/data/com.android.providers.downloads/cache/downloadfile.jpeg
06-08 13:53:44.102  1909  2652 I DownloadManager: Initiating request for download 46
06-08 13:53:44.329  1142  1144 D dalvikvm: GC_CONCURRENT freed 321K, 5% free 9541K/9991K, paused 3ms+3ms
06-08 13:53:45.715    82   122 D AudioHardware: AudioHardware pcm playback is going to standby.
06-08 13:53:45.719    82   122 D AudioHardware: closePcmOut_l() mPcmOpenCnt: 1
06-08 13:53:45.817  1909  1911 D dalvikvm: GC_CONCURRENT freed 385K, 6% free 9334K/9927K, paused 3ms+13ms
06-08 13:53:46.387  1909  2514 D dalvikvm: GC_EXPLICIT freed 115K, 7% free 9274K/9927K, paused 2ms+3ms
06-08 13:53:46.481   860   860 D OpenGLRenderer: Flushing caches (mode 1)
06-08 13:53:46.727  1909  2661 I DownloadManager: deleting /data/data/com.android.providers.downloads/cache/downloadfile.jpeg
06-08 13:53:46.750  1909  2662 I DownloadManager: Initiating request for download 47
06-08 13:53:47.024   152   375 D dalvikvm: GC_EXPLICIT freed 647K, 14% free 13370K/15431K, paused 9ms+8ms
06-08 13:53:47.793    82   122 D AudioHardware: AudioHardware pcm playback is exiting standby.
06-08 13:53:47.793    82   122 D AudioHardware: openPcmOut_l() mPcmOpenCnt: 0
06-08 13:53:47.914  2468  2469 D dalvikvm: GC_CONCURRENT freed 368K, 5% free 9968K/10439K, paused 2ms+8ms
06-08 13:53:48.559   152   857 W InputManagerService: Window already focused, ignoring focus gain of: com.android.internal.view.IInputMethodClient$Stub$Proxy@41517190
06-08 13:53:48.762  1909  1911 D dalvikvm: GC_CONCURRENT freed 309K, 6% free 9348K/9927K, paused 7ms+4ms
06-08 13:53:48.895  1142  1144 D dalvikvm: GC_CONCURRENT freed 419K, 6% free 9569K/10119K, paused 3ms+4ms
06-08 13:53:49.446   860   860 D OpenGLRenderer: Flushing caches (mode 1)
06-08 13:53:49.625   472   472 D SAN_SERVICE: *******************************************
06-08 13:53:49.625   472   472 D SAN_SERVICE: DM App Phone Service State - 0
06-08 13:53:49.625   472   472 D SAN_SERVICE: *******************************************
06-08 13:53:49.696  1909  2673 I DownloadManager: deleting /data/data/com.android.providers.downloads/cache/downloadfile.jpeg
06-08 13:53:49.895  1909  2675 I DownloadManager: Initiating request for download 48
06-08 13:53:51.606   152   858 W InputManagerService: Window already focused, ignoring focus gain of: com.android.internal.view.IInputMethodClient$Stub$Proxy@4137ffa0
06-08 13:53:51.977  1909  1911 D dalvikvm: GC_CONCURRENT freed 428K, 6% free 9363K/9927K, paused 3ms+11ms
06-08 13:53:52.614   860   860 D OpenGLRenderer: Flushing caches (mode 1)
06-08 13:53:52.704  1909  2684 I DownloadManager: deleting /data/data/com.android.providers.downloads/cache/downloadfile.jpeg
06-08 13:53:52.852  1909  2686 I DownloadManager: Initiating request for download 49
06-08 13:53:53.872  1142  1144 D dalvikvm: GC_CONCURRENT freed 418K, 6% free 9572K/10119K, paused 3ms+4ms
06-08 13:53:53.934  1142  2217 D PicasaSyncManager: sync complete: SyncResult: stats [ numUpdates: 512]
06-08 13:53:53.985  1142  1158 V PicasaContentProvider: querySettings: defaults: {sync_on_wifi_only=1, auto_upload_account_type=null, sync_on_battery=1, sync_picasa_on_wifi_only=1, auto_upload_enabled=0, video_upload_wifi_only=1, sync_on_roaming=0, auto_upload_account_name=null}
06-08 13:53:53.989  1142  2217 D PicasaSyncManager: perform sync task: PrefetchScreenNail (lokeshmandvekar@gmail.com)
06-08 13:53:54.641  1909  1911 D dalvikvm: GC_CONCURRENT freed 418K, 6% free 9373K/9927K, paused 4ms+11ms
06-08 13:53:55.153   152   552 W InputManagerService: Window already focused, ignoring focus gain of: com.android.internal.view.IInputMethodClient$Stub$Proxy@4137bb48
06-08 13:53:55.215   860   860 D OpenGLRenderer: Flushing caches (mode 1)
06-08 13:53:55.332  1909  2695 I DownloadManager: deleting /data/data/com.android.providers.downloads/cache/downloadfile.jpeg
06-08 13:53:55.469  1909  2697 I DownloadManager: Initiating request for download 50
06-08 13:53:55.997   152   164 I ActivityManager: START {act=android.intent.action.RINGTONE_PICKER cmp=android/com.android.internal.app.RingtonePickerActivity (has extras)} from pid 2468
06-08 13:53:56.098  2468  2469 D dalvikvm: GC_CONCURRENT freed 409K, 6% free 9978K/10503K, paused 4ms+11ms
06-08 13:53:56.700   152   168 I Process : Sending signal. PID: 2468 SIG: 3
06-08 13:53:56.700  2468  2470 I dalvikvm: threadid=3: reacting to signal 3
06-08 13:53:56.707  2468  2470 I dalvikvm: Wrote stack traces to '/data/anr/traces.txt'
06-08 13:53:56.856  1909  1911 D dalvikvm: GC_CONCURRENT freed 502K, 6% free 9416K/9991K, paused 2ms+4ms
06-08 13:53:57.055   152   168 I Process : Sending signal. PID: 2468 SIG: 3
06-08 13:53:57.055  2468  2470 I dalvikvm: threadid=3: reacting to signal 3
06-08 13:53:57.086  2468  2470 I dalvikvm: Wrote stack traces to '/data/anr/traces.txt'
06-08 13:53:57.274   152   154 D dalvikvm: GC_CONCURRENT freed 874K, 13% free 13471K/15431K, paused 4ms+12ms
06-08 13:53:57.372   152   201 I ActivityManager: Displayed android/com.android.internal.app.RingtonePickerActivity: +1s321ms
06-08 13:53:59.059    82   122 D AudioHardware: AudioHardware pcm playback is going to standby.
06-08 13:53:59.063    82   122 D AudioHardware: closePcmOut_l() mPcmOpenCnt: 1
06-08 13:53:59.075    82   122 D AudioHardware: AudioHardware pcm playback is exiting standby.
06-08 13:53:59.075    82   122 D AudioHardware: openPcmOut_l() mPcmOpenCnt: 0
06-08 13:53:59.204   860   860 D OpenGLRenderer: Flushing caches (mode 1)
06-08 13:53:59.594  1909  2710 I DownloadManager: deleting /data/data/com.android.providers.downloads/cache/downloadfile.jpeg
06-08 13:53:59.602  1909  2711 I DownloadManager: Initiating request for download 51
06-08 13:53:59.793  1909  1911 D dalvikvm: GC_CONCURRENT freed 490K, 7% free 9383K/9991K, paused 2ms+3ms
06-08 13:54:00.047   152   552 W InputManagerService: Window already focused, ignoring focus gain of: com.android.internal.view.IInputMethodClient$Stub$Proxy@4159e3b0
06-08 13:54:00.106  2468  2469 D dalvikvm: GC_CONCURRENT freed 347K, 5% free 10071K/10503K, paused 2ms+9ms
06-08 13:54:00.145   152   655 D dalvikvm: GC_FOR_ALLOC freed 328K, 13% free 13448K/15431K, paused 76ms
06-08 13:54:00.668   152   857 D dalvikvm: GC_FOR_ALLOC freed 101K, 13% free 13452K/15431K, paused 61ms
06-08 13:54:00.672   152   857 I dalvikvm-heap: Grow heap (frag case) to 13.333MB for 129616-byte allocation
06-08 13:54:00.727   152   857 D dalvikvm: GC_FOR_ALLOC freed 2K, 13% free 13576K/15559K, paused 54ms
06-08 13:54:00.836  2468  2468 D OpenGLRenderer: Flushing caches (mode 0)
06-08 13:54:01.079   152   491 D dalvikvm: GC_FOR_ALLOC freed 143K, 14% free 13455K/15559K, paused 62ms
06-08 13:54:01.207   691   693 D dalvikvm: GC_CONCURRENT freed 429K, 12% free 10401K/11783K, paused 2ms+3ms
06-08 13:54:01.247  2468  2468 D OpenGLRenderer: Flushing caches (mode 0)
06-08 13:54:01.426   152   375 D dalvikvm: GC_FOR_ALLOC freed 147K, 14% free 13456K/15559K, paused 50ms
06-08 13:54:01.575   152   655 W InputManagerService: Starting input on non-focused client com.android.internal.view.IInputMethodClient$Stub$Proxy@4146d700 (uid=10047 pid=2468)
06-08 13:54:01.739  1339  1342 D dalvikvm: GC_CONCURRENT freed 1613K, 44% free 11269K/20039K, paused 2ms+4ms
06-08 13:54:01.766  1339  1368 D dalvikvm: GC_FOR_ALLOC freed 291K, 46% free 10978K/20039K, paused 25ms
06-08 13:54:01.766  1339  1368 I dalvikvm-heap: Grow heap (frag case) to 11.671MB for 925072-byte allocation
06-08 13:54:01.829  1339  1339 D dalvikvm: GC_FOR_ALLOC freed 1K, 41% free 11880K/20039K, paused 47ms
06-08 13:54:01.930   152   168 I Process : Sending signal. PID: 1339 SIG: 3
06-08 13:54:01.934  1339  1344 I dalvikvm: threadid=3: reacting to signal 3
06-08 13:54:01.938  1339  1344 D dalvikvm: ExtrMon: insns 0x0 not valid (0x0 - 0x0)
06-08 13:54:01.942  1339  1344 I dalvikvm: Wrote stack traces to '/data/anr/traces.txt'
06-08 13:54:02.090  1339  1364 D dalvikvm: GC_FOR_ALLOC freed 973K, 45% free 11154K/20039K, paused 35ms
06-08 13:54:02.098  2468  2468 D OpenGLRenderer: Flushing caches (mode 0)
06-08 13:54:02.114  1339  1364 I dalvikvm-heap: Grow heap (frag case) to 12.188MB for 1286224-byte allocation
06-08 13:54:02.172  1339  1368 D dalvikvm: GC_FOR_ALLOC freed 2K, 39% free 12407K/20039K, paused 42ms
06-08 13:54:02.278  1339  1342 D dalvikvm: GC_CONCURRENT freed 133K, 38% free 12453K/20039K, paused 2ms+9ms
06-08 13:54:02.582  1339  1364 D dalvikvm: GC_FOR_ALLOC freed 1518K, 44% free 11374K/20039K, paused 45ms
06-08 13:54:02.590  1339  1364 I dalvikvm-heap: Grow heap (frag case) to 12.403MB for 1286224-byte allocation
06-08 13:54:02.707  1339  1342 D dalvikvm: GC_CONCURRENT freed 2K, 37% free 12628K/20039K, paused 7ms+7ms
06-08 13:54:02.727  2468  2468 D OpenGLRenderer: Flushing caches (mode 1)
06-08 13:54:02.907  2468  2468 D dalvikvm: GC_EXPLICIT freed 300K, 7% free 9852K/10503K, paused 3ms+16ms
06-08 13:54:02.911    82   122 D AudioHardware: AudioHardware pcm playback is going to standby.
06-08 13:54:02.911    82   122 D AudioHardware: closePcmOut_l() mPcmOpenCnt: 1
06-08 13:54:03.172  1339  1354 D dalvikvm: GC_FOR_ALLOC freed 1934K, 43% free 11601K/20039K, paused 27ms
06-08 13:54:03.344  1339  1342 D dalvikvm: GC_CONCURRENT freed 531K, 41% free 11917K/20039K, paused 2ms+5ms
06-08 13:54:03.414   472   472 D SAN_SERVICE: *******************************************
06-08 13:54:03.414   472   472 D SAN_SERVICE: DM App Phone Service State - 0
06-08 13:54:03.414   472   472 D SAN_SERVICE: *******************************************
06-08 13:54:03.575   472   472 D SAN_SERVICE: *******************************************
06-08 13:54:03.575   472   472 D SAN_SERVICE: DM App Phone Service State - 0
06-08 13:54:03.575   472   472 D SAN_SERVICE: *******************************************
06-08 13:54:03.586   152   858 D dalvikvm: GC_EXPLICIT freed 395K, 15% free 13376K/15559K, paused 9ms+14ms
06-08 13:54:03.911  1443  1445 D dalvikvm: GC_CONCURRENT freed 315K, 16% free 10446K/12295K, paused 3ms+11ms
06-08 13:54:03.969   860   860 D OpenGLRenderer: Flushing caches (mode 1)
06-08 13:54:03.981  1909  2743 I DownloadManager: deleting /data/data/com.android.providers.downloads/cache/downloadfile.jpeg
06-08 13:54:04.071   472   472 D SAN_SERVICE: *******************************************
06-08 13:54:04.071   472   472 D SAN_SERVICE: DM App Phone Service State - 0
06-08 13:54:04.071   472   472 D SAN_SERVICE: *******************************************
06-08 13:54:04.434    82   122 D AudioHardware: AudioHardware pcm playback is exiting standby.
06-08 13:54:04.434    82   122 D AudioHardware: openPcmOut_l() mPcmOpenCnt: 0
06-08 13:54:04.563  1909  2747 I DownloadManager: Initiating request for download 52
06-08 13:54:04.825  1142  1144 D dalvikvm: GC_CONCURRENT freed 404K, 6% free 9590K/10119K, paused 3ms+7ms
06-08 13:54:04.875  1909  1911 D dalvikvm: GC_CONCURRENT freed 402K, 7% free 9375K/9991K, paused 10ms+4ms
06-08 13:54:07.528    82   122 D AudioHardware: AudioHardware pcm playback is going to standby.
06-08 13:54:07.528    82   122 D AudioHardware: closePcmOut_l() mPcmOpenCnt: 1
06-08 13:54:07.555    82   122 D AudioHardware: AudioHardware pcm playback is exiting standby.
06-08 13:54:07.555    82   122 D AudioHardware: openPcmOut_l() mPcmOpenCnt: 0
06-08 13:54:07.653   152   857 I ActivityManager: START {act=android.intent.action.MAIN cat=[android.intent.category.LAUNCHER] flg=0x10200000 cmp=com.android.settings/.Settings} from pid 1339
06-08 13:54:08.422   152   163 I ActivityManager: Start proc com.android.settings for activity com.android.settings/.Settings: pid=2752 uid=1000 gids={1015, 3002, 3001, 3003, 3007}
06-08 13:54:08.977   472   472 D SAN_SERVICE: *******************************************
06-08 13:54:08.977   472   472 D SAN_SERVICE: DM App Phone Service State - 0
06-08 13:54:08.977   472   472 D SAN_SERVICE: *******************************************
06-08 13:54:09.020  1339  1339 D OpenGLRenderer: Flushing caches (mode 1)
06-08 13:54:09.047  1339  1339 D OpenGLRenderer: Flushing caches (mode 0)
06-08 13:54:09.657   152   168 I Process : Sending signal. PID: 2752 SIG: 3
06-08 13:54:09.657  2752  2754 I dalvikvm: threadid=3: reacting to signal 3
06-08 13:54:09.707  2752  2754 I dalvikvm: Wrote stack traces to '/data/anr/traces.txt'
06-08 13:54:09.747   472   472 D SAN_SERVICE: *******************************************
06-08 13:54:09.747   472   472 D SAN_SERVICE: DM App Phone Service State - 0
06-08 13:54:09.747   472   472 D SAN_SERVICE: *******************************************
06-08 13:54:09.829  2752  2752 W System.err: Removed 2131231170
06-08 13:54:09.832  2752  2752 W System.err: Removed 2131231177
06-08 13:54:10.075   152   168 I Process : Sending signal. PID: 2752 SIG: 3
06-08 13:54:10.075  2752  2754 I dalvikvm: threadid=3: reacting to signal 3
06-08 13:54:10.125  2752  2754 I dalvikvm: Wrote stack traces to '/data/anr/traces.txt'
06-08 13:54:10.196  2752  2752 D LocalBluetoothProfileManager: LocalBluetoothProfileManager construction complete
06-08 13:54:10.227  2752  2753 D dalvikvm: GC_CONCURRENT freed 136K, 3% free 9364K/9607K, paused 2ms+7ms
06-08 13:54:10.352  2752  2752 D libEGL  : loaded /system/lib/egl/libGLES_android.so
06-08 13:54:10.360  2752  2752 D libEGL  : loaded /vendor/lib/egl/libEGL_POWERVR_SGX540_120.so
06-08 13:54:10.368  2752  2752 D libEGL  : loaded /vendor/lib/egl/libGLESv1_CM_POWERVR_SGX540_120.so
06-08 13:54:10.372  2752  2752 D libEGL  : loaded /vendor/lib/egl/libGLESv2_POWERVR_SGX540_120.so
06-08 13:54:10.426  2752  2752 D OpenGLRenderer: Enabling debug mode 0
06-08 13:54:10.481   152   168 I Process : Sending signal. PID: 2752 SIG: 3
06-08 13:54:10.481  2752  2754 I dalvikvm: threadid=3: reacting to signal 3
06-08 13:54:10.497  2752  2754 I dalvikvm: Wrote stack traces to '/data/anr/traces.txt'
06-08 13:54:10.528   152   164 W InputManagerService: Starting input on non-focused client com.android.internal.view.IInputMethodClient$Stub$Proxy@41489078 (uid=10027 pid=1339)
06-08 13:54:10.649    82   122 D AudioHardware: AudioHardware pcm playback is going to standby.
06-08 13:54:10.649    82   122 D AudioHardware: closePcmOut_l() mPcmOpenCnt: 1
06-08 13:54:10.735   152   201 I ActivityManager: Displayed com.android.settings/.Settings: +2s847ms
06-08 13:54:10.758  1834  1847 I PhoneLab-: Service Running
06-08 13:54:11.637  1834  1847 I PhoneLab-LoggerService: app_38    1290  1     1788   1412  c00ab7c8 40010474 D logcat
06-08 13:54:11.637  1834  1847 I PhoneLab-LoggerService: Logcat pid from database 1290
06-08 13:54:11.641  1834  1847 I PhoneLab-LoggerService: Logcat process found 1290
06-08 13:54:11.641  1834  1847 I PhoneLab-LoggerService: Checking Threshold
06-08 13:54:11.649  1834  1847 I PhoneLab-LoggerService: Starting to rename files
06-08 13:54:11.649  1834  1847 I PhoneLab-LoggerService: Files found .. 3
06-08 13:54:11.684   860   860 D OpenGLRenderer: Flushing caches (mode 1)
06-08 13:54:11.774  1909  2771 I DownloadManager: deleting /data/data/com.android.providers.downloads/cache/downloadfile.jpeg
06-08 13:54:12.586   152   164 I ActivityManager: START {act=android.intent.action.MAIN cmp=com.android.settings/.SubSettings (has extras)} from pid 2752
06-08 13:54:12.594  1909  2773 I DownloadManager: Initiating request for download 53
06-08 13:54:12.594    82   122 D AudioHardware: AudioHardware pcm playback is exiting standby.
06-08 13:54:12.594    82   122 D AudioHardware: openPcmOut_l() mPcmOpenCnt: 0
06-08 13:54:12.844  2752  2753 D dalvikvm: GC_CONCURRENT freed 198K, 4% free 9668K/9991K, paused 4ms+5ms
06-08 13:54:12.965  1909  1911 D dalvikvm: GC_CONCURRENT freed 424K, 7% free 9357K/9991K, paused 9ms+3ms
06-08 13:54:13.176  2752  2752 D OpenGLRenderer: Flushing caches (mode 0)
06-08 13:54:13.457   152   168 I Process : Sending signal. PID: 2752 SIG: 3
06-08 13:54:13.461  2752  2754 I dalvikvm: threadid=3: reacting to signal 3
06-08 13:54:13.481  2752  2754 I dalvikvm: Wrote stack traces to '/data/anr/traces.txt'
06-08 13:54:13.524   152   201 I ActivityManager: Displayed com.android.settings/.SubSettings: +900ms
06-08 13:54:13.836   472   472 D SAN_SERVICE: *******************************************
06-08 13:54:13.836   472   472 D SAN_SERVICE: DM App Phone Service State - 0
06-08 13:54:13.836   472   472 D SAN_SERVICE: *******************************************
06-08 13:54:14.110   472   472 D SAN_SERVICE: *******************************************
06-08 13:54:14.110   472   472 D SAN_SERVICE: DM App Phone Service State - 0
06-08 13:54:14.110   472   472 D SAN_SERVICE: *******************************************
06-08 13:54:14.809   472   472 D SAN_SERVICE: *******************************************
06-08 13:54:14.809   472   472 D SAN_SERVICE: DM App Phone Service State - 0
06-08 13:54:14.809   472   472 D SAN_SERVICE: *******************************************
06-08 13:54:15.020  2752  2753 D dalvikvm: GC_CONCURRENT freed 272K, 4% free 9905K/10311K, paused 3ms+2ms
06-08 13:54:15.223   152   154 D dalvikvm: GC_CONCURRENT freed 1028K, 14% free 13428K/15559K, paused 5ms+14ms
06-08 13:54:15.360  2752  2753 D dalvikvm: GC_CONCURRENT freed 375K, 5% free 9939K/10439K, paused 2ms+4ms
06-08 13:54:15.364  1909  1911 D dalvikvm: GC_CONCURRENT freed 454K, 7% free 9329K/9991K, paused 1ms+2ms
06-08 13:54:15.426  2752  2752 W MediaPlayer: mediaplayer went away with unhandled events
06-08 13:54:15.426  2752  2752 W MediaPlayer: mediaplayer went away with unhandled events
06-08 13:54:15.426  2752  2752 W MediaPlayer: mediaplayer went away with unhandled events
06-08 13:54:15.426  2752  2752 W MediaPlayer: mediaplayer went away with unhandled events
06-08 13:54:15.426  2752  2752 W MediaPlayer: mediaplayer went away with unhandled events
06-08 13:54:15.426  2752  2752 W MediaPlayer: mediaplayer went away with unhandled events
06-08 13:54:15.426  2752  2752 W MediaPlayer: mediaplayer went away with unhandled events
06-08 13:54:15.426  2752  2752 W MediaPlayer: mediaplayer went away with unhandled events
06-08 13:54:15.426  2752  2752 W MediaPlayer: mediaplayer went away with unhandled events
06-08 13:54:15.426  2752  2752 W MediaPlayer: mediaplayer went away with unhandled events
06-08 13:54:16.383   860   860 D OpenGLRenderer: Flushing caches (mode 1)
06-08 13:54:16.493  1909  2817 I DownloadManager: deleting /data/data/com.android.providers.downloads/cache/downloadfile.jpeg
06-08 13:54:16.782  1909  2819 I DownloadManager: Initiating request for download 54
06-08 13:54:16.989  1909  1911 D dalvikvm: GC_CONCURRENT freed 356K, 7% free 9365K/9991K, paused 2ms+4ms
06-08 13:54:17.762  1909  2822 D dalvikvm: GC_EXPLICIT freed 91K, 7% free 9300K/9991K, paused 7ms+2ms
06-08 13:54:18.317  1142  1144 D dalvikvm: GC_CONCURRENT freed 417K, 6% free 9577K/10119K, paused 2ms+12ms
06-08 13:54:18.754   152   492 D dalvikvm: GC_EXPLICIT freed 496K, 14% free 13530K/15559K, paused 20ms+6ms
06-08 13:54:18.957   860   860 D OpenGLRenderer: Flushing caches (mode 1)
06-08 13:54:19.582   152   552 W InputManagerService: Window already focused, ignoring focus gain of: com.android.internal.view.IInputMethodClient$Stub$Proxy@414ae518
06-08 13:54:20.196  1909  2826 I DownloadManager: deleting /data/data/com.android.providers.downloads/cache/downloadfile.jpeg
06-08 13:54:20.426  1909  2834 I DownloadManager: Initiating request for download 55
06-08 13:54:20.664  1909  1911 D dalvikvm: GC_CONCURRENT freed 331K, 7% free 9356K/9991K, paused 6ms+3ms
06-08 13:54:21.907   152   375 W InputManagerService: Window already focused, ignoring focus gain of: com.android.internal.view.IInputMethodClient$Stub$Proxy@415f6da0
06-08 13:54:22.844  2752  2753 D dalvikvm: GC_CONCURRENT freed 426K, 6% free 10019K/10567K, paused 2ms+4ms
06-08 13:54:23.153  2752  2753 D dalvikvm: GC_CONCURRENT freed 448K, 6% free 10054K/10631K, paused 2ms+4ms
06-08 13:54:23.227  2752  2752 W MediaPlayer: mediaplayer went away with unhandled events
06-08 13:54:23.227  2752  2752 W MediaPlayer: mediaplayer went away with unhandled events
06-08 13:54:23.227  2752  2752 W MediaPlayer: mediaplayer went away with unhandled events
06-08 13:54:23.227  2752  2752 W MediaPlayer: mediaplayer went away with unhandled events
06-08 13:54:23.227  2752  2752 W MediaPlayer: mediaplayer went away with unhandled events
06-08 13:54:23.227  2752  2752 W MediaPlayer: mediaplayer went away with unhandled events
06-08 13:54:23.227  2752  2752 W MediaPlayer: mediaplayer went away with unhandled events
06-08 13:54:23.227  2752  2752 W MediaPlayer: mediaplayer went away with unhandled events
06-08 13:54:23.227  2752  2752 W MediaPlayer: mediaplayer went away with unhandled events
06-08 13:54:23.227  2752  2752 W MediaPlayer: mediaplayer went away with unhandled events
06-08 13:54:23.407   860   860 D OpenGLRenderer: Flushing caches (mode 1)
06-08 13:54:23.489  1909  1911 D dalvikvm: GC_CONCURRENT freed 439K, 7% free 9312K/9991K, paused 3ms+9ms
06-08 13:54:23.582  1909  2873 I DownloadManager: deleting /data/data/com.android.providers.downloads/cache/downloadfile.jpeg
06-08 13:54:23.786  1909  2875 I DownloadManager: Initiating request for download 56
06-08 13:54:25.532   152   656 W InputManagerService: Window already focused, ignoring focus gain of: com.android.internal.view.IInputMethodClient$Stub$Proxy@41470f98
06-08 13:54:26.368  1909  1911 D dalvikvm: GC_CONCURRENT freed 384K, 7% free 9312K/9991K, paused 2ms+3ms
06-08 13:54:26.649   860   860 D OpenGLRenderer: Flushing caches (mode 1)
06-08 13:54:26.707  1909  2883 I DownloadManager: deleting /data/data/com.android.providers.downloads/cache/downloadfile.jpeg
06-08 13:54:26.930  1909  2885 I DownloadManager: Initiating request for download 57
06-08 13:54:27.883   152   491 I ActivityManager: START {act=android.intent.action.RINGTONE_PICKER cmp=android/com.android.internal.app.RingtonePickerActivity (has extras)} from pid 2752
06-08 13:54:28.118  1909  1911 D dalvikvm: GC_CONCURRENT freed 341K, 7% free 9363K/9991K, paused 5ms+9ms
06-08 13:54:28.145   152   154 D dalvikvm: GC_CONCURRENT freed 1025K, 13% free 13566K/15559K, paused 8ms+18ms
06-08 13:54:28.348  2752  2753 D dalvikvm: GC_CONCURRENT freed 461K, 6% free 10047K/10631K, paused 5ms+6ms
06-08 13:54:28.411   152   201 I ActivityManager: Displayed android/com.android.internal.app.RingtonePickerActivity: +467ms
06-08 13:54:28.547  1142  1144 D dalvikvm: GC_CONCURRENT freed 422K, 6% free 9567K/10119K, paused 119ms+80ms
06-08 13:54:29.633   472   472 D SAN_SERVICE: *******************************************
06-08 13:54:29.633   472   472 D SAN_SERVICE: DM App Phone Service State - 0
06-08 13:54:29.633   472   472 D SAN_SERVICE: *******************************************
06-08 13:54:30.055   860   860 D OpenGLRenderer: Flushing caches (mode 1)
06-08 13:54:30.075  1909  2896 I DownloadManager: deleting /data/data/com.android.providers.downloads/cache/downloadfile.jpeg
06-08 13:54:30.137  1443  1445 D dalvikvm: GC_CONCURRENT freed 387K, 16% free 10450K/12295K, paused 14ms+6ms
06-08 13:54:30.657   152   656 D dalvikvm: GC_EXPLICIT freed 260K, 13% free 13554K/15559K, paused 6ms+12ms
06-08 13:54:30.715   472   472 D SAN_SERVICE: *******************************************
06-08 13:54:30.715   472   472 D SAN_SERVICE: DM App Phone Service State - 0
06-08 13:54:30.715   472   472 D SAN_SERVICE: *******************************************
06-08 13:54:30.801  1909  2898 I DownloadManager: Initiating request for download 58
06-08 13:54:30.961    82   122 D AudioHardware: AudioHardware pcm playback is going to standby.
06-08 13:54:30.961    82   122 D AudioHardware: closePcmOut_l() mPcmOpenCnt: 1
06-08 13:54:31.051  1909  1911 D dalvikvm: GC_CONCURRENT freed 371K, 7% free 9378K/9991K, paused 3ms+7ms
06-08 13:54:31.059    82   122 D AudioHardware: AudioHardware pcm playback is exiting standby.
06-08 13:54:31.059    82   122 D AudioHardware: openPcmOut_l() mPcmOpenCnt: 0
06-08 13:54:31.911   152   552 W InputManagerService: Window already focused, ignoring focus gain of: com.android.internal.view.IInputMethodClient$Stub$Proxy@414b5748
06-08 13:54:32.934   860   860 D OpenGLRenderer: Flushing caches (mode 1)
06-08 13:54:32.965   152   857 I ActivityManager: START {act=android.intent.action.RINGTONE_PICKER cmp=android/com.android.internal.app.RingtonePickerActivity (has extras)} from pid 2752
06-08 13:54:33.122  2752  2753 D dalvikvm: GC_CONCURRENT freed 411K, 5% free 10110K/10631K, paused 2ms+10ms
06-08 13:54:33.289   152   201 I ActivityManager: Displayed android/com.android.internal.app.RingtonePickerActivity: +298ms
06-08 13:54:34.340  1909  2909 I DownloadManager: deleting /data/data/com.android.providers.downloads/cache/downloadfile.jpeg
06-08 13:54:34.356  1909  2912 I DownloadManager: Initiating request for download 59
06-08 13:54:34.504  1909  1911 D dalvikvm: GC_CONCURRENT freed 399K, 7% free 9364K/9991K, paused 2ms+5ms
06-08 13:54:35.418   860   860 D OpenGLRenderer: Flushing caches (mode 1)
06-08 13:54:35.539  1909  2919 I DownloadManager: deleting /data/data/com.android.providers.downloads/cache/downloadfile.gif
06-08 13:54:35.836   152   491 D dalvikvm: GC_FOR_ALLOC freed 840K, 13% free 13556K/15559K, paused 57ms
06-08 13:54:35.911  1909  2922 I DownloadManager: Initiating request for download 60
06-08 13:54:35.930   152   492 W InputManagerService: Window already focused, ignoring focus gain of: com.android.internal.view.IInputMethodClient$Stub$Proxy@4160f880
06-08 13:54:36.129  1909  1911 D dalvikvm: GC_CONCURRENT freed 375K, 7% free 9386K/9991K, paused 1ms+5ms
06-08 13:54:36.637  1142  1144 D dalvikvm: GC_CONCURRENT freed 419K, 6% free 9570K/10119K, paused 25ms+2ms
06-08 13:54:36.934   860   860 D OpenGLRenderer: Flushing caches (mode 1)
06-08 13:54:37.047  1909  2929 I DownloadManager: deleting /data/data/com.android.providers.downloads/cache/downloadfile.gif
06-08 13:54:39.172   472   472 D SAN_SERVICE: *******************************************
06-08 13:54:39.172   472   472 D SAN_SERVICE: DM App Phone Service State - 0
06-08 13:54:39.172   472   472 D SAN_SERVICE: *******************************************
06-08 13:54:39.411   472   472 D SAN_SERVICE: *******************************************
06-08 13:54:39.411   472   472 D SAN_SERVICE: DM App Phone Service State - 0
06-08 13:54:39.411   472   472 D SAN_SERVICE: *******************************************
06-08 13:54:39.430  2752  2753 D dalvikvm: GC_CONCURRENT freed 456K, 6% free 10118K/10695K, paused 2ms+14ms
06-08 13:54:39.473  1909  2932 I DownloadManager: Initiating request for download 61
06-08 13:54:39.704  1909  1911 D dalvikvm: GC_CONCURRENT freed 442K, 7% free 9329K/9991K, paused 2ms+3ms
06-08 13:54:40.161   472   472 D SAN_SERVICE: *******************************************
06-08 13:54:40.161   472   472 D SAN_SERVICE: DM App Phone Service State - 0
06-08 13:54:40.161   472   472 D SAN_SERVICE: *******************************************
06-08 13:54:40.207  1909  1926 D dalvikvm: GC_EXPLICIT freed 197K, 8% free 9286K/9991K, paused 2ms+4ms
06-08 13:54:40.301   860   860 D OpenGLRenderer: Flushing caches (mode 1)
06-08 13:54:40.469   152   154 D dalvikvm: GC_CONCURRENT freed 970K, 13% free 13632K/15559K, paused 2ms+11ms
06-08 13:54:40.571  1909  2939 I DownloadManager: deleting /data/data/com.android.providers.downloads/cache/downloadfile.gif
06-08 13:54:40.766  1909  2942 I DownloadManager: Initiating request for download 62
06-08 13:54:42.063   152   655 D dalvikvm: GC_EXPLICIT freed 425K, 13% free 13678K/15559K, paused 9ms+12ms
06-08 13:54:42.082  1909  1911 D dalvikvm: GC_CONCURRENT freed 340K, 7% free 9340K/9991K, paused 2ms+5ms
06-08 13:54:42.411   860   860 D OpenGLRenderer: Flushing caches (mode 1)
06-08 13:54:42.422  1909  2950 I DownloadManager: deleting /data/data/com.android.providers.downloads/cache/downloadfile.gif
06-08 13:54:42.809  2752  2752 D OpenGLRenderer: Flushing caches (mode 0)
06-08 13:54:42.911  1909  2953 I DownloadManager: Initiating request for download 63
06-08 13:54:43.426    82   122 D AudioHardware: AudioHardware pcm playback is going to standby.
06-08 13:54:43.426    82   122 D AudioHardware: closePcmOut_l() mPcmOpenCnt: 1
06-08 13:54:43.704  2752  2753 D dalvikvm: GC_CONCURRENT freed 622K, 8% free 9946K/10759K, paused 7ms+5ms
06-08 13:54:44.555   152  2934 D dalvikvm: GC_FOR_ALLOC freed 213K, 13% free 13685K/15559K, paused 90ms
06-08 13:54:44.758  1909  1911 D dalvikvm: GC_CONCURRENT freed 382K, 7% free 9344K/9991K, paused 2ms+4ms
06-08 13:54:45.036   860   860 D OpenGLRenderer: Flushing caches (mode 1)
06-08 13:54:45.207  1909  2960 I DownloadManager: deleting /data/data/com.android.providers.downloads/cache/downloadfile.png
06-08 13:54:45.211   152   656 I ActivityManager: START {act=android.intent.action.MAIN cmp=com.android.settings/.SubSettings (has extras)} from pid 2752
06-08 13:54:45.297   152   656 D dalvikvm: GC_FOR_ALLOC freed 401K, 13% free 13538K/15559K, paused 55ms
06-08 13:54:45.395  1443  1445 D dalvikvm: GC_CONCURRENT freed 390K, 16% free 10444K/12295K, paused 3ms+4ms
06-08 13:54:45.743  1909  2962 I DownloadManager: Initiating request for download 64
06-08 13:54:45.852  2752  2752 D OpenGLRenderer: Flushing caches (mode 0)
06-08 13:54:45.860   152   168 I Process : Sending signal. PID: 2752 SIG: 3
06-08 13:54:45.864  2752  2754 I dalvikvm: threadid=3: reacting to signal 3
06-08 13:54:45.864  2752  2754 I dalvikvm: Wrote stack traces to '/data/anr/traces.txt'
06-08 13:54:45.868   152   201 I ActivityManager: Displayed com.android.settings/.SubSettings: +554ms
06-08 13:54:45.981  1142  1144 D dalvikvm: GC_CONCURRENT freed 423K, 6% free 9570K/10119K, paused 4ms+2ms
06-08 13:54:47.012  1909  1911 D dalvikvm: GC_CONCURRENT freed 350K, 7% free 9378K/9991K, paused 2ms+4ms
06-08 13:54:47.723   488  2971 I NfcService: Disabling NFC
06-08 13:54:47.743   488  2971 D NdefPushServer: stop, thread = Thread[Thread-46,5,main]
06-08 13:54:47.743   488  2971 D NdefPushServer: shuting down server thread
06-08 13:54:47.778  1909  2970 I DownloadManager: deleting /data/data/com.android.providers.downloads/cache/downloadfile.png
06-08 13:54:47.813   488  2971 D NFC JNI : Terminating client thread...
06-08 13:54:47.879   488  2971 D NFC JNI : phLibNfc_Mgt_UnConfigureDriver() returned 0x0000[NFCSTATUS_SUCCESS]
06-08 13:54:48.551   152   655 I ActivityManager: START {act=android.intent.action.MAIN cmp=com.android.settings.wimax/.WimaxSettings} from pid 2752
06-08 13:54:48.657   152   857 I ActivityManager: Start proc com.android.settings.wimax for activity com.android.settings.wimax/.WimaxSettings: pid=2974 uid=10054 gids={}
06-08 13:54:48.696  2752  2752 D OpenGLRenderer: Flushing caches (mode 1)
06-08 13:54:48.766  2752  2752 D OpenGLRenderer: Flushing caches (mode 0)
06-08 13:54:48.805  2974  2974 D WimaxSettings: mOpenNetworkNotificationsEnabled called     Network notification Notify me when 4G is connected
06-08 13:54:48.922   152   163 W InputManagerService: Starting input on non-focused client com.android.internal.view.IInputMethodClient$Stub$Proxy@414ddd08 (uid=1000 pid=2752)
06-08 13:54:48.969   152   201 I ActivityManager: Displayed com.android.settings.wimax/.WimaxSettings: +356ms
06-08 13:54:48.985   453  1300 D dalvikvm: GC_EXPLICIT freed 278K, 12% free 10525K/11847K, paused 8ms+4ms
06-08 13:54:49.465   472   472 D SAN_SERVICE: *******************************************
06-08 13:54:49.469   472   472 D SAN_SERVICE: DM App Phone Service State - 0
06-08 13:54:49.469   472   472 D SAN_SERVICE: *******************************************
06-08 13:54:49.707   472   472 D SAN_SERVICE: *******************************************
06-08 13:54:49.707   472   472 D SAN_SERVICE: DM App Phone Service State - 0
06-08 13:54:49.707   472   472 D SAN_SERVICE: *******************************************
06-08 13:54:50.442   472   472 D SAN_SERVICE: *******************************************
06-08 13:54:50.442   472   472 D SAN_SERVICE: DM App Phone Service State - 0
06-08 13:54:50.442   472   472 D SAN_SERVICE: *******************************************
06-08 13:54:50.653   152   858 D dalvikvm: GC_FOR_ALLOC freed 654K, 13% free 13610K/15559K, paused 67ms
06-08 13:54:50.704   152   857 W InputManagerService: Starting input on non-focused client com.android.internal.view.IInputMethodClient$Stub$Proxy@413a1b48 (uid=10054 pid=2974)
06-08 13:54:50.989   152   168 I ActivityManager: No longer want com.svox.pico (pid 2126): hidden #16
06-08 13:54:52.149   152   491 I ActivityManager: START {act=android.intent.action.MAIN cmp=com.android.phone/.Settings} from pid 2752
06-08 13:54:52.247  2752  2752 D OpenGLRenderer: Flushing caches (mode 1)
06-08 13:54:52.387   472   475 D dalvikvm: GC_CONCURRENT freed 351K, 6% free 9593K/10119K, paused 9ms+10ms
06-08 13:54:52.426   472   472 D CdmaOptions: deviceSupportsnvAnRum: prop=
06-08 13:54:52.426   472   472 D CdmaOptions: deviceSupportsnvAnRum: nvSupported=false ruimSupported=false
06-08 13:54:52.426   472   472 D CdmaOptions: Both NV and Ruim NOT supported, REMOVE subscription type selection
06-08 13:54:52.473   152   164 W BackupManagerService: dataChanged but no participant pkg='com.android.providers.settings' uid=1001
06-08 13:54:52.586   152   656 W InputManagerService: Starting input on non-focused client com.android.internal.view.IInputMethodClient$Stub$Proxy@414ddd08 (uid=1000 pid=2752)
06-08 13:54:52.606   152   201 I ActivityManager: Displayed com.android.phone/.Settings: +387ms
06-08 13:54:52.614  2752  2752 D OpenGLRenderer: Flushing caches (mode 0)
06-08 13:54:53.055  1142  1144 D dalvikvm: GC_CONCURRENT freed 412K, 6% free 9578K/10119K, paused 8ms+89ms
06-08 13:54:53.719   152   163 D dalvikvm: GC_FOR_ALLOC freed 550K, 13% free 13607K/15559K, paused 48ms
06-08 13:54:53.836   152   375 W InputManagerService: Starting input on non-focused client com.android.internal.view.IInputMethodClient$Stub$Proxy@41396b28 (uid=1001 pid=472)
06-08 13:54:55.914  2752  2752 D OpenGLRenderer: Flushing caches (mode 0)
06-08 13:54:56.200  2752  2752 D dalvikvm: GC_EXPLICIT freed 263K, 7% free 10022K/10759K, paused 2ms+5ms
06-08 13:54:56.555   152   314 D ConnectivityService: ConnectivityChange for WIMAX: DISCONNECTED/SCANNING
06-08 13:54:56.598   152   314 D ConnectivityService: Attempting to switch to mobile
06-08 13:54:56.598   152   314 D ConnectivityService: Attempting to switch to WIFI
06-08 13:54:56.614   152   314 D ConnectivityService: Attempting to switch to BLUETOOTH_TETHER
06-08 13:54:59.442   152   492 D dalvikvm: GC_FOR_ALLOC freed 575K, 13% free 13598K/15559K, paused 66ms
06-08 13:54:59.622   472   472 D SAN_SERVICE: *******************************************
06-08 13:54:59.622   472   472 D SAN_SERVICE: DM App Phone Service State - 0
06-08 13:54:59.622   472   472 D SAN_SERVICE: *******************************************
06-08 13:54:59.684   152   317 D Tethering: MasterInitialState.processMessage what=3
06-08 13:54:59.801  1142  1158 D PicasaSyncManager: active network: NetworkInfo: type: WIFI[], state: CONNECTED/CONNECTED, reason: (unspecified), extra: (none), roaming: false, failover: false, isAvailable: true
06-08 13:54:59.801  1142  1158 D PicasaSyncManager: background data: true
06-08 13:54:59.813   152   317 D Tethering: MasterInitialState.processMessage what=3
06-08 13:54:59.825   152   655 W InputManagerService: Starting input on non-focused client com.android.internal.view.IInputMethodClient$Stub$Proxy@414ddd08 (uid=1000 pid=2752)
06-08 13:54:59.981  1339  1342 D dalvikvm: GC_CONCURRENT freed 1602K, 44% free 11294K/20039K, paused 3ms+13ms
06-08 13:55:00.153   152   168 I Process : Sending signal. PID: 1339 SIG: 3
06-08 13:55:00.153  1339  1344 I dalvikvm: threadid=3: reacting to signal 3
06-08 13:55:00.168  2752  2752 D OpenGLRenderer: Flushing caches (mode 0)
06-08 13:55:00.254  1339  1366 D dalvikvm: GC_FOR_ALLOC freed 380K, 45% free 11048K/20039K, paused 45ms
06-08 13:55:00.262  1339  1366 I dalvikvm-heap: Grow heap (frag case) to 11.740MB for 925072-byte allocation
06-08 13:55:00.262  1339  1344 I dalvikvm: Wrote stack traces to '/data/anr/traces.txt'
06-08 13:55:00.293   472   472 D SAN_SERVICE: *******************************************
06-08 13:55:00.293   472   472 D SAN_SERVICE: DM App Phone Service State - 0
06-08 13:55:00.293   472   472 D SAN_SERVICE: *******************************************
06-08 13:55:00.321   152   314 D ConnectivityService: handleInetConditionHoldEnd: net=1, condition=100, published condition=100
06-08 13:55:00.372   152   858 I ActivityManager: Start proc com.google.android.apps.uploader for broadcast com.google.android.apps.uploader/.ConnectivityBroadcastReceiver: pid=3010 uid=10031 gids={3003}
06-08 13:55:00.391  1339  1365 D dalvikvm: GC_FOR_ALLOC freed 2K, 41% free 11948K/20039K, paused 113ms
06-08 13:55:00.450  1339  1342 D dalvikvm: GC_CONCURRENT freed <1K, 41% free 11949K/20039K, paused 3ms+14ms
06-08 13:55:00.457   472   472 D SAN_SERVICE: *******************************************
06-08 13:55:00.457   472   472 D SAN_SERVICE: DM App Phone Service State - 0
06-08 13:55:00.457   472   472 D SAN_SERVICE: *******************************************
06-08 13:55:00.469  3010  3010 I dalvikvm: Turning on JNI app bug workarounds for target SDK version 11...
06-08 13:55:00.497  1339  1365 D dalvikvm: GC_FOR_ALLOC freed <1K, 41% free 11949K/20039K, paused 48ms
06-08 13:55:00.500  1339  1365 I dalvikvm-heap: Grow heap (frag case) to 12.964MB for 1286224-byte allocation
06-08 13:55:00.543  1339  1339 D dalvikvm: GC_FOR_ALLOC freed 0K, 35% free 13205K/20039K, paused 32ms
06-08 13:55:00.700   152   492 I ActivityManager: Process com.android.gallery3d (pid 1937) has died.
06-08 13:55:00.809  3010  3010 I ActivityThread: Pub com.google.android.apps.uploader: com.google.android.apps.uploader.UploadsContentProvider
06-08 13:55:00.813  3010  3010 I ActivityThread: Pub com.google.photos.provider.Album: com.google.android.apps.uploader.clients.picasa.AlbumProvider
06-08 13:55:00.821  3010  3010 D MediaUploader: UploaderApplication.onCreate
06-08 13:55:00.821  2752  2752 D OpenGLRenderer: Flushing caches (mode 1)
06-08 13:55:00.934  3010  3010 D MediaUploader: nonWifiLimit=20971520, default=20971520
06-08 13:55:00.934  1339  1365 D dalvikvm: GC_FOR_ALLOC freed 2180K, 44% free 11277K/20039K, paused 30ms
06-08 13:55:00.938  1339  1365 I dalvikvm-heap: Grow heap (frag case) to 12.308MB for 1286224-byte allocation
06-08 13:55:00.938  3010  3010 I MediaUploader: No need to wake up
06-08 13:55:00.942   152   163 I ActivityManager: No longer want com.android.defcontainer (pid 2020): hidden #16
06-08 13:55:01.008  1339  1366 D dalvikvm: GC_FOR_ALLOC freed 2K, 38% free 12531K/20039K, paused 56ms
06-08 13:55:01.106  1339  1342 D dalvikvm: GC_CONCURRENT freed 134K, 38% free 12578K/20039K, paused 2ms+16ms
06-08 13:55:01.176  3010  3010 I MediaUploader: No need to wake up
06-08 13:55:01.227  1142  1158 D PicasaSyncManager: active network: NetworkInfo: type: WIFI[], state: CONNECTED/CONNECTED, reason: (unspecified), extra: (none), roaming: false, failover: false, isAvailable: true
06-08 13:55:01.231  1142  1158 D PicasaSyncManager: background data: true
06-08 13:55:01.379  1339  1342 D dalvikvm: GC_CONCURRENT freed 1725K, 41% free 11937K/20039K, paused 2ms+5ms
06-08 13:55:01.629  1339  1342 D dalvikvm: GC_CONCURRENT freed 981K, 41% free 11919K/20039K, paused 2ms+3ms
06-08 13:55:01.848  1142  1144 D dalvikvm: GC_CONCURRENT freed 419K, 6% free 9566K/10119K, paused 3ms+2ms
06-08 13:55:09.516  1142  1144 D dalvikvm: GC_CONCURRENT freed 419K, 6% free 9570K/10119K, paused 21ms+5ms
06-08 13:55:10.122   472   472 D SAN_SERVICE: *******************************************
06-08 13:55:10.122   472   472 D SAN_SERVICE: DM App Phone Service State - 0
06-08 13:55:10.122   472   472 D SAN_SERVICE: *******************************************
06-08 13:55:10.231   472   475 D dalvikvm: GC_CONCURRENT freed 328K, 6% free 9659K/10183K, paused 13ms+10ms
06-08 13:55:10.598   472   494 D dalvikvm: GC_EXPLICIT freed 34K, 6% free 9626K/10183K, paused 5ms+12ms
06-08 13:55:11.524   152   314 D ConnectivityService: ConnectivityChange for mobile: CONNECTED/CONNECTED
06-08 13:55:11.567   152   314 D NetUtils: android_net_utils_resetConnections in env=0x1c64fb8 clazz=0x81c00001 iface=rmnet0 mask=0x3
06-08 13:55:11.567   152   314 D ConnectivityService: ConnectivityChange for mobile: DISCONNECTED/DISCONNECTED
06-08 13:55:11.567   152   314 D ConnectivityService: Attempting to switch to WIFI
06-08 13:55:11.567   152   314 D ConnectivityService: Attempting to switch to WIMAX
06-08 13:55:11.567   152   314 D ConnectivityService: Attempting to switch to BLUETOOTH_TETHER
06-08 13:55:11.567   152   314 D ConnectivityService: resetConnections(rmnet0, 3)
06-08 13:55:13.786  1339  1342 D dalvikvm: GC_CONCURRENT freed 1177K, 42% free 11653K/20039K, paused 27ms+4ms
06-08 13:55:13.813   152   152 I ActivityManager: START {act=android.intent.action.MAIN cat=[android.intent.category.LAUNCHER] flg=0x10200000 cmp=com.android.contacts/.activities.PeopleActivity bnds=[96,706][192,802]} from pid 1339
06-08 13:55:14.032   152   857 I ActivityManager: Start proc com.android.contacts for activity com.android.contacts/.activities.PeopleActivity: pid=3029 uid=10000 gids={3003, 1015}
06-08 13:55:14.102   152   154 D dalvikvm: GC_CONCURRENT freed 789K, 12% free 13847K/15559K, paused 22ms+7ms
06-08 13:55:14.176   152   164 I ActivityManager: Process com.google.android.googlequicksearchbox (pid 1966) has died.
06-08 13:55:14.192  1339  1339 D OpenGLRenderer: Flushing caches (mode 1)
06-08 13:55:14.321  1339  1339 D OpenGLRenderer: Flushing caches (mode 0)
06-08 13:55:14.364  3029  3029 I ContactsIntentResolver: Called with action: android.intent.action.MAIN
06-08 13:55:14.442  3029  3043 D AccountTypeManager: Registering 1 extension packages
06-08 13:55:14.469  3029  3043 I AccountTypeManager: Loaded meta-data for 2 account types, 1 accounts in 136ms(wall) 17ms(cpu)
06-08 13:55:14.571  3029  3029 I ContactPhotoManager: Cache adj: 0.5
06-08 13:55:14.582   152   168 I Process : Sending signal. PID: 3029 SIG: 3
06-08 13:55:14.582  3029  3034 I dalvikvm: threadid=3: reacting to signal 3
06-08 13:55:14.610  3029  3032 D dalvikvm: GC_CONCURRENT freed 201K, 3% free 9320K/9607K, paused 8ms+3ms
06-08 13:55:14.610  3029  3034 I dalvikvm: Wrote stack traces to '/data/anr/traces.txt'
06-08 13:55:14.633   152   317 D Tethering: MasterInitialState.processMessage what=3
06-08 13:55:14.653   152   317 D Tethering: MasterInitialState.processMessage what=3
06-08 13:55:14.778   152   169 W ActivityManager: Timeout of broadcast BroadcastRecord{4184a1f8 com.android.server.action.NETWORK_STATS_POLL} - receiver=android.app.LoadedApk$ReceiverDispatcher$InnerReceiver@414df818, started 10000ms ago
06-08 13:55:14.778   152   169 W ActivityManager: Receiver during timeout: BroadcastFilter{41613530 ReceiverList{416187b0 152 system/1000 local:414df818}}
06-08 13:55:14.836  1142  1158 D PicasaSyncManager: active network: NetworkInfo: type: WIFI[], state: CONNECTED/CONNECTED, reason: (unspecified), extra: (none), roaming: false, failover: false, isAvailable: true
06-08 13:55:14.836  1142  1158 D PicasaSyncManager: background data: true
06-08 13:55:14.965   152   492 D dalvikvm: GC_EXPLICIT freed 145K, 12% free 13780K/15559K, paused 8ms+8ms
06-08 13:55:14.997  3010  3010 I MediaUploader: No need to wake up
06-08 13:55:15.063  3029  3029 D libEGL  : loaded /system/lib/egl/libGLES_android.so
06-08 13:55:15.067  3010  3010 I MediaUploader: No need to wake up
06-08 13:55:15.075  1142  1158 D PicasaSyncManager: active network: NetworkInfo: type: WIFI[], state: CONNECTED/CONNECTED, reason: (unspecified), extra: (none), roaming: false, failover: false, isAvailable: true
06-08 13:55:15.075  1142  1158 D PicasaSyncManager: background data: true
06-08 13:55:15.079  3029  3029 D libEGL  : loaded /vendor/lib/egl/libEGL_POWERVR_SGX540_120.so
06-08 13:55:15.082   152   168 I Process : Sending signal. PID: 3029 SIG: 3
06-08 13:55:15.082  3029  3034 I dalvikvm: threadid=3: reacting to signal 3
06-08 13:55:15.086  3029  3034 I dalvikvm: Wrote stack traces to '/data/anr/traces.txt'
06-08 13:55:15.090  3029  3029 D libEGL  : loaded /vendor/lib/egl/libGLESv1_CM_POWERVR_SGX540_120.so
06-08 13:55:15.098  3029  3029 D libEGL  : loaded /vendor/lib/egl/libGLESv2_POWERVR_SGX540_120.so
06-08 13:55:15.145  3029  3029 D OpenGLRenderer: Enabling debug mode 0
06-08 13:55:15.235   152   201 I ActivityManager: Displayed com.android.contacts/.activities.PeopleActivity: +1s330ms
06-08 13:55:15.278   152   314 D ConnectivityService: handleInetConditionHoldEnd: net=1, condition=100, published condition=100
06-08 13:55:15.438   583   677 D dalvikvm: GC_EXPLICIT freed 118K, 13% free 9772K/11207K, paused 44ms+7ms
06-08 13:55:15.735  3029  3032 D dalvikvm: GC_CONCURRENT freed 122K, 3% free 9705K/9927K, paused 4ms+3ms
06-08 13:55:16.668   472   472 D SAN_SERVICE: *******************************************
06-08 13:55:16.668   472   472 D SAN_SERVICE: DM App Phone Service State - 0
06-08 13:55:16.668   472   472 D SAN_SERVICE: *******************************************
06-08 13:55:16.997  3029  3044 V ContactPhotoManager: Preloaded 25 photos.  Cached bytes: 146202
06-08 13:55:17.387   472   472 D SAN_SERVICE: *******************************************
06-08 13:55:17.387   472   472 D SAN_SERVICE: DM App Phone Service State - 0
06-08 13:55:17.387   472   472 D SAN_SERVICE: *******************************************
06-08 13:55:17.481  3029  3032 D dalvikvm: GC_CONCURRENT freed 94K, 2% free 10061K/10247K, paused 3ms+2ms
06-08 13:55:18.911  3029  3044 V ContactPhotoManager: Preloaded 25 photos.  Cached bytes: 305468
06-08 13:55:19.977  3029  3044 V ContactPhotoManager: Preloaded 25 photos.  Cached bytes: 440078
06-08 13:55:20.043  3029  3032 D dalvikvm: GC_CONCURRENT freed 122K, 2% free 10430K/10631K, paused 9ms+4ms
06-08 13:55:20.282   472   472 D SAN_SERVICE: *******************************************
06-08 13:55:20.282   472   472 D SAN_SERVICE: DM App Phone Service State - 0
06-08 13:55:20.282   472   472 D SAN_SERVICE: *******************************************
06-08 13:55:20.454  1142  1144 D dalvikvm: GC_CONCURRENT freed 419K, 6% free 9571K/10119K, paused 19ms+11ms
06-08 13:55:20.493   472   472 D SAN_SERVICE: *******************************************
06-08 13:55:20.493   472   472 D SAN_SERVICE: DM App Phone Service State - 0
06-08 13:55:20.493   472   472 D SAN_SERVICE: *******************************************
06-08 13:55:20.563   472   472 D SAN_SERVICE: *******************************************
06-08 13:55:20.563   472   472 D SAN_SERVICE: DM App Phone Service State - 0
06-08 13:55:20.563   472   472 D SAN_SERVICE: *******************************************
06-08 13:55:21.032  3029  3044 V ContactPhotoManager: Preloaded 21 photos.  Cached bytes: 548911
06-08 13:55:21.325   472   472 D SAN_SERVICE: *******************************************
06-08 13:55:21.325   472   472 D SAN_SERVICE: DM App Phone Service State - 0
06-08 13:55:21.325   472   472 D SAN_SERVICE: *******************************************
06-08 13:55:26.872   152   857 W InputManagerService: Starting input on non-focused client com.android.internal.view.IInputMethodClient$Stub$Proxy@414e13f8 (uid=10000 pid=3029)
06-08 13:55:26.914  3029  3029 D OpenGLRenderer: Flushing caches (mode 0)
06-08 13:55:27.547   152   656 I ActivityManager: Process com.android.voicedialer (pid 1953) has died.
06-08 13:55:28.485  1142  1144 D dalvikvm: GC_CONCURRENT freed 413K, 6% free 9573K/10119K, paused 14ms+3ms
06-08 13:55:29.024  3029  3029 D OpenGLRenderer: Flushing caches (mode 1)
06-08 13:55:33.395   152   152 I ActivityManager: Process com.android.browser (pid 2186) has died.
06-08 13:55:33.477  1339  1342 D dalvikvm: GC_CONCURRENT freed 1824K, 48% free 10588K/20039K, paused 137ms+249ms
06-08 13:55:35.266   152   492 I ActivityManager: START {act=android.intent.action.MAIN cat=[android.intent.category.LAUNCHER] flg=0x10200000 cmp=com.google.android.talk/.SigningInActivity bnds=[0,556][120,706]} from pid 1339
06-08 13:55:35.368   152   492 D dalvikvm: GC_FOR_ALLOC freed 583K, 12% free 13789K/15559K, paused 53ms
06-08 13:55:35.481   152   163 I ActivityManager: START {flg=0x20000000 cmp=com.google.android.talk/.AccountSelectionActivity} from pid 2468
06-08 13:55:35.551  1339  1339 D OpenGLRenderer: Flushing caches (mode 1)
06-08 13:55:35.602  1339  1339 D OpenGLRenderer: Flushing caches (mode 0)
06-08 13:55:35.700   152   201 I ActivityManager: Displayed com.google.android.talk/.AccountSelectionActivity: +211ms (total +309ms)
06-08 13:55:38.465  1142  1144 D dalvikvm: GC_CONCURRENT freed 415K, 6% free 9573K/10119K, paused 19ms+2ms
06-08 13:55:42.985   152   491 I ActivityManager: START {cmp=com.google.android.talk/.GTalkPreferencesActivity} from pid 2468
06-08 13:55:43.133   152   491 D dalvikvm: GC_FOR_ALLOC freed 295K, 12% free 13737K/15559K, paused 99ms
06-08 13:55:43.270  2468  2469 D dalvikvm: GC_CONCURRENT freed 373K, 6% free 9882K/10503K, paused 5ms+8ms
06-08 13:55:43.356   152   201 I ActivityManager: Displayed com.google.android.talk/.GTalkPreferencesActivity: +214ms
06-08 13:55:43.364  2468  2468 D OpenGLRenderer: Flushing caches (mode 0)
06-08 13:55:44.582   152   656 I ActivityManager: START {act=android.intent.action.MAIN cmp=com.google.android.talk/.GTalkPreferencesActivity (has extras)} from pid 2468
06-08 13:55:44.664   152   656 D dalvikvm: GC_FOR_ALLOC freed 173K, 12% free 13723K/15559K, paused 52ms
06-08 13:55:44.879   152   201 I ActivityManager: Displayed com.google.android.talk/.GTalkPreferencesActivity: +206ms
06-08 13:55:44.903  2468  2468 D OpenGLRenderer: Flushing caches (mode 0)
06-08 13:55:45.688  1142  1144 D dalvikvm: GC_CONCURRENT freed 415K, 6% free 9570K/10119K, paused 23ms+3ms
06-08 13:55:48.989   152   552 D dalvikvm: GC_FOR_ALLOC freed 165K, 12% free 13715K/15559K, paused 63ms
06-08 13:55:49.118  2468  2468 D OpenGLRenderer: Flushing caches (mode 0)
06-08 13:55:49.137  2468  2469 D dalvikvm: GC_CONCURRENT freed 322K, 6% free 9946K/10503K, paused 12ms+8ms
06-08 13:55:49.282   152   858 D dalvikvm: GC_FOR_ALLOC freed 144K, 12% free 13717K/15559K, paused 55ms
06-08 13:55:49.391  2468  2468 D OpenGLRenderer: Flushing caches (mode 0)
06-08 13:55:49.649   152   656 D dalvikvm: GC_FOR_ALLOC freed 147K, 12% free 13719K/15559K, paused 56ms
06-08 13:55:49.696   152   655 W InputManagerService: Starting input on non-focused client com.android.internal.view.IInputMethodClient$Stub$Proxy@4146d700 (uid=10047 pid=2468)
06-08 13:55:49.719  2468  2468 D OpenGLRenderer: Flushing caches (mode 0)
06-08 13:55:50.274  2468  2468 D OpenGLRenderer: Flushing caches (mode 1)
06-08 13:55:50.430  2468  2468 D dalvikvm: GC_EXPLICIT freed 230K, 7% free 9785K/10503K, paused 24ms+11ms
06-08 13:55:50.454   152   656 I ActivityManager: Process com.android.quicksearchbox (pid 1980) has died.
06-08 13:55:52.512   152   198 I power   : *** set_screen_state 0
06-08 13:55:52.547    79   119 D SurfaceFlinger: About to give-up screen, flinger = 0x2c1918
06-08 13:55:52.918   152   199 D dalvikvm: GC_FOR_ALLOC freed 286K, 12% free 13732K/15559K, paused 51ms
06-08 13:55:53.204   152   202 D dalvikvm: GC_FOR_ALLOC freed 40K, 11% free 13901K/15559K, paused 87ms
06-08 13:55:53.204   152   202 I dalvikvm-heap: Grow heap (frag case) to 13.750MB for 104992-byte allocation
06-08 13:55:53.250   152   202 D dalvikvm: GC_FOR_ALLOC freed 2K, 11% free 14002K/15687K, paused 43ms
06-08 13:55:53.293   152   202 D dalvikvm: GC_FOR_ALLOC freed <1K, 11% free 14002K/15687K, paused 43ms
06-08 13:55:53.293   152   202 I dalvikvm-heap: Grow heap (frag case) to 13.848MB for 104992-byte allocation
06-08 13:55:53.344   152   202 D dalvikvm: GC_FOR_ALLOC freed <1K, 11% free 14105K/15815K, paused 45ms
06-08 13:55:53.391   152   202 D dalvikvm: GC_FOR_ALLOC freed <1K, 11% free 14109K/15815K, paused 41ms
06-08 13:55:53.391   152   202 I dalvikvm-heap: Grow heap (frag case) to 13.954MB for 104992-byte allocation
06-08 13:55:53.434   152   202 D dalvikvm: GC_FOR_ALLOC freed 1K, 11% free 14211K/15943K, paused 41ms
06-08 13:55:53.481   152   202 D dalvikvm: GC_FOR_ALLOC freed <1K, 11% free 14316K/15943K, paused 41ms
06-08 13:55:53.481   152   202 I dalvikvm-heap: Grow heap (frag case) to 14.155MB for 104992-byte allocation
06-08 13:55:53.524   152   202 D dalvikvm: GC_FOR_ALLOC freed 1K, 11% free 14418K/16071K, paused 41ms
06-08 13:55:53.567   152   202 D dalvikvm: GC_FOR_ALLOC freed <1K, 11% free 14418K/16071K, paused 40ms
06-08 13:55:53.567   152   202 I dalvikvm-heap: Grow heap (frag case) to 14.254MB for 104992-byte allocation
06-08 13:55:53.610   152   202 D dalvikvm: GC_FOR_ALLOC freed <1K, 11% free 14521K/16199K, paused 41ms
06-08 13:55:53.618   152   202 V TransportControlView: Create TCV com.android.internal.widget.TransportControlView@417c91c0
06-08 13:55:53.668   390   390 D PhoneStatusBar: disable: < expand icons alerts ticker system_info back home RECENT* clock >
06-08 13:55:53.692   860   860 D OpenGLRenderer: Flushing caches (mode 1)
06-08 13:55:53.723   390   390 D PhoneStatusBar: disable: < expand icons alerts ticker system_info BACK* HOME* RECENT clock >
06-08 13:55:53.762   390   390 D PhoneStatusBar: disable: < expand icons alerts ticker system_info BACK HOME RECENT CLOCK* >
06-08 13:55:54.649  1142  1144 D dalvikvm: GC_CONCURRENT freed 415K, 6% free 9574K/10119K, paused 13ms+2ms
06-08 13:55:57.629   472   472 D SAN_SERVICE: *******************************************
06-08 13:55:57.629   472   472 D SAN_SERVICE: DM App Phone Service State - 0
06-08 13:55:57.629   472   472 D SAN_SERVICE: *******************************************
06-08 13:56:02.707   472   472 D SAN_SERVICE: *******************************************
06-08 13:56:02.707   472   472 D SAN_SERVICE: DM App Phone Service State - 0
06-08 13:56:02.707   472   472 D SAN_SERVICE: *******************************************
06-08 13:56:03.004   152   169 W ActivityManager: Timeout of broadcast BroadcastRecord{418e2f20 android.intent.action.SCREEN_OFF} - receiver=android.app.LoadedApk$ReceiverDispatcher$InnerReceiver@41384928, started 10000ms ago
06-08 13:56:03.004   152   169 W ActivityManager: Receiver during timeout: BroadcastFilter{414ee288 ReceiverList{414fdcd0 152 system/1000 local:41384928}}
06-08 13:56:03.262  1339  1342 D dalvikvm: GC_CONCURRENT freed 499K, 48% free 10528K/20039K, paused 4ms+4ms
06-08 13:56:03.454   390   392 D dalvikvm: GC_CONCURRENT freed 604K, 31% free 9669K/13895K, paused 3ms+2ms
06-08 13:56:06.516  1142  1144 D dalvikvm: GC_CONCURRENT freed 415K, 6% free 9573K/10119K, paused 32ms+2ms
06-08 13:56:10.770  1834  1847 I PhoneLab-: Service Running
06-08 13:56:10.891  1834  1847 I PhoneLab-LoggerService: app_38    1290  1     1788   1412  c00f181c 400107b4 S logcat
06-08 13:56:10.891  1834  1847 I PhoneLab-LoggerService: Logcat pid from database 1290
06-08 13:56:10.891  1834  1847 I PhoneLab-LoggerService: Logcat process found 1290
06-08 13:56:10.891  1834  1847 I PhoneLab-LoggerService: Checking Threshold
06-08 13:56:10.895  1834  1847 I PhoneLab-LoggerService: Starting to rename files
06-08 13:56:10.895  1834  1847 I PhoneLab-LoggerService: Files found .. 3
06-08 13:56:42.289   472   472 D SAN_SERVICE: *******************************************
06-08 13:56:42.289   472   472 D SAN_SERVICE: DM App Phone Service State - 0
06-08 13:56:42.289   472   472 D SAN_SERVICE: *******************************************
06-08 13:56:42.555   472   472 D SAN_SERVICE: *******************************************
06-08 13:56:42.555   472   472 D SAN_SERVICE: DM App Phone Service State - 0
06-08 13:56:42.555   472   472 D SAN_SERVICE: *******************************************
06-08 13:56:44.840  1142  2217 W PrefetchHelper: fail to download
06-08 13:56:44.840  1142  2217 W PrefetchHelper: java.net.SocketTimeoutException: Read timed out
06-08 13:56:44.840  1142  2217 W PrefetchHelper: 	at org.apache.harmony.xnet.provider.jsse.NativeCrypto.SSL_read(Native Method)
06-08 13:56:44.840  1142  2217 W PrefetchHelper: 	at org.apache.harmony.xnet.provider.jsse.OpenSSLSocketImpl$SSLInputStream.read(OpenSSLSocketImpl.java:671)
06-08 13:56:44.840  1142  2217 W PrefetchHelper: 	at org.apache.http.impl.io.AbstractSessionInputBuffer.fillBuffer(AbstractSessionInputBuffer.java:103)
06-08 13:56:44.840  1142  2217 W PrefetchHelper: 	at org.apache.http.impl.io.AbstractSessionInputBuffer.read(AbstractSessionInputBuffer.java:134)
06-08 13:56:44.840  1142  2217 W PrefetchHelper: 	at org.apache.http.impl.io.ContentLengthInputStream.read(ContentLengthInputStream.java:174)
06-08 13:56:44.840  1142  2217 W PrefetchHelper: 	at org.apache.http.conn.EofSensorInputStream.read(EofSensorInputStream.java:159)
06-08 13:56:44.840  1142  2217 W PrefetchHelper: 	at com.google.android.picasasync.PrefetchHelper.downloadPhoto(PrefetchHelper.java:562)
06-08 13:56:44.840  1142  2217 W PrefetchHelper: 	at com.google.android.picasasync.PrefetchHelper.syncOnePhoto(PrefetchHelper.java:507)
06-08 13:56:44.840  1142  2217 W PrefetchHelper: 	at com.google.android.picasasync.PrefetchHelper.syncScreenNailsForUser(PrefetchHelper.java:364)
06-08 13:56:44.840  1142  2217 W PrefetchHelper: 	at com.google.android.picasasync.PhotoPrefetch$PrefetchScreenNail.performSyncInternal(PhotoPrefetch.java:220)
06-08 13:56:44.840  1142  2217 W PrefetchHelper: 	at com.google.android.picasasync.PhotoPrefetch$PrefetchScreenNail.performSync(PhotoPrefetch.java:202)
06-08 13:56:44.840  1142  2217 W PrefetchHelper: 	at com.google.android.picasasync.PicasaSyncManager.performSyncInternal(PicasaSyncManager.java:544)
06-08 13:56:44.840  1142  2217 W PrefetchHelper: 	at com.google.android.picasasync.PicasaSyncManager.performSync(PicasaSyncManager.java:563)
06-08 13:56:44.840  1142  2217 W PrefetchHelper: 	at com.google.android.picasasync.PicasaSyncService$PicasaSyncAdapter.onPerformSync(PicasaSyncService.java:135)
06-08 13:56:44.840  1142  2217 W PrefetchHelper: 	at android.content.AbstractThreadedSyncAdapter$SyncThread.run(AbstractThreadedSyncAdapter.java:247)
06-08 13:56:47.180   472   472 D SAN_SERVICE: *******************************************
06-08 13:56:47.180   472   472 D SAN_SERVICE: DM App Phone Service State - 0
06-08 13:56:47.180   472   472 D SAN_SERVICE: *******************************************
06-08 13:56:47.965   472   472 D SAN_SERVICE: *******************************************
06-08 13:56:47.965   472   472 D SAN_SERVICE: DM App Phone Service State - 0
06-08 13:56:47.965   472   472 D SAN_SERVICE: *******************************************
06-08 13:56:51.274  1142  1154 D PicasaSyncService: receive cancel request
06-08 13:56:51.360  1443  3062 I Gmail   : MainSyncRequestProto: lowestBkwdConvoId: 0, highestHandledServerOp: 3224033, normalSync: true
06-08 13:56:51.383   152   858 I ActivityManager: Process com.spotify.mobile.android.ui (pid 2142) has died.
06-08 13:56:51.383   152   858 W ActivityManager: Scheduling restart of crashed service com.spotify.mobile.android.ui/com.spotify.mobile.android.service.LocalService in 5000ms
06-08 13:56:51.485   152   858 D dalvikvm: GC_FOR_ALLOC freed 495K, 10% free 14651K/16199K, paused 57ms
06-08 13:56:51.485   152   858 I dalvikvm-heap: Grow heap (frag case) to 14.505MB for 129616-byte allocation
06-08 13:56:51.536   152   857 D dalvikvm: GC_FOR_ALLOC freed 41K, 10% free 14736K/16327K, paused 41ms
06-08 13:56:51.625   860   871 D dalvikvm: GC_EXPLICIT freed 185K, 8% free 9679K/10439K, paused 2ms+4ms
06-08 13:56:51.641   860   860 D OpenGLRenderer: Flushing caches (mode 1)
06-08 13:56:53.622  1142  2217 D PicasaSyncManager: sync complete: SyncResult: stats [ numUpdates: 512]
06-08 13:56:53.637  1142  1158 V PicasaContentProvider: querySettings: defaults: {sync_on_wifi_only=1, auto_upload_account_type=null, sync_on_battery=1, sync_picasa_on_wifi_only=1, auto_upload_enabled=0, video_upload_wifi_only=1, sync_on_roaming=0, auto_upload_account_name=null}
06-08 13:56:53.637  1142  2217 D PicasaSyncService: sync finished - true
06-08 13:56:53.641   152   194 D SyncManager: handleSyncHandlerMessage: dropping since the sync is no longer active: startTime 706509, mTimeoutStartTime 706509, mHistoryRowId 8, syncOperation lokeshmandvekar@gmail.com (com.google), com.google.android.gallery3d.GooglePhotoProvider, POLL, earliestRunTime 387969
06-08 13:56:56.454   152   169 I ActivityManager: Start proc com.spotify.mobile.android.ui for service com.spotify.mobile.android.ui/com.spotify.mobile.android.service.LocalService: pid=3063 uid=10055 gids={3003, 1015}
06-08 13:56:56.477  3063  3063 I dalvikvm: Turning on JNI app bug workarounds for target SDK version 9...
06-08 13:56:56.567  3063  3063 I ActivityThread: Pub com.spotify.mobile.android.ui.PlaylistSearchProvider: com.spotify.mobile.android.model.PlaylistSearchProvider
06-08 13:56:56.590  3063  3063 I ActivityThread: Pub com.spotify.mobile.android.model.StarredTracksContentProvider: com.spotify.mobile.android.model.StarredTracksContentProvider
06-08 13:56:56.590  3063  3063 I ActivityThread: Pub com.spotify.mobile.android.ui.SearchProvider: com.spotify.mobile.android.model.SearchSuggestionSampleProvider
06-08 13:56:56.598  3063  3063 D dalvikvm: Trying to load lib /data/data/com.spotify.mobile.android.ui/lib/libspotifyjni-arm.so 0x413214f0
06-08 13:56:56.629  3063  3063 D dalvikvm: Added shared lib /data/data/com.spotify.mobile.android.ui/lib/libspotifyjni-arm.so 0x413214f0
06-08 13:56:57.278  3063  3063 D SpotifyJava: PHONE STATE - IDLE
06-08 13:56:57.719   472   472 D SAN_SERVICE: *******************************************
06-08 13:56:57.719   472   472 D SAN_SERVICE: DM App Phone Service State - 0
06-08 13:56:57.719   472   472 D SAN_SERVICE: *******************************************
06-08 13:57:07.672   472   472 D SAN_SERVICE: *******************************************
06-08 13:57:07.672   472   472 D SAN_SERVICE: DM App Phone Service State - 0
06-08 13:57:07.672   472   472 D SAN_SERVICE: *******************************************
06-08 13:57:07.735   691   693 D dalvikvm: GC_CONCURRENT freed 376K, 12% free 10410K/11783K, paused 9ms+3ms
06-08 13:57:08.450   472   472 D SAN_SERVICE: *******************************************
06-08 13:57:08.450   472   472 D SAN_SERVICE: DM App Phone Service State - 0
06-08 13:57:08.450   472   472 D SAN_SERVICE: *******************************************
06-08 13:57:28.614   472   472 D SAN_SERVICE: *******************************************
06-08 13:57:28.614   472   472 D SAN_SERVICE: DM App Phone Service State - 0
06-08 13:57:28.614   472   472 D SAN_SERVICE: *******************************************
06-08 13:57:31.141   152   309 W ActivityManager: finishReceiver called but no pending broadcasts
06-08 13:57:51.239   152   308 W ActivityManager: finishReceiver called but no pending broadcasts
06-08 13:57:51.247  1443  3062 E Gmail   : IOException: SSL handshake aborted: ssl=0x1c56da0: I/O error during system call, Connection reset by peer
06-08 13:57:51.297   152   194 D SyncManager: failed sync operation lokeshmandvekar@gmail.com (com.google), gmail-ls, SERVER, earliestRunTime 388114, SyncResult: stats [ numIoExceptions: 1]
06-08 13:57:51.329  3029  3043 D AccountTypeManager: Registering 1 extension packages
06-08 13:57:51.348  3029  3043 I AccountTypeManager: Loaded meta-data for 2 account types, 1 accounts in 39ms(wall) 5ms(cpu)
06-08 13:57:51.407  1142  3082 D PicasaSyncService: start to perform sync on lokeshmandvekar@gmail.com
06-08 13:57:51.414  1142  1158 V PicasaContentProvider: querySettings: defaults: {sync_on_wifi_only=1, auto_upload_account_type=null, sync_on_battery=1, sync_picasa_on_wifi_only=1, auto_upload_enabled=0, video_upload_wifi_only=1, sync_on_roaming=0, auto_upload_account_name=null}
06-08 13:57:51.414  1142  3082 D PicasaSyncManager: perform sync task: MetadataSyncTask (lokeshmandvekar@gmail.com)
06-08 13:57:51.485   860   860 D OpenGLRenderer: Flushing caches (mode 1)
06-08 13:57:51.512   860   860 D OpenGLRenderer: Flushing caches (mode 1)
06-08 13:57:51.520  1142  3082 D PicasaAPI: getAlbums for lokeshmandvekar@gmail.com, etag = W/"A0UEQH8-fip7ImA9WhVbEkk."
06-08 13:57:52.758  1142  1144 D dalvikvm: GC_CONCURRENT freed 405K, 6% free 9582K/10119K, paused 5ms+2ms
06-08 13:57:53.739  1142  3082 V PicasaAPI:    done
06-08 13:57:53.739  1142  3082 D MetricsUtils: [PicasaApi.getAlbums in:361 out:635 time:2218]
06-08 13:57:53.739  1142  3082 D MetricsUtils: [PicasaSyncHelper.syncAlbums lokeshmandvekar@gmail.com time:2227]
06-08 13:57:53.770  1142  3082 D PicasaAPI: getAlbumPhotos for 102196091084294424034 / 5475662278604290913, etag: W/"D0QGRXsyeSp7ImA9WhVbEEw."
06-08 13:57:54.434  1142  3082 D PicasaAPI:    done
06-08 13:57:54.434  1142  3082 D MetricsUtils: [PicasaApi.getAlbumPhotos in:207 out:756 time:664]
06-08 13:57:54.434  1142  3082 D MetricsUtils: [PicasaSyncHelper.syncPhotos 5475662278604290913 time:668]
06-08 13:57:54.477  1142  3082 D PicasaAPI: getAlbumPhotos for 102196091084294424034 / 5586362296427263745, etag: W/"DUYER347eCp7ImA9WhZTFko."
06-08 13:57:54.852  1142  3082 D PicasaAPI:    done
06-08 13:57:54.852  1142  3082 D MetricsUtils: [PicasaApi.getAlbumPhotos in:207 out:756 time:376]
06-08 13:57:54.852  1142  3082 D MetricsUtils: [PicasaSyncHelper.syncPhotos 5586362296427263745 time:414]
06-08 13:57:54.872  1142  3082 D PicasaAPI: getAlbumPhotos for 102196091084294424034 / 5601884016979146209, etag: W/"DU8GRXs7fip7ImA9WhVWF0Q."
06-08 13:57:55.766  1142  3082 D PicasaAPI:    done
06-08 13:57:55.766  1142  3082 D MetricsUtils: [PicasaApi.getAlbumPhotos in:207 out:756 time:896]
06-08 13:57:55.770  1142  3082 D MetricsUtils: [PicasaSyncHelper.syncPhotos 5601884016979146209 time:911]
06-08 13:57:55.786  1142  3082 D PicasaAPI: getAlbumPhotos for 102196091084294424034 / 5624402630643790097, etag: W/"CkUNRH04fyp7ImA9WhVRF0Q."
06-08 13:57:56.575  1142  3082 D PicasaAPI:    done
06-08 13:57:56.579  1142  3082 D MetricsUtils: [PicasaApi.getAlbumPhotos in:207 out:756 time:794]
06-08 13:57:56.579  1142  3082 D MetricsUtils: [PicasaSyncHelper.syncPhotos 5624402630643790097 time:806]
06-08 13:57:56.598  1142  3082 D PicasaAPI: getAlbumPhotos for 102196091084294424034 / 5631438636042837409, etag: W/"D0QHR349cSp7ImA9WhVVEUw."
06-08 13:58:10.743  1834  1847 I PhoneLab-: Service Running
06-08 13:58:10.852  1834  1837 D dalvikvm: GC_CONCURRENT freed 401K, 6% free 9091K/9607K, paused 3ms+2ms
06-08 13:58:10.856  1834  1847 I PhoneLab-LoggerService: app_38    1290  1     1788   1412  c00f181c 400107b4 S logcat
06-08 13:58:10.856  1834  1847 I PhoneLab-LoggerService: Logcat pid from database 1290
06-08 13:58:10.856  1834  1847 I PhoneLab-LoggerService: Logcat process found 1290
06-08 13:58:10.856  1834  1847 I PhoneLab-LoggerService: Checking Threshold
06-08 13:58:10.856  1834  1847 I PhoneLab-LoggerService: Starting to rename files
06-08 13:58:10.856  1834  1847 I PhoneLab-LoggerService: Files found .. 3
06-08 13:58:16.723  1142  3082 W GDataClient: Request failed: https://picasaweb.google.com/data/feed/api/user/102196091084294424034/albumid/5631438636042837409?max-results=1000&imgmax=d&thumbsize=640u&visibility=visible&v=4&alt=json&fd=shapes&kind=photo
06-08 13:58:16.750  1142  3082 E PicasaAPI: getAlbumPhotos fail
06-08 13:58:16.750  1142  3082 E PicasaAPI: java.net.SocketTimeoutException: Read timed out
06-08 13:58:16.750  1142  3082 E PicasaAPI: 	at org.apache.harmony.xnet.provider.jsse.NativeCrypto.SSL_read(Native Method)
06-08 13:58:16.750  1142  3082 E PicasaAPI: 	at org.apache.harmony.xnet.provider.jsse.OpenSSLSocketImpl$SSLInputStream.read(OpenSSLSocketImpl.java:671)
06-08 13:58:16.750  1142  3082 E PicasaAPI: 	at org.apache.http.impl.io.AbstractSessionInputBuffer.fillBuffer(AbstractSessionInputBuffer.java:103)
06-08 13:58:16.750  1142  3082 E PicasaAPI: 	at org.apache.http.impl.io.AbstractSessionInputBuffer.readLine(AbstractSessionInputBuffer.java:191)
06-08 13:58:16.750  1142  3082 E PicasaAPI: 	at org.apache.http.impl.conn.DefaultResponseParser.parseHead(DefaultResponseParser.java:82)
06-08 13:58:16.750  1142  3082 E PicasaAPI: 	at org.apache.http.impl.io.AbstractMessageParser.parse(AbstractMessageParser.java:174)
06-08 13:58:16.750  1142  3082 E PicasaAPI: 	at org.apache.http.impl.AbstractHttpClientConnection.receiveResponseHeader(AbstractHttpClientConnection.java:180)
06-08 13:58:16.750  1142  3082 E PicasaAPI: 	at org.apache.http.impl.conn.DefaultClientConnection.receiveResponseHeader(DefaultClientConnection.java:235)
06-08 13:58:16.750  1142  3082 E PicasaAPI: 	at org.apache.http.impl.conn.AbstractClientConnAdapter.receiveResponseHeader(AbstractClientConnAdapter.java:259)
06-08 13:58:16.750  1142  3082 E PicasaAPI: 	at org.apache.http.protocol.HttpRequestExecutor.doReceiveResponse(HttpRequestExecutor.java:279)
06-08 13:58:16.750  1142  3082 E PicasaAPI: 	at org.apache.http.protocol.HttpRequestExecutor.execute(HttpRequestExecutor.java:121)
06-08 13:58:16.750  1142  3082 E PicasaAPI: 	at org.apache.http.impl.client.DefaultRequestDirector.execute(DefaultRequestDirector.java:428)
06-08 13:58:16.750  1142  3082 E PicasaAPI: 	at org.apache.http.impl.client.AbstractHttpClient.execute(AbstractHttpClient.java:555)
06-08 13:58:16.750  1142  3082 E PicasaAPI: 	at org.apache.http.impl.client.AbstractHttpClient.execute(AbstractHttpClient.java:487)
06-08 13:58:16.750  1142  3082 E PicasaAPI: 	at org.apache.http.impl.client.AbstractHttpClient.execute(AbstractHttpClient.java:465)
06-08 13:58:16.750  1142  3082 E PicasaAPI: 	at com.google.android.picasasync.GDataClient.callMethod(GDataClient.java:139)
06-08 13:58:16.750  1142  3082 E PicasaAPI: 	at com.google.android.picasasync.GDataClient.get(GDataClient.java:77)
06-08 13:58:16.750  1142  3082 E PicasaAPI: 	at com.google.android.picasasync.PicasaApi.getAlbumPhotos(PicasaApi.java:198)
06-08 13:58:16.750  1142  3082 E PicasaAPI: 	at com.google.android.picasasync.PicasaApi.getAlbumPhotos(PicasaApi.java:132)
06-08 13:58:16.750  1142  3082 E PicasaAPI: 	at com.google.android.picasasync.PicasaSyncHelper.syncPhotosForAlbumLocked(PicasaSyncHelper.java:401)
06-08 13:58:16.750  1142  3082 E PicasaAPI: 	at com.google.android.picasasync.PicasaSyncHelper.syncPhotosForAlbum(PicasaSyncHelper.java:334)
06-08 13:58:16.750  1142  3082 E PicasaAPI: 	at com.google.android.picasasync.PicasaSyncHelper.syncPhotosForUser(PicasaSyncHelper.java:316)
06-08 13:58:16.750  1142  3082 E PicasaAPI: 	at com.google.android.picasasync.MetadataSync$MetadataSyncTask.performSync(MetadataSync.java:116)
06-08 13:58:16.750  1142  3082 E PicasaAPI: 	at com.google.android.picasasync.PicasaSyncManager.performSyncInternal(PicasaSyncManager.java:544)
06-08 13:58:16.750  1142  3082 E PicasaAPI: 	at com.google.android.picasasync.PicasaSyncManager.performSync(PicasaSyncManager.java:563)
06-08 13:58:16.750  1142  3082 E PicasaAPI: 	at com.google.android.picasasync.PicasaSyncService$PicasaSyncAdapter.onPerformSync(PicasaSyncService.java:135)
06-08 13:58:16.750  1142  3082 E PicasaAPI: 	at android.content.AbstractThreadedSyncAdapter$SyncThread.run(AbstractThreadedSyncAdapter.java:247)
06-08 13:58:16.750  1142  3082 D PicasaAPI:    done
06-08 13:58:16.750  1142  3082 D MetricsUtils: [PicasaApi.getAlbumPhotos out:756 time:20154]
06-08 13:58:16.754  1142  3082 D MetricsUtils: [PicasaSyncHelper.syncPhotos 5631438636042837409 time:20171]
06-08 13:58:16.821  1142  3082 D PicasaAPI: getAlbumPhotos for 102196091084294424034 / 5646076096548662897, etag: W/"A0UEQH8-fip7ImA9WhVbEkk."
06-08 13:58:22.094   472   475 D dalvikvm: GC_CONCURRENT freed 412K, 6% free 9635K/10183K, paused 2ms+3ms
06-08 13:58:33.461  1385  1385 I wpa_supplicant: wlan0: CTRL-EVENT-DISCONNECTED bssid=00:86:11:15:d0:e1 reason=0
06-08 13:58:33.465    76   116 D CommandListener: Clearing all IP addresses on wlan0
06-08 13:58:33.493   152   314 D ConnectivityService: ConnectivityChange for WIFI: DISCONNECTED/DISCONNECTED
06-08 13:58:33.493   152   314 D ConnectivityService: Attempting to switch to mobile
06-08 13:58:33.516   152   314 D ConnectivityService: Attempting to switch to WIMAX
06-08 13:58:33.516   152   314 D ConnectivityService: Attempting to switch to BLUETOOTH_TETHER
06-08 13:58:33.543   152   314 E ConnectivityService: Exception trying to remove a route: java.lang.IllegalStateException: Unable to communicate with native dameon to add routes - com.android.server.NativeDaemonConnectorException: Cmd {interface route remove wlan0 default 192.168.0.1 32 0.0.0.0} failed with code 400 : {Failed to remove route from default table (No such process)}
06-08 13:58:33.551   152   314 D NetUtils: android_net_utils_resetConnections in env=0x1c64fb8 clazz=0x99000001 iface=wlan0 mask=0x3
06-08 13:58:33.551   152   314 E ConnectivityService: Exception trying to remove a route: java.lang.IllegalStateException: Unable to communicate with native dameon to add routes - com.android.server.NativeDaemonConnectorException: Cmd {interface route remove wlan0 default 0.0.0.0 0 192.168.0.1} failed with code 400 : {Failed to remove route from default table (No such process)}
06-08 13:58:33.551   152   314 D ConnectivityService: resetConnections(wlan0, 3)
06-08 13:58:33.579   152   314 D ConnectivityService: ConnectivityChange for WIMAX: DISCONNECTED/SCANNING
06-08 13:58:33.586   152   314 D ConnectivityService: Attempting to switch to mobile
06-08 13:58:33.586   152   314 D ConnectivityService: Attempting to switch to WIFI
06-08 13:58:33.586   152   314 D ConnectivityService: Attempting to switch to BLUETOOTH_TETHER
06-08 13:58:33.633   691  1568 W Smack/Packet: notify conn break (IOEx), close connection
06-08 13:58:33.664   152   154 D dalvikvm: GC_CONCURRENT freed 1446K, 11% free 14648K/16327K, paused 3ms+8ms
06-08 13:58:33.692  1142  3082 W GDataClient: Request failed: https://picasaweb.google.com/data/feed/api/user/102196091084294424034/albumid/5646076096548662897?max-results=1000&imgmax=d&thumbsize=640u&visibility=visible&v=4&alt=json&fd=shapes&kind=photo
06-08 13:58:33.735  1142  1144 D dalvikvm: GC_CONCURRENT freed 469K, 6% free 9551K/10119K, paused 2ms+2ms
06-08 13:58:33.739  1142  3082 E PicasaAPI: getAlbumPhotos fail
06-08 13:58:33.739  1142  3082 E PicasaAPI: org.apache.http.conn.HttpHostConnectException: Connection to https://picasaweb.google.com refused
06-08 13:58:33.739  1142  3082 E PicasaAPI: 	at org.apache.http.impl.conn.DefaultClientConnectionOperator.openConnection(DefaultClientConnectionOperator.java:183)
06-08 13:58:33.739  1142  3082 E PicasaAPI: 	at org.apache.http.impl.conn.AbstractPoolEntry.open(AbstractPoolEntry.java:164)
06-08 13:58:33.739  1142  3082 E PicasaAPI: 	at org.apache.http.impl.conn.AbstractPooledConnAdapter.open(AbstractPooledConnAdapter.java:119)
06-08 13:58:33.739  1142  3082 E PicasaAPI: 	at org.apache.http.impl.client.DefaultRequestDirector.execute(DefaultRequestDirector.java:360)
06-08 13:58:33.739  1142  3082 E PicasaAPI: 	at org.apache.http.impl.client.AbstractHttpClient.execute(AbstractHttpClient.java:555)
06-08 13:58:33.739  1142  3082 E PicasaAPI: 	at org.apache.http.impl.client.AbstractHttpClient.execute(AbstractHttpClient.java:487)
06-08 13:58:33.739  1142  3082 E PicasaAPI: 	at org.apache.http.impl.client.AbstractHttpClient.execute(AbstractHttpClient.java:465)
06-08 13:58:33.739  1142  3082 E PicasaAPI: 	at com.google.android.picasasync.GDataClient.callMethod(GDataClient.java:139)
06-08 13:58:33.739  1142  3082 E PicasaAPI: 	at com.google.android.picasasync.GDataClient.get(GDataClient.java:77)
06-08 13:58:33.739  1142  3082 E PicasaAPI: 	at com.google.android.picasasync.PicasaApi.getAlbumPhotos(PicasaApi.java:198)
06-08 13:58:33.739  1142  3082 E PicasaAPI: 	at com.google.android.picasasync.PicasaApi.getAlbumPhotos(PicasaApi.java:132)
06-08 13:58:33.739  1142  3082 E PicasaAPI: 	at com.google.android.picasasync.PicasaSyncHelper.syncPhotosForAlbumLocked(PicasaSyncHelper.java:401)
06-08 13:58:33.739  1142  3082 E PicasaAPI: 	at com.google.android.picasasync.PicasaSyncHelper.syncPhotosForAlbum(PicasaSyncHelper.java:334)
06-08 13:58:33.739  1142  3082 E PicasaAPI: 	at com.google.android.picasasync.PicasaSyncHelper.syncPhotosForUser(PicasaSyncHelper.java:316)
06-08 13:58:33.739  1142  3082 E PicasaAPI: 	at com.google.android.picasasync.MetadataSync$MetadataSyncTask.performSync(MetadataSync.java:116)
06-08 13:58:33.739  1142  3082 E PicasaAPI: 	at com.google.android.picasasync.PicasaSyncManager.performSyncInternal(PicasaSyncManager.java:544)
06-08 13:58:33.739  1142  3082 E PicasaAPI: 	at com.google.android.picasasync.PicasaSyncManager.performSync(PicasaSyncManager.java:563)
06-08 13:58:33.739  1142  3082 E PicasaAPI: 	at com.google.android.picasasync.PicasaSyncService$PicasaSyncAdapter.onPerformSync(PicasaSyncService.java:135)
06-08 13:58:33.739  1142  3082 E PicasaAPI: 	at android.content.AbstractThreadedSyncAdapter$SyncThread.run(AbstractThreadedSyncAdapter.java:247)
06-08 13:58:33.739  1142  3082 E PicasaAPI: Caused by: java.net.ConnectException: failed to connect to /74.125.226.196 (port 443) after 20000ms: connect failed: ENETUNREACH (Network is unreachable)
06-08 13:58:33.739  1142  3082 E PicasaAPI: 	at libcore.io.IoBridge.connect(IoBridge.java:114)
06-08 13:58:33.739  1142  3082 E PicasaAPI: 	at java.net.PlainSocketImpl.connect(PlainSocketImpl.java:192)
06-08 13:58:33.739  1142  3082 E PicasaAPI: 	at java.net.PlainSocketImpl.connect(PlainSocketImpl.java:459)
06-08 13:58:33.739  1142  3082 E PicasaAPI: 	at java.net.Socket.connect(Socket.java:842)
06-08 13:58:33.739  1142  3082 E PicasaAPI: 	at org.apache.http.conn.scheme.PlainSocketFactory.connectSocket(PlainSocketFactory.java:119)
06-08 13:58:33.739  1142  3082 E PicasaAPI: 	at org.apache.http.impl.conn.DefaultClientConnectionOperator.openConnection(DefaultClientConnectionOperator.java:144)
06-08 13:58:33.739  1142  3082 E PicasaAPI: 	... 18 more
06-08 13:58:33.739  1142  3082 E PicasaAPI: Caused by: libcore.io.ErrnoException: connect failed: ENETUNREACH (Network is unreachable)
06-08 13:58:33.739  1142  3082 E PicasaAPI: 	at libcore.io.Posix.connect(Native Method)
06-08 13:58:33.739  1142  3082 E PicasaAPI: 	at libcore.io.BlockGuardOs.connect(BlockGuardOs.java:85)
06-08 13:58:33.739  1142  3082 E PicasaAPI: 	at libcore.io.IoBridge.connectErrno(IoBridge.java:138)
06-08 13:58:33.739  1142  3082 E PicasaAPI: 	at libcore.io.IoBridge.connect(IoBridge.java:112)
06-08 13:58:33.739  1142  3082 E PicasaAPI: 	... 23 more
06-08 13:58:33.739  1142  3082 D PicasaAPI:    done
06-08 13:58:33.739  1142  3082 D MetricsUtils: [PicasaApi.getAlbumPhotos time:16918]
06-08 13:58:33.739  1142  3082 D MetricsUtils: [PicasaSyncHelper.syncPhotos 5646076096548662897 time:16981]
06-08 13:58:33.747  1142  3082 D PicasaAPI: getAlbumPhotos for 102196091084294424034 / 5660537958628084001, etag: W/"CU8NR3k8eCp7ImA9WhVWFks."
06-08 13:58:33.758  1142  3082 W GDataClient: Request failed: https://picasaweb.google.com/data/feed/api/user/102196091084294424034/albumid/5660537958628084001?max-results=1000&imgmax=d&thumbsize=640u&visibility=visible&v=4&alt=json&fd=shapes&kind=photo
06-08 13:58:33.762  1142  3082 E PicasaAPI: getAlbumPhotos fail
06-08 13:58:33.762  1142  3082 E PicasaAPI: org.apache.http.conn.HttpHostConnectException: Connection to https://picasaweb.google.com refused
06-08 13:58:33.762  1142  3082 E PicasaAPI: 	at org.apache.http.impl.conn.DefaultClientConnectionOperator.openConnection(DefaultClientConnectionOperator.java:183)
06-08 13:58:33.762  1142  3082 E PicasaAPI: 	at org.apache.http.impl.conn.AbstractPoolEntry.open(AbstractPoolEntry.java:164)
06-08 13:58:33.762  1142  3082 E PicasaAPI: 	at org.apache.http.impl.conn.AbstractPooledConnAdapter.open(AbstractPooledConnAdapter.java:119)
06-08 13:58:33.762  1142  3082 E PicasaAPI: 	at org.apache.http.impl.client.DefaultRequestDirector.execute(DefaultRequestDirector.java:360)
06-08 13:58:33.762  1142  3082 E PicasaAPI: 	at org.apache.http.impl.client.AbstractHttpClient.execute(AbstractHttpClient.java:555)
06-08 13:58:33.762  1142  3082 E PicasaAPI: 	at org.apache.http.impl.client.AbstractHttpClient.execute(AbstractHttpClient.java:487)
06-08 13:58:33.762  1142  3082 E PicasaAPI: 	at org.apache.http.impl.client.AbstractHttpClient.execute(AbstractHttpClient.java:465)
06-08 13:58:33.762  1142  3082 E PicasaAPI: 	at com.google.android.picasasync.GDataClient.callMethod(GDataClient.java:139)
06-08 13:58:33.762  1142  3082 E PicasaAPI: 	at com.google.android.picasasync.GDataClient.get(GDataClient.java:77)
06-08 13:58:33.762  1142  3082 E PicasaAPI: 	at com.google.android.picasasync.PicasaApi.getAlbumPhotos(PicasaApi.java:198)
06-08 13:58:33.762  1142  3082 E PicasaAPI: 	at com.google.android.picasasync.PicasaApi.getAlbumPhotos(PicasaApi.java:132)
06-08 13:58:33.762  1142  3082 E PicasaAPI: 	at com.google.android.picasasync.PicasaSyncHelper.syncPhotosForAlbumLocked(PicasaSyncHelper.java:401)
06-08 13:58:33.762  1142  3082 E PicasaAPI: 	at com.google.android.picasasync.PicasaSyncHelper.syncPhotosForAlbum(PicasaSyncHelper.java:334)
06-08 13:58:33.762  1142  3082 E PicasaAPI: 	at com.google.android.picasasync.PicasaSyncHelper.syncPhotosForUser(PicasaSyncHelper.java:316)
06-08 13:58:33.762  1142  3082 E PicasaAPI: 	at com.google.android.picasasync.MetadataSync$MetadataSyncTask.performSync(MetadataSync.java:116)
06-08 13:58:33.762  1142  3082 E PicasaAPI: 	at com.google.android.picasasync.PicasaSyncManager.performSyncInternal(PicasaSyncManager.java:544)
06-08 13:58:33.762  1142  3082 E PicasaAPI: 	at com.google.android.picasasync.PicasaSyncManager.performSync(PicasaSyncManager.java:563)
06-08 13:58:33.762  1142  3082 E PicasaAPI: 	at com.google.android.picasasync.PicasaSyncService$PicasaSyncAdapter.onPerformSync(PicasaSyncService.java:135)
06-08 13:58:33.762  1142  3082 E PicasaAPI: 	at android.content.AbstractThreadedSyncAdapter$SyncThread.run(AbstractThreadedSyncAdapter.java:247)
06-08 13:58:33.762  1142  3082 E PicasaAPI: Caused by: java.net.ConnectException: failed to connect to /74.125.226.196 (port 443) after 20000ms: connect failed: ENETUNREACH (Network is unreachable)
06-08 13:58:33.762  1142  3082 E PicasaAPI: 	at libcore.io.IoBridge.connect(IoBridge.java:114)
06-08 13:58:33.762  1142  3082 E PicasaAPI: 	at java.net.PlainSocketImpl.connect(PlainSocketImpl.java:192)
06-08 13:58:33.762  1142  3082 E PicasaAPI: 	at java.net.PlainSocketImpl.connect(PlainSocketImpl.java:459)
06-08 13:58:33.762  1142  3082 E PicasaAPI: 	at java.net.Socket.connect(Socket.java:842)
06-08 13:58:33.762  1142  3082 E PicasaAPI: 	at org.apache.http.conn.scheme.PlainSocketFactory.connectSocket(PlainSocketFactory.java:119)
06-08 13:58:33.762  1142  3082 E PicasaAPI: 	at org.apache.http.impl.conn.DefaultClientConnectionOperator.openConnection(DefaultClientConnectionOperator.java:144)
06-08 13:58:33.762  1142  3082 E PicasaAPI: 	... 18 more
06-08 13:58:33.762  1142  3082 E PicasaAPI: Caused by: libcore.io.ErrnoException: connect failed: ENETUNREACH (Network is unreachable)
06-08 13:58:33.762  1142  3082 E PicasaAPI: 	at libcore.io.Posix.connect(Native Method)
06-08 13:58:33.762  1142  3082 E PicasaAPI: 	at libcore.io.BlockGuardOs.connect(BlockGuardOs.java:85)
06-08 13:58:33.762  1142  3082 E PicasaAPI: 	at libcore.io.IoBridge.connectErrno(IoBridge.java:138)
06-08 13:58:33.762  1142  3082 E PicasaAPI: 	at libcore.io.IoBridge.connect(IoBridge.java:112)
06-08 13:58:33.762  1142  3082 E PicasaAPI: 	... 23 more
06-08 13:58:33.762  1142  3082 D PicasaAPI:    done
06-08 13:58:33.766  1142  3082 D PicasaAPI: getAlbumPhotos for 102196091084294424034 / 5660579761579298353, etag: W/"DEMGSHk_fSp7ImA9WhdUGUg."
06-08 13:58:33.774  1142  3082 W GDataClient: Request failed: https://picasaweb.google.com/data/feed/api/user/102196091084294424034/albumid/5660579761579298353?max-results=1000&imgmax=d&thumbsize=640u&visibility=visible&v=4&alt=json&fd=shapes&kind=photo
06-08 13:58:33.782  1142  3082 E PicasaAPI: getAlbumPhotos fail
06-08 13:58:33.782  1142  3082 E PicasaAPI: org.apache.http.conn.HttpHostConnectException: Connection to https://picasaweb.google.com refused
06-08 13:58:33.782  1142  3082 E PicasaAPI: 	at org.apache.http.impl.conn.DefaultClientConnectionOperator.openConnection(DefaultClientConnectionOperator.java:183)
06-08 13:58:33.782  1142  3082 E PicasaAPI: 	at org.apache.http.impl.conn.AbstractPoolEntry.open(AbstractPoolEntry.java:164)
06-08 13:58:33.782  1142  3082 E PicasaAPI: 	at org.apache.http.impl.conn.AbstractPooledConnAdapter.open(AbstractPooledConnAdapter.java:119)
06-08 13:58:33.782  1142  3082 E PicasaAPI: 	at org.apache.http.impl.client.DefaultRequestDirector.execute(DefaultRequestDirector.java:360)
06-08 13:58:33.782  1142  3082 E PicasaAPI: 	at org.apache.http.impl.client.AbstractHttpClient.execute(AbstractHttpClient.java:555)
06-08 13:58:33.782  1142  3082 E PicasaAPI: 	at org.apache.http.impl.client.AbstractHttpClient.execute(AbstractHttpClient.java:487)
06-08 13:58:33.782  1142  3082 E PicasaAPI: 	at org.apache.http.impl.client.AbstractHttpClient.execute(AbstractHttpClient.java:465)
06-08 13:58:33.782  1142  3082 E PicasaAPI: 	at com.google.android.picasasync.GDataClient.callMethod(GDataClient.java:139)
06-08 13:58:33.782  1142  3082 E PicasaAPI: 	at com.google.android.picasasync.GDataClient.get(GDataClient.java:77)
06-08 13:58:33.782  1142  3082 E PicasaAPI: 	at com.google.android.picasasync.PicasaApi.getAlbumPhotos(PicasaApi.java:198)
06-08 13:58:33.782  1142  3082 E PicasaAPI: 	at com.google.android.picasasync.PicasaApi.getAlbumPhotos(PicasaApi.java:132)
06-08 13:58:33.782  1142  3082 E PicasaAPI: 	at com.google.android.picasasync.PicasaSyncHelper.syncPhotosForAlbumLocked(PicasaSyncHelper.java:401)
06-08 13:58:33.782  1142  3082 E PicasaAPI: 	at com.google.android.picasasync.PicasaSyncHelper.syncPhotosForAlbum(PicasaSyncHelper.java:334)
06-08 13:58:33.782  1142  3082 E PicasaAPI: 	at com.google.android.picasasync.PicasaSyncHelper.syncPhotosForUser(PicasaSyncHelper.java:316)
06-08 13:58:33.782  1142  3082 E PicasaAPI: 	at com.google.android.picasasync.MetadataSync$MetadataSyncTask.performSync(MetadataSync.java:116)
06-08 13:58:33.782  1142  3082 E PicasaAPI: 	at com.google.android.picasasync.PicasaSyncManager.performSyncInternal(PicasaSyncManager.java:544)
06-08 13:58:33.782  1142  3082 E PicasaAPI: 	at com.google.android.picasasync.PicasaSyncManager.performSync(PicasaSyncManager.java:563)
06-08 13:58:33.782  1142  3082 E PicasaAPI: 	at com.google.android.picasasync.PicasaSyncService$PicasaSyncAdapter.onPerformSync(PicasaSyncService.java:135)
06-08 13:58:33.782  1142  3082 E PicasaAPI: 	at android.content.AbstractThreadedSyncAdapter$SyncThread.run(AbstractThreadedSyncAdapter.java:247)
06-08 13:58:33.782  1142  3082 E PicasaAPI: Caused by: java.net.ConnectException: failed to connect to /74.125.226.196 (port 443) after 20000ms: connect failed: ENETUNREACH (Network is unreachable)
06-08 13:58:33.782  1142  3082 E PicasaAPI: 	at libcore.io.IoBridge.connect(IoBridge.java:114)
06-08 13:58:33.782  1142  3082 E PicasaAPI: 	at java.net.PlainSocketImpl.connect(PlainSocketImpl.java:192)
06-08 13:58:33.782  1142  3082 E PicasaAPI: 	at java.net.PlainSocketImpl.connect(PlainSocketImpl.java:459)
06-08 13:58:33.782  1142  3082 E PicasaAPI: 	at java.net.Socket.connect(Socket.java:842)
06-08 13:58:33.782  1142  3082 E PicasaAPI: 	at org.apache.http.conn.scheme.PlainSocketFactory.connectSocket(PlainSocketFactory.java:119)
06-08 13:58:33.782  1142  3082 E PicasaAPI: 	at org.apache.http.impl.conn.DefaultClientConnectionOperator.openConnection(DefaultClientConnectionOperator.java:144)
06-08 13:58:33.782  1142  3082 E PicasaAPI: 	... 18 more
06-08 13:58:33.782  1142  3082 E PicasaAPI: Caused by: libcore.io.ErrnoException: connect failed: ENETUNREACH (Network is unreachable)
06-08 13:58:33.782  1142  3082 E PicasaAPI: 	at libcore.io.Posix.connect(Native Method)
06-08 13:58:33.782  1142  3082 E PicasaAPI: 	at libcore.io.BlockGuardOs.connect(BlockGuardOs.java:85)
06-08 13:58:33.782  1142  3082 E PicasaAPI: 	at libcore.io.IoBridge.connectErrno(IoBridge.java:138)
06-08 13:58:33.782  1142  3082 E PicasaAPI: 	at libcore.io.IoBridge.connect(IoBridge.java:112)
06-08 13:58:33.782  1142  3082 E PicasaAPI: 	... 23 more
06-08 13:58:33.782  1142  3082 D PicasaAPI:    done
06-08 13:58:33.782  1142  3082 D PicasaAPI: getAlbumPhotos for 102196091084294424034 / 5694622698172303841, etag: W/"CEEDQ3s_fCp7ImA9WhRWGEU."
06-08 13:58:33.789   691  1568 I qtaguid : Failed write_ctrl(u 87) res=-1 errno=22
06-08 13:58:33.789   691  1568 I qtaguid : Untagging socket 87 failed errno=-22
06-08 13:58:33.789   691  1568 W NetworkManagementSocketTagger: untagSocket(87) failed with errno -22
06-08 13:58:33.793  1142  3082 W GDataClient: Request failed: https://picasaweb.google.com/data/feed/api/user/102196091084294424034/albumid/5694622698172303841?max-results=1000&imgmax=d&thumbsize=640u&visibility=visible&v=4&alt=json&fd=shapes&kind=photo
06-08 13:58:33.797   152   314 D ConnectivityService: handleInetConditionChange: no active default network - ignore
06-08 13:58:33.817  1142  3082 E PicasaAPI: getAlbumPhotos fail
06-08 13:58:33.817  1142  3082 E PicasaAPI: org.apache.http.conn.HttpHostConnectException: Connection to https://picasaweb.google.com refused
06-08 13:58:33.817  1142  3082 E PicasaAPI: 	at org.apache.http.impl.conn.DefaultClientConnectionOperator.openConnection(DefaultClientConnectionOperator.java:183)
06-08 13:58:33.817  1142  3082 E PicasaAPI: 	at org.apache.http.impl.conn.AbstractPoolEntry.open(AbstractPoolEntry.java:164)
06-08 13:58:33.817  1142  3082 E PicasaAPI: 	at org.apache.http.impl.conn.AbstractPooledConnAdapter.open(AbstractPooledConnAdapter.java:119)
06-08 13:58:33.817  1142  3082 E PicasaAPI: 	at org.apache.http.impl.client.DefaultRequestDirector.execute(DefaultRequestDirector.java:360)
06-08 13:58:33.817  1142  3082 E PicasaAPI: 	at org.apache.http.impl.client.AbstractHttpClient.execute(AbstractHttpClient.java:555)
06-08 13:58:33.817  1142  3082 E PicasaAPI: 	at org.apache.http.impl.client.AbstractHttpClient.execute(AbstractHttpClient.java:487)
06-08 13:58:33.817  1142  3082 E PicasaAPI: 	at org.apache.http.impl.client.AbstractHttpClient.execute(AbstractHttpClient.java:465)
06-08 13:58:33.817  1142  3082 E PicasaAPI: 	at com.google.android.picasasync.GDataClient.callMethod(GDataClient.java:139)
06-08 13:58:33.817  1142  3082 E PicasaAPI: 	at com.google.android.picasasync.GDataClient.get(GDataClient.java:77)
06-08 13:58:33.817  1142  3082 E PicasaAPI: 	at com.google.android.picasasync.PicasaApi.getAlbumPhotos(PicasaApi.java:198)
06-08 13:58:33.817  1142  3082 E PicasaAPI: 	at com.google.android.picasasync.PicasaApi.getAlbumPhotos(PicasaApi.java:132)
06-08 13:58:33.817  1142  3082 E PicasaAPI: 	at com.google.android.picasasync.PicasaSyncHelper.syncPhotosForAlbumLocked(PicasaSyncHelper.java:401)
06-08 13:58:33.817  1142  3082 E PicasaAPI: 	at com.google.android.picasasync.PicasaSyncHelper.syncPhotosForAlbum(PicasaSyncHelper.java:334)
06-08 13:58:33.817  1142  3082 E PicasaAPI: 	at com.google.android.picasasync.PicasaSyncHelper.syncPhotosForUser(PicasaSyncHelper.java:316)
06-08 13:58:33.817  1142  3082 E PicasaAPI: 	at com.google.android.picasasync.MetadataSync$MetadataSyncTask.performSync(MetadataSync.java:116)
06-08 13:58:33.817  1142  3082 E PicasaAPI: 	at com.google.android.picasasync.PicasaSyncManager.performSyncInternal(PicasaSyncManager.java:544)
06-08 13:58:33.817  1142  3082 E PicasaAPI: 	at com.google.android.picasasync.PicasaSyncManager.performSync(PicasaSyncManager.java:563)
06-08 13:58:33.817  1142  3082 E PicasaAPI: 	at com.google.android.picasasync.PicasaSyncService$PicasaSyncAdapter.onPerformSync(PicasaSyncService.java:135)
06-08 13:58:33.817  1142  3082 E PicasaAPI: 	at android.content.AbstractThreadedSyncAdapter$SyncThread.run(AbstractThreadedSyncAdapter.java:247)
06-08 13:58:33.817  1142  3082 E PicasaAPI: Caused by: java.net.ConnectException: failed to connect to /74.125.226.196 (port 443) after 20000ms: connect failed: ENETUNREACH (Network is unreachable)
06-08 13:58:33.817  1142  3082 E PicasaAPI: 	at libcore.io.IoBridge.connect(IoBridge.java:114)
06-08 13:58:33.817  1142  3082 E PicasaAPI: 	at java.net.PlainSocketImpl.connect(PlainSocketImpl.java:192)
06-08 13:58:33.817  1142  3082 E PicasaAPI: 	at java.net.PlainSocketImpl.connect(PlainSocketImpl.java:459)
06-08 13:58:33.817  1142  3082 E PicasaAPI: 	at java.net.Socket.connect(Socket.java:842)
06-08 13:58:33.817  1142  3082 E PicasaAPI: 	at org.apache.http.conn.scheme.PlainSocketFactory.connectSocket(PlainSocketFactory.java:119)
06-08 13:58:33.817  1142  3082 E PicasaAPI: 	at org.apache.http.impl.conn.DefaultClientConnectionOperator.openConnection(DefaultClientConnectionOperator.java:144)
06-08 13:58:33.817  1142  3082 E PicasaAPI: 	... 18 more
06-08 13:58:33.817  1142  3082 E PicasaAPI: Caused by: libcore.io.ErrnoException: connect failed: ENETUNREACH (Network is unreachable)
06-08 13:58:33.817  1142  3082 E PicasaAPI: 	at libcore.io.Posix.connect(Native Method)
06-08 13:58:33.817  1142  3082 E PicasaAPI: 	at libcore.io.BlockGuardOs.connect(BlockGuardOs.java:85)
06-08 13:58:33.817  1142  3082 E PicasaAPI: 	at libcore.io.IoBridge.connectErrno(IoBridge.java:138)
06-08 13:58:33.817  1142  3082 E PicasaAPI: 	at libcore.io.IoBridge.connect(IoBridge.java:112)
06-08 13:58:33.817  1142  3082 E PicasaAPI: 	... 23 more
06-08 13:58:33.821  1142  3082 D PicasaAPI:    done
06-08 13:58:33.821  1142  3082 D PicasaAPI: getAlbumPhotos for 102196091084294424034 / 5694623660779577505, etag: W/"A0IDSH8-fSp7ImA9WhRVEk8."
06-08 13:58:33.840  1142  1144 D dalvikvm: GC_CONCURRENT freed 443K, 6% free 9562K/10119K, paused 2ms+3ms
06-08 13:58:33.860  1142  3082 W GDataClient: Request failed: https://picasaweb.google.com/data/feed/api/user/102196091084294424034/albumid/5694623660779577505?max-results=1000&imgmax=d&thumbsize=640u&visibility=visible&v=4&alt=json&fd=shapes&kind=photo
06-08 13:58:33.864  1142  3082 E PicasaAPI: getAlbumPhotos fail
06-08 13:58:33.864  1142  3082 E PicasaAPI: org.apache.http.conn.HttpHostConnectException: Connection to https://picasaweb.google.com refused
06-08 13:58:33.864  1142  3082 E PicasaAPI: 	at org.apache.http.impl.conn.DefaultClientConnectionOperator.openConnection(DefaultClientConnectionOperator.java:183)
06-08 13:58:33.864  1142  3082 E PicasaAPI: 	at org.apache.http.impl.conn.AbstractPoolEntry.open(AbstractPoolEntry.java:164)
06-08 13:58:33.864  1142  3082 E PicasaAPI: 	at org.apache.http.impl.conn.AbstractPooledConnAdapter.open(AbstractPooledConnAdapter.java:119)
06-08 13:58:33.864  1142  3082 E PicasaAPI: 	at org.apache.http.impl.client.DefaultRequestDirector.execute(DefaultRequestDirector.java:360)
06-08 13:58:33.864  1142  3082 E PicasaAPI: 	at org.apache.http.impl.client.AbstractHttpClient.execute(AbstractHttpClient.java:555)
06-08 13:58:33.864  1142  3082 E PicasaAPI: 	at org.apache.http.impl.client.AbstractHttpClient.execute(AbstractHttpClient.java:487)
06-08 13:58:33.864  1142  3082 E PicasaAPI: 	at org.apache.http.impl.client.AbstractHttpClient.execute(AbstractHttpClient.java:465)
06-08 13:58:33.864  1142  3082 E PicasaAPI: 	at com.google.android.picasasync.GDataClient.callMethod(GDataClient.java:139)
06-08 13:58:33.864  1142  3082 E PicasaAPI: 	at com.google.android.picasasync.GDataClient.get(GDataClient.java:77)
06-08 13:58:33.864  1142  3082 E PicasaAPI: 	at com.google.android.picasasync.PicasaApi.getAlbumPhotos(PicasaApi.java:198)
06-08 13:58:33.864  1142  3082 E PicasaAPI: 	at com.google.android.picasasync.PicasaApi.getAlbumPhotos(PicasaApi.java:132)
06-08 13:58:33.864  1142  3082 E PicasaAPI: 	at com.google.android.picasasync.PicasaSyncHelper.syncPhotosForAlbumLocked(PicasaSyncHelper.java:401)
06-08 13:58:33.864  1142  3082 E PicasaAPI: 	at com.google.android.picasasync.PicasaSyncHelper.syncPhotosForAlbum(PicasaSyncHelper.java:334)
06-08 13:58:33.864  1142  3082 E PicasaAPI: 	at com.google.android.picasasync.PicasaSyncHelper.syncPhotosForUser(PicasaSyncHelper.java:316)
06-08 13:58:33.864  1142  3082 E PicasaAPI: 	at com.google.android.picasasync.MetadataSync$MetadataSyncTask.performSync(MetadataSync.java:116)
06-08 13:58:33.864  1142  3082 E PicasaAPI: 	at com.google.android.picasasync.PicasaSyncManager.performSyncInternal(PicasaSyncManager.java:544)
06-08 13:58:33.864  1142  3082 E PicasaAPI: 	at com.google.android.picasasync.PicasaSyncManager.performSync(PicasaSyncManager.java:563)
06-08 13:58:33.864  1142  3082 E PicasaAPI: 	at com.google.android.picasasync.PicasaSyncService$PicasaSyncAdapter.onPerformSync(PicasaSyncService.java:135)
06-08 13:58:33.864  1142  3082 E PicasaAPI: 	at android.content.AbstractThreadedSyncAdapter$SyncThread.run(AbstractThreadedSyncAdapter.java:247)
06-08 13:58:33.864  1142  3082 E PicasaAPI: Caused by: java.net.ConnectException: failed to connect to /74.125.226.196 (port 443) after 20000ms: connect failed: ENETUNREACH (Network is unreachable)
06-08 13:58:33.864  1142  3082 E PicasaAPI: 	at libcore.io.IoBridge.connect(IoBridge.java:114)
06-08 13:58:33.864  1142  3082 E PicasaAPI: 	at java.net.PlainSocketImpl.connect(PlainSocketImpl.java:192)
06-08 13:58:33.864  1142  3082 E PicasaAPI: 	at java.net.PlainSocketImpl.connect(PlainSocketImpl.java:459)
06-08 13:58:33.864  1142  3082 E PicasaAPI: 	at java.net.Socket.connect(Socket.java:842)
06-08 13:58:33.864  1142  3082 E PicasaAPI: 	at org.apache.http.conn.scheme.PlainSocketFactory.connectSocket(PlainSocketFactory.java:119)
06-08 13:58:33.864  1142  3082 E PicasaAPI: 	at org.apache.http.impl.conn.DefaultClientConnectionOperator.openConnection(DefaultClientConnectionOperator.java:144)
06-08 13:58:33.864  1142  3082 E PicasaAPI: 	... 18 more
06-08 13:58:33.864  1142  3082 E PicasaAPI: Caused by: libcore.io.ErrnoException: connect failed: ENETUNREACH (Network is unreachable)
06-08 13:58:33.864  1142  3082 E PicasaAPI: 	at libcore.io.Posix.connect(Native Method)
06-08 13:58:33.864  1142  3082 E PicasaAPI: 	at libcore.io.BlockGuardOs.connect(BlockGuardOs.java:85)
06-08 13:58:33.864  1142  3082 E PicasaAPI: 	at libcore.io.IoBridge.connectErrno(IoBridge.java:138)
06-08 13:58:33.864  1142  3082 E PicasaAPI: 	at libcore.io.IoBridge.connect(IoBridge.java:112)
06-08 13:58:33.864  1142  3082 E PicasaAPI: 	... 23 more
06-08 13:58:33.864  1142  3082 D PicasaAPI:    done
06-08 13:58:33.872  1142  3082 D PicasaAPI: getAlbumPhotos for 102196091084294424034 / 5694625118308139777, etag: W/"CkECRX87fCp7ImA9WhRVEkg."
06-08 13:58:33.875  1142  3082 W GDataClient: Request failed: https://picasaweb.google.com/data/feed/api/user/102196091084294424034/albumid/5694625118308139777?max-results=1000&imgmax=d&thumbsize=640u&visibility=visible&v=4&alt=json&fd=shapes&kind=photo
06-08 13:58:33.883  1142  3082 E PicasaAPI: getAlbumPhotos fail
06-08 13:58:33.883  1142  3082 E PicasaAPI: org.apache.http.conn.HttpHostConnectException: Connection to https://picasaweb.google.com refused
06-08 13:58:33.883  1142  3082 E PicasaAPI: 	at org.apache.http.impl.conn.DefaultClientConnectionOperator.openConnection(DefaultClientConnectionOperator.java:183)
06-08 13:58:33.883  1142  3082 E PicasaAPI: 	at org.apache.http.impl.conn.AbstractPoolEntry.open(AbstractPoolEntry.java:164)
06-08 13:58:33.883  1142  3082 E PicasaAPI: 	at org.apache.http.impl.conn.AbstractPooledConnAdapter.open(AbstractPooledConnAdapter.java:119)
06-08 13:58:33.883  1142  3082 E PicasaAPI: 	at org.apache.http.impl.client.DefaultRequestDirector.execute(DefaultRequestDirector.java:360)
06-08 13:58:33.883  1142  3082 E PicasaAPI: 	at org.apache.http.impl.client.AbstractHttpClient.execute(AbstractHttpClient.java:555)
06-08 13:58:33.883  1142  3082 E PicasaAPI: 	at org.apache.http.impl.client.AbstractHttpClient.execute(AbstractHttpClient.java:487)
06-08 13:58:33.883  1142  3082 E PicasaAPI: 	at org.apache.http.impl.client.AbstractHttpClient.execute(AbstractHttpClient.java:465)
06-08 13:58:33.883  1142  3082 E PicasaAPI: 	at com.google.android.picasasync.GDataClient.callMethod(GDataClient.java:139)
06-08 13:58:33.883  1142  3082 E PicasaAPI: 	at com.google.android.picasasync.GDataClient.get(GDataClient.java:77)
06-08 13:58:33.883  1142  3082 E PicasaAPI: 	at com.google.android.picasasync.PicasaApi.getAlbumPhotos(PicasaApi.java:198)
06-08 13:58:33.883  1142  3082 E PicasaAPI: 	at com.google.android.picasasync.PicasaApi.getAlbumPhotos(PicasaApi.java:132)
06-08 13:58:33.883  1142  3082 E PicasaAPI: 	at com.google.android.picasasync.PicasaSyncHelper.syncPhotosForAlbumLocked(PicasaSyncHelper.java:401)
06-08 13:58:33.883  1142  3082 E PicasaAPI: 	at com.google.android.picasasync.PicasaSyncHelper.syncPhotosForAlbum(PicasaSyncHelper.java:334)
06-08 13:58:33.883  1142  3082 E PicasaAPI: 	at com.google.android.picasasync.PicasaSyncHelper.syncPhotosForUser(PicasaSyncHelper.java:316)
06-08 13:58:33.883  1142  3082 E PicasaAPI: 	at com.google.android.picasasync.MetadataSync$MetadataSyncTask.performSync(MetadataSync.java:116)
06-08 13:58:33.883  1142  3082 E PicasaAPI: 	at com.google.android.picasasync.PicasaSyncManager.performSyncInternal(PicasaSyncManager.java:544)
06-08 13:58:33.883  1142  3082 E PicasaAPI: 	at com.google.android.picasasync.PicasaSyncManager.performSync(PicasaSyncManager.java:563)
06-08 13:58:33.883  1142  3082 E PicasaAPI: 	at com.google.android.picasasync.PicasaSyncService$PicasaSyncAdapter.onPerformSync(PicasaSyncService.java:135)
06-08 13:58:33.883  1142  3082 E PicasaAPI: 	at android.content.AbstractThreadedSyncAdapter$SyncThread.run(AbstractThreadedSyncAdapter.java:247)
06-08 13:58:33.883  1142  3082 E PicasaAPI: Caused by: java.net.ConnectException: failed to connect to /74.125.226.196 (port 443) after 20000ms: connect failed: ENETUNREACH (Network is unreachable)
06-08 13:58:33.883  1142  3082 E PicasaAPI: 	at libcore.io.IoBridge.connect(IoBridge.java:114)
06-08 13:58:33.883  1142  3082 E PicasaAPI: 	at java.net.PlainSocketImpl.connect(PlainSocketImpl.java:192)
06-08 13:58:33.883  1142  3082 E PicasaAPI: 	at java.net.PlainSocketImpl.connect(PlainSocketImpl.java:459)
06-08 13:58:33.883  1142  3082 E PicasaAPI: 	at java.net.Socket.connect(Socket.java:842)
06-08 13:58:33.883  1142  3082 E PicasaAPI: 	at org.apache.http.conn.scheme.PlainSocketFactory.connectSocket(PlainSocketFactory.java:119)
06-08 13:58:33.883  1142  3082 E PicasaAPI: 	at org.apache.http.impl.conn.DefaultClientConnectionOperator.openConnection(DefaultClientConnectionOperator.java:144)
06-08 13:58:33.883  1142  3082 E PicasaAPI: 	... 18 more
06-08 13:58:33.883  1142  3082 E PicasaAPI: Caused by: libcore.io.ErrnoException: connect failed: ENETUNREACH (Network is unreachable)
06-08 13:58:33.883  1142  3082 E PicasaAPI: 	at libcore.io.Posix.connect(Native Method)
06-08 13:58:33.883  1142  3082 E PicasaAPI: 	at libcore.io.BlockGuardOs.connect(BlockGuardOs.java:85)
06-08 13:58:33.883  1142  3082 E PicasaAPI: 	at libcore.io.IoBridge.connectErrno(IoBridge.java:138)
06-08 13:58:33.883  1142  3082 E PicasaAPI: 	at libcore.io.IoBridge.connect(IoBridge.java:112)
06-08 13:58:33.883  1142  3082 E PicasaAPI: 	... 23 more
06-08 13:58:33.883  1142  3082 D PicasaAPI:    done
06-08 13:58:33.883  1142  3082 D PicasaAPI: getAlbumPhotos for 102196091084294424034 / 5696206706389214673, etag: W/"AkcEQno7eyp7ImA9WhVUFUg."
06-08 13:58:33.891  1142  3082 W GDataClient: Request failed: https://picasaweb.google.com/data/feed/api/user/102196091084294424034/albumid/5696206706389214673?max-results=1000&imgmax=d&thumbsize=640u&visibility=visible&v=4&alt=json&fd=shapes&kind=photo
06-08 13:58:33.895  1142  3082 E PicasaAPI: getAlbumPhotos fail
06-08 13:58:33.895  1142  3082 E PicasaAPI: org.apache.http.conn.HttpHostConnectException: Connection to https://picasaweb.google.com refused
06-08 13:58:33.895  1142  3082 E PicasaAPI: 	at org.apache.http.impl.conn.DefaultClientConnectionOperator.openConnection(DefaultClientConnectionOperator.java:183)
06-08 13:58:33.895  1142  3082 E PicasaAPI: 	at org.apache.http.impl.conn.AbstractPoolEntry.open(AbstractPoolEntry.java:164)
06-08 13:58:33.895  1142  3082 E PicasaAPI: 	at org.apache.http.impl.conn.AbstractPooledConnAdapter.open(AbstractPooledConnAdapter.java:119)
06-08 13:58:33.895  1142  3082 E PicasaAPI: 	at org.apache.http.impl.client.DefaultRequestDirector.execute(DefaultRequestDirector.java:360)
06-08 13:58:33.895  1142  3082 E PicasaAPI: 	at org.apache.http.impl.client.AbstractHttpClient.execute(AbstractHttpClient.java:555)
06-08 13:58:33.895  1142  3082 E PicasaAPI: 	at org.apache.http.impl.client.AbstractHttpClient.execute(AbstractHttpClient.java:487)
06-08 13:58:33.895  1142  3082 E PicasaAPI: 	at org.apache.http.impl.client.AbstractHttpClient.execute(AbstractHttpClient.java:465)
06-08 13:58:33.895  1142  3082 E PicasaAPI: 	at com.google.android.picasasync.GDataClient.callMethod(GDataClient.java:139)
06-08 13:58:33.895  1142  3082 E PicasaAPI: 	at com.google.android.picasasync.GDataClient.get(GDataClient.java:77)
06-08 13:58:33.895  1142  3082 E PicasaAPI: 	at com.google.android.picasasync.PicasaApi.getAlbumPhotos(PicasaApi.java:198)
06-08 13:58:33.895  1142  3082 E PicasaAPI: 	at com.google.android.picasasync.PicasaApi.getAlbumPhotos(PicasaApi.java:132)
06-08 13:58:33.895  1142  3082 E PicasaAPI: 	at com.google.android.picasasync.PicasaSyncHelper.syncPhotosForAlbumLocked(PicasaSyncHelper.java:401)
06-08 13:58:33.895  1142  3082 E PicasaAPI: 	at com.google.android.picasasync.PicasaSyncHelper.syncPhotosForAlbum(PicasaSyncHelper.java:334)
06-08 13:58:33.895  1142  3082 E PicasaAPI: 	at com.google.android.picasasync.PicasaSyncHelper.syncPhotosForUser(PicasaSyncHelper.java:316)
06-08 13:58:33.895  1142  3082 E PicasaAPI: 	at com.google.android.picasasync.MetadataSync$MetadataSyncTask.performSync(MetadataSync.java:116)
06-08 13:58:33.895  1142  3082 E PicasaAPI: 	at com.google.android.picasasync.PicasaSyncManager.performSyncInternal(PicasaSyncManager.java:544)
06-08 13:58:33.895  1142  3082 E PicasaAPI: 	at com.google.android.picasasync.PicasaSyncManager.performSync(PicasaSyncManager.java:563)
06-08 13:58:33.895  1142  3082 E PicasaAPI: 	at com.google.android.picasasync.PicasaSyncService$PicasaSyncAdapter.onPerformSync(PicasaSyncService.java:135)
06-08 13:58:33.895  1142  3082 E PicasaAPI: 	at android.content.AbstractThreadedSyncAdapter$SyncThread.run(AbstractThreadedSyncAdapter.java:247)
06-08 13:58:33.895  1142  3082 E PicasaAPI: Caused by: java.net.ConnectException: failed to connect to /74.125.226.196 (port 443) after 20000ms: connect failed: ENETUNREACH (Network is unreachable)
06-08 13:58:33.895  1142  3082 E PicasaAPI: 	at libcore.io.IoBridge.connect(IoBridge.java:114)
06-08 13:58:33.895  1142  3082 E PicasaAPI: 	at java.net.PlainSocketImpl.connect(PlainSocketImpl.java:192)
06-08 13:58:33.895  1142  3082 E PicasaAPI: 	at java.net.PlainSocketImpl.connect(PlainSocketImpl.java:459)
06-08 13:58:33.895  1142  3082 E PicasaAPI: 	at java.net.Socket.connect(Socket.java:842)
06-08 13:58:33.895  1142  3082 E PicasaAPI: 	at org.apache.http.conn.scheme.PlainSocketFactory.connectSocket(PlainSocketFactory.java:119)
06-08 13:58:33.895  1142  3082 E PicasaAPI: 	at org.apache.http.impl.conn.DefaultClientConnectionOperator.openConnection(DefaultClientConnectionOperator.java:144)
06-08 13:58:33.895  1142  3082 E PicasaAPI: 	... 18 more
06-08 13:58:33.895  1142  3082 E PicasaAPI: Caused by: libcore.io.ErrnoException: connect failed: ENETUNREACH (Network is unreachable)
06-08 13:58:33.895  1142  3082 E PicasaAPI: 	at libcore.io.Posix.connect(Native Method)
06-08 13:58:33.895  1142  3082 E PicasaAPI: 	at libcore.io.BlockGuardOs.connect(BlockGuardOs.java:85)
06-08 13:58:33.895  1142  3082 E PicasaAPI: 	at libcore.io.IoBridge.connectErrno(IoBridge.java:138)
06-08 13:58:33.895  1142  3082 E PicasaAPI: 	at libcore.io.IoBridge.connect(IoBridge.java:112)
06-08 13:58:33.895  1142  3082 E PicasaAPI: 	... 23 more
06-08 13:58:33.895  1142  3082 D PicasaAPI:    done
06-08 13:58:33.899  1142  3082 D PicasaAPI: getAlbumPhotos for 102196091084294424034 / 5696208577700890849, etag: W/"C04FQHszeip7ImA9WhRVEkg."
06-08 13:58:33.942  1142  1144 D dalvikvm: GC_CONCURRENT freed 476K, 6% free 9524K/10119K, paused 1ms+2ms
06-08 13:58:33.946  1142  3082 W GDataClient: Request failed: https://picasaweb.google.com/data/feed/api/user/102196091084294424034/albumid/5696208577700890849?max-results=1000&imgmax=d&thumbsize=640u&visibility=visible&v=4&alt=json&fd=shapes&kind=photo
06-08 13:58:33.954  1142  3082 E PicasaAPI: getAlbumPhotos fail
06-08 13:58:33.954  1142  3082 E PicasaAPI: org.apache.http.conn.HttpHostConnectException: Connection to https://picasaweb.google.com refused
06-08 13:58:33.954  1142  3082 E PicasaAPI: 	at org.apache.http.impl.conn.DefaultClientConnectionOperator.openConnection(DefaultClientConnectionOperator.java:183)
06-08 13:58:33.954  1142  3082 E PicasaAPI: 	at org.apache.http.impl.conn.AbstractPoolEntry.open(AbstractPoolEntry.java:164)
06-08 13:58:33.954  1142  3082 E PicasaAPI: 	at org.apache.http.impl.conn.AbstractPooledConnAdapter.open(AbstractPooledConnAdapter.java:119)
06-08 13:58:33.954  1142  3082 E PicasaAPI: 	at org.apache.http.impl.client.DefaultRequestDirector.execute(DefaultRequestDirector.java:360)
06-08 13:58:33.954  1142  3082 E PicasaAPI: 	at org.apache.http.impl.client.AbstractHttpClient.execute(AbstractHttpClient.java:555)
06-08 13:58:33.954  1142  3082 E PicasaAPI: 	at org.apache.http.impl.client.AbstractHttpClient.execute(AbstractHttpClient.java:487)
06-08 13:58:33.954  1142  3082 E PicasaAPI: 	at org.apache.http.impl.client.AbstractHttpClient.execute(AbstractHttpClient.java:465)
06-08 13:58:33.954  1142  3082 E PicasaAPI: 	at com.google.android.picasasync.GDataClient.callMethod(GDataClient.java:139)
06-08 13:58:33.954  1142  3082 E PicasaAPI: 	at com.google.android.picasasync.GDataClient.get(GDataClient.java:77)
06-08 13:58:33.954  1142  3082 E PicasaAPI: 	at com.google.android.picasasync.PicasaApi.getAlbumPhotos(PicasaApi.java:198)
06-08 13:58:33.954  1142  3082 E PicasaAPI: 	at com.google.android.picasasync.PicasaApi.getAlbumPhotos(PicasaApi.java:132)
06-08 13:58:33.954  1142  3082 E PicasaAPI: 	at com.google.android.picasasync.PicasaSyncHelper.syncPhotosForAlbumLocked(PicasaSyncHelper.java:401)
06-08 13:58:33.954  1142  3082 E PicasaAPI: 	at com.google.android.picasasync.PicasaSyncHelper.syncPhotosForAlbum(PicasaSyncHelper.java:334)
06-08 13:58:33.954  1142  3082 E PicasaAPI: 	at com.google.android.picasasync.PicasaSyncHelper.syncPhotosForUser(PicasaSyncHelper.java:316)
06-08 13:58:33.954  1142  3082 E PicasaAPI: 	at com.google.android.picasasync.MetadataSync$MetadataSyncTask.performSync(MetadataSync.java:116)
06-08 13:58:33.954  1142  3082 E PicasaAPI: 	at com.google.android.picasasync.PicasaSyncManager.performSyncInternal(PicasaSyncManager.java:544)
06-08 13:58:33.954  1142  3082 E PicasaAPI: 	at com.google.android.picasasync.PicasaSyncManager.performSync(PicasaSyncManager.java:563)
06-08 13:58:33.954  1142  3082 E PicasaAPI: 	at com.google.android.picasasync.PicasaSyncService$PicasaSyncAdapter.onPerformSync(PicasaSyncService.java:135)
06-08 13:58:33.954  1142  3082 E PicasaAPI: 	at android.content.AbstractThreadedSyncAdapter$SyncThread.run(AbstractThreadedSyncAdapter.java:247)
06-08 13:58:33.954  1142  3082 E PicasaAPI: Caused by: java.net.ConnectException: failed to connect to /74.125.226.196 (port 443) after 20000ms: connect failed: ENETUNREACH (Network is unreachable)
06-08 13:58:33.954  1142  3082 E PicasaAPI: 	at libcore.io.IoBridge.connect(IoBridge.java:114)
06-08 13:58:33.954  1142  3082 E PicasaAPI: 	at java.net.PlainSocketImpl.connect(PlainSocketImpl.java:192)
06-08 13:58:33.954  1142  3082 E PicasaAPI: 	at java.net.PlainSocketImpl.connect(PlainSocketImpl.java:459)
06-08 13:58:33.954  1142  3082 E PicasaAPI: 	at java.net.Socket.connect(Socket.java:842)
06-08 13:58:33.954  1142  3082 E PicasaAPI: 	at org.apache.http.conn.scheme.PlainSocketFactory.connectSocket(PlainSocketFactory.java:119)
06-08 13:58:33.954  1142  3082 E PicasaAPI: 	at org.apache.http.impl.conn.DefaultClientConnectionOperator.openConnection(DefaultClientConnectionOperator.java:144)
06-08 13:58:33.954  1142  3082 E PicasaAPI: 	... 18 more
06-08 13:58:33.954  1142  3082 E PicasaAPI: Caused by: libcore.io.ErrnoException: connect failed: ENETUNREACH (Network is unreachable)
06-08 13:58:33.954  1142  3082 E PicasaAPI: 	at libcore.io.Posix.connect(Native Method)
06-08 13:58:33.954  1142  3082 E PicasaAPI: 	at libcore.io.BlockGuardOs.connect(BlockGuardOs.java:85)
06-08 13:58:33.954  1142  3082 E PicasaAPI: 	at libcore.io.IoBridge.connectErrno(IoBridge.java:138)
06-08 13:58:33.954  1142  3082 E PicasaAPI: 	at libcore.io.IoBridge.connect(IoBridge.java:112)
06-08 13:58:33.954  1142  3082 E PicasaAPI: 	... 23 more
06-08 13:58:33.954  1142  3082 D PicasaAPI:    done
06-08 13:58:33.957  1142  3082 D PicasaAPI: getAlbumPhotos for 102196091084294424034 / 5696209467398657825, etag: W/"CEYFSXs_eyp7ImA9WhRVEkg."
06-08 13:58:33.965  1142  3082 W GDataClient: Request failed: https://picasaweb.google.com/data/feed/api/user/102196091084294424034/albumid/5696209467398657825?max-results=1000&imgmax=d&thumbsize=640u&visibility=visible&v=4&alt=json&fd=shapes&kind=photo
06-08 13:58:33.969  1142  3082 E PicasaAPI: getAlbumPhotos fail
06-08 13:58:33.969  1142  3082 E PicasaAPI: org.apache.http.conn.HttpHostConnectException: Connection to https://picasaweb.google.com refused
06-08 13:58:33.969  1142  3082 E PicasaAPI: 	at org.apache.http.impl.conn.DefaultClientConnectionOperator.openConnection(DefaultClientConnectionOperator.java:183)
06-08 13:58:33.969  1142  3082 E PicasaAPI: 	at org.apache.http.impl.conn.AbstractPoolEntry.open(AbstractPoolEntry.java:164)
06-08 13:58:33.969  1142  3082 E PicasaAPI: 	at org.apache.http.impl.conn.AbstractPooledConnAdapter.open(AbstractPooledConnAdapter.java:119)
06-08 13:58:33.969  1142  3082 E PicasaAPI: 	at org.apache.http.impl.client.DefaultRequestDirector.execute(DefaultRequestDirector.java:360)
06-08 13:58:33.969  1142  3082 E PicasaAPI: 	at org.apache.http.impl.client.AbstractHttpClient.execute(AbstractHttpClient.java:555)
06-08 13:58:33.969  1142  3082 E PicasaAPI: 	at org.apache.http.impl.client.AbstractHttpClient.execute(AbstractHttpClient.java:487)
06-08 13:58:33.969  1142  3082 E PicasaAPI: 	at org.apache.http.impl.client.AbstractHttpClient.execute(AbstractHttpClient.java:465)
06-08 13:58:33.969  1142  3082 E PicasaAPI: 	at com.google.android.picasasync.GDataClient.callMethod(GDataClient.java:139)
06-08 13:58:33.969  1142  3082 E PicasaAPI: 	at com.google.android.picasasync.GDataClient.get(GDataClient.java:77)
06-08 13:58:33.969  1142  3082 E PicasaAPI: 	at com.google.android.picasasync.PicasaApi.getAlbumPhotos(PicasaApi.java:198)
06-08 13:58:33.969  1142  3082 E PicasaAPI: 	at com.google.android.picasasync.PicasaApi.getAlbumPhotos(PicasaApi.java:132)
06-08 13:58:33.969  1142  3082 E PicasaAPI: 	at com.google.android.picasasync.PicasaSyncHelper.syncPhotosForAlbumLocked(PicasaSyncHelper.java:401)
06-08 13:58:33.969  1142  3082 E PicasaAPI: 	at com.google.android.picasasync.PicasaSyncHelper.syncPhotosForAlbum(PicasaSyncHelper.java:334)
06-08 13:58:33.969  1142  3082 E PicasaAPI: 	at com.google.android.picasasync.PicasaSyncHelper.syncPhotosForUser(PicasaSyncHelper.java:316)
06-08 13:58:33.969  1142  3082 E PicasaAPI: 	at com.google.android.picasasync.MetadataSync$MetadataSyncTask.performSync(MetadataSync.java:116)
06-08 13:58:33.969  1142  3082 E PicasaAPI: 	at com.google.android.picasasync.PicasaSyncManager.performSyncInternal(PicasaSyncManager.java:544)
06-08 13:58:33.969  1142  3082 E PicasaAPI: 	at com.google.android.picasasync.PicasaSyncManager.performSync(PicasaSyncManager.java:563)
06-08 13:58:33.969  1142  3082 E PicasaAPI: 	at com.google.android.picasasync.PicasaSyncService$PicasaSyncAdapter.onPerformSync(PicasaSyncService.java:135)
06-08 13:58:33.969  1142  3082 E PicasaAPI: 	at android.content.AbstractThreadedSyncAdapter$SyncThread.run(AbstractThreadedSyncAdapter.java:247)
06-08 13:58:33.969  1142  3082 E PicasaAPI: Caused by: java.net.ConnectException: failed to connect to /74.125.226.196 (port 443) after 20000ms: connect failed: ENETUNREACH (Network is unreachable)
06-08 13:58:33.969  1142  3082 E PicasaAPI: 	at libcore.io.IoBridge.connect(IoBridge.java:114)
06-08 13:58:33.969  1142  3082 E PicasaAPI: 	at java.net.PlainSocketImpl.connect(PlainSocketImpl.java:192)
06-08 13:58:33.969  1142  3082 E PicasaAPI: 	at java.net.PlainSocketImpl.connect(PlainSocketImpl.java:459)
06-08 13:58:33.969  1142  3082 E PicasaAPI: 	at java.net.Socket.connect(Socket.java:842)
06-08 13:58:33.969  1142  3082 E PicasaAPI: 	at org.apache.http.conn.scheme.PlainSocketFactory.connectSocket(PlainSocketFactory.java:119)
06-08 13:58:33.969  1142  3082 E PicasaAPI: 	at org.apache.http.impl.conn.DefaultClientConnectionOperator.openConnection(DefaultClientConnectionOperator.java:144)
06-08 13:58:33.969  1142  3082 E PicasaAPI: 	... 18 more
06-08 13:58:33.969  1142  3082 E PicasaAPI: Caused by: libcore.io.ErrnoException: connect failed: ENETUNREACH (Network is unreachable)
06-08 13:58:33.969  1142  3082 E PicasaAPI: 	at libcore.io.Posix.connect(Native Method)
06-08 13:58:33.969  1142  3082 E PicasaAPI: 	at libcore.io.BlockGuardOs.connect(BlockGuardOs.java:85)
06-08 13:58:33.969  1142  3082 E PicasaAPI: 	at libcore.io.IoBridge.connectErrno(IoBridge.java:138)
06-08 13:58:33.969  1142  3082 E PicasaAPI: 	at libcore.io.IoBridge.connect(IoBridge.java:112)
06-08 13:58:33.969  1142  3082 E PicasaAPI: 	... 23 more
06-08 13:58:33.969  1142  3082 D PicasaAPI:    done
06-08 13:58:33.973  1142  3082 D PicasaAPI: getAlbumPhotos for 102196091084294424034 / 5696209942667249841, etag: W/"Dk8MQHY6eSp7ImA9WhVbEUo."
06-08 13:58:33.981  1142  3082 W GDataClient: Request failed: https://picasaweb.google.com/data/feed/api/user/102196091084294424034/albumid/5696209942667249841?max-results=1000&imgmax=d&thumbsize=640u&visibility=visible&v=4&alt=json&fd=shapes&kind=photo
06-08 13:58:33.985  1142  3082 E PicasaAPI: getAlbumPhotos fail
06-08 13:58:33.985  1142  3082 E PicasaAPI: org.apache.http.conn.HttpHostConnectException: Connection to https://picasaweb.google.com refused
06-08 13:58:33.985  1142  3082 E PicasaAPI: 	at org.apache.http.impl.conn.DefaultClientConnectionOperator.openConnection(DefaultClientConnectionOperator.java:183)
06-08 13:58:33.985  1142  3082 E PicasaAPI: 	at org.apache.http.impl.conn.AbstractPoolEntry.open(AbstractPoolEntry.java:164)
06-08 13:58:33.985  1142  3082 E PicasaAPI: 	at org.apache.http.impl.conn.AbstractPooledConnAdapter.open(AbstractPooledConnAdapter.java:119)
06-08 13:58:33.985  1142  3082 E PicasaAPI: 	at org.apache.http.impl.client.DefaultRequestDirector.execute(DefaultRequestDirector.java:360)
06-08 13:58:33.985  1142  3082 E PicasaAPI: 	at org.apache.http.impl.client.AbstractHttpClient.execute(AbstractHttpClient.java:555)
06-08 13:58:33.985  1142  3082 E PicasaAPI: 	at org.apache.http.impl.client.AbstractHttpClient.execute(AbstractHttpClient.java:487)
06-08 13:58:33.985  1142  3082 E PicasaAPI: 	at org.apache.http.impl.client.AbstractHttpClient.execute(AbstractHttpClient.java:465)
06-08 13:58:33.985  1142  3082 E PicasaAPI: 	at com.google.android.picasasync.GDataClient.callMethod(GDataClient.java:139)
06-08 13:58:33.985  1142  3082 E PicasaAPI: 	at com.google.android.picasasync.GDataClient.get(GDataClient.java:77)
06-08 13:58:33.985  1142  3082 E PicasaAPI: 	at com.google.android.picasasync.PicasaApi.getAlbumPhotos(PicasaApi.java:198)
06-08 13:58:33.985  1142  3082 E PicasaAPI: 	at com.google.android.picasasync.PicasaApi.getAlbumPhotos(PicasaApi.java:132)
06-08 13:58:33.985  1142  3082 E PicasaAPI: 	at com.google.android.picasasync.PicasaSyncHelper.syncPhotosForAlbumLocked(PicasaSyncHelper.java:401)
06-08 13:58:33.985  1142  3082 E PicasaAPI: 	at com.google.android.picasasync.PicasaSyncHelper.syncPhotosForAlbum(PicasaSyncHelper.java:334)
06-08 13:58:33.985  1142  3082 E PicasaAPI: 	at com.google.android.picasasync.PicasaSyncHelper.syncPhotosForUser(PicasaSyncHelper.java:316)
06-08 13:58:33.985  1142  3082 E PicasaAPI: 	at com.google.android.picasasync.MetadataSync$MetadataSyncTask.performSync(MetadataSync.java:116)
06-08 13:58:33.985  1142  3082 E PicasaAPI: 	at com.google.android.picasasync.PicasaSyncManager.performSyncInternal(PicasaSyncManager.java:544)
06-08 13:58:33.985  1142  3082 E PicasaAPI: 	at com.google.android.picasasync.PicasaSyncManager.performSync(PicasaSyncManager.java:563)
06-08 13:58:33.985  1142  3082 E PicasaAPI: 	at com.google.android.picasasync.PicasaSyncService$PicasaSyncAdapter.onPerformSync(PicasaSyncService.java:135)
06-08 13:58:33.985  1142  3082 E PicasaAPI: 	at android.content.AbstractThreadedSyncAdapter$SyncThread.run(AbstractThreadedSyncAdapter.java:247)
06-08 13:58:33.985  1142  3082 E PicasaAPI: Caused by: java.net.ConnectException: failed to connect to /74.125.226.196 (port 443) after 20000ms: connect failed: ENETUNREACH (Network is unreachable)
06-08 13:58:33.985  1142  3082 E PicasaAPI: 	at libcore.io.IoBridge.connect(IoBridge.java:114)
06-08 13:58:33.985  1142  3082 E PicasaAPI: 	at java.net.PlainSocketImpl.connect(PlainSocketImpl.java:192)
06-08 13:58:33.985  1142  3082 E PicasaAPI: 	at java.net.PlainSocketImpl.connect(PlainSocketImpl.java:459)
06-08 13:58:33.985  1142  3082 E PicasaAPI: 	at java.net.Socket.connect(Socket.java:842)
06-08 13:58:33.985  1142  3082 E PicasaAPI: 	at org.apache.http.conn.scheme.PlainSocketFactory.connectSocket(PlainSocketFactory.java:119)
06-08 13:58:33.985  1142  3082 E PicasaAPI: 	at org.apache.http.impl.conn.DefaultClientConnectionOperator.openConnection(DefaultClientConnectionOperator.java:144)
06-08 13:58:33.985  1142  3082 E PicasaAPI: 	... 18 more
06-08 13:58:33.985  1142  3082 E PicasaAPI: Caused by: libcore.io.ErrnoException: connect failed: ENETUNREACH (Network is unreachable)
06-08 13:58:33.985  1142  3082 E PicasaAPI: 	at libcore.io.Posix.connect(Native Method)
06-08 13:58:33.985  1142  3082 E PicasaAPI: 	at libcore.io.BlockGuardOs.connect(BlockGuardOs.java:85)
06-08 13:58:33.985  1142  3082 E PicasaAPI: 	at libcore.io.IoBridge.connectErrno(IoBridge.java:138)
06-08 13:58:33.985  1142  3082 E PicasaAPI: 	at libcore.io.IoBridge.connect(IoBridge.java:112)
06-08 13:58:33.985  1142  3082 E PicasaAPI: 	... 23 more
