06-10 13:03:16.449  6735 10683 D class ch.boye.httpclientandroidlib.impl.conn.tsccm.ThreadSafeClientConnManager: Closing expired connections
06-10 13:03:16.453  6735 10683 D class ch.boye.httpclientandroidlib.impl.conn.tsccm.ConnPoolByRoute: Closing expired connections
06-10 13:03:16.453  6735 10683 D class ch.boye.httpclientandroidlib.impl.conn.tsccm.ThreadSafeClientConnManager: Shutting down
06-10 13:03:18.828   152   169 I ActivityManager: Start proc android.process.media for broadcast com.android.providers.downloads/.DownloadReceiver: pid=10924 uid=10012 gids={1015, 1023, 1024, 2001, 3003, 3007}
06-10 13:03:18.902   152   317 D Tethering: MasterInitialState.processMessage what=3
06-10 13:03:19.043   152   314 D ConnectivityService: handleInetConditionChange: no active default network - ignore
06-10 13:03:19.316   152   655 I ActivityManager: Process com.facebook.katana (pid 10703) has died.
06-10 13:03:19.316   152   655 W ActivityManager: Scheduling restart of crashed service com.facebook.katana/.service.MediaUploadService in 5000ms
06-10 13:03:19.457 10924 10924 I ActivityThread: Pub downloads: com.android.providers.downloads.DownloadProvider
06-10 13:03:19.582   152   491 I AudioService:   Remote Control   registerMediaButtonIntent() for PendingIntent{41483388: PendingIntentRecord{41446e00 com.spotify.mobile.android.ui broadcastIntent}}
06-10 13:03:19.664 10881 10883 D dalvikvm: GC_CONCURRENT freed 226K, 4% free 9502K/9863K, paused 36ms+2ms
06-10 13:03:19.746 10924 10924 I ActivityThread: Pub drm: com.android.providers.drm.DrmProvider
06-10 13:03:19.746 10924 10937 I DownloadManager: in removeSpuriousFiles
06-10 13:03:19.761 10924 10924 I ActivityThread: Pub media: com.android.providers.media.MediaProvider
06-10 13:03:19.898   152   154 D dalvikvm: GC_CONCURRENT freed 1969K, 25% free 17334K/22919K, paused 148ms+13ms
06-10 13:03:19.968 10924 10937 I DownloadManager: deleting spurious file /cache/backup
06-10 13:03:20.925  7488  7492 D dalvikvm: GC_CONCURRENT freed 400K, 6% free 10144K/10759K, paused 47ms+3ms
06-10 13:03:22.562 10924 10926 D dalvikvm: GC_CONCURRENT freed 306K, 5% free 9199K/9607K, paused 27ms+4ms
06-10 13:03:23.086   152   163 D dalvikvm: GC_EXPLICIT freed 69K, 25% free 17275K/22919K, paused 5ms+14ms
06-10 13:03:23.339   152   314 D ConnectivityService: ConnectivityChange for WIFI: CONNECTED/CONNECTED
06-10 13:03:23.468   152   308 W NetworkStats: dropping UID delta from unknown iface: iface=wlan0 uid=0 set=DEFAULT tag=0x0 rxBytes=332 rxPackets=1 txBytes=328 txPackets=5 operations=0
06-10 13:03:23.468   152   308 W NetworkStats: dropping UID delta from unknown iface: iface=wlan0 uid=10055 set=DEFAULT tag=0x0 rxBytes=3419 rxPackets=10 txBytes=1467 txPackets=12 operations=0
06-10 13:03:23.484   152   492 I ActivityManager: Start proc com.google.android.apps.uploader for broadcast com.google.android.apps.uploader/.ConnectivityBroadcastReceiver: pid=10960 uid=10031 gids={3003}
06-10 13:03:23.523 10960 10960 I dalvikvm: Turning on JNI app bug workarounds for target SDK version 11...
06-10 13:03:23.617 10960 10960 I ActivityThread: Pub com.google.android.apps.uploader: com.google.android.apps.uploader.UploadsContentProvider
06-10 13:03:23.621 10960 10960 I ActivityThread: Pub com.google.photos.provider.Album: com.google.android.apps.uploader.clients.picasa.AlbumProvider
06-10 13:03:23.625 10960 10960 D MediaUploader: UploaderApplication.onCreate
06-10 13:03:23.695   152   858 I ActivityManager: Process android.process.acore (pid 10881) has died.
06-10 13:03:23.875   152   857 I AudioService:   Remote Control   registerMediaButtonIntent() for PendingIntent{417d1a80: PendingIntentRecord{41446e00 com.spotify.mobile.android.ui broadcastIntent}}
06-10 13:03:23.882 10960 10960 D MediaUploader: nonWifiLimit=20971520, default=20971520
06-10 13:03:23.894 10960 10960 I MediaUploader: No need to wake up
06-10 13:03:23.918 10163 10163 I PhoneLab-WiFiReceiver: Wi-Fi is disconnected!
06-10 13:03:24.132   152   491 I ActivityManager: Start proc com.facebook.katana for broadcast com.facebook.katana/.util.logging.MobileEventLogger$NetworkUpdateReceiver: pid=10984 uid=10060 gids={3003, 1006, 1015}
06-10 13:03:24.183 10984 10984 I dalvikvm: Turning on JNI app bug workarounds for target SDK version 7...
06-10 13:03:24.222   152   168 I Process : Sending signal. PID: 10196 SIG: 3
06-10 13:03:24.222 10196 10200 I dalvikvm: threadid=3: reacting to signal 3
06-10 13:03:24.242  9858 10383 D PicasaSyncManager: active network: NetworkInfo: type: WIFI[], state: CONNECTED/CONNECTED, reason: (unspecified), extra: (none), roaming: false, failover: false, isAvailable: true
06-10 13:03:24.242  9858 10383 D PicasaSyncManager: background data: true
06-10 13:03:24.339   152   314 D ConnectivityService: NetTransition Wakelock for WifiStateMachine released by timeout
06-10 13:03:24.375 10196 10200 I dalvikvm: Wrote stack traces to '/data/anr/traces.txt'
06-10 13:03:24.453 10984 10986 D dalvikvm: GC_CONCURRENT freed 165K, 3% free 9371K/9607K, paused 17ms+11ms
06-10 13:03:24.543 10196 10203 I dalvikvm: Jit: resizing JitTable from 4096 to 8192
06-10 13:03:24.781 10984 10984 I ActivityThread: Pub com.facebook.katana.provider.LoggingProvider: com.facebook.katana.provider.LoggingProvider
06-10 13:03:24.800 10984 10986 D dalvikvm: GC_CONCURRENT freed 130K, 3% free 9668K/9927K, paused 3ms+2ms
06-10 13:03:24.804 10984 10984 I ActivityThread: Pub com.facebook.katana.provider.KeyValueProvider: com.facebook.katana.provider.KeyValueProvider
06-10 13:03:24.804 10984 10984 I ActivityThread: Pub com.facebook.katana.provider.CacheProvider: com.facebook.katana.provider.CacheProvider
06-10 13:03:24.808 10984 10984 I ActivityThread: Pub com.facebook.katana.provider.MailboxProvider: com.facebook.katana.provider.MailboxProvider
06-10 13:03:24.824 10984 10984 I ActivityThread: Pub com.facebook.katana.provider.UserStatusesProvider: com.facebook.katana.provider.UserStatusesProvider
06-10 13:03:24.824 10984 10984 I ActivityThread: Pub com.facebook.katana.provider.EventsProvider: com.facebook.katana.provider.EventsProvider
06-10 13:03:24.828 10984 10984 I ActivityThread: Pub com.facebook.katana.provider.NotificationsProvider: com.facebook.katana.provider.NotificationsProvider
06-10 13:03:24.828 10984 10984 I ActivityThread: Pub com.facebook.katana.provider.UserValuesProvider: com.facebook.katana.provider.UserValuesProvider
06-10 13:03:24.828 10984 10984 I ActivityThread: Pub com.facebook.katana.provider.PagesProvider: com.facebook.katana.provider.PagesProvider
06-10 13:03:24.832 10984 10984 I ActivityThread: Pub com.facebook.katana.provider.MobileEventLogProvider: com.facebook.katana.provider.MobileEventLogProvider
06-10 13:03:24.832 10984 10984 I ActivityThread: Pub com.facebook.katana.provider.PushNotificationsProvider: com.facebook.katana.provider.PushNotificationsProvider
06-10 13:03:24.832 10984 10984 I ActivityThread: Pub com.facebook.katana.provider.PhotosProvider: com.facebook.katana.provider.PhotosProvider
06-10 13:03:24.832 10984 10984 I ActivityThread: Pub com.facebook.katana.provider.ConnectionsProvider: com.facebook.katana.provider.ConnectionsProvider
06-10 13:03:24.847 10984 10984 I ActivityThread: Pub com.facebook.orca.notify.FbandroidMessagesForegroundProvider: com.facebook.orca.notify.FbandroidMessagesForegroundProvider
06-10 13:03:24.918 10984 10984 D ACRA    : Retrieve application default SharedPreferences.
06-10 13:03:24.918 10984 10984 D ACRA    : Set OnSharedPreferenceChangeListener.
06-10 13:03:24.925 10984 10984 D ACRA    : ACRA is enabled for com.facebook.katana, intializing...
