06-11 22:26:21.664 10558 10561 D dalvikvm: GC_CONCURRENT freed 506K, 8% free 10278K/11143K, paused 7ms+2ms
06-11 22:27:01.867   142   197 D DhcpInfoInternal: makeLinkProperties with empty dns2!
06-11 22:27:01.875   142   197 D DhcpInfoInternal: makeLinkProperties with empty dns2!
06-11 22:27:06.773   959   961 D dalvikvm: GC_CONCURRENT freed 439K, 27% free 10721K/14663K, paused 2ms+5ms
06-11 22:28:09.023 13235 13248 I PhoneLab-: Service Running
06-11 22:28:09.078 13235 13248 I PhoneLab-LoggerService: app_38    1106  1     1260   824   c00f181c 400107b4 S logcat
06-11 22:28:09.078 13235 13248 I PhoneLab-LoggerService: Logcat pid from database 1106
06-11 22:28:09.078 13235 13248 I PhoneLab-LoggerService: Logcat process found 1106
06-11 22:28:09.078 13235 13248 I PhoneLab-LoggerService: Checking Threshold
06-11 22:28:09.078 13235 13248 I PhoneLab-LoggerService: Starting to rename files
06-11 22:28:09.078 13235 13248 I PhoneLab-LoggerService: Files found .. 2
06-11 22:28:09.078 13235 13248 I PhoneLab-LoggerService: File 1 log.out.1
06-11 22:28:09.093 13235 13248 I PhoneLab-LoggerService: Renamed successfully
06-11 22:28:20.367   142   145 D dalvikvm: GC_CONCURRENT freed 1854K, 21% free 18384K/23239K, paused 17ms+17ms
06-11 22:28:21.668 13776 13777 D dalvikvm: GC_CONCURRENT freed 497K, 8% free 10431K/11271K, paused 1ms+4ms
06-11 22:28:21.687 10558 10561 D dalvikvm: GC_CONCURRENT freed 509K, 8% free 10255K/11143K, paused 1ms+7ms
06-11 22:29:22.140 10558 10561 D dalvikvm: GC_CONCURRENT freed 403K, 8% free 10278K/11143K, paused 2ms+2ms
06-11 22:29:26.547   142   197 D DhcpInfoInternal: makeLinkProperties with empty dns2!
06-11 22:29:26.547   142   197 D DhcpInfoInternal: makeLinkProperties with empty dns2!
06-11 22:29:43.746   142   602 I AudioService:   Remote Control   registerMediaButtonIntent() for PendingIntent{41900cc0: PendingIntentRecord{41582ea8 com.spotify.mobile.android.ui broadcastIntent}}
06-11 22:29:43.804 12941 12941 D dalvikvm: GC_EXPLICIT freed 1333K, 35% free 12684K/19399K, paused 2ms+5ms
06-11 22:29:43.965 12941 12943 D dalvikvm: GC_CONCURRENT freed 92K, 29% free 13813K/19399K, paused 2ms+10ms
06-11 22:30:09.023 13235 13248 I PhoneLab-: Service Running
06-11 22:30:09.086 13235 13248 I PhoneLab-LoggerService: app_38    1106  1     1260   824   c00f181c 400107b4 S logcat
06-11 22:30:09.086 13235 13248 I PhoneLab-LoggerService: Logcat pid from database 1106
06-11 22:30:09.086 13235 13248 I PhoneLab-LoggerService: Logcat process found 1106
06-11 22:30:09.086 13235 13248 I PhoneLab-LoggerService: Checking Threshold
06-11 22:30:09.090 13235 13248 I PhoneLab-LoggerService: Starting to rename files
06-11 22:30:09.090 13235 13248 I PhoneLab-LoggerService: Files found .. 2
06-11 22:30:22.078   142   919 I ActivityManager: Process com.google.android.gsf.login (pid 11829) has died.
06-11 22:30:22.105   142   922 I AudioService:   Remote Control   registerMediaButtonIntent() for PendingIntent{41d464e0: PendingIntentRecord{41582ea8 com.spotify.mobile.android.ui broadcastIntent}}
06-11 22:30:22.160 13776 13777 D dalvikvm: GC_CONCURRENT freed 493K, 8% free 10431K/11271K, paused 2ms+5ms
06-11 22:31:22.199   142   370 D dalvikvm: GC_EXPLICIT freed 1866K, 22% free 18319K/23239K, paused 3ms+17ms
06-11 22:31:22.363 10558 10561 D dalvikvm: GC_CONCURRENT freed 486K, 8% free 10274K/11143K, paused 2ms+2ms
06-11 22:31:25.011   959   961 D dalvikvm: GC_CONCURRENT freed 439K, 27% free 10721K/14663K, paused 2ms+4ms
06-11 22:31:51.269   142   197 D DhcpInfoInternal: makeLinkProperties with empty dns2!
06-11 22:31:51.269   142   197 D DhcpInfoInternal: makeLinkProperties with empty dns2!
06-11 22:32:09.023 13235 13248 I PhoneLab-: Service Running
06-11 22:32:09.093 13235 13248 I PhoneLab-LoggerService: app_38    1106  1     1260   824   c00f181c 400107b4 S logcat
06-11 22:32:09.093 13235 13248 I PhoneLab-LoggerService: Logcat pid from database 1106
06-11 22:32:09.093 13235 13248 I PhoneLab-LoggerService: Logcat process found 1106
06-11 22:32:09.093 13235 13248 I PhoneLab-LoggerService: Checking Threshold
06-11 22:32:09.093 13235 13248 I PhoneLab-LoggerService: Starting to rename files
06-11 22:32:09.093 13235 13248 I PhoneLab-LoggerService: Files found .. 2
06-11 22:32:22.273  9452  9470 D dalvikvm: GC_EXPLICIT freed 319K, 7% free 10232K/10887K, paused 9ms+5ms
06-11 22:32:22.308 13776 13777 D dalvikvm: GC_CONCURRENT freed 500K, 8% free 10431K/11271K, paused 2ms+22ms
06-11 22:33:14.054 12941 12943 D dalvikvm: GC_CONCURRENT freed 2123K, 33% free 13159K/19399K, paused 20ms+9ms
06-11 22:33:20.867   142   919 I ActivityManager: No longer want com.google.android.apps.maps:NetworkLocationService (pid 13776): hidden #16
06-11 22:33:20.894   142   142 W ActivityManager: Scheduling restart of crashed service com.google.android.apps.maps/com.google.android.location.internal.server.NetworkLocationService in 5000ms
06-11 22:33:20.957   142   370 I AudioService:   Remote Control   registerMediaButtonIntent() for PendingIntent{41bda590: PendingIntentRecord{41582ea8 com.spotify.mobile.android.ui broadcastIntent}}
06-11 22:33:25.945   142   159 I ActivityManager: Start proc com.google.android.apps.maps:NetworkLocationService for service com.google.android.apps.maps/com.google.android.location.internal.server.NetworkLocationService: pid=14723 uid=10057 gids={3003, 1015}
06-11 22:33:26.242 14723 14725 D dalvikvm: GC_CONCURRENT freed 166K, 3% free 9370K/9607K, paused 7ms+2ms
06-11 22:33:26.683 14723 14725 D dalvikvm: GC_CONCURRENT freed 154K, 3% free 9672K/9927K, paused 5ms+3ms
06-11 22:33:27.101 14723 14725 D dalvikvm: GC_CONCURRENT freed 166K, 3% free 10073K/10311K, paused 5ms+2ms
06-11 22:33:27.340 14723 14725 D dalvikvm: GC_CONCURRENT freed 671K, 8% free 9882K/10631K, paused 2ms+2ms
06-11 22:33:27.644 14723 14730 I dalvikvm: Total arena pages for JIT: 11
06-11 22:33:27.652 10558 10561 D dalvikvm: GC_CONCURRENT freed 417K, 9% free 10252K/11143K, paused 2ms+9ms
06-11 22:33:27.652 14723 14730 I dalvikvm: Total arena pages for JIT: 12
06-11 22:33:27.660 14723 14730 I dalvikvm: Total arena pages for JIT: 13
06-11 22:33:27.660 14723 14730 I dalvikvm: Total arena pages for JIT: 14
06-11 22:33:27.664 14723 14730 I dalvikvm: Total arena pages for JIT: 15
06-11 22:33:27.664 14723 14730 I dalvikvm: Total arena pages for JIT: 16
06-11 22:33:27.668 14723 14730 I dalvikvm: Total arena pages for JIT: 17
06-11 22:33:27.894 14723 14725 D dalvikvm: GC_CONCURRENT freed 188K, 5% free 10142K/10631K, paused 2ms+2ms
06-11 22:33:27.945 14723 14730 I dalvikvm: Total arena pages for JIT: 18
06-11 22:33:28.390 14723 14725 D dalvikvm: GC_CONCURRENT freed 449K, 6% free 10220K/10759K, paused 2ms+2ms
06-11 22:33:33.402 13167 13169 D dalvikvm: GC_CONCURRENT freed 957K, 44% free 12844K/22919K, paused 8ms+15ms
06-11 22:34:09.023 13235 13248 I PhoneLab-: Service Running
06-11 22:34:09.152 13235 13248 I PhoneLab-LoggerService: app_38    1106  1     1260   824   c00f181c 400107b4 S logcat
06-11 22:34:09.152 13235 13248 I PhoneLab-LoggerService: Logcat pid from database 1106
06-11 22:34:09.152 13235 13248 I PhoneLab-LoggerService: Logcat process found 1106
06-11 22:34:09.152 13235 13248 I PhoneLab-LoggerService: Checking Threshold
06-11 22:34:09.152 13235 13248 I PhoneLab-LoggerService: Starting to rename files
06-11 22:34:09.152 13235 13248 I PhoneLab-LoggerService: Files found .. 2
06-11 22:34:09.168 13235 13237 D dalvikvm: GC_CONCURRENT freed 439K, 6% free 9104K/9671K, paused 5ms+2ms
06-11 22:34:13.242   142   145 D dalvikvm: GC_CONCURRENT freed 1974K, 21% free 18393K/23239K, paused 9ms+16ms
06-11 22:34:16.207   142   197 D DhcpInfoInternal: makeLinkProperties with empty dns2!
06-11 22:34:16.207   142   197 D DhcpInfoInternal: makeLinkProperties with empty dns2!
06-11 22:34:29.851 14723 14725 D dalvikvm: GC_CONCURRENT freed 534K, 6% free 10201K/10823K, paused 4ms+2ms
06-11 22:34:29.886 10558 14769 D dalvikvm: GC_EXPLICIT freed 293K, 9% free 10242K/11143K, paused 5ms+2ms
06-11 22:35:04.668   142   174 I power   : *** set_screen_state 1
06-11 22:35:04.785   142   921 I AudioService:   Remote Control   registerMediaButtonIntent() for PendingIntent{41c56b28: PendingIntentRecord{41582ea8 com.spotify.mobile.android.ui broadcastIntent}}
06-11 22:35:04.828   142   174 I WindowManager: Lock screen displayed!
06-11 22:35:04.992    79   118 D SurfaceFlinger: Screen about to return, flinger = 0x1e2b918
06-11 22:35:08.175    85    85 I keystore: uid: 1000 action: p -> 1 state: 1 -> 1 retry: 4
06-11 22:35:08.195   213   213 D PhoneStatusBar: disable: < expand* icons alerts ticker* system_info BACK HOME recent* CLOCK >
06-11 22:35:08.250   142   368 W InputManagerService: Window already focused, ignoring focus gain of: com.android.internal.view.IInputMethodClient$Stub$Proxy@418a2a70
06-11 22:35:08.265   213   213 D PhoneStatusBar: disable: < expand icons alerts ticker system_info back* home* recent clock* >
06-11 22:35:08.277   213   213 V PhoneStatusBar: setLightsOn(true)
06-11 22:35:09.215 12441 12444 D dalvikvm: GC_CONCURRENT freed 412K, 6% free 9945K/10567K, paused 7ms+3ms
06-11 22:35:09.734  9452  9454 D dalvikvm: GC_CONCURRENT freed 386K, 7% free 10234K/10887K, paused 9ms+6ms
06-11 22:35:11.175   142   368 I ActivityManager: START {act=android.intent.action.VIEW dat=content://gmail-ls/account/lokeshmandvekar@gmail.com/label/^i/conversationId/1404530246357086756/maxServerMessageId/1404530246357086756/labels/lokeshmandvekar%40gmail.com^*^595230239^*^^i^*^Inbox^*^0^*^0^**^lokeshmandvekar%40gmail.com^*^595230240^*^^u^*^Unread^*^0^*^1^**^lokeshmandvekar%40gmail.com^*^-505^*^^^unseen-^i^*^^*^2147483647^*^1 typ=application/gmail-ls flg=0x10008000 cmp=com.google.android.gm/.ConversationListActivityGmail bnds=[96,119][480,215] (has extras)} from pid -1
06-11 22:35:11.203   142   142 W KeyguardViewMediator: verifyUnlock called when not externally disabled
06-11 22:35:11.410   142   602 I ActivityManager: START {act=android.intent.action.VIEW dat=content://gmail-ls/account/lokeshmandvekar@gmail.com/label/^i/conversationId/1404530246357086756/maxServerMessageId/1404530246357086756/labels/lokeshmandvekar%40gmail.com^*^595230239^*^^i^*^Inbox^*^0^*^0^**^lokeshmandvekar%40gmail.com^*^595230240^*^^u^*^Unread^*^0^*^1^**^lokeshmandvekar%40gmail.com^*^-505^*^^^unseen-^i^*^^*^2147483647^*^1 typ=application/gmail-ls flg=0x6000000 cmp=com.google.android.gm/.GmailActivity bnds=[96,119][480,215] (has extras)} from pid 13638
06-11 22:35:11.797   142   918 D dalvikvm: GC_EXPLICIT freed 1974K, 25% free 17481K/23239K, paused 5ms+17ms
06-11 22:35:11.933   142   158 I Process : Sending signal. PID: 13638 SIG: 3
06-11 22:35:11.933 13638 13642 I dalvikvm: threadid=3: reacting to signal 3
06-11 22:35:11.984 13638 13642 I dalvikvm: Wrote stack traces to '/data/anr/traces.txt'
06-11 22:35:12.011 13638 13641 D dalvikvm: GC_CONCURRENT freed 217K, 3% free 9891K/10183K, paused 3ms+10ms
06-11 22:35:12.144   142   922 I ActivityManager: Start proc com.google.android.gsf.login for service com.google.android.gsf.login/com.google.android.gsf.loginservice.GoogleLoginService: pid=14776 uid=10009 gids={3003, 1015, 1007, 2001, 3006}
06-11 22:35:12.429   142   158 I Process : Sending signal. PID: 13638 SIG: 3
06-11 22:35:12.429 13638 13642 I dalvikvm: threadid=3: reacting to signal 3
06-11 22:35:12.562 13638 13642 I dalvikvm: Wrote stack traces to '/data/anr/traces.txt'
06-11 22:35:12.758 13638 13641 D dalvikvm: GC_CONCURRENT freed 176K, 3% free 10154K/10439K, paused 9ms+8ms
06-11 22:35:12.933   142   158 I Process : Sending signal. PID: 13638 SIG: 3
06-11 22:35:12.933 13638 13642 I dalvikvm: threadid=3: reacting to signal 3
06-11 22:35:12.953 13638 13642 I dalvikvm: Wrote stack traces to '/data/anr/traces.txt'
06-11 22:35:13.050 13638 13638 D libEGL  : loaded /system/lib/egl/libGLES_android.so
06-11 22:35:13.058 13638 13638 D libEGL  : loaded /vendor/lib/egl/libEGL_POWERVR_SGX540_120.so
06-11 22:35:13.097 13638 13638 D libEGL  : loaded /vendor/lib/egl/libGLESv1_CM_POWERVR_SGX540_120.so
06-11 22:35:13.105 13638 13638 D libEGL  : loaded /vendor/lib/egl/libGLESv2_POWERVR_SGX540_120.so
06-11 22:35:13.191 13638 13638 D OpenGLRenderer: Enabling debug mode 0
06-11 22:35:13.394   142   173 I ActivityManager: Displayed com.google.android.gm/.GmailActivity: +1s974ms (total +2s114ms)
06-11 22:35:13.414   142   142 W InputManagerService: Starting input on non-focused client com.android.internal.view.IInputMethodClient$Stub$Proxy@415d7e90 (uid=10055 pid=12941)
06-11 22:35:13.429 12941 12941 W IInputConnectionWrapper: showStatusIcon on inactive InputConnection
06-11 22:35:13.675 13638 13641 D dalvikvm: GC_CONCURRENT freed 278K, 4% free 10338K/10695K, paused 3ms+3ms
06-11 22:35:14.988 13638 13641 D dalvikvm: GC_CONCURRENT freed 326K, 4% free 10516K/10951K, paused 4ms+48ms
06-11 22:35:15.152 13638 13638 D webviewglue: nativeDestroy view: 0x9487f0
06-11 22:35:15.812 13638 13641 D dalvikvm: GC_CONCURRENT freed 425K, 5% free 10536K/11079K, paused 4ms+7ms
06-11 22:35:15.851 13638 14806 I Gmail   : Sending notification intent: Intent { act=android.intent.action.PROVIDER_CHANGED dat=content://gmail-ls/unread/^i (has extras) }
06-11 22:35:15.918 13638 14809 I Gmail   : MainSyncRequestProto: lowestBkwdConvoId: 0, highestHandledServerOp: 3234584, normalSync: true
06-11 22:35:16.113   213   215 D dalvikvm: GC_CONCURRENT freed 604K, 32% free 10391K/15239K, paused 5ms+3ms
06-11 22:35:16.875 13638 13641 D dalvikvm: GC_CONCURRENT freed 328K, 4% free 10655K/11079K, paused 8ms+4ms
06-11 22:35:17.152   142   916 I ActivityManager: Process com.facebook.orca (pid 13830) has died.
06-11 22:35:17.152   142   916 W ActivityManager: Scheduling restart of crashed service com.facebook.orca/.push.mqtt.MqttPushService in 5000ms
06-11 22:35:18.812 13638 13641 D dalvikvm: GC_CONCURRENT freed 513K, 6% free 10687K/11271K, paused 2ms+4ms
06-11 22:35:18.914 13638 14809 D dalvikvm: GC_EXPLICIT freed 126K, 6% free 10620K/11271K, paused 2ms+6ms
06-11 22:35:19.008 13638 14809 I Gmail   : MainSyncRequestProto: lowestBkwdConvoId: 0, highestHandledServerOp: 3234635, normalSync: true
06-11 22:35:19.027 13638 14809 W Gmail   : Scheduling index for 300000 ms from now
06-11 22:35:19.164 13638 14813 I Gmail   : MainSyncRequestProto: lowestBkwdConvoId: 0, highestHandledServerOp: 3234635, normalSync: true
06-11 22:35:20.375 13638 14813 D dalvikvm: GC_EXPLICIT freed 243K, 6% free 10663K/11271K, paused 3ms+12ms
06-11 22:35:20.547 13638 14813 I Gmail   : MainSyncRequestProto: lowestBkwdConvoId: 0, highestHandledServerOp: 3234647, normalSync: true
06-11 22:35:20.570 13638 14813 W Gmail   : Scheduling index for 300000 ms from now
06-11 22:35:20.976 13638 13644 D dalvikvm: null clazz in OP_INSTANCE_OF, single-stepping
06-11 22:35:22.183   142   159 I ActivityManager: Start proc com.facebook.orca for service com.facebook.orca/.push.mqtt.MqttPushService: pid=14814 uid=10061 gids={3003, 1015, 1006}
06-11 22:35:22.191 14814 14814 I dalvikvm: Turning on JNI app bug workarounds for target SDK version 10...
06-11 22:35:22.414 14814 14814 I ActivityThread: Pub com.facebook.orca.notify.MessengerLoggedInUserProvider: com.facebook.orca.notify.MessengerLoggedInUserProvider
06-11 22:35:22.441 14814 14814 I ActivityThread: Pub com.facebook.orca.notify.MessengerForegroundProvider: com.facebook.orca.notify.MessengerForegroundProvider
06-11 22:35:22.465 14814 14814 V orca:OrcaApplication: Forcing initialization of AsyncTask
06-11 22:35:22.640 14814 14815 D dalvikvm: GC_CONCURRENT freed 222K, 4% free 9314K/9607K, paused 4ms+2ms
06-11 22:35:22.652 14814 14814 I Finalizer: Couldn't access Thread.inheritableThreadLocals. Reference finalizer threads will inherit thread local values.
06-11 22:35:22.808 14814 14815 D dalvikvm: GC_CONCURRENT freed 363K, 5% free 9454K/9863K, paused 1ms+2ms
06-11 22:35:22.918 14814 14814 W OrcaGuiceModule: Sig: ijxLJi1yGs1JpL-X1SExmchvork
06-11 22:35:23.011 14814 14815 D dalvikvm: GC_CONCURRENT freed 274K, 4% free 9608K/9991K, paused 8ms+7ms
06-11 22:35:23.226 14814 14829 W Resources: Converting to string: TypedValue{t=0x10/d=0xffffffff a=-1}
06-11 22:35:23.410 14814 14815 D dalvikvm: GC_CONCURRENT freed 336K, 4% free 9840K/10247K, paused 5ms+3ms
06-11 22:35:23.550 14814 14814 D ACRA    : Retrieve application default SharedPreferences.
06-11 22:35:23.550 14814 14814 D ACRA    : Set OnSharedPreferenceChangeListener.
06-11 22:35:23.554 14814 14814 D ACRA    : ACRA is enabled for com.facebook.orca, intializing...
06-11 22:35:23.644 14814 14815 D dalvikvm: GC_CONCURRENT freed 297K, 4% free 10068K/10439K, paused 2ms+2ms
06-11 22:35:23.644 14814 14814 D ACRA    : Looking for error files in /data/data/com.facebook.orca/app_acra-reports
06-11 22:35:23.703 14814 14829 D dalvikvm: GC_FOR_ALLOC freed 239K, 6% free 10119K/10695K, paused 28ms
06-11 22:35:23.781 14814 14829 D dalvikvm: GC_FOR_ALLOC freed 134K, 5% free 10226K/10695K, paused 28ms
06-11 22:35:23.840 14814 14829 D dalvikvm: GC_FOR_ALLOC freed 195K, 5% free 10248K/10759K, paused 41ms
06-11 22:35:24.043 14814 14815 D dalvikvm: GC_CONCURRENT freed 348K, 5% free 10428K/10887K, paused 2ms+3ms
06-11 22:35:24.254 14814 14815 D dalvikvm: GC_CONCURRENT freed 131K, 2% free 10815K/11015K, paused 3ms+5ms
06-11 22:35:24.418   142   421 I ActivityManager: Process com.android.sprintmenu (pid 13814) has died.
06-11 22:35:24.418   142   421 W ActivityManager: Scheduling restart of crashed service com.android.sprintmenu/.HiddenPhoneService in 5000ms
06-11 22:35:24.496 14814 14815 D dalvikvm: GC_CONCURRENT freed 399K, 5% free 11057K/11527K, paused 6ms+4ms
06-11 22:35:24.726 14814 14815 D dalvikvm: GC_CONCURRENT freed 468K, 5% free 11308K/11847K, paused 4ms+11ms
06-11 22:35:25.785   142 12773 I ActivityManager: Process com.google.android.apps.plus (pid 13681) has died.
06-11 22:35:25.890 14814 14815 D dalvikvm: GC_CONCURRENT freed 707K, 7% free 11366K/12167K, paused 10ms+5ms
06-11 22:35:29.468   142   159 I ActivityManager: Start proc com.android.sprintmenu for service com.android.sprintmenu/.HiddenPhoneService: pid=14838 uid=1001 gids={3002, 3001, 3003, 1015}
06-11 22:35:29.961 10558 10561 D dalvikvm: GC_CONCURRENT freed 437K, 8% free 10300K/11143K, paused 9ms+3ms
06-11 22:35:38.136   959   961 D dalvikvm: GC_CONCURRENT freed 439K, 27% free 10721K/14663K, paused 8ms+6ms
06-11 22:35:45.304 13638 14856 I Gmail   : MainSyncRequestProto: lowestBkwdConvoId: 0, highestHandledServerOp: 3234647, normalSync: true
06-11 22:35:45.316 13638 14856 W Gmail   : Scheduling index for 300000 ms from now
06-11 22:35:45.836 13638 13641 D dalvikvm: GC_CONCURRENT freed 442K, 6% free 10696K/11271K, paused 5ms+4ms
06-11 22:36:09.039 13235 13248 I PhoneLab-: Service Running
06-11 22:36:09.113   142   368 I ActivityManager: Process com.whatsapp (pid 14243) has died.
06-11 22:36:09.113   142   368 W ActivityManager: Scheduling restart of crashed service com.whatsapp/.messaging.MessageService in 5000ms
06-11 22:36:09.160 13235 13248 I PhoneLab-LoggerService: app_38    1106  1     1260   820   c00f181c 400107b4 S logcat
06-11 22:36:09.160 13235 13248 I PhoneLab-LoggerService: Logcat pid from database 1106
06-11 22:36:09.160 13235 13248 I PhoneLab-LoggerService: Logcat process found 1106
06-11 22:36:09.160 13235 13248 I PhoneLab-LoggerService: Checking Threshold
06-11 22:36:09.164 13235 13248 I PhoneLab-LoggerService: Starting to rename files
06-11 22:36:09.164 13235 13248 I PhoneLab-LoggerService: Files found .. 2
06-11 22:36:14.152   142   159 I ActivityManager: Start proc com.whatsapp for service com.whatsapp/.messaging.MessageService: pid=14858 uid=10070 gids={1015, 3003}
06-11 22:36:14.175 14858 14858 I dalvikvm: Turning on JNI app bug workarounds for target SDK version 7...
06-11 22:36:14.355   142   170 I power   : *** set_screen_state 0
06-11 22:36:14.402    79   118 D SurfaceFlinger: About to give-up screen, flinger = 0x1e2b918
06-11 22:36:14.492 14858 14860 D dalvikvm: GC_CONCURRENT freed 172K, 3% free 9363K/9607K, paused 2ms+1ms
06-11 22:36:14.758   142   921 D dalvikvm: GC_EXPLICIT freed 1587K, 28% free 16867K/23239K, paused 5ms+21ms
06-11 22:36:14.988 14858 14860 D dalvikvm: GC_CONCURRENT freed 304K, 4% free 9601K/9991K, paused 2ms+2ms
06-11 22:36:15.121 14858 14858 I SqliteDatabaseCpp: sqlite returned: error code = 1, msg = duplicate column name: photo_ts, db=/data/data/com.whatsapp/databases/msgstore.db
06-11 22:36:15.121 14858 14858 I SqliteDatabaseCpp: sqlite returned: error code = 1, msg = duplicate column name: thumb_ts, db=/data/data/com.whatsapp/databases/msgstore.db
06-11 22:36:15.121 14858 14858 I SqliteDatabaseCpp: sqlite returned: error code = 1, msg = duplicate column name: photo_id_timestamp, db=/data/data/com.whatsapp/databases/msgstore.db
06-11 22:36:15.234 14858 14858 I dalvikvm: Could not find method android.media.MediaMetadataRetriever.captureFrame, referenced from method com.whatsapp.d3.a
06-11 22:36:15.234 14858 14858 W dalvikvm: VFY: unable to resolve virtual method 496: Landroid/media/MediaMetadataRetriever;.captureFrame ()Landroid/graphics/Bitmap;
06-11 22:36:15.234 14858 14858 D dalvikvm: VFY: replacing opcode 0x6e at 0x0134
06-11 22:36:15.441 14858 14860 D dalvikvm: GC_CONCURRENT freed 230K, 4% free 9847K/10183K, paused 2ms+9ms
06-11 22:36:15.593 14858 14860 D dalvikvm: GC_CONCURRENT freed 336K, 5% free 9955K/10439K, paused 2ms+2ms
06-11 22:36:19.300 14858 14860 D dalvikvm: GC_CONCURRENT freed 283K, 4% free 10116K/10503K, paused 2ms+4ms
06-11 22:36:19.535   142   174 V TransportControlView: Create TCV com.android.internal.widget.TransportControlView@416759e8
06-11 22:36:19.675   213   213 D PhoneStatusBar: disable: < EXPAND* icons alerts TICKER* system_info back home RECENT* clock >
06-11 22:36:19.742   213   213 D PhoneStatusBar: disable: < EXPAND icons alerts TICKER system_info BACK* HOME* RECENT CLOCK* >
06-11 22:36:29.894 14723 14725 D dalvikvm: GC_CONCURRENT freed 502K, 6% free 10211K/10823K, paused 1ms+9ms
06-11 22:36:41.242   142   197 D DhcpInfoInternal: makeLinkProperties with empty dns2!
06-11 22:36:41.242   142   197 D DhcpInfoInternal: makeLinkProperties with empty dns2!
06-11 22:37:00.738   142 12773 I AudioService:   Remote Control   registerMediaButtonIntent() for PendingIntent{418ccb10: PendingIntentRecord{41582ea8 com.spotify.mobile.android.ui broadcastIntent}}
06-11 22:37:00.894 12941 12941 D dalvikvm: GC_FOR_ALLOC freed 1482K, 35% free 12730K/19399K, paused 78ms
06-11 22:37:01.043 12941 12943 D dalvikvm: GC_CONCURRENT freed 1040K, 34% free 12863K/19399K, paused 3ms+13ms
06-11 22:37:02.027 12941 14912 W AudioTrack: obtainBuffer() track 0xa7d1b0 disabled, restarting
06-11 22:37:03.562   142   145 D dalvikvm: GC_CONCURRENT freed 590K, 23% free 18117K/23239K, paused 6ms+6ms
06-11 22:37:30.035 10558 10561 D dalvikvm: GC_CONCURRENT freed 500K, 8% free 10309K/11143K, paused 1ms+7ms
06-11 22:38:09.027 13235 13248 I PhoneLab-: Service Running
06-11 22:38:09.097 13235 13248 I PhoneLab-LoggerService: app_38    1106  1     1260   820   c00f181c 400107b4 S logcat
06-11 22:38:09.097 13235 13248 I PhoneLab-LoggerService: Logcat pid from database 1106
06-11 22:38:09.097 13235 13248 I PhoneLab-LoggerService: Logcat process found 1106
06-11 22:38:09.097 13235 13248 I PhoneLab-LoggerService: Checking Threshold
06-11 22:38:09.097 13235 13248 I PhoneLab-LoggerService: Starting to rename files
06-11 22:38:09.101 13235 13248 I PhoneLab-LoggerService: Files found .. 2
06-11 22:38:29.988 14723 14725 D dalvikvm: GC_CONCURRENT freed 494K, 6% free 10213K/10823K, paused 4ms+4ms
06-11 22:39:05.590   142   918 I ActivityManager: Process com.google.android.apps.maps (pid 14152) has died.
06-11 22:39:05.722 13638 13638 D dalvikvm: GC_EXPLICIT freed 115K, 6% free 10601K/11271K, paused 12ms+8ms
06-11 22:39:05.886   142   197 D DhcpInfoInternal: makeLinkProperties with empty dns2!
06-11 22:39:05.886   142   197 D DhcpInfoInternal: makeLinkProperties with empty dns2!
06-11 22:39:30.113 10558 10561 D dalvikvm: GC_CONCURRENT freed 532K, 8% free 10275K/11143K, paused 2ms+4ms
06-11 22:39:51.117   959   961 D dalvikvm: GC_CONCURRENT freed 439K, 27% free 10721K/14663K, paused 2ms+8ms
06-11 22:40:08.508 12941 12941 D dalvikvm: GC_FOR_ALLOC freed 769K, 36% free 12600K/19399K, paused 38ms
06-11 22:40:08.547   142 12773 I AudioService:   Remote Control   registerMediaButtonIntent() for PendingIntent{41a0e6e8: PendingIntentRecord{41582ea8 com.spotify.mobile.android.ui broadcastIntent}}
06-11 22:40:08.625 12941 12941 D dalvikvm: GC_FOR_ALLOC freed 854K, 35% free 12708K/19399K, paused 54ms
06-11 22:40:08.699   213   215 D dalvikvm: GC_CONCURRENT freed 601K, 33% free 10211K/15239K, paused 5ms+7ms
06-11 22:40:09.023 13235 13248 I PhoneLab-: Service Running
06-11 22:40:09.097 13235 13248 I PhoneLab-LoggerService: app_38    1106  1     1260   820   c00f181c 400107b4 S logcat
06-11 22:40:09.097 13235 13248 I PhoneLab-LoggerService: Logcat pid from database 1106
06-11 22:40:09.097 13235 13248 I PhoneLab-LoggerService: Logcat process found 1106
06-11 22:40:09.097 13235 13248 I PhoneLab-LoggerService: Checking Threshold
06-11 22:40:09.101 13235 13248 I PhoneLab-LoggerService: Starting to rename files
06-11 22:40:09.101 13235 13248 I PhoneLab-LoggerService: Files found .. 2
06-11 22:40:09.812 12941 12943 D dalvikvm: GC_CONCURRENT freed 1021K, 34% free 12865K/19399K, paused 4ms+5ms
06-11 22:40:10.484 12941 14945 W AudioTrack: obtainBuffer() track 0xa7d1b0 disabled, restarting
06-11 22:40:26.867   142   145 D dalvikvm: GC_CONCURRENT freed 1752K, 22% free 18287K/23239K, paused 56ms+16ms
06-11 22:40:30.093 14723 14725 D dalvikvm: GC_CONCURRENT freed 489K, 6% free 10218K/10823K, paused 2ms+2ms
06-11 22:41:30.304 10558 10561 D dalvikvm: GC_CONCURRENT freed 482K, 8% free 10304K/11143K, paused 8ms+12ms
06-11 22:42:00.226   142 11333 E DhcpStateMachine: DHCP failed on wlan0: Timed out waiting for DHCP Renew to finish
06-11 22:42:00.453   142   197 E WifiStateMachine: IP configuration failed
06-11 22:42:00.492 11024 11024 I wpa_supplicant: wlan0: CTRL-EVENT-DISCONNECTED bssid=00:00:00:00:00:00 reason=0
06-11 22:42:00.515    76   116 D CommandListener: Clearing all IP addresses on wlan0
06-11 22:42:00.539   142   199 D ConnectivityService: ConnectivityChange for WIFI: DISCONNECTED/DISCONNECTED
06-11 22:42:00.601   142   199 D ConnectivityService: Attempting to switch to mobile
06-11 22:42:00.687   142   199 D ConnectivityService: Attempting to switch to WIMAX
06-11 22:42:00.687   142   199 D ConnectivityService: Attempting to switch to BLUETOOTH_TETHER
06-11 22:42:00.687   142   199 E ConnectivityService: Exception trying to remove a route: java.lang.IllegalStateException: Unable to communicate with native dameon to add routes - com.android.server.NativeDaemonConnectorException: Cmd {interface route remove wlan0 default 192.168.0.1 32 0.0.0.0} failed with code 400 : {Failed to remove route from default table (No such process)}
06-11 22:42:00.691   142   199 D NetUtils: android_net_utils_resetConnections in env=0x658290 clazz=0xd7000001 iface=wlan0 mask=0x3
06-11 22:42:00.691   142   199 E ConnectivityService: Exception trying to remove a route: java.lang.IllegalStateException: Unable to communicate with native dameon to add routes - com.android.server.NativeDaemonConnectorException: Cmd {interface route remove wlan0 default 0.0.0.0 0 192.168.0.1} failed with code 400 : {Failed to remove route from default table (No such process)}
06-11 22:42:00.691   142   199 D ConnectivityService: resetConnections(wlan0, 3)
06-11 22:42:00.738   142   199 D ConnectivityService: ConnectivityChange for WIMAX: DISCONNECTED/SCANNING
06-11 22:42:00.754   142   199 D ConnectivityService: Attempting to switch to mobile
06-11 22:42:00.754   142   199 D ConnectivityService: Attempting to switch to WIFI
06-11 22:42:00.754   142   199 D ConnectivityService: Attempting to switch to BLUETOOTH_TETHER
06-11 22:42:00.855  9452 11363 W Smack/Packet: notify conn break (IOEx), close connection
06-11 22:42:00.996 11024 11024 I wpa_supplicant: wlan0: Trying to associate with 94:44:52:17:be:7d (SSID='raikiri' freq=2437 MHz)
06-11 22:42:01.015   142   145 D dalvikvm: GC_CONCURRENT freed 1805K, 21% free 18420K/23239K, paused 7ms+18ms
06-11 22:42:01.027 11024 11024 I wpa_supplicant: wlan0: Associated with 94:44:52:17:be:7d
06-11 22:42:01.058 11024 11024 I wpa_supplicant: wlan0: WPA: Key negotiation completed with 94:44:52:17:be:7d [PTK=CCMP GTK=CCMP]
06-11 22:42:01.058 11024 11024 I wpa_supplicant: wlan0: CTRL-EVENT-CONNECTED - Connection to 94:44:52:17:be:7d completed (reauth) [id=1 id_str=]
06-11 22:42:01.199  9452 11363 I qtaguid : Failed write_ctrl(u 78) res=-1 errno=22
06-11 22:42:01.199  9452 11363 I qtaguid : Untagging socket 78 failed errno=-22
06-11 22:42:01.199  9452 11363 W NetworkManagementSocketTagger: untagSocket(78) failed with errno -22
06-11 22:42:01.211   142   199 D ConnectivityService: handleInetConditionChange: no active default network - ignore
06-11 22:42:02.031   142   197 D DhcpInfoInternal: makeLinkProperties with empty dns2!
06-11 22:42:02.031   142   197 D DhcpInfoInternal: makeLinkProperties with empty dns2!
06-11 22:42:02.035   142   199 D ConnectivityService: ConnectivityChange for WIFI: CONNECTED/CONNECTED
06-11 22:42:02.050 13235 13235 I PhoneLab-WiFiReceiver: Wi-Fi is connected!
06-11 22:42:02.070   142   194 W NetworkStats: dropping UID delta from unknown iface: iface=wlan0 uid=0 set=DEFAULT tag=0x0 rxBytes=328 rxPackets=1 txBytes=216 txPackets=3 operations=0
06-11 22:42:02.078 13235 13235 I PhoneLab-WiFiReceiver: SSID: raikiri BSSID: 94:44:52:17:be:7d RSSI: -200 LinkSpeed: -1
06-11 22:42:02.078 13235 13235 I PhoneLab-Locks: wake lock acquired
06-11 22:42:02.082 13235 13235 I PhoneLab-UploadLogs: Transfering log files now
06-11 22:42:02.242 13235 13237 D dalvikvm: GC_CONCURRENT freed 430K, 6% free 9219K/9735K, paused 2ms+2ms
06-11 22:42:02.386 13235 13235 D dalvikvm: GC_FOR_ALLOC freed 213K, 6% free 9274K/9863K, paused 48ms
06-11 22:42:02.390 13235 13235 I dalvikvm-heap: Grow heap (frag case) to 9.368MB for 254548-byte allocation
06-11 22:42:02.425 13235 13235 D dalvikvm: GC_FOR_ALLOC freed 120K, 8% free 9402K/10119K, paused 29ms
06-11 22:42:02.429 13235 13235 I dalvikvm-heap: Grow heap (frag case) to 9.743MB for 516692-byte allocation
06-11 22:42:02.461 13235 13237 D dalvikvm: GC_CONCURRENT freed 248K, 10% free 9658K/10631K, paused 1ms+2ms
06-11 22:42:02.488 13235 13235 I PhoneLab-UploadLogs: OnStartCommand
06-11 22:42:03.035   142   199 D ConnectivityService: NetTransition Wakelock for WifiStateMachine released by timeout
06-11 22:42:03.269 13235 14978 D dalvikvm: GC_FOR_ALLOC freed 382K, 10% free 9643K/10631K, paused 27ms
06-11 22:42:03.308 13235 14978 D dalvikvm: GC_FOR_ALLOC freed 301K, 10% free 9643K/10631K, paused 39ms
06-11 22:42:03.336 13235 14978 D dalvikvm: GC_FOR_ALLOC freed 301K, 10% free 9649K/10631K, paused 23ms
06-11 22:42:03.765   142   203 D Tethering: MasterInitialState.processMessage what=3
06-11 22:42:03.890   142   159 I ActivityManager: Start proc android.process.media for broadcast com.android.providers.downloads/.DownloadReceiver: pid=14979 uid=10012 gids={1015, 1023, 1024, 2001, 3003, 3007}
06-11 22:42:03.902   142   203 D Tethering: MasterInitialState.processMessage what=3
06-11 22:42:03.929    80    80 D dalvikvm: GC_EXPLICIT freed 38K, 4% free 9031K/9347K, paused 8ms+2ms
06-11 22:42:03.965    80    80 D dalvikvm: GC_EXPLICIT freed <1K, 4% free 9031K/9347K, paused 2ms+10ms
06-11 22:42:04.015    80    80 D dalvikvm: GC_EXPLICIT freed <1K, 4% free 9031K/9347K, paused 1ms+25ms
06-11 22:42:04.101  9452  9452 I GTalkService/c: [AndroidEndpoint@1094162832] connect: acct=1000000, state=CONNECTING
06-11 22:42:04.105  9452  9452 I GTalkService/c: [GTalkConnection@1094482296] connect: acct=1, state=CONNECTING
06-11 22:42:04.172 14979 14979 I ActivityThread: Pub downloads: com.android.providers.downloads.DownloadProvider
06-11 22:42:04.226 14979 14979 I ActivityThread: Pub drm: com.android.providers.drm.DrmProvider
06-11 22:42:04.230 14979 14993 I DownloadManager: in removeSpuriousFiles
06-11 22:42:04.277 14979 14979 I ActivityThread: Pub media: com.android.providers.media.MediaProvider
06-11 22:42:04.570   142   368 D dalvikvm: GC_EXPLICIT freed 859K, 23% free 17959K/23239K, paused 3ms+7ms
06-11 22:42:04.574 14979 14993 I DownloadManager: deleting spurious file /cache/backup
06-11 22:42:04.644 14979 14981 D dalvikvm: GC_CONCURRENT freed 370K, 5% free 9165K/9607K, paused 2ms+6ms
06-11 22:42:04.824   142   368 I ActivityManager: Start proc com.google.android.apps.uploader for broadcast com.google.android.apps.uploader/.ConnectivityBroadcastReceiver: pid=14998 uid=10031 gids={3003}
06-11 22:42:04.855 14998 14998 I dalvikvm: Turning on JNI app bug workarounds for target SDK version 11...
06-11 22:42:04.918  9452  9454 D dalvikvm: GC_CONCURRENT freed 435K, 7% free 10203K/10887K, paused 4ms+61ms
06-11 22:42:04.937   142   366 I ActivityManager: Process com.google.android.apps.googlevoice (pid 14328) has died.
06-11 22:42:04.937   142   366 W ActivityManager: Scheduling restart of crashed service com.google.android.apps.googlevoice/.UpdateService in 5000ms
06-11 22:42:04.937   142   366 W ActivityManager: Scheduling restart of crashed service com.google.android.apps.googlevoice/.CallLogService in 15000ms
06-11 22:42:04.972 14998 14998 I ActivityThread: Pub com.google.android.apps.uploader: com.google.android.apps.uploader.UploadsContentProvider
06-11 22:42:04.972 14998 14998 I ActivityThread: Pub com.google.photos.provider.Album: com.google.android.apps.uploader.clients.picasa.AlbumProvider
06-11 22:42:04.992 14998 14998 D MediaUploader: UploaderApplication.onCreate
06-11 22:42:05.074   142   203 D Tethering: MasterInitialState.processMessage what=3
06-11 22:42:05.175 14998 14998 D MediaUploader: nonWifiLimit=20971520, default=20971520
06-11 22:42:05.179 14998 14998 I MediaUploader: No need to wake up
06-11 22:42:05.226 13235 13235 I PhoneLab-WiFiReceiver: Wi-Fi is disconnected!
06-11 22:42:05.242   142   370 I ActivityManager: Start proc com.google.android.apps.plus for broadcast com.google.android.apps.plus/com.google.android.picasasync.ConnectivityReceiver: pid=15015 uid=10058 gids={3003, 3002, 1015, 1006}
06-11 22:42:05.550 15015 15017 D dalvikvm: GC_CONCURRENT freed 152K, 3% free 9384K/9607K, paused 2ms+4ms
06-11 22:42:05.593   342 30317 D dalvikvm: GC_EXPLICIT freed 672K, 16% free 12072K/14343K, paused 33ms+16ms
06-11 22:42:05.675 15015 15015 I ActivityThread: Pub com.google.android.apps.plus.content.ApiProvider: com.google.android.apps.plus.content.EsApiProvider
06-11 22:42:05.703 15015 15015 I ActivityThread: Pub com.google.android.apps.plus.content.EsGooglePhotoProvider: com.google.android.picasasync.PicasaContentProvider
06-11 22:42:05.883 15015 15015 I ActivityThread: Pub com.google.android.apps.plus.content.EsPicasaStoreProvider: com.google.android.picasastore.PicasaPhotoContentProvider
06-11 22:42:05.894 15015 15017 D dalvikvm: GC_CONCURRENT freed 482K, 6% free 9433K/9991K, paused 1ms+2ms
06-11 22:42:05.902 15015 15015 I ActivityThread: Pub com.google.plus.platform: com.google.android.apps.plus.content.AdsProvider
06-11 22:42:05.902 15015 15015 I ActivityThread: Pub com.google.android.apps.plus.iu.EsGoogleIuProvider: com.google.android.apps.plus.iu.InstantUploadProvider
06-11 22:42:05.957 15015 15015 I ActivityThread: Pub com.google.android.apps.plus.content.EsProvider: com.google.android.apps.plus.content.EsProvider
06-11 22:42:06.047 15015 15017 D dalvikvm: GC_CONCURRENT freed 415K, 6% free 9549K/10055K, paused 6ms+3ms
06-11 22:42:06.082 15015 15029 D PicasaPhotoCP: set fsid first time:-1
06-11 22:42:06.297   142   922 I ActivityManager: Start proc com.google.android.apps.docs for broadcast com.google.android.apps.docs/.receivers.NetworkChangeReceiver: pid=15035 uid=10069 gids={3003, 1015, 1006}
06-11 22:42:06.383 15015 15033 D PicasaSync: sync account database
06-11 22:42:06.550 15035 15035 I ActivityThread: Pub com.google.android.apps.docs.files: com.google.android.apps.docs.sync.filemanager.FileProvider
06-11 22:42:06.562 15035 15035 I ActivityThread: Pub com.google.android.apps.docs.doclist.search_suggest: com.google.android.apps.docs.doclist.DocListGlobalSearchSuggestionProvider
06-11 22:42:06.562   142   142 I ActivityManager: Process android.process.acore (pid 12441) has died.
06-11 22:42:06.644   142   294 D CountryDetector: No listener is left
06-11 22:42:06.675 15035 15035 V /ContextScope.java:112: 22:42:06.634 main Contexts in the main scope map after inserting com.google.android.apps.docs.editors.EditorsApplication@41344fa8: com.google.android.apps.docs.editors.EditorsApplication@41344fa8
06-11 22:42:06.683 15015 15033 D PicasaSync: accounts in DB=1
06-11 22:42:06.750 15015 15017 D dalvikvm: GC_CONCURRENT freed 267K, 4% free 9727K/10119K, paused 53ms+2ms
06-11 22:42:06.816 15035 15039 D dalvikvm: GC_CONCURRENT freed 229K, 4% free 9307K/9607K, paused 2ms+3ms
06-11 22:42:06.843 15015 15033 D PicasaSyncManager: active network: NetworkInfo: type: WIFI[], state: CONNECTED/CONNECTED, reason: (unspecified), extra: (none), roaming: false, failover: false, isAvailable: true
06-11 22:42:06.847 15015 15033 D PicasaSyncManager: background data: true
06-11 22:42:07.086 15035 15039 D dalvikvm: GC_CONCURRENT freed 518K, 6% free 9337K/9927K, paused 2ms+3ms
06-11 22:42:07.148 15015 15033 D PicasaSyncManager: battery info: true
06-11 22:42:07.199 15035 15039 D dalvikvm: GC_CONCURRENT freed 474K, 6% free 9374K/9927K, paused 2ms+2ms
06-11 22:42:07.332 15035 15039 D dalvikvm: GC_CONCURRENT freed 499K, 6% free 9417K/9991K, paused 1ms+3ms
06-11 22:42:07.453 15035 15039 D dalvikvm: GC_CONCURRENT freed 535K, 7% free 9444K/10055K, paused 1ms+2ms
06-11 22:42:07.558 15035 15039 D dalvikvm: GC_CONCURRENT freed 477K, 6% free 9478K/10055K, paused 2ms+2ms
06-11 22:42:07.679 15035 15039 D dalvikvm: GC_CONCURRENT freed 537K, 7% free 9506K/10119K, paused 1ms+3ms
06-11 22:42:07.761 15015 15017 D dalvikvm: GC_CONCURRENT freed 130K, 3% free 10015K/10247K, paused 2ms+18ms
06-11 22:42:07.824 15035 15039 D dalvikvm: GC_CONCURRENT freed 435K, 6% free 9604K/10119K, paused 2ms+2ms
06-11 22:42:08.004 15035 15039 D dalvikvm: GC_CONCURRENT freed 517K, 6% free 9659K/10247K, paused 2ms+2ms
06-11 22:42:08.172 15015 15030 D dalvikvm: GC_FOR_ALLOC freed 276K, 4% free 10147K/10567K, paused 75ms
06-11 22:42:08.175 15015 15030 I dalvikvm-heap: Grow heap (frag case) to 10.225MB for 260112-byte allocation
06-11 22:42:08.203 15035 15039 D dalvikvm: GC_CONCURRENT freed 434K, 5% free 9777K/10247K, paused 2ms+2ms
06-11 22:42:08.242 15015 15030 D dalvikvm: GC_FOR_ALLOC freed 126K, 6% free 10275K/10823K, paused 66ms
06-11 22:42:08.406 15015 15030 D dalvikvm: GC_FOR_ALLOC freed 311K, 6% free 10212K/10823K, paused 73ms
06-11 22:42:08.418 15035 15039 D dalvikvm: GC_CONCURRENT freed 540K, 6% free 9762K/10375K, paused 2ms+7ms
06-11 22:42:08.617 15015 15030 D dalvikvm: GC_FOR_ALLOC freed 62K, 6% free 10276K/10823K, paused 35ms
06-11 22:42:08.621 15035 15039 D dalvikvm: GC_CONCURRENT freed 506K, 6% free 9767K/10375K, paused 2ms+5ms
06-11 22:42:08.652 15035 15035 D /Ln.java:220: 22:42:08.653 main Configuring Logging, minimum log level is INFO
06-11 22:42:08.664 15015 15030 I dalvikvm-heap: Grow heap (frag case) to 10.352MB for 260112-byte allocation
06-11 22:42:08.711 15035 15035 D DocListDatabase: openHelper points on new database: DocList.db
06-11 22:42:08.711 15035 15035 D DocListDatabase: in openWriteDatabase
06-11 22:42:08.726 15015 15030 D dalvikvm: GC_FOR_ALLOC freed 126K, 7% free 10404K/11079K, paused 63ms
06-11 22:42:08.769 15035 15035 W ND      : Could not load Finalizer in its own class loader. Loading Finalizer in the current class loader instead. As a result, you will not be able to garbage collect this class loader. To support reclaiming this class loader, either resolve the underlying issue, or move Google Collections to your system class path.
06-11 22:42:08.769 15035 15035 W ND      : java.io.FileNotFoundException: com/google/inject/internal/Finalizer.class
06-11 22:42:08.769 15035 15035 W ND      : 	at NE.a(FinalizableReferenceQueue.java:269)
06-11 22:42:08.769 15035 15035 W ND      : 	at NE.a(FinalizableReferenceQueue.java:253)
06-11 22:42:08.769 15035 15035 W ND      : 	at ND.a(FinalizableReferenceQueue.java:175)
06-11 22:42:08.769 15035 15035 W ND      : 	at ND.<clinit>(FinalizableReferenceQueue.java:100)
06-11 22:42:08.769 15035 15035 W ND      : 	at OT.<clinit>(MapMaker.java:787)
06-11 22:42:08.769 15035 15035 W ND      : 	at Ph.<init>(MapMaker.java:946)
06-11 22:42:08.769 15035 15035 W ND      : 	at Pb.a(MapMaker.java:312)
06-11 22:42:08.769 15035 15035 W ND      : 	at OX.a(MapMaker.java:498)
06-11 22:42:08.769 15035 15035 W ND      : 	at OX.a(MapMaker.java:419)
06-11 22:42:08.769 15035 15035 W ND      : 	at Nb.get(CustomConcurrentHashMap.java:2029)
06-11 22:42:08.769 15035 15035 W ND      : 	at MM.a(BytecodeGen.java:149)
06-11 22:42:08.769 15035 15035 W ND      : 	at MM.a(BytecodeGen.java:132)
06-11 22:42:08.769 15035 15035 W ND      : 	at MX.a(ConstructionContext.java:80)
06-11 22:42:08.769 15035 15035 W ND      : 	at KG.a(ConstructorInjector.java:70)
06-11 22:42:08.769 15035 15035 W ND      : 	at KF.a(ConstructorBindingImpl.java:111)
06-11 22:42:08.769 15035 15035 W ND      : 	at LU.a(ProviderToInternalFactoryAdapter.java:45)
06-11 22:42:08.769 15035 15035 W ND      : 	at Li.a(InjectorImpl.java:811)
06-11 22:42:08.769 15035 15035 W ND      : 	at LT.a(ProviderToInternalFactoryAdapter.java:42)
06-11 22:42:08.769 15035 15035 W ND      : 	at Mc.a(Scopes.java:54)
06-11 22:42:08.769 15035 15035 W ND      : 	at Lz.a(InternalFactoryToProviderAdapter.java:48)
06-11 22:42:08.769 15035 15035 W ND      : 	at KR.a(FactoryProxy.java:56)
06-11 22:42:08.769 15035 15035 W ND      : 	at Mi.a(SingleParameterInjector.java:42)
06-11 22:42:08.769 15035 15035 W ND      : 	at Mi.a(SingleParameterInjector.java:66)
06-11 22:42:08.769 15035 15035 W ND      : 	at KG.a(ConstructorInjector.java:84)
06-11 22:42:08.769 15035 15035 W ND      : 	at KF.a(ConstructorBindingImpl.java:111)
06-11 22:42:08.769 15035 15035 W ND      : 	at KR.a(FactoryProxy.java:56)
06-11 22:42:08.769 15035 15035 W ND      : 	at Mi.a(SingleParameterInjector.java:42)
06-11 22:42:08.769 15035 15035 W ND      : 	at Mi.a(SingleParameterInjector.java:66)
06-11 22:42:08.769 15035 15035 W ND      : 	at KG.a(ConstructorInjector.java:84)
06-11 22:42:08.769 15035 15035 W ND      : 	at KF.a(ConstructorBindingImpl.java:111)
06-11 22:42:08.769 15035 15035 W ND      : 	at LU.a(ProviderToInternalFactoryAdapter.java:45)
06-11 22:42:08.769 15035 15035 W ND      : 	at Li.a(InjectorImpl.java:811)
06-11 22:42:08.769 15035 15035 W ND      : 	at LT.a(ProviderToInternalFactoryAdapter.java:42)
06-11 22:42:08.769 15035 15035 W ND      : 	at Mc.a(Scopes.java:54)
06-11 22:42:08.769 15035 15035 W ND      : 	at Lz.a(InternalFactoryToProviderAdapter.java:48)
06-11 22:42:08.769 15035 15035 W ND      : 	at Lg.a(InjectorBuilder.java:200)
06-11 22:42:08.769 15035 15035 W ND      : 	at Lg.a(InjectorBuilder.java:194)
06-11 22:42:08.769 15035 15035 W ND      : 	at Li.a(InjectorImpl.java:804)
06-11 22:42:08.769 15035 15035 W ND      : 	at Lf.a(InjectorBuilder.java:194)
06-11 22:42:08.769 15035 15035 W ND      : 	at Lf.b(InjectorBuilder.java:176)
06-11 22:42:08.769 15035 15035 W ND      : 	at Lf.a(InjectorBuilder.java:113)
06-11 22:42:08.769 15035 15035 W ND      : 	at KS.a(Guice.java:92)
06-11 22:42:08.769 15035 15035 W ND      : 	at roboguice.application.RoboApplication.b(RoboApplication.java:146)
06-11 22:42:08.769 15035 15035 W ND      : 	at roboguice.application.RoboApplication.a(RoboApplication.java:84)
06-11 22:42:08.769 15035 15035 W ND      : 	at com.google.android.apps.docs.GuiceContentProvider.a(GuiceContentProvider.java:36)
06-11 22:42:08.769 15035 15035 W ND      : 	at com.google.android.apps.docs.GuiceContentProvider.onCreate(GuiceContentProvider.java:27)
06-11 22:42:08.769 15035 15035 W ND      : 	at com.google.android.apps.docs.doclist.BaseSearchSuggestionProvider.onCreate(BaseSearchSuggestionProvider.java:88)
06-11 22:42:08.769 15035 15035 W ND      : 	at android.content.ContentProvider.attachInfo(ContentProvider.java:944)
06-11 22:42:08.769 15035 15035 W ND      : 	at android.app.ActivityThread.installProvider(ActivityThread.java:4237)
06-11 22:42:08.769 15035 15035 W ND      : 	at android.app.ActivityThread.installContentProviders(ActivityThread.java:3992)
06-11 22:42:08.769 15035 15035 W ND      : 	at android.app.ActivityThread.handleBindApplication(ActivityThread.java:3946)
06-11 22:42:08.769 15035 15035 W ND      : 	at android.app.ActivityThread.access$1300(ActivityThread.java:123)
06-11 22:42:08.769 15035 15035 W ND      : 	at android.app.ActivityThread$H.handleMessage(ActivityThread.java:1185)
06-11 22:42:08.769 15035 15035 W ND      : 	at android.os.Handler.dispatchMessage(Handler.java:99)
06-11 22:42:08.769 15035 15035 W ND      : 	at android.os.Looper.loop(Looper.java:137)
06-11 22:42:08.769 15035 15035 W ND      : 	at android.app.ActivityThread.main(ActivityThread.java:4424)
06-11 22:42:08.769 15035 15035 W ND      : 	at java.lang.reflect.Method.invokeNative(Native Method)
06-11 22:42:08.769 15035 15035 W ND      : 	at java.lang.reflect.Method.invoke(Method.java:511)
06-11 22:42:08.769 15035 15035 W ND      : 	at com.android.internal.os.ZygoteInit$MethodAndArgsCaller.run(ZygoteInit.java:784)
06-11 22:42:08.769 15035 15035 W ND      : 	at com.android.internal.os.ZygoteInit.main(ZygoteInit.java:551)
06-11 22:42:08.769 15035 15035 W ND      : 	at dalvik.system.NativeStart.main(Native Method)
06-11 22:42:08.824 15035 15035 D dalvikvm: GC_FOR_ALLOC freed 275K, 6% free 9811K/10375K, paused 50ms
06-11 22:42:08.828 15035 15035 I ND      : Failed to start reference finalizer thread. Reference cleanup will only occur when new references are created.
06-11 22:42:08.828 15035 15035 I ND      : java.lang.reflect.InvocationTargetException
06-11 22:42:08.828 15035 15035 I ND      : 	at java.lang.reflect.Method.invokeNative(Native Method)
06-11 22:42:08.828 15035 15035 I ND      : 	at java.lang.reflect.Method.invoke(Method.java:511)
06-11 22:42:08.828 15035 15035 I ND      : 	at ND.<init>(FinalizableReferenceQueue.java:124)
06-11 22:42:08.828 15035 15035 I ND      : 	at OT.<clinit>(MapMaker.java:787)
06-11 22:42:08.828 15035 15035 I ND      : 	at Ph.<init>(MapMaker.java:946)
06-11 22:42:08.828 15035 15035 I ND      : 	at Pb.a(MapMaker.java:312)
06-11 22:42:08.828 15035 15035 I ND      : 	at OX.a(MapMaker.java:498)
06-11 22:42:08.828 15035 15035 I ND      : 	at OX.a(MapMaker.java:419)
06-11 22:42:08.828 15035 15035 I ND      : 	at Nb.get(CustomConcurrentHashMap.java:2029)
06-11 22:42:08.828 15035 15035 I ND      : 	at MM.a(BytecodeGen.java:149)
06-11 22:42:08.828 15035 15035 I ND      : 	at MM.a(BytecodeGen.java:132)
06-11 22:42:08.828 15035 15035 I ND      : 	at MX.a(ConstructionContext.java:80)
06-11 22:42:08.828 15035 15035 I ND      : 	at KG.a(ConstructorInjector.java:70)
06-11 22:42:08.828 15035 15035 I ND      : 	at KF.a(ConstructorBindingImpl.java:111)
06-11 22:42:08.828 15035 15035 I ND      : 	at LU.a(ProviderToInternalFactoryAdapter.java:45)
06-11 22:42:08.828 15035 15035 I ND      : 	at Li.a(InjectorImpl.java:811)
06-11 22:42:08.828 15035 15035 I ND      : 	at LT.a(ProviderToInternalFactoryAdapter.java:42)
06-11 22:42:08.828 15035 15035 I ND      : 	at Mc.a(Scopes.java:54)
06-11 22:42:08.828 15035 15035 I ND      : 	at Lz.a(InternalFactoryToProviderAdapter.java:48)
06-11 22:42:08.828 15035 15035 I ND      : 	at KR.a(FactoryProxy.java:56)
06-11 22:42:08.828 15035 15035 I ND      : 	at Mi.a(SingleParameterInjector.java:42)
06-11 22:42:08.828 15035 15035 I ND      : 	at Mi.a(SingleParameterInjector.java:66)
06-11 22:42:08.828 15035 15035 I ND      : 	at KG.a(ConstructorInjector.java:84)
06-11 22:42:08.828 15035 15035 I ND      : 	at KF.a(ConstructorBindingImpl.java:111)
06-11 22:42:08.828 15035 15035 I ND      : 	at KR.a(FactoryProxy.java:56)
06-11 22:42:08.828 15035 15035 I ND      : 	at Mi.a(SingleParameterInjector.java:42)
06-11 22:42:08.828 15035 15035 I ND      : 	at Mi.a(SingleParameterInjector.java:66)
06-11 22:42:08.828 15035 15035 I ND      : 	at KG.a(ConstructorInjector.java:84)
06-11 22:42:08.828 15035 15035 I ND      : 	at KF.a(ConstructorBindingImpl.java:111)
06-11 22:42:08.828 15035 15035 I ND      : 	at LU.a(ProviderToInternalFactoryAdapter.java:45)
06-11 22:42:08.828 15035 15035 I ND      : 	at Li.a(InjectorImpl.java:811)
06-11 22:42:08.828 15035 15035 I ND      : 	at LT.a(ProviderToInternalFactoryAdapter.java:42)
06-11 22:42:08.828 15035 15035 I ND      : 	at Mc.a(Scopes.java:54)
06-11 22:42:08.828 15035 15035 I ND      : 	at Lz.a(InternalFactoryToProviderAdapter.java:48)
06-11 22:42:08.828 15035 15035 I ND      : 	at Lg.a(InjectorBuilder.java:200)
06-11 22:42:08.828 15035 15035 I ND      : 	at Lg.a(InjectorBuilder.java:194)
06-11 22:42:08.828 15035 15035 I ND      : 	at Li.a(InjectorImpl.java:804)
06-11 22:42:08.828 15035 15035 I ND      : 	at Lf.a(InjectorBuilder.java:194)
06-11 22:42:08.828 15035 15035 I ND      : 	at Lf.b(InjectorBuilder.java:176)
06-11 22:42:08.828 15035 15035 I ND      : 	at Lf.a(InjectorBuilder.java:113)
06-11 22:42:08.828 15035 15035 I ND      : 	at KS.a(Guice.java:92)
06-11 22:42:08.828 15035 15035 I ND      : 	at roboguice.application.RoboApplication.b(RoboApplication.java:146)
06-11 22:42:08.828 15035 15035 I ND      : 	at roboguice.application.RoboApplication.a(RoboApplication.java:84)
06-11 22:42:08.828 15035 15035 I ND      : 	at com.google.android.apps.docs.GuiceContentProvider.a(GuiceContentProvider.java:36)
06-11 22:42:08.828 15035 15035 I ND      : 	at com.google.android.apps.docs.GuiceContentProvider.onCreate(GuiceContentProvider.java:27)
06-11 22:42:08.828 15035 15035 I ND      : 	at com.google.android.apps.docs.doclist.BaseSearchSuggestionProvider.onCreate(BaseSearchSuggestionProvider.java:88)
06-11 22:42:08.828 15035 15035 I ND      : 	at android.content.ContentProvider.attachInfo(ContentProvider.java:944)
06-11 22:42:08.828 15035 15035 I ND      : 	at android.app.ActivityThread.installProvider(ActivityThread.java:4237)
06-11 22:42:08.828 15035 15035 I ND      : 	at android.app.ActivityThread.installContentProviders(ActivityThread.java:3992)
06-11 22:42:08.828 15035 15035 I ND      : 	at android.app.ActivityThread.handleBindApplication(ActivityThread.java:3946)
06-11 22:42:08.828 15035 15035 I ND      : 	at android.app.ActivityThread.access$1300(ActivityThread.java:123)
06-11 22:42:08.828 15035 15035 I ND      : 	at android.app.ActivityThread$H.handleMessage(ActivityThread.java:1185)
06-11 22:42:08.828 15035 15035 I ND      : 	at android.os.Handler.dispatchMessage(Handler.java:99)
06-11 22:42:08.828 15035 15035 I ND      : 	at android.os.Looper.loop(Looper.java:137)
06-11 22:42:08.828 15035 15035 I ND      : 	at android.app.ActivityThread.main(ActivityThread.java:4424)
06-11 22:42:08.828 15035 15035 I ND      : 	at java.lang.reflect.Method.invokeNative(Native Method)
06-11 22:42:08.828 15035 15035 I ND      : 	at java.lang.reflect.Method.invoke(Method.java:511)
06-11 22:42:08.828 15035 15035 I ND      : 	at com.android.internal.os.ZygoteInit$MethodAndArgsCaller.run(ZygoteInit.java:784)
06-11 22:42:08.828 15035 15035 I ND      : 	at com.android.internal.os.ZygoteInit.main(ZygoteInit.java:551)
06-11 22:42:08.828 15035 15035 I ND      : 	at dalvik.system.NativeStart.main(Native Method)
06-11 22:42:08.828 15035 15035 I ND      : Caused by: java.lang.IllegalArgumentException: Expected com.google.inject.internal.FinalizableReference.
06-11 22:42:08.828 15035 15035 I ND      : 	at NK.startFinalizer(Finalizer.java:77)
06-11 22:42:08.828 15035 15035 I ND      : 	... 60 more
06-11 22:42:08.898 15035 15035 I ActivityThread: Pub com.google.android.apps.docs.doclist.account_suggest: com.google.android.apps.docs.doclist.DocListAccountSuggestionProvider
06-11 22:42:08.918 15035 15035 I ActivityThread: Pub com.google.android.apps.docs: com.google.android.apps.docs.providers.DocListProvider
06-11 22:42:08.953 15015 15030 D dalvikvm: GC_FOR_ALLOC freed 369K, 7% free 10404K/11079K, paused 79ms
06-11 22:42:09.031 15015 15030 D dalvikvm: GC_FOR_ALLOC freed 126K, 5% free 10532K/11079K, paused 71ms
06-11 22:42:09.062 13235 13248 I PhoneLab-: Service Running
06-11 22:42:09.093 14998 14998 I MediaUploader: No need to wake up
06-11 22:42:09.195 15015 15033 D PicasaSyncManager: active network: NetworkInfo: type: WIFI[], state: CONNECTED/CONNECTED, reason: (unspecified), extra: (none), roaming: false, failover: false, isAvailable: true
06-11 22:42:09.199 15015 15033 D PicasaSyncManager: background data: true
06-11 22:42:09.230 14998 14998 I MediaUploader: No need to wake up
06-11 22:42:09.300 15015 15033 D PicasaSyncManager: active network: NetworkInfo: type: WIFI[], state: CONNECTED/CONNECTED, reason: (unspecified), extra: (none), roaming: false, failover: false, isAvailable: true
06-11 22:42:09.304 15015 15033 D PicasaSyncManager: background data: true
06-11 22:42:09.363 15035 15039 D dalvikvm: GC_CONCURRENT freed 448K, 6% free 9892K/10439K, paused 2ms+12ms
06-11 22:42:09.558 13235 13235 I PhoneLab-: 1339468089081.log is deleted
06-11 22:42:09.558 13235 13235 I PhoneLab-: Response: {"data": "done", "err": ""}
06-11 22:42:09.578 13235 13248 I PhoneLab-LoggerService: app_38    1106  1     1260   820   c00f181c 400107b4 S logcat
06-11 22:42:09.578 13235 13235 I PhoneLab-UploadLogs: No log files to transfer
06-11 22:42:09.578 13235 13235 I PhoneLab-Locks: wake lock released
06-11 22:42:09.578 13235 13248 I PhoneLab-LoggerService: Logcat pid from database 1106
06-11 22:42:09.578 13235 13248 I PhoneLab-LoggerService: Logcat process found 1106
06-11 22:42:09.578 13235 13248 I PhoneLab-LoggerService: Checking Threshold
06-11 22:42:09.605 13235 13237 D dalvikvm: GC_CONCURRENT freed 872K, 14% free 9168K/10631K, paused 2ms+4ms
06-11 22:42:09.761 15015 15017 D dalvikvm: GC_CONCURRENT freed 345K, 5% free 10631K/11079K, paused 1ms+2ms
06-11 22:42:09.883 15015 15017 D dalvikvm: GC_CONCURRENT freed 100K, 2% free 10985K/11207K, paused 2ms+2ms
06-11 22:42:09.953   142   159 I ActivityManager: Start proc com.google.android.apps.googlevoice for service com.google.android.apps.googlevoice/.UpdateService: pid=15062 uid=10056 gids={3003, 1015}
06-11 22:42:10.234 15015 15017 D dalvikvm: GC_CONCURRENT freed 222K, 3% free 11306K/11655K, paused 2ms+45ms
06-11 22:42:10.347 15062 15065 D dalvikvm: GC_CONCURRENT freed 246K, 4% free 9289K/9607K, paused 2ms+29ms
06-11 22:42:10.441   142   370 I ActivityManager: Start proc android.process.acore for content provider com.android.providers.contacts/.VoicemailContentProvider: pid=15079 uid=10000 gids={3003, 1015}
06-11 22:42:10.500 15079 15079 I ActivityThread: Pub call_log: com.android.providers.contacts.CallLogProvider
06-11 22:42:10.547 15079 15079 I ActivityThread: Pub com.android.voicemail: com.android.providers.contacts.VoicemailContentProvider
06-11 22:42:10.550 15079 15079 I ActivityThread: Pub user_dictionary: com.android.providers.userdictionary.UserDictionaryProvider
06-11 22:42:10.578 15079 15079 I ActivityThread: Pub com.android.social: com.android.providers.contacts.SocialProvider
06-11 22:42:10.578 15079 15079 I ActivityThread: Pub applications: com.android.providers.applications.ApplicationsProvider
06-11 22:42:10.648   142   916 I ActivityManager: Process com.google.android.maps.mytracks (pid 13667) has died.
06-11 22:42:10.730 15079 15079 I ActivityThread: Pub contacts;com.android.contacts: com.android.providers.contacts.ContactsProvider2
06-11 22:42:10.785 15079 15081 D dalvikvm: GC_CONCURRENT freed 330K, 5% free 9153K/9607K, paused 14ms+1ms
06-11 22:42:11.078 15015 15017 D dalvikvm: GC_CONCURRENT freed 307K, 4% free 11687K/12103K, paused 11ms+2ms
06-11 22:42:11.375   142   602 I ActivityManager: Process com.twitter.android (pid 13167) has died.
06-11 22:42:11.590 15062 15065 D dalvikvm: GC_CONCURRENT freed 427K, 6% free 9420K/9927K, paused 56ms+3ms
06-11 22:42:11.675 15062 15071 W CursorWrapperInner: Cursor finalized without prior close()
06-11 22:42:11.675 15062 15071 W CursorWrapperInner: Cursor finalized without prior close()
06-11 22:42:11.675 15062 15071 W CursorWrapperInner: Cursor finalized without prior close()
06-11 22:42:11.761   142   199 D ConnectivityService: ConnectivityChange for mobile: CONNECTED/CONNECTED
06-11 22:42:11.789   142   199 D ConnectivityService: ConnectivityChange for mobile: DISCONNECTED/DISCONNECTED
06-11 22:42:11.789   142   199 D ConnectivityService: Attempting to switch to WIFI
06-11 22:42:11.832 13638 13641 D dalvikvm: GC_CONCURRENT freed 333K, 5% free 10711K/11271K, paused 30ms+44ms
06-11 22:42:11.836   142   199 D ConnectivityService: Attempting to switch to WIMAX
06-11 22:42:11.843   142   199 D NetUtils: android_net_utils_resetConnections in env=0x658290 clazz=0xf0800001 iface=rmnet0 mask=0x3
06-11 22:42:11.843   142   199 D ConnectivityService: Attempting to switch to BLUETOOTH_TETHER
06-11 22:42:11.843   142   199 D ConnectivityService: resetConnections(rmnet0, 3)
06-11 22:42:12.047   142   917 D CountryDetector: The first listener is added
06-11 22:42:12.238 15079 15081 D dalvikvm: GC_CONCURRENT freed 273K, 4% free 9455K/9799K, paused 3ms+32ms
06-11 22:42:12.633   142   370 D dalvikvm: GC_EXPLICIT freed 1777K, 23% free 18091K/23239K, paused 3ms+14ms
06-11 22:42:12.761   142   199 D ConnectivityService: handleInetConditionHoldEnd: net=1, condition=100, published condition=0
06-11 22:42:13.418 15079 15081 D dalvikvm: GC_CONCURRENT freed 177K, 3% free 9724K/9991K, paused 3ms+3ms
06-11 22:42:13.804 15062 15065 D dalvikvm: GC_CONCURRENT freed 321K, 5% free 9590K/10055K, paused 2ms+2ms
06-11 22:42:14.101 15079 15081 D dalvikvm: GC_CONCURRENT freed 338K, 4% free 9901K/10311K, paused 3ms+5ms
06-11 22:42:14.558 15079 15090 D dalvikvm: GC_EXPLICIT freed 421K, 6% free 9888K/10439K, paused 1ms+4ms
06-11 22:42:14.933   142   203 D Tethering: MasterInitialState.processMessage what=3
06-11 22:42:14.988   142   203 D Tethering: MasterInitialState.processMessage what=3
06-11 22:42:15.086  9452  9454 D dalvikvm: GC_CONCURRENT freed 414K, 7% free 10229K/10887K, paused 6ms+3ms
06-11 22:42:15.133 14998 14998 I MediaUploader: No need to wake up
06-11 22:42:15.238 15015 15033 D PicasaSyncManager: active network: NetworkInfo: type: WIFI[], state: CONNECTED/CONNECTED, reason: (unspecified), extra: (none), roaming: false, failover: false, isAvailable: true
06-11 22:42:15.246 15015 15033 D PicasaSyncManager: background data: true
06-11 22:42:15.484   142   199 D ConnectivityService: handleInetConditionHoldEnd: net=1, condition=100, published condition=100
06-11 22:42:15.539 14998 14998 I MediaUploader: No need to wake up
06-11 22:42:15.629 15015 15033 D PicasaSyncManager: active network: NetworkInfo: type: WIFI[], state: CONNECTED/CONNECTED, reason: (unspecified), extra: (none), roaming: false, failover: false, isAvailable: true
06-11 22:42:15.633 15015 15033 D PicasaSyncManager: background data: true
06-11 22:42:15.886 15062 15104 D dalvikvm: GC_FOR_ALLOC freed 134K, 5% free 9719K/10183K, paused 32ms
06-11 22:42:16.004 15079 15095 D PhotoStore: cleanup removing 2 entries
06-11 22:42:16.293   142   159 I ActivityManager: Start proc com.google.android.talk for broadcast com.google.android.talk/.ConnectionStateOnlineReceiver: pid=15120 uid=10047 gids={3003, 1015, 1006, 3002}
06-11 22:42:17.504 15120 15120 I ActivityThread: Pub com.google.android.talk.SuggestionProvider: com.google.android.talk.SuggestionsProvider
06-11 22:42:17.828 15120 15120 D vclib:CallStateClient: startListening
06-11 22:42:17.851 15120 15121 D dalvikvm: GC_CONCURRENT freed 162K, 3% free 9331K/9607K, paused 10ms+5ms
06-11 22:42:18.191  9452  9487 D dalvikvm: GC_EXPLICIT freed 194K, 7% free 10194K/10887K, paused 2ms+142ms
06-11 22:42:18.203  9452 10801 I EventLogService: Aggregate from 1339467137430 (log), 1339467137430 (data)
06-11 22:42:19.117   142 12773 D dalvikvm: GC_EXPLICIT freed 651K, 23% free 18009K/23239K, paused 18ms+7ms
06-11 22:42:20.242 15015 15017 D dalvikvm: GC_CONCURRENT freed 734K, 7% free 11755K/12615K, paused 2ms+3ms
06-11 22:42:20.851 13638 15143 W Gmail   : Successful index run, cancel next scheduled index run
06-11 22:42:26.101 15015 15017 D dalvikvm: GC_CONCURRENT freed 562K, 6% free 12004K/12679K, paused 2ms+6ms
06-11 22:42:29.047 14723 14725 D dalvikvm: GC_CONCURRENT freed 503K, 6% free 10222K/10823K, paused 9ms+8ms
06-11 22:42:33.640 15015 15017 D dalvikvm: GC_CONCURRENT freed 997K, 9% free 11950K/13063K, paused 13ms+3ms
06-11 22:42:34.629 12941 12943 D dalvikvm: GC_CONCURRENT freed 1071K, 34% free 12953K/19399K, paused 10ms+5ms
06-11 22:42:42.465 15015 15017 D dalvikvm: GC_CONCURRENT freed 824K, 9% free 12014K/13063K, paused 5ms+3ms
06-11 22:42:43.675 15015 15017 D dalvikvm: GC_CONCURRENT freed 842K, 8% free 12112K/13063K, paused 3ms+4ms
06-11 22:42:49.484 15015 15017 D dalvikvm: GC_CONCURRENT freed 852K, 8% free 12245K/13191K, paused 2ms+3ms
06-11 22:42:50.500 15079 15081 D dalvikvm: GC_CONCURRENT freed 499K, 7% free 9807K/10439K, paused 8ms+12ms
06-11 22:42:52.914 15079 15081 D dalvikvm: GC_CONCURRENT freed 383K, 7% free 9809K/10439K, paused 16ms+8ms
06-11 22:42:53.468 14858 14860 D dalvikvm: GC_CONCURRENT freed 612K, 7% free 9949K/10695K, paused 4ms+2ms
06-11 22:42:54.890 15015 15017 D dalvikvm: GC_CONCURRENT freed 868K, 8% free 12382K/13383K, paused 56ms+12ms
06-11 22:43:04.988 15015 15146 D dalvikvm: GC_FOR_ALLOC freed 52K, 7% free 12523K/13383K, paused 111ms
06-11 22:43:05.031 15015 15146 D dalvikvm: GC_FOR_ALLOC freed 333K, 10% free 12520K/13767K, paused 40ms
06-11 22:43:05.031 15015 15146 I dalvikvm-heap: Grow heap (frag case) to 12.619MB for 338724-byte allocation
06-11 22:43:05.082 15015 15146 D dalvikvm: GC_FOR_ALLOC freed 0K, 10% free 12851K/14151K, paused 49ms
06-11 22:43:05.672 15015 15017 D dalvikvm: GC_CONCURRENT freed 762K, 7% free 13277K/14151K, paused 2ms+3ms
06-11 22:43:07.566 15015 15017 D dalvikvm: GC_CONCURRENT freed 1258K, 10% free 13336K/14727K, paused 2ms+3ms
06-11 22:43:10.605 15015 15017 D dalvikvm: GC_CONCURRENT freed 1981K, 15% free 12691K/14791K, paused 2ms+2ms
06-11 22:43:16.695 15079 15081 D dalvikvm: GC_CONCURRENT freed 408K, 7% free 9796K/10439K, paused 6ms+4ms
06-11 22:43:16.812 15015 15154 D dalvikvm: GC_EXPLICIT freed 1491K, 18% free 12190K/14791K, paused 6ms+3ms
06-11 22:43:17.023 15079 15090 D dalvikvm: GC_EXPLICIT freed 144K, 8% free 9692K/10439K, paused 2ms+2ms
06-11 22:43:17.343   142   370 D dalvikvm: GC_EXPLICIT freed 1057K, 22% free 18270K/23239K, paused 13ms+18ms
06-11 22:43:18.429 15079 15081 D dalvikvm: GC_CONCURRENT freed 276K, 7% free 9800K/10439K, paused 6ms+3ms
06-11 22:43:18.535 14858 14860 D dalvikvm: GC_CONCURRENT freed 360K, 7% free 9973K/10695K, paused 2ms+2ms
06-11 22:43:22.691 15079 15081 D dalvikvm: GC_CONCURRENT freed 393K, 7% free 9796K/10439K, paused 5ms+3ms
06-11 22:43:30.402 10558 10561 D dalvikvm: GC_CONCURRENT freed 487K, 8% free 10329K/11143K, paused 11ms+9ms
06-11 22:43:38.140   142   172 I ActivityManager: Start proc com.twitter.android for service com.twitter.android/.client.AppService: pid=15166 uid=10068 gids={3003, 1015}
06-11 22:43:38.187 15166 15166 I dalvikvm: Turning on JNI app bug workarounds for target SDK version 11...
06-11 22:43:38.476   142   294 I ActivityManager: Process com.google.android.apps.maps:FriendService (pid 13797) has died.
06-11 22:43:38.683 15166 15166 I ActivityThread: Pub com.twitter.android.provider.GlobalDatabaseProvider: com.twitter.android.provider.GlobalDatabaseProvider
06-11 22:43:38.699 15166 15166 I ActivityThread: Pub com.twitter.android.provider.TwitterProvider: com.twitter.android.provider.TwitterProvider
06-11 22:43:38.941 15166 15167 D dalvikvm: GC_CONCURRENT freed 188K, 4% free 9289K/9607K, paused 54ms+30ms
06-11 22:43:39.035   142   142 I ActivityManager: Process com.google.android.apps.docs (pid 15035) has died.
06-11 22:43:39.558 15166 15167 D dalvikvm: GC_CONCURRENT freed 225K, 4% free 9506K/9863K, paused 7ms+1ms
06-11 22:43:39.718 15166 15167 D dalvikvm: GC_CONCURRENT freed 293K, 5% free 9635K/10055K, paused 2ms+7ms
06-11 22:43:39.859 15166 15167 D dalvikvm: GC_CONCURRENT freed 300K, 5% free 9760K/10183K, paused 1ms+2ms
06-11 22:43:40.000 15166 15167 D dalvikvm: GC_CONCURRENT freed 300K, 5% free 9891K/10311K, paused 3ms+3ms
06-11 22:43:40.144 15166 15167 D dalvikvm: GC_CONCURRENT freed 301K, 5% free 10017K/10439K, paused 1ms+3ms
06-11 22:43:40.281 15166 15167 D dalvikvm: GC_CONCURRENT freed 305K, 4% free 10153K/10567K, paused 1ms+2ms
06-11 22:43:40.418 15166 15167 D dalvikvm: GC_CONCURRENT freed 299K, 4% free 10278K/10695K, paused 2ms+2ms
06-11 22:43:40.644 15166 15167 D dalvikvm: GC_CONCURRENT freed 484K, 6% free 10221K/10823K, paused 2ms+2ms
06-11 22:43:40.777 15166 15167 D dalvikvm: GC_CONCURRENT freed 331K, 5% free 10299K/10823K, paused 1ms+1ms
06-11 22:43:40.929 15166 15167 D dalvikvm: GC_CONCURRENT freed 331K, 5% free 10390K/10823K, paused 5ms+2ms
06-11 22:43:41.078 15166 15167 D dalvikvm: GC_CONCURRENT freed 361K, 5% free 10476K/10951K, paused 2ms+2ms
06-11 22:43:41.230 15166 15167 D dalvikvm: GC_CONCURRENT freed 354K, 5% free 10560K/11015K, paused 1ms+7ms
06-11 22:43:41.371 15166 15167 D dalvikvm: GC_CONCURRENT freed 331K, 4% free 10642K/11079K, paused 1ms+2ms
06-11 22:43:41.511 15166 15167 D dalvikvm: GC_CONCURRENT freed 372K, 5% free 10731K/11207K, paused 2ms+1ms
06-11 22:43:41.672 15166 15167 D dalvikvm: GC_CONCURRENT freed 402K, 5% free 10825K/11335K, paused 1ms+8ms
06-11 22:43:43.785 15166 15167 D dalvikvm: GC_CONCURRENT freed 333K, 5% free 11004K/11463K, paused 11ms+9ms
06-11 22:43:47.965 15166 15167 D dalvikvm: GC_CONCURRENT freed 448K, 5% free 11195K/11719K, paused 11ms+3ms
06-11 22:43:48.136   142   921 I ActivityManager: Process com.google.android.talk (pid 15120) has died.
06-11 22:43:48.386 14776 14781 D dalvikvm: GC_CONCURRENT freed 309K, 5% free 9163K/9607K, paused 10ms+17ms
06-11 22:43:48.406   142 12773 D dalvikvm: GC_EXPLICIT freed 1221K, 23% free 18066K/23239K, paused 3ms+14ms
06-11 22:44:04.148   959   961 D dalvikvm: GC_CONCURRENT freed 439K, 27% free 10721K/14663K, paused 12ms+9ms
06-11 22:44:06.289   142   602 I ActivityManager: Process edu.buffalo.cse.phonelab.phonelabservices (pid 13235) has died.
06-11 22:44:06.289   142   602 W ActivityManager: Scheduling restart of crashed service edu.buffalo.cse.phonelab.phonelabservices/edu.buffalo.cse.phonelab.datalogger.LoggerService in 5000ms
06-11 22:44:11.328   142   159 I ActivityManager: Start proc edu.buffalo.cse.phonelab.phonelabservices for service edu.buffalo.cse.phonelab.phonelabservices/edu.buffalo.cse.phonelab.datalogger.LoggerService: pid=15187 uid=10038 gids={3003, 1015, 1007, 2001}
06-11 22:44:11.383 15187 15187 I PhoneLab-LoggerService: Start Logger Service
06-11 22:44:11.441 15187 15200 I PhoneLab-: Service Running
06-11 22:44:11.539 15187 15200 I PhoneLab-LoggerService: app_38    1106  1     1260   820   c00f181c 400107b4 S logcat
06-11 22:44:11.539 15187 15200 I PhoneLab-LoggerService: Logcat pid from database 1106
06-11 22:44:11.539 15187 15200 I PhoneLab-LoggerService: Logcat process found 1106
06-11 22:44:11.539 15187 15200 I PhoneLab-LoggerService: Checking Threshold
06-11 22:44:26.914   142   197 D DhcpInfoInternal: makeLinkProperties with empty dns2!
06-11 22:44:26.914   142   197 D DhcpInfoInternal: makeLinkProperties with empty dns2!
06-11 22:44:30.363 14723 14725 D dalvikvm: GC_CONCURRENT freed 495K, 6% free 10223K/10823K, paused 2ms+9ms
06-11 22:45:30.379 10558 10561 D dalvikvm: GC_CONCURRENT freed 551K, 8% free 10290K/11143K, paused 5ms+3ms
06-11 22:45:57.133   142   370 I ActivityManager: Process com.google.android.apps.uploader (pid 14998) has died.
06-11 22:45:57.347 13638 13641 D dalvikvm: GC_CONCURRENT freed 449K, 5% free 10786K/11335K, paused 23ms+11ms
06-11 22:46:11.441 15187 15200 I PhoneLab-: Service Running
06-11 22:46:11.527 15187 15200 I PhoneLab-LoggerService: app_38    1106  1     1260   820   c00f181c 400107b4 S logcat
06-11 22:46:11.531 15187 15200 I PhoneLab-LoggerService: Logcat pid from database 1106
06-11 22:46:11.531 15187 15200 I PhoneLab-LoggerService: Logcat process found 1106
06-11 22:46:11.531 15187 15200 I PhoneLab-LoggerService: Checking Threshold
06-11 22:46:27.125   142   145 D dalvikvm: GC_CONCURRENT freed 1706K, 22% free 18281K/23239K, paused 2ms+14ms
06-11 22:46:30.367 14723 14725 D dalvikvm: GC_CONCURRENT freed 493K, 6% free 10224K/10823K, paused 2ms+3ms
06-11 22:46:51.597   142   197 D DhcpInfoInternal: makeLinkProperties with empty dns2!
06-11 22:46:51.597   142   197 D DhcpInfoInternal: makeLinkProperties with empty dns2!
06-11 22:47:30.468 10558 10561 D dalvikvm: GC_CONCURRENT freed 486K, 8% free 10315K/11143K, paused 9ms+3ms
06-11 22:47:33.957   142   917 I AudioService:   Remote Control   registerMediaButtonIntent() for PendingIntent{41a3ad10: PendingIntentRecord{41582ea8 com.spotify.mobile.android.ui broadcastIntent}}
06-11 22:47:34.121 12941 12941 D dalvikvm: GC_FOR_ALLOC freed 1363K, 35% free 12702K/19399K, paused 49ms
06-11 22:47:36.562 12941 12941 D dalvikvm: GC_FOR_ALLOC freed 276K, 31% free 13476K/19399K, paused 36ms
06-11 22:47:36.574    82   122 D AudioHardware: AudioHardware pcm playback is going to standby.
06-11 22:47:36.574    82   122 D AudioHardware: closePcmOut_l() mPcmOpenCnt: 1
06-11 22:47:39.820 12941 12959 W AudioTrack: obtainBuffer() track 0x95e210 disabled, restarting
06-11 22:47:40.414 12941 15258 W AudioTrack: obtainBuffer() track 0x95e210 disabled, restarting
06-11 22:47:40.886    82   122 D AudioHardware: AudioHardware pcm playback is exiting standby.
06-11 22:47:40.886    82   122 D AudioHardware: openPcmOut_l() mPcmOpenCnt: 0
06-11 22:48:11.437 15187 15200 I PhoneLab-: Service Running
06-11 22:48:11.504 15187 15200 I PhoneLab-LoggerService: app_38    1106  1     1260   820   c00f181c 400107b4 S logcat
06-11 22:48:11.504 15187 15200 I PhoneLab-LoggerService: Logcat pid from database 1106
06-11 22:48:11.504 15187 15200 I PhoneLab-LoggerService: Logcat process found 1106
06-11 22:48:11.504 15187 15200 I PhoneLab-LoggerService: Checking Threshold
06-11 22:48:22.668   959   961 D dalvikvm: GC_CONCURRENT freed 439K, 27% free 10721K/14663K, paused 6ms+4ms
06-11 22:48:30.484 14723 14725 D dalvikvm: GC_CONCURRENT freed 501K, 6% free 10225K/10823K, paused 1ms+2ms
06-11 22:48:35.414 15187 15187 I PhoneLab-Locks: wake lock acquired
06-11 22:48:35.429 15187 15263 I PhoneLab-PeriodicCheckService: User info is synched
06-11 22:48:35.445 15187 15263 I PhoneLab-PeriodicCheckService: Logger Service is running
06-11 22:48:35.449 15187 15187 I PhoneLab-Locks: wake lock acquired
06-11 22:48:35.461 15187 15187 I PhoneLab-StatusMonitor: Status Monitoring is started
06-11 22:48:35.461 15187 15263 I PhoneLab-Locks: wake lock acquired
06-11 22:48:35.500 15187 15263 I PhoneLab-PeriodicCheckService: Rescheduling periodic checking...
06-11 22:48:35.504 15187 15263 I PhoneLab-Locks: wake lock released
06-11 22:48:35.527 15187 15187 E PhoneLab-PhoneLabManifest: java.io.FileNotFoundException: /data/data/edu.buffalo.cse.phonelab.phonelabservices/files/manifest.xml: open failed: ENOENT (No such file or directory)
06-11 22:48:35.582 15187 15187 I PhoneLab-Locks: wake lock released
06-11 22:48:35.586 15187 15187 I PhoneLab-UploadLogs: Transfering log files now
06-11 22:48:35.586 15187 15187 I PhoneLab-UploadLogs: No log files to transfer
06-11 22:48:35.586 15187 15187 I PhoneLab-Locks: wake lock released
06-11 22:48:35.586 15187 15187 I PhoneLab-UploadLogs: OnStartCommand
06-11 22:48:49.207 15166 15167 D dalvikvm: GC_CONCURRENT freed 555K, 6% free 11325K/11975K, paused 6ms+6ms
06-11 22:48:56.258 15166 15167 D dalvikvm: GC_CONCURRENT freed 596K, 6% free 11411K/12103K, paused 14ms+3ms
06-11 22:49:16.496   142   197 D DhcpInfoInternal: makeLinkProperties with empty dns2!
06-11 22:49:16.496   142   197 D DhcpInfoInternal: makeLinkProperties with empty dns2!
06-11 22:49:23.832   142   145 D dalvikvm: GC_CONCURRENT freed 1836K, 21% free 18367K/23239K, paused 4ms+18ms
06-11 22:49:30.593 10558 10561 D dalvikvm: GC_CONCURRENT freed 499K, 8% free 10327K/11143K, paused 1ms+2ms
06-11 22:50:11.437 15187 15200 I PhoneLab-: Service Running
06-11 22:50:11.523 15187 15200 I PhoneLab-LoggerService: app_38    1106  1     1260   820   c00f181c 400107b4 S logcat
06-11 22:50:11.523 15187 15200 I PhoneLab-LoggerService: Logcat pid from database 1106
06-11 22:50:11.523 15187 15200 I PhoneLab-LoggerService: Logcat process found 1106
06-11 22:50:11.523 15187 15200 I PhoneLab-LoggerService: Checking Threshold
06-11 22:50:11.550 15187 15190 D dalvikvm: GC_CONCURRENT freed 374K, 6% free 9100K/9607K, paused 11ms+1ms
06-11 22:50:29.484 14723 14739 D dalvikvm: GC_FOR_ALLOC freed 288K, 6% free 10224K/10823K, paused 37ms
06-11 22:50:29.484 14723 14739 I dalvikvm-heap: Grow heap (frag case) to 10.083MB for 32784-byte allocation
06-11 22:50:29.515 14723 14739 D dalvikvm: GC_FOR_ALLOC freed 5K, 6% free 10250K/10887K, paused 24ms
06-11 22:50:29.754   142   421 I ActivityManager: Process com.google.android.apps.plus (pid 15015) has died.
06-11 22:50:30.535  9452  9454 D dalvikvm: GC_CONCURRENT freed 338K, 6% free 10246K/10887K, paused 7ms+4ms
06-11 22:50:30.730   142   421 D dalvikvm: GC_EXPLICIT freed 991K, 23% free 18112K/23239K, paused 2ms+17ms
06-11 22:50:30.808 14723 14725 D dalvikvm: GC_CONCURRENT freed 419K, 6% free 10343K/10887K, paused 13ms+12ms
06-11 22:50:53.609   142   174 I power   : *** set_screen_state 1
06-11 22:50:53.750   142   174 I WindowManager: Lock screen displayed!
06-11 22:50:53.863    79   118 D SurfaceFlinger: Screen about to return, flinger = 0x1e2b918
06-11 22:50:56.429    85    85 I keystore: uid: 1000 action: p -> 1 state: 1 -> 1 retry: 4
06-11 22:50:56.441   213   213 D PhoneStatusBar: disable: < expand* icons alerts ticker* system_info BACK HOME recent* CLOCK >
06-11 22:50:56.519   142   918 W InputManagerService: Window already focused, ignoring focus gain of: com.android.internal.view.IInputMethodClient$Stub$Proxy@416672c0
06-11 22:50:56.531   213   213 D PhoneStatusBar: disable: < expand icons alerts ticker system_info back* home* recent clock* >
06-11 22:50:57.086  9452  9454 D dalvikvm: GC_CONCURRENT freed 333K, 6% free 10301K/10887K, paused 2ms+4ms
06-11 22:50:57.480   142   178 I ActivityManager: START {act=android.intent.action.MAIN cat=[android.intent.category.HOME] flg=0x10200000 cmp=com.android.launcher/com.android.launcher2.Launcher} from pid 142
06-11 22:50:57.863   142   178 I ActivityManager: START {act=android.intent.action.MAIN cat=[android.intent.category.HOME] flg=0x10200000 cmp=com.android.launcher/com.android.launcher2.Launcher} from pid 142
06-11 22:50:57.918 13638 13638 D OpenGLRenderer: Flushing caches (mode 0)
06-11 22:50:57.972   142   421 W InputManagerService: Starting input on non-focused client com.android.internal.view.IInputMethodClient$Stub$Proxy@419a6098 (uid=10019 pid=13638)
06-11 22:50:58.578 15079 15081 D dalvikvm: GC_CONCURRENT freed 354K, 6% free 9833K/10439K, paused 11ms+6ms
06-11 22:50:59.172 13638 13638 D OpenGLRenderer: Flushing caches (mode 1)
06-11 22:50:59.320 13638 13638 D OpenGLRenderer: Flushing caches (mode 2)
06-11 22:50:59.336 13638 13638 D OpenGLRenderer: Flushing caches (mode 0)
06-11 22:50:59.336 13638 13638 W ManagedEGLContext: doTerminate failed: EGL count is 2 but managed count is 1
06-11 22:50:59.672   142   922 I ActivityManager: START {act=android.intent.action.MAIN cat=[android.intent.category.LAUNCHER] flg=0x10200000 cmp=com.google.android.apps.genie.geniewidget/.activities.NewsActivity bnds=[240,103][360,253]} from pid 1391
06-11 22:50:59.828   142   368 I ActivityManager: Start proc com.google.android.apps.genie.geniewidget for activity com.google.android.apps.genie.geniewidget/.activities.NewsActivity: pid=15296 uid=10018 gids={3003, 1015}
06-11 22:50:59.886 15296 15296 I dalvikvm: Turning on JNI app bug workarounds for target SDK version 11...
06-11 22:50:59.937 14858 14860 D dalvikvm: GC_CONCURRENT freed 395K, 7% free 9974K/10695K, paused 31ms+70ms
06-11 22:50:59.972  1391  1391 D OpenGLRenderer: Flushing caches (mode 1)
06-11 22:50:59.992  1391  1391 D OpenGLRenderer: Flushing caches (mode 0)
06-11 22:51:00.004 15296 15296 I ActivityThread: Pub com.google.android.apps.genie.geniewidget.weather: com.google.android.apps.genie.geniewidget.providers.WeatherProvider
06-11 22:51:00.015 15296 15296 I ActivityThread: Pub com.google.android.apps.genie.geniewidget.newsimage: com.google.android.apps.genie.geniewidget.providers.NewsImageProvider
06-11 22:51:00.316 15296 15298 D dalvikvm: GC_CONCURRENT freed 351K, 5% free 9185K/9607K, paused 134ms+2ms
06-11 22:51:00.332 15296 15305 W CursorWrapperInner: Cursor finalized without prior close()
06-11 22:51:00.351 15296 15296 W Genie   : Cache file not found: java.io.FileNotFoundException: /data/data/com.google.android.apps.genie.geniewidget/cache/genie_iconcache: open failed: ENOENT (No such file or directory)
06-11 22:51:00.355 15296 15305 W CursorWrapperInner: Cursor finalized without prior close()
06-11 22:51:00.414   142   158 I Process : Sending signal. PID: 15296 SIG: 3
06-11 22:51:00.414 15296 15301 I dalvikvm: threadid=3: reacting to signal 3
06-11 22:51:00.660 15296 15301 I dalvikvm: Wrote stack traces to '/data/anr/traces.txt'
06-11 22:51:00.711 15079 15081 D dalvikvm: GC_CONCURRENT freed 423K, 7% free 9794K/10439K, paused 2ms+6ms
06-11 22:51:00.758 15296 15298 D dalvikvm: GC_CONCURRENT freed 367K, 5% free 9319K/9799K, paused 51ms+6ms
06-11 22:51:00.902   142   158 I Process : Sending signal. PID: 15296 SIG: 3
06-11 22:51:00.906 15296 15301 I dalvikvm: threadid=3: reacting to signal 3
06-11 22:51:00.922 15296 15301 I dalvikvm: Wrote stack traces to '/data/anr/traces.txt'
06-11 22:51:00.933 15296 15296 I Genie   : refresh service retry #0, ignoreMASFCache = false
06-11 22:51:01.000   213   213 V PhoneStatusBar: setLightsOn(true)
06-11 22:51:01.125   142   173 I ActivityManager: Displayed com.google.android.apps.genie.geniewidget/.activities.NewsActivity: +1s350ms
06-11 22:51:01.203  1391  1391 D OpenGLRenderer: Flushing caches (mode 1)
06-11 22:51:01.820 15296 15298 D dalvikvm: GC_CONCURRENT freed 231K, 4% free 9519K/9863K, paused 3ms+2ms
06-11 22:51:02.847 15296 15298 D dalvikvm: GC_CONCURRENT freed 374K, 5% free 9575K/10055K, paused 3ms+2ms
06-11 22:51:03.211 15296 15296 D dalvikvm: GC_FOR_ALLOC freed 155K, 4% free 9750K/10055K, paused 25ms
06-11 22:51:03.218 15296 15296 I dalvikvm-heap: Grow heap (frag case) to 10.727MB for 1192336-byte allocation
06-11 22:51:03.258 15296 15309 D dalvikvm: GC_FOR_ALLOC freed 8K, 4% free 10906K/11271K, paused 18ms
06-11 22:51:03.347 15296 15298 D dalvikvm: GC_CONCURRENT freed 38K, 4% free 11047K/11399K, paused 2ms+8ms
06-11 22:51:03.965 15296 15298 D dalvikvm: GC_CONCURRENT freed 435K, 5% free 11326K/11847K, paused 3ms+4ms
06-11 22:51:04.308 15296 15298 D dalvikvm: GC_CONCURRENT freed 572K, 6% free 11447K/12103K, paused 2ms+3ms
06-11 22:51:04.359 15296 15296 D dalvikvm: GC_FOR_ALLOC freed 54K, 6% free 11398K/12103K, paused 26ms
06-11 22:51:04.359 15296 15296 I dalvikvm-heap: Grow heap (frag case) to 12.336MB for 1192336-byte allocation
06-11 22:51:04.398 15296 15323 D dalvikvm: GC_FOR_ALLOC freed 0K, 6% free 12562K/13319K, paused 28ms
06-11 22:51:04.488 15296 15298 D dalvikvm: GC_CONCURRENT freed 12K, 6% free 12574K/13319K, paused 4ms+9ms
06-11 22:51:05.718 15296 15298 D dalvikvm: GC_CONCURRENT freed 860K, 8% free 12794K/13767K, paused 3ms+5ms
06-11 22:51:11.863   142   178 I ActivityManager: START {act=android.intent.action.MAIN cat=[android.intent.category.HOME] flg=0x10200000 cmp=com.android.launcher/com.android.launcher2.Launcher} from pid 142
06-11 22:51:13.508   142   170 I power   : *** set_screen_state 0
06-11 22:51:13.547    79   118 D SurfaceFlinger: About to give-up screen, flinger = 0x1e2b918
06-11 22:51:13.621   142   174 V TransportControlView: Create TCV com.android.internal.widget.TransportControlView@41a165c8
06-11 22:51:13.734   213   213 D PhoneStatusBar: disable: < EXPAND* icons alerts TICKER* system_info back home RECENT* clock >
06-11 22:51:13.777   213   213 D PhoneStatusBar: disable: < EXPAND icons alerts TICKER system_info BACK* HOME* RECENT CLOCK* >
06-11 22:51:13.914   142   174 D dalvikvm: GC_FOR_ALLOC freed 2343K, 25% free 17530K/23239K, paused 93ms
06-11 22:51:16.613 15296 15298 D dalvikvm: GC_CONCURRENT freed 932K, 8% free 13022K/14087K, paused 2ms+11ms
06-11 22:51:29.504   142   422 I AudioService:   Remote Control   registerMediaButtonIntent() for PendingIntent{419ace78: PendingIntentRecord{41582ea8 com.spotify.mobile.android.ui broadcastIntent}}
06-11 22:51:29.734 12941 12943 D dalvikvm: GC_CONCURRENT freed 1400K, 31% free 13550K/19399K, paused 6ms+25ms
06-11 22:51:30.636 14723 14725 D dalvikvm: GC_CONCURRENT freed 395K, 5% free 10362K/10887K, paused 5ms+10ms
06-11 22:51:30.664 10558 10561 D dalvikvm: GC_CONCURRENT freed 546K, 8% free 10293K/11143K, paused 1ms+3ms
06-11 22:51:32.269 15296 15298 D dalvikvm: GC_CONCURRENT freed 1227K, 10% free 13107K/14407K, paused 3ms+3ms
06-11 22:51:34.031 15296 15303 I dalvikvm: Jit: resizing JitTable from 4096 to 8192
06-11 22:51:34.906 15296 15298 D dalvikvm: GC_CONCURRENT freed 1622K, 12% free 12837K/14535K, paused 5ms+4ms
06-11 22:51:37.261 15296 15298 D dalvikvm: GC_CONCURRENT freed 1207K, 12% free 12809K/14535K, paused 1ms+4ms
06-11 22:51:41.148   142   197 D DhcpInfoInternal: makeLinkProperties with empty dns2!
06-11 22:51:41.152   142   197 D DhcpInfoInternal: makeLinkProperties with empty dns2!
06-11 22:51:48.707 15296 15298 D dalvikvm: GC_CONCURRENT freed 897K, 10% free 13126K/14535K, paused 2ms+4ms
06-11 22:51:59.961 15296 15298 D dalvikvm: GC_CONCURRENT freed 1449K, 11% free 13009K/14535K, paused 2ms+3ms
06-11 22:52:11.437 15187 15200 I PhoneLab-: Service Running
06-11 22:52:11.523 15187 15200 I PhoneLab-LoggerService: app_38    1106  1     1260   820   c00f181c 400107b4 S logcat
06-11 22:52:11.523 15187 15200 I PhoneLab-LoggerService: Logcat pid from database 1106
06-11 22:52:11.523 15187 15200 I PhoneLab-LoggerService: Logcat process found 1106
06-11 22:52:11.523 15187 15200 I PhoneLab-LoggerService: Checking Threshold
06-11 22:52:19.070 15296 15298 D dalvikvm: GC_CONCURRENT freed 1189K, 11% free 13030K/14535K, paused 10ms+19ms
06-11 22:52:30.629   142   294 D dalvikvm: JIT code cache reset in 4 ms (1048444 bytes 33/0)
06-11 22:52:30.652   142   294 D dalvikvm: GC_EXPLICIT freed 1094K, 23% free 18100K/23239K, paused 3ms+12ms
06-11 22:52:35.968   959   961 D dalvikvm: GC_CONCURRENT freed 439K, 27% free 10721K/14663K, paused 8ms+4ms
06-11 22:52:37.500 15296 15298 D dalvikvm: GC_CONCURRENT freed 1173K, 11% free 13068K/14535K, paused 2ms+4ms
06-11 22:52:58.328 12941 12943 D dalvikvm: GC_CONCURRENT freed 1881K, 33% free 13091K/19399K, paused 5ms+6ms
06-11 22:52:58.691 15296 15298 D dalvikvm: GC_CONCURRENT freed 1164K, 10% free 13132K/14535K, paused 2ms+4ms
06-11 22:53:19.332 15296 15298 D dalvikvm: GC_CONCURRENT freed 1285K, 10% free 13116K/14535K, paused 42ms+3ms
06-11 22:53:30.773 14723 14725 D dalvikvm: GC_CONCURRENT freed 487K, 6% free 10367K/10951K, paused 1ms+25ms
06-11 22:53:30.824 10558 10561 D dalvikvm: GC_CONCURRENT freed 516K, 8% free 10285K/11143K, paused 2ms+3ms
06-11 22:53:50.164 15296 15298 D dalvikvm: GC_CONCURRENT freed 1192K, 10% free 13210K/14535K, paused 42ms+4ms
06-11 22:53:54.941 15166 15481 D dalvikvm: GC_FOR_ALLOC freed 368K, 7% free 11500K/12295K, paused 38ms
06-11 22:53:54.941 15166 15481 I dalvikvm-heap: Grow heap (frag case) to 11.533MB for 245416-byte allocation
06-11 22:53:54.988 15166 15174 D dalvikvm: GC_FOR_ALLOC freed 122K, 8% free 11617K/12551K, paused 37ms
06-11 22:53:55.035 15166 15481 D dalvikvm: GC_FOR_ALLOC freed 16K, 8% free 11604K/12551K, paused 31ms
06-11 22:53:55.531 15166 15167 D dalvikvm: GC_CONCURRENT freed 743K, 8% free 11608K/12551K, paused 10ms+2ms
06-11 22:54:06.074   142   197 D DhcpInfoInternal: makeLinkProperties with empty dns2!
06-11 22:54:06.074   142   197 D DhcpInfoInternal: makeLinkProperties with empty dns2!
06-11 22:54:08.707 15296 15298 D dalvikvm: GC_CONCURRENT freed 1423K, 11% free 13147K/14663K, paused 2ms+8ms
06-11 22:54:11.441 15187 15200 I PhoneLab-: Service Running
06-11 22:54:11.511 15187 15200 I PhoneLab-LoggerService: app_38    1106  1     1260   820   c00f181c 400107b4 S logcat
06-11 22:54:11.511 15187 15200 I PhoneLab-LoggerService: Logcat pid from database 1106
06-11 22:54:11.511 15187 15200 I PhoneLab-LoggerService: Logcat process found 1106
06-11 22:54:11.511 15187 15200 I PhoneLab-LoggerService: Checking Threshold
06-11 22:54:12.820 15296 15298 D dalvikvm: GC_CONCURRENT freed 1644K, 13% free 12759K/14663K, paused 2ms+4ms
06-11 22:54:20.433 15296 15298 D dalvikvm: GC_CONCURRENT freed 1034K, 13% free 12901K/14663K, paused 3ms+10ms
06-11 22:54:29.996 15296 15298 D dalvikvm: GC_CONCURRENT freed 1155K, 12% free 13019K/14663K, paused 1ms+4ms
06-11 22:54:30.375   142   142 I AudioService:   Remote Control   registerMediaButtonIntent() for PendingIntent{41655f28: PendingIntentRecord{41582ea8 com.spotify.mobile.android.ui broadcastIntent}}
06-11 22:54:30.472 12941 12941 D dalvikvm: GC_FOR_ALLOC freed 1487K, 35% free 12756K/19399K, paused 67ms
06-11 22:54:30.543   213   215 D dalvikvm: GC_CONCURRENT freed 447K, 33% free 10217K/15239K, paused 2ms+9ms
06-11 22:54:30.851 10558 10561 D dalvikvm: GC_CONCURRENT freed 402K, 8% free 10273K/11143K, paused 2ms+2ms
06-11 22:54:31.593 12941 12941 D dalvikvm: GC_FOR_ALLOC freed 197K, 31% free 13481K/19399K, paused 58ms
06-11 22:54:43.832 15296 15298 D dalvikvm: GC_CONCURRENT freed 1214K, 12% free 13036K/14663K, paused 3ms+7ms
06-11 22:54:52.129 15296 15298 D dalvikvm: GC_CONCURRENT freed 1216K, 12% free 13049K/14663K, paused 2ms+5ms
06-11 22:54:59.785   142   921 I ActivityManager: Process com.google.android.gm (pid 13638) has died.
06-11 22:54:59.785   142   294 I WindowManager: WIN DEATH: Window{41727110 com.google.android.gm/com.google.android.gm.GmailActivity paused=false}
06-11 22:55:06.097 15296 15298 D dalvikvm: GC_CONCURRENT freed 1146K, 11% free 13124K/14663K, paused 7ms+7ms
06-11 22:55:17.558 15296 15298 D dalvikvm: GC_CONCURRENT freed 1218K, 11% free 13156K/14663K, paused 4ms+5ms
06-11 22:55:28.027 15296 15298 D dalvikvm: GC_CONCURRENT freed 1174K, 10% free 13252K/14663K, paused 12ms+4ms
06-11 22:55:28.175   142   145 D dalvikvm: GC_CONCURRENT freed 2047K, 23% free 17976K/23239K, paused 3ms+10ms
06-11 22:55:30.750 14723 14725 D dalvikvm: GC_CONCURRENT freed 495K, 6% free 10368K/10951K, paused 1ms+8ms
06-11 22:55:30.957 10558 10561 D dalvikvm: GC_CONCURRENT freed 323K, 8% free 10360K/11143K, paused 7ms+3ms
06-11 22:55:32.418 10558 10561 D dalvikvm: GC_CONCURRENT freed 290K, 6% free 10545K/11143K, paused 2ms+2ms
06-11 22:55:39.398 15296 15298 D dalvikvm: GC_CONCURRENT freed 1307K, 10% free 13295K/14727K, paused 3ms+8ms
06-11 22:55:49.082 15296 15298 D dalvikvm: GC_CONCURRENT freed 1335K, 10% free 13259K/14727K, paused 1ms+3ms
06-11 22:55:56.035 15296 15298 D dalvikvm: GC_CONCURRENT freed 1556K, 12% free 13096K/14727K, paused 2ms+4ms
06-11 22:56:05.218 15296 15298 D dalvikvm: GC_CONCURRENT freed 1433K, 13% free 12950K/14727K, paused 2ms+4ms
06-11 22:56:10.074 15296 15298 D dalvikvm: GC_CONCURRENT freed 1402K, 13% free 12835K/14727K, paused 2ms+6ms
06-11 22:56:11.437 15187 15200 I PhoneLab-: Service Running
06-11 22:56:11.508 15187 15200 I PhoneLab-LoggerService: app_38    1106  1     1260   820   c00f181c 400107b4 S logcat
06-11 22:56:11.508 15187 15200 I PhoneLab-LoggerService: Logcat pid from database 1106
06-11 22:56:11.511 15187 15200 I PhoneLab-LoggerService: Logcat process found 1106
06-11 22:56:11.511 15187 15200 I PhoneLab-LoggerService: Checking Threshold
06-11 22:56:13.570 15296 15298 D dalvikvm: GC_CONCURRENT freed 1239K, 13% free 12824K/14727K, paused 1ms+3ms
06-11 22:56:25.894 15296 15298 D dalvikvm: GC_CONCURRENT freed 1010K, 12% free 12978K/14727K, paused 5ms+11ms
06-11 22:56:30.648   142   197 D DhcpInfoInternal: makeLinkProperties with empty dns2!
06-11 22:56:30.648   142   197 D DhcpInfoInternal: makeLinkProperties with empty dns2!
06-11 22:56:53.976 15296 15298 D dalvikvm: GC_CONCURRENT freed 868K, 10% free 13319K/14727K, paused 60ms+5ms
06-11 22:56:54.086   959   961 D dalvikvm: GC_CONCURRENT freed 439K, 27% free 10720K/14663K, paused 6ms+5ms
06-11 22:57:12.035 15296 15298 D dalvikvm: GC_CONCURRENT freed 1718K, 13% free 13002K/14791K, paused 2ms+8ms
06-11 22:57:18.457   142   172 I ActivityManager: Start proc com.google.android.apps.plus for service com.google.android.apps.plus/.service.EsService: pid=15717 uid=10058 gids={3003, 3002, 1015, 1006}
06-11 22:57:18.484   142   172 I ActivityManager: Start proc com.google.android.apps.maps for service com.google.android.apps.maps/com.google.googlenav.prefetch.android.PrefetcherService: pid=15728 uid=10057 gids={3003, 1015}
06-11 22:57:18.601    80    80 D dalvikvm: GC_EXPLICIT freed 38K, 4% free 9031K/9347K, paused 6ms+12ms
06-11 22:57:18.636    80    80 D dalvikvm: GC_EXPLICIT freed <1K, 4% free 9031K/9347K, paused 1ms+2ms
06-11 22:57:18.664    80    80 D dalvikvm: GC_EXPLICIT freed <1K, 4% free 9031K/9347K, paused 1ms+2ms
06-11 22:57:18.992 15717 15718 D dalvikvm: GC_CONCURRENT freed 172K, 3% free 9364K/9607K, paused 15ms+2ms
06-11 22:57:19.008 15728 15731 D dalvikvm: GC_CONCURRENT freed 171K, 3% free 9365K/9607K, paused 6ms+2ms
06-11 22:57:19.172 15717 15717 I ActivityThread: Pub com.google.android.apps.plus.content.ApiProvider: com.google.android.apps.plus.content.EsApiProvider
06-11 22:57:19.261 15728 15728 I ActivityThread: Pub com.google.android.maps.SearchHistoryProvider: com.google.googlenav.provider.SearchHistoryProvider
06-11 22:57:19.320 15717 15717 I ActivityThread: Pub com.google.android.apps.plus.content.EsGooglePhotoProvider: com.google.android.picasasync.PicasaContentProvider
06-11 22:57:19.324 15728 15728 I ActivityThread: Pub com.google.android.maps.SuggestionProvider: com.google.googlenav.suggest.android.SuggestContentProvider
06-11 22:57:19.363 15728 15728 I ActivityThread: Pub com.google.android.maps.LayerInfoProvider: com.google.googlenav.layer.LayerInfoProvider
06-11 22:57:19.480 15728 15728 I ActivityThread: Pub com.google.android.maps.TrafficAppWidgetProvider: com.google.googlenav.appwidget.traffic.TrafficAppWidgetProvider
06-11 22:57:19.484 15728 15728 I ActivityThread: Pub com.google.android.maps.LocalActivePlacesProvider: com.google.googlenav.provider.LocalActivePlacesProvider
06-11 22:57:19.484 15728 15728 I ActivityThread: Pub com.google.android.maps.StarredItemProvider: com.google.googlenav.provider.StarredItemProvider
06-11 22:57:19.605 15728 15731 D dalvikvm: GC_CONCURRENT freed 227K, 4% free 9673K/9991K, paused 4ms+2ms
06-11 22:57:19.660 15717 15718 D dalvikvm: GC_CONCURRENT freed 485K, 6% free 9430K/9991K, paused 2ms+10ms
06-11 22:57:19.664 15717 15717 I ActivityThread: Pub com.google.android.apps.plus.content.EsPicasaStoreProvider: com.google.android.picasastore.PicasaPhotoContentProvider
06-11 22:57:19.687 15717 15717 I ActivityThread: Pub com.google.plus.platform: com.google.android.apps.plus.content.AdsProvider
06-11 22:57:19.687 15717 15717 I ActivityThread: Pub com.google.android.apps.plus.iu.EsGoogleIuProvider: com.google.android.apps.plus.iu.InstantUploadProvider
06-11 22:57:19.758 15717 15717 I ActivityThread: Pub com.google.android.apps.plus.content.EsProvider: com.google.android.apps.plus.content.EsProvider
06-11 22:57:19.843 15728 15728 I ActivityThread: Pub com.google.android.maps.LocalSuggestionProvider: com.google.googlenav.provider.LocalSuggestionProvider
06-11 22:57:19.843 15728 15728 I ActivityThread: Pub com.google.android.maps.NavigationAvailabilityProvider: com.google.googlenav.provider.NavigationAvailabilityProvider
06-11 22:57:19.855 15717 15718 D dalvikvm: GC_CONCURRENT freed 412K, 6% free 9548K/10055K, paused 1ms+25ms
06-11 22:57:20.054 15717 15745 D PicasaPhotoCP: set fsid first time:-1
06-11 22:57:20.078 15728 15731 D dalvikvm: GC_CONCURRENT freed 204K, 3% free 9961K/10247K, paused 2ms+45ms
06-11 22:57:20.332 15717 15718 D dalvikvm: GC_CONCURRENT freed 199K, 3% free 9904K/10183K, paused 111ms+3ms
06-11 22:57:20.336 15728 15731 D dalvikvm: GC_CONCURRENT freed 203K, 4% free 10228K/10567K, paused 10ms+2ms
06-11 22:57:20.429 15717 15750 D dalvikvm: GC_FOR_ALLOC freed 230K, 4% free 10062K/10439K, paused 24ms
06-11 22:57:20.461 15717 15750 D dalvikvm: GC_FOR_ALLOC freed 62K, 5% free 10126K/10567K, paused 18ms
06-11 22:57:20.461 15717 15750 I dalvikvm-heap: Grow heap (frag case) to 10.206MB for 260112-byte allocation
06-11 22:57:20.484 15717 15750 D dalvikvm: GC_FOR_ALLOC freed 126K, 6% free 10254K/10823K, paused 21ms
06-11 22:57:20.519 15717 15750 D dalvikvm: GC_FOR_ALLOC freed 311K, 6% free 10192K/10823K, paused 25ms
06-11 22:57:20.543 15717 15750 D dalvikvm: GC_FOR_ALLOC freed 62K, 6% free 10255K/10823K, paused 21ms
06-11 22:57:20.543 15717 15750 I dalvikvm-heap: Grow heap (frag case) to 10.332MB for 260112-byte allocation
06-11 22:57:20.570 15717 15750 D dalvikvm: GC_FOR_ALLOC freed 126K, 7% free 10383K/11079K, paused 25ms
06-11 22:57:20.597 15717 15750 D dalvikvm: GC_FOR_ALLOC freed 369K, 7% free 10383K/11079K, paused 19ms
06-11 22:57:20.617 15717 15750 D dalvikvm: GC_FOR_ALLOC freed 126K, 6% free 10511K/11079K, paused 21ms
06-11 22:57:20.781 15717 15718 D dalvikvm: GC_CONCURRENT freed 344K, 4% free 10728K/11143K, paused 2ms+3ms
06-11 22:57:20.937 15717 15718 D dalvikvm: GC_CONCURRENT freed 130K, 2% free 11198K/11399K, paused 4ms+9ms
06-11 22:57:21.125 15717 15718 D dalvikvm: GC_CONCURRENT freed 433K, 5% free 11535K/12039K, paused 6ms+3ms
06-11 22:57:24.961 15296 15298 D dalvikvm: GC_CONCURRENT freed 1124K, 12% free 13093K/14791K, paused 19ms+3ms
06-11 22:57:30.789 14723 14725 D dalvikvm: GC_CONCURRENT freed 487K, 6% free 10367K/10951K, paused 2ms+2ms
06-11 22:57:30.836 10558 10561 D dalvikvm: GC_CONCURRENT freed 748K, 8% free 10308K/11143K, paused 1ms+3ms
06-11 22:57:33.500 15717 15718 D dalvikvm: GC_CONCURRENT freed 746K, 7% free 11668K/12487K, paused 2ms+2ms
06-11 22:57:35.113 15296 15298 D dalvikvm: GC_CONCURRENT freed 1204K, 12% free 13132K/14791K, paused 2ms+3ms
06-11 22:57:44.293 15296 15298 D dalvikvm: GC_CONCURRENT freed 1314K, 12% free 13089K/14791K, paused 3ms+3ms
06-11 22:57:56.777 15296 15298 D dalvikvm: GC_CONCURRENT freed 1018K, 10% free 13319K/14791K, paused 2ms+4ms
06-11 22:58:00.242   142   145 D dalvikvm: GC_CONCURRENT freed 1922K, 23% free 18002K/23239K, paused 6ms+10ms
06-11 22:58:11.437 15187 15200 I PhoneLab-: Service Running
06-11 22:58:11.492 15187 15200 I PhoneLab-LoggerService: app_38    1106  1     1260   820   c00f181c 400107b4 S logcat
06-11 22:58:11.492 15187 15200 I PhoneLab-LoggerService: Logcat pid from database 1106
06-11 22:58:11.492 15187 15200 I PhoneLab-LoggerService: Logcat process found 1106
06-11 22:58:11.492 15187 15200 I PhoneLab-LoggerService: Checking Threshold
06-11 22:58:12.144 15296 15298 D dalvikvm: GC_CONCURRENT freed 1358K, 10% free 13322K/14791K, paused 1ms+4ms
06-11 22:58:19.734 15296 15298 D dalvikvm: GC_CONCURRENT freed 1703K, 12% free 13026K/14791K, paused 2ms+3ms
06-11 22:58:25.746 15296 15298 D dalvikvm: GC_CONCURRENT freed 1372K, 13% free 12871K/14791K, paused 1ms+4ms
06-11 22:58:41.488 15296 15298 D dalvikvm: GC_CONCURRENT freed 833K, 11% free 13210K/14791K, paused 2ms+5ms
06-11 22:58:55.800   142   197 D DhcpInfoInternal: makeLinkProperties with empty dns2!
06-11 22:58:55.800   142   197 D DhcpInfoInternal: makeLinkProperties with empty dns2!
06-11 22:58:56.191 15296 15298 D dalvikvm: GC_CONCURRENT freed 1475K, 13% free 13014K/14791K, paused 3ms+10ms
06-11 22:58:58.527 15166 15167 D dalvikvm: GC_CONCURRENT freed 924K, 9% free 11539K/12551K, paused 2ms+7ms
06-11 22:58:59.976   142   922 D dalvikvm: GC_EXPLICIT freed 647K, 23% free 17981K/23239K, paused 2ms+8ms
06-11 22:59:02.125 15296 15298 D dalvikvm: GC_CONCURRENT freed 1306K, 13% free 12936K/14791K, paused 4ms+3ms
06-11 22:59:04.640 15296 15298 D dalvikvm: GC_CONCURRENT freed 1291K, 14% free 12868K/14791K, paused 2ms+3ms
06-11 22:59:08.883 15296 15298 D dalvikvm: GC_CONCURRENT freed 1271K, 14% free 12819K/14791K, paused 1ms+6ms
06-11 22:59:13.687 15296 15298 D dalvikvm: GC_CONCURRENT freed 1192K, 13% free 12869K/14791K, paused 2ms+3ms
06-11 22:59:16.742 15296 15298 D dalvikvm: GC_CONCURRENT freed 1258K, 14% free 12771K/14791K, paused 21ms+10ms
06-11 22:59:30.879 14723 14725 D dalvikvm: GC_CONCURRENT freed 484K, 6% free 10367K/10951K, paused 2ms+2ms
06-11 22:59:30.918 10558 10561 D dalvikvm: GC_CONCURRENT freed 510K, 8% free 10308K/11143K, paused 1ms+3ms
06-11 22:59:31.226 15296 15323 W ResponseProcessCookies: Invalid cookie header: "Set-Cookie: mobile_session_key=6d7df146-3e91-574f-9120-6588d08443b5; Version=1; Max-Age=525600; Expires=Mon, 18-Jun-2012 04:59:30 GMT; Path=/". Unable to parse expires attribute: Mon
06-11 22:59:31.226 15296 15323 W ResponseProcessCookies: Invalid cookie header: "Set-Cookie: mobile_session_id=1bb1b4f0-0fae-4754-ad88-47f61561e1f5; Version=1; Max-Age=525600; Expires=Mon, 18-Jun-2012 04:59:30 GMT; Path=/". Unable to parse expires attribute: Mon
06-11 22:59:31.230 15296 15323 W ResponseProcessCookies: Invalid cookie header: "Set-Cookie: mobile_agent_id=640aaee3-7aee-41c6-81f9-3ea706205529; Version=1; Max-Age=525600; Expires=Mon, 18-Jun-2012 04:59:30 GMT; Path=/". Unable to parse expires attribute: Mon
06-11 22:59:32.742 15296 15298 D dalvikvm: GC_CONCURRENT freed 777K, 12% free 13115K/14791K, paused 2ms+3ms
06-11 22:59:47.004 15296 15298 D dalvikvm: GC_CONCURRENT freed 1181K, 11% free 13190K/14791K, paused 2ms+4ms
06-11 22:59:57.090 15717 15944 D PicasaSync: sync account database
06-11 22:59:57.144 15717 15943 D PicasaSyncService: start sync on lokeshmandvekar@gmail.com
06-11 22:59:57.148 15717 15944 D PicasaSync: accounts in DB=1
06-11 22:59:57.148 15717 15944 D PicasaSyncManager: active network: NetworkInfo: type: WIFI[], state: CONNECTED/CONNECTED, reason: (unspecified), extra: (none), roaming: false, failover: false, isAvailable: true
06-11 22:59:57.148 15717 15944 D PicasaSyncManager: background data: true
06-11 22:59:57.172 15717 15944 D PicasaSyncManager: battery info: true
06-11 22:59:57.203 15296 15298 D dalvikvm: GC_CONCURRENT freed 1364K, 12% free 13103K/14791K, paused 2ms+3ms
06-11 22:59:57.261 15717 15943 D PicasaSyncManager: perform sync task: MetadataSyncTask (lokeshmandvekar@gmail.com)
06-11 22:59:57.457  9452  9487 D dalvikvm: GC_EXPLICIT freed 398K, 6% free 10272K/10887K, paused 11ms+6ms
06-11 22:59:59.097 14776 14781 D dalvikvm: GC_CONCURRENT freed 359K, 5% free 9279K/9735K, paused 3ms+2ms
06-11 22:59:59.558 14776 14790 V GoogleLoginService: Returning error intent with: ComponentInfo{com.google.android.gsf.login/com.google.android.gsf.login.LoginActivity}
06-11 22:59:59.648 15717 15943 W PicasaSync: cannot get auth token: lokeshmandvekar@gmail.com
06-11 22:59:59.863   213   215 D dalvikvm: GC_CONCURRENT freed 344K, 33% free 10344K/15239K, paused 2ms+2ms
06-11 22:59:59.957   213   215 D dalvikvm: GC_CONCURRENT freed 564K, 33% free 10254K/15239K, paused 2ms+3ms
06-11 23:00:03.414 15717 15943 D PicasaSyncManager: sync complete w error:SyncResult: stats [ numAuthExceptions: 1]
06-11 23:00:03.601 15717 15943 D PicasaSyncManager: perform sync task: PrefetchFullImage (lokeshmandvekar@gmail.com)
06-11 23:00:03.875 15717 15943 D PicasaSyncManager: sync complete w error:SyncResult: stats [ numAuthExceptions: 1]
06-11 23:00:03.922 15717 15943 D PicasaSyncManager: perform sync task: PrefetchAlbumCover (lokeshmandvekar@gmail.com)
06-11 23:00:03.988 15717 15943 D PicasaSyncManager: sync complete w error:SyncResult: stats [ numAuthExceptions: 1]
06-11 23:00:04.008 15717 15943 D PicasaSyncManager: perform sync task: PrefetchScreenNail (lokeshmandvekar@gmail.com)
06-11 23:00:04.101 15717 15943 D PicasaSyncManager: sync complete w error:SyncResult: stats [ numAuthExceptions: 1]
06-11 23:00:04.133 15717 15943 D PicasaSyncService: sync finished
06-11 23:00:04.175   142   166 D SyncManager: failed sync operation lokeshmandvekar@gmail.com (com.google), com.google.android.apps.plus.content.EsGooglePhotoProvider, PERIODIC, earliestRunTime 107258601, SyncResult: stats [ numAuthExceptions: 1]
06-11 23:00:04.183   142   166 D SyncManager: not retrying sync operation because the error is a hard error: lokeshmandvekar@gmail.com (com.google), com.google.android.apps.plus.content.EsGooglePhotoProvider, PERIODIC, earliestRunTime 107265808
06-11 23:00:11.457 15187 15200 I PhoneLab-: Service Running
06-11 23:00:11.531 15187 15200 I PhoneLab-LoggerService: app_38    1106  1     1260   820   c00f181c 400107b4 S logcat
06-11 23:00:11.531 15187 15200 I PhoneLab-LoggerService: Logcat pid from database 1106
06-11 23:00:11.531 15187 15200 I PhoneLab-LoggerService: Logcat process found 1106
06-11 23:00:11.531 15187 15200 I PhoneLab-LoggerService: Checking Threshold
06-11 23:00:13.406 15296 15298 D dalvikvm: GC_CONCURRENT freed 1281K, 12% free 13053K/14791K, paused 2ms+8ms
06-11 23:00:26.129 15296 15298 D dalvikvm: GC_CONCURRENT freed 1151K, 12% free 13121K/14791K, paused 2ms+4ms
06-11 23:00:30.406 15296 15298 D dalvikvm: GC_CONCURRENT freed 1578K, 13% free 12869K/14791K, paused 3ms+6ms
06-11 23:00:31.047 10558 10561 D dalvikvm: GC_CONCURRENT freed 395K, 8% free 10344K/11143K, paused 4ms+5ms
06-11 23:00:31.750 10558 10561 D dalvikvm: GC_CONCURRENT freed 275K, 6% free 10541K/11143K, paused 1ms+3ms
06-11 23:00:38.925 15296 15298 D dalvikvm: GC_CONCURRENT freed 1162K, 13% free 12903K/14791K, paused 10ms+4ms
06-11 23:00:44.230 15296 15298 D dalvikvm: GC_CONCURRENT freed 1211K, 13% free 12935K/14791K, paused 2ms+3ms
06-11 23:00:52.984 15296 15298 D dalvikvm: GC_CONCURRENT freed 1234K, 13% free 12963K/14791K, paused 1ms+4ms
06-11 23:01:03.613 15296 15298 D dalvikvm: GC_CONCURRENT freed 1301K, 14% free 12856K/14791K, paused 7ms+3ms
06-11 23:01:07.359   959   961 D dalvikvm: GC_CONCURRENT freed 438K, 27% free 10721K/14663K, paused 2ms+8ms
06-11 23:01:20.590   142   197 D DhcpInfoInternal: makeLinkProperties with empty dns2!
06-11 23:01:20.590   142   197 D DhcpInfoInternal: makeLinkProperties with empty dns2!
06-11 23:01:20.668 15296 15298 D dalvikvm: GC_CONCURRENT freed 1178K, 13% free 12905K/14791K, paused 6ms+3ms
06-11 23:01:30.910 10558 10558 D dalvikvm: GC_EXPLICIT freed 442K, 8% free 10275K/11143K, paused 3ms+5ms
06-11 23:01:30.965 14723 14725 D dalvikvm: GC_CONCURRENT freed 489K, 6% free 10367K/10951K, paused 2ms+10ms
06-11 23:01:33.902   142   145 D dalvikvm: GC_CONCURRENT freed 1797K, 22% free 18160K/23239K, paused 9ms+9ms
06-11 23:01:42.949 15296 15298 D dalvikvm: GC_CONCURRENT freed 1138K, 13% free 12940K/14791K, paused 2ms+3ms
06-11 23:02:11.437 15187 15200 I PhoneLab-: Service Running
06-11 23:02:11.531 15187 15200 I PhoneLab-LoggerService: app_38    1106  1     1260   820   c00f181c 400107b4 S logcat
06-11 23:02:11.531 15187 15200 I PhoneLab-LoggerService: Logcat pid from database 1106
06-11 23:02:11.531 15187 15200 I PhoneLab-LoggerService: Logcat process found 1106
06-11 23:02:11.531 15187 15200 I PhoneLab-LoggerService: Checking Threshold
06-11 23:02:15.734 15296 15298 D dalvikvm: GC_CONCURRENT freed 914K, 11% free 13226K/14791K, paused 2ms+4ms
06-11 23:02:28.699 15296 15298 D dalvikvm: GC_CONCURRENT freed 1581K, 13% free 12918K/14791K, paused 2ms+3ms
06-11 23:02:30.961 10558 10561 D dalvikvm: GC_CONCURRENT freed 473K, 8% free 10313K/11143K, paused 1ms+9ms
06-11 23:02:57.695 14271 14273 D dalvikvm: GC_CONCURRENT freed 358K, 5% free 10717K/11207K, paused 30ms+3ms
06-11 23:03:18.761 15296 15298 D dalvikvm: GC_CONCURRENT freed 1144K, 13% free 12963K/14791K, paused 43ms+3ms
06-11 23:03:20.961 11024 11024 I wpa_supplicant: wlan0: WPA: Group rekeying completed with 94:44:52:17:be:7d [GTK=CCMP]
06-11 23:03:30.988 14723 14725 D dalvikvm: GC_CONCURRENT freed 494K, 6% free 10368K/10951K, paused 7ms+9ms
06-11 23:03:31.070 10558 10561 D dalvikvm: GC_CONCURRENT freed 478K, 8% free 10327K/11143K, paused 6ms+3ms
06-11 23:03:35.746 15296 15298 D dalvikvm: GC_CONCURRENT freed 1033K, 12% free 13136K/14791K, paused 2ms+10ms
06-11 23:03:45.304 15296 15298 D dalvikvm: GC_CONCURRENT freed 1266K, 12% free 13119K/14791K, paused 14ms+4ms
06-11 23:03:45.308   142   197 D DhcpInfoInternal: makeLinkProperties with empty dns2!
06-11 23:03:45.308   142   197 D DhcpInfoInternal: makeLinkProperties with empty dns2!
06-11 23:03:56.093   142   921 I AudioService:   Remote Control   registerMediaButtonIntent() for PendingIntent{418c8570: PendingIntentRecord{41582ea8 com.spotify.mobile.android.ui broadcastIntent}}
06-11 23:03:56.230 12941 12941 D dalvikvm: GC_FOR_ALLOC freed 1623K, 32% free 13208K/19399K, paused 81ms
06-11 23:03:56.300   213   215 D dalvikvm: GC_CONCURRENT freed 245K, 32% free 10422K/15239K, paused 1ms+6ms
06-11 23:04:00.867   142 12773 I ActivityManager: Process com.google.android.apps.maps:NetworkLocationService (pid 14723) has died.
06-11 23:04:00.867   142 12773 W ActivityManager: Scheduling restart of crashed service com.google.android.apps.maps/com.google.android.location.internal.server.NetworkLocationService in 5000ms
06-11 23:04:01.090   142   145 D dalvikvm: GC_CONCURRENT freed 1888K, 22% free 18276K/23239K, paused 10ms+12ms
06-11 23:04:03.750 12941 12943 D dalvikvm: GC_CONCURRENT freed 1520K, 34% free 12966K/19399K, paused 2ms+9ms
06-11 23:04:05.890   142   159 I ActivityManager: Start proc com.google.android.apps.maps:NetworkLocationService for service com.google.android.apps.maps/com.google.android.location.internal.server.NetworkLocationService: pid=16141 uid=10057 gids={3003, 1015}
06-11 23:04:06.144 16141 16144 D dalvikvm: GC_CONCURRENT freed 153K, 3% free 9383K/9607K, paused 16ms+2ms
06-11 23:04:06.277 15296 15298 D dalvikvm: GC_CONCURRENT freed 1161K, 11% free 13217K/14791K, paused 2ms+9ms
06-11 23:04:06.449 15166 15167 D dalvikvm: GC_CONCURRENT freed 748K, 9% free 11527K/12551K, paused 5ms+7ms
06-11 23:04:06.574 16141 16144 D dalvikvm: GC_CONCURRENT freed 150K, 3% free 9672K/9927K, paused 2ms+2ms
06-11 23:04:06.980 16141 16144 D dalvikvm: GC_CONCURRENT freed 174K, 3% free 10066K/10311K, paused 2ms+2ms
06-11 23:04:07.234 16141 16144 D dalvikvm: GC_CONCURRENT freed 663K, 8% free 9882K/10631K, paused 4ms+3ms
06-11 23:04:07.386   142   159 I ActivityManager: Start proc com.google.android.apps.maps:FriendService for broadcast com.google.android.apps.maps/com.google.googlenav.friend.android.ServiceReceiver: pid=16177 uid=10057 gids={3003, 1015}
06-11 23:04:07.656 16177 16180 D dalvikvm: GC_CONCURRENT freed 156K, 3% free 9380K/9607K, paused 2ms+1ms
06-11 23:04:07.855 16177 16180 D dalvikvm: GC_CONCURRENT freed 181K, 3% free 9664K/9927K, paused 1ms+3ms
06-11 23:04:07.906 16141 16148 I dalvikvm: Total arena pages for JIT: 11
06-11 23:04:07.906 16141 16148 I dalvikvm: Total arena pages for JIT: 12
06-11 23:04:07.906 16141 16148 I dalvikvm: Total arena pages for JIT: 13
06-11 23:04:07.906 16141 16148 I dalvikvm: Total arena pages for JIT: 14
06-11 23:04:07.906 16141 16148 I dalvikvm: Total arena pages for JIT: 15
06-11 23:04:07.906 16141 16148 I dalvikvm: Total arena pages for JIT: 16
06-11 23:04:07.906 16141 16148 I dalvikvm: Total arena pages for JIT: 17
06-11 23:04:08.285 16141 16148 I dalvikvm: Total arena pages for JIT: 18
06-11 23:04:08.675 16141 16144 D dalvikvm: GC_CONCURRENT freed 189K, 5% free 10142K/10631K, paused 2ms+8ms
06-11 23:04:09.277 16141 16144 D dalvikvm: GC_CONCURRENT freed 462K, 6% free 10210K/10759K, paused 2ms+2ms
06-11 23:04:11.441 15187 15200 I PhoneLab-: Service Running
06-11 23:04:11.578 15187 15200 I PhoneLab-LoggerService: app_38    1106  1     1260   820   c00f181c 400107b4 S logcat
06-11 23:04:11.578 15187 15200 I PhoneLab-LoggerService: Logcat pid from database 1106
06-11 23:04:11.578 15187 15200 I PhoneLab-LoggerService: Logcat process found 1106
06-11 23:04:11.578 15187 15200 I PhoneLab-LoggerService: Checking Threshold
06-11 23:04:12.047 15166 15167 D dalvikvm: GC_CONCURRENT freed 729K, 9% free 11533K/12551K, paused 4ms+2ms
06-11 23:04:25.742 15296 15298 D dalvikvm: GC_CONCURRENT freed 1450K, 12% free 13045K/14791K, paused 7ms+3ms
06-11 23:04:49.254 15296 15298 D dalvikvm: GC_CONCURRENT freed 1041K, 11% free 13218K/14791K, paused 4ms+3ms
06-11 23:05:05.777 15296 15298 D dalvikvm: GC_CONCURRENT freed 1436K, 12% free 13100K/14791K, paused 1ms+3ms
06-11 23:05:09.511   142   921 D dalvikvm: GC_EXPLICIT freed 1097K, 23% free 18039K/23239K, paused 18ms+11ms
06-11 23:05:10.992 16141 16144 D dalvikvm: GC_CONCURRENT freed 530K, 6% free 10205K/10823K, paused 1ms+3ms
06-11 23:05:11.047 10558 10561 D dalvikvm: GC_CONCURRENT freed 521K, 8% free 10313K/11143K, paused 2ms+5ms
06-11 23:05:15.039 15296 15298 D dalvikvm: GC_CONCURRENT freed 1477K, 13% free 12884K/14791K, paused 2ms+4ms
06-11 23:05:25.793   959   961 D dalvikvm: GC_CONCURRENT freed 439K, 27% free 10721K/14663K, paused 2ms+5ms
06-11 23:05:28.816 15296 15298 D dalvikvm: GC_CONCURRENT freed 876K, 11% free 13230K/14791K, paused 3ms+10ms
06-11 23:05:35.699 15296 15298 D dalvikvm: GC_CONCURRENT freed 1506K, 13% free 13011K/14791K, paused 2ms+3ms
06-11 23:05:48.699 15296 15298 D dalvikvm: GC_CONCURRENT freed 956K, 11% free 13259K/14791K, paused 1ms+4ms
06-11 23:06:04.062 15296 15298 D dalvikvm: GC_CONCURRENT freed 1251K, 11% free 13300K/14791K, paused 2ms+3ms
06-11 23:06:11.453 15187 15200 I PhoneLab-: Service Running
06-11 23:06:11.539 15187 15200 I PhoneLab-LoggerService: app_38    1106  1     1260   820   c00f181c 400107b4 S logcat
06-11 23:06:11.539 15187 15200 I PhoneLab-LoggerService: Logcat pid from database 1106
06-11 23:06:11.539 15187 15200 I PhoneLab-LoggerService: Logcat process found 1106
06-11 23:06:11.539 15187 15200 I PhoneLab-LoggerService: Checking Threshold
06-11 23:06:15.172 15296 15298 D dalvikvm: GC_CONCURRENT freed 1453K, 11% free 13269K/14791K, paused 2ms+10ms
06-11 23:06:15.910 15296 15298 D dalvikvm: GC_CONCURRENT freed 1748K, 14% free 12832K/14791K, paused 9ms+3ms
06-11 23:06:34.164 15296 15298 D dalvikvm: GC_CONCURRENT freed 821K, 12% free 13158K/14791K, paused 62ms+4ms
06-11 23:06:39.769   142 14952 E DhcpStateMachine: DHCP failed on wlan0: Timed out waiting for DHCP Renew to finish
06-11 23:06:40.000   142   197 E WifiStateMachine: IP configuration failed
06-11 23:06:40.027 11024 11024 I wpa_supplicant: wlan0: CTRL-EVENT-DISCONNECTED bssid=00:00:00:00:00:00 reason=0
06-11 23:06:40.039    76   116 D CommandListener: Clearing all IP addresses on wlan0
06-11 23:06:40.066   142   199 D ConnectivityService: ConnectivityChange for WIFI: DISCONNECTED/DISCONNECTED
06-11 23:06:40.066   142   199 D ConnectivityService: Attempting to switch to mobile
06-11 23:06:40.125   142   199 D ConnectivityService: Attempting to switch to WIMAX
06-11 23:06:40.129   142   199 D ConnectivityService: Attempting to switch to BLUETOOTH_TETHER
06-11 23:06:40.148   142   199 E ConnectivityService: Exception trying to remove a route: java.lang.IllegalStateException: Unable to communicate with native dameon to add routes - com.android.server.NativeDaemonConnectorException: Cmd {interface route remove wlan0 default 192.168.0.1 32 0.0.0.0} failed with code 400 : {Failed to remove route from default table (No such process)}
06-11 23:06:40.152   142   199 D NetUtils: android_net_utils_resetConnections in env=0x658290 clazz=0x1e100001 iface=wlan0 mask=0x3
06-11 23:06:40.152   142   199 E ConnectivityService: Exception trying to remove a route: java.lang.IllegalStateException: Unable to communicate with native dameon to add routes - com.android.server.NativeDaemonConnectorException: Cmd {interface route remove wlan0 default 0.0.0.0 0 192.168.0.1} failed with code 400 : {Failed to remove route from default table (No such process)}
06-11 23:06:40.152   142   199 D ConnectivityService: resetConnections(wlan0, 3)
06-11 23:06:40.199   142   199 D ConnectivityService: ConnectivityChange for WIMAX: DISCONNECTED/SCANNING
06-11 23:06:40.211   142   199 D ConnectivityService: Attempting to switch to mobile
06-11 23:06:40.211   142   199 D ConnectivityService: Attempting to switch to WIFI
06-11 23:06:40.211   142   199 D ConnectivityService: Attempting to switch to BLUETOOTH_TETHER
06-11 23:06:40.312  9452 15078 W Smack/Packet: notify conn break (IOEx), close connection
06-11 23:06:40.601 11024 11024 I wpa_supplicant: wlan0: Trying to associate with 94:44:52:17:be:7d (SSID='raikiri' freq=2437 MHz)
06-11 23:06:40.629  9452 15078 I qtaguid : Failed write_ctrl(u 22) res=-1 errno=22
06-11 23:06:40.629  9452 15078 I qtaguid : Untagging socket 22 failed errno=-22
06-11 23:06:40.629  9452 15078 W NetworkManagementSocketTagger: untagSocket(22) failed with errno -22
06-11 23:06:40.648 11024 11024 I wpa_supplicant: wlan0: Associated with 94:44:52:17:be:7d
06-11 23:06:40.683 11024 11024 I wpa_supplicant: wlan0: WPA: Key negotiation completed with 94:44:52:17:be:7d [PTK=CCMP GTK=CCMP]
06-11 23:06:40.683 11024 11024 I wpa_supplicant: wlan0: CTRL-EVENT-CONNECTED - Connection to 94:44:52:17:be:7d completed (reauth) [id=1 id_str=]
06-11 23:06:40.722   142   199 D ConnectivityService: handleInetConditionChange: no active default network - ignore
06-11 23:06:40.847 15296 15298 D dalvikvm: GC_CONCURRENT freed 1606K, 13% free 12922K/14791K, paused 5ms+4ms
06-11 23:06:41.566   142   197 D DhcpInfoInternal: makeLinkProperties with empty dns2!
06-11 23:06:41.566   142   197 D DhcpInfoInternal: makeLinkProperties with empty dns2!
06-11 23:06:41.570   142   199 D ConnectivityService: ConnectivityChange for WIFI: CONNECTED/CONNECTED
06-11 23:06:41.601 15187 15187 I PhoneLab-WiFiReceiver: Wi-Fi is connected!
06-11 23:06:41.613 15187 15187 I PhoneLab-WiFiReceiver: SSID: raikiri BSSID: 94:44:52:17:be:7d RSSI: -200 LinkSpeed: -1
06-11 23:06:41.613 15187 15187 I PhoneLab-Locks: wake lock acquired
06-11 23:06:41.625 15187 15187 I PhoneLab-UploadLogs: Transfering log files now
06-11 23:06:41.629 15187 15187 I PhoneLab-UploadLogs: No log files to transfer
06-11 23:06:41.629 15187 15187 I PhoneLab-Locks: wake lock released
06-11 23:06:41.629 15187 15187 I PhoneLab-UploadLogs: OnStartCommand
06-11 23:06:41.633   142   194 W NetworkStats: dropping UID delta from unknown iface: iface=wlan0 uid=0 set=DEFAULT tag=0x0 rxBytes=328 rxPackets=1 txBytes=140 txPackets=2 operations=0
06-11 23:06:41.633   142   194 W NetworkStats: dropping UID delta from unknown iface: iface=wlan0 uid=10018 set=DEFAULT tag=0x0 rxBytes=60 rxPackets=1 txBytes=112 txPackets=2 operations=0
06-11 23:06:41.687 15187 15190 D dalvikvm: GC_CONCURRENT freed 443K, 6% free 9096K/9671K, paused 7ms+2ms
06-11 23:06:42.570   142   199 D ConnectivityService: NetTransition Wakelock for WifiStateMachine released by timeout
06-11 23:06:43.265   142   203 D Tethering: MasterInitialState.processMessage what=3
06-11 23:06:43.304   142   203 D Tethering: MasterInitialState.processMessage what=3
06-11 23:06:43.320  9452  9452 I GTalkService/c: [AndroidEndpoint@1094162832] connect: acct=1000000, state=CONNECTING
06-11 23:06:43.371  9452  9452 I GTalkService/c: [GTalkConnection@1094482296] connect: acct=1, state=CONNECTING
06-11 23:06:43.562   142   145 D dalvikvm: GC_CONCURRENT freed 1941K, 23% free 18063K/23239K, paused 24ms+10ms
06-11 23:06:43.633   142   919 I ActivityManager: Start proc com.google.android.apps.uploader for broadcast com.google.android.apps.uploader/.ConnectivityBroadcastReceiver: pid=16357 uid=10031 gids={3003}
06-11 23:06:43.656 16357 16357 I dalvikvm: Turning on JNI app bug workarounds for target SDK version 11...
06-11 23:06:43.765 16357 16357 I ActivityThread: Pub com.google.android.apps.uploader: com.google.android.apps.uploader.UploadsContentProvider
06-11 23:06:43.765 16357 16357 I ActivityThread: Pub com.google.photos.provider.Album: com.google.android.apps.uploader.clients.picasa.AlbumProvider
06-11 23:06:43.773 16357 16357 D MediaUploader: UploaderApplication.onCreate
06-11 23:06:43.855 16357 16357 D MediaUploader: nonWifiLimit=20971520, default=20971520
06-11 23:06:43.867 16357 16357 I MediaUploader: No need to wake up
06-11 23:06:43.879 15187 15187 I PhoneLab-WiFiReceiver: Wi-Fi is disconnected!
06-11 23:06:43.957 15717 15944 D PicasaSyncManager: active network: NetworkInfo: type: WIFI[], state: CONNECTED/CONNECTED, reason: (unspecified), extra: (none), roaming: false, failover: false, isAvailable: true
06-11 23:06:43.957 15717 15944 D PicasaSyncManager: background data: true
06-11 23:06:44.113   142   294 I ActivityManager: Start proc com.google.android.apps.docs for broadcast com.google.android.apps.docs/.receivers.NetworkChangeReceiver: pid=16376 uid=10069 gids={3003, 1015, 1006}
06-11 23:06:44.304 16376 16376 I ActivityThread: Pub com.google.android.apps.docs.files: com.google.android.apps.docs.sync.filemanager.FileProvider
06-11 23:06:44.320 16376 16376 I ActivityThread: Pub com.google.android.apps.docs.doclist.search_suggest: com.google.android.apps.docs.doclist.DocListGlobalSearchSuggestionProvider
06-11 23:06:44.492 16376 16376 V /ContextScope.java:112: 23:06:44.487 main Contexts in the main scope map after inserting com.google.android.apps.docs.editors.EditorsApplication@41345da8: com.google.android.apps.docs.editors.EditorsApplication@41345da8
06-11 23:06:44.558 16376 16378 D dalvikvm: GC_CONCURRENT freed 230K, 4% free 9306K/9607K, paused 2ms+2ms
06-11 23:06:44.609   142   203 D Tethering: MasterInitialState.processMessage what=3
06-11 23:06:44.781 16376 16378 D dalvikvm: GC_CONCURRENT freed 520K, 6% free 9334K/9927K, paused 1ms+2ms
06-11 23:06:44.832   142   368 I ActivityManager: Process com.facebook.orca (pid 14814) has died.
06-11 23:06:44.832   142   368 W ActivityManager: Scheduling restart of crashed service com.facebook.orca/.push.mqtt.MqttPushService in 5000ms
06-11 23:06:44.906 16376 16378 D dalvikvm: GC_CONCURRENT freed 470K, 6% free 9376K/9927K, paused 3ms+3ms
06-11 23:06:44.957 15296 15298 D dalvikvm: GC_CONCURRENT freed 1236K, 13% free 12869K/14791K, paused 15ms+8ms
06-11 23:06:45.066 16376 16378 D dalvikvm: GC_CONCURRENT freed 503K, 6% free 9413K/9991K, paused 2ms+2ms
06-11 23:06:45.168 16376 16378 D dalvikvm: GC_CONCURRENT freed 535K, 7% free 9444K/10055K, paused 1ms+2ms
06-11 23:06:45.258 16376 16378 D dalvikvm: GC_CONCURRENT freed 477K, 6% free 9478K/10055K, paused 2ms+2ms
06-11 23:06:45.425 16376 16378 D dalvikvm: GC_CONCURRENT freed 537K, 7% free 9506K/10119K, paused 3ms+2ms
06-11 23:06:45.578 16376 16378 D dalvikvm: GC_CONCURRENT freed 403K, 6% free 9594K/10119K, paused 2ms+3ms
06-11 23:06:45.789 16376 16378 D dalvikvm: GC_CONCURRENT freed 431K, 6% free 9671K/10183K, paused 1ms+3ms
06-11 23:06:45.945 16376 16378 D dalvikvm: GC_CONCURRENT freed 533K, 6% free 9705K/10311K, paused 3ms+2ms
06-11 23:06:46.113 16376 16378 D dalvikvm: GC_CONCURRENT freed 427K, 6% free 9754K/10311K, paused 1ms+2ms
06-11 23:06:46.195  9452  9454 D dalvikvm: GC_CONCURRENT freed 397K, 6% free 10260K/10887K, paused 79ms+4ms
06-11 23:06:46.250 16376 16378 D dalvikvm: GC_CONCURRENT freed 522K, 6% free 9774K/10375K, paused 2ms+3ms
06-11 23:06:46.281 16376 16376 D /Ln.java:220: 23:06:46.281 main Configuring Logging, minimum log level is INFO
06-11 23:06:46.390 16376 16376 D DocListDatabase: openHelper points on new database: DocList.db
06-11 23:06:46.390 16376 16376 D DocListDatabase: in openWriteDatabase
06-11 23:06:46.433 16376 16376 W ND      : Could not load Finalizer in its own class loader. Loading Finalizer in the current class loader instead. As a result, you will not be able to garbage collect this class loader. To support reclaiming this class loader, either resolve the underlying issue, or move Google Collections to your system class path.
06-11 23:06:46.433 16376 16376 W ND      : java.io.FileNotFoundException: com/google/inject/internal/Finalizer.class
06-11 23:06:46.433 16376 16376 W ND      : 	at NE.a(FinalizableReferenceQueue.java:269)
06-11 23:06:46.433 16376 16376 W ND      : 	at NE.a(FinalizableReferenceQueue.java:253)
06-11 23:06:46.433 16376 16376 W ND      : 	at ND.a(FinalizableReferenceQueue.java:175)
06-11 23:06:46.433 16376 16376 W ND      : 	at ND.<clinit>(FinalizableReferenceQueue.java:100)
06-11 23:06:46.433 16376 16376 W ND      : 	at OT.<clinit>(MapMaker.java:787)
06-11 23:06:46.433 16376 16376 W ND      : 	at Ph.<init>(MapMaker.java:946)
06-11 23:06:46.433 16376 16376 W ND      : 	at Pb.a(MapMaker.java:312)
06-11 23:06:46.433 16376 16376 W ND      : 	at OX.a(MapMaker.java:498)
06-11 23:06:46.433 16376 16376 W ND      : 	at OX.a(MapMaker.java:419)
06-11 23:06:46.433 16376 16376 W ND      : 	at Nb.get(CustomConcurrentHashMap.java:2029)
06-11 23:06:46.433 16376 16376 W ND      : 	at MM.a(BytecodeGen.java:149)
06-11 23:06:46.433 16376 16376 W ND      : 	at MM.a(BytecodeGen.java:132)
06-11 23:06:46.433 16376 16376 W ND      : 	at MX.a(ConstructionContext.java:80)
06-11 23:06:46.433 16376 16376 W ND      : 	at KG.a(ConstructorInjector.java:70)
06-11 23:06:46.433 16376 16376 W ND      : 	at KF.a(ConstructorBindingImpl.java:111)
06-11 23:06:46.433 16376 16376 W ND      : 	at LU.a(ProviderToInternalFactoryAdapter.java:45)
06-11 23:06:46.433 16376 16376 W ND      : 	at Li.a(InjectorImpl.java:811)
06-11 23:06:46.433 16376 16376 W ND      : 	at LT.a(ProviderToInternalFactoryAdapter.java:42)
06-11 23:06:46.433 16376 16376 W ND      : 	at Mc.a(Scopes.java:54)
06-11 23:06:46.433 16376 16376 W ND      : 	at Lz.a(InternalFactoryToProviderAdapter.java:48)
06-11 23:06:46.433 16376 16376 W ND      : 	at KR.a(FactoryProxy.java:56)
06-11 23:06:46.433 16376 16376 W ND      : 	at Mi.a(SingleParameterInjector.java:42)
06-11 23:06:46.433 16376 16376 W ND      : 	at Mi.a(SingleParameterInjector.java:66)
06-11 23:06:46.433 16376 16376 W ND      : 	at KG.a(ConstructorInjector.java:84)
06-11 23:06:46.433 16376 16376 W ND      : 	at KF.a(ConstructorBindingImpl.java:111)
06-11 23:06:46.433 16376 16376 W ND      : 	at KR.a(FactoryProxy.java:56)
06-11 23:06:46.433 16376 16376 W ND      : 	at Mi.a(SingleParameterInjector.java:42)
06-11 23:06:46.433 16376 16376 W ND      : 	at Mi.a(SingleParameterInjector.java:66)
06-11 23:06:46.433 16376 16376 W ND      : 	at KG.a(ConstructorInjector.java:84)
06-11 23:06:46.433 16376 16376 W ND      : 	at KF.a(ConstructorBindingImpl.java:111)
06-11 23:06:46.433 16376 16376 W ND      : 	at LU.a(ProviderToInternalFactoryAdapter.java:45)
06-11 23:06:46.433 16376 16376 W ND      : 	at Li.a(InjectorImpl.java:811)
06-11 23:06:46.433 16376 16376 W ND      : 	at LT.a(ProviderToInternalFactoryAdapter.java:42)
06-11 23:06:46.433 16376 16376 W ND      : 	at Mc.a(Scopes.java:54)
06-11 23:06:46.433 16376 16376 W ND      : 	at Lz.a(InternalFactoryToProviderAdapter.java:48)
06-11 23:06:46.433 16376 16376 W ND      : 	at Lg.a(InjectorBuilder.java:200)
06-11 23:06:46.433 16376 16376 W ND      : 	at Lg.a(InjectorBuilder.java:194)
06-11 23:06:46.433 16376 16376 W ND      : 	at Li.a(InjectorImpl.java:804)
06-11 23:06:46.433 16376 16376 W ND      : 	at Lf.a(InjectorBuilder.java:194)
06-11 23:06:46.433 16376 16376 W ND      : 	at Lf.b(InjectorBuilder.java:176)
06-11 23:06:46.433 16376 16376 W ND      : 	at Lf.a(InjectorBuilder.java:113)
06-11 23:06:46.433 16376 16376 W ND      : 	at KS.a(Guice.java:92)
06-11 23:06:46.433 16376 16376 W ND      : 	at roboguice.application.RoboApplication.b(RoboApplication.java:146)
06-11 23:06:46.433 16376 16376 W ND      : 	at roboguice.application.RoboApplication.a(RoboApplication.java:84)
06-11 23:06:46.433 16376 16376 W ND      : 	at com.google.android.apps.docs.GuiceContentProvider.a(GuiceContentProvider.java:36)
06-11 23:06:46.433 16376 16376 W ND      : 	at com.google.android.apps.docs.GuiceContentProvider.onCreate(GuiceContentProvider.java:27)
06-11 23:06:46.433 16376 16376 W ND      : 	at com.google.android.apps.docs.doclist.BaseSearchSuggestionProvider.onCreate(BaseSearchSuggestionProvider.java:88)
06-11 23:06:46.433 16376 16376 W ND      : 	at android.content.ContentProvider.attachInfo(ContentProvider.java:944)
06-11 23:06:46.433 16376 16376 W ND      : 	at android.app.ActivityThread.installProvider(ActivityThread.java:4237)
06-11 23:06:46.433 16376 16376 W ND      : 	at android.app.ActivityThread.installContentProviders(ActivityThread.java:3992)
06-11 23:06:46.433 16376 16376 W ND      : 	at android.app.ActivityThread.handleBindApplication(ActivityThread.java:3946)
06-11 23:06:46.433 16376 16376 W ND      : 	at android.app.ActivityThread.access$1300(ActivityThread.java:123)
06-11 23:06:46.433 16376 16376 W ND      : 	at android.app.ActivityThread$H.handleMessage(ActivityThread.java:1185)
06-11 23:06:46.433 16376 16376 W ND      : 	at android.os.Handler.dispatchMessage(Handler.java:99)
06-11 23:06:46.433 16376 16376 W ND      : 	at android.os.Looper.loop(Looper.java:137)
06-11 23:06:46.433 16376 16376 W ND      : 	at android.app.ActivityThread.main(ActivityThread.java:4424)
06-11 23:06:46.433 16376 16376 W ND      : 	at java.lang.reflect.Method.invokeNative(Native Method)
06-11 23:06:46.433 16376 16376 W ND      : 	at java.lang.reflect.Method.invoke(Method.java:511)
06-11 23:06:46.433 16376 16376 W ND      : 	at com.android.internal.os.ZygoteInit$MethodAndArgsCaller.run(ZygoteInit.java:784)
06-11 23:06:46.433 16376 16376 W ND      : 	at com.android.internal.os.ZygoteInit.main(ZygoteInit.java:551)
06-11 23:06:46.433 16376 16376 W ND      : 	at dalvik.system.NativeStart.main(Native Method)
06-11 23:06:46.465 16376 16376 I ND      : Failed to start reference finalizer thread. Reference cleanup will only occur when new references are created.
06-11 23:06:46.465 16376 16376 I ND      : java.lang.reflect.InvocationTargetException
06-11 23:06:46.465 16376 16376 I ND      : 	at java.lang.reflect.Method.invokeNative(Native Method)
06-11 23:06:46.465 16376 16376 I ND      : 	at java.lang.reflect.Method.invoke(Method.java:511)
06-11 23:06:46.465 16376 16376 I ND      : 	at ND.<init>(FinalizableReferenceQueue.java:124)
06-11 23:06:46.465 16376 16376 I ND      : 	at OT.<clinit>(MapMaker.java:787)
06-11 23:06:46.465 16376 16376 I ND      : 	at Ph.<init>(MapMaker.java:946)
06-11 23:06:46.465 16376 16376 I ND      : 	at Pb.a(MapMaker.java:312)
06-11 23:06:46.465 16376 16376 I ND      : 	at OX.a(MapMaker.java:498)
06-11 23:06:46.465 16376 16376 I ND      : 	at OX.a(MapMaker.java:419)
06-11 23:06:46.465 16376 16376 I ND      : 	at Nb.get(CustomConcurrentHashMap.java:2029)
06-11 23:06:46.465 16376 16376 I ND      : 	at MM.a(BytecodeGen.java:149)
06-11 23:06:46.465 16376 16376 I ND      : 	at MM.a(BytecodeGen.java:132)
06-11 23:06:46.465 16376 16376 I ND      : 	at MX.a(ConstructionContext.java:80)
06-11 23:06:46.465 16376 16376 I ND      : 	at KG.a(ConstructorInjector.java:70)
06-11 23:06:46.465 16376 16376 I ND      : 	at KF.a(ConstructorBindingImpl.java:111)
06-11 23:06:46.465 16376 16376 I ND      : 	at LU.a(ProviderToInternalFactoryAdapter.java:45)
06-11 23:06:46.465 16376 16376 I ND      : 	at Li.a(InjectorImpl.java:811)
06-11 23:06:46.465 16376 16376 I ND      : 	at LT.a(ProviderToInternalFactoryAdapter.java:42)
06-11 23:06:46.465 16376 16376 I ND      : 	at Mc.a(Scopes.java:54)
06-11 23:06:46.465 16376 16376 I ND      : 	at Lz.a(InternalFactoryToProviderAdapter.java:48)
06-11 23:06:46.465 16376 16376 I ND      : 	at KR.a(FactoryProxy.java:56)
06-11 23:06:46.465 16376 16376 I ND      : 	at Mi.a(SingleParameterInjector.java:42)
06-11 23:06:46.465 16376 16376 I ND      : 	at Mi.a(SingleParameterInjector.java:66)
06-11 23:06:46.465 16376 16376 I ND      : 	at KG.a(ConstructorInjector.java:84)
06-11 23:06:46.465 16376 16376 I ND      : 	at KF.a(ConstructorBindingImpl.java:111)
06-11 23:06:46.465 16376 16376 I ND      : 	at KR.a(FactoryProxy.java:56)
06-11 23:06:46.465 16376 16376 I ND      : 	at Mi.a(SingleParameterInjector.java:42)
06-11 23:06:46.465 16376 16376 I ND      : 	at Mi.a(SingleParameterInjector.java:66)
06-11 23:06:46.465 16376 16376 I ND      : 	at KG.a(ConstructorInjector.java:84)
06-11 23:06:46.465 16376 16376 I ND      : 	at KF.a(ConstructorBindingImpl.java:111)
06-11 23:06:46.465 16376 16376 I ND      : 	at LU.a(ProviderToInternalFactoryAdapter.java:45)
06-11 23:06:46.465 16376 16376 I ND      : 	at Li.a(InjectorImpl.java:811)
06-11 23:06:46.465 16376 16376 I ND      : 	at LT.a(ProviderToInternalFactoryAdapter.java:42)
06-11 23:06:46.465 16376 16376 I ND      : 	at Mc.a(Scopes.java:54)
06-11 23:06:46.465 16376 16376 I ND      : 	at Lz.a(InternalFactoryToProviderAdapter.java:48)
06-11 23:06:46.465 16376 16376 I ND      : 	at Lg.a(InjectorBuilder.java:200)
06-11 23:06:46.465 16376 16376 I ND      : 	at Lg.a(InjectorBuilder.java:194)
06-11 23:06:46.465 16376 16376 I ND      : 	at Li.a(InjectorImpl.java:804)
06-11 23:06:46.465 16376 16376 I ND      : 	at Lf.a(InjectorBuilder.java:194)
06-11 23:06:46.465 16376 16376 I ND      : 	at Lf.b(InjectorBuilder.java:176)
06-11 23:06:46.465 16376 16376 I ND      : 	at Lf.a(InjectorBuilder.java:113)
06-11 23:06:46.465 16376 16376 I ND      : 	at KS.a(Guice.java:92)
06-11 23:06:46.465 16376 16376 I ND      : 	at roboguice.application.RoboApplication.b(RoboApplication.java:146)
06-11 23:06:46.465 16376 16376 I ND      : 	at roboguice.application.RoboApplication.a(RoboApplication.java:84)
06-11 23:06:46.465 16376 16376 I ND      : 	at com.google.android.apps.docs.GuiceContentProvider.a(GuiceContentProvider.java:36)
06-11 23:06:46.465 16376 16376 I ND      : 	at com.google.android.apps.docs.GuiceContentProvider.onCreate(GuiceContentProvider.java:27)
06-11 23:06:46.465 16376 16376 I ND      : 	at com.google.android.apps.docs.doclist.BaseSearchSuggestionProvider.onCreate(BaseSearchSuggestionProvider.java:88)
06-11 23:06:46.465 16376 16376 I ND      : 	at android.content.ContentProvider.attachInfo(ContentProvider.java:944)
06-11 23:06:46.465 16376 16376 I ND      : 	at android.app.ActivityThread.installProvider(ActivityThread.java:4237)
06-11 23:06:46.465 16376 16376 I ND      : 	at android.app.ActivityThread.installContentProviders(ActivityThread.java:3992)
06-11 23:06:46.465 16376 16376 I ND      : 	at android.app.ActivityThread.handleBindApplication(ActivityThread.java:3946)
06-11 23:06:46.465 16376 16376 I ND      : 	at android.app.ActivityThread.access$1300(ActivityThread.java:123)
06-11 23:06:46.465 16376 16376 I ND      : 	at android.app.ActivityThread$H.handleMessage(ActivityThread.java:1185)
06-11 23:06:46.465 16376 16376 I ND      : 	at android.os.Handler.dispatchMessage(Handler.java:99)
06-11 23:06:46.465 16376 16376 I ND      : 	at android.os.Looper.loop(Looper.java:137)
06-11 23:06:46.465 16376 16376 I ND      : 	at android.app.ActivityThread.main(ActivityThread.java:4424)
06-11 23:06:46.465 16376 16376 I ND      : 	at java.lang.reflect.Method.invokeNative(Native Method)
06-11 23:06:46.465 16376 16376 I ND      : 	at java.lang.reflect.Method.invoke(Method.java:511)
06-11 23:06:46.465 16376 16376 I ND      : 	at com.android.internal.os.ZygoteInit$MethodAndArgsCaller.run(ZygoteInit.java:784)
06-11 23:06:46.465 16376 16376 I ND      : 	at com.android.internal.os.ZygoteInit.main(ZygoteInit.java:551)
06-11 23:06:46.465 16376 16376 I ND      : 	at dalvik.system.NativeStart.main(Native Method)
06-11 23:06:46.465 16376 16376 I ND      : Caused by: java.lang.IllegalArgumentException: Expected com.google.inject.internal.FinalizableReference.
06-11 23:06:46.465 16376 16376 I ND      : 	at NK.startFinalizer(Finalizer.java:77)
06-11 23:06:46.465 16376 16376 I ND      : 	... 60 more
06-11 23:06:46.508 16376 16378 D dalvikvm: GC_CONCURRENT freed 441K, 6% free 9844K/10375K, paused 11ms+3ms
06-11 23:06:46.550 16376 16376 I ActivityThread: Pub com.google.android.apps.docs.doclist.account_suggest: com.google.android.apps.docs.doclist.DocListAccountSuggestionProvider
06-11 23:06:46.558 16376 16376 I ActivityThread: Pub com.google.android.apps.docs: com.google.android.apps.docs.providers.DocListProvider
06-11 23:06:46.699 16357 16357 I MediaUploader: No need to wake up
06-11 23:06:46.800 15717 15944 D PicasaSyncManager: active network: NetworkInfo: type: WIFI[], state: CONNECTED/CONNECTED, reason: (unspecified), extra: (none), roaming: false, failover: false, isAvailable: true
06-11 23:06:46.800 15717 15944 D PicasaSyncManager: background data: true
06-11 23:06:46.855 16357 16357 I MediaUploader: No need to wake up
06-11 23:06:46.918 15717 15718 D dalvikvm: GC_CONCURRENT freed 589K, 6% free 11903K/12615K, paused 6ms+3ms
06-11 23:06:46.992 15717 15944 D PicasaSyncManager: active network: NetworkInfo: type: WIFI[], state: CONNECTED/CONNECTED, reason: (unspecified), extra: (none), roaming: false, failover: false, isAvailable: true
06-11 23:06:46.996 15717 15944 D PicasaSyncManager: background data: true
06-11 23:06:47.093 16376 16378 D dalvikvm: GC_CONCURRENT freed 437K, 6% free 9858K/10439K, paused 8ms+95ms
06-11 23:06:48.246   142   199 D ConnectivityService: handleInetConditionHoldEnd: net=1, condition=100, published condition=0
06-11 23:06:48.320   142   199 D ConnectivityService: ConnectivityChange for mobile: CONNECTED/CONNECTED
06-11 23:06:48.363   142   199 D NetUtils: android_net_utils_resetConnections in env=0x658290 clazz=0x39000001 iface=rmnet0 mask=0x3
06-11 23:06:48.363   142   199 D ConnectivityService: ConnectivityChange for mobile: DISCONNECTED/DISCONNECTED
06-11 23:06:48.363   142   199 D ConnectivityService: Attempting to switch to WIFI
06-11 23:06:48.363   142   199 D ConnectivityService: Attempting to switch to WIMAX
06-11 23:06:48.363   142   199 D ConnectivityService: Attempting to switch to BLUETOOTH_TETHER
06-11 23:06:48.363   142   199 D ConnectivityService: resetConnections(rmnet0, 3)
06-11 23:06:49.047   142   159 I ActivityManager: Start proc com.google.android.talk for broadcast com.google.android.talk/.ConnectionStateOnlineReceiver: pid=16410 uid=10047 gids={3003, 1015, 1006, 3002}
06-11 23:06:49.254 16410 16410 I ActivityThread: Pub com.google.android.talk.SuggestionProvider: com.google.android.talk.SuggestionsProvider
06-11 23:06:49.406 16410 16410 D vclib:CallStateClient: startListening
06-11 23:06:49.715 16410 16413 D dalvikvm: GC_CONCURRENT freed 176K, 3% free 9360K/9607K, paused 149ms+3ms
06-11 23:06:49.879   142   159 I ActivityManager: Start proc com.facebook.orca for service com.facebook.orca/.push.mqtt.MqttPushService: pid=16431 uid=10061 gids={3003, 1015, 1006}
06-11 23:06:49.890 16431 16431 I dalvikvm: Turning on JNI app bug workarounds for target SDK version 10...
06-11 23:06:49.972  9452  9454 D dalvikvm: GC_CONCURRENT freed 420K, 7% free 10234K/10887K, paused 12ms+3ms
06-11 23:06:50.277 16431 16431 I ActivityThread: Pub com.facebook.orca.notify.MessengerLoggedInUserProvider: com.facebook.orca.notify.MessengerLoggedInUserProvider
06-11 23:06:50.308 16431 16431 I ActivityThread: Pub com.facebook.orca.notify.MessengerForegroundProvider: com.facebook.orca.notify.MessengerForegroundProvider
06-11 23:06:50.312 16431 16431 V orca:OrcaApplication: Forcing initialization of AsyncTask
06-11 23:06:50.433 16431 16431 I Finalizer: Couldn't access Thread.inheritableThreadLocals. Reference finalizer threads will inherit thread local values.
06-11 23:06:50.433 16431 16434 D dalvikvm: GC_CONCURRENT freed 223K, 3% free 9330K/9607K, paused 2ms+2ms
06-11 23:06:50.668   142   421 I ActivityManager: Process com.android.sprintmenu (pid 14838) has died.
06-11 23:06:50.668   142   421 W ActivityManager: Scheduling restart of crashed service com.android.sprintmenu/.HiddenPhoneService in 5000ms
06-11 23:06:50.691 16431 16434 D dalvikvm: GC_CONCURRENT freed 383K, 5% free 9462K/9927K, paused 2ms+6ms
06-11 23:06:50.871 16431 16431 W OrcaGuiceModule: Sig: ijxLJi1yGs1JpL-X1SExmchvork
06-11 23:06:50.972 16431 16434 D dalvikvm: GC_CONCURRENT freed 279K, 4% free 9593K/9991K, paused 1ms+2ms
06-11 23:06:51.429   142   203 D Tethering: MasterInitialState.processMessage what=3
06-11 23:06:51.472 16431 16449 W Resources: Converting to string: TypedValue{t=0x10/d=0xffffffff a=-1}
06-11 23:06:51.504   142   203 D Tethering: MasterInitialState.processMessage what=3
06-11 23:06:51.644 16357 16357 I MediaUploader: No need to wake up
06-11 23:06:51.738 16431 16434 D dalvikvm: GC_CONCURRENT freed 277K, 4% free 9835K/10183K, paused 29ms+6ms
06-11 23:06:51.828 15717 15944 D PicasaSyncManager: active network: NetworkInfo: type: WIFI[], state: CONNECTED/CONNECTED, reason: (unspecified), extra: (none), roaming: false, failover: false, isAvailable: true
06-11 23:06:51.828 15717 15944 D PicasaSyncManager: background data: true
06-11 23:06:51.922 16431 16431 D ACRA    : Retrieve application default SharedPreferences.
06-11 23:06:51.922 16431 16431 D ACRA    : Set OnSharedPreferenceChangeListener.
06-11 23:06:51.925 16431 16431 D ACRA    : ACRA is enabled for com.facebook.orca, intializing...
06-11 23:06:52.015   142   199 D ConnectivityService: handleInetConditionHoldEnd: net=1, condition=100, published condition=100
06-11 23:06:52.039 16431 16434 D dalvikvm: GC_CONCURRENT freed 303K, 4% free 10063K/10439K, paused 2ms+10ms
06-11 23:06:52.101 16431 16449 D dalvikvm: GC_FOR_ALLOC freed 237K, 6% free 10113K/10695K, paused 45ms
06-11 23:06:52.109 16431 16431 D ACRA    : Looking for error files in /data/data/com.facebook.orca/app_acra-reports
06-11 23:06:52.172 16431 16449 D dalvikvm: GC_FOR_ALLOC freed 100K, 5% free 10210K/10695K, paused 39ms
06-11 23:06:52.226 16431 16449 D dalvikvm: GC_FOR_ALLOC freed 179K, 6% free 10228K/10823K, paused 28ms
06-11 23:06:52.379   142   919 I ActivityManager: Process com.google.android.apps.maps (pid 15728) has died.
06-11 23:06:52.441 16431 16434 D dalvikvm: GC_CONCURRENT freed 248K, 4% free 10492K/10823K, paused 2ms+9ms
06-11 23:06:52.457   142   422 D dalvikvm: GC_EXPLICIT freed 1596K, 22% free 18194K/23239K, paused 18ms+15ms
06-11 23:06:52.566 16357 16357 I MediaUploader: No need to wake up
06-11 23:06:52.644 15717 15944 D PicasaSyncManager: active network: NetworkInfo: type: WIFI[], state: CONNECTED/CONNECTED, reason: (unspecified), extra: (none), roaming: false, failover: false, isAvailable: true
06-11 23:06:52.668 15717 15944 D PicasaSyncManager: background data: true
06-11 23:06:52.773 16431 16434 D dalvikvm: GC_CONCURRENT freed 255K, 3% free 10753K/11079K, paused 83ms+12ms
06-11 23:06:52.945 16431 16434 D dalvikvm: GC_CONCURRENT freed 345K, 4% free 11047K/11463K, paused 2ms+5ms
06-11 23:06:53.300 16431 16434 D dalvikvm: GC_CONCURRENT freed 559K, 6% free 11216K/11847K, paused 3ms+3ms
06-11 23:06:53.496   142   917 I ActivityManager: Process com.whatsapp (pid 14858) has died.
06-11 23:06:53.496   142   917 W ActivityManager: Scheduling restart of crashed service com.whatsapp/.messaging.MessageService in 12170ms
06-11 23:06:55.300 16431 16434 D dalvikvm: GC_CONCURRENT freed 554K, 6% free 11318K/11975K, paused 5ms+3ms
06-11 23:06:55.683   142   159 I ActivityManager: Start proc com.android.sprintmenu for service com.android.sprintmenu/.HiddenPhoneService: pid=16465 uid=1001 gids={3002, 3001, 3003, 1015}
06-11 23:07:03.859   142   368 I ActivityManager: Process com.google.android.gsf.login (pid 14776) has died.
06-11 23:07:04.500 15296 15298 D dalvikvm: GC_CONCURRENT freed 721K, 11% free 13312K/14791K, paused 9ms+4ms
06-11 23:07:05.695   142   159 I ActivityManager: Start proc com.whatsapp for service com.whatsapp/.messaging.MessageService: pid=16500 uid=10070 gids={1015, 3003}
06-11 23:07:05.718 16500 16500 I dalvikvm: Turning on JNI app bug workarounds for target SDK version 7...
06-11 23:07:05.988 16500 16502 D dalvikvm: GC_CONCURRENT freed 173K, 3% free 9360K/9607K, paused 3ms+2ms
06-11 23:07:06.664   142   919 I ActivityManager: Process com.twitter.android (pid 15166) has died.
06-11 23:07:06.754 16500 16502 D dalvikvm: GC_CONCURRENT freed 304K, 4% free 9610K/9991K, paused 2ms+3ms
06-11 23:07:07.062 16500 16500 I SqliteDatabaseCpp: sqlite returned: error code = 1, msg = duplicate column name: photo_ts, db=/data/data/com.whatsapp/databases/msgstore.db
06-11 23:07:07.074 16500 16500 I SqliteDatabaseCpp: sqlite returned: error code = 1, msg = duplicate column name: thumb_ts, db=/data/data/com.whatsapp/databases/msgstore.db
06-11 23:07:07.074 16500 16500 I SqliteDatabaseCpp: sqlite returned: error code = 1, msg = duplicate column name: photo_id_timestamp, db=/data/data/com.whatsapp/databases/msgstore.db
06-11 23:07:07.211 16500 16500 I dalvikvm: Could not find method android.media.MediaMetadataRetriever.captureFrame, referenced from method com.whatsapp.d3.a
06-11 23:07:07.211 16500 16500 W dalvikvm: VFY: unable to resolve virtual method 496: Landroid/media/MediaMetadataRetriever;.captureFrame ()Landroid/graphics/Bitmap;
06-11 23:07:07.211 16500 16500 D dalvikvm: VFY: replacing opcode 0x6e at 0x0134
06-11 23:07:07.429 16500 16502 D dalvikvm: GC_CONCURRENT freed 433K, 5% free 9740K/10247K, paused 2ms+4ms
06-11 23:07:07.675 16500 16502 D dalvikvm: GC_CONCURRENT freed 214K, 4% free 9976K/10311K, paused 2ms+8ms
06-11 23:07:10.093 16141 16144 D dalvikvm: GC_CONCURRENT freed 498K, 6% free 10207K/10823K, paused 5ms+2ms
06-11 23:07:10.269 10558 10561 D dalvikvm: GC_CONCURRENT freed 524K, 8% free 10301K/11143K, paused 54ms+23ms
06-11 23:07:23.828 15296 15298 D dalvikvm: GC_CONCURRENT freed 1501K, 11% free 13171K/14791K, paused 10ms+4ms
06-11 23:07:46.058 15296 15298 D dalvikvm: GC_CONCURRENT freed 1180K, 11% free 13267K/14791K, paused 2ms+4ms
06-11 23:07:59.695 15296 15298 D dalvikvm: GC_CONCURRENT freed 1357K, 11% free 13214K/14791K, paused 3ms+4ms
06-11 23:08:11.175 10558 10561 D dalvikvm: GC_CONCURRENT freed 392K, 8% free 10322K/11143K, paused 1ms+2ms
06-11 23:08:11.519 15187 15200 I PhoneLab-: Service Running
06-11 23:08:11.597 15187 15200 I PhoneLab-LoggerService: app_38    1106  1     1260   820   c00f181c 400107b4 S logcat
06-11 23:08:11.597 15187 15200 I PhoneLab-LoggerService: Logcat pid from database 1106
06-11 23:08:11.597 15187 15200 I PhoneLab-LoggerService: Logcat process found 1106
06-11 23:08:11.597 15187 15200 I PhoneLab-LoggerService: Checking Threshold
06-11 23:08:22.492 15296 15298 D dalvikvm: GC_CONCURRENT freed 1250K, 11% free 13258K/14791K, paused 4ms+4ms
06-11 23:08:22.629   142   145 D dalvikvm: GC_CONCURRENT freed 1916K, 22% free 18211K/23239K, paused 3ms+19ms
06-11 23:08:36.550 15296 15298 D dalvikvm: GC_CONCURRENT freed 1625K, 13% free 12937K/14791K, paused 24ms+3ms
06-11 23:09:05.175 15296 15298 D dalvikvm: GC_CONCURRENT freed 783K, 10% free 13356K/14791K, paused 5ms+3ms
06-11 23:09:06.402   142   197 D DhcpInfoInternal: makeLinkProperties with empty dns2!
06-11 23:09:06.402   142   197 D DhcpInfoInternal: makeLinkProperties with empty dns2!
06-11 23:09:09.840   142   172 I ActivityManager: Start proc com.twitter.android for service com.twitter.android/.client.AppService: pid=16639 uid=10068 gids={3003, 1015}
06-11 23:09:09.847 16639 16639 I dalvikvm: Turning on JNI app bug workarounds for target SDK version 11...
06-11 23:09:09.980 16639 16639 I ActivityThread: Pub com.twitter.android.provider.GlobalDatabaseProvider: com.twitter.android.provider.GlobalDatabaseProvider
06-11 23:09:09.992 16639 16639 I ActivityThread: Pub com.twitter.android.provider.TwitterProvider: com.twitter.android.provider.TwitterProvider
06-11 23:09:10.082 16639 16641 D dalvikvm: GC_CONCURRENT freed 194K, 4% free 9290K/9607K, paused 3ms+2ms
06-11 23:09:10.586 16639 16641 D dalvikvm: GC_CONCURRENT freed 226K, 4% free 9509K/9863K, paused 16ms+3ms
06-11 23:09:10.746 16639 16641 D dalvikvm: GC_CONCURRENT freed 294K, 5% free 9633K/10055K, paused 2ms+2ms
06-11 23:09:11.008 16639 16641 D dalvikvm: GC_CONCURRENT freed 298K, 5% free 9761K/10183K, paused 14ms+2ms
06-11 23:09:11.234 16141 16144 D dalvikvm: GC_CONCURRENT freed 489K, 6% free 10209K/10823K, paused 2ms+22ms
06-11 23:09:11.465 16639 16641 D dalvikvm: GC_CONCURRENT freed 297K, 5% free 9887K/10311K, paused 2ms+2ms
06-11 23:09:11.609 16639 16641 D dalvikvm: GC_CONCURRENT freed 297K, 4% free 10026K/10439K, paused 6ms+2ms
06-11 23:09:11.758 16639 16641 D dalvikvm: GC_CONCURRENT freed 303K, 4% free 10145K/10567K, paused 1ms+2ms
06-11 23:09:11.910 16639 16641 D dalvikvm: GC_CONCURRENT freed 298K, 4% free 10276K/10695K, paused 1ms+2ms
06-11 23:09:12.113 16639 16641 D dalvikvm: GC_CONCURRENT freed 479K, 6% free 10218K/10823K, paused 2ms+5ms
06-11 23:09:12.273 16639 16641 D dalvikvm: GC_CONCURRENT freed 338K, 5% free 10297K/10823K, paused 2ms+2ms
06-11 23:09:12.437 16639 16641 D dalvikvm: GC_CONCURRENT freed 318K, 5% free 10385K/10823K, paused 2ms+2ms
06-11 23:09:12.586 16639 16641 D dalvikvm: GC_CONCURRENT freed 358K, 5% free 10469K/10951K, paused 1ms+3ms
06-11 23:09:12.738 16639 16641 D dalvikvm: GC_CONCURRENT freed 341K, 5% free 10551K/11015K, paused 6ms+2ms
06-11 23:09:12.883 16639 16641 D dalvikvm: GC_CONCURRENT freed 340K, 5% free 10635K/11079K, paused 4ms+2ms
06-11 23:09:13.043 16639 16641 D dalvikvm: GC_CONCURRENT freed 378K, 5% free 10724K/11207K, paused 2ms+8ms
06-11 23:09:13.207 16639 16641 D dalvikvm: GC_CONCURRENT freed 399K, 5% free 10818K/11335K, paused 2ms+2ms
06-11 23:09:14.535 16639 16641 D dalvikvm: GC_CONCURRENT freed 336K, 5% free 11002K/11463K, paused 2ms+3ms
06-11 23:09:15.586 16639 16653 D dalvikvm: GC_FOR_ALLOC freed 200K, 5% free 11169K/11655K, paused 89ms
06-11 23:09:15.679 16639 16653 D dalvikvm: GC_FOR_ALLOC freed 116K, 6% free 11285K/11911K, paused 40ms
06-11 23:09:15.687 16639 16653 I dalvikvm-heap: Grow heap (frag case) to 11.543MB for 476438-byte allocation
06-11 23:09:15.722 16639 16653 D dalvikvm: GC_FOR_ALLOC freed 232K, 8% free 11518K/12423K, paused 33ms
06-11 23:09:16.215 16639 16641 D dalvikvm: GC_CONCURRENT freed 234K, 4% free 11995K/12423K, paused 3ms+2ms
06-11 23:09:18.164 16639 16641 D dalvikvm: GC_CONCURRENT freed 1690K, 14% free 11188K/12999K, paused 9ms+5ms
06-11 23:09:19.664 15296 15298 D dalvikvm: GC_CONCURRENT freed 1705K, 13% free 13066K/14855K, paused 2ms+5ms
06-11 23:09:23.441 12941 12941 D dalvikvm: GC_FOR_ALLOC freed 1143K, 36% free 12509K/19399K, paused 44ms
06-11 23:09:23.515 12941 12941 D dalvikvm: GC_FOR_ALLOC freed 737K, 35% free 12721K/19399K, paused 35ms
06-11 23:09:23.578   142   916 I AudioService:   Remote Control   registerMediaButtonIntent() for PendingIntent{41a09ee8: PendingIntentRecord{41582ea8 com.spotify.mobile.android.ui broadcastIntent}}
06-11 23:09:23.789 12941 12943 D dalvikvm: GC_CONCURRENT freed 156K, 29% free 13798K/19399K, paused 4ms+11ms
06-11 23:09:26.539 12941 16675 W AudioTrack: obtainBuffer() track 0x6269f8 disabled, restarting
06-11 23:09:29.015 15296 15298 D dalvikvm: GC_CONCURRENT freed 1350K, 13% free 12964K/14855K, paused 2ms+10ms
06-11 23:09:42.879 15296 15298 D dalvikvm: GC_CONCURRENT freed 1024K, 12% free 13139K/14855K, paused 2ms+4ms
06-11 23:09:44.215   959   961 D dalvikvm: GC_CONCURRENT freed 439K, 27% free 10721K/14663K, paused 9ms+11ms
06-11 23:09:53.953 15296 15298 D dalvikvm: GC_CONCURRENT freed 1206K, 12% free 13199K/14855K, paused 40ms+4ms
06-11 23:10:06.504 15296 15298 D dalvikvm: GC_CONCURRENT freed 1145K, 11% free 13323K/14855K, paused 2ms+9ms
06-11 23:10:11.199 10558 10561 D dalvikvm: GC_CONCURRENT freed 509K, 8% free 10323K/11143K, paused 2ms+4ms
06-11 23:10:11.437 15187 15200 I PhoneLab-: Service Running
06-11 23:10:11.453   213   215 D dalvikvm: GC_CONCURRENT freed 263K, 31% free 10588K/15239K, paused 2ms+3ms
06-11 23:10:11.617   213   215 D dalvikvm: GC_CONCURRENT freed 563K, 32% free 10428K/15239K, paused 2ms+11ms
06-11 23:10:11.742 15187 15200 I PhoneLab-LoggerService: app_38    1106  1     1260   820   c00f181c 400107b4 S logcat
06-11 23:10:11.742 15187 15200 I PhoneLab-LoggerService: Logcat pid from database 1106
06-11 23:10:11.742 15187 15200 I PhoneLab-LoggerService: Logcat process found 1106
06-11 23:10:11.742 15187 15200 I PhoneLab-LoggerService: Checking Threshold
06-11 23:10:20.902 15296 15298 D dalvikvm: GC_CONCURRENT freed 1388K, 11% free 13251K/14855K, paused 14ms+4ms
06-11 23:10:30.929 15296 15298 D dalvikvm: GC_CONCURRENT freed 1404K, 12% free 13140K/14855K, paused 2ms+3ms
06-11 23:10:32.859 15296 15298 D dalvikvm: GC_CONCURRENT freed 1590K, 14% free 12796K/14855K, paused 4ms+3ms
06-11 23:10:40.191 15296 15298 D dalvikvm: GC_CONCURRENT freed 1100K, 14% free 12837K/14855K, paused 2ms+3ms
06-11 23:10:40.824   142   145 D dalvikvm: GC_CONCURRENT freed 2064K, 23% free 18068K/23239K, paused 4ms+7ms
06-11 23:10:54.953 15296 15298 D dalvikvm: GC_CONCURRENT freed 932K, 13% free 13048K/14855K, paused 4ms+3ms
06-11 23:11:00.355 10558 10561 D dalvikvm: GC_CONCURRENT freed 524K, 8% free 10330K/11143K, paused 3ms+3ms
06-11 23:11:00.476   213   215 D dalvikvm: GC_CONCURRENT freed 260K, 31% free 10561K/15239K, paused 2ms+3ms
06-11 23:11:00.586   213   215 D dalvikvm: GC_CONCURRENT freed 595K, 32% free 10460K/15239K, paused 1ms+10ms
06-11 23:11:05.496 15296 15298 D dalvikvm: GC_CONCURRENT freed 1317K, 13% free 12947K/14855K, paused 2ms+3ms
06-11 23:11:08.754 15296 15298 D dalvikvm: GC_CONCURRENT freed 1408K, 14% free 12823K/14855K, paused 2ms+6ms
06-11 23:11:11.047 16141 16144 D dalvikvm: GC_CONCURRENT freed 489K, 6% free 10231K/10823K, paused 2ms+3ms
06-11 23:11:14.515 15296 15298 D dalvikvm: GC_CONCURRENT freed 1209K, 14% free 12833K/14855K, paused 2ms+3ms
06-11 23:11:20.843 15296 15298 D dalvikvm: GC_CONCURRENT freed 1184K, 14% free 12893K/14855K, paused 2ms+10ms
06-11 23:11:25.953 15296 15298 D dalvikvm: GC_CONCURRENT freed 1233K, 14% free 12832K/14855K, paused 1ms+3ms
06-11 23:11:31.297   142   197 D DhcpInfoInternal: makeLinkProperties with empty dns2!
06-11 23:11:31.297   142   197 D DhcpInfoInternal: makeLinkProperties with empty dns2!
06-11 23:11:31.386 15296 15298 D dalvikvm: GC_CONCURRENT freed 1167K, 14% free 12885K/14855K, paused 2ms+4ms
06-11 23:11:40.832   142   922 I ActivityManager: Process com.google.android.talk (pid 16410) has died.
06-11 23:11:59.340 15296 15298 D dalvikvm: GC_CONCURRENT freed 799K, 11% free 13245K/14855K, paused 2ms+4ms
06-11 23:12:11.254   142   919 D dalvikvm: GC_EXPLICIT freed 1347K, 23% free 18059K/23239K, paused 3ms+10ms
06-11 23:12:11.359 10558 10561 D dalvikvm: GC_CONCURRENT freed 513K, 8% free 10323K/11143K, paused 2ms+3ms
06-11 23:12:11.437 15187 15200 I PhoneLab-: Service Running
06-11 23:12:11.523 15187 15200 I PhoneLab-LoggerService: app_38    1106  1     1260   820   c00f181c 400107b4 S logcat
06-11 23:12:11.527 15187 15200 I PhoneLab-LoggerService: Logcat pid from database 1106
06-11 23:12:11.527 15187 15200 I PhoneLab-LoggerService: Logcat process found 1106
06-11 23:12:11.527 15187 15200 I PhoneLab-LoggerService: Checking Threshold
06-11 23:12:17.093 15296 15298 D dalvikvm: GC_CONCURRENT freed 1347K, 12% free 13183K/14855K, paused 2ms+7ms
06-11 23:12:18.937  9452 10806 I EventLogService: Aggregate from 1339468938204 (log), 1339468938204 (data)
06-11 23:12:20.277 16500 16502 D dalvikvm: GC_CONCURRENT freed 497K, 6% free 9875K/10503K, paused 24ms+3ms
06-11 23:12:32.777 15296 15298 D dalvikvm: GC_CONCURRENT freed 1538K, 13% free 12974K/14855K, paused 1ms+4ms
06-11 23:12:45.660 15296 15298 D dalvikvm: GC_CONCURRENT freed 995K, 12% free 13192K/14855K, paused 2ms+4ms
06-11 23:12:53.750 15296 15298 D dalvikvm: GC_CONCURRENT freed 1420K, 12% free 13098K/14855K, paused 1ms+3ms
06-11 23:13:00.820 12941 12943 D dalvikvm: GC_CONCURRENT freed 1816K, 31% free 13501K/19399K, paused 15ms+5ms
06-11 23:13:07.695 15296 15298 D dalvikvm: GC_CONCURRENT freed 1110K, 11% free 13236K/14855K, paused 29ms+8ms
06-11 23:13:11.097 16141 16144 D dalvikvm: GC_CONCURRENT freed 505K, 6% free 10238K/10823K, paused 1ms+4ms
06-11 23:13:11.211  9452 11162 D dalvikvm: GC_EXPLICIT freed 340K, 6% free 10242K/10887K, paused 5ms+5ms
06-11 23:13:21.976 15296 15298 D dalvikvm: GC_CONCURRENT freed 1197K, 11% free 13329K/14855K, paused 2ms+6ms
06-11 23:13:35.535 15296 15298 D dalvikvm: GC_CONCURRENT freed 1388K, 11% free 13266K/14855K, paused 2ms+4ms
06-11 23:13:37.582 15296 15298 D dalvikvm: GC_CONCURRENT freed 1698K, 14% free 12902K/14855K, paused 1ms+3ms
06-11 23:13:42.957 15296 15298 D dalvikvm: GC_CONCURRENT freed 1379K, 14% free 12796K/14855K, paused 6ms+4ms
06-11 23:13:47.562 15296 15298 D dalvikvm: GC_CONCURRENT freed 1159K, 14% free 12863K/14855K, paused 4ms+3ms
06-11 23:13:56.086   142   197 D DhcpInfoInternal: makeLinkProperties with empty dns2!
06-11 23:13:56.086   142   197 D DhcpInfoInternal: makeLinkProperties with empty dns2!
06-11 23:14:01.422 15296 15298 D dalvikvm: GC_CONCURRENT freed 1131K, 13% free 12979K/14855K, paused 2ms+6ms
06-11 23:14:01.812 15296 15298 D dalvikvm: GC_CONCURRENT freed 1471K, 14% free 12789K/14855K, paused 2ms+3ms
06-11 23:14:02.484   959   961 D dalvikvm: GC_CONCURRENT freed 440K, 27% free 10721K/14663K, paused 2ms+3ms
06-11 23:14:04.761 15296 15298 D dalvikvm: GC_CONCURRENT freed 1122K, 14% free 12858K/14855K, paused 2ms+3ms
06-11 23:14:11.238 10558 10561 D dalvikvm: GC_CONCURRENT freed 527K, 8% free 10308K/11143K, paused 2ms+5ms
06-11 23:14:11.441 15187 15200 I PhoneLab-: Service Running
06-11 23:14:11.480 15187 15200 I PhoneLab-LoggerService: app_38    1106  1     1260   820   c00f181c 400107b4 S logcat
06-11 23:14:11.484 15187 15200 I PhoneLab-LoggerService: Logcat pid from database 1106
06-11 23:14:11.484 15187 15200 I PhoneLab-LoggerService: Logcat process found 1106
06-11 23:14:11.484 15187 15200 I PhoneLab-LoggerService: Checking Threshold
06-11 23:14:18.402 15296 15298 D dalvikvm: GC_CONCURRENT freed 842K, 12% free 13188K/14855K, paused 2ms+4ms
06-11 23:14:20.406 16639 16641 D dalvikvm: GC_CONCURRENT freed 507K, 14% free 11290K/12999K, paused 9ms+3ms
06-11 23:14:21.109 16639 16970 I DatabaseHelper: Begin cleanup.
06-11 23:14:22.445 16639 16970 I DatabaseHelper: Cleaned up: 186
06-11 23:14:51.207 15296 15298 D dalvikvm: GC_CONCURRENT freed 1177K, 11% free 13276K/14855K, paused 2ms+3ms
06-11 23:15:11.140 16141 16144 D dalvikvm: GC_CONCURRENT freed 506K, 6% free 10238K/10823K, paused 2ms+3ms
06-11 23:15:11.281 15296 15298 D dalvikvm: GC_CONCURRENT freed 1415K, 12% free 13156K/14855K, paused 2ms+4ms
06-11 23:15:11.433   142   145 D dalvikvm: GC_CONCURRENT freed 1926K, 23% free 18055K/23239K, paused 3ms+12ms
06-11 23:15:19.523 15296 15298 D dalvikvm: GC_CONCURRENT freed 1500K, 13% free 12942K/14855K, paused 1ms+12ms
06-11 23:15:33.914 15296 15298 D dalvikvm: GC_CONCURRENT freed 936K, 12% free 13205K/14855K, paused 5ms+6ms
06-11 23:15:34.519   142   366 I ActivityManager: Process com.google.android.apps.googlevoice (pid 15062) has died.
06-11 23:15:34.523   142   366 W ActivityManager: Scheduling restart of crashed service com.google.android.apps.googlevoice/.UpdateService in 5000ms
06-11 23:15:34.523   142   366 W ActivityManager: Scheduling restart of crashed service com.google.android.apps.googlevoice/.CallLogService in 15000ms
06-11 23:15:39.613   142   159 I ActivityManager: Start proc com.google.android.apps.googlevoice for service com.google.android.apps.googlevoice/.UpdateService: pid=17027 uid=10056 gids={3003, 1015}
06-11 23:15:40.144 17027 17028 D dalvikvm: GC_CONCURRENT freed 251K, 4% free 9285K/9607K, paused 21ms+8ms
06-11 23:15:40.652 17027 17028 D dalvikvm: GC_CONCURRENT freed 412K, 5% free 9444K/9927K, paused 1ms+2ms
06-11 23:15:40.652 17027 17036 W CursorWrapperInner: Cursor finalized without prior close()
06-11 23:15:40.652 17027 17036 W CursorWrapperInner: Cursor finalized without prior close()
06-11 23:15:40.652 17027 17036 W CursorWrapperInner: Cursor finalized without prior close()
06-11 23:15:40.722 15079 15111 D dalvikvm: GC_EXPLICIT freed 244K, 7% free 9746K/10439K, paused 4ms+9ms
06-11 23:15:41.019 17027 17028 D dalvikvm: GC_CONCURRENT freed 332K, 5% free 9641K/10055K, paused 3ms+2ms
06-11 23:15:41.258 15079 15081 D dalvikvm: GC_CONCURRENT freed 341K, 6% free 9917K/10439K, paused 6ms+4ms
06-11 23:15:41.437 17027 17050 D dalvikvm: GC_FOR_ALLOC freed 185K, 5% free 9754K/10247K, paused 36ms
06-11 23:15:42.562 15296 15298 D dalvikvm: GC_CONCURRENT freed 1356K, 12% free 13124K/14855K, paused 19ms+3ms
06-11 23:15:52.851 15296 15298 D dalvikvm: GC_CONCURRENT freed 1166K, 12% free 13212K/14855K, paused 7ms+3ms
06-11 23:16:04.574 15296 15298 D dalvikvm: GC_CONCURRENT freed 1169K, 11% free 13336K/14855K, paused 2ms+3ms
06-11 23:16:09.996   142   917 D dalvikvm: GC_EXPLICIT freed 1041K, 23% free 17979K/23239K, paused 13ms+9ms
06-11 23:16:10.019   142   142 I ActivityManager: Process android.process.media (pid 14979) has died.
06-11 23:16:11.414 10558 10561 D dalvikvm: GC_CONCURRENT freed 497K, 8% free 10322K/11143K, paused 2ms+3ms
06-11 23:16:11.437 15187 15200 I PhoneLab-: Service Running
06-11 23:16:11.508 15187 15200 I PhoneLab-LoggerService: app_38    1106  1     1260   820   c00f181c 400107b4 S logcat
06-11 23:16:11.511 15187 15200 I PhoneLab-LoggerService: Logcat pid from database 1106
06-11 23:16:11.511 15187 15200 I PhoneLab-LoggerService: Logcat process found 1106
06-11 23:16:11.511 15187 15200 I PhoneLab-LoggerService: Checking Threshold
06-11 23:16:19.945 15296 15298 D dalvikvm: GC_CONCURRENT freed 1377K, 11% free 13301K/14855K, paused 34ms+15ms
06-11 23:16:20.734   142   197 D DhcpInfoInternal: makeLinkProperties with empty dns2!
06-11 23:16:20.734   142   197 D DhcpInfoInternal: makeLinkProperties with empty dns2!
06-11 23:16:21.054 15296 15298 D dalvikvm: GC_CONCURRENT freed 1735K, 14% free 12905K/14855K, paused 5ms+3ms
06-11 23:16:23.836 15296 15323 W ResponseProcessCookies: Cookie rejected: "BasicClientCookie[version=0,name=admobuu,domain=.wordpress.com,path=/,expiry=Thu Dec 31 19:00:00 EST 2037]". Illegal domain attribute "wordpress.com". Domain of origin: "healthland.time.com"
06-11 23:16:28.383 15296 15298 D dalvikvm: GC_CONCURRENT freed 1161K, 14% free 12915K/14855K, paused 3ms+3ms
06-11 23:16:43.953 15296 15298 D dalvikvm: GC_CONCURRENT freed 850K, 11% free 13252K/14855K, paused 4ms+3ms
06-11 23:16:46.519 15296 15298 D dalvikvm: GC_CONCURRENT freed 1793K, 14% free 12840K/14855K, paused 2ms+3ms
06-11 23:16:56.484 15296 15298 D dalvikvm: GC_CONCURRENT freed 1192K, 14% free 12806K/14855K, paused 8ms+3ms
06-11 23:17:05.437   142   918 I AudioService:   Remote Control   registerMediaButtonIntent() for PendingIntent{418a24b8: PendingIntentRecord{41582ea8 com.spotify.mobile.android.ui broadcastIntent}}
06-11 23:17:05.601 12941 12941 D dalvikvm: GC_FOR_ALLOC freed 1591K, 32% free 13240K/19399K, paused 59ms
06-11 23:17:11.429 16141 16144 D dalvikvm: GC_CONCURRENT freed 511K, 6% free 10234K/10823K, paused 1ms+9ms
06-11 23:17:33.683 12941 12943 D dalvikvm: GC_CONCURRENT freed 1556K, 34% free 12961K/19399K, paused 2ms+5ms
06-11 23:18:11.402 10558 10561 D dalvikvm: GC_CONCURRENT freed 530K, 8% free 10303K/11143K, paused 2ms+3ms
06-11 23:18:11.437 15187 15200 I PhoneLab-: Service Running
06-11 23:18:11.472 15187 15200 I PhoneLab-LoggerService: app_38    1106  1     1260   820   c00f181c 400107b4 S logcat
06-11 23:18:11.472 15187 15200 I PhoneLab-LoggerService: Logcat pid from database 1106
06-11 23:18:11.472 15187 15200 I PhoneLab-LoggerService: Logcat process found 1106
06-11 23:18:11.472 15187 15200 I PhoneLab-LoggerService: Checking Threshold
06-11 23:18:15.777   959   961 D dalvikvm: GC_CONCURRENT freed 439K, 27% free 10721K/14663K, paused 2ms+4ms
06-11 23:18:35.523 15187 15187 I PhoneLab-Locks: wake lock acquired
06-11 23:18:35.578 15187 17163 I PhoneLab-PeriodicCheckService: User info is synched
06-11 23:18:35.578 15187 17163 I PhoneLab-PeriodicCheckService: Logger Service is running
06-11 23:18:35.586 15187 15187 I PhoneLab-Locks: wake lock acquired
06-11 23:18:35.593 15187 15187 I PhoneLab-StatusMonitor: Status Monitoring is started
06-11 23:18:35.593 15187 17163 I PhoneLab-Locks: wake lock acquired
06-11 23:18:35.593 15187 17163 I PhoneLab-PeriodicCheckService: Rescheduling periodic checking...
06-11 23:18:35.601 15187 17163 I PhoneLab-Locks: wake lock released
06-11 23:18:35.629 15187 15187 E PhoneLab-PhoneLabManifest: java.io.FileNotFoundException: /data/data/edu.buffalo.cse.phonelab.phonelabservices/files/manifest.xml: open failed: ENOENT (No such file or directory)
06-11 23:18:35.640 15187 15187 I PhoneLab-Locks: wake lock released
06-11 23:18:35.640 15187 15187 I PhoneLab-UploadLogs: Transfering log files now
06-11 23:18:35.640 15187 15187 I PhoneLab-UploadLogs: No log files to transfer
06-11 23:18:35.640 15187 15187 I PhoneLab-Locks: wake lock released
06-11 23:18:35.640 15187 15187 I PhoneLab-UploadLogs: OnStartCommand
06-11 23:18:45.449   142   197 D DhcpInfoInternal: makeLinkProperties with empty dns2!
06-11 23:18:45.449   142   197 D DhcpInfoInternal: makeLinkProperties with empty dns2!
06-11 23:19:11.383 16141 16144 D dalvikvm: GC_CONCURRENT freed 511K, 6% free 10235K/10823K, paused 6ms+3ms
06-11 23:19:22.633 16639 16641 D dalvikvm: GC_CONCURRENT freed 581K, 13% free 11364K/12999K, paused 7ms+2ms
06-11 23:19:25.808 16639 16641 D dalvikvm: GC_CONCURRENT freed 639K, 12% free 11443K/12999K, paused 6ms+3ms
06-11 23:19:45.496   142   158 V BackupManagerService: Running a backup pass
06-11 23:19:45.511   142   212 V BackupManagerService: Backup requested but nothing pending
06-11 23:20:00.492   142   145 D dalvikvm: GC_CONCURRENT freed 1932K, 23% free 18094K/23239K, paused 4ms+11ms
06-11 23:20:11.437 15187 15200 I PhoneLab-: Service Running
06-11 23:20:11.605 10558 10561 D dalvikvm: GC_CONCURRENT freed 473K, 8% free 10309K/11143K, paused 1ms+3ms
06-11 23:20:11.695 15187 15200 I PhoneLab-LoggerService: app_38    1106  1     1260   820   c00f181c 400107b4 S logcat
06-11 23:20:11.695 15187 15200 I PhoneLab-LoggerService: Logcat pid from database 1106
06-11 23:20:11.695 15187 15200 I PhoneLab-LoggerService: Logcat process found 1106
06-11 23:20:11.695 15187 15200 I PhoneLab-LoggerService: Checking Threshold
06-11 23:20:11.711 15187 15190 D dalvikvm: GC_CONCURRENT freed 433K, 6% free 9115K/9671K, paused 2ms+2ms
06-11 23:21:10.375   142   197 D DhcpInfoInternal: makeLinkProperties with empty dns2!
06-11 23:21:10.390   142   197 D DhcpInfoInternal: makeLinkProperties with empty dns2!
06-11 23:21:11.429 16141 16144 D dalvikvm: GC_CONCURRENT freed 506K, 6% free 10239K/10823K, paused 2ms+2ms
06-11 23:21:11.652 10558 10561 D dalvikvm: GC_CONCURRENT freed 413K, 8% free 10296K/11143K, paused 7ms+2ms
06-11 23:22:11.453 15187 15200 I PhoneLab-: Service Running
06-11 23:22:11.605 15187 15200 I PhoneLab-LoggerService: app_38    1106  1     1260   820   c00f181c 400107b4 S logcat
06-11 23:22:11.609 15187 15200 I PhoneLab-LoggerService: Logcat pid from database 1106
06-11 23:22:11.609 15187 15200 I PhoneLab-LoggerService: Logcat process found 1106
06-11 23:22:11.609 15187 15200 I PhoneLab-LoggerService: Checking Threshold
06-11 23:22:34.027   959   961 D dalvikvm: GC_CONCURRENT freed 439K, 27% free 10721K/14663K, paused 8ms+4ms
06-11 23:23:11.597   142   145 D dalvikvm: GC_CONCURRENT freed 1600K, 21% free 18414K/23239K, paused 3ms+19ms
06-11 23:23:11.793 16141 16144 D dalvikvm: GC_CONCURRENT freed 505K, 6% free 10236K/10823K, paused 2ms+3ms
06-11 23:23:11.847 10558 10561 D dalvikvm: GC_CONCURRENT freed 485K, 8% free 10319K/11143K, paused 1ms+3ms
06-11 23:23:35.285   142   197 D DhcpInfoInternal: makeLinkProperties with empty dns2!
06-11 23:23:35.289   142   197 D DhcpInfoInternal: makeLinkProperties with empty dns2!
06-11 23:23:49.609    82   122 W AudioTrack: stepServer() could not lock cblk
06-11 23:24:11.437 15187 15200 I PhoneLab-: Service Running
06-11 23:24:11.601 10558 10558 D dalvikvm: GC_EXPLICIT freed 180K, 8% free 10258K/11143K, paused 2ms+9ms
06-11 23:24:11.629 15187 15200 I PhoneLab-LoggerService: app_38    1106  1     1260   820   c00f181c 400107b4 S logcat
06-11 23:24:11.629 15187 15200 I PhoneLab-LoggerService: Logcat pid from database 1106
06-11 23:24:11.629 15187 15200 I PhoneLab-LoggerService: Logcat process found 1106
06-11 23:24:11.629 15187 15200 I PhoneLab-LoggerService: Checking Threshold
06-11 23:25:11.652 16141 16144 D dalvikvm: GC_CONCURRENT freed 483K, 6% free 10237K/10823K, paused 4ms+2ms
06-11 23:25:11.726 10558 10561 D dalvikvm: GC_CONCURRENT freed 477K, 8% free 10289K/11143K, paused 3ms+6ms
06-11 23:26:00.121   142   197 D DhcpInfoInternal: makeLinkProperties with empty dns2!
06-11 23:26:00.121   142   197 D DhcpInfoInternal: makeLinkProperties with empty dns2!
06-11 23:26:10.609 16141 16172 D dalvikvm: GC_FOR_ALLOC freed 39K, 6% free 10232K/10823K, paused 68ms
06-11 23:26:10.609 16141 16172 I dalvikvm-heap: Grow heap (frag case) to 10.092MB for 32784-byte allocation
06-11 23:26:10.636 16141 16172 D dalvikvm: GC_FOR_ALLOC freed 1K, 6% free 10263K/10887K, paused 24ms
06-11 23:26:11.437 15187 15200 I PhoneLab-: Service Running
06-11 23:26:11.597 15187 15200 I PhoneLab-LoggerService: app_38    1106  1     1260   820   c00f181c 400107b4 S logcat
06-11 23:26:11.597 15187 15200 I PhoneLab-LoggerService: Logcat pid from database 1106
06-11 23:26:11.597 15187 15200 I PhoneLab-LoggerService: Logcat process found 1106
06-11 23:26:11.597 15187 15200 I PhoneLab-LoggerService: Checking Threshold
06-11 23:26:11.769   142   368 D dalvikvm: GC_EXPLICIT freed 1298K, 23% free 17989K/23239K, paused 8ms+12ms
06-11 23:26:11.840 16141 16144 D dalvikvm: GC_CONCURRENT freed 387K, 6% free 10324K/10887K, paused 6ms+7ms
06-11 23:26:38.187 12941 12941 D dalvikvm: GC_FOR_ALLOC freed 1312K, 35% free 12725K/19399K, paused 28ms
06-11 23:26:38.297   142   922 I AudioService:   Remote Control   registerMediaButtonIntent() for PendingIntent{41bc2d80: PendingIntentRecord{41582ea8 com.spotify.mobile.android.ui broadcastIntent}}
06-11 23:26:38.301 12941 12943 D dalvikvm: GC_CONCURRENT freed 108K, 29% free 13780K/19399K, paused 2ms+8ms
06-11 23:26:39.933 12941 17270 W AudioTrack: obtainBuffer() track 0x9144d8 disabled, restarting
06-11 23:26:52.668   959   961 D dalvikvm: GC_CONCURRENT freed 439K, 27% free 10721K/14663K, paused 2ms+5ms
06-11 23:27:11.781 16141 16144 D dalvikvm: GC_CONCURRENT freed 429K, 5% free 10372K/10887K, paused 2ms+7ms
06-11 23:27:11.851 10558 10561 D dalvikvm: GC_CONCURRENT freed 500K, 8% free 10297K/11143K, paused 2ms+2ms
06-11 23:27:18.398   142   172 I ActivityManager: Start proc com.google.android.apps.maps for service com.google.android.apps.maps/com.google.googlenav.prefetch.android.PrefetcherService: pid=17273 uid=10057 gids={3003, 1015}
06-11 23:27:18.484    80    80 D dalvikvm: GC_EXPLICIT freed 38K, 4% free 9031K/9347K, paused 6ms+6ms
06-11 23:27:18.574    80    80 D dalvikvm: GC_EXPLICIT freed <1K, 4% free 9031K/9347K, paused 2ms+15ms
06-11 23:27:18.656    80    80 D dalvikvm: GC_EXPLICIT freed <1K, 4% free 9031K/9347K, paused 1ms+4ms
06-11 23:27:18.758 17273 17274 D dalvikvm: GC_CONCURRENT freed 174K, 3% free 9362K/9607K, paused 11ms+3ms
06-11 23:27:18.836 17273 17273 I ActivityThread: Pub com.google.android.maps.SearchHistoryProvider: com.google.googlenav.provider.SearchHistoryProvider
06-11 23:27:18.859 17273 17273 I ActivityThread: Pub com.google.android.maps.SuggestionProvider: com.google.googlenav.suggest.android.SuggestContentProvider
06-11 23:27:18.879 17273 17273 I ActivityThread: Pub com.google.android.maps.LayerInfoProvider: com.google.googlenav.layer.LayerInfoProvider
06-11 23:27:18.886 17273 17273 I ActivityThread: Pub com.google.android.maps.TrafficAppWidgetProvider: com.google.googlenav.appwidget.traffic.TrafficAppWidgetProvider
06-11 23:27:18.902 17273 17273 I ActivityThread: Pub com.google.android.maps.LocalActivePlacesProvider: com.google.googlenav.provider.LocalActivePlacesProvider
06-11 23:27:18.902 17273 17273 I ActivityThread: Pub com.google.android.maps.StarredItemProvider: com.google.googlenav.provider.StarredItemProvider
06-11 23:27:18.996 17273 17274 D dalvikvm: GC_CONCURRENT freed 163K, 3% free 9679K/9927K, paused 10ms+2ms
06-11 23:27:19.191 17273 17273 I ActivityThread: Pub com.google.android.maps.LocalSuggestionProvider: com.google.googlenav.provider.LocalSuggestionProvider
06-11 23:27:19.191 17273 17273 I ActivityThread: Pub com.google.android.maps.NavigationAvailabilityProvider: com.google.googlenav.provider.NavigationAvailabilityProvider
06-11 23:27:19.215   142   368 I ActivityManager: Process com.google.android.apps.maps:FriendService (pid 16177) has died.
06-11 23:27:19.273 17273 17274 D dalvikvm: GC_CONCURRENT freed 215K, 4% free 9899K/10247K, paused 5ms+2ms
06-11 23:27:19.492 17273 17274 D dalvikvm: GC_CONCURRENT freed 233K, 4% free 10157K/10503K, paused 2ms+5ms
06-11 23:28:11.441 15187 15200 I PhoneLab-: Service Running
06-11 23:28:11.504 15187 15200 I PhoneLab-LoggerService: app_38    1106  1     1260   820   c00f181c 400107b4 S logcat
06-11 23:28:11.515 15187 15200 I PhoneLab-LoggerService: Logcat pid from database 1106
06-11 23:28:11.515 15187 15200 I PhoneLab-LoggerService: Logcat process found 1106
06-11 23:28:11.515 15187 15200 I PhoneLab-LoggerService: Checking Threshold
06-11 23:28:25.152   142   197 D DhcpInfoInternal: makeLinkProperties with empty dns2!
06-11 23:28:25.152   142   197 D DhcpInfoInternal: makeLinkProperties with empty dns2!
06-11 23:29:11.824 16141 16144 D dalvikvm: GC_CONCURRENT freed 489K, 6% free 10370K/10951K, paused 2ms+2ms
06-11 23:29:11.890 10558 10561 D dalvikvm: GC_CONCURRENT freed 499K, 8% free 10295K/11143K, paused 2ms+3ms
06-11 23:29:12.500   142   421 I ActivityManager: Process com.google.android.apps.docs (pid 16376) has died.
06-11 23:29:29.437 16639 16641 D dalvikvm: GC_CONCURRENT freed 726K, 13% free 11417K/12999K, paused 12ms+3ms
06-11 23:30:10.582   142   145 D dalvikvm: GC_CONCURRENT freed 1910K, 23% free 18018K/23239K, paused 6ms+11ms
06-11 23:30:11.441 15187 15200 I PhoneLab-: Service Running
06-11 23:30:11.500 15187 15200 I PhoneLab-LoggerService: app_38    1106  1     1260   820   c00f181c 400107b4 S logcat
06-11 23:30:11.500 15187 15200 I PhoneLab-LoggerService: Logcat pid from database 1106
06-11 23:30:11.500 15187 15200 I PhoneLab-LoggerService: Logcat process found 1106
06-11 23:30:11.500 15187 15200 I PhoneLab-LoggerService: Checking Threshold
06-11 23:30:11.988   213   215 D dalvikvm: GC_CONCURRENT freed 460K, 32% free 10421K/15239K, paused 9ms+3ms
06-11 23:30:12.086   213   213 D dalvikvm: GC_FOR_ALLOC freed 401K, 32% free 10388K/15239K, paused 17ms
06-11 23:30:12.172   213   215 D dalvikvm: GC_CONCURRENT freed 327K, 31% free 10527K/15239K, paused 2ms+4ms
06-11 23:30:12.351   213   215 D dalvikvm: GC_CONCURRENT freed 404K, 31% free 10567K/15239K, paused 2ms+3ms
06-11 23:30:22.054 10558 10561 D dalvikvm: GC_CONCURRENT freed 498K, 8% free 10291K/11143K, paused 2ms+2ms
06-11 23:30:22.117   213   213 D dalvikvm: GC_FOR_ALLOC freed 555K, 32% free 10382K/15239K, paused 21ms
06-11 23:30:22.222   213   215 D dalvikvm: GC_CONCURRENT freed 377K, 32% free 10502K/15239K, paused 1ms+12ms
06-11 23:30:49.945   142   197 D DhcpInfoInternal: makeLinkProperties with empty dns2!
06-11 23:30:49.945   142   197 D DhcpInfoInternal: makeLinkProperties with empty dns2!
06-11 23:31:11.051   959   961 D dalvikvm: GC_CONCURRENT freed 439K, 27% free 10721K/14663K, paused 2ms+5ms
06-11 23:31:11.937 16141 16144 D dalvikvm: GC_CONCURRENT freed 516K, 6% free 10375K/11015K, paused 2ms+6ms
06-11 23:32:11.441 15187 15200 I PhoneLab-: Service Running
06-11 23:32:11.570 15187 15200 I PhoneLab-LoggerService: app_38    1106  1     1260   820   c00f181c 400107b4 S logcat
06-11 23:32:11.574 15187 15200 I PhoneLab-LoggerService: Logcat pid from database 1106
06-11 23:32:11.574 15187 15200 I PhoneLab-LoggerService: Logcat process found 1106
06-11 23:32:11.574 15187 15200 I PhoneLab-LoggerService: Checking Threshold
06-11 23:32:12.035 10558 10561 D dalvikvm: GC_CONCURRENT freed 498K, 8% free 10304K/11143K, paused 1ms+3ms
06-11 23:32:16.976 15079 15111 D dalvikvm: GC_EXPLICIT freed 309K, 7% free 9806K/10439K, paused 10ms+5ms
06-11 23:33:03.773 12941 12943 D dalvikvm: GC_CONCURRENT freed 1910K, 31% free 13456K/19399K, paused 2ms+13ms
06-11 23:33:12.051 16141 16144 D dalvikvm: GC_CONCURRENT freed 492K, 6% free 10374K/11015K, paused 9ms+6ms
06-11 23:33:12.258 10558 10561 D dalvikvm: GC_CONCURRENT freed 339K, 7% free 10368K/11143K, paused 2ms+2ms
06-11 23:33:13.109 10558 10561 D dalvikvm: GC_CONCURRENT freed 224K, 6% free 10549K/11143K, paused 2ms+2ms
06-11 23:33:14.847   142   197 D DhcpInfoInternal: makeLinkProperties with empty dns2!
06-11 23:33:14.847   142   197 D DhcpInfoInternal: makeLinkProperties with empty dns2!
06-11 23:34:11.437 15187 15200 I PhoneLab-: Service Running
06-11 23:34:11.472 15187 15200 I PhoneLab-LoggerService: app_38    1106  1     1260   820   c00f181c 400107b4 S logcat
06-11 23:34:11.472 15187 15200 I PhoneLab-LoggerService: Logcat pid from database 1106
06-11 23:34:11.472 15187 15200 I PhoneLab-LoggerService: Logcat process found 1106
06-11 23:34:11.472 15187 15200 I PhoneLab-LoggerService: Checking Threshold
06-11 23:34:12.105 10558 10561 D dalvikvm: GC_CONCURRENT freed 671K, 8% free 10309K/11143K, paused 1ms+2ms
06-11 23:34:33.726 16639 16641 D dalvikvm: GC_CONCURRENT freed 628K, 12% free 11511K/12999K, paused 11ms+2ms
06-11 23:34:59.566   142   145 D dalvikvm: GC_CONCURRENT freed 1915K, 23% free 18035K/23239K, paused 17ms+9ms
06-11 23:35:10.812   142   366 D dalvikvm: GC_EXPLICIT freed 157K, 23% free 17944K/23239K, paused 4ms+7ms
06-11 23:35:12.269 16141 16144 D dalvikvm: GC_CONCURRENT freed 497K, 6% free 10377K/11015K, paused 1ms+13ms
06-11 23:35:24.316   959   961 D dalvikvm: GC_CONCURRENT freed 439K, 27% free 10721K/14663K, paused 2ms+4ms
06-11 23:35:39.484   142   197 D DhcpInfoInternal: makeLinkProperties with empty dns2!
06-11 23:35:39.484   142   197 D DhcpInfoInternal: makeLinkProperties with empty dns2!
06-11 23:36:11.453 15187 15200 I PhoneLab-: Service Running
06-11 23:36:11.504 15187 15200 I PhoneLab-LoggerService: app_38    1106  1     1260   820   c00f181c 400107b4 S logcat
06-11 23:36:11.504 15187 15200 I PhoneLab-LoggerService: Logcat pid from database 1106
06-11 23:36:11.504 15187 15200 I PhoneLab-LoggerService: Logcat process found 1106
06-11 23:36:11.504 15187 15200 I PhoneLab-LoggerService: Checking Threshold
06-11 23:36:12.316 10558 10561 D dalvikvm: GC_CONCURRENT freed 489K, 8% free 10330K/11143K, paused 2ms+2ms
06-11 23:36:18.937   142   922 I AudioService:   Remote Control   registerMediaButtonIntent() for PendingIntent{416c27d8: PendingIntentRecord{41582ea8 com.spotify.mobile.android.ui broadcastIntent}}
06-11 23:36:19.097 12941 12943 D dalvikvm: GC_CONCURRENT freed 1598K, 32% free 13208K/19399K, paused 7ms+23ms
06-11 23:36:21.117 12941 17424 W AudioTrack: obtainBuffer() track 0xa895b8 disabled, restarting
06-11 23:36:25.613  9452  9454 D dalvikvm: GC_CONCURRENT freed 317K, 6% free 10316K/10887K, paused 2ms+14ms
06-11 23:36:26.312   213   215 D dalvikvm: GC_CONCURRENT freed 328K, 31% free 10631K/15239K, paused 2ms+3ms
06-11 23:36:26.441   213   215 D dalvikvm: GC_CONCURRENT freed 518K, 31% free 10590K/15239K, paused 3ms+4ms
06-11 23:37:12.340 16141 16144 D dalvikvm: GC_CONCURRENT freed 496K, 6% free 10374K/11015K, paused 6ms+2ms
06-11 23:38:04.371   142   197 D DhcpInfoInternal: makeLinkProperties with empty dns2!
06-11 23:38:04.383   142   197 D DhcpInfoInternal: makeLinkProperties with empty dns2!
06-11 23:38:11.437 15187 15200 I PhoneLab-: Service Running
06-11 23:38:11.496 15187 15190 D dalvikvm: GC_CONCURRENT freed 455K, 6% free 9117K/9671K, paused 10ms+2ms
06-11 23:38:11.508 15187 15200 I PhoneLab-LoggerService: app_38    1106  1     1260   820   c00f181c 400107b4 S logcat
06-11 23:38:11.508 15187 15200 I PhoneLab-LoggerService: Logcat pid from database 1106
06-11 23:38:11.508 15187 15200 I PhoneLab-LoggerService: Logcat process found 1106
06-11 23:38:11.508 15187 15200 I PhoneLab-LoggerService: Checking Threshold
06-11 23:38:12.355 10558 10561 D dalvikvm: GC_CONCURRENT freed 503K, 8% free 10335K/11143K, paused 1ms+3ms
06-11 23:38:12.496 10558 10561 D dalvikvm: GC_CONCURRENT freed 226K, 6% free 10498K/11143K, paused 4ms+2ms
06-11 23:38:56.078   142   917 I ActivityManager: Process com.google.android.apps.maps:NetworkLocationService (pid 16141) has died.
06-11 23:38:56.078   142   917 W ActivityManager: Scheduling restart of crashed service com.google.android.apps.maps/com.google.android.location.internal.server.NetworkLocationService in 5000ms
06-11 23:39:01.133   142   159 I ActivityManager: Start proc com.google.android.apps.maps:NetworkLocationService for service com.google.android.apps.maps/com.google.android.location.internal.server.NetworkLocationService: pid=17451 uid=10057 gids={3003, 1015}
06-11 23:39:01.347 17451 17454 D dalvikvm: GC_CONCURRENT freed 153K, 3% free 9383K/9607K, paused 2ms+2ms
06-11 23:39:01.804 17451 17454 D dalvikvm: GC_CONCURRENT freed 150K, 3% free 9671K/9927K, paused 3ms+1ms
06-11 23:39:02.152 17451 17454 D dalvikvm: GC_CONCURRENT freed 169K, 3% free 10071K/10311K, paused 2ms+8ms
06-11 23:39:02.347 17451 17454 D dalvikvm: GC_CONCURRENT freed 668K, 8% free 9882K/10631K, paused 1ms+3ms
06-11 23:39:02.519   142   159 I ActivityManager: Start proc com.google.android.apps.maps:FriendService for broadcast com.google.android.apps.maps/com.google.googlenav.friend.android.ServiceReceiver: pid=17472 uid=10057 gids={3003, 1015}
06-11 23:39:02.668 17472 17475 D dalvikvm: GC_CONCURRENT freed 156K, 3% free 9380K/9607K, paused 2ms+2ms
06-11 23:39:02.855 17472 17475 D dalvikvm: GC_CONCURRENT freed 191K, 4% free 9680K/9991K, paused 2ms+2ms
06-11 23:39:03.043 10558 10561 D dalvikvm: GC_CONCURRENT freed 642K, 8% free 10297K/11143K, paused 2ms+2ms
06-11 23:39:03.090 17451 17458 I dalvikvm: Total arena pages for JIT: 11
06-11 23:39:03.090 17451 17458 I dalvikvm: Total arena pages for JIT: 12
06-11 23:39:03.093 17451 17458 I dalvikvm: Total arena pages for JIT: 13
06-11 23:39:03.093 17451 17458 I dalvikvm: Total arena pages for JIT: 14
06-11 23:39:03.093 17451 17458 I dalvikvm: Total arena pages for JIT: 15
06-11 23:39:03.093 17451 17458 I dalvikvm: Total arena pages for JIT: 16
06-11 23:39:03.093 17451 17458 I dalvikvm: Total arena pages for JIT: 17
06-11 23:39:03.269 17451 17454 D dalvikvm: GC_CONCURRENT freed 188K, 5% free 10142K/10631K, paused 3ms+3ms
06-11 23:39:03.340 17451 17458 I dalvikvm: Total arena pages for JIT: 18
06-11 23:39:03.726 17451 17454 D dalvikvm: GC_CONCURRENT freed 413K, 5% free 10238K/10759K, paused 2ms+2ms
06-11 23:39:33.851   142 12773 I ActivityManager: Process com.google.android.apps.uploader (pid 16357) has died.
06-11 23:39:37.765 16639 16641 D dalvikvm: GC_CONCURRENT freed 696K, 12% free 11537K/12999K, paused 7ms+3ms
06-11 23:39:42.590   959   961 D dalvikvm: GC_CONCURRENT freed 439K, 27% free 10721K/14663K, paused 2ms+8ms
06-11 23:40:00.176   142   145 D dalvikvm: GC_CONCURRENT freed 1795K, 23% free 18070K/23239K, paused 3ms+12ms
06-11 23:40:05.148 17451 17454 D dalvikvm: GC_CONCURRENT freed 545K, 6% free 10201K/10823K, paused 1ms+2ms
06-11 23:40:05.289 10558 10561 D dalvikvm: GC_CONCURRENT freed 505K, 8% free 10292K/11143K, paused 2ms+6ms
06-11 23:40:11.437 15187 15200 I PhoneLab-: Service Running
06-11 23:40:11.527 15187 15200 I PhoneLab-LoggerService: app_38    1106  1     1260   820   c00f181c 400107b4 S logcat
06-11 23:40:11.527 15187 15200 I PhoneLab-LoggerService: Logcat pid from database 1106
06-11 23:40:11.527 15187 15200 I PhoneLab-LoggerService: Logcat process found 1106
06-11 23:40:11.527 15187 15200 I PhoneLab-LoggerService: Checking Threshold
06-11 23:40:29.375   142   197 D DhcpInfoInternal: makeLinkProperties with empty dns2!
06-11 23:40:29.375   142   197 D DhcpInfoInternal: makeLinkProperties with empty dns2!
06-11 23:40:46.289   142   174 I power   : *** set_screen_state 1
06-11 23:40:46.394   142   174 I WindowManager: Lock screen displayed!
06-11 23:40:46.511    79   118 D SurfaceFlinger: Screen about to return, flinger = 0x1e2b918
06-11 23:40:49.926    85    85 I keystore: uid: 1000 action: p -> 1 state: 1 -> 1 retry: 4
06-11 23:40:49.941   213   213 D PhoneStatusBar: disable: < expand* icons alerts ticker* system_info BACK HOME recent* CLOCK >
06-11 23:40:49.992   142   917 W InputManagerService: Window already focused, ignoring focus gain of: com.android.internal.view.IInputMethodClient$Stub$Proxy@4173d910
06-11 23:40:49.996   213   213 D PhoneStatusBar: disable: < expand icons alerts ticker system_info back* home* recent clock* >
06-11 23:40:50.640  9452  9454 D dalvikvm: GC_CONCURRENT freed 367K, 5% free 10390K/10887K, paused 7ms+3ms
06-11 23:40:51.011 15079 15081 D dalvikvm: GC_CONCURRENT freed 350K, 6% free 9847K/10439K, paused 7ms+3ms
06-11 23:40:51.304   142   921 D dalvikvm: GC_EXPLICIT freed 1439K, 26% free 17317K/23239K, paused 3ms+11ms
06-11 23:40:51.418 15079 15081 D dalvikvm: GC_CONCURRENT freed 379K, 6% free 9858K/10439K, paused 2ms+3ms
06-11 23:40:51.644   142   153 I ActivityManager: START {act=android.intent.action.VIEW dat=content://com.google.android.providers.talk/messagesByAccount/1 flg=0x34000000 cmp=com.google.android.talk/.SigningInActivity bnds=[96,119][480,215] (has extras)} from pid -1
06-11 23:40:51.687   142   370 W KeyguardViewMediator: verifyUnlock called when not externally disabled
06-11 23:40:51.742   142   366 I ActivityManager: Start proc com.google.android.talk for activity com.google.android.talk/.SigningInActivity: pid=17514 uid=10047 gids={3003, 1015, 1006, 3002}
06-11 23:40:52.176  1391  1391 D OpenGLRenderer: Flushing caches (mode 1)
06-11 23:40:52.195  1391  1391 D OpenGLRenderer: Flushing caches (mode 0)
06-11 23:40:52.207 17514 17514 I ActivityThread: Pub com.google.android.talk.SuggestionProvider: com.google.android.talk.SuggestionsProvider
06-11 23:40:52.285 17514 17514 D vclib:CallStateClient: startListening
06-11 23:40:52.304   142   158 I Process : Sending signal. PID: 17514 SIG: 3
06-11 23:40:52.304 17514 17518 I dalvikvm: threadid=3: reacting to signal 3
06-11 23:40:52.355 17514 17518 I dalvikvm: Wrote stack traces to '/data/anr/traces.txt'
06-11 23:40:52.371  9452 16396 D dalvikvm: GC_EXPLICIT freed 313K, 6% free 10324K/10887K, paused 32ms+21ms
06-11 23:40:52.433 17514 17516 D dalvikvm: GC_CONCURRENT freed 114K, 3% free 9362K/9607K, paused 21ms+2ms
06-11 23:40:52.793   142   158 I Process : Sending signal. PID: 17514 SIG: 3
06-11 23:40:52.793 17514 17518 I dalvikvm: threadid=3: reacting to signal 3
06-11 23:40:52.914 17514 17518 I dalvikvm: Wrote stack traces to '/data/anr/traces.txt'
06-11 23:40:52.980 17514 17514 D vclib:CallStateClient: startListening
06-11 23:40:52.992 17514 17516 D dalvikvm: GC_CONCURRENT freed 355K, 5% free 9505K/9991K, paused 2ms+2ms
06-11 23:40:53.133   142   294 I ActivityManager: Start proc android.process.media for content provider com.android.providers.media/.MediaProvider: pid=17539 uid=10012 gids={1015, 1023, 1024, 2001, 3003, 3007}
06-11 23:40:53.211 17539 17539 I ActivityThread: Pub downloads: com.android.providers.downloads.DownloadProvider
06-11 23:40:53.258 17539 17539 I ActivityThread: Pub drm: com.android.providers.drm.DrmProvider
06-11 23:40:53.261 17539 17553 I DownloadManager: in removeSpuriousFiles
06-11 23:40:53.293   142   158 I Process : Sending signal. PID: 17514 SIG: 3
06-11 23:40:53.297 17514 17518 I dalvikvm: threadid=3: reacting to signal 3
06-11 23:40:53.316 17539 17539 I ActivityThread: Pub media: com.android.providers.media.MediaProvider
06-11 23:40:53.320 17514 17518 I dalvikvm: Wrote stack traces to '/data/anr/traces.txt'
06-11 23:40:53.347 17514 17514 D libEGL  : loaded /system/lib/egl/libGLES_android.so
06-11 23:40:53.355 17514 17514 D libEGL  : loaded /vendor/lib/egl/libEGL_POWERVR_SGX540_120.so
06-11 23:40:53.394 17514 17514 D libEGL  : loaded /vendor/lib/egl/libGLESv1_CM_POWERVR_SGX540_120.so
06-11 23:40:53.398 17539 17553 I DownloadManager: deleting spurious file /cache/backup
06-11 23:40:53.422 17514 17514 D libEGL  : loaded /vendor/lib/egl/libGLESv2_POWERVR_SGX540_120.so
06-11 23:40:53.547 17514 17514 D OpenGLRenderer: Enabling debug mode 0
06-11 23:40:53.793   142   158 I Process : Sending signal. PID: 17514 SIG: 3
06-11 23:40:53.793 17514 17518 I dalvikvm: threadid=3: reacting to signal 3
06-11 23:40:53.804 17514 17518 I dalvikvm: Wrote stack traces to '/data/anr/traces.txt'
06-11 23:40:53.914 17539 17541 D dalvikvm: GC_CONCURRENT freed 339K, 5% free 9197K/9607K, paused 2ms+15ms
06-11 23:40:53.984   213   215 D dalvikvm: GC_CONCURRENT freed 433K, 31% free 10600K/15239K, paused 2ms+22ms
06-11 23:40:54.093   142   173 I ActivityManager: Displayed com.google.android.talk/.SigningInActivity: +2s415ms
06-11 23:40:54.472 17514 17516 D dalvikvm: GC_CONCURRENT freed 269K, 4% free 9681K/10055K, paused 2ms+8ms
06-11 23:40:58.140   213   215 D dalvikvm: GC_CONCURRENT freed 592K, 32% free 10422K/15239K, paused 2ms+13ms
06-11 23:40:59.515 17514 17516 D dalvikvm: GC_CONCURRENT freed 280K, 5% free 9837K/10247K, paused 2ms+15ms
06-11 23:40:59.543   324   326 D dalvikvm: GC_CONCURRENT freed 1028K, 19% free 10746K/13191K, paused 21ms+28ms
06-11 23:40:59.890   324   326 D dalvikvm: GC_CONCURRENT freed 261K, 17% free 10989K/13191K, paused 8ms+9ms
06-11 23:41:00.769  9452  9454 D dalvikvm: GC_CONCURRENT freed 406K, 5% free 10348K/10887K, paused 8ms+13ms
06-11 23:41:05.754   142   921 D dalvikvm: GC_EXPLICIT freed 1304K, 28% free 16755K/23239K, paused 10ms+12ms
06-11 23:41:21.996   142   921 I ActivityManager: Start proc com.google.android.gsf.login for service com.google.android.gsf.login/com.google.android.gsf.loginservice.GoogleLoginService: pid=17567 uid=10009 gids={3003, 1015, 1007, 2001, 3006}
06-11 23:41:22.511   142   294 I ActivityManager: Process com.facebook.orca (pid 16431) has died.
06-11 23:41:22.515   142   294 W ActivityManager: Scheduling restart of crashed service com.facebook.orca/.push.mqtt.MqttPushService in 5000ms
06-11 23:41:27.566   142   159 I ActivityManager: Start proc com.facebook.orca for service com.facebook.orca/.push.mqtt.MqttPushService: pid=17583 uid=10061 gids={3003, 1015, 1006}
06-11 23:41:27.586 17583 17583 I dalvikvm: Turning on JNI app bug workarounds for target SDK version 10...
06-11 23:41:27.797 17583 17583 I ActivityThread: Pub com.facebook.orca.notify.MessengerLoggedInUserProvider: com.facebook.orca.notify.MessengerLoggedInUserProvider
06-11 23:41:27.843 17583 17583 I ActivityThread: Pub com.facebook.orca.notify.MessengerForegroundProvider: com.facebook.orca.notify.MessengerForegroundProvider
06-11 23:41:27.859 17583 17583 V orca:OrcaApplication: Forcing initialization of AsyncTask
06-11 23:41:28.090 17583 17586 D dalvikvm: GC_CONCURRENT freed 216K, 4% free 9311K/9607K, paused 6ms+6ms
06-11 23:41:28.113 17583 17583 I Finalizer: Couldn't access Thread.inheritableThreadLocals. Reference finalizer threads will inherit thread local values.
06-11 23:41:28.304 17583 17586 D dalvikvm: GC_CONCURRENT freed 360K, 5% free 9442K/9863K, paused 2ms+4ms
06-11 23:41:28.422 17583 17583 W OrcaGuiceModule: Sig: ijxLJi1yGs1JpL-X1SExmchvork
06-11 23:41:28.515 17583 17586 D dalvikvm: GC_CONCURRENT freed 284K, 4% free 9621K/9991K, paused 2ms+7ms
06-11 23:41:28.832 17583 17598 W Resources: Converting to string: TypedValue{t=0x10/d=0xffffffff a=-1}
06-11 23:41:29.043 17583 17586 D dalvikvm: GC_CONCURRENT freed 326K, 4% free 9849K/10247K, paused 2ms+4ms
06-11 23:41:29.156 17583 17583 D ACRA    : Retrieve application default SharedPreferences.
06-11 23:41:29.156 17583 17583 D ACRA    : Set OnSharedPreferenceChangeListener.
06-11 23:41:29.156 17583 17583 D ACRA    : ACRA is enabled for com.facebook.orca, intializing...
06-11 23:41:29.246 17583 17586 D dalvikvm: GC_CONCURRENT freed 291K, 4% free 10071K/10439K, paused 2ms+7ms
06-11 23:41:29.250 17583 17583 D ACRA    : Looking for error files in /data/data/com.facebook.orca/app_acra-reports
06-11 23:41:29.312 17583 17598 D dalvikvm: GC_FOR_ALLOC freed 243K, 6% free 10117K/10695K, paused 24ms
06-11 23:41:29.375 17583 17598 D dalvikvm: GC_FOR_ALLOC freed 137K, 5% free 10225K/10695K, paused 25ms
06-11 23:41:29.433 17583 17598 D dalvikvm: GC_FOR_ALLOC freed 203K, 5% free 10250K/10759K, paused 34ms
06-11 23:41:29.570   142   154 I ActivityManager: Process com.google.android.apps.plus (pid 15717) has died.
06-11 23:41:29.633 17583 17586 D dalvikvm: GC_CONCURRENT freed 370K, 5% free 10446K/10887K, paused 2ms+3ms
06-11 23:41:29.886 17583 17586 D dalvikvm: GC_CONCURRENT freed 171K, 3% free 10836K/11079K, paused 3ms+3ms
06-11 23:41:30.160 17583 17586 D dalvikvm: GC_CONCURRENT freed 504K, 5% free 10952K/11527K, paused 2ms+9ms
06-11 23:41:30.386 17583 17586 D dalvikvm: GC_CONCURRENT freed 333K, 4% free 11315K/11719K, paused 5ms+6ms
06-11 23:41:31.668 17583 17586 D dalvikvm: GC_CONCURRENT freed 625K, 7% free 11409K/12167K, paused 2ms+3ms
06-11 23:41:42.601   142   921 I ActivityManager: START {cat=[lokeshmandvekar@gmail.com] flg=0x14000000 cmp=com.google.android.gsf.login/.LoginActivity bnds=[0,216][480,312] (has extras)} from pid -1
06-11 23:41:42.660   142   922 W KeyguardViewMediator: verifyUnlock called when not externally disabled
06-11 23:41:42.726 17567 17567 E GLSActivity: Notification without session GoogleLoginService.SIGNON:lokeshmandvekar@gmail.com-10058 8334de2f847bfe29
06-11 23:41:42.738 17567 17567 D AndroidRuntime: Shutting down VM
06-11 23:41:42.738 17567 17567 W dalvikvm: threadid=1: thread exiting with uncaught exception (group=0x40a2e1f8)
06-11 23:41:42.750 17567 17567 E AndroidRuntime: FATAL EXCEPTION: main
06-11 23:41:42.750 17567 17567 E AndroidRuntime: java.lang.RuntimeException: Unable to start activity ComponentInfo{com.google.android.gsf.login/com.google.android.gsf.login.LoginActivity}: java.lang.NullPointerException
06-11 23:41:42.750 17567 17567 E AndroidRuntime: 	at android.app.ActivityThread.performLaunchActivity(ActivityThread.java:1956)
06-11 23:41:42.750 17567 17567 E AndroidRuntime: 	at android.app.ActivityThread.handleLaunchActivity(ActivityThread.java:1981)
06-11 23:41:42.750 17567 17567 E AndroidRuntime: 	at android.app.ActivityThread.access$600(ActivityThread.java:123)
06-11 23:41:42.750 17567 17567 E AndroidRuntime: 	at android.app.ActivityThread$H.handleMessage(ActivityThread.java:1147)
06-11 23:41:42.750 17567 17567 E AndroidRuntime: 	at android.os.Handler.dispatchMessage(Handler.java:99)
06-11 23:41:42.750 17567 17567 E AndroidRuntime: 	at android.os.Looper.loop(Looper.java:137)
06-11 23:41:42.750 17567 17567 E AndroidRuntime: 	at android.app.ActivityThread.main(ActivityThread.java:4424)
06-11 23:41:42.750 17567 17567 E AndroidRuntime: 	at java.lang.reflect.Method.invokeNative(Native Method)
06-11 23:41:42.750 17567 17567 E AndroidRuntime: 	at java.lang.reflect.Method.invoke(Method.java:511)
06-11 23:41:42.750 17567 17567 E AndroidRuntime: 	at com.android.internal.os.ZygoteInit$MethodAndArgsCaller.run(ZygoteInit.java:784)
06-11 23:41:42.750 17567 17567 E AndroidRuntime: 	at com.android.internal.os.ZygoteInit.main(ZygoteInit.java:551)
06-11 23:41:42.750 17567 17567 E AndroidRuntime: 	at dalvik.system.NativeStart.main(Native Method)
06-11 23:41:42.750 17567 17567 E AndroidRuntime: Caused by: java.lang.NullPointerException
06-11 23:41:42.750 17567 17567 E AndroidRuntime: 	at com.google.android.gsf.loginservice.BaseActivity.finish(BaseActivity.java:532)
06-11 23:41:42.750 17567 17567 E AndroidRuntime: 	at com.google.android.gsf.loginservice.BaseActivity.checkNotification(BaseActivity.java:216)
06-11 23:41:42.750 17567 17567 E AndroidRuntime: 	at com.google.android.gsf.loginservice.BaseActivity.onCreate(BaseActivity.java:257)
06-11 23:41:42.750 17567 17567 E AndroidRuntime: 	at com.google.android.gsf.login.BaseActivity.onCreate(BaseActivity.java:490)
06-11 23:41:42.750 17567 17567 E AndroidRuntime: 	at com.google.android.gsf.login.LoginActivity.onCreate(LoginActivity.java:37)
06-11 23:41:42.750 17567 17567 E AndroidRuntime: 	at android.app.Activity.performCreate(Activity.java:4465)
06-11 23:41:42.750 17567 17567 E AndroidRuntime: 	at android.app.Instrumentation.callActivityOnCreate(Instrumentation.java:1049)
06-11 23:41:42.750 17567 17567 E AndroidRuntime: 	at android.app.ActivityThread.performLaunchActivity(ActivityThread.java:1920)
06-11 23:41:42.750 17567 17567 E AndroidRuntime: 	... 11 more
06-11 23:41:43.160   142   158 I Process : Sending signal. PID: 17567 SIG: 3
06-11 23:41:43.160 17567 17572 I dalvikvm: threadid=3: reacting to signal 3
06-11 23:41:43.191 17567 17572 I dalvikvm: Wrote stack traces to '/data/anr/traces.txt'
06-11 23:41:43.230   142   158 W ActivityManager: Activity pause timeout for ActivityRecord{41883690 com.google.android.gsf.login/.LoginActivity}
06-11 23:41:43.234   142   158 I Process : Sending signal. PID: 17567 SIG: 3
06-11 23:41:43.234 17567 17572 I dalvikvm: threadid=3: reacting to signal 3
06-11 23:41:43.238 17567 17572 I dalvikvm: Wrote stack traces to '/data/anr/traces.txt'
06-11 23:41:44.886 17567 17567 I Process : Sending signal. PID: 17567 SIG: 9
06-11 23:41:44.914   142   153 W InputManagerService: Window already focused, ignoring focus gain of: com.android.internal.view.IInputMethodClient$Stub$Proxy@417d6670
06-11 23:41:44.929   142   921 I ActivityManager: Process com.google.android.gsf.login (pid 17567) has died.
06-11 23:41:48.508   142   142 W InputManagerService: Window already focused, ignoring focus gain of: com.android.internal.view.IInputMethodClient$Stub$Proxy@41769068
06-11 23:41:48.832   213   213 D dalvikvm: GC_FOR_ALLOC freed 597K, 34% free 10163K/15239K, paused 75ms
06-11 23:41:49.168 17514 17514 D vclib:CallStateClient: stopListening
06-11 23:41:49.363 17514 17516 D dalvikvm: GC_CONCURRENT freed 304K, 5% free 10006K/10439K, paused 16ms+11ms
06-11 23:41:49.429 17514 17514 D vclib:CallStateClient: startListening
06-11 23:41:49.558  9452  9466 D dalvikvm: GC_EXPLICIT freed 326K, 6% free 10327K/10887K, paused 2ms+13ms
06-11 23:41:49.679 17514 17514 W IInputConnectionWrapper: showStatusIcon on inactive InputConnection
06-11 23:41:49.722 17514 17514 D OpenGLRenderer: Flushing caches (mode 0)
06-11 23:41:49.824 17514 17514 D OpenGLRenderer: Flushing caches (mode 1)
06-11 23:41:49.910 17514 17514 D vclib:CallStateClient: stopListening
06-11 23:41:53.289   142   158 W ActivityManager: Activity destroy timeout for ActivityRecord{41883690 com.google.android.gsf.login/.LoginActivity}
06-11 23:41:54.781   342   342 D SAN_SERVICE: *******************************************
06-11 23:41:54.781   342   342 D SAN_SERVICE: DM App Phone Service State - 0
06-11 23:41:54.781   342   342 D SAN_SERVICE: *******************************************
06-11 23:41:56.929  1391  1392 D dalvikvm: GC_CONCURRENT freed 858K, 40% free 11756K/19527K, paused 3ms+3ms
06-11 23:41:56.980   142   602 I ActivityManager: START {act=android.intent.action.MAIN cat=[android.intent.category.LAUNCHER] flg=0x10000000 pkg=com.twitter.android cmp=com.twitter.android/.StartActivity bnds=[360,556][480,706]} from pid 1391
06-11 23:41:57.125  1391  1391 D OpenGLRenderer: Flushing caches (mode 1)
06-11 23:41:57.144  1391  1391 D OpenGLRenderer: Flushing caches (mode 0)
06-11 23:41:57.234 16639 16639 D dalvikvm: GC_FOR_ALLOC freed 237K, 11% free 11608K/12999K, paused 46ms
06-11 23:41:57.242 16639 16639 I dalvikvm-heap: Grow heap (frag case) to 13.949MB for 2668016-byte allocation
06-11 23:41:57.347 16639 16641 D dalvikvm: GC_CONCURRENT freed 26K, 10% free 14187K/15623K, paused 2ms+9ms
06-11 23:41:57.445 16639 16639 D dalvikvm: GC_FOR_ALLOC freed <1K, 10% free 14187K/15623K, paused 39ms
06-11 23:41:57.465 16639 16639 I dalvikvm-heap: Grow heap (frag case) to 19.651MB for 6006016-byte allocation
06-11 23:41:57.515 16639 16641 D dalvikvm: GC_CONCURRENT freed 0K, 7% free 20053K/21511K, paused 5ms+2ms
06-11 23:41:57.554   142   158 I Process : Sending signal. PID: 16639 SIG: 3
06-11 23:41:57.558 16639 16644 I dalvikvm: threadid=3: reacting to signal 3
06-11 23:41:57.636 16639 16644 I dalvikvm: Wrote stack traces to '/data/anr/traces.txt'
06-11 23:41:57.726   142   366 I ActivityManager: START {flg=0x4000000 cmp=com.twitter.android/.HomeTabActivity} from pid 16639
06-11 23:41:58.179   213   213 V PhoneStatusBar: setLightsOn(true)
06-11 23:41:58.238 16639 16639 D libEGL  : loaded /system/lib/egl/libGLES_android.so
06-11 23:41:58.250   142   158 I Process : Sending signal. PID: 16639 SIG: 3
06-11 23:41:58.250 16639 16644 I dalvikvm: threadid=3: reacting to signal 3
06-11 23:41:58.254 16639 16639 D libEGL  : loaded /vendor/lib/egl/libEGL_POWERVR_SGX540_120.so
06-11 23:41:58.297 16639 16639 D libEGL  : loaded /vendor/lib/egl/libGLESv1_CM_POWERVR_SGX540_120.so
06-11 23:41:58.301 16639 16639 D libEGL  : loaded /vendor/lib/egl/libGLESv2_POWERVR_SGX540_120.so
06-11 23:41:58.343 16639 16644 I dalvikvm: Wrote stack traces to '/data/anr/traces.txt'
06-11 23:41:58.441 16639 16639 D OpenGLRenderer: Enabling debug mode 0
06-11 23:41:58.535   142   173 I ActivityManager: Displayed com.twitter.android/.HomeTabActivity: +795ms (total +15s886ms)
06-11 23:41:58.863   142   918 I ActivityManager: Process com.android.sprintmenu (pid 16465) has died.
06-11 23:41:58.863   142   918 W ActivityManager: Scheduling restart of crashed service com.android.sprintmenu/.HiddenPhoneService in 5000ms
06-11 23:42:00.347 16639 16641 D dalvikvm: GC_CONCURRENT freed 3562K, 17% free 18578K/22215K, paused 3ms+20ms
06-11 23:42:00.535 16639 16646 I dalvikvm: Jit: resizing JitTable from 4096 to 8192
06-11 23:42:03.914   142   159 I ActivityManager: Start proc com.android.sprintmenu for service com.android.sprintmenu/.HiddenPhoneService: pid=17629 uid=1001 gids={3002, 3001, 3003, 1015}
06-11 23:42:04.019   142   922 I ActivityManager: Process com.whatsapp (pid 16500) has died.
06-11 23:42:04.019   142   922 W ActivityManager: Scheduling restart of crashed service com.whatsapp/.messaging.MessageService in 5000ms
06-11 23:42:05.242 17451 17454 D dalvikvm: GC_CONCURRENT freed 502K, 6% free 10211K/10823K, paused 2ms+8ms
06-11 23:42:05.320  1391  1391 D OpenGLRenderer: Flushing caches (mode 1)
06-11 23:42:05.324 17514 17514 D OpenGLRenderer: Flushing caches (mode 1)
06-11 23:42:05.625 10558 10561 D dalvikvm: GC_CONCURRENT freed 499K, 8% free 10293K/11143K, paused 17ms+5ms
06-11 23:42:06.218   142   918 W InputManagerService: Starting input on non-focused client com.android.internal.view.IInputMethodClient$Stub$Proxy@417aee90 (uid=10068 pid=16639)
06-11 23:42:06.265 16639 16639 D OpenGLRenderer: Flushing caches (mode 0)
06-11 23:42:06.406 16639 16639 D OpenGLRenderer: Flushing caches (mode 1)
06-11 23:42:09.070   142   159 I ActivityManager: Start proc com.whatsapp for service com.whatsapp/.messaging.MessageService: pid=17648 uid=10070 gids={1015, 3003}
06-11 23:42:09.078 17648 17648 I dalvikvm: Turning on JNI app bug workarounds for target SDK version 7...
06-11 23:42:09.375 17648 17651 D dalvikvm: GC_CONCURRENT freed 174K, 3% free 9358K/9607K, paused 6ms+9ms
06-11 23:42:09.773   142   142 I ActivityManager: Process com.facebook.katana (pid 14271) has died.
06-11 23:42:09.773   142   142 W ActivityManager: Scheduling restart of crashed service com.facebook.katana/.service.MediaUploadService in 5000ms
06-11 23:42:09.773   142   142 W ActivityManager: Scheduling restart of crashed service com.facebook.katana/com.facebook.orca.push.mqtt.MqttPushService in 15000ms
06-11 23:42:09.863 17648 17651 D dalvikvm: GC_CONCURRENT freed 315K, 4% free 9594K/9991K, paused 2ms+8ms
06-11 23:42:10.027 17648 17648 I SqliteDatabaseCpp: sqlite returned: error code = 1, msg = duplicate column name: photo_ts, db=/data/data/com.whatsapp/databases/msgstore.db
06-11 23:42:10.027 17648 17648 I SqliteDatabaseCpp: sqlite returned: error code = 1, msg = duplicate column name: thumb_ts, db=/data/data/com.whatsapp/databases/msgstore.db
06-11 23:42:10.031 17648 17648 I SqliteDatabaseCpp: sqlite returned: error code = 1, msg = duplicate column name: photo_id_timestamp, db=/data/data/com.whatsapp/databases/msgstore.db
06-11 23:42:10.090 16639 16639 D OpenGLRenderer: Flushing caches (mode 1)
06-11 23:42:10.090 17514 17514 D OpenGLRenderer: Flushing caches (mode 1)
06-11 23:42:10.140 17648 17648 I dalvikvm: Could not find method android.media.MediaMetadataRetriever.captureFrame, referenced from method com.whatsapp.d3.a
06-11 23:42:10.140 17648 17648 W dalvikvm: VFY: unable to resolve virtual method 496: Landroid/media/MediaMetadataRetriever;.captureFrame ()Landroid/graphics/Bitmap;
06-11 23:42:10.140 17648 17648 D dalvikvm: VFY: replacing opcode 0x6e at 0x0134
06-11 23:42:10.476 17648 17651 D dalvikvm: GC_CONCURRENT freed 299K, 4% free 9809K/10183K, paused 2ms+4ms
06-11 23:42:10.824 17648 17651 D dalvikvm: GC_CONCURRENT freed 293K, 4% free 9973K/10375K, paused 2ms+7ms
06-11 23:42:11.445 15187 15200 I PhoneLab-: Service Running
06-11 23:42:12.574   142   145 D dalvikvm: GC_CONCURRENT freed 1764K, 28% free 16799K/23239K, paused 3ms+13ms
06-11 23:42:12.652 15187 15200 I PhoneLab-LoggerService: app_38    1106  1     1260   820   c00f181c 400107b4 S logcat
06-11 23:42:12.652 15187 15200 I PhoneLab-LoggerService: Logcat pid from database 1106
06-11 23:42:12.652 15187 15200 I PhoneLab-LoggerService: Logcat process found 1106
06-11 23:42:12.652 15187 15200 I PhoneLab-LoggerService: Checking Threshold
06-11 23:42:13.562 17648 17651 D dalvikvm: GC_CONCURRENT freed 518K, 7% free 9862K/10503K, paused 6ms+2ms
06-11 23:42:14.828   142   159 I ActivityManager: Start proc com.facebook.katana for service com.facebook.katana/.service.MediaUploadService: pid=17677 uid=10060 gids={3003, 1006, 1015}
06-11 23:42:14.832 17677 17677 I dalvikvm: Turning on JNI app bug workarounds for target SDK version 7...
06-11 23:42:15.051 17677 17679 D dalvikvm: GC_CONCURRENT freed 168K, 3% free 9368K/9607K, paused 2ms+2ms
06-11 23:42:15.277 17677 17677 I ActivityThread: Pub com.facebook.katana.provider.LoggingProvider: com.facebook.katana.provider.LoggingProvider
06-11 23:42:15.340 17677 17677 I ActivityThread: Pub com.facebook.katana.provider.KeyValueProvider: com.facebook.katana.provider.KeyValueProvider
06-11 23:42:15.343 17677 17677 I ActivityThread: Pub com.facebook.katana.provider.CacheProvider: com.facebook.katana.provider.CacheProvider
06-11 23:42:15.347 17677 17677 I ActivityThread: Pub com.facebook.katana.provider.MailboxProvider: com.facebook.katana.provider.MailboxProvider
06-11 23:42:15.359 17677 17677 I ActivityThread: Pub com.facebook.katana.provider.UserStatusesProvider: com.facebook.katana.provider.UserStatusesProvider
06-11 23:42:15.359 17677 17677 I ActivityThread: Pub com.facebook.katana.provider.EventsProvider: com.facebook.katana.provider.EventsProvider
06-11 23:42:15.363 17677 17677 I ActivityThread: Pub com.facebook.katana.provider.NotificationsProvider: com.facebook.katana.provider.NotificationsProvider
06-11 23:42:15.363 17677 17677 I ActivityThread: Pub com.facebook.katana.provider.UserValuesProvider: com.facebook.katana.provider.UserValuesProvider
06-11 23:42:15.363 17677 17677 I ActivityThread: Pub com.facebook.katana.provider.PagesProvider: com.facebook.katana.provider.PagesProvider
06-11 23:42:15.367 17677 17677 I ActivityThread: Pub com.facebook.katana.provider.MobileEventLogProvider: com.facebook.katana.provider.MobileEventLogProvider
06-11 23:42:15.367 17677 17677 I ActivityThread: Pub com.facebook.katana.provider.PushNotificationsProvider: com.facebook.katana.provider.PushNotificationsProvider
06-11 23:42:15.371 17677 17677 I ActivityThread: Pub com.facebook.katana.provider.PhotosProvider: com.facebook.katana.provider.PhotosProvider
06-11 23:42:15.371 17677 17677 I ActivityThread: Pub com.facebook.katana.provider.ConnectionsProvider: com.facebook.katana.provider.ConnectionsProvider
06-11 23:42:15.386 17677 17679 D dalvikvm: GC_CONCURRENT freed 165K, 3% free 9722K/9991K, paused 9ms+2ms
06-11 23:42:15.406 17677 17677 I ActivityThread: Pub com.facebook.orca.notify.FbandroidMessagesForegroundProvider: com.facebook.orca.notify.FbandroidMessagesForegroundProvider
06-11 23:42:15.457 17677 17677 D ACRA    : Retrieve application default SharedPreferences.
06-11 23:42:15.461 17677 17677 D ACRA    : Set OnSharedPreferenceChangeListener.
06-11 23:42:15.468 17677 17677 D ACRA    : ACRA is enabled for com.facebook.katana, intializing...
06-11 23:42:15.492 17677 17677 D ACRA    : Looking for error files in /data/data/com.facebook.katana/app_acra-reports
06-11 23:42:15.582 17677 17677 W nalizableReferenceQueue: Could not load Finalizer in its own class loader.Loading Finalizer in the current class loader instead. As a result, you will not be ableto garbage collect this class loader. To support reclaiming this class loader, eitherresolve the underlying issue, or move Google Collections to your system class path.
06-11 23:42:15.582 17677 17677 W nalizableReferenceQueue: java.io.FileNotFoundException: com/google/common/base/internal/Finalizer.class
06-11 23:42:15.582 17677 17677 W nalizableReferenceQueue: 	at com.google.common.base.FinalizableReferenceQueue$DecoupledLoader.getBaseUrl(FinalizableReferenceQueue.java:243)
06-11 23:42:15.582 17677 17677 W nalizableReferenceQueue: 	at com.google.common.base.FinalizableReferenceQueue$DecoupledLoader.loadFinalizer(FinalizableReferenceQueue.java:227)
06-11 23:42:15.582 17677 17677 W nalizableReferenceQueue: 	at com.google.common.base.FinalizableReferenceQueue.loadFinalizer(FinalizableReferenceQueue.java:155)
06-11 23:42:15.582 17677 17677 W nalizableReferenceQueue: 	at com.google.common.base.FinalizableReferenceQueue.<clinit>(FinalizableReferenceQueue.java:84)
06-11 23:42:15.582 17677 17677 W nalizableReferenceQueue: 	at com.google.common.collect.CustomConcurrentHashMap$QueueHolder.<clinit>(CustomConcurrentHashMap.java:650)
06-11 23:42:15.582 17677 17677 W nalizableReferenceQueue: 	at com.google.common.collect.CustomConcurrentHashMap$WeakEntry.<init>(CustomConcurrentHashMap.java:1342)
06-11 23:42:15.582 17677 17677 W nalizableReferenceQueue: 	at com.google.common.collect.CustomConcurrentHashMap$EntryFactory$9.newEntry(CustomConcurrentHashMap.java:453)
06-11 23:42:15.582 17677 17677 W nalizableReferenceQueue: 	at com.google.common.collect.CustomConcurrentHashMap.a(CustomConcurrentHashMap.java:1715)
06-11 23:42:15.582 17677 17677 W nalizableReferenceQueue: 	at com.google.common.collect.ComputingConcurrentHashMap$ComputingSegment.a(ComputingConcurrentHashMap.java:123)
06-11 23:42:15.582 17677 17677 W nalizableReferenceQueue: 	at com.google.common.collect.ComputingConcurrentHashMap.apply(ComputingConcurrentHashMap.java:71)
06-11 23:42:15.582 17677 17677 W nalizableReferenceQueue: 	at com.google.common.collect.MapMaker$ComputingMapAdapter.get(MapMaker.java:848)
06-11 23:42:15.582 17677 17677 W nalizableReferenceQueue: 	at com.google.inject.internal.Annotations$AnnotationChecker.a(Annotations.java:94)
06-11 23:42:15.582 17677 17677 W nalizableReferenceQueue: 	at com.google.inject.internal.Annotations.c(Annotations.java:112)
06-11 23:42:15.582 17677 17677 W nalizableReferenceQueue: 	at com.google.inject.Key.d(Key.java:369)
06-11 23:42:15.582 17677 17677 W nalizableReferenceQueue: 	at com.google.inject.Key.b(Key.java:356)
06-11 23:42:15.582 17677 17677 W nalizableReferenceQueue: 	at com.google.inject.Key.a(Key.java:267)
06-11 23:42:15.582 17677 17677 W nalizableReferenceQueue: 	at com.facebook.orca.inject.binder.AnnotatedBindingBuilderImpl.a(AnnotatedBindingBuilderImpl.java:22)
06-11 23:42:15.582 17677 17677 W nalizableReferenceQueue: 	at com.facebook.orca.app.FbBaseModule.a(FbBaseModule.java:74)
06-11 23:42:15.582 17677 17677 W nalizableReferenceQueue: 	at com.facebook.orca.inject.AbstractModule.a(AbstractModule.java:19)
06-11 23:42:15.582 17677 17677 W nalizableReferenceQueue: 	at com.facebook.orca.inject.FbInjectorImpl.a(FbInjectorImpl.java:61)
06-11 23:42:15.582 17677 17677 W nalizableReferenceQueue: 	at com.facebook.orca.inject.FbInjectorImpl.<init>(FbInjectorImpl.java:41)
06-11 23:42:15.582 17677 17677 W nalizableReferenceQueue: 	at com.facebook.orca.inject.FbInjector.a(FbInjector.java:40)
06-11 23:42:15.582 17677 17677 W nalizableReferenceQueue: 	at com.facebook.katana.FacebookApplication.onCreate(FacebookApplication.java:86)
06-11 23:42:15.582 17677 17677 W nalizableReferenceQueue: 	at android.app.Instrumentation.callApplicationOnCreate(Instrumentation.java:969)
06-11 23:42:15.582 17677 17677 W nalizableReferenceQueue: 	at android.app.ActivityThread.handleBindApplication(ActivityThread.java:3954)
06-11 23:42:15.582 17677 17677 W nalizableReferenceQueue: 	at android.app.ActivityThread.access$1300(ActivityThread.java:123)
06-11 23:42:15.582 17677 17677 W nalizableReferenceQueue: 	at android.app.ActivityThread$H.handleMessage(ActivityThread.java:1185)
06-11 23:42:15.582 17677 17677 W nalizableReferenceQueue: 	at android.os.Handler.dispatchMessage(Handler.java:99)
06-11 23:42:15.582 17677 17677 W nalizableReferenceQueue: 	at android.os.Looper.loop(Looper.java:137)
06-11 23:42:15.582 17677 17677 W nalizableReferenceQueue: 	at android.app.ActivityThread.main(ActivityThread.java:4424)
06-11 23:42:15.582 17677 17677 W nalizableReferenceQueue: 	at java.lang.reflect.Method.invokeNative(Native Method)
06-11 23:42:15.582 17677 17677 W nalizableReferenceQueue: 	at java.lang.reflect.Method.invoke(Method.java:511)
06-11 23:42:15.582 17677 17677 W nalizableReferenceQueue: 	at com.android.internal.os.ZygoteInit$MethodAndArgsCaller.run(ZygoteInit.java:784)
06-11 23:42:15.582 17677 17677 W nalizableReferenceQueue: 	at com.android.internal.os.ZygoteInit.main(ZygoteInit.java:551)
06-11 23:42:15.582 17677 17677 W nalizableReferenceQueue: 	at dalvik.system.NativeStart.main(Native Method)
06-11 23:42:15.586 17677 17677 I Finalizer: Couldn't access Thread.inheritableThreadLocals. Reference finalizer threads will inherit thread local values.
06-11 23:42:15.703 17677 17679 D dalvikvm: GC_CONCURRENT freed 347K, 5% free 9870K/10311K, paused 2ms+3ms
06-11 23:42:15.898 17677 17679 D dalvikvm: GC_CONCURRENT freed 398K, 5% free 9980K/10503K, paused 2ms+2ms
06-11 23:42:16.160 17677 17679 D dalvikvm: GC_CONCURRENT freed 383K, 5% free 10110K/10567K, paused 2ms+3ms
06-11 23:42:16.449 17677 17693 W Resources: Converting to string: TypedValue{t=0x10/d=0xffffffff a=-1}
06-11 23:42:16.613 17677 17679 D dalvikvm: GC_CONCURRENT freed 316K, 4% free 10287K/10695K, paused 2ms+8ms
06-11 23:42:17.082   142   916 D dalvikvm: GC_EXPLICIT freed 276K, 29% free 16620K/23239K, paused 3ms+6ms
06-11 23:42:17.254   142   153 I ActivityManager: Process com.google.android.apps.maps (pid 17273) has died.
06-11 23:42:17.605 17677 17679 D dalvikvm: GC_CONCURRENT freed 349K, 4% free 10404K/10823K, paused 212ms+16ms
06-11 23:42:18.320 17677 17679 D dalvikvm: GC_CONCURRENT freed 349K, 5% free 10472K/10951K, paused 2ms+3ms
06-11 23:42:18.402   142   172 I ActivityManager: Start proc com.google.android.maps.mytracks for service com.google.android.maps.mytracks/com.google.android.apps.mytracks.services.RemoveTempFilesService: pid=17710 uid=10059 gids={3003, 3002, 3001, 1015}
06-11 23:42:18.422 17710 17710 I dalvikvm: Turning on JNI app bug workarounds for target SDK version 7...
06-11 23:42:18.449 16639 16639 D OpenGLRenderer: Flushing caches (mode 1)
06-11 23:42:18.457 17514 17514 D OpenGLRenderer: Flushing caches (mode 2)
06-11 23:42:19.285   142   921 W InputManagerService: Window already focused, ignoring focus gain of: com.android.internal.view.IInputMethodClient$Stub$Proxy@416bb8a0
06-11 23:42:19.324  9452 10907 I EventLogService: Aggregate from 1339470738939 (log), 1339470738939 (data)
06-11 23:42:19.886 17710 17710 I ActivityThread: Pub com.google.android.maps.mytracks.search: com.google.android.apps.mytracks.content.SearchEngineProvider
06-11 23:42:19.890 17710 17710 I ActivityThread: Pub com.google.android.maps.mytracks: com.google.android.apps.mytracks.content.MyTracksProvider
06-11 23:42:20.015 17677 17679 D dalvikvm: GC_CONCURRENT freed 308K, 4% free 10578K/11015K, paused 9ms+3ms
06-11 23:42:20.101   342   342 D SAN_SERVICE: *******************************************
06-11 23:42:20.101   342   342 D SAN_SERVICE: DM App Phone Service State - 0
06-11 23:42:20.101   342   342 D SAN_SERVICE: *******************************************
06-11 23:42:20.468 17677 17679 D dalvikvm: GC_CONCURRENT freed 435K, 6% free 10582K/11143K, paused 2ms+2ms
06-11 23:42:20.957 17677 17679 D dalvikvm: GC_CONCURRENT freed 235K, 4% free 10793K/11207K, paused 3ms+2ms
06-11 23:42:22.988   142   921 I ActivityManager: START {act=android.intent.action.MAIN cat=[android.intent.category.LAUNCHER] flg=0x10200000 cmp=com.google.android.talk/.SigningInActivity bnds=[96,706][192,802]} from pid 1391
06-11 23:42:23.168 16639 16639 D OpenGLRenderer: Flushing caches (mode 1)
06-11 23:42:23.222  1391  1391 D OpenGLRenderer: Flushing caches (mode 1)
06-11 23:42:23.234  1391  1391 D OpenGLRenderer: Flushing caches (mode 0)
06-11 23:42:23.312 17514 17514 D vclib:CallStateClient: startListening
06-11 23:42:23.402 17514 17726 E talk    : [Databaseutils] pruneOldMessageHistory
06-11 23:42:23.535   142   158 I Process : Sending signal. PID: 17514 SIG: 3
06-11 23:42:23.535 17514 17518 I dalvikvm: threadid=3: reacting to signal 3
06-11 23:42:23.676 17514 17518 I dalvikvm: Wrote stack traces to '/data/anr/traces.txt'
06-11 23:42:23.718   142   173 I ActivityManager: Displayed com.google.android.talk/.SigningInActivity: +688ms
06-11 23:42:23.746  1391  1391 D OpenGLRenderer: Flushing caches (mode 1)
06-11 23:42:24.308 17514 17514 D vclib:CallStateClient: stopListening
06-11 23:42:24.308 17514 17514 D vclib:CallStateClient: startListening
06-11 23:42:24.476 17514 17516 D dalvikvm: GC_CONCURRENT freed 547K, 7% free 9962K/10631K, paused 15ms+5ms
06-11 23:42:24.629 17514 17514 D dalvikvm: GC_FOR_ALLOC freed 237K, 6% free 9994K/10631K, paused 23ms
06-11 23:42:24.629 17514 17514 I dalvikvm-heap: Grow heap (frag case) to 9.864MB for 36880-byte allocation
06-11 23:42:24.676 17514 17514 D dalvikvm: GC_FOR_ALLOC freed 8K, 7% free 10022K/10695K, paused 46ms
06-11 23:42:24.804 17514 17514 D dalvikvm: GC_FOR_ALLOC freed 31K, 6% free 10120K/10695K, paused 54ms
06-11 23:42:25.785   342   342 D SAN_SERVICE: *******************************************
06-11 23:42:25.785   342   342 D SAN_SERVICE: DM App Phone Service State - 0
06-11 23:42:25.785   342   342 D SAN_SERVICE: *******************************************
06-11 23:42:27.668 17514 17514 D OpenGLRenderer: Flushing caches (mode 0)
06-11 23:42:27.742 17514 17514 D OpenGLRenderer: Flushing caches (mode 1)
06-11 23:42:27.761 17514 17514 D vclib:CallStateClient: stopListening
06-11 23:42:28.968 17677 17679 D dalvikvm: GC_CONCURRENT freed 560K, 7% free 10705K/11399K, paused 17ms+9ms
06-11 23:42:33.457   142   154 I ActivityManager: START {act=android.intent.action.MAIN cat=[android.intent.category.LAUNCHER] flg=0x10200000 cmp=com.google.android.apps.genie.geniewidget/.activities.NewsActivity bnds=[240,103][360,253]} from pid 1391
06-11 23:42:33.582  1391  1391 D OpenGLRenderer: Flushing caches (mode 1)
06-11 23:42:33.672 15296 15296 D dalvikvm: GC_FOR_ALLOC freed 1434K, 23% free 11562K/14855K, paused 43ms
06-11 23:42:33.672 15296 15296 I dalvikvm-heap: Grow heap (frag case) to 12.497MB for 1192336-byte allocation
06-11 23:42:33.711 15296 15298 D dalvikvm: GC_CONCURRENT freed 4K, 15% free 12722K/14855K, paused 2ms+3ms
06-11 23:42:33.773   213   213 V PhoneStatusBar: setLightsOn(true)
06-11 23:42:33.801  1391  1391 D OpenGLRenderer: Flushing caches (mode 0)
06-11 23:42:35.179   342   342 D SAN_SERVICE: *******************************************
06-11 23:42:35.179   342   342 D SAN_SERVICE: DM App Phone Service State - 0
06-11 23:42:35.179   342   342 D SAN_SERVICE: *******************************************
06-11 23:42:35.222   213   215 D dalvikvm: GC_CONCURRENT freed 426K, 34% free 10120K/15239K, paused 23ms+3ms
06-11 23:42:35.414   342   342 D SAN_SERVICE: *******************************************
06-11 23:42:35.414   342   342 D SAN_SERVICE: DM App Phone Service State - 0
06-11 23:42:35.414   342   342 D SAN_SERVICE: *******************************************
06-11 23:42:40.117   142   170 I power   : *** set_screen_state 0
06-11 23:42:40.164    79   118 D SurfaceFlinger: About to give-up screen, flinger = 0x1e2b918
06-11 23:42:40.359   142   174 V TransportControlView: Create TCV com.android.internal.widget.TransportControlView@417738d0
06-11 23:42:40.578   142   174 I ActivityManager: Start proc com.google.android.gsf.login for service com.google.android.gsf.login/com.google.android.gsf.loginservice.GoogleLoginService: pid=17738 uid=10009 gids={3003, 1015, 1007, 2001, 3006}
06-11 23:42:40.586   213   213 D PhoneStatusBar: disable: < EXPAND* icons alerts TICKER* system_info back home RECENT* clock >
06-11 23:42:40.640   213   213 D PhoneStatusBar: disable: < EXPAND icons alerts TICKER system_info BACK* HOME* RECENT CLOCK* >
06-11 23:42:40.722    80    80 D dalvikvm: GC_EXPLICIT freed 38K, 4% free 9031K/9347K, paused 6ms+17ms
06-11 23:42:40.793   142   145 D dalvikvm: GC_CONCURRENT freed 1061K, 26% free 17376K/23239K, paused 9ms+38ms
06-11 23:42:40.840    80    80 D dalvikvm: GC_EXPLICIT freed <1K, 4% free 9031K/9347K, paused 9ms+6ms
06-11 23:42:40.926    80    80 D dalvikvm: GC_EXPLICIT freed <1K, 4% free 9031K/9347K, paused 2ms+10ms
06-11 23:42:40.980   142   916 I ActivityManager: Process android.process.media (pid 17539) has died.
06-11 23:42:41.679   142   294 I ActivityManager: Process com.google.android.apps.maps:LocationFriendService (pid 10558) has died.
06-11 23:42:50.519   342   342 D SAN_SERVICE: *******************************************
06-11 23:42:50.519   342   342 D SAN_SERVICE: DM App Phone Service State - 0
06-11 23:42:50.519   342   342 D SAN_SERVICE: *******************************************
06-11 23:42:51.269   342   342 D SAN_SERVICE: *******************************************
06-11 23:42:51.269   342   342 D SAN_SERVICE: DM App Phone Service State - 0
06-11 23:42:51.269   342   342 D SAN_SERVICE: *******************************************
06-11 23:42:53.707   142   602 I ActivityManager: Process com.google.android.apps.maps:FriendService (pid 17472) has died.
06-11 23:42:53.758 17514 17514 D OpenGLRenderer: Flushing caches (mode 2)
06-11 23:42:53.765 16639 16639 D OpenGLRenderer: Flushing caches (mode 2)
06-11 23:42:54.277   142   197 D DhcpInfoInternal: makeLinkProperties with empty dns2!
06-11 23:42:54.277   142   197 D DhcpInfoInternal: makeLinkProperties with empty dns2!
06-11 23:42:55.867   342   342 D SAN_SERVICE: *******************************************
06-11 23:42:55.867   342   342 D SAN_SERVICE: DM App Phone Service State - 0
06-11 23:42:55.867   342   342 D SAN_SERVICE: *******************************************
06-11 23:43:05.269   142   294 I ActivityManager: Start proc com.google.android.apps.maps:LocationFriendService for service com.google.android.apps.maps/com.google.googlenav.friend.reporting.LocationReceiverService: pid=17774 uid=10057 gids={3003, 1015}
06-11 23:43:05.484 17774 17776 D dalvikvm: GC_CONCURRENT freed 153K, 3% free 9383K/9607K, paused 15ms+2ms
06-11 23:43:06.019 17774 17776 D dalvikvm: GC_CONCURRENT freed 152K, 3% free 9669K/9927K, paused 3ms+2ms
06-11 23:43:06.480 17774 17781 I dalvikvm: Total arena pages for JIT: 11
06-11 23:43:06.480 17774 17781 I dalvikvm: Total arena pages for JIT: 12
06-11 23:43:06.484 17774 17781 I dalvikvm: Total arena pages for JIT: 13
06-11 23:43:06.484 17774 17781 I dalvikvm: Total arena pages for JIT: 14
06-11 23:43:06.484 17774 17781 I dalvikvm: Total arena pages for JIT: 15
06-11 23:43:06.484 17774 17781 I dalvikvm: Total arena pages for JIT: 16
06-11 23:43:06.492 17774 17781 I dalvikvm: Total arena pages for JIT: 17
06-11 23:43:06.523 17774 17776 D dalvikvm: GC_CONCURRENT freed 328K, 4% free 9911K/10311K, paused 2ms+5ms
06-11 23:44:01.304   959   961 D dalvikvm: GC_CONCURRENT freed 439K, 27% free 10721K/14663K, paused 5ms+6ms
06-11 23:44:05.355 17451 17454 D dalvikvm: GC_CONCURRENT freed 509K, 6% free 10214K/10823K, paused 6ms+3ms
06-11 23:44:05.461 17774 17781 I dalvikvm: Total arena pages for JIT: 18
06-11 23:44:05.562 17774 17776 D dalvikvm: GC_CONCURRENT freed 439K, 5% free 9921K/10439K, paused 2ms+2ms
06-11 23:44:11.523 15187 15200 I PhoneLab-: Service Running
06-11 23:44:11.558 15187 15200 I PhoneLab-LoggerService: app_38    1106  1     1260   820   c00f181c 400107b4 S logcat
06-11 23:44:11.558 15187 15200 I PhoneLab-LoggerService: Logcat pid from database 1106
06-11 23:44:11.558 15187 15200 I PhoneLab-LoggerService: Logcat process found 1106
06-11 23:44:11.558 15187 15200 I PhoneLab-LoggerService: Checking Threshold
06-11 23:44:59.090   142   174 I power   : *** set_screen_state 1
06-11 23:44:59.281   142   174 I WindowManager: Lock screen displayed!
06-11 23:44:59.312    79   118 D SurfaceFlinger: Screen about to return, flinger = 0x1e2b918
06-11 23:44:59.468   142   145 D dalvikvm: GC_CONCURRENT freed 1434K, 23% free 17937K/23239K, paused 60ms+23ms
06-11 23:45:02.347    85    85 I keystore: uid: 1000 action: p -> 1 state: 1 -> 1 retry: 4
06-11 23:45:02.363   213   213 D PhoneStatusBar: disable: < expand* icons alerts ticker* system_info BACK HOME recent* CLOCK >
06-11 23:45:02.390   142   366 W InputManagerService: Window already focused, ignoring focus gain of: com.android.internal.view.IInputMethodClient$Stub$Proxy@4133ac50
06-11 23:45:02.398   213   213 D PhoneStatusBar: disable: < expand icons alerts ticker system_info back* home* recent clock* >
06-11 23:45:03.636  9452  9454 D dalvikvm: GC_CONCURRENT freed 416K, 6% free 10341K/10887K, paused 25ms+5ms
06-11 23:45:04.129   142   916 I ActivityManager: START {act=android.intent.action.MAIN cat=[android.intent.category.LAUNCHER] flg=0x10200000 cmp=com.google.android.talk/.SigningInActivity bnds=[96,706][192,802]} from pid 1391
06-11 23:45:04.379 17514 17514 D vclib:CallStateClient: startListening
06-11 23:45:04.406 17514 17802 E talk    : [Databaseutils] pruneOldMessageHistory
06-11 23:45:04.457  1391  1391 D OpenGLRenderer: Flushing caches (mode 1)
06-11 23:45:04.461  1391  1391 D OpenGLRenderer: Flushing caches (mode 0)
06-11 23:45:04.605   142   173 I ActivityManager: Displayed com.google.android.talk/.SigningInActivity: +433ms
06-11 23:45:04.683  1391  1391 D OpenGLRenderer: Flushing caches (mode 1)
06-11 23:45:05.133 17514 17514 D vclib:CallStateClient: stopListening
06-11 23:45:05.133 17514 17514 D vclib:CallStateClient: startListening
06-11 23:45:05.207 17514 17516 D dalvikvm: GC_CONCURRENT freed 239K, 4% free 10349K/10759K, paused 4ms+6ms
06-11 23:45:05.715   142   142 D dalvikvm: GC_EXPLICIT freed 1324K, 27% free 17193K/23239K, paused 4ms+13ms
06-11 23:45:05.992 17514 17516 D dalvikvm: GC_CONCURRENT freed 613K, 7% free 10180K/10887K, paused 1ms+11ms
06-11 23:45:11.359   142   178 I ActivityManager: START {act=android.intent.action.MAIN cat=[android.intent.category.HOME] flg=0x10200000 cmp=com.android.launcher/com.android.launcher2.Launcher} from pid 142
06-11 23:45:11.504 17514 17514 D OpenGLRenderer: Flushing caches (mode 0)
06-11 23:45:11.558 17514 17514 D vclib:CallStateClient: stopListening
06-11 23:45:11.566 17514 17514 D OpenGLRenderer: Flushing caches (mode 1)
06-11 23:45:11.566 17514 17514 D OpenGLRenderer: Flushing caches (mode 1)
06-11 23:45:12.133   142   370 I ActivityManager: START {act=android.intent.action.MAIN cat=[android.intent.category.LAUNCHER] flg=0x10000000 pkg=com.spotify.mobile.android.ui cmp=com.spotify.mobile.android.ui/.Launcher bnds=[288,706][384,802]} from pid 1391
06-11 23:45:12.207   142   154 I AudioService:   Remote Control   registerMediaButtonIntent() for PendingIntent{415d00b8: PendingIntentRecord{41582ea8 com.spotify.mobile.android.ui broadcastIntent}}
06-11 23:45:12.570   213   213 V PhoneStatusBar: setLightsOn(true)
06-11 23:45:12.578  1391  1392 D dalvikvm: GC_CONCURRENT freed 827K, 41% free 11714K/19527K, paused 4ms+13ms
06-11 23:45:12.582  1391  1391 D OpenGLRenderer: Flushing caches (mode 0)
06-11 23:45:12.730  1391  1391 D OpenGLRenderer: Flushing caches (mode 1)
06-11 23:45:12.730  1391  1391 D OpenGLRenderer: Flushing caches (mode 1)
06-11 23:45:14.332 12941 12943 D dalvikvm: GC_CONCURRENT freed 1521K, 33% free 13072K/19399K, paused 7ms+5ms
06-11 23:45:16.347 12941 12941 D dalvikvm: GC_FOR_ALLOC freed 470K, 29% free 13775K/19399K, paused 40ms
06-11 23:45:16.551   142   422 I AudioService:   Remote Control   registerMediaButtonIntent() for PendingIntent{419345f8: PendingIntentRecord{41582ea8 com.spotify.mobile.android.ui broadcastIntent}}
06-11 23:45:16.906 12941 12943 D dalvikvm: GC_CONCURRENT freed 1809K, 31% free 13464K/19399K, paused 7ms+21ms
06-11 23:45:17.875 12941 12941 D dalvikvm: GC_FOR_ALLOC freed 335K, 30% free 13581K/19399K, paused 87ms
06-11 23:45:18.015 12941 12943 D dalvikvm: GC_CONCURRENT freed 49K, 23% free 14970K/19399K, paused 3ms+19ms
06-11 23:45:19.133   142   197 D DhcpInfoInternal: makeLinkProperties with empty dns2!
06-11 23:45:19.133   142   197 D DhcpInfoInternal: makeLinkProperties with empty dns2!
06-11 23:45:39.699   342   342 D SAN_SERVICE: *******************************************
06-11 23:45:39.699   342   342 D SAN_SERVICE: DM App Phone Service State - 0
06-11 23:45:39.699   342   342 D SAN_SERVICE: *******************************************
06-11 23:45:39.769   342   345 D dalvikvm: GC_CONCURRENT freed 868K, 16% free 12100K/14343K, paused 3ms+3ms
06-11 23:45:40.222   342   342 D SAN_SERVICE: *******************************************
06-11 23:45:40.222   342   342 D SAN_SERVICE: DM App Phone Service State - 0
06-11 23:45:40.222   342   342 D SAN_SERVICE: *******************************************
06-11 23:45:44.859   342   342 D SAN_SERVICE: *******************************************
06-11 23:45:44.859   342   342 D SAN_SERVICE: DM App Phone Service State - 0
06-11 23:45:44.859   342   342 D SAN_SERVICE: *******************************************
06-11 23:45:45.386   342   342 D SAN_SERVICE: *******************************************
06-11 23:45:45.386   342   342 D SAN_SERVICE: DM App Phone Service State - 0
06-11 23:45:45.386   342   342 D SAN_SERVICE: *******************************************
06-11 23:45:50.047   342   342 D SAN_SERVICE: *******************************************
06-11 23:45:50.047   342   342 D SAN_SERVICE: DM App Phone Service State - 0
06-11 23:45:50.047   342   342 D SAN_SERVICE: *******************************************
06-11 23:45:50.293   342   342 D SAN_SERVICE: *******************************************
06-11 23:45:50.293   342   342 D SAN_SERVICE: DM App Phone Service State - 0
06-11 23:45:50.293   342   342 D SAN_SERVICE: *******************************************
06-11 23:45:50.695   342   342 D SAN_SERVICE: *******************************************
06-11 23:45:50.695   342   342 D SAN_SERVICE: DM App Phone Service State - 0
06-11 23:45:50.695   342   342 D SAN_SERVICE: *******************************************
06-11 23:45:59.929   342   342 D SAN_SERVICE: *******************************************
06-11 23:45:59.929   342   342 D SAN_SERVICE: DM App Phone Service State - 0
06-11 23:45:59.929   342   342 D SAN_SERVICE: *******************************************
06-11 23:46:00.508   342   342 D SAN_SERVICE: *******************************************
06-11 23:46:00.508   342   342 D SAN_SERVICE: DM App Phone Service State - 0
06-11 23:46:00.508   342   342 D SAN_SERVICE: *******************************************
06-11 23:46:03.992 17514 17514 D OpenGLRenderer: Flushing caches (mode 1)
06-11 23:46:03.992  1391  1391 D OpenGLRenderer: Flushing caches (mode 1)
06-11 23:46:05.383 17451 17454 D dalvikvm: GC_CONCURRENT freed 504K, 6% free 10221K/10823K, paused 5ms+3ms
06-11 23:46:05.418 17514 17514 D OpenGLRenderer: Flushing caches (mode 1)
06-11 23:46:05.418  1391  1391 D OpenGLRenderer: Flushing caches (mode 1)
06-11 23:46:05.609 17774 17776 D dalvikvm: GC_CONCURRENT freed 459K, 6% free 9939K/10503K, paused 4ms+2ms
06-11 23:46:11.437 15187 15200 I PhoneLab-: Service Running
06-11 23:46:11.476 15187 15200 I PhoneLab-LoggerService: app_38    1106  1     1260   820   c00f181c 400107b4 S logcat
06-11 23:46:11.484 15187 15200 I PhoneLab-LoggerService: Logcat pid from database 1106
06-11 23:46:11.484 15187 15200 I PhoneLab-LoggerService: Logcat process found 1106
06-11 23:46:11.484 15187 15200 I PhoneLab-LoggerService: Checking Threshold
06-11 23:46:15.879   142   170 I power   : *** set_screen_state 0
06-11 23:46:15.933    79   118 D SurfaceFlinger: About to give-up screen, flinger = 0x1e2b918
06-11 23:46:20.968   142   174 V TransportControlView: Create TCV com.android.internal.widget.TransportControlView@417f96e8
06-11 23:46:21.062   213   213 D PhoneStatusBar: disable: < EXPAND* icons alerts TICKER* system_info back home RECENT* clock >
06-11 23:46:21.082 17514 17514 D OpenGLRenderer: Flushing caches (mode 1)
06-11 23:46:21.101   213   213 D PhoneStatusBar: disable: < EXPAND icons alerts TICKER system_info BACK* HOME* RECENT CLOCK* >
06-11 23:46:21.191  1391  1391 D OpenGLRenderer: Flushing caches (mode 1)
06-11 23:46:21.222   142   174 D dalvikvm: GC_FOR_ALLOC freed 1511K, 26% free 17340K/23239K, paused 86ms
06-11 23:46:30.929   342   342 D SAN_SERVICE: *******************************************
06-11 23:46:30.929   342   342 D SAN_SERVICE: DM App Phone Service State - 0
06-11 23:46:30.929   342   342 D SAN_SERVICE: *******************************************
06-11 23:46:31.062   142   174 I power   : *** set_screen_state 1
06-11 23:46:31.156   142   919 I AudioService:   Remote Control   registerMediaButtonIntent() for PendingIntent{41a5cd30: PendingIntentRecord{41582ea8 com.spotify.mobile.android.ui broadcastIntent}}
06-11 23:46:31.238   142   174 I WindowManager: Lock screen displayed!
06-11 23:46:31.328    79   118 D SurfaceFlinger: Screen about to return, flinger = 0x1e2b918
06-11 23:46:31.422   342   342 D SAN_SERVICE: *******************************************
06-11 23:46:31.422   342   342 D SAN_SERVICE: DM App Phone Service State - 0
06-11 23:46:31.422   342   342 D SAN_SERVICE: *******************************************
06-11 23:46:33.855    85    85 I keystore: uid: 1000 action: p -> 1 state: 1 -> 1 retry: 4
06-11 23:46:33.871   213   213 D PhoneStatusBar: disable: < expand* icons alerts ticker* system_info BACK HOME recent* CLOCK >
06-11 23:46:33.894   142   294 W InputManagerService: Window already focused, ignoring focus gain of: com.android.internal.view.IInputMethodClient$Stub$Proxy@4157a9a0
06-11 23:46:33.922   213   213 D PhoneStatusBar: disable: < expand icons alerts ticker system_info back* home* recent clock* >
06-11 23:46:33.926   213   213 V PhoneStatusBar: setLightsOn(true)
06-11 23:46:34.441   142   370 D AlarmManagerService: Kernel timezone updated to 240 minutes west of GMT
06-11 23:46:34.457   342   342 D SystemClock: Setting time of day to sec=1339472795
06-11 23:46:35.131   142   159 I ActivityManager: Start proc com.android.calendar for broadcast com.android.calendar/.widget.CalendarAppWidgetService$CalendarFactory: pid=17838 uid=10005 gids={3003}
06-11 23:46:35.288   342   342 D SAN_SERVICE: *******************************************
06-11 23:46:35.288   342   342 D SAN_SERVICE: DM App Phone Service State - 0
06-11 23:46:35.288   342   342 D SAN_SERVICE: *******************************************
06-11 23:46:35.311 17838 17838 I ActivityThread: Pub com.android.calendar.CalendarRecentSuggestionsProvider: com.android.calendar.CalendarRecentSuggestionsProvider
06-11 23:46:35.467   142   154 I ActivityManager: Start proc com.android.deskclock for broadcast com.android.deskclock/.AlarmInitReceiver: pid=17854 uid=10011 gids={}
06-11 23:46:35.522   142 12773 I ActivityManager: Start proc com.android.providers.calendar for content provider com.android.providers.calendar/.CalendarProvider2: pid=17864 uid=10006 gids={3003, 1015}
06-11 23:46:35.573 17854 17854 I ActivityThread: Pub com.android.deskclock: com.android.deskclock.AlarmProvider
06-11 23:46:35.616   142   178 I ActivityManager: START {act=android.intent.action.MAIN cat=[android.intent.category.HOME] flg=0x10200000 cmp=com.android.launcher/com.android.launcher2.Launcher} from pid 142
06-11 23:46:35.706   142   366 I ActivityManager: Process com.google.android.apps.googlevoice (pid 17027) has died.
06-11 23:46:35.710   142   366 W ActivityManager: Scheduling restart of crashed service com.google.android.apps.googlevoice/.UpdateService in 5000ms
06-11 23:46:35.710   142   366 W ActivityManager: Scheduling restart of crashed service com.google.android.apps.googlevoice/.CallLogService in 14997ms
06-11 23:46:35.784 17864 17864 I ActivityThread: Pub com.android.calendar: com.android.providers.calendar.CalendarProvider2
06-11 23:46:35.792 17854 17880 V AlarmClock: AlarmInitReceiver finished
06-11 23:46:36.010   342   342 D SAN_SERVICE: *******************************************
06-11 23:46:36.010   342   342 D SAN_SERVICE: DM App Phone Service State - 0
06-11 23:46:36.010   342   342 D SAN_SERVICE: *******************************************
06-11 23:46:36.112   142   366 I ActivityManager: Process edu.buffalo.cse.phonelab.phonelabservices (pid 15187) has died.
06-11 23:46:36.112   142   366 W ActivityManager: Scheduling restart of crashed service edu.buffalo.cse.phonelab.phonelabservices/edu.buffalo.cse.phonelab.datalogger.LoggerService in 24593ms
06-11 23:46:37.034   142   368 I ActivityManager: START {act=android.intent.action.MAIN cat=[android.intent.category.LAUNCHER] flg=0x10200000 cmp=com.google.android.talk/.SigningInActivity bnds=[96,706][192,802]} from pid 1391
06-11 23:46:37.081 17864 17864 I CalendarProvider2: Sending notification intent: Intent { act=android.intent.action.PROVIDER_CHANGED dat=content://com.android.calendar }
06-11 23:46:37.182 17864 17864 W ContentResolver: Failed to get type for: content://com.android.calendar (Unknown URL content://com.android.calendar)
06-11 23:46:37.198 17514 17514 D vclib:CallStateClient: startListening
06-11 23:46:37.264 17514 17889 E talk    : [Databaseutils] pruneOldMessageHistory
06-11 23:46:37.319 17514 17889 D dalvikvm: GC_EXPLICIT freed 224K, 7% free 10183K/10887K, paused 7ms+4ms
06-11 23:46:37.358  1391  1391 D OpenGLRenderer: Flushing caches (mode 1)
06-11 23:46:37.421  1391  1391 D OpenGLRenderer: Flushing caches (mode 0)
06-11 23:46:37.546 16639 16641 D dalvikvm: GC_CONCURRENT freed 7686K, 43% free 12814K/22215K, paused 83ms+4ms
06-11 23:46:38.096 17514 17514 D vclib:CallStateClient: stopListening
06-11 23:46:38.100 17514 17514 D vclib:CallStateClient: startListening
06-11 23:46:38.389  9452  9454 D dalvikvm: GC_CONCURRENT freed 427K, 6% free 10330K/10887K, paused 6ms+3ms
06-11 23:46:38.690 17514 17516 D dalvikvm: GC_CONCURRENT freed 439K, 7% free 10195K/10887K, paused 10ms+4ms
06-11 23:46:40.471   342   342 D SAN_SERVICE: *******************************************
06-11 23:46:40.471   342   342 D SAN_SERVICE: DM App Phone Service State - 0
06-11 23:46:40.471   342   342 D SAN_SERVICE: *******************************************
06-11 23:46:40.549   342   342 D SAN_SERVICE: *******************************************
06-11 23:46:40.549   342   342 D SAN_SERVICE: DM App Phone Service State - 0
06-11 23:46:40.549   342   342 D SAN_SERVICE: *******************************************
06-11 23:46:40.737   142   159 I ActivityManager: Start proc com.google.android.apps.googlevoice for service com.google.android.apps.googlevoice/.UpdateService: pid=17894 uid=10056 gids={3003, 1015}
06-11 23:46:41.284 17894 17897 D dalvikvm: GC_CONCURRENT freed 232K, 4% free 9304K/9607K, paused 20ms+19ms
06-11 23:46:41.452 15079 15081 D dalvikvm: GC_CONCURRENT freed 493K, 6% free 9818K/10439K, paused 7ms+6ms
06-11 23:46:41.823 17894 17897 D dalvikvm: GC_CONCURRENT freed 425K, 6% free 9423K/9927K, paused 8ms+2ms
06-11 23:46:41.827 17894 17903 W CursorWrapperInner: Cursor finalized without prior close()
06-11 23:46:41.827 17894 17903 W CursorWrapperInner: Cursor finalized without prior close()
06-11 23:46:41.827 17894 17903 W CursorWrapperInner: Cursor finalized without prior close()
06-11 23:46:42.174 15079 15111 D dalvikvm: GC_EXPLICIT freed 352K, 6% free 9839K/10439K, paused 2ms+9ms
06-11 23:46:42.374   142   919 D dalvikvm: GC_EXPLICIT freed 1748K, 26% free 17211K/23239K, paused 3ms+16ms
06-11 23:46:42.381 17894 17897 D dalvikvm: GC_CONCURRENT freed 312K, 5% free 9560K/9991K, paused 2ms+6ms
06-11 23:46:42.639 17894 17916 D dalvikvm: GC_FOR_ALLOC freed 153K, 5% free 9712K/10183K, paused 20ms
06-11 23:46:42.803 15079 15081 D dalvikvm: GC_CONCURRENT freed 351K, 6% free 9879K/10439K, paused 1ms+4ms
06-11 23:46:44.350   342   342 D SAN_SERVICE: *******************************************
06-11 23:46:44.350   342   342 D SAN_SERVICE: DM App Phone Service State - 0
06-11 23:46:44.350   342   342 D SAN_SERVICE: *******************************************
06-11 23:46:44.463 17514 17514 D talk    : [BuddyList] closeAllChats
06-11 23:46:44.799   142   368 W InputManagerService: Window already focused, ignoring focus gain of: com.android.internal.view.IInputMethodClient$Stub$Proxy@41659670
06-11 23:46:44.815   342   342 D SAN_SERVICE: *******************************************
06-11 23:46:44.815   342   342 D SAN_SERVICE: DM App Phone Service State - 0
06-11 23:46:44.815   342   342 D SAN_SERVICE: *******************************************
06-11 23:46:45.213 17514 17516 D dalvikvm: GC_CONCURRENT freed 368K, 7% free 10232K/10887K, paused 2ms+8ms
06-11 23:46:45.542 17514 17516 D dalvikvm: GC_CONCURRENT freed 308K, 5% free 10348K/10887K, paused 1ms+10ms
06-11 23:46:47.065   142   918 W InputManagerService: Starting input on non-focused client com.android.internal.view.IInputMethodClient$Stub$Proxy@417d9878 (uid=10047 pid=17514)
06-11 23:46:47.096 17514 17514 D OpenGLRenderer: Flushing caches (mode 0)
06-11 23:46:47.147 17514 17514 D OpenGLRenderer: Flushing caches (mode 1)
06-11 23:46:47.253 17514 17514 D vclib:CallStateClient: stopListening
06-11 23:46:48.483   142   170 I power   : *** set_screen_state 0
06-11 23:46:48.530    79   118 D SurfaceFlinger: About to give-up screen, flinger = 0x1e2b918
06-11 23:46:48.628   142   174 V TransportControlView: Create TCV com.android.internal.widget.TransportControlView@41969648
06-11 23:46:48.717   213   213 D PhoneStatusBar: disable: < EXPAND* icons alerts TICKER* system_info back home RECENT* clock >
06-11 23:46:48.756   213   213 D PhoneStatusBar: disable: < EXPAND icons alerts TICKER system_info BACK* HOME* RECENT CLOCK* >
06-11 23:47:00.796   142   159 I ActivityManager: Start proc edu.buffalo.cse.phonelab.phonelabservices for service edu.buffalo.cse.phonelab.phonelabservices/edu.buffalo.cse.phonelab.datalogger.LoggerService: pid=17920 uid=10038 gids={3003, 1015, 1007, 2001}
06-11 23:47:00.885 17920 17920 I PhoneLab-LoggerService: Start Logger Service
06-11 23:47:00.893 17920 17933 I PhoneLab-: Service Running
06-11 23:47:01.026   142   154 I ActivityManager: Process com.google.android.maps.mytracks (pid 17710) has died.
06-11 23:47:01.096 17920 17933 I PhoneLab-LoggerService: app_38    1106  1     1260   820   c00f181c 400107b4 S logcat
06-11 23:47:01.096 17920 17933 I PhoneLab-LoggerService: Logcat pid from database 1106
06-11 23:47:01.096 17920 17933 I PhoneLab-LoggerService: Logcat process found 1106
06-11 23:47:01.096 17920 17933 I PhoneLab-LoggerService: Checking Threshold
06-11 23:47:01.182   142   145 D dalvikvm: GC_CONCURRENT freed 1242K, 23% free 17983K/23239K, paused 3ms+9ms
06-11 23:47:06.409 17514 17514 D OpenGLRenderer: Flushing caches (mode 1)
06-11 23:47:06.460 17514 17514 D OpenGLRenderer: Flushing caches (mode 1)
06-11 23:47:06.483 17514 17514 D OpenGLRenderer: Flushing caches (mode 1)
06-11 23:47:06.756 17774 17776 D dalvikvm: GC_CONCURRENT freed 372K, 5% free 10049K/10503K, paused 31ms+4ms
06-11 23:47:06.760   142   921 I ActivityManager: Process com.google.android.apps.genie.geniewidget (pid 15296) has died.
06-11 23:47:06.811 17514 17514 D OpenGLRenderer: Flushing caches (mode 2)
06-11 23:47:07.815 17774 17776 D dalvikvm: GC_CONCURRENT freed 293K, 4% free 10281K/10695K, paused 2ms+8ms
06-11 23:47:44.651   142   197 D DhcpInfoInternal: makeLinkProperties with empty dns2!
06-11 23:47:44.651   142   197 D DhcpInfoInternal: makeLinkProperties with empty dns2!
06-11 23:48:06.124 17451 17454 D dalvikvm: GC_CONCURRENT freed 508K, 6% free 10224K/10823K, paused 2ms+3ms
06-11 23:48:06.198  9452 13211 D dalvikvm: GC_EXPLICIT freed 135K, 6% free 10285K/10887K, paused 2ms+8ms
06-11 23:48:06.335 17774 17776 D dalvikvm: GC_CONCURRENT freed 669K, 8% free 10086K/10887K, paused 2ms+2ms
06-11 23:48:19.835   959   961 D dalvikvm: GC_CONCURRENT freed 439K, 27% free 10721K/14663K, paused 2ms+5ms
06-11 23:48:36.190 17920 17920 I PhoneLab-Locks: wake lock acquired
06-11 23:48:36.213 17920 17966 I PhoneLab-PeriodicCheckService: User info is synched
06-11 23:48:36.225 17920 17966 I PhoneLab-PeriodicCheckService: Logger Service is running
06-11 23:48:36.249 17920 17920 I PhoneLab-Locks: wake lock acquired
06-11 23:48:36.253 17920 17920 I PhoneLab-StatusMonitor: Status Monitoring is started
06-11 23:48:36.272 17920 17966 I PhoneLab-Locks: wake lock acquired
06-11 23:48:36.284 17920 17966 I PhoneLab-PeriodicCheckService: Rescheduling periodic checking...
06-11 23:48:36.292 17920 17966 I PhoneLab-Locks: wake lock released
06-11 23:48:36.296 17920 17920 E PhoneLab-PhoneLabManifest: java.io.FileNotFoundException: /data/data/edu.buffalo.cse.phonelab.phonelabservices/files/manifest.xml: open failed: ENOENT (No such file or directory)
06-11 23:48:36.342 17920 17920 I PhoneLab-Locks: wake lock released
06-11 23:48:36.346 17920 17920 I PhoneLab-UploadLogs: Transfering log files now
06-11 23:48:36.346 17920 17920 I PhoneLab-UploadLogs: No log files to transfer
06-11 23:48:36.346 17920 17920 I PhoneLab-Locks: wake lock released
06-11 23:48:36.346 17920 17920 I PhoneLab-UploadLogs: OnStartCommand
06-11 23:49:00.893 17920 17933 I PhoneLab-: Service Running
06-11 23:49:00.979 17920 17933 I PhoneLab-LoggerService: app_38    1106  1     1260   820   c00f181c 400107b4 S logcat
06-11 23:49:00.979 17920 17933 I PhoneLab-LoggerService: Logcat pid from database 1106
06-11 23:49:00.979 17920 17933 I PhoneLab-LoggerService: Logcat process found 1106
06-11 23:49:00.979 17920 17933 I PhoneLab-LoggerService: Checking Threshold
06-11 23:49:06.202 17774 17776 D dalvikvm: GC_CONCURRENT freed 318K, 7% free 10154K/10887K, paused 6ms+2ms
06-11 23:49:38.217   142   918 I AudioService:   Remote Control   registerMediaButtonIntent() for PendingIntent{41800fd8: PendingIntentRecord{41582ea8 com.spotify.mobile.android.ui broadcastIntent}}
06-11 23:49:38.456   213   215 D dalvikvm: GC_CONCURRENT freed 304K, 33% free 10211K/15239K, paused 1ms+8ms
06-11 23:50:06.256 17451 17454 D dalvikvm: GC_CONCURRENT freed 498K, 6% free 10234K/10823K, paused 2ms+3ms
06-11 23:50:06.311 17774 17776 D dalvikvm: GC_CONCURRENT freed 591K, 8% free 10075K/10887K, paused 3ms+2ms
06-11 23:50:09.538   142   197 D DhcpInfoInternal: makeLinkProperties with empty dns2!
06-11 23:50:09.538   142   197 D DhcpInfoInternal: makeLinkProperties with empty dns2!
06-11 23:51:00.893 17920 17933 I PhoneLab-: Service Running
06-11 23:51:00.936 17920 17933 I PhoneLab-LoggerService: app_38    1106  1     1260   820   c00f181c 400107b4 S logcat
06-11 23:51:00.940 17920 17933 I PhoneLab-LoggerService: Logcat pid from database 1106
06-11 23:51:00.940 17920 17933 I PhoneLab-LoggerService: Logcat process found 1106
06-11 23:51:00.940 17920 17933 I PhoneLab-LoggerService: Checking Threshold
06-11 23:51:06.292 17774 17776 D dalvikvm: GC_CONCURRENT freed 399K, 8% free 10107K/10887K, paused 2ms+3ms
06-11 23:51:06.421 17774 17776 D dalvikvm: GC_CONCURRENT freed 183K, 6% free 10315K/10887K, paused 2ms+2ms
06-11 23:51:57.979   142   174 I power   : *** set_screen_state 1
06-11 23:51:58.088   142   174 I WindowManager: Lock screen displayed!
06-11 23:51:58.233    79   118 D SurfaceFlinger: Screen about to return, flinger = 0x1e2b918
06-11 23:52:01.268    85    85 I keystore: uid: 1000 action: p -> 1 state: 1 -> 1 retry: 4
06-11 23:52:01.276   213   213 D PhoneStatusBar: disable: < expand* icons alerts ticker* system_info BACK HOME recent* CLOCK >
06-11 23:52:01.311   142   917 W InputManagerService: Window already focused, ignoring focus gain of: com.android.internal.view.IInputMethodClient$Stub$Proxy@418693f8
06-11 23:52:01.319   213   213 D PhoneStatusBar: disable: < expand icons alerts ticker system_info back* home* recent clock* >
06-11 23:52:02.077   142   370 D dalvikvm: JIT code cache reset in 8 ms (1048504 bytes 34/0)
06-11 23:52:02.104   142   370 D dalvikvm: GC_EXPLICIT freed 2390K, 26% free 17206K/23239K, paused 4ms+18ms
06-11 23:52:02.155   142   602 I ActivityManager: START {act=android.intent.action.MAIN cat=[android.intent.category.LAUNCHER] flg=0x10200000 cmp=com.google.android.talk/.SigningInActivity bnds=[96,706][192,802]} from pid 1391
06-11 23:52:02.405 17514 17514 D vclib:CallStateClient: startListening
06-11 23:52:02.440 17514 18002 E talk    : [Databaseutils] pruneOldMessageHistory
06-11 23:52:02.546  1391  1391 D OpenGLRenderer: Flushing caches (mode 1)
06-11 23:52:02.647   142   173 I ActivityManager: Displayed com.google.android.talk/.SigningInActivity: +457ms
06-11 23:52:02.686  1391  1391 D OpenGLRenderer: Flushing caches (mode 0)
06-11 23:52:02.760  1391  1391 D OpenGLRenderer: Flushing caches (mode 1)
06-11 23:52:03.112 17514 17514 D vclib:CallStateClient: stopListening
06-11 23:52:03.112 17514 17514 D vclib:CallStateClient: startListening
06-11 23:52:03.237 17514 17516 D dalvikvm: GC_CONCURRENT freed 335K, 5% free 10512K/10951K, paused 3ms+12ms
06-11 23:52:04.702 17514 17516 D dalvikvm: GC_CONCURRENT freed 653K, 7% free 10371K/11143K, paused 14ms+4ms
06-11 23:52:06.467 17514 17514 D dalvikvm: GC_FOR_ALLOC freed 103K, 6% free 10490K/11143K, paused 33ms
06-11 23:52:06.467 17514 17514 I dalvikvm-heap: Grow heap (frag case) to 10.349MB for 36880-byte allocation
06-11 23:52:06.518 17514 17514 D dalvikvm: GC_FOR_ALLOC freed 14K, 7% free 10512K/11207K, paused 51ms
06-11 23:52:06.792 17514 17514 D dalvikvm: GC_FOR_ALLOC freed 41K, 6% free 10564K/11207K, paused 26ms
06-11 23:52:06.792 17514 17514 I dalvikvm-heap: Grow heap (frag case) to 10.422MB for 36880-byte allocation
06-11 23:52:06.819 17514 17514 D dalvikvm: GC_FOR_ALLOC freed 6K, 7% free 10593K/11271K, paused 26ms
06-11 23:52:06.874 17451 17454 D dalvikvm: GC_CONCURRENT freed 494K, 6% free 10230K/10823K, paused 2ms+36ms
06-11 23:52:07.151 17514 17514 D dalvikvm: GC_FOR_ALLOC freed 10K, 6% free 10595K/11271K, paused 26ms
06-11 23:52:07.151 17514 17514 I dalvikvm-heap: Grow heap (frag case) to 10.453MB for 36880-byte allocation
06-11 23:52:07.182 17514 17514 D dalvikvm: GC_FOR_ALLOC freed 1K, 7% free 10630K/11335K, paused 31ms
06-11 23:52:07.467 17514 17514 D dalvikvm: GC_FOR_ALLOC freed 63K, 7% free 10637K/11335K, paused 23ms
06-11 23:52:07.600 17514 17514 D dalvikvm: GC_FOR_ALLOC freed 56K, 7% free 10650K/11335K, paused 25ms
06-11 23:52:09.467 17514 17514 D dalvikvm: GC_FOR_ALLOC freed 162K, 6% free 10689K/11335K, paused 27ms
06-11 23:52:09.503 17514 17514 D dalvikvm: GC_FOR_ALLOC freed 75K, 6% free 10659K/11335K, paused 24ms
06-11 23:52:09.577 17514 17514 D dalvikvm: GC_FOR_ALLOC freed 90K, 7% free 10613K/11335K, paused 33ms
06-11 23:52:09.620 17514 17514 D dalvikvm: GC_FOR_ALLOC freed 70K, 7% free 10589K/11335K, paused 24ms
06-11 23:52:10.842 17514 17514 D OpenGLRenderer: Flushing caches (mode 0)
06-11 23:52:11.538 16639 16641 D dalvikvm: GC_CONCURRENT freed 1141K, 43% free 12828K/22215K, paused 27ms+5ms
06-11 23:52:12.768   142   170 I power   : *** set_screen_state 0
06-11 23:52:12.815    79   118 D SurfaceFlinger: About to give-up screen, flinger = 0x1e2b918
06-11 23:52:12.878   142   174 V TransportControlView: Create TCV com.android.internal.widget.TransportControlView@41946088
06-11 23:52:12.956 17514 17514 D OpenGLRenderer: Flushing caches (mode 1)
06-11 23:52:12.979   213   213 D PhoneStatusBar: disable: < EXPAND* icons alerts TICKER* system_info back home RECENT* clock >
06-11 23:52:13.010   213   213 D PhoneStatusBar: disable: < EXPAND icons alerts TICKER system_info BACK* HOME* RECENT CLOCK* >
06-11 23:52:13.198 17514 17514 D vclib:CallStateClient: stopListening
06-11 23:52:13.213 17514 17514 D OpenGLRenderer: Flushing caches (mode 1)
06-11 23:52:13.229 17864 17866 D dalvikvm: GC_CONCURRENT freed 329K, 5% free 9142K/9543K, paused 95ms+2ms
06-11 23:52:14.389   342   342 D SAN_SERVICE: *******************************************
06-11 23:52:14.389   342   342 D SAN_SERVICE: DM App Phone Service State - 0
06-11 23:52:14.389   342   342 D SAN_SERVICE: *******************************************
06-11 23:52:15.155   342   342 D SAN_SERVICE: *******************************************
06-11 23:52:15.155   342   342 D SAN_SERVICE: DM App Phone Service State - 0
06-11 23:52:15.155   342   342 D SAN_SERVICE: *******************************************
06-11 23:52:24.608   342   342 D SAN_SERVICE: *******************************************
06-11 23:52:24.608   342   342 D SAN_SERVICE: DM App Phone Service State - 0
06-11 23:52:24.608   342   342 D SAN_SERVICE: *******************************************
06-11 23:52:34.256   142   197 D DhcpInfoInternal: makeLinkProperties with empty dns2!
06-11 23:52:34.256   142   197 D DhcpInfoInternal: makeLinkProperties with empty dns2!
06-11 23:52:34.838   342   342 D SAN_SERVICE: *******************************************
06-11 23:52:34.838   342   342 D SAN_SERVICE: DM App Phone Service State - 0
06-11 23:52:34.838   342   342 D SAN_SERVICE: *******************************************
06-11 23:52:38.374   959   961 D dalvikvm: GC_CONCURRENT freed 439K, 27% free 10721K/14663K, paused 2ms+9ms
06-11 23:52:45.088   342   342 D SAN_SERVICE: *******************************************
06-11 23:52:45.088   342   342 D SAN_SERVICE: DM App Phone Service State - 0
06-11 23:52:45.088   342   342 D SAN_SERVICE: *******************************************
06-11 23:53:00.897 17920 17933 I PhoneLab-: Service Running
06-11 23:53:00.940 17920 17933 I PhoneLab-LoggerService: app_38    1106  1     1260   820   c00f181c 400107b4 S logcat
06-11 23:53:00.944 17920 17933 I PhoneLab-LoggerService: Logcat pid from database 1106
06-11 23:53:00.944 17920 17933 I PhoneLab-LoggerService: Logcat process found 1106
06-11 23:53:00.944 17920 17933 I PhoneLab-LoggerService: Checking Threshold
06-11 23:53:00.971 17920 17922 D dalvikvm: GC_CONCURRENT freed 394K, 5% free 9075K/9543K, paused 4ms+4ms
06-11 23:53:06.194 17514 17514 D OpenGLRenderer: Flushing caches (mode 1)
06-11 23:53:06.358   142   145 D dalvikvm: GC_CONCURRENT freed 1011K, 23% free 18120K/23239K, paused 5ms+15ms
06-11 23:53:06.460 17774 17776 D dalvikvm: GC_CONCURRENT freed 756K, 8% free 10095K/10951K, paused 2ms+3ms
06-11 23:53:07.655 12941 12943 D dalvikvm: GC_CONCURRENT freed 2478K, 26% free 14404K/19399K, paused 2ms+7ms
06-11 23:53:29.686   142   174 I power   : *** set_screen_state 1
06-11 23:53:29.796   142   174 I WindowManager: Lock screen displayed!
06-11 23:53:29.889    79   118 D SurfaceFlinger: Screen about to return, flinger = 0x1e2b918
06-11 23:53:33.299    85    85 I keystore: uid: 1000 action: p -> 1 state: 1 -> 1 retry: 4
06-11 23:53:33.327   213   213 D PhoneStatusBar: disable: < expand* icons alerts ticker* system_info BACK HOME recent* CLOCK >
06-11 23:53:33.362   142   421 W InputManagerService: Window already focused, ignoring focus gain of: com.android.internal.view.IInputMethodClient$Stub$Proxy@4185ac50
06-11 23:53:33.385   213   213 D PhoneStatusBar: disable: < expand icons alerts ticker system_info back* home* recent clock* >
06-11 23:53:33.725 17514 17514 D OpenGLRenderer: Flushing caches (mode 2)
06-11 23:53:34.296   142   368 I ActivityManager: START {act=android.intent.action.MAIN cat=[android.intent.category.LAUNCHER] flg=0x10200000 cmp=com.google.android.talk/.SigningInActivity bnds=[96,706][192,802]} from pid 1391
06-11 23:53:34.514 17514 17514 D vclib:CallStateClient: startListening
06-11 23:53:34.546 17514 18042 E talk    : [Databaseutils] pruneOldMessageHistory
06-11 23:53:34.713   142   173 I ActivityManager: Displayed com.google.android.talk/.SigningInActivity: +377ms
06-11 23:53:34.811  1391  1391 D OpenGLRenderer: Flushing caches (mode 1)
06-11 23:53:34.831  1391  1391 D OpenGLRenderer: Flushing caches (mode 0)
06-11 23:53:34.924  9452  9454 D dalvikvm: GC_CONCURRENT freed 352K, 6% free 10317K/10887K, paused 2ms+9ms
06-11 23:53:34.952  1391  1391 D OpenGLRenderer: Flushing caches (mode 1)
06-11 23:53:35.088 17514 17514 D vclib:CallStateClient: stopListening
06-11 23:53:35.088 17514 17514 D vclib:CallStateClient: startListening
06-11 23:53:35.135 17514 17514 D dalvikvm: GC_FOR_ALLOC freed 196K, 6% free 10719K/11335K, paused 28ms
06-11 23:53:41.963   142   170 I power   : *** set_screen_state 0
06-11 23:53:42.014    79   118 D SurfaceFlinger: About to give-up screen, flinger = 0x1e2b918
06-11 23:53:42.026 17514 17514 D vclib:CallStateClient: stopListening
06-11 23:53:42.088  1391  1391 D OpenGLRenderer: Flushing caches (mode 1)
06-11 23:53:42.100   142   174 V TransportControlView: Create TCV com.android.internal.widget.TransportControlView@415c5178
06-11 23:53:42.167   213   213 D PhoneStatusBar: disable: < EXPAND* icons alerts TICKER* system_info back home RECENT* clock >
06-11 23:53:42.194   213   213 D PhoneStatusBar: disable: < EXPAND icons alerts TICKER system_info BACK* HOME* RECENT CLOCK* >
06-11 23:53:57.046   342   342 D SAN_SERVICE: *******************************************
06-11 23:53:57.046   342   342 D SAN_SERVICE: DM App Phone Service State - 0
06-11 23:53:57.046   342   342 D SAN_SERVICE: *******************************************
06-11 23:54:06.448 17451 17454 D dalvikvm: GC_CONCURRENT freed 502K, 6% free 10232K/10823K, paused 2ms+20ms
06-11 23:54:12.088   342   342 D SAN_SERVICE: *******************************************
06-11 23:54:12.088   342   342 D SAN_SERVICE: DM App Phone Service State - 0
06-11 23:54:12.088   342   342 D SAN_SERVICE: *******************************************
06-11 23:54:12.350   342   342 D SAN_SERVICE: *******************************************
06-11 23:54:12.350   342   342 D SAN_SERVICE: DM App Phone Service State - 0
06-11 23:54:12.350   342   342 D SAN_SERVICE: *******************************************
06-11 23:54:22.311   342   342 D SAN_SERVICE: *******************************************
06-11 23:54:22.311   342   342 D SAN_SERVICE: DM App Phone Service State - 0
06-11 23:54:22.311   342   342 D SAN_SERVICE: *******************************************
06-11 23:54:32.534   342   342 D SAN_SERVICE: *******************************************
06-11 23:54:32.534   342   342 D SAN_SERVICE: DM App Phone Service State - 0
06-11 23:54:32.534   342   342 D SAN_SERVICE: *******************************************
06-11 23:54:32.799   342   342 D SAN_SERVICE: *******************************************
06-11 23:54:32.803   342   342 D SAN_SERVICE: DM App Phone Service State - 0
06-11 23:54:32.803   342   342 D SAN_SERVICE: *******************************************
06-11 23:54:33.557   342   342 D SAN_SERVICE: *******************************************
06-11 23:54:33.557   342   342 D SAN_SERVICE: DM App Phone Service State - 0
06-11 23:54:33.557   342   342 D SAN_SERVICE: *******************************************
06-11 23:54:33.671   142   145 D dalvikvm: GC_CONCURRENT freed 1932K, 23% free 18114K/23239K, paused 9ms+8ms
06-11 23:54:53.065   342   342 D SAN_SERVICE: *******************************************
06-11 23:54:53.065   342   342 D SAN_SERVICE: DM App Phone Service State - 0
06-11 23:54:53.065   342   342 D SAN_SERVICE: *******************************************
06-11 23:54:53.296   342   342 D SAN_SERVICE: *******************************************
06-11 23:54:53.296   342   342 D SAN_SERVICE: DM App Phone Service State - 0
06-11 23:54:53.296   342   342 D SAN_SERVICE: *******************************************
06-11 23:54:59.241   142   197 D DhcpInfoInternal: makeLinkProperties with empty dns2!
06-11 23:54:59.241   142   197 D DhcpInfoInternal: makeLinkProperties with empty dns2!
06-11 23:55:00.897 17920 17933 I PhoneLab-: Service Running
06-11 23:55:01.006 17920 17933 I PhoneLab-LoggerService: app_38    1106  1     1260   820   c00f181c 400107b4 S logcat
06-11 23:55:01.006 17920 17933 I PhoneLab-LoggerService: Logcat pid from database 1106
06-11 23:55:01.006 17920 17933 I PhoneLab-LoggerService: Logcat process found 1106
06-11 23:55:01.006 17920 17933 I PhoneLab-LoggerService: Checking Threshold
06-11 23:55:03.350   342   342 D SAN_SERVICE: *******************************************
06-11 23:55:03.350   342   342 D SAN_SERVICE: DM App Phone Service State - 0
06-11 23:55:03.350   342   342 D SAN_SERVICE: *******************************************
06-11 23:55:06.463 17774 17776 D dalvikvm: GC_CONCURRENT freed 491K, 8% free 10108K/10951K, paused 7ms+2ms
06-11 23:55:08.370   142   922 I AudioService:   Remote Control   registerMediaButtonIntent() for PendingIntent{4186e280: PendingIntentRecord{41582ea8 com.spotify.mobile.android.ui broadcastIntent}}
06-11 23:55:18.663   342   342 D SAN_SERVICE: *******************************************
06-11 23:55:18.663   342   342 D SAN_SERVICE: DM App Phone Service State - 0
06-11 23:55:18.663   342   342 D SAN_SERVICE: *******************************************
06-11 23:55:18.940   342   342 D SAN_SERVICE: *******************************************
06-11 23:55:18.940   342   342 D SAN_SERVICE: DM App Phone Service State - 0
06-11 23:55:18.940   342   342 D SAN_SERVICE: *******************************************
06-11 23:55:19.440   342   342 D SAN_SERVICE: *******************************************
06-11 23:55:19.440   342   342 D SAN_SERVICE: DM App Phone Service State - 0
06-11 23:55:19.440   342   342 D SAN_SERVICE: *******************************************
06-11 23:55:28.948   142   922 D AlarmManagerService: Kernel timezone updated to 240 minutes west of GMT
06-11 23:55:28.963   342   342 D SAN_SERVICE: *******************************************
06-11 23:55:28.963   342   342 D SAN_SERVICE: DM App Phone Service State - 0
06-11 23:55:28.963   342   342 D SAN_SERVICE: *******************************************
06-11 23:55:29.229   342   342 D SAN_SERVICE: *******************************************
06-11 23:55:29.229   342   342 D SAN_SERVICE: DM App Phone Service State - 0
06-11 23:55:29.229   342   342 D SAN_SERVICE: *******************************************
06-11 23:55:29.971   342   342 D SAN_SERVICE: *******************************************
06-11 23:55:29.971   342   342 D SAN_SERVICE: DM App Phone Service State - 0
06-11 23:55:29.971   342   342 D SAN_SERVICE: *******************************************
06-11 23:55:39.182   342   342 D SAN_SERVICE: *******************************************
06-11 23:55:39.182   342   342 D SAN_SERVICE: DM App Phone Service State - 0
06-11 23:55:39.182   342   342 D SAN_SERVICE: *******************************************
06-11 23:55:59.663   342   342 D SAN_SERVICE: *******************************************
06-11 23:55:59.663   342   342 D SAN_SERVICE: DM App Phone Service State - 0
06-11 23:55:59.663   342   342 D SAN_SERVICE: *******************************************
06-11 23:56:00.210   342   342 D SAN_SERVICE: *******************************************
06-11 23:56:00.210   342   342 D SAN_SERVICE: DM App Phone Service State - 0
06-11 23:56:00.210   342   342 D SAN_SERVICE: *******************************************
06-11 23:56:05.358 17451 17454 D dalvikvm: GC_CONCURRENT freed 389K, 5% free 10329K/10823K, paused 4ms+2ms
06-11 23:56:06.421   142   368 D dalvikvm: GC_EXPLICIT freed 584K, 23% free 18006K/23239K, paused 4ms+7ms
06-11 23:56:06.588 17774 17776 D dalvikvm: GC_CONCURRENT freed 361K, 8% free 10132K/10951K, paused 2ms+4ms
06-11 23:56:07.315 17774 17776 D dalvikvm: GC_CONCURRENT freed 241K, 6% free 10329K/10951K, paused 5ms+22ms
06-11 23:56:07.452 17451 17454 D dalvikvm: GC_CONCURRENT freed 425K, 5% free 10344K/10887K, paused 13ms+2ms
06-11 23:56:09.995   342   342 D SAN_SERVICE: *******************************************
06-11 23:56:09.995   342   342 D SAN_SERVICE: DM App Phone Service State - 0
06-11 23:56:09.995   342   342 D SAN_SERVICE: *******************************************
06-11 23:56:10.167   342   342 D SAN_SERVICE: *******************************************
06-11 23:56:10.167   342   342 D SAN_SERVICE: DM App Phone Service State - 0
06-11 23:56:10.167   342   342 D SAN_SERVICE: *******************************************
06-11 23:56:10.936   342   342 D SAN_SERVICE: *******************************************
06-11 23:56:10.936   342   342 D SAN_SERVICE: DM App Phone Service State - 0
06-11 23:56:10.936   342   342 D SAN_SERVICE: *******************************************
06-11 23:56:15.503   342   342 D SAN_SERVICE: *******************************************
06-11 23:56:15.503   342   342 D SAN_SERVICE: DM App Phone Service State - 0
06-11 23:56:15.503   342   342 D SAN_SERVICE: *******************************************
06-11 23:56:15.901   342   342 D SAN_SERVICE: *******************************************
06-11 23:56:15.901   342   342 D SAN_SERVICE: DM App Phone Service State - 0
06-11 23:56:15.901   342   342 D SAN_SERVICE: *******************************************
06-11 23:56:30.335   342   342 D SAN_SERVICE: *******************************************
06-11 23:56:30.335   342   342 D SAN_SERVICE: DM App Phone Service State - 0
06-11 23:56:30.335   342   342 D SAN_SERVICE: *******************************************
06-11 23:56:30.588   342   342 D SAN_SERVICE: *******************************************
06-11 23:56:30.588   342   342 D SAN_SERVICE: DM App Phone Service State - 0
06-11 23:56:30.588   342   342 D SAN_SERVICE: *******************************************
06-11 23:56:40.585   342   342 D SAN_SERVICE: *******************************************
06-11 23:56:40.585   342   342 D SAN_SERVICE: DM App Phone Service State - 0
06-11 23:56:40.585   342   342 D SAN_SERVICE: *******************************************
06-11 23:56:40.815   342   342 D SAN_SERVICE: *******************************************
06-11 23:56:40.815   342   342 D SAN_SERVICE: DM App Phone Service State - 0
06-11 23:56:40.815   342   342 D SAN_SERVICE: *******************************************
06-11 23:56:41.573   342   342 D SAN_SERVICE: *******************************************
06-11 23:56:41.573   342   342 D SAN_SERVICE: DM App Phone Service State - 0
06-11 23:56:41.573   342   342 D SAN_SERVICE: *******************************************
06-11 23:56:55.971   342   342 D SAN_SERVICE: *******************************************
06-11 23:56:55.971   342   342 D SAN_SERVICE: DM App Phone Service State - 0
06-11 23:56:55.971   342   342 D SAN_SERVICE: *******************************************
06-11 23:56:56.022   342   345 D dalvikvm: GC_CONCURRENT freed 942K, 16% free 12066K/14343K, paused 2ms+2ms
06-11 23:56:56.694   342   342 D SAN_SERVICE: *******************************************
06-11 23:56:56.694   342   342 D SAN_SERVICE: DM App Phone Service State - 0
06-11 23:56:56.694   342   342 D SAN_SERVICE: *******************************************
06-11 23:56:56.788   959   961 D dalvikvm: GC_CONCURRENT freed 439K, 27% free 10721K/14663K, paused 2ms+5ms
06-11 23:57:00.897 17920 17933 I PhoneLab-: Service Running
06-11 23:57:00.967 17920 17933 I PhoneLab-LoggerService: app_38    1106  1     1260   820   c00f181c 400107b4 S logcat
06-11 23:57:00.967 17920 17933 I PhoneLab-LoggerService: Logcat pid from database 1106
06-11 23:57:00.967 17920 17933 I PhoneLab-LoggerService: Logcat process found 1106
06-11 23:57:00.967 17920 17933 I PhoneLab-LoggerService: Checking Threshold
06-11 23:57:06.463 17774 17776 D dalvikvm: GC_CONCURRENT freed 640K, 8% free 10101K/10951K, paused 1ms+2ms
06-11 23:57:10.319  1391  1391 D OpenGLRenderer: Flushing caches (mode 2)
06-11 23:57:10.338  1391  1391 D OpenGLRenderer: Flushing caches (mode 0)
06-11 23:57:11.354   342   342 D SAN_SERVICE: *******************************************
06-11 23:57:11.354   342   342 D SAN_SERVICE: DM App Phone Service State - 0
06-11 23:57:11.354   342   342 D SAN_SERVICE: *******************************************
06-11 23:57:12.120   342   342 D SAN_SERVICE: *******************************************
06-11 23:57:12.120   342   342 D SAN_SERVICE: DM App Phone Service State - 0
06-11 23:57:12.120   342   342 D SAN_SERVICE: *******************************************
06-11 23:57:18.991   142   172 I ActivityManager: Start proc com.google.android.apps.maps for service com.google.android.apps.maps/com.google.googlenav.prefetch.android.PrefetcherService: pid=18084 uid=10057 gids={3003, 1015}
06-11 23:57:19.682 18084 18085 D dalvikvm: GC_CONCURRENT freed 164K, 3% free 9372K/9607K, paused 2ms+10ms
06-11 23:57:19.827 18084 18084 I ActivityThread: Pub com.google.android.maps.SearchHistoryProvider: com.google.googlenav.provider.SearchHistoryProvider
06-11 23:57:19.850 18084 18084 I ActivityThread: Pub com.google.android.maps.SuggestionProvider: com.google.googlenav.suggest.android.SuggestContentProvider
06-11 23:57:19.885 18084 18084 I ActivityThread: Pub com.google.android.maps.LayerInfoProvider: com.google.googlenav.layer.LayerInfoProvider
06-11 23:57:19.893 18084 18084 I ActivityThread: Pub com.google.android.maps.TrafficAppWidgetProvider: com.google.googlenav.appwidget.traffic.TrafficAppWidgetProvider
06-11 23:57:19.901 18084 18084 I ActivityThread: Pub com.google.android.maps.LocalActivePlacesProvider: com.google.googlenav.provider.LocalActivePlacesProvider
06-11 23:57:19.901 18084 18084 I ActivityThread: Pub com.google.android.maps.StarredItemProvider: com.google.googlenav.provider.StarredItemProvider
06-11 23:57:20.049 18084 18085 D dalvikvm: GC_CONCURRENT freed 199K, 3% free 9701K/9991K, paused 2ms+3ms
06-11 23:57:20.213 18084 18084 I ActivityThread: Pub com.google.android.maps.LocalSuggestionProvider: com.google.googlenav.provider.LocalSuggestionProvider
06-11 23:57:20.213 18084 18084 I ActivityThread: Pub com.google.android.maps.NavigationAvailabilityProvider: com.google.googlenav.provider.NavigationAvailabilityProvider
06-11 23:57:20.432 18084 18085 D dalvikvm: GC_CONCURRENT freed 217K, 4% free 9926K/10247K, paused 2ms+2ms
06-11 23:57:20.628 17677 17679 D dalvikvm: GC_CONCURRENT freed 520K, 7% free 10697K/11399K, paused 47ms+8ms
06-11 23:57:20.659 18084 18085 D dalvikvm: GC_CONCURRENT freed 206K, 4% free 10194K/10567K, paused 6ms+40ms
06-11 23:57:24.178   142   197 D DhcpInfoInternal: makeLinkProperties with empty dns2!
06-11 23:57:24.178   142   197 D DhcpInfoInternal: makeLinkProperties with empty dns2!
06-11 23:57:36.889   342   342 D SAN_SERVICE: *******************************************
06-11 23:57:36.889   342   342 D SAN_SERVICE: DM App Phone Service State - 0
06-11 23:57:36.889   342   342 D SAN_SERVICE: *******************************************
06-11 23:57:37.151   342   342 D SAN_SERVICE: *******************************************
06-11 23:57:37.151   342   342 D SAN_SERVICE: DM App Phone Service State - 0
06-11 23:57:37.151   342   342 D SAN_SERVICE: *******************************************
06-11 23:57:37.893   342   342 D SAN_SERVICE: *******************************************
06-11 23:57:37.893   342   342 D SAN_SERVICE: DM App Phone Service State - 0
06-11 23:57:37.893   342   342 D SAN_SERVICE: *******************************************
06-11 23:57:47.198   342   342 D SAN_SERVICE: *******************************************
06-11 23:57:47.198   342   342 D SAN_SERVICE: DM App Phone Service State - 0
06-11 23:57:47.198   342   342 D SAN_SERVICE: *******************************************
06-11 23:57:57.370   342   342 D SAN_SERVICE: *******************************************
06-11 23:57:57.370   342   342 D SAN_SERVICE: DM App Phone Service State - 0
06-11 23:57:57.370   342   342 D SAN_SERVICE: *******************************************
06-11 23:57:57.631   342   342 D SAN_SERVICE: *******************************************
06-11 23:57:57.631   342   342 D SAN_SERVICE: DM App Phone Service State - 0
06-11 23:57:57.631   342   342 D SAN_SERVICE: *******************************************
06-11 23:57:58.397   342   342 D SAN_SERVICE: *******************************************
06-11 23:57:58.397   342   342 D SAN_SERVICE: DM App Phone Service State - 0
06-11 23:57:58.397   342   342 D SAN_SERVICE: *******************************************
06-11 23:58:06.417 17451 17454 D dalvikvm: GC_CONCURRENT freed 504K, 6% free 10373K/10951K, paused 1ms+3ms
06-11 23:58:12.702   342   342 D SAN_SERVICE: *******************************************
06-11 23:58:12.702   342   342 D SAN_SERVICE: DM App Phone Service State - 0
06-11 23:58:12.702   342   342 D SAN_SERVICE: *******************************************
06-11 23:58:13.003   342   342 D SAN_SERVICE: *******************************************
06-11 23:58:13.003   342   342 D SAN_SERVICE: DM App Phone Service State - 0
06-11 23:58:13.003   342   342 D SAN_SERVICE: *******************************************
06-11 23:58:13.245   342   342 D SAN_SERVICE: *******************************************
06-11 23:58:13.245   342   342 D SAN_SERVICE: DM App Phone Service State - 0
06-11 23:58:13.245   342   342 D SAN_SERVICE: *******************************************
06-11 23:58:22.116 11024 11024 I wpa_supplicant: wlan0: WPA: Group rekeying completed with 94:44:52:17:be:7d [GTK=CCMP]
06-11 23:58:22.983   342   342 D SAN_SERVICE: *******************************************
06-11 23:58:22.983   342   342 D SAN_SERVICE: DM App Phone Service State - 0
06-11 23:58:22.983   342   342 D SAN_SERVICE: *******************************************
06-11 23:58:53.686   342   342 D SAN_SERVICE: *******************************************
06-11 23:58:53.686   342   342 D SAN_SERVICE: DM App Phone Service State - 0
06-11 23:58:53.686   342   342 D SAN_SERVICE: *******************************************
06-11 23:58:53.963   342   342 D SAN_SERVICE: *******************************************
06-11 23:58:53.963   342   342 D SAN_SERVICE: DM App Phone Service State - 0
06-11 23:58:53.963   342   342 D SAN_SERVICE: *******************************************
06-11 23:58:54.444   342   342 D SAN_SERVICE: *******************************************
06-11 23:58:54.444   342   342 D SAN_SERVICE: DM App Phone Service State - 0
06-11 23:58:54.444   342   342 D SAN_SERVICE: *******************************************
06-11 23:59:00.897 17920 17933 I PhoneLab-: Service Running
06-11 23:59:00.948 17920 17933 I PhoneLab-LoggerService: app_38    1106  1     1260   820   c00f181c 400107b4 S logcat
06-11 23:59:00.948 17920 17933 I PhoneLab-LoggerService: Logcat pid from database 1106
06-11 23:59:00.948 17920 17933 I PhoneLab-LoggerService: Logcat process found 1106
06-11 23:59:00.948 17920 17933 I PhoneLab-LoggerService: Checking Threshold
06-11 23:59:06.569 17774 17776 D dalvikvm: GC_CONCURRENT freed 454K, 8% free 10125K/10951K, paused 4ms+2ms
06-11 23:59:09.057   342   342 D SAN_SERVICE: *******************************************
06-11 23:59:09.057   342   342 D SAN_SERVICE: DM App Phone Service State - 0
06-11 23:59:09.057   342   342 D SAN_SERVICE: *******************************************
06-11 23:59:09.331   342   342 D SAN_SERVICE: *******************************************
06-11 23:59:09.331   342   342 D SAN_SERVICE: DM App Phone Service State - 0
06-11 23:59:09.331   342   342 D SAN_SERVICE: *******************************************
06-11 23:59:09.842   342   342 D SAN_SERVICE: *******************************************
06-11 23:59:09.842   342   342 D SAN_SERVICE: DM App Phone Service State - 0
06-11 23:59:09.842   342   342 D SAN_SERVICE: *******************************************
06-11 23:59:39.788   342   342 D SAN_SERVICE: *******************************************
06-11 23:59:39.788   342   342 D SAN_SERVICE: DM App Phone Service State - 0
06-11 23:59:39.788   342   342 D SAN_SERVICE: *******************************************
06-11 23:59:40.069   342   342 D SAN_SERVICE: *******************************************
06-11 23:59:40.069   342   342 D SAN_SERVICE: DM App Phone Service State - 0
06-11 23:59:40.069   342   342 D SAN_SERVICE: *******************************************
06-11 23:59:40.542   342   342 D SAN_SERVICE: *******************************************
06-11 23:59:40.542   342   342 D SAN_SERVICE: DM App Phone Service State - 0
06-11 23:59:40.542   342   342 D SAN_SERVICE: *******************************************
06-11 23:59:45.128   342   342 D SAN_SERVICE: *******************************************
06-11 23:59:45.128   342   342 D SAN_SERVICE: DM App Phone Service State - 0
06-11 23:59:45.128   342   342 D SAN_SERVICE: *******************************************
06-11 23:59:48.866   142   197 D DhcpInfoInternal: makeLinkProperties with empty dns2!
06-11 23:59:48.866   142   197 D DhcpInfoInternal: makeLinkProperties with empty dns2!
06-11 23:59:55.647   142   422 I AudioService:   Remote Control   registerMediaButtonIntent() for PendingIntent{41738d10: PendingIntentRecord{41582ea8 com.spotify.mobile.android.ui broadcastIntent}}
06-12 00:00:00.139 17838 17840 D dalvikvm: GC_CONCURRENT freed 310K, 5% free 9159K/9543K, paused 8ms+2ms
06-12 00:00:00.276 17648 18166 D dalvikvm: GC_FOR_ALLOC freed 147K, 6% free 9875K/10503K, paused 98ms
06-12 00:00:00.276 17648 18166 I dalvikvm-heap: Grow heap (frag case) to 9.836MB for 131088-byte allocation
06-12 00:00:00.346 17648 18166 D dalvikvm: GC_FOR_ALLOC freed 5K, 7% free 9997K/10695K, paused 21ms
06-12 00:00:00.393 17648 18166 D dalvikvm: GC_FOR_ALLOC freed <1K, 7% free 9997K/10695K, paused 20ms
06-12 00:00:00.393 17648 18166 I dalvikvm-heap: Grow heap (frag case) to 9.957MB for 131088-byte allocation
06-12 00:00:00.436 17648 18166 D dalvikvm: GC_FOR_ALLOC freed 128K, 9% free 9997K/10887K, paused 22ms
06-12 00:00:00.522 17648 18166 D dalvikvm: GC_FOR_ALLOC freed 257K, 9% free 9998K/10887K, paused 23ms
06-12 00:00:06.440 17451 17454 D dalvikvm: GC_CONCURRENT freed 565K, 6% free 10375K/11015K, paused 2ms+2ms
06-12 00:00:15.639   342   342 D SAN_SERVICE: *******************************************
06-12 00:00:15.639   342   342 D SAN_SERVICE: DM App Phone Service State - 0
06-12 00:00:15.639   342   342 D SAN_SERVICE: *******************************************
06-12 00:00:16.381   342   342 D SAN_SERVICE: *******************************************
06-12 00:00:16.381   342   342 D SAN_SERVICE: DM App Phone Service State - 0
06-12 00:00:16.381   342   342 D SAN_SERVICE: *******************************************
06-12 00:00:30.952   342   342 D SAN_SERVICE: *******************************************
06-12 00:00:30.952   342   342 D SAN_SERVICE: DM App Phone Service State - 0
06-12 00:00:30.952   342   342 D SAN_SERVICE: *******************************************
06-12 00:00:31.237   342   342 D SAN_SERVICE: *******************************************
06-12 00:00:31.237   342   342 D SAN_SERVICE: DM App Phone Service State - 0
06-12 00:00:31.237   342   342 D SAN_SERVICE: *******************************************
06-12 00:00:31.753   342   342 D SAN_SERVICE: *******************************************
06-12 00:00:31.753   342   342 D SAN_SERVICE: DM App Phone Service State - 0
06-12 00:00:31.753   342   342 D SAN_SERVICE: *******************************************
06-12 00:00:37.999   213   215 D dalvikvm: GC_CONCURRENT freed 410K, 34% free 10205K/15239K, paused 5ms+3ms
06-12 00:00:38.069   213   213 D dalvikvm: GC_EXPLICIT freed 39K, 34% free 10188K/15239K, paused 7ms+6ms
06-12 00:00:38.151   213   213 D dalvikvm: GC_FOR_ALLOC freed 366K, 34% free 10199K/15239K, paused 19ms
06-12 00:00:38.233   213   215 D dalvikvm: GC_CONCURRENT freed 330K, 33% free 10333K/15239K, paused 8ms+3ms
06-12 00:00:38.413   213   215 D dalvikvm: GC_CONCURRENT freed 392K, 32% free 10373K/15239K, paused 2ms+3ms
06-12 00:00:41.237   342   342 D SAN_SERVICE: *******************************************
06-12 00:00:41.237   342   342 D SAN_SERVICE: DM App Phone Service State - 0
06-12 00:00:41.237   342   342 D SAN_SERVICE: *******************************************
06-12 00:00:53.987   142   145 D dalvikvm: GC_CONCURRENT freed 1798K, 22% free 18128K/23239K, paused 25ms+13ms
06-12 00:00:56.573   342   342 D SAN_SERVICE: *******************************************
06-12 00:00:56.573   342   342 D SAN_SERVICE: DM App Phone Service State - 0
06-12 00:00:56.573   342   342 D SAN_SERVICE: *******************************************
06-12 00:00:56.846   342   342 D SAN_SERVICE: *******************************************
06-12 00:00:56.846   342   342 D SAN_SERVICE: DM App Phone Service State - 0
06-12 00:00:56.846   342   342 D SAN_SERVICE: *******************************************
06-12 00:00:57.088   342   342 D SAN_SERVICE: *******************************************
06-12 00:00:57.088   342   342 D SAN_SERVICE: DM App Phone Service State - 0
06-12 00:00:57.088   342   342 D SAN_SERVICE: *******************************************
06-12 00:01:00.917 17920 17933 I PhoneLab-: Service Running
06-12 00:01:00.956 17920 17933 I PhoneLab-LoggerService: app_38    1106  1     1260   820   c00f181c 400107b4 S logcat
06-12 00:01:00.956 17920 17933 I PhoneLab-LoggerService: Logcat pid from database 1106
06-12 00:01:00.956 17920 17933 I PhoneLab-LoggerService: Logcat process found 1106
06-12 00:01:00.956 17920 17933 I PhoneLab-LoggerService: Checking Threshold
06-12 00:01:06.596 17774 17776 D dalvikvm: GC_CONCURRENT freed 488K, 8% free 10122K/10951K, paused 3ms+2ms
06-12 00:01:15.198   959   961 D dalvikvm: GC_CONCURRENT freed 439K, 27% free 10721K/14663K, paused 3ms+5ms
06-12 00:01:27.885   142 12773 D dalvikvm: GC_EXPLICIT freed 284K, 23% free 18002K/23239K, paused 34ms+6ms
06-12 00:01:27.909   342   342 D SAN_SERVICE: *******************************************
06-12 00:01:27.909   342   342 D SAN_SERVICE: DM App Phone Service State - 0
06-12 00:01:27.909   342   342 D SAN_SERVICE: *******************************************
06-12 00:01:28.284   342   342 D SAN_SERVICE: *******************************************
06-12 00:01:28.284   342   342 D SAN_SERVICE: DM App Phone Service State - 0
06-12 00:01:28.284   342   342 D SAN_SERVICE: *******************************************
06-12 00:01:28.991   342   342 D SAN_SERVICE: *******************************************
06-12 00:01:28.991   342   342 D SAN_SERVICE: DM App Phone Service State - 0
06-12 00:01:28.991   342   342 D SAN_SERVICE: *******************************************
06-12 00:01:29.776   342   342 D SAN_SERVICE: *******************************************
06-12 00:01:29.776   342   342 D SAN_SERVICE: DM App Phone Service State - 0
06-12 00:01:29.776   342   342 D SAN_SERVICE: *******************************************
06-12 00:01:37.585   342   342 D SAN_SERVICE: *******************************************
06-12 00:01:37.585   342   342 D SAN_SERVICE: DM App Phone Service State - 0
06-12 00:01:37.585   342   342 D SAN_SERVICE: *******************************************
06-12 00:01:37.803   342   342 D SAN_SERVICE: *******************************************
06-12 00:01:37.803   342   342 D SAN_SERVICE: DM App Phone Service State - 0
06-12 00:01:37.803   342   342 D SAN_SERVICE: *******************************************
06-12 00:01:38.569   342   342 D SAN_SERVICE: *******************************************
06-12 00:01:38.569   342   342 D SAN_SERVICE: DM App Phone Service State - 0
06-12 00:01:38.569   342   342 D SAN_SERVICE: *******************************************
06-12 00:01:47.835   342   342 D SAN_SERVICE: *******************************************
06-12 00:01:47.835   342   342 D SAN_SERVICE: DM App Phone Service State - 0
06-12 00:01:47.835   342   342 D SAN_SERVICE: *******************************************
06-12 00:02:05.186   342   342 D SAN_SERVICE: *******************************************
06-12 00:02:05.186   342   342 D SAN_SERVICE: DM App Phone Service State - 0
06-12 00:02:05.186   342   342 D SAN_SERVICE: *******************************************
06-12 00:02:05.717   342   342 D SAN_SERVICE: *******************************************
06-12 00:02:05.717   342   342 D SAN_SERVICE: DM App Phone Service State - 0
06-12 00:02:05.717   342   342 D SAN_SERVICE: *******************************************
06-12 00:02:06.475  9452  9454 D dalvikvm: GC_CONCURRENT freed 450K, 6% free 10302K/10887K, paused 7ms+3ms
06-12 00:02:06.581 17451 17454 D dalvikvm: GC_CONCURRENT freed 506K, 6% free 10380K/11015K, paused 2ms+2ms
06-12 00:02:13.780   142   197 D DhcpInfoInternal: makeLinkProperties with empty dns2!
06-12 00:02:13.784   142   197 D DhcpInfoInternal: makeLinkProperties with empty dns2!
06-12 00:02:15.467 16639 16641 D dalvikvm: GC_CONCURRENT freed 1133K, 42% free 12891K/22215K, paused 12ms+5ms
06-12 00:02:18.495   342   342 D SAN_SERVICE: *******************************************
06-12 00:02:18.495   342   342 D SAN_SERVICE: DM App Phone Service State - 0
06-12 00:02:18.495   342   342 D SAN_SERVICE: *******************************************
06-12 00:02:19.026   342   342 D SAN_SERVICE: *******************************************
06-12 00:02:19.026   342   342 D SAN_SERVICE: DM App Phone Service State - 0
06-12 00:02:19.026   342   342 D SAN_SERVICE: *******************************************
06-12 00:02:28.753   342   342 D SAN_SERVICE: *******************************************
06-12 00:02:28.753   342   342 D SAN_SERVICE: DM App Phone Service State - 0
06-12 00:02:28.753   342   342 D SAN_SERVICE: *******************************************
06-12 00:02:44.096   342   342 D SAN_SERVICE: *******************************************
06-12 00:02:44.096   342   342 D SAN_SERVICE: DM App Phone Service State - 0
06-12 00:02:44.096   342   342 D SAN_SERVICE: *******************************************
06-12 00:02:44.327   342   342 D SAN_SERVICE: *******************************************
06-12 00:02:44.327   342   342 D SAN_SERVICE: DM App Phone Service State - 0
06-12 00:02:44.327   342   342 D SAN_SERVICE: *******************************************
06-12 00:02:44.913   342   342 D SAN_SERVICE: *******************************************
06-12 00:02:44.913   342   342 D SAN_SERVICE: DM App Phone Service State - 0
06-12 00:02:44.913   342   342 D SAN_SERVICE: *******************************************
06-12 00:02:49.534   342   342 D SAN_SERVICE: *******************************************
06-12 00:02:49.534   342   342 D SAN_SERVICE: DM App Phone Service State - 0
06-12 00:02:49.534   342   342 D SAN_SERVICE: *******************************************
06-12 00:02:50.553   142   917 D AlarmManagerService: Kernel timezone updated to 240 minutes west of GMT
06-12 00:02:50.557   342   342 D SystemClock: Setting time of day to sec=1339473770
06-12 00:02:50.175 17854 17880 V AlarmClock: AlarmInitReceiver finished
06-12 00:02:50.476   342   342 D SAN_SERVICE: *******************************************
06-12 00:02:50.480   342   342 D SAN_SERVICE: DM App Phone Service State - 0
06-12 00:02:50.480   342   342 D SAN_SERVICE: *******************************************
06-12 00:02:51.183   342   342 D SAN_SERVICE: *******************************************
06-12 00:02:51.183   342   342 D SAN_SERVICE: DM App Phone Service State - 0
06-12 00:02:51.183   342   342 D SAN_SERVICE: *******************************************
06-12 00:02:52.968   342   342 D SAN_SERVICE: *******************************************
06-12 00:02:52.968   342   342 D SAN_SERVICE: DM App Phone Service State - 0
06-12 00:02:52.968   342   342 D SAN_SERVICE: *******************************************
06-12 00:02:53.019   342   345 D dalvikvm: GC_CONCURRENT freed 888K, 16% free 12065K/14343K, paused 2ms+3ms
06-12 00:03:00.933 17920 17933 I PhoneLab-: Service Running
06-12 00:03:00.984 17920 17933 I PhoneLab-LoggerService: app_38    1106  1     1260   820   c00f181c 400107b4 S logcat
06-12 00:03:00.984 17920 17933 I PhoneLab-LoggerService: Logcat pid from database 1106
06-12 00:03:00.984 17920 17933 I PhoneLab-LoggerService: Logcat process found 1106
06-12 00:03:00.984 17920 17933 I PhoneLab-LoggerService: Checking Threshold
06-12 00:03:01.577   342   342 D SAN_SERVICE: *******************************************
06-12 00:03:01.577   342   342 D SAN_SERVICE: DM App Phone Service State - 0
06-12 00:03:01.577   342   342 D SAN_SERVICE: *******************************************
06-12 00:03:04.413   342   342 D SAN_SERVICE: *******************************************
06-12 00:03:04.413   342   342 D SAN_SERVICE: DM App Phone Service State - 0
06-12 00:03:04.413   342   342 D SAN_SERVICE: *******************************************
06-12 00:03:04.577   342   342 D SAN_SERVICE: *******************************************
06-12 00:03:04.577   342   342 D SAN_SERVICE: DM App Phone Service State - 0
06-12 00:03:04.577   342   342 D SAN_SERVICE: *******************************************
06-12 00:03:06.163 17774 17776 D dalvikvm: GC_CONCURRENT freed 501K, 8% free 10102K/10951K, paused 2ms+2ms
06-12 00:03:09.413   342   342 D SAN_SERVICE: *******************************************
06-12 00:03:09.413   342   342 D SAN_SERVICE: DM App Phone Service State - 0
06-12 00:03:09.413   342   342 D SAN_SERVICE: *******************************************
06-12 00:03:09.487   342   342 D SAN_SERVICE: *******************************************
06-12 00:03:09.487   342   342 D SAN_SERVICE: DM App Phone Service State - 0
06-12 00:03:09.487   342   342 D SAN_SERVICE: *******************************************
06-12 00:03:19.452   342   342 D SAN_SERVICE: *******************************************
06-12 00:03:19.452   342   342 D SAN_SERVICE: DM App Phone Service State - 0
06-12 00:03:19.452   342   342 D SAN_SERVICE: *******************************************
06-12 00:03:19.718   342   342 D SAN_SERVICE: *******************************************
06-12 00:03:19.718   342   342 D SAN_SERVICE: DM App Phone Service State - 0
06-12 00:03:19.718   342   342 D SAN_SERVICE: *******************************************
06-12 00:03:20.210   342   342 D SAN_SERVICE: *******************************************
06-12 00:03:20.210   342   342 D SAN_SERVICE: DM App Phone Service State - 0
06-12 00:03:20.210   342   342 D SAN_SERVICE: *******************************************
06-12 00:03:31.398   342   342 D SAN_SERVICE: *******************************************
06-12 00:03:31.398   342   342 D SAN_SERVICE: DM App Phone Service State - 0
06-12 00:03:31.398   342   342 D SAN_SERVICE: *******************************************
06-12 00:03:32.167   342   342 D SAN_SERVICE: *******************************************
06-12 00:03:32.167   342   342 D SAN_SERVICE: DM App Phone Service State - 0
06-12 00:03:32.167   342   342 D SAN_SERVICE: *******************************************
06-12 00:03:33.144   142   294 D AlarmManagerService: Kernel timezone updated to 240 minutes west of GMT
06-12 00:03:35.804   142   174 I power   : *** set_screen_state 1
06-12 00:03:35.999   142   174 I WindowManager: Lock screen displayed!
06-12 00:03:36.066 17514 17516 D dalvikvm: GC_CONCURRENT freed 673K, 8% free 10589K/11399K, paused 19ms+8ms
06-12 00:03:36.070 17514 17514 D vclib:CallStateClient: startListening
06-12 00:03:36.101    79   118 D SurfaceFlinger: Screen about to return, flinger = 0x1e2b918
06-12 00:03:36.155  9452  9486 W GTalkService: onSentBatchPresenceRequest but user idle
06-12 00:03:36.159 17514 18203 E talk    : [Databaseutils] pruneOldMessageHistory
06-12 00:03:36.788 17514 17514 D vclib:CallStateClient: stopListening
06-12 00:03:36.788 17514 17514 D vclib:CallStateClient: startListening
06-12 00:03:37.124 17514 17516 D dalvikvm: GC_CONCURRENT freed 378K, 7% free 10606K/11399K, paused 9ms+20ms
06-12 00:03:37.159   213   215 D dalvikvm: GC_CONCURRENT freed 372K, 32% free 10399K/15239K, paused 2ms+2ms
06-12 00:03:37.296   213   215 D dalvikvm: GC_CONCURRENT freed 572K, 33% free 10248K/15239K, paused 5ms+3ms
06-12 00:03:37.874  9452  9454 D dalvikvm: GC_CONCURRENT freed 395K, 6% free 10292K/10887K, paused 2ms+3ms
06-12 00:03:38.097  9452 16396 D dalvikvm: GC_EXPLICIT freed 65K, 6% free 10263K/10887K, paused 10ms+4ms
06-12 00:03:38.527 15079 15081 D dalvikvm: GC_CONCURRENT freed 483K, 6% free 9825K/10439K, paused 1ms+4ms
06-12 00:03:39.460  9452 16394 D dalvikvm: GC_FOR_ALLOC freed 137K, 6% free 10276K/10887K, paused 34ms
06-12 00:03:39.933    85    85 I keystore: uid: 1000 action: p -> 1 state: 1 -> 1 retry: 4
06-12 00:03:39.948   213   213 D PhoneStatusBar: disable: < expand* icons alerts ticker* system_info BACK HOME recent* CLOCK >
06-12 00:03:39.984   142   370 W InputManagerService: Window already focused, ignoring focus gain of: com.android.internal.view.IInputMethodClient$Stub$Proxy@419ba528
06-12 00:03:40.007   213   213 D PhoneStatusBar: disable: < expand icons alerts ticker system_info back* home* recent clock* >
06-12 00:03:41.527 17514 17516 D dalvikvm: GC_CONCURRENT freed 415K, 7% free 10646K/11399K, paused 15ms+10ms
06-12 00:03:41.851   142   178 I ActivityManager: START {act=android.intent.action.MAIN cat=[android.intent.category.HOME] flg=0x10200000 cmp=com.android.launcher/com.android.launcher2.Launcher} from pid 142
06-12 00:03:42.167 17514 17514 D OpenGLRenderer: Flushing caches (mode 0)
06-12 00:03:42.198   142   921 W InputManagerService: Starting input on non-focused client com.android.internal.view.IInputMethodClient$Stub$Proxy@417d9878 (uid=10047 pid=17514)
06-12 00:03:42.218 17514 17514 D vclib:CallStateClient: stopListening
06-12 00:03:42.234 17514 17514 D OpenGLRenderer: Flushing caches (mode 1)
06-12 00:03:43.636  9452  9454 D dalvikvm: GC_CONCURRENT freed 370K, 6% free 10290K/10887K, paused 7ms+3ms
06-12 00:03:44.171   142   142 I ActivityManager: START {act=android.intent.action.MAIN cat=[android.intent.category.LAUNCHER] flg=0x10000000 pkg=com.spotify.mobile.android.ui cmp=com.spotify.mobile.android.ui/.Launcher bnds=[288,706][384,802]} from pid 1391
06-12 00:03:44.280   142   916 I AudioService:   Remote Control   registerMediaButtonIntent() for PendingIntent{41552608: PendingIntentRecord{41582ea8 com.spotify.mobile.android.ui broadcastIntent}}
06-12 00:03:44.476  1391  1391 D OpenGLRenderer: Flushing caches (mode 0)
06-12 00:03:44.484   213   213 V PhoneStatusBar: setLightsOn(true)
06-12 00:03:44.585  1391  1391 D OpenGLRenderer: Flushing caches (mode 1)
06-12 00:03:45.925   213   213 D dalvikvm: GC_FOR_ALLOC freed 676K, 35% free 9937K/15239K, paused 21ms
06-12 00:03:45.991   213   215 D dalvikvm: GC_CONCURRENT freed 331K, 35% free 10057K/15239K, paused 2ms+3ms
06-12 00:03:46.241   142   919 D AlarmManagerService: Kernel timezone updated to 240 minutes west of GMT
06-12 00:03:46.542 12941 12943 D dalvikvm: GC_CONCURRENT freed 1673K, 26% free 14432K/19399K, paused 12ms+8ms
06-12 00:03:48.870    82   122 D AudioHardware: AudioHardware pcm playback is going to standby.
06-12 00:03:48.870    82   122 D AudioHardware: closePcmOut_l() mPcmOpenCnt: 1
06-12 00:03:51.503   342   342 D SAN_SERVICE: *******************************************
06-12 00:03:51.503   342   342 D SAN_SERVICE: DM App Phone Service State - 0
06-12 00:03:51.503   342   342 D SAN_SERVICE: *******************************************
06-12 00:04:03.484   142   168 V WiredAccessoryObserver: Headset UEVENT: {SUBSYSTEM=switch, SWITCH_STATE=0, DEVPATH=/devices/virtual/switch/h2w, SEQNUM=20007, ACTION=change, SWITCH_NAME=h2w}
06-12 00:04:03.487   142   168 V WiredAccessoryObserver: newState = 0, headsetState = 0,mHeadsetState = 2
06-12 00:04:03.534   142   159 I ActivityManager: Start proc com.android.music for broadcast com.android.music/.MediaButtonIntentReceiver: pid=18213 uid=10033 gids={3003, 1015}
06-12 00:04:03.550 18213 18213 I dalvikvm: Turning on JNI app bug workarounds for target SDK version 9...
06-12 00:04:03.714   142   421 I AudioService:   Remote Control   registerMediaButtonIntent() for PendingIntent{4171f2f0: PendingIntentRecord{418760e8 com.android.music broadcastIntent}}
06-12 00:04:03.804   142   422 I ActivityManager: Start proc android.process.media for content provider com.android.providers.media/.MediaProvider: pid=18227 uid=10012 gids={1015, 1023, 1024, 2001, 3003, 3007}
06-12 00:04:03.894 18227 18227 I ActivityThread: Pub downloads: com.android.providers.downloads.DownloadProvider
06-12 00:04:03.976 18227 18240 I DownloadManager: in removeSpuriousFiles
06-12 00:04:03.976 18227 18227 I ActivityThread: Pub drm: com.android.providers.drm.DrmProvider
06-12 00:04:03.991 18227 18227 I ActivityThread: Pub media: com.android.providers.media.MediaProvider
06-12 00:04:04.159   142   421 D dalvikvm: GC_EXPLICIT freed 2417K, 26% free 17254K/23239K, paused 4ms+13ms
06-12 00:04:04.163 18227 18240 I DownloadManager: deleting spurious file /cache/backup
06-12 00:04:04.374 18227 18229 D dalvikvm: GC_CONCURRENT freed 370K, 5% free 9165K/9607K, paused 3ms+3ms
06-12 00:04:04.527   142   158 V WiredAccessoryObserver: Intent.ACTION_HEADSET_PLUG: state: 0 name: h2w mic: 0
06-12 00:04:04.534 12941 12941 D SpotifyJava: Received broadcast: android.intent.action.HEADSET_PLUG
06-12 00:04:06.089 17451 17454 D dalvikvm: GC_CONCURRENT freed 513K, 6% free 10378K/11015K, paused 2ms+4ms
06-12 00:04:08.823   142   179 D EventHub: No input device configuration file found for device 'sec_jack'.
06-12 00:04:08.823   142   168 V WiredAccessoryObserver: Headset UEVENT: {SUBSYSTEM=switch, SWITCH_STATE=1, DEVPATH=/devices/virtual/switch/h2w, SEQNUM=20012, ACTION=change, SWITCH_NAME=h2w}
06-12 00:04:08.823   142   168 V WiredAccessoryObserver: newState = 1, headsetState = 1,mHeadsetState = 0
06-12 00:04:08.827 12941 12941 D SpotifyJava: Received broadcast: android.intent.action.HEADSET_PLUG
06-12 00:04:08.827   142   158 V WiredAccessoryObserver: Intent.ACTION_HEADSET_PLUG: state: 1 name: h2w mic: 1
06-12 00:04:08.835   142   179 I EventHub: New device: id=12, fd=366, path='/dev/input/event7', name='sec_jack', classes=0x1, configuration='', keyLayout='/system/usr/keylayout/sec_jack.kl', keyCharacterMap='/system/usr/keychars/sec_jack.kcm', builtinKeyboard=false
06-12 00:04:08.835   142   179 I InputReader: Device added: id=12, name='sec_jack', sources=0x00000101
06-12 00:04:20.909   342   342 D SAN_SERVICE: *******************************************
06-12 00:04:20.909   342   342 D SAN_SERVICE: DM App Phone Service State - 0
06-12 00:04:20.909   342   342 D SAN_SERVICE: *******************************************
06-12 00:04:21.659   342   342 D SAN_SERVICE: *******************************************
06-12 00:04:21.659   342   342 D SAN_SERVICE: DM App Phone Service State - 0
06-12 00:04:21.659   342   342 D SAN_SERVICE: *******************************************
06-12 00:04:27.066  9452 16394 D dalvikvm: GC_FOR_ALLOC freed 377K, 6% free 10294K/10887K, paused 24ms
06-12 00:04:38.030   142   922 I ActivityManager: Process com.twitter.android (pid 16639) has died.
06-12 00:04:38.195   142   197 D DhcpInfoInternal: makeLinkProperties with empty dns2!
06-12 00:04:38.198   142   197 D DhcpInfoInternal: makeLinkProperties with empty dns2!
06-12 00:04:41.390   342   342 D SAN_SERVICE: *******************************************
06-12 00:04:41.390   342   342 D SAN_SERVICE: DM App Phone Service State - 0
06-12 00:04:41.390   342   342 D SAN_SERVICE: *******************************************
06-12 00:04:41.882   342   342 D SAN_SERVICE: *******************************************
06-12 00:04:41.882   342   342 D SAN_SERVICE: DM App Phone Service State - 0
06-12 00:04:41.882   342   342 D SAN_SERVICE: *******************************************
06-12 00:04:45.140   142   170 I power   : *** set_screen_state 0
06-12 00:04:45.191    79   118 D SurfaceFlinger: About to give-up screen, flinger = 0x1e2b918
06-12 00:04:50.230   142   174 V TransportControlView: Create TCV com.android.internal.widget.TransportControlView@4165c230
06-12 00:04:50.312   213   213 D PhoneStatusBar: disable: < EXPAND* icons alerts TICKER* system_info back home RECENT* clock >
06-12 00:04:50.344  1391  1391 D OpenGLRenderer: Flushing caches (mode 1)
06-12 00:04:50.355   213   213 D PhoneStatusBar: disable: < EXPAND icons alerts TICKER system_info BACK* HOME* RECENT CLOCK* >
06-12 00:04:50.387 17514 17514 D OpenGLRenderer: Flushing caches (mode 2)
06-12 00:04:50.394 17514 17514 D OpenGLRenderer: Flushing caches (mode 0)
06-12 00:04:50.531   142   145 D dalvikvm: GC_CONCURRENT freed 1212K, 23% free 17993K/23239K, paused 4ms+10ms
06-12 00:05:00.129   213   215 D dalvikvm: GC_CONCURRENT freed 537K, 35% free 9909K/15239K, paused 1ms+2ms
06-12 00:05:06.195  1391  1391 D OpenGLRenderer: Flushing caches (mode 1)
06-12 00:05:06.269 17774 17774 D dalvikvm: GC_EXPLICIT freed 280K, 9% free 10064K/10951K, paused 23ms+2ms
06-12 00:05:47.890 17920 17933 I PhoneLab-: Service Running
06-12 00:05:47.988 17920 17933 I PhoneLab-LoggerService: app_38    1106  1     1260   820   c00f181c 400107b4 S logcat
06-12 00:05:47.988 17920 17933 I PhoneLab-LoggerService: Logcat pid from database 1106
06-12 00:05:47.988 17920 17933 I PhoneLab-LoggerService: Logcat process found 1106
06-12 00:05:47.988 17920 17933 I PhoneLab-LoggerService: Checking Threshold
06-12 00:06:06.195 17451 17454 D dalvikvm: GC_CONCURRENT freed 509K, 6% free 10380K/11015K, paused 2ms+2ms
06-12 00:06:06.234  1391  1391 D OpenGLRenderer: Flushing caches (mode 1)
06-12 00:06:06.355 17774 17776 D dalvikvm: GC_CONCURRENT freed 439K, 8% free 10132K/10951K, paused 6ms+3ms
06-12 00:06:06.922   142   154 I AudioService:  AudioFocus  abandonAudioFocus() from android.media.AudioManager@41323d58com.android.music.MediaPlaybackService$3@41322cf8
06-12 00:06:06.953   142   159 I ActivityManager: Start proc com.android.musicfx for broadcast com.android.musicfx/.ControlPanelReceiver: pid=18275 uid=10034 gids={3003, 3002}
06-12 00:06:06.996 18275 18275 V MusicFXControlPanelReceiver: onReceive
06-12 00:06:06.996 18275 18275 V MusicFXControlPanelReceiver: Action: android.media.action.CLOSE_AUDIO_EFFECT_CONTROL_SESSION
06-12 00:06:06.996 18275 18275 V MusicFXControlPanelReceiver: Package name: com.android.music
06-12 00:06:06.996 18275 18275 V MusicFXControlPanelReceiver: Audio session: 162
06-12 00:06:06.996 18275 18275 V MusicFXControlPanelEffect: closeSession(android.app.ReceiverRestrictedContext@41318048, com.android.music, 162)
06-12 00:07:03.078   142   197 D DhcpInfoInternal: makeLinkProperties with empty dns2!
06-12 00:07:03.082   142   197 D DhcpInfoInternal: makeLinkProperties with empty dns2!
06-12 00:07:04.500   142   154 D AlarmManagerService: Kernel timezone updated to 240 minutes west of GMT
06-12 00:07:15.593   142   172 I ActivityManager: Start proc com.twitter.android for service com.twitter.android/.client.AppService: pid=18308 uid=10068 gids={3003, 1015}
06-12 00:07:15.617 18308 18308 I dalvikvm: Turning on JNI app bug workarounds for target SDK version 11...
06-12 00:07:15.625    80    80 D dalvikvm: GC_EXPLICIT freed 37K, 4% free 9031K/9347K, paused 2ms+12ms
06-12 00:07:15.668    80    80 D dalvikvm: GC_EXPLICIT freed <1K, 4% free 9031K/9347K, paused 6ms+2ms
06-12 00:07:15.707    80    80 D dalvikvm: GC_EXPLICIT freed <1K, 4% free 9031K/9347K, paused 2ms+6ms
06-12 00:07:15.738 18308 18308 I ActivityThread: Pub com.twitter.android.provider.GlobalDatabaseProvider: com.twitter.android.provider.GlobalDatabaseProvider
06-12 00:07:15.746 18308 18308 I ActivityThread: Pub com.twitter.android.provider.TwitterProvider: com.twitter.android.provider.TwitterProvider
06-12 00:07:15.824 18308 18310 D dalvikvm: GC_CONCURRENT freed 200K, 4% free 9290K/9607K, paused 6ms+3ms
06-12 00:07:16.097 18308 18310 D dalvikvm: GC_CONCURRENT freed 229K, 4% free 9511K/9863K, paused 1ms+2ms
06-12 00:07:16.234 18308 18310 D dalvikvm: GC_CONCURRENT freed 291K, 5% free 9634K/10055K, paused 2ms+1ms
06-12 00:07:16.363 18308 18310 D dalvikvm: GC_CONCURRENT freed 299K, 5% free 9761K/10183K, paused 2ms+2ms
06-12 00:07:16.496 18308 18310 D dalvikvm: GC_CONCURRENT freed 308K, 5% free 9894K/10311K, paused 1ms+2ms
06-12 00:07:16.625 18308 18310 D dalvikvm: GC_CONCURRENT freed 303K, 4% free 10024K/10439K, paused 2ms+2ms
06-12 00:07:16.742 18308 18310 D dalvikvm: GC_CONCURRENT freed 306K, 4% free 10156K/10567K, paused 1ms+1ms
06-12 00:07:16.859 18308 18310 D dalvikvm: GC_CONCURRENT freed 294K, 4% free 10282K/10695K, paused 1ms+2ms
06-12 00:07:17.031 18308 18310 D dalvikvm: GC_CONCURRENT freed 478K, 6% free 10223K/10823K, paused 1ms+2ms
06-12 00:07:17.144 18308 18310 D dalvikvm: GC_CONCURRENT freed 321K, 5% free 10298K/10823K, paused 1ms+2ms
06-12 00:07:17.281 18308 18310 D dalvikvm: GC_CONCURRENT freed 334K, 5% free 10389K/10823K, paused 2ms+1ms
06-12 00:07:17.406 18308 18310 D dalvikvm: GC_CONCURRENT freed 363K, 5% free 10475K/10951K, paused 1ms+2ms
06-12 00:07:17.531 18308 18310 D dalvikvm: GC_CONCURRENT freed 345K, 5% free 10557K/11015K, paused 1ms+2ms
06-12 00:07:17.652 18308 18310 D dalvikvm: GC_CONCURRENT freed 321K, 4% free 10642K/11079K, paused 2ms+2ms
06-12 00:07:17.789 18308 18310 D dalvikvm: GC_CONCURRENT freed 376K, 5% free 10726K/11207K, paused 1ms+2ms
06-12 00:07:17.953 18308 18310 D dalvikvm: GC_CONCURRENT freed 406K, 5% free 10821K/11335K, paused 2ms+3ms
06-12 00:07:19.238 18308 18310 D dalvikvm: GC_CONCURRENT freed 338K, 4% free 11016K/11463K, paused 2ms+2ms
06-12 00:07:21.289 18308 18310 D dalvikvm: GC_CONCURRENT freed 419K, 5% free 11213K/11719K, paused 2ms+2ms
06-12 00:08:06.394 17451 17454 D dalvikvm: GC_CONCURRENT freed 512K, 6% free 10380K/11015K, paused 2ms+2ms
06-12 00:08:06.527 17774 17776 D dalvikvm: GC_CONCURRENT freed 522K, 8% free 10118K/10951K, paused 2ms+3ms
06-12 00:08:06.683 17774 17776 D dalvikvm: GC_CONCURRENT freed 205K, 6% free 10309K/10951K, paused 2ms+2ms
06-12 00:08:07.777   959   961 D dalvikvm: GC_CONCURRENT freed 439K, 27% free 10720K/14663K, paused 5ms+4ms
06-12 00:09:06.445 17774 17776 D dalvikvm: GC_CONCURRENT freed 688K, 8% free 10125K/10951K, paused 1ms+3ms
06-12 00:09:27.949   142   197 D DhcpInfoInternal: makeLinkProperties with empty dns2!
06-12 00:09:27.949   142   197 D DhcpInfoInternal: makeLinkProperties with empty dns2!
06-12 00:09:37.562   142   172 I ActivityManager: Start proc com.google.android.partnersetup for service com.google.android.partnersetup/.RlzPingService: pid=18352 uid=10022 gids={3003}
06-12 00:09:37.625 18352 18352 I ActivityThread: Pub com.google.android.partnersetup.rlzprovider: com.google.android.partnersetup.RlzProvider
06-12 00:09:37.629 18352 18352 I ActivityThread: Pub com.google.android.partnersetup.rlzappprovider: com.google.android.partnersetup.RlzAppProvider
06-12 00:09:37.683 18352 18352 I RlzPingService: Setting next ping for 1340078977682
06-12 00:10:06.632 17451 17454 D dalvikvm: GC_CONCURRENT freed 512K, 6% free 10380K/11015K, paused 2ms+2ms
06-12 00:10:06.777   142   916 D dalvikvm: GC_EXPLICIT freed 1251K, 23% free 18061K/23239K, paused 3ms+10ms
06-12 00:10:27.504   142   166 I ActivityManager: Start proc com.android.chrome for service com.android.chrome/com.google.android.apps.chrome.sync.ChromeBrowserSyncAdapterService: pid=18370 uid=10073 gids={3003, 1015}
06-12 00:10:27.515   142   368 I ActivityManager: Process com.google.android.apps.maps (pid 18084) has died.
06-12 00:10:27.546   142   918 I AudioService:   Remote Control   registerMediaButtonIntent() for PendingIntent{4182a208: PendingIntentRecord{41582ea8 com.spotify.mobile.android.ui broadcastIntent}}
06-12 00:10:27.726 18370 18370 I ActivityThread: Pub com.android.chrome.snapshot: com.android.chrome.snapshot.SnapshotProviderStable
06-12 00:10:27.746 18370 18370 I ActivityThread: Pub com.android.chrome.ChromeBrowserProvider;com.android.chrome.browser;com.android.chrome: com.android.chrome.ChromeBrowserProviderStable
06-12 00:10:27.808 18370 18384 D ChromeBrowserSyncAdapter: delaying sync
06-12 00:11:06.722 17774 17776 D dalvikvm: GC_CONCURRENT freed 479K, 8% free 10138K/10951K, paused 4ms+2ms
06-12 00:11:52.625   142   197 D DhcpInfoInternal: makeLinkProperties with empty dns2!
06-12 00:11:52.625   142   197 D DhcpInfoInternal: makeLinkProperties with empty dns2!
06-12 00:12:06.652 17451 17454 D dalvikvm: GC_CONCURRENT freed 504K, 6% free 10387K/11015K, paused 2ms+2ms
06-12 00:12:18.527   142   172 I ActivityManager: Start proc com.google.android.apps.plus for service com.google.android.apps.plus/.service.EsService: pid=18408 uid=10058 gids={3003, 3002, 1015, 1006}
06-12 00:12:19.152 18408 18411 D dalvikvm: GC_CONCURRENT freed 154K, 3% free 9382K/9607K, paused 30ms+5ms
06-12 00:12:19.269 18408 18408 I ActivityThread: Pub com.google.android.apps.plus.content.ApiProvider: com.google.android.apps.plus.content.EsApiProvider
06-12 00:12:19.289 18408 18408 I ActivityThread: Pub com.google.android.apps.plus.content.EsGooglePhotoProvider: com.google.android.picasasync.PicasaContentProvider
06-12 00:12:19.441 18408 18411 D dalvikvm: GC_CONCURRENT freed 482K, 6% free 9433K/9991K, paused 2ms+10ms
06-12 00:12:19.441 18408 18408 I ActivityThread: Pub com.google.android.apps.plus.content.EsPicasaStoreProvider: com.google.android.picasastore.PicasaPhotoContentProvider
06-12 00:12:19.465 17920 17933 I PhoneLab-: Service Running
06-12 00:12:19.468 18408 18408 I ActivityThread: Pub com.google.plus.platform: com.google.android.apps.plus.content.AdsProvider
06-12 00:12:19.468 18408 18408 I ActivityThread: Pub com.google.android.apps.plus.iu.EsGoogleIuProvider: com.google.android.apps.plus.iu.InstantUploadProvider
06-12 00:12:19.519 18408 18408 I ActivityThread: Pub com.google.android.apps.plus.content.EsProvider: com.google.android.apps.plus.content.EsProvider
06-12 00:12:19.597 18408 18411 D dalvikvm: GC_CONCURRENT freed 410K, 6% free 9548K/10055K, paused 2ms+20ms
06-12 00:12:19.988  9452 10801 I EventLogService: Aggregate from 1339472539332 (log), 1339472539332 (data)
06-12 00:12:20.937 18408 18423 D PicasaPhotoCP: set fsid first time:-1
06-12 00:12:20.965 17920 17933 I PhoneLab-LoggerService: app_38    1106  1     1260   820   c00f181c 400107b4 S logcat
06-12 00:12:20.965 17920 17933 I PhoneLab-LoggerService: Logcat pid from database 1106
06-12 00:12:20.965 17920 17933 I PhoneLab-LoggerService: Logcat process found 1106
06-12 00:12:20.965 17920 17933 I PhoneLab-LoggerService: Checking Threshold
06-12 00:12:20.965 17920 17933 I PhoneLab-: Service Running
06-12 00:12:20.988   142   921 I ActivityManager: Process com.android.calendar (pid 17838) has died.
06-12 00:12:21.011   142   142 I AudioService:   Remote Control   registerMediaButtonIntent() for PendingIntent{418a6ba8: PendingIntentRecord{41582ea8 com.spotify.mobile.android.ui broadcastIntent}}
06-12 00:12:21.078 17920 17933 I PhoneLab-LoggerService: app_38    1106  1     1260   820   c00f181c 400107b4 S logcat
06-12 00:12:21.078 17920 17933 I PhoneLab-LoggerService: Logcat pid from database 1106
06-12 00:12:21.078 17920 17933 I PhoneLab-LoggerService: Logcat process found 1106
06-12 00:12:21.078 17920 17933 I PhoneLab-LoggerService: Checking Threshold
06-12 00:12:21.078 17920 17933 I PhoneLab-: Service Running
06-12 00:12:21.156 17920 17922 D dalvikvm: GC_CONCURRENT freed 384K, 5% free 9128K/9607K, paused 6ms+5ms
