06-10 13:19:25.738 14020 14020 I ActivityThread: Pub media: com.android.providers.media.MediaProvider
06-10 13:19:25.894 13998 14000 D dalvikvm: GC_CONCURRENT freed 231K, 4% free 9558K/9863K, paused 18ms+2ms
06-10 13:19:25.925 13998 13998 D vclib:CallStateClient: startListening
06-10 13:19:26.339   152   168 I Process : Sending signal. PID: 13998 SIG: 3
06-10 13:19:26.339 13998 14003 I dalvikvm: threadid=3: reacting to signal 3
06-10 13:19:26.351 13998 14003 I dalvikvm: Wrote stack traces to '/data/anr/traces.txt'
06-10 13:19:26.414   152  5616 D dalvikvm: GC_EXPLICIT freed 773K, 28% free 16680K/22919K, paused 7ms+30ms
06-10 13:19:26.414 14020 14023 D dalvikvm: GC_CONCURRENT freed 336K, 5% free 9187K/9607K, paused 2ms+8ms
06-10 13:19:26.418 14020 14034 I DownloadManager: in removeSpuriousFiles, preserving file /data/data/com.android.providers.downloads/cache/downloadfile.apk
06-10 13:19:26.418 14020 14034 I DownloadManager: deleting spurious file /cache/backup
06-10 13:19:26.418 14020 14034 I DownloadManager: deleting spurious file /data/data/com.android.providers.downloads/cache/downloadfile-1.apk
06-10 13:19:26.468 13998 13998 D libEGL  : loaded /system/lib/egl/libGLES_android.so
06-10 13:19:26.488 13998 13998 D libEGL  : loaded /vendor/lib/egl/libEGL_POWERVR_SGX540_120.so
06-10 13:19:26.507 13998 13998 D libEGL  : loaded /vendor/lib/egl/libGLESv1_CM_POWERVR_SGX540_120.so
06-10 13:19:26.511 13998 13998 D libEGL  : loaded /vendor/lib/egl/libGLESv2_POWERVR_SGX540_120.so
06-10 13:19:26.566 13998 13998 D OpenGLRenderer: Enabling debug mode 0
06-10 13:19:26.644   152   201 I ActivityManager: Displayed com.google.android.talk/.SigningInActivity: +2s153ms
06-10 13:19:26.687  1339  1339 D OpenGLRenderer: Flushing caches (mode 1)
06-10 13:19:26.972 13998 13998 D vclib:CallStateClient: stopListening
06-10 13:19:26.972 13998 13998 D vclib:CallStateClient: startListening
06-10 13:19:27.191 13998 14000 D dalvikvm: GC_CONCURRENT freed 310K, 5% free 9739K/10183K, paused 6ms+3ms
06-10 13:19:27.421 13998 14000 D dalvikvm: GC_CONCURRENT freed 119K, 3% free 10084K/10311K, paused 2ms+3ms
06-10 13:19:27.519 13611 13611 D OpenGLRenderer: Flushing caches (mode 2)
06-10 13:19:27.550 13611 13611 D OpenGLRenderer: Flushing caches (mode 0)
06-10 13:19:27.550 13611 13611 W ManagedEGLContext: doTerminate failed: EGL count is 2 but managed count is 1
06-10 13:19:29.714 13998 14000 D dalvikvm: GC_CONCURRENT freed 184K, 3% free 10315K/10631K, paused 2ms+5ms
06-10 13:19:31.828 12627 12627 D dalvikvm: GC_EXPLICIT freed 22K, 7% free 10226K/10887K, paused 19ms+3ms
06-10 13:19:32.699 13998 14000 D dalvikvm: GC_CONCURRENT freed 240K, 4% free 10602K/10951K, paused 4ms+5ms
06-10 13:19:33.828 13998 14000 D dalvikvm: GC_CONCURRENT freed 428K, 5% free 10601K/11143K, paused 2ms+3ms
06-10 13:19:35.433 13998 14000 D dalvikvm: GC_CONCURRENT freed 411K, 5% free 10611K/11143K, paused 6ms+5ms
06-10 13:19:36.984 10021 10021 D dalvikvm: GC_EXPLICIT freed <1K, 4% free 9055K/9347K, paused 101ms+18ms
06-10 13:19:39.175  1339  1339 D OpenGLRenderer: Flushing caches (mode 2)
06-10 13:19:39.218  1339  1339 D OpenGLRenderer: Flushing caches (mode 0)
06-10 13:19:39.265 13611 14049 I Gmail   : MainSyncRequestProto: lowestBkwdConvoId: 0, highestHandledServerOp: 3230104, normalSync: true
06-10 13:19:39.289 13611 13611 D OpenGLRenderer: Flushing caches (mode 1)
06-10 13:19:39.289 13611 14049 W Gmail   : Scheduling index for 300000 ms from now
06-10 13:19:39.843 13998 14000 D dalvikvm: GC_CONCURRENT freed 509K, 6% free 10617K/11271K, paused 5ms+12ms
06-10 13:19:45.121 13998 14000 D dalvikvm: GC_CONCURRENT freed 428K, 6% free 10625K/11271K, paused 4ms+3ms
06-10 13:19:47.945 13998 14000 D dalvikvm: GC_CONCURRENT freed 417K, 6% free 10617K/11271K, paused 2ms+9ms
06-10 13:19:52.687 13998 14000 D dalvikvm: GC_CONCURRENT freed 384K, 6% free 10687K/11271K, paused 2ms+5ms
06-10 13:19:53.254 13998 13998 D dalvikvm: GC_FOR_ALLOC freed 476K, 7% free 10635K/11335K, paused 33ms
06-10 13:19:53.687 10163 10163 D dalvikvm: GC_EXPLICIT freed 70K, 15% free 9106K/10631K, paused 78ms+55ms
06-10 13:19:53.754 13998 14000 D dalvikvm: GC_CONCURRENT freed 416K, 7% free 10636K/11335K, paused 2ms+12ms
06-10 13:19:54.410 13998 14000 D dalvikvm: GC_CONCURRENT freed 427K, 6% free 10656K/11335K, paused 2ms+4ms
06-10 13:19:55.246 13998 14000 D dalvikvm: GC_CONCURRENT freed 466K, 7% free 10642K/11335K, paused 3ms+14ms
06-10 13:19:55.757 13998 14000 D dalvikvm: GC_CONCURRENT freed 470K, 7% free 10610K/11335K, paused 2ms+6ms
06-10 13:19:56.726   152   206 I ActivityManager: START {act=android.intent.action.MAIN cat=[android.intent.category.HOME] flg=0x10200000 cmp=com.android.launcher/com.android.launcher2.Launcher} from pid 152
06-10 13:19:57.046 13998 13998 D OpenGLRenderer: Flushing caches (mode 0)
06-10 13:19:57.093 13998 13998 D OpenGLRenderer: Flushing caches (mode 1)
06-10 13:19:57.714 12627 12650 I x       : Not returning location for the following outliers: [229533826278832]
06-10 13:19:57.746 13998 13998 D vclib:CallStateClient: stopListening
06-10 13:19:57.781 13998 13998 D OpenGLRenderer: Flushing caches (mode 1)
06-10 13:19:58.324 13287 13289 D dalvikvm: GC_CONCURRENT freed 617K, 7% free 10128K/10823K, paused 7ms+8ms
06-10 13:20:05.156  1339  1339 D dalvikvm: GC_EXPLICIT freed 2175K, 44% free 11401K/20039K, paused 2ms+4ms
06-10 13:20:13.558  1339  1368 D dalvikvm: GC_FOR_ALLOC freed 415K, 42% free 11634K/20039K, paused 39ms
06-10 13:20:13.711  1339  1342 D dalvikvm: GC_CONCURRENT freed 258K, 39% free 12230K/20039K, paused 4ms+5ms
06-10 13:20:13.855  1339  1342 D dalvikvm: GC_CONCURRENT freed 600K, 38% free 12601K/20039K, paused 2ms+4ms
06-10 13:20:14.078   152   152 I ActivityManager: Process com.android.quicksearchbox (pid 13831) has died.
06-10 13:20:14.410  7488  7488 D dalvikvm: GC_EXPLICIT freed 306K, 6% free 10195K/10759K, paused 14ms+16ms
06-10 13:20:14.789  1339  1364 D dalvikvm: GC_FOR_ALLOC freed 2156K, 43% free 11503K/20039K, paused 51ms
06-10 13:20:14.949  1339  1364 D dalvikvm: GC_FOR_ALLOC freed 266K, 41% free 11853K/20039K, paused 61ms
06-10 13:20:15.113  1339  1364 D dalvikvm: GC_FOR_ALLOC freed 859K, 42% free 11661K/20039K, paused 60ms
06-10 13:20:15.113  1339  1364 I dalvikvm-heap: Grow heap (frag case) to 12.344MB for 925072-byte allocation
06-10 13:20:15.187  1339  1339 D dalvikvm: GC_FOR_ALLOC freed 1K, 38% free 12563K/20039K, paused 59ms
06-10 13:20:15.308  1339  1342 D dalvikvm: GC_CONCURRENT freed 1K, 38% free 12565K/20039K, paused 3ms+20ms
06-10 13:20:17.093  1339  1342 D dalvikvm: GC_CONCURRENT freed 1575K, 40% free 12070K/20039K, paused 6ms+4ms
06-10 13:20:18.203   152  4554 I ActivityManager: START {act=android.intent.action.MAIN cat=[android.intent.category.LAUNCHER] flg=0x10200000 cmp=com.google.android.gm/.ConversationListActivityGmail bnds=[120,405][240,555]} from pid 1339
06-10 13:20:18.269   152   492 I ActivityManager: START {act=android.intent.action.MAIN cat=[android.intent.category.LAUNCHER] flg=0x6000000 cmp=com.google.android.gm/.GmailActivity bnds=[120,405][240,555]} from pid 13611
06-10 13:20:18.277   152   857 W ActivityManager: Duplicate finish request for ActivityRecord{41658ac8 com.google.android.gm/.ConversationListActivityGmail}
06-10 13:20:18.308 13611 13611 D webviewglue: nativeDestroy view: 0x1dc21e8
06-10 13:20:18.332 13611 13611 D webviewglue: nativeDestroy view: 0x1cfb798
06-10 13:20:18.351  1339  1339 D OpenGLRenderer: Flushing caches (mode 1)
06-10 13:20:18.496 13611 13614 D dalvikvm: GC_CONCURRENT freed 381K, 6% free 10845K/11463K, paused 6ms+17ms
06-10 13:20:18.625 13998 13998 D OpenGLRenderer: Flushing caches (mode 2)
06-10 13:20:18.636 13998 13998 D OpenGLRenderer: Flushing caches (mode 0)
06-10 13:20:18.781   152   168 I Process : Sending signal. PID: 13611 SIG: 3
06-10 13:20:18.781 13611 13616 I dalvikvm: threadid=3: reacting to signal 3
06-10 13:20:18.898 13611 13616 I dalvikvm: Wrote stack traces to '/data/anr/traces.txt'
06-10 13:20:18.914   152   201 I ActivityManager: Displayed com.google.android.gm/.GmailActivity: +637ms (total +666ms)
06-10 13:20:18.972  1339  1339 D OpenGLRenderer: Flushing caches (mode 0)
06-10 13:20:19.066 13611 13920 D dalvikvm: GC_EXPLICIT freed 165K, 5% free 10892K/11463K, paused 2ms+8ms
06-10 13:20:19.566  1339  1339 D OpenGLRenderer: Flushing caches (mode 1)
06-10 13:20:24.636 13287 13287 D dalvikvm: GC_EXPLICIT freed 123K, 8% free 10042K/10823K, paused 6ms+2ms
06-10 13:20:25.191 13611 13614 D dalvikvm: GC_CONCURRENT freed 597K, 7% free 10872K/11591K, paused 8ms+5ms
06-10 13:20:29.382 13611 13614 D dalvikvm: GC_CONCURRENT freed 454K, 6% free 10996K/11591K, paused 2ms+15ms
06-10 13:20:29.761 13611 13618 I dalvikvm: Jit: resizing JitTable from 4096 to 8192
06-10 13:20:29.765  1339  1339 D OpenGLRenderer: Flushing caches (mode 2)
06-10 13:20:29.839  1339  1339 D OpenGLRenderer: Flushing caches (mode 0)
06-10 13:20:31.015 13611 13614 D dalvikvm: GC_CONCURRENT freed 372K, 5% free 11243K/11719K, paused 4ms+9ms
06-10 13:20:35.082 13611 13614 D dalvikvm: GC_CONCURRENT freed 788K, 8% free 11111K/12039K, paused 3ms+11ms
06-10 13:20:35.109 10163 10209 I PhoneLab-: Service Running
06-10 13:20:35.257 10163 10209 I PhoneLab-LoggerService: app_38    1290  1     1788   1348  c00f181c 400107b4 S logcat
06-10 13:20:35.257 10163 10209 I PhoneLab-LoggerService: Logcat pid from database 1290
06-10 13:20:35.257 10163 10209 I PhoneLab-LoggerService: Logcat process found 1290
06-10 13:20:35.257 10163 10209 I PhoneLab-LoggerService: Checking Threshold
06-10 13:20:35.257 10163 10209 I PhoneLab-LoggerService: Starting to rename files
06-10 13:20:35.257 10163 10209 I PhoneLab-LoggerService: Files found .. 2
06-10 13:20:35.261 10163 10209 I PhoneLab-LoggerService: File 1 log.out.1
06-10 13:20:35.289 10163 10209 I PhoneLab-LoggerService: Renamed successfully
06-10 13:20:35.332 13611 14054 I Gmail   : MainSyncRequestProto: lowestBkwdConvoId: 0, highestHandledServerOp: 3230104, normalSync: true
06-10 13:20:36.160 13611 14054 D dalvikvm: GC_EXPLICIT freed 273K, 8% free 11153K/12039K, paused 9ms+15ms
06-10 13:20:36.339   152   857 D dalvikvm: GC_EXPLICIT freed 926K, 28% free 16593K/22919K, paused 8ms+13ms
06-10 13:20:36.437 13611 14054 I Gmail   : MainSyncRequestProto: lowestBkwdConvoId: 0, highestHandledServerOp: 3230114, normalSync: true
06-10 13:20:36.515 13611 14054 W Gmail   : Scheduling index for 300000 ms from now
06-10 13:20:42.882 13611 13611 D webviewglue: nativeDestroy view: 0x2182450
06-10 13:20:42.890 13611 13611 D webviewglue: nativeDestroy view: 0x1d45ef0
06-10 13:20:42.910 13611 13611 D webviewglue: nativeDestroy view: 0x2152398
06-10 13:20:43.246   152 31690 W InputManagerService: Starting input on non-focused client com.android.internal.view.IInputMethodClient$Stub$Proxy@416f2ce8 (uid=10019 pid=13611)
06-10 13:20:43.464 13611 13611 D OpenGLRenderer: Flushing caches (mode 0)
06-10 13:20:45.445 13611 13611 D OpenGLRenderer: Flushing caches (mode 1)
06-10 13:20:54.328   152   198 I power   : *** set_screen_state 0
06-10 13:20:54.410    79   119 D SurfaceFlinger: About to give-up screen, flinger = 0x2c1918
06-10 13:20:54.527   152   202 V TransportControlView: Create TCV com.android.internal.widget.TransportControlView@41887ab8
06-10 13:20:54.812   390   390 D PhoneStatusBar: disable: < EXPAND* icons alerts TICKER* system_info back home RECENT* clock >
06-10 13:20:54.855   390   390 D PhoneStatusBar: disable: < EXPAND icons alerts TICKER system_info BACK* HOME* RECENT CLOCK* >
06-10 13:20:56.554   152   154 D dalvikvm: GC_CONCURRENT freed 448K, 22% free 17933K/22919K, paused 33ms+8ms
06-10 13:20:57.882 12627 12630 D dalvikvm: GC_CONCURRENT freed 485K, 6% free 10240K/10887K, paused 1ms+8ms
06-10 13:20:58.214 13611 13611 D OpenGLRenderer: Flushing caches (mode 2)
06-10 13:20:58.218 13611 13611 W ManagedEGLContext: doTerminate failed: EGL count is 2 but managed count is 1
06-10 13:20:58.320 13663 13665 D dalvikvm: GC_CONCURRENT freed 339K, 5% free 9837K/10311K, paused 9ms+10ms
06-10 13:20:58.789 13611 13611 D OpenGLRenderer: Flushing caches (mode 2)
06-10 13:20:58.789 13611 13611 W ManagedEGLContext: doTerminate failed: EGL count is 2 but managed count is 1
06-10 13:20:58.867 13611 13614 D dalvikvm: GC_CONCURRENT freed 591K, 8% free 11146K/12039K, paused 2ms+7ms
06-10 13:21:58.136 13287 13289 D dalvikvm: GC_CONCURRENT freed 432K, 7% free 10116K/10823K, paused 2ms+24ms
06-10 13:22:28.265  5972  5972 I wpa_supplicant: wlan0: CTRL-EVENT-DISCONNECTED bssid=00:86:11:15:d0:e1 reason=0
06-10 13:22:28.281    76   116 D CommandListener: Clearing all IP addresses on wlan0
06-10 13:22:28.339   152   314 D ConnectivityService: ConnectivityChange for WIFI: DISCONNECTED/DISCONNECTED
06-10 13:22:28.355   152   314 D ConnectivityService: Attempting to switch to mobile
06-10 13:22:28.402   152   314 D ConnectivityService: Attempting to switch to WIMAX
06-10 13:22:28.402   152   314 D ConnectivityService: Attempting to switch to BLUETOOTH_TETHER
06-10 13:22:28.410   152   314 E ConnectivityService: Exception trying to remove a route: java.lang.IllegalStateException: Unable to communicate with native dameon to add routes - com.android.server.NativeDaemonConnectorException: Cmd {interface route remove wlan0 default 192.168.0.1 32 0.0.0.0} failed with code 400 : {Failed to remove route from default table (No such process)}
06-10 13:22:28.410   152   314 E ConnectivityService: Exception trying to remove a route: java.lang.IllegalStateException: Unable to communicate with native dameon to add routes - com.android.server.NativeDaemonConnectorException: Cmd {interface route remove wlan0 default 0.0.0.0 0 192.168.0.1} failed with code 400 : {Failed to remove route from default table (No such process)}
06-10 13:22:28.414   152   314 D NetUtils: android_net_utils_resetConnections in env=0x1c64fb8 clazz=0x3e500001 iface=wlan0 mask=0x3
06-10 13:22:28.414   152   314 D ConnectivityService: resetConnections(wlan0, 3)
06-10 13:22:28.476  7488 11618 W Smack/Packet: notify conn break (IOEx), close connection
06-10 13:22:28.664  7488 11618 I qtaguid : Failed write_ctrl(u 58) res=-1 errno=22
06-10 13:22:28.664  7488 11618 I qtaguid : Untagging socket 58 failed errno=-22
06-10 13:22:28.664  7488 11618 W NetworkManagementSocketTagger: untagSocket(58) failed with errno -22
06-10 13:22:28.699   152   314 D ConnectivityService: handleInetConditionChange: no active default network - ignore
06-10 13:22:28.800 13611 13611 D OpenGLRenderer: Flushing caches (mode 2)
06-10 13:22:28.800 13611 13611 W ManagedEGLContext: doTerminate failed: EGL count is 2 but managed count is 1
06-10 13:22:31.480   152   317 D Tethering: MasterInitialState.processMessage what=3
06-10 13:22:31.519 13611 13611 D OpenGLRenderer: Flushing caches (mode 2)
06-10 13:22:31.519 13611 13611 W ManagedEGLContext: doTerminate failed: EGL count is 2 but managed count is 1
06-10 13:22:31.918   152 17024 I ActivityManager: Start proc com.google.android.apps.uploader for broadcast com.google.android.apps.uploader/.ConnectivityBroadcastReceiver: pid=14063 uid=10031 gids={3003}
06-10 13:22:31.972 14063 14063 I dalvikvm: Turning on JNI app bug workarounds for target SDK version 11...
06-10 13:22:32.097 14063 14063 I ActivityThread: Pub com.google.android.apps.uploader: com.google.android.apps.uploader.UploadsContentProvider
06-10 13:22:32.097 14063 14063 I ActivityThread: Pub com.google.photos.provider.Album: com.google.android.apps.uploader.clients.picasa.AlbumProvider
06-10 13:22:32.109 14063 14063 D MediaUploader: UploaderApplication.onCreate
06-10 13:22:32.242 14063 14063 D MediaUploader: nonWifiLimit=20971520, default=20971520
06-10 13:22:32.261 14063 14063 I MediaUploader: No need to wake up
06-10 13:22:32.269 10163 10163 I PhoneLab-WiFiReceiver: Wi-Fi is disconnected!
06-10 13:22:32.343 13571 13815 D PicasaSyncManager: active network: null
06-10 13:22:32.375 13571 13815 D PicasaSyncManager: background data: true
06-10 13:22:32.515   152 17024 I ActivityManager: Start proc com.google.android.apps.docs for broadcast com.google.android.apps.docs/.receivers.NetworkChangeReceiver: pid=14081 uid=10069 gids={3003, 1015, 1006}
06-10 13:22:32.765 14081 14081 I ActivityThread: Pub com.google.android.apps.docs.files: com.google.android.apps.docs.sync.filemanager.FileProvider
06-10 13:22:32.777 14081 14081 I ActivityThread: Pub com.google.android.apps.docs.doclist.search_suggest: com.google.android.apps.docs.doclist.DocListGlobalSearchSuggestionProvider
06-10 13:22:32.867 14081 14081 V /ContextScope.java:112: 13:22:32.869 main Contexts in the main scope map after inserting com.google.android.apps.docs.editors.EditorsApplication@41352dc8: com.google.android.apps.docs.editors.EditorsApplication@41352dc8
06-10 13:22:32.976 14081 14083 D dalvikvm: GC_CONCURRENT freed 224K, 3% free 9351K/9607K, paused 6ms+3ms
06-10 13:22:33.179 14081 14083 D dalvikvm: GC_CONCURRENT freed 551K, 7% free 9366K/9991K, paused 3ms+2ms
06-10 13:22:33.347 14081 14083 D dalvikvm: GC_CONCURRENT freed 468K, 7% free 9379K/9991K, paused 2ms+4ms
06-10 13:22:33.511 14081 14083 D dalvikvm: GC_CONCURRENT freed 480K, 6% free 9410K/9991K, paused 2ms+2ms
06-10 13:22:33.640 14081 14083 D dalvikvm: GC_CONCURRENT freed 519K, 6% free 9490K/10055K, paused 1ms+2ms
06-10 13:22:33.757 14081 14083 D dalvikvm: GC_CONCURRENT freed 535K, 7% free 9510K/10119K, paused 1ms+2ms
06-10 13:22:33.879 14081 14083 D dalvikvm: GC_CONCURRENT freed 507K, 6% free 9537K/10119K, paused 2ms+2ms
06-10 13:22:34.019 14081 14083 D dalvikvm: GC_CONCURRENT freed 467K, 5% free 9621K/10119K, paused 2ms+2ms
06-10 13:22:34.183 14081 14083 D dalvikvm: GC_CONCURRENT freed 471K, 6% free 9682K/10247K, paused 2ms+3ms
06-10 13:22:34.363 14081 14083 D dalvikvm: GC_CONCURRENT freed 484K, 6% free 9753K/10311K, paused 7ms+3ms
06-10 13:22:34.523 14081 14083 D dalvikvm: GC_CONCURRENT freed 522K, 6% free 9776K/10375K, paused 1ms+2ms
06-10 13:22:34.648 14081 14083 D dalvikvm: GC_CONCURRENT freed 492K, 6% free 9796K/10375K, paused 2ms+2ms
06-10 13:22:34.656 14081 14081 D /Ln.java:220: 13:22:34.657 main Configuring Logging, minimum log level is INFO
06-10 13:22:34.699 14081 14081 D DocListDatabase: openHelper points on new database: DocList.db
06-10 13:22:34.699 14081 14081 D DocListDatabase: in openWriteDatabase
06-10 13:22:34.734 14081 14081 W ND      : Could not load Finalizer in its own class loader. Loading Finalizer in the current class loader instead. As a result, you will not be able to garbage collect this class loader. To support reclaiming this class loader, either resolve the underlying issue, or move Google Collections to your system class path.
06-10 13:22:34.734 14081 14081 W ND      : java.io.FileNotFoundException: com/google/inject/internal/Finalizer.class
06-10 13:22:34.734 14081 14081 W ND      : 	at NE.a(FinalizableReferenceQueue.java:269)
06-10 13:22:34.734 14081 14081 W ND      : 	at NE.a(FinalizableReferenceQueue.java:253)
06-10 13:22:34.734 14081 14081 W ND      : 	at ND.a(FinalizableReferenceQueue.java:175)
06-10 13:22:34.734 14081 14081 W ND      : 	at ND.<clinit>(FinalizableReferenceQueue.java:100)
06-10 13:22:34.734 14081 14081 W ND      : 	at OT.<clinit>(MapMaker.java:787)
06-10 13:22:34.734 14081 14081 W ND      : 	at Ph.<init>(MapMaker.java:946)
06-10 13:22:34.734 14081 14081 W ND      : 	at Pb.a(MapMaker.java:312)
06-10 13:22:34.734 14081 14081 W ND      : 	at OX.a(MapMaker.java:498)
06-10 13:22:34.734 14081 14081 W ND      : 	at OX.a(MapMaker.java:419)
06-10 13:22:34.734 14081 14081 W ND      : 	at Nb.get(CustomConcurrentHashMap.java:2029)
06-10 13:22:34.734 14081 14081 W ND      : 	at MM.a(BytecodeGen.java:149)
06-10 13:22:34.734 14081 14081 W ND      : 	at MM.a(BytecodeGen.java:132)
06-10 13:22:34.734 14081 14081 W ND      : 	at MX.a(ConstructionContext.java:80)
06-10 13:22:34.734 14081 14081 W ND      : 	at KG.a(ConstructorInjector.java:70)
06-10 13:22:34.734 14081 14081 W ND      : 	at KF.a(ConstructorBindingImpl.java:111)
06-10 13:22:34.734 14081 14081 W ND      : 	at LU.a(ProviderToInternalFactoryAdapter.java:45)
06-10 13:22:34.734 14081 14081 W ND      : 	at Li.a(InjectorImpl.java:811)
06-10 13:22:34.734 14081 14081 W ND      : 	at LT.a(ProviderToInternalFactoryAdapter.java:42)
06-10 13:22:34.734 14081 14081 W ND      : 	at Mc.a(Scopes.java:54)
06-10 13:22:34.734 14081 14081 W ND      : 	at Lz.a(InternalFactoryToProviderAdapter.java:48)
06-10 13:22:34.734 14081 14081 W ND      : 	at KR.a(FactoryProxy.java:56)
06-10 13:22:34.734 14081 14081 W ND      : 	at Mi.a(SingleParameterInjector.java:42)
06-10 13:22:34.734 14081 14081 W ND      : 	at Mi.a(SingleParameterInjector.java:66)
06-10 13:22:34.734 14081 14081 W ND      : 	at KG.a(ConstructorInjector.java:84)
06-10 13:22:34.734 14081 14081 W ND      : 	at KF.a(ConstructorBindingImpl.java:111)
06-10 13:22:34.734 14081 14081 W ND      : 	at KR.a(FactoryProxy.java:56)
06-10 13:22:34.734 14081 14081 W ND      : 	at Mi.a(SingleParameterInjector.java:42)
06-10 13:22:34.734 14081 14081 W ND      : 	at Mi.a(SingleParameterInjector.java:66)
06-10 13:22:34.734 14081 14081 W ND      : 	at KG.a(ConstructorInjector.java:84)
06-10 13:22:34.734 14081 14081 W ND      : 	at KF.a(ConstructorBindingImpl.java:111)
06-10 13:22:34.734 14081 14081 W ND      : 	at LU.a(ProviderToInternalFactoryAdapter.java:45)
06-10 13:22:34.734 14081 14081 W ND      : 	at Li.a(InjectorImpl.java:811)
06-10 13:22:34.734 14081 14081 W ND      : 	at LT.a(ProviderToInternalFactoryAdapter.java:42)
06-10 13:22:34.734 14081 14081 W ND      : 	at Mc.a(Scopes.java:54)
06-10 13:22:34.734 14081 14081 W ND      : 	at Lz.a(InternalFactoryToProviderAdapter.java:48)
06-10 13:22:34.734 14081 14081 W ND      : 	at Lg.a(InjectorBuilder.java:200)
06-10 13:22:34.734 14081 14081 W ND      : 	at Lg.a(InjectorBuilder.java:194)
06-10 13:22:34.734 14081 14081 W ND      : 	at Li.a(InjectorImpl.java:804)
06-10 13:22:34.734 14081 14081 W ND      : 	at Lf.a(InjectorBuilder.java:194)
06-10 13:22:34.734 14081 14081 W ND      : 	at Lf.b(InjectorBuilder.java:176)
06-10 13:22:34.734 14081 14081 W ND      : 	at Lf.a(InjectorBuilder.java:113)
06-10 13:22:34.734 14081 14081 W ND      : 	at KS.a(Guice.java:92)
06-10 13:22:34.734 14081 14081 W ND      : 	at roboguice.application.RoboApplication.b(RoboApplication.java:146)
06-10 13:22:34.734 14081 14081 W ND      : 	at roboguice.application.RoboApplication.a(RoboApplication.java:84)
06-10 13:22:34.734 14081 14081 W ND      : 	at com.google.android.apps.docs.GuiceContentProvider.a(GuiceContentProvider.java:36)
06-10 13:22:34.734 14081 14081 W ND      : 	at com.google.android.apps.docs.GuiceContentProvider.onCreate(GuiceContentProvider.java:27)
06-10 13:22:34.734 14081 14081 W ND      : 	at com.google.android.apps.docs.doclist.BaseSearchSuggestionProvider.onCreate(BaseSearchSuggestionProvider.java:88)
06-10 13:22:34.734 14081 14081 W ND      : 	at android.content.ContentProvider.attachInfo(ContentProvider.java:944)
06-10 13:22:34.734 14081 14081 W ND      : 	at android.app.ActivityThread.installProvider(ActivityThread.java:4237)
06-10 13:22:34.734 14081 14081 W ND      : 	at android.app.ActivityThread.installContentProviders(ActivityThread.java:3992)
06-10 13:22:34.734 14081 14081 W ND      : 	at android.app.ActivityThread.handleBindApplication(ActivityThread.java:3946)
06-10 13:22:34.734 14081 14081 W ND      : 	at android.app.ActivityThread.access$1300(ActivityThread.java:123)
06-10 13:22:34.734 14081 14081 W ND      : 	at android.app.ActivityThread$H.handleMessage(ActivityThread.java:1185)
06-10 13:22:34.734 14081 14081 W ND      : 	at android.os.Handler.dispatchMessage(Handler.java:99)
06-10 13:22:34.734 14081 14081 W ND      : 	at android.os.Looper.loop(Looper.java:137)
06-10 13:22:34.734 14081 14081 W ND      : 	at android.app.ActivityThread.main(ActivityThread.java:4424)
06-10 13:22:34.734 14081 14081 W ND      : 	at java.lang.reflect.Method.invokeNative(Native Method)
06-10 13:22:34.734 14081 14081 W ND      : 	at java.lang.reflect.Method.invoke(Method.java:511)
06-10 13:22:34.734 14081 14081 W ND      : 	at com.android.internal.os.ZygoteInit$MethodAndArgsCaller.run(ZygoteInit.java:784)
06-10 13:22:34.734 14081 14081 W ND      : 	at com.android.internal.os.ZygoteInit.main(ZygoteInit.java:551)
06-10 13:22:34.734 14081 14081 W ND      : 	at dalvik.system.NativeStart.main(Native Method)
06-10 13:22:34.742 14081 14081 I ND      : Failed to start reference finalizer thread. Reference cleanup will only occur when new references are created.
06-10 13:22:34.742 14081 14081 I ND      : java.lang.reflect.InvocationTargetException
06-10 13:22:34.742 14081 14081 I ND      : 	at java.lang.reflect.Method.invokeNative(Native Method)
06-10 13:22:34.742 14081 14081 I ND      : 	at java.lang.reflect.Method.invoke(Method.java:511)
06-10 13:22:34.742 14081 14081 I ND      : 	at ND.<init>(FinalizableReferenceQueue.java:124)
06-10 13:22:34.742 14081 14081 I ND      : 	at OT.<clinit>(MapMaker.java:787)
06-10 13:22:34.742 14081 14081 I ND      : 	at Ph.<init>(MapMaker.java:946)
06-10 13:22:34.742 14081 14081 I ND      : 	at Pb.a(MapMaker.java:312)
06-10 13:22:34.742 14081 14081 I ND      : 	at OX.a(MapMaker.java:498)
06-10 13:22:34.742 14081 14081 I ND      : 	at OX.a(MapMaker.java:419)
06-10 13:22:34.742 14081 14081 I ND      : 	at Nb.get(CustomConcurrentHashMap.java:2029)
06-10 13:22:34.742 14081 14081 I ND      : 	at MM.a(BytecodeGen.java:149)
06-10 13:22:34.742 14081 14081 I ND      : 	at MM.a(BytecodeGen.java:132)
06-10 13:22:34.742 14081 14081 I ND      : 	at MX.a(ConstructionContext.java:80)
06-10 13:22:34.742 14081 14081 I ND      : 	at KG.a(ConstructorInjector.java:70)
06-10 13:22:34.742 14081 14081 I ND      : 	at KF.a(ConstructorBindingImpl.java:111)
06-10 13:22:34.742 14081 14081 I ND      : 	at LU.a(ProviderToInternalFactoryAdapter.java:45)
06-10 13:22:34.742 14081 14081 I ND      : 	at Li.a(InjectorImpl.java:811)
06-10 13:22:34.742 14081 14081 I ND      : 	at LT.a(ProviderToInternalFactoryAdapter.java:42)
06-10 13:22:34.742 14081 14081 I ND      : 	at Mc.a(Scopes.java:54)
06-10 13:22:34.742 14081 14081 I ND      : 	at Lz.a(InternalFactoryToProviderAdapter.java:48)
06-10 13:22:34.742 14081 14081 I ND      : 	at KR.a(FactoryProxy.java:56)
06-10 13:22:34.742 14081 14081 I ND      : 	at Mi.a(SingleParameterInjector.java:42)
06-10 13:22:34.742 14081 14081 I ND      : 	at Mi.a(SingleParameterInjector.java:66)
06-10 13:22:34.742 14081 14081 I ND      : 	at KG.a(ConstructorInjector.java:84)
06-10 13:22:34.742 14081 14081 I ND      : 	at KF.a(ConstructorBindingImpl.java:111)
06-10 13:22:34.742 14081 14081 I ND      : 	at KR.a(FactoryProxy.java:56)
06-10 13:22:34.742 14081 14081 I ND      : 	at Mi.a(SingleParameterInjector.java:42)
06-10 13:22:34.742 14081 14081 I ND      : 	at Mi.a(SingleParameterInjector.java:66)
06-10 13:22:34.742 14081 14081 I ND      : 	at KG.a(ConstructorInjector.java:84)
06-10 13:22:34.742 14081 14081 I ND      : 	at KF.a(ConstructorBindingImpl.java:111)
06-10 13:22:34.742 14081 14081 I ND      : 	at LU.a(ProviderToInternalFactoryAdapter.java:45)
06-10 13:22:34.742 14081 14081 I ND      : 	at Li.a(InjectorImpl.java:811)
06-10 13:22:34.742 14081 14081 I ND      : 	at LT.a(ProviderToInternalFactoryAdapter.java:42)
06-10 13:22:34.742 14081 14081 I ND      : 	at Mc.a(Scopes.java:54)
06-10 13:22:34.742 14081 14081 I ND      : 	at Lz.a(InternalFactoryToProviderAdapter.java:48)
06-10 13:22:34.742 14081 14081 I ND      : 	at Lg.a(InjectorBuilder.java:200)
06-10 13:22:34.742 14081 14081 I ND      : 	at Lg.a(InjectorBuilder.java:194)
06-10 13:22:34.742 14081 14081 I ND      : 	at Li.a(InjectorImpl.java:804)
06-10 13:22:34.742 14081 14081 I ND      : 	at Lf.a(InjectorBuilder.java:194)
06-10 13:22:34.742 14081 14081 I ND      : 	at Lf.b(InjectorBuilder.java:176)
06-10 13:22:34.742 14081 14081 I ND      : 	at Lf.a(InjectorBuilder.java:113)
06-10 13:22:34.742 14081 14081 I ND      : 	at KS.a(Guice.java:92)
06-10 13:22:34.742 14081 14081 I ND      : 	at roboguice.application.RoboApplication.b(RoboApplication.java:146)
06-10 13:22:34.742 14081 14081 I ND      : 	at roboguice.application.RoboApplication.a(RoboApplication.java:84)
06-10 13:22:34.742 14081 14081 I ND      : 	at com.google.android.apps.docs.GuiceContentProvider.a(GuiceContentProvider.java:36)
06-10 13:22:34.742 14081 14081 I ND      : 	at com.google.android.apps.docs.GuiceContentProvider.onCreate(GuiceContentProvider.java:27)
06-10 13:22:34.742 14081 14081 I ND      : 	at com.google.android.apps.docs.doclist.BaseSearchSuggestionProvider.onCreate(BaseSearchSuggestionProvider.java:88)
06-10 13:22:34.742 14081 14081 I ND      : 	at android.content.ContentProvider.attachInfo(ContentProvider.java:944)
06-10 13:22:34.742 14081 14081 I ND      : 	at android.app.ActivityThread.installProvider(ActivityThread.java:4237)
06-10 13:22:34.742 14081 14081 I ND      : 	at android.app.ActivityThread.installContentProviders(ActivityThread.java:3992)
06-10 13:22:34.742 14081 14081 I ND      : 	at android.app.ActivityThread.handleBindApplication(ActivityThread.java:3946)
06-10 13:22:34.742 14081 14081 I ND      : 	at android.app.ActivityThread.access$1300(ActivityThread.java:123)
06-10 13:22:34.742 14081 14081 I ND      : 	at android.app.ActivityThread$H.handleMessage(ActivityThread.java:1185)
06-10 13:22:34.742 14081 14081 I ND      : 	at android.os.Handler.dispatchMessage(Handler.java:99)
06-10 13:22:34.742 14081 14081 I ND      : 	at android.os.Looper.loop(Looper.java:137)
06-10 13:22:34.742 14081 14081 I ND      : 	at android.app.ActivityThread.main(ActivityThread.java:4424)
06-10 13:22:34.742 14081 14081 I ND      : 	at java.lang.reflect.Method.invokeNative(Native Method)
06-10 13:22:34.742 14081 14081 I ND      : 	at java.lang.reflect.Method.invoke(Method.java:511)
06-10 13:22:34.742 14081 14081 I ND      : 	at com.android.internal.os.ZygoteInit$MethodAndArgsCaller.run(ZygoteInit.java:784)
06-10 13:22:34.742 14081 14081 I ND      : 	at com.android.internal.os.ZygoteInit.main(ZygoteInit.java:551)
06-10 13:22:34.742 14081 14081 I ND      : 	at dalvik.system.NativeStart.main(Native Method)
06-10 13:22:34.742 14081 14081 I ND      : Caused by: java.lang.IllegalArgumentException: Expected com.google.inject.internal.FinalizableReference.
06-10 13:22:34.742 14081 14081 I ND      : 	at NK.startFinalizer(Finalizer.java:77)
06-10 13:22:34.742 14081 14081 I ND      : 	... 60 more
06-10 13:22:34.824 14081 14083 D dalvikvm: GC_CONCURRENT freed 467K, 6% free 9826K/10439K, paused 3ms+11ms
06-10 13:22:34.847 14081 14081 I ActivityThread: Pub com.google.android.apps.docs.doclist.account_suggest: com.google.android.apps.docs.doclist.DocListAccountSuggestionProvider
06-10 13:22:34.851 14081 14081 I ActivityThread: Pub com.google.android.apps.docs: com.google.android.apps.docs.providers.DocListProvider
06-10 13:22:35.093 10163 10209 I PhoneLab-: Service Running
06-10 13:22:35.211 10163 10209 I PhoneLab-LoggerService: app_38    1290  1     1788   1344  c00f181c 400107b4 S logcat
06-10 13:22:35.211 10163 10209 I PhoneLab-LoggerService: Logcat pid from database 1290
06-10 13:22:35.211 10163 10209 I PhoneLab-LoggerService: Logcat process found 1290
06-10 13:22:35.211 10163 10209 I PhoneLab-LoggerService: Checking Threshold
06-10 13:22:35.211 10163 10209 I PhoneLab-LoggerService: Starting to rename files
06-10 13:22:35.211 10163 10209 I PhoneLab-LoggerService: Files found .. 2
06-10 13:22:38.152   152 31690 I ActivityManager: Process com.twitter.android (pid 13969) has died.
06-10 13:22:38.250 13611 13611 D OpenGLRenderer: Flushing caches (mode 2)
06-10 13:22:38.250 13611 13611 W ManagedEGLContext: doTerminate failed: EGL count is 2 but managed count is 1
06-10 13:22:44.429  5972  5972 I wpa_supplicant: wlan0: Trying to associate with d0:c2:82:2d:ea:c0 (SSID='UB_Secure' freq=2462 MHz)
06-10 13:22:44.609  5972  5972 I wpa_supplicant: wlan0: Associated with d0:c2:82:2d:ea:c0
06-10 13:22:44.609  5972  5972 I wpa_supplicant: wlan0: CTRL-EVENT-EAP-STARTED EAP authentication started
06-10 13:22:44.613  5972  5972 I wpa_supplicant: wlan0: CTRL-EVENT-EAP-PROPOSED-METHOD vendor=0 method=4 -> NAK
06-10 13:22:44.617  5972  5972 I wpa_supplicant: wlan0: CTRL-EVENT-EAP-PROPOSED-METHOD vendor=0 method=25
06-10 13:22:44.621  5972  5972 I wpa_supplicant: wlan0: CTRL-EVENT-EAP-METHOD EAP vendor 0 method 25 (PEAP) selected
06-10 13:22:44.691  5972  5972 I wpa_supplicant: wlan0: CTRL-EVENT-EAP-PEER-CERT depth=2 subject='/C=US/O=Entrust.net/OU=www.entrust.net/CPS incorp. by ref. (limits liab.)/OU=(c) 1999 Entrust.net Limited/CN=Entrust.net Secure Server Certification Authority'
06-10 13:22:44.691  5972  5972 I wpa_supplicant: wlan0: CTRL-EVENT-EAP-PEER-CERT depth=2 subject='/C=US/O=Entrust.net/OU=www.entrust.net/CPS incorp. by ref. (limits liab.)/OU=(c) 1999 Entrust.net Limited/CN=Entrust.net Secure Server Certification Authority'
06-10 13:22:44.695  5972  5972 I wpa_supplicant: wlan0: CTRL-EVENT-EAP-PEER-CERT depth=1 subject='/C=US/ST=UT/L=Salt Lake City/O=The USERTRUST Network/CN=USERTrust Legacy Secure Server CA'
06-10 13:22:44.695  5972  5972 I wpa_supplicant: wlan0: CTRL-EVENT-EAP-PEER-CERT depth=0 subject='/C=US/postalCode=14260/ST=New York/L=Buffalo/street=305 Computing Center/O=SUNY AT BUFFALO/OU=Issued through UNIVERSITY AT BUFFALO E-PKI Manager/OU=Comodo PremiumSSL Legacy/CN=radius2.cit.buffalo.edu'
06-10 13:22:44.847  5972  5972 I wpa_supplicant: EAP-MSCHAPV2: Authentication succeeded
06-10 13:22:44.867  5972  5972 I wpa_supplicant: EAP-TLV: TLV Result - Success - EAP-TLV/Phase2 Completed
06-10 13:22:44.871  5972  5972 I wpa_supplicant: wlan0: CTRL-EVENT-EAP-SUCCESS EAP authentication completed successfully
06-10 13:22:44.918  5972  5972 I wpa_supplicant: wlan0: WPA: Key negotiation completed with d0:c2:82:2d:ea:c0 [PTK=CCMP GTK=TKIP]
06-10 13:22:44.918  5972  5972 I wpa_supplicant: wlan0: CTRL-EVENT-CONNECTED - Connection to d0:c2:82:2d:ea:c0 completed (reauth) [id=1 id_str=]
06-10 13:22:51.273   152   314 D ConnectivityService: ConnectivityChange for WIFI: CONNECTED/CONNECTED
06-10 13:22:51.277 10163 10163 I PhoneLab-WiFiReceiver: Wi-Fi is connected!
06-10 13:22:51.281 10163 10163 I PhoneLab-WiFiReceiver: SSID: UB_Secure BSSID: d0:c2:82:2d:ea:c0 RSSI: -200 LinkSpeed: -1
06-10 13:22:51.289 10163 10163 I PhoneLab-Locks: wake lock acquired
06-10 13:22:51.296 10163 10163 I PhoneLab-UploadLogs: Transfering log files now
06-10 13:22:51.324   152   308 W NetworkStats: dropping UID delta from unknown iface: iface=wlan0 uid=0 set=DEFAULT tag=0x0 rxBytes=664 rxPackets=2 txBytes=328 txPackets=5 operations=0
06-10 13:22:51.410 10163 10166 D dalvikvm: GC_CONCURRENT freed 391K, 14% free 9227K/10631K, paused 2ms+2ms
06-10 13:22:51.449 10163 10163 D dalvikvm: GC_FOR_ALLOC freed 244K, 12% free 9410K/10631K, paused 16ms
06-10 13:22:51.476 10163 10163 I PhoneLab-UploadLogs: OnStartCommand
06-10 13:22:51.504 10163 10166 D dalvikvm: GC_CONCURRENT freed 293K, 10% free 9629K/10631K, paused 2ms+7ms
06-10 13:22:51.558 10163 14132 D dalvikvm: GC_FOR_ALLOC freed 312K, 10% free 9643K/10631K, paused 22ms
06-10 13:22:51.578 10163 14132 D dalvikvm: GC_FOR_ALLOC freed 301K, 10% free 9644K/10631K, paused 20ms
06-10 13:22:51.601 10163 14132 D dalvikvm: GC_FOR_ALLOC freed 301K, 10% free 9645K/10631K, paused 20ms
06-10 13:22:52.070 10163 10163 I PhoneLab-: 1339348835262.log is deleted
06-10 13:22:52.070 10163 10163 I PhoneLab-: Response: {"data": "done", "err": ""}
06-10 13:22:52.070 10163 10163 I PhoneLab-UploadLogs: No log files to transfer
06-10 13:22:52.070 10163 10163 I PhoneLab-Locks: wake lock released
06-10 13:22:52.273   152   314 D ConnectivityService: NetTransition Wakelock for WifiStateMachine released by timeout
06-10 13:22:54.316   152   317 D Tethering: MasterInitialState.processMessage what=3
06-10 13:22:54.359  7488  7488 I GTalkService/c: [AndroidEndpoint@1094138128] connect: acct=1000000, state=CONNECTING
06-10 13:22:54.363  7488  7488 I GTalkService/c: [GTalkConnection@1093834832] connect: acct=1, state=CONNECTING
06-10 13:22:54.433 14063 14063 I MediaUploader: No need to wake up
06-10 13:22:54.664 13571 13815 D PicasaSyncManager: active network: NetworkInfo: type: WIFI[], state: CONNECTED/CONNECTED, reason: (unspecified), extra: (none), roaming: false, failover: false, isAvailable: true
06-10 13:22:54.668 13571 13815 D PicasaSyncManager: background data: true
06-10 13:22:54.832   152   858 I ActivityManager: Process com.google.android.gm (pid 13611) has died.
06-10 13:22:55.543  7488  7492 D dalvikvm: GC_CONCURRENT freed 459K, 6% free 10186K/10759K, paused 30ms+10ms
06-10 13:22:56.484   152   314 D ConnectivityService: handleInetConditionHoldEnd: net=1, condition=100, published condition=0
06-10 13:22:56.875 12627 12630 D dalvikvm: GC_CONCURRENT freed 497K, 6% free 10254K/10887K, paused 13ms+3ms
06-10 13:22:57.195 13287 13289 D dalvikvm: GC_CONCURRENT freed 503K, 7% free 10085K/10823K, paused 95ms+5ms
06-10 13:23:10.941 17544 17546 D dalvikvm: GC_CONCURRENT freed 454K, 25% free 10928K/14407K, paused 4ms+5ms
06-10 13:23:58.148   152   154 D dalvikvm: JIT code cache reset in 6 ms (1048520 bytes 27/0)
06-10 13:23:58.175   152   154 D dalvikvm: GC_CONCURRENT freed 1985K, 22% free 17890K/22919K, paused 3ms+18ms
06-10 13:24:06.589   152   200 I ActivityManager: Start proc com.twitter.android for service com.twitter.android/.client.AppService: pid=14158 uid=10068 gids={3003, 1015}
06-10 13:24:06.605 14158 14158 I dalvikvm: Turning on JNI app bug workarounds for target SDK version 11...
06-10 13:24:06.722   152   163 D dalvikvm: GC_EXPLICIT freed 158K, 23% free 17791K/22919K, paused 3ms+7ms
06-10 13:24:06.863 14158 14158 I ActivityThread: Pub com.twitter.android.provider.GlobalDatabaseProvider: com.twitter.android.provider.GlobalDatabaseProvider
06-10 13:24:06.871 14158 14158 I ActivityThread: Pub com.twitter.android.provider.TwitterProvider: com.twitter.android.provider.TwitterProvider
06-10 13:24:06.968 14158 14160 D dalvikvm: GC_CONCURRENT freed 205K, 3% free 9265K/9543K, paused 2ms+9ms
06-10 13:24:07.250 14158 14160 D dalvikvm: GC_CONCURRENT freed 172K, 4% free 9500K/9799K, paused 12ms+2ms
06-10 13:24:07.421 14158 14160 D dalvikvm: GC_CONCURRENT freed 308K, 5% free 9631K/10055K, paused 2ms+1ms
06-10 13:24:07.558 14158 14160 D dalvikvm: GC_CONCURRENT freed 298K, 5% free 9758K/10183K, paused 1ms+2ms
06-10 13:24:07.691 14158 14160 D dalvikvm: GC_CONCURRENT freed 303K, 5% free 9882K/10311K, paused 2ms+1ms
06-10 13:24:07.828 14158 14160 D dalvikvm: GC_CONCURRENT freed 303K, 5% free 10012K/10439K, paused 3ms+2ms
06-10 13:24:07.961 14158 14160 D dalvikvm: GC_CONCURRENT freed 303K, 5% free 10143K/10567K, paused 1ms+1ms
06-10 13:24:08.097 14158 14160 D dalvikvm: GC_CONCURRENT freed 300K, 4% free 10272K/10695K, paused 2ms+3ms
06-10 13:24:08.265 14158 14160 D dalvikvm: GC_CONCURRENT freed 480K, 6% free 10219K/10823K, paused 2ms+2ms
06-10 13:24:08.414 14158 14160 D dalvikvm: GC_CONCURRENT freed 322K, 5% free 10294K/10823K, paused 1ms+2ms
06-10 13:24:08.578 14158 14160 D dalvikvm: GC_CONCURRENT freed 321K, 5% free 10382K/10823K, paused 2ms+2ms
06-10 13:24:08.718 14158 14160 D dalvikvm: GC_CONCURRENT freed 358K, 5% free 10468K/10951K, paused 2ms+2ms
06-10 13:24:08.875 14158 14160 D dalvikvm: GC_CONCURRENT freed 355K, 5% free 10552K/11015K, paused 2ms+3ms
06-10 13:24:09.007 14158 14160 D dalvikvm: GC_CONCURRENT freed 328K, 5% free 10632K/11079K, paused 2ms+2ms
06-10 13:24:09.144 14158 14160 D dalvikvm: GC_CONCURRENT freed 365K, 5% free 10723K/11207K, paused 3ms+2ms
06-10 13:24:09.289 14158 14160 D dalvikvm: GC_CONCURRENT freed 402K, 5% free 10813K/11335K, paused 2ms+2ms
06-10 13:24:09.851 14158 14160 D dalvikvm: GC_CONCURRENT freed 351K, 5% free 11002K/11463K, paused 2ms+2ms
06-10 13:24:09.988 10196 10196 D dalvikvm: GC_FOR_ALLOC freed 1807K, 25% free 13714K/18119K, paused 45ms
06-10 13:24:10.074   152 17024 I AudioService:   Remote Control   registerMediaButtonIntent() for PendingIntent{414ae728: PendingIntentRecord{41446e00 com.spotify.mobile.android.ui broadcastIntent}}
06-10 13:24:10.261 10196 10196 D dalvikvm: GC_FOR_ALLOC freed 981K, 23% free 14118K/18119K, paused 57ms
06-10 13:24:11.879 14158 14160 D dalvikvm: GC_CONCURRENT freed 434K, 5% free 11202K/11719K, paused 2ms+11ms
06-10 13:24:35.089 10163 10209 I PhoneLab-: Service Running
06-10 13:24:35.203 10163 10209 I PhoneLab-LoggerService: app_38    1290  1     1788   1344  c00f181c 400107b4 S logcat
06-10 13:24:35.203 10163 10209 I PhoneLab-LoggerService: Logcat pid from database 1290
06-10 13:24:35.203 10163 10209 I PhoneLab-LoggerService: Logcat process found 1290
06-10 13:24:35.203 10163 10209 I PhoneLab-LoggerService: Checking Threshold
06-10 13:24:58.191 12627 12630 D dalvikvm: GC_CONCURRENT freed 511K, 6% free 10252K/10887K, paused 5ms+7ms
06-10 13:24:58.238 13287 13289 D dalvikvm: GC_CONCURRENT freed 451K, 7% free 10135K/10823K, paused 2ms+7ms
06-10 13:25:04.586 13630 13633 D dalvikvm: GC_CONCURRENT freed 409K, 5% free 10582K/11079K, paused 37ms+4ms
06-10 13:25:06.535 13747 13749 D dalvikvm: GC_CONCURRENT freed 299K, 4% free 9172K/9543K, paused 16ms+2ms
06-10 13:25:07.078 13571 13574 D dalvikvm: GC_CONCURRENT freed 531K, 6% free 11899K/12551K, paused 2ms+3ms
06-10 13:25:08.457 13571 13574 D dalvikvm: GC_CONCURRENT freed 721K, 7% free 12036K/12871K, paused 2ms+2ms
06-10 13:25:11.500 13571 13574 D dalvikvm: GC_CONCURRENT freed 912K, 8% free 12034K/13063K, paused 5ms+3ms
06-10 13:25:12.796 13571 13574 D dalvikvm: GC_CONCURRENT freed 845K, 8% free 12109K/13063K, paused 3ms+2ms
06-10 13:25:13.070 13571 13574 D dalvikvm: GC_CONCURRENT freed 878K, 8% free 12190K/13191K, paused 2ms+2ms
06-10 13:25:14.527 13571 13574 D dalvikvm: GC_CONCURRENT freed 828K, 8% free 12297K/13255K, paused 13ms+4ms
06-10 13:25:16.355 13571 14187 D dalvikvm: GC_FOR_ALLOC freed 196K, 7% free 12570K/13447K, paused 51ms
06-10 13:25:16.398 13571 14187 D dalvikvm: GC_FOR_ALLOC freed 343K, 10% free 12557K/13831K, paused 40ms
06-10 13:25:16.398 13571 14187 I dalvikvm-heap: Grow heap (frag case) to 12.655MB for 338732-byte allocation
06-10 13:25:16.437 13571 14187 D dalvikvm: GC_FOR_ALLOC freed 0K, 10% free 12888K/14215K, paused 39ms
06-10 13:25:17.023 13571 13574 D dalvikvm: GC_CONCURRENT freed 764K, 7% free 13323K/14215K, paused 2ms+7ms
06-10 13:25:19.152 13571 13574 D dalvikvm: GC_CONCURRENT freed 1287K, 10% free 13375K/14791K, paused 2ms+3ms
06-10 13:25:21.175 13571 13574 D dalvikvm: GC_CONCURRENT freed 1961K, 15% free 12772K/14855K, paused 2ms+3ms
06-10 13:25:22.425 13571 13574 D dalvikvm: GC_CONCURRENT freed 1668K, 18% free 12251K/14855K, paused 2ms+3ms
06-10 13:25:28.007 13571 13574 D dalvikvm: GC_CONCURRENT freed 924K, 18% free 12285K/14855K, paused 2ms+3ms
06-10 13:25:28.558 13663 13957 D dalvikvm: GC_EXPLICIT freed 400K, 6% free 9748K/10311K, paused 3ms+3ms
06-10 13:25:28.804 13571 14192 D dalvikvm: GC_EXPLICIT freed 251K, 18% free 12231K/14855K, paused 6ms+3ms
06-10 13:25:29.656 13762 13764 D dalvikvm: GC_CONCURRENT freed 303K, 6% free 9949K/10503K, paused 7ms+2ms
06-10 13:25:29.929 13663 13665 D dalvikvm: GC_CONCURRENT freed 383K, 6% free 9795K/10311K, paused 2ms+2ms
06-10 13:25:31.277   152 17024 D dalvikvm: GC_EXPLICIT freed 1117K, 23% free 17824K/22919K, paused 3ms+10ms
06-10 13:25:35.015 13762 13764 D dalvikvm: GC_CONCURRENT freed 399K, 6% free 9969K/10503K, paused 1ms+5ms
06-10 13:25:42.230   152   314 D ConnectivityService: ConnectivityChange for WIMAX: DISCONNECTED/SCANNING
06-10 13:25:42.238   152   314 D ConnectivityService: Attempting to switch to mobile
06-10 13:25:42.238   152   314 D ConnectivityService: Attempting to switch to WIFI
06-10 13:25:42.238   152   314 D ConnectivityService: Attempting to switch to BLUETOOTH_TETHER
06-10 13:25:45.289   152   317 D Tethering: MasterInitialState.processMessage what=3
06-10 13:25:45.308   152   317 D Tethering: MasterInitialState.processMessage what=3
06-10 13:25:45.386  7488  7488 D dalvikvm: GC_EXPLICIT freed 388K, 6% free 10174K/10759K, paused 11ms+4ms
06-10 13:25:45.429 14063 14063 I MediaUploader: No need to wake up
06-10 13:25:45.484 13571 13815 D PicasaSyncManager: active network: NetworkInfo: type: WIFI[], state: CONNECTED/CONNECTED, reason: (unspecified), extra: (none), roaming: false, failover: false, isAvailable: true
06-10 13:25:45.484 13571 13815 D PicasaSyncManager: background data: true
06-10 13:25:45.652 14063 14063 I MediaUploader: No need to wake up
06-10 13:25:45.769 13571 13815 D PicasaSyncManager: active network: NetworkInfo: type: WIFI[], state: CONNECTED/CONNECTED, reason: (unspecified), extra: (none), roaming: false, failover: false, isAvailable: true
06-10 13:25:45.773 13571 13815 D PicasaSyncManager: background data: true
06-10 13:25:45.800 10163 10166 D dalvikvm: GC_CONCURRENT freed 898K, 15% free 9134K/10631K, paused 2ms+2ms
06-10 13:25:45.824   152   314 D ConnectivityService: handleInetConditionHoldEnd: net=1, condition=100, published condition=100
06-10 13:26:35.086 10163 10209 I PhoneLab-: Service Running
06-10 13:26:35.195 10163 10209 I PhoneLab-LoggerService: app_38    1290  1     1788   1344  c00f181c 400107b4 S logcat
06-10 13:26:35.195 10163 10209 I PhoneLab-LoggerService: Logcat pid from database 1290
06-10 13:26:35.195 10163 10209 I PhoneLab-LoggerService: Logcat process found 1290
06-10 13:26:35.195 10163 10209 I PhoneLab-LoggerService: Checking Threshold
06-10 13:26:58.308 12627 12630 D dalvikvm: GC_CONCURRENT freed 498K, 6% free 10250K/10887K, paused 2ms+11ms
06-10 13:26:58.351 13287 13289 D dalvikvm: GC_CONCURRENT freed 504K, 7% free 10108K/10823K, paused 10ms+6ms
06-10 13:27:49.972   152   168 V BackupManagerService: Running a backup pass
06-10 13:27:49.976   152   325 V BackupManagerService: Backup requested but nothing pending
06-10 13:27:58.355 13287 13289 D dalvikvm: GC_CONCURRENT freed 435K, 7% free 10085K/10823K, paused 1ms+20ms
06-10 13:27:58.617 13287 13289 D dalvikvm: GC_CONCURRENT freed 263K, 5% free 10306K/10823K, paused 14ms+3ms
06-10 13:28:02.566 17544 17546 D dalvikvm: GC_CONCURRENT freed 508K, 25% free 10930K/14407K, paused 2ms+9ms
06-10 13:28:35.089 10163 10209 I PhoneLab-: Service Running
06-10 13:28:35.191 10163 10209 I PhoneLab-LoggerService: app_38    1290  1     1788   1344  c00f181c 400107b4 S logcat
06-10 13:28:35.191 10163 10209 I PhoneLab-LoggerService: Logcat pid from database 1290
06-10 13:28:35.191 10163 10209 I PhoneLab-LoggerService: Logcat process found 1290
06-10 13:28:35.191 10163 10209 I PhoneLab-LoggerService: Checking Threshold
06-10 13:28:50.773   152  4554 I AudioService:   Remote Control   registerMediaButtonIntent() for PendingIntent{41b132a0: PendingIntentRecord{41446e00 com.spotify.mobile.android.ui broadcastIntent}}
06-10 13:28:51.086 10196 10198 D dalvikvm: GC_CONCURRENT freed 1229K, 20% free 14587K/18119K, paused 2ms+19ms
06-10 13:28:51.144   390   392 D dalvikvm: GC_CONCURRENT freed 280K, 40% free 10237K/16903K, paused 2ms+42ms
06-10 13:28:51.211 10196 10196 D skia    : --- SkImageDecoder::Factory returned null
06-10 13:28:58.308 12627 12630 D dalvikvm: GC_CONCURRENT freed 488K, 6% free 10250K/10887K, paused 2ms+10ms
06-10 13:28:58.394 13287 13289 D dalvikvm: GC_CONCURRENT freed 735K, 8% free 10132K/10951K, paused 2ms+2ms
06-10 13:29:16.793 14158 14160 D dalvikvm: GC_CONCURRENT freed 565K, 6% free 11283K/11975K, paused 30ms+3ms
06-10 13:29:58.375 12627 12630 D dalvikvm: GC_CONCURRENT freed 413K, 6% free 10265K/10887K, paused 4ms+10ms
06-10 13:30:35.086 10163 10209 I PhoneLab-: Service Running
06-10 13:30:35.183 10163 10209 I PhoneLab-LoggerService: app_38    1290  1     1788   1344  c00f181c 400107b4 S logcat
06-10 13:30:35.183 10163 10209 I PhoneLab-LoggerService: Logcat pid from database 1290
06-10 13:30:35.183 10163 10209 I PhoneLab-LoggerService: Logcat process found 1290
06-10 13:30:35.183 10163 10209 I PhoneLab-LoggerService: Checking Threshold
06-10 13:30:58.527 13287 13289 D dalvikvm: GC_CONCURRENT freed 494K, 8% free 10142K/10951K, paused 4ms+9ms
06-10 13:31:02.187   152   154 D dalvikvm: GC_CONCURRENT freed 1860K, 22% free 17885K/22919K, paused 8ms+13ms
06-10 13:31:58.480   152   152 D dalvikvm: GC_EXPLICIT freed 199K, 23% free 17787K/22919K, paused 3ms+7ms
06-10 13:31:58.539 12627 12630 D dalvikvm: GC_CONCURRENT freed 486K, 6% free 10269K/10887K, paused 1ms+14ms
06-10 13:32:33.093   152   194 I ActivityManager: Start proc com.google.android.gm for service com.google.android.gm/.provider.MailSyncAdapterService: pid=14258 uid=10019 gids={3003, 1015}
06-10 13:32:33.273 14258 14258 I ActivityThread: Pub gmail-ls: com.google.android.gm.provider.MailProvider
06-10 13:32:33.328 14258 14258 I ActivityThread: Pub com.google.android.gm: com.google.android.gm.provider.PublicContentProvider
06-10 13:32:33.359 14258 14258 I ActivityThread: Pub com.google.android.gmail.SuggestionProvider: com.google.android.gm.SuggestionsProvider
06-10 13:32:33.871 14258 14259 D dalvikvm: GC_CONCURRENT freed 235K, 4% free 9239K/9607K, paused 3ms+2ms
06-10 13:32:34.023 14258 14276 I Gmail   : calculateUnknownSyncRationalesAndPurgeInBackground: queueing
06-10 13:32:34.066 14258 14276 I Gmail   : calculateUnknownSyncRationalesAndPurgeInBackground: queueing
06-10 13:32:34.105 14258 14275 I Gmail   : MainSyncRequestProto: lowestBkwdConvoId: 0, highestHandledServerOp: 3230114, normalSync: true
06-10 13:32:34.156 14258 14276 I Gmail   : calculateUnknownSyncRationalesAndPurgeInBackground: running
06-10 13:32:34.171 14258 14276 I Gmail   : calculateUnknownSyncRationalesAndPurgeInBackground: running
06-10 13:32:34.363 14258 14259 D dalvikvm: GC_CONCURRENT freed 250K, 4% free 9418K/9799K, paused 3ms+2ms
06-10 13:32:35.086 10163 10209 I PhoneLab-: Service Running
06-10 13:32:35.230 10163 10209 I PhoneLab-LoggerService: app_38    1290  1     1788   1344  c00f181c 400107b4 S logcat
06-10 13:32:35.230 10163 10209 I PhoneLab-LoggerService: Logcat pid from database 1290
06-10 13:32:35.230 10163 10209 I PhoneLab-LoggerService: Logcat process found 1290
06-10 13:32:35.230 10163 10209 I PhoneLab-LoggerService: Checking Threshold
06-10 13:32:35.484 14258 14259 D dalvikvm: GC_CONCURRENT freed 386K, 6% free 9475K/9991K, paused 2ms+3ms
06-10 13:32:35.691 14258 14275 D dalvikvm: GC_EXPLICIT freed 357K, 6% free 9487K/9991K, paused 1ms+2ms
06-10 13:32:35.695 14258 14275 I Gmail   : MainSyncRequestProto: lowestBkwdConvoId: 0, highestHandledServerOp: 3230157, normalSync: true
06-10 13:32:36.679 14258 14275 D dalvikvm: GC_EXPLICIT freed 212K, 5% free 9547K/9991K, paused 13ms+2ms
06-10 13:32:36.683 14258 14275 I Gmail   : MainSyncRequestProto: lowestBkwdConvoId: 0, highestHandledServerOp: 3230157, normalSync: true
06-10 13:32:36.714 14258 14275 W Gmail   : Scheduling index for 300000 ms from now
06-10 13:32:36.769 14258 14275 I Gmail   : Sending notification intent: Intent { act=android.intent.action.PROVIDER_CHANGED dat=content://gmail-ls/unread/^i (has extras) }
06-10 13:32:36.875 14258 14275 I Gmail   : Sending notification intent: Intent { act=android.intent.action.PROVIDER_CHANGED dat=content://gmail-ls/unread/^iim (has extras) }
06-10 13:32:36.890 14258 14284 W Gmail   : Showing notification with unreadCount of 1 and unseenCount of 1
06-10 13:32:37.168 14258 14259 D dalvikvm: GC_CONCURRENT freed 346K, 5% free 9638K/10119K, paused 27ms+3ms
06-10 13:32:37.359   390   390 D dalvikvm: GC_FOR_ALLOC freed 393K, 40% free 10219K/16903K, paused 32ms
06-10 13:32:37.500   390   392 D dalvikvm: GC_CONCURRENT freed 405K, 40% free 10240K/16903K, paused 5ms+14ms
06-10 13:32:54.933 10196 10196 D         : MediaButtonEvent: Intent { act=android.intent.action.MEDIA_BUTTON flg=0x10 cmp=com.spotify.mobile.android.ui/com.spotify.mobile.android.util.MediaButtonReceiver (has extras) }
06-10 13:32:54.945 10196 10196 E BroadcastReceiver: BroadcastReceiver trying to return result during a non-ordered broadcast
06-10 13:32:54.945 10196 10196 E BroadcastReceiver: java.lang.RuntimeException: BroadcastReceiver trying to return result during a non-ordered broadcast
06-10 13:32:54.945 10196 10196 E BroadcastReceiver: 	at android.content.BroadcastReceiver.checkSynchronousHint(BroadcastReceiver.java:767)
06-10 13:32:54.945 10196 10196 E BroadcastReceiver: 	at android.content.BroadcastReceiver.abortBroadcast(BroadcastReceiver.java:678)
06-10 13:32:54.945 10196 10196 E BroadcastReceiver: 	at com.spotify.mobile.android.util.MediaButtonReceiver.onReceive(MediaButtonReceiver.java:41)
06-10 13:32:54.945 10196 10196 E BroadcastReceiver: 	at android.app.ActivityThread.handleReceiver(ActivityThread.java:2119)
06-10 13:32:54.945 10196 10196 E BroadcastReceiver: 	at android.app.ActivityThread.access$1500(ActivityThread.java:123)
06-10 13:32:54.945 10196 10196 E BroadcastReceiver: 	at android.app.ActivityThread$H.handleMessage(ActivityThread.java:1197)
06-10 13:32:54.945 10196 10196 E BroadcastReceiver: 	at android.os.Handler.dispatchMessage(Handler.java:99)
06-10 13:32:54.945 10196 10196 E BroadcastReceiver: 	at android.os.Looper.loop(Looper.java:137)
06-10 13:32:54.945 10196 10196 E BroadcastReceiver: 	at android.app.ActivityThread.main(ActivityThread.java:4424)
06-10 13:32:54.945 10196 10196 E BroadcastReceiver: 	at java.lang.reflect.Method.invokeNative(Native Method)
06-10 13:32:54.945 10196 10196 E BroadcastReceiver: 	at java.lang.reflect.Method.invoke(Method.java:511)
06-10 13:32:54.945 10196 10196 E BroadcastReceiver: 	at com.android.internal.os.ZygoteInit$MethodAndArgsCaller.run(ZygoteInit.java:784)
06-10 13:32:54.945 10196 10196 E BroadcastReceiver: 	at com.android.internal.os.ZygoteInit.main(ZygoteInit.java:551)
06-10 13:32:54.945 10196 10196 E BroadcastReceiver: 	at dalvik.system.NativeStart.main(Native Method)
06-10 13:32:55.089 10196 10196 D         : MediaButtonEvent: Intent { act=android.intent.action.MEDIA_BUTTON flg=0x10 cmp=com.spotify.mobile.android.ui/com.spotify.mobile.android.util.MediaButtonReceiver (has extras) }
06-10 13:32:55.160 10196 10196 E BroadcastReceiver: BroadcastReceiver trying to return result during a non-ordered broadcast
06-10 13:32:55.160 10196 10196 E BroadcastReceiver: java.lang.RuntimeException: BroadcastReceiver trying to return result during a non-ordered broadcast
06-10 13:32:55.160 10196 10196 E BroadcastReceiver: 	at android.content.BroadcastReceiver.checkSynchronousHint(BroadcastReceiver.java:767)
06-10 13:32:55.160 10196 10196 E BroadcastReceiver: 	at android.content.BroadcastReceiver.abortBroadcast(BroadcastReceiver.java:678)
06-10 13:32:55.160 10196 10196 E BroadcastReceiver: 	at com.spotify.mobile.android.util.MediaButtonReceiver.onReceive(MediaButtonReceiver.java:41)
06-10 13:32:55.160 10196 10196 E BroadcastReceiver: 	at android.app.ActivityThread.handleReceiver(ActivityThread.java:2119)
06-10 13:32:55.160 10196 10196 E BroadcastReceiver: 	at android.app.ActivityThread.access$1500(ActivityThread.java:123)
06-10 13:32:55.160 10196 10196 E BroadcastReceiver: 	at android.app.ActivityThread$H.handleMessage(ActivityThread.java:1197)
06-10 13:32:55.160 10196 10196 E BroadcastReceiver: 	at android.os.Handler.dispatchMessage(Handler.java:99)
06-10 13:32:55.160 10196 10196 E BroadcastReceiver: 	at android.os.Looper.loop(Looper.java:137)
06-10 13:32:55.160 10196 10196 E BroadcastReceiver: 	at android.app.ActivityThread.main(ActivityThread.java:4424)
06-10 13:32:55.160 10196 10196 E BroadcastReceiver: 	at java.lang.reflect.Method.invokeNative(Native Method)
06-10 13:32:55.160 10196 10196 E BroadcastReceiver: 	at java.lang.reflect.Method.invoke(Method.java:511)
06-10 13:32:55.160 10196 10196 E BroadcastReceiver: 	at com.android.internal.os.ZygoteInit$MethodAndArgsCaller.run(ZygoteInit.java:784)
06-10 13:32:55.160 10196 10196 E BroadcastReceiver: 	at com.android.internal.os.ZygoteInit.main(ZygoteInit.java:551)
06-10 13:32:55.160 10196 10196 E BroadcastReceiver: 	at dalvik.system.NativeStart.main(Native Method)
06-10 13:32:55.195   390   390 D dalvikvm: GC_FOR_ALLOC freed 416K, 40% free 10188K/16903K, paused 18ms
06-10 13:32:55.273   390   392 D dalvikvm: GC_CONCURRENT freed 310K, 39% free 10319K/16903K, paused 4ms+4ms
06-10 13:32:58.144    82   122 D AudioHardware: AudioHardware pcm playback is going to standby.
06-10 13:32:58.144    82   122 D AudioHardware: closePcmOut_l() mPcmOpenCnt: 1
06-10 13:32:58.492 13287 13289 D dalvikvm: GC_CONCURRENT freed 495K, 8% free 10157K/10951K, paused 1ms+2ms
06-10 13:33:26.023 10196 10196 D         : MediaButtonEvent: Intent { act=android.intent.action.MEDIA_BUTTON flg=0x10 cmp=com.spotify.mobile.android.ui/com.spotify.mobile.android.util.MediaButtonReceiver (has extras) }
06-10 13:33:26.027 10196 10196 E BroadcastReceiver: BroadcastReceiver trying to return result during a non-ordered broadcast
06-10 13:33:26.027 10196 10196 E BroadcastReceiver: java.lang.RuntimeException: BroadcastReceiver trying to return result during a non-ordered broadcast
06-10 13:33:26.027 10196 10196 E BroadcastReceiver: 	at android.content.BroadcastReceiver.checkSynchronousHint(BroadcastReceiver.java:767)
06-10 13:33:26.027 10196 10196 E BroadcastReceiver: 	at android.content.BroadcastReceiver.abortBroadcast(BroadcastReceiver.java:678)
06-10 13:33:26.027 10196 10196 E BroadcastReceiver: 	at com.spotify.mobile.android.util.MediaButtonReceiver.onReceive(MediaButtonReceiver.java:41)
06-10 13:33:26.027 10196 10196 E BroadcastReceiver: 	at android.app.ActivityThread.handleReceiver(ActivityThread.java:2119)
06-10 13:33:26.027 10196 10196 E BroadcastReceiver: 	at android.app.ActivityThread.access$1500(ActivityThread.java:123)
06-10 13:33:26.027 10196 10196 E BroadcastReceiver: 	at android.app.ActivityThread$H.handleMessage(ActivityThread.java:1197)
06-10 13:33:26.027 10196 10196 E BroadcastReceiver: 	at android.os.Handler.dispatchMessage(Handler.java:99)
06-10 13:33:26.027 10196 10196 E BroadcastReceiver: 	at android.os.Looper.loop(Looper.java:137)
06-10 13:33:26.027 10196 10196 E BroadcastReceiver: 	at android.app.ActivityThread.main(ActivityThread.java:4424)
06-10 13:33:26.027 10196 10196 E BroadcastReceiver: 	at java.lang.reflect.Method.invokeNative(Native Method)
06-10 13:33:26.027 10196 10196 E BroadcastReceiver: 	at java.lang.reflect.Method.invoke(Method.java:511)
06-10 13:33:26.027 10196 10196 E BroadcastReceiver: 	at com.android.internal.os.ZygoteInit$MethodAndArgsCaller.run(ZygoteInit.java:784)
06-10 13:33:26.027 10196 10196 E BroadcastReceiver: 	at com.android.internal.os.ZygoteInit.main(ZygoteInit.java:551)
06-10 13:33:26.027 10196 10196 E BroadcastReceiver: 	at dalvik.system.NativeStart.main(Native Method)
06-10 13:33:26.035 10196 10196 D         : MediaButtonEvent: Intent { act=android.intent.action.MEDIA_BUTTON flg=0x10 cmp=com.spotify.mobile.android.ui/com.spotify.mobile.android.util.MediaButtonReceiver (has extras) }
06-10 13:33:26.050   152   491 I AudioService:   Remote Control   registerMediaButtonIntent() for PendingIntent{418047b8: PendingIntentRecord{41446e00 com.spotify.mobile.android.ui broadcastIntent}}
06-10 13:33:26.062    82   122 D AudioHardware: AudioHardware pcm playback is exiting standby.
06-10 13:33:26.062    82   122 D AudioHardware: openPcmOut_l() mPcmOpenCnt: 0
06-10 13:33:26.086 10196 10196 E BroadcastReceiver: BroadcastReceiver trying to return result during a non-ordered broadcast
06-10 13:33:26.086 10196 10196 E BroadcastReceiver: java.lang.RuntimeException: BroadcastReceiver trying to return result during a non-ordered broadcast
06-10 13:33:26.086 10196 10196 E BroadcastReceiver: 	at android.content.BroadcastReceiver.checkSynchronousHint(BroadcastReceiver.java:767)
06-10 13:33:26.086 10196 10196 E BroadcastReceiver: 	at android.content.BroadcastReceiver.abortBroadcast(BroadcastReceiver.java:678)
06-10 13:33:26.086 10196 10196 E BroadcastReceiver: 	at com.spotify.mobile.android.util.MediaButtonReceiver.onReceive(MediaButtonReceiver.java:41)
06-10 13:33:26.086 10196 10196 E BroadcastReceiver: 	at android.app.ActivityThread.handleReceiver(ActivityThread.java:2119)
06-10 13:33:26.086 10196 10196 E BroadcastReceiver: 	at android.app.ActivityThread.access$1500(ActivityThread.java:123)
06-10 13:33:26.086 10196 10196 E BroadcastReceiver: 	at android.app.ActivityThread$H.handleMessage(ActivityThread.java:1197)
06-10 13:33:26.086 10196 10196 E BroadcastReceiver: 	at android.os.Handler.dispatchMessage(Handler.java:99)
06-10 13:33:26.086 10196 10196 E BroadcastReceiver: 	at android.os.Looper.loop(Looper.java:137)
06-10 13:33:26.086 10196 10196 E BroadcastReceiver: 	at android.app.ActivityThread.main(ActivityThread.java:4424)
06-10 13:33:26.086 10196 10196 E BroadcastReceiver: 	at java.lang.reflect.Method.invokeNative(Native Method)
06-10 13:33:26.086 10196 10196 E BroadcastReceiver: 	at java.lang.reflect.Method.invoke(Method.java:511)
06-10 13:33:26.086 10196 10196 E BroadcastReceiver: 	at com.android.internal.os.ZygoteInit$MethodAndArgsCaller.run(ZygoteInit.java:784)
06-10 13:33:26.086 10196 10196 E BroadcastReceiver: 	at com.android.internal.os.ZygoteInit.main(ZygoteInit.java:551)
06-10 13:33:26.086 10196 10196 E BroadcastReceiver: 	at dalvik.system.NativeStart.main(Native Method)
06-10 13:33:26.230   390   392 D dalvikvm: GC_CONCURRENT freed 439K, 39% free 10383K/16903K, paused 1ms+3ms
06-10 13:33:26.461   390   392 D dalvikvm: GC_CONCURRENT freed 481K, 39% free 10370K/16903K, paused 2ms+3ms
06-10 13:33:27.332 17544 17546 D dalvikvm: GC_CONCURRENT freed 510K, 25% free 10929K/14407K, paused 2ms+5ms
06-10 13:33:58.558 12627 12630 D dalvikvm: GC_CONCURRENT freed 492K, 6% free 10261K/10887K, paused 2ms+4ms
06-10 13:33:58.586  7488  7492 D dalvikvm: GC_CONCURRENT freed 330K, 5% free 10228K/10759K, paused 12ms+11ms
06-10 13:34:14.644 10196 10198 D dalvikvm: GC_CONCURRENT freed 2260K, 23% free 14064K/18119K, paused 15ms+9ms
06-10 13:34:14.664   152  4554 I AudioService:   Remote Control   registerMediaButtonIntent() for PendingIntent{419d3408: PendingIntentRecord{41446e00 com.spotify.mobile.android.ui broadcastIntent}}
06-10 13:34:14.855 10196 10196 D skia    : --- SkImageDecoder::Factory returned null
06-10 13:34:14.918 10196 10196 D dalvikvm: GC_FOR_ALLOC freed 1368K, 26% free 13537K/18119K, paused 38ms
06-10 13:34:17.281 14158 14160 D dalvikvm: GC_CONCURRENT freed 570K, 6% free 11414K/12103K, paused 9ms+6ms
06-10 13:34:58.511 10163 10209 I PhoneLab-: Service Running
06-10 13:34:58.593 13287 13289 D dalvikvm: GC_CONCURRENT freed 532K, 8% free 10128K/10951K, paused 4ms+3ms
06-10 13:34:58.613 10163 10209 I PhoneLab-LoggerService: app_38    1290  1     1788   1344  c00f181c 400107b4 S logcat
06-10 13:34:58.613 10163 10209 I PhoneLab-LoggerService: Logcat pid from database 1290
06-10 13:34:58.613 10163 10209 I PhoneLab-LoggerService: Logcat process found 1290
06-10 13:34:58.613 10163 10209 I PhoneLab-LoggerService: Checking Threshold
06-10 13:35:33.476 14258 14309 I Gmail   : MainSyncRequestProto: lowestBkwdConvoId: 0, highestHandledServerOp: 3230157, normalSync: true
06-10 13:35:34.324 14258 14309 D dalvikvm: GC_EXPLICIT freed 316K, 5% free 9618K/10119K, paused 2ms+5ms
06-10 13:35:34.328 14258 14309 I Gmail   : MainSyncRequestProto: lowestBkwdConvoId: 0, highestHandledServerOp: 3230194, normalSync: true
06-10 13:35:34.343 14258 14309 W Gmail   : Scheduling index for 300000 ms from now
06-10 13:35:58.632 12627 12630 D dalvikvm: GC_CONCURRENT freed 485K, 6% free 10265K/10887K, paused 2ms+2ms
06-10 13:35:58.722 13287 13289 D dalvikvm: GC_CONCURRENT freed 406K, 8% free 10111K/10951K, paused 7ms+2ms
06-10 13:36:35.090 10163 10209 I PhoneLab-: Service Running
06-10 13:36:35.183 10163 10209 I PhoneLab-LoggerService: app_38    1290  1     1788   1344  c00f181c 400107b4 S logcat
06-10 13:36:35.183 10163 10209 I PhoneLab-LoggerService: Logcat pid from database 1290
06-10 13:36:35.183 10163 10209 I PhoneLab-LoggerService: Logcat process found 1290
06-10 13:36:35.187 10163 10209 I PhoneLab-LoggerService: Checking Threshold
06-10 13:37:58.757 12627 12630 D dalvikvm: GC_CONCURRENT freed 480K, 6% free 10266K/10887K, paused 6ms+3ms
06-10 13:37:58.781 13287 13287 D dalvikvm: GC_EXPLICIT freed 300K, 8% free 10080K/10951K, paused 25ms+2ms
06-10 13:38:29.562 17544 17546 D dalvikvm: GC_CONCURRENT freed 509K, 25% free 10929K/14407K, paused 3ms+5ms
06-10 13:38:33.355   152   194 D dalvikvm: GC_EXPLICIT freed 1701K, 22% free 17961K/22919K, paused 13ms+9ms
06-10 13:38:33.398 14258 14318 I Gmail   : MainSyncRequestProto: lowestBkwdConvoId: 0, highestHandledServerOp: 3230194, normalSync: true
06-10 13:38:34.281 14258 14259 D dalvikvm: GC_CONCURRENT freed 449K, 6% free 9607K/10183K, paused 6ms+3ms
06-10 13:38:34.394 14258 14318 D dalvikvm: GC_EXPLICIT freed 133K, 6% free 9606K/10183K, paused 2ms+7ms
06-10 13:38:34.398 14258 14318 I Gmail   : MainSyncRequestProto: lowestBkwdConvoId: 0, highestHandledServerOp: 3230229, normalSync: true
06-10 13:38:34.976 14258 14318 D dalvikvm: GC_EXPLICIT freed 177K, 6% free 9631K/10183K, paused 2ms+3ms
06-10 13:38:34.980 14258 14318 I Gmail   : MainSyncRequestProto: lowestBkwdConvoId: 0, highestHandledServerOp: 3230229, normalSync: true
06-10 13:38:35.004 14258 14318 W Gmail   : Scheduling index for 300000 ms from now
06-10 13:38:35.054 14258 14318 I Gmail   : Sending notification intent: Intent { act=android.intent.action.PROVIDER_CHANGED dat=content://gmail-ls/unread/^i (has extras) }
06-10 13:38:35.097 10163 10209 I PhoneLab-: Service Running
06-10 13:38:35.160 14258 14319 W Gmail   : Showing notification with unreadCount of 2 and unseenCount of 2
06-10 13:38:35.320   390   390 D dalvikvm: GC_FOR_ALLOC freed 172K, 38% free 10530K/16903K, paused 23ms
06-10 13:38:35.402 14258 14318 I Gmail   : Sending notification intent: Intent { act=android.intent.action.PROVIDER_CHANGED dat=content://gmail-ls/unread/^iim (has extras) }
06-10 13:38:35.402 10163 10209 I PhoneLab-LoggerService: app_38    1290  1     1788   1344  c00f181c 400107b4 S logcat
06-10 13:38:35.402 10163 10209 I PhoneLab-LoggerService: Logcat pid from database 1290
06-10 13:38:35.402 10163 10209 I PhoneLab-LoggerService: Logcat process found 1290
06-10 13:38:35.402 10163 10209 I PhoneLab-LoggerService: Checking Threshold
06-10 13:38:35.558   390   390 D dalvikvm: GC_FOR_ALLOC freed 656K, 40% free 10237K/16903K, paused 19ms
06-10 13:38:58.871 13287 13289 D dalvikvm: GC_CONCURRENT freed 452K, 8% free 10132K/10951K, paused 2ms+3ms
06-10 13:39:20.461 14158 14160 D dalvikvm: GC_CONCURRENT freed 626K, 7% free 11477K/12231K, paused 2ms+6ms
06-10 13:39:58.871 12627 12630 D dalvikvm: GC_CONCURRENT freed 490K, 6% free 10270K/10887K, paused 2ms+3ms
06-10 13:40:03.859   152   200 I ActivityManager: Start proc com.google.android.maps.mytracks for service com.google.android.maps.mytracks/com.google.android.apps.mytracks.services.RemoveTempFilesService: pid=14330 uid=10059 gids={3003, 3002, 3001, 1015}
06-10 13:40:03.894 14330 14330 I dalvikvm: Turning on JNI app bug workarounds for target SDK version 7...
06-10 13:40:04.035   152   169 I ActivityManager: Start proc com.google.android.apps.genie.geniewidget for broadcast com.google.android.apps.genie.geniewidget/.miniwidget.UpdateReceiver: pid=14343 uid=10018 gids={3003, 1015}
06-10 13:40:04.070   152   200 I ActivityManager: Start proc com.google.android.apps.maps for service com.google.android.apps.maps/com.google.googlenav.prefetch.android.PrefetcherService: pid=14355 uid=10057 gids={3003, 1015}
06-10 13:40:04.132   152   491 I ActivityManager: Process com.android.sprintmenu (pid 10021) has died.
06-10 13:40:04.140   152   491 W ActivityManager: Scheduling restart of crashed service com.android.sprintmenu/.HiddenPhoneService in 5000ms
06-10 13:40:04.218 14343 14343 I dalvikvm: Turning on JNI app bug workarounds for target SDK version 11...
06-10 13:40:04.601 14330 14330 I ActivityThread: Pub com.google.android.maps.mytracks.search: com.google.android.apps.mytracks.content.SearchEngineProvider
06-10 13:40:04.609 14330 14330 I ActivityThread: Pub com.google.android.maps.mytracks: com.google.android.apps.mytracks.content.MyTracksProvider
06-10 13:40:04.648   152   168 I Process : Sending signal. PID: 1339 SIG: 3
06-10 13:40:04.648  1339  1344 I dalvikvm: threadid=3: reacting to signal 3
06-10 13:40:04.761 14343 14343 I ActivityThread: Pub com.google.android.apps.genie.geniewidget.weather: com.google.android.apps.genie.geniewidget.providers.WeatherProvider
06-10 13:40:04.773 14343 14343 I ActivityThread: Pub com.google.android.apps.genie.geniewidget.newsimage: com.google.android.apps.genie.geniewidget.providers.NewsImageProvider
06-10 13:40:04.777 14355 14358 D dalvikvm: GC_CONCURRENT freed 169K, 3% free 9366K/9607K, paused 110ms+2ms
06-10 13:40:04.820  1339  1344 I dalvikvm: Wrote stack traces to '/data/anr/traces.txt'
06-10 13:40:04.824   152   168 I Process : Sending signal. PID: 1339 SIG: 3
06-10 13:40:04.824   152   168 W ActivityManager: Activity pause timeout for ActivityRecord{415c4750 com.android.launcher/com.android.launcher2.Launcher}
06-10 13:40:04.828  1339  1344 I dalvikvm: threadid=3: reacting to signal 3
06-10 13:40:04.843  1339  1344 I dalvikvm: Wrote stack traces to '/data/anr/traces.txt'
06-10 13:40:05.039 14355 14355 I ActivityThread: Pub com.google.android.maps.SearchHistoryProvider: com.google.googlenav.provider.SearchHistoryProvider
06-10 13:40:05.054 14355 14355 I ActivityThread: Pub com.google.android.maps.SuggestionProvider: com.google.googlenav.suggest.android.SuggestContentProvider
06-10 13:40:05.097 14355 14355 I ActivityThread: Pub com.google.android.maps.LayerInfoProvider: com.google.googlenav.layer.LayerInfoProvider
06-10 13:40:05.117 14355 14355 I ActivityThread: Pub com.google.android.maps.TrafficAppWidgetProvider: com.google.googlenav.appwidget.traffic.TrafficAppWidgetProvider
06-10 13:40:05.144 14355 14355 I ActivityThread: Pub com.google.android.maps.LocalActivePlacesProvider: com.google.googlenav.provider.LocalActivePlacesProvider
06-10 13:40:05.148 14355 14355 I ActivityThread: Pub com.google.android.maps.StarredItemProvider: com.google.googlenav.provider.StarredItemProvider
06-10 13:40:05.160 14343 14344 D dalvikvm: GC_CONCURRENT freed 346K, 5% free 9189K/9607K, paused 15ms+2ms
06-10 13:40:05.211 14343 14351 W CursorWrapperInner: Cursor finalized without prior close()
06-10 13:40:05.211 14343 14343 W Genie   : Cache file not found: java.io.FileNotFoundException: /data/data/com.google.android.apps.genie.geniewidget/cache/genie_iconcache: open failed: ENOENT (No such file or directory)
06-10 13:40:05.238 14343 14351 W CursorWrapperInner: Cursor finalized without prior close()
06-10 13:40:05.297 14355 14358 D dalvikvm: GC_CONCURRENT freed 204K, 4% free 9692K/9991K, paused 2ms+7ms
06-10 13:40:05.461 14343 14344 D dalvikvm: GC_CONCURRENT freed 362K, 5% free 9312K/9799K, paused 2ms+52ms
06-10 13:40:05.566 14343 14343 I Genie   : refresh service retry #0, ignoreMASFCache = false
06-10 13:40:05.691 14355 14355 I ActivityThread: Pub com.google.android.maps.LocalSuggestionProvider: com.google.googlenav.provider.LocalSuggestionProvider
06-10 13:40:05.691 14355 14355 I ActivityThread: Pub com.google.android.maps.NavigationAvailabilityProvider: com.google.googlenav.provider.NavigationAvailabilityProvider
06-10 13:40:05.816 14355 14358 D dalvikvm: GC_CONCURRENT freed 242K, 4% free 9982K/10311K, paused 2ms+3ms
06-10 13:40:05.945 14355 14399 D dalvikvm: GC_FOR_ALLOC freed 172K, 4% free 10178K/10567K, paused 28ms
06-10 13:40:07.562 13762 13764 D dalvikvm: GC_CONCURRENT freed 448K, 6% free 9926K/10503K, paused 2ms+3ms
06-10 13:40:09.230   152   169 I ActivityManager: Start proc com.android.sprintmenu for service com.android.sprintmenu/.HiddenPhoneService: pid=14402 uid=1001 gids={3002, 3001, 3003, 1015}
06-10 13:40:35.140 10163 10209 I PhoneLab-: Service Running
06-10 13:40:35.175   152   152 I ActivityManager: Process android.process.media (pid 14020) has died.
06-10 13:40:35.273 10163 10209 I PhoneLab-LoggerService: app_38    1290  1     1788   1344  c00f181c 400107b4 S logcat
06-10 13:40:35.273 10163 10209 I PhoneLab-LoggerService: Logcat pid from database 1290
06-10 13:40:35.273 10163 10209 I PhoneLab-LoggerService: Logcat process found 1290
06-10 13:40:35.273 10163 10209 I PhoneLab-LoggerService: Checking Threshold
06-10 13:40:35.281 10163 10166 D dalvikvm: GC_CONCURRENT freed 403K, 15% free 9139K/10631K, paused 1ms+4ms
06-10 13:40:35.750  7488  7568 D androidNetworkLocationListeners: Still have listener com.google.android.location.internal.client.NetworkLocationClient$1@41497d68
06-10 13:40:35.785  7488  7568 D androidNetworkLocationListeners: Still have listener com.google.android.location.internal.client.NetworkLocationClient$1@41497d68
06-10 13:40:35.980  7488  7568 D androidNetworkLocationListeners: Still have listener com.google.android.location.internal.client.NetworkLocationClient$1@41497d68
06-10 13:40:36.183  7488  7492 D dalvikvm: GC_CONCURRENT freed 447K, 6% free 10193K/10759K, paused 9ms+8ms
06-10 13:40:36.882 14343 14344 D dalvikvm: GC_CONCURRENT freed 354K, 5% free 9390K/9863K, paused 2ms+2ms
06-10 13:40:37.340 14343 14344 D dalvikvm: GC_CONCURRENT freed 302K, 5% free 9502K/9927K, paused 14ms+2ms
06-10 13:40:39.000   152 16653 I ActivityManager: Process com.android.defcontainer (pid 13432) has died.
06-10 13:40:39.277 14343 14344 D dalvikvm: GC_CONCURRENT freed 414K, 6% free 9511K/10055K, paused 4ms+4ms
06-10 13:40:39.617 14343 14344 D dalvikvm: GC_CONCURRENT freed 391K, 5% free 9578K/10055K, paused 2ms+2ms
06-10 13:40:39.859 14343 14344 D dalvikvm: GC_CONCURRENT freed 494K, 7% free 9562K/10183K, paused 2ms+2ms
06-10 13:40:40.418 14343 14344 D dalvikvm: GC_CONCURRENT freed 353K, 6% free 9644K/10183K, paused 2ms+3ms
06-10 13:40:40.636 14343 14344 D dalvikvm: GC_CONCURRENT freed 580K, 7% free 9567K/10247K, paused 1ms+2ms
06-10 13:40:40.945 14343 14344 D dalvikvm: GC_CONCURRENT freed 431K, 7% free 9585K/10247K, paused 4ms+7ms
06-10 13:40:41.160 14343 14344 D dalvikvm: GC_CONCURRENT freed 484K, 7% free 9540K/10247K, paused 1ms+3ms
06-10 13:40:41.843 14343 14344 D dalvikvm: GC_CONCURRENT freed 328K, 7% free 9616K/10247K, paused 12ms+3ms
06-10 13:40:42.062 14343 14344 D dalvikvm: GC_CONCURRENT freed 446K, 7% free 9597K/10247K, paused 3ms+3ms
06-10 13:40:42.242 14343 14344 D dalvikvm: GC_CONCURRENT freed 497K, 7% free 9534K/10247K, paused 1ms+7ms
06-10 13:40:42.425 14343 14344 D dalvikvm: GC_CONCURRENT freed 430K, 7% free 9536K/10247K, paused 2ms+2ms
06-10 13:40:42.593 14343 14344 D dalvikvm: GC_CONCURRENT freed 396K, 7% free 9537K/10247K, paused 2ms+3ms
06-10 13:40:43.179 14343 14344 D dalvikvm: GC_CONCURRENT freed 289K, 6% free 9692K/10247K, paused 5ms+3ms
06-10 13:40:43.363 14343 14344 D dalvikvm: GC_CONCURRENT freed 613K, 7% free 9536K/10247K, paused 1ms+2ms
06-10 13:40:43.590 14343 14344 D dalvikvm: GC_CONCURRENT freed 384K, 7% free 9580K/10247K, paused 4ms+2ms
06-10 13:40:44.011   152   656 I ActivityManager: Process com.google.android.apps.docs (pid 14081) has died.
06-10 13:40:44.902 14343 14344 D dalvikvm: GC_CONCURRENT freed 337K, 7% free 9628K/10247K, paused 2ms+2ms
06-10 13:40:45.250 14343 14344 D dalvikvm: GC_CONCURRENT freed 328K, 6% free 9683K/10247K, paused 2ms+3ms
06-10 13:40:46.093 14343 14344 D dalvikvm: GC_CONCURRENT freed 382K, 6% free 9731K/10247K, paused 4ms+4ms
06-10 13:40:47.340 14343 14344 D dalvikvm: GC_CONCURRENT freed 617K, 7% free 9622K/10311K, paused 2ms+2ms
06-10 13:40:47.519 14343 14344 D dalvikvm: GC_CONCURRENT freed 499K, 8% free 9544K/10311K, paused 2ms+2ms
06-10 13:40:48.183 14343 14344 D dalvikvm: GC_CONCURRENT freed 355K, 7% free 9620K/10311K, paused 1ms+2ms
06-10 13:40:48.715 14343 14344 D dalvikvm: GC_CONCURRENT freed 312K, 6% free 9735K/10311K, paused 3ms+2ms
06-10 13:40:48.953 14343 14344 D dalvikvm: GC_CONCURRENT freed 622K, 7% free 9601K/10311K, paused 2ms+3ms
06-10 13:40:49.375 14343 14344 D dalvikvm: GC_CONCURRENT freed 344K, 6% free 9696K/10311K, paused 4ms+3ms
06-10 13:40:49.996 14343 14344 D dalvikvm: GC_CONCURRENT freed 435K, 7% free 9663K/10311K, paused 4ms+3ms
06-10 13:40:52.156 14343 14344 D dalvikvm: GC_CONCURRENT freed 519K, 8% free 9570K/10311K, paused 2ms+2ms
06-10 13:40:52.515 14343 14344 D dalvikvm: GC_CONCURRENT freed 397K, 8% free 9573K/10311K, paused 2ms+3ms
06-10 13:40:57.668 13287 13289 D dalvikvm: GC_CONCURRENT freed 472K, 8% free 10170K/10951K, paused 5ms+3ms
06-10 13:41:23.261 14343 14344 D dalvikvm: GC_CONCURRENT freed 316K, 7% free 9676K/10311K, paused 2ms+5ms
06-10 13:41:23.476 14343 14344 D dalvikvm: GC_CONCURRENT freed 500K, 7% free 9610K/10311K, paused 5ms+2ms
06-10 13:41:24.066 14343 14344 D dalvikvm: GC_CONCURRENT freed 425K, 8% free 9587K/10311K, paused 40ms+2ms
06-10 13:41:24.609 14343 14344 D dalvikvm: GC_CONCURRENT freed 395K, 7% free 9594K/10311K, paused 3ms+3ms
06-10 13:41:28.007 14343 14344 D dalvikvm: GC_CONCURRENT freed 388K, 7% free 9632K/10311K, paused 2ms+2ms
06-10 13:41:28.461   152   154 D dalvikvm: GC_CONCURRENT freed 1940K, 22% free 17947K/22919K, paused 159ms+8ms
06-10 13:41:29.015 14343 14344 D dalvikvm: GC_CONCURRENT freed 374K, 7% free 9678K/10311K, paused 2ms+2ms
06-10 13:41:29.449 14343 14344 D dalvikvm: GC_CONCURRENT freed 360K, 6% free 9708K/10311K, paused 2ms+5ms
06-10 13:41:30.019 14343 14344 D dalvikvm: GC_CONCURRENT freed 418K, 6% free 9693K/10311K, paused 2ms+2ms
06-10 13:41:30.222 14343 14344 D dalvikvm: GC_CONCURRENT freed 458K, 7% free 9638K/10311K, paused 2ms+3ms
06-10 13:41:30.476 14343 14344 D dalvikvm: GC_CONCURRENT freed 422K, 7% free 9646K/10311K, paused 2ms+9ms
06-10 13:41:30.828 14343 14344 D dalvikvm: GC_CONCURRENT freed 376K, 6% free 9736K/10311K, paused 16ms+2ms
06-10 13:41:31.191 14343 14344 D dalvikvm: GC_CONCURRENT freed 452K, 6% free 9762K/10311K, paused 5ms+9ms
06-10 13:41:31.468 14343 14344 D dalvikvm: GC_CONCURRENT freed 495K, 6% free 9712K/10311K, paused 2ms+2ms
06-10 13:41:31.746 14343 14344 D dalvikvm: GC_CONCURRENT freed 423K, 7% free 9691K/10311K, paused 2ms+6ms
06-10 13:41:32.140 14343 14344 D dalvikvm: GC_CONCURRENT freed 384K, 6% free 9731K/10311K, paused 15ms+3ms
06-10 13:41:41.652 14343 14344 D dalvikvm: GC_CONCURRENT freed 452K, 6% free 9766K/10311K, paused 13ms+2ms
06-10 13:41:42.054 14343 14344 D dalvikvm: GC_CONCURRENT freed 423K, 6% free 9821K/10375K, paused 2ms+3ms
06-10 13:41:42.390 14343 14344 D dalvikvm: GC_CONCURRENT freed 488K, 6% free 9798K/10375K, paused 3ms+2ms
06-10 13:41:42.789 14343 14344 D dalvikvm: GC_CONCURRENT freed 483K, 6% free 9805K/10375K, paused 4ms+2ms
06-10 13:41:43.144 14343 14344 D dalvikvm: GC_CONCURRENT freed 481K, 6% free 9811K/10375K, paused 4ms+2ms
06-10 13:41:43.449 14343 14344 D dalvikvm: GC_CONCURRENT freed 462K, 6% free 9783K/10375K, paused 4ms+2ms
06-10 13:41:43.812 14343 14344 D dalvikvm: GC_CONCURRENT freed 418K, 6% free 9771K/10375K, paused 7ms+2ms
06-10 13:41:44.125 10196 10196 D dalvikvm: GC_FOR_ALLOC freed 1579K, 27% free 13241K/18119K, paused 74ms
06-10 13:41:44.234   152 31690 I AudioService:   Remote Control   registerMediaButtonIntent() for PendingIntent{417a4ac8: PendingIntentRecord{41446e00 com.spotify.mobile.android.ui broadcastIntent}}
06-10 13:41:44.332 10196 10196 D skia    : --- SkImageDecoder::Factory returned null
06-10 13:41:44.488 10196 10198 D dalvikvm: GC_CONCURRENT freed 489K, 22% free 14159K/18119K, paused 2ms+12ms
06-10 13:41:44.800   152   552 I ActivityManager: Process com.google.android.apps.uploader (pid 14063) has died.
06-10 13:41:44.945 14343 14344 D dalvikvm: GC_CONCURRENT freed 384K, 5% free 9875K/10375K, paused 7ms+141ms
06-10 13:41:45.386 14343 14344 D dalvikvm: GC_CONCURRENT freed 472K, 6% free 9915K/10503K, paused 19ms+3ms
06-10 13:41:45.558 14343 14344 D dalvikvm: GC_CONCURRENT freed 522K, 7% free 9784K/10503K, paused 4ms+2ms
06-10 13:41:46.011 14343 14344 D dalvikvm: GC_CONCURRENT freed 403K, 7% free 9842K/10503K, paused 3ms+3ms
06-10 13:41:46.191 14343 14344 D dalvikvm: GC_CONCURRENT freed 600K, 9% free 9656K/10503K, paused 2ms+2ms
06-10 13:41:46.457 14343 14344 D dalvikvm: GC_CONCURRENT freed 414K, 8% free 9665K/10503K, paused 2ms+3ms
06-10 13:41:46.722 14343 14344 D dalvikvm: GC_CONCURRENT freed 461K, 9% free 9656K/10503K, paused 2ms+2ms
06-10 13:41:46.910 14343 14344 D dalvikvm: GC_CONCURRENT freed 419K, 9% free 9659K/10503K, paused 2ms+4ms
06-10 13:41:48.312   152   552 I ActivityManager: Process edu.buffalo.cse.phonelab.phonelabservices (pid 10163) has died.
06-10 13:41:48.312   152   552 W ActivityManager: Scheduling restart of crashed service edu.buffalo.cse.phonelab.phonelabservices/edu.buffalo.cse.phonelab.datalogger.LoggerService in 5000ms
06-10 13:41:50.820 14343 14344 D dalvikvm: GC_CONCURRENT freed 474K, 9% free 9580K/10503K, paused 2ms+2ms
06-10 13:41:52.211 14343 14426 W ResponseProcessCookies: Cookie rejected: "BasicClientCookie[version=0,name=JSESSIONID,domain=m.guardian.co.uk,path=/ms,expiry=null]". Illegal path attribute "/ms". Path of origin: "/world/2012/jun/10/vatican-lawyer-accused-negligence-tedeschi"
06-10 13:41:52.675 14343 14344 D dalvikvm: GC_CONCURRENT freed 344K, 9% free 9649K/10503K, paused 2ms+5ms
06-10 13:41:53.043 14343 14344 D dalvikvm: GC_CONCURRENT freed 487K, 9% free 9612K/10503K, paused 14ms+2ms
06-10 13:41:53.328   152   169 I ActivityManager: Start proc edu.buffalo.cse.phonelab.phonelabservices for service edu.buffalo.cse.phonelab.phonelabservices/edu.buffalo.cse.phonelab.datalogger.LoggerService: pid=14624 uid=10038 gids={3003, 1015, 1007, 2001}
06-10 13:41:53.355    80    80 D dalvikvm: GC_EXPLICIT freed 38K, 4% free 9031K/9347K, paused 2ms+4ms
06-10 13:41:53.398    80    80 D dalvikvm: GC_EXPLICIT freed <1K, 4% free 9031K/9347K, paused 1ms+3ms
06-10 13:41:53.445    80    80 D dalvikvm: GC_EXPLICIT freed <1K, 4% free 9031K/9347K, paused 9ms+6ms
06-10 13:41:53.457 14343 14344 D dalvikvm: GC_CONCURRENT freed 462K, 9% free 9589K/10503K, paused 4ms+9ms
06-10 13:41:53.488 14624 14624 I PhoneLab-LoggerService: Start Logger Service
06-10 13:41:53.539 14624 14639 I PhoneLab-: Service Running
06-10 13:41:53.609 14624 14639 I PhoneLab-LoggerService: app_38    1290  1     1788   1344  c00f181c 400107b4 S logcat
06-10 13:41:53.609 14624 14639 I PhoneLab-LoggerService: Logcat pid from database 1290
06-10 13:41:53.609 14624 14639 I PhoneLab-LoggerService: Logcat process found 1290
06-10 13:41:53.609 14624 14639 I PhoneLab-LoggerService: Checking Threshold
06-10 13:41:53.836 14343 14344 D dalvikvm: GC_CONCURRENT freed 398K, 9% free 9611K/10503K, paused 16ms+3ms
06-10 13:41:54.226 14343 14344 D dalvikvm: GC_CONCURRENT freed 433K, 9% free 9635K/10503K, paused 1ms+2ms
06-10 13:41:54.484 14343 14344 D dalvikvm: GC_CONCURRENT freed 490K, 9% free 9594K/10503K, paused 2ms+2ms
06-10 13:41:55.711 14343 14344 D dalvikvm: GC_CONCURRENT freed 342K, 8% free 9686K/10503K, paused 2ms+11ms
06-10 13:41:56.543 14343 14344 D dalvikvm: GC_CONCURRENT freed 429K, 8% free 9686K/10503K, paused 4ms+3ms
06-10 13:41:57.179 14343 14344 D dalvikvm: GC_CONCURRENT freed 411K, 8% free 9671K/10503K, paused 16ms+4ms
06-10 13:41:57.968 14343 14344 D dalvikvm: GC_CONCURRENT freed 552K, 9% free 9568K/10503K, paused 1ms+2ms
06-10 13:41:58.109 14343 14344 D dalvikvm: GC_CONCURRENT freed 461K, 9% free 9565K/10503K, paused 2ms+2ms
06-10 13:41:58.285 14343 14344 D dalvikvm: GC_CONCURRENT freed 440K, 10% free 9558K/10503K, paused 3ms+4ms
06-10 13:41:58.500 14343 14344 D dalvikvm: GC_CONCURRENT freed 437K, 9% free 9566K/10503K, paused 5ms+2ms
06-10 13:41:58.785 14343 14344 D dalvikvm: GC_CONCURRENT freed 446K, 10% free 9557K/10503K, paused 1ms+11ms
06-10 13:41:58.929  7488  7500 D dalvikvm: GC_EXPLICIT freed 289K, 6% free 10151K/10759K, paused 3ms+4ms
06-10 13:41:59.027 12627 12630 D dalvikvm: GC_CONCURRENT freed 495K, 6% free 10266K/10887K, paused 2ms+6ms
06-10 13:41:59.230 13287 13289 D dalvikvm: GC_CONCURRENT freed 445K, 8% free 10127K/10951K, paused 11ms+13ms
06-10 13:41:59.429 13287 13289 D dalvikvm: GC_CONCURRENT freed 271K, 7% free 10290K/10951K, paused 3ms+5ms
06-10 13:42:02.359 14343 14344 D dalvikvm: GC_CONCURRENT freed 376K, 9% free 9579K/10503K, paused 2ms+2ms
06-10 13:42:03.031 14343 14344 D dalvikvm: GC_CONCURRENT freed 373K, 9% free 9657K/10503K, paused 3ms+2ms
06-10 13:42:03.332 14343 14344 D dalvikvm: GC_CONCURRENT freed 408K, 8% free 9665K/10503K, paused 2ms+3ms
06-10 13:42:03.675 14343 14344 D dalvikvm: GC_CONCURRENT freed 395K, 8% free 9692K/10503K, paused 2ms+2ms
06-10 13:42:03.937 14343 14344 D dalvikvm: GC_CONCURRENT freed 494K, 9% free 9649K/10503K, paused 17ms+4ms
06-10 13:42:04.164  7488  8132 I EventLogService: Aggregate from 1339348323933 (log), 1339348323933 (data)
06-10 13:42:04.246 14343 14344 D dalvikvm: GC_CONCURRENT freed 453K, 9% free 9612K/10503K, paused 1ms+2ms
06-10 13:42:04.519 14343 14344 D dalvikvm: GC_CONCURRENT freed 360K, 9% free 9647K/10503K, paused 2ms+2ms
06-10 13:42:05.148 14343 14344 D dalvikvm: GC_CONCURRENT freed 473K, 9% free 9596K/10503K, paused 2ms+2ms
06-10 13:42:05.304 14343 14344 D dalvikvm: GC_CONCURRENT freed 473K, 9% free 9562K/10503K, paused 2ms+2ms
06-10 13:42:13.476 14343 14344 D dalvikvm: GC_CONCURRENT freed 289K, 9% free 9661K/10503K, paused 9ms+2ms
06-10 13:42:24.550 14343 14344 D dalvikvm: GC_CONCURRENT freed 311K, 8% free 9742K/10503K, paused 2ms+7ms
06-10 13:42:32.144 14343 14344 D dalvikvm: GC_CONCURRENT freed 468K, 8% free 9671K/10503K, paused 1ms+5ms
06-10 13:42:33.726 14343 14344 D dalvikvm: GC_CONCURRENT freed 460K, 8% free 9668K/10503K, paused 4ms+2ms
06-10 13:42:33.875 14343 14344 D dalvikvm: GC_CONCURRENT freed 546K, 10% free 9554K/10503K, paused 1ms+2ms
06-10 13:42:34.074 14343 14344 D dalvikvm: GC_CONCURRENT freed 438K, 10% free 9554K/10503K, paused 4ms+3ms
06-10 13:42:41.277 14343 14344 D dalvikvm: GC_CONCURRENT freed 228K, 8% free 9733K/10503K, paused 2ms+3ms
06-10 13:42:45.047 14343 14344 D dalvikvm: GC_CONCURRENT freed 448K, 8% free 9675K/10503K, paused 10ms+2ms
06-10 13:42:49.629 14343 14344 D dalvikvm: GC_CONCURRENT freed 351K, 8% free 9710K/10503K, paused 1ms+2ms
06-10 13:42:54.039 14343 14344 D dalvikvm: GC_CONCURRENT freed 390K, 8% free 9718K/10503K, paused 4ms+2ms
06-10 13:42:56.457   152   492 I ActivityManager: Process com.google.android.gm (pid 14258) has died.
06-10 13:42:59.125 13287 13289 D dalvikvm: GC_CONCURRENT freed 677K, 8% free 10123K/10951K, paused 2ms+20ms
06-10 13:42:59.308 14343 14344 D dalvikvm: GC_CONCURRENT freed 322K, 7% free 9793K/10503K, paused 2ms+8ms
06-10 13:43:04.484 14343 14344 D dalvikvm: GC_CONCURRENT freed 449K, 8% free 9745K/10503K, paused 2ms+3ms
06-10 13:43:06.218 14343 14344 D dalvikvm: GC_CONCURRENT freed 425K, 8% free 9715K/10503K, paused 1ms+2ms
06-10 13:43:07.062 14343 14344 D dalvikvm: GC_CONCURRENT freed 471K, 9% free 9635K/10503K, paused 2ms+6ms
06-10 13:43:07.691 14343 14344 D dalvikvm: GC_CONCURRENT freed 337K, 8% free 9727K/10503K, paused 7ms+3ms
06-10 13:43:08.062 14343 14344 D dalvikvm: GC_CONCURRENT freed 430K, 8% free 9697K/10503K, paused 4ms+7ms
06-10 13:43:08.511 14343 14344 D dalvikvm: GC_CONCURRENT freed 435K, 9% free 9651K/10503K, paused 4ms+2ms
06-10 13:43:08.625   152   154 D dalvikvm: GC_CONCURRENT freed 1977K, 22% free 17892K/22919K, paused 7ms+8ms
06-10 13:43:09.558 14343 14344 D dalvikvm: GC_CONCURRENT freed 439K, 9% free 9648K/10503K, paused 6ms+3ms
06-10 13:43:10.336 14343 14344 D dalvikvm: GC_CONCURRENT freed 449K, 9% free 9584K/10503K, paused 2ms+2ms
06-10 13:43:11.289 14343 14344 D dalvikvm: GC_CONCURRENT freed 270K, 8% free 9712K/10503K, paused 3ms+3ms
06-10 13:43:12.031 14343 14344 D dalvikvm: GC_CONCURRENT freed 444K, 8% free 9663K/10503K, paused 1ms+5ms
06-10 13:43:13.148 14343 14344 D dalvikvm: GC_CONCURRENT freed 355K, 8% free 9700K/10503K, paused 2ms+3ms
06-10 13:43:14.566 14343 14344 D dalvikvm: GC_CONCURRENT freed 369K, 8% free 9752K/10503K, paused 3ms+10ms
06-10 13:43:15.664 14343 14344 D dalvikvm: GC_CONCURRENT freed 434K, 8% free 9729K/10503K, paused 8ms+3ms
06-10 13:43:16.558 14343 14344 D dalvikvm: GC_CONCURRENT freed 373K, 8% free 9766K/10503K, paused 3ms+2ms
06-10 13:43:17.304 14343 14344 D dalvikvm: GC_CONCURRENT freed 439K, 8% free 9712K/10503K, paused 3ms+3ms
06-10 13:43:18.937 14343 14344 D dalvikvm: GC_CONCURRENT freed 414K, 8% free 9691K/10503K, paused 4ms+2ms
06-10 13:43:20.359 10196 10198 D dalvikvm: GC_CONCURRENT freed 1866K, 24% free 13894K/18119K, paused 2ms+4ms
06-10 13:43:21.215 17544 17546 D dalvikvm: GC_CONCURRENT freed 508K, 25% free 10931K/14407K, paused 2ms+7ms
06-10 13:43:21.519 14343 14344 D dalvikvm: GC_CONCURRENT freed 450K, 9% free 9639K/10503K, paused 16ms+2ms
06-10 13:43:23.597 14343 14344 D dalvikvm: GC_CONCURRENT freed 376K, 8% free 9706K/10503K, paused 2ms+3ms
06-10 13:43:25.320 14343 14344 D dalvikvm: GC_CONCURRENT freed 497K, 9% free 9612K/10503K, paused 15ms+2ms
06-10 13:43:29.109 14343 14344 D dalvikvm: GC_CONCURRENT freed 303K, 8% free 9696K/10503K, paused 34ms+2ms
06-10 13:43:31.367 14343 14344 D dalvikvm: GC_CONCURRENT freed 405K, 8% free 9698K/10503K, paused 17ms+3ms
06-10 13:43:32.425 14343 14344 D dalvikvm: GC_CONCURRENT freed 463K, 9% free 9626K/10503K, paused 2ms+9ms
06-10 13:43:33.949 14343 14344 D dalvikvm: GC_CONCURRENT freed 484K, 9% free 9572K/10503K, paused 1ms+2ms
06-10 13:43:34.211 14343 14344 D dalvikvm: GC_CONCURRENT freed 428K, 9% free 9572K/10503K, paused 1ms+2ms
06-10 13:43:35.765 14343 14344 D dalvikvm: GC_CONCURRENT freed 373K, 9% free 9640K/10503K, paused 3ms+2ms
06-10 13:43:36.371 14343 14344 D dalvikvm: GC_CONCURRENT freed 434K, 8% free 9693K/10503K, paused 1ms+3ms
06-10 13:43:37.027 14343 14344 D dalvikvm: GC_CONCURRENT freed 457K, 9% free 9648K/10503K, paused 15ms+2ms
06-10 13:43:37.347 14343 14344 D dalvikvm: GC_CONCURRENT freed 468K, 9% free 9601K/10503K, paused 6ms+4ms
06-10 13:43:37.699 14343 14344 D dalvikvm: GC_CONCURRENT freed 437K, 9% free 9592K/10503K, paused 12ms+2ms
06-10 13:43:38.328 14343 14344 D dalvikvm: GC_CONCURRENT freed 316K, 8% free 9702K/10503K, paused 2ms+3ms
06-10 13:43:38.511 14343 14344 D dalvikvm: GC_CONCURRENT freed 510K, 9% free 9587K/10503K, paused 2ms+2ms
06-10 13:43:42.402 14343 14344 D dalvikvm: GC_CONCURRENT freed 250K, 8% free 9749K/10503K, paused 4ms+3ms
06-10 13:43:42.668 14343 14344 D dalvikvm: GC_CONCURRENT freed 439K, 8% free 9729K/10503K, paused 2ms+5ms
06-10 13:43:43.054 14343 14344 D dalvikvm: GC_CONCURRENT freed 435K, 8% free 9702K/10503K, paused 8ms+2ms
06-10 13:43:43.382 14343 14344 D dalvikvm: GC_CONCURRENT freed 428K, 8% free 9688K/10503K, paused 2ms+3ms
06-10 13:43:43.828 14343 14344 D dalvikvm: GC_CONCURRENT freed 345K, 7% free 9769K/10503K, paused 5ms+3ms
06-10 13:43:44.160 14343 14344 D dalvikvm: GC_CONCURRENT freed 455K, 8% free 9727K/10503K, paused 10ms+3ms
06-10 13:43:44.547 14343 14344 D dalvikvm: GC_CONCURRENT freed 409K, 7% free 9781K/10503K, paused 11ms+2ms
06-10 13:43:44.840 14343 14344 D dalvikvm: GC_CONCURRENT freed 460K, 8% free 9726K/10503K, paused 2ms+3ms
06-10 13:43:45.679 14343 14344 D dalvikvm: GC_CONCURRENT freed 446K, 8% free 9670K/10503K, paused 4ms+7ms
06-10 13:43:46.867 14343 14344 D dalvikvm: GC_CONCURRENT freed 460K, 9% free 9655K/10503K, paused 3ms+2ms
06-10 13:43:50.539 14343 14344 D dalvikvm: GC_CONCURRENT freed 427K, 8% free 9666K/10503K, paused 2ms+2ms
06-10 13:43:50.722 14343 14344 D dalvikvm: GC_CONCURRENT freed 538K, 9% free 9571K/10503K, paused 2ms+6ms
06-10 13:43:51.234 14343 14344 D dalvikvm: GC_CONCURRENT freed 330K, 9% free 9660K/10503K, paused 2ms+2ms
06-10 13:43:51.797 14343 14344 D dalvikvm: GC_CONCURRENT freed 322K, 8% free 9754K/10503K, paused 7ms+3ms
06-10 13:43:52.050 14343 14344 D dalvikvm: GC_CONCURRENT freed 558K, 9% free 9613K/10503K, paused 2ms+2ms
06-10 13:43:52.347 14343 14344 D dalvikvm: GC_CONCURRENT freed 354K, 8% free 9676K/10503K, paused 13ms+2ms
06-10 13:43:52.625 14343 14344 D dalvikvm: GC_CONCURRENT freed 343K, 8% free 9765K/10503K, paused 5ms+3ms
06-10 13:43:53.297 14343 14344 D dalvikvm: GC_CONCURRENT freed 521K, 9% free 9654K/10503K, paused 2ms+3ms
06-10 13:43:53.457 14343 14344 D dalvikvm: GC_CONCURRENT freed 541K, 10% free 9546K/10503K, paused 1ms+5ms
06-10 13:43:53.535 14624 14639 I PhoneLab-: Service Running
06-10 13:43:53.609 14624 14639 I PhoneLab-LoggerService: app_38    1290  1     1788   1344  c00f181c 400107b4 S logcat
06-10 13:43:53.609 14624 14639 I PhoneLab-LoggerService: Logcat pid from database 1290
06-10 13:43:53.609 14624 14639 I PhoneLab-LoggerService: Logcat process found 1290
06-10 13:43:53.609 14624 14639 I PhoneLab-LoggerService: Checking Threshold
06-10 13:43:53.664 14343 14344 D dalvikvm: GC_CONCURRENT freed 441K, 10% free 9547K/10503K, paused 2ms+2ms
06-10 13:43:54.207 14343 14344 D dalvikvm: GC_CONCURRENT freed 330K, 9% free 9643K/10503K, paused 2ms+3ms
06-10 13:43:54.578 14343 14344 D dalvikvm: GC_CONCURRENT freed 409K, 9% free 9663K/10503K, paused 1ms+2ms
06-10 13:43:54.918 14343 14344 D dalvikvm: GC_CONCURRENT freed 483K, 9% free 9569K/10503K, paused 2ms+6ms
06-10 13:43:56.254 14343 14344 D dalvikvm: GC_CONCURRENT freed 422K, 9% free 9573K/10503K, paused 2ms+2ms
06-10 13:43:56.843 14343 14344 D dalvikvm: GC_CONCURRENT freed 414K, 9% free 9596K/10503K, paused 2ms+2ms
06-10 13:43:57.254 14343 14344 D dalvikvm: GC_CONCURRENT freed 426K, 9% free 9570K/10503K, paused 4ms+3ms
06-10 13:43:58.043 14343 14344 D dalvikvm: GC_CONCURRENT freed 343K, 9% free 9634K/10503K, paused 2ms+2ms
06-10 13:43:59.086   152  5616 D dalvikvm: GC_EXPLICIT freed 1071K, 23% free 17860K/22919K, paused 3ms+11ms
06-10 13:43:59.168 12627 12630 D dalvikvm: GC_CONCURRENT freed 487K, 6% free 10265K/10887K, paused 1ms+7ms
06-10 13:43:59.324 14343 14344 D dalvikvm: GC_CONCURRENT freed 311K, 8% free 9750K/10503K, paused 2ms+2ms
06-10 13:44:00.222 14343 14344 D dalvikvm: GC_CONCURRENT freed 463K, 8% free 9674K/10503K, paused 7ms+3ms
06-10 13:44:01.609 14343 14344 D dalvikvm: GC_CONCURRENT freed 421K, 9% free 9642K/10503K, paused 2ms+2ms
06-10 13:44:01.918 14343 14344 D dalvikvm: GC_CONCURRENT freed 485K, 9% free 9575K/10503K, paused 2ms+2ms
06-10 13:44:02.117 14343 14344 D dalvikvm: GC_CONCURRENT freed 449K, 9% free 9563K/10503K, paused 2ms+2ms
06-10 13:44:02.675 14343 14344 D dalvikvm: GC_CONCURRENT freed 321K, 8% free 9664K/10503K, paused 3ms+3ms
06-10 13:44:02.910 14343 14344 D dalvikvm: GC_CONCURRENT freed 483K, 9% free 9630K/10503K, paused 4ms+2ms
06-10 13:44:03.867 14343 14344 D dalvikvm: GC_CONCURRENT freed 465K, 9% free 9628K/10503K, paused 3ms+2ms
06-10 13:44:04.047 14343 14344 D dalvikvm: GC_CONCURRENT freed 499K, 10% free 9557K/10503K, paused 2ms+2ms
06-10 13:44:05.054 14343 14344 D dalvikvm: GC_CONCURRENT freed 375K, 9% free 9619K/10503K, paused 2ms+4ms
06-10 13:44:06.066 14343 14344 D dalvikvm: GC_CONCURRENT freed 438K, 9% free 9633K/10503K, paused 36ms+2ms
06-10 13:44:07.797 14343 14344 D dalvikvm: GC_CONCURRENT freed 377K, 8% free 9671K/10503K, paused 10ms+2ms
06-10 13:44:08.000 14343 14344 D dalvikvm: GC_CONCURRENT freed 459K, 9% free 9638K/10503K, paused 3ms+3ms
06-10 13:44:08.539 14343 14344 D dalvikvm: GC_CONCURRENT freed 464K, 9% free 9615K/10503K, paused 2ms+2ms
06-10 13:44:09.105 14343 14344 D dalvikvm: GC_CONCURRENT freed 293K, 8% free 9755K/10503K, paused 3ms+7ms
06-10 13:44:09.406 14343 14344 D dalvikvm: GC_CONCURRENT freed 461K, 8% free 9704K/10503K, paused 3ms+2ms
06-10 13:44:09.933 14343 14344 D dalvikvm: GC_CONCURRENT freed 372K, 8% free 9763K/10503K, paused 10ms+2ms
06-10 13:44:10.382 14343 14344 D dalvikvm: GC_CONCURRENT freed 486K, 8% free 9723K/10503K, paused 2ms+2ms
06-10 13:44:10.875 14343 14344 D dalvikvm: GC_CONCURRENT freed 370K, 8% free 9766K/10503K, paused 5ms+10ms
06-10 13:44:11.129 14343 14344 D dalvikvm: GC_CONCURRENT freed 487K, 8% free 9691K/10503K, paused 4ms+6ms
06-10 13:44:11.605 14343 14344 D dalvikvm: GC_CONCURRENT freed 338K, 7% free 9790K/10503K, paused 7ms+3ms
06-10 13:44:11.918 14343 14344 D dalvikvm: GC_CONCURRENT freed 463K, 7% free 9784K/10503K, paused 14ms+5ms
06-10 13:44:12.203 14343 14344 D dalvikvm: GC_CONCURRENT freed 480K, 8% free 9732K/10503K, paused 14ms+2ms
06-10 13:44:12.605 14343 14344 D dalvikvm: GC_CONCURRENT freed 383K, 7% free 9774K/10503K, paused 17ms+3ms
06-10 13:44:12.972 14343 14344 D dalvikvm: GC_CONCURRENT freed 439K, 7% free 9771K/10503K, paused 2ms+3ms
06-10 13:44:13.406 14343 14344 D dalvikvm: GC_CONCURRENT freed 446K, 7% free 9770K/10503K, paused 3ms+3ms
06-10 13:44:13.730 14343 14344 D dalvikvm: GC_CONCURRENT freed 479K, 7% free 9771K/10503K, paused 13ms+7ms
06-10 13:44:13.972 14343 14344 D dalvikvm: GC_CONCURRENT freed 477K, 8% free 9699K/10503K, paused 2ms+3ms
06-10 13:44:14.336 14343 14344 D dalvikvm: GC_CONCURRENT freed 347K, 7% free 9782K/10503K, paused 4ms+3ms
06-10 13:44:14.617 14343 14344 D dalvikvm: GC_CONCURRENT freed 434K, 7% free 9789K/10503K, paused 4ms+3ms
06-10 13:44:14.785 14343 14344 D dalvikvm: GC_CONCURRENT freed 533K, 8% free 9712K/10503K, paused 4ms+4ms
06-10 13:44:15.265 14343 14344 D dalvikvm: GC_CONCURRENT freed 409K, 8% free 9733K/10503K, paused 7ms+6ms
06-10 13:44:16.621 14343 14344 D dalvikvm: GC_CONCURRENT freed 368K, 7% free 9819K/10503K, paused 3ms+3ms
06-10 13:44:16.886 14343 14344 D dalvikvm: GC_CONCURRENT freed 481K, 8% free 9767K/10503K, paused 8ms+2ms
06-10 13:44:17.449 14343 14344 D dalvikvm: GC_CONCURRENT freed 392K, 7% free 9795K/10503K, paused 10ms+2ms
06-10 13:44:19.906 14343 14344 D dalvikvm: GC_CONCURRENT freed 434K, 7% free 9780K/10503K, paused 3ms+2ms
06-10 13:44:20.105 14343 14344 D dalvikvm: GC_CONCURRENT freed 555K, 9% free 9634K/10503K, paused 2ms+2ms
06-10 13:44:20.265   152 31690 I ActivityManager: Process android.process.acore (pid 13663) has died.
06-10 13:44:20.265   152   857 D CountryDetector: No listener is left
06-10 13:44:20.535 14343 14344 D dalvikvm: GC_CONCURRENT freed 410K, 9% free 9611K/10503K, paused 5ms+2ms
06-10 13:44:22.566 14343 14344 D dalvikvm: GC_CONCURRENT freed 469K, 9% free 9586K/10503K, paused 2ms+3ms
06-10 13:44:22.754 14158 14160 D dalvikvm: GC_CONCURRENT freed 768K, 8% free 11458K/12359K, paused 11ms+5ms
06-10 13:44:23.840 14343 14344 D dalvikvm: GC_CONCURRENT freed 396K, 9% free 9623K/10503K, paused 2ms+2ms
06-10 13:44:24.035 14343 14344 D dalvikvm: GC_CONCURRENT freed 443K, 9% free 9584K/10503K, paused 2ms+3ms
06-10 13:44:24.715 14343 14344 D dalvikvm: GC_CONCURRENT freed 344K, 8% free 9686K/10503K, paused 2ms+7ms
06-10 13:44:24.953 14343 14344 D dalvikvm: GC_CONCURRENT freed 513K, 9% free 9562K/10503K, paused 2ms+3ms
06-10 13:44:25.461 14343 14344 D dalvikvm: GC_CONCURRENT freed 331K, 8% free 9689K/10503K, paused 18ms+3ms
06-10 13:44:25.738 14343 14344 D dalvikvm: GC_CONCURRENT freed 414K, 8% free 9694K/10503K, paused 2ms+3ms
06-10 13:44:26.019 14343 14344 D dalvikvm: GC_CONCURRENT freed 430K, 8% free 9700K/10503K, paused 8ms+3ms
06-10 13:44:26.211 14343 14344 D dalvikvm: GC_CONCURRENT freed 460K, 8% free 9693K/10503K, paused 2ms+2ms
06-10 13:44:26.418 14343 14344 D dalvikvm: GC_CONCURRENT freed 510K, 9% free 9599K/10503K, paused 2ms+2ms
06-10 13:44:26.636 14343 14344 D dalvikvm: GC_CONCURRENT freed 407K, 9% free 9597K/10503K, paused 2ms+9ms
06-10 13:44:27.340 14343 14344 D dalvikvm: GC_CONCURRENT freed 370K, 9% free 9641K/10503K, paused 2ms+2ms
06-10 13:44:27.644 14343 14344 D dalvikvm: GC_CONCURRENT freed 435K, 9% free 9648K/10503K, paused 2ms+3ms
06-10 13:44:27.804 14343 14344 D dalvikvm: GC_CONCURRENT freed 523K, 9% free 9571K/10503K, paused 2ms+2ms
06-10 13:44:27.972 14343 14344 D dalvikvm: GC_CONCURRENT freed 443K, 9% free 9583K/10503K, paused 2ms+2ms
06-10 13:44:28.132 14343 14344 D dalvikvm: GC_CONCURRENT freed 456K, 9% free 9573K/10503K, paused 2ms+2ms
06-10 13:44:28.453 14343 14344 D dalvikvm: GC_CONCURRENT freed 347K, 8% free 9667K/10503K, paused 2ms+3ms
06-10 13:44:28.664 14343 14344 D dalvikvm: GC_CONCURRENT freed 499K, 9% free 9602K/10503K, paused 2ms+6ms
06-10 13:44:28.851 14343 14344 D dalvikvm: GC_CONCURRENT freed 459K, 9% free 9573K/10503K, paused 1ms+2ms
06-10 13:44:30.187 14343 14344 D dalvikvm: GC_CONCURRENT freed 263K, 8% free 9734K/10503K, paused 4ms+2ms
06-10 13:44:30.656 14343 14344 D dalvikvm: GC_CONCURRENT freed 429K, 8% free 9733K/10503K, paused 3ms+2ms
06-10 13:44:35.207 14343 14344 D dalvikvm: GC_CONCURRENT freed 381K, 8% free 9746K/10503K, paused 6ms+8ms
06-10 13:44:37.070 14343 14344 D dalvikvm: GC_CONCURRENT freed 404K, 8% free 9733K/10503K, paused 6ms+2ms
06-10 13:44:38.015 14343 14347 I dalvikvm: Jit: resizing JitTable from 4096 to 8192
06-10 13:44:38.086 14343 14344 D dalvikvm: GC_CONCURRENT freed 443K, 8% free 9700K/10503K, paused 2ms+8ms
06-10 13:44:39.175 14343 14344 D dalvikvm: GC_CONCURRENT freed 414K, 8% free 9680K/10503K, paused 3ms+3ms
06-10 13:44:40.488 14343 14344 D dalvikvm: GC_CONCURRENT freed 382K, 8% free 9709K/10503K, paused 33ms+2ms
06-10 13:44:41.996 14343 14344 D dalvikvm: GC_CONCURRENT freed 518K, 9% free 9606K/10503K, paused 4ms+2ms
06-10 13:44:42.172 14343 14344 D dalvikvm: GC_CONCURRENT freed 477K, 9% free 9568K/10503K, paused 2ms+2ms
06-10 13:44:42.461 14343 14344 D dalvikvm: GC_CONCURRENT freed 403K, 9% free 9594K/10503K, paused 2ms+2ms
06-10 13:44:42.898 14343 14344 D dalvikvm: GC_CONCURRENT freed 449K, 9% free 9594K/10503K, paused 2ms+5ms
06-10 13:44:43.125 14343 14344 D dalvikvm: GC_CONCURRENT freed 410K, 9% free 9591K/10503K, paused 2ms+2ms
06-10 13:44:43.250   152   202 I power   : *** set_screen_state 1
06-10 13:44:43.441    79   119 D SurfaceFlinger: Screen about to return, flinger = 0x2c1918
06-10 13:44:43.507   152   202 I WindowManager: Lock screen displayed!
06-10 13:44:43.707   390   392 D dalvikvm: GC_CONCURRENT freed 243K, 39% free 10383K/16903K, paused 4ms+15ms
06-10 13:44:46.730 14343 14344 D dalvikvm: GC_CONCURRENT freed 389K, 9% free 9593K/10503K, paused 4ms+3ms
06-10 13:44:48.402 14624 14624 I PhoneLab-Locks: wake lock acquired
06-10 13:44:48.465 14624 15130 I PhoneLab-PeriodicCheckService: User info is synched
06-10 13:44:48.625 14624 15130 I PhoneLab-PeriodicCheckService: Logger Service is running
06-10 13:44:48.683 14624 14624 I PhoneLab-Locks: wake lock acquired
06-10 13:44:48.687 14624 14624 I PhoneLab-StatusMonitor: Status Monitoring is started
06-10 13:44:48.695 14624 15130 I PhoneLab-Locks: wake lock acquired
06-10 13:44:48.699 14624 15130 I PhoneLab-PeriodicCheckService: Rescheduling periodic checking...
06-10 13:44:48.703 14624 15130 I PhoneLab-Locks: wake lock released
06-10 13:44:48.734 14624 14624 E PhoneLab-PhoneLabManifest: java.io.FileNotFoundException: /data/data/edu.buffalo.cse.phonelab.phonelabservices/files/manifest.xml: open failed: ENOENT (No such file or directory)
06-10 13:44:48.785 14624 14624 I PhoneLab-Locks: wake lock released
06-10 13:44:48.789 14624 14624 I PhoneLab-UploadLogs: Transfering log files now
06-10 13:44:48.804    85    85 I keystore: uid: 1000 action: p -> 1 state: 1 -> 1 retry: 4
06-10 13:44:48.824   390   390 D PhoneStatusBar: disable: < expand* icons alerts ticker* system_info BACK HOME recent* CLOCK >
06-10 13:44:48.894 14624 14624 I PhoneLab-UploadLogs: No log files to transfer
06-10 13:44:48.894 14624 14624 I PhoneLab-Locks: wake lock released
06-10 13:44:48.894   390   390 D PhoneStatusBar: disable: < expand icons alerts ticker system_info back* home* recent clock* >
06-10 13:44:48.906 14624 14624 I PhoneLab-UploadLogs: OnStartCommand
06-10 13:44:48.914   152  5617 W InputManagerService: Window already focused, ignoring focus gain of: com.android.internal.view.IInputMethodClient$Stub$Proxy@41af5198
06-10 13:44:49.750  7488  7492 D dalvikvm: GC_CONCURRENT freed 283K, 5% free 10257K/10759K, paused 2ms+5ms
06-10 13:44:49.957   152 31690 I ActivityManager: Start proc android.process.acore for content provider com.android.providers.contacts/.ContactsProvider2: pid=15131 uid=10000 gids={3003, 1015}
06-10 13:44:50.117 15131 15131 I ActivityThread: Pub call_log: com.android.providers.contacts.CallLogProvider
06-10 13:44:50.215 15131 15131 I ActivityThread: Pub com.android.voicemail: com.android.providers.contacts.VoicemailContentProvider
06-10 13:44:50.230 15131 15131 I ActivityThread: Pub user_dictionary: com.android.providers.userdictionary.UserDictionaryProvider
06-10 13:44:50.422 15131 15131 I ActivityThread: Pub com.android.social: com.android.providers.contacts.SocialProvider
06-10 13:44:50.425 15131 15131 I ActivityThread: Pub applications: com.android.providers.applications.ApplicationsProvider
06-10 13:44:50.515   152   655 I ActivityManager: START {act=android.intent.action.VIEW dat=content://gmail-ls/account/lokeshmandvekar@gmail.com/label/^i typ=application/gmail-ls flg=0x10008000 cmp=com.google.android.gm/.ConversationListActivityGmail bnds=[96,119][480,215] (has extras)} from pid -1
06-10 13:44:50.586   152 17024 W KeyguardViewMediator: verifyUnlock called when not externally disabled
06-10 13:44:50.636   152 16653 I ActivityManager: Start proc com.google.android.gm for activity com.google.android.gm/.ConversationListActivityGmail: pid=15144 uid=10019 gids={3003, 1015}
06-10 13:44:50.816 15131 15131 I ActivityThread: Pub contacts;com.android.contacts: com.android.providers.contacts.ContactsProvider2
06-10 13:44:50.972 15131 15133 D dalvikvm: GC_CONCURRENT freed 347K, 5% free 9188K/9607K, paused 20ms+10ms
06-10 13:44:51.191   152   168 I Process : Sending signal. PID: 15144 SIG: 3
06-10 13:44:51.191 15144 15148 I dalvikvm: threadid=3: reacting to signal 3
06-10 13:44:51.230 15144 15148 I dalvikvm: Wrote stack traces to '/data/anr/traces.txt'
06-10 13:44:51.234 15144 15144 I ActivityThread: Pub gmail-ls: com.google.android.gm.provider.MailProvider
06-10 13:44:51.324  1339  1339 D OpenGLRenderer: Flushing caches (mode 1)
06-10 13:44:51.379  1339  1339 D OpenGLRenderer: Flushing caches (mode 0)
06-10 13:44:51.394 15144 15144 I ActivityThread: Pub com.google.android.gm: com.google.android.gm.provider.PublicContentProvider
06-10 13:44:51.406 15144 15144 I ActivityThread: Pub com.google.android.gmail.SuggestionProvider: com.google.android.gm.SuggestionsProvider
06-10 13:44:51.554   152   154 D dalvikvm: GC_CONCURRENT freed 2624K, 26% free 17169K/22919K, paused 4ms+23ms
06-10 13:44:51.632   152   164 I ActivityManager: START {act=android.intent.action.VIEW dat=content://gmail-ls/account/lokeshmandvekar@gmail.com/label/^i typ=application/gmail-ls flg=0x6000000 cmp=com.google.android.gm/.GmailActivity bnds=[96,119][480,215] (has extras)} from pid 15144
06-10 13:44:51.656 15144 15146 D dalvikvm: GC_CONCURRENT freed 272K, 4% free 9225K/9607K, paused 3ms+3ms
06-10 13:44:51.687   152   168 I Process : Sending signal. PID: 15144 SIG: 3
06-10 13:44:51.691 15144 15148 I dalvikvm: threadid=3: reacting to signal 3
06-10 13:44:51.691 15144 15148 I dalvikvm: Wrote stack traces to '/data/anr/traces.txt'
06-10 13:44:52.215   152   168 I Process : Sending signal. PID: 15144 SIG: 3
06-10 13:44:52.215 15144 15148 I dalvikvm: threadid=3: reacting to signal 3
06-10 13:44:52.277 15131 15133 D dalvikvm: GC_CONCURRENT freed 140K, 3% free 9462K/9735K, paused 2ms+1ms
06-10 13:44:52.324 15144 15148 I dalvikvm: Wrote stack traces to '/data/anr/traces.txt'
06-10 13:44:52.535 14343 14344 D dalvikvm: GC_CONCURRENT freed 389K, 9% free 9591K/10503K, paused 2ms+4ms
06-10 13:44:52.547 15144 15146 D dalvikvm: GC_CONCURRENT freed 233K, 4% free 9453K/9799K, paused 10ms+207ms
06-10 13:44:52.718   152   168 I Process : Sending signal. PID: 15144 SIG: 3
06-10 13:44:52.718 15144 15148 I dalvikvm: threadid=3: reacting to signal 3
06-10 13:44:52.738 15144 15148 I dalvikvm: Wrote stack traces to '/data/anr/traces.txt'
06-10 13:44:53.222   152   168 I Process : Sending signal. PID: 15144 SIG: 3
06-10 13:44:53.222 15144 15148 I dalvikvm: threadid=3: reacting to signal 3
06-10 13:44:53.465 15144 15144 D libEGL  : loaded /system/lib/egl/libGLES_android.so
06-10 13:44:53.507 15144 15148 I dalvikvm: Wrote stack traces to '/data/anr/traces.txt'
06-10 13:44:53.574 15144 15163 I Gmail   : calculateUnknownSyncRationalesAndPurgeInBackground: queueing
06-10 13:44:53.574 15144 15144 D libEGL  : loaded /vendor/lib/egl/libEGL_POWERVR_SGX540_120.so
06-10 13:44:53.656 15144 15144 D libEGL  : loaded /vendor/lib/egl/libGLESv1_CM_POWERVR_SGX540_120.so
06-10 13:44:53.664 15144 15144 D libEGL  : loaded /vendor/lib/egl/libGLESv2_POWERVR_SGX540_120.so
06-10 13:44:53.718   152   168 I Process : Sending signal. PID: 15144 SIG: 3
06-10 13:44:53.718 15144 15148 I dalvikvm: threadid=3: reacting to signal 3
06-10 13:44:53.761 15144 15148 I dalvikvm: Wrote stack traces to '/data/anr/traces.txt'
06-10 13:44:53.789 15144 15146 D dalvikvm: GC_CONCURRENT freed 129K, 3% free 9733K/9991K, paused 5ms+5ms
06-10 13:44:53.824 15144 15144 D OpenGLRenderer: Enabling debug mode 0
06-10 13:44:53.988   152   201 I ActivityManager: Displayed com.google.android.gm/.GmailActivity: +2s274ms (total +3s411ms)
06-10 13:44:54.019  1339  1339 D OpenGLRenderer: Flushing caches (mode 2)
06-10 13:44:54.039  1339  1339 D OpenGLRenderer: Flushing caches (mode 0)
06-10 13:44:54.558 15144 15163 I Gmail   : calculateUnknownSyncRationalesAndPurgeInBackground: queueing
06-10 13:44:55.906 15144 15146 D dalvikvm: GC_CONCURRENT freed 251K, 4% free 9947K/10311K, paused 12ms+12ms
06-10 13:44:56.093 15144 15163 I Gmail   : calculateUnknownSyncRationalesAndPurgeInBackground: running
06-10 13:44:56.109 15144 15163 I Gmail   : calculateUnknownSyncRationalesAndPurgeInBackground: running
06-10 13:44:56.582 15144 15171 I Gmail   : Sending notification intent: Intent { act=android.intent.action.PROVIDER_CHANGED dat=content://gmail-ls/unread/^i (has extras) }
06-10 13:44:56.757   390   390 D dalvikvm: GC_FOR_ALLOC freed 595K, 40% free 10159K/16903K, paused 24ms
06-10 13:44:56.847   390   392 D dalvikvm: GC_CONCURRENT freed 292K, 39% free 10346K/16903K, paused 1ms+3ms
06-10 13:44:57.160 15144 15146 D dalvikvm: GC_CONCURRENT freed 432K, 6% free 9937K/10503K, paused 4ms+11ms
06-10 13:44:57.222 15131 15133 D dalvikvm: GC_CONCURRENT freed 281K, 5% free 9578K/9991K, paused 28ms+4ms
06-10 13:44:58.070 14343 14344 D dalvikvm: GC_CONCURRENT freed 397K, 9% free 9615K/10503K, paused 2ms+2ms
06-10 13:44:58.617 15131 15133 D dalvikvm: GC_CONCURRENT freed 453K, 6% free 9536K/10119K, paused 3ms+4ms
06-10 13:44:59.890 13287 13289 D dalvikvm: GC_CONCURRENT freed 418K, 8% free 10134K/10951K, paused 39ms+227ms
06-10 13:45:00.136 15144 15146 D dalvikvm: GC_CONCURRENT freed 204K, 4% free 10217K/10567K, paused 78ms+11ms
06-10 13:45:00.718 13287 13289 D dalvikvm: GC_CONCURRENT freed 247K, 7% free 10271K/10951K, paused 2ms+3ms
06-10 13:45:00.840 15144 15144 W webcore : java.lang.Throwable: EventHub.removeMessages(int what = 107) is not supported before the WebViewCore is set up.
06-10 13:45:00.840 15144 15144 W webcore : 	at android.webkit.WebViewCore$EventHub.removeMessages(WebViewCore.java:1683)
06-10 13:45:00.840 15144 15144 W webcore : 	at android.webkit.WebViewCore$EventHub.access$7900(WebViewCore.java:926)
06-10 13:45:00.840 15144 15144 W webcore : 	at android.webkit.WebViewCore.removeMessages(WebViewCore.java:1795)
06-10 13:45:00.840 15144 15144 W webcore : 	at android.webkit.WebView.sendOurVisibleRect(WebView.java:2917)
06-10 13:45:00.840 15144 15144 W webcore : 	at android.webkit.ZoomManager.setZoomScale(ZoomManager.java:593)
06-10 13:45:00.840 15144 15144 W webcore : 	at android.webkit.ZoomManager.access$1700(ZoomManager.java:49)
06-10 13:45:00.840 15144 15144 W webcore : 	at android.webkit.ZoomManager$PostScale.run(ZoomManager.java:984)
06-10 13:45:00.840 15144 15144 W webcore : 	at android.os.Handler.handleCallback(Handler.java:605)
06-10 13:45:00.840 15144 15144 W webcore : 	at android.os.Handler.dispatchMessage(Handler.java:92)
06-10 13:45:00.840 15144 15144 W webcore : 	at android.os.Looper.loop(Looper.java:137)
06-10 13:45:00.840 15144 15144 W webcore : 	at android.app.ActivityThread.main(ActivityThread.java:4424)
06-10 13:45:00.840 15144 15144 W webcore : 	at java.lang.reflect.Method.invokeNative(Native Method)
06-10 13:45:00.840 15144 15144 W webcore : 	at java.lang.reflect.Method.invoke(Method.java:511)
06-10 13:45:00.840 15144 15144 W webcore : 	at com.android.internal.os.ZygoteInit$MethodAndArgsCaller.run(ZygoteInit.java:784)
06-10 13:45:00.840 15144 15144 W webcore : 	at com.android.internal.os.ZygoteInit.main(ZygoteInit.java:551)
06-10 13:45:00.840 15144 15144 W webcore : 	at dalvik.system.NativeStart.main(Native Method)
06-10 13:45:02.125 15144 15146 D dalvikvm: GC_CONCURRENT freed 385K, 5% free 10330K/10823K, paused 12ms+7ms
06-10 13:45:03.265   152 17024 D dalvikvm: GC_EXPLICIT freed 936K, 28% free 16594K/22919K, paused 11ms+19ms
06-10 13:45:04.816 15144 15146 D dalvikvm: GC_CONCURRENT freed 262K, 4% free 10566K/10951K, paused 20ms+5ms
06-10 13:45:04.929 14343 14344 D dalvikvm: GC_CONCURRENT freed 423K, 9% free 9603K/10503K, paused 8ms+7ms
06-10 13:45:05.047 15144 15194 I Gmail   : Sending notification intent: Intent { act=android.intent.action.PROVIDER_CHANGED dat=content://gmail-ls/unread/^iim (has extras) }
06-10 13:45:05.234 15144 15146 D dalvikvm: GC_CONCURRENT freed 342K, 5% free 10733K/11207K, paused 3ms+4ms
06-10 13:45:06.164 15144 15146 D dalvikvm: GC_CONCURRENT freed 327K, 4% free 10891K/11335K, paused 2ms+14ms
06-10 13:45:07.277   152   198 I power   : *** set_screen_state 0
06-10 13:45:07.343    79   119 D SurfaceFlinger: About to give-up screen, flinger = 0x2c1918
06-10 13:45:07.812   152   207 I InputReader: Reconfiguring input devices.  changes=0x00000004
06-10 13:45:07.812   152   207 I InputReader: Device reconfigured: id=7, name='mxt224_ts_input', surface size is now 480x800, mode is 1
06-10 13:45:07.812   152   168 I ActivityManager: Config changed: {1.0 310mcc120mnc en_US layoutdir=0 sw320dp w533dp h294dp nrml long land finger -keyb/v/h -nav/h s.14}
06-10 13:45:07.968 15144 15144 D OpenGLRenderer: Flushing caches (mode 0)
06-10 13:45:08.047   152   202 V TransportControlView: Create TCV com.android.internal.widget.TransportControlView@41931ae8
06-10 13:45:08.050 15144 15144 D webviewglue: nativeDestroy view: 0x20d0908
06-10 13:45:08.113 15144 15144 D webviewglue: nativeDestroy view: 0x1e8de98
06-10 13:45:08.121 15144 15144 D webviewglue: nativeDestroy view: 0x1db1788
06-10 13:45:08.320   390   392 D dalvikvm: GC_CONCURRENT freed 755K, 41% free 10073K/16903K, paused 1ms+16ms
06-10 13:45:08.457   152   168 I Process : Sending signal. PID: 15144 SIG: 3
06-10 13:45:08.457 15144 15148 I dalvikvm: threadid=3: reacting to signal 3
06-10 13:45:08.496   390   390 D PhoneStatusBar: disable: < EXPAND* icons alerts TICKER* system_info back home RECENT* clock >
06-10 13:45:08.507   152   202 D android.widget.GridLayout: vertical constraints: y3 - y0 > 0, y1 - y0 > 109, y2 - y1 > 29, y3 - y2 > 29, y4 - y3 > 90, y5 - y4 > 351, y6 - y5 > 29, y7 - y6 > 78, y7 - y0 < 442 are inconsistent; permanently removing: y7 - y0 < 442. 
06-10 13:45:08.515   390   390 D PhoneStatusBar: disable: < EXPAND icons alerts TICKER system_info BACK* HOME* RECENT CLOCK* >
06-10 13:45:08.554 15144 15148 I dalvikvm: Wrote stack traces to '/data/anr/traces.txt'
06-10 13:45:08.605   152   202 V TransportControlView: Create TCV com.android.internal.widget.TransportControlView@41af4d20
06-10 13:45:08.640 15144 15146 D dalvikvm: GC_CONCURRENT freed 452K, 5% free 10982K/11527K, paused 2ms+56ms
06-10 13:45:08.953   152   168 I Process : Sending signal. PID: 15144 SIG: 3
06-10 13:45:08.953 15144 15148 I dalvikvm: threadid=3: reacting to signal 3
06-10 13:45:09.047 15144 15148 I dalvikvm: Wrote stack traces to '/data/anr/traces.txt'
06-10 13:45:09.250   152   154 D dalvikvm: GC_CONCURRENT freed 636K, 23% free 17770K/22919K, paused 2ms+20ms
06-10 13:45:09.648   152   207 I InputReader: Reconfiguring input devices.  changes=0x00000004
06-10 13:45:09.648   152   207 I InputReader: Device reconfigured: id=7, name='mxt224_ts_input', surface size is now 480x800, mode is 1
06-10 13:45:09.648   152   201 I ActivityManager: Config changed: {1.0 310mcc120mnc en_US layoutdir=0 sw320dp w320dp h508dp nrml long port finger -keyb/v/h -nav/h s.15}
06-10 13:45:09.672 15144 15144 D OpenGLRenderer: Flushing caches (mode 0)
06-10 13:45:09.765   152   202 V TransportControlView: Create TCV com.android.internal.widget.TransportControlView@41b320d8
06-10 13:45:09.867 15144 15144 D dalvikvm: GC_EXPLICIT freed 160K, 5% free 11052K/11527K, paused 34ms+21ms
06-10 13:45:10.140   152   202 D dalvikvm: GC_FOR_ALLOC freed 844K, 26% free 17148K/22919K, paused 98ms
06-10 13:45:10.254   390   390 D dalvikvm: GC_FOR_ALLOC freed 374K, 41% free 10061K/16903K, paused 82ms
06-10 13:45:11.351   152   201 D dalvikvm: GC_EXPLICIT freed 64K, 23% free 17826K/22919K, paused 4ms+7ms
06-10 13:45:11.613 14343 14344 D dalvikvm: GC_CONCURRENT freed 407K, 9% free 9592K/10503K, paused 2ms+3ms
06-10 13:45:14.699   152   201 W WindowManager: App freeze timeout expired.
06-10 13:45:24.953 15144 15146 D dalvikvm: GC_CONCURRENT freed 637K, 7% free 11012K/11783K, paused 3ms+10ms
06-10 13:45:24.996 15144 15200 I Gmail   : MainSyncRequestProto: lowestBkwdConvoId: 0, highestHandledServerOp: 3230229, normalSync: true
06-10 13:45:25.054  7488  7492 D dalvikvm: GC_CONCURRENT freed 458K, 6% free 10231K/10823K, paused 2ms+3ms
06-10 13:45:26.527 15144 15146 D dalvikvm: GC_CONCURRENT freed 449K, 6% free 11106K/11783K, paused 3ms+4ms
06-10 13:45:26.945 15144 15200 D dalvikvm: GC_EXPLICIT freed 555K, 6% free 11107K/11783K, paused 2ms+6ms
06-10 13:45:26.976 15144 15200 I Gmail   : MainSyncRequestProto: lowestBkwdConvoId: 0, highestHandledServerOp: 3230262, normalSync: true
06-10 13:45:27.230   152   656 D dalvikvm: GC_EXPLICIT freed 137K, 23% free 17833K/22919K, paused 6ms+6ms
06-10 13:45:35.062 15144 15203 I Gmail   : MainSyncRequestProto: lowestBkwdConvoId: 0, highestHandledServerOp: 3230262, normalSync: true
06-10 13:45:52.718 15144 15205 I Gmail   : MainSyncRequestProto: lowestBkwdConvoId: 0, highestHandledServerOp: 3230262, normalSync: true
06-10 13:45:52.836 15144 15146 D dalvikvm: GC_CONCURRENT freed 556K, 6% free 11159K/11847K, paused 10ms+8ms
06-10 13:45:53.554 14624 14639 I PhoneLab-: Service Running
06-10 13:45:53.711 14624 14639 I PhoneLab-LoggerService: app_38    1290  1     1788   1344  c00f181c 400107b4 S logcat
06-10 13:45:53.711 14624 14639 I PhoneLab-LoggerService: Logcat pid from database 1290
06-10 13:45:53.711 14624 14639 I PhoneLab-LoggerService: Logcat process found 1290
06-10 13:45:53.711 14624 14639 I PhoneLab-LoggerService: Checking Threshold
06-10 13:45:53.945 15144 15205 D dalvikvm: GC_EXPLICIT freed 287K, 7% free 11103K/11847K, paused 5ms+7ms
06-10 13:45:53.961 15144 15205 I Gmail   : MainSyncRequestProto: lowestBkwdConvoId: 0, highestHandledServerOp: 3230278, normalSync: true
06-10 13:45:53.965 15144 15151 I dalvikvm: Jit: resizing JitTable from 4096 to 8192
06-10 13:45:54.945 15144 15205 D dalvikvm: GC_EXPLICIT freed 157K, 7% free 11105K/11847K, paused 18ms+4ms
06-10 13:45:55.359 15144 15205 D dalvikvm: GC_EXPLICIT freed 134K, 7% free 11121K/11847K, paused 6ms+14ms
06-10 13:45:55.418 15144 15205 I Gmail   : MainSyncRequestProto: lowestBkwdConvoId: 0, highestHandledServerOp: 3230278, normalSync: true
06-10 13:45:55.468 15144 15205 W Gmail   : Scheduling index for 300000 ms from now
06-10 13:45:59.121 12627 12630 D dalvikvm: GC_CONCURRENT freed 494K, 6% free 10270K/10887K, paused 2ms+3ms
06-10 13:45:59.285 13287 13289 D dalvikvm: GC_CONCURRENT freed 632K, 8% free 10150K/10951K, paused 1ms+2ms
06-10 13:46:00.117   390   392 D dalvikvm: GC_CONCURRENT freed 338K, 41% free 10115K/16903K, paused 2ms+5ms
06-10 13:46:35.254 15144 15210 I Gmail   : MainSyncRequestProto: lowestBkwdConvoId: 0, highestHandledServerOp: 3230278, normalSync: true
06-10 13:46:35.886 15144 15146 D dalvikvm: GC_CONCURRENT freed 526K, 6% free 11182K/11847K, paused 2ms+8ms
06-10 13:46:36.394 15144 15210 D dalvikvm: GC_EXPLICIT freed 736K, 8% free 11135K/11975K, paused 10ms+9ms
06-10 13:46:36.418 15144 15210 I Gmail   : MainSyncRequestProto: lowestBkwdConvoId: 0, highestHandledServerOp: 3230344, normalSync: true
06-10 13:46:37.402 15144 15210 D dalvikvm: GC_EXPLICIT freed 461K, 7% free 11159K/11975K, paused 7ms+14ms
06-10 13:46:37.445 15144 15210 I Gmail   : MainSyncRequestProto: lowestBkwdConvoId: 0, highestHandledServerOp: 3230344, normalSync: true
06-10 13:46:37.504 15144 15210 W Gmail   : Scheduling index for 300000 ms from now
06-10 13:46:37.578 15144 15210 I Gmail   : Sending notification intent: Intent { act=android.intent.action.PROVIDER_CHANGED dat=content://gmail-ls/unread/^iim (has extras) }
06-10 13:46:38.062  7488  7492 D dalvikvm: GC_CONCURRENT freed 374K, 6% free 10277K/10823K, paused 8ms+6ms
06-10 13:46:39.320  7488  7492 D dalvikvm: GC_CONCURRENT freed 396K, 6% free 10304K/10887K, paused 5ms+4ms
06-10 13:46:39.812 15131 15133 D dalvikvm: GC_CONCURRENT freed 454K, 7% free 9475K/10119K, paused 2ms+2ms
06-10 13:46:44.797   152   202 I power   : *** set_screen_state 1
06-10 13:46:44.890   152   201 I ActivityManager: Displayed com.google.android.gm/.GmailActivity: +1m36s937ms
06-10 13:46:44.941   152   202 I WindowManager: Lock screen displayed!
06-10 13:46:45.004    79   119 D SurfaceFlinger: Screen about to return, flinger = 0x2c1918
06-10 13:46:45.250   152   375 D dalvikvm: GC_EXPLICIT freed 828K, 23% free 17767K/22919K, paused 4ms+7ms
06-10 13:46:48.039   152   198 I power   : *** set_screen_state 0
06-10 13:46:48.090    79   119 D SurfaceFlinger: About to give-up screen, flinger = 0x2c1918
06-10 13:46:48.148   152   202 V TransportControlView: Create TCV com.android.internal.widget.TransportControlView@41c17708
06-10 13:46:48.351   152   202 D dalvikvm: GC_FOR_ALLOC freed 998K, 26% free 17162K/22919K, paused 83ms
06-10 13:46:55.605   152  5616 I AudioService:   Remote Control   registerMediaButtonIntent() for PendingIntent{41c61df0: PendingIntentRecord{41446e00 com.spotify.mobile.android.ui broadcastIntent}}
06-10 13:46:55.812 10196 10198 D dalvikvm: GC_CONCURRENT freed 1168K, 22% free 14299K/18119K, paused 15ms+13ms
06-10 13:47:33.449 15144 15228 I Gmail   : MainSyncRequestProto: lowestBkwdConvoId: 0, highestHandledServerOp: 3230344, normalSync: true
06-10 13:47:34.019 15144 15228 D dalvikvm: GC_EXPLICIT freed 516K, 7% free 11228K/11975K, paused 6ms+14ms
06-10 13:47:34.035 15144 15228 I Gmail   : MainSyncRequestProto: lowestBkwdConvoId: 0, highestHandledServerOp: 3230345, normalSync: true
06-10 13:47:34.058 15144 15228 W Gmail   : Scheduling index for 300000 ms from now
06-10 13:47:46.230   152   194 I ActivityManager: Start proc com.google.android.syncadapters.calendar for service com.google.android.syncadapters.calendar/.CalendarSyncAdapterService: pid=15229 uid=10020 gids={3003}
06-10 13:47:46.601   152  4554 I ActivityManager: Start proc com.android.providers.calendar for content provider com.android.providers.calendar/.CalendarProvider2: pid=15245 uid=10006 gids={3003, 1015}
06-10 13:47:46.660   152  5616 I ActivityManager: Process com.google.android.apps.maps:NetworkLocationService (pid 12627) has died.
06-10 13:47:46.695 15245 15245 I ActivityThread: Pub com.android.calendar: com.android.providers.calendar.CalendarProvider2
06-10 13:47:46.715   152  5616 W ActivityManager: Scheduling restart of crashed service com.google.android.apps.maps/com.google.android.location.internal.server.NetworkLocationService in 5000ms
06-10 13:47:47.172  7488  7533 D dalvikvm: GC_EXPLICIT freed 292K, 6% free 10275K/10887K, paused 3ms+3ms
06-10 13:47:47.445 15229 15230 D dalvikvm: GC_CONCURRENT freed 290K, 5% free 9182K/9607K, paused 33ms+6ms
06-10 13:47:47.929 15245 15245 I CalendarProvider2: Sending notification intent: Intent { act=android.intent.action.PROVIDER_CHANGED dat=content://com.android.calendar }
06-10 13:47:47.929 15245 15245 W ContentResolver: Failed to get type for: content://com.android.calendar (Unknown URL content://com.android.calendar)
06-10 13:47:47.945   152   169 I ActivityManager: Start proc com.android.calendar for broadcast com.android.calendar/.widget.CalendarAppWidgetService$CalendarFactory: pid=15263 uid=10005 gids={3003}
06-10 13:47:48.047   152   655 I ActivityManager: Process com.google.android.maps.mytracks (pid 14330) has died.
06-10 13:47:48.054 15263 15263 I ActivityThread: Pub com.android.calendar.CalendarRecentSuggestionsProvider: com.android.calendar.CalendarRecentSuggestionsProvider
06-10 13:47:48.257 15245 15247 D dalvikvm: GC_CONCURRENT freed 317K, 5% free 9154K/9543K, paused 8ms+8ms
06-10 13:47:48.281   152 17024 I ActivityManager: Process com.google.android.apps.maps (pid 14355) has died.
06-10 13:47:48.566   152   152 I ActivityManager: Start proc com.android.browser for content provider com.android.browser/.provider.BrowserProvider2: pid=15281 uid=10003 gids={3003, 1015}
06-10 13:47:48.668 15281 15281 I ActivityThread: Pub com.android.browser;browser: com.android.browser.provider.BrowserProvider2
06-10 13:47:48.679 15281 15281 I ActivityThread: Pub com.android.browser.home: com.android.browser.homepages.HomeProvider
06-10 13:47:48.679 15281 15281 I ActivityThread: Pub com.android.browser.snapshots: com.android.browser.provider.SnapshotProvider
06-10 13:47:48.898   152   858 I ActivityManager: Process com.twitter.android (pid 14158) has died.
06-10 13:47:49.328   152   168 D dalvikvm: GC_EXPLICIT freed 1280K, 23% free 17786K/22919K, paused 4ms+7ms
06-10 13:47:49.586  7488  7492 D dalvikvm: GC_CONCURRENT freed 305K, 5% free 10373K/10887K, paused 12ms+4ms
06-10 13:47:49.750  7488 15280 I BookmarksSync: Sync failed due to hard error: Server reports a different identifier (birthday) birthday_error_e286ad20-d32c-4a41-a8f8-d5c716f39cf1, which does not match the client value.
06-10 13:47:49.785   152   194 D SyncManager: failed sync operation lokeshmandvekar@gmail.com (com.google), com.android.browser, PERIODIC, earliestRunTime 173262325, SyncResult: stats [ numParseExceptions: 1]
06-10 13:47:49.793   152   194 D SyncManager: not retrying sync operation because the error is a hard error: lokeshmandvekar@gmail.com (com.google), com.android.browser, PERIODIC, earliestRunTime 173265980
06-10 13:47:50.789 15229 15230 D dalvikvm: GC_CONCURRENT freed 352K, 5% free 9252K/9735K, paused 5ms+2ms
06-10 13:47:51.757   152   169 I ActivityManager: Start proc com.google.android.apps.maps:NetworkLocationService for service com.google.android.apps.maps/com.google.android.location.internal.server.NetworkLocationService: pid=15313 uid=10057 gids={3003, 1015}
06-10 13:47:51.949 15313 15315 D dalvikvm: GC_CONCURRENT freed 168K, 3% free 9368K/9607K, paused 6ms+4ms
06-10 13:47:52.297 15313 15315 D dalvikvm: GC_CONCURRENT freed 155K, 3% free 9684K/9927K, paused 2ms+5ms
06-10 13:47:52.668 15313 15315 D dalvikvm: GC_CONCURRENT freed 167K, 3% free 10073K/10311K, paused 4ms+3ms
06-10 13:47:52.890 15313 15315 D dalvikvm: GC_CONCURRENT freed 670K, 8% free 9881K/10631K, paused 2ms+2ms
06-10 13:47:53.000   152   169 I ActivityManager: Start proc com.google.android.apps.maps:FriendService for broadcast com.google.android.apps.maps/com.google.googlenav.friend.android.ServiceReceiver: pid=15334 uid=10057 gids={3003, 1015}
06-10 13:47:53.101   152   152 I ActivityManager: Process android.process.acore (pid 15131) has died.
06-10 13:47:53.199 15334 15336 D dalvikvm: GC_CONCURRENT freed 170K, 3% free 9365K/9607K, paused 2ms+6ms
06-10 13:47:53.425 15334 15336 D dalvikvm: GC_CONCURRENT freed 180K, 3% free 9649K/9927K, paused 2ms+10ms
06-10 13:47:53.578 14624 14639 I PhoneLab-: Service Running
06-10 13:47:53.683 13287 13289 D dalvikvm: GC_CONCURRENT freed 458K, 8% free 10124K/10951K, paused 2ms+26ms
06-10 13:47:53.797 14624 14639 I PhoneLab-LoggerService: app_38    1290  1     1788   1344  c00f181c 400107b4 S logcat
06-10 13:47:53.797 14624 14639 I PhoneLab-LoggerService: Logcat pid from database 1290
06-10 13:47:53.797 14624 14639 I PhoneLab-LoggerService: Logcat process found 1290
06-10 13:47:53.797 14624 14639 I PhoneLab-LoggerService: Checking Threshold
06-10 13:47:53.832 14624 14627 D dalvikvm: GC_CONCURRENT freed 391K, 6% free 9100K/9607K, paused 2ms+3ms
06-10 13:47:53.879 15313 15315 D dalvikvm: GC_CONCURRENT freed 218K, 6% free 10052K/10631K, paused 2ms+4ms
06-10 13:48:23.328 17544 17546 D dalvikvm: GC_CONCURRENT freed 512K, 25% free 10929K/14407K, paused 2ms+6ms
06-10 13:48:55.340 15313 15315 D dalvikvm: GC_CONCURRENT freed 541K, 6% free 10083K/10695K, paused 4ms+2ms
06-10 13:48:55.523 13287 13289 D dalvikvm: GC_CONCURRENT freed 454K, 8% free 10178K/10951K, paused 2ms+3ms
06-10 13:49:23.062   152   200 I ActivityManager: Start proc com.twitter.android for service com.twitter.android/.client.AppService: pid=15352 uid=10068 gids={3003, 1015}
06-10 13:49:23.093 15352 15352 I dalvikvm: Turning on JNI app bug workarounds for target SDK version 11...
06-10 13:49:23.246 15352 15352 I ActivityThread: Pub com.twitter.android.provider.GlobalDatabaseProvider: com.twitter.android.provider.GlobalDatabaseProvider
06-10 13:49:23.254 15352 15352 I ActivityThread: Pub com.twitter.android.provider.TwitterProvider: com.twitter.android.provider.TwitterProvider
06-10 13:49:23.355   152  5617 I ActivityManager: Process com.whatsapp (pid 13762) has died.
06-10 13:49:23.355   152  5617 W ActivityManager: Scheduling restart of crashed service com.whatsapp/.messaging.MessageService in 5000ms
06-10 13:49:23.394 15352 15355 D dalvikvm: GC_CONCURRENT freed 195K, 4% free 9289K/9607K, paused 15ms+1ms
06-10 13:49:23.691 15144 15146 D dalvikvm: GC_CONCURRENT freed 699K, 7% free 11259K/12039K, paused 168ms+11ms
06-10 13:49:24.086 15352 15355 D dalvikvm: GC_CONCURRENT freed 225K, 4% free 9508K/9863K, paused 3ms+9ms
06-10 13:49:24.308 15352 15355 D dalvikvm: GC_CONCURRENT freed 305K, 5% free 9640K/10055K, paused 1ms+5ms
06-10 13:49:24.453 15352 15355 D dalvikvm: GC_CONCURRENT freed 289K, 4% free 9777K/10183K, paused 1ms+2ms
06-10 13:49:24.601 15352 15355 D dalvikvm: GC_CONCURRENT freed 308K, 5% free 9894K/10311K, paused 2ms+2ms
06-10 13:49:24.742 15352 15355 D dalvikvm: GC_CONCURRENT freed 294K, 4% free 10025K/10439K, paused 2ms+2ms
06-10 13:49:24.894 15352 15355 D dalvikvm: GC_CONCURRENT freed 305K, 4% free 10154K/10567K, paused 2ms+2ms
06-10 13:49:25.031 15352 15355 D dalvikvm: GC_CONCURRENT freed 294K, 4% free 10277K/10695K, paused 2ms+2ms
06-10 13:49:25.218 15352 15355 D dalvikvm: GC_CONCURRENT freed 480K, 6% free 10219K/10823K, paused 11ms+2ms
06-10 13:49:25.375 15352 15355 D dalvikvm: GC_CONCURRENT freed 318K, 5% free 10317K/10823K, paused 2ms+2ms
06-10 13:49:25.543 15352 15355 D dalvikvm: GC_CONCURRENT freed 378K, 5% free 10398K/10887K, paused 2ms+3ms
06-10 13:49:25.683 15352 15355 D dalvikvm: GC_CONCURRENT freed 348K, 5% free 10486K/10951K, paused 2ms+2ms
06-10 13:49:25.820 15352 15355 D dalvikvm: GC_CONCURRENT freed 338K, 5% free 10560K/11015K, paused 1ms+3ms
06-10 13:49:25.957 15352 15355 D dalvikvm: GC_CONCURRENT freed 324K, 4% free 10639K/11079K, paused 2ms+2ms
06-10 13:49:26.097 15352 15355 D dalvikvm: GC_CONCURRENT freed 374K, 5% free 10729K/11207K, paused 1ms+2ms
06-10 13:49:26.257 15352 15355 D dalvikvm: GC_CONCURRENT freed 403K, 5% free 10825K/11335K, paused 2ms+2ms
06-10 13:49:28.429   152   169 I ActivityManager: Start proc com.whatsapp for service com.whatsapp/.messaging.MessageService: pid=15370 uid=10070 gids={1015, 3003}
06-10 13:49:28.441 15370 15370 I dalvikvm: Turning on JNI app bug workarounds for target SDK version 7...
06-10 13:49:28.468   152 31690 I ActivityManager: Process com.google.android.apps.googlevoice (pid 13941) has died.
06-10 13:49:28.468   152 31690 W ActivityManager: Scheduling restart of crashed service com.google.android.apps.googlevoice/.UpdateService in 5000ms
06-10 13:49:28.730 15370 15372 D dalvikvm: GC_CONCURRENT freed 183K, 3% free 9353K/9607K, paused 2ms+2ms
06-10 13:49:29.129 15370 15372 D dalvikvm: GC_CONCURRENT freed 284K, 4% free 9610K/9991K, paused 2ms+3ms
06-10 13:49:29.363 15370 15370 I SqliteDatabaseCpp: sqlite returned: error code = 1, msg = duplicate column name: photo_ts, db=/data/data/com.whatsapp/databases/msgstore.db
06-10 13:49:29.367 15370 15370 I SqliteDatabaseCpp: sqlite returned: error code = 1, msg = duplicate column name: thumb_ts, db=/data/data/com.whatsapp/databases/msgstore.db
06-10 13:49:29.367 15370 15370 I SqliteDatabaseCpp: sqlite returned: error code = 1, msg = duplicate column name: photo_id_timestamp, db=/data/data/com.whatsapp/databases/msgstore.db
06-10 13:49:29.484   152   491 I ActivityManager: Start proc android.process.acore for content provider com.android.providers.contacts/.ContactsProvider2: pid=15390 uid=10000 gids={3003, 1015}
06-10 13:49:29.605    80    80 D dalvikvm: GC_EXPLICIT freed 37K, 4% free 9031K/9347K, paused 2ms+16ms
06-10 13:49:29.679    80    80 D dalvikvm: GC_EXPLICIT freed <1K, 4% free 9031K/9347K, paused 6ms+2ms
06-10 13:49:29.769    80    80 D dalvikvm: GC_EXPLICIT freed <1K, 4% free 9031K/9347K, paused 6ms+2ms
06-10 13:49:29.816   152 31690 D dalvikvm: GC_EXPLICIT freed 1078K, 23% free 17798K/22919K, paused 3ms+10ms
06-10 13:49:29.851   152   858 I ActivityManager: Process com.google.android.apps.plus (pid 13571) has died.
06-10 13:49:29.851   152   858 W ActivityManager: Scheduling restart of crashed service com.google.android.apps.plus/.hangout.GCommService in 13618ms
06-10 13:49:29.863 15390 15390 I ActivityThread: Pub call_log: com.android.providers.contacts.CallLogProvider
06-10 13:49:29.929 15390 15390 I ActivityThread: Pub com.android.voicemail: com.android.providers.contacts.VoicemailContentProvider
06-10 13:49:29.933 15390 15390 I ActivityThread: Pub user_dictionary: com.android.providers.userdictionary.UserDictionaryProvider
06-10 13:49:29.953 15390 15390 I ActivityThread: Pub com.android.social: com.android.providers.contacts.SocialProvider
06-10 13:49:29.953 15390 15390 I ActivityThread: Pub applications: com.android.providers.applications.ApplicationsProvider
06-10 13:49:30.074 15390 15390 I ActivityThread: Pub contacts;com.android.contacts: com.android.providers.contacts.ContactsProvider2
06-10 13:49:30.101 15390 15394 D dalvikvm: GC_CONCURRENT freed 362K, 5% free 9174K/9607K, paused 5ms+7ms
06-10 13:49:30.125 15370 15370 I dalvikvm: Could not find method android.media.MediaMetadataRetriever.captureFrame, referenced from method com.whatsapp.d3.a
06-10 13:49:30.125 15370 15370 W dalvikvm: VFY: unable to resolve virtual method 496: Landroid/media/MediaMetadataRetriever;.captureFrame ()Landroid/graphics/Bitmap;
06-10 13:49:30.125 15370 15370 D dalvikvm: VFY: replacing opcode 0x6e at 0x0134
06-10 13:49:30.382 15370 15372 D dalvikvm: GC_CONCURRENT freed 444K, 6% free 9729K/10247K, paused 8ms+3ms
06-10 13:49:30.672 15370 15372 D dalvikvm: GC_CONCURRENT freed 205K, 4% free 9979K/10311K, paused 6ms+9ms
06-10 13:49:33.507   152   169 I ActivityManager: Start proc com.google.android.apps.googlevoice for service com.google.android.apps.googlevoice/.UpdateService: pid=15413 uid=10056 gids={3003, 1015}
06-10 13:49:33.738 15390 15394 D dalvikvm: GC_CONCURRENT freed 191K, 4% free 9409K/9735K, paused 2ms+8ms
06-10 13:49:34.441 15413 15415 D dalvikvm: GC_CONCURRENT freed 280K, 4% free 9255K/9607K, paused 2ms+2ms
06-10 13:49:35.328 15413 15415 D dalvikvm: GC_CONCURRENT freed 389K, 5% free 9402K/9863K, paused 4ms+3ms
06-10 13:49:35.332 15413 15422 W CursorWrapperInner: Cursor finalized without prior close()
06-10 13:49:35.332 15413 15422 W CursorWrapperInner: Cursor finalized without prior close()
06-10 13:49:35.332 15413 15422 W CursorWrapperInner: Cursor finalized without prior close()
06-10 13:49:35.355   152   491 D CountryDetector: The first listener is added
06-10 13:49:35.547 15413 15415 D dalvikvm: GC_CONCURRENT freed 362K, 5% free 9534K/9991K, paused 2ms+2ms
06-10 13:49:35.648 15390 15394 D dalvikvm: GC_CONCURRENT freed 300K, 4% free 9665K/10055K, paused 17ms+15ms
06-10 13:49:36.312 15390 15428 D dalvikvm: GC_FOR_ALLOC freed 364K, 5% free 9876K/10311K, paused 22ms
06-10 13:49:36.324 15352 15355 D dalvikvm: GC_CONCURRENT freed 337K, 5% free 11004K/11463K, paused 33ms+21ms
06-10 13:49:36.582 15390 15394 D dalvikvm: GC_CONCURRENT freed 239K, 4% free 9899K/10311K, paused 8ms+5ms
06-10 13:49:36.668 15413 15438 D dalvikvm: GC_FOR_ALLOC freed 167K, 5% free 9654K/10119K, paused 28ms
06-10 13:49:36.738 15390 15429 D dalvikvm: GC_EXPLICIT freed 137K, 5% free 9829K/10311K, paused 2ms+4ms
06-10 13:49:38.504 15352 15355 D dalvikvm: GC_CONCURRENT freed 474K, 6% free 11126K/11719K, paused 6ms+2ms
06-10 13:49:43.515   152   169 I ActivityManager: Start proc com.google.android.apps.plus for service com.google.android.apps.plus/.hangout.GCommService: pid=15443 uid=10058 gids={3003, 3002, 1015, 1006}
06-10 13:49:43.675 15443 15445 D dalvikvm: GC_CONCURRENT freed 152K, 3% free 9384K/9607K, paused 2ms+2ms
06-10 13:49:43.797 15443 15443 I ActivityThread: Pub com.google.android.apps.plus.content.ApiProvider: com.google.android.apps.plus.content.EsApiProvider
06-10 13:49:43.824 15443 15443 I ActivityThread: Pub com.google.android.apps.plus.content.EsGooglePhotoProvider: com.google.android.picasasync.PicasaContentProvider
06-10 13:49:43.840   152 17024 I ActivityManager: Process com.google.android.apps.genie.geniewidget (pid 14343) has died.
06-10 13:49:44.035 15443 15443 I ActivityThread: Pub com.google.android.apps.plus.content.EsPicasaStoreProvider: com.google.android.picasastore.PicasaPhotoContentProvider
06-10 13:49:44.047 15443 15445 D dalvikvm: GC_CONCURRENT freed 482K, 6% free 9433K/9991K, paused 6ms+2ms
06-10 13:49:44.074 15443 15443 I ActivityThread: Pub com.google.plus.platform: com.google.android.apps.plus.content.AdsProvider
06-10 13:49:44.074 15443 15443 I ActivityThread: Pub com.google.android.apps.plus.iu.EsGoogleIuProvider: com.google.android.apps.plus.iu.InstantUploadProvider
06-10 13:49:44.152 15443 15443 I ActivityThread: Pub com.google.android.apps.plus.content.EsProvider: com.google.android.apps.plus.content.EsProvider
06-10 13:49:44.242 15443 15445 D dalvikvm: GC_CONCURRENT freed 410K, 6% free 9548K/10055K, paused 4ms+2ms
06-10 13:49:44.265   152  5616 I ActivityManager: Start proc android.process.media for content provider com.android.providers.media/.MediaProvider: pid=15458 uid=10012 gids={1015, 1023, 1024, 2001, 3003, 3007}
06-10 13:49:44.382 15458 15458 I ActivityThread: Pub downloads: com.android.providers.downloads.DownloadProvider
06-10 13:49:44.425   152   375 D dalvikvm: GC_EXPLICIT freed 748K, 23% free 17773K/22919K, paused 12ms+26ms
06-10 13:49:44.449 15458 15458 I ActivityThread: Pub drm: com.android.providers.drm.DrmProvider
06-10 13:49:44.449 15458 15472 I DownloadManager: in removeSpuriousFiles
06-10 13:49:44.476 15458 15458 I ActivityThread: Pub media: com.android.providers.media.MediaProvider
06-10 13:49:44.504 15458 15472 I DownloadManager: in removeSpuriousFiles, preserving file /data/data/com.android.providers.downloads/cache/downloadfile.apk
06-10 13:49:44.515 15458 15472 I DownloadManager: deleting spurious file /cache/backup
06-10 13:49:44.558 15443 15445 D dalvikvm: GC_CONCURRENT freed 153K, 3% free 9948K/10183K, paused 7ms+2ms
06-10 13:49:44.668 15443 15445 D dalvikvm: GC_CONCURRENT freed 272K, 4% free 10111K/10503K, paused 2ms+2ms
06-10 13:49:44.695 15443 15443 D dalvikvm: GC_FOR_ALLOC freed 0K, 4% free 10111K/10503K, paused 24ms
06-10 13:49:44.703 15443 15443 I dalvikvm-heap: Grow heap (frag case) to 10.191MB for 260112-byte allocation
06-10 13:49:44.738 15443 15443 D dalvikvm: GC_FOR_ALLOC freed 126K, 5% free 10239K/10759K, paused 36ms
06-10 13:49:44.750   152 16653 I ActivityManager: Process com.google.android.syncadapters.calendar (pid 15229) has died.
06-10 13:49:44.867 15458 15461 D dalvikvm: GC_CONCURRENT freed 346K, 5% free 9189K/9607K, paused 18ms+2ms
06-10 13:49:44.972 15443 15443 D dalvikvm: GC_FOR_ALLOC freed 311K, 6% free 10177K/10759K, paused 28ms
06-10 13:49:44.996 15443 15443 D dalvikvm: GC_FOR_ALLOC freed 63K, 5% free 10242K/10759K, paused 22ms
06-10 13:49:44.996 15443 15443 I dalvikvm-heap: Grow heap (frag case) to 10.318MB for 260112-byte allocation
06-10 13:49:45.019 15443 15443 D dalvikvm: GC_FOR_ALLOC freed 126K, 6% free 10370K/11015K, paused 21ms
06-10 13:49:45.050 15443 15443 D dalvikvm: GC_FOR_ALLOC freed 370K, 6% free 10370K/11015K, paused 24ms
06-10 13:49:45.074 15443 15443 D dalvikvm: GC_FOR_ALLOC freed 126K, 5% free 10497K/11015K, paused 24ms
06-10 13:49:45.105 15443 15457 D PicasaPhotoCP: set fsid first time:-1
06-10 13:49:45.218 15443 15445 D dalvikvm: GC_CONCURRENT freed 342K, 4% free 10720K/11143K, paused 4ms+2ms
06-10 13:49:45.406 15443 15445 D dalvikvm: GC_CONCURRENT freed 130K, 2% free 11208K/11399K, paused 5ms+3ms
06-10 13:49:45.636 15443 15445 D dalvikvm: GC_CONCURRENT freed 430K, 5% free 11537K/12039K, paused 2ms+2ms
06-10 13:49:45.855 15443 15443 D dalvikvm: Trying to load lib /data/data/com.google.android.apps.plus/lib/libgcomm_jni.so 0x4131bfd8
06-10 13:49:45.918   152  4554 I ActivityManager: Process com.android.browser (pid 15281) has died.
06-10 13:49:46.234 15443 15443 D dalvikvm: Added shared lib /data/data/com.google.android.apps.plus/lib/libgcomm_jni.so 0x4131bfd8
06-10 13:49:46.234 15443 15443 V gcomm_native: [static void util::JniHelper::SetJavaVm(JavaVM*) jni_helper.cpp(15) 400ae488] JavaVM 0x1a0f3e0
06-10 13:49:46.234 15443 15443 V gcomm_native: [jint JNI_OnLoad(JavaVM*, void*) jni_helper.cpp(97) 400ae488] JNI_OnLoad
06-10 13:49:46.234 15443 15443 I gcomm_native: [jboolean Java_com_google_android_apps_plus_hangout_GCommNativeWrapper_nativeStaticInitialize(JNIEnv*, _jclass*, _jobject*, _jstring*, _jstring*, _jstring*, jboolean, _jstring*) gcomm_native_wrapper.cpp(936) 400ae488] GComm Static Native initializing
06-10 13:49:46.523 15443 15443 I gcomm_native: [static void cricket::LmiVideoEngine::SetDeviceCaptureType(const DeviceCaptureType&) lmimediaengine.cc(452) 400ae488] Setting capture type low resolution
06-10 13:49:53.547 14624 14639 I PhoneLab-: Service Running
06-10 13:49:53.629 14624 14639 I PhoneLab-LoggerService: app_38    1290  1     1788   1344  c00f181c 400107b4 S logcat
06-10 13:49:53.629 14624 14639 I PhoneLab-LoggerService: Logcat pid from database 1290
06-10 13:49:53.629 14624 14639 I PhoneLab-LoggerService: Logcat process found 1290
06-10 13:49:53.629 14624 14639 I PhoneLab-LoggerService: Checking Threshold
06-10 13:49:55.781 13287 13289 D dalvikvm: GC_CONCURRENT freed 358K, 7% free 10237K/10951K, paused 8ms+12ms
06-10 13:49:55.961 13287 13289 D dalvikvm: GC_CONCURRENT freed 258K, 6% free 10370K/10951K, paused 11ms+2ms
06-10 13:49:58.746 15443 15445 D dalvikvm: GC_CONCURRENT freed 743K, 7% free 11624K/12487K, paused 2ms+3ms
06-10 13:50:33.609 15144 15490 I Gmail   : MainSyncRequestProto: lowestBkwdConvoId: 0, highestHandledServerOp: 3230345, normalSync: true
06-10 13:50:34.250 15144 15490 D dalvikvm: GC_EXPLICIT freed 558K, 6% free 11341K/12039K, paused 3ms+10ms
06-10 13:50:34.285 15144 15490 I Gmail   : MainSyncRequestProto: lowestBkwdConvoId: 0, highestHandledServerOp: 3230361, normalSync: true
06-10 13:50:35.328 15144 15490 D dalvikvm: GC_EXPLICIT freed 326K, 7% free 11256K/12039K, paused 4ms+5ms
06-10 13:50:35.340 15144 15490 I Gmail   : MainSyncRequestProto: lowestBkwdConvoId: 0, highestHandledServerOp: 3230361, normalSync: true
06-10 13:50:35.363 15144 15490 W Gmail   : Scheduling index for 300000 ms from now
06-10 13:50:41.328   152   164 I AudioService:   Remote Control   registerMediaButtonIntent() for PendingIntent{414abde8: PendingIntentRecord{41446e00 com.spotify.mobile.android.ui broadcastIntent}}
06-10 13:50:41.699 10196 10198 D dalvikvm: GC_CONCURRENT freed 1714K, 21% free 14344K/18119K, paused 12ms+23ms
06-10 13:50:55.496 15313 15315 D dalvikvm: GC_CONCURRENT freed 511K, 6% free 10083K/10695K, paused 1ms+2ms
06-10 13:50:55.687 13287 13289 D dalvikvm: GC_CONCURRENT freed 652K, 8% free 10166K/10951K, paused 1ms+2ms
06-10 13:51:53.539 14624 14639 I PhoneLab-: Service Running
06-10 13:51:53.593   152   655 I ActivityManager: Process com.android.providers.calendar (pid 15245) has died.
06-10 13:51:53.750 14624 14639 I PhoneLab-LoggerService: app_38    1290  1     1788   1344  c00f181c 400107b4 S logcat
06-10 13:51:53.754 14624 14639 I PhoneLab-LoggerService: Logcat pid from database 1290
06-10 13:51:53.754 14624 14639 I PhoneLab-LoggerService: Logcat process found 1290
06-10 13:51:53.754 14624 14639 I PhoneLab-LoggerService: Checking Threshold
06-10 13:51:55.683 13287 13289 D dalvikvm: GC_CONCURRENT freed 319K, 7% free 10255K/10951K, paused 9ms+2ms
06-10 13:52:55.566 15313 15315 D dalvikvm: GC_CONCURRENT freed 507K, 6% free 10088K/10695K, paused 1ms+7ms
06-10 13:52:55.711   152   858 D dalvikvm: GC_EXPLICIT freed 1358K, 23% free 17820K/22919K, paused 5ms+8ms
06-10 13:52:55.840 13287 13289 D dalvikvm: GC_CONCURRENT freed 608K, 8% free 10166K/10951K, paused 15ms+3ms
06-10 13:53:20.449 17544 17546 D dalvikvm: GC_CONCURRENT freed 510K, 25% free 10930K/14407K, paused 7ms+5ms
06-10 13:53:53.535 14624 14639 I PhoneLab-: Service Running
06-10 13:53:53.660 14624 14639 I PhoneLab-LoggerService: app_38    1290  1     1788   1344  c00f181c 400107b4 S logcat
06-10 13:53:53.660 14624 14639 I PhoneLab-LoggerService: Logcat pid from database 1290
06-10 13:53:53.660 14624 14639 I PhoneLab-LoggerService: Logcat process found 1290
06-10 13:53:53.660 14624 14639 I PhoneLab-LoggerService: Checking Threshold
06-10 13:53:55.750 13287 13289 D dalvikvm: GC_CONCURRENT freed 408K, 8% free 10170K/10951K, paused 1ms+2ms
06-10 13:54:39.617 15352 15355 D dalvikvm: GC_CONCURRENT freed 461K, 5% free 11269K/11847K, paused 14ms+2ms
06-10 13:54:55.718 15313 15315 D dalvikvm: GC_CONCURRENT freed 502K, 6% free 10097K/10695K, paused 2ms+2ms
06-10 13:55:30.406   152   552 I AudioService:   Remote Control   registerMediaButtonIntent() for PendingIntent{41aa9278: PendingIntentRecord{41446e00 com.spotify.mobile.android.ui broadcastIntent}}
06-10 13:55:30.636   390   392 D dalvikvm: GC_CONCURRENT freed 310K, 40% free 10243K/16903K, paused 6ms+27ms
06-10 13:55:30.691 10196 10198 D dalvikvm: GC_CONCURRENT freed 1393K, 19% free 14717K/18119K, paused 2ms+23ms
06-10 13:55:53.550 14624 14639 I PhoneLab-: Service Running
06-10 13:55:53.632 14624 14639 I PhoneLab-LoggerService: app_38    1290  1     1788   1344  c00f181c 400107b4 S logcat
06-10 13:55:53.636 14624 14639 I PhoneLab-LoggerService: Logcat pid from database 1290
06-10 13:55:53.636 14624 14639 I PhoneLab-LoggerService: Logcat process found 1290
06-10 13:55:53.636 14624 14639 I PhoneLab-LoggerService: Checking Threshold
06-10 13:55:55.777 13287 13289 D dalvikvm: GC_CONCURRENT freed 479K, 7% free 10199K/10951K, paused 2ms+2ms
06-10 13:56:55.890 15313 15315 D dalvikvm: GC_CONCURRENT freed 503K, 6% free 10099K/10695K, paused 1ms+2ms
06-10 13:56:56.023 13287 13289 D dalvikvm: GC_CONCURRENT freed 371K, 7% free 10273K/10951K, paused 2ms+2ms
06-10 13:56:56.191 13287 13289 D dalvikvm: GC_CONCURRENT freed 258K, 5% free 10406K/10951K, paused 2ms+5ms
06-10 13:57:04.996 15144 15543 I Gmail   : MainSyncRequestProto: lowestBkwdConvoId: 0, highestHandledServerOp: 3230361, normalSync: true
06-10 13:57:06.390 15144 15146 D dalvikvm: GC_CONCURRENT freed 626K, 7% free 11280K/12039K, paused 7ms+5ms
06-10 13:57:06.535 15144 15543 D dalvikvm: GC_EXPLICIT freed 102K, 7% free 11242K/12039K, paused 2ms+6ms
06-10 13:57:06.547 15144 15543 I Gmail   : MainSyncRequestProto: lowestBkwdConvoId: 0, highestHandledServerOp: 3230403, normalSync: true
06-10 13:57:07.300 15144 15543 D dalvikvm: GC_EXPLICIT freed 284K, 7% free 11278K/12039K, paused 5ms+6ms
06-10 13:57:07.304 15144 15543 I Gmail   : MainSyncRequestProto: lowestBkwdConvoId: 0, highestHandledServerOp: 3230403, normalSync: true
06-10 13:57:07.320 15144 15543 W Gmail   : Scheduling index for 300000 ms from now
06-10 13:57:07.992 15458 15546 I DownloadManager: Initiating request for download 93
06-10 13:57:08.336 15458 15461 D dalvikvm: GC_CONCURRENT freed 323K, 5% free 9283K/9735K, paused 7ms+5ms
06-10 13:57:09.660 15458 15554 I DownloadManager: deleting /data/data/com.android.providers.downloads/cache/downloadfile.pdf
06-10 13:57:11.437 15458 15556 I DownloadManager: Initiating request for download 94
06-10 13:57:11.675 15458 15461 D dalvikvm: GC_CONCURRENT freed 399K, 6% free 9341K/9863K, paused 1ms+3ms
06-10 13:57:12.867 13747 13747 D dalvikvm: GC_EXPLICIT freed 355K, 5% free 9225K/9671K, paused 7ms+2ms
06-10 13:57:13.007   152   168 D dalvikvm: GC_EXPLICIT freed 1456K, 23% free 17829K/22919K, paused 9ms+11ms
06-10 13:57:13.031 15458 15563 I DownloadManager: deleting /data/data/com.android.providers.downloads/cache/downloadfile.pdf
06-10 13:57:13.425 15458 15565 I DownloadManager: Initiating request for download 95
06-10 13:57:13.632 15458 15461 D dalvikvm: GC_CONCURRENT freed 388K, 6% free 9345K/9863K, paused 1ms+3ms
06-10 13:57:14.543 15144 15571 D dalvikvm: GC_EXPLICIT freed 355K, 7% free 11271K/12039K, paused 7ms+7ms
06-10 13:57:14.820 15458 15573 I DownloadManager: deleting /data/data/com.android.providers.downloads/cache/downloadfile.pdf
06-10 13:57:14.836 15458 15574 I DownloadManager: Initiating request for download 96
06-10 13:57:15.722 15458 15461 D dalvikvm: GC_CONCURRENT freed 428K, 6% free 9372K/9927K, paused 11ms+9ms
06-10 13:57:16.007 15458 15580 I DownloadManager: deleting /data/data/com.android.providers.downloads/cache/downloadfile.pdf
06-10 13:57:20.929 15144 15583 I Gmail   : MainSyncRequestProto: lowestBkwdConvoId: 0, highestHandledServerOp: 3230403, normalSync: true
06-10 13:57:22.289 15144 15583 D dalvikvm: GC_EXPLICIT freed 214K, 7% free 11284K/12039K, paused 2ms+17ms
06-10 13:57:22.297 15144 15583 I Gmail   : MainSyncRequestProto: lowestBkwdConvoId: 0, highestHandledServerOp: 3230409, normalSync: true
06-10 13:57:22.422 15263 15266 D dalvikvm: GC_CONCURRENT freed 316K, 5% free 9152K/9543K, paused 21ms+4ms
06-10 13:57:23.027 15144 15583 D dalvikvm: GC_EXPLICIT freed 350K, 7% free 11293K/12039K, paused 5ms+6ms
06-10 13:57:23.031 15144 15583 I Gmail   : MainSyncRequestProto: lowestBkwdConvoId: 0, highestHandledServerOp: 3230409, normalSync: true
06-10 13:57:23.050 15144 15583 W Gmail   : Scheduling index for 300000 ms from now
06-10 13:57:23.316   152   375 I ActivityManager: Process com.facebook.katana (pid 13630) has died.
06-10 13:57:23.316   152   375 W ActivityManager: Scheduling restart of crashed service com.facebook.katana/.service.MediaUploadService in 5000ms
06-10 13:57:23.562 15458 15585 I DownloadManager: Initiating request for download 97
06-10 13:57:24.472 15458 15461 D dalvikvm: GC_CONCURRENT freed 400K, 6% free 9401K/9927K, paused 1ms+3ms
06-10 13:57:24.800 15458 15591 I DownloadManager: deleting /data/data/com.android.providers.downloads/cache/downloadfile.pdf
06-10 13:57:25.007 15458 15593 I DownloadManager: Initiating request for download 98
06-10 13:57:25.937   152 17024 D dalvikvm: GC_EXPLICIT freed 681K, 23% free 17743K/22919K, paused 23ms+7ms
06-10 13:57:26.078 15458 15461 D dalvikvm: GC_CONCURRENT freed 431K, 6% free 9362K/9927K, paused 1ms+5ms
06-10 13:57:26.406 15458 15598 I DownloadManager: deleting /data/data/com.android.providers.downloads/cache/downloadfile.pdf
06-10 13:57:26.574 15458 15600 I DownloadManager: Initiating request for download 99
06-10 13:57:28.672   152   169 I ActivityManager: Start proc com.facebook.katana for service com.facebook.katana/.service.MediaUploadService: pid=15605 uid=10060 gids={3003, 1006, 1015}
06-10 13:57:28.687 15605 15605 I dalvikvm: Turning on JNI app bug workarounds for target SDK version 7...
06-10 13:57:28.925 15605 15606 D dalvikvm: GC_CONCURRENT freed 156K, 3% free 9380K/9607K, paused 2ms+2ms
06-10 13:57:29.281 15605 15605 I ActivityThread: Pub com.facebook.katana.provider.LoggingProvider: com.facebook.katana.provider.LoggingProvider
06-10 13:57:29.300 15605 15605 I ActivityThread: Pub com.facebook.katana.provider.KeyValueProvider: com.facebook.katana.provider.KeyValueProvider
06-10 13:57:29.324 15605 15605 I ActivityThread: Pub com.facebook.katana.provider.CacheProvider: com.facebook.katana.provider.CacheProvider
06-10 13:57:29.324 15605 15605 I ActivityThread: Pub com.facebook.katana.provider.MailboxProvider: com.facebook.katana.provider.MailboxProvider
06-10 13:57:29.332 15605 15605 I ActivityThread: Pub com.facebook.katana.provider.UserStatusesProvider: com.facebook.katana.provider.UserStatusesProvider
06-10 13:57:29.336 15605 15605 I ActivityThread: Pub com.facebook.katana.provider.EventsProvider: com.facebook.katana.provider.EventsProvider
06-10 13:57:29.343 15605 15605 I ActivityThread: Pub com.facebook.katana.provider.NotificationsProvider: com.facebook.katana.provider.NotificationsProvider
06-10 13:57:29.355 15605 15605 I ActivityThread: Pub com.facebook.katana.provider.UserValuesProvider: com.facebook.katana.provider.UserValuesProvider
06-10 13:57:29.359 15605 15605 I ActivityThread: Pub com.facebook.katana.provider.PagesProvider: com.facebook.katana.provider.PagesProvider
06-10 13:57:29.375 15605 15606 D dalvikvm: GC_CONCURRENT freed 153K, 3% free 9701K/9991K, paused 8ms+2ms
06-10 13:57:29.375 15605 15605 I ActivityThread: Pub com.facebook.katana.provider.MobileEventLogProvider: com.facebook.katana.provider.MobileEventLogProvider
06-10 13:57:29.375 15605 15605 I ActivityThread: Pub com.facebook.katana.provider.PushNotificationsProvider: com.facebook.katana.provider.PushNotificationsProvider
06-10 13:57:29.375 15605 15605 I ActivityThread: Pub com.facebook.katana.provider.PhotosProvider: com.facebook.katana.provider.PhotosProvider
06-10 13:57:29.375 15605 15605 I ActivityThread: Pub com.facebook.katana.provider.ConnectionsProvider: com.facebook.katana.provider.ConnectionsProvider
06-10 13:57:29.398 15605 15605 I ActivityThread: Pub com.facebook.orca.notify.FbandroidMessagesForegroundProvider: com.facebook.orca.notify.FbandroidMessagesForegroundProvider
06-10 13:57:29.472 15605 15605 D ACRA    : Retrieve application default SharedPreferences.
06-10 13:57:29.484 15605 15605 D ACRA    : Set OnSharedPreferenceChangeListener.
06-10 13:57:29.543 15605 15605 D ACRA    : ACRA is enabled for com.facebook.katana, intializing...
06-10 13:57:29.586 15458 15458 D dalvikvm: GC_EXPLICIT freed 475K, 7% free 9318K/9927K, paused 3ms+3ms
06-10 13:57:29.601 15605 15605 D ACRA    : Looking for error files in /data/data/com.facebook.katana/app_acra-reports
06-10 13:57:29.742 15605 15605 W nalizableReferenceQueue: Could not load Finalizer in its own class loader.Loading Finalizer in the current class loader instead. As a result, you will not be ableto garbage collect this class loader. To support reclaiming this class loader, eitherresolve the underlying issue, or move Google Collections to your system class path.
06-10 13:57:29.742 15605 15605 W nalizableReferenceQueue: java.io.FileNotFoundException: com/google/common/base/internal/Finalizer.class
06-10 13:57:29.742 15605 15605 W nalizableReferenceQueue: 	at com.google.common.base.FinalizableReferenceQueue$DecoupledLoader.getBaseUrl(FinalizableReferenceQueue.java:243)
06-10 13:57:29.742 15605 15605 W nalizableReferenceQueue: 	at com.google.common.base.FinalizableReferenceQueue$DecoupledLoader.loadFinalizer(FinalizableReferenceQueue.java:227)
06-10 13:57:29.742 15605 15605 W nalizableReferenceQueue: 	at com.google.common.base.FinalizableReferenceQueue.loadFinalizer(FinalizableReferenceQueue.java:155)
06-10 13:57:29.742 15605 15605 W nalizableReferenceQueue: 	at com.google.common.base.FinalizableReferenceQueue.<clinit>(FinalizableReferenceQueue.java:84)
06-10 13:57:29.742 15605 15605 W nalizableReferenceQueue: 	at com.google.common.collect.CustomConcurrentHashMap$QueueHolder.<clinit>(CustomConcurrentHashMap.java:650)
06-10 13:57:29.742 15605 15605 W nalizableReferenceQueue: 	at com.google.common.collect.CustomConcurrentHashMap$WeakEntry.<init>(CustomConcurrentHashMap.java:1342)
06-10 13:57:29.742 15605 15605 W nalizableReferenceQueue: 	at com.google.common.collect.CustomConcurrentHashMap$EntryFactory$9.newEntry(CustomConcurrentHashMap.java:453)
06-10 13:57:29.742 15605 15605 W nalizableReferenceQueue: 	at com.google.common.collect.CustomConcurrentHashMap.a(CustomConcurrentHashMap.java:1715)
06-10 13:57:29.742 15605 15605 W nalizableReferenceQueue: 	at com.google.common.collect.ComputingConcurrentHashMap$ComputingSegment.a(ComputingConcurrentHashMap.java:123)
06-10 13:57:29.742 15605 15605 W nalizableReferenceQueue: 	at com.google.common.collect.ComputingConcurrentHashMap.apply(ComputingConcurrentHashMap.java:71)
06-10 13:57:29.742 15605 15605 W nalizableReferenceQueue: 	at com.google.common.collect.MapMaker$ComputingMapAdapter.get(MapMaker.java:848)
06-10 13:57:29.742 15605 15605 W nalizableReferenceQueue: 	at com.google.inject.internal.Annotations$AnnotationChecker.a(Annotations.java:94)
06-10 13:57:29.742 15605 15605 W nalizableReferenceQueue: 	at com.google.inject.internal.Annotations.c(Annotations.java:112)
06-10 13:57:29.742 15605 15605 W nalizableReferenceQueue: 	at com.google.inject.Key.d(Key.java:369)
06-10 13:57:29.742 15605 15605 W nalizableReferenceQueue: 	at com.google.inject.Key.b(Key.java:356)
06-10 13:57:29.742 15605 15605 W nalizableReferenceQueue: 	at com.google.inject.Key.a(Key.java:267)
06-10 13:57:29.742 15605 15605 W nalizableReferenceQueue: 	at com.facebook.orca.inject.binder.AnnotatedBindingBuilderImpl.a(AnnotatedBindingBuilderImpl.java:22)
06-10 13:57:29.742 15605 15605 W nalizableReferenceQueue: 	at com.facebook.orca.app.FbBaseModule.a(FbBaseModule.java:74)
06-10 13:57:29.742 15605 15605 W nalizableReferenceQueue: 	at com.facebook.orca.inject.AbstractModule.a(AbstractModule.java:19)
06-10 13:57:29.742 15605 15605 W nalizableReferenceQueue: 	at com.facebook.orca.inject.FbInjectorImpl.a(FbInjectorImpl.java:61)
06-10 13:57:29.742 15605 15605 W nalizableReferenceQueue: 	at com.facebook.orca.inject.FbInjectorImpl.<init>(FbInjectorImpl.java:41)
06-10 13:57:29.742 15605 15605 W nalizableReferenceQueue: 	at com.facebook.orca.inject.FbInjector.a(FbInjector.java:40)
06-10 13:57:29.742 15605 15605 W nalizableReferenceQueue: 	at com.facebook.katana.FacebookApplication.onCreate(FacebookApplication.java:86)
06-10 13:57:29.742 15605 15605 W nalizableReferenceQueue: 	at android.app.Instrumentation.callApplicationOnCreate(Instrumentation.java:969)
06-10 13:57:29.742 15605 15605 W nalizableReferenceQueue: 	at android.app.ActivityThread.handleBindApplication(ActivityThread.java:3954)
06-10 13:57:29.742 15605 15605 W nalizableReferenceQueue: 	at android.app.ActivityThread.access$1300(ActivityThread.java:123)
06-10 13:57:29.742 15605 15605 W nalizableReferenceQueue: 	at android.app.ActivityThread$H.handleMessage(ActivityThread.java:1185)
06-10 13:57:29.742 15605 15605 W nalizableReferenceQueue: 	at android.os.Handler.dispatchMessage(Handler.java:99)
06-10 13:57:29.742 15605 15605 W nalizableReferenceQueue: 	at android.os.Looper.loop(Looper.java:137)
06-10 13:57:29.742 15605 15605 W nalizableReferenceQueue: 	at android.app.ActivityThread.main(ActivityThread.java:4424)
06-10 13:57:29.742 15605 15605 W nalizableReferenceQueue: 	at java.lang.reflect.Method.invokeNative(Native Method)
06-10 13:57:29.742 15605 15605 W nalizableReferenceQueue: 	at java.lang.reflect.Method.invoke(Method.java:511)
06-10 13:57:29.742 15605 15605 W nalizableReferenceQueue: 	at com.android.internal.os.ZygoteInit$MethodAndArgsCaller.run(ZygoteInit.java:784)
06-10 13:57:29.742 15605 15605 W nalizableReferenceQueue: 	at com.android.internal.os.ZygoteInit.main(ZygoteInit.java:551)
06-10 13:57:29.742 15605 15605 W nalizableReferenceQueue: 	at dalvik.system.NativeStart.main(Native Method)
06-10 13:57:29.746 15605 15605 I Finalizer: Couldn't access Thread.inheritableThreadLocals. Reference finalizer threads will inherit thread local values.
06-10 13:57:29.828 15605 15606 D dalvikvm: GC_CONCURRENT freed 384K, 5% free 9855K/10311K, paused 2ms+3ms
06-10 13:57:30.007 15605 15606 D dalvikvm: GC_CONCURRENT freed 363K, 5% free 10006K/10439K, paused 2ms+2ms
06-10 13:57:30.031 15458 15621 I DownloadManager: deleting /data/data/com.android.providers.downloads/cache/downloadfile.pdf
06-10 13:57:30.066 15458 15623 I DownloadManager: Initiating request for download 100
06-10 13:57:30.613 15605 15606 D dalvikvm: GC_CONCURRENT freed 409K, 5% free 10151K/10631K, paused 3ms+4ms
06-10 13:57:30.902 15605 15627 W Resources: Converting to string: TypedValue{t=0x10/d=0xffffffff a=-1}
06-10 13:57:31.265 15605 15606 D dalvikvm: GC_CONCURRENT freed 292K, 5% free 10287K/10759K, paused 8ms+3ms
06-10 13:57:31.804 15605 15606 D dalvikvm: GC_CONCURRENT freed 286K, 4% free 10403K/10823K, paused 7ms+2ms
06-10 13:57:31.851 15458 15461 D dalvikvm: GC_CONCURRENT freed 392K, 7% free 9317K/9927K, paused 1ms+2ms
06-10 13:57:31.867 15458 15643 I DownloadManager: deleting /data/data/com.android.providers.downloads/cache/downloadfile.pdf
06-10 13:57:32.207 15605 15606 D dalvikvm: GC_CONCURRENT freed 335K, 5% free 10489K/10951K, paused 2ms+3ms
06-10 13:57:41.992   152   656 I ActivityManager: Process com.android.calendar (pid 15263) has died.
06-10 13:57:42.172 15605 15606 D dalvikvm: GC_CONCURRENT freed 330K, 5% free 10552K/11015K, paused 6ms+3ms
06-10 13:57:42.277 15144 15146 D dalvikvm: GC_CONCURRENT freed 595K, 7% free 11375K/12103K, paused 2ms+4ms
06-10 13:57:53.539 14624 14639 I PhoneLab-: Service Running
06-10 13:57:53.640 14624 14639 I PhoneLab-LoggerService: app_38    1290  1     1788   1344  c00f181c 400107b4 S logcat
06-10 13:57:53.640 14624 14639 I PhoneLab-LoggerService: Logcat pid from database 1290
06-10 13:57:53.640 14624 14639 I PhoneLab-LoggerService: Logcat process found 1290
06-10 13:57:53.640 14624 14639 I PhoneLab-LoggerService: Checking Threshold
06-10 13:57:54.609   152   552 D dalvikvm: GC_EXPLICIT freed 578K, 23% free 17758K/22919K, paused 10ms+7ms
06-10 13:57:56.015 13287 13289 D dalvikvm: GC_CONCURRENT freed 638K, 7% free 10190K/10951K, paused 2ms+2ms
06-10 13:58:10.722   152   168 I power   : *** set_screen_state 1
06-10 13:58:10.742 14624 14624 I PhoneLab-PowerOnReceiver: Power is plugged in!
06-10 13:58:10.742 14624 14624 I PhoneLab-PowerOnReceiver: Rescheduling periodic checking...
06-10 13:58:10.843   390   390 W PowerUI : unknown intent: Intent { act=android.intent.action.ACTION_POWER_CONNECTED flg=0x10000010 }
06-10 13:58:10.918 14624 14624 I PhoneLab-Locks: wake lock acquired
06-10 13:58:10.929    79   119 D SurfaceFlinger: Screen about to return, flinger = 0x2c1918
06-10 13:58:10.976   152   202 I WindowManager: Lock screen displayed!
06-10 13:58:11.054   152   858 I ActivityManager: Start proc com.google.android.apps.maps for broadcast com.google.android.apps.maps/com.google.googlenav.android.MapServiceReceiver: pid=15654 uid=10057 gids={3003, 1015}
06-10 13:58:11.058 14624 14624 I PhoneLab-UploadLogs: Transfering log files now
06-10 13:58:11.058 14624 14624 I PhoneLab-UploadLogs: No log files to transfer
06-10 13:58:11.058 14624 14624 I PhoneLab-Locks: wake lock released
06-10 13:58:11.062 14624 14624 I PhoneLab-UploadLogs: OnStartCommand
06-10 13:58:11.363 15654 15656 D dalvikvm: GC_CONCURRENT freed 159K, 3% free 9376K/9607K, paused 2ms+2ms
06-10 13:58:11.539 15654 15654 I ActivityThread: Pub com.google.android.maps.SearchHistoryProvider: com.google.googlenav.provider.SearchHistoryProvider
06-10 13:58:11.566 15654 15654 I ActivityThread: Pub com.google.android.maps.SuggestionProvider: com.google.googlenav.suggest.android.SuggestContentProvider
06-10 13:58:11.593 15654 15654 I ActivityThread: Pub com.google.android.maps.LayerInfoProvider: com.google.googlenav.layer.LayerInfoProvider
06-10 13:58:11.605 15654 15654 I ActivityThread: Pub com.google.android.maps.TrafficAppWidgetProvider: com.google.googlenav.appwidget.traffic.TrafficAppWidgetProvider
06-10 13:58:11.613 15654 15654 I ActivityThread: Pub com.google.android.maps.LocalActivePlacesProvider: com.google.googlenav.provider.LocalActivePlacesProvider
06-10 13:58:11.613 15654 15654 I ActivityThread: Pub com.google.android.maps.StarredItemProvider: com.google.googlenav.provider.StarredItemProvider
06-10 13:58:11.734 15654 15656 D dalvikvm: GC_CONCURRENT freed 172K, 3% free 9704K/9991K, paused 1ms+16ms
06-10 13:58:11.965 15654 15654 I ActivityThread: Pub com.google.android.maps.LocalSuggestionProvider: com.google.googlenav.provider.LocalSuggestionProvider
06-10 13:58:11.976 15654 15654 I ActivityThread: Pub com.google.android.maps.NavigationAvailabilityProvider: com.google.googlenav.provider.NavigationAvailabilityProvider
06-10 13:58:12.285   152   552 I ActivityManager: Process android.process.acore (pid 15390) has died.
06-10 13:58:12.289   152  4554 D CountryDetector: No listener is left
06-10 13:58:14.902    85    85 I keystore: uid: 1000 action: p -> 1 state: 1 -> 1 retry: 4
06-10 13:58:14.918   390   390 D PhoneStatusBar: disable: < expand* icons alerts ticker* system_info BACK HOME recent* CLOCK >
06-10 13:58:15.007   390   390 D PhoneStatusBar: disable: < expand icons alerts ticker system_info back* home* recent clock* >
06-10 13:58:15.300  7488  7492 D dalvikvm: GC_CONCURRENT freed 357K, 5% free 10467K/10951K, paused 10ms+5ms
06-10 13:58:15.425   152   857 I ActivityManager: Start proc android.process.acore for content provider com.android.providers.contacts/.ContactsProvider2: pid=15670 uid=10000 gids={3003, 1015}
06-10 13:58:15.488 15670 15670 I ActivityThread: Pub call_log: com.android.providers.contacts.CallLogProvider
06-10 13:58:15.531 15670 15670 I ActivityThread: Pub com.android.voicemail: com.android.providers.contacts.VoicemailContentProvider
06-10 13:58:15.535 15670 15670 I ActivityThread: Pub user_dictionary: com.android.providers.userdictionary.UserDictionaryProvider
06-10 13:58:15.574 15670 15670 I ActivityThread: Pub com.android.social: com.android.providers.contacts.SocialProvider
06-10 13:58:15.578 15670 15670 I ActivityThread: Pub applications: com.android.providers.applications.ApplicationsProvider
06-10 13:58:15.679 15670 15672 D dalvikvm: GC_CONCURRENT freed 333K, 5% free 9150K/9607K, paused 2ms+3ms
06-10 13:58:15.683 15670 15670 I ActivityThread: Pub contacts;com.android.contacts: com.android.providers.contacts.ContactsProvider2
06-10 13:58:16.230 15670 15672 D dalvikvm: GC_CONCURRENT freed 190K, 4% free 9354K/9671K, paused 8ms+2ms
06-10 13:58:16.297   152 31690 W InputManagerService: Starting input on non-focused client com.android.internal.view.IInputMethodClient$Stub$Proxy@418e46e8 (uid=10019 pid=15144)
06-10 13:58:16.504 15144 15144 D OpenGLRenderer: Flushing caches (mode 0)
06-10 13:58:16.972 15144 15144 D OpenGLRenderer: Flushing caches (mode 1)
06-10 13:58:17.207 15144 15144 D dalvikvm: GC_EXPLICIT freed 408K, 9% free 11108K/12103K, paused 3ms+13ms
06-10 13:58:17.632 17544 17546 D dalvikvm: GC_CONCURRENT freed 511K, 25% free 10930K/14407K, paused 5ms+17ms
06-10 13:58:18.925 15670 15672 D dalvikvm: GC_CONCURRENT freed 241K, 4% free 9552K/9927K, paused 8ms+4ms
06-10 13:58:19.754 15144 15144 D OpenGLRenderer: Flushing caches (mode 1)
06-10 13:58:20.289   152   552 I ActivityManager: START {act=android.intent.action.MAIN cat=[android.intent.category.LAUNCHER] flg=0x10200000 cmp=com.android.vending/.AssetBrowserActivity bnds=[0,556][120,706]} from pid 1339
06-10 13:58:20.390   152 16653 I ActivityManager: Start proc com.android.vending for activity com.android.vending/.AssetBrowserActivity: pid=15691 uid=10048 gids={3003, 1015}
06-10 13:58:20.511 15370 15372 D dalvikvm: GC_CONCURRENT freed 506K, 7% free 9862K/10503K, paused 147ms+5ms
06-10 13:58:20.840  1339  1339 D OpenGLRenderer: Flushing caches (mode 1)
06-10 13:58:20.879  1339  1339 D OpenGLRenderer: Flushing caches (mode 0)
06-10 13:58:20.941 14624 14624 I PhoneLab-Locks: wake lock acquired
06-10 13:58:21.019 15691 15691 I ActivityThread: Pub com.google.android.finsky.QSBSuggestionsProvider: com.google.android.finsky.providers.QSBSuggestionsProvider
06-10 13:58:21.082 15691 15691 I ActivityThread: Pub com.google.android.finsky.AppIconProvider: com.google.android.finsky.providers.AppIconProvider
06-10 13:58:21.222   152   168 I Process : Sending signal. PID: 15691 SIG: 3
06-10 13:58:21.222 15691 15695 I dalvikvm: threadid=3: reacting to signal 3
06-10 13:58:21.238 15691 15695 I dalvikvm: Wrote stack traces to '/data/anr/traces.txt'
06-10 13:58:21.336 15691 15691 I ActivityThread: Pub com.google.android.finsky.RecentSuggestionsProvider: com.google.android.finsky.providers.RecentSuggestionsProvider
06-10 13:58:21.343 14624 14627 D dalvikvm: GC_CONCURRENT freed 456K, 7% free 9083K/9671K, paused 178ms+6ms
06-10 13:58:21.363 14624 15704 I PhoneLab-PeriodicCheckService: User info is synched
06-10 13:58:21.386 14624 15704 I PhoneLab-PeriodicCheckService: Logger Service is running
06-10 13:58:21.390 14624 15704 I PhoneLab-Locks: wake lock acquired
06-10 13:58:21.437 14624 14624 I PhoneLab-Locks: wake lock acquired
06-10 13:58:21.449 14624 14624 I PhoneLab-UploadLogs: Transfering log files now
06-10 13:58:21.449 14624 14624 I PhoneLab-UploadLogs: No log files to transfer
06-10 13:58:21.449 14624 14624 I PhoneLab-Locks: wake lock released
06-10 13:58:21.449 14624 14624 I PhoneLab-UploadLogs: OnStartCommand
06-10 13:58:21.453 14624 15704 I PhoneLab-PeriodicCheckService: Rescheduling periodic checking...
06-10 13:58:21.453 14624 15704 I PhoneLab-Locks: wake lock released
06-10 13:58:21.453 14624 14624 I PhoneLab-StatusMonitor: Status Monitoring is started
06-10 13:58:21.480 14624 14624 E PhoneLab-PhoneLabManifest: java.io.FileNotFoundException: /data/data/edu.buffalo.cse.phonelab.phonelabservices/files/manifest.xml: open failed: ENOENT (No such file or directory)
06-10 13:58:21.504 14624 14624 I PhoneLab-Locks: wake lock released
06-10 13:58:21.687 15691 15693 D dalvikvm: GC_CONCURRENT freed 229K, 4% free 9275K/9607K, paused 4ms+6ms
06-10 13:58:21.715   152   168 I Process : Sending signal. PID: 15691 SIG: 3
06-10 13:58:21.718 15691 15695 I dalvikvm: threadid=3: reacting to signal 3
06-10 13:58:21.718 15691 15695 I dalvikvm: Wrote stack traces to '/data/anr/traces.txt'
06-10 13:58:22.074 15691 15691 D Finsky  : [1] DailyHygiene.goMakeHygieneIfDirty: No need to run daily hygiene.
06-10 13:58:22.129 15691 15693 D dalvikvm: GC_CONCURRENT freed 383K, 5% free 9397K/9863K, paused 37ms+3ms
06-10 13:58:22.215   152   168 I Process : Sending signal. PID: 15691 SIG: 3
06-10 13:58:22.215 15691 15695 I dalvikvm: threadid=3: reacting to signal 3
06-10 13:58:22.242 15691 15695 I dalvikvm: Wrote stack traces to '/data/anr/traces.txt'
06-10 13:58:22.410 15144 15144 D OpenGLRenderer: Flushing caches (mode 1)
06-10 13:58:22.418   152   164 I ActivityManager: Process com.google.android.apps.maps:FriendService (pid 15334) has died.
06-10 13:58:22.715   152   168 I Process : Sending signal. PID: 15691 SIG: 3
06-10 13:58:22.715 15691 15695 I dalvikvm: threadid=3: reacting to signal 3
06-10 13:58:22.785 15691 15695 I dalvikvm: Wrote stack traces to '/data/anr/traces.txt'
06-10 13:58:22.804 15691 15693 D dalvikvm: GC_CONCURRENT freed 237K, 4% free 9578K/9927K, paused 9ms+2ms
06-10 13:58:23.172 15691 15693 D dalvikvm: GC_CONCURRENT freed 286K, 4% free 9746K/10119K, paused 2ms+11ms
06-10 13:58:23.215   152   168 I Process : Sending signal. PID: 15691 SIG: 3
06-10 13:58:23.215 15691 15695 I dalvikvm: threadid=3: reacting to signal 3
06-10 13:58:23.226 15691 15695 I dalvikvm: Wrote stack traces to '/data/anr/traces.txt'
06-10 13:58:23.257  7488  7530 D dalvikvm: GC_EXPLICIT freed 464K, 6% free 10372K/10951K, paused 8ms+37ms
06-10 13:58:23.496 15691 15693 D dalvikvm: GC_CONCURRENT freed 360K, 5% free 9842K/10311K, paused 2ms+4ms
06-10 13:58:23.715   152   168 I Process : Sending signal. PID: 15691 SIG: 3
06-10 13:58:23.715 15691 15695 I dalvikvm: threadid=3: reacting to signal 3
06-10 13:58:23.715 15691 15693 D dalvikvm: GC_CONCURRENT freed 167K, 4% free 10126K/10439K, paused 2ms+3ms
06-10 13:58:23.754 15691 15695 I dalvikvm: Wrote stack traces to '/data/anr/traces.txt'
06-10 13:58:24.011 15691 15691 D Finsky  : [1] DetailsDataBasedFragment.rebindViews: Page [class=DetailsFragment] loaded in [963 ms] (partial? false)
06-10 13:58:24.082 15691 15693 D dalvikvm: GC_CONCURRENT freed 47K, 2% free 10548K/10695K, paused 2ms+5ms
06-10 13:58:24.175 15691 15691 D Finsky  : [1] 1.onPostExecute: Attempt recovery of content://downloads/my_downloads/91 200
06-10 13:58:24.179 15691 15691 D Finsky  : [1] 1.onPostExecute: Releasing content://downloads/my_downloads/91 200
06-10 13:58:24.195 15691 15691 D Finsky  : [1] 2.run: Loaded library for account: [JtI6dlYpn2C-CMu_fZTfqcPsfoA]
06-10 13:58:24.195 15691 15691 D Finsky  : [1] 2.run: Finished loading 1 libraries.
06-10 13:58:24.215   152   168 I Process : Sending signal. PID: 15691 SIG: 3
06-10 13:58:24.215 15691 15695 I dalvikvm: threadid=3: reacting to signal 3
06-10 13:58:24.246 15691 15695 I dalvikvm: Wrote stack traces to '/data/anr/traces.txt'
06-10 13:58:24.363 15144 15144 D OpenGLRenderer: Flushing caches (mode 2)
06-10 13:58:24.367 15144 15144 W ManagedEGLContext: doTerminate failed: EGL count is 2 but managed count is 1
06-10 13:58:24.457 15691 15693 D dalvikvm: GC_CONCURRENT freed 395K, 5% free 10616K/11143K, paused 2ms+4ms
06-10 13:58:24.715   152   168 I Process : Sending signal. PID: 15691 SIG: 3
06-10 13:58:24.715 15691 15695 I dalvikvm: threadid=3: reacting to signal 3
06-10 13:58:24.734 15691 15695 I dalvikvm: Wrote stack traces to '/data/anr/traces.txt'
06-10 13:58:24.879 15691 15693 D dalvikvm: GC_CONCURRENT freed 395K, 5% free 10804K/11271K, paused 2ms+4ms
06-10 13:58:24.929 15691 15691 D Finsky  : [1] DetailsDataBasedFragment.rebindViews: Page [class=DetailsFragment] loaded in [1903 ms] (partial? true)
06-10 13:58:24.976 15691 15712 D dalvikvm: GC_FOR_ALLOC freed 199K, 5% free 11014K/11527K, paused 30ms
06-10 13:58:25.148 15691 15712 D dalvikvm: GC_FOR_ALLOC freed 175K, 4% free 11286K/11719K, paused 39ms
06-10 13:58:25.215   152   168 I Process : Sending signal. PID: 15691 SIG: 3
06-10 13:58:25.215 15691 15695 I dalvikvm: threadid=3: reacting to signal 3
06-10 13:58:25.297 15691 15695 I dalvikvm: Wrote stack traces to '/data/anr/traces.txt'
06-10 13:58:25.406 15691 15712 D dalvikvm: GC_FOR_ALLOC freed 104K, 4% free 11708K/12103K, paused 40ms
06-10 13:58:25.605 15691 15712 D dalvikvm: GC_FOR_ALLOC freed 136K, 3% free 11934K/12295K, paused 47ms
06-10 13:58:25.715   152   168 I Process : Sending signal. PID: 15691 SIG: 3
06-10 13:58:25.715 15691 15695 I dalvikvm: threadid=3: reacting to signal 3
06-10 13:58:25.769 15691 15695 I dalvikvm: Wrote stack traces to '/data/anr/traces.txt'
06-10 13:58:25.824 15691 15712 D dalvikvm: GC_FOR_ALLOC freed 167K, 3% free 12442K/12807K, paused 55ms
06-10 13:58:25.957   152   857 I ActivityManager: Process com.twitter.android (pid 15352) has died.
06-10 13:58:26.027 15691 15691 D libEGL  : loaded /system/lib/egl/libGLES_android.so
06-10 13:58:26.047 15691 15691 D libEGL  : loaded /vendor/lib/egl/libEGL_POWERVR_SGX540_120.so
06-10 13:58:26.090 15691 15691 D libEGL  : loaded /vendor/lib/egl/libGLESv1_CM_POWERVR_SGX540_120.so
06-10 13:58:26.121 15691 15691 D libEGL  : loaded /vendor/lib/egl/libGLESv2_POWERVR_SGX540_120.so
06-10 13:58:26.215   152   168 I Process : Sending signal. PID: 15691 SIG: 3
06-10 13:58:26.215 15691 15695 I dalvikvm: threadid=3: reacting to signal 3
06-10 13:58:26.265 15691 15695 I dalvikvm: Wrote stack traces to '/data/anr/traces.txt'
06-10 13:58:26.293 15691 15691 D OpenGLRenderer: Enabling debug mode 0
06-10 13:58:26.496 15691 15691 D Finsky  : [1] DownloadImpl.setState: self-update-download from null to UNQUEUED.
06-10 13:58:26.496 15691 15691 D Finsky  : [1] DownloadQueueImpl.add: Download self-update-download added to DownloadQueue
06-10 13:58:26.496 15691 15691 D Finsky  : [1] DownloadImpl.setState: self-update-download from UNQUEUED to QUEUED.
06-10 13:58:26.504 15144 15144 D OpenGLRenderer: Flushing caches (mode 2)
06-10 13:58:26.504 15144 15144 W ManagedEGLContext: doTerminate failed: EGL count is 2 but managed count is 1
06-10 13:58:26.539    84    84 I installd: free_cache(0) avail 773844992
06-10 13:58:26.687 15691 15693 D dalvikvm: GC_CONCURRENT freed 526K, 5% free 13106K/13703K, paused 6ms+4ms
06-10 13:58:26.718   152   168 I Process : Sending signal. PID: 15691 SIG: 3
06-10 13:58:26.718 15691 15695 I dalvikvm: threadid=3: reacting to signal 3
06-10 13:58:26.750 15691 15695 I dalvikvm: Wrote stack traces to '/data/anr/traces.txt'
06-10 13:58:27.093 15691 15691 D DfeApi  : [1] DfeRequest.deliverResponse: Not delivering second response for request=[[ ] https://android.clients.google.com/fdfe/details?doc=cn.wps.moffice_eng NORMAL 2]
06-10 13:58:27.093 15691 15691 D Volley  : [1] Request.finish: 3569 ms: [ ] https://android.clients.google.com/fdfe/details?doc=cn.wps.moffice_eng NORMAL 2
06-10 13:58:27.215   152   168 I Process : Sending signal. PID: 15691 SIG: 3
06-10 13:58:27.215 15691 15695 I dalvikvm: threadid=3: reacting to signal 3
06-10 13:58:27.277 15691 15695 I dalvikvm: Wrote stack traces to '/data/anr/traces.txt'
06-10 13:58:27.578 15691 15693 D dalvikvm: GC_CONCURRENT freed 837K, 7% free 13581K/14535K, paused 9ms+5ms
06-10 13:58:27.718   152   168 I Process : Sending signal. PID: 15691 SIG: 3
06-10 13:58:27.718 15691 15695 I dalvikvm: threadid=3: reacting to signal 3
06-10 13:58:27.742   152   164 D dalvikvm: GC_EXPLICIT freed 2209K, 26% free 17172K/22919K, paused 8ms+32ms
06-10 13:58:27.761 15691 15695 I dalvikvm: Wrote stack traces to '/data/anr/traces.txt'
06-10 13:58:28.058   152   201 I ActivityManager: Displayed com.android.vending/.AssetBrowserActivity: +7s718ms
06-10 13:58:28.078   152   655 I ActivityManager: Process com.google.android.apps.maps (pid 15654) has died.
06-10 13:58:28.090 15691 15691 D Finsky  : [1] DownloadQueueImpl.startDownload: Download self-update-download starting
06-10 13:58:28.097 15691 15691 D DfeApi  : [1] DfeRequest.deliverResponse: Not delivering second response for request=[[ ] https://android.clients.google.com/fdfe/rec?c=3&rt=4&doc=cn.wps.moffice_eng NORMAL 4]
06-10 13:58:28.101 15691 15691 D Volley  : [1] Request.finish: 3482 ms: [ ] https://android.clients.google.com/fdfe/rec?c=3&rt=4&doc=cn.wps.moffice_eng NORMAL 4
06-10 13:58:28.750 15691 15691 D Finsky  : [1] DetailsDataBasedFragment.rebindViews: Page [class=DetailsFragment] loaded in [5716 ms] (partial? true)
06-10 13:58:28.750 15691 15691 D DfeApi  : [1] DfeRequest.deliverResponse: Not delivering second response for request=[[ ] https://android.clients.google.com/fdfe/rev?doc=cn.wps.moffice_eng&sort=2 NORMAL 5]
06-10 13:58:28.761 15691 15691 D Volley  : [1] Request.finish: 3969 ms: [ ] https://android.clients.google.com/fdfe/rev?doc=cn.wps.moffice_eng&sort=2 NORMAL 5
06-10 13:58:28.761 15691 15691 D DfeApi  : [1] DfeRequest.deliverResponse: Not delivering second response for request=[[ ] https://android.clients.google.com/fdfe/rec?c=3&doc=cn.wps.moffice_eng&rt=1 NORMAL 6]
06-10 13:58:28.769 15691 15691 D Volley  : [1] Request.finish: 3921 ms: [ ] https://android.clients.google.com/fdfe/rec?c=3&doc=cn.wps.moffice_eng&rt=1 NORMAL 6
06-10 13:58:28.922 15691 15691 D DfeApi  : [1] DfeRequest.deliverResponse: Not delivering second response for request=[[ ] https://android.clients.google.com/fdfe/rec?c=3&doc=cn.wps.moffice_eng&rt=2 NORMAL 7]
06-10 13:58:28.933 15458 15730 I DownloadManager: Initiating request for download 101
06-10 13:58:28.949 15691 15691 D Volley  : [1] Request.finish: 4079 ms: [ ] https://android.clients.google.com/fdfe/rec?c=3&doc=cn.wps.moffice_eng&rt=2 NORMAL 7
06-10 13:58:28.984 15691 15691 D Finsky  : [1] MainActivity.initializeBilling: Optimistically initializing billing parameters.
06-10 13:58:29.019 15691 15691 D Finsky  : [1] DownloadImpl.setState: self-update-download from QUEUED to DOWNLOADING.
06-10 13:58:29.019 15691 15691 D Finsky  : [1] DownloadQueueImpl.notifyProgress: self-update-download: onProgress 0/-1 Status: 192.
06-10 13:58:29.090 15691 15693 D dalvikvm: GC_CONCURRENT freed 1319K, 10% free 13796K/15175K, paused 5ms+6ms
06-10 13:58:29.422 15691 15691 D Finsky  : [1] DownloadQueueImpl.onStart: self-update-download: onStart
06-10 13:58:29.558  1339  1339 D OpenGLRenderer: Flushing caches (mode 2)
06-10 13:58:29.566  1339  1339 D OpenGLRenderer: Flushing caches (mode 0)
06-10 13:58:30.332 15458 15461 D dalvikvm: GC_CONCURRENT freed 342K, 6% free 9359K/9927K, paused 7ms+4ms
06-10 13:58:30.855   152   858 I ActivityManager: Process com.google.android.gm (pid 15144) has died.
06-10 13:58:31.480   453   453 D dalvikvm: GC_FOR_ALLOC freed 747K, 16% free 10474K/12359K, paused 83ms
06-10 13:58:31.484   453   453 I dalvikvm-heap: Grow heap (frag case) to 10.849MB for 577936-byte allocation
06-10 13:58:31.648   453   456 D dalvikvm: GC_CONCURRENT freed 14K, 11% free 11024K/12359K, paused 3ms+9ms
06-10 13:58:31.859   390   392 D dalvikvm: GC_CONCURRENT freed 414K, 40% free 10260K/16903K, paused 2ms+11ms
06-10 13:58:32.140 15691 15698 I dalvikvm: Jit: resizing JitTable from 4096 to 8192
06-10 13:58:34.976   152  5617 I ActivityManager: START {act=android.intent.action.SEARCH flg=0x10000000 cmp=com.android.vending/.AssetBrowserActivity (has extras)} from pid 15691
06-10 13:58:35.140   390   390 D dalvikvm: GC_FOR_ALLOC freed 480K, 40% free 10144K/16903K, paused 36ms
06-10 13:58:35.472 15691 15691 D Finsky  : [1] DownloadQueueImpl.notifyProgress: self-update-download: onProgress 4000309/4000309 Status: 200.
06-10 13:58:35.496 15691 15691 D Finsky  : [1] DownloadBroadcastReceiver.onReceive: Intent received at DownloadBroadcastReceiver
06-10 13:58:35.742 15691 15693 D dalvikvm: GC_CONCURRENT freed 1261K, 9% free 14181K/15495K, paused 6ms+10ms
06-10 13:58:36.105 15691 15691 D Finsky  : [1] DownloadImpl.setState: self-update-download from DOWNLOADING to SUCCESS.
06-10 13:58:36.125 15691 15691 D Finsky  : [1] DownloadQueueImpl.onComplete: self-update-download: onComplete
06-10 13:58:36.125 15691 15691 D Finsky  : [1] DownloadQueueImpl.remove: Download self-update-download removed from DownloadQueue
06-10 13:58:36.129 15691 15691 D Finsky  : [1] SelfUpdateScheduler.onComplete: Self-update ready to be installed, waiting for market to close.
06-10 13:58:36.132    84    84 I installd: free_cache(0) avail 769728512
06-10 13:58:39.453 15691 15691 D Finsky  : [1] GetBillingCountriesAction.run: Skip getting fresh list of billing countries.
06-10 13:58:41.418 15691 15693 D dalvikvm: GC_CONCURRENT freed 1049K, 8% free 14887K/16007K, paused 2ms+7ms
06-10 13:58:41.441 15691 15691 D Finsky  : [1] DetailsDataBasedFragment.rebindViews: Page [class=DetailsFragment] loaded in [18412 ms] (partial? true)
06-10 13:58:42.648 15691 15693 D dalvikvm: GC_CONCURRENT freed 1419K, 9% free 15474K/16967K, paused 6ms+20ms
06-10 13:58:42.898 15691 15691 D Finsky  : [1] DetailsDataBasedFragment.rebindViews: Page [class=DetailsFragment] loaded in [19856 ms] (partial? false)
06-10 13:58:42.910 15691 15691 D DfeApi  : [1] DfeRequest.deliverResponse: Not delivering second response for request=[[ ] https://android.clients.google.com/fdfe/search?c=3&q=libre%20office NORMAL 50]
06-10 13:58:42.910 15691 15691 D DfeApi  : [1] DfeRequest.deliverResponse: Not delivering second response for request=[[ ] https://android.clients.google.com/fdfe/search?c=3&q=firefox NORMAL 51]
06-10 13:58:43.347 15691 15691 D Finsky  : [1] DetailsDataBasedFragment.rebindViews: Page [class=DetailsFragment] loaded in [20296 ms] (partial? true)
06-10 13:58:43.527 15691 15693 D dalvikvm: GC_CONCURRENT freed 1695K, 11% free 15841K/17607K, paused 7ms+17ms
06-10 13:58:43.707 15691 15713 D dalvikvm: GC_FOR_ALLOC freed 242K, 11% free 16089K/17991K, paused 75ms
06-10 13:58:43.816 15691 15715 D dalvikvm: GC_FOR_ALLOC freed 203K, 10% free 16381K/18183K, paused 51ms
06-10 13:58:43.949 15691 15714 D dalvikvm: GC_FOR_ALLOC freed 181K, 11% free 16498K/18375K, paused 52ms
06-10 13:58:44.285 15691 15691 D DfeApi  : [1] DfeRequest.deliverResponse: Not delivering second response for request=[[ ] https://android.clients.google.com/fdfe/details?doc=com.whatsapp NORMAL 59]
06-10 13:58:44.574 15691 15691 D DfeApi  : [1] DfeRequest.deliverResponse: Not delivering second response for request=[[ ] https://android.clients.google.com/fdfe/rec?c=3&doc=com.whatsapp&rt=1 NORMAL 64]
06-10 13:58:44.574 15691 15691 D DfeApi  : [1] DfeRequest.deliverResponse: Not delivering second response for request=[[ ] https://android.clients.google.com/fdfe/rec?c=3&doc=com.whatsapp&rt=2 NORMAL 65]
06-10 13:58:45.140 15691 15693 D dalvikvm: GC_CONCURRENT freed 2223K, 13% free 16335K/18631K, paused 2ms+62ms
06-10 13:58:45.386 15691 15691 D Finsky  : [1] DetailsDataBasedFragment.rebindViews: Page [class=DetailsFragment] loaded in [22369 ms] (partial? false)
06-10 13:58:45.812 15691 15691 D Finsky  : [1] DetailsDataBasedFragment.rebindViews: Page [class=DetailsFragment] loaded in [22795 ms] (partial? true)
06-10 13:58:45.925 15691 15693 D dalvikvm: GC_CONCURRENT freed 3779K, 22% free 14604K/18631K, paused 2ms+16ms
06-10 13:58:46.054 15691 15714 D dalvikvm: GC_FOR_ALLOC freed 244K, 21% free 14747K/18631K, paused 39ms
06-10 13:58:46.054 15691 15714 I dalvikvm-heap: Grow heap (frag case) to 14.934MB for 486016-byte allocation
06-10 13:58:46.109 15691 15691 D dalvikvm: GC_FOR_ALLOC freed 2K, 21% free 15219K/19143K, paused 36ms
06-10 13:58:46.781 15691 15691 D Finsky  : [1] DetailsDataBasedFragment.rebindViews: Page [class=DetailsFragment] loaded in [23776 ms] (partial? false)
06-10 13:58:47.187 15691 15693 D dalvikvm: GC_CONCURRENT freed 2350K, 23% free 14917K/19143K, paused 10ms+9ms
06-10 13:58:47.238 15691 15691 D Finsky  : [1] DetailsDataBasedFragment.rebindViews: Page [class=DetailsFragment] loaded in [24219 ms] (partial? true)
06-10 13:58:47.461 15691 15715 D dalvikvm: GC_FOR_ALLOC freed 641K, 18% free 15731K/19143K, paused 68ms
06-10 13:58:47.461 15691 15715 I dalvikvm-heap: Grow heap (frag case) to 15.617MB for 194416-byte allocation
06-10 13:58:47.523 15691 15691 D dalvikvm: GC_FOR_ALLOC freed 5K, 18% free 15916K/19335K, paused 42ms
06-10 13:58:47.621 15691 15714 D dalvikvm: GC_FOR_ALLOC freed 220K, 18% free 15975K/19335K, paused 62ms
06-10 13:58:47.621 15691 15714 I dalvikvm-heap: Grow heap (frag case) to 16.133MB for 486016-byte allocation
06-10 13:58:47.683 15691 15691 D dalvikvm: GC_FOR_ALLOC freed 1K, 18% free 16449K/19847K, paused 44ms
06-10 13:58:47.781 15691 15716 D dalvikvm: GC_FOR_ALLOC freed 216K, 17% free 16518K/19847K, paused 39ms
06-10 13:58:47.781 15691 15716 I dalvikvm-heap: Grow heap (frag case) to 16.644MB for 466576-byte allocation
06-10 13:58:47.840 15691 15714 D dalvikvm: GC_FOR_ALLOC freed <1K, 17% free 16972K/20359K, paused 42ms
06-10 13:58:48.492 15691 15691 D Finsky  : [1] DetailsDataBasedFragment.rebindViews: Page [class=DetailsFragment] loaded in [25507 ms] (partial? false)
06-10 13:58:48.925 15691 15693 D dalvikvm: GC_CONCURRENT freed 3416K, 24% free 15604K/20359K, paused 2ms+20ms
06-10 13:58:49.035 15691 15691 D Finsky  : [1] DetailsDataBasedFragment.rebindViews: Page [class=DetailsFragment] loaded in [25970 ms] (partial? true)
06-10 13:58:49.406   152   491 D dalvikvm: GC_EXPLICIT freed 1588K, 28% free 16569K/22919K, paused 3ms+11ms
06-10 13:58:49.961 15691 15693 D dalvikvm: GC_CONCURRENT freed 2648K, 27% free 15003K/20359K, paused 3ms+28ms
06-10 13:58:50.023 15691 15691 W IInputConnectionWrapper: showStatusIcon on inactive InputConnection
06-10 13:58:50.156 15691 15691 D OpenGLRenderer: Flushing caches (mode 0)
06-10 13:58:52.711 15691 15691 D OpenGLRenderer: Flushing caches (mode 1)
06-10 13:58:53.547  1339  1342 D dalvikvm: GC_CONCURRENT freed 1421K, 43% free 11594K/20039K, paused 7ms+5ms
06-10 13:58:53.601   152   163 I ActivityManager: START {act=android.intent.action.MAIN cat=[android.intent.category.LAUNCHER] flg=0x10000000 pkg=com.facebook.orca cmp=com.facebook.orca/.auth.StartScreenActivity bnds=[120,556][240,706]} from pid 1339
06-10 13:58:53.699   152   491 I ActivityManager: Start proc com.facebook.orca for activity com.facebook.orca/.threadlist.ThreadListActivity: pid=15753 uid=10061 gids={3003, 1015, 1006}
06-10 13:58:53.715 15753 15753 I dalvikvm: Turning on JNI app bug workarounds for target SDK version 10...
06-10 13:58:53.918  1339  1339 D OpenGLRenderer: Flushing caches (mode 1)
06-10 13:58:53.933  1339  1339 D OpenGLRenderer: Flushing caches (mode 0)
06-10 13:58:53.976 15753 15753 I ActivityThread: Pub com.facebook.orca.notify.MessengerLoggedInUserProvider: com.facebook.orca.notify.MessengerLoggedInUserProvider
06-10 13:58:54.000 15753 15753 I ActivityThread: Pub com.facebook.orca.notify.MessengerForegroundProvider: com.facebook.orca.notify.MessengerForegroundProvider
06-10 13:58:54.007 15753 15753 V orca:OrcaApplication: Forcing initialization of AsyncTask
06-10 13:58:54.132 15753 15755 D dalvikvm: GC_CONCURRENT freed 227K, 4% free 9309K/9607K, paused 2ms+5ms
06-10 13:58:54.140 15753 15753 I Finalizer: Couldn't access Thread.inheritableThreadLocals. Reference finalizer threads will inherit thread local values.
06-10 13:58:54.242   152   168 I Process : Sending signal. PID: 15753 SIG: 3
06-10 13:58:54.242 15753 15757 I dalvikvm: threadid=3: reacting to signal 3
06-10 13:58:54.289 15753 15757 I dalvikvm: Wrote stack traces to '/data/anr/traces.txt'
06-10 13:58:54.496 15753 15755 D dalvikvm: GC_CONCURRENT freed 359K, 5% free 9459K/9863K, paused 2ms+5ms
06-10 13:58:54.652 15753 15753 W OrcaGuiceModule: Sig: ijxLJi1yGs1JpL-X1SExmchvork
06-10 13:58:54.746   152   168 I Process : Sending signal. PID: 15753 SIG: 3
06-10 13:58:54.746 15753 15757 I dalvikvm: threadid=3: reacting to signal 3
06-10 13:58:54.820 15753 15757 I dalvikvm: Wrote stack traces to '/data/anr/traces.txt'
06-10 13:58:54.867 15753 15755 D dalvikvm: GC_CONCURRENT freed 263K, 4% free 9655K/9991K, paused 7ms+9ms
06-10 13:58:54.910   152   857 I ActivityManager: START {cmp=com.facebook.orca/.app.SplashScreenActivity (has extras)} from pid 15753
06-10 13:58:55.382   390   390 V PhoneStatusBar: setLightsOn(true)
06-10 13:58:55.422   152   168 I Process : Sending signal. PID: 15753 SIG: 3
06-10 13:58:55.422 15753 15757 I dalvikvm: threadid=3: reacting to signal 3
06-10 13:58:55.425 15753 15753 D libEGL  : loaded /system/lib/egl/libGLES_android.so
06-10 13:58:55.449 15753 15757 I dalvikvm: Wrote stack traces to '/data/anr/traces.txt'
06-10 13:58:55.511 15753 15753 D libEGL  : loaded /vendor/lib/egl/libEGL_POWERVR_SGX540_120.so
06-10 13:58:55.562 15753 15753 D libEGL  : loaded /vendor/lib/egl/libGLESv1_CM_POWERVR_SGX540_120.so
06-10 13:58:55.574 15753 15753 D libEGL  : loaded /vendor/lib/egl/libGLESv2_POWERVR_SGX540_120.so
06-10 13:58:55.640 15753 15769 W Resources: Converting to string: TypedValue{t=0x10/d=0xffffffff a=-1}
06-10 13:58:55.769 15753 15753 D OpenGLRenderer: Enabling debug mode 0
06-10 13:58:55.812   152   552 I ActivityManager: START {flg=0x4010000 cmp=com.facebook.orca/.threadlist.ThreadListActivity} from pid 15753
06-10 13:58:55.922   152   168 I Process : Sending signal. PID: 15753 SIG: 3
06-10 13:58:55.922 15753 15757 I dalvikvm: threadid=3: reacting to signal 3
06-10 13:58:55.945 15753 15755 D dalvikvm: GC_CONCURRENT freed 291K, 4% free 9884K/10247K, paused 19ms+3ms
06-10 13:58:55.957 15753 15757 I dalvikvm: Wrote stack traces to '/data/anr/traces.txt'
06-10 13:58:56.215 15753 15755 D dalvikvm: GC_CONCURRENT freed 311K, 4% free 10117K/10503K, paused 2ms+5ms
06-10 13:58:56.285 15753 15769 D dalvikvm: GC_FOR_ALLOC freed 117K, 5% free 10231K/10695K, paused 50ms
06-10 13:58:56.300 15753 15753 D ACRA    : Retrieve application default SharedPreferences.
06-10 13:58:56.300 15753 15753 D ACRA    : Set OnSharedPreferenceChangeListener.
06-10 13:58:56.300 15753 15753 D ACRA    : ACRA is enabled for com.facebook.orca, intializing...
06-10 13:58:56.347   152   168 I Process : Sending signal. PID: 15753 SIG: 3
06-10 13:58:56.347 15753 15757 I dalvikvm: threadid=3: reacting to signal 3
06-10 13:58:56.347   152   168 W ActivityManager: Activity pause timeout for ActivityRecord{41444e98 com.facebook.orca/.app.SplashScreenActivity}
06-10 13:58:56.398 15753 15769 D dalvikvm: GC_FOR_ALLOC freed 194K, 6% free 10261K/10823K, paused 43ms
06-10 13:58:56.398 15753 15757 I dalvikvm: Wrote stack traces to '/data/anr/traces.txt'
06-10 13:58:56.449 15753 15769 D dalvikvm: GC_FOR_ALLOC freed 62K, 5% free 10325K/10823K, paused 38ms
06-10 13:58:56.535 15753 15769 D dalvikvm: GC_FOR_ALLOC freed 201K, 6% free 10376K/10951K, paused 29ms
06-10 13:58:56.539 15753 15753 D ACRA    : Looking for error files in /data/data/com.facebook.orca/app_acra-reports
06-10 13:58:56.699 15691 15773 D Finsky  : [2996] OnCompleteListenerNotifier.doInBackground: Signature check not required.
06-10 13:58:56.812 15753 15755 D dalvikvm: GC_CONCURRENT freed 314K, 4% free 10630K/11015K, paused 2ms+9ms
06-10 13:58:56.906   152   168 I Process : Sending signal. PID: 15753 SIG: 3
06-10 13:58:56.906 15753 15757 I dalvikvm: threadid=3: reacting to signal 3
06-10 13:58:56.941 15753 15757 I dalvikvm: Wrote stack traces to '/data/anr/traces.txt'
06-10 13:58:57.058 15753 15755 D dalvikvm: GC_CONCURRENT freed 107K, 2% free 11093K/11271K, paused 5ms+6ms
06-10 13:58:57.261 15691 15691 D OpenGLRenderer: Flushing caches (mode 2)
06-10 13:58:57.375 15753 15755 D dalvikvm: GC_CONCURRENT freed 403K, 4% free 11436K/11911K, paused 13ms+9ms
06-10 13:58:57.406   152   168 I Process : Sending signal. PID: 15753 SIG: 3
06-10 13:58:57.406 15753 15757 I dalvikvm: threadid=3: reacting to signal 3
06-10 13:58:57.461 15753 15757 I dalvikvm: Wrote stack traces to '/data/anr/traces.txt'
06-10 13:58:57.722 15313 15315 D dalvikvm: GC_CONCURRENT freed 501K, 6% free 10101K/10695K, paused 117ms+6ms
06-10 13:58:57.742 15753 15755 D dalvikvm: GC_CONCURRENT freed 369K, 4% free 11919K/12359K, paused 11ms+4ms
06-10 13:58:57.808   152   172 I ActivityManager: Start proc com.android.defcontainer for service com.android.defcontainer/.DefaultContainerService: pid=15783 uid=10010 gids={1015, 2001}
06-10 13:58:57.906   152   168 I Process : Sending signal. PID: 15753 SIG: 3
06-10 13:58:57.906 15753 15757 I dalvikvm: threadid=3: reacting to signal 3
06-10 13:58:58.000 15753 15757 I dalvikvm: Wrote stack traces to '/data/anr/traces.txt'
06-10 13:58:58.004   152   375 I ActivityManager: Process android.process.acore (pid 15670) has died.
06-10 13:58:58.054   390   390 V PhoneStatusBar: setLightsOn(true)
06-10 13:58:58.113 15753 15753 D OpenGLRenderer: Flushing caches (mode 0)
06-10 13:58:58.277   152   201 I ActivityManager: Displayed com.facebook.orca/.threadlist.ThreadListActivity: +1s871ms (total +4s619ms)
06-10 13:58:58.429   152   172 W ActivityManager: No content provider found for permission revoke: file:///data/data/com.android.providers.downloads/cache/downloadfile-1.apk
06-10 13:58:58.836 15753 15755 D dalvikvm: GC_CONCURRENT freed 1100K, 10% free 11827K/12999K, paused 3ms+6ms
06-10 13:58:58.976  1339  1339 D OpenGLRenderer: Flushing caches (mode 2)
06-10 13:58:59.136  1339  1339 D OpenGLRenderer: Flushing caches (mode 0)
06-10 13:58:59.218   152   172 W ActivityManager: No content provider found for permission revoke: file:///data/data/com.android.providers.downloads/cache/downloadfile-1.apk
06-10 13:58:59.277 15753 15755 D dalvikvm: GC_CONCURRENT freed 781K, 8% free 11988K/12999K, paused 2ms+4ms
06-10 13:58:59.929 15753 15755 D dalvikvm: GC_CONCURRENT freed 504K, 5% free 12488K/13063K, paused 13ms+4ms
06-10 13:59:00.156   390   392 D dalvikvm: GC_CONCURRENT freed 414K, 41% free 10120K/16903K, paused 1ms+10ms
06-10 13:59:00.511 15753 15755 D dalvikvm: GC_CONCURRENT freed 1058K, 9% free 12638K/13767K, paused 2ms+7ms
06-10 13:59:00.828   152   154 D dalvikvm: GC_CONCURRENT freed 1262K, 26% free 17081K/22919K, paused 18ms+14ms
06-10 13:59:00.898 15753 15775 D dalvikvm: GC_FOR_ALLOC freed 381K, 10% free 12671K/13959K, paused 104ms
06-10 13:59:01.769   152   154 D dalvikvm: GC_CONCURRENT freed 1458K, 24% free 17554K/22919K, paused 3ms+6ms
06-10 13:59:02.093   152   154 D dalvikvm: GC_CONCURRENT freed 1938K, 24% free 17602K/22919K, paused 4ms+7ms
06-10 13:59:02.457 15753 15755 D dalvikvm: GC_CONCURRENT freed 1059K, 9% free 12828K/13959K, paused 2ms+7ms
06-10 13:59:03.707   152   154 D dalvikvm: GC_CONCURRENT freed 1992K, 24% free 17596K/22919K, paused 3ms+8ms
06-10 13:59:03.800 15753 15755 D dalvikvm: GC_CONCURRENT freed 1212K, 10% free 12931K/14215K, paused 3ms+5ms
06-10 13:59:04.257 15753 15755 D dalvikvm: GC_CONCURRENT freed 1296K, 10% free 12975K/14343K, paused 6ms+5ms
06-10 13:59:04.836 15753 15755 D dalvikvm: GC_CONCURRENT freed 1289K, 10% free 13047K/14407K, paused 5ms+12ms
06-10 13:59:04.968   152   172 D dalvikvm: GC_EXPLICIT freed 1888K, 24% free 17579K/22919K, paused 5ms+23ms
06-10 13:59:05.050 15691 15703 D Finsky  : [2966] 1.packageInstalled: Package install status for "com.android.vending" is -104
06-10 13:59:05.050 15691 15703 W Finsky  : [2966] 1.packageInstalled: Package name mismatsch: ours:  package manager's: com.android.vending
06-10 13:59:05.488 15753 15755 D dalvikvm: GC_CONCURRENT freed 1297K, 10% free 13103K/14471K, paused 2ms+7ms
06-10 13:59:05.965 15753 15755 D dalvikvm: GC_CONCURRENT freed 1308K, 10% free 13155K/14535K, paused 2ms+5ms
06-10 13:59:09.582   152   206 I ActivityManager: START {act=android.intent.action.MAIN cat=[android.intent.category.HOME] flg=0x10200000 cmp=com.android.launcher/com.android.launcher2.Launcher} from pid 152
06-10 13:59:09.890 15753 15753 D OpenGLRenderer: Flushing caches (mode 0)
06-10 13:59:09.918   152   164 W InputManagerService: Starting input on non-focused client com.android.internal.view.IInputMethodClient$Stub$Proxy@416d1c60 (uid=10061 pid=15753)
06-10 13:59:09.933 15753 15753 D OpenGLRenderer: Flushing caches (mode 1)
06-10 13:59:10.527 15753 15753 D OpenGLRenderer: Flushing caches (mode 1)
06-10 13:59:12.340   152   198 I power   : *** set_screen_state 0
06-10 13:59:12.398    79   119 D SurfaceFlinger: About to give-up screen, flinger = 0x2c1918
06-10 13:59:12.550   152   202 V TransportControlView: Create TCV com.android.internal.widget.TransportControlView@41895718
06-10 13:59:12.797   390   390 D PhoneStatusBar: disable: < EXPAND* icons alerts TICKER* system_info back home RECENT* clock >
06-10 13:59:12.933   390   390 D PhoneStatusBar: disable: < EXPAND icons alerts TICKER system_info BACK* HOME* RECENT CLOCK* >
06-10 13:59:17.632   152   202 I power   : *** set_screen_state 1
06-10 13:59:17.793   152   202 I WindowManager: Lock screen displayed!
06-10 13:59:17.847    79   119 D SurfaceFlinger: Screen about to return, flinger = 0x2c1918
06-10 13:59:20.629   152   154 D dalvikvm: GC_CONCURRENT freed 1698K, 23% free 17850K/22919K, paused 3ms+21ms
06-10 13:59:20.715    85    85 I keystore: uid: 1000 action: p -> 1 state: 1 -> 1 retry: 4
06-10 13:59:20.734   390   390 D PhoneStatusBar: disable: < expand* icons alerts ticker* system_info BACK HOME recent* CLOCK >
06-10 13:59:20.765   152   164 W InputManagerService: Window already focused, ignoring focus gain of: com.android.internal.view.IInputMethodClient$Stub$Proxy@41af0370
06-10 13:59:20.781   390   390 D PhoneStatusBar: disable: < expand icons alerts ticker system_info back* home* recent clock* >
06-10 13:59:40.195   152   200 I ActivityManager: Start proc com.twitter.android for service com.twitter.android/.client.AppService: pid=15812 uid=10068 gids={3003, 1015}
06-10 13:59:40.246 15812 15812 I dalvikvm: Turning on JNI app bug workarounds for target SDK version 11...
06-10 13:59:40.410 15812 15812 I ActivityThread: Pub com.twitter.android.provider.GlobalDatabaseProvider: com.twitter.android.provider.GlobalDatabaseProvider
06-10 13:59:40.429 15812 15812 I ActivityThread: Pub com.twitter.android.provider.TwitterProvider: com.twitter.android.provider.TwitterProvider
06-10 13:59:40.539 15812 15815 D dalvikvm: GC_CONCURRENT freed 197K, 4% free 9289K/9607K, paused 10ms+2ms
06-10 13:59:40.910 15812 15815 D dalvikvm: GC_CONCURRENT freed 225K, 4% free 9508K/9863K, paused 4ms+3ms
06-10 13:59:41.097 15812 15815 D dalvikvm: GC_CONCURRENT freed 291K, 5% free 9632K/10055K, paused 1ms+3ms
06-10 13:59:41.261 15812 15815 D dalvikvm: GC_CONCURRENT freed 296K, 5% free 9762K/10183K, paused 2ms+2ms
06-10 13:59:41.422 15812 15815 D dalvikvm: GC_CONCURRENT freed 299K, 5% free 9884K/10311K, paused 2ms+2ms
06-10 13:59:41.574 15812 15815 D dalvikvm: GC_CONCURRENT freed 296K, 5% free 10011K/10439K, paused 2ms+2ms
06-10 13:59:41.722 15812 15815 D dalvikvm: GC_CONCURRENT freed 308K, 4% free 10146K/10567K, paused 2ms+2ms
06-10 13:59:41.871 15812 15815 D dalvikvm: GC_CONCURRENT freed 297K, 4% free 10275K/10695K, paused 1ms+3ms
06-10 13:59:42.074 15812 15815 D dalvikvm: GC_CONCURRENT freed 482K, 6% free 10219K/10823K, paused 6ms+3ms
06-10 13:59:42.230 15812 15815 D dalvikvm: GC_CONCURRENT freed 324K, 5% free 10295K/10823K, paused 2ms+2ms
06-10 13:59:42.398 15812 15815 D dalvikvm: GC_CONCURRENT freed 317K, 4% free 10393K/10823K, paused 2ms+2ms
06-10 13:59:42.558 15812 15815 D dalvikvm: GC_CONCURRENT freed 360K, 5% free 10467K/10951K, paused 1ms+2ms
06-10 13:59:42.703 15812 15815 D dalvikvm: GC_CONCURRENT freed 344K, 5% free 10548K/11015K, paused 2ms+2ms
06-10 13:59:42.859 15812 15815 D dalvikvm: GC_CONCURRENT freed 333K, 5% free 10632K/11079K, paused 2ms+2ms
06-10 13:59:43.023 15812 15815 D dalvikvm: GC_CONCURRENT freed 368K, 5% free 10720K/11207K, paused 2ms+2ms
06-10 13:59:43.183 15812 15815 D dalvikvm: GC_CONCURRENT freed 402K, 5% free 10814K/11335K, paused 2ms+2ms
06-10 13:59:43.816 15812 15815 D dalvikvm: GC_CONCURRENT freed 338K, 5% free 11002K/11463K, paused 3ms+5ms
06-10 13:59:45.527 15812 15815 D dalvikvm: GC_CONCURRENT freed 418K, 5% free 11216K/11719K, paused 5ms+26ms
06-10 13:59:50.488 15753 15755 D dalvikvm: GC_CONCURRENT freed 1313K, 10% free 13158K/14599K, paused 10ms+5ms
06-10 13:59:53.597 14624 14639 I PhoneLab-: Service Running
06-10 13:59:53.711 14624 14639 I PhoneLab-LoggerService: app_38    1290  1     1788   1344  c00f181c 400107b4 S logcat
06-10 13:59:53.711 14624 14639 I PhoneLab-LoggerService: Logcat pid from database 1290
06-10 13:59:53.711 14624 14639 I PhoneLab-LoggerService: Logcat process found 1290
06-10 13:59:53.711 14624 14639 I PhoneLab-LoggerService: Checking Threshold
06-10 13:59:56.078 15753 15753 D OpenGLRenderer: Flushing caches (mode 2)
06-10 13:59:56.082 15753 15753 D OpenGLRenderer: Flushing caches (mode 0)
06-10 13:59:56.250 13287 13289 D dalvikvm: GC_CONCURRENT freed 479K, 7% free 10221K/10951K, paused 9ms+19ms
06-10 14:00:21.254   152   198 I power   : *** set_screen_state 0
06-10 14:00:21.324    79   119 D SurfaceFlinger: About to give-up screen, flinger = 0x2c1918
06-10 14:00:26.332   152   202 V TransportControlView: Create TCV com.android.internal.widget.TransportControlView@41748090
06-10 14:00:26.394   390   390 D PhoneStatusBar: disable: < EXPAND* icons alerts TICKER* system_info back home RECENT* clock >
06-10 14:00:26.449   390   390 D PhoneStatusBar: disable: < EXPAND icons alerts TICKER system_info BACK* HOME* RECENT CLOCK* >
06-10 14:00:26.578   152   202 D dalvikvm: GC_FOR_ALLOC freed 1418K, 25% free 17372K/22919K, paused 82ms
06-10 14:00:56.074 13287 13287 D dalvikvm: GC_EXPLICIT freed 114K, 8% free 10148K/10951K, paused 2ms+2ms
06-10 14:00:56.125 15313 15315 D dalvikvm: GC_CONCURRENT freed 503K, 6% free 10102K/10695K, paused 2ms+3ms
06-10 14:01:28.027 10196 10196 D dalvikvm: GC_EXPLICIT freed 1598K, 24% free 13898K/18119K, paused 14ms+6ms
06-10 14:01:28.043   152   655 I AudioService:   Remote Control   registerMediaButtonIntent() for PendingIntent{416e6b50: PendingIntentRecord{41446e00 com.spotify.mobile.android.ui broadcastIntent}}
06-10 14:01:28.390 10196 10198 D dalvikvm: GC_CONCURRENT freed 1376K, 23% free 14110K/18119K, paused 2ms+16ms
06-10 14:01:53.578 14624 14639 I PhoneLab-: Service Running
06-10 14:01:53.644 14624 14639 I PhoneLab-LoggerService: app_38    1290  1     1788   1344  c00f181c 400107b4 S logcat
06-10 14:01:53.644 14624 14639 I PhoneLab-LoggerService: Logcat pid from database 1290
06-10 14:01:53.644 14624 14639 I PhoneLab-LoggerService: Logcat process found 1290
06-10 14:01:53.644 14624 14639 I PhoneLab-LoggerService: Checking Threshold
06-10 14:01:56.125 13287 13289 D dalvikvm: GC_CONCURRENT freed 451K, 7% free 10208K/10951K, paused 2ms+3ms
06-10 14:01:59.590   152 16653 D dalvikvm: GC_EXPLICIT freed 563K, 22% free 17949K/22919K, paused 10ms+8ms
06-10 14:02:56.164 15313 15315 D dalvikvm: GC_CONCURRENT freed 499K, 6% free 10105K/10695K, paused 2ms+2ms
06-10 14:02:56.340 13287 13289 D dalvikvm: GC_CONCURRENT freed 376K, 7% free 10260K/10951K, paused 3ms+8ms
06-10 14:02:56.511 13287 13289 D dalvikvm: GC_CONCURRENT freed 266K, 6% free 10385K/10951K, paused 2ms+2ms
06-10 14:02:57.316   152   194 I ActivityManager: Start proc com.google.android.gm for service com.google.android.gm/.provider.MailSyncAdapterService: pid=15871 uid=10019 gids={3003, 1015}
06-10 14:02:57.347    80    80 D dalvikvm: GC_EXPLICIT freed 37K, 4% free 9031K/9347K, paused 2ms+4ms
06-10 14:02:57.386    80    80 D dalvikvm: GC_EXPLICIT freed <1K, 4% free 9031K/9347K, paused 7ms+2ms
06-10 14:02:57.418    80    80 D dalvikvm: GC_EXPLICIT freed <1K, 4% free 9031K/9347K, paused 1ms+3ms
06-10 14:02:57.656 15871 15871 I ActivityThread: Pub gmail-ls: com.google.android.gm.provider.MailProvider
06-10 14:02:57.660   152   858 I ActivityManager: Process com.google.android.talk (pid 13998) has died.
06-10 14:02:57.660   152 31690 I WindowManager: WIN DEATH: Window{41442cf0 com.google.android.talk/com.google.android.talk.SigningInActivity paused=false}
06-10 14:02:57.867 15871 15871 I ActivityThread: Pub com.google.android.gm: com.google.android.gm.provider.PublicContentProvider
06-10 14:02:57.882 15871 15871 I ActivityThread: Pub com.google.android.gmail.SuggestionProvider: com.google.android.gm.SuggestionsProvider
06-10 14:02:58.379 15871 15872 D dalvikvm: GC_CONCURRENT freed 247K, 4% free 9226K/9607K, paused 14ms+3ms
06-10 14:02:58.601 15871 15889 I Gmail   : calculateUnknownSyncRationalesAndPurgeInBackground: queueing
06-10 14:02:58.644 15871 15889 I Gmail   : calculateUnknownSyncRationalesAndPurgeInBackground: queueing
06-10 14:02:58.679 15871 15887 I Gmail   : MainSyncRequestProto: lowestBkwdConvoId: 0, highestHandledServerOp: 3230409, normalSync: true
06-10 14:02:58.730 15871 15889 I Gmail   : calculateUnknownSyncRationalesAndPurgeInBackground: running
06-10 14:02:58.738 15871 15889 I Gmail   : calculateUnknownSyncRationalesAndPurgeInBackground: running
06-10 14:02:58.898 15871 15872 D dalvikvm: GC_CONCURRENT freed 257K, 4% free 9409K/9799K, paused 2ms+2ms
06-10 14:03:00.285 15871 15872 D dalvikvm: GC_CONCURRENT freed 395K, 6% free 9468K/9991K, paused 3ms+2ms
06-10 14:03:00.476 15871 15887 D dalvikvm: GC_EXPLICIT freed 360K, 6% free 9487K/9991K, paused 4ms+2ms
06-10 14:03:00.488 15871 15887 I Gmail   : MainSyncRequestProto: lowestBkwdConvoId: 0, highestHandledServerOp: 3230448, normalSync: true
06-10 14:03:01.660 15871 15872 D dalvikvm: GC_CONCURRENT freed 388K, 6% free 9542K/10055K, paused 4ms+2ms
06-10 14:03:01.871 15871 15887 D dalvikvm: GC_EXPLICIT freed 75K, 6% free 9541K/10055K, paused 4ms+2ms
06-10 14:03:01.875 15871 15887 I Gmail   : MainSyncRequestProto: lowestBkwdConvoId: 0, highestHandledServerOp: 3230448, normalSync: true
06-10 14:03:01.898 15871 15887 W Gmail   : Scheduling index for 300000 ms from now
06-10 14:03:01.941 15871 15887 I Gmail   : Sending notification intent: Intent { act=android.intent.action.PROVIDER_CHANGED dat=content://gmail-ls/unread/^i (has extras) }
06-10 14:03:02.035 15871 15898 W Gmail   : Showing notification with unreadCount of 1 and unseenCount of 1
06-10 14:03:02.035 15871 15887 I Gmail   : Sending notification intent: Intent { act=android.intent.action.PROVIDER_CHANGED dat=content://gmail-ls/unread/^iim (has extras) }
06-10 14:03:02.121   152   491 I ActivityManager: Start proc android.process.acore for content provider com.android.providers.contacts/.ContactsProvider2: pid=15900 uid=10000 gids={3003, 1015}
06-10 14:03:02.168 15900 15900 I ActivityThread: Pub call_log: com.android.providers.contacts.CallLogProvider
06-10 14:03:02.218 15900 15900 I ActivityThread: Pub com.android.voicemail: com.android.providers.contacts.VoicemailContentProvider
06-10 14:03:02.218 15900 15900 I ActivityThread: Pub user_dictionary: com.android.providers.userdictionary.UserDictionaryProvider
06-10 14:03:02.238 15900 15900 I ActivityThread: Pub com.android.social: com.android.providers.contacts.SocialProvider
06-10 14:03:02.238 15900 15900 I ActivityThread: Pub applications: com.android.providers.applications.ApplicationsProvider
06-10 14:03:02.340 15900 15900 I ActivityThread: Pub contacts;com.android.contacts: com.android.providers.contacts.ContactsProvider2
06-10 14:03:02.347 15871 15913 I Gmail   : MainSyncRequestProto: lowestBkwdConvoId: 0, highestHandledServerOp: 3230448, normalSync: true
06-10 14:03:02.386 15900 15902 D dalvikvm: GC_CONCURRENT freed 348K, 5% free 9188K/9607K, paused 1ms+6ms
06-10 14:03:02.882 15458 15917 I DownloadManager: Initiating request for download 102
06-10 14:03:03.097 15458 15461 D dalvikvm: GC_CONCURRENT freed 455K, 6% free 9338K/9927K, paused 5ms+3ms
06-10 14:03:03.101 15871 15913 D dalvikvm: GC_EXPLICIT freed 322K, 5% free 9647K/10055K, paused 16ms+18ms
06-10 14:03:03.105   152  5617 I ActivityManager: Process com.android.vending (pid 15691) has died.
06-10 14:03:03.172 15871 15913 I Gmail   : MainSyncRequestProto: lowestBkwdConvoId: 0, highestHandledServerOp: 3230448, normalSync: true
06-10 14:03:03.203 15871 15913 W Gmail   : Scheduling index for 300000 ms from now
06-10 14:03:03.492 15900 15902 D dalvikvm: GC_CONCURRENT freed 176K, 3% free 9463K/9735K, paused 3ms+4ms
06-10 14:03:04.422   390   392 D dalvikvm: GC_CONCURRENT freed 212K, 39% free 10406K/16903K, paused 4ms+6ms
06-10 14:03:04.554   390   392 D dalvikvm: GC_CONCURRENT freed 582K, 40% free 10261K/16903K, paused 1ms+2ms
06-10 14:03:05.609 15458 15924 I DownloadManager: deleting /data/data/com.android.providers.downloads/cache/downloadfile.pdf
06-10 14:03:05.855 15458 15926 I DownloadManager: Initiating request for download 103
06-10 14:03:06.000 15458 15461 D dalvikvm: GC_CONCURRENT freed 374K, 6% free 9355K/9927K, paused 7ms+3ms
06-10 14:03:07.187 13747 13749 D dalvikvm: GC_CONCURRENT freed 389K, 6% free 9280K/9799K, paused 50ms+2ms
06-10 14:03:07.293 15458 15933 I DownloadManager: deleting /data/data/com.android.providers.downloads/cache/downloadfile.pdf
06-10 14:03:07.519 15458 15935 I DownloadManager: Initiating request for download 104
06-10 14:03:07.722 15458 15461 D dalvikvm: GC_CONCURRENT freed 454K, 6% free 9353K/9927K, paused 2ms+5ms
06-10 14:03:08.554   152   552 D dalvikvm: JIT code cache reset in 4 ms (1048408 bytes 28/0)
06-10 14:03:08.582   152   552 D dalvikvm: GC_EXPLICIT freed 1268K, 22% free 17912K/22919K, paused 3ms+19ms
06-10 14:03:09.144 15458 15940 I DownloadManager: deleting /data/data/com.android.providers.downloads/cache/downloadfile.pdf
06-10 14:03:09.152 15458 15941 I DownloadManager: Initiating request for download 105
06-10 14:03:10.371 15458 15461 D dalvikvm: GC_CONCURRENT freed 411K, 6% free 9382K/9927K, paused 5ms+2ms
06-10 14:03:10.890 15458 15947 I DownloadManager: deleting /data/data/com.android.providers.downloads/cache/downloadfile.pdf
06-10 14:03:14.699 17544 17546 D dalvikvm: GC_CONCURRENT freed 511K, 25% free 10930K/14407K, paused 9ms+5ms
06-10 14:03:27.355   152   202 I power   : *** set_screen_state 1
06-10 14:03:27.507   152   202 I WindowManager: Lock screen displayed!
06-10 14:03:27.578    79   119 D SurfaceFlinger: Screen about to return, flinger = 0x2c1918
06-10 14:03:31.324    85    85 I keystore: uid: 1000 action: p -> 1 state: 1 -> 1 retry: 4
06-10 14:03:31.340   390   390 D PhoneStatusBar: disable: < expand* icons alerts ticker* system_info BACK HOME recent* CLOCK >
06-10 14:03:31.379   152 31690 W InputManagerService: Window already focused, ignoring focus gain of: com.android.internal.view.IInputMethodClient$Stub$Proxy@41914d88
06-10 14:03:31.418   390   390 D PhoneStatusBar: disable: < expand icons alerts ticker system_info back* home* recent clock* >
06-10 14:03:32.168 15900 15902 D dalvikvm: GC_CONCURRENT freed 411K, 6% free 9450K/9991K, paused 2ms+6ms
06-10 14:03:33.004   152   163 I ActivityManager: START {act=android.intent.action.VIEW dat=content://gmail-ls/account/lokeshmandvekar@gmail.com/label/^i/conversationId/1404394122677439584/maxServerMessageId/1404411713101955883/labels/lokeshmandvekar%40gmail.com^*^595230239^*^^i^*^Inbox^*^0^*^0^**^lokeshmandvekar%40gmail.com^*^-505^*^^^unseen-^i^*^^*^2147483647^*^1^**^lokeshmandvekar%40gmail.com^*^595230238^*^^f^*^Sent^*^0^*^0^**^lokeshmandvekar%40gmail.com^*^595230344^*^^iim^*^Priority+Inbox^*^0^*^0^**^lokeshmandvekar%40gmail.com^*^-506^*^^^unseen-^iim^*^^*^2147483647^*^1^**^lokeshmandvekar%40gmail.com^*^-65533^*^^o^*^%5Eo^*^0^*^1^**^lokeshmandvekar%40gmail.com^*^595230361^*^^io_im^*^Important^*^0^*^0^**^lokeshmandvekar%40gmail.com^*^595230240^*^^u^*^Unread^*^0^*^1 typ=application/gmail-ls flg=0x10008000 cmp=com.google.android.gm/.ConversationListActivityGmail bnds=[96,119][480,215] (has extras)} from pid -1
06-10 14:03:33.129   152   857 W KeyguardViewMediator: verifyUnlock called when not externally disabled
06-10 14:03:33.277   152   552 I ActivityManager: START {act=android.intent.action.VIEW dat=content://gmail-ls/account/lokeshmandvekar@gmail.com/label/^i/conversationId/1404394122677439584/maxServerMessageId/1404411713101955883/labels/lokeshmandvekar%40gmail.com^*^595230239^*^^i^*^Inbox^*^0^*^0^**^lokeshmandvekar%40gmail.com^*^-505^*^^^unseen-^i^*^^*^2147483647^*^1^**^lokeshmandvekar%40gmail.com^*^595230238^*^^f^*^Sent^*^0^*^0^**^lokeshmandvekar%40gmail.com^*^595230344^*^^iim^*^Priority+Inbox^*^0^*^0^**^lokeshmandvekar%40gmail.com^*^-506^*^^^unseen-^iim^*^^*^2147483647^*^1^**^lokeshmandvekar%40gmail.com^*^-65533^*^^o^*^%5Eo^*^0^*^1^**^lokeshmandvekar%40gmail.com^*^595230361^*^^io_im^*^Important^*^0^*^0^**^lokeshmandvekar%40gmail.com^*^595230240^*^^u^*^Unread^*^0^*^1 typ=application/gmail-ls flg=0x6000000 cmp=com.google.android.gm/.GmailActivity bnds=[96,119][480,215] (has extras)} from pid 15871
06-10 14:03:33.390 15871 15872 D dalvikvm: GC_CONCURRENT freed 360K, 5% free 9736K/10183K, paused 13ms+16ms
06-10 14:03:33.590  1339  1339 D OpenGLRenderer: Flushing caches (mode 1)
06-10 14:03:33.656  1339  1339 D OpenGLRenderer: Flushing caches (mode 0)
06-10 14:03:33.859   152   168 I Process : Sending signal. PID: 15871 SIG: 3
06-10 14:03:33.859 15871 15873 I dalvikvm: threadid=3: reacting to signal 3
06-10 14:03:33.910 15871 15873 I dalvikvm: Wrote stack traces to '/data/anr/traces.txt'
06-10 14:03:34.050 15871 15872 D dalvikvm: GC_CONCURRENT freed 237K, 4% free 10008K/10375K, paused 4ms+7ms
06-10 14:03:34.347   152   168 I Process : Sending signal. PID: 15871 SIG: 3
06-10 14:03:34.347 15871 15873 I dalvikvm: threadid=3: reacting to signal 3
06-10 14:03:34.601 15871 15873 I dalvikvm: Wrote stack traces to '/data/anr/traces.txt'
06-10 14:03:34.851   152   168 I Process : Sending signal. PID: 15871 SIG: 3
06-10 14:03:34.851 15871 15873 I dalvikvm: threadid=3: reacting to signal 3
06-10 14:03:34.882 15871 15873 I dalvikvm: Wrote stack traces to '/data/anr/traces.txt'
06-10 14:03:35.043 15871 15872 D dalvikvm: GC_CONCURRENT freed 234K, 4% free 10233K/10567K, paused 5ms+4ms
06-10 14:03:35.093 15871 15871 D libEGL  : loaded /system/lib/egl/libGLES_android.so
06-10 14:03:35.101 15871 15871 D libEGL  : loaded /vendor/lib/egl/libEGL_POWERVR_SGX540_120.so
06-10 14:03:35.125 15871 15871 D libEGL  : loaded /vendor/lib/egl/libGLESv1_CM_POWERVR_SGX540_120.so
06-10 14:03:35.132 15871 15871 D libEGL  : loaded /vendor/lib/egl/libGLESv2_POWERVR_SGX540_120.so
06-10 14:03:35.191 15871 15871 D OpenGLRenderer: Enabling debug mode 0
06-10 14:03:35.336   152   201 I ActivityManager: Displayed com.google.android.gm/.GmailActivity: +1s988ms (total +2s230ms)
06-10 14:03:35.722 15871 15872 D dalvikvm: GC_CONCURRENT freed 234K, 3% free 10438K/10759K, paused 7ms+4ms
06-10 14:03:36.285 15871 15872 D dalvikvm: GC_CONCURRENT freed 331K, 4% free 10586K/11015K, paused 2ms+13ms
06-10 14:03:37.414  1339  1339 D OpenGLRenderer: Flushing caches (mode 1)
06-10 14:03:38.113 15871 15872 D dalvikvm: GC_CONCURRENT freed 389K, 5% free 10693K/11207K, paused 9ms+7ms
06-10 14:03:38.215 15871 15974 I Gmail   : Sending notification intent: Intent { act=android.intent.action.PROVIDER_CHANGED dat=content://gmail-ls/unread/^i (has extras) }
06-10 14:03:38.347   390   390 D dalvikvm: GC_FOR_ALLOC freed 455K, 40% free 10186K/16903K, paused 27ms
06-10 14:03:38.453   390   392 D dalvikvm: GC_CONCURRENT freed 298K, 39% free 10395K/16903K, paused 7ms+4ms
06-10 14:03:38.683 15871 15974 I Gmail   : Sending notification intent: Intent { act=android.intent.action.PROVIDER_CHANGED dat=content://gmail-ls/unread/^iim (has extras) }
06-10 14:03:38.703 15871 15977 I Gmail   : MainSyncRequestProto: lowestBkwdConvoId: 0, highestHandledServerOp: 3230448, normalSync: true
06-10 14:03:38.957 15871 15872 D dalvikvm: GC_CONCURRENT freed 302K, 4% free 10837K/11271K, paused 2ms+7ms
06-10 14:03:39.777 15871 15960 D dalvikvm: GC_EXPLICIT freed 77K, 4% free 10824K/11271K, paused 50ms+11ms
06-10 14:03:41.343   152 17024 D dalvikvm: GC_EXPLICIT freed 1870K, 26% free 17188K/22919K, paused 6ms+11ms
06-10 14:03:41.429 15871 15872 D dalvikvm: GC_CONCURRENT freed 373K, 5% free 10981K/11463K, paused 3ms+10ms
06-10 14:03:42.136 15871 15977 D dalvikvm: GC_EXPLICIT freed 563K, 6% free 10914K/11591K, paused 9ms+15ms
06-10 14:03:42.336 15871 15977 I Gmail   : MainSyncRequestProto: lowestBkwdConvoId: 0, highestHandledServerOp: 3230469, normalSync: true
06-10 14:03:42.359 15871 15977 W Gmail   : Scheduling index for 300000 ms from now
06-10 14:03:42.449  7488  7492 D dalvikvm: GC_CONCURRENT freed 403K, 5% free 10413K/10951K, paused 7ms+4ms
06-10 14:03:45.683   152   206 I ActivityManager: START {act=android.intent.action.MAIN cat=[android.intent.category.HOME] flg=0x10200000 cmp=com.android.launcher/com.android.launcher2.Launcher} from pid 152
06-10 14:03:45.863 15871 15871 D OpenGLRenderer: Flushing caches (mode 0)
06-10 14:03:45.910   152   492 W InputManagerService: Starting input on non-focused client com.android.internal.view.IInputMethodClient$Stub$Proxy@413106d0 (uid=10019 pid=15871)
06-10 14:03:45.914 15871 15871 D OpenGLRenderer: Flushing caches (mode 1)
06-10 14:03:46.593 15871 15871 D OpenGLRenderer: Flushing caches (mode 1)
06-10 14:03:48.793   152 31690 I ActivityManager: START {act=android.intent.action.MAIN cat=[android.intent.category.LAUNCHER] flg=0x10200000 cmp=com.google.android.talk/.SigningInActivity bnds=[96,706][192,802]} from pid 1339
06-10 14:03:48.953   152  5616 I ActivityManager: Start proc com.google.android.talk for activity com.google.android.talk/.SigningInActivity: pid=15983 uid=10047 gids={3003, 1015, 1006, 3002}
06-10 14:03:49.136  1339  1339 D OpenGLRenderer: Flushing caches (mode 1)
06-10 14:03:49.156  1339  1339 D OpenGLRenderer: Flushing caches (mode 0)
06-10 14:03:49.261 15983 15983 I ActivityThread: Pub com.google.android.talk.SuggestionProvider: com.google.android.talk.SuggestionsProvider
06-10 14:03:49.414 15983 15983 D vclib:CallStateClient: startListening
06-10 14:03:49.507   152   168 I Process : Sending signal. PID: 15983 SIG: 3
06-10 14:03:49.507 15983 15987 I dalvikvm: threadid=3: reacting to signal 3
06-10 14:03:49.582 15983 15987 I dalvikvm: Wrote stack traces to '/data/anr/traces.txt'
06-10 14:03:49.601 15983 15985 D dalvikvm: GC_CONCURRENT freed 115K, 3% free 9370K/9607K, paused 22ms+2ms
06-10 14:03:50.015   152   168 I Process : Sending signal. PID: 15983 SIG: 3
06-10 14:03:50.015 15983 15987 I dalvikvm: threadid=3: reacting to signal 3
06-10 14:03:50.070 15983 15987 I dalvikvm: Wrote stack traces to '/data/anr/traces.txt'
06-10 14:03:50.320 15983 15985 D dalvikvm: GC_CONCURRENT freed 283K, 5% free 9575K/9991K, paused 81ms+5ms
06-10 14:03:50.343 15983 15983 D vclib:CallStateClient: startListening
06-10 14:03:50.453 15983 15983 D libEGL  : loaded /system/lib/egl/libGLES_android.so
06-10 14:03:50.465 15983 15983 D libEGL  : loaded /vendor/lib/egl/libEGL_POWERVR_SGX540_120.so
06-10 14:03:50.472 15983 15983 D libEGL  : loaded /vendor/lib/egl/libGLESv1_CM_POWERVR_SGX540_120.so
06-10 14:03:50.472 15983 15983 D libEGL  : loaded /vendor/lib/egl/libGLESv2_POWERVR_SGX540_120.so
06-10 14:03:50.507   152   168 I Process : Sending signal. PID: 15983 SIG: 3
06-10 14:03:50.507 15983 15987 I dalvikvm: threadid=3: reacting to signal 3
06-10 14:03:50.515 15983 15987 I dalvikvm: Wrote stack traces to '/data/anr/traces.txt'
06-10 14:03:50.550 15983 15983 D OpenGLRenderer: Enabling debug mode 0
06-10 14:03:50.632   152   201 I ActivityManager: Displayed com.google.android.talk/.SigningInActivity: +1s726ms
06-10 14:03:50.679  1339  1339 D OpenGLRenderer: Flushing caches (mode 1)
06-10 14:03:50.793   152   858 I ActivityManager: Process com.android.defcontainer (pid 15783) has died.
06-10 14:03:50.968 15983 15983 D vclib:CallStateClient: stopListening
06-10 14:03:50.968 15983 15983 D vclib:CallStateClient: startListening
06-10 14:03:51.148 15983 15985 D dalvikvm: GC_CONCURRENT freed 319K, 5% free 9748K/10183K, paused 11ms+11ms
06-10 14:03:51.289  1339  1339 D OpenGLRenderer: Flushing caches (mode 2)
06-10 14:03:51.340  1339  1339 D OpenGLRenderer: Flushing caches (mode 0)
06-10 14:03:51.410 15983 15985 D dalvikvm: GC_CONCURRENT freed 136K, 3% free 10096K/10375K, paused 2ms+5ms
06-10 14:03:51.902   152   491 I ActivityManager: Process com.twitter.android (pid 15812) has died.
06-10 14:03:52.273 15871 15871 D OpenGLRenderer: Flushing caches (mode 2)
06-10 14:03:52.480 15871 15871 D OpenGLRenderer: Flushing caches (mode 0)
06-10 14:03:52.484 15871 15871 W ManagedEGLContext: doTerminate failed: EGL count is 2 but managed count is 1
06-10 14:03:52.695 15983 15985 D dalvikvm: GC_CONCURRENT freed 195K, 4% free 10301K/10631K, paused 3ms+10ms
06-10 14:03:53.593 14624 14639 I PhoneLab-: Service Running
06-10 14:03:53.668 15983 15985 D dalvikvm: GC_CONCURRENT freed 140K, 3% free 10555K/10823K, paused 2ms+43ms
06-10 14:03:54.043 14624 14639 I PhoneLab-LoggerService: app_38    1290  1     1788   1344  c00f181c 400107b4 S logcat
06-10 14:03:54.047 14624 14639 I PhoneLab-LoggerService: Logcat pid from database 1290
06-10 14:03:54.058 14624 14639 I PhoneLab-LoggerService: Logcat process found 1290
06-10 14:03:54.058 14624 14639 I PhoneLab-LoggerService: Checking Threshold
06-10 14:03:54.363 15983 15985 D dalvikvm: GC_CONCURRENT freed 398K, 5% free 10589K/11079K, paused 2ms+11ms
06-10 14:03:55.519 15983 15985 D dalvikvm: GC_CONCURRENT freed 433K, 5% free 10616K/11143K, paused 2ms+7ms
06-10 14:03:56.289 15983 15985 D dalvikvm: GC_CONCURRENT freed 488K, 6% free 10629K/11271K, paused 2ms+3ms
06-10 14:03:56.761 15983 15985 D dalvikvm: GC_CONCURRENT freed 460K, 6% free 10614K/11271K, paused 2ms+7ms
06-10 14:03:57.207 15871 15871 D OpenGLRenderer: Flushing caches (mode 2)
06-10 14:03:57.230 15871 15871 D OpenGLRenderer: Flushing caches (mode 0)
06-10 14:03:57.242 15871 15871 W ManagedEGLContext: doTerminate failed: EGL count is 2 but managed count is 1
06-10 14:03:57.660 13287 13289 D dalvikvm: GC_CONCURRENT freed 666K, 8% free 10218K/11015K, paused 18ms+4ms
06-10 14:04:00.328 15983 15985 D dalvikvm: GC_CONCURRENT freed 429K, 6% free 10632K/11271K, paused 2ms+6ms
06-10 14:04:00.890 15983 15985 D dalvikvm: GC_CONCURRENT freed 437K, 6% free 10638K/11271K, paused 1ms+5ms
06-10 14:04:01.894 15983 15985 D dalvikvm: GC_CONCURRENT freed 437K, 6% free 10626K/11271K, paused 2ms+4ms
06-10 14:04:02.140 15983 15983 D dalvikvm: GC_FOR_ALLOC freed 372K, 6% free 10610K/11271K, paused 34ms
06-10 14:04:02.933 15983 15983 D dalvikvm: GC_FOR_ALLOC freed 315K, 6% free 10616K/11271K, paused 23ms
06-10 14:04:03.054 15983 15983 D dalvikvm: GC_FOR_ALLOC freed 287K, 6% free 10624K/11271K, paused 22ms
06-10 14:04:04.472 15983 15983 D OpenGLRenderer: Flushing caches (mode 0)
06-10 14:04:05.019 15983 15983 D OpenGLRenderer: Flushing caches (mode 1)
06-10 14:04:05.074 15983 15983 D vclib:CallStateClient: stopListening
06-10 14:04:07.183   152   163 I ActivityManager: START {act=android.intent.action.MAIN cat=[android.intent.category.LAUNCHER] flg=0x10200000 cmp=com.google.android.talk/.SigningInActivity bnds=[96,706][192,802]} from pid 1339
06-10 14:04:07.449 15983 15983 D vclib:CallStateClient: startListening
06-10 14:04:07.683  7488  7528 D dalvikvm: GC_EXPLICIT freed 243K, 6% free 10354K/10951K, paused 2ms+16ms
06-10 14:04:07.703 15983 16020 E talk    : [Databaseutils] pruneOldMessageHistory
06-10 14:04:07.718   152   201 I ActivityManager: Displayed com.google.android.talk/.SigningInActivity: +447ms
06-10 14:04:07.808 15983 15985 D dalvikvm: GC_CONCURRENT freed 372K, 6% free 10668K/11271K, paused 9ms+8ms
06-10 14:04:07.855   152  5616 I ActivityManager: Process com.google.android.gsf.login (pid 13747) has died.
06-10 14:04:07.957  1339  1339 D OpenGLRenderer: Flushing caches (mode 1)
06-10 14:04:07.972  1339  1339 D OpenGLRenderer: Flushing caches (mode 0)
06-10 14:04:08.066  1339  1339 D OpenGLRenderer: Flushing caches (mode 1)
06-10 14:04:08.144 15753 15760 I dalvikvm: Jit: resizing JitTable from 4096 to 8192
06-10 14:04:08.152  1339  1339 D OpenGLRenderer: Flushing caches (mode 2)
06-10 14:04:08.164  1339  1339 D OpenGLRenderer: Flushing caches (mode 0)
06-10 14:04:08.203 15871 15871 D OpenGLRenderer: Flushing caches (mode 1)
06-10 14:04:08.234 15871 16022 I Gmail   : MainSyncRequestProto: lowestBkwdConvoId: 0, highestHandledServerOp: 3230469, normalSync: true
06-10 14:04:08.281 15871 16022 W Gmail   : Scheduling index for 300000 ms from now
06-10 14:04:08.367 15983 15983 D vclib:CallStateClient: stopListening
06-10 14:04:08.371 15983 15983 D vclib:CallStateClient: startListening
06-10 14:04:08.761 15983 15985 D dalvikvm: GC_CONCURRENT freed 706K, 8% free 10505K/11335K, paused 2ms+6ms
06-10 14:04:10.230 15871 15871 D OpenGLRenderer: Flushing caches (mode 2)
06-10 14:04:10.230 15871 15871 D OpenGLRenderer: Flushing caches (mode 0)
06-10 14:04:10.230 15871 15871 W ManagedEGLContext: doTerminate failed: EGL count is 2 but managed count is 1
06-10 14:04:10.382 15983 15983 D OpenGLRenderer: Flushing caches (mode 0)
06-10 14:04:13.273  1339  1365 D dalvikvm: GC_FOR_ALLOC freed 676K, 43% free 11548K/20039K, paused 49ms
06-10 14:04:13.343   152 31690 I ActivityManager: Process android.process.acore (pid 15900) has died.
06-10 14:04:13.429  1339  1365 D dalvikvm: GC_FOR_ALLOC freed 265K, 41% free 11959K/20039K, paused 33ms
06-10 14:04:13.590  1339  1365 D dalvikvm: GC_FOR_ALLOC freed 857K, 42% free 11747K/20039K, paused 41ms
06-10 14:04:13.703  1339  1342 D dalvikvm: GC_CONCURRENT freed 1K, 37% free 12649K/20039K, paused 10ms+7ms
06-10 14:04:14.504  1339  1366 D dalvikvm: GC_FOR_ALLOC freed 2154K, 43% free 11575K/20039K, paused 37ms
06-10 14:04:14.586  1339  1366 D dalvikvm: GC_FOR_ALLOC freed 266K, 41% free 11925K/20039K, paused 35ms
06-10 14:04:14.679  1339  1366 D dalvikvm: GC_FOR_ALLOC freed 858K, 42% free 11691K/20039K, paused 34ms
06-10 14:04:14.679  1339  1366 I dalvikvm-heap: Grow heap (frag case) to 12.374MB for 925072-byte allocation
06-10 14:04:14.683 15871 15871 D OpenGLRenderer: Flushing caches (mode 2)
06-10 14:04:14.687 15871 15871 D OpenGLRenderer: Flushing caches (mode 0)
06-10 14:04:14.687 15871 15871 W ManagedEGLContext: doTerminate failed: EGL count is 2 but managed count is 1
06-10 14:04:14.746  1339  1339 D dalvikvm: GC_FOR_ALLOC freed 1K, 38% free 12593K/20039K, paused 39ms
06-10 14:04:14.910  1339  1342 D dalvikvm: GC_CONCURRENT freed 3K, 38% free 12614K/20039K, paused 2ms+20ms
06-10 14:04:15.031 15983 15983 D OpenGLRenderer: Flushing caches (mode 2)
06-10 14:04:15.062 15983 15983 D OpenGLRenderer: Flushing caches (mode 0)
06-10 14:04:15.191 15983 15983 D vclib:CallStateClient: stopListening
06-10 14:04:26.668   152   492 I ActivityManager: START {act=android.intent.action.MAIN cat=[android.intent.category.LAUNCHER] flg=0x10200000 cmp=hr.podlanica/.Start} from pid 1339
06-10 14:04:26.824   152   375 I ActivityManager: START {cmp=hr.podlanica/.slider} from pid 17544
06-10 14:04:27.019 17544 17544 D dalvikvm: GC_FOR_ALLOC freed 204K, 25% free 10903K/14407K, paused 32ms
06-10 14:04:27.019 17544 17544 I dalvikvm-heap: Grow heap (frag case) to 11.515MB for 832016-byte allocation
06-10 14:04:27.093 17544 17546 D dalvikvm: GC_CONCURRENT freed 15K, 19% free 11700K/14407K, paused 2ms+8ms
06-10 14:04:27.398 17544 16030 I Ads     : To get test ads on this device, call adRequest.addTestDevice("C7469AB962E21F7FEBBA6CA0374F5DB6");
06-10 14:04:27.453 17544 17544 D FlurryAgent: Initializing Flurry session
06-10 14:04:27.453 17544 17544 D FlurryAgent: New session
06-10 14:04:27.453 17544 17607 D FlurryAgent: generating report
06-10 14:04:27.453 17544 17607 D FlurryAgent: Sending report to: http://data.flurry.com/aap.do
06-10 14:04:27.504   152   168 I Process : Sending signal. PID: 17544 SIG: 3
06-10 14:04:27.547 17544 17548 I dalvikvm: threadid=3: reacting to signal 3
06-10 14:04:27.910 17544 16030 I Ads     : adRequestUrlHtml: <html><head><script src="http://media.admob.com/sdk-core-v40.js"></script><script>AFMA_buildAdURL({"kw":[],"preqs":7,"session_id":"2197822411478785679","u_sd":1.5,"seq_num":"8","slotname":"a14f26d18bcea03","u_w":320,"msid":"hr.podlanica","js":"afma-sdk-a-v6.0.0","mv":"8011015.com.android.vending","isu":"C7469AB962E21F7FEBBA6CA0374F5DB6","cipa":1,"format":"320x50_mb","net":"wi","app_name":"13.android.hr.podlanica","hl":"en","u_h":533,"carrier":"310120","ptime":81662472,"u_audio":3});</script></head><body></body></html>
06-10 14:04:27.972 17544 17548 I dalvikvm: Wrote stack traces to '/data/anr/traces.txt'
06-10 14:04:27.984   152   168 I Process : Sending signal. PID: 17544 SIG: 3
06-10 14:04:27.984 17544 17548 I dalvikvm: threadid=3: reacting to signal 3
06-10 14:04:28.058 17544 17548 I dalvikvm: Wrote stack traces to '/data/anr/traces.txt'
06-10 14:04:28.343   152   152 I ActivityManager: Start proc com.google.android.gsf.login for service com.google.android.gsf.login/com.google.android.gsf.loginservice.GoogleLoginService: pid=16035 uid=10009 gids={3003, 1015, 1007, 2001, 3006}
06-10 14:04:28.367   152  4554 I ActivityManager: Process com.google.android.apps.maps:LocationFriendService (pid 13287) has died.
06-10 14:04:28.496   152  4554 W ActivityManager: Scheduling restart of crashed service com.google.android.apps.maps/com.google.googlenav.appwidget.friends.FriendsAppWidgetUpdateService in 5000ms
06-10 14:04:28.504   152 31690 I ActivityManager: Process android.process.media (pid 15458) has died.
06-10 14:04:28.507   152   168 I Process : Sending signal. PID: 17544 SIG: 3
06-10 14:04:28.507 17544 17548 I dalvikvm: threadid=3: reacting to signal 3
06-10 14:04:28.609 17544 17544 D dalvikvm: GC_FOR_ALLOC freed 130K, 17% free 12015K/14407K, paused 161ms
06-10 14:04:28.613 17544 17548 I dalvikvm: Wrote stack traces to '/data/anr/traces.txt'
06-10 14:04:28.754   152   201 I ActivityManager: Displayed hr.podlanica/.slider: +1s790ms (total +2s49ms)
06-10 14:04:28.757   390   390 V PhoneStatusBar: setLightsOn(true)
06-10 14:04:28.777 17544 17607 D FlurryAgent: Report successful
06-10 14:04:28.781 17544 17607 D FlurryAgent: Processing report response
06-10 14:04:28.781 17544 17607 D FlurryAgent: Done sending initial agent report
06-10 14:04:28.843   152   492 W InputManagerService: Starting input on non-focused client com.android.internal.view.IInputMethodClient$Stub$Proxy@41489078 (uid=10027 pid=1339)
06-10 14:04:29.328 17544 17544 I Ads     : Received ad url: <url: "http://googleads.g.doubleclick.net:80/mads/gma?kw&preqs=7&session_id=2197822411478785679&u_sd=1.5&slotname=a14f26d18bcea03&u_w=320&msid=hr.podlanica&js=afma-sdk-a-v6.0.0&mv=8011015.com.android.vending&isu=C7469AB962E21F7FEBBA6CA0374F5DB6&cipa=1&format=320x50_mb&net=wi&app_name=13.android.hr.podlanica&hl=en&u_h=533&carrier=310120&ptime=81662472&u_audio=3&u_so=p&output=html&region=mobile_app&u_tz=240&ex=1&client_sdk=1&kw_type=broad&askip=2&caps=inlineVideo_interactiveVideo_clickTracking_sdkAdmobApiForAds&jsv=26" type: "admob" afmaNotifyDt: "null">
06-10 14:04:29.808 17544 17546 D dalvikvm: GC_CONCURRENT freed 995K, 17% free 11965K/14407K, paused 10ms+3ms
06-10 14:04:29.851 17544 17544 V STOP    : Standroid.app.SharedPreferencesImpl@4138cca0
06-10 14:04:29.851 17544 17544 V STOP    : Standroid.app.SharedPreferencesImpl@4138cca0
06-10 14:04:29.855 17544 17544 V STOP    : Standroid.app.SharedPreferencesImpl@4138cca0
06-10 14:04:29.863 17544 17544 V STOP    : Standroid.app.SharedPreferencesImpl@4138cca0
06-10 14:04:30.257 17544 17544 I Ads     : onReceiveAd()
06-10 14:04:30.402   390   392 D dalvikvm: GC_CONCURRENT freed 566K, 39% free 10320K/16903K, paused 4ms+4ms
06-10 14:04:31.136 17544 17546 D dalvikvm: GC_CONCURRENT freed 123K, 12% free 12796K/14407K, paused 3ms+4ms
06-10 14:04:31.140 17544 17553 W CursorWrapperInner: Cursor finalized without prior close()
06-10 14:04:31.140   390   390 V PhoneStatusBar: setLightsOn(true)
06-10 14:04:31.187 17544 17544 D webviewglue: nativeDestroy view: 0x1d6d128
06-10 14:04:31.261 17544 17544 D FlurryAgent: Ending session
06-10 14:04:33.550   152   169 I ActivityManager: Start proc com.google.android.apps.maps:LocationFriendService for service com.google.android.apps.maps/com.google.googlenav.appwidget.friends.FriendsAppWidgetUpdateService: pid=16061 uid=10057 gids={3003, 1015}
06-10 14:04:33.726 16061 16064 D dalvikvm: GC_CONCURRENT freed 161K, 3% free 9375K/9607K, paused 17ms+3ms
06-10 14:04:33.961   152   491 I ActivityManager: Process com.facebook.orca (pid 15753) has died.
06-10 14:04:33.961   152   491 W ActivityManager: Scheduling restart of crashed service com.facebook.orca/.push.mqtt.MqttPushService in 5000ms
06-10 14:04:33.961   152   858 I WindowManager: WIN DEATH: Window{419f9f70 com.facebook.orca/com.facebook.orca.threadlist.ThreadListActivity paused=false}
06-10 14:04:33.965   152   206 W InputDispatcher: channel '419f9f70 com.facebook.orca/com.facebook.orca.threadlist.ThreadListActivity (server)' ~ Consumer closed input channel or an error occurred.  events=0x8
06-10 14:04:33.965   152   206 E InputDispatcher: channel '419f9f70 com.facebook.orca/com.facebook.orca.threadlist.ThreadListActivity (server)' ~ Channel is unrecoverably broken and will be disposed!
06-10 14:04:33.965   152   858 W InputDispatcher: Attempted to unregister already unregistered input channel '419f9f70 com.facebook.orca/com.facebook.orca.threadlist.ThreadListActivity (server)'
06-10 14:04:33.972   152   206 I WindowManager: WINDOW DIED Window{419f9f70 com.facebook.orca/com.facebook.orca.threadlist.ThreadListActivity paused=false}
06-10 14:04:34.308 16061 16064 D dalvikvm: GC_CONCURRENT freed 189K, 4% free 9664K/9991K, paused 12ms+4ms
06-10 14:04:37.718   390   390 V PhoneStatusBar: setLightsOn(true)
06-10 14:04:37.914   152   154 D dalvikvm: GC_CONCURRENT freed 2498K, 28% free 16665K/22919K, paused 21ms+11ms
06-10 14:04:38.007   152   492 I ActivityManager: Start proc android.process.acore for content provider com.android.providers.contacts/.ContactsProvider2: pid=16079 uid=10000 gids={3003, 1015}
06-10 14:04:38.070 16079 16079 I ActivityThread: Pub call_log: com.android.providers.contacts.CallLogProvider
06-10 14:04:38.121 16079 16079 I ActivityThread: Pub com.android.voicemail: com.android.providers.contacts.VoicemailContentProvider
06-10 14:04:38.132 16079 16079 I ActivityThread: Pub user_dictionary: com.android.providers.userdictionary.UserDictionaryProvider
06-10 14:04:38.144 16079 16079 I ActivityThread: Pub com.android.social: com.android.providers.contacts.SocialProvider
06-10 14:04:38.148 16079 16079 I ActivityThread: Pub applications: com.android.providers.applications.ApplicationsProvider
06-10 14:04:38.277 16079 16081 D dalvikvm: GC_CONCURRENT freed 329K, 5% free 9151K/9607K, paused 3ms+2ms
06-10 14:04:38.277 16079 16079 I ActivityThread: Pub contacts;com.android.contacts: com.android.providers.contacts.ContactsProvider2
06-10 14:04:38.320   152  5616 I ActivityManager: START {cmp=hr.podlanica/.slider} from pid 17544
06-10 14:04:38.578 17544 16096 I Ads     : To get test ads on this device, call adRequest.addTestDevice("C7469AB962E21F7FEBBA6CA0374F5DB6");
06-10 14:04:38.632 17544 16096 I Ads     : adRequestUrlHtml: <html><head><script src="http://media.admob.com/sdk-core-v40.js"></script><script>AFMA_buildAdURL({"kw":[],"preqs":8,"session_id":"2197822411478785679","u_sd":1.5,"seq_num":"9","slotname":"a14f26d18bcea03","u_w":320,"msid":"hr.podlanica","js":"afma-sdk-a-v6.0.0","mv":"8011015.com.android.vending","isu":"C7469AB962E21F7FEBBA6CA0374F5DB6","cipa":1,"format":"320x50_mb","net":"wi","app_name":"13.android.hr.podlanica","hl":"en","u_h":533,"carrier":"310120","ptime":81673652,"u_audio":3});</script></head><body></body></html>
06-10 14:04:38.644 17544 17544 D FlurryAgent: Initializing Flurry session
06-10 14:04:38.644 17544 17544 D FlurryAgent: Continuing previous session
06-10 14:04:38.707   390   390 V PhoneStatusBar: setLightsOn(true)
06-10 14:04:38.793 17544 17544 D dalvikvm: GC_FOR_ALLOC freed 1120K, 16% free 12119K/14407K, paused 43ms
06-10 14:04:38.808   152   201 I ActivityManager: Displayed hr.podlanica/.slider: +459ms
06-10 14:04:38.988   152   169 I ActivityManager: Start proc com.facebook.orca for service com.facebook.orca/.push.mqtt.MqttPushService: pid=16098 uid=10061 gids={3003, 1015, 1006}
06-10 14:04:39.011 16098 16098 I dalvikvm: Turning on JNI app bug workarounds for target SDK version 10...
06-10 14:04:39.082 17544 17544 I Ads     : Received ad url: <url: "http://googleads.g.doubleclick.net:80/mads/gma?kw&preqs=8&session_id=2197822411478785679&u_sd=1.5&slotname=a14f26d18bcea03&u_w=320&msid=hr.podlanica&js=afma-sdk-a-v6.0.0&mv=8011015.com.android.vending&isu=C7469AB962E21F7FEBBA6CA0374F5DB6&cipa=1&format=320x50_mb&net=wi&app_name=13.android.hr.podlanica&hl=en&u_h=533&carrier=310120&ptime=81673652&u_audio=3&u_so=p&output=html&region=mobile_app&u_tz=240&ex=1&client_sdk=1&kw_type=broad&askip=3&caps=inlineVideo_interactiveVideo_clickTracking_sdkAdmobApiForAds&jsv=26" type: "admob" afmaNotifyDt: "null">
06-10 14:04:39.125 17544 17544 I Ads     : Refreshing ad.
06-10 14:04:39.179 17544 16113 I Ads     : adRequestUrlHtml: <html><head><script src="http://media.admob.com/sdk-core-v40.js"></script><script>AFMA_buildAdURL({"kw":[],"preqs":9,"session_id":"2197822411478785679","u_sd":1.5,"seq_num":"10","slotname":"a14f26d18bcea03","u_w":320,"msid":"hr.podlanica","js":"afma-sdk-a-v6.0.0","mv":"8011015.com.android.vending","isu":"C7469AB962E21F7FEBBA6CA0374F5DB6","cipa":1,"format":"320x50_mb","net":"wi","app_name":"13.android.hr.podlanica","hl":"en","u_h":533,"carrier":"310120","ptime":81674237,"u_audio":3,"prl":1369});</script></head><body></body></html>
06-10 14:04:39.300 16098 16098 I ActivityThread: Pub com.facebook.orca.notify.MessengerLoggedInUserProvider: com.facebook.orca.notify.MessengerLoggedInUserProvider
06-10 14:04:39.324 16098 16098 I ActivityThread: Pub com.facebook.orca.notify.MessengerForegroundProvider: com.facebook.orca.notify.MessengerForegroundProvider
06-10 14:04:39.332 16098 16098 V orca:OrcaApplication: Forcing initialization of AsyncTask
06-10 14:04:39.500 17544 17546 D dalvikvm: GC_CONCURRENT freed 1139K, 18% free 11913K/14407K, paused 2ms+16ms
06-10 14:04:39.531 16098 16101 D dalvikvm: GC_CONCURRENT freed 223K, 4% free 9313K/9607K, paused 3ms+15ms
06-10 14:04:39.531 16098 16098 I Finalizer: Couldn't access Thread.inheritableThreadLocals. Reference finalizer threads will inherit thread local values.
06-10 14:04:39.554 17544 17544 D webviewglue: nativeDestroy view: 0x1df1f48
06-10 14:04:39.789 17544 17546 D dalvikvm: GC_CONCURRENT freed 26K, 12% free 12787K/14407K, paused 2ms+20ms
06-10 14:04:39.855 17544 17544 I Ads     : Received ad url: <url: "http://googleads.g.doubleclick.net:80/mads/gma?kw&preqs=9&session_id=2197822411478785679&u_sd=1.5&slotname=a14f26d18bcea03&u_w=320&msid=hr.podlanica&js=afma-sdk-a-v6.0.0&mv=8011015.com.android.vending&isu=C7469AB962E21F7FEBBA6CA0374F5DB6&cipa=1&format=320x50_mb&net=wi&app_name=13.android.hr.podlanica&hl=en&u_h=533&carrier=310120&ptime=81674237&u_audio=3&prl=1369&u_so=p&output=html&region=mobile_app&u_tz=240&ex=1&client_sdk=1&kw_type=broad&askip=4&caps=inlineVideo_interactiveVideo_clickTracking_sdkAdmobApiForAds&jsv=26" type: "admob" afmaNotifyDt: "null">
06-10 14:04:39.929 17544 17544 D FlurryAgent: Ending session
06-10 14:04:40.047 16098 16101 D dalvikvm: GC_CONCURRENT freed 369K, 5% free 9448K/9927K, paused 2ms+3ms
06-10 14:04:40.211 17544 17544 I Ads     : onReceiveAd()
06-10 14:04:40.297 16098 16098 W OrcaGuiceModule: Sig: ijxLJi1yGs1JpL-X1SExmchvork
06-10 14:04:40.398 17544 17544 I Ads     : onReceiveAd()
06-10 14:04:40.457 16079 16081 D dalvikvm: GC_CONCURRENT freed 172K, 4% free 9365K/9671K, paused 39ms+2ms
06-10 14:04:40.461 16098 16101 D dalvikvm: GC_CONCURRENT freed 263K, 4% free 9623K/9991K, paused 14ms+3ms
06-10 14:04:40.730 16098 16118 W Resources: Converting to string: TypedValue{t=0x10/d=0xffffffff a=-1}
06-10 14:04:40.871 16098 16101 D dalvikvm: GC_CONCURRENT freed 316K, 4% free 9859K/10247K, paused 2ms+7ms
06-10 14:04:41.101 16098 16101 D dalvikvm: GC_CONCURRENT freed 327K, 4% free 10102K/10503K, paused 2ms+7ms
06-10 14:04:41.105 16098 16098 D ACRA    : Retrieve application default SharedPreferences.
06-10 14:04:41.105 16098 16098 D ACRA    : Set OnSharedPreferenceChangeListener.
06-10 14:04:41.105 16098 16098 D ACRA    : ACRA is enabled for com.facebook.orca, intializing...
06-10 14:04:41.156 16098 16118 D dalvikvm: GC_FOR_ALLOC freed 254K, 5% free 10189K/10695K, paused 25ms
06-10 14:04:41.222 16098 16118 D dalvikvm: GC_FOR_ALLOC freed 263K, 5% free 10299K/10823K, paused 26ms
06-10 14:04:41.230 16098 16098 D ACRA    : Looking for error files in /data/data/com.facebook.orca/app_acra-reports
06-10 14:04:41.523 16098 16101 D dalvikvm: GC_CONCURRENT freed 367K, 5% free 10449K/10887K, paused 2ms+4ms
06-10 14:04:41.668   152   163 I ActivityManager: START {act=android.intent.action.MAIN cat=[android.intent.category.LAUNCHER] flg=0x10200000 cmp=edu.buffalo.cse.phonelab.phonelabservices/.PhoneLabMainView} from pid 1339
06-10 14:04:41.898 14624 14624 I PhoneLab-PhoneLabMainView: Rescheduling periodic checking...
06-10 14:04:41.902 14624 14624 I System.out: /data/data/edu.buffalo.cse.phonelab.phonelabservices
06-10 14:04:41.992  1339  1339 D OpenGLRenderer: Flushing caches (mode 1)
06-10 14:04:42.007 14624 14624 D libEGL  : loaded /system/lib/egl/libGLES_android.so
06-10 14:04:42.015 14624 14624 D libEGL  : loaded /vendor/lib/egl/libEGL_POWERVR_SGX540_120.so
06-10 14:04:42.031 14624 14624 D libEGL  : loaded /vendor/lib/egl/libGLESv1_CM_POWERVR_SGX540_120.so
06-10 14:04:42.035 14624 14624 D libEGL  : loaded /vendor/lib/egl/libGLESv2_POWERVR_SGX540_120.so
06-10 14:04:42.148 14624 14624 D OpenGLRenderer: Enabling debug mode 0
06-10 14:04:42.242   152   168 I Process : Sending signal. PID: 14624 SIG: 3
06-10 14:04:42.242 14624 14629 I dalvikvm: threadid=3: reacting to signal 3
06-10 14:04:42.269  1339  1339 D OpenGLRenderer: Flushing caches (mode 0)
06-10 14:04:42.293 14624 14629 I dalvikvm: Wrote stack traces to '/data/anr/traces.txt'
06-10 14:04:42.359   152   201 I ActivityManager: Displayed edu.buffalo.cse.phonelab.phonelabservices/.PhoneLabMainView: +620ms
06-10 14:04:42.382 16098 16101 D dalvikvm: GC_CONCURRENT freed 152K, 3% free 10855K/11079K, paused 3ms+104ms
06-10 14:04:42.500   152   163 W InputManagerService: Starting input on non-focused client com.android.internal.view.IInputMethodClient$Stub$Proxy@41489078 (uid=10027 pid=1339)
06-10 14:04:42.519  1339  1339 D OpenGLRenderer: Flushing caches (mode 2)
06-10 14:04:42.550  1339  1339 D OpenGLRenderer: Flushing caches (mode 0)
06-10 14:04:43.050 16098 16101 D dalvikvm: GC_CONCURRENT freed 497K, 5% free 11022K/11591K, paused 3ms+4ms
06-10 14:04:43.304 14624 14624 I PhoneLab-PhoneLabMainView: See All applications
06-10 14:04:43.308   152   164 I ActivityManager: START {cmp=edu.buffalo.cse.phonelab.phonelabservices/.ApplicationList} from pid 14624
06-10 14:04:43.379 16098 16101 D dalvikvm: GC_CONCURRENT freed 360K, 4% free 11351K/11783K, paused 2ms+3ms
06-10 14:04:43.457 14624 14624 E PhoneLab-PhoneLabManifest: java.io.FileNotFoundException: /data/data/edu.buffalo.cse.phonelab.phonelabservices/files/manifest.xml: open failed: ENOENT (No such file or directory)
06-10 14:04:43.515 14624 14627 D dalvikvm: GC_CONCURRENT freed 278K, 5% free 9230K/9671K, paused 41ms+3ms
06-10 14:04:43.593   152   201 I ActivityManager: Displayed edu.buffalo.cse.phonelab.phonelabservices/.ApplicationList: +262ms
06-10 14:04:43.597 14624 14624 D OpenGLRenderer: Flushing caches (mode 0)
06-10 14:04:44.562 16098 16101 D dalvikvm: GC_CONCURRENT freed 706K, 7% free 11371K/12167K, paused 17ms+4ms
06-10 14:04:45.074   152   200 I ActivityManager: Start proc com.twitter.android for service com.twitter.android/.client.AppService: pid=16132 uid=10068 gids={3003, 1015}
06-10 14:04:45.093 16132 16132 I dalvikvm: Turning on JNI app bug workarounds for target SDK version 11...
06-10 14:04:45.359   152  5616 D dalvikvm: GC_EXPLICIT freed 1087K, 28% free 16527K/22919K, paused 21ms+10ms
06-10 14:04:45.500 16132 16132 I ActivityThread: Pub com.twitter.android.provider.GlobalDatabaseProvider: com.twitter.android.provider.GlobalDatabaseProvider
06-10 14:04:45.515 16132 16132 I ActivityThread: Pub com.twitter.android.provider.TwitterProvider: com.twitter.android.provider.TwitterProvider
06-10 14:04:45.636 16132 16135 D dalvikvm: GC_CONCURRENT freed 212K, 4% free 9265K/9607K, paused 15ms+2ms
06-10 14:04:45.941 16132 16135 D dalvikvm: GC_CONCURRENT freed 173K, 4% free 9493K/9799K, paused 2ms+1ms
06-10 14:04:46.117 16132 16135 D dalvikvm: GC_CONCURRENT freed 301K, 5% free 9625K/10055K, paused 1ms+1ms
06-10 14:04:46.261 16132 16135 D dalvikvm: GC_CONCURRENT freed 299K, 5% free 9754K/10183K, paused 2ms+2ms
06-10 14:04:46.422 16132 16135 D dalvikvm: GC_CONCURRENT freed 301K, 5% free 9880K/10311K, paused 2ms+2ms
06-10 14:04:46.570 16132 16135 D dalvikvm: GC_CONCURRENT freed 305K, 5% free 10010K/10439K, paused 6ms+3ms
06-10 14:04:46.718 16132 16135 D dalvikvm: GC_CONCURRENT freed 301K, 5% free 10142K/10567K, paused 2ms+1ms
06-10 14:04:46.871 16132 16135 D dalvikvm: GC_CONCURRENT freed 297K, 4% free 10271K/10695K, paused 2ms+2ms
06-10 14:04:47.093 16132 16135 D dalvikvm: GC_CONCURRENT freed 480K, 6% free 10226K/10823K, paused 2ms+6ms
06-10 14:04:47.234 16132 16135 D dalvikvm: GC_CONCURRENT freed 327K, 5% free 10293K/10823K, paused 1ms+6ms
06-10 14:04:47.394 16132 16135 D dalvikvm: GC_CONCURRENT freed 316K, 5% free 10387K/10823K, paused 2ms+2ms
06-10 14:04:47.539 16132 16135 D dalvikvm: GC_CONCURRENT freed 359K, 5% free 10467K/10951K, paused 2ms+2ms
06-10 14:04:47.687 16132 16135 D dalvikvm: GC_CONCURRENT freed 346K, 5% free 10547K/11015K, paused 2ms+2ms
06-10 14:04:47.859 16132 16135 D dalvikvm: GC_CONCURRENT freed 327K, 5% free 10629K/11079K, paused 1ms+8ms
06-10 14:04:48.019 16132 16135 D dalvikvm: GC_CONCURRENT freed 367K, 5% free 10715K/11207K, paused 5ms+2ms
06-10 14:04:48.183 16132 16135 D dalvikvm: GC_CONCURRENT freed 404K, 5% free 10812K/11335K, paused 2ms+2ms
06-10 14:04:48.929 16132 16135 D dalvikvm: GC_CONCURRENT freed 339K, 5% free 11001K/11463K, paused 2ms+2ms
06-10 14:04:49.941 17544 17607 D FlurryAgent: generating report
06-10 14:04:49.941 17544 17607 D FlurryAgent: Sending report to: http://data.flurry.com/aap.do
06-10 14:04:50.472 16132 16135 D dalvikvm: GC_CONCURRENT freed 463K, 6% free 11121K/11719K, paused 2ms+5ms
06-10 14:04:50.613 17544 17607 D FlurryAgent: Report successful
06-10 14:04:50.613 17544 17607 D FlurryAgent: Processing report response
06-10 14:04:50.613 17544 17607 D FlurryAgent: Done sending agent report
06-10 14:04:51.285 16132 16135 D dalvikvm: GC_CONCURRENT freed 433K, 5% free 11293K/11847K, paused 2ms+4ms
06-10 14:04:51.843 14624 14624 D OpenGLRenderer: Flushing caches (mode 0)
06-10 14:04:51.922 14624 14624 I PhoneLab-Locks: wake lock acquired
06-10 14:04:52.000 14624 16155 I PhoneLab-PeriodicCheckService: User info is synched
06-10 14:04:52.004 14624 16155 I PhoneLab-PeriodicCheckService: Logger Service is running
06-10 14:04:52.011 14624 14624 I PhoneLab-Locks: wake lock acquired
06-10 14:04:52.023 14624 14624 I PhoneLab-StatusMonitor: Status Monitoring is started
06-10 14:04:52.027 14624 14624 E PhoneLab-PhoneLabManifest: java.io.FileNotFoundException: /data/data/edu.buffalo.cse.phonelab.phonelabservices/files/manifest.xml: open failed: ENOENT (No such file or directory)
06-10 14:04:52.027 14624 14624 I PhoneLab-Locks: wake lock released
06-10 14:04:52.039 14624 16155 I PhoneLab-Locks: wake lock acquired
06-10 14:04:52.047 14624 16155 I PhoneLab-PeriodicCheckService: Rescheduling periodic checking...
06-10 14:04:52.047 14624 14624 I PhoneLab-UploadLogs: Transfering log files now
06-10 14:04:52.058 14624 14624 I PhoneLab-UploadLogs: No log files to transfer
06-10 14:04:52.058 14624 14624 I PhoneLab-Locks: wake lock released
06-10 14:04:52.062 14624 16155 I PhoneLab-Locks: wake lock released
06-10 14:04:52.062 14624 14624 I PhoneLab-UploadLogs: OnStartCommand
06-10 14:04:53.023 14624 14624 I PhoneLab-PhoneLabMainView: Settings will be shown
06-10 14:04:53.062   152  4554 I ActivityManager: START {cmp=edu.buffalo.cse.phonelab.phonelabservices/.SettingsView} from pid 14624
06-10 14:04:53.386   152   201 I ActivityManager: Displayed edu.buffalo.cse.phonelab.phonelabservices/.SettingsView: +300ms
06-10 14:04:53.390 14624 14624 D OpenGLRenderer: Flushing caches (mode 0)
06-10 14:04:56.320 15313 15315 D dalvikvm: GC_CONCURRENT freed 502K, 6% free 10101K/10695K, paused 2ms+3ms
06-10 14:04:56.566 16061 16064 D dalvikvm: GC_CONCURRENT freed 166K, 3% free 9926K/10183K, paused 16ms+9ms
06-10 14:05:00.082 14624 14624 D OpenGLRenderer: Flushing caches (mode 0)
06-10 14:05:01.050 14624 14624 I PhoneLab-PhoneLabMainView: Logs will be shown
06-10 14:05:01.050   152   492 I ActivityManager: START {cmp=edu.buffalo.cse.phonelab.phonelabservices/.LogListView} from pid 14624
06-10 14:05:01.285 14624 14624 I PhoneLab-LogListView: No log files to show
06-10 14:05:01.406   152   201 I ActivityManager: Displayed edu.buffalo.cse.phonelab.phonelabservices/.LogListView: +302ms
06-10 14:05:01.410 14624 14624 D OpenGLRenderer: Flushing caches (mode 0)
06-10 14:05:06.550 14624 14624 D OpenGLRenderer: Flushing caches (mode 0)
06-10 14:05:07.398 14624 14624 I PhoneLab-PhoneLabMainView: Info will be shown
06-10 14:05:07.414   152 31690 I ActivityManager: START {act=android.intent.action.VIEW dat=http://www.phone-lab.org cmp=org.mozilla.firefox_beta/.App} from pid 14624
06-10 14:05:07.586   152   164 I ActivityManager: Start proc org.mozilla.firefox_beta for activity org.mozilla.firefox_beta/.App: pid=16163 uid=10071 gids={3003, 1015, 1006}
06-10 14:05:07.679 14624 14624 D OpenGLRenderer: Flushing caches (mode 1)
06-10 14:05:07.742 14624 14624 D OpenGLRenderer: Flushing caches (mode 0)
06-10 14:05:07.804 16163 16163 I ActivityThread: Pub org.mozilla.firefox_beta.db.browser: org.mozilla.firefox_beta.db.BrowserProvider
06-10 14:05:07.855 16163 16163 I ActivityThread: Pub org.mozilla.firefox_beta.db.formhistory: org.mozilla.firefox_beta.db.FormHistoryProvider
06-10 14:05:07.855 16163 16163 I ActivityThread: Pub org.mozilla.firefox_beta.db.tabs: org.mozilla.firefox_beta.db.TabsProvider
06-10 14:05:07.910 16163 16163 D dalvikvm: Trying to load lib /data/data/org.mozilla.firefox_beta/lib/libmozglue.so 0x41320548
06-10 14:05:07.929 16163 16163 D dalvikvm: Added shared lib /data/data/org.mozilla.firefox_beta/lib/libmozglue.so 0x41320548
06-10 14:05:07.929 16163 16163 D dalvikvm: No JNI_OnLoad found in /data/data/org.mozilla.firefox_beta/lib/libmozglue.so 0x41320548, skipping init
06-10 14:05:07.929 16163 16163 W GeckoApp: zerdatime 54129802 - onCreate
06-10 14:05:07.972 16163 16178 D GeckoProfile: Found profile dir: /data/data/org.mozilla.firefox_beta/files/mozilla/dl48118l.default
06-10 14:05:08.136 16163 16166 D dalvikvm: GC_CONCURRENT freed 214K, 4% free 9309K/9607K, paused 6ms+16ms
06-10 14:05:08.164   152   168 I Process : Sending signal. PID: 16163 SIG: 3
06-10 14:05:08.164 16163 16168 I dalvikvm: threadid=3: reacting to signal 3
06-10 14:05:08.230 16163 16168 I dalvikvm: Wrote stack traces to '/data/anr/traces.txt'
06-10 14:05:08.254 16163 16163 I GeckoViewsFactory: Creating custom Gecko view: FormAssistPopup
06-10 14:05:08.257 16163 16163 I GeckoViewsFactory: Creating custom Gecko view: AboutHomeContent
06-10 14:05:08.312 16163 16163 W GeckoApp: zerdatime 54130186 - onStart
06-10 14:05:08.312 16163 16163 I GeckoApp: start
06-10 14:05:08.316 16163 16163 W PhoneWindow: Previously focused view reported id 2131492871 during save, but can't be found during restore.
06-10 14:05:08.343 16163 16163 W GeckoApp: zerdatime 54130215 - onNewIntent
06-10 14:05:08.343 16163 16163 I GeckoApp: resume
06-10 14:05:08.406 16163 16163 D libEGL  : loaded /system/lib/egl/libGLES_android.so
06-10 14:05:08.414 16163 16163 D libEGL  : loaded /vendor/lib/egl/libEGL_POWERVR_SGX540_120.so
06-10 14:05:08.422 16163 16163 D libEGL  : loaded /vendor/lib/egl/libGLESv1_CM_POWERVR_SGX540_120.so
06-10 14:05:08.429 16163 16163 D libEGL  : loaded /vendor/lib/egl/libGLESv2_POWERVR_SGX540_120.so
06-10 14:05:08.500 16163 16163 D OpenGLRenderer: Enabling debug mode 0
06-10 14:05:08.504 16163 16163 I GeckoToolbar: zerdatime 54130376 - Throbber start
06-10 14:05:08.504 16163 16178 I GeckoApp: Checking profile migration in: /data/data/org.mozilla.firefox_beta/files/mozilla/dl48118l.default
06-10 14:05:08.527 16163 16163 D GeckoFavicons: Creating Favicons instance
06-10 14:05:08.531 16163 16163 D GeckoFavicons: Creating DatabaseHelper
06-10 14:05:08.531 16163 16180 W GeckoApp: zerdatime 54130405 - start of getPluginDirectories
06-10 14:05:08.535 16163 16180 W GeckoApp: zerdatime 54130409 - end of getPluginDirectories
06-10 14:05:08.593 16163 16163 I GeckoAxis: Prefs: 0.85,0.97,10.0,0.012,0.04,0.3,0.5
06-10 14:05:08.593 16163 16180 I GeckoAppShell: env0: null
06-10 14:05:08.597 16163 16180 D dalvikvm: Trying to load lib /data/data/org.mozilla.firefox_beta/lib/libmozglue.so 0x41320548
06-10 14:05:08.597 16163 16180 D dalvikvm: Shared lib '/data/data/org.mozilla.firefox_beta/lib/libmozglue.so' already loaded in same CL 0x41320548
06-10 14:05:08.597 16163 16180 E GeckoLibLoad: Load sqlite start
06-10 14:05:08.652   152   168 I Process : Sending signal. PID: 16163 SIG: 3
06-10 14:05:08.652 16163 16168 I dalvikvm: threadid=3: reacting to signal 3
06-10 14:05:08.672 16163 16166 D dalvikvm: GC_CONCURRENT freed 123K, 3% free 9641K/9863K, paused 15ms+5ms
06-10 14:05:08.687 16163 16168 I dalvikvm: Wrote stack traces to '/data/anr/traces.txt'
06-10 14:05:08.715 16163 16180 E GeckoLinker: /data/app/org.mozilla.firefox_beta-1.apk!/libmozsqlite3.so: Warning: relocation to NULL @0x00052db4
06-10 14:05:08.715 16163 16180 E GeckoLinker: /data/app/org.mozilla.firefox_beta-1.apk!/libmozsqlite3.so: Warning: relocation to NULL @0x00052cb0 for symbol "__cxa_begin_cleanup"
06-10 14:05:08.715 16163 16180 E GeckoLinker: /data/app/org.mozilla.firefox_beta-1.apk!/libmozsqlite3.so: Warning: relocation to NULL @0x00052d1c for symbol "__cxa_type_match"
06-10 14:05:08.718 16163 16180 E GeckoLibLoad: Load sqlite done
06-10 14:05:08.718 16163 16180 D dalvikvm: Trying to load lib /data/data/org.mozilla.firefox_beta/lib/libmozglue.so 0x41320548
06-10 14:05:08.718 16163 16180 D dalvikvm: Shared lib '/data/data/org.mozilla.firefox_beta/lib/libmozglue.so' already loaded in same CL 0x41320548
06-10 14:05:08.718 16163 16180 E GeckoLibLoad: Load nss start
06-10 14:05:08.722 16163 16163 W GeckoApp: zerdatime 54130595 - UI almost up
06-10 14:05:08.769   152   152 I ActivityManager: Process com.google.android.talk (pid 15983) has died.
06-10 14:05:08.793 16163 16180 E GeckoLinker: /data/app/org.mozilla.firefox_beta-1.apk!/libnspr4.so: Warning: relocation to NULL @0x00020de0
06-10 14:05:08.793 16163 16180 E GeckoLinker: /data/app/org.mozilla.firefox_beta-1.apk!/libnspr4.so: Warning: relocation to NULL @0x00020b98 for symbol "__cxa_begin_cleanup"
06-10 14:05:08.793 16163 16180 E GeckoLinker: /data/app/org.mozilla.firefox_beta-1.apk!/libnspr4.so: Warning: relocation to NULL @0x00020cb0 for symbol "__cxa_type_match"
06-10 14:05:08.824 16163 16180 E GeckoLibLoad: Load nss done
06-10 14:05:08.828    79 23004 W SurfaceTexture: [org.mozilla.firefox_beta/org.mozilla.firefox_beta.App] cancelBuffer: SurfaceTexture has been abandoned!
06-10 14:05:08.840 16163 16178 W GeckoApp: zerdatime 54130711 - pre checkLaunchState
06-10 14:05:08.953   152   201 I ActivityManager: Displayed org.mozilla.firefox_beta/.App: +1s505ms
06-10 14:05:09.129 14624 14624 D OpenGLRenderer: Flushing caches (mode 1)
06-10 14:05:09.898   152   552 I ActivityManager: Process com.google.android.gm (pid 15871) has died.
06-10 14:05:09.898   152   552 I WindowManager: WIN DEATH: Window{41414b80 com.google.android.gm/com.google.android.gm.GmailActivity paused=false}
06-10 14:05:09.918 16163 16180 E GeckoLinker: /data/app/org.mozilla.firefox_beta-1.apk!/libmozalloc.so: Warning: relocation to NULL @0x00003e2c
06-10 14:05:09.918 16163 16180 E GeckoLinker: /data/app/org.mozilla.firefox_beta-1.apk!/libmozalloc.so: Warning: relocation to NULL @0x00003db8 for symbol "__cxa_begin_cleanup"
06-10 14:05:09.918 16163 16180 E GeckoLinker: /data/app/org.mozilla.firefox_beta-1.apk!/libmozalloc.so: Warning: relocation to NULL @0x00003de0 for symbol "__cxa_type_match"
06-10 14:05:09.953 16163 16180 E GeckoLibLoad: Loaded libs in 1127ms total, 468ms user, 167ms system, 4 faults
06-10 14:05:09.957 16163 16180 W GeckoThread: zerdatime 54131828 - runGecko
06-10 14:05:09.957 16163 16180 I GeckoThread: RunGecko - URI = http://www.phone-lab.org
06-10 14:05:09.961 16163 16180 I GeckoAppShell: post native init
06-10 14:05:09.961 16163 16180 I GeckoAppShell: setLayerClient called
06-10 14:05:10.207 16163 16180 E GeckoConsole: Could not read chrome manifest 'file:///data/data/org.mozilla.firefox_beta/chrome.manifest'.
06-10 14:05:10.570 16163 16180 W ResourceType: Too many attribute references, stopped at: 0x01010099
06-10 14:05:10.879 16163 16180 E GeckoConsole: zerdatime 1339351510882 - browser chrome startup finished.
06-10 14:05:10.898 16163 16180 I GeckoApp: Got message: CharEncoding:State
06-10 14:05:10.992 16163 16180 I GeckoTabs: Got message: Session:RestoreBegin
06-10 14:05:10.996 16163 16180 I Gecko   : Detected osrelease `3.0.8-g6656123'
06-10 14:05:10.996 16163 16180 I Gecko   : JITs are not broken
06-10 14:05:11.070 16163 16180 I GeckoTabs: Got message: Tab:Added
06-10 14:05:11.070 16163 16180 I GeckoTabs: Received message from Gecko: 54132941 - Tab:Added
06-10 14:05:11.082   152   375 I ActivityManager: Process com.google.android.gsf.login (pid 16035) has died.
06-10 14:05:11.086 16163 16180 I GeckoTabs: Added a tab with id: 1
06-10 14:05:11.090 16163 16163 I GeckoToolbar: zerdatime 54132962 - Throbber start
06-10 14:05:11.093 16163 16163 I GeckoDoorHangerPopup: Showing all doorhangers for tab: 1
06-10 14:05:11.168 16163 16180 I GeckoApp: Got message: Content:StateChange
06-10 14:05:11.168 16163 16180 I GeckoApp: State - 983041
06-10 14:05:11.168 16163 16180 I GeckoApp: Got a document start
06-10 14:05:11.172 16163 16163 I GeckoToolbar: zerdatime 54133044 - Throbber start
06-10 14:05:11.207 16163 16180 I GeckoApp: Got message: Gecko:Ready
06-10 14:05:11.261 16163 16180 D GeckoLayerClient: Screen-size changed to (480,800)
06-10 14:05:11.261 16163 16180 D GeckoLayerClient: Window-size changed to (480,690)
06-10 14:05:11.273 16163 16180 I GeckoLayerClient: Showing checks: true
06-10 14:05:11.340 16163 16180 I GeckoTabs: Got message: Tab:Added
06-10 14:05:11.340 16163 16180 I GeckoTabs: Received message from Gecko: 54133212 - Tab:Added
06-10 14:05:11.340 16163 16180 I GeckoTabs: Added a tab with id: 2
06-10 14:05:11.347 16163 16180 I GeckoTabs: Got message: Session:RestoreEnd
06-10 14:05:11.382 16163 16180 I GeckoPanZoomController: Got message: Preferences:Data
06-10 14:05:11.390 16163 16180 I GeckoPanZoomController: Zoom animation frames: [0.0, 0.10211, 0.19864, 0.29043, 0.37816, 0.46155, 0.54054, 0.61496, 0.68467, 0.7491, 0.80794, 0.86069, 0.90651, 0.94471, 0.97401, 0.99309]
06-10 14:05:11.390 16163 16180 I GeckoAxis: Prefs: 0.85,0.97,10.0,0.012,0.04,0.3,0.5
06-10 14:05:11.433 16163 16180 I GeckoDisplayPortCalculator: Set strategy VelocityBiasStrategy mult=2.0, threshold=7.6800003, reverse=0.2, dangerBaseX=1.0, dangerBaseY=1.0, dangerIncrX=0.0, dangerIncrY=0.0
06-10 14:05:11.437 16163 16180 I PluginLayer: Using plugin placeholder: true
06-10 14:05:11.449 16163 16194 I Gecko   : Logging GL tracing output to /data/data/org.mozilla.firefox_beta/firefox.trace
06-10 14:05:11.449 16163 16194 I Gecko   : Attempting load of /data/local/egltrace.so
06-10 14:05:11.457 16163 16194 I Gecko   : Attempting load of libEGL.so
06-10 14:05:11.488 16163 16194 I Gecko   : Extensions: EGL_KHR_image EGL_KHR_image_base EGL_KHR_image_base EGL_KHR_gl_texture_2D_image EGL_KHR_gl_texture_cubemap_image EGL_KHR_gl_renderbuffer_image EGL_KHR_fence_sync EGL_ANDROID_image_native_buffer EGL_ANDROID_image_native_buffer  0x45
06-10 14:05:11.488 16163 16194 I Gecko   : Extensions length: 226
06-10 14:05:11.601 16163 16194 E GeckoConsole: OpenGL LayerManager Initialized Succesfully.
06-10 14:05:11.601 16163 16194 E GeckoConsole: Version: OpenGL ES 2.0 build 1.8@785978
06-10 14:05:11.601 16163 16194 E GeckoConsole: Vendor: Imagination Technologies
06-10 14:05:11.601 16163 16194 E GeckoConsole: Renderer: PowerVR SGX 540
06-10 14:05:11.601 16163 16194 E GeckoConsole: FBO Texture Target: TEXTURE_2D
06-10 14:05:11.605 16163 16180 I GeckoTabs: Got message: SessionHistory:New
06-10 14:05:11.617 16163 16180 I GeckoApp: Got message: Content:LocationChange
06-10 14:05:11.617 16163 16180 I GeckoApp: URI - http://backend.phone-lab.org/
06-10 14:05:11.621 16163 16180 I GeckoTab: Updated url: http://backend.phone-lab.org/ for tab with id: 1
06-10 14:05:11.621 16163 16180 I GeckoTab: Updated favicon for tab with id: 1
06-10 14:05:11.621 16163 16180 I GeckoTab: Updated favicon URL for tab with id: 1
06-10 14:05:11.621 16163 16163 I GeckoDoorHangerPopup: Showing all doorhangers for tab: 1
06-10 14:05:11.636 16163 16180 I GeckoApp: Got message: Content:SecurityChange
06-10 14:05:11.636 16163 16180 I GeckoApp: Security Mode - unknown
06-10 14:05:11.652   152  5616 I ActivityManager: Process android.process.acore (pid 16079) has died.
06-10 14:05:11.664 16163 16194 D GeckoLayerView: LayerView paint state set to 1
06-10 14:05:11.664 16163 16163 D GeckoPanZoomController: generating valid viewport using v=RectF(0.0, 0.0, 480.0, 690.0) p=RectF(0.0, 0.0, 480.0, 690.0) c=RectF(0.0, 0.0, 480.0, 690.0) z=1.0
06-10 14:05:11.691 16163 16194 I GeckoAppShell: Taking whole-screen screenshot, viewport: ImmutableViewportMetrics v=(0.0,0.0,480.0,690.0) p=(0.0,0.0,480.0,690.0) c=(0.0,0.0,480.0,690.0) z=1.0
06-10 14:05:11.691 16163 16163 D GeckoPanZoomController: generated valid viewport as v=RectF(0.0, 0.0, 480.0, 690.0) p=RectF(0.0, 0.0, 480.0, 690.0) c=RectF(0.0, 0.0, 480.0, 690.0) z=1.0
06-10 14:05:11.777 16163 16194 D GeckoLayerView: LayerView paint state set to 2
06-10 14:05:11.808 16163 16194 I Gecko   : Compositor: Composite took 148 ms.
06-10 14:05:11.894 16163 16166 D dalvikvm: GC_CONCURRENT freed 349K, 5% free 9729K/10183K, paused 16ms+11ms
06-10 14:05:11.988 16163 16180 I GeckoApp: Got message: DOMTitleChanged
06-10 14:05:11.992 16163 16180 I GeckoTab: Updated title: PhoneLab : World's Largest Smartphone Testbed for tab with id: 1
06-10 14:05:12.000 16163 16180 I GeckoApp: title - PhoneLab : World's Largest Smartphone Testbed
06-10 14:05:12.695 16163 16194 I Gecko   : Compositor: Composite took 59 ms.
06-10 14:05:13.019 16163 16194 I Gecko   : Compositor: Composite took 33 ms.
06-10 14:05:13.781 16163 16180 I GeckoApp: Got message: Tab:ViewportMetadata
06-10 14:05:13.785 16163 16180 I GeckoApp: Got message: DOMLinkAdded
06-10 14:05:13.785 16163 16180 I GeckoApp: link rel - [shortcut] [icon], href - http://backend.phone-lab.org/static/img/phonelab_logo_black.ico
06-10 14:05:13.785 16163 16180 I GeckoTab: Updated favicon URL for tab with id: 1
06-10 14:05:13.797 16163 16180 E GeckoConsole: [JavaScript Warning: "Expected declaration but found '*'.  Skipped to next declaration." {file: "http://backend.phone-lab.org/static/css/bootstrap.min.css" line: 2}]
06-10 14:05:13.797 16163 16180 E GeckoConsole: [JavaScript Warning: "Expected declaration but found '*'.  Skipped to next declaration." {file: "http://backend.phone-lab.org/static/css/bootstrap.min.css" line: 2}]
06-10 14:05:13.797 16163 16180 E GeckoConsole: [JavaScript Warning: "Expected color but found 'auto'.  Expected color but found '-webkit-focus-ring-color'.  Expected end of value but found '-webkit-focus-ring-color'.  Error in parsing value for 'outline'.  Declaration dropped." {file: "http://backend.phone-lab.org/static/css/bootstrap.min.css" line: 5}]
06-10 14:05:13.797 16163 16180 E GeckoConsole: [JavaScript Warning: "Expected declaration but found '*'.  Skipped to next declaration." {file: "http://backend.phone-lab.org/static/css/bootstrap.min.css" line: 12}]
06-10 14:05:13.800 16163 16180 E GeckoConsole: [JavaScript Warning: "Unknown property 'box-sizing'.  Declaration dropped." {file: "http://backend.phone-lab.org/static/css/bootstrap.min.css" line: 15}]
06-10 14:05:13.800 16163 16180 E GeckoConsole: [JavaScript Warning: "Unknown pseudo-class or pseudo-element '-webkit-search-decoration'.  Ruleset ignored due to bad selector." {file: "http://backend.phone-lab.org/static/css/bootstrap.min.css" line: 16}]
06-10 14:05:13.800 16163 16180 E GeckoConsole: [JavaScript Warning: "Expected declaration but found '*'.  Skipped to next declaration." {file: "http://backend.phone-lab.org/static/css/bootstrap.min.css" line: 18}]
06-10 14:05:13.800 16163 16180 E GeckoConsole: [JavaScript Warning: "Unknown property 'box-sizing'.  Declaration dropped." {file: "http://backend.phone-lab.org/static/css/bootstrap.min.css" line: 21}]
06-10 14:05:13.800 16163 16180 E GeckoConsole: [JavaScript Warning: "Expected declaration but found '*'.  Skipped to next declaration." {file: "http://backend.phone-lab.org/static/css/bootstrap.min.css" line: 25}]
06-10 14:05:13.800 16163 16180 E GeckoConsole: [JavaScript Warning: "Expected declaration but found '*'.  Skipped to next declaration." {file: "http://backend.phone-lab.org/static/css/bootstrap.min.css" line: 53}]
06-10 14:05:13.800 16163 16180 E GeckoConsole: [JavaScript Warning: "Unknown property 'box-sizing'.  Declaration dropped." {file: "http://backend.phone-lab.org/static/css/bootstrap.min.css" line: 55}]
06-10 14:05:13.800 16163 16180 E GeckoConsole: [JavaScript Warning: "Expected declaration but found '*'.  Skipped to next declaration." {file: "http://backend.phone-lab.org/static/css/bootstrap.min.css" line: 55}]
06-10 14:05:13.800 16163 16180 E GeckoConsole: [JavaScript Warning: "Expected declaration but found '*'.  Skipped to next declaration." {file: "http://backend.phone-lab.org/static/css/bootstrap.min.css" line: 57}]
06-10 14:05:13.800 16163 16180 E GeckoConsole: [JavaScript Warning: "Expected declaration but found '*'.  Skipped to next declaration." {file: "http://backend.phone-lab.org/static/css/bootstrap.min.css" line: 58}]
06-10 14:05:13.800 16163 16180 E GeckoConsole: [JavaScript Warning: "Expected declaration but found '*'.  Skipped to next declaration." {file: "http://backend.phone-lab.org/static/css/bootstrap.min.css" line: 59}]
06-10 14:05:13.800 16163 16180 E GeckoConsole: [JavaScript Warning: "Expected declaration but found '*'.  Skipped to next declaration." {file: "http://backend.phone-lab.org/static/css/bootstrap.min.css" line: 60}]
06-10 14:05:13.800 16163 16180 E GeckoConsole: [JavaScript Warning: "Expected declaration but found '*'.  Skipped to next declaration." {file: "http://backend.phone-lab.org/static/css/bootstrap.min.css" line: 61}]
06-10 14:05:13.800 16163 16180 E GeckoConsole: [JavaScript Warning: "Expected declaration but found '*'.  Skipped to next declaration." {file: "http://backend.phone-lab.org/static/css/bootstrap.min.css" line: 62}]
06-10 14:05:13.804 16163 16180 E GeckoConsole: [JavaScript Warning: "Expected declaration but found '*'.  Skipped to next declaration." {file: "http://backend.phone-lab.org/static/css/bootstrap.min.css" line: 63}]
06-10 14:05:13.804 16163 16180 E GeckoConsole: [JavaScript Warning: "Expected declaration but found '*'.  Skipped to next declaration." {file: "http://backend.phone-lab.org/static/css/bootstrap.min.css" line: 64}]
06-10 14:05:13.804 16163 16180 E GeckoConsole: [JavaScript Warning: "Expected declaration but found '*'.  Skipped to next declaration." {file: "http://backend.phone-lab.org/static/css/bootstrap.min.css" line: 65}]
06-10 14:05:13.804 16163 16180 E GeckoConsole: [JavaScript Warning: "Expected declaration but found '*'.  Skipped to next declaration." {file: "http://backend.phone-lab.org/static/css/bootstrap.min.css" line: 66}]
06-10 14:05:13.804 16163 16180 E GeckoConsole: [JavaScript Warning: "Expected declaration but found '*'.  Skipped to next declaration." {file: "http://backend.phone-lab.org/static/css/bootstrap.min.css" line: 67}]
06-10 14:05:13.804 16163 16180 E GeckoConsole: [JavaScript Warning: "Expected declaration but found '*'.  Skipped to next declaration." {file: "http://backend.phone-lab.org/static/css/bootstrap.min.css" line: 68}]
06-10 14:05:13.804 16163 16180 E GeckoConsole: [JavaScript Warning: "Expected declaration but found '*'.  Skipped to next declaration." {file: "http://backend.phone-lab.org/static/css/bootstrap.min.css" line: 69}]
06-10 14:05:13.804 16163 16180 E GeckoConsole: [JavaScript Warning: "Expected declaration but found '*'.  Skipped to next declaration." {file: "http://backend.phone-lab.org/static/css/bootstrap.min.css" line: 71}]
06-10 14:05:13.804 16163 16180 E GeckoConsole: [JavaScript Warning: "Unknown property '-moz-border-radius'.  Declaration dropped." {file: "http://backend.phone-lab.org/static/css/bootstrap.min.css" line: 110}]
06-10 14:05:13.804 16163 16180 E GeckoConsole: [JavaScript Warning: "Unknown property 'word-break'.  Declaration dropped." {file: "http://backend.phone-lab.org/static/css/bootstrap.min.css" line: 112}]
06-10 14:05:13.804 16163 16180 E GeckoConsole: [JavaScript Warning: "Unknown property '-moz-border-radius'.  Declaration dropped." {file: "http://backend.phone-lab.org/static/css/bootstrap.min.css" line: 112}]
06-10 14:05:13.808 16163 16180 E GeckoConsole: [JavaScript Warning: "Unknown property '-moz-border-radius'.  Declaration dropped." {file: "http://backend.phone-lab.org/static/css/bootstrap.min.css" line: 121}]
06-10 14:05:13.808 16163 16180 E GeckoConsole: [JavaScript Warning: "Expected declaration but found '*'.  Skipped to next declaration." {file: "http://backend.phone-lab.org/static/css/bootstrap.min.css" line: 124}]
06-10 14:05:13.808 16163 16180 E GeckoConsole: [JavaScript Warning: "Expected color but found '	'.  Expected end of value but found '	'.  Error in parsing value for 'border'.  Declaration dropped." {file: "http://backend.phone-lab.org/static/css/bootstrap.min.css" line: 124}]
06-10 14:05:13.808 16163 16180 E GeckoConsole: [JavaScript Warning: "Unknown property '-moz-border-radius'.  Declaration dropped." {file: "http://backend.phone-lab.org/static/css/bootstrap.min.css" line: 124}]
06-10 14:05:13.808 16163 16180 E GeckoConsole: [JavaScript Warning: "Error in parsing value for 'padding'.  Declaration dropped." {file: "http://backend.phone-lab.org/static/css/bootstrap.min.css" line: 126}]
06-10 14:05:13.808 16163 16180 E GeckoConsole: [JavaScript Warning: "Error in parsing value for 'line-height'.  Declaration dropped." {file: "http://backend.phone-lab.org/static/css/bootstrap.min.css" line: 126}]
06-10 14:05:13.808 16163 16180 E GeckoConsole: [JavaScript Warning: "Expected color but found 'initial'.  Error in parsing value for 'background-color'.  Declaration dropped." {file: "http://backend.phone-lab.org/static/css/bootstrap.min.css" line: 126}]
06-10 14:05:13.808 16163 16180 E GeckoConsole: [JavaScript Warning: "Expected color but found 'initial'.  Error in parsing value for 'border'.  Declaration dropped." {file: "http://backend.phone-lab.org/static/css/bootstrap.min.css" line: 126}]
06-10 14:05:13.808 16163 16180 E GeckoConsole: [JavaScript Warning: "Unknown property '-moz-box-shadow'.  Declaration dropped." {file: "http://backend.phone-lab.org/static/css/bootstrap.min.css" line: 126}]
06-10 14:05:13.808 16163 16180 E GeckoConsole: [JavaScript Warning: "Expected declaration but found '*'.  Skipped to next declaration." {file: "http://backend.phone-lab.org/static/css/bootstrap.min.css" line: 128}]
06-10 14:05:13.808 16163 16180 E GeckoConsole: [JavaScript Warning: "Expected end of value but found '	'.  Error in parsing value for 'line-height'.  Declaration dropped." {file: "http://backend.phone-lab.org/static/css/bootstrap.min.css" line: 129}]
06-10 14:05:13.808 16163 16180 E GeckoConsole: [JavaScript Warning: "Unknown property '-moz-box-shadow'.  Declaration dropped." {file: "http://backend.phone-lab.org/static/css/bootstrap.min.css" line: 132}]
06-10 14:05:13.808 16163 16180 E GeckoConsole: [JavaScript Warning: "Unknown property '-moz-box-shadow'.  Declaration dropped." {file: "http://backend.phone-lab.org/static/css/bootstrap.min.css" line: 140}]
06-10 14:05:13.808 16163 16180 E GeckoConsole: [JavaScript Warning: "Unknown property 'transition'.  Declaration dropped." {file: "http://backend.phone-lab.org/static/css/bootstrap.min.css" line: 140}]
06-10 14:05:13.808 16163 16180 E GeckoConsole: [JavaScript Warning: "Expected color but found 'thin'.  Expected color but found 'dotted'.  Expected color but found '	'.  Expected end of value but found '	'.  Error in parsing value for 'outline'.  Declaration dropped." {file: "http://backend.phone-lab.org/static/css/bootstrap.min.css" line: 141}]
06-10 14:05:13.808 16163 16180 E GeckoConsole: [JavaScript Warning: "Unknown property '-moz-box-shadow'.  Declaration dropped." {file: "http://backend.phone-lab.org/static/css/bootstrap.min.css" line: 141}]
06-10 14:05:13.812 16163 16180 E GeckoConsole: [JavaScript Warning: "Expected color but found 'auto'.  Expected color but found '-webkit-focus-ring-color'.  Expected end of value but found '-webkit-focus-ring-color'.  Error in parsing value for 'outline'.  Declaration dropped." {file: "http://backend.phone-lab.org/static/css/bootstrap.min.css" line: 142}]
06-10 14:05:13.812 16163 16180 E GeckoConsole: [JavaScript Warning: "Unknown property '-moz-box-shadow'.  Declaration dropped." {file: "http://backend.phone-lab.org/static/css/bootstrap.min.css" line: 142}]
06-10 14:05:13.816 16163 16180 E GeckoConsole: [JavaScript Warning: "Unknown property '-moz-box-shadow'.  Declaration dropped." {file: "http://backend.phone-lab.org/static/css/bootstrap.min.css" line: 166}]
06-10 14:05:13.816 16163 16180 E GeckoConsole: [JavaScript Warning: "Unknown property '-moz-box-shadow'.  Declaration dropped." {file: "http://backend.phone-lab.org/static/css/bootstrap.min.css" line: 169}]
06-10 14:05:13.816 16163 16180 E GeckoConsole: [JavaScript Warning: "Unknown property '-moz-box-shadow'.  Declaration dropped." {file: "http://backend.phone-lab.org/static/css/bootstrap.min.css" line: 172}]
06-10 14:05:13.816 16163 16180 E GeckoConsole: [JavaScript Warning: "Unknown property '-moz-box-shadow'.  Declaration dropped." {file: "http://backend.phone-lab.org/static/css/bootstrap.min.css" line: 174}]
06-10 14:05:13.816 16163 16180 E GeckoConsole: [JavaScript Warning: "Expected declaration but found '*'.  Skipped to next declaration." {file: "http://backend.phone-lab.org/static/css/bootstrap.min.css" line: 175}]
06-10 14:05:13.816 16163 16180 E GeckoConsole: [JavaScript Warning: "Unknown property '-moz-box-shadow'.  Declaration dropped." {file: "http://backend.phone-lab.org/static/css/bootstrap.min.css" line: 177}]
06-10 14:05:13.816 16163 16180 E GeckoConsole: [JavaScript Warning: "Unknown pseudo-class or pseudo-element '-webkit-input-placeholder'.  Ruleset ignored due to bad selector." {file: "http://backend.phone-lab.org/static/css/bootstrap.min.css" line: 179}]
06-10 14:05:13.816 16163 16180 E GeckoConsole: [JavaScript Warning: "Expected declaration but found '*'.  Skipped to next declaration." {file: "http://backend.phone-lab.org/static/css/bootstrap.min.css" line: 182}]
06-10 14:05:13.816 16163 16180 E GeckoConsole: [JavaScript Warning: "Expected declaration but found '*'.  Skipped to next declaration." {file: "http://backend.phone-lab.org/static/css/bootstrap.min.css" line: 182}]
06-10 14:05:13.816 16163 16180 E GeckoConsole: [JavaScript Warning: "Expected declaration but found '*'.  Skipped to next declaration." {file: "http://backend.phone-lab.org/static/css/bootstrap.min.css" line: 183}]
06-10 14:05:13.816 16163 16180 E GeckoConsole: [JavaScript Warning: "Unknown property '-moz-border-radius'.  Declaration dropped." {file: "http://backend.phone-lab.org/static/css/bootstrap.min.css" line: 183}]
06-10 14:05:13.820 16163 16180 E GeckoConsole: [JavaScript Warning: "Unknown property '-moz-border-radius'.  Declaration dropped." {file: "http://backend.phone-lab.org/static/css/bootstrap.min.css" line: 186}]
06-10 14:05:13.820 16163 16180 E GeckoConsole: [JavaScript Warning: "Unknown property '-moz-border-radius'.  Declaration dropped." {file: "http://backend.phone-lab.org/static/css/bootstrap.min.css" line: 189}]
06-10 14:05:13.820 16163 16180 E GeckoConsole: [JavaScript Warning: "Unknown property '-moz-border-radius'.  Declaration dropped." {file: "http://backend.phone-lab.org/static/css/bootstrap.min.css" line: 190}]
06-10 14:05:13.820 16163 16180 E GeckoConsole: [JavaScript Warning: "Unknown property '-moz-border-radius'.  Declaration dropped." {file: "http://backend.phone-lab.org/static/css/bootstrap.min.css" line: 192}]
06-10 14:05:13.820 16163 16180 E GeckoConsole: [JavaScript Warning: "Unknown property '-moz-border-radius'.  Declaration dropped." {file: "http://backend.phone-lab.org/static/css/bootstrap.min.css" line: 193}]
06-10 14:05:13.820 16163 16180 E GeckoConsole: [JavaScript Warning: "Unknown property '-moz-border-radius'.  Declaration dropped." {file: "http://backend.phone-lab.org/static/css/bootstrap.min.css" line: 194}]
06-10 14:05:13.820 16163 16180 E GeckoConsole: [JavaScript Warning: "Unknown property '-moz-border-radius'.  Declaration dropped." {file: "http://backend.phone-lab.org/static/css/bootstrap.min.css" line: 195}]
06-10 14:05:13.820 16163 16180 E GeckoConsole: [JavaScript Warning: "Expected end of value but found '	'.  Error in parsing value for 'padding-right'.  Declaration dropped." {file: "http://backend.phone-lab.org/static/css/bootstrap.min.css" line: 196}]
06-10 14:05:13.820 16163 16180 E GeckoConsole: [JavaScript Warning: "Expected end of value but found '	'.  Error in parsing value for 'padding-left'.  Declaration dropped." {file: "http://backend.phone-lab.org/static/css/bootstrap.min.css" line: 196}]
06-10 14:05:13.820 16163 16180 E GeckoConsole: [JavaScript Warning: "Unknown property '-moz-border-radius'.  Declaration dropped." {file: "http://backend.phone-lab.org/static/css/bootstrap.min.css" line: 196}]
06-10 14:05:13.820 16163 16180 E GeckoConsole: [JavaScript Warning: "Expected declaration but found '*'.  Skipped to next declaration." {file: "http://backend.phone-lab.org/static/css/bootstrap.min.css" line: 197}]
06-10 14:05:13.820 16163 16180 E GeckoConsole: [JavaScript Warning: "Expected declaration but found '*'.  Skipped to next declaration." {file: "http://backend.phone-lab.org/static/css/bootstrap.min.css" line: 197}]
06-10 14:05:13.820 16163 16180 E GeckoConsole: [JavaScript Warning: "Expected declaration but found '*'.  Skipped to next declaration." {file: "http://backend.phone-lab.org/static/css/bootstrap.min.css" line: 205}]
06-10 14:05:13.820 16163 16180 E GeckoConsole: [JavaScript Warning: "Expected declaration but found '*'.  Skipped to next declaration." {file: "http://backend.phone-lab.org/static/css/bootstrap.min.css" line: 208}]
06-10 14:05:13.820 16163 16180 E GeckoConsole: [JavaScript Warning: "Expected declaration but found '*'.  Skipped to next declaration." {file: "http://backend.phone-lab.org/static/css/bootstrap.min.css" line: 208}]
06-10 14:05:13.824 16163 16180 E GeckoConsole: [JavaScript Warning: "Expected declaration but found '*'.  Skipped to next declaration." {file: "http://backend.phone-lab.org/static/css/bootstrap.min.css" line: 208}]
06-10 14:05:13.824 16163 16180 E GeckoConsole: [JavaScript Warning: "Expected declaration but found '*'.  Skipped to next declaration." {file: "http://backend.phone-lab.org/static/css/bootstrap.min.css" line: 208}]
06-10 14:05:13.824 16163 16180 E GeckoConsole: [JavaScript Warning: "Expected declaration but found '*'.  Skipped to next declaration." {file: "http://backend.phone-lab.org/static/css/bootstrap.min.css" line: 218}]
06-10 14:05:13.824 16163 16180 E GeckoConsole: [JavaScript Warning: "Unknown property '-moz-border-radius'.  Declaration dropped." {file: "http://backend.phone-lab.org/static/css/bootstrap.min.css" line: 218}]
06-10 14:05:13.824 16163 16180 E GeckoConsole: [JavaScript Warning: "Unknown property '-moz-border-radius-topleft'.  Declaration dropped." {file: "http://backend.phone-lab.org/static/css/bootstrap.min.css" line: 220}]
06-10 14:05:13.824 16163 16180 E GeckoConsole: [JavaScript Warning: "Unknown property '-moz-border-radius-topright'.  Declaration dropped." {file: "http://backend.phone-lab.org/static/css/bootstrap.min.css" line: 221}]
06-10 14:05:13.824 16163 16180 E GeckoConsole: [JavaScript Warning: "Unknown property '-moz-border-radius'.  Declaration dropped." {file: "http://backend.phone-lab.org/static/css/bootstrap.min.css" line: 222}]
06-10 14:05:13.824 16163 16180 E GeckoConsole: [JavaScript Warning: "Unknown property '-moz-border-radius-bottomleft'.  Declaration dropped." {file: "http://backend.phone-lab.org/static/css/bootstrap.min.css" line: 222}]
06-10 14:05:13.824 16163 16180 E GeckoConsole: [JavaScript Warning: "Unknown property '-moz-border-radius-bottomright'.  Declaration dropped." {file: "http://backend.phone-lab.org/static/css/bootstrap.min.css" line: 223}]
06-10 14:05:13.828 16163 16180 E GeckoConsole: [JavaScript Warning: "Expected declaration but found '*'.  Skipped to next declaration." {file: "http://backend.phone-lab.org/static/css/bootstrap.min.css" line: 250}]
06-10 14:05:13.828 16163 16180 E GeckoConsole: [JavaScript Warning: "Expected declaration but found '*'.  Skipped to next declaration." {file: "http://backend.phone-lab.org/static/css/bootstrap.min.css" line: 250}]
06-10 14:05:13.832 16163 16180 E GeckoConsole: [JavaScript Warning: "Expected declaration but found '*'.  Skipped to next declaration." {file: "http://backend.phone-lab.org/static/css/bootstrap.min.css" line: 393}]
06-10 14:05:13.832 16163 16180 E GeckoConsole: [JavaScript Warning: "Error in parsing value for 'filter'.  Declaration dropped." {file: "http://backend.phone-lab.org/static/css/bootstrap.min.css" line: 395}]
06-10 14:05:13.832 16163 16180 E GeckoConsole: [JavaScript Warning: "Error in parsing value for 'filter'.  Declaration dropped." {file: "http://backend.phone-lab.org/static/css/bootstrap.min.css" line: 397}]
06-10 14:05:13.832 16163 16180 E GeckoConsole: [JavaScript Warning: "Expected declaration but found '*'.  Skipped to next declaration." {file: "http://backend.phone-lab.org/static/css/bootstrap.min.css" line: 398}]
06-10 14:05:13.832 16163 16180 E GeckoConsole: [JavaScript Warning: "Expected declaration but found '*'.  Skipped to next declaration." {file: "http://backend.phone-lab.org/static/css/bootstrap.min.css" line: 398}]
06-10 14:05:13.832 16163 16180 E GeckoConsole: [JavaScript Warning: "Unknown property '-moz-border-radius'.  Declaration dropped." {file: "http://backend.phone-lab.org/static/css/bootstrap.min.css" line: 398}]
06-10 14:05:13.832 16163 16180 E GeckoConsole: [JavaScript Warning: "Unknown property '-moz-box-shadow'.  Declaration dropped." {file: "http://backend.phone-lab.org/static/css/bootstrap.min.css" line: 398}]
06-10 14:05:13.832 16163 16180 E GeckoConsole: [JavaScript Warning: "Unknown property '-moz-background-clip'.  Declaration dropped." {file: "http://backend.phone-lab.org/static/css/bootstrap.min.css" line: 398}]
06-10 14:05:13.832 16163 16180 E GeckoConsole: [JavaScript Warning: "Expected declaration but found '*'.  Skipped to next declaration." {file: "http://backend.phone-lab.org/static/css/bootstrap.min.css" line: 399}]
06-10 14:05:13.832 16163 16180 E GeckoConsole: [JavaScript Warning: "Expected declaration but found '*'.  Skipped to next declaration." {file: "http://backend.phone-lab.org/static/css/bootstrap.min.css" line: 399}]
06-10 14:05:13.832 16163 16180 E GeckoConsole: [JavaScript Warning: "Expected declaration but found '*'.  Skipped to next declaration." {file: "http://backend.phone-lab.org/static/css/bootstrap.min.css" line: 402}]
06-10 14:05:13.832 16163 16180 E GeckoConsole: [JavaScript Warning: "Unknown property '-moz-border-radius'.  Declaration dropped." {file: "http://backend.phone-lab.org/static/css/bootstrap.min.css" line: 406}]
06-10 14:05:13.836 16163 16180 E GeckoConsole: [JavaScript Warning: "Unknown property '-moz-border-radius'.  Declaration dropped." {file: "http://backend.phone-lab.org/static/css/bootstrap.min.css" line: 407}]
06-10 14:05:13.836 16163 16180 E GeckoConsole: [JavaScript Warning: "Unknown property '-moz-box-shadow'.  Declaration dropped." {file: "http://backend.phone-lab.org/static/css/bootstrap.min.css" line: 407}]
06-10 14:05:13.836 16163 16180 E GeckoConsole: [JavaScript Warning: "Unknown property '-moz-border-radius'.  Declaration dropped." {file: "http://backend.phone-lab.org/static/css/bootstrap.min.css" line: 408}]
06-10 14:05:13.836 16163 16180 E GeckoConsole: [JavaScript Warning: "Unknown property '-moz-border-radius'.  Declaration dropped." {file: "http://backend.phone-lab.org/static/css/bootstrap.min.css" line: 409}]
06-10 14:05:13.836 16163 16180 E GeckoConsole: [JavaScript Warning: "Error in parsing value for 'filter'.  Declaration dropped." {file: "http://backend.phone-lab.org/static/css/bootstrap.min.css" line: 410}]
06-10 14:05:13.840 16163 16180 E GeckoConsole: [JavaScript Warning: "Unknown property 'transition'.  Declaration dropped." {file: "http://backend.phone-lab.org/static/css/bootstrap.min.css" line: 410}]
06-10 14:05:13.840 16163 16180 E GeckoConsole: [JavaScript Warning: "Error in parsing value for 'filter'.  Declaration dropped." {file: "http://backend.phone-lab.org/static/css/bootstrap.min.css" line: 410}]
06-10 14:05:13.840 16163 16180 E GeckoConsole: [JavaScript Warning: "Unknown property 'transition'.  Declaration dropped." {file: "http://backend.phone-lab.org/static/css/bootstrap.min.css" line: 411}]
06-10 14:05:13.840 16163 16180 E GeckoConsole: [JavaScript Warning: "Error in parsing value for 'filter'.  Declaration dropped." {file: "http://backend.phone-lab.org/static/css/bootstrap.min.css" line: 412}]
06-10 14:05:13.840 16163 16180 E GeckoConsole: [JavaScript Warning: "Error in parsing value for 'filter'.  Declaration dropped." {file: "http://backend.phone-lab.org/static/css/bootstrap.min.css" line: 412}]
06-10 14:05:13.840 16163 16180 E GeckoConsole: [JavaScript Warning: "Expected declaration but found '*'.  Skipped to next declaration." {file: "http://backend.phone-lab.org/static/css/bootstrap.min.css" line: 414}]
06-10 14:05:13.840 16163 16180 E GeckoConsole: [JavaScript Warning: "Expected declaration but found '*'.  Skipped to next declaration." {file: "http://backend.phone-lab.org/static/css/bootstrap.min.css" line: 414}]
06-10 14:05:13.840 16163 16180 E GeckoConsole: [JavaScript Warning: "Expected declaration but found '*'.  Skipped to next declaration." {file: "http://backend.phone-lab.org/static/css/bootstrap.min.css" line: 414}]
06-10 14:05:13.840 16163 16180 E GeckoConsole: [JavaScript Warning: "Error in parsing value for 'background-image'.  Declaration dropped." {file: "http://backend.phone-lab.org/static/css/bootstrap.min.css" line: 414}]
06-10 14:05:13.840 16163 16180 E GeckoConsole: [JavaScript Warning: "Error in parsing value for 'background-image'.  Declaration dropped." {file: "http://backend.phone-lab.org/static/css/bootstrap.min.css" line: 414}]
06-10 14:05:13.840 16163 16180 E GeckoConsole: [JavaScript Warning: "Error in parsing value for 'background-image'.  Declaration dropped." {file: "http://backend.phone-lab.org/static/css/bootstrap.min.css" line: 414}]
06-10 14:05:13.840 16163 16180 E GeckoConsole: [JavaScript Warning: "Error in parsing value for 'background-image'.  Declaration dropped." {file: "http://backend.phone-lab.org/static/css/bootstrap.min.css" line: 414}]
06-10 14:05:13.840 16163 16180 E GeckoConsole: [JavaScript Warning: "Error in parsing value for 'background-image'.  Declaration dropped." {file: "http://backend.phone-lab.org/static/css/bootstrap.min.css" line: 414}]
06-10 14:05:13.840 16163 16180 E GeckoConsole: [JavaScript Warning: "Error in parsing value for 'filter'.  Declaration dropped." {file: "http://backend.phone-lab.org/static/css/bootstrap.min.css" line: 414}]
06-10 14:05:13.840 16163 16180 E GeckoConsole: [JavaScript Warning: "Expected declaration but found '*'.  Skipped to next declaration." {file: "http://backend.phone-lab.org/static/css/bootstrap.min.css" line: 414}]
06-10 14:05:13.843 16163 16180 E GeckoConsole: [JavaScript Warning: "Error in parsing value for 'filter'.  Declaration dropped." {file: "http://backend.phone-lab.org/static/css/bootstrap.min.css" line: 414}]
06-10 14:05:13.843 16163 16180 E GeckoConsole: [JavaScript Warning: "Expected declaration but found '*'.  Skipped to next declaration." {file: "http://backend.phone-lab.org/static/css/bootstrap.min.css" line: 414}]
06-10 14:05:13.843 16163 16180 E GeckoConsole: [JavaScript Warning: "Unknown property '-moz-border-radius'.  Declaration dropped." {file: "http://backend.phone-lab.org/static/css/bootstrap.min.css" line: 414}]
06-10 14:05:13.843 16163 16180 E GeckoConsole: [JavaScript Warning: "Expected declaration but found '*'.  Skipped to next declaration." {file: "http://backend.phone-lab.org/static/css/bootstrap.min.css" line: 414}]
06-10 14:05:13.843 16163 16180 E GeckoConsole: [JavaScript Warning: "Unknown property '-moz-box-shadow'.  Declaration dropped." {file: "http://backend.phone-lab.org/static/css/bootstrap.min.css" line: 414}]
06-10 14:05:13.843 16163 16180 E GeckoConsole: [JavaScript Warning: "Expected declaration but found '*'.  Skipped to next declaration." {file: "http://backend.phone-lab.org/static/css/bootstrap.min.css" line: 414}]
06-10 14:05:13.843 16163 16180 E GeckoConsole: [JavaScript Warning: "Expected end of value but found '	'.  Error in parsing value for 'background-color'.  Declaration dropped." {file: "http://backend.phone-lab.org/static/css/bootstrap.min.css" line: 415}]
06-10 14:05:13.843 16163 16180 E GeckoConsole: [JavaScript Warning: "Expected declaration but found '*'.  Skipped to next declaration." {file: "http://backend.phone-lab.org/static/css/bootstrap.min.css" line: 416}]
06-10 14:05:13.843 16163 16180 E GeckoConsole: [JavaScript Warning: "Expected declaration but found '*'.  Skipped to next declaration." {file: "http://backend.phone-lab.org/static/css/bootstrap.min.css" line: 417}]
06-10 14:05:13.843 16163 16180 E GeckoConsole: [JavaScript Warning: "Unknown property 'transition'.  Declaration dropped." {file: "http://backend.phone-lab.org/static/css/bootstrap.min.css" line: 417}]
06-10 14:05:13.843 16163 16180 E GeckoConsole: [JavaScript Warning: "Expected color but found 'auto'.  Expected color but found '-webkit-focus-ring-color'.  Expected end of value but found '-webkit-focus-ring-color'.  Error in parsing value for 'outline'.  Declaration dropped." {file: "http://backend.phone-lab.org/static/css/bootstrap.min.css" line: 418}]
06-10 14:05:13.843 16163 16180 E GeckoConsole: [JavaScript Warning: "Expected end of value but found '	'.  Error in parsing value for 'background-color'.  Declaration dropped." {file: "http://backend.phone-lab.org/static/css/bootstrap.min.css" line: 419}]
06-10 14:05:13.843 16163 16180 E GeckoConsole: [JavaScript Warning: "Unknown property '-moz-box-shadow'.  Declaration dropped." {file: "http://backend.phone-lab.org/static/css/bootstrap.min.css" line: 419}]
06-10 14:05:13.843 16163 16180 E GeckoConsole: [JavaScript Warning: "Error in parsing value for 'filter'.  Declaration dropped." {file: "http://backend.phone-lab.org/static/css/bootstrap.min.css" line: 420}]
06-10 14:05:13.843 16163 16180 E GeckoConsole: [JavaScript Warning: "Unknown property '-moz-box-shadow'.  Declaration dropped." {file: "http://backend.phone-lab.org/static/css/bootstrap.min.css" line: 420}]
06-10 14:05:13.843 16163 16180 E GeckoConsole: [JavaScript Warning: "Unknown property '-moz-border-radius'.  Declaration dropped." {file: "http://backend.phone-lab.org/static/css/bootstrap.min.css" line: 421}]
06-10 14:05:13.843 16163 16180 E GeckoConsole: [JavaScript Warning: "Error in parsing value for 'background-image'.  Declaration dropped." {file: "http://backend.phone-lab.org/static/css/bootstrap.min.css" line: 429}]
06-10 14:05:13.843 16163 16180 E GeckoConsole: [JavaScript Warning: "Error in parsing value for 'background-image'.  Declaration dropped." {file: "http://backend.phone-lab.org/static/css/bootstrap.min.css" line: 429}]
06-10 14:05:13.843 16163 16180 E GeckoConsole: [JavaScript Warning: "Error in parsing value for 'background-image'.  Declaration dropped." {file: "http://backend.phone-lab.org/static/css/bootstrap.min.css" line: 429}]
06-10 14:05:13.843 16163 16180 E GeckoConsole: [JavaScript Warning: "Error in parsing value for 'background-image'.  Declaration dropped." {file: "http://backend.phone-lab.org/static/css/bootstrap.min.css" line: 429}]
06-10 14:05:13.847 16163 16180 E GeckoConsole: [JavaScript Warning: "Error in parsing value for 'background-image'.  Declaration dropped." {file: "http://backend.phone-lab.org/static/css/bootstrap.min.css" line: 429}]
06-10 14:05:13.847 16163 16180 E GeckoConsole: [JavaScript Warning: "Error in parsing value for 'filter'.  Declaration dropped." {file: "http://backend.phone-lab.org/static/css/bootstrap.min.css" line: 429}]
06-10 14:05:13.847 16163 16180 E GeckoConsole: [JavaScript Warning: "Expected declaration but found '*'.  Skipped to next declaration." {file: "http://backend.phone-lab.org/static/css/bootstrap.min.css" line: 429}]
06-10 14:05:13.847 16163 16180 E GeckoConsole: [JavaScript Warning: "Error in parsing value for 'filter'.  Declaration dropped." {file: "http://backend.phone-lab.org/static/css/bootstrap.min.css" line: 429}]
06-10 14:05:13.847 16163 16180 E GeckoConsole: [JavaScript Warning: "Expected declaration but found '*'.  Skipped to next declaration." {file: "http://backend.phone-lab.org/static/css/bootstrap.min.css" line: 429}]
06-10 14:05:13.847 16163 16180 E GeckoConsole: [JavaScript Warning: "Expected end of value but found '	'.  Error in parsing value for 'background-color'.  Declaration dropped." {file: "http://backend.phone-lab.org/static/css/bootstrap.min.css" line: 430}]
06-10 14:05:13.847 16163 16180 E GeckoConsole: [JavaScript Warning: "Error in parsing value for 'background-image'.  Declaration dropped." {file: "http://backend.phone-lab.org/static/css/bootstrap.min.css" line: 431}]
06-10 14:05:13.847 16163 16180 E GeckoConsole: [JavaScript Warning: "Error in parsing value for 'background-image'.  Declaration dropped." {file: "http://backend.phone-lab.org/static/css/bootstrap.min.css" line: 431}]
06-10 14:05:13.847 16163 16180 E GeckoConsole: [JavaScript Warning: "Error in parsing value for 'background-image'.  Declaration dropped." {file: "http://backend.phone-lab.org/static/css/bootstrap.min.css" line: 431}]
06-10 14:05:13.847 16163 16180 E GeckoConsole: [JavaScript Warning: "Error in parsing value for 'background-image'.  Declaration dropped." {file: "http://backend.phone-lab.org/static/css/bootstrap.min.css" line: 431}]
06-10 14:05:13.847 16163 16180 E GeckoConsole: [JavaScript Warning: "Error in parsing value for 'background-image'.  Declaration dropped." {file: "http://backend.phone-lab.org/static/css/bootstrap.min.css" line: 431}]
06-10 14:05:13.847 16163 16180 E GeckoConsole: [JavaScript Warning: "Error in parsing value for 'filter'.  Declaration dropped." {file: "http://backend.phone-lab.org/static/css/bootstrap.min.css" line: 431}]
06-10 14:05:13.847 16163 16180 E GeckoConsole: [JavaScript Warning: "Expected declaration but found '*'.  Skipped to next declaration." {file: "http://backend.phone-lab.org/static/css/bootstrap.min.css" line: 431}]
06-10 14:05:13.847 16163 16180 E GeckoConsole: [JavaScript Warning: "Error in parsing value for 'filter'.  Declaration dropped." {file: "http://backend.phone-lab.org/static/css/bootstrap.min.css" line: 431}]
06-10 14:05:13.847 16163 16180 E GeckoConsole: [JavaScript Warning: "Expected declaration but found '*'.  Skipped to next declaration." {file: "http://backend.phone-lab.org/static/css/bootstrap.min.css" line: 431}]
06-10 14:05:13.847 16163 16180 E GeckoConsole: [JavaScript Warning: "Expected end of value but found '	'.  Error in parsing value for 'background-color'.  Declaration dropped." {file: "http://backend.phone-lab.org/static/css/bootstrap.min.css" line: 432}]
06-10 14:05:13.847 16163 16180 E GeckoConsole: [JavaScript Warning: "Error in parsing value for 'background-image'.  Declaration dropped." {file: "http://backend.phone-lab.org/static/css/bootstrap.min.css" line: 433}]
06-10 14:05:13.847 16163 16180 E GeckoConsole: [JavaScript Warning: "Error in parsing value for 'background-image'.  Declaration dropped." {file: "http://backend.phone-lab.org/static/css/bootstrap.min.css" line: 433}]
06-10 14:05:13.847 16163 16180 E GeckoConsole: [JavaScript Warning: "Error in parsing value for 'background-image'.  Declaration dropped." {file: "http://backend.phone-lab.org/static/css/bootstrap.min.css" line: 433}]
06-10 14:05:13.847 16163 16180 E GeckoConsole: [JavaScript Warning: "Error in parsing value for 'background-image'.  Declaration dropped." {file: "http://backend.phone-lab.org/static/css/bootstrap.min.css" line: 433}]
06-10 14:05:13.847 16163 16180 E GeckoConsole: [JavaScript Warning: "Error in parsing value for 'background-image'.  Declaration dropped." {file: "http://backend.phone-lab.org/static/css/bootstrap.min.css" line: 433}]
06-10 14:05:13.847 16163 16180 E GeckoConsole: [JavaScript Warning: "Error in parsing value for 'filter'.  Declaration dropped." {file: "http://backend.phone-lab.org/static/css/bootstrap.min.css" line: 433}]
06-10 14:05:13.847 16163 16180 E GeckoConsole: [JavaScript Warning: "Expected declaration but found '*'.  Skipped to next declaration." {file: "http://backend.phone-lab.org/static/css/bootstrap.min.css" line: 433}]
06-10 14:05:13.847 16163 16180 E GeckoConsole: [JavaScript Warning: "Error in parsing value for 'filter'.  Declaration dropped." {file: "http://backend.phone-lab.org/static/css/bootstrap.min.css" line: 433}]
06-10 14:05:13.847 16163 16180 E GeckoConsole: [JavaScript Warning: "Expected declaration but found '*'.  Skipped to next declaration." {file: "http://backend.phone-lab.org/static/css/bootstrap.min.css" line: 433}]
06-10 14:05:13.847 16163 16180 E GeckoConsole: [JavaScript Warning: "Expected end of value but found '	'.  Error in parsing value for 'background-color'.  Declaration dropped." {file: "http://backend.phone-lab.org/static/css/bootstrap.min.css" line: 434}]
06-10 14:05:13.847 16163 16180 E GeckoConsole: [JavaScript Warning: "Error in parsing value for 'background-image'.  Declaration dropped." {file: "http://backend.phone-lab.org/static/css/bootstrap.min.css" line: 435}]
06-10 14:05:13.851 16163 16180 E GeckoConsole: [JavaScript Warning: "Error in parsing value for 'background-image'.  Declaration dropped." {file: "http://backend.phone-lab.org/static/css/bootstrap.min.css" line: 435}]
06-10 14:05:13.851 16163 16180 E GeckoConsole: [JavaScript Warning: "Error in parsing value for 'background-image'.  Declaration dropped." {file: "http://backend.phone-lab.org/static/css/bootstrap.min.css" line: 435}]
06-10 14:05:13.851 16163 16180 E GeckoConsole: [JavaScript Warning: "Error in parsing value for 'background-image'.  Declaration dropped." {file: "http://backend.phone-lab.org/static/css/bootstrap.min.css" line: 435}]
06-10 14:05:13.851 16163 16180 E GeckoConsole: [JavaScript Warning: "Error in parsing value for 'background-image'.  Declaration dropped." {file: "http://backend.phone-lab.org/static/css/bootstrap.min.css" line: 435}]
06-10 14:05:13.851 16163 16180 E GeckoConsole: [JavaScript Warning: "Error in parsing value for 'filter'.  Declaration dropped." {file: "http://backend.phone-lab.org/static/css/bootstrap.min.css" line: 435}]
06-10 14:05:13.851 16163 16180 E GeckoConsole: [JavaScript Warning: "Expected declaration but found '*'.  Skipped to next declaration." {file: "http://backend.phone-lab.org/static/css/bootstrap.min.css" line: 435}]
06-10 14:05:13.851 16163 16180 E GeckoConsole: [JavaScript Warning: "Error in parsing value for 'filter'.  Declaration dropped." {file: "http://backend.phone-lab.org/static/css/bootstrap.min.css" line: 435}]
06-10 14:05:13.851 16163 16180 E GeckoConsole: [JavaScript Warning: "Expected declaration but found '*'.  Skipped to next declaration." {file: "http://backend.phone-lab.org/static/css/bootstrap.min.css" line: 435}]
06-10 14:05:13.851 16163 16180 E GeckoConsole: [JavaScript Warning: "Expected end of value but found '	'.  Error in parsing value for 'background-color'.  Declaration dropped." {file: "http://backend.phone-lab.org/static/css/bootstrap.min.css" line: 436}]
06-10 14:05:13.851 16163 16180 E GeckoConsole: [JavaScript Warning: "Error in parsing value for 'background-image'.  Declaration dropped." {file: "http://backend.phone-lab.org/static/css/bootstrap.min.css" line: 437}]
06-10 14:05:13.851 16163 16180 E GeckoConsole: [JavaScript Warning: "Error in parsing value for 'background-image'.  Declaration dropped." {file: "http://backend.phone-lab.org/static/css/bootstrap.min.css" line: 437}]
06-10 14:05:13.851 16163 16180 E GeckoConsole: [JavaScript Warning: "Error in parsing value for 'background-image'.  Declaration dropped." {file: "http://backend.phone-lab.org/static/css/bootstrap.min.css" line: 437}]
06-10 14:05:13.851 16163 16180 E GeckoConsole: [JavaScript Warning: "Error in parsing value for 'background-image'.  Declaration dropped." {file: "http://backend.phone-lab.org/static/css/bootstrap.min.css" line: 437}]
06-10 14:05:13.851 16163 16180 E GeckoConsole: [JavaScript Warning: "Error in parsing value for 'background-image'.  Declaration dropped." {file: "http://backend.phone-lab.org/static/css/bootstrap.min.css" line: 437}]
06-10 14:05:13.851 16163 16180 E GeckoConsole: [JavaScript Warning: "Error in parsing value for 'filter'.  Declaration dropped." {file: "http://backend.phone-lab.org/static/css/bootstrap.min.css" line: 437}]
06-10 14:05:13.851 16163 16180 E GeckoConsole: [JavaScript Warning: "Expected declaration but found '*'.  Skipped to next declaration." {file: "http://backend.phone-lab.org/static/css/bootstrap.min.css" line: 437}]
06-10 14:05:13.851 16163 16180 E GeckoConsole: [JavaScript Warning: "Error in parsing value for 'filter'.  Declaration dropped." {file: "http://backend.phone-lab.org/static/css/bootstrap.min.css" line: 437}]
06-10 14:05:13.851 16163 16180 E GeckoConsole: [JavaScript Warning: "Expected declaration but found '*'.  Skipped to next declaration." {file: "http://backend.phone-lab.org/static/css/bootstrap.min.css" line: 437}]
06-10 14:05:13.851 16163 16180 E GeckoConsole: [JavaScript Warning: "Expected end of value but found '	'.  Error in parsing value for 'background-color'.  Declaration dropped." {file: "http://backend.phone-lab.org/static/css/bootstrap.min.css" line: 438}]
06-10 14:05:13.851 16163 16180 E GeckoConsole: [JavaScript Warning: "Error in parsing value for 'background-image'.  Declaration dropped." {file: "http://backend.phone-lab.org/static/css/bootstrap.min.css" line: 439}]
06-10 14:05:13.851 16163 16180 E GeckoConsole: [JavaScript Warning: "Error in parsing value for 'background-image'.  Declaration dropped." {file: "http://backend.phone-lab.org/static/css/bootstrap.min.css" line: 439}]
06-10 14:05:13.851 16163 16180 E GeckoConsole: [JavaScript Warning: "Error in parsing value for 'background-image'.  Declaration dropped." {file: "http://backend.phone-lab.org/static/css/bootstrap.min.css" line: 439}]
06-10 14:05:13.851 16163 16180 E GeckoConsole: [JavaScript Warning: "Error in parsing value for 'background-image'.  Declaration dropped." {file: "http://backend.phone-lab.org/static/css/bootstrap.min.css" line: 439}]
06-10 14:05:13.851 16163 16180 E GeckoConsole: [JavaScript Warning: "Error in parsing value for 'background-image'.  Declaration dropped." {file: "http://backend.phone-lab.org/static/css/bootstrap.min.css" line: 439}]
06-10 14:05:13.851 16163 16180 E GeckoConsole: [JavaScript Warning: "Error in parsing value for 'filter'.  Declaration dropped." {file: "http://backend.phone-lab.org/static/css/bootstrap.min.css" line: 439}]
06-10 14:05:13.851 16163 16180 E GeckoConsole: [JavaScript Warning: "Expected declaration but found '*'.  Skipped to next declaration." {file: "http://backend.phone-lab.org/static/css/bootstrap.min.css" line: 439}]
06-10 14:05:13.851 16163 16180 E GeckoConsole: [JavaScript Warning: "Error in parsing value for 'filter'.  Declaration dropped." {file: "http://backend.phone-lab.org/static/css/bootstrap.min.css" line: 439}]
06-10 14:05:13.851 16163 16180 E GeckoConsole: [JavaScript Warning: "Expected declaration but found '*'.  Skipped to next declaration." {file: "http://backend.phone-lab.org/static/css/bootstrap.min.css" line: 439}]
06-10 14:05:13.855 16163 16180 E GeckoConsole: [JavaScript Warning: "Expected end of value but found '	'.  Error in parsing value for 'background-color'.  Declaration dropped." {file: "http://backend.phone-lab.org/static/css/bootstrap.min.css" line: 440}]
06-10 14:05:13.855 16163 16180 E GeckoConsole: [JavaScript Warning: "Expected declaration but found '*'.  Skipped to next declaration." {file: "http://backend.phone-lab.org/static/css/bootstrap.min.css" line: 441}]
06-10 14:05:13.855 16163 16180 E GeckoConsole: [JavaScript Warning: "Expected declaration but found '*'.  Skipped to next declaration." {file: "http://backend.phone-lab.org/static/css/bootstrap.min.css" line: 441}]
06-10 14:05:13.855 16163 16180 E GeckoConsole: [JavaScript Warning: "Expected declaration but found '*'.  Skipped to next declaration." {file: "http://backend.phone-lab.org/static/css/bootstrap.min.css" line: 442}]
06-10 14:05:13.855 16163 16180 E GeckoConsole: [JavaScript Warning: "Expected declaration but found '*'.  Skipped to next declaration." {file: "http://backend.phone-lab.org/static/css/bootstrap.min.css" line: 442}]
06-10 14:05:13.855 16163 16180 E GeckoConsole: [JavaScript Warning: "Expected declaration but found '*'.  Skipped to next declaration." {file: "http://backend.phone-lab.org/static/css/bootstrap.min.css" line: 443}]
06-10 14:05:13.855 16163 16180 E GeckoConsole: [JavaScript Warning: "Expected declaration but found '*'.  Skipped to next declaration." {file: "http://backend.phone-lab.org/static/css/bootstrap.min.css" line: 443}]
