06-14 02:25:57.018   142   422 D CountryDetector: The first listener is added
06-14 02:25:57.053  9379  9381 D dalvikvm: GC_CONCURRENT freed 392K, 5% free 9400K/9863K, paused 2ms+3ms
06-14 02:25:57.053  9379  9388 W CursorWrapperInner: Cursor finalized without prior close()
06-14 02:25:57.053  9379  9388 W CursorWrapperInner: Cursor finalized without prior close()
06-14 02:25:57.053  9379  9388 W CursorWrapperInner: Cursor finalized without prior close()
06-14 02:25:57.240  9394  9396 D dalvikvm: GC_CONCURRENT freed 230K, 4% free 9563K/9927K, paused 2ms+6ms
06-14 02:25:57.455   142   368 I ActivityManager: Process com.facebook.orca (pid 9268) has died.
06-14 02:25:57.455   142   368 W ActivityManager: Scheduling restart of crashed service com.facebook.orca/.push.mqtt.MqttPushService in 18386ms
06-14 02:25:57.545   142   158 V BackupManagerService: Running a backup pass
06-14 02:25:57.561   142   212 V BackupManagerService: Backup requested but nothing pending
06-14 02:25:57.600  9394  9396 D dalvikvm: GC_CONCURRENT freed 284K, 4% free 9734K/10119K, paused 1ms+5ms
06-14 02:25:57.760   142   154 D dalvikvm: GC_EXPLICIT freed 1172K, 23% free 19032K/24647K, paused 9ms+9ms
06-14 02:25:57.830  9379  9381 D dalvikvm: GC_CONCURRENT freed 305K, 5% free 9491K/9927K, paused 2ms+4ms
06-14 02:25:58.111  9394  9396 D dalvikvm: GC_CONCURRENT freed 276K, 4% free 9939K/10311K, paused 2ms+4ms
06-14 02:25:58.834  9394  9409 D dalvikvm: GC_EXPLICIT freed 226K, 5% free 9894K/10311K, paused 2ms+4ms
06-14 02:25:58.900  9379  9417 D dalvikvm: GC_FOR_ALLOC freed 143K, 5% free 9660K/10119K, paused 26ms
06-14 02:26:05.213   959   959 D dalvikvm: GC_EXPLICIT freed 136K, 21% free 11684K/14663K, paused 32ms+4ms
06-14 02:26:10.170 27790 27790 D dalvikvm: GC_EXPLICIT freed 62K, 36% free 11631K/17991K, paused 25ms+3ms
06-14 02:26:15.264   142   158 D dalvikvm: GC_EXPLICIT freed 131K, 23% free 19014K/24647K, paused 7ms+7ms
06-14 02:26:15.900   142   159 I ActivityManager: Start proc com.facebook.orca for service com.facebook.orca/.push.mqtt.MqttPushService: pid=9422 uid=10061 gids={3003, 1015, 1006}
06-14 02:26:15.947  9422  9422 I dalvikvm: Turning on JNI app bug workarounds for target SDK version 10...
06-14 02:26:16.205  9422  9422 I ActivityThread: Pub com.facebook.orca.notify.MessengerLoggedInUserProvider: com.facebook.orca.notify.MessengerLoggedInUserProvider
06-14 02:26:16.229  9422  9422 I ActivityThread: Pub com.facebook.orca.notify.MessengerForegroundProvider: com.facebook.orca.notify.MessengerForegroundProvider
06-14 02:26:16.232  9422  9422 V orca:OrcaApplication: Forcing initialization of AsyncTask
06-14 02:26:16.381  9422  9423 D dalvikvm: GC_CONCURRENT freed 229K, 4% free 9307K/9607K, paused 3ms+5ms
06-14 02:26:16.408  9422  9422 I Finalizer: Couldn't access Thread.inheritableThreadLocals. Reference finalizer threads will inherit thread local values.
06-14 02:26:16.689  9422  9423 D dalvikvm: GC_CONCURRENT freed 373K, 6% free 9430K/9927K, paused 7ms+2ms
06-14 02:26:16.799  9422  9422 W OrcaGuiceModule: Sig: ijxLJi1yGs1JpL-X1SExmchvork
06-14 02:26:16.846   142 12773 I ActivityManager: Process android.process.acore (pid 9394) has died.
06-14 02:26:16.854   142   917 D CountryDetector: No listener is left
06-14 02:26:16.908  9422  9423 D dalvikvm: GC_CONCURRENT freed 258K, 4% free 9614K/9991K, paused 4ms+12ms
06-14 02:26:17.260  9422  9437 W Resources: Converting to string: TypedValue{t=0x10/d=0xffffffff a=-1}
06-14 02:26:17.545  9422  9423 D dalvikvm: GC_CONCURRENT freed 322K, 4% free 9853K/10247K, paused 2ms+3ms
06-14 02:26:17.666  9422  9422 D ACRA    : Retrieve application default SharedPreferences.
06-14 02:26:17.666  9422  9422 D ACRA    : Set OnSharedPreferenceChangeListener.
06-14 02:26:17.666  9422  9422 D ACRA    : ACRA is enabled for com.facebook.orca, intializing...
06-14 02:26:17.717  9422  9423 D dalvikvm: GC_CONCURRENT freed 295K, 4% free 10070K/10439K, paused 2ms+3ms
06-14 02:26:17.748  9422  9437 D dalvikvm: GC_FOR_ALLOC freed 237K, 6% free 10112K/10695K, paused 20ms
06-14 02:26:17.756  9422  9422 D ACRA    : Looking for error files in /data/data/com.facebook.orca/app_acra-reports
06-14 02:26:17.807  9422  9437 D dalvikvm: GC_FOR_ALLOC freed 129K, 5% free 10217K/10695K, paused 18ms
06-14 02:26:17.885  9422  9437 D dalvikvm: GC_FOR_ALLOC freed 214K, 6% free 10247K/10823K, paused 24ms
06-14 02:26:18.053  9422  9423 D dalvikvm: GC_CONCURRENT freed 383K, 5% free 10432K/10887K, paused 2ms+3ms
06-14 02:26:18.236  9422  9423 D dalvikvm: GC_CONCURRENT freed 115K, 2% free 10829K/11015K, paused 2ms+3ms
06-14 02:26:18.529  9422  9423 D dalvikvm: GC_CONCURRENT freed 428K, 5% free 11028K/11527K, paused 3ms+2ms
06-14 02:26:18.705  9422  9423 D dalvikvm: GC_CONCURRENT freed 442K, 5% free 11270K/11783K, paused 4ms+3ms
06-14 02:26:20.174  9422  9423 D dalvikvm: GC_CONCURRENT freed 655K, 7% free 11377K/12103K, paused 2ms+3ms
06-14 02:26:22.682   213   213 D dalvikvm: GC_EXPLICIT freed 8K, 59% free 9684K/23239K, paused 26ms+3ms
06-14 02:26:27.006   142   172 I ActivityManager: Start proc com.twitter.android for service com.twitter.android/.client.AppService: pid=9448 uid=10068 gids={3003, 1015}
06-14 02:26:27.037  9448  9448 I dalvikvm: Turning on JNI app bug workarounds for target SDK version 11...
06-14 02:26:27.166  9448  9448 I ActivityThread: Pub com.twitter.android.provider.GlobalDatabaseProvider: com.twitter.android.provider.GlobalDatabaseProvider
06-14 02:26:27.174  9448  9448 I ActivityThread: Pub com.twitter.android.provider.TwitterProvider: com.twitter.android.provider.TwitterProvider
06-14 02:26:27.303  9448  9450 D dalvikvm: GC_CONCURRENT freed 198K, 4% free 9290K/9607K, paused 6ms+2ms
06-14 02:26:27.342   142   422 I ActivityManager: Process com.twitter.android (pid 9448) has died.
06-14 02:26:27.400   142   166 I ActivityManager: Start proc com.twitter.android for service com.twitter.android/.platform.TwitterDataSyncService: pid=9462 uid=10068 gids={3003, 1015}
06-14 02:26:27.432  9462  9462 I dalvikvm: Turning on JNI app bug workarounds for target SDK version 11...
06-14 02:26:27.439    80    80 D dalvikvm: GC_EXPLICIT freed 37K, 4% free 9031K/9347K, paused 3ms+15ms
06-14 02:26:27.494    80    80 D dalvikvm: GC_EXPLICIT freed <1K, 4% free 9031K/9347K, paused 7ms+10ms
06-14 02:26:27.533  9462  9462 I ActivityThread: Pub com.twitter.android.provider.GlobalDatabaseProvider: com.twitter.android.provider.GlobalDatabaseProvider
06-14 02:26:27.533  9462  9462 I ActivityThread: Pub com.twitter.android.provider.TwitterProvider: com.twitter.android.provider.TwitterProvider
06-14 02:26:27.541    80    80 D dalvikvm: GC_EXPLICIT freed <1K, 4% free 9031K/9347K, paused 1ms+8ms
06-14 02:26:27.584   142   153 I ActivityManager: Process com.whatsapp (pid 9334) has died.
06-14 02:26:27.584   142   153 W ActivityManager: Scheduling restart of crashed service com.whatsapp/.messaging.MessageService in 5000ms
06-14 02:26:27.662  9462  9475 D dalvikvm: GC_FOR_ALLOC freed 152K, 3% free 9263K/9543K, paused 17ms
06-14 02:26:27.846  9462  9465 D dalvikvm: GC_CONCURRENT freed 187K, 4% free 9496K/9799K, paused 3ms+5ms
06-14 02:26:27.994  9462  9465 D dalvikvm: GC_CONCURRENT freed 310K, 5% free 9632K/10055K, paused 1ms+4ms
06-14 02:26:28.123  9462  9465 D dalvikvm: GC_CONCURRENT freed 302K, 5% free 9758K/10183K, paused 2ms+2ms
06-14 02:26:28.248  9462  9465 D dalvikvm: GC_CONCURRENT freed 303K, 5% free 9888K/10311K, paused 1ms+2ms
06-14 02:26:28.369  9462  9465 D dalvikvm: GC_CONCURRENT freed 298K, 5% free 10015K/10439K, paused 1ms+1ms
06-14 02:26:28.494  9462  9465 D dalvikvm: GC_CONCURRENT freed 299K, 4% free 10149K/10567K, paused 2ms+5ms
06-14 02:26:28.627  9462  9465 D dalvikvm: GC_CONCURRENT freed 295K, 4% free 10273K/10695K, paused 1ms+1ms
06-14 02:26:28.779  9462  9465 D dalvikvm: GC_CONCURRENT freed 490K, 6% free 10215K/10823K, paused 1ms+2ms
06-14 02:26:28.896  9462  9465 D dalvikvm: GC_CONCURRENT freed 323K, 5% free 10290K/10823K, paused 1ms+2ms
06-14 02:26:29.033  9462  9465 D dalvikvm: GC_CONCURRENT freed 329K, 5% free 10381K/10823K, paused 3ms+2ms
06-14 02:26:29.174  9462  9465 D dalvikvm: GC_CONCURRENT freed 364K, 5% free 10467K/10951K, paused 1ms+2ms
06-14 02:26:29.307  9462  9465 D dalvikvm: GC_CONCURRENT freed 354K, 5% free 10551K/11015K, paused 4ms+2ms
06-14 02:26:29.436  9462  9465 D dalvikvm: GC_CONCURRENT freed 338K, 5% free 10636K/11079K, paused 2ms+2ms
06-14 02:26:29.561  9462  9465 D dalvikvm: GC_CONCURRENT freed 379K, 5% free 10724K/11207K, paused 2ms+2ms
06-14 02:26:29.701  9462  9465 D dalvikvm: GC_CONCURRENT freed 402K, 5% free 10814K/11335K, paused 1ms+2ms
06-14 02:26:30.951  9462  9465 D dalvikvm: GC_CONCURRENT freed 347K, 5% free 11002K/11463K, paused 2ms+3ms
06-14 02:26:32.650   142   159 I ActivityManager: Start proc com.whatsapp for service com.whatsapp/.messaging.MessageService: pid=9480 uid=10070 gids={1015, 3003}
06-14 02:26:32.662  9480  9480 I dalvikvm: Turning on JNI app bug workarounds for target SDK version 7...
06-14 02:26:32.783   342   342 D dalvikvm: GC_EXPLICIT freed 3K, 16% free 12074K/14343K, paused 5ms+9ms
06-14 02:26:32.908  9480  9482 D dalvikvm: GC_CONCURRENT freed 155K, 3% free 9363K/9607K, paused 1ms+2ms
06-14 02:26:33.084   142   921 I ActivityManager: Process com.twitter.android (pid 9462) has died.
06-14 02:26:33.252  9480  9482 D dalvikvm: GC_CONCURRENT freed 284K, 4% free 9608K/9991K, paused 2ms+3ms
06-14 02:26:33.436  9480  9480 I SqliteDatabaseCpp: sqlite returned: error code = 1, msg = duplicate column name: photo_ts, db=/data/data/com.whatsapp/databases/msgstore.db
06-14 02:26:33.439  9480  9480 I SqliteDatabaseCpp: sqlite returned: error code = 1, msg = duplicate column name: thumb_ts, db=/data/data/com.whatsapp/databases/msgstore.db
06-14 02:26:33.439  9480  9480 I SqliteDatabaseCpp: sqlite returned: error code = 1, msg = duplicate column name: photo_id_timestamp, db=/data/data/com.whatsapp/databases/msgstore.db
06-14 02:26:33.479   142   154 I ActivityManager: Start proc android.process.acore for content provider com.android.providers.contacts/.ContactsProvider2: pid=9500 uid=10000 gids={3003, 1015}
06-14 02:26:33.549  9480  9480 I dalvikvm: Could not find method android.media.MediaMetadataRetriever.captureFrame, referenced from method com.whatsapp.d3.a
06-14 02:26:33.549  9480  9480 W dalvikvm: VFY: unable to resolve virtual method 496: Landroid/media/MediaMetadataRetriever;.captureFrame ()Landroid/graphics/Bitmap;
06-14 02:26:33.549  9480  9480 D dalvikvm: VFY: replacing opcode 0x6e at 0x0134
06-14 02:26:33.576  9500  9500 I ActivityThread: Pub call_log: com.android.providers.contacts.CallLogProvider
06-14 02:26:33.600  9500  9500 I ActivityThread: Pub com.android.voicemail: com.android.providers.contacts.VoicemailContentProvider
06-14 02:26:33.604  9500  9500 I ActivityThread: Pub user_dictionary: com.android.providers.userdictionary.UserDictionaryProvider
06-14 02:26:33.615  9500  9500 I ActivityThread: Pub com.android.social: com.android.providers.contacts.SocialProvider
06-14 02:26:33.615  9500  9500 I ActivityThread: Pub applications: com.android.providers.applications.ApplicationsProvider
06-14 02:26:33.799  9500  9500 I ActivityThread: Pub contacts;com.android.contacts: com.android.providers.contacts.ContactsProvider2
06-14 02:26:33.842  9500  9503 D dalvikvm: GC_CONCURRENT freed 350K, 5% free 9186K/9607K, paused 2ms+10ms
06-14 02:26:33.850  9480  9482 D dalvikvm: GC_CONCURRENT freed 445K, 6% free 9727K/10247K, paused 2ms+2ms
06-14 02:26:34.092  9480  9482 D dalvikvm: GC_CONCURRENT freed 166K, 3% free 9960K/10247K, paused 2ms+4ms
06-14 02:26:35.299  9500  9503 D dalvikvm: GC_CONCURRENT freed 182K, 4% free 9441K/9735K, paused 3ms+5ms
06-14 02:26:35.561   142   154 I ActivityManager: Process com.facebook.orca (pid 9422) has died.
06-14 02:26:35.564   142   154 W ActivityManager: Scheduling restart of crashed service com.facebook.orca/.push.mqtt.MqttPushService in 73544ms
06-14 02:26:36.377   142   919 I ActivityManager: Process android.process.acore (pid 9500) has died.
06-14 02:26:36.674  9480  9482 D dalvikvm: GC_CONCURRENT freed 510K, 7% free 9869K/10503K, paused 6ms+3ms
06-14 02:26:41.525   428   428 D dalvikvm: GC_EXPLICIT freed <1K, 4% free 9037K/9347K, paused 25ms+1ms
06-14 02:26:44.842   142   922 I ActivityManager: Start proc com.google.android.apps.maps:LocationFriendService for service com.google.android.apps.maps/com.google.googlenav.friend.reporting.LocationReceiverService: pid=9524 uid=10057 gids={3003, 1015}
06-14 02:26:44.947  8585  8587 D dalvikvm: GC_CONCURRENT freed 474K, 6% free 10243K/10887K, paused 1ms+5ms
06-14 02:26:44.986  9524  9527 D dalvikvm: GC_CONCURRENT freed 158K, 3% free 9378K/9607K, paused 2ms+2ms
06-14 02:26:45.377  9524  9527 D dalvikvm: GC_CONCURRENT freed 152K, 3% free 9660K/9927K, paused 6ms+2ms
06-14 02:26:45.928  9524  9527 D dalvikvm: GC_CONCURRENT freed 236K, 4% free 9874K/10183K, paused 6ms+2ms
06-14 02:26:45.994  9524  9531 I dalvikvm: Total arena pages for JIT: 11
06-14 02:26:45.994  9524  9531 I dalvikvm: Total arena pages for JIT: 12
06-14 02:26:45.994  9524  9531 I dalvikvm: Total arena pages for JIT: 13
06-14 02:26:45.998  9524  9531 I dalvikvm: Total arena pages for JIT: 14
06-14 02:26:45.998  9524  9531 I dalvikvm: Total arena pages for JIT: 15
06-14 02:26:45.998  9524  9531 I dalvikvm: Total arena pages for JIT: 16
06-14 02:26:45.998  9524  9531 I dalvikvm: Total arena pages for JIT: 17
06-14 02:26:49.795   324   324 D dalvikvm: GC_EXPLICIT freed <1K, 20% free 10618K/13191K, paused 28ms+3ms
06-14 02:26:54.736 16941 16941 E GeckoApp: low memory
06-14 02:26:54.846 16941 16941 D dalvikvm: GC_EXPLICIT freed 4K, 22% free 10500K/13319K, paused 27ms+4ms
06-14 02:27:00.666  6827  6840 I PhoneLab-: Service Running
06-14 02:27:00.787  6827  6829 D dalvikvm: GC_CONCURRENT freed 886K, 14% free 9228K/10631K, paused 2ms+2ms
06-14 02:27:00.838  6827  6840 I PhoneLab-LoggerService: app_38    27718 1     1112   664   c00f181c 400107b4 S logcat
06-14 02:27:00.838  6827  6840 I PhoneLab-LoggerService: Logcat pid from database 27718
06-14 02:27:00.838  6827  6840 I PhoneLab-LoggerService: Logcat process found 27718
06-14 02:27:00.838  6827  6840 I PhoneLab-LoggerService: Checking Threshold
06-14 02:27:00.838  6827  6840 I PhoneLab-LoggerService: Starting to rename files
06-14 02:27:00.838  6827  6840 I PhoneLab-LoggerService: Files found .. 2
06-14 02:27:00.838  6827  6840 I PhoneLab-LoggerService: File 1 log.out.1
06-14 02:27:00.846  6827  6840 I PhoneLab-LoggerService: Renamed successfully
06-14 02:27:05.221  8585  8585 D dalvikvm: GC_EXPLICIT freed 7K, 6% free 10235K/10887K, paused 24ms+2ms
06-14 02:27:10.248  8688  8688 D dalvikvm: GC_EXPLICIT freed <1K, 4% free 9055K/9347K, paused 16ms+2ms
06-14 02:27:15.100   142   172 I ActivityManager: Start proc com.google.android.apps.plus for service com.google.android.apps.plus/.service.EsService: pid=9549 uid=10058 gids={3003, 3002, 1015, 1006}
06-14 02:27:15.334   142   172 I ActivityManager: Start proc com.google.android.gm for service com.google.android.gm/.provider.MailIndexerService: pid=9562 uid=10019 gids={3003, 1015}
06-14 02:27:15.420  9549  9551 D dalvikvm: GC_CONCURRENT freed 157K, 3% free 9379K/9607K, paused 2ms+2ms
06-14 02:27:15.557  9549  9549 I ActivityThread: Pub com.google.android.apps.plus.content.ApiProvider: com.google.android.apps.plus.content.EsApiProvider
06-14 02:27:15.576  9549  9549 I ActivityThread: Pub com.google.android.apps.plus.content.EsGooglePhotoProvider: com.google.android.picasasync.PicasaContentProvider
06-14 02:27:15.646  9562  9562 I ActivityThread: Pub gmail-ls: com.google.android.gm.provider.MailProvider
06-14 02:27:15.674  9562  9562 I ActivityThread: Pub com.google.android.gm: com.google.android.gm.provider.PublicContentProvider
06-14 02:27:15.713  9562  9562 I ActivityThread: Pub com.google.android.gmail.SuggestionProvider: com.google.android.gm.SuggestionsProvider
06-14 02:27:15.818  9549  9551 D dalvikvm: GC_CONCURRENT freed 482K, 6% free 9433K/9991K, paused 1ms+3ms
06-14 02:27:15.818  9549  9549 I ActivityThread: Pub com.google.android.apps.plus.content.EsPicasaStoreProvider: com.google.android.picasastore.PicasaPhotoContentProvider
06-14 02:27:15.975   142   294 D dalvikvm: GC_EXPLICIT freed 1717K, 23% free 19056K/24647K, paused 4ms+8ms
06-14 02:27:15.975  9549  9549 I ActivityThread: Pub com.google.plus.platform: com.google.android.apps.plus.content.AdsProvider
06-14 02:27:15.975  9549  9549 I ActivityThread: Pub com.google.android.apps.plus.iu.EsGoogleIuProvider: com.google.android.apps.plus.iu.InstantUploadProvider
06-14 02:27:16.021  9549  9549 I ActivityThread: Pub com.google.android.apps.plus.content.EsProvider: com.google.android.apps.plus.content.EsProvider
06-14 02:27:16.092   142   154 I ActivityManager: Start proc android.process.media for content provider com.android.providers.media/.MediaProvider: pid=9579 uid=10012 gids={1015, 1023, 1024, 2001, 3003, 3007}
06-14 02:27:16.131  9562  9584 W Gmail   : No MailEngine for account: lokeshmandvekar@gmail.com
06-14 02:27:16.178  9549  9551 D dalvikvm: GC_CONCURRENT freed 421K, 5% free 9555K/10055K, paused 3ms+3ms
06-14 02:27:16.213  9579  9579 I ActivityThread: Pub downloads: com.android.providers.downloads.DownloadProvider
06-14 02:27:16.260  9579  9579 I ActivityThread: Pub drm: com.android.providers.drm.DrmProvider
06-14 02:27:16.260  9579  9597 I DownloadManager: in removeSpuriousFiles
06-14 02:27:16.283  9579  9597 I DownloadManager: in removeSpuriousFiles, preserving file /data/data/com.android.providers.downloads/cache/downloadfile-1.apk
06-14 02:27:16.283  9579  9597 I DownloadManager: deleting spurious file /cache/backup
06-14 02:27:16.291  9579  9579 I ActivityThread: Pub media: com.android.providers.media.MediaProvider
06-14 02:27:16.467  9549  9551 D dalvikvm: GC_CONCURRENT freed 160K, 3% free 9830K/10119K, paused 2ms+2ms
06-14 02:27:16.510  9579  9580 D dalvikvm: GC_CONCURRENT freed 326K, 5% free 9210K/9607K, paused 2ms+6ms
06-14 02:27:16.557  9549  9577 D PicasaPhotoCP: set fsid first time:-1
06-14 02:27:16.658  9549  9551 D dalvikvm: GC_CONCURRENT freed 258K, 4% free 10063K/10439K, paused 2ms+3ms
06-14 02:27:16.705  9549  9587 D dalvikvm: GC_FOR_ALLOC freed 188K, 5% free 10254K/10695K, paused 21ms
06-14 02:27:16.732  9549  9587 D dalvikvm: GC_FOR_ALLOC freed 373K, 6% free 10256K/10823K, paused 18ms
06-14 02:27:16.752  9549  9587 D dalvikvm: GC_FOR_ALLOC freed 126K, 5% free 10384K/10823K, paused 21ms
06-14 02:27:16.775  9549  9587 D dalvikvm: GC_FOR_ALLOC freed 369K, 6% free 10384K/10951K, paused 17ms
06-14 02:27:16.795  9549  9587 D dalvikvm: GC_FOR_ALLOC freed 126K, 5% free 10512K/10951K, paused 16ms
06-14 02:27:16.920  9549  9551 D dalvikvm: GC_CONCURRENT freed 326K, 4% free 10647K/11079K, paused 2ms+2ms
06-14 02:27:17.041  9549  9551 D dalvikvm: GC_CONCURRENT freed 99K, 2% free 11005K/11207K, paused 1ms+2ms
06-14 02:27:17.213  9549  9551 D dalvikvm: GC_CONCURRENT freed 393K, 5% free 11229K/11719K, paused 2ms+3ms
06-14 02:27:17.365  9549  9551 D dalvikvm: GC_CONCURRENT freed 144K, 3% free 11725K/11975K, paused 2ms+2ms
06-14 02:27:17.572   142   917 I ActivityManager: Process edu.buffalo.cse.phonelab.phonelabservices (pid 6827) has died.
06-14 02:27:17.572   142   917 W ActivityManager: Scheduling restart of crashed service edu.buffalo.cse.phonelab.phonelabservices/edu.buffalo.cse.phonelab.datalogger.LoggerService in 5000ms
06-14 02:27:17.686   142   294 I ActivityManager: Process com.google.android.apps.maps:LocationFriendService (pid 9524) has died.
06-14 02:27:22.623   142   159 I ActivityManager: Start proc edu.buffalo.cse.phonelab.phonelabservices for service edu.buffalo.cse.phonelab.phonelabservices/edu.buffalo.cse.phonelab.datalogger.LoggerService: pid=9605 uid=10038 gids={3003, 1015, 1007, 2001}
06-14 02:27:22.666  9605  9605 I PhoneLab-LoggerService: Start Logger Service
06-14 02:27:22.682  9605  9618 I PhoneLab-: Service Running
06-14 02:27:22.838  9605  9618 I PhoneLab-LoggerService: app_38    27718 1     1112   664   c00f181c 400107b4 S logcat
06-14 02:27:22.838  9605  9618 I PhoneLab-LoggerService: Logcat pid from database 27718
06-14 02:27:22.838  9605  9618 I PhoneLab-LoggerService: Logcat process found 27718
06-14 02:27:22.838  9605  9618 I PhoneLab-LoggerService: Checking Threshold
06-14 02:27:22.838  9605  9618 I PhoneLab-LoggerService: Starting to rename files
06-14 02:27:22.842  9605  9618 I PhoneLab-LoggerService: Files found .. 2
06-14 02:27:22.861 30026 30026 D dalvikvm: GC_EXPLICIT freed 49K, 7% free 10035K/10695K, paused 8ms+3ms
06-14 02:27:29.779   142   368 I ActivityManager: Process com.google.android.gm (pid 9562) has died.
06-14 02:27:44.736   142   916 I ActivityManager: Start proc com.google.android.apps.maps:LocationFriendService for service com.google.android.apps.maps/com.google.googlenav.friend.reporting.LocationReceiverService: pid=9625 uid=10057 gids={3003, 1015}
06-14 02:27:44.857  9625  9628 D dalvikvm: GC_CONCURRENT freed 171K, 3% free 9365K/9607K, paused 2ms+2ms
06-14 02:27:44.975   142   421 I ActivityManager: Process com.google.android.apps.plus (pid 9549) has died.
06-14 02:27:45.084  9625  9628 D dalvikvm: GC_CONCURRENT freed 149K, 3% free 9660K/9927K, paused 2ms+3ms
06-14 02:27:45.400  9625  9628 D dalvikvm: GC_CONCURRENT freed 245K, 4% free 9912K/10247K, paused 2ms+3ms
06-14 02:27:49.186   142   159 I ActivityManager: Start proc com.facebook.orca for service com.facebook.orca/.push.mqtt.MqttPushService: pid=9648 uid=10061 gids={3003, 1015, 1006}
06-14 02:27:49.189  9648  9648 I dalvikvm: Turning on JNI app bug workarounds for target SDK version 10...
06-14 02:27:49.314  9648  9648 I ActivityThread: Pub com.facebook.orca.notify.MessengerLoggedInUserProvider: com.facebook.orca.notify.MessengerLoggedInUserProvider
06-14 02:27:49.330  9648  9648 I ActivityThread: Pub com.facebook.orca.notify.MessengerForegroundProvider: com.facebook.orca.notify.MessengerForegroundProvider
06-14 02:27:49.350  9648  9648 V orca:OrcaApplication: Forcing initialization of AsyncTask
06-14 02:27:49.463  9648  9650 D dalvikvm: GC_CONCURRENT freed 229K, 4% free 9307K/9607K, paused 3ms+2ms
06-14 02:27:49.479  9648  9648 I Finalizer: Couldn't access Thread.inheritableThreadLocals. Reference finalizer threads will inherit thread local values.
06-14 02:27:49.619  9648  9650 D dalvikvm: GC_CONCURRENT freed 357K, 5% free 9460K/9927K, paused 2ms+2ms
06-14 02:27:49.725  9648  9648 W OrcaGuiceModule: Sig: ijxLJi1yGs1JpL-X1SExmchvork
06-14 02:27:49.811  9648  9650 D dalvikvm: GC_CONCURRENT freed 281K, 4% free 9621K/9991K, paused 7ms+3ms
06-14 02:27:50.252  9648  9663 W Resources: Converting to string: TypedValue{t=0x10/d=0xffffffff a=-1}
06-14 02:27:50.467  9648  9650 D dalvikvm: GC_CONCURRENT freed 328K, 4% free 9848K/10247K, paused 4ms+4ms
06-14 02:27:50.564  9648  9648 D ACRA    : Retrieve application default SharedPreferences.
06-14 02:27:50.564  9648  9648 D ACRA    : Set OnSharedPreferenceChangeListener.
06-14 02:27:50.564  9648  9648 D ACRA    : ACRA is enabled for com.facebook.orca, intializing...
06-14 02:27:50.646  9648  9650 D dalvikvm: GC_CONCURRENT freed 293K, 4% free 10072K/10439K, paused 6ms+2ms
06-14 02:27:50.650  9648  9648 D ACRA    : Looking for error files in /data/data/com.facebook.orca/app_acra-reports
06-14 02:27:50.682   142   153 I ActivityManager: Process com.google.android.apps.maps:LocationFriendService (pid 9625) has died.
06-14 02:27:50.725  9648  9663 D dalvikvm: GC_FOR_ALLOC freed 236K, 6% free 10115K/10695K, paused 54ms
06-14 02:27:50.771  9648  9663 D dalvikvm: GC_FOR_ALLOC freed 121K, 5% free 10218K/10695K, paused 18ms
06-14 02:27:50.861  9648  9663 D dalvikvm: GC_FOR_ALLOC freed 213K, 5% free 10248K/10759K, paused 33ms
06-14 02:27:51.018  9648  9650 D dalvikvm: GC_CONCURRENT freed 372K, 5% free 10444K/10887K, paused 1ms+3ms
06-14 02:27:51.213  9648  9650 D dalvikvm: GC_CONCURRENT freed 155K, 3% free 10853K/11079K, paused 4ms+3ms
06-14 02:27:51.432  9648  9650 D dalvikvm: GC_CONCURRENT freed 534K, 6% free 10985K/11591K, paused 3ms+3ms
06-14 02:27:51.592  9648  9650 D dalvikvm: GC_CONCURRENT freed 321K, 4% free 11327K/11719K, paused 2ms+5ms
06-14 02:27:53.072  9648  9650 D dalvikvm: GC_CONCURRENT freed 634K, 7% free 11409K/12167K, paused 2ms+3ms
06-14 02:27:56.314   142   919 I ActivityManager: Process android.process.media (pid 9579) has died.
06-14 02:27:56.471   142   197 D DhcpInfoInternal: makeLinkProperties with empty dns2!
06-14 02:27:56.471   142   197 D DhcpInfoInternal: makeLinkProperties with empty dns2!
06-14 02:28:05.150   357   357 D dalvikvm: GC_EXPLICIT freed <1K, 6% free 9100K/9607K, paused 4ms+2ms
06-14 02:28:10.189   959   959 D dalvikvm: GC_EXPLICIT freed 194K, 21% free 11694K/14663K, paused 16ms+4ms
06-14 02:28:15.174 27790 27790 D dalvikvm: GC_EXPLICIT freed 133K, 36% free 11631K/17991K, paused 25ms+3ms
06-14 02:28:20.283   142   158 D dalvikvm: GC_EXPLICIT freed 1207K, 23% free 19042K/24647K, paused 50ms+8ms
06-14 02:28:25.170   213   213 D dalvikvm: GC_EXPLICIT freed 19K, 59% free 9685K/23239K, paused 24ms+3ms
06-14 02:28:30.182   342   342 D dalvikvm: GC_EXPLICIT freed 8K, 16% free 12074K/14343K, paused 36ms+4ms
06-14 02:28:35.186   428   428 D dalvikvm: GC_EXPLICIT freed <1K, 4% free 9037K/9347K, paused 22ms+2ms
06-14 02:28:40.201   324   324 D dalvikvm: GC_EXPLICIT freed <1K, 20% free 10618K/13191K, paused 29ms+3ms
06-14 02:28:44.779   142   368 I ActivityManager: Start proc com.google.android.apps.maps:LocationFriendService for service com.google.android.apps.maps/com.google.googlenav.friend.reporting.LocationReceiverService: pid=9690 uid=10057 gids={3003, 1015}
06-14 02:28:44.869  8585  8587 D dalvikvm: GC_CONCURRENT freed 464K, 6% free 10240K/10887K, paused 2ms+2ms
06-14 02:28:44.900  9690  9692 D dalvikvm: GC_CONCURRENT freed 176K, 3% free 9360K/9607K, paused 2ms+2ms
06-14 02:28:45.158  9690  9692 D dalvikvm: GC_CONCURRENT freed 157K, 3% free 9668K/9927K, paused 2ms+2ms
06-14 02:28:45.486   142   922 I ActivityManager: Process com.whatsapp (pid 9480) has died.
06-14 02:28:45.486   142   922 W ActivityManager: Scheduling restart of crashed service com.whatsapp/.messaging.MessageService in 5000ms
06-14 02:28:45.525  9690  9692 D dalvikvm: GC_CONCURRENT freed 284K, 4% free 9927K/10311K, paused 2ms+3ms
06-14 02:28:48.729   142  9711 I ActivityManager: Applications Memory Usage (kB):
06-14 02:28:48.729   142  9711 I ActivityManager: Uptime: 165694102 Realtime: 292590497
06-14 02:28:48.729   142  9711 I ActivityManager: Total PSS by OOM adjustment:
06-14 02:28:48.729   142  9711 I ActivityManager:     34992 kB: System
06-14 02:28:48.729   142  9711 I ActivityManager:                34992 kB: system (pid 142)
06-14 02:28:48.729   142  9711 I ActivityManager:     28558 kB: Persistent
06-14 02:28:48.729   142  9711 I ActivityManager:                12343 kB: com.android.systemui (pid 213)
06-14 02:28:48.729   142  9711 I ActivityManager:                11991 kB: com.android.phone (pid 342)
06-14 02:28:48.729   142  9711 I ActivityManager:                 4224 kB: com.android.nfc (pid 357)
06-14 02:28:48.729   142  9711 I ActivityManager:     31369 kB: Foreground
06-14 02:28:48.729   142  9711 I ActivityManager:                31369 kB: com.android.launcher (pid 27790)
06-14 02:28:48.729   142  9711 I ActivityManager:      2975 kB: Visible
06-14 02:28:48.729   142  9711 I ActivityManager:                 2975 kB: com.android.smspush (pid 428)
06-14 02:28:48.729   142  9711 I ActivityManager:     29967 kB: Perceptible
06-14 02:28:48.729   142  9711 I ActivityManager:                19668 kB: hr.podlanica (pid 959)
06-14 02:28:48.729   142  9711 I ActivityManager:                10299 kB: com.android.inputmethod.latin (pid 324)
06-14 02:28:48.729   142  9711 I ActivityManager:     25380 kB: A Services
06-14 02:28:48.729   142  9711 I ActivityManager:                 9913 kB: com.google.process.gapps (pid 30026)
06-14 02:28:48.729   142  9711 I ActivityManager:                 8792 kB: com.google.android.apps.maps:LocationFriendService (pid 9690)
06-14 02:28:48.729   142  9711 I ActivityManager:                 6675 kB: com.google.android.apps.maps:NetworkLocationService (pid 8585)
06-14 02:28:48.729   142  9711 I ActivityManager:     67231 kB: Previous
06-14 02:28:48.729   142  9711 I ActivityManager:                67231 kB: org.mozilla.firefox_beta (pid 16941)
06-14 02:28:48.729   142  9711 I ActivityManager:     27974 kB: B Services
06-14 02:28:48.729   142  9711 I ActivityManager:                15801 kB: com.facebook.orca (pid 9648)
06-14 02:28:48.729   142  9711 I ActivityManager:                 5727 kB: com.google.android.apps.googlevoice (pid 9379)
06-14 02:28:48.729   142  9711 I ActivityManager:                 3398 kB: edu.buffalo.cse.phonelab.phonelabservices (pid 9605)
06-14 02:28:48.729   142  9711 I ActivityManager:                 3048 kB: com.android.sprintmenu (pid 8688)
06-14 02:28:48.729   142  9711 I ActivityManager: 
06-14 02:28:48.729   142  9711 I ActivityManager: Total PSS: 248446 kB
06-14 02:28:48.729   142  9711 I ActivityManager:   PID      Vss      Rss      Pss      Uss  cmdline
06-14 02:28:48.729   142  9711 I ActivityManager: 16941   84288K   84200K   67332K   66092K  org.mozilla.firefox_beta
06-14 02:28:48.729   142  9711 I ActivityManager:   142   53488K   53424K   35036K   31300K  system_server
06-14 02:28:48.729   142  9711 I ActivityManager: 27790   49996K   49892K   31471K   28716K  com.android.launcher
06-14 02:28:48.729   142  9711 I ActivityManager:   959   33932K   33852K   19708K   18768K  hr.podlanica
06-14 02:28:48.729   142  9711 I ActivityManager:  9648   36008K   35936K   15834K   13344K  com.facebook.orca
06-14 02:28:48.729   142  9711 I ActivityManager:    79   24324K   21324K   13868K    7208K  /system/bin/surfaceflinger
06-14 02:28:48.729   142  9711 I ActivityManager:   213   31512K   31412K   12389K    8112K  com.android.systemui
06-14 02:28:48.729   142  9711 I ActivityManager:   342   27244K   27160K   12034K   11040K  com.android.phone
06-14 02:28:48.729   142  9711 I ActivityManager:   324   25308K   25220K   10342K    9384K  com.android.inputmethod.latin
06-14 02:28:48.729   142  9711 I ActivityManager: 30026   27572K   27488K    9961K    8596K  com.google.process.gapps
06-14 02:28:48.729   142  9711 I ActivityManager:  9690   29420K   29364K    8966K    6636K  com.google.android.apps.maps:LocationFriendService
06-14 02:28:48.729   142  9711 I ActivityManager:  8585   26280K   26216K    6723K    4892K  com.google.android.apps.maps:NetworkLocationService
06-14 02:28:48.729   142  9711 I ActivityManager:  9379   25612K   25548K    5774K    3916K  com.google.android.apps.googlevoice
06-14 02:28:48.729   142  9711 I ActivityManager:   357   19440K   19344K    4266K    3292K  com.android.nfc
06-14 02:28:48.729   142  9711 I ActivityManager: 18802   18060K   17956K    3500K    2544K  com.spotify.mobile.android.ui
06-14 02:28:48.729   142  9711 I ActivityManager:  9605   22648K   22548K    3446K    1628K  edu.buffalo.cse.phonelab.phonelabservices
06-14 02:28:48.729   142  9711 I ActivityManager:  8688   22048K   21944K    3095K    1524K  com.android.sprintmenu
06-14 02:28:48.729   142  9711 I ActivityManager:   428   18536K   18424K    3018K    1932K  com.android.smspush
06-14 02:28:48.729   142  9711 I ActivityManager:    80   18676K   18548K    2179K     836K  zygote
06-14 02:28:48.729   142  9711 I ActivityManager:    82    2212K    2212K    1923K    1900K  /system/bin/mediaserver
06-14 02:28:48.729   142  9711 I ActivityManager:    81    1092K    1092K     884K     876K  /system/bin/drmserver
06-14 02:28:48.729   142  9711 I ActivityManager:    78     980K     980K     687K     668K  /system/bin/rild
06-14 02:28:48.729   142  9711 I ActivityManager: 27718     668K     664K     525K     520K  logcat
06-14 02:28:48.729   142  9711 I ActivityManager:  9714     648K     640K     516K     512K  procrank
06-14 02:28:48.729   142  9711 I ActivityManager:  8348     592K     588K     424K     412K  /system/bin/wpa_supplicant
06-14 02:28:48.729   142  9711 I ActivityManager:    88     424K     424K     408K     408K  /sbin/adbd
06-14 02:28:48.729   142  9711 I ActivityManager: 28302     572K     568K     381K     368K  /system/bin/netd
06-14 02:28:48.729   142  9711 I ActivityManager:   298     388K     388K     302K     300K  /system/bin/bluetoothd
06-14 02:28:48.729   142  9711 I ActivityManager:    73     432K     428K     292K     284K  /system/bin/vold
06-14 02:28:48.729   142  9711 I ActivityManager:    86     464K     460K     283K     276K  /system/vendor/bin/gpsd
06-14 02:28:48.729   142  9711 I ActivityManager:    85     404K     368K     249K     244K  /system/bin/keystore
06-14 02:28:48.729   142  9711 I ActivityManager:    83     276K     268K     186K     184K  /system/bin/dbus-daemon
06-14 02:28:48.729   142  9711 I ActivityManager:  7013     340K     336K     182K     176K  /system/bin/dhcpcd
06-14 02:28:48.729   142  9711 I ActivityManager:     1     204K     204K     138K     100K  /init
06-14 02:28:48.729   142  9711 I ActivityManager:   200     204K     196K     133K     132K  /system/bin/brcm_patchram_plus
06-14 02:28:48.729   142  9711 I ActivityManager:    84     248K     240K     123K     120K  /system/bin/installd
06-14 02:28:48.729   142  9711 I ActivityManager:    61     160K     160K     122K      84K  /sbin/ueventd
06-14 02:28:48.729   142  9711 I ActivityManager:    87     172K     168K     105K     104K  /system/bin/sh
06-14 02:28:48.729   142  9711 I ActivityManager:    72     180K     172K      94K      92K  /system/bin/servicemanager
06-14 02:28:48.729   142  9711 I ActivityManager: 26775     188K     180K      75K      72K  /system/bin/debuggerd
06-14 02:28:48.729   142  9711 I ActivityManager:                           ------   ------  ------
06-14 02:28:48.729   142  9711 I ActivityManager:                          276991K  237592K  TOTA
06-14 02:28:50.568   142   159 I ActivityManager: Start proc com.whatsapp for service com.whatsapp/.messaging.MessageService: pid=9715 uid=10070 gids={1015, 3003}
06-14 02:28:50.592    80    80 D dalvikvm: GC_EXPLICIT freed 38K, 4% free 9031K/9347K, paused 3ms+2ms
06-14 02:28:50.600 16941 16941 E GeckoApp: low memory
06-14 02:28:50.604  9715  9715 I dalvikvm: Turning on JNI app bug workarounds for target SDK version 7...
06-14 02:28:50.639    80    80 D dalvikvm: GC_EXPLICIT freed <1K, 4% free 9031K/9347K, paused 2ms+5ms
06-14 02:28:50.666    80    80 D dalvikvm: GC_EXPLICIT freed <1K, 4% free 9031K/9347K, paused 1ms+2ms
06-14 02:28:50.791 16941 16941 D dalvikvm: GC_EXPLICIT freed 3K, 22% free 10500K/13319K, paused 3ms+8ms
06-14 02:28:50.838  9715  9718 D dalvikvm: GC_CONCURRENT freed 182K, 3% free 9344K/9607K, paused 1ms+2ms
06-14 02:28:51.076   142   918 I ActivityManager: Process com.google.android.apps.maps:LocationFriendService (pid 9690) has died.
06-14 02:28:51.264  9715  9718 D dalvikvm: GC_CONCURRENT freed 282K, 4% free 9556K/9927K, paused 2ms+5ms
06-14 02:28:51.482  9715  9715 I SqliteDatabaseCpp: sqlite returned: error code = 1, msg = duplicate column name: photo_ts, db=/data/data/com.whatsapp/databases/msgstore.db
06-14 02:28:51.482  9715  9715 I SqliteDatabaseCpp: sqlite returned: error code = 1, msg = duplicate column name: thumb_ts, db=/data/data/com.whatsapp/databases/msgstore.db
06-14 02:28:51.482  9715  9715 I SqliteDatabaseCpp: sqlite returned: error code = 1, msg = duplicate column name: photo_id_timestamp, db=/data/data/com.whatsapp/databases/msgstore.db
06-14 02:28:51.510   142   421 I ActivityManager: Start proc android.process.acore for content provider com.android.providers.contacts/.ContactsProvider2: pid=9734 uid=10000 gids={3003, 1015}
06-14 02:28:51.584  9734  9734 I ActivityThread: Pub call_log: com.android.providers.contacts.CallLogProvider
06-14 02:28:51.611  9734  9734 I ActivityThread: Pub com.android.voicemail: com.android.providers.contacts.VoicemailContentProvider
06-14 02:28:51.619  9734  9734 I ActivityThread: Pub user_dictionary: com.android.providers.userdictionary.UserDictionaryProvider
06-14 02:28:51.627  9734  9734 I ActivityThread: Pub com.android.social: com.android.providers.contacts.SocialProvider
06-14 02:28:51.627  9734  9734 I ActivityThread: Pub applications: com.android.providers.applications.ApplicationsProvider
06-14 02:28:51.654  9715  9715 I dalvikvm: Could not find method android.media.MediaMetadataRetriever.captureFrame, referenced from method com.whatsapp.d3.a
06-14 02:28:51.654  9715  9715 W dalvikvm: VFY: unable to resolve virtual method 496: Landroid/media/MediaMetadataRetriever;.captureFrame ()Landroid/graphics/Bitmap;
06-14 02:28:51.654  9715  9715 D dalvikvm: VFY: replacing opcode 0x6e at 0x0134
06-14 02:28:51.686  9734  9734 I ActivityThread: Pub contacts;com.android.contacts: com.android.providers.contacts.ContactsProvider2
06-14 02:28:51.791  9734  9737 D dalvikvm: GC_CONCURRENT freed 347K, 5% free 9188K/9607K, paused 3ms+8ms
06-14 02:28:51.885  9715  9718 D dalvikvm: GC_CONCURRENT freed 300K, 4% free 9809K/10183K, paused 2ms+5ms
06-14 02:28:52.131  9715  9718 D dalvikvm: GC_CONCURRENT freed 315K, 5% free 9983K/10439K, paused 1ms+4ms
06-14 02:28:55.049  9734  9737 D dalvikvm: GC_CONCURRENT freed 181K, 3% free 9457K/9735K, paused 2ms+2ms
06-14 02:28:55.760  9715  9718 D dalvikvm: GC_CONCURRENT freed 506K, 7% free 9864K/10503K, paused 5ms+90ms
06-14 02:28:55.936   142   919 I ActivityManager: Process android.process.acore (pid 9734) has died.
06-14 02:29:10.162  8585  8585 D dalvikvm: GC_EXPLICIT freed 7K, 7% free 10233K/10887K, paused 24ms+2ms
06-14 02:29:15.182  8688  8688 D dalvikvm: GC_EXPLICIT freed <1K, 4% free 9055K/9347K, paused 39ms+3ms
06-14 02:29:20.271 30026 30026 D dalvikvm: GC_EXPLICIT freed 48K, 7% free 10023K/10695K, paused 41ms+3ms
06-14 02:29:22.682  9605  9618 I PhoneLab-: Service Running
06-14 02:29:22.791  9605  9618 I PhoneLab-LoggerService: app_38    27718 1     1112   664   c00f181c 400107b4 S logcat
06-14 02:29:22.791  9605  9618 I PhoneLab-LoggerService: Logcat pid from database 27718
06-14 02:29:22.791  9605  9618 I PhoneLab-LoggerService: Logcat process found 27718
06-14 02:29:22.791  9605  9618 I PhoneLab-LoggerService: Checking Threshold
06-14 02:29:22.795  9605  9618 I PhoneLab-LoggerService: Starting to rename files
06-14 02:29:22.795  9605  9618 I PhoneLab-LoggerService: Files found .. 2
06-14 02:29:25.205  9379  9379 D dalvikvm: GC_EXPLICIT freed 125K, 6% free 9726K/10247K, paused 35ms+3ms
06-14 02:29:25.725   142   166 I ActivityManager: Start proc com.google.android.apps.currents for service com.google.android.apps.currents/com.google.apps.dots.android.app.service.SyncService: pid=9762 uid=10080 gids={3003, 1015}
06-14 02:29:25.732  9762  9762 I dalvikvm: Turning on JNI app bug workarounds for target SDK version 12...
06-14 02:29:25.955  9762  9762 I ActivityThread: Pub com.google.apps.dots.android.app.provider.SuggestionProvider: com.google.apps.dots.android.app.provider.SuggestionProvider
06-14 02:29:26.006  9762  9762 I ActivityThread: Pub com.google.android.apps.currents: com.google.apps.dots.android.app.provider.DotsContentProvider
06-14 02:29:26.174  9762  9764 D dalvikvm: GC_CONCURRENT freed 165K, 3% free 9371K/9607K, paused 5ms+2ms
06-14 02:29:26.244  9762  9764 D dalvikvm: GC_CONCURRENT freed 244K, 5% free 9573K/9991K, paused 1ms+2ms
06-14 02:29:26.365  9762  9764 D dalvikvm: GC_CONCURRENT freed 234K, 4% free 9824K/10183K, paused 3ms+2ms
06-14 02:29:26.541  9762  9764 D dalvikvm: GC_CONCURRENT freed 247K, 4% free 10076K/10439K, paused 2ms+3ms
06-14 02:29:26.623  9762  9762 I DotsContentUris: content://com.google.android.apps.currents
06-14 02:29:26.697  9762  9762 I DotsApplication: Application starting up...
06-14 02:29:26.701  9762  9762 D DotsApplication: Setting dependencies...
06-14 02:29:26.799  9762  9764 D dalvikvm: GC_CONCURRENT freed 334K, 5% free 10165K/10631K, paused 4ms+6ms
06-14 02:29:26.904  9762  9762 I FileSynchronizer: Computed hash for file: trending_icon.png, checksum: 2767806511
06-14 02:29:26.908  9762  9762 I FileSynchronizer: Computed hash for file: article-base.css, checksum: 987244234
06-14 02:29:26.912  9762  9762 I FileSynchronizer: Computed hash for file: expandMini.png, checksum: 3330832892
06-14 02:29:26.912  9762  9762 I FileSynchronizer: Computed hash for file: fonts.css, checksum: 339439600
06-14 02:29:26.912  9762  9762 I FileSynchronizer: Computed hash for file: shop.png, checksum: 4118474238
06-14 02:29:26.916  9762  9762 I FileSynchronizer: Computed hash for file: video.png, checksum: 2276045029
06-14 02:29:26.924  9762  9762 I FileSynchronizer: Computed hash for file: generatedLayoutEngine.js, checksum: 2307145830
06-14 02:29:26.924  9762  9762 I FileSynchronizer: Computed hash for file: social-template-bg-120.png, checksum: 3055211616
06-14 02:29:26.924  9762  9762 I FileSynchronizer: Computed hash for file: webview.html, checksum: 177848542
06-14 02:29:26.924  9762  9762 I FileSynchronizer: Computed hash for file: webview.js, checksum: 1510508547
06-14 02:29:27.170  9762  9762 D DotsApplication: Creating application...
06-14 02:29:27.174  9762  9762 D DotsApplication: Setting custom uncaught exception handler...
06-14 02:29:27.174  9762  9762 D DotsApplication: Starting services...
06-14 02:29:27.178  9762  9762 D DotsApplication: Initializing caches...
06-14 02:29:27.178  9762  9762 I AttachmentViewCacheManager: Device memory class: 48, cache scale: 2.0
06-14 02:29:27.178  9762  9762 I AttachmentViewCacheManager: Creating cache: POST_TILE, cache size: 4000000
06-14 02:29:27.178  9762  9762 I AttachmentViewCacheManager: Creating cache: TOC_TILE, cache size: 3000000
06-14 02:29:27.178  9762  9762 I AttachmentViewCacheManager: Creating cache: GOTO_MENU, cache size: 1000000
06-14 02:29:27.178  9762  9762 I AttachmentViewCacheManager: Creating cache: HOME_WIDGET, cache size: 900000
06-14 02:29:27.178  9762  9762 I AttachmentViewCacheManager: Creating cache: MAGAZINES_HOME_WIDGET, cache size: 5000000
06-14 02:29:27.271  9762  9764 D dalvikvm: GC_CONCURRENT freed 329K, 4% free 10334K/10759K, paused 2ms+3ms
06-14 02:29:27.291  9762  9762 D DotsApplication: Application is started
06-14 02:29:27.432   142   153 D SyncManager: setSyncAutomatically: , provider com.google.android.apps.currents -> true
06-14 02:29:27.432   142   153 D SyncManager: setSyncAutomatically: already set to true, doing nothing
06-14 02:29:27.639  9762  9781 I DotsSqliteDatabase: Creating DotsSqliteDatabase at path: /data/data/com.google.android.apps.currents/databases/currents_-577763198_120
06-14 02:29:29.299  9762  9764 D dalvikvm: GC_CONCURRENT freed 307K, 4% free 10461K/10887K, paused 2ms+4ms
06-14 02:29:29.314   142   918 I ActivityManager: Start proc com.google.android.gsf.login for service com.google.android.gsf.login/com.google.android.gsf.loginservice.GoogleLoginService: pid=9783 uid=10009 gids={3003, 1015, 1007, 2001, 3006}
06-14 02:29:29.791   142   422 D dalvikvm: GC_EXPLICIT freed 1598K, 23% free 19054K/24647K, paused 63ms+10ms
06-14 02:29:30.748  9783  9785 D dalvikvm: GC_CONCURRENT freed 328K, 5% free 9208K/9607K, paused 5ms+6ms
06-14 02:29:31.428  9783  9794 V GoogleLoginService: Returning error intent with: ComponentInfo{com.google.android.gsf.login/com.google.android.gsf.login.LoginActivity}
06-14 02:29:31.447  9762  9781 W SyncService: sync service error (7)
06-14 02:29:32.209  9605  9605 D dalvikvm: GC_EXPLICIT freed 237K, 4% free 9053K/9415K, paused 25ms+2ms
06-14 02:29:32.830  9783  9797 V GoogleLoginService: Returning error intent with: ComponentInfo{com.google.android.gsf.login/com.google.android.gsf.login.LoginActivity}
06-14 02:29:37.307  9648  9648 D dalvikvm: GC_EXPLICIT freed 107K, 7% free 11337K/12167K, paused 28ms+2ms
06-14 02:29:37.510  9783  9785 D dalvikvm: GC_CONCURRENT freed 327K, 5% free 9300K/9735K, paused 1ms+2ms
06-14 02:29:37.873  9783  9797 V GoogleLoginService: Returning error intent with: ComponentInfo{com.google.android.gsf.login/com.google.android.gsf.login.LoginActivity}
06-14 02:29:42.889  9783  9797 V GoogleLoginService: Returning error intent with: ComponentInfo{com.google.android.gsf.login/com.google.android.gsf.login.LoginActivity}
06-14 02:29:43.549   142   142 I ActivityManager: Process com.google.android.gsf.login (pid 9783) has died.
06-14 02:29:44.947   142   370 I ActivityManager: Start proc com.google.android.apps.maps:LocationFriendService for service com.google.android.apps.maps/com.google.googlenav.friend.reporting.LocationReceiverService: pid=9800 uid=10057 gids={3003, 1015}
06-14 02:29:45.135  9800  9802 D dalvikvm: GC_CONCURRENT freed 161K, 3% free 9375K/9607K, paused 2ms+3ms
06-14 02:29:45.553  9800  9802 D dalvikvm: GC_CONCURRENT freed 151K, 3% free 9657K/9927K, paused 10ms+4ms
06-14 02:29:45.787   142   153 I ActivityManager: Process com.facebook.orca (pid 9648) has died.
06-14 02:29:45.787   142   153 W ActivityManager: Scheduling restart of crashed service com.facebook.orca/.push.mqtt.MqttPushService in 5000ms
06-14 02:29:46.049  9800  9802 D dalvikvm: GC_CONCURRENT freed 238K, 4% free 9875K/10247K, paused 2ms+4ms
06-14 02:29:46.111  9800  9807 I dalvikvm: Total arena pages for JIT: 11
06-14 02:29:46.111  9800  9807 I dalvikvm: Total arena pages for JIT: 12
06-14 02:29:46.119  9800  9807 I dalvikvm: Total arena pages for JIT: 13
06-14 02:29:46.119  9800  9807 I dalvikvm: Total arena pages for JIT: 14
06-14 02:29:46.119  9800  9807 I dalvikvm: Total arena pages for JIT: 15
06-14 02:29:46.119  9800  9807 I dalvikvm: Total arena pages for JIT: 16
06-14 02:29:46.119  9800  9807 I dalvikvm: Total arena pages for JIT: 17
06-14 02:29:47.467   142   919 I ActivityManager: Start proc com.google.android.gsf.login for service com.google.android.gsf.login/com.google.android.gsf.loginservice.GoogleLoginService: pid=9823 uid=10009 gids={3003, 1015, 1007, 2001, 3006}
06-14 02:29:47.787 30026 30038 D dalvikvm: GC_EXPLICIT freed 111K, 7% free 10040K/10695K, paused 5ms+4ms
06-14 02:29:47.865   142 12773 I ActivityManager: Process com.google.android.apps.maps:LocationFriendService (pid 9800) has died.
06-14 02:29:48.549  9823  9826 D dalvikvm: GC_CONCURRENT freed 329K, 5% free 9205K/9607K, paused 24ms+2ms
06-14 02:29:49.354  9823  9834 V GoogleLoginService: Returning error intent with: ComponentInfo{com.google.android.gsf.login/com.google.android.gsf.login.LoginActivity}
06-14 02:29:50.604   142   159 I ActivityManager: Start proc com.facebook.orca for broadcast com.facebook.orca/.analytics.AnalyticsPeriodicReporter$ReporterBroadcastReceiver: pid=9840 uid=10061 gids={3003, 1015, 1006}
06-14 02:29:50.607  9840  9840 I dalvikvm: Turning on JNI app bug workarounds for target SDK version 10...
06-14 02:29:50.740  9840  9840 I ActivityThread: Pub com.facebook.orca.notify.MessengerLoggedInUserProvider: com.facebook.orca.notify.MessengerLoggedInUserProvider
06-14 02:29:50.748  9840  9840 I ActivityThread: Pub com.facebook.orca.notify.MessengerForegroundProvider: com.facebook.orca.notify.MessengerForegroundProvider
06-14 02:29:50.752  9840  9840 V orca:OrcaApplication: Forcing initialization of AsyncTask
06-14 02:29:50.869  9840  9843 D dalvikvm: GC_CONCURRENT freed 223K, 4% free 9313K/9607K, paused 4ms+2ms
06-14 02:29:50.869  9840  9840 I Finalizer: Couldn't access Thread.inheritableThreadLocals. Reference finalizer threads will inherit thread local values.
06-14 02:29:50.900   142   142 I ActivityManager: Process com.google.android.gsf.login (pid 9823) has died.
06-14 02:29:51.037  9840  9843 D dalvikvm: GC_CONCURRENT freed 344K, 5% free 9469K/9927K, paused 2ms+2ms
06-14 02:29:51.146  9840  9840 W OrcaGuiceModule: Sig: ijxLJi1yGs1JpL-X1SExmchvork
06-14 02:29:51.240  9840  9843 D dalvikvm: GC_CONCURRENT freed 313K, 5% free 9590K/9991K, paused 2ms+5ms
06-14 02:29:51.600  9840  9855 W Resources: Converting to string: TypedValue{t=0x10/d=0xffffffff a=-1}
06-14 02:29:51.818  9840  9843 D dalvikvm: GC_CONCURRENT freed 287K, 4% free 9825K/10183K, paused 2ms+2ms
06-14 02:29:51.904  9840  9840 D ACRA    : Retrieve application default SharedPreferences.
06-14 02:29:51.904  9840  9840 D ACRA    : Set OnSharedPreferenceChangeListener.
06-14 02:29:51.904  9840  9840 D ACRA    : ACRA is enabled for com.facebook.orca, intializing...
06-14 02:29:51.986  9840  9840 D ACRA    : Looking for error files in /data/data/com.facebook.orca/app_acra-reports
06-14 02:29:52.029  9840  9843 D dalvikvm: GC_CONCURRENT freed 301K, 4% free 10065K/10439K, paused 5ms+3ms
06-14 02:29:52.061  9840  9855 D dalvikvm: GC_FOR_ALLOC freed 116K, 5% free 10137K/10631K, paused 23ms
06-14 02:29:52.111  9840  9855 D dalvikvm: GC_FOR_ALLOC freed 218K, 6% free 10167K/10759K, paused 20ms
06-14 02:29:52.150  9840  9855 D dalvikvm: GC_FOR_ALLOC freed 70K, 5% free 10233K/10759K, paused 25ms
06-14 02:29:52.150  9840  9855 I dalvikvm-heap: Grow heap (frag case) to 10.141MB for 83886-byte allocation
06-14 02:29:52.182  9840  9840 D dalvikvm: GC_FOR_ALLOC freed 0K, 6% free 10315K/10887K, paused 19ms
06-14 02:29:52.213  9840  9855 D dalvikvm: GC_FOR_ALLOC freed 181K, 6% free 10250K/10887K, paused 17ms
06-14 02:29:52.350  9840  9843 D dalvikvm: GC_CONCURRENT freed 352K, 5% free 10409K/10887K, paused 2ms+3ms
06-14 02:29:52.443   142   294 I ActivityManager: Start proc com.google.android.gsf.login for service com.google.android.gsf.login/com.google.android.gsf.loginservice.GoogleLoginService: pid=9863 uid=10009 gids={3003, 1015, 1007, 2001, 3006}
06-14 02:29:52.666  9863  9865 D dalvikvm: GC_CONCURRENT freed 303K, 4% free 9168K/9543K, paused 2ms+1ms
06-14 02:29:52.682   142   921 I ActivityManager: Process com.google.android.apps.currents (pid 9762) has died.
06-14 02:29:52.682   142   921 W ActivityManager: Scheduling restart of crashed service com.google.android.apps.currents/com.google.apps.dots.android.app.service.DotsSyncService in 5000ms
06-14 02:29:52.834  9840  9843 D dalvikvm: GC_CONCURRENT freed 122K, 2% free 10822K/11015K, paused 2ms+3ms
06-14 02:29:53.010  9840  9843 D dalvikvm: GC_CONCURRENT freed 419K, 5% free 11037K/11527K, paused 2ms+3ms
06-14 02:29:53.170  9840  9843 D dalvikvm: GC_CONCURRENT freed 438K, 5% free 11274K/11783K, paused 2ms+4ms
06-14 02:29:54.068  9863  9874 V GoogleLoginService: Returning error intent with: ComponentInfo{com.google.android.gsf.login/com.google.android.gsf.login.LoginActivity}
06-14 02:29:54.967  9840  9843 D dalvikvm: GC_CONCURRENT freed 670K, 7% free 11362K/12103K, paused 2ms+12ms
06-14 02:30:05.217   357   357 D dalvikvm: GC_EXPLICIT freed <1K, 6% free 9100K/9607K, paused 20ms+2ms
06-14 02:30:10.209   959   959 D dalvikvm: GC_EXPLICIT freed 208K, 21% free 11694K/14663K, paused 16ms+4ms
06-14 02:30:15.236  8585  8585 D dalvikvm: GC_EXPLICIT freed 232K, 6% free 10234K/10887K, paused 27ms+2ms
06-14 02:30:20.807   142   421 I ActivityManager: Process com.google.android.gsf.login (pid 9863) has died.
06-14 02:30:21.404   142   197 D DhcpInfoInternal: makeLinkProperties with empty dns2!
06-14 02:30:21.416   142   197 D DhcpInfoInternal: makeLinkProperties with empty dns2!
06-14 02:30:25.951 27790 27790 D dalvikvm: GC_EXPLICIT freed 102K, 36% free 11631K/17991K, paused 25ms+3ms
06-14 02:30:31.010   142   158 D dalvikvm: GC_EXPLICIT freed 1214K, 23% free 19058K/24647K, paused 41ms+8ms
06-14 02:30:31.264  9605  9605 I PhoneLab-Locks: wake lock acquired
06-14 02:30:31.275  9605  9605 I PhoneLab-StatusMonitor: Status Monitoring is started
06-14 02:30:31.428  9605  9607 D dalvikvm: GC_CONCURRENT freed 369K, 6% free 9105K/9607K, paused 2ms+2ms
06-14 02:30:31.498  9605  9605 I PhoneLab-StatusMonitor: Value: 10 - unit: min
06-14 02:30:31.498  9605  9605 I PhoneLab-StatusMonitor: Running interval: 600000
06-14 02:30:31.506  9605  9605 I PhoneLab-StatusMonitor: Rescheduling status monitoring...
06-14 02:30:31.510  9605  9605 I PhoneLab-Locks: wake lock released
06-14 02:30:31.514  9605  9605 I PhoneLab-StatusMonitorLocation: Learning Location
06-14 02:30:31.514  9605  9605 I PhoneLab-Locks: wake lock acquired
06-14 02:30:31.557  9605  9605 I PhoneLab-Locks: wake lock acquired
06-14 02:30:31.576  9605  9605 I PhoneLab-StatusMonitorLocation: Learning Signal Strgth
06-14 02:30:31.576  9605  9605 I PhoneLab-Locks: wake lock acquired
06-14 02:30:31.576 30026 30098 D androidNetworkLocationListeners: Still have listener com.google.android.location.internal.client.NetworkLocationClient$1@413a94e8
06-14 02:30:31.584 30026 30098 D androidNetworkLocationListeners: Still have listener com.google.android.location.internal.client.NetworkLocationClient$1@413a94e8
06-14 02:30:31.604  9605  9605 I PhoneLab-StatusMonitorBattery: Battery_level: 95
06-14 02:30:31.604  9605  9605 I PhoneLab-Locks: wake lock released
06-14 02:30:31.607  9605  9605 I PhoneLab-StatusMonitorSignal: Signal_Strength: -86 asu: 14
06-14 02:30:31.607  9605  9605 I PhoneLab-Locks: wake lock released
06-14 02:30:33.084  9605  9605 I PhoneLab-StatusMonitorLocation: Location_Latitude: 42.9620709 Longitude: -78.8170495 Accuracy: 36.0
06-14 02:30:33.084  9605  9605 I PhoneLab-Locks: wake lock released
06-14 02:30:33.096 30026 30098 D androidNetworkLocationListeners: Still have listener com.google.android.location.internal.client.NetworkLocationClient$1@413a94e8
06-14 02:30:33.174   213   215 D dalvikvm: GC_CONCURRENT freed 207K, 58% free 9911K/23239K, paused 2ms+11ms
06-14 02:30:33.232   142   330 I ActivityManager: Start proc com.google.android.apps.maps:LocationFriendService for service com.google.android.apps.maps/com.google.googlenav.friend.reporting.LocationReceiverService: pid=9903 uid=10057 gids={3003, 1015}
06-14 02:30:33.248   213   215 D dalvikvm: GC_CONCURRENT freed 671K, 59% free 9731K/23239K, paused 2ms+3ms
06-14 02:30:33.455  9903  9904 D dalvikvm: GC_CONCURRENT freed 171K, 3% free 9365K/9607K, paused 1ms+4ms
06-14 02:30:33.717  9903  9904 D dalvikvm: GC_CONCURRENT freed 151K, 3% free 9645K/9927K, paused 11ms+2ms
06-14 02:30:34.143   142   142 I ActivityManager: Process com.google.android.apps.maps:LocationFriendService (pid 9903) has died.
06-14 02:30:34.717 30026 30029 D dalvikvm: GC_CONCURRENT freed 519K, 7% free 10033K/10695K, paused 8ms+4ms
06-14 02:30:34.760   142   158 I Process : Sending signal. PID: 27790 SIG: 3
06-14 02:30:34.760 27790 27795 I dalvikvm: threadid=3: reacting to signal 3
06-14 02:30:34.885 27790 27795 I dalvikvm: Wrote stack traces to '/data/anr/traces.txt'
06-14 02:30:34.947   142   330 I ActivityManager: Start proc com.google.android.apps.maps:LocationFriendService for service com.google.android.apps.maps/com.google.googlenav.friend.reporting.LocationReceiverService: pid=9918 uid=10057 gids={3003, 1015}
06-14 02:30:35.494  9918  9919 D dalvikvm: GC_CONCURRENT freed 173K, 3% free 9362K/9607K, paused 14ms+2ms
06-14 02:30:35.791  9918  9919 D dalvikvm: GC_CONCURRENT freed 154K, 3% free 9644K/9927K, paused 3ms+4ms
06-14 02:30:36.061   142   142 I ActivityManager: Process com.google.android.apps.maps:LocationFriendService (pid 9918) has died.
06-14 02:30:40.287   142   330 I ActivityManager: Start proc com.google.android.apps.maps:LocationFriendService for service com.google.android.apps.maps/com.google.googlenav.friend.reporting.LocationReceiverService: pid=9933 uid=10057 gids={3003, 1015}
06-14 02:30:40.436  9933  9936 D dalvikvm: GC_CONCURRENT freed 176K, 3% free 9360K/9607K, paused 2ms+2ms
06-14 02:30:40.568   142   366 I ActivityManager: Process com.facebook.orca (pid 9840) has died.
06-14 02:30:40.568   142   366 W ActivityManager: Scheduling restart of crashed service com.facebook.orca/.push.mqtt.MqttPushService in 20000ms
06-14 02:30:40.682   213   213 D dalvikvm: GC_FOR_ALLOC freed 378K, 59% free 9727K/23239K, paused 139ms
06-14 02:30:40.916  9933  9936 D dalvikvm: GC_CONCURRENT freed 157K, 3% free 9660K/9927K, paused 47ms+3ms
06-14 02:30:41.283  9933  9936 D dalvikvm: GC_CONCURRENT freed 238K, 4% free 9878K/10247K, paused 2ms+5ms
06-14 02:30:41.330  9933  9940 I dalvikvm: Total arena pages for JIT: 11
06-14 02:30:41.334  9933  9940 I dalvikvm: Total arena pages for JIT: 12
06-14 02:30:41.334  9933  9940 I dalvikvm: Total arena pages for JIT: 13
06-14 02:30:41.338  9933  9940 I dalvikvm: Total arena pages for JIT: 14
06-14 02:30:41.338  9933  9940 I dalvikvm: Total arena pages for JIT: 15
06-14 02:30:41.338  9933  9940 I dalvikvm: Total arena pages for JIT: 16
06-14 02:30:41.338  9933  9940 I dalvikvm: Total arena pages for JIT: 17
06-14 02:30:43.771  9933  9940 I dalvikvm: Total arena pages for JIT: 18
06-14 02:30:43.850  9933  9936 D dalvikvm: GC_CONCURRENT freed 450K, 6% free 9952K/10503K, paused 2ms+2ms
06-14 02:30:51.080   213   213 D dalvikvm: GC_EXPLICIT freed 293K, 59% free 9692K/23239K, paused 32ms+3ms
06-14 02:30:56.104 30026 30026 D dalvikvm: GC_EXPLICIT freed 85K, 7% free 10012K/10695K, paused 27ms+3ms
06-14 02:31:00.658   142   159 I ActivityManager: Start proc com.facebook.orca for service com.facebook.orca/.push.mqtt.MqttPushService: pid=9959 uid=10061 gids={3003, 1015, 1006}
06-14 02:31:00.686  9959  9959 I dalvikvm: Turning on JNI app bug workarounds for target SDK version 10...
06-14 02:31:00.689    80    80 D dalvikvm: GC_EXPLICIT freed 38K, 4% free 9031K/9347K, paused 2ms+2ms
06-14 02:31:00.725    80    80 D dalvikvm: GC_EXPLICIT freed <1K, 4% free 9031K/9347K, paused 1ms+3ms
06-14 02:31:00.764    80    80 D dalvikvm: GC_EXPLICIT freed <1K, 4% free 9031K/9347K, paused 1ms+6ms
06-14 02:31:00.795   142   916 I ActivityManager: Process com.google.android.apps.maps:LocationFriendService (pid 9933) has died.
06-14 02:31:00.865  9959  9959 I ActivityThread: Pub com.facebook.orca.notify.MessengerLoggedInUserProvider: com.facebook.orca.notify.MessengerLoggedInUserProvider
06-14 02:31:00.885  9959  9959 I ActivityThread: Pub com.facebook.orca.notify.MessengerForegroundProvider: com.facebook.orca.notify.MessengerForegroundProvider
06-14 02:31:00.889  9959  9959 V orca:OrcaApplication: Forcing initialization of AsyncTask
06-14 02:31:00.990  9959  9962 D dalvikvm: GC_CONCURRENT freed 232K, 4% free 9304K/9607K, paused 2ms+2ms
06-14 02:31:01.014  9959  9959 I Finalizer: Couldn't access Thread.inheritableThreadLocals. Reference finalizer threads will inherit thread local values.
06-14 02:31:01.213  9959  9962 D dalvikvm: GC_CONCURRENT freed 356K, 5% free 9462K/9927K, paused 1ms+2ms
06-14 02:31:01.342  9959  9959 W OrcaGuiceModule: Sig: ijxLJi1yGs1JpL-X1SExmchvork
06-14 02:31:01.439  9959  9962 D dalvikvm: GC_CONCURRENT freed 317K, 5% free 9585K/9991K, paused 2ms+3ms
06-14 02:31:01.646  9959  9974 W Resources: Converting to string: TypedValue{t=0x10/d=0xffffffff a=-1}
06-14 02:31:01.830  9959  9962 D dalvikvm: GC_CONCURRENT freed 280K, 4% free 9831K/10183K, paused 2ms+3ms
06-14 02:31:01.939  9959  9959 D ACRA    : Retrieve application default SharedPreferences.
06-14 02:31:01.939  9959  9959 D ACRA    : Set OnSharedPreferenceChangeListener.
06-14 02:31:01.939  9959  9959 D ACRA    : ACRA is enabled for com.facebook.orca, intializing...
06-14 02:31:02.006  9959  9962 D dalvikvm: GC_CONCURRENT freed 299K, 4% free 10065K/10439K, paused 5ms+3ms
06-14 02:31:02.053  9959  9974 D dalvikvm: GC_FOR_ALLOC freed 224K, 6% free 10122K/10695K, paused 19ms
06-14 02:31:02.064  9959  9959 D ACRA    : Looking for error files in /data/data/com.facebook.orca/app_acra-reports
06-14 02:31:02.119  9959  9974 D dalvikvm: GC_FOR_ALLOC freed 114K, 5% free 10211K/10695K, paused 21ms
06-14 02:31:02.174  9959  9974 D dalvikvm: GC_FOR_ALLOC freed 220K, 6% free 10241K/10823K, paused 23ms
06-14 02:31:02.385  9959  9962 D dalvikvm: GC_CONCURRENT freed 346K, 4% free 10406K/10823K, paused 5ms+2ms
06-14 02:31:02.557  9959  9962 D dalvikvm: GC_CONCURRENT freed 153K, 3% free 10791K/11015K, paused 2ms+4ms
06-14 02:31:02.771  9959  9962 D dalvikvm: GC_CONCURRENT freed 377K, 4% free 11015K/11463K, paused 2ms+2ms
06-14 02:31:02.943  9959  9962 D dalvikvm: GC_CONCURRENT freed 473K, 5% free 11239K/11783K, paused 4ms+3ms
06-14 02:31:04.467  9959  9962 D dalvikvm: GC_CONCURRENT freed 635K, 6% free 11383K/12103K, paused 7ms+3ms
06-14 02:31:06.951   357   357 D dalvikvm: GC_EXPLICIT freed <1K, 6% free 9100K/9607K, paused 4ms+2ms
06-14 02:31:12.010   959   959 D dalvikvm: GC_EXPLICIT freed 119K, 21% free 11682K/14663K, paused 17ms+4ms
06-14 02:31:16.986 27790 27790 D dalvikvm: GC_EXPLICIT freed 52K, 36% free 11631K/17991K, paused 32ms+3ms
06-14 02:31:22.096   142   158 D dalvikvm: GC_EXPLICIT freed 909K, 23% free 19073K/24647K, paused 39ms+9ms
06-14 02:31:22.725  9605  9618 I PhoneLab-: Service Running
06-14 02:31:22.803  9605  9618 I PhoneLab-LoggerService: app_38    27718 1     1112   664   c00f181c 400107b4 S logcat
06-14 02:31:22.803  9605  9618 I PhoneLab-LoggerService: Logcat pid from database 27718
06-14 02:31:22.803  9605  9618 I PhoneLab-LoggerService: Logcat process found 27718
06-14 02:31:22.803  9605  9618 I PhoneLab-LoggerService: Checking Threshold
06-14 02:31:22.807  9605  9618 I PhoneLab-LoggerService: Starting to rename files
06-14 02:31:22.807  9605  9618 I PhoneLab-LoggerService: Files found .. 2
06-14 02:31:26.986   213   213 D dalvikvm: GC_EXPLICIT freed 11K, 59% free 9685K/23239K, paused 28ms+3ms
06-14 02:31:31.990   142   172 I ActivityManager: Start proc com.twitter.android for service com.twitter.android/.client.AppService: pid=9984 uid=10068 gids={3003, 1015}
06-14 02:31:31.998  9984  9984 I dalvikvm: Turning on JNI app bug workarounds for target SDK version 11...
06-14 02:31:32.049   342   342 D dalvikvm: GC_EXPLICIT freed 18K, 16% free 12075K/14343K, paused 43ms+4ms
06-14 02:31:32.123   142   370 I ActivityManager: Process com.whatsapp (pid 9715) has died.
06-14 02:31:32.123   142   370 W ActivityManager: Scheduling restart of crashed service com.whatsapp/.messaging.MessageService in 5000ms
06-14 02:31:32.143  9984  9984 I ActivityThread: Pub com.twitter.android.provider.GlobalDatabaseProvider: com.twitter.android.provider.GlobalDatabaseProvider
06-14 02:31:32.178  9984  9984 I ActivityThread: Pub com.twitter.android.provider.TwitterProvider: com.twitter.android.provider.TwitterProvider
06-14 02:31:32.354  9984  9987 D dalvikvm: GC_CONCURRENT freed 201K, 4% free 9272K/9607K, paused 3ms+4ms
06-14 02:31:32.576  9984  9987 D dalvikvm: GC_CONCURRENT freed 172K, 4% free 9497K/9799K, paused 2ms+2ms
06-14 02:31:32.729  9984  9987 D dalvikvm: GC_CONCURRENT freed 303K, 5% free 9631K/10055K, paused 2ms+1ms
06-14 02:31:32.854  9984  9987 D dalvikvm: GC_CONCURRENT freed 308K, 5% free 9760K/10183K, paused 1ms+2ms
06-14 02:31:32.971  9984  9987 D dalvikvm: GC_CONCURRENT freed 296K, 5% free 9890K/10311K, paused 1ms+2ms
06-14 02:31:33.100  9984  9987 D dalvikvm: GC_CONCURRENT freed 312K, 5% free 10021K/10439K, paused 1ms+1ms
06-14 02:31:33.236  9984  9987 D dalvikvm: GC_CONCURRENT freed 305K, 4% free 10154K/10567K, paused 1ms+4ms
06-14 02:31:33.365  9984  9987 D dalvikvm: GC_CONCURRENT freed 299K, 4% free 10283K/10695K, paused 2ms+2ms
06-14 02:31:33.506  9984  9987 D dalvikvm: GC_CONCURRENT freed 491K, 6% free 10226K/10823K, paused 2ms+2ms
06-14 02:31:33.639  9984  9987 D dalvikvm: GC_CONCURRENT freed 321K, 5% free 10300K/10823K, paused 2ms+2ms
06-14 02:31:33.803  9984  9987 D dalvikvm: GC_CONCURRENT freed 315K, 5% free 10388K/10823K, paused 6ms+2ms
06-14 02:31:33.967  9984  9987 D dalvikvm: GC_CONCURRENT freed 357K, 5% free 10472K/10951K, paused 2ms+2ms
06-14 02:31:34.123  9984  9987 D dalvikvm: GC_CONCURRENT freed 349K, 5% free 10554K/11015K, paused 1ms+2ms
06-14 02:31:34.295  9984  9987 D dalvikvm: GC_CONCURRENT freed 346K, 4% free 10640K/11079K, paused 2ms+2ms
06-14 02:31:34.463  9984  9987 D dalvikvm: GC_CONCURRENT freed 376K, 5% free 10728K/11207K, paused 2ms+2ms
06-14 02:31:34.596  9984  9987 D dalvikvm: GC_CONCURRENT freed 395K, 5% free 10822K/11335K, paused 2ms+2ms
06-14 02:31:35.900  9984  9987 D dalvikvm: GC_CONCURRENT freed 335K, 4% free 11011K/11463K, paused 2ms+2ms
06-14 02:31:37.162   142   159 I ActivityManager: Start proc com.whatsapp for service com.whatsapp/.messaging.MessageService: pid=10002 uid=10070 gids={1015, 3003}
06-14 02:31:37.193 10002 10002 I dalvikvm: Turning on JNI app bug workarounds for target SDK version 7...
06-14 02:31:37.236   428   428 D dalvikvm: GC_EXPLICIT freed <1K, 4% free 9037K/9347K, paused 2ms+4ms
06-14 02:31:37.338   142   422 D dalvikvm: GC_EXPLICIT freed 261K, 23% free 19020K/24647K, paused 10ms+17ms
06-14 02:31:37.350   142   153 I ActivityManager: Process com.google.android.apps.googlevoice (pid 9379) has died.
06-14 02:31:37.350   142   153 W ActivityManager: Scheduling restart of crashed service com.google.android.apps.googlevoice/.UpdateService in 5000ms
06-14 02:31:37.350   142   153 W ActivityManager: Scheduling restart of crashed service com.google.android.apps.googlevoice/.CallLogService in 14999ms
06-14 02:31:37.506 10002 10004 D dalvikvm: GC_CONCURRENT freed 159K, 3% free 9363K/9607K, paused 3ms+2ms
06-14 02:31:37.693   142   921 I ActivityManager: Process com.twitter.android (pid 9984) has died.
06-14 02:31:37.990 10002 10004 D dalvikvm: GC_CONCURRENT freed 288K, 4% free 9609K/9991K, paused 4ms+3ms
06-14 02:31:38.092 10002 10002 I SqliteDatabaseCpp: sqlite returned: error code = 1, msg = duplicate column name: photo_ts, db=/data/data/com.whatsapp/databases/msgstore.db
06-14 02:31:38.100 10002 10002 I SqliteDatabaseCpp: sqlite returned: error code = 1, msg = duplicate column name: thumb_ts, db=/data/data/com.whatsapp/databases/msgstore.db
06-14 02:31:38.100 10002 10002 I SqliteDatabaseCpp: sqlite returned: error code = 1, msg = duplicate column name: photo_id_timestamp, db=/data/data/com.whatsapp/databases/msgstore.db
06-14 02:31:38.146   142   370 I ActivityManager: Start proc android.process.acore for content provider com.android.providers.contacts/.ContactsProvider2: pid=10021 uid=10000 gids={3003, 1015}
06-14 02:31:38.217 10002 10002 I dalvikvm: Could not find method android.media.MediaMetadataRetriever.captureFrame, referenced from method com.whatsapp.d3.a
06-14 02:31:38.217 10002 10002 W dalvikvm: VFY: unable to resolve virtual method 496: Landroid/media/MediaMetadataRetriever;.captureFrame ()Landroid/graphics/Bitmap;
06-14 02:31:38.217 10002 10002 D dalvikvm: VFY: replacing opcode 0x6e at 0x0134
06-14 02:31:38.252 10021 10021 I ActivityThread: Pub call_log: com.android.providers.contacts.CallLogProvider
06-14 02:31:38.299 10021 10021 I ActivityThread: Pub com.android.voicemail: com.android.providers.contacts.VoicemailContentProvider
06-14 02:31:38.299 10021 10021 I ActivityThread: Pub user_dictionary: com.android.providers.userdictionary.UserDictionaryProvider
06-14 02:31:38.338 10021 10021 I ActivityThread: Pub com.android.social: com.android.providers.contacts.SocialProvider
06-14 02:31:38.342 10021 10021 I ActivityThread: Pub applications: com.android.providers.applications.ApplicationsProvider
06-14 02:31:38.463 10002 10004 D dalvikvm: GC_CONCURRENT freed 419K, 5% free 9754K/10247K, paused 3ms+7ms
06-14 02:31:38.525 10021 10021 I ActivityThread: Pub contacts;com.android.contacts: com.android.providers.contacts.ContactsProvider2
06-14 02:31:38.557 10021 10024 D dalvikvm: GC_CONCURRENT freed 353K, 5% free 9183K/9607K, paused 2ms+2ms
06-14 02:31:38.842 10002 10004 D dalvikvm: GC_CONCURRENT freed 230K, 4% free 9977K/10311K, paused 3ms+4ms
06-14 02:31:39.951 10021 10024 D dalvikvm: GC_CONCURRENT freed 183K, 3% free 9450K/9735K, paused 2ms+2ms
06-14 02:31:40.088   142   422 I ActivityManager: Process android.process.acore (pid 10021) has died.
06-14 02:31:42.408   142   159 I ActivityManager: Start proc com.google.android.apps.googlevoice for service com.google.android.apps.googlevoice/.UpdateService: pid=10047 uid=10056 gids={3003, 1015}
06-14 02:31:42.791 10047 10049 D dalvikvm: GC_CONCURRENT freed 246K, 4% free 9290K/9607K, paused 6ms+32ms
06-14 02:31:42.865   142   919 I ActivityManager: Start proc android.process.acore for content provider com.android.providers.contacts/.VoicemailContentProvider: pid=10062 uid=10000 gids={3003, 1015}
06-14 02:31:42.900 10062 10062 I ActivityThread: Pub call_log: com.android.providers.contacts.CallLogProvider
06-14 02:31:42.904 10062 10062 I ActivityThread: Pub com.android.voicemail: com.android.providers.contacts.VoicemailContentProvider
06-14 02:31:42.904 10062 10062 I ActivityThread: Pub user_dictionary: com.android.providers.userdictionary.UserDictionaryProvider
06-14 02:31:42.908 10062 10062 I ActivityThread: Pub com.android.social: com.android.providers.contacts.SocialProvider
06-14 02:31:42.912 10062 10062 I ActivityThread: Pub applications: com.android.providers.applications.ApplicationsProvider
06-14 02:31:42.982 10062 10062 I ActivityThread: Pub contacts;com.android.contacts: com.android.providers.contacts.ContactsProvider2
06-14 02:31:42.986 10062 10064 D dalvikvm: GC_CONCURRENT freed 329K, 5% free 9155K/9607K, paused 2ms+2ms
06-14 02:31:43.314   142   919 I ActivityManager: Process com.facebook.orca (pid 9959) has died.
06-14 02:31:43.314   142   919 W ActivityManager: Scheduling restart of crashed service com.facebook.orca/.push.mqtt.MqttPushService in 80000ms
06-14 02:31:43.479 10047 10049 D dalvikvm: GC_CONCURRENT freed 448K, 6% free 9408K/9927K, paused 2ms+3ms
06-14 02:31:43.498 10047 10056 W CursorWrapperInner: Cursor finalized without prior close()
06-14 02:31:43.498 10047 10056 W CursorWrapperInner: Cursor finalized without prior close()
06-14 02:31:43.498 10047 10056 W CursorWrapperInner: Cursor finalized without prior close()
06-14 02:31:43.502   142   422 D CountryDetector: The first listener is added
06-14 02:31:43.584 10062 10064 D dalvikvm: GC_CONCURRENT freed 272K, 4% free 9456K/9799K, paused 3ms+6ms
06-14 02:31:44.010 10047 10049 D dalvikvm: GC_CONCURRENT freed 272K, 5% free 9544K/9991K, paused 9ms+6ms
06-14 02:31:44.049 10062 10064 D dalvikvm: GC_CONCURRENT freed 272K, 4% free 9602K/9991K, paused 4ms+3ms
06-14 02:31:45.221 10062 10064 D dalvikvm: GC_CONCURRENT freed 305K, 4% free 9871K/10247K, paused 25ms+14ms
06-14 02:31:45.252  8585  8587 D dalvikvm: GC_CONCURRENT freed 484K, 6% free 10262K/10887K, paused 8ms+12ms
06-14 02:31:45.318   142   370 I ActivityManager: Start proc com.google.android.apps.maps:LocationFriendService for service com.google.android.apps.maps/com.google.googlenav.friend.reporting.LocationReceiverService: pid=10090 uid=10057 gids={3003, 1015}
06-14 02:31:45.510 10090 10092 D dalvikvm: GC_CONCURRENT freed 165K, 3% free 9370K/9607K, paused 2ms+2ms
06-14 02:31:45.865 10062 10077 D dalvikvm: GC_EXPLICIT freed 354K, 5% free 9936K/10375K, paused 2ms+4ms
06-14 02:31:45.947 10090 10092 D dalvikvm: GC_CONCURRENT freed 154K, 3% free 9658K/9927K, paused 1ms+2ms
06-14 02:31:45.990 10047 10085 D dalvikvm: GC_FOR_ALLOC freed 193K, 5% free 9702K/10183K, paused 89ms
06-14 02:31:46.549   142   294 D dalvikvm: GC_EXPLICIT freed 995K, 23% free 19052K/24647K, paused 7ms+18ms
06-14 02:31:46.639 10090 10092 D dalvikvm: GC_CONCURRENT freed 237K, 4% free 9879K/10247K, paused 2ms+2ms
06-14 02:31:50.049   324   324 D dalvikvm: GC_EXPLICIT freed <1K, 20% free 10618K/13191K, paused 32ms+3ms
06-14 02:31:54.975 16941 16941 E GeckoApp: low memory
06-14 02:31:55.119 16941 16941 D dalvikvm: GC_EXPLICIT freed 3K, 22% free 10500K/13319K, paused 27ms+4ms
06-14 02:32:00.045  8585  8585 D dalvikvm: GC_EXPLICIT freed 17K, 6% free 10251K/10887K, paused 28ms+3ms
06-14 02:32:07.346  8688  8688 D dalvikvm: GC_EXPLICIT freed 4K, 4% free 9055K/9347K, paused 6ms+2ms
06-14 02:32:12.486 30026 30026 D dalvikvm: GC_EXPLICIT freed 24K, 7% free 10013K/10695K, paused 60ms+3ms
06-14 02:32:17.385  9605  9605 D dalvikvm: GC_EXPLICIT freed 252K, 5% free 9136K/9607K, paused 37ms+3ms
06-14 02:32:45.166 10090 10097 I dalvikvm: Total arena pages for JIT: 11
06-14 02:32:45.166 10090 10097 I dalvikvm: Total arena pages for JIT: 12
06-14 02:32:45.166 10090 10097 I dalvikvm: Total arena pages for JIT: 13
06-14 02:32:45.166 10090 10097 I dalvikvm: Total arena pages for JIT: 14
06-14 02:32:45.166 10090 10097 I dalvikvm: Total arena pages for JIT: 15
06-14 02:32:45.166 10090 10097 I dalvikvm: Total arena pages for JIT: 16
06-14 02:32:45.166 10090 10097 I dalvikvm: Total arena pages for JIT: 17
06-14 02:32:45.260 10090 10092 D dalvikvm: GC_CONCURRENT freed 399K, 6% free 9971K/10503K, paused 2ms+3ms
06-14 02:32:46.307   142   197 D DhcpInfoInternal: makeLinkProperties with empty dns2!
06-14 02:32:46.318   142   197 D DhcpInfoInternal: makeLinkProperties with empty dns2!
06-14 02:33:01.947   142   159 I ActivityManager: Start proc com.facebook.orca for broadcast com.facebook.orca/.analytics.AnalyticsPeriodicReporter$ReporterBroadcastReceiver: pid=10135 uid=10061 gids={3003, 1015, 1006}
06-14 02:33:02.021 10135 10135 I dalvikvm: Turning on JNI app bug workarounds for target SDK version 10...
06-14 02:33:02.057   142   918 I ActivityManager: Process android.process.acore (pid 10062) has died.
06-14 02:33:02.057   142   602 D CountryDetector: No listener is left
06-14 02:33:02.299 10135 10135 I ActivityThread: Pub com.facebook.orca.notify.MessengerLoggedInUserProvider: com.facebook.orca.notify.MessengerLoggedInUserProvider
06-14 02:33:02.318 10135 10135 I ActivityThread: Pub com.facebook.orca.notify.MessengerForegroundProvider: com.facebook.orca.notify.MessengerForegroundProvider
06-14 02:33:02.330 10135 10135 V orca:OrcaApplication: Forcing initialization of AsyncTask
06-14 02:33:02.439 10135 10137 D dalvikvm: GC_CONCURRENT freed 223K, 4% free 9313K/9607K, paused 5ms+2ms
06-14 02:33:02.443 10135 10135 I Finalizer: Couldn't access Thread.inheritableThreadLocals. Reference finalizer threads will inherit thread local values.
06-14 02:33:02.592 10135 10137 D dalvikvm: GC_CONCURRENT freed 355K, 5% free 9444K/9927K, paused 2ms+2ms
06-14 02:33:02.701 10135 10135 W OrcaGuiceModule: Sig: ijxLJi1yGs1JpL-X1SExmchvork
06-14 02:33:02.811 10135 10137 D dalvikvm: GC_CONCURRENT freed 277K, 4% free 9617K/9991K, paused 9ms+5ms
06-14 02:33:03.076 10135 10151 W Resources: Converting to string: TypedValue{t=0x10/d=0xffffffff a=-1}
06-14 02:33:03.275 10135 10137 D dalvikvm: GC_CONCURRENT freed 330K, 4% free 9845K/10247K, paused 3ms+2ms
06-14 02:33:03.373 10135 10135 D ACRA    : Retrieve application default SharedPreferences.
06-14 02:33:03.373 10135 10135 D ACRA    : Set OnSharedPreferenceChangeListener.
06-14 02:33:03.373 10135 10135 D ACRA    : ACRA is enabled for com.facebook.orca, intializing...
06-14 02:33:03.400 10135 10135 D ACRA    : Looking for error files in /data/data/com.facebook.orca/app_acra-reports
06-14 02:33:03.400 10135 10137 D dalvikvm: GC_CONCURRENT freed 289K, 4% free 10065K/10439K, paused 1ms+5ms
06-14 02:33:03.443   142   916 I ActivityManager: Process com.google.android.apps.maps:LocationFriendService (pid 10090) has died.
06-14 02:33:03.490 10135 10151 D dalvikvm: GC_FOR_ALLOC freed 230K, 6% free 10116K/10695K, paused 52ms
06-14 02:33:03.537 10135 10151 D dalvikvm: GC_FOR_ALLOC freed 126K, 5% free 10219K/10695K, paused 19ms
06-14 02:33:03.604 10135 10151 D dalvikvm: GC_FOR_ALLOC freed 219K, 5% free 10249K/10759K, paused 20ms
06-14 02:33:03.783 10135 10137 D dalvikvm: GC_CONCURRENT freed 358K, 4% free 10542K/10887K, paused 2ms+2ms
06-14 02:33:03.971 10135 10137 D dalvikvm: GC_CONCURRENT freed 189K, 3% free 10883K/11143K, paused 3ms+3ms
06-14 02:33:04.174 10135 10137 D dalvikvm: GC_CONCURRENT freed 519K, 6% free 11001K/11591K, paused 2ms+3ms
06-14 02:33:04.342 10135 10137 D dalvikvm: GC_CONCURRENT freed 334K, 4% free 11378K/11783K, paused 2ms+3ms
06-14 02:33:08.561   357   357 D dalvikvm: GC_EXPLICIT freed <1K, 6% free 9100K/9607K, paused 39ms+2ms
06-14 02:33:13.557   959   959 D dalvikvm: GC_EXPLICIT freed 200K, 21% free 11695K/14663K, paused 8ms+3ms
06-14 02:33:18.557 27790 27790 D dalvikvm: GC_EXPLICIT freed 82K, 36% free 11631K/17991K, paused 3ms+6ms
06-14 02:33:22.717  9605  9618 I PhoneLab-: Service Running
06-14 02:33:22.822  9605  9618 I PhoneLab-LoggerService: app_38    27718 1     1112   664   c00f181c 400107b4 S logcat
06-14 02:33:22.822  9605  9618 I PhoneLab-LoggerService: Logcat pid from database 27718
06-14 02:33:22.822  9605  9618 I PhoneLab-LoggerService: Logcat process found 27718
06-14 02:33:22.822  9605  9618 I PhoneLab-LoggerService: Checking Threshold
06-14 02:33:22.826  9605  9618 I PhoneLab-LoggerService: Starting to rename files
06-14 02:33:22.826  9605  9618 I PhoneLab-LoggerService: Files found .. 2
06-14 02:33:23.654   142   158 D dalvikvm: GC_EXPLICIT freed 574K, 23% free 19042K/24647K, paused 41ms+9ms
06-14 02:33:28.584   213   213 D dalvikvm: GC_EXPLICIT freed 15K, 59% free 9685K/23239K, paused 32ms+3ms
06-14 02:33:33.580   342   342 D dalvikvm: GC_EXPLICIT freed 6K, 16% free 12074K/14343K, paused 29ms+7ms
06-14 02:33:38.564   428   428 D dalvikvm: GC_EXPLICIT freed <1K, 4% free 9037K/9347K, paused 26ms+2ms
06-14 02:33:43.600   324   324 D dalvikvm: GC_EXPLICIT freed <1K, 20% free 10618K/13191K, paused 24ms+3ms
06-14 02:33:45.189   142   154 I ActivityManager: Start proc com.google.android.apps.maps:LocationFriendService for service com.google.android.apps.maps/com.google.googlenav.friend.reporting.LocationReceiverService: pid=10161 uid=10057 gids={3003, 1015}
06-14 02:33:45.236  8585  8587 D dalvikvm: GC_CONCURRENT freed 461K, 6% free 10258K/10887K, paused 1ms+3ms
06-14 02:33:45.338 10161 10164 D dalvikvm: GC_CONCURRENT freed 170K, 3% free 9365K/9607K, paused 2ms+2ms
06-14 02:33:45.752 10161 10164 D dalvikvm: GC_CONCURRENT freed 157K, 3% free 9675K/9927K, paused 3ms+5ms
06-14 02:33:46.283 10161 10164 D dalvikvm: GC_CONCURRENT freed 304K, 4% free 9900K/10311K, paused 2ms+2ms
06-14 02:33:46.385   142   366 I ActivityManager: Process com.facebook.orca (pid 10135) has died.
06-14 02:33:46.436   142   366 W ActivityManager: Scheduling restart of crashed service com.facebook.orca/.push.mqtt.MqttPushService in 320000ms
06-14 02:33:46.869 10161 10164 D dalvikvm: GC_CONCURRENT freed 293K, 4% free 10061K/10439K, paused 7ms+7ms
06-14 02:33:47.885 10161 10164 D dalvikvm: GC_CONCURRENT freed 289K, 4% free 10288K/10695K, paused 5ms+3ms
06-14 02:33:51.670 16941 16941 E GeckoApp: low memory
06-14 02:33:51.779 16941 16941 D dalvikvm: GC_EXPLICIT freed 2K, 22% free 10500K/13319K, paused 15ms+4ms
06-14 02:33:56.744  8585  8585 D dalvikvm: GC_EXPLICIT freed 8K, 6% free 10250K/10887K, paused 38ms+2ms
06-14 02:34:05.127  8688  8688 D dalvikvm: GC_EXPLICIT freed <1K, 4% free 9055K/9347K, paused 5ms+2ms
06-14 02:34:10.217  9605  9605 D dalvikvm: GC_EXPLICIT freed 58K, 5% free 9130K/9607K, paused 28ms+2ms
06-14 02:34:17.986 30026 30026 D dalvikvm: GC_EXPLICIT freed 32K, 7% free 10021K/10695K, paused 33ms+3ms
06-14 02:34:22.975 10002 10002 D dalvikvm: GC_EXPLICIT freed 492K, 6% free 9852K/10439K, paused 25ms+3ms
06-14 02:34:27.873 10047 10047 D dalvikvm: GC_EXPLICIT freed 105K, 6% free 9727K/10247K, paused 24ms+2ms
06-14 02:34:45.162 10161 10168 I dalvikvm: Total arena pages for JIT: 11
06-14 02:34:45.162 10161 10168 I dalvikvm: Total arena pages for JIT: 12
06-14 02:34:45.162 10161 10168 I dalvikvm: Total arena pages for JIT: 13
06-14 02:34:45.162 10161 10168 I dalvikvm: Total arena pages for JIT: 14
06-14 02:34:45.162 10161 10168 I dalvikvm: Total arena pages for JIT: 15
06-14 02:34:45.162 10161 10168 I dalvikvm: Total arena pages for JIT: 16
06-14 02:34:45.162 10161 10168 I dalvikvm: Total arena pages for JIT: 17
06-14 02:34:45.205 10161 10168 I dalvikvm: Total arena pages for JIT: 18
06-14 02:34:45.303 10161 10164 D dalvikvm: GC_CONCURRENT freed 707K, 8% free 10109K/10887K, paused 2ms+2ms
06-14 02:35:03.377   142   159 I ActivityManager: Start proc com.facebook.orca for broadcast com.facebook.orca/.analytics.AnalyticsPeriodicReporter$ReporterBroadcastReceiver: pid=10192 uid=10061 gids={3003, 1015, 1006}
06-14 02:35:03.389 10192 10192 I dalvikvm: Turning on JNI app bug workarounds for target SDK version 10...
06-14 02:35:03.525 10192 10192 I ActivityThread: Pub com.facebook.orca.notify.MessengerLoggedInUserProvider: com.facebook.orca.notify.MessengerLoggedInUserProvider
06-14 02:35:03.525 10192 10192 I ActivityThread: Pub com.facebook.orca.notify.MessengerForegroundProvider: com.facebook.orca.notify.MessengerForegroundProvider
06-14 02:35:03.529 10192 10192 V orca:OrcaApplication: Forcing initialization of AsyncTask
06-14 02:35:03.615 10192 10196 D dalvikvm: GC_CONCURRENT freed 226K, 4% free 9310K/9607K, paused 2ms+2ms
06-14 02:35:03.619 10192 10192 I Finalizer: Couldn't access Thread.inheritableThreadLocals. Reference finalizer threads will inherit thread local values.
06-14 02:35:03.811 10192 10196 D dalvikvm: GC_CONCURRENT freed 357K, 5% free 9453K/9927K, paused 2ms+3ms
06-14 02:35:03.955 10192 10192 W OrcaGuiceModule: Sig: ijxLJi1yGs1JpL-X1SExmchvork
06-14 02:35:04.049   142   421 I ActivityManager: Process com.google.android.apps.maps:LocationFriendService (pid 10161) has died.
06-14 02:35:04.068 10192 10196 D dalvikvm: GC_CONCURRENT freed 286K, 4% free 9619K/9991K, paused 10ms+3ms
06-14 02:35:04.502 10192 10207 W Resources: Converting to string: TypedValue{t=0x10/d=0xffffffff a=-1}
06-14 02:35:04.674 10192 10196 D dalvikvm: GC_CONCURRENT freed 319K, 4% free 9856K/10247K, paused 2ms+11ms
06-14 02:35:04.912 10192 10192 D ACRA    : Retrieve application default SharedPreferences.
06-14 02:35:04.912 10192 10192 D ACRA    : Set OnSharedPreferenceChangeListener.
06-14 02:35:04.912 10192 10192 D ACRA    : ACRA is enabled for com.facebook.orca, intializing...
06-14 02:35:04.947 10192 10192 D ACRA    : Looking for error files in /data/data/com.facebook.orca/app_acra-reports
06-14 02:35:05.025 10192 10196 D dalvikvm: GC_CONCURRENT freed 299K, 4% free 10068K/10439K, paused 2ms+13ms
06-14 02:35:05.783 10192 10207 D dalvikvm: GC_FOR_ALLOC freed 237K, 6% free 10119K/10695K, paused 361ms
06-14 02:35:06.541 10192 10207 D dalvikvm: GC_FOR_ALLOC freed 124K, 5% free 10224K/10695K, paused 353ms
06-14 02:35:07.189 10192 10207 D dalvikvm: GC_FOR_ALLOC freed 215K, 5% free 10252K/10759K, paused 212ms
06-14 02:35:07.889   142 10208 I ActivityManager: Applications Memory Usage (kB):
06-14 02:35:07.889   142 10208 I ActivityManager: Uptime: 166072645 Realtime: 292969040
06-14 02:35:07.889   142 10208 I ActivityManager: Total PSS by OOM adjustment:
06-14 02:35:07.889   142 10208 I ActivityManager:     34708 kB: System
06-14 02:35:07.889   142 10208 I ActivityManager:                34708 kB: system (pid 142)
06-14 02:35:07.889   142 10208 I ActivityManager:     28899 kB: Persistent
06-14 02:35:07.889   142 10208 I ActivityManager:                12739 kB: com.android.systemui (pid 213)
06-14 02:35:07.889   142 10208 I ActivityManager:                11945 kB: com.android.phone (pid 342)
06-14 02:35:07.889   142 10208 I ActivityManager:                 4215 kB: com.android.nfc (pid 357)
06-14 02:35:07.889   142 10208 I ActivityManager:     31382 kB: Foreground
06-14 02:35:07.889   142 10208 I ActivityManager:                31382 kB: com.android.launcher (pid 27790)
06-14 02:35:07.889   142 10208 I ActivityManager:      2976 kB: Visible
06-14 02:35:07.889   142 10208 I ActivityManager:                 2976 kB: com.android.smspush (pid 428)
06-14 02:35:07.889   142 10208 I ActivityManager:     29960 kB: Perceptible
06-14 02:35:07.889   142 10208 I ActivityManager:                19680 kB: hr.podlanica (pid 959)
06-14 02:35:07.889   142 10208 I ActivityManager:                10280 kB: com.android.inputmethod.latin (pid 324)
06-14 02:35:07.889   142 10208 I ActivityManager:     23108 kB: A Services
06-14 02:35:07.889   142 10208 I ActivityManager:                10086 kB: com.google.process.gapps (pid 30026)
06-14 02:35:07.889   142 10208 I ActivityManager:                 6516 kB: com.google.android.apps.maps:NetworkLocationService (pid 8585)
06-14 02:35:07.889   142 10208 I ActivityManager:                 6506 kB: com.google.android.apps.googlevoice (pid 10047)
06-14 02:35:07.889   142 10208 I ActivityManager:     67334 kB: Previous
06-14 02:35:07.889   142 10208 I ActivityManager:                67334 kB: org.mozilla.firefox_beta (pid 16941)
06-14 02:35:07.889   142 10208 I ActivityManager:     13706 kB: B Services
06-14 02:35:07.889   142 10208 I ActivityManager:                 6882 kB: com.whatsapp (pid 10002)
06-14 02:35:07.889   142 10208 I ActivityManager:                 3971 kB: edu.buffalo.cse.phonelab.phonelabservices (pid 9605)
06-14 02:35:07.889   142 10208 I ActivityManager:                 2853 kB: com.android.sprintmenu (pid 8688)
06-14 02:35:07.889   142 10208 I ActivityManager:     11841 kB: Background
06-14 02:35:07.889   142 10208 I ActivityManager:                11841 kB: com.facebook.orca (pid 10192)
06-14 02:35:07.889   142 10208 I ActivityManager: 
06-14 02:35:07.889   142 10208 I ActivityManager: Total PSS: 243914 kB
06-14 02:35:07.889   142 10208 I ActivityManager:   PID      Vss      Rss      Pss      Uss  cmdline
06-14 02:35:07.889   142 10208 I ActivityManager: 16941   84216K   84128K   67437K   66220K  org.mozilla.firefox_beta
06-14 02:35:07.889   142 10208 I ActivityManager:   142   52864K   52800K   34749K   31040K  system_server
06-14 02:35:07.889   142 10208 I ActivityManager: 27790   50040K   49936K   31487K   28700K  com.android.launcher
06-14 02:35:07.889   142 10208 I ActivityManager:   959   33912K   33832K   19722K   18796K  hr.podlanica
06-14 02:35:07.889   142 10208 I ActivityManager:    79   24324K   21324K   13868K    7208K  /system/bin/surfaceflinger
06-14 02:35:07.889   142 10208 I ActivityManager:   213   32148K   32048K   12785K    8388K  com.android.systemui
06-14 02:35:07.889   142 10208 I ActivityManager: 10192   32428K   32352K   12628K   10232K  com.facebook.orca
06-14 02:35:07.889   142 10208 I ActivityManager:   342   27000K   26916K   11988K   11024K  com.android.phone
06-14 02:35:07.889   142 10208 I ActivityManager:   324   25176K   25088K   10329K    9384K  com.android.inputmethod.latin
06-14 02:35:07.889   142 10208 I ActivityManager: 30026   27036K   26952K   10131K    8876K  com.google.process.gapps
06-14 02:35:07.889   142 10208 I ActivityManager: 10002   26752K   26652K    6870K    4640K  com.whatsapp
06-14 02:35:07.889   142 10208 I ActivityManager:  8585   24460K   24364K    6564K    5168K  com.google.android.apps.maps:NetworkLocationService
06-14 02:35:07.889   142 10208 I ActivityManager: 10047   26096K   25996K    6476K    4456K  com.google.android.apps.googlevoice
06-14 02:35:07.889   142 10208 I ActivityManager:   357   19368K   19272K    4260K    3292K  com.android.nfc
06-14 02:35:07.889   142 10208 I ActivityManager:  9605   21764K   21668K    4018K    2664K  edu.buffalo.cse.phonelab.phonelabservices
06-14 02:35:07.889   142 10208 I ActivityManager: 18802   18056K   17952K    3515K    2544K  com.spotify.mobile.android.ui
06-14 02:35:07.889   142 10208 I ActivityManager:   428   18516K   18404K    3025K    1932K  com.android.smspush
06-14 02:35:07.889   142 10208 I ActivityManager:  8688   20676K   20572K    2902K    1524K  com.android.sprintmenu
06-14 02:35:07.889   142 10208 I ActivityManager:    80   18672K   18544K    2313K    1036K  zygote
06-14 02:35:07.889   142 10208 I ActivityManager:    82    2204K    2204K    1922K    1900K  /system/bin/mediaserver
06-14 02:35:07.889   142 10208 I ActivityManager:    81    1088K    1088K     884K     876K  /system/bin/drmserver
06-14 02:35:07.889   142 10208 I ActivityManager:    78    1016K    1016K     734K     716K  /system/bin/rild
06-14 02:35:07.889   142 10208 I ActivityManager: 27718     668K     664K     525K     520K  logcat
06-14 02:35:07.889   142 10208 I ActivityManager: 10214     648K     640K     516K     512K  procrank
06-14 02:35:07.889   142 10208 I ActivityManager:  8348     588K     584K     422K     412K  /system/bin/wpa_supplicant
06-14 02:35:07.889   142 10208 I ActivityManager:    88     424K     424K     408K     408K  /sbin/adbd
06-14 02:35:07.889   142 10208 I ActivityManager: 28302     576K     572K     385K     372K  /system/bin/netd
06-14 02:35:07.889   142 10208 I ActivityManager:   298     388K     388K     302K     300K  /system/bin/bluetoothd
06-14 02:35:07.889   142 10208 I ActivityManager:    73     436K     432K     296K     288K  /system/bin/vold
06-14 02:35:07.889   142 10208 I ActivityManager:    86     460K     456K     283K     276K  /system/vendor/bin/gpsd
06-14 02:35:07.889   142 10208 I ActivityManager:    85     404K     368K     249K     244K  /system/bin/keystore
06-14 02:35:07.889   142 10208 I ActivityManager:    83     276K     268K     186K     184K  /system/bin/dbus-daemon
06-14 02:35:07.889   142 10208 I ActivityManager:  7013     340K     336K     182K     176K  /system/bin/dhcpcd
06-14 02:35:07.889   142 10208 I ActivityManager:     1     204K     204K     138K     100K  /init
06-14 02:35:07.889   142 10208 I ActivityManager:   200     204K     196K     133K     132K  /system/bin/brcm_patchram_plus
06-14 02:35:07.889   142 10208 I ActivityManager:    84     248K     240K     123K     120K  /system/bin/installd
06-14 02:35:07.889   142 10208 I ActivityManager:    61     160K     160K     122K      84K  /sbin/ueventd
06-14 02:35:07.889   142 10208 I ActivityManager:    87     172K     168K     105K     104K  /system/bin/sh
06-14 02:35:07.889   142 10208 I ActivityManager:    72     184K     176K      98K      96K  /system/bin/servicemanager
06-14 02:35:07.889   142 10208 I ActivityManager: 26775     188K     180K      75K      72K  /system/bin/debuggerd
06-14 02:35:07.889   142 10208 I ActivityManager:                           ------   ------  ------
06-14 02:35:07.889   142 10208 I ActivityManager:                          273174K  235016K  TOTAL
06-14 02:35:07.889   142 10208 I ActivityManager: RAM: 342896K total, 18340K free, 1032K buffers
06-14 02:35:07.955 10192 10196 D dalvikvm: GC_CONCURRENT freed 375K, 5% free 10441K/10887K, paused 2ms+4ms
06-14 02:35:08.166 10192 10196 D dalvikvm: GC_CONCURRENT freed 175K, 3% free 10833K/11079K, paused 2ms+6ms
06-14 02:35:08.322 10192 10196 D dalvikvm: GC_CONCURRENT freed 499K, 5% free 10957K/11527K, paused 2ms+3ms
06-14 02:35:08.521 10192 10196 D dalvikvm: GC_CONCURRENT freed 332K, 4% free 11316K/11719K, paused 2ms+3ms
06-14 02:35:09.834   357   357 D dalvikvm: GC_EXPLICIT freed <1K, 6% free 9100K/9607K, paused 23ms+2ms
06-14 02:35:09.920   142   294 I ActivityManager: Process com.facebook.orca (pid 10192) has died.
06-14 02:35:11.189   142   197 D DhcpInfoInternal: makeLinkProperties with empty dns2!
06-14 02:35:11.189   142   197 D DhcpInfoInternal: makeLinkProperties with empty dns2!
06-14 02:35:15.404   959   959 D dalvikvm: GC_EXPLICIT freed 207K, 21% free 11694K/14663K, paused 2ms+3ms
06-14 02:35:20.455 27790 27790 D dalvikvm: GC_EXPLICIT freed 41K, 36% free 11631K/17991K, paused 25ms+5ms
06-14 02:35:22.682  9605  9618 I PhoneLab-: Service Running
06-14 02:35:22.760  9605  9618 I PhoneLab-LoggerService: app_38    27718 1     1112   664   c00f181c 400107b4 S logcat
06-14 02:35:22.764  9605  9618 I PhoneLab-LoggerService: Logcat pid from database 27718
06-14 02:35:22.764  9605  9618 I PhoneLab-LoggerService: Logcat process found 27718
06-14 02:35:22.764  9605  9618 I PhoneLab-LoggerService: Checking Threshold
06-14 02:35:22.764  9605  9618 I PhoneLab-LoggerService: Starting to rename files
06-14 02:35:22.764  9605  9618 I PhoneLab-LoggerService: Files found .. 2
06-14 02:35:25.545   142   158 D dalvikvm: GC_EXPLICIT freed 1445K, 23% free 19041K/24647K, paused 18ms+7ms
06-14 02:35:30.475   213   213 D dalvikvm: GC_EXPLICIT freed 15K, 59% free 9685K/23239K, paused 32ms+4ms
06-14 02:35:35.502   342   342 D dalvikvm: GC_EXPLICIT freed 5K, 16% free 12074K/14343K, paused 41ms+5ms
06-14 02:35:40.455   428   428 D dalvikvm: GC_EXPLICIT freed <1K, 4% free 9037K/9347K, paused 25ms+2ms
06-14 02:35:45.225   142   294 I ActivityManager: Start proc com.google.android.apps.maps:LocationFriendService for service com.google.android.apps.maps/com.google.googlenav.friend.reporting.LocationReceiverService: pid=10237 uid=10057 gids={3003, 1015}
06-14 02:35:45.311  8585  8587 D dalvikvm: GC_CONCURRENT freed 461K, 6% free 10256K/10887K, paused 3ms+3ms
06-14 02:35:45.346 10237 10240 D dalvikvm: GC_CONCURRENT freed 175K, 3% free 9361K/9607K, paused 2ms+3ms
06-14 02:35:45.533 10237 10240 D dalvikvm: GC_CONCURRENT freed 151K, 3% free 9697K/9927K, paused 6ms+2ms
06-14 02:35:45.939 10237 10240 D dalvikvm: GC_CONCURRENT freed 284K, 4% free 9910K/10311K, paused 2ms+3ms
06-14 02:35:50.193   324   324 D dalvikvm: GC_EXPLICIT freed <1K, 20% free 10618K/13191K, paused 29ms+3ms
06-14 02:35:55.115 16941 16941 E GeckoApp: low memory
06-14 02:35:55.186 16941 16941 D dalvikvm: GC_EXPLICIT freed 3K, 22% free 10500K/13319K, paused 25ms+4ms
06-14 02:36:05.529  8585  8585 D dalvikvm: GC_EXPLICIT freed 10K, 6% free 10248K/10887K, paused 28ms+3ms
06-14 02:36:10.506  8688  8688 D dalvikvm: GC_EXPLICIT freed <1K, 4% free 9055K/9347K, paused 27ms+2ms
06-14 02:36:15.537  9605  9605 D dalvikvm: GC_EXPLICIT freed 52K, 5% free 9130K/9607K, paused 24ms+2ms
06-14 02:36:20.510 10002 10002 D dalvikvm: GC_EXPLICIT freed 9K, 6% free 9848K/10439K, paused 14ms+3ms
06-14 02:36:25.486 10047 10047 D dalvikvm: GC_EXPLICIT freed 10K, 6% free 9716K/10247K, paused 2ms+3ms
06-14 02:36:30.537 30026 30026 D dalvikvm: GC_EXPLICIT freed 32K, 7% free 10013K/10695K, paused 25ms+3ms
06-14 02:36:37.486   142   172 I ActivityManager: Start proc com.twitter.android for service com.twitter.android/.client.AppService: pid=10260 uid=10068 gids={3003, 1015}
06-14 02:36:37.510 10260 10260 I dalvikvm: Turning on JNI app bug workarounds for target SDK version 11...
06-14 02:36:37.521    80    80 D dalvikvm: GC_EXPLICIT freed 37K, 4% free 9031K/9347K, paused 2ms+15ms
06-14 02:36:37.557    80    80 D dalvikvm: GC_EXPLICIT freed <1K, 4% free 9031K/9347K, paused 2ms+2ms
06-14 02:36:37.604    80    80 D dalvikvm: GC_EXPLICIT freed <1K, 4% free 9031K/9347K, paused 1ms+6ms
06-14 02:36:37.643 10260 10260 I ActivityThread: Pub com.twitter.android.provider.GlobalDatabaseProvider: com.twitter.android.provider.GlobalDatabaseProvider
06-14 02:36:37.654 10260 10260 I ActivityThread: Pub com.twitter.android.provider.TwitterProvider: com.twitter.android.provider.TwitterProvider
06-14 02:36:37.732 10260 10262 D dalvikvm: GC_CONCURRENT freed 201K, 4% free 9289K/9607K, paused 2ms+2ms
06-14 02:36:37.732   142   919 I ActivityManager: Process com.google.android.apps.maps:LocationFriendService (pid 10237) has died.
06-14 02:36:38.061 10260 10262 D dalvikvm: GC_CONCURRENT freed 224K, 4% free 9510K/9863K, paused 1ms+1ms
06-14 02:36:38.201 10260 10262 D dalvikvm: GC_CONCURRENT freed 298K, 5% free 9634K/10055K, paused 2ms+2ms
06-14 02:36:38.338 10260 10262 D dalvikvm: GC_CONCURRENT freed 299K, 5% free 9763K/10183K, paused 1ms+1ms
06-14 02:36:38.467 10260 10262 D dalvikvm: GC_CONCURRENT freed 307K, 5% free 9893K/10311K, paused 2ms+2ms
06-14 02:36:38.592 10260 10262 D dalvikvm: GC_CONCURRENT freed 305K, 4% free 10026K/10439K, paused 1ms+2ms
06-14 02:36:38.713 10260 10262 D dalvikvm: GC_CONCURRENT freed 303K, 4% free 10156K/10567K, paused 1ms+2ms
06-14 02:36:38.842 10260 10262 D dalvikvm: GC_CONCURRENT freed 293K, 4% free 10282K/10695K, paused 2ms+2ms
06-14 02:36:39.010 10260 10262 D dalvikvm: GC_CONCURRENT freed 492K, 6% free 10226K/10823K, paused 3ms+5ms
06-14 02:36:39.127 10260 10262 D dalvikvm: GC_CONCURRENT freed 326K, 5% free 10300K/10823K, paused 2ms+2ms
06-14 02:36:39.260 10260 10262 D dalvikvm: GC_CONCURRENT freed 319K, 5% free 10390K/10823K, paused 5ms+2ms
06-14 02:36:39.385 10260 10262 D dalvikvm: GC_CONCURRENT freed 362K, 5% free 10474K/10951K, paused 2ms+2ms
06-14 02:36:39.514 10260 10262 D dalvikvm: GC_CONCURRENT freed 339K, 5% free 10555K/11015K, paused 2ms+1ms
06-14 02:36:39.639 10260 10262 D dalvikvm: GC_CONCURRENT freed 337K, 4% free 10638K/11079K, paused 2ms+2ms
06-14 02:36:39.764 10260 10262 D dalvikvm: GC_CONCURRENT freed 363K, 5% free 10725K/11207K, paused 2ms+1ms
06-14 02:36:39.893 10260 10262 D dalvikvm: GC_CONCURRENT freed 399K, 5% free 10819K/11335K, paused 1ms+2ms
06-14 02:36:41.189 10260 10262 D dalvikvm: GC_CONCURRENT freed 338K, 5% free 11000K/11463K, paused 5ms+3ms
06-14 02:36:42.908   357   357 D dalvikvm: GC_EXPLICIT freed <1K, 6% free 9100K/9607K, paused 27ms+2ms
06-14 02:36:43.268 10260 10262 D dalvikvm: GC_CONCURRENT freed 431K, 5% free 11215K/11719K, paused 4ms+2ms
06-14 02:36:44.135   142   368 I ActivityManager: Process com.twitter.android (pid 10260) has died.
06-14 02:36:45.248   142   602 I ActivityManager: Start proc com.google.android.apps.maps:LocationFriendService for service com.google.android.apps.maps/com.google.googlenav.friend.reporting.LocationReceiverService: pid=10281 uid=10057 gids={3003, 1015}
06-14 02:36:45.373 10281 10284 D dalvikvm: GC_CONCURRENT freed 153K, 3% free 9383K/9607K, paused 1ms+2ms
06-14 02:36:45.572 10281 10284 D dalvikvm: GC_CONCURRENT freed 177K, 3% free 9729K/9991K, paused 3ms+3ms
06-14 02:36:45.779 10281 10284 D dalvikvm: GC_CONCURRENT freed 312K, 5% free 9928K/10375K, paused 4ms+3ms
06-14 02:36:50.260   959   959 D dalvikvm: GC_EXPLICIT freed 166K, 21% free 11688K/14663K, paused 22ms+3ms
06-14 02:36:55.252 27790 27790 D dalvikvm: GC_EXPLICIT freed 31K, 36% free 11631K/17991K, paused 30ms+3ms
06-14 02:37:04.959   142   159 I ActivityManager: Start proc com.facebook.orca for broadcast com.facebook.orca/.analytics.AnalyticsPeriodicReporter$ReporterBroadcastReceiver: pid=10304 uid=10061 gids={3003, 1015, 1006}
06-14 02:37:04.967 10304 10304 I dalvikvm: Turning on JNI app bug workarounds for target SDK version 10...
06-14 02:37:05.096 10304 10304 I ActivityThread: Pub com.facebook.orca.notify.MessengerLoggedInUserProvider: com.facebook.orca.notify.MessengerLoggedInUserProvider
06-14 02:37:05.100 10304 10304 I ActivityThread: Pub com.facebook.orca.notify.MessengerForegroundProvider: com.facebook.orca.notify.MessengerForegroundProvider
06-14 02:37:05.107 10304 10304 V orca:OrcaApplication: Forcing initialization of AsyncTask
06-14 02:37:05.236 10304 10307 D dalvikvm: GC_CONCURRENT freed 209K, 3% free 9326K/9607K, paused 5ms+2ms
06-14 02:37:05.236 10304 10304 I Finalizer: Couldn't access Thread.inheritableThreadLocals. Reference finalizer threads will inherit thread local values.
06-14 02:37:05.357   142   294 I ActivityManager: Process com.google.android.apps.maps:LocationFriendService (pid 10281) has died.
06-14 02:37:05.439 10304 10307 D dalvikvm: GC_CONCURRENT freed 382K, 5% free 9473K/9927K, paused 4ms+2ms
06-14 02:37:05.518 10304 10304 W OrcaGuiceModule: Sig: ijxLJi1yGs1JpL-X1SExmchvork
06-14 02:37:05.768 10304 10307 D dalvikvm: GC_CONCURRENT freed 293K, 4% free 9653K/10055K, paused 7ms+2ms
06-14 02:37:05.818 10304 10319 W Resources: Converting to string: TypedValue{t=0x10/d=0xffffffff a=-1}
06-14 02:37:05.990 10304 10307 D dalvikvm: GC_CONCURRENT freed 304K, 4% free 9870K/10247K, paused 2ms+3ms
06-14 02:37:06.049 10304 10304 D ACRA    : Retrieve application default SharedPreferences.
06-14 02:37:06.049 10304 10304 D ACRA    : Set OnSharedPreferenceChangeListener.
06-14 02:37:06.049 10304 10304 D ACRA    : ACRA is enabled for com.facebook.orca, intializing...
06-14 02:37:06.092 10304 10307 D dalvikvm: GC_CONCURRENT freed 303K, 4% free 10127K/10503K, paused 2ms+3ms
06-14 02:37:06.119 10304 10319 D dalvikvm: GC_FOR_ALLOC freed 275K, 6% free 10208K/10759K, paused 20ms
06-14 02:37:06.127 10304 10304 D ACRA    : Looking for error files in /data/data/com.facebook.orca/app_acra-reports
06-14 02:37:06.189 10304 10319 D dalvikvm: GC_FOR_ALLOC freed 217K, 5% free 10235K/10759K, paused 23ms
06-14 02:37:06.232 10304 10319 D dalvikvm: GC_FOR_ALLOC freed 89K, 5% free 10309K/10759K, paused 28ms
06-14 02:37:06.416 10304 10307 D dalvikvm: GC_CONCURRENT freed 358K, 4% free 10522K/10951K, paused 2ms+3ms
06-14 02:37:06.541   142   921 I ActivityManager: Process com.facebook.orca (pid 10304) has died.
06-14 02:37:13.092   142   158 D dalvikvm: GC_EXPLICIT freed 963K, 23% free 19042K/24647K, paused 34ms+9ms
06-14 02:37:18.018   213   213 D dalvikvm: GC_EXPLICIT freed 15K, 59% free 9685K/23239K, paused 28ms+3ms
06-14 02:37:22.682  9605  9618 I PhoneLab-: Service Running
06-14 02:37:22.795  9605  9618 I PhoneLab-LoggerService: app_38    27718 1     1112   664   c00f181c 400107b4 S logcat
06-14 02:37:22.795  9605  9618 I PhoneLab-LoggerService: Logcat pid from database 27718
06-14 02:37:22.795  9605  9618 I PhoneLab-LoggerService: Logcat process found 27718
06-14 02:37:22.795  9605  9618 I PhoneLab-LoggerService: Checking Threshold
06-14 02:37:22.795  9605  9618 I PhoneLab-LoggerService: Starting to rename files
06-14 02:37:22.795  9605  9618 I PhoneLab-LoggerService: Files found .. 2
06-14 02:37:23.014   342   342 D dalvikvm: GC_EXPLICIT freed 5K, 16% free 12074K/14343K, paused 28ms+3ms
06-14 02:37:28.018   428   428 D dalvikvm: GC_EXPLICIT freed <1K, 4% free 9037K/9347K, paused 22ms+2ms
06-14 02:37:33.057   324   324 D dalvikvm: GC_EXPLICIT freed <1K, 20% free 10618K/13191K, paused 26ms+3ms
06-14 02:37:36.080   142   197 D DhcpInfoInternal: makeLinkProperties with empty dns2!
06-14 02:37:36.092   142   197 D DhcpInfoInternal: makeLinkProperties with empty dns2!
06-14 02:37:40.264 16941 16941 E GeckoApp: low memory
06-14 02:37:40.303 16941 16941 D dalvikvm: GC_EXPLICIT freed 3K, 22% free 10500K/13319K, paused 2ms+4ms
06-14 02:37:45.330   142   921 I ActivityManager: Start proc com.google.android.apps.maps:LocationFriendService for service com.google.android.apps.maps/com.google.googlenav.friend.reporting.LocationReceiverService: pid=10346 uid=10057 gids={3003, 1015}
06-14 02:37:45.424  8585  8587 D dalvikvm: GC_CONCURRENT freed 460K, 6% free 10257K/10887K, paused 2ms+2ms
06-14 02:37:45.455 10346 10349 D dalvikvm: GC_CONCURRENT freed 158K, 3% free 9378K/9607K, paused 2ms+2ms
06-14 02:37:45.607   142   370 D dalvikvm: GC_EXPLICIT freed 104K, 23% free 19010K/24647K, paused 3ms+7ms
06-14 02:37:45.729 10346 10349 D dalvikvm: GC_CONCURRENT freed 193K, 3% free 9713K/9991K, paused 2ms+3ms
06-14 02:37:45.912 10346 10349 D dalvikvm: GC_CONCURRENT freed 278K, 4% free 9929K/10311K, paused 2ms+2ms
06-14 02:37:50.311  8585  8585 D dalvikvm: GC_EXPLICIT freed 8K, 6% free 10248K/10887K, paused 31ms+2ms
06-14 02:37:55.330  8688  8688 D dalvikvm: GC_EXPLICIT freed <1K, 4% free 9055K/9347K, paused 22ms+2ms
06-14 02:38:05.107  9605  9605 D dalvikvm: GC_EXPLICIT freed 52K, 5% free 9130K/9607K, paused 2ms+4ms
06-14 02:38:10.170 10002 10002 D dalvikvm: GC_EXPLICIT freed 5K, 6% free 9848K/10439K, paused 9ms+2ms
06-14 02:38:15.166 10047 10047 D dalvikvm: GC_EXPLICIT freed <1K, 6% free 9716K/10247K, paused 36ms+2ms
06-14 02:38:20.174 30026 30026 D dalvikvm: GC_EXPLICIT freed 30K, 7% free 10020K/10695K, paused 34ms+3ms
06-14 02:38:45.393 10346 10353 I dalvikvm: Total arena pages for JIT: 11
06-14 02:38:45.393 10346 10353 I dalvikvm: Total arena pages for JIT: 12
06-14 02:38:45.393 10346 10353 I dalvikvm: Total arena pages for JIT: 13
06-14 02:38:45.393 10346 10353 I dalvikvm: Total arena pages for JIT: 14
06-14 02:38:45.393 10346 10353 I dalvikvm: Total arena pages for JIT: 15
06-14 02:38:45.393 10346 10353 I dalvikvm: Total arena pages for JIT: 16
06-14 02:38:45.393 10346 10353 I dalvikvm: Total arena pages for JIT: 17
06-14 02:38:45.771 10346 10349 D dalvikvm: GC_CONCURRENT freed 435K, 5% free 9990K/10503K, paused 8ms+2ms
06-14 02:38:45.971 10346 10349 D dalvikvm: GC_CONCURRENT freed 231K, 4% free 10205K/10567K, paused 1ms+4ms
06-14 02:38:48.045 10346 10349 D dalvikvm: GC_CONCURRENT freed 322K, 5% free 10311K/10759K, paused 2ms+2ms
06-14 02:38:50.123 16941 16941 W GeckoBatteryManager: When charging, level should increase!
06-14 02:39:06.131   142   159 I ActivityManager: Start proc com.facebook.orca for broadcast com.facebook.orca/.analytics.AnalyticsPeriodicReporter$ReporterBroadcastReceiver: pid=10376 uid=10061 gids={3003, 1015, 1006}
06-14 02:39:06.135 10376 10376 I dalvikvm: Turning on JNI app bug workarounds for target SDK version 10...
06-14 02:39:06.186   142   153 I ActivityManager: Process com.google.android.apps.maps:LocationFriendService (pid 10346) has died.
06-14 02:39:06.256 10376 10376 I ActivityThread: Pub com.facebook.orca.notify.MessengerLoggedInUserProvider: com.facebook.orca.notify.MessengerLoggedInUserProvider
06-14 02:39:06.256 10376 10376 I ActivityThread: Pub com.facebook.orca.notify.MessengerForegroundProvider: com.facebook.orca.notify.MessengerForegroundProvider
06-14 02:39:06.260 10376 10376 V orca:OrcaApplication: Forcing initialization of AsyncTask
06-14 02:39:06.330 10376 10377 D dalvikvm: GC_CONCURRENT freed 209K, 3% free 9327K/9607K, paused 2ms+2ms
06-14 02:39:06.330 10376 10376 I Finalizer: Couldn't access Thread.inheritableThreadLocals. Reference finalizer threads will inherit thread local values.
06-14 02:39:06.455 10376 10377 D dalvikvm: GC_CONCURRENT freed 368K, 5% free 9432K/9927K, paused 2ms+2ms
06-14 02:39:06.525 10376 10376 W OrcaGuiceModule: Sig: ijxLJi1yGs1JpL-X1SExmchvork
06-14 02:39:06.604 10376 10377 D dalvikvm: GC_CONCURRENT freed 271K, 4% free 9623K/9991K, paused 2ms+5ms
06-14 02:39:06.744 10376 10391 W Resources: Converting to string: TypedValue{t=0x10/d=0xffffffff a=-1}
06-14 02:39:06.857 10376 10377 D dalvikvm: GC_CONCURRENT freed 323K, 4% free 9852K/10247K, paused 1ms+3ms
06-14 02:39:06.943 10376 10376 D ACRA    : Retrieve application default SharedPreferences.
06-14 02:39:06.943 10376 10376 D ACRA    : Set OnSharedPreferenceChangeListener.
06-14 02:39:06.943 10376 10376 D ACRA    : ACRA is enabled for com.facebook.orca, intializing...
06-14 02:39:07.014 10376 10377 D dalvikvm: GC_CONCURRENT freed 290K, 4% free 10072K/10439K, paused 2ms+3ms
06-14 02:39:07.018 10376 10376 D ACRA    : Looking for error files in /data/data/com.facebook.orca/app_acra-reports
06-14 02:39:07.061 10376 10391 D dalvikvm: GC_FOR_ALLOC freed 248K, 6% free 10120K/10695K, paused 20ms
06-14 02:39:07.111 10376 10391 D dalvikvm: GC_FOR_ALLOC freed 133K, 5% free 10227K/10695K, paused 22ms
06-14 02:39:07.150 10376 10391 D dalvikvm: GC_FOR_ALLOC freed 202K, 6% free 10251K/10823K, paused 17ms
06-14 02:39:07.283 10376 10377 D dalvikvm: GC_CONCURRENT freed 372K, 5% free 10444K/10887K, paused 2ms+3ms
06-14 02:39:07.455 10376 10377 D dalvikvm: GC_CONCURRENT freed 208K, 3% free 10800K/11079K, paused 2ms+3ms
06-14 02:39:07.604 10376 10377 D dalvikvm: GC_CONCURRENT freed 376K, 4% free 11016K/11463K, paused 2ms+4ms
06-14 02:39:07.779 10376 10377 D dalvikvm: GC_CONCURRENT freed 423K, 5% free 11288K/11783K, paused 2ms+6ms
06-14 02:39:09.568 10376 10377 D dalvikvm: GC_CONCURRENT freed 622K, 7% free 11410K/12167K, paused 6ms+5ms
06-14 02:39:11.990   357   357 D dalvikvm: GC_EXPLICIT freed <1K, 6% free 9100K/9607K, paused 27ms+4ms
06-14 02:39:17.033   959   959 D dalvikvm: GC_EXPLICIT freed 240K, 21% free 11700K/14663K, paused 16ms+3ms
06-14 02:39:21.982 27790 27790 D dalvikvm: GC_EXPLICIT freed 41K, 36% free 11631K/17991K, paused 4ms+3ms
06-14 02:39:22.682  9605  9618 I PhoneLab-: Service Running
06-14 02:39:22.791  9605  9618 I PhoneLab-LoggerService: app_38    27718 1     1112   664   c00f181c 400107b4 S logcat
06-14 02:39:22.791  9605  9618 I PhoneLab-LoggerService: Logcat pid from database 27718
06-14 02:39:22.791  9605  9618 I PhoneLab-LoggerService: Logcat process found 27718
06-14 02:39:22.791  9605  9618 I PhoneLab-LoggerService: Checking Threshold
06-14 02:39:22.791  9605  9618 I PhoneLab-LoggerService: Starting to rename files
06-14 02:39:22.791  9605  9618 I PhoneLab-LoggerService: Files found .. 2
06-14 02:39:27.080   142   158 D dalvikvm: GC_EXPLICIT freed 430K, 23% free 19032K/24647K, paused 18ms+7ms
06-14 02:39:32.006   213   213 D dalvikvm: GC_EXPLICIT freed 15K, 59% free 9685K/23239K, paused 28ms+3ms
06-14 02:39:37.021   342   342 D dalvikvm: GC_EXPLICIT freed 5K, 16% free 12074K/14343K, paused 26ms+4ms
06-14 02:39:42.018   428   428 D dalvikvm: GC_EXPLICIT freed <1K, 4% free 9037K/9347K, paused 26ms+1ms
06-14 02:39:45.459   142   370 I ActivityManager: Start proc com.google.android.apps.maps:LocationFriendService for service com.google.android.apps.maps/com.google.googlenav.friend.reporting.LocationReceiverService: pid=10401 uid=10057 gids={3003, 1015}
06-14 02:39:45.600  8585  8587 D dalvikvm: GC_CONCURRENT freed 469K, 6% free 10258K/10887K, paused 2ms+2ms
06-14 02:39:45.600 10401 10403 D dalvikvm: GC_CONCURRENT freed 163K, 3% free 9373K/9607K, paused 1ms+2ms
06-14 02:39:45.686   142   918 I ActivityManager: Process com.whatsapp (pid 10002) has died.
06-14 02:39:45.689   142   918 W ActivityManager: Scheduling restart of crashed service com.whatsapp/.messaging.MessageService in 5000ms
06-14 02:39:45.791 10401 10403 D dalvikvm: GC_CONCURRENT freed 156K, 3% free 9686K/9927K, paused 6ms+2ms
06-14 02:39:46.041 10401 10403 D dalvikvm: GC_CONCURRENT freed 322K, 4% free 9919K/10311K, paused 1ms+3ms
06-14 02:39:50.760   142   159 I ActivityManager: Start proc com.whatsapp for service com.whatsapp/.messaging.MessageService: pid=10424 uid=10070 gids={1015, 3003}
06-14 02:39:50.779 10424 10424 I dalvikvm: Turning on JNI app bug workarounds for target SDK version 7...
06-14 02:39:50.822   324   324 D dalvikvm: GC_EXPLICIT freed <1K, 20% free 10618K/13191K, paused 2ms+4ms
06-14 02:39:51.033 10424 10426 D dalvikvm: GC_CONCURRENT freed 172K, 3% free 9358K/9607K, paused 2ms+2ms
06-14 02:39:51.307   142   917 I ActivityManager: Process com.google.android.apps.maps:LocationFriendService (pid 10401) has died.
06-14 02:39:51.596 10424 10426 D dalvikvm: GC_CONCURRENT freed 290K, 4% free 9615K/9991K, paused 3ms+5ms
06-14 02:39:51.725 10424 10424 I SqliteDatabaseCpp: sqlite returned: error code = 1, msg = duplicate column name: photo_ts, db=/data/data/com.whatsapp/databases/msgstore.db
06-14 02:39:51.725 10424 10424 I SqliteDatabaseCpp: sqlite returned: error code = 1, msg = duplicate column name: thumb_ts, db=/data/data/com.whatsapp/databases/msgstore.db
06-14 02:39:51.725 10424 10424 I SqliteDatabaseCpp: sqlite returned: error code = 1, msg = duplicate column name: photo_id_timestamp, db=/data/data/com.whatsapp/databases/msgstore.db
06-14 02:39:51.775   142   370 I ActivityManager: Start proc android.process.acore for content provider com.android.providers.contacts/.ContactsProvider2: pid=10444 uid=10000 gids={3003, 1015}
06-14 02:39:51.861 10444 10444 I ActivityThread: Pub call_log: com.android.providers.contacts.CallLogProvider
06-14 02:39:51.865 10424 10424 I dalvikvm: Could not find method android.media.MediaMetadataRetriever.captureFrame, referenced from method com.whatsapp.d3.a
06-14 02:39:51.865 10424 10424 W dalvikvm: VFY: unable to resolve virtual method 496: Landroid/media/MediaMetadataRetriever;.captureFrame ()Landroid/graphics/Bitmap;
06-14 02:39:51.865 10424 10424 D dalvikvm: VFY: replacing opcode 0x6e at 0x0134
06-14 02:39:51.936 10444 10444 I ActivityThread: Pub com.android.voicemail: com.android.providers.contacts.VoicemailContentProvider
06-14 02:39:51.943 10444 10444 I ActivityThread: Pub user_dictionary: com.android.providers.userdictionary.UserDictionaryProvider
06-14 02:39:51.975 10444 10444 I ActivityThread: Pub com.android.social: com.android.providers.contacts.SocialProvider
06-14 02:39:51.979 10444 10444 I ActivityThread: Pub applications: com.android.providers.applications.ApplicationsProvider
06-14 02:39:52.096 10424 10426 D dalvikvm: GC_CONCURRENT freed 434K, 5% free 9739K/10247K, paused 2ms+6ms
06-14 02:39:52.139 10444 10444 I ActivityThread: Pub contacts;com.android.contacts: com.android.providers.contacts.ContactsProvider2
06-14 02:39:52.166 10444 10447 D dalvikvm: GC_CONCURRENT freed 349K, 5% free 9186K/9607K, paused 2ms+2ms
06-14 02:39:52.420 10424 10426 D dalvikvm: GC_CONCURRENT freed 215K, 4% free 9977K/10311K, paused 8ms+9ms
06-14 02:39:53.498 10444 10447 D dalvikvm: GC_CONCURRENT freed 200K, 4% free 9414K/9735K, paused 2ms+10ms
06-14 02:39:54.104   142   294 I ActivityManager: Process android.process.acore (pid 10444) has died.
06-14 02:39:59.146 16941 16941 E GeckoApp: low memory
06-14 02:39:59.221 16941 16941 D dalvikvm: GC_EXPLICIT freed 5K, 22% free 10500K/13319K, paused 29ms+4ms
06-14 02:40:00.947   142   197 D DhcpInfoInternal: makeLinkProperties with empty dns2!
06-14 02:40:00.947   142   197 D DhcpInfoInternal: makeLinkProperties with empty dns2!
06-14 02:40:05.100  8585  8585 D dalvikvm: GC_EXPLICIT freed 8K, 6% free 10249K/10887K, paused 1ms+2ms
06-14 02:40:10.139  8688  8688 D dalvikvm: GC_EXPLICIT freed <1K, 4% free 9055K/9347K, paused 18ms+2ms
06-14 02:40:15.178  9605  9605 D dalvikvm: GC_EXPLICIT freed 52K, 5% free 9130K/9607K, paused 29ms+2ms
06-14 02:40:22.018 10047 10047 D dalvikvm: GC_EXPLICIT freed <1K, 6% free 9716K/10247K, paused 1ms+2ms
06-14 02:40:27.096 30026 30026 D dalvikvm: GC_EXPLICIT freed 37K, 7% free 10024K/10695K, paused 42ms+5ms
06-14 02:40:31.545  9605  9605 I PhoneLab-Locks: wake lock acquired
06-14 02:40:31.592  9605  9605 I PhoneLab-StatusMonitor: Status Monitoring is started
06-14 02:40:31.729  9605  9607 D dalvikvm: GC_CONCURRENT freed 335K, 5% free 9203K/9671K, paused 6ms+3ms
06-14 02:40:31.760  9605  9605 I PhoneLab-StatusMonitor: Value: 10 - unit: min
06-14 02:40:31.760  9605  9605 I PhoneLab-StatusMonitor: Running interval: 600000
06-14 02:40:31.768  9605  9605 I PhoneLab-StatusMonitor: Rescheduling status monitoring...
06-14 02:40:31.768  9605  9605 I PhoneLab-Locks: wake lock released
06-14 02:40:31.775  9605  9605 I PhoneLab-StatusMonitorLocation: Learning Location
06-14 02:40:31.775  9605  9605 I PhoneLab-Locks: wake lock acquired
06-14 02:40:31.795  9605  9605 I PhoneLab-Locks: wake lock acquired
06-14 02:40:31.799  9605  9605 I PhoneLab-StatusMonitorLocation: Learning Signal Strgth
06-14 02:40:31.799  9605  9605 I PhoneLab-Locks: wake lock acquired
06-14 02:40:31.803 30026 30098 D androidNetworkLocationListeners: Still have listener com.google.android.location.internal.client.NetworkLocationClient$1@413a94e8
06-14 02:40:31.811  9605  9605 I PhoneLab-StatusMonitorBattery: Battery_level: 95
06-14 02:40:31.811  9605  9605 I PhoneLab-Locks: wake lock released
06-14 02:40:31.814  9605  9605 I PhoneLab-StatusMonitorSignal: Signal_Strength: -86 asu: 14
06-14 02:40:31.814  9605  9605 I PhoneLab-Locks: wake lock released
06-14 02:40:31.826 30026 30098 D androidNetworkLocationListeners: Still have listener com.google.android.location.internal.client.NetworkLocationClient$1@413a94e8
06-14 02:40:33.084  9605  9605 I PhoneLab-StatusMonitorLocation: Location_Latitude: 42.9620802 Longitude: -78.8170513 Accuracy: 36.0
06-14 02:40:33.084  9605  9605 I PhoneLab-Locks: wake lock released
06-14 02:40:33.092 30026 30098 D androidNetworkLocationListeners: Still have listener com.google.android.location.internal.client.NetworkLocationClient$1@413a94e8
06-14 02:40:33.131   142   330 I ActivityManager: Start proc com.google.android.apps.maps:LocationFriendService for service com.google.android.apps.maps/com.google.googlenav.friend.reporting.LocationReceiverService: pid=10489 uid=10057 gids={3003, 1015}
06-14 02:40:33.291 10489 10493 D dalvikvm: GC_CONCURRENT freed 171K, 3% free 9365K/9607K, paused 5ms+2ms
06-14 02:40:33.650   142   368 I ActivityManager: Process com.facebook.orca (pid 10376) has died.
06-14 02:40:33.650   142   368 W ActivityManager: Scheduling restart of crashed service com.facebook.orca/.push.mqtt.MqttPushService in 5000ms
06-14 02:40:34.029 10489 10493 D dalvikvm: GC_CONCURRENT freed 179K, 4% free 9617K/9927K, paused 2ms+1ms
06-14 02:40:35.924 30026 30029 D dalvikvm: GC_CONCURRENT freed 479K, 7% free 10003K/10695K, paused 1ms+3ms
06-14 02:40:36.990   142 10504 I ActivityManager: Applications Memory Usage (kB):
06-14 02:40:36.990   142 10504 I ActivityManager: Uptime: 166402269 Realtime: 293298663
06-14 02:40:36.990   142 10504 I ActivityManager: Total PSS by OOM adjustment:
06-14 02:40:36.990   142 10504 I ActivityManager:     35031 kB: System
06-14 02:40:36.990   142 10504 I ActivityManager:                35031 kB: system (pid 142)
06-14 02:40:36.990   142 10504 I ActivityManager:     28885 kB: Persistent
06-14 02:40:36.990   142 10504 I ActivityManager:                12783 kB: com.android.systemui (pid 213)
06-14 02:40:36.990   142 10504 I ActivityManager:                11901 kB: com.android.phone (pid 342)
06-14 02:40:36.990   142 10504 I ActivityManager:                 4201 kB: com.android.nfc (pid 357)
06-14 02:40:36.990   142 10504 I ActivityManager:     31301 kB: Foreground
06-14 02:40:36.990   142 10504 I ActivityManager:                31301 kB: com.android.launcher (pid 27790)
06-14 02:40:36.990   142 10504 I ActivityManager:      2964 kB: Visible
06-14 02:40:36.990   142 10504 I ActivityManager:                 2964 kB: com.android.smspush (pid 428)
06-14 02:40:36.990   142 10504 I ActivityManager:     29944 kB: Perceptible
06-14 02:40:36.990   142 10504 I ActivityManager:                19666 kB: hr.podlanica (pid 959)
06-14 02:40:36.990   142 10504 I ActivityManager:                10278 kB: com.android.inputmethod.latin (pid 324)
06-14 02:40:36.990   142 10504 I ActivityManager:     21012 kB: A Services
06-14 02:40:36.990   142 10504 I ActivityManager:                10141 kB: com.google.process.gapps (pid 30026)
06-14 02:40:36.990   142 10504 I ActivityManager:                 6407 kB: com.google.android.apps.maps:NetworkLocationService (pid 8585)
06-14 02:40:36.990   142 10504 I ActivityManager:                 4464 kB: edu.buffalo.cse.phonelab.phonelabservices (pid 9605)
06-14 02:40:36.990   142 10504 I ActivityManager:     67334 kB: Previous
06-14 02:40:36.990   142 10504 I ActivityManager:                67334 kB: org.mozilla.firefox_beta (pid 16941)
06-14 02:40:36.990   142 10504 I ActivityManager:     17533 kB: B Services
06-14 02:40:36.990   142 10504 I ActivityManager:                 8721 kB: com.whatsapp (pid 10424)
06-14 02:40:36.990   142 10504 I ActivityManager:                 5972 kB: com.google.android.apps.googlevoice (pid 10047)
06-14 02:40:36.990   142 10504 I ActivityManager:                 2840 kB: com.android.sprintmenu (pid 8688)
06-14 02:40:36.990   142 10504 I ActivityManager:      5873 kB: Background
06-14 02:40:36.990   142 10504 I ActivityManager:                 5873 kB: com.google.android.apps.maps:LocationFriendService (pid 10489)
06-14 02:40:36.990   142 10504 I ActivityManager: 
06-14 02:40:36.990   142 10504 I ActivityManager: Total PSS: 239877 kB
06-14 02:40:36.990   142 10504 I ActivityManager:   PID      Vss      Rss      Pss      Uss  cmdline
06-14 02:40:36.990   142 10504 I ActivityManager: 16941   84200K   84112K   67436K   66204K  org.mozilla.firefox_beta
06-14 02:40:36.990   142 10504 I ActivityManager:   142   53276K   53212K   35078K   31280K  system_server
06-14 02:40:36.990   142 10504 I ActivityManager: 27790   49948K   49844K   31405K   28616K  com.android.launcher
06-14 02:40:36.990   142 10504 I ActivityManager:   959   33896K   33816K   19709K   18780K  hr.podlanica
06-14 02:40:36.990   142 10504 I ActivityManager:    79   24324K   21324K   13868K    7208K  /system/bin/surfaceflinger
06-14 02:40:36.990   142 10504 I ActivityManager:   213   32132K   32032K   12828K    8404K  com.android.systemui
06-14 02:40:36.990   142 10504 I ActivityManager:   342   26956K   26872K   11945K   10976K  com.android.phone
06-14 02:40:36.990   142 10504 I ActivityManager:   324   25180K   25092K   10325K    9380K  com.android.inputmethod.latin
06-14 02:40:36.990   142 10504 I ActivityManager: 30026   27100K   27048K   10224K    8940K  com.google.process.gapps
06-14 02:40:36.990   142 10504 I ActivityManager: 10424   28780K   28712K    8765K    6172K  com.whatsapp
06-14 02:40:36.990   142 10504 I ActivityManager:  8585   24392K   24296K    6457K    4992K  com.google.android.apps.maps:NetworkLocationService
06-14 02:40:36.990   142 10504 I ActivityManager: 10047   25484K   25384K    6018K    3976K  com.google.android.apps.googlevoice
06-14 02:40:36.990   142 10504 I ActivityManager: 10489   25340K   25264K    5924K    3652K  com.google.android.apps.maps:LocationFriendService
06-14 02:40:36.990   142 10504 I ActivityManager:  9605   22516K   22452K    4513K    3072K  edu.buffalo.cse.phonelab.phonelabservices
06-14 02:40:36.990   142 10504 I ActivityManager:   357   19356K   19260K    4245K    3280K  com.android.nfc
06-14 02:40:36.990   142 10504 I ActivityManager: 18802   18056K   17952K    3504K    2544K  com.spotify.mobile.android.ui
06-14 02:40:36.990   142 10504 I ActivityManager:   428   18512K   18400K    3009K    1928K  com.android.smspush
06-14 02:40:36.990   142 10504 I ActivityManager:  8688   20656K   20552K    2885K    1524K  com.android.sprintmenu
06-14 02:40:36.990   142 10504 I ActivityManager:    80   18668K   18540K    2275K    1020K  zygote
06-14 02:40:36.990   142 10504 I ActivityManager:    82    2204K    2204K    1923K    1900K  /system/bin/mediaserver
06-14 02:40:36.990   142 10504 I ActivityManager:    81    1088K    1088K     884K     876K  /system/bin/drmserver
06-14 02:40:36.990   142 10504 I ActivityManager:    78     964K     964K     684K     664K  /system/bin/rild
06-14 02:40:36.990   142 10504 I ActivityManager: 27718     668K     664K     525K     520K  logcat
06-14 02:40:36.990   142 10504 I ActivityManager: 10506     648K     640K     516K     512K  procrank
06-14 02:40:36.990   142 10504 I ActivityManager:  8348     588K     584K     424K     412K  /system/bin/wpa_supplicant
06-14 02:40:36.990   142 10504 I ActivityManager:    88     424K     424K     408K     408K  /sbin/adbd
06-14 02:40:36.990   142 10504 I ActivityManager: 28302     576K     572K     385K     372K  /system/bin/netd
06-14 02:40:36.990   142 10504 I ActivityManager:   298     388K     388K     302K     300K  /system/bin/bluetoothd
06-14 02:40:36.990   142 10504 I ActivityManager:    73     432K     428K     292K     284K  /system/bin/vold
06-14 02:40:36.990   142 10504 I ActivityManager:    86     460K     456K     283K     276K  /system/vendor/bin/gpsd
06-14 02:40:36.990   142 10504 I ActivityManager:    85     404K     368K     249K     244K  /system/bin/keystore
06-14 02:40:36.990   142 10504 I ActivityManager:  7013     356K     352K     198K     192K  /system/bin/dhcpcd
06-14 02:40:36.990   142 10504 I ActivityManager:    83     276K     268K     186K     184K  /system/bin/dbus-daemon
06-14 02:40:36.990   142 10504 I ActivityManager:     1     204K     204K     138K     100K  /init
06-14 02:40:36.990   142 10504 I ActivityManager:   200     204K     196K     133K     132K  /system/bin/brcm_patchram_plus
06-14 02:40:36.990   142 10504 I ActivityManager:    84     248K     240K     123K     120K  /system/bin/installd
06-14 02:40:36.990   142 10504 I ActivityManager:    61     160K     160K     122K      84K  /sbin/ueventd
06-14 02:40:36.990   142 10504 I ActivityManager:    87     172K     168K     105K     104K  /system/bin/sh
06-14 02:40:36.990   142 10504 I ActivityManager:    72     180K     172K      94K      92K  /system/bin/servicemanager
06-14 02:40:36.990   142 10504 I ActivityManager: 26775     188K     180K      75K      72K  /system/bin/debuggerd
06-14 02:40:36.990   142 10504 I ActivityManager:                           ------   ------  ------
06-14 02:40:36.990   142 10504 I ActivityManager:                          2684
06-14 02:40:38.678   142   159 I ActivityManager: Start proc com.facebook.orca for service com.facebook.orca/.push.mqtt.MqttPushService: pid=10507 uid=10061 gids={3003, 1015, 1006}
06-14 02:40:38.709 10507 10507 I dalvikvm: Turning on JNI app bug workarounds for target SDK version 10...
06-14 02:40:38.842 10507 10507 I ActivityThread: Pub com.facebook.orca.notify.MessengerLoggedInUserProvider: com.facebook.orca.notify.MessengerLoggedInUserProvider
06-14 02:40:38.857 10507 10507 I ActivityThread: Pub com.facebook.orca.notify.MessengerForegroundProvider: com.facebook.orca.notify.MessengerForegroundProvider
06-14 02:40:38.877 10507 10507 V orca:OrcaApplication: Forcing initialization of AsyncTask
06-14 02:40:38.975 10507 10509 D dalvikvm: GC_CONCURRENT freed 229K, 4% free 9307K/9607K, paused 2ms+3ms
06-14 02:40:38.990 10507 10507 I Finalizer: Couldn't access Thread.inheritableThreadLocals. Reference finalizer threads will inherit thread local values.
06-14 02:40:39.162 10507 10509 D dalvikvm: GC_CONCURRENT freed 367K, 6% free 9429K/9927K, paused 2ms+3ms
06-14 02:40:39.240 10507 10507 W OrcaGuiceModule: Sig: ijxLJi1yGs1JpL-X1SExmchvork
06-14 02:40:39.303 10507 10509 D dalvikvm: GC_CONCURRENT freed 298K, 5% free 9590K/9991K, paused 2ms+3ms
06-14 02:40:39.475   142   370 I ActivityManager: Process com.google.android.apps.maps:LocationFriendService (pid 10489) has died.
06-14 02:40:39.506 10507 10522 W Resources: Converting to string: TypedValue{t=0x10/d=0xffffffff a=-1}
06-14 02:40:39.721 10507 10509 D dalvikvm: GC_CONCURRENT freed 283K, 4% free 9828K/10183K, paused 5ms+7ms
06-14 02:40:39.807   142   145 D dalvikvm: GC_CONCURRENT freed 1971K, 23% free 19060K/24647K, paused 3ms+8ms
06-14 02:40:39.861 10507 10507 D ACRA    : Retrieve application default SharedPreferences.
06-14 02:40:39.861 10507 10507 D ACRA    : Set OnSharedPreferenceChangeListener.
06-14 02:40:39.861 10507 10507 D ACRA    : ACRA is enabled for com.facebook.orca, intializing...
06-14 02:40:39.936 10507 10509 D dalvikvm: GC_CONCURRENT freed 301K, 4% free 10063K/10439K, paused 10ms+3ms
06-14 02:40:39.975 10507 10522 D dalvikvm: GC_FOR_ALLOC freed 236K, 6% free 10112K/10695K, paused 19ms
06-14 02:40:39.986 10507 10507 D ACRA    : Looking for error files in /data/data/com.facebook.orca/app_acra-reports
06-14 02:40:40.053 10507 10522 D dalvikvm: GC_FOR_ALLOC freed 120K, 5% free 10215K/10695K, paused 21ms
06-14 02:40:40.104 10507 10522 D dalvikvm: GC_FOR_ALLOC freed 211K, 6% free 10243K/10823K, paused 23ms
06-14 02:40:40.291 10507 10509 D dalvikvm: GC_CONCURRENT freed 366K, 5% free 10449K/10887K, paused 2ms+3ms
06-14 02:40:40.463 10507 10509 D dalvikvm: GC_CONCURRENT freed 141K, 2% free 10867K/11079K, paused 2ms+7ms
06-14 02:40:40.666 10507 10509 D dalvikvm: GC_CONCURRENT freed 521K, 6% free 10999K/11591K, paused 2ms+5ms
06-14 02:40:40.826 10507 10509 D dalvikvm: GC_CONCURRENT freed 351K, 4% free 11361K/11783K, paused 2ms+3ms
06-14 02:40:42.307 10507 10509 D dalvikvm: GC_CONCURRENT freed 686K, 7% free 11371K/12167K, paused 2ms+3ms
06-14 02:40:44.217   142   921 I ActivityManager: Start proc com.google.android.apps.maps:LocationFriendService for service com.google.android.apps.maps/com.google.googlenav.friend.reporting.LocationReceiverService: pid=10531 uid=10057 gids={3003, 1015}
06-14 02:40:44.369 10531 10533 D dalvikvm: GC_CONCURRENT freed 175K, 3% free 9360K/9607K, paused 2ms+2ms
06-14 02:40:44.514   142   421 I ActivityManager: Process com.whatsapp (pid 10424) has died.
06-14 02:40:44.514   142   421 W ActivityManager: Scheduling restart of crashed service com.whatsapp/.messaging.MessageService in 5000ms
06-14 02:40:44.619 10531 10533 D dalvikvm: GC_CONCURRENT freed 164K, 3% free 9677K/9927K, paused 3ms+2ms
06-14 02:40:44.705 30026 30037 D dalvikvm: GC_EXPLICIT freed 13K, 7% free 10000K/10695K, paused 3ms+6ms
06-14 02:40:45.014 10531 10538 I dalvikvm: Total arena pages for JIT: 11
06-14 02:40:45.014 10531 10538 I dalvikvm: Total arena pages for JIT: 12
06-14 02:40:45.014 10531 10538 I dalvikvm: Total arena pages for JIT: 13
06-14 02:40:45.014 10531 10538 I dalvikvm: Total arena pages for JIT: 14
06-14 02:40:45.014 10531 10538 I dalvikvm: Total arena pages for JIT: 15
06-14 02:40:45.014 10531 10538 I dalvikvm: Total arena pages for JIT: 16
06-14 02:40:45.014 10531 10538 I dalvikvm: Total arena pages for JIT: 17
06-14 02:40:45.018 10531 10533 D dalvikvm: GC_CONCURRENT freed 317K, 4% free 9921K/10311K, paused 2ms+3ms
06-14 02:40:49.541   142   159 I ActivityManager: Start proc com.whatsapp for service com.whatsapp/.messaging.MessageService: pid=10554 uid=10070 gids={1015, 3003}
06-14 02:40:49.600 10554 10554 I dalvikvm: Turning on JNI app bug workarounds for target SDK version 7...
06-14 02:40:49.615    80    80 D dalvikvm: GC_EXPLICIT freed 38K, 4% free 9031K/9347K, paused 2ms+22ms
06-14 02:40:49.643   357   357 D dalvikvm: GC_EXPLICIT freed <1K, 6% free 9100K/9607K, paused 2ms+9ms
06-14 02:40:49.682    80    80 D dalvikvm: GC_EXPLICIT freed <1K, 4% free 9031K/9347K, paused 1ms+1ms
06-14 02:40:49.752    80    80 D dalvikvm: GC_EXPLICIT freed <1K, 4% free 9031K/9347K, paused 1ms+2ms
06-14 02:40:49.775   142   918 I ActivityManager: Process com.google.android.apps.maps:LocationFriendService (pid 10531) has died.
06-14 02:40:49.861 10554 10558 D dalvikvm: GC_CONCURRENT freed 185K, 3% free 9351K/9607K, paused 1ms+3ms
06-14 02:40:50.240 10554 10558 D dalvikvm: GC_CONCURRENT freed 295K, 4% free 9598K/9991K, paused 4ms+8ms
06-14 02:40:50.369 10554 10554 I SqliteDatabaseCpp: sqlite returned: error code = 1, msg = duplicate column name: photo_ts, db=/data/data/com.whatsapp/databases/msgstore.db
06-14 02:40:50.369 10554 10554 I SqliteDatabaseCpp: sqlite returned: error code = 1, msg = duplicate column name: thumb_ts, db=/data/data/com.whatsapp/databases/msgstore.db
06-14 02:40:50.369 10554 10554 I SqliteDatabaseCpp: sqlite returned: error code = 1, msg = duplicate column name: photo_id_timestamp, db=/data/data/com.whatsapp/databases/msgstore.db
06-14 02:40:50.436   142   368 I ActivityManager: Start proc android.process.acore for content provider com.android.providers.contacts/.ContactsProvider2: pid=10574 uid=10000 gids={3003, 1015}
06-14 02:40:50.584   142   294 D dalvikvm: GC_EXPLICIT freed 397K, 23% free 19030K/24647K, paused 3ms+8ms
06-14 02:40:50.623 10574 10574 I ActivityThread: Pub call_log: com.android.providers.contacts.CallLogProvider
06-14 02:40:50.674 10574 10574 I ActivityThread: Pub com.android.voicemail: com.android.providers.contacts.VoicemailContentProvider
06-14 02:40:50.682 10574 10574 I ActivityThread: Pub user_dictionary: com.android.providers.userdictionary.UserDictionaryProvider
06-14 02:40:50.713 10574 10574 I ActivityThread: Pub com.android.social: com.android.providers.contacts.SocialProvider
06-14 02:40:50.717 10574 10574 I ActivityThread: Pub applications: com.android.providers.applications.ApplicationsProvider
06-14 02:40:50.826 10554 10554 I dalvikvm: Could not find method android.media.MediaMetadataRetriever.captureFrame, referenced from method com.whatsapp.d3.a
06-14 02:40:50.826 10554 10554 W dalvikvm: VFY: unable to resolve virtual method 496: Landroid/media/MediaMetadataRetriever;.captureFrame ()Landroid/graphics/Bitmap;
06-14 02:40:50.826 10554 10554 D dalvikvm: VFY: replacing opcode 0x6e at 0x0134
06-14 02:40:50.865 10574 10574 I ActivityThread: Pub contacts;com.android.contacts: com.android.providers.contacts.ContactsProvider2
06-14 02:40:50.943 10574 10576 D dalvikvm: GC_CONCURRENT freed 347K, 5% free 9188K/9607K, paused 2ms+2ms
06-14 02:40:51.021 10554 10558 D dalvikvm: GC_CONCURRENT freed 301K, 4% free 9807K/10183K, paused 2ms+4ms
06-14 02:40:51.248   142   421 I ActivityManager: Process com.google.android.apps.googlevoice (pid 10047) has died.
06-14 02:40:51.248   142   421 W ActivityManager: Scheduling restart of crashed service com.google.android.apps.googlevoice/.UpdateService in 5000ms
06-14 02:40:51.248   142   421 W ActivityManager: Scheduling restart of crashed service com.google.android.apps.googlevoice/.CallLogService in 15000ms
06-14 02:40:51.287 10554 10558 D dalvikvm: GC_CONCURRENT freed 305K, 4% free 9976K/10375K, paused 2ms+11ms
06-14 02:40:53.182 10574 10576 D dalvikvm: GC_CONCURRENT freed 181K, 3% free 9475K/9735K, paused 2ms+2ms
06-14 02:40:54.385 10554 10558 D dalvikvm: GC_CONCURRENT freed 509K, 7% free 9869K/10503K, paused 3ms+11ms
06-14 02:40:56.342   142   159 I ActivityManager: Start proc com.google.android.apps.googlevoice for service com.google.android.apps.googlevoice/.UpdateService: pid=10598 uid=10056 gids={3003, 1015}
06-14 02:40:56.424   959   959 D dalvikvm: GC_EXPLICIT freed 176K, 21% free 11689K/14663K, paused 6ms+6ms
06-14 02:40:56.510   142   422 I ActivityManager: Process android.process.acore (pid 10574) has died.
06-14 02:40:56.795 10598 10600 D dalvikvm: GC_CONCURRENT freed 242K, 4% free 9304K/9607K, paused 14ms+5ms
06-14 02:40:56.842   142   421 I ActivityManager: Start proc android.process.acore for content provider com.android.providers.contacts/.VoicemailContentProvider: pid=10613 uid=10000 gids={3003, 1015}
06-14 02:40:56.896 10613 10613 I ActivityThread: Pub call_log: com.android.providers.contacts.CallLogProvider
06-14 02:40:56.951 10613 10613 I ActivityThread: Pub com.android.voicemail: com.android.providers.contacts.VoicemailContentProvider
06-14 02:40:56.955 10613 10613 I ActivityThread: Pub user_dictionary: com.android.providers.userdictionary.UserDictionaryProvider
06-14 02:40:57.002 10613 10613 I ActivityThread: Pub com.android.social: com.android.providers.contacts.SocialProvider
06-14 02:40:57.002 10613 10613 I ActivityThread: Pub applications: com.android.providers.applications.ApplicationsProvider
06-14 02:40:57.150 10613 10613 I ActivityThread: Pub contacts;com.android.contacts: com.android.providers.contacts.ContactsProvider2
06-14 02:40:57.205 10613 10614 D dalvikvm: GC_CONCURRENT freed 349K, 5% free 9186K/9607K, paused 3ms+5ms
06-14 02:40:57.947   142   370 D CountryDetector: The first listener is added
06-14 02:40:58.006 10598 10600 D dalvikvm: GC_CONCURRENT freed 449K, 6% free 9406K/9927K, paused 2ms+4ms
06-14 02:40:58.010 10598 10607 W CursorWrapperInner: Cursor finalized without prior close()
06-14 02:40:58.010 10598 10607 W CursorWrapperInner: Cursor finalized without prior close()
06-14 02:40:58.010 10598 10607 W CursorWrapperInner: Cursor finalized without prior close()
06-14 02:40:58.068 10613 10614 D dalvikvm: GC_CONCURRENT freed 252K, 4% free 9476K/9799K, paused 2ms+3ms
06-14 02:40:58.279 10598 10600 D dalvikvm: GC_CONCURRENT freed 288K, 5% free 9520K/9991K, paused 2ms+2ms
06-14 02:40:58.482 10613 10614 D dalvikvm: GC_CONCURRENT freed 265K, 4% free 9781K/10119K, paused 29ms+3ms
06-14 02:40:58.732   142   154 I ActivityManager: Process com.facebook.orca (pid 10507) has died.
06-14 02:40:58.732   142   154 W ActivityManager: Scheduling restart of crashed service com.facebook.orca/.push.mqtt.MqttPushService in 20000ms
06-14 02:40:58.775 10613 10614 D dalvikvm: GC_CONCURRENT freed 392K, 5% free 9912K/10375K, paused 2ms+14ms
06-14 02:40:59.408 10598 10636 D dalvikvm: GC_FOR_ALLOC freed 135K, 5% free 9665K/10119K, paused 20ms
06-14 02:40:59.475 10613 10639 D dalvikvm: GC_EXPLICIT freed 282K, 5% free 9913K/10375K, paused 2ms+4ms
06-14 02:41:05.248 27790 27790 D dalvikvm: GC_EXPLICIT freed 112K, 36% free 11631K/17991K, paused 10ms+3ms
06-14 02:41:10.396   142   158 D dalvikvm: GC_EXPLICIT freed 837K, 23% free 19042K/24647K, paused 51ms+8ms
06-14 02:41:15.268   213   213 D dalvikvm: GC_EXPLICIT freed 15K, 59% free 9685K/23239K, paused 26ms+3ms
06-14 02:41:18.818   142   159 I ActivityManager: Start proc com.facebook.orca for service com.facebook.orca/.push.mqtt.MqttPushService: pid=10641 uid=10061 gids={3003, 1015, 1006}
06-14 02:41:18.885 10641 10641 I dalvikvm: Turning on JNI app bug workarounds for target SDK version 10...
06-14 02:41:19.104   142   368 I ActivityManager: Process android.process.acore (pid 10613) has died.
06-14 02:41:19.119   142   366 D CountryDetector: No listener is left
06-14 02:41:19.232 10641 10641 I ActivityThread: Pub com.facebook.orca.notify.MessengerLoggedInUserProvider: com.facebook.orca.notify.MessengerLoggedInUserProvider
06-14 02:41:19.268 10641 10641 I ActivityThread: Pub com.facebook.orca.notify.MessengerForegroundProvider: com.facebook.orca.notify.MessengerForegroundProvider
06-14 02:41:19.283 10641 10641 V orca:OrcaApplication: Forcing initialization of AsyncTask
06-14 02:41:19.533 10641 10642 D dalvikvm: GC_CONCURRENT freed 212K, 4% free 9309K/9607K, paused 18ms+2ms
06-14 02:41:19.537 10641 10641 I Finalizer: Couldn't access Thread.inheritableThreadLocals. Reference finalizer threads will inherit thread local values.
06-14 02:41:19.717 10641 10642 D dalvikvm: GC_CONCURRENT freed 375K, 5% free 9432K/9927K, paused 2ms+2ms
06-14 02:41:19.830 10641 10641 W OrcaGuiceModule: Sig: ijxLJi1yGs1JpL-X1SExmchvork
06-14 02:41:19.912 10641 10642 D dalvikvm: GC_CONCURRENT freed 290K, 5% free 9585K/9991K, paused 1ms+4ms
06-14 02:41:20.182 10641 10656 W Resources: Converting to string: TypedValue{t=0x10/d=0xffffffff a=-1}
06-14 02:41:20.404 10641 10642 D dalvikvm: GC_CONCURRENT freed 284K, 4% free 9827K/10183K, paused 5ms+6ms
06-14 02:41:20.510 10641 10641 D ACRA    : Retrieve application default SharedPreferences.
06-14 02:41:20.510 10641 10641 D ACRA    : Set OnSharedPreferenceChangeListener.
06-14 02:41:20.510 10641 10641 D ACRA    : ACRA is enabled for com.facebook.orca, intializing...
06-14 02:41:20.568 10641 10642 D dalvikvm: GC_CONCURRENT freed 296K, 4% free 10069K/10439K, paused 1ms+2ms
06-14 02:41:20.604 10641 10656 D dalvikvm: GC_FOR_ALLOC freed 236K, 6% free 10113K/10695K, paused 19ms
06-14 02:41:20.611 10641 10641 D ACRA    : Looking for error files in /data/data/com.facebook.orca/app_acra-reports
06-14 02:41:20.662 10641 10656 D dalvikvm: GC_FOR_ALLOC freed 124K, 5% free 10217K/10695K, paused 19ms
06-14 02:41:20.736 10641 10656 D dalvikvm: GC_FOR_ALLOC freed 216K, 5% free 10247K/10759K, paused 24ms
06-14 02:41:20.916 10641 10642 D dalvikvm: GC_CONCURRENT freed 363K, 4% free 10452K/10887K, paused 2ms+3ms
06-14 02:41:21.096 10641 10642 D dalvikvm: GC_CONCURRENT freed 137K, 2% free 10873K/11079K, paused 2ms+5ms
06-14 02:41:21.311 10641 10642 D dalvikvm: GC_CONCURRENT freed 507K, 5% free 11013K/11591K, paused 2ms+3ms
06-14 02:41:21.479 10641 10642 D dalvikvm: GC_CONCURRENT freed 360K, 4% free 11352K/11783K, paused 1ms+3ms
06-14 02:41:22.689 10641 10642 D dalvikvm: GC_CONCURRENT freed 694K, 7% free 11366K/12167K, paused 2ms+2ms
06-14 02:41:22.693  9605  9618 I PhoneLab-: Service Running
06-14 02:41:22.830  9605  9618 I PhoneLab-LoggerService: app_38    27718 1     1112   664   c00f181c 400107b4 S logcat
06-14 02:41:22.830  9605  9618 I PhoneLab-LoggerService: Logcat pid from database 27718
06-14 02:41:22.830  9605  9618 I PhoneLab-LoggerService: Logcat process found 27718
06-14 02:41:22.830  9605  9618 I PhoneLab-LoggerService: Checking Threshold
06-14 02:41:22.838  9605  9618 I PhoneLab-LoggerService: Starting to rename files
06-14 02:41:22.842  9605  9618 I PhoneLab-LoggerService: Files found .. 2
06-14 02:41:25.557   342   342 D dalvikvm: GC_EXPLICIT freed 16K, 16% free 12075K/14343K, paused 31ms+3ms
06-14 02:41:30.561   428   428 D dalvikvm: GC_EXPLICIT freed <1K, 4% free 9037K/9347K, paused 36ms+2ms
06-14 02:41:35.596   324   324 D dalvikvm: GC_EXPLICIT freed <1K, 20% free 10618K/13191K, paused 45ms+3ms
06-14 02:41:40.545 16941 16941 E GeckoApp: low memory
06-14 02:41:40.662 16941 16941 D dalvikvm: GC_EXPLICIT freed 2K, 22% free 10500K/13319K, paused 2ms+6ms
06-14 02:41:43.115   142   172 I ActivityManager: Start proc com.twitter.android for service com.twitter.android/.client.AppService: pid=10666 uid=10068 gids={3003, 1015}
06-14 02:41:43.131 10666 10666 I dalvikvm: Turning on JNI app bug workarounds for target SDK version 11...
06-14 02:41:43.232 10666 10666 I ActivityThread: Pub com.twitter.android.provider.GlobalDatabaseProvider: com.twitter.android.provider.GlobalDatabaseProvider
06-14 02:41:43.244 10666 10666 I ActivityThread: Pub com.twitter.android.provider.TwitterProvider: com.twitter.android.provider.TwitterProvider
06-14 02:41:43.334 10666 10668 D dalvikvm: GC_CONCURRENT freed 205K, 3% free 9266K/9543K, paused 2ms+7ms
06-14 02:41:43.447   142   917 I ActivityManager: Process com.whatsapp (pid 10554) has died.
06-14 02:41:43.447   142   917 W ActivityManager: Scheduling restart of crashed service com.whatsapp/.messaging.MessageService in 5000ms
06-14 02:41:43.623 10666 10668 D dalvikvm: GC_CONCURRENT freed 174K, 4% free 9494K/9799K, paused 6ms+2ms
06-14 02:41:43.775 10666 10668 D dalvikvm: GC_CONCURRENT freed 305K, 5% free 9627K/10055K, paused 2ms+1ms
06-14 02:41:43.900 10666 10668 D dalvikvm: GC_CONCURRENT freed 306K, 5% free 9762K/10183K, paused 3ms+2ms
06-14 02:41:44.025 10666 10668 D dalvikvm: GC_CONCURRENT freed 300K, 5% free 9890K/10311K, paused 2ms+2ms
06-14 02:41:44.170 10666 10668 D dalvikvm: GC_CONCURRENT freed 300K, 5% free 10015K/10439K, paused 12ms+2ms
06-14 02:41:44.361   142 12773 D dalvikvm: GC_EXPLICIT freed 417K, 23% free 19029K/24647K, paused 4ms+7ms
06-14 02:41:44.502 10666 10668 D dalvikvm: GC_CONCURRENT freed 310K, 4% free 10148K/10567K, paused 4ms+8ms
06-14 02:41:44.678 10666 10668 D dalvikvm: GC_CONCURRENT freed 305K, 4% free 10282K/10695K, paused 4ms+9ms
06-14 02:41:44.904 10666 10668 D dalvikvm: GC_CONCURRENT freed 480K, 6% free 10222K/10823K, paused 4ms+7ms
06-14 02:41:45.045 10666 10668 D dalvikvm: GC_CONCURRENT freed 326K, 5% free 10297K/10823K, paused 2ms+2ms
06-14 02:41:45.193 10666 10668 D dalvikvm: GC_CONCURRENT freed 321K, 5% free 10387K/10823K, paused 2ms+2ms
06-14 02:41:45.314 10666 10668 D dalvikvm: GC_CONCURRENT freed 373K, 5% free 10475K/10951K, paused 1ms+2ms
06-14 02:41:45.432 10666 10668 D dalvikvm: GC_CONCURRENT freed 343K, 5% free 10556K/11015K, paused 2ms+2ms
06-14 02:41:45.553 10666 10668 D dalvikvm: GC_CONCURRENT freed 334K, 4% free 10638K/11079K, paused 2ms+2ms
06-14 02:41:45.682   142   294 I ActivityManager: Start proc com.google.android.apps.maps:LocationFriendService for service com.google.android.apps.maps/com.google.googlenav.friend.reporting.LocationReceiverService: pid=10681 uid=10057 gids={3003, 1015}
06-14 02:41:45.744  8585  8587 D dalvikvm: GC_CONCURRENT freed 472K, 6% free 10259K/10887K, paused 2ms+2ms
06-14 02:41:45.896 10681 10683 D dalvikvm: GC_CONCURRENT freed 165K, 3% free 9370K/9607K, paused 2ms+4ms
06-14 02:41:46.021   213   215 D dalvikvm: GC_CONCURRENT freed 371K, 59% free 9737K/23239K, paused 2ms+3ms
06-14 02:41:46.092   213   213 D dalvikvm: GC_FOR_ALLOC freed 459K, 59% free 9731K/23239K, paused 28ms
06-14 02:41:46.221 10666 10668 D dalvikvm: GC_CONCURRENT freed 361K, 5% free 10724K/11207K, paused 2ms+2ms
06-14 02:41:46.229   213   215 D dalvikvm: GC_CONCURRENT freed 386K, 59% free 9741K/23239K, paused 2ms+36ms
06-14 02:41:46.396 10681 10683 D dalvikvm: GC_CONCURRENT freed 156K, 3% free 9660K/9927K, paused 20ms+2ms
06-14 02:41:46.455 10666 10668 D dalvikvm: GC_CONCURRENT freed 396K, 5% free 10817K/11335K, paused 6ms+6ms
06-14 02:41:46.783   142 12773 I ActivityManager: Process com.google.android.apps.googlevoice (pid 10598) has died.
06-14 02:41:46.783   142 12773 W ActivityManager: Scheduling restart of crashed service com.google.android.apps.googlevoice/.UpdateService in 20000ms
06-14 02:41:46.783   142 12773 W ActivityManager: Scheduling restart of crashed service com.google.android.apps.googlevoice/.CallLogService in 60000ms
06-14 02:41:46.912 10681 10683 D dalvikvm: GC_CONCURRENT freed 235K, 4% free 9874K/10183K, paused 22ms+2ms
06-14 02:41:46.994 10681 10688 I dalvikvm: Total arena pages for JIT: 11
06-14 02:41:46.998 10681 10688 I dalvikvm: Total arena pages for JIT: 12
06-14 02:41:46.998 10681 10688 I dalvikvm: Total arena pages for JIT: 13
06-14 02:41:46.998 10681 10688 I dalvikvm: Total arena pages for JIT: 14
06-14 02:41:46.998 10681 10688 I dalvikvm: Total arena pages for JIT: 15
06-14 02:41:47.002 10681 10688 I dalvikvm: Total arena pages for JIT: 16
06-14 02:41:47.002 10681 10688 I dalvikvm: Total arena pages for JIT: 17
06-14 02:41:48.314 10666 10668 D dalvikvm: GC_CONCURRENT freed 344K, 5% free 11003K/11463K, paused 2ms+3ms
06-14 02:41:48.510   142   159 I ActivityManager: Start proc com.whatsapp for service com.whatsapp/.messaging.MessageService: pid=10707 uid=10070 gids={1015, 3003}
06-14 02:41:48.518 10707 10707 I dalvikvm: Turning on JNI app bug workarounds for target SDK version 7...
06-14 02:41:48.752 10707 10708 D dalvikvm: GC_CONCURRENT freed 172K, 3% free 9363K/9607K, paused 2ms+2ms
06-14 02:41:48.971   142   921 I ActivityManager: Process com.google.android.apps.maps:LocationFriendService (pid 10681) has died.
06-14 02:41:49.201 10707 10708 D dalvikvm: GC_CONCURRENT freed 306K, 4% free 9601K/9991K, paused 2ms+3ms
06-14 02:41:49.350 10707 10707 I SqliteDatabaseCpp: sqlite returned: error code = 1, msg = duplicate column name: photo_ts, db=/data/data/com.whatsapp/databases/msgstore.db
06-14 02:41:49.350 10707 10707 I SqliteDatabaseCpp: sqlite returned: error code = 1, msg = duplicate column name: thumb_ts, db=/data/data/com.whatsapp/databases/msgstore.db
06-14 02:41:49.350 10707 10707 I SqliteDatabaseCpp: sqlite returned: error code = 1, msg = duplicate column name: photo_id_timestamp, db=/data/data/com.whatsapp/databases/msgstore.db
06-14 02:41:49.412 10707 10707 I dalvikvm: Could not find method android.media.MediaMetadataRetriever.captureFrame, referenced from method com.whatsapp.d3.a
06-14 02:41:49.412 10707 10707 W dalvikvm: VFY: unable to resolve virtual method 496: Landroid/media/MediaMetadataRetriever;.captureFrame ()Landroid/graphics/Bitmap;
06-14 02:41:49.412 10707 10707 D dalvikvm: VFY: replacing opcode 0x6e at 0x0134
06-14 02:41:49.588 10707 10708 D dalvikvm: GC_CONCURRENT freed 424K, 5% free 9749K/10247K, paused 2ms+3ms
06-14 02:41:49.631   142   421 I ActivityManager: Start proc android.process.acore for content provider com.android.providers.contacts/.ContactsProvider2: pid=10728 uid=10000 gids={3003, 1015}
06-14 02:41:49.686 10728 10728 I ActivityThread: Pub call_log: com.android.providers.contacts.CallLogProvider
06-14 02:41:49.732 10728 10728 I ActivityThread: Pub com.android.voicemail: com.android.providers.contacts.VoicemailContentProvider
06-14 02:41:49.732 10728 10728 I ActivityThread: Pub user_dictionary: com.android.providers.userdictionary.UserDictionaryProvider
06-14 02:41:49.744 10728 10728 I ActivityThread: Pub com.android.social: com.android.providers.contacts.SocialProvider
06-14 02:41:49.744 10728 10728 I ActivityThread: Pub applications: com.android.providers.applications.ApplicationsProvider
06-14 02:41:50.045 10728 10728 I ActivityThread: Pub contacts;com.android.contacts: com.android.providers.contacts.ContactsProvider2
06-14 02:41:50.080 10728 10731 D dalvikvm: GC_CONCURRENT freed 355K, 5% free 9181K/9607K, paused 2ms+8ms
06-14 02:41:50.232 10707 10708 D dalvikvm: GC_CONCURRENT freed 203K, 4% free 9978K/10311K, paused 8ms+7ms
06-14 02:41:51.576 10728 10731 D dalvikvm: GC_CONCURRENT freed 157K, 3% free 9466K/9735K, paused 2ms+2ms
06-14 02:41:52.018 10666 10668 D dalvikvm: GC_CONCURRENT freed 481K, 6% free 11116K/11719K, paused 4ms+3ms
06-14 02:41:53.213   142   294 I ActivityManager: Process com.twitter.android (pid 10666) has died.
06-14 02:41:58.338   357   357 D dalvikvm: GC_EXPLICIT freed <1K, 6% free 9100K/9607K, paused 24ms+3ms
06-14 02:42:05.303   959   959 D dalvikvm: GC_EXPLICIT freed 118K, 21% free 11682K/14663K, paused 26ms+3ms
06-14 02:42:06.818   142   159 I ActivityManager: Start proc com.google.android.apps.googlevoice for service com.google.android.apps.googlevoice/.UpdateService: pid=10753 uid=10056 gids={3003, 1015}
06-14 02:42:07.455 10753 10755 D dalvikvm: GC_CONCURRENT freed 292K, 4% free 9243K/9607K, paused 19ms+8ms
06-14 02:42:07.666 10728 10731 D dalvikvm: GC_CONCURRENT freed 451K, 6% free 9430K/9991K, paused 3ms+3ms
06-14 02:42:08.111   142   922 D CountryDetector: The first listener is added
06-14 02:42:08.205 10753 10755 D dalvikvm: GC_CONCURRENT freed 365K, 5% free 9418K/9863K, paused 35ms+3ms
06-14 02:42:08.205 10753 10762 W CursorWrapperInner: Cursor finalized without prior close()
06-14 02:42:08.205 10753 10762 W CursorWrapperInner: Cursor finalized without prior close()
06-14 02:42:08.205 10753 10762 W CursorWrapperInner: Cursor finalized without prior close()
06-14 02:42:08.502 10728 10731 D dalvikvm: GC_CONCURRENT freed 269K, 4% free 9640K/9991K, paused 2ms+3ms
06-14 02:42:08.752 10753 10755 D dalvikvm: GC_CONCURRENT freed 379K, 5% free 9598K/10055K, paused 2ms+3ms
06-14 02:42:08.943 10728 10731 D dalvikvm: GC_CONCURRENT freed 324K, 4% free 9781K/10183K, paused 3ms+7ms
06-14 02:42:08.943   142   422 I ActivityManager: Process com.facebook.orca (pid 10641) has died.
06-14 02:42:08.947   142   422 W ActivityManager: Scheduling restart of crashed service com.facebook.orca/.push.mqtt.MqttPushService in 80000ms
06-14 02:42:08.967 10753 10776 D dalvikvm: GC_FOR_ALLOC freed 123K, 6% free 9649K/10183K, paused 65ms
06-14 02:42:09.193 10728 10739 D dalvikvm: GC_EXPLICIT freed 180K, 6% free 9632K/10183K, paused 9ms+5ms
06-14 02:42:09.361   142   916 D dalvikvm: GC_EXPLICIT freed 1132K, 23% free 19096K/24647K, paused 3ms+9ms
06-14 02:42:09.424 10753 10776 D dalvikvm: GC_FOR_ALLOC freed 79K, 6% free 9723K/10247K, paused 15ms
06-14 02:42:09.541 10728 10731 D dalvikvm: GC_CONCURRENT freed 288K, 4% free 9778K/10183K, paused 2ms+4ms
06-14 02:42:15.107   142   172 I ActivityManager: Start proc com.google.android.apps.maps for service com.google.android.apps.maps/com.google.googlenav.prefetch.android.PrefetcherService: pid=10780 uid=10057 gids={3003, 1015}
06-14 02:42:15.131   142   172 I ActivityManager: Start proc com.google.android.apps.plus for service com.google.android.apps.plus/.service.EsService: pid=10793 uid=10058 gids={3003, 3002, 1015, 1006}
06-14 02:42:15.182    80    80 D dalvikvm: GC_EXPLICIT freed 37K, 4% free 9031K/9347K, paused 5ms+2ms
06-14 02:42:15.248    80    80 D dalvikvm: GC_EXPLICIT freed <1K, 4% free 9031K/9347K, paused 7ms+2ms
06-14 02:42:15.314    80    80 D dalvikvm: GC_EXPLICIT freed <1K, 4% free 9031K/9347K, paused 1ms+10ms
06-14 02:42:15.385 10780 10782 D dalvikvm: GC_CONCURRENT freed 171K, 3% free 9365K/9607K, paused 6ms+2ms
06-14 02:42:15.447 10793 10796 D dalvikvm: GC_CONCURRENT freed 174K, 3% free 9362K/9607K, paused 1ms+2ms
06-14 02:42:15.596 10793 10793 I ActivityThread: Pub com.google.android.apps.plus.content.ApiProvider: com.google.android.apps.plus.content.EsApiProvider
06-14 02:42:15.627 10793 10793 I ActivityThread: Pub com.google.android.apps.plus.content.EsGooglePhotoProvider: com.google.android.picasasync.PicasaContentProvider
06-14 02:42:15.736 10780 10780 I ActivityThread: Pub com.google.android.maps.SearchHistoryProvider: com.google.googlenav.provider.SearchHistoryProvider
06-14 02:42:15.795 10780 10780 I ActivityThread: Pub com.google.android.maps.SuggestionProvider: com.google.googlenav.suggest.android.SuggestContentProvider
06-14 02:42:15.830 10780 10780 I ActivityThread: Pub com.google.android.maps.LayerInfoProvider: com.google.googlenav.layer.LayerInfoProvider
06-14 02:42:15.838 10780 10780 I ActivityThread: Pub com.google.android.maps.TrafficAppWidgetProvider: com.google.googlenav.appwidget.traffic.TrafficAppWidgetProvider
06-14 02:42:15.838 10780 10780 I ActivityThread: Pub com.google.android.maps.LocalActivePlacesProvider: com.google.googlenav.provider.LocalActivePlacesProvider
06-14 02:42:15.838 10780 10780 I ActivityThread: Pub com.google.android.maps.StarredItemProvider: com.google.googlenav.provider.StarredItemProvider
06-14 02:42:15.947 10793 10796 D dalvikvm: GC_CONCURRENT freed 486K, 6% free 9430K/9991K, paused 76ms+13ms
06-14 02:42:15.947 10793 10793 I ActivityThread: Pub com.google.android.apps.plus.content.EsPicasaStoreProvider: com.google.android.picasastore.PicasaPhotoContentProvider
06-14 02:42:15.955 10793 10793 I ActivityThread: Pub com.google.plus.platform: com.google.android.apps.plus.content.AdsProvider
06-14 02:42:15.955 10793 10793 I ActivityThread: Pub com.google.android.apps.plus.iu.EsGoogleIuProvider: com.google.android.apps.plus.iu.InstantUploadProvider
06-14 02:42:15.975 10780 10782 D dalvikvm: GC_CONCURRENT freed 195K, 3% free 9701K/9991K, paused 1ms+2ms
06-14 02:42:16.033 10793 10793 I ActivityThread: Pub com.google.android.apps.plus.content.EsProvider: com.google.android.apps.plus.content.EsProvider
06-14 02:42:16.143 10793 10796 D dalvikvm: GC_CONCURRENT freed 415K, 6% free 9544K/10055K, paused 3ms+15ms
06-14 02:42:16.197   142   422 I ActivityManager: Start proc android.process.media for content provider com.android.providers.media/.MediaProvider: pid=10810 uid=10012 gids={1015, 1023, 1024, 2001, 3003, 3007}
06-14 02:42:16.201 10780 10780 I ActivityThread: Pub com.google.android.maps.LocalSuggestionProvider: com.google.googlenav.provider.LocalSuggestionProvider
06-14 02:42:16.201 10780 10780 I ActivityThread: Pub com.google.android.maps.NavigationAvailabilityProvider: com.google.googlenav.provider.NavigationAvailabilityProvider
06-14 02:42:16.240   142   917 I ActivityManager: Process android.process.acore (pid 10728) has died.
06-14 02:42:16.244   142   421 D CountryDetector: No listener is left
06-14 02:42:16.338 10810 10810 I ActivityThread: Pub downloads: com.android.providers.downloads.DownloadProvider
06-14 02:42:16.342 10780 10782 D dalvikvm: GC_CONCURRENT freed 206K, 4% free 9925K/10247K, paused 11ms+2ms
06-14 02:42:16.396 10810 10810 I ActivityThread: Pub drm: com.android.providers.drm.DrmProvider
06-14 02:42:16.396 10810 10837 I DownloadManager: in removeSpuriousFiles
06-14 02:42:16.404 10810 10810 I ActivityThread: Pub media: com.android.providers.media.MediaProvider
06-14 02:42:16.486 10810 10837 I DownloadManager: in removeSpuriousFiles, preserving file /data/data/com.android.providers.downloads/cache/downloadfile-1.apk
06-14 02:42:16.486 10810 10837 I DownloadManager: deleting spurious file /cache/backup
06-14 02:42:16.689 10780 10782 D dalvikvm: GC_CONCURRENT freed 254K, 4% free 10168K/10567K, paused 24ms+14ms
06-14 02:42:16.896 10810 10812 D dalvikvm: GC_CONCURRENT freed 323K, 5% free 9208K/9607K, paused 9ms+2ms
06-14 02:42:16.908 10793 10796 D dalvikvm: GC_CONCURRENT freed 162K, 3% free 9830K/10119K, paused 43ms+3ms
06-14 02:42:16.963 10793 10807 D PicasaPhotoCP: set fsid first time:-1
06-14 02:42:17.064   142   421 I ActivityManager: Process android.process.media (pid 10810) has died.
06-14 02:42:17.096 10793 10796 D dalvikvm: GC_CONCURRENT freed 227K, 4% free 10087K/10439K, paused 2ms+14ms
06-14 02:42:17.135 10793 10817 D dalvikvm: GC_FOR_ALLOC freed 218K, 5% free 10249K/10695K, paused 16ms
06-14 02:42:17.162 10793 10817 D dalvikvm: GC_FOR_ALLOC freed 373K, 6% free 10250K/10823K, paused 20ms
06-14 02:42:17.182 10793 10817 D dalvikvm: GC_FOR_ALLOC freed 126K, 5% free 10378K/10823K, paused 18ms
06-14 02:42:17.205 10793 10817 D dalvikvm: GC_FOR_ALLOC freed 369K, 6% free 10378K/10951K, paused 16ms
06-14 02:42:17.225 10793 10817 D dalvikvm: GC_FOR_ALLOC freed 126K, 5% free 10506K/10951K, paused 16ms
06-14 02:42:17.354 10793 10796 D dalvikvm: GC_CONCURRENT freed 328K, 4% free 10651K/11079K, paused 2ms+4ms
06-14 02:42:17.494 10793 10796 D dalvikvm: GC_CONCURRENT freed 95K, 2% free 10994K/11207K, paused 2ms+2ms
06-14 02:42:17.771 10793 10796 D dalvikvm: GC_CONCURRENT freed 392K, 5% free 11216K/11719K, paused 2ms+2ms
06-14 02:42:17.967 10793 10796 D dalvikvm: GC_CONCURRENT freed 147K, 3% free 11723K/11975K, paused 4ms+2ms
06-14 02:42:18.131   142   922 I ActivityManager: Start proc android.process.media for service com.android.providers.media/.MediaScannerService: pid=10850 uid=10012 gids={1015, 1023, 1024, 2001, 3003, 3007}
06-14 02:42:18.170 10850 10850 I ActivityThread: Pub downloads: com.android.providers.downloads.DownloadProvider
06-14 02:42:18.244 10850 10850 I ActivityThread: Pub drm: com.android.providers.drm.DrmProvider
06-14 02:42:18.248 10850 10850 I ActivityThread: Pub media: com.android.providers.media.MediaProvider
06-14 02:42:18.252 10850 10863 I DownloadManager: in removeSpuriousFiles
06-14 02:42:18.330   142   154 I ActivityManager: Process com.whatsapp (pid 10707) has died.
06-14 02:42:18.330   142   154 W ActivityManager: Scheduling restart of crashed service com.whatsapp/.messaging.MessageService in 5000ms
06-14 02:42:18.479 10850 10863 I DownloadManager: in removeSpuriousFiles, preserving file /data/data/com.android.providers.downloads/cache/downloadfile-1.apk
06-14 02:42:18.486 10850 10863 I DownloadManager: deleting spurious file /cache/backup
06-14 02:42:18.643   142   922 I ActivityManager: Process com.google.android.apps.googlevoice (pid 10753) has died.
06-14 02:42:18.643   142   922 W ActivityManager: Scheduling restart of crashed service com.google.android.apps.googlevoice/.UpdateService in 80304ms
06-14 02:42:18.752 10850 10852 D dalvikvm: GC_CONCURRENT freed 327K, 5% free 9206K/9607K, paused 14ms+6ms
06-14 02:42:19.334   142   366 I ActivityManager: Start proc com.google.android.gsf.login for service com.google.android.gsf.login/com.google.android.gsf.loginservice.GoogleLoginService: pid=10870 uid=10009 gids={3003, 1015, 1007, 2001, 3006}
06-14 02:42:19.619   142   366 I ActivityManager: Process android.process.media (pid 10850) has died.
06-14 02:42:21.123 10793 10796 D dalvikvm: GC_CONCURRENT freed 784K, 8% free 11762K/12679K, paused 33ms+5ms
06-14 02:42:22.439 10793 10796 D dalvikvm: GC_CONCURRENT freed 601K, 6% free 12026K/12743K, paused 2ms+4ms
06-14 02:42:22.729   142   294 I ActivityManager: Process com.google.android.gsf.login (pid 10870) has died.
06-14 02:42:23.357   142   159 I ActivityManager: Start proc com.whatsapp for service com.whatsapp/.messaging.MessageService: pid=10887 uid=10070 gids={1015, 3003}
06-14 02:42:23.393 10887 10887 I dalvikvm: Turning on JNI app bug workarounds for target SDK version 7...
06-14 02:42:23.604 10887 10890 D dalvikvm: GC_CONCURRENT freed 166K, 3% free 9359K/9607K, paused 4ms+2ms
06-14 02:42:23.822   142   422 I ActivityManager: Process com.google.android.apps.maps (pid 10780) has died.
06-14 02:42:23.822   142   422 W ActivityManager: Scheduling restart of crashed service com.google.android.apps.maps/com.google.googlenav.prefetch.android.PrefetcherService in 5000ms
06-14 02:42:24.303 10887 10890 D dalvikvm: GC_CONCURRENT freed 290K, 4% free 9598K/9991K, paused 7ms+3ms
06-14 02:42:24.486 10887 10887 I SqliteDatabaseCpp: sqlite returned: error code = 1, msg = duplicate column name: photo_ts, db=/data/data/com.whatsapp/databases/msgstore.db
06-14 02:42:24.486 10887 10887 I SqliteDatabaseCpp: sqlite returned: error code = 1, msg = duplicate column name: thumb_ts, db=/data/data/com.whatsapp/databases/msgstore.db
06-14 02:42:24.486 10887 10887 I SqliteDatabaseCpp: sqlite returned: error code = 1, msg = duplicate column name: photo_id_timestamp, db=/data/data/com.whatsapp/databases/msgstore.db
06-14 02:42:24.529   142   421 I ActivityManager: Start proc android.process.acore for content provider com.android.providers.contacts/.ContactsProvider2: pid=10907 uid=10000 gids={3003, 1015}
06-14 02:42:24.619 10887 10887 I dalvikvm: Could not find method android.media.MediaMetadataRetriever.captureFrame, referenced from method com.whatsapp.d3.a
06-14 02:42:24.619 10887 10887 W dalvikvm: VFY: unable to resolve virtual method 496: Landroid/media/MediaMetadataRetriever;.captureFrame ()Landroid/graphics/Bitmap;
06-14 02:42:24.619 10887 10887 D dalvikvm: VFY: replacing opcode 0x6e at 0x0134
06-14 02:42:24.658 10907 10907 I ActivityThread: Pub call_log: com.android.providers.contacts.CallLogProvider
06-14 02:42:24.713 10907 10907 I ActivityThread: Pub com.android.voicemail: com.android.providers.contacts.VoicemailContentProvider
06-14 02:42:24.713 10907 10907 I ActivityThread: Pub user_dictionary: com.android.providers.userdictionary.UserDictionaryProvider
06-14 02:42:24.732 10907 10907 I ActivityThread: Pub com.android.social: com.android.providers.contacts.SocialProvider
06-14 02:42:24.736 10907 10907 I ActivityThread: Pub applications: com.android.providers.applications.ApplicationsProvider
06-14 02:42:24.834 10887 10890 D dalvikvm: GC_CONCURRENT freed 300K, 4% free 9807K/10183K, paused 13ms+2ms
06-14 02:42:24.877 10907 10907 I ActivityThread: Pub contacts;com.android.contacts: com.android.providers.contacts.ContactsProvider2
06-14 02:42:24.912 10907 10910 D dalvikvm: GC_CONCURRENT freed 347K, 5% free 9188K/9607K, paused 2ms+2ms
06-14 02:42:25.131 10887 10890 D dalvikvm: GC_CONCURRENT freed 305K, 4% free 9970K/10375K, paused 2ms+4ms
06-14 02:42:26.068   142   197 D DhcpInfoInternal: makeLinkProperties with empty dns2!
06-14 02:42:26.068   142   197 D DhcpInfoInternal: makeLinkProperties with empty dns2!
06-14 02:42:26.354   142   294 I ActivityManager: Process android.process.acore (pid 10907) has died.
06-14 02:42:26.357   142   294 I ActivityManager: Kill com.whatsapp (pid 10887): provider com.android.providers.contacts.ContactsProvider2 in dying process android.process.acore
06-14 02:42:26.385   142   422 I ActivityManager: Process com.whatsapp (pid 10887) has died.
06-14 02:42:26.385   142   422 W ActivityManager: Scheduling restart of crashed service com.whatsapp/.messaging.MessageService in 30401ms
06-14 02:42:28.568 10793 10796 D dalvikvm: GC_CONCURRENT freed 991K, 9% free 11975K/13063K, paused 12ms+8ms
06-14 02:42:28.854   142   159 I ActivityManager: Start proc com.google.android.apps.maps for service com.google.android.apps.maps/com.google.googlenav.prefetch.android.PrefetcherService: pid=10946 uid=10057 gids={3003, 1015}
06-14 02:42:29.041 10946 10948 D dalvikvm: GC_CONCURRENT freed 162K, 3% free 9374K/9607K, paused 2ms+3ms
06-14 02:42:29.197 10946 10946 I ActivityThread: Pub com.google.android.maps.SearchHistoryProvider: com.google.googlenav.provider.SearchHistoryProvider
06-14 02:42:29.217 10946 10946 I ActivityThread: Pub com.google.android.maps.SuggestionProvider: com.google.googlenav.suggest.android.SuggestContentProvider
06-14 02:42:29.252 10946 10946 I ActivityThread: Pub com.google.android.maps.LayerInfoProvider: com.google.googlenav.layer.LayerInfoProvider
06-14 02:42:29.268 10946 10946 I ActivityThread: Pub com.google.android.maps.TrafficAppWidgetProvider: com.google.googlenav.appwidget.traffic.TrafficAppWidgetProvider
06-14 02:42:29.268 10946 10946 I ActivityThread: Pub com.google.android.maps.LocalActivePlacesProvider: com.google.googlenav.provider.LocalActivePlacesProvider
06-14 02:42:29.271 10946 10946 I ActivityThread: Pub com.google.android.maps.StarredItemProvider: com.google.googlenav.provider.StarredItemProvider
06-14 02:42:29.436   142   918 I ActivityManager: Process edu.buffalo.cse.phonelab.phonelabservices (pid 9605) has died.
06-14 02:42:29.436   142   918 W ActivityManager: Scheduling restart of crashed service edu.buffalo.cse.phonelab.phonelabservices/edu.buffalo.cse.phonelab.datalogger.LoggerService in 5000ms
06-14 02:42:29.443 10946 10948 D dalvikvm: GC_CONCURRENT freed 192K, 4% free 9676K/9991K, paused 3ms+9ms
06-14 02:42:29.686   142   145 D dalvikvm: GC_CONCURRENT freed 1849K, 23% free 19223K/24647K, paused 3ms+11ms
06-14 02:42:29.736 10946 10946 I ActivityThread: Pub com.google.android.maps.LocalSuggestionProvider: com.google.googlenav.provider.LocalSuggestionProvider
06-14 02:42:29.736 10946 10946 I ActivityThread: Pub com.google.android.maps.NavigationAvailabilityProvider: com.google.googlenav.provider.NavigationAvailabilityProvider
06-14 02:42:29.826 10946 10948 D dalvikvm: GC_CONCURRENT freed 242K, 4% free 9994K/10311K, paused 2ms+6ms
06-14 02:42:29.971 10946 10948 D dalvikvm: GC_CONCURRENT freed 227K, 4% free 10232K/10631K, paused 2ms+3ms
06-14 02:42:31.010   142   368 I ActivityManager: Start proc android.process.media for content provider com.android.providers.media/.MediaProvider: pid=10982 uid=10012 gids={1015, 1023, 1024, 2001, 3003, 3007}
06-14 02:42:31.037 10982 10982 I ActivityThread: Pub downloads: com.android.providers.downloads.DownloadProvider
06-14 02:42:31.061 10982 10982 I ActivityThread: Pub drm: com.android.providers.drm.DrmProvider
06-14 02:42:31.061 10982 10995 I DownloadManager: in removeSpuriousFiles
06-14 02:42:31.064 10982 10982 I ActivityThread: Pub media: com.android.providers.media.MediaProvider
06-14 02:42:31.096 10982 10995 I DownloadManager: in removeSpuriousFiles, preserving file /data/data/com.android.providers.downloads/cache/downloadfile-1.apk
06-14 02:42:31.100 10982 10995 I DownloadManager: deleting spurious file /cache/backup
06-14 02:42:31.385 10982 10984 D dalvikvm: GC_CONCURRENT freed 368K, 5% free 9165K/9607K, paused 19ms+2ms
06-14 02:42:31.506   142   919 D dalvikvm: GC_EXPLICIT freed 257K, 23% free 19033K/24647K, paused 7ms+8ms
06-14 02:42:31.592 10793 10796 D dalvikvm: GC_CONCURRENT freed 845K, 9% free 12007K/13063K, paused 2ms+5ms
06-14 02:42:32.279 10793 10796 D dalvikvm: GC_CONCURRENT freed 810K, 8% free 12130K/13063K, paused 2ms+3ms
06-14 02:42:32.424   142   366 I ActivityManager: Start proc android.process.acore for content provider com.android.providers.contacts/.ContactsProvider2: pid=11001 uid=10000 gids={3003, 1015}
06-14 02:42:32.447   142   368 I ActivityManager: Process android.process.media (pid 10982) has died.
06-14 02:42:32.471 11001 11001 I ActivityThread: Pub call_log: com.android.providers.contacts.CallLogProvider
06-14 02:42:32.521 11001 11001 I ActivityThread: Pub com.android.voicemail: com.android.providers.contacts.VoicemailContentProvider
06-14 02:42:32.521 11001 11001 I ActivityThread: Pub user_dictionary: com.android.providers.userdictionary.UserDictionaryProvider
06-14 02:42:32.537 11001 11001 I ActivityThread: Pub com.android.social: com.android.providers.contacts.SocialProvider
06-14 02:42:32.537 11001 11001 I ActivityThread: Pub applications: com.android.providers.applications.ApplicationsProvider
06-14 02:42:32.615 11001 11001 I ActivityThread: Pub contacts;com.android.contacts: com.android.providers.contacts.ContactsProvider2
06-14 02:42:32.635 11001 11003 D dalvikvm: GC_CONCURRENT freed 355K, 5% free 9181K/9607K, paused 2ms+3ms
06-14 02:42:32.760 10793 10796 D dalvikvm: GC_CONCURRENT freed 895K, 8% free 12175K/13191K, paused 3ms+2ms
06-14 02:42:33.264 11001 11003 D dalvikvm: GC_CONCURRENT freed 240K, 4% free 9413K/9735K, paused 5ms+2ms
06-14 02:42:33.748   142   366 I ActivityManager: Process android.process.acore (pid 11001) has died.
06-14 02:42:34.459   142   159 I ActivityManager: Start proc edu.buffalo.cse.phonelab.phonelabservices for service edu.buffalo.cse.phonelab.phonelabservices/edu.buffalo.cse.phonelab.datalogger.LoggerService: pid=11017 uid=10038 gids={3003, 1015, 1007, 2001}
06-14 02:42:34.557 11017 11017 I PhoneLab-LoggerService: Start Logger Service
06-14 02:42:34.564 11017 11031 I PhoneLab-: Service Running
06-14 02:42:34.635 11017 11031 I PhoneLab-LoggerService: app_38    27718 1     1112   664   c00f181c 400107b4 S logcat
06-14 02:42:34.635 11017 11031 I PhoneLab-LoggerService: Logcat pid from database 27718
06-14 02:42:34.635 11017 11031 I PhoneLab-LoggerService: Logcat process found 27718
06-14 02:42:34.635 11017 11031 I PhoneLab-LoggerService: Checking Threshold
06-14 02:42:34.639 11017 11031 I PhoneLab-LoggerService: Starting to rename files
06-14 02:42:34.639 11017 11031 I PhoneLab-LoggerService: Files found .. 2
06-14 02:42:35.572   142   916 I ActivityManager: Start proc android.process.acore for content provider com.android.providers.contacts/.ContactsProvider2: pid=11035 uid=10000 gids={3003, 1015}
06-14 02:42:35.596 11035 11035 I ActivityThread: Pub call_log: com.android.providers.contacts.CallLogProvider
06-14 02:42:35.600 11035 11035 I ActivityThread: Pub com.android.voicemail: com.android.providers.contacts.VoicemailContentProvider
06-14 02:42:35.600 11035 11035 I ActivityThread: Pub user_dictionary: com.android.providers.userdictionary.UserDictionaryProvider
06-14 02:42:35.607 11035 11035 I ActivityThread: Pub com.android.social: com.android.providers.contacts.SocialProvider
06-14 02:42:35.607 11035 11035 I ActivityThread: Pub applications: com.android.providers.applications.ApplicationsProvider
06-14 02:42:35.674 11035 11035 I ActivityThread: Pub contacts;com.android.contacts: com.android.providers.contacts.ContactsProvider2
06-14 02:42:35.682 11035 11037 D dalvikvm: GC_CONCURRENT freed 347K, 5% free 9189K/9607K, paused 2ms+1ms
06-14 02:42:36.111 11035 11037 D dalvikvm: GC_CONCURRENT freed 254K, 4% free 9384K/9735K, paused 8ms+2ms
06-14 02:42:36.568 10793 10864 D dalvikvm: GC_FOR_ALLOC freed 383K, 7% free 12462K/13319K, paused 44ms
06-14 02:42:36.834 10793 10864 D dalvikvm: GC_FOR_ALLOC freed 122K, 7% free 12537K/13383K, paused 49ms
06-14 02:42:36.873 10793 10864 D dalvikvm: GC_FOR_ALLOC freed 335K, 9% free 12531K/13767K, paused 36ms
06-14 02:42:36.873 10793 10864 I dalvikvm-heap: Grow heap (frag case) to 12.629MB for 338725-byte allocation
06-14 02:42:36.912 10793 10864 D dalvikvm: GC_FOR_ALLOC freed 0K, 10% free 12862K/14151K, paused 37ms
06-14 02:42:37.283   142   919 I ActivityManager: Process com.google.android.apps.maps (pid 10946) has died.
06-14 02:42:37.291   142   919 W ActivityManager: Scheduling restart of crashed service com.google.android.apps.maps/com.google.googlenav.prefetch.android.PrefetcherService in 29493ms
06-14 02:42:38.143 11035 11037 D dalvikvm: GC_CONCURRENT freed 246K, 4% free 9549K/9927K, paused 43ms+2ms
06-14 02:42:38.146 10793 10796 D dalvikvm: GC_CONCURRENT freed 784K, 7% free 13269K/14151K, paused 14ms+3ms
06-14 02:42:38.596   142   602 I ActivityManager: Process android.process.acore (pid 11035) has died.
06-14 02:42:40.260 10793 10796 D dalvikvm: GC_CONCURRENT freed 1246K, 10% free 13351K/14727K, paused 12ms+3ms
06-14 02:42:42.111 10793 10796 D dalvikvm: GC_CONCURRENT freed 2037K, 15% free 12716K/14855K, paused 2ms+3ms
06-14 02:42:42.213   142 12773 I ActivityManager: Start proc android.process.acore for content provider com.android.providers.contacts/.ContactsProvider2: pid=11052 uid=10000 gids={3003, 1015}
06-14 02:42:42.240    80    80 D dalvikvm: GC_EXPLICIT freed 38K, 4% free 9031K/9347K, paused 2ms+6ms
06-14 02:42:42.264    80    80 D dalvikvm: GC_EXPLICIT freed <1K, 4% free 9031K/9347K, paused 2ms+4ms
06-14 02:42:42.291    80    80 D dalvikvm: GC_EXPLICIT freed <1K, 4% free 9031K/9347K, paused 2ms+3ms
06-14 02:42:42.529 11052 11052 I ActivityThread: Pub call_log: com.android.providers.contacts.CallLogProvider
06-14 02:42:42.557 11052 11052 I ActivityThread: Pub com.android.voicemail: com.android.providers.contacts.VoicemailContentProvider
06-14 02:42:42.561 11052 11052 I ActivityThread: Pub user_dictionary: com.android.providers.userdictionary.UserDictionaryProvider
06-14 02:42:42.568 11052 11052 I ActivityThread: Pub com.android.social: com.android.providers.contacts.SocialProvider
06-14 02:42:42.568 11052 11052 I ActivityThread: Pub applications: com.android.providers.applications.ApplicationsProvider
06-14 02:42:42.678 11052 11052 I ActivityThread: Pub contacts;com.android.contacts: com.android.providers.contacts.ContactsProvider2
06-14 02:42:42.693 11052 11053 D dalvikvm: GC_CONCURRENT freed 352K, 5% free 9154K/9607K, paused 1ms+1ms
06-14 02:42:43.904 27790 27790 D dalvikvm: GC_EXPLICIT freed 203K, 36% free 11631K/17991K, paused 5ms+3ms
06-14 02:42:43.920 11052 11053 D dalvikvm: GC_CONCURRENT freed 218K, 4% free 9387K/9735K, paused 46ms+3ms
06-14 02:42:44.518  8585  8605 D dalvikvm: GC_EXPLICIT freed 80K, 6% free 10251K/10887K, paused 23ms+3ms
06-14 02:42:46.084   142   294 I ActivityManager: Start proc com.google.android.apps.maps:LocationFriendService for service com.google.android.apps.maps/com.google.googlenav.friend.reporting.LocationReceiverService: pid=11070 uid=10057 gids={3003, 1015}
06-14 02:42:46.525 11070 11071 D dalvikvm: GC_CONCURRENT freed 153K, 3% free 9383K/9607K, paused 122ms+8ms
06-14 02:42:46.822   142   159 I ActivityManager: Start proc com.google.android.apps.googlevoice for service com.google.android.apps.googlevoice/.CallLogService: pid=11083 uid=10056 gids={3003, 1015}
06-14 02:42:47.244 11052 11053 D dalvikvm: GC_CONCURRENT freed 253K, 4% free 9541K/9927K, paused 46ms+3ms
06-14 02:42:47.627 11083 11086 D dalvikvm: GC_CONCURRENT freed 223K, 4% free 9304K/9607K, paused 12ms+1ms
06-14 02:42:47.717 11070 11071 D dalvikvm: GC_CONCURRENT freed 172K, 4% free 9621K/9927K, paused 17ms+2ms
06-14 02:42:48.416   142   370 I ActivityManager: Process com.google.android.apps.maps:NetworkLocationService (pid 8585) has died.
06-14 02:42:48.502   142   370 W ActivityManager: Scheduling restart of crashed service com.google.android.apps.maps/com.google.android.location.internal.server.NetworkLocationService in 28283ms
06-14 02:42:48.506   142   529 W GpsLocationProvider: Unneeded remove listener for uid 1000
06-14 02:42:48.900 11070 11071 D dalvikvm: GC_CONCURRENT freed 229K, 4% free 9836K/10183K, paused 1ms+3ms
06-14 02:42:49.447 10793 10796 D dalvikvm: GC_CONCURRENT freed 1632K, 18% free 12220K/14855K, paused 7ms+15ms
06-14 02:42:49.822 10793 11000 D dalvikvm: GC_EXPLICIT freed 597K, 19% free 12173K/14855K, paused 2ms+3ms
06-14 02:42:50.045 30026 30105 D NetworkLocator: null cell state delivered
06-14 02:42:50.057 30026 30105 D NetworkLocator: null cell state delivered
06-14 02:42:50.072   342   342 D CAT     : CatService: SIM ready. Reporting STK service running now...
06-14 02:42:50.205   142   159 I ActivityManager: Start proc com.google.android.partnersetup for broadcast com.google.android.partnersetup/.PhoneStateReceiver: pid=11114 uid=10022 gids={3003}
06-14 02:42:50.229   342   342 D SAN_SERVICE: *******************************************
06-14 02:42:50.229   342   342 D SAN_SERVICE: DM App Phone Service State - 3
06-14 02:42:50.229   342   342 D SAN_SERVICE: *******************************************
06-14 02:42:50.311 11114 11114 I ActivityThread: Pub com.google.android.partnersetup.rlzprovider: com.google.android.partnersetup.RlzProvider
06-14 02:42:50.334 11114 11114 I ActivityThread: Pub com.google.android.partnersetup.rlzappprovider: com.google.android.partnersetup.RlzAppProvider
06-14 02:42:50.389   342   342 D SAN_SERVICE: *******************************************
06-14 02:42:50.389   342   342 D SAN_SERVICE: DM App Phone Service State - 1
06-14 02:42:50.389   342   342 D SAN_SERVICE: *******************************************
06-14 02:42:50.439   342   342 D SAN_SERVICE: *******************************************
06-14 02:42:50.439   342   342 D SAN_SERVICE: DM App Phone Service State - 1
06-14 02:42:50.439   342   342 D SAN_SERVICE: *******************************************
06-14 02:42:50.486   142   153 I ActivityManager: Process com.google.android.apps.plus (pid 10793) has died.
06-14 02:42:51.146   142   366 D AlarmManagerService: Kernel timezone updated to 240 minutes west of GMT
06-14 02:42:51.166   342   342 D SystemClock: Setting time of day to sec=1339656171
06-14 02:42:51.095   142   159 I ActivityManager: Start proc com.android.calendar for broadcast com.android.calendar/.widget.CalendarAppWidgetService$CalendarFactory: pid=11128 uid=10005 gids={3003}
06-14 02:42:51.185   342   342 D SAN_SERVICE: *******************************************
06-14 02:42:51.193   342   342 D SAN_SERVICE: DM App Phone Service State - 0
06-14 02:42:51.193   342   342 D SAN_SERVICE: *******************************************
06-14 02:42:51.364   142   145 D dalvikvm: GC_CONCURRENT freed 1949K, 23% free 19132K/24647K, paused 17ms+11ms
06-14 02:42:51.384 11128 11128 I ActivityThread: Pub com.android.calendar.CalendarRecentSuggestionsProvider: com.android.calendar.CalendarRecentSuggestionsProvider
06-14 02:42:51.493    86   588 E GPSD    : RIL Request: ERROR. idx 0 cmd 0x06
06-14 02:42:51.493    86   588 E GPSD    : RIL Request: Timeout
06-14 02:42:51.513   142   421 D AlarmManagerService: Kernel timezone updated to 240 minutes west of GMT
06-14 02:42:51.575   142   366 I ActivityManager: Start proc com.android.deskclock for broadcast com.android.deskclock/.AlarmInitReceiver: pid=11144 uid=10011 gids={}
06-14 02:42:51.614   142   142 I ActivityManager: Start proc com.android.providers.calendar for content provider com.android.providers.calendar/.CalendarProvider2: pid=11156 uid=10006 gids={3003, 1015}
06-14 02:42:51.720 11144 11144 I ActivityThread: Pub com.android.deskclock: com.android.deskclock.AlarmProvider
06-14 02:42:51.755 11156 11156 I ActivityThread: Pub com.android.calendar: com.android.providers.calendar.CalendarProvider2
06-14 02:42:51.814   213   215 D dalvikvm: GC_CONCURRENT freed 239K, 58% free 9903K/23239K, paused 7ms+13ms
06-14 02:42:51.861 11144 11171 V AlarmClock: AlarmInitReceiver finished
06-14 02:42:52.040   142   916 D dalvikvm: GC_EXPLICIT freed 229K, 23% free 19049K/24647K, paused 3ms+8ms
06-14 02:42:52.052   342   342 D SAN_SERVICE: *******************************************
06-14 02:42:52.052   342   342 D SAN_SERVICE: DM App Phone Service State - 0
06-14 02:42:52.052   342   342 D SAN_SERVICE: *******************************************
06-14 02:42:52.517   342   342 D SAN_SERVICE: *******************************************
06-14 02:42:52.517   342   342 D SAN_SERVICE: DM App Phone Service State - 0
06-14 02:42:52.517   342   342 D SAN_SERVICE: *******************************************
06-14 02:42:52.935 11156 11156 I CalendarProvider2: Sending notification intent: Intent { act=android.intent.action.PROVIDER_CHANGED dat=content://com.android.calendar }
06-14 02:42:52.935 11156 11156 W ContentResolver: Failed to get type for: content://com.android.calendar (Unknown URL content://com.android.calendar)
06-14 02:42:54.329   342   342 D SAN_SERVICE: *******************************************
06-14 02:42:54.329   342   342 D SAN_SERVICE: DM App Phone Service State - 0
06-14 02:42:54.329   342   342 D SAN_SERVICE: *******************************************
06-14 02:42:54.392   342   342 D SAN_SERVICE: *******************************************
06-14 02:42:54.392   342   342 D SAN_SERVICE: DM App Phone Service State - 0
06-14 02:42:54.392   342   342 D SAN_SERVICE: *******************************************
06-14 02:42:54.568   142   919 D AlarmManagerService: Kernel timezone updated to 240 minutes west of GMT
06-14 02:42:56.017   342   342 D SAN_SERVICE: *******************************************
06-14 02:42:56.017   342   342 D SAN_SERVICE: DM App Phone Service State - 0
06-14 02:42:56.017   342   342 D SAN_SERVICE: *******************************************
06-14 02:42:56.552   142   918 D AlarmManagerService: Kernel timezone updated to 240 minutes west of GMT
06-14 02:42:56.556   342   342 D SAN_SERVICE: *******************************************
06-14 02:42:56.556   342   342 D SAN_SERVICE: DM App Phone Service State - 0
06-14 02:42:56.556   342   342 D SAN_SERVICE: *******************************************
06-14 02:42:56.751   142   159 I ActivityManager: Start proc com.whatsapp for service com.whatsapp/.messaging.MessageService: pid=11178 uid=10070 gids={1015, 3003}
06-14 02:42:56.790 11178 11178 I dalvikvm: Turning on JNI app bug workarounds for target SDK version 7...
06-14 02:42:57.075 30026  2055 I EventLogService: Aggregate from 1339654377008 (log), 1339654377008 (data)
06-14 02:42:57.099 11178 11180 D dalvikvm: GC_CONCURRENT freed 170K, 3% free 9368K/9607K, paused 8ms+2ms
06-14 02:42:57.134   342   342 D SAN_SERVICE: *******************************************
06-14 02:42:57.134   342   342 D SAN_SERVICE: DM App Phone Service State - 0
06-14 02:42:57.134   342   342 D SAN_SERVICE: *******************************************
06-14 02:42:57.603 11178 11180 D dalvikvm: GC_CONCURRENT freed 317K, 5% free 9586K/9991K, paused 3ms+3ms
06-14 02:42:57.794 11178 11178 I SqliteDatabaseCpp: sqlite returned: error code = 1, msg = duplicate column name: photo_ts, db=/data/data/com.whatsapp/databases/msgstore.db
06-14 02:42:57.794 11178 11178 I SqliteDatabaseCpp: sqlite returned: error code = 1, msg = duplicate column name: thumb_ts, db=/data/data/com.whatsapp/databases/msgstore.db
06-14 02:42:57.794 11178 11178 I SqliteDatabaseCpp: sqlite returned: error code = 1, msg = duplicate column name: photo_id_timestamp, db=/data/data/com.whatsapp/databases/msgstore.db
06-14 02:42:57.904 11178 11178 I dalvikvm: Could not find method android.media.MediaMetadataRetriever.captureFrame, referenced from method com.whatsapp.d3.a
06-14 02:42:57.904 11178 11178 W dalvikvm: VFY: unable to resolve virtual method 496: Landroid/media/MediaMetadataRetriever;.captureFrame ()Landroid/graphics/Bitmap;
06-14 02:42:57.904 11178 11178 D dalvikvm: VFY: replacing opcode 0x6e at 0x0134
06-14 02:42:57.911   142 12773 I ActivityManager: Process com.google.android.apps.maps:LocationFriendService (pid 11070) has died.
06-14 02:42:58.091 11178 11180 D dalvikvm: GC_CONCURRENT freed 295K, 4% free 9814K/10183K, paused 4ms+3ms
06-14 02:42:58.302 11178 11180 D dalvikvm: GC_CONCURRENT freed 293K, 4% free 9975K/10375K, paused 1ms+4ms
06-14 02:43:00.568   342   342 D SAN_SERVICE: *******************************************
06-14 02:43:00.568   342   342 D SAN_SERVICE: DM App Phone Service State - 0
06-14 02:43:00.568   342   342 D SAN_SERVICE: *******************************************
06-14 02:43:01.302 11178 11180 D dalvikvm: GC_CONCURRENT freed 522K, 7% free 9862K/10503K, paused 34ms+2ms
06-14 02:43:06.743   142   159 I ActivityManager: Start proc com.google.android.apps.maps for service com.google.android.apps.maps/com.google.googlenav.prefetch.android.PrefetcherService: pid=11206 uid=10057 gids={3003, 1015}
06-14 02:43:06.759   357   357 D dalvikvm: GC_EXPLICIT freed <1K, 6% free 9100K/9607K, paused 27ms+3ms
06-14 02:43:06.919 11206 11208 D dalvikvm: GC_CONCURRENT freed 166K, 3% free 9370K/9607K, paused 2ms+2ms
06-14 02:43:07.001 11206 11206 I ActivityThread: Pub com.google.android.maps.SearchHistoryProvider: com.google.googlenav.provider.SearchHistoryProvider
06-14 02:43:07.052 11206 11206 I ActivityThread: Pub com.google.android.maps.SuggestionProvider: com.google.googlenav.suggest.android.SuggestContentProvider
06-14 02:43:07.075 11206 11206 I ActivityThread: Pub com.google.android.maps.LayerInfoProvider: com.google.googlenav.layer.LayerInfoProvider
06-14 02:43:07.091 11206 11206 I ActivityThread: Pub com.google.android.maps.TrafficAppWidgetProvider: com.google.googlenav.appwidget.traffic.TrafficAppWidgetProvider
06-14 02:43:07.099 11206 11206 I ActivityThread: Pub com.google.android.maps.LocalActivePlacesProvider: com.google.googlenav.provider.LocalActivePlacesProvider
06-14 02:43:07.099 11206 11206 I ActivityThread: Pub com.google.android.maps.StarredItemProvider: com.google.googlenav.provider.StarredItemProvider
06-14 02:43:07.228 11206 11208 D dalvikvm: GC_CONCURRENT freed 220K, 4% free 9673K/9991K, paused 6ms+3ms
06-14 02:43:07.384 11206 11206 I ActivityThread: Pub com.google.android.maps.LocalSuggestionProvider: com.google.googlenav.provider.LocalSuggestionProvider
06-14 02:43:07.384 11206 11206 I ActivityThread: Pub com.google.android.maps.NavigationAvailabilityProvider: com.google.googlenav.provider.NavigationAvailabilityProvider
06-14 02:43:07.501 11206 11208 D dalvikvm: GC_CONCURRENT freed 239K, 4% free 9988K/10311K, paused 2ms+2ms
06-14 02:43:07.650 11206 11208 D dalvikvm: GC_CONCURRENT freed 208K, 4% free 10233K/10631K, paused 2ms+2ms
06-14 02:43:13.657   959   959 D dalvikvm: GC_EXPLICIT freed 123K, 21% free 11684K/14663K, paused 26ms+3ms
06-14 02:43:16.751   142   159 I ActivityManager: Start proc com.google.android.apps.maps:NetworkLocationService for service com.google.android.apps.maps/com.google.android.location.internal.server.NetworkLocationService: pid=11239 uid=10057 gids={3003, 1015}
06-14 02:43:16.861 11239 11242 D dalvikvm: GC_CONCURRENT freed 173K, 3% free 9363K/9607K, paused 2ms+2ms
06-14 02:43:17.056   142   370 I ActivityManager: Process com.android.providers.calendar (pid 11156) has died.
06-14 02:43:17.079 11239 11242 D dalvikvm: GC_CONCURRENT freed 155K, 3% free 9676K/9927K, paused 1ms+2ms
06-14 02:43:17.384 11239 11242 D dalvikvm: GC_CONCURRENT freed 171K, 3% free 10069K/10311K, paused 3ms+3ms
06-14 02:43:17.556 11239 11242 D dalvikvm: GC_CONCURRENT freed 668K, 8% free 9882K/10631K, paused 1ms+1ms
06-14 02:43:17.650   142   159 I ActivityManager: Start proc com.google.android.apps.maps:FriendService for broadcast com.google.android.apps.maps/com.google.googlenav.friend.android.ServiceReceiver: pid=11260 uid=10057 gids={3003, 1015}
06-14 02:43:17.822 11260 11262 D dalvikvm: GC_CONCURRENT freed 175K, 3% free 9361K/9607K, paused 2ms+2ms
06-14 02:43:17.978 11260 11262 D dalvikvm: GC_CONCURRENT freed 181K, 3% free 9650K/9927K, paused 2ms+2ms
06-14 02:43:18.087   142   153 I ActivityManager: Process com.android.calendar (pid 11128) has died.
06-14 02:43:18.157   142   422 I ActivityManager: Start proc com.google.android.apps.maps:LocationFriendService for broadcast com.google.android.apps.maps/com.google.googlenav.friend.reporting.LocationReportingIntentReceiver: pid=11274 uid=10057 gids={3003, 1015}
06-14 02:43:18.208    80    80 D dalvikvm: GC_EXPLICIT freed 37K, 4% free 9031K/9347K, paused 5ms+19ms
06-14 02:43:18.282    80    80 D dalvikvm: GC_EXPLICIT freed <1K, 4% free 9031K/9347K, paused 2ms+2ms
06-14 02:43:18.337    80    80 D dalvikvm: GC_EXPLICIT freed <1K, 4% free 9031K/9347K, paused 1ms+1ms
06-14 02:43:18.396 11274 11276 D dalvikvm: GC_CONCURRENT freed 177K, 3% free 9358K/9607K, paused 2ms+2ms
06-14 02:43:18.544   142   917 I ActivityManager: Process com.android.deskclock (pid 11144) has died.
06-14 02:43:18.599 11274 11276 D dalvikvm: GC_CONCURRENT freed 207K, 4% free 9652K/9991K, paused 2ms+3ms
06-14 02:43:18.622 11239 11246 I dalvikvm: Total arena pages for JIT: 11
06-14 02:43:18.622 11239 11246 I dalvikvm: Total arena pages for JIT: 12
06-14 02:43:18.626 11239 11246 I dalvikvm: Total arena pages for JIT: 13
06-14 02:43:18.626 11239 11246 I dalvikvm: Total arena pages for JIT: 14
06-14 02:43:18.626 11239 11246 I dalvikvm: Total arena pages for JIT: 15
06-14 02:43:18.626 11239 11246 I dalvikvm: Total arena pages for JIT: 16
06-14 02:43:18.626 11239 11246 I dalvikvm: Total arena pages for JIT: 17
06-14 02:43:18.794   142   922 I ActivityManager: Process com.google.android.partnersetup (pid 11114) has died.
06-14 02:43:18.864 11274 11276 D dalvikvm: GC_CONCURRENT freed 268K, 4% free 9883K/10247K, paused 2ms+2ms
06-14 02:43:18.966 11239 11242 D dalvikvm: GC_CONCURRENT freed 203K, 5% free 10150K/10631K, paused 2ms+4ms
06-14 02:43:19.048 11239 11246 I dalvikvm: Total arena pages for JIT: 18
06-14 02:43:19.423 11239 11242 D dalvikvm: GC_CONCURRENT freed 353K, 5% free 10298K/10759K, paused 2ms+2ms
06-14 02:43:20.509   142   159 I ActivityManager: Start proc com.facebook.orca for broadcast com.facebook.orca/.analytics.AnalyticsPeriodicReporter$ReporterBroadcastReceiver: pid=11294 uid=10061 gids={3003, 1015, 1006}
06-14 02:43:20.560   142   153 I ActivityManager: Process com.google.android.apps.maps (pid 11206) has died.
06-14 02:43:20.575 11294 11294 I dalvikvm: Turning on JNI app bug workarounds for target SDK version 10...
06-14 02:43:20.888   142   145 D dalvikvm: GC_CONCURRENT freed 1888K, 23% free 19107K/24647K, paused 10ms+9ms
06-14 02:43:20.904 11294 11294 I ActivityThread: Pub com.facebook.orca.notify.MessengerLoggedInUserProvider: com.facebook.orca.notify.MessengerLoggedInUserProvider
06-14 02:43:20.923 11294 11294 I ActivityThread: Pub com.facebook.orca.notify.MessengerForegroundProvider: com.facebook.orca.notify.MessengerForegroundProvider
06-14 02:43:20.931 11294 11294 V orca:OrcaApplication: Forcing initialization of AsyncTask
06-14 02:43:20.943   142   917 I ActivityManager: Process com.google.android.apps.maps:FriendService (pid 11260) has died.
06-14 02:43:21.040 11294 11296 D dalvikvm: GC_CONCURRENT freed 201K, 4% free 9310K/9607K, paused 2ms+2ms
06-14 02:43:21.044 11294 11294 I Finalizer: Couldn't access Thread.inheritableThreadLocals. Reference finalizer threads will inherit thread local values.
06-14 02:43:21.224 11294 11296 D dalvikvm: GC_CONCURRENT freed 364K, 5% free 9443K/9927K, paused 2ms+3ms
06-14 02:43:21.333 11294 11294 W OrcaGuiceModule: Sig: ijxLJi1yGs1JpL-X1SExmchvork
06-14 02:43:21.423 11294 11296 D dalvikvm: GC_CONCURRENT freed 271K, 4% free 9622K/9991K, paused 6ms+4ms
06-14 02:43:21.447   142   422 I ActivityManager: Process com.google.android.apps.maps:LocationFriendService (pid 11274) has died.
06-14 02:43:21.689 11294 11313 W Resources: Converting to string: TypedValue{t=0x10/d=0xffffffff a=-1}
06-14 02:43:21.868 11294 11296 D dalvikvm: GC_CONCURRENT freed 328K, 4% free 9847K/10247K, paused 2ms+3ms
06-14 02:43:21.935 11294 11294 D ACRA    : Retrieve application default SharedPreferences.
06-14 02:43:21.935 11294 11294 D ACRA    : Set OnSharedPreferenceChangeListener.
06-14 02:43:21.935 11294 11294 D ACRA    : ACRA is enabled for com.facebook.orca, intializing...
06-14 02:43:21.947 11294 11294 D ACRA    : Looking for error files in /data/data/com.facebook.orca/app_acra-reports
06-14 02:43:22.001 11294 11296 D dalvikvm: GC_CONCURRENT freed 298K, 4% free 10066K/10439K, paused 2ms+2ms
06-14 02:43:22.044 11294 11313 D dalvikvm: GC_FOR_ALLOC freed 236K, 6% free 10120K/10695K, paused 23ms
06-14 02:43:22.099 11294 11313 D dalvikvm: GC_FOR_ALLOC freed 116K, 5% free 10222K/10695K, paused 23ms
06-14 02:43:22.173 11294 11313 D dalvikvm: GC_FOR_ALLOC freed 198K, 5% free 10247K/10759K, paused 27ms
06-14 02:43:22.341 11294 11296 D dalvikvm: GC_CONCURRENT freed 387K, 5% free 10429K/10887K, paused 2ms+5ms
06-14 02:43:22.572 11294 11296 D dalvikvm: GC_CONCURRENT freed 139K, 2% free 10805K/11015K, paused 3ms+5ms
06-14 02:43:22.794 11294 11296 D dalvikvm: GC_CONCURRENT freed 416K, 5% free 11039K/11527K, paused 2ms+3ms
06-14 02:43:22.958 11294 11296 D dalvikvm: GC_CONCURRENT freed 426K, 5% free 11286K/11783K, paused 2ms+3ms
06-14 02:43:23.255   142 12773 I ActivityManager: Process com.facebook.orca (pid 11294) has died.
06-14 02:43:23.275 28302 11321 F libc    : Fatal signal 13 (SIGPIPE) at 0x00006e8e (code=0)
06-14 02:43:23.478 28302 11321 W DnsProxyListener: Error writing DNS result to client
06-14 02:43:23.478 28302 11321 W SocketClient: write error (Broken pipe)
06-14 02:43:23.677 26775 26775 I DEBUG   : debuggerd committing suicide to free the zombie!
06-14 02:43:23.700 11322 11322 I DEBUG   : debuggerd: Jun  8 2012 12:06:49
06-14 02:43:28.380 27790 27790 D dalvikvm: GC_EXPLICIT freed 123K, 36% free 11631K/17991K, paused 25ms+2ms
06-14 02:43:28.939   142   159 I ActivityManager: Start proc com.facebook.orca for service com.facebook.orca/.push.mqtt.MqttPushService: pid=11323 uid=10061 gids={3003, 1015, 1006}
06-14 02:43:28.947 11323 11323 I dalvikvm: Turning on JNI app bug workarounds for target SDK version 10...
06-14 02:43:29.029 11323 11323 I ActivityThread: Pub com.facebook.orca.notify.MessengerLoggedInUserProvider: com.facebook.orca.notify.MessengerLoggedInUserProvider
06-14 02:43:29.029 11323 11323 I ActivityThread: Pub com.facebook.orca.notify.MessengerForegroundProvider: com.facebook.orca.notify.MessengerForegroundProvider
06-14 02:43:29.032 11323 11323 V orca:OrcaApplication: Forcing initialization of AsyncTask
06-14 02:43:29.103 11323 11325 D dalvikvm: GC_CONCURRENT freed 222K, 4% free 9313K/9607K, paused 2ms+2ms
06-14 02:43:29.103 11323 11323 I Finalizer: Couldn't access Thread.inheritableThreadLocals. Reference finalizer threads will inherit thread local values.
06-14 02:43:29.271 11323 11325 D dalvikvm: GC_CONCURRENT freed 351K, 5% free 9471K/9927K, paused 2ms+2ms
06-14 02:43:29.357 11323 11323 W OrcaGuiceModule: Sig: ijxLJi1yGs1JpL-X1SExmchvork
06-14 02:43:29.439 11323 11325 D dalvikvm: GC_CONCURRENT freed 272K, 4% free 9624K/9991K, paused 2ms+2ms
06-14 02:43:29.579 11323 11338 W Resources: Converting to string: TypedValue{t=0x10/d=0xffffffff a=-1}
06-14 02:43:29.681 11323 11325 D dalvikvm: GC_CONCURRENT freed 330K, 4% free 9846K/10247K, paused 2ms+3ms
06-14 02:43:29.767 11323 11323 D ACRA    : Retrieve application default SharedPreferences.
06-14 02:43:29.767 11323 11323 D ACRA    : Set OnSharedPreferenceChangeListener.
06-14 02:43:29.767 11323 11323 D ACRA    : ACRA is enabled for com.facebook.orca, intializing...
06-14 02:43:29.829 11323 11323 D ACRA    : Looking for error files in /data/data/com.facebook.orca/app_acra-reports
06-14 02:43:29.837 11323 11325 D dalvikvm: GC_CONCURRENT freed 291K, 4% free 10073K/10439K, paused 2ms+2ms
06-14 02:43:29.884 11323 11338 D dalvikvm: GC_FOR_ALLOC freed 243K, 6% free 10119K/10695K, paused 20ms
06-14 02:43:29.935 11323 11338 D dalvikvm: GC_FOR_ALLOC freed 127K, 5% free 10223K/10695K, paused 17ms
06-14 02:43:29.970 11323 11338 D dalvikvm: GC_FOR_ALLOC freed 202K, 5% free 10249K/10759K, paused 20ms
06-14 02:43:30.122 11323 11325 D dalvikvm: GC_CONCURRENT freed 375K, 5% free 10441K/10887K, paused 2ms+3ms
06-14 02:43:30.298 11323 11325 D dalvikvm: GC_CONCURRENT freed 213K, 3% free 10795K/11079K, paused 2ms+5ms
06-14 02:43:30.447 11323 11325 D dalvikvm: GC_CONCURRENT freed 380K, 4% free 11012K/11463K, paused 2ms+2ms
06-14 02:43:30.618 11323 11325 D dalvikvm: GC_CONCURRENT freed 422K, 5% free 11289K/11783K, paused 2ms+6ms
06-14 02:43:32.114 11323 11325 D dalvikvm: GC_CONCURRENT freed 621K, 6% free 11408K/12103K, paused 2ms+2ms
06-14 02:43:34.892   142   158 D dalvikvm: GC_EXPLICIT freed 546K, 23% free 19046K/24647K, paused 6ms+7ms
06-14 02:43:37.099   342   342 D SAN_SERVICE: *******************************************
06-14 02:43:37.099   342   342 D SAN_SERVICE: DM App Phone Service State - 0
06-14 02:43:37.099   342   342 D SAN_SERVICE: *******************************************
06-14 02:43:39.447   142   921 D CountryDetector: The first listener is added
06-14 02:43:39.493 11083 11086 D dalvikvm: GC_CONCURRENT freed 394K, 6% free 9403K/9927K, paused 2ms+12ms
06-14 02:43:39.493 11083 11093 W CursorWrapperInner: Cursor finalized without prior close()
06-14 02:43:39.493 11083 11093 W CursorWrapperInner: Cursor finalized without prior close()
06-14 02:43:39.493 11083 11093 W CursorWrapperInner: Cursor finalized without prior close()
06-14 02:43:39.697 11052 11053 D dalvikvm: GC_CONCURRENT freed 450K, 6% free 9619K/10183K, paused 2ms+2ms
06-14 02:43:40.048   142   366 D dalvikvm: GC_EXPLICIT freed 40K, 23% free 19041K/24647K, paused 6ms+11ms
06-14 02:43:40.072 11083 11086 D dalvikvm: GC_CONCURRENT freed 355K, 5% free 9501K/9927K, paused 2ms+2ms
06-14 02:43:40.353 11052 11127 D dalvikvm: GC_EXPLICIT freed 307K, 5% free 9732K/10183K, paused 13ms+4ms
06-14 02:43:40.423 11083 11348 D dalvikvm: GC_FOR_ALLOC freed 140K, 5% free 9643K/10119K, paused 23ms
06-14 02:43:40.747 11052 11053 D dalvikvm: GC_CONCURRENT freed 473K, 6% free 9830K/10375K, paused 1ms+4ms
06-14 02:43:42.122   213   213 D dalvikvm: GC_EXPLICIT freed 523K, 59% free 9693K/23239K, paused 2ms+4ms
06-14 02:43:45.732   142 12773 I ActivityManager: Process android.process.acore (pid 11052) has died.
06-14 02:43:45.736   142   422 D CountryDetector: No listener is left
06-14 02:43:50.978 30026 30026 D dalvikvm: GC_EXPLICIT freed 275K, 6% free 10071K/10695K, paused 16ms+10ms
06-14 02:43:55.943   342   342 D dalvikvm: GC_EXPLICIT freed 509K, 16% free 12106K/14343K, paused 47ms+3ms
06-14 02:44:05.130   428   428 D dalvikvm: GC_EXPLICIT freed <1K, 4% free 9037K/9347K, paused 2ms+2ms
06-14 02:44:10.212   324   324 D dalvikvm: GC_EXPLICIT freed <1K, 20% free 10618K/13191K, paused 26ms+3ms
06-14 02:44:15.150 16941 16941 E GeckoApp: low memory
06-14 02:44:15.279 16941 16941 D dalvikvm: GC_EXPLICIT freed 5K, 22% free 10500K/13319K, paused 30ms+4ms
06-14 02:44:20.888 11239 11242 D dalvikvm: GC_CONCURRENT freed 568K, 6% free 10245K/10887K, paused 1ms+3ms
06-14 02:44:20.927   142   919 I ActivityManager: Start proc com.google.android.apps.maps:LocationFriendService for service com.google.android.apps.maps/com.google.googlenav.friend.reporting.LocationReceiverService: pid=11352 uid=10057 gids={3003, 1015}
06-14 02:44:21.157 11352 11354 D dalvikvm: GC_CONCURRENT freed 158K, 3% free 9378K/9607K, paused 5ms+3ms
06-14 02:44:21.318   142   153 I ActivityManager: Process com.android.sprintmenu (pid 8688) has died.
06-14 02:44:21.318   142   153 W ActivityManager: Scheduling restart of crashed service com.android.sprintmenu/.HiddenPhoneService in 5000ms
06-14 02:44:21.380 11352 11354 D dalvikvm: GC_CONCURRENT freed 135K, 3% free 9675K/9927K, paused 9ms+2ms
06-14 02:44:21.771 11352 11359 I dalvikvm: Total arena pages for JIT: 11
06-14 02:44:21.771 11352 11359 I dalvikvm: Total arena pages for JIT: 12
06-14 02:44:21.771 11352 11359 I dalvikvm: Total arena pages for JIT: 13
06-14 02:44:21.775 11352 11354 D dalvikvm: GC_CONCURRENT freed 331K, 5% free 9889K/10311K, paused 2ms+3ms
06-14 02:44:21.775 11352 11359 I dalvikvm: Total arena pages for JIT: 14
06-14 02:44:21.775 11352 11359 I dalvikvm: Total arena pages for JIT: 15
06-14 02:44:21.782 11352 11359 I dalvikvm: Total arena pages for JIT: 16
06-14 02:44:21.782 11352 11359 I dalvikvm: Total arena pages for JIT: 17
06-14 02:44:26.384   142   159 I ActivityManager: Start proc com.android.sprintmenu for service com.android.sprintmenu/.HiddenPhoneService: pid=11375 uid=1001 gids={3002, 3001, 3003, 1015}
06-14 02:44:26.435   357   357 D dalvikvm: GC_EXPLICIT freed <1K, 6% free 9100K/9607K, paused 2ms+3ms
06-14 02:44:26.447   142   422 I ActivityManager: Process com.google.android.apps.maps:LocationFriendService (pid 11352) has died.
06-14 02:44:26.509   342   342 D SAN_SERVICE: *******************************************
06-14 02:44:26.509   342   342 D SAN_SERVICE: DM App Phone Service State - 0
06-14 02:44:26.509   342   342 D SAN_SERVICE: *******************************************
06-14 02:44:27.345   342   342 D SAN_SERVICE: *******************************************
06-14 02:44:27.345   342   342 D SAN_SERVICE: DM App Phone Service State - 0
06-14 02:44:27.345   342   342 D SAN_SERVICE: *******************************************
06-14 02:44:32.466   959   959 D dalvikvm: GC_EXPLICIT freed 129K, 21% free 11684K/14663K, paused 16ms+3ms
06-14 02:44:34.591 11017 11031 I PhoneLab-: Service Running
06-14 02:44:34.724 11017 11031 I PhoneLab-LoggerService: app_38    27718 1     1112   664   c00f181c 400107b4 S logcat
06-14 02:44:34.724 11017 11031 I PhoneLab-LoggerService: Logcat pid from database 27718
06-14 02:44:34.724 11017 11031 I PhoneLab-LoggerService: Logcat process found 27718
06-14 02:44:34.724 11017 11031 I PhoneLab-LoggerService: Checking Threshold
06-14 02:44:34.728 11017 11031 I PhoneLab-LoggerService: Starting to rename files
06-14 02:44:34.728 11017 11031 I PhoneLab-LoggerService: Files found .. 2
06-14 02:44:39.497 27790 27790 D dalvikvm: GC_EXPLICIT freed 41K, 36% free 11631K/17991K, paused 27ms+3ms
06-14 02:44:44.544   142   158 D dalvikvm: GC_EXPLICIT freed 686K, 23% free 19055K/24647K, paused 42ms+8ms
06-14 02:44:49.486   213   213 D dalvikvm: GC_EXPLICIT freed 21K, 59% free 9685K/23239K, paused 28ms+3ms
06-14 02:44:50.888   142   197 D DhcpInfoInternal: makeLinkProperties with empty dns2!
06-14 02:44:50.892   142   197 D DhcpInfoInternal: makeLinkProperties with empty dns2!
06-14 02:44:55.087   342   342 D dalvikvm: GC_EXPLICIT freed 51K, 16% free 12088K/14343K, paused 2ms+3ms
06-14 02:45:05.111   428   428 D dalvikvm: GC_EXPLICIT freed <1K, 4% free 9037K/9347K, paused 2ms+2ms
06-14 02:45:10.208   324   324 D dalvikvm: GC_EXPLICIT freed <1K, 20% free 10618K/13191K, paused 31ms+4ms
06-14 02:45:15.204 11017 11017 D dalvikvm: GC_EXPLICIT freed 244K, 4% free 9053K/9415K, paused 31ms+2ms
06-14 02:45:20.876   142   153 I ActivityManager: Start proc com.google.android.apps.maps:LocationFriendService for service com.google.android.apps.maps/com.google.googlenav.friend.reporting.LocationReceiverService: pid=11410 uid=10057 gids={3003, 1015}
06-14 02:45:21.005 11410 11412 D dalvikvm: GC_CONCURRENT freed 163K, 3% free 9373K/9607K, paused 2ms+2ms
06-14 02:45:21.193 11410 11412 D dalvikvm: GC_CONCURRENT freed 180K, 3% free 9725K/9991K, paused 7ms+5ms
06-14 02:45:21.427 30026 30038 D dalvikvm: GC_EXPLICIT freed 99K, 7% free 10011K/10695K, paused 4ms+4ms
06-14 02:45:21.517   142 12773 I ActivityManager: Process com.facebook.orca (pid 11323) has died.
06-14 02:45:21.517   142 12773 W ActivityManager: Scheduling restart of crashed service com.facebook.orca/.push.mqtt.MqttPushService in 5000ms
06-14 02:45:21.603 11410 11412 D dalvikvm: GC_CONCURRENT freed 292K, 4% free 9941K/10311K, paused 2ms+2ms
06-14 02:45:26.599   142   159 I ActivityManager: Start proc com.facebook.orca for service com.facebook.orca/.push.mqtt.MqttPushService: pid=11433 uid=10061 gids={3003, 1015, 1006}
06-14 02:45:26.607 11433 11433 I dalvikvm: Turning on JNI app bug workarounds for target SDK version 10...
06-14 02:45:26.693 11433 11433 I ActivityThread: Pub com.facebook.orca.notify.MessengerLoggedInUserProvider: com.facebook.orca.notify.MessengerLoggedInUserProvider
06-14 02:45:26.697 11433 11433 I ActivityThread: Pub com.facebook.orca.notify.MessengerForegroundProvider: com.facebook.orca.notify.MessengerForegroundProvider
06-14 02:45:26.700 11433 11433 V orca:OrcaApplication: Forcing initialization of AsyncTask
06-14 02:45:26.767 11433 11435 D dalvikvm: GC_CONCURRENT freed 223K, 4% free 9313K/9607K, paused 2ms+3ms
06-14 02:45:26.767 11433 11433 I Finalizer: Couldn't access Thread.inheritableThreadLocals. Reference finalizer threads will inherit thread local values.
06-14 02:45:26.892 11433 11435 D dalvikvm: GC_CONCURRENT freed 355K, 5% free 9458K/9927K, paused 2ms+2ms
06-14 02:45:26.958 11433 11433 W OrcaGuiceModule: Sig: ijxLJi1yGs1JpL-X1SExmchvork
06-14 02:45:27.021 11433 11435 D dalvikvm: GC_CONCURRENT freed 277K, 4% free 9624K/9991K, paused 2ms+4ms
06-14 02:45:27.216 11433 11448 W Resources: Converting to string: TypedValue{t=0x10/d=0xffffffff a=-1}
06-14 02:45:27.314 11433 11435 D dalvikvm: GC_CONCURRENT freed 330K, 4% free 9845K/10247K, paused 2ms+2ms
06-14 02:45:27.396 11433 11433 D ACRA    : Retrieve application default SharedPreferences.
06-14 02:45:27.396 11433 11433 D ACRA    : Set OnSharedPreferenceChangeListener.
06-14 02:45:27.396 11433 11433 D ACRA    : ACRA is enabled for com.facebook.orca, intializing...
06-14 02:45:27.462 11433 11433 D ACRA    : Looking for error files in /data/data/com.facebook.orca/app_acra-reports
06-14 02:45:27.478 11433 11435 D dalvikvm: GC_CONCURRENT freed 291K, 4% free 10073K/10439K, paused 3ms+3ms
06-14 02:45:27.509 11433 11448 D dalvikvm: GC_FOR_ALLOC freed 228K, 6% free 10115K/10695K, paused 22ms
06-14 02:45:27.560 11433 11448 D dalvikvm: GC_FOR_ALLOC freed 107K, 5% free 10215K/10695K, paused 17ms
06-14 02:45:27.607 11433 11448 D dalvikvm: GC_FOR_ALLOC freed 218K, 5% free 10244K/10759K, paused 19ms
06-14 02:45:27.724   142   602 I ActivityManager: Process com.google.android.apps.maps:LocationFriendService (pid 11410) has died.
06-14 02:45:27.794 11433 11435 D dalvikvm: GC_CONCURRENT freed 382K, 5% free 10434K/10887K, paused 3ms+3ms
06-14 02:45:27.950 11433 11435 D dalvikvm: GC_CONCURRENT freed 206K, 3% free 10802K/11079K, paused 2ms+3ms
06-14 02:45:28.122 11433 11435 D dalvikvm: GC_CONCURRENT freed 422K, 5% free 11034K/11527K, paused 8ms+5ms
06-14 02:45:28.282 11433 11435 D dalvikvm: GC_CONCURRENT freed 404K, 5% free 11308K/11783K, paused 2ms+3ms
06-14 02:45:29.911 11433 11435 D dalvikvm: GC_CONCURRENT freed 616K, 6% free 11408K/12103K, paused 8ms+3ms
06-14 02:45:32.822   357   357 D dalvikvm: GC_EXPLICIT freed <1K, 6% free 9100K/9607K, paused 24ms+2ms
06-14 02:45:37.833   959   959 D dalvikvm: GC_EXPLICIT freed 116K, 21% free 11682K/14663K, paused 16ms+4ms
06-14 02:45:42.853 27790 27790 D dalvikvm: GC_EXPLICIT freed 31K, 36% free 11631K/17991K, paused 29ms+3ms
06-14 02:45:47.904   142   158 D dalvikvm: GC_EXPLICIT freed 492K, 23% free 19041K/24647K, paused 41ms+7ms
06-14 02:45:53.224   213   213 D dalvikvm: GC_EXPLICIT freed 7K, 59% free 9684K/23239K, paused 2ms+3ms
06-14 02:45:58.286   342   342 D dalvikvm: GC_EXPLICIT freed 3K, 16% free 12088K/14343K, paused 30ms+3ms
06-14 02:45:58.982   342   342 D SAN_SERVICE: *******************************************
06-14 02:45:58.982   342   342 D SAN_SERVICE: DM App Phone Service State - 0
06-14 02:45:58.982   342   342 D SAN_SERVICE: *******************************************
06-14 02:45:59.255   342   342 D SAN_SERVICE: *******************************************
06-14 02:45:59.255   342   342 D SAN_SERVICE: DM App Phone Service State - 0
06-14 02:45:59.255   342   342 D SAN_SERVICE: *******************************************
06-14 02:46:05.126   428   428 D dalvikvm: GC_EXPLICIT freed <1K, 4% free 9037K/9347K, paused 22ms+2ms
06-14 02:46:10.181   324   324 D dalvikvm: GC_EXPLICIT freed <1K, 20% free 10618K/13191K, paused 24ms+3ms
06-14 02:46:15.126 11017 11017 D dalvikvm: GC_EXPLICIT freed 4K, 4% free 9050K/9415K, paused 26ms+2ms
06-14 02:46:20.884   142   366 I ActivityManager: Start proc com.google.android.apps.maps:LocationFriendService for service com.google.android.apps.maps/com.google.googlenav.friend.reporting.LocationReceiverService: pid=11458 uid=10057 gids={3003, 1015}
06-14 02:46:21.013 11458 11460 D dalvikvm: GC_CONCURRENT freed 168K, 3% free 9368K/9607K, paused 2ms+2ms
06-14 02:46:21.040 11239 11242 D dalvikvm: GC_CONCURRENT freed 489K, 6% free 10248K/10887K, paused 2ms+2ms
06-14 02:46:21.118   142   919 I ActivityManager: Process com.whatsapp (pid 11178) has died.
06-14 02:46:21.118   142   919 W ActivityManager: Scheduling restart of crashed service com.whatsapp/.messaging.MessageService in 5000ms
06-14 02:46:21.247 11458 11460 D dalvikvm: GC_CONCURRENT freed 223K, 4% free 9688K/9991K, paused 5ms+3ms
06-14 02:46:21.458   142   602 D dalvikvm: GC_EXPLICIT freed 286K, 23% free 19038K/24647K, paused 3ms+19ms
06-14 02:46:22.739 11458 11460 D dalvikvm: GC_CONCURRENT freed 267K, 4% free 9972K/10311K, paused 2ms+3ms
06-14 02:46:23.947   142   602 I ActivityManager: Process com.google.android.apps.maps:LocationFriendService (pid 11458) has died.
06-14 02:46:24.575   142 11473 I ActivityManager: Applications Memory Usage (kB):
06-14 02:46:24.575   142 11473 I ActivityManager: Uptime: 166749841 Realtime: 293646235
06-14 02:46:24.575   142 11473 I ActivityManager: Total PSS by OOM adjustment:
06-14 02:46:24.575   142 11473 I ActivityManager:     33571 kB: System
06-14 02:46:24.575   142 11473 I ActivityManager:                33571 kB: system (pid 142)
06-14 02:46:24.575   142 11473 I ActivityManager:     29351 kB: Persistent
06-14 02:46:24.575   142 11473 I ActivityManager:                12809 kB: com.android.systemui (pid 213)
06-14 02:46:24.575   142 11473 I ActivityManager:                12320 kB: com.android.phone (pid 342)
06-14 02:46:24.575   142 11473 I ActivityManager:                 4222 kB: com.android.nfc (pid 357)
06-14 02:46:24.575   142 11473 I ActivityManager:     31361 kB: Foreground
06-14 02:46:24.575   142 11473 I ActivityManager:                31361 kB: com.android.launcher (pid 27790)
06-14 02:46:24.575   142 11473 I ActivityManager:      2974 kB: Visible
06-14 02:46:24.575   142 11473 I ActivityManager:                 2974 kB: com.android.smspush (pid 428)
06-14 02:46:24.575   142 11473 I ActivityManager:     29986 kB: Perceptible
06-14 02:46:24.575   142 11473 I ActivityManager:                19700 kB: hr.podlanica (pid 959)
06-14 02:46:24.575   142 11473 I ActivityManager:                10286 kB: com.android.inputmethod.latin (pid 324)
06-14 02:46:24.575   142 11473 I ActivityManager:     26218 kB: A Services
06-14 02:46:24.575   142 11473 I ActivityManager:                10333 kB: com.google.process.gapps (pid 30026)
06-14 02:46:24.575   142 11473 I ActivityManager:                 8159 kB: com.google.android.apps.maps:LocationFriendService (pid 11458)
06-14 02:46:24.575   142 11473 I ActivityManager:                 7726 kB: com.google.android.apps.maps:NetworkLocationService (pid 11239)
06-14 02:46:24.575   142 11473 I ActivityManager:     67334 kB: Previous
06-14 02:46:24.575   142 11473 I ActivityManager:                67334 kB: org.mozilla.firefox_beta (pid 16941)
06-14 02:46:24.575   142 11473 I ActivityManager:     28972 kB: B Services
06-14 02:46:24.575   142 11473 I ActivityManager:                15843 kB: com.facebook.orca (pid 11433)
06-14 02:46:24.575   142 11473 I ActivityManager:                 6596 kB: com.google.android.apps.googlevoice (pid 11083)
06-14 02:46:24.575   142 11473 I ActivityManager:                 3440 kB: edu.buffalo.cse.phonelab.phonelabservices (pid 11017)
06-14 02:46:24.575   142 11473 I ActivityManager:                 3093 kB: com.android.sprintmenu (pid 11375)
06-14 02:46:24.575   142 11473 I ActivityManager: 
06-14 02:46:24.575   142 11473 I ActivityManager: Total PSS: 249767 kB
06-14 02:46:24.575   142 11473 I ActivityManager:   PID      Vss      Rss      Pss      Uss  cmdline
06-14 02:46:24.575   142 11473 I ActivityManager: 16941   84180K   84092K   67505K   66216K  org.mozilla.firefox_beta
06-14 02:46:24.575   142 11473 I ActivityManager:   142   51748K   51684K   33716K   29964K  system_server
06-14 02:46:24.575   142 11473 I ActivityManager: 27790   49848K   49744K   31526K   28720K  com.android.launcher
06-14 02:46:24.575   142 11473 I ActivityManager:   959   33924K   33844K   19797K   18808K  hr.podlanica
06-14 02:46:24.575   142 11473 I ActivityManager: 11433   36324K   36252K   16265K   13460K  com.facebook.orca
06-14 02:46:24.575   142 11473 I ActivityManager:    79   24324K   21324K   13869K    7208K  /system/bin/surfaceflinger
06-14 02:46:24.575   142 11473 I ActivityManager:   213   32092K   31992K   12923K    8548K  com.android.systemui
06-14 02:46:24.575   142 11473 I ActivityManager:   342   28088K   28004K   12430K   11236K  com.android.phone
06-14 02:46:24.575   142 11473 I ActivityManager: 30026   27568K   27484K   10485K    9032K  com.google.process.gapps
06-14 02:46:24.575   142 11473 I ActivityManager:   324   25188K   25100K   10387K    9384K  com.android.inputmethod.latin
06-14 02:46:24.575   142 11473 I ActivityManager: 11239   28688K   28624K    8847K    6384K  com.google.android.apps.maps:NetworkLocationService
06-14 02:46:24.575   142 11473 I ActivityManager: 11083   26192K   26128K    6407K    4204K  com.google.android.apps.googlevoice
06-14 02:46:24.575   142 11473 I ActivityManager:   357   19368K   19272K    4321K    3296K  com.android.nfc
06-14 02:46:24.575   142 11473 I ActivityManager: 11017   22124K   22024K    3624K    1964K  edu.buffalo.cse.phonelab.phonelabservices
06-14 02:46:24.575   142 11473 I ActivityManager: 18802   18056K   17952K    3558K    2544K  com.spotify.mobile.android.ui
06-14 02:46:24.575   142 11473 I ActivityManager: 11375   22180K   22076K    3318K    1348K  com.android.sprintmenu
06-14 02:46:24.575   142 11473 I ActivityManager:   428   18516K   18404K    3078K    1932K  com.android.smspush
06-14 02:46:24.575   142 11473 I ActivityManager:    80   18680K   18552K    2268K     840K  zygote
06-14 02:46:24.575   142 11473 I ActivityManager:    82    2208K    2208K    1923K    1900K  /system/bin/mediaserver
06-14 02:46:24.575   142 11473 I ActivityManager:    81    1088K    1088K     884K     876K  /system/bin/drmserver
06-14 02:46:24.575   142 11473 I ActivityManager:    78    1104K    1104K     822K     800K  /system/bin/rild
06-14 02:46:24.575   142 11473 I ActivityManager: 27718     668K     664K     525K     520K  logcat
06-14 02:46:24.575   142 11473 I ActivityManager: 11482     640K     632K     465K     428K  procrank
06-14 02:46:24.575   142 11473 I ActivityManager:  8348     580K     576K     420K     412K  /system/bin/wpa_supplicant
06-14 02:46:24.575   142 11473 I ActivityManager:    88     424K     424K     408K     408K  /sbin/adbd
06-14 02:46:24.575   142 11473 I ActivityManager: 28302     596K     596K     397K     376K  /system/bin/netd
06-14 02:46:24.575   142 11473 I ActivityManager:    86     492K     488K     304K     296K  /system/vendor/bin/gpsd
06-14 02:46:24.575   142 11473 I ActivityManager:   298     388K     388K     302K     300K  /system/bin/bluetoothd
06-14 02:46:24.575   142 11473 I ActivityManager:    73     432K     428K     292K     284K  /system/bin/vold
06-14 02:46:24.575   142 11473 I ActivityManager:    85     404K     368K     249K     244K  /system/bin/keystore
06-14 02:46:24.575   142 11473 I ActivityManager:  7013     356K     352K     198K     192K  /system/bin/dhcpcd
06-14 02:46:24.575   142 11473 I ActivityManager:    83     276K     268K     186K     184K  /system/bin/dbus-daemon
06-14 02:46:24.575   142 11473 I ActivityManager:     1     204K     204K     138K     100K  /init
06-14 02:46:24.575   142 11473 I ActivityManager:   200     204K     196K     133K     132K  /system/bin/brcm_patchram_plus
06-14 02:46:24.575   142 11473 I ActivityManager: 11322     284K     276K     127K      92K  /system/bin/debuggerd
06-14 02:46:24.575   142 11473 I ActivityManager:    84     248K     240K     123K     120K  /system/bin/installd
06-14 02:46:24.575   142 11473 I ActivityManager:    61     160K     160K     122K      84K  /sbin/ueventd
06-14 02:46:24.575   142 11473 I ActivityManager:    87     172K     168K     105K     104K  /system/bin/sh
06-14 02:46:24.575   142 11473 I ActivityManager:    72     180K     172K      94K      92K  /system/bin/servicemanager
06-14 02:46:24.575   142 11473 I ActivityManager:                           ------   ------  ------
06-14 02:46:24.575   142 11473 I ActivityManager:                          272561K  233032K  TOTAL
06-14 02:46:24.575   142 11473 I ActivityManager: RAM: 342896K total, 30060K free, 1548K buffers, 49712K cached, 18576K shmem, 9296K sla
06-14 02:46:26.169   142   159 I ActivityManager: Start proc com.whatsapp for service com.whatsapp/.messaging.MessageService: pid=11483 uid=10070 gids={1015, 3003}
06-14 02:46:26.177 11483 11483 I dalvikvm: Turning on JNI app bug workarounds for target SDK version 7...
06-14 02:46:26.439 11483 11485 D dalvikvm: GC_CONCURRENT freed 174K, 3% free 9362K/9607K, paused 3ms+5ms
06-14 02:46:26.876 11483 11485 D dalvikvm: GC_CONCURRENT freed 293K, 4% free 9614K/9991K, paused 4ms+2ms
06-14 02:46:27.064 11483 11483 I SqliteDatabaseCpp: sqlite returned: error code = 1, msg = duplicate column name: photo_ts, db=/data/data/com.whatsapp/databases/msgstore.db
06-14 02:46:27.064 11483 11483 I SqliteDatabaseCpp: sqlite returned: error code = 1, msg = duplicate column name: thumb_ts, db=/data/data/com.whatsapp/databases/msgstore.db
06-14 02:46:27.064 11483 11483 I SqliteDatabaseCpp: sqlite returned: error code = 1, msg = duplicate column name: photo_id_timestamp, db=/data/data/com.whatsapp/databases/msgstore.db
06-14 02:46:27.122   142   370 I ActivityManager: Start proc android.process.acore for content provider com.android.providers.contacts/.ContactsProvider2: pid=11503 uid=10000 gids={3003, 1015}
06-14 02:46:27.267 11503 11503 I ActivityThread: Pub call_log: com.android.providers.contacts.CallLogProvider
06-14 02:46:27.314 11503 11503 I ActivityThread: Pub com.android.voicemail: com.android.providers.contacts.VoicemailContentProvider
06-14 02:46:27.314 11503 11503 I ActivityThread: Pub user_dictionary: com.android.providers.userdictionary.UserDictionaryProvider
06-14 02:46:27.345 11483 11483 I dalvikvm: Could not find method android.media.MediaMetadataRetriever.captureFrame, referenced from method com.whatsapp.d3.a
06-14 02:46:27.345 11483 11483 W dalvikvm: VFY: unable to resolve virtual method 496: Landroid/media/MediaMetadataRetriever;.captureFrame ()Landroid/graphics/Bitmap;
06-14 02:46:27.345 11483 11483 D dalvikvm: VFY: replacing opcode 0x6e at 0x0134
06-14 02:46:27.384 11503 11503 I ActivityThread: Pub com.android.social: com.android.providers.contacts.SocialProvider
06-14 02:46:27.388 11503 11503 I ActivityThread: Pub applications: com.android.providers.applications.ApplicationsProvider
06-14 02:46:27.591 11503 11506 D dalvikvm: GC_CONCURRENT freed 343K, 5% free 9151K/9607K, paused 2ms+14ms
06-14 02:46:27.595 11483 11485 D dalvikvm: GC_CONCURRENT freed 433K, 5% free 9740K/10247K, paused 2ms+2ms
06-14 02:46:27.638 11503 11503 I ActivityThread: Pub contacts;com.android.contacts: com.android.providers.contacts.ContactsProvider2
06-14 02:46:27.880   142   602 I ActivityManager: Process com.facebook.orca (pid 11433) has died.
06-14 02:46:27.884   142   602 W ActivityManager: Scheduling restart of crashed service com.facebook.orca/.push.mqtt.MqttPushService in 5000ms
06-14 02:46:27.931 11483 11485 D dalvikvm: GC_CONCURRENT freed 215K, 4% free 9977K/10311K, paused 2ms+9ms
06-14 02:46:28.861 11503 11506 D dalvikvm: GC_CONCURRENT freed 202K, 4% free 9339K/9671K, paused 1ms+2ms
06-14 02:46:30.697 11503 11506 D dalvikvm: GC_CONCURRENT freed 199K, 4% free 9531K/9863K, paused 2ms+25ms
06-14 02:46:32.962   142   159 I ActivityManager: Start proc com.facebook.orca for service com.facebook.orca/.push.mqtt.MqttPushService: pid=11527 uid=10061 gids={3003, 1015, 1006}
06-14 02:46:32.993   357   357 D dalvikvm: GC_EXPLICIT freed <1K, 6% free 9100K/9607K, paused 1ms+2ms
06-14 02:46:32.997 11527 11527 I dalvikvm: Turning on JNI app bug workarounds for target SDK version 10...
06-14 02:46:33.157 11527 11527 I ActivityThread: Pub com.facebook.orca.notify.MessengerLoggedInUserProvider: com.facebook.orca.notify.MessengerLoggedInUserProvider
06-14 02:46:33.193 11527 11527 I ActivityThread: Pub com.facebook.orca.notify.MessengerForegroundProvider: com.facebook.orca.notify.MessengerForegroundProvider
06-14 02:46:33.204 11527 11527 V orca:OrcaApplication: Forcing initialization of AsyncTask
06-14 02:46:33.411 11527 11529 D dalvikvm: GC_CONCURRENT freed 229K, 4% free 9306K/9607K, paused 7ms+2ms
06-14 02:46:33.435 11527 11527 I Finalizer: Couldn't access Thread.inheritableThreadLocals. Reference finalizer threads will inherit thread local values.
06-14 02:46:33.579 11527 11529 D dalvikvm: GC_CONCURRENT freed 357K, 5% free 9457K/9927K, paused 2ms+3ms
06-14 02:46:33.665 11527 11527 W OrcaGuiceModule: Sig: ijxLJi1yGs1JpL-X1SExmchvork
06-14 02:46:33.767 11527 11529 D dalvikvm: GC_CONCURRENT freed 280K, 4% free 9616K/9991K, paused 11ms+3ms
06-14 02:46:34.048 11527 11542 W Resources: Converting to string: TypedValue{t=0x10/d=0xffffffff a=-1}
06-14 02:46:34.228 11527 11529 D dalvikvm: GC_CONCURRENT freed 327K, 4% free 9848K/10247K, paused 3ms+3ms
06-14 02:46:34.329 11527 11527 D ACRA    : Retrieve application default SharedPreferences.
06-14 02:46:34.329 11527 11527 D ACRA    : Set OnSharedPreferenceChangeListener.
06-14 02:46:34.329 11527 11527 D ACRA    : ACRA is enabled for com.facebook.orca, intializing...
06-14 02:46:34.407 11527 11529 D dalvikvm: GC_CONCURRENT freed 304K, 4% free 10061K/10439K, paused 11ms+2ms
06-14 02:46:34.411 11527 11527 D ACRA    : Looking for error files in /data/data/com.facebook.orca/app_acra-reports
06-14 02:46:34.462 11527 11542 D dalvikvm: GC_FOR_ALLOC freed 230K, 6% free 10117K/10695K, paused 18ms
06-14 02:46:34.509 11527 11542 D dalvikvm: GC_FOR_ALLOC freed 117K, 5% free 10219K/10695K, paused 18ms
06-14 02:46:34.614 11017 11031 I PhoneLab-: Service Running
06-14 02:46:34.681 11527 11542 D dalvikvm: GC_FOR_ALLOC freed 216K, 6% free 10248K/10823K, paused 114ms
06-14 02:46:34.775 11017 11031 I PhoneLab-LoggerService: app_38    27718 1     1112   664   c00f181c 400107b4 S logcat
06-14 02:46:34.775 11017 11031 I PhoneLab-LoggerService: Logcat pid from database 27718
06-14 02:46:34.775 11017 11031 I PhoneLab-LoggerService: Logcat process found 27718
06-14 02:46:34.775 11017 11031 I PhoneLab-LoggerService: Checking Threshold
06-14 02:46:34.775 11017 11031 I PhoneLab-LoggerService: Starting to rename files
06-14 02:46:34.790 11017 11031 I PhoneLab-LoggerService: Files found .. 2
06-14 02:46:34.841 11527 11529 D dalvikvm: GC_CONCURRENT freed 381K, 5% free 10434K/10887K, paused 1ms+4ms
06-14 02:46:35.029 11527 11529 D dalvikvm: GC_CONCURRENT freed 151K, 3% free 10856K/11079K, paused 1ms+3ms
06-14 02:46:35.243 11527 11529 D dalvikvm: GC_CONCURRENT freed 534K, 6% free 10985K/11591K, paused 3ms+3ms
06-14 02:46:35.400 11527 11529 D dalvikvm: GC_CONCURRENT freed 310K, 4% free 11338K/11719K, paused 3ms+5ms
06-14 02:46:35.478   142   921 I ActivityManager: Process android.process.acore (pid 11503) has died.
06-14 02:46:36.767 11527 11529 D dalvikvm: GC_CONCURRENT freed 672K, 7% free 11369K/12167K, paused 2ms+2ms
06-14 02:46:40.634   959   959 D dalvikvm: GC_EXPLICIT freed 105K, 21% free 11681K/14663K, paused 19ms+3ms
06-14 02:46:41.411   342   342 D SAN_SERVICE: *******************************************
06-14 02:46:41.411   342   342 D SAN_SERVICE: DM App Phone Service State - 0
06-14 02:46:41.411   342   342 D SAN_SERVICE: *******************************************
06-14 02:46:41.634   342   342 D SAN_SERVICE: *******************************************
06-14 02:46:41.634   342   342 D SAN_SERVICE: DM App Phone Service State - 0
06-14 02:46:41.634   342   342 D SAN_SERVICE: *******************************************
06-14 02:46:46.739 27790 27790 D dalvikvm: GC_EXPLICIT freed 51K, 36% free 11631K/17991K, paused 24ms+4ms
06-14 02:46:51.810   142   158 D dalvikvm: GC_EXPLICIT freed 1388K, 23% free 19046K/24647K, paused 43ms+7ms
06-14 02:46:52.614   142   172 I ActivityManager: Start proc com.twitter.android for service com.twitter.android/.client.AppService: pid=11552 uid=10068 gids={3003, 1015}
06-14 02:46:52.646 11552 11552 I dalvikvm: Turning on JNI app bug workarounds for target SDK version 11...
06-14 02:46:52.697    80    80 D dalvikvm: GC_EXPLICIT freed 37K, 4% free 9031K/9347K, paused 6ms+9ms
06-14 02:46:52.759    80    80 D dalvikvm: GC_EXPLICIT freed <1K, 4% free 9031K/9347K, paused 2ms+2ms
06-14 02:46:52.802    80    80 D dalvikvm: GC_EXPLICIT freed <1K, 4% free 9031K/9347K, paused 6ms+3ms
06-14 02:46:52.825 11552 11552 I ActivityThread: Pub com.twitter.android.provider.GlobalDatabaseProvider: com.twitter.android.provider.GlobalDatabaseProvider
06-14 02:46:52.833 11552 11552 I ActivityThread: Pub com.twitter.android.provider.TwitterProvider: com.twitter.android.provider.TwitterProvider
06-14 02:46:52.919 11552 11554 D dalvikvm: GC_CONCURRENT freed 225K, 4% free 9266K/9607K, paused 2ms+5ms
06-14 02:46:53.189 11552 11554 D dalvikvm: GC_CONCURRENT freed 174K, 4% free 9497K/9799K, paused 1ms+1ms
06-14 02:46:53.337 11552 11554 D dalvikvm: GC_CONCURRENT freed 304K, 5% free 9626K/10055K, paused 2ms+2ms
06-14 02:46:53.474 11552 11554 D dalvikvm: GC_CONCURRENT freed 312K, 5% free 9762K/10183K, paused 1ms+1ms
06-14 02:46:53.599 11552 11554 D dalvikvm: GC_CONCURRENT freed 311K, 5% free 9893K/10311K, paused 2ms+2ms
06-14 02:46:53.736 11552 11554 D dalvikvm: GC_CONCURRENT freed 308K, 4% free 10025K/10439K, paused 1ms+2ms
06-14 02:46:53.857 11552 11554 D dalvikvm: GC_CONCURRENT freed 306K, 4% free 10156K/10567K, paused 2ms+2ms
06-14 02:46:53.978 11552 11554 D dalvikvm: GC_CONCURRENT freed 291K, 4% free 10282K/10695K, paused 1ms+1ms
06-14 02:46:54.146 11552 11554 D dalvikvm: GC_CONCURRENT freed 482K, 6% free 10223K/10823K, paused 2ms+2ms
06-14 02:46:54.279 11552 11554 D dalvikvm: GC_CONCURRENT freed 322K, 5% free 10298K/10823K, paused 6ms+3ms
06-14 02:46:54.431 11552 11554 D dalvikvm: GC_CONCURRENT freed 327K, 5% free 10389K/10823K, paused 3ms+2ms
06-14 02:46:54.560 11552 11554 D dalvikvm: GC_CONCURRENT freed 371K, 5% free 10475K/10951K, paused 2ms+2ms
06-14 02:46:54.677 11552 11554 D dalvikvm: GC_CONCURRENT freed 340K, 5% free 10557K/11015K, paused 2ms+2ms
06-14 02:46:54.810 11552 11554 D dalvikvm: GC_CONCURRENT freed 325K, 4% free 10637K/11079K, paused 1ms+3ms
06-14 02:46:54.950 11552 11554 D dalvikvm: GC_CONCURRENT freed 380K, 5% free 10727K/11207K, paused 1ms+2ms
06-14 02:46:55.083 11552 11554 D dalvikvm: GC_CONCURRENT freed 396K, 5% free 10820K/11335K, paused 1ms+2ms
06-14 02:46:56.337 11552 11554 D dalvikvm: GC_CONCURRENT freed 343K, 5% free 11003K/11463K, paused 2ms+6ms
06-14 02:46:56.724   213   213 D dalvikvm: GC_EXPLICIT freed 9K, 59% free 9685K/23239K, paused 28ms+3ms
06-14 02:47:05.107   342   342 D dalvikvm: GC_EXPLICIT freed 65K, 16% free 12088K/14343K, paused 2ms+3ms
06-14 02:47:10.185   428   428 D dalvikvm: GC_EXPLICIT freed <1K, 4% free 9037K/9347K, paused 25ms+1ms
06-14 02:47:15.220   142 12773 I ActivityManager: Process com.twitter.android (pid 11552) has died.
06-14 02:47:15.822   142   197 D DhcpInfoInternal: makeLinkProperties with empty dns2!
06-14 02:47:15.825   142   197 D DhcpInfoInternal: makeLinkProperties with empty dns2!
06-14 02:47:20.950   142   421 I ActivityManager: Start proc com.google.android.apps.maps:LocationFriendService for service com.google.android.apps.maps/com.google.googlenav.friend.reporting.LocationReceiverService: pid=11589 uid=10057 gids={3003, 1015}
06-14 02:47:21.114 11589 11592 D dalvikvm: GC_CONCURRENT freed 153K, 3% free 9383K/9607K, paused 2ms+2ms
06-14 02:47:21.509 11589 11592 D dalvikvm: GC_CONCURRENT freed 153K, 3% free 9685K/9927K, paused 10ms+3ms
06-14 02:47:21.915 11589 11592 D dalvikvm: GC_CONCURRENT freed 321K, 4% free 9919K/10311K, paused 2ms+2ms
06-14 02:47:22.111   142   916 I ActivityManager: Process com.google.android.apps.maps:LocationFriendService (pid 11589) has died.
06-14 02:47:28.107   324   324 D dalvikvm: GC_EXPLICIT freed <1K, 20% free 10618K/13191K, paused 26ms+3ms
06-14 02:47:33.040 16941 16941 E GeckoApp: low memory
06-14 02:47:33.161 16941 16941 D dalvikvm: GC_EXPLICIT freed 7K, 22% free 10500K/13319K, paused 27ms+6ms
06-14 02:47:36.021   342   342 D SAN_SERVICE: *******************************************
06-14 02:47:36.021   342   342 D SAN_SERVICE: DM App Phone Service State - 0
06-14 02:47:36.021   342   342 D SAN_SERVICE: *******************************************
06-14 02:47:36.497   342   342 D SAN_SERVICE: *******************************************
06-14 02:47:36.497   342   342 D SAN_SERVICE: DM App Phone Service State - 0
06-14 02:47:36.497   342   342 D SAN_SERVICE: *******************************************
06-14 02:47:41.591 11017 11017 D dalvikvm: GC_EXPLICIT freed 51K, 4% free 9051K/9415K, paused 20ms+3ms
06-14 02:47:46.591 11239 11239 D dalvikvm: GC_EXPLICIT freed 262K, 7% free 10233K/10887K, paused 47ms+2ms
06-14 02:47:51.618 11083 11083 D dalvikvm: GC_EXPLICIT freed 145K, 6% free 9732K/10247K, paused 16ms+3ms
06-14 02:47:56.630 30026 30026 D dalvikvm: GC_EXPLICIT freed 75K, 7% free 10015K/10695K, paused 6ms+5ms
06-14 02:48:05.126 11375 11375 D dalvikvm: GC_EXPLICIT freed 52K, 4% free 9056K/9347K, paused 5ms+2ms
06-14 02:48:20.958   142   916 I ActivityManager: Start proc com.google.android.apps.maps:LocationFriendService for service com.google.android.apps.maps/com.google.googlenav.friend.reporting.LocationReceiverService: pid=11612 uid=10057 gids={3003, 1015}
06-14 02:48:21.075 11612 11615 D dalvikvm: GC_CONCURRENT freed 156K, 3% free 9380K/9607K, paused 2ms+3ms
06-14 02:48:21.282 11612 11615 D dalvikvm: GC_CONCURRENT freed 161K, 3% free 9726K/9991K, paused 2ms+2ms
06-14 02:48:21.497 11612 11615 D dalvikvm: GC_CONCURRENT freed 317K, 4% free 9920K/10311K, paused 5ms+3ms
06-14 02:48:21.521   142   919 I ActivityManager: Process com.facebook.orca (pid 11527) has died.
06-14 02:48:21.521   142   919 W ActivityManager: Scheduling restart of crashed service com.facebook.orca/.push.mqtt.MqttPushService in 5000ms
06-14 02:48:21.786 11612 11615 D dalvikvm: GC_CONCURRENT freed 286K, 4% free 10028K/10439K, paused 11ms+3ms
06-14 02:48:21.962 11612 11615 D dalvikvm: GC_CONCURRENT freed 213K, 4% free 10225K/10567K, paused 2ms+2ms
06-14 02:48:26.595   142   159 I ActivityManager: Start proc com.facebook.orca for service com.facebook.orca/.push.mqtt.MqttPushService: pid=11639 uid=10061 gids={3003, 1015, 1006}
06-14 02:48:26.607 11639 11639 I dalvikvm: Turning on JNI app bug workarounds for target SDK version 10...
06-14 02:48:26.646   357   357 D dalvikvm: GC_EXPLICIT freed <1K, 6% free 9100K/9607K, paused 2ms+5ms
06-14 02:48:26.782 11639 11639 I ActivityThread: Pub com.facebook.orca.notify.MessengerLoggedInUserProvider: com.facebook.orca.notify.MessengerLoggedInUserProvider
06-14 02:48:26.806 11639 11639 I ActivityThread: Pub com.facebook.orca.notify.MessengerForegroundProvider: com.facebook.orca.notify.MessengerForegroundProvider
06-14 02:48:26.814 11639 11639 V orca:OrcaApplication: Forcing initialization of AsyncTask
06-14 02:48:26.958 11639 11641 D dalvikvm: GC_CONCURRENT freed 209K, 4% free 9309K/9607K, paused 3ms+2ms
06-14 02:48:26.966 11639 11639 I Finalizer: Couldn't access Thread.inheritableThreadLocals. Reference finalizer threads will inherit thread local values.
06-14 02:48:27.001   142   922 I ActivityManager: Process com.google.android.apps.maps:LocationFriendService (pid 11612) has died.
06-14 02:48:27.130 11639 11641 D dalvikvm: GC_CONCURRENT freed 360K, 5% free 9427K/9863K, paused 1ms+2ms
06-14 02:48:27.208 11639 11639 W OrcaGuiceModule: Sig: ijxLJi1yGs1JpL-X1SExmchvork
06-14 02:48:27.282 11639 11641 D dalvikvm: GC_CONCURRENT freed 275K, 4% free 9615K/9991K, paused 4ms+2ms
06-14 02:48:27.626 11639 11654 W Resources: Converting to string: TypedValue{t=0x10/d=0xffffffff a=-1}
06-14 02:48:27.868 11639 11641 D dalvikvm: GC_CONCURRENT freed 327K, 4% free 9848K/10247K, paused 4ms+3ms
06-14 02:48:27.958 11639 11639 D ACRA    : Retrieve application default SharedPreferences.
06-14 02:48:27.958 11639 11639 D ACRA    : Set OnSharedPreferenceChangeListener.
06-14 02:48:27.958 11639 11639 D ACRA    : ACRA is enabled for com.facebook.orca, intializing...
06-14 02:48:28.032 11639 11641 D dalvikvm: GC_CONCURRENT freed 293K, 4% free 10071K/10439K, paused 5ms+5ms
06-14 02:48:28.036 11639 11639 D ACRA    : Looking for error files in /data/data/com.facebook.orca/app_acra-reports
06-14 02:48:28.064 11639 11654 D dalvikvm: GC_FOR_ALLOC freed 234K, 6% free 10115K/10695K, paused 20ms
06-14 02:48:28.122 11639 11654 D dalvikvm: GC_FOR_ALLOC freed 136K, 5% free 10222K/10695K, paused 20ms
06-14 02:48:28.161 11639 11654 D dalvikvm: GC_FOR_ALLOC freed 205K, 5% free 10248K/10759K, paused 21ms
06-14 02:48:28.310 11639 11641 D dalvikvm: GC_CONCURRENT freed 377K, 5% free 10438K/10887K, paused 2ms+3ms
06-14 02:48:28.505 11639 11641 D dalvikvm: GC_CONCURRENT freed 147K, 2% free 10861K/11079K, paused 2ms+3ms
06-14 02:48:28.685 11639 11641 D dalvikvm: GC_CONCURRENT freed 521K, 6% free 10998K/11591K, paused 2ms+3ms
06-14 02:48:28.857 11639 11641 D dalvikvm: GC_CONCURRENT freed 348K, 4% free 11364K/11783K, paused 2ms+3ms
06-14 02:48:30.997 11639 11641 D dalvikvm: GC_CONCURRENT freed 686K, 7% free 11375K/12167K, paused 2ms+4ms
06-14 02:48:33.017   959   959 D dalvikvm: GC_EXPLICIT freed 185K, 21% free 11693K/14663K, paused 16ms+3ms
06-14 02:48:34.591 11017 11031 I PhoneLab-: Service Running
06-14 02:48:34.724 11017 11031 I PhoneLab-LoggerService: app_38    27718 1     1112   664   c00f181c 400107b4 S logcat
06-14 02:48:34.724 11017 11031 I PhoneLab-LoggerService: Logcat pid from database 27718
06-14 02:48:34.724 11017 11031 I PhoneLab-LoggerService: Logcat process found 27718
06-14 02:48:34.724 11017 11031 I PhoneLab-LoggerService: Checking Threshold
06-14 02:48:34.724 11017 11031 I PhoneLab-LoggerService: Starting to rename files
06-14 02:48:34.728 11017 11031 I PhoneLab-LoggerService: Files found .. 2
06-14 02:48:38.048 27790 27790 D dalvikvm: GC_EXPLICIT freed 52K, 36% free 11631K/17991K, paused 32ms+5ms
06-14 02:48:43.068   142   158 D dalvikvm: GC_EXPLICIT freed 952K, 23% free 19069K/24647K, paused 10ms+8ms
06-14 02:48:47.982   213   213 D dalvikvm: GC_EXPLICIT freed 16K, 59% free 9685K/23239K, paused 2ms+4ms
06-14 02:48:53.021   342   342 D dalvikvm: GC_EXPLICIT freed 36K, 16% free 12088K/14343K, paused 30ms+3ms
06-14 02:48:58.021   428   428 D dalvikvm: GC_EXPLICIT freed <1K, 4% free 9037K/9347K, paused 21ms+2ms
06-14 02:49:05.095   324   324 D dalvikvm: GC_EXPLICIT freed <1K, 20% free 10618K/13191K, paused 1ms+4ms
06-14 02:49:10.068 16941 16941 E GeckoApp: low memory
06-14 02:49:10.157 16941 16941 D dalvikvm: GC_EXPLICIT freed 2K, 22% free 10500K/13319K, paused 5ms+6ms
06-14 02:49:15.146 11017 11017 D dalvikvm: GC_EXPLICIT freed 52K, 4% free 9051K/9415K, paused 26ms+1ms
06-14 02:49:18.415   342   342 D SAN_SERVICE: *******************************************
06-14 02:49:18.415   342   342 D SAN_SERVICE: DM App Phone Service State - 0
06-14 02:49:18.419   342   342 D SAN_SERVICE: *******************************************
06-14 02:49:21.075   142   366 I ActivityManager: Start proc com.google.android.apps.maps:LocationFriendService for service com.google.android.apps.maps/com.google.googlenav.friend.reporting.LocationReceiverService: pid=11664 uid=10057 gids={3003, 1015}
06-14 02:49:21.232 11664 11667 D dalvikvm: GC_CONCURRENT freed 161K, 3% free 9375K/9607K, paused 2ms+2ms
06-14 02:49:21.458 11239 11242 D dalvikvm: GC_CONCURRENT freed 476K, 6% free 10245K/10887K, paused 2ms+132ms
06-14 02:49:21.462   142   142 I ActivityManager: Process com.whatsapp (pid 11483) has died.
06-14 02:49:21.462   142   142 W ActivityManager: Scheduling restart of crashed service com.whatsapp/.messaging.MessageService in 5000ms
06-14 02:49:21.489 11664 11667 D dalvikvm: GC_CONCURRENT freed 215K, 4% free 9665K/9991K, paused 2ms+13ms
06-14 02:49:21.943 11664 11667 D dalvikvm: GC_CONCURRENT freed 266K, 4% free 9934K/10311K, paused 1ms+5ms
06-14 02:49:26.489   142   159 I ActivityManager: Start proc com.whatsapp for service com.whatsapp/.messaging.MessageService: pid=11687 uid=10070 gids={1015, 3003}
06-14 02:49:26.517 11687 11687 I dalvikvm: Turning on JNI app bug workarounds for target SDK version 7...
06-14 02:49:26.665 11239 11239 D dalvikvm: GC_EXPLICIT freed 10K, 6% free 10234K/10887K, paused 11ms+7ms
06-14 02:49:26.759 11687 11689 D dalvikvm: GC_CONCURRENT freed 170K, 3% free 9362K/9607K, paused 2ms+2ms
06-14 02:49:26.927   142   370 I ActivityManager: Process com.google.android.apps.maps:LocationFriendService (pid 11664) has died.
06-14 02:49:27.189 11687 11689 D dalvikvm: GC_CONCURRENT freed 288K, 4% free 9606K/9991K, paused 4ms+10ms
06-14 02:49:27.376 11687 11687 I SqliteDatabaseCpp: sqlite returned: error code = 1, msg = duplicate column name: photo_ts, db=/data/data/com.whatsapp/databases/msgstore.db
06-14 02:49:27.376 11687 11687 I SqliteDatabaseCpp: sqlite returned: error code = 1, msg = duplicate column name: thumb_ts, db=/data/data/com.whatsapp/databases/msgstore.db
06-14 02:49:27.376 11687 11687 I SqliteDatabaseCpp: sqlite returned: error code = 1, msg = duplicate column name: photo_id_timestamp, db=/data/data/com.whatsapp/databases/msgstore.db
06-14 02:49:27.415   142   153 I ActivityManager: Start proc android.process.acore for content provider com.android.providers.contacts/.ContactsProvider2: pid=11706 uid=10000 gids={3003, 1015}
06-14 02:49:27.470 11706 11706 I ActivityThread: Pub call_log: com.android.providers.contacts.CallLogProvider
06-14 02:49:27.517 11706 11706 I ActivityThread: Pub com.android.voicemail: com.android.providers.contacts.VoicemailContentProvider
06-14 02:49:27.521 11706 11706 I ActivityThread: Pub user_dictionary: com.android.providers.userdictionary.UserDictionaryProvider
06-14 02:49:27.548 11706 11706 I ActivityThread: Pub com.android.social: com.android.providers.contacts.SocialProvider
06-14 02:49:27.548 11706 11706 I ActivityThread: Pub applications: com.android.providers.applications.ApplicationsProvider
06-14 02:49:27.587 11687 11687 I dalvikvm: Could not find method android.media.MediaMetadataRetriever.captureFrame, referenced from method com.whatsapp.d3.a
06-14 02:49:27.587 11687 11687 W dalvikvm: VFY: unable to resolve virtual method 496: Landroid/media/MediaMetadataRetriever;.captureFrame ()Landroid/graphics/Bitmap;
06-14 02:49:27.587 11687 11687 D dalvikvm: VFY: replacing opcode 0x6e at 0x0134
06-14 02:49:27.732 11706 11706 I ActivityThread: Pub contacts;com.android.contacts: com.android.providers.contacts.ContactsProvider2
06-14 02:49:27.771 11706 11710 D dalvikvm: GC_CONCURRENT freed 350K, 5% free 9186K/9607K, paused 2ms+6ms
06-14 02:49:27.806 11687 11689 D dalvikvm: GC_CONCURRENT freed 433K, 5% free 9740K/10247K, paused 2ms+7ms
06-14 02:49:28.048   142   917 D dalvikvm: GC_EXPLICIT freed 587K, 23% free 19062K/24647K, paused 3ms+15ms
06-14 02:49:28.232 11687 11689 D dalvikvm: GC_CONCURRENT freed 214K, 4% free 9977K/10311K, paused 2ms+10ms
06-14 02:49:29.251 11706 11710 D dalvikvm: GC_CONCURRENT freed 196K, 4% free 9413K/9735K, paused 3ms+4ms
06-14 02:49:29.872   142   602 I ActivityManager: Process android.process.acore (pid 11706) has died.
06-14 02:49:34.982   357   357 D dalvikvm: GC_EXPLICIT freed <1K, 6% free 9100K/9607K, paused 27ms+2ms
06-14 02:49:40.704   142   197 D DhcpInfoInternal: makeLinkProperties with empty dns2!
06-14 02:49:40.704   142   197 D DhcpInfoInternal: makeLinkProperties with empty dns2!
06-14 02:49:44.896   959   959 D dalvikvm: GC_EXPLICIT freed 132K, 21% free 11683K/14663K, paused 1ms+3ms
06-14 02:49:49.970 27790 27790 D dalvikvm: GC_EXPLICIT freed 41K, 36% free 11631K/17991K, paused 25ms+2ms
06-14 02:49:55.013   142   158 D dalvikvm: GC_EXPLICIT freed 301K, 23% free 19034K/24647K, paused 38ms+10ms
06-14 02:49:59.962   213   213 D dalvikvm: GC_EXPLICIT freed 8K, 59% free 9685K/23239K, paused 4ms+3ms
06-14 02:50:05.079   342   342 D dalvikvm: GC_EXPLICIT freed 24K, 16% free 12088K/14343K, paused 2ms+4ms
06-14 02:50:10.107   428   428 D dalvikvm: GC_EXPLICIT freed <1K, 4% free 9037K/9347K, paused 22ms+2ms
06-14 02:50:15.122   324   324 D dalvikvm: GC_EXPLICIT freed <1K, 20% free 10618K/13191K, paused 26ms+3ms
06-14 02:50:19.814 16941 16941 W GeckoBatteryManager: When charging, level should increase!
06-14 02:50:21.103   142   368 I ActivityManager: Start proc com.google.android.apps.maps:LocationFriendService for service com.google.android.apps.maps/com.google.googlenav.friend.reporting.LocationReceiverService: pid=11748 uid=10057 gids={3003, 1015}
06-14 02:50:21.232 11748 11751 D dalvikvm: GC_CONCURRENT freed 168K, 3% free 9368K/9607K, paused 4ms+2ms
06-14 02:50:21.450 11748 11751 D dalvikvm: GC_CONCURRENT freed 166K, 3% free 9682K/9927K, paused 9ms+14ms
06-14 02:50:21.720 11748 11755 I dalvikvm: Total arena pages for JIT: 11
06-14 02:50:21.724 11748 11755 I dalvikvm: Total arena pages for JIT: 12
06-14 02:50:21.728 11748 11755 I dalvikvm: Total arena pages for JIT: 13
06-14 02:50:21.728 11748 11755 I dalvikvm: Total arena pages for JIT: 14
06-14 02:50:21.728 11748 11755 I dalvikvm: Total arena pages for JIT: 15
06-14 02:50:21.728 11748 11755 I dalvikvm: Total arena pages for JIT: 16
06-14 02:50:21.728 11748 11755 I dalvikvm: Total arena pages for JIT: 17
06-14 02:50:21.751 11748 11751 D dalvikvm: GC_CONCURRENT freed 317K, 4% free 9919K/10311K, paused 2ms+5ms
06-14 02:50:22.181   142   916 I ActivityManager: Process com.facebook.orca (pid 11639) has died.
06-14 02:50:22.181   142   916 W ActivityManager: Scheduling restart of crashed service com.facebook.orca/.push.mqtt.MqttPushService in 5000ms
06-14 02:50:22.282 11748 11751 D dalvikvm: GC_CONCURRENT freed 286K, 5% free 10019K/10439K, paused 31ms+2ms
06-14 02:50:22.454 11748 11751 D dalvikvm: GC_CONCURRENT freed 214K, 4% free 10224K/10567K, paused 2ms+2ms
06-14 02:50:27.216   142   159 I ActivityManager: Start proc com.facebook.orca for service com.facebook.orca/.push.mqtt.MqttPushService: pid=11775 uid=10061 gids={3003, 1015, 1006}
06-14 02:50:27.243 11775 11775 I dalvikvm: Turning on JNI app bug workarounds for target SDK version 10...
06-14 02:50:27.255 16941 16941 E GeckoApp: low memory
06-14 02:50:27.411 16941 16941 D dalvikvm: GC_EXPLICIT freed 3K, 22% free 10500K/13319K, paused 2ms+5ms
06-14 02:50:27.454 11775 11775 I ActivityThread: Pub com.facebook.orca.notify.MessengerLoggedInUserProvider: com.facebook.orca.notify.MessengerLoggedInUserProvider
06-14 02:50:27.474 11775 11775 I ActivityThread: Pub com.facebook.orca.notify.MessengerForegroundProvider: com.facebook.orca.notify.MessengerForegroundProvider
06-14 02:50:27.478 11775 11775 V orca:OrcaApplication: Forcing initialization of AsyncTask
06-14 02:50:27.611 11775 11776 D dalvikvm: GC_CONCURRENT freed 226K, 4% free 9308K/9607K, paused 4ms+1ms
06-14 02:50:27.630 11775 11775 I Finalizer: Couldn't access Thread.inheritableThreadLocals. Reference finalizer threads will inherit thread local values.
06-14 02:50:27.759   142   366 I ActivityManager: Process com.google.android.apps.maps:LocationFriendService (pid 11748) has died.
06-14 02:50:27.786 11775 11776 D dalvikvm: GC_CONCURRENT freed 378K, 5% free 9473K/9927K, paused 2ms+2ms
06-14 02:50:27.864 11775 11775 W OrcaGuiceModule: Sig: ijxLJi1yGs1JpL-X1SExmchvork
06-14 02:50:28.224 11775 11776 D dalvikvm: GC_CONCURRENT freed 347K, 5% free 9611K/10055K, paused 8ms+13ms
06-14 02:50:28.263 11775 11790 W Resources: Converting to string: TypedValue{t=0x10/d=0xffffffff a=-1}
06-14 02:50:28.423 11775 11776 D dalvikvm: GC_CONCURRENT freed 282K, 4% free 9892K/10247K, paused 3ms+3ms
06-14 02:50:28.489 11775 11775 D ACRA    : Retrieve application default SharedPreferences.
06-14 02:50:28.489 11775 11775 D ACRA    : Set OnSharedPreferenceChangeListener.
06-14 02:50:28.489 11775 11775 D ACRA    : ACRA is enabled for com.facebook.orca, intializing...
06-14 02:50:28.552 11775 11775 D ACRA    : Looking for error files in /data/data/com.facebook.orca/app_acra-reports
06-14 02:50:28.599 11775 11776 D dalvikvm: GC_CONCURRENT freed 313K, 4% free 10092K/10503K, paused 1ms+8ms
06-14 02:50:28.622 11775 11790 D dalvikvm: GC_FOR_ALLOC freed 73K, 5% free 10145K/10631K, paused 20ms
06-14 02:50:28.665 11775 11790 D dalvikvm: GC_FOR_ALLOC freed 205K, 6% free 10170K/10759K, paused 18ms
06-14 02:50:28.708 11775 11790 D dalvikvm: GC_FOR_ALLOC freed 92K, 5% free 10240K/10759K, paused 19ms
06-14 02:50:28.751 11775 11790 D dalvikvm: GC_FOR_ALLOC freed 223K, 6% free 10268K/10823K, paused 20ms
06-14 02:50:28.790 11775 11790 D dalvikvm: GC_FOR_ALLOC freed 87K, 5% free 10340K/10823K, paused 18ms
06-14 02:50:29.029 11775 11776 D dalvikvm: GC_CONCURRENT freed 255K, 3% free 10625K/10951K, paused 3ms+5ms
06-14 02:50:29.181 11775 11776 D dalvikvm: GC_CONCURRENT freed 308K, 4% free 10892K/11271K, paused 2ms+3ms
06-14 02:50:29.329 11775 11776 D dalvikvm: GC_CONCURRENT freed 527K, 6% free 10993K/11591K, paused 2ms+3ms
06-14 02:50:29.560 11775 11776 D dalvikvm: GC_CONCURRENT freed 237K, 3% free 11475K/11783K, paused 2ms+3ms
06-14 02:50:31.724 11017 11017 I PhoneLab-Locks: wake lock acquired
06-14 02:50:31.759 11017 11017 I PhoneLab-StatusMonitor: Status Monitoring is started
06-14 02:50:32.036 11017 11019 D dalvikvm: GC_CONCURRENT freed 377K, 5% free 9211K/9671K, paused 10ms+3ms
06-14 02:50:32.056 11017 11017 I PhoneLab-StatusMonitor: Value: 10 - unit: min
06-14 02:50:32.056 11017 11017 I PhoneLab-StatusMonitor: Running interval: 600000
06-14 02:50:32.064 11017 11017 I PhoneLab-StatusMonitor: Rescheduling status monitoring...
06-14 02:50:32.064 11017 11017 I PhoneLab-Locks: wake lock released
06-14 02:50:32.072 11017 11017 I PhoneLab-StatusMonitorLocation: Learning Location
06-14 02:50:32.072 11017 11017 I PhoneLab-Locks: wake lock acquired
06-14 02:50:32.114 11017 11017 I PhoneLab-Locks: wake lock acquired
06-14 02:50:32.122 30026 30098 D androidNetworkLocationListeners: Still have listener com.google.android.location.internal.client.NetworkLocationClient$1@413a94e8
06-14 02:50:32.126 11017 11017 I PhoneLab-StatusMonitorLocation: Learning Signal Strgth
06-14 02:50:32.126 11017 11017 I PhoneLab-Locks: wake lock acquired
06-14 02:50:32.157 11017 11017 I PhoneLab-StatusMonitorBattery: Battery_level: 95
06-14 02:50:32.157 11017 11017 I PhoneLab-Locks: wake lock released
06-14 02:50:32.161 11017 11017 I PhoneLab-StatusMonitorSignal: Signal_Strength: -86 asu: 14
06-14 02:50:32.161 11017 11017 I PhoneLab-Locks: wake lock released
06-14 02:50:32.185 30026 30098 D androidNetworkLocationListeners: Still have listener com.google.android.location.internal.client.NetworkLocationClient$1@413a94e8
06-14 02:50:32.247 11017 11017 I PhoneLab-StatusMonitorLocation: Location_Latitude: 42.9620657 Longitude: -78.8170937 Accuracy: 36.0
06-14 02:50:32.247 11017 11017 I PhoneLab-Locks: wake lock released
06-14 02:50:32.251 30026 30098 D androidNetworkLocationListeners: Still have listener com.google.android.location.internal.client.NetworkLocationClient$1@413a94e8
06-14 02:50:32.290   142   330 I ActivityManager: Start proc com.google.android.apps.maps:LocationFriendService for service com.google.android.apps.maps/com.google.googlenav.friend.reporting.LocationReceiverService: pid=11803 uid=10057 gids={3003, 1015}
06-14 02:50:32.431 11803 11805 D dalvikvm: GC_CONCURRENT freed 173K, 3% free 9363K/9607K, paused 2ms+4ms
06-14 02:50:32.630   142   294 I ActivityManager: Process com.google.android.apps.maps:LocationFriendService (pid 11803) has died.
06-14 02:50:33.532 30026 30029 D dalvikvm: GC_CONCURRENT freed 479K, 7% free 10047K/10695K, paused 5ms+4ms
06-14 02:50:33.579   142   330 I ActivityManager: Start proc com.google.android.apps.maps:LocationFriendService for service com.google.android.apps.maps/com.google.googlenav.friend.reporting.LocationReceiverService: pid=11818 uid=10057 gids={3003, 1015}
06-14 02:50:33.681 11818 11820 D dalvikvm: GC_CONCURRENT freed 175K, 3% free 9360K/9607K, paused 1ms+2ms
06-14 02:50:33.822 11818 11820 D dalvikvm: GC_CONCURRENT freed 154K, 3% free 9645K/9927K, paused 10ms+2ms
06-14 02:50:34.568 11017 11031 I PhoneLab-: Service Running
06-14 02:50:34.654   142   921 I ActivityManager: Process com.google.android.apps.maps:LocationFriendService (pid 11818) has died.
06-14 02:50:34.724 11017 11031 I PhoneLab-LoggerService: app_38    27718 1     1112   664   c00f181c 400107b4 S logcat
06-14 02:50:34.728 11017 11031 I PhoneLab-LoggerService: Logcat pid from database 27718
06-14 02:50:34.728 11017 11031 I PhoneLab-LoggerService: Logcat process found 27718
06-14 02:50:34.728 11017 11031 I PhoneLab-LoggerService: Checking Threshold
06-14 02:50:34.728 11017 11031 I PhoneLab-LoggerService: Starting to rename files
06-14 02:50:34.728 11017 11031 I PhoneLab-LoggerService: Files found .. 2
06-14 02:50:39.779   357   357 D dalvikvm: GC_EXPLICIT freed <1K, 6% free 9100K/9607K, paused 27ms+2ms
06-14 02:50:44.794   959   959 D dalvikvm: GC_EXPLICIT freed 107K, 21% free 11681K/14663K, paused 17ms+3ms
06-14 02:50:49.771 27790 27790 D dalvikvm: GC_EXPLICIT freed 52K, 36% free 11631K/17991K, paused 29ms+3ms
06-14 02:50:54.868   142   158 D dalvikvm: GC_EXPLICIT freed 853K, 23% free 19069K/24647K, paused 6ms+11ms
06-14 02:50:59.794   213   213 D dalvikvm: GC_EXPLICIT freed 7K, 59% free 9684K/23239K, paused 24ms+4ms
06-14 02:51:05.122   342   342 D dalvikvm: GC_EXPLICIT freed 13K, 16% free 12088K/14343K, paused 2ms+3ms
06-14 02:51:10.177   428   428 D dalvikvm: GC_EXPLICIT freed <1K, 4% free 9037K/9347K, paused 24ms+2ms
06-14 02:51:15.208   324   324 D dalvikvm: GC_EXPLICIT freed <1K, 20% free 10618K/13191K, paused 27ms+5ms
06-14 02:51:21.200   142 12773 I ActivityManager: Start proc com.google.android.apps.maps:LocationFriendService for service com.google.android.apps.maps/com.google.googlenav.friend.reporting.LocationReceiverService: pid=11834 uid=10057 gids={3003, 1015}
06-14 02:51:21.224    80    80 D dalvikvm: GC_EXPLICIT freed 38K, 4% free 9031K/9347K, paused 1ms+2ms
06-14 02:51:21.267    80    80 D dalvikvm: GC_EXPLICIT freed <1K, 4% free 9031K/9347K, paused 12ms+2ms
06-14 02:51:21.306    80    80 D dalvikvm: GC_EXPLICIT freed <1K, 4% free 9031K/9347K, paused 3ms+2ms
06-14 02:51:21.380 11834 11837 D dalvikvm: GC_CONCURRENT freed 178K, 3% free 9358K/9607K, paused 2ms+2ms
06-14 02:51:21.392 11239 11242 D dalvikvm: GC_CONCURRENT freed 479K, 6% free 10251K/10887K, paused 1ms+2ms
06-14 02:51:21.478   142   154 I ActivityManager: Process com.whatsapp (pid 11687) has died.
06-14 02:51:21.478   142   154 W ActivityManager: Scheduling restart of crashed service com.whatsapp/.messaging.MessageService in 5000ms
06-14 02:51:21.618 11834 11837 D dalvikvm: GC_CONCURRENT freed 161K, 3% free 9663K/9927K, paused 1ms+2ms
06-14 02:51:21.970 11834 11837 D dalvikvm: GC_CONCURRENT freed 279K, 4% free 9893K/10247K, paused 2ms+2ms
06-14 02:51:26.552 16941 16941 E GeckoApp: low memory
06-14 02:51:26.552   142   159 I ActivityManager: Start proc com.whatsapp for service com.whatsapp/.messaging.MessageService: pid=11857 uid=10070 gids={1015, 3003}
06-14 02:51:26.560 11857 11857 I dalvikvm: Turning on JNI app bug workarounds for target SDK version 7...
06-14 02:51:26.661 16941 16941 D dalvikvm: GC_EXPLICIT freed 2K, 22% free 10500K/13319K, paused 21ms+4ms
06-14 02:51:26.755 11857 11859 D dalvikvm: GC_CONCURRENT freed 155K, 3% free 9362K/9607K, paused 1ms+2ms
06-14 02:51:26.950   142   368 I ActivityManager: Process com.google.android.apps.maps:LocationFriendService (pid 11834) has died.
06-14 02:51:27.220 11857 11859 D dalvikvm: GC_CONCURRENT freed 310K, 4% free 9595K/9991K, paused 2ms+28ms
06-14 02:51:27.361 11857 11857 I SqliteDatabaseCpp: sqlite returned: error code = 1, msg = duplicate column name: photo_ts, db=/data/data/com.whatsapp/databases/msgstore.db
06-14 02:51:27.361 11857 11857 I SqliteDatabaseCpp: sqlite returned: error code = 1, msg = duplicate column name: thumb_ts, db=/data/data/com.whatsapp/databases/msgstore.db
06-14 02:51:27.361 11857 11857 I SqliteDatabaseCpp: sqlite returned: error code = 1, msg = duplicate column name: photo_id_timestamp, db=/data/data/com.whatsapp/databases/msgstore.db
06-14 02:51:27.447   142   919 I ActivityManager: Start proc android.process.acore for content provider com.android.providers.contacts/.ContactsProvider2: pid=11878 uid=10000 gids={3003, 1015}
06-14 02:51:27.552 11878 11878 I ActivityThread: Pub call_log: com.android.providers.contacts.CallLogProvider
06-14 02:51:27.595 11878 11878 I ActivityThread: Pub com.android.voicemail: com.android.providers.contacts.VoicemailContentProvider
06-14 02:51:27.599 11878 11878 I ActivityThread: Pub user_dictionary: com.android.providers.userdictionary.UserDictionaryProvider
06-14 02:51:27.650 11857 11857 I dalvikvm: Could not find method android.media.MediaMetadataRetriever.captureFrame, referenced from method com.whatsapp.d3.a
06-14 02:51:27.650 11857 11857 W dalvikvm: VFY: unable to resolve virtual method 496: Landroid/media/MediaMetadataRetriever;.captureFrame ()Landroid/graphics/Bitmap;
06-14 02:51:27.650 11857 11857 D dalvikvm: VFY: replacing opcode 0x6e at 0x0134
06-14 02:51:27.669 11878 11878 I ActivityThread: Pub com.android.social: com.android.providers.contacts.SocialProvider
06-14 02:51:27.669 11878 11878 I ActivityThread: Pub applications: com.android.providers.applications.ApplicationsProvider
06-14 02:51:27.923 11878 11878 I ActivityThread: Pub contacts;com.android.contacts: com.android.providers.contacts.ContactsProvider2
06-14 02:51:27.954 11857 11859 D dalvikvm: GC_CONCURRENT freed 398K, 5% free 9707K/10183K, paused 2ms+30ms
06-14 02:51:27.993 11878 11881 D dalvikvm: GC_CONCURRENT freed 350K, 5% free 9186K/9607K, paused 1ms+22ms
06-14 02:51:28.310 11857 11859 D dalvikvm: GC_CONCURRENT freed 172K, 3% free 9956K/10247K, paused 2ms+4ms
06-14 02:51:31.099   142 11871 I ActivityManager: Applications Memory Usage (kB):
06-14 02:51:31.099   142 11871 I ActivityManager: Uptime: 167055648 Realtime: 293952043
06-14 02:51:31.099   142 11871 I ActivityManager: Total PSS by OOM adjustment:
06-14 02:51:31.099   142 11871 I ActivityManager:     34594 kB: System
06-14 02:51:31.099   142 11871 I ActivityManager:                34594 kB: system (pid 142)
06-14 02:51:31.099   142 11871 I ActivityManager:     29022 kB: Persistent
06-14 02:51:31.099   142 11871 I ActivityManager:                12643 kB: com.android.systemui (pid 213)
06-14 02:51:31.099   142 11871 I ActivityManager:                12210 kB: com.android.phone (pid 342)
06-14 02:51:31.099   142 11871 I ActivityManager:                 4169 kB: com.android.nfc (pid 357)
06-14 02:51:31.099   142 11871 I ActivityManager:     31307 kB: Foreground
06-14 02:51:31.099   142 11871 I ActivityManager:                31307 kB: com.android.launcher (pid 27790)
06-14 02:51:31.099   142 11871 I ActivityManager:      2978 kB: Visible
06-14 02:51:31.099   142 11871 I ActivityManager:                 2978 kB: com.android.smspush (pid 428)
06-14 02:51:31.099   142 11871 I ActivityManager:     29910 kB: Perceptible
06-14 02:51:31.099   142 11871 I ActivityManager:                19625 kB: hr.podlanica (pid 959)
06-14 02:51:31.099   142 11871 I ActivityManager:                10285 kB: com.android.inputmethod.latin (pid 324)
06-14 02:51:31.099   142 11871 I ActivityManager:     25297 kB: A Services
06-14 02:51:31.099   142 11871 I ActivityManager:                10110 kB: com.google.process.gapps (pid 30026)
06-14 02:51:31.099   142 11871 I ActivityManager:                 7781 kB: com.whatsapp (pid 11857)
06-14 02:51:31.099   142 11871 I ActivityManager:                 7406 kB: com.google.android.apps.maps:NetworkLocationService (pid 11239)
06-14 02:51:31.099   142 11871 I ActivityManager:     67283 kB: Previous
06-14 02:51:31.099   142 11871 I ActivityManager:                67283 kB: org.mozilla.firefox_beta (pid 16941)
06-14 02:51:31.099   142 11871 I ActivityManager:     29123 kB: B Services
06-14 02:51:31.099   142 11871 I ActivityManager:                15428 kB: com.facebook.orca (pid 11775)
06-14 02:51:31.099   142 11871 I ActivityManager:                 5591 kB: com.google.android.apps.googlevoice (pid 11083)
06-14 02:51:31.099   142 11871 I ActivityManager:                 5082 kB: edu.buffalo.cse.phonelab.phonelabservices (pid 11017)
06-14 02:51:31.099   142 11871 I ActivityManager:                 3022 kB: com.android.sprintmenu (pid 11375)
06-14 02:51:31.099   142 11871 I ActivityManager: 
06-14 02:51:31.099   142 11871 I ActivityManager: Total PSS: 249514 kB
06-14 02:51:31.099   142 11871 I ActivityManager:   PID      Vss      Rss      Pss      Uss  cmdline
06-14 02:51:31.099   142 11871 I ActivityManager: 16941   84200K   84112K   67382K   66228K  org.mozilla.firefox_beta
06-14 02:51:31.099   142 11871 I ActivityManager:   142   53076K   53012K   34612K   30988K  system_server
06-14 02:51:31.099   142 11871 I ActivityManager: 27790   49844K   49740K   31407K   28716K  com.android.launcher
06-14 02:51:31.099   142 11871 I ActivityManager:   959   33896K   33816K   19663K   18780K  hr.podlanica
06-14 02:51:31.099   142 11871 I ActivityManager: 11775   35972K   35900K   15109K   12648K  com.facebook.orca
06-14 02:51:31.099   142 11871 I ActivityManager:    79   24324K   21324K   13867K    7208K  /system/bin/surfaceflinger
06-14 02:51:31.099   142 11871 I ActivityManager:   213   32036K   31936K   12688K    8484K  com.android.systemui
06-14 02:51:31.099   142 11871 I ActivityManager:   342   27992K   27908K   12205K   11184K  com.android.phone
06-14 02:51:31.099   142 11871 I ActivityManager:   324   25192K   25104K   10282K    9384K  com.android.inputmethod.latin
06-14 02:51:31.099   142 11871 I ActivityManager: 30026   27404K   27352K   10135K    8888K  com.google.process.gapps
06-14 02:51:31.099   142 11871 I ActivityManager: 11857   29364K   29296K    8123K    5844K  com.whatsapp
06-14 02:51:31.099   142 11871 I ActivityManager: 11239   27664K   27600K    7455K    5512K  com.google.android.apps.maps:NetworkLocationService
06-14 02:51:31.099   142 11871 I ActivityManager: 11878   26232K   26160K    5682K    3700K  android.process.acore
06-14 02:51:31.099   142 11871 I ActivityManager: 11083   25828K   25728K    5639K    3952K  com.google.android.apps.googlevoice
06-14 02:51:31.099   142 11871 I ActivityManager: 11017   24692K   24628K    5098K    3456K  edu.buffalo.cse.phonelab.phonelabservices
06-14 02:51:31.099   142 11871 I ActivityManager:   357   19368K   19272K    4212K    3296K  com.android.nfc
06-14 02:51:31.099   142 11871 I ActivityManager: 18802   18056K   17952K    3455K    2544K  com.spotify.mobile.android.ui
06-14 02:51:31.099   142 11871 I ActivityManager: 11375   22456K   22352K    3068K    1528K  com.android.sprintmenu
06-14 02:51:31.099   142 11871 I ActivityManager:   428   18516K   18404K    2966K    1932K  com.android.smspush
06-14 02:51:31.099   142 11871 I ActivityManager:    80   18684K   18556K    2210K    1020K  zygote
06-14 02:51:31.099   142 11871 I ActivityManager:    82    2208K    2208K    1922K    1900K  /system/bin/mediaserver
06-14 02:51:31.099   142 11871 I ActivityManager:    81    1088K    1088K     883K     876K  /system/bin/drmserver
06-14 02:51:31.099   142 11871 I ActivityManager:    78    1088K    1088K     802K     784K  /system/bin/rild
06-14 02:51:31.099   142 11871 I ActivityManager: 11898     664K     656K     527K     520K  procrank
06-14 02:51:31.099   142 11871 I ActivityManager: 27718     668K     664K     525K     520K  logcat
06-14 02:51:31.099   142 11871 I ActivityManager:  8348     580K     576K     419K     412K  /system/bin/wpa_supplicant
06-14 02:51:31.099   142 11871 I ActivityManager:    88     424K     424K     408K     408K  /sbin/adbd
06-14 02:51:31.099   142 11871 I ActivityManager: 28302     576K     576K     389K     376K  /system/bin/netd
06-14 02:51:31.099   142 11871 I ActivityManager:   298     388K     388K     302K     300K  /system/bin/bluetoothd
06-14 02:51:31.099   142 11871 I ActivityManager:    73     436K     432K     296K     288K  /system/bin/vold
06-14 02:51:31.099   142 11871 I ActivityManager:    86     472K     468K     283K     276K  /system/vendor/bin/gpsd
06-14 02:51:31.099   142 11871 I ActivityManager:    85     404K     368K     248K     244K  /system/bin/keystore
06-14 02:51:31.099   142 11871 I ActivityManager:    83     276K     268K     186K     184K  /system/bin/dbus-daemon
06-14 02:51:31.099   142 11871 I ActivityManager:  7013     344K     340K     186K     180K  /system/bin/dhcpcd
06-14 02:51:31.099   142 11871 I ActivityManager:     1     204K     204K     138K     100K  /init
06-14 02:51:31.099   142 11871 I ActivityManager:   200     204K     196K     133K     132K  /system/bin/brcm_patchram_plus
06-14 02:51:31.099   142 11871 I ActivityManager:    84     248K     240K     123K     120K  /system/bin/installd
06-14 02:51:31.099   142 11871 I ActivityManager:    61     160K     160K     122K      84K  /sbin/ueventd
06-14 02:51:31.099   142 11871 I ActivityManager:    87     172K     168K     105K     104K  /system/bin/sh
06-14 02:51:31.099   142 11871 I ActivityManager:    72     180K     172K      94K      92K  /system/bin/servicemanager
06-14 02:51:31.099   142 11871 I ActivityManager: 11322     204K     196K      79K      72K  /system/bin/debuggerd
06-14 02:51:31.099   142 11871 I ActivityManager:                           ------   ------  ------
06-14 02:51:31.099   142 11871 I ActivityManager:                          283451K  243264K  TOTAL
06-14 02:51:31.099   142 11871 I ActivityManager: RAM
06-14 02:51:32.056 11878 11881 D dalvikvm: GC_CONCURRENT freed 153K, 3% free 9461K/9735K, paused 9ms+2ms
06-14 02:51:32.130 11857 11859 D dalvikvm: GC_CONCURRENT freed 507K, 7% free 9864K/10503K, paused 2ms+2ms
06-14 02:51:33.130   142   370 I ActivityManager: Process android.process.acore (pid 11878) has died.
06-14 02:51:38.322   357   357 D dalvikvm: GC_EXPLICIT freed <1K, 6% free 9100K/9607K, paused 27ms+2ms
06-14 02:51:43.329   959   959 D dalvikvm: GC_EXPLICIT freed 96K, 21% free 11680K/14663K, paused 17ms+3ms
06-14 02:51:48.325 27790 27790 D dalvikvm: GC_EXPLICIT freed 41K, 36% free 11631K/17991K, paused 32ms+3ms
06-14 02:51:53.447   142   158 D dalvikvm: GC_EXPLICIT freed 1568K, 23% free 19055K/24647K, paused 45ms+9ms
06-14 02:51:57.650   142   172 I ActivityManager: Start proc com.twitter.android for service com.twitter.android/.client.AppService: pid=11903 uid=10068 gids={3003, 1015}
06-14 02:51:57.657 11903 11903 I dalvikvm: Turning on JNI app bug workarounds for target SDK version 11...
06-14 02:51:57.775 11903 11903 I ActivityThread: Pub com.twitter.android.provider.GlobalDatabaseProvider: com.twitter.android.provider.GlobalDatabaseProvider
06-14 02:51:57.782 11903 11903 I ActivityThread: Pub com.twitter.android.provider.TwitterProvider: com.twitter.android.provider.TwitterProvider
06-14 02:51:57.931 11903 11905 D dalvikvm: GC_CONCURRENT freed 204K, 4% free 9271K/9607K, paused 2ms+6ms
06-14 02:51:58.189 11903 11905 D dalvikvm: GC_CONCURRENT freed 171K, 4% free 9495K/9799K, paused 4ms+1ms
06-14 02:51:58.302   213   213 D dalvikvm: GC_EXPLICIT freed 7K, 59% free 9684K/23239K, paused 2ms+3ms
06-14 02:51:58.380 11903 11905 D dalvikvm: GC_CONCURRENT freed 313K, 5% free 9634K/10055K, paused 1ms+2ms
06-14 02:51:58.505 11903 11905 D dalvikvm: GC_CONCURRENT freed 307K, 5% free 9763K/10183K, paused 2ms+1ms
06-14 02:51:58.630 11903 11905 D dalvikvm: GC_CONCURRENT freed 307K, 5% free 9894K/10311K, paused 2ms+2ms
06-14 02:51:58.755 11903 11905 D dalvikvm: GC_CONCURRENT freed 306K, 4% free 10026K/10439K, paused 3ms+2ms
06-14 02:51:58.880 11903 11905 D dalvikvm: GC_CONCURRENT freed 303K, 4% free 10157K/10567K, paused 2ms+2ms
06-14 02:51:59.001 11903 11905 D dalvikvm: GC_CONCURRENT freed 292K, 4% free 10281K/10695K, paused 1ms+2ms
06-14 02:51:59.200 11903 11905 D dalvikvm: GC_CONCURRENT freed 480K, 6% free 10224K/10823K, paused 1ms+2ms
06-14 02:51:59.337 11903 11905 D dalvikvm: GC_CONCURRENT freed 319K, 5% free 10319K/10823K, paused 6ms+2ms
06-14 02:51:59.486 11903 11905 D dalvikvm: GC_CONCURRENT freed 377K, 5% free 10399K/10887K, paused 2ms+2ms
06-14 02:51:59.614 11903 11905 D dalvikvm: GC_CONCURRENT freed 360K, 5% free 10485K/10951K, paused 2ms+2ms
06-14 02:51:59.743 11903 11905 D dalvikvm: GC_CONCURRENT freed 344K, 5% free 10566K/11015K, paused 2ms+2ms
06-14 02:51:59.880 11903 11905 D dalvikvm: GC_CONCURRENT freed 372K, 5% free 10659K/11143K, paused 2ms+2ms
06-14 02:52:00.017 11903 11905 D dalvikvm: GC_CONCURRENT freed 413K, 5% free 10755K/11271K, paused 1ms+2ms
06-14 02:52:00.232 11903 11905 D dalvikvm: GC_CONCURRENT freed 369K, 5% free 10901K/11399K, paused 1ms+2ms
06-14 02:52:05.009   142   917 I ActivityManager: Process com.twitter.android (pid 11903) has died.
06-14 02:52:05.603   142   197 D DhcpInfoInternal: makeLinkProperties with empty dns2!
06-14 02:52:05.607   142   197 D DhcpInfoInternal: makeLinkProperties with empty dns2!
06-14 02:52:10.154   342   342 D dalvikvm: GC_EXPLICIT freed 2K, 16% free 12088K/14343K, paused 46ms+3ms
06-14 02:52:15.134   428   428 D dalvikvm: GC_EXPLICIT freed <1K, 4% free 9037K/9347K, paused 21ms+2ms
06-14 02:52:21.259   142   153 I ActivityManager: Start proc com.google.android.apps.maps:LocationFriendService for service com.google.android.apps.maps/com.google.googlenav.friend.reporting.LocationReceiverService: pid=11939 uid=10057 gids={3003, 1015}
06-14 02:52:21.380 11939 11941 D dalvikvm: GC_CONCURRENT freed 160K, 3% free 9375K/9607K, paused 1ms+2ms
06-14 02:52:21.568 11939 11941 D dalvikvm: GC_CONCURRENT freed 159K, 3% free 9674K/9927K, paused 2ms+2ms
06-14 02:52:21.700   142   370 I ActivityManager: Process com.facebook.orca (pid 11775) has died.
06-14 02:52:21.700   142   370 W ActivityManager: Scheduling restart of crashed service com.facebook.orca/.push.mqtt.MqttPushService in 5000ms
06-14 02:52:21.861 11939 11941 D dalvikvm: GC_CONCURRENT freed 316K, 5% free 9891K/10311K, paused 1ms+3ms
06-14 02:52:26.759   142   159 I ActivityManager: Start proc com.facebook.orca for service com.facebook.orca/.push.mqtt.MqttPushService: pid=11962 uid=10061 gids={3003, 1015, 1006}
06-14 02:52:26.786 11962 11962 I dalvikvm: Turning on JNI app bug workarounds for target SDK version 10...
06-14 02:52:26.822   324   324 D dalvikvm: GC_EXPLICIT freed <1K, 20% free 10618K/13191K, paused 2ms+4ms
06-14 02:52:26.950 11962 11962 I ActivityThread: Pub com.facebook.orca.notify.MessengerLoggedInUserProvider: com.facebook.orca.notify.MessengerLoggedInUserProvider
06-14 02:52:26.978 11962 11962 I ActivityThread: Pub com.facebook.orca.notify.MessengerForegroundProvider: com.facebook.orca.notify.MessengerForegroundProvider
06-14 02:52:26.989 11962 11962 V orca:OrcaApplication: Forcing initialization of AsyncTask
06-14 02:52:27.181 11962 11964 D dalvikvm: GC_CONCURRENT freed 215K, 3% free 9321K/9607K, paused 12ms+2ms
06-14 02:52:27.181 11962 11962 I Finalizer: Couldn't access Thread.inheritableThreadLocals. Reference finalizer threads will inherit thread local values.
06-14 02:52:27.298   142   921 I ActivityManager: Process com.google.android.apps.maps:LocationFriendService (pid 11939) has died.
06-14 02:52:27.318 11962 11964 D dalvikvm: GC_CONCURRENT freed 356K, 5% free 9450K/9863K, paused 1ms+5ms
06-14 02:52:27.427 11962 11962 W OrcaGuiceModule: Sig: ijxLJi1yGs1JpL-X1SExmchvork
06-14 02:52:27.505 11962 11964 D dalvikvm: GC_CONCURRENT freed 279K, 4% free 9625K/9991K, paused 2ms+6ms
06-14 02:52:29.177   342   342 D SAN_SERVICE: *******************************************
06-14 02:52:29.177   342   342 D SAN_SERVICE: DM App Phone Service State - 0
06-14 02:52:29.177   342   342 D SAN_SERVICE: *******************************************
06-14 02:52:29.282 11962 11977 W Resources: Converting to string: TypedValue{t=0x10/d=0xffffffff a=-1}
06-14 02:52:29.458 11962 11964 D dalvikvm: GC_CONCURRENT freed 325K, 4% free 9850K/10247K, paused 2ms+3ms
06-14 02:52:29.607 11962 11964 D dalvikvm: GC_CONCURRENT freed 256K, 4% free 10026K/10375K, paused 2ms+2ms
06-14 02:52:29.646 11962 11977 D dalvikvm: GC_FOR_ALLOC freed 215K, 6% free 10077K/10631K, paused 33ms
06-14 02:52:29.704 11962 11977 D dalvikvm: GC_FOR_ALLOC freed 92K, 5% free 10173K/10631K, paused 37ms
06-14 02:52:29.747   142   422 D dalvikvm: GC_EXPLICIT freed 636K, 23% free 19062K/24647K, paused 4ms+16ms
06-14 02:52:29.751 11962 11977 D dalvikvm: GC_FOR_ALLOC freed 179K, 5% free 10191K/10695K, paused 43ms
06-14 02:52:29.779 11962 11962 D ACRA    : Retrieve application default SharedPreferences.
06-14 02:52:29.779 11962 11962 D ACRA    : Set OnSharedPreferenceChangeListener.
06-14 02:52:29.779 11962 11962 D ACRA    : ACRA is enabled for com.facebook.orca, intializing...
06-14 02:52:29.825 11962 11962 D ACRA    : Looking for error files in /data/data/com.facebook.orca/app_acra-reports
06-14 02:52:29.939 11962 11964 D dalvikvm: GC_CONCURRENT freed 350K, 4% free 10402K/10823K, paused 1ms+6ms
06-14 02:52:30.091 11962 11964 D dalvikvm: GC_CONCURRENT freed 230K, 3% free 10713K/11015K, paused 2ms+3ms
06-14 02:52:30.341 11962 11964 D dalvikvm: GC_CONCURRENT freed 379K, 4% free 10948K/11399K, paused 2ms+3ms
06-14 02:52:30.509 11962 11964 D dalvikvm: GC_CONCURRENT freed 379K, 4% free 11269K/11719K, paused 2ms+5ms
06-14 02:52:31.751 11962 11964 D dalvikvm: GC_CONCURRENT freed 675K, 7% free 11320K/12103K, paused 3ms+4ms
06-14 02:52:34.544 16941 16941 E GeckoApp: low memory
06-14 02:52:34.583 11017 11031 I PhoneLab-: Service Running
06-14 02:52:34.646 16941 16941 D dalvikvm: GC_EXPLICIT freed 2K, 22% free 10500K/13319K, paused 25ms+6ms
06-14 02:52:34.665 11017 11031 I PhoneLab-LoggerService: app_38    27718 1     1112   664   c00f181c 400107b4 S logcat
06-14 02:52:34.665 11017 11031 I PhoneLab-LoggerService: Logcat pid from database 27718
06-14 02:52:34.665 11017 11031 I PhoneLab-LoggerService: Logcat process found 27718
06-14 02:52:34.665 11017 11031 I PhoneLab-LoggerService: Checking Threshold
06-14 02:52:34.665 11017 11031 I PhoneLab-LoggerService: Starting to rename files
06-14 02:52:34.669 11017 11031 I PhoneLab-LoggerService: Files found .. 2
06-14 02:52:39.630 11239 11239 D dalvikvm: GC_EXPLICIT freed 256K, 6% free 10243K/10887K, paused 28ms+2ms
06-14 02:52:43.302   342   342 D SAN_SERVICE: *******************************************
06-14 02:52:43.302   342   342 D SAN_SERVICE: DM App Phone Service State - 0
06-14 02:52:43.302   342   342 D SAN_SERVICE: *******************************************
06-14 02:52:43.728   342   342 D SAN_SERVICE: *******************************************
06-14 02:52:43.728   342   342 D SAN_SERVICE: DM App Phone Service State - 0
06-14 02:52:43.728   342   342 D SAN_SERVICE: *******************************************
06-14 02:52:48.825 11083 11083 D dalvikvm: GC_EXPLICIT freed 16K, 6% free 9716K/10247K, paused 29ms+2ms
06-14 02:52:53.849 11375 11375 D dalvikvm: GC_EXPLICIT freed 1K, 4% free 9055K/9347K, paused 31ms+2ms
06-14 02:52:58.837 11017 11017 D dalvikvm: GC_EXPLICIT freed 291K, 6% free 9138K/9671K, paused 21ms+2ms
06-14 02:53:05.150 30026 30026 D dalvikvm: GC_EXPLICIT freed 120K, 7% free 10015K/10695K, paused 5ms+4ms
06-14 02:53:10.243 11857 11857 D dalvikvm: GC_EXPLICIT freed 39K, 7% free 9850K/10503K, paused 26ms+3ms
06-14 02:53:21.329   142   917 I ActivityManager: Start proc com.google.android.apps.maps:LocationFriendService for service com.google.android.apps.maps/com.google.googlenav.friend.reporting.LocationReceiverService: pid=11988 uid=10057 gids={3003, 1015}
06-14 02:53:21.380   142   921 I ActivityManager: Process com.whatsapp (pid 11857) has died.
06-14 02:53:21.380   142   921 W ActivityManager: Scheduling restart of crashed service com.whatsapp/.messaging.MessageService in 5000ms
06-14 02:53:21.544 11988 11992 D dalvikvm: GC_CONCURRENT freed 165K, 3% free 9370K/9607K, paused 2ms+2ms
06-14 02:53:21.763 11988 11992 D dalvikvm: GC_CONCURRENT freed 157K, 3% free 9688K/9927K, paused 5ms+3ms
06-14 02:53:22.072 11988 11992 D dalvikvm: GC_CONCURRENT freed 322K, 4% free 9922K/10311K, paused 2ms+3ms
06-14 02:53:26.454   142   159 I ActivityManager: Start proc com.whatsapp for service com.whatsapp/.messaging.MessageService: pid=12012 uid=10070 gids={1015, 3003}
06-14 02:53:26.466 12012 12012 I dalvikvm: Turning on JNI app bug workarounds for target SDK version 7...
06-14 02:53:26.505   357   357 D dalvikvm: GC_EXPLICIT freed <1K, 6% free 9100K/9607K, paused 2ms+3ms
06-14 02:53:26.669 12012 12014 D dalvikvm: GC_CONCURRENT freed 176K, 3% free 9360K/9607K, paused 2ms+2ms
06-14 02:53:26.849   142   602 I ActivityManager: Process com.google.android.apps.maps:LocationFriendService (pid 11988) has died.
06-14 02:53:27.025 12012 12014 D dalvikvm: GC_CONCURRENT freed 288K, 4% free 9608K/9991K, paused 2ms+3ms
06-14 02:53:27.236 12012 12012 I SqliteDatabaseCpp: sqlite returned: error code = 1, msg = duplicate column name: photo_ts, db=/data/data/com.whatsapp/databases/msgstore.db
06-14 02:53:27.236 12012 12012 I SqliteDatabaseCpp: sqlite returned: error code = 1, msg = duplicate column name: thumb_ts, db=/data/data/com.whatsapp/databases/msgstore.db
06-14 02:53:27.236 12012 12012 I SqliteDatabaseCpp: sqlite returned: error code = 1, msg = duplicate column name: photo_id_timestamp, db=/data/data/com.whatsapp/databases/msgstore.db
06-14 02:53:27.271   142   421 I ActivityManager: Start proc android.process.acore for content provider com.android.providers.contacts/.ContactsProvider2: pid=12032 uid=10000 gids={3003, 1015}
06-14 02:53:27.341 12012 12012 I dalvikvm: Could not find method android.media.MediaMetadataRetriever.captureFrame, referenced from method com.whatsapp.d3.a
06-14 02:53:27.341 12012 12012 W dalvikvm: VFY: unable to resolve virtual method 496: Landroid/media/MediaMetadataRetriever;.captureFrame ()Landroid/graphics/Bitmap;
06-14 02:53:27.341 12012 12012 D dalvikvm: VFY: replacing opcode 0x6e at 0x0134
06-14 02:53:27.349 12032 12032 I ActivityThread: Pub call_log: com.android.providers.contacts.CallLogProvider
06-14 02:53:27.396 12032 12032 I ActivityThread: Pub com.android.voicemail: com.android.providers.contacts.VoicemailContentProvider
06-14 02:53:27.396 12032 12032 I ActivityThread: Pub user_dictionary: com.android.providers.userdictionary.UserDictionaryProvider
06-14 02:53:27.415 12032 12032 I ActivityThread: Pub com.android.social: com.android.providers.contacts.SocialProvider
06-14 02:53:27.415 12032 12032 I ActivityThread: Pub applications: com.android.providers.applications.ApplicationsProvider
06-14 02:53:27.638 12032 12032 I ActivityThread: Pub contacts;com.android.contacts: com.android.providers.contacts.ContactsProvider2
06-14 02:53:27.646 12012 12014 D dalvikvm: GC_CONCURRENT freed 433K, 5% free 9740K/10247K, paused 2ms+3ms
06-14 02:53:27.654 12032 12034 D dalvikvm: GC_CONCURRENT freed 341K, 5% free 9154K/9607K, paused 3ms+2ms
06-14 02:53:27.997 12012 12014 D dalvikvm: GC_CONCURRENT freed 215K, 4% free 9978K/10311K, paused 2ms+5ms
06-14 02:53:29.154 12032 12034 D dalvikvm: GC_CONCURRENT freed 211K, 4% free 9414K/9735K, paused 2ms+3ms
06-14 02:53:31.267   142   916 I ActivityManager: Process android.process.acore (pid 12032) has died.
06-14 02:53:36.489   959   959 D dalvikvm: GC_EXPLICIT freed 184K, 21% free 11693K/14663K, paused 22ms+3ms
06-14 02:53:41.501 27790 27790 D dalvikvm: GC_EXPLICIT freed 72K, 36% free 11631K/17991K, paused 24ms+3ms
06-14 02:53:46.583   142   158 D dalvikvm: GC_EXPLICIT freed 867K, 23% free 19058K/24647K, paused 56ms+10ms
06-14 02:53:51.486   213   213 D dalvikvm: GC_EXPLICIT freed 12K, 59% free 9685K/23239K, paused 24ms+3ms
06-14 02:53:56.521   342   342 D dalvikvm: GC_EXPLICIT freed 57K, 16% free 12088K/14343K, paused 11ms+6ms
06-14 02:54:05.185   428   428 D dalvikvm: GC_EXPLICIT freed <1K, 4% free 9037K/9347K, paused 4ms+4ms
06-14 02:54:10.259   324   324 D dalvikvm: GC_EXPLICIT freed <1K, 20% free 10618K/13191K, paused 38ms+3ms
06-14 02:54:15.193 16941 16941 E GeckoApp: low memory
06-14 02:54:15.325 16941 16941 D dalvikvm: GC_EXPLICIT freed <1K, 22% free 10500K/13319K, paused 25ms+4ms
06-14 02:54:21.470   142   153 I ActivityManager: Start proc com.google.android.apps.maps:LocationFriendService for service com.google.android.apps.maps/com.google.googlenav.friend.reporting.LocationReceiverService: pid=12056 uid=10057 gids={3003, 1015}
06-14 02:54:21.536 11239 11242 D dalvikvm: GC_CONCURRENT freed 473K, 6% free 10252K/10887K, paused 2ms+3ms
06-14 02:54:21.638 12056 12059 D dalvikvm: GC_CONCURRENT freed 173K, 3% free 9363K/9607K, paused 2ms+7ms
06-14 02:54:21.907 12056 12059 D dalvikvm: GC_CONCURRENT freed 161K, 3% free 9669K/9927K, paused 4ms+2ms
06-14 02:54:22.251 12056 12063 I dalvikvm: Total arena pages for JIT: 11
06-14 02:54:22.251 12056 12063 I dalvikvm: Total arena pages for JIT: 12
06-14 02:54:22.251 12056 12063 I dalvikvm: Total arena pages for JIT: 13
06-14 02:54:22.251 12056 12063 I dalvikvm: Total arena pages for JIT: 14
06-14 02:54:22.255 12056 12063 I dalvikvm: Total arena pages for JIT: 15
06-14 02:54:22.255 12056 12063 I dalvikvm: Total arena pages for JIT: 16
06-14 02:54:22.255 12056 12059 D dalvikvm: GC_CONCURRENT freed 322K, 5% free 9886K/10311K, paused 1ms+2ms
06-14 02:54:22.255 12056 12063 I dalvikvm: Total arena pages for JIT: 17
06-14 02:54:22.599 12056 12059 D dalvikvm: GC_CONCURRENT freed 310K, 4% free 10025K/10439K, paused 8ms+6ms
06-14 02:54:22.798   142   153 I ActivityManager: Process com.facebook.orca (pid 11962) has died.
06-14 02:54:22.798   142   153 W ActivityManager: Scheduling restart of crashed service com.facebook.orca/.push.mqtt.MqttPushService in 5000ms
06-14 02:54:23.732 12056 12059 D dalvikvm: GC_CONCURRENT freed 245K, 4% free 10289K/10631K, paused 4ms+7ms
06-14 02:54:25.685   342   342 D SAN_SERVICE: *******************************************
06-14 02:54:25.685   342   342 D SAN_SERVICE: DM App Phone Service State - 0
06-14 02:54:25.685   342   342 D SAN_SERVICE: *******************************************
06-14 02:54:26.392   342   342 D SAN_SERVICE: *******************************************
06-14 02:54:26.392   342   342 D SAN_SERVICE: DM App Phone Service State - 0
06-14 02:54:26.392   342   342 D SAN_SERVICE: *******************************************
06-14 02:54:27.876   142   159 I ActivityManager: Start proc com.facebook.orca for service com.facebook.orca/.push.mqtt.MqttPushService: pid=12083 uid=10061 gids={3003, 1015, 1006}
06-14 02:54:27.884 12083 12083 I dalvikvm: Turning on JNI app bug workarounds for target SDK version 10...
06-14 02:54:28.060 12083 12083 I ActivityThread: Pub com.facebook.orca.notify.MessengerLoggedInUserProvider: com.facebook.orca.notify.MessengerLoggedInUserProvider
06-14 02:54:28.079 12083 12083 I ActivityThread: Pub com.facebook.orca.notify.MessengerForegroundProvider: com.facebook.orca.notify.MessengerForegroundProvider
06-14 02:54:28.087 12083 12083 V orca:OrcaApplication: Forcing initialization of AsyncTask
06-14 02:54:28.232 12083 12085 D dalvikvm: GC_CONCURRENT freed 229K, 4% free 9307K/9607K, paused 4ms+9ms
06-14 02:54:28.243 12083 12083 I Finalizer: Couldn't access Thread.inheritableThreadLocals. Reference finalizer threads will inherit thread local values.
06-14 02:54:28.298   142   142 I ActivityManager: Process com.google.android.apps.maps:LocationFriendService (pid 12056) has died.
06-14 02:54:28.427 12083 12085 D dalvikvm: GC_CONCURRENT freed 350K, 5% free 9455K/9927K, paused 2ms+2ms
06-14 02:54:28.536 12083 12083 W OrcaGuiceModule: Sig: ijxLJi1yGs1JpL-X1SExmchvork
06-14 02:54:28.618 12083 12085 D dalvikvm: GC_CONCURRENT freed 273K, 4% free 9630K/9991K, paused 2ms+3ms
06-14 02:54:28.958 12083 12098 W Resources: Converting to string: TypedValue{t=0x10/d=0xffffffff a=-1}
06-14 02:54:29.118 12083 12085 D dalvikvm: GC_CONCURRENT freed 341K, 5% free 9834K/10247K, paused 2ms+3ms
06-14 02:54:29.239 12083 12083 D ACRA    : Retrieve application default SharedPreferences.
06-14 02:54:29.239 12083 12083 D ACRA    : Set OnSharedPreferenceChangeListener.
06-14 02:54:29.243 12083 12083 D ACRA    : ACRA is enabled for com.facebook.orca, intializing...
06-14 02:54:29.329 12083 12085 D dalvikvm: GC_CONCURRENT freed 287K, 4% free 10077K/10439K, paused 2ms+7ms
06-14 02:54:29.333 12083 12083 D ACRA    : Looking for error files in /data/data/com.facebook.orca/app_acra-reports
06-14 02:54:29.384 12083 12098 D dalvikvm: GC_FOR_ALLOC freed 236K, 6% free 10114K/10695K, paused 27ms
06-14 02:54:29.443 12083 12098 D dalvikvm: GC_FOR_ALLOC freed 134K, 5% free 10220K/10695K, paused 20ms
06-14 02:54:29.482 12083 12098 D dalvikvm: GC_FOR_ALLOC freed 211K, 5% free 10248K/10759K, paused 24ms
06-14 02:54:29.638 12083 12085 D dalvikvm: GC_CONCURRENT freed 378K, 5% free 10438K/10887K, paused 4ms+3ms
06-14 02:54:29.872 12083 12085 D dalvikvm: GC_CONCURRENT freed 160K, 3% free 10848K/11079K, paused 2ms+6ms
06-14 02:54:30.052 12083 12085 D dalvikvm: GC_CONCURRENT freed 492K, 5% free 10964K/11527K, paused 2ms+3ms
06-14 02:54:30.208 11017 11017 I PhoneLab-Locks: wake lock acquired
06-14 02:54:30.236 11017 12113 I PhoneLab-PeriodicCheckService: User info is synched
06-14 02:54:30.263 11017 12113 I PhoneLab-PeriodicCheckService: Logger Service is running
06-14 02:54:30.267 11017 12113 I PhoneLab-Locks: wake lock acquired
06-14 02:54:30.286 11017 12113 I PhoneLab-PeriodicCheckService: Rescheduling periodic checking...
06-14 02:54:30.290 11017 12113 I PhoneLab-Locks: wake lock released
06-14 02:54:30.290 11017 11017 I PhoneLab-UploadLogs: Transfering log files now
06-14 02:54:30.423 12083 12085 D dalvikvm: GC_CONCURRENT freed 334K, 4% free 11313K/11719K, paused 2ms+6ms
06-14 02:54:30.435 11017 11019 D dalvikvm: GC_CONCURRENT freed 393K, 5% free 9268K/9735K, paused 5ms+1ms
06-14 02:54:30.447   142   197 D DhcpInfoInternal: makeLinkProperties with empty dns2!
06-14 02:54:30.447   142   197 D DhcpInfoInternal: makeLinkProperties with empty dns2!
06-14 02:54:30.458 11017 11017 D dalvikvm: GC_FOR_ALLOC freed 64K, 6% free 9325K/9863K, paused 22ms
06-14 02:54:30.458 11017 11017 I dalvikvm-heap: Grow heap (frag case) to 9.418MB for 254548-byte allocation
06-14 02:54:30.482 11017 11017 D dalvikvm: GC_FOR_ALLOC freed 120K, 7% free 9453K/10119K, paused 14ms
06-14 02:54:30.482 11017 11017 I dalvikvm-heap: Grow heap (frag case) to 9.793MB for 516692-byte allocation
06-14 02:54:30.513 11017 11019 D dalvikvm: GC_CONCURRENT freed 248K, 9% free 9708K/10631K, paused 2ms+2ms
06-14 02:54:30.529 11017 11017 I PhoneLab-UploadLogs: OnStartCommand
06-14 02:54:30.572   142   294 I ActivityManager: Process com.whatsapp (pid 12012) has died.
06-14 02:54:30.572   142   294 W ActivityManager: Scheduling restart of crashed service com.whatsapp/.messaging.MessageService in 5000ms
06-14 02:54:31.032 11017 12126 D dalvikvm: GC_FOR_ALLOC freed 383K, 9% free 9692K/10631K, paused 16ms
06-14 02:54:31.048 11017 12126 D dalvikvm: GC_FOR_ALLOC freed 301K, 9% free 9692K/10631K, paused 12ms
06-14 02:54:31.068 11017 12126 D dalvikvm: GC_FOR_ALLOC freed 301K, 9% free 9699K/10631K, paused 14ms
06-14 02:54:31.087   142   422 I ActivityManager: Process edu.buffalo.cse.phonelab.phonelabservices (pid 11017) has died.
06-14 02:54:31.087   142   422 W ActivityManager: Scheduling restart of crashed service edu.buffalo.cse.phonelab.phonelabservices/edu.buffalo.cse.phonelab.utilities.UploadLogs in 14484ms
06-14 02:54:31.087   142   422 W ActivityManager: Scheduling restart of crashed service edu.buffalo.cse.phonelab.phonelabservices/edu.buffalo.cse.phonelab.datalogger.LoggerService in 24484ms
06-14 02:54:32.739 12083 12085 D dalvikvm: GC_CONCURRENT freed 648K, 7% free 11408K/12167K, paused 2ms+10ms
06-14 02:54:35.642   142   159 I ActivityManager: Start proc com.whatsapp for service com.whatsapp/.messaging.MessageService: pid=12129 uid=10070 gids={1015, 3003}
06-14 02:54:35.665 12129 12129 I dalvikvm: Turning on JNI app bug workarounds for target SDK version 7...
06-14 02:54:35.673    80    80 D dalvikvm: GC_EXPLICIT freed 37K, 4% free 9031K/9347K, paused 2ms+12ms
06-14 02:54:35.708    80    80 D dalvikvm: GC_EXPLICIT freed <1K, 4% free 9031K/9347K, paused 2ms+2ms
06-14 02:54:35.751    80    80 D dalvikvm: GC_EXPLICIT freed <1K, 4% free 9031K/9347K, paused 2ms+2ms
06-14 02:54:35.868 12129 12131 D dalvikvm: GC_CONCURRENT freed 180K, 3% free 9351K/9607K, paused 2ms+2ms
06-14 02:54:36.353 12129 12131 D dalvikvm: GC_CONCURRENT freed 295K, 4% free 9598K/9991K, paused 3ms+5ms
06-14 02:54:36.486 12129 12129 I SqliteDatabaseCpp: sqlite returned: error code = 1, msg = duplicate column name: photo_ts, db=/data/data/com.whatsapp/databases/msgstore.db
06-14 02:54:36.486 12129 12129 I SqliteDatabaseCpp: sqlite returned: error code = 1, msg = duplicate column name: thumb_ts, db=/data/data/com.whatsapp/databases/msgstore.db
06-14 02:54:36.486 12129 12129 I SqliteDatabaseCpp: sqlite returned: error code = 1, msg = duplicate column name: photo_id_timestamp, db=/data/data/com.whatsapp/databases/msgstore.db
06-14 02:54:36.521   142   916 I ActivityManager: Start proc android.process.acore for content provider com.android.providers.contacts/.ContactsProvider2: pid=12149 uid=10000 gids={3003, 1015}
06-14 02:54:36.591 12149 12149 I ActivityThread: Pub call_log: com.android.providers.contacts.CallLogProvider
06-14 02:54:36.634 12149 12149 I ActivityThread: Pub com.android.voicemail: com.android.providers.contacts.VoicemailContentProvider
06-14 02:54:36.638 12149 12149 I ActivityThread: Pub user_dictionary: com.android.providers.userdictionary.UserDictionaryProvider
06-14 02:54:36.654 12149 12149 I ActivityThread: Pub com.android.social: com.android.providers.contacts.SocialProvider
06-14 02:54:36.654 12149 12149 I ActivityThread: Pub applications: com.android.providers.applications.ApplicationsProvider
06-14 02:54:36.704 12129 12129 I dalvikvm: Could not find method android.media.MediaMetadataRetriever.captureFrame, referenced from method com.whatsapp.d3.a
06-14 02:54:36.704 12129 12129 W dalvikvm: VFY: unable to resolve virtual method 496: Landroid/media/MediaMetadataRetriever;.captureFrame ()Landroid/graphics/Bitmap;
06-14 02:54:36.704 12129 12129 D dalvikvm: VFY: replacing opcode 0x6e at 0x0134
06-14 02:54:36.802 12149 12149 I ActivityThread: Pub contacts;com.android.contacts: com.android.providers.contacts.ContactsProvider2
06-14 02:54:36.888 12149 12152 D dalvikvm: GC_CONCURRENT freed 347K, 5% free 9189K/9607K, paused 2ms+3ms
06-14 02:54:36.907 12129 12131 D dalvikvm: GC_CONCURRENT freed 286K, 4% free 9794K/10183K, paused 2ms+5ms
06-14 02:54:37.165 12129 12131 D dalvikvm: GC_CONCURRENT freed 315K, 5% free 9986K/10439K, paused 2ms+3ms
06-14 02:54:38.185 12149 12152 D dalvikvm: GC_CONCURRENT freed 182K, 4% free 9438K/9735K, paused 3ms+2ms
06-14 02:54:38.380   142   921 I ActivityManager: Process android.process.acore (pid 12149) has died.
06-14 02:54:43.501   357   357 D dalvikvm: GC_EXPLICIT freed <1K, 6% free 9100K/9607K, paused 26ms+3ms
06-14 02:54:45.603   142   159 I ActivityManager: Start proc edu.buffalo.cse.phonelab.phonelabservices for service edu.buffalo.cse.phonelab.phonelabservices/edu.buffalo.cse.phonelab.utilities.UploadLogs: pid=12173 uid=10038 gids={3003, 1015, 1007, 2001}
06-14 02:54:45.669 12173 12173 I PhoneLab-UploadLogs: Transfering log files now
06-14 02:54:45.767 12173 12175 D dalvikvm: GC_CONCURRENT freed 356K, 5% free 9179K/9607K, paused 2ms+2ms
06-14 02:54:45.794 12173 12173 D dalvikvm: GC_FOR_ALLOC freed 103K, 6% free 9241K/9735K, paused 20ms
06-14 02:54:45.794 12173 12173 I dalvikvm-heap: Grow heap (frag case) to 9.335MB for 254548-byte allocation
06-14 02:54:45.822 12173 12173 D dalvikvm: GC_FOR_ALLOC freed 120K, 7% free 9369K/9991K, paused 19ms
06-14 02:54:45.822 12173 12173 I dalvikvm-heap: Grow heap (frag case) to 9.710MB for 516692-byte allocation
06-14 02:54:45.853 12173 12175 D dalvikvm: GC_CONCURRENT freed 248K, 9% free 9624K/10503K, paused 1ms+2ms
06-14 02:54:45.868 12173 12173 I PhoneLab-UploadLogs: OnStartCommand
06-14 02:54:46.591 12173 12187 D dalvikvm: GC_FOR_ALLOC freed 381K, 9% free 9610K/10503K, paused 36ms
06-14 02:54:46.607 12173 12187 D dalvikvm: GC_FOR_ALLOC freed 301K, 9% free 9611K/10503K, paused 12ms
06-14 02:54:46.622 12173 12187 D dalvikvm: GC_FOR_ALLOC freed 301K, 9% free 9617K/10503K, paused 13ms
06-14 02:54:48.521   959   959 D dalvikvm: GC_EXPLICIT freed 132K, 21% free 11683K/14663K, paused 50ms+4ms
06-14 02:54:50.017 12173 12173 I PhoneLab-: 1339655220842.log is deleted
06-14 02:54:50.017 12173 12173 I PhoneLab-: Response: {"data": "done", "err": ""}
06-14 02:54:50.017 12173 12173 I PhoneLab-UploadLogs: No log files to transfer
06-14 02:54:54.029 27790 27790 D dalvikvm: GC_EXPLICIT freed 62K, 36% free 11631K/17991K, paused 2ms+3ms
06-14 02:54:55.614 12173 12173 I PhoneLab-LoggerService: Start Logger Service
06-14 02:54:55.685 12173 12188 I PhoneLab-: Service Running
06-14 02:54:55.712 12173 12175 D dalvikvm: GC_CONCURRENT freed 887K, 13% free 9149K/10503K, paused 5ms+3ms
06-14 02:54:55.739   142   922 I ActivityManager: Process com.facebook.orca (pid 12083) has died.
06-14 02:54:55.739   142   922 W ActivityManager: Scheduling restart of crashed service com.facebook.orca/.push.mqtt.MqttPushService in 20000ms
06-14 02:54:55.806 12173 12188 I PhoneLab-LoggerService: app_38    27718 1     1112   664   c00f181c 400107b4 S logcat
06-14 02:54:55.806 12173 12188 I PhoneLab-LoggerService: Logcat pid from database 27718
06-14 02:54:55.806 12173 12188 I PhoneLab-LoggerService: Logcat process found 27718
06-14 02:54:55.806 12173 12188 I PhoneLab-LoggerService: Checking Threshold
06-14 02:55:05.376   142   158 D dalvikvm: GC_EXPLICIT freed 1862K, 23% free 19066K/24647K, paused 13ms+8ms
06-14 02:55:10.216   213   213 D dalvikvm: GC_EXPLICIT freed 8K, 59% free 9685K/23239K, paused 27ms+3ms
06-14 02:55:15.263   342   342 D dalvikvm: GC_EXPLICIT freed 36K, 16% free 12088K/14343K, paused 34ms+3ms
06-14 02:55:15.806   142   159 I ActivityManager: Start proc com.facebook.orca for service com.facebook.orca/.push.mqtt.MqttPushService: pid=12192 uid=10061 gids={3003, 1015, 1006}
06-14 02:55:15.814 12192 12192 I dalvikvm: Turning on JNI app bug workarounds for target SDK version 10...
06-14 02:55:15.947 12192 12192 I ActivityThread: Pub com.facebook.orca.notify.MessengerLoggedInUserProvider: com.facebook.orca.notify.MessengerLoggedInUserProvider
06-14 02:55:15.958 12192 12192 I ActivityThread: Pub com.facebook.orca.notify.MessengerForegroundProvider: com.facebook.orca.notify.MessengerForegroundProvider
06-14 02:55:15.962 12192 12192 V orca:OrcaApplication: Forcing initialization of AsyncTask
06-14 02:55:16.099 12192 12194 D dalvikvm: GC_CONCURRENT freed 209K, 4% free 9308K/9607K, paused 4ms+2ms
06-14 02:55:16.107 12192 12192 I Finalizer: Couldn't access Thread.inheritableThreadLocals. Reference finalizer threads will inherit thread local values.
06-14 02:55:16.271 12192 12194 D dalvikvm: GC_CONCURRENT freed 378K, 5% free 9432K/9927K, paused 2ms+2ms
06-14 02:55:16.349 12192 12192 W OrcaGuiceModule: Sig: ijxLJi1yGs1JpL-X1SExmchvork
06-14 02:55:16.431 12192 12194 D dalvikvm: GC_CONCURRENT freed 260K, 4% free 9622K/9991K, paused 1ms+2ms
06-14 02:55:16.654 12192 12207 W Resources: Converting to string: TypedValue{t=0x10/d=0xffffffff a=-1}
06-14 02:55:16.822 12192 12194 D dalvikvm: GC_CONCURRENT freed 321K, 4% free 9855K/10247K, paused 2ms+2ms
06-14 02:55:16.911 12192 12192 D ACRA    : Retrieve application default SharedPreferences.
06-14 02:55:16.911 12192 12192 D ACRA    : Set OnSharedPreferenceChangeListener.
06-14 02:55:16.931 12192 12192 D ACRA    : ACRA is enabled for com.facebook.orca, intializing...
06-14 02:55:16.978 12192 12194 D dalvikvm: GC_CONCURRENT freed 293K, 4% free 10072K/10439K, paused 1ms+2ms
06-14 02:55:16.982 12192 12192 D ACRA    : Looking for error files in /data/data/com.facebook.orca/app_acra-reports
06-14 02:55:17.005 12192 12207 D dalvikvm: GC_FOR_ALLOC freed 233K, 6% free 10115K/10695K, paused 21ms
06-14 02:55:17.064 12192 12207 D dalvikvm: GC_FOR_ALLOC freed 139K, 5% free 10223K/10695K, paused 18ms
06-14 02:55:17.107 12192 12207 D dalvikvm: GC_FOR_ALLOC freed 213K, 5% free 10251K/10759K, paused 20ms
06-14 02:55:17.243 12192 12194 D dalvikvm: GC_CONCURRENT freed 370K, 5% free 10446K/10887K, paused 2ms+4ms
06-14 02:55:17.415 12192 12194 D dalvikvm: GC_CONCURRENT freed 212K, 3% free 10796K/11079K, paused 2ms+3ms
06-14 02:55:17.564 12192 12194 D dalvikvm: GC_CONCURRENT freed 383K, 4% free 11009K/11463K, paused 2ms+3ms
06-14 02:55:17.743 12192 12194 D dalvikvm: GC_CONCURRENT freed 420K, 5% free 11292K/11783K, paused 2ms+7ms
06-14 02:55:18.915 12192 12194 D dalvikvm: GC_CONCURRENT freed 619K, 6% free 11410K/12103K, paused 2ms+3ms
06-14 02:55:21.521   142   154 I ActivityManager: Start proc com.google.android.apps.maps:LocationFriendService for service com.google.android.apps.maps/com.google.googlenav.friend.reporting.LocationReceiverService: pid=12216 uid=10057 gids={3003, 1015}
06-14 02:55:21.736 12216 12218 D dalvikvm: GC_CONCURRENT freed 161K, 3% free 9375K/9607K, paused 2ms+2ms
06-14 02:55:22.181   142   154 D dalvikvm: GC_EXPLICIT freed 110K, 23% free 19036K/24647K, paused 30ms+7ms
06-14 02:55:22.263 12216 12218 D dalvikvm: GC_CONCURRENT freed 183K, 3% free 9631K/9927K, paused 1ms+2ms
06-14 02:55:22.642   142   422 I ActivityManager: Process com.whatsapp (pid 12129) has died.
06-14 02:55:22.642   142   422 W ActivityManager: Scheduling restart of crashed service com.whatsapp/.messaging.MessageService in 5000ms
06-14 02:55:22.779 12216 12218 D dalvikvm: GC_CONCURRENT freed 272K, 4% free 9902K/10247K, paused 1ms+2ms
06-14 02:55:22.786 12216 12223 I dalvikvm: Total arena pages for JIT: 11
06-14 02:55:22.790 12216 12223 I dalvikvm: Total arena pages for JIT: 12
06-14 02:55:22.794 12216 12223 I dalvikvm: Total arena pages for JIT: 13
06-14 02:55:22.798 12216 12223 I dalvikvm: Total arena pages for JIT: 14
06-14 02:55:22.798 12216 12223 I dalvikvm: Total arena pages for JIT: 15
06-14 02:55:22.798 12216 12223 I dalvikvm: Total arena pages for JIT: 16
06-14 02:55:22.798 12216 12223 I dalvikvm: Total arena pages for JIT: 17
06-14 02:55:27.165   342   342 D SAN_SERVICE: *******************************************
06-14 02:55:27.165   342   342 D SAN_SERVICE: DM App Phone Service State - 0
06-14 02:55:27.165   342   342 D SAN_SERVICE: *******************************************
06-14 02:55:27.306   342   342 D SAN_SERVICE: *******************************************
06-14 02:55:27.306   342   342 D SAN_SERVICE: DM App Phone Service State - 0
06-14 02:55:27.306   342   342 D SAN_SERVICE: *******************************************
06-14 02:55:27.720   142   159 I ActivityManager: Start proc com.whatsapp for service com.whatsapp/.messaging.MessageService: pid=12239 uid=10070 gids={1015, 3003}
06-14 02:55:27.728 12239 12239 I dalvikvm: Turning on JNI app bug workarounds for target SDK version 7...
06-14 02:55:27.958 12239 12242 D dalvikvm: GC_CONCURRENT freed 161K, 3% free 9365K/9607K, paused 2ms+2ms
06-14 02:55:28.150   142   602 I ActivityManager: Process com.google.android.apps.maps:LocationFriendService (pid 12216) has died.
06-14 02:55:28.279 12239 12242 D dalvikvm: GC_CONCURRENT freed 296K, 4% free 9599K/9991K, paused 2ms+3ms
06-14 02:55:28.404 12239 12239 I SqliteDatabaseCpp: sqlite returned: error code = 1, msg = duplicate column name: photo_ts, db=/data/data/com.whatsapp/databases/msgstore.db
06-14 02:55:28.404 12239 12239 I SqliteDatabaseCpp: sqlite returned: error code = 1, msg = duplicate column name: thumb_ts, db=/data/data/com.whatsapp/databases/msgstore.db
06-14 02:55:28.404 12239 12239 I SqliteDatabaseCpp: sqlite returned: error code = 1, msg = duplicate column name: photo_id_timestamp, db=/data/data/com.whatsapp/databases/msgstore.db
06-14 02:55:28.450   142   918 I ActivityManager: Start proc android.process.acore for content provider com.android.providers.contacts/.ContactsProvider2: pid=12259 uid=10000 gids={3003, 1015}
06-14 02:55:28.525 12259 12259 I ActivityThread: Pub call_log: com.android.providers.contacts.CallLogProvider
06-14 02:55:28.532 12239 12239 I dalvikvm: Could not find method android.media.MediaMetadataRetriever.captureFrame, referenced from method com.whatsapp.d3.a
06-14 02:55:28.532 12239 12239 W dalvikvm: VFY: unable to resolve virtual method 496: Landroid/media/MediaMetadataRetriever;.captureFrame ()Landroid/graphics/Bitmap;
06-14 02:55:28.532 12239 12239 D dalvikvm: VFY: replacing opcode 0x6e at 0x0134
06-14 02:55:28.575 12259 12259 I ActivityThread: Pub com.android.voicemail: com.android.providers.contacts.VoicemailContentProvider
06-14 02:55:28.595 12259 12259 I ActivityThread: Pub user_dictionary: com.android.providers.userdictionary.UserDictionaryProvider
06-14 02:55:28.650 12259 12259 I ActivityThread: Pub com.android.social: com.android.providers.contacts.SocialProvider
06-14 02:55:28.654 12259 12259 I ActivityThread: Pub applications: com.android.providers.applications.ApplicationsProvider
06-14 02:55:28.763 12239 12242 D dalvikvm: GC_CONCURRENT freed 301K, 4% free 9807K/10183K, paused 2ms+2ms
06-14 02:55:28.822 12259 12259 I ActivityThread: Pub contacts;com.android.contacts: com.android.providers.contacts.ContactsProvider2
06-14 02:55:28.849 12259 12262 D dalvikvm: GC_CONCURRENT freed 349K, 5% free 9186K/9607K, paused 2ms+2ms
06-14 02:55:29.060 12239 12242 D dalvikvm: GC_CONCURRENT freed 305K, 5% free 9960K/10375K, paused 2ms+4ms
06-14 02:55:29.181   142   370 I ActivityManager: Process com.facebook.orca (pid 12192) has died.
06-14 02:55:29.181   142   370 W ActivityManager: Scheduling restart of crashed service com.facebook.orca/.push.mqtt.MqttPushService in 80000ms
06-14 02:55:31.837 12259 12262 D dalvikvm: GC_CONCURRENT freed 196K, 4% free 9414K/9735K, paused 2ms+7ms
06-14 02:55:32.611 12239 12242 D dalvikvm: GC_CONCURRENT freed 515K, 7% free 9863K/10503K, paused 5ms+8ms
06-14 02:55:34.290   357   357 D dalvikvm: GC_EXPLICIT freed <1K, 6% free 9100K/9607K, paused 14ms+3ms
06-14 02:55:39.333   959   959 D dalvikvm: GC_EXPLICIT freed 89K, 21% free 11678K/14663K, paused 27ms+3ms
06-14 02:55:44.329 27790 27790 D dalvikvm: GC_EXPLICIT freed 52K, 36% free 11631K/17991K, paused 24ms+3ms
06-14 02:55:49.419   142   158 D dalvikvm: GC_EXPLICIT freed 726K, 23% free 19048K/24647K, paused 51ms+9ms
06-14 02:55:54.314   213   213 D dalvikvm: GC_EXPLICIT freed 5K, 59% free 9684K/23239K, paused 28ms+3ms
06-14 02:55:59.349   342   342 D dalvikvm: GC_EXPLICIT freed 34K, 16% free 12088K/14343K, paused 42ms+3ms
06-14 02:56:05.232   428   428 D dalvikvm: GC_EXPLICIT freed <1K, 4% free 9037K/9347K, paused 4ms+2ms
06-14 02:56:10.279   324   324 D dalvikvm: GC_EXPLICIT freed <1K, 20% free 10618K/13191K, paused 29ms+3ms
06-14 02:56:15.197 16941 16941 E GeckoApp: low memory
06-14 02:56:15.322 16941 16941 D dalvikvm: GC_EXPLICIT freed 2K, 22% free 10500K/13319K, paused 28ms+4ms
06-14 02:56:21.630   142   918 I ActivityManager: Start proc com.google.android.apps.maps:LocationFriendService for service com.google.android.apps.maps/com.google.googlenav.friend.reporting.LocationReceiverService: pid=12283 uid=10057 gids={3003, 1015}
06-14 02:56:21.634 11239 11242 D dalvikvm: GC_CONCURRENT freed 477K, 6% free 10260K/10887K, paused 2ms+9ms
06-14 02:56:21.775 12283 12285 D dalvikvm: GC_CONCURRENT freed 168K, 3% free 9368K/9607K, paused 2ms+2ms
06-14 02:56:22.165 12283 12285 D dalvikvm: GC_CONCURRENT freed 154K, 3% free 9660K/9927K, paused 15ms+2ms
06-14 02:56:22.341 30026  2150 D dalvikvm: GC_EXPLICIT freed 68K, 7% free 10033K/10695K, paused 12ms+4ms
06-14 02:56:22.681 12283 12285 D dalvikvm: GC_CONCURRENT freed 238K, 4% free 9874K/10247K, paused 2ms+2ms
06-14 02:56:22.724 12283 12290 I dalvikvm: Total arena pages for JIT: 11
06-14 02:56:22.724 12283 12290 I dalvikvm: Total arena pages for JIT: 12
06-14 02:56:22.728 12283 12290 I dalvikvm: Total arena pages for JIT: 13
06-14 02:56:22.732 12283 12290 I dalvikvm: Total arena pages for JIT: 14
06-14 02:56:22.732 12283 12290 I dalvikvm: Total arena pages for JIT: 15
06-14 02:56:22.732 12283 12290 I dalvikvm: Total arena pages for JIT: 16
06-14 02:56:22.732 12283 12290 I dalvikvm: Total arena pages for JIT: 17
06-14 02:56:26.529 11239 11239 D dalvikvm: GC_EXPLICIT freed 17K, 6% free 10244K/10887K, paused 25ms+2ms
06-14 02:56:31.552 11083 11083 D dalvikvm: GC_EXPLICIT freed <1K, 6% free 9716K/10247K, paused 35ms+3ms
06-14 02:56:36.536 11375 11375 D dalvikvm: GC_EXPLICIT freed <1K, 4% free 9055K/9347K, paused 27ms+2ms
06-14 02:56:41.532 30026 30026 D dalvikvm: GC_EXPLICIT freed 40K, 7% free 10001K/10695K, paused 12ms+2ms
06-14 02:56:49.267   142   159 I ActivityManager: Start proc com.facebook.orca for service com.facebook.orca/.push.mqtt.MqttPushService: pid=12306 uid=10061 gids={3003, 1015, 1006}
06-14 02:56:49.271 12306 12306 I dalvikvm: Turning on JNI app bug workarounds for target SDK version 10...
06-14 02:56:49.384 12306 12306 I ActivityThread: Pub com.facebook.orca.notify.MessengerLoggedInUserProvider: com.facebook.orca.notify.MessengerLoggedInUserProvider
06-14 02:56:49.396 12306 12306 I ActivityThread: Pub com.facebook.orca.notify.MessengerForegroundProvider: com.facebook.orca.notify.MessengerForegroundProvider
06-14 02:56:49.400 12306 12306 V orca:OrcaApplication: Forcing initialization of AsyncTask
06-14 02:56:49.532   142   368 I ActivityManager: Process android.process.acore (pid 12259) has died.
06-14 02:56:49.540 12306 12309 D dalvikvm: GC_CONCURRENT freed 226K, 4% free 9308K/9607K, paused 3ms+2ms
06-14 02:56:49.548 12306 12306 I Finalizer: Couldn't access Thread.inheritableThreadLocals. Reference finalizer threads will inherit thread local values.
06-14 02:56:49.751 12306 12309 D dalvikvm: GC_CONCURRENT freed 373K, 5% free 9450K/9927K, paused 2ms+4ms
06-14 02:56:49.825 12306 12306 W OrcaGuiceModule: Sig: ijxLJi1yGs1JpL-X1SExmchvork
06-14 02:56:49.892 12306 12309 D dalvikvm: GC_CONCURRENT freed 261K, 4% free 9616K/9991K, paused 2ms+4ms
06-14 02:56:50.259 12306 12321 W Resources: Converting to string: TypedValue{t=0x10/d=0xffffffff a=-1}
06-14 02:56:50.462 12306 12309 D dalvikvm: GC_CONCURRENT freed 321K, 4% free 9854K/10247K, paused 3ms+3ms
06-14 02:56:50.568 12306 12306 D ACRA    : Retrieve application default SharedPreferences.
06-14 02:56:50.568 12306 12306 D ACRA    : Set OnSharedPreferenceChangeListener.
06-14 02:56:50.572 12306 12306 D ACRA    : ACRA is enabled for com.facebook.orca, intializing...
06-14 02:56:50.614 12306 12309 D dalvikvm: GC_CONCURRENT freed 294K, 4% free 10070K/10439K, paused 1ms+2ms
06-14 02:56:50.642 12306 12321 D dalvikvm: GC_FOR_ALLOC freed 232K, 6% free 10112K/10695K, paused 20ms
06-14 02:56:50.650 12306 12306 D ACRA    : Looking for error files in /data/data/com.facebook.orca/app_acra-reports
06-14 02:56:50.704 12306 12321 D dalvikvm: GC_FOR_ALLOC freed 131K, 5% free 10218K/10695K, paused 17ms
06-14 02:56:50.743   142   602 I ActivityManager: Process com.google.android.apps.maps:LocationFriendService (pid 12283) has died.
06-14 02:56:50.888 12306 12321 D dalvikvm: GC_FOR_ALLOC freed 211K, 5% free 10247K/10759K, paused 123ms
06-14 02:56:53.595 12306 12309 D dalvikvm: GC_CONCURRENT freed 381K, 5% free 10435K/10887K, paused 10ms+3ms
06-14 02:56:54.142   142 12325 I ActivityManager: Applications Memory Usage (kB):
06-14 02:56:54.142   142 12325 I ActivityManager: Uptime: 167379431 Realtime: 294275825
06-14 02:56:54.142   142 12325 I ActivityManager: Total PSS by OOM adjustment:
06-14 02:56:54.142   142 12325 I ActivityManager:     34550 kB: System
06-14 02:56:54.142   142 12325 I ActivityManager:                34550 kB: system (pid 142)
06-14 02:56:54.142   142 12325 I ActivityManager:     29060 kB: Persistent
06-14 02:56:54.142   142 12325 I ActivityManager:                12688 kB: com.android.systemui (pid 213)
06-14 02:56:54.142   142 12325 I ActivityManager:                12150 kB: com.android.phone (pid 342)
06-14 02:56:54.142   142 12325 I ActivityManager:                 4222 kB: com.android.nfc (pid 357)
06-14 02:56:54.142   142 12325 I ActivityManager:     31356 kB: Foreground
06-14 02:56:54.142   142 12325 I ActivityManager:                31356 kB: com.android.launcher (pid 27790)
06-14 02:56:54.142   142 12325 I ActivityManager:      2981 kB: Visible
06-14 02:56:54.142   142 12325 I ActivityManager:                 2981 kB: com.android.smspush (pid 428)
06-14 02:56:54.142   142 12325 I ActivityManager:     29959 kB: Perceptible
06-14 02:56:54.142   142 12325 I ActivityManager:                19673 kB: hr.podlanica (pid 959)
06-14 02:56:54.142   142 12325 I ActivityManager:                10286 kB: com.android.inputmethod.latin (pid 324)
06-14 02:56:54.142   142 12325 I ActivityManager:     28505 kB: A Services
06-14 02:56:54.142   142 12325 I ActivityManager:                11628 kB: com.facebook.orca (pid 12306)
06-14 02:56:54.142   142 12325 I ActivityManager:                10088 kB: com.google.process.gapps (pid 30026)
06-14 02:56:54.142   142 12325 I ActivityManager:                 6789 kB: com.google.android.apps.maps:NetworkLocationService (pid 11239)
06-14 02:56:54.142   142 12325 I ActivityManager:     67344 kB: Previous
06-14 02:56:54.142   142 12325 I ActivityManager:                67344 kB: org.mozilla.firefox_beta (pid 16941)
06-14 02:56:54.142   142 12325 I ActivityManager:     21706 kB: B Services
06-14 02:56:54.142   142 12325 I ActivityManager:                 8142 kB: com.whatsapp (pid 12239)
06-14 02:56:54.142   142 12325 I ActivityManager:                 5799 kB: com.google.android.apps.googlevoice (pid 11083)
06-14 02:56:54.142   142 12325 I ActivityManager:                 4645 kB: edu.buffalo.cse.phonelab.phonelabservices (pid 12173)
06-14 02:56:54.142   142 12325 I ActivityManager:                 3120 kB: com.android.sprintmenu (pid 11375)
06-14 02:56:54.142   142 12325 I ActivityManager: 
06-14 02:56:54.142   142 12325 I ActivityManager: Total PSS: 245461 kB
06-14 02:56:54.142   142 12325 I ActivityManager:   PID      Vss      Rss      Pss      Uss  cmdline
06-14 02:56:54.142   142 12325 I ActivityManager: 16941   84196K   84108K   67446K   66232K  org.mozilla.firefox_beta
06-14 02:56:54.142   142 12325 I ActivityManager:   142   52892K   52828K   34598K   30936K  system_server
06-14 02:56:54.142   142 12325 I ActivityManager: 27790   49828K   49724K   31460K   28720K  com.android.launcher
06-14 02:56:54.142   142 12325 I ActivityManager:   959   33900K   33820K   19714K   18784K  hr.podlanica
06-14 02:56:54.142   142 12325 I ActivityManager:    79   24324K   21324K   13868K    7208K  /system/bin/surfaceflinger
06-14 02:56:54.142   142 12325 I ActivityManager:   213   31956K   31856K   12737K    8472K  com.android.systemui
06-14 02:56:54.142   142 12325 I ActivityManager:   342   27876K   27792K   12193K   11112K  com.android.phone
06-14 02:56:54.142   142 12325 I ActivityManager: 12306   32724K   32648K   11994K    9396K  com.facebook.orca
06-14 02:56:54.142   142 12325 I ActivityManager:   324   25184K   25096K   10332K    9384K  com.android.inputmethod.latin
06-14 02:56:54.142   142 12325 I ActivityManager: 30026   27236K   27152K   10132K    8856K  com.google.process.gapps
06-14 02:56:54.142   142 12325 I ActivityManager: 12239   29020K   28952K    8190K    5744K  com.whatsapp
06-14 02:56:54.142   142 12325 I ActivityManager: 11239   26440K   26344K    6835K    5012K  com.google.android.apps.maps:NetworkLocationService
06-14 02:56:54.142   142 12325 I ActivityManager: 11083   25660K   25560K    5846K    4064K  com.google.android.apps.googlevoice
06-14 02:56:54.142   142 12325 I ActivityManager: 12173   24208K   24144K    4681K    2700K  edu.buffalo.cse.phonelab.phonelabservices
06-14 02:56:54.142   142 12325 I ActivityManager:   357   19364K   19268K    4264K    3296K  com.android.nfc
06-14 02:56:54.142   142 12325 I ActivityManager: 18802   18056K   17952K    3512K    2544K  com.spotify.mobile.android.ui
06-14 02:56:54.142   142 12325 I ActivityManager: 11375   22300K   22196K    3166K    1528K  com.android.sprintmenu
06-14 02:56:54.142   142 12325 I ActivityManager:   428   18516K   18404K    3026K    1932K  com.android.smspush
06-14 02:56:54.142   142 12325 I ActivityManager:    80   18684K   18556K    2294K    1020K  zygote
06-14 02:56:54.142   142 12325 I ActivityManager:    82    2208K    2208K    1922K    1900K  /system/bin/mediaserver
06-14 02:56:54.142   142 12325 I ActivityManager:    81    1088K    1088K     884K     876K  /system/bin/drmserver
06-14 02:56:54.142   142 12325 I ActivityManager:    78     988K     988K     706K     688K  /system/bin/rild
06-14 02:56:54.142   142 12325 I ActivityManager: 27718     668K     664K     525K     520K  logcat
06-14 02:56:54.142   142 12325 I ActivityManager: 12330     648K     640K     516K     512K  procrank
06-14 02:56:54.142   142 12325 I ActivityManager:  8348     580K     576K     419K     412K  /system/bin/wpa_supplicant
06-14 02:56:54.142   142 12325 I ActivityManager:    88     428K     428K     412K     412K  /sbin/adbd
06-14 02:56:54.142   142 12325 I ActivityManager: 28302     580K     580K     393K     380K  /system/bin/netd
06-14 02:56:54.142   142 12325 I ActivityManager:   298     388K     388K     302K     300K  /system/bin/bluetoothd
06-14 02:56:54.142   142 12325 I ActivityManager:    73     432K     428K     292K     284K  /system/bin/vold
06-14 02:56:54.142   142 12325 I ActivityManager:    86     472K     468K     283K     276K  /system/vendor/bin/gpsd
06-14 02:56:54.142   142 12325 I ActivityManager:    85     404K     368K     249K     244K  /system/bin/keystore
06-14 02:56:54.142   142 12325 I ActivityManager:    83     276K     268K     186K     184K  /system/bin/dbus-daemon
06-14 02:56:54.142   142 12325 I ActivityManager:  7013     344K     340K     186K     180K  /system/bin/dhcpcd
06-14 02:56:54.142   142 12325 I ActivityManager:     1     204K     204K     138K     100K  /init
06-14 02:56:54.142   142 12325 I ActivityManager:   200     204K     196K     133K     132K  /system/bin/brcm_patchram_plus
06-14 02:56:54.142   142 12325 I ActivityManager:    84     248K     240K     123K     120K  /system/bin/installd
06-14 02:56:54.142   142 12325 I ActivityManager:    61     160K     160K     122K      84K  /sbin/ueventd
06-14 02:56:54.142   142 12325 I ActivityManager:    87     172K     168K     105K     104K  /system/bin/sh
06-14 02:56:54.142   142 12325 I ActivityManager:    72     180K     172K      94K      92K  /system/bin/servicemanager
06-14 02:56:54.142   142 12325 I ActivityManager: 11322     196K     188K      75K      72K  /system/bin/debuggerd
06-14 02:56:54.142   142 12325 I ActivityManager:                           ------   ------  ------
06-14 02:56:54.142   142 12325 I ActivityManager:                          274371K  234812K  TOTAL
06-14 02:56:54.142   142 12325 I ActivityManager: RAM: 342896K total, 19268K free, 848K buffers, 56456K cached, 18576K
