06-10 14:15:52.402 18011 18011 I dalvikvm: Turning on JNI app bug workarounds for target SDK version 7...
06-10 14:15:52.781 18011 18012 D dalvikvm: GC_CONCURRENT freed 153K, 3% free 9382K/9607K, paused 23ms+8ms
06-10 14:15:53.132 18011 18011 I ActivityThread: Pub com.facebook.katana.provider.LoggingProvider: com.facebook.katana.provider.LoggingProvider
06-10 14:15:53.183 18011 18011 I ActivityThread: Pub com.facebook.katana.provider.KeyValueProvider: com.facebook.katana.provider.KeyValueProvider
06-10 14:15:53.183 18011 18011 I ActivityThread: Pub com.facebook.katana.provider.CacheProvider: com.facebook.katana.provider.CacheProvider
06-10 14:15:53.187 18011 18011 I ActivityThread: Pub com.facebook.katana.provider.MailboxProvider: com.facebook.katana.provider.MailboxProvider
06-10 14:15:53.199 18011 18011 I ActivityThread: Pub com.facebook.katana.provider.UserStatusesProvider: com.facebook.katana.provider.UserStatusesProvider
06-10 14:15:53.199 18011 18011 I ActivityThread: Pub com.facebook.katana.provider.EventsProvider: com.facebook.katana.provider.EventsProvider
06-10 14:15:53.199 18011 18011 I ActivityThread: Pub com.facebook.katana.provider.NotificationsProvider: com.facebook.katana.provider.NotificationsProvider
06-10 14:15:53.218 18011 18012 D dalvikvm: GC_CONCURRENT freed 148K, 3% free 9699K/9991K, paused 1ms+6ms
06-10 14:15:53.222 18011 18011 I ActivityThread: Pub com.facebook.katana.provider.UserValuesProvider: com.facebook.katana.provider.UserValuesProvider
06-10 14:15:53.222 18011 18011 I ActivityThread: Pub com.facebook.katana.provider.PagesProvider: com.facebook.katana.provider.PagesProvider
06-10 14:15:53.230 18011 18011 I ActivityThread: Pub com.facebook.katana.provider.MobileEventLogProvider: com.facebook.katana.provider.MobileEventLogProvider
06-10 14:15:53.234 18011 18011 I ActivityThread: Pub com.facebook.katana.provider.PushNotificationsProvider: com.facebook.katana.provider.PushNotificationsProvider
06-10 14:15:53.234 18011 18011 I ActivityThread: Pub com.facebook.katana.provider.PhotosProvider: com.facebook.katana.provider.PhotosProvider
06-10 14:15:53.234 18011 18011 I ActivityThread: Pub com.facebook.katana.provider.ConnectionsProvider: com.facebook.katana.provider.ConnectionsProvider
06-10 14:15:53.254 18011 18011 I ActivityThread: Pub com.facebook.orca.notify.FbandroidMessagesForegroundProvider: com.facebook.orca.notify.FbandroidMessagesForegroundProvider
06-10 14:15:53.312 18011 18011 D ACRA    : Retrieve application default SharedPreferences.
06-10 14:15:53.328 18011 18011 D ACRA    : Set OnSharedPreferenceChangeListener.
06-10 14:15:53.336 18011 18011 D ACRA    : ACRA is enabled for com.facebook.katana, intializing...
06-10 14:15:53.511 18011 18011 D ACRA    : Looking for error files in /data/data/com.facebook.katana/app_acra-reports
06-10 14:15:53.597 18011 18011 W nalizableReferenceQueue: Could not load Finalizer in its own class loader.Loading Finalizer in the current class loader instead. As a result, you will not be ableto garbage collect this class loader. To support reclaiming this class loader, eitherresolve the underlying issue, or move Google Collections to your system class path.
06-10 14:15:53.597 18011 18011 W nalizableReferenceQueue: java.io.FileNotFoundException: com/google/common/base/internal/Finalizer.class
06-10 14:15:53.597 18011 18011 W nalizableReferenceQueue: 	at com.google.common.base.FinalizableReferenceQueue$DecoupledLoader.getBaseUrl(FinalizableReferenceQueue.java:243)
06-10 14:15:53.597 18011 18011 W nalizableReferenceQueue: 	at com.google.common.base.FinalizableReferenceQueue$DecoupledLoader.loadFinalizer(FinalizableReferenceQueue.java:227)
06-10 14:15:53.597 18011 18011 W nalizableReferenceQueue: 	at com.google.common.base.FinalizableReferenceQueue.loadFinalizer(FinalizableReferenceQueue.java:155)
06-10 14:15:53.597 18011 18011 W nalizableReferenceQueue: 	at com.google.common.base.FinalizableReferenceQueue.<clinit>(FinalizableReferenceQueue.java:84)
06-10 14:15:53.597 18011 18011 W nalizableReferenceQueue: 	at com.google.common.collect.CustomConcurrentHashMap$QueueHolder.<clinit>(CustomConcurrentHashMap.java:650)
06-10 14:15:53.597 18011 18011 W nalizableReferenceQueue: 	at com.google.common.collect.CustomConcurrentHashMap$WeakEntry.<init>(CustomConcurrentHashMap.java:1342)
06-10 14:15:53.597 18011 18011 W nalizableReferenceQueue: 	at com.google.common.collect.CustomConcurrentHashMap$EntryFactory$9.newEntry(CustomConcurrentHashMap.java:453)
06-10 14:15:53.597 18011 18011 W nalizableReferenceQueue: 	at com.google.common.collect.CustomConcurrentHashMap.a(CustomConcurrentHashMap.java:1715)
06-10 14:15:53.597 18011 18011 W nalizableReferenceQueue: 	at com.google.common.collect.ComputingConcurrentHashMap$ComputingSegment.a(ComputingConcurrentHashMap.java:123)
06-10 14:15:53.597 18011 18011 W nalizableReferenceQueue: 	at com.google.common.collect.ComputingConcurrentHashMap.apply(ComputingConcurrentHashMap.java:71)
06-10 14:15:53.597 18011 18011 W nalizableReferenceQueue: 	at com.google.common.collect.MapMaker$ComputingMapAdapter.get(MapMaker.java:848)
06-10 14:15:53.597 18011 18011 W nalizableReferenceQueue: 	at com.google.inject.internal.Annotations$AnnotationChecker.a(Annotations.java:94)
06-10 14:15:53.597 18011 18011 W nalizableReferenceQueue: 	at com.google.inject.internal.Annotations.c(Annotations.java:112)
06-10 14:15:53.597 18011 18011 W nalizableReferenceQueue: 	at com.google.inject.Key.d(Key.java:369)
06-10 14:15:53.597 18011 18011 W nalizableReferenceQueue: 	at com.google.inject.Key.b(Key.java:356)
06-10 14:15:53.597 18011 18011 W nalizableReferenceQueue: 	at com.google.inject.Key.a(Key.java:267)
06-10 14:15:53.597 18011 18011 W nalizableReferenceQueue: 	at com.facebook.orca.inject.binder.AnnotatedBindingBuilderImpl.a(AnnotatedBindingBuilderImpl.java:22)
06-10 14:15:53.597 18011 18011 W nalizableReferenceQueue: 	at com.facebook.orca.app.FbBaseModule.a(FbBaseModule.java:74)
06-10 14:15:53.597 18011 18011 W nalizableReferenceQueue: 	at com.facebook.orca.inject.AbstractModule.a(AbstractModule.java:19)
06-10 14:15:53.597 18011 18011 W nalizableReferenceQueue: 	at com.facebook.orca.inject.FbInjectorImpl.a(FbInjectorImpl.java:61)
06-10 14:15:53.597 18011 18011 W nalizableReferenceQueue: 	at com.facebook.orca.inject.FbInjectorImpl.<init>(FbInjectorImpl.java:41)
06-10 14:15:53.597 18011 18011 W nalizableReferenceQueue: 	at com.facebook.orca.inject.FbInjector.a(FbInjector.java:40)
06-10 14:15:53.597 18011 18011 W nalizableReferenceQueue: 	at com.facebook.katana.FacebookApplication.onCreate(FacebookApplication.java:86)
06-10 14:15:53.597 18011 18011 W nalizableReferenceQueue: 	at android.app.Instrumentation.callApplicationOnCreate(Instrumentation.java:969)
06-10 14:15:53.597 18011 18011 W nalizableReferenceQueue: 	at android.app.ActivityThread.handleBindApplication(ActivityThread.java:3954)
06-10 14:15:53.597 18011 18011 W nalizableReferenceQueue: 	at android.app.ActivityThread.access$1300(ActivityThread.java:123)
06-10 14:15:53.597 18011 18011 W nalizableReferenceQueue: 	at android.app.ActivityThread$H.handleMessage(ActivityThread.java:1185)
06-10 14:15:53.597 18011 18011 W nalizableReferenceQueue: 	at android.os.Handler.dispatchMessage(Handler.java:99)
06-10 14:15:53.597 18011 18011 W nalizableReferenceQueue: 	at android.os.Looper.loop(Looper.java:137)
06-10 14:15:53.597 18011 18011 W nalizableReferenceQueue: 	at android.app.ActivityThread.main(ActivityThread.java:4424)
06-10 14:15:53.597 18011 18011 W nalizableReferenceQueue: 	at java.lang.reflect.Method.invokeNative(Native Method)
06-10 14:15:53.597 18011 18011 W nalizableReferenceQueue: 	at java.lang.reflect.Method.invoke(Method.java:511)
06-10 14:15:53.597 18011 18011 W nalizableReferenceQueue: 	at com.android.internal.os.ZygoteInit$MethodAndArgsCaller.run(ZygoteInit.java:784)
06-10 14:15:53.597 18011 18011 W nalizableReferenceQueue: 	at com.android.internal.os.ZygoteInit.main(ZygoteInit.java:551)
06-10 14:15:53.597 18011 18011 W nalizableReferenceQueue: 	at dalvik.system.NativeStart.main(Native Method)
06-10 14:15:53.597 18011 18011 I Finalizer: Couldn't access Thread.inheritableThreadLocals. Reference finalizer threads will inherit thread local values.
06-10 14:15:53.672 18011 18012 D dalvikvm: GC_CONCURRENT freed 354K, 5% free 9867K/10311K, paused 7ms+2ms
06-10 14:15:53.828 18011 18012 D dalvikvm: GC_CONCURRENT freed 394K, 5% free 10008K/10503K, paused 2ms+2ms
06-10 14:15:54.175 18011 18012 D dalvikvm: GC_CONCURRENT freed 414K, 5% free 10145K/10631K, paused 3ms+9ms
06-10 14:15:54.371 18011 18027 W Resources: Converting to string: TypedValue{t=0x10/d=0xffffffff a=-1}
06-10 14:15:54.664 18011 18012 D dalvikvm: GC_CONCURRENT freed 317K, 5% free 10319K/10759K, paused 6ms+3ms
06-10 14:15:54.836   152   164 D dalvikvm: GC_EXPLICIT freed 1267K, 23% free 17762K/22919K, paused 7ms+12ms
06-10 14:15:55.320 18011 18012 D dalvikvm: GC_CONCURRENT freed 325K, 5% free 10428K/10887K, paused 14ms+3ms
06-10 14:15:55.675 18011 18012 D dalvikvm: GC_CONCURRENT freed 315K, 5% free 10504K/10951K, paused 10ms+2ms
06-10 14:15:59.590   488   488 D dalvikvm: GC_EXPLICIT freed <1K, 7% free 9108K/9735K, paused 40ms+3ms
06-10 14:16:05.136 10196 10196 D dalvikvm: GC_EXPLICIT freed 146K, 24% free 13912K/18119K, paused 24ms+5ms
06-10 14:16:10.148 17544 17544 D dalvikvm: GC_EXPLICIT freed <1K, 19% free 11700K/14407K, paused 20ms+6ms
06-10 14:16:11.953 16466 16479 I PhoneLab-: Service Running
06-10 14:16:12.101 16466 16479 I PhoneLab-LoggerService: app_38    1290  1     1788   1344  c00f181c 400107b4 S logcat
06-10 14:16:12.101 16466 16479 I PhoneLab-LoggerService: Logcat pid from database 1290
06-10 14:16:12.101 16466 16479 I PhoneLab-LoggerService: Logcat process found 1290
06-10 14:16:12.101 16466 16479 I PhoneLab-LoggerService: Checking Threshold
06-10 14:16:12.105 16466 16479 I PhoneLab-LoggerService: Starting to rename files
06-10 14:16:12.105 16466 16479 I PhoneLab-LoggerService: Files found .. 3
06-10 14:16:15.250  7488  7488 D dalvikvm: GC_EXPLICIT freed 148K, 6% free 10433K/11015K, paused 46ms+3ms
06-10 14:16:20.215   152   168 D dalvikvm: GC_EXPLICIT freed 102K, 23% free 17746K/22919K, paused 59ms+7ms
06-10 14:16:25.172   472   472 D dalvikvm: GC_EXPLICIT freed 5K, 19% free 9812K/11975K, paused 24ms+3ms
06-10 14:16:30.136   568   568 D dalvikvm: GC_EXPLICIT freed <1K, 4% free 9037K/9347K, paused 29ms+1ms
06-10 14:16:35.160   453   453 D dalvikvm: GC_EXPLICIT freed <1K, 12% free 10921K/12359K, paused 28ms+3ms
06-10 14:16:40.129   390   390 D dalvikvm: GC_EXPLICIT freed 145K, 41% free 10117K/16903K, paused 14ms+3ms
06-10 14:16:45.187 17644 17644 D dalvikvm: GC_EXPLICIT freed 127K, 7% free 9911K/10567K, paused 40ms+2ms
06-10 14:16:48.457    82   122 W AudioTrack: stepServer() could not lock cblk
06-10 14:16:48.480    82   122 W AudioTrack: stepServer() could not lock cblk
06-10 14:16:48.605 17959 17961 D dalvikvm: GC_CONCURRENT freed 540K, 6% free 10084K/10695K, paused 5ms+5ms
06-10 14:16:48.730  7488 16465 D dalvikvm: GC_EXPLICIT freed 35K, 6% free 10406K/11015K, paused 2ms+2ms
06-10 14:16:53.644 17706 17706 D dalvikvm: GC_EXPLICIT freed 313K, 5% free 11644K/12231K, paused 20ms+3ms
06-10 14:16:58.586 16466 16466 D dalvikvm: GC_EXPLICIT freed 213K, 4% free 9054K/9415K, paused 39ms+2ms
06-10 14:17:05.132 16564 16564 D dalvikvm: GC_EXPLICIT freed 158K, 6% free 9743K/10311K, paused 2ms+3ms
06-10 14:17:10.117 16163 16163 E GeckoApp: low memory
06-10 14:17:10.211 16163 16163 D dalvikvm: GC_EXPLICIT freed 90K, 19% free 10278K/12679K, paused 2ms+3ms
06-10 14:17:15.183 17113 17113 D dalvikvm: GC_EXPLICIT freed 42K, 4% free 9056K/9347K, paused 46ms+2ms
06-10 14:17:20.211  1339  1339 D dalvikvm: GC_EXPLICIT freed 35K, 43% free 11499K/20039K, paused 21ms+5ms
06-10 14:17:27.531   152   169 I ActivityManager: Start proc com.facebook.orca for broadcast com.facebook.orca/.analytics.AnalyticsPeriodicReporter$ReporterBroadcastReceiver: pid=18045 uid=10061 gids={3003, 1015, 1006}
06-10 14:17:27.593 18045 18045 I dalvikvm: Turning on JNI app bug workarounds for target SDK version 10...
06-10 14:17:27.828 18045 18045 I ActivityThread: Pub com.facebook.orca.notify.MessengerLoggedInUserProvider: com.facebook.orca.notify.MessengerLoggedInUserProvider
06-10 14:17:27.871 18045 18045 I ActivityThread: Pub com.facebook.orca.notify.MessengerForegroundProvider: com.facebook.orca.notify.MessengerForegroundProvider
06-10 14:17:27.890 18045 18045 V orca:OrcaApplication: Forcing initialization of AsyncTask
06-10 14:17:28.090 18045 18048 D dalvikvm: GC_CONCURRENT freed 211K, 4% free 9310K/9607K, paused 9ms+2ms
06-10 14:17:28.105 18045 18045 I Finalizer: Couldn't access Thread.inheritableThreadLocals. Reference finalizer threads will inherit thread local values.
06-10 14:17:28.273 18045 18048 D dalvikvm: GC_CONCURRENT freed 360K, 5% free 9428K/9863K, paused 2ms+2ms
06-10 14:17:28.422 18045 18045 W OrcaGuiceModule: Sig: ijxLJi1yGs1JpL-X1SExmchvork
06-10 14:17:28.539 18045 18048 D dalvikvm: GC_CONCURRENT freed 276K, 4% free 9611K/9991K, paused 11ms+2ms
06-10 14:17:28.586   152  5617 I ActivityManager: Process com.google.android.apps.plus (pid 17706) has died.
06-10 14:17:28.586   152  5617 W ActivityManager: Scheduling restart of crashed service com.google.android.apps.plus/.hangout.GCommService in 5000ms
06-10 14:17:28.632 17449 17449 D vclib:CallStateClient: startListening
06-10 14:17:28.855 17449 17449 D vclib:CallStateClient: stopListening
06-10 14:17:28.914 18045 18060 W Resources: Converting to string: TypedValue{t=0x10/d=0xffffffff a=-1}
06-10 14:17:29.101 18045 18048 D dalvikvm: GC_CONCURRENT freed 329K, 4% free 9846K/10247K, paused 2ms+8ms
06-10 14:17:29.168 18045 18045 D ACRA    : Retrieve application default SharedPreferences.
06-10 14:17:29.172 18045 18045 D ACRA    : Set OnSharedPreferenceChangeListener.
06-10 14:17:29.172 18045 18045 D ACRA    : ACRA is enabled for com.facebook.orca, intializing...
06-10 14:17:29.187 18045 18045 D ACRA    : Looking for error files in /data/data/com.facebook.orca/app_acra-reports
06-10 14:17:29.226 18045 18060 D dalvikvm: GC_FOR_ALLOC freed 291K, 4% free 10062K/10439K, paused 18ms
06-10 14:17:29.304 18045 18048 D dalvikvm: GC_CONCURRENT freed 80K, 4% free 10294K/10695K, paused 1ms+2ms
06-10 14:17:29.336 18045 18060 D dalvikvm: GC_FOR_ALLOC freed 265K, 6% free 10217K/10823K, paused 24ms
06-10 14:17:29.418 18045 18060 D dalvikvm: GC_FOR_ALLOC freed 220K, 6% free 10248K/10823K, paused 32ms
06-10 14:17:29.465 18045 18060 D dalvikvm: GC_FOR_ALLOC freed 91K, 5% free 10321K/10823K, paused 22ms
06-10 14:17:29.660 18045 18048 D dalvikvm: GC_CONCURRENT freed 323K, 4% free 10557K/10951K, paused 2ms+7ms
06-10 14:17:29.828 18045 18048 D dalvikvm: GC_CONCURRENT freed 175K, 3% free 10897K/11143K, paused 2ms+3ms
06-10 14:17:30.058 18045 18048 D dalvikvm: GC_CONCURRENT freed 544K, 6% free 11039K/11655K, paused 2ms+2ms
06-10 14:17:30.238 18045 18048 D dalvikvm: GC_CONCURRENT freed 300K, 4% free 11412K/11783K, paused 3ms+3ms
06-10 14:17:30.308   152   375 I ActivityManager: Process com.facebook.orca (pid 18045) has died.
06-10 14:17:30.316 17449 17449 D vclib:CallStateClient: startListening
06-10 14:17:30.328    76   115 E FrameworkListener: read() failed (Connection reset by peer)
06-10 14:17:30.523   152 16653 I ActivityManager: Start proc android.process.acore for content provider com.android.providers.contacts/.ContactsProvider2: pid=18070 uid=10000 gids={3003, 1015}
06-10 14:17:30.539 17449 17449 D vclib:CallStateClient: stopListening
06-10 14:17:30.590 18070 18070 I ActivityThread: Pub call_log: com.android.providers.contacts.CallLogProvider
06-10 14:17:30.632 18070 18070 I ActivityThread: Pub com.android.voicemail: com.android.providers.contacts.VoicemailContentProvider
06-10 14:17:30.632 18070 18070 I ActivityThread: Pub user_dictionary: com.android.providers.userdictionary.UserDictionaryProvider
06-10 14:17:30.644 18070 18070 I ActivityThread: Pub com.android.social: com.android.providers.contacts.SocialProvider
06-10 14:17:30.648 18070 18070 I ActivityThread: Pub applications: com.android.providers.applications.ApplicationsProvider
06-10 14:17:30.746 18070 18070 I ActivityThread: Pub contacts;com.android.contacts: com.android.providers.contacts.ContactsProvider2
06-10 14:17:30.773 18070 18072 D dalvikvm: GC_CONCURRENT freed 342K, 5% free 9194K/9607K, paused 2ms+3ms
06-10 14:17:31.863 18070 18072 D dalvikvm: GC_CONCURRENT freed 197K, 4% free 9418K/9735K, paused 8ms+2ms
06-10 14:17:31.937   152   492 I ActivityManager: Process android.process.acore (pid 18070) has died.
06-10 14:17:31.941 17449 17449 D vclib:CallStateClient: startListening
06-10 14:17:32.093 17449 17485 D dalvikvm: GC_EXPLICIT freed 243K, 7% free 9685K/10375K, paused 10ms+5ms
06-10 14:17:32.113 17449 17449 D vclib:CallStateClient: stopListening
06-10 14:17:32.472   152   168 I Process : Sending signal. PID: 17449 SIG: 3
06-10 14:17:32.472 17449 17454 I dalvikvm: threadid=3: reacting to signal 3
06-10 14:17:32.523 17449 17454 I dalvikvm: Wrote stack traces to '/data/anr/traces.txt'
06-10 14:17:33.629   152   169 I ActivityManager: Start proc com.google.android.apps.plus for service com.google.android.apps.plus/.hangout.GCommService: pid=18086 uid=10058 gids={3003, 3002, 1015, 1006}
06-10 14:17:33.879 18086 18088 D dalvikvm: GC_CONCURRENT freed 162K, 3% free 9374K/9607K, paused 2ms+6ms
06-10 14:17:34.000 18086 18086 I ActivityThread: Pub com.google.android.apps.plus.content.ApiProvider: com.google.android.apps.plus.content.EsApiProvider
06-10 14:17:34.031 18086 18086 I ActivityThread: Pub com.google.android.apps.plus.content.EsGooglePhotoProvider: com.google.android.picasasync.PicasaContentProvider
06-10 14:17:34.191 18086 18088 D dalvikvm: GC_CONCURRENT freed 473K, 6% free 9425K/9991K, paused 2ms+1ms
06-10 14:17:34.195 18086 18086 I ActivityThread: Pub com.google.android.apps.plus.content.EsPicasaStoreProvider: com.google.android.picasastore.PicasaPhotoContentProvider
06-10 14:17:34.211 18086 18086 I ActivityThread: Pub com.google.plus.platform: com.google.android.apps.plus.content.AdsProvider
06-10 14:17:34.211 18086 18086 I ActivityThread: Pub com.google.android.apps.plus.iu.EsGoogleIuProvider: com.google.android.apps.plus.iu.InstantUploadProvider
06-10 14:17:34.285 18086 18086 I ActivityThread: Pub com.google.android.apps.plus.content.EsProvider: com.google.android.apps.plus.content.EsProvider
06-10 14:17:34.359 18086 18088 D dalvikvm: GC_CONCURRENT freed 424K, 6% free 9542K/10055K, paused 4ms+6ms
06-10 14:17:34.375   152   375 I ActivityManager: Start proc android.process.media for content provider com.android.providers.media/.MediaProvider: pid=18102 uid=10012 gids={1015, 1023, 1024, 2001, 3003, 3007}
06-10 14:17:34.511 18102 18102 I ActivityThread: Pub downloads: com.android.providers.downloads.DownloadProvider
06-10 14:17:34.562 18102 18102 I ActivityThread: Pub drm: com.android.providers.drm.DrmProvider
06-10 14:17:34.562 18102 18116 I DownloadManager: in removeSpuriousFiles
06-10 14:17:34.590 18102 18102 I ActivityThread: Pub media: com.android.providers.media.MediaProvider
06-10 14:17:34.636 18102 18116 I DownloadManager: in removeSpuriousFiles, preserving file /data/data/com.android.providers.downloads/cache/downloadfile-1.apk
06-10 14:17:34.648 18102 18116 I DownloadManager: deleting spurious file /cache/backup
06-10 14:17:34.664 18086 18088 D dalvikvm: GC_CONCURRENT freed 158K, 3% free 9944K/10183K, paused 34ms+4ms
06-10 14:17:34.761 18086 18088 D dalvikvm: GC_CONCURRENT freed 266K, 4% free 10111K/10503K, paused 2ms+2ms
06-10 14:17:34.785 18086 18086 D dalvikvm: GC_FOR_ALLOC freed 0K, 4% free 10111K/10503K, paused 22ms
06-10 14:17:34.785 18086 18086 I dalvikvm-heap: Grow heap (frag case) to 10.191MB for 260112-byte allocation
06-10 14:17:34.836 18086 18086 D dalvikvm: GC_FOR_ALLOC freed 126K, 5% free 10239K/10759K, paused 37ms
06-10 14:17:34.879 18086 18086 D dalvikvm: GC_FOR_ALLOC freed 311K, 6% free 10176K/10759K, paused 31ms
06-10 14:17:34.929 18086 18086 D dalvikvm: GC_FOR_ALLOC freed 62K, 5% free 10240K/10759K, paused 49ms
06-10 14:17:34.929 18086 18086 I dalvikvm-heap: Grow heap (frag case) to 10.317MB for 260112-byte allocation
06-10 14:17:34.941 18102 18105 D dalvikvm: GC_CONCURRENT freed 370K, 5% free 9166K/9607K, paused 13ms+2ms
06-10 14:17:34.976 18086 18086 D dalvikvm: GC_FOR_ALLOC freed 126K, 6% free 10368K/11015K, paused 48ms
06-10 14:17:35.019 18086 18086 D dalvikvm: GC_FOR_ALLOC freed 307K, 7% free 10304K/11015K, paused 37ms
06-10 14:17:35.043 18086 18086 D dalvikvm: GC_FOR_ALLOC freed 62K, 6% free 10368K/11015K, paused 24ms
06-10 14:17:35.117 18086 18088 D dalvikvm: GC_CONCURRENT freed 403K, 5% free 10477K/11015K, paused 6ms+3ms
06-10 14:17:35.172 18086 18101 D PicasaPhotoCP: set fsid first time:-1
06-10 14:17:35.273 18086 18088 D dalvikvm: GC_CONCURRENT freed 109K, 2% free 10889K/11079K, paused 2ms+6ms
06-10 14:17:35.445 18086 18088 D dalvikvm: GC_CONCURRENT freed 253K, 4% free 11144K/11527K, paused 2ms+2ms
06-10 14:17:35.644 18086 18088 D dalvikvm: GC_CONCURRENT freed 287K, 4% free 11616K/11975K, paused 2ms+2ms
06-10 14:17:35.808 18086 18086 D dalvikvm: Trying to load lib /data/data/com.google.android.apps.plus/lib/libgcomm_jni.so 0x4131f628
06-10 14:17:36.207 18086 18086 D dalvikvm: Added shared lib /data/data/com.google.android.apps.plus/lib/libgcomm_jni.so 0x4131f628
06-10 14:17:36.207 18086 18086 V gcomm_native: [static void util::JniHelper::SetJavaVm(JavaVM*) jni_helper.cpp(15) 400ae488] JavaVM 0x1a0f3e0
06-10 14:17:36.207 18086 18086 V gcomm_native: [jint JNI_OnLoad(JavaVM*, void*) jni_helper.cpp(97) 400ae488] JNI_OnLoad
06-10 14:17:36.207 18086 18086 I gcomm_native: [jboolean Java_com_google_android_apps_plus_hangout_GCommNativeWrapper_nativeStaticInitialize(JNIEnv*, _jclass*, _jobject*, _jstring*, _jstring*, _jstring*, jboolean, _jstring*) gcomm_native_wrapper.cpp(936) 400ae488] GComm Static Native initializing
06-10 14:17:36.597 18086 18086 I gcomm_native: [static void cricket::LmiVideoEngine::SetDeviceCaptureType(const DeviceCaptureType&) lmimediaengine.cc(452) 400ae488] Setting capture type low resolution
06-10 14:17:37.265   152   163 I ActivityManager: Process android.process.media (pid 18102) has died.
06-10 14:17:37.277 17449 17449 D vclib:CallStateClient: startListening
06-10 14:17:37.410   152 31690 I ActivityManager: Start proc android.process.acore for content provider com.android.providers.contacts/.ContactsProvider2: pid=18126 uid=10000 gids={3003, 1015}
06-10 14:17:37.593 18126 18126 I ActivityThread: Pub call_log: com.android.providers.contacts.CallLogProvider
06-10 14:17:37.640 18126 18126 I ActivityThread: Pub com.android.voicemail: com.android.providers.contacts.VoicemailContentProvider
06-10 14:17:37.640 18126 18126 I ActivityThread: Pub user_dictionary: com.android.providers.userdictionary.UserDictionaryProvider
06-10 14:17:37.679 18126 18126 I ActivityThread: Pub com.android.social: com.android.providers.contacts.SocialProvider
06-10 14:17:37.679 18126 18126 I ActivityThread: Pub applications: com.android.providers.applications.ApplicationsProvider
06-10 14:17:37.722 17449 17449 D vclib:CallStateClient: stopListening
06-10 14:17:37.769   152   168 I Process : Sending signal. PID: 17449 SIG: 3
06-10 14:17:37.769 17449 17454 I dalvikvm: threadid=3: reacting to signal 3
06-10 14:17:37.812 17449 17454 I dalvikvm: Wrote stack traces to '/data/anr/traces.txt'
06-10 14:17:37.882 18126 18129 D dalvikvm: GC_CONCURRENT freed 338K, 5% free 9152K/9607K, paused 2ms+5ms
06-10 14:17:37.925 18126 18126 I ActivityThread: Pub contacts;com.android.contacts: com.android.providers.contacts.ContactsProvider2
06-10 14:17:38.316 18126 18129 D dalvikvm: GC_CONCURRENT freed 199K, 4% free 9341K/9671K, paused 12ms+8ms
06-10 14:17:41.504   152   492 I ActivityManager: Process com.google.android.apps.maps:NetworkLocationService (pid 17959) has died.
06-10 14:17:41.504   152   492 W ActivityManager: Scheduling restart of crashed service com.google.android.apps.maps/com.google.android.location.internal.server.NetworkLocationService in 5000ms
06-10 14:17:41.531 17449 17449 D vclib:CallStateClient: startListening
06-10 14:17:41.621 17449 17449 D vclib:CallStateClient: stopListening
06-10 14:17:41.925   152   492 I ActivityManager: Process android.process.acore (pid 18126) has died.
06-10 14:17:41.937 17449 17449 D vclib:CallStateClient: startListening
06-10 14:17:42.113 17449 17451 D dalvikvm: GC_CONCURRENT freed 371K, 7% free 9720K/10375K, paused 14ms+16ms
06-10 14:17:42.136 17449 17458 W CursorWrapperInner: Cursor finalized without prior close()
06-10 14:17:42.152 17449 17458 W CursorWrapperInner: Cursor finalized without prior close()
06-10 14:17:42.289 17449 17449 D vclib:CallStateClient: stopListening
06-10 14:17:46.621   152   169 I ActivityManager: Start proc com.google.android.apps.maps:NetworkLocationService for service com.google.android.apps.maps/com.google.android.location.internal.server.NetworkLocationService: pid=18146 uid=10057 gids={3003, 1015}
06-10 14:17:46.804 18146 18148 D dalvikvm: GC_CONCURRENT freed 173K, 3% free 9362K/9607K, paused 7ms+2ms
06-10 14:17:47.269 18146 18148 D dalvikvm: GC_CONCURRENT freed 149K, 3% free 9665K/9927K, paused 3ms+5ms
06-10 14:17:47.652   152   375 D dalvikvm: GC_EXPLICIT freed 1328K, 23% free 17771K/22919K, paused 9ms+8ms
06-10 14:17:48.074 18146 18148 D dalvikvm: GC_CONCURRENT freed 171K, 3% free 10068K/10311K, paused 10ms+3ms
06-10 14:17:48.277 18146 18148 D dalvikvm: GC_CONCURRENT freed 674K, 8% free 9882K/10695K, paused 2ms+2ms
06-10 14:17:48.441   152   169 I ActivityManager: Start proc com.google.android.apps.maps:FriendService for broadcast com.google.android.apps.maps/com.google.googlenav.friend.android.ServiceReceiver: pid=18168 uid=10057 gids={3003, 1015}
06-10 14:17:48.601 18168 18170 D dalvikvm: GC_CONCURRENT freed 176K, 3% free 9360K/9607K, paused 2ms+6ms
06-10 14:17:48.789 18168 18170 D dalvikvm: GC_CONCURRENT freed 201K, 3% free 9697K/9991K, paused 2ms+2ms
06-10 14:17:48.953   152 16653 I ActivityManager: Process com.google.android.apps.maps:FriendService (pid 18168) has died.
06-10 14:17:48.984 17449 17449 D vclib:CallStateClient: startListening
06-10 14:17:49.140   152  4554 I ActivityManager: Start proc android.process.acore for content provider com.android.providers.contacts/.ContactsProvider2: pid=18182 uid=10000 gids={3003, 1015}
06-10 14:17:49.203    80    80 D dalvikvm: GC_EXPLICIT freed 38K, 4% free 9031K/9347K, paused 2ms+4ms
06-10 14:17:49.265 18182 18182 I ActivityThread: Pub call_log: com.android.providers.contacts.CallLogProvider
06-10 14:17:49.285    80    80 D dalvikvm: GC_EXPLICIT freed <1K, 4% free 9031K/9347K, paused 24ms+3ms
06-10 14:17:49.308 18182 18182 I ActivityThread: Pub com.android.voicemail: com.android.providers.contacts.VoicemailContentProvider
06-10 14:17:49.308 18182 18182 I ActivityThread: Pub user_dictionary: com.android.providers.userdictionary.UserDictionaryProvider
06-10 14:17:49.340 17449 17451 D dalvikvm: GC_CONCURRENT freed 400K, 6% free 9768K/10375K, paused 17ms+55ms
06-10 14:17:49.367    80    80 D dalvikvm: GC_EXPLICIT freed <1K, 4% free 9031K/9347K, paused 12ms+10ms
06-10 14:17:49.375 18182 18182 I ActivityThread: Pub com.android.social: com.android.providers.contacts.SocialProvider
06-10 14:17:49.375 18182 18182 I ActivityThread: Pub applications: com.android.providers.applications.ApplicationsProvider
06-10 14:17:49.457   152   168 I Process : Sending signal. PID: 17449 SIG: 3
06-10 14:17:49.461 17449 17454 I dalvikvm: threadid=3: reacting to signal 3
06-10 14:17:49.496 18182 18184 D dalvikvm: GC_CONCURRENT freed 350K, 5% free 9150K/9607K, paused 2ms+5ms
06-10 14:17:49.519 17449 17454 I dalvikvm: Wrote stack traces to '/data/anr/traces.txt'
06-10 14:17:49.535 18182 18182 I ActivityThread: Pub contacts;com.android.contacts: com.android.providers.contacts.ContactsProvider2
06-10 14:17:49.558 17449 17449 D vclib:CallStateClient: stopListening
06-10 14:17:49.597 18146 18153 I dalvikvm: Total arena pages for JIT: 11
06-10 14:17:49.597 18146 18153 I dalvikvm: Total arena pages for JIT: 12
06-10 14:17:49.601 18146 18153 I dalvikvm: Total arena pages for JIT: 13
06-10 14:17:49.601 18146 18153 I dalvikvm: Total arena pages for JIT: 14
06-10 14:17:49.601 18146 18153 I dalvikvm: Total arena pages for JIT: 15
06-10 14:17:49.601 18146 18153 I dalvikvm: Total arena pages for JIT: 16
06-10 14:17:49.601 18146 18153 I dalvikvm: Total arena pages for JIT: 17
06-10 14:17:49.890   152 16653 I ActivityManager: Start proc android.process.media for content provider com.android.providers.media/.MediaProvider: pid=18199 uid=10012 gids={1015, 1023, 1024, 2001, 3003, 3007}
06-10 14:17:49.937 18199 18199 I ActivityThread: Pub downloads: com.android.providers.downloads.DownloadProvider
06-10 14:17:49.949   152   655 I ActivityManager: Process com.facebook.katana (pid 18011) has died.
06-10 14:17:49.949   152   655 W ActivityManager: Scheduling restart of crashed service com.facebook.katana/.service.MediaUploadService in 5000ms
06-10 14:17:49.984 17449 17449 D vclib:CallStateClient: startListening
06-10 14:17:50.007 17449 17449 D vclib:CallStateClient: stopListening
06-10 14:17:50.007 18199 18199 I ActivityThread: Pub drm: com.android.providers.drm.DrmProvider
06-10 14:17:50.007 18199 18213 I DownloadManager: in removeSpuriousFiles
06-10 14:17:50.035 18199 18199 I ActivityThread: Pub media: com.android.providers.media.MediaProvider
06-10 14:17:50.066 18199 18213 I DownloadManager: in removeSpuriousFiles, preserving file /data/data/com.android.providers.downloads/cache/downloadfile-1.apk
06-10 14:17:50.070 18199 18213 I DownloadManager: deleting spurious file /cache/backup
06-10 14:17:50.172 18146 18148 D dalvikvm: GC_CONCURRENT freed 323K, 6% free 10059K/10695K, paused 1ms+2ms
06-10 14:17:50.371 18199 18201 D dalvikvm: GC_CONCURRENT freed 339K, 5% free 9188K/9607K, paused 10ms+6ms
06-10 14:17:50.472 18086 18088 D dalvikvm: GC_CONCURRENT freed 782K, 8% free 11646K/12551K, paused 2ms+4ms
06-10 14:17:50.644 18182 18184 D dalvikvm: GC_CONCURRENT freed 177K, 3% free 9413K/9671K, paused 2ms+3ms
06-10 14:17:51.254   152   492 I ActivityManager: Process android.process.media (pid 18199) has died.
06-10 14:17:51.257 17449 17449 D vclib:CallStateClient: startListening
06-10 14:17:51.297 17449 17449 D vclib:CallStateClient: stopListening
06-10 14:17:51.593 17644 17646 D dalvikvm: GC_CONCURRENT freed 412K, 6% free 9981K/10567K, paused 10ms+7ms
06-10 14:17:51.886   152   375 I ActivityManager: Process android.process.acore (pid 18182) has died.
06-10 14:17:51.898 17449 17449 D vclib:CallStateClient: startListening
06-10 14:17:52.011 17449 17449 D vclib:CallStateClient: stopListening
06-10 14:17:55.000   152   169 I ActivityManager: Start proc com.facebook.katana for service com.facebook.katana/.service.MediaUploadService: pid=18219 uid=10060 gids={3003, 1006, 1015}
06-10 14:17:55.007 18219 18219 I dalvikvm: Turning on JNI app bug workarounds for target SDK version 7...
06-10 14:17:55.199 18219 18221 D dalvikvm: GC_CONCURRENT freed 151K, 3% free 9385K/9607K, paused 4ms+2ms
06-10 14:17:55.429 18219 18219 I ActivityThread: Pub com.facebook.katana.provider.LoggingProvider: com.facebook.katana.provider.LoggingProvider
06-10 14:17:55.461 18219 18219 I ActivityThread: Pub com.facebook.katana.provider.KeyValueProvider: com.facebook.katana.provider.KeyValueProvider
06-10 14:17:55.480 18219 18219 I ActivityThread: Pub com.facebook.katana.provider.CacheProvider: com.facebook.katana.provider.CacheProvider
06-10 14:17:55.484 18219 18219 I ActivityThread: Pub com.facebook.katana.provider.MailboxProvider: com.facebook.katana.provider.MailboxProvider
06-10 14:17:55.507 18219 18219 I ActivityThread: Pub com.facebook.katana.provider.UserStatusesProvider: com.facebook.katana.provider.UserStatusesProvider
06-10 14:17:55.507 18219 18219 I ActivityThread: Pub com.facebook.katana.provider.EventsProvider: com.facebook.katana.provider.EventsProvider
06-10 14:17:55.507 18219 18219 I ActivityThread: Pub com.facebook.katana.provider.NotificationsProvider: com.facebook.katana.provider.NotificationsProvider
06-10 14:17:55.515 18219 18219 I ActivityThread: Pub com.facebook.katana.provider.UserValuesProvider: com.facebook.katana.provider.UserValuesProvider
06-10 14:17:55.519 18219 18219 I ActivityThread: Pub com.facebook.katana.provider.PagesProvider: com.facebook.katana.provider.PagesProvider
06-10 14:17:55.535 18219 18219 I ActivityThread: Pub com.facebook.katana.provider.MobileEventLogProvider: com.facebook.katana.provider.MobileEventLogProvider
06-10 14:17:55.535 18219 18219 I ActivityThread: Pub com.facebook.katana.provider.PushNotificationsProvider: com.facebook.katana.provider.PushNotificationsProvider
06-10 14:17:55.535 18219 18219 I ActivityThread: Pub com.facebook.katana.provider.PhotosProvider: com.facebook.katana.provider.PhotosProvider
06-10 14:17:55.535 18219 18219 I ActivityThread: Pub com.facebook.katana.provider.ConnectionsProvider: com.facebook.katana.provider.ConnectionsProvider
06-10 14:17:55.535 18219 18221 D dalvikvm: GC_CONCURRENT freed 151K, 3% free 9725K/9991K, paused 3ms+2ms
06-10 14:17:55.562 18219 18219 I ActivityThread: Pub com.facebook.orca.notify.FbandroidMessagesForegroundProvider: com.facebook.orca.notify.FbandroidMessagesForegroundProvider
06-10 14:17:55.613 18219 18219 D ACRA    : Retrieve application default SharedPreferences.
06-10 14:17:55.617 18219 18219 D ACRA    : Set OnSharedPreferenceChangeListener.
06-10 14:17:55.621 18219 18219 D ACRA    : ACRA is enabled for com.facebook.katana, intializing...
06-10 14:17:55.656 18219 18219 D ACRA    : Looking for error files in /data/data/com.facebook.katana/app_acra-reports
06-10 14:17:55.750 18219 18219 W nalizableReferenceQueue: Could not load Finalizer in its own class loader.Loading Finalizer in the current class loader instead. As a result, you will not be ableto garbage collect this class loader. To support reclaiming this class loader, eitherresolve the underlying issue, or move Google Collections to your system class path.
06-10 14:17:55.750 18219 18219 W nalizableReferenceQueue: java.io.FileNotFoundException: com/google/common/base/internal/Finalizer.class
06-10 14:17:55.750 18219 18219 W nalizableReferenceQueue: 	at com.google.common.base.FinalizableReferenceQueue$DecoupledLoader.getBaseUrl(FinalizableReferenceQueue.java:243)
06-10 14:17:55.750 18219 18219 W nalizableReferenceQueue: 	at com.google.common.base.FinalizableReferenceQueue$DecoupledLoader.loadFinalizer(FinalizableReferenceQueue.java:227)
06-10 14:17:55.750 18219 18219 W nalizableReferenceQueue: 	at com.google.common.base.FinalizableReferenceQueue.loadFinalizer(FinalizableReferenceQueue.java:155)
06-10 14:17:55.750 18219 18219 W nalizableReferenceQueue: 	at com.google.common.base.FinalizableReferenceQueue.<clinit>(FinalizableReferenceQueue.java:84)
06-10 14:17:55.750 18219 18219 W nalizableReferenceQueue: 	at com.google.common.collect.CustomConcurrentHashMap$QueueHolder.<clinit>(CustomConcurrentHashMap.java:650)
06-10 14:17:55.750 18219 18219 W nalizableReferenceQueue: 	at com.google.common.collect.CustomConcurrentHashMap$WeakEntry.<init>(CustomConcurrentHashMap.java:1342)
06-10 14:17:55.750 18219 18219 W nalizableReferenceQueue: 	at com.google.common.collect.CustomConcurrentHashMap$EntryFactory$9.newEntry(CustomConcurrentHashMap.java:453)
06-10 14:17:55.750 18219 18219 W nalizableReferenceQueue: 	at com.google.common.collect.CustomConcurrentHashMap.a(CustomConcurrentHashMap.java:1715)
06-10 14:17:55.750 18219 18219 W nalizableReferenceQueue: 	at com.google.common.collect.ComputingConcurrentHashMap$ComputingSegment.a(ComputingConcurrentHashMap.java:123)
06-10 14:17:55.750 18219 18219 W nalizableReferenceQueue: 	at com.google.common.collect.ComputingConcurrentHashMap.apply(ComputingConcurrentHashMap.java:71)
06-10 14:17:55.750 18219 18219 W nalizableReferenceQueue: 	at com.google.common.collect.MapMaker$ComputingMapAdapter.get(MapMaker.java:848)
06-10 14:17:55.750 18219 18219 W nalizableReferenceQueue: 	at com.google.inject.internal.Annotations$AnnotationChecker.a(Annotations.java:94)
06-10 14:17:55.750 18219 18219 W nalizableReferenceQueue: 	at com.google.inject.internal.Annotations.c(Annotations.java:112)
06-10 14:17:55.750 18219 18219 W nalizableReferenceQueue: 	at com.google.inject.Key.d(Key.java:369)
06-10 14:17:55.750 18219 18219 W nalizableReferenceQueue: 	at com.google.inject.Key.b(Key.java:356)
06-10 14:17:55.750 18219 18219 W nalizableReferenceQueue: 	at com.google.inject.Key.a(Key.java:267)
06-10 14:17:55.750 18219 18219 W nalizableReferenceQueue: 	at com.facebook.orca.inject.binder.AnnotatedBindingBuilderImpl.a(AnnotatedBindingBuilderImpl.java:22)
06-10 14:17:55.750 18219 18219 W nalizableReferenceQueue: 	at com.facebook.orca.app.FbBaseModule.a(FbBaseModule.java:74)
06-10 14:17:55.750 18219 18219 W nalizableReferenceQueue: 	at com.facebook.orca.inject.AbstractModule.a(AbstractModule.java:19)
06-10 14:17:55.750 18219 18219 W nalizableReferenceQueue: 	at com.facebook.orca.inject.FbInjectorImpl.a(FbInjectorImpl.java:61)
06-10 14:17:55.750 18219 18219 W nalizableReferenceQueue: 	at com.facebook.orca.inject.FbInjectorImpl.<init>(FbInjectorImpl.java:41)
06-10 14:17:55.750 18219 18219 W nalizableReferenceQueue: 	at com.facebook.orca.inject.FbInjector.a(FbInjector.java:40)
06-10 14:17:55.750 18219 18219 W nalizableReferenceQueue: 	at com.facebook.katana.FacebookApplication.onCreate(FacebookApplication.java:86)
06-10 14:17:55.750 18219 18219 W nalizableReferenceQueue: 	at android.app.Instrumentation.callApplicationOnCreate(Instrumentation.java:969)
06-10 14:17:55.750 18219 18219 W nalizableReferenceQueue: 	at android.app.ActivityThread.handleBindApplication(ActivityThread.java:3954)
06-10 14:17:55.750 18219 18219 W nalizableReferenceQueue: 	at android.app.ActivityThread.access$1300(ActivityThread.java:123)
06-10 14:17:55.750 18219 18219 W nalizableReferenceQueue: 	at android.app.ActivityThread$H.handleMessage(ActivityThread.java:1185)
06-10 14:17:55.750 18219 18219 W nalizableReferenceQueue: 	at android.os.Handler.dispatchMessage(Handler.java:99)
06-10 14:17:55.750 18219 18219 W nalizableReferenceQueue: 	at android.os.Looper.loop(Looper.java:137)
06-10 14:17:55.750 18219 18219 W nalizableReferenceQueue: 	at android.app.ActivityThread.main(ActivityThread.java:4424)
06-10 14:17:55.750 18219 18219 W nalizableReferenceQueue: 	at java.lang.reflect.Method.invokeNative(Native Method)
06-10 14:17:55.750 18219 18219 W nalizableReferenceQueue: 	at java.lang.reflect.Method.invoke(Method.java:511)
06-10 14:17:55.750 18219 18219 W nalizableReferenceQueue: 	at com.android.internal.os.ZygoteInit$MethodAndArgsCaller.run(ZygoteInit.java:784)
06-10 14:17:55.750 18219 18219 W nalizableReferenceQueue: 	at com.android.internal.os.ZygoteInit.main(ZygoteInit.java:551)
06-10 14:17:55.750 18219 18219 W nalizableReferenceQueue: 	at dalvik.system.NativeStart.main(Native Method)
06-10 14:17:55.750 18219 18219 I Finalizer: Couldn't access Thread.inheritableThreadLocals. Reference finalizer threads will inherit thread local values.
06-10 14:17:55.855 18219 18221 D dalvikvm: GC_CONCURRENT freed 336K, 5% free 9856K/10311K, paused 5ms+2ms
06-10 14:17:56.011 18219 18221 D dalvikvm: GC_CONCURRENT freed 363K, 5% free 9977K/10439K, paused 5ms+8ms
06-10 14:17:56.336 18219 18221 D dalvikvm: GC_CONCURRENT freed 376K, 5% free 10107K/10567K, paused 3ms+2ms
06-10 14:17:56.621 18219 18235 W Resources: Converting to string: TypedValue{t=0x10/d=0xffffffff a=-1}
06-10 14:17:56.773 18219 18221 D dalvikvm: GC_CONCURRENT freed 354K, 5% free 10267K/10695K, paused 18ms+6ms
06-10 14:17:57.539 18219 18221 D dalvikvm: GC_CONCURRENT freed 286K, 4% free 10406K/10823K, paused 6ms+3ms
06-10 14:17:57.972 18219 18221 D dalvikvm: GC_CONCURRENT freed 335K, 5% free 10483K/10951K, paused 2ms+3ms
06-10 14:18:05.168   488   488 D dalvikvm: GC_EXPLICIT freed <1K, 7% free 9108K/9735K, paused 4ms+2ms
06-10 14:18:07.828 18219 18221 D dalvikvm: GC_CONCURRENT freed 348K, 5% free 10548K/11015K, paused 2ms+3ms
06-10 14:18:10.343 10196 10196 D dalvikvm: GC_EXPLICIT freed 1093K, 25% free 13758K/18119K, paused 7ms+5ms
06-10 14:18:10.578   152   164 I AudioService:   Remote Control   registerMediaButtonIntent() for PendingIntent{41a71290: PendingIntentRecord{41446e00 com.spotify.mobile.android.ui broadcastIntent}}
06-10 14:18:11.961 16466 16479 I PhoneLab-: Service Running
06-10 14:18:12.047 16466 16479 I PhoneLab-LoggerService: app_38    1290  1     1788   1344  c00f181c 400107b4 S logcat
06-10 14:18:12.047 16466 16479 I PhoneLab-LoggerService: Logcat pid from database 1290
06-10 14:18:12.050 16466 16479 I PhoneLab-LoggerService: Logcat process found 1290
06-10 14:18:12.050 16466 16479 I PhoneLab-LoggerService: Checking Threshold
06-10 14:18:12.050 16466 16479 I PhoneLab-LoggerService: Starting to rename files
06-10 14:18:12.050 16466 16479 I PhoneLab-LoggerService: Files found .. 3
06-10 14:18:15.234 17544 17544 D dalvikvm: GC_EXPLICIT freed <1K, 19% free 11700K/14407K, paused 62ms+3ms
06-10 14:18:20.172 17449 17449 D dalvikvm: GC_EXPLICIT freed 323K, 7% free 9682K/10375K, paused 2ms+3ms
06-10 14:18:25.304  7488  7488 D dalvikvm: GC_EXPLICIT freed 267K, 5% free 10510K/11015K, paused 53ms+4ms
06-10 14:18:30.375   152   168 D dalvikvm: GC_EXPLICIT freed 1081K, 23% free 17782K/22919K, paused 28ms+7ms
06-10 14:18:35.238   472   472 D dalvikvm: GC_EXPLICIT freed 7K, 19% free 9812K/11975K, paused 37ms+3ms
06-10 14:18:40.195   568   568 D dalvikvm: GC_EXPLICIT freed <1K, 4% free 9037K/9347K, paused 25ms+2ms
06-10 14:18:45.218   453   453 D dalvikvm: GC_EXPLICIT freed <1K, 12% free 10921K/12359K, paused 23ms+3ms
06-10 14:18:51.691 18146 18148 D dalvikvm: GC_CONCURRENT freed 485K, 6% free 10086K/10695K, paused 2ms+3ms
06-10 14:18:51.914   152   152 D dalvikvm: GC_EXPLICIT freed 105K, 23% free 17747K/22919K, paused 8ms+10ms
06-10 14:18:52.035 17644 17646 D dalvikvm: GC_CONCURRENT freed 433K, 6% free 10024K/10567K, paused 8ms+6ms
06-10 14:18:56.625   390   390 D dalvikvm: GC_EXPLICIT freed 114K, 41% free 10115K/16903K, paused 28ms+6ms
06-10 14:19:05.156 17644 17644 D dalvikvm: GC_EXPLICIT freed 112K, 7% free 9912K/10567K, paused 4ms+3ms
06-10 14:19:10.175 16466 16466 D dalvikvm: GC_EXPLICIT freed 59K, 4% free 9051K/9415K, paused 27ms+2ms
06-10 14:19:15.234 16564 16564 D dalvikvm: GC_EXPLICIT freed 24K, 6% free 9719K/10311K, paused 8ms+2ms
06-10 14:19:20.136 16163 16163 E GeckoApp: low memory
06-10 14:19:20.273 16163 16163 D dalvikvm: GC_EXPLICIT freed 3K, 19% free 10278K/12679K, paused 21ms+3ms
06-10 14:19:25.261 17113 17113 D dalvikvm: GC_EXPLICIT freed 1K, 4% free 9055K/9347K, paused 64ms+2ms
06-10 14:19:29.300   152   169 I ActivityManager: Start proc com.facebook.orca for broadcast com.facebook.orca/.analytics.AnalyticsPeriodicReporter$ReporterBroadcastReceiver: pid=18259 uid=10061 gids={3003, 1015, 1006}
06-10 14:19:29.328 18259 18259 I dalvikvm: Turning on JNI app bug workarounds for target SDK version 10...
06-10 14:19:29.394   152   164 I ActivityManager: Process com.google.android.apps.maps:NetworkLocationService (pid 18146) has died.
06-10 14:19:29.394   152   164 W ActivityManager: Scheduling restart of crashed service com.google.android.apps.maps/com.google.android.location.internal.server.NetworkLocationService in 5000ms
06-10 14:19:29.445 17449 17449 D vclib:CallStateClient: startListening
06-10 14:19:29.558 17449 17449 D vclib:CallStateClient: stopListening
06-10 14:19:29.593   152   164 I ActivityManager: Start proc android.process.acore for content provider com.android.providers.contacts/.ContactsProvider2: pid=18273 uid=10000 gids={3003, 1015}
06-10 14:19:29.711 18259 18259 I ActivityThread: Pub com.facebook.orca.notify.MessengerLoggedInUserProvider: com.facebook.orca.notify.MessengerLoggedInUserProvider
06-10 14:19:29.734 18273 18273 I ActivityThread: Pub call_log: com.android.providers.contacts.CallLogProvider
06-10 14:19:29.793 18273 18273 I ActivityThread: Pub com.android.voicemail: com.android.providers.contacts.VoicemailContentProvider
06-10 14:19:29.797 18273 18273 I ActivityThread: Pub user_dictionary: com.android.providers.userdictionary.UserDictionaryProvider
06-10 14:19:29.820 18259 18259 I ActivityThread: Pub com.facebook.orca.notify.MessengerForegroundProvider: com.facebook.orca.notify.MessengerForegroundProvider
06-10 14:19:29.836 18259 18259 V orca:OrcaApplication: Forcing initialization of AsyncTask
06-10 14:19:29.886 18273 18273 I ActivityThread: Pub com.android.social: com.android.providers.contacts.SocialProvider
06-10 14:19:29.886 18273 18273 I ActivityThread: Pub applications: com.android.providers.applications.ApplicationsProvider
06-10 14:19:30.015 18259 18260 D dalvikvm: GC_CONCURRENT freed 209K, 4% free 9308K/9607K, paused 2ms+2ms
06-10 14:19:30.035 18259 18259 I Finalizer: Couldn't access Thread.inheritableThreadLocals. Reference finalizer threads will inherit thread local values.
06-10 14:19:30.097 18273 18273 I ActivityThread: Pub contacts;com.android.contacts: com.android.providers.contacts.ContactsProvider2
06-10 14:19:30.113 18273 18275 D dalvikvm: GC_CONCURRENT freed 326K, 5% free 9210K/9607K, paused 13ms+7ms
06-10 14:19:30.340 18259 18260 D dalvikvm: GC_CONCURRENT freed 389K, 5% free 9466K/9927K, paused 2ms+3ms
06-10 14:19:30.488 18259 18259 W OrcaGuiceModule: Sig: ijxLJi1yGs1JpL-X1SExmchvork
06-10 14:19:30.621 18259 18260 D dalvikvm: GC_CONCURRENT freed 254K, 4% free 9620K/9991K, paused 2ms+4ms
06-10 14:19:30.812 18259 18290 W Resources: Converting to string: TypedValue{t=0x10/d=0xffffffff a=-1}
06-10 14:19:31.144 18259 18260 D dalvikvm: GC_CONCURRENT freed 312K, 4% free 9863K/10247K, paused 11ms+5ms
06-10 14:19:31.203   152   552 I ActivityManager: Process com.whatsapp (pid 17898) has died.
06-10 14:19:31.203   152   552 W ActivityManager: Scheduling restart of crashed service com.whatsapp/.messaging.MessageService in 13194ms
06-10 14:19:31.211 17449 17449 D vclib:CallStateClient: startListening
06-10 14:19:31.269 17449 17449 D vclib:CallStateClient: stopListening
06-10 14:19:31.398 18259 18260 D dalvikvm: GC_CONCURRENT freed 308K, 4% free 10098K/10503K, paused 2ms+14ms
06-10 14:19:31.425 18259 18259 D ACRA    : Retrieve application default SharedPreferences.
06-10 14:19:31.425 18259 18259 D ACRA    : Set OnSharedPreferenceChangeListener.
06-10 14:19:31.453 18273 18275 D dalvikvm: GC_CONCURRENT freed 201K, 4% free 9409K/9735K, paused 53ms+2ms
06-10 14:19:31.500 18259 18290 D dalvikvm: GC_FOR_ALLOC freed 193K, 5% free 10123K/10631K, paused 56ms
06-10 14:19:31.500 18259 18259 D ACRA    : ACRA is enabled for com.facebook.orca, intializing...
06-10 14:19:31.570 18259 18290 D dalvikvm: GC_FOR_ALLOC freed 269K, 5% free 10235K/10759K, paused 36ms
06-10 14:19:31.570 18259 18259 D ACRA    : Looking for error files in /data/data/com.facebook.orca/app_acra-reports
06-10 14:19:31.746   152  5617 I ActivityManager: Process com.facebook.orca (pid 18259) has died.
06-10 14:19:31.757 17449 17449 D vclib:CallStateClient: startListening
06-10 14:19:32.019 17449 17449 D vclib:CallStateClient: stopListening
06-10 14:19:34.488   152   169 I ActivityManager: Start proc com.google.android.apps.maps:NetworkLocationService for service com.google.android.apps.maps/com.google.android.location.internal.server.NetworkLocationService: pid=18295 uid=10057 gids={3003, 1015}
06-10 14:19:34.507   152  5616 I ActivityManager: Process android.process.acore (pid 18273) has died.
06-10 14:19:34.519 17449 17449 D vclib:CallStateClient: startListening
06-10 14:19:34.679  7488 16465 D dalvikvm: GC_EXPLICIT freed 183K, 6% free 10450K/11015K, paused 7ms+6ms
06-10 14:19:34.757 18295 18297 D dalvikvm: GC_CONCURRENT freed 163K, 3% free 9372K/9607K, paused 10ms+6ms
06-10 14:19:34.808 17449 17449 D vclib:CallStateClient: stopListening
06-10 14:19:35.265 18295 18297 D dalvikvm: GC_CONCURRENT freed 153K, 3% free 9672K/9927K, paused 2ms+2ms
06-10 14:19:35.793 18295 18297 D dalvikvm: GC_CONCURRENT freed 166K, 3% free 10073K/10311K, paused 2ms+3ms
06-10 14:19:35.992 18295 18297 D dalvikvm: GC_CONCURRENT freed 672K, 8% free 9882K/10631K, paused 1ms+2ms
06-10 14:19:36.078   152   169 I ActivityManager: Start proc com.google.android.apps.maps:FriendService for broadcast com.google.android.apps.maps/com.google.googlenav.friend.android.ServiceReceiver: pid=18316 uid=10057 gids={3003, 1015}
06-10 14:19:36.215 18316 18319 D dalvikvm: GC_CONCURRENT freed 165K, 3% free 9370K/9607K, paused 2ms+4ms
06-10 14:19:36.402 18316 18319 D dalvikvm: GC_CONCURRENT freed 193K, 4% free 9673K/9991K, paused 1ms+7ms
06-10 14:19:36.578 18295 18302 I dalvikvm: Total arena pages for JIT: 11
06-10 14:19:36.605 18295 18302 I dalvikvm: Total arena pages for JIT: 12
06-10 14:19:36.609 18295 18302 I dalvikvm: Total arena pages for JIT: 13
06-10 14:19:36.613 18295 18302 I dalvikvm: Total arena pages for JIT: 14
06-10 14:19:36.613 18295 18302 I dalvikvm: Total arena pages for JIT: 15
06-10 14:19:36.617 18295 18302 I dalvikvm: Total arena pages for JIT: 16
06-10 14:19:36.617 18295 18302 I dalvikvm: Total arena pages for JIT: 17
06-10 14:19:36.644   152   857 I ActivityManager: Process com.google.android.apps.maps:FriendService (pid 18316) has died.
06-10 14:19:36.648 17449 17449 D vclib:CallStateClient: startListening
06-10 14:19:36.754   152 31690 I ActivityManager: Start proc android.process.acore for content provider com.android.providers.contacts/.ContactsProvider2: pid=18329 uid=10000 gids={3003, 1015}
06-10 14:19:36.832 18329 18329 I ActivityThread: Pub call_log: com.android.providers.contacts.CallLogProvider
06-10 14:19:36.847 18295 18315 D dalvikvm: GC_FOR_ALLOC freed 201K, 6% free 10043K/10631K, paused 179ms
06-10 14:19:36.879 18329 18329 I ActivityThread: Pub com.android.voicemail: com.android.providers.contacts.VoicemailContentProvider
06-10 14:19:36.879 18329 18329 I ActivityThread: Pub user_dictionary: com.android.providers.userdictionary.UserDictionaryProvider
