06-13 18:39:43.300   552   554 D dalvikvm: GC_CONCURRENT freed 443K, 6% free 9527K/10119K, paused 1ms+2ms
06-13 18:39:43.558   552   564 V GoogleLoginService: Returning error intent with: ComponentInfo{com.google.android.gsf.login/com.google.android.gsf.login.LoginActivity}
06-13 18:39:43.886   552   566 V GoogleLoginService: Returning error intent with: ComponentInfo{com.google.android.gsf.login/com.google.android.gsf.login.LoginActivity}
06-13 18:39:44.160   552   565 V GoogleLoginService: Returning error intent with: ComponentInfo{com.google.android.gsf.login/com.google.android.gsf.login.LoginActivity}
06-13 18:39:44.406   552   563 V GoogleLoginService: Returning error intent with: ComponentInfo{com.google.android.gsf.login/com.google.android.gsf.login.LoginActivity}
06-13 18:39:45.636 31986   519 I System.out: 06:39:45 PM RCV  (1095423832): <presence from='lokeshmandvekar@gmail.com/android_talk7682aaea69df' to='lokeshmandvekar@jabber.org'><status/><priority>24</priority><caps:c node="http://www.android.com/gtalk/client/caps" ext="pmuc-v1 voice-v1 video-v1 camera-v1" ver="1.1" xmlns:caps="http://jabber.org/protocol/caps"/><show>away</show><x xmlns="vcard-temp:x:update"><photo>10787dcb9604f48a6fc4f42908a91dfd12a1d753</photo></x></presence>
06-13 18:39:45.746 31986 32000 I com.xabber.android.data.roster.SyncManager@4143c0d0: Insert presences 1
06-13 18:39:45.754 31986 32000 I com.xabber.android.data.roster.SyncManager$4@41394de8: Presence changed
06-13 18:39:46.562   552   554 D dalvikvm: GC_CONCURRENT freed 426K, 6% free 9513K/10119K, paused 1ms+2ms
06-13 18:39:46.894   552   565 V GoogleLoginService: Returning error intent with: ComponentInfo{com.google.android.gsf.login/com.google.android.gsf.login.LoginActivity}
06-13 18:39:53.015   142   174 I power   : *** set_screen_state 1
06-13 18:39:53.109   142   174 I WindowManager: Lock screen displayed!
06-13 18:39:53.234    79   118 D SurfaceFlinger: Screen about to return, flinger = 0x1e2b918
06-13 18:39:53.375   552   563 V GoogleLoginService: Returning error intent with: ComponentInfo{com.google.android.gsf.login/com.google.android.gsf.login.LoginActivity}
06-13 18:39:54.578   142   170 I power   : *** set_screen_state 0
06-13 18:39:54.632    79   118 D SurfaceFlinger: About to give-up screen, flinger = 0x1e2b918
06-13 18:39:54.691   142   174 V TransportControlView: Create TCV com.android.internal.widget.TransportControlView@4189cd18
06-13 18:39:56.066   142   366 I ActivityManager: Process com.android.defcontainer (pid 728) has died.
06-13 18:39:56.578   142   158 I Process : Sending signal. PID: 27790 SIG: 3
06-13 18:39:56.578 27790 27795 I dalvikvm: threadid=3: reacting to signal 3
06-13 18:39:56.601 27790 27795 I dalvikvm: Wrote stack traces to '/data/anr/traces.txt'
06-13 18:39:56.847   552   564 V GoogleLoginService: Returning error intent with: ComponentInfo{com.google.android.gsf.login/com.google.android.gsf.login.LoginActivity}
06-13 18:39:56.910 32042 32056 I PhoneLab-: Service Running
06-13 18:39:56.980 32042 32056 I PhoneLab-LoggerService: app_38    27718 1     1112   664   c00f181c 400107b4 S logcat
06-13 18:39:56.980 32042 32056 I PhoneLab-LoggerService: Logcat pid from database 27718
06-13 18:39:56.980 32042 32056 I PhoneLab-LoggerService: Logcat process found 27718
06-13 18:39:56.980 32042 32056 I PhoneLab-LoggerService: Checking Threshold
06-13 18:39:56.984 32042 32056 I PhoneLab-LoggerService: Starting to rename files
06-13 18:39:56.984 32042 32056 I PhoneLab-LoggerService: Files found .. 2
06-13 18:39:56.984 32042 32056 I PhoneLab-: Service Running
06-13 18:39:57.039 32042 32056 I PhoneLab-LoggerService: app_38    27718 1     1112   664   c00f181c 400107b4 S logcat
06-13 18:39:57.039 32042 32056 I PhoneLab-LoggerService: Logcat pid from database 27718
06-13 18:39:57.039 32042 32056 I PhoneLab-LoggerService: Logcat process found 27718
06-13 18:39:57.039 32042 32056 I PhoneLab-LoggerService: Checking Threshold
06-13 18:39:57.039 32042 32056 I PhoneLab-LoggerService: Starting to rename files
06-13 18:39:57.039 32042 32056 I PhoneLab-LoggerService: Files found .. 2
06-13 18:39:57.054 32042 32045 D dalvikvm: GC_CONCURRENT freed 509K, 7% free 9182K/9863K, paused 4ms+1ms
06-13 18:40:11.164 31756 31756 I wpa_supplicant: wlan0: Authentication with 00:00:00:00:00:00 timed out.
06-13 18:40:12.148   742   744 D dalvikvm: GC_CONCURRENT freed 516K, 7% free 10461K/11143K, paused 1ms+2ms
06-13 18:40:12.269 32490 32492 D dalvikvm: GC_CONCURRENT freed 752K, 8% free 10125K/10951K, paused 6ms+7ms
06-13 18:40:13.019 31756 31756 I wpa_supplicant: wlan0: Trying to associate with 00:1a:a2:dd:bf:c0 (SSID='UB_Secure' freq=2437 MHz)
06-13 18:40:13.191 31756 31756 I wpa_supplicant: wlan0: Associated with 00:1a:a2:dd:bf:c0
06-13 18:40:13.191 31756 31756 I wpa_supplicant: wlan0: CTRL-EVENT-EAP-STARTED EAP authentication started
06-13 18:40:13.234 22817 22832 D NetlinkEvent: Unexpected netlink message. type=0x30
06-13 18:40:14.703   552   563 V GoogleLoginService: Returning error intent with: ComponentInfo{com.google.android.gsf.login/com.google.android.gsf.login.LoginActivity}
06-13 18:40:14.750   552   554 D dalvikvm: GC_CONCURRENT freed 402K, 6% free 9521K/10119K, paused 1ms+2ms
06-13 18:40:15.066   552   566 V GoogleLoginService: Returning error intent with: ComponentInfo{com.google.android.gsf.login/com.google.android.gsf.login.LoginActivity}
06-13 18:40:15.468   552   565 V GoogleLoginService: Returning error intent with: ComponentInfo{com.google.android.gsf.login/com.google.android.gsf.login.LoginActivity}
06-13 18:40:15.847   342   342 D SAN_SERVICE: *******************************************
06-13 18:40:15.847   342   342 D SAN_SERVICE: DM App Phone Service State - 0
06-13 18:40:15.847   342   342 D SAN_SERVICE: *******************************************
06-13 18:40:16.347   342   342 D SAN_SERVICE: *******************************************
06-13 18:40:16.347   342   342 D SAN_SERVICE: DM App Phone Service State - 0
06-13 18:40:16.347   342   342 D SAN_SERVICE: *******************************************
06-13 18:40:16.351 31986   521 I System.out: 06:40:16 PM SENT (1095423832): <iq id="ping" type="get"><ping xmlns="urn:xmpp:ping"/></iq>
06-13 18:40:16.554 31986   519 I System.out: 06:40:16 PM RCV  (1095423832): <iq to='lokeshmandvekar@jabber.org/android9e7FLMWG' type='result' id='ping'/>
06-13 18:40:16.804   552   564 V GoogleLoginService: Returning error intent with: ComponentInfo{com.google.android.gsf.login/com.google.android.gsf.login.LoginActivity}
06-13 18:40:17.011 32042 32042 I PhoneLab-Locks: wake lock acquired
06-13 18:40:17.035 32042 32042 I PhoneLab-StatusMonitor: Status Monitoring is started
06-13 18:40:17.136 32042 32045 D dalvikvm: GC_CONCURRENT freed 358K, 7% free 9232K/9863K, paused 1ms+2ms
06-13 18:40:17.172 32042 32042 I PhoneLab-StatusMonitor: Value: 10 - unit: min
06-13 18:40:17.172 32042 32042 I PhoneLab-StatusMonitor: Running interval: 600000
06-13 18:40:17.179 32042 32042 I PhoneLab-StatusMonitor: Rescheduling status monitoring...
06-13 18:40:17.183 32042 32042 I PhoneLab-Locks: wake lock released
06-13 18:40:17.187 32042 32042 I PhoneLab-StatusMonitorLocation: Learning Location
06-13 18:40:17.187 32042 32042 I PhoneLab-Locks: wake lock acquired
06-13 18:40:17.203   142   918 I ActivityManager: Process com.google.android.gm (pid 799) has died.
06-13 18:40:17.230 32042 32042 I PhoneLab-Locks: wake lock acquired
06-13 18:40:17.230 30888 31036 D androidNetworkLocationListeners: Still have listener com.google.android.location.internal.client.NetworkLocationClient$1@413e4798
06-13 18:40:17.254 32042 32042 I PhoneLab-StatusMonitorLocation: Learning Signal Strgth
06-13 18:40:17.254 32042 32042 I PhoneLab-Locks: wake lock acquired
