06-13 12:29:35.006  3550  3563 I PhoneLab-: Service Running
06-13 12:29:35.155  3550  3563 I PhoneLab-LoggerService: app_38    27718 1     1112   668   c00f181c 400107b4 S logcat
06-13 12:29:35.155  3550  3563 I PhoneLab-LoggerService: Logcat pid from database 27718
06-13 12:29:35.155  3550  3563 I PhoneLab-LoggerService: Logcat process found 27718
06-13 12:29:35.155  3550  3563 I PhoneLab-LoggerService: Checking Threshold
06-13 12:29:35.159  3550  3563 I PhoneLab-LoggerService: Starting to rename files
06-13 12:29:35.159  3550  3563 I PhoneLab-LoggerService: Files found .. 2
06-13 12:29:35.159  3550  3563 I PhoneLab-LoggerService: File 1 log.out.1
06-13 12:29:35.167  3550  3563 I PhoneLab-LoggerService: Renamed successfully
06-13 12:29:37.010  3788  3790 D dalvikvm: GC_CONCURRENT freed 403K, 6% free 9357K/9863K, paused 3ms+2ms
06-13 12:29:37.159  3788  3800 V GoogleLoginService: Returning error intent with: ComponentInfo{com.google.android.gsf.login/com.google.android.gsf.login.LoginActivity}
06-13 12:29:37.448  2855  2898 I System.out: 12:29:37 PM SENT (1095122528): <iq id="ping" type="get"><ping xmlns="urn:xmpp:ping"/></iq>
06-13 12:29:37.557  2855  2897 I System.out: 12:29:37 PM RCV  (1095122528): <iq to='lokeshmandvekar@jabber.org/android9e7FLMWG' type='result' id='ping'/>
06-13 12:29:40.866   142   158 D dalvikvm: GC_EXPLICIT freed 384K, 18% free 19804K/23879K, paused 7ms+7ms
06-13 12:29:42.092  3788  3800 V GoogleLoginService: Returning error intent with: ComponentInfo{com.google.android.gsf.login/com.google.android.gsf.login.LoginActivity}
06-13 12:29:44.159   142   294 D AlarmManagerService: Kernel timezone updated to 240 minutes west of GMT
06-13 12:29:44.432   142   166 I ActivityManager: Start proc com.google.android.gm for service com.google.android.gm/.provider.MailSyncAdapterService: pid=3807 uid=10019 gids={3003, 1015}
06-13 12:29:44.588   142   421 I ActivityManager: Process com.google.android.gsf.login (pid 3788) has died.
06-13 12:29:44.600  3807  3807 I ActivityThread: Pub gmail-ls: com.google.android.gm.provider.MailProvider
06-13 12:29:44.639  3807  3807 I ActivityThread: Pub com.google.android.gm: com.google.android.gm.provider.PublicContentProvider
06-13 12:29:44.663  3807  3807 I ActivityThread: Pub com.google.android.gmail.SuggestionProvider: com.google.android.gm.SuggestionsProvider
06-13 12:29:45.221  3807  3810 D dalvikvm: GC_CONCURRENT freed 232K, 4% free 9253K/9607K, paused 2ms+5ms
06-13 12:29:45.401  3807  3825 I Gmail   : calculateUnknownSyncRationalesAndPurgeInBackground: queueing
06-13 12:29:45.495  3807  3825 I Gmail   : calculateUnknownSyncRationalesAndPurgeInBackground: queueing
06-13 12:29:45.553  3807  3823 I Gmail   : MainSyncRequestProto: lowestBkwdConvoId: 0, highestHandledServerOp: 3240022, normalSync: true
06-13 12:29:45.815  3807  3810 D dalvikvm: GC_CONCURRENT freed 287K, 5% free 9383K/9799K, paused 15ms+34ms
06-13 12:29:45.959  3807  3825 I Gmail   : calculateUnknownSyncRationalesAndPurgeInBackground: running
06-13 12:29:45.971  3807  3825 I Gmail   : calculateUnknownSyncRationalesAndPurgeInBackground: running
06-13 12:29:46.963   142   918 I ActivityManager: Start proc com.google.android.gsf.login for service com.google.android.gsf.login/com.google.android.gsf.loginservice.GoogleLoginService: pid=3828 uid=10009 gids={3003, 1015, 1007, 2001, 3006}
06-13 12:29:47.026    80    80 D dalvikvm: GC_EXPLICIT freed 39K, 4% free 9031K/9347K, paused 2ms+22ms
06-13 12:29:47.065    80    80 D dalvikvm: GC_EXPLICIT freed <1K, 4% free 9031K/9347K, paused 3ms+1ms
06-13 12:29:47.092    80    80 D dalvikvm: GC_EXPLICIT freed <1K, 4% free 9031K/9347K, paused 2ms+6ms
06-13 12:29:47.374  3828  3830 D dalvikvm: GC_CONCURRENT freed 316K, 5% free 9169K/9607K, paused 2ms+2ms
06-13 12:29:47.764  3828  3839 V GoogleLoginService: Returning error intent with: ComponentInfo{com.google.android.gsf.login/com.google.android.gsf.login.LoginActivity}
06-13 12:29:47.928   142   918 I ActivityManager: Process com.google.android.gsf.login (pid 3828) has died.
06-13 12:29:47.991 27303 27306 D dalvikvm: GC_CONCURRENT freed 355K, 6% free 10312K/10951K, paused 15ms+17ms
06-13 12:29:48.327  3807  3810 D dalvikvm: GC_CONCURRENT freed 321K, 5% free 9476K/9927K, paused 4ms+6ms
06-13 12:29:49.170   142   422 D AlarmManagerService: Kernel timezone updated to 240 minutes west of GMT
06-13 12:29:49.604  3807  3810 D dalvikvm: GC_CONCURRENT freed 442K, 6% free 9489K/10055K, paused 5ms+3ms
06-13 12:29:49.694  3807  3823 D dalvikvm: GC_EXPLICIT freed 37K, 6% free 9486K/10055K, paused 2ms+2ms
06-13 12:29:49.709  3807  3823 I Gmail   : MainSyncRequestProto: lowestBkwdConvoId: 0, highestHandledServerOp: 3240104, normalSync: true
06-13 12:29:49.788   142   142 I ActivityManager: Start proc com.google.android.gsf.login for service com.google.android.gsf.login/com.google.android.gsf.loginservice.GoogleLoginService: pid=3847 uid=10009 gids={3003, 1015, 1007, 2001, 3006}
06-13 12:29:50.819  3807  3823 D dalvikvm: GC_EXPLICIT freed 226K, 6% free 9541K/10055K, paused 4ms+2ms
06-13 12:29:50.827  3807  3823 I Gmail   : MainSyncRequestProto: lowestBkwdConvoId: 0, highestHandledServerOp: 3240104, normalSync: true
06-13 12:29:50.854   142   921 I ActivityManager: Process com.google.android.gsf.login (pid 3847) has died.
06-13 12:29:50.909  3807  3823 W Gmail   : Scheduling index for 300000 ms from now
06-13 12:29:50.956  3807  3823 I Gmail   : Sending notification intent: Intent { act=android.intent.action.PROVIDER_CHANGED dat=content://gmail-ls/unread/^i (has extras) }
06-13 12:29:51.135  3807  3864 W Gmail   : Showing notification with unreadCount of 3 and unseenCount of 3
06-13 12:29:51.995   142   142 I ActivityManager: Start proc com.google.android.gsf.login for service com.google.android.gsf.login/com.google.android.gsf.loginservice.GoogleLoginService: pid=3866 uid=10009 gids={3003, 1015, 1007, 2001, 3006}
06-13 12:29:52.077   142   422 I ActivityManager: Process com.google.android.gm (pid 3807) has died.
06-13 12:29:52.206 27303 27314 D dalvikvm: GC_EXPLICIT freed 193K, 7% free 10241K/10951K, paused 4ms+3ms
06-13 12:29:52.424  3866  3869 D dalvikvm: GC_CONCURRENT freed 319K, 5% free 9210K/9607K, paused 2ms+3ms
06-13 12:29:52.745  3866  3877 V GoogleLoginService: Returning error intent with: ComponentInfo{com.google.android.gsf.login/com.google.android.gsf.login.LoginActivity}
06-13 12:29:53.237   342   342 D SAN_SERVICE: *******************************************
06-13 12:29:53.237   342   342 D SAN_SERVICE: DM App Phone Service State - 0
06-13 12:29:53.237   342   342 D SAN_SERVICE: *******************************************
06-13 12:29:55.135   142   368 D AlarmManagerService: Kernel timezone updated to 240 minutes west of GMT
06-13 12:29:55.420   342   342 D SAN_SERVICE: *******************************************
06-13 12:29:55.420   342   342 D SAN_SERVICE: DM App Phone Service State - 0
06-13 12:29:55.420   342   342 D SAN_SERVICE: *******************************************
06-13 12:29:56.202   342   342 D SAN_SERVICE: *******************************************
06-13 12:29:56.202   342   342 D SAN_SERVICE: DM App Phone Service State - 0
06-13 12:29:56.202   342   342 D SAN_SERVICE: *******************************************
06-13 12:29:57.077   142   370 D dalvikvm: GC_EXPLICIT freed 1131K, 17% free 19844K/23879K, paused 5ms+10ms
06-13 12:29:57.245  3866  3878 V GoogleLoginService: Returning error intent with: ComponentInfo{com.google.android.gsf.login/com.google.android.gsf.login.LoginActivity}
06-13 12:30:01.999  3866  3869 D dalvikvm: GC_CONCURRENT freed 320K, 5% free 9302K/9735K, paused 2ms+2ms
06-13 12:30:02.139  3866  3878 V GoogleLoginService: Returning error intent with: ComponentInfo{com.google.android.gsf.login/com.google.android.gsf.login.LoginActivity}
06-13 12:30:04.518  3336  3339 D dalvikvm: GC_CONCURRENT freed 530K, 6% free 10407K/11015K, paused 2ms+2ms
06-13 12:30:04.553   142   153 I ActivityManager: Start proc com.google.android.apps.maps:LocationFriendService for service com.google.android.apps.maps/com.google.googlenav.friend.reporting.LocationReceiverService: pid=3883 uid=10057 gids={3003, 1015}
06-13 12:30:04.604   142   154 I ActivityManager: Process com.google.android.gsf.login (pid 3866) has died.
06-13 12:30:04.788  3883  3885 D dalvikvm: GC_CONCURRENT freed 158K, 3% free 9378K/9607K, paused 5ms+2ms
06-13 12:30:05.053  3883  3885 D dalvikvm: GC_CONCURRENT freed 151K, 3% free 9667K/9927K, paused 8ms+6ms
06-13 12:30:05.389  3883  3890 I dalvikvm: Total arena pages for JIT: 11
06-13 12:30:05.397  3883  3890 I dalvikvm: Total arena pages for JIT: 12
06-13 12:30:05.397  3883  3890 I dalvikvm: Total arena pages for JIT: 13
06-13 12:30:05.397  3883  3890 I dalvikvm: Total arena pages for JIT: 14
06-13 12:30:05.397  3883  3890 I dalvikvm: Total arena pages for JIT: 15
06-13 12:30:05.397  3883  3890 I dalvikvm: Total arena pages for JIT: 16
06-13 12:30:05.397  3883  3890 I dalvikvm: Total arena pages for JIT: 17
06-13 12:30:05.420  3883  3885 D dalvikvm: GC_CONCURRENT freed 325K, 4% free 9929K/10311K, paused 4ms+7ms
06-13 12:30:06.983   142   917 I ActivityManager: Start proc com.google.android.gsf.login for service com.google.android.gsf.login/com.google.android.gsf.loginservice.GoogleLoginService: pid=3906 uid=10009 gids={3003, 1015, 1007, 2001, 3006}
06-13 12:30:07.346  3550  3550 I PhoneLab-Locks: wake lock acquired
06-13 12:30:07.354  3550  3550 I PhoneLab-StatusMonitor: Status Monitoring is started
06-13 12:30:07.377  3906  3908 D dalvikvm: GC_CONCURRENT freed 318K, 5% free 9216K/9607K, paused 6ms+14ms
06-13 12:30:07.514  3550  3551 D dalvikvm: GC_CONCURRENT freed 407K, 5% free 9129K/9607K, paused 5ms+20ms
06-13 12:30:07.690  3550  3550 I PhoneLab-StatusMonitor: Value: 10 - unit: min
06-13 12:30:07.690  3550  3550 I PhoneLab-StatusMonitor: Running interval: 600000
06-13 12:30:07.721  3550  3550 I PhoneLab-StatusMonitor: Rescheduling status monitoring...
06-13 12:30:07.721  3550  3550 I PhoneLab-Locks: wake lock released
06-13 12:30:07.729  3550  3550 I PhoneLab-StatusMonitorLocation: Learning Location
06-13 12:30:07.729  3550  3550 I PhoneLab-Locks: wake lock acquired
06-13 12:30:07.741  3906  3917 V GoogleLoginService: Returning error intent with: ComponentInfo{com.google.android.gsf.login/com.google.android.gsf.login.LoginActivity}
06-13 12:30:07.772  2855  2898 I System.out: 12:30:07 PM SENT (1095122528): <iq id="ping" type="get"><ping xmlns="urn:xmpp:ping"/></iq>
06-13 12:30:07.795  3550  3550 I PhoneLab-Locks: wake lock acquired
06-13 12:30:07.807  3550  3550 I PhoneLab-StatusMonitorLocation: Learning Signal Strgth
06-13 12:30:07.807  3550  3550 I PhoneLab-Locks: wake lock acquired
06-13 12:30:07.819 27303 27554 D androidNetworkLocationListeners: Still have listener com.google.android.location.internal.client.NetworkLocationClient$1@413bb2d0
06-13 12:30:07.834 27303 27554 D androidNetworkLocationListeners: Still have listener com.google.android.location.internal.client.NetworkLocationClient$1@413bb2d0
06-13 12:30:07.866   142   422 I ActivityManager: Process com.google.android.apps.maps:LocationFriendService (pid 3883) has died.
06-13 12:30:07.920  3550  3550 I PhoneLab-StatusMonitorBattery: Battery_level: 94
06-13 12:30:07.920  3550  3550 I PhoneLab-Locks: wake lock released
06-13 12:30:07.924  3550  3550 I PhoneLab-StatusMonitorSignal: Signal_Strength: -96 asu: 9
06-13 12:30:07.924  3550  3550 I PhoneLab-Locks: wake lock released
06-13 12:30:07.975  3550  3551 D dalvikvm: GC_CONCURRENT freed 392K, 6% free 9147K/9671K, paused 2ms+2ms
06-13 12:30:08.038  3550  3550 I PhoneLab-StatusMonitorLocation: Location_Latitude: 43.002529 Longitude: -78.7864005 Accuracy: 37.0
06-13 12:30:08.038  3550  3550 I PhoneLab-Locks: wake lock released
06-13 12:30:08.042 27303 27554 D androidNetworkLocationListeners: Still have listener com.google.android.location.internal.client.NetworkLocationClient$1@413bb2d0
06-13 12:30:08.061  2855  2897 I System.out: 12:30:07 PM RCV  (1095122528): <iq to='lokeshmandvekar@jabber.org/android9e7FLMWG' type='result' id='ping'/>
06-13 12:30:08.073   142   330 I ActivityManager: Start proc com.google.android.apps.maps:LocationFriendService for service com.google.android.apps.maps/com.google.googlenav.friend.reporting.LocationReceiverService: pid=3927 uid=10057 gids={3003, 1015}
06-13 12:30:08.225  3927  3930 D dalvikvm: GC_CONCURRENT freed 160K, 3% free 9376K/9607K, paused 2ms+2ms
06-13 12:30:08.374  3927  3930 D dalvikvm: GC_CONCURRENT freed 152K, 3% free 9645K/9927K, paused 3ms+2ms
06-13 12:30:08.397   142   421 I ActivityManager: Process com.google.android.gsf.login (pid 3906) has died.
06-13 12:30:09.362 27303 27306 D dalvikvm: GC_CONCURRENT freed 501K, 7% free 10251K/10951K, paused 2ms+3ms
06-13 12:30:11.967   142   916 I ActivityManager: Start proc com.google.android.gsf.login for service com.google.android.gsf.login/com.google.android.gsf.loginservice.GoogleLoginService: pid=3943 uid=10009 gids={3003, 1015, 1007, 2001, 3006}
06-13 12:30:12.268  3943  3945 D dalvikvm: GC_CONCURRENT freed 302K, 4% free 9169K/9543K, paused 2ms+2ms
06-13 12:30:12.604  3943  3954 V GoogleLoginService: Returning error intent with: ComponentInfo{com.google.android.gsf.login/com.google.android.gsf.login.LoginActivity}
06-13 12:30:14.334   213   213 D dalvikvm: GC_EXPLICIT freed 134K, 54% free 10712K/23239K, paused 43ms+3ms
06-13 12:30:17.151  3943  3954 V GoogleLoginService: Returning error intent with: ComponentInfo{com.google.android.gsf.login/com.google.android.gsf.login.LoginActivity}
06-13 12:30:17.186  3943  3945 D dalvikvm: GC_CONCURRENT freed 328K, 5% free 9304K/9735K, paused 2ms+1ms
06-13 12:30:19.569   342   342 D dalvikvm: GC_EXPLICIT freed 145K, 16% free 12092K/14343K, paused 5ms+5ms
06-13 12:30:22.073  3943  3954 V GoogleLoginService: Returning error intent with: ComponentInfo{com.google.android.gsf.login/com.google.android.gsf.login.LoginActivity}
06-13 12:30:22.350   142   922 I ActivityManager: Process com.google.android.gsf.login (pid 3943) has died.
06-13 12:30:27.010   142   294 I ActivityManager: Start proc com.google.android.gsf.login for service com.google.android.gsf.login/com.google.android.gsf.loginservice.GoogleLoginService: pid=3960 uid=10009 gids={3003, 1015, 1007, 2001, 3006}
06-13 12:30:27.252  3960  3962 D dalvikvm: GC_CONCURRENT freed 303K, 4% free 9168K/9543K, paused 7ms+2ms
06-13 12:30:27.424   428   428 D dalvikvm: GC_EXPLICIT freed <1K, 4% free 9037K/9347K, paused 2ms+2ms
06-13 12:30:27.663  3960  3971 V GoogleLoginService: Returning error intent with: ComponentInfo{com.google.android.gsf.login/com.google.android.gsf.login.LoginActivity}
06-13 12:30:32.127  3960  3971 V GoogleLoginService: Returning error intent with: ComponentInfo{com.google.android.gsf.login/com.google.android.gsf.login.LoginActivity}
06-13 12:30:32.155  3960  3962 D dalvikvm: GC_CONCURRENT freed 331K, 5% free 9304K/9735K, paused 2ms+1ms
06-13 12:30:32.432   324   324 D dalvikvm: GC_EXPLICIT freed <1K, 20% free 10574K/13191K, paused 2ms+3ms
06-13 12:30:33.874   142   921 I ActivityManager: Process com.google.android.gsf.login (pid 3960) has died.
06-13 12:30:36.967   142   421 I ActivityManager: Start proc com.google.android.gsf.login for service com.google.android.gsf.login/com.google.android.gsf.loginservice.GoogleLoginService: pid=3977 uid=10009 gids={3003, 1015, 1007, 2001, 3006}
06-13 12:30:37.393  3977  3980 D dalvikvm: GC_CONCURRENT freed 307K, 5% free 9168K/9607K, paused 2ms+13ms
06-13 12:30:37.471   142   145 D dalvikvm: GC_CONCURRENT freed 1918K, 17% free 19875K/23879K, paused 13ms+29ms
06-13 12:30:37.807  3977  3988 V GoogleLoginService: Returning error intent with: ComponentInfo{com.google.android.gsf.login/com.google.android.gsf.login.LoginActivity}
06-13 12:30:38.952  2855  2898 I System.out: 12:30:38 PM SENT (1095122528): <iq id="ping" type="get"><ping xmlns="urn:xmpp:ping"/></iq>
06-13 12:30:38.971  3318  3318 D dalvikvm: GC_EXPLICIT freed 69K, 4% free 9056K/9347K, paused 6ms+3ms
06-13 12:30:39.014  2855  2897 I System.out: 12:30:39 PM RCV  (1095122528): <iq to='lokeshmandvekar@jabber.org/android9e7FLMWG' type='result' id='ping'/>
06-13 12:30:42.159  3977  3992 V GoogleLoginService: Returning error intent with: ComponentInfo{com.google.android.gsf.login/com.google.android.gsf.login.LoginActivity}
06-13 12:30:42.198  3977  3980 D dalvikvm: GC_CONCURRENT freed 331K, 5% free 9304K/9735K, paused 7ms+1ms
06-13 12:30:43.991  3336  3336 D dalvikvm: GC_EXPLICIT freed 98K, 6% free 10390K/11015K, paused 9ms+4ms
06-13 12:30:45.096   142   368 I ActivityManager: Process com.google.android.gsf.login (pid 3977) has died.
06-13 12:30:46.948   142   370 I ActivityManager: Start proc com.google.android.gsf.login for service com.google.android.gsf.login/com.google.android.gsf.loginservice.GoogleLoginService: pid=3994 uid=10009 gids={3003, 1015, 1007, 2001, 3006}
06-13 12:30:47.206  3994  3997 D dalvikvm: GC_CONCURRENT freed 310K, 5% free 9168K/9607K, paused 2ms+3ms
06-13 12:30:47.608  3994  4005 V GoogleLoginService: Returning error intent with: ComponentInfo{com.google.android.gsf.login/com.google.android.gsf.login.LoginActivity}
06-13 12:30:50.307  3376  3376 D dalvikvm: GC_EXPLICIT freed 229K, 7% free 10567K/11335K, paused 19ms+5ms
06-13 12:30:51.963   342   342 D SAN_SERVICE: *******************************************
06-13 12:30:51.963   342   342 D SAN_SERVICE: DM App Phone Service State - 0
06-13 12:30:51.963   342   342 D SAN_SERVICE: *******************************************
06-13 12:30:52.167  3994  4005 V GoogleLoginService: Returning error intent with: ComponentInfo{com.google.android.gsf.login/com.google.android.gsf.login.LoginActivity}
06-13 12:30:52.190   142   153 D AlarmManagerService: Kernel timezone updated to 240 minutes west of GMT
06-13 12:30:52.213  3994  3997 D dalvikvm: GC_CONCURRENT freed 327K, 5% free 9305K/9735K, paused 1ms+2ms
06-13 12:30:57.167  3994  4009 V GoogleLoginService: Returning error intent with: ComponentInfo{com.google.android.gsf.login/com.google.android.gsf.login.LoginActivity}
06-13 12:30:57.272  3466  3466 D dalvikvm: GC_EXPLICIT freed 44K, 7% free 9850K/10503K, paused 3ms+3ms
06-13 12:30:59.452   342   342 D SAN_SERVICE: *******************************************
06-13 12:30:59.452   342   342 D SAN_SERVICE: DM App Phone Service State - 0
06-13 12:30:59.452   342   342 D SAN_SERVICE: *******************************************
06-13 12:31:02.120  3994  4005 V GoogleLoginService: Returning error intent with: ComponentInfo{com.google.android.gsf.login/com.google.android.gsf.login.LoginActivity}
06-13 12:31:03.538   342   342 D SAN_SERVICE: *******************************************
06-13 12:31:03.538   342   342 D SAN_SERVICE: DM App Phone Service State - 0
06-13 12:31:03.538   342   342 D SAN_SERVICE: *******************************************
06-13 12:31:04.592   142   370 I ActivityManager: Process com.google.android.gsf.login (pid 3994) has died.
06-13 12:31:04.987  3927  3930 D dalvikvm: GC_CONCURRENT freed 230K, 4% free 9840K/10183K, paused 2ms+2ms
06-13 12:31:05.057  3927  3934 I dalvikvm: Total arena pages for JIT: 11
06-13 12:31:05.065  3927  3934 I dalvikvm: Total arena pages for JIT: 12
06-13 12:31:05.065  3927  3934 I dalvikvm: Total arena pages for JIT: 13
06-13 12:31:05.065  3927  3934 I dalvikvm: Total arena pages for JIT: 14
06-13 12:31:05.065  3927  3934 I dalvikvm: Total arena pages for JIT: 15
06-13 12:31:05.065  3927  3934 I dalvikvm: Total arena pages for JIT: 16
06-13 12:31:05.065  3927  3934 I dalvikvm: Total arena pages for JIT: 17
06-13 12:31:05.217  3927  3930 D dalvikvm: GC_CONCURRENT freed 340K, 5% free 9939K/10375K, paused 6ms+2ms
06-13 12:31:06.956   142   370 I ActivityManager: Start proc com.google.android.gsf.login for service com.google.android.gsf.login/com.google.android.gsf.loginservice.GoogleLoginService: pid=4020 uid=10009 gids={3003, 1015, 1007, 2001, 3006}
06-13 12:31:07.167   142   919 I ActivityManager: Process com.google.android.apps.maps:LocationFriendService (pid 3927) has died.
06-13 12:31:07.233  4020  4022 D dalvikvm: GC_CONCURRENT freed 314K, 5% free 9168K/9607K, paused 5ms+2ms
06-13 12:31:07.584  4020  4031 V GoogleLoginService: Returning error intent with: ComponentInfo{com.google.android.gsf.login/com.google.android.gsf.login.LoginActivity}
06-13 12:31:09.120  2855  2898 I System.out: 12:31:09 PM SENT (1095122528): <iq id="ping" type="get"><ping xmlns="urn:xmpp:ping"/></iq>
06-13 12:31:09.159  2855  2897 I System.out: 12:31:09 PM RCV  (1095122528): <iq to='lokeshmandvekar@jabber.org/android9e7FLMWG' type='result' id='ping'/>
06-13 12:31:12.096   142 12773 D dalvikvm: GC_EXPLICIT freed 1281K, 17% free 19860K/23879K, paused 6ms+11ms
06-13 12:31:12.315  4020  4032 V GoogleLoginService: Returning error intent with: ComponentInfo{com.google.android.gsf.login/com.google.android.gsf.login.LoginActivity}
06-13 12:31:12.358  4020  4022 D dalvikvm: GC_CONCURRENT freed 331K, 5% free 9304K/9735K, paused 3ms+1ms
06-13 12:31:13.295   357   357 D dalvikvm: GC_EXPLICIT freed <1K, 6% free 9101K/9607K, paused 6ms+3ms
06-13 12:31:17.151  4020  4031 V GoogleLoginService: Returning error intent with: ComponentInfo{com.google.android.gsf.login/com.google.android.gsf.login.LoginActivity}
06-13 12:31:18.311   959   959 D dalvikvm: GC_EXPLICIT freed 186K, 21% free 11693K/14663K, paused 24ms+3ms
06-13 12:31:22.143  4020  4031 V GoogleLoginService: Returning error intent with: ComponentInfo{com.google.android.gsf.login/com.google.android.gsf.login.LoginActivity}
06-13 12:31:25.092 27019 27019 D dalvikvm: GC_EXPLICIT freed <1K, 14% free 15034K/17351K, paused 25ms+3ms
06-13 12:31:27.139  4020  4031 V GoogleLoginService: Returning error intent with: ComponentInfo{com.google.android.gsf.login/com.google.android.gsf.login.LoginActivity}
06-13 12:31:30.764   142   154 D AlarmManagerService: Kernel timezone updated to 240 minutes west of GMT
06-13 12:31:32.092  4020  4032 V GoogleLoginService: Returning error intent with: ComponentInfo{com.google.android.gsf.login/com.google.android.gsf.login.LoginActivity}
06-13 12:31:32.155  4020  4022 D dalvikvm: GC_CONCURRENT freed 382K, 6% free 9350K/9863K, paused 2ms+4ms
06-13 12:31:34.999  3550  3563 I PhoneLab-: Service Running
06-13 12:31:35.120  3550  3563 I PhoneLab-LoggerService: app_38    27718 1     1112   664   c00f181c 400107b4 S logcat
06-13 12:31:35.124  3550  3563 I PhoneLab-LoggerService: Logcat pid from database 27718
06-13 12:31:35.124  3550  3563 I PhoneLab-LoggerService: Logcat process found 27718
06-13 12:31:35.124  3550  3563 I PhoneLab-LoggerService: Checking Threshold
06-13 12:31:35.124  3550  3563 I PhoneLab-LoggerService: Starting to rename files
06-13 12:31:35.124  3550  3563 I PhoneLab-LoggerService: Files found .. 2
06-13 12:31:36.756   142   921 D AlarmManagerService: Kernel timezone updated to 240 minutes west of GMT
06-13 12:31:37.135  4020  4031 V GoogleLoginService: Returning error intent with: ComponentInfo{com.google.android.gsf.login/com.google.android.gsf.login.LoginActivity}
06-13 12:31:38.233   342   342 D SAN_SERVICE: *******************************************
06-13 12:31:38.233   342   342 D SAN_SERVICE: DM App Phone Service State - 0
06-13 12:31:38.233   342   342 D SAN_SERVICE: *******************************************
06-13 12:31:38.764   342   342 D SAN_SERVICE: *******************************************
06-13 12:31:38.764   342   342 D SAN_SERVICE: DM App Phone Service State - 0
06-13 12:31:38.764   342   342 D SAN_SERVICE: *******************************************
06-13 12:31:39.163  2855  2898 I System.out: 12:31:39 PM SENT (1095122528): <iq id="ping" type="get"><ping xmlns="urn:xmpp:ping"/></iq>
06-13 12:31:39.217  2855  2897 I System.out: 12:31:39 PM RCV  (1095122528): <iq to='lokeshmandvekar@jabber.org/android9e7FLMWG' type='result' id='ping'/>
06-13 12:31:42.155  4020  4031 V GoogleLoginService: Returning error intent with: ComponentInfo{com.google.android.gsf.login/com.google.android.gsf.login.LoginActivity}
06-13 12:31:43.752   142   153 D AlarmManagerService: Kernel timezone updated to 240 minutes west of GMT
06-13 12:31:47.159   342   342 D SAN_SERVICE: *******************************************
06-13 12:31:47.159   342   342 D SAN_SERVICE: DM App Phone Service State - 0
06-13 12:31:47.159   342   342 D SAN_SERVICE: *******************************************
06-13 12:31:47.167  4020  4031 V GoogleLoginService: Returning error intent with: ComponentInfo{com.google.android.gsf.login/com.google.android.gsf.login.LoginActivity}
06-13 12:31:48.760   142   916 D AlarmManagerService: Kernel timezone updated to 240 minutes west of GMT
06-13 12:31:48.999   342   342 D SAN_SERVICE: *******************************************
06-13 12:31:48.999   342   342 D SAN_SERVICE: DM App Phone Service State - 0
06-13 12:31:48.999   342   342 D SAN_SERVICE: *******************************************
06-13 12:31:49.057 27303 27306 D dalvikvm: GC_CONCURRENT freed 358K, 7% free 10278K/10951K, paused 12ms+5ms
06-13 12:31:49.131   342   342 D SAN_SERVICE: *******************************************
06-13 12:31:49.131   342   342 D SAN_SERVICE: DM App Phone Service State - 0
06-13 12:31:49.131   342   342 D SAN_SERVICE: *******************************************
06-13 12:31:49.776   142   172 I ActivityManager: Start proc com.twitter.android for service com.twitter.android/.client.AppService: pid=4038 uid=10068 gids={3003, 1015}
06-13 12:31:49.811  4038  4038 I dalvikvm: Turning on JNI app bug workarounds for target SDK version 11...
06-13 12:31:49.819    80    80 D dalvikvm: GC_EXPLICIT freed 39K, 4% free 9031K/9347K, paused 4ms+4ms
06-13 12:31:49.858    80    80 D dalvikvm: GC_EXPLICIT freed <1K, 4% free 9031K/9347K, paused 4ms+2ms
06-13 12:31:49.928    80    80 D dalvikvm: GC_EXPLICIT freed <1K, 4% free 9031K/9347K, paused 2ms+2ms
06-13 12:31:49.995  4038  4038 I ActivityThread: Pub com.twitter.android.provider.GlobalDatabaseProvider: com.twitter.android.provider.GlobalDatabaseProvider
06-13 12:31:50.002  4038  4038 I ActivityThread: Pub com.twitter.android.provider.TwitterProvider: com.twitter.android.provider.TwitterProvider
06-13 12:31:50.096   142   922 I ActivityManager: Process com.google.android.gsf.login (pid 4020) has died.
06-13 12:31:50.143  4038  4041 D dalvikvm: GC_CONCURRENT freed 203K, 4% free 9289K/9607K, paused 2ms+5ms
06-13 12:31:50.452  4038  4041 D dalvikvm: GC_CONCURRENT freed 225K, 4% free 9508K/9863K, paused 3ms+1ms
06-13 12:31:50.627  4038  4041 D dalvikvm: GC_CONCURRENT freed 296K, 5% free 9634K/10055K, paused 1ms+2ms
06-13 12:31:50.788  4038  4041 D dalvikvm: GC_CONCURRENT freed 299K, 5% free 9763K/10183K, paused 1ms+1ms
06-13 12:31:50.940  4038  4041 D dalvikvm: GC_CONCURRENT freed 302K, 5% free 9892K/10311K, paused 2ms+2ms
06-13 12:31:51.077  4038  4041 D dalvikvm: GC_CONCURRENT freed 297K, 4% free 10038K/10439K, paused 1ms+2ms
06-13 12:31:51.209  4038  4041 D dalvikvm: GC_CONCURRENT freed 297K, 4% free 10146K/10567K, paused 2ms+2ms
06-13 12:31:51.346  4038  4041 D dalvikvm: GC_CONCURRENT freed 303K, 4% free 10279K/10695K, paused 1ms+2ms
06-13 12:31:51.553  4038  4041 D dalvikvm: GC_CONCURRENT freed 482K, 6% free 10220K/10823K, paused 9ms+5ms
06-13 12:31:51.686  4038  4041 D dalvikvm: GC_CONCURRENT freed 334K, 5% free 10299K/10823K, paused 4ms+1ms
06-13 12:31:51.850  4038  4041 D dalvikvm: GC_CONCURRENT freed 326K, 5% free 10389K/10823K, paused 2ms+2ms
06-13 12:31:51.963   142   917 I ActivityManager: Start proc com.google.android.gsf.login for service com.google.android.gsf.login/com.google.android.gsf.loginservice.GoogleLoginService: pid=4054 uid=10009 gids={3003, 1015, 1007, 2001, 3006}
06-13 12:31:52.268  4038  4041 D dalvikvm: GC_CONCURRENT freed 358K, 5% free 10474K/10951K, paused 118ms+2ms
06-13 12:31:52.374  4054  4056 D dalvikvm: GC_CONCURRENT freed 331K, 5% free 9203K/9607K, paused 6ms+7ms
06-13 12:31:52.565  4038  4041 D dalvikvm: GC_CONCURRENT freed 347K, 5% free 10556K/11015K, paused 1ms+2ms
06-13 12:31:52.600  4054  4065 V GoogleLoginService: Returning error intent with: ComponentInfo{com.google.android.gsf.login/com.google.android.gsf.login.LoginActivity}
06-13 12:31:52.752  4038  4041 D dalvikvm: GC_CONCURRENT freed 329K, 4% free 10639K/11079K, paused 3ms+2ms
06-13 12:31:52.889  4038  4041 D dalvikvm: GC_CONCURRENT freed 364K, 5% free 10724K/11207K, paused 2ms+2ms
06-13 12:31:53.045  4038  4041 D dalvikvm: GC_CONCURRENT freed 399K, 5% free 10819K/11335K, paused 1ms+2ms
06-13 12:31:53.077   142   153 I ActivityManager: Process com.google.android.gsf.login (pid 4054) has died.
06-13 12:31:53.721  4038  4041 D dalvikvm: GC_CONCURRENT freed 340K, 5% free 11003K/11463K, paused 2ms+4ms
06-13 12:31:54.752   142   422 D AlarmManagerService: Kernel timezone updated to 240 minutes west of GMT
06-13 12:31:55.362  4038  4041 D dalvikvm: GC_CONCURRENT freed 442K, 5% free 11194K/11719K, paused 1ms+10ms
06-13 12:31:56.991   142   153 I ActivityManager: Start proc com.google.android.gsf.login for service com.google.android.gsf.login/com.google.android.gsf.loginservice.GoogleLoginService: pid=4076 uid=10009 gids={3003, 1015, 1007, 2001, 3006}
06-13 12:31:57.393  4076  4078 D dalvikvm: GC_CONCURRENT freed 318K, 5% free 9215K/9607K, paused 5ms+2ms
06-13 12:31:57.674  4076  4087 V GoogleLoginService: Returning error intent with: ComponentInfo{com.google.android.gsf.login/com.google.android.gsf.login.LoginActivity}
06-13 12:32:00.077   342   342 D SAN_SERVICE: *******************************************
06-13 12:32:00.077   342   342 D SAN_SERVICE: DM App Phone Service State - 0
06-13 12:32:00.077   342   342 D SAN_SERVICE: *******************************************
06-13 12:32:02.155  4076  4091 V GoogleLoginService: Returning error intent with: ComponentInfo{com.google.android.gsf.login/com.google.android.gsf.login.LoginActivity}
06-13 12:32:02.198  4076  4078 D dalvikvm: GC_CONCURRENT freed 309K, 5% free 9294K/9735K, paused 8ms+2ms
06-13 12:32:04.510  3336  3339 D dalvikvm: GC_CONCURRENT freed 498K, 6% free 10403K/11015K, paused 2ms+9ms
06-13 12:32:04.553   142   294 I ActivityManager: Start proc com.google.android.apps.maps:LocationFriendService for service com.google.android.apps.maps/com.google.googlenav.friend.reporting.LocationReceiverService: pid=4093 uid=10057 gids={3003, 1015}
06-13 12:32:04.604   142   602 I ActivityManager: Process com.twitter.android (pid 4038) has died.
06-13 12:32:04.788  4093  4095 D dalvikvm: GC_CONCURRENT freed 158K, 3% free 9378K/9607K, paused 2ms+2ms
06-13 12:32:05.010  4093  4095 D dalvikvm: GC_CONCURRENT freed 189K, 3% free 9653K/9927K, paused 1ms+5ms
06-13 12:32:05.354 27303 29514 D dalvikvm: GC_EXPLICIT freed 173K, 7% free 10237K/10951K, paused 2ms+3ms
06-13 12:32:05.983  4093  4095 D dalvikvm: GC_CONCURRENT freed 238K, 4% free 9910K/10247K, paused 2ms+10ms
06-13 12:32:06.006  4093  4100 I dalvikvm: Total arena pages for JIT: 11
06-13 12:32:06.006  4093  4100 I dalvikvm: Total arena pages for JIT: 12
06-13 12:32:06.006  4093  4100 I dalvikvm: Total arena pages for JIT: 13
06-13 12:32:06.006  4093  4100 I dalvikvm: Total arena pages for JIT: 14
06-13 12:32:06.010  4093  4100 I dalvikvm: Total arena pages for JIT: 15
06-13 12:32:06.010  4093  4100 I dalvikvm: Total arena pages for JIT: 16
06-13 12:32:06.010  4093  4100 I dalvikvm: Total arena pages for JIT: 17
06-13 12:32:06.557   142   145 D dalvikvm: GC_CONCURRENT freed 1923K, 17% free 19902K/23879K, paused 26ms+12ms
06-13 12:32:07.139  4076  4087 V GoogleLoginService: Returning error intent with: ComponentInfo{com.google.android.gsf.login/com.google.android.gsf.login.LoginActivity}
06-13 12:32:09.518  2855  2898 I System.out: 12:32:09 PM SENT (1095122528): <iq id="ping" type="get"><ping xmlns="urn:xmpp:ping"/></iq>
06-13 12:32:09.549  2855  2897 I System.out: 12:32:09 PM RCV  (1095122528): <iq to='lokeshmandvekar@jabber.org/android9e7FLMWG' type='result' id='ping'/>
06-13 12:32:11.483 27790 27790 D dalvikvm: GC_EXPLICIT freed 162K, 31% free 11793K/17031K, paused 15ms+3ms
06-13 12:32:12.139  4076  4087 V GoogleLoginService: Returning error intent with: ComponentInfo{com.google.android.gsf.login/com.google.android.gsf.login.LoginActivity}
06-13 12:32:16.538   142   158 D dalvikvm: GC_EXPLICIT freed 98K, 17% free 19844K/23879K, paused 7ms+7ms
06-13 12:32:17.131  4076  4091 V GoogleLoginService: Returning error intent with: ComponentInfo{com.google.android.gsf.login/com.google.android.gsf.login.LoginActivity}
06-13 12:32:22.143  4076  4091 V GoogleLoginService: Returning error intent with: ComponentInfo{com.google.android.gsf.login/com.google.android.gsf.login.LoginActivity}
06-13 12:32:25.213   213   213 D dalvikvm: GC_EXPLICIT freed 55K, 54% free 10703K/23239K, paused 2ms+4ms
06-13 12:32:27.006  4076  4078 D dalvikvm: GC_CONCURRENT freed 400K, 6% free 9356K/9863K, paused 2ms+7ms
06-13 12:32:27.088  4076  4088 V GoogleLoginService: Returning error intent with: ComponentInfo{com.google.android.gsf.login/com.google.android.gsf.login.LoginActivity}
06-13 12:32:32.143  4076  4088 V GoogleLoginService: Returning error intent with: ComponentInfo{com.google.android.gsf.login/com.google.android.gsf.login.LoginActivity}
06-13 12:32:34.565   342   342 D dalvikvm: GC_EXPLICIT freed 185K, 16% free 12094K/14343K, paused 51ms+4ms
06-13 12:32:37.139  4076  4087 V GoogleLoginService: Returning error intent with: ComponentInfo{com.google.android.gsf.login/com.google.android.gsf.login.LoginActivity}
06-13 12:32:39.565  2855  2898 I System.out: 12:32:39 PM SENT (1095122528): <iq id="ping" type="get"><ping xmlns="urn:xmpp:ping"/></iq>
06-13 12:32:39.565   428   428 D dalvikvm: GC_EXPLICIT freed <1K, 4% free 9037K/9347K, paused 14ms+2ms
06-13 12:32:40.303  2855  2897 I System.out: 12:32:40 PM RCV  (1095122528): <iq to='lokeshmandvekar@jabber.org/android9e7FLMWG' type='result' id='ping'/>
06-13 12:32:44.565   324   324 D dalvikvm: GC_EXPLICIT freed <1K, 20% free 10574K/13191K, paused 39ms+5ms
06-13 12:32:49.698  2855  2855 D dalvikvm: GC_EXPLICIT freed 83K, 6% free 10417K/11079K, paused 92ms+5ms
06-13 12:32:50.456   342   342 D SAN_SERVICE: *******************************************
06-13 12:32:50.456   342   342 D SAN_SERVICE: DM App Phone Service State - 0
06-13 12:32:50.456   342   342 D SAN_SERVICE: *******************************************
06-13 12:32:56.018   142   368 D AlarmManagerService: Kernel timezone updated to 240 minutes west of GMT
06-13 12:32:56.026   342   342 D SystemClock: Setting time of day to sec=1339605176
06-13 12:32:56.186   142   159 I ActivityManager: Start proc com.android.calendar for broadcast com.android.calendar/.widget.CalendarAppWidgetService$CalendarFactory: pid=4117 uid=10005 gids={3003}
06-13 12:32:56.299  4117  4117 I ActivityThread: Pub com.android.calendar.CalendarRecentSuggestionsProvider: com.android.calendar.CalendarRecentSuggestionsProvider
06-13 12:32:56.350  2929  2929 D dalvikvm: GC_EXPLICIT freed <1K, 7% free 11327K/12167K, paused 60ms+18ms
06-13 12:32:56.389   142   421 I ActivityManager: Process com.google.android.apps.currents (pid 3510) has died.
06-13 12:32:56.561   142   919 I ActivityManager: Start proc com.android.deskclock for broadcast com.android.deskclock/.AlarmInitReceiver: pid=4133 uid=10011 gids={}
06-13 12:32:56.612   142   366 I ActivityManager: Start proc com.android.providers.calendar for content provider com.android.providers.calendar/.CalendarProvider2: pid=4145 uid=10006 gids={3003, 1015}
06-13 12:32:56.686  4145  4145 I ActivityThread: Pub com.android.calendar: com.android.providers.calendar.CalendarProvider2
06-13 12:32:56.706  4133  4133 I ActivityThread: Pub com.android.deskclock: com.android.deskclock.AlarmProvider
06-13 12:32:56.881  4133  4159 V AlarmClock: AlarmInitReceiver finished
06-13 12:32:57.014   142   366 D dalvikvm: GC_EXPLICIT freed 1091K, 17% free 19874K/23879K, paused 13ms+17ms
06-13 12:32:58.092  4145  4145 I CalendarProvider2: Sending notification intent: Intent { act=android.intent.action.PROVIDER_CHANGED dat=content://com.android.calendar }
06-13 12:32:58.096  4145  4145 W ContentResolver: Failed to get type for: content://com.android.calendar (Unknown URL content://com.android.calendar)
06-13 12:33:00.038   142   916 D AlarmManagerService: Kernel timezone updated to 240 minutes west of GMT
06-13 12:33:00.471   342   342 D SAN_SERVICE: *******************************************
06-13 12:33:00.471   342   342 D SAN_SERVICE: DM App Phone Service State - 0
06-13 12:33:00.471   342   342 D SAN_SERVICE: *******************************************
06-13 12:33:04.022   142   294 D AlarmManagerService: Kernel timezone updated to 240 minutes west of GMT
06-13 12:33:04.655  4093  4100 I dalvikvm: Total arena pages for JIT: 18
06-13 12:33:04.737  4093  4095 D dalvikvm: GC_CONCURRENT freed 435K, 6% free 9962K/10503K, paused 10ms+2ms
06-13 12:33:08.530   342   342 D SAN_SERVICE: *******************************************
06-13 12:33:08.530   342   342 D SAN_SERVICE: DM App Phone Service State - 0
06-13 12:33:08.530   342   342 D SAN_SERVICE: *******************************************
06-13 12:33:09.100   342   342 D SAN_SERVICE: *******************************************
06-13 12:33:09.100   342   342 D SAN_SERVICE: DM App Phone Service State - 0
06-13 12:33:09.100   342   342 D SAN_SERVICE: *******************************************
06-13 12:33:10.706  2855  2898 I System.out: 12:33:10 PM SENT (1095122528): <iq id="ping" type="get"><ping xmlns="urn:xmpp:ping"/></iq>
06-13 12:33:10.792  2855  2897 I System.out: 12:33:10 PM RCV  (1095122528): <iq to='lokeshmandvekar@jabber.org/android9e7FLMWG' type='result' id='ping'/>
06-13 12:33:11.776   342   342 D SAN_SERVICE: *******************************************
06-13 12:33:11.776   342   342 D SAN_SERVICE: DM App Phone Service State - 0
06-13 12:33:11.776   342   342 D SAN_SERVICE: *******************************************
06-13 12:33:12.061   142   294 D AlarmManagerService: Kernel timezone updated to 240 minutes west of GMT
06-13 12:33:12.084   342   342 D SAN_SERVICE: *******************************************
06-13 12:33:12.084   342   342 D SAN_SERVICE: DM App Phone Service State - 0
06-13 12:33:12.084   342   342 D SAN_SERVICE: *******************************************
06-13 12:33:14.588   342   342 D SAN_SERVICE: *******************************************
06-13 12:33:14.588   342   342 D SAN_SERVICE: DM App Phone Service State - 0
06-13 12:33:14.588   342   342 D SAN_SERVICE: *******************************************
06-13 12:33:19.643  3253  3253 D dalvikvm: GC_EXPLICIT freed 97K, 5% free 9706K/10183K, paused 2ms+2ms
06-13 12:33:24.698  3318  3318 D dalvikvm: GC_EXPLICIT freed 1K, 4% free 9055K/9347K, paused 14ms+2ms
06-13 12:33:29.635  3336  3336 D dalvikvm: GC_EXPLICIT freed 294K, 6% free 10396K/11015K, paused 1ms+3ms
06-13 12:33:34.721  3376  3376 D dalvikvm: GC_EXPLICIT freed 3K, 7% free 10563K/11335K, paused 16ms+10ms
06-13 12:33:35.010  3550  3563 I PhoneLab-: Service Running
06-13 12:33:35.170  3550  3563 I PhoneLab-LoggerService: app_38    27718 1     1112   664   c00f181c 400107b4 S logcat
06-13 12:33:35.174  3550  3563 I PhoneLab-LoggerService: Logcat pid from database 27718
06-13 12:33:35.174  3550  3563 I PhoneLab-LoggerService: Logcat process found 27718
06-13 12:33:35.174  3550  3563 I PhoneLab-LoggerService: Checking Threshold
06-13 12:33:35.178  3550  3563 I PhoneLab-LoggerService: Starting to rename files
06-13 12:33:35.178  3550  3563 I PhoneLab-LoggerService: Files found .. 2
06-13 12:33:40.827  2855  2898 I System.out: 12:33:40 PM SENT (1095122528): <iq id="ping" type="get"><ping xmlns="urn:xmpp:ping"/></iq>
06-13 12:33:40.874  2855  2897 I System.out: 12:33:40 PM RCV  (1095122528): <iq to='lokeshmandvekar@jabber.org/android9e7FLMWG' type='result' id='ping'/>
06-13 12:33:41.577   142   366 D AlarmManagerService: Kernel timezone updated to 240 minutes west of GMT
06-13 12:33:46.651  3466  3466 D dalvikvm: GC_EXPLICIT freed 10K, 7% free 9849K/10503K, paused 4ms+3ms
06-13 12:33:48.377   142   145 D dalvikvm: GC_CONCURRENT freed 2025K, 17% free 19846K/23879K, paused 20ms+10ms
06-13 12:33:53.346 27004 27004 D dalvikvm: GC_EXPLICIT freed 203K, 19% free 11179K/13703K, paused 42ms+4ms
06-13 12:33:58.670  3550  3550 D dalvikvm: GC_EXPLICIT freed 119K, 6% free 9137K/9671K, paused 324ms+3ms
06-13 12:34:04.600   142   917 I ActivityManager: Process com.google.android.gsf.login (pid 4076) has died.
06-13 12:34:04.924  4093  4095 D dalvikvm: GC_CONCURRENT freed 449K, 6% free 9944K/10503K, paused 16ms+6ms
06-13 12:34:09.608   142   166 I ActivityManager: Start proc com.google.android.gm for service com.google.android.gm/.provider.MailSyncAdapterService: pid=4179 uid=10019 gids={3003, 1015}
06-13 12:34:09.874  4179  4179 I ActivityThread: Pub gmail-ls: com.google.android.gm.provider.MailProvider
06-13 12:34:09.952   142   422 I ActivityManager: Process com.android.providers.calendar (pid 4145) has died.
06-13 12:34:09.987  4179  4179 I ActivityThread: Pub com.google.android.gm: com.google.android.gm.provider.PublicContentProvider
06-13 12:34:10.006  4179  4179 I ActivityThread: Pub com.google.android.gmail.SuggestionProvider: com.google.android.gm.SuggestionsProvider
06-13 12:34:10.295   142   368 I ActivityManager: Process com.android.deskclock (pid 4133) has died.
06-13 12:34:10.745  4179  4181 D dalvikvm: GC_CONCURRENT freed 237K, 4% free 9233K/9543K, paused 8ms+2ms
06-13 12:34:10.920  2855  2898 I System.out: 12:34:10 PM SENT (1095122528): <iq id="ping" type="get"><ping xmlns="urn:xmpp:ping"/></iq>
06-13 12:34:10.971  2855  2897 I System.out: 12:34:10 PM RCV  (1095122528): <iq to='lokeshmandvekar@jabber.org/android9e7FLMWG' type='result' id='ping'/>
06-13 12:34:10.987   142   368 I ActivityManager: Process com.google.android.apps.maps:LocationFriendService (pid 4093) has died.
06-13 12:34:11.010  4179  4197 I Gmail   : calculateUnknownSyncRationalesAndPurgeInBackground: queueing
06-13 12:34:11.088  4179  4197 I Gmail   : calculateUnknownSyncRationalesAndPurgeInBackground: queueing
06-13 12:34:11.124  4179  4196 I Gmail   : MainSyncRequestProto: lowestBkwdConvoId: 0, highestHandledServerOp: 3240104, normalSync: true
06-13 12:34:11.186  4179  4181 D dalvikvm: GC_CONCURRENT freed 292K, 5% free 9382K/9799K, paused 6ms+3ms
06-13 12:34:11.272  4179  4197 I Gmail   : calculateUnknownSyncRationalesAndPurgeInBackground: running
06-13 12:34:11.280  4179  4197 I Gmail   : calculateUnknownSyncRationalesAndPurgeInBackground: running
06-13 12:34:11.350   142 12773 I ActivityManager: Start proc com.google.android.gsf.login for service com.google.android.gsf.login/com.google.android.gsf.loginservice.GoogleLoginService: pid=4200 uid=10009 gids={3003, 1015, 1007, 2001, 3006}
06-13 12:34:11.670   142   154 I ActivityManager: Process com.android.calendar (pid 4117) has died.
06-13 12:34:12.159  4179  4181 D dalvikvm: GC_CONCURRENT freed 321K, 5% free 9474K/9927K, paused 10ms+3ms
06-13 12:34:12.870   142   153 D AlarmManagerService: Kernel timezone updated to 240 minutes west of GMT
06-13 12:34:13.311  4179  4181 D dalvikvm: GC_CONCURRENT freed 456K, 6% free 9474K/10055K, paused 2ms+2ms
06-13 12:34:13.393  4179  4196 D dalvikvm: GC_EXPLICIT freed 53K, 6% free 9502K/10055K, paused 2ms+3ms
06-13 12:34:13.401  4179  4196 I Gmail   : MainSyncRequestProto: lowestBkwdConvoId: 0, highestHandledServerOp: 3240127, normalSync: true
06-13 12:34:13.549  4179  4196 I Gmail   : Sending notification intent: Intent { act=android.intent.action.PROVIDER_CHANGED dat=content://gmail-ls/unread/^i (has extras) }
06-13 12:34:13.667  4179  4219 W Gmail   : Showing notification with unreadCount of 2 and unseenCount of 2
06-13 12:34:17.655   342   342 D SAN_SERVICE: *******************************************
06-13 12:34:17.655   342   342 D SAN_SERVICE: DM App Phone Service State - 0
06-13 12:34:17.655   342   342 D SAN_SERVICE: *******************************************
06-13 12:34:17.917   342   342 D SAN_SERVICE: *******************************************
06-13 12:34:17.917   342   342 D SAN_SERVICE: DM App Phone Service State - 0
06-13 12:34:17.917   342   342 D SAN_SERVICE: *******************************************
06-13 12:34:19.866   142   602 D AlarmManagerService: Kernel timezone updated to 240 minutes west of GMT
06-13 12:34:19.920   342   342 D SAN_SERVICE: *******************************************
06-13 12:34:19.920   342   342 D SAN_SERVICE: DM App Phone Service State - 0
06-13 12:34:19.920   342   342 D SAN_SERVICE: *******************************************
06-13 12:34:25.014 27303 27303 D dalvikvm: GC_EXPLICIT freed 203K, 7% free 10251K/10951K, paused 5ms+6ms
06-13 12:34:40.983  2855  2898 I System.out: 12:34:40 PM SENT (1095122528): <iq id="ping" type="get"><ping xmlns="urn:xmpp:ping"/></iq>
06-13 12:34:41.081  2855  2897 I System.out: 12:34:41 PM RCV  (1095122528): <iq to='lokeshmandvekar@jabber.org/android9e7FLMWG' type='result' id='ping'/>
06-13 12:34:42.409   142   145 D dalvikvm: GC_CONCURRENT freed 2037K, 17% free 19856K/23879K, paused 28ms+7ms
06-13 12:35:04.627   142   921 I ActivityManager: Start proc com.google.android.apps.maps:LocationFriendService for service com.google.android.apps.maps/com.google.googlenav.friend.reporting.LocationReceiverService: pid=4222 uid=10057 gids={3003, 1015}
06-13 12:35:04.682  3336  3339 D dalvikvm: GC_CONCURRENT freed 496K, 6% free 10410K/11015K, paused 1ms+7ms
06-13 12:35:04.815  4222  4225 D dalvikvm: GC_CONCURRENT freed 173K, 3% free 9363K/9607K, paused 2ms+4ms
06-13 12:35:05.170  4222  4225 D dalvikvm: GC_CONCURRENT freed 134K, 3% free 9674K/9927K, paused 20ms+2ms
06-13 12:35:05.651  4222  4225 D dalvikvm: GC_CONCURRENT freed 261K, 4% free 9916K/10311K, paused 2ms+2ms
06-13 12:35:05.678  4222  4229 I dalvikvm: Total arena pages for JIT: 11
06-13 12:35:05.678  4222  4229 I dalvikvm: Total arena pages for JIT: 12
06-13 12:35:05.682  4222  4229 I dalvikvm: Total arena pages for JIT: 13
06-13 12:35:05.682  4222  4229 I dalvikvm: Total arena pages for JIT: 14
06-13 12:35:05.686  4222  4229 I dalvikvm: Total arena pages for JIT: 15
06-13 12:35:05.690  4222  4229 I dalvikvm: Total arena pages for JIT: 16
06-13 12:35:05.690  4222  4229 I dalvikvm: Total arena pages for JIT: 17
06-13 12:35:12.018  2855  2898 I System.out: 12:35:12 PM SENT (1095122528): <iq id="ping" type="get"><ping xmlns="urn:xmpp:ping"/></iq>
06-13 12:35:12.112  2855  2897 I System.out: 12:35:12 PM RCV  (1095122528): <iq to='lokeshmandvekar@jabber.org/android9e7FLMWG' type='result' id='ping'/>
06-13 12:35:16.002  4179  4246 I Gmail   : MainSyncRequestProto: lowestBkwdConvoId: 0, highestHandledServerOp: 3240127, normalSync: true
06-13 12:35:16.979  4179  4181 D dalvikvm: GC_CONCURRENT freed 391K, 6% free 9547K/10055K, paused 4ms+3ms
06-13 12:35:17.358  4179  4246 D dalvikvm: GC_EXPLICIT freed 383K, 6% free 9548K/10055K, paused 37ms+3ms
06-13 12:35:17.362  4179  4246 I Gmail   : MainSyncRequestProto: lowestBkwdConvoId: 0, highestHandledServerOp: 3240147, normalSync: true
06-13 12:35:17.409  4179  4246 W Gmail   : Scheduling index for 300000 ms from now
06-13 12:35:18.073   142   370 D AlarmManagerService: Kernel timezone updated to 240 minutes west of GMT
06-13 12:35:18.264  4179  4248 I Gmail   : MainSyncRequestProto: lowestBkwdConvoId: 0, highestHandledServerOp: 3240147, normalSync: true
06-13 12:35:19.143  4179  4181 D dalvikvm: GC_CONCURRENT freed 456K, 6% free 9538K/10119K, paused 2ms+2ms
06-13 12:35:19.237  4179  4248 D dalvikvm: GC_EXPLICIT freed 133K, 6% free 9551K/10119K, paused 2ms+2ms
06-13 12:35:19.245  4179  4248 I Gmail   : MainSyncRequestProto: lowestBkwdConvoId: 0, highestHandledServerOp: 3240160, normalSync: true
06-13 12:35:19.256  4179  4248 W Gmail   : Scheduling index for 300000 ms from now
06-13 12:35:19.331  4179  4248 I Gmail   : Sending notification intent: Intent { act=android.intent.action.PROVIDER_CHANGED dat=content://gmail-ls/unread/^i (has extras) }
06-13 12:35:19.405  4179  4249 W Gmail   : Showing notification with unreadCount of 1 and unseenCount of 1
06-13 12:35:19.518   142   154 I ActivityManager: Start proc android.process.acore for content provider com.android.providers.contacts/.ContactsProvider2: pid=4250 uid=10000 gids={3003, 1015}
06-13 12:35:19.655  4250  4250 I ActivityThread: Pub call_log: com.android.providers.contacts.CallLogProvider
06-13 12:35:19.709  4250  4250 I ActivityThread: Pub com.android.voicemail: com.android.providers.contacts.VoicemailContentProvider
06-13 12:35:19.709  4250  4250 I ActivityThread: Pub user_dictionary: com.android.providers.userdictionary.UserDictionaryProvider
06-13 12:35:19.756  4250  4250 I ActivityThread: Pub com.android.social: com.android.providers.contacts.SocialProvider
06-13 12:35:19.756  4250  4250 I ActivityThread: Pub applications: com.android.providers.applications.ApplicationsProvider
06-13 12:35:19.874  4250  4252 D dalvikvm: GC_CONCURRENT freed 346K, 5% free 9151K/9607K, paused 6ms+2ms
06-13 12:35:19.874  4250  4250 I ActivityThread: Pub contacts;com.android.contacts: com.android.providers.contacts.ContactsProvider2
06-13 12:35:20.327  4250  4252 D dalvikvm: GC_CONCURRENT freed 204K, 4% free 9342K/9671K, paused 15ms+17ms
06-13 12:35:20.459   142   917 D dalvikvm: GC_EXPLICIT freed 976K, 17% free 19821K/23879K, paused 12ms+8ms
06-13 12:35:21.151   142   919 I ActivityManager: Process com.google.android.apps.maps:LocationFriendService (pid 4222) has died.
06-13 12:35:22.788  4250  4252 D dalvikvm: GC_CONCURRENT freed 201K, 4% free 9530K/9863K, paused 10ms+3ms
06-13 12:35:34.999  3550  3563 I PhoneLab-: Service Running
06-13 12:35:35.163  3550  3563 I PhoneLab-LoggerService: app_38    27718 1     1112   664   c00f181c 400107b4 S logcat
06-13 12:35:35.163  3550  3563 I PhoneLab-LoggerService: Logcat pid from database 27718
06-13 12:35:35.163  3550  3563 I PhoneLab-LoggerService: Logcat process found 27718
