06-14 06:11:53.451   142   153 I ActivityManager: Process com.google.android.talk (pid 29530) has died.
06-14 06:11:54.607   142   199 D ConnectivityService: handleInetConditionHoldEnd: net=1, condition=0, published condition=100
06-14 06:11:54.677 29485 29487 D dalvikvm: GC_CONCURRENT freed 293K, 7% free 9764K/10439K, paused 2ms+2ms
06-14 06:11:54.861   142   366 I ActivityManager: Start proc android.process.acore for content provider com.android.providers.contacts/.ContactsProvider2: pid=29578 uid=10000 gids={3003, 1015}
06-14 06:11:54.900 29578 29578 I ActivityThread: Pub call_log: com.android.providers.contacts.CallLogProvider
06-14 06:11:54.954 29578 29578 I ActivityThread: Pub com.android.voicemail: com.android.providers.contacts.VoicemailContentProvider
06-14 06:11:54.958 29578 29578 I ActivityThread: Pub user_dictionary: com.android.providers.userdictionary.UserDictionaryProvider
06-14 06:11:54.990 29578 29578 I ActivityThread: Pub com.android.social: com.android.providers.contacts.SocialProvider
06-14 06:11:54.993 29578 29578 I ActivityThread: Pub applications: com.android.providers.applications.ApplicationsProvider
06-14 06:11:55.099 29578 29578 I ActivityThread: Pub contacts;com.android.contacts: com.android.providers.contacts.ContactsProvider2
06-14 06:11:55.107 29578 29580 D dalvikvm: GC_CONCURRENT freed 340K, 5% free 9192K/9607K, paused 2ms+1ms
06-14 06:11:55.318   142   199 D ConnectivityService: handleInetConditionHoldEnd: net=1, condition=100, published condition=0
06-14 06:11:55.607 29578 29580 D dalvikvm: GC_CONCURRENT freed 250K, 4% free 9382K/9735K, paused 18ms+2ms
06-14 06:11:55.919   142   918 I ActivityManager: Process com.google.android.apps.maps:LocationFriendService (pid 29512) has died.
06-14 06:11:56.685   142   159 I ActivityManager: Start proc com.google.android.talk for broadcast com.google.android.talk/.ConnectionStateOnlineReceiver: pid=29595 uid=10047 gids={3003, 1015, 1006, 3002}
06-14 06:11:56.759 29595 29595 I ActivityThread: Pub com.google.android.talk.SuggestionProvider: com.google.android.talk.SuggestionsProvider
06-14 06:11:56.794   142   917 I ActivityManager: Process android.process.acore (pid 29578) has died.
06-14 06:11:56.896 29595 29595 D vclib:CallStateClient: startListening
06-14 06:11:56.951 29595 29598 D dalvikvm: GC_CONCURRENT freed 181K, 3% free 9352K/9607K, paused 2ms+2ms
06-14 06:11:56.974   142   421 I ActivityManager: Start proc android.process.acore for content provider com.android.providers.contacts/.ContactsProvider2: pid=29615 uid=10000 gids={3003, 1015}
06-14 06:11:57.013 29615 29615 I ActivityThread: Pub call_log: com.android.providers.contacts.CallLogProvider
06-14 06:11:57.017 29615 29615 I ActivityThread: Pub com.android.voicemail: com.android.providers.contacts.VoicemailContentProvider
06-14 06:11:57.021 29615 29615 I ActivityThread: Pub user_dictionary: com.android.providers.userdictionary.UserDictionaryProvider
06-14 06:11:57.025 29615 29615 I ActivityThread: Pub com.android.social: com.android.providers.contacts.SocialProvider
06-14 06:11:57.025 29615 29615 I ActivityThread: Pub applications: com.android.providers.applications.ApplicationsProvider
06-14 06:11:57.091 29615 29615 I ActivityThread: Pub contacts;com.android.contacts: com.android.providers.contacts.ContactsProvider2
06-14 06:11:57.107 29615 29617 D dalvikvm: GC_CONCURRENT freed 359K, 5% free 9177K/9607K, paused 2ms+6ms
06-14 06:11:57.165   142   917 I ActivityManager: Process com.google.android.talk (pid 29595) has died.
06-14 06:11:57.435 29400 29463 I System.out: 06:11:57 AM RCV  (1095114336): <presence from='lokeshmandvekar@gmail.com/android_talk7682aaea69df' to='lokeshmandvekar@jabber.org'><status/><priority>24</priority><caps:c node="http://www.android.com/gtalk/client/caps" ext="pmuc-v1 voice-v1 video-v1 camera-v1" ver="1.1" xmlns:caps="http://jabber.org/protocol/caps"/><x xmlns="vcard-temp:x:update"><photo>10787dcb9604f48a6fc4f42908a91dfd12a1d753</photo></x></presence>
06-14 06:11:57.529 29615 29617 D dalvikvm: GC_CONCURRENT freed 269K, 4% free 9357K/9735K, paused 2ms+5ms
06-14 06:11:57.611   142   159 I ActivityManager: Start proc com.google.android.talk for broadcast com.google.android.talk/.videochat.XmppReceiver: pid=29631 uid=10047 gids={3003, 1015, 1006, 3002}
06-14 06:11:57.654    80    80 D dalvikvm: GC_EXPLICIT freed 38K, 4% free 9031K/9347K, paused 2ms+6ms
06-14 06:11:57.677    80    80 D dalvikvm: GC_EXPLICIT freed <1K, 4% free 9031K/9347K, paused 2ms+1ms
06-14 06:11:57.716    80    80 D dalvikvm: GC_EXPLICIT freed <1K, 4% free 9031K/9347K, paused 3ms+11ms
06-14 06:11:57.751   142   602 I ActivityManager: Process android.process.media (pid 29557) has died.
06-14 06:11:57.806 29631 29631 I ActivityThread: Pub com.google.android.talk.SuggestionProvider: com.google.android.talk.SuggestionsProvider
06-14 06:11:57.966 29631 29631 D vclib:CallStateClient: startListening
06-14 06:11:57.974 29400 29414 I com.xabber.android.data.roster.SyncManager@41437b98: Insert presences 1
06-14 06:11:57.974 29400 29414 I com.xabber.android.data.roster.SyncManager$4@414052f0: Presence changed
06-14 06:11:58.060 29631 29633 D dalvikvm: GC_CONCURRENT freed 173K, 3% free 9353K/9607K, paused 17ms+2ms
06-14 06:11:58.267   142   919 I ActivityManager: Process com.google.android.talk (pid 29631) has died.
06-14 06:12:01.029 29615 29617 D dalvikvm: GC_CONCURRENT freed 237K, 4% free 9557K/9927K, paused 36ms+3ms
06-14 06:12:01.474 29400 29463 I System.out: 06:12:01 AM RCV  (1095114336): <presence from='lokeshmandvekar@gmail.com/android_talk7682aaea69df' to='lokeshmandvekar@jabber.org'><status/><priority>24</priority><caps:c node="http://www.android.com/gtalk/client/caps" ext="pmuc-v1 voice-v1 video-v1 camera-v1" ver="1.1" xmlns:caps="http://jabber.org/protocol/caps"/><x xmlns="vcard-temp:x:update"><photo>6945890ca62afb71694b3e6141fc3b93d2556f1f</photo></x></presence><presence from='lokeshmandvekar@gmail.com/bitlbeeDB8759E0' to='lokeshmandvekar@jabber.org'><priority>24</priority><show>xa</show><c node="http://bitlbee.org/xmpp/caps" ver="3.0.5-1+aptbuild6" xmlns="http://jabber.org/protocol/caps"/><x xmlns="vcard-temp:x:update"><photo>6945890ca62afb71694b3e6141fc3b93d2556f1f</photo></x></presence>
06-14 06:12:01.568   142   159 I ActivityManager: Start proc com.google.android.apps.maps:NetworkLocationService for service com.google.android.apps.maps/com.google.android.location.internal.server.NetworkLocationService: pid=29655 uid=10057 gids={3003, 1015}
06-14 06:12:01.661 29400 29414 I com.xabber.android.data.roster.SyncManager@41437b98: Insert presences 1
06-14 06:12:01.685 29400 29414 I com.xabber.android.data.roster.SyncManager$4@413f6dd8: Presence changed
06-14 06:12:01.689 29400 29462 I System.out: 06:12:01 AM SENT (1095114336): <iq id="m3jS4-5" to="lokeshmandvekar@gmail.com" type="get"><vCard xmlns="vcard-temp" /></iq>
06-14 06:12:01.689 29400 29414 I com.xabber.android.data.roster.SyncManager@41437b98: Insert presences 1
06-14 06:12:01.689 29400 29414 I com.xabber.android.data.roster.SyncManager$4@4134ab40: Presence changed
06-14 06:12:01.837 29655 29656 D dalvikvm: GC_CONCURRENT freed 153K, 3% free 9383K/9607K, paused 5ms+4ms
06-14 06:12:01.958 29400 29463 I System.out: 06:12:01 AM RCV  (1095114336): <presence from='lokeshmandvekar@gmail.com/android_talk7682aaea69df' to='lokeshmandvekar@jabber.org'><status/><priority>24</priority><caps:c node="http://www.android.com/gtalk/client/caps" ext
06-14 06:12:01.962 29400 29463 I System.out: 06:12:01 AM RCV  (1095114336): ="pmuc-v1 voice-v1 video-v1 camera-v1" ver="1.1" xmlns:caps="http://jabber.org/protocol/caps"/><x xmlns="vcard-temp:x:update"><photo>10787dcb9604f48a6fc4f42908a91dfd12a1d753</photo></x></presence>
