06-12 08:36:23.492 28170 28185 E GeckoConsole: [JavaScript Warning: "Unknown property 'zoom'.  Declaration dropped." {file: "http://mediacdn.disqus.com/1339460872/uploads/themes/028ee724157b05d04e7bdcf237d12e60/theme.css?1456" line: 1}]
06-12 08:36:23.496 28170 28185 E GeckoConsole: [JavaScript Warning: "Unknown property 'transition'.  Declaration dropped." {file: "http://mediacdn.disqus.com/1339460872/uploads/themes/028ee724157b05d04e7bdcf237d12e60/theme.css?1456" line: 1}]
06-12 08:36:23.496 28170 28185 E GeckoConsole: [JavaScript Warning: "Unknown property '-moz-border-radius'.  Declaration dropped." {file: "http://mediacdn.disqus.com/1339460872/uploads/themes/028ee724157b05d04e7bdcf237d12e60/theme.css?1456" line: 1}]
06-12 08:36:23.496 28170 28185 E GeckoConsole: [JavaScript Warning: "Unknown property '-moz-box-shadow'.  Declaration dropped." {file: "http://mediacdn.disqus.com/1339460872/uploads/themes/028ee724157b05d04e7bdcf237d12e60/theme.css?1456" line: 1}]
06-12 08:36:23.496 28170 28185 E GeckoConsole: [JavaScript Warning: "Unknown property '-moz-border-radius'.  Declaration dropped." {file: "http://mediacdn.disqus.com/1339460872/uploads/themes/028ee724157b05d04e7bdcf237d12e60/theme.css?1456" line: 1}]
06-12 08:36:23.496 28170 28185 E GeckoConsole: [JavaScript Warning: "Error in parsing value for 'display'.  Declaration dropped." {file: "http://mediacdn.disqus.com/1339460872/uploads/themes/028ee724157b05d04e7bdcf237d12e60/theme.css?1456" line: 1}]
06-12 08:36:23.496 28170 28185 E GeckoConsole: [JavaScript Warning: "Error in parsing value for 'filter'.  Declaration dropped." {file: "http://mediacdn.disqus.com/1339460872/uploads/themes/028ee724157b05d04e7bdcf237d12e60/theme.css?1456" line: 1}]
06-12 08:36:23.496 28170 28185 E GeckoConsole: [JavaScript Warning: "Unknown property '-moz-opacity'.  Declaration dropped." {file: "http://mediacdn.disqus.com/1339460872/uploads/themes/028ee724157b05d04e7bdcf237d12e60/theme.css?1456" line: 1}]
06-12 08:36:23.496 28170 28185 E GeckoConsole: [JavaScript Warning: "Unknown property '-moz-border-radius'.  Declaration dropped." {file: "http://mediacdn.disqus.com/1339460872/uploads/themes/028ee724157b05d04e7bdcf237d12e60/theme.css?1456" line: 1}]
06-12 08:36:23.496 28170 28185 E GeckoConsole: [JavaScript Warning: "Unknown pseudo-class or pseudo-element '-webkit-input-placeholder'.  Ruleset ignored due to bad selector." {file: "http://mediacdn.disqus.com/1339460872/uploads/themes/028ee724157b05d04e7bdcf237d12e60/theme.css?1456" line: 1}]
06-12 08:36:23.496 28170 28185 E GeckoConsole: [JavaScript Warning: "Unknown property '-moz-box-shadow'.  Declaration dropped." {file: "http://mediacdn.disqus.com/1339460872/uploads/themes/028ee724157b05d04e7bdcf237d12e60/theme.css?1456" line: 1}]
06-12 08:36:23.496 28170 28185 E GeckoConsole: [JavaScript Warning: "Unknown property '-moz-border-radius'.  Declaration dropped." {file: "http://mediacdn.disqus.com/1339460872/uploads/themes/028ee724157b05d04e7bdcf237d12e60/theme.css?1456" line: 1}]
06-12 08:36:23.496 28170 28185 E GeckoConsole: [JavaScript Warning: "Unknown property '-moz-box-shadow'.  Declaration dropped." {file: "http://mediacdn.disqus.com/1339460872/uploads/themes/028ee724157b05d04e7bdcf237d12e60/theme.css?1456" line: 1}]
06-12 08:36:23.496 28170 28185 E GeckoConsole: [JavaScript Warning: "Unknown property '-moz-border-radius'.  Declaration dropped." {file: "http://mediacdn.disqus.com/1339460872/uploads/themes/028ee724157b05d04e7bdcf237d12e60/theme.css?1456" line: 1}]
06-12 08:36:23.496 28170 28185 E GeckoConsole: [JavaScript Warning: "Unknown property '-moz-box-shadow'.  Declaration dropped." {file: "http://mediacdn.disqus.com/1339460872/uploads/themes/028ee724157b05d04e7bdcf237d12e60/theme.css?1456" line: 1}]
06-12 08:36:23.500 28170 28185 E GeckoConsole: [JavaScript Warning: "Unknown property 'zoom'.  Declaration dropped." {file: "http://mediacdn.disqus.com/1339460872/uploads/themes/028ee724157b05d04e7bdcf237d12e60/theme.css?1456" line: 1}]
06-12 08:36:23.500 28170 28185 E GeckoConsole: [JavaScript Warning: "Unknown property 'zoom'.  Declaration dropped." {file: "http://mediacdn.disqus.com/1339460872/uploads/themes/028ee724157b05d04e7bdcf237d12e60/theme.css?1456" line: 1}]
06-12 08:36:23.898   142   159 I ActivityManager: Start proc com.facebook.katana for service com.facebook.katana/.service.FacebookService: pid=28307 uid=10060 gids={3003, 1006, 1015}
06-12 08:36:23.929 28307 28307 I dalvikvm: Turning on JNI app bug workarounds for target SDK version 7...
06-12 08:36:24.254 28307 28310 D dalvikvm: GC_CONCURRENT freed 171K, 3% free 9365K/9607K, paused 2ms+2ms
06-12 08:36:24.359 28170 28183 I GeckoAppShell: Taking whole-screen screenshot, viewport: ImmutableViewportMetrics v=(0.0,0.0,480.0,690.0) p=(0.0,0.0,480.0,4335.0) c=(0.0,0.0,320.0,2890.0) z=1.5
06-12 08:36:24.586 28307 28307 I ActivityThread: Pub com.facebook.katana.provider.LoggingProvider: com.facebook.katana.provider.LoggingProvider
06-12 08:36:24.601 28307 28307 I ActivityThread: Pub com.facebook.katana.provider.KeyValueProvider: com.facebook.katana.provider.KeyValueProvider
06-12 08:36:24.601 28307 28307 I ActivityThread: Pub com.facebook.katana.provider.CacheProvider: com.facebook.katana.provider.CacheProvider
06-12 08:36:24.601 28307 28307 I ActivityThread: Pub com.facebook.katana.provider.MailboxProvider: com.facebook.katana.provider.MailboxProvider
06-12 08:36:24.613 28307 28307 I ActivityThread: Pub com.facebook.katana.provider.UserStatusesProvider: com.facebook.katana.provider.UserStatusesProvider
06-12 08:36:24.613 28307 28307 I ActivityThread: Pub com.facebook.katana.provider.EventsProvider: com.facebook.katana.provider.EventsProvider
06-12 08:36:24.613 28307 28307 I ActivityThread: Pub com.facebook.katana.provider.NotificationsProvider: com.facebook.katana.provider.NotificationsProvider
06-12 08:36:24.629 28307 28307 I ActivityThread: Pub com.facebook.katana.provider.UserValuesProvider: com.facebook.katana.provider.UserValuesProvider
06-12 08:36:24.629 28307 28307 I ActivityThread: Pub com.facebook.katana.provider.PagesProvider: com.facebook.katana.provider.PagesProvider
06-12 08:36:24.632 28307 28307 I ActivityThread: Pub com.facebook.katana.provider.MobileEventLogProvider: com.facebook.katana.provider.MobileEventLogProvider
06-12 08:36:24.632 28307 28307 I ActivityThread: Pub com.facebook.katana.provider.PushNotificationsProvider: com.facebook.katana.provider.PushNotificationsProvider
06-12 08:36:24.632 28307 28307 I ActivityThread: Pub com.facebook.katana.provider.PhotosProvider: com.facebook.katana.provider.PhotosProvider
06-12 08:36:24.656 28307 28307 I ActivityThread: Pub com.facebook.katana.provider.ConnectionsProvider: com.facebook.katana.provider.ConnectionsProvider
06-12 08:36:24.660 28307 28310 D dalvikvm: GC_CONCURRENT freed 163K, 3% free 9725K/9991K, paused 1ms+5ms
06-12 08:36:24.679 28307 28307 I ActivityThread: Pub com.facebook.orca.notify.FbandroidMessagesForegroundProvider: com.facebook.orca.notify.FbandroidMessagesForegroundProvider
06-12 08:36:24.711 28170 28183 D dalvikvm: GC_FOR_ALLOC freed 2308K, 20% free 10082K/12487K, paused 48ms
06-12 08:36:24.722 28170 28183 I dalvikvm-heap: Grow heap (frag case) to 11.915MB for 2097168-byte allocation
06-12 08:36:24.726 28307 28307 D ACRA    : Retrieve application default SharedPreferences.
06-12 08:36:24.730 28307 28307 D ACRA    : Set OnSharedPreferenceChangeListener.
06-12 08:36:24.750 28307 28307 D ACRA    : ACRA is enabled for com.facebook.katana, intializing...
06-12 08:36:24.777 28170 28170 D dalvikvm: GC_FOR_ALLOC freed 11K, 3% free 12118K/12487K, paused 36ms
06-12 08:36:24.882 28170 28172 D dalvikvm: GC_CONCURRENT freed 7K, 3% free 12120K/12487K, paused 5ms+16ms
06-12 08:36:24.945 28170 28202 I Gecko   : Compositor: Composite took 101 ms.
06-12 08:36:24.949 28307 28307 D ACRA    : Looking for error files in /data/data/com.facebook.katana/app_acra-reports
06-12 08:36:25.089 28307 28307 W nalizableReferenceQueue: Could not load Finalizer in its own class loader.Loading Finalizer in the current class loader instead. As a result, you will not be ableto garbage collect this class loader. To support reclaiming this class loader, eitherresolve the underlying issue, or move Google Collections to your system class path.
06-12 08:36:25.089 28307 28307 W nalizableReferenceQueue: java.io.FileNotFoundException: com/google/common/base/internal/Finalizer.class
06-12 08:36:25.089 28307 28307 W nalizableReferenceQueue: 	at com.google.common.base.FinalizableReferenceQueue$DecoupledLoader.getBaseUrl(FinalizableReferenceQueue.java:243)
06-12 08:36:25.089 28307 28307 W nalizableReferenceQueue: 	at com.google.common.base.FinalizableReferenceQueue$DecoupledLoader.loadFinalizer(FinalizableReferenceQueue.java:227)
06-12 08:36:25.089 28307 28307 W nalizableReferenceQueue: 	at com.google.common.base.FinalizableReferenceQueue.loadFinalizer(FinalizableReferenceQueue.java:155)
06-12 08:36:25.089 28307 28307 W nalizableReferenceQueue: 	at com.google.common.base.FinalizableReferenceQueue.<clinit>(FinalizableReferenceQueue.java:84)
06-12 08:36:25.089 28307 28307 W nalizableReferenceQueue: 	at com.google.common.collect.CustomConcurrentHashMap$QueueHolder.<clinit>(CustomConcurrentHashMap.java:650)
06-12 08:36:25.089 28307 28307 W nalizableReferenceQueue: 	at com.google.common.collect.CustomConcurrentHashMap$WeakEntry.<init>(CustomConcurrentHashMap.java:1342)
06-12 08:36:25.089 28307 28307 W nalizableReferenceQueue: 	at com.google.common.collect.CustomConcurrentHashMap$EntryFactory$9.newEntry(CustomConcurrentHashMap.java:453)
06-12 08:36:25.089 28307 28307 W nalizableReferenceQueue: 	at com.google.common.collect.CustomConcurrentHashMap.a(CustomConcurrentHashMap.java:1715)
06-12 08:36:25.089 28307 28307 W nalizableReferenceQueue: 	at com.google.common.collect.ComputingConcurrentHashMap$ComputingSegment.a(ComputingConcurrentHashMap.java:123)
06-12 08:36:25.089 28307 28307 W nalizableReferenceQueue: 	at com.google.common.collect.ComputingConcurrentHashMap.apply(ComputingConcurrentHashMap.java:71)
06-12 08:36:25.089 28307 28307 W nalizableReferenceQueue: 	at com.google.common.collect.MapMaker$ComputingMapAdapter.get(MapMaker.java:848)
06-12 08:36:25.089 28307 28307 W nalizableReferenceQueue: 	at com.google.inject.internal.Annotations$AnnotationChecker.a(Annotations.java:94)
06-12 08:36:25.089 28307 28307 W nalizableReferenceQueue: 	at com.google.inject.internal.Annotations.c(Annotations.java:112)
06-12 08:36:25.089 28307 28307 W nalizableReferenceQueue: 	at com.google.inject.Key.d(Key.java:369)
06-12 08:36:25.089 28307 28307 W nalizableReferenceQueue: 	at com.google.inject.Key.b(Key.java:356)
06-12 08:36:25.089 28307 28307 W nalizableReferenceQueue: 	at com.google.inject.Key.a(Key.java:267)
06-12 08:36:25.089 28307 28307 W nalizableReferenceQueue: 	at com.facebook.orca.inject.binder.AnnotatedBindingBuilderImpl.a(AnnotatedBindingBuilderImpl.java:22)
06-12 08:36:25.089 28307 28307 W nalizableReferenceQueue: 	at com.facebook.orca.app.FbBaseModule.a(FbBaseModule.java:74)
06-12 08:36:25.089 28307 28307 W nalizableReferenceQueue: 	at com.facebook.orca.inject.AbstractModule.a(AbstractModule.java:19)
06-12 08:36:25.089 28307 28307 W nalizableReferenceQueue: 	at com.facebook.orca.inject.FbInjectorImpl.a(FbInjectorImpl.java:61)
06-12 08:36:25.089 28307 28307 W nalizableReferenceQueue: 	at com.facebook.orca.inject.FbInjectorImpl.<init>(FbInjectorImpl.java:41)
06-12 08:36:25.089 28307 28307 W nalizableReferenceQueue: 	at com.facebook.orca.inject.FbInjector.a(FbInjector.java:40)
06-12 08:36:25.089 28307 28307 W nalizableReferenceQueue: 	at com.facebook.katana.FacebookApplication.onCreate(FacebookApplication.java:86)
06-12 08:36:25.089 28307 28307 W nalizableReferenceQueue: 	at android.app.Instrumentation.callApplicationOnCreate(Instrumentation.java:969)
06-12 08:36:25.089 28307 28307 W nalizableReferenceQueue: 	at android.app.ActivityThread.handleBindApplication(ActivityThread.java:3954)
06-12 08:36:25.089 28307 28307 W nalizableReferenceQueue: 	at android.app.ActivityThread.access$1300(ActivityThread.java:123)
06-12 08:36:25.089 28307 28307 W nalizableReferenceQueue: 	at android.app.ActivityThread$H.handleMessage(ActivityThread.java:1185)
06-12 08:36:25.089 28307 28307 W nalizableReferenceQueue: 	at android.os.Handler.dispatchMessage(Handler.java:99)
06-12 08:36:25.089 28307 28307 W nalizableReferenceQueue: 	at android.os.Looper.loop(Looper.java:137)
06-12 08:36:25.089 28307 28307 W nalizableReferenceQueue: 	at android.app.ActivityThread.main(ActivityThread.java:4424)
06-12 08:36:25.089 28307 28307 W nalizableReferenceQueue: 	at java.lang.reflect.Method.invokeNative(Native Method)
06-12 08:36:25.089 28307 28307 W nalizableReferenceQueue: 	at java.lang.reflect.Method.invoke(Method.java:511)
06-12 08:36:25.089 28307 28307 W nalizableReferenceQueue: 	at com.android.internal.os.ZygoteInit$MethodAndArgsCaller.run(ZygoteInit.java:784)
06-12 08:36:25.089 28307 28307 W nalizableReferenceQueue: 	at com.android.internal.os.ZygoteInit.main(ZygoteInit.java:551)
06-12 08:36:25.089 28307 28307 W nalizableReferenceQueue: 	at dalvik.system.NativeStart.main(Native Method)
06-12 08:36:25.093 28307 28307 I Finalizer: Couldn't access Thread.inheritableThreadLocals. Reference finalizer threads will inherit thread local values.
06-12 08:36:25.293 28307 28310 D dalvikvm: GC_CONCURRENT freed 370K, 5% free 9870K/10311K, paused 8ms+3ms
06-12 08:36:25.629 28307 28310 D dalvikvm: GC_CONCURRENT freed 401K, 5% free 10009K/10503K, paused 2ms+3ms
06-12 08:36:26.140 28170 28202 I Gecko   : Compositor: Composite took 34 ms.
06-12 08:36:26.226 28307 28310 D dalvikvm: GC_CONCURRENT freed 389K, 5% free 10170K/10631K, paused 12ms+15ms
06-12 08:36:26.257 28170 28170 D GeckoPanZoomController: generating valid viewport using v=RectF(0.0, 0.0, 480.0, 690.0) p=RectF(0.0, 0.0, 480.0, 4859.0) c=RectF(0.0, 0.0, 320.0, 3239.0) z=1.5
06-12 08:36:26.257 28170 28170 D GeckoPanZoomController: generated valid viewport as v=RectF(0.0, 0.0, 480.0, 690.0) p=RectF(0.0, 0.0, 480.0, 4859.0) c=RectF(0.0, 0.0, 320.0, 3239.0) z=1.5
06-12 08:36:26.336 28170 28202 I Gecko   : Compositor: Composite took 81 ms.
06-12 08:36:26.461 28307 28323 W Resources: Converting to string: TypedValue{t=0x10/d=0xffffffff a=-1}
06-12 08:36:26.793 28170 28170 D GeckoPanZoomController: generating valid viewport using v=RectF(0.0, 0.0, 480.0, 690.0) p=RectF(0.0, 0.0, 480.0, 4967.0) c=RectF(0.0, 0.0, 320.0, 3311.0) z=1.5
06-12 08:36:26.793 28170 28170 D GeckoPanZoomController: generated valid viewport as v=RectF(0.0, 0.0, 480.0, 690.0) p=RectF(0.0, 0.0, 480.0, 4967.0) c=RectF(0.0, 0.0, 320.0, 3311.0) z=1.5
06-12 08:36:26.855 28170 28202 I Gecko   : Compositor: Composite took 65 ms.
06-12 08:36:26.918 28170 28185 E GeckoConsole: [JavaScript Warning: "Error in parsing value for 'background-image'.  Declaration dropped." {file: "http://www.slashgear.com/spotify-for-android-updated-with-new-faster-interface-12233475/" line: 1}]
06-12 08:36:26.918 28170 28185 E GeckoConsole: [JavaScript Warning: "Error in parsing value for 'background-image'.  Declaration dropped." {file: "http://www.slashgear.com/spotify-for-android-updated-with-new-faster-interface-12233475/" line: 1}]
06-12 08:36:26.918 28170 28185 E GeckoConsole: [JavaScript Warning: "Error in parsing value for 'background-image'.  Declaration dropped." {file: "http://www.slashgear.com/spotify-for-android-updated-with-new-faster-interface-12233475/" line: 1}]
06-12 08:36:26.918 28170 28185 E GeckoConsole: [JavaScript Warning: "Error in parsing value for 'background-image'.  Declaration dropped." {file: "http://www.slashgear.com/spotify-for-android-updated-with-new-faster-interface-12233475/" line: 1}]
06-12 08:36:26.921 28170 28185 E GeckoConsole: [JavaScript Warning: "Error in parsing value for 'background-image'.  Declaration dropped." {file: "http://www.slashgear.com/spotify-for-android-updated-with-new-faster-interface-12233475/" line: 1}]
06-12 08:36:26.921 28170 28185 E GeckoConsole: [JavaScript Warning: "Error in parsing value for 'background-image'.  Declaration dropped." {file: "http://www.slashgear.com/spotify-for-android-updated-with-new-faster-interface-12233475/" line: 1}]
06-12 08:36:26.921 28170 28185 E GeckoConsole: [JavaScript Warning: "Error in parsing value for 'filter'.  Declaration dropped." {file: "http://www.slashgear.com/spotify-for-android-updated-with-new-faster-interface-12233475/" line: 1}]
06-12 08:36:26.921 28170 28185 E GeckoConsole: [JavaScript Warning: "Unknown property '-moz-box-shadow'.  Declaration dropped." {file: "http://www.slashgear.com/spotify-for-android-updated-with-new-faster-interface-12233475/" line: 1}]
06-12 08:36:26.921 28170 28185 E GeckoConsole: [JavaScript Warning: "Error in parsing value for 'filter'.  Declaration dropped." {file: "http://www.slashgear.com/spotify-for-android-updated-with-new-faster-interface-12233475/" line: 1}]
06-12 08:36:26.921 28170 28185 E GeckoConsole: [JavaScript Warning: "Unknown property '-moz-opacity'.  Declaration dropped." {file: "http://www.slashgear.com/spotify-for-android-updated-with-new-faster-interface-12233475/" line: 1}]
06-12 08:36:26.921 28170 28185 E GeckoConsole: [JavaScript Warning: "Unknown property '-moz-border-radius'.  Declaration dropped." {file: "http://www.slashgear.com/spotify-for-android-updated-with-new-faster-interface-12233475/" line: 1}]
06-12 08:36:26.921 28170 28185 E GeckoConsole: [JavaScript Warning: "Unknown property '-moz-border-radius'.  Declaration dropped." {file: "http://www.slashgear.com/spotify-for-android-updated-with-new-faster-interface-12233475/" line: 1}]
06-12 08:36:26.988 28170 28185 E GeckoConsole: [JavaScript Warning: "Error in parsing value for 'background-image'.  Declaration dropped." {file: "http://www.slashgear.com/spotify-for-android-updated-with-new-faster-interface-12233475/" line: 1}]
06-12 08:36:26.988 28170 28185 E GeckoConsole: [JavaScript Warning: "Error in parsing value for 'background-image'.  Declaration dropped." {file: "http://www.slashgear.com/spotify-for-android-updated-with-new-faster-interface-12233475/" line: 1}]
06-12 08:36:26.988 28170 28185 E GeckoConsole: [JavaScript Warning: "Error in parsing value for 'background-image'.  Declaration dropped." {file: "http://www.slashgear.com/spotify-for-android-updated-with-new-faster-interface-12233475/" line: 1}]
06-12 08:36:26.988 28170 28185 E GeckoConsole: [JavaScript Warning: "Error in parsing value for 'background-image'.  Declaration dropped." {file: "http://www.slashgear.com/spotify-for-android-updated-with-new-faster-interface-12233475/" line: 1}]
06-12 08:36:26.988 28170 28185 E GeckoConsole: [JavaScript Warning: "Error in parsing value for 'background-image'.  Declaration dropped." {file: "http://www.slashgear.com/spotify-for-android-updated-with-new-faster-interface-12233475/" line: 1}]
06-12 08:36:26.988 28170 28185 E GeckoConsole: [JavaScript Warning: "Error in parsing value for 'background-image'.  Declaration dropped." {file: "http://www.slashgear.com/spotify-for-android-updated-with-new-faster-interface-12233475/" line: 1}]
06-12 08:36:26.988 28170 28185 E GeckoConsole: [JavaScript Warning: "Error in parsing value for 'filter'.  Declaration dropped." {file: "http://www.slashgear.com/spotify-for-android-updated-with-new-faster-interface-12233475/" line: 1}]
06-12 08:36:26.988 28170 28185 E GeckoConsole: [JavaScript Warning: "Unknown property '-moz-box-shadow'.  Declaration dropped." {file: "http://www.slashgear.com/spotify-for-android-updated-with-new-faster-interface-12233475/" line: 1}]
06-12 08:36:26.988 28170 28185 E GeckoConsole: [JavaScript Warning: "Error in parsing value for 'filter'.  Declaration dropped." {file: "http://www.slashgear.com/spotify-for-android-updated-with-new-faster-interface-12233475/" line: 1}]
06-12 08:36:26.988 28170 28185 E GeckoConsole: [JavaScript Warning: "Unknown property '-moz-opacity'.  Declaration dropped." {file: "http://www.slashgear.com/spotify-for-android-updated-with-new-faster-interface-12233475/" line: 1}]
06-12 08:36:26.988 28170 28185 E GeckoConsole: [JavaScript Warning: "Unknown property '-moz-border-radius'.  Declaration dropped." {file: "http://www.slashgear.com/spotify-for-android-updated-with-new-faster-interface-12233475/" line: 1}]
06-12 08:36:26.988 28170 28185 E GeckoConsole: [JavaScript Warning: "Unknown property '-moz-border-radius'.  Declaration dropped." {file: "http://www.slashgear.com/spotify-for-android-updated-with-new-faster-interface-12233475/" line: 1}]
06-12 08:36:27.843 28170 28170 D GeckoPanZoomController: generating valid viewport using v=RectF(0.0, 0.0, 480.0, 690.0) p=RectF(0.0, 0.0, 480.0, 4968.0) c=RectF(0.0, 0.0, 320.0, 3312.0) z=1.5
06-12 08:36:27.843 28170 28170 D GeckoPanZoomController: generated valid viewport as v=RectF(0.0, 0.0, 480.0, 690.0) p=RectF(0.0, 0.0, 480.0, 4968.0) c=RectF(0.0, 0.0, 320.0, 3312.0) z=1.5
06-12 08:36:27.867 28307 28310 D dalvikvm: GC_CONCURRENT freed 302K, 5% free 10305K/10759K, paused 2ms+180ms
06-12 08:36:27.875 28170 28202 I Gecko   : Compositor: Composite took 36 ms.
06-12 08:36:27.929   142   921 I ActivityManager: Process android.process.media (pid 28109) has died.
06-12 08:36:28.105   142   602 D dalvikvm: GC_EXPLICIT freed 1531K, 28% free 16937K/23239K, paused 3ms+11ms
06-12 08:36:28.632 28307 28310 D dalvikvm: GC_CONCURRENT freed 285K, 4% free 10404K/10823K, paused 2ms+3ms
06-12 08:36:28.964 28170 28185 I GeckoApp: Got message: Content:PageShow
06-12 08:36:28.968 28170 28170 D GeckoFavicons: Creating LoadFaviconTask with URL = http://www.slashgear.com/spotify-for-android-updated-with-new-faster-interface-12233475/ and favicon URL = null
06-12 08:36:28.972 28170 28170 D GeckoFavicons: Calling loadFavicon() with URL = http://www.slashgear.com/spotify-for-android-updated-with-new-faster-interface-12233475/ and favicon URL = null (2)
06-12 08:36:28.996 28170 28185 I GeckoApp: Got message: Content:StateChange
06-12 08:36:28.996 28170 28185 I GeckoApp: State - 786448
06-12 08:36:28.996 28170 28185 I GeckoApp: Got a document stop
06-12 08:36:29.035 28170 28185 E GeckoConsole: [JavaScript Warning: "Expected end of value but found '!'.  Error in parsing value for 'width'.  Declaration dropped." {file: "http://www.slashgear.com/spotify-for-android-updated-with-new-faster-interface-12233475/" line: 0}]
06-12 08:36:29.035 28170 28185 E GeckoConsole: [JavaScript Warning: "Expected end of value but found '!'.  Error in parsing value for 'height'.  Declaration dropped." {file: "http://www.slashgear.com/spotify-for-android-updated-with-new-faster-interface-12233475/" line: 0}]
06-12 08:36:29.035 28170 28185 E GeckoConsole: [JavaScript Warning: "Expected end of value but found '!'.  Error in parsing value for 'position'.  Declaration dropped." {file: "http://www.slashgear.com/spotify-for-android-updated-with-new-faster-interface-12233475/" line: 0}]
06-12 08:36:29.035 28170 28185 E GeckoConsole: [JavaScript Warning: "Expected end of value but found '!'.  Error in parsing value for 'top'.  Declaration dropped." {file: "http://www.slashgear.com/spotify-for-android-updated-with-new-faster-interface-12233475/" line: 0}]
06-12 08:36:29.035 28170 28185 E GeckoConsole: [JavaScript Warning: "Expected end of value but found '!'.  Error in parsing value for 'left'.  Declaration dropped." {file: "http://www.slashgear.com/spotify-for-android-updated-with-new-faster-interface-12233475/" line: 0}]
06-12 08:36:29.035 28170 28185 E GeckoConsole: [JavaScript Warning: "Expected end of value but found '!'.  Error in parsing value for 'padding'.  Declaration dropped." {file: "http://www.slashgear.com/spotify-for-android-updated-with-new-faster-interface-12233475/" line: 0}]
06-12 08:36:29.035 28170 28185 E GeckoConsole: [JavaScript Warning: "Expected end of value but found '!'.  Error in parsing value for 'margin'.  Declaration dropped." {file: "http://www.slashgear.com/spotify-for-android-updated-with-new-faster-interface-12233475/" line: 0}]
06-12 08:36:29.039 28170 28185 E GeckoConsole: [JavaScript Warning: "Expected end of value but found '!'.  Error in parsing value for 'position'.  Declaration dropped." {file: "http://www.slashgear.com/spotify-for-android-updated-with-new-faster-interface-12233475/" line: 0}]
06-12 08:36:29.039 28170 28185 E GeckoConsole: [JavaScript Warning: "Expected end of value but found '!'.  Error in parsing value for 'padding'.  Declaration dropped." {file: "http://www.slashgear.com/spotify-for-android-updated-with-new-faster-interface-12233475/" line: 0}]
06-12 08:36:29.039 28170 28185 E GeckoConsole: [JavaScript Warning: "Expected end of value but found '!'.  Error in parsing value for 'margin'.  Declaration dropped." {file: "http://www.slashgear.com/spotify-for-android-updated-with-new-faster-interface-12233475/" line: 0}]
06-12 08:36:29.039 28170 28185 E GeckoConsole: [JavaScript Warning: "Expected end of value but found '!'.  Error in parsing value for 'top'.  Declaration dropped." {file: "http://www.slashgear.com/spotify-for-android-updated-with-new-faster-interface-12233475/" line: 0}]
06-12 08:36:29.039 28170 28185 E GeckoConsole: [JavaScript Warning: "Expected end of value but found '!'.  Error in parsing value for 'margin'.  Declaration dropped." {file: "http://www.slashgear.com/spotify-for-android-updated-with-new-faster-interface-12233475/" line: 0}]
06-12 08:36:29.043 28170 28185 E GeckoConsole: [JavaScript Warning: "Expected end of value but found '!'.  Error in parsing value for 'height'.  Declaration dropped." {file: "http://www.slashgear.com/spotify-for-android-updated-with-new-faster-interface-12233475/" line: 0}]
06-12 08:36:29.043 28170 28185 E GeckoConsole: [JavaScript Warning: "Expected end of value but found '!'.  Error in parsing value for 'height'.  Declaration dropped." {file: "http://www.slashgear.com/spotify-for-android-updated-with-new-faster-interface-12233475/" line: 0}]
06-12 08:36:29.043 28170 28185 E GeckoConsole: [JavaScript Warning: "Expected end of value but found '!'.  Error in parsing value for 'width'.  Declaration dropped." {file: "http://www.slashgear.com/spotify-for-android-updated-with-new-faster-interface-12233475/" line: 0}]
06-12 08:36:29.043 28170 28185 E GeckoConsole: [JavaScript Warning: "Expected end of value but found '!'.  Error in parsing value for 'width'.  Declaration dropped." {file: "http://www.slashgear.com/spotify-for-android-updated-with-new-faster-interface-12233475/" line: 0}]
06-12 08:36:29.062 28170 28170 I GeckoToolbar: zerdatime 63502759 - Throbber stop
06-12 08:36:29.089 28170 28337 D GeckoFavicons: Favicon URL is now: http://www.slashgear.com/favicon.ico
06-12 08:36:29.089 28170 28337 D GeckoFavicons: Calling getFaviconUrlForPageUrl() for http://www.slashgear.com/spotify-for-android-updated-with-new-faster-interface-12233475/
06-12 08:36:29.093 28170 28337 D GeckoFavicons: Loading favicon from DB for URL = http://www.slashgear.com/spotify-for-android-updated-with-new-faster-interface-12233475/
06-12 08:36:29.101 28170 28337 D GeckoFavicons: Loaded favicon from DB successfully for URL = http://www.slashgear.com/spotify-for-android-updated-with-new-faster-interface-12233475/
06-12 08:36:29.101 28170 28170 D GeckoFavicons: LoadFaviconTask finished for URL = http://www.slashgear.com/spotify-for-android-updated-with-new-faster-interface-12233475/ (2)
06-12 08:36:29.101 28170 28170 I GeckoApp: Favicon successfully loaded for URL = http://www.slashgear.com/spotify-for-android-updated-with-new-faster-interface-12233475/
06-12 08:36:29.101 28170 28170 I GeckoApp: Favicon is for current URL = http://www.slashgear.com/spotify-for-android-updated-with-new-faster-interface-12233475/
06-12 08:36:29.101 28170 28170 I GeckoTab: Updated favicon for tab with id: 2
06-12 08:36:29.523 28307 28310 D dalvikvm: GC_CONCURRENT freed 325K, 5% free 10492K/10951K, paused 2ms+11ms
06-12 08:36:29.523 28170 28183 I GeckoAppShell: Taking whole-screen screenshot, viewport: ImmutableViewportMetrics v=(0.0,0.0,480.0,690.0) p=(0.0,0.0,480.0,4968.0) c=(0.0,0.0,320.0,3312.0) z=1.5
06-12 08:36:29.691 28170 28183 I GeckoAppShell: Taking whole-screen screenshot, viewport: ImmutableViewportMetrics v=(0.0,0.0,480.0,690.0) p=(0.0,0.0,480.0,4968.0) c=(0.0,0.0,320.0,3312.0) z=1.5
06-12 08:36:29.796 28170 28183 D dalvikvm: GC_FOR_ALLOC freed 2360K, 20% free 10135K/12615K, paused 22ms
06-12 08:36:29.800 28170 28183 I dalvikvm-heap: Grow heap (frag case) to 11.966MB for 2097168-byte allocation
06-12 08:36:29.828 28170 28185 D dalvikvm: GC_FOR_ALLOC freed 15K, 4% free 12167K/12615K, paused 19ms
06-12 08:36:29.894 28170 28172 D dalvikvm: GC_CONCURRENT freed <1K, 4% free 12167K/12615K, paused 2ms+6ms
06-12 08:36:30.023 28170 28183 D dalvikvm: GC_FOR_ALLOC freed 2048K, 20% free 10119K/12615K, paused 19ms
06-12 08:36:30.027 28170 28183 I dalvikvm-heap: Grow heap (frag case) to 11.951MB for 2097168-byte allocation
06-12 08:36:30.058 28170 28172 D dalvikvm: GC_CONCURRENT freed 0K, 4% free 12167K/12615K, paused 2ms+5ms
06-12 08:36:31.136 28170 28185 I GeckoApp: Got message: Tab:HasTouchListener
06-12 08:36:31.136 28170 28185 I GeckoApp: Got message: Tab:HasTouchListener
06-12 08:36:31.140 28170 28185 I GeckoApp: Got message: Tab:HasTouchListener
06-12 08:36:31.144 28170 28185 E GeckoConsole: [JavaScript Warning: "Error in parsing value for 'background'.  Declaration dropped." {file: "http://adserver.mobsmith.com/ad_display?NBA_DIV=NBA_ad&amp;NBA_APPID=6FE7C39041D1012ECCD012313D01C952&amp;NBA_PUBID=111025&amp;NBA_LOCATION_LAT=42.98640441894531&amp;NBA_LOCATION_LNG=-78.72789764404297&amp;NBA_ZIPCODE=14221&amp;NBA_COUNTRY=United%20States&amp;NBA_IP=67.247.232.219&amp;NBA_ADID=7145&amp;NBA_UDID=null&amp;ALOC=164841&amp;&amp;NBA_LOCATION_DETECT=IP&UUID=cf9d9551a0ac44c874b94567e3d9232c" line: 0}]
06-12 08:36:32.535   357   357 D dalvikvm: GC_EXPLICIT freed <1K, 6% free 9100K/9607K, paused 21ms+2ms
06-12 08:36:33.027 28170 28202 I Gecko   : Compositor: Composite took 43 ms.
06-12 08:36:33.461 28170 28202 I Gecko   : Compositor: Composite took 33 ms.
06-12 08:36:33.621 28170 28202 I Gecko   : Compositor: Composite took 34 ms.
06-12 08:36:33.652 28170 28202 I Gecko   : Compositor: Composite took 32 ms.
06-12 08:36:33.789 28170 28170 D GeckoPanZoomController: Finishing animation at ImmutableViewportMetrics v=(0.0,501.5153,480.0,1191.5151) p=(0.0,0.0,480.0,4968.0) c=(0.0,0.0,320.0,3312.0) z=1.5
06-12 08:36:33.793 28170 28202 I Gecko   : Compositor: Composite took 45 ms.
06-12 08:36:33.816 28170 28185 E GeckoConsole: [JavaScript Error: "NS_ERROR_XPC_BAD_CONVERT_JS: Could not convert JavaScript argument arg 0 [inIDOMUtils.setContentState]" {file: "chrome://browser/content/browser.js" line: 2792}]
06-12 08:36:33.836 28170 28202 I Gecko   : Compositor: Composite took 41 ms.
06-12 08:36:33.996 28170 28202 I Gecko   : Compositor: Composite took 31 ms.
06-12 08:36:34.105 28170 28202 I Gecko   : Compositor: Composite took 31 ms.
06-12 08:36:34.191 28170 28202 I Gecko   : Compositor: Composite took 39 ms.
06-12 08:36:34.257 28170 28202 I Gecko   : Compositor: Composite took 30 ms.
06-12 08:36:34.711 28170 28202 I Gecko   : Compositor: Composite took 33 ms.
06-12 08:36:34.734 28170 28170 D GeckoPanZoomController: Finishing animation at ImmutableViewportMetrics v=(0.0,849.75256,480.0,1539.7532) p=(0.0,0.0,480.0,4968.0) c=(0.0,0.0,320.0,3312.0) z=1.5
06-12 08:36:35.277 28170 28202 I Gecko   : Compositor: Composite took 41 ms.
06-12 08:36:35.523 28170 28202 I Gecko   : Compositor: Composite took 36 ms.
06-12 08:36:35.574 28170 28202 I Gecko   : Compositor: Composite took 32 ms.
06-12 08:36:35.804 28170 28202 I Gecko   : Compositor: Composite took 36 ms.
06-12 08:36:35.882 28170 28202 I Gecko   : Compositor: Composite took 33 ms.
06-12 08:36:36.004 28170 28202 I Gecko   : Compositor: Composite took 30 ms.
06-12 08:36:36.449 28170 28170 D GeckoPanZoomController: Finishing animation at ImmutableViewportMetrics v=(0.0,1202.1986,480.0,1892.1992) p=(0.0,0.0,480.0,4968.0) c=(0.0,0.0,320.0,3312.0) z=1.5
06-12 08:36:37.500 28170 28202 I Gecko   : Compositor: Composite took 31 ms.
06-12 08:36:37.535   959   959 D dalvikvm: GC_EXPLICIT freed 156K, 28% free 10685K/14663K, paused 10ms+4ms
06-12 08:36:38.273 28170 28183 I GeckoAppShell: Taking whole-screen screenshot, viewport: ImmutableViewportMetrics v=(0.0,1202.1986,480.0,1892.1992) p=(0.0,0.0,480.0,4968.0) c=(0.0,0.0,320.0,3312.0) z=1.5
06-12 08:36:38.437 28170 28183 D dalvikvm: GC_FOR_ALLOC freed 2730K, 22% free 10161K/12999K, paused 26ms
06-12 08:36:38.441 28170 28183 I dalvikvm-heap: Grow heap (frag case) to 11.992MB for 2097168-byte allocation
06-12 08:36:38.472 28170 28172 D dalvikvm: GC_CONCURRENT freed 38K, 7% free 12171K/12999K, paused 1ms+3ms
06-12 08:36:38.957 28307 28310 D dalvikvm: GC_CONCURRENT freed 330K, 5% free 10552K/11015K, paused 2ms+3ms
06-12 08:36:42.461   142   159 E JavaBinder: !!! FAILED BINDER TRANSACTION !!!
06-12 08:36:44.746 28170 28202 I Gecko   : Compositor: Composite took 41 ms.
06-12 08:36:44.863 28170 28202 I Gecko   : Compositor: Composite took 31 ms.
06-12 08:36:44.984 28170 28202 I Gecko   : Compositor: Composite took 30 ms.
06-12 08:36:45.093 28170 28202 I Gecko   : Compositor: Composite took 30 ms.
06-12 08:36:45.597 28170 28202 I Gecko   : Compositor: Composite took 52 ms.
06-12 08:36:45.632 28170 28202 I Gecko   : Compositor: Composite took 33 ms.
06-12 08:36:45.812 28170 28202 I Gecko   : Compositor: Composite took 30 ms.
06-12 08:36:46.062 28170 28202 I Gecko   : Compositor: Composite took 32 ms.
06-12 08:36:46.082 28170 28170 D GeckoPanZoomController: Finishing animation at ImmutableViewportMetrics v=(0.0,2076.3406,480.0,2766.341) p=(0.0,0.0,480.0,4968.0) c=(0.0,0.0,320.0,3312.0) z=1.5
06-12 08:36:46.093 28170 28202 I Gecko   : Compositor: Composite took 30 ms.
06-12 08:36:46.589 28170 28202 I Gecko   : Compositor: Composite took 79 ms.
06-12 08:36:48.589 27790 27790 D OpenGLRenderer: Flushing caches (mode 2)
06-12 08:36:48.601 28170 28202 I Gecko   : Compositor: Composite took 52 ms.
06-12 08:36:48.648 28170 28202 I Gecko   : Compositor: Composite took 32 ms.
06-12 08:36:48.796 28170 28202 I Gecko   : Compositor: Composite took 42 ms.
06-12 08:36:48.851 28170 28202 I Gecko   : Compositor: Composite took 54 ms.
06-12 08:36:48.898 28170 28202 I Gecko   : Compositor: Composite took 32 ms.
06-12 08:36:48.929 28170 28202 I Gecko   : Compositor: Composite took 31 ms.
06-12 08:36:49.066 27790 27790 D OpenGLRenderer: Flushing caches (mode 0)
06-12 08:36:49.132 28170 28202 I Gecko   : Compositor: Composite took 56 ms.
06-12 08:36:49.238 28129 28131 D dalvikvm: GC_CONCURRENT freed 481K, 6% free 10206K/10823K, paused 7ms+23ms
06-12 08:36:49.254 28170 28202 I Gecko   : Compositor: Composite took 32 ms.
06-12 08:36:49.320 28057 28061 D dalvikvm: GC_CONCURRENT freed 441K, 6% free 9971K/10503K, paused 173ms+4ms
06-12 08:36:49.441 28170 28170 D GeckoPanZoomController: Finishing animation at ImmutableViewportMetrics v=(0.0,2436.9988,480.0,3126.9993) p=(0.0,0.0,480.0,4968.0) c=(0.0,0.0,320.0,3312.0) z=1.5
06-12 08:36:49.754 28057 28061 D dalvikvm: GC_CONCURRENT freed 308K, 5% free 10062K/10503K, paused 6ms+2ms
06-12 08:36:49.777 28170 28183 I GeckoAppShell: Taking whole-screen screenshot, viewport: ImmutableViewportMetrics v=(0.0,2436.9988,480.0,3126.9993) p=(0.0,0.0,480.0,4968.0) c=(0.0,0.0,320.0,3312.0) z=1.5
06-12 08:36:49.945 28170 28183 D dalvikvm: GC_FOR_ALLOC freed 2601K, 22% free 10152K/12999K, paused 25ms
06-12 08:36:49.949 28170 28183 I dalvikvm-heap: Grow heap (frag case) to 11.983MB for 2097168-byte allocation
06-12 08:36:49.980 28170 28202 D dalvikvm: GC_FOR_ALLOC freed 29K, 7% free 12171K/12999K, paused 20ms
06-12 08:36:50.000 28170 28202 I Gecko   : Compositor: Composite took 59 ms.
06-12 08:36:50.046 28170 28172 D dalvikvm: GC_CONCURRENT freed 4K, 7% free 12172K/12999K, paused 1ms+9ms
06-12 08:36:50.074 28170 28202 I Gecko   : Compositor: Composite took 45 ms.
06-12 08:36:50.328 28057 28061 D dalvikvm: GC_CONCURRENT freed 249K, 4% free 10272K/10631K, paused 3ms+7ms
06-12 08:36:50.750 28170 28202 I Gecko   : Compositor: Composite took 61 ms.
06-12 08:36:50.796 28170 28202 I Gecko   : Compositor: Composite took 30 ms.
06-12 08:36:50.921 28170 28202 I Gecko   : Compositor: Composite took 31 ms.
06-12 08:36:51.296 28170 28202 I Gecko   : Compositor: Composite took 32 ms.
06-12 08:36:51.425 28170 28202 I Gecko   : Compositor: Composite took 33 ms.
06-12 08:36:51.480 28170 28170 D GeckoPanZoomController: Finishing animation at ImmutableViewportMetrics v=(0.0,2867.2456,480.0,3557.246) p=(0.0,0.0,480.0,4968.0) c=(0.0,0.0,320.0,3312.0) z=1.5
06-12 08:36:51.496 28170 28202 I Gecko   : Compositor: Composite took 35 ms.
06-12 08:36:51.961 28170 28202 I Gecko   : Compositor: Composite took 51 ms.
06-12 08:36:52.570   142   178 I ActivityManager: START {act=android.intent.action.MAIN cat=[android.intent.category.HOME] flg=0x10200000 cmp=com.android.launcher/com.android.launcher2.Launcher} from pid 142
06-12 08:36:52.609 28170 28202 I Gecko   : Compositor: Composite took 39 ms.
06-12 08:36:52.617 28170 28170 I GeckoApp: application paused
06-12 08:36:53.074 28170 28170 D OpenGLRenderer: Flushing caches (mode 0)
06-12 08:36:53.093 28170 28170 D OpenGLRenderer: Flushing caches (mode 1)
06-12 08:36:53.109 28170 28170 I GeckoApp: stop
06-12 08:36:53.125   142   366 W InputManagerService: Starting input on non-focused client com.android.internal.view.IInputMethodClient$Stub$Proxy@417d3bd0 (uid=10071 pid=28170)
06-12 08:36:53.129 28170 28170 W IInputConnectionWrapper: showStatusIcon on inactive InputConnection
06-12 08:36:53.129 28170 28170 D OpenGLRenderer: Flushing caches (mode 2)
06-12 08:36:53.132 28170 28170 D OpenGLRenderer: Flushing caches (mode 0)
06-12 08:36:53.132 28170 28170 W ManagedEGLContext: doTerminate failed: EGL count is 2 but managed count is 1
06-12 08:36:54.062 27790 27790 D dalvikvm: GC_FOR_ALLOC freed 630K, 9% free 11277K/12295K, paused 55ms
06-12 08:36:54.199   142   422 I ActivityManager: START {act=android.intent.action.MAIN cat=[android.intent.category.LAUNCHER] flg=0x10200000 cmp=com.android.vending/.AssetBrowserActivity bnds=[0,556][120,706]} from pid 27790
06-12 08:36:54.320   142   153 I ActivityManager: Start proc com.android.vending for activity com.android.vending/.AssetBrowserActivity: pid=28352 uid=10048 gids={3003, 1015}
06-12 08:36:54.367    80    80 D dalvikvm: GC_EXPLICIT freed 38K, 4% free 9031K/9347K, paused 8ms+4ms
06-12 08:36:54.445    80    80 D dalvikvm: GC_EXPLICIT freed <1K, 4% free 9031K/9347K, paused 4ms+5ms
06-12 08:36:54.492    80    80 D dalvikvm: GC_EXPLICIT freed <1K, 4% free 9031K/9347K, paused 3ms+4ms
06-12 08:36:54.543 27790 27790 D OpenGLRenderer: Flushing caches (mode 1)
06-12 08:36:54.640 28352 28352 I ActivityThread: Pub com.google.android.finsky.QSBSuggestionsProvider: com.google.android.finsky.providers.QSBSuggestionsProvider
06-12 08:36:54.656 27790 27790 D OpenGLRenderer: Flushing caches (mode 0)
06-12 08:36:54.668 28352 28352 I ActivityThread: Pub com.google.android.finsky.AppIconProvider: com.google.android.finsky.providers.AppIconProvider
06-12 08:36:54.671 28352 28352 I ActivityThread: Pub com.google.android.finsky.RecentSuggestionsProvider: com.google.android.finsky.providers.RecentSuggestionsProvider
06-12 08:36:54.812 27622 27624 D dalvikvm: GC_CONCURRENT freed 444K, 6% free 10022K/10567K, paused 7ms+7ms
06-12 08:36:54.859 28352 28355 D dalvikvm: GC_CONCURRENT freed 243K, 4% free 9293K/9607K, paused 2ms+4ms
06-12 08:36:54.921   142   158 I Process : Sending signal. PID: 28352 SIG: 3
06-12 08:36:54.921 28352 28357 I dalvikvm: threadid=3: reacting to signal 3
06-12 08:36:54.976 28352 28357 I dalvikvm: Wrote stack traces to '/data/anr/traces.txt'
06-12 08:36:55.113 28352 28355 D dalvikvm: GC_CONCURRENT freed 384K, 5% free 9472K/9927K, paused 13ms+3ms
06-12 08:36:55.281 28352 28352 D Finsky  : [1] DailyHygiene.goMakeHygieneIfDirty: No need to run daily hygiene.
06-12 08:36:55.351 28352 28355 D dalvikvm: GC_CONCURRENT freed 378K, 5% free 9578K/10055K, paused 3ms+8ms
06-12 08:36:55.394   142   158 I Process : Sending signal. PID: 28352 SIG: 3
06-12 08:36:55.394 28352 28357 I dalvikvm: threadid=3: reacting to signal 3
06-12 08:36:55.414 28352 28357 I dalvikvm: Wrote stack traces to '/data/anr/traces.txt'
06-12 08:36:55.679 28352 28355 D dalvikvm: GC_CONCURRENT freed 436K, 6% free 9652K/10183K, paused 14ms+3ms
06-12 08:36:55.757   142   421 I ActivityManager: Start proc android.process.media for content provider com.android.providers.downloads/.DownloadProvider: pid=28383 uid=10012 gids={1015, 1023, 1024, 2001, 3003, 3007}
06-12 08:36:55.898   142   158 I Process : Sending signal. PID: 28352 SIG: 3
06-12 08:36:55.898 28352 28357 I dalvikvm: threadid=3: reacting to signal 3
06-12 08:36:55.898 28383 28383 I ActivityThread: Pub downloads: com.android.providers.downloads.DownloadProvider
06-12 08:36:55.914 28352 28357 I dalvikvm: Wrote stack traces to '/data/anr/traces.txt'
06-12 08:36:55.988 28383 28383 I ActivityThread: Pub drm: com.android.providers.drm.DrmProvider
06-12 08:36:55.988 28383 28397 I DownloadManager: in removeSpuriousFiles
06-12 08:36:56.086 28352 28355 D dalvikvm: GC_CONCURRENT freed 278K, 4% free 9815K/10183K, paused 3ms+3ms
06-12 08:36:56.113 28383 28383 I ActivityThread: Pub media: com.android.providers.media.MediaProvider
06-12 08:36:56.175 28383 28397 I DownloadManager: deleting spurious file /cache/backup
06-12 08:36:56.398   142   158 I Process : Sending signal. PID: 28352 SIG: 3
06-12 08:36:56.398 28352 28357 I dalvikvm: threadid=3: reacting to signal 3
06-12 08:36:56.480 28352 28355 D dalvikvm: GC_CONCURRENT freed 434K, 5% free 9862K/10375K, paused 2ms+12ms
06-12 08:36:56.484 28352 28357 I dalvikvm: Wrote stack traces to '/data/anr/traces.txt'
06-12 08:36:56.539 28383 28386 D dalvikvm: GC_CONCURRENT freed 336K, 5% free 9188K/9607K, paused 3ms+5ms
06-12 08:36:56.750 28352 28355 D dalvikvm: GC_CONCURRENT freed 307K, 4% free 10042K/10439K, paused 2ms+4ms
06-12 08:36:56.785   142   368 I ActivityManager: Process com.google.android.talk (pid 28087) has died.
06-12 08:36:56.855 28352 28352 D Finsky  : [1] 2.run: Loaded library for account: [JtI6dlYpn2C-CMu_fZTfqcPsfoA]
06-12 08:36:56.855 28352 28352 D Finsky  : [1] 2.run: Finished loading 1 libraries.
06-12 08:36:56.863 28170 28170 D OpenGLRenderer: Flushing caches (mode 2)
06-12 08:36:56.863 28170 28170 D OpenGLRenderer: Flushing caches (mode 0)
06-12 08:36:56.863 28170 28170 W ManagedEGLContext: doTerminate failed: EGL count is 2 but managed count is 1
06-12 08:36:56.898   142   158 I Process : Sending signal. PID: 28352 SIG: 3
06-12 08:36:56.898 28352 28357 I dalvikvm: threadid=3: reacting to signal 3
06-12 08:36:56.925 28352 28357 I dalvikvm: Wrote stack traces to '/data/anr/traces.txt'
06-12 08:36:57.000   142   370 I ActivityManager: Start proc com.google.android.gsf.login for service com.google.android.gsf.login/com.google.android.gsf.loginservice.GoogleLoginService: pid=28407 uid=10009 gids={3003, 1015, 1007, 2001, 3006}
06-12 08:36:57.101 28352 28352 D libEGL  : loaded /system/lib/egl/libGLES_android.so
06-12 08:36:57.109 28352 28352 D libEGL  : loaded /vendor/lib/egl/libEGL_POWERVR_SGX540_120.so
06-12 08:36:57.129 28352 28352 D libEGL  : loaded /vendor/lib/egl/libGLESv1_CM_POWERVR_SGX540_120.so
06-12 08:36:57.132 28352 28352 D libEGL  : loaded /vendor/lib/egl/libGLESv2_POWERVR_SGX540_120.so
06-12 08:36:57.261 28352 28352 D OpenGLRenderer: Enabling debug mode 0
06-12 08:36:57.351 28352 28355 D dalvikvm: GC_CONCURRENT freed 409K, 5% free 10106K/10631K, paused 8ms+4ms
06-12 08:36:57.351   142   421 I ActivityManager: Process com.google.android.apps.maps:FriendService (pid 28152) has died.
06-12 08:36:57.398   142   158 I Process : Sending signal. PID: 28352 SIG: 3
06-12 08:36:57.398 28352 28357 I dalvikvm: threadid=3: reacting to signal 3
06-12 08:36:57.437 28352 28357 I dalvikvm: Wrote stack traces to '/data/anr/traces.txt'
06-12 08:36:57.480 28352 28352 D dalvikvm: GC_FOR_ALLOC freed 22K, 5% free 10205K/10695K, paused 26ms
06-12 08:36:57.687 28352 28355 D dalvikvm: GC_CONCURRENT freed 146K, 3% free 10573K/10823K, paused 2ms+7ms
06-12 08:36:57.898   142   158 I Process : Sending signal. PID: 28352 SIG: 3
06-12 08:36:57.898 28352 28357 I dalvikvm: threadid=3: reacting to signal 3
06-12 08:36:57.953 28352 28357 I dalvikvm: Wrote stack traces to '/data/anr/traces.txt'
06-12 08:36:57.984 28352 28352 D Finsky  : [1] DownloadImpl.setState: self-update-download from null to UNQUEUED.
06-12 08:36:57.984 28352 28352 D Finsky  : [1] DownloadQueueImpl.add: Download self-update-download added to DownloadQueue
06-12 08:36:57.996 28352 28352 D Finsky  : [1] DownloadImpl.setState: self-update-download from UNQUEUED to QUEUED.
06-12 08:36:58.285    84    84 I installd: free_cache(0) avail 618532864
06-12 08:36:58.359   142   142 I ActivityManager: Process com.google.android.apps.googlevoice (pid 27964) has died.
06-12 08:36:58.359   142   142 W ActivityManager: Scheduling restart of crashed service com.google.android.apps.googlevoice/.UpdateService in 15438ms
06-12 08:36:58.359   142   142 W ActivityManager: Scheduling restart of crashed service com.google.android.apps.googlevoice/.widget.WidgetService in 25438ms
06-12 08:36:58.363   142 12773 I WindowManager: WIN DEATH: Window{418eab38 com.google.android.apps.googlevoice/com.google.android.apps.googlevoice.PhoneCallListActivity paused=false}
06-12 08:36:58.488 28352 28355 D dalvikvm: GC_CONCURRENT freed 355K, 4% free 10712K/11143K, paused 38ms+16ms
06-12 08:36:58.683 28352 28352 W InputMethodManager: Ignoring onBind: cur seq=1004, given seq=1003
06-12 08:36:58.691 28352 28352 W IInputConnectionWrapper: getCursorCapsMode on inactive InputConnection
06-12 08:36:58.695 28352 28352 D Finsky  : [1] DownloadQueueImpl.startDownload: Download self-update-download starting
06-12 08:36:59.007   324   326 D dalvikvm: GC_CONCURRENT freed 510K, 17% free 11036K/13191K, paused 2ms+16ms
06-12 08:36:59.031   213   215 D dalvikvm: GC_CONCURRENT freed 417K, 34% free 10131K/15239K, paused 2ms+9ms
06-12 08:36:59.086   142   173 I ActivityManager: Displayed com.android.vending/.AssetBrowserActivity: +4s854ms
06-12 08:36:59.140 28352 28352 D Finsky  : [1] MainActivity.initializeBilling: Optimistically initializing billing parameters.
06-12 08:36:59.164 28352 28352 W IInputConnectionWrapper: finishComposingText on inactive InputConnection
06-12 08:36:59.164 28352 28352 D Finsky  : [1] DownloadImpl.setState: self-update-download from QUEUED to DOWNLOADING.
06-12 08:36:59.168 28352 28352 D Finsky  : [1] DownloadQueueImpl.notifyProgress: self-update-download: onProgress 0/-1 Status: 190.
06-12 08:36:59.234   213   215 D dalvikvm: GC_CONCURRENT freed 427K, 34% free 10117K/15239K, paused 2ms+14ms
06-12 08:36:59.246   324 28884 D dalvikvm: GC_EXPLICIT freed 65K, 17% free 10971K/13191K, paused 3ms+7ms
06-12 08:36:59.484 28352 28355 D dalvikvm: GC_CONCURRENT freed 314K, 4% free 10916K/11335K, paused 7ms+5ms
06-12 08:36:59.519 28352 28352 D Finsky  : [1] DownloadQueueImpl.onStart: self-update-download: onStart
06-12 08:36:59.543 28352 28352 W IInputConnectionWrapper: getCursorCapsMode on inactive InputConnection
06-12 08:36:59.730   213   213 D dalvikvm: GC_FOR_ALLOC freed 552K, 35% free 9945K/15239K, paused 49ms
06-12 08:36:59.781 28352 28352 W IInputConnectionWrapper: finishComposingText on inactive InputConnection
06-12 08:36:59.781 28352 28352 W IInputConnectionWrapper: finishComposingText on inactive InputConnection
06-12 08:36:59.785 28352 28352 D Finsky  : [1] DownloadQueueImpl.notifyProgress: self-update-download: onProgress 0/-1 Status: 192.
06-12 08:36:59.804   142   153 W InputManagerService: Window already focused, ignoring focus gain of: com.android.internal.view.IInputMethodClient$Stub$Proxy@41867310
06-12 08:36:59.875 27790 27790 D OpenGLRenderer: Flushing caches (mode 2)
06-12 08:36:59.886 27790 27790 D OpenGLRenderer: Flushing caches (mode 0)
06-12 08:36:59.937 28383 28429 I DownloadManager: Initiating request for download 167
06-12 08:37:00.562 28383 28386 D dalvikvm: GC_CONCURRENT freed 356K, 5% free 9260K/9735K, paused 2ms+3ms
06-12 08:37:00.656 28383 28429 W DownloadManager: Aborting request for download 167: http error 403, mContinuingDownload: false
06-12 08:37:00.703 28352 28352 D Finsky  : [1] DownloadQueueImpl.notifyProgress: self-update-download: onProgress 0/-1 Status: 403.
06-12 08:37:00.726 28352 28352 D Finsky  : [1] DownloadBroadcastReceiver.onReceive: Intent received at DownloadBroadcastReceiver
06-12 08:37:00.863 28352 28352 D Finsky  : [1] DownloadImpl.setState: self-update-download from DOWNLOADING to ERROR.
06-12 08:37:00.863 28352 28352 D Finsky  : [1] DownloadQueueImpl.onError: self-update-download: onError 403.
06-12 08:37:00.867 28352 28352 D Finsky  : [1] DownloadQueueImpl.remove: Download self-update-download removed from DownloadQueue
06-12 08:37:00.875 28352 28352 E Finsky  : [1] SelfUpdateScheduler.onError: Self-update failed because of HTTP error code: 403
06-12 08:37:00.875    84    84 I installd: free_cache(0) avail 618528768
06-12 08:37:01.949   142   916 W InputManagerService: Window already focused, ignoring focus gain of: com.android.internal.view.IInputMethodClient$Stub$Proxy@41848388
06-12 08:37:02.144 28352 28355 D dalvikvm: GC_CONCURRENT freed 423K, 5% free 11096K/11591K, paused 4ms+6ms
06-12 08:37:02.718 28352 28355 D dalvikvm: GC_CONCURRENT freed 647K, 7% free 11121K/11847K, paused 3ms+6ms
06-12 08:37:03.050 28352 28355 D dalvikvm: GC_CONCURRENT freed 309K, 4% free 11529K/11911K, paused 4ms+5ms
06-12 08:37:03.390 28352 28355 D dalvikvm: GC_CONCURRENT freed 545K, 5% free 11869K/12487K, paused 2ms+14ms
06-12 08:37:03.855   142   159 I ActivityManager: Start proc com.google.android.apps.genie.geniewidget for service com.google.android.apps.genie.geniewidget/.GenieRefreshService: pid=28441 uid=10018 gids={3003, 1015}
