06-14 04:53:31.767   357   357 D dalvikvm: GC_EXPLICIT freed <1K, 6% free 9100K/9607K, paused 34ms+2ms
06-14 04:53:36.767   959   959 D dalvikvm: GC_EXPLICIT freed 195K, 21% free 11694K/14663K, paused 22ms+3ms
06-14 04:53:41.767 27790 27790 D dalvikvm: GC_EXPLICIT freed 31K, 36% free 11631K/17991K, paused 38ms+3ms
06-14 04:53:45.771 21502 21516 I PhoneLab-: Service Running
06-14 04:53:45.841 21502 21516 I PhoneLab-LoggerService: app_38    27718 1     1112   668   c00f181c 400107b4 S logcat
06-14 04:53:45.841 21502 21516 I PhoneLab-LoggerService: Logcat pid from database 27718
06-14 04:53:45.841 21502 21516 I PhoneLab-LoggerService: Logcat process found 27718
06-14 04:53:45.841 21502 21516 I PhoneLab-LoggerService: Checking Threshold
06-14 04:53:45.853 21502 21516 I PhoneLab-LoggerService: Starting to rename files
06-14 04:53:45.853 21502 21516 I PhoneLab-LoggerService: Files found .. 2
06-14 04:53:45.853 21502 21516 I PhoneLab-LoggerService: File 1 log.out.1
06-14 04:53:45.861 21502 21516 I PhoneLab-LoggerService: Renamed successfully
06-14 04:53:46.876   142   158 D dalvikvm: GC_EXPLICIT freed 1243K, 23% free 19074K/24647K, paused 41ms+8ms
06-14 04:53:51.786   213   213 D dalvikvm: GC_EXPLICIT freed 15K, 59% free 9685K/23239K, paused 29ms+4ms
06-14 04:53:56.802   342   342 D dalvikvm: GC_EXPLICIT freed 5K, 16% free 12088K/14343K, paused 26ms+3ms
06-14 04:54:05.130   428   428 D dalvikvm: GC_EXPLICIT freed <1K, 4% free 9037K/9347K, paused 2ms+2ms
06-14 04:54:07.310   142   153 I ActivityManager: Start proc com.google.android.apps.maps:LocationFriendService for service com.google.android.apps.maps/com.google.googlenav.friend.reporting.LocationReceiverService: pid=22606 uid=10057 gids={3003, 1015}
06-14 04:54:07.357 22271 22273 D dalvikvm: GC_CONCURRENT freed 470K, 6% free 10238K/10887K, paused 2ms+3ms
06-14 04:54:07.450 22606 22609 D dalvikvm: GC_CONCURRENT freed 173K, 3% free 9363K/9607K, paused 2ms+2ms
06-14 04:54:07.693 22606 22609 D dalvikvm: GC_CONCURRENT freed 178K, 3% free 9632K/9927K, paused 2ms+2ms
06-14 04:54:08.111 22606 22609 D dalvikvm: GC_CONCURRENT freed 215K, 3% free 9880K/10183K, paused 2ms+4ms
06-14 04:54:08.286   142   294 I ActivityManager: Process com.google.android.apps.maps:LocationFriendService (pid 22606) has died.
06-14 04:54:13.419   324   324 D dalvikvm: GC_EXPLICIT freed <1K, 20% free 10618K/13191K, paused 47ms+5ms
06-14 04:54:18.333 16941 16941 E GeckoApp: low memory
06-14 04:54:18.415 16941 16941 D dalvikvm: GC_EXPLICIT freed 2K, 22% free 10500K/13319K, paused 38ms+4ms
06-14 04:54:23.583   142   197 D DhcpInfoInternal: makeLinkProperties with empty dns2!
06-14 04:54:23.587   142   197 D DhcpInfoInternal: makeLinkProperties with empty dns2!
06-14 04:54:27.786 22164 22164 D dalvikvm: GC_EXPLICIT freed <1K, 4% free 9055K/9347K, paused 5ms+2ms
06-14 04:54:28.435   142   172 I ActivityManager: Start proc com.twitter.android for service com.twitter.android/.client.AppService: pid=22647 uid=10068 gids={3003, 1015}
06-14 04:54:28.443 22647 22647 I dalvikvm: Turning on JNI app bug workarounds for target SDK version 11...
06-14 04:54:28.568 22647 22647 I ActivityThread: Pub com.twitter.android.provider.GlobalDatabaseProvider: com.twitter.android.provider.GlobalDatabaseProvider
06-14 04:54:28.572 22647 22647 I ActivityThread: Pub com.twitter.android.provider.TwitterProvider: com.twitter.android.provider.TwitterProvider
06-14 04:54:28.693 22647 22650 D dalvikvm: GC_CONCURRENT freed 222K, 4% free 9268K/9607K, paused 2ms+9ms
06-14 04:54:29.005 22647 22650 D dalvikvm: GC_CONCURRENT freed 174K, 4% free 9503K/9799K, paused 3ms+2ms
06-14 04:54:29.142 22647 22650 D dalvikvm: GC_CONCURRENT freed 300K, 5% free 9637K/10055K, paused 1ms+1ms
06-14 04:54:29.263 22647 22650 D dalvikvm: GC_CONCURRENT freed 300K, 5% free 9764K/10183K, paused 3ms+2ms
06-14 04:54:29.384 22647 22650 D dalvikvm: GC_CONCURRENT freed 314K, 5% free 9889K/10311K, paused 2ms+1ms
06-14 04:54:29.513 22647 22650 D dalvikvm: GC_CONCURRENT freed 309K, 5% free 10021K/10439K, paused 1ms+2ms
06-14 04:54:29.642 22647 22650 D dalvikvm: GC_CONCURRENT freed 295K, 4% free 10147K/10567K, paused 1ms+2ms
06-14 04:54:29.767 22647 22650 D dalvikvm: GC_CONCURRENT freed 308K, 4% free 10281K/10695K, paused 2ms+2ms
06-14 04:54:29.954 22647 22650 D dalvikvm: GC_CONCURRENT freed 479K, 6% free 10238K/10823K, paused 6ms+3ms
06-14 04:54:30.087 22647 22650 D dalvikvm: GC_CONCURRENT freed 343K, 5% free 10301K/10823K, paused 1ms+2ms
06-14 04:54:30.224 22647 22650 D dalvikvm: GC_CONCURRENT freed 329K, 4% free 10391K/10823K, paused 2ms+2ms
06-14 04:54:30.349 22647 22650 D dalvikvm: GC_CONCURRENT freed 366K, 5% free 10478K/10951K, paused 1ms+2ms
06-14 04:54:30.474 22647 22650 D dalvikvm: GC_CONCURRENT freed 333K, 5% free 10566K/11015K, paused 2ms+2ms
06-14 04:54:30.611 22647 22650 D dalvikvm: GC_CONCURRENT freed 387K, 5% free 10653K/11143K, paused 1ms+3ms
06-14 04:54:30.630 21502 21502 I PhoneLab-Locks: wake lock acquired
06-14 04:54:30.650 21502 22662 I PhoneLab-PeriodicCheckService: User info is synched
06-14 04:54:30.654 21502 22662 I PhoneLab-PeriodicCheckService: Logger Service is running
06-14 04:54:30.654 21502 22662 I PhoneLab-Locks: wake lock acquired
06-14 04:54:30.657 21502 21502 I PhoneLab-UploadLogs: Transfering log files now
06-14 04:54:30.661 21502 22662 I PhoneLab-PeriodicCheckService: Rescheduling periodic checking...
06-14 04:54:30.661 21502 22662 I PhoneLab-Locks: wake lock released
06-14 04:54:30.763 21502 21505 D dalvikvm: GC_CONCURRENT freed 391K, 5% free 9270K/9735K, paused 2ms+3ms
06-14 04:54:30.782 21502 21502 D dalvikvm: GC_FOR_ALLOC freed 116K, 6% free 9325K/9863K, paused 13ms
06-14 04:54:30.782 21502 21502 I dalvikvm-heap: Grow heap (frag case) to 9.419MB for 254548-byte allocation
06-14 04:54:30.810 21502 21502 D dalvikvm: GC_FOR_ALLOC freed 120K, 7% free 9453K/10119K, paused 16ms
06-14 04:54:30.810 21502 21502 I dalvikvm-heap: Grow heap (frag case) to 9.794MB for 516692-byte allocation
06-14 04:54:30.841 21502 21505 D dalvikvm: GC_CONCURRENT freed 248K, 9% free 9709K/10631K, paused 2ms+2ms
06-14 04:54:30.857 21502 21502 I PhoneLab-UploadLogs: OnStartCommand
06-14 04:54:30.915 22647 22650 D dalvikvm: GC_CONCURRENT freed 348K, 5% free 10735K/11207K, paused 2ms+3ms
06-14 04:54:31.044 22647 22650 D dalvikvm: GC_CONCURRENT freed 390K, 5% free 10827K/11335K, paused 2ms+2ms
06-14 04:54:31.177 21502 22664 D dalvikvm: GC_FOR_ALLOC freed 387K, 9% free 9692K/10631K, paused 17ms
06-14 04:54:31.193 21502 22664 D dalvikvm: GC_FOR_ALLOC freed 305K, 9% free 9693K/10631K, paused 16ms
06-14 04:54:31.216 21502 22664 D dalvikvm: GC_FOR_ALLOC freed 305K, 9% free 9699K/10631K, paused 15ms
06-14 04:54:32.513 22647 22650 D dalvikvm: GC_CONCURRENT freed 330K, 4% free 11009K/11463K, paused 3ms+4ms
06-14 04:54:34.923 21502 21502 I PhoneLab-: 1339664025859.log is deleted
06-14 04:54:34.923 21502 21502 I PhoneLab-: Response: {"data": "done", "err": ""}
06-14 04:54:34.923 21502 21502 I PhoneLab-UploadLogs: No log files to transfer
06-14 04:54:34.923 21502 21502 I PhoneLab-Locks: wake lock released
06-14 04:54:35.224   142   421 I ActivityManager: Process com.twitter.android (pid 22647) has died.
06-14 04:54:40.353   357   357 D dalvikvm: GC_EXPLICIT freed <1K, 6% free 9100K/9607K, paused 23ms+4ms
06-14 04:54:45.353   959   959 D dalvikvm: GC_EXPLICIT freed 130K, 21% free 11683K/14663K, paused 4ms+3ms
06-14 04:54:50.376 27790 27790 D dalvikvm: GC_EXPLICIT freed 31K, 36% free 11631K/17991K, paused 27ms+9ms
06-14 04:54:55.427   142   158 D dalvikvm: GC_EXPLICIT freed 667K, 23% free 19060K/24647K, paused 34ms+7ms
06-14 04:55:05.157   213   213 D dalvikvm: GC_EXPLICIT freed 8K, 59% free 9685K/23239K, paused 24ms+4ms
06-14 04:55:07.384   142   917 I ActivityManager: Start proc com.google.android.apps.maps:LocationFriendService for service com.google.android.apps.maps/com.google.googlenav.friend.reporting.LocationReceiverService: pid=22669 uid=10057 gids={3003, 1015}
06-14 04:55:07.419    80    80 D dalvikvm: GC_EXPLICIT freed 37K, 4% free 9031K/9347K, paused 1ms+3ms
06-14 04:55:07.486    80    80 D dalvikvm: GC_EXPLICIT freed <1K, 4% free 9031K/9347K, paused 3ms+2ms
06-14 04:55:07.536    80    80 D dalvikvm: GC_EXPLICIT freed <1K, 4% free 9031K/9347K, paused 2ms+2ms
06-14 04:55:07.587 22669 22672 D dalvikvm: GC_CONCURRENT freed 178K, 3% free 9358K/9607K, paused 2ms+2ms
06-14 04:55:07.693 12847 12859 D dalvikvm: GC_EXPLICIT freed 35K, 6% free 10005K/10631K, paused 2ms+3ms
06-14 04:55:07.802 22669 22672 D dalvikvm: GC_CONCURRENT freed 186K, 3% free 9716K/9991K, paused 2ms+5ms
06-14 04:55:08.029 22669 22672 D dalvikvm: GC_CONCURRENT freed 296K, 4% free 9925K/10311K, paused 2ms+5ms
06-14 04:55:08.353 22669 22672 D dalvikvm: GC_CONCURRENT freed 331K, 5% free 10038K/10503K, paused 11ms+5ms
06-14 04:55:09.384 22669 22672 D dalvikvm: GC_CONCURRENT freed 243K, 4% free 10264K/10631K, paused 2ms+2ms
06-14 04:55:12.337   342   342 D dalvikvm: GC_EXPLICIT freed 1K, 16% free 12088K/14343K, paused 42ms+3ms
06-14 04:55:17.357   428   428 D dalvikvm: GC_EXPLICIT freed <1K, 4% free 9037K/9347K, paused 21ms+2ms
06-14 04:55:22.372   324   324 D dalvikvm: GC_EXPLICIT freed <1K, 20% free 10618K/13191K, paused 32ms+3ms
06-14 04:55:25.322   142   159 I ActivityManager: Start proc com.facebook.orca for broadcast com.facebook.orca/.analytics.AnalyticsPeriodicReporter$ReporterBroadcastReceiver: pid=22696 uid=10061 gids={3003, 1015, 1006}
06-14 04:55:25.329   142   366 I ActivityManager: Process com.google.android.apps.maps:LocationFriendService (pid 22669) has died.
06-14 04:55:25.333 22696 22696 I dalvikvm: Turning on JNI app bug workarounds for target SDK version 10...
06-14 04:55:25.540 22696 22696 I ActivityThread: Pub com.facebook.orca.notify.MessengerLoggedInUserProvider: com.facebook.orca.notify.MessengerLoggedInUserProvider
06-14 04:55:25.575 22696 22696 I ActivityThread: Pub com.facebook.orca.notify.MessengerForegroundProvider: com.facebook.orca.notify.MessengerForegroundProvider
06-14 04:55:25.595 22696 22696 V orca:OrcaApplication: Forcing initialization of AsyncTask
06-14 04:55:25.763 22696 22696 I Finalizer: Couldn't access Thread.inheritableThreadLocals. Reference finalizer threads will inherit thread local values.
06-14 04:55:25.767 22696 22698 D dalvikvm: GC_CONCURRENT freed 220K, 4% free 9316K/9607K, paused 8ms+2ms
06-14 04:55:25.896 22696 22698 D dalvikvm: GC_CONCURRENT freed 354K, 5% free 9453K/9927K, paused 2ms+3ms
06-14 04:55:25.970 22696 22696 W OrcaGuiceModule: Sig: ijxLJi1yGs1JpL-X1SExmchvork
06-14 04:55:26.048 22696 22698 D dalvikvm: GC_CONCURRENT freed 262K, 4% free 9624K/9991K, paused 2ms+3ms
06-14 04:55:26.372 22696 22712 W Resources: Converting to string: TypedValue{t=0x10/d=0xffffffff a=-1}
06-14 04:55:26.583 22696 22698 D dalvikvm: GC_CONCURRENT freed 324K, 4% free 9851K/10247K, paused 2ms+3ms
06-14 04:55:26.646 22696 22696 D ACRA    : Retrieve application default SharedPreferences.
06-14 04:55:26.646 22696 22696 D ACRA    : Set OnSharedPreferenceChangeListener.
06-14 04:55:26.646 22696 22696 D ACRA    : ACRA is enabled for com.facebook.orca, intializing...
06-14 04:55:26.661 22696 22696 D ACRA    : Looking for error files in /data/data/com.facebook.orca/app_acra-reports
06-14 04:55:26.700 22696 22698 D dalvikvm: GC_CONCURRENT freed 298K, 4% free 10067K/10439K, paused 3ms+2ms
06-14 04:55:26.759 22696 22712 D dalvikvm: GC_FOR_ALLOC freed 227K, 6% free 10118K/10695K, paused 19ms
06-14 04:55:26.775   142   922 I ActivityManager: Process com.facebook.orca (pid 22696) has died.
06-14 04:55:31.806 16941 16941 E GeckoApp: low memory
06-14 04:55:31.896 16941 16941 D dalvikvm: GC_EXPLICIT freed <1K, 22% free 10500K/13319K, paused 30ms+4ms
06-14 04:55:36.896 22164 22164 D dalvikvm: GC_EXPLICIT freed <1K, 4% free 9055K/9347K, paused 20ms+2ms
06-14 04:55:41.892 22271 22271 D dalvikvm: GC_EXPLICIT freed 245K, 7% free 10231K/10887K, paused 28ms+2ms
06-14 04:55:45.771 21502 21516 I PhoneLab-: Service Running
06-14 04:55:45.872 21502 21516 I PhoneLab-LoggerService: app_38    27718 1     1112   668   c00f181c 400107b4 S logcat
06-14 04:55:45.872 21502 21516 I PhoneLab-LoggerService: Logcat pid from database 27718
06-14 04:55:45.872 21502 21516 I PhoneLab-LoggerService: Logcat process found 27718
06-14 04:55:45.872 21502 21516 I PhoneLab-LoggerService: Checking Threshold
06-14 04:55:46.947 22386 22386 D dalvikvm: GC_EXPLICIT freed 9K, 6% free 9849K/10439K, paused 25ms+3ms
06-14 04:55:51.950 22450 22450 D dalvikvm: GC_EXPLICIT freed 17K, 6% free 9715K/10247K, paused 26ms+2ms
06-14 04:55:56.907 21502 21502 D dalvikvm: GC_EXPLICIT freed 889K, 14% free 9192K/10631K, paused 10ms+8ms
06-14 04:56:05.107 12847 12847 D dalvikvm: GC_EXPLICIT freed 34K, 6% free 9996K/10631K, paused 2ms+2ms
06-14 04:56:07.474   142   294 I ActivityManager: Start proc com.google.android.apps.maps:LocationFriendService for service com.google.android.apps.maps/com.google.googlenav.friend.reporting.LocationReceiverService: pid=22718 uid=10057 gids={3003, 1015}
06-14 04:56:07.650 22718 22721 D dalvikvm: GC_CONCURRENT freed 155K, 3% free 9381K/9607K, paused 2ms+2ms
06-14 04:56:07.911 22718 22721 D dalvikvm: GC_CONCURRENT freed 199K, 3% free 9742K/9991K, paused 4ms+21ms
06-14 04:56:08.107   142   916 I ActivityManager: Process com.whatsapp (pid 22386) has died.
06-14 04:56:08.107   142   916 W ActivityManager: Scheduling restart of crashed service com.whatsapp/.messaging.MessageService in 5000ms
06-14 04:56:08.146 22718 22721 D dalvikvm: GC_CONCURRENT freed 292K, 4% free 9928K/10311K, paused 1ms+6ms
06-14 04:56:13.138   142   159 I ActivityManager: Start proc com.whatsapp for service com.whatsapp/.messaging.MessageService: pid=22741 uid=10070 gids={1015, 3003}
06-14 04:56:13.185 22741 22741 I dalvikvm: Turning on JNI app bug workarounds for target SDK version 7...
06-14 04:56:13.232   357   357 D dalvikvm: GC_EXPLICIT freed <1K, 6% free 9100K/9607K, paused 4ms+10ms
06-14 04:56:13.435 22741 22743 D dalvikvm: GC_CONCURRENT freed 163K, 3% free 9366K/9607K, paused 2ms+3ms
06-14 04:56:13.611   142   917 I ActivityManager: Process com.google.android.apps.maps:LocationFriendService (pid 22718) has died.
06-14 04:56:13.782 22741 22743 D dalvikvm: GC_CONCURRENT freed 288K, 4% free 9598K/9991K, paused 2ms+3ms
06-14 04:56:13.993 22741 22741 I SqliteDatabaseCpp: sqlite returned: error code = 1, msg = duplicate column name: photo_ts, db=/data/data/com.whatsapp/databases/msgstore.db
06-14 04:56:13.993 22741 22741 I SqliteDatabaseCpp: sqlite returned: error code = 1, msg = duplicate column name: thumb_ts, db=/data/data/com.whatsapp/databases/msgstore.db
06-14 04:56:13.993 22741 22741 I SqliteDatabaseCpp: sqlite returned: error code = 1, msg = duplicate column name: photo_id_timestamp, db=/data/data/com.whatsapp/databases/msgstore.db
06-14 04:56:14.017   142   368 I ActivityManager: Start proc android.process.acore for content provider com.android.providers.contacts/.ContactsProvider2: pid=22760 uid=10000 gids={3003, 1015}
06-14 04:56:14.091 22760 22760 I ActivityThread: Pub call_log: com.android.providers.contacts.CallLogProvider
06-14 04:56:14.134 22760 22760 I ActivityThread: Pub com.android.voicemail: com.android.providers.contacts.VoicemailContentProvider
06-14 04:56:14.138 22760 22760 I ActivityThread: Pub user_dictionary: com.android.providers.userdictionary.UserDictionaryProvider
06-14 04:56:14.146 22760 22760 I ActivityThread: Pub com.android.social: com.android.providers.contacts.SocialProvider
06-14 04:56:14.146 22760 22760 I ActivityThread: Pub applications: com.android.providers.applications.ApplicationsProvider
06-14 04:56:14.228   142   142 D dalvikvm: GC_EXPLICIT freed 880K, 23% free 19069K/24647K, paused 3ms+21ms
06-14 04:56:14.282 22760 22763 D dalvikvm: GC_CONCURRENT freed 326K, 5% free 9151K/9607K, paused 2ms+2ms
06-14 04:56:14.302 22760 22760 I ActivityThread: Pub contacts;com.android.contacts: com.android.providers.contacts.ContactsProvider2
06-14 04:56:14.329 22741 22741 I dalvikvm: Could not find method android.media.MediaMetadataRetriever.captureFrame, referenced from method com.whatsapp.d3.a
06-14 04:56:14.329 22741 22741 W dalvikvm: VFY: unable to resolve virtual method 496: Landroid/media/MediaMetadataRetriever;.captureFrame ()Landroid/graphics/Bitmap;
06-14 04:56:14.329 22741 22741 D dalvikvm: VFY: replacing opcode 0x6e at 0x0134
06-14 04:56:14.490 22741 22743 D dalvikvm: GC_CONCURRENT freed 228K, 4% free 9765K/10119K, paused 8ms+3ms
06-14 04:56:14.681 22741 22743 D dalvikvm: GC_CONCURRENT freed 335K, 5% free 9952K/10375K, paused 2ms+3ms
06-14 04:56:15.001 22760 22763 D dalvikvm: GC_CONCURRENT freed 201K, 4% free 9339K/9671K, paused 7ms+2ms
06-14 04:56:17.454 22741 22743 D dalvikvm: GC_CONCURRENT freed 282K, 4% free 10117K/10503K, paused 2ms+140ms
06-14 04:56:18.232 22760 22763 D dalvikvm: GC_CONCURRENT freed 200K, 4% free 9531K/9863K, paused 3ms+7ms
06-14 04:56:19.896   959   959 D dalvikvm: GC_EXPLICIT freed 158K, 21% free 11689K/14663K, paused 18ms+3ms
06-14 04:56:24.919 27790 27790 D dalvikvm: GC_EXPLICIT freed 51K, 36% free 11631K/17991K, paused 32ms+3ms
06-14 04:56:29.978   142   158 D dalvikvm: GC_EXPLICIT freed 253K, 23% free 19047K/24647K, paused 6ms+8ms
06-14 04:56:34.935   213   213 D dalvikvm: GC_EXPLICIT freed 8K, 59% free 9684K/23239K, paused 32ms+4ms
06-14 04:56:39.911   342   342 D dalvikvm: GC_EXPLICIT freed 3K, 16% free 12088K/14343K, paused 36ms+4ms
06-14 04:56:44.915   428   428 D dalvikvm: GC_EXPLICIT freed <1K, 4% free 9037K/9347K, paused 24ms+2ms
06-14 04:56:48.490   142   197 D DhcpInfoInternal: makeLinkProperties with empty dns2!
06-14 04:56:48.501   142   197 D DhcpInfoInternal: makeLinkProperties with empty dns2!
06-14 04:56:52.673   324   324 D dalvikvm: GC_EXPLICIT freed <1K, 20% free 10618K/13191K, paused 2ms+3ms
06-14 04:56:57.665 16941 16941 E GeckoApp: low memory
06-14 04:56:57.790 16941 16941 D dalvikvm: GC_EXPLICIT freed 2K, 22% free 10500K/13319K, paused 30ms+4ms
06-14 04:57:05.111 22164 22164 D dalvikvm: GC_EXPLICIT freed <1K, 4% free 9055K/9347K, paused 2ms+2ms
06-14 04:57:07.583   142   918 I ActivityManager: Start proc com.google.android.apps.maps:LocationFriendService for service com.google.android.apps.maps/com.google.googlenav.friend.reporting.LocationReceiverService: pid=22803 uid=10057 gids={3003, 1015}
06-14 04:57:07.673 22271 22273 D dalvikvm: GC_CONCURRENT freed 471K, 6% free 10241K/10887K, paused 1ms+46ms
06-14 04:57:07.712 22803 22805 D dalvikvm: GC_CONCURRENT freed 163K, 3% free 9373K/9607K, paused 2ms+2ms
06-14 04:57:07.876   142   153 I ActivityManager: Process android.process.acore (pid 22760) has died.
06-14 04:57:08.029 22803 22805 D dalvikvm: GC_CONCURRENT freed 153K, 3% free 9657K/9927K, paused 52ms+2ms
06-14 04:57:08.450 22803 22805 D dalvikvm: GC_CONCURRENT freed 279K, 4% free 9895K/10247K, paused 2ms+2ms
06-14 04:57:13.060 22271 22271 D dalvikvm: GC_EXPLICIT freed 9K, 7% free 10232K/10887K, paused 38ms+3ms
06-14 04:57:15.005   142   172 I ActivityManager: Start proc com.google.android.apps.plus for service com.google.android.apps.plus/.service.EsService: pid=22827 uid=10058 gids={3003, 3002, 1015, 1006}
06-14 04:57:15.236 22827 22830 D dalvikvm: GC_CONCURRENT freed 162K, 3% free 9374K/9607K, paused 2ms+13ms
06-14 04:57:15.275   142   421 I ActivityManager: Process com.google.android.apps.maps:LocationFriendService (pid 22803) has died.
06-14 04:57:15.318   142   172 I ActivityManager: Start proc com.google.android.gm for service com.google.android.gm/.provider.MailIndexerService: pid=22841 uid=10019 gids={3003, 1015}
06-14 04:57:15.411 22827 22827 I ActivityThread: Pub com.google.android.apps.plus.content.ApiProvider: com.google.android.apps.plus.content.EsApiProvider
06-14 04:57:15.443 22827 22827 I ActivityThread: Pub com.google.android.apps.plus.content.EsGooglePhotoProvider: com.google.android.picasasync.PicasaContentProvider
06-14 04:57:15.575 22841 22841 I ActivityThread: Pub gmail-ls: com.google.android.gm.provider.MailProvider
06-14 04:57:15.599 22841 22841 I ActivityThread: Pub com.google.android.gm: com.google.android.gm.provider.PublicContentProvider
06-14 04:57:15.603 22841 22841 I ActivityThread: Pub com.google.android.gmail.SuggestionProvider: com.google.android.gm.SuggestionsProvider
06-14 04:57:15.615 22827 22830 D dalvikvm: GC_CONCURRENT freed 478K, 6% free 9437K/9991K, paused 1ms+4ms
06-14 04:57:15.615 22827 22827 I ActivityThread: Pub com.google.android.apps.plus.content.EsPicasaStoreProvider: com.google.android.picasastore.PicasaPhotoContentProvider
06-14 04:57:15.673 22827 22827 I ActivityThread: Pub com.google.plus.platform: com.google.android.apps.plus.content.AdsProvider
06-14 04:57:15.673 22827 22827 I ActivityThread: Pub com.google.android.apps.plus.iu.EsGoogleIuProvider: com.google.android.apps.plus.iu.InstantUploadProvider
06-14 04:57:15.818 22827 22827 I ActivityThread: Pub com.google.android.apps.plus.content.EsProvider: com.google.android.apps.plus.content.EsProvider
06-14 04:57:15.822   142   917 I ActivityManager: Start proc android.process.media for content provider com.android.providers.media/.MediaProvider: pid=22861 uid=10012 gids={1015, 1023, 1024, 2001, 3003, 3007}
06-14 04:57:15.853 22841 22859 W Gmail   : No MailEngine for account: lokeshmandvekar@gmail.com
06-14 04:57:15.884 22827 22830 D dalvikvm: GC_CONCURRENT freed 420K, 6% free 9545K/10055K, paused 15ms+2ms
06-14 04:57:15.986   142   422 I ActivityManager: Process com.google.android.gm (pid 22841) has died.
06-14 04:57:16.052 22861 22861 I ActivityThread: Pub downloads: com.android.providers.downloads.DownloadProvider
06-14 04:57:16.103 22861 22861 I ActivityThread: Pub drm: com.android.providers.drm.DrmProvider
06-14 04:57:16.103 22861 22878 I DownloadManager: in removeSpuriousFiles
06-14 04:57:16.111 22861 22861 I ActivityThread: Pub media: com.android.providers.media.MediaProvider
06-14 04:57:16.185 22861 22878 I DownloadManager: in removeSpuriousFiles, preserving file /data/data/com.android.providers.downloads/cache/downloadfile-1.apk
06-14 04:57:16.185 22861 22878 I DownloadManager: deleting spurious file /cache/backup
06-14 04:57:16.263 22827 22830 D dalvikvm: GC_CONCURRENT freed 198K, 3% free 9904K/10183K, paused 11ms+3ms
06-14 04:57:16.310 22861 22864 D dalvikvm: GC_CONCURRENT freed 327K, 5% free 9209K/9607K, paused 8ms+3ms
06-14 04:57:16.392 22827 22858 D PicasaPhotoCP: set fsid first time:-1
06-14 04:57:16.435 22827 22874 D dalvikvm: GC_FOR_ALLOC freed 227K, 4% free 10064K/10439K, paused 21ms
06-14 04:57:16.466 22827 22874 D dalvikvm: GC_FOR_ALLOC freed 62K, 5% free 10128K/10567K, paused 24ms
06-14 04:57:16.466 22827 22874 I dalvikvm-heap: Grow heap (frag case) to 10.207MB for 260112-byte allocation
06-14 04:57:16.490 22827 22874 D dalvikvm: GC_FOR_ALLOC freed 126K, 6% free 10255K/10823K, paused 21ms
06-14 04:57:16.517 22827 22874 D dalvikvm: GC_FOR_ALLOC freed 311K, 6% free 10192K/10823K, paused 17ms
06-14 04:57:16.536 22827 22874 D dalvikvm: GC_FOR_ALLOC freed 62K, 6% free 10256K/10823K, paused 19ms
06-14 04:57:16.540 22827 22874 I dalvikvm-heap: Grow heap (frag case) to 10.333MB for 260112-byte allocation
06-14 04:57:16.556 22827 22874 D dalvikvm: GC_FOR_ALLOC freed 126K, 7% free 10384K/11079K, paused 17ms
06-14 04:57:16.583 22827 22874 D dalvikvm: GC_FOR_ALLOC freed 369K, 7% free 10384K/11079K, paused 18ms
06-14 04:57:16.599 22827 22874 D dalvikvm: GC_FOR_ALLOC freed 126K, 6% free 10512K/11079K, paused 18ms
06-14 04:57:16.740 22827 22830 D dalvikvm: GC_CONCURRENT freed 345K, 4% free 10727K/11143K, paused 2ms+2ms
06-14 04:57:16.794   142   921 I ActivityManager: Process android.process.media (pid 22861) has died.
06-14 04:57:16.818   142   161 W ProcessStats: Skipping unknown process pid 22861
06-14 04:57:16.915 22827 22830 D dalvikvm: GC_CONCURRENT freed 127K, 2% free 11201K/11399K, paused 2ms+5ms
06-14 04:57:17.197 22827 22830 D dalvikvm: GC_CONCURRENT freed 434K, 5% free 11534K/12039K, paused 3ms+2ms
06-14 04:57:17.325   142   142 I ActivityManager: Start proc android.process.media for service com.android.providers.media/.MediaScannerService: pid=22883 uid=10012 gids={1015, 1023, 1024, 2001, 3003, 3007}
06-14 04:57:17.357 22883 22883 I ActivityThread: Pub downloads: com.android.providers.downloads.DownloadProvider
06-14 04:57:17.376 22883 22883 I ActivityThread: Pub drm: com.android.providers.drm.DrmProvider
06-14 04:57:17.380 22883 22883 I ActivityThread: Pub media: com.android.providers.media.MediaProvider
06-14 04:57:17.384 22883 22896 I DownloadManager: in removeSpuriousFiles
06-14 04:57:17.400 22883 22896 I DownloadManager: in removeSpuriousFiles, preserving file /data/data/com.android.providers.downloads/cache/downloadfile-1.apk
06-14 04:57:17.404 22883 22896 I DownloadManager: deleting spurious file /cache/backup
06-14 04:57:17.607 22883 22885 D dalvikvm: GC_CONCURRENT freed 360K, 5% free 9176K/9607K, paused 20ms+2ms
06-14 04:57:17.935   142   916 I ActivityManager: Process com.google.process.gapps (pid 12847) has died.
06-14 04:57:17.939   142   916 W ActivityManager: Scheduling restart of crashed service com.google.android.location/.NetworkLocationService in 5000ms
06-14 04:57:17.943   142   916 W ActivityManager: Scheduling restart of crashed service com.google.android.location/.internal.server.NetworkLocationService in 15000ms
06-14 04:57:17.943   142   916 W ActivityManager: Scheduling restart of crashed service com.google.android.gsf/.gtalkservice.service.GTalkService in 25000ms
06-14 04:57:17.943   142   916 I ActivityManager: Kill com.google.android.apps.maps:NetworkLocationService (pid 22271): provider com.google.android.gsf.settings.GoogleSettingsProvider in dying process com.google.process.gapps
06-14 04:57:18.013   142   921 I ActivityManager: Process com.google.android.apps.maps:NetworkLocationService (pid 22271) has died.
06-14 04:57:18.013   142   921 W ActivityManager: Scheduling restart of crashed service com.google.android.apps.maps/com.google.android.location.internal.server.NetworkLocationService in 34927ms
06-14 04:57:22.986   142   159 I ActivityManager: Start proc com.google.process.gapps for service com.google.android.location/.NetworkLocationService: pid=22902 uid=10009 gids={3003, 1015, 1007, 2001, 3006}
06-14 04:57:23.005 22902 22902 I dalvikvm: Turning on JNI app bug workarounds for target SDK version 12...
06-14 04:57:23.052 22902 22902 I ActivityThread: Pub com.google.settings: com.google.android.gsf.settings.GoogleSettingsProvider
06-14 04:57:23.056   357   357 D dalvikvm: GC_EXPLICIT freed <1K, 6% free 9100K/9607K, paused 2ms+4ms
06-14 04:57:23.154 22902 22902 I ActivityThread: Pub subscribedfeeds: com.google.android.gsf.subscribedfeeds.SubscribedFeedsProvider
06-14 04:57:23.267 22902 22902 I ActivityThread: Pub com.google.contacts.gal.provider: com.google.android.syncadapters.contacts.GalProvider
06-14 04:57:23.325 22902 22902 I ActivityThread: Pub com.google.android.gsf.gservices: com.google.android.gsf.gservices.GservicesProvider
06-14 04:57:23.329 22902 22902 I GservicesProvider: Gservices pushing to system: true; secure: true
06-14 04:57:23.329 22902 22902 I ActivityThread: Pub com.google.android.providers.talk: com.google.android.gsf.talk.TalkProvider
06-14 04:57:23.368 22902 22902 D NetworkLocationService: onCreate com.google.android.location.NetworkLocationService@41370588
06-14 04:57:23.450 22902 22902 D NetworkLocationClient: ANDROID minProtocolVersion 1 maxProtocolVersion 1 releaseVersion -1
06-14 04:57:23.450 22902 22902 D NetworkLocationClient: binding to Intent { act=com.google.android.location.internal.ANDROID_NLP }
06-14 04:57:23.454 22902 22905 D dalvikvm: GC_CONCURRENT freed 324K, 5% free 9212K/9607K, paused 7ms+2ms
06-14 04:57:23.517 22902 22902 D NetworkLocationService: onBind com.google.android.location.NetworkLocationProvidercom.google.android.location.NetworkLocationService@41370588
06-14 04:57:23.529 22902 22902 D NetworkLocationService: onBind com.google.android.location.GeocodeProvidercom.google.android.location.NetworkLocationService@41370588
06-14 04:57:23.634 22902 22905 D dalvikvm: GC_CONCURRENT freed 456K, 6% free 9270K/9799K, paused 2ms+3ms
06-14 04:57:23.657   142   918 D SyncManager: setSyncAutomatically: , provider subscribedfeeds -> true
06-14 04:57:23.657   142   918 D SyncManager: setSyncAutomatically: already set to true, doing nothing
06-14 04:57:23.685 22902 22902 D androidInternalNlpService: onCreate com.google.android.location.internal.server.NetworkLocationService@413644c0
06-14 04:57:23.697 22902 22925 D NetworkLocationRealOs: NLPv2 file already exists; ignoring any NLPv1 files
06-14 04:57:23.704 22902 22902 D androidNlpServiceThread: ANDROID minProtocolVersion 1 maxProtocolVersion 1 releaseVersion -1
06-14 04:57:23.743 22902 22902 D NetworkLocationClient: onServiceConnected to ComponentInfo{com.google.android.location/com.google.android.location.internal.server.NetworkLocationService}
06-14 04:57:23.743 22902 22919 D androidNetworkLocationListeners: Still have listener com.google.android.location.internal.client.NetworkLocationClient$1@4137d9d0
06-14 04:57:23.923 22902 22905 D dalvikvm: GC_CONCURRENT freed 320K, 5% free 9430K/9863K, paused 1ms+4ms
06-14 04:57:24.157 22902 22905 D dalvikvm: GC_CONCURRENT freed 155K, 3% free 9824K/10055K, paused 2ms+3ms
06-14 04:57:24.361   142   366 I ActivityManager: Process com.google.android.apps.plus (pid 22827) has died.
06-14 04:57:25.595 22902 22905 D dalvikvm: GC_CONCURRENT freed 838K, 9% free 9524K/10439K, paused 2ms+2ms
06-14 04:57:25.661    80    80 D dalvikvm: GC_EXPLICIT freed 38K, 4% free 9031K/9347K, paused 1ms+6ms
06-14 04:57:25.685    80    80 D dalvikvm: GC_EXPLICIT freed <1K, 4% free 9031K/9347K, paused 2ms+1ms
06-14 04:57:25.704    80    80 D dalvikvm: GC_EXPLICIT freed <1K, 4% free 9031K/9347K, paused 2ms+2ms
06-14 04:57:25.708   142   330 I ActivityManager: Start proc com.google.android.apps.maps:LocationFriendService for service com.google.android.apps.maps/com.google.googlenav.friend.reporting.LocationReceiverService: pid=22927 uid=10057 gids={3003, 1015}
06-14 04:57:25.888 22927 22929 D dalvikvm: GC_CONCURRENT freed 178K, 3% free 9358K/9607K, paused 2ms+2ms
06-14 04:57:26.130   142   145 D dalvikvm: GC_CONCURRENT freed 1912K, 23% free 19060K/24647K, paused 3ms+7ms
06-14 04:57:26.177 22927 22929 D dalvikvm: GC_CONCURRENT freed 184K, 4% free 9616K/9927K, paused 3ms+2ms
06-14 04:57:26.724   142   159 I ActivityManager: Start proc com.facebook.orca for broadcast com.facebook.orca/.analytics.AnalyticsPeriodicReporter$ReporterBroadcastReceiver: pid=22943 uid=10061 gids={3003, 1015, 1006}
06-14 04:57:26.728 22943 22943 I dalvikvm: Turning on JNI app bug workarounds for target SDK version 10...
06-14 04:57:26.771   142   922 I ActivityManager: Process android.process.media (pid 22883) has died.
06-14 04:57:26.911 22943 22943 I ActivityThread: Pub com.facebook.orca.notify.MessengerLoggedInUserProvider: com.facebook.orca.notify.MessengerLoggedInUserProvider
06-14 04:57:26.947 22943 22943 I ActivityThread: Pub com.facebook.orca.notify.MessengerForegroundProvider: com.facebook.orca.notify.MessengerForegroundProvider
06-14 04:57:26.962 22943 22943 V orca:OrcaApplication: Forcing initialization of AsyncTask
06-14 04:57:27.173 22943 22943 I Finalizer: Couldn't access Thread.inheritableThreadLocals. Reference finalizer threads will inherit thread local values.
06-14 04:57:27.177 22943 22944 D dalvikvm: GC_CONCURRENT freed 201K, 3% free 9334K/9607K, paused 8ms+3ms
06-14 04:57:27.306 22943 22944 D dalvikvm: GC_CONCURRENT freed 356K, 5% free 9469K/9927K, paused 2ms+2ms
06-14 04:57:27.388 22943 22943 W OrcaGuiceModule: Sig: ijxLJi1yGs1JpL-X1SExmchvork
06-14 04:57:27.454 22943 22944 D dalvikvm: GC_CONCURRENT freed 267K, 4% free 9639K/9991K, paused 1ms+5ms
06-14 04:57:27.814 22943 22958 W Resources: Converting to string: TypedValue{t=0x10/d=0xffffffff a=-1}
06-14 04:57:28.052 22943 22944 D dalvikvm: GC_CONCURRENT freed 317K, 4% free 9857K/10247K, paused 4ms+4ms
06-14 04:57:28.161 22943 22944 D dalvikvm: GC_CONCURRENT freed 327K, 4% free 10097K/10503K, paused 1ms+2ms
06-14 04:57:28.189 22943 22958 D dalvikvm: GC_FOR_ALLOC freed 247K, 5% free 10178K/10695K, paused 21ms
06-14 04:57:28.197 22943 22943 D ACRA    : Retrieve application default SharedPreferences.
06-14 04:57:28.197 22943 22943 D ACRA    : Set OnSharedPreferenceChangeListener.
06-14 04:57:28.200 22943 22943 D ACRA    : ACRA is enabled for com.facebook.orca, intializing...
06-14 04:57:28.243 22943 22958 D dalvikvm: GC_FOR_ALLOC freed 264K, 5% free 10294K/10823K, paused 18ms
06-14 04:57:28.243 22943 22943 D ACRA    : Looking for error files in /data/data/com.facebook.orca/app_acra-reports
06-14 04:57:28.407 22943 22944 D dalvikvm: GC_CONCURRENT freed 378K, 5% free 10438K/10887K, paused 3ms+4ms
06-14 04:57:28.583 22943 22944 D dalvikvm: GC_CONCURRENT freed 157K, 3% free 10851K/11079K, paused 2ms+5ms
06-14 04:57:28.681   142   916 I ActivityManager: Process com.google.android.apps.maps:LocationFriendService (pid 22927) has died.
06-14 04:57:29.036 22943 22944 D dalvikvm: GC_CONCURRENT freed 497K, 5% free 11023K/11591K, paused 2ms+4ms
06-14 04:57:29.197 22943 22944 D dalvikvm: GC_CONCURRENT freed 357K, 4% free 11355K/11783K, paused 2ms+3ms
06-14 04:57:29.802   142   159 I ActivityManager: Start proc com.google.android.apps.plus for broadcast com.google.android.apps.plus/.service.CameraMonitor: pid=22967 uid=10058 gids={3003, 3002, 1015, 1006}
06-14 04:57:29.841   142   368 I ActivityManager: Process com.facebook.orca (pid 22943) has died.
06-14 04:57:29.876 21041 21057 E FrameworkListener: read() failed (Connection reset by peer)
06-14 04:57:29.978 22967 22969 D dalvikvm: GC_CONCURRENT freed 152K, 3% free 9384K/9607K, paused 2ms+2ms
06-14 04:57:30.095 22967 22967 I ActivityThread: Pub com.google.android.apps.plus.content.ApiProvider: com.google.android.apps.plus.content.EsApiProvider
06-14 04:57:30.115 22967 22967 I ActivityThread: Pub com.google.android.apps.plus.content.EsGooglePhotoProvider: com.google.android.picasasync.PicasaContentProvider
06-14 04:57:30.267 22967 22969 D dalvikvm: GC_CONCURRENT freed 449K, 6% free 9465K/9991K, paused 2ms+2ms
06-14 04:57:30.267 22967 22967 I ActivityThread: Pub com.google.android.apps.plus.content.EsPicasaStoreProvider: com.google.android.picasastore.PicasaPhotoContentProvider
06-14 04:57:30.286 22967 22967 I ActivityThread: Pub com.google.plus.platform: com.google.android.apps.plus.content.AdsProvider
06-14 04:57:30.286 22967 22967 I ActivityThread: Pub com.google.android.apps.plus.iu.EsGoogleIuProvider: com.google.android.apps.plus.iu.InstantUploadProvider
06-14 04:57:30.345 22967 22967 I ActivityThread: Pub com.google.android.apps.plus.content.EsProvider: com.google.android.apps.plus.content.EsProvider
06-14 04:57:30.349   142   919 I ActivityManager: Start proc android.process.media for content provider com.android.providers.media/.MediaProvider: pid=22983 uid=10012 gids={1015, 1023, 1024, 2001, 3003, 3007}
06-14 04:57:30.407 22983 22983 I ActivityThread: Pub downloads: com.android.providers.downloads.DownloadProvider
06-14 04:57:30.431 22967 22969 D dalvikvm: GC_CONCURRENT freed 446K, 6% free 9534K/10055K, paused 10ms+2ms
06-14 04:57:30.450 22983 22983 I ActivityThread: Pub drm: com.android.providers.drm.DrmProvider
06-14 04:57:30.454 22983 22997 I DownloadManager: in removeSpuriousFiles
06-14 04:57:30.458 22983 22983 I ActivityThread: Pub media: com.android.providers.media.MediaProvider
06-14 04:57:30.579   142   602 D dalvikvm: GC_EXPLICIT freed 515K, 23% free 19028K/24647K, paused 3ms+9ms
06-14 04:57:30.579 22983 22997 I DownloadManager: in removeSpuriousFiles, preserving file /data/data/com.android.providers.downloads/cache/downloadfile-1.apk
06-14 04:57:30.583 22983 22997 I DownloadManager: deleting spurious file /cache/backup
06-14 04:57:30.704 22967 22969 D dalvikvm: GC_CONCURRENT freed 157K, 3% free 9883K/10119K, paused 2ms+2ms
06-14 04:57:30.790 22983 22986 D dalvikvm: GC_CONCURRENT freed 346K, 5% free 9189K/9607K, paused 7ms+1ms
06-14 04:57:30.849 22967 22982 D PicasaPhotoCP: set fsid first time:-1
06-14 04:57:30.888 22967 22969 D dalvikvm: GC_CONCURRENT freed 254K, 4% free 10059K/10439K, paused 2ms+2ms
06-14 04:57:30.911 22967 22998 D dalvikvm: GC_FOR_ALLOC freed 188K, 5% free 10250K/10695K, paused 16ms
06-14 04:57:30.947 22967 22998 D dalvikvm: GC_FOR_ALLOC freed 373K, 6% free 10251K/10823K, paused 19ms
06-14 04:57:30.962 22967 22998 D dalvikvm: GC_FOR_ALLOC freed 126K, 5% free 10379K/10823K, paused 16ms
06-14 04:57:30.990 22967 22998 D dalvikvm: GC_FOR_ALLOC freed 369K, 6% free 10379K/10951K, paused 16ms
06-14 04:57:31.005 22967 22998 D dalvikvm: GC_FOR_ALLOC freed 126K, 5% free 10507K/10951K, paused 18ms
06-14 04:57:31.122 22967 22969 D dalvikvm: GC_CONCURRENT freed 335K, 4% free 10712K/11143K, paused 2ms+2ms
06-14 04:57:31.282 22967 22969 D dalvikvm: GC_CONCURRENT freed 131K, 2% free 11197K/11399K, paused 1ms+3ms
06-14 04:57:31.462 22967 22969 D dalvikvm: GC_CONCURRENT freed 435K, 5% free 11532K/12039K, paused 2ms+3ms
06-14 04:57:31.615   142   366 I ActivityManager: Process com.google.android.apps.plus (pid 22967) has died.
06-14 04:57:36.716   959   959 D dalvikvm: GC_EXPLICIT freed 134K, 21% free 11684K/14663K, paused 19ms+3ms
06-14 04:57:41.720 27790 27790 D dalvikvm: GC_EXPLICIT freed 112K, 36% free 11631K/17991K, paused 30ms+3ms
06-14 04:57:43.165 22902 22905 D dalvikvm: GC_CONCURRENT freed 420K, 8% free 9616K/10439K, paused 2ms+3ms
06-14 04:57:43.267   142   159 I ActivityManager: Start proc com.google.android.talk for broadcast com.google.android.talk/.McsConnectionStartedReceiver: pid=23008 uid=10047 gids={3003, 1015, 1006, 3002}
06-14 04:57:43.396 23008 23008 I ActivityThread: Pub com.google.android.talk.SuggestionProvider: com.google.android.talk.SuggestionsProvider
06-14 04:57:43.532 22902 23007 I GTalkService/c: [AndroidEndpoint@1094197152] connect: acct=1000000, state=CONNECTING
06-14 04:57:43.579 23008 23008 D vclib:CallStateClient: startListening
06-14 04:57:43.622 23008 23027 I talk    : onMcsConnectionStarted
06-14 04:57:43.763 23008 23011 D dalvikvm: GC_CONCURRENT freed 161K, 3% free 9358K/9607K, paused 3ms+2ms
06-14 04:57:43.798 22902 22905 D dalvikvm: GC_CONCURRENT freed 389K, 8% free 9665K/10439K, paused 2ms+5ms
06-14 04:57:44.529 22902 23032 I GTalkService/c: [GTalkConnection@1094490808] connect: acct=1, state=CONNECTING
06-14 04:57:45.798 21502 21516 I PhoneLab-: Service Running
06-14 04:57:45.857 22902 22905 D dalvikvm: GC_CONCURRENT freed 291K, 7% free 9759K/10439K, paused 2ms+3ms
06-14 04:57:45.892 21502 21516 I PhoneLab-LoggerService: app_38    27718 1     1112   664   c00f181c 400107b4 S logcat
06-14 04:57:45.892 21502 21516 I PhoneLab-LoggerService: Logcat pid from database 27718
06-14 04:57:45.892 21502 21516 I PhoneLab-LoggerService: Logcat process found 27718
06-14 04:57:45.892 21502 21516 I PhoneLab-LoggerService: Checking Threshold
06-14 04:57:45.900   142   921 I ActivityManager: Process android.process.media (pid 22983) has died.
06-14 04:57:46.064   142   199 D ConnectivityService: handleInetConditionHoldEnd: net=1, condition=0, published condition=100
06-14 04:57:46.564   142   422 I ActivityManager: Start proc android.process.acore for content provider com.android.providers.contacts/.ContactsProvider2: pid=23040 uid=10000 gids={3003, 1015}
06-14 04:57:46.615 23040 23040 I ActivityThread: Pub call_log: com.android.providers.contacts.CallLogProvider
06-14 04:57:46.661 23040 23040 I ActivityThread: Pub com.android.voicemail: com.android.providers.contacts.VoicemailContentProvider
06-14 04:57:46.665 23040 23040 I ActivityThread: Pub user_dictionary: com.android.providers.userdictionary.UserDictionaryProvider
06-14 04:57:46.673 23040 23040 I ActivityThread: Pub com.android.social: com.android.providers.contacts.SocialProvider
06-14 04:57:46.677 23040 23040 I ActivityThread: Pub applications: com.android.providers.applications.ApplicationsProvider
06-14 04:57:46.790 23040 23040 I ActivityThread: Pub contacts;com.android.contacts: com.android.providers.contacts.ContactsProvider2
06-14 04:57:46.798 23040 23042 D dalvikvm: GC_CONCURRENT freed 329K, 5% free 9194K/9607K, paused 1ms+8ms
06-14 04:57:46.982   142   199 D ConnectivityService: handleInetConditionHoldEnd: net=1, condition=100, published condition=0
06-14 04:57:47.380   142   917 I ActivityManager: Process com.google.android.talk (pid 23008) has died.
06-14 04:57:47.568 23040 23042 D dalvikvm: GC_CONCURRENT freed 237K, 4% free 9399K/9735K, paused 5ms+4ms
06-14 04:57:48.540   142   159 I ActivityManager: Start proc com.google.android.talk for broadcast com.google.android.talk/.ConnectionStateOnlineReceiver: pid=23056 uid=10047 gids={3003, 1015, 1006, 3002}
06-14 04:57:48.615 23056 23056 I ActivityThread: Pub com.google.android.talk.SuggestionProvider: com.google.android.talk.SuggestionsProvider
06-14 04:57:48.646 23056 23056 D vclib:CallStateClient: startListening
06-14 04:57:49.118 23056 23059 D dalvikvm: GC_CONCURRENT freed 178K, 3% free 9356K/9607K, paused 2ms+10ms
06-14 04:57:49.755   142   368 I ActivityManager: Start proc android.process.media for content provider com.android.providers.media/.MediaProvider: pid=23079 uid=10012 gids={1015, 1023, 1024, 2001, 3003, 3007}
06-14 04:57:49.779 23079 23079 I ActivityThread: Pub downloads: com.android.providers.downloads.DownloadProvider
06-14 04:57:49.825 23079 23079 I ActivityThread: Pub drm: com.android.providers.drm.DrmProvider
06-14 04:57:49.833 23079 23094 I DownloadManager: in removeSpuriousFiles
06-14 04:57:49.833 23079 23079 I ActivityThread: Pub media: com.android.providers.media.MediaProvider
06-14 04:57:49.993 23079 23094 I DownloadManager: in removeSpuriousFiles, preserving file /data/data/com.android.providers.downloads/cache/downloadfile-1.apk
06-14 04:57:49.997 23079 23094 I DownloadManager: deleting spurious file /cache/backup
06-14 04:57:50.415   142   919 I ActivityManager: Process com.google.android.talk (pid 23056) has died.
06-14 04:57:50.478 23079 23082 D dalvikvm: GC_CONCURRENT freed 370K, 5% free 9166K/9607K, paused 2ms+2ms
06-14 04:57:50.599 23040 23042 D dalvikvm: GC_CONCURRENT freed 246K, 4% free 9551K/9927K, paused 28ms+2ms
06-14 04:57:53.013   142   159 I ActivityManager: Start proc com.google.android.apps.maps:NetworkLocationService for service com.google.android.apps.maps/com.google.android.location.internal.server.NetworkLocationService: pid=23099 uid=10057 gids={3003, 1015}
06-14 04:57:53.181 23099 23101 D dalvikvm: GC_CONCURRENT freed 171K, 3% free 9365K/9607K, paused 2ms+2ms
06-14 04:57:53.657 23099 23101 D dalvikvm: GC_CONCURRENT freed 163K, 3% free 9679K/9927K, paused 3ms+6ms
06-14 04:57:54.122 23099 23101 D dalvikvm: GC_CONCURRENT freed 169K, 3% free 10070K/10311K, paused 4ms+3ms
06-14 04:57:54.146 22902 22905 D dalvikvm: GC_CONCURRENT freed 301K, 6% free 9844K/10439K, paused 6ms+2ms
06-14 04:57:54.349 23099 23101 D dalvikvm: GC_CONCURRENT freed 661K, 8% free 9881K/10631K, paused 2ms+2ms
06-14 04:57:54.497   142   159 I ActivityManager: Start proc com.google.android.apps.maps:FriendService for broadcast com.google.android.apps.maps/com.google.googlenav.friend.android.ServiceReceiver: pid=23120 uid=10057 gids={3003, 1015}
06-14 04:57:54.642 23120 23122 D dalvikvm: GC_CONCURRENT freed 173K, 3% free 9363K/9607K, paused 1ms+2ms
06-14 04:57:54.837 23120 23122 D dalvikvm: GC_CONCURRENT freed 197K, 3% free 9702K/9991K, paused 2ms+2ms
06-14 04:57:54.904   142   917 I ActivityManager: Start proc com.google.android.apps.maps:LocationFriendService for broadcast com.google.android.apps.maps/com.google.googlenav.friend.reporting.LocationReportingIntentReceiver: pid=23133 uid=10057 gids={3003, 1015}
06-14 04:57:55.021 23133 23135 D dalvikvm: GC_CONCURRENT freed 176K, 3% free 9360K/9607K, paused 2ms+2ms
06-14 04:57:55.122 23099 23106 I dalvikvm: Total arena pages for JIT: 11
06-14 04:57:55.165 23099 23106 I dalvikvm: Total arena pages for JIT: 12
06-14 04:57:55.165 23099 23106 I dalvikvm: Total arena pages for JIT: 13
06-14 04:57:55.165 23099 23106 I dalvikvm: Total arena pages for JIT: 14
06-14 04:57:55.173 23099 23106 I dalvikvm: Total arena pages for JIT: 15
06-14 04:57:55.173 23099 23106 I dalvikvm: Total arena pages for JIT: 16
06-14 04:57:55.173 23099 23106 I dalvikvm: Total arena pages for JIT: 17
06-14 04:57:55.224 23133 23135 D dalvikvm: GC_CONCURRENT freed 204K, 4% free 9655K/9991K, paused 1ms+2ms
06-14 04:57:55.267   142   368 I ActivityManager: Process android.process.acore (pid 23040) has died.
06-14 04:57:55.423   142   294 D dalvikvm: GC_EXPLICIT freed 1158K, 23% free 19056K/24647K, paused 3ms+8ms
06-14 04:57:55.572 23133 23135 D dalvikvm: GC_CONCURRENT freed 264K, 4% free 9880K/10247K, paused 2ms+4ms
06-14 04:57:55.697 22902 22914 D dalvikvm: GC_EXPLICIT freed 187K, 6% free 9872K/10439K, paused 11ms+2ms
06-14 04:57:55.720   142   366 I ActivityManager: Process com.google.android.apps.maps:FriendService (pid 23120) has died.
06-14 04:57:55.736 23099 23101 D dalvikvm: GC_CONCURRENT freed 213K, 5% free 10171K/10631K, paused 2ms+3ms
06-14 04:57:55.802 23099 23106 I dalvikvm: Total arena pages for JIT: 18
06-14 04:57:56.181   142   368 I ActivityManager: Start proc android.process.acore for content provider com.android.providers.contacts/.ContactsProvider2: pid=23152 uid=10000 gids={3003, 1015}
06-14 04:57:56.208    80    80 D dalvikvm: GC_EXPLICIT freed 38K, 4% free 9031K/9347K, paused 2ms+8ms
06-14 04:57:56.247    80    80 D dalvikvm: GC_EXPLICIT freed <1K, 4% free 9031K/9347K, paused 4ms+4ms
06-14 04:57:56.251 23152 23152 I ActivityThread: Pub call_log: com.android.providers.contacts.CallLogProvider
06-14 04:57:56.279    80    80 D dalvikvm: GC_EXPLICIT freed <1K, 4% free 9031K/9347K, paused 3ms+3ms
06-14 04:57:56.282 23099 23101 D dalvikvm: GC_CONCURRENT freed 390K, 5% free 10245K/10759K, paused 2ms+13ms
06-14 04:57:56.302 23152 23152 I ActivityThread: Pub com.android.voicemail: com.android.providers.contacts.VoicemailContentProvider
06-14 04:57:56.306 23152 23152 I ActivityThread: Pub user_dictionary: com.android.providers.userdictionary.UserDictionaryProvider
06-14 04:57:56.322 23152 23152 I ActivityThread: Pub com.android.social: com.android.providers.contacts.SocialProvider
06-14 04:57:56.325 23152 23152 I ActivityThread: Pub applications: com.android.providers.applications.ApplicationsProvider
06-14 04:57:56.415 23152 23152 I ActivityThread: Pub contacts;com.android.contacts: com.android.providers.contacts.ContactsProvider2
06-14 04:57:56.423 23152 23154 D dalvikvm: GC_CONCURRENT freed 350K, 5% free 9186K/9607K, paused 3ms+2ms
06-14 04:57:56.486   142   370 I ActivityManager: Process com.google.android.apps.maps:LocationFriendService (pid 23133) has died.
06-14 04:57:57.177 23152 23154 D dalvikvm: GC_CONCURRENT freed 216K, 4% free 9386K/9735K, paused 4ms+2ms
06-14 04:57:57.251   142   368 I ActivityManager: Start proc com.google.android.apps.maps:LocationFriendService for service com.google.android.apps.maps/com.google.googlenav.friend.reporting.LocationReceiverService: pid=23168 uid=10057 gids={3003, 1015}
06-14 04:57:57.365   142   916 I ActivityManager: Process android.process.media (pid 23079) has died.
06-14 04:57:57.423 23168 23171 D dalvikvm: GC_CONCURRENT freed 153K, 3% free 9383K/9607K, paused 10ms+3ms
06-14 04:57:57.634 23168 23171 D dalvikvm: GC_CONCURRENT freed 186K, 3% free 9652K/9927K, paused 2ms+4ms
06-14 04:57:58.790 23168 23171 D dalvikvm: GC_CONCURRENT freed 239K, 4% free 9896K/10247K, paused 4ms+2ms
06-14 04:57:59.091   142   153 I ActivityManager: Process com.google.android.apps.maps:LocationFriendService (pid 23168) has died.
06-14 04:57:59.142 23152 23154 D dalvikvm: GC_CONCURRENT freed 203K, 4% free 9589K/9927K, paused 7ms+6ms
06-14 04:58:00.083 23152 23154 D dalvikvm: GC_CONCURRENT freed 332K, 5% free 9653K/10119K, paused 47ms+4ms
06-14 04:58:06.700   142   158 D dalvikvm: GC_EXPLICIT freed 798K, 23% free 19052K/24647K, paused 29ms+10ms
06-14 04:58:11.654   213   213 D dalvikvm: GC_EXPLICIT freed 22K, 59% free 9685K/23239K, paused 26ms+5ms
06-14 04:58:18.404   342   342 D dalvikvm: GC_EXPLICIT freed 20K, 16% free 12088K/14343K, paused 8ms+6ms
06-14 04:58:23.423   428   428 D dalvikvm: GC_EXPLICIT freed <1K, 4% free 9037K/9347K, paused 22ms+2ms
06-14 04:58:28.462   324   324 D dalvikvm: GC_EXPLICIT freed <1K, 20% free 10618K/13191K, paused 28ms+3ms
06-14 04:58:33.380 16941 16941 E GeckoApp: low memory
06-14 04:58:33.493 16941 16941 D dalvikvm: GC_EXPLICIT freed 3K, 22% free 10500K/13319K, paused 27ms+5ms
06-14 04:58:38.497 22164 22164 D dalvikvm: GC_EXPLICIT freed <1K, 4% free 9055K/9347K, paused 54ms+2ms
06-14 04:58:43.486 22450 22450 D dalvikvm: GC_EXPLICIT freed <1K, 6% free 9715K/10247K, paused 24ms+2ms
06-14 04:58:48.474 21502 21502 D dalvikvm: GC_EXPLICIT freed 77K, 14% free 9163K/10631K, paused 27ms+2ms
06-14 04:58:53.599 22741 22741 D dalvikvm: GC_EXPLICIT freed 317K, 7% free 9855K/10503K, paused 26ms+2ms
06-14 04:58:57.907   142   921 I ActivityManager: Start proc com.google.android.apps.maps:LocationFriendService for service com.google.android.apps.maps/com.google.googlenav.friend.reporting.LocationReceiverService: pid=23194 uid=10057 gids={3003, 1015}
06-14 04:58:57.997 23099 23101 D dalvikvm: GC_CONCURRENT freed 534K, 6% free 10241K/10887K, paused 12ms+2ms
06-14 04:58:58.169 23194 23197 D dalvikvm: GC_CONCURRENT freed 156K, 3% free 9380K/9607K, paused 6ms+2ms
06-14 04:58:58.450 23194 23197 D dalvikvm: GC_CONCURRENT freed 152K, 3% free 9673K/9927K, paused 9ms+2ms
06-14 04:58:58.857 23194 23197 D dalvikvm: GC_CONCURRENT freed 323K, 5% free 9891K/10311K, paused 2ms+2ms
06-14 04:58:58.982   142   919 I ActivityManager: Process android.process.acore (pid 23152) has died.
06-14 04:59:12.798   142   153 I ActivityManager: Process com.google.android.apps.maps:LocationFriendService (pid 23194) has died.
06-14 04:59:13.376   142   197 D DhcpInfoInternal: makeLinkProperties with empty dns2!
06-14 04:59:13.380   142   197 D DhcpInfoInternal: makeLinkProperties with empty dns2!
06-14 04:59:16.087   142 23218 I ActivityManager: Applications Memory Usage (kB):
06-14 04:59:16.087   142 23218 I ActivityManager: Uptime: 174721485 Realtime: 301617880
06-14 04:59:16.087   142 23218 I ActivityManager: Total PSS by OOM adjustment:
06-14 04:59:16.087   142 23218 I ActivityManager:     34202 kB: System
06-14 04:59:16.087   142 23218 I ActivityManager:                34202 kB: system (pid 142)
06-14 04:59:16.087   142 23218 I ActivityManager:     29225 kB: Persistent
06-14 04:59:16.087   142 23218 I ActivityManager:                12828 kB: com.android.systemui (pid 213)
06-14 04:59:16.087   142 23218 I ActivityManager:                12144 kB: com.android.phone (pid 342)
06-14 04:59:16.087   142 23218 I ActivityManager:                 4253 kB: com.android.nfc (pid 357)
06-14 04:59:16.087   142 23218 I ActivityManager:     31348 kB: Foreground
06-14 04:59:16.087   142 23218 I ActivityManager:                31348 kB: com.android.launcher (pid 27790)
06-14 04:59:16.087   142 23218 I ActivityManager:     13610 kB: Visible
06-14 04:59:16.087   142 23218 I ActivityManager:                10575 kB: com.google.process.gapps (pid 22902)
06-14 04:59:16.087   142 23218 I ActivityManager:                 3035 kB: com.android.smspush (pid 428)
06-14 04:59:16.087   142 23218 I ActivityManager:     30024 kB: Perceptible
06-14 04:59:16.087   142 23218 I ActivityManager:                19675 kB: hr.podlanica (pid 959)
06-14 04:59:16.087   142 23218 I ActivityManager:                10349 kB: com.android.inputmethod.latin (pid 324)
06-14 04:59:16.087   142 23218 I ActivityManager:     15477 kB: A Services
06-14 04:59:16.087   142 23218 I ActivityManager:                 8707 kB: com.google.android.apps.maps:NetworkLocationService (pid 23099)
06-14 04:59:16.087   142 23218 I ActivityManager:                 6770 kB: com.whatsapp (pid 22741)
06-14 04:59:16.087   142 23218 I ActivityManager:     67777 kB: Previous
06-14 04:59:16.087   142 23218 I ActivityManager:                67777 kB: org.mozilla.firefox_beta (pid 16941)
06-14 04:59:16.087   142 23218 I ActivityManager:     14708 kB: B Services
06-14 04:59:16.087   142 23218 I ActivityManager:                 5816 kB: com.google.android.apps.googlevoice (pid 22450)
06-14 04:59:16.087   142 23218 I ActivityManager:                 5699 kB: edu.buffalo.cse.phonelab.phonelabservices (pid 21502)
06-14 04:59:16.087   142 23218 I ActivityManager:                 3193 kB: com.android.sprintmenu (pid 22164)
06-14 04:59:16.087   142 23218 I ActivityManager: 
06-14 04:59:16.087   142 23218 I ActivityManager: Total PSS: 236371 kB
06-14 04:59:16.087   142 23218 I ActivityManager:   PID      Vss      Rss      Pss      Uss  cmdline
06-14 04:59:16.087   142 23218 I ActivityManager: 16941   84532K   84444K   67880K   66596K  org.mozilla.firefox_beta
06-14 04:59:16.087   142 23218 I ActivityManager:   142   52576K   52512K   34269K   30436K  system_server
06-14 04:59:16.087   142 23218 I ActivityManager: 27790   49972K   49868K   31450K   28616K  com.android.launcher
06-14 04:59:16.087   142 23218 I ActivityManager:   959   33852K   33772K   19718K   18740K  hr.podlanica
06-14 04:59:16.087   142 23218 I ActivityManager:    79   24324K   21324K   13869K    7208K  /system/bin/surfaceflinger
06-14 04:59:16.087   142 23218 I ActivityManager:   213   32104K   32004K   12874K    8424K  com.android.systemui
06-14 04:59:16.087   142 23218 I ActivityManager:   342   27528K   27444K   12191K   11112K  com.android.phone
06-14 04:59:16.087   142 23218 I ActivityManager: 22902   30588K   30496K   10622K    8428K  com.google.process.gapps
06-14 04:59:16.087   142 23218 I ActivityManager:   324   25260K   25172K   10399K    9392K  com.android.inputmethod.latin
06-14 04:59:16.087   142 23218 I ActivityManager: 23099   28724K   28660K    8754K    6528K  com.google.android.apps.maps:NetworkLocationService
06-14 04:59:16.087   142 23218 I ActivityManager: 22741   26980K   26880K    6816K    4760K  com.whatsapp
06-14 04:59:16.087   142 23218 I ActivityManager: 22450   25808K   25708K    5864K    3952K  com.google.android.apps.googlevoice
06-14 04:59:16.087   142 23218 I ActivityManager: 21502   24984K   24888K    5747K    3976K  edu.buffalo.cse.phonelab.phonelabservices
06-14 04:59:16.087   142 23218 I ActivityManager:   357   19340K   19244K    4298K    3276K  com.android.nfc
06-14 04:59:16.087   142 23218 I ActivityManager: 18802   18056K   17952K    3569K    2544K  com.spotify.mobile.android.ui
06-14 04:59:16.087   142 23218 I ActivityManager: 22164   22352K   22248K    3244K    1540K  com.android.sprintmenu
06-14 04:59:16.087   142 23218 I ActivityManager:   428   18496K   18384K    3081K    1932K  com.android.smspush
06-14 04:59:16.087   142 23218 I ActivityManager:    80   18728K   18600K    2391K    1056K  zygote
06-14 04:59:16.087   142 23218 I ActivityManager:    82    2208K    2208K    1923K    1900K  /system/bin/mediaserver
06-14 04:59:16.087   142 23218 I ActivityManager:    81    1088K    1088K     884K     876K  /system/bin/drmserver
06-14 04:59:16.087   142 23218 I ActivityManager:    78     972K     972K     685K     664K  /system/bin/rild
06-14 04:59:16.087   142 23218 I ActivityManager: 23236     716K     708K     584K     580K  procrank
06-14 04:59:16.087   142 23218 I ActivityManager: 27718     668K     664K     525K     520K  logcat
06-14 04:59:16.087   142 23218 I ActivityManager:    88     444K     444K     428K     428K  /sbin/adbd
06-14 04:59:16.087   142 23218 I ActivityManager:  8348     588K     584K     426K     412K  /system/bin/wpa_supplicant
06-14 04:59:16.087   142 23218 I ActivityManager: 21041     564K     564K     375K     360K  /system/bin/netd
06-14 04:59:16.087   142 23218 I ActivityManager:   298     388K     388K     302K     300K  /system/bin/bluetoothd
06-14 04:59:16.087   142 23218 I ActivityManager:    73     432K     428K     292K     284K  /system/bin/vold
06-14 04:59:16.087   142 23218 I ActivityManager:    86     472K     468K     283K     276K  /system/vendor/bin/gpsd
06-14 04:59:16.087   142 23218 I ActivityManager:    85     392K     356K     247K     244K  /system/bin/keystore
06-14 04:59:16.087   142 23218 I ActivityManager: 21152     356K     352K     198K     192K  /system/bin/dhcpcd
06-14 04:59:16.087   142 23218 I ActivityManager:    83     276K     268K     186K     184K  /system/bin/dbus-daemon
06-14 04:59:16.087   142 23218 I ActivityManager:     1     204K     204K     138K     100K  /init
06-14 04:59:16.087   142 23218 I ActivityManager:   200     204K     196K     133K     132K  /system/bin/brcm_patchram_plus
06-14 04:59:16.087   142 23218 I ActivityManager:    84     248K     240K     123K     120K  /system/bin/installd
06-14 04:59:16.087   142 23218 I ActivityManager:    61     160K     160K     122K      84K  /sbin/ueventd
06-14 04:59:16.087   142 23218 I ActivityManager:    87     172K     168K     105K     104K  /system/bin/sh
06-14 04:59:16.087   142 23218 I ActivityManager:    72     180K     172K      94K      92K  /system/bin/servicemanager
06-14 04:59:16.087   142 23218 I ActivityManager: 22381     196K     188K      75K      72K  /system/bin/debuggerd
06-14 04:59:16.087   142 23218 I ActivityManager:                           ------   ------  ------
06-14 04:59:16.087   142 23218 I ActivityManager:                          265185K  226440K  TOTAL
06-14 04:59:16.087   142 23218 I ActivityManager: RAM: 342896K total, 24940K free, 892K buffers, 57328K cached, 18568K shmem, 9340K slab
06-14 04:59:17.911   357   357 D dalvikvm: GC_EXPLICIT freed <1K, 6% free 9100K/9607K, paused 32ms+2ms
06-14 04:59:22.939   959   959 D dalvikvm: GC_EXPLICIT freed 172K, 21% free 11690K/14663K, paused 29ms+4ms
06-14 04:59:27.943 27790 27790 D dalvikvm: GC_EXPLICIT freed 112K, 36% free 11631K/17991K, paused 24ms+2ms
06-14 04:59:28.197   142   159 I ActivityManager: Start proc com.facebook.orca for broadcast com.facebook.orca/.analytics.AnalyticsPeriodicReporter$ReporterBroadcastReceiver: pid=23237 uid=10061 gids={3003, 1015, 1006}
06-14 04:59:28.200 23237 23237 I dalvikvm: Turning on JNI app bug workarounds for target SDK version 10...
06-14 04:59:28.337 23237 23237 I ActivityThread: Pub com.facebook.orca.notify.MessengerLoggedInUserProvider: com.facebook.orca.notify.MessengerLoggedInUserProvider
06-14 04:59:28.361 23237 23237 I ActivityThread: Pub com.facebook.orca.notify.MessengerForegroundProvider: com.facebook.orca.notify.MessengerForegroundProvider
06-14 04:59:28.372 23237 23237 V orca:OrcaApplication: Forcing initialization of AsyncTask
06-14 04:59:28.513 23237 23239 D dalvikvm: GC_CONCURRENT freed 209K, 3% free 9327K/9607K, paused 3ms+2ms
06-14 04:59:28.513 23237 23237 I Finalizer: Couldn't access Thread.inheritableThreadLocals. Reference finalizer threads will inherit thread local values.
06-14 04:59:28.681 23237 23239 D dalvikvm: GC_CONCURRENT freed 369K, 5% free 9431K/9927K, paused 2ms+2ms
06-14 04:59:28.810 23237 23237 W OrcaGuiceModule: Sig: ijxLJi1yGs1JpL-X1SExmchvork
06-14 04:59:28.900 23237 23239 D dalvikvm: GC_CONCURRENT freed 264K, 4% free 9617K/9991K, paused 2ms+2ms
06-14 04:59:29.232 23237 23252 W Resources: Converting to string: TypedValue{t=0x10/d=0xffffffff a=-1}
06-14 04:59:29.450 23237 23239 D dalvikvm: GC_CONCURRENT freed 327K, 4% free 9849K/10247K, paused 4ms+2ms
06-14 04:59:29.544 23237 23237 D ACRA    : Retrieve application default SharedPreferences.
06-14 04:59:29.544 23237 23237 D ACRA    : Set OnSharedPreferenceChangeListener.
06-14 04:59:29.544 23237 23237 D ACRA    : ACRA is enabled for com.facebook.orca, intializing...
06-14 04:59:29.572 23237 23237 D ACRA    : Looking for error files in /data/data/com.facebook.orca/app_acra-reports
06-14 04:59:29.626 23237 23239 D dalvikvm: GC_CONCURRENT freed 297K, 4% free 10064K/10439K, paused 2ms+15ms
06-14 04:59:29.693 23237 23252 D dalvikvm: GC_FOR_ALLOC freed 246K, 6% free 10120K/10695K, paused 23ms
06-14 04:59:29.747 23237 23252 D dalvikvm: GC_FOR_ALLOC freed 120K, 5% free 10225K/10695K, paused 23ms
06-14 04:59:29.810 23237 23252 D dalvikvm: GC_FOR_ALLOC freed 195K, 5% free 10247K/10759K, paused 28ms
06-14 04:59:29.986 23237 23239 D dalvikvm: GC_CONCURRENT freed 378K, 5% free 10438K/10887K, paused 3ms+3ms
06-14 04:59:30.189 23237 23239 D dalvikvm: GC_CONCURRENT freed 155K, 3% free 10853K/11079K, paused 2ms+3ms
06-14 04:59:30.200   142   916 I ActivityManager: Process com.facebook.orca (pid 23237) has died.
06-14 04:59:35.181   142   172 I ActivityManager: Start proc com.twitter.android for service com.twitter.android/.client.AppService: pid=23260 uid=10068 gids={3003, 1015}
06-14 04:59:35.185 23260 23260 I dalvikvm: Turning on JNI app bug workarounds for target SDK version 11...
06-14 04:59:35.306 23260 23260 I ActivityThread: Pub com.twitter.android.provider.GlobalDatabaseProvider: com.twitter.android.provider.GlobalDatabaseProvider
06-14 04:59:35.318 23260 23260 I ActivityThread: Pub com.twitter.android.provider.TwitterProvider: com.twitter.android.provider.TwitterProvider
06-14 04:59:35.540   142   158 D dalvikvm: GC_EXPLICIT freed 1332K, 23% free 19053K/24647K, paused 12ms+9ms
06-14 04:59:35.556 23260 23262 D dalvikvm: GC_CONCURRENT freed 205K, 3% free 9264K/9543K, paused 5ms+2ms
06-14 04:59:35.857 23260 23262 D dalvikvm: GC_CONCURRENT freed 172K, 4% free 9497K/9799K, paused 2ms+1ms
06-14 04:59:36.001 23260 23262 D dalvikvm: GC_CONCURRENT freed 300K, 5% free 9626K/10055K, paused 1ms+2ms
06-14 04:59:36.134 23260 23262 D dalvikvm: GC_CONCURRENT freed 313K, 5% free 9762K/10183K, paused 1ms+1ms
06-14 04:59:36.275 23260 23262 D dalvikvm: GC_CONCURRENT freed 298K, 5% free 9885K/10311K, paused 1ms+2ms
06-14 04:59:36.431 23260 23262 D dalvikvm: GC_CONCURRENT freed 309K, 5% free 10020K/10439K, paused 1ms+2ms
06-14 04:59:36.583 23260 23262 D dalvikvm: GC_CONCURRENT freed 296K, 4% free 10145K/10567K, paused 1ms+2ms
06-14 04:59:36.747 23260 23262 D dalvikvm: GC_CONCURRENT freed 309K, 4% free 10280K/10695K, paused 2ms+2ms
06-14 04:59:36.954 23260 23262 D dalvikvm: GC_CONCURRENT freed 492K, 6% free 10224K/10823K, paused 1ms+2ms
06-14 04:59:37.068 23260 23262 D dalvikvm: GC_CONCURRENT freed 323K, 5% free 10300K/10823K, paused 2ms+2ms
06-14 04:59:37.197 23260 23262 D dalvikvm: GC_CONCURRENT freed 314K, 4% free 10391K/10823K, paused 2ms+2ms
06-14 04:59:37.329 23260 23262 D dalvikvm: GC_CONCURRENT freed 355K, 5% free 10482K/10951K, paused 2ms+2ms
06-14 04:59:37.450 23260 23262 D dalvikvm: GC_CONCURRENT freed 344K, 5% free 10560K/11015K, paused 2ms+2ms
06-14 04:59:37.579 23260 23262 D dalvikvm: GC_CONCURRENT freed 375K, 5% free 10648K/11143K, paused 2ms+2ms
06-14 04:59:37.700 23260 23262 D dalvikvm: GC_CONCURRENT freed 369K, 5% free 10732K/11207K, paused 2ms+2ms
06-14 04:59:37.841 23260 23262 D dalvikvm: GC_CONCURRENT freed 390K, 5% free 10824K/11335K, paused 2ms+2ms
06-14 04:59:39.150 23260 23262 D dalvikvm: GC_CONCURRENT freed 339K, 4% free 11005K/11463K, paused 2ms+2ms
06-14 04:59:40.314   213   213 D dalvikvm: GC_EXPLICIT freed 8K, 59% free 9684K/23239K, paused 2ms+4ms
06-14 04:59:45.431 22902 22902 D dalvikvm: GC_EXPLICIT freed 284K, 6% free 9851K/10439K, paused 5ms+3ms
06-14 04:59:45.802 21502 21516 I PhoneLab-: Service Running
06-14 04:59:45.900 21502 21516 I PhoneLab-LoggerService: app_38    27718 1     1112   664   c00f181c 400107b4 S logcat
06-14 04:59:45.904 21502 21516 I PhoneLab-LoggerService: Logcat pid from database 27718
06-14 04:59:45.904 21502 21516 I PhoneLab-LoggerService: Logcat process found 27718
06-14 04:59:45.904 21502 21516 I PhoneLab-LoggerService: Checking Threshold
06-14 04:59:50.400   342   342 D dalvikvm: GC_EXPLICIT freed 2K, 16% free 12088K/14343K, paused 28ms+3ms
06-14 04:59:55.372   428   428 D dalvikvm: GC_EXPLICIT freed <1K, 4% free 9037K/9347K, paused 26ms+2ms
06-14 04:59:57.915   142   916 I ActivityManager: Start proc com.google.android.apps.maps:LocationFriendService for service com.google.android.apps.maps/com.google.googlenav.friend.reporting.LocationReceiverService: pid=23279 uid=10057 gids={3003, 1015}
06-14 04:59:58.025   142   370 I ActivityManager: Process com.twitter.android (pid 23260) has died.
06-14 04:59:58.079 23279 23282 D dalvikvm: GC_CONCURRENT freed 163K, 3% free 9373K/9607K, paused 2ms+2ms
06-14 04:59:58.259 23279 23282 D dalvikvm: GC_CONCURRENT freed 167K, 4% free 9691K/9991K, paused 2ms+2ms
06-14 04:59:58.365   142 12773 D dalvikvm: GC_EXPLICIT freed 264K, 23% free 19031K/24647K, paused 5ms+11ms
06-14 04:59:58.712 23279 23282 D dalvikvm: GC_CONCURRENT freed 309K, 4% free 9935K/10311K, paused 2ms+5ms
06-14 04:59:58.818   142   142 I ActivityManager: Process com.google.android.apps.maps:LocationFriendService (pid 23279) has died.
06-14 05:00:05.173   324   324 D dalvikvm: GC_EXPLICIT freed <1K, 20% free 10618K/13191K, paused 31ms+3ms
06-14 05:00:10.634 16941 16941 E GeckoApp: low memory
06-14 05:00:10.677 16941 16941 D dalvikvm: GC_EXPLICIT freed 3K, 22% free 10500K/13319K, paused 3ms+4ms
06-14 05:00:15.724 22164 22164 D dalvikvm: GC_EXPLICIT freed <1K, 4% free 9055K/9347K, paused 24ms+2ms
06-14 05:00:20.736 22450 22450 D dalvikvm: GC_EXPLICIT freed <1K, 6% free 9715K/10247K, paused 20ms+2ms
06-14 05:00:27.822 21502 21502 D dalvikvm: GC_EXPLICIT freed 49K, 14% free 9163K/10631K, paused 80ms+2ms
06-14 05:00:32.814 22741 22741 D dalvikvm: GC_EXPLICIT freed 10K, 7% free 9850K/10503K, paused 26ms+3ms
06-14 05:00:35.716 21502 21502 I PhoneLab-Locks: wake lock acquired
06-14 05:00:35.763 21502 21502 I PhoneLab-StatusMonitor: Status Monitoring is started
06-14 05:00:35.935 21502 21505 D dalvikvm: GC_CONCURRENT freed 324K, 14% free 9247K/10631K, paused 5ms+4ms
06-14 05:00:35.978 21502 21502 I PhoneLab-StatusMonitor: Value: 10 - unit: min
06-14 05:00:35.978 21502 21502 I PhoneLab-StatusMonitor: Running interval: 600000
06-14 05:00:36.001 21502 21502 I PhoneLab-StatusMonitor: Rescheduling status monitoring...
06-14 05:00:36.001 21502 21502 I PhoneLab-Locks: wake lock released
06-14 05:00:36.013 21502 21502 I PhoneLab-StatusMonitorLocation: Learning Location
06-14 05:00:36.013 21502 21502 I PhoneLab-Locks: wake lock acquired
06-14 05:00:36.025 21502 21502 I PhoneLab-Locks: wake lock acquired
06-14 05:00:36.033 21502 21502 I PhoneLab-StatusMonitorLocation: Learning Signal Strgth
06-14 05:00:36.033 21502 21502 I PhoneLab-Locks: wake lock acquired
06-14 05:00:36.036 22902 22919 D androidNetworkLocationListeners: Still have listener com.google.android.location.internal.client.NetworkLocationClient$1@4137d9d0
06-14 05:00:36.068 21502 21502 I PhoneLab-StatusMonitorBattery: Battery_level: 95
06-14 05:00:36.068 21502 21502 I PhoneLab-Locks: wake lock released
06-14 05:00:36.075 21502 21502 I PhoneLab-StatusMonitorSignal: Signal_Strength: -86 asu: 14
06-14 05:00:36.075 21502 21502 I PhoneLab-Locks: wake lock released
06-14 05:00:36.079 22902 22919 D androidNetworkLocationListeners: Still have listener com.google.android.location.internal.client.NetworkLocationClient$1@4137d9d0
06-14 05:00:36.158 21502 21502 I PhoneLab-StatusMonitorLocation: Location_Latitude: 42.962056 Longitude: -78.8170851 Accuracy: 36.0
06-14 05:00:36.158 21502 21502 I PhoneLab-Locks: wake lock released
06-14 05:00:36.161 22902 22919 D androidNetworkLocationListeners: Still have listener com.google.android.location.internal.client.NetworkLocationClient$1@4137d9d0
06-14 05:00:36.177   142   330 I ActivityManager: Start proc com.google.android.apps.maps:LocationFriendService for service com.google.android.apps.maps/com.google.googlenav.friend.reporting.LocationReceiverService: pid=23305 uid=10057 gids={3003, 1015}
06-14 05:00:36.286 23305 23308 D dalvikvm: GC_CONCURRENT freed 166K, 3% free 9370K/9607K, paused 2ms+2ms
06-14 05:00:36.411 23305 23308 D dalvikvm: GC_CONCURRENT freed 151K, 3% free 9644K/9927K, paused 1ms+2ms
06-14 05:00:37.490 22902 22905 D dalvikvm: GC_CONCURRENT freed 524K, 7% free 9807K/10439K, paused 3ms+4ms
06-14 05:00:42.454 23099 23099 D dalvikvm: GC_EXPLICIT freed 263K, 7% free 10228K/10887K, paused 54ms+3ms
06-14 05:00:56.954 23305 23308 D dalvikvm: GC_CONCURRENT freed 230K, 4% free 9903K/10247K, paused 1ms+7ms
06-14 05:01:29.568   142   159 I ActivityManager: Start proc com.facebook.orca for broadcast com.facebook.orca/.analytics.AnalyticsPeriodicReporter$ReporterBroadcastReceiver: pid=23330 uid=10061 gids={3003, 1015, 1006}
06-14 05:01:29.572 23330 23330 I dalvikvm: Turning on JNI app bug workarounds for target SDK version 10...
06-14 05:01:29.595   142   153 I ActivityManager: Process com.google.android.apps.maps:LocationFriendService (pid 23305) has died.
06-14 05:01:29.720 23330 23330 I ActivityThread: Pub com.facebook.orca.notify.MessengerLoggedInUserProvider: com.facebook.orca.notify.MessengerLoggedInUserProvider
06-14 05:01:29.743 23330 23330 I ActivityThread: Pub com.facebook.orca.notify.MessengerForegroundProvider: com.facebook.orca.notify.MessengerForegroundProvider
06-14 05:01:29.771 23330 23330 V orca:OrcaApplication: Forcing initialization of AsyncTask
06-14 05:01:29.950 23330 23332 D dalvikvm: GC_CONCURRENT freed 222K, 4% free 9313K/9607K, paused 7ms+2ms
06-14 05:01:29.950 23330 23330 I Finalizer: Couldn't access Thread.inheritableThreadLocals. Reference finalizer threads will inherit thread local values.
06-14 05:01:30.099 23330 23332 D dalvikvm: GC_CONCURRENT freed 376K, 5% free 9432K/9927K, paused 2ms+3ms
06-14 05:01:30.220 23330 23330 W OrcaGuiceModule: Sig: ijxLJi1yGs1JpL-X1SExmchvork
06-14 05:01:30.314 23330 23332 D dalvikvm: GC_CONCURRENT freed 262K, 4% free 9626K/9991K, paused 6ms+3ms
06-14 05:01:30.685 23330 23345 W Resources: Converting to string: TypedValue{t=0x10/d=0xffffffff a=-1}
06-14 05:01:30.892 23330 23332 D dalvikvm: GC_CONCURRENT freed 324K, 4% free 9851K/10247K, paused 2ms+3ms
06-14 05:01:30.954 23330 23330 D ACRA    : Retrieve application default SharedPreferences.
06-14 05:01:30.954 23330 23330 D ACRA    : Set OnSharedPreferenceChangeListener.
06-14 05:01:30.954 23330 23330 D ACRA    : ACRA is enabled for com.facebook.orca, intializing...
06-14 05:01:30.993 23330 23330 D ACRA    : Looking for error files in /data/data/com.facebook.orca/app_acra-reports
06-14 05:01:31.021 23330 23332 D dalvikvm: GC_CONCURRENT freed 298K, 4% free 10066K/10439K, paused 2ms+6ms
06-14 05:01:31.036   142   370 I ActivityManager: Process com.facebook.orca (pid 23330) has died.
06-14 05:01:36.142   357   357 D dalvikvm: GC_EXPLICIT freed <1K, 6% free 9100K/9607K, paused 27ms+2ms
06-14 05:01:38.283   142   197 D DhcpInfoInternal: makeLinkProperties with empty dns2!
06-14 05:01:38.290   142   197 D DhcpInfoInternal: makeLinkProperties with empty dns2!
06-14 05:01:42.493   959   959 D dalvikvm: GC_EXPLICIT freed 229K, 21% free 11698K/14663K, paused 2ms+4ms
06-14 05:01:45.775 21502 21516 I PhoneLab-: Service Running
06-14 05:01:45.837 21502 21516 I PhoneLab-LoggerService: app_38    27718 1     1112   664   c00f181c 400107b4 S logcat
06-14 05:01:45.837 21502 21516 I PhoneLab-LoggerService: Logcat pid from database 27718
06-14 05:01:45.837 21502 21516 I PhoneLab-LoggerService: Logcat process found 27718
06-14 05:01:45.837 21502 21516 I PhoneLab-LoggerService: Checking Threshold
06-14 05:01:47.572 27790 27790 D dalvikvm: GC_EXPLICIT freed 62K, 36% free 11631K/17991K, paused 29ms+5ms
06-14 05:01:52.603   142   158 D dalvikvm: GC_EXPLICIT freed 805K, 23% free 19054K/24647K, paused 34ms+8ms
06-14 05:01:58.033   142   368 I ActivityManager: Start proc com.google.android.apps.maps:LocationFriendService for service com.google.android.apps.maps/com.google.googlenav.friend.reporting.LocationReceiverService: pid=23369 uid=10057 gids={3003, 1015}
06-14 05:01:58.122 23099 23101 D dalvikvm: GC_CONCURRENT freed 462K, 7% free 10233K/10887K, paused 1ms+13ms
06-14 05:01:58.158 23369 23372 D dalvikvm: GC_CONCURRENT freed 171K, 3% free 9365K/9607K, paused 1ms+2ms
06-14 05:01:58.341 23369 23372 D dalvikvm: GC_CONCURRENT freed 211K, 4% free 9688K/9991K, paused 2ms+5ms
06-14 05:01:58.536 23369 23372 D dalvikvm: GC_CONCURRENT freed 266K, 4% free 9932K/10311K, paused 2ms+2ms
06-14 05:02:05.126   213   213 D dalvikvm: GC_EXPLICIT freed 15K, 59% free 9685K/23239K, paused 4ms+2ms
06-14 05:02:10.158 22902 22902 D dalvikvm: GC_EXPLICIT freed 35K, 7% free 9808K/10439K, paused 30ms+3ms
06-14 05:02:15.150   342   342 D dalvikvm: GC_EXPLICIT freed 14K, 16% free 12088K/14343K, paused 26ms+3ms
06-14 05:02:20.142   428   428 D dalvikvm: GC_EXPLICIT freed <1K, 4% free 9037K/9347K, paused 21ms+2ms
06-14 05:02:25.177   324   324 D dalvikvm: GC_EXPLICIT freed <1K, 20% free 10618K/13191K, paused 24ms+3ms
06-14 05:02:30.083 16941 16941 E GeckoApp: low memory
06-14 05:02:30.177 16941 16941 D dalvikvm: GC_EXPLICIT freed <1K, 22% free 10500K/13319K, paused 35ms+4ms
06-14 05:02:35.177 22164 22164 D dalvikvm: GC_EXPLICIT freed <1K, 4% free 9055K/9347K, paused 19ms+2ms
06-14 05:02:40.181 22450 22450 D dalvikvm: GC_EXPLICIT freed <1K, 6% free 9715K/10247K, paused 36ms+2ms
06-14 05:02:45.193 22741 22741 D dalvikvm: GC_EXPLICIT freed 2K, 7% free 9850K/10503K, paused 26ms+3ms
06-14 05:02:50.181 23099 23099 D dalvikvm: GC_EXPLICIT freed 8K, 7% free 10225K/10887K, paused 35ms+2ms
06-14 05:02:55.181 21502 21502 D dalvikvm: GC_EXPLICIT freed 252K, 14% free 9170K/10631K, paused 20ms+4ms
06-14 05:02:58.154 23369 23376 I dalvikvm: Total arena pages for JIT: 11
06-14 05:02:58.158 23369 23376 I dalvikvm: Total arena pages for JIT: 12
06-14 05:02:58.158 23369 23376 I dalvikvm: Total arena pages for JIT: 13
06-14 05:02:58.158 23369 23376 I dalvikvm: Total arena pages for JIT: 14
06-14 05:02:58.158 23369 23376 I dalvikvm: Total arena pages for JIT: 15
06-14 05:02:58.158 23369 23376 I dalvikvm: Total arena pages for JIT: 16
06-14 05:02:58.158 23369 23376 I dalvikvm: Total arena pages for JIT: 17
06-14 05:03:30.997   142   159 I ActivityManager: Start proc com.facebook.orca for broadcast com.facebook.orca/.analytics.AnalyticsPeriodicReporter$ReporterBroadcastReceiver: pid=23395 uid=10061 gids={3003, 1015, 1006}
06-14 05:03:31.005 23395 23395 I dalvikvm: Turning on JNI app bug workarounds for target SDK version 10...
06-14 05:03:31.068   142   918 I ActivityManager: Process com.google.android.apps.maps:LocationFriendService (pid 23369) has died.
06-14 05:03:31.079 23395 23395 I ActivityThread: Pub com.facebook.orca.notify.MessengerLoggedInUserProvider: com.facebook.orca.notify.MessengerLoggedInUserProvider
06-14 05:03:31.087 23395 23395 I ActivityThread: Pub com.facebook.orca.notify.MessengerForegroundProvider: com.facebook.orca.notify.MessengerForegroundProvider
06-14 05:03:31.107 23395 23395 V orca:OrcaApplication: Forcing initialization of AsyncTask
06-14 05:03:31.161 23395 23397 D dalvikvm: GC_CONCURRENT freed 229K, 4% free 9306K/9607K, paused 2ms+2ms
06-14 05:03:31.165 23395 23395 I Finalizer: Couldn't access Thread.inheritableThreadLocals. Reference finalizer threads will inherit thread local values.
06-14 05:03:31.279 23395 23397 D dalvikvm: GC_CONCURRENT freed 366K, 5% free 9431K/9927K, paused 2ms+2ms
06-14 05:03:31.345 23395 23395 W OrcaGuiceModule: Sig: ijxLJi1yGs1JpL-X1SExmchvork
06-14 05:03:31.419 23395 23397 D dalvikvm: GC_CONCURRENT freed 275K, 4% free 9617K/9991K, paused 4ms+2ms
06-14 05:03:31.572 23395 23410 W Resources: Converting to string: TypedValue{t=0x10/d=0xffffffff a=-1}
06-14 05:03:31.669 23395 23397 D dalvikvm: GC_CONCURRENT freed 327K, 4% free 9848K/10247K, paused 2ms+3ms
06-14 05:03:31.732 23395 23395 D ACRA    : Retrieve application default SharedPreferences.
06-14 05:03:31.732 23395 23395 D ACRA    : Set OnSharedPreferenceChangeListener.
06-14 05:03:31.732 23395 23395 D ACRA    : ACRA is enabled for com.facebook.orca, intializing...
06-14 05:03:31.767 23395 23395 D ACRA    : Looking for error files in /data/data/com.facebook.orca/app_acra-reports
06-14 05:03:31.806 23395 23397 D dalvikvm: GC_CONCURRENT freed 293K, 4% free 10070K/10439K, paused 2ms+4ms
06-14 05:03:31.849 23395 23410 D dalvikvm: GC_FOR_ALLOC freed 242K, 6% free 10120K/10695K, paused 21ms
06-14 05:03:31.904 23395 23410 D dalvikvm: GC_FOR_ALLOC freed 110K, 5% free 10223K/10695K, paused 22ms
06-14 05:03:31.943   142   154 I ActivityManager: Process com.facebook.orca (pid 23395) has died.
06-14 05:03:37.068   357   357 D dalvikvm: GC_EXPLICIT freed <1K, 6% free 9100K/9607K, paused 27ms+2ms
06-14 05:03:42.095   959   959 D dalvikvm: GC_EXPLICIT freed 208K, 21% free 11694K/14663K, paused 16ms+4ms
06-14 05:03:45.775 21502 21516 I PhoneLab-: Service Running
06-14 05:03:45.829 21502 21516 I PhoneLab-LoggerService: app_38    27718 1     1112   664   c00f181c 400107b4 S logcat
06-14 05:03:45.833 21502 21516 I PhoneLab-LoggerService: Logcat pid from database 27718
06-14 05:03:45.833 21502 21516 I PhoneLab-LoggerService: Logcat process found 27718
06-14 05:03:45.833 21502 21516 I PhoneLab-LoggerService: Checking Threshold
06-14 05:03:47.064 27790 27790 D dalvikvm: GC_EXPLICIT freed 31K, 36% free 11631K/17991K, paused 32ms+5ms
06-14 05:03:52.158   142   158 D dalvikvm: GC_EXPLICIT freed 609K, 23% free 19043K/24647K, paused 33ms+8ms
06-14 05:03:58.212   142   370 I ActivityManager: Start proc com.google.android.apps.maps:LocationFriendService for service com.google.android.apps.maps/com.google.googlenav.friend.reporting.LocationReceiverService: pid=23417 uid=10057 gids={3003, 1015}
06-14 05:03:58.333 23417 23419 D dalvikvm: GC_CONCURRENT freed 176K, 3% free 9360K/9607K, paused 1ms+2ms
06-14 05:03:58.365 23099 23101 D dalvikvm: GC_CONCURRENT freed 473K, 6% free 10239K/10887K, paused 2ms+2ms
06-14 05:03:58.509 23417 23419 D dalvikvm: GC_CONCURRENT freed 194K, 3% free 9696K/9991K, paused 3ms+2ms
06-14 05:03:58.708 23417 23419 D dalvikvm: GC_CONCURRENT freed 283K, 4% free 9933K/10311K, paused 1ms+2ms
06-14 05:04:03.158   142   197 D DhcpInfoInternal: makeLinkProperties with empty dns2!
06-14 05:04:03.161   142   197 D DhcpInfoInternal: makeLinkProperties with empty dns2!
06-14 05:04:07.372   213   213 D dalvikvm: GC_EXPLICIT freed 16K, 59% free 9685K/23239K, paused 2ms+3ms
06-14 05:04:12.450 22902 22902 D dalvikvm: GC_EXPLICIT freed 32K, 7% free 9806K/10439K, paused 25ms+5ms
06-14 05:04:17.450   342   342 D dalvikvm: GC_EXPLICIT freed 5K, 16% free 12088K/14343K, paused 5ms+3ms
06-14 05:04:22.466   428   428 D dalvikvm: GC_EXPLICIT freed <1K, 4% free 9037K/9347K, paused 21ms+2ms
06-14 05:04:27.474   324   324 D dalvikvm: GC_EXPLICIT freed <1K, 20% free 10618K/13191K, paused 26ms+4ms
06-14 05:04:32.376 16941 16941 E GeckoApp: low memory
06-14 05:04:32.462 16941 16941 D dalvikvm: GC_EXPLICIT freed 3K, 22% free 10500K/13319K, paused 29ms+6ms
06-14 05:04:37.439 22164 22164 D dalvikvm: GC_EXPLICIT freed <1K, 4% free 9055K/9347K, paused 22ms+2ms
06-14 05:04:40.388   142   172 I ActivityManager: Start proc com.twitter.android for service com.twitter.android/.client.AppService: pid=23458 uid=10068 gids={3003, 1015}
06-14 05:04:40.415 23458 23458 I dalvikvm: Turning on JNI app bug workarounds for target SDK version 11...
06-14 05:04:40.423    80    80 D dalvikvm: GC_EXPLICIT freed 38K, 4% free 9031K/9347K, paused 1ms+6ms
06-14 05:04:40.478    80    80 D dalvikvm: GC_EXPLICIT freed <1K, 4% free 9031K/9347K, paused 2ms+6ms
06-14 05:04:40.517    80    80 D dalvikvm: GC_EXPLICIT freed <1K, 4% free 9031K/9347K, paused 1ms+2ms
06-14 05:04:40.521   142   602 I ActivityManager: Process com.google.android.apps.maps:LocationFriendService (pid 23417) has died.
06-14 05:04:40.560 23458 23458 I ActivityThread: Pub com.twitter.android.provider.GlobalDatabaseProvider: com.twitter.android.provider.GlobalDatabaseProvider
06-14 05:04:40.564 23458 23458 I ActivityThread: Pub com.twitter.android.provider.TwitterProvider: com.twitter.android.provider.TwitterProvider
06-14 05:04:40.978 23458 23460 D dalvikvm: GC_CONCURRENT freed 226K, 4% free 9265K/9607K, paused 2ms+24ms
06-14 05:04:43.911   142 23471 I ActivityManager: Applications Memory Usage (kB):
06-14 05:04:43.911   142 23471 I ActivityManager: Uptime: 175049225 Realtime: 301945619
06-14 05:04:43.911   142 23471 I ActivityManager: Total PSS by OOM adjustment:
06-14 05:04:43.911   142 23471 I ActivityManager:     35044 kB: System
06-14 05:04:43.911   142 23471 I ActivityManager:                35044 kB: system (pid 142)
06-14 05:04:43.911   142 23471 I ActivityManager:     29043 kB: Persistent
06-14 05:04:43.911   142 23471 I ActivityManager:                12738 kB: com.android.systemui (pid 213)
06-14 05:04:43.911   142 23471 I ActivityManager:                12090 kB: com.android.phone (pid 342)
06-14 05:04:43.911   142 23471 I ActivityManager:                 4215 kB: com.android.nfc (pid 357)
06-14 05:04:43.911   142 23471 I ActivityManager:     31388 kB: Foreground
06-14 05:04:43.911   142 23471 I ActivityManager:                31388 kB: com.android.launcher (pid 27790)
06-14 05:04:43.911   142 23471 I ActivityManager:     18719 kB: Visible
06-14 05:04:43.911   142 23471 I ActivityManager:                10012 kB: com.google.process.gapps (pid 22902)
06-14 05:04:43.911   142 23471 I ActivityManager:                 5739 kB: com.twitter.android (pid 23458)
06-14 05:04:43.911   142 23471 I ActivityManager:                 2968 kB: com.android.smspush (pid 428)
06-14 05:04:43.911   142 23471 I ActivityManager:     29981 kB: Perceptible
06-14 05:04:43.911   142 23471 I ActivityManager:                19694 kB: hr.podlanica (pid 959)
06-14 05:04:43.911   142 23471 I ActivityManager:                10287 kB: com.android.inputmethod.latin (pid 324)
06-14 05:04:43.911   142 23471 I ActivityManager:     13614 kB: A Services
06-14 05:04:43.911   142 23471 I ActivityManager:                 8467 kB: com.google.android.apps.maps:NetworkLocationService (pid 23099)
06-14 05:04:43.911   142 23471 I ActivityManager:                 5147 kB: edu.buffalo.cse.phonelab.phonelabservices (pid 21502)
06-14 05:04:43.911   142 23471 I ActivityManager:     67724 kB: Previous
06-14 05:04:43.911   142 23471 I ActivityManager:                67724 kB: org.mozilla.firefox_beta (pid 16941)
06-14 05:04:43.911   142 23471 I ActivityManager:     15200 kB: B Services
06-14 05:04:43.911   142 23471 I ActivityManager:                 6499 kB: com.whatsapp (pid 22741)
06-14 05:04:43.911   142 23471 I ActivityManager:                 5646 kB: com.google.android.apps.googlevoice (pid 22450)
06-14 05:04:43.911   142 23471 I ActivityManager:                 3055 kB: com.android.sprintmenu (pid 22164)
06-14 05:04:43.911   142 23471 I ActivityManager: 
06-14 05:04:43.911   142 23471 I ActivityManager: Total PSS: 240713 kB
06-14 05:04:43.911   142 23471 I ActivityManager:   PID      Vss      Rss      Pss      Uss  cmdline
06-14 05:04:43.911   142 23471 I ActivityManager: 16941   84540K   84452K   67825K   66600K  org.mozilla.firefox_beta
06-14 05:04:43.911   142 23471 I ActivityManager:   142   53512K   53448K   35081K   31288K  system_server
06-14 05:04:43.911   142 23471 I ActivityManager: 27790   50084K   49980K   31493K   28720K  com.android.launcher
06-14 05:04:43.911   142 23471 I ActivityManager:   959   33924K   33844K   19736K   18808K  hr.podlanica
06-14 05:04:43.911   142 23471 I ActivityManager:    79   24324K   21324K   13868K    7208K  /system/bin/surfaceflinger
06-14 05:04:43.911   142 23471 I ActivityManager:   213   32060K   31960K   12786K    8416K  com.android.systemui
06-14 05:04:43.911   142 23471 I ActivityManager:   342   27536K   27452K   12135K   11112K  com.android.phone
06-14 05:04:43.911   142 23471 I ActivityManager:   324   25252K   25164K   10337K    9384K  com.android.inputmethod.latin
06-14 05:04:43.911   142 23471 I ActivityManager: 22902   29972K   29880K    9734K    7684K  com.google.process.gapps
06-14 05:04:43.911   142 23471 I ActivityManager: 23099   28764K   28700K    8512K    6424K  com.google.android.apps.maps:NetworkLocationService
06-14 05:04:43.911   142 23471 I ActivityManager: 22741   26868K   26768K    6546K    4656K  com.whatsapp
06-14 05:04:43.911   142 23471 I ActivityManager: 23458   25820K   25756K    6081K    4204K  com.twitter.android
06-14 05:04:43.911   142 23471 I ActivityManager: 22450   25776K   25676K    5694K    3940K  com.google.android.apps.googlevoice
06-14 05:04:43.911   142 23471 I ActivityManager: 21502   24608K   24512K    5185K    3536K  edu.buffalo.cse.phonelab.phonelabservices
06-14 05:04:43.911   142 23471 I ActivityManager:   357   19360K   19264K    4260K    3296K  com.android.nfc
06-14 05:04:43.911   142 23471 I ActivityManager: 18802   18056K   17952K    3511K    2544K  com.spotify.mobile.android.ui
06-14 05:04:43.911   142 23471 I ActivityManager: 22164   22348K   22244K    3103K    1540K  com.android.sprintmenu
06-14 05:04:43.911   142 23471 I ActivityManager:   428   18496K   18384K    3018K    1932K  com.android.smspush
06-14 05:04:43.911   142 23471 I ActivityManager:    80   18728K   18600K    2305K    1056K  zygote
06-14 05:04:43.911   142 23471 I ActivityManager:    82    2208K    2208K    1923K    1900K  /system/bin/mediaserver
06-14 05:04:43.911   142 23471 I ActivityManager:    81    1088K    1088K     884K     876K  /system/bin/drmserver
06-14 05:04:43.911   142 23471 I ActivityManager:    78     972K     972K     685K     664K  /system/bin/rild
06-14 05:04:43.911   142 23471 I ActivityManager: 23474     728K     720K     596K     592K  procrank
06-14 05:04:43.911   142 23471 I ActivityManager: 27718     668K     664K     525K     520K  logcat
06-14 05:04:43.911   142 23471 I ActivityManager:    88     444K     444K     428K     428K  /sbin/adbd
06-14 05:04:43.911   142 23471 I ActivityManager:  8348     588K     584K     423K     412K  /system/bin/wpa_supplicant
06-14 05:04:43.911   142 23471 I ActivityManager: 21041     564K     564K     374K     360K  /system/bin/netd
06-14 05:04:43.911   142 23471 I ActivityManager:   298     388K     388K     302K     300K  /system/bin/bluetoothd
06-14 05:04:43.911   142 23471 I ActivityManager:    73     436K     432K     296K     288K  /system/bin/vold
06-14 05:04:43.911   142 23471 I ActivityManager:    86     472K     468K     283K     276K  /system/vendor/bin/gpsd
06-14 05:04:43.911   142 23471 I ActivityManager:    85     392K     356K     247K     244K  /system/bin/keystore
06-14 05:04:43.911   142 23471 I ActivityManager: 21152     356K     352K     198K     192K  /system/bin/dhcpcd
06-14 05:04:43.911   142 23471 I ActivityManager:    83     276K     268K     186K     184K  /system/bin/dbus-daemon
06-14 05:04:43.911   142 23471 I ActivityManager:     1     204K     204K     138K     100K  /init
06-14 05:04:43.911   142 23471 I ActivityManager:   200     204K     196K     133K     132K  /system/bin/brcm_patchram_plus
06-14 05:04:43.911   142 23471 I ActivityManager:    84     248K     240K     123K     120K  /system/bin/installd
06-14 05:04:43.911   142 23471 I ActivityManager:    61     160K     160K     122K      84K  /sbin/ueventd
06-14 05:04:43.911   142 23471 I ActivityManager:    87     172K     168K     105K     104K  /system/bin/sh
06-14 05:04:43.911   142 23471 I ActivityManager:    72     180K     172K      94K      92K  /system/bin/servicemanager
06-14 05:04:43.911   142 23471 I ActivityManager: 22381     196K     188K      75K      72K  /system/bin/debuggerd
06-14 05:04:43.911   142 23471 I ActivityManager:                           ------   ------  ------
06-14 05:04:43.911   142 23471 I ActivityManager:                          269371K  230288K  TOTAL
06-14 05:04:43.911   142 23471 I ActivityManager: RAM: 342896K total, 26360K free, 1032K buffers, 52912K cached, 1
06-14 05:04:43.931 23458 23460 D dalvikvm: GC_CONCURRENT freed 174K, 4% free 9494K/9799K, paused 1ms+2ms
06-14 05:04:44.072 23458 23460 D dalvikvm: GC_CONCURRENT freed 300K, 5% free 9632K/10055K, paused 2ms+2ms
06-14 05:04:44.200 23458 23460 D dalvikvm: GC_CONCURRENT freed 300K, 5% free 9757K/10183K, paused 2ms+2ms
06-14 05:04:44.341 23458 23460 D dalvikvm: GC_CONCURRENT freed 315K, 5% free 9888K/10311K, paused 1ms+2ms
06-14 05:04:44.521 23458 23460 D dalvikvm: GC_CONCURRENT freed 311K, 5% free 10020K/10439K, paused 8ms+2ms
06-14 05:04:44.677 23458 23460 D dalvikvm: GC_CONCURRENT freed 294K, 4% free 10147K/10567K, paused 1ms+2ms
06-14 05:04:44.849 23458 23460 D dalvikvm: GC_CONCURRENT freed 307K, 4% free 10280K/10695K, paused 4ms+8ms
06-14 05:04:45.064 23458 23460 D dalvikvm: GC_CONCURRENT freed 477K, 6% free 10247K/10823K, paused 1ms+2ms
06-14 05:04:45.189 23458 23460 D dalvikvm: GC_CONCURRENT freed 393K, 5% free 10311K/10823K, paused 1ms+2ms
06-14 05:04:45.341 23458 23460 D dalvikvm: GC_CONCURRENT freed 356K, 5% free 10411K/10887K, paused 1ms+2ms
06-14 05:04:45.490 23458 23460 D dalvikvm: GC_CONCURRENT freed 354K, 5% free 10492K/10951K, paused 2ms+2ms
06-14 05:04:45.583   357   357 D dalvikvm: GC_EXPLICIT freed <1K, 6% free 9100K/9607K, paused 2ms+2ms
06-14 05:04:45.638 23458 23460 D dalvikvm: GC_CONCURRENT freed 321K, 5% free 10571K/11015K, paused 2ms+1ms
06-14 05:04:45.783 23458 23460 D dalvikvm: GC_CONCURRENT freed 384K, 5% free 10664K/11143K, paused 2ms+2ms
06-14 05:04:45.911 23458 23460 D dalvikvm: GC_CONCURRENT freed 407K, 5% free 10760K/11271K, paused 2ms+2ms
06-14 05:04:45.986   142   368 I ActivityManager: Process com.whatsapp (pid 22741) has died.
06-14 05:04:45.986   142   368 W ActivityManager: Scheduling restart of crashed service com.whatsapp/.messaging.MessageService in 5000ms
06-14 05:04:46.107 23458 23460 D dalvikvm: GC_CONCURRENT freed 361K, 4% free 10953K/11399K, paused 2ms+2ms
06-14 05:04:48.283 23458 23460 D dalvikvm: GC_CONCURRENT freed 435K, 5% free 11091K/11655K, paused 13ms+2ms
06-14 05:04:51.072   142   159 I ActivityManager: Start proc com.whatsapp for service com.whatsapp/.messaging.MessageService: pid=23480 uid=10070 gids={1015, 3003}
06-14 05:04:51.079 23480 23480 I dalvikvm: Turning on JNI app bug workarounds for target SDK version 7...
06-14 05:04:51.341 23480 23482 D dalvikvm: GC_CONCURRENT freed 156K, 3% free 9366K/9607K, paused 4ms+2ms
06-14 05:04:51.572   142   294 I ActivityManager: Process com.twitter.android (pid 23458) has died.
06-14 05:04:51.740 23480 23482 D dalvikvm: GC_CONCURRENT freed 287K, 4% free 9598K/9991K, paused 2ms+3ms
06-14 05:04:51.974 23480 23480 I SqliteDatabaseCpp: sqlite returned: error code = 1, msg = duplicate column name: photo_ts, db=/data/data/com.whatsapp/databases/msgstore.db
06-14 05:04:51.974 23480 23480 I SqliteDatabaseCpp: sqlite returned: error code = 1, msg = duplicate column name: thumb_ts, db=/data/data/com.whatsapp/databases/msgstore.db
06-14 05:04:51.974 23480 23480 I SqliteDatabaseCpp: sqlite returned: error code = 1, msg = duplicate column name: photo_id_timestamp, db=/data/data/com.whatsapp/databases/msgstore.db
06-14 05:04:52.013   142   422 I ActivityManager: Start proc android.process.acore for content provider com.android.providers.contacts/.ContactsProvider2: pid=23499 uid=10000 gids={3003, 1015}
06-14 05:04:52.060 23499 23499 I ActivityThread: Pub call_log: com.android.providers.contacts.CallLogProvider
06-14 05:04:52.107 23499 23499 I ActivityThread: Pub com.android.voicemail: com.android.providers.contacts.VoicemailContentProvider
06-14 05:04:52.111 23499 23499 I ActivityThread: Pub user_dictionary: com.android.providers.userdictionary.UserDictionaryProvider
06-14 05:04:52.142 23499 23499 I ActivityThread: Pub com.android.social: com.android.providers.contacts.SocialProvider
06-14 05:04:52.146 23499 23499 I ActivityThread: Pub applications: com.android.providers.applications.ApplicationsProvider
06-14 05:04:52.185 23480 23480 I dalvikvm: Could not find method android.media.MediaMetadataRetriever.captureFrame, referenced from method com.whatsapp.d3.a
06-14 05:04:52.185 23480 23480 W dalvikvm: VFY: unable to resolve virtual method 496: Landroid/media/MediaMetadataRetriever;.captureFrame ()Landroid/graphics/Bitmap;
06-14 05:04:52.185 23480 23480 D dalvikvm: VFY: replacing opcode 0x6e at 0x0134
06-14 05:04:52.361 23499 23502 D dalvikvm: GC_CONCURRENT freed 329K, 5% free 9140K/9543K, paused 1ms+6ms
06-14 05:04:52.408 23480 23482 D dalvikvm: GC_CONCURRENT freed 285K, 4% free 9791K/10183K, paused 2ms+2ms
06-14 05:04:52.478   142   602 D dalvikvm: GC_EXPLICIT freed 1512K, 23% free 19047K/24647K, paused 3ms+8ms
06-14 05:04:52.513 23499 23499 I ActivityThread: Pub contacts;com.android.contacts: com.android.providers.contacts.ContactsProvider2
06-14 05:04:52.661 23480 23482 D dalvikvm: GC_CONCURRENT freed 284K, 5% free 9956K/10375K, paused 2ms+20ms
06-14 05:04:54.263 23499 23502 D dalvikvm: GC_CONCURRENT freed 200K, 4% free 9354K/9671K, paused 39ms+2ms
06-14 05:04:55.490 23480 23482 D dalvikvm: GC_CONCURRENT freed 275K, 4% free 10117K/10503K, paused 2ms+90ms
06-14 05:04:57.783 23499 23502 D dalvikvm: GC_CONCURRENT freed 252K, 4% free 9541K/9927K, paused 19ms+3ms
06-14 05:04:58.411   142   921 I ActivityManager: Start proc com.google.android.apps.maps:LocationFriendService for service com.google.android.apps.maps/com.google.googlenav.friend.reporting.LocationReceiverService: pid=23524 uid=10057 gids={3003, 1015}
06-14 05:04:58.763 23524 23525 D dalvikvm: GC_CONCURRENT freed 158K, 3% free 9378K/9607K, paused 12ms+2ms
06-14 05:04:58.908   142   422 I ActivityManager: Process android.process.acore (pid 23499) has died.
06-14 05:04:59.325 23524 23525 D dalvikvm: GC_CONCURRENT freed 153K, 3% free 9664K/9927K, paused 17ms+4ms
06-14 05:04:59.767 23524 23525 D dalvikvm: GC_CONCURRENT freed 238K, 4% free 9883K/10247K, paused 2ms+2ms
06-14 05:04:59.798 23524 23528 I dalvikvm: Total arena pages for JIT: 11
06-14 05:04:59.798 23524 23528 I dalvikvm: Total arena pages for JIT: 12
06-14 05:04:59.798 23524 23528 I dalvikvm: Total arena pages for JIT: 13
06-14 05:04:59.798 23524 23528 I dalvikvm: Total arena pages for JIT: 14
06-14 05:04:59.802 23524 23528 I dalvikvm: Total arena pages for JIT: 15
06-14 05:04:59.806 23524 23528 I dalvikvm: Total arena pages for JIT: 16
06-14 05:04:59.806 23524 23528 I dalvikvm: Total arena pages for JIT: 17
06-14 05:05:05.161   959   959 D dalvikvm: GC_EXPLICIT freed 150K, 21% free 11686K/14663K, paused 23ms+3ms
06-14 05:05:10.158 27790 27790 D dalvikvm: GC_EXPLICIT freed 51K, 36% free 11631K/17991K, paused 30ms+2ms
06-14 05:05:16.353   142   158 D dalvikvm: GC_EXPLICIT freed 383K, 23% free 19035K/24647K, paused 3ms+7ms
06-14 05:05:21.333   213   213 D dalvikvm: GC_EXPLICIT freed 8K, 59% free 9684K/23239K, paused 33ms+3ms
06-14 05:05:26.365 22902 22902 D dalvikvm: GC_EXPLICIT freed 22K, 7% free 9803K/10439K, paused 54ms+3ms
06-14 05:05:31.380   342   342 D dalvikvm: GC_EXPLICIT freed 3K, 16% free 12088K/14343K, paused 46ms+4ms
06-14 05:05:31.810   142   159 I ActivityManager: Start proc com.facebook.orca for broadcast com.facebook.orca/.analytics.AnalyticsPeriodicReporter$ReporterBroadcastReceiver: pid=23547 uid=10061 gids={3003, 1015, 1006}
06-14 05:05:31.814 23547 23547 I dalvikvm: Turning on JNI app bug workarounds for target SDK version 10...
06-14 05:05:31.915 23547 23547 I ActivityThread: Pub com.facebook.orca.notify.MessengerLoggedInUserProvider: com.facebook.orca.notify.MessengerLoggedInUserProvider
06-14 05:05:31.923 23547 23547 I ActivityThread: Pub com.facebook.orca.notify.MessengerForegroundProvider: com.facebook.orca.notify.MessengerForegroundProvider
06-14 05:05:31.927 23547 23547 V orca:OrcaApplication: Forcing initialization of AsyncTask
06-14 05:05:31.954   142 12773 I ActivityManager: Process com.google.android.apps.maps:LocationFriendService (pid 23524) has died.
06-14 05:05:32.052 23547 23549 D dalvikvm: GC_CONCURRENT freed 186K, 3% free 9327K/9607K, paused 2ms+2ms
06-14 05:05:32.068 23547 23547 I Finalizer: Couldn't access Thread.inheritableThreadLocals. Reference finalizer threads will inherit thread local values.
06-14 05:05:32.232 23547 23549 D dalvikvm: GC_CONCURRENT freed 364K, 5% free 9438K/9927K, paused 1ms+2ms
06-14 05:05:32.341 23547 23547 W OrcaGuiceModule: Sig: ijxLJi1yGs1JpL-X1SExmchvork
06-14 05:05:32.435 23547 23549 D dalvikvm: GC_CONCURRENT freed 296K, 4% free 9613K/9991K, paused 7ms+3ms
06-14 05:05:32.685 23547 23563 W Resources: Converting to string: TypedValue{t=0x10/d=0xffffffff a=-1}
06-14 05:05:32.818 23547 23549 D dalvikvm: GC_CONCURRENT freed 327K, 4% free 9848K/10247K, paused 3ms+3ms
06-14 05:05:32.904 23547 23547 D ACRA    : Retrieve application default SharedPreferences.
06-14 05:05:32.904 23547 23547 D ACRA    : Set OnSharedPreferenceChangeListener.
06-14 05:05:32.904 23547 23547 D ACRA    : ACRA is enabled for com.facebook.orca, intializing...
06-14 05:05:32.931 23547 23547 D ACRA    : Looking for error files in /data/data/com.facebook.orca/app_acra-reports
06-14 05:05:32.947 23547 23549 D dalvikvm: GC_CONCURRENT freed 300K, 4% free 10064K/10439K, paused 2ms+5ms
06-14 05:05:33.009 23547 23563 D dalvikvm: GC_FOR_ALLOC freed 246K, 6% free 10121K/10695K, paused 23ms
06-14 05:05:33.072 23547 23563 D dalvikvm: GC_FOR_ALLOC freed 120K, 5% free 10226K/10695K, paused 32ms
06-14 05:05:33.099   142   918 I ActivityManager: Process com.facebook.orca (pid 23547) has died.
06-14 05:05:38.193   428   428 D dalvikvm: GC_EXPLICIT freed <1K, 4% free 9037K/9347K, paused 21ms+2ms
06-14 05:05:43.255   324   324 D dalvikvm: GC_EXPLICIT freed <1K, 20% free 10618K/13191K, paused 24ms+3ms
06-14 05:05:45.786 21502 21516 I PhoneLab-: Service Running
06-14 05:05:45.919 21502 21516 I PhoneLab-LoggerService: app_38    27718 1     1112   664   c00f181c 400107b4 S logcat
06-14 05:05:45.919 21502 21516 I PhoneLab-LoggerService: Logcat pid from database 27718
06-14 05:05:45.919 21502 21516 I PhoneLab-LoggerService: Logcat process found 27718
06-14 05:05:45.919 21502 21516 I PhoneLab-LoggerService: Checking Threshold
06-14 05:05:48.169 16941 16941 E GeckoApp: low memory
06-14 05:05:48.255 16941 16941 D dalvikvm: GC_EXPLICIT freed 2K, 22% free 10500K/13319K, paused 2ms+4ms
06-14 05:05:53.236 22164 22164 D dalvikvm: GC_EXPLICIT freed <1K, 4% free 9055K/9347K, paused 26ms+2ms
06-14 05:05:58.458   142   142 I ActivityManager: Start proc com.google.android.apps.maps:LocationFriendService for service com.google.android.apps.maps/com.google.googlenav.friend.reporting.LocationReceiverService: pid=23569 uid=10057 gids={3003, 1015}
06-14 05:05:58.583 23569 23572 D dalvikvm: GC_CONCURRENT freed 163K, 3% free 9373K/9607K, paused 3ms+2ms
06-14 05:05:58.638 23099 23101 D dalvikvm: GC_CONCURRENT freed 478K, 6% free 10238K/10887K, paused 1ms+2ms
06-14 05:05:58.775 23569 23572 D dalvikvm: GC_CONCURRENT freed 163K, 3% free 9706K/9991K, paused 2ms+3ms
06-14 05:05:59.060 23569 23572 D dalvikvm: GC_CONCURRENT freed 309K, 4% free 9926K/10311K, paused 5ms+2ms
06-14 05:05:59.521 23569 23572 D dalvikvm: GC_CONCURRENT freed 331K, 5% free 10039K/10503K, paused 7ms+2ms
06-14 05:06:00.478 23569 23572 D dalvikvm: GC_CONCURRENT freed 204K, 3% free 10277K/10567K, paused 2ms+3ms
06-14 05:06:05.154 22450 22450 D dalvikvm: GC_EXPLICIT freed <1K, 6% free 9715K/10247K, paused 25ms+2ms
06-14 05:06:10.146 23099 23099 D dalvikvm: GC_EXPLICIT freed 8K, 7% free 10230K/10887K, paused 28ms+2ms
06-14 05:06:15.161 21502 21502 D dalvikvm: GC_EXPLICIT freed 103K, 14% free 9165K/10631K, paused 24ms+3ms
06-14 05:06:27.493   142   368 I ActivityManager: Process com.google.android.apps.maps:LocationFriendService (pid 23569) has died.
06-14 05:06:28.056   142   197 D DhcpInfoInternal: makeLinkProperties with empty dns2!
06-14 05:06:28.056   142   197 D DhcpInfoInternal: makeLinkProperties with empty dns2!
06-14 05:06:32.595   357   357 D dalvikvm: GC_EXPLICIT freed <1K, 6% free 9100K/9607K, paused 29ms+3ms
06-14 05:06:37.638   959   959 D dalvikvm: GC_EXPLICIT freed 157K, 21% free 11688K/14663K, paused 19ms+3ms
06-14 05:06:42.611 27790 27790 D dalvikvm: GC_EXPLICIT freed 41K, 36% free 11631K/17991K, paused 26ms+3ms
06-14 05:06:47.708   142   158 D dalvikvm: GC_EXPLICIT freed 648K, 23% free 19038K/24647K, paused 37ms+9ms
06-14 05:06:52.618   213   213 D dalvikvm: GC_EXPLICIT freed 7K, 59% free 9684K/23239K, paused 45ms+4ms
06-14 05:06:58.443   142   142 I ActivityManager: Start proc com.google.android.apps.maps:LocationFriendService for service com.google.android.apps.maps/com.google.googlenav.friend.reporting.LocationReceiverService: pid=23614 uid=10057 gids={3003, 1015}
06-14 05:06:58.560 23614 23617 D dalvikvm: GC_CONCURRENT freed 165K, 3% free 9370K/9607K, paused 2ms+2ms
06-14 05:06:58.732 23614 23617 D dalvikvm: GC_CONCURRENT freed 200K, 3% free 9710K/9991K, paused 2ms+2ms
06-14 05:06:58.849 22902 22913 D dalvikvm: GC_EXPLICIT freed 33K, 6% free 9820K/10439K, paused 2ms+3ms
06-14 05:06:58.950 23614 23617 D dalvikvm: GC_CONCURRENT freed 272K, 4% free 9923K/10311K, paused 2ms+2ms
06-14 05:06:59.279   142   153 I ActivityManager: Process com.google.android.apps.maps:LocationFriendService (pid 23614) has died.
06-14 05:07:05.161 22902 22902 D dalvikvm: GC_EXPLICIT freed 23K, 7% free 9798K/10439K, paused 52ms+4ms
06-14 05:07:10.146   342   342 D dalvikvm: GC_EXPLICIT freed 5K, 16% free 12088K/14343K, paused 26ms+3ms
06-14 05:07:15.150   428   428 D dalvikvm: GC_EXPLICIT freed <1K, 4% free 9037K/9347K, paused 25ms+2ms
06-14 05:07:20.173   324   324 D dalvikvm: GC_EXPLICIT freed <1K, 20% free 10618K/13191K, paused 24ms+3ms
06-14 05:07:25.072 16941 16941 E GeckoApp: low memory
06-14 05:07:25.189 16941 16941 D dalvikvm: GC_EXPLICIT freed 3K, 22% free 10500K/13319K, paused 34ms+4ms
06-14 05:07:30.142 22164 22164 D dalvikvm: GC_EXPLICIT freed <1K, 4% free 9055K/9347K, paused 22ms+2ms
06-14 05:07:32.950   142   159 I ActivityManager: Start proc com.facebook.orca for broadcast com.facebook.orca/.analytics.AnalyticsPeriodicReporter$ReporterBroadcastReceiver: pid=23637 uid=10061 gids={3003, 1015, 1006}
06-14 05:07:32.954 23637 23637 I dalvikvm: Turning on JNI app bug workarounds for target SDK version 10...
06-14 05:07:33.060 23637 23637 I ActivityThread: Pub com.facebook.orca.notify.MessengerLoggedInUserProvider: com.facebook.orca.notify.MessengerLoggedInUserProvider
06-14 05:07:33.075 23637 23637 I ActivityThread: Pub com.facebook.orca.notify.MessengerForegroundProvider: com.facebook.orca.notify.MessengerForegroundProvider
06-14 05:07:33.079 23637 23637 V orca:OrcaApplication: Forcing initialization of AsyncTask
06-14 05:07:33.220 23637 23639 D dalvikvm: GC_CONCURRENT freed 223K, 3% free 9328K/9607K, paused 3ms+4ms
06-14 05:07:33.220 23637 23637 I Finalizer: Couldn't access Thread.inheritableThreadLocals. Reference finalizer threads will inherit thread local values.
06-14 05:07:33.404 23637 23639 D dalvikvm: GC_CONCURRENT freed 360K, 5% free 9446K/9927K, paused 2ms+3ms
06-14 05:07:33.521 23637 23637 W OrcaGuiceModule: Sig: ijxLJi1yGs1JpL-X1SExmchvork
06-14 05:07:33.630 23637 23639 D dalvikvm: GC_CONCURRENT freed 278K, 4% free 9621K/9991K, paused 5ms+2ms
06-14 05:07:34.079 23637 23652 W Resources: Converting to string: TypedValue{t=0x10/d=0xffffffff a=-1}
06-14 05:07:34.259 23637 23639 D dalvikvm: GC_CONCURRENT freed 300K, 4% free 9874K/10247K, paused 5ms+3ms
06-14 05:07:34.376 23637 23639 D dalvikvm: GC_CONCURRENT freed 322K, 4% free 10096K/10503K, paused 2ms+3ms
06-14 05:07:34.400 23637 23652 D dalvikvm: GC_FOR_ALLOC freed 186K, 5% free 10111K/10631K, paused 21ms
06-14 05:07:34.431 23637 23652 D dalvikvm: GC_FOR_ALLOC freed 63K, 5% free 10178K/10631K, paused 18ms
06-14 05:07:34.431 23637 23637 D ACRA    : Retrieve application default SharedPreferences.
06-14 05:07:34.431 23637 23637 D ACRA    : Set OnSharedPreferenceChangeListener.
06-14 05:07:34.431 23637 23637 D ACRA    : ACRA is enabled for com.facebook.orca, intializing...
06-14 05:07:34.474 23637 23652 D dalvikvm: GC_FOR_ALLOC freed 270K, 5% free 10291K/10823K, paused 19ms
06-14 05:07:34.474 23637 23637 D ACRA    : Looking for error files in /data/data/com.facebook.orca/app_acra-reports
06-14 05:07:34.673 23637 23639 D dalvikvm: GC_CONCURRENT freed 359K, 4% free 10457K/10887K, paused 12ms+3ms
06-14 05:07:34.786   142   294 I ActivityManager: Process com.facebook.orca (pid 23637) has died.
06-14 05:07:39.904   357   357 D dalvikvm: GC_EXPLICIT freed <1K, 6% free 9100K/9607K, paused 28ms+4ms
06-14 05:07:44.896   959   959 D dalvikvm: GC_EXPLICIT freed 119K, 21% free 11682K/14663K, paused 16ms+3ms
06-14 05:07:45.794 21502 21516 I PhoneLab-: Service Running
06-14 05:07:45.884 21502 21516 I PhoneLab-LoggerService: app_38    27718 1     1112   664   c00f181c 400107b4 S logcat
06-14 05:07:45.888 21502 21516 I PhoneLab-LoggerService: Logcat pid from database 27718
06-14 05:07:45.888 21502 21516 I PhoneLab-LoggerService: Logcat process found 27718
06-14 05:07:45.888 21502 21516 I PhoneLab-LoggerService: Checking Threshold
06-14 05:07:49.927 27790 27790 D dalvikvm: GC_EXPLICIT freed 31K, 36% free 11631K/17991K, paused 28ms+3ms
06-14 05:07:54.966   142   158 D dalvikvm: GC_EXPLICIT freed 468K, 23% free 19033K/24647K, paused 33ms+6ms
06-14 05:07:58.513   142   919 I ActivityManager: Start proc com.google.android.apps.maps:LocationFriendService for service com.google.android.apps.maps/com.google.googlenav.friend.reporting.LocationReceiverService: pid=23661 uid=10057 gids={3003, 1015}
06-14 05:07:58.634 23661 23664 D dalvikvm: GC_CONCURRENT freed 171K, 3% free 9365K/9607K, paused 2ms+2ms
06-14 05:07:58.689 23099 23101 D dalvikvm: GC_CONCURRENT freed 470K, 6% free 10240K/10887K, paused 1ms+2ms
06-14 05:07:58.833 23661 23664 D dalvikvm: GC_CONCURRENT freed 224K, 4% free 9686K/9991K, paused 1ms+3ms
06-14 05:07:59.029 23661 23664 D dalvikvm: GC_CONCURRENT freed 262K, 4% free 9942K/10311K, paused 2ms+3ms
06-14 05:08:05.158   213   213 D dalvikvm: GC_EXPLICIT freed 15K, 59% free 9685K/23239K, paused 24ms+5ms
06-14 05:08:10.150 22902 22902 D dalvikvm: GC_EXPLICIT freed 12K, 7% free 9805K/10439K, paused 35ms+2ms
06-14 05:08:15.158   342   342 D dalvikvm: GC_EXPLICIT freed 2K, 16% free 12088K/14343K, paused 26ms+3ms
06-14 05:08:20.165   428   428 D dalvikvm: GC_EXPLICIT freed <1K, 4% free 9037K/9347K, paused 23ms+2ms
06-14 05:08:25.169   324   324 D dalvikvm: GC_EXPLICIT freed <1K, 20% free 10618K/13191K, paused 25ms+3ms
06-14 05:08:30.091 16941 16941 E GeckoApp: low memory
06-14 05:08:30.181 16941 16941 D dalvikvm: GC_EXPLICIT freed 2K, 22% free 10500K/13319K, paused 4ms+4ms
06-14 05:08:35.161 22164 22164 D dalvikvm: GC_EXPLICIT freed <1K, 4% free 9055K/9347K, paused 27ms+2ms
06-14 05:08:40.169 22450 22450 D dalvikvm: GC_EXPLICIT freed <1K, 6% free 9715K/10247K, paused 23ms+2ms
06-14 05:08:45.185 23099 23099 D dalvikvm: GC_EXPLICIT freed 8K, 7% free 10231K/10887K, paused 28ms+3ms
06-14 05:08:50.165 21502 21502 D dalvikvm: GC_EXPLICIT freed 53K, 14% free 9164K/10631K, paused 25ms+2ms
06-14 05:08:52.915   142   197 D DhcpInfoInternal: makeLinkProperties with empty dns2!
06-14 05:08:52.923   142   197 D DhcpInfoInternal: makeLinkProperties with empty dns2!
06-14 05:08:57.154 23480 23480 D dalvikvm: GC_EXPLICIT freed 302K, 7% free 9851K/10503K, paused 2ms+6ms
06-14 05:08:58.509 23661 23668 I dalvikvm: Total arena pages for JIT: 11
06-14 05:08:58.509 23661 23668 I dalvikvm: Total arena pages for JIT: 12
06-14 05:08:58.509 23661 23668 I dalvikvm: Total arena pages for JIT: 13
06-14 05:08:58.509 23661 23668 I dalvikvm: Total arena pages for JIT: 14
06-14 05:08:58.509 23661 23668 I dalvikvm: Total arena pages for JIT: 15
06-14 05:08:58.509 23661 23668 I dalvikvm: Total arena pages for JIT: 16
06-14 05:08:58.509 23661 23668 I dalvikvm: Total arena pages for JIT: 17
06-14 05:09:34.431   142   159 I ActivityManager: Start proc com.facebook.orca for broadcast com.facebook.orca/.analytics.AnalyticsPeriodicReporter$ReporterBroadcastReceiver: pid=23704 uid=10061 gids={3003, 1015, 1006}
06-14 05:09:34.435 23704 23704 I dalvikvm: Turning on JNI app bug workarounds for target SDK version 10...
06-14 05:09:34.439   142   919 I ActivityManager: Process edu.buffalo.cse.phonelab.phonelabservices (pid 21502) has died.
06-14 05:09:34.439   142   919 W ActivityManager: Scheduling restart of crashed service edu.buffalo.cse.phonelab.phonelabservices/edu.buffalo.cse.phonelab.datalogger.LoggerService in 5000ms
06-14 05:09:34.521 23704 23704 I ActivityThread: Pub com.facebook.orca.notify.MessengerLoggedInUserProvider: com.facebook.orca.notify.MessengerLoggedInUserProvider
06-14 05:09:34.521 23704 23704 I ActivityThread: Pub com.facebook.orca.notify.MessengerForegroundProvider: com.facebook.orca.notify.MessengerForegroundProvider
06-14 05:09:34.525 23704 23704 V orca:OrcaApplication: Forcing initialization of AsyncTask
06-14 05:09:34.575 23704 23706 D dalvikvm: GC_CONCURRENT freed 229K, 4% free 9307K/9607K, paused 2ms+2ms
06-14 05:09:34.579 23704 23704 I Finalizer: Couldn't access Thread.inheritableThreadLocals. Reference finalizer threads will inherit thread local values.
06-14 05:09:34.693 23704 23706 D dalvikvm: GC_CONCURRENT freed 355K, 5% free 9461K/9927K, paused 2ms+2ms
06-14 05:09:34.759 23704 23704 W OrcaGuiceModule: Sig: ijxLJi1yGs1JpL-X1SExmchvork
06-14 05:09:34.775   142   368 I ActivityManager: Process com.google.android.apps.maps:LocationFriendService (pid 23661) has died.
06-14 05:09:34.841 23704 23706 D dalvikvm: GC_CONCURRENT freed 286K, 4% free 9618K/9991K, paused 2ms+3ms
06-14 05:09:34.982 23704 23719 W Resources: Converting to string: TypedValue{t=0x10/d=0xffffffff a=-1}
06-14 05:09:35.107 23704 23706 D dalvikvm: GC_CONCURRENT freed 323K, 4% free 9852K/10247K, paused 5ms+3ms
06-14 05:09:35.161 23704 23704 D ACRA    : Retrieve application default SharedPreferences.
06-14 05:09:35.161 23704 23704 D ACRA    : Set OnSharedPreferenceChangeListener.
06-14 05:09:35.165 23704 23704 D ACRA    : ACRA is enabled for com.facebook.orca, intializing...
06-14 05:09:35.204 23704 23704 D ACRA    : Looking for error files in /data/data/com.facebook.orca/app_acra-reports
06-14 05:09:35.228 23704 23706 D dalvikvm: GC_CONCURRENT freed 296K, 4% free 10068K/10439K, paused 2ms+3ms
06-14 05:09:35.271 23704 23719 D dalvikvm: GC_FOR_ALLOC freed 242K, 6% free 10120K/10695K, paused 22ms
06-14 05:09:35.322 23704 23719 D dalvikvm: GC_FOR_ALLOC freed 111K, 5% free 10223K/10695K, paused 23ms
06-14 05:09:35.372 23704 23719 D dalvikvm: GC_FOR_ALLOC freed 212K, 6% free 10251K/10823K, paused 25ms
06-14 05:09:35.521 23704 23706 D dalvikvm: GC_CONCURRENT freed 381K, 5% free 10435K/10887K, paused 2ms+4ms
06-14 05:09:35.712 23704 23706 D dalvikvm: GC_CONCURRENT freed 160K, 3% free 10848K/11079K, paused 3ms+3ms
06-14 05:09:36.083 23704 23706 D dalvikvm: GC_CONCURRENT freed 544K, 6% free 10976K/11591K, paused 2ms+3ms
06-14 05:09:36.306 23704 23706 D dalvikvm: GC_CONCURRENT freed 311K, 4% free 11337K/11719K, paused 2ms+3ms
06-14 05:09:36.404   142 12773 I ActivityManager: Process com.facebook.orca (pid 23704) has died.
06-14 05:09:36.759   142   192 E NetdConnector: Communications error
06-14 05:09:36.759   142   192 E NetdConnector: java.io.IOException: Connection refused
06-14 05:09:36.759   142   192 E NetdConnector: 	at android.net.LocalSocketImpl.connectLocal(Native Method)
06-14 05:09:36.759   142   192 E NetdConnector: 	at android.net.LocalSocketImpl.connect(LocalSocketImpl.java:238)
06-14 05:09:36.759   142   192 E NetdConnector: 	at android.net.LocalSocket.connect(LocalSocket.java:98)
06-14 05:09:36.759   142   192 E NetdConnector: 	at com.android.server.NativeDaemonConnector.listenToSocket(NativeDaemonConnector.java:119)
06-14 05:09:36.759   142   192 E NetdConnector: 	at com.android.server.NativeDaemonConnector.run(NativeDaemonConnector.java:88)
06-14 05:09:36.759   142   192 E NetdConnector: 	at java.lang.Thread.run(Thread.java:856)
06-14 05:09:36.771   142   192 E NetdConnector: Error in NativeDaemonConnector
06-14 05:09:36.771   142   192 E NetdConnector: java.io.IOException: Connection refused
06-14 05:09:36.771   142   192 E NetdConnector: 	at android.net.LocalSocketImpl.connectLocal(Native Method)
06-14 05:09:36.771   142   192 E NetdConnector: 	at android.net.LocalSocketImpl.connect(LocalSocketImpl.java:238)
06-14 05:09:36.771   142   192 E NetdConnector: 	at android.net.LocalSocket.connect(LocalSocket.java:98)
06-14 05:09:36.771   142   192 E NetdConnector: 	at com.android.server.NativeDaemonConnector.listenToSocket(NativeDaemonConnector.java:119)
06-14 05:09:36.771   142   192 E NetdConnector: 	at com.android.server.NativeDaemonConnector.run(NativeDaemonConnector.java:88)
06-14 05:09:36.771   142   192 E NetdConnector: 	at java.lang.Thread.run(Thread.java:856)
06-14 05:09:36.818 23728 23728 I Netd    : Netd 1.0 starting
06-14 05:09:39.450   142   159 I ActivityManager: Start proc edu.buffalo.cse.phonelab.phonelabservices for service edu.buffalo.cse.phonelab.phonelabservices/edu.buffalo.cse.phonelab.datalogger.LoggerService: pid=23746 uid=10038 gids={3003, 1015, 1007, 2001}
06-14 05:09:39.497 23746 23746 I PhoneLab-LoggerService: Start Logger Service
06-14 05:09:39.552 23746 23759 I PhoneLab-: Service Running
06-14 05:09:39.630 23746 23759 I PhoneLab-LoggerService: app_38    27718 1     1112   664   c00f181c 400107b4 S logcat
06-14 05:09:39.630 23746 23759 I PhoneLab-LoggerService: Logcat pid from database 27718
06-14 05:09:39.634 23746 23759 I PhoneLab-LoggerService: Logcat process found 27718
06-14 05:09:39.634 23746 23759 I PhoneLab-LoggerService: Checking Threshold
06-14 05:09:41.486   357   357 D dalvikvm: GC_EXPLICIT freed <1K, 6% free 9100K/9607K, paused 12ms+4ms
06-14 05:09:46.533   959   959 D dalvikvm: GC_EXPLICIT freed 193K, 21% free 11694K/14663K, paused 16ms+3ms
06-14 05:09:49.009   142   172 I ActivityManager: Start proc com.twitter.android for service com.twitter.android/.client.AppService: pid=23763 uid=10068 gids={3003, 1015}
06-14 05:09:49.033 23763 23763 I dalvikvm: Turning on JNI app bug workarounds for target SDK version 11...
06-14 05:09:49.040    80    80 D dalvikvm: GC_EXPLICIT freed 38K, 4% free 9031K/9347K, paused 1ms+4ms
06-14 05:09:49.075    80    80 D dalvikvm: GC_EXPLICIT freed <1K, 4% free 9031K/9347K, paused 1ms+3ms
06-14 05:09:49.122    80    80 D dalvikvm: GC_EXPLICIT freed <1K, 4% free 9031K/9347K, paused 11ms+2ms
06-14 05:09:49.173 23763 23763 I ActivityThread: Pub com.twitter.android.provider.GlobalDatabaseProvider: com.twitter.android.provider.GlobalDatabaseProvider
06-14 05:09:49.181 23763 23763 I ActivityThread: Pub com.twitter.android.provider.TwitterProvider: com.twitter.android.provider.TwitterProvider
06-14 05:09:49.259 23763 23765 D dalvikvm: GC_CONCURRENT freed 201K, 4% free 9289K/9607K, paused 2ms+2ms
06-14 05:09:49.572 23763 23765 D dalvikvm: GC_CONCURRENT freed 225K, 4% free 9511K/9863K, paused 1ms+2ms
06-14 05:09:49.712 23763 23765 D dalvikvm: GC_CONCURRENT freed 293K, 5% free 9638K/10055K, paused 1ms+1ms
06-14 05:09:49.837 23763 23765 D dalvikvm: GC_CONCURRENT freed 303K, 5% free 9763K/10183K, paused 1ms+2ms
06-14 05:09:49.962 23763 23765 D dalvikvm: GC_CONCURRENT freed 308K, 5% free 9895K/10311K, paused 1ms+2ms
06-14 05:09:50.087 23763 23765 D dalvikvm: GC_CONCURRENT freed 305K, 4% free 10025K/10439K, paused 1ms+2ms
06-14 05:09:50.212 23763 23765 D dalvikvm: GC_CONCURRENT freed 303K, 4% free 10157K/10567K, paused 2ms+2ms
06-14 05:09:50.333 23763 23765 D dalvikvm: GC_CONCURRENT freed 290K, 4% free 10280K/10695K, paused 1ms+2ms
06-14 05:09:50.517 23763 23765 D dalvikvm: GC_CONCURRENT freed 483K, 6% free 10222K/10823K, paused 4ms+2ms
06-14 05:09:50.642 23763 23765 D dalvikvm: GC_CONCURRENT freed 322K, 5% free 10298K/10823K, paused 2ms+3ms
06-14 05:09:50.802 23763 23765 D dalvikvm: GC_CONCURRENT freed 323K, 5% free 10388K/10823K, paused 5ms+2ms
06-14 05:09:50.935 23763 23765 D dalvikvm: GC_CONCURRENT freed 376K, 5% free 10476K/10951K, paused 1ms+2ms
06-14 05:09:51.075 23763 23765 D dalvikvm: GC_CONCURRENT freed 348K, 5% free 10559K/11015K, paused 4ms+2ms
06-14 05:09:51.220 23763 23765 D dalvikvm: GC_CONCURRENT freed 333K, 4% free 10642K/11079K, paused 2ms+2ms
06-14 05:09:51.349 23763 23765 D dalvikvm: GC_CONCURRENT freed 373K, 5% free 10729K/11207K, paused 1ms+1ms
06-14 05:09:51.486 27790 27790 D dalvikvm: GC_EXPLICIT freed 41K, 36% free 11631K/17991K, paused 2ms+5ms
06-14 05:09:51.513 23763 23765 D dalvikvm: GC_CONCURRENT freed 405K, 5% free 10824K/11335K, paused 2ms+2ms
06-14 05:09:52.947 23763 23765 D dalvikvm: GC_CONCURRENT freed 335K, 4% free 11005K/11463K, paused 2ms+2ms
06-14 05:09:54.075 23763 23777 I DatabaseHelper: Begin cleanup.
06-14 05:09:54.095 23763 23777 I DatabaseHelper: Cleaned up: 0
06-14 05:09:56.583   142   158 D dalvikvm: GC_EXPLICIT freed 824K, 23% free 19053K/24647K, paused 42ms+8ms
06-14 05:09:57.243 16941 16941 W GeckoBatteryManager: When charging, level should increase!
06-14 05:09:58.568   142   422 I ActivityManager: Start proc com.google.android.apps.maps:LocationFriendService for service com.google.android.apps.maps/com.google.googlenav.friend.reporting.LocationReceiverService: pid=23781 uid=10057 gids={3003, 1015}
06-14 05:09:58.646   142   916 I ActivityManager: Process com.twitter.android (pid 23763) has died.
06-14 05:09:58.724 23781 23784 D dalvikvm: GC_CONCURRENT freed 153K, 3% free 9383K/9607K, paused 1ms+2ms
06-14 05:09:59.017   142   921 D dalvikvm: GC_EXPLICIT freed 216K, 23% free 19032K/24647K, paused 5ms+15ms
06-14 05:09:59.150 23781 23784 D dalvikvm: GC_CONCURRENT freed 166K, 3% free 9703K/9991K, paused 2ms+2ms
06-14 05:09:59.622 23099 23101 D dalvikvm: GC_CONCURRENT freed 474K, 6% free 10241K/10887K, paused 2ms+375ms
06-14 05:10:00.716 23781 23784 D dalvikvm: GC_CONCURRENT freed 302K, 4% free 9930K/10311K, paused 2ms+85ms
06-14 05:10:02.443   142 23794 I ActivityManager: Applications Memory Usage (kB):
06-14 05:10:02.443   142 23794 I ActivityManager: Uptime: 175367345 Realtime: 302263739
06-14 05:10:02.443   142 23794 I ActivityManager: Total PSS by OOM adjustment:
06-14 05:10:02.443   142 23794 I ActivityManager:     34891 kB: System
06-14 05:10:02.443   142 23794 I ActivityManager:                34891 kB: system (pid 142)
06-14 05:10:02.443   142 23794 I ActivityManager:     29004 kB: Persistent
06-14 05:10:02.443   142 23794 I ActivityManager:                12704 kB: com.android.systemui (pid 213)
06-14 05:10:02.443   142 23794 I ActivityManager:                12083 kB: com.android.phone (pid 342)
06-14 05:10:02.443   142 23794 I ActivityManager:                 4217 kB: com.android.nfc (pid 357)
06-14 05:10:02.443   142 23794 I ActivityManager:     31390 kB: Foreground
06-14 05:10:02.443   142 23794 I ActivityManager:                31390 kB: com.android.launcher (pid 27790)
06-14 05:10:02.443   142 23794 I ActivityManager:     12145 kB: Visible
06-14 05:10:02.443   142 23794 I ActivityManager:                 9186 kB: com.google.process.gapps (pid 22902)
06-14 05:10:02.443   142 23794 I ActivityManager:                 2959 kB: com.android.smspush (pid 428)
06-14 05:10:02.443   142 23794 I ActivityManager:     29965 kB: Perceptible
06-14 05:10:02.443   142 23794 I ActivityManager:                19677 kB: hr.podlanica (pid 959)
06-14 05:10:02.443   142 23794 I ActivityManager:                10288 kB: com.android.inputmethod.latin (pid 324)
06-14 05:10:02.443   142 23794 I ActivityManager:     19381 kB: A Services
06-14 05:10:02.443   142 23794 I ActivityManager:                 8748 kB: com.google.android.apps.maps:LocationFriendService (pid 23781)
06-14 05:10:02.443   142 23794 I ActivityManager:                 7066 kB: com.google.android.apps.maps:NetworkLocationService (pid 23099)
06-14 05:10:02.443   142 23794 I ActivityManager:                 3567 kB: edu.buffalo.cse.phonelab.phonelabservices (pid 23746)
06-14 05:10:02.443   142 23794 I ActivityManager:     67713 kB: Previous
06-14 05:10:02.443   142 23794 I ActivityManager:                67713 kB: org.mozilla.firefox_beta (pid 16941)
06-14 05:10:02.443   142 23794 I ActivityManager:     15352 kB: B Services
06-14 05:10:02.443   142 23794 I ActivityManager:                 6744 kB: com.whatsapp (pid 23480)
06-14 05:10:02.443   142 23794 I ActivityManager:                 5576 kB: com.google.android.apps.googlevoice (pid 22450)
06-14 05:10:02.443   142 23794 I ActivityManager:                 3032 kB: com.android.sprintmenu (pid 22164)
06-14 05:10:02.443   142 23794 I ActivityManager: 
06-14 05:10:02.443   142 23794 I ActivityManager: Total PSS: 239841 kB
06-14 05:10:02.443   142 23794 I ActivityManager:   PID      Vss      Rss      Pss      Uss  cmdline
06-14 05:10:02.443   142 23794 I ActivityManager: 16941   84540K   84452K   67815K   66600K  org.mozilla.firefox_beta
06-14 05:10:02.443   142 23794 I ActivityManager:   142   53300K   53236K   34935K   31224K  system_server
06-14 05:10:02.443   142 23794 I ActivityManager: 27790   50068K   49964K   31494K   28724K  com.android.launcher
06-14 05:10:02.443   142 23794 I ActivityManager:   959   33912K   33832K   19718K   18784K  hr.podlanica
06-14 05:10:02.443   142 23794 I ActivityManager:    79   24324K   21324K   13868K    7208K  /system/bin/surfaceflinger
06-14 05:10:02.443   142 23794 I ActivityManager:   213   32036K   31936K   12752K    8420K  com.android.systemui
06-14 05:10:02.443   142 23794 I ActivityManager:   342   27504K   27420K   12127K   11112K  com.android.phone
06-14 05:10:02.443   142 23794 I ActivityManager:   324   25248K   25160K   10336K    9384K  com.android.inputmethod.latin
06-14 05:10:02.443   142 23794 I ActivityManager: 22902   28924K   28832K    9231K    7448K  com.google.process.gapps
06-14 05:10:02.443   142 23794 I ActivityManager: 23781   29476K   29416K    8725K    6040K  com.google.android.apps.maps:LocationFriendService
06-14 05:10:02.443   142 23794 I ActivityManager: 23099   27252K   27188K    7112K    4872K  com.google.android.apps.maps:NetworkLocationService
06-14 05:10:02.443   142 23794 I ActivityManager: 23480   27092K   26992K    6780K    4808K  com.whatsapp
06-14 05:10:02.443   142 23794 I ActivityManager: 22450   25448K   25348K    5623K    3940K  com.google.android.apps.googlevoice
06-14 05:10:02.443   142 23794 I ActivityManager:   357   19360K   19264K    4260K    3296K  com.android.nfc
06-14 05:10:02.443   142 23794 I ActivityManager: 23746   22712K   22612K    3613K    1920K  edu.buffalo.cse.phonelab.phonelabservices
06-14 05:10:02.443   142 23794 I ActivityManager: 18802   18056K   17952K    3499K    2544K  com.spotify.mobile.android.ui
06-14 05:10:02.443   142 23794 I ActivityManager: 22164   22192K   22088K    3079K    1540K  com.android.sprintmenu
06-14 05:10:02.443   142 23794 I ActivityManager:   428   18492K   18380K    3011K    1932K  com.android.smspush
06-14 05:10:02.443   142 23794 I ActivityManager:    80   18728K   18600K    2264K    1012K  zygote
06-14 05:10:02.443   142 23794 I ActivityManager:    82    2208K    2208K    1923K    1900K  /system/bin/mediaserver
06-14 05:10:02.443   142 23794 I ActivityManager:    81    1088K    1088K     884K     876K  /system/bin/drmserver
06-14 05:10:02.443   142 23794 I ActivityManager: 23728    1016K    1012K     791K     740K  /system/bin/netd
06-14 05:10:02.443   142 23794 I ActivityManager:    78     972K     972K     683K     664K  /system/bin/rild
06-14 05:10:02.443   142 23794 I ActivityManager: 23804     728K     720K     562K     524K  procrank
06-14 05:10:02.443   142 23794 I ActivityManager: 27718     668K     664K     525K     520K  logcat
06-14 05:10:02.443   142 23794 I ActivityManager:    88     444K     444K     428K     428K  /sbin/adbd
06-14 05:10:02.443   142 23794 I ActivityManager:  8348     588K     584K     426K     412K  /system/bin/wpa_supplicant
06-14 05:10:02.443   142 23794 I ActivityManager:   298     388K     388K     302K     300K  /system/bin/bluetoothd
06-14 05:10:02.443   142 23794 I ActivityManager:    73     432K     428K     292K     284K  /system/bin/vold
06-14 05:10:02.443   142 23794 I ActivityManager:    86     472K     468K     283K     276K  /system/vendor/bin/gpsd
06-14 05:10:02.443   142 23794 I ActivityManager:    85     392K     356K     247K     244K  /system/bin/keystore
06-14 05:10:02.443   142 23794 I ActivityManager: 21152     356K     352K     198K     192K  /system/bin/dhcpcd
06-14 05:10:02.443   142 23794 I ActivityManager:    83     276K     268K     186K     184K  /system/bin/dbus-daemon
06-14 05:10:02.443   142 23794 I ActivityManager:     1     204K     204K     138K     100K  /init
06-14 05:10:02.443   142 23794 I ActivityManager:   200     204K     196K     133K     132K  /system/bin/brcm_patchram_plus
06-14 05:10:02.443   142 23794 I ActivityManager:    84     248K     240K     123K     120K  /system/bin/installd
06-14 05:10:02.443   142 23794 I ActivityManager:    61     160K     160K     122K      84K  /sbin/ueventd
06-14 05:10:02.443   142 23794 I ActivityManager:    87     172K     168K     105K     104K  /system/bin/sh
06-14 05:10:02.443   142 23794 I ActivityManager:    72     180K     172K      94K      92K  /system/bin/servicemanager
06-14 05:10:02.443   142 23794 I ActivityManager: 22381     196K     188K      75K      72K  /system/bin/debuggerd
06-14 05:10:02.443   142 23794 I ActivityManager:                           ------   ------  ------
06-14 05:10:02.443   142 23794 I ActivityManager:                          268780K  229056K  TOTAL
06-14 05:10:02.443   142 23794 I ActivityManager: RA
06-14 05:10:05.079   213   213 D dalvikvm: GC_EXPLICIT freed 15K, 59% free 9685K/23239K, paused 24ms+3ms
06-14 05:10:10.122 22902 22902 D dalvikvm: GC_EXPLICIT freed 23K, 7% free 9811K/10439K, paused 23ms+5ms
06-14 05:10:15.126   342   342 D dalvikvm: GC_EXPLICIT freed 5K, 16% free 12088K/14343K, paused 26ms+4ms
06-14 05:10:27.786   428   428 D dalvikvm: GC_EXPLICIT freed <1K, 4% free 9037K/9347K, paused 29ms+2ms
06-14 05:10:32.822   324   324 D dalvikvm: GC_EXPLICIT freed <1K, 20% free 10618K/13191K, paused 41ms+3ms
06-14 05:10:36.029 23746 23746 I PhoneLab-Locks: wake lock acquired
06-14 05:10:36.060 23746 23746 I PhoneLab-StatusMonitor: Status Monitoring is started
06-14 05:10:36.158 23746 23749 D dalvikvm: GC_CONCURRENT freed 409K, 6% free 9127K/9607K, paused 4ms+2ms
06-14 05:10:36.286 23746 23746 I PhoneLab-StatusMonitor: Value: 10 - unit: min
06-14 05:10:36.286 23746 23746 I PhoneLab-StatusMonitor: Running interval: 600000
06-14 05:10:36.294 23746 23746 I PhoneLab-StatusMonitor: Rescheduling status monitoring...
06-14 05:10:36.298 23746 23746 I PhoneLab-Locks: wake lock released
06-14 05:10:36.306 23746 23746 I PhoneLab-StatusMonitorLocation: Learning Location
06-14 05:10:36.306 23746 23746 I PhoneLab-Locks: wake lock acquired
06-14 05:10:36.322   142   422 I ActivityManager: Process com.google.android.apps.maps:LocationFriendService (pid 23781) has died.
06-14 05:10:36.372 23746 23746 I PhoneLab-Locks: wake lock acquired
06-14 05:10:36.380 23746 23746 I PhoneLab-StatusMonitorLocation: Learning Signal Strgth
06-14 05:10:36.380 23746 23746 I PhoneLab-Locks: wake lock acquired
06-14 05:10:36.388 22902 22919 D androidNetworkLocationListeners: Still have listener com.google.android.location.internal.client.NetworkLocationClient$1@4137d9d0
06-14 05:10:36.396 22902 22919 D androidNetworkLocationListeners: Still have listener com.google.android.location.internal.client.NetworkLocationClient$1@4137d9d0
06-14 05:10:36.439 23746 23746 I PhoneLab-StatusMonitorBattery: Battery_level: 95
06-14 05:10:36.439 23746 23746 I PhoneLab-Locks: wake lock released
06-14 05:10:36.439 23746 23746 I PhoneLab-StatusMonitorSignal: Signal_Strength: -86 asu: 14
06-14 05:10:36.439 23746 23746 I PhoneLab-Locks: wake lock released
06-14 05:10:36.540 23746 23746 I PhoneLab-StatusMonitorLocation: Location_Latitude: 42.9620516 Longitude: -78.8170465 Accuracy: 31.0
06-14 05:10:36.540 23746 23746 I PhoneLab-Locks: wake lock released
06-14 05:10:36.544 22902 22919 D androidNetworkLocationListeners: Still have listener com.google.android.location.internal.client.NetworkLocationClient$1@4137d9d0
06-14 05:10:36.568   142   330 I ActivityManager: Start proc com.google.android.apps.maps:LocationFriendService for service com.google.android.apps.maps/com.google.googlenav.friend.reporting.LocationReceiverService: pid=23810 uid=10057 gids={3003, 1015}
06-14 05:10:36.716 23810 23813 D dalvikvm: GC_CONCURRENT freed 156K, 3% free 9380K/9607K, paused 4ms+1ms
06-14 05:10:37.845 22902 22905 D dalvikvm: GC_CONCURRENT freed 454K, 7% free 9812K/10439K, paused 2ms+2ms
06-14 05:10:37.868 23810 23813 D dalvikvm: GC_CONCURRENT freed 176K, 4% free 9618K/9927K, paused 2ms+2ms
06-14 05:10:42.849   357   357 D dalvikvm: GC_EXPLICIT freed <1K, 6% free 9100K/9607K, paused 39ms+2ms
06-14 05:10:47.833   959   959 D dalvikvm: GC_EXPLICIT freed 122K, 21% free 11682K/14663K, paused 4ms+3ms
06-14 05:10:52.833 27790 27790 D dalvikvm: GC_EXPLICIT freed 31K, 36% free 11631K/17991K, paused 24ms+3ms
06-14 05:10:57.650 23810 23813 D dalvikvm: GC_CONCURRENT freed 274K, 4% free 9895K/10247K, paused 2ms+3ms
06-14 05:11:05.247   142   158 D dalvikvm: GC_EXPLICIT freed 1094K, 23% free 19049K/24647K, paused 42ms+9ms
06-14 05:11:10.173   213   213 D dalvikvm: GC_EXPLICIT freed 8K, 59% free 9684K/23239K, paused 25ms+3ms
06-14 05:11:15.185 22902 22902 D dalvikvm: GC_EXPLICIT freed 17K, 6% free 9813K/10439K, paused 15ms+3ms
06-14 05:11:17.243   142   919 I ActivityManager: Process com.google.android.apps.maps:LocationFriendService (pid 23810) has died.
06-14 05:11:17.783   142   197 D DhcpInfoInternal: makeLinkProperties with empty dns2!
06-14 05:11:17.786   142   197 D DhcpInfoInternal: makeLinkProperties with empty dns2!
06-14 05:11:23.470   342   342 D dalvikvm: GC_EXPLICIT freed 13K, 16% free 12088K/14343K, paused 46ms+4ms
06-14 05:11:28.466   428   428 D dalvikvm: GC_EXPLICIT freed <1K, 4% free 9037K/9347K, paused 37ms+1ms
06-14 05:11:33.505   324   324 D dalvikvm: GC_EXPLICIT freed <1K, 20% free 10618K/13191K, paused 25ms+3ms
06-14 05:11:35.232   142   159 I ActivityManager: Start proc com.facebook.orca for broadcast com.facebook.orca/.analytics.AnalyticsPeriodicReporter$ReporterBroadcastReceiver: pid=23854 uid=10061 gids={3003, 1015, 1006}
06-14 05:11:35.236 23854 23854 I dalvikvm: Turning on JNI app bug workarounds for target SDK version 10...
06-14 05:11:35.298 23854 23854 I ActivityThread: Pub com.facebook.orca.notify.MessengerLoggedInUserProvider: com.facebook.orca.notify.MessengerLoggedInUserProvider
06-14 05:11:35.298 23854 23854 I ActivityThread: Pub com.facebook.orca.notify.MessengerForegroundProvider: com.facebook.orca.notify.MessengerForegroundProvider
06-14 05:11:35.302 23854 23854 V orca:OrcaApplication: Forcing initialization of AsyncTask
06-14 05:11:35.353 23854 23856 D dalvikvm: GC_CONCURRENT freed 222K, 4% free 9313K/9607K, paused 2ms+3ms
06-14 05:11:35.353 23854 23854 I Finalizer: Couldn't access Thread.inheritableThreadLocals. Reference finalizer threads will inherit thread local values.
06-14 05:11:35.474 23854 23856 D dalvikvm: GC_CONCURRENT freed 351K, 5% free 9472K/9927K, paused 2ms+2ms
06-14 05:11:35.536 23854 23854 W OrcaGuiceModule: Sig: ijxLJi1yGs1JpL-X1SExmchvork
06-14 05:11:35.607 23854 23856 D dalvikvm: GC_CONCURRENT freed 275K, 4% free 9616K/9991K, paused 2ms+3ms
06-14 05:11:35.845 23854 23869 W Resources: Converting to string: TypedValue{t=0x10/d=0xffffffff a=-1}
06-14 05:11:36.013 23854 23856 D dalvikvm: GC_CONCURRENT freed 320K, 4% free 9856K/10247K, paused 2ms+2ms
06-14 05:11:36.095 23854 23854 D ACRA    : Retrieve application default SharedPreferences.
06-14 05:11:36.095 23854 23854 D ACRA    : Set OnSharedPreferenceChangeListener.
06-14 05:11:36.099 23854 23854 D ACRA    : ACRA is enabled for com.facebook.orca, intializing...
06-14 05:11:36.115 23854 23854 D ACRA    : Looking for error files in /data/data/com.facebook.orca/app_acra-reports
06-14 05:11:36.122 23854 23856 D dalvikvm: GC_CONCURRENT freed 300K, 4% free 10065K/10439K, paused 2ms+5ms
06-14 05:11:36.150 23854 23869 D dalvikvm: GC_FOR_ALLOC freed 217K, 6% free 10114K/10695K, paused 21ms
06-14 05:11:36.193   142 12773 I ActivityManager: Process com.facebook.orca (pid 23854) has died.
06-14 05:11:39.556 23746 23759 I PhoneLab-: Service Running
06-14 05:11:39.642 23746 23759 I PhoneLab-LoggerService: app_38    27718 1     1112   664   c00f181c 400107b4 S logcat
06-14 05:11:39.642 23746 23759 I PhoneLab-LoggerService: Logcat pid from database 27718
06-14 05:11:39.642 23746 23759 I PhoneLab-LoggerService: Logcat process found 27718
06-14 05:11:39.642 23746 23759 I PhoneLab-LoggerService: Checking Threshold
06-14 05:11:41.224 16941 16941 E GeckoApp: low memory
06-14 05:11:41.349 16941 16941 D dalvikvm: GC_EXPLICIT freed 5K, 22% free 10500K/13319K, paused 43ms+5ms
06-14 05:11:46.294 22164 22164 D dalvikvm: GC_EXPLICIT freed <1K, 4% free 9055K/9347K, paused 22ms+2ms
06-14 05:11:51.345 22450 22450 D dalvikvm: GC_EXPLICIT freed <1K, 6% free 9715K/10247K, paused 28ms+3ms
06-14 05:11:56.333 23099 23099 D dalvikvm: GC_EXPLICIT freed 248K, 7% free 10233K/10887K, paused 24ms+2ms
06-14 05:11:58.646   142   422 I ActivityManager: Start proc com.google.android.apps.maps:LocationFriendService for service com.google.android.apps.maps/com.google.googlenav.friend.reporting.LocationReceiverService: pid=23874 uid=10057 gids={3003, 1015}
06-14 05:11:58.771 23874 23877 D dalvikvm: GC_CONCURRENT freed 161K, 3% free 9375K/9607K, paused 2ms+2ms
06-14 05:11:58.978 23874 23877 D dalvikvm: GC_CONCURRENT freed 202K, 3% free 9716K/9991K, paused 5ms+3ms
06-14 05:11:59.232 23874 23877 D dalvikvm: GC_CONCURRENT freed 280K, 4% free 9930K/10311K, paused 2ms+5ms
06-14 05:12:05.146 23480 23480 D dalvikvm: GC_EXPLICIT freed 10K, 7% free 9848K/10503K, paused 22ms+2ms
06-14 05:12:10.169 23746 23746 D dalvikvm: GC_EXPLICIT freed 400K, 5% free 9136K/9607K, paused 3ms+2ms
06-14 05:12:15.036   142   172 I ActivityManager: Start proc com.google.android.apps.plus for service com.google.android.apps.plus/.service.EsService: pid=23897 uid=10058 gids={3003, 3002, 1015, 1006}
06-14 05:12:15.072   142   294 I ActivityManager: Process com.google.android.apps.maps:LocationFriendService (pid 23874) has died.
06-14 05:12:15.329 23897 23899 D dalvikvm: GC_CONCURRENT freed 159K, 3% free 9377K/9607K, paused 2ms+5ms
06-14 05:12:15.450 23897 23897 I ActivityThread: Pub com.google.android.apps.plus.content.ApiProvider: com.google.android.apps.plus.content.EsApiProvider
06-14 05:12:15.470 23897 23897 I ActivityThread: Pub com.google.android.apps.plus.content.EsGooglePhotoProvider: com.google.android.picasasync.PicasaContentProvider
06-14 05:12:15.646 23897 23899 D dalvikvm: GC_CONCURRENT freed 482K, 6% free 9433K/9991K, paused 2ms+8ms
06-14 05:12:15.646 23897 23897 I ActivityThread: Pub com.google.android.apps.plus.content.EsPicasaStoreProvider: com.google.android.picasastore.PicasaPhotoContentProvider
06-14 05:12:15.704 23897 23897 I ActivityThread: Pub com.google.plus.platform: com.google.android.apps.plus.content.AdsProvider
06-14 05:12:15.708 23897 23897 I ActivityThread: Pub com.google.android.apps.plus.iu.EsGoogleIuProvider: com.google.android.apps.plus.iu.InstantUploadProvider
06-14 05:12:15.794 23897 23897 I ActivityThread: Pub com.google.android.apps.plus.content.EsProvider: com.google.android.apps.plus.content.EsProvider
06-14 05:12:15.849   142   366 I ActivityManager: Start proc android.process.media for content provider com.android.providers.media/.MediaProvider: pid=23913 uid=10012 gids={1015, 1023, 1024, 2001, 3003, 3007}
06-14 05:12:15.904 23897 23899 D dalvikvm: GC_CONCURRENT freed 412K, 5% free 9621K/10055K, paused 2ms+2ms
06-14 05:12:15.966 23913 23913 I ActivityThread: Pub downloads: com.android.providers.downloads.DownloadProvider
06-14 05:12:16.036 23913 23913 I ActivityThread: Pub drm: com.android.providers.drm.DrmProvider
06-14 05:12:16.036 23913 23929 I DownloadManager: in removeSpuriousFiles
06-14 05:12:16.056 23913 23913 I ActivityThread: Pub media: com.android.providers.media.MediaProvider
06-14 05:12:16.072 23913 23929 I DownloadManager: in removeSpuriousFiles, preserving file /data/data/com.android.providers.downloads/cache/downloadfile-1.apk
06-14 05:12:16.072 23913 23929 I DownloadManager: deleting spurious file /cache/backup
06-14 05:12:16.271 23913 23915 D dalvikvm: GC_CONCURRENT freed 326K, 5% free 9209K/9607K, paused 2ms+6ms
06-14 05:12:16.661 23897 23912 D PicasaPhotoCP: set fsid first time:-1
06-14 05:12:16.743   142   916 I ActivityManager: Process android.process.media (pid 23913) has died.
06-14 05:12:16.767 23897 23899 D dalvikvm: GC_CONCURRENT freed 215K, 3% free 9952K/10247K, paused 5ms+9ms
06-14 05:12:16.868 23897 23899 D dalvikvm: GC_CONCURRENT freed 271K, 4% free 10121K/10503K, paused 2ms+2ms
06-14 05:12:16.888 23897 23928 D dalvikvm: GC_FOR_ALLOC freed 126K, 5% free 10249K/10759K, paused 18ms
06-14 05:12:16.927 23897 23928 D dalvikvm: GC_FOR_ALLOC freed 373K, 6% free 10250K/10887K, paused 17ms
06-14 05:12:16.943 23897 23928 D dalvikvm: GC_FOR_ALLOC freed 126K, 5% free 10378K/10887K, paused 16ms
06-14 05:12:16.970 23897 23928 D dalvikvm: GC_FOR_ALLOC freed 369K, 6% free 10378K/11015K, paused 16ms
06-14 05:12:16.986 23897 23928 D dalvikvm: GC_FOR_ALLOC freed 126K, 5% free 10506K/11015K, paused 17ms
06-14 05:12:17.115 23897 23899 D dalvikvm: GC_CONCURRENT freed 347K, 4% free 10725K/11143K, paused 2ms+2ms
06-14 05:12:17.236 23897 23899 D dalvikvm: GC_CONCURRENT freed 128K, 2% free 11199K/11399K, paused 1ms+3ms
06-14 05:12:17.427 23897 23899 D dalvikvm: GC_CONCURRENT freed 432K, 5% free 11535K/12039K, paused 2ms+4ms
06-14 05:12:17.579   142   366 I ActivityManager: Start proc android.process.media for service com.android.providers.media/.MediaScannerService: pid=23934 uid=10012 gids={1015, 1023, 1024, 2001, 3003, 3007}
06-14 05:12:17.615 23934 23934 I ActivityThread: Pub downloads: com.android.providers.downloads.DownloadProvider
06-14 05:12:17.630 23934 23934 I ActivityThread: Pub drm: com.android.providers.drm.DrmProvider
06-14 05:12:17.630 23934 23947 I DownloadManager: in removeSpuriousFiles
06-14 05:12:17.642 23934 23934 I ActivityThread: Pub media: com.android.providers.media.MediaProvider
06-14 05:12:17.650 23934 23947 I DownloadManager: in removeSpuriousFiles, preserving file /data/data/com.android.providers.downloads/cache/downloadfile-1.apk
06-14 05:12:17.654 23934 23947 I DownloadManager: deleting spurious file /cache/backup
06-14 05:12:17.724   142 12773 I ActivityManager: Process com.whatsapp (pid 23480) has died.
06-14 05:12:17.724   142 12773 W ActivityManager: Scheduling restart of crashed service com.whatsapp/.messaging.MessageService in 5000ms
06-14 05:12:17.990 23934 23936 D dalvikvm: GC_CONCURRENT freed 368K, 5% free 9167K/9607K, paused 23ms+2ms
06-14 05:12:18.345 23897 23899 D dalvikvm: GC_CONCURRENT freed 618K, 6% free 11685K/12423K, paused 7ms+2ms
06-14 05:12:18.743   142   917 I ActivityManager: Start proc com.google.android.gsf.login for service com.google.android.gsf.login/com.google.android.gsf.loginservice.GoogleLoginService: pid=23955 uid=10009 gids={3003, 1015, 1007, 2001, 3006}
06-14 05:12:18.779   142   916 I ActivityManager: Process android.process.media (pid 23934) has died.
06-14 05:12:19.005   142   158 D dalvikvm: GC_EXPLICIT freed 1245K, 23% free 19066K/24647K, paused 4ms+9ms
06-14 05:12:19.075   142   922 I ActivityManager: Process com.google.android.gsf.login (pid 23955) has died.
06-14 05:12:22.068 23897 23899 D dalvikvm: GC_CONCURRENT freed 481K, 5% free 12019K/12615K, paused 2ms+6ms
06-14 05:12:22.790   142   159 I ActivityManager: Start proc com.whatsapp for service com.whatsapp/.messaging.MessageService: pid=23972 uid=10070 gids={1015, 3003}
06-14 05:12:22.794 23972 23972 I dalvikvm: Turning on JNI app bug workarounds for target SDK version 7...
06-14 05:12:23.048 23972 23975 D dalvikvm: GC_CONCURRENT freed 181K, 3% free 9355K/9607K, paused 3ms+2ms
06-14 05:12:23.490 23972 23975 D dalvikvm: GC_CONCURRENT freed 292K, 4% free 9599K/9991K, paused 4ms+6ms
06-14 05:12:23.611 23972 23972 I SqliteDatabaseCpp: sqlite returned: error code = 1, msg = duplicate column name: photo_ts, db=/data/data/com.whatsapp/databases/msgstore.db
06-14 05:12:23.611 23972 23972 I SqliteDatabaseCpp: sqlite returned: error code = 1, msg = duplicate column name: thumb_ts, db=/data/data/com.whatsapp/databases/msgstore.db
06-14 05:12:23.611 23972 23972 I SqliteDatabaseCpp: sqlite returned: error code = 1, msg = duplicate column name: photo_id_timestamp, db=/data/data/com.whatsapp/databases/msgstore.db
06-14 05:12:23.677   142   366 I ActivityManager: Start proc android.process.acore for content provider com.android.providers.contacts/.ContactsProvider2: pid=23992 uid=10000 gids={3003, 1015}
06-14 05:12:23.779 23992 23992 I ActivityThread: Pub call_log: com.android.providers.contacts.CallLogProvider
06-14 05:12:23.822 23992 23992 I ActivityThread: Pub com.android.voicemail: com.android.providers.contacts.VoicemailContentProvider
06-14 05:12:23.822 23992 23992 I ActivityThread: Pub user_dictionary: com.android.providers.userdictionary.UserDictionaryProvider
06-14 05:12:23.841 23992 23992 I ActivityThread: Pub com.android.social: com.android.providers.contacts.SocialProvider
06-14 05:12:23.841 23992 23992 I ActivityThread: Pub applications: com.android.providers.applications.ApplicationsProvider
06-14 05:12:23.904 23972 23972 I dalvikvm: Could not find method android.media.MediaMetadataRetriever.captureFrame, referenced from method com.whatsapp.d3.a
06-14 05:12:23.904 23972 23972 W dalvikvm: VFY: unable to resolve virtual method 496: Landroid/media/MediaMetadataRetriever;.captureFrame ()Landroid/graphics/Bitmap;
06-14 05:12:23.904 23972 23972 D dalvikvm: VFY: replacing opcode 0x6e at 0x0134
06-14 05:12:23.935 23992 23992 I ActivityThread: Pub contacts;com.android.contacts: com.android.providers.contacts.ContactsProvider2
06-14 05:12:23.958 23992 23996 D dalvikvm: GC_CONCURRENT freed 359K, 5% free 9176K/9607K, paused 2ms+3ms
06-14 05:12:24.158 23972 23975 D dalvikvm: GC_CONCURRENT freed 287K, 4% free 9793K/10183K, paused 2ms+2ms
06-14 05:12:24.361 23972 23975 D dalvikvm: GC_CONCURRENT freed 307K, 5% free 9955K/10375K, paused 1ms+4ms
06-14 05:12:24.431 23897 23899 D dalvikvm: GC_CONCURRENT freed 1010K, 9% free 11949K/13063K, paused 19ms+3ms
06-14 05:12:25.622 23992 23996 D dalvikvm: GC_CONCURRENT freed 200K, 4% free 9414K/9735K, paused 2ms+3ms
06-14 05:12:26.868 23972 23975 D dalvikvm: GC_CONCURRENT freed 513K, 7% free 9862K/10503K, paused 63ms+15ms
06-14 05:12:27.212   142   294 I ActivityManager: Process android.process.acore (pid 23992) has died.
06-14 05:12:30.669 23897 23899 D dalvikvm: GC_CONCURRENT freed 955K, 9% free 11969K/13063K, paused 8ms+3ms
06-14 05:12:30.740   142   294 I ActivityManager: Start proc android.process.media for content provider com.android.providers.media/.MediaProvider: pid=24019 uid=10012 gids={1015, 1023, 1024, 2001, 3003, 3007}
06-14 05:12:30.763    80    80 D dalvikvm: GC_EXPLICIT freed 38K, 4% free 9031K/9347K, paused 2ms+2ms
06-14 05:12:30.806    80    80 D dalvikvm: GC_EXPLICIT freed <1K, 4% free 9031K/9347K, paused 1ms+2ms
06-14 05:12:30.865 24019 24019 I ActivityThread: Pub downloads: com.android.providers.downloads.DownloadProvider
06-14 05:12:30.872    80    80 D dalvikvm: GC_EXPLICIT freed <1K, 4% free 9031K/9347K, paused 1ms+12ms
06-14 05:12:30.896 24019 24019 I ActivityThread: Pub drm: com.android.providers.drm.DrmProvider
06-14 05:12:30.900 24019 24033 I DownloadManager: in removeSpuriousFiles
06-14 05:12:30.900 24019 24019 I ActivityThread: Pub media: com.android.providers.media.MediaProvider
06-14 05:12:30.990 24019 24033 I DownloadManager: in removeSpuriousFiles, preserving file /data/data/com.android.providers.downloads/cache/downloadfile-1.apk
06-14 05:12:31.001 24019 24033 I DownloadManager: deleting spurious file /cache/backup
06-14 05:12:31.165 24019 24022 D dalvikvm: GC_CONCURRENT freed 323K, 5% free 9153K/9607K, paused 2ms+2ms
06-14 05:12:33.396   142 12773 I ActivityManager: Process android.process.media (pid 24019) has died.
06-14 05:12:34.118 23897 23899 D dalvikvm: GC_CONCURRENT freed 698K, 8% free 12130K/13063K, paused 2ms+3ms
06-14 05:12:34.329 23897 23899 D dalvikvm: GC_CONCURRENT freed 911K, 8% free 12152K/13191K, paused 5ms+5ms
06-14 05:12:34.408   142   370 I ActivityManager: Start proc android.process.acore for content provider com.android.providers.contacts/.ContactsProvider2: pid=24039 uid=10000 gids={3003, 1015}
06-14 05:12:34.466 24039 24039 I ActivityThread: Pub call_log: com.android.providers.contacts.CallLogProvider
06-14 05:12:34.509 24039 24039 I ActivityThread: Pub com.android.voicemail: com.android.providers.contacts.VoicemailContentProvider
06-14 05:12:34.513 24039 24039 I ActivityThread: Pub user_dictionary: com.android.providers.userdictionary.UserDictionaryProvider
06-14 05:12:34.560 24039 24039 I ActivityThread: Pub com.android.social: com.android.providers.contacts.SocialProvider
06-14 05:12:34.560 24039 24039 I ActivityThread: Pub applications: com.android.providers.applications.ApplicationsProvider
06-14 05:12:34.634 24039 24039 I ActivityThread: Pub contacts;com.android.contacts: com.android.providers.contacts.ContactsProvider2
06-14 05:12:34.638   142   919 I ActivityManager: Process com.google.android.apps.googlevoice (pid 22450) has died.
06-14 05:12:34.638   142   919 W ActivityManager: Scheduling restart of crashed service com.google.android.apps.googlevoice/.UpdateService in 5000ms
06-14 05:12:34.638   142   919 W ActivityManager: Scheduling restart of crashed service com.google.android.apps.googlevoice/.CallLogService in 15000ms
06-14 05:12:34.700 24039 24042 D dalvikvm: GC_CONCURRENT freed 347K, 5% free 9189K/9607K, paused 2ms+5ms
06-14 05:12:35.435 24039 24042 D dalvikvm: GC_CONCURRENT freed 272K, 4% free 9364K/9735K, paused 17ms+3ms
06-14 05:12:38.036 23897 23950 D dalvikvm: GC_FOR_ALLOC freed 474K, 6% free 12613K/13319K, paused 175ms
06-14 05:12:38.185 23897 23950 D dalvikvm: GC_FOR_ALLOC freed 343K, 9% free 12602K/13703K, paused 56ms
06-14 05:12:38.185 23897 23950 I dalvikvm-heap: Grow heap (frag case) to 12.698MB for 338721-byte allocation
06-14 05:12:38.220 23897 23950 D dalvikvm: GC_FOR_ALLOC freed <1K, 9% free 12932K/14087K, paused 36ms
06-14 05:12:39.029 24039 24042 D dalvikvm: GC_CONCURRENT freed 376K, 6% free 9417K/9927K, paused 12ms+3ms
06-14 05:12:39.275 23897 23899 D dalvikvm: GC_CONCURRENT freed 914K, 8% free 13263K/14279K, paused 2ms+3ms
06-14 05:12:39.677   142   159 I ActivityManager: Start proc com.google.android.apps.googlevoice for service com.google.android.apps.googlevoice/.UpdateService: pid=24058 uid=10056 gids={3003, 1015}
06-14 05:12:39.712   357   357 D dalvikvm: GC_EXPLICIT freed <1K, 6% free 9100K/9607K, paused 2ms+3ms
06-14 05:12:40.064 24058 24059 D dalvikvm: GC_CONCURRENT freed 239K, 4% free 9290K/9607K, paused 15ms+2ms
06-14 05:12:40.493 24058 24059 D dalvikvm: GC_CONCURRENT freed 446K, 6% free 9406K/9927K, paused 2ms+4ms
06-14 05:12:40.497 24058 24066 W CursorWrapperInner: Cursor finalized without prior close()
06-14 05:12:40.497 24058 24066 W CursorWrapperInner: Cursor finalized without prior close()
06-14 05:12:40.497 24058 24066 W CursorWrapperInner: Cursor finalized without prior close()
06-14 05:12:40.501   142   294 D CountryDetector: The first listener is added
06-14 05:12:40.779 24039 24042 D dalvikvm: GC_CONCURRENT freed 269K, 4% free 9608K/9991K, paused 23ms+3ms
06-14 05:12:41.075 24058 24059 D dalvikvm: GC_CONCURRENT freed 298K, 4% free 9566K/9927K, paused 1ms+3ms
06-14 05:12:41.212 24039 24042 D dalvikvm: GC_CONCURRENT freed 311K, 4% free 9793K/10183K, paused 1ms+11ms
06-14 05:12:41.228   142   916 I ActivityManager: Process android.process.acore (pid 24039) has died.
06-14 05:12:41.228   142   916 I ActivityManager: Kill com.google.android.apps.googlevoice (pid 24058): provider com.android.providers.contacts.ContactsProvider2 in dying process android.process.acore
06-14 05:12:41.232   142   922 D CountryDetector: No listener is left
06-14 05:12:41.271   142   154 I ActivityManager: Process com.google.android.apps.googlevoice (pid 24058) has died.
06-14 05:12:41.271   142   154 W ActivityManager: Scheduling restart of crashed service com.google.android.apps.googlevoice/.UpdateService in 20000ms
06-14 05:12:41.888 23897 23899 D dalvikvm: GC_CONCURRENT freed 1194K, 10% free 13401K/14727K, paused 9ms+2ms
06-14 05:12:44.052 23897 23899 D dalvikvm: GC_CONCURRENT freed 2073K, 15% free 12741K/14919K, paused 2ms+3ms
06-14 05:12:44.189   142   366 I ActivityManager: Start proc android.process.acore for content provider com.android.providers.contacts/.ContactsProvider2: pid=24083 uid=10000 gids={3003, 1015}
06-14 05:12:44.216 24083 24083 I ActivityThread: Pub call_log: com.android.providers.contacts.CallLogProvider
06-14 05:12:44.220 24083 24083 I ActivityThread: Pub com.android.voicemail: com.android.providers.contacts.VoicemailContentProvider
06-14 05:12:44.220 24083 24083 I ActivityThread: Pub user_dictionary: com.android.providers.userdictionary.UserDictionaryProvider
06-14 05:12:44.232 24083 24083 I ActivityThread: Pub com.android.social: com.android.providers.contacts.SocialProvider
06-14 05:12:44.236 24083 24083 I ActivityThread: Pub applications: com.android.providers.applications.ApplicationsProvider
06-14 05:12:44.325 24083 24086 D dalvikvm: GC_CONCURRENT freed 333K, 5% free 9140K/9607K, paused 2ms+4ms
06-14 05:12:44.447   142   922 D dalvikvm: GC_EXPLICIT freed 1302K, 23% free 19064K/24647K, paused 6ms+11ms
06-14 05:12:44.447 24083 24083 I ActivityThread: Pub contacts;com.android.contacts: com.android.providers.contacts.ContactsProvider2
06-14 05:12:44.833 24083 24086 D dalvikvm: GC_CONCURRENT freed 195K, 4% free 9343K/9671K, paused 2ms+2ms
06-14 05:12:45.318   142   294 I ActivityManager: Process android.process.acore (pid 24083) has died.
06-14 05:12:45.318   142   294 I ActivityManager: Kill com.google.android.apps.plus (pid 23897): provider com.android.providers.contacts.ContactsProvider2 in dying process android.process.acore
06-14 05:12:45.353   142   921 I ActivityManager: Process com.google.android.apps.plus (pid 23897) has died.
06-14 05:12:45.353   142   921 W ActivityManager: Scheduling restart of crashed service com.google.android.apps.plus/.service.EsSyncAdapterService in 25917ms
06-14 05:12:49.689   142   159 I ActivityManager: Start proc com.google.android.apps.googlevoice for service com.google.android.apps.googlevoice/.CallLogService: pid=24099 uid=10056 gids={3003, 1015}
06-14 05:12:49.861 24099 24101 D dalvikvm: GC_CONCURRENT freed 246K, 4% free 9289K/9607K, paused 2ms+3ms
06-14 05:12:49.872   142   154 I ActivityManager: Start proc android.process.acore for content provider com.android.providers.contacts/.VoicemailContentProvider: pid=24114 uid=10000 gids={3003, 1015}
06-14 05:12:49.908 24114 24114 I ActivityThread: Pub call_log: com.android.providers.contacts.CallLogProvider
06-14 05:12:49.911 24114 24114 I ActivityThread: Pub com.android.voicemail: com.android.providers.contacts.VoicemailContentProvider
06-14 05:12:49.915 24114 24114 I ActivityThread: Pub user_dictionary: com.android.providers.userdictionary.UserDictionaryProvider
06-14 05:12:49.919 24114 24114 I ActivityThread: Pub com.android.social: com.android.providers.contacts.SocialProvider
06-14 05:12:49.919 24114 24114 I ActivityThread: Pub applications: com.android.providers.applications.ApplicationsProvider
06-14 05:12:49.982 24114 24114 I ActivityThread: Pub contacts;com.android.contacts: com.android.providers.contacts.ContactsProvider2
06-14 05:12:49.990 24114 24117 D dalvikvm: GC_CONCURRENT freed 329K, 5% free 9187K/9607K, paused 3ms+2ms
06-14 05:12:50.404 24114 24117 D dalvikvm: GC_CONCURRENT freed 243K, 4% free 9358K/9735K, paused 22ms+1ms
06-14 05:12:53.083   959   959 D dalvikvm: GC_EXPLICIT freed 197K, 21% free 11694K/14663K, paused 142ms+3ms
06-14 05:12:53.404 24114 24117 D dalvikvm: GC_CONCURRENT freed 246K, 4% free 9547K/9927K, paused 11ms+11ms
06-14 05:12:58.904   142   368 I ActivityManager: Start proc com.google.android.apps.maps:LocationFriendService for service com.google.android.apps.maps/com.google.googlenav.friend.reporting.LocationReceiverService: pid=24137 uid=10057 gids={3003, 1015}
06-14 05:12:59.001 23099 23101 D dalvikvm: GC_CONCURRENT freed 464K, 6% free 10241K/10887K, paused 2ms+2ms
06-14 05:12:59.048 24137 24139 D dalvikvm: GC_CONCURRENT freed 165K, 3% free 9370K/9607K, paused 5ms+2ms
06-14 05:12:59.533 24137 24139 D dalvikvm: GC_CONCURRENT freed 155K, 3% free 9660K/9927K, paused 13ms+2ms
06-14 05:13:00.013 24137 24139 D dalvikvm: GC_CONCURRENT freed 236K, 4% free 9914K/10247K, paused 2ms+3ms
06-14 05:13:01.208 22902 24162 I EventLogService: Aggregate from 1339663380869 (log), 1339663380869 (data)
06-14 05:13:01.439 22902 22905 D dalvikvm: GC_CONCURRENT freed 221K, 5% free 9979K/10439K, paused 50ms+7ms
06-14 05:13:01.521   142   918 D CountryDetector: The first listener is added
06-14 05:13:01.615 24099 24101 D dalvikvm: GC_CONCURRENT freed 401K, 6% free 9419K/9927K, paused 2ms+4ms
06-14 05:13:01.634 24099 24108 W CursorWrapperInner: Cursor finalized without prior close()
06-14 05:13:01.775 24099 24108 W CursorWrapperInner: Cursor finalized without prior close()
06-14 05:13:01.790 24099 24108 W CursorWrapperInner: Cursor finalized without prior close()
06-14 05:13:02.068 24099 24101 D dalvikvm: GC_CONCURRENT freed 380K, 5% free 9567K/10055K, paused 2ms+2ms
06-14 05:13:02.083 24114 24117 D dalvikvm: GC_CONCURRENT freed 456K, 6% free 9656K/10183K, paused 6ms+9ms
06-14 05:13:02.349 24114 24117 D dalvikvm: GC_CONCURRENT freed 383K, 5% free 9792K/10247K, paused 7ms+4ms
06-14 05:13:02.536 24099 24164 D dalvikvm: GC_FOR_ALLOC freed 133K, 5% free 9697K/10183K, paused 16ms
06-14 05:13:02.583 24114 24129 D dalvikvm: GC_EXPLICIT freed 227K, 5% free 9777K/10247K, paused 2ms+4ms
06-14 05:13:06.302 27790 27790 D dalvikvm: GC_EXPLICIT freed 142K, 36% free 11631K/17991K, paused 28ms+3ms
06-14 05:13:11.415   142   158 D dalvikvm: GC_EXPLICIT freed 681K, 23% free 19056K/24647K, paused 51ms+9ms
06-14 05:13:16.290   213   213 D dalvikvm: GC_EXPLICIT freed 19K, 59% free 9685K/23239K, paused 4ms+6ms
06-14 05:13:21.302 22902 22902 D dalvikvm: GC_EXPLICIT freed 158K, 6% free 9897K/10439K, paused 49ms+3ms
06-14 05:13:26.345   342   342 D dalvikvm: GC_EXPLICIT freed 5K, 16% free 12088K/14343K, paused 39ms+4ms
06-14 05:13:31.318   428   428 D dalvikvm: GC_EXPLICIT freed <1K, 4% free 9037K/9347K, paused 40ms+2ms
06-14 05:13:36.173   142   159 I ActivityManager: Start proc com.facebook.orca for broadcast com.facebook.orca/.analytics.AnalyticsPeriodicReporter$ReporterBroadcastReceiver: pid=24169 uid=10061 gids={3003, 1015, 1006}
06-14 05:13:36.208 24169 24169 I dalvikvm: Turning on JNI app bug workarounds for target SDK version 10...
06-14 05:13:36.224   142   154 I ActivityManager: Process com.google.android.apps.maps:LocationFriendService (pid 24137) has died.
06-14 05:13:36.419 24169 24169 I ActivityThread: Pub com.facebook.orca.notify.MessengerLoggedInUserProvider: com.facebook.orca.notify.MessengerLoggedInUserProvider
06-14 05:13:36.443 24169 24169 I ActivityThread: Pub com.facebook.orca.notify.MessengerForegroundProvider: com.facebook.orca.notify.MessengerForegroundProvider
06-14 05:13:36.454 24169 24169 V orca:OrcaApplication: Forcing initialization of AsyncTask
06-14 05:13:36.611 24169 24171 D dalvikvm: GC_CONCURRENT freed 223K, 4% free 9313K/9607K, paused 3ms+3ms
06-14 05:13:36.615 24169 24169 I Finalizer: Couldn't access Thread.inheritableThreadLocals. Reference finalizer threads will inherit thread local values.
06-14 05:13:36.779 24169 24171 D dalvikvm: GC_CONCURRENT freed 371K, 5% free 9431K/9927K, paused 2ms+4ms
06-14 05:13:36.896 24169 24169 W OrcaGuiceModule: Sig: ijxLJi1yGs1JpL-X1SExmchvork
06-14 05:13:36.997 24169 24171 D dalvikvm: GC_CONCURRENT freed 268K, 4% free 9622K/9991K, paused 7ms+3ms
06-14 05:13:37.068   142   142 I ActivityManager: Process android.process.acore (pid 24114) has died.
06-14 05:13:37.068   142   153 D CountryDetector: No listener is left
06-14 05:13:37.318 24169 24184 W Resources: Converting to string: TypedValue{t=0x10/d=0xffffffff a=-1}
06-14 05:13:37.536 24169 24171 D dalvikvm: GC_CONCURRENT freed 317K, 4% free 9858K/10247K, paused 2ms+4ms
06-14 05:13:37.654 24169 24171 D dalvikvm: GC_CONCURRENT freed 311K, 4% free 10092K/10503K, paused 2ms+6ms
06-14 05:13:37.697 24169 24184 D dalvikvm: GC_FOR_ALLOC freed 183K, 5% free 10111K/10631K, paused 36ms
06-14 05:13:37.736 24169 24184 D dalvikvm: GC_FOR_ALLOC freed 62K, 5% free 10175K/10631K, paused 33ms
06-14 05:13:37.775   142   154 D dalvikvm: GC_EXPLICIT freed 350K, 23% free 19034K/24647K, paused 3ms+12ms
06-14 05:13:37.779 24169 24184 D dalvikvm: GC_FOR_ALLOC freed 179K, 5% free 10193K/10695K, paused 32ms
06-14 05:13:37.794 24169 24169 D ACRA    : Retrieve application default SharedPreferences.
06-14 05:13:37.798 24169 24169 D ACRA    : Set OnSharedPreferenceChangeListener.
06-14 05:13:37.798 24169 24169 D ACRA    : ACRA is enabled for com.facebook.orca, intializing...
06-14 05:13:37.810 24169 24169 D ACRA    : Looking for error files in /data/data/com.facebook.orca/app_acra-reports
06-14 05:13:37.931 24169 24171 D dalvikvm: GC_CONCURRENT freed 295K, 4% free 10459K/10823K, paused 2ms+3ms
06-14 05:13:38.189 24169 24171 D dalvikvm: GC_CONCURRENT freed 292K, 4% free 10716K/11079K, paused 4ms+3ms
06-14 05:13:38.529 24169 24171 D dalvikvm: GC_CONCURRENT freed 394K, 5% free 10934K/11399K, paused 3ms+2ms
06-14 05:13:38.693 24169 24171 D dalvikvm: GC_CONCURRENT freed 362K, 4% free 11222K/11655K, paused 2ms+3ms
06-14 05:13:39.568 23746 23759 I PhoneLab-: Service Running
06-14 05:13:39.704 23746 23759 I PhoneLab-LoggerService: app_38    27718 1     1112   664   c00f181c 400107b4 S logcat
06-14 05:13:39.704 23746 23759 I PhoneLab-LoggerService: Logcat pid from database 27718
06-14 05:13:39.704 23746 23759 I PhoneLab-LoggerService: Logcat process found 27718
06-14 05:13:39.704 23746 23759 I PhoneLab-LoggerService: Checking Threshold
06-14 05:13:40.033 24169 24171 D dalvikvm: GC_CONCURRENT freed 609K, 6% free 11346K/12039K, paused 11ms+3ms
06-14 05:13:43.357   142   197 D DhcpInfoInternal: makeLinkProperties with empty dns2!
06-14 05:13:43.357   142   197 D DhcpInfoInternal: makeLinkProperties with empty dns2!
06-14 05:13:46.884   357   357 D dalvikvm: GC_EXPLICIT freed <1K, 6% free 9100K/9607K, paused 2ms+2ms
06-14 05:13:51.986   959   959 D dalvikvm: GC_EXPLICIT freed 119K, 21% free 11681K/14663K, paused 27ms+3ms
06-14 05:13:56.962 27790 27790 D dalvikvm: GC_EXPLICIT freed 31K, 36% free 11631K/17991K, paused 25ms+3ms
06-14 05:13:58.872   142   922 I ActivityManager: Start proc com.google.android.apps.maps:LocationFriendService for service com.google.android.apps.maps/com.google.googlenav.friend.reporting.LocationReceiverService: pid=24213 uid=10057 gids={3003, 1015}
06-14 05:13:59.029   142   154 I ActivityManager: Process com.facebook.orca (pid 24169) has died.
06-14 05:13:59.083 24213 24215 D dalvikvm: GC_CONCURRENT freed 170K, 3% free 9365K/9607K, paused 14ms+3ms
06-14 05:13:59.595 24213 24215 D dalvikvm: GC_CONCURRENT freed 155K, 3% free 9679K/9927K, paused 3ms+10ms
06-14 05:14:00.009 24213 24220 I dalvikvm: Total arena pages for JIT: 11
06-14 05:14:00.013 24213 24220 I dalvikvm: Total arena pages for JIT: 12
06-14 05:14:00.013 24213 24220 I dalvikvm: Total arena pages for JIT: 13
06-14 05:14:00.013 24213 24220 I dalvikvm: Total arena pages for JIT: 14
06-14 05:14:00.013 24213 24220 I dalvikvm: Total arena pages for JIT: 15
06-14 05:14:00.013 24213 24220 I dalvikvm: Total arena pages for JIT: 16
06-14 05:14:00.013 24213 24220 I dalvikvm: Total arena pages for JIT: 17
06-14 05:14:00.033 24213 24215 D dalvikvm: GC_CONCURRENT freed 327K, 5% free 9889K/10311K, paused 1ms+16ms
06-14 05:14:05.259   142   158 D dalvikvm: GC_EXPLICIT freed 266K, 23% free 19033K/24647K, paused 41ms+7ms
06-14 05:14:10.216   213   213 D dalvikvm: GC_EXPLICIT freed 4K, 59% free 9684K/23239K, paused 24ms+4ms
06-14 05:14:15.247 22902 22902 D dalvikvm: GC_EXPLICIT freed 18K, 6% free 9897K/10439K, paused 49ms+2ms
06-14 05:14:20.212   342   342 D dalvikvm: GC_EXPLICIT freed 1K, 16% free 12088K/14343K, paused 25ms+4ms
06-14 05:14:25.236   428   428 D dalvikvm: GC_EXPLICIT freed <1K, 4% free 9037K/9347K, paused 22ms+2ms
06-14 05:14:30.220   324   324 D dalvikvm: GC_EXPLICIT freed <1K, 20% free 10618K/13191K, paused 24ms+3ms
06-14 05:14:36.923 16941 16941 E GeckoApp: low memory
06-14 05:14:37.048 16941 16941 D dalvikvm: GC_EXPLICIT freed 5K, 22% free 10500K/13319K, paused 21ms+4ms
06-14 05:14:42.017 22164 22164 D dalvikvm: GC_EXPLICIT freed <1K, 4% free 9055K/9347K, paused 42ms+2ms
06-14 05:14:47.009 23099 23099 D dalvikvm: GC_EXPLICIT freed 245K, 7% free 10232K/10887K, paused 33ms+2ms
06-14 05:14:52.029 23746 23746 D dalvikvm: GC_EXPLICIT freed 56K, 5% free 9129K/9607K, paused 24ms+2ms
06-14 05:14:54.236   142   172 I ActivityManager: Start proc com.twitter.android for service com.twitter.android/.client.AppService: pid=24236 uid=10068 gids={3003, 1015}
06-14 05:14:54.263 24236 24236 I dalvikvm: Turning on JNI app bug workarounds for target SDK version 11...
06-14 05:14:54.380 24236 24236 I ActivityThread: Pub com.twitter.android.provider.GlobalDatabaseProvider: com.twitter.android.provider.GlobalDatabaseProvider
06-14 05:14:54.388 24236 24236 I ActivityThread: Pub com.twitter.android.provider.TwitterProvider: com.twitter.android.provider.TwitterProvider
06-14 05:14:54.572 24236 24238 D dalvikvm: GC_CONCURRENT freed 195K, 4% free 9292K/9607K, paused 3ms+4ms
06-14 05:14:54.876   142   370 I ActivityManager: Process com.google.android.apps.maps:LocationFriendService (pid 24213) has died.
06-14 05:14:55.138 24236 24238 D dalvikvm: GC_CONCURRENT freed 225K, 4% free 9517K/9863K, paused 5ms+2ms
06-14 05:14:55.325 24236 24238 D dalvikvm: GC_CONCURRENT freed 296K, 5% free 9634K/10055K, paused 1ms+5ms
06-14 05:14:55.482 24236 24238 D dalvikvm: GC_CONCURRENT freed 300K, 5% free 9763K/10183K, paused 2ms+2ms
06-14 05:14:55.615 24236 24238 D dalvikvm: GC_CONCURRENT freed 294K, 5% free 9888K/10311K, paused 1ms+2ms
06-14 05:14:55.736 24236 24238 D dalvikvm: GC_CONCURRENT freed 310K, 5% free 10021K/10439K, paused 1ms+2ms
06-14 05:14:55.861 24236 24238 D dalvikvm: GC_CONCURRENT freed 292K, 4% free 10147K/10567K, paused 2ms+3ms
06-14 05:14:55.997 24236 24238 D dalvikvm: GC_CONCURRENT freed 308K, 4% free 10281K/10695K, paused 2ms+2ms
06-14 05:14:56.189 24236 24238 D dalvikvm: GC_CONCURRENT freed 478K, 6% free 10223K/10823K, paused 4ms+3ms
06-14 05:14:56.322 24236 24238 D dalvikvm: GC_CONCURRENT freed 325K, 5% free 10297K/10823K, paused 2ms+2ms
06-14 05:14:56.466 24236 24238 D dalvikvm: GC_CONCURRENT freed 313K, 4% free 10403K/10823K, paused 2ms+2ms
06-14 05:14:56.611 24236 24238 D dalvikvm: GC_CONCURRENT freed 357K, 5% free 10468K/10951K, paused 1ms+2ms
06-14 05:14:56.736 24236 24238 D dalvikvm: GC_CONCURRENT freed 356K, 5% free 10552K/11015K, paused 3ms+2ms
06-14 05:14:56.865 24236 24238 D dalvikvm: GC_CONCURRENT freed 338K, 4% free 10637K/11079K, paused 1ms+2ms
06-14 05:14:56.990 24236 24238 D dalvikvm: GC_CONCURRENT freed 366K, 5% free 10722K/11207K, paused 1ms+3ms
06-14 05:14:57.146 24236 24238 D dalvikvm: GC_CONCURRENT freed 397K, 5% free 10849K/11335K, paused 1ms+2ms
06-14 05:14:58.408 24236 24238 D dalvikvm: GC_CONCURRENT freed 408K, 5% free 11001K/11527K, paused 2ms+2ms
06-14 05:14:58.872   142   921 I ActivityManager: Start proc com.google.android.apps.maps:LocationFriendService for service com.google.android.apps.maps/com.google.googlenav.friend.reporting.LocationReceiverService: pid=24254 uid=10057 gids={3003, 1015}
06-14 05:14:59.005 24254 24256 D dalvikvm: GC_CONCURRENT freed 175K, 3% free 9360K/9607K, paused 1ms+2ms
06-14 05:14:59.341 24254 24256 D dalvikvm: GC_CONCURRENT freed 194K, 3% free 9647K/9927K, paused 3ms+2ms
06-14 05:14:59.790 24254 24256 D dalvikvm: GC_CONCURRENT freed 200K, 3% free 9880K/10183K, paused 25ms+2ms
06-14 05:14:59.841 24254 24261 I dalvikvm: Total arena pages for JIT: 11
06-14 05:14:59.841 24254 24261 I dalvikvm: Total arena pages for JIT: 12
06-14 05:14:59.841 24254 24261 I dalvikvm: Total arena pages for JIT: 13
06-14 05:14:59.841 24254 24261 I dalvikvm: Total arena pages for JIT: 14
06-14 05:14:59.841 24254 24261 I dalvikvm: Total arena pages for JIT: 15
06-14 05:14:59.845 24254 24261 I dalvikvm: Total arena pages for JIT: 16
06-14 05:14:59.845 24254 24261 I dalvikvm: Total arena pages for JIT: 17
06-14 05:15:00.200   142   142 I ActivityManager: Process com.google.android.apps.maps:LocationFriendService (pid 24254) has died.
06-14 05:15:00.911 24236 24238 D dalvikvm: GC_CONCURRENT freed 385K, 5% free 11207K/11719K, paused 2ms+6ms
06-14 05:15:05.685   357   357 D dalvikvm: GC_EXPLICIT freed <1K, 6% free 9100K/9607K, paused 37ms+2ms
06-14 05:15:10.704   959   959 D dalvikvm: GC_EXPLICIT freed 128K, 21% free 11684K/14663K, paused 31ms+3ms
06-14 05:15:15.724 27790 27790 D dalvikvm: GC_EXPLICIT freed 41K, 36% free 11631K/17991K, paused 25ms+3ms
06-14 05:15:20.751   142   158 D dalvikvm: GC_EXPLICIT freed 581K, 23% free 19042K/24647K, paused 41ms+11ms
06-14 05:15:29.697   213   213 D dalvikvm: GC_EXPLICIT freed 11K, 59% free 9684K/23239K, paused 2ms+3ms
06-14 05:15:34.740 22902 22902 D dalvikvm: GC_EXPLICIT freed 18K, 6% free 9897K/10439K, paused 35ms+2ms
06-14 05:15:37.841   142   159 I ActivityManager: Start proc com.facebook.orca for broadcast com.facebook.orca/.analytics.AnalyticsPeriodicReporter$ReporterBroadcastReceiver: pid=24280 uid=10061 gids={3003, 1015, 1006}
06-14 05:15:37.865 24280 24280 I dalvikvm: Turning on JNI app bug workarounds for target SDK version 10...
06-14 05:15:37.876    80    80 D dalvikvm: GC_EXPLICIT freed 37K, 4% free 9031K/9347K, paused 2ms+14ms
06-14 05:15:37.911    80    80 D dalvikvm: GC_EXPLICIT freed <1K, 4% free 9031K/9347K, paused 2ms+2ms
06-14 05:15:37.958    80    80 D dalvikvm: GC_EXPLICIT freed <1K, 4% free 9031K/9347K, paused 2ms+6ms
06-14 05:15:37.982   142   602 I ActivityManager: Process com.twitter.android (pid 24236) has died.
06-14 05:15:38.048 24280 24280 I ActivityThread: Pub com.facebook.orca.notify.MessengerLoggedInUserProvider: com.facebook.orca.notify.MessengerLoggedInUserProvider
06-14 05:15:38.075 24280 24280 I ActivityThread: Pub com.facebook.orca.notify.MessengerForegroundProvider: com.facebook.orca.notify.MessengerForegroundProvider
06-14 05:15:38.083 24280 24280 V orca:OrcaApplication: Forcing initialization of AsyncTask
06-14 05:15:38.232 24280 24282 D dalvikvm: GC_CONCURRENT freed 215K, 3% free 9320K/9607K, paused 2ms+2ms
06-14 05:15:38.251 24280 24280 I Finalizer: Couldn't access Thread.inheritableThreadLocals. Reference finalizer threads will inherit thread local values.
06-14 05:15:38.384 24280 24282 D dalvikvm: GC_CONCURRENT freed 369K, 5% free 9449K/9927K, paused 2ms+3ms
06-14 05:15:38.474 24280 24280 W OrcaGuiceModule: Sig: ijxLJi1yGs1JpL-X1SExmchvork
06-14 05:15:38.552   142   422 I ActivityManager: Process com.android.sprintmenu (pid 22164) has died.
06-14 05:15:38.552   142   422 W ActivityManager: Scheduling restart of crashed service com.android.sprintmenu/.HiddenPhoneService in 5000ms
06-14 05:15:38.575 24280 24282 D dalvikvm: GC_CONCURRENT freed 283K, 4% free 9617K/9991K, paused 2ms+2ms
06-14 05:15:38.786 24280 24295 W Resources: Converting to string: TypedValue{t=0x10/d=0xffffffff a=-1}
06-14 05:15:38.954 24280 24282 D dalvikvm: GC_CONCURRENT freed 324K, 4% free 9851K/10247K, paused 2ms+11ms
06-14 05:15:39.185 24280 24280 D ACRA    : Retrieve application default SharedPreferences.
06-14 05:15:39.185 24280 24280 D ACRA    : Set OnSharedPreferenceChangeListener.
06-14 05:15:39.185 24280 24280 D ACRA    : ACRA is enabled for com.facebook.orca, intializing...
06-14 05:15:39.240 24280 24280 D ACRA    : Looking for error files in /data/data/com.facebook.orca/app_acra-reports
06-14 05:15:39.286 24280 24282 D dalvikvm: GC_CONCURRENT freed 300K, 4% free 10064K/10439K, paused 5ms+4ms
06-14 05:15:39.341 24280 24295 D dalvikvm: GC_FOR_ALLOC freed 216K, 6% free 10114K/10695K, paused 51ms
06-14 05:15:39.427 24280 24295 D dalvikvm: GC_FOR_ALLOC freed 95K, 5% free 10211K/10695K, paused 51ms
06-14 05:15:39.595 23746 23759 I PhoneLab-: Service Running
06-14 05:15:40.954 24280 24295 D dalvikvm: GC_FOR_ALLOC freed 224K, 5% free 10241K/10759K, paused 708ms
06-14 05:15:41.513   142   153 I ActivityManager: Process com.facebook.orca (pid 24280) has died.
06-14 05:15:41.919 23746 23759 I PhoneLab-LoggerService: app_38    27718 1     1112   664   c00f181c 400107b4 S logcat
06-14 05:15:41.919 23746 23759 I PhoneLab-LoggerService: Logcat pid from database 27718
06-14 05:15:41.919 23746 23759 I PhoneLab-LoggerService: Logcat process found 27718
06-14 05:15:41.919 23746 23759 I PhoneLab-LoggerService: Checking Threshold
06-14 05:15:42.189   142 24296 I ActivityManager: Applications Memory Usage (kB):
06-14 05:15:42.189   142 24296 I ActivityManager: Uptime: 175707251 Realtime: 302603646
06-14 05:15:42.189   142 24296 I ActivityManager: Total PSS by OOM adjustment:
06-14 05:15:42.189   142 24296 I ActivityManager:     35007 kB: System
06-14 05:15:42.189   142 24296 I ActivityManager:                35007 kB: system (pid 142)
06-14 05:15:42.189   142 24296 I ActivityManager:     29121 kB: Persistent
06-14 05:15:42.189   142 24296 I ActivityManager:                12709 kB: com.android.systemui (pid 213)
06-14 05:15:42.189   142 24296 I ActivityManager:                12133 kB: com.android.phone (pid 342)
06-14 05:15:42.189   142 24296 I ActivityManager:                 4279 kB: com.android.nfc (pid 357)
06-14 05:15:42.189   142 24296 I ActivityManager:     31447 kB: Foreground
06-14 05:15:42.189   142 24296 I ActivityManager:                31447 kB: com.android.launcher (pid 27790)
06-14 05:15:42.189   142 24296 I ActivityManager:     12694 kB: Visible
06-14 05:15:42.189   142 24296 I ActivityManager:                 9631 kB: com.google.process.gapps (pid 22902)
06-14 05:15:42.189   142 24296 I ActivityManager:                 3063 kB: com.android.smspush (pid 428)
06-14 05:15:42.189   142 24296 I ActivityManager:     30074 kB: Perceptible
06-14 05:15:42.189   142 24296 I ActivityManager:                19731 kB: hr.podlanica (pid 959)
06-14 05:15:42.189   142 24296 I ActivityManager:                10343 kB: com.android.inputmethod.latin (pid 324)
06-14 05:15:42.189   142 24296 I ActivityManager:     13914 kB: A Services
06-14 05:15:42.189   142 24296 I ActivityManager:                 7203 kB: com.google.android.apps.googlevoice (pid 24099)
06-14 05:15:42.189   142 24296 I ActivityManager:                 6711 kB: com.google.android.apps.maps:NetworkLocationService (pid 23099)
06-14 05:15:42.189   142 24296 I ActivityManager:     67770 kB: Previous
06-14 05:15:42.189   142 24296 I ActivityManager:                67770 kB: org.mozilla.firefox_beta (pid 16941)
06-14 05:15:42.189   142 24296 I ActivityManager:     10946 kB: B Services
06-14 05:15:42.189   142 24296 I ActivityManager:                 6451 kB: com.whatsapp (pid 23972)
06-14 05:15:42.189   142 24296 I ActivityManager:                 4495 kB: edu.buffalo.cse.phonelab.phonelabservices (pid 23746)
06-14 05:15:42.189   142 24296 I ActivityManager:     11619 kB: Background
06-14 05:15:42.189   142 24296 I ActivityManager:                11619 kB: com.facebook.orca (pid 24280)
06-14 05:15:42.189   142 24296 I ActivityManager: 
06-14 05:15:42.189   142 24296 I ActivityManager: Total PSS: 242592 kB
06-14 05:15:42.189   142 24296 I ActivityManager:   PID      Vss      Rss      Pss      Uss  cmdline
06-14 05:15:42.189   142 24296 I ActivityManager: 16941   84536K   84448K   67957K   66604K  org.mozilla.firefox_beta
06-14 05:15:42.189   142 24296 I ActivityManager:   142   53352K   53288K   35212K   31320K  system_server
06-14 05:15:42.189   142 24296 I ActivityManager: 27790   50060K   49956K   31633K   28732K  com.android.launcher
06-14 05:15:42.189   142 24296 I ActivityManager:   959   33900K   33820K   19832K   18796K  hr.podlanica
06-14 05:15:42.189   142 24296 I ActivityManager:    79   24324K   21324K   13869K    7208K  /system/bin/surfaceflinger
06-14 05:15:42.189   142 24296 I ActivityManager:   213   31964K   31864K   12898K    8420K  com.android.systemui
06-14 05:15:42.189   142 24296 I ActivityManager:   342   27480K   27396K   12252K   11108K  com.android.phone
06-14 05:15:42.189   142 24296 I ActivityManager:   324   25240K   25152K   10454K    9384K  com.android.inputmethod.latin
06-14 05:15:42.189   142 24296 I ActivityManager: 22902   29136K   29044K    9948K    7872K  com.google.process.gapps
06-14 05:15:42.189   142 24296 I ActivityManager: 24099   27340K   27276K    7616K    5396K  com.google.android.apps.googlevoice
06-14 05:15:42.189   142 24296 I ActivityManager: 23099   25928K   25832K    6940K    5060K  com.google.android.apps.maps:NetworkLocationService
06-14 05:15:42.189   142 24296 I ActivityManager: 23972   26620K   26552K    6802K    4488K  com.whatsapp
06-14 05:15:42.189   142 24296 I ActivityManager: 23746   23852K   23756K    4752K    2788K  edu.buffalo.cse.phonelab.phonelabservices
06-14 05:15:42.189   142 24296 I ActivityManager:   357   19360K   19264K    4388K    3296K  com.android.nfc
06-14 05:15:42.189   142 24296 I ActivityManager: 18802   18056K   17952K    3642K    2544K  com.spotify.mobile.android.ui
06-14 05:15:42.189   142 24296 I ActivityManager:   428   18492K   18380K    3179K    1932K  com.android.smspush
06-14 05:15:42.189   142 24296 I ActivityManager:    80   18732K   18604K    2541K    1096K  zygote
06-14 05:15:42.189   142 24296 I ActivityManager:    82    2208K    2208K    1924K    1900K  /system/bin/mediaserver
06-14 05:15:42.189   142 24296 I ActivityManager:    81    1088K    1088K     884K     876K  /system/bin/drmserver
06-14 05:15:42.189   142 24296 I ActivityManager:    78     984K     984K     698K     676K  /system/bin/rild
06-14 05:15:42.189   142 24296 I ActivityManager: 24302     700K     692K     568K     564K  procrank
06-14 05:15:42.189   142 24296 I ActivityManager: 27718     668K     664K     526K     520K  logcat
06-14 05:15:42.189   142 24296 I ActivityManager:    88     444K     444K     428K     428K  /sbin/adbd
06-14 05:15:42.189   142 24296 I ActivityManager:  8348     588K     584K     426K     412K  /system/bin/wpa_supplicant
06-14 05:15:42.189   142 24296 I ActivityManager: 23728     572K     568K     384K     368K  /system/bin/netd
06-14 05:15:42.189   142 24296 I ActivityManager:   298     388K     388K     302K     300K  /system/bin/bluetoothd
06-14 05:15:42.189   142 24296 I ActivityManager:    73     432K     428K     292K     284K  /system/bin/vold
06-14 05:15:42.189   142 24296 I ActivityManager:    86     472K     468K     284K     276K  /system/vendor/bin/gpsd
06-14 05:15:42.189   142 24296 I ActivityManager:    85     392K     356K     247K     244K  /system/bin/keystore
06-14 05:15:42.189   142 24296 I ActivityManager: 21152     344K     340K     186K     180K  /system/bin/dhcpcd
06-14 05:15:42.189   142 24296 I ActivityManager:    83     276K     268K     186K     184K  /system/bin/dbus-daemon
06-14 05:15:42.189   142 24296 I ActivityManager:     1     204K     204K     138K     100K  /init
06-14 05:15:42.189   142 24296 I ActivityManager:   200     204K     196K     133K     132K  /system/bin/brcm_patchram_plus
06-14 05:15:42.189   142 24296 I ActivityManager:    84     248K     240K     123K     120K  /system/bin/installd
06-14 05:15:42.189   142 24296 I ActivityManager:    61     160K     160K     122K      84K  /sbin/ueventd
06-14 05:15:42.189   142 24296 I ActivityManager:    87     172K     168K     105K     104K  /system/bin/sh
06-14 05:15:42.189   142 24296 I ActivityManager:    72     180K     172K      94K      92K  /system/bin/servicemanager
06-14 05:15:42.189   142 24296 I ActivityManager: 22381     196K     188K      76K      72K  /system/bin/debuggerd
06-14 05:15:42.189   142 24296 I ActivityManager:                           ------   ------  ------
06-14 05:15:42.189   142 24296 I ActivityManager:                          262058K  223960K  TOTAL
06-14 05:15:42.189   142 24296 I ActivityManager: RAM: 342896K total, 28956K free, 944K buffers, 55116K cached, 18576K shmem, 9344K slab
06-14 05:15:43.615   142   159 I ActivityManager: Start proc com.android.sprintmenu for service com.android.sprintmenu/.HiddenPhoneService: pid=24304 uid=1001 gids={3002, 3001, 3003, 1015}
06-14 05:15:46.646   342   342 D dalvikvm: GC_EXPLICIT freed 4K, 16% free 12088K/14343K, paused 26ms+3ms
06-14 05:15:51.622   428   428 D dalvikvm: GC_EXPLICIT freed <1K, 4% free 9037K/9347K, paused 25ms+2ms
06-14 05:15:56.665   324   324 D dalvikvm: GC_EXPLICIT freed <1K, 20% free 10618K/13191K, paused 24ms+3ms
06-14 05:15:58.982   142   370 I ActivityManager: Start proc com.google.android.apps.maps:LocationFriendService for service com.google.android.apps.maps/com.google.googlenav.friend.reporting.LocationReceiverService: pid=24320 uid=10057 gids={3003, 1015}
06-14 05:15:59.079 23099 23101 D dalvikvm: GC_CONCURRENT freed 464K, 6% free 10237K/10887K, paused 2ms+3ms
06-14 05:15:59.111 24320 24323 D dalvikvm: GC_CONCURRENT freed 156K, 3% free 9380K/9607K, paused 2ms+2ms
06-14 05:15:59.474 24320 24323 D dalvikvm: GC_CONCURRENT freed 181K, 3% free 9643K/9927K, paused 3ms+4ms
06-14 05:15:59.923 24320 24323 D dalvikvm: GC_CONCURRENT freed 206K, 4% free 9874K/10183K, paused 3ms+2ms
06-14 05:15:59.986 24320 24327 I dalvikvm: Total arena pages for JIT: 11
06-14 05:15:59.990 24320 24327 I dalvikvm: Total arena pages for JIT: 12
06-14 05:15:59.990 24320 24327 I dalvikvm: Total arena pages for JIT: 13
06-14 05:15:59.990 24320 24327 I dalvikvm: Total arena pages for JIT: 14
06-14 05:15:59.990 24320 24327 I dalvikvm: Total arena pages for JIT: 15
06-14 05:15:59.993 24320 24327 I dalvikvm: Total arena pages for JIT: 16
06-14 05:15:59.993 24320 24327 I dalvikvm: Total arena pages for JIT: 17
06-14 05:16:00.138   142   366 I ActivityManager: Process com.google.android.apps.maps:LocationFriendService (pid 24320) has died.
06-14 05:16:05.259   357   357 D dalvikvm: GC_EXPLICIT freed <1K, 6% free 9100K/9607K, paused 27ms+2ms
06-14 05:16:08.060   142   197 D DhcpInfoInternal: makeLinkProperties with empty dns2!
06-14 05:16:08.060   142   197 D DhcpInfoInternal: makeLinkProperties with empty dns2!
06-14 05:16:12.443   959   959 D dalvikvm: GC_EXPLICIT freed 115K, 21% free 11682K/14663K, paused 4ms+4ms
06-14 05:16:17.482 27790 27790 D dalvikvm: GC_EXPLICIT freed 52K, 36% free 11631K/17991K, paused 30ms+4ms
06-14 05:16:22.556   142   158 D dalvikvm: GC_EXPLICIT freed 1405K, 23% free 19039K/24647K, paused 36ms+7ms
06-14 05:16:27.482   213   213 D dalvikvm: GC_EXPLICIT freed 4K, 59% free 9684K/23239K, paused 29ms+3ms
06-14 05:16:32.497 22902 22902 D dalvikvm: GC_EXPLICIT freed 18K, 6% free 9898K/10439K, paused 27ms+3ms
06-14 05:16:37.497   342   342 D dalvikvm: GC_EXPLICIT freed <1K, 16% free 12088K/14343K, paused 36ms+3ms
06-14 05:16:42.470   428   428 D dalvikvm: GC_EXPLICIT freed <1K, 4% free 9037K/9347K, paused 14ms+2ms
06-14 05:16:47.525   324   324 D dalvikvm: GC_EXPLICIT freed <1K, 20% free 10618K/13191K, paused 36ms+5ms
06-14 05:16:52.544 24099 24099 D dalvikvm: GC_EXPLICIT freed 97K, 6% free 9729K/10247K, paused 25ms+3ms
06-14 05:16:57.490 16941 16941 E GeckoApp: low memory
06-14 05:16:57.650 16941 16941 D dalvikvm: GC_EXPLICIT freed 2K, 22% free 10500K/13319K, paused 38ms+4ms
06-14 05:16:58.904   142   422 I ActivityManager: Start proc com.google.android.apps.maps:LocationFriendService for service com.google.android.apps.maps/com.google.googlenav.friend.reporting.LocationReceiverService: pid=24361 uid=10057 gids={3003, 1015}
06-14 05:16:59.040 24361 24364 D dalvikvm: GC_CONCURRENT freed 156K, 3% free 9380K/9607K, paused 2ms+2ms
06-14 05:16:59.197 24361 24364 D dalvikvm: GC_CONCURRENT freed 163K, 3% free 9679K/9927K, paused 5ms+2ms
06-14 05:16:59.427 24361 24364 D dalvikvm: GC_CONCURRENT freed 307K, 4% free 9931K/10311K, paused 1ms+3ms
06-14 05:17:05.154 23099 23099 D dalvikvm: GC_EXPLICIT freed 242K, 7% free 10232K/10887K, paused 26ms+2ms
06-14 05:17:10.181 23746 23746 D dalvikvm: GC_EXPLICIT freed 49K, 5% free 9129K/9607K, paused 28ms+2ms
06-14 05:17:15.251 23972 23972 D dalvikvm: GC_EXPLICIT freed 42K, 7% free 9852K/10503K, paused 28ms+3ms
06-14 05:17:39.243   142   159 I ActivityManager: Start proc com.facebook.orca for broadcast com.facebook.orca/.analytics.AnalyticsPeriodicReporter$ReporterBroadcastReceiver: pid=24384 uid=10061 gids={3003, 1015, 1006}
06-14 05:17:39.247 24384 24384 I dalvikvm: Turning on JNI app bug workarounds for target SDK version 10...
06-14 05:17:39.263   142   154 I ActivityManager: Process com.google.android.apps.maps:LocationFriendService (pid 24361) has died.
06-14 05:17:39.376 24384 24384 I ActivityThread: Pub com.facebook.orca.notify.MessengerLoggedInUserProvider: com.facebook.orca.notify.MessengerLoggedInUserProvider
06-14 05:17:39.380 24384 24384 I ActivityThread: Pub com.facebook.orca.notify.MessengerForegroundProvider: com.facebook.orca.notify.MessengerForegroundProvider
06-14 05:17:39.384 24384 24384 V orca:OrcaApplication: Forcing initialization of AsyncTask
06-14 05:17:39.462 24384 24386 D dalvikvm: GC_CONCURRENT freed 212K, 3% free 9324K/9607K, paused 2ms+8ms
06-14 05:17:39.462 24384 24384 I Finalizer: Couldn't access Thread.inheritableThreadLocals. Reference finalizer threads will inherit thread local values.
06-14 05:17:39.552 23746 23759 I PhoneLab-: Service Running
06-14 05:17:39.665 23746 23759 I PhoneLab-LoggerService: app_38    27718 1     1112   664   c00f181c 400107b4 S logcat
06-14 05:17:39.665 23746 23759 I PhoneLab-LoggerService: Logcat pid from database 27718
06-14 05:17:39.665 23746 23759 I PhoneLab-LoggerService: Logcat process found 27718
06-14 05:17:39.665 23746 23759 I PhoneLab-LoggerService: Checking Threshold
06-14 05:17:39.677 24384 24386 D dalvikvm: GC_CONCURRENT freed 391K, 5% free 9462K/9927K, paused 2ms+3ms
06-14 05:17:39.743 24384 24384 W OrcaGuiceModule: Sig: ijxLJi1yGs1JpL-X1SExmchvork
06-14 05:17:39.825 24384 24386 D dalvikvm: GC_CONCURRENT freed 283K, 5% free 9590K/9991K, paused 8ms+2ms
06-14 05:17:39.974 24384 24400 W Resources: Converting to string: TypedValue{t=0x10/d=0xffffffff a=-1}
06-14 05:17:40.122 24384 24386 D dalvikvm: GC_CONCURRENT freed 273K, 4% free 9838K/10183K, paused 2ms+3ms
06-14 05:17:40.228 24384 24384 D ACRA    : Retrieve application default SharedPreferences.
06-14 05:17:40.228 24384 24384 D ACRA    : Set OnSharedPreferenceChangeListener.
06-14 05:17:40.228 24384 24384 D ACRA    : ACRA is enabled for com.facebook.orca, intializing...
06-14 05:17:40.275 24384 24386 D dalvikvm: GC_CONCURRENT freed 293K, 4% free 10071K/10439K, paused 2ms+9ms
06-14 05:17:40.279 24384 24384 D ACRA    : Looking for error files in /data/data/com.facebook.orca/app_acra-reports
06-14 05:17:40.325 24384 24400 D dalvikvm: GC_FOR_ALLOC freed 236K, 6% free 10115K/10695K, paused 30ms
06-14 05:17:40.388 24384 24400 D dalvikvm: GC_FOR_ALLOC freed 114K, 5% free 10216K/10695K, paused 26ms
06-14 05:17:40.454 24384 24400 D dalvikvm: GC_FOR_ALLOC freed 218K, 6% free 10247K/10823K, paused 20ms
06-14 05:17:40.466   142   921 I ActivityManager: Process com.facebook.orca (pid 24384) has died.
06-14 05:17:45.603   357   357 D dalvikvm: GC_EXPLICIT freed <1K, 6% free 9100K/9607K, paused 3ms+6ms
06-14 05:17:50.618   959   959 D dalvikvm: GC_EXPLICIT freed 155K, 21% free 11688K/14663K, paused 20ms+3ms
06-14 05:17:55.622 27790 27790 D dalvikvm: GC_EXPLICIT freed 31K, 36% free 11631K/17991K, paused 25ms+7ms
06-14 05:17:58.986   142   153 I ActivityManager: Start proc com.google.android.apps.maps:LocationFriendService for service com.google.android.apps.maps/com.google.googlenav.friend.reporting.LocationReceiverService: pid=24405 uid=10057 gids={3003, 1015}
06-14 05:17:59.103 24405 24408 D dalvikvm: GC_CONCURRENT freed 163K, 3% free 9373K/9607K, paused 2ms+2ms
06-14 05:17:59.275 24405 24408 D dalvikvm: GC_CONCURRENT freed 195K, 3% free 9715K/9991K, paused 2ms+3ms
06-14 05:17:59.329 22902 23030 D dalvikvm: GC_EXPLICIT freed 25K, 6% free 9905K/10439K, paused 2ms+2ms
06-14 05:17:59.490 24405 24408 D dalvikvm: GC_CONCURRENT freed 282K, 4% free 9925K/10311K, paused 2ms+2ms
06-14 05:17:59.908   142   153 I ActivityManager: Process com.google.android.apps.maps:LocationFriendService (pid 24405) has died.
06-14 05:18:05.193   142   158 D dalvikvm: GC_EXPLICIT freed 717K, 23% free 19042K/24647K, paused 44ms+10ms
06-14 05:18:10.130   213   213 D dalvikvm: GC_EXPLICIT freed 11K, 59% free 9685K/23239K, paused 24ms+3ms
06-14 05:18:15.126 22902 22902 D dalvikvm: GC_EXPLICIT freed 16K, 6% free 9895K/10439K, paused 36ms+3ms
06-14 05:18:20.146   342   342 D dalvikvm: GC_EXPLICIT freed 3K, 16% free 12088K/14343K, paused 26ms+3ms
06-14 05:18:25.154   428   428 D dalvikvm: GC_EXPLICIT freed <1K, 4% free 9037K/9347K, paused 25ms+4ms
06-14 05:18:30.154   324   324 D dalvikvm: GC_EXPLICIT freed <1K, 20% free 10618K/13191K, paused 25ms+3ms
06-14 05:18:32.958   142   197 D DhcpInfoInternal: makeLinkProperties with empty dns2!
06-14 05:18:32.962   142   197 D DhcpInfoInternal: makeLinkProperties with empty dns2!
06-14 05:18:37.161 24099 24099 D dalvikvm: GC_EXPLICIT freed 13K, 6% free 9716K/10247K, paused 3ms+2ms
06-14 05:18:42.228 24304 24304 D dalvikvm: GC_EXPLICIT freed 42K, 4% free 9056K/9347K, paused 23ms+3ms
06-14 05:18:47.146 16941 16941 E GeckoApp: low memory
06-14 05:18:47.228 16941 16941 D dalvikvm: GC_EXPLICIT freed 2K, 22% free 10500K/13319K, paused 31ms+4ms
06-14 05:18:52.232 23099 23099 D dalvikvm: GC_EXPLICIT freed 238K, 7% free 10232K/10887K, paused 25ms+2ms
06-14 05:18:57.208 23746 23746 D dalvikvm: GC_EXPLICIT freed 49K, 5% free 9129K/9607K, paused 7ms+2ms
06-14 05:18:59.075   142   368 I ActivityManager: Start proc com.google.android.apps.maps:LocationFriendService for service com.google.android.apps.maps/com.google.googlenav.friend.reporting.LocationReceiverService: pid=24447 uid=10057 gids={3003, 1015}
06-14 05:18:59.197 24447 24450 D dalvikvm: GC_CONCURRENT freed 166K, 3% free 9370K/9607K, paused 2ms+2ms
06-14 05:18:59.388 24447 24450 D dalvikvm: GC_CONCURRENT freed 203K, 3% free 9715K/9991K, paused 1ms+3ms
06-14 05:18:59.564   142   368 D dalvikvm: GC_EXPLICIT freed 153K, 23% free 19024K/24647K, paused 3ms+10ms
06-14 05:18:59.673 24447 24450 D dalvikvm: GC_CONCURRENT freed 276K, 4% free 9927K/10311K, paused 2ms+3ms
06-14 05:19:05.200 23972 23972 D dalvikvm: GC_EXPLICIT freed 8K, 7% free 9849K/10503K, paused 27ms+2ms
06-14 05:19:39.552 23746 23759 I PhoneLab-: Service Running
06-14 05:19:39.646   142   422 I ActivityManager: Process com.google.android.apps.maps:LocationFriendService (pid 24447) has died.
06-14 05:19:39.689 23746 23759 I PhoneLab-LoggerService: app_38    27718 1     1112   664   c00f181c 400107b4 S logcat
06-14 05:19:39.693 23746 23759 I PhoneLab-LoggerService: Logcat pid from database 27718
06-14 05:19:39.693 23746 23759 I PhoneLab-LoggerService: Logcat process found 27718
06-14 05:19:39.693 23746 23759 I PhoneLab-LoggerService: Checking Threshold
06-14 05:19:40.286   142   159 I ActivityManager: Start proc com.facebook.orca for broadcast com.facebook.orca/.analytics.AnalyticsPeriodicReporter$ReporterBroadcastReceiver: pid=24471 uid=10061 gids={3003, 1015, 1006}
06-14 05:19:40.290 24471 24471 I dalvikvm: Turning on JNI app bug workarounds for target SDK version 10...
06-14 05:19:40.353 24471 24471 I ActivityThread: Pub com.facebook.orca.notify.MessengerLoggedInUserProvider: com.facebook.orca.notify.MessengerLoggedInUserProvider
06-14 05:19:40.353 24471 24471 I ActivityThread: Pub com.facebook.orca.notify.MessengerForegroundProvider: com.facebook.orca.notify.MessengerForegroundProvider
06-14 05:19:40.357 24471 24471 V orca:OrcaApplication: Forcing initialization of AsyncTask
06-14 05:19:40.419 24471 24472 D dalvikvm: GC_CONCURRENT freed 224K, 4% free 9311K/9607K, paused 1ms+3ms
06-14 05:19:40.423 24471 24471 I Finalizer: Couldn't access Thread.inheritableThreadLocals. Reference finalizer threads will inherit thread local values.
06-14 05:19:40.552 24471 24472 D dalvikvm: GC_CONCURRENT freed 374K, 5% free 9446K/9927K, paused 2ms+3ms
06-14 05:19:40.622 24471 24471 W OrcaGuiceModule: Sig: ijxLJi1yGs1JpL-X1SExmchvork
06-14 05:19:40.693 24471 24472 D dalvikvm: GC_CONCURRENT freed 258K, 4% free 9625K/9991K, paused 5ms+2ms
06-14 05:19:40.865 24471 24486 W Resources: Converting to string: TypedValue{t=0x10/d=0xffffffff a=-1}
06-14 05:19:41.029 24471 24472 D dalvikvm: GC_CONCURRENT freed 329K, 4% free 9846K/10247K, paused 2ms+2ms
06-14 05:19:41.118 24471 24471 D ACRA    : Retrieve application default SharedPreferences.
06-14 05:19:41.118 24471 24471 D ACRA    : Set OnSharedPreferenceChangeListener.
06-14 05:19:41.122 24471 24471 D ACRA    : ACRA is enabled for com.facebook.orca, intializing...
06-14 05:19:41.134   142   919 I ActivityManager: Process com.google.android.apps.googlevoice (pid 24099) has died.
06-14 05:19:41.134   142   919 W ActivityManager: Scheduling restart of crashed service com.google.android.apps.googlevoice/.UpdateService in 5000ms
06-14 05:19:41.134   142   919 W ActivityManager: Scheduling restart of crashed service com.google.android.apps.googlevoice/.CallLogService in 15000ms
06-14 05:19:41.193 24471 24486 D dalvikvm: GC_FOR_ALLOC freed 248K, 4% free 10042K/10375K, paused 63ms
06-14 05:19:41.228 24471 24471 D ACRA    : Looking for error files in /data/data/com.facebook.orca/app_acra-reports
06-14 05:19:41.298 24471 24472 D dalvikvm: GC_CONCURRENT freed 137K, 4% free 10273K/10631K, paused 1ms+3ms
06-14 05:19:41.368 24471 24486 D dalvikvm: GC_FOR_ALLOC freed 448K, 6% free 10242K/10887K, paused 26ms
06-14 05:19:41.540 24471 24472 D dalvikvm: GC_CONCURRENT freed 357K, 5% free 10397K/10887K, paused 2ms+2ms
06-14 05:19:41.728 24471 24472 D dalvikvm: GC_CONCURRENT freed 148K, 2% free 10795K/11015K, paused 2ms+5ms
06-14 05:19:41.931 24471 24472 D dalvikvm: GC_CONCURRENT freed 376K, 4% free 11015K/11463K, paused 4ms+3ms
06-14 05:19:42.099 24471 24472 D dalvikvm: GC_CONCURRENT freed 478K, 5% free 11233K/11783K, paused 2ms+3ms
06-14 05:19:43.669 24471 24472 D dalvikvm: GC_CONCURRENT freed 631K, 6% free 11401K/12103K, paused 2ms+2ms
06-14 05:19:46.220   142   159 I ActivityManager: Start proc com.google.android.apps.googlevoice for service com.google.android.apps.googlevoice/.UpdateService: pid=24495 uid=10056 gids={3003, 1015}
06-14 05:19:46.259   357   357 D dalvikvm: GC_EXPLICIT freed <1K, 6% free 9100K/9607K, paused 2ms+4ms
06-14 05:19:46.286   142   368 I ActivityManager: Process com.facebook.orca (pid 24471) has died.
06-14 05:19:46.587 24495 24497 D dalvikvm: GC_CONCURRENT freed 292K, 4% free 9244K/9607K, paused 2ms+4ms
06-14 05:19:46.634   142   153 I ActivityManager: Start proc android.process.acore for content provider com.android.providers.contacts/.VoicemailContentProvider: pid=24510 uid=10000 gids={3003, 1015}
06-14 05:19:46.685 24510 24510 I ActivityThread: Pub call_log: com.android.providers.contacts.CallLogProvider
06-14 05:19:46.732 24510 24510 I ActivityThread: Pub com.android.voicemail: com.android.providers.contacts.VoicemailContentProvider
06-14 05:19:46.736 24510 24510 I ActivityThread: Pub user_dictionary: com.android.providers.userdictionary.UserDictionaryProvider
06-14 05:19:46.751 24510 24510 I ActivityThread: Pub com.android.social: com.android.providers.contacts.SocialProvider
06-14 05:19:46.755 24510 24510 I ActivityThread: Pub applications: com.android.providers.applications.ApplicationsProvider
06-14 05:19:46.888 24510 24510 I ActivityThread: Pub contacts;com.android.contacts: com.android.providers.contacts.ContactsProvider2
06-14 05:19:46.911 24510 24512 D dalvikvm: GC_CONCURRENT freed 343K, 5% free 9195K/9607K, paused 3ms+2ms
06-14 05:19:47.408 24495 24497 D dalvikvm: GC_CONCURRENT freed 388K, 5% free 9403K/9863K, paused 2ms+2ms
06-14 05:19:47.411 24495 24504 W CursorWrapperInner: Cursor finalized without prior close()
06-14 05:19:47.411 24495 24504 W CursorWrapperInner: Cursor finalized without prior close()
06-14 05:19:47.411 24495 24504 W CursorWrapperInner: Cursor finalized without prior close()
06-14 05:19:47.450   142   368 D CountryDetector: The first listener is added
06-14 05:19:47.540 24510 24512 D dalvikvm: GC_CONCURRENT freed 262K, 4% free 9447K/9799K, paused 3ms+3ms
06-14 05:19:48.126 24510 24512 D dalvikvm: GC_CONCURRENT freed 256K, 4% free 9700K/10055K, paused 11ms+3ms
06-14 05:19:48.228 24495 24497 D dalvikvm: GC_CONCURRENT freed 333K, 5% free 9533K/9991K, paused 2ms+5ms
06-14 05:19:48.376 24495 24533 D dalvikvm: GC_FOR_ALLOC freed 117K, 5% free 9651K/10119K, paused 22ms
06-14 05:19:48.583 24510 24512 D dalvikvm: GC_CONCURRENT freed 283K, 5% free 9833K/10247K, paused 5ms+8ms
06-14 05:19:49.005 24510 24525 D dalvikvm: GC_EXPLICIT freed 245K, 5% free 9813K/10247K, paused 2ms+3ms
06-14 05:19:49.228 24510 24512 D dalvikvm: GC_CONCURRENT freed 337K, 5% free 9905K/10375K, paused 2ms+4ms
06-14 05:19:51.450   959   959 D dalvikvm: GC_EXPLICIT freed 201K, 21% free 11694K/14663K, paused 26ms+5ms
06-14 05:19:56.462 27790 27790 D dalvikvm: GC_EXPLICIT freed 51K, 36% free 11631K/17991K, paused 34ms+7ms
06-14 05:19:59.302   142   421 I ActivityManager: Start proc com.google.android.apps.maps:LocationFriendService for service com.google.android.apps.maps/com.google.googlenav.friend.reporting.LocationReceiverService: pid=24538 uid=10057 gids={3003, 1015}
06-14 05:19:59.329 23099 23101 D dalvikvm: GC_CONCURRENT freed 473K, 6% free 10242K/10887K, paused 2ms+16ms
06-14 05:19:59.572 24538 24539 D dalvikvm: GC_CONCURRENT freed 175K, 3% free 9360K/9607K, paused 11ms+2ms
06-14 05:19:59.931 24538 24539 D dalvikvm: GC_CONCURRENT freed 178K, 4% free 9627K/9927K, paused 17ms+3ms
06-14 05:20:00.533   142   172 I ActivityManager: Start proc com.twitter.android for service com.twitter.android/.client.AppService: pid=24559 uid=10068 gids={3003, 1015}
06-14 05:20:00.556 24559 24559 I dalvikvm: Turning on JNI app bug workarounds for target SDK version 11...
06-14 05:20:00.564    80    80 D dalvikvm: GC_EXPLICIT freed 38K, 4% free 9031K/9347K, paused 2ms+8ms
06-14 05:20:00.618    80    80 D dalvikvm: GC_EXPLICIT freed <1K, 4% free 9031K/9347K, paused 1ms+6ms
06-14 05:20:00.658    80    80 D dalvikvm: GC_EXPLICIT freed <1K, 4% free 9031K/9347K, paused 2ms+5ms
06-14 05:20:00.673 24538 24539 D dalvikvm: GC_CONCURRENT freed 260K, 4% free 9914K/10247K, paused 2ms+3ms
06-14 05:20:00.700 24559 24559 I ActivityThread: Pub com.twitter.android.provider.GlobalDatabaseProvider: com.twitter.android.provider.GlobalDatabaseProvider
06-14 05:20:00.704 24559 24559 I ActivityThread: Pub com.twitter.android.provider.TwitterProvider: com.twitter.android.provider.TwitterProvider
06-14 05:20:00.814 24559 24561 D dalvikvm: GC_CONCURRENT freed 202K, 4% free 9289K/9607K, paused 3ms+2ms
06-14 05:20:00.841   142   916 I ActivityManager: Process android.process.acore (pid 24510) has died.
06-14 05:20:00.868   142   422 D CountryDetector: No listener is left
06-14 05:20:01.349 24559 24561 D dalvikvm: GC_CONCURRENT freed 226K, 4% free 9508K/9863K, paused 2ms+3ms
06-14 05:20:01.501 24559 24561 D dalvikvm: GC_CONCURRENT freed 296K, 5% free 9634K/10055K, paused 2ms+3ms
06-14 05:20:01.626 24559 24561 D dalvikvm: GC_CONCURRENT freed 299K, 5% free 9762K/10183K, paused 2ms+2ms
06-14 05:20:01.747 24559 24561 D dalvikvm: GC_CONCURRENT freed 294K, 5% free 9894K/10311K, paused 1ms+2ms
06-14 05:20:01.865 24559 24561 D dalvikvm: GC_CONCURRENT freed 311K, 5% free 10021K/10439K, paused 1ms+3ms
06-14 05:20:02.001 24559 24561 D dalvikvm: GC_CONCURRENT freed 292K, 4% free 10153K/10567K, paused 1ms+2ms
06-14 05:20:02.126 24559 24561 D dalvikvm: GC_CONCURRENT freed 308K, 4% free 10281K/10695K, paused 1ms+2ms
06-14 05:20:02.314 24559 24561 D dalvikvm: GC_CONCURRENT freed 492K, 6% free 10224K/10823K, paused 2ms+2ms
06-14 05:20:02.431 24559 24561 D dalvikvm: GC_CONCURRENT freed 324K, 5% free 10300K/10823K, paused 2ms+3ms
06-14 05:20:02.568 24559 24561 D dalvikvm: GC_CONCURRENT freed 325K, 5% free 10390K/10823K, paused 2ms+2ms
06-14 05:20:02.697 24559 24561 D dalvikvm: GC_CONCURRENT freed 359K, 5% free 10475K/10951K, paused 2ms+2ms
06-14 05:20:02.845 24559 24561 D dalvikvm: GC_CONCURRENT freed 353K, 5% free 10558K/11015K, paused 21ms+2ms
06-14 05:20:03.017 24559 24561 D dalvikvm: GC_CONCURRENT freed 318K, 4% free 10648K/11079K, paused 1ms+7ms
06-14 05:20:03.189 24559 24561 D dalvikvm: GC_CONCURRENT freed 366K, 5% free 10723K/11207K, paused 8ms+2ms
06-14 05:20:03.365 24559 24561 D dalvikvm: GC_CONCURRENT freed 409K, 5% free 10821K/11335K, paused 1ms+4ms
06-14 05:20:03.396   142   421 I ActivityManager: Process com.google.android.apps.maps:LocationFriendService (pid 24538) has died.
06-14 05:20:03.615   142   917 D dalvikvm: GC_EXPLICIT freed 1086K, 23% free 19059K/24647K, paused 8ms+8ms
06-14 05:20:04.845 24559 24561 D dalvikvm: GC_CONCURRENT freed 336K, 5% free 11004K/11463K, paused 2ms+2ms
06-14 05:20:06.927 24559 24561 D dalvikvm: GC_CONCURRENT freed 398K, 5% free 11221K/11719K, paused 2ms+2ms
06-14 05:20:11.900   142   158 D dalvikvm: GC_EXPLICIT freed 88K, 23% free 19022K/24647K, paused 33ms+8ms
06-14 05:20:16.822   213   213 D dalvikvm: GC_EXPLICIT freed 15K, 59% free 9685K/23239K, paused 29ms+3ms
06-14 05:20:19.216 24582 24582 D dalvikvm: Late-enabling CheckJNI
06-14 05:20:19.216   142   159 I ActivityManager: Start proc com.xabber.android for service com.xabber.android/.service.XMPPService: pid=24582 uid=10081 gids={3003, 1015}
06-14 05:20:19.251 24582 24582 I dalvikvm: Turning on JNI app bug workarounds for target SDK version 9...
06-14 05:20:19.271   142   918 I ActivityManager: Process com.twitter.android (pid 24559) has died.
06-14 05:20:19.493 24582 24584 D dalvikvm: GC_CONCURRENT freed 226K, 4% free 9310K/9607K, paused 2ms+2ms
06-14 05:20:19.521 24582 24582 D dalvikvm: GC_FOR_ALLOC freed 270K, 6% free 9425K/9927K, paused 18ms
06-14 05:20:19.661 24582 24584 D dalvikvm: GC_CONCURRENT freed 192K, 3% free 9771K/10055K, paused 2ms+8ms
06-14 05:20:19.790 24582 24584 D dalvikvm: GC_CONCURRENT freed 401K, 5% free 9903K/10375K, paused 1ms+2ms
06-14 05:20:19.865 24582 24582 I com.xabber.android.service.XMPPService@4133f030: onCreate
06-14 05:20:19.868 24582 24582 I com.xabber.android.data.Application@41338fa8: onStart
06-14 05:20:19.892 24582 24596 I com.xabber.android.data.LogManager@413449b0: onLoad
06-14 05:20:19.892 24582 24596 I com.xabber.android.data.DatabaseManager@413454a0: onLoad
06-14 05:20:19.904 24582 24596 I com.xabber.android.data.extension.AvatarStorage@41345880: onLoad
06-14 05:20:19.904 24582 24596 I com.xabber.android.data.connection.AccountManager@41441738: onLoad
06-14 05:20:19.927 24582 24596 I com.xabber.android.data.message.MUCManager@41337780: onLoad
06-14 05:20:19.927 24582 24596 I com.xabber.android.data.message.MessageManager@4133af88: onLoad
06-14 05:20:19.939 24582 24596 I com.xabber.android.data.message.ChatManager@41334d78: onLoad
06-14 05:20:19.947 24582 24596 I com.xabber.android.data.extension.VCardManager@4130d5b8: onLoad
06-14 05:20:19.947 24582 24596 I com.xabber.android.data.extension.AvatarManager@41441160: onLoad
06-14 05:20:19.990 24582 24584 D dalvikvm: GC_CONCURRENT freed 188K, 4% free 10148K/10503K, paused 4ms+2ms
06-14 05:20:19.997 24582 24596 I com.xabber.android.data.roster.GroupManager@4138c2f0: onLoad
06-14 05:20:20.009 24582 24596 I com.xabber.android.data.extension.CapabilitiesManager@41435200: onLoad
06-14 05:20:20.013 24582 24596 I com.xabber.android.data.roster.SyncManager@41390e18: onLoad
06-14 05:20:20.033   142   154 I ActivityManager: Start proc android.process.acore for content provider com.android.providers.contacts/.ContactsProvider2: pid=24598 uid=10000 gids={3003, 1015}
06-14 05:20:20.064 24598 24598 I ActivityThread: Pub call_log: com.android.providers.contacts.CallLogProvider
06-14 05:20:20.111 24598 24598 I ActivityThread: Pub com.android.voicemail: com.android.providers.contacts.VoicemailContentProvider
06-14 05:20:20.111 24598 24598 I ActivityThread: Pub user_dictionary: com.android.providers.userdictionary.UserDictionaryProvider
06-14 05:20:20.154 24598 24598 I ActivityThread: Pub com.android.social: com.android.providers.contacts.SocialProvider
06-14 05:20:20.154 24598 24598 I ActivityThread: Pub applications: com.android.providers.applications.ApplicationsProvider
06-14 05:20:20.329 24598 24598 I ActivityThread: Pub contacts;com.android.contacts: com.android.providers.contacts.ContactsProvider2
06-14 05:20:20.400 24598 24600 D dalvikvm: GC_CONCURRENT freed 348K, 5% free 9188K/9607K, paused 3ms+11ms
06-14 05:20:20.970 24582 24596 I com.xabber.android.data.roster.SyncManager@41390e18: Groups: 0
06-14 05:20:21.040 24598 24600 D dalvikvm: GC_CONCURRENT freed 228K, 4% free 9387K/9735K, paused 2ms+6ms
06-14 05:20:21.275 24582 24596 I com.xabber.android.data.roster.SyncManager@41390e18: Raw contacts: 2
06-14 05:20:22.450 24582 24596 I com.xabber.android.data.roster.SyncManager@41390e18: Jids: 2
06-14 05:20:22.450 24582 24596 I com.xabber.android.data.roster.SyncManager@41390e18: Emails: 2
06-14 05:20:22.450 24582 24596 I com.xabber.android.data.roster.SyncManager@41390e18: Names: 1
06-14 05:20:22.450 24582 24596 I com.xabber.android.data.roster.SyncManager@41390e18: Membership: 0
06-14 05:20:22.450 24582 24596 I com.xabber.android.data.roster.SyncManager@41390e18: Structureds: 1
06-14 05:20:22.450 24582 24596 I com.xabber.android.data.roster.SyncManager@41390e18: Contacts: 2
06-14 05:20:22.611 24582 24596 I com.xabber.android.data.roster.SyncManager@41390e18: Loaded
06-14 05:20:22.716 24582 24582 I com.xabber.android.data.SettingsManager@4133a5d8: onInitialized
06-14 05:20:23.036 24582 24582 I com.xabber.android.data.connection.ConnectionManager@41346378: onInitialized
06-14 05:20:23.083 24582 24582 I com.xabber.android.data.connection.ReconnectionManager@41440f28: onInitialized
06-14 05:20:23.087 24582 24582 I com.xabber.android.data.NotificationManager@413f36d8: onInitialized
06-14 05:20:23.220 24582 24582 I com.xabber.android.data.connection.NetworkManager@41438910: onInitialized
06-14 05:20:23.548 24582 24582 I com.xabber.android.data.connection.NetworkManager@41438910: Network: NetworkInfo: type: WIFI[], state: CONNECTED/CONNECTED, reason: (unspecified), extra: (none), roaming: false, failover: false, isAvailable: true, active: NetworkInfo: type: WIFI[], state: CONNECTED/CONNECTED, reason: (unspecified), extra: (none), roaming: false, failover: false, isAvailable: true
06-14 05:20:23.548 24582 24582 I com.xabber.android.data.connection.NetworkManager@41438910: State does not changed.
06-14 05:20:24.001 24598 24600 D dalvikvm: GC_CONCURRENT freed 245K, 4% free 9547K/9927K, paused 5ms+4ms
06-14 05:20:24.486 24582 24619 I System.out: 05:20:24 AM SENT (1095115840): <stream:stream to="jabber.org" xmlns="jabber:client" xmlns:stream="http://etherx.jabber.org/streams" version="1.0">
06-14 05:20:24.587 24582 24584 D dalvikvm: GC_CONCURRENT freed 291K, 4% free 10270K/10695K, paused 58ms+2ms
06-14 05:20:24.743 24582 24620 I System.out: 05:20:24 AM RCV  (1095115840): <?xml version='1.0'?><stream:stream xmlns='jabber:client' xmlns:stream='http://etherx.jabber.org/streams' from='jabber.org' id='bf402eecc0f94c68' version='1.0'><stream:features><starttls xmlns='urn:ietf:params:xml:ns:xmpp-tls'/><mechanisms xmlns='urn:ietf:params:xml:ns:xmpp-sasl'><mechanism>CRAM-MD5</mechanism><mechanism>LOGIN</mechanism><mechanism>PLAIN</mechanism><mechanism>DIGEST-MD5</mechanism><mechanism>SCRAM-SHA-1</mechanism></mechanisms><compression xmlns='http://jabber.org/features/compress'><method>zlib</method></compression><ver xmlns='urn:xmpp:features:rosterver'><optional/></ver></stream:features>
06-14 05:20:24.786 24582 24620 I System.out: 05:20:24 AM SENT (1095115840): <starttls xmlns="urn:ietf:params:xml:ns:xmpp-tls"/>
06-14 05:20:25.036 24582 24620 I System.out: 05:20:25 AM RCV  (1095115840): <proceed xmlns='urn:ietf:params:xml:ns:xmpp-tls'/>
06-14 05:20:25.833 24582 24620 I System.out: 05:20:25 AM SENT (1095115840): <stream:stream to="jabber.org" xmlns="jabber:client" xmlns:stream="http://etherx.jabber.org/streams" version="1.0">
06-14 05:20:25.872 24582 24584 D dalvikvm: GC_CONCURRENT freed 350K, 5% free 10339K/10823K, paused 3ms+2ms
06-14 05:20:26.376 24582 24620 I System.out: 05:20:26 AM RCV  (1095115840): <?xml version='1.0'?><stream:stream xmlns='jabber:client' xmlns:stream='http://etherx.jabber.org/streams' from='jabber.org' id='f2090d7209b333c4' version='1.0'><stream:features><mechanisms xmlns='urn:ietf:params:xml:ns:xmpp-sasl'><mechanism>CRAM-MD5</mechanism><mechanism>LOGIN</mechanism><mechanism>PLAIN</mechanism><mechanism>DIGEST-MD5</mechanism><mechanism>SCRAM-SHA-1</mechanism></mechanisms><compression xmlns='http://jabber.org/features/compress'><method>zlib</method></compression><ver xmlns='urn:xmpp:features:rosterver'><optional/></ver></stream:features>
06-14 05:20:26.529 24582 24619 I System.out: 05:20:26 AM SENT (1095115840): <auth mechanism="DIGEST-MD5" xmlns="urn:ietf:params:xml:ns:xmpp-sasl"></auth>
06-14 05:20:26.806 24582 24620 I System.out: 05:20:26 AM RCV  (1095115840): <challenge xmlns='urn:ietf:params:xml:ns:xmpp-sasl'>bm9uY2U9IjdWVFc2R3ZBV3l1b0poaStVYm5tYkYwM2tYdndGNVNOenVTYWlOMVN5VWM9IixyZWFsbT0iamFiYmVyLm9yZyIscW9wPSJhdXRoIixtYXhidWY9MTYzODQsY2hhcnNldD11dGYtOCxhbGdvcml0aG09bWQ1LXNlc3M=</challenge>
06-14 05:20:26.857 24582 24619 I System.out: 05:20:26 AM SENT (1095115840): <response xmlns="urn:ietf:params:xml:ns:xmpp-sasl">dXNlcm5hbWU9Imxva2VzaG1hbmR2ZWthciIscmVhbG09ImphYmJlci5vcmciLGNub25jZT0iMDAwODcyM2I0Njc2YTU1NWQxN2M3ZWM4YjBkN2VkNmY4NGNjZTY0YWJjNjEyOTMyZDY0MzhmYmI4MjlhMzlmZiIsbmM9MDAwMDAwMDEscW9wPWF1dGgsZGlnZXN0LXVyaT0ieG1wcC9qYWJiZXIub3JnIixyZXNwb25zZT0zYzE4ODQzNzU5MDAzZjcxNDQwMjJjMDZjZGVhMjlmZCxjaGFyc2V0PXV0Zi04LG5vbmNlPSI3VlRXNkd2QVd5dW9KaGkrVWJubWJGMDNrWHZ3RjVTTnp1U2FpTjFTeVVjPSI=</response>
06-14 05:20:27.142 24582 24620 I System.out: 05:20:27 AM RCV  (1095115840): <success xmlns='urn:ietf:params:xml:ns:xmpp-sasl'>cnNwYXV0aD00MmQ2ODNjNGVmMmNjMzgzMWM5YmQwMTczY2U0ZDFiMA==</success>
06-14 05:20:27.169 24582 24620 I System.out: 05:20:27 AM SENT (1095115840): <stream:stream to="jabber.org" xmlns="jabber:client" xmlns:stream="http://etherx.jabber.org/streams" version="1.0">
06-14 05:20:27.501 24582 24620 I System.out: 05:20:27 AM RCV  (1095115840): <?xml version='1.0'?><stream:stream xmlns='jabber:client' xmlns:stream='http://etherx.jabber.org/streams' from='jabber.org' id='1973084122ead98b' version='1.0'><stream:features><bind xmlns='urn:ietf:params:xml:ns:xmpp-bind'><required/></bind><session xmlns='urn:ietf:params:xml:ns:xmpp-session'/><compression xmlns='http://jabber.org/features/compress'><method>zlib</method></compression><ver xmlns='urn:xmpp:features:rosterver'><optional/></ver></stream:features>
06-14 05:20:27.564 24582 24619 I System.out: 05:20:27 AM SENT (1095115840): <iq id="9T6sH-0" type="set"><bind xmlns="urn:ietf:params:xml:ns:xmpp-bind"><resource>android9e7FLMWG</resource></bind></iq>
06-14 05:20:27.798 24582 24620 I System.out: 05:20:27 AM RCV  (1095115840): <iq to='lokeshmandvekar@jabber.org/android9e7FLMWG' type='result' id='9T6sH-0'><bind xmlns='urn:ietf:params:xml:ns:xmpp-bind'><jid>lokeshmandvekar@jabber.org/android9e7FLMWG</jid></bind></iq>
06-14 05:20:27.798 24582 24619 I System.out: 05:20:27 AM SENT (1095115840): <iq id="9T6sH-1" type="set"><session xmlns="urn:ietf:params:xml:ns:xmpp-session"/></iq>
06-14 05:20:28.118 24582 24620 I System.out: 05:20:28 AM RCV  (1095115840): <iq from='jabber.org' type='result' id='9T6sH-1'/>
06-14 05:20:28.150 24582 24615 I System.out: User logged (1095115840): lokeshmandvekar@jabber.org@jabber.org:5222/android9e7FLMWG
06-14 05:20:28.185 24582 24582 I com.xabber.android.data.roster.RosterManager@4143da70: onAuthorized: lokeshmandvekar@jabber.org/android9e7FLMWG
06-14 05:20:28.185 24582 24596 I com.xabber.android.data.roster.SyncManager@41390e18: Insert presences 0
06-14 05:20:28.185 24582 24596 I com.xabber.android.data.roster.SyncManager$4@4147a338: Presence changed
06-14 05:20:28.189 24582 24619 I System.out: 05:20:28 AM SENT (1095115840): <presence id="9T6sH-2"><status></status><priority>0</priority><show>xa</show><c xmlns='http://jabber.org/protocol/caps' hash='sha-1' node='http://www.igniterealtime.org/projects/smack/' ver='lEHWL/kB85mFknKkCncs7jfI5CY='/></presence>
06-14 05:20:28.193 24582 24619 I System.out: 05:20:28 AM SENT (1095115840): <iq id="9T6sH-3" type="get"><query xmlns="jabber:iq:roster" ></query></iq>
06-14 05:20:28.333 22902 22902 D dalvikvm: GC_EXPLICIT freed 29K, 6% free 9913K/10439K, paused 8ms+6ms
06-14 05:20:28.423 24582 24620 I System.out: 05:20:28 AM RCV  (1095115840): <presence from='ifte2000@jabber.org' to='lokeshmandvekar@jabber.org' type='unavailable'/><presence from='lokeshmandvekar@jabber.org/BitlBee' to='lokeshmandvekar@jabber.org/android9e7FLMWG'><priority>0</priority><show>xa</show><c xmlns="http://jabber.org/protocol/caps" node="http://bitlbee.org/xmpp/caps" ver="3.0.5-1+aptbuild6"/><delay xmlns='urn:xmpp:delay' stamp='2012-06-12T19:49:00Z' from='jabber.org'/></presence><presence from='lokeshmandvekar@jabber.org/android9e7FLMWG' to='lokeshmandvekar@jabber.org/android9e7FLMWG' id='9T6sH-2'><status></status><priority>0</priority><show>xa</show><c xmlns='http://jabber.org/protocol/caps' hash='sha-1' node='http://www.igniterealtime.org/projects/smack/' ver='lEHWL/kB85mFknKkCncs7jfI5CY='/></presence>
06-14 05:20:28.490 24582 24596 I com.xabber.android.data.roster.SyncManager@41390e18: Insert presences 1
06-14 05:20:28.743 24582 24620 I System.out: 05:20:28 AM RCV  (1095115840): <presence from='lokeshmandvekar@gmail.com/bitlbeeDB8759E0' to='lokeshmandvekar@jabber.org/android9e7FLMWG'><priority>24</priority><show>xa</show><c node="http://bitlbee.org/xmpp/caps" ver="3.0.5-1+aptbuild6" xmlns="http://jabber.org/protocol/caps"/><x xmlns="vcard-temp:x:update"><photo>10787dcb9604f48a6fc4f42908a91dfd12a1d753</photo></x></presence><presence from='lokeshmandvekar@gmail.com/android_talk7682aaea69df' to='lokeshmandvekar@jabber.org/android9e7FLMWG'><status/><priority>24</priority><caps:c node="http://www.android.com/gtalk/client/caps" ext="pmuc-v1 voice-v1 video-v1 camera-v1" ver="1.1" xmlns:caps="http://jabber.org/protocol/caps"/><show>away</show><x xmlns="vcard-temp:x:update"><photo>10787dcb9604f48a6fc4f42908a91dfd12a1d753</photo></x></presence>
06-14 05:20:28.814 24582 24596 I com.xabber.android.data.roster.SyncManager$4@41478188: Presence changed
06-14 05:20:28.904 24582 24596 I com.xabber.android.data.roster.SyncManager@41390e18: Insert presences 1
06-14 05:20:29.060 24582 24596 I com.xabber.android.data.roster.SyncManager$4@414ae350: Presence changed
06-14 05:20:29.083 24582 24620 I System.out: 05:20:29 AM RCV  (1095115840): <iq to='lokeshmandvekar@jabber.org/android9e7FLMWG' type='result' id='9T6sH-3'><query xmlns='jabber:iq:roster' ver='85'><item jid='lokeshmandvekar@gmail.com' subscription='both'/><item jid='ifte2000@jabber.org' name='Iftekhar Husain' subscription='both'/></query></iq>
06-14 05:20:29.103 24582 24596 I com.xabber.android.data.roster.SyncManager@41390e18: Insert presences 1
06-14 05:20:29.130 24582 24596 I com.xabber.android.data.roster.SyncManager$4@414af8d0: Presence changed
06-14 05:20:29.169 24582 24584 D dalvikvm: GC_CONCURRENT freed 341K, 5% free 10415K/10887K, paused 5ms+7ms
06-14 05:20:29.169 24582 24596 I com.xabber.android.data.roster.SyncManager@41390e18: Insert presences 0
06-14 05:20:29.173 24582 24596 I com.xabber.android.data.roster.SyncManager$3@414afb98: Roster updated
06-14 05:20:29.200 24582 24619 I System.out: 05:20:29 AM SENT (1095115840): <iq id="9T6sH-4" to="lokeshmandvekar@jabber.org" type="get"><vCard xmlns="vcard-temp" /></iq>
06-14 05:20:29.790 24582 24620 I System.out: 05:20:29 AM RCV  (1095115840): <iq from='lokeshmandvekar@jabber.org' to='lokeshmandvekar@jabber.org/android9e7FLMWG' type='result' id='9T6sH-4'><vCard xmlns='vcard-temp'><FN>lokesh mandvekar</FN><N><GIVEN>lokesh</GIVEN><FAMILY>mandvekar</FAMILY></N><NICKNAME>lokesh</NICKNAME><BDAY>06/04/1986</BDAY><EMAIL><INTERNET/><WORK/><USERID>lokeshmandvekar@gmail.com</USERID></EMAIL><TEL><VOICE/><WORK/><NUMBER>7162010010</NUMBER></TEL><PHOTO><TYPE>image/png</TYPE><BINVAL>iVBORw0KGgoAAAANSUhEUgAAAGAAAABICAIAAACGBWc0AAAAA3NCSVQICAjb4U/gAAAgAElEQVR4nFy7Z6xlWXYettba4Zxz77nx5VevcleH6ekwM+wJYhiRQ5GyRYsyFWxTlAUIFgTLtgADAgz9cPjhAAP+YRiG/ccmJUOUDZimIckUJYqipZnhDGd6uns6h6quHF6+6cQd1vKP815107cKVQ+nbp2z9wrf+ta39sG/8R/8ba0NogIAAGAARBQRFGBEFhYABPz8h5kBQECEBQUEAVEhgkgUYRFEFAERYWE4/wiIAJxfRUQAjgxwdjcQIQABEAQWQRDmiMKIAKKIlAgiIRATkYgQsqsqjrF1jqW7Hy4Wi9nsONOmrFb9UR4BhYFZvPMh+BgjACBh5CAirmlXyyWwEFG3RETsVthts/tZW5sCgJw9AwgAEAVEUBCEsNsXnu1SBBGJiJkRCSAiomC3fRE4+yYzA4qIPL0tyFNLAXYL4u6SIIKIkCIJkUWAEBFEUAQQSFgAJMaIiBylc1V3f2aOMQICiIo+VPVKa9za3IzeRYht48lqjhIjxxiZI4B0t44hFsXKNS0IIMDZwj/3OVs6ACJqIiPCiNJtHgAiMyB02wYR6KIEz2x0Fj4iiN2upbPOuUUiAIkIAgCgCHfxCNBdOQtPAQEAIhKJXVQxMwgAni1XIiASiHTrRxTAzgkkZ8vv/hOHEOuyDN71+qlwiOyb6MgYjNLWjQgwSwxRaYoxeO+bpinLUlgQBOEsTJ4u7MyF50tFAA2MICgoAMAiAoCIDAJAAIgggH/MwN1uz1JDRAAZGOE8iEREGPHcaOfWeeoWRGSOgIAC8rnFMTMCdI/vbH6WlAIgwsIoQkTCIiTCjApZJIRQVxUCu7YaDvouxNVq5UV8iOy8i07OMhvEB+fcarX0PgAAylmifH5j53mCn7eXFvCAJICIJBC7zZwllpCQCLAAgbCwEJEIwx8PSwQAiIjntkOGs3ACAKCzfXdRI8zdOrpvds8iREIhVgHPLYmE0gUUA3Ds1g+AwCISQDhGbuo6hKAVBh9Y/LJYlHVdNw0zxxiY5dwpEmNsq7qua2Z+mgpPfdNFiwiLCGGXc+fOAtRFXSqtkRQppc4WCEgIAkB8hk4dUiCInIELnNlDzvKC8fxhCMCAIMydgUKMhF2MdAvq8EVEoIsz7hwAKPAZRp4HDyBiPAs9CIERCRiapuIYiYgIT08XTVuJcIgSQogxxBiYmVlQBARa58qi6BD6M6eem+mpjxkJELqiQkDn/kf99o/fIGW0NdrYRCmtNRFqbVBpADbGEmnSREiECIikqIP9DuqfYr6I4BmEMAA+RV9E6JxzFurS/WYUBgRgEQBGAaTuypkH5SyImRmQRbizWHCtCGtNvaxXFqsQnNaKW3Det63nyEFCB2lEFHwsi6J17v9nl8/HjpwVXemKDUi3r7MtAKC+c/sOIgoSiBCBIoWIhERaIYpWxthEaVKkFBEQklJKKerch6iUUkoBilZKa0NEpLRSikgprUgpRFFEBEhEiESEACwcAEG4QyogQsGIZxjYhfgZGDMzIjCz9845Z7Tt93taKw6+bdvVarUqlkE4xhg9d2jVkYuqrpqq6mIdAJTWWiEhEQFzh+/MzACCgAKQKNhcX8vznIU5SvAhhFAtVhpRuCuqQCFyYBERQqA2PjXweek5dy92CUWf4RlERLAmUVqDUqoLM0WktVKEiByZALKsp7XujNtZVhEZrbUxSqmOQHQm7ErIGYKE4FyLiEmaaJMAUuRYlsvFYlYUhbBI5LO07n5FLssyxigoIqwVJdYkadJLTS81aWK0NkZrrTULhxCd85Fhe2OtnyVaa6UUEhIoRerx+x9rASEkABIBDQAgDBEEO8Q4K8kdNoEQn9lIRADOsBMRkEBEvAsi0uXfWUzT2Q90lnRIpDrjdnEKhKRIK33GQQmVUgAgzN11pZTR2hijtSatjLWatNZwdPDEO6cUEpFSECOKxhDifLGoq/qM6DEYTdbqXqrzzPR7aZpoY5RWZKyy1hCRVhqIEEmRYRZjEmMsKiQkhZgq0te/+OUYOYTofYi+8W3FwTd11dZNh5IEIMxwFjgCTykgfC6koKvTdIYy56xH4hmd4qc26yjEGbFCwPg5UIDzagVE6qzQnjFHBAAhQEIEVCiDPFWKzjhTjCLCkUMMbV0jSJfMxlKW2ixJstT2M5WmiTFaa0WE1lprreowV2mtjdYWUSmySmnUwAJaohbRG7sXUKRuuQ6iNAfnNQA31ftv/hAknuMqdxtg4a4X6YiAAHeZwAyIdAbDcP7nOas6q3Qgn/uHM07cUajuW8yd489s24UZhxjjGSdAhigCAIlGop4xpjNNCB4ASCFEMIa00ok1SpHRoJS2JlFWgdFCSlAJKCStdKJNYhJrbUKkjbVGG60MolZkhGIUVt4pFu0CT4b5sllEou3JsKwbRFq6VggJBPi8IJ1Rly7vnlbHMzbNn2frf5y4y+fNBufwdd7swHnTQwoh4mf8SCJHAsHPiv6Zhc/rJkCHsiLStT4AoBQl1mRp2s8SrRWRsBBpbaxWRpPWWpvEWpvaNM2SJFXGaGu78FGkiRQiARIJsURFQqy0r4tlbIaJjSBNWTZNFUMMvlaEHWE8Tw0EEQL6rC8DPlv0Oak4Y09dhJzvB/+4xfAcjLrbPP3LaEtKAHhze21rZ0ujunvv/sHhMUcQQBEEUMJ8TjLPbNw1riKiFDIzIaGiNDE2sUlqtVYiWgCUIaOVJlLG2l5mE2OTXpLkyhhjjVaGlNZKAxJRx0KiZlERQEh/8OM/QiGNWpECTcoorSm0nhQqUqC6ndJZIDCD8HnxUnDemjGeawCE52WuQ5DzSIGOHz1Fn89oFBEqpXqZ2dycbu5sPffCc4xAIi+89OyTBw/eeP2Nk1l99tizju78hmeNCxOdsVBA0IRGK9KkjFLaIFoWQRQijUqRsUAWVaptj6whpZU2iIpIA6pOhEACeNp1xKh96xEpSCRAgXAGuQBIJECAQCCKzneJ0uWTgGBEZlZKMbNS5xY8X3tHJunM4U+BpQPmjm0qa22/n65Nxxcu7m5sbRTlMh8N948OppNpXVXW2hsvPHfhwuZ773385usfREBmARQWRiRFqDWygFIaQLwPXbXoyINRurMHaRujELBRqDUZrRUZRC1df4N0FuUISIQASMIcCRQpQCJB0NNhL4TIzDGKMHLH/gWEg4Awc2DBz9Kqi8CzvuhpNe/aAegadPisDzxXO7o8I0Ds8lxpvHRp9+VXvpjltqxXw9GQlFrWoQ11kpoYm/niaDAczVYcXXtpb2d7ffL6628eHtURUEgRkbUKgQlBkIRFkaBG8B1IoQgidHSVjEYFYLTRhqzNlDZECNCxbQE+I+0cgYgQuhUCxwgRMKL+4heu13XjXXA+OM8xhBAjc2SOHUmLkUPgc+1LYoxdbWcAZhYBFqZz5BbhjhOdxTxQ1zc/xWcRTq1+9UtfuHhpCym2oTVJkqRZURTDPAdlg/dlsQBpnjycjYZrw+E0ybJe5n/xF7/6e7/3xv7RCqCjl6QIWQCJIiMixygI4tpQ1XXj2qI
06-14 05:20:29.814 24582 24620 I System.out: 05:20:29 AM RCV  (1095115840): /O6aYKPAHx6fNjWdWSWKBGJFCvFUSRE0Ep1SpD3YBNQmn0QH8RYa1ww2iTWhsBnjRi0pKjD0xCCVkpZaxFRay2QkjIxOOdd3TSt8yLIrtPtz0kcIQArjTGctQXnZart9HvS0suyfq8nHK3pp0mvrtusZ5NUNrfW0lRZYxbzw0SXP//Nl156bmu6vlWofmrWo2TvHczmkmE6srqKPh0OcTrMt7e3fucPPvrwo5NVAWtrG8/cuHz44OFwkOe9XtM6rboOMlqrtJIYIgshCrFwFGGILIEiCImIUhIFSClqg9beWJ8kiTXRueg9a6O10qQ6lYJEIISgBnk/RomBQShGjIEAFALVTeucM6ZT5okICQBJkDrqqDoN5Uy1/jzTBp1akxrSCgN0EpZnjr1+Iipu7+7UdVO3h6++vPPq89f2Ni+YZBJ13rMDk44ezutokhTrZ9fVmooJEqo1pTT1sKqkaeTwdJlkuVGwuT7a2NhGJKWN0dpoPDned237+GAlgszwlMB35ZWFY4wCHGIMkUOMkdmHGCIzS/Ax+MhRQmDvYwg+hBhCXK1WejDQBlkUR3aoGUBiAOfiYnmSJmprbRRiFdhEJomhWFUCrLUCwcjCDIKsdSoizPGpFJZa8d5HFiRk0cJiUx18QE7ER2A/3h5s7+319DDROZqkF1sdVkXdbGR2RAlzHRwlIASBiJUZXNm6On+Onzw56efDqqmsota59997gyO16BQYAmQOVhvhyB2FJOQoJIIRleLP5DESiGyMYWaiELzzzhtj0iR4jqqTsQA4xtlsFiPr65NVAHSNR9AxICtwCErD9hgIJcsaFiQAgAbQcEBmVBqYwfvIFJyHtj4rGh1fHuW9XpoJYhsZIouEyDEiLety++J2G2JJ7c7ermTWGXDBYcOUQNmuCEZTdlHbR21ytBRDKtWJAd+Eqg9hO0+2RoObDysW3U8Ta83ho/3hZHZwCN4NQoDR1Ahxx90ACBiA4GxexKxUF/KotEbE2OmGiEjELCEE55xpGmttCKFaFUQ0nU6JSF9UOzzN23lF2khsHYR0NDo9nemsRxG8hAjRCqESs55dmOaCSgSix7Zpemt6vtRtBYlR8+UyAtVNk+eZgsgCSJBarRFEaUxtAGtTLdSCLXXGrMuV8CLAMB0kmWnAkQoZBMdB0MSobDZgODaZirHhNiiDg+EAuT44OBleuQCkpttzrSrf4HACRQmIuU7suZ8EADgynn/g6cTJeyLiGLteDom0FhFgZufc6ekpAIzyQZIkMUbnnBY1yS9cF7vQaVrOZj1rENCkaTox7bwc9bIa3TgdffKDH2wQxtAmaeacV2JGaJT4+VEZQ1LlJqhkOF2DsiJC9J58jK13tU8TBUb1xv1ZvXDNajodjNYow7LfE0pCYftKG1Sc5baXKiY1MlOxcafXV7ziRJe4ML2+LuvUWGMyEEShqmy03VguoC7K4USCX2R2uLG2e3xYnAkO5+Mm+ZwE2l0nJJHPhpbKaAAMIYYQqqoajUa9Xi+ytG3rfQAQPUc8ur0fUenGL06r2cPDjCixBByReU7kQB7YBSitR8P56eHWOC9nMyM4GfZufPHS4+NPPfQaK+z9MniHUrYhUXZ9faJJVacnKlZ5P22dq311eHw4XTfTsfFpcH17TPjeSZktYMtOLgzWt/Nk1JtWpQxjfHD/cLU8mm63/bUklC0MsktX9K0nefpB0ksVYUJkkiTLMyEJKBiAAVqjDZwreGcQDQKI59p2V0o4MpyPmyV679tOz00BqCpba1LfTYtj7dpGY762d/mCEHAM0+3m6rOXUViQfQgcQlkuEODwaC62r8b9cZgoL1994aVnLj9TFcXD5Swdb7k2Lk8PvA/a2hAiATbeNbkkWoe0359sJGlczQ+SxEQOs2K+N9rVa+tvPIix1lVLvKgnvnr5WjieDi5vtuLi4eHy6HHx1lvvV3E1WN/sjdeHO/FPfKn3wnPtj97oH5ws6hhff/eTcuHWhzsb05pQDo/D1m4vivuc+tI1x/Q06boWuuMkZ2o3MyBYa7t5Xy9NmDF6F4RjCGcE/b1P7v3Fr7w4GGZKWVQROQBAiFFCrKr63t2Pv/XzX93fPzo6mCUq+YkX863JMNWqKurT2XL/lOeOl1Udg/R7w34+CIEVgQD6wHWzRKTDOk4TFYnYM5IPpsLMfPDhnf16M3X90fIRzKvDunlv9nC6vU4vPbuVJao6bE7ubmYlKD0cZKITX+bvHLTPb0s/47zfR1IMvaBw1prqsHj1lec2Lud1Wa9Wd58qCufQI0/H2d2HBVHOpqZI1HFCZhbhGASE6joSCpFqnRdAPRyPkTmzyhjDjMwuhHj/9u3T2el0bT34ev/h/sHD+XiyvpYPlZd6Ud8/fHI0Pz1umvuHkvYH82KVZH1SZjicHJ/OXNsqpYaDQfRhPB0vluVstkQO1lpB3x8qrcPO1tQdJhObvHrpJ8dGp2H56OHNWvlVDDc2d8zsmNZGexvXN57/iao1JM13v/9PafuivjxdmzyGcFzHZntndzIZHxzPm3L0z/7FB03bkISL23mnmZ2ToDO196neDWcD8m56QnzeMQGCcIyBibRSmjl6H0JkQVJ/9i/98mtf/8bG9l7aH9skj8ooO37y+OGj+3eJrG99bPja3vPDbLhaLu4+enzn8f7hsjiuSq/TB7OmbT0SxiDEELyLHLc3t1mYEOuyKqqFVSr4JkIRIldlsXd1tPvs1LW9/r78pZ/4mcWD+cnx/F/7xV8wmuMwGU6m44FSgoNstHft5Ucn9Rt/9KOXvnBtk1bLVVOPNqvTQ1e7/SeHRdVOxlNxJgYeTOzGzjQCrk03Hj96/JlJuvkfCwF1HXqaGKXoM5UUkDqEilGg6+WBmX3gyNzJNPrFV54bTaapHSBRL00alhj4wYPbJ0/uXt27atBc2Fz3jh/uPz4ti5e+8a1ePwuuWq5Wt+7cf/fx6yeH+3k2IkCd2Lpt6qbp5VnTNr5p5idHgJQmqdWMOiirp6PtUT9dG/erIt+4tFceHTx3YSzJ9uP9h/NebxmrZ0dmaOh0nNio0a0u93HntRtJfXJtY3sr6z3EWe8LCZa+KfyHt4rlvAreuDZoUG15Am0oyhmqMym4gyBC4vMDAYgIRG3VEJmnemY3kiYiFgiRn0p9T4FM37z58T/5v/5xqlXe06jw5oPZ/btP/vVvvfbCC1/Z2thLlTqZH9y88+kHH75dR/1//O53MwtXdkfIoRUDISmXZagdohqMR9oYquuTo0MEdNXcqkLZ3DVlng6SZIC2vnFjL+uVQ52NN9cPx4Pa5OvSU4mtNH0y941CFxZtM1kwDnOVpskA++zx8dECB9uT9TpJar9ZJmVPq507DxYA6HybZhbDyc/9SYxN8vrrQZFm4PMJEnGUGAMACghHCGXTjYXhXCxWSsUYY4wM1I3nz0bR5xNT/entJ01V9dOYj9I6xGkanvnayy8990KSDpumOTg9evvDj+88vJvrOpGwPHgcMgMbGxw8y7Ct+hKhbktKTJxLlqRtWfroQMHawH/51csPD/zyeD4e6DLYPJOtzbyGqokmVThJtWR5mw6Gvfz28aOby9l4TI/aYpBOjkqOmUwxbk/HTPaZnbWIJ65foERYUDDTBwdzzHJKklhWVVW2df2H/3I1Hm8HaknFbibeGQg0GGtiYAFxzhPpGCNhRCSttZwd2YFOzeoOohB2J5OwG0xpHOQjk46zfuurk6P7X3/1G+PRRGParlb3H93/+O6j24+O68CtpgTgp3/qG20r89XB2vaVwOTLeZBWKewOmMS42tvoz07aQPLSF3ZefGHdZKrd3BScHpS6F04vbV24X1XlKUHqR4M4w+ph7f388Ek5h0RRkHxjb+/Scw8/uRd0nHueQkh6BtRC0yngkxEcflBOmmLBsqnSY9SitQxT6xvAub07O8UEEmMjAxISEjPE6EUQjQKOYLQPrBQp1cmy4nygjk+DIFJ3MkcrEqROV7XG6L/1N/+jzemuifKdf/a71dEhM9defL384KMP7
06-14 05:20:29.818 24582 24620 I System.out: 05:20:29 AM RCV  (1095115840): LUP3vj+6eFhlmRAZJIUlZAAEWhjvIsGCYVc7VuKEAV81BCNVAZZovKuVSDMwWg1zHsns+McskFvszfMdvXwaBmWLTiWwKFvzXSQbe4M66LIOJ30R7ujfj5MjUWN9ssvfeF0yYmG4Nu2DcyslCFCo8jEha6Ox317egInfWqK8uvfvN62u6PhFx8/fHLn4cevf/B7XC50Ori+c832aKzS42VcrRZVUzU++NYJmyANO1XHFbcUpQVCvXfl6p2T1d6zF2/ePK5np9HXPJoum0TBqmlPq8o3dbh248qP/+g71ape29xBhUqBMSyEwiJATdV67zGCUSaAAEaIIXAcW2PFM6vgKcbWWhOCI4HL62vX93aLtmXQqe4PNwdWNRtsly4G5/rWZmLpWE164/WtLOtlWZZYo4cKEoXP7Ox8VM9Mis5XgWPdeJskiSYXo9Lklo+K6TqXs0/efuve3dsn9a2ra/r//K3/28s2DvvGjCc5KMxdbIxkJ6vHd2/fKoqKtExGPTuxiQFFOYtoO1AESaJd2+g035xwr675z//KL/3vi+XsyK6aqK1hX5v+1np/Y2dr+0ff+2fHD2/tXH1elDYalAZjyDHXdWt06ppYrJbDtIdaEUpAAtYc4mQ6AAndu3IcmGMUZg5eG90zetLLIytq1GAwwGG5vrHB2PetT4xJlCad3qvbKsREaZVlQ5NskFiWYqofP1imvcHJPIC4pq54kLHoKGisOT3ZH4yf+8PvvVk8eGuSFz4dmBuvefNt5GQwGG5upX/5Vwbvvv7k3qP18vTkzt3bv/8v/0WS9Psp/sxPPrM+7fezhJ1jIGWh388QGFFr3/B6PpQcrE7+vX//1/7H/+k3y+NqqCmZpP3h9Ohk+cE7Pzh4eKdnE6W6c6CdrB3b2kfnDWgJrl7NUxCVSZrnvvVp0jMAG8MhASgkAmLhtnUh+BBcDzPTOg0KjPJE3iaIfdu3m5MNCSBRRKRWSkV/ZWPt8mCwrpMEUYFvm2rcj89d2/7k3mE+WF81oWyDZ46ukaistcyrVO6eOv70YPXlqVSlPTk6vD52Ri2SfpqNcZQ0Oxt0/169LI6i1KggRN+2cnRwkqVoSDVVIYjjZBp8sIpCCOq/+K//yxiCNcYoGA3S0cbehzcfVE3l29XpbPbg7ocnjz7yrkyH0+FoDCBaq8jeKPRNaKqmqVZVMWuqAjUNphMPwSrNLAOrLk7HKKi16V7yYuZVURR1mVjrm1anvZgk67vjyXoWORqyJkmyft5GrkJog7+Qj15cW9vqmzTPtEJSohRCCMXKPVnWw42ddDg9PDkVkBijVsZYvSwLlY6OKnd6+uijd5+ctnB5D75y/bKRYynvjka777/n3v+A94/S3auvLmfLjz/8BEAUwet/9PbjxzPnBcmYNDNaEYJSpIxS/8l//p8pUr7xiTURKelle5f33nn73dnx8uTJo3pxUJeVIAxGI5v2EdHaBJgTlOh9VbngY7WaAUMyGA3X1oHFmqSumo08W8szBtCKWCIi+shV284XC6MJe9n0hVdipqdTtb450hpdBI/oAi9YnCgj+sp0ME41oCJtJFHdCybi+f7MFZM17pG3yWhjuigD65y0MsZUZRMBKg6zJ8eOW5X2XFBXX/lKXS4urKVmtOXVdGP9ovdqsnFdQuXa46r2AHJ6clIXbjVfAUPeS9NENIlRXpNX//Hf/jupMU3VDPLU+ZBavTbqPXPtwne++8bpyWNuCle2Nkny0RqlKaASFojRAnMMbds2RRVaDwQbu7u9Xh69j6xiaHfWhhYZULrj96gIUKJ3y2WBKh1evXHlJ38qoSa3sZfb0SRnEJOmwRq2apqmV9YGk35CCoUAEUgTEqDASRlvBYrjvHGNzvu9jam3w2e/+nP9jT2yeVG6VVFv7uwezY9mp/sqyVbLWvft1csDOZl5NdBpHhkP53G6cfnZZzb+3X/nF2/evH26LGezRWwDCbZNu1zOo0jaSxILIq1u65hYUUQiopAIMEnUay9d/9Vf/aX/7r/9NLKYRCdZrk1mtAYUZsh6OUSHxEqRSVXwShTaxMYYUbBpmzyxedIT9izCjDFKQiQCYtJ09xqub9z42tcMelSQp1qis/nIoCKikTaKZEMlKQkpIxJJkZBCbQTRSbxZFCudK2wBg7KBNS/cymUZ9QbQn1y7cH15fFoV8/Hl+dH+MYBo5GJ5cvcJPbntC7l348bFi9vjyK6ufFMjAYxHab+fvvbVLy6OZ/tPjk4WKxf58GT1wQcPdnfX1taGelW0PsJglMbIrfPWJsygkH/pF3/yn/zjP/j+v7o/zDNlM1L67Dg5gU5tuWwCk+dYVsumrfvDCYs454gF2E0H64kyJMgSYxTArIYM+vlgbzrc2U2vrCVrbMu2JaVTbNpVdzjUsbdGJyAColSCOgEIaDUow5ErT+/ce3Q3cAODgW7YAGQ0L2alLwQCJWmbJjVbuDJeU/Tac9eHG9t33nqdT+6OgbZ6w1v1chX8b/0/313Le9ZOLlwjIFE2e/HFl+4dFFtr470LO9eedQcHh0eHCyBbN/TkIBal1651kRmVDIZJpoiQjUIlmKb6r/61f+tHP/i2SpUxiTJIipBM4CbEelWtytmyWc2jj1k2IKW71ysji9J6nPU1YFQaxPqkn27tDbcvkFlzGnGH1i+PYPWkaiKNN5/wQRY8QRjk2cHMNxKYxZhUD1PRCaoIKgOOT4ryzXsPZ2Wdjzd4McrZB2ha5qOjZdtwXbWZMsMMmroOOiuC9CbTn/7VX33t3/yl7/+D/2GcfajDfiUJRO+DOlpptK6J1Yc3j/7g2/9qsVzVDd++9X5dN6lRO5t2faJUb803/uDRo3LV0z9+8wcvvvTydD13PvTzNHZvIyNwlLYurDXd+JHOcjBK8McHp6enc2w9kNZZmvXzspgLCBIFiUmSVK7NxyMYDPtrO5PdZ2OvHxX5xkQoNrcg5UUmPTcwp1Tm6XZ1Ut2ZL3oDpdFy6yNHIA5tBAEQaqr209PZO0/mNUhuTPCTViWYjBwfFHXhOa7Kpm5cHau8nyWoArcmyyJhUbn+cPClf+MvLh788I47Glyd3X7nwyQfvfjiKzc/vRs5Llf+rY8PIDqIYbUo6iaE1uX90dpIh1htbu9onRwdnerg2tSmvpWkp6vGueh7SVKtyt/43/7Br//6b0oE7PWMMUTUtm2xqtumEpbUWOdZ6yTLB01ZdC9poyLbS1lptzOafPWVbLSdpGOGhGtiB4Gbwag1rhn0ksbaMrUoDaOoC88+YN8rZE0bzYSuTpKknSc6Tw/Lw9sHxwvEOoRUAmJ60vRUXj2pj7whJNV6JyRKoYfkqMLMGNauYUeA+WCwig1Mx+Xp2miydn0nW7/x0oc/+L5uVtvjoZC+8cy1l77wwvtvv/X4we0
06-14 05:20:29.818 24582 24620 I System.out: 05:20:29 AM RCV  (1095115840): DaE9OZzXrT++fFGv9Ye4X8/nmzjMvf/k1XbSwf7yi1CrbS5VF13739//p7/zO7/7h62/5qs6yHJFsmjGLRDDa6LTXFHXpnOnlaa/vmya0dZKlW4Okl9iCZe/VVy986Rnvs2ywbjgpGxYhZpekbd5z7F3rFPb7BnEgSnEo0DSU+6ZqHN4vgubeJ0uzmivI9rG3chFVdEYFq5TXo+BloBatXzUuelCDtcn9+w9irMH2wdhSWoAAKgWhwi2N4RY4JnkjgdLe5Lnn/uzzL374B79/8uO3CSL7hmM16Km1YQ99v8+hqqKHbHVazo9nKkkPTurR6Il+ePH57bTHjx7MXj96/ODmg5sfumrJrQffaKVRpzbrCQDHqJWpqiAtZHrc65laGhfaJrik30OuX1g3rz575TAfN5efqdAO7BgcOlExWB8ao5thHpQ4QV030ixmNskqbHuJ9DX4xunoixbKxkSfKrcFwrmptawSwCgoolW23vhEqaO6ntc+1oHRoJASjK6pkzRSqAHdeMxlbDhmtUfW6EGRtcIhWV/TaT+Aef6X/9y901PSmauq8vR+cXRanJ6ExnuQNAdVFXlfZkvdtjRfrk5Oaj1P0+1Lk8vS+81/9cM77/5Qi/fe3Xn0eFkUlI1RKWuTuq45RmCJMWT91JBpvecoPjBpEyW2lWvKZQtBb286awzkg6TXNjq0OgpErPp5S7gaDXolh6oNGLB2ZTLoN2i4qlKbcyi18lYLkSEg0EUUJxEwijFZmvarBkKotG7Lqm5aZEbFYo21qZovT3ZHmykp0cSNSXpJiaEBrovYS4ygYZPobKB0AqDUsHflG99UR9UAjyF9cvkL41W7e+vu48Vx3ZauEB2DGSdSk+pNposm6p+6ujZJ1UBlRbk6LYrlcn5wcnI8XzLZ9eEEFbF33btOUTgSt+Cb4ECAkRkisHdliRzn3izStSrNBXFtoBOpnFsLEIM402uiXkaNLgaQiISBnQAtnc/S1KJdLmpAlBAgtNs5iK+czkoAzAYGWXxbV40WsiBt2darkJossgeBJEmnG5Pj2f6la18gZSKppQpBB7Fcc9SKKMQ06YfWAWIvSZvFEofD7S9cl3duFSd0/fKV7fXEuXjjxubhwerguHjrvbv3H68KMC4w1uWXXviivj5MrMg//+ff/f73f3g0e7xaLtrWAZPp9XQ/d7Ur6yZNEqOMwYSJ29BKRE3a+zK0bXSNFrBJ//aieml9w0sQF7VkdW2qSgJHUSWapWMHQUMTWCIqYhYnITaFY++YQaWoNFEfsXEcR+PtsDKIjefSBa859pEIWAiFkP6/Gu5kR5KrCsDwme6NiMzKrKpOVxvaFhjLEiDB4yKxYcsGiedAYlhYbHGZxphWt6khIzLiDmdgUc17/P+HQiLknnJ44Jsf/fjvX9+DWqJwhJkuFVrVjpE5CzvvUmoLrMv5dHNqA8/1vIgeXh3+++/xh29zekutFkJYF/vw/vIwn9L+7tXRk7AQbK3LjvD7t//5zW9/9693961cXPWFatgfbliG3W4MDtPmGAFu6hiE6GVbtm0GAElDToNaS6e7MiYjQB2efzi6Dl1dY6bdTNxcgzhYIAwGkVJaAJK79xaBCD1MORzdVqen+UkrDcdK2NB9YEgMarY15SRBsJTS1K3U8SrngbL4fH7c3eaeEwBkzgBEJlERjQgZwPtl01KFMfpWt2WaeH97Ux8uiDhOqbeWxvj0zWc3p7vWeinruqxla2Wr8vCw/OH3f7y//0fXC39ESCINI6UBA5nQiDALhHm4MLvBcp7Ves6JWIhEzVvYF7/65UrO0qmT6pV7b9oNLwnOzAgaQyaIRoi1Nw9EJIQX+iiBdvcQQgqI6IiFB0jYMqIjToNoLy/JoLp/vBiNTMFdEf14yI+P7/iwrzYmYvGUurOnUB9pSFR67aWUp+eHNIBLibr6dG2ZwqL21lsNU1PXbrX2UmprrRat1Up1uf/m4eu//Zl0I/2Ie4lIIBAjhgKieQACM2FA3VbrPSUZ89jQVQ3dQ9vpdPzkzR3kQNTwvRkFVnelaSXCbWk3xwmRGMMNVD/SOREeHkiBRGatB2YkiD5IOCB7G9JYeq9qbiHBEuFBA6VWGwG5GxIA0PXN8d13333+1RdpMpDklfY+YVCHSpAZsK2Wr7SHLsuyybLNS4rxcHwFT4brhh4aEeQBFmFmvaz1fJ5LLaVV+ctf/wR1c++BwMgY4Bo8kLfWkCUnICTJgQDokjID9tY01BEQHMLD6s9+8WufEDDASCuhbQDs+Jj4Yt6Fo3bLgeOQm5oSAumL3EDx8gY7M3OAAGROgEqut5OsugJIwvCAgCAQgIFHq+tZLLkLwhDkKafL9g4r0Y4MHE0AoEIvZPsOYkNZ+u2XBz3my4f2dF6lRq2PV5HUfd162Vqrq7bWSttKK1tp3TwYQAhc/vntN+/fv3dTQkL0CMs5f/L6tDa3bgCIWSxCRITYtHXtHhEEOeVmDgBq+uXPv+oWow3zufDmiGq40ngB9N7btEtMoKZb9WaoH7+pQAAkRAwAYAAhwpdnIPwqY0J3d0JIbg1wc2BHjp6JiQcwF6QUrI7DmIB1fj4fbq4HDiChjhiYLXEjimQdZUo9+txLK42LadeNYH/Y57UzcUrsqjrqVGvb1VLXus/rupbCUssaYETQ1tXAGPD29vD69ent9+cI6Gr/H3XNTNV6IEpKBhHuCFBqeXV32t9ez82sYr0E1y6DhlSZ+mW7TBPvpiREW/Xq2BzcXyijF38BEQEjKEJNwQwFBSHcakcNoAgCrGoNaMd2mvpaNKArtcNwnYjUfdztPvv804eHD8ef/BTBmFm6sCJZLA26B7hs27KWx+oK6mCqDZ7cb69PNwZDyGW7PD/PJs20CZlZmeeny2WZ5+V/Io6VpsuvJpoAAAAASUVORK5CYII=</BINVAL></PHOTO></vCard></iq>
06-14 05:20:29.841 24582 24620 D dalvikvm: GC_FOR_ALLOC freed 249K, 6% free 10463K/11015K, paused 19ms
06-14 05:20:36.115   342   342 D dalvikvm: GC_EXPLICIT freed 5K, 16% free 12088K/14343K, paused 18ms+3ms
06-14 05:20:36.314 23746 23746 I PhoneLab-Locks: wake lock acquired
06-14 05:20:36.325 23746 23746 I PhoneLab-StatusMonitor: Status Monitoring is started
06-14 05:20:36.505 23746 23749 D dalvikvm: GC_CONCURRENT freed 372K, 5% free 9222K/9671K, paused 2ms+10ms
06-14 05:20:36.533 23746 23746 I PhoneLab-StatusMonitor: Value: 10 - unit: min
06-14 05:20:36.533 23746 23746 I PhoneLab-StatusMonitor: Running interval: 600000
06-14 05:20:36.552 23746 23746 I PhoneLab-StatusMonitor: Rescheduling status monitoring...
06-14 05:20:36.556 23746 23746 I PhoneLab-Locks: wake lock released
06-14 05:20:36.568 23746 23746 I PhoneLab-StatusMonitorLocation: Learning Location
06-14 05:20:36.568 23746 23746 I PhoneLab-Locks: wake lock acquired
06-14 05:20:36.591 23746 23746 I PhoneLab-Locks: wake lock acquired
06-14 05:20:36.595 22902 22919 D androidNetworkLocationListeners: Still have listener com.google.android.location.internal.client.NetworkLocationClient$1@4137d9d0
06-14 05:20:36.603 23746 23746 I PhoneLab-StatusMonitorLocation: Learning Signal Strgth
06-14 05:20:36.603 23746 23746 I PhoneLab-Locks: wake lock acquired
06-14 05:20:36.638 23746 23746 I PhoneLab-StatusMonitorBattery: Battery_level: 95
06-14 05:20:36.638 23746 23746 I PhoneLab-Locks: wake lock released
06-14 05:20:36.646 23746 23746 I PhoneLab-StatusMonitorSignal: Signal_Strength: -96 asu: 9
06-14 05:20:36.646 23746 23746 I PhoneLab-Locks: wake lock released
06-14 05:20:36.646 22902 22919 D androidNetworkLocationListeners: Still have listener com.google.android.location.internal.client.NetworkLocationClient$1@4137d9d0
06-14 05:20:36.716 23746 23746 I PhoneLab-StatusMonitorLocation: Location_Latitude: 42.9620599 Longitude: -78.8170782 Accuracy: 45.0
06-14 05:20:36.716 23746 23746 I PhoneLab-Locks: wake lock released
06-14 05:20:36.716 22902 22919 D androidNetworkLocationListeners: Still have listener com.google.android.location.internal.client.NetworkLocationClient$1@4137d9d0
06-14 05:20:36.736   142   330 I ActivityManager: Start proc com.google.android.apps.maps:LocationFriendService for service com.google.android.apps.maps/com.google.googlenav.friend.reporting.LocationReceiverService: pid=24626 uid=10057 gids={3003, 1015}
06-14 05:20:36.865 24626 24629 D dalvikvm: GC_CONCURRENT freed 158K, 3% free 9378K/9607K, paused 3ms+2ms
06-14 05:20:38.044 22902 22905 D dalvikvm: GC_CONCURRENT freed 468K, 6% free 9904K/10503K, paused 2ms+4ms
06-14 05:20:38.079 24626 24629 D dalvikvm: GC_CONCURRENT freed 177K, 4% free 9618K/9927K, paused 2ms+1ms
06-14 05:20:38.115   142   916 I ActivityManager: Process android.process.acore (pid 24598) has died.
06-14 05:20:43.255   428   428 D dalvikvm: GC_EXPLICIT freed <1K, 4% free 9037K/9347K, paused 23ms+2ms
06-14 05:20:48.294   324   324 D dalvikvm: GC_EXPLICIT freed <1K, 20% free 10618K/13191K, paused 28ms+3ms
06-14 05:20:53.236 16941 16941 E GeckoApp: low memory
06-14 05:20:53.353 16941 16941 D dalvikvm: GC_EXPLICIT freed 3K, 22% free 10500K/13319K, paused 26ms+4ms
06-14 05:20:57.872   142   197 D DhcpInfoInternal: makeLinkProperties with empty dns2!
06-14 05:20:57.872   142   197 D DhcpInfoInternal: makeLinkProperties with empty dns2!
06-14 05:20:58.849 24626 24629 D dalvikvm: GC_CONCURRENT freed 270K, 4% free 9853K/10247K, paused 183ms+40ms
06-14 05:20:59.146 24626 24633 I dalvikvm: Total arena pages for JIT: 11
06-14 05:20:59.150 24626 24633 I dalvikvm: Total arena pages for JIT: 12
06-14 05:20:59.154 24626 24633 I dalvikvm: Total arena pages for JIT: 13
06-14 05:20:59.154 24626 24633 I dalvikvm: Total arena pages for JIT: 14
06-14 05:20:59.154 24626 24633 I dalvikvm: Total arena pages for JIT: 15
06-14 05:20:59.154 24626 24633 I dalvikvm: Total arena pages for JIT: 16
06-14 05:20:59.154 24626 24633 I dalvikvm: Total arena pages for JIT: 17
06-14 05:20:59.255 24626 24629 D dalvikvm: GC_CONCURRENT freed 351K, 5% free 9978K/10439K, paused 2ms+3ms
06-14 05:21:00.509 24582 24621 I System.out: 05:21:00 AM SENT (1095115840): <iq id="ping" type="get"><ping xmlns="urn:xmpp:ping"/></iq>
06-14 05:21:00.810 24582 24620 I System.out: 05:21:00 AM RCV  (1095115840): <iq to='lokeshmandvekar@jabber.org/android9e7FLMWG' type='result' id='ping'/>
06-14 05:21:01.591 24626 24629 D dalvikvm: GC_CONCURRENT freed 368K, 5% free 10031K/10503K, paused 138ms+3ms
06-14 05:21:05.224 23099 23099 D dalvikvm: GC_EXPLICIT freed 252K, 7% free 10233K/10887K, paused 19ms+3ms
06-14 05:21:10.228 23746 23746 D dalvikvm: GC_EXPLICIT freed 206K, 6% free 9134K/9671K, paused 42ms+2ms
06-14 05:21:15.236 23972 23972 D dalvikvm: GC_EXPLICIT freed 16K, 7% free 9851K/10503K, paused 36ms+3ms
06-14 05:21:20.169 24304 24304 D dalvikvm: GC_EXPLICIT freed 1K, 4% free 9055K/9347K, paused 6ms+2ms
06-14 05:21:31.572 24582 24621 I System.out: 05:21:31 AM SENT (1095115840): <iq id="ping" type="get"><ping xmlns="urn:xmpp:ping"/></iq>
06-14 05:21:31.818 24582 24620 I System.out: 05:21:31 AM RCV  (1095115840): <iq to='lokeshmandvekar@jabber.org/android9e7FLMWG' type='result' id='ping'/>
06-14 05:21:39.572 23746 23759 I PhoneLab-: Service Running
06-14 05:21:39.618   142   421 I ActivityManager: Process com.google.android.apps.maps:LocationFriendService (pid 24626) has died.
06-14 05:21:39.958 23746 23759 I PhoneLab-LoggerService: app_38    27718 1     1112   664   c00f181c 400107b4 S logcat
06-14 05:21:39.958 23746 23759 I PhoneLab-LoggerService: Logcat pid from database 27718
06-14 05:21:39.958 23746 23759 I PhoneLab-LoggerService: Logcat process found 27718
06-14 05:21:39.958 23746 23759 I PhoneLab-LoggerService: Checking Threshold
06-14 05:21:41.118   142   159 I ActivityManager: Start proc com.facebook.orca for broadcast com.facebook.orca/.analytics.AnalyticsPeriodicReporter$ReporterBroadcastReceiver: pid=24676 uid=10061 gids={3003, 1015, 1006}
06-14 05:21:41.138 24676 24676 I dalvikvm: Turning on JNI app bug workarounds for target SDK version 10...
06-14 05:21:41.353 24676 24676 I ActivityThread: Pub com.facebook.orca.notify.MessengerLoggedInUserProvider: com.facebook.orca.notify.MessengerLoggedInUserProvider
06-14 05:21:41.372 24676 24676 I ActivityThread: Pub com.facebook.orca.notify.MessengerForegroundProvider: com.facebook.orca.notify.MessengerForegroundProvider
06-14 05:21:41.376 24676 24676 V orca:OrcaApplication: Forcing initialization of AsyncTask
06-14 05:21:41.478 24676 24680 D dalvikvm: GC_CONCURRENT freed 213K, 4% free 9310K/9607K, paused 2ms+2ms
06-14 05:21:41.482 24676 24676 I Finalizer: Couldn't access Thread.inheritableThreadLocals. Reference finalizer threads will inherit thread local values.
06-14 05:21:41.681 24676 24680 D dalvikvm: GC_CONCURRENT freed 389K, 5% free 9467K/9927K, paused 2ms+2ms
06-14 05:21:41.818 24676 24676 W OrcaGuiceModule: Sig: ijxLJi1yGs1JpL-X1SExmchvork
06-14 05:21:41.982 24676 24680 D dalvikvm: GC_CONCURRENT freed 282K, 5% free 9589K/9991K, paused 1ms+1ms
06-14 05:21:42.224 24676 24693 W Resources: Converting to string: TypedValue{t=0x10/d=0xffffffff a=-1}
06-14 05:21:42.427 24676 24680 D dalvikvm: GC_CONCURRENT freed 275K, 4% free 9836K/10183K, paused 2ms+2ms
06-14 05:21:42.716 24676 24676 D ACRA    : Retrieve application default SharedPreferences.
06-14 05:21:42.716 24676 24676 D ACRA    : Set OnSharedPreferenceChangeListener.
06-14 05:21:42.720 24676 24676 D ACRA    : ACRA is enabled for com.facebook.orca, intializing...
06-14 05:21:42.763 24676 24680 D dalvikvm: GC_CONCURRENT freed 295K, 4% free 10071K/10439K, paused 1ms+11ms
06-14 05:21:42.767 24676 24676 D ACRA    : Looking for error files in /data/data/com.facebook.orca/app_acra-reports
06-14 05:21:42.822 24676 24693 D dalvikvm: GC_FOR_ALLOC freed 230K, 6% free 10113K/10695K, paused 35ms
06-14 05:21:42.880 24676 24693 D dalvikvm: GC_FOR_ALLOC freed 94K, 5% free 10210K/10695K, paused 32ms
06-14 05:21:43.005   142   918 I ActivityManager: Process com.facebook.orca (pid 24676) has died.
06-14 05:21:43.677   142 24674 I ActivityManager: Applications Memory Usage (kB):
06-14 05:21:43.677   142 24674 I ActivityManager: Uptime: 176068299 Realtime: 302964694
06-14 05:21:43.677   142 24674 I ActivityManager: Total PSS by OOM adjustment:
06-14 05:21:43.677   142 24674 I ActivityManager:     34722 kB: System
06-14 05:21:43.677   142 24674 I ActivityManager:                34722 kB: system (pid 142)
06-14 05:21:43.677   142 24674 I ActivityManager:     28893 kB: Persistent
06-14 05:21:43.677   142 24674 I ActivityManager:                12677 kB: com.android.systemui (pid 213)
06-14 05:21:43.677   142 24674 I ActivityManager:                12069 kB: com.android.phone (pid 342)
06-14 05:21:43.677   142 24674 I ActivityManager:                 4147 kB: com.android.nfc (pid 357)
06-14 05:21:43.677   142 24674 I ActivityManager:     31337 kB: Foreground
06-14 05:21:43.677   142 24674 I ActivityManager:                31337 kB: com.android.launcher (pid 27790)
06-14 05:21:43.677   142 24674 I ActivityManager:     12380 kB: Visible
06-14 05:21:43.677   142 24674 I ActivityManager:                 9404 kB: com.google.process.gapps (pid 22902)
06-14 05:21:43.677   142 24674 I ActivityManager:                 2976 kB: com.android.smspush (pid 428)
06-14 05:21:43.677   142 24674 I ActivityManager:     29870 kB: Perceptible
06-14 05:21:43.677   142 24674 I ActivityManager:                19579 kB: hr.podlanica (pid 959)
06-14 05:21:43.677   142 24674 I ActivityManager:                10291 kB: com.android.inputmethod.latin (pid 324)
06-14 05:21:43.677   142 24674 I ActivityManager:     21338 kB: A Services
06-14 05:21:43.677   142 24674 I ActivityManager:                10258 kB: com.xabber.android (pid 24582)
06-14 05:21:43.677   142 24674 I ActivityManager:                 6376 kB: com.google.android.apps.maps:NetworkLocationService (pid 23099)
06-14 05:21:43.677   142 24674 I ActivityManager:                 4704 kB: edu.buffalo.cse.phonelab.phonelabservices (pid 23746)
06-14 05:21:43.677   142 24674 I ActivityManager:     67649 kB: Previous
06-14 05:21:43.677   142 24674 I ActivityManager:                67649 kB: org.mozilla.firefox_beta (pid 16941)
06-14 05:21:43.677   142 24674 I ActivityManager:     14995 kB: B Services
06-14 05:21:43.677   142 24674 I ActivityManager:                 6121 kB: com.whatsapp (pid 23972)
06-14 05:21:43.677   142 24674 I ActivityManager:                 5953 kB: com.google.android.apps.googlevoice (pid 24495)
06-14 05:21:43.677   142 24674 I ActivityManager:                 2921 kB: com.android.sprintmenu (pid 24304)
06-14 05:21:43.677   142 24674 I ActivityManager: 
06-14 05:21:43.677   142 24674 I ActivityManager: Total PSS: 241184 kB
06-14 05:21:43.677   142 24674 I ActivityManager:   PID      Vss      Rss      Pss      Uss  cmdline
06-14 05:21:43.677   142 24674 I ActivityManager: 16941   84536K   84448K   67807K   66600K  org.mozilla.firefox_beta
06-14 05:21:43.677   142 24674 I ActivityManager:   142   53116K   53052K   34802K   31076K  system_server
06-14 05:21:43.677   142 24674 I ActivityManager: 27790   49992K   49888K   31424K   28672K  com.android.launcher
06-14 05:21:43.677   142 24674 I ActivityManager:   959   33848K   33768K   19666K   18748K  hr.podlanica
06-14 05:21:43.677   142 24674 I ActivityManager:    79   24324K   21324K   13868K    7208K  /system/bin/surfaceflinger
06-14 05:21:43.677   142 24674 I ActivityManager:   213   31936K   31836K   12723K    8408K  com.android.systemui
06-14 05:21:43.677   142 24674 I ActivityManager:   342   27448K   27364K   12103K   11096K  com.android.phone
06-14 05:21:43.677   142 24674 I ActivityManager:   324   25244K   25156K   10339K    9392K  com.android.inputmethod.latin
06-14 05:21:43.677   142 24674 I ActivityManager: 24582   30168K   30108K   10000K    7940K  com.xabber.android
06-14 05:21:43.677   142 24674 I ActivityManager: 22902   28688K   28628K    9451K    7776K  com.google.process.gapps
06-14 05:21:43.677   142 24674 I ActivityManager: 23099   25608K   25512K    6530K    4988K  com.google.android.apps.maps:NetworkLocationService
06-14 05:21:43.677   142 24674 I ActivityManager: 23972   26196K   26096K    6282K    4488K  com.whatsapp
06-14 05:21:43.677   142 24674 I ActivityManager: 24495   26004K   25940K    6067K    4200K  com.google.android.apps.googlevoice
06-14 05:21:43.677   142 24674 I ActivityManager: 23746   23932K   23836K    4707K    3112K  edu.buffalo.cse.phonelab.phonelabservices
06-14 05:21:43.677   142 24674 I ActivityManager:   357   19340K   19244K    4242K    3276K  com.android.nfc
06-14 05:21:43.677   142 24674 I ActivityManager: 18802   18056K   17952K    3510K    2544K  com.spotify.mobile.android.ui
06-14 05:21:43.677   142 24674 I ActivityManager: 24304   22136K   22032K    3096K    1516K  com.android.sprintmenu
06-14 05:21:43.677   142 24674 I ActivityManager:   428   18492K   18380K    3021K    1932K  com.android.smspush
06-14 05:21:43.677   142 24674 I ActivityManager:    80   18732K   18604K    2305K    1032K  zygote
06-14 05:21:43.677   142 24674 I ActivityManager:    82    2208K    2208K    1923K    1900K  /system/bin/mediaserver
06-14 05:21:43.677   142 24674 I ActivityManager:    81    1088K    1088K     884K     876K  /system/bin/drmserver
06-14 05:21:43.677   142 24674 I ActivityManager:    78     972K     972K     683K     664K  /system/bin/rild
06-14 05:21:43.677   142 24674 I ActivityManager: 24697     732K     724K     600K     596K  procrank
06-14 05:21:43.677   142 24674 I ActivityManager: 27718     668K     664K     525K     520K  logcat
06-14 05:21:43.677   142 24674 I ActivityManager:    88     444K     444K     428K     428K  /sbin/adbd
06-14 05:21:43.677   142 24674 I ActivityManager:  8348     572K     568K     419K     412K  /system/bin/wpa_supplicant
06-14 05:21:43.677   142 24674 I ActivityManager: 23728     564K     560K     377K     364K  /system/bin/netd
06-14 05:21:43.677   142 24674 I ActivityManager:   298     388K     388K     302K     300K  /system/bin/bluetoothd
06-14 05:21:43.677   142 24674 I ActivityManager:    73     436K     432K     296K     288K  /system/bin/vold
06-14 05:21:43.677   142 24674 I ActivityManager:    86     472K     468K     283K     276K  /system/vendor/bin/gpsd
06-14 05:21:43.677   142 24674 I ActivityManager:    85     392K     356K     247K     244K  /system/bin/keystore
06-14 05:21:43.677   142 24674 I ActivityManager: 21152     352K     348K     194K     188K  /system/bin/dhcpcd
06-14 05:21:43.677   142 24674 I ActivityManager:    83     276K     268K     186K     184K  /system/bin/dbus-daemon
06-14 05:21:43.677   142 24674 I ActivityManager:     1     204K     204K     138K     100K  /init
06-14 05:21:43.677   142 24674 I ActivityManager:   200     204K     196K     133K     132K  /system/bin/brcm_patchram_plus
06-14 05:21:43.677   142 24674 I ActivityManager:    84     248K     240K     123K     120K  /system/bin/installd
06-14 05:21:43.677   142 24674 I ActivityManager:    61     160K     160K     122K      84K  /sbin/ueventd
06-14 05:21:43.677   142 24674 I ActivityManager:    87     172K     168K     105K     104K  /system/bin/sh
06-14 05:21:43.677   142 24674 I ActivityManager:    72     180K     172K      94K      92K  /system/bin/servicemanager
06-14 05:21:43.677   142 24674 I ActivityManager: 22381     196K     188K      75K      72K  /system/bin/debuggerd
06-14 05:21:43.677   142 24674 I ActivityManager:                           ------   ------  ------
06-14 05:21:43.677   142 24674 I ActivityManager:                          270099K  231948K  TOTAL
06-14 05:21:43.677   142 24674 I ActivityManager: RAM: 342896K total, 21948K free, 732K buffers, 55028K cached, 1857
06-14 05:21:48.138   357   357 D dalvikvm: GC_EXPLICIT freed <1K, 6% free 9100K/9607K, paused 26ms+2ms
06-14 05:21:53.130   959   959 D dalvikvm: GC_EXPLICIT freed 209K, 21% free 11695K/14663K, paused 4ms+4ms
06-14 05:21:59.294   142   602 I ActivityManager: Start proc com.google.android.apps.maps:LocationFriendService for service com.google.android.apps.maps/com.google.googlenav.friend.reporting.LocationReceiverService: pid=24698 uid=10057 gids={3003, 1015}
06-14 05:21:59.415 24698 24701 D dalvikvm: GC_CONCURRENT freed 163K, 3% free 9373K/9607K, paused 1ms+3ms
06-14 05:21:59.607 24698 24701 D dalvikvm: GC_CONCURRENT freed 155K, 3% free 9662K/9927K, paused 2ms+2ms
06-14 05:21:59.970 24698 24701 D dalvikvm: GC_CONCURRENT freed 280K, 4% free 9893K/10247K, paused 2ms+4ms
06-14 05:22:00.548   142   366 I ActivityManager: Process com.google.android.apps.maps:LocationFriendService (pid 24698) has died.
06-14 05:22:00.724   142   145 D dalvikvm: GC_CONCURRENT freed 1874K, 23% free 19075K/24647K, paused 8ms+9ms
06-14 05:22:02.720 24582 24621 I System.out: 05:22:02 AM SENT (1095115840): <iq id="ping" type="get"><ping xmlns="urn:xmpp:ping"/></iq>
06-14 05:22:03.036 24582 24620 I System.out: 05:22:03 AM RCV  (1095115840): <iq to='lokeshmandvekar@jabber.org/android9e7FLMWG' type='result' id='ping'/>
06-14 05:22:05.689 27790 27790 D dalvikvm: GC_EXPLICIT freed 82K, 36% free 11631K/17991K, paused 30ms+5ms
06-14 05:22:10.728   142   158 D dalvikvm: GC_EXPLICIT freed 65K, 23% free 19026K/24647K, paused 37ms+9ms
06-14 05:22:15.689   213   213 D dalvikvm: GC_EXPLICIT freed 11K, 59% free 9685K/23239K, paused 32ms+3ms
06-14 05:22:20.802 22902 22902 D dalvikvm: GC_EXPLICIT freed 35K, 6% free 9923K/10503K, paused 19ms+3ms
06-14 05:22:25.740   342   342 D dalvikvm: GC_EXPLICIT freed 13K, 16% free 12088K/14343K, paused 37ms+5ms
06-14 05:22:30.693   428   428 D dalvikvm: GC_EXPLICIT freed <1K, 4% free 9037K/9347K, paused 22ms+3ms
06-14 05:22:33.802 24582 24621 I System.out: 05:22:33 AM SENT (1095115840): <iq id="ping" type="get"><ping xmlns="urn:xmpp:ping"/></iq>
06-14 05:22:34.068 24582 24620 I System.out: 05:22:34 AM RCV  (1095115840): <iq to='lokeshmandvekar@jabber.org/android9e7FLMWG' type='result' id='ping'/>
06-14 05:22:35.661   142   159 I ActivityManager: Start proc com.facebook.orca for service com.facebook.orca/.push.mqtt.MqttPushService: pid=24721 uid=10061 gids={3003, 1015, 1006}
06-14 05:22:35.677 24721 24721 I dalvikvm: Turning on JNI app bug workarounds for target SDK version 10...
06-14 05:22:35.728   324   324 D dalvikvm: GC_EXPLICIT freed <1K, 20% free 10618K/13191K, paused 2ms+7ms
06-14 05:22:35.767 24721 24721 I ActivityThread: Pub com.facebook.orca.notify.MessengerLoggedInUserProvider: com.facebook.orca.notify.MessengerLoggedInUserProvider
06-14 05:22:35.767 24721 24721 I ActivityThread: Pub com.facebook.orca.notify.MessengerForegroundProvider: com.facebook.orca.notify.MessengerForegroundProvider
06-14 05:22:35.771 24721 24721 V orca:OrcaApplication: Forcing initialization of AsyncTask
06-14 05:22:35.829 24721 24723 D dalvikvm: GC_CONCURRENT freed 223K, 4% free 9313K/9607K, paused 2ms+2ms
06-14 05:22:35.829 24721 24721 I Finalizer: Couldn't access Thread.inheritableThreadLocals. Reference finalizer threads will inherit thread local values.
06-14 05:22:35.982 24721 24723 D dalvikvm: GC_CONCURRENT freed 357K, 5% free 9428K/9863K, paused 2ms+2ms
06-14 05:22:36.060 24721 24721 W OrcaGuiceModule: Sig: ijxLJi1yGs1JpL-X1SExmchvork
06-14 05:22:36.146 24721 24723 D dalvikvm: GC_CONCURRENT freed 283K, 4% free 9620K/9991K, paused 2ms+3ms
06-14 05:22:36.392 24721 24736 W Resources: Converting to string: TypedValue{t=0x10/d=0xffffffff a=-1}
06-14 05:22:36.700 24721 24723 D dalvikvm: GC_CONCURRENT freed 322K, 4% free 9853K/10247K, paused 2ms+3ms
06-14 05:22:36.806 24721 24721 D ACRA    : Retrieve application default SharedPreferences.
06-14 05:22:36.806 24721 24721 D ACRA    : Set OnSharedPreferenceChangeListener.
06-14 05:22:36.806 24721 24721 D ACRA    : ACRA is enabled for com.facebook.orca, intializing...
06-14 05:22:36.865 24721 24723 D dalvikvm: GC_CONCURRENT freed 279K, 4% free 10085K/10439K, paused 2ms+2ms
06-14 05:22:36.865 24721 24721 D ACRA    : Looking for error files in /data/data/com.facebook.orca/app_acra-reports
06-14 05:22:36.923 24721 24736 D dalvikvm: GC_FOR_ALLOC freed 243K, 6% free 10113K/10695K, paused 38ms
06-14 05:22:37.005 24721 24736 D dalvikvm: GC_FOR_ALLOC freed 116K, 5% free 10215K/10695K, paused 26ms
06-14 05:22:37.068 24721 24736 D dalvikvm: GC_FOR_ALLOC freed 205K, 5% free 10241K/10759K, paused 26ms
06-14 05:22:37.349 24721 24723 D dalvikvm: GC_CONCURRENT freed 380K, 5% free 10439K/10887K, paused 2ms+2ms
06-14 05:22:37.693 24721 24723 D dalvikvm: GC_CONCURRENT freed 138K, 2% free 10876K/11079K, paused 3ms+5ms
06-14 05:22:37.861 24721 24723 D dalvikvm: GC_CONCURRENT freed 506K, 5% free 11014K/11591K, paused 2ms+3ms
06-14 05:22:38.025 24721 24723 D dalvikvm: GC_CONCURRENT freed 359K, 4% free 11353K/11783K, paused 2ms+4ms
06-14 05:22:39.544 24721 24723 D dalvikvm: GC_CONCURRENT freed 696K, 7% free 11368K/12167K, paused 2ms+3ms
06-14 05:22:41.779 16941 16941 E GeckoApp: low memory
06-14 05:22:41.865 16941 16941 D dalvikvm: GC_EXPLICIT freed 2K, 22% free 10500K/13319K, paused 2ms+4ms
06-14 05:22:46.833 23099 23099 D dalvikvm: GC_EXPLICIT freed 239K, 7% free 10233K/10887K, paused 24ms+2ms
06-14 05:22:51.841 23972 23972 D dalvikvm: GC_EXPLICIT freed 57K, 7% free 9849K/10503K, paused 21ms+2ms
06-14 05:22:56.825 24304 24304 D dalvikvm: GC_EXPLICIT freed <1K, 4% free 9055K/9347K, paused 22ms+2ms
06-14 05:22:59.384   142   368 I ActivityManager: Start proc com.google.android.apps.maps:LocationFriendService for service com.google.android.apps.maps/com.google.googlenav.friend.reporting.LocationReceiverService: pid=24745 uid=10057 gids={3003, 1015}
06-14 05:22:59.536 24745 24748 D dalvikvm: GC_CONCURRENT freed 168K, 3% free 9368K/9607K, paused 7ms+2ms
06-14 05:22:59.630   142   370 I ActivityManager: Process com.xabber.android (pid 24582) has died.
06-14 05:22:59.630   142   370 W ActivityManager: Scheduling restart of crashed service com.xabber.android/.service.XMPPService in 5000ms
06-14 05:22:59.845 24745 24748 D dalvikvm: GC_CONCURRENT freed 157K, 3% free 9670K/9927K, paused 2ms+4ms
06-14 05:23:00.251 24745 24752 I dalvikvm: Total arena pages for JIT: 11
06-14 05:23:00.255 24745 24752 I dalvikvm: Total arena pages for JIT: 12
06-14 05:23:00.255 24745 24752 I dalvikvm: Total arena pages for JIT: 13
06-14 05:23:00.255 24745 24752 I dalvikvm: Total arena pages for JIT: 14
06-14 05:23:00.255 24745 24748 D dalvikvm: GC_CONCURRENT freed 315K, 4% free 9923K/10311K, paused 1ms+9ms
06-14 05:23:00.259 24745 24752 I dalvikvm: Total arena pages for JIT: 15
06-14 05:23:00.263 24745 24752 I dalvikvm: Total arena pages for JIT: 16
06-14 05:23:00.263 24745 24752 I dalvikvm: Total arena pages for JIT: 17
06-14 05:23:04.665 24768 24768 D dalvikvm: Late-enabling CheckJNI
06-14 05:23:04.669   142   159 I ActivityManager: Start proc com.xabber.android for service com.xabber.android/.service.XMPPService: pid=24768 uid=10081 gids={3003, 1015}
06-14 05:23:04.693 24768 24768 I dalvikvm: Turning on JNI app bug workarounds for target SDK version 9...
06-14 05:23:04.716   142   370 I ActivityManager: Process com.google.android.apps.maps:LocationFriendService (pid 24745) has died.
06-14 05:23:04.900 24768 24772 D dalvikvm: GC_CONCURRENT freed 225K, 4% free 9310K/9607K, paused 2ms+5ms
06-14 05:23:04.923 24768 24768 D dalvikvm: GC_FOR_ALLOC freed 295K, 6% free 9425K/9927K, paused 15ms
06-14 05:23:05.040 24768 24772 D dalvikvm: GC_CONCURRENT freed 192K, 3% free 9771K/10055K, paused 2ms+3ms
06-14 05:23:05.161 24768 24772 D dalvikvm: GC_CONCURRENT freed 400K, 5% free 9904K/10375K, paused 1ms+2ms
06-14 05:23:05.236 24768 24768 I com.xabber.android.service.XMPPService@413078f0: onCreate
06-14 05:23:05.236 24768 24768 I com.xabber.android.data.Application@4133f0d8: onStart
06-14 05:23:05.251 24768 24782 I com.xabber.android.data.LogManager@4134f630: onLoad
06-14 05:23:05.251 24768 24782 I com.xabber.android.data.DatabaseManager@41350120: onLoad
06-14 05:23:05.263 24768 24782 I com.xabber.android.data.extension.AvatarStorage@41350500: onLoad
06-14 05:23:05.267 24768 24782 I com.xabber.android.data.connection.AccountManager@41441788: onLoad
06-14 05:23:05.302 24768 24782 I com.xabber.android.data.message.MUCManager@4136da88: onLoad
06-14 05:23:05.310 24768 24782 I com.xabber.android.data.message.MessageManager@41421bf0: onLoad
06-14 05:23:05.314 24768 24782 I com.xabber.android.data.message.ChatManager@4133aa68: onLoad
06-14 05:23:05.318 24768 24782 I com.xabber.android.data.extension.VCardManager@41440db0: onLoad
06-14 05:23:05.322 24768 24782 I com.xabber.android.data.extension.AvatarManager@4143e888: onLoad
06-14 05:23:05.368 24768 24772 D dalvikvm: GC_CONCURRENT freed 189K, 4% free 10148K/10503K, paused 7ms+2ms
06-14 05:23:05.392 24768 24782 I com.xabber.android.data.roster.GroupManager@4135c5c0: onLoad
06-14 05:23:05.392 24768 24782 I com.xabber.android.data.extension.CapabilitiesManager@41435230: onLoad
06-14 05:23:05.396 24768 24782 I com.xabber.android.data.roster.SyncManager@4138f748: onLoad
06-14 05:23:05.419   142   602 I ActivityManager: Start proc android.process.acore for content provider com.android.providers.contacts/.ContactsProvider2: pid=24784 uid=10000 gids={3003, 1015}
06-14 05:23:05.450   142   366 I ActivityManager: Process com.whatsapp (pid 23972) has died.
06-14 05:23:05.450   142   366 W ActivityManager: Scheduling restart of crashed service com.whatsapp/.messaging.MessageService in 5000ms
06-14 05:23:05.474 24784 24784 I ActivityThread: Pub call_log: com.android.providers.contacts.CallLogProvider
06-14 05:23:05.533 24784 24784 I ActivityThread: Pub com.android.voicemail: com.android.providers.contacts.VoicemailContentProvider
06-14 05:23:05.533 24784 24784 I ActivityThread: Pub user_dictionary: com.android.providers.userdictionary.UserDictionaryProvider
06-14 05:23:05.568 24784 24784 I ActivityThread: Pub com.android.social: com.android.providers.contacts.SocialProvider
06-14 05:23:05.572 24784 24784 I ActivityThread: Pub applications: com.android.providers.applications.ApplicationsProvider
06-14 05:23:05.700 24784 24784 I ActivityThread: Pub contacts;com.android.contacts: com.android.providers.contacts.ContactsProvider2
06-14 05:23:05.720 24784 24786 D dalvikvm: GC_CONCURRENT freed 345K, 5% free 9191K/9607K, paused 2ms+2ms
06-14 05:23:06.286 24768 24782 I com.xabber.android.data.roster.SyncManager@4138f748: Groups: 0
06-14 05:23:06.376 24784 24786 D dalvikvm: GC_CONCURRENT freed 283K, 4% free 9361K/9735K, paused 23ms+5ms
06-14 05:23:06.443   142   421 D dalvikvm: GC_EXPLICIT freed 648K, 23% free 19043K/24647K, paused 3ms+7ms
06-14 05:23:06.677 24768 24782 I com.xabber.android.data.roster.SyncManager@4138f748: Raw contacts: 2
06-14 05:23:06.689   142   368 I ActivityManager: Process android.process.acore (pid 24784) has died.
06-14 05:23:06.693 24768 24779 I ActivityThread: Removing dead content provider: contacts
06-14 05:23:06.693 24768 24779 I ActivityThread: Removing dead content provider: com.android.contacts
06-14 05:23:06.693   142   368 I ActivityManager: Kill com.xabber.android (pid 24768): provider com.android.providers.contacts.ContactsProvider2 in dying process android.process.acore
06-14 05:23:06.724   142   370 I ActivityManager: Process com.xabber.android (pid 24768) has died.
06-14 05:23:06.724   142   370 W ActivityManager: Scheduling restart of crashed service com.xabber.android/.service.XMPPService in 20000ms
06-14 05:23:10.470   142   159 I ActivityManager: Start proc com.whatsapp for service com.whatsapp/.messaging.MessageService: pid=24802 uid=10070 gids={1015, 3003}
06-14 05:23:10.482 24802 24802 I dalvikvm: Turning on JNI app bug workarounds for target SDK version 7...
06-14 05:23:10.763 24802 24804 D dalvikvm: GC_CONCURRENT freed 174K, 3% free 9353K/9607K, paused 2ms+2ms
06-14 05:23:11.161 24802 24804 D dalvikvm: GC_CONCURRENT freed 288K, 4% free 9614K/9991K, paused 2ms+3ms
06-14 05:23:11.275 24802 24802 I SqliteDatabaseCpp: sqlite returned: error code = 1, msg = duplicate column name: photo_ts, db=/data/data/com.whatsapp/databases/msgstore.db
06-14 05:23:11.275 24802 24802 I SqliteDatabaseCpp: sqlite returned: error code = 1, msg = duplicate column name: thumb_ts, db=/data/data/com.whatsapp/databases/msgstore.db
06-14 05:23:11.275 24802 24802 I SqliteDatabaseCpp: sqlite returned: error code = 1, msg = duplicate column name: photo_id_timestamp, db=/data/data/com.whatsapp/databases/msgstore.db
06-14 05:23:11.329   142   422 I ActivityManager: Start proc android.process.acore for content provider com.android.providers.contacts/.ContactsProvider2: pid=24822 uid=10000 gids={3003, 1015}
06-14 05:23:11.372    80    80 D dalvikvm: GC_EXPLICIT freed 38K, 4% free 9031K/9347K, paused 2ms+2ms
06-14 05:23:11.462    80    80 D dalvikvm: GC_EXPLICIT freed <1K, 4% free 9031K/9347K, paused 1ms+17ms
06-14 05:23:11.470 24822 24822 I ActivityThread: Pub call_log: com.android.providers.contacts.CallLogProvider
06-14 05:23:11.474 24822 24822 I ActivityThread: Pub com.android.voicemail: com.android.providers.contacts.VoicemailContentProvider
06-14 05:23:11.486 24822 24822 I ActivityThread: Pub user_dictionary: com.android.providers.userdictionary.UserDictionaryProvider
06-14 05:23:11.493 24802 24802 I dalvikvm: Could not find method android.media.MediaMetadataRetriever.captureFrame, referenced from method com.whatsapp.d3.a
06-14 05:23:11.493 24802 24802 W dalvikvm: VFY: unable to resolve virtual method 496: Landroid/media/MediaMetadataRetriever;.captureFrame ()Landroid/graphics/Bitmap;
06-14 05:23:11.493 24802 24802 D dalvikvm: VFY: replacing opcode 0x6e at 0x0134
06-14 05:23:11.517 24822 24822 I ActivityThread: Pub com.android.social: com.android.providers.contacts.SocialProvider
06-14 05:23:11.517 24822 24822 I ActivityThread: Pub applications: com.android.providers.applications.ApplicationsProvider
06-14 05:23:11.529    80    80 D dalvikvm: GC_EXPLICIT freed <1K, 4% free 9031K/9347K, paused 2ms+1ms
06-14 05:23:11.755 24822 24824 D dalvikvm: GC_CONCURRENT freed 350K, 5% free 9151K/9607K, paused 2ms+2ms
06-14 05:23:11.755 24822 24822 I ActivityThread: Pub contacts;com.android.contacts: com.android.providers.contacts.ContactsProvider2
06-14 05:23:11.755 24802 24804 D dalvikvm: GC_CONCURRENT freed 451K, 6% free 9722K/10247K, paused 10ms+6ms
06-14 05:23:12.052 24802 24804 D dalvikvm: GC_CONCURRENT freed 171K, 3% free 9974K/10247K, paused 2ms+16ms
06-14 05:23:12.158   142   918 I ActivityManager: Process com.facebook.orca (pid 24721) has died.
06-14 05:23:12.158   142   918 W ActivityManager: Scheduling restart of crashed service com.facebook.orca/.push.mqtt.MqttPushService in 20480000ms
06-14 05:23:12.220 24822 24824 D dalvikvm: GC_CONCURRENT freed 201K, 4% free 9338K/9671K, paused 5ms+11ms
06-14 05:23:13.431   142   370 I ActivityManager: Process android.process.acore (pid 24822) has died.
06-14 05:23:14.400 24802 24804 D dalvikvm: GC_CONCURRENT freed 514K, 7% free 9862K/10503K, paused 6ms+3ms
06-14 05:23:18.575   357   357 D dalvikvm: GC_EXPLICIT freed <1K, 6% free 9100K/9607K, paused 26ms+2ms
06-14 05:23:22.798   142   197 D DhcpInfoInternal: makeLinkProperties with empty dns2!
06-14 05:23:22.810   142   197 D DhcpInfoInternal: makeLinkProperties with empty dns2!
06-14 05:23:26.743 24864 24864 D dalvikvm: Late-enabling CheckJNI
06-14 05:23:26.759   142   159 I ActivityManager: Start proc com.xabber.android for service com.xabber.android/.service.XMPPService: pid=24864 uid=10081 gids={3003, 1015}
06-14 05:23:26.794 24864 24864 I dalvikvm: Turning on JNI app bug workarounds for target SDK version 9...
06-14 05:23:27.025 24864 24865 D dalvikvm: GC_CONCURRENT freed 226K, 4% free 9310K/9607K, paused 2ms+2ms
06-14 05:23:27.048 24864 24864 D dalvikvm: GC_FOR_ALLOC freed 270K, 6% free 9425K/9927K, paused 12ms
06-14 05:23:27.072   959   959 D dalvikvm: GC_EXPLICIT freed 171K, 21% free 11689K/14663K, paused 2ms+26ms
06-14 05:23:27.189 24864 24865 D dalvikvm: GC_CONCURRENT freed 190K, 3% free 9773K/10055K, paused 2ms+8ms
06-14 05:23:27.318 24864 24865 D dalvikvm: GC_CONCURRENT freed 403K, 5% free 9901K/10375K, paused 2ms+2ms
06-14 05:23:27.384 24864 24864 I com.xabber.android.service.XMPPService@413422f8: onCreate
06-14 05:23:27.392 24864 24864 I com.xabber.android.data.Application@41338fa8: onStart
06-14 05:23:27.404 24864 24878 I com.xabber.android.data.LogManager@41343fe0: onLoad
06-14 05:23:27.404 24864 24878 I com.xabber.android.data.DatabaseManager@41344ad0: onLoad
06-14 05:23:27.415 24864 24878 I com.xabber.android.data.extension.AvatarStorage@41344eb0: onLoad
06-14 05:23:27.415 24864 24878 I com.xabber.android.data.connection.AccountManager@41441cb8: onLoad
06-14 05:23:27.431 24864 24878 I com.xabber.android.data.message.MUCManager@413376d8: onLoad
06-14 05:23:27.435 24864 24878 I com.xabber.android.data.message.MessageManager@413e7008: onLoad
06-14 05:23:27.439 24864 24878 I com.xabber.android.data.message.ChatManager@41331748: onLoad
06-14 05:23:27.443 24864 24878 I com.xabber.android.data.extension.VCardManager@41302eb8: onLoad
06-14 05:23:27.447 24864 24878 I com.xabber.android.data.extension.AvatarManager@41441710: onLoad
06-14 05:23:27.490 24864 24865 D dalvikvm: GC_CONCURRENT freed 188K, 4% free 10148K/10503K, paused 2ms+2ms
06-14 05:23:27.509 24864 24878 I com.xabber.android.data.roster.GroupManager@4138ead8: onLoad
06-14 05:23:27.509 24864 24878 I com.xabber.android.data.extension.CapabilitiesManager@41435760: onLoad
06-14 05:23:27.513 24864 24878 I com.xabber.android.data.roster.SyncManager@41390e30: onLoad
06-14 05:23:27.544   142   154 I ActivityManager: Start proc android.process.acore for content provider com.android.providers.contacts/.ContactsProvider2: pid=24880 uid=10000 gids={3003, 1015}
06-14 05:23:27.572 24880 24880 I ActivityThread: Pub call_log: com.android.providers.contacts.CallLogProvider
06-14 05:23:27.579 24880 24880 I ActivityThread: Pub com.android.voicemail: com.android.providers.contacts.VoicemailContentProvider
06-14 05:23:27.583 24880 24880 I ActivityThread: Pub user_dictionary: com.android.providers.userdictionary.UserDictionaryProvider
06-14 05:23:27.587 24880 24880 I ActivityThread: Pub com.android.social: com.android.providers.contacts.SocialProvider
06-14 05:23:27.587 24880 24880 I ActivityThread: Pub applications: com.android.providers.applications.ApplicationsProvider
06-14 05:23:27.646 24880 24880 I ActivityThread: Pub contacts;com.android.contacts: com.android.providers.contacts.ContactsProvider2
06-14 05:23:27.677 24880 24882 D dalvikvm: GC_CONCURRENT freed 347K, 5% free 9191K/9607K, paused 1ms+5ms
06-14 05:23:27.990 24864 24878 I com.xabber.android.data.roster.SyncManager@41390e30: Groups: 0
06-14 05:23:28.103 24880 24882 D dalvikvm: GC_CONCURRENT freed 230K, 4% free 9388K/9735K, paused 10ms+5ms
06-14 05:23:28.115   142   918 I ActivityManager: Process com.whatsapp (pid 24802) has died.
06-14 05:23:28.115   142   918 W ActivityManager: Scheduling restart of crashed service com.whatsapp/.messaging.MessageService in 5000ms
06-14 05:23:28.138 24864 24878 I com.xabber.android.data.roster.SyncManager@41390e30: Raw contacts: 2
06-14 05:23:28.681 24864 24878 I com.xabber.android.data.roster.SyncManager@41390e30: Jids: 2
06-14 05:23:28.681 24864 24878 I com.xabber.android.data.roster.SyncManager@41390e30: Emails: 2
06-14 05:23:28.685 24864 24878 I com.xabber.android.data.roster.SyncManager@41390e30: Names: 1
06-14 05:23:28.685 24864 24878 I com.xabber.android.data.roster.SyncManager@41390e30: Membership: 0
06-14 05:23:28.685 24864 24878 I com.xabber.android.data.roster.SyncManager@41390e30: Structureds: 1
06-14 05:23:28.700 24864 24878 I com.xabber.android.data.roster.SyncManager@41390e30: Contacts: 2
06-14 05:23:28.892 24864 24878 I com.xabber.android.data.roster.SyncManager@41390e30: Loaded
06-14 05:23:28.900 24864 24864 I com.xabber.android.data.SettingsManager@4133a5d8: onInitialized
06-14 05:23:28.950 24864 24864 I com.xabber.android.data.connection.ConnectionManager@413459a8: onInitialized
06-14 05:23:28.954 24864 24864 I com.xabber.android.data.connection.ReconnectionManager@414414a8: onInitialized
06-14 05:23:28.954 24864 24864 I com.xabber.android.data.NotificationManager@413f3188: onInitialized
06-14 05:23:28.990 24864 24864 I com.xabber.android.data.connection.NetworkManager@41438e70: onInitialized
06-14 05:23:29.064 24864 24864 I com.xabber.android.data.connection.NetworkManager@41438e70: Network: NetworkInfo: type: WIFI[], state: CONNECTED/CONNECTED, reason: (unspecified), extra: (none), roaming: false, failover: false, isAvailable: true, active: NetworkInfo: type: WIFI[], state: CONNECTED/CONNECTED, reason: (unspecified), extra: (none), roaming: false, failover: false, isAvailable: true
06-14 05:23:29.064 24864 24864 I com.xabber.android.data.connection.NetworkManager@41438e70: State does not changed.
06-14 05:23:29.806 24864 24902 I System.out: 05:23:29 AM SENT (1095115112): <stream:stream to="jabber.org" xmlns="jabber:client" xmlns:stream="http://etherx.jabber.org/streams" version="1.0">
06-14 05:23:30.240 24864 24865 D dalvikvm: GC_CONCURRENT freed 291K, 4% free 10271K/10695K, paused 53ms+2ms
06-14 05:23:30.240 24864 24903 I System.out: 05:23:30 AM RCV  (1095115112): <?xml version='1.0'?><stream:stream xmlns='jabber:client' xmlns:stream='http://etherx.jabber.org/streams' from='jabber.org' id='42daa919e1e2e296' version='1.0'><stream:features><starttls xmlns='urn:ietf:params:xml:ns:xmpp-tls'/><mechanisms xmlns='urn:ietf:params:xml:ns:xmpp-sasl'><mechanism>CRAM-MD5</mechanism><mechanism>LOGIN</mechanism><mechanism>PLAIN</mechanism><mechanism>DIGEST-MD5</mechanism><mechanism>SCRAM-SHA-1</mechanism></mechanisms><compression xmlns='http://jabber.org/features/compress'><method>zlib</method></compression><ver xmlns='urn:xmpp:features:rosterver'><optional/></ver></stream:features>
06-14 05:23:30.255 24864 24903 I System.out: 05:23:30 AM SENT (1095115112): <starttls xmlns="urn:ietf:params:xml:ns:xmpp-tls"/>
06-14 05:23:30.490 24864 24903 I System.out: 05:23:30 AM RCV  (1095115112): <proceed xmlns='urn:ietf:params:xml:ns:xmpp-tls'/>
06-14 05:23:30.892 24880 24882 D dalvikvm: GC_CONCURRENT freed 247K, 4% free 9546K/9927K, paused 12ms+7ms
06-14 05:23:31.490 24864 24903 I System.out: 05:23:31 AM SENT (1095115112): <stream:stream to="jabber.org" xmlns="jabber:client" xmlns:stream="http://etherx.jabber.org/streams" version="1.0">
06-14 05:23:31.790 24864 24865 D dalvikvm: GC_CONCURRENT freed 350K, 5% free 10339K/10823K, paused 14ms+2ms
06-14 05:23:32.029 24864 24903 I System.out: 05:23:32 AM RCV  (1095115112): <?xml version='1.0'?><stream:stream xmlns='jabber:client' xmlns:stream='http://etherx.jabber.org/streams' from='jabber.org' id='c67dcdfe749715da' version='1.0'><stream:features><mechanisms xmlns='urn:ietf:params:xml:ns:xmpp-sasl'><mechanism>CRAM-MD5</mechanism><mechanism>LOGIN</mechanism><mechanism>PLAIN</mechanism><mechanism>DIGEST-MD5</mechanism><mechanism>SCRAM-SHA-1</mechanism></mechanisms><compression xmlns='http://jabber.org/features/compress'><method>zlib</method></compression><ver xmlns='urn:xmpp:features:rosterver'><optional/></ver></stream:features>
06-14 05:23:32.216 24864 24902 I System.out: 05:23:32 AM SENT (1095115112): <auth mechanism="DIGEST-MD5" xmlns="urn:ietf:params:xml:ns:xmpp-sasl"></auth>
06-14 05:23:32.540 24864 24903 I System.out: 05:23:32 AM RCV  (1095115112): <challenge xmlns='urn:ietf:params:xml:ns:xmpp-sasl'>bm9uY2U9Ii8rRW5yVVE2UkkvM29LbXprWGRwVkxpVk95elcvZ2pNMTQ2TWdnU1ZvZlU9IixyZWFsbT0iamFiYmVyLm9yZyIscW9wPSJhdXRoIixtYXhidWY9MTYzODQsY2hhcnNldD11dGYtOCxhbGdvcml0aG09bWQ1LXNlc3M=</challenge>
06-14 05:23:32.615 24864 24902 I System.out: 05:23:32 AM SENT (1095115112): <response xmlns="urn:ietf:params:xml:ns:xmpp-sasl">dXNlcm5hbWU9Imxva2VzaG1hbmR2ZWthciIscmVhbG09ImphYmJlci5vcmciLGNub25jZT0iZWNiNTgwZDMwMWQ1MDlkMDg5MjM2ODBkMjU1Y2UzOWUyNDNiZGVjYzk4NTBkZGFkYTAyZWJlMmEzNmUwZjA2ZSIsbmM9MDAwMDAwMDEscW9wPWF1dGgsZGlnZXN0LXVyaT0ieG1wcC9qYWJiZXIub3JnIixyZXNwb25zZT1mMmMxYjA3ZTlhZDhmMTVkZTQ5MWQwNWUzMTEyZDY1OSxjaGFyc2V0PXV0Zi04LG5vbmNlPSIvK0VuclVRNlJJLzNvS216a1hkcFZMaVZPeXpXL2dqTTE0Nk1nZ1NWb2ZVPSI=</response>
06-14 05:23:32.845 24864 24903 I System.out: 05:23:32 AM RCV  (1095115112): <success xmlns='urn:ietf:params:xml:ns:xmpp-sasl'>cnNwYXV0aD0xN2RiZjFlMzNhMGRkYWRlNjVlNThhNjNlZDBkZDhkMQ==</success>
06-14 05:23:32.868 24864 24903 I System.out: 05:23:32 AM SENT (1095115112): <stream:stream to="jabber.org" xmlns="jabber:client" xmlns:stream="http://etherx.jabber.org/streams" version="1.0">
06-14 05:23:33.146 24864 24903 I System.out: 05:23:33 AM RCV  (1095115112): <?xml version='1.0'?><stream:stream xmlns='jabber:client' xmlns:stream='http://etherx.jabber.org/streams' from='jabber.org' id='13746fd13aa47bad' version='1.0'><stream:features><bind xmlns='urn:ietf:params:xml:ns:xmpp-bind'><required/></bind><session xmlns='urn:ietf:params:xml:ns:xmpp-session'/><compression xmlns='http://jabber.org/features/compress'><method>zlib</method></compression><ver xmlns='urn:xmpp:features:rosterver'><optional/></ver></stream:features>
06-14 05:23:33.146   142   159 I ActivityManager: Start proc com.whatsapp for service com.whatsapp/.messaging.MessageService: pid=24910 uid=10070 gids={1015, 3003}
06-14 05:23:33.150 24910 24910 I dalvikvm: Turning on JNI app bug workarounds for target SDK version 7...
06-14 05:23:33.185 24864 24902 I System.out: 05:23:33 AM SENT (1095115112): <iq id="n286z-0" type="set"><bind xmlns="urn:ietf:params:xml:ns:xmpp-bind"><resource>android9e7FLMWG</resource></bind></iq>
06-14 05:23:33.368 24910 24911 D dalvikvm: GC_CONCURRENT freed 162K, 3% free 9364K/9607K, paused 3ms+2ms
06-14 05:23:33.458 24864 24903 I System.out: 05:23:33 AM RCV  (1095115112): <iq to='lokeshmandvekar@jabber.org/android9e7FLMWG' type='result' id='n286z-0'><bind xmlns='urn:ietf:params:xml:ns:xmpp-bind'><jid>lokeshmandvekar@jabber.org/android9e7FLMWG</jid></bind></iq>
06-14 05:23:33.478 24864 24902 I System.out: 05:23:33 AM SENT (1095115112): <iq id="n286z-1" type="set"><session xmlns="urn:ietf:params:xml:ns:xmpp-session"/></iq>
06-14 05:23:33.763 24864 24903 I System.out: 05:23:33 AM RCV  (1095115112): <iq from='jabber.org' type='result' id='n286z-1'/>
06-14 05:23:33.818 24864 24898 I System.out: User logged (1095115112): lokeshmandvekar@jabber.org@jabber.org:5222/android9e7FLMWG
06-14 05:23:33.822 24864 24864 I com.xabber.android.data.roster.RosterManager@4143df78: onAuthorized: lokeshmandvekar@jabber.org/android9e7FLMWG
06-14 05:23:33.825 24864 24878 I com.xabber.android.data.roster.SyncManager@41390e30: Insert presences 0
06-14 05:23:33.825 24864 24878 I com.xabber.android.data.roster.SyncManager$4@414433b8: Presence changed
06-14 05:23:33.872 24910 24911 D dalvikvm: GC_CONCURRENT freed 296K, 4% free 9609K/9991K, paused 2ms+2ms
06-14 05:23:33.872 24864 24902 I System.out: 05:23:33 AM SENT (1095115112): <presence id="n286z-2"><status></status><priority>0</priority><show>xa</show><c xmlns='http://jabber.org/protocol/caps' hash='sha-1' node='http://www.igniterealtime.org/projects/smack/' ver='lEHWL/kB85mFknKkCncs7jfI5CY='/></presence>
06-14 05:23:33.900 24864 24902 I System.out: 05:23:33 AM SENT (1095115112): <iq id="n286z-3" type="get"><query xmlns="jabber:iq:roster" ></query></iq>
06-14 05:23:34.048 24910 24910 I SqliteDatabaseCpp: sqlite returned: error code = 1, msg = duplicate column name: photo_ts, db=/data/data/com.whatsapp/databases/msgstore.db
06-14 05:23:34.052 24910 24910 I SqliteDatabaseCpp: sqlite returned: error code = 1, msg = duplicate column name: thumb_ts, db=/data/data/com.whatsapp/databases/msgstore.db
06-14 05:23:34.052 24910 24910 I SqliteDatabaseCpp: sqlite returned: error code = 1, msg = duplicate column name: photo_id_timestamp, db=/data/data/com.whatsapp/databases/msgstore.db
06-14 05:23:34.154 24910 24910 I dalvikvm: Could not find method android.media.MediaMetadataRetriever.captureFrame, referenced from method com.whatsapp.d3.a
06-14 05:23:34.154 24910 24910 W dalvikvm: VFY: unable to resolve virtual method 496: Landroid/media/MediaMetadataRetriever;.captureFrame ()Landroid/graphics/Bitmap;
06-14 05:23:34.154 24910 24910 D dalvikvm: VFY: replacing opcode 0x6e at 0x0134
06-14 05:23:34.267 24864 24903 I System.out: 05:23:34 AM RCV  (1095115112): <presence from='ifte2000@jabber.org' to='lokeshmandvekar@jabber.org' type='unavailable'/><presence from='lokeshmandvekar@jabber.org/BitlBee' to='lokeshmandvekar@jabber.org/android9e7FLMWG'><priority>0</priority><show>xa</show><c xmlns="http://jabber.org/protocol/caps" node="http://bitlbee.org/xmpp/caps" ver="3.0.5-1+aptbuild6"/><delay xmlns='urn:xmpp:delay' stamp='2012-06-12T19:49:00Z' from='jabber.org'/></presence><presence from='lokeshmandvekar@jabber.org/android9e7FLMWG' to='lokeshmandvekar@jabber.org/android9e7FLMWG' id='n286z-2'><status></status><priority>0</priority><show>xa</show><c xmlns='http://jabber.org/protocol/caps' hash='sha-1' node='http://www.igniterealtime.org/projects/smack/' ver='lEHWL/kB85mFknKkCncs7jfI5CY='/></presence>
06-14 05:23:34.275 24864 24878 I com.xabber.android.data.roster.SyncManager@41390e30: Insert presences 1
06-14 05:23:34.325 24910 24911 D dalvikvm: GC_CONCURRENT freed 379K, 5% free 9754K/10247K, paused 5ms+3ms
06-14 05:23:34.486 24864 24903 I System.out: 05:23:34 AM RCV  (1095115112): <presence from='lokeshmandvekar@gmail.com/bitlbeeDB8759E0' to='lokeshmandvekar@jabber.org/android9e7FLMWG'><priority>24</priority><show>xa</show><c node="http://bitlbee.org/xmpp/caps" ver="3.0.5-1+aptbuild6" xmlns="http://jabber.org/protocol/caps"/><x xmlns="vcard-temp:x:update"><photo>10787dcb9604f48a6fc4f42908a91dfd12a1d753</photo></x></presence><presence from='lokeshmandvekar@gmail.com/android_talk7682aaea69df' to='lokeshmandvekar@jabber.org/android9e7FLMWG'><status/><priority>24</priority><caps:c node="http://www.android.com/gtalk/client/caps" ext="pmuc-v1 voice-v1 video-v1 camera-v1" ver="1.1" xmlns:caps="http://jabber.org/protocol/caps"/><show>away</show><x xmlns="vcard-temp:x:update"><photo>10787dcb9604f48a6fc4f42908a91dfd12a1d753</photo></x></presence>
06-14 05:23:34.525 24910 24911 D dalvikvm: GC_CONCURRENT freed 227K, 4% free 9982K/10311K, paused 2ms+5ms
06-14 05:23:34.822 24864 24903 I System.out: 05:23:34 AM RCV  (1095115112): <iq to='lokeshmandvekar@jabber.org/android9e7FLMWG' type='result' id='n286z-3'><query xmlns='jabber:iq:roster' ver='85'><item jid='lokeshmandvekar@gmail.com' subscription='both'/><item jid='ifte2000@jabber.org' name='Iftekhar Husain' subscription='both'/></query></iq>
06-14 05:23:35.490 24864 24878 I com.xabber.android.data.roster.SyncManager$4@41479ea0: Presence changed
06-14 05:23:35.763 24864 24865 D dalvikvm: GC_CONCURRENT freed 337K, 5% free 10418K/10887K, paused 2ms+2ms
06-14 05:23:35.763 24864 24878 I com.xabber.android.data.roster.SyncManager@41390e30: Insert presences 1
06-14 05:23:35.779 24864 24902 I System.out: 05:23:35 AM SENT (1095115112): <iq id="n286z-4" to="lokeshmandvekar@jabber.org" type="get"><vCard xmlns="vcard-temp" /></iq>
06-14 05:23:36.376 24864 24903 I System.out: 05:23:36 AM RCV  (1095115112): <iq from='lokeshmandvekar@jabber.org' to='lokeshmandvekar@jabber.org/android9e7FLMWG' type='result' id='n286z-4'><vCard xmlns='vcard-temp'><FN>lokesh mandvekar</FN><N><GIVEN>lokesh</GIVEN><FAMILY>mandvekar</FAMILY></N><NICKNAME>lokesh</NICKNAME><BDAY>06/04/1986</BDAY><EMAIL><INTERNET/><WORK/><USERID>lokeshmandvekar@gmail.com</USERID></EMAIL><TEL><VOICE/><WORK/><NUMBER>7162010010</NUMBER></TEL><PHOTO><TYPE>image/png</TYPE><BINVAL>iVBORw0KGgoAAAANSUhEUgAAAGAAAABICAIAAACGBWc0AAAAA3NCSVQICAjb4U/gAAAgAElEQVR4nFy7Z6xlWXYettba4Zxz77nx5VevcleH6ekwM+wJYhiRQ5GyRYsyFWxTlAUIFgTLtgADAgz9cPjhAAP+YRiG/ccmJUOUDZimIckUJYqipZnhDGd6uns6h6quHF6+6cQd1vKP815107cKVQ+nbp2z9wrf+ta39sG/8R/8ba0NogIAAGAARBQRFGBEFhYABPz8h5kBQECEBQUEAVEhgkgUYRFEFAERYWE4/wiIAJxfRUQAjgxwdjcQIQABEAQWQRDmiMKIAKKIlAgiIRATkYgQsqsqjrF1jqW7Hy4Wi9nsONOmrFb9UR4BhYFZvPMh+BgjACBh5CAirmlXyyWwEFG3RETsVthts/tZW5sCgJw9AwgAEAVEUBCEsNsXnu1SBBGJiJkRCSAiomC3fRE4+yYzA4qIPL0tyFNLAXYL4u6SIIKIkCIJkUWAEBFEUAQQSFgAJMaIiBylc1V3f2aOMQICiIo+VPVKa9za3IzeRYht48lqjhIjxxiZI4B0t44hFsXKNS0IIMDZwj/3OVs6ACJqIiPCiNJtHgAiMyB02wYR6KIEz2x0Fj4iiN2upbPOuUUiAIkIAgCgCHfxCNBdOQtPAQEAIhKJXVQxMwgAni1XIiASiHTrRxTAzgkkZ8vv/hOHEOuyDN71+qlwiOyb6MgYjNLWjQgwSwxRaYoxeO+bpinLUlgQBOEsTJ4u7MyF50tFAA2MICgoAMAiAoCIDAJAAIgggH/MwN1uz1JDRAAZGOE8iEREGPHcaOfWeeoWRGSOgIAC8rnFMTMCdI/vbH6WlAIgwsIoQkTCIiTCjApZJIRQVxUCu7YaDvouxNVq5UV8iOy8i07OMhvEB+fcarX0PgAAylmifH5j53mCn7eXFvCAJICIJBC7zZwllpCQCLAAgbCwEJEIwx8PSwQAiIjntkOGs3ACAKCzfXdRI8zdOrpvds8iREIhVgHPLYmE0gUUA3Ds1g+AwCISQDhGbuo6hKAVBh9Y/LJYlHVdNw0zxxiY5dwpEmNsq7qua2Z+mgpPfdNFiwiLCGGXc+fOAtRFXSqtkRQppc4WCEgIAkB8hk4dUiCInIELnNlDzvKC8fxhCMCAIMydgUKMhF2MdAvq8EVEoIsz7hwAKPAZRp4HDyBiPAs9CIERCRiapuIYiYgIT08XTVuJcIgSQogxxBiYmVlQBARa58qi6BD6M6eem+mpjxkJELqiQkDn/kf99o/fIGW0NdrYRCmtNRFqbVBpADbGEmnSREiECIikqIP9DuqfYr6I4BmEMAA+RV9E6JxzFurS/WYUBgRgEQBGAaTuypkH5SyImRmQRbizWHCtCGtNvaxXFqsQnNaKW3Det63nyEFCB2lEFHwsi6J17v9nl8/HjpwVXemKDUi3r7MtAKC+c/sOIgoSiBCBIoWIhERaIYpWxthEaVKkFBEQklJKKerch6iUUkoBilZKa0NEpLRSikgprUgpRFFEBEhEiESEACwcAEG4QyogQsGIZxjYhfgZGDMzIjCz9845Z7Tt93taKw6+bdvVarUqlkE4xhg9d2jVkYuqrpqq6mIdAJTWWiEhEQFzh+/MzACCgAKQKNhcX8vznIU5SvAhhFAtVhpRuCuqQCFyYBERQqA2PjXweek5dy92CUWf4RlERLAmUVqDUqoLM0WktVKEiByZALKsp7XujNtZVhEZrbUxSqmOQHQm7ErIGYKE4FyLiEmaaJMAUuRYlsvFYlYUhbBI5LO07n5FLssyxigoIqwVJdYkadJLTS81aWK0NkZrrTULhxCd85Fhe2OtnyVaa6UUEhIoRerx+x9rASEkABIBDQAgDBEEO8Q4K8kdNoEQn9lIRADOsBMRkEBEvAsi0uXfWUzT2Q90lnRIpDrjdnEKhKRIK33GQQmVUgAgzN11pZTR2hijtSatjLWatNZwdPDEO6cUEpFSECOKxhDifLGoq/qM6DEYTdbqXqrzzPR7aZpoY5RWZKyy1hCRVhqIEEmRYRZjEmMsKiQkhZgq0te/+OUYOYTofYi+8W3FwTd11dZNh5IEIMxwFjgCTykgfC6koKvTdIYy56xH4hmd4qc26yjEGbFCwPg5UIDzagVE6qzQnjFHBAAhQEIEVCiDPFWKzjhTjCLCkUMMbV0jSJfMxlKW2ixJstT2M5WmiTFaa0WE1lprreowV2mtjdYWUSmySmnUwAJaohbRG7sXUKRuuQ6iNAfnNQA31ftv/hAknuMqdxtg4a4X6YiAAHeZwAyIdAbDcP7nOas6q3Qgn/uHM07cUajuW8yd489s24UZhxjjGSdAhigCAIlGop4xpjNNCB4ASCFEMIa00ok1SpHRoJS2JlFWgdFCSlAJKCStdKJNYhJrbUKkjbVGG60MolZkhGIUVt4pFu0CT4b5sllEou3JsKwbRFq6VggJBPi8IJ1Rly7vnlbHMzbNn2frf5y4y+fNBufwdd7swHnTQwoh4mf8SCJHAsHPiv6Zhc/rJkCHsiLStT4AoBQl1mRp2s8SrRWRsBBpbaxWRpPWWpvEWpvaNM2SJFXGaGu78FGkiRQiARIJsURFQqy0r4tlbIaJjSBNWTZNFUMMvlaEHWE8Tw0EEQL6rC8DPlv0Oak4Y09dhJzvB/+4xfAcjLrbPP3LaEtKAHhze21rZ0ujunvv/sHhMUcQQBEEUMJ8TjLPbNw1riKiFDIzIaGiNDE2sUlqtVYiWgCUIaOVJlLG2l5mE2OTXpLkyhhjjVaGlNZKAxJRx0KiZlERQEh/8OM/QiGNWpECTcoorSm0nhQqUqC6ndJZIDCD8HnxUnDemjGeawCE52WuQ5DzSIGOHz1Fn89oFBEqpXqZ2dycbu5sPffCc4xAIi+89OyTBw/eeP2Nk1l99tizju78hmeNCxOdsVBA0IRGK9KkjFLaIFoWQRQijUqRsUAWVaptj6whpZU2iIpIA6pOhEACeNp1xKh96xEpSCRAgXAGuQBIJECAQCCKzneJ0uWTgGBEZlZKMbNS5xY8X3tHJunM4U+BpQPmjm0qa22/n65Nxxcu7m5sbRTlMh8N948OppNpXVXW2hsvPHfhwuZ773385usfREBmARQWRiRFqDWygFIaQLwPXbXoyINRurMHaRujELBRqDUZrRUZRC1df4N0FuUISIQASMIcCRQpQCJB0NNhL4TIzDGKMHLH/gWEg4Awc2DBz9Kqi8CzvuhpNe/aAegadPisDzxXO7o8I0Ds8lxpvHRp9+VXvpjltqxXw9GQlFrWoQ11kpoYm/niaDAczVYcXXtpb2d7ffL6628eHtURUEgRkbUKgQlBkIRFkaBG8B1IoQgidHSVjEYFYLTRhqzNlDZECNCxbQE+I+0cgYgQuhUCxwgRMKL+4heu13XjXXA+OM8xhBAjc2SOHUmLkUPgc+1LYoxdbWcAZhYBFqZz5BbhjhOdxTxQ1zc/xWcRTq1+9UtfuHhpCym2oTVJkqRZURTDPAdlg/dlsQBpnjycjYZrw+E0ybJe5n/xF7/6e7/3xv7RCqCjl6QIWQCJIiMixygI4tpQ1XXj2qI
06-14 05:23:36.384 24864 24903 I System.out: 05:23:36 AM RCV  (1095115112): /O6aYKPAHx6fNjWdWSWKBGJFCvFUSRE0Ep1SpD3YBNQmn0QH8RYa1ww2iTWhsBnjRi0pKjD0xCCVkpZaxFRay2QkjIxOOdd3TSt8yLIrtPtz0kcIQArjTGctQXnZart9HvS0suyfq8nHK3pp0mvrtusZ5NUNrfW0lRZYxbzw0SXP//Nl156bmu6vlWofmrWo2TvHczmkmE6srqKPh0OcTrMt7e3fucPPvrwo5NVAWtrG8/cuHz44OFwkOe9XtM6rboOMlqrtJIYIgshCrFwFGGILIEiCImIUhIFSClqg9beWJ8kiTXRueg9a6O10qQ6lYJEIISgBnk/RomBQShGjIEAFALVTeucM6ZT5okICQBJkDrqqDoN5Uy1/jzTBp1akxrSCgN0EpZnjr1+Iipu7+7UdVO3h6++vPPq89f2Ni+YZBJ13rMDk44ezutokhTrZ9fVmooJEqo1pTT1sKqkaeTwdJlkuVGwuT7a2NhGJKWN0dpoPDned237+GAlgszwlMB35ZWFY4wCHGIMkUOMkdmHGCIzS/Ax+MhRQmDvYwg+hBhCXK1WejDQBlkUR3aoGUBiAOfiYnmSJmprbRRiFdhEJomhWFUCrLUCwcjCDIKsdSoizPGpFJZa8d5HFiRk0cJiUx18QE7ER2A/3h5s7+319DDROZqkF1sdVkXdbGR2RAlzHRwlIASBiJUZXNm6On+Onzw56efDqqmsota59997gyO16BQYAmQOVhvhyB2FJOQoJIIRleLP5DESiGyMYWaiELzzzhtj0iR4jqqTsQA4xtlsFiPr65NVAHSNR9AxICtwCErD9hgIJcsaFiQAgAbQcEBmVBqYwfvIFJyHtj4rGh1fHuW9XpoJYhsZIouEyDEiLety++J2G2JJ7c7ermTWGXDBYcOUQNmuCEZTdlHbR21ytBRDKtWJAd+Eqg9hO0+2RoObDysW3U8Ta83ho/3hZHZwCN4NQoDR1Ahxx90ACBiA4GxexKxUF/KotEbE2OmGiEjELCEE55xpGmttCKFaFUQ0nU6JSF9UOzzN23lF2khsHYR0NDo9nemsRxG8hAjRCqESs55dmOaCSgSix7Zpemt6vtRtBYlR8+UyAtVNk+eZgsgCSJBarRFEaUxtAGtTLdSCLXXGrMuV8CLAMB0kmWnAkQoZBMdB0MSobDZgODaZirHhNiiDg+EAuT44OBleuQCkpttzrSrf4HACRQmIuU7suZ8EADgynn/g6cTJeyLiGLteDom0FhFgZufc6ekpAIzyQZIkMUbnnBY1yS9cF7vQaVrOZj1rENCkaTox7bwc9bIa3TgdffKDH2wQxtAmaeacV2JGaJT4+VEZQ1LlJqhkOF2DsiJC9J58jK13tU8TBUb1xv1ZvXDNajodjNYow7LfE0pCYftKG1Sc5baXKiY1MlOxcafXV7ziRJe4ML2+LuvUWGMyEEShqmy03VguoC7K4USCX2R2uLG2e3xYnAkO5+Mm+ZwE2l0nJJHPhpbKaAAMIYYQqqoajUa9Xi+ytG3rfQAQPUc8ur0fUenGL06r2cPDjCixBByReU7kQB7YBSitR8P56eHWOC9nMyM4GfZufPHS4+NPPfQaK+z9MniHUrYhUXZ9faJJVacnKlZ5P22dq311eHw4XTfTsfFpcH17TPjeSZktYMtOLgzWt/Nk1JtWpQxjfHD/cLU8mm63/bUklC0MsktX9K0nefpB0ksVYUJkkiTLMyEJKBiAAVqjDZwreGcQDQKI59p2V0o4MpyPmyV679tOz00BqCpba1LfTYtj7dpGY762d/mCEHAM0+3m6rOXUViQfQgcQlkuEODwaC62r8b9cZgoL1994aVnLj9TFcXD5Swdb7k2Lk8PvA/a2hAiATbeNbkkWoe0359sJGlczQ+SxEQOs2K+N9rVa+tvPIix1lVLvKgnvnr5WjieDi5vtuLi4eHy6HHx1lvvV3E1WN/sjdeHO/FPfKn3wnPtj97oH5ws6hhff/eTcuHWhzsb05pQDo/D1m4vivuc+tI1x/Q06boWuuMkZ2o3MyBYa7t5Xy9NmDF6F4RjCGcE/b1P7v3Fr7w4GGZKWVQROQBAiFFCrKr63t2Pv/XzX93fPzo6mCUq+YkX863JMNWqKurT2XL/lOeOl1Udg/R7w34+CIEVgQD6wHWzRKTDOk4TFYnYM5IPpsLMfPDhnf16M3X90fIRzKvDunlv9nC6vU4vPbuVJao6bE7ubmYlKD0cZKITX+bvHLTPb0s/47zfR1IMvaBw1prqsHj1lec2Lud1Wa9Wd58qCufQI0/H2d2HBVHOpqZI1HFCZhbhGASE6joSCpFqnRdAPRyPkTmzyhjDjMwuhHj/9u3T2el0bT34ev/h/sHD+XiyvpYPlZd6Ud8/fHI0Pz1umvuHkvYH82KVZH1SZjicHJ/OXNsqpYaDQfRhPB0vluVstkQO1lpB3x8qrcPO1tQdJhObvHrpJ8dGp2H56OHNWvlVDDc2d8zsmNZGexvXN57/iao1JM13v/9PafuivjxdmzyGcFzHZntndzIZHxzPm3L0z/7FB03bkISL23mnmZ2ToDO196neDWcD8m56QnzeMQGCcIyBibRSmjl6H0JkQVJ/9i/98mtf/8bG9l7aH9skj8ooO37y+OGj+3eJrG99bPja3vPDbLhaLu4+enzn8f7hsjiuSq/TB7OmbT0SxiDEELyLHLc3t1mYEOuyKqqFVSr4JkIRIldlsXd1tPvs1LW9/r78pZ/4mcWD+cnx/F/7xV8wmuMwGU6m44FSgoNstHft5Ucn9Rt/9KOXvnBtk1bLVVOPNqvTQ1e7/SeHRdVOxlNxJgYeTOzGzjQCrk03Hj96/JlJuvkfCwF1HXqaGKXoM5UUkDqEilGg6+WBmX3gyNzJNPrFV54bTaapHSBRL00alhj4wYPbJ0/uXt27atBc2Fz3jh/uPz4ti5e+8a1ePwuuWq5Wt+7cf/fx6yeH+3k2IkCd2Lpt6qbp5VnTNr5p5idHgJQmqdWMOiirp6PtUT9dG/erIt+4tFceHTx3YSzJ9uP9h/NebxmrZ0dmaOh0nNio0a0u93HntRtJfXJtY3sr6z3EWe8LCZa+KfyHt4rlvAreuDZoUG15Am0oyhmqMym4gyBC4vMDAYgIRG3VEJmnemY3kiYiFgiRn0p9T4FM37z58T/5v/5xqlXe06jw5oPZ/btP/vVvvfbCC1/Z2thLlTqZH9y88+kHH75dR/1//O53MwtXdkfIoRUDISmXZagdohqMR9oYquuTo0MEdNXcqkLZ3DVlng6SZIC2vnFjL+uVQ52NN9cPx4Pa5OvSU4mtNH0y941CFxZtM1kwDnOVpskA++zx8dECB9uT9TpJar9ZJmVPq507DxYA6HybZhbDyc/9SYxN8vrrQZFm4PMJEnGUGAMACghHCGXTjYXhXCxWSsUYY4wM1I3nz0bR5xNT/entJ01V9dOYj9I6xGkanvnayy8990KSDpumOTg9evvDj+88vJvrOpGwPHgcMgMbGxw8y7Ct+hKhbktKTJxLlqRtWfroQMHawH/51csPD/zyeD4e6DLYPJOtzbyGqokmVThJtWR5mw6Gvfz28aOby9l4TI/aYpBOjkqOmUwxbk/HTPaZnbWIJ65foERYUDDTBwdzzHJKklhWVVW2df2H/3I1Hm8HaknFbibeGQg0GGtiYAFxzhPpGCNhRCSttZwd2YFOzeoOohB2J5OwG0xpHOQjk46zfuurk6P7X3/1G+PRRGParlb3H93/+O6j24+O68CtpgTgp3/qG20r89XB2vaVwOTLeZBWKewOmMS42tvoz07aQPLSF3ZefGHdZKrd3BScHpS6F04vbV24X1XlKUHqR4M4w+ph7f388Ek5h0RRkHxjb+/Scw8/uRd0nHueQkh6BtRC0yngkxEcflBOmmLBsqnSY9SitQxT6xvAub07O8UEEmMjAxISEjPE6EUQjQKOYLQPrBQp1cmy4nygjk+DIFJ3MkcrEqROV7XG6L/1N/+jzemuifKdf/a71dEhM9defL384KMP7
06-14 05:23:36.384 24864 24903 I System.out: 05:23:36 AM RCV  (1095115112): LUP3vj+6eFhlmRAZJIUlZAAEWhjvIsGCYVc7VuKEAV81BCNVAZZovKuVSDMwWg1zHsns+McskFvszfMdvXwaBmWLTiWwKFvzXSQbe4M66LIOJ30R7ujfj5MjUWN9ssvfeF0yYmG4Nu2DcyslCFCo8jEha6Ox317egInfWqK8uvfvN62u6PhFx8/fHLn4cevf/B7XC50Ori+c832aKzS42VcrRZVUzU++NYJmyANO1XHFbcUpQVCvXfl6p2T1d6zF2/ePK5np9HXPJoum0TBqmlPq8o3dbh248qP/+g71ape29xBhUqBMSyEwiJATdV67zGCUSaAAEaIIXAcW2PFM6vgKcbWWhOCI4HL62vX93aLtmXQqe4PNwdWNRtsly4G5/rWZmLpWE164/WtLOtlWZZYo4cKEoXP7Ox8VM9Mis5XgWPdeJskiSYXo9Lklo+K6TqXs0/efuve3dsn9a2ra/r//K3/28s2DvvGjCc5KMxdbIxkJ6vHd2/fKoqKtExGPTuxiQFFOYtoO1AESaJd2+g035xwr675z//KL/3vi+XsyK6aqK1hX5v+1np/Y2dr+0ff+2fHD2/tXH1elDYalAZjyDHXdWt06ppYrJbDtIdaEUpAAtYc4mQ6AAndu3IcmGMUZg5eG90zetLLIytq1GAwwGG5vrHB2PetT4xJlCad3qvbKsREaZVlQ5NskFiWYqofP1imvcHJPIC4pq54kLHoKGisOT3ZH4yf+8PvvVk8eGuSFz4dmBuvefNt5GQwGG5upX/5Vwbvvv7k3qP18vTkzt3bv/8v/0WS9Psp/sxPPrM+7fezhJ1jIGWh388QGFFr3/B6PpQcrE7+vX//1/7H/+k3y+NqqCmZpP3h9Ohk+cE7Pzh4eKdnE6W6c6CdrB3b2kfnDWgJrl7NUxCVSZrnvvVp0jMAG8MhASgkAmLhtnUh+BBcDzPTOg0KjPJE3iaIfdu3m5MNCSBRRKRWSkV/ZWPt8mCwrpMEUYFvm2rcj89d2/7k3mE+WF81oWyDZ46ukaistcyrVO6eOv70YPXlqVSlPTk6vD52Ri2SfpqNcZQ0Oxt0/169LI6i1KggRN+2cnRwkqVoSDVVIYjjZBp8sIpCCOq/+K//yxiCNcYoGA3S0cbehzcfVE3l29XpbPbg7ocnjz7yrkyH0+FoDCBaq8jeKPRNaKqmqVZVMWuqAjUNphMPwSrNLAOrLk7HKKi16V7yYuZVURR1mVjrm1anvZgk67vjyXoWORqyJkmyft5GrkJog7+Qj15cW9vqmzTPtEJSohRCCMXKPVnWw42ddDg9PDkVkBijVsZYvSwLlY6OKnd6+uijd5+ctnB5D75y/bKRYynvjka777/n3v+A94/S3auvLmfLjz/8BEAUwet/9PbjxzPnBcmYNDNaEYJSpIxS/8l//p8pUr7xiTURKelle5f33nn73dnx8uTJo3pxUJeVIAxGI5v2EdHaBJgTlOh9VbngY7WaAUMyGA3X1oHFmqSumo08W8szBtCKWCIi+shV284XC6MJe9n0hVdipqdTtb450hpdBI/oAi9YnCgj+sp0ME41oCJtJFHdCybi+f7MFZM17pG3yWhjuigD65y0MsZUZRMBKg6zJ8eOW5X2XFBXX/lKXS4urKVmtOXVdGP9ovdqsnFdQuXa46r2AHJ6clIXbjVfAUPeS9NENIlRXpNX//Hf/jupMU3VDPLU+ZBavTbqPXPtwne++8bpyWNuCle2Nkny0RqlKaASFojRAnMMbds2RRVaDwQbu7u9Xh69j6xiaHfWhhYZULrj96gIUKJ3y2WBKh1evXHlJ38qoSa3sZfb0SRnEJOmwRq2apqmV9YGk35CCoUAEUgTEqDASRlvBYrjvHGNzvu9jam3w2e/+nP9jT2yeVG6VVFv7uwezY9mp/sqyVbLWvft1csDOZl5NdBpHhkP53G6cfnZZzb+3X/nF2/evH26LGezRWwDCbZNu1zOo0jaSxILIq1u65hYUUQiopAIMEnUay9d/9Vf/aX/7r/9NLKYRCdZrk1mtAYUZsh6OUSHxEqRSVXwShTaxMYYUbBpmzyxedIT9izCjDFKQiQCYtJ09xqub9z42tcMelSQp1qis/nIoCKikTaKZEMlKQkpIxJJkZBCbQTRSbxZFCudK2wBg7KBNS/cymUZ9QbQn1y7cH15fFoV8/Hl+dH+MYBo5GJ5cvcJPbntC7l348bFi9vjyK6ufFMjAYxHab+fvvbVLy6OZ/tPjk4WKxf58GT1wQcPdnfX1taGelW0PsJglMbIrfPWJsygkH/pF3/yn/zjP/j+v7o/zDNlM1L67Dg5gU5tuWwCk+dYVsumrfvDCYs454gF2E0H64kyJMgSYxTArIYM+vlgbzrc2U2vrCVrbMu2JaVTbNpVdzjUsbdGJyAColSCOgEIaDUow5ErT+/ce3Q3cAODgW7YAGQ0L2alLwQCJWmbJjVbuDJeU/Tac9eHG9t33nqdT+6OgbZ6w1v1chX8b/0/313Le9ZOLlwjIFE2e/HFl+4dFFtr470LO9eedQcHh0eHCyBbN/TkIBal1651kRmVDIZJpoiQjUIlmKb6r/61f+tHP/i2SpUxiTJIipBM4CbEelWtytmyWc2jj1k2IKW71ysji9J6nPU1YFQaxPqkn27tDbcvkFlzGnGH1i+PYPWkaiKNN5/wQRY8QRjk2cHMNxKYxZhUD1PRCaoIKgOOT4ryzXsPZ2Wdjzd4McrZB2ha5qOjZdtwXbWZMsMMmroOOiuC9CbTn/7VX33t3/yl7/+D/2GcfajDfiUJRO+DOlpptK6J1Yc3j/7g2/9qsVzVDd++9X5dN6lRO5t2faJUb803/uDRo3LV0z9+8wcvvvTydD13PvTzNHZvIyNwlLYurDXd+JHOcjBK8McHp6enc2w9kNZZmvXzspgLCBIFiUmSVK7NxyMYDPtrO5PdZ2OvHxX5xkQoNrcg5UUmPTcwp1Tm6XZ1Ut2ZL3oDpdFy6yNHIA5tBAEQaqr209PZO0/mNUhuTPCTViWYjBwfFHXhOa7Kpm5cHau8nyWoArcmyyJhUbn+cPClf+MvLh788I47Glyd3X7nwyQfvfjiKzc/vRs5Llf+rY8PIDqIYbUo6iaE1uX90dpIh1htbu9onRwdnerg2tSmvpWkp6vGueh7SVKtyt/43/7Br//6b0oE7PWMMUTUtm2xqtumEpbUWOdZ6yTLB01ZdC9poyLbS1lptzOafPWVbLSdpGOGhGtiB4Gbwag1rhn0ksbaMrUoDaOoC88+YN8rZE0bzYSuTpKknSc6Tw/Lw9sHxwvEOoRUAmJ60vRUXj2pj7whJNV6JyRKoYfkqMLMGNauYUeA+WCwig1Mx+Xp2miydn0nW7/x0oc/+L5uVtvjoZC+8cy1l77wwvtvv/X4we0
06-14 05:23:36.388 24864 24903 I System.out: 05:23:36 AM RCV  (1095115112): DaE9OZzXrT++fFGv9Ye4X8/nmzjMvf/k1XbSwf7yi1CrbS5VF13739//p7/zO7/7h62/5qs6yHJFsmjGLRDDa6LTXFHXpnOnlaa/vmya0dZKlW4Okl9iCZe/VVy986Rnvs2ywbjgpGxYhZpekbd5z7F3rFPb7BnEgSnEo0DSU+6ZqHN4vgubeJ0uzmivI9rG3chFVdEYFq5TXo+BloBatXzUuelCDtcn9+w9irMH2wdhSWoAAKgWhwi2N4RY4JnkjgdLe5Lnn/uzzL374B79/8uO3CSL7hmM16Km1YQ99v8+hqqKHbHVazo9nKkkPTurR6Il+ePH57bTHjx7MXj96/ODmg5sfumrJrQffaKVRpzbrCQDHqJWpqiAtZHrc65laGhfaJrik30OuX1g3rz575TAfN5efqdAO7BgcOlExWB8ao5thHpQ4QV030ixmNskqbHuJ9DX4xunoixbKxkSfKrcFwrmptawSwCgoolW23vhEqaO6ntc+1oHRoJASjK6pkzRSqAHdeMxlbDhmtUfW6EGRtcIhWV/TaT+Aef6X/9y901PSmauq8vR+cXRanJ6ExnuQNAdVFXlfZkvdtjRfrk5Oaj1P0+1Lk8vS+81/9cM77/5Qi/fe3Xn0eFkUlI1RKWuTuq45RmCJMWT91JBpvecoPjBpEyW2lWvKZQtBb286awzkg6TXNjq0OgpErPp5S7gaDXolh6oNGLB2ZTLoN2i4qlKbcyi18lYLkSEg0EUUJxEwijFZmvarBkKotG7Lqm5aZEbFYo21qZovT3ZHmykp0cSNSXpJiaEBrovYS4ygYZPobKB0AqDUsHflG99UR9UAjyF9cvkL41W7e+vu48Vx3ZauEB2DGSdSk+pNposm6p+6ujZJ1UBlRbk6LYrlcn5wcnI8XzLZ9eEEFbF33btOUTgSt+Cb4ECAkRkisHdliRzn3izStSrNBXFtoBOpnFsLEIM402uiXkaNLgaQiISBnQAtnc/S1KJdLmpAlBAgtNs5iK+czkoAzAYGWXxbV40WsiBt2darkJossgeBJEmnG5Pj2f6la18gZSKppQpBB7Fcc9SKKMQ06YfWAWIvSZvFEofD7S9cl3duFSd0/fKV7fXEuXjjxubhwerguHjrvbv3H68KMC4w1uWXXviivj5MrMg//+ff/f73f3g0e7xaLtrWAZPp9XQ/d7Ur6yZNEqOMwYSJ29BKRE3a+zK0bXSNFrBJ//aieml9w0sQF7VkdW2qSgJHUSWapWMHQUMTWCIqYhYnITaFY++YQaWoNFEfsXEcR+PtsDKIjefSBa859pEIWAiFkP6/Gu5kR5KrCsDwme6NiMzKrKpOVxvaFhjLEiDB4yKxYcsGiedAYlhYbHGZxphWt6khIzLiDmdgUc17/P+HQiLknnJ44Jsf/fjvX9+DWqJwhJkuFVrVjpE5CzvvUmoLrMv5dHNqA8/1vIgeXh3+++/xh29zekutFkJYF/vw/vIwn9L+7tXRk7AQbK3LjvD7t//5zW9/9693961cXPWFatgfbliG3W4MDtPmGAFu6hiE6GVbtm0GAElDToNaS6e7MiYjQB2efzi6Dl1dY6bdTNxcgzhYIAwGkVJaAJK79xaBCD1MORzdVqen+UkrDcdK2NB9YEgMarY15SRBsJTS1K3U8SrngbL4fH7c3eaeEwBkzgBEJlERjQgZwPtl01KFMfpWt2WaeH97Ux8uiDhOqbeWxvj0zWc3p7vWeinruqxla2Wr8vCw/OH3f7y//0fXC39ESCINI6UBA5nQiDALhHm4MLvBcp7Ves6JWIhEzVvYF7/65UrO0qmT6pV7b9oNLwnOzAgaQyaIRoi1Nw9EJIQX+iiBdvcQQgqI6IiFB0jYMqIjToNoLy/JoLp/vBiNTMFdEf14yI+P7/iwrzYmYvGUurOnUB9pSFR67aWUp+eHNIBLibr6dG2ZwqL21lsNU1PXbrX2UmprrRat1Up1uf/m4eu//Zl0I/2Ie4lIIBAjhgKieQACM2FA3VbrPSUZ89jQVQ3dQ9vpdPzkzR3kQNTwvRkFVnelaSXCbWk3xwmRGMMNVD/SOREeHkiBRGatB2YkiD5IOCB7G9JYeq9qbiHBEuFBA6VWGwG5GxIA0PXN8d13333+1RdpMpDklfY+YVCHSpAZsK2Wr7SHLsuyybLNS4rxcHwFT4brhh4aEeQBFmFmvaz1fJ5LLaVV+ctf/wR1c++BwMgY4Bo8kLfWkCUnICTJgQDokjID9tY01BEQHMLD6s9+8WufEDDASCuhbQDs+Jj4Yt6Fo3bLgeOQm5oSAumL3EDx8gY7M3OAAGROgEqut5OsugJIwvCAgCAQgIFHq+tZLLkLwhDkKafL9g4r0Y4MHE0AoEIvZPsOYkNZ+u2XBz3my4f2dF6lRq2PV5HUfd162Vqrq7bWSttKK1tp3TwYQAhc/vntN+/fv3dTQkL0CMs5f/L6tDa3bgCIWSxCRITYtHXtHhEEOeVmDgBq+uXPv+oWow3zufDmiGq40ngB9N7btEtMoKZb9WaoH7+pQAAkRAwAYAAhwpdnIPwqY0J3d0JIbg1wc2BHjp6JiQcwF6QUrI7DmIB1fj4fbq4HDiChjhiYLXEjimQdZUo9+txLK42LadeNYH/Y57UzcUrsqjrqVGvb1VLXus/rupbCUssaYETQ1tXAGPD29vD69ent9+cI6Gr/H3XNTNV6IEpKBhHuCFBqeXV32t9ez82sYr0E1y6DhlSZ+mW7TBPvpiREW/Xq2BzcXyijF38BEQEjKEJNwQwFBSHcakcNoAgCrGoNaMd2mvpaNKArtcNwnYjUfdztPvv804eHD8ef/BTBmFm6sCJZLA26B7hs27KWx+oK6mCqDZ7cb69PNwZDyGW7PD/PJs20CZlZmeeny2WZ5+V/Io6VpsuvJpoAAAAASUVORK5CYII=</BINVAL></PHOTO></vCard></iq>
06-14 05:23:36.408 24864 24903 D dalvikvm: GC_FOR_ALLOC freed 247K, 5% free 10465K/11015K, paused 21ms
06-14 05:23:37.314 24864 24878 I com.xabber.android.data.roster.SyncManager$4@414ae0e8: Presence changed
06-14 05:23:37.314 24910 24911 D dalvikvm: GC_CONCURRENT freed 505K, 7% free 9863K/10503K, paused 2ms+2ms
06-14 05:23:37.357 24864 24878 I com.xabber.android.data.roster.SyncManager@41390e30: Insert presences 1
06-14 05:23:37.357 24864 24878 I com.xabber.android.data.roster.SyncManager$4@414aebe8: Presence changed
06-14 05:23:37.357 24864 24878 I com.xabber.android.data.roster.SyncManager@41390e30: Insert presences 0
06-14 05:23:37.357 24864 24878 I com.xabber.android.data.roster.SyncManager$3@414b1d58: Roster updated
06-14 05:23:39.646 23746 23759 I PhoneLab-: Service Running
06-14 05:23:39.661 27790 27790 D dalvikvm: GC_EXPLICIT freed 92K, 36% free 11631K/17991K, paused 32ms+3ms
06-14 05:23:39.708 23746 23759 I PhoneLab-LoggerService: app_38    27718 1     1112   664   c00f181c 400107b4 S logcat
06-14 05:23:39.712 23746 23759 I PhoneLab-LoggerService: Logcat pid from database 27718
06-14 05:23:39.712 23746 23759 I PhoneLab-LoggerService: Logcat process found 27718
06-14 05:23:39.712 23746 23759 I PhoneLab-LoggerService: Checking Threshold
06-14 05:23:39.751   142   917 I ActivityManager: Process android.process.acore (pid 24880) has died.
06-14 05:23:45.009   142   158 D dalvikvm: GC_EXPLICIT freed 1666K, 23% free 19070K/24647K, paused 34ms+10ms
06-14 05:23:49.950   213   213 D dalvikvm: GC_EXPLICIT freed 8K, 59% free 9684K/23239K, paused 29ms+3ms
06-14 05:23:55.029 22902 22902 D dalvikvm: GC_EXPLICIT freed 36K, 6% free 9906K/10503K, paused 50ms+2ms
06-14 05:23:59.595   142   422 I ActivityManager: Start proc com.google.android.apps.maps:LocationFriendService for service com.google.android.apps.maps/com.google.googlenav.friend.reporting.LocationReceiverService: pid=24941 uid=10057 gids={3003, 1015}
06-14 05:23:59.650 23099 23101 D dalvikvm: GC_CONCURRENT freed 467K, 6% free 10241K/10887K, paused 7ms+3ms
06-14 05:23:59.806 24941 24944 D dalvikvm: GC_CONCURRENT freed 161K, 3% free 9375K/9607K, paused 2ms+2ms
06-14 05:24:00.290 24941 24944 D dalvikvm: GC_CONCURRENT freed 176K, 3% free 9635K/9927K, paused 2ms+1ms
06-14 05:24:00.798 24941 24944 D dalvikvm: GC_CONCURRENT freed 212K, 4% free 9928K/10247K, paused 6ms+2ms
06-14 05:24:01.165   142   370 I ActivityManager: Process com.google.android.apps.maps:LocationFriendService (pid 24941) has died.
06-14 05:24:06.267   357   357 D dalvikvm: GC_EXPLICIT freed <1K, 6% free 9100K/9607K, paused 34ms+2ms
06-14 05:24:07.247 24864 24908 I System.out: 05:24:07 AM SENT (1095115112): <iq id="ping" type="get"><ping xmlns="urn:xmpp:ping"/></iq>
06-14 05:24:07.560 24864 24903 I System.out: 05:24:07 AM RCV  (1095115112): <iq to='lokeshmandvekar@jabber.org/android9e7FLMWG' type='result' id='ping'/>
06-14 05:24:11.290   959   959 D dalvikvm: GC_EXPLICIT freed 87K, 21% free 11677K/14663K, paused 18ms+3ms
06-14 05:24:16.294 27790 27790 D dalvikvm: GC_EXPLICIT freed 31K, 36% free 11631K/17991K, paused 4ms+3ms
06-14 05:24:21.357   142   158 D dalvikvm: GC_EXPLICIT freed 258K, 23% free 19058K/24647K, paused 43ms+7ms
06-14 05:24:26.290   213   213 D dalvikvm: GC_EXPLICIT freed 4K, 59% free 9684K/23239K, paused 32ms+5ms
06-14 05:24:30.708 23746 23746 I PhoneLab-Locks: wake lock acquired
06-14 05:24:30.747 23746 24964 I PhoneLab-PeriodicCheckService: User info is synched
06-14 05:24:30.751 23746 24964 I PhoneLab-PeriodicCheckService: Logger Service is running
06-14 05:24:30.755 23746 24964 I PhoneLab-Locks: wake lock acquired
06-14 05:24:30.759 23746 23746 I PhoneLab-UploadLogs: Transfering log files now
06-14 05:24:30.759 23746 23746 I PhoneLab-UploadLogs: No log files to transfer
06-14 05:24:30.759 23746 23746 I PhoneLab-Locks: wake lock released
06-14 05:24:30.759 23746 23746 I PhoneLab-UploadLogs: OnStartCommand
06-14 05:24:30.759 23746 24964 I PhoneLab-PeriodicCheckService: Rescheduling periodic checking...
06-14 05:24:30.759 23746 24964 I PhoneLab-Locks: wake lock released
06-14 05:24:35.775 22902 22902 D dalvikvm: GC_EXPLICIT freed 19K, 6% free 9906K/10503K, paused 3ms+3ms
06-14 05:24:36.837   142   159 I ActivityManager: Start proc com.facebook.orca for broadcast com.facebook.orca/.analytics.AnalyticsPeriodicReporter$ReporterBroadcastReceiver: pid=24966 uid=10061 gids={3003, 1015, 1006}
06-14 05:24:36.845 24966 24966 I dalvikvm: Turning on JNI app bug workarounds for target SDK version 10...
06-14 05:24:37.001 24966 24966 I ActivityThread: Pub com.facebook.orca.notify.MessengerLoggedInUserProvider: com.facebook.orca.notify.MessengerLoggedInUserProvider
06-14 05:24:37.025 24966 24966 I ActivityThread: Pub com.facebook.orca.notify.MessengerForegroundProvider: com.facebook.orca.notify.MessengerForegroundProvider
06-14 05:24:37.036 24966 24966 V orca:OrcaApplication: Forcing initialization of AsyncTask
06-14 05:24:37.177 24966 24968 D dalvikvm: GC_CONCURRENT freed 216K, 4% free 9309K/9607K, paused 3ms+6ms
06-14 05:24:37.204 24966 24966 I Finalizer: Couldn't access Thread.inheritableThreadLocals. Reference finalizer threads will inherit thread local values.
06-14 05:24:37.431 24966 24968 D dalvikvm: GC_CONCURRENT freed 357K, 5% free 9474K/9927K, paused 2ms+2ms
06-14 05:24:37.521 24966 24966 W OrcaGuiceModule: Sig: ijxLJi1yGs1JpL-X1SExmchvork
06-14 05:24:37.814 24966 24968 D dalvikvm: GC_CONCURRENT freed 327K, 5% free 9643K/10055K, paused 7ms+2ms
06-14 05:24:37.857 24966 24981 W Resources: Converting to string: TypedValue{t=0x10/d=0xffffffff a=-1}
06-14 05:24:38.025 24966 24968 D dalvikvm: GC_CONCURRENT freed 298K, 4% free 9877K/10247K, paused 2ms+3ms
06-14 05:24:38.130 24966 24966 D ACRA    : Retrieve application default SharedPreferences.
06-14 05:24:38.130 24966 24966 D ACRA    : Set OnSharedPreferenceChangeListener.
06-14 05:24:38.130 24966 24966 D ACRA    : ACRA is enabled for com.facebook.orca, intializing...
06-14 05:24:38.169 24966 24968 D dalvikvm: GC_CONCURRENT freed 308K, 4% free 10121K/10503K, paused 2ms+2ms
06-14 05:24:38.216 24966 24981 D dalvikvm: GC_FOR_ALLOC freed 254K, 6% free 10211K/10759K, paused 25ms
06-14 05:24:38.236 24966 24966 D ACRA    : Looking for error files in /data/data/com.facebook.orca/app_acra-reports
06-14 05:24:38.283 24966 24981 D dalvikvm: GC_FOR_ALLOC freed 205K, 5% free 10228K/10759K, paused 31ms
06-14 05:24:38.345 24864 24908 I System.out: 05:24:38 AM SENT (1095115112): <iq id="ping" type="get"><ping xmlns="urn:xmpp:ping"/></iq>
06-14 05:24:38.368   142 12773 I ActivityManager: Process com.facebook.orca (pid 24966) has died.
06-14 05:24:38.603 24864 24903 I System.out: 05:24:38 AM RCV  (1095115112): <iq to='lokeshmandvekar@jabber.org/android9e7FLMWG' type='result' id='ping'/>
06-14 05:24:43.536   342   342 D dalvikvm: GC_EXPLICIT freed 6K, 16% free 12088K/14343K, paused 8ms+4ms
06-14 05:24:48.525   428   428 D dalvikvm: GC_EXPLICIT freed <1K, 4% free 9037K/9347K, paused 23ms+2ms
06-14 05:24:53.556   324   324 D dalvikvm: GC_EXPLICIT freed <1K, 20% free 10618K/13191K, paused 26ms+4ms
06-14 05:24:59.560   142   922 I ActivityManager: Start proc com.google.android.apps.maps:LocationFriendService for service com.google.android.apps.maps/com.google.googlenav.friend.reporting.LocationReceiverService: pid=24985 uid=10057 gids={3003, 1015}
06-14 05:24:59.712 24985 24988 D dalvikvm: GC_CONCURRENT freed 165K, 3% free 9370K/9607K, paused 2ms+2ms
06-14 05:25:00.134 24985 24988 D dalvikvm: GC_CONCURRENT freed 131K, 3% free 9676K/9927K, paused 2ms+2ms
06-14 05:25:00.658 24985 24988 D dalvikvm: GC_CONCURRENT freed 299K, 4% free 9912K/10311K, paused 2ms+7ms
06-14 05:25:05.044 16941 16941 E GeckoApp: low memory
06-14 05:25:05.165 16941 16941 D dalvikvm: GC_EXPLICIT freed 3K, 22% free 10500K/13319K, paused 31ms+3ms
06-14 05:25:06.822   142   172 I ActivityManager: Start proc com.twitter.android for service com.twitter.android/.client.AppService: pid=25008 uid=10068 gids={3003, 1015}
06-14 05:25:06.825 25008 25008 I dalvikvm: Turning on JNI app bug workarounds for target SDK version 11...
06-14 05:25:06.841   142   154 I ActivityManager: Process com.google.android.apps.maps:LocationFriendService (pid 24985) has died.
06-14 05:25:06.954 25008 25008 I ActivityThread: Pub com.twitter.android.provider.GlobalDatabaseProvider: com.twitter.android.provider.GlobalDatabaseProvider
06-14 05:25:06.962 25008 25008 I ActivityThread: Pub com.twitter.android.provider.TwitterProvider: com.twitter.android.provider.TwitterProvider
06-14 05:25:07.068 25008 25010 D dalvikvm: GC_CONCURRENT freed 212K, 4% free 9265K/9607K, paused 2ms+2ms
06-14 05:25:07.099   142   166 W ActivityManager: Scheduling restart of crashed service com.twitter.android/.platform.TwitterDataSyncService in 5000ms
06-14 05:25:07.142   142   166 W ActivityManager: Exception when starting service com.twitter.android/.platform.TwitterDataSyncService
06-14 05:25:07.142   142   166 W ActivityManager: android.os.DeadObjectException
06-14 05:25:07.142   142   166 W ActivityManager: 	at android.os.BinderProxy.transact(Native Method)
06-14 05:25:07.142   142   166 W ActivityManager: 	at android.app.ApplicationThreadProxy.scheduleCreateService(ApplicationThreadNative.java:757)
06-14 05:25:07.142   142   166 W ActivityManager: 	at com.android.server.am.ActivityManagerService.realStartServiceLocked(ActivityManagerService.java:10737)
06-14 05:25:07.142   142   166 W ActivityManager: 	at com.android.server.am.ActivityManagerService.bringUpServiceLocked(ActivityManagerService.java:10918)
06-14 05:25:07.142   142   166 W ActivityManager: 	at com.android.server.am.ActivityManagerService.bindService(ActivityManagerService.java:11440)
06-14 05:25:07.142   142   166 W ActivityManager: 	at android.app.ContextImpl.bindService(ContextImpl.java:1130)
06-14 05:25:07.142   142   166 W ActivityManager: 	at android.content.SyncManager$ActiveSyncContext.bindToSyncAdapter(SyncManager.java:980)
06-14 05:25:07.142   142   166 W ActivityManager: 	at android.content.SyncManager$SyncHandler.dispatchSyncOperation(SyncManager.java:2041)
06-14 05:25:07.142   142   166 W ActivityManager: 	at android.content.SyncManager$SyncHandler.maybeStartNextSyncLocked(SyncManager.java:2008)
06-14 05:25:07.142   142   166 W ActivityManager: 	at android.content.SyncManager$SyncHandler.handleMessage(SyncManager.java:1717)
06-14 05:25:07.142   142   166 W ActivityManager: 	at android.os.Handler.dispatchMessage(Handler.java:99)
06-14 05:25:07.142   142   166 W ActivityManager: 	at android.os.Looper.loop(Looper.java:137)
06-14 05:25:07.142   142   166 W ActivityManager: 	at android.os.HandlerThread.run(HandlerThread.java:60)
06-14 05:25:07.189   142   166 I ActivityManager: Start proc com.twitter.android for service com.twitter.android/.platform.TwitterDataSyncService: pid=25022 uid=10068 gids={3003, 1015}
06-14 05:25:07.193   142   294 I ActivityManager: Process com.twitter.android (pid 25008) has died and restarted (pid 25022).
06-14 05:25:07.204 25022 25022 I dalvikvm: Turning on JNI app bug workarounds for target SDK version 11...
06-14 05:25:07.251 25022 25022 I ActivityThread: Pub com.twitter.android.provider.GlobalDatabaseProvider: com.twitter.android.provider.GlobalDatabaseProvider
06-14 05:25:07.255 25022 25022 I ActivityThread: Pub com.twitter.android.provider.TwitterProvider: com.twitter.android.provider.TwitterProvider
06-14 05:25:07.466 25022 25035 D dalvikvm: GC_FOR_ALLOC freed 142K, 3% free 9263K/9479K, paused 57ms
06-14 05:25:07.634 25022 25024 D dalvikvm: GC_CONCURRENT freed 176K, 4% free 9490K/9799K, paused 2ms+5ms
06-14 05:25:07.783 25022 25024 D dalvikvm: GC_CONCURRENT freed 310K, 5% free 9625K/10055K, paused 2ms+2ms
06-14 05:25:07.904 25022 25024 D dalvikvm: GC_CONCURRENT freed 299K, 5% free 9754K/10183K, paused 1ms+2ms
06-14 05:25:08.033 25022 25024 D dalvikvm: GC_CONCURRENT freed 308K, 5% free 9883K/10311K, paused 1ms+1ms
06-14 05:25:08.165 25022 25024 D dalvikvm: GC_CONCURRENT freed 308K, 5% free 10019K/10439K, paused 2ms+2ms
06-14 05:25:08.286 25022 25024 D dalvikvm: GC_CONCURRENT freed 302K, 4% free 10151K/10567K, paused 1ms+2ms
06-14 05:25:08.419 25022 25024 D dalvikvm: GC_CONCURRENT freed 291K, 4% free 10272K/10695K, paused 1ms+2ms
06-14 05:25:08.603 25022 25024 D dalvikvm: GC_CONCURRENT freed 479K, 6% free 10214K/10823K, paused 2ms+1ms
06-14 05:25:08.728 25022 25024 D dalvikvm: GC_CONCURRENT freed 317K, 5% free 10287K/10823K, paused 2ms+4ms
06-14 05:25:08.868 25022 25024 D dalvikvm: GC_CONCURRENT freed 319K, 5% free 10376K/10823K, paused 3ms+2ms
06-14 05:25:09.009 25022 25024 D dalvikvm: GC_CONCURRENT freed 381K, 5% free 10465K/10951K, paused 2ms+2ms
06-14 05:25:09.126 25022 25024 D dalvikvm: GC_CONCURRENT freed 351K, 5% free 10549K/11015K, paused 2ms+2ms
06-14 05:25:09.251 25022 25024 D dalvikvm: GC_CONCURRENT freed 323K, 5% free 10629K/11079K, paused 2ms+2ms
06-14 05:25:09.376 25022 25024 D dalvikvm: GC_CONCURRENT freed 373K, 5% free 10716K/11207K, paused 1ms+2ms
06-14 05:25:09.513 25022 25024 D dalvikvm: GC_CONCURRENT freed 408K, 5% free 10815K/11335K, paused 2ms+2ms
06-14 05:25:09.533 24864 24908 I System.out: 05:25:09 AM SENT (1095115112): <iq id="ping" type="get"><ping xmlns="urn:xmpp:ping"/></iq>
06-14 05:25:09.740   142   366 I ActivityManager: Process com.xabber.android (pid 24864) has died.
06-14 05:25:09.740   142   366 W ActivityManager: Scheduling restart of crashed service com.xabber.android/.service.XMPPService in 12357ms
06-14 05:25:10.829 25022 25024 D dalvikvm: GC_CONCURRENT freed 340K, 5% free 11001K/11463K, paused 2ms+2ms
06-14 05:25:12.720   142   370 D dalvikvm: GC_EXPLICIT freed 809K, 23% free 19080K/24647K, paused 4ms+8ms
06-14 05:25:12.837 25022 25024 D dalvikvm: GC_CONCURRENT freed 414K, 5% free 11221K/11719K, paused 6ms+2ms
06-14 05:25:17.611   357   357 D dalvikvm: GC_EXPLICIT freed <1K, 6% free 9100K/9607K, paused 48ms+2ms
06-14 05:25:22.161 25044 25044 D dalvikvm: Late-enabling CheckJNI
06-14 05:25:22.165   142   159 I ActivityManager: Start proc com.xabber.android for service com.xabber.android/.service.XMPPService: pid=25044 uid=10081 gids={3003, 1015}
06-14 05:25:22.200 25044 25044 I dalvikvm: Turning on JNI app bug workarounds for target SDK version 9...
06-14 05:25:22.232   142   421 I ActivityManager: Process com.twitter.android (pid 25022) has died.
06-14 05:25:22.443 25044 25046 D dalvikvm: GC_CONCURRENT freed 225K, 4% free 9310K/9607K, paused 2ms+3ms
06-14 05:25:22.466 25044 25044 D dalvikvm: GC_FOR_ALLOC freed 298K, 6% free 9425K/9927K, paused 12ms
06-14 05:25:22.583 25044 25046 D dalvikvm: GC_CONCURRENT freed 192K, 3% free 9772K/10055K, paused 2ms+3ms
06-14 05:25:22.708 25044 25046 D dalvikvm: GC_CONCURRENT freed 400K, 5% free 9903K/10375K, paused 2ms+2ms
06-14 05:25:22.786 25044 25044 I com.xabber.android.service.XMPPService@41348ba0: onCreate
06-14 05:25:22.786 25044 25044 I com.xabber.android.data.Application@4133fdc8: onStart
06-14 05:25:22.798 25044 25058 I com.xabber.android.data.LogManager@4134f228: onLoad
06-14 05:25:22.798 25044 25058 I com.xabber.android.data.DatabaseManager@4134fd18: onLoad
06-14 05:25:22.814 25044 25058 I com.xabber.android.data.extension.AvatarStorage@413500f8: onLoad
06-14 05:25:22.814 25044 25058 I com.xabber.android.data.connection.AccountManager@41441860: onLoad
06-14 05:25:22.829 25044 25058 I com.xabber.android.data.message.MUCManager@4136ccc0: onLoad
06-14 05:25:22.833 25044 25058 I com.xabber.android.data.message.MessageManager@41421cc8: onLoad
06-14 05:25:22.841 25044 25058 I com.xabber.android.data.message.ChatManager@41350530: onLoad
06-14 05:25:22.845 25044 25058 I com.xabber.android.data.extension.VCardManager@413111b0: onLoad
06-14 05:25:22.849 25044 25058 I com.xabber.android.data.extension.AvatarManager@41421498: onLoad
06-14 05:25:22.892 25044 25046 D dalvikvm: GC_CONCURRENT freed 189K, 4% free 10149K/10503K, paused 2ms+3ms
06-14 05:25:22.900 25044 25058 I com.xabber.android.data.roster.GroupManager@4138a5d8: onLoad
06-14 05:25:22.911 25044 25058 I com.xabber.android.data.extension.CapabilitiesManager@41436148: onLoad
06-14 05:25:22.915 25044 25058 I com.xabber.android.data.roster.SyncManager@41391408: onLoad
06-14 05:25:22.923   142   370 I ActivityManager: Start proc android.process.acore for content provider com.android.providers.contacts/.ContactsProvider2: pid=25060 uid=10000 gids={3003, 1015}
06-14 05:25:22.966 25060 25060 I ActivityThread: Pub call_log: com.android.providers.contacts.CallLogProvider
06-14 05:25:23.021 25060 25060 I ActivityThread: Pub com.android.voicemail: com.android.providers.contacts.VoicemailContentProvider
06-14 05:25:23.025 25060 25060 I ActivityThread: Pub user_dictionary: com.android.providers.userdictionary.UserDictionaryProvider
06-14 05:25:23.048 25060 25060 I ActivityThread: Pub com.android.social: com.android.providers.contacts.SocialProvider
06-14 05:25:23.052 25060 25060 I ActivityThread: Pub applications: com.android.providers.applications.ApplicationsProvider
06-14 05:25:23.208 25060 25060 I ActivityThread: Pub contacts;com.android.contacts: com.android.providers.contacts.ContactsProvider2
06-14 05:25:23.236 25060 25062 D dalvikvm: GC_CONCURRENT freed 353K, 5% free 9183K/9607K, paused 4ms+2ms
06-14 05:25:23.767 25044 25058 I com.xabber.android.data.roster.SyncManager@41391408: Groups: 0
06-14 05:25:23.779 25044 25058 I com.xabber.android.data.roster.SyncManager@41391408: Raw contacts: 2
06-14 05:25:24.575 25060 25062 D dalvikvm: GC_CONCURRENT freed 231K, 4% free 9376K/9735K, paused 2ms+5ms
06-14 05:25:25.642 25044 25058 I com.xabber.android.data.roster.SyncManager@41391408: Jids: 2
06-14 05:25:25.642 25044 25058 I com.xabber.android.data.roster.SyncManager@41391408: Emails: 2
06-14 05:25:25.642 25044 25058 I com.xabber.android.data.roster.SyncManager@41391408: Names: 1
06-14 05:25:25.642 25044 25058 I com.xabber.android.data.roster.SyncManager@41391408: Membership: 0
06-14 05:25:25.642 25044 25058 I com.xabber.android.data.roster.SyncManager@41391408: Structureds: 1
06-14 05:25:25.646 25044 25058 I com.xabber.android.data.roster.SyncManager@41391408: Contacts: 2
06-14 05:25:26.095 25044 25058 I com.xabber.android.data.roster.SyncManager@41391408: Loaded
06-14 05:25:26.107 25044 25044 I com.xabber.android.data.SettingsManager@413413f8: onInitialized
06-14 05:25:26.529 25044 25044 I com.xabber.android.data.connection.ConnectionManager@41350bf0: onInitialized
06-14 05:25:26.615 25044 25044 I com.xabber.android.data.connection.ReconnectionManager@41441050: onInitialized
06-14 05:25:26.615 25044 25044 I com.xabber.android.data.NotificationManager@413f37d0: onInitialized
06-14 05:25:26.646 25044 25044 I com.xabber.android.data.connection.NetworkManager@41439858: onInitialized
06-14 05:25:26.654 25044 25044 I com.xabber.android.data.connection.NetworkManager@41439858: Network: NetworkInfo: type: WIFI[], state: CONNECTED/CONNECTED, reason: (unspecified), extra: (none), roaming: false, failover: false, isAvailable: true, active: NetworkInfo: type: WIFI[], state: CONNECTED/CONNECTED, reason: (unspecified), extra: (none), roaming: false, failover: false, isAvailable: true
