06-15 15:14:46.624 29118 29118 I ActivityThread: Pub call_log: com.android.providers.contacts.CallLogProvider
06-15 15:14:46.663 29118 29118 I ActivityThread: Pub com.android.voicemail: com.android.providers.contacts.VoicemailContentProvider
06-15 15:14:46.667 29118 29118 I ActivityThread: Pub user_dictionary: com.android.providers.userdictionary.UserDictionaryProvider
06-15 15:14:46.753 29118 29118 I ActivityThread: Pub com.android.social: com.android.providers.contacts.SocialProvider
06-15 15:14:46.753 29118 29118 I ActivityThread: Pub applications: com.android.providers.applications.ApplicationsProvider
06-15 15:14:46.859   142   422 I ActivityManager: Process com.google.android.gm (pid 28967) has died.
06-15 15:14:46.976 29118 29118 I ActivityThread: Pub contacts;com.android.contacts: com.android.providers.contacts.ContactsProvider2
06-15 15:14:46.984 29098 29101 D dalvikvm: GC_CONCURRENT freed 446K, 6% free 9728K/10247K, paused 5ms+6ms
06-15 15:14:46.991 29118 29120 D dalvikvm: GC_CONCURRENT freed 349K, 5% free 9193K/9607K, paused 2ms+4ms
06-15 15:14:47.249 29098 29101 D dalvikvm: GC_CONCURRENT freed 171K, 3% free 9975K/10247K, paused 2ms+7ms
06-15 15:14:47.405   142   922 I ActivityManager: Process com.google.android.gsf.login (pid 28859) has died.
06-15 15:14:47.612 28804 29138 E com.xabber.android.data.connection.AccountItem@4141ab98: java.lang.RuntimeException: XMPPError connecting to jabber.org:5222.: remote-server-error(502) XMPPError connecting to jabber.org:5222.
06-15 15:14:47.612 28804 29138 E com.xabber.android.data.connection.AccountItem@4141ab98:   -- caused by: java.net.ConnectException: failed to connect to jabber.org/208.68.163.220 (port 5222): connect failed: ENETUNREACH (Network is unreachable)
06-15 15:14:47.612 28804 29138 E com.xabber.android.data.connection.AccountItem@4141ab98: 	at com.xabber.android.data.connection.ConnectionThread.connect(ConnectionThread.java:165)
06-15 15:14:47.612 28804 29138 E com.xabber.android.data.connection.AccountItem@4141ab98: 	at com.xabber.android.data.connection.ConnectionThread.access$1(ConnectionThread.java:160)
06-15 15:14:47.612 28804 29138 E com.xabber.android.data.connection.AccountItem@4141ab98: 	at com.xabber.android.data.connection.ConnectionThread$2.run(ConnectionThread.java:98)
06-15 15:14:47.612 28804 29138 E com.xabber.android.data.connection.AccountItem@4141ab98: 	at com.xabber.android.data.connection.ConnectionThread$13.run(ConnectionThread.java:362)
06-15 15:14:47.612 28804 29138 E com.xabber.android.data.connection.AccountItem@4141ab98: 	at java.util.concurrent.Executors$RunnableAdapter.call(Executors.java:442)
06-15 15:14:47.612 28804 29138 E com.xabber.android.data.connection.AccountItem@4141ab98: 	at java.util.concurrent.FutureTask$Sync.innerRun(FutureTask.java:305)
06-15 15:14:47.612 28804 29138 E com.xabber.android.data.connection.AccountItem@4141ab98: 	at java.util.concurrent.FutureTask.run(FutureTask.java:137)
06-15 15:14:47.612 28804 29138 E com.xabber.android.data.connection.AccountItem@4141ab98: 	at java.util.concurrent.ThreadPoolExecutor.runWorker(ThreadPoolExecutor.java:1076)
06-15 15:14:47.612 28804 29138 E com.xabber.android.data.connection.AccountItem@4141ab98: 	at java.util.concurrent.ThreadPoolExecutor$Worker.run(ThreadPoolExecutor.java:569)
06-15 15:14:47.612 28804 29138 E com.xabber.android.data.connection.AccountItem@4141ab98: 	at java.lang.Thread.run(Thread.java:856)
06-15 15:14:47.612 28804 29138 E com.xabber.android.data.connection.AccountItem@4141ab98: Caused by: XMPPError connecting to jabber.org:5222.: remote-server-error(502) XMPPError connecting to jabber.org:5222.
06-15 15:14:47.612 28804 29138 E com.xabber.android.data.connection.AccountItem@4141ab98:   -- caused by: java.net.ConnectException: failed to connect to jabber.org/208.68.163.220 (port 5222): connect failed: ENETUNREACH (Network is unreachable)
06-15 15:14:47.612 28804 29138 E com.xabber.android.data.connection.AccountItem@4141ab98: 	at org.jivesoftware.smack.XMPPConnection.connectUsingConfiguration(XMPPConnection.java:562)
06-15 15:14:47.612 28804 29138 E com.xabber.android.data.connection.AccountItem@4141ab98: 	at org.jivesoftware.smack.XMPPConnection.connect(XMPPConnection.java:997)
06-15 15:14:47.612 28804 29138 E com.xabber.android.data.connection.AccountItem@4141ab98: 	at com.xabber.android.data.connection.ConnectionThread.connect(ConnectionThread.java:162)
06-15 15:14:47.612 28804 29138 E com.xabber.android.data.connection.AccountItem@4141ab98: 	... 9 more
06-15 15:14:47.737 28804 28804 I com.xabber.android.data.connection.AccountItem@4141ab98: onClose 1095322624 - 4, true
06-15 15:14:47.737 28804 28804 I com.xabber.android.data.roster.RosterManager@4143da20: onDisconnect
06-15 15:14:48.566 29118 29120 D dalvikvm: GC_CONCURRENT freed 208K, 4% free 9408K/9735K, paused 6ms+80ms
06-15 15:14:48.663 24785 24785 I wpa_supplicant: wlan0: CTRL-EVENT-EAP-STARTED EAP authentication started
06-15 15:14:48.667 24785 24785 I wpa_supplicant: wlan0: CTRL-EVENT-DISCONNECTED bssid=d0:c2:82:2d:ea:c0 reason=0
06-15 15:14:49.882   142   199 D NetUtils: android_net_utils_resetConnections in env=0x658290 clazz=0x11200001 iface=rmnet0 mask=0x3
06-15 15:14:49.882   142   199 D ConnectivityService: ConnectivityChange for mobile: DISCONNECTED/DISCONNECTED
06-15 15:14:49.882   142   199 D ConnectivityService: Attempting to switch to WIFI
06-15 15:14:49.882   142   199 D ConnectivityService: Attempting to switch to WIMAX
06-15 15:14:49.882   142   199 D ConnectivityService: Attempting to switch to BLUETOOTH_TETHER
06-15 15:14:49.882   142   199 D ConnectivityService: resetConnections(rmnet0, 3)
06-15 15:14:49.925 24785 24785 I wpa_supplicant: wlan0: Trying to associate with d0:c2:82:67:2e:70 (SSID='UB_Secure' freq=2412 MHz)
06-15 15:14:50.070 24785 24785 I wpa_supplicant: wlan0: Associated with d0:c2:82:67:2e:70
06-15 15:14:50.070 24785 24785 I wpa_supplicant: wlan0: CTRL-EVENT-EAP-STARTED EAP authentication started
06-15 15:14:50.077 24785 24785 I wpa_supplicant: wlan0: CTRL-EVENT-EAP-PROPOSED-METHOD vendor=0 method=4 -> NAK
06-15 15:14:50.081 24785 24785 I wpa_supplicant: wlan0: CTRL-EVENT-EAP-PROPOSED-METHOD vendor=0 method=25
06-15 15:14:50.081 24785 24785 I wpa_supplicant: wlan0: CTRL-EVENT-EAP-METHOD EAP vendor 0 method 25 (PEAP) selected
06-15 15:14:50.089 24785 24785 I wpa_supplicant: EAP-TLV: TLV Result - Success - EAP-TLV/Phase2 Completed
06-15 15:14:51.226 29118 29120 D dalvikvm: GC_CONCURRENT freed 251K, 4% free 9544K/9927K, paused 15ms+3ms
06-15 15:14:52.933   142   203 D Tethering: MasterInitialState.processMessage what=3
06-15 15:14:53.019 28804 28804 I com.xabber.android.data.connection.NetworkManager@41438918: Network: NetworkInfo: type: mobile[CDMA - 1xRTT], state: DISCONNECTED/DISCONNECTED, reason: (unspecified), extra: , roaming: true, failover: false, isAvailable: false, active: null
06-15 15:14:53.019 28804 28804 I com.xabber.android.data.connection.NetworkManager@41438918: State does not changed.
06-15 15:14:53.034 29002 29002 I MediaUploader: No need to wake up
06-15 15:14:53.073 28189 28267 D PicasaSyncManager: active network: null
06-15 15:14:53.073 28189 28267 D PicasaSyncManager: background data: true
06-15 15:14:57.847   342   342 D SAN_SERVICE: *******************************************
06-15 15:14:57.847   342   342 D SAN_SERVICE: DM App Phone Service State - 0
06-15 15:14:57.847   342   342 D SAN_SERVICE: *******************************************
06-15 15:14:57.902   342   345 D dalvikvm: GC_CONCURRENT freed 1025K, 18% free 12552K/15175K, paused 14ms+4ms
06-15 15:15:02.195   142   199 D ConnectivityService: ConnectivityChange for mobile: CONNECTED/CONNECTED
06-15 15:15:02.257   142   194 W NetworkStats: dropping UID delta from unknown iface: iface=rmnet0 uid=0 set=DEFAULT tag=0x0 rxBytes=52 rxPackets=1 txBytes=40 txPackets=1 operations=0
06-15 15:15:02.296   142   195 D NetworkPolicy: applying policy NetworkPolicy[NetworkTemplate: matchRule=MOBILE_ALL, subscriberId=valid]: cycleDay=8, warningBytes=2147483648, limitBytes=-1, lastSnooze=-1 to ifaces [rmnet0]
06-15 15:15:05.273   142   203 D Tethering: MasterInitialState.processMessage what=3
06-15 15:15:05.452   142   145 D dalvikvm: GC_CONCURRENT freed 1899K, 26% free 19411K/26055K, paused 12ms+10ms
06-15 15:15:05.507 29002 29002 I MediaUploader: No need to wake up
06-15 15:15:05.523 28804 28804 I com.xabber.android.data.connection.NetworkManager@41438918: Network: NetworkInfo: type: mobile[CDMA - 1xRTT], state: CONNECTED/CONNECTED, reason: (unspecified), extra: , roaming: true, failover: false, isAvailable: true, active: NetworkInfo: type: mobile[CDMA - 1xRTT], state: CONNECTED/CONNECTED, reason: (unspecified), extra: , roaming: true, failover: false, isAvailable: true
06-15 15:15:05.546 28189 28267 D PicasaSyncManager: active network: NetworkInfo: type: mobile[CDMA - 1xRTT], state: CONNECTED/CONNECTED, reason: (unspecified), extra: , roaming: true, failover: false, isAvailable: true
06-15 15:15:05.554 28189 28267 D PicasaSyncManager: background data: true
06-15 15:15:05.679 28804 28804 I com.xabber.android.data.connection.NetworkManager@41438918: Available
06-15 15:15:05.929 17554 17557 D dalvikvm: GC_CONCURRENT freed 395K, 8% free 10657K/11463K, paused 213ms+9ms
06-15 15:15:06.093 28804 28806 D dalvikvm: GC_CONCURRENT freed 533K, 6% free 10355K/11015K, paused 6ms+45ms
06-15 15:15:06.167 27800 27803 D dalvikvm: GC_CONCURRENT freed 336K, 5% free 9268K/9735K, paused 2ms+14ms
06-15 15:15:06.214 29098 29101 D dalvikvm: GC_CONCURRENT freed 561K, 7% free 9812K/10503K, paused 3ms+25ms
06-15 15:15:07.554 28804 29159 I System.out: 03:15:07 PM SENT (1095576128): <stream:stream to="jabber.org" xmlns="jabber:client" xmlns:stream="http://etherx.jabber.org/streams" version="1.0">
06-15 15:15:08.609 28804 29160 I System.out: 03:15:08 PM RCV  (1095576128): <?xml version='1.0'?><stream:stream xmlns='jabber:client' xmlns:stream='http://etherx.jabber.org/streams' from='jabber.org' id='260078e11884db07' version='1.0'><stream:features><starttls xmlns='urn:ietf:params:xml:ns:xmpp-tls'/><mechanisms xmlns='urn:ietf:params:xml:ns:xmpp-sasl'><mechanism>CRAM-MD5</mechanism><mechanism>LOGIN</mechanism><mechanism>PLAIN</mechanism><mechanism>DIGEST-MD5</mechanism><mechanism>SCRAM-SHA-1</mechanism></mechanisms><compression xmlns='http://jabber.org/features/compress'><method>zlib</method></compression><ver xmlns='urn:xmpp:features:rosterver'><optional/></ver></stream:features>
06-15 15:15:08.620 28804 29160 I System.out: 03:15:08 PM SENT (1095576128): <starttls xmlns="urn:ietf:params:xml:ns:xmpp-tls"/>
06-15 15:15:09.288 28804 29160 I System.out: 03:15:09 PM RCV  (1095576128): <proceed xmlns='urn:ietf:params:xml:ns:xmpp-tls'/>
06-15 15:15:10.862 28804 29160 I System.out: 03:15:10 PM SENT (1095576128): <stream:stream to="jabber.org" xmlns="jabber:client" xmlns:stream="http://etherx.jabber.org/streams" version="1.0">
06-15 15:15:12.659 28804 29160 I System.out: 03:15:12 PM RCV  (1095576128): <?xml version='1.0'?><stream:stream xmlns='jabber:client' xmlns:stream='http://etherx.jabber.org/streams' from='jabber.org' id='897848dc5008ff06' version='1.0'><stream:features><mechanisms xmlns='urn:ietf:params:xml:ns:xmpp-sasl'><mechanism>CRAM-MD5</mechanism><mechanism>LOGIN</mechanism><mechanism>PLAIN</mechanism><mechanism>DIGEST-MD5</mechanism><mechanism>SCRAM-SHA-1</mechanism></mechanisms><compression xmlns='http://jabber.org/features/compress'><method>zlib</method></compression><ver xmlns='urn:xmpp:features:rosterver'><optional/></ver></stream:features>
06-15 15:15:12.749 28804 29159 I System.out: 03:15:12 PM SENT (1095576128): <auth mechanism="DIGEST-MD5" xmlns="urn:ietf:params:xml:ns:xmpp-sasl"></auth>
06-15 15:15:12.991 17554 17554 I GTalkService/c: [AndroidEndpoint@1094214240] connect: acct=1000000, state=CONNECTING
06-15 15:15:13.011 29036 29050 W dalvikvm: dvmFindClassByName rejecting 'com/spotify/mobile/android/core/internal/HttpConnection'
06-15 15:15:13.081 17554 17554 I GTalkService/c: [GTalkConnection@1093787360] connect: acct=1, state=CONNECTING
06-15 15:15:13.558 28804 29160 I System.out: 03:15:13 PM RCV  (1095576128): <challenge xmlns='urn:ietf:params:xml:ns:xmpp-sasl'>bm9uY2U9IlU4NmorYUdRblJBWGt5bmo1c0N0K3N1NDNxR3ZZYk9JK1FKdEdGa1JMYlE9IixyZWFsbT0iamFiYmVyLm9yZyIscW9wPSJhdXRoIixtYXhidWY9MTYzODQsY2hhcnNldD11dGYtOCxhbGdvcml0aG09bWQ1LXNlc3M=</challenge>
06-15 15:15:13.706 28804 28806 D dalvikvm: GC_CONCURRENT freed 335K, 6% free 10407K/11015K, paused 30ms+6ms
06-15 15:15:13.706 28804 29159 I System.out: 03:15:13 PM SENT (1095576128): <response xmlns="urn:ietf:params:xml:ns:xmpp-sasl">dXNlcm5hbWU9Imxva2VzaG1hbmR2ZWthciIscmVhbG09ImphYmJlci5vcmciLGNub25jZT0iMTYyNmYyYjkzMWViMzgzMjEwYTgxZjZkMDc4MjhkN2RmMTkyM2ZmZDUzMzU5NjhkNDgxODA1YTcyMWUwOWE2NiIsbmM9MDAwMDAwMDEscW9wPWF1dGgsZGlnZXN0LXVyaT0ieG1wcC9qYWJiZXIub3JnIixyZXNwb25zZT1kMTYzMTJhMjZhYzU2ZGMzYzI3ZTVkMmViZGFkNWU3OSxjaGFyc2V0PXV0Zi04LG5vbmNlPSJVODZqK2FHUW5SQVhreW5qNXNDdCtzdTQzcUd2WWJPSStRSnRHRmtSTGJRPSI=</response>
06-15 15:15:14.577 28804 29160 I System.out: 03:15:14 PM RCV  (1095576128): <success xmlns='urn:ietf:params:xml:ns:xmpp-sasl'>cnNwYXV0aD1lNjRmNDA1MjNiYjBjMTI4MjJmZDQzOTFkMThkNDFiNw==</success>
06-15 15:15:14.589 28804 29160 I System.out: 03:15:14 PM SENT (1095576128): <stream:stream to="jabber.org" xmlns="jabber:client" xmlns:stream="http://etherx.jabber.org/streams" version="1.0">
06-15 15:15:15.714 28804 29160 I System.out: 03:15:15 PM RCV  (1095576128): <?xml version='1.0'?><stream:stream xmlns='jabber:client' xmlns:stream='http://etherx.jabber.org/streams' from='jabber.org' id='9e627be33737bc60' version='1.0'><stream:features><bind xmlns='urn:ietf:params:xml:ns:xmpp-bind'><required/></bind><session xmlns='urn:ietf:params:xml:ns:xmpp-session'/><compression xmlns='http://jabber.org/features/compress'><method>zlib</method></compression><ver xmlns='urn:xmpp:features:rosterver'><optional/></ver></stream:features>
06-15 15:15:15.741 28804 29159 I System.out: 03:15:15 PM SENT (1095576128): <iq id="BRz3h-1" type="set"><bind xmlns="urn:ietf:params:xml:ns:xmpp-bind"><resource>android9e7FLMWG</resource></bind></iq>
06-15 15:15:16.124 29036 29038 D dalvikvm: GC_CONCURRENT freed 264K, 4% free 9224K/9607K, paused 2ms+2ms
06-15 15:15:17.140 29036 29038 D dalvikvm: GC_CONCURRENT freed 456K, 6% free 9336K/9863K, paused 2ms+3ms
06-15 15:15:20.214   142   199 D ConnectivityService: handleInetConditionHoldEnd: net=0, condition=100, published condition=0
06-15 15:15:20.737 28804 29155 E com.xabber.android.data.connection.AccountItem@4141ab98: No response from the server.: 
06-15 15:15:20.737 28804 29155 E com.xabber.android.data.connection.AccountItem@4141ab98: 	at org.jivesoftware.smack.SASLAuthentication.bindResourceAndEstablishSession(SASLAuthentication.java:452)
06-15 15:15:20.737 28804 29155 E com.xabber.android.data.connection.AccountItem@4141ab98: 	at org.jivesoftware.smack.SASLAuthentication.authenticate(SASLAuthentication.java:348)
06-15 15:15:20.737 28804 29155 E com.xabber.android.data.connection.AccountItem@4141ab98: 	at org.jivesoftware.smack.XMPPConnection.login(XMPPConnection.java:210)
06-15 15:15:20.737 28804 29155 E com.xabber.android.data.connection.AccountItem@4141ab98: 	at com.xabber.android.data.connection.ConnectionThread.authorization(ConnectionThread.java:214)
06-15 15:15:20.737 28804 29155 E com.xabber.android.data.connection.AccountItem@4141ab98: 	at com.xabber.android.data.connection.ConnectionThread.access$5(ConnectionThread.java:207)
06-15 15:15:20.737 28804 29155 E com.xabber.android.data.connection.AccountItem@4141ab98: 	at com.xabber.android.data.connection.ConnectionThread$7.run(ConnectionThread.java:197)
06-15 15:15:20.737 28804 29155 E com.xabber.android.data.connection.AccountItem@4141ab98: 	at com.xabber.android.data.connection.ConnectionThread$13.run(ConnectionThread.java:362)
06-15 15:15:20.737 28804 29155 E com.xabber.android.data.connection.AccountItem@4141ab98: 	at java.util.concurrent.Executors$RunnableAdapter.call(Executors.java:442)
06-15 15:15:20.737 28804 29155 E com.xabber.android.data.connection.AccountItem@4141ab98: 	at java.util.concurrent.FutureTask$Sync.innerRun(FutureTask.java:305)
06-15 15:15:20.737 28804 29155 E com.xabber.android.data.connection.AccountItem@4141ab98: 	at java.util.concurrent.FutureTask.run(FutureTask.java:137)
06-15 15:15:20.737 28804 29155 E com.xabber.android.data.connection.AccountItem@4141ab98: 	at java.util.concurrent.ThreadPoolExecutor.runWorker(ThreadPoolExecutor.java:1076)
06-15 15:15:20.737 28804 29155 E com.xabber.android.data.connection.AccountItem@4141ab98: 	at java.util.concurrent.ThreadPoolExecutor$Worker.run(ThreadPoolExecutor.java:569)
06-15 15:15:20.737 28804 29155 E com.xabber.android.data.connection.AccountItem@4141ab98: 	at java.lang.Thread.run(Thread.java:856)
06-15 15:15:20.737 28804 28804 I com.xabber.android.data.connection.AccountItem@4141ab98: onClose 1095576128 - 5, true
06-15 15:15:20.737 28804 28804 I com.xabber.android.data.roster.RosterManager@4143da20: onDisconnect
06-15 15:15:20.745 28804 29155 W System.err: java.lang.InterruptedException
06-15 15:15:20.753 28804 29155 W System.err: 	at java.util.concurrent.locks.AbstractQueuedSynchronizer.acquireInterruptibly(AbstractQueuedSynchronizer.java:1198)
06-15 15:15:20.753 28804 29155 W System.err: 	at java.util.concurrent.locks.ReentrantLock.lockInterruptibly(ReentrantLock.java:311)
06-15 15:15:20.753 28804 29155 W System.err: 	at java.util.concurrent.LinkedBlockingQueue.put(LinkedBlockingQueue.java:309)
06-15 15:15:20.753 28804 29155 W System.err: 	at org.jivesoftware.smack.PacketWriter.sendPacket(PacketWriter.java:156)
06-15 15:15:20.753 28804 29155 W System.err: 	at org.jivesoftware.smack.XMPPConnection.shutdown(XMPPConnection.java:410)
06-15 15:15:20.753 28804 29155 W System.err: 	at org.jivesoftware.smack.XMPPConnection.disconnect(XMPPConnection.java:465)
06-15 15:15:20.757 28804 29155 W System.err: 	at org.jivesoftware.smack.Connection.disconnect(Connection.java:476)
06-15 15:15:20.757 28804 29155 W System.err: 	at com.xabber.android.data.connection.ConnectionThread.authorization(ConnectionThread.java:243)
06-15 15:15:20.757 28804 29155 W System.err: 	at com.xabber.android.data.connection.ConnectionThread.access$5(ConnectionThread.java:207)
06-15 15:15:20.757 28804 29155 W System.err: 	at com.xabber.android.data.connection.ConnectionThread$7.run(ConnectionThread.java:197)
06-15 15:15:20.757 28804 29155 W System.err: 	at com.xabber.android.data.connection.ConnectionThread$13.run(ConnectionThread.java:362)
06-15 15:15:20.757 28804 29155 W System.err: 	at java.util.concurrent.Executors$RunnableAdapter.call(Executors.java:442)
06-15 15:15:20.761 28804 29155 W System.err: 	at java.util.concurrent.FutureTask$Sync.innerRun(FutureTask.java:305)
06-15 15:15:20.761 28804 29155 W System.err: 	at java.util.concurrent.FutureTask.run(FutureTask.java:137)
06-15 15:15:20.773 28804 29155 W System.err: 	at java.util.concurrent.ThreadPoolExecutor.runWorker(ThreadPoolExecutor.java:1076)
06-15 15:15:20.773 28804 29155 W System.err: 	at java.util.concurrent.ThreadPoolExecutor$Worker.run(ThreadPoolExecutor.java:569)
06-15 15:15:20.777 28804 29155 W System.err: 	at java.lang.Thread.run(Thread.java:856)
06-15 15:15:20.780 28804 29159 I System.out: 03:15:20 PM SENT (1095576128): </stream:stream>
06-15 15:15:22.784 28804 29160 I System.out: 03:15:22 PM RCV  (1095576128): </stream:stream>
06-15 15:15:24.089   142   159 I ActivityManager: Start proc com.google.android.talk for broadcast com.google.android.talk/.ConnectionStateOnlineReceiver: pid=29178 uid=10047 gids={3003, 1015, 1006, 3002}
06-15 15:15:24.148 29036 29165 D dalvikvm: GC_FOR_ALLOC freed 161K, 5% free 9476K/9927K, paused 53ms
06-15 15:15:24.437 29178 29178 I ActivityThread: Pub com.google.android.talk.SuggestionProvider: com.google.android.talk.SuggestionsProvider
06-15 15:15:24.788 29178 29178 D vclib:CallStateClient: startListening
06-15 15:15:24.913 29178 29180 D dalvikvm: GC_CONCURRENT freed 194K, 3% free 9330K/9607K, paused 4ms+2ms
06-15 15:15:24.945   142 12773 I ActivityManager: Process com.spotify.mobile.android.service (pid 29036) has died.
06-15 15:15:24.945   142 12773 W ActivityManager: Scheduling restart of crashed service com.spotify.mobile.android.ui/com.spotify.mobile.android.service.SpotifyService in 5000ms
06-15 15:15:26.077 24785 24785 I wpa_supplicant: wlan0: CTRL-EVENT-EAP-STARTED EAP authentication started
06-15 15:15:26.077 24785 24785 I wpa_supplicant: wlan0: CTRL-EVENT-DISCONNECTED bssid=d0:c2:82:67:2e:70 reason=0
06-15 15:15:27.101 28804 29201 I System.out: 03:15:27 PM SENT (1095276104): <stream:stream to="jabber.org" xmlns="jabber:client" xmlns:stream="http://etherx.jabber.org/streams" version="1.0">
06-15 15:15:27.362 24785 24785 I wpa_supplicant: wlan0: Trying to associate with d0:c2:82:2d:ea:c0 (SSID='UB_Secure' freq=2462 MHz)
06-15 15:15:27.468 28615 28617 D dalvikvm: GC_CONCURRENT freed 379K, 6% free 10198K/10823K, paused 11ms+2ms
06-15 15:15:27.515 24785 24785 I wpa_supplicant: wlan0: Associated with d0:c2:82:2d:ea:c0
06-15 15:15:27.515 24785 24785 I wpa_supplicant: wlan0: CTRL-EVENT-EAP-STARTED EAP authentication started
06-15 15:15:27.519 24785 24785 I wpa_supplicant: wlan0: CTRL-EVENT-EAP-PROPOSED-METHOD vendor=0 method=4 -> NAK
06-15 15:15:27.523 24785 24785 I wpa_supplicant: wlan0: CTRL-EVENT-EAP-PROPOSED-METHOD vendor=0 method=25
06-15 15:15:27.523 24785 24785 I wpa_supplicant: wlan0: CTRL-EVENT-EAP-METHOD EAP vendor 0 method 25 (PEAP) selected
06-15 15:15:27.530 24785 24785 I wpa_supplicant: EAP-TLV: TLV Result - Success - EAP-TLV/Phase2 Completed
06-15 15:15:27.620 17554 17557 D dalvikvm: GC_CONCURRENT freed 365K, 7% free 10709K/11463K, paused 6ms+5ms
06-15 15:15:29.112 28804 29202 I System.out: 03:15:29 PM RCV  (1095276104): <?xml version='1.0'?><stream:stream xmlns='jabber:client' xmlns:stream='http://etherx.jabber.org/streams' from='jabber.org' id='9fca08baf3ce518e' version='1.0'><stream:features><starttls xmlns='urn:ietf:params:xml:ns:xmpp-tls'/><mechanisms xmlns='urn:ietf:params:xml:ns:xmpp-sasl'><mechanism>CRAM-MD5</mechanism><mechanism>LOGIN</mechanism><mechanism>PLAIN</mechanism><mechanism>DIGEST-MD5</mechanism><mechanism>SCRAM-SHA-1</mechanism></mechanisms><compression xmlns='http://jabber.org/features/compress'><method>zlib</method></compression><ver xmlns='urn:xmpp:features:rosterver'><optional/></ver></stream:features>
06-15 15:15:29.120 28804 29202 I System.out: 03:15:29 PM SENT (1095276104): <starttls xmlns="urn:ietf:params:xml:ns:xmpp-tls"/>
06-15 15:15:29.726 28804 29202 I System.out: 03:15:29 PM RCV  (1095276104): <proceed xmlns='urn:ietf:params:xml:ns:xmpp-tls'/>
06-15 15:15:29.995   142   159 I ActivityManager: Start proc com.spotify.mobile.android.service for service com.spotify.mobile.android.ui/com.spotify.mobile.android.service.SpotifyService: pid=29205 uid=10055 gids={3003, 1015}
06-15 15:15:30.050 29205 29205 D dalvikvm: Trying to load lib /data/data/com.spotify.mobile.android.ui/lib/liborbit-jni-spotify.so 0x4130bcd8
06-15 15:15:30.081 29205 29205 D dalvikvm: Added shared lib /data/data/com.spotify.mobile.android.ui/lib/liborbit-jni-spotify.so 0x4130bcd8
06-15 15:15:31.062   142   422 D dalvikvm: GC_EXPLICIT freed 778K, 26% free 19324K/26055K, paused 3ms+8ms
06-15 15:15:31.077 28615 28617 D dalvikvm: GC_CONCURRENT freed 409K, 6% free 10275K/10823K, paused 1ms+87ms
06-15 15:15:31.241 26693 26695 D dalvikvm: GC_CONCURRENT freed 491K, 8% free 10178K/10951K, paused 7ms+3ms
06-15 15:15:31.417   142 12773 I ActivityManager: Process com.twitter.android (pid 28316) has died.
06-15 15:15:31.519 28804 29202 I System.out: 03:15:31 PM SENT (1095276104): <stream:stream to="jabber.org" xmlns="jabber:client" xmlns:stream="http://etherx.jabber.org/streams" version="1.0">
06-15 15:15:31.538 28804 28806 D dalvikvm: GC_CONCURRENT freed 312K, 5% free 10505K/11015K, paused 1ms+6ms
06-15 15:15:32.417 26438 26451 I PhoneLab-: Service Running
06-15 15:15:32.519 26438 26451 I PhoneLab-LoggerService: app_38    18396 1     1116   680   c00f181c 400107b4 S logcat
06-15 15:15:32.519 26438 26451 I PhoneLab-LoggerService: Logcat pid from database 18396
06-15 15:15:32.519 26438 26451 I PhoneLab-LoggerService: Logcat process found 18396
06-15 15:15:32.519 26438 26451 I PhoneLab-LoggerService: Checking Threshold
06-15 15:15:32.523 26438 26451 I PhoneLab-LoggerService: Starting to rename files
06-15 15:15:32.523 26438 26451 I PhoneLab-LoggerService: Files found .. 15
06-15 15:15:37.323 29205 29219 W dalvikvm: dvmFindClassByName rejecting 'com/spotify/mobile/android/core/internal/HttpConnection'
06-15 15:15:39.726 29205 29208 D dalvikvm: GC_CONCURRENT freed 279K, 4% free 9256K/9607K, paused 6ms+3ms
06-15 15:15:40.601 29205 29208 D dalvikvm: GC_CONCURRENT freed 404K, 6% free 9309K/9799K, paused 4ms+2ms
06-15 15:15:42.148 28804 29201 I System.out: 03:15:42 PM SENT (1095276104): <auth mechanism="DIGEST-MD5" xmlns="urn:ietf:params:xml:ns:xmpp-sasl"></auth>
06-15 15:15:43.280 28804 29202 I System.out: 03:15:43 PM RCV  (1095276104): <?xml version='1.0'?><stream:stream xmlns='jabber:client' xmlns:stream='http://etherx.jabber.org/streams' from='jabber.org' id='92a010ba914d3abe' version='1.0'><stream:features><mechanisms xmlns='urn:ietf:params:xml:ns:xmpp-sasl'><mechanism>CRAM-MD5</mechanism><mechanism>LOGIN</mechanism><mechanism>PLAIN</mechanism><mechanism>DIGEST-MD5</mechanism><mechanism>SCRAM-SHA-1</mechanism></mechanisms><compression xmlns='http://jabber.org/features/compress'><method>zlib</method></compression><ver xmlns='urn:xmpp:features:rosterver'><optional/></ver></stream:features>
06-15 15:15:45.234 29205 29231 D dalvikvm: GC_FOR_ALLOC freed 145K, 5% free 9456K/9863K, paused 54ms
06-15 15:15:45.757 28804 29202 I System.out: 03:15:45 PM RCV  (1095276104): <challenge xmlns='urn:ietf:params:xml:ns:xmpp-sasl'>bm9uY2U9IkM2dnlHQmRpSXRPejFMaTA3dzNWcjAzaWRVaXJaMUJjUWZJR0QwaVA3Nnc9IixyZWFsbT0iamFiYmVyLm9yZyIscW9wPSJhdXRoIixtYXhidWY9MTYzODQsY2hhcnNldD11dGYtOCxhbGdvcml0aG09bWQ1LXNlc3M=</challenge>
06-15 15:15:45.800 28804 29201 I System.out: 03:15:45 PM SENT (1095276104): <response xmlns="urn:ietf:params:xml:ns:xmpp-sasl">dXNlcm5hbWU9Imxva2VzaG1hbmR2ZWthciIscmVhbG09ImphYmJlci5vcmciLGNub25jZT0iNmZlY2Q1NzgzNjYwMWM5OGQzNmQ1MjBiMTQ0ODFlMWExMGE2NjQwZmMxNGExZjI2MDZkYzA0NzZjNDE1OGNjOSIsbmM9MDAwMDAwMDEscW9wPWF1dGgsZGlnZXN0LXVyaT0ieG1wcC9qYWJiZXIub3JnIixyZXNwb25zZT00NDExZDEyOWJhOTQ0YTQ2MGZhOTBkOTE1OGQyMzM3NyxjaGFyc2V0PXV0Zi04LG5vbmNlPSJDNnZ5R0JkaUl0T3oxTGkwN3czVnIwM2lkVWlyWjFCY1FmSUdEMGlQNzZ3PSI=</response>
06-15 15:15:48.206 29205 29231 D dalvikvm: GC_FOR_ALLOC freed 131K, 6% free 9412K/9991K, paused 52ms
06-15 15:15:48.210 29205 29231 I dalvikvm-heap: Grow heap (frag case) to 9.432MB for 180372-byte allocation
06-15 15:15:48.222 29205 29231 D dalvikvm: GC_FOR_ALLOC freed 86K, 7% free 9502K/10183K, paused 13ms
06-15 15:15:49.218 28804 29202 I System.out: 03:15:49 PM RCV  (1095276104): <success xmlns='urn:ietf:params:xml:ns:xmpp-sasl'>cnNwYXV0aD00OWEwYjYwZWJkZmQxNGVhOGVlNjlmMjVjZmY5ZjM4Mg==</success>
06-15 15:15:49.226 28804 29202 I System.out: 03:15:49 PM SENT (1095276104): <stream:stream to="jabber.org" xmlns="jabber:client" xmlns:stream="http://etherx.jabber.org/streams" version="1.0">
06-15 15:15:53.366 28804 29202 I System.out: 03:15:53 PM RCV  (1095276104): <?xml version='1.0'?><stream:stream xmlns='jabber:client' xmlns:stream='http://etherx.jabber.org/streams' from='jabber.org' id='867d98330a9c3971' version='1.0'><stream:features><bind xmlns='urn:ietf:params:xml:ns:xmpp-bind'><required/></bind><session xmlns='urn:ietf:params:xml:ns:xmpp-session'/><compression xmlns='http://jabber.org/features/compress'><method>zlib</method></compression><ver xmlns='urn:xmpp:features:rosterver'><optional/></ver></stream:features>
06-15 15:15:53.382 28804 29201 I System.out: 03:15:53 PM SENT (1095276104): <iq id="BRz3h-2" type="set"><bind xmlns="urn:ietf:params:xml:ns:xmpp-bind"><resource>android9e7FLMWG</resource></bind></iq>
06-15 15:15:56.573 29205 29231 D dalvikvm: GC_FOR_ALLOC freed <1K, 7% free 9502K/10183K, paused 67ms
06-15 15:15:56.573 29205 29231 I dalvikvm-heap: Grow heap (frag case) to 9.698MB for 366692-byte allocation
06-15 15:15:56.589 29205 29231 D dalvikvm: GC_FOR_ALLOC freed 176K, 9% free 9684K/10567K, paused 16ms
06-15 15:15:58.390 28804 29177 E com.xabber.android.data.connection.AccountItem@4141ab98: No response from the server.: 
06-15 15:15:58.390 28804 29177 E com.xabber.android.data.connection.AccountItem@4141ab98: 	at org.jivesoftware.smack.SASLAuthentication.bindResourceAndEstablishSession(SASLAuthentication.java:452)
06-15 15:15:58.390 28804 29177 E com.xabber.android.data.connection.AccountItem@4141ab98: 	at org.jivesoftware.smack.SASLAuthentication.authenticate(SASLAuthentication.java:348)
06-15 15:15:58.390 28804 29177 E com.xabber.android.data.connection.AccountItem@4141ab98: 	at org.jivesoftware.smack.XMPPConnection.login(XMPPConnection.java:210)
06-15 15:15:58.390 28804 29177 E com.xabber.android.data.connection.AccountItem@4141ab98: 	at com.xabber.android.data.connection.ConnectionThread.authorization(ConnectionThread.java:214)
06-15 15:15:58.390 28804 29177 E com.xabber.android.data.connection.AccountItem@4141ab98: 	at com.xabber.android.data.connection.ConnectionThread.access$5(ConnectionThread.java:207)
06-15 15:15:58.390 28804 29177 E com.xabber.android.data.connection.AccountItem@4141ab98: 	at com.xabber.android.data.connection.ConnectionThread$7.run(ConnectionThread.java:197)
06-15 15:15:58.390 28804 29177 E com.xabber.android.data.connection.AccountItem@4141ab98: 	at com.xabber.android.data.connection.ConnectionThread$13.run(ConnectionThread.java:362)
06-15 15:15:58.390 28804 29177 E com.xabber.android.data.connection.AccountItem@4141ab98: 	at java.util.concurrent.Executors$RunnableAdapter.call(Executors.java:442)
06-15 15:15:58.390 28804 29177 E com.xabber.android.data.connection.AccountItem@4141ab98: 	at java.util.concurrent.FutureTask$Sync.innerRun(FutureTask.java:305)
06-15 15:15:58.390 28804 29177 E com.xabber.android.data.connection.AccountItem@4141ab98: 	at java.util.concurrent.FutureTask.run(FutureTask.java:137)
06-15 15:15:58.390 28804 29177 E com.xabber.android.data.connection.AccountItem@4141ab98: 	at java.util.concurrent.ThreadPoolExecutor.runWorker(ThreadPoolExecutor.java:1076)
06-15 15:15:58.390 28804 29177 E com.xabber.android.data.connection.AccountItem@4141ab98: 	at java.util.concurrent.ThreadPoolExecutor$Worker.run(ThreadPoolExecutor.java:569)
06-15 15:15:58.390 28804 29177 E com.xabber.android.data.connection.AccountItem@4141ab98: 	at java.lang.Thread.run(Thread.java:856)
06-15 15:15:58.390 28804 28804 I com.xabber.android.data.connection.AccountItem@4141ab98: onClose 1095276104 - 6, true
06-15 15:15:58.394 28804 28804 I com.xabber.android.data.roster.RosterManager@4143da20: onDisconnect
06-15 15:15:58.425 28804 29177 W System.err: java.lang.InterruptedException
06-15 15:15:58.425 28804 29177 W System.err: 	at java.util.concurrent.locks.AbstractQueuedSynchronizer.acquireInterruptibly(AbstractQueuedSynchronizer.java:1198)
06-15 15:15:58.425 28804 29177 W System.err: 	at java.util.concurrent.locks.ReentrantLock.lockInterruptibly(ReentrantLock.java:311)
06-15 15:15:58.425 28804 29177 W System.err: 	at java.util.concurrent.LinkedBlockingQueue.put(LinkedBlockingQueue.java:309)
06-15 15:15:58.425 28804 29177 W System.err: 	at org.jivesoftware.smack.PacketWriter.sendPacket(PacketWriter.java:156)
06-15 15:15:58.425 28804 29177 W System.err: 	at org.jivesoftware.smack.XMPPConnection.shutdown(XMPPConnection.java:410)
06-15 15:15:58.425 28804 29177 W System.err: 	at org.jivesoftware.smack.XMPPConnection.disconnect(XMPPConnection.java:465)
06-15 15:15:58.425 28804 29177 W System.err: 	at org.jivesoftware.smack.Connection.disconnect(Connection.java:476)
06-15 15:15:58.425 28804 29177 W System.err: 	at com.xabber.android.data.connection.ConnectionThread.authorization(ConnectionThread.java:243)
06-15 15:15:58.429 28804 29177 W System.err: 	at com.xabber.android.data.connection.ConnectionThread.access$5(ConnectionThread.java:207)
06-15 15:15:58.429 28804 29177 W System.err: 	at com.xabber.android.data.connection.ConnectionThread$7.run(ConnectionThread.java:197)
06-15 15:15:58.429 28804 29177 W System.err: 	at com.xabber.android.data.connection.ConnectionThread$13.run(ConnectionThread.java:362)
06-15 15:15:58.429 28804 29177 W System.err: 	at java.util.concurrent.Executors$RunnableAdapter.call(Executors.java:442)
06-15 15:15:58.429 28804 29177 W System.err: 	at java.util.concurrent.FutureTask$Sync.innerRun(FutureTask.java:305)
06-15 15:15:58.429 28804 29177 W System.err: 	at java.util.concurrent.FutureTask.run(FutureTask.java:137)
06-15 15:15:58.429 28804 29177 W System.err: 	at java.util.concurrent.ThreadPoolExecutor.runWorker(ThreadPoolExecutor.java:1076)
06-15 15:15:58.429 28804 29177 W System.err: 	at java.util.concurrent.ThreadPoolExecutor$Worker.run(ThreadPoolExecutor.java:569)
06-15 15:15:58.429 28804 29177 W System.err: 	at java.lang.Thread.run(Thread.java:856)
06-15 15:15:58.433 28804 29201 I System.out: 03:15:58 PM SENT (1095276104): </stream:stream>
06-15 15:16:01.417 28804 29238 I System.out: 03:16:01 PM SENT (1095073776): <stream:stream to="jabber.org" xmlns="jabber:client" xmlns:stream="http://etherx.jabber.org/streams" version="1.0">
06-15 15:16:02.183 28804 29202 I System.out: 03:16:02 PM RCV  (1095276104): <iq to='lokeshmandvekar@jabber.org/android9e7FLMWG' type='result' id='BRz3h-2'><bind xmlns='urn:ietf:params:xml:ns:xmpp-bind'><jid>lokeshmandvekar@jabber.org/android9e7FLMWG</jid></bind></iq>
06-15 15:16:02.573 28804 29239 I System.out: 03:16:02 PM RCV  (1095073776): <?xml version='1.0'?><stream:stream xmlns='jabber:client' xmlns:stream='http://etherx.jabber.org/streams' from='jabber.org' id='0bfd1aa8c2243cd9' version='1.0'><stream:features><starttls xmlns='urn:ietf:params:xml:ns:xmpp-tls'/><mechanisms xmlns='urn:ietf:params:xml:ns:xmpp-sasl'><mechanism>CRAM-MD5</mechanism><mechanism>LOGIN</mechanism><mechanism>PLAIN</mechanism><mechanism>DIGEST-MD5</mechanism><mechanism>SCRAM-SHA-1</mechanism></mechanisms><compression xmlns='http://jabber.org/features/compress'><method>zlib</method></compression><ver xmlns='urn:xmpp:features:rosterver'><optional/></ver></stream:features>
06-15 15:16:02.573 28804 29239 I System.out: 03:16:02 PM SENT (1095073776): <starttls xmlns="urn:ietf:params:xml:ns:xmpp-tls"/>
06-15 15:16:03.179 28804 29239 I System.out: 03:16:03 PM RCV  (1095073776): <proceed xmlns='urn:ietf:params:xml:ns:xmpp-tls'/>
06-15 15:16:03.480 24785 24785 I wpa_supplicant: wlan0: CTRL-EVENT-EAP-STARTED EAP authentication started
06-15 15:16:03.491 24785 24785 I wpa_supplicant: wlan0: CTRL-EVENT-DISCONNECTED bssid=d0:c2:82:2d:ea:c0 reason=0
06-15 15:16:04.409 28804 28806 D dalvikvm: GC_CONCURRENT freed 468K, 6% free 10484K/11079K, paused 2ms+3ms
06-15 15:16:04.409 28804 29239 I System.out: 03:16:04 PM SENT (1095073776): <stream:stream to="jabber.org" xmlns="jabber:client" xmlns:stream="http://etherx.jabber.org/streams" version="1.0">
06-15 15:16:06.179 28804 29239 I System.out: 03:16:06 PM RCV  (1095073776): <?xml version='1.0'?><stream:stream xmlns='jabber:client' xmlns:stream='http://etherx.jabber.org/streams' from='jabber.org' id='63a681ea5af0c410' version='1.0'><stream:features><mechanisms xmlns='urn:ietf:params:xml:ns:xmpp-sasl'><mechanism>CRAM-MD5</mechanism><mechanism>LOGIN</mechanism><mechanism>PLAIN</mechanism><mechanism>DIGEST-MD5</mechanism><mechanism>SCRAM-SHA-1</mechanism></mechanisms><compression xmlns='http://jabber.org/features/compress'><method>zlib</method></compression><ver xmlns='urn:xmpp:features:rosterver'><optional/></ver></stream:features>
06-15 15:16:06.234 28804 29238 I System.out: 03:16:06 PM SENT (1095073776): <auth mechanism="DIGEST-MD5" xmlns="urn:ietf:params:xml:ns:xmpp-sasl"></auth>
06-15 15:16:07.011 28804 29239 I System.out: 03:16:07 PM RCV  (1095073776): <challenge xmlns='urn:ietf:params:xml:ns:xmpp-sasl'>bm9uY2U9Im5jUUV0OVY3R0dLVHZESjdKanRIS1MrZkhnbExyR2Zxakp5NHk0a1AzS009IixyZWFsbT0iamFiYmVyLm9yZyIscW9wPSJhdXRoIixtYXhidWY9MTYzODQsY2hhcnNldD11dGYtOCxhbGdvcml0aG09bWQ1LXNlc3M=</challenge>
06-15 15:16:07.042 28804 29238 I System.out: 03:16:07 PM SENT (1095073776): <response xmlns="urn:ietf:params:xml:ns:xmpp-sasl">dXNlcm5hbWU9Imxva2VzaG1hbmR2ZWthciIscmVhbG09ImphYmJlci5vcmciLGNub25jZT0iNWQ3NGE5Mzk1ODYxNzFkNDhiMzM5MTMxNmZlNDFlYzlkNmQ4YmY1Zjk2OWY3Njc4MGVlOGI0ZTU0ZjhiY2ZkMiIsbmM9MDAwMDAwMDEscW9wPWF1dGgsZGlnZXN0LXVyaT0ieG1wcC9qYWJiZXIub3JnIixyZXNwb25zZT05ZTg2YjMxYTI1NzNlZmI1OGMwYzUxYzhiZDYxYjgxMCxjaGFyc2V0PXV0Zi04LG5vbmNlPSJuY1FFdDlWN0dHS1R2REo3Smp0SEtTK2ZIZ2xMckdmcWpKeTR5NGtQM0tNPSI=</response>
06-15 15:16:08.050 28804 29239 I System.out: 03:16:08 PM RCV  (1095073776): <success xmlns='urn:ietf:params:xml:ns:xmpp-sasl'>cnNwYXV0aD05NjM4YTliNzI3NDZiMzVhY2I4OWI3Zjg3ZTVlNzYzMQ==</success>
06-15 15:16:08.077 28804 29239 I System.out: 03:16:08 PM SENT (1095073776): <stream:stream to="jabber.org" xmlns="jabber:client" xmlns:stream="http://etherx.jabber.org/streams" version="1.0">
06-15 15:16:08.839 28804 29239 I System.out: 03:16:08 PM RCV  (1095073776): <?xml version='1.0'?><stream:stream xmlns='jabber:client' xmlns:stream='http://etherx.jabber.org/streams' from='jabber.org' id='1a80960e88839857' version='1.0'><stream:features><bind xmlns='urn:ietf:params:xml:ns:xmpp-bind'><required/></bind><session xmlns='urn:ietf:params:xml:ns:xmpp-session'/><compression xmlns='http://jabber.org/features/compress'><method>zlib</method></compression><ver xmlns='urn:xmpp:features:rosterver'><optional/></ver></stream:features>
06-15 15:16:08.855 28804 29238 I System.out: 03:16:08 PM SENT (1095073776): <iq id="BRz3h-3" type="set"><bind xmlns="urn:ietf:params:xml:ns:xmpp-bind"><resource>android9e7FLMWG</resource></bind></iq>
06-15 15:16:09.589 28804 29239 I System.out: 03:16:09 PM RCV  (1095073776): <iq to='lokeshmandvekar@jabber.org/android9e7FLMWG' type='result' id='BRz3h-3'><bind xmlns='urn:ietf:params:xml:ns:xmpp-bind'><jid>lokeshmandvekar@jabber.org/android9e7FLMWG</jid></bind></iq>
06-15 15:16:09.695 28804 29238 I System.out: 03:16:09 PM SENT (1095073776): <iq id="BRz3h-4" type="set"><session xmlns="urn:ietf:params:xml:ns:xmpp-session"/></iq>
06-15 15:16:10.253 28804 29239 I System.out: 03:16:10 PM RCV  (1095073776): <iq from='jabber.org' type='result' id='BRz3h-4'/>
06-15 15:16:10.261 28804 29237 I System.out: User logged (1095073776): lokeshmandvekar@jabber.org@jabber.org:5222/android9e7FLMWG
06-15 15:16:10.296 28804 28804 I com.xabber.android.data.roster.RosterManager@4143da20: onAuthorized: lokeshmandvekar@jabber.org/android9e7FLMWG
06-15 15:16:10.304 28804 28818 I com.xabber.android.data.roster.SyncManager@41391308: Insert presences 0
06-15 15:16:10.304 28804 28818 I com.xabber.android.data.roster.SyncManager$4@413c4188: Presence changed
06-15 15:16:10.304 28804 29238 I System.out: 03:16:10 PM SENT (1095073776): <presence id="BRz3h-5"><status></status><priority>0</priority><show>xa</show><c xmlns='http://jabber.org/protocol/caps' hash='sha-1' node='http://www.igniterealtime.org/projects/smack/' ver='lEHWL/kB85mFknKkCncs7jfI5CY='/></presence>
06-15 15:16:10.308 28804 29238 I System.out: 03:16:10 PM SENT (1095073776): <iq id="BRz3h-6" type="get"><query xmlns="jabber:iq:roster" ></query></iq>
06-15 15:16:11.280 28804 29239 I System.out: 03:16:11 PM RCV  (1095073776): <presence from='ifte2000@jabber.org' to='lokeshmandvekar@jabber.org' type='unavailable'/><presence from='lokeshmandvekar@jabber.org/BitlBee' to='lokeshmandvekar@jabber.org/android9e7FLMWG'><priority>0</priority><show>xa</show><c xmlns="http://jabber.org/protocol/caps" node="http://bitlbee.org/xmpp/caps" ver="3.0.5-1+aptbuild6"/><delay xmlns='urn:xmpp:delay' stamp='2012-06-12T19:49:00Z' from='jabber.org'/></presence><presence from='lokeshmandvekar@jabber.org/android9e7FLMWG' to='lokeshmandvekar@jabber.org/android9e7FLMWG' id='BRz3h-5'><status></status><priority>0</priority><show>xa</show><c xmlns='http://jabber.org/protocol/caps' hash='sha-1' node='http://www.igniterealtime.org/projects/smack/' ver='lEHWL/kB85mFknKkCncs7jfI5CY='/></presence>
06-15 15:16:11.312 28804 28818 I com.xabber.android.data.roster.SyncManager@41391308: Insert presences 1
06-15 15:16:11.601 28804 28818 I com.xabber.android.data.roster.SyncManager$4@41391a08: Presence changed
06-15 15:16:12.062 28804 29239 I System.out: 03:16:12 PM RCV  (1095073776): <presence from='lokeshmandvekar@gmail.com/android_talk7682aaea69df' to='lokeshmandvekar@jabber.org/android9e7FLMWG'><status/><show>away</show><priority>24</priority><caps:c node="http://www.android.com/gtalk/client/caps" ext="pmuc-v1 voice-v1 video-v1 camera-v1" ver="1.1" xmlns:caps="http://jabber.org/protocol/caps"/><x xmlns="vcard-temp:x:update"><photo>10787dcb9604f48a6fc4f42908a91dfd12a1d753</photo></x></presence><presence from='lokeshmandvekar@gmail.com/bitlbeeDB8759E0' to='lokeshmandvekar@jabber.org/android9e7FLMWG'><priority>24</priority><show>xa</show><c node="http://bitlbee.org/xmpp/caps" ver="3.0.5-1+aptbuild6" xmlns="http://jabber.org/protocol/caps"/><x xmlns="vcard-temp:x:update"><photo>10787dcb9604f48a6fc4f42908a91dfd12a1d753</photo></x></presence>
06-15 15:16:12.187 28804 28818 I com.xabber.android.data.roster.SyncManager@41391308: Insert presences 1
06-15 15:16:12.405 28804 28818 I com.xabber.android.data.roster.SyncManager$4@41475690: Presence changed
06-15 15:16:12.448 28804 28818 I com.xabber.android.data.roster.SyncManager@41391308: Insert presences 1
06-15 15:16:12.448 28804 28818 I com.xabber.android.data.roster.SyncManager$4@414260f8: Presence changed
06-15 15:16:14.269 28804 29239 I System.out: 03:16:14 PM RCV  (1095073776): <iq to='lokeshmandvekar@jabber.org/android9e7FLMWG' type='result' id='BRz3h-6'><query xmlns='jabber:iq:roster' ver='85'><item jid='lokeshmandvekar@gmail.com' subscription='both'/><item jid='ifte2000@jabber.org' name='Iftekhar Husain' subscription='both'/></query></iq>
06-15 15:16:14.292 28804 28818 I com.xabber.android.data.roster.SyncManager@41391308: Insert presences 0
06-15 15:16:14.300 28804 28818 I com.xabber.android.data.roster.SyncManager$3@4148eb10: Roster updated
06-15 15:16:14.331 28804 29238 I System.out: 03:16:14 PM SENT (1095073776): <iq id="BRz3h-7" to="lokeshmandvekar@jabber.org" type="get"><vCard xmlns="vcard-temp" /></iq>
06-15 15:16:16.749 28804 29239 I System.out: 03:16:16 PM RCV  (1095073776): <iq from='lokeshmandvekar@jabber.org' to='lokeshmandvekar@jabber.org/android9e7FLMWG' type='result' id='BRz3h-7'><vCard xmlns='vcard-temp'><FN>lokesh mandvekar</FN><N><GIVEN>lokesh</GIVEN><FAMILY>mandvekar</FAMILY></N><NICKNAME>lokesh</NICKNAME><BDAY>06/04/1986</BDAY><EMAIL><INTERNET/><WORK/><USERID>lokeshmandvekar@gmail.com</USERID></EMAIL><TEL><VOICE/><WORK/><NUMBER>7162010010</NUMBER></TEL><PHOTO><TYPE>image/png</TYPE><BINVAL>iVBORw0KGgoAAAANSUhEUgAAAGAAAABICAIAAACGBWc0AAAAA3NCSVQICAjb4U/gAAAgAElEQVR4nFy7Z6xlWXYettba4Zxz77nx5VevcleH6ekwM+wJYhiRQ5GyRYsyFWxTlAUIFgTLtgADAgz9cPjhAAP+YRiG/ccmJUOUDZimIckUJYqipZnhDGd6uns6h6quHF6+6cQd1vKP815107cKVQ+nbp2z9wrf+ta39sG/8R/8ba0NogIAAGAARBQRFGBEFhYABPz8h5kBQECEBQUEAVEhgkgUYRFEFAERYWE4/wiIAJxfRUQAjgxwdjcQIQABEAQWQRDmiMKIAKKIlAgiIRATkYgQsqsqjrF1jqW7Hy4Wi9nsONOmrFb9UR4BhYFZvPMh+BgjACBh5CAirmlXyyWwEFG3RETsVthts/tZW5sCgJw9AwgAEAVEUBCEsNsXnu1SBBGJiJkRCSAiomC3fRE4+yYzA4qIPL0tyFNLAXYL4u6SIIKIkCIJkUWAEBFEUAQQSFgAJMaIiBylc1V3f2aOMQICiIo+VPVKa9za3IzeRYht48lqjhIjxxiZI4B0t44hFsXKNS0IIMDZwj/3OVs6ACJqIiPCiNJtHgAiMyB02wYR6KIEz2x0Fj4iiN2upbPOuUUiAIkIAgCgCHfxCNBdOQtPAQEAIhKJXVQxMwgAni1XIiASiHTrRxTAzgkkZ8vv/hOHEOuyDN71+qlwiOyb6MgYjNLWjQgwSwxRaYoxeO+bpinLUlgQBOEsTJ4u7MyF50tFAA2MICgoAMAiAoCIDAJAAIgggH/MwN1uz1JDRAAZGOE8iEREGPHcaOfWeeoWRGSOgIAC8rnFMTMCdI/vbH6WlAIgwsIoQkTCIiTCjApZJIRQVxUCu7YaDvouxNVq5UV8iOy8i07OMhvEB+fcarX0PgAAylmifH5j53mCn7eXFvCAJICIJBC7zZwllpCQCLAAgbCwEJEIwx8PSwQAiIjntkOGs3ACAKCzfXdRI8zdOrpvds8iREIhVgHPLYmE0gUUA3Ds1g+AwCISQDhGbuo6hKAVBh9Y/LJYlHVdNw0zxxiY5dwpEmNsq7qua2Z+mgpPfdNFiwiLCGGXc+fOAtRFXSqtkRQppc4WCEgIAkB8hk4dUiCInIELnNlDzvKC8fxhCMCAIMydgUKMhF2MdAvq8EVEoIsz7hwAKPAZRp4HDyBiPAs9CIERCRiapuIYiYgIT08XTVuJcIgSQogxxBiYmVlQBARa58qi6BD6M6eem+mpjxkJELqiQkDn/kf99o/fIGW0NdrYRCmtNRFqbVBpADbGEmnSREiECIikqIP9DuqfYr6I4BmEMAA+RV9E6JxzFurS/WYUBgRgEQBGAaTuypkH5SyImRmQRbizWHCtCGtNvaxXFqsQnNaKW3Det63nyEFCB2lEFHwsi6J17v9nl8/HjpwVXemKDUi3r7MtAKC+c/sOIgoSiBCBIoWIhERaIYpWxthEaVKkFBEQklJKKerch6iUUkoBilZKa0NEpLRSikgprUgpRFFEBEhEiESEACwcAEG4QyogQsGIZxjYhfgZGDMzIjCz9845Z7Tt93taKw6+bdvVarUqlkE4xhg9d2jVkYuqrpqq6mIdAJTWWiEhEQFzh+/MzACCgAKQKNhcX8vznIU5SvAhhFAtVhpRuCuqQCFyYBERQqA2PjXweek5dy92CUWf4RlERLAmUVqDUqoLM0WktVKEiByZALKsp7XujNtZVhEZrbUxSqmOQHQm7ErIGYKE4FyLiEmaaJMAUuRYlsvFYlYUhbBI5LO07n5FLssyxigoIqwVJdYkadJLTS81aWK0NkZrrTULhxCd85Fhe2OtnyVaa6UUEhIoRerx+x9rASEkABIBDQAgDBEEO8Q4K8kdNoEQn9lIRADOsBMRkEBEvAsi0uXfWUzT2Q90lnRIpDrjdnEKhKRIK33GQQmVUgAgzN11pZTR2hijtSatjLWatNZwdPDEO6cUEpFSECOKxhDifLGoq/qM6DEYTdbqXqrzzPR7aZpoY5RWZKyy1hCRVhqIEEmRYRZjEmMsKiQkhZgq0te/+OUYOYTofYi+8W3FwTd11dZNh5IEIMxwFjgCTykgfC6koKvTdIYy56xH4hmd4qc26yjEGbFCwPg5UIDzagVE6qzQnjFHBAAhQEIEVCiDPFWKzjhTjCLCkUMMbV0jSJfMxlKW2ixJstT2M5WmiTFaa0WE1lprreowV2mtjdYWUSmySmnUwAJaohbRG7sXUKRuuQ6iNAfnNQA31ftv/hAknuMqdxtg4a4X6YiAAHeZwAyIdAbDcP7nOas6q3Qgn/uHM07cUajuW8yd489s24UZhxjjGSdAhigCAIlGop4xpjNNCB4ASCFEMIa00ok1SpHRoJS2JlFWgdFCSlAJKCStdKJNYhJrbUKkjbVGG60MolZkhGIUVt4pFu0CT4b5sllEou3JsKwbRFq6VggJBPi8IJ1Rly7vnlbHMzbNn2frf5y4y+fNBufwdd7swHnTQwoh4mf8SCJHAsHPiv6Zhc/rJkCHsiLStT4AoBQl1mRp2s8SrRWRsBBpbaxWRpPWWpvEWpvaNM2SJFXGaGu78FGkiRQiARIJsURFQqy0r4tlbIaJjSBNWTZNFUMMvlaEHWE8Tw0EEQL6rC8DPlv0Oak4Y09dhJzvB/+4xfAcjLrbPP3LaEtKAHhze21rZ0ujunvv/sHhMUcQQBEEUMJ8TjLPbNw1riKiFDIzIaGiNDE2sUlqtVYiWgCUIaOVJlLG2l5mE2OTXpLkyhhjjVaGlNZKAxJRx0KiZlERQEh/8OM/QiGNWpECTcoorSm0nhQqUqC6ndJZIDCD8HnxUnDemjGeawCE52WuQ5DzSIGOHz1Fn89oFBEqpXqZ2dycbu5sPffCc4xAIi+89OyTBw/eeP2Nk1l99tizju78hmeNCxOdsVBA0IRGK9KkjFLaIFoWQRQijUqRsUAWVaptj6whpZU2iIpIA6pOhEACeNp1xKh96xEpSCRAgXAGuQBIJECAQCCKzneJ0uWTgGBEZlZKMbNS5xY8X3tHJunM4U+BpQPmjm0qa22/n65Nxxcu7m5sbRTlMh8N948OppNpXVXW2hsvPHfhwuZ773385usfREBmARQWRiRFqDWygFIaQLwPXbXoyINRurMHaRujELBRqDUZrRUZRC1df4N0FuUISIQASMIcCRQpQCJB0NNhL4TIzDGKMHLH/gWEg4Awc2DBz9Kqi8CzvuhpNe/aAegadPisDzxXO7o8I0Ds8lxpvHRp9+VXvpjltqxXw9GQlFrWoQ11kpoYm/niaDAczVYcXXtpb2d7ffL6628eHtURUEgRkbUKgQlBkIRFkaBG8B1IoQgidHSVjEYFYLTRhqzNlDZECNCxbQE+I+0cgYgQuhUCxwgRMKL+4heu13XjXXA+OM8xhBAjc2SOHUmLkUPgc+1LYoxdbWcAZhYBFqZz5BbhjhOdxTxQ1zc/xWcRTq1+9UtfuHhpCym2oTVJkqRZURTDPAdlg/dlsQBpnjycjYZrw+E0ybJe5n/xF7/6e7/3xv7RCqCjl6QIWQCJIiMixygI4tpQ1XXj2qI
06-15 15:16:16.905 28804 28806 D dalvikvm: GC_CONCURRENT freed 413K, 6% free 10481K/11079K, paused 14ms+2ms
