06-13 18:53:00.250 31986  1743 W System.err: 	at org.jivesoftware.smack.Connection.disconnect(Connection.java:476)
06-13 18:53:00.250 31986  1743 W System.err: 	at com.xabber.android.data.connection.ConnectionThread.authorization(ConnectionThread.java:243)
06-13 18:53:00.250 31986  1743 W System.err: 	at com.xabber.android.data.connection.ConnectionThread.access$5(ConnectionThread.java:207)
06-13 18:53:00.250 31986  1743 W System.err: 	at com.xabber.android.data.connection.ConnectionThread$7.run(ConnectionThread.java:197)
06-13 18:53:00.254 31986  1743 W System.err: 	at com.xabber.android.data.connection.ConnectionThread$13.run(ConnectionThread.java:362)
06-13 18:53:00.254 31986  1743 W System.err: 	at java.util.concurrent.Executors$RunnableAdapter.call(Executors.java:442)
06-13 18:53:00.254 31986  1743 W System.err: 	at java.util.concurrent.FutureTask$Sync.innerRun(FutureTask.java:305)
06-13 18:53:00.254 31986  1743 W System.err: 	at java.util.concurrent.FutureTask.run(FutureTask.java:137)
06-13 18:53:00.254 31986  1743 W System.err: 	at java.util.concurrent.ThreadPoolExecutor.runWorker(ThreadPoolExecutor.java:1076)
06-13 18:53:00.254 31986  1743 W System.err: 	at java.util.concurrent.ThreadPoolExecutor$Worker.run(ThreadPoolExecutor.java:569)
06-13 18:53:00.254 31986  1743 W System.err: 	at java.lang.Thread.run(Thread.java:856)
06-13 18:53:00.265 31986  1745 I System.out: 06:53:00 PM SENT (1095276288): </stream:stream>
06-13 18:53:00.406 31986  1746 I System.out: 06:53:00 PM RCV  (1095276288): </stream:stream>
06-13 18:53:01.730   552   564 V GoogleLoginService: Returning error intent with: ComponentInfo{com.google.android.gsf.login/com.google.android.gsf.login.LoginActivity}
06-13 18:53:02.945 31986  1757 I System.out: 06:53:02 PM SENT (1095193736): <stream:stream to="jabber.org" xmlns="jabber:client" xmlns:stream="http://etherx.jabber.org/streams" version="1.0">
06-13 18:53:03.093 31986  1758 I System.out: 06:53:03 PM RCV  (1095193736): <?xml version='1.0'?><stream:stream xmlns='jabber:client' xmlns:stream='http://etherx.jabber.org/streams' from='jabber.org' id='c62c73caf8ea52ac' version='1.0'><stream:features><starttls xmlns='urn:ietf:params:xml:ns:xmpp-tls'/><mechanisms xmlns='urn:ietf:params:xml:ns:xmpp-sasl'><mechanism>CRAM-MD5</mechanism><mechanism>LOGIN</mechanism><mechanism>PLAIN</mechanism><mechanism>DIGEST-MD5</mechanism><mechanism>SCRAM-SHA-1</mechanism></mechanisms><compression xmlns='http://jabber.org/features/compress'><method>zlib</method></compression><ver xmlns='urn:xmpp:features:rosterver'><optional/></ver></stream:features>
06-13 18:53:03.105 31986  1758 I System.out: 06:53:03 PM SENT (1095193736): <starttls xmlns="urn:ietf:params:xml:ns:xmpp-tls"/>
06-13 18:53:03.257 31986  1758 I System.out: 06:53:03 PM RCV  (1095193736): <proceed xmlns='urn:ietf:params:xml:ns:xmpp-tls'/>
06-13 18:53:03.625 31986 31988 D dalvikvm: GC_CONCURRENT freed 414K, 6% free 10486K/11143K, paused 11ms+3ms
06-13 18:53:03.664 31986  1758 I System.out: 06:53:03 PM SENT (1095193736): <stream:stream to="jabber.org" xmlns="jabber:client" xmlns:stream="http://etherx.jabber.org/streams" version="1.0">
06-13 18:53:03.968 31986  1758 I System.out: 06:53:03 PM RCV  (1095193736): <?xml version='1.0'?><stream:stream xmlns='jabber:client' xmlns:stream='http://etherx.jabber.org/streams' from='jabber.org' id='6281b50f9fe7788e' version='1.0'><stream:features><mechanisms xmlns='urn:ietf:params:xml:ns:xmpp-sasl'><mechanism>CRAM-MD5</mechanism><mechanism>LOGIN</mechanism><mechanism>PLAIN</mechanism><mechanism>DIGEST-MD5</mechanism><mechanism>SCRAM-SHA-1</mechanism></mechanisms><compression xmlns='http://jabber.org/features/compress'><method>zlib</method></compression><ver xmlns='urn:xmpp:features:rosterver'><optional/></ver></stream:features>
06-13 18:53:04.023 31986  1757 I System.out: 06:53:04 PM SENT (1095193736): <auth mechanism="DIGEST-MD5" xmlns="urn:ietf:params:xml:ns:xmpp-sasl"></auth>
06-13 18:53:04.218   142   142 I ActivityManager: Process com.google.android.talk (pid 1499) has died.
06-13 18:53:04.226 31986  1758 I System.out: 06:53:04 PM RCV  (1095193736): <challenge xmlns='urn:ietf:params:xml:ns:xmpp-sasl'>bm9uY2U9IkhxbDAwK2ZoL0VNQkJkdWVZZVRpWWUzTW9uL0lXTk11MjhsU0JUUC9mdzQ9IixyZWFsbT0iamFiYmVyLm9yZyIscW9wPSJhdXRoIixtYXhidWY9MTYzODQsY2hhcnNldD11dGYtOCxhbGdvcml0aG09bWQ1LXNlc3M=</challenge>
06-13 18:53:04.250 31986  1757 I System.out: 06:53:04 PM SENT (1095193736): <response xmlns="urn:ietf:params:xml:ns:xmpp-sasl">dXNlcm5hbWU9Imxva2VzaG1hbmR2ZWthciIscmVhbG09ImphYmJlci5vcmciLGNub25jZT0iMGI3NDU0ZTg4YTQxNjhlMjE3NGFiZGI2NWVkNWViNzE4MTA3MDExMzU0OTEwMjhhNGMwNzlkOWRiODNkMDM1MyIsbmM9MDAwMDAwMDEscW9wPWF1dGgsZGlnZXN0LXVyaT0ieG1wcC9qYWJiZXIub3JnIixyZXNwb25zZT03MjNkNTU0OWNhYWJjZjU1MjI2ZWMyNjJmZTAxYjQwOCxjaGFyc2V0PXV0Zi04LG5vbmNlPSJIcWwwMCtmaC9FTUJCZHVlWWVUaVllM01vbi9JV05NdTI4bFNCVFAvZnc0PSI=</response>
06-13 18:53:04.468 31986  1758 I System.out: 06:53:04 PM RCV  (1095193736): <success xmlns='urn:ietf:params:xml:ns:xmpp-sasl'>cnNwYXV0aD03ZjM2ZDJhZDA3NGYxYzZjZTU0NDAzNjFiYzkxMThmOA==</success>
06-13 18:53:04.468 31986  1758 I System.out: 06:53:04 PM SENT (1095193736): <stream:stream to="jabber.org" xmlns="jabber:client" xmlns:stream="http://etherx.jabber.org/streams" version="1.0">
06-13 18:53:04.597 31986  1758 I System.out: 06:53:04 PM RCV  (1095193736): <?xml version='1.0'?><stream:stream xmlns='jabber:client' xmlns:stream='http://etherx.jabber.org/streams' from='jabber.org' id='543a427b5fff0f9c' version='1.0'><stream:features><bind xmlns='urn:ietf:params:xml:ns:xmpp-bind'><required/></bind><session xmlns='urn:ietf:params:xml:ns:xmpp-session'/><compression xmlns='http://jabber.org/features/compress'><method>zlib</method></compression><ver xmlns='urn:xmpp:features:rosterver'><optional/></ver></stream:features>
06-13 18:53:04.605 31986  1757 I System.out: 06:53:04 PM SENT (1095193736): <iq id="Ul94v-59" type="set"><bind xmlns="urn:ietf:params:xml:ns:xmpp-bind"><resource>android9e7FLMWG</resource></bind></iq>
06-13 18:53:06.730   552   566 V GoogleLoginService: Returning error intent with: ComponentInfo{com.google.android.gsf.login/com.google.android.gsf.login.LoginActivity}
06-13 18:53:09.703 31986  1756 E com.xabber.android.data.connection.AccountItem@41417450: No response from the server.: 
06-13 18:53:09.703 31986  1756 E com.xabber.android.data.connection.AccountItem@41417450: 	at org.jivesoftware.smack.SASLAuthentication.bindResourceAndEstablishSession(SASLAuthentication.java:452)
06-13 18:53:09.703 31986  1756 E com.xabber.android.data.connection.AccountItem@41417450: 	at org.jivesoftware.smack.SASLAuthentication.authenticate(SASLAuthentication.java:348)
06-13 18:53:09.703 31986  1756 E com.xabber.android.data.connection.AccountItem@41417450: 	at org.jivesoftware.smack.XMPPConnection.login(XMPPConnection.java:210)
06-13 18:53:09.703 31986  1756 E com.xabber.android.data.connection.AccountItem@41417450: 	at com.xabber.android.data.connection.ConnectionThread.authorization(ConnectionThread.java:214)
06-13 18:53:09.703 31986  1756 E com.xabber.android.data.connection.AccountItem@41417450: 	at com.xabber.android.data.connection.ConnectionThread.access$5(ConnectionThread.java:207)
06-13 18:53:09.703 31986  1756 E com.xabber.android.data.connection.AccountItem@41417450: 	at com.xabber.android.data.connection.ConnectionThread$7.run(ConnectionThread.java:197)
06-13 18:53:09.703 31986  1756 E com.xabber.android.data.connection.AccountItem@41417450: 	at com.xabber.android.data.connection.ConnectionThread$13.run(ConnectionThread.java:362)
06-13 18:53:09.703 31986  1756 E com.xabber.android.data.connection.AccountItem@41417450: 	at java.util.concurrent.Executors$RunnableAdapter.call(Executors.java:442)
06-13 18:53:09.703 31986  1756 E com.xabber.android.data.connection.AccountItem@41417450: 	at java.util.concurrent.FutureTask$Sync.innerRun(FutureTask.java:305)
06-13 18:53:09.703 31986  1756 E com.xabber.android.data.connection.AccountItem@41417450: 	at java.util.concurrent.FutureTask.run(FutureTask.java:137)
06-13 18:53:09.703 31986  1756 E com.xabber.android.data.connection.AccountItem@41417450: 	at java.util.concurrent.ThreadPoolExecutor.runWorker(ThreadPoolExecutor.java:1076)
06-13 18:53:09.703 31986  1756 E com.xabber.android.data.connection.AccountItem@41417450: 	at java.util.concurrent.ThreadPoolExecutor$Worker.run(ThreadPoolExecutor.java:569)
06-13 18:53:09.703 31986  1756 E com.xabber.android.data.connection.AccountItem@41417450: 	at java.lang.Thread.run(Thread.java:856)
06-13 18:53:09.707 31986 31986 I com.xabber.android.data.connection.AccountItem@41417450: onClose 1095193736 - 42, true
06-13 18:53:09.707 31986 31986 I com.xabber.android.data.roster.RosterManager@413834b0: onDisconnect
06-13 18:53:09.711 31986  1756 W System.err: java.lang.InterruptedException
06-13 18:53:09.711 31986  1756 W System.err: 	at java.util.concurrent.locks.AbstractQueuedSynchronizer.acquireInterruptibly(AbstractQueuedSynchronizer.java:1198)
06-13 18:53:09.715 31986  1756 W System.err: 	at java.util.concurrent.locks.ReentrantLock.lockInterruptibly(ReentrantLock.java:311)
06-13 18:53:09.715 31986  1756 W System.err: 	at java.util.concurrent.LinkedBlockingQueue.put(LinkedBlockingQueue.java:309)
06-13 18:53:09.715 31986  1756 W System.err: 	at org.jivesoftware.smack.PacketWriter.sendPacket(PacketWriter.java:156)
06-13 18:53:09.715 31986  1756 W System.err: 	at org.jivesoftware.smack.XMPPConnection.shutdown(XMPPConnection.java:410)
06-13 18:53:09.715 31986  1756 W System.err: 	at org.jivesoftware.smack.XMPPConnection.disconnect(XMPPConnection.java:465)
06-13 18:53:09.715 31986  1756 W System.err: 	at org.jivesoftware.smack.Connection.disconnect(Connection.java:476)
06-13 18:53:09.715 31986  1756 W System.err: 	at com.xabber.android.data.connection.ConnectionThread.authorization(ConnectionThread.java:243)
06-13 18:53:09.715 31986  1756 W System.err: 	at com.xabber.android.data.connection.ConnectionThread.access$5(ConnectionThread.java:207)
06-13 18:53:09.715 31986  1756 W System.err: 	at com.xabber.android.data.connection.ConnectionThread$7.run(ConnectionThread.java:197)
06-13 18:53:09.715 31986  1756 W System.err: 	at com.xabber.android.data.connection.ConnectionThread$13.run(ConnectionThread.java:362)
06-13 18:53:09.715 31986  1756 W System.err: 	at java.util.concurrent.Executors$RunnableAdapter.call(Executors.java:442)
06-13 18:53:09.715 31986  1756 W System.err: 	at java.util.concurrent.FutureTask$Sync.innerRun(FutureTask.java:305)
06-13 18:53:09.715 31986  1756 W System.err: 	at java.util.concurrent.FutureTask.run(FutureTask.java:137)
06-13 18:53:09.715 31986  1756 W System.err: 	at java.util.concurrent.ThreadPoolExecutor.runWorker(ThreadPoolExecutor.java:1076)
06-13 18:53:09.715 31986  1756 W System.err: 	at java.util.concurrent.ThreadPoolExecutor$Worker.run(ThreadPoolExecutor.java:569)
06-13 18:53:09.722 31986  1756 W System.err: 	at java.lang.Thread.run(Thread.java:856)
06-13 18:53:09.722 31986  1757 I System.out: 06:53:09 PM SENT (1095193736): </stream:stream>
06-13 18:53:09.855 31986  1758 I System.out: 06:53:09 PM RCV  (1095193736): </stream:stream>
06-13 18:53:11.574   552   564 D dalvikvm: GC_EXPLICIT freed 292K, 7% free 9541K/10183K, paused 5ms+5ms
06-13 18:53:11.793   552   564 V GoogleLoginService: Returning error intent with: ComponentInfo{com.google.android.gsf.login/com.google.android.gsf.login.LoginActivity}
06-13 18:53:12.027 31986 31988 D dalvikvm: GC_CONCURRENT freed 463K, 7% free 10446K/11143K, paused 4ms+7ms
06-13 18:53:12.035 31986  1762 I System.out: 06:53:12 PM SENT (1095627200): <stream:stream to="jabber.org" xmlns="jabber:client" xmlns:stream="http://etherx.jabber.org/streams" version="1.0">
06-13 18:53:12.168 31986  1763 I System.out: 06:53:12 PM RCV  (1095627200): <?xml version='1.0'?><stream:stream xmlns='jabber:client' xmlns:stream='http://etherx.jabber.org/streams' from='jabber.org' id='d3341d6a5f73bda1' version='1.0'><stream:features><starttls xmlns='urn:ietf:params:xml:ns:xmpp-tls'/><mechanisms xmlns='urn:ietf:params:xml:ns:xmpp-sasl'><mechanism>CRAM-MD5</mechanism><mechanism>LOGIN</mechanism><mechanism>PLAIN</mechanism><mechanism>DIGEST-MD5</mechanism><mechanism>SCRAM-SHA-1</mechanism></mechanisms><compression xmlns='http://jabber.org/features/compress'><method>zlib</method></compression><ver xmlns='urn:xmpp:features:rosterver'><optional/></ver></stream:features>
06-13 18:53:12.226 31986  1763 I System.out: 06:53:12 PM SENT (1095627200): <starttls xmlns="urn:ietf:params:xml:ns:xmpp-tls"/>
06-13 18:53:12.414 31986  1763 I System.out: 06:53:12 PM RCV  (1095627200): <proceed xmlns='urn:ietf:params:xml:ns:xmpp-tls'/>
06-13 18:53:12.769 31986  1763 I System.out: 06:53:12 PM SENT (1095627200): <stream:stream to="jabber.org" xmlns="jabber:client" xmlns:stream="http://etherx.jabber.org/streams" version="1.0">
06-13 18:53:12.875   142   917 D dalvikvm: GC_EXPLICIT freed 2060K, 23% free 19012K/24647K, paused 17ms+9ms
06-13 18:53:13.043   142   153 I ActivityManager: Start proc com.google.android.apps.maps:LocationFriendService for service com.google.android.apps.maps/com.google.googlenav.friend.reporting.LocationReceiverService: pid=1764 uid=10057 gids={3003, 1015}
06-13 18:53:13.043   142   366 I ActivityManager: Process android.process.acore (pid 1677) has died.
06-13 18:53:13.211 31986  1763 I System.out: 06:53:13 PM RCV  (1095627200): <?xml version='1.0'?><stream:stream xmlns='jabber:client' xmlns:stream='http://etherx.jabber.org/streams' from='jabber.org' id='6d687c8ef1f1e062' version='1.0'><stream:features><mechanisms xmlns='urn:ietf:params:xml:ns:xmpp-sasl'><mechanism>CRAM-MD5</mechanism><mechanism>LOGIN</mechanism><mechanism>PLAIN</mechanism><mechanism>DIGEST-MD5</mechanism><mechanism>SCRAM-SHA-1</mechanism></mechanisms><compression xmlns='http://jabber.org/features/compress'><method>zlib</method></compression><ver xmlns='urn:xmpp:features:rosterver'><optional/></ver></stream:features>
06-13 18:53:13.300 31986  1762 I System.out: 06:53:13 PM SENT (1095627200): <auth mechanism="DIGEST-MD5" xmlns="urn:ietf:params:xml:ns:xmpp-sasl"></auth>
06-13 18:53:13.371  1764  1765 D dalvikvm: GC_CONCURRENT freed 175K, 3% free 9360K/9607K, paused 15ms+2ms
06-13 18:53:13.449   142   602 I ActivityManager: Process com.google.android.gsf.login (pid 552) has died.
06-13 18:53:13.543 31986  1763 I System.out: 06:53:13 PM RCV  (1095627200): <challenge xmlns='urn:ietf:params:xml:ns:xmpp-sasl'>bm9uY2U9IlNnUWRDWlZPUkZsZnZsbmZlZVQ0dEQrVnoxV2w1TEs2MHZkTDVMMzkrdHM9IixyZWFsbT0iamFiYmVyLm9yZyIscW9wPSJhdXRoIixtYXhidWY9MTYzODQsY2hhcnNldD11dGYtOCxhbGdvcml0aG09bWQ1LXNlc3M=</challenge>
06-13 18:53:13.550 31986  1762 I System.out: 06:53:13 PM SENT (1095627200): <response xmlns="urn:ietf:params:xml:ns:xmpp-sasl">dXNlcm5hbWU9Imxva2VzaG1hbmR2ZWthciIscmVhbG09ImphYmJlci5vcmciLGNub25jZT0iYTViNGZjZTUzNjRlYTc3MmJiMjUwOTM5YWQzOThjZGFiNmQ0MDZjZDljNDAzODkxZWNlYjBjYjQ5Yzg5YTNkMSIsbmM9MDAwMDAwMDEscW9wPWF1dGgsZGlnZXN0LXVyaT0ieG1wcC9qYWJiZXIub3JnIixyZXNwb25zZT05OWI1ZWVmZTBhZWVmNWYxNmJjYTI4ODc1OGE3ZjA1MSxjaGFyc2V0PXV0Zi04LG5vbmNlPSJTZ1FkQ1pWT1JGbGZ2bG5mZWVUNHREK1Z6MVdsNUxLNjB2ZEw1TDM5K3RzPSI=</response>
06-13 18:53:13.957 31986  1763 I System.out: 06:53:13 PM RCV  (1095627200): <success xmlns='urn:ietf:params:xml:ns:xmpp-sasl'>cnNwYXV0aD0wMmYyMzg2YzJmZTQ0ODVlZWY5YzUxZGIxYWUxMTBjMQ==</success>
06-13 18:53:13.984  1764  1765 D dalvikvm: GC_CONCURRENT freed 160K, 3% free 9660K/9927K, paused 2ms+9ms
06-13 18:53:14.336 31986  1763 I System.out: 06:53:14 PM SENT (1095627200): <stream:stream to="jabber.org" xmlns="jabber:client" xmlns:stream="http://etherx.jabber.org/streams" version="1.0">
06-13 18:53:14.472 31986  1763 I System.out: 06:53:14 PM RCV  (1095627200): <?xml version='1.0'?><stream:stream xmlns='jabber:client' xmlns:stream='http://etherx.jabber.org/streams' from='jabber.org' id='5c38b4205cd04ae3' version='1.0'><stream:features><bind xmlns='urn:ietf:params:xml:ns:xmpp-bind'><required/></bind><session xmlns='urn:ietf:params:xml:ns:xmpp-session'/><compression xmlns='http://jabber.org/features/compress'><method>zlib</method></compression><ver xmlns='urn:xmpp:features:rosterver'><optional/></ver></stream:features>
06-13 18:53:14.500 30888 30938 D dalvikvm: GC_EXPLICIT freed 188K, 6% free 10272K/10887K, paused 10ms+11ms
06-13 18:53:14.629  1764  1765 D dalvikvm: GC_CONCURRENT freed 235K, 4% free 9878K/10247K, paused 7ms+2ms
06-13 18:53:16.648   142   142 I ActivityManager: Start proc com.google.android.gsf.login for service com.google.android.gsf.login/com.google.android.gsf.loginservice.GoogleLoginService: pid=1788 uid=10009 gids={3003, 1015, 1007, 2001, 3006}
06-13 18:53:16.730    80    80 D dalvikvm: GC_EXPLICIT freed 38K, 4% free 9031K/9347K, paused 2ms+14ms
06-13 18:53:16.886    80    80 D dalvikvm: GC_EXPLICIT freed <1K, 4% free 9031K/9347K, paused 6ms+11ms
06-13 18:53:17.105    80    80 D dalvikvm: GC_EXPLICIT freed <1K, 4% free 9031K/9347K, paused 15ms+17ms
06-13 18:53:17.386  1788  1790 D dalvikvm: GC_CONCURRENT freed 316K, 5% free 9166K/9607K, paused 1ms+14ms
06-13 18:53:18.086 31986 31988 D dalvikvm: GC_CONCURRENT freed 397K, 7% free 10433K/11143K, paused 119ms+109ms
06-13 18:53:18.086 31986  1762 I System.out: 06:53:14 PM SENT (1095627200): <iq id="Ul94v-60" type="set"><bind xmlns="urn:ietf:params:xml:ns:xmpp-bind"><resource>android9e7FLMWG</resource></bind></iq>
06-13 18:53:18.351  1788  1799 V GoogleLoginService: Returning error intent with: ComponentInfo{com.google.android.gsf.login/com.google.android.gsf.login.LoginActivity}
06-13 18:53:18.515   357   357 D dalvikvm: GC_EXPLICIT freed 31K, 6% free 9101K/9607K, paused 3ms+7ms
06-13 18:53:19.066   142   153 I ActivityManager: Process com.google.android.gsf.login (pid 1788) has died.
06-13 18:53:19.968 31986  1761 E com.xabber.android.data.connection.AccountItem@41417450: No response from the server.: 
06-13 18:53:19.968 31986  1761 E com.xabber.android.data.connection.AccountItem@41417450: 	at org.jivesoftware.smack.SASLAuthentication.bindResourceAndEstablishSession(SASLAuthentication.java:452)
06-13 18:53:19.968 31986  1761 E com.xabber.android.data.connection.AccountItem@41417450: 	at org.jivesoftware.smack.SASLAuthentication.authenticate(SASLAuthentication.java:348)
06-13 18:53:19.968 31986  1761 E com.xabber.android.data.connection.AccountItem@41417450: 	at org.jivesoftware.smack.XMPPConnection.login(XMPPConnection.java:210)
06-13 18:53:19.968 31986  1761 E com.xabber.android.data.connection.AccountItem@41417450: 	at com.xabber.android.data.connection.ConnectionThread.authorization(ConnectionThread.java:214)
06-13 18:53:19.968 31986  1761 E com.xabber.android.data.connection.AccountItem@41417450: 	at com.xabber.android.data.connection.ConnectionThread.access$5(ConnectionThread.java:207)
06-13 18:53:19.968 31986  1761 E com.xabber.android.data.connection.AccountItem@41417450: 	at com.xabber.android.data.connection.ConnectionThread$7.run(ConnectionThread.java:197)
06-13 18:53:19.968 31986  1761 E com.xabber.android.data.connection.AccountItem@41417450: 	at com.xabber.android.data.connection.ConnectionThread$13.run(ConnectionThread.java:362)
06-13 18:53:19.968 31986  1761 E com.xabber.android.data.connection.AccountItem@41417450: 	at java.util.concurrent.Executors$RunnableAdapter.call(Executors.java:442)
06-13 18:53:19.968 31986  1761 E com.xabber.android.data.connection.AccountItem@41417450: 	at java.util.concurrent.FutureTask$Sync.innerRun(FutureTask.java:305)
06-13 18:53:19.968 31986  1761 E com.xabber.android.data.connection.AccountItem@41417450: 	at java.util.concurrent.FutureTask.run(FutureTask.java:137)
06-13 18:53:19.968 31986  1761 E com.xabber.android.data.connection.AccountItem@41417450: 	at java.util.concurrent.ThreadPoolExecutor.runWorker(ThreadPoolExecutor.java:1076)
06-13 18:53:19.968 31986  1761 E com.xabber.android.data.connection.AccountItem@41417450: 	at java.util.concurrent.ThreadPoolExecutor$Worker.run(ThreadPoolExecutor.java:569)
06-13 18:53:19.968 31986  1761 E com.xabber.android.data.connection.AccountItem@41417450: 	at java.lang.Thread.run(Thread.java:856)
06-13 18:53:19.968 31986 31986 I com.xabber.android.data.connection.AccountItem@41417450: onClose 1095627200 - 43, true
06-13 18:53:19.968 31986 31986 I com.xabber.android.data.roster.RosterManager@413834b0: onDisconnect
06-13 18:53:19.976 31986  1761 W System.err: java.lang.InterruptedException
06-13 18:53:19.984 31986  1761 W System.err: 	at java.util.concurrent.locks.AbstractQueuedSynchronizer.acquireInterruptibly(AbstractQueuedSynchronizer.java:1198)
06-13 18:53:19.984 31986  1761 W System.err: 	at java.util.concurrent.locks.ReentrantLock.lockInterruptibly(ReentrantLock.java:311)
06-13 18:53:19.984 31986  1761 W System.err: 	at java.util.concurrent.LinkedBlockingQueue.put(LinkedBlockingQueue.java:309)
06-13 18:53:19.984 31986  1761 W System.err: 	at org.jivesoftware.smack.PacketWriter.sendPacket(PacketWriter.java:156)
06-13 18:53:19.984 31986  1761 W System.err: 	at org.jivesoftware.smack.XMPPConnection.shutdown(XMPPConnection.java:410)
06-13 18:53:19.984 31986  1761 W System.err: 	at org.jivesoftware.smack.XMPPConnection.disconnect(XMPPConnection.java:465)
06-13 18:53:19.984 31986  1761 W System.err: 	at org.jivesoftware.smack.Connection.disconnect(Connection.java:476)
06-13 18:53:19.984 31986  1761 W System.err: 	at com.xabber.android.data.connection.ConnectionThread.authorization(ConnectionThread.java:243)
06-13 18:53:19.984 31986  1761 W System.err: 	at com.xabber.android.data.connection.ConnectionThread.access$5(ConnectionThread.java:207)
06-13 18:53:19.984 31986  1761 W System.err: 	at com.xabber.android.data.connection.ConnectionThread$7.run(ConnectionThread.java:197)
06-13 18:53:19.984 31986  1761 W System.err: 	at com.xabber.android.data.connection.ConnectionThread$13.run(ConnectionThread.java:362)
06-13 18:53:19.984 31986  1761 W System.err: 	at java.util.concurrent.Executors$RunnableAdapter.call(Executors.java:442)
06-13 18:53:19.984 31986  1761 W System.err: 	at java.util.concurrent.FutureTask$Sync.innerRun(FutureTask.java:305)
06-13 18:53:19.984 31986  1761 W System.err: 	at java.util.concurrent.FutureTask.run(FutureTask.java:137)
06-13 18:53:19.984 31986  1761 W System.err: 	at java.util.concurrent.ThreadPoolExecutor.runWorker(ThreadPoolExecutor.java:1076)
06-13 18:53:19.984 31986  1761 W System.err: 	at java.util.concurrent.ThreadPoolExecutor$Worker.run(ThreadPoolExecutor.java:569)
06-13 18:53:19.984 31986  1761 W System.err: 	at java.lang.Thread.run(Thread.java:856)
06-13 18:53:19.988 31986  1762 I System.out: 06:53:19 PM SENT (1095627200): </stream:stream>
06-13 18:53:20.105 31986  1763 I System.out: 06:53:20 PM RCV  (1095627200): </stream:stream>
06-13 18:53:20.187   142  1778 I ActivityManager: Applications Memory Usage (kB):
06-13 18:53:20.187   142  1778 I ActivityManager: Uptime: 138361477 Realtime: 265257872
06-13 18:53:20.187   142  1778 I ActivityManager: Total PSS by OOM adjustment:
06-13 18:53:20.187   142  1778 I ActivityManager:     34040 kB: System
06-13 18:53:20.187   142  1778 I ActivityManager:                34040 kB: system (pid 142)
06-13 18:53:20.187   142  1778 I ActivityManager:     28774 kB: Persistent
06-13 18:53:20.187   142  1778 I ActivityManager:                12779 kB: com.android.systemui (pid 213)
06-13 18:53:20.187   142  1778 I ActivityManager:                12019 kB: com.android.phone (pid 342)
06-13 18:53:20.187   142  1778 I ActivityManager:                 3976 kB: com.android.nfc (pid 357)
06-13 18:53:20.187   142  1778 I ActivityManager:     56027 kB: Foreground
06-13 18:53:20.187   142  1778 I ActivityManager:                44281 kB: com.google.android.gm (pid 1646)
06-13 18:53:20.187   142  1778 I ActivityManager:                11746 kB: com.google.process.gapps (pid 30888)
06-13 18:53:20.187   142  1778 I ActivityManager:      2748 kB: Visible
06-13 18:53:20.187   142  1778 I ActivityManager:                 2748 kB: com.android.smspush (pid 428)
06-13 18:53:20.187   142  1778 I ActivityManager:     42145 kB: Perceptible
06-13 18:53:20.187   142  1778 I ActivityManager:                18747 kB: hr.podlanica (pid 959)
06-13 18:53:20.187   142  1778 I ActivityManager:                13181 kB: com.spotify.mobile.android.service (pid 30073)
06-13 18:53:20.187   142  1778 I ActivityManager:                10217 kB: com.android.inputmethod.latin (pid 324)
06-13 18:53:20.187   142  1778 I ActivityManager:     16936 kB: A Services
06-13 18:53:20.187   142  1778 I ActivityManager:                 7742 kB: com.google.android.apps.maps:NetworkLocationService (pid 742)
06-13 18:53:20.187   142  1778 I ActivityManager:                 5142 kB: com.google.android.apps.maps:LocationFriendService (pid 1764)
06-13 18:53:20.187   142  1778 I ActivityManager:                 4052 kB: edu.buffalo.cse.phonelab.phonelabservices (pid 32042)
06-13 18:53:20.187   142  1778 I ActivityManager:     13903 kB: Home
06-13 18:53:20.187   142  1778 I ActivityManager:                13903 kB: com.android.launcher (pid 27790)
06-13 18:53:20.187   142  1778 I ActivityManager:     10757 kB: Previous
06-13 18:53:20.187   142  1778 I ActivityManager:                10757 kB: com.spotify.mobile.android.ui (pid 1238)
06-13 18:53:20.187   142  1778 I ActivityManager:     37017 kB: B Services
06-13 18:53:20.187   142  1778 I ActivityManager:                 9035 kB: com.facebook.orca (pid 31722)
06-13 18:53:20.187   142  1778 I ActivityManager:                 8064 kB: com.xabber.android (pid 31986)
06-13 18:53:20.187   142  1778 I ActivityManager:                 6663 kB: com.google.android.apps.currents (pid 533)
06-13 18:53:20.187   142  1778 I ActivityManager:                 5816 kB: com.whatsapp (pid 32672)
06-13 18:53:20.187   142  1778 I ActivityManager:                 4853 kB: com.google.android.apps.googlevoice (pid 31944)
06-13 18:53:20.187   142  1778 I ActivityManager:                 2586 kB: com.android.sprintmenu (pid 31970)
06-13 18:53:20.187   142  1778 I ActivityManager: 
06-13 18:53:20.187   142  1778 I ActivityManager: Total PSS: 242347 kB
06-13 18:53:20.187   142  1778 I ActivityManager:   PID      Vss      Rss      Pss      Uss  cmdline
06-13 18:53:20.187   142  1778 I ActivityManager:  1646   67156K   67088K   42893K   38292K  com.google.android.gm
06-13 18:53:20.187   142  1778 I ActivityManager:   142   52256K   52184K   33806K   31832K  system_server
06-13 18:53:20.187   142  1778 I ActivityManager:   959   33920K   33872K   18818K   17516K  hr.podlanica
06-13 18:53:20.187   142  1778 I ActivityManager: 27790   31152K   31080K   13935K   12824K  com.android.launcher
06-13 18:53:20.187   142  1778 I ActivityManager: 30073   32100K   32044K   13035K   11652K  com.spotify.mobile.android.service
06-13 18:53:20.187   142  1778 I ActivityManager:   213   33084K   33016K   12656K    8632K  com.android.systemui
06-13 18:53:20.187   142  1778 I ActivityManager:    79   21796K   18796K   12604K    7240K  /system/bin/surfaceflinger
06-13 18:53:20.187   142  1778 I ActivityManager:   342   27940K   27888K   11964K   11184K  com.android.phone
06-13 18:53:20.187   142  1778 I ActivityManager: 30888   30768K   30684K   11863K   10700K  com.google.process.gapps
06-13 18:53:20.187   142  1778 I ActivityManager:  1238   31392K   31296K   10758K    9004K  com.spotify.mobile.android.ui
06-13 18:53:20.187   142  1778 I ActivityManager:   324   26744K   26656K   10213K    9332K  com.android.inputmethod.latin
06-13 18:53:20.187   142  1778 I ActivityManager: 31722   27424K   27320K    9122K    8132K  com.facebook.orca
06-13 18:53:20.187   142  1778 I ActivityManager:  1764   29020K   28956K    8704K    6768K  com.google.android.apps.maps:LocationFriendService
06-13 18:53:20.187   142  1778 I ActivityManager: 31986   27048K   26988K    7814K    6628K  com.xabber.android
06-13 18:53:20.187   142  1778 I ActivityManager:   742   26792K   26732K    7699K    6368K  com.google.android.apps.maps:NetworkLocationService
06-13 18:53:20.187   142  1778 I ActivityManager:   533   26028K   25936K    6720K    5584K  com.google.android.apps.currents
06-13 18:53:20.187   142  1778 I ActivityManager: 32672   25012K   24920K    5767K    4652K  com.whatsapp
06-13 18:53:20.187   142  1778 I ActivityManager: 31944   24020K   23920K    4936K    3864K  com.google.android.apps.googlevoice
06-13 18:53:20.187   142  1778 I ActivityManager: 32042   22684K   22620K    4094K    3056K  edu.buffalo.cse.phonelab.phonelabservices
06-13 18:53:20.187   142  1778 I ActivityManager:   357   19824K   19728K    4054K    3280K  com.android.nfc
06-13 18:53:20.187   142  1778 I ActivityManager: 18802   18060K   17956K    3316K    2544K  com.spotify.mobile.android.ui
06-13 18:53:20.187   142  1778 I ActivityManager:   428   18548K   18436K    2781K    1912K  com.android.smspush
06-13 18:53:20.187   142  1778 I ActivityManager: 31970   21332K   21232K    2693K    1596K  com.android.sprintmenu
06-13 18:53:20.187   142  1778 I ActivityManager:    82    2536K    2536K    2132K    2016K  /system/bin/mediaserver
06-13 18:53:20.187   142  1778 I ActivityManager:    80   18540K   18412K    2034K    1068K  zygote
06-13 18:53:20.187   142  1778 I ActivityManager:    81    1092K    1092K     882K     876K  /system/bin/drmserver
06-13 18:53:20.187   142  1778 I ActivityManager:    78    1112K    1112K     810K     796K  /system/bin/rild
06-13 18:53:20.187   142  1778 I ActivityManager: 22817     796K     796K     592K     576K  /system/bin/netd
06-13 18:53:20.187   142  1778 I ActivityManager: 27718     668K     664K     524K     520K  logcat
06-13 18:53:20.187   142  1778 I ActivityManager:  1805     668K     660K     523K     516K  procrank
06-13 18:53:20.187   142  1778 I ActivityManager:    88     380K     380K     364K     364K  /sbin/adbd
06-13 18:53:20.187   142  1778 I ActivityManager:   298     388K     388K     302K     300K  /system/bin/bluetoothd
06-13 18:53:20.187   142  1778 I ActivityManager:    73     432K     428K     291K     284K  /system/bin/vold
06-13 18:53:20.187   142  1778 I ActivityManager:    86     464K     460K     282K     276K  /system/vendor/bin/gpsd
06-13 18:53:20.187   142  1778 I ActivityManager:    85     448K     412K     252K     244K  /system/bin/keystore
06-13 18:53:20.187   142  1778 I ActivityManager:    83     276K     268K     186K     184K  /system/bin/dbus-d
06-13 18:53:21.504   142   922 I ActivityManager: Start proc com.google.android.gsf.login for service com.google.android.gsf.login/com.google.android.gsf.loginservice.GoogleLoginService: pid=1808 uid=10009 gids={3003, 1015, 1007, 2001, 3006}
06-13 18:53:21.617   142   294 I ActivityManager: Process com.google.android.apps.maps:LocationFriendService (pid 1764) has died.
06-13 18:53:22.187  1808  1810 D dalvikvm: GC_CONCURRENT freed 315K, 5% free 9208K/9607K, paused 8ms+23ms
06-13 18:53:22.285 31986  1826 I System.out: 06:53:22 PM SENT (1095443264): <stream:stream to="jabber.org" xmlns="jabber:client" xmlns:stream="http://etherx.jabber.org/streams" version="1.0">
06-13 18:53:22.488 31986  1827 I System.out: 06:53:22 PM RCV  (1095443264): <?xml version='1.0'?><stream:stream xmlns='jabber:client' xmlns:stream='http://etherx.jabber.org/streams' from='jabber.org' id='a70140845629243e' version='1.0'><stream:features><starttls xmlns='urn:ietf:params:xml:ns:xmpp-tls'/><mechanisms xmlns='urn:ietf:params:xml:ns:xmpp-sasl'><mechanism>CRAM-MD5</mechanism><mechanism>LOGIN</mechanism><mechanism>PLAIN</mechanism><mechanism>DIGEST-MD5</mechanism><mechanism>SCRAM-SHA-1</mechanism></mechanisms><compression xmlns='http://jabber.org/features/compress'><method>zlib</method></compression><ver xmlns='urn:xmpp:features:rosterver'><optional/></ver></stream:features>
06-13 18:53:22.492 31986  1827 I System.out: 06:53:22 PM SENT (1095443264): <starttls xmlns="urn:ietf:params:xml:ns:xmpp-tls"/>
06-13 18:53:22.675 31986  1827 I System.out: 06:53:22 PM RCV  (1095443264): <proceed xmlns='urn:ietf:params:xml:ns:xmpp-tls'/>
06-13 18:53:22.797  1808  1819 V GoogleLoginService: Returning error intent with: ComponentInfo{com.google.android.gsf.login/com.google.android.gsf.login.LoginActivity}
06-13 18:53:23.007 31986  1827 I System.out: 06:53:23 PM SENT (1095443264): <stream:stream to="jabber.org" xmlns="jabber:client" xmlns:stream="http://etherx.jabber.org/streams" version="1.0">
06-13 18:53:23.047 31986 31988 D dalvikvm: GC_CONCURRENT freed 321K, 6% free 10507K/11143K, paused 2ms+2ms
06-13 18:53:23.343 31986  1827 I System.out: 06:53:23 PM RCV  (1095443264): <?xml version='1.0'?><stream:stream xmlns='jabber:client' xmlns:stream='http://etherx.jabber.org/streams' from='jabber.org' id='13af0295190492dd' version='1.0'><stream:features><mechanisms xmlns='urn:ietf:params:xml:ns:xmpp-sasl'><mechanism>CRAM-MD5</mechanism><mechanism>LOGIN</mechanism><mechanism>PLAIN</mechanism><mechanism>DIGEST-MD5</mechanism><mechanism>SCRAM-SHA-1</mechanism></mechanisms><compression xmlns='http://jabber.org/features/compress'><method>zlib</method></compression><ver xmlns='urn:xmpp:features:rosterver'><optional/></ver></stream:features>
06-13 18:53:23.437 31986  1826 I System.out: 06:53:23 PM SENT (1095443264): <auth mechanism="DIGEST-MD5" xmlns="urn:ietf:params:xml:ns:xmpp-sasl"></auth>
06-13 18:53:23.601 31986  1827 I System.out: 06:53:23 PM RCV  (1095443264): <challenge xmlns='urn:ietf:params:xml:ns:xmpp-sasl'>bm9uY2U9IlQxRG1NK2JRdEtlaEM0Mm1GQU1XR2s3dGJuUWNVVXNsamRiU0FaN2pqWmM9IixyZWFsbT0iamFiYmVyLm9yZyIscW9wPSJhdXRoIixtYXhidWY9MTYzODQsY2hhcnNldD11dGYtOCxhbGdvcml0aG09bWQ1LXNlc3M=</challenge>
06-13 18:53:23.609  1646  1648 D dalvikvm: GC_CONCURRENT freed 994K, 11% free 11142K/12423K, paused 2ms+14ms
06-13 18:53:23.636  1646  1828 I Gmail   : MainSyncRequestProto: lowestBkwdConvoId: 0, highestHandledServerOp: 3241452, normalSync: true
06-13 18:53:23.656  1646  1828 W Gmail   : Scheduling index for 300000 ms from now
06-13 18:53:23.656 31986  1826 I System.out: 06:53:23 PM SENT (1095443264): <response xmlns="urn:ietf:params:xml:ns:xmpp-sasl">dXNlcm5hbWU9Imxva2VzaG1hbmR2ZWthciIscmVhbG09ImphYmJlci5vcmciLGNub25jZT0iODRlZjA5MzRiZWIyYTgxY2VmZGE2MzQ4NDBmZjk3ODhmMWY2ZDcwYzRlNmFjOWU5MmM2ZmIxZDkxNTYyYzVjNyIsbmM9MDAwMDAwMDEscW9wPWF1dGgsZGlnZXN0LXVyaT0ieG1wcC9qYWJiZXIub3JnIixyZXNwb25zZT0zYjM4OTIyNDAzNTg4Yzk2MWVhZDI2Yjg1YTU0YWE3NSxjaGFyc2V0PXV0Zi04LG5vbmNlPSJUMURtTStiUXRLZWhDNDJtRkFNV0drN3RiblFjVVVzbGpkYlNBWjdqalpjPSI=</response>
06-13 18:53:23.808  1646  1729 D dalvikvm: GC_EXPLICIT freed 363K, 12% free 10959K/12423K, paused 14ms+8ms
06-13 18:53:23.886 31986  1827 I System.out: 06:53:23 PM RCV  (1095443264): <success xmlns='urn:ietf:params:xml:ns:xmpp-sasl'>cnNwYXV0aD04YWY4Y2M1MTZmMWYzMGYzODQ2ZWExMmVjMDAwYjgxZA==</success>
06-13 18:53:23.894 31986  1827 I System.out: 06:53:23 PM SENT (1095443264): <stream:stream to="jabber.org" xmlns="jabber:client" xmlns:stream="http://etherx.jabber.org/streams" version="1.0">
06-13 18:53:24.054 31986  1827 I System.out: 06:53:24 PM RCV  (1095443264): <?xml version='1.0'?><stream:stream xmlns='jabber:client' xmlns:stream='http://etherx.jabber.org/streams' from='jabber.org' id='7e3ae522d4d14eed' version='1.0'><stream:features><bind xmlns='urn:ietf:params:xml:ns:xmpp-bind'><required/></bind><session xmlns='urn:ietf:params:xml:ns:xmpp-session'/><compression xmlns='http://jabber.org/features/compress'><method>zlib</method></compression><ver xmlns='urn:xmpp:features:rosterver'><optional/></ver></stream:features>
06-13 18:53:24.066 31986  1826 I System.out: 06:53:24 PM SENT (1095443264): <iq id="Ul94v-61" type="set"><bind xmlns="urn:ietf:params:xml:ns:xmpp-bind"><resource>android9e7FLMWG</resource></bind></iq>
06-13 18:53:26.781  1808  1819 V GoogleLoginService: Returning error intent with: ComponentInfo{com.google.android.gsf.login/com.google.android.gsf.login.LoginActivity}
06-13 18:53:28.273   959   959 D dalvikvm: GC_EXPLICIT freed 699K, 20% free 11754K/14663K, paused 16ms+5ms
06-13 18:53:29.058 31986  1825 E com.xabber.android.data.connection.AccountItem@41417450: No response from the server.: 
06-13 18:53:29.058 31986  1825 E com.xabber.android.data.connection.AccountItem@41417450: 	at org.jivesoftware.smack.SASLAuthentication.bindResourceAndEstablishSession(SASLAuthentication.java:452)
06-13 18:53:29.058 31986  1825 E com.xabber.android.data.connection.AccountItem@41417450: 	at org.jivesoftware.smack.SASLAuthentication.authenticate(SASLAuthentication.java:348)
06-13 18:53:29.058 31986  1825 E com.xabber.android.data.connection.AccountItem@41417450: 	at org.jivesoftware.smack.XMPPConnection.login(XMPPConnection.java:210)
06-13 18:53:29.058 31986  1825 E com.xabber.android.data.connection.AccountItem@41417450: 	at com.xabber.android.data.connection.ConnectionThread.authorization(ConnectionThread.java:214)
06-13 18:53:29.058 31986  1825 E com.xabber.android.data.connection.AccountItem@41417450: 	at com.xabber.android.data.connection.ConnectionThread.access$5(ConnectionThread.java:207)
06-13 18:53:29.058 31986  1825 E com.xabber.android.data.connection.AccountItem@41417450: 	at com.xabber.android.data.connection.ConnectionThread$7.run(ConnectionThread.java:197)
06-13 18:53:29.058 31986  1825 E com.xabber.android.data.connection.AccountItem@41417450: 	at com.xabber.android.data.connection.ConnectionThread$13.run(ConnectionThread.java:362)
06-13 18:53:29.058 31986  1825 E com.xabber.android.data.connection.AccountItem@41417450: 	at java.util.concurrent.Executors$RunnableAdapter.call(Executors.java:442)
06-13 18:53:29.058 31986  1825 E com.xabber.android.data.connection.AccountItem@41417450: 	at java.util.concurrent.FutureTask$Sync.innerRun(FutureTask.java:305)
06-13 18:53:29.058 31986  1825 E com.xabber.android.data.connection.AccountItem@41417450: 	at java.util.concurrent.FutureTask.run(FutureTask.java:137)
06-13 18:53:29.058 31986  1825 E com.xabber.android.data.connection.AccountItem@41417450: 	at java.util.concurrent.ThreadPoolExecutor.runWorker(ThreadPoolExecutor.java:1076)
06-13 18:53:29.058 31986  1825 E com.xabber.android.data.connection.AccountItem@41417450: 	at java.util.concurrent.ThreadPoolExecutor$Worker.run(ThreadPoolExecutor.java:569)
06-13 18:53:29.058 31986  1825 E com.xabber.android.data.connection.AccountItem@41417450: 	at java.lang.Thread.run(Thread.java:856)
06-13 18:53:29.058 31986 31986 I com.xabber.android.data.connection.AccountItem@41417450: onClose 1095443264 - 44, true
06-13 18:53:29.062 31986 31986 I com.xabber.android.data.roster.RosterManager@413834b0: onDisconnect
06-13 18:53:29.078 31986  1825 W System.err: java.lang.InterruptedException
06-13 18:53:29.082 31986  1825 W System.err: 	at java.util.concurrent.locks.AbstractQueuedSynchronizer.acquireInterruptibly(AbstractQueuedSynchronizer.java:1198)
06-13 18:53:29.082 31986  1825 W System.err: 	at java.util.concurrent.locks.ReentrantLock.lockInterruptibly(ReentrantLock.java:311)
06-13 18:53:29.082 31986  1825 W System.err: 	at java.util.concurrent.LinkedBlockingQueue.put(LinkedBlockingQueue.java:309)
06-13 18:53:29.082 31986  1825 W System.err: 	at org.jivesoftware.smack.PacketWriter.sendPacket(PacketWriter.java:156)
06-13 18:53:29.082 31986  1825 W System.err: 	at org.jivesoftware.smack.XMPPConnection.shutdown(XMPPConnection.java:410)
06-13 18:53:29.082 31986  1825 W System.err: 	at org.jivesoftware.smack.XMPPConnection.disconnect(XMPPConnection.java:465)
06-13 18:53:29.082 31986  1825 W System.err: 	at org.jivesoftware.smack.Connection.disconnect(Connection.java:476)
06-13 18:53:29.082 31986  1825 W System.err: 	at com.xabber.android.data.connection.ConnectionThread.authorization(ConnectionThread.java:243)
06-13 18:53:29.086 31986  1825 W System.err: 	at com.xabber.android.data.connection.ConnectionThread.access$5(ConnectionThread.java:207)
06-13 18:53:29.086 31986  1825 W System.err: 	at com.xabber.android.data.connection.ConnectionThread$7.run(ConnectionThread.java:197)
06-13 18:53:29.086 31986  1825 W System.err: 	at com.xabber.android.data.connection.ConnectionThread$13.run(ConnectionThread.java:362)
06-13 18:53:29.086 31986  1825 W System.err: 	at java.util.concurrent.Executors$RunnableAdapter.call(Executors.java:442)
06-13 18:53:29.086 31986  1825 W System.err: 	at java.util.concurrent.FutureTask$Sync.innerRun(FutureTask.java:305)
06-13 18:53:29.086 31986  1825 W System.err: 	at java.util.concurrent.FutureTask.run(FutureTask.java:137)
06-13 18:53:29.086 31986  1825 W System.err: 	at java.util.concurrent.ThreadPoolExecutor.runWorker(ThreadPoolExecutor.java:1076)
06-13 18:53:29.086 31986  1825 W System.err: 	at java.util.concurrent.ThreadPoolExecutor$Worker.run(ThreadPoolExecutor.java:569)
06-13 18:53:29.090 31986  1825 W System.err: 	at java.lang.Thread.run(Thread.java:856)
06-13 18:53:29.090 31986  1826 I System.out: 06:53:29 PM SENT (1095443264): </stream:stream>
06-13 18:53:29.246   342   342 D SAN_SERVICE: *******************************************
06-13 18:53:29.246   342   342 D SAN_SERVICE: DM App Phone Service State - 0
06-13 18:53:29.246   342   342 D SAN_SERVICE: *******************************************
06-13 18:53:29.277 31986  1827 I System.out: 06:53:29 PM RCV  (1095443264): </stream:stream>
06-13 18:53:30.566 32042 32056 I PhoneLab-: Service Running
06-13 18:53:30.621   142   368 I ActivityManager: Process com.google.android.gsf.login (pid 1808) has died.
06-13 18:53:30.691 32042 32056 I PhoneLab-LoggerService: app_38    27718 1     1112   664   c00f181c 400107b4 S logcat
06-13 18:53:30.691 32042 32056 I PhoneLab-LoggerService: Logcat pid from database 27718
06-13 18:53:30.691 32042 32056 I PhoneLab-LoggerService: Logcat process found 27718
06-13 18:53:30.691 32042 32056 I PhoneLab-LoggerService: Checking Threshold
06-13 18:53:30.691 32042 32056 I PhoneLab-LoggerService: Starting to rename files
06-13 18:53:30.691 32042 32056 I PhoneLab-LoggerService: Files found .. 4
06-13 18:53:30.691 32042 32056 I PhoneLab-LoggerService: File 1 log.out.1
06-13 18:53:30.750 32042 32056 I PhoneLab-LoggerService: Renamed successfully
06-13 18:53:31.425 31986  1833 I System.out: 06:53:31 PM SENT (1094983880): <stream:stream to="jabber.org" xmlns="jabber:client" xmlns:stream="http://etherx.jabber.org/streams" version="1.0">
06-13 18:53:31.539   142   918 I ActivityManager: Start proc com.google.android.gsf.login for service com.google.android.gsf.login/com.google.android.gsf.loginservice.GoogleLoginService: pid=1835 uid=10009 gids={3003, 1015, 1007, 2001, 3006}
06-13 18:53:31.617 31986  1834 I System.out: 06:53:31 PM RCV  (1094983880): <?xml version='1.0'?><stream:stream xmlns='jabber:client' xmlns:stream='http://etherx.jabber.org/streams' from='jabber.org' id='abe35ceec246b200' version='1.0'><stream:features><starttls xmlns='urn:ietf:params:xml:ns:xmpp-tls'/><mechanisms xmlns='urn:ietf:params:xml:ns:xmpp-sasl'><mechanism>CRAM-MD5</mechanism><mechanism>LOGIN</mechanism><mechanism>PLAIN</mechanism><mechanism>DIGEST-MD5</mechanism><mechanism>SCRAM-SHA-1</mechanism></mechanisms><compression xmlns='http://jabber.org/features/compress'><method>zlib</method></compression><ver xmlns='urn:xmpp:features:rosterver'><optional/></ver></stream:features>
06-13 18:53:31.750 31986  1834 I System.out: 06:53:31 PM SENT (1094983880): <starttls xmlns="urn:ietf:params:xml:ns:xmpp-tls"/>
06-13 18:53:31.890 31986  1834 I System.out: 06:53:31 PM RCV  (1094983880): <proceed xmlns='urn:ietf:params:xml:ns:xmpp-tls'/>
06-13 18:53:32.230  1835  1838 D dalvikvm: GC_CONCURRENT freed 326K, 5% free 9210K/9607K, paused 4ms+11ms
06-13 18:53:32.367 31986 31988 D dalvikvm: GC_CONCURRENT freed 395K, 6% free 10498K/11143K, paused 5ms+3ms
06-13 18:53:32.402 31986  1834 I System.out: 06:53:32 PM SENT (1094983880): <stream:stream to="jabber.org" xmlns="jabber:client" xmlns:stream="http://etherx.jabber.org/streams" version="1.0">
06-13 18:53:32.656 31986  1834 I System.out: 06:53:32 PM RCV  (1094983880): <?xml version='1.0'?><stream:stream xmlns='jabber:client' xmlns:stream='http://etherx.jabber.org/streams' from='jabber.org' id='654f5de7b06836f5' version='1.0'><stream:features><mechanisms xmlns='urn:ietf:params:xml:ns:xmpp-sasl'><mechanism>CRAM-MD5</mechanism><mechanism>LOGIN</mechanism><mechanism>PLAIN</mechanism><mechanism>DIGEST-MD5</mechanism><mechanism>SCRAM-SHA-1</mechanism></mechanisms><compression xmlns='http://jabber.org/features/compress'><method>zlib</method></compression><ver xmlns='urn:xmpp:features:rosterver'><optional/></ver></stream:features>
06-13 18:53:32.726  1835  1846 V GoogleLoginService: Returning error intent with: ComponentInfo{com.google.android.gsf.login/com.google.android.gsf.login.LoginActivity}
06-13 18:53:32.746 31986  1833 I System.out: 06:53:32 PM SENT (1094983880): <auth mechanism="DIGEST-MD5" xmlns="urn:ietf:params:xml:ns:xmpp-sasl"></auth>
06-13 18:53:32.847   142   366 I ActivityManager: Process com.google.android.gsf.login (pid 1835) has died.
06-13 18:53:32.890 31986  1834 I System.out: 06:53:32 PM RCV  (1094983880): <challenge xmlns='urn:ietf:params:xml:ns:xmpp-sasl'>bm9uY2U9ImNuT1lOTDFuRzNJalRUa1Y3WWlwdzZNVXFnempmS2NVQVI3MURpYU83NHc9IixyZWFsbT0iamFiYmVyLm9yZyIscW9wPSJhdXRoIixtYXhidWY9MTYzODQsY2hhcnNldD11dGYtOCxhbGdvcml0aG09bWQ1LXNlc3M=</challenge>
06-13 18:53:32.898 31986  1833 I System.out: 06:53:32 PM SENT (1094983880): <response xmlns="urn:ietf:params:xml:ns:xmpp-sasl">dXNlcm5hbWU9Imxva2VzaG1hbmR2ZWthciIscmVhbG09ImphYmJlci5vcmciLGNub25jZT0iODNmNzBkMjk0ODJjYzI0Y2Q5N2Y4NDAwNThiNDAzNmRlNmYzYTExYmY5OWYwNjJiZDBlYzMzZDI3ODFlOGJlZCIsbmM9MDAwMDAwMDEscW9wPWF1dGgsZGlnZXN0LXVyaT0ieG1wcC9qYWJiZXIub3JnIixyZXNwb25zZT1iYTg1YzM3YjU1YTg2ZDI0YTYxMzYyNDIwY2JlM2YwMSxjaGFyc2V0PXV0Zi04LG5vbmNlPSJjbk9ZTkwxbkczSWpUVGtWN1lpcHc2TVVxZ3pqZktjVUFSNzFEaWFPNzR3PSI=</response>
06-13 18:53:33.039 31986  1834 I System.out: 06:53:33 PM RCV  (1094983880): <success xmlns='urn:ietf:params:xml:ns:xmpp-sasl'>cnNwYXV0aD05ZjE5ZWVhOTk1YTI3NGY0MDJjYmI0ZDMzNjE2MTg2MQ==</success>
06-13 18:53:33.039 31986  1834 I System.out: 06:53:33 PM SENT (1094983880): <stream:stream to="jabber.org" xmlns="jabber:client" xmlns:stream="http://etherx.jabber.org/streams" version="1.0">
06-13 18:53:33.250 31986  1834 I System.out: 06:53:33 PM RCV  (1094983880): <?xml version='1.0'?><stream:stream xmlns='jabber:client' xmlns:stream='http://etherx.jabber.org/streams' from='jabber.org' id='f79be8aec4f2e70f' version='1.0'><stream:features><bind xmlns='urn:ietf:params:xml:ns:xmpp-bind'><required/></bind><session xmlns='urn:ietf:params:xml:ns:xmpp-session'/><compression xmlns='http://jabber.org/features/compress'><method>zlib</method></compression><ver xmlns='urn:xmpp:features:rosterver'><optional/></ver></stream:features>
06-13 18:53:33.257 31986  1833 I System.out: 06:53:33 PM SENT (1094983880): <iq id="Ul94v-62" type="set"><bind xmlns="urn:ietf:params:xml:ns:xmpp-bind"><resource>android9e7FLMWG</resource></bind></iq>
06-13 18:53:36.523   142   142 I ActivityManager: Start proc com.google.android.gsf.login for service com.google.android.gsf.login/com.google.android.gsf.loginservice.GoogleLoginService: pid=1854 uid=10009 gids={3003, 1015, 1007, 2001, 3006}
06-13 18:53:37.183  1854  1856 D dalvikvm: GC_CONCURRENT freed 327K, 5% free 9209K/9607K, paused 7ms+8ms
06-13 18:53:37.754  1854  1866 V GoogleLoginService: Returning error intent with: ComponentInfo{com.google.android.gsf.login/com.google.android.gsf.login.LoginActivity}
06-13 18:53:37.949 30073 30073 D dalvikvm: GC_EXPLICIT freed 228K, 9% free 10333K/11335K, paused 2ms+17ms
06-13 18:53:38.257 31986  1832 E com.xabber.android.data.connection.AccountItem@41417450: No response from the server.: 
06-13 18:53:38.257 31986  1832 E com.xabber.android.data.connection.AccountItem@41417450: 	at org.jivesoftware.smack.SASLAuthentication.bindResourceAndEstablishSession(SASLAuthentication.java:452)
06-13 18:53:38.257 31986  1832 E com.xabber.android.data.connection.AccountItem@41417450: 	at org.jivesoftware.smack.SASLAuthentication.authenticate(SASLAuthentication.java:348)
06-13 18:53:38.257 31986  1832 E com.xabber.android.data.connection.AccountItem@41417450: 	at org.jivesoftware.smack.XMPPConnection.login(XMPPConnection.java:210)
06-13 18:53:38.257 31986  1832 E com.xabber.android.data.connection.AccountItem@41417450: 	at com.xabber.android.data.connection.ConnectionThread.authorization(ConnectionThread.java:214)
06-13 18:53:38.257 31986  1832 E com.xabber.android.data.connection.AccountItem@41417450: 	at com.xabber.android.data.connection.ConnectionThread.access$5(ConnectionThread.java:207)
06-13 18:53:38.257 31986  1832 E com.xabber.android.data.connection.AccountItem@41417450: 	at com.xabber.android.data.connection.ConnectionThread$7.run(ConnectionThread.java:197)
06-13 18:53:38.257 31986  1832 E com.xabber.android.data.connection.AccountItem@41417450: 	at com.xabber.android.data.connection.ConnectionThread$13.run(ConnectionThread.java:362)
06-13 18:53:38.257 31986  1832 E com.xabber.android.data.connection.AccountItem@41417450: 	at java.util.concurrent.Executors$RunnableAdapter.call(Executors.java:442)
06-13 18:53:38.257 31986  1832 E com.xabber.android.data.connection.AccountItem@41417450: 	at java.util.concurrent.FutureTask$Sync.innerRun(FutureTask.java:305)
06-13 18:53:38.257 31986  1832 E com.xabber.android.data.connection.AccountItem@41417450: 	at java.util.concurrent.FutureTask.run(FutureTask.java:137)
06-13 18:53:38.257 31986  1832 E com.xabber.android.data.connection.AccountItem@41417450: 	at java.util.concurrent.ThreadPoolExecutor.runWorker(ThreadPoolExecutor.java:1076)
06-13 18:53:38.257 31986  1832 E com.xabber.android.data.connection.AccountItem@41417450: 	at java.util.concurrent.ThreadPoolExecutor$Worker.run(ThreadPoolExecutor.java:569)
06-13 18:53:38.257 31986  1832 E com.xabber.android.data.connection.AccountItem@41417450: 	at java.lang.Thread.run(Thread.java:856)
06-13 18:53:38.261 31986 31986 I com.xabber.android.data.connection.AccountItem@41417450: onClose 1094983880 - 45, true
06-13 18:53:38.261 31986 31986 I com.xabber.android.data.roster.RosterManager@413834b0: onDisconnect
