06-12 09:15:53.761    76   113 D NetlinkEvent: Unexpected netlink message. type=0x0
06-12 09:15:57.558   342   342 D SAN_SERVICE: *******************************************
06-12 09:15:57.558   342   342 D SAN_SERVICE: DM App Phone Service State - 0
06-12 09:15:57.558   342   342 D SAN_SERVICE: *******************************************
06-12 09:16:01.308   342   342 D SAN_SERVICE: *******************************************
06-12 09:16:01.308   342   342 D SAN_SERVICE: DM App Phone Service State - 0
06-12 09:16:01.308   342   342 D SAN_SERVICE: *******************************************
06-12 09:16:01.449   342   345 D dalvikvm: GC_CONCURRENT freed 877K, 16% free 12118K/14343K, paused 2ms+4ms
06-12 09:16:03.546   342   342 D SAN_SERVICE: *******************************************
06-12 09:16:03.546   342   342 D SAN_SERVICE: DM App Phone Service State - 0
06-12 09:16:03.546   342   342 D SAN_SERVICE: *******************************************
06-12 09:16:09.898 28129 28131 D dalvikvm: GC_CONCURRENT freed 338K, 6% free 10534K/11143K, paused 2ms+2ms
06-12 09:16:10.379   875   879 D dalvikvm: GC_CONCURRENT freed 527K, 6% free 10091K/10695K, paused 2ms+2ms
06-12 09:16:17.816 30092 30092 E GeckoApp: low memory
06-12 09:16:17.918 30092 30092 D dalvikvm: GC_EXPLICIT freed 83K, 22% free 10527K/13383K, paused 5ms+9ms
06-12 09:16:18.078   142   172 I ActivityManager: Start proc com.twitter.android for service com.twitter.android/.client.AppService: pid=948 uid=10068 gids={3003, 1015}
06-12 09:16:30.043    80    80 D dalvikvm: GC_EXPLICIT freed 37K, 4% free 9031K/9347K, paused 2ms+3ms
06-12 09:16:30.086   948   948 I dalvikvm: Turning on JNI app bug workarounds for target SDK version 11...
06-12 09:16:30.093    80    80 D dalvikvm: GC_EXPLICIT freed <1K, 4% free 9031K/9347K, paused 2ms+3ms
06-12 09:16:30.132    80    80 D dalvikvm: GC_EXPLICIT freed <1K, 4% free 9031K/9347K, paused 2ms+9ms
06-12 09:16:30.207   948   948 I ActivityThread: Pub com.twitter.android.provider.GlobalDatabaseProvider: com.twitter.android.provider.GlobalDatabaseProvider
06-12 09:16:30.214   948   948 I ActivityThread: Pub com.twitter.android.provider.TwitterProvider: com.twitter.android.provider.TwitterProvider
06-12 09:16:30.390   948   950 D dalvikvm: GC_CONCURRENT freed 225K, 4% free 9270K/9607K, paused 41ms+4ms
06-12 09:16:30.636   948   950 D dalvikvm: GC_CONCURRENT freed 173K, 4% free 9504K/9799K, paused 1ms+1ms
06-12 09:16:30.773   948   950 D dalvikvm: GC_CONCURRENT freed 305K, 5% free 9626K/10055K, paused 2ms+2ms
06-12 09:16:30.906   948   950 D dalvikvm: GC_CONCURRENT freed 300K, 5% free 9759K/10183K, paused 2ms+3ms
06-12 09:16:31.043   948   950 D dalvikvm: GC_CONCURRENT freed 316K, 5% free 9888K/10311K, paused 2ms+2ms
06-12 09:16:31.160   948   950 D dalvikvm: GC_CONCURRENT freed 311K, 4% free 10022K/10439K, paused 2ms+2ms
06-12 09:16:31.273   142   154 I ActivityManager: Process com.google.android.talk (pid 839) has died.
06-12 09:16:31.281 30092 30092 I GeckoApp: restart
06-12 09:16:31.281 30092 30092 W GeckoApp: zerdatime 64926432 - onStart
06-12 09:16:31.281 30092 30092 I GeckoApp: start
06-12 09:16:31.281 30092 30092 I GeckoApp: resume
06-12 09:16:31.281 30092 30092 I GeckoApp: application resumed
06-12 09:16:31.336 30092 30092 I GeckoApp: application paused
06-12 09:16:31.343 30092 30092 I GeckoApp: stop
06-12 09:16:31.379   948   950 D dalvikvm: GC_CONCURRENT freed 290K, 4% free 10149K/10567K, paused 1ms+48ms
06-12 09:16:31.500   948   950 D dalvikvm: GC_CONCURRENT freed 307K, 4% free 10281K/10695K, paused 1ms+2ms
06-12 09:16:31.675   948   950 D dalvikvm: GC_CONCURRENT freed 488K, 6% free 10224K/10823K, paused 1ms+2ms
06-12 09:16:31.793   948   950 D dalvikvm: GC_CONCURRENT freed 326K, 5% free 10300K/10823K, paused 2ms+1ms
06-12 09:16:31.921   948   950 D dalvikvm: GC_CONCURRENT freed 311K, 5% free 10390K/10823K, paused 2ms+2ms
06-12 09:16:32.054   948   950 D dalvikvm: GC_CONCURRENT freed 357K, 5% free 10473K/10951K, paused 1ms+2ms
06-12 09:16:32.171   948   950 D dalvikvm: GC_CONCURRENT freed 344K, 5% free 10551K/11015K, paused 1ms+2ms
06-12 09:16:32.300   948   950 D dalvikvm: GC_CONCURRENT freed 333K, 5% free 10635K/11079K, paused 1ms+2ms
06-12 09:16:32.429   948   950 D dalvikvm: GC_CONCURRENT freed 387K, 5% free 10727K/11207K, paused 2ms+2ms
06-12 09:16:32.558   948   950 D dalvikvm: GC_CONCURRENT freed 406K, 5% free 10821K/11335K, paused 1ms+2ms
06-12 09:16:32.777   142   602 D AlarmManagerService: Kernel timezone updated to 240 minutes west of GMT
06-12 09:16:34.824   948   950 D dalvikvm: GC_CONCURRENT freed 336K, 4% free 11008K/11463K, paused 5ms+2ms
06-12 09:16:38.617   142   145 D dalvikvm: GC_CONCURRENT freed 1789K, 21% free 18391K/23239K, paused 10ms+8ms
06-12 09:16:38.777   948   950 D dalvikvm: GC_CONCURRENT freed 425K, 5% free 11194K/11719K, paused 6ms+10ms
06-12 09:16:40.652 31361 31376 I PhoneLab-: Service Running
06-12 09:16:40.828   142   153 I ActivityManager: Process android.process.media (pid 862) has died.
06-12 09:16:40.832 30092 30092 I GeckoApp: restart
06-12 09:16:40.832 30092 30092 W GeckoApp: zerdatime 64935982 - onStart
06-12 09:16:40.832 30092 30092 I GeckoApp: start
06-12 09:16:40.832 30092 30092 I GeckoApp: resume
06-12 09:16:40.832 30092 30092 I GeckoApp: application resumed
06-12 09:16:40.871 30092 30092 I GeckoApp: application paused
06-12 09:16:40.875 30092 30092 I GeckoApp: stop
06-12 09:16:40.937 31361 31376 I PhoneLab-LoggerService: app_38    27718 1     1112   676   c00f181c 400107b4 S logcat
06-12 09:16:40.937 31361 31376 I PhoneLab-LoggerService: Logcat pid from database 27718
06-12 09:16:40.937 31361 31376 I PhoneLab-LoggerService: Logcat process found 27718
06-12 09:16:40.937 31361 31376 I PhoneLab-LoggerService: Checking Threshold
06-12 09:16:40.937 31361 31376 I PhoneLab-LoggerService: Starting to rename files
06-12 09:16:40.937 31361 31376 I PhoneLab-LoggerService: Files found .. 2
06-12 09:16:40.937 31361 31376 I PhoneLab-LoggerService: File 1 log.out.1
06-12 09:16:40.976 31361 31376 I PhoneLab-LoggerService: Renamed successfully
06-12 09:16:53.019 11024 11024 I wpa_supplicant: wlan0: CTRL-EVENT-DISCONNECTED bssid=d0:c2:82:67:e7:60 reason=0
06-12 09:16:53.625 11024 11024 I wpa_supplicant: wlan0: Trying to associate with d0:c2:82:2d:ea:c0 (SSID='UB_Secure' freq=2462 MHz)
06-12 09:16:53.808 11024 11024 I wpa_supplicant: wlan0: Associated with d0:c2:82:2d:ea:c0
06-12 09:16:53.808 11024 11024 I wpa_supplicant: wlan0: CTRL-EVENT-EAP-STARTED EAP authentication started
06-12 09:16:53.812 11024 11024 I wpa_supplicant: wlan0: CTRL-EVENT-EAP-PROPOSED-METHOD vendor=0 method=4 -> NAK
06-12 09:16:53.816 11024 11024 I wpa_supplicant: wlan0: CTRL-EVENT-EAP-PROPOSED-METHOD vendor=0 method=25
06-12 09:16:53.816 11024 11024 I wpa_supplicant: wlan0: CTRL-EVENT-EAP-METHOD EAP vendor 0 method 25 (PEAP) selected
06-12 09:16:53.824 11024 11024 I wpa_supplicant: EAP-TLV: TLV Result - Success - EAP-TLV/Phase2 Completed
06-12 09:16:53.894    76   113 D NetlinkEvent: Unexpected netlink message. type=0x0
06-12 09:16:59.312   342   342 D SAN_SERVICE: *******************************************
06-12 09:16:59.312   342   342 D SAN_SERVICE: DM App Phone Service State - 0
06-12 09:16:59.312   342   342 D SAN_SERVICE: *******************************************
06-12 09:17:01.543 28129 28131 D dalvikvm: GC_CONCURRENT freed 531K, 6% free 10514K/11143K, paused 2ms+4ms
06-12 09:17:05.019 11024 11024 I wpa_supplicant: wlan0: CTRL-EVENT-DISCONNECTED bssid=d0:c2:82:2d:ea:c0 reason=0
06-12 09:17:05.019    76   113 D NetlinkEvent: Unexpected netlink message. type=0x0
06-12 09:17:05.527 31361 31376 I PhoneLab-: Service Running
06-12 09:17:05.582 31361 31376 I PhoneLab-LoggerService: app_38    27718 1     1112   676   c00f181c 400107b4 S logcat
06-12 09:17:05.582 31361 31376 I PhoneLab-LoggerService: Logcat pid from database 27718
06-12 09:17:05.582 31361 31376 I PhoneLab-LoggerService: Logcat process found 27718
06-12 09:17:05.582 31361 31376 I PhoneLab-LoggerService: Checking Threshold
06-12 09:17:05.582 31361 31376 I PhoneLab-LoggerService: Starting to rename files
06-12 09:17:05.582 31361 31376 I PhoneLab-LoggerService: Files found .. 2
06-12 09:17:07.023 11024 11024 I wpa_supplicant: wlan0: Trying to associate with d0:c2:82:67:2e:70 (SSID='UB_Secure' freq=2412 MHz)
06-12 09:17:07.078   342   342 D SAN_SERVICE: *******************************************
06-12 09:17:07.078   342   342 D SAN_SERVICE: DM App Phone Service State - 0
06-12 09:17:07.078   342   342 D SAN_SERVICE: *******************************************
06-12 09:17:11.019 11024 11024 I wpa_supplicant: wlan0: CTRL-EVENT-DISCONNECTED bssid=d0:c2:82:67:2e:70 reason=0
06-12 09:17:11.629 11024 11024 I wpa_supplicant: wlan0: Trying to associate with d0:c2:82:2d:f2:a0 (SSID='UB_Secure' freq=2462 MHz)
06-12 09:17:11.867   342   342 D SAN_SERVICE: *******************************************
06-12 09:17:11.867   342   342 D SAN_SERVICE: DM App Phone Service State - 0
06-12 09:17:11.867   342   342 D SAN_SERVICE: *******************************************
06-12 09:17:24.007 11024 11024 I wpa_supplicant: wlan0: Authentication with d0:c2:82:2d:f2:a0 timed out.
06-12 09:17:31.570 11024 11024 I wpa_supplicant: wlan0: Trying to associate with d0:c2:82:7e:31:50 (SSID='UB_Secure' freq=2412 MHz)
06-12 09:17:31.879   342   342 D SAN_SERVICE: *******************************************
06-12 09:17:31.879   342   342 D SAN_SERVICE: DM App Phone Service State - 0
06-12 09:17:31.879   342   342 D SAN_SERVICE: *******************************************
06-12 09:17:32.441   342   342 D SAN_SERVICE: *******************************************
06-12 09:17:32.441   342   342 D SAN_SERVICE: DM App Phone Service State - 0
06-12 09:17:32.441   342   342 D SAN_SERVICE: *******************************************
06-12 09:17:44.625 11024 11024 I wpa_supplicant: wlan0: Authentication with d0:c2:82:7e:31:50 timed out.
06-12 09:17:47.023 11024 11024 I wpa_supplicant: wlan0: Trying to associate with d0:c2:82:2d:f2:a0 (SSID='UB_Secure' freq=2462 MHz)
06-12 09:17:54.332   142   422 D AlarmManagerService: Kernel timezone updated to 240 minutes west of GMT
06-12 09:17:54.367   342   342 D SAN_SERVICE: *******************************************
06-12 09:17:54.367   342   342 D SAN_SERVICE: DM App Phone Service State - 0
06-12 09:17:54.367   342   342 D SAN_SERVICE: *******************************************
06-12 09:17:55.304   142   368 D AlarmManagerService: Kernel timezone updated to 240 minutes west of GMT
06-12 09:17:55.566   342   342 D SAN_SERVICE: *******************************************
06-12 09:17:55.566   342   342 D SAN_SERVICE: DM App Phone Service State - 0
06-12 09:17:55.566   342   342 D SAN_SERVICE: *******************************************
06-12 09:17:55.769   342   342 D SAN_SERVICE: *******************************************
06-12 09:17:55.769   342   342 D SAN_SERVICE: DM App Phone Service State - 0
06-12 09:17:55.769   342   342 D SAN_SERVICE: *******************************************
06-12 09:18:01.394 11024 11024 I wpa_supplicant: wlan0: Authentication with d0:c2:82:2d:f2:a0 timed out.
06-12 09:18:01.464   142   917 D AlarmManagerService: Kernel timezone updated to 240 minutes west of GMT
06-12 09:18:01.507   342   342 D SAN_SERVICE: *******************************************
06-12 09:18:01.507   342   342 D SAN_SERVICE: DM App Phone Service State - 0
06-12 09:18:01.507   342   342 D SAN_SERVICE: *******************************************
06-12 09:18:01.703   875   879 D dalvikvm: GC_CONCURRENT freed 542K, 6% free 10061K/10695K, paused 1ms+5ms
06-12 09:18:03.123 11024 11024 I wpa_supplicant: wlan0: Trying to associate with d0:c2:82:2d:f2:b0 (SSID='UB_Secure' freq=2437 MHz)
06-12 09:18:03.365 28129 28131 D dalvikvm: GC_CONCURRENT freed 367K, 6% free 10540K/11143K, paused 11ms+2ms
06-12 09:18:11.652   342   342 D SAN_SERVICE: *******************************************
06-12 09:18:11.652   342   342 D SAN_SERVICE: DM App Phone Service State - 0
06-12 09:18:11.652   342   342 D SAN_SERVICE: *******************************************
06-12 09:18:11.679 28129 28151 D IOCollector: Waiting for the ScannerThread to start.
06-12 09:18:11.699 28129   989 D IOCollector: Real collector stared with config: Scanner types: [16, 128, 64]; Dest: MEMORY; ScanDuration: 10000, SensorDelay: {4=1}; Data path: null; Key path: null; View opted out WIFI APs: false
06-12 09:18:11.722 28129   989 D IOCollector: J started.
06-12 09:18:11.804 28129   989 D IOCollector: aq started.
06-12 09:18:11.804 28129   989 D IOCollector: F started.
06-12 09:18:11.804 28129   989 D IOCollector: RealCollector started.
06-12 09:18:11.882   213   213 D dalvikvm: GC_FOR_ALLOC freed 170K, 35% free 9969K/15239K, paused 17ms
06-12 09:18:11.925   213   213 D dalvikvm: GC_FOR_ALLOC freed 362K, 35% free 9962K/15239K, paused 17ms
06-12 09:18:11.984   213   215 D dalvikvm: GC_CONCURRENT freed 313K, 34% free 10099K/15239K, paused 2ms+2ms
06-12 09:18:12.168   213   213 D dalvikvm: GC_FOR_ALLOC freed 510K, 35% free 9961K/15239K, paused 40ms
06-12 09:18:12.586   142 12773 I ActivityManager: Process com.twitter.android (pid 948) has died.
06-12 09:18:12.590 30092 30092 I GeckoApp: restart
06-12 09:18:12.590 30092 30092 W GeckoApp: zerdatime 64970788 - onStart
06-12 09:18:12.590 30092 30092 I GeckoApp: start
06-12 09:18:12.590 30092 30092 I GeckoApp: resume
06-12 09:18:12.590 30092 30092 I GeckoApp: application resumed
06-12 09:18:12.640 30092 30092 I GeckoApp: application paused
06-12 09:18:12.644 30092 30092 I GeckoApp: stop
06-12 09:18:12.722 30092 30122 I Gecko   : Compositor: Composite took 34 ms.
06-12 09:18:12.968 28129 28136 I dalvikvm: Jit: resizing JitTable from 4096 to 8192
06-12 09:18:13.246 11024 11024 I wpa_supplicant: wlan0: Authentication with d0:c2:82:2d:f2:b0 timed out.
06-12 09:18:13.574   142   145 D dalvikvm: GC_CONCURRENT freed 1925K, 21% free 18389K/23239K, paused 6ms+11ms
06-12 09:18:14.824 11024 11024 I wpa_supplicant: wlan0: Trying to associate with d0:c2:82:7e:31:50 (SSID='UB_Secure' freq=2412 MHz)
06-12 09:18:14.996 11024 11024 I wpa_supplicant: wlan0: Associated with d0:c2:82:7e:31:50
06-12 09:18:14.996 11024 11024 I wpa_supplicant: wlan0: CTRL-EVENT-EAP-STARTED EAP authentication started
06-12 09:18:15.007 11024 11024 I wpa_supplicant: wlan0: CTRL-EVENT-EAP-PROPOSED-METHOD vendor=0 method=4 -> NAK
06-12 09:18:15.015 11024 11024 I wpa_supplicant: wlan0: CTRL-EVENT-EAP-PROPOSED-METHOD vendor=0 method=25
06-12 09:18:15.015 11024 11024 I wpa_supplicant: wlan0: CTRL-EVENT-EAP-METHOD EAP vendor 0 method 25 (PEAP) selected
06-12 09:18:15.027 11024 11024 I wpa_supplicant: EAP-TLV: TLV Result - Success - EAP-TLV/Phase2 Completed
06-12 09:18:19.558   342   342 D SAN_SERVICE: *******************************************
06-12 09:18:19.558   342   342 D SAN_SERVICE: DM App Phone Service State - 0
06-12 09:18:19.558   342   342 D SAN_SERVICE: *******************************************
06-12 09:18:19.894 28129 28131 D dalvikvm: GC_CONCURRENT freed 181K, 4% free 10746K/11143K, paused 60ms+2ms
06-12 09:18:21.738 28129 28129 D IOCollector: J stopped.
06-12 09:18:21.761 28129 28129 D IOCollector: aq stopped.
06-12 09:18:21.761 28129 28129 D IOCollector: All scanner finished.
06-12 09:18:21.761 28129 28129 D IOCollector: F stopped.
06-12 09:18:21.761   142   422 W ActivityManager: finishReceiver called but no pending broadcasts
06-12 09:18:21.859 28129   989 D IOCollector: SignalCollector.ScannerThread is quiting.
06-12 09:18:21.961   213   213 D dalvikvm: GC_FOR_ALLOC freed 365K, 35% free 9960K/15239K, paused 20ms
06-12 09:18:22.011   213   215 D dalvikvm: GC_CONCURRENT freed 443K, 35% free 9960K/15239K, paused 2ms+3ms
06-12 09:18:22.050 28129 28131 D dalvikvm: GC_CONCURRENT freed 648K, 7% free 10676K/11399K, paused 1ms+4ms
06-12 09:18:22.121   213   215 D dalvikvm: GC_CONCURRENT freed 413K, 35% free 9975K/15239K, paused 2ms+7ms
06-12 09:18:22.269 28129 28131 D dalvikvm: GC_CONCURRENT freed 201K, 5% free 10925K/11399K, paused 2ms+2ms
06-12 09:18:23.336 11024 11024 I wpa_supplicant: wlan0: CTRL-EVENT-DISCONNECTED bssid=d0:c2:82:7e:31:50 reason=0
06-12 09:18:24.328 11024 11024 I wpa_supplicant: wlan0: Trying to associate with d0:c2:82:67:2e:71 (SSID='UB_Wireless' freq=2412 MHz)
06-12 09:18:43.113   142   158 D dalvikvm: GC_EXPLICIT freed 288K, 22% free 18288K/23239K, paused 575ms+7ms
06-12 09:18:43.203 11024 11024 I wpa_supplicant: wlan0: Authentication with d0:c2:82:67:2e:71 timed out.
06-12 09:18:45.039   342   342 D SAN_SERVICE: *******************************************
06-12 09:18:45.039   342   342 D SAN_SERVICE: DM App Phone Service State - 0
06-12 09:18:45.039   342   342 D SAN_SERVICE: *******************************************
06-12 09:18:45.086 11024 11024 I wpa_supplicant: wlan0: Trying to associate with d0:c2:82:2d:ea:c1 (SSID='UB_Wireless' freq=2462 MHz)
06-12 09:18:45.222 11024 11024 I wpa_supplicant: wlan0: Associated with d0:c2:82:2d:ea:c1
06-12 09:18:45.222 11024 11024 I wpa_supplicant: wlan0: CTRL-EVENT-CONNECTED - Connection to d0:c2:82:2d:ea:c1 completed (reauth) [id=3 id_str=]
06-12 09:18:46.078   142   194 W NetworkStats: dropping UID delta from unknown iface: iface=wlan0 uid=0 set=DEFAULT tag=0x0 rxBytes=0 rxPackets=0 txBytes=140 txPackets=2 operations=0
06-12 09:18:53.500   342   342 D SAN_SERVICE: *******************************************
06-12 09:18:53.500   342   342 D SAN_SERVICE: DM App Phone Service State - 0
06-12 09:18:53.500   342   342 D SAN_SERVICE: *******************************************
06-12 09:18:53.640   142   922 D dalvikvm: GC_EXPLICIT freed 367K, 22% free 18281K/23239K, paused 3ms+7ms
06-12 09:18:54.078   142   199 D ConnectivityService: ConnectivityChange for WIFI: CONNECTED/CONNECTED
06-12 09:18:54.078   142   199 D ConnectivityService: Policy requires mobile teardown
06-12 09:18:54.090 31361 31361 I PhoneLab-WiFiReceiver: Wi-Fi is connected!
06-12 09:18:54.093 31361 31361 I PhoneLab-WiFiReceiver: SSID: UB_Wireless BSSID: d0:c2:82:2d:ea:c1 RSSI: -200 LinkSpeed: -1
06-12 09:18:54.093 31361 31361 I PhoneLab-Locks: wake lock acquired
06-12 09:18:54.097 31361 31361 I PhoneLab-UploadLogs: Transfering log files now
06-12 09:18:54.136   142   199 D ConnectivityService: ConnectivityChange for mobile: DISCONNECTED/DISCONNECTED
06-12 09:18:54.136   142   199 D ConnectivityService: Attempting to switch to WIFI
06-12 09:18:54.136   142   199 D ConnectivityService: Attempting to switch to WIMAX
06-12 09:18:54.136   142   199 D ConnectivityService: Attempting to switch to BLUETOOTH_TETHER
06-12 09:18:54.144   142   199 D NetUtils: android_net_utils_resetConnections in env=0x658290 clazz=0x80300001 iface=rmnet0 mask=0x3
06-12 09:18:54.144   142   199 D ConnectivityService: resetConnections(rmnet0, 3)
06-12 09:18:54.156   142   194 W NetworkStats: dropping UID delta from unknown iface: iface=wlan0 uid=0 set=DEFAULT tag=0x0 rxBytes=664 rxPackets=2 txBytes=112 txPackets=2 operations=0
06-12 09:18:54.234   342   342 D SAN_SERVICE: *******************************************
06-12 09:18:54.234   342   342 D SAN_SERVICE: DM App Phone Service State - 0
06-12 09:18:54.234   342   342 D SAN_SERVICE: *******************************************
06-12 09:18:54.308 31361 31364 D dalvikvm: GC_CONCURRENT freed 483K, 17% free 9197K/11079K, paused 2ms+6ms
06-12 09:18:54.390 31361 31361 D dalvikvm: GC_FOR_ALLOC freed 288K, 15% free 9420K/11079K, paused 48ms
06-12 09:18:54.402   213   215 D dalvikvm: GC_CONCURRENT freed 586K, 36% free 9849K/15239K, paused 2ms+2ms
06-12 09:18:54.425 31361 31361 I PhoneLab-UploadLogs: OnStartCommand
06-12 09:18:54.539 28129 28146 W System.err: javax.net.ssl.SSLException: Read error: ssl=0x6c1c60: I/O error during system call, Connection timed out
06-12 09:18:54.547 27622   814 W Smack/Packet: notify conn break (IOEx), close connection
06-12 09:18:54.566 31361 31364 D dalvikvm: GC_CONCURRENT freed 293K, 14% free 9639K/11079K, paused 2ms+2ms
06-12 09:18:54.570 28129 28146 W System.err: 	at org.apache.harmony.xnet.provider.jsse.NativeCrypto.SSL_read(Native Method)
06-12 09:18:54.570 28129 28146 W System.err: 	at org.apache.harmony.xnet.provider.jsse.OpenSSLSocketImpl$SSLInputStream.read(OpenSSLSocketImpl.java:671)
06-12 09:18:54.570 28129 28146 W System.err: 	at org.apache.http.impl.io.AbstractSessionInputBuffer.fillBuffer(AbstractSessionInputBuffer.java:103)
06-12 09:18:54.570 28129 28146 W System.err: 	at org.apache.http.impl.io.AbstractSessionInputBuffer.readLine(AbstractSessionInputBuffer.java:191)
06-12 09:18:54.570 28129 28146 W System.err: 	at org.apache.http.impl.conn.DefaultResponseParser.parseHead(DefaultResponseParser.java:82)
06-12 09:18:54.570 28129 28146 W System.err: 	at org.apache.http.impl.io.AbstractMessageParser.parse(AbstractMessageParser.java:174)
06-12 09:18:54.570 28129 28146 W System.err: 	at org.apache.http.impl.AbstractHttpClientConnection.receiveResponseHeader(AbstractHttpClientConnection.java:180)
06-12 09:18:54.574 28129 28146 W System.err: 	at org.apache.http.impl.conn.DefaultClientConnection.receiveResponseHeader(DefaultClientConnection.java:235)
06-12 09:18:54.574 28129 28146 W System.err: 	at org.apache.http.impl.conn.AbstractClientConnAdapter.receiveResponseHeader(AbstractClientConnAdapter.java:259)
06-12 09:18:54.574 28129 28146 W System.err: 	at org.apache.http.protocol.HttpRequestExecutor.doReceiveResponse(HttpRequestExecutor.java:279)
06-12 09:18:54.574 28129 28146 W System.err: 	at org.apache.http.protocol.HttpRequestExecutor.execute(HttpRequestExecutor.java:121)
06-12 09:18:54.574 28129 28146 W System.err: 	at org.apache.http.impl.client.DefaultRequestDirector.execute(DefaultRequestDirector.java:428)
06-12 09:18:54.574 28129 28146 W System.err: 	at org.apache.http.impl.client.AbstractHttpClient.execute(AbstractHttpClient.java:555)
06-12 09:18:54.574 28129 28146 W System.err: 	at org.apache.http.impl.client.AbstractHttpClient.execute(AbstractHttpClient.java:487)
06-12 09:18:54.574 28129 28146 W System.err: 	at android.net.http.AndroidHttpClient.execute(AndroidHttpClient.java:257)
06-12 09:18:54.574 28129 28146 W System.err: 	at f.a.a(SourceFile:202)
06-12 09:18:54.574 28129 28146 W System.err: 	at f.a.execute(SourceFile:244)
06-12 09:18:54.574 28129 28146 W System.err: 	at f.a.execute(SourceFile:312)
06-12 09:18:54.574 28129 28146 W System.err: 	at al.c.a(SourceFile:126)
06-12 09:18:54.574 28129 28146 W System.err: 	at al.c.f(SourceFile:172)
06-12 09:18:54.574 28129 28146 W System.err: 	at q.d.run(SourceFile:421)
06-12 09:18:54.574 28129 28146 W System.err: 	at q.c.c(SourceFile:227)
06-12 09:18:54.574 28129 28146 W System.err: 	at q.c.run(SourceFile:201)
06-12 09:18:54.574 28129 28146 W System.err: 	at an.c.run(SourceFile:96)
06-12 09:18:54.609 31361  1026 D dalvikvm: GC_FOR_ALLOC freed 312K, 13% free 9653K/11079K, paused 24ms
06-12 09:18:54.629 31361  1026 D dalvikvm: GC_FOR_ALLOC freed 301K, 13% free 9654K/11079K, paused 16ms
06-12 09:18:54.644 31361  1026 D dalvikvm: GC_FOR_ALLOC freed 301K, 13% free 9655K/11079K, paused 14ms
06-12 09:18:54.672 31361 31361 I PhoneLab-: 1339507000940.log is deleted
06-12 09:18:54.672 31361 31361 I PhoneLab-: Response: <HTML><HEAD><TITLE> Web Authentication Redirect</TITLE><META http-equiv="Cache-control" content="no-cache"><META http-equiv="Pragma" content="no-cache"><META http-equiv="Expires" content="-1"><META http-equiv="refresh" content="1; URL=https://ubwireless.cit.buffalo.edu/login.html?redirect=107.22.187.240/log/A000002A2866B6/"></HEAD></HTML>
06-12 09:18:54.679 31361 31361 E PhoneLab-: Server response cannot be parsed to JSON object
06-12 09:18:54.742 27622   814 I qtaguid : Failed write_ctrl(u 77) res=-1 errno=22
06-12 09:18:54.742 27622   814 I qtaguid : Untagging socket 77 failed errno=-22
06-12 09:18:54.754 27622   814 W NetworkManagementSocketTagger: untagSocket(77) failed with errno -22
06-12 09:18:54.812   142   199 D ConnectivityService: handleInetConditionChange: net=0 != default=1 - ignore
06-12 09:18:54.894   142   919 I ActivityManager: Start proc android.process.acore for content provider com.android.providers.contacts/.ContactsProvider2: pid=1027 uid=10000 gids={3003, 1015}
06-12 09:18:54.953  1027  1027 I ActivityThread: Pub call_log: com.android.providers.contacts.CallLogProvider
06-12 09:18:54.996  1027  1027 I ActivityThread: Pub com.android.voicemail: com.android.providers.contacts.VoicemailContentProvider
06-12 09:18:54.996  1027  1027 I ActivityThread: Pub user_dictionary: com.android.providers.userdictionary.UserDictionaryProvider
06-12 09:18:55.035  1027  1027 I ActivityThread: Pub com.android.social: com.android.providers.contacts.SocialProvider
06-12 09:18:55.035  1027  1027 I ActivityThread: Pub applications: com.android.providers.applications.ApplicationsProvider
06-12 09:18:55.132  1027  1027 I ActivityThread: Pub contacts;com.android.contacts: com.android.providers.contacts.ContactsProvider2
06-12 09:18:55.179  1027  1028 D dalvikvm: GC_CONCURRENT freed 347K, 5% free 9189K/9607K, paused 1ms+3ms
06-12 09:18:55.707  1027  1028 D dalvikvm: GC_CONCURRENT freed 247K, 4% free 9355K/9735K, paused 8ms+7ms
06-12 09:18:55.832   142   142 I ActivityManager: Process com.google.android.apps.maps:LocationFriendService (pid 875) has died.
06-12 09:18:55.843 30092 30092 I GeckoApp: restart
06-12 09:18:55.843 30092 30092 W GeckoApp: zerdatime 64998250 - onStart
06-12 09:18:55.843 30092 30092 I GeckoApp: start
06-12 09:18:55.843 30092 30092 I GeckoApp: resume
06-12 09:18:55.843 30092 30092 I GeckoApp: application resumed
06-12 09:18:55.882 30092 30092 I GeckoApp: application paused
06-12 09:18:55.886 30092 30092 I GeckoApp: stop
06-12 09:18:57.144   142   203 D Tethering: MasterInitialState.processMessage what=3
06-12 09:18:57.238   142   203 D Tethering: MasterInitialState.processMessage what=3
06-12 09:18:57.238   142   159 I ActivityManager: Start proc android.process.media for broadcast com.android.providers.downloads/.DownloadReceiver: pid=1045 uid=10012 gids={1015, 1023, 1024, 2001, 3003, 3007}
06-12 09:18:57.336  1045  1045 I ActivityThread: Pub downloads: com.android.providers.downloads.DownloadProvider
06-12 09:18:57.379   142   203 D Tethering: MasterInitialState.processMessage what=3
06-12 09:18:57.449  1045  1045 I ActivityThread: Pub drm: com.android.providers.drm.DrmProvider
06-12 09:18:57.449  1045  1059 I DownloadManager: in removeSpuriousFiles
06-12 09:18:57.472  1045  1059 I DownloadManager: deleting spurious file /cache/backup
06-12 09:18:57.480  1045  1045 I ActivityThread: Pub media: com.android.providers.media.MediaProvider
06-12 09:18:57.554 27622 27622 I GTalkService/c: [AndroidEndpoint@1093840944] connect: acct=1000000, state=CONNECTING
06-12 09:18:57.590   213   215 D dalvikvm: GC_CONCURRENT freed 495K, 36% free 9754K/15239K, paused 2ms+8ms
06-12 09:18:57.621 27622 27622 I GTalkService/c: [GTalkConnection@1094745928] connect: acct=1, state=CONNECTING
06-12 09:18:57.679   213   215 D dalvikvm: GC_CONCURRENT freed 443K, 36% free 9766K/15239K, paused 2ms+3ms
06-12 09:18:57.793  1045  1047 D dalvikvm: GC_CONCURRENT freed 340K, 5% free 9192K/9607K, paused 2ms+2ms
06-12 09:18:57.941   142   153 I ActivityManager: Start proc com.google.android.apps.uploader for broadcast com.google.android.apps.uploader/.ConnectivityBroadcastReceiver: pid=1064 uid=10031 gids={3003}
06-12 09:18:57.957  1064  1064 I dalvikvm: Turning on JNI app bug workarounds for target SDK version 11...
06-12 09:18:58.015 27622 27624 D dalvikvm: GC_CONCURRENT freed 395K, 5% free 10204K/10695K, paused 6ms+12ms
06-12 09:18:58.043  1064  1064 I ActivityThread: Pub com.google.android.apps.uploader: com.google.android.apps.uploader.UploadsContentProvider
06-12 09:18:58.047  1064  1064 I ActivityThread: Pub com.google.photos.provider.Album: com.google.android.apps.uploader.clients.picasa.AlbumProvider
06-12 09:18:58.058  1064  1064 D MediaUploader: UploaderApplication.onCreate
06-12 09:18:58.125  1064  1064 D MediaUploader: nonWifiLimit=20971520, default=20971520
06-12 09:18:58.136  1064  1064 I MediaUploader: No need to wake up
06-12 09:18:58.172   142   421 I ActivityManager: Start proc com.google.android.apps.plus for broadcast com.google.android.apps.plus/com.google.android.picasasync.ConnectivityReceiver: pid=1080 uid=10058 gids={3003, 3002, 1015, 1006}
06-12 09:18:58.468  1080  1082 D dalvikvm: GC_CONCURRENT freed 157K, 3% free 9379K/9607K, paused 60ms+3ms
06-12 09:18:58.609  1080  1080 I ActivityThread: Pub com.google.android.apps.plus.content.ApiProvider: com.google.android.apps.plus.content.EsApiProvider
06-12 09:18:58.648  1080  1080 I ActivityThread: Pub com.google.android.apps.plus.content.EsGooglePhotoProvider: com.google.android.picasasync.PicasaContentProvider
06-12 09:18:59.031  1080  1082 D dalvikvm: GC_CONCURRENT freed 482K, 6% free 9433K/9991K, paused 1ms+132ms
06-12 09:18:59.035  1080  1080 I ActivityThread: Pub com.google.android.apps.plus.content.EsPicasaStoreProvider: com.google.android.picasastore.PicasaPhotoContentProvider
06-12 09:18:59.074  1080  1080 I ActivityThread: Pub com.google.plus.platform: com.google.android.apps.plus.content.AdsProvider
06-12 09:18:59.074  1080  1080 I ActivityThread: Pub com.google.android.apps.plus.iu.EsGoogleIuProvider: com.google.android.apps.plus.iu.InstantUploadProvider
06-12 09:18:59.117  1080  1080 I ActivityThread: Pub com.google.android.apps.plus.content.EsProvider: com.google.android.apps.plus.content.EsProvider
06-12 09:18:59.168  1080  1082 D dalvikvm: GC_CONCURRENT freed 416K, 6% free 9544K/10055K, paused 4ms+4ms
06-12 09:18:59.254  1080  1094 D PicasaPhotoCP: set fsid first time:-1
06-12 09:18:59.422   142   142 I ActivityManager: Start proc com.google.android.apps.docs for broadcast com.google.android.apps.docs/.receivers.NetworkChangeReceiver: pid=1100 uid=10069 gids={3003, 1015, 1006}
06-12 09:18:59.562   142   922 I ActivityManager: Process android.process.acore (pid 1027) has died.
06-12 09:18:59.574 30092 30092 I GeckoApp: restart
06-12 09:18:59.574 30092 30092 W GeckoApp: zerdatime 65001982 - onStart
06-12 09:18:59.574 30092 30092 I GeckoApp: start
06-12 09:18:59.574 30092 30092 I GeckoApp: resume
06-12 09:18:59.574 30092 30092 I GeckoApp: application resumed
06-12 09:18:59.605 30092 30092 I GeckoApp: application paused
06-12 09:18:59.621 30092 30092 I GeckoApp: stop
06-12 09:18:59.644  1100  1100 I ActivityThread: Pub com.google.android.apps.docs.files: com.google.android.apps.docs.sync.filemanager.FileProvider
06-12 09:18:59.652  1100  1100 I ActivityThread: Pub com.google.android.apps.docs.doclist.search_suggest: com.google.android.apps.docs.doclist.DocListGlobalSearchSuggestionProvider
06-12 09:18:59.703  1080  1099 D PicasaSync: sync account database
06-12 09:18:59.800  1100  1100 V /ContextScope.java:112: 09:18:59.789 main Contexts in the main scope map after inserting com.google.android.apps.docs.editors.EditorsApplication@41346b78: com.google.android.apps.docs.editors.EditorsApplication@41346b78
06-12 09:18:59.859  1080  1099 D PicasaSync: accounts in DB=1
06-12 09:18:59.906  1100  1103 D dalvikvm: GC_CONCURRENT freed 229K, 4% free 9307K/9607K, paused 5ms+2ms
06-12 09:18:59.929  1080  1099 D PicasaSyncManager: active network: NetworkInfo: type: WIFI[], state: CONNECTED/CONNECTED, reason: (unspecified), extra: (none), roaming: false, failover: false, isAvailable: true
06-12 09:18:59.929  1080  1099 D PicasaSyncManager: background data: true
06-12 09:19:00.043  1100  1103 D dalvikvm: GC_CONCURRENT freed 501K, 6% free 9353K/9927K, paused 2ms+2ms
06-12 09:19:00.113  1080  1082 D dalvikvm: GC_CONCURRENT freed 267K, 4% free 9729K/10119K, paused 20ms+13ms
06-12 09:19:00.156  1100  1103 D dalvikvm: GC_CONCURRENT freed 545K, 7% free 9372K/9991K, paused 2ms+2ms
06-12 09:19:00.211  1080  1099 D PicasaSyncManager: battery info: false
06-12 09:19:00.246  1100  1103 D dalvikvm: GC_CONCURRENT freed 480K, 6% free 9403K/9991K, paused 2ms+3ms
06-12 09:19:00.336  1100  1103 D dalvikvm: GC_CONCURRENT freed 470K, 6% free 9445K/9991K, paused 4ms+3ms
06-12 09:19:00.422  1100  1103 D dalvikvm: GC_CONCURRENT freed 513K, 6% free 9466K/10055K, paused 1ms+2ms
06-12 09:19:00.488  1100  1100 D dalvikvm: GC_FOR_ALLOC freed 285K, 6% free 9475K/10055K, paused 18ms
06-12 09:19:00.625  1100  1103 D dalvikvm: GC_CONCURRENT freed 491K, 6% free 9555K/10119K, paused 2ms+2ms
06-12 09:19:00.734  1100  1103 D dalvikvm: GC_CONCURRENT freed 444K, 6% free 9618K/10183K, paused 2ms+3ms
06-12 09:19:00.738  1080  1082 D dalvikvm: GC_CONCURRENT freed 126K, 3% free 10008K/10247K, paused 1ms+2ms
06-12 09:19:00.886  1100  1103 D dalvikvm: GC_CONCURRENT freed 482K, 6% free 9692K/10247K, paused 2ms+3ms
06-12 09:19:01.039  1100  1103 D dalvikvm: GC_CONCURRENT freed 485K, 6% free 9783K/10311K, paused 1ms+3ms
06-12 09:19:01.062  1080  1095 D dalvikvm: GC_FOR_ALLOC freed 262K, 4% free 10145K/10567K, paused 51ms
06-12 09:19:01.062  1080  1095 I dalvikvm-heap: Grow heap (frag case) to 10.224MB for 260112-byte allocation
06-12 09:19:01.113  1080  1095 D dalvikvm: GC_FOR_ALLOC freed 126K, 6% free 10273K/10823K, paused 40ms
06-12 09:19:01.195  1080  1095 D dalvikvm: GC_FOR_ALLOC freed 311K, 6% free 10210K/10823K, paused 51ms
06-12 09:19:01.199  1100  1103 D dalvikvm: GC_CONCURRENT freed 503K, 6% free 9793K/10375K, paused 1ms+3ms
06-12 09:19:01.277  1100  1100 D /Ln.java:220: 09:19:01.279 main Configuring Logging, minimum log level is INFO
06-12 09:19:01.304  1100  1100 D DocListDatabase: openHelper points on new database: DocList.db
06-12 09:19:01.308  1100  1100 D DocListDatabase: in openWriteDatabase
06-12 09:19:01.328  1080  1095 D dalvikvm: GC_FOR_ALLOC freed 62K, 6% free 10274K/10823K, paused 40ms
06-12 09:19:01.328  1080  1095 I dalvikvm-heap: Grow heap (frag case) to 10.350MB for 260112-byte allocation
06-12 09:19:01.355  1100  1100 W ND      : Could not load Finalizer in its own class loader. Loading Finalizer in the current class loader instead. As a result, you will not be able to garbage collect this class loader. To support reclaiming this class loader, either resolve the underlying issue, or move Google Collections to your system class path.
06-12 09:19:01.355  1100  1100 W ND      : java.io.FileNotFoundException: com/google/inject/internal/Finalizer.class
06-12 09:19:01.355  1100  1100 W ND      : 	at NE.a(FinalizableReferenceQueue.java:269)
06-12 09:19:01.355  1100  1100 W ND      : 	at NE.a(FinalizableReferenceQueue.java:253)
06-12 09:19:01.355  1100  1100 W ND      : 	at ND.a(FinalizableReferenceQueue.java:175)
06-12 09:19:01.355  1100  1100 W ND      : 	at ND.<clinit>(FinalizableReferenceQueue.java:100)
06-12 09:19:01.355  1100  1100 W ND      : 	at OT.<clinit>(MapMaker.java:787)
06-12 09:19:01.355  1100  1100 W ND      : 	at Ph.<init>(MapMaker.java:946)
06-12 09:19:01.355  1100  1100 W ND      : 	at Pb.a(MapMaker.java:312)
06-12 09:19:01.355  1100  1100 W ND      : 	at OX.a(MapMaker.java:498)
06-12 09:19:01.355  1100  1100 W ND      : 	at OX.a(MapMaker.java:419)
06-12 09:19:01.355  1100  1100 W ND      : 	at Nb.get(CustomConcurrentHashMap.java:2029)
06-12 09:19:01.355  1100  1100 W ND      : 	at MM.a(BytecodeGen.java:149)
06-12 09:19:01.355  1100  1100 W ND      : 	at MM.a(BytecodeGen.java:132)
06-12 09:19:01.355  1100  1100 W ND      : 	at MX.a(ConstructionContext.java:80)
06-12 09:19:01.355  1100  1100 W ND      : 	at KG.a(ConstructorInjector.java:70)
06-12 09:19:01.355  1100  1100 W ND      : 	at KF.a(ConstructorBindingImpl.java:111)
06-12 09:19:01.355  1100  1100 W ND      : 	at LU.a(ProviderToInternalFactoryAdapter.java:45)
06-12 09:19:01.355  1100  1100 W ND      : 	at Li.a(InjectorImpl.java:811)
06-12 09:19:01.355  1100  1100 W ND      : 	at LT.a(ProviderToInternalFactoryAdapter.java:42)
06-12 09:19:01.355  1100  1100 W ND      : 	at Mc.a(Scopes.java:54)
06-12 09:19:01.355  1100  1100 W ND      : 	at Lz.a(InternalFactoryToProviderAdapter.java:48)
06-12 09:19:01.355  1100  1100 W ND      : 	at KR.a(FactoryProxy.java:56)
06-12 09:19:01.355  1100  1100 W ND      : 	at Mi.a(SingleParameterInjector.java:42)
06-12 09:19:01.355  1100  1100 W ND      : 	at Mi.a(SingleParameterInjector.java:66)
06-12 09:19:01.355  1100  1100 W ND      : 	at KG.a(ConstructorInjector.java:84)
06-12 09:19:01.355  1100  1100 W ND      : 	at KF.a(ConstructorBindingImpl.java:111)
06-12 09:19:01.355  1100  1100 W ND      : 	at KR.a(FactoryProxy.java:56)
06-12 09:19:01.355  1100  1100 W ND      : 	at Mi.a(SingleParameterInjector.java:42)
06-12 09:19:01.355  1100  1100 W ND      : 	at Mi.a(SingleParameterInjector.java:66)
06-12 09:19:01.355  1100  1100 W ND      : 	at KG.a(ConstructorInjector.java:84)
06-12 09:19:01.355  1100  1100 W ND      : 	at KF.a(ConstructorBindingImpl.java:111)
06-12 09:19:01.355  1100  1100 W ND      : 	at LU.a(ProviderToInternalFactoryAdapter.java:45)
06-12 09:19:01.355  1100  1100 W ND      : 	at Li.a(InjectorImpl.java:811)
06-12 09:19:01.355  1100  1100 W ND      : 	at LT.a(ProviderToInternalFactoryAdapter.java:42)
06-12 09:19:01.355  1100  1100 W ND      : 	at Mc.a(Scopes.java:54)
06-12 09:19:01.355  1100  1100 W ND      : 	at Lz.a(InternalFactoryToProviderAdapter.java:48)
06-12 09:19:01.355  1100  1100 W ND      : 	at Lg.a(InjectorBuilder.java:200)
06-12 09:19:01.355  1100  1100 W ND      : 	at Lg.a(InjectorBuilder.java:194)
06-12 09:19:01.355  1100  1100 W ND      : 	at Li.a(InjectorImpl.java:804)
06-12 09:19:01.355  1100  1100 W ND      : 	at Lf.a(InjectorBuilder.java:194)
06-12 09:19:01.355  1100  1100 W ND      : 	at Lf.b(InjectorBuilder.java:176)
06-12 09:19:01.355  1100  1100 W ND      : 	at Lf.a(InjectorBuilder.java:113)
06-12 09:19:01.355  1100  1100 W ND      : 	at KS.a(Guice.java:92)
06-12 09:19:01.355  1100  1100 W ND      : 	at roboguice.application.RoboApplication.b(RoboApplication.java:146)
06-12 09:19:01.355  1100  1100 W ND      : 	at roboguice.application.RoboApplication.a(RoboApplication.java:84)
06-12 09:19:01.355  1100  1100 W ND      : 	at com.google.android.apps.docs.GuiceContentProvider.a(GuiceContentProvider.java:36)
06-12 09:19:01.355  1100  1100 W ND      : 	at com.google.android.apps.docs.GuiceContentProvider.onCreate(GuiceContentProvider.java:27)
06-12 09:19:01.355  1100  1100 W ND      : 	at com.google.android.apps.docs.doclist.BaseSearchSuggestionProvider.onCreate(BaseSearchSuggestionProvider.java:88)
06-12 09:19:01.355  1100  1100 W ND      : 	at android.content.ContentProvider.attachInfo(ContentProvider.java:944)
06-12 09:19:01.355  1100  1100 W ND      : 	at android.app.ActivityThread.installProvider(ActivityThread.java:4237)
06-12 09:19:01.355  1100  1100 W ND      : 	at android.app.ActivityThread.installContentProviders(ActivityThread.java:3992)
06-12 09:19:01.355  1100  1100 W ND      : 	at android.app.ActivityThread.handleBindApplication(ActivityThread.java:3946)
06-12 09:19:01.355  1100  1100 W ND      : 	at android.app.ActivityThread.access$1300(ActivityThread.java:123)
06-12 09:19:01.355  1100  1100 W ND      : 	at android.app.ActivityThread$H.handleMessage(ActivityThread.java:1185)
06-12 09:19:01.355  1100  1100 W ND      : 	at android.os.Handler.dispatchMessage(Handler.java:99)
06-12 09:19:01.355  1100  1100 W ND      : 	at android.os.Looper.loop(Looper.java:137)
06-12 09:19:01.355  1100  1100 W ND      : 	at android.app.ActivityThread.main(ActivityThread.java:4424)
06-12 09:19:01.355  1100  1100 W ND      : 	at java.lang.reflect.Method.invokeNative(Native Method)
06-12 09:19:01.355  1100  1100 W ND      : 	at java.lang.reflect.Method.invoke(Method.java:511)
06-12 09:19:01.355  1100  1100 W ND      : 	at com.android.internal.os.ZygoteInit$MethodAndArgsCaller.run(ZygoteInit.java:784)
06-12 09:19:01.355  1100  1100 W ND      : 	at com.android.internal.os.ZygoteInit.main(ZygoteInit.java:551)
06-12 09:19:01.355  1100  1100 W ND      : 	at dalvik.system.NativeStart.main(Native Method)
06-12 09:19:01.375   142   917 D AlarmManagerService: Kernel timezone updated to 240 minutes west of GMT
06-12 09:19:01.386  1080  1095 D dalvikvm: GC_FOR_ALLOC freed 126K, 7% free 10402K/11079K, paused 51ms
06-12 09:19:01.402  1100  1103 D dalvikvm: GC_CONCURRENT freed 549K, 7% free 9811K/10439K, paused 2ms+5ms
06-12 09:19:01.406  1100  1100 I ND      : Failed to start reference finalizer thread. Reference cleanup will only occur when new references are created.
06-12 09:19:01.406  1100  1100 I ND      : java.lang.reflect.InvocationTargetException
06-12 09:19:01.406  1100  1100 I ND      : 	at java.lang.reflect.Method.invokeNative(Native Method)
06-12 09:19:01.406  1100  1100 I ND      : 	at java.lang.reflect.Method.invoke(Method.java:511)
06-12 09:19:01.406  1100  1100 I ND      : 	at ND.<init>(FinalizableReferenceQueue.java:124)
06-12 09:19:01.406  1100  1100 I ND      : 	at OT.<clinit>(MapMaker.java:787)
06-12 09:19:01.406  1100  1100 I ND      : 	at Ph.<init>(MapMaker.java:946)
06-12 09:19:01.406  1100  1100 I ND      : 	at Pb.a(MapMaker.java:312)
06-12 09:19:01.406  1100  1100 I ND      : 	at OX.a(MapMaker.java:498)
06-12 09:19:01.406  1100  1100 I ND      : 	at OX.a(MapMaker.java:419)
06-12 09:19:01.406  1100  1100 I ND      : 	at Nb.get(CustomConcurrentHashMap.java:2029)
06-12 09:19:01.406  1100  1100 I ND      : 	at MM.a(BytecodeGen.java:149)
06-12 09:19:01.406  1100  1100 I ND      : 	at MM.a(BytecodeGen.java:132)
06-12 09:19:01.406  1100  1100 I ND      : 	at MX.a(ConstructionContext.java:80)
06-12 09:19:01.406  1100  1100 I ND      : 	at KG.a(ConstructorInjector.java:70)
06-12 09:19:01.406  1100  1100 I ND      : 	at KF.a(ConstructorBindingImpl.java:111)
06-12 09:19:01.406  1100  1100 I ND      : 	at LU.a(ProviderToInternalFactoryAdapter.java:45)
06-12 09:19:01.406  1100  1100 I ND      : 	at Li.a(InjectorImpl.java:811)
06-12 09:19:01.406  1100  1100 I ND      : 	at LT.a(ProviderToInternalFactoryAdapter.java:42)
06-12 09:19:01.406  1100  1100 I ND      : 	at Mc.a(Scopes.java:54)
06-12 09:19:01.406  1100  1100 I ND      : 	at Lz.a(InternalFactoryToProviderAdapter.java:48)
06-12 09:19:01.406  1100  1100 I ND      : 	at KR.a(FactoryProxy.java:56)
06-12 09:19:01.406  1100  1100 I ND      : 	at Mi.a(SingleParameterInjector.java:42)
06-12 09:19:01.406  1100  1100 I ND      : 	at Mi.a(SingleParameterInjector.java:66)
06-12 09:19:01.406  1100  1100 I ND      : 	at KG.a(ConstructorInjector.java:84)
06-12 09:19:01.406  1100  1100 I ND      : 	at KF.a(ConstructorBindingImpl.java:111)
06-12 09:19:01.406  1100  1100 I ND      : 	at KR.a(FactoryProxy.java:56)
06-12 09:19:01.406  1100  1100 I ND      : 	at Mi.a(SingleParameterInjector.java:42)
06-12 09:19:01.406  1100  1100 I ND      : 	at Mi.a(SingleParameterInjector.java:66)
06-12 09:19:01.406  1100  1100 I ND      : 	at KG.a(ConstructorInjector.java:84)
06-12 09:19:01.406  1100  1100 I ND      : 	at KF.a(ConstructorBindingImpl.java:111)
06-12 09:19:01.406  1100  1100 I ND      : 	at LU.a(ProviderToInternalFactoryAdapter.java:45)
06-12 09:19:01.406  1100  1100 I ND      : 	at Li.a(InjectorImpl.java:811)
06-12 09:19:01.406  1100  1100 I ND      : 	at LT.a(ProviderToInternalFactoryAdapter.java:42)
06-12 09:19:01.406  1100  1100 I ND      : 	at Mc.a(Scopes.java:54)
06-12 09:19:01.406  1100  1100 I ND      : 	at Lz.a(InternalFactoryToProviderAdapter.java:48)
06-12 09:19:01.406  1100  1100 I ND      : 	at Lg.a(InjectorBuilder.java:200)
06-12 09:19:01.406  1100  1100 I ND      : 	at Lg.a(InjectorBuilder.java:194)
06-12 09:19:01.406  1100  1100 I ND      : 	at Li.a(InjectorImpl.java:804)
06-12 09:19:01.406  1100  1100 I ND      : 	at Lf.a(InjectorBuilder.java:194)
06-12 09:19:01.406  1100  1100 I ND      : 	at Lf.b(InjectorBuilder.java:176)
06-12 09:19:01.406  1100  1100 I ND      : 	at Lf.a(InjectorBuilder.java:113)
06-12 09:19:01.406  1100  1100 I ND      : 	at KS.a(Guice.java:92)
06-12 09:19:01.406  1100  1100 I ND      : 	at roboguice.application.RoboApplication.b(RoboApplication.java:146)
06-12 09:19:01.406  1100  1100 I ND      : 	at roboguice.application.RoboApplication.a(RoboApplication.java:84)
06-12 09:19:01.406  1100  1100 I ND      : 	at com.google.android.apps.docs.GuiceContentProvider.a(GuiceContentProvider.java:36)
06-12 09:19:01.406  1100  1100 I ND      : 	at com.google.android.apps.docs.GuiceContentProvider.onCreate(GuiceContentProvider.java:27)
06-12 09:19:01.406  1100  1100 I ND      : 	at com.google.android.apps.docs.doclist.BaseSearchSuggestionProvider.onCreate(BaseSearchSuggestionProvider.java:88)
06-12 09:19:01.406  1100  1100 I ND      : 	at android.content.ContentProvider.attachInfo(ContentProvider.java:944)
06-12 09:19:01.406  1100  1100 I ND      : 	at android.app.ActivityThread.installProvider(ActivityThread.java:4237)
06-12 09:19:01.406  1100  1100 I ND      : 	at android.app.ActivityThread.installContentProviders(ActivityThread.java:3992)
06-12 09:19:01.406  1100  1100 I ND      : 	at android.app.ActivityThread.handleBindApplication(ActivityThread.java:3946)
06-12 09:19:01.406  1100  1100 I ND      : 	at android.app.ActivityThread.access$1300(ActivityThread.java:123)
06-12 09:19:01.406  1100  1100 I ND      : 	at android.app.ActivityThread$H.handleMessage(ActivityThread.java:1185)
06-12 09:19:01.406  1100  1100 I ND      : 	at android.os.Handler.dispatchMessage(Handler.java:99)
06-12 09:19:01.406  1100  1100 I ND      : 	at android.os.Looper.loop(Looper.java:137)
06-12 09:19:01.406  1100  1100 I ND      : 	at android.app.ActivityThread.main(ActivityThread.java:4424)
06-12 09:19:01.406  1100  1100 I ND      : 	at java.lang.reflect.Method.invokeNative(Native Method)
06-12 09:19:01.406  1100  1100 I ND      : 	at java.lang.reflect.Method.invoke(Method.java:511)
06-12 09:19:01.406  1100  1100 I ND      : 	at com.android.internal.os.ZygoteInit$MethodAndArgsCaller.run(ZygoteInit.java:784)
06-12 09:19:01.406  1100  1100 I ND      : 	at com.android.internal.os.ZygoteInit.main(ZygoteInit.java:551)
06-12 09:19:01.406  1100  1100 I ND      : 	at dalvik.system.NativeStart.main(Native Method)
06-12 09:19:01.406  1100  1100 I ND      : Caused by: java.lang.IllegalArgumentException: Expected com.google.inject.internal.FinalizableReference.
06-12 09:19:01.406  1100  1100 I ND      : 	at NK.startFinalizer(Finalizer.java:77)
06-12 09:19:01.406  1100  1100 I ND      : 	... 60 more
06-12 09:19:01.457  1100  1100 I ActivityThread: Pub com.google.android.apps.docs.doclist.account_suggest: com.google.android.apps.docs.doclist.DocListAccountSuggestionProvider
06-12 09:19:01.468  1100  1100 I ActivityThread: Pub com.google.android.apps.docs: com.google.android.apps.docs.providers.DocListProvider
06-12 09:19:01.500  1080  1095 D dalvikvm: GC_FOR_ALLOC freed 369K, 7% free 10402K/11079K, paused 57ms
06-12 09:19:01.547  1080  1095 D dalvikvm: GC_FOR_ALLOC freed 126K, 5% free 10530K/11079K, paused 42ms
06-12 09:19:01.582  1100  1103 D dalvikvm: GC_CONCURRENT freed 395K, 6% free 9837K/10439K, paused 10ms+13ms
06-12 09:19:01.691 27622 27622 D dalvikvm: GC_EXPLICIT freed 157K, 6% free 10073K/10695K, paused 2ms+5ms
06-12 09:19:01.722  1064  1064 I MediaUploader: No need to wake up
06-12 09:19:01.820  1064  1064 I MediaUploader: No need to wake up
06-12 09:19:01.898  1080  1099 D PicasaSyncManager: active network: NetworkInfo: type: WIFI[], state: CONNECTED/CONNECTED, reason: (unspecified), extra: (none), roaming: false, failover: false, isAvailable: true
06-12 09:19:01.898  1080  1099 D PicasaSyncManager: background data: true
06-12 09:19:01.902  1080  1099 D PicasaSyncManager: active network: NetworkInfo: type: WIFI[], state: CONNECTED/CONNECTED, reason: (unspecified), extra: (none), roaming: false, failover: false, isAvailable: true
06-12 09:19:01.902  1080  1099 D PicasaSyncManager: background data: true
06-12 09:19:02.101   142   918 I ActivityManager: Start proc com.google.android.apps.maps:LocationFriendService for service com.google.android.apps.maps/com.google.googlenav.friend.reporting.LocationReceiverService: pid=1128 uid=10057 gids={3003, 1015}
06-12 09:19:02.144   142   916 I ActivityManager: Process android.process.media (pid 1045) has died.
06-12 09:19:02.148 30092 30092 I GeckoApp: restart
06-12 09:19:02.152 30092 30092 W GeckoApp: zerdatime 65004558 - onStart
06-12 09:19:02.152 30092 30092 I GeckoApp: start
06-12 09:19:02.152 30092 30092 I GeckoApp: resume
06-12 09:19:02.152 30092 30092 I GeckoApp: application resumed
06-12 09:19:02.257 30092 30092 I GeckoApp: application paused
06-12 09:19:02.261 30092 30092 I GeckoApp: stop
06-12 09:19:02.312 30092 30122 I Gecko   : Compositor: Composite took 36 ms.
06-12 09:19:02.453   142   145 D dalvikvm: GC_CONCURRENT freed 1831K, 21% free 18459K/23239K, paused 3ms+15ms
06-12 09:19:02.465  1128  1130 D dalvikvm: GC_CONCURRENT freed 166K, 3% free 9370K/9607K, paused 4ms+2ms
06-12 09:19:02.675   142   294 I ActivityManager: Process com.google.android.apps.uploader (pid 1064) has died.
06-12 09:19:02.691 30092 30092 I GeckoApp: restart
06-12 09:19:02.691 30092 30092 W GeckoApp: zerdatime 65005099 - onStart
06-12 09:19:02.691 30092 30092 I GeckoApp: start
06-12 09:19:02.691 30092 30092 I GeckoApp: resume
06-12 09:19:02.691 30092 30092 I GeckoApp: application resumed
06-12 09:19:02.715 30092 30092 I GeckoApp: application paused
06-12 09:19:02.718 30092 30092 I GeckoApp: stop
06-12 09:19:02.816  1080  1082 D dalvikvm: GC_CONCURRENT freed 344K, 5% free 10612K/11079K, paused 2ms+3ms
06-12 09:19:02.902  1128  1130 D dalvikvm: GC_CONCURRENT freed 156K, 3% free 9660K/9927K, paused 1ms+2ms
06-12 09:19:03.007   142   921 I ActivityManager: Process com.google.android.apps.docs (pid 1100) has died.
06-12 09:19:03.011 30092 30092 I GeckoApp: restart
06-12 09:19:03.011 30092 30092 W GeckoApp: zerdatime 65005421 - onStart
06-12 09:19:03.011 30092 30092 I GeckoApp: start
06-12 09:19:03.011 30092 30092 I GeckoApp: resume
06-12 09:19:03.011 30092 30092 I GeckoApp: application resumed
06-12 09:19:03.039 30092 30092 I GeckoApp: application paused
06-12 09:19:03.043 30092 30092 I GeckoApp: stop
