06-14 03:41:25.872   142   197 D DhcpInfoInternal: makeLinkProperties with empty dns2!
06-14 03:41:25.872   142   197 D DhcpInfoInternal: makeLinkProperties with empty dns2!
06-14 03:41:30.290   357   357 D dalvikvm: GC_EXPLICIT freed <1K, 6% free 9100K/9607K, paused 2ms+3ms
06-14 03:41:35.372   959   959 D dalvikvm: GC_EXPLICIT freed 235K, 21% free 11699K/14663K, paused 16ms+3ms
06-14 03:41:40.372 27790 27790 D dalvikvm: GC_EXPLICIT freed 52K, 36% free 11631K/17991K, paused 25ms+2ms
06-14 03:41:45.450   142   158 D dalvikvm: GC_EXPLICIT freed 1127K, 23% free 19052K/24647K, paused 37ms+9ms
06-14 03:41:50.368   213   213 D dalvikvm: GC_EXPLICIT freed 15K, 59% free 9685K/23239K, paused 31ms+3ms
06-14 03:41:55.392   342   342 D dalvikvm: GC_EXPLICIT freed 15K, 16% free 12088K/14343K, paused 25ms+4ms
06-14 03:41:57.302   142   153 I ActivityManager: Start proc com.google.android.apps.maps:LocationFriendService for service com.google.android.apps.maps/com.google.googlenav.friend.reporting.LocationReceiverService: pid=17392 uid=10057 gids={3003, 1015}
06-14 03:41:57.392 15359 15360 D dalvikvm: GC_CONCURRENT freed 471K, 6% free 10407K/11015K, paused 1ms+46ms
06-14 03:41:57.427 17392 17395 D dalvikvm: GC_CONCURRENT freed 168K, 3% free 9368K/9607K, paused 2ms+2ms
06-14 03:41:57.591 17392 17395 D dalvikvm: GC_CONCURRENT freed 165K, 3% free 9710K/9991K, paused 1ms+3ms
06-14 03:41:57.790 17392 17399 I dalvikvm: Total arena pages for JIT: 11
06-14 03:41:57.790 17392 17399 I dalvikvm: Total arena pages for JIT: 12
06-14 03:41:57.790 17392 17399 I dalvikvm: Total arena pages for JIT: 13
06-14 03:41:57.790 17392 17399 I dalvikvm: Total arena pages for JIT: 14
06-14 03:41:57.790 17392 17399 I dalvikvm: Total arena pages for JIT: 15
06-14 03:41:57.790 17392 17399 I dalvikvm: Total arena pages for JIT: 16
06-14 03:41:57.790 17392 17399 I dalvikvm: Total arena pages for JIT: 17
06-14 03:41:57.798 17392 17395 D dalvikvm: GC_CONCURRENT freed 311K, 4% free 9925K/10311K, paused 2ms+3ms
06-14 03:42:05.150   428   428 D dalvikvm: GC_EXPLICIT freed <1K, 4% free 9037K/9347K, paused 21ms+1ms
06-14 03:42:10.146   324   324 D dalvikvm: GC_EXPLICIT freed <1K, 20% free 10618K/13191K, paused 27ms+4ms
06-14 03:42:14.982   142   172 I ActivityManager: Start proc com.google.android.apps.maps for service com.google.android.apps.maps/com.google.googlenav.prefetch.android.PrefetcherService: pid=17416 uid=10057 gids={3003, 1015}
06-14 03:42:15.025   142   172 I ActivityManager: Start proc com.google.android.apps.plus for service com.google.android.apps.plus/.service.EsService: pid=17427 uid=10058 gids={3003, 3002, 1015, 1006}
06-14 03:42:15.075 16941 16941 E GeckoApp: low memory
06-14 03:42:15.161 17416 17418 D dalvikvm: GC_CONCURRENT freed 167K, 3% free 9369K/9607K, paused 2ms+2ms
06-14 03:42:15.220   142   153 I ActivityManager: Process com.google.android.apps.maps:LocationFriendService (pid 17392) has died.
06-14 03:42:15.263 17416 17416 I ActivityThread: Pub com.google.android.maps.SearchHistoryProvider: com.google.googlenav.provider.SearchHistoryProvider
06-14 03:42:15.294 17416 17416 I ActivityThread: Pub com.google.android.maps.SuggestionProvider: com.google.googlenav.suggest.android.SuggestContentProvider
06-14 03:42:15.329 17416 17416 I ActivityThread: Pub com.google.android.maps.LayerInfoProvider: com.google.googlenav.layer.LayerInfoProvider
06-14 03:42:15.349 17416 17416 I ActivityThread: Pub com.google.android.maps.TrafficAppWidgetProvider: com.google.googlenav.appwidget.traffic.TrafficAppWidgetProvider
06-14 03:42:15.353 17416 17416 I ActivityThread: Pub com.google.android.maps.LocalActivePlacesProvider: com.google.googlenav.provider.LocalActivePlacesProvider
06-14 03:42:15.353 17416 17416 I ActivityThread: Pub com.google.android.maps.StarredItemProvider: com.google.googlenav.provider.StarredItemProvider
06-14 03:42:15.372 17427 17429 D dalvikvm: GC_CONCURRENT freed 169K, 3% free 9367K/9607K, paused 1ms+1ms
06-14 03:42:15.443 17416 17418 D dalvikvm: GC_CONCURRENT freed 199K, 3% free 9699K/9991K, paused 2ms+3ms
06-14 03:42:15.509 17427 17427 I ActivityThread: Pub com.google.android.apps.plus.content.ApiProvider: com.google.android.apps.plus.content.EsApiProvider
06-14 03:42:15.532 17427 17427 I ActivityThread: Pub com.google.android.apps.plus.content.EsGooglePhotoProvider: com.google.android.picasasync.PicasaContentProvider
06-14 03:42:15.540 16941 16941 D dalvikvm: GC_EXPLICIT freed 5K, 22% free 10500K/13319K, paused 20ms+106ms
06-14 03:42:15.618 17416 17416 I ActivityThread: Pub com.google.android.maps.LocalSuggestionProvider: com.google.googlenav.provider.LocalSuggestionProvider
06-14 03:42:15.622 17416 17416 I ActivityThread: Pub com.google.android.maps.NavigationAvailabilityProvider: com.google.googlenav.provider.NavigationAvailabilityProvider
06-14 03:42:15.693 17427 17429 D dalvikvm: GC_CONCURRENT freed 469K, 6% free 9446K/9991K, paused 1ms+4ms
06-14 03:42:15.693 17427 17427 I ActivityThread: Pub com.google.android.apps.plus.content.EsPicasaStoreProvider: com.google.android.picasastore.PicasaPhotoContentProvider
06-14 03:42:15.751 17427 17427 I ActivityThread: Pub com.google.plus.platform: com.google.android.apps.plus.content.AdsProvider
06-14 03:42:15.759 17416 17418 D dalvikvm: GC_CONCURRENT freed 208K, 4% free 9921K/10247K, paused 2ms+2ms
06-14 03:42:15.763 17427 17427 I ActivityThread: Pub com.google.android.apps.plus.iu.EsGoogleIuProvider: com.google.android.apps.plus.iu.InstantUploadProvider
06-14 03:42:15.822   142   918 I ActivityManager: Start proc android.process.media for content provider com.android.providers.media/.MediaProvider: pid=17448 uid=10012 gids={1015, 1023, 1024, 2001, 3003, 3007}
06-14 03:42:15.837 17427 17427 I ActivityThread: Pub com.google.android.apps.plus.content.EsProvider: com.google.android.apps.plus.content.EsProvider
06-14 03:42:15.974 17427 17429 D dalvikvm: GC_CONCURRENT freed 431K, 6% free 9545K/10055K, paused 6ms+12ms
06-14 03:42:16.025 17416 17418 D dalvikvm: GC_CONCURRENT freed 199K, 4% free 10174K/10567K, paused 1ms+3ms
06-14 03:42:16.040 17448 17448 I ActivityThread: Pub downloads: com.android.providers.downloads.DownloadProvider
06-14 03:42:16.122 17448 17448 I ActivityThread: Pub drm: com.android.providers.drm.DrmProvider
06-14 03:42:16.126 17448 17480 I DownloadManager: in removeSpuriousFiles
06-14 03:42:16.154 17448 17480 I DownloadManager: in removeSpuriousFiles, preserving file /data/data/com.android.providers.downloads/cache/downloadfile-1.apk
06-14 03:42:16.169 17448 17480 I DownloadManager: deleting spurious file /cache/backup
06-14 03:42:16.173 17448 17448 I ActivityThread: Pub media: com.android.providers.media.MediaProvider
06-14 03:42:16.388 17448 17452 D dalvikvm: GC_CONCURRENT freed 371K, 5% free 9164K/9607K, paused 2ms+2ms
06-14 03:42:16.458 17427 17429 D dalvikvm: GC_CONCURRENT freed 165K, 3% free 9824K/10119K, paused 12ms+2ms
06-14 03:42:16.482 17427 17445 D PicasaPhotoCP: set fsid first time:-1
06-14 03:42:16.572   142   916 I ActivityManager: Process android.process.media (pid 17448) has died.
06-14 03:42:16.591 17427 17429 D dalvikvm: GC_CONCURRENT freed 229K, 4% free 10031K/10375K, paused 1ms+4ms
06-14 03:42:16.642 17427 17475 D dalvikvm: GC_FOR_ALLOC freed 92K, 4% free 10126K/10503K, paused 17ms
06-14 03:42:16.685 17427 17429 D dalvikvm: GC_CONCURRENT freed 407K, 6% free 10159K/10759K, paused 1ms+2ms
06-14 03:42:16.712 17427 17475 D dalvikvm: GC_FOR_ALLOC freed 92K, 5% free 10255K/10759K, paused 20ms
06-14 03:42:16.712 17427 17475 I dalvikvm-heap: Grow heap (frag case) to 10.332MB for 260112-byte allocation
06-14 03:42:16.743 17427 17475 D dalvikvm: GC_FOR_ALLOC freed 126K, 6% free 10383K/11015K, paused 21ms
06-14 03:42:16.767 17427 17475 D dalvikvm: GC_FOR_ALLOC freed 369K, 6% free 10383K/11015K, paused 18ms
06-14 03:42:16.814 17427 17429 D dalvikvm: GC_CONCURRENT freed 381K, 6% free 10386K/11015K, paused 2ms+2ms
06-14 03:42:16.966 17427 17429 D dalvikvm: GC_CONCURRENT freed 89K, 3% free 10712K/11015K, paused 5ms+3ms
06-14 03:42:17.099 17427 17429 D dalvikvm: GC_CONCURRENT freed 110K, 2% free 11122K/11335K, paused 2ms+3ms
06-14 03:42:17.279 17427 17429 D dalvikvm: GC_CONCURRENT freed 395K, 5% free 11342K/11847K, paused 3ms+3ms
06-14 03:42:17.443 17427 17429 D dalvikvm: GC_CONCURRENT freed 160K, 3% free 11898K/12167K, paused 1ms+2ms
06-14 03:42:17.583   142   922 I ActivityManager: Start proc android.process.media for service com.android.providers.media/.MediaScannerService: pid=17487 uid=10012 gids={1015, 1023, 1024, 2001, 3003, 3007}
06-14 03:42:17.614    80    80 D dalvikvm: GC_EXPLICIT freed 38K, 4% free 9031K/9347K, paused 1ms+12ms
06-14 03:42:17.634 17487 17487 I ActivityThread: Pub downloads: com.android.providers.downloads.DownloadProvider
06-14 03:42:17.661    80    80 D dalvikvm: GC_EXPLICIT freed <1K, 4% free 9031K/9347K, paused 1ms+7ms
06-14 03:42:17.665 17487 17487 I ActivityThread: Pub drm: com.android.providers.drm.DrmProvider
06-14 03:42:17.669 17487 17500 I DownloadManager: in removeSpuriousFiles
06-14 03:42:17.669 17487 17487 I ActivityThread: Pub media: com.android.providers.media.MediaProvider
06-14 03:42:17.697 17487 17500 I DownloadManager: in removeSpuriousFiles, preserving file /data/data/com.android.providers.downloads/cache/downloadfile-1.apk
06-14 03:42:17.704 17487 17500 I DownloadManager: deleting spurious file /cache/backup
06-14 03:42:17.724    80    80 D dalvikvm: GC_EXPLICIT freed <1K, 4% free 9031K/9347K, paused 13ms+5ms
06-14 03:42:17.739   142   154 I ActivityManager: Process com.google.android.apps.maps (pid 17416) has died.
06-14 03:42:17.739   142   154 W ActivityManager: Scheduling restart of crashed service com.google.android.apps.maps/com.google.googlenav.prefetch.android.PrefetcherService in 5000ms
06-14 03:42:17.927 17487 17489 D dalvikvm: GC_CONCURRENT freed 363K, 5% free 9173K/9607K, paused 4ms+5ms
06-14 03:42:18.005   142   153 I ActivityManager: Process com.whatsapp (pid 17055) has died.
06-14 03:42:18.009   142   153 W ActivityManager: Scheduling restart of crashed service com.whatsapp/.messaging.MessageService in 14732ms
06-14 03:42:22.810   142   159 I ActivityManager: Start proc com.google.android.apps.maps for service com.google.android.apps.maps/com.google.googlenav.prefetch.android.PrefetcherService: pid=17506 uid=10057 gids={3003, 1015}
06-14 03:42:22.935 17506 17509 D dalvikvm: GC_CONCURRENT freed 148K, 3% free 9388K/9607K, paused 2ms+1ms
06-14 03:42:22.997 17506 17506 I ActivityThread: Pub com.google.android.maps.SearchHistoryProvider: com.google.googlenav.provider.SearchHistoryProvider
06-14 03:42:23.001 17506 17506 I ActivityThread: Pub com.google.android.maps.SuggestionProvider: com.google.googlenav.suggest.android.SuggestContentProvider
06-14 03:42:23.005 17506 17506 I ActivityThread: Pub com.google.android.maps.LayerInfoProvider: com.google.googlenav.layer.LayerInfoProvider
06-14 03:42:23.013 17506 17506 I ActivityThread: Pub com.google.android.maps.TrafficAppWidgetProvider: com.google.googlenav.appwidget.traffic.TrafficAppWidgetProvider
06-14 03:42:23.013 17506 17506 I ActivityThread: Pub com.google.android.maps.LocalActivePlacesProvider: com.google.googlenav.provider.LocalActivePlacesProvider
06-14 03:42:23.013 17506 17506 I ActivityThread: Pub com.google.android.maps.StarredItemProvider: com.google.googlenav.provider.StarredItemProvider
06-14 03:42:23.095 14541 14541 D dalvikvm: GC_EXPLICIT freed <1K, 4% free 9055K/9347K, paused 1ms+1ms
06-14 03:42:23.111 17506 17509 D dalvikvm: GC_CONCURRENT freed 218K, 4% free 9683K/9991K, paused 1ms+3ms
06-14 03:42:23.169   142   370 I ActivityManager: Process android.process.media (pid 17487) has died.
06-14 03:42:23.259 17506 17506 I ActivityThread: Pub com.google.android.maps.LocalSuggestionProvider: com.google.googlenav.provider.LocalSuggestionProvider
06-14 03:42:23.259 17506 17506 I ActivityThread: Pub com.google.android.maps.NavigationAvailabilityProvider: com.google.googlenav.provider.NavigationAvailabilityProvider
06-14 03:42:23.396 17506 17509 D dalvikvm: GC_CONCURRENT freed 251K, 4% free 9987K/10311K, paused 6ms+5ms
06-14 03:42:28.529   357   357 D dalvikvm: GC_EXPLICIT freed <1K, 6% free 9100K/9607K, paused 23ms+2ms
06-14 03:42:30.247   142   421 I ActivityManager: Start proc android.process.media for content provider com.android.providers.media/.MediaProvider: pid=17542 uid=10012 gids={1015, 1023, 1024, 2001, 3003, 3007}
06-14 03:42:30.271 17542 17542 I ActivityThread: Pub downloads: com.android.providers.downloads.DownloadProvider
06-14 03:42:30.286 17542 17542 I ActivityThread: Pub drm: com.android.providers.drm.DrmProvider
06-14 03:42:30.290 17542 17542 I ActivityThread: Pub media: com.android.providers.media.MediaProvider
06-14 03:42:30.294 17542 17555 I DownloadManager: in removeSpuriousFiles
06-14 03:42:30.310 17542 17555 I DownloadManager: in removeSpuriousFiles, preserving file /data/data/com.android.providers.downloads/cache/downloadfile-1.apk
06-14 03:42:30.318 17542 17555 I DownloadManager: deleting spurious file /cache/backup
06-14 03:42:30.329   142   294 I ActivityManager: Process com.google.android.apps.plus (pid 17427) has died.
06-14 03:42:30.638 17542 17544 D dalvikvm: GC_CONCURRENT freed 343K, 5% free 9192K/9607K, paused 27ms+4ms
06-14 03:42:32.790   142   159 I ActivityManager: Start proc com.whatsapp for service com.whatsapp/.messaging.MessageService: pid=17559 uid=10070 gids={1015, 3003}
06-14 03:42:32.794 17559 17559 I dalvikvm: Turning on JNI app bug workarounds for target SDK version 7...
06-14 03:42:32.943   142   370 D dalvikvm: GC_EXPLICIT freed 1269K, 23% free 19069K/24647K, paused 5ms+8ms
06-14 03:42:33.181 17559 17561 D dalvikvm: GC_CONCURRENT freed 157K, 3% free 9365K/9607K, paused 2ms+2ms
06-14 03:42:33.657 17559 17561 D dalvikvm: GC_CONCURRENT freed 295K, 4% free 9599K/9991K, paused 4ms+5ms
06-14 03:42:33.763 17559 17559 I SqliteDatabaseCpp: sqlite returned: error code = 1, msg = duplicate column name: photo_ts, db=/data/data/com.whatsapp/databases/msgstore.db
06-14 03:42:33.763 17559 17559 I SqliteDatabaseCpp: sqlite returned: error code = 1, msg = duplicate column name: thumb_ts, db=/data/data/com.whatsapp/databases/msgstore.db
06-14 03:42:33.763 17559 17559 I SqliteDatabaseCpp: sqlite returned: error code = 1, msg = duplicate column name: photo_id_timestamp, db=/data/data/com.whatsapp/databases/msgstore.db
06-14 03:42:33.822   142   602 I ActivityManager: Start proc android.process.acore for content provider com.android.providers.contacts/.ContactsProvider2: pid=17578 uid=10000 gids={3003, 1015}
06-14 03:42:33.884   142   919 I ActivityManager: Process com.google.android.apps.maps (pid 17506) has died.
06-14 03:42:33.904 17578 17578 I ActivityThread: Pub call_log: com.android.providers.contacts.CallLogProvider
06-14 03:42:33.950 17578 17578 I ActivityThread: Pub com.android.voicemail: com.android.providers.contacts.VoicemailContentProvider
06-14 03:42:33.950 17578 17578 I ActivityThread: Pub user_dictionary: com.android.providers.userdictionary.UserDictionaryProvider
06-14 03:42:33.986 17578 17578 I ActivityThread: Pub com.android.social: com.android.providers.contacts.SocialProvider
06-14 03:42:33.986 17578 17578 I ActivityThread: Pub applications: com.android.providers.applications.ApplicationsProvider
06-14 03:42:34.005 17559 17559 I dalvikvm: Could not find method android.media.MediaMetadataRetriever.captureFrame, referenced from method com.whatsapp.d3.a
06-14 03:42:34.005 17559 17559 W dalvikvm: VFY: unable to resolve virtual method 496: Landroid/media/MediaMetadataRetriever;.captureFrame ()Landroid/graphics/Bitmap;
06-14 03:42:34.005 17559 17559 D dalvikvm: VFY: replacing opcode 0x6e at 0x0134
06-14 03:42:34.107 17578 17578 I ActivityThread: Pub contacts;com.android.contacts: com.android.providers.contacts.ContactsProvider2
06-14 03:42:34.157 17578 17580 D dalvikvm: GC_CONCURRENT freed 344K, 5% free 9189K/9607K, paused 2ms+3ms
06-14 03:42:34.275 17559 17561 D dalvikvm: GC_CONCURRENT freed 291K, 4% free 9815K/10183K, paused 2ms+3ms
06-14 03:42:34.568 17559 17561 D dalvikvm: GC_CONCURRENT freed 312K, 5% free 9979K/10439K, paused 2ms+4ms
06-14 03:42:34.611   142   421 I ActivityManager: Process android.process.media (pid 17542) has died.
06-14 03:42:35.669 17578 17580 D dalvikvm: GC_CONCURRENT freed 195K, 4% free 9414K/9735K, paused 23ms+2ms
06-14 03:42:36.884 17559 17561 D dalvikvm: GC_CONCURRENT freed 519K, 7% free 9862K/10503K, paused 2ms+6ms
06-14 03:42:39.771   959   959 D dalvikvm: GC_EXPLICIT freed 130K, 21% free 11682K/14663K, paused 27ms+3ms
06-14 03:42:44.724 27790 27790 D dalvikvm: GC_EXPLICIT freed 92K, 36% free 11631K/17991K, paused 29ms+3ms
06-14 03:42:49.907   142   158 D dalvikvm: GC_EXPLICIT freed 566K, 23% free 19050K/24647K, paused 56ms+9ms
06-14 03:42:54.759   213   213 D dalvikvm: GC_EXPLICIT freed 8K, 59% free 9684K/23239K, paused 39ms+3ms
06-14 03:42:56.122 15359 15379 D dalvikvm: GC_EXPLICIT freed 9K, 6% free 10399K/11015K, paused 13ms+3ms
06-14 03:42:57.482   142   916 I ActivityManager: Start proc com.google.android.apps.maps:LocationFriendService for service com.google.android.apps.maps/com.google.googlenav.friend.reporting.LocationReceiverService: pid=17605 uid=10057 gids={3003, 1015}
06-14 03:42:57.661 17605 17608 D dalvikvm: GC_CONCURRENT freed 162K, 3% free 9374K/9607K, paused 9ms+3ms
06-14 03:42:57.950 17605 17608 D dalvikvm: GC_CONCURRENT freed 155K, 3% free 9671K/9927K, paused 20ms+2ms
06-14 03:42:58.501   142   154 I ActivityManager: Process android.process.acore (pid 17578) has died.
06-14 03:42:59.364   142   158 I Process : Sending signal. PID: 27790 SIG: 3
06-14 03:42:59.364 27790 27795 I dalvikvm: threadid=3: reacting to signal 3
06-14 03:42:59.368 17605 17608 D dalvikvm: GC_CONCURRENT freed 317K, 5% free 9897K/10311K, paused 2ms+4ms
06-14 03:42:59.435 27790 27795 I dalvikvm: Wrote stack traces to '/data/anr/traces.txt'
06-14 03:43:00.267 12847 14783 I EventLogService: Aggregate from 1339657979751 (log), 1339657979751 (data)
06-14 03:43:00.724 17605 17608 D dalvikvm: GC_CONCURRENT freed 295K, 5% free 10021K/10439K, paused 12ms+2ms
06-14 03:43:00.892 17605 17608 D dalvikvm: GC_CONCURRENT freed 197K, 4% free 10237K/10567K, paused 2ms+2ms
06-14 03:43:01.915 15952 15965 I PhoneLab-: Service Running
06-14 03:43:02.001 15952 15965 I PhoneLab-LoggerService: app_38    27718 1     1112   664   c00f181c 400107b4 S logcat
06-14 03:43:02.005 15952 15965 I PhoneLab-LoggerService: Logcat pid from database 27718
06-14 03:43:02.005 15952 15965 I PhoneLab-LoggerService: Logcat process found 27718
06-14 03:43:02.005 15952 15965 I PhoneLab-LoggerService: Checking Threshold
06-14 03:43:02.009 15952 15965 I PhoneLab-LoggerService: Starting to rename files
06-14 03:43:02.009 15952 15965 I PhoneLab-LoggerService: Files found .. 2
06-14 03:43:02.009 15952 15965 I PhoneLab-LoggerService: File 1 log.out.1
06-14 03:43:02.017 15952 15965 I PhoneLab-LoggerService: Renamed successfully
06-14 03:43:05.267   142   172 I ActivityManager: Start proc com.twitter.android for service com.twitter.android/.client.AppService: pid=17633 uid=10068 gids={3003, 1015}
06-14 03:43:05.271 17633 17633 I dalvikvm: Turning on JNI app bug workarounds for target SDK version 11...
06-14 03:43:05.372   142   918 I ActivityManager: Process com.google.android.apps.maps:LocationFriendService (pid 17605) has died.
06-14 03:43:05.411 17633 17633 I ActivityThread: Pub com.twitter.android.provider.GlobalDatabaseProvider: com.twitter.android.provider.GlobalDatabaseProvider
06-14 03:43:05.419 17633 17633 I ActivityThread: Pub com.twitter.android.provider.TwitterProvider: com.twitter.android.provider.TwitterProvider
06-14 03:43:05.501 17633 17635 D dalvikvm: GC_CONCURRENT freed 208K, 4% free 9265K/9607K, paused 2ms+2ms
06-14 03:43:05.904 12847 12847 D dalvikvm: GC_EXPLICIT freed 117K, 6% free 9975K/10567K, paused 27ms+3ms
06-14 03:43:06.118 17633 17635 D dalvikvm: GC_CONCURRENT freed 174K, 4% free 9500K/9799K, paused 5ms+2ms
06-14 03:43:06.267 17633 17635 D dalvikvm: GC_CONCURRENT freed 305K, 5% free 9627K/10055K, paused 1ms+2ms
06-14 03:43:06.411 17633 17635 D dalvikvm: GC_CONCURRENT freed 296K, 5% free 9762K/10183K, paused 1ms+2ms
06-14 03:43:06.540 17633 17635 D dalvikvm: GC_CONCURRENT freed 310K, 5% free 9884K/10311K, paused 2ms+2ms
06-14 03:43:06.665 17633 17635 D dalvikvm: GC_CONCURRENT freed 305K, 5% free 10018K/10439K, paused 1ms+1ms
06-14 03:43:06.786 17633 17635 D dalvikvm: GC_CONCURRENT freed 302K, 5% free 10145K/10567K, paused 1ms+2ms
06-14 03:43:06.915 17633 17635 D dalvikvm: GC_CONCURRENT freed 308K, 4% free 10280K/10695K, paused 1ms+2ms
06-14 03:43:07.087 17633 17635 D dalvikvm: GC_CONCURRENT freed 477K, 6% free 10227K/10823K, paused 5ms+4ms
06-14 03:43:07.220 17633 17635 D dalvikvm: GC_CONCURRENT freed 334K, 5% free 10298K/10823K, paused 1ms+2ms
06-14 03:43:07.376 17633 17635 D dalvikvm: GC_CONCURRENT freed 319K, 5% free 10387K/10823K, paused 2ms+2ms
06-14 03:43:07.517 17633 17635 D dalvikvm: GC_CONCURRENT freed 360K, 5% free 10472K/10951K, paused 2ms+3ms
06-14 03:43:07.646 17633 17635 D dalvikvm: GC_CONCURRENT freed 341K, 5% free 10568K/11015K, paused 2ms+2ms
06-14 03:43:07.779 17633 17635 D dalvikvm: GC_CONCURRENT freed 379K, 5% free 10645K/11143K, paused 2ms+3ms
06-14 03:43:07.919 17633 17635 D dalvikvm: GC_CONCURRENT freed 372K, 5% free 10734K/11207K, paused 1ms+2ms
06-14 03:43:08.068 17633 17635 D dalvikvm: GC_CONCURRENT freed 390K, 5% free 10828K/11335K, paused 2ms+2ms
06-14 03:43:09.396 17633 17635 D dalvikvm: GC_CONCURRENT freed 335K, 4% free 11007K/11463K, paused 2ms+8ms
06-14 03:43:10.489   342   342 D dalvikvm: GC_EXPLICIT freed 5K, 16% free 12088K/14343K, paused 15ms+5ms
06-14 03:43:11.325 17633 17635 D dalvikvm: GC_CONCURRENT freed 358K, 5% free 11229K/11719K, paused 10ms+2ms
06-14 03:43:16.060   428   428 D dalvikvm: GC_EXPLICIT freed <1K, 4% free 9037K/9347K, paused 2ms+2ms
06-14 03:43:20.767   142   159 I ActivityManager: Start proc com.facebook.orca for broadcast com.facebook.orca/.analytics.AnalyticsPeriodicReporter$ReporterBroadcastReceiver: pid=17653 uid=10061 gids={3003, 1015, 1006}
06-14 03:43:20.771 17653 17653 I dalvikvm: Turning on JNI app bug workarounds for target SDK version 10...
06-14 03:43:20.798   142 12773 I ActivityManager: Process com.twitter.android (pid 17633) has died.
06-14 03:43:20.966 17653 17653 I ActivityThread: Pub com.facebook.orca.notify.MessengerLoggedInUserProvider: com.facebook.orca.notify.MessengerLoggedInUserProvider
06-14 03:43:20.989 17653 17653 I ActivityThread: Pub com.facebook.orca.notify.MessengerForegroundProvider: com.facebook.orca.notify.MessengerForegroundProvider
06-14 03:43:21.001 17653 17653 V orca:OrcaApplication: Forcing initialization of AsyncTask
06-14 03:43:21.138 17653 17655 D dalvikvm: GC_CONCURRENT freed 224K, 4% free 9312K/9607K, paused 3ms+2ms
06-14 03:43:21.138 17653 17653 I Finalizer: Couldn't access Thread.inheritableThreadLocals. Reference finalizer threads will inherit thread local values.
06-14 03:43:21.279 17653 17655 D dalvikvm: GC_CONCURRENT freed 353K, 5% free 9459K/9927K, paused 2ms+2ms
06-14 03:43:21.368 17653 17653 W OrcaGuiceModule: Sig: ijxLJi1yGs1JpL-X1SExmchvork
06-14 03:43:21.466 17653 17655 D dalvikvm: GC_CONCURRENT freed 284K, 4% free 9622K/9991K, paused 2ms+3ms
06-14 03:43:21.810 17653 17668 W Resources: Converting to string: TypedValue{t=0x10/d=0xffffffff a=-1}
06-14 03:43:22.044 17653 17655 D dalvikvm: GC_CONCURRENT freed 325K, 4% free 9851K/10247K, paused 2ms+3ms
06-14 03:43:22.111 17653 17653 D ACRA    : Retrieve application default SharedPreferences.
06-14 03:43:22.111 17653 17653 D ACRA    : Set OnSharedPreferenceChangeListener.
06-14 03:43:22.111 17653 17653 D ACRA    : ACRA is enabled for com.facebook.orca, intializing...
06-14 03:43:22.150 17653 17653 D ACRA    : Looking for error files in /data/data/com.facebook.orca/app_acra-reports
06-14 03:43:22.189 17653 17655 D dalvikvm: GC_CONCURRENT freed 300K, 4% free 10065K/10439K, paused 2ms+3ms
06-14 03:43:22.236 17653 17668 D dalvikvm: GC_FOR_ALLOC freed 236K, 6% free 10121K/10695K, paused 22ms
06-14 03:43:22.302 17653 17668 D dalvikvm: GC_FOR_ALLOC freed 123K, 5% free 10226K/10695K, paused 21ms
06-14 03:43:22.353 17653 17668 D dalvikvm: GC_FOR_ALLOC freed 195K, 5% free 10249K/10759K, paused 25ms
06-14 03:43:22.525 17653 17655 D dalvikvm: GC_CONCURRENT freed 384K, 5% free 10432K/10887K, paused 1ms+3ms
06-14 03:43:22.689   142   918 I ActivityManager: Process com.facebook.orca (pid 17653) has died.
06-14 03:43:27.822   324   324 D dalvikvm: GC_EXPLICIT freed <1K, 20% free 10618K/13191K, paused 41ms+3ms
06-14 03:43:32.779 16941 16941 E GeckoApp: low memory
06-14 03:43:32.892 16941 16941 D dalvikvm: GC_EXPLICIT freed 2K, 22% free 10500K/13319K, paused 27ms+4ms
06-14 03:43:41.005 14541 14541 D dalvikvm: GC_EXPLICIT freed <1K, 4% free 9055K/9347K, paused 5ms+2ms
06-14 03:43:46.099 15359 15359 D dalvikvm: GC_EXPLICIT freed 241K, 6% free 10400K/11015K, paused 24ms+2ms
06-14 03:43:50.849   142   197 D DhcpInfoInternal: makeLinkProperties with empty dns2!
06-14 03:43:50.861   142   197 D DhcpInfoInternal: makeLinkProperties with empty dns2!
06-14 03:43:55.009 17100 17100 D dalvikvm: GC_EXPLICIT freed <1K, 6% free 9716K/10247K, paused 2ms+3ms
06-14 03:43:57.536   142   370 I ActivityManager: Start proc com.google.android.apps.maps:LocationFriendService for service com.google.android.apps.maps/com.google.googlenav.friend.reporting.LocationReceiverService: pid=17694 uid=10057 gids={3003, 1015}
06-14 03:43:57.689 17694 17695 D dalvikvm: GC_CONCURRENT freed 170K, 3% free 9365K/9607K, paused 2ms+2ms
06-14 03:43:58.064 17694 17695 D dalvikvm: GC_CONCURRENT freed 154K, 3% free 9660K/9927K, paused 13ms+2ms
06-14 03:43:58.431 17694 17695 D dalvikvm: GC_CONCURRENT freed 238K, 4% free 9917K/10247K, paused 2ms+3ms
06-14 03:44:05.185 15952 15952 D dalvikvm: GC_EXPLICIT freed 266K, 6% free 9137K/9671K, paused 23ms+2ms
06-14 03:44:57.681 17694 17701 I dalvikvm: Total arena pages for JIT: 11
06-14 03:44:57.681 17694 17701 I dalvikvm: Total arena pages for JIT: 12
06-14 03:44:57.681 17694 17701 I dalvikvm: Total arena pages for JIT: 13
06-14 03:44:57.681 17694 17701 I dalvikvm: Total arena pages for JIT: 14
06-14 03:44:57.681 17694 17701 I dalvikvm: Total arena pages for JIT: 15
06-14 03:44:57.685 17694 17701 I dalvikvm: Total arena pages for JIT: 16
06-14 03:44:57.685 17694 17701 I dalvikvm: Total arena pages for JIT: 17
06-14 03:44:57.689 15359 15360 D dalvikvm: GC_CONCURRENT freed 474K, 6% free 10408K/11015K, paused 2ms+8ms
06-14 03:44:57.782 17694 17695 D dalvikvm: GC_CONCURRENT freed 413K, 5% free 9953K/10439K, paused 2ms+2ms
06-14 03:45:01.892 15952 15965 I PhoneLab-: Service Running
06-14 03:45:01.950   142   154 I ActivityManager: Process com.android.sprintmenu (pid 14541) has died.
06-14 03:45:01.950   142   154 W ActivityManager: Scheduling restart of crashed service com.android.sprintmenu/.HiddenPhoneService in 5000ms
06-14 03:45:02.005 15952 15965 I PhoneLab-LoggerService: app_38    27718 1     1112   664   c00f181c 400107b4 S logcat
06-14 03:45:02.005 15952 15965 I PhoneLab-LoggerService: Logcat pid from database 27718
06-14 03:45:02.005 15952 15965 I PhoneLab-LoggerService: Logcat process found 27718
06-14 03:45:02.005 15952 15965 I PhoneLab-LoggerService: Checking Threshold
06-14 03:45:02.005 15952 15965 I PhoneLab-LoggerService: Starting to rename files
06-14 03:45:02.005 15952 15965 I PhoneLab-LoggerService: Files found .. 2
06-14 03:45:07.021   142   159 I ActivityManager: Start proc com.android.sprintmenu for service com.android.sprintmenu/.HiddenPhoneService: pid=17720 uid=1001 gids={3002, 3001, 3003, 1015}
06-14 03:45:22.177   142   159 I ActivityManager: Start proc com.facebook.orca for broadcast com.facebook.orca/.analytics.AnalyticsPeriodicReporter$ReporterBroadcastReceiver: pid=17738 uid=10061 gids={3003, 1015, 1006}
06-14 03:45:22.185 17738 17738 I dalvikvm: Turning on JNI app bug workarounds for target SDK version 10...
06-14 03:45:22.290   142   602 I ActivityManager: Process com.google.android.apps.maps:LocationFriendService (pid 17694) has died.
06-14 03:45:22.349 17738 17738 I ActivityThread: Pub com.facebook.orca.notify.MessengerLoggedInUserProvider: com.facebook.orca.notify.MessengerLoggedInUserProvider
06-14 03:45:22.372 17738 17738 I ActivityThread: Pub com.facebook.orca.notify.MessengerForegroundProvider: com.facebook.orca.notify.MessengerForegroundProvider
06-14 03:45:22.376 17738 17738 V orca:OrcaApplication: Forcing initialization of AsyncTask
06-14 03:45:22.497 17738 17740 D dalvikvm: GC_CONCURRENT freed 229K, 4% free 9307K/9607K, paused 3ms+2ms
06-14 03:45:22.505 17738 17738 I Finalizer: Couldn't access Thread.inheritableThreadLocals. Reference finalizer threads will inherit thread local values.
06-14 03:45:22.650 17738 17740 D dalvikvm: GC_CONCURRENT freed 373K, 6% free 9431K/9927K, paused 2ms+3ms
06-14 03:45:22.755 17738 17738 W OrcaGuiceModule: Sig: ijxLJi1yGs1JpL-X1SExmchvork
06-14 03:45:22.849 17738 17740 D dalvikvm: GC_CONCURRENT freed 269K, 4% free 9619K/9991K, paused 5ms+2ms
06-14 03:45:23.236 17738 17753 W Resources: Converting to string: TypedValue{t=0x10/d=0xffffffff a=-1}
06-14 03:45:23.407 17738 17740 D dalvikvm: GC_CONCURRENT freed 322K, 4% free 9853K/10247K, paused 2ms+6ms
06-14 03:45:23.470 17738 17738 D ACRA    : Retrieve application default SharedPreferences.
06-14 03:45:23.470 17738 17738 D ACRA    : Set OnSharedPreferenceChangeListener.
06-14 03:45:23.470 17738 17738 D ACRA    : ACRA is enabled for com.facebook.orca, intializing...
06-14 03:45:23.517 17738 17738 D ACRA    : Looking for error files in /data/data/com.facebook.orca/app_acra-reports
06-14 03:45:23.532 17738 17740 D dalvikvm: GC_CONCURRENT freed 298K, 4% free 10065K/10439K, paused 6ms+4ms
06-14 03:45:23.595 17738 17753 D dalvikvm: GC_FOR_ALLOC freed 233K, 6% free 10118K/10695K, paused 22ms
06-14 03:45:23.654 17738 17753 D dalvikvm: GC_FOR_ALLOC freed 127K, 5% free 10225K/10695K, paused 30ms
06-14 03:45:23.708 17738 17753 D dalvikvm: GC_FOR_ALLOC freed 199K, 5% free 10248K/10759K, paused 23ms
06-14 03:45:23.724   142   916 I ActivityManager: Process com.facebook.orca (pid 17738) has died.
06-14 03:45:28.872   357   357 D dalvikvm: GC_EXPLICIT freed <1K, 6% free 9100K/9607K, paused 27ms+3ms
06-14 03:45:33.845   959   959 D dalvikvm: GC_EXPLICIT freed 274K, 21% free 11706K/14663K, paused 17ms+3ms
06-14 03:45:38.849 27790 27790 D dalvikvm: GC_EXPLICIT freed 82K, 36% free 11631K/17991K, paused 29ms+3ms
06-14 03:45:43.950   142   158 D dalvikvm: GC_EXPLICIT freed 1582K, 23% free 19092K/24647K, paused 6ms+9ms
06-14 03:45:48.880   213   213 D dalvikvm: GC_EXPLICIT freed 19K, 59% free 9685K/23239K, paused 24ms+3ms
06-14 03:45:53.888   342   342 D dalvikvm: GC_EXPLICIT freed 3K, 16% free 12088K/14343K, paused 33ms+3ms
06-14 03:45:57.630   142   368 I ActivityManager: Start proc com.google.android.apps.maps:LocationFriendService for service com.google.android.apps.maps/com.google.googlenav.friend.reporting.LocationReceiverService: pid=17759 uid=10057 gids={3003, 1015}
06-14 03:45:57.661    80    80 D dalvikvm: GC_EXPLICIT freed 38K, 4% free 9031K/9347K, paused 2ms+8ms
06-14 03:45:57.712    80    80 D dalvikvm: GC_EXPLICIT freed <1K, 4% free 9031K/9347K, paused 3ms+5ms
06-14 03:45:57.755    80    80 D dalvikvm: GC_EXPLICIT freed <1K, 4% free 9031K/9347K, paused 1ms+3ms
06-14 03:45:57.806 17759 17762 D dalvikvm: GC_CONCURRENT freed 178K, 3% free 9358K/9607K, paused 1ms+2ms
06-14 03:45:57.919 12847 12930 D dalvikvm: GC_EXPLICIT freed 60K, 6% free 9950K/10567K, paused 2ms+3ms
06-14 03:45:58.021 17759 17762 D dalvikvm: GC_CONCURRENT freed 143K, 3% free 9678K/9927K, paused 2ms+2ms
06-14 03:45:58.318 17759 17762 D dalvikvm: GC_CONCURRENT freed 301K, 4% free 9923K/10311K, paused 4ms+3ms
06-14 03:45:58.669   142   916 I ActivityManager: Process com.google.android.apps.maps:LocationFriendService (pid 17759) has died.
06-14 03:46:05.103   428   428 D dalvikvm: GC_EXPLICIT freed <1K, 4% free 9037K/9347K, paused 23ms+2ms
06-14 03:46:10.099   324   324 D dalvikvm: GC_EXPLICIT freed <1K, 20% free 10618K/13191K, paused 22ms+3ms
06-14 03:46:15.724   142   197 D DhcpInfoInternal: makeLinkProperties with empty dns2!
06-14 03:46:15.728   142   197 D DhcpInfoInternal: makeLinkProperties with empty dns2!
06-14 03:46:19.896 16941 16941 E GeckoApp: low memory
06-14 03:46:19.931 16941 16941 D dalvikvm: GC_EXPLICIT freed 3K, 22% free 10500K/13319K, paused 2ms+4ms
06-14 03:46:24.982 15359 15359 D dalvikvm: GC_EXPLICIT freed 247K, 6% free 10402K/11015K, paused 32ms+2ms
06-14 03:46:29.978 17100 17100 D dalvikvm: GC_EXPLICIT freed <1K, 6% free 9716K/10247K, paused 24ms+2ms
06-14 03:46:34.997 15952 15952 D dalvikvm: GC_EXPLICIT freed 59K, 6% free 9130K/9671K, paused 27ms+2ms
06-14 03:46:40.001 12847 12847 D dalvikvm: GC_EXPLICIT freed 20K, 6% free 9942K/10567K, paused 27ms+2ms
06-14 03:46:45.048 17559 17559 D dalvikvm: GC_EXPLICIT freed 20K, 7% free 9849K/10503K, paused 16ms+2ms
06-14 03:46:57.689   142   919 I ActivityManager: Start proc com.google.android.apps.maps:LocationFriendService for service com.google.android.apps.maps/com.google.googlenav.friend.reporting.LocationReceiverService: pid=17800 uid=10057 gids={3003, 1015}
06-14 03:46:57.825 17800 17803 D dalvikvm: GC_CONCURRENT freed 151K, 3% free 9385K/9607K, paused 2ms+4ms
06-14 03:46:57.993 17800 17803 D dalvikvm: GC_CONCURRENT freed 161K, 3% free 9683K/9927K, paused 5ms+2ms
06-14 03:46:58.111   142   422 D dalvikvm: GC_EXPLICIT freed 408K, 23% free 19047K/24647K, paused 3ms+10ms
06-14 03:46:58.302 17800 17803 D dalvikvm: GC_CONCURRENT freed 309K, 4% free 9930K/10311K, paused 1ms+3ms
06-14 03:47:01.892 15952 15965 I PhoneLab-: Service Running
06-14 03:47:01.954   142 12773 I ActivityManager: Process com.google.android.apps.maps:LocationFriendService (pid 17800) has died.
06-14 03:47:02.345 15952 15965 I PhoneLab-LoggerService: app_38    27718 1     1112   664   c00f181c 400107b4 S logcat
06-14 03:47:02.345 15952 15965 I PhoneLab-LoggerService: Logcat pid from database 27718
06-14 03:47:02.345 15952 15965 I PhoneLab-LoggerService: Logcat process found 27718
06-14 03:47:02.345 15952 15965 I PhoneLab-LoggerService: Checking Threshold
06-14 03:47:02.376 15952 15965 I PhoneLab-LoggerService: Starting to rename files
06-14 03:47:02.376 15952 15965 I PhoneLab-LoggerService: Files found .. 2
06-14 03:47:04.907   142 17824 I ActivityManager: Applications Memory Usage (kB):
06-14 03:47:04.907   142 17824 I ActivityManager: Uptime: 170390652 Realtime: 297287046
06-14 03:47:04.907   142 17824 I ActivityManager: Total PSS by OOM adjustment:
06-14 03:47:04.907   142 17824 I ActivityManager:     35009 kB: System
06-14 03:47:04.907   142 17824 I ActivityManager:                35009 kB: system (pid 142)
06-14 03:47:04.907   142 17824 I ActivityManager:     29060 kB: Persistent
06-14 03:47:04.907   142 17824 I ActivityManager:                12631 kB: com.android.systemui (pid 213)
06-14 03:47:04.907   142 17824 I ActivityManager:                12154 kB: com.android.phone (pid 342)
06-14 03:47:04.907   142 17824 I ActivityManager:                 4275 kB: com.android.nfc (pid 357)
06-14 03:47:04.907   142 17824 I ActivityManager:     31535 kB: Foreground
06-14 03:47:04.907   142 17824 I ActivityManager:                31535 kB: com.android.launcher (pid 27790)
06-14 03:47:04.907   142 17824 I ActivityManager:      3040 kB: Visible
06-14 03:47:04.907   142 17824 I ActivityManager:                 3040 kB: com.android.smspush (pid 428)
06-14 03:47:04.907   142 17824 I ActivityManager:     30093 kB: Perceptible
06-14 03:47:04.907   142 17824 I ActivityManager:                19746 kB: hr.podlanica (pid 959)
06-14 03:47:04.907   142 17824 I ActivityManager:                10347 kB: com.android.inputmethod.latin (pid 324)
06-14 03:47:04.907   142 17824 I ActivityManager:     20886 kB: A Services
06-14 03:47:04.907   142 17824 I ActivityManager:                 9724 kB: com.google.process.gapps (pid 12847)
06-14 03:47:04.907   142 17824 I ActivityManager:                 7702 kB: com.google.android.apps.maps:NetworkLocationService (pid 15359)
06-14 03:47:04.907   142 17824 I ActivityManager:                 3460 kB: com.android.sprintmenu (pid 17720)
06-14 03:47:04.907   142 17824 I ActivityManager:     67418 kB: Previous
06-14 03:47:04.907   142 17824 I ActivityManager:                67418 kB: org.mozilla.firefox_beta (pid 16941)
06-14 03:47:04.907   142 17824 I ActivityManager:     17860 kB: B Services
06-14 03:47:04.907   142 17824 I ActivityManager:                 7506 kB: com.whatsapp (pid 17559)
06-14 03:47:04.907   142 17824 I ActivityManager:                 5890 kB: com.google.android.apps.googlevoice (pid 17100)
06-14 03:47:04.907   142 17824 I ActivityManager:                 4464 kB: edu.buffalo.cse.phonelab.phonelabservices (pid 15952)
06-14 03:47:04.907   142 17824 I ActivityManager: 
06-14 03:47:04.907   142 17824 I ActivityManager: Total PSS: 234901 kB
06-14 03:47:04.907   142 17824 I ActivityManager:   PID      Vss      Rss      Pss      Uss  cmdline
06-14 03:47:04.907   142 17824 I ActivityManager: 16941   84200K   84112K   67522K   66232K  org.mozilla.firefox_beta
06-14 03:47:04.907   142 17824 I ActivityManager:   142   53296K   53232K   35052K   31228K  system_server
06-14 03:47:04.907   142 17824 I ActivityManager: 27790   50340K   50236K   31639K   28752K  com.android.launcher
06-14 03:47:04.907   142 17824 I ActivityManager:   959   33924K   33844K   19788K   18808K  hr.podlanica
06-14 03:47:04.907   142 17824 I ActivityManager:    79   24324K   21324K   13869K    7208K  /system/bin/surfaceflinger
06-14 03:47:04.907   142 17824 I ActivityManager:   213   31832K   31732K   12679K    8256K  com.android.systemui
06-14 03:47:04.907   142 17824 I ActivityManager:   342   27568K   27484K   12199K   11112K  com.android.phone
06-14 03:47:04.907   142 17824 I ActivityManager:   324   25248K   25160K   10393K    9384K  com.android.inputmethod.latin
06-14 03:47:04.907   142 17824 I ActivityManager: 12847   27988K   27904K    9773K    8168K  com.google.process.gapps
06-14 03:47:04.907   142 17824 I ActivityManager: 15359   26272K   26180K    7754K    6080K  com.google.android.apps.maps:NetworkLocationService
06-14 03:47:04.907   142 17824 I ActivityManager: 17559   27632K   27532K    7556K    5208K  com.whatsapp
06-14 03:47:04.907   142 17824 I ActivityManager: 17100   25452K   25352K    5939K    3996K  com.google.android.apps.googlevoice
06-14 03:47:04.907   142 17824 I ActivityManager: 15952   23392K   23296K    4513K    2776K  edu.buffalo.cse.phonelab.phonelabservices
06-14 03:47:04.907   142 17824 I ActivityManager:   357   19352K   19256K    4321K    3296K  com.android.nfc
06-14 03:47:04.907   142 17824 I ActivityManager: 18802   18056K   17952K    3568K    2544K  com.spotify.mobile.android.ui
06-14 03:47:04.907   142 17824 I ActivityManager: 17720   22220K   22116K    3511K    1624K  com.android.sprintmenu
06-14 03:47:04.907   142 17824 I ActivityManager:   428   18512K   18400K    3086K    1932K  com.android.smspush
06-14 03:47:04.907   142 17824 I ActivityManager:    80   18700K   18572K    2383K    1040K  zygote
06-14 03:47:04.907   142 17824 I ActivityManager:    82    2252K    2252K    1967K    1944K  /system/bin/mediaserver
06-14 03:47:04.907   142 17824 I ActivityManager:    81    1088K    1088K     884K     876K  /system/bin/drmserver
06-14 03:47:04.907   142 17824 I ActivityManager:    78    1048K    1048K     761K     740K  /system/bin/rild
06-14 03:47:04.907   142 17824 I ActivityManager: 17825     700K     692K     568K     564K  procrank
06-14 03:47:04.907   142 17824 I ActivityManager: 27718     668K     664K     525K     520K  logcat
06-14 03:47:04.907   142 17824 I ActivityManager:    88     436K     436K     420K     420K  /sbin/adbd
06-14 03:47:04.907   142 17824 I ActivityManager:  8348     576K     572K     419K     412K  /system/bin/wpa_supplicant
06-14 03:47:04.907   142 17824 I ActivityManager: 15466     584K     580K     394K     380K  /system/bin/netd
06-14 03:47:04.907   142 17824 I ActivityManager:   298     388K     388K     302K     300K  /system/bin/bluetoothd
06-14 03:47:04.907   142 17824 I ActivityManager:    73     432K     428K     292K     284K  /system/bin/vold
06-14 03:47:04.907   142 17824 I ActivityManager:    86     472K     468K     283K     276K  /system/vendor/bin/gpsd
06-14 03:47:04.907   142 17824 I ActivityManager:    85     392K     356K     247K     244K  /system/bin/keystore
06-14 03:47:04.907   142 17824 I ActivityManager: 14741     356K     352K     198K     192K  /system/bin/dhcpcd
06-14 03:47:04.907   142 17824 I ActivityManager:    83     276K     268K     186K     184K  /system/bin/dbus-daemon
06-14 03:47:04.907   142 17824 I ActivityManager:     1     204K     204K     138K     100K  /init
06-14 03:47:04.907   142 17824 I ActivityManager:   200     204K     196K     133K     132K  /system/bin/brcm_patchram_plus
06-14 03:47:04.907   142 17824 I ActivityManager:    84     248K     240K     123K     120K  /system/bin/installd
06-14 03:47:04.907   142 17824 I ActivityManager:    61     160K     160K     122K      84K  /sbin/ueventd
06-14 03:47:04.907   142 17824 I ActivityManager:    87     172K     168K     105K     104K  /system/bin/sh
06-14 03:47:04.907   142 17824 I ActivityManager:    72     180K     172K      94K      92K  /system/bin/servicemanager
06-14 03:47:04.907   142 17824 I ActivityManager: 11322     196K     188K      75K      72K  /system/bin/debuggerd
06-14 03:47:04.907   142 17824 I ActivityManager:                           ------   ------  ------
06-14 03:47:04.907   142 17824 I ActivityManager:                          263801K  225684K  TOTAL
06-14 03:47:04.907   142 17824 I ActivityManager: RAM: 342896K total, 28248K free, 1008K buffers, 53264K cached, 18576K shmem, 9348K slab
06-14 03:47:07.075   357   357 D dalvikvm: GC_EXPLICIT freed <1K, 6% free 9100K/9607K, paused 22ms+2ms
06-14 03:47:12.068   959   959 D dalvikvm: GC_EXPLICIT freed 186K, 21% free 11689K/14663K, paused 12ms+3ms
06-14 03:47:17.052 27790 27790 D dalvikvm: GC_EXPLICIT freed 31K, 36% free 11631K/17991K, paused 2ms+9ms
06-14 03:47:22.138   142   158 D dalvikvm: GC_EXPLICIT freed 859K, 23% free 19033K/24647K, paused 41ms+7ms
06-14 03:47:23.548   142   159 I ActivityManager: Start proc com.facebook.orca for broadcast com.facebook.orca/.analytics.AnalyticsPeriodicReporter$ReporterBroadcastReceiver: pid=17826 uid=10061 gids={3003, 1015, 1006}
06-14 03:47:23.556 17826 17826 I dalvikvm: Turning on JNI app bug workarounds for target SDK version 10...
06-14 03:47:23.626 17826 17826 I ActivityThread: Pub com.facebook.orca.notify.MessengerLoggedInUserProvider: com.facebook.orca.notify.MessengerLoggedInUserProvider
06-14 03:47:23.630 17826 17826 I ActivityThread: Pub com.facebook.orca.notify.MessengerForegroundProvider: com.facebook.orca.notify.MessengerForegroundProvider
06-14 03:47:23.630 17826 17826 V orca:OrcaApplication: Forcing initialization of AsyncTask
06-14 03:47:23.693 17826 17828 D dalvikvm: GC_CONCURRENT freed 222K, 4% free 9313K/9607K, paused 2ms+2ms
06-14 03:47:23.693 17826 17826 I Finalizer: Couldn't access Thread.inheritableThreadLocals. Reference finalizer threads will inherit thread local values.
06-14 03:47:23.814 17826 17828 D dalvikvm: GC_CONCURRENT freed 359K, 5% free 9431K/9863K, paused 1ms+3ms
06-14 03:47:23.896 17826 17826 W OrcaGuiceModule: Sig: ijxLJi1yGs1JpL-X1SExmchvork
06-14 03:47:23.993 17826 17828 D dalvikvm: GC_CONCURRENT freed 257K, 4% free 9618K/9991K, paused 2ms+11ms
06-14 03:47:24.220 17826 17841 W Resources: Converting to string: TypedValue{t=0x10/d=0xffffffff a=-1}
06-14 03:47:24.368 17826 17828 D dalvikvm: GC_CONCURRENT freed 307K, 4% free 9868K/10247K, paused 5ms+3ms
06-14 03:47:24.466 17826 17828 D dalvikvm: GC_CONCURRENT freed 326K, 4% free 10104K/10503K, paused 2ms+2ms
06-14 03:47:24.470 17826 17826 D ACRA    : Retrieve application default SharedPreferences.
06-14 03:47:24.470 17826 17826 D ACRA    : Set OnSharedPreferenceChangeListener.
06-14 03:47:24.470 17826 17826 D ACRA    : ACRA is enabled for com.facebook.orca, intializing...
06-14 03:47:24.517 17826 17841 D dalvikvm: GC_FOR_ALLOC freed 190K, 5% free 10123K/10631K, paused 39ms
06-14 03:47:24.575 17826 17841 D dalvikvm: GC_FOR_ALLOC freed 253K, 5% free 10222K/10759K, paused 22ms
06-14 03:47:24.587 17826 17826 D ACRA    : Looking for error files in /data/data/com.facebook.orca/app_acra-reports
06-14 03:47:24.739 17826 17828 D dalvikvm: GC_CONCURRENT freed 371K, 5% free 10381K/10823K, paused 3ms+3ms
06-14 03:47:24.794   142   922 I ActivityManager: Process com.facebook.orca (pid 17826) has died.
06-14 03:47:29.900   213   213 D dalvikvm: GC_EXPLICIT freed 16K, 59% free 9685K/23239K, paused 31ms+5ms
06-14 03:47:34.907   342   342 D dalvikvm: GC_EXPLICIT freed 5K, 16% free 12088K/14343K, paused 26ms+4ms
06-14 03:47:39.915   428   428 D dalvikvm: GC_EXPLICIT freed <1K, 4% free 9037K/9347K, paused 26ms+2ms
06-14 03:47:44.919   324   324 D dalvikvm: GC_EXPLICIT freed <1K, 20% free 10618K/13191K, paused 4ms+3ms
06-14 03:47:49.931 17720 17720 D dalvikvm: GC_EXPLICIT freed 70K, 4% free 9056K/9347K, paused 43ms+8ms
06-14 03:47:54.849 16941 16941 E GeckoApp: low memory
06-14 03:47:54.939 16941 16941 D dalvikvm: GC_EXPLICIT freed 2K, 22% free 10500K/13319K, paused 35ms+6ms
06-14 03:47:57.763   142   918 I ActivityManager: Start proc com.google.android.apps.maps:LocationFriendService for service com.google.android.apps.maps/com.google.googlenav.friend.reporting.LocationReceiverService: pid=17847 uid=10057 gids={3003, 1015}
06-14 03:47:57.853 15359 15360 D dalvikvm: GC_CONCURRENT freed 476K, 6% free 10408K/11015K, paused 2ms+2ms
06-14 03:47:57.888 17847 17850 D dalvikvm: GC_CONCURRENT freed 158K, 3% free 9378K/9607K, paused 2ms+3ms
06-14 03:47:58.025 17847 17850 D dalvikvm: GC_CONCURRENT freed 168K, 4% free 9687K/9991K, paused 2ms+4ms
06-14 03:47:58.224 17847 17850 D dalvikvm: GC_CONCURRENT freed 308K, 4% free 9922K/10311K, paused 2ms+3ms
06-14 03:47:58.466   142   294 I ActivityManager: Process com.google.android.apps.maps:NetworkLocationService (pid 15359) has died.
06-14 03:47:58.466   142   294 W ActivityManager: Scheduling restart of crashed service com.google.android.apps.maps/com.google.android.location.internal.server.NetworkLocationService in 5000ms
06-14 03:48:03.536   142   159 I ActivityManager: Start proc com.google.android.apps.maps:NetworkLocationService for service com.google.android.apps.maps/com.google.android.location.internal.server.NetworkLocationService: pid=17870 uid=10057 gids={3003, 1015}
06-14 03:48:03.661 17870 17872 D dalvikvm: GC_CONCURRENT freed 159K, 3% free 9377K/9607K, paused 5ms+2ms
06-14 03:48:03.915 17870 17872 D dalvikvm: GC_CONCURRENT freed 162K, 3% free 9713K/9991K, paused 3ms+3ms
06-14 03:48:04.275 17870 17872 D dalvikvm: GC_CONCURRENT freed 160K, 3% free 10076K/10311K, paused 4ms+2ms
06-14 03:48:04.454 17870 17872 D dalvikvm: GC_CONCURRENT freed 669K, 8% free 9882K/10631K, paused 2ms+2ms
06-14 03:48:04.517   142   602 I ActivityManager: Process com.google.android.apps.maps:LocationFriendService (pid 17847) has died.
06-14 03:48:04.599   142   159 I ActivityManager: Start proc com.google.android.apps.maps:FriendService for broadcast com.google.android.apps.maps/com.google.googlenav.friend.android.ServiceReceiver: pid=17891 uid=10057 gids={3003, 1015}
06-14 03:48:04.736 17891 17894 D dalvikvm: GC_CONCURRENT freed 163K, 3% free 9373K/9607K, paused 3ms+2ms
06-14 03:48:04.864 17891 17894 D dalvikvm: GC_CONCURRENT freed 183K, 3% free 9648K/9927K, paused 2ms+2ms
06-14 03:48:04.931   142   916 I ActivityManager: Start proc com.google.android.apps.maps:LocationFriendService for broadcast com.google.android.apps.maps/com.google.googlenav.friend.reporting.LocationReportingIntentReceiver: pid=17904 uid=10057 gids={3003, 1015}
06-14 03:48:05.048 17904 17906 D dalvikvm: GC_CONCURRENT freed 166K, 3% free 9370K/9607K, paused 2ms+6ms
06-14 03:48:05.146   142   421 I ActivityManager: Process com.google.android.apps.maps:FriendService (pid 17891) has died.
06-14 03:48:05.239 17904 17906 D dalvikvm: GC_CONCURRENT freed 214K, 3% free 9703K/9991K, paused 1ms+3ms
06-14 03:48:05.251 17870 17877 I dalvikvm: Total arena pages for JIT: 11
06-14 03:48:05.329 17870 17877 I dalvikvm: Total arena pages for JIT: 12
06-14 03:48:05.329 17870 17877 I dalvikvm: Total arena pages for JIT: 13
06-14 03:48:05.329 17870 17877 I dalvikvm: Total arena pages for JIT: 14
06-14 03:48:05.349 17870 17877 I dalvikvm: Total arena pages for JIT: 15
06-14 03:48:05.353 17870 17877 I dalvikvm: Total arena pages for JIT: 16
06-14 03:48:05.353 17870 17877 I dalvikvm: Total arena pages for JIT: 17
06-14 03:48:05.407 17904 17906 D dalvikvm: GC_CONCURRENT freed 211K, 4% free 9924K/10247K, paused 2ms+10ms
06-14 03:48:05.423 17870 17890 D dalvikvm: GC_FOR_ALLOC freed 116K, 6% free 10030K/10631K, paused 24ms
06-14 03:48:05.466 17870 17877 I dalvikvm: Total arena pages for JIT: 18
06-14 03:48:05.669 17870 17890 D dalvikvm: GC_FOR_ALLOC freed 175K, 5% free 10194K/10631K, paused 21ms
06-14 03:48:07.036 17870 17872 D dalvikvm: GC_CONCURRENT freed 518K, 6% free 10232K/10823K, paused 2ms+2ms
06-14 03:48:11.040   142   172 I ActivityManager: Start proc com.twitter.android for service com.twitter.android/.client.AppService: pid=17927 uid=10068 gids={3003, 1015}
06-14 03:48:11.044 17927 17927 I dalvikvm: Turning on JNI app bug workarounds for target SDK version 11...
06-14 03:48:11.060   142   421 I ActivityManager: Process com.google.android.apps.maps:LocationFriendService (pid 17904) has died.
06-14 03:48:11.165 17927 17927 I ActivityThread: Pub com.twitter.android.provider.GlobalDatabaseProvider: com.twitter.android.provider.GlobalDatabaseProvider
06-14 03:48:11.173 17927 17927 I ActivityThread: Pub com.twitter.android.provider.TwitterProvider: com.twitter.android.provider.TwitterProvider
06-14 03:48:11.267 17927 17929 D dalvikvm: GC_CONCURRENT freed 212K, 4% free 9272K/9607K, paused 2ms+2ms
06-14 03:48:11.587 17927 17929 D dalvikvm: GC_CONCURRENT freed 174K, 4% free 9494K/9799K, paused 2ms+1ms
06-14 03:48:11.736 17927 17929 D dalvikvm: GC_CONCURRENT freed 305K, 5% free 9627K/10055K, paused 2ms+3ms
06-14 03:48:11.861 17927 17929 D dalvikvm: GC_CONCURRENT freed 310K, 5% free 9762K/10183K, paused 1ms+3ms
06-14 03:48:12.032 17927 17929 D dalvikvm: GC_CONCURRENT freed 311K, 5% free 9893K/10311K, paused 1ms+2ms
06-14 03:48:12.193 17927 17929 D dalvikvm: GC_CONCURRENT freed 298K, 5% free 10020K/10439K, paused 2ms+1ms
06-14 03:48:12.345 17927 17929 D dalvikvm: GC_CONCURRENT freed 293K, 4% free 10147K/10567K, paused 1ms+1ms
06-14 03:48:12.501 17927 17929 D dalvikvm: GC_CONCURRENT freed 308K, 4% free 10281K/10695K, paused 1ms+2ms
06-14 03:48:12.689 17927 17929 D dalvikvm: GC_CONCURRENT freed 492K, 6% free 10224K/10823K, paused 6ms+2ms
06-14 03:48:12.818 17927 17929 D dalvikvm: GC_CONCURRENT freed 324K, 5% free 10300K/10823K, paused 2ms+1ms
06-14 03:48:12.962 17927 17929 D dalvikvm: GC_CONCURRENT freed 314K, 5% free 10387K/10823K, paused 1ms+4ms
06-14 03:48:13.103 17927 17929 D dalvikvm: GC_CONCURRENT freed 366K, 5% free 10473K/10951K, paused 2ms+2ms
06-14 03:48:13.228 17927 17929 D dalvikvm: GC_CONCURRENT freed 346K, 5% free 10555K/11015K, paused 1ms+2ms
06-14 03:48:13.353 17927 17929 D dalvikvm: GC_CONCURRENT freed 324K, 4% free 10637K/11079K, paused 1ms+2ms
06-14 03:48:13.478 17927 17929 D dalvikvm: GC_CONCURRENT freed 366K, 5% free 10723K/11207K, paused 2ms+2ms
06-14 03:48:13.618 17927 17929 D dalvikvm: GC_CONCURRENT freed 404K, 5% free 10818K/11335K, paused 1ms+2ms
06-14 03:48:14.892 17927 17929 D dalvikvm: GC_CONCURRENT freed 346K, 5% free 11004K/11463K, paused 2ms+2ms
06-14 03:48:16.150   357   357 D dalvikvm: GC_EXPLICIT freed <1K, 6% free 9100K/9607K, paused 1ms+2ms
06-14 03:48:16.751 17927 17929 D dalvikvm: GC_CONCURRENT freed 390K, 5% free 11226K/11719K, paused 4ms+2ms
06-14 03:48:21.603   959   959 D dalvikvm: GC_EXPLICIT freed 121K, 21% free 11682K/14663K, paused 16ms+3ms
06-14 03:48:26.575 27790 27790 D dalvikvm: GC_EXPLICIT freed 62K, 36% free 11631K/17991K, paused 28ms+3ms
06-14 03:48:31.638   142   158 D dalvikvm: GC_EXPLICIT freed 1034K, 23% free 19071K/24647K, paused 38ms+9ms
06-14 03:48:36.583   213   213 D dalvikvm: GC_EXPLICIT freed 8K, 59% free 9684K/23239K, paused 28ms+3ms
06-14 03:48:40.005   142   917 I ActivityManager: Process com.twitter.android (pid 17927) has died.
06-14 03:48:40.771   142   197 D DhcpInfoInternal: makeLinkProperties with empty dns2!
06-14 03:48:40.779   142   197 D DhcpInfoInternal: makeLinkProperties with empty dns2!
06-14 03:48:46.380   342   342 D dalvikvm: GC_EXPLICIT freed 6K, 16% free 12088K/14343K, paused 30ms+3ms
06-14 03:48:51.364   428   428 D dalvikvm: GC_EXPLICIT freed <1K, 4% free 9037K/9347K, paused 23ms+2ms
06-14 03:48:56.376   324   324 D dalvikvm: GC_EXPLICIT freed <1K, 20% free 10618K/13191K, paused 5ms+3ms
06-14 03:49:01.892 15952 15965 I PhoneLab-: Service Running
06-14 03:49:01.958 15952 15965 I PhoneLab-LoggerService: app_38    27718 1     1112   664   c00f181c 400107b4 S logcat
06-14 03:49:01.958 15952 15965 I PhoneLab-LoggerService: Logcat pid from database 27718
06-14 03:49:01.958 15952 15965 I PhoneLab-LoggerService: Logcat process found 27718
06-14 03:49:01.958 15952 15965 I PhoneLab-LoggerService: Checking Threshold
06-14 03:49:01.958 15952 15965 I PhoneLab-LoggerService: Starting to rename files
06-14 03:49:01.958 15952 15965 I PhoneLab-LoggerService: Files found .. 2
06-14 03:49:07.368   142   918 I ActivityManager: Start proc com.google.android.apps.maps:LocationFriendService for service com.google.android.apps.maps/com.google.googlenav.friend.reporting.LocationReceiverService: pid=17966 uid=10057 gids={3003, 1015}
06-14 03:49:07.509 17966 17969 D dalvikvm: GC_CONCURRENT freed 171K, 3% free 9365K/9607K, paused 2ms+2ms
06-14 03:49:07.724 17966 17969 D dalvikvm: GC_CONCURRENT freed 166K, 3% free 9678K/9927K, paused 2ms+2ms
06-14 03:49:07.857   213   215 D dalvikvm: GC_CONCURRENT freed 200K, 58% free 9906K/23239K, paused 4ms+2ms
06-14 03:49:07.962   213   215 D dalvikvm: GC_CONCURRENT freed 580K, 58% free 9803K/23239K, paused 1ms+12ms
06-14 03:49:08.103 17966 17969 D dalvikvm: GC_CONCURRENT freed 313K, 4% free 9925K/10311K, paused 2ms+3ms
06-14 03:49:08.200   142   422 I ActivityManager: Process com.google.android.apps.maps:LocationFriendService (pid 17966) has died.
06-14 03:49:10.591   142   330 I ActivityManager: Start proc com.google.android.apps.maps:LocationFriendService for service com.google.android.apps.maps/com.google.googlenav.friend.reporting.LocationReceiverService: pid=17989 uid=10057 gids={3003, 1015}
06-14 03:49:10.724 17989 17992 D dalvikvm: GC_CONCURRENT freed 171K, 3% free 9364K/9607K, paused 1ms+2ms
06-14 03:49:10.833   213   215 D dalvikvm: GC_CONCURRENT freed 511K, 59% free 9727K/23239K, paused 2ms+6ms
06-14 03:49:10.915   213   215 D dalvikvm: GC_CONCURRENT freed 496K, 59% free 9723K/23239K, paused 2ms+7ms
06-14 03:49:11.040 17989 17992 D dalvikvm: GC_CONCURRENT freed 132K, 3% free 9670K/9927K, paused 2ms+9ms
06-14 03:49:11.275 17989 17992 D dalvikvm: GC_CONCURRENT freed 326K, 4% free 9909K/10311K, paused 1ms+3ms
06-14 03:49:15.837   357   357 D dalvikvm: GC_EXPLICIT freed <1K, 6% free 9100K/9607K, paused 20ms+2ms
06-14 03:49:20.845   959   959 D dalvikvm: GC_EXPLICIT freed 105K, 21% free 11681K/14663K, paused 17ms+3ms
06-14 03:49:24.521   142   159 I ActivityManager: Start proc com.facebook.orca for broadcast com.facebook.orca/.analytics.AnalyticsPeriodicReporter$ReporterBroadcastReceiver: pid=18012 uid=10061 gids={3003, 1015, 1006}
06-14 03:49:24.529 18012 18012 I dalvikvm: Turning on JNI app bug workarounds for target SDK version 10...
06-14 03:49:24.544   142   421 I ActivityManager: Process com.google.android.apps.maps:LocationFriendService (pid 17989) has died.
06-14 03:49:24.626 18012 18012 I ActivityThread: Pub com.facebook.orca.notify.MessengerLoggedInUserProvider: com.facebook.orca.notify.MessengerLoggedInUserProvider
06-14 03:49:24.630 18012 18012 I ActivityThread: Pub com.facebook.orca.notify.MessengerForegroundProvider: com.facebook.orca.notify.MessengerForegroundProvider
06-14 03:49:24.630 18012 18012 V orca:OrcaApplication: Forcing initialization of AsyncTask
06-14 03:49:24.704 18012 18014 D dalvikvm: GC_CONCURRENT freed 206K, 3% free 9330K/9607K, paused 2ms+2ms
06-14 03:49:24.716 18012 18012 I Finalizer: Couldn't access Thread.inheritableThreadLocals. Reference finalizer threads will inherit thread local values.
06-14 03:49:24.857 18012 18014 D dalvikvm: GC_CONCURRENT freed 377K, 5% free 9442K/9927K, paused 2ms+2ms
06-14 03:49:24.947 18012 18012 W OrcaGuiceModule: Sig: ijxLJi1yGs1JpL-X1SExmchvork
06-14 03:49:25.009 18012 18014 D dalvikvm: GC_CONCURRENT freed 289K, 4% free 9621K/9991K, paused 2ms+2ms
06-14 03:49:25.181 18012 18027 W Resources: Converting to string: TypedValue{t=0x10/d=0xffffffff a=-1}
06-14 03:49:25.298 18012 18014 D dalvikvm: GC_CONCURRENT freed 322K, 4% free 9853K/10247K, paused 2ms+3ms
06-14 03:49:25.345   142 12773 I ActivityManager: Process com.facebook.orca (pid 18012) has died.
06-14 03:49:30.466 27790 27790 D dalvikvm: GC_EXPLICIT freed 52K, 36% free 11631K/17991K, paused 28ms+5ms
06-14 03:49:37.751   142   158 D dalvikvm: GC_EXPLICIT freed 839K, 23% free 19060K/24647K, paused 3ms+8ms
06-14 03:49:42.755   213   213 D dalvikvm: GC_EXPLICIT freed 228K, 59% free 9691K/23239K, paused 32ms+3ms
06-14 03:49:47.755   342   342 D dalvikvm: GC_EXPLICIT freed 2K, 16% free 12088K/14343K, paused 26ms+3ms
06-14 03:49:52.755   428   428 D dalvikvm: GC_EXPLICIT freed <1K, 4% free 9037K/9347K, paused 19ms+2ms
06-14 03:49:57.790   324   324 D dalvikvm: GC_EXPLICIT freed <1K, 20% free 10618K/13191K, paused 24ms+3ms
06-14 03:50:05.118 17870 17870 D dalvikvm: GC_EXPLICIT freed 356K, 6% free 10240K/10823K, paused 2ms+3ms
06-14 03:50:06.189   142   154 D dalvikvm: GC_EXPLICIT freed 92K, 23% free 19033K/24647K, paused 23ms+8ms
06-14 03:50:07.529   142   142 I ActivityManager: Start proc com.google.android.apps.maps:LocationFriendService for service com.google.android.apps.maps/com.google.googlenav.friend.reporting.LocationReceiverService: pid=18030 uid=10057 gids={3003, 1015}
06-14 03:50:07.572    80    80 D dalvikvm: GC_EXPLICIT freed 38K, 4% free 9031K/9347K, paused 1ms+1ms
06-14 03:50:07.646    80    80 D dalvikvm: GC_EXPLICIT freed <1K, 4% free 9031K/9347K, paused 3ms+6ms
06-14 03:50:07.712    80    80 D dalvikvm: GC_EXPLICIT freed <1K, 4% free 9031K/9347K, paused 1ms+2ms
06-14 03:50:07.775 18030 18033 D dalvikvm: GC_CONCURRENT freed 178K, 3% free 9358K/9607K, paused 2ms+2ms
06-14 03:50:07.958 18030 18033 D dalvikvm: GC_CONCURRENT freed 134K, 3% free 9683K/9927K, paused 2ms+4ms
06-14 03:50:08.173 18030 18033 D dalvikvm: GC_CONCURRENT freed 340K, 5% free 9896K/10311K, paused 2ms+2ms
06-14 03:50:12.423 16941 16941 E GeckoApp: low memory
06-14 03:50:12.536 16941 16941 D dalvikvm: GC_EXPLICIT freed 3K, 22% free 10500K/13319K, paused 25ms+3ms
06-14 03:50:17.493 17100 17100 D dalvikvm: GC_EXPLICIT freed <1K, 6% free 9716K/10247K, paused 39ms+5ms
06-14 03:50:22.513 15952 15952 D dalvikvm: GC_EXPLICIT freed 102K, 6% free 9131K/9671K, paused 19ms+2ms
06-14 03:50:27.673 17559 17559 D dalvikvm: GC_EXPLICIT freed 7K, 7% free 9848K/10503K, paused 2ms+3ms
06-14 03:50:32.654 17720 17720 D dalvikvm: GC_EXPLICIT freed 4K, 4% free 9055K/9347K, paused 22ms+2ms
06-14 03:50:33.755 15952 15952 I PhoneLab-Locks: wake lock acquired
06-14 03:50:33.786 15952 15952 I PhoneLab-StatusMonitor: Status Monitoring is started
06-14 03:50:33.989 15952 15954 D dalvikvm: GC_CONCURRENT freed 345K, 5% free 9295K/9735K, paused 9ms+10ms
06-14 03:50:33.989 15952 15952 I PhoneLab-StatusMonitor: Value: 10 - unit: min
06-14 03:50:33.989 15952 15952 I PhoneLab-StatusMonitor: Running interval: 600000
06-14 03:50:34.005 15952 15952 I PhoneLab-StatusMonitor: Rescheduling status monitoring...
06-14 03:50:34.021 15952 15952 I PhoneLab-Locks: wake lock released
06-14 03:50:34.029 15952 15952 I PhoneLab-StatusMonitorLocation: Learning Location
06-14 03:50:34.029 15952 15952 I PhoneLab-Locks: wake lock acquired
06-14 03:50:34.044 15952 15952 I PhoneLab-Locks: wake lock acquired
06-14 03:50:34.048 15952 15952 I PhoneLab-StatusMonitorLocation: Learning Signal Strgth
06-14 03:50:34.048 15952 15952 I PhoneLab-Locks: wake lock acquired
06-14 03:50:34.052 12847 13060 D androidNetworkLocationListeners: Still have listener com.google.android.location.internal.client.NetworkLocationClient$1@41345020
06-14 03:50:34.052 15952 15952 I PhoneLab-StatusMonitorBattery: Battery_level: 95
06-14 03:50:34.052 15952 15952 I PhoneLab-Locks: wake lock released
06-14 03:50:34.056 15952 15952 I PhoneLab-StatusMonitorSignal: Signal_Strength: -86 asu: 14
06-14 03:50:34.056 15952 15952 I PhoneLab-Locks: wake lock released
06-14 03:50:34.087   142   919 I ActivityManager: Process com.google.android.apps.maps:LocationFriendService (pid 18030) has died.
06-14 03:50:34.154 12847 13060 D androidNetworkLocationListeners: Still have listener com.google.android.location.internal.client.NetworkLocationClient$1@41345020
06-14 03:50:34.157 12847 13060 D androidNetworkLocationListeners: Still have listener com.google.android.location.internal.client.NetworkLocationClient$1@41345020
06-14 03:50:34.157 15952 15952 I PhoneLab-StatusMonitorLocation: Location_Latitude: 42.9620274 Longitude: -78.8171338 Accuracy: 61.0
06-14 03:50:34.157 15952 15952 I PhoneLab-Locks: wake lock released
06-14 03:50:34.197   142   330 I ActivityManager: Start proc com.google.android.apps.maps:LocationFriendService for service com.google.android.apps.maps/com.google.googlenav.friend.reporting.LocationReceiverService: pid=18056 uid=10057 gids={3003, 1015}
06-14 03:50:34.314 18056 18059 D dalvikvm: GC_CONCURRENT freed 153K, 3% free 9383K/9607K, paused 2ms+2ms
06-14 03:50:35.493 12847 12850 D dalvikvm: GC_CONCURRENT freed 450K, 6% free 10003K/10567K, paused 10ms+4ms
06-14 03:50:35.560 18056 18059 D dalvikvm: GC_CONCURRENT freed 181K, 4% free 9620K/9927K, paused 1ms+1ms
06-14 03:50:40.462   357   357 D dalvikvm: GC_EXPLICIT freed <1K, 6% free 9100K/9607K, paused 26ms+2ms
06-14 03:50:45.450   959   959 D dalvikvm: GC_EXPLICIT freed 136K, 21% free 11686K/14663K, paused 16ms+3ms
06-14 03:50:50.450 27790 27790 D dalvikvm: GC_EXPLICIT freed 21K, 36% free 11631K/17991K, paused 28ms+3ms
06-14 03:50:55.517   142   158 D dalvikvm: GC_EXPLICIT freed 347K, 23% free 19055K/24647K, paused 39ms+7ms
06-14 03:51:01.896 15952 15965 I PhoneLab-: Service Running
06-14 03:51:01.997 15952 15965 I PhoneLab-LoggerService: app_38    27718 1     1112   664   c00f181c 400107b4 S logcat
06-14 03:51:01.997 15952 15965 I PhoneLab-LoggerService: Logcat pid from database 27718
06-14 03:51:01.997 15952 15965 I PhoneLab-LoggerService: Logcat process found 27718
06-14 03:51:01.997 15952 15965 I PhoneLab-LoggerService: Checking Threshold
06-14 03:51:01.997 15952 15965 I PhoneLab-LoggerService: Starting to rename files
06-14 03:51:01.997 15952 15965 I PhoneLab-LoggerService: Files found .. 2
06-14 03:51:05.450   142   197 D DhcpInfoInternal: makeLinkProperties with empty dns2!
06-14 03:51:05.450   142   197 D DhcpInfoInternal: makeLinkProperties with empty dns2!
06-14 03:51:06.532 17870 17872 D dalvikvm: GC_CONCURRENT freed 466K, 6% free 10249K/10823K, paused 2ms+3ms
06-14 03:51:06.560 18056 18059 D dalvikvm: GC_CONCURRENT freed 287K, 4% free 9888K/10247K, paused 2ms+2ms
06-14 03:51:10.126   142   421 I ActivityManager: Process com.google.android.apps.maps:LocationFriendService (pid 18056) has died.
06-14 03:51:15.282   213   213 D dalvikvm: GC_EXPLICIT freed 14K, 59% free 9685K/23239K, paused 32ms+3ms
06-14 03:51:20.286   342   342 D dalvikvm: GC_EXPLICIT freed 12K, 16% free 12088K/14343K, paused 46ms+3ms
06-14 03:51:25.282   428   428 D dalvikvm: GC_EXPLICIT freed <1K, 4% free 9037K/9347K, paused 21ms+2ms
06-14 03:51:30.306   324   324 D dalvikvm: GC_EXPLICIT freed <1K, 20% free 10618K/13191K, paused 4ms+3ms
06-14 03:51:35.204 16941 16941 E GeckoApp: low memory
06-14 03:51:35.333 16941 16941 D dalvikvm: GC_EXPLICIT freed <1K, 22% free 10500K/13319K, paused 60ms+4ms
06-14 03:51:40.298 17100 17100 D dalvikvm: GC_EXPLICIT freed <1K, 6% free 9716K/10247K, paused 24ms+2ms
06-14 03:51:45.314 17559 17559 D dalvikvm: GC_EXPLICIT freed 1K, 7% free 9848K/10503K, paused 35ms+3ms
06-14 03:51:50.282 17720 17720 D dalvikvm: GC_EXPLICIT freed <1K, 4% free 9055K/9347K, paused 14ms+2ms
06-14 03:51:55.298 17870 17870 D dalvikvm: GC_EXPLICIT freed 8K, 6% free 10240K/10823K, paused 30ms+2ms
06-14 03:52:05.115 15952 15952 D dalvikvm: GC_EXPLICIT freed 236K, 7% free 9136K/9735K, paused 2ms+2ms
06-14 03:52:07.615   142   368 I ActivityManager: Start proc com.google.android.apps.maps:LocationFriendService for service com.google.android.apps.maps/com.google.googlenav.friend.reporting.LocationReceiverService: pid=18101 uid=10057 gids={3003, 1015}
06-14 03:52:07.736 18101 18103 D dalvikvm: GC_CONCURRENT freed 156K, 3% free 9380K/9607K, paused 2ms+2ms
06-14 03:52:07.915 18101 18103 D dalvikvm: GC_CONCURRENT freed 190K, 3% free 9715K/9991K, paused 2ms+3ms
06-14 03:52:08.103 18101 18103 D dalvikvm: GC_CONCURRENT freed 284K, 4% free 9929K/10311K, paused 2ms+3ms
06-14 03:52:12.626 12847 12847 D dalvikvm: GC_EXPLICIT freed 194K, 6% free 9951K/10567K, paused 26ms+3ms
06-14 03:52:20.599   142   142 I ActivityManager: Process com.google.android.apps.maps:LocationFriendService (pid 18101) has died.
06-14 03:52:23.552   142 18125 I ActivityManager: Applications Memory Usage (kB):
06-14 03:52:23.552   142 18125 I ActivityManager: Uptime: 170709286 Realtime: 297605681
06-14 03:52:23.552   142 18125 I ActivityManager: Total PSS by OOM adjustment:
06-14 03:52:23.552   142 18125 I ActivityManager:     35448 kB: System
06-14 03:52:23.552   142 18125 I ActivityManager:                35448 kB: system (pid 142)
06-14 03:52:23.552   142 18125 I ActivityManager:     29637 kB: Persistent
06-14 03:52:23.552   142 18125 I ActivityManager:                13220 kB: com.android.systemui (pid 213)
06-14 03:52:23.552   142 18125 I ActivityManager:                12145 kB: com.android.phone (pid 342)
06-14 03:52:23.552   142 18125 I ActivityManager:                 4272 kB: com.android.nfc (pid 357)
06-14 03:52:23.552   142 18125 I ActivityManager:     31520 kB: Foreground
06-14 03:52:23.552   142 18125 I ActivityManager:                31520 kB: com.android.launcher (pid 27790)
06-14 03:52:23.552   142 18125 I ActivityManager:      3034 kB: Visible
06-14 03:52:23.552   142 18125 I ActivityManager:                 3034 kB: com.android.smspush (pid 428)
06-14 03:52:23.552   142 18125 I ActivityManager:     30081 kB: Perceptible
06-14 03:52:23.552   142 18125 I ActivityManager:                19742 kB: hr.podlanica (pid 959)
06-14 03:52:23.552   142 18125 I ActivityManager:                10339 kB: com.android.inputmethod.latin (pid 324)
06-14 03:52:23.552   142 18125 I ActivityManager:     24714 kB: A Services
06-14 03:52:23.552   142 18125 I ActivityManager:                10087 kB: com.google.process.gapps (pid 12847)
06-14 03:52:23.552   142 18125 I ActivityManager:                 9672 kB: com.google.android.apps.maps:NetworkLocationService (pid 17870)
06-14 03:52:23.552   142 18125 I ActivityManager:                 4955 kB: edu.buffalo.cse.phonelab.phonelabservices (pid 15952)
06-14 03:52:23.552   142 18125 I ActivityManager:     68133 kB: Previous
06-14 03:52:23.552   142 18125 I ActivityManager:                68133 kB: org.mozilla.firefox_beta (pid 16941)
06-14 03:52:23.552   142 18125 I ActivityManager:     16231 kB: B Services
06-14 03:52:23.552   142 18125 I ActivityManager:                 6982 kB: com.whatsapp (pid 17559)
06-14 03:52:23.552   142 18125 I ActivityManager:                 5829 kB: com.google.android.apps.googlevoice (pid 17100)
06-14 03:52:23.552   142 18125 I ActivityManager:                 3420 kB: com.android.sprintmenu (pid 17720)
06-14 03:52:23.552   142 18125 I ActivityManager: 
06-14 03:52:23.552   142 18125 I ActivityManager: Total PSS: 238798 kB
06-14 03:52:23.552   142 18125 I ActivityManager:   PID      Vss      Rss      Pss      Uss  cmdline
06-14 03:52:23.552   142 18125 I ActivityManager: 16941   84920K   84832K   68237K   66948K  org.mozilla.firefox_beta
06-14 03:52:23.552   142 18125 I ActivityManager:   142   53848K   53784K   35492K   31616K  system_server
06-14 03:52:23.552   142 18125 I ActivityManager: 27790   50348K   50244K   31624K   28744K  com.android.launcher
06-14 03:52:23.552   142 18125 I ActivityManager:   959   33928K   33848K   19784K   18808K  hr.podlanica
06-14 03:52:23.552   142 18125 I ActivityManager:    79   24324K   21324K   13869K    7208K  /system/bin/surfaceflinger
06-14 03:52:23.552   142 18125 I ActivityManager:   213   32724K   32624K   13268K    8728K  com.android.systemui
06-14 03:52:23.552   142 18125 I ActivityManager:   342   27568K   27484K   12191K   11108K  com.android.phone
06-14 03:52:23.552   142 18125 I ActivityManager:   324   25248K   25160K   10389K    9384K  com.android.inputmethod.latin
06-14 03:52:23.552   142 18125 I ActivityManager: 12847   28440K   28356K   10136K    8496K  com.google.process.gapps
06-14 03:52:23.552   142 18125 I ActivityManager: 17870   29708K   29612K    9724K    7424K  com.google.android.apps.maps:NetworkLocationService
06-14 03:52:23.552   142 18125 I ActivityManager: 17559   27332K   27232K    7031K    4704K  com.whatsapp
06-14 03:52:23.552   142 18125 I ActivityManager: 17100   25432K   25332K    5881K    3988K  com.google.android.apps.googlevoice
06-14 03:52:23.552   142 18125 I ActivityManager: 15952   23952K   23856K    5005K    3284K  edu.buffalo.cse.phonelab.phonelabservices
06-14 03:52:23.552   142 18125 I ActivityManager:   357   19356K   19260K    4318K    3296K  com.android.nfc
06-14 03:52:23.552   142 18125 I ActivityManager: 18802   18056K   17952K    3577K    2544K  com.spotify.mobile.android.ui
06-14 03:52:23.552   142 18125 I ActivityManager: 17720   22636K   22532K    3473K    1652K  com.android.sprintmenu
06-14 03:52:23.552   142 18125 I ActivityManager:   428   18512K   18400K    3081K    1932K  com.android.smspush
06-14 03:52:23.552   142 18125 I ActivityManager:    80   18708K   18580K    2393K    1052K  zygote
06-14 03:52:23.552   142 18125 I ActivityManager:    82    2216K    2216K    1927K    1900K  /system/bin/mediaserver
06-14 03:52:23.552   142 18125 I ActivityManager:    81    1088K    1088K     884K     876K  /system/bin/drmserver
06-14 03:52:23.552   142 18125 I ActivityManager:    78    1084K    1084K     795K     772K  /system/bin/rild
06-14 03:52:23.552   142 18125 I ActivityManager: 18126     700K     692K     568K     564K  procrank
06-14 03:52:23.552   142 18125 I ActivityManager: 27718     668K     664K     525K     520K  logcat
06-14 03:52:23.552   142 18125 I ActivityManager:  8348     576K     572K     420K     412K  /system/bin/wpa_supplicant
06-14 03:52:23.552   142 18125 I ActivityManager:    88     436K     436K     420K     420K  /sbin/adbd
06-14 03:52:23.552   142 18125 I ActivityManager: 15466     588K     584K     398K     384K  /system/bin/netd
06-14 03:52:23.552   142 18125 I ActivityManager:    86     500K     496K     307K     296K  /system/vendor/bin/gpsd
06-14 03:52:23.552   142 18125 I ActivityManager:   298     388K     388K     302K     300K  /system/bin/bluetoothd
06-14 03:52:23.552   142 18125 I ActivityManager:    73     432K     428K     292K     284K  /system/bin/vold
06-14 03:52:23.552   142 18125 I ActivityManager:    85     392K     356K     247K     244K  /system/bin/keystore
06-14 03:52:23.552   142 18125 I ActivityManager: 14741     356K     352K     198K     192K  /system/bin/dhcpcd
06-14 03:52:23.552   142 18125 I ActivityManager:    83     276K     268K     186K     184K  /system/bin/dbus-daemon
06-14 03:52:23.552   142 18125 I ActivityManager:     1     204K     204K     138K     100K  /init
06-14 03:52:23.552   142 18125 I ActivityManager:   200     204K     196K     133K     132K  /system/bin/brcm_patchram_plus
06-14 03:52:23.552   142 18125 I ActivityManager:    84     248K     240K     123K     120K  /system/bin/installd
06-14 03:52:23.552   142 18125 I ActivityManager:    61     160K     160K     122K      84K  /sbin/ueventd
06-14 03:52:23.552   142 18125 I ActivityManager:    87     172K     168K     105K     104K  /system/bin/sh
06-14 03:52:23.552   142 18125 I ActivityManager:    72     180K     172K      94K      92K  /system/bin/servicemanager
06-14 03:52:23.552   142 18125 I ActivityManager: 11322     196K     188K      75K      72K  /system/bin/debuggerd
06-14 03:52:23.552   142 18125 I ActivityManager:                           ------   ------  ------
06-14 03:52:23.552   142 18125 I ActivityManager:                          267753K  228968K  TOTAL
06-14 03:52:23.552   142 18125 I ActivityManager: RAM: 342896K total, 27696K free, 1612K buffers, 53616K cached, 18576K shmem, 9316K slab
06-14 03:52:25.720   357   357 D dalvikvm: GC_EXPLICIT freed <1K, 6% free 9100K/9607K, paused 33ms+2ms
06-14 03:52:30.716   959   959 D dalvikvm: GC_EXPLICIT freed 178K, 21% free 11692K/14663K, paused 4ms+4ms
06-14 03:52:35.720 27790 27790 D dalvikvm: GC_EXPLICIT freed 31K, 36% free 11631K/17991K, paused 27ms+3ms
06-14 03:52:40.779   142   158 D dalvikvm: GC_EXPLICIT freed 1220K, 23% free 19057K/24647K, paused 35ms+9ms
06-14 03:52:45.720   213   213 D dalvikvm: GC_EXPLICIT freed 8K, 59% free 9684K/23239K, paused 22ms+4ms
06-14 03:52:50.747   342   342 D dalvikvm: GC_EXPLICIT freed 2K, 16% free 12088K/14343K, paused 32ms+4ms
06-14 03:52:55.732   428   428 D dalvikvm: GC_EXPLICIT freed <1K, 4% free 9037K/9347K, paused 23ms+2ms
06-14 03:53:01.896 15952 15965 I PhoneLab-: Service Running
06-14 03:53:01.993 15952 15965 I PhoneLab-LoggerService: app_38    27718 1     1112   664   c00f181c 400107b4 S logcat
06-14 03:53:01.993 15952 15965 I PhoneLab-LoggerService: Logcat pid from database 27718
06-14 03:53:01.993 15952 15965 I PhoneLab-LoggerService: Logcat process found 27718
06-14 03:53:01.993 15952 15965 I PhoneLab-LoggerService: Checking Threshold
06-14 03:53:01.993 15952 15965 I PhoneLab-LoggerService: Starting to rename files
06-14 03:53:01.993 15952 15965 I PhoneLab-LoggerService: Files found .. 2
06-14 03:53:05.115   324   324 D dalvikvm: GC_EXPLICIT freed <1K, 20% free 10618K/13191K, paused 2ms+4ms
06-14 03:53:07.704   142   366 I ActivityManager: Start proc com.google.android.apps.maps:LocationFriendService for service com.google.android.apps.maps/com.google.googlenav.friend.reporting.LocationReceiverService: pid=18128 uid=10057 gids={3003, 1015}
06-14 03:53:07.833 18128 18131 D dalvikvm: GC_CONCURRENT freed 158K, 3% free 9378K/9607K, paused 1ms+2ms
06-14 03:53:07.865 17870 17872 D dalvikvm: GC_CONCURRENT freed 473K, 6% free 10252K/10823K, paused 1ms+4ms
06-14 03:53:07.978 18128 18131 D dalvikvm: GC_CONCURRENT freed 188K, 3% free 9645K/9927K, paused 2ms+1ms
06-14 03:53:08.228 18128 18131 D dalvikvm: GC_CONCURRENT freed 285K, 4% free 9887K/10247K, paused 2ms+2ms
06-14 03:53:12.615 16941 16941 E GeckoApp: low memory
06-14 03:53:12.697 16941 16941 D dalvikvm: GC_EXPLICIT freed 4K, 22% free 10500K/13319K, paused 27ms+4ms
06-14 03:53:16.587   142   172 I ActivityManager: Start proc com.twitter.android for service com.twitter.android/.client.AppService: pid=18151 uid=10068 gids={3003, 1015}
06-14 03:53:16.595 18151 18151 I dalvikvm: Turning on JNI app bug workarounds for target SDK version 11...
06-14 03:53:16.771   142   422 I ActivityManager: Process com.google.android.apps.maps:LocationFriendService (pid 18128) has died.
06-14 03:53:16.876 18151 18151 I ActivityThread: Pub com.twitter.android.provider.GlobalDatabaseProvider: com.twitter.android.provider.GlobalDatabaseProvider
06-14 03:53:16.884 18151 18151 I ActivityThread: Pub com.twitter.android.provider.TwitterProvider: com.twitter.android.provider.TwitterProvider
06-14 03:53:17.083 18151 18153 D dalvikvm: GC_CONCURRENT freed 209K, 4% free 9270K/9607K, paused 8ms+14ms
06-14 03:53:17.419 18151 18153 D dalvikvm: GC_CONCURRENT freed 175K, 4% free 9497K/9799K, paused 3ms+2ms
06-14 03:53:17.568 18151 18153 D dalvikvm: GC_CONCURRENT freed 297K, 5% free 9628K/10055K, paused 1ms+1ms
06-14 03:53:17.697 18151 18153 D dalvikvm: GC_CONCURRENT freed 307K, 5% free 9761K/10183K, paused 1ms+2ms
06-14 03:53:17.822 18151 18153 D dalvikvm: GC_CONCURRENT freed 312K, 5% free 9892K/10311K, paused 1ms+2ms
06-14 03:53:17.943 18151 18153 D dalvikvm: GC_CONCURRENT freed 309K, 4% free 10025K/10439K, paused 1ms+2ms
06-14 03:53:18.079 18151 18153 D dalvikvm: GC_CONCURRENT freed 305K, 4% free 10155K/10567K, paused 1ms+2ms
06-14 03:53:18.200 18151 18153 D dalvikvm: GC_CONCURRENT freed 293K, 4% free 10282K/10695K, paused 2ms+2ms
06-14 03:53:18.384 18151 18153 D dalvikvm: GC_CONCURRENT freed 482K, 6% free 10223K/10823K, paused 2ms+2ms
06-14 03:53:18.505 18151 18153 D dalvikvm: GC_CONCURRENT freed 325K, 5% free 10298K/10823K, paused 3ms+3ms
06-14 03:53:18.661 18151 18153 D dalvikvm: GC_CONCURRENT freed 313K, 4% free 10393K/10823K, paused 2ms+2ms
06-14 03:53:18.794 18151 18153 D dalvikvm: GC_CONCURRENT freed 371K, 5% free 10473K/10951K, paused 2ms+2ms
06-14 03:53:18.911 18151 18153 D dalvikvm: GC_CONCURRENT freed 339K, 5% free 10554K/11015K, paused 1ms+2ms
06-14 03:53:19.032 18151 18153 D dalvikvm: GC_CONCURRENT freed 334K, 5% free 10636K/11079K, paused 1ms+2ms
06-14 03:53:19.161 18151 18153 D dalvikvm: GC_CONCURRENT freed 382K, 5% free 10726K/11207K, paused 1ms+2ms
06-14 03:53:19.290 18151 18153 D dalvikvm: GC_CONCURRENT freed 405K, 5% free 10823K/11335K, paused 2ms+2ms
06-14 03:53:20.532 18151 18153 D dalvikvm: GC_CONCURRENT freed 343K, 4% free 11006K/11463K, paused 2ms+2ms
06-14 03:53:21.892 17100 17100 D dalvikvm: GC_EXPLICIT freed <1K, 6% free 9716K/10247K, paused 26ms+2ms
06-14 03:53:22.376 18151 18153 D dalvikvm: GC_CONCURRENT freed 368K, 5% free 11224K/11719K, paused 15ms+3ms
06-14 03:53:27.216 17559 17559 D dalvikvm: GC_EXPLICIT freed 58K, 7% free 9848K/10503K, paused 2ms+3ms
06-14 03:53:29.767   142   142 I ActivityManager: Process com.twitter.android (pid 18151) has died.
06-14 03:53:30.349   142   197 D DhcpInfoInternal: makeLinkProperties with empty dns2!
06-14 03:53:30.365   142   197 D DhcpInfoInternal: makeLinkProperties with empty dns2!
06-14 03:53:34.884   357   357 D dalvikvm: GC_EXPLICIT freed <1K, 6% free 9100K/9607K, paused 15ms+2ms
06-14 03:53:39.880   959   959 D dalvikvm: GC_EXPLICIT freed 125K, 21% free 11683K/14663K, paused 16ms+3ms
06-14 03:53:44.884 27790 27790 D dalvikvm: GC_EXPLICIT freed 31K, 36% free 11631K/17991K, paused 29ms+3ms
06-14 03:53:52.161   142   158 D dalvikvm: GC_EXPLICIT freed 674K, 23% free 19049K/24647K, paused 2ms+9ms
06-14 03:53:57.157   213   213 D dalvikvm: GC_EXPLICIT freed 7K, 59% free 9684K/23239K, paused 28ms+3ms
06-14 03:54:05.122   342   342 D dalvikvm: GC_EXPLICIT freed 2K, 16% free 12088K/14343K, paused 2ms+3ms
06-14 03:54:07.779   142   922 I ActivityManager: Start proc com.google.android.apps.maps:LocationFriendService for service com.google.android.apps.maps/com.google.googlenav.friend.reporting.LocationReceiverService: pid=18189 uid=10057 gids={3003, 1015}
06-14 03:54:07.896 18189 18192 D dalvikvm: GC_CONCURRENT freed 163K, 3% free 9373K/9607K, paused 2ms+2ms
06-14 03:54:07.990 12847 12933 D dalvikvm: GC_EXPLICIT freed 31K, 6% free 9947K/10567K, paused 2ms+2ms
06-14 03:54:08.122 18189 18192 D dalvikvm: GC_CONCURRENT freed 201K, 3% free 9716K/9991K, paused 2ms+2ms
06-14 03:54:08.310 18189 18196 I dalvikvm: Total arena pages for JIT: 11
06-14 03:54:08.310 18189 18196 I dalvikvm: Total arena pages for JIT: 12
06-14 03:54:08.310 18189 18196 I dalvikvm: Total arena pages for JIT: 13
06-14 03:54:08.310 18189 18196 I dalvikvm: Total arena pages for JIT: 14
06-14 03:54:08.310 18189 18196 I dalvikvm: Total arena pages for JIT: 15
06-14 03:54:08.310 18189 18196 I dalvikvm: Total arena pages for JIT: 16
06-14 03:54:08.310 18189 18196 I dalvikvm: Total arena pages for JIT: 17
06-14 03:54:08.318 18189 18192 D dalvikvm: GC_CONCURRENT freed 274K, 4% free 9927K/10311K, paused 2ms+2ms
06-14 03:54:12.763   428   428 D dalvikvm: GC_EXPLICIT freed <1K, 4% free 9037K/9347K, paused 27ms+2ms
06-14 03:54:17.790   324   324 D dalvikvm: GC_EXPLICIT freed <1K, 20% free 10618K/13191K, paused 29ms+3ms
06-14 03:54:22.681 16941 16941 E GeckoApp: low memory
06-14 03:54:22.786 16941 16941 D dalvikvm: GC_EXPLICIT freed <1K, 22% free 10500K/13319K, paused 26ms+4ms
06-14 03:54:27.747 17100 17100 D dalvikvm: GC_EXPLICIT freed <1K, 6% free 9716K/10247K, paused 37ms+2ms
06-14 03:54:30.415 15952 15952 I PhoneLab-Locks: wake lock acquired
06-14 03:54:30.431 15952 18212 I PhoneLab-PeriodicCheckService: User info is synched
06-14 03:54:30.435 15952 18212 I PhoneLab-PeriodicCheckService: Logger Service is running
06-14 03:54:30.439 15952 18212 I PhoneLab-Locks: wake lock acquired
06-14 03:54:30.443 15952 15952 I PhoneLab-UploadLogs: Transfering log files now
06-14 03:54:30.447 15952 18212 I PhoneLab-PeriodicCheckService: Rescheduling periodic checking...
06-14 03:54:30.450 15952 18212 I PhoneLab-Locks: wake lock released
06-14 03:54:30.536 15952 15954 D dalvikvm: GC_CONCURRENT freed 386K, 5% free 9262K/9735K, paused 1ms+2ms
06-14 03:54:30.564 15952 15952 D dalvikvm: GC_FOR_ALLOC freed 122K, 6% free 9325K/9863K, paused 17ms
06-14 03:54:30.568 15952 15952 I dalvikvm-heap: Grow heap (frag case) to 9.418MB for 254548-byte allocation
06-14 03:54:30.591 15952 15952 D dalvikvm: GC_FOR_ALLOC freed 120K, 7% free 9453K/10119K, paused 16ms
06-14 03:54:30.595 15952 15952 I dalvikvm-heap: Grow heap (frag case) to 9.793MB for 516692-byte allocation
06-14 03:54:30.622 15952 15954 D dalvikvm: GC_CONCURRENT freed 248K, 9% free 9708K/10631K, paused 2ms+2ms
06-14 03:54:30.650 15952 15952 I PhoneLab-UploadLogs: OnStartCommand
06-14 03:54:30.657   142   368 I ActivityManager: Process com.google.android.apps.maps:LocationFriendService (pid 18189) has died.
06-14 03:54:31.025 15952 18214 D dalvikvm: GC_FOR_ALLOC freed 385K, 9% free 9692K/10631K, paused 37ms
06-14 03:54:31.040 15952 18214 D dalvikvm: GC_FOR_ALLOC freed 303K, 9% free 9692K/10631K, paused 12ms
06-14 03:54:31.056 15952 18214 D dalvikvm: GC_FOR_ALLOC freed 303K, 9% free 9699K/10631K, paused 14ms
06-14 03:54:34.318 15952 15952 I PhoneLab-: 1339659782013.log is deleted
06-14 03:54:34.318 15952 15952 I PhoneLab-: Response: {"data": "done", "err": ""}
06-14 03:54:34.322 15952 15952 I PhoneLab-UploadLogs: No log files to transfer
06-14 03:54:34.322 15952 15952 I PhoneLab-Locks: wake lock released
06-14 03:54:37.822   357   357 D dalvikvm: GC_EXPLICIT freed <1K, 6% free 9100K/9607K, paused 26ms+2ms
06-14 03:54:42.818   959   959 D dalvikvm: GC_EXPLICIT freed 111K, 21% free 11682K/14663K, paused 4ms+4ms
06-14 03:54:47.845 27790 27790 D dalvikvm: GC_EXPLICIT freed 21K, 36% free 11631K/17991K, paused 25ms+3ms
06-14 03:54:52.919   142   158 D dalvikvm: GC_EXPLICIT freed 572K, 23% free 19043K/24647K, paused 40ms+8ms
06-14 03:54:57.814   213   213 D dalvikvm: GC_EXPLICIT freed 4K, 59% free 9684K/23239K, paused 25ms+3ms
06-14 03:55:01.892 15952 15965 I PhoneLab-: Service Running
06-14 03:55:01.978 15952 15965 I PhoneLab-LoggerService: app_38    27718 1     1112   664   c00f181c 400107b4 S logcat
06-14 03:55:01.978 15952 15965 I PhoneLab-LoggerService: Logcat pid from database 27718
06-14 03:55:01.978 15952 15965 I PhoneLab-LoggerService: Logcat process found 27718
06-14 03:55:01.978 15952 15965 I PhoneLab-LoggerService: Checking Threshold
06-14 03:55:05.107   342   342 D dalvikvm: GC_EXPLICIT freed 2K, 16% free 12088K/14343K, paused 2ms+3ms
06-14 03:55:07.837   142   142 I ActivityManager: Start proc com.google.android.apps.maps:LocationFriendService for service com.google.android.apps.maps/com.google.googlenav.friend.reporting.LocationReceiverService: pid=18216 uid=10057 gids={3003, 1015}
06-14 03:55:07.954 18216 18219 D dalvikvm: GC_CONCURRENT freed 166K, 3% free 9370K/9607K, paused 1ms+2ms
06-14 03:55:08.029 17870 17872 D dalvikvm: GC_CONCURRENT freed 474K, 6% free 10255K/10823K, paused 2ms+20ms
06-14 03:55:08.111 18216 18219 D dalvikvm: GC_CONCURRENT freed 165K, 3% free 9695K/9991K, paused 2ms+4ms
06-14 03:55:08.200   142   916 D dalvikvm: GC_EXPLICIT freed 79K, 23% free 19038K/24647K, paused 5ms+8ms
06-14 03:55:08.314   142   370 I ActivityManager: Process edu.buffalo.cse.phonelab.phonelabservices (pid 15952) has died.
06-14 03:55:08.314   142   370 W ActivityManager: Scheduling restart of crashed service edu.buffalo.cse.phonelab.phonelabservices/edu.buffalo.cse.phonelab.datalogger.LoggerService in 5000ms
06-14 03:55:08.407 18216 18219 D dalvikvm: GC_CONCURRENT freed 317K, 4% free 9920K/10311K, paused 1ms+3ms
06-14 03:55:13.372   142   159 I ActivityManager: Start proc edu.buffalo.cse.phonelab.phonelabservices for service edu.buffalo.cse.phonelab.phonelabservices/edu.buffalo.cse.phonelab.datalogger.LoggerService: pid=18240 uid=10038 gids={3003, 1015, 1007, 2001}
06-14 03:55:13.411   428   428 D dalvikvm: GC_EXPLICIT freed <1K, 4% free 9037K/9347K, paused 1ms+2ms
06-14 03:55:13.431 18240 18240 I PhoneLab-LoggerService: Start Logger Service
06-14 03:55:13.450 18240 18253 I PhoneLab-: Service Running
06-14 03:55:13.486   142   602 I ActivityManager: Process com.google.android.apps.maps:LocationFriendService (pid 18216) has died.
06-14 03:55:13.540 18240 18253 I PhoneLab-LoggerService: app_38    27718 1     1112   664   c00f181c 400107b4 S logcat
06-14 03:55:13.540 18240 18253 I PhoneLab-LoggerService: Logcat pid from database 27718
06-14 03:55:13.540 18240 18253 I PhoneLab-LoggerService: Logcat process found 27718
06-14 03:55:13.540 18240 18253 I PhoneLab-LoggerService: Checking Threshold
06-14 03:55:18.646   324   324 D dalvikvm: GC_EXPLICIT freed <1K, 20% free 10618K/13191K, paused 26ms+3ms
06-14 03:55:23.626 16941 16941 E GeckoApp: low memory
06-14 03:55:23.712 16941 16941 D dalvikvm: GC_EXPLICIT freed 2K, 22% free 10500K/13319K, paused 39ms+4ms
06-14 03:55:28.700 17100 17100 D dalvikvm: GC_EXPLICIT freed <1K, 6% free 9716K/10247K, paused 24ms+2ms
06-14 03:55:33.716 17559 17559 D dalvikvm: GC_EXPLICIT freed 3K, 7% free 9848K/10503K, paused 31ms+3ms
06-14 03:55:38.716 17720 17720 D dalvikvm: GC_EXPLICIT freed <1K, 4% free 9055K/9347K, paused 21ms+1ms
06-14 03:55:43.724 17870 17870 D dalvikvm: GC_EXPLICIT freed 12K, 6% free 10245K/10823K, paused 29ms+2ms
06-14 03:55:48.743 12847 12847 D dalvikvm: GC_EXPLICIT freed 30K, 6% free 9950K/10567K, paused 5ms+9ms
06-14 03:55:55.232   142   197 D DhcpInfoInternal: makeLinkProperties with empty dns2!
06-14 03:55:55.236   142   197 D DhcpInfoInternal: makeLinkProperties with empty dns2!
06-14 03:56:07.829   142   368 I ActivityManager: Start proc com.google.android.apps.maps:LocationFriendService for service com.google.android.apps.maps/com.google.googlenav.friend.reporting.LocationReceiverService: pid=18275 uid=10057 gids={3003, 1015}
06-14 03:56:07.947 18275 18278 D dalvikvm: GC_CONCURRENT freed 171K, 3% free 9365K/9607K, paused 2ms+1ms
06-14 03:56:08.126 18275 18278 D dalvikvm: GC_CONCURRENT freed 195K, 3% free 9715K/9991K, paused 2ms+3ms
06-14 03:56:08.322 18275 18278 D dalvikvm: GC_CONCURRENT freed 288K, 4% free 9933K/10311K, paused 2ms+4ms
06-14 03:56:50.247   142   159 I ActivityManager: Start proc com.facebook.orca for service com.facebook.orca/.push.mqtt.MqttPushService: pid=18298 uid=10061 gids={3003, 1015, 1006}
06-14 03:56:50.251 18298 18298 I dalvikvm: Turning on JNI app bug workarounds for target SDK version 10...
06-14 03:56:50.361 18298 18298 I ActivityThread: Pub com.facebook.orca.notify.MessengerLoggedInUserProvider: com.facebook.orca.notify.MessengerLoggedInUserProvider
06-14 03:56:50.365 18298 18298 I ActivityThread: Pub com.facebook.orca.notify.MessengerForegroundProvider: com.facebook.orca.notify.MessengerForegroundProvider
06-14 03:56:50.368 18298 18298 V orca:OrcaApplication: Forcing initialization of AsyncTask
06-14 03:56:50.443 18298 18301 D dalvikvm: GC_CONCURRENT freed 230K, 4% free 9306K/9607K, paused 2ms+2ms
06-14 03:56:50.447 18298 18298 I Finalizer: Couldn't access Thread.inheritableThreadLocals. Reference finalizer threads will inherit thread local values.
06-14 03:56:50.607 18298 18301 D dalvikvm: GC_CONCURRENT freed 356K, 5% free 9446K/9927K, paused 2ms+2ms
06-14 03:56:50.697 18298 18298 W OrcaGuiceModule: Sig: ijxLJi1yGs1JpL-X1SExmchvork
06-14 03:56:50.724   142   366 I ActivityManager: Process com.google.android.apps.maps:LocationFriendService (pid 18275) has died.
06-14 03:56:50.794 18298 18301 D dalvikvm: GC_CONCURRENT freed 283K, 4% free 9624K/9991K, paused 2ms+2ms
06-14 03:56:50.997 18298 18313 W Resources: Converting to string: TypedValue{t=0x10/d=0xffffffff a=-1}
06-14 03:56:51.107 18298 18301 D dalvikvm: GC_CONCURRENT freed 319K, 4% free 9856K/10247K, paused 2ms+3ms
06-14 03:56:51.216 18298 18298 D ACRA    : Retrieve application default SharedPreferences.
06-14 03:56:51.216 18298 18298 D ACRA    : Set OnSharedPreferenceChangeListener.
06-14 03:56:51.216 18298 18298 D ACRA    : ACRA is enabled for com.facebook.orca, intializing...
06-14 03:56:51.247 18298 18301 D dalvikvm: GC_CONCURRENT freed 272K, 4% free 10069K/10439K, paused 3ms+3ms
06-14 03:56:51.290 18298 18313 D dalvikvm: GC_FOR_ALLOC freed 258K, 6% free 10149K/10695K, paused 17ms
06-14 03:56:51.333 18298 18313 D dalvikvm: GC_FOR_ALLOC freed 90K, 5% free 10208K/10695K, paused 20ms
06-14 03:56:51.333 18298 18298 D ACRA    : Looking for error files in /data/data/com.facebook.orca/app_acra-reports
06-14 03:56:51.384 18298 18313 D dalvikvm: GC_FOR_ALLOC freed 230K, 6% free 10241K/10823K, paused 18ms
06-14 03:56:51.509 18298 18301 D dalvikvm: GC_CONCURRENT freed 365K, 5% free 10387K/10823K, paused 2ms+2ms
06-14 03:56:51.700 18298 18301 D dalvikvm: GC_CONCURRENT freed 139K, 2% free 10805K/11015K, paused 2ms+3ms
06-14 03:56:51.880 18298 18301 D dalvikvm: GC_CONCURRENT freed 401K, 5% free 11055K/11527K, paused 2ms+3ms
06-14 03:56:52.048 18298 18301 D dalvikvm: GC_CONCURRENT freed 468K, 5% free 11308K/11847K, paused 2ms+3ms
06-14 03:56:53.657 18298 18301 D dalvikvm: GC_CONCURRENT freed 705K, 7% free 11366K/12167K, paused 2ms+3ms
06-14 03:56:56.236   357   357 D dalvikvm: GC_EXPLICIT freed <1K, 6% free 9100K/9607K, paused 23ms+2ms
06-14 03:57:05.126   959   959 D dalvikvm: GC_EXPLICIT freed 222K, 21% free 11698K/14663K, paused 2ms+4ms
06-14 03:57:07.954   142   919 I ActivityManager: Start proc com.google.android.apps.maps:LocationFriendService for service com.google.android.apps.maps/com.google.googlenav.friend.reporting.LocationReceiverService: pid=18322 uid=10057 gids={3003, 1015}
06-14 03:57:08.056 17870 17872 D dalvikvm: GC_CONCURRENT freed 470K, 6% free 10255K/10823K, paused 1ms+2ms
06-14 03:57:08.087 18322 18324 D dalvikvm: GC_CONCURRENT freed 176K, 3% free 9360K/9607K, paused 2ms+2ms
06-14 03:57:08.290   142   918 I ActivityManager: Process com.whatsapp (pid 17559) has died.
06-14 03:57:08.290   142   918 W ActivityManager: Scheduling restart of crashed service com.whatsapp/.messaging.MessageService in 5000ms
06-14 03:57:08.306 18322 18324 D dalvikvm: GC_CONCURRENT freed 182K, 3% free 9695K/9991K, paused 8ms+3ms
06-14 03:57:08.529 18322 18324 D dalvikvm: GC_CONCURRENT freed 297K, 4% free 9929K/10311K, paused 1ms+2ms
06-14 03:57:13.384   142   159 I ActivityManager: Start proc com.whatsapp for service com.whatsapp/.messaging.MessageService: pid=18345 uid=10070 gids={1015, 3003}
06-14 03:57:13.427 18345 18345 I dalvikvm: Turning on JNI app bug workarounds for target SDK version 7...
06-14 03:57:13.447    80    80 D dalvikvm: GC_EXPLICIT freed 38K, 4% free 9031K/9347K, paused 6ms+2ms
06-14 03:57:13.454 18240 18253 I PhoneLab-: Service Running
06-14 03:57:13.490 27790 27790 D dalvikvm: GC_EXPLICIT freed 51K, 36% free 11631K/17991K, paused 1ms+9ms
06-14 03:57:13.501    80    80 D dalvikvm: GC_EXPLICIT freed <1K, 4% free 9031K/9347K, paused 4ms+2ms
06-14 03:57:13.552    80    80 D dalvikvm: GC_EXPLICIT freed <1K, 4% free 9031K/9347K, paused 1ms+1ms
06-14 03:57:13.587   142   918 I ActivityManager: Process com.google.android.apps.maps:LocationFriendService (pid 18322) has died.
06-14 03:57:13.650 18345 18347 D dalvikvm: GC_CONCURRENT freed 168K, 4% free 9305K/9607K, paused 2ms+2ms
06-14 03:57:13.775 18240 18253 I PhoneLab-LoggerService: app_38    27718 1     1112   664   c00f181c 400107b4 S logcat
06-14 03:57:13.775 18240 18253 I PhoneLab-LoggerService: Logcat pid from database 27718
06-14 03:57:13.775 18240 18253 I PhoneLab-LoggerService: Logcat process found 27718
06-14 03:57:13.775 18240 18253 I PhoneLab-LoggerService: Checking Threshold
06-14 03:57:14.181 18345 18347 D dalvikvm: GC_CONCURRENT freed 290K, 4% free 9551K/9927K, paused 4ms+2ms
06-14 03:57:14.372 18345 18345 I SqliteDatabaseCpp: sqlite returned: error code = 1, msg = duplicate column name: photo_ts, db=/data/data/com.whatsapp/databases/msgstore.db
06-14 03:57:14.372 18345 18345 I SqliteDatabaseCpp: sqlite returned: error code = 1, msg = duplicate column name: thumb_ts, db=/data/data/com.whatsapp/databases/msgstore.db
06-14 03:57:14.372 18345 18345 I SqliteDatabaseCpp: sqlite returned: error code = 1, msg = duplicate column name: photo_id_timestamp, db=/data/data/com.whatsapp/databases/msgstore.db
06-14 03:57:14.450   142   916 I ActivityManager: Start proc android.process.acore for content provider com.android.providers.contacts/.ContactsProvider2: pid=18367 uid=10000 gids={3003, 1015}
06-14 03:57:14.532 18345 18345 I dalvikvm: Could not find method android.media.MediaMetadataRetriever.captureFrame, referenced from method com.whatsapp.d3.a
06-14 03:57:14.532 18345 18345 W dalvikvm: VFY: unable to resolve virtual method 496: Landroid/media/MediaMetadataRetriever;.captureFrame ()Landroid/graphics/Bitmap;
06-14 03:57:14.532 18345 18345 D dalvikvm: VFY: replacing opcode 0x6e at 0x0134
06-14 03:57:14.548   142   294 I ActivityManager: Process com.google.android.apps.googlevoice (pid 17100) has died.
06-14 03:57:14.548   142   294 W ActivityManager: Scheduling restart of crashed service com.google.android.apps.googlevoice/.UpdateService in 5000ms
06-14 03:57:14.548   142   294 W ActivityManager: Scheduling restart of crashed service com.google.android.apps.googlevoice/.CallLogService in 15000ms
06-14 03:57:14.583 18367 18367 I ActivityThread: Pub call_log: com.android.providers.contacts.CallLogProvider
06-14 03:57:14.642 18367 18367 I ActivityThread: Pub com.android.voicemail: com.android.providers.contacts.VoicemailContentProvider
06-14 03:57:14.646 18367 18367 I ActivityThread: Pub user_dictionary: com.android.providers.userdictionary.UserDictionaryProvider
06-14 03:57:14.685 18367 18367 I ActivityThread: Pub com.android.social: com.android.providers.contacts.SocialProvider
06-14 03:57:14.689 18367 18367 I ActivityThread: Pub applications: com.android.providers.applications.ApplicationsProvider
06-14 03:57:14.806 18345 18347 D dalvikvm: GC_CONCURRENT freed 303K, 4% free 9802K/10183K, paused 7ms+3ms
06-14 03:57:14.841 18367 18367 I ActivityThread: Pub contacts;com.android.contacts: com.android.providers.contacts.ContactsProvider2
06-14 03:57:14.896 18367 18369 D dalvikvm: GC_CONCURRENT freed 347K, 5% free 9188K/9607K, paused 1ms+6ms
06-14 03:57:14.990   142   172 I ActivityManager: Start proc com.google.android.apps.plus for service com.google.android.apps.plus/.service.EsService: pid=18384 uid=10058 gids={3003, 3002, 1015, 1006}
06-14 03:57:15.337 18345 18347 D dalvikvm: GC_CONCURRENT freed 320K, 5% free 9978K/10439K, paused 2ms+4ms
06-14 03:57:15.423 18384 18386 D dalvikvm: GC_CONCURRENT freed 152K, 3% free 9384K/9607K, paused 2ms+2ms
06-14 03:57:15.462   142   172 I ActivityManager: Start proc com.google.android.gm for service com.google.android.gm/.provider.MailIndexerService: pid=18400 uid=10019 gids={3003, 1015}
06-14 03:57:15.552 18384 18384 I ActivityThread: Pub com.google.android.apps.plus.content.ApiProvider: com.google.android.apps.plus.content.EsApiProvider
06-14 03:57:15.572   142 12773 I ActivityManager: Process com.facebook.orca (pid 18298) has died.
06-14 03:57:15.572   142 12773 W ActivityManager: Scheduling restart of crashed service com.facebook.orca/.push.mqtt.MqttPushService in 5120000ms
06-14 03:57:15.579 18384 18384 I ActivityThread: Pub com.google.android.apps.plus.content.EsGooglePhotoProvider: com.google.android.picasasync.PicasaContentProvider
06-14 03:57:15.802 18384 18386 D dalvikvm: GC_CONCURRENT freed 481K, 6% free 9434K/9991K, paused 2ms+6ms
06-14 03:57:15.802 18384 18384 I ActivityThread: Pub com.google.android.apps.plus.content.EsPicasaStoreProvider: com.google.android.picasastore.PicasaPhotoContentProvider
06-14 03:57:15.814 18384 18384 I ActivityThread: Pub com.google.plus.platform: com.google.android.apps.plus.content.AdsProvider
06-14 03:57:15.814 18384 18384 I ActivityThread: Pub com.google.android.apps.plus.iu.EsGoogleIuProvider: com.google.android.apps.plus.iu.InstantUploadProvider
06-14 03:57:15.861 18400 18400 I ActivityThread: Pub gmail-ls: com.google.android.gm.provider.MailProvider
06-14 03:57:15.876 18384 18384 I ActivityThread: Pub com.google.android.apps.plus.content.EsProvider: com.google.android.apps.plus.content.EsProvider
06-14 03:57:15.888 18400 18400 I ActivityThread: Pub com.google.android.gm: com.google.android.gm.provider.PublicContentProvider
06-14 03:57:15.892 18400 18400 I ActivityThread: Pub com.google.android.gmail.SuggestionProvider: com.google.android.gm.SuggestionsProvider
06-14 03:57:15.982 18384 18386 D dalvikvm: GC_CONCURRENT freed 415K, 5% free 9554K/10055K, paused 38ms+4ms
06-14 03:57:16.040   142   145 D dalvikvm: GC_CONCURRENT freed 1909K, 23% free 19091K/24647K, paused 72ms+10ms
06-14 03:57:16.279   142   921 I ActivityManager: Start proc android.process.media for content provider com.android.providers.media/.MediaProvider: pid=18423 uid=10012 gids={1015, 1023, 1024, 2001, 3003, 3007}
06-14 03:57:16.337 18423 18423 I ActivityThread: Pub downloads: com.android.providers.downloads.DownloadProvider
06-14 03:57:16.404 18423 18423 I ActivityThread: Pub drm: com.android.providers.drm.DrmProvider
06-14 03:57:16.404 18423 18436 I DownloadManager: in removeSpuriousFiles
06-14 03:57:16.423 18423 18423 I ActivityThread: Pub media: com.android.providers.media.MediaProvider
06-14 03:57:16.482 18423 18436 I DownloadManager: in removeSpuriousFiles, preserving file /data/data/com.android.providers.downloads/cache/downloadfile-1.apk
06-14 03:57:16.490 18423 18436 I DownloadManager: deleting spurious file /cache/backup
06-14 03:57:16.724 18423 18425 D dalvikvm: GC_CONCURRENT freed 367K, 5% free 9167K/9607K, paused 8ms+8ms
06-14 03:57:17.376 18384 18414 D PicasaPhotoCP: set fsid first time:-1
06-14 03:57:17.380 18400 18422 W Gmail   : No MailEngine for account: lokeshmandvekar@gmail.com
06-14 03:57:17.638 18367 18369 D dalvikvm: GC_CONCURRENT freed 145K, 3% free 9465K/9735K, paused 14ms+2ms
06-14 03:57:17.681 18384 18386 D dalvikvm: GC_CONCURRENT freed 162K, 3% free 9823K/10119K, paused 11ms+1ms
06-14 03:57:17.958 18384 18386 D dalvikvm: GC_CONCURRENT freed 227K, 4% free 10025K/10375K, paused 2ms+2ms
06-14 03:57:18.025 18384 18418 D dalvikvm: GC_FOR_ALLOC freed 92K, 4% free 10121K/10503K, paused 18ms
06-14 03:57:18.259 18384 18386 D dalvikvm: GC_CONCURRENT freed 407K, 6% free 10155K/10759K, paused 2ms+3ms
06-14 03:57:18.286 18384 18418 D dalvikvm: GC_FOR_ALLOC freed 92K, 5% free 10250K/10759K, paused 20ms
06-14 03:57:18.286 18384 18418 I dalvikvm-heap: Grow heap (frag case) to 10.327MB for 260112-byte allocation
06-14 03:57:18.314 18384 18418 D dalvikvm: GC_FOR_ALLOC freed 126K, 6% free 10378K/11015K, paused 20ms
06-14 03:57:18.349 18384 18418 D dalvikvm: GC_FOR_ALLOC freed 369K, 6% free 10378K/11015K, paused 18ms
06-14 03:57:18.415 18384 18386 D dalvikvm: GC_CONCURRENT freed 381K, 6% free 10382K/11015K, paused 4ms+2ms
06-14 03:57:18.579 18384 18386 D dalvikvm: GC_CONCURRENT freed 83K, 4% free 10684K/11015K, paused 3ms+2ms
06-14 03:57:18.763 18345 18347 D dalvikvm: GC_CONCURRENT freed 507K, 7% free 9869K/10503K, paused 6ms+3ms
06-14 03:57:18.837 18384 18386 D dalvikvm: GC_CONCURRENT freed 97K, 3% free 11044K/11271K, paused 2ms+2ms
06-14 03:57:19.466 18384 18386 D dalvikvm: GC_CONCURRENT freed 392K, 5% free 11259K/11783K, paused 3ms+2ms
06-14 03:57:19.673 18384 18386 D dalvikvm: GC_CONCURRENT freed 145K, 3% free 11762K/12039K, paused 2ms+3ms
06-14 03:57:20.138   142   159 I ActivityManager: Start proc com.google.android.apps.googlevoice for service com.google.android.apps.googlevoice/.UpdateService: pid=18445 uid=10056 gids={3003, 1015}
06-14 03:57:20.302   142   918 I ActivityManager: Process com.google.android.gm (pid 18400) has died.
06-14 03:57:21.286 18445 18446 D dalvikvm: GC_CONCURRENT freed 234K, 4% free 9287K/9607K, paused 59ms+15ms
06-14 03:57:21.490 18367 18369 D dalvikvm: GC_CONCURRENT freed 452K, 6% free 9428K/9991K, paused 2ms+3ms
06-14 03:57:22.380   142   921 D CountryDetector: The first listener is added
06-14 03:57:22.427 18445 18446 D dalvikvm: GC_CONCURRENT freed 435K, 6% free 9419K/9927K, paused 2ms+3ms
06-14 03:57:22.427 18445 18454 W CursorWrapperInner: Cursor finalized without prior close()
06-14 03:57:22.427 18445 18454 W CursorWrapperInner: Cursor finalized without prior close()
06-14 03:57:22.427 18445 18454 W CursorWrapperInner: Cursor finalized without prior close()
06-14 03:57:22.927   142   919 D dalvikvm: GC_EXPLICIT freed 378K, 23% free 19072K/24647K, paused 11ms+7ms
06-14 03:57:23.017   142   142 I ActivityManager: Process android.process.media (pid 18423) has died.
06-14 03:57:23.165   142   917 I ActivityManager: Start proc com.google.android.gsf.login for service com.google.android.gsf.login/com.google.android.gsf.loginservice.GoogleLoginService: pid=18476 uid=10009 gids={3003, 1015, 1007, 2001, 3006}
06-14 03:57:23.349 18367 18369 D dalvikvm: GC_CONCURRENT freed 328K, 4% free 9656K/10055K, paused 50ms+16ms
06-14 03:57:23.474 18445 18446 D dalvikvm: GC_CONCURRENT freed 332K, 5% free 9525K/9991K, paused 2ms+6ms
06-14 03:57:23.497   142   421 I ActivityManager: Process com.google.android.gsf.login (pid 18476) has died.
06-14 03:57:23.779 18367 18369 D dalvikvm: GC_CONCURRENT freed 373K, 5% free 9802K/10247K, paused 2ms+4ms
06-14 03:57:23.904 18445 18473 D dalvikvm: GC_FOR_ALLOC freed 136K, 5% free 9657K/10119K, paused 24ms
06-14 03:57:23.954 18367 18492 D dalvikvm: GC_EXPLICIT freed 203K, 5% free 9743K/10247K, paused 5ms+3ms
06-14 03:57:26.197 18384 18386 D dalvikvm: GC_CONCURRENT freed 796K, 8% free 11819K/12743K, paused 5ms+3ms
06-14 03:57:27.048 18384 18386 D dalvikvm: GC_CONCURRENT freed 667K, 7% free 12019K/12807K, paused 2ms+3ms
06-14 03:57:28.650   142   158 D dalvikvm: GC_EXPLICIT freed 402K, 23% free 19071K/24647K, paused 6ms+9ms
06-14 03:57:33.282 18384 18386 D dalvikvm: GC_CONCURRENT freed 945K, 9% free 12004K/13063K, paused 15ms+10ms
06-14 03:57:33.497   142   366 I ActivityManager: Start proc android.process.media for content provider com.android.providers.media/.MediaProvider: pid=18497 uid=10012 gids={1015, 1023, 1024, 2001, 3003, 3007}
06-14 03:57:33.540 18497 18497 I ActivityThread: Pub downloads: com.android.providers.downloads.DownloadProvider
06-14 03:57:33.575 18497 18497 I ActivityThread: Pub drm: com.android.providers.drm.DrmProvider
06-14 03:57:33.579 18497 18510 I DownloadManager: in removeSpuriousFiles
06-14 03:57:33.587 18497 18497 I ActivityThread: Pub media: com.android.providers.media.MediaProvider
06-14 03:57:33.599   142   916 I ActivityManager: Process android.process.acore (pid 18367) has died.
06-14 03:57:33.603   142   370 D CountryDetector: No listener is left
06-14 03:57:33.697 18497 18510 I DownloadManager: in removeSpuriousFiles, preserving file /data/data/com.android.providers.downloads/cache/downloadfile-1.apk
06-14 03:57:33.697 18497 18510 I DownloadManager: deleting spurious file /cache/backup
06-14 03:57:33.896 18497 18499 D dalvikvm: GC_CONCURRENT freed 327K, 5% free 9209K/9607K, paused 2ms+8ms
06-14 03:57:37.220   142 18511 I ActivityManager: Applications Memory Usage (kB):
06-14 03:57:37.220   142 18511 I ActivityManager: Uptime: 171022321 Realtime: 297918716
06-14 03:57:37.220   142 18511 I ActivityManager: Total PSS by OOM adjustment:
06-14 03:57:37.220   142 18511 I ActivityManager:     33340 kB: System
06-14 03:57:37.220   142 18511 I ActivityManager:                33340 kB: system (pid 142)
06-14 03:57:37.220   142 18511 I ActivityManager:     28273 kB: Persistent
06-14 03:57:37.220   142 18511 I ActivityManager:                12178 kB: com.android.systemui (pid 213)
06-14 03:57:37.220   142 18511 I ActivityManager:                11950 kB: com.android.phone (pid 342)
06-14 03:57:37.220   142 18511 I ActivityManager:                 4145 kB: com.android.nfc (pid 357)
06-14 03:57:37.220   142 18511 I ActivityManager:     31161 kB: Foreground
06-14 03:57:37.220   142 18511 I ActivityManager:                31161 kB: com.android.launcher (pid 27790)
06-14 03:57:37.220   142 18511 I ActivityManager:     23561 kB: Visible
06-14 03:57:37.220   142 18511 I ActivityManager:                15833 kB: com.google.android.apps.plus (pid 18384)
06-14 03:57:37.220   142 18511 I ActivityManager:                 4816 kB: android.process.media (pid 18497)
06-14 03:57:37.220   142 18511 I ActivityManager:                 2912 kB: com.android.smspush (pid 428)
06-14 03:57:37.220   142 18511 I ActivityManager:     29773 kB: Perceptible
06-14 03:57:37.220   142 18511 I ActivityManager:                19568 kB: hr.podlanica (pid 959)
06-14 03:57:37.220   142 18511 I ActivityManager:                10205 kB: com.android.inputmethod.latin (pid 324)
06-14 03:57:37.220   142 18511 I ActivityManager:     24900 kB: A Services
06-14 03:57:37.220   142 18511 I ActivityManager:                 9514 kB: com.google.process.gapps (pid 12847)
06-14 03:57:37.220   142 18511 I ActivityManager:                 7928 kB: com.google.android.apps.googlevoice (pid 18445)
06-14 03:57:37.220   142 18511 I ActivityManager:                 7458 kB: com.google.android.apps.maps:NetworkLocationService (pid 17870)
06-14 03:57:37.220   142 18511 I ActivityManager:     67512 kB: Previous
06-14 03:57:37.220   142 18511 I ActivityManager:                67512 kB: org.mozilla.firefox_beta (pid 16941)
06-14 03:57:37.220   142 18511 I ActivityManager:     13319 kB: B Services
06-14 03:57:37.220   142 18511 I ActivityManager:                 7132 kB: com.whatsapp (pid 18345)
06-14 03:57:37.220   142 18511 I ActivityManager:                 3217 kB: edu.buffalo.cse.phonelab.phonelabservices (pid 18240)
06-14 03:57:37.220   142 18511 I ActivityManager:                 2970 kB: com.android.sprintmenu (pid 17720)
06-14 03:57:37.220   142 18511 I ActivityManager: 
06-14 03:57:37.220   142 18511 I ActivityManager: Total PSS: 251839 kB
06-14 03:57:37.220   142 18511 I ActivityManager:   PID      Vss      Rss      Pss      Uss  cmdline
06-14 03:57:37.220   142 18511 I ActivityManager: 16941   84416K   84328K   67613K   66460K  org.mozilla.firefox_beta
06-14 03:57:37.220   142 18511 I ActivityManager:   142   51672K   51608K   33399K   29860K  system_server
06-14 03:57:37.220   142 18511 I ActivityManager: 27790   50084K   49980K   31263K   28524K  com.android.launcher
06-14 03:57:37.220   142 18511 I ActivityManager:   959   33820K   33740K   19610K   18724K  hr.podlanica
06-14 03:57:37.220   142 18511 I ActivityManager: 18384   36320K   36268K   16058K   13968K  com.google.android.apps.plus
06-14 03:57:37.220   142 18511 I ActivityManager:    79   24324K   21324K   13867K    7208K  /system/bin/surfaceflinger
06-14 03:57:37.220   142 18511 I ActivityManager:   213   31548K   31448K   12223K    8040K  com.android.systemui
06-14 03:57:37.220   142 18511 I ActivityManager:   342   27460K   27376K   11991K   11040K  com.android.phone
06-14 03:57:37.220   142 18511 I ActivityManager:   324   25208K   25120K   10252K    9348K  com.android.inputmethod.latin
06-14 03:57:37.220   142 18511 I ActivityManager: 12847   28100K   28016K    9551K    8124K  com.google.process.gapps
06-14 03:57:37.220   142 18511 I ActivityManager: 18445   28500K   28436K    7973K    6108K  com.google.android.apps.googlevoice
06-14 03:57:37.220   142 18511 I ActivityManager: 17870   27476K   27412K    7503K    5772K  com.google.android.apps.maps:NetworkLocationService
06-14 03:57:37.220   142 18511 I ActivityManager: 18345   27816K   27748K    7180K    5240K  com.whatsapp
06-14 03:57:37.220   142 18511 I ActivityManager: 18497   25208K   25144K    4871K    3088K  android.process.media
06-14 03:57:37.220   142 18511 I ActivityManager:   357   19332K   19236K    4190K    3276K  com.android.nfc
06-14 03:57:37.220   142 18511 I ActivityManager: 18802   18056K   17952K    3446K    2544K  com.spotify.mobile.android.ui
06-14 03:57:37.220   142 18511 I ActivityManager: 18240   22456K   22356K    3266K    1788K  edu.buffalo.cse.phonelab.phonelabservices
06-14 03:57:37.220   142 18511 I ActivityManager: 17720   22364K   22260K    3019K    1548K  com.android.sprintmenu
06-14 03:57:37.220   142 18511 I ActivityManager:   428   18504K   18392K    2959K    1928K  com.android.smspush
06-14 03:57:37.220   142 18511 I ActivityManager:    80   18704K   18576K    2201K    1028K  zygote
06-14 03:57:37.220   142 18511 I ActivityManager:    82    2436K    2436K    2150K    2128K  /system/bin/mediaserver
06-14 03:57:37.220   142 18511 I ActivityManager:    81    1088K    1088K     883K     876K  /system/bin/drmserver
06-14 03:57:37.220   142 18511 I ActivityManager:    78     972K     972K     682K     664K  /system/bin/rild
06-14 03:57:37.220   142 18511 I ActivityManager: 18516     732K     724K     599K     596K  procrank
06-14 03:57:37.220   142 18511 I ActivityManager: 27718     668K     664K     525K     520K  logcat
06-14 03:57:37.220   142 18511 I ActivityManager:    88     436K     436K     420K     420K  /sbin/adbd
06-14 03:57:37.220   142 18511 I ActivityManager:  8348     568K     564K     411K     404K  /system/bin/wpa_supplicant
06-14 03:57:37.220   142 18511 I ActivityManager: 15466     588K     584K     397K     384K  /system/bin/netd
06-14 03:57:37.220   142 18511 I ActivityManager:   298     388K     388K     302K     300K  /system/bin/bluetoothd
06-14 03:57:37.220   142 18511 I ActivityManager:    73     432K     428K     292K     284K  /system/bin/vold
06-14 03:57:37.220   142 18511 I ActivityManager:    86     472K     468K     283K     276K  /system/vendor/bin/gpsd
06-14 03:57:37.220   142 18511 I ActivityManager:    85     392K     356K     247K     244K  /system/bin/keystore
06-14 03:57:37.220   142 18511 I ActivityManager:    83     276K     268K     186K     184K  /system/bin/dbus-daemon
06-14 03:57:37.220   142 18511 I ActivityManager: 14741     316K     312K     158K     152K  /system/bin/dhcpcd
06-14 03:57:37.220   142 18511 I ActivityManager:     1     204K     204K     138K     100K  /init
06-14 03:57:37.220   142 18511 I ActivityManager:   200     204K     196K     133K     132K  /system/bin/brcm_patchram_plus
06-14 03:57:37.220   142 18511 I ActivityManager:    84     248K     240K     123K     120K  /system/bin/installd
06-14 03:57:37.220   142 18511 I ActivityManager:    61     160K     160K     122K      84K  /sbin/ueventd
06-14 03:57:37.220   142 18511 I ActivityManager:    87     172K     168K     105K     104K  /system/bin/sh
06-14 03:57:37.220   142 18511 I ActivityManager:    72     180K     172K      94K      92K  /system/bin/servicemanager
06-14 03:57:37.220   142 18511 I ActivityManager: 11322     196K     188K      75K      72K  /system/bin/debuggerd
06-14 03:57:37.220   142 18511 I ActivityManager:                      
06-14 03:57:37.970   142   922 I ActivityManager: Process android.process.media (pid 18497) has died.
06-14 03:57:38.325 18384 18386 D dalvikvm: GC_CONCURRENT freed 893K, 8% free 12047K/13063K, paused 8ms+2ms
06-14 03:57:38.697 18384 18386 D dalvikvm: GC_CONCURRENT freed 810K, 8% free 12122K/13063K, paused 8ms+2ms
06-14 03:57:38.907   142   921 I ActivityManager: Start proc android.process.acore for content provider com.android.providers.contacts/.ContactsProvider2: pid=18519 uid=10000 gids={3003, 1015}
06-14 03:57:38.947 18519 18519 I ActivityThread: Pub call_log: com.android.providers.contacts.CallLogProvider
06-14 03:57:38.970 18519 18519 I ActivityThread: Pub com.android.voicemail: com.android.providers.contacts.VoicemailContentProvider
06-14 03:57:38.974 18519 18519 I ActivityThread: Pub user_dictionary: com.android.providers.userdictionary.UserDictionaryProvider
06-14 03:57:38.997 18519 18519 I ActivityThread: Pub com.android.social: com.android.providers.contacts.SocialProvider
06-14 03:57:38.997 18519 18519 I ActivityThread: Pub applications: com.android.providers.applications.ApplicationsProvider
06-14 03:57:39.075 18519 18519 I ActivityThread: Pub contacts;com.android.contacts: com.android.providers.contacts.ContactsProvider2
06-14 03:57:39.091 18519 18521 D dalvikvm: GC_CONCURRENT freed 341K, 5% free 9154K/9607K, paused 2ms+2ms
06-14 03:57:39.634   142   922 I ActivityManager: Process android.process.acore (pid 18519) has died.
06-14 03:57:39.720   142   921 I ActivityManager: Start proc android.process.acore for content provider com.android.providers.contacts/.ContactsProvider2: pid=18535 uid=10000 gids={3003, 1015}
06-14 03:57:39.747 18535 18535 I ActivityThread: Pub call_log: com.android.providers.contacts.CallLogProvider
06-14 03:57:39.751 18535 18535 I ActivityThread: Pub com.android.voicemail: com.android.providers.contacts.VoicemailContentProvider
06-14 03:57:39.751 18535 18535 I ActivityThread: Pub user_dictionary: com.android.providers.userdictionary.UserDictionaryProvider
06-14 03:57:39.759 18535 18535 I ActivityThread: Pub com.android.social: com.android.providers.contacts.SocialProvider
06-14 03:57:39.759 18535 18535 I ActivityThread: Pub applications: com.android.providers.applications.ApplicationsProvider
06-14 03:57:39.825 18535 18535 I ActivityThread: Pub contacts;com.android.contacts: com.android.providers.contacts.ContactsProvider2
06-14 03:57:39.833 18535 18537 D dalvikvm: GC_CONCURRENT freed 343K, 5% free 9201K/9607K, paused 2ms+2ms
06-14 03:57:40.111 18535 18537 D dalvikvm: GC_CONCURRENT freed 250K, 4% free 9383K/9735K, paused 8ms+3ms
06-14 03:57:40.322   142   922 I ActivityManager: Process android.process.acore (pid 18535) has died.
06-14 03:57:40.396   142   917 I ActivityManager: Start proc android.process.acore for content provider com.android.providers.contacts/.ContactsProvider2: pid=18551 uid=10000 gids={3003, 1015}
06-14 03:57:40.443 18551 18551 I ActivityThread: Pub call_log: com.android.providers.contacts.CallLogProvider
06-14 03:57:40.447 18551 18551 I ActivityThread: Pub com.android.voicemail: com.android.providers.contacts.VoicemailContentProvider
06-14 03:57:40.450 18551 18551 I ActivityThread: Pub user_dictionary: com.android.providers.userdictionary.UserDictionaryProvider
06-14 03:57:40.454 18551 18551 I ActivityThread: Pub com.android.social: com.android.providers.contacts.SocialProvider
06-14 03:57:40.454 18551 18551 I ActivityThread: Pub applications: com.android.providers.applications.ApplicationsProvider
06-14 03:57:40.521 18551 18551 I ActivityThread: Pub contacts;com.android.contacts: com.android.providers.contacts.ContactsProvider2
06-14 03:57:40.532 18551 18553 D dalvikvm: GC_CONCURRENT freed 359K, 5% free 9177K/9607K, paused 2ms+2ms
06-14 03:57:40.798   142   421 I ActivityManager: Process android.process.acore (pid 18551) has died.
06-14 03:57:41.568 18384 18386 D dalvikvm: GC_CONCURRENT freed 831K, 8% free 12230K/13191K, paused 10ms+3ms
06-14 03:57:42.798 18384 18472 D dalvikvm: GC_FOR_ALLOC freed 102K, 7% free 12528K/13383K, paused 40ms
06-14 03:57:42.958   142   153 I ActivityManager: Start proc android.process.acore for content provider com.android.providers.contacts/.ContactsProvider2: pid=18568 uid=10000 gids={3003, 1015}
06-14 03:57:43.009    80    80 D dalvikvm: GC_EXPLICIT freed 38K, 4% free 9031K/9347K, paused 4ms+2ms
06-14 03:57:43.060    80    80 D dalvikvm: GC_EXPLICIT freed <1K, 4% free 9031K/9347K, paused 1ms+2ms
06-14 03:57:43.103    80    80 D dalvikvm: GC_EXPLICIT freed <1K, 4% free 9031K/9347K, paused 2ms+2ms
06-14 03:57:43.146   142   921 D dalvikvm: GC_EXPLICIT freed 1671K, 23% free 19063K/24647K, paused 5ms+7ms
06-14 03:57:43.161 18568 18568 I ActivityThread: Pub call_log: com.android.providers.contacts.CallLogProvider
06-14 03:57:43.169 18568 18568 I ActivityThread: Pub com.android.voicemail: com.android.providers.contacts.VoicemailContentProvider
06-14 03:57:43.169 18568 18568 I ActivityThread: Pub user_dictionary: com.android.providers.userdictionary.UserDictionaryProvider
06-14 03:57:43.173 18568 18568 I ActivityThread: Pub com.android.social: com.android.providers.contacts.SocialProvider
06-14 03:57:43.173 18568 18568 I ActivityThread: Pub applications: com.android.providers.applications.ApplicationsProvider
06-14 03:57:43.236 18568 18568 I ActivityThread: Pub contacts;com.android.contacts: com.android.providers.contacts.ContactsProvider2
06-14 03:57:43.243 18568 18570 D dalvikvm: GC_CONCURRENT freed 350K, 5% free 9186K/9607K, paused 1ms+2ms
06-14 03:57:43.345 18384 18472 D dalvikvm: GC_FOR_ALLOC freed 452K, 10% free 12566K/13831K, paused 39ms
06-14 03:57:43.345 18384 18472 I dalvikvm-heap: Grow heap (frag case) to 12.663MB for 338719-byte allocation
06-14 03:57:43.384 18384 18472 D dalvikvm: GC_FOR_ALLOC freed 8K, 10% free 12888K/14215K, paused 35ms
06-14 03:57:43.825 18568 18570 D dalvikvm: GC_CONCURRENT freed 253K, 4% free 9384K/9735K, paused 6ms+2ms
06-14 03:57:44.263 18384 18386 D dalvikvm: GC_CONCURRENT freed 772K, 7% free 13317K/14215K, paused 2ms+3ms
06-14 03:57:45.927   213   213 D dalvikvm: GC_EXPLICIT freed 22K, 59% free 9685K/23239K, paused 5ms+4ms
06-14 03:57:47.247 18384 18386 D dalvikvm: GC_CONCURRENT freed 1290K, 10% free 13375K/14791K, paused 22ms+3ms
06-14 03:57:49.107 18384 18386 D dalvikvm: GC_CONCURRENT freed 2014K, 15% free 12708K/14855K, paused 4ms+8ms
06-14 03:57:49.200 18568 18570 D dalvikvm: GC_CONCURRENT freed 384K, 6% free 9409K/9927K, paused 2ms+5ms
06-14 03:57:51.493   342   342 D dalvikvm: GC_EXPLICIT freed 10K, 16% free 12088K/14343K, paused 217ms+3ms
06-14 03:57:55.708 18384 18386 D dalvikvm: GC_CONCURRENT freed 1601K, 18% free 12230K/14855K, paused 4ms+8ms
06-14 03:57:56.251 18384 18518 D dalvikvm: GC_EXPLICIT freed 374K, 19% free 12181K/14855K, paused 2ms+6ms
06-14 03:57:56.595 18568 18570 D dalvikvm: GC_CONCURRENT freed 324K, 5% free 9472K/9927K, paused 2ms+3ms
06-14 03:57:57.017   428   428 D dalvikvm: GC_EXPLICIT freed <1K, 4% free 9037K/9347K, paused 1ms+2ms
06-14 03:57:57.505 18568 18570 D dalvikvm: GC_CONCURRENT freed 343K, 5% free 9514K/9991K, paused 2ms+3ms
06-14 03:57:57.962 18345 18347 D dalvikvm: GC_CONCURRENT freed 335K, 6% free 9925K/10503K, paused 2ms+5ms
06-14 03:57:58.091   142   421 I ActivityManager: Process com.google.android.apps.plus (pid 18384) has died.
06-14 03:58:05.243   324   324 D dalvikvm: GC_EXPLICIT freed <1K, 20% free 10618K/13191K, paused 28ms+3ms
06-14 03:58:08.099   142   917 I ActivityManager: Start proc com.google.android.apps.maps:LocationFriendService for service com.google.android.apps.maps/com.google.googlenav.friend.reporting.LocationReceiverService: pid=18594 uid=10057 gids={3003, 1015}
06-14 03:58:08.322 18594 18597 D dalvikvm: GC_CONCURRENT freed 153K, 3% free 9383K/9607K, paused 2ms+2ms
06-14 03:58:08.704 18594 18597 D dalvikvm: GC_CONCURRENT freed 151K, 3% free 9659K/9927K, paused 12ms+5ms
06-14 03:58:09.224 18594 18597 D dalvikvm: GC_CONCURRENT freed 237K, 4% free 9872K/10183K, paused 2ms+5ms
06-14 03:58:09.275 18594 18601 I dalvikvm: Total arena pages for JIT: 11
06-14 03:58:09.279 18594 18601 I dalvikvm: Total arena pages for JIT: 12
06-14 03:58:09.279 18594 18601 I dalvikvm: Total arena pages for JIT: 13
06-14 03:58:09.279 18594 18601 I dalvikvm: Total arena pages for JIT: 14
06-14 03:58:09.279 18594 18601 I dalvikvm: Total arena pages for JIT: 15
06-14 03:58:09.282 18594 18601 I dalvikvm: Total arena pages for JIT: 16
06-14 03:58:09.286 18594 18601 I dalvikvm: Total arena pages for JIT: 17
06-14 03:58:13.036 16941 16941 E GeckoApp: low memory
06-14 03:58:13.169 16941 16941 D dalvikvm: GC_EXPLICIT freed 3K, 22% free 10500K/13319K, paused 26ms+3ms
06-14 03:58:18.072 17720 17720 D dalvikvm: GC_EXPLICIT freed <1K, 4% free 9055K/9347K, paused 41ms+2ms
06-14 03:58:19.962   142   366 I ActivityManager: Process android.process.acore (pid 18568) has died.
06-14 03:58:20.099   142   197 D DhcpInfoInternal: makeLinkProperties with empty dns2!
06-14 03:58:20.099   142   197 D DhcpInfoInternal: makeLinkProperties with empty dns2!
06-14 03:58:22.208   142   172 I ActivityManager: Start proc com.twitter.android for service com.twitter.android/.client.AppService: pid=18635 uid=10068 gids={3003, 1015}
06-14 03:58:22.216 18635 18635 I dalvikvm: Turning on JNI app bug workarounds for target SDK version 11...
06-14 03:58:22.341 18635 18635 I ActivityThread: Pub com.twitter.android.provider.GlobalDatabaseProvider: com.twitter.android.provider.GlobalDatabaseProvider
06-14 03:58:22.353 18635 18635 I ActivityThread: Pub com.twitter.android.provider.TwitterProvider: com.twitter.android.provider.TwitterProvider
06-14 03:58:22.536 18635 18637 D dalvikvm: GC_CONCURRENT freed 205K, 4% free 9270K/9607K, paused 2ms+2ms
06-14 03:58:22.595   142   919 I ActivityManager: Process com.google.android.apps.maps:LocationFriendService (pid 18594) has died.
06-14 03:58:22.841 18635 18637 D dalvikvm: GC_CONCURRENT freed 171K, 4% free 9498K/9799K, paused 1ms+1ms
06-14 03:58:23.005 18635 18637 D dalvikvm: GC_CONCURRENT freed 297K, 5% free 9627K/10055K, paused 2ms+2ms
06-14 03:58:23.126 18635 18637 D dalvikvm: GC_CONCURRENT freed 297K, 5% free 9756K/10183K, paused 1ms+1ms
06-14 03:58:23.247 18635 18637 D dalvikvm: GC_CONCURRENT freed 310K, 5% free 9884K/10311K, paused 1ms+2ms
06-14 03:58:23.376 18635 18637 D dalvikvm: GC_CONCURRENT freed 311K, 5% free 10021K/10439K, paused 2ms+2ms
06-14 03:58:23.509 18635 18637 D dalvikvm: GC_CONCURRENT freed 295K, 5% free 10144K/10567K, paused 1ms+4ms
06-14 03:58:23.634 18635 18637 D dalvikvm: GC_CONCURRENT freed 309K, 4% free 10280K/10695K, paused 1ms+3ms
06-14 03:58:23.829 18635 18637 D dalvikvm: GC_CONCURRENT freed 479K, 6% free 10231K/10823K, paused 6ms+3ms
06-14 03:58:23.958 18635 18637 D dalvikvm: GC_CONCURRENT freed 330K, 5% free 10305K/10823K, paused 2ms+2ms
06-14 03:58:24.099 18635 18637 D dalvikvm: GC_CONCURRENT freed 312K, 4% free 10411K/10823K, paused 2ms+2ms
06-14 03:58:24.228 18635 18637 D dalvikvm: GC_CONCURRENT freed 371K, 5% free 10473K/10951K, paused 2ms+2ms
06-14 03:58:24.349 18635 18637 D dalvikvm: GC_CONCURRENT freed 340K, 5% free 10557K/11015K, paused 3ms+2ms
06-14 03:58:24.470 18635 18637 D dalvikvm: GC_CONCURRENT freed 338K, 4% free 10637K/11079K, paused 1ms+2ms
06-14 03:58:24.599 18635 18637 D dalvikvm: GC_CONCURRENT freed 375K, 5% free 10724K/11207K, paused 2ms+3ms
06-14 03:58:24.736 18635 18637 D dalvikvm: GC_CONCURRENT freed 408K, 5% free 10821K/11335K, paused 2ms+2ms
06-14 03:58:26.021 18635 18637 D dalvikvm: GC_CONCURRENT freed 335K, 5% free 11005K/11463K, paused 2ms+2ms
06-14 03:58:27.220   142   294 I ActivityManager: Start proc android.process.acore for content provider com.android.providers.contacts/.ContactsProvider2: pid=18655 uid=10000 gids={3003, 1015}
06-14 03:58:27.263 18655 18655 I ActivityThread: Pub call_log: com.android.providers.contacts.CallLogProvider
06-14 03:58:27.275   142   370 I ActivityManager: Process com.twitter.android (pid 18635) has died.
06-14 03:58:27.282 18655 18655 I ActivityThread: Pub com.android.voicemail: com.android.providers.contacts.VoicemailContentProvider
06-14 03:58:27.282 18655 18655 I ActivityThread: Pub user_dictionary: com.android.providers.userdictionary.UserDictionaryProvider
06-14 03:58:27.298 18655 18655 I ActivityThread: Pub com.android.social: com.android.providers.contacts.SocialProvider
06-14 03:58:27.298 18655 18655 I ActivityThread: Pub applications: com.android.providers.applications.ApplicationsProvider
06-14 03:58:27.427 18655 18657 D dalvikvm: GC_CONCURRENT freed 333K, 5% free 9140K/9607K, paused 2ms+5ms
06-14 03:58:27.525   142   366 D dalvikvm: GC_EXPLICIT freed 1032K, 23% free 19081K/24647K, paused 4ms+9ms
06-14 03:58:27.525 18655 18655 I ActivityThread: Pub contacts;com.android.contacts: com.android.providers.contacts.ContactsProvider2
06-14 03:58:27.693 18655 18657 D dalvikvm: GC_CONCURRENT freed 195K, 4% free 9342K/9671K, paused 2ms+2ms
06-14 03:58:28.548   142   922 I ActivityManager: Start proc com.google.android.gsf.login for service com.google.android.gsf.login/com.google.android.gsf.loginservice.GoogleLoginService: pid=18673 uid=10009 gids={3003, 1015, 1007, 2001, 3006}
06-14 03:58:28.923   142   370 I ActivityManager: Process com.google.android.gsf.login (pid 18673) has died.
06-14 03:58:29.017 18655 18657 D dalvikvm: GC_CONCURRENT freed 185K, 4% free 9550K/9863K, paused 13ms+5ms
06-14 03:58:34.021   357   357 D dalvikvm: GC_EXPLICIT freed <1K, 6% free 9100K/9607K, paused 4ms+2ms
06-14 03:58:40.681   959   959 D dalvikvm: GC_EXPLICIT freed 178K, 21% free 11689K/14663K, paused 29ms+3ms
06-14 03:58:45.677 27790 27790 D dalvikvm: GC_EXPLICIT freed 173K, 36% free 11631K/17991K, paused 45ms+3ms
06-14 03:58:50.724   142   158 D dalvikvm: GC_EXPLICIT freed 343K, 23% free 19048K/24647K, paused 43ms+10ms
06-14 03:58:51.314   142   159 I ActivityManager: Start proc com.facebook.orca for broadcast com.facebook.orca/.analytics.AnalyticsPeriodicReporter$ReporterBroadcastReceiver: pid=18689 uid=10061 gids={3003, 1015, 1006}
06-14 03:58:51.368 18689 18689 I dalvikvm: Turning on JNI app bug workarounds for target SDK version 10...
06-14 03:58:51.611 18689 18689 I ActivityThread: Pub com.facebook.orca.notify.MessengerLoggedInUserProvider: com.facebook.orca.notify.MessengerLoggedInUserProvider
06-14 03:58:51.650 18689 18689 I ActivityThread: Pub com.facebook.orca.notify.MessengerForegroundProvider: com.facebook.orca.notify.MessengerForegroundProvider
06-14 03:58:51.657 18689 18689 V orca:OrcaApplication: Forcing initialization of AsyncTask
06-14 03:58:51.849 18689 18690 D dalvikvm: GC_CONCURRENT freed 215K, 3% free 9321K/9607K, paused 20ms+8ms
06-14 03:58:51.853 18689 18689 I Finalizer: Couldn't access Thread.inheritableThreadLocals. Reference finalizer threads will inherit thread local values.
06-14 03:58:52.087 18689 18690 D dalvikvm: GC_CONCURRENT freed 369K, 5% free 9432K/9927K, paused 2ms+2ms
06-14 03:58:52.212 18689 18689 W OrcaGuiceModule: Sig: ijxLJi1yGs1JpL-X1SExmchvork
06-14 03:58:52.349 18689 18690 D dalvikvm: GC_CONCURRENT freed 272K, 4% free 9621K/9991K, paused 12ms+4ms
06-14 03:58:52.669   142   917 I ActivityManager: Process android.process.acore (pid 18655) has died.
06-14 03:58:52.712 18689 18705 W Resources: Converting to string: TypedValue{t=0x10/d=0xffffffff a=-1}
06-14 03:58:53.044 18689 18690 D dalvikvm: GC_CONCURRENT freed 322K, 4% free 9853K/10247K, paused 8ms+3ms
06-14 03:58:53.122 18689 18689 D ACRA    : Retrieve application default SharedPreferences.
06-14 03:58:53.126 18689 18689 D ACRA    : Set OnSharedPreferenceChangeListener.
06-14 03:58:53.126 18689 18689 D ACRA    : ACRA is enabled for com.facebook.orca, intializing...
06-14 03:58:53.142 18689 18689 D ACRA    : Looking for error files in /data/data/com.facebook.orca/app_acra-reports
06-14 03:58:53.189 18689 18690 D dalvikvm: GC_CONCURRENT freed 298K, 4% free 10065K/10439K, paused 2ms+3ms
06-14 03:58:53.240 18689 18705 D dalvikvm: GC_FOR_ALLOC freed 233K, 6% free 10119K/10695K, paused 22ms
06-14 03:58:53.290 18689 18705 D dalvikvm: GC_FOR_ALLOC freed 125K, 5% free 10223K/10695K, paused 23ms
06-14 03:58:53.349 18689 18705 D dalvikvm: GC_FOR_ALLOC freed 209K, 5% free 10250K/10759K, paused 28ms
06-14 03:58:53.517 18689 18690 D dalvikvm: GC_CONCURRENT freed 384K, 5% free 10432K/10887K, paused 2ms+3ms
06-14 03:58:53.755 18689 18690 D dalvikvm: GC_CONCURRENT freed 133K, 2% free 10811K/11015K, paused 2ms+3ms
06-14 03:58:53.974 18689 18690 D dalvikvm: GC_CONCURRENT freed 428K, 5% free 11028K/11527K, paused 3ms+2ms
06-14 03:58:54.138 18689 18690 D dalvikvm: GC_CONCURRENT freed 433K, 5% free 11279K/11783K, paused 2ms+5ms
06-14 03:58:55.279   142   918 I ActivityManager: Process com.facebook.orca (pid 18689) has died.
06-14 03:59:05.216   213   213 D dalvikvm: GC_EXPLICIT freed 12K, 59% free 9685K/23239K, paused 29ms+4ms
06-14 03:59:08.228   142   422 I ActivityManager: Start proc com.google.android.apps.maps:LocationFriendService for service com.google.android.apps.maps/com.google.googlenav.friend.reporting.LocationReceiverService: pid=18714 uid=10057 gids={3003, 1015}
06-14 03:59:08.290 17870 17872 D dalvikvm: GC_CONCURRENT freed 477K, 6% free 10259K/10823K, paused 2ms+3ms
06-14 03:59:08.407 18714 18717 D dalvikvm: GC_CONCURRENT freed 166K, 3% free 9370K/9607K, paused 4ms+2ms
06-14 03:59:08.868 18714 18717 D dalvikvm: GC_CONCURRENT freed 156K, 3% free 9684K/9927K, paused 32ms+2ms
06-14 03:59:09.286 18714 18717 D dalvikvm: GC_CONCURRENT freed 267K, 4% free 9901K/10247K, paused 2ms+3ms
06-14 03:59:13.169   342   342 D dalvikvm: GC_EXPLICIT freed 4K, 16% free 12088K/14343K, paused 35ms+3ms
06-14 03:59:13.490 18240 18253 I PhoneLab-: Service Running
06-14 03:59:13.603 18240 18253 I PhoneLab-LoggerService: app_38    27718 1     1112   664   c00f181c 400107b4 S logcat
06-14 03:59:13.603 18240 18253 I PhoneLab-LoggerService: Logcat pid from database 27718
06-14 03:59:13.603 18240 18253 I PhoneLab-LoggerService: Logcat process found 27718
06-14 03:59:13.603 18240 18253 I PhoneLab-LoggerService: Checking Threshold
06-14 03:59:18.146   428   428 D dalvikvm: GC_EXPLICIT freed <1K, 4% free 9037K/9347K, paused 22ms+4ms
06-14 03:59:23.169   324   324 D dalvikvm: GC_EXPLICIT freed <1K, 20% free 10618K/13191K, paused 4ms+4ms
06-14 03:59:30.607 16941 16941 E GeckoApp: low memory
06-14 03:59:30.743 16941 16941 D dalvikvm: GC_EXPLICIT freed 3K, 22% free 10500K/13319K, paused 25ms+4ms
06-14 03:59:35.689 17720 17720 D dalvikvm: GC_EXPLICIT freed <1K, 4% free 9055K/9347K, paused 39ms+2ms
06-14 03:59:40.677 17870 17870 D dalvikvm: GC_EXPLICIT freed 11K, 6% free 10250K/10823K, paused 25ms+3ms
06-14 03:59:45.685 18240 18240 D dalvikvm: GC_EXPLICIT freed 277K, 4% free 9054K/9415K, paused 41ms+4ms
06-14 03:59:50.728 12847 12847 D dalvikvm: GC_EXPLICIT freed 211K, 6% free 10012K/10567K, paused 22ms+9ms
06-14 03:59:55.747 18345 18345 D dalvikvm: GC_EXPLICIT freed 470K, 6% free 9896K/10503K, paused 34ms+3ms
06-14 04:00:00.204 18345 18738 D dalvikvm: GC_FOR_ALLOC freed 46K, 6% free 9892K/10503K, paused 22ms
06-14 04:00:00.204 18345 18738 I dalvikvm-heap: Grow heap (frag case) to 9.855MB for 131088-byte allocation
06-14 04:00:00.228 18345 18738 D dalvikvm: GC_FOR_ALLOC freed <1K, 7% free 10020K/10695K, paused 21ms
06-14 04:00:00.286 18345 18352 I dalvikvm: Total arena pages for JIT: 11
06-14 04:00:00.286 18345 18352 I dalvikvm: Total arena pages for JIT: 12
06-14 04:00:00.286 18345 18352 I dalvikvm: Total arena pages for JIT: 13
06-14 04:00:00.286 18345 18352 I dalvikvm: Total arena pages for JIT: 14
06-14 04:00:00.286 18345 18352 I dalvikvm: Total arena pages for JIT: 15
06-14 04:00:00.286 18345 18352 I dalvikvm: Total arena pages for JIT: 16
06-14 04:00:00.286 18345 18352 I dalvikvm: Total arena pages for JIT: 17
06-14 04:00:00.306 18345 18352 I dalvikvm: Total arena pages for JIT: 18
06-14 04:00:05.165 18445 18445 D dalvikvm: GC_EXPLICIT freed 136K, 6% free 9728K/10247K, paused 1ms+3ms
06-14 04:00:08.185 18714 18721 I dalvikvm: Total arena pages for JIT: 11
06-14 04:00:08.185 18714 18721 I dalvikvm: Total arena pages for JIT: 12
06-14 04:00:08.185 18714 18721 I dalvikvm: Total arena pages for JIT: 13
06-14 04:00:08.185 18714 18721 I dalvikvm: Total arena pages for JIT: 14
06-14 04:00:08.185 18714 18721 I dalvikvm: Total arena pages for JIT: 15
06-14 04:00:08.185 18714 18721 I dalvikvm: Total arena pages for JIT: 16
06-14 04:00:08.185 18714 18721 I dalvikvm: Total arena pages for JIT: 17
06-14 04:00:08.267 18714 18717 D dalvikvm: GC_CONCURRENT freed 406K, 5% free 9939K/10439K, paused 1ms+3ms
06-14 04:00:34.052 18240 18240 I PhoneLab-Locks: wake lock acquired
06-14 04:00:34.079 18240 18240 I PhoneLab-StatusMonitor: Status Monitoring is started
06-14 04:00:34.240 18240 18242 D dalvikvm: GC_CONCURRENT freed 371K, 6% free 9104K/9607K, paused 1ms+2ms
06-14 04:00:34.306 18240 18240 I PhoneLab-StatusMonitor: Value: 10 - unit: min
06-14 04:00:34.306 18240 18240 I PhoneLab-StatusMonitor: Running interval: 600000
06-14 04:00:34.314 18240 18240 I PhoneLab-StatusMonitor: Rescheduling status monitoring...
06-14 04:00:34.318 18240 18240 I PhoneLab-Locks: wake lock released
06-14 04:00:34.325 18240 18240 I PhoneLab-StatusMonitorLocation: Learning Location
06-14 04:00:34.325 18240 18240 I PhoneLab-Locks: wake lock acquired
06-14 04:00:34.353 18240 18240 I PhoneLab-Locks: wake lock acquired
06-14 04:00:34.357 12847 13060 D androidNetworkLocationListeners: Still have listener com.google.android.location.internal.client.NetworkLocationClient$1@41345020
06-14 04:00:34.357 12847 13060 D androidNetworkLocationListeners: Still have listener com.google.android.location.internal.client.NetworkLocationClient$1@41345020
06-14 04:00:34.368 18240 18240 I PhoneLab-StatusMonitorLocation: Learning Signal Strgth
06-14 04:00:34.368 18240 18240 I PhoneLab-Locks: wake lock acquired
06-14 04:00:34.419 18240 18240 I PhoneLab-StatusMonitorBattery: Battery_level: 96
06-14 04:00:34.419 18240 18240 I PhoneLab-Locks: wake lock released
06-14 04:00:34.427 18240 18240 I PhoneLab-StatusMonitorSignal: Signal_Strength: -86 asu: 14
06-14 04:00:34.427 18240 18240 I PhoneLab-Locks: wake lock released
06-14 04:00:34.521 18240 18240 I PhoneLab-StatusMonitorLocation: Location_Latitude: 42.9620333 Longitude: -78.8171342 Accuracy: 61.0
06-14 04:00:34.521 18240 18240 I PhoneLab-Locks: wake lock released
06-14 04:00:34.521 12847 13060 D androidNetworkLocationListeners: Still have listener com.google.android.location.internal.client.NetworkLocationClient$1@41345020
06-14 04:00:34.607 12847 12855 I dalvikvm: Total arena pages for JIT: 11
06-14 04:00:34.611 12847 12855 I dalvikvm: Total arena pages for JIT: 12
06-14 04:00:34.611 12847 12855 I dalvikvm: Total arena pages for JIT: 13
06-14 04:00:34.611 12847 12855 I dalvikvm: Total arena pages for JIT: 14
06-14 04:00:34.611 12847 12855 I dalvikvm: Total arena pages for JIT: 15
06-14 04:00:34.611 12847 12855 I dalvikvm: Total arena pages for JIT: 16
06-14 04:00:34.611 12847 12855 I dalvikvm: Total arena pages for JIT: 17
06-14 04:00:35.907 12847 12850 D dalvikvm: GC_CONCURRENT freed 536K, 7% free 9969K/10631K, paused 2ms+3ms
06-14 04:00:45.029   142   197 D DhcpInfoInternal: makeLinkProperties with empty dns2!
06-14 04:00:45.029   142   197 D DhcpInfoInternal: makeLinkProperties with empty dns2!
06-14 04:00:53.177   142   159 I ActivityManager: Start proc com.facebook.orca for broadcast com.facebook.orca/.analytics.AnalyticsPeriodicReporter$ReporterBroadcastReceiver: pid=18766 uid=10061 gids={3003, 1015, 1006}
06-14 04:00:53.181 18766 18766 I dalvikvm: Turning on JNI app bug workarounds for target SDK version 10...
06-14 04:00:53.322 18766 18766 I ActivityThread: Pub com.facebook.orca.notify.MessengerLoggedInUserProvider: com.facebook.orca.notify.MessengerLoggedInUserProvider
06-14 04:00:53.341 18766 18766 I ActivityThread: Pub com.facebook.orca.notify.MessengerForegroundProvider: com.facebook.orca.notify.MessengerForegroundProvider
06-14 04:00:53.349 18766 18766 V orca:OrcaApplication: Forcing initialization of AsyncTask
06-14 04:00:53.493 18766 18768 D dalvikvm: GC_CONCURRENT freed 223K, 4% free 9309K/9607K, paused 4ms+2ms
06-14 04:00:53.509 18766 18766 I Finalizer: Couldn't access Thread.inheritableThreadLocals. Reference finalizer threads will inherit thread local values.
06-14 04:00:53.720 18766 18768 D dalvikvm: GC_CONCURRENT freed 354K, 5% free 9459K/9927K, paused 2ms+2ms
06-14 04:00:53.841 18766 18766 W OrcaGuiceModule: Sig: ijxLJi1yGs1JpL-X1SExmchvork
06-14 04:00:53.931 18766 18768 D dalvikvm: GC_CONCURRENT freed 278K, 4% free 9617K/9991K, paused 2ms+3ms
06-14 04:00:54.279 18766 18781 W Resources: Converting to string: TypedValue{t=0x10/d=0xffffffff a=-1}
06-14 04:00:54.505 18766 18768 D dalvikvm: GC_CONCURRENT freed 326K, 4% free 9849K/10247K, paused 3ms+3ms
06-14 04:00:54.572 18766 18766 D ACRA    : Retrieve application default SharedPreferences.
06-14 04:00:54.572 18766 18766 D ACRA    : Set OnSharedPreferenceChangeListener.
06-14 04:00:54.572 18766 18766 D ACRA    : ACRA is enabled for com.facebook.orca, intializing...
06-14 04:00:54.626 18766 18766 D ACRA    : Looking for error files in /data/data/com.facebook.orca/app_acra-reports
06-14 04:00:54.638   142   294 I ActivityManager: Process com.google.android.apps.maps:LocationFriendService (pid 18714) has died.
06-14 04:00:54.661 18766 18768 D dalvikvm: GC_CONCURRENT freed 298K, 4% free 10068K/10439K, paused 7ms+3ms
06-14 04:00:54.697 18766 18781 D dalvikvm: GC_FOR_ALLOC freed 218K, 6% free 10117K/10695K, paused 32ms
06-14 04:00:54.763 18766 18781 D dalvikvm: GC_FOR_ALLOC freed 129K, 5% free 10219K/10695K, paused 24ms
06-14 04:00:54.829 18766 18781 D dalvikvm: GC_FOR_ALLOC freed 213K, 5% free 10248K/10759K, paused 24ms
06-14 04:00:54.982 18766 18768 D dalvikvm: GC_CONCURRENT freed 385K, 5% free 10431K/10887K, paused 2ms+2ms
06-14 04:00:55.169 18766 18768 D dalvikvm: GC_CONCURRENT freed 114K, 2% free 10830K/11015K, paused 2ms+3ms
06-14 04:00:55.435 18766 18768 D dalvikvm: GC_CONCURRENT freed 411K, 5% free 11045K/11527K, paused 4ms+3ms
06-14 04:00:55.599 18766 18768 D dalvikvm: GC_CONCURRENT freed 464K, 5% free 11312K/11847K, paused 2ms+5ms
06-14 04:00:57.236 18766 18768 D dalvikvm: GC_CONCURRENT freed 648K, 7% free 11409K/12167K, paused 2ms+3ms
06-14 04:00:59.747   357   357 D dalvikvm: GC_EXPLICIT freed <1K, 6% free 9100K/9607K, paused 24ms+2ms
06-14 04:01:05.103   959   959 D dalvikvm: GC_EXPLICIT freed 234K, 21% free 11699K/14663K, paused 2ms+4ms
06-14 04:01:06.947   142   294 I ActivityManager: Start proc com.google.android.apps.maps:LocationFriendService for service com.google.android.apps.maps/com.google.googlenav.friend.reporting.LocationReceiverService: pid=18790 uid=10057 gids={3003, 1015}
06-14 04:01:06.990   142   142 I ActivityManager: Process com.facebook.orca (pid 18766) has died.
06-14 04:01:07.087 17870 17872 D dalvikvm: GC_CONCURRENT freed 470K, 6% free 10259K/10823K, paused 2ms+25ms
06-14 04:01:07.126 18790 18792 D dalvikvm: GC_CONCURRENT freed 171K, 3% free 9365K/9607K, paused 5ms+2ms
06-14 04:01:07.388 18790 18792 D dalvikvm: GC_CONCURRENT freed 204K, 3% free 9715K/9991K, paused 8ms+6ms
06-14 04:01:07.697 18790 18792 D dalvikvm: GC_CONCURRENT freed 272K, 4% free 9940K/10311K, paused 2ms+3ms
06-14 04:01:12.138 27790 27790 D dalvikvm: GC_EXPLICIT freed 51K, 36% free 11631K/17991K, paused 29ms+3ms
06-14 04:01:13.450 18240 18253 I PhoneLab-: Service Running
06-14 04:01:13.536 18240 18253 I PhoneLab-LoggerService: app_38    27718 1     1112   664   c00f181c 400107b4 S logcat
06-14 04:01:13.536 18240 18253 I PhoneLab-LoggerService: Logcat pid from database 27718
06-14 04:01:13.536 18240 18253 I PhoneLab-LoggerService: Logcat process found 27718
06-14 04:01:13.536 18240 18253 I PhoneLab-LoggerService: Checking Threshold
06-14 04:01:17.247   142   158 D dalvikvm: GC_EXPLICIT freed 1115K, 23% free 19097K/24647K, paused 47ms+9ms
06-14 04:01:22.150   213   213 D dalvikvm: GC_EXPLICIT freed 15K, 59% free 9685K/23239K, paused 24ms+3ms
06-14 04:01:29.181   342   342 D dalvikvm: GC_EXPLICIT freed 17K, 16% free 12088K/14343K, paused 30ms+3ms
06-14 04:01:34.193   428   428 D dalvikvm: GC_EXPLICIT freed <1K, 4% free 9037K/9347K, paused 22ms+2ms
06-14 04:01:39.216   324   324 D dalvikvm: GC_EXPLICIT freed <1K, 20% free 10618K/13191K, paused 28ms+3ms
06-14 04:01:44.118 16941 16941 E GeckoApp: low memory
06-14 04:01:44.240 16941 16941 D dalvikvm: GC_EXPLICIT freed 3K, 22% free 10500K/13319K, paused 27ms+5ms
06-14 04:01:49.216 17720 17720 D dalvikvm: GC_EXPLICIT freed <1K, 4% free 9055K/9347K, paused 27ms+2ms
06-14 04:01:54.197 17870 17870 D dalvikvm: GC_EXPLICIT freed 10K, 6% free 10251K/10823K, paused 24ms+3ms
06-14 04:01:59.216 18345 18345 D dalvikvm: GC_EXPLICIT freed 91K, 7% free 10045K/10695K, paused 37ms+3ms
06-14 04:02:05.130 18445 18445 D dalvikvm: GC_EXPLICIT freed 11K, 6% free 9716K/10247K, paused 2ms+2ms
06-14 04:02:08.282 18790 18797 I dalvikvm: Total arena pages for JIT: 11
06-14 04:02:08.282 18790 18797 I dalvikvm: Total arena pages for JIT: 12
06-14 04:02:08.286 18790 18797 I dalvikvm: Total arena pages for JIT: 13
06-14 04:02:08.286 18790 18797 I dalvikvm: Total arena pages for JIT: 14
06-14 04:02:08.286 18790 18797 I dalvikvm: Total arena pages for JIT: 15
06-14 04:02:08.286 18790 18797 I dalvikvm: Total arena pages for JIT: 16
06-14 04:02:08.286 18790 18797 I dalvikvm: Total arena pages for JIT: 17
06-14 04:02:13.189 18240 18240 D dalvikvm: GC_EXPLICIT freed 249K, 5% free 9136K/9607K, paused 25ms+2ms
06-14 04:02:19.208 12847 12847 D dalvikvm: GC_EXPLICIT freed 49K, 7% free 9973K/10631K, paused 2ms+3ms
06-14 04:02:54.665   142   159 I ActivityManager: Start proc com.facebook.orca for broadcast com.facebook.orca/.analytics.AnalyticsPeriodicReporter$ReporterBroadcastReceiver: pid=18817 uid=10061 gids={3003, 1015, 1006}
06-14 04:02:54.673 18817 18817 I dalvikvm: Turning on JNI app bug workarounds for target SDK version 10...
06-14 04:02:54.790 18817 18817 I ActivityThread: Pub com.facebook.orca.notify.MessengerLoggedInUserProvider: com.facebook.orca.notify.MessengerLoggedInUserProvider
06-14 04:02:54.790 18817 18817 I ActivityThread: Pub com.facebook.orca.notify.MessengerForegroundProvider: com.facebook.orca.notify.MessengerForegroundProvider
06-14 04:02:54.794 18817 18817 V orca:OrcaApplication: Forcing initialization of AsyncTask
06-14 04:02:54.962 18817 18818 D dalvikvm: GC_CONCURRENT freed 229K, 4% free 9306K/9607K, paused 7ms+2ms
06-14 04:02:54.974   142   917 I ActivityManager: Process com.google.android.apps.maps:LocationFriendService (pid 18790) has died.
06-14 04:02:54.997 18817 18817 I Finalizer: Couldn't access Thread.inheritableThreadLocals. Reference finalizer threads will inherit thread local values.
06-14 04:02:55.325 18817 18818 D dalvikvm: GC_CONCURRENT freed 393K, 5% free 9463K/9927K, paused 2ms+2ms
06-14 04:02:55.447 18817 18817 W OrcaGuiceModule: Sig: ijxLJi1yGs1JpL-X1SExmchvork
06-14 04:02:55.564 18817 18818 D dalvikvm: GC_CONCURRENT freed 282K, 5% free 9589K/9991K, paused 2ms+2ms
06-14 04:02:55.755 18817 18833 W Resources: Converting to string: TypedValue{t=0x10/d=0xffffffff a=-1}
06-14 04:02:55.943 18817 18818 D dalvikvm: GC_CONCURRENT freed 269K, 4% free 9841K/10183K, paused 7ms+8ms
06-14 04:02:56.204 18817 18818 D dalvikvm: GC_CONCURRENT freed 262K, 4% free 10029K/10375K, paused 2ms+2ms
06-14 04:02:56.255 18817 18833 D dalvikvm: GC_FOR_ALLOC freed 217K, 6% free 10082K/10631K, paused 34ms
06-14 04:02:56.267 18817 18817 D ACRA    : Retrieve application default SharedPreferences.
06-14 04:02:56.267 18817 18817 D ACRA    : Set OnSharedPreferenceChangeListener.
06-14 04:02:56.267 18817 18817 D ACRA    : ACRA is enabled for com.facebook.orca, intializing...
06-14 04:02:56.310 18817 18833 D dalvikvm: GC_FOR_ALLOC freed 101K, 5% free 10187K/10631K, paused 40ms
06-14 04:02:56.372 18817 18833 D dalvikvm: GC_FOR_ALLOC freed 282K, 5% free 10290K/10823K, paused 39ms
06-14 04:02:56.372 18817 18817 D ACRA    : Looking for error files in /data/data/com.facebook.orca/app_acra-reports
06-14 04:02:57.505   142   922 I ActivityManager: Process com.facebook.orca (pid 18817) has died.
06-14 04:02:58.939   142 18830 I ActivityManager: Applications Memory Usage (kB):
06-14 04:02:58.939   142 18830 I ActivityManager: Uptime: 171343664 Realtime: 298240059
06-14 04:02:58.939   142 18830 I ActivityManager: Total PSS by OOM adjustment:
06-14 04:02:58.939   142 18830 I ActivityManager:     34829 kB: System
06-14 04:02:58.939   142 18830 I ActivityManager:                34829 kB: system (pid 142)
06-14 04:02:58.939   142 18830 I ActivityManager:     28797 kB: Persistent
06-14 04:02:58.939   142 18830 I ActivityManager:                12458 kB: com.android.systemui (pid 213)
06-14 04:02:58.939   142 18830 I ActivityManager:                12069 kB: com.android.phone (pid 342)
06-14 04:02:58.939   142 18830 I ActivityManager:                 4270 kB: com.android.nfc (pid 357)
06-14 04:02:58.939   142 18830 I ActivityManager:     31449 kB: Foreground
06-14 04:02:58.939   142 18830 I ActivityManager:                31449 kB: com.android.launcher (pid 27790)
06-14 04:02:58.939   142 18830 I ActivityManager:      2964 kB: Visible
06-14 04:02:58.939   142 18830 I ActivityManager:                 2964 kB: com.android.smspush (pid 428)
06-14 04:02:58.939   142 18830 I ActivityManager:     30015 kB: Perceptible
06-14 04:02:58.939   142 18830 I ActivityManager:                19720 kB: hr.podlanica (pid 959)
06-14 04:02:58.939   142 18830 I ActivityManager:                10295 kB: com.android.inputmethod.latin (pid 324)
06-14 04:02:58.939   142 18830 I ActivityManager:     22401 kB: A Services
06-14 04:02:58.939   142 18830 I ActivityManager:                10398 kB: com.google.process.gapps (pid 12847)
06-14 04:02:58.939   142 18830 I ActivityManager:                 6910 kB: com.google.android.apps.maps:NetworkLocationService (pid 17870)
06-14 04:02:58.939   142 18830 I ActivityManager:                 5093 kB: edu.buffalo.cse.phonelab.phonelabservices (pid 18240)
06-14 04:02:58.939   142 18830 I ActivityManager:     67780 kB: Previous
06-14 04:02:58.939   142 18830 I ActivityManager:                67780 kB: org.mozilla.firefox_beta (pid 16941)
06-14 04:02:58.939   142 18830 I ActivityManager:     16027 kB: B Services
06-14 04:02:58.939   142 18830 I ActivityManager:                 7241 kB: com.whatsapp (pid 18345)
06-14 04:02:58.939   142 18830 I ActivityManager:                 5627 kB: com.google.android.apps.googlevoice (pid 18445)
06-14 04:02:58.939   142 18830 I ActivityManager:                 3159 kB: com.android.sprintmenu (pid 17720)
06-14 04:02:58.939   142 18830 I ActivityManager:     11701 kB: Background
06-14 04:02:58.939   142 18830 I ActivityManager:                11701 kB: com.facebook.orca (pid 18817)
06-14 04:02:58.939   142 18830 I ActivityManager: 
06-14 04:02:58.939   142 18830 I ActivityManager: Total PSS: 245963 kB
06-14 04:02:58.939   142 18830 I ActivityManager:   PID      Vss      Rss      Pss      Uss  cmdline
06-14 04:02:58.939   142 18830 I ActivityManager: 16941   84560K   84472K   67883K   66596K  org.mozilla.firefox_beta
06-14 04:02:58.939   142 18830 I ActivityManager:   142   53204K   53140K   35049K   31244K  system_server
06-14 04:02:58.939   142 18830 I ActivityManager: 27790   50232K   50128K   31626K   28804K  com.android.launcher
06-14 04:02:58.939   142 18830 I ActivityManager:   959   33900K   33820K   19763K   18788K  hr.podlanica
06-14 04:02:58.939   142 18830 I ActivityManager:    79   24324K   21324K   13869K    7208K  /system/bin/surfaceflinger
06-14 04:02:58.939   142 18830 I ActivityManager:   213   31844K   31744K   12637K    8228K  com.android.systemui
06-14 04:02:58.939   142 18830 I ActivityManager:   342   27492K   27408K   12176K   11104K  com.android.phone
06-14 04:02:58.939   142 18830 I ActivityManager: 12847   29204K   29120K   10619K    8824K  com.google.process.gapps
06-14 04:02:58.939   142 18830 I ActivityManager:   324   25244K   25156K   10396K    9392K  com.android.inputmethod.latin
06-14 04:02:58.939   142 18830 I ActivityManager: 18345   27192K   27100K    7469K    5356K  com.whatsapp
06-14 04:02:58.939   142 18830 I ActivityManager: 17870   26136K   26040K    6961K    5184K  com.google.android.apps.maps:NetworkLocationService
06-14 04:02:58.939   142 18830 I ActivityManager: 18445   25508K   25408K    5908K    4000K  com.google.android.apps.googlevoice
06-14 04:02:58.939   142 18830 I ActivityManager: 18240   24592K   24496K    5426K    3620K  edu.buffalo.cse.phonelab.phonelabservices
06-14 04:02:58.939   142 18830 I ActivityManager:   357   19352K   19256K    4317K    3296K  com.android.nfc
06-14 04:02:58.939   142 18830 I ActivityManager: 18802   18056K   17952K    3577K    2544K  com.spotify.mobile.android.ui
06-14 04:02:58.939   142 18830 I ActivityManager: 17720   22056K   21952K    3211K    1552K  com.android.sprintmenu
06-14 04:02:58.939   142 18830 I ActivityManager:   428   18508K   18396K    3080K    1932K  com.android.smspush
06-14 04:02:58.939   142 18830 I ActivityManager:    80   18708K   18580K    2407K    1064K  zygote
06-14 04:02:58.939   142 18830 I ActivityManager:    82    2208K    2208K    1923K    1900K  /system/bin/mediaserver
06-14 04:02:58.939   142 18830 I ActivityManager:    81    1088K    1088K     884K     876K  /system/bin/drmserver
06-14 04:02:58.939   142 18830 I ActivityManager:    78     972K     972K     685K     664K  /system/bin/rild
06-14 04:02:58.939   142 18830 I ActivityManager: 18838     716K     708K     584K     580K  procrank
06-14 04:02:58.939   142 18830 I ActivityManager: 27718     668K     664K     525K     520K  logcat
06-14 04:02:58.939   142 18830 I ActivityManager:  8348     576K     572K     420K     412K  /system/bin/wpa_supplicant
06-14 04:02:58.939   142 18830 I ActivityManager:    88     436K     436K     420K     420K  /sbin/adbd
06-14 04:02:58.939   142 18830 I ActivityManager: 15466     584K     580K     399K     384K  /system/bin/netd
06-14 04:02:58.939   142 18830 I ActivityManager:   298     388K     388K     302K     300K  /system/bin/bluetoothd
06-14 04:02:58.939   142 18830 I ActivityManager:    73     432K     428K     292K     284K  /system/bin/vold
06-14 04:02:58.939   142 18830 I ActivityManager:    86     472K     468K     283K     276K  /system/vendor/bin/gpsd
06-14 04:02:58.939   142 18830 I ActivityManager:    85     392K     356K     247K     244K  /system/bin/keystore
06-14 04:02:58.939   142 18830 I ActivityManager: 14741     356K     352K     198K     192K  /system/bin/dhcpcd
06-14 04:02:58.939   142 18830 I ActivityManager:    83     276K     268K     186K     184K  /system/bin/dbus-daemon
06-14 04:02:58.939   142 18830 I ActivityManager:     1     204K     204K     138K     100K  /init
06-14 04:02:58.939   142 18830 I ActivityManager:   200     204K     196K     133K     132K  /system/bin/brcm_patchram_plus
06-14 04:02:58.939   142 18830 I ActivityManager:    84     248K     240K     123K     120K  /system/bin/installd
06-14 04:02:58.939   142 18830 I ActivityManager:    61     160K     160K     122K      84K  /sbin/ueventd
06-14 04:02:58.939   142 18830 I ActivityManager:    87     172K     168K     105K     104K  /system/bin/sh
06-14 04:02:58.939   142 18830 I ActivityManager:    72     180K     172K      94K      92K  /system/bin/servicemanager
06-14 04:02:58.939   142 18830 I ActivityManager: 11322     196K     188K      75K      72K  /system/bin/debuggerd
06-14 04:02:58.939   142 18830 I ActivityManager:                           ------   ------  ------
06-14 04:02:58.939   142 18830 I ActivityManager:                          264533K  226676K  TOTAL
06-14 04:02:58.939   142 18830 I ActivityManager: RAM: 342896K total, 25944K free, 1028K buffers, 55612K cached, 18576K shmem, 9312K slab
06-14 04:03:05.091   357   357 D dalvikvm: GC_EXPLICIT freed <1K, 6% free 9100K/9607K, paused 2ms+2ms
06-14 04:03:08.282   142   368 I ActivityManager: Start proc com.google.android.apps.maps:LocationFriendService for service com.google.android.apps.maps/com.google.googlenav.friend.reporting.LocationReceiverService: pid=18839 uid=10057 gids={3003, 1015}
06-14 04:03:08.407   142 12773 D dalvikvm: GC_EXPLICIT freed 1278K, 23% free 19063K/24647K, paused 3ms+14ms
06-14 04:03:08.544 17870 17872 D dalvikvm: GC_CONCURRENT freed 471K, 6% free 10259K/10823K, paused 1ms+2ms
06-14 04:03:08.556 18839 18842 D dalvikvm: GC_CONCURRENT freed 175K, 3% free 9360K/9607K, paused 2ms+4ms
06-14 04:03:08.798 18839 18842 D dalvikvm: GC_CONCURRENT freed 203K, 3% free 9705K/9991K, paused 1ms+3ms
06-14 04:03:09.025 18839 18846 I dalvikvm: Total arena pages for JIT: 11
06-14 04:03:09.025 18839 18846 I dalvikvm: Total arena pages for JIT: 12
06-14 04:03:09.029 18839 18846 I dalvikvm: Total arena pages for JIT: 13
06-14 04:03:09.029 18839 18846 I dalvikvm: Total arena pages for JIT: 14
06-14 04:03:09.032 18839 18846 I dalvikvm: Total arena pages for JIT: 15
06-14 04:03:09.032 18839 18846 I dalvikvm: Total arena pages for JIT: 16
06-14 04:03:09.032 18839 18846 I dalvikvm: Total arena pages for JIT: 17
06-14 04:03:09.036 18839 18842 D dalvikvm: GC_CONCURRENT freed 277K, 4% free 9926K/10311K, paused 2ms+3ms
06-14 04:03:09.341   142   916 I ActivityManager: Process com.google.android.apps.maps:LocationFriendService (pid 18839) has died.
06-14 04:03:09.911   142   197 D DhcpInfoInternal: makeLinkProperties with empty dns2!
06-14 04:03:09.915   142   197 D DhcpInfoInternal: makeLinkProperties with empty dns2!
06-14 04:03:13.454 18240 18253 I PhoneLab-: Service Running
06-14 04:03:13.525 18240 18253 I PhoneLab-LoggerService: app_38    27718 1     1112   664   c00f181c 400107b4 S logcat
06-14 04:03:13.525 18240 18253 I PhoneLab-LoggerService: Logcat pid from database 27718
06-14 04:03:13.525 18240 18253 I PhoneLab-LoggerService: Logcat process found 27718
06-14 04:03:13.525 18240 18253 I PhoneLab-LoggerService: Checking Threshold
06-14 04:03:14.454   959   959 D dalvikvm: GC_EXPLICIT freed 229K, 21% free 11697K/14663K, paused 4ms+4ms
06-14 04:03:19.478 27790 27790 D dalvikvm: GC_EXPLICIT freed 41K, 36% free 11631K/17991K, paused 27ms+5ms
06-14 04:03:24.544   142   158 D dalvikvm: GC_EXPLICIT freed 268K, 23% free 19034K/24647K, paused 33ms+8ms
06-14 04:03:27.138   142   172 I ActivityManager: Start proc com.twitter.android for service com.twitter.android/.client.AppService: pid=18882 uid=10068 gids={3003, 1015}
06-14 04:03:27.157 18882 18882 I dalvikvm: Turning on JNI app bug workarounds for target SDK version 11...
06-14 04:03:27.173    80    80 D dalvikvm: GC_EXPLICIT freed 38K, 4% free 9031K/9347K, paused 1ms+6ms
06-14 04:03:27.212    80    80 D dalvikvm: GC_EXPLICIT freed <1K, 4% free 9031K/9347K, paused 3ms+3ms
06-14 04:03:27.255    80    80 D dalvikvm: GC_EXPLICIT freed <1K, 4% free 9031K/9347K, paused 1ms+6ms
06-14 04:03:27.294 18882 18882 I ActivityThread: Pub com.twitter.android.provider.GlobalDatabaseProvider: com.twitter.android.provider.GlobalDatabaseProvider
06-14 04:03:27.306 18882 18882 I ActivityThread: Pub com.twitter.android.provider.TwitterProvider: com.twitter.android.provider.TwitterProvider
06-14 04:03:27.396 18882 18884 D dalvikvm: GC_CONCURRENT freed 201K, 4% free 9290K/9607K, paused 2ms+2ms
06-14 04:03:27.720 18882 18884 D dalvikvm: GC_CONCURRENT freed 225K, 4% free 9511K/9863K, paused 2ms+1ms
06-14 04:03:27.861 18882 18884 D dalvikvm: GC_CONCURRENT freed 293K, 4% free 9656K/10055K, paused 2ms+1ms
06-14 04:03:27.974 18882 18884 D dalvikvm: GC_CONCURRENT freed 300K, 5% free 9761K/10183K, paused 2ms+2ms
06-14 04:03:28.103 18882 18884 D dalvikvm: GC_CONCURRENT freed 307K, 5% free 9891K/10311K, paused 2ms+2ms
06-14 04:03:28.228 18882 18884 D dalvikvm: GC_CONCURRENT freed 307K, 4% free 10025K/10439K, paused 1ms+2ms
06-14 04:03:28.357 18882 18884 D dalvikvm: GC_CONCURRENT freed 306K, 4% free 10155K/10567K, paused 1ms+2ms
06-14 04:03:28.493 18882 18884 D dalvikvm: GC_CONCURRENT freed 291K, 4% free 10282K/10695K, paused 2ms+2ms
06-14 04:03:28.681 18882 18884 D dalvikvm: GC_CONCURRENT freed 482K, 6% free 10224K/10823K, paused 2ms+4ms
06-14 04:03:28.806 18882 18884 D dalvikvm: GC_CONCURRENT freed 323K, 5% free 10300K/10823K, paused 3ms+1ms
06-14 04:03:28.950 18882 18884 D dalvikvm: GC_CONCURRENT freed 327K, 5% free 10388K/10823K, paused 2ms+2ms
06-14 04:03:29.075 18882 18884 D dalvikvm: GC_CONCURRENT freed 356K, 5% free 10472K/10951K, paused 2ms+2ms
06-14 04:03:29.200 18882 18884 D dalvikvm: GC_CONCURRENT freed 349K, 5% free 10555K/11015K, paused 1ms+2ms
06-14 04:03:29.325 18882 18884 D dalvikvm: GC_CONCURRENT freed 325K, 5% free 10635K/11079K, paused 1ms+2ms
06-14 04:03:29.411   213   213 D dalvikvm: GC_EXPLICIT freed 19K, 59% free 9685K/23239K, paused 1ms+3ms
06-14 04:03:29.490 18882 18884 D dalvikvm: GC_CONCURRENT freed 365K, 5% free 10722K/11207K, paused 3ms+1ms
06-14 04:03:29.626 18882 18884 D dalvikvm: GC_CONCURRENT freed 414K, 5% free 10819K/11335K, paused 2ms+2ms
06-14 04:03:30.911 18882 18884 D dalvikvm: GC_CONCURRENT freed 334K, 5% free 11000K/11463K, paused 2ms+2ms
06-14 04:03:32.736 18882 18884 D dalvikvm: GC_CONCURRENT freed 388K, 5% free 11219K/11719K, paused 7ms+4ms
06-14 04:03:33.161   142   917 I ActivityManager: Process com.twitter.android (pid 18882) has died.
06-14 04:03:38.286   342   342 D dalvikvm: GC_EXPLICIT freed 5K, 16% free 12088K/14343K, paused 31ms+3ms
06-14 04:03:43.247   428   428 D dalvikvm: GC_EXPLICIT freed <1K, 4% free 9037K/9347K, paused 13ms+2ms
06-14 04:03:48.279   324   324 D dalvikvm: GC_EXPLICIT freed <1K, 20% free 10618K/13191K, paused 27ms+3ms
06-14 04:03:53.212 16941 16941 E GeckoApp: low memory
06-14 04:03:53.318 16941 16941 D dalvikvm: GC_EXPLICIT freed 3K, 22% free 10500K/13319K, paused 29ms+4ms
06-14 04:04:05.165 17720 17720 D dalvikvm: GC_EXPLICIT freed <1K, 4% free 9055K/9347K, paused 22ms+2ms
06-14 04:04:08.306   142   918 I ActivityManager: Start proc com.google.android.apps.maps:LocationFriendService for service com.google.android.apps.maps/com.google.googlenav.friend.reporting.LocationReceiverService: pid=18902 uid=10057 gids={3003, 1015}
06-14 04:04:08.423 18902 18905 D dalvikvm: GC_CONCURRENT freed 153K, 3% free 9383K/9607K, paused 2ms+2ms
06-14 04:04:08.517 12847 12930 D dalvikvm: GC_EXPLICIT freed 29K, 7% free 9973K/10631K, paused 2ms+3ms
06-14 04:04:08.654 18902 18905 D dalvikvm: GC_CONCURRENT freed 186K, 3% free 9728K/9991K, paused 2ms+2ms
06-14 04:04:08.915 18902 18905 D dalvikvm: GC_CONCURRENT freed 283K, 4% free 9929K/10311K, paused 2ms+2ms
06-14 04:04:13.314 17870 17870 D dalvikvm: GC_EXPLICIT freed 249K, 6% free 10252K/10823K, paused 27ms+2ms
06-14 04:04:18.345 18345 18345 D dalvikvm: GC_EXPLICIT freed 11K, 7% free 10041K/10695K, paused 26ms+2ms
06-14 04:04:23.325 18445 18445 D dalvikvm: GC_EXPLICIT freed <1K, 6% free 9716K/10247K, paused 29ms+2ms
06-14 04:04:28.341 18240 18240 D dalvikvm: GC_EXPLICIT freed 55K, 5% free 9129K/9607K, paused 15ms+2ms
06-14 04:04:33.329 12847 12847 D dalvikvm: GC_EXPLICIT freed 17K, 7% free 9967K/10631K, paused 36ms+3ms
06-14 04:04:56.208   142   159 I ActivityManager: Start proc com.facebook.orca for broadcast com.facebook.orca/.analytics.AnalyticsPeriodicReporter$ReporterBroadcastReceiver: pid=18925 uid=10061 gids={3003, 1015, 1006}
06-14 04:04:56.216 18925 18925 I dalvikvm: Turning on JNI app bug workarounds for target SDK version 10...
06-14 04:04:56.298   142   154 I ActivityManager: Process com.google.android.apps.maps:LocationFriendService (pid 18902) has died.
06-14 04:04:56.310 18925 18925 I ActivityThread: Pub com.facebook.orca.notify.MessengerLoggedInUserProvider: com.facebook.orca.notify.MessengerLoggedInUserProvider
06-14 04:04:56.325 18925 18925 I ActivityThread: Pub com.facebook.orca.notify.MessengerForegroundProvider: com.facebook.orca.notify.MessengerForegroundProvider
06-14 04:04:56.341 18925 18925 V orca:OrcaApplication: Forcing initialization of AsyncTask
06-14 04:04:56.478 18925 18927 D dalvikvm: GC_CONCURRENT freed 206K, 4% free 9310K/9607K, paused 2ms+2ms
06-14 04:04:56.482 18925 18925 I Finalizer: Couldn't access Thread.inheritableThreadLocals. Reference finalizer threads will inherit thread local values.
06-14 04:04:56.646 18925 18927 D dalvikvm: GC_CONCURRENT freed 354K, 5% free 9463K/9927K, paused 2ms+2ms
06-14 04:04:56.736 18925 18925 W OrcaGuiceModule: Sig: ijxLJi1yGs1JpL-X1SExmchvork
06-14 04:04:56.825 18925 18927 D dalvikvm: GC_CONCURRENT freed 283K, 4% free 9620K/9991K, paused 2ms+5ms
06-14 04:04:57.111 18925 18940 W Resources: Converting to string: TypedValue{t=0x10/d=0xffffffff a=-1}
06-14 04:04:57.282 18925 18927 D dalvikvm: GC_CONCURRENT freed 323K, 4% free 9852K/10247K, paused 5ms+3ms
06-14 04:04:57.349 18925 18925 D ACRA    : Retrieve application default SharedPreferences.
06-14 04:04:57.349 18925 18925 D ACRA    : Set OnSharedPreferenceChangeListener.
06-14 04:04:57.372 18925 18925 D ACRA    : ACRA is enabled for com.facebook.orca, intializing...
06-14 04:04:57.415 18925 18927 D dalvikvm: GC_CONCURRENT freed 250K, 4% free 10088K/10439K, paused 2ms+19ms
06-14 04:04:57.454 18925 18940 D dalvikvm: GC_FOR_ALLOC freed 265K, 6% free 10152K/10695K, paused 23ms
06-14 04:04:57.466 18925 18925 D ACRA    : Looking for error files in /data/data/com.facebook.orca/app_acra-reports
06-14 04:04:57.509 18925 18940 D dalvikvm: GC_FOR_ALLOC freed 241K, 6% free 10197K/10759K, paused 28ms
06-14 04:04:57.525   142   422 I ActivityManager: Process com.facebook.orca (pid 18925) has died.
06-14 04:05:05.150   357   357 D dalvikvm: GC_EXPLICIT freed <1K, 6% free 9100K/9607K, paused 26ms+2ms
06-14 04:05:07.118 16941 16941 W GeckoBatteryManager: When charging, level should increase!
06-14 04:05:08.365 17870 17872 D dalvikvm: GC_CONCURRENT freed 441K, 5% free 10374K/10887K, paused 5ms+3ms
06-14 04:05:08.384   142   922 I ActivityManager: Start proc com.google.android.apps.maps:LocationFriendService for service com.google.android.apps.maps/com.google.googlenav.friend.reporting.LocationReceiverService: pid=18948 uid=10057 gids={3003, 1015}
06-14 04:05:08.509 18948 18951 D dalvikvm: GC_CONCURRENT freed 158K, 3% free 9378K/9607K, paused 2ms+2ms
06-14 04:05:08.673 18948 18951 D dalvikvm: GC_CONCURRENT freed 161K, 3% free 9679K/9927K, paused 2ms+2ms
06-14 04:05:08.876 18948 18955 I dalvikvm: Total arena pages for JIT: 11
06-14 04:05:08.876 18948 18955 I dalvikvm: Total arena pages for JIT: 12
06-14 04:05:08.880 18948 18955 I dalvikvm: Total arena pages for JIT: 13
06-14 04:05:08.880 18948 18955 I dalvikvm: Total arena pages for JIT: 14
06-14 04:05:08.884 18948 18955 I dalvikvm: Total arena pages for JIT: 15
06-14 04:05:08.884 18948 18955 I dalvikvm: Total arena pages for JIT: 16
06-14 04:05:08.888 18948 18955 I dalvikvm: Total arena pages for JIT: 17
06-14 04:05:08.904 18948 18951 D dalvikvm: GC_CONCURRENT freed 319K, 4% free 9919K/10311K, paused 3ms+6ms
06-14 04:05:13.353   959   959 D dalvikvm: GC_EXPLICIT freed 201K, 21% free 11693K/14663K, paused 16ms+4ms
06-14 04:05:13.454 18240 18253 I PhoneLab-: Service Running
06-14 04:05:13.540 18240 18253 I PhoneLab-LoggerService: app_38    27718 1     1112   664   c00f181c 400107b4 S logcat
06-14 04:05:13.540 18240 18253 I PhoneLab-LoggerService: Logcat pid from database 27718
06-14 04:05:13.540 18240 18253 I PhoneLab-LoggerService: Logcat process found 27718
06-14 04:05:13.540 18240 18253 I PhoneLab-LoggerService: Checking Threshold
06-14 04:05:18.345 27790 27790 D dalvikvm: GC_EXPLICIT freed 41K, 36% free 11631K/17991K, paused 29ms+3ms
06-14 04:05:23.439   142   158 D dalvikvm: GC_EXPLICIT freed 826K, 23% free 19073K/24647K, paused 33ms+11ms
06-14 04:05:28.365   213   213 D dalvikvm: GC_EXPLICIT freed 15K, 59% free 9685K/23239K, paused 33ms+3ms
06-14 04:05:33.388   342   342 D dalvikvm: GC_EXPLICIT freed 5K, 16% free 12088K/14343K, paused 26ms+3ms
06-14 04:05:34.661   142   602 I ActivityManager: Process com.google.android.apps.maps:LocationFriendService (pid 18948) has died.
06-14 04:05:34.782   142   197 D DhcpInfoInternal: makeLinkProperties with empty dns2!
06-14 04:05:34.782   142   197 D DhcpInfoInternal: makeLinkProperties with empty dns2!
06-14 04:05:39.771   428   428 D dalvikvm: GC_EXPLICIT freed <1K, 4% free 9037K/9347K, paused 26ms+2ms
06-14 04:05:44.802   324   324 D dalvikvm: GC_EXPLICIT freed <1K, 20% free 10618K/13191K, paused 24ms+3ms
06-14 04:05:49.712 16941 16941 E GeckoApp: low memory
06-14 04:05:49.802 16941 16941 D dalvikvm: GC_EXPLICIT freed 3K, 22% free 10500K/13319K, paused 43ms+4ms
06-14 04:05:54.782 17720 17720 D dalvikvm: GC_EXPLICIT freed <1K, 4% free 9055K/9347K, paused 22ms+2ms
06-14 04:05:59.790 17870 17870 D dalvikvm: GC_EXPLICIT freed 158K, 5% free 10387K/10887K, paused 28ms+2ms
06-14 04:06:05.118 18345 18345 D dalvikvm: GC_EXPLICIT freed 3K, 7% free 10041K/10695K, paused 2ms+3ms
06-14 04:06:08.411   142   916 I ActivityManager: Start proc com.google.android.apps.maps:LocationFriendService for service com.google.android.apps.maps/com.google.googlenav.friend.reporting.LocationReceiverService: pid=18990 uid=10057 gids={3003, 1015}
06-14 04:06:08.529 18990 18993 D dalvikvm: GC_CONCURRENT freed 161K, 3% free 9375K/9607K, paused 3ms+2ms
06-14 04:06:08.712 18990 18993 D dalvikvm: GC_CONCURRENT freed 187K, 3% free 9720K/9991K, paused 2ms+2ms
06-14 04:06:08.892 18990 18993 D dalvikvm: GC_CONCURRENT freed 279K, 4% free 9934K/10311K, paused 2ms+2ms
06-14 04:06:13.443 18445 18445 D dalvikvm: GC_EXPLICIT freed <1K, 6% free 9716K/10247K, paused 21ms+2ms
06-14 04:06:18.419 18240 18240 D dalvikvm: GC_EXPLICIT freed 49K, 5% free 9129K/9607K, paused 23ms+4ms
06-14 04:06:23.450 12847 12847 D dalvikvm: GC_EXPLICIT freed 37K, 7% free 9987K/10631K, paused 37ms+3ms
06-14 04:06:57.400   142   159 I ActivityManager: Start proc com.facebook.orca for broadcast com.facebook.orca/.analytics.AnalyticsPeriodicReporter$ReporterBroadcastReceiver: pid=19013 uid=10061 gids={3003, 1015, 1006}
06-14 04:06:57.404 19013 19013 I dalvikvm: Turning on JNI app bug workarounds for target SDK version 10...
06-14 04:06:57.454   142   921 I ActivityManager: Process com.google.android.apps.maps:LocationFriendService (pid 18990) has died.
06-14 04:06:57.497 19013 19013 I ActivityThread: Pub com.facebook.orca.notify.MessengerLoggedInUserProvider: com.facebook.orca.notify.MessengerLoggedInUserProvider
06-14 04:06:57.497 19013 19013 I ActivityThread: Pub com.facebook.orca.notify.MessengerForegroundProvider: com.facebook.orca.notify.MessengerForegroundProvider
06-14 04:06:57.501 19013 19013 V orca:OrcaApplication: Forcing initialization of AsyncTask
06-14 04:06:57.564 19013 19015 D dalvikvm: GC_CONCURRENT freed 214K, 4% free 9313K/9607K, paused 2ms+3ms
06-14 04:06:57.568 19013 19013 I Finalizer: Couldn't access Thread.inheritableThreadLocals. Reference finalizer threads will inherit thread local values.
06-14 04:06:57.700 19013 19015 D dalvikvm: GC_CONCURRENT freed 350K, 5% free 9463K/9927K, paused 1ms+3ms
06-14 04:06:57.782 19013 19013 W OrcaGuiceModule: Sig: ijxLJi1yGs1JpL-X1SExmchvork
06-14 04:06:57.849 19013 19015 D dalvikvm: GC_CONCURRENT freed 286K, 4% free 9625K/9991K, paused 2ms+3ms
06-14 04:06:58.087 19013 19028 W Resources: Converting to string: TypedValue{t=0x10/d=0xffffffff a=-1}
06-14 04:06:58.189 19013 19015 D dalvikvm: GC_CONCURRENT freed 329K, 4% free 9846K/10247K, paused 2ms+2ms
06-14 04:06:58.251 19013 19013 D ACRA    : Retrieve application default SharedPreferences.
06-14 04:06:58.251 19013 19013 D ACRA    : Set OnSharedPreferenceChangeListener.
06-14 04:06:58.251 19013 19013 D ACRA    : ACRA is enabled for com.facebook.orca, intializing...
06-14 04:06:58.290 19013 19013 D ACRA    : Looking for error files in /data/data/com.facebook.orca/app_acra-reports
06-14 04:06:58.329 19013 19015 D dalvikvm: GC_CONCURRENT freed 296K, 4% free 10069K/10439K, paused 2ms+2ms
06-14 04:06:58.353   142   421 I ActivityManager: Process com.facebook.orca (pid 19013) has died.
06-14 04:07:05.142   357   357 D dalvikvm: GC_EXPLICIT freed <1K, 6% free 9100K/9607K, paused 4ms+2ms
06-14 04:07:08.536   142   370 I ActivityManager: Start proc com.google.android.apps.maps:LocationFriendService for service com.google.android.apps.maps/com.google.googlenav.friend.reporting.LocationReceiverService: pid=19032 uid=10057 gids={3003, 1015}
06-14 04:07:08.657 19032 19035 D dalvikvm: GC_CONCURRENT freed 166K, 3% free 9370K/9607K, paused 2ms+2ms
06-14 04:07:08.743 17870 17872 D dalvikvm: GC_CONCURRENT freed 469K, 6% free 10395K/10951K, paused 2ms+18ms
06-14 04:07:08.833 19032 19035 D dalvikvm: GC_CONCURRENT freed 188K, 3% free 9713K/9991K, paused 4ms+2ms
06-14 04:07:09.025 19032 19035 D dalvikvm: GC_CONCURRENT freed 284K, 4% free 9933K/10311K, paused 1ms+3ms
06-14 04:07:13.454 18240 18253 I PhoneLab-: Service Running
06-14 04:07:13.501   959   959 D dalvikvm: GC_EXPLICIT freed 206K, 21% free 11694K/14663K, paused 16ms+4ms
06-14 04:07:13.517   142   917 I ActivityManager: Process com.google.android.apps.maps:LocationFriendService (pid 19032) has died.
06-14 04:07:13.560 18240 18253 I PhoneLab-LoggerService: app_38    27718 1     1112   664   c00f181c 400107b4 S logcat
06-14 04:07:13.560 18240 18253 I PhoneLab-LoggerService: Logcat pid from database 27718
06-14 04:07:13.560 18240 18253 I PhoneLab-LoggerService: Logcat process found 27718
06-14 04:07:13.560 18240 18253 I PhoneLab-LoggerService: Checking Threshold
06-14 04:07:18.630 27790 27790 D dalvikvm: GC_EXPLICIT freed 52K, 36% free 11631K/17991K, paused 31ms+3ms
06-14 04:07:23.677   142   158 D dalvikvm: JIT code cache reset in 5 ms (1048544 bytes 102/0)
06-14 04:07:23.689   142   158 D dalvikvm: GC_EXPLICIT freed 915K, 23% free 19064K/24647K, paused 33ms+13ms
06-14 04:07:28.630   213   213 D dalvikvm: GC_EXPLICIT freed 15K, 59% free 9685K/23239K, paused 28ms+3ms
06-14 04:07:33.638   342   342 D dalvikvm: GC_EXPLICIT freed 5K, 16% free 12088K/14343K, paused 26ms+3ms
06-14 04:07:38.661   428   428 D dalvikvm: GC_EXPLICIT freed <1K, 4% free 9037K/9347K, paused 24ms+2ms
06-14 04:07:43.657   324   324 D dalvikvm: GC_EXPLICIT freed <1K, 20% free 10618K/13191K, paused 4ms+3ms
06-14 04:07:48.587 16941 16941 E GeckoApp: low memory
06-14 04:07:48.689 16941 16941 D dalvikvm: GC_EXPLICIT freed 3K, 22% free 10500K/13319K, paused 27ms+4ms
06-14 04:07:53.654 17720 17720 D dalvikvm: GC_EXPLICIT freed <1K, 4% free 9055K/9347K, paused 20ms+2ms
06-14 04:07:58.661 17870 17870 D dalvikvm: GC_EXPLICIT freed 8K, 6% free 10387K/10951K, paused 25ms+2ms
06-14 04:07:59.708   142   197 D DhcpInfoInternal: makeLinkProperties with empty dns2!
06-14 04:07:59.712   142   197 D DhcpInfoInternal: makeLinkProperties with empty dns2!
06-14 04:08:05.115 18345 18345 D dalvikvm: GC_EXPLICIT freed 58K, 7% free 10041K/10695K, paused 35ms+2ms
06-14 04:08:08.552   142 12773 I ActivityManager: Start proc com.google.android.apps.maps:LocationFriendService for service com.google.android.apps.maps/com.google.googlenav.friend.reporting.LocationReceiverService: pid=19074 uid=10057 gids={3003, 1015}
06-14 04:08:08.669 19074 19077 D dalvikvm: GC_CONCURRENT freed 168K, 3% free 9368K/9607K, paused 2ms+2ms
06-14 04:08:08.865 19074 19077 D dalvikvm: GC_CONCURRENT freed 199K, 3% free 9726K/9991K, paused 2ms+3ms
06-14 04:08:09.064 19074 19077 D dalvikvm: GC_CONCURRENT freed 282K, 4% free 9941K/10311K, paused 2ms+3ms
06-14 04:08:13.556 18445 18445 D dalvikvm: GC_EXPLICIT freed <1K, 6% free 9716K/10247K, paused 28ms+2ms
06-14 04:08:18.560 18240 18240 D dalvikvm: GC_EXPLICIT freed 49K, 5% free 9129K/9607K, paused 23ms+2ms
06-14 04:08:23.568 12847 12847 D dalvikvm: GC_EXPLICIT freed 46K, 7% free 9979K/10631K, paused 37ms+3ms
06-14 04:08:32.478   142   172 I ActivityManager: Start proc com.twitter.android for service com.twitter.android/.client.AppService: pid=19097 uid=10068 gids={3003, 1015}
06-14 04:08:32.482 19097 19097 I dalvikvm: Turning on JNI app bug workarounds for target SDK version 11...
06-14 04:08:32.501   142   368 I ActivityManager: Process com.google.android.apps.maps:LocationFriendService (pid 19074) has died.
06-14 04:08:32.642 19097 19097 I ActivityThread: Pub com.twitter.android.provider.GlobalDatabaseProvider: com.twitter.android.provider.GlobalDatabaseProvider
06-14 04:08:32.650 19097 19097 I ActivityThread: Pub com.twitter.android.provider.TwitterProvider: com.twitter.android.provider.TwitterProvider
06-14 04:08:33.161 19097 19098 D dalvikvm: GC_CONCURRENT freed 215K, 4% free 9265K/9607K, paused 2ms+32ms
06-14 04:08:36.126   142 19110 I ActivityManager: Applications Memory Usage (kB):
06-14 04:08:36.126   142 19110 I ActivityManager: Uptime: 171681209 Realtime: 298577603
06-14 04:08:36.126   142 19110 I ActivityManager: Total PSS by OOM adjustment:
06-14 04:08:36.126   142 19110 I ActivityManager:     35107 kB: System
06-14 04:08:36.126   142 19110 I ActivityManager:                35107 kB: system (pid 142)
06-14 04:08:36.126   142 19110 I ActivityManager:     28812 kB: Persistent
06-14 04:08:36.126   142 19110 I ActivityManager:                12527 kB: com.android.systemui (pid 213)
06-14 04:08:36.126   142 19110 I ActivityManager:                12071 kB: com.android.phone (pid 342)
06-14 04:08:36.126   142 19110 I ActivityManager:                 4214 kB: com.android.nfc (pid 357)
06-14 04:08:36.126   142 19110 I ActivityManager:     31457 kB: Foreground
06-14 04:08:36.126   142 19110 I ActivityManager:                31457 kB: com.android.launcher (pid 27790)
06-14 04:08:36.126   142 19110 I ActivityManager:      8430 kB: Visible
06-14 04:08:36.126   142 19110 I ActivityManager:                 5461 kB: com.twitter.android (pid 19097)
06-14 04:08:36.126   142 19110 I ActivityManager:                 2969 kB: com.android.smspush (pid 428)
06-14 04:08:36.126   142 19110 I ActivityManager:     29984 kB: Perceptible
06-14 04:08:36.126   142 19110 I ActivityManager:                19695 kB: hr.podlanica (pid 959)
06-14 04:08:36.126   142 19110 I ActivityManager:                10289 kB: com.android.inputmethod.latin (pid 324)
06-14 04:08:36.126   142 19110 I ActivityManager:     23842 kB: A Services
06-14 04:08:36.126   142 19110 I ActivityManager:                10072 kB: com.google.process.gapps (pid 12847)
06-14 04:08:36.126   142 19110 I ActivityManager:                 9363 kB: com.google.android.apps.maps:NetworkLocationService (pid 17870)
06-14 04:08:36.126   142 19110 I ActivityManager:                 4407 kB: edu.buffalo.cse.phonelab.phonelabservices (pid 18240)
06-14 04:08:36.126   142 19110 I ActivityManager:     67719 kB: Previous
06-14 04:08:36.126   142 19110 I ActivityManager:                67719 kB: org.mozilla.firefox_beta (pid 16941)
06-14 04:08:36.126   142 19110 I ActivityManager:     16228 kB: B Services
06-14 04:08:36.126   142 19110 I ActivityManager:                 7532 kB: com.whatsapp (pid 18345)
06-14 04:08:36.126   142 19110 I ActivityManager:                 5662 kB: com.google.android.apps.googlevoice (pid 18445)
06-14 04:08:36.126   142 19110 I ActivityManager:                 3034 kB: com.android.sprintmenu (pid 17720)
06-14 04:08:36.126   142 19110 I ActivityManager: 
06-14 04:08:36.126   142 19110 I ActivityManager: Total PSS: 241579 kB
06-14 04:08:36.126   142 19110 I ActivityManager:   PID      Vss      Rss      Pss      Uss  cmdline
06-14 04:08:36.126   142 19110 I ActivityManager: 16941   84560K   84472K   67822K   66596K  org.mozilla.firefox_beta
06-14 04:08:36.126   142 19110 I ActivityManager:   142   53480K   53416K   35148K   31360K  system_server
06-14 04:08:36.126   142 19110 I ActivityManager: 27790   50232K   50128K   31562K   28804K  com.android.launcher
06-14 04:08:36.126   142 19110 I ActivityManager:   959   33924K   33844K   19736K   18808K  hr.podlanica
06-14 04:08:36.126   142 19110 I ActivityManager:    79   24324K   21324K   13868K    7208K  /system/bin/surfaceflinger
06-14 04:08:36.126   142 19110 I ActivityManager:   213   31852K   31752K   12575K    8228K  com.android.systemui
06-14 04:08:36.126   142 19110 I ActivityManager:   342   27496K   27412K   12117K   11104K  com.android.phone
06-14 04:08:36.126   142 19110 I ActivityManager:   324   25236K   25148K   10337K    9384K  com.android.inputmethod.latin
06-14 04:08:36.126   142 19110 I ActivityManager: 12847   28908K   28824K   10059K    8328K  com.google.process.gapps
06-14 04:08:36.126   142 19110 I ActivityManager: 17870   29132K   29040K    9407K    7312K  com.google.android.apps.maps:NetworkLocationService
06-14 04:08:36.126   142 19110 I ActivityManager: 18345   27660K   27568K    7574K    5568K  com.whatsapp
06-14 04:08:36.126   142 19110 I ActivityManager: 19097   25768K   25704K    5891K    3720K  com.twitter.android
06-14 04:08:36.126   142 19110 I ActivityManager: 18445   25480K   25380K    5709K    3944K  com.google.android.apps.googlevoice
06-14 04:08:36.126   142 19110 I ActivityManager: 18240   23884K   23788K    4456K    2752K  edu.buffalo.cse.phonelab.phonelabservices
06-14 04:08:36.126   142 19110 I ActivityManager:   357   19352K   19256K    4261K    3296K  com.android.nfc
06-14 04:08:36.126   142 19110 I ActivityManager: 18802   18056K   17952K    3512K    2544K  com.spotify.mobile.android.ui
06-14 04:08:36.126   142 19110 I ActivityManager: 17720   22056K   21952K    3082K    1552K  com.android.sprintmenu
06-14 04:08:36.126   142 19110 I ActivityManager:   428   18508K   18396K    3020K    1932K  com.android.smspush
06-14 04:08:36.126   142 19110 I ActivityManager:    80   18708K   18580K    2300K    1036K  zygote
06-14 04:08:36.126   142 19110 I ActivityManager:    82    2208K    2208K    1923K    1900K  /system/bin/mediaserver
06-14 04:08:36.126   142 19110 I ActivityManager:    81    1088K    1088K     884K     876K  /system/bin/drmserver
06-14 04:08:36.126   142 19110 I ActivityManager:    78     972K     972K     685K     664K  /system/bin/rild
06-14 04:08:36.126   142 19110 I ActivityManager: 19113     728K     720K     596K     592K  procrank
06-14 04:08:36.126   142 19110 I ActivityManager: 27718     668K     664K     525K     520K  logcat
06-14 04:08:36.126   142 19110 I ActivityManager:    88     436K     436K     420K     420K  /sbin/adbd
06-14 04:08:36.126   142 19110 I ActivityManager:  8348     576K     572K     419K     412K  /system/bin/wpa_supplicant
06-14 04:08:36.126   142 19110 I ActivityManager: 15466     584K     580K     395K     380K  /system/bin/netd
06-14 04:08:36.126   142 19110 I ActivityManager:   298     388K     388K     302K     300K  /system/bin/bluetoothd
06-14 04:08:36.126   142 19110 I ActivityManager:    73     432K     428K     292K     284K  /system/bin/vold
06-14 04:08:36.126   142 19110 I ActivityManager:    86     472K     468K     283K     276K  /system/vendor/bin/gpsd
06-14 04:08:36.126   142 19110 I ActivityManager:    85     392K     356K     247K     244K  /system/bin/keystore
06-14 04:08:36.126   142 19110 I ActivityManager: 14741     356K     352K     198K     192K  /system/bin/dhcpcd
06-14 04:08:36.126   142 19110 I ActivityManager:    83     276K     268K     186K     184K  /system/bin/dbus-daemon
06-14 04:08:36.126   142 19110 I ActivityManager:     1     204K     204K     138K     100K  /init
06-14 04:08:36.126   142 19110 I ActivityManager:   200     204K     196K     133K     132K  /system/bin/brcm_patchram_plus
06-14 04:08:36.126   142 19110 I ActivityManager:    84     248K     240K     123K     120K  /system/bin/installd
06-14 04:08:36.126   142 19110 I ActivityManager:    61     160K     160K     122K      84K  /sbin/ueventd
06-14 04:08:36.126   142 19110 I ActivityManager:    87     172K     168K     105K     104K  /system/bin/sh
06-14 04:08:36.126   142 19110 I ActivityManager:    72     180K     172K      94K      92K  /system/bin/servicemanager
06-14 04:08:36.126   142 19110 I ActivityManager: 11322     196K     188K      75K      72K  /system/bin/debuggerd
06-14 04:08:36.126   142 19110 I ActivityManager:                           ------   ------  ------
06-14 04:08:36.126   142 19110 I ActivityManager:                          270599K  231424K  TOTAL
06-14 04:08:36.126   142 19110 I ActivityManager: RAM: 342896K total, 26904K free, 956K buffers, 50972K cached, 18
06-14 04:08:36.173 19097 19098 D dalvikvm: GC_CONCURRENT freed 174K, 3% free 9508K/9799K, paused 35ms+2ms
06-14 04:08:36.310 19097 19098 D dalvikvm: GC_CONCURRENT freed 301K, 5% free 9628K/10055K, paused 1ms+1ms
06-14 04:08:36.447 19097 19098 D dalvikvm: GC_CONCURRENT freed 315K, 5% free 9762K/10183K, paused 1ms+1ms
06-14 04:08:36.575 19097 19098 D dalvikvm: GC_CONCURRENT freed 311K, 5% free 9892K/10311K, paused 2ms+2ms
06-14 04:08:36.697 19097 19098 D dalvikvm: GC_CONCURRENT freed 307K, 4% free 10026K/10439K, paused 1ms+2ms
06-14 04:08:36.822 19097 19098 D dalvikvm: GC_CONCURRENT freed 308K, 4% free 10157K/10567K, paused 1ms+2ms
06-14 04:08:36.943 19097 19098 D dalvikvm: GC_CONCURRENT freed 289K, 4% free 10281K/10695K, paused 1ms+2ms
06-14 04:08:37.130 19097 19098 D dalvikvm: GC_CONCURRENT freed 491K, 6% free 10226K/10823K, paused 2ms+4ms
06-14 04:08:37.259 19097 19098 D dalvikvm: GC_CONCURRENT freed 321K, 5% free 10300K/10823K, paused 1ms+2ms
06-14 04:08:37.400 19097 19098 D dalvikvm: GC_CONCURRENT freed 327K, 4% free 10391K/10823K, paused 2ms+2ms
06-14 04:08:37.536 19097 19098 D dalvikvm: GC_CONCURRENT freed 359K, 5% free 10475K/10951K, paused 6ms+2ms
06-14 04:08:37.572   357   357 D dalvikvm: GC_EXPLICIT freed <1K, 6% free 9100K/9607K, paused 1ms+2ms
06-14 04:08:37.693 19097 19098 D dalvikvm: GC_CONCURRENT freed 348K, 5% free 10558K/11015K, paused 1ms+2ms
06-14 04:08:37.814 19097 19098 D dalvikvm: GC_CONCURRENT freed 317K, 4% free 10649K/11079K, paused 2ms+2ms
06-14 04:08:37.947 19097 19098 D dalvikvm: GC_CONCURRENT freed 375K, 5% free 10727K/11207K, paused 2ms+4ms
06-14 04:08:38.083 19097 19098 D dalvikvm: GC_CONCURRENT freed 407K, 5% free 10821K/11335K, paused 2ms+2ms
06-14 04:08:38.212   142   422 I ActivityManager: Process com.whatsapp (pid 18345) has died.
06-14 04:08:38.212   142   422 W ActivityManager: Scheduling restart of crashed service com.whatsapp/.messaging.MessageService in 5000ms
06-14 04:08:39.435 19097 19098 D dalvikvm: GC_CONCURRENT freed 342K, 5% free 11002K/11463K, paused 2ms+2ms
06-14 04:08:40.990 19097 19112 I DatabaseHelper: Begin cleanup.
06-14 04:08:41.083   142   153 D dalvikvm: GC_EXPLICIT freed 1181K, 23% free 19046K/24647K, paused 3ms+9ms
06-14 04:08:41.111 19097 19112 I DatabaseHelper: Cleaned up: 0
06-14 04:08:41.368 19097 19098 D dalvikvm: GC_CONCURRENT freed 423K, 5% free 11217K/11719K, paused 2ms+3ms
06-14 04:08:43.275   142   159 I ActivityManager: Start proc com.whatsapp for service com.whatsapp/.messaging.MessageService: pid=19121 uid=10070 gids={1015, 3003}
06-14 04:08:43.282 19121 19121 I dalvikvm: Turning on JNI app bug workarounds for target SDK version 7...
06-14 04:08:43.447 19121 19123 D dalvikvm: GC_CONCURRENT freed 173K, 3% free 9363K/9607K, paused 2ms+2ms
06-14 04:08:43.587   142   921 I ActivityManager: Process com.twitter.android (pid 19097) has died.
06-14 04:08:43.775 19121 19123 D dalvikvm: GC_CONCURRENT freed 320K, 5% free 9586K/9991K, paused 2ms+3ms
06-14 04:08:43.954 19121 19121 I SqliteDatabaseCpp: sqlite returned: error code = 1, msg = duplicate column name: photo_ts, db=/data/data/com.whatsapp/databases/msgstore.db
06-14 04:08:43.954 19121 19121 I SqliteDatabaseCpp: sqlite returned: error code = 1, msg = duplicate column name: thumb_ts, db=/data/data/com.whatsapp/databases/msgstore.db
06-14 04:08:43.954 19121 19121 I SqliteDatabaseCpp: sqlite returned: error code = 1, msg = duplicate column name: photo_id_timestamp, db=/data/data/com.whatsapp/databases/msgstore.db
06-14 04:08:44.005   142   366 I ActivityManager: Start proc android.process.acore for content provider com.android.providers.contacts/.ContactsProvider2: pid=19141 uid=10000 gids={3003, 1015}
06-14 04:08:44.060 19141 19141 I ActivityThread: Pub call_log: com.android.providers.contacts.CallLogProvider
06-14 04:08:44.118 19141 19141 I ActivityThread: Pub com.android.voicemail: com.android.providers.contacts.VoicemailContentProvider
06-14 04:08:44.118 19141 19141 I ActivityThread: Pub user_dictionary: com.android.providers.userdictionary.UserDictionaryProvider
06-14 04:08:44.138 19141 19141 I ActivityThread: Pub com.android.social: com.android.providers.contacts.SocialProvider
06-14 04:08:44.142 19141 19141 I ActivityThread: Pub applications: com.android.providers.applications.ApplicationsProvider
06-14 04:08:44.173 19121 19121 I dalvikvm: Could not find method android.media.MediaMetadataRetriever.captureFrame, referenced from method com.whatsapp.d3.a
06-14 04:08:44.173 19121 19121 W dalvikvm: VFY: unable to resolve virtual method 496: Landroid/media/MediaMetadataRetriever;.captureFrame ()Landroid/graphics/Bitmap;
06-14 04:08:44.173 19121 19121 D dalvikvm: VFY: replacing opcode 0x6e at 0x0134
06-14 04:08:44.388 19141 19141 I ActivityThread: Pub contacts;com.android.contacts: com.android.providers.contacts.ContactsProvider2
06-14 04:08:44.443 19141 19144 D dalvikvm: GC_CONCURRENT freed 359K, 5% free 9177K/9607K, paused 5ms+3ms
06-14 04:08:44.482 19121 19123 D dalvikvm: GC_CONCURRENT freed 295K, 4% free 9813K/10183K, paused 2ms+12ms
06-14 04:08:44.732 19121 19123 D dalvikvm: GC_CONCURRENT freed 294K, 4% free 9973K/10375K, paused 2ms+4ms
06-14 04:08:45.841 19141 19144 D dalvikvm: GC_CONCURRENT freed 200K, 4% free 9413K/9735K, paused 2ms+2ms
06-14 04:08:47.126 19121 19123 D dalvikvm: GC_CONCURRENT freed 507K, 7% free 9864K/10503K, paused 1ms+4ms
06-14 04:08:49.884   959   959 D dalvikvm: GC_EXPLICIT freed 172K, 21% free 11690K/14663K, paused 4ms+4ms
06-14 04:08:54.884 27790 27790 D dalvikvm: GC_EXPLICIT freed 41K, 36% free 11631K/17991K, paused 24ms+3ms
06-14 04:08:58.345   142   159 I ActivityManager: Start proc com.facebook.orca for broadcast com.facebook.orca/.analytics.AnalyticsPeriodicReporter$ReporterBroadcastReceiver: pid=19165 uid=10061 gids={3003, 1015, 1006}
06-14 04:08:58.368    80    80 D dalvikvm: GC_EXPLICIT freed 38K, 4% free 9031K/9347K, paused 2ms+2ms
06-14 04:08:58.404    80    80 D dalvikvm: GC_EXPLICIT freed <1K, 4% free 9031K/9347K, paused 2ms+10ms
06-14 04:08:58.419 19165 19165 I dalvikvm: Turning on JNI app bug workarounds for target SDK version 10...
06-14 04:08:58.462    80    80 D dalvikvm: GC_EXPLICIT freed <1K, 4% free 9031K/9347K, paused 2ms+7ms
06-14 04:08:58.548   142 12773 I ActivityManager: Process android.process.acore (pid 19141) has died.
06-14 04:08:58.708 19165 19165 I ActivityThread: Pub com.facebook.orca.notify.MessengerLoggedInUserProvider: com.facebook.orca.notify.MessengerLoggedInUserProvider
06-14 04:08:58.740 19165 19165 I ActivityThread: Pub com.facebook.orca.notify.MessengerForegroundProvider: com.facebook.orca.notify.MessengerForegroundProvider
06-14 04:08:58.759 19165 19165 V orca:OrcaApplication: Forcing initialization of AsyncTask
06-14 04:08:58.892 19165 19166 D dalvikvm: GC_CONCURRENT freed 232K, 4% free 9304K/9607K, paused 3ms+2ms
06-14 04:08:58.911 19165 19165 I Finalizer: Couldn't access Thread.inheritableThreadLocals. Reference finalizer threads will inherit thread local values.
06-14 04:08:59.091 19165 19166 D dalvikvm: GC_CONCURRENT freed 362K, 5% free 9429K/9863K, paused 2ms+2ms
06-14 04:08:59.216 19165 19165 W OrcaGuiceModule: Sig: ijxLJi1yGs1JpL-X1SExmchvork
06-14 04:08:59.310 19165 19166 D dalvikvm: GC_CONCURRENT freed 271K, 4% free 9618K/9991K, paused 2ms+14ms
06-14 04:08:59.575 19165 19181 W Resources: Converting to string: TypedValue{t=0x10/d=0xffffffff a=-1}
06-14 04:08:59.779 19165 19166 D dalvikvm: GC_CONCURRENT freed 331K, 4% free 9845K/10247K, paused 2ms+3ms
06-14 04:08:59.845 19165 19165 D ACRA    : Retrieve application default SharedPreferences.
06-14 04:08:59.845 19165 19165 D ACRA    : Set OnSharedPreferenceChangeListener.
06-14 04:08:59.845 19165 19165 D ACRA    : ACRA is enabled for com.facebook.orca, intializing...
06-14 04:08:59.892 19165 19165 D ACRA    : Looking for error files in /data/data/com.facebook.orca/app_acra-reports
06-14 04:08:59.907 19165 19166 D dalvikvm: GC_CONCURRENT freed 292K, 4% free 10072K/10439K, paused 2ms+3ms
06-14 04:08:59.978 19165 19181 D dalvikvm: GC_FOR_ALLOC freed 239K, 6% free 10119K/10695K, paused 23ms
06-14 04:09:00.072 19165 19181 D dalvikvm: GC_FOR_ALLOC freed 127K, 5% free 10225K/10695K, paused 41ms
06-14 04:09:00.126 19165 19181 D dalvikvm: GC_FOR_ALLOC freed 199K, 5% free 10248K/10759K, paused 24ms
06-14 04:09:00.220   142   917 I ActivityManager: Process com.facebook.orca (pid 19165) has died.
06-14 04:09:08.661   142   921 I ActivityManager: Start proc com.google.android.apps.maps:LocationFriendService for service com.google.android.apps.maps/com.google.googlenav.friend.reporting.LocationReceiverService: pid=19187 uid=10057 gids={3003, 1015}
06-14 04:09:08.802 19187 19190 D dalvikvm: GC_CONCURRENT freed 153K, 3% free 9383K/9607K, paused 2ms+2ms
06-14 04:09:08.865 17870 17872 D dalvikvm: GC_CONCURRENT freed 469K, 6% free 10398K/10951K, paused 2ms+34ms
06-14 04:09:09.349   213   215 D dalvikvm: GC_CONCURRENT freed 204K, 58% free 9910K/23239K, paused 2ms+3ms
06-14 04:09:09.380 19187 19190 D dalvikvm: GC_CONCURRENT freed 152K, 3% free 9658K/9927K, paused 4ms+1ms
06-14 04:09:09.411   213   213 D dalvikvm: GC_FOR_ALLOC freed 608K, 59% free 9731K/23239K, paused 25ms
06-14 04:09:09.599   213   215 D dalvikvm: GC_CONCURRENT freed 240K, 58% free 9912K/23239K, paused 3ms+2ms
06-14 04:09:09.841 19187 19190 D dalvikvm: GC_CONCURRENT freed 273K, 4% free 9899K/10247K, paused 7ms+3ms
06-14 04:09:10.286 19187 19190 D dalvikvm: GC_CONCURRENT freed 337K, 4% free 10024K/10439K, paused 9ms+13ms
06-14 04:09:10.447 19187 19190 D dalvikvm: GC_CONCURRENT freed 199K, 4% free 10237K/10567K, paused 1ms+2ms
06-14 04:09:12.029 19187 19194 I dalvikvm: Total arena pages for JIT: 11
06-14 04:09:12.032 19187 19194 I dalvikvm: Total arena pages for JIT: 12
06-14 04:09:12.032 19187 19194 I dalvikvm: Total arena pages for JIT: 13
06-14 04:09:12.032 19187 19194 I dalvikvm: Total arena pages for JIT: 14
06-14 04:09:12.032 19187 19194 I dalvikvm: Total arena pages for JIT: 15
06-14 04:09:12.036 19187 19194 I dalvikvm: Total arena pages for JIT: 16
06-14 04:09:12.036 19187 19194 I dalvikvm: Total arena pages for JIT: 17
06-14 04:09:12.267   213   213 D dalvikvm: GC_FOR_ALLOC freed 556K, 59% free 9727K/23239K, paused 20ms
06-14 04:09:12.341   213   215 D dalvikvm: GC_CONCURRENT freed 288K, 58% free 9915K/23239K, paused 2ms+7ms
06-14 04:09:12.689 19187 19194 I dalvikvm: Total arena pages for JIT: 18
06-14 04:09:12.740 19187 19190 D dalvikvm: GC_CONCURRENT freed 407K, 5% free 10345K/10823K, paused 2ms+5ms
06-14 04:09:13.486 18240 18253 I PhoneLab-: Service Running
06-14 04:09:13.603   142   922 I ActivityManager: Process com.google.android.apps.maps:LocationFriendService (pid 19187) has died.
06-14 04:09:13.689 18240 18253 I PhoneLab-LoggerService: app_38    27718 1     1112   664   c00f181c 400107b4 S logcat
06-14 04:09:13.689 18240 18253 I PhoneLab-LoggerService: Logcat pid from database 27718
06-14 04:09:13.689 18240 18253 I PhoneLab-LoggerService: Logcat process found 27718
06-14 04:09:13.689 18240 18253 I PhoneLab-LoggerService: Checking Threshold
06-14 04:09:18.786   142   158 D dalvikvm: GC_EXPLICIT freed 1023K, 23% free 19075K/24647K, paused 26ms+11ms
06-14 04:09:23.736   213   213 D dalvikvm: GC_EXPLICIT freed 410K, 59% free 9691K/23239K, paused 26ms+4ms
06-14 04:09:28.740   342   342 D dalvikvm: GC_EXPLICIT freed 3K, 16% free 12088K/14343K, paused 26ms+3ms
06-14 04:09:33.724   428   428 D dalvikvm: GC_EXPLICIT freed <1K, 4% free 9037K/9347K, paused 3ms+2ms
06-14 04:09:39.134   324   324 D dalvikvm: GC_EXPLICIT freed <1K, 20% free 10618K/13191K, paused 4ms+3ms
06-14 04:09:44.118 16941 16941 E GeckoApp: low memory
06-14 04:09:44.208 16941 16941 D dalvikvm: GC_EXPLICIT freed 2K, 22% free 10500K/13319K, paused 25ms+5ms
06-14 04:09:49.161 17720 17720 D dalvikvm: GC_EXPLICIT freed 2K, 4% free 9055K/9347K, paused 27ms+2ms
06-14 04:09:54.189 17870 17870 D dalvikvm: GC_EXPLICIT freed 23K, 6% free 10390K/10951K, paused 29ms+2ms
06-14 04:09:59.185 18445 18445 D dalvikvm: GC_EXPLICIT freed <1K, 6% free 9716K/10247K, paused 24ms+2ms
06-14 04:10:05.122 18240 18240 D dalvikvm: GC_EXPLICIT freed 49K, 5% free 9129K/9607K, paused 2ms+2ms
06-14 04:10:08.669   142   917 I ActivityManager: Start proc com.google.android.apps.maps:LocationFriendService for service com.google.android.apps.maps/com.google.googlenav.friend.reporting.LocationReceiverService: pid=19216 uid=10057 gids={3003, 1015}
06-14 04:10:08.798 19216 19219 D dalvikvm: GC_CONCURRENT freed 156K, 3% free 9380K/9607K, paused 3ms+2ms
06-14 04:10:09.048 19216 19219 D dalvikvm: GC_CONCURRENT freed 188K, 3% free 9660K/9927K, paused 1ms+4ms
06-14 04:10:09.368 19216 19219 D dalvikvm: GC_CONCURRENT freed 285K, 4% free 9889K/10247K, paused 2ms+2ms
06-14 04:10:13.736 12847 12847 D dalvikvm: GC_EXPLICIT freed 48K, 7% free 9991K/10631K, paused 40ms+7ms
06-14 04:10:23.982   142   368 I ActivityManager: Process com.google.android.apps.maps:LocationFriendService (pid 19216) has died.
06-14 04:10:24.349   142   197 D DhcpInfoInternal: makeLinkProperties with empty dns2!
06-14 04:10:24.349   142   197 D DhcpInfoInternal: makeLinkProperties with empty dns2!
06-14 04:10:29.087   357   357 D dalvikvm: GC_EXPLICIT freed <1K, 6% free 9100K/9607K, paused 27ms+2ms
06-14 04:10:34.103   959   959 D dalvikvm: GC_EXPLICIT freed 173K, 21% free 11690K/14663K, paused 4ms+4ms
06-14 04:10:34.322 18240 18240 I PhoneLab-Locks: wake lock acquired
06-14 04:10:34.329 18240 18240 I PhoneLab-StatusMonitor: Status Monitoring is started
06-14 04:10:34.509 18240 18242 D dalvikvm: GC_CONCURRENT freed 362K, 6% free 9175K/9671K, paused 5ms+6ms
06-14 04:10:34.536 18240 18240 I PhoneLab-StatusMonitor: Value: 10 - unit: min
06-14 04:10:34.536 18240 18240 I PhoneLab-StatusMonitor: Running interval: 600000
06-14 04:10:34.548 18240 18240 I PhoneLab-StatusMonitor: Rescheduling status monitoring...
06-14 04:10:34.548 18240 18240 I PhoneLab-Locks: wake lock released
06-14 04:10:34.556 18240 18240 I PhoneLab-StatusMonitorLocation: Learning Location
06-14 04:10:34.556 18240 18240 I PhoneLab-Locks: wake lock acquired
06-14 04:10:34.560 18240 18240 I PhoneLab-Locks: wake lock acquired
06-14 04:10:34.568 18240 18240 I PhoneLab-StatusMonitorLocation: Learning Signal Strgth
06-14 04:10:34.568 18240 18240 I PhoneLab-Locks: wake lock acquired
06-14 04:10:34.572 12847 13060 D androidNetworkLocationListeners: Still have listener com.google.android.location.internal.client.NetworkLocationClient$1@41345020
06-14 04:10:34.587 18240 18240 I PhoneLab-StatusMonitorBattery: Battery_level: 95
06-14 04:10:34.587 18240 18240 I PhoneLab-Locks: wake lock released
06-14 04:10:34.587 12847 13060 D androidNetworkLocationListeners: Still have listener com.google.android.location.internal.client.NetworkLocationClient$1@41345020
06-14 04:10:34.591 18240 18240 I PhoneLab-StatusMonitorSignal: Signal_Strength: -86 asu: 14
06-14 04:10:34.591 18240 18240 I PhoneLab-Locks: wake lock released
06-14 04:10:34.681 18240 18240 I PhoneLab-StatusMonitorLocation: Location_Latitude: 42.9620493 Longitude: -78.8170704 Accuracy: 30.0
06-14 04:10:34.681 18240 18240 I PhoneLab-Locks: wake lock released
06-14 04:10:34.681 12847 13060 D androidNetworkLocationListeners: Still have listener com.google.android.location.internal.client.NetworkLocationClient$1@41345020
06-14 04:10:34.708   142   330 I ActivityManager: Start proc com.google.android.apps.maps:LocationFriendService for service com.google.android.apps.maps/com.google.googlenav.friend.reporting.LocationReceiverService: pid=19260 uid=10057 gids={3003, 1015}
06-14 04:10:34.829 19260 19262 D dalvikvm: GC_CONCURRENT freed 158K, 3% free 9378K/9607K, paused 2ms+2ms
06-14 04:10:35.072   142   921 I ActivityManager: Process com.google.android.apps.maps:LocationFriendService (pid 19260) has died.
06-14 04:10:35.990 12847 12850 D dalvikvm: GC_CONCURRENT freed 483K, 7% free 9969K/10631K, paused 2ms+2ms
06-14 04:10:35.990   142   330 I ActivityManager: Start proc com.google.android.apps.maps:LocationFriendService for service com.google.android.apps.maps/com.google.googlenav.friend.reporting.LocationReceiverService: pid=19275 uid=10057 gids={3003, 1015}
06-14 04:10:36.107 19275 19278 D dalvikvm: GC_CONCURRENT freed 161K, 3% free 9375K/9607K, paused 2ms+2ms
06-14 04:10:36.243 19275 19278 D dalvikvm: GC_CONCURRENT freed 149K, 3% free 9644K/9927K, paused 1ms+2ms
06-14 04:10:40.970 27790 27790 D dalvikvm: GC_EXPLICIT freed 62K, 36% free 11631K/17991K, paused 36ms+4ms
06-14 04:10:46.036   142   158 D dalvikvm: GC_EXPLICIT freed 625K, 23% free 19067K/24647K, paused 41ms+10ms
06-14 04:10:50.974   213   213 D dalvikvm: GC_EXPLICIT freed 14K, 59% free 9684K/23239K, paused 4ms+4ms
06-14 04:10:55.997   342   342 D dalvikvm: GC_EXPLICIT freed 13K, 16% free 12088K/14343K, paused 37ms+3ms
06-14 04:10:59.907   142   159 I ActivityManager: Start proc com.facebook.orca for broadcast com.facebook.orca/.analytics.AnalyticsPeriodicReporter$ReporterBroadcastReceiver: pid=19290 uid=10061 gids={3003, 1015, 1006}
06-14 04:10:59.923 19290 19290 I dalvikvm: Turning on JNI app bug workarounds for target SDK version 10...
06-14 04:10:59.970   142   922 I ActivityManager: Process com.google.android.apps.maps:LocationFriendService (pid 19275) has died.
06-14 04:11:00.134 19290 19290 I ActivityThread: Pub com.facebook.orca.notify.MessengerLoggedInUserProvider: com.facebook.orca.notify.MessengerLoggedInUserProvider
06-14 04:11:00.216 19290 19290 I ActivityThread: Pub com.facebook.orca.notify.MessengerForegroundProvider: com.facebook.orca.notify.MessengerForegroundProvider
06-14 04:11:00.240 19290 19290 V orca:OrcaApplication: Forcing initialization of AsyncTask
06-14 04:11:00.333 19290 19292 D dalvikvm: GC_CONCURRENT freed 215K, 3% free 9321K/9607K, paused 2ms+2ms
06-14 04:11:00.337 19290 19290 I Finalizer: Couldn't access Thread.inheritableThreadLocals. Reference finalizer threads will inherit thread local values.
06-14 04:11:00.513 19290 19292 D dalvikvm: GC_CONCURRENT freed 357K, 5% free 9452K/9927K, paused 2ms+2ms
06-14 04:11:00.646 19290 19290 W OrcaGuiceModule: Sig: ijxLJi1yGs1JpL-X1SExmchvork
06-14 04:11:00.743 19290 19292 D dalvikvm: GC_CONCURRENT freed 309K, 5% free 9589K/9991K, paused 6ms+6ms
06-14 04:11:01.115 19290 19305 W Resources: Converting to string: TypedValue{t=0x10/d=0xffffffff a=-1}
06-14 04:11:01.439 19290 19292 D dalvikvm: GC_CONCURRENT freed 281K, 4% free 9830K/10183K, paused 11ms+11ms
06-14 04:11:01.560 19290 19290 D ACRA    : Retrieve application default SharedPreferences.
06-14 04:11:01.560 19290 19290 D ACRA    : Set OnSharedPreferenceChangeListener.
06-14 04:11:01.560 19290 19290 D ACRA    : ACRA is enabled for com.facebook.orca, intializing...
06-14 04:11:01.638 19290 19292 D dalvikvm: GC_CONCURRENT freed 294K, 4% free 10071K/10439K, paused 2ms+2ms
06-14 04:11:01.642 19290 19290 D ACRA    : Looking for error files in /data/data/com.facebook.orca/app_acra-reports
06-14 04:11:01.685 19290 19305 D dalvikvm: GC_FOR_ALLOC freed 235K, 6% free 10114K/10695K, paused 30ms
06-14 04:11:01.732 19290 19305 D dalvikvm: GC_FOR_ALLOC freed 97K, 5% free 10210K/10695K, paused 31ms
06-14 04:11:01.786   142   602 I ActivityManager: Process com.facebook.orca (pid 19290) has died.
06-14 04:11:06.919   428   428 D dalvikvm: GC_EXPLICIT freed <1K, 4% free 9037K/9347K, paused 13ms+1ms
06-14 04:11:07.505   142   916 I ActivityManager: Start proc com.google.android.apps.maps:LocationFriendService for service com.google.android.apps.maps/com.google.googlenav.friend.reporting.LocationReceiverService: pid=19310 uid=10057 gids={3003, 1015}
06-14 04:11:07.630 19310 19313 D dalvikvm: GC_CONCURRENT freed 166K, 3% free 9370K/9607K, paused 2ms+2ms
06-14 04:11:07.677 17870 17872 D dalvikvm: GC_CONCURRENT freed 478K, 6% free 10399K/11015K, paused 1ms+2ms
06-14 04:11:07.790 19310 19313 D dalvikvm: GC_CONCURRENT freed 179K, 4% free 9623K/9927K, paused 1ms+2ms
06-14 04:11:07.872   142   368 D dalvikvm: GC_EXPLICIT freed 403K, 23% free 19050K/24647K, paused 11ms+10ms
06-14 04:11:08.353 19310 19313 D dalvikvm: GC_CONCURRENT freed 285K, 4% free 9888K/10247K, paused 2ms+2ms
06-14 04:11:09.142   142   366 I ActivityManager: Process com.google.android.apps.maps:LocationFriendService (pid 19310) has died.
06-14 04:11:13.466 18240 18253 I PhoneLab-: Service Running
06-14 04:11:13.572 18240 18253 I PhoneLab-LoggerService: app_38    27718 1     1112   664   c00f181c 400107b4 S logcat
06-14 04:11:13.572 18240 18253 I PhoneLab-LoggerService: Logcat pid from database 27718
06-14 04:11:13.572 18240 18253 I PhoneLab-LoggerService: Logcat process found 27718
06-14 04:11:13.572 18240 18253 I PhoneLab-LoggerService: Checking Threshold
06-14 04:11:14.392   324   324 D dalvikvm: GC_EXPLICIT freed <1K, 20% free 10618K/13191K, paused 24ms+3ms
06-14 04:11:19.318 16941 16941 E GeckoApp: low memory
06-14 04:11:19.415 16941 16941 D dalvikvm: GC_EXPLICIT freed 3K, 22% free 10500K/13319K, paused 35ms+3ms
06-14 04:11:24.400 17720 17720 D dalvikvm: GC_EXPLICIT freed <1K, 4% free 9055K/9347K, paused 22ms+2ms
06-14 04:11:29.392 17870 17870 D dalvikvm: GC_EXPLICIT freed 9K, 6% free 10390K/11015K, paused 4ms+2ms
06-14 04:11:34.404 18445 18445 D dalvikvm: GC_EXPLICIT freed <1K, 6% free 9716K/10247K, paused 34ms+2ms
06-14 04:11:39.404 18240 18240 D dalvikvm: GC_EXPLICIT freed 214K, 6% free 9135K/9671K, paused 25ms+2ms
06-14 04:11:44.423 12847 12847 D dalvikvm: GC_EXPLICIT freed 18K, 7% free 9970K/10631K, paused 29ms+3ms
06-14 04:11:49.423 19121 19121 D dalvikvm: GC_EXPLICIT freed 27K, 7% free 9848K/10503K, paused 22ms+3ms
06-14 04:12:08.732   142   602 I ActivityManager: Start proc com.google.android.apps.maps:LocationFriendService for service com.google.android.apps.maps/com.google.googlenav.friend.reporting.LocationReceiverService: pid=19334 uid=10057 gids={3003, 1015}
06-14 04:12:08.845 19334 19337 D dalvikvm: GC_CONCURRENT freed 168K, 3% free 9368K/9607K, paused 2ms+1ms
06-14 04:12:09.029 19334 19337 D dalvikvm: GC_CONCURRENT freed 201K, 3% free 9717K/9991K, paused 1ms+3ms
06-14 04:12:09.220 19334 19337 D dalvikvm: GC_CONCURRENT freed 330K, 4% free 9908K/10311K, paused 2ms+3ms
06-14 04:12:09.349 19334 19341 I dalvikvm: Total arena pages for JIT: 11
06-14 04:12:09.349 19334 19341 I dalvikvm: Total arena pages for JIT: 12
06-14 04:12:09.349 19334 19341 I dalvikvm: Total arena pages for JIT: 13
06-14 04:12:09.349 19334 19341 I dalvikvm: Total arena pages for JIT: 14
06-14 04:12:09.353 19334 19341 I dalvikvm: Total arena pages for JIT: 15
06-14 04:12:09.361 19334 19341 I dalvikvm: Total arena pages for JIT: 16
06-14 04:12:09.361 19334 19341 I dalvikvm: Total arena pages for JIT: 17
06-14 04:12:09.525 19334 19337 D dalvikvm: GC_CONCURRENT freed 393K, 5% free 9976K/10439K, paused 2ms+7ms
06-14 04:12:15.017   142   172 I ActivityManager: Start proc com.google.android.apps.maps for service com.google.android.apps.maps/com.google.googlenav.prefetch.android.PrefetcherService: pid=19362 uid=10057 gids={3003, 1015}
06-14 04:12:15.036   142   172 I ActivityManager: Start proc com.google.android.apps.plus for service com.google.android.apps.plus/.service.EsService: pid=19375 uid=10058 gids={3003, 3002, 1015, 1006}
06-14 04:12:15.040   142   921 I ActivityManager: Process com.google.android.apps.maps:LocationFriendService (pid 19334) has died.
06-14 04:12:15.247 19362 19364 D dalvikvm: GC_CONCURRENT freed 167K, 3% free 9369K/9607K, paused 1ms+11ms
06-14 04:12:15.353 19362 19362 I ActivityThread: Pub com.google.android.maps.SearchHistoryProvider: com.google.googlenav.provider.SearchHistoryProvider
06-14 04:12:15.368 19362 19362 I ActivityThread: Pub com.google.android.maps.SuggestionProvider: com.google.googlenav.suggest.android.SuggestContentProvider
06-14 04:12:15.384 19362 19362 I ActivityThread: Pub com.google.android.maps.LayerInfoProvider: com.google.googlenav.layer.LayerInfoProvider
06-14 04:12:15.396 19362 19362 I ActivityThread: Pub com.google.android.maps.TrafficAppWidgetProvider: com.google.googlenav.appwidget.traffic.TrafficAppWidgetProvider
06-14 04:12:15.404 19362 19362 I ActivityThread: Pub com.google.android.maps.LocalActivePlacesProvider: com.google.googlenav.provider.LocalActivePlacesProvider
06-14 04:12:15.404 19362 19362 I ActivityThread: Pub com.google.android.maps.StarredItemProvider: com.google.googlenav.provider.StarredItemProvider
06-14 04:12:15.419 19375 19378 D dalvikvm: GC_CONCURRENT freed 169K, 3% free 9366K/9607K, paused 2ms+56ms
06-14 04:12:15.509 19362 19364 D dalvikvm: GC_CONCURRENT freed 201K, 3% free 9700K/9991K, paused 1ms+2ms
06-14 04:12:15.556 19375 19375 I ActivityThread: Pub com.google.android.apps.plus.content.ApiProvider: com.google.android.apps.plus.content.EsApiProvider
06-14 04:12:15.575 19375 19375 I ActivityThread: Pub com.google.android.apps.plus.content.EsGooglePhotoProvider: com.google.android.picasasync.PicasaContentProvider
06-14 04:12:15.673 19362 19362 I ActivityThread: Pub com.google.android.maps.LocalSuggestionProvider: com.google.googlenav.provider.LocalSuggestionProvider
06-14 04:12:15.673 19362 19362 I ActivityThread: Pub com.google.android.maps.NavigationAvailabilityProvider: com.google.googlenav.provider.NavigationAvailabilityProvider
06-14 04:12:15.829 19375 19378 D dalvikvm: GC_CONCURRENT freed 484K, 6% free 9431K/9991K, paused 34ms+14ms
06-14 04:12:15.829 19375 19375 I ActivityThread: Pub com.google.android.apps.plus.content.EsPicasaStoreProvider: com.google.android.picasastore.PicasaPhotoContentProvider
06-14 04:12:15.853 19362 19364 D dalvikvm: GC_CONCURRENT freed 235K, 4% free 9985K/10311K, paused 2ms+7ms
06-14 04:12:15.865 19375 19375 I ActivityThread: Pub com.google.plus.platform: com.google.android.apps.plus.content.AdsProvider
06-14 04:12:15.865 19375 19375 I ActivityThread: Pub com.google.android.apps.plus.iu.EsGoogleIuProvider: com.google.android.apps.plus.iu.InstantUploadProvider
06-14 04:12:15.935 19375 19375 I ActivityThread: Pub com.google.android.apps.plus.content.EsProvider: com.google.android.apps.plus.content.EsProvider
06-14 04:12:15.962   142   422 I ActivityManager: Start proc android.process.media for content provider com.android.providers.media/.MediaProvider: pid=19401 uid=10012 gids={1015, 1023, 1024, 2001, 3003, 3007}
06-14 04:12:16.052 19375 19378 D dalvikvm: GC_CONCURRENT freed 412K, 6% free 9550K/10055K, paused 2ms+28ms
06-14 04:12:16.185 19401 19401 I ActivityThread: Pub downloads: com.android.providers.downloads.DownloadProvider
06-14 04:12:16.255 19401 19401 I ActivityThread: Pub drm: com.android.providers.drm.DrmProvider
06-14 04:12:16.255 19401 19427 I DownloadManager: in removeSpuriousFiles
06-14 04:12:16.275 19401 19401 I ActivityThread: Pub media: com.android.providers.media.MediaProvider
06-14 04:12:16.306 19401 19427 I DownloadManager: in removeSpuriousFiles, preserving file /data/data/com.android.providers.downloads/cache/downloadfile-1.apk
06-14 04:12:16.306 19401 19427 I DownloadManager: deleting spurious file /cache/backup
06-14 04:12:16.517 19401 19404 D dalvikvm: GC_CONCURRENT freed 372K, 5% free 9164K/9607K, paused 2ms+5ms
06-14 04:12:17.044 19362 19364 D dalvikvm: GC_CONCURRENT freed 228K, 4% free 10226K/10631K, paused 1ms+19ms
06-14 04:12:17.064 19375 19394 D PicasaPhotoCP: set fsid first time:-1
06-14 04:12:17.157   142   142 I ActivityManager: Process android.process.media (pid 19401) has died.
06-14 04:12:17.200 19375 19378 D dalvikvm: GC_CONCURRENT freed 195K, 3% free 9907K/10183K, paused 8ms+2ms
06-14 04:12:17.282 19375 19426 D dalvikvm: GC_FOR_ALLOC freed 228K, 4% free 10057K/10439K, paused 20ms
06-14 04:12:17.310 19375 19426 D dalvikvm: GC_FOR_ALLOC freed 62K, 5% free 10121K/10567K, paused 18ms
06-14 04:12:17.310 19375 19426 I dalvikvm-heap: Grow heap (frag case) to 10.200MB for 260112-byte allocation
06-14 04:12:17.329 19375 19426 D dalvikvm: GC_FOR_ALLOC freed 126K, 6% free 10249K/10823K, paused 19ms
06-14 04:12:17.357 19375 19426 D dalvikvm: GC_FOR_ALLOC freed 311K, 6% free 10186K/10823K, paused 20ms
06-14 04:12:17.376 19375 19426 D dalvikvm: GC_FOR_ALLOC freed 62K, 6% free 10250K/10823K, paused 18ms
06-14 04:12:17.376 19375 19426 I dalvikvm-heap: Grow heap (frag case) to 10.327MB for 260112-byte allocation
06-14 04:12:17.392 19375 19426 D dalvikvm: GC_FOR_ALLOC freed 126K, 7% free 10378K/11079K, paused 16ms
06-14 04:12:17.419 19375 19426 D dalvikvm: GC_FOR_ALLOC freed 369K, 7% free 10378K/11079K, paused 16ms
06-14 04:12:17.439 19375 19426 D dalvikvm: GC_FOR_ALLOC freed 126K, 6% free 10506K/11079K, paused 18ms
06-14 04:12:17.564 19375 19378 D dalvikvm: GC_CONCURRENT freed 347K, 4% free 10725K/11143K, paused 2ms+2ms
06-14 04:12:17.693 19375 19378 D dalvikvm: GC_CONCURRENT freed 129K, 2% free 11199K/11399K, paused 4ms+3ms
06-14 04:12:17.865 19375 19378 D dalvikvm: GC_CONCURRENT freed 433K, 5% free 11535K/12039K, paused 2ms+3ms
06-14 04:12:18.044   142   154 I ActivityManager: Start proc android.process.media for service com.android.providers.media/.MediaScannerService: pid=19433 uid=10012 gids={1015, 1023, 1024, 2001, 3003, 3007}
06-14 04:12:18.079    80    80 D dalvikvm: GC_EXPLICIT freed 38K, 4% free 9031K/9347K, paused 2ms+2ms
06-14 04:12:18.130 19433 19433 I ActivityThread: Pub downloads: com.android.providers.downloads.DownloadProvider
06-14 04:12:18.134    80    80 D dalvikvm: GC_EXPLICIT freed <1K, 4% free 9031K/9347K, paused 1ms+2ms
06-14 04:12:18.181    80    80 D dalvikvm: GC_EXPLICIT freed <1K, 4% free 9031K/9347K, paused 1ms+4ms
06-14 04:12:18.181 19433 19433 I ActivityThread: Pub drm: com.android.providers.drm.DrmProvider
06-14 04:12:18.189 19433 19446 I DownloadManager: in removeSpuriousFiles
06-14 04:12:18.193 19433 19433 I ActivityThread: Pub media: com.android.providers.media.MediaProvider
06-14 04:12:18.216 19433 19446 I DownloadManager: in removeSpuriousFiles, preserving file /data/data/com.android.providers.downloads/cache/downloadfile-1.apk
06-14 04:12:18.216 19433 19446 I DownloadManager: deleting spurious file /cache/backup
06-14 04:12:18.243   142   142 I ActivityManager: Process com.google.android.apps.maps (pid 19362) has died.
06-14 04:12:18.243   142   142 W ActivityManager: Scheduling restart of crashed service com.google.android.apps.maps/com.google.googlenav.prefetch.android.PrefetcherService in 5000ms
06-14 04:12:18.388 19433 19435 D dalvikvm: GC_CONCURRENT freed 374K, 5% free 9162K/9607K, paused 7ms+10ms
06-14 04:12:23.333   142   159 I ActivityManager: Start proc com.google.android.apps.maps for service com.google.android.apps.maps/com.google.googlenav.prefetch.android.PrefetcherService: pid=19452 uid=10057 gids={3003, 1015}
06-14 04:12:23.388   357   357 D dalvikvm: GC_EXPLICIT freed <1K, 6% free 9100K/9607K, paused 2ms+2ms
06-14 04:12:23.419   142   919 I ActivityManager: Process android.process.media (pid 19433) has died.
06-14 04:12:23.513 19452 19454 D dalvikvm: GC_CONCURRENT freed 148K, 3% free 9388K/9607K, paused 2ms+2ms
06-14 04:12:23.564 19452 19452 I ActivityThread: Pub com.google.android.maps.SearchHistoryProvider: com.google.googlenav.provider.SearchHistoryProvider
06-14 04:12:23.568 19452 19452 I ActivityThread: Pub com.google.android.maps.SuggestionProvider: com.google.googlenav.suggest.android.SuggestContentProvider
06-14 04:12:23.572 19452 19452 I ActivityThread: Pub com.google.android.maps.LayerInfoProvider: com.google.googlenav.layer.LayerInfoProvider
06-14 04:12:23.575 19452 19452 I ActivityThread: Pub com.google.android.maps.TrafficAppWidgetProvider: com.google.googlenav.appwidget.traffic.TrafficAppWidgetProvider
06-14 04:12:23.579 19452 19452 I ActivityThread: Pub com.google.android.maps.LocalActivePlacesProvider: com.google.googlenav.provider.LocalActivePlacesProvider
06-14 04:12:23.579 19452 19452 I ActivityThread: Pub com.google.android.maps.StarredItemProvider: com.google.googlenav.provider.StarredItemProvider
06-14 04:12:23.638 19452 19454 D dalvikvm: GC_CONCURRENT freed 207K, 4% free 9679K/9991K, paused 2ms+2ms
06-14 04:12:23.712   142   918 I ActivityManager: Process com.google.android.apps.plus (pid 19375) has died.
06-14 04:12:23.747 19452 19452 I ActivityThread: Pub com.google.android.maps.LocalSuggestionProvider: com.google.googlenav.provider.LocalSuggestionProvider
06-14 04:12:23.747 19452 19452 I ActivityThread: Pub com.google.android.maps.NavigationAvailabilityProvider: com.google.googlenav.provider.NavigationAvailabilityProvider
06-14 04:12:23.837 19452 19454 D dalvikvm: GC_CONCURRENT freed 260K, 4% free 9977K/10311K, paused 2ms+3ms
06-14 04:12:23.900 19452 19483 D dalvikvm: GC_FOR_ALLOC freed 170K, 4% free 10192K/10567K, paused 26ms
06-14 04:12:28.954   959   959 D dalvikvm: GC_EXPLICIT freed 194K, 21% free 11693K/14663K, paused 18ms+3ms
06-14 04:12:30.579   142   159 I ActivityManager: Start proc com.google.android.apps.plus for broadcast com.google.android.apps.plus/.service.CameraMonitor: pid=19485 uid=10058 gids={3003, 3002, 1015, 1006}
06-14 04:12:30.689 19485 19487 D dalvikvm: GC_CONCURRENT freed 152K, 3% free 9384K/9607K, paused 2ms+2ms
06-14 04:12:30.697 19485 19485 I ActivityThread: Pub com.google.android.apps.plus.content.ApiProvider: com.google.android.apps.plus.content.EsApiProvider
06-14 04:12:30.708 19485 19485 I ActivityThread: Pub com.google.android.apps.plus.content.EsGooglePhotoProvider: com.google.android.picasasync.PicasaContentProvider
06-14 04:12:30.790 19485 19487 D dalvikvm: GC_CONCURRENT freed 481K, 6% free 9432K/9991K, paused 1ms+2ms
06-14 04:12:30.790 19485 19485 I ActivityThread: Pub com.google.android.apps.plus.content.EsPicasaStoreProvider: com.google.android.picasastore.PicasaPhotoContentProvider
06-14 04:12:30.806 19485 19485 I ActivityThread: Pub com.google.plus.platform: com.google.android.apps.plus.content.AdsProvider
06-14 04:12:30.806 19485 19485 I ActivityThread: Pub com.google.android.apps.plus.iu.EsGoogleIuProvider: com.google.android.apps.plus.iu.InstantUploadProvider
06-14 04:12:30.841 19485 19485 I ActivityThread: Pub com.google.android.apps.plus.content.EsProvider: com.google.android.apps.plus.content.EsProvider
06-14 04:12:30.841   142   916 I ActivityManager: Start proc android.process.media for content provider com.android.providers.media/.MediaProvider: pid=19500 uid=10012 gids={1015, 1023, 1024, 2001, 3003, 3007}
06-14 04:12:30.880   142   918 I ActivityManager: Process com.whatsapp (pid 19121) has died.
06-14 04:12:30.880   142   918 W ActivityManager: Scheduling restart of crashed service com.whatsapp/.messaging.MessageService in 5000ms
06-14 04:12:30.950 19500 19500 I ActivityThread: Pub downloads: com.android.providers.downloads.DownloadProvider
06-14 04:12:30.974 19485 19487 D dalvikvm: GC_CONCURRENT freed 411K, 6% free 9550K/10055K, paused 10ms+7ms
06-14 04:12:30.990 19500 19500 I ActivityThread: Pub drm: com.android.providers.drm.DrmProvider
06-14 04:12:30.993 19500 19500 I ActivityThread: Pub media: com.android.providers.media.MediaProvider
06-14 04:12:30.997 19500 19514 I DownloadManager: in removeSpuriousFiles
06-14 04:12:31.021 19500 19514 I DownloadManager: in removeSpuriousFiles, preserving file /data/data/com.android.providers.downloads/cache/downloadfile-1.apk
06-14 04:12:31.025 19500 19514 I DownloadManager: deleting spurious file /cache/backup
06-14 04:12:31.146   142   366 I ActivityManager: Process com.google.android.apps.plus (pid 19485) has died.
06-14 04:12:31.255 19500 19502 D dalvikvm: GC_CONCURRENT freed 346K, 5% free 9189K/9607K, paused 6ms+4ms
06-14 04:12:35.947   142   159 I ActivityManager: Start proc com.whatsapp for service com.whatsapp/.messaging.MessageService: pid=19521 uid=10070 gids={1015, 3003}
06-14 04:12:35.954 19521 19521 I dalvikvm: Turning on JNI app bug workarounds for target SDK version 7...
06-14 04:12:36.224 19521 19524 D dalvikvm: GC_CONCURRENT freed 164K, 3% free 9357K/9607K, paused 3ms+2ms
06-14 04:12:36.259 27790 27790 D dalvikvm: GC_EXPLICIT freed 113K, 36% free 11631K/17991K, paused 7ms+6ms
06-14 04:12:36.372   142   918 I ActivityManager: Process com.google.android.apps.maps (pid 19452) has died.
06-14 04:12:36.693 19521 19524 D dalvikvm: GC_CONCURRENT freed 291K, 5% free 9585K/9991K, paused 1ms+11ms
06-14 04:12:36.818 19521 19521 I SqliteDatabaseCpp: sqlite returned: error code = 1, msg = duplicate column name: photo_ts, db=/data/data/com.whatsapp/databases/msgstore.db
06-14 04:12:36.818 19521 19521 I SqliteDatabaseCpp: sqlite returned: error code = 1, msg = duplicate column name: thumb_ts, db=/data/data/com.whatsapp/databases/msgstore.db
06-14 04:12:36.818 19521 19521 I SqliteDatabaseCpp: sqlite returned: error code = 1, msg = duplicate column name: photo_id_timestamp, db=/data/data/com.whatsapp/databases/msgstore.db
06-14 04:12:36.861   142   602 I ActivityManager: Start proc android.process.acore for content provider com.android.providers.contacts/.ContactsProvider2: pid=19541 uid=10000 gids={3003, 1015}
06-14 04:12:36.966   142   918 D dalvikvm: GC_EXPLICIT freed 1797K, 23% free 19087K/24647K, paused 3ms+9ms
06-14 04:12:37.013 19541 19541 I ActivityThread: Pub call_log: com.android.providers.contacts.CallLogProvider
06-14 04:12:37.025   142   366 I ActivityManager: Process android.process.media (pid 19500) has died.
06-14 04:12:37.075 19521 19521 I dalvikvm: Could not find method android.media.MediaMetadataRetriever.captureFrame, referenced from method com.whatsapp.d3.a
06-14 04:12:37.075 19521 19521 W dalvikvm: VFY: unable to resolve virtual method 496: Landroid/media/MediaMetadataRetriever;.captureFrame ()Landroid/graphics/Bitmap;
06-14 04:12:37.075 19521 19521 D dalvikvm: VFY: replacing opcode 0x6e at 0x0134
06-14 04:12:37.126 19541 19541 I ActivityThread: Pub com.android.voicemail: com.android.providers.contacts.VoicemailContentProvider
06-14 04:12:37.130 19541 19541 I ActivityThread: Pub user_dictionary: com.android.providers.userdictionary.UserDictionaryProvider
06-14 04:12:37.173 19541 19541 I ActivityThread: Pub com.android.social: com.android.providers.contacts.SocialProvider
06-14 04:12:37.173 19541 19541 I ActivityThread: Pub applications: com.android.providers.applications.ApplicationsProvider
06-14 04:12:37.298 19521 19524 D dalvikvm: GC_CONCURRENT freed 300K, 4% free 9809K/10183K, paused 2ms+3ms
06-14 04:12:37.341 19541 19541 I ActivityThread: Pub contacts;com.android.contacts: com.android.providers.contacts.ContactsProvider2
06-14 04:12:37.376 19541 19544 D dalvikvm: GC_CONCURRENT freed 347K, 5% free 9189K/9607K, paused 2ms+3ms
06-14 04:12:37.634 19521 19524 D dalvikvm: GC_CONCURRENT freed 314K, 5% free 9981K/10439K, paused 6ms+5ms
06-14 04:12:38.697 19541 19544 D dalvikvm: GC_CONCURRENT freed 195K, 4% free 9414K/9735K, paused 30ms+5ms
06-14 04:12:39.950 19521 19524 D dalvikvm: GC_CONCURRENT freed 509K, 7% free 9863K/10503K, paused 60ms+3ms
06-14 04:12:42.833   142   158 D dalvikvm: GC_EXPLICIT freed 415K, 23% free 19047K/24647K, paused 52ms+10ms
06-14 04:12:47.728   213   213 D dalvikvm: GC_EXPLICIT freed 15K, 59% free 9685K/23239K, paused 32ms+3ms
06-14 04:12:49.290   142   197 D DhcpInfoInternal: makeLinkProperties with empty dns2!
06-14 04:12:49.302   142   197 D DhcpInfoInternal: makeLinkProperties with empty dns2!
06-14 04:12:53.501   342   342 D dalvikvm: GC_EXPLICIT freed 5K, 16% free 12088K/14343K, paused 8ms+4ms
06-14 04:12:58.544   428   428 D dalvikvm: GC_EXPLICIT freed <1K, 4% free 9037K/9347K, paused 24ms+2ms
06-14 04:13:00.700 12847 12847 D dalvikvm: GC_EXPLICIT freed 39K, 7% free 9991K/10631K, paused 25ms+3ms
06-14 04:13:00.708 12847 12864 I EventLogService: Aggregate from 1339659780270 (log), 1339659780270 (data)
06-14 04:13:01.642   142   159 I ActivityManager: Start proc com.facebook.orca for broadcast com.facebook.orca/.analytics.AnalyticsPeriodicReporter$ReporterBroadcastReceiver: pid=19583 uid=10061 gids={3003, 1015, 1006}
06-14 04:13:01.673 19583 19583 I dalvikvm: Turning on JNI app bug workarounds for target SDK version 10...
06-14 04:13:01.845 19583 19583 I ActivityThread: Pub com.facebook.orca.notify.MessengerLoggedInUserProvider: com.facebook.orca.notify.MessengerLoggedInUserProvider
06-14 04:13:01.872 19583 19583 I ActivityThread: Pub com.facebook.orca.notify.MessengerForegroundProvider: com.facebook.orca.notify.MessengerForegroundProvider
06-14 04:13:01.888 19583 19583 V orca:OrcaApplication: Forcing initialization of AsyncTask
06-14 04:13:02.083 19583 19584 D dalvikvm: GC_CONCURRENT freed 223K, 4% free 9313K/9607K, paused 7ms+2ms
06-14 04:13:02.083 19583 19583 I Finalizer: Couldn't access Thread.inheritableThreadLocals. Reference finalizer threads will inherit thread local values.
06-14 04:13:02.298 19583 19584 D dalvikvm: GC_CONCURRENT freed 360K, 5% free 9463K/9927K, paused 2ms+2ms
06-14 04:13:02.450   142   154 I ActivityManager: Process android.process.acore (pid 19541) has died.
06-14 04:13:02.474 19583 19583 W OrcaGuiceModule: Sig: ijxLJi1yGs1JpL-X1SExmchvork
06-14 04:13:02.681 19583 19584 D dalvikvm: GC_CONCURRENT freed 300K, 5% free 9585K/9991K, paused 3ms+18ms
06-14 04:13:02.892 19583 19598 W Resources: Converting to string: TypedValue{t=0x10/d=0xffffffff a=-1}
06-14 04:13:03.040 19583 19584 D dalvikvm: GC_CONCURRENT freed 278K, 4% free 9834K/10183K, paused 3ms+3ms
06-14 04:13:03.111 19583 19583 D ACRA    : Retrieve application default SharedPreferences.
06-14 04:13:03.111 19583 19583 D ACRA    : Set OnSharedPreferenceChangeListener.
06-14 04:13:03.111 19583 19583 D ACRA    : ACRA is enabled for com.facebook.orca, intializing...
06-14 04:13:03.154 19583 19584 D dalvikvm: GC_CONCURRENT freed 294K, 4% free 10071K/10439K, paused 2ms+2ms
06-14 04:13:03.157 19583 19583 D ACRA    : Looking for error files in /data/data/com.facebook.orca/app_acra-reports
06-14 04:13:03.181 19583 19598 D dalvikvm: GC_FOR_ALLOC freed 231K, 6% free 10112K/10695K, paused 19ms
06-14 04:13:03.228 19583 19598 D dalvikvm: GC_FOR_ALLOC freed 93K, 5% free 10209K/10695K, paused 28ms
06-14 04:13:03.286 19583 19598 D dalvikvm: GC_FOR_ALLOC freed 187K, 6% free 10227K/10823K, paused 32ms
06-14 04:13:03.478 19583 19584 D dalvikvm: GC_CONCURRENT freed 338K, 4% free 10401K/10823K, paused 2ms+3ms
06-14 04:13:03.626 19583 19584 D dalvikvm: GC_CONCURRENT freed 197K, 3% free 10747K/11015K, paused 2ms+3ms
06-14 04:13:03.939 19583 19584 D dalvikvm: GC_CONCURRENT freed 396K, 5% free 10932K/11399K, paused 3ms+3ms
06-14 04:13:04.091 19583 19584 D dalvikvm: GC_CONCURRENT freed 345K, 4% free 11239K/11655K, paused 2ms+3ms
06-14 04:13:04.232   142   370 I ActivityManager: Process com.facebook.orca (pid 19583) has died.
06-14 04:13:04.490 15466 19607 F libc    : Fatal signal 13 (SIGPIPE) at 0x00003c6a (code=0)
06-14 04:13:04.697 15466 19607 W DnsProxyListener: Error writing DNS result to client
06-14 04:13:04.697 15466 19607 W SocketClient: write error (Broken pipe)
06-14 04:13:04.896 11322 11322 I DEBUG   : debuggerd committing suicide to free the zombie!
06-14 04:13:04.947 19608 19608 I DEBUG   : debuggerd: Jun  8 2012 12:06:49
06-14 04:13:08.907   142   368 I ActivityManager: Start proc com.google.android.apps.maps:LocationFriendService for service com.google.android.apps.maps/com.google.googlenav.friend.reporting.LocationReceiverService: pid=19609 uid=10057 gids={3003, 1015}
06-14 04:13:08.950 17870 17872 D dalvikvm: GC_CONCURRENT freed 470K, 6% free 10401K/11015K, paused 2ms+4ms
06-14 04:13:09.052 19609 19612 D dalvikvm: GC_CONCURRENT freed 168K, 3% free 9368K/9607K, paused 2ms+1ms
06-14 04:13:09.407 19609 19612 D dalvikvm: GC_CONCURRENT freed 131K, 3% free 9677K/9927K, paused 1ms+2ms
06-14 04:13:09.974 19609 19612 D dalvikvm: GC_CONCURRENT freed 282K, 4% free 9840K/10247K, paused 2ms+4ms
06-14 04:13:10.068 19609 19616 I dalvikvm: Total arena pages for JIT: 11
06-14 04:13:10.072 19609 19616 I dalvikvm: Total arena pages for JIT: 12
06-14 04:13:10.072 19609 19616 I dalvikvm: Total arena pages for JIT: 13
06-14 04:13:10.072 19609 19616 I dalvikvm: Total arena pages for JIT: 14
06-14 04:13:10.072 19609 19616 I dalvikvm: Total arena pages for JIT: 15
06-14 04:13:10.075 19609 19616 I dalvikvm: Total arena pages for JIT: 16
06-14 04:13:10.075 19609 19616 I dalvikvm: Total arena pages for JIT: 17
06-14 04:13:13.462 18240 18253 I PhoneLab-: Service Running
06-14 04:13:13.517   142   919 I ActivityManager: Process com.google.android.apps.maps:LocationFriendService (pid 19609) has died.
06-14 04:13:13.603 18240 18253 I PhoneLab-LoggerService: app_38    27718 1     1112   664   c00f181c 400107b4 S logcat
06-14 04:13:13.603 18240 18253 I PhoneLab-LoggerService: Logcat pid from database 27718
06-14 04:13:13.603 18240 18253 I PhoneLab-LoggerService: Logcat process found 27718
06-14 04:13:13.603 18240 18253 I PhoneLab-LoggerService: Checking Threshold
06-14 04:13:18.677   324   324 D dalvikvm: GC_EXPLICIT freed <1K, 20% free 10618K/13191K, paused 24ms+4ms
06-14 04:13:23.595 16941 16941 E GeckoApp: low memory
06-14 04:13:23.732 16941 16941 D dalvikvm: GC_EXPLICIT freed 2K, 22% free 10500K/13319K, paused 36ms+6ms
06-14 04:13:28.673 17720 17720 D dalvikvm: GC_EXPLICIT freed <1K, 4% free 9055K/9347K, paused 32ms+2ms
06-14 04:13:33.654 17870 17870 D dalvikvm: GC_EXPLICIT freed 11K, 6% free 10390K/11015K, paused 35ms+5ms
06-14 04:13:38.693 18445 18445 D dalvikvm: GC_EXPLICIT freed <1K, 6% free 9716K/10247K, paused 24ms+2ms
06-14 04:13:41.271   142   172 I ActivityManager: Start proc com.twitter.android for service com.twitter.android/.client.AppService: pid=19633 uid=10068 gids={3003, 1015}
06-14 04:13:41.294 19633 19633 I dalvikvm: Turning on JNI app bug workarounds for target SDK version 11...
06-14 04:13:41.431 19633 19633 I ActivityThread: Pub com.twitter.android.provider.GlobalDatabaseProvider: com.twitter.android.provider.GlobalDatabaseProvider
06-14 04:13:41.439 19633 19633 I ActivityThread: Pub com.twitter.android.provider.TwitterProvider: com.twitter.android.provider.TwitterProvider
06-14 04:13:41.521 19633 19635 D dalvikvm: GC_CONCURRENT freed 215K, 4% free 9268K/9607K, paused 2ms+3ms
06-14 04:13:41.825 19633 19635 D dalvikvm: GC_CONCURRENT freed 174K, 4% free 9497K/9799K, paused 2ms+2ms
06-14 04:13:41.982 19633 19635 D dalvikvm: GC_CONCURRENT freed 301K, 5% free 9625K/10055K, paused 2ms+1ms
06-14 04:13:42.111 19633 19635 D dalvikvm: GC_CONCURRENT freed 301K, 5% free 9755K/10183K, paused 2ms+2ms
06-14 04:13:42.240 19633 19635 D dalvikvm: GC_CONCURRENT freed 314K, 5% free 9888K/10311K, paused 1ms+1ms
06-14 04:13:42.365 19633 19635 D dalvikvm: GC_CONCURRENT freed 306K, 5% free 10020K/10439K, paused 1ms+2ms
06-14 04:13:42.486 19633 19635 D dalvikvm: GC_CONCURRENT freed 298K, 4% free 10147K/10567K, paused 1ms+2ms
06-14 04:13:42.611 19633 19635 D dalvikvm: GC_CONCURRENT freed 308K, 4% free 10281K/10695K, paused 1ms+2ms
06-14 04:13:42.806 19633 19635 D dalvikvm: GC_CONCURRENT freed 485K, 6% free 10223K/10823K, paused 6ms+2ms
06-14 04:13:42.935 19633 19635 D dalvikvm: GC_CONCURRENT freed 323K, 5% free 10298K/10823K, paused 3ms+2ms
06-14 04:13:43.083 19633 19635 D dalvikvm: GC_CONCURRENT freed 313K, 5% free 10385K/10823K, paused 2ms+4ms
06-14 04:13:43.228 19633 19635 D dalvikvm: GC_CONCURRENT freed 357K, 5% free 10471K/10951K, paused 1ms+2ms
06-14 04:13:43.361 19633 19635 D dalvikvm: GC_CONCURRENT freed 356K, 5% free 10555K/11015K, paused 1ms+1ms
06-14 04:13:43.490 19633 19635 D dalvikvm: GC_CONCURRENT freed 338K, 4% free 10639K/11079K, paused 2ms+2ms
06-14 04:13:43.634 18240 18240 D dalvikvm: GC_EXPLICIT freed 55K, 6% free 9129K/9671K, paused 8ms+8ms
06-14 04:13:43.650 19633 19635 D dalvikvm: GC_CONCURRENT freed 364K, 5% free 10725K/11207K, paused 6ms+2ms
06-14 04:13:43.790 19633 19635 D dalvikvm: GC_CONCURRENT freed 411K, 5% free 10821K/11335K, paused 1ms+2ms
06-14 04:13:45.349 19633 19635 D dalvikvm: GC_CONCURRENT freed 336K, 5% free 11004K/11463K, paused 2ms+2ms
06-14 04:13:48.775 12847 12847 D dalvikvm: GC_EXPLICIT freed 104K, 7% free 9973K/10631K, paused 37ms+3ms
06-14 04:14:08.884   142   368 I ActivityManager: Start proc com.google.android.apps.maps:LocationFriendService for service com.google.android.apps.maps/com.google.googlenav.friend.reporting.LocationReceiverService: pid=19651 uid=10057 gids={3003, 1015}
06-14 04:14:09.009   142   368 I ActivityManager: Process com.twitter.android (pid 19633) has died.
06-14 04:14:09.083 19651 19652 D dalvikvm: GC_CONCURRENT freed 173K, 3% free 9363K/9607K, paused 2ms+2ms
06-14 04:14:09.700 19651 19652 D dalvikvm: GC_CONCURRENT freed 188K, 3% free 9641K/9927K, paused 23ms+2ms
06-14 04:14:10.079 19651 19652 D dalvikvm: GC_CONCURRENT freed 205K, 3% free 9880K/10183K, paused 1ms+2ms
06-14 04:14:12.646   142 19664 I ActivityManager: Applications Memory Usage (kB):
06-14 04:14:12.646   142 19664 I ActivityManager: Uptime: 172017707 Realtime: 298914101
06-14 04:14:12.646   142 19664 I ActivityManager: Total PSS by OOM adjustment:
06-14 04:14:12.646   142 19664 I ActivityManager:     35289 kB: System
06-14 04:14:12.646   142 19664 I ActivityManager:                35289 kB: system (pid 142)
06-14 04:14:12.646   142 19664 I ActivityManager:     29002 kB: Persistent
06-14 04:14:12.646   142 19664 I ActivityManager:                12801 kB: com.android.systemui (pid 213)
06-14 04:14:12.646   142 19664 I ActivityManager:                12004 kB: com.android.phone (pid 342)
06-14 04:14:12.646   142 19664 I ActivityManager:                 4197 kB: com.android.nfc (pid 357)
06-14 04:14:12.646   142 19664 I ActivityManager:     31262 kB: Foreground
06-14 04:14:12.646   142 19664 I ActivityManager:                31262 kB: com.android.launcher (pid 27790)
06-14 04:14:12.646   142 19664 I ActivityManager:      2947 kB: Visible
06-14 04:14:12.646   142 19664 I ActivityManager:                 2947 kB: com.android.smspush (pid 428)
06-14 04:14:12.646   142 19664 I ActivityManager:     29921 kB: Perceptible
06-14 04:14:12.646   142 19664 I ActivityManager:                19634 kB: hr.podlanica (pid 959)
06-14 04:14:12.646   142 19664 I ActivityManager:                10287 kB: com.android.inputmethod.latin (pid 324)
06-14 04:14:12.646   142 19664 I ActivityManager:     26138 kB: A Services
06-14 04:14:12.646   142 19664 I ActivityManager:                 9832 kB: com.google.process.gapps (pid 12847)
06-14 04:14:12.646   142 19664 I ActivityManager:                 8958 kB: com.google.android.apps.maps:LocationFriendService (pid 19651)
06-14 04:14:12.646   142 19664 I ActivityManager:                 7348 kB: com.google.android.apps.maps:NetworkLocationService (pid 17870)
06-14 04:14:12.646   142 19664 I ActivityManager:     67702 kB: Previous
06-14 04:14:12.646   142 19664 I ActivityManager:                67702 kB: org.mozilla.firefox_beta (pid 16941)
06-14 04:14:12.646   142 19664 I ActivityManager:     19833 kB: B Services
06-14 04:14:12.646   142 19664 I ActivityManager:                 7190 kB: com.whatsapp (pid 19521)
06-14 04:14:12.646   142 19664 I ActivityManager:                 5464 kB: com.google.android.apps.googlevoice (pid 18445)
06-14 04:14:12.646   142 19664 I ActivityManager:                 4187 kB: edu.buffalo.cse.phonelab.phonelabservices (pid 18240)
06-14 04:14:12.646   142 19664 I ActivityManager:                 2992 kB: com.android.sprintmenu (pid 17720)
06-14 04:14:12.646   142 19664 I ActivityManager: 
06-14 04:14:12.646   142 19664 I ActivityManager: Total PSS: 242094 kB
06-14 04:14:12.646   142 19664 I ActivityManager:   PID      Vss      Rss      Pss      Uss  cmdline
06-14 04:14:12.646   142 19664 I ActivityManager: 16941   84532K   84444K   67803K   66588K  org.mozilla.firefox_beta
06-14 04:14:12.646   142 19664 I ActivityManager:   142   53620K   53556K   35297K   31552K  system_server
06-14 04:14:12.646   142 19664 I ActivityManager: 27790   49988K   49884K   31367K   28576K  com.android.launcher
06-14 04:14:12.646   142 19664 I ActivityManager:   959   33860K   33780K   19674K   18744K  hr.podlanica
06-14 04:14:12.646   142 19664 I ActivityManager:    79   24324K   21324K   13868K    7208K  /system/bin/surfaceflinger
06-14 04:14:12.646   142 19664 I ActivityManager:   213   32256K   32156K   12834K    8408K  com.android.systemui
06-14 04:14:12.646   142 19664 I ActivityManager:   342   27368K   27284K   12045K   11052K  com.android.phone
06-14 04:14:12.646   142 19664 I ActivityManager:   324   25216K   25128K   10334K    9384K  com.android.inputmethod.latin
06-14 04:14:12.646   142 19664 I ActivityManager: 12847   28184K   28100K    9834K    8320K  com.google.process.gapps
06-14 04:14:12.646   142 19664 I ActivityManager: 19651   29376K   29320K    9239K    6824K  com.google.android.apps.maps:LocationFriendService
06-14 04:14:12.646   142 19664 I ActivityManager: 17870   26288K   26196K    7393K    5656K  com.google.android.apps.maps:NetworkLocationService
06-14 04:14:12.646   142 19664 I ActivityManager: 19521   27464K   27396K    7225K    4876K  com.whatsapp
06-14 04:14:12.646   142 19664 I ActivityManager: 18445   24716K   24616K    5511K    3924K  com.google.android.apps.googlevoice
06-14 04:14:12.646   142 19664 I ActivityManager:   357   19332K   19236K    4241K    3276K  com.android.nfc
06-14 04:14:12.646   142 19664 I ActivityManager: 18240   23180K   23084K    4231K    2668K  edu.buffalo.cse.phonelab.phonelabservices
06-14 04:14:12.646   142 19664 I ActivityManager: 18802   18056K   17952K    3509K    2544K  com.spotify.mobile.android.ui
06-14 04:14:12.646   142 19664 I ActivityManager: 17720   21660K   21556K    3041K    1568K  com.android.sprintmenu
06-14 04:14:12.646   142 19664 I ActivityManager:   428   18492K   18380K    3017K    1928K  com.android.smspush
06-14 04:14:12.646   142 19664 I ActivityManager:    80   18712K   18584K    2299K    1036K  zygote
06-14 04:14:12.646   142 19664 I ActivityManager:    82    2244K    2244K    1959K    1936K  /system/bin/mediaserver
06-14 04:14:12.646   142 19664 I ActivityManager:    81    1088K    1088K     884K     876K  /system/bin/drmserver
06-14 04:14:12.646   142 19664 I ActivityManager:    78     972K     972K     683K     664K  /system/bin/rild
06-14 04:14:12.646   142 19664 I ActivityManager: 19674     732K     724K     561K     524K  procrank
06-14 04:14:12.646   142 19664 I ActivityManager: 27718     668K     664K     525K     520K  logcat
06-14 04:14:12.646   142 19664 I ActivityManager:    88     436K     436K     420K     420K  /sbin/adbd
06-14 04:14:12.646   142 19664 I ActivityManager:  8348     576K     572K     419K     412K  /system/bin/wpa_supplicant
06-14 04:14:12.646   142 19664 I ActivityManager: 15466     608K     608K     406K     384K  /system/bin/netd
06-14 04:14:12.646   142 19664 I ActivityManager:   298     388K     388K     302K     300K  /system/bin/bluetoothd
06-14 04:14:12.646   142 19664 I ActivityManager:    73     436K     432K     296K     288K  /system/bin/vold
06-14 04:14:12.646   142 19664 I ActivityManager:    86     472K     468K     283K     276K  /system/vendor/bin/gpsd
06-14 04:14:12.646   142 19664 I ActivityManager:    85     392K     356K     247K     244K  /system/bin/keystore
06-14 04:14:12.646   142 19664 I ActivityManager: 14741     348K     344K     190K     184K  /system/bin/dhcpcd
06-14 04:14:12.646   142 19664 I ActivityManager:    83     276K     268K     186K     184K  /system/bin/dbus-daemon
06-14 04:14:12.646   142 19664 I ActivityManager:     1     204K     204K     138K     100K  /init
06-14 04:14:12.646   142 19664 I ActivityManager:   200     204K     196K     133K     132K  /system/bin/brcm_patchram_plus
06-14 04:14:12.646   142 19664 I ActivityManager: 19608     284K     276K     127K      92K  /system/bin/debuggerd
06-14 04:14:12.646   142 19664 I ActivityManager:    84     248K     240K     123K     120K  /system/bin/installd
06-14 04:14:12.646   142 19664 I ActivityManager:    61     160K     160K     122K      84K  /sbin/ueventd
06-14 04:14:12.646   142 19664 I ActivityManager:    87     172K     168K     105K     104K  /system/bin/sh
06-14 04:14:12.646   142 19664 I ActivityManager:    72     180K     172K      94K      92K  /system/bin/servicemanager
06-14 04:14:12.646   142 19664 I ActivityManager:                           ------   ------  ------
06-14 04:14:12.646   142 19664 I ActivityManager:                          270987K  232068K  TOTAL
06-14 04:14:12.646   142 19664 I ActivityManager: RA
06-14 04:14:16.622   357   357 D dalvikvm: GC_EXPLICIT freed <1K, 6% free 9100K/9607K, paused 27ms+2ms
06-14 04:14:21.654   959   959 D dalvikvm: GC_EXPLICIT freed 198K, 21% free 11693K/14663K, paused 22ms+3ms
06-14 04:14:26.638 27790 27790 D dalvikvm: GC_EXPLICIT freed 72K, 36% free 11631K/17991K, paused 26ms+2ms
06-14 04:14:31.740   142   158 D dalvikvm: GC_EXPLICIT freed 1648K, 23% free 19076K/24647K, paused 45ms+9ms
06-14 04:14:36.646   213   213 D dalvikvm: GC_EXPLICIT freed 12K, 59% free 9685K/23239K, paused 28ms+4ms
06-14 04:14:41.665   342   342 D dalvikvm: GC_EXPLICIT freed 3K, 16% free 12088K/14343K, paused 5ms+3ms
06-14 04:14:46.646   428   428 D dalvikvm: GC_EXPLICIT freed <1K, 4% free 9037K/9347K, paused 22ms+2ms
06-14 04:14:51.657   324   324 D dalvikvm: GC_EXPLICIT freed <1K, 20% free 10618K/13191K, paused 28ms+3ms
06-14 04:14:56.583 16941 16941 E GeckoApp: low memory
06-14 04:14:56.654 16941 16941 D dalvikvm: GC_EXPLICIT freed 2K, 22% free 10500K/13319K, paused 27ms+3ms
06-14 04:15:03.189   142   159 I ActivityManager: Start proc com.facebook.orca for broadcast com.facebook.orca/.analytics.AnalyticsPeriodicReporter$ReporterBroadcastReceiver: pid=19676 uid=10061 gids={3003, 1015, 1006}
06-14 04:15:03.193 19676 19676 I dalvikvm: Turning on JNI app bug workarounds for target SDK version 10...
06-14 04:15:03.365 19676 19676 I ActivityThread: Pub com.facebook.orca.notify.MessengerLoggedInUserProvider: com.facebook.orca.notify.MessengerLoggedInUserProvider
06-14 04:15:03.400 19676 19676 I ActivityThread: Pub com.facebook.orca.notify.MessengerForegroundProvider: com.facebook.orca.notify.MessengerForegroundProvider
06-14 04:15:03.419 19676 19676 V orca:OrcaApplication: Forcing initialization of AsyncTask
06-14 04:15:03.517 19676 19678 D dalvikvm: GC_CONCURRENT freed 229K, 4% free 9307K/9607K, paused 1ms+4ms
06-14 04:15:03.525 19676 19676 I Finalizer: Couldn't access Thread.inheritableThreadLocals. Reference finalizer threads will inherit thread local values.
06-14 04:15:03.712 19676 19678 D dalvikvm: GC_CONCURRENT freed 357K, 5% free 9460K/9927K, paused 2ms+2ms
06-14 04:15:03.861 19676 19676 W OrcaGuiceModule: Sig: ijxLJi1yGs1JpL-X1SExmchvork
06-14 04:15:03.900   142   919 I ActivityManager: Process com.google.android.apps.maps:LocationFriendService (pid 19651) has died.
06-14 04:15:03.982 19676 19678 D dalvikvm: GC_CONCURRENT freed 282K, 4% free 9614K/9991K, paused 8ms+2ms
06-14 04:15:04.345 19676 19691 W Resources: Converting to string: TypedValue{t=0x10/d=0xffffffff a=-1}
06-14 04:15:04.536 19676 19678 D dalvikvm: GC_CONCURRENT freed 314K, 4% free 9861K/10247K, paused 3ms+3ms
06-14 04:15:04.622 19676 19676 D ACRA    : Retrieve application default SharedPreferences.
06-14 04:15:04.622 19676 19676 D ACRA    : Set OnSharedPreferenceChangeListener.
06-14 04:15:04.622 19676 19676 D ACRA    : ACRA is enabled for com.facebook.orca, intializing...
06-14 04:15:04.642 19676 19678 D dalvikvm: GC_CONCURRENT freed 324K, 4% free 10105K/10503K, paused 2ms+8ms
06-14 04:15:04.689 19676 19691 D dalvikvm: GC_FOR_ALLOC freed 265K, 5% free 10208K/10695K, paused 22ms
06-14 04:15:04.700 19676 19676 D ACRA    : Looking for error files in /data/data/com.facebook.orca/app_acra-reports
06-14 04:15:04.767 19676 19691 D dalvikvm: GC_FOR_ALLOC freed 290K, 5% free 10298K/10823K, paused 23ms
06-14 04:15:04.872   142   370 I ActivityManager: Process com.facebook.orca (pid 19676) has died.
06-14 04:15:09.044   142   921 I ActivityManager: Start proc com.google.android.apps.maps:LocationFriendService for service com.google.android.apps.maps/com.google.googlenav.friend.reporting.LocationReceiverService: pid=19696 uid=10057 gids={3003, 1015}
06-14 04:15:09.087    80    80 D dalvikvm: GC_EXPLICIT freed 38K, 4% free 9031K/9347K, paused 1ms+4ms
06-14 04:15:09.161    80    80 D dalvikvm: GC_EXPLICIT freed <1K, 4% free 9031K/9347K, paused 2ms+2ms
06-14 04:15:09.216    80    80 D dalvikvm: GC_EXPLICIT freed <1K, 4% free 9031K/9347K, paused 2ms+6ms
06-14 04:15:09.294 19696 19699 D dalvikvm: GC_CONCURRENT freed 178K, 3% free 9358K/9607K, paused 2ms+2ms
06-14 04:15:09.384 17870 17872 D dalvikvm: GC_CONCURRENT freed 471K, 6% free 10401K/11015K, paused 7ms+105ms
06-14 04:15:09.536   142   153 I ActivityManager: Process com.android.sprintmenu (pid 17720) has died.
06-14 04:15:09.536   142   153 W ActivityManager: Scheduling restart of crashed service com.android.sprintmenu/.HiddenPhoneService in 5000ms
06-14 04:15:09.615 19696 19699 D dalvikvm: GC_CONCURRENT freed 196K, 3% free 9733K/9991K, paused 2ms+3ms
06-14 04:15:09.931 19696 19699 D dalvikvm: GC_CONCURRENT freed 332K, 5% free 9947K/10375K, paused 2ms+3ms
06-14 04:15:13.454 18240 18253 I PhoneLab-: Service Running
06-14 04:15:13.572 18240 18253 I PhoneLab-LoggerService: app_38    27718 1     1112   664   c00f181c 400107b4 S logcat
06-14 04:15:13.572 18240 18253 I PhoneLab-LoggerService: Logcat pid from database 27718
06-14 04:15:13.572 18240 18253 I PhoneLab-LoggerService: Logcat process found 27718
06-14 04:15:13.572 18240 18253 I PhoneLab-LoggerService: Checking Threshold
06-14 04:15:13.954   142   197 D DhcpInfoInternal: makeLinkProperties with empty dns2!
06-14 04:15:13.954   142   197 D DhcpInfoInternal: makeLinkProperties with empty dns2!
06-14 04:15:14.572   142   159 I ActivityManager: Start proc com.android.sprintmenu for service com.android.sprintmenu/.HiddenPhoneService: pid=19739 uid=1001 gids={3002, 3001, 3003, 1015}
06-14 04:15:14.669   142   294 I ActivityManager: Process com.google.android.apps.maps:LocationFriendService (pid 19696) has died.
06-14 04:15:19.775   357   357 D dalvikvm: GC_EXPLICIT freed <1K, 6% free 9100K/9607K, paused 27ms+2ms
06-14 04:15:24.775   959   959 D dalvikvm: GC_EXPLICIT freed 115K, 21% free 11681K/14663K, paused 16ms+3ms
06-14 04:15:29.786 27790 27790 D dalvikvm: GC_EXPLICIT freed 51K, 36% free 11631K/17991K, paused 30ms+2ms
06-14 04:15:34.837   142   158 D dalvikvm: GC_EXPLICIT freed 783K, 23% free 19057K/24647K, paused 31ms+10ms
06-14 04:15:39.790   213   213 D dalvikvm: GC_EXPLICIT freed 8K, 59% free 9684K/23239K, paused 22ms+4ms
06-14 04:15:44.806 12847 12847 D dalvikvm: GC_EXPLICIT freed 34K, 7% free 9979K/10631K, paused 38ms+2ms
06-14 04:15:49.818   342   342 D dalvikvm: GC_EXPLICIT freed 2K, 16% free 12088K/14343K, paused 26ms+4ms
06-14 04:15:54.822   428   428 D dalvikvm: GC_EXPLICIT freed <1K, 4% free 9037K/9347K, paused 25ms+2ms
06-14 04:15:59.818   324   324 D dalvikvm: GC_EXPLICIT freed <1K, 20% free 10618K/13191K, paused 25ms+3ms
06-14 04:16:05.079 16941 16941 E GeckoApp: low memory
06-14 04:16:05.111 16941 16941 D dalvikvm: GC_EXPLICIT freed 2K, 22% free 10500K/13319K, paused 2ms+4ms
06-14 04:16:09.068   142   142 I ActivityManager: Start proc com.google.android.apps.maps:LocationFriendService for service com.google.android.apps.maps/com.google.googlenav.friend.reporting.LocationReceiverService: pid=19755 uid=10057 gids={3003, 1015}
06-14 04:16:09.193 19755 19758 D dalvikvm: GC_CONCURRENT freed 156K, 3% free 9380K/9607K, paused 2ms+1ms
06-14 04:16:09.368 19755 19758 D dalvikvm: GC_CONCURRENT freed 161K, 3% free 9701K/9991K, paused 2ms+5ms
06-14 04:16:09.630 19755 19762 I dalvikvm: Total arena pages for JIT: 11
06-14 04:16:09.634 19755 19762 I dalvikvm: Total arena pages for JIT: 12
06-14 04:16:09.634 19755 19762 I dalvikvm: Total arena pages for JIT: 13
06-14 04:16:09.634 19755 19762 I dalvikvm: Total arena pages for JIT: 14
06-14 04:16:09.638 19755 19762 I dalvikvm: Total arena pages for JIT: 15
06-14 04:16:09.638 19755 19762 I dalvikvm: Total arena pages for JIT: 16
06-14 04:16:09.638 19755 19762 I dalvikvm: Total arena pages for JIT: 17
06-14 04:16:09.677 19755 19758 D dalvikvm: GC_CONCURRENT freed 316K, 4% free 9920K/10311K, paused 2ms+2ms
06-14 04:16:09.802   142   154 I ActivityManager: Process com.google.android.apps.maps:LocationFriendService (pid 19755) has died.
06-14 04:16:14.935   357   357 D dalvikvm: GC_EXPLICIT freed <1K, 6% free 9100K/9607K, paused 25ms+2ms
06-14 04:16:24.197   959   959 D dalvikvm: GC_EXPLICIT freed 103K, 21% free 11681K/14663K, paused 2ms+3ms
06-14 04:16:29.279 27790 27790 D dalvikvm: GC_EXPLICIT freed 21K, 36% free 11631K/17991K, paused 28ms+3ms
06-14 04:16:34.345   142   158 D dalvikvm: GC_EXPLICIT freed 307K, 23% free 19045K/24647K, paused 39ms+8ms
06-14 04:16:39.286   213   213 D dalvikvm: GC_EXPLICIT freed 4K, 59% free 9684K/23239K, paused 27ms+3ms
06-14 04:16:44.290   342   342 D dalvikvm: GC_EXPLICIT freed 1K, 16% free 12088K/14343K, paused 25ms+3ms
06-14 04:16:49.267   428   428 D dalvikvm: GC_EXPLICIT freed <1K, 4% free 9037K/9347K, paused 20ms+2ms
06-14 04:16:54.314   324   324 D dalvikvm: GC_EXPLICIT freed <1K, 20% free 10618K/13191K, paused 25ms+3ms
06-14 04:16:59.208 16941 16941 E GeckoApp: low memory
06-14 04:16:59.294 16941 16941 D dalvikvm: GC_EXPLICIT freed <1K, 22% free 10500K/13319K, paused 5ms+4ms
06-14 04:17:04.622   142   159 I ActivityManager: Start proc com.facebook.orca for broadcast com.facebook.orca/.analytics.AnalyticsPeriodicReporter$ReporterBroadcastReceiver: pid=19779 uid=10061 gids={3003, 1015, 1006}
06-14 04:17:04.661 19779 19779 I dalvikvm: Turning on JNI app bug workarounds for target SDK version 10...
06-14 04:17:04.771 19779 19779 I ActivityThread: Pub com.facebook.orca.notify.MessengerLoggedInUserProvider: com.facebook.orca.notify.MessengerLoggedInUserProvider
06-14 04:17:04.775 19779 19779 I ActivityThread: Pub com.facebook.orca.notify.MessengerForegroundProvider: com.facebook.orca.notify.MessengerForegroundProvider
06-14 04:17:04.779 19779 19779 V orca:OrcaApplication: Forcing initialization of AsyncTask
06-14 04:17:04.865 19779 19782 D dalvikvm: GC_CONCURRENT freed 222K, 4% free 9313K/9607K, paused 2ms+7ms
06-14 04:17:04.868 19779 19779 I Finalizer: Couldn't access Thread.inheritableThreadLocals. Reference finalizer threads will inherit thread local values.
06-14 04:17:05.013 19779 19782 D dalvikvm: GC_CONCURRENT freed 367K, 5% free 9434K/9927K, paused 1ms+2ms
06-14 04:17:05.087 19779 19779 W OrcaGuiceModule: Sig: ijxLJi1yGs1JpL-X1SExmchvork
06-14 04:17:05.169 19779 19782 D dalvikvm: GC_CONCURRENT freed 257K, 4% free 9621K/9991K, paused 5ms+2ms
06-14 04:17:05.400 19779 19794 W Resources: Converting to string: TypedValue{t=0x10/d=0xffffffff a=-1}
06-14 04:17:05.540 19779 19782 D dalvikvm: GC_CONCURRENT freed 327K, 4% free 9849K/10247K, paused 2ms+5ms
06-14 04:17:05.599 19779 19779 D ACRA    : Retrieve application default SharedPreferences.
06-14 04:17:05.599 19779 19779 D ACRA    : Set OnSharedPreferenceChangeListener.
06-14 04:17:05.599 19779 19779 D ACRA    : ACRA is enabled for com.facebook.orca, intializing...
06-14 04:17:05.634 19779 19779 D ACRA    : Looking for error files in /data/data/com.facebook.orca/app_acra-reports
06-14 04:17:05.673 19779 19782 D dalvikvm: GC_CONCURRENT freed 287K, 4% free 10079K/10439K, paused 2ms+3ms
06-14 04:17:05.681   142   918 I ActivityManager: Process com.facebook.orca (pid 19779) has died.
06-14 04:17:07.853 17870 17890 D dalvikvm: GC_EXPLICIT freed 249K, 6% free 10392K/11015K, paused 49ms+2ms
06-14 04:17:07.939   142   368 D dalvikvm: GC_EXPLICIT freed 236K, 23% free 19042K/24647K, paused 3ms+9ms
06-14 04:17:09.224   142   154 I ActivityManager: Start proc com.google.android.apps.maps:LocationFriendService for service com.google.android.apps.maps/com.google.googlenav.friend.reporting.LocationReceiverService: pid=19798 uid=10057 gids={3003, 1015}
06-14 04:17:09.341 19798 19801 D dalvikvm: GC_CONCURRENT freed 161K, 3% free 9375K/9607K, paused 2ms+2ms
06-14 04:17:09.529 19798 19801 D dalvikvm: GC_CONCURRENT freed 197K, 3% free 9722K/9991K, paused 1ms+3ms
06-14 04:17:09.720 19798 19801 D dalvikvm: GC_CONCURRENT freed 306K, 4% free 9932K/10311K, paused 2ms+3ms
06-14 04:17:13.450 18240 18253 I PhoneLab-: Service Running
06-14 04:17:13.544 18240 18253 I PhoneLab-LoggerService: app_38    27718 1     1112   664   c00f181c 400107b4 S logcat
06-14 04:17:13.548 18240 18253 I PhoneLab-LoggerService: Logcat pid from database 27718
06-14 04:17:13.548 18240 18253 I PhoneLab-LoggerService: Logcat process found 27718
06-14 04:17:13.548 18240 18253 I PhoneLab-LoggerService: Checking Threshold
06-14 04:17:14.247 17870 17870 D dalvikvm: GC_EXPLICIT freed 238K, 6% free 10391K/11015K, paused 42ms+2ms
06-14 04:17:19.263 18445 18445 D dalvikvm: GC_EXPLICIT freed <1K, 6% free 9716K/10247K, paused 24ms+2ms
06-14 04:17:24.255 18240 18240 D dalvikvm: GC_EXPLICIT freed 96K, 6% free 9130K/9671K, paused 27ms+2ms
06-14 04:17:29.361 19521 19521 D dalvikvm: GC_EXPLICIT freed 19K, 7% free 9849K/10503K, paused 22ms+3ms
06-14 04:17:34.286 12847 12847 D dalvikvm: GC_EXPLICIT freed 47K, 7% free 9979K/10631K, paused 31ms+3ms
06-14 04:17:38.271   142   154 I ActivityManager: Process com.google.android.apps.maps:LocationFriendService (pid 19798) has died.
06-14 04:17:38.853   142   197 D DhcpInfoInternal: makeLinkProperties with empty dns2!
06-14 04:17:38.861   142   197 D DhcpInfoInternal: makeLinkProperties with empty dns2!
06-14 04:17:43.376   357   357 D dalvikvm: GC_EXPLICIT freed <1K, 6% free 9100K/9607K, paused 4ms+3ms
06-14 04:17:48.407   959   959 D dalvikvm: GC_EXPLICIT freed 135K, 21% free 11686K/14663K, paused 24ms+3ms
06-14 04:17:53.419 27790 27790 D dalvikvm: GC_EXPLICIT freed 31K, 36% free 11631K/17991K, paused 36ms+3ms
06-14 04:17:58.478   142   158 D dalvikvm: GC_EXPLICIT freed 268K, 23% free 19040K/24647K, paused 36ms+10ms
06-14 04:18:05.122   213   213 D dalvikvm: GC_EXPLICIT freed 11K, 59% free 9685K/23239K, paused 4ms+3ms
06-14 04:18:09.306   142   142 I ActivityManager: Start proc com.google.android.apps.maps:LocationFriendService for service com.google.android.apps.maps/com.google.googlenav.friend.reporting.LocationReceiverService: pid=19840 uid=10057 gids={3003, 1015}
06-14 04:18:09.427 19840 19843 D dalvikvm: GC_CONCURRENT freed 163K, 3% free 9373K/9607K, paused 2ms+2ms
06-14 04:18:09.630 19840 19843 D dalvikvm: GC_CONCURRENT freed 190K, 3% free 9717K/9991K, paused 2ms+3ms
06-14 04:18:09.845 19840 19843 D dalvikvm: GC_CONCURRENT freed 294K, 4% free 9930K/10311K, paused 2ms+7ms
06-14 04:18:14.322   342   342 D dalvikvm: GC_EXPLICIT freed 3K, 16% free 12088K/14343K, paused 26ms+3ms
06-14 04:18:19.310   428   428 D dalvikvm: GC_EXPLICIT freed <1K, 4% free 9037K/9347K, paused 20ms+2ms
06-14 04:18:24.329   324   324 D dalvikvm: GC_EXPLICIT freed <1K, 20% free 10618K/13191K, paused 28ms+3ms
06-14 04:18:33.134 19739 19739 D dalvikvm: GC_EXPLICIT freed 42K, 4% free 9056K/9347K, paused 25ms+2ms
06-14 04:18:38.040 16941 16941 E GeckoApp: low memory
06-14 04:18:38.134 16941 16941 D dalvikvm: GC_EXPLICIT freed 3K, 22% free 10500K/13319K, paused 4ms+4ms
06-14 04:18:43.154 17870 17870 D dalvikvm: GC_EXPLICIT freed 246K, 6% free 10393K/11015K, paused 28ms+3ms
06-14 04:18:46.466   142   172 I ActivityManager: Start proc com.twitter.android for service com.twitter.android/.client.AppService: pid=19863 uid=10068 gids={3003, 1015}
06-14 04:18:46.486 19863 19863 I dalvikvm: Turning on JNI app bug workarounds for target SDK version 11...
06-14 04:18:46.497   142   921 I ActivityManager: Process com.google.android.apps.maps:NetworkLocationService (pid 17870) has died.
06-14 04:18:46.501   142   921 W ActivityManager: Scheduling restart of crashed service com.google.android.apps.maps/com.google.android.location.internal.server.NetworkLocationService in 5000ms
06-14 04:18:46.603 19863 19863 I ActivityThread: Pub com.twitter.android.provider.GlobalDatabaseProvider: com.twitter.android.provider.GlobalDatabaseProvider
06-14 04:18:46.611 19863 19863 I ActivityThread: Pub com.twitter.android.provider.TwitterProvider: com.twitter.android.provider.TwitterProvider
06-14 04:18:46.700 19863 19865 D dalvikvm: GC_CONCURRENT freed 208K, 4% free 9266K/9607K, paused 2ms+2ms
06-14 04:18:46.950 19863 19865 D dalvikvm: GC_CONCURRENT freed 174K, 4% free 9494K/9799K, paused 1ms+2ms
06-14 04:18:47.095 19863 19865 D dalvikvm: GC_CONCURRENT freed 315K, 5% free 9634K/10055K, paused 2ms+2ms
06-14 04:18:47.220 19863 19865 D dalvikvm: GC_CONCURRENT freed 305K, 5% free 9761K/10183K, paused 2ms+3ms
06-14 04:18:47.341 19863 19865 D dalvikvm: GC_CONCURRENT freed 306K, 5% free 9892K/10311K, paused 1ms+2ms
06-14 04:18:47.458 19863 19865 D dalvikvm: GC_CONCURRENT freed 298K, 5% free 10018K/10439K, paused 2ms+1ms
06-14 04:18:47.579 19863 19865 D dalvikvm: GC_CONCURRENT freed 305K, 4% free 10154K/10567K, paused 1ms+2ms
06-14 04:18:47.704 19863 19865 D dalvikvm: GC_CONCURRENT freed 302K, 4% free 10282K/10695K, paused 3ms+1ms
06-14 04:18:47.857 19863 19865 D dalvikvm: GC_CONCURRENT freed 484K, 6% free 10224K/10823K, paused 3ms+3ms
06-14 04:18:47.978 19863 19865 D dalvikvm: GC_CONCURRENT freed 328K, 5% free 10300K/10823K, paused 2ms+2ms
06-14 04:18:48.126 19863 19865 D dalvikvm: GC_CONCURRENT freed 325K, 5% free 10389K/10823K, paused 1ms+2ms
06-14 04:18:48.263 19863 19865 D dalvikvm: GC_CONCURRENT freed 371K, 5% free 10477K/10951K, paused 1ms+2ms
06-14 04:18:48.380 19863 19865 D dalvikvm: GC_CONCURRENT freed 345K, 5% free 10557K/11015K, paused 1ms+2ms
06-14 04:18:48.505 19863 19865 D dalvikvm: GC_CONCURRENT freed 317K, 4% free 10638K/11079K, paused 2ms+2ms
06-14 04:18:48.630 19863 19865 D dalvikvm: GC_CONCURRENT freed 368K, 5% free 10725K/11207K, paused 2ms+2ms
06-14 04:18:48.763 19863 19865 D dalvikvm: GC_CONCURRENT freed 407K, 5% free 10821K/11335K, paused 2ms+2ms
06-14 04:18:48.798   142   602 I ActivityManager: Process com.google.android.apps.maps:LocationFriendService (pid 19840) has died.
06-14 04:18:50.177 19863 19865 D dalvikvm: GC_CONCURRENT freed 335K, 4% free 11005K/11463K, paused 2ms+2ms
06-14 04:18:51.540   142   159 I ActivityManager: Start proc com.google.android.apps.maps:NetworkLocationService for service com.google.android.apps.maps/com.google.android.location.internal.server.NetworkLocationService: pid=19881 uid=10057 gids={3003, 1015}
06-14 04:18:51.669 19881 19884 D dalvikvm: GC_CONCURRENT freed 168K, 3% free 9368K/9607K, paused 2ms+4ms
06-14 04:18:52.025 19881 19884 D dalvikvm: GC_CONCURRENT freed 156K, 3% free 9686K/9927K, paused 5ms+2ms
06-14 04:18:52.294   142   919 I ActivityManager: Process com.twitter.android (pid 19863) has died.
06-14 04:18:52.372 19881 19884 D dalvikvm: GC_CONCURRENT freed 174K, 3% free 10066K/10311K, paused 4ms+3ms
06-14 04:18:52.548 19881 19884 D dalvikvm: GC_CONCURRENT freed 663K, 8% free 9881K/10631K, paused 1ms+2ms
06-14 04:18:52.626   142   159 I ActivityManager: Start proc com.google.android.apps.maps:FriendService for broadcast com.google.android.apps.maps/com.google.googlenav.friend.android.ServiceReceiver: pid=19904 uid=10057 gids={3003, 1015}
06-14 04:18:52.747 19904 19907 D dalvikvm: GC_CONCURRENT freed 171K, 3% free 9365K/9607K, paused 2ms+2ms
06-14 04:18:52.884 19904 19907 D dalvikvm: GC_CONCURRENT freed 184K, 3% free 9647K/9927K, paused 2ms+2ms
06-14 04:18:52.950   142   368 I ActivityManager: Start proc com.google.android.apps.maps:LocationFriendService for broadcast com.google.android.apps.maps/com.google.googlenav.friend.reporting.LocationReportingIntentReceiver: pid=19917 uid=10057 gids={3003, 1015}
06-14 04:18:53.072 19917 19919 D dalvikvm: GC_CONCURRENT freed 173K, 3% free 9363K/9607K, paused 2ms+2ms
06-14 04:18:53.189   142   366 I ActivityManager: Process com.google.android.apps.maps:FriendService (pid 19904) has died.
06-14 04:18:53.240 19917 19919 D dalvikvm: GC_CONCURRENT freed 201K, 4% free 9654K/9991K, paused 2ms+2ms
06-14 04:18:53.271 19881 19888 I dalvikvm: Total arena pages for JIT: 11
06-14 04:18:53.275 19881 19888 I dalvikvm: Total arena pages for JIT: 12
06-14 04:18:53.275 19881 19888 I dalvikvm: Total arena pages for JIT: 13
06-14 04:18:53.275 19881 19888 I dalvikvm: Total arena pages for JIT: 14
06-14 04:18:53.279 19881 19888 I dalvikvm: Total arena pages for JIT: 15
06-14 04:18:53.279 19881 19888 I dalvikvm: Total arena pages for JIT: 16
06-14 04:18:53.279 19881 19888 I dalvikvm: Total arena pages for JIT: 17
06-14 04:18:53.466 19881 19888 I dalvikvm: Total arena pages for JIT: 18
06-14 04:18:53.525 19917 19919 D dalvikvm: GC_CONCURRENT freed 264K, 4% free 9881K/10247K, paused 2ms+3ms
06-14 04:18:53.700 19881 19884 D dalvikvm: GC_CONCURRENT freed 198K, 5% free 10172K/10631K, paused 4ms+3ms
06-14 04:18:55.068 19881 19884 D dalvikvm: GC_CONCURRENT freed 380K, 5% free 10270K/10759K, paused 1ms+2ms
06-14 04:19:05.095   357   357 D dalvikvm: GC_EXPLICIT freed <1K, 6% free 9100K/9607K, paused 2ms+2ms
06-14 04:19:05.622   142   159 I ActivityManager: Start proc com.facebook.orca for broadcast com.facebook.orca/.analytics.AnalyticsPeriodicReporter$ReporterBroadcastReceiver: pid=19940 uid=10061 gids={3003, 1015, 1006}
06-14 04:19:05.654 19940 19940 I dalvikvm: Turning on JNI app bug workarounds for target SDK version 10...
06-14 04:19:05.755 19940 19940 I ActivityThread: Pub com.facebook.orca.notify.MessengerLoggedInUserProvider: com.facebook.orca.notify.MessengerLoggedInUserProvider
06-14 04:19:05.755 19940 19940 I ActivityThread: Pub com.facebook.orca.notify.MessengerForegroundProvider: com.facebook.orca.notify.MessengerForegroundProvider
06-14 04:19:05.763 19940 19940 V orca:OrcaApplication: Forcing initialization of AsyncTask
06-14 04:19:05.775   142   918 I ActivityManager: Process com.google.android.apps.maps:LocationFriendService (pid 19917) has died.
06-14 04:19:05.845 19940 19942 D dalvikvm: GC_CONCURRENT freed 230K, 4% free 9306K/9607K, paused 2ms+2ms
06-14 04:19:05.857 19940 19940 I Finalizer: Couldn't access Thread.inheritableThreadLocals. Reference finalizer threads will inherit thread local values.
06-14 04:19:05.993 19940 19942 D dalvikvm: GC_CONCURRENT freed 356K, 5% free 9462K/9927K, paused 2ms+2ms
06-14 04:19:06.060 19940 19940 W OrcaGuiceModule: Sig: ijxLJi1yGs1JpL-X1SExmchvork
06-14 04:19:06.122 19940 19942 D dalvikvm: GC_CONCURRENT freed 291K, 4% free 9617K/9991K, paused 2ms+2ms
06-14 04:19:06.216 19940 19956 W Resources: Converting to string: TypedValue{t=0x10/d=0xffffffff a=-1}
06-14 04:19:06.322 19940 19942 D dalvikvm: GC_CONCURRENT freed 326K, 4% free 9850K/10247K, paused 2ms+2ms
06-14 04:19:06.380 19940 19940 D ACRA    : Retrieve application default SharedPreferences.
06-14 04:19:06.380 19940 19940 D ACRA    : Set OnSharedPreferenceChangeListener.
06-14 04:19:06.380 19940 19940 D ACRA    : ACRA is enabled for com.facebook.orca, intializing...
06-14 04:19:06.415 19940 19940 D ACRA    : Looking for error files in /data/data/com.facebook.orca/app_acra-reports
06-14 04:19:06.450 19940 19942 D dalvikvm: GC_CONCURRENT freed 294K, 4% free 10070K/10439K, paused 2ms+2ms
06-14 04:19:06.478 19940 19956 D dalvikvm: GC_FOR_ALLOC freed 220K, 6% free 10116K/10695K, paused 20ms
06-14 04:19:06.532 19940 19956 D dalvikvm: GC_FOR_ALLOC freed 124K, 5% free 10220K/10695K, paused 20ms
06-14 04:19:06.568   142   153 I ActivityManager: Process com.facebook.orca (pid 19940) has died.
06-14 04:19:11.681   959   959 D dalvikvm: GC_EXPLICIT freed 148K, 21% free 11687K/14663K, paused 24ms+3ms
06-14 04:19:13.454 18240 18253 I PhoneLab-: Service Running
06-14 04:19:13.564 18240 18253 I PhoneLab-LoggerService: app_38    27718 1     1112   664   c00f181c 400107b4 S logcat
06-14 04:19:13.564 18240 18253 I PhoneLab-LoggerService: Logcat pid from database 27718
06-14 04:19:13.564 18240 18253 I PhoneLab-LoggerService: Logcat process found 27718
06-14 04:19:13.564 18240 18253 I PhoneLab-LoggerService: Checking Threshold
06-14 04:19:16.700 27790 27790 D dalvikvm: GC_EXPLICIT freed 72K, 36% free 11631K/17991K, paused 5ms+3ms
06-14 04:19:23.224   142   158 D dalvikvm: GC_EXPLICIT freed 1236K, 23% free 19080K/24647K, paused 41ms+11ms
06-14 04:19:28.154   213   213 D dalvikvm: GC_EXPLICIT freed 12K, 59% free 9684K/23239K, paused 26ms+3ms
06-14 04:19:33.173   342   342 D dalvikvm: GC_EXPLICIT freed 7K, 16% free 12088K/14343K, paused 4ms+5ms
06-14 04:19:38.142   428   428 D dalvikvm: GC_EXPLICIT freed <1K, 4% free 9037K/9347K, paused 25ms+2ms
06-14 04:19:43.161   324   324 D dalvikvm: GC_EXPLICIT freed <1K, 20% free 10618K/13191K, paused 24ms+3ms
06-14 04:19:48.157 19739 19739 D dalvikvm: GC_EXPLICIT freed 1K, 4% free 9055K/9347K, paused 27ms+2ms
06-14 04:19:56.474   142   421 I ActivityManager: Start proc com.google.android.apps.maps:LocationFriendService for service com.google.android.apps.maps/com.google.googlenav.friend.reporting.LocationReceiverService: pid=19962 uid=10057 gids={3003, 1015}
06-14 04:19:56.497    80    80 D dalvikvm: GC_EXPLICIT freed 38K, 4% free 9031K/9347K, paused 2ms+2ms
06-14 04:19:56.556    80    80 D dalvikvm: GC_EXPLICIT freed <1K, 4% free 9031K/9347K, paused 3ms+2ms
06-14 04:19:56.599    80    80 D dalvikvm: GC_EXPLICIT freed <1K, 4% free 9031K/9347K, paused 1ms+6ms
06-14 04:19:56.657 19962 19965 D dalvikvm: GC_CONCURRENT freed 178K, 3% free 9358K/9607K, paused 2ms+2ms
06-14 04:19:56.732 19881 19884 D dalvikvm: GC_CONCURRENT freed 550K, 6% free 10241K/10887K, paused 1ms+2ms
06-14 04:19:56.825 19962 19965 D dalvikvm: GC_CONCURRENT freed 198K, 4% free 9681K/9991K, paused 1ms+3ms
06-14 04:19:57.025 19962 19965 D dalvikvm: GC_CONCURRENT freed 290K, 4% free 9919K/10311K, paused 2ms+3ms
06-14 04:20:03.587   142   142 I ActivityManager: Process com.google.android.apps.maps:LocationFriendService (pid 19962) has died.
06-14 04:20:03.716   142   197 D DhcpInfoInternal: makeLinkProperties with empty dns2!
06-14 04:20:03.716   142   197 D DhcpInfoInternal: makeLinkProperties with empty dns2!
06-14 04:20:06.712   142 20003 I ActivityManager: Applications Memory Usage (kB):
06-14 04:20:06.712   142 20003 I ActivityManager: Uptime: 172372274 Realtime: 299268669
06-14 04:20:06.712   142 20003 I ActivityManager: Total PSS by OOM adjustment:
06-14 04:20:06.712   142 20003 I ActivityManager:     35633 kB: System
06-14 04:20:06.712   142 20003 I ActivityManager:                35633 kB: system (pid 142)
06-14 04:20:06.712   142 20003 I ActivityManager:     29256 kB: Persistent
06-14 04:20:06.712   142 20003 I ActivityManager:                12861 kB: com.android.systemui (pid 213)
06-14 04:20:06.712   142 20003 I ActivityManager:                12124 kB: com.android.phone (pid 342)
06-14 04:20:06.712   142 20003 I ActivityManager:                 4271 kB: com.android.nfc (pid 357)
06-14 04:20:06.712   142 20003 I ActivityManager:     31465 kB: Foreground
06-14 04:20:06.712   142 20003 I ActivityManager:                31465 kB: com.android.launcher (pid 27790)
06-14 04:20:06.712   142 20003 I ActivityManager:      3032 kB: Visible
06-14 04:20:06.712   142 20003 I ActivityManager:                 3032 kB: com.android.smspush (pid 428)
06-14 04:20:06.712   142 20003 I ActivityManager:     30084 kB: Perceptible
06-14 04:20:06.712   142 20003 I ActivityManager:                19747 kB: hr.podlanica (pid 959)
06-14 04:20:06.712   142 20003 I ActivityManager:                10337 kB: com.android.inputmethod.latin (pid 324)
06-14 04:20:06.712   142 20003 I ActivityManager:     23397 kB: A Services
06-14 04:20:06.712   142 20003 I ActivityManager:                10163 kB: com.google.process.gapps (pid 12847)
06-14 04:20:06.712   142 20003 I ActivityManager:                 9746 kB: com.google.android.apps.maps:NetworkLocationService (pid 19881)
06-14 04:20:06.712   142 20003 I ActivityManager:                 3488 kB: com.android.sprintmenu (pid 19739)
06-14 04:20:06.712   142 20003 I ActivityManager:     67779 kB: Previous
06-14 04:20:06.712   142 20003 I ActivityManager:                67779 kB: org.mozilla.firefox_beta (pid 16941)
06-14 04:20:06.712   142 20003 I ActivityManager:     17018 kB: B Services
06-14 04:20:06.712   142 20003 I ActivityManager:                 7105 kB: com.whatsapp (pid 19521)
06-14 04:20:06.712   142 20003 I ActivityManager:                 5599 kB: com.google.android.apps.googlevoice (pid 18445)
06-14 04:20:06.712   142 20003 I ActivityManager:                 4314 kB: edu.buffalo.cse.phonelab.phonelabservices (pid 18240)
06-14 04:20:06.712   142 20003 I ActivityManager: 
06-14 04:20:06.712   142 20003 I ActivityManager: Total PSS: 237664 kB
06-14 04:20:06.712   142 20003 I ActivityManager:   PID      Vss      Rss      Pss      Uss  cmdline
06-14 04:20:06.712   142 20003 I ActivityManager: 16941   84540K   84452K   67882K   66596K  org.mozilla.firefox_beta
06-14 04:20:06.712   142 20003 I ActivityManager:   142   53972K   53908K   35677K   31828K  system_server
06-14 04:20:06.712   142 20003 I ActivityManager: 27790   50128K   50024K   31569K   28716K  com.android.launcher
06-14 04:20:06.712   142 20003 I ActivityManager:   959   33928K   33848K   19790K   18812K  hr.podlanica
06-14 04:20:06.712   142 20003 I ActivityManager:    79   24324K   21324K   13869K    7208K  /system/bin/surfaceflinger
06-14 04:20:06.712   142 20003 I ActivityManager:   213   32276K   32176K   12908K    8420K  com.android.systemui
06-14 04:20:06.712   142 20003 I ActivityManager:   342   27436K   27352K   12170K   11104K  com.android.phone
06-14 04:20:06.712   142 20003 I ActivityManager:   324   25216K   25128K   10386K    9384K  com.android.inputmethod.latin
06-14 04:20:06.712   142 20003 I ActivityManager: 12847   28416K   28332K   10213K    8576K  com.google.process.gapps
06-14 04:20:06.712   142 20003 I ActivityManager: 19881   29532K   29468K    9798K    7444K  com.google.android.apps.maps:NetworkLocationService
06-14 04:20:06.712   142 20003 I ActivityManager: 19521   27296K   27196K    7156K    4808K  com.whatsapp
06-14 04:20:06.712   142 20003 I ActivityManager: 18445   24708K   24608K    5649K    3924K  com.google.android.apps.googlevoice
06-14 04:20:06.712   142 20003 I ActivityManager: 18240   23192K   23096K    4362K    2680K  edu.buffalo.cse.phonelab.phonelabservices
06-14 04:20:06.712   142 20003 I ActivityManager:   357   19352K   19256K    4316K    3296K  com.android.nfc
06-14 04:20:06.712   142 20003 I ActivityManager: 18802   18056K   17952K    3569K    2544K  com.spotify.mobile.android.ui
06-14 04:20:06.712   142 20003 I ActivityManager: 19739   22656K   22552K    3540K    1668K  com.android.sprintmenu
06-14 04:20:06.712   142 20003 I ActivityManager:   428   18496K   18384K    3079K    1932K  com.android.smspush
06-14 04:20:06.712   142 20003 I ActivityManager:    80   18716K   18588K    2388K    1048K  zygote
06-14 04:20:06.712   142 20003 I ActivityManager:    82    2208K    2208K    1923K    1900K  /system/bin/mediaserver
06-14 04:20:06.712   142 20003 I ActivityManager:    81    1088K    1088K     884K     876K  /system/bin/drmserver
06-14 04:20:06.712   142 20003 I ActivityManager:    78     984K     984K     697K     676K  /system/bin/rild
06-14 04:20:06.712   142 20003 I ActivityManager: 20004     716K     708K     545K     508K  procrank
06-14 04:20:06.712   142 20003 I ActivityManager: 27718     668K     664K     525K     520K  logcat
06-14 04:20:06.712   142 20003 I ActivityManager:    88     440K     440K     424K     424K  /sbin/adbd
06-14 04:20:06.712   142 20003 I ActivityManager:  8348     576K     572K     420K     412K  /system/bin/wpa_supplicant
06-14 04:20:06.712   142 20003 I ActivityManager: 15466     608K     608K     407K     384K  /system/bin/netd
06-14 04:20:06.712   142 20003 I ActivityManager:   298     388K     388K     302K     300K  /system/bin/bluetoothd
06-14 04:20:06.712   142 20003 I ActivityManager:    73     432K     428K     292K     284K  /system/bin/vold
06-14 04:20:06.712   142 20003 I ActivityManager:    86     472K     468K     283K     276K  /system/vendor/bin/gpsd
06-14 04:20:06.712   142 20003 I ActivityManager:    85     392K     356K     247K     244K  /system/bin/keystore
06-14 04:20:06.712   142 20003 I ActivityManager: 14741     356K     352K     198K     192K  /system/bin/dhcpcd
06-14 04:20:06.712   142 20003 I ActivityManager:    83     276K     268K     186K     184K  /system/bin/dbus-daemon
06-14 04:20:06.712   142 20003 I ActivityManager:     1     204K     204K     138K     100K  /init
06-14 04:20:06.712   142 20003 I ActivityManager:   200     204K     196K     133K     132K  /system/bin/brcm_patchram_plus
06-14 04:20:06.712   142 20003 I ActivityManager: 19608     284K     276K     127K      92K  /system/bin/debuggerd
06-14 04:20:06.712   142 20003 I ActivityManager:    84     248K     240K     123K     120K  /system/bin/installd
06-14 04:20:06.712   142 20003 I ActivityManager:    61     160K     160K     122K      84K  /sbin/ueventd
06-14 04:20:06.712   142 20003 I ActivityManager:    87     172K     168K     105K     104K  /system/bin/sh
06-14 04:20:06.712   142 20003 I ActivityManager:    72     180K     172K      94K      92K  /system/bin/servicemanager
06-14 04:20:06.712   142 20003 I ActivityManager:                           ------   ------  ------
06-14 04:20:06.712   142 20003 I ActivityManager:                          266517K  227892K  TOTAL
06-14 04:20:06.712   142 20003 I ActivityManager: RAM: 342896K total, 28148K free, 1044K buffers, 53388K cached, 18576K shmem, 9348K slab
06-14 04:20:13.181   357   357 D dalvikvm: GC_EXPLICIT freed <1K, 6% free 9100K/9607K, paused 23ms+2ms
06-14 04:20:18.216   959   959 D dalvikvm: GC_EXPLICIT freed 118K, 21% free 11682K/14663K, paused 16ms+3ms
06-14 04:20:27.724 27790 27790 D dalvikvm: GC_EXPLICIT freed 21K, 36% free 11631K/17991K, paused 2ms+3ms
06-14 04:20:32.857   142   158 D dalvikvm: GC_EXPLICIT freed 1041K, 23% free 19052K/24647K, paused 46ms+7ms
06-14 04:20:34.572 18240 18240 I PhoneLab-Locks: wake lock acquired
06-14 04:20:34.603 18240 18240 I PhoneLab-StatusMonitor: Status Monitoring is started
06-14 04:20:34.716 18240 18242 D dalvikvm: GC_CONCURRENT freed 372K, 5% free 9214K/9671K, paused 2ms+2ms
06-14 04:20:34.755 18240 18240 I PhoneLab-StatusMonitor: Value: 10 - unit: min
06-14 04:20:34.755 18240 18240 I PhoneLab-StatusMonitor: Running interval: 600000
06-14 04:20:34.763 18240 18240 I PhoneLab-StatusMonitor: Rescheduling status monitoring...
06-14 04:20:34.763 18240 18240 I PhoneLab-Locks: wake lock released
06-14 04:20:34.771 18240 18240 I PhoneLab-StatusMonitorLocation: Learning Location
06-14 04:20:34.771 18240 18240 I PhoneLab-Locks: wake lock acquired
06-14 04:20:34.779 18240 18240 I PhoneLab-Locks: wake lock acquired
06-14 04:20:34.782 12847 13060 D androidNetworkLocationListeners: Still have listener com.google.android.location.internal.client.NetworkLocationClient$1@41345020
06-14 04:20:34.782 18240 18240 I PhoneLab-StatusMonitorLocation: Learning Signal Strgth
06-14 04:20:34.782 18240 18240 I PhoneLab-Locks: wake lock acquired
06-14 04:20:34.798 12847 13060 D androidNetworkLocationListeners: Still have listener com.google.android.location.internal.client.NetworkLocationClient$1@41345020
06-14 04:20:34.802 18240 18240 I PhoneLab-StatusMonitorBattery: Battery_level: 96
06-14 04:20:34.802 18240 18240 I PhoneLab-Locks: wake lock released
06-14 04:20:34.806 18240 18240 I PhoneLab-StatusMonitorSignal: Signal_Strength: -86 asu: 14
06-14 04:20:34.806 18240 18240 I PhoneLab-Locks: wake lock released
06-14 04:20:34.884 12847 13060 D androidNetworkLocationListeners: Still have listener com.google.android.location.internal.client.NetworkLocationClient$1@41345020
06-14 04:20:34.888 18240 18240 I PhoneLab-StatusMonitorLocation: Location_Latitude: 42.9620375 Longitude: -78.817087 Accuracy: 63.0
06-14 04:20:34.888 18240 18240 I PhoneLab-Locks: wake lock released
06-14 04:20:34.907   142   330 I ActivityManager: Start proc com.google.android.apps.maps:LocationFriendService for service com.google.android.apps.maps/com.google.googlenav.friend.reporting.LocationReceiverService: pid=20008 uid=10057 gids={3003, 1015}
06-14 04:20:35.029 20008 20011 D dalvikvm: GC_CONCURRENT freed 153K, 3% free 9383K/9607K, paused 2ms+2ms
06-14 04:20:36.181 12847 12850 D dalvikvm: GC_CONCURRENT freed 481K, 6% free 10010K/10631K, paused 2ms+3ms
06-14 04:20:36.236 20008 20011 D dalvikvm: GC_CONCURRENT freed 175K, 4% free 9621K/9927K, paused 1ms+2ms
06-14 04:20:36.337   142   919 D dalvikvm: GC_EXPLICIT freed 77K, 23% free 19052K/24647K, paused 7ms+8ms
06-14 04:20:41.177   213   213 D dalvikvm: GC_EXPLICIT freed 7K, 59% free 9684K/23239K, paused 27ms+3ms
06-14 04:20:46.200   342   342 D dalvikvm: GC_EXPLICIT freed 13K, 16% free 12088K/14343K, paused 26ms+3ms
06-14 04:20:51.193   428   428 D dalvikvm: GC_EXPLICIT freed <1K, 4% free 9037K/9347K, paused 21ms+2ms
06-14 04:20:55.513 20008 20011 D dalvikvm: GC_CONCURRENT freed 223K, 4% free 9927K/10247K, paused 5ms+4ms
06-14 04:20:55.579 20008 20015 I dalvikvm: Total arena pages for JIT: 11
06-14 04:20:55.583 20008 20015 I dalvikvm: Total arena pages for JIT: 12
06-14 04:20:55.587 20008 20015 I dalvikvm: Total arena pages for JIT: 13
06-14 04:20:55.587 20008 20015 I dalvikvm: Total arena pages for JIT: 14
06-14 04:20:55.587 20008 20015 I dalvikvm: Total arena pages for JIT: 15
06-14 04:20:55.587 20008 20015 I dalvikvm: Total arena pages for JIT: 16
06-14 04:20:55.587 20008 20015 I dalvikvm: Total arena pages for JIT: 17
06-14 04:21:00.099 16941 16941 W GeckoBatteryManager: When charging, level should increase!
06-14 04:21:05.193   324   324 D dalvikvm: GC_EXPLICIT freed <1K, 20% free 10618K/13191K, paused 27ms+6ms
06-14 04:21:06.482   142   159 I ActivityManager: Start proc com.facebook.orca for broadcast com.facebook.orca/.analytics.AnalyticsPeriodicReporter$ReporterBroadcastReceiver: pid=20033 uid=10061 gids={3003, 1015, 1006}
06-14 04:21:06.493 20033 20033 I dalvikvm: Turning on JNI app bug workarounds for target SDK version 10...
06-14 04:21:06.575 20033 20033 I ActivityThread: Pub com.facebook.orca.notify.MessengerLoggedInUserProvider: com.facebook.orca.notify.MessengerLoggedInUserProvider
06-14 04:21:06.575 20033 20033 I ActivityThread: Pub com.facebook.orca.notify.MessengerForegroundProvider: com.facebook.orca.notify.MessengerForegroundProvider
06-14 04:21:06.579 20033 20033 V orca:OrcaApplication: Forcing initialization of AsyncTask
06-14 04:21:06.599   142   366 I ActivityManager: Process com.google.android.apps.maps:LocationFriendService (pid 20008) has died.
06-14 04:21:06.669 20033 20035 D dalvikvm: GC_CONCURRENT freed 222K, 4% free 9313K/9607K, paused 6ms+4ms
06-14 04:21:06.669 20033 20033 I Finalizer: Couldn't access Thread.inheritableThreadLocals. Reference finalizer threads will inherit thread local values.
06-14 04:21:06.845 20033 20035 D dalvikvm: GC_CONCURRENT freed 355K, 4% free 9474K/9863K, paused 2ms+2ms
06-14 04:21:06.927 20033 20033 W OrcaGuiceModule: Sig: ijxLJi1yGs1JpL-X1SExmchvork
06-14 04:21:07.197 20033 20048 W Resources: Converting to string: TypedValue{t=0x10/d=0xffffffff a=-1}
06-14 04:21:07.228 20033 20035 D dalvikvm: GC_CONCURRENT freed 365K, 5% free 9649K/10119K, paused 7ms+16ms
06-14 04:21:07.337 20033 20035 D dalvikvm: GC_CONCURRENT freed 268K, 4% free 9905K/10247K, paused 2ms+2ms
06-14 04:21:07.384 20033 20033 D ACRA    : Retrieve application default SharedPreferences.
06-14 04:21:07.384 20033 20033 D ACRA    : Set OnSharedPreferenceChangeListener.
06-14 04:21:07.384 20033 20033 D ACRA    : ACRA is enabled for com.facebook.orca, intializing...
06-14 04:21:07.415 20033 20048 D dalvikvm: GC_FOR_ALLOC freed 210K, 4% free 10052K/10439K, paused 22ms
06-14 04:21:07.427 20033 20033 D ACRA    : Looking for error files in /data/data/com.facebook.orca/app_acra-reports
06-14 04:21:07.466 20033 20048 D dalvikvm: GC_FOR_ALLOC freed 294K, 6% free 10146K/10695K, paused 23ms
06-14 04:21:07.517 20033 20048 D dalvikvm: GC_FOR_ALLOC freed 290K, 5% free 10244K/10759K, paused 19ms
06-14 04:21:07.669 20033 20035 D dalvikvm: GC_CONCURRENT freed 369K, 5% free 10447K/10887K, paused 2ms+3ms
06-14 04:21:07.685   142   370 I ActivityManager: Process com.facebook.orca (pid 20033) has died.
06-14 04:21:12.798   357   357 D dalvikvm: GC_EXPLICIT freed <1K, 6% free 9100K/9607K, paused 27ms+2ms
06-14 04:21:13.450 18240 18253 I PhoneLab-: Service Running
06-14 04:21:13.532 18240 18253 I PhoneLab-LoggerService: app_38    27718 1     1112   664   c00f181c 400107b4 S logcat
06-14 04:21:13.532 18240 18253 I PhoneLab-LoggerService: Logcat pid from database 27718
06-14 04:21:13.532 18240 18253 I PhoneLab-LoggerService: Logcat process found 27718
06-14 04:21:13.532 18240 18253 I PhoneLab-LoggerService: Checking Threshold
06-14 04:21:17.794   959   959 D dalvikvm: GC_EXPLICIT freed 102K, 21% free 11681K/14663K, paused 4ms+4ms
06-14 04:21:22.798 27790 27790 D dalvikvm: GC_EXPLICIT freed 31K, 36% free 11631K/17991K, paused 30ms+3ms
06-14 04:21:27.861   142   158 D dalvikvm: GC_EXPLICIT freed 451K, 23% free 19060K/24647K, paused 37ms+10ms
06-14 04:21:32.802   213   213 D dalvikvm: GC_EXPLICIT freed 7K, 59% free 9684K/23239K, paused 30ms+3ms
06-14 04:21:37.833   342   342 D dalvikvm: GC_EXPLICIT freed 2K, 16% free 12088K/14343K, paused 35ms+3ms
06-14 04:21:42.814   428   428 D dalvikvm: GC_EXPLICIT freed <1K, 4% free 9037K/9347K, paused 23ms+1ms
06-14 04:21:47.818   324   324 D dalvikvm: GC_EXPLICIT freed <1K, 20% free 10618K/13191K, paused 18ms+3ms
06-14 04:21:52.755 16941 16941 E GeckoApp: low memory
06-14 04:21:52.841 16941 16941 D dalvikvm: GC_EXPLICIT freed 5K, 22% free 10500K/13319K, paused 26ms+4ms
06-14 04:21:56.540   142   421 I ActivityManager: Start proc com.google.android.apps.maps:LocationFriendService for service com.google.android.apps.maps/com.google.googlenav.friend.reporting.LocationReceiverService: pid=20059 uid=10057 gids={3003, 1015}
06-14 04:21:56.661 19881 19884 D dalvikvm: GC_CONCURRENT freed 475K, 6% free 10247K/10887K, paused 2ms+2ms
06-14 04:21:56.673 20059 20062 D dalvikvm: GC_CONCURRENT freed 158K, 3% free 9378K/9607K, paused 2ms+6ms
06-14 04:21:56.861 20059 20062 D dalvikvm: GC_CONCURRENT freed 162K, 3% free 9695K/9991K, paused 2ms+2ms
06-14 04:21:57.021 12847 12930 D dalvikvm: GC_EXPLICIT freed 130K, 7% free 9980K/10631K, paused 4ms+3ms
06-14 04:21:57.181 20059 20062 D dalvikvm: GC_CONCURRENT freed 306K, 4% free 9931K/10311K, paused 3ms+3ms
06-14 04:22:05.165 18445 18445 D dalvikvm: GC_EXPLICIT freed <1K, 6% free 9716K/10247K, paused 24ms+2ms
06-14 04:22:10.200 19521 19521 D dalvikvm: GC_EXPLICIT freed 11K, 7% free 9848K/10503K, paused 39ms+2ms
06-14 04:22:15.165 19739 19739 D dalvikvm: GC_EXPLICIT freed <1K, 4% free 9055K/9347K, paused 22ms+2ms
06-14 04:22:20.185 19881 19881 D dalvikvm: GC_EXPLICIT freed 21K, 7% free 10226K/10887K, paused 38ms+2ms
06-14 04:22:25.165 18240 18240 D dalvikvm: GC_EXPLICIT freed 254K, 6% free 9135K/9671K, paused 26ms+3ms
06-14 04:22:28.044   142   917 I ActivityManager: Process com.google.android.apps.maps:LocationFriendService (pid 20059) has died.
06-14 04:22:28.630   142   197 D DhcpInfoInternal: makeLinkProperties with empty dns2!
06-14 04:22:28.634   142   197 D DhcpInfoInternal: makeLinkProperties with empty dns2!
06-14 04:22:33.157   357   357 D dalvikvm: GC_EXPLICIT freed <1K, 6% free 9100K/9607K, paused 29ms+2ms
06-14 04:22:38.146   959   959 D dalvikvm: GC_EXPLICIT freed 130K, 21% free 11685K/14663K, paused 16ms+3ms
06-14 04:22:43.181 27790 27790 D dalvikvm: GC_EXPLICIT freed 21K, 36% free 11631K/17991K, paused 32ms+3ms
06-14 04:22:48.220   142   158 D dalvikvm: GC_EXPLICIT freed 336K, 23% free 19053K/24647K, paused 39ms+6ms
06-14 04:22:53.185   213   213 D dalvikvm: GC_EXPLICIT freed 4K, 59% free 9684K/23239K, paused 29ms+5ms
06-14 04:22:56.615   142   916 I ActivityManager: Start proc com.google.android.apps.maps:LocationFriendService for service com.google.android.apps.maps/com.google.googlenav.friend.reporting.LocationReceiverService: pid=20100 uid=10057 gids={3003, 1015}
06-14 04:22:56.771 20100 20104 D dalvikvm: GC_CONCURRENT freed 161K, 3% free 9375K/9607K, paused 2ms+2ms
06-14 04:22:56.943 20100 20104 D dalvikvm: GC_CONCURRENT freed 177K, 3% free 9651K/9927K, paused 2ms+2ms
06-14 04:22:57.197 20100 20104 D dalvikvm: GC_CONCURRENT freed 276K, 4% free 9897K/10247K, paused 2ms+2ms
06-14 04:23:05.165   342   342 D dalvikvm: GC_EXPLICIT freed 3K, 16% free 12088K/14343K, paused 31ms+3ms
06-14 04:23:07.423   142   159 I ActivityManager: Start proc com.facebook.orca for broadcast com.facebook.orca/.analytics.AnalyticsPeriodicReporter$ReporterBroadcastReceiver: pid=20123 uid=10061 gids={3003, 1015, 1006}
06-14 04:23:07.427 20123 20123 I dalvikvm: Turning on JNI app bug workarounds for target SDK version 10...
06-14 04:23:07.505 20123 20123 I ActivityThread: Pub com.facebook.orca.notify.MessengerLoggedInUserProvider: com.facebook.orca.notify.MessengerLoggedInUserProvider
06-14 04:23:07.505 20123 20123 I ActivityThread: Pub com.facebook.orca.notify.MessengerForegroundProvider: com.facebook.orca.notify.MessengerForegroundProvider
06-14 04:23:07.513 20123 20123 V orca:OrcaApplication: Forcing initialization of AsyncTask
06-14 04:23:07.532   142 12773 I ActivityManager: Process com.google.android.apps.maps:LocationFriendService (pid 20100) has died.
06-14 04:23:07.603 20123 20125 D dalvikvm: GC_CONCURRENT freed 222K, 4% free 9313K/9607K, paused 1ms+2ms
06-14 04:23:07.603 20123 20123 I Finalizer: Couldn't access Thread.inheritableThreadLocals. Reference finalizer threads will inherit thread local values.
06-14 04:23:07.767 20123 20125 D dalvikvm: GC_CONCURRENT freed 363K, 5% free 9440K/9927K, paused 1ms+2ms
06-14 04:23:07.857 20123 20123 W OrcaGuiceModule: Sig: ijxLJi1yGs1JpL-X1SExmchvork
06-14 04:23:07.950 20123 20125 D dalvikvm: GC_CONCURRENT freed 263K, 4% free 9624K/9991K, paused 5ms+3ms
06-14 04:23:08.154 20123 20138 W Resources: Converting to string: TypedValue{t=0x10/d=0xffffffff a=-1}
06-14 04:23:08.247 20123 20125 D dalvikvm: GC_CONCURRENT freed 330K, 4% free 9845K/10247K, paused 2ms+3ms
06-14 04:23:08.314 20123 20123 D ACRA    : Retrieve application default SharedPreferences.
06-14 04:23:08.314 20123 20123 D ACRA    : Set OnSharedPreferenceChangeListener.
06-14 04:23:08.314 20123 20123 D ACRA    : ACRA is enabled for com.facebook.orca, intializing...
06-14 04:23:08.349 20123 20123 D ACRA    : Looking for error files in /data/data/com.facebook.orca/app_acra-reports
06-14 04:23:08.384 20123 20125 D dalvikvm: GC_CONCURRENT freed 298K, 4% free 10066K/10439K, paused 2ms+2ms
06-14 04:23:08.427 20123 20138 D dalvikvm: GC_FOR_ALLOC freed 238K, 6% free 10120K/10695K, paused 22ms
06-14 04:23:08.482 20123 20138 D dalvikvm: GC_FOR_ALLOC freed 125K, 5% free 10227K/10695K, paused 27ms
06-14 04:23:08.521   142   142 I ActivityManager: Process com.facebook.orca (pid 20123) has died.
06-14 04:23:13.450 18240 18253 I PhoneLab-: Service Running
06-14 04:23:13.513 18240 18253 I PhoneLab-LoggerService: app_38    27718 1     1112   664   c00f181c 400107b4 S logcat
06-14 04:23:13.513 18240 18253 I PhoneLab-LoggerService: Logcat pid from database 27718
06-14 04:23:13.513 18240 18253 I PhoneLab-LoggerService: Logcat process found 27718
06-14 04:23:13.513 18240 18253 I PhoneLab-LoggerService: Checking Threshold
06-14 04:23:13.599   428   428 D dalvikvm: GC_EXPLICIT freed <1K, 4% free 9037K/9347K, paused 3ms+4ms
06-14 04:23:18.638   324   324 D dalvikvm: GC_EXPLICIT freed <1K, 20% free 10618K/13191K, paused 4ms+3ms
06-14 04:23:23.556 16941 16941 E GeckoApp: low memory
06-14 04:23:23.630 16941 16941 D dalvikvm: GC_EXPLICIT freed 2K, 22% free 10500K/13319K, paused 26ms+4ms
06-14 04:23:28.654 18445 18445 D dalvikvm: GC_EXPLICIT freed <1K, 6% free 9716K/10247K, paused 27ms+4ms
06-14 04:23:33.654 19521 19521 D dalvikvm: GC_EXPLICIT freed 56K, 7% free 9848K/10503K, paused 26ms+2ms
06-14 04:23:38.661 19739 19739 D dalvikvm: GC_EXPLICIT freed <1K, 4% free 9055K/9347K, paused 26ms+2ms
06-14 04:23:43.677 19881 19881 D dalvikvm: GC_EXPLICIT freed 239K, 7% free 10229K/10887K, paused 25ms+3ms
06-14 04:23:48.650 18240 18240 D dalvikvm: GC_EXPLICIT freed 55K, 6% free 9129K/9671K, paused 28ms+2ms
06-14 04:23:51.861   142   172 I ActivityManager: Start proc com.twitter.android for service com.twitter.android/.client.AppService: pid=20146 uid=10068 gids={3003, 1015}
06-14 04:23:51.892 20146 20146 I dalvikvm: Turning on JNI app bug workarounds for target SDK version 11...
06-14 04:23:52.001 20146 20146 I ActivityThread: Pub com.twitter.android.provider.GlobalDatabaseProvider: com.twitter.android.provider.GlobalDatabaseProvider
06-14 04:23:52.009 20146 20146 I ActivityThread: Pub com.twitter.android.provider.TwitterProvider: com.twitter.android.provider.TwitterProvider
06-14 04:23:52.107 20146 20148 D dalvikvm: GC_CONCURRENT freed 208K, 4% free 9272K/9607K, paused 1ms+2ms
06-14 04:23:52.392 20146 20148 D dalvikvm: GC_CONCURRENT freed 174K, 4% free 9494K/9799K, paused 4ms+2ms
06-14 04:23:52.525 20146 20148 D dalvikvm: GC_CONCURRENT freed 305K, 5% free 9627K/10055K, paused 2ms+2ms
06-14 04:23:52.650 20146 20148 D dalvikvm: GC_CONCURRENT freed 297K, 5% free 9756K/10183K, paused 2ms+1ms
06-14 04:23:52.771 20146 20148 D dalvikvm: GC_CONCURRENT freed 306K, 5% free 9883K/10311K, paused 2ms+2ms
06-14 04:23:52.907 20146 20148 D dalvikvm: GC_CONCURRENT freed 315K, 5% free 10021K/10439K, paused 1ms+2ms
06-14 04:23:53.025 20146 20148 D dalvikvm: GC_CONCURRENT freed 306K, 4% free 10153K/10567K, paused 2ms+2ms
06-14 04:23:53.157 20146 20148 D dalvikvm: GC_CONCURRENT freed 301K, 4% free 10280K/10695K, paused 2ms+2ms
06-14 04:23:53.333 20146 20148 D dalvikvm: GC_CONCURRENT freed 480K, 6% free 10224K/10823K, paused 2ms+2ms
06-14 04:23:53.447 20146 20148 D dalvikvm: GC_CONCURRENT freed 324K, 5% free 10298K/10823K, paused 2ms+2ms
06-14 04:23:53.603 20146 20148 D dalvikvm: GC_CONCURRENT freed 316K, 5% free 10386K/10823K, paused 1ms+2ms
06-14 04:23:53.626 12847 12847 D dalvikvm: GC_EXPLICIT freed 30K, 7% free 9975K/10631K, paused 2ms+5ms
06-14 04:23:53.747 20146 20148 D dalvikvm: GC_CONCURRENT freed 367K, 5% free 10472K/10951K, paused 2ms+2ms
06-14 04:23:53.872 20146 20148 D dalvikvm: GC_CONCURRENT freed 338K, 5% free 10565K/11015K, paused 2ms+2ms
06-14 04:23:54.001 20146 20148 D dalvikvm: GC_CONCURRENT freed 390K, 5% free 10646K/11143K, paused 2ms+2ms
06-14 04:23:54.122 20146 20148 D dalvikvm: GC_CONCURRENT freed 359K, 5% free 10734K/11207K, paused 2ms+2ms
06-14 04:23:54.255 20146 20148 D dalvikvm: GC_CONCURRENT freed 393K, 5% free 10826K/11335K, paused 1ms+7ms
06-14 04:23:55.517 20146 20148 D dalvikvm: GC_CONCURRENT freed 332K, 4% free 11005K/11463K, paused 2ms+2ms
06-14 04:23:56.665   142   421 I ActivityManager: Start proc com.google.android.apps.maps:LocationFriendService for service com.google.android.apps.maps/com.google.googlenav.friend.reporting.LocationReceiverService: pid=20164 uid=10057 gids={3003, 1015}
06-14 04:23:56.779 20164 20167 D dalvikvm: GC_CONCURRENT freed 168K, 3% free 9368K/9607K, paused 2ms+2ms
06-14 04:23:56.970 20164 20167 D dalvikvm: GC_CONCURRENT freed 182K, 3% free 9693K/9991K, paused 2ms+5ms
06-14 04:23:57.029   142   153 I ActivityManager: Process com.whatsapp (pid 19521) has died.
06-14 04:23:57.029   142   153 W ActivityManager: Scheduling restart of crashed service com.whatsapp/.messaging.MessageService in 5000ms
06-14 04:23:57.318 20164 20167 D dalvikvm: GC_CONCURRENT freed 294K, 4% free 9937K/10311K, paused 2ms+4ms
06-14 04:23:58.040 20146 20148 D dalvikvm: GC_CONCURRENT freed 415K, 5% free 11215K/11719K, paused 3ms+5ms
06-14 04:24:02.036   142   159 I ActivityManager: Start proc com.whatsapp for service com.whatsapp/.messaging.MessageService: pid=20190 uid=10070 gids={1015, 3003}
06-14 04:24:02.044 20190 20190 I dalvikvm: Turning on JNI app bug workarounds for target SDK version 7...
06-14 04:24:02.220 20190 20193 D dalvikvm: GC_CONCURRENT freed 172K, 3% free 9364K/9607K, paused 2ms+2ms
06-14 04:24:02.322   142   368 I ActivityManager: Process com.google.android.apps.maps:LocationFriendService (pid 20164) has died.
06-14 04:24:02.583 20190 20193 D dalvikvm: GC_CONCURRENT freed 293K, 4% free 9598K/9991K, paused 3ms+3ms
06-14 04:24:02.802 20190 20190 I SqliteDatabaseCpp: sqlite returned: error code = 1, msg = duplicate column name: photo_ts, db=/data/data/com.whatsapp/databases/msgstore.db
06-14 04:24:02.802 20190 20190 I SqliteDatabaseCpp: sqlite returned: error code = 1, msg = duplicate column name: thumb_ts, db=/data/data/com.whatsapp/databases/msgstore.db
06-14 04:24:02.806 20190 20190 I SqliteDatabaseCpp: sqlite returned: error code = 1, msg = duplicate column name: photo_id_timestamp, db=/data/data/com.whatsapp/databases/msgstore.db
06-14 04:24:02.865   142   918 I ActivityManager: Start proc android.process.acore for content provider com.android.providers.contacts/.ContactsProvider2: pid=20210 uid=10000 gids={3003, 1015}
06-14 04:24:02.974 20190 20190 I dalvikvm: Could not find method android.media.MediaMetadataRetriever.captureFrame, referenced from method com.whatsapp.d3.a
06-14 04:24:02.974 20190 20190 W dalvikvm: VFY: unable to resolve virtual method 496: Landroid/media/MediaMetadataRetriever;.captureFrame ()Landroid/graphics/Bitmap;
06-14 04:24:02.974 20190 20190 D dalvikvm: VFY: replacing opcode 0x6e at 0x0134
06-14 04:24:02.978 20210 20210 I ActivityThread: Pub call_log: com.android.providers.contacts.CallLogProvider
06-14 04:24:03.025 20210 20210 I ActivityThread: Pub com.android.voicemail: com.android.providers.contacts.VoicemailContentProvider
06-14 04:24:03.025 20210 20210 I ActivityThread: Pub user_dictionary: com.android.providers.userdictionary.UserDictionaryProvider
06-14 04:24:03.075 20210 20210 I ActivityThread: Pub com.android.social: com.android.providers.contacts.SocialProvider
06-14 04:24:03.075 20210 20210 I ActivityThread: Pub applications: com.android.providers.applications.ApplicationsProvider
06-14 04:24:03.216 20190 20193 D dalvikvm: GC_CONCURRENT freed 302K, 4% free 9808K/10183K, paused 2ms+2ms
06-14 04:24:03.271 20210 20210 I ActivityThread: Pub contacts;com.android.contacts: com.android.providers.contacts.ContactsProvider2
06-14 04:24:03.290 20210 20213 D dalvikvm: GC_CONCURRENT freed 357K, 5% free 9179K/9607K, paused 1ms+9ms
06-14 04:24:03.447   142   366 I ActivityManager: Process com.twitter.android (pid 20146) has died.
06-14 04:24:03.497 20190 20193 D dalvikvm: GC_CONCURRENT freed 301K, 5% free 9950K/10375K, paused 2ms+6ms
06-14 04:24:04.634 20210 20213 D dalvikvm: GC_CONCURRENT freed 199K, 4% free 9414K/9735K, paused 2ms+2ms
06-14 04:24:05.404 20190 20193 D dalvikvm: GC_CONCURRENT freed 506K, 7% free 9863K/10503K, paused 3ms+4ms
06-14 04:24:08.634   357   357 D dalvikvm: GC_EXPLICIT freed <1K, 6% free 9100K/9607K, paused 27ms+3ms
06-14 04:24:13.642   959   959 D dalvikvm: GC_EXPLICIT freed 160K, 21% free 11689K/14663K, paused 4ms+4ms
06-14 04:24:18.626 27790 27790 D dalvikvm: GC_EXPLICIT freed 62K, 36% free 11631K/17991K, paused 34ms+3ms
06-14 04:24:27.306   142   158 D dalvikvm: GC_EXPLICIT freed 1407K, 23% free 19091K/24647K, paused 3ms+10ms
06-14 04:24:30.466 18240 18240 I PhoneLab-Locks: wake lock acquired
06-14 04:24:30.497 18240 20234 I PhoneLab-PeriodicCheckService: User info is synched
06-14 04:24:30.505 18240 20234 I PhoneLab-PeriodicCheckService: Logger Service is running
06-14 04:24:30.618   142   154 D dalvikvm: GC_EXPLICIT freed 61K, 23% free 19046K/24647K, paused 10ms+8ms
06-14 04:24:30.618 18240 20234 I PhoneLab-Locks: wake lock acquired
06-14 04:24:30.622 18240 20234 I PhoneLab-PeriodicCheckService: Rescheduling periodic checking...
06-14 04:24:30.626 18240 20234 I PhoneLab-Locks: wake lock released
06-14 04:24:30.626 18240 18240 I PhoneLab-UploadLogs: Transfering log files now
06-14 04:24:30.630 18240 18240 I PhoneLab-UploadLogs: No log files to transfer
06-14 04:24:30.630 18240 18240 I PhoneLab-Locks: wake lock released
06-14 04:24:30.630 18240 18240 I PhoneLab-UploadLogs: OnStartCommand
06-14 04:24:35.532   213   213 D dalvikvm: GC_EXPLICIT freed 15K, 59% free 9685K/23239K, paused 2ms+4ms
06-14 04:24:40.661 12847 12847 D dalvikvm: GC_EXPLICIT freed 22K, 7% free 9971K/10631K, paused 38ms+3ms
06-14 04:24:45.579   342   342 D dalvikvm: GC_EXPLICIT freed 3K, 16% free 12088K/14343K, paused 31ms+3ms
06-14 04:24:50.579   428   428 D dalvikvm: GC_EXPLICIT freed <1K, 4% free 9037K/9347K, paused 23ms+2ms
06-14 04:24:53.521   142   197 D DhcpInfoInternal: makeLinkProperties with empty dns2!
06-14 04:24:53.529   142   197 D DhcpInfoInternal: makeLinkProperties with empty dns2!
06-14 04:24:56.720   142   422 I ActivityManager: Start proc com.google.android.apps.maps:LocationFriendService for service com.google.android.apps.maps/com.google.googlenav.friend.reporting.LocationReceiverService: pid=20253 uid=10057 gids={3003, 1015}
06-14 04:24:56.810 19881 19884 D dalvikvm: GC_CONCURRENT freed 465K, 6% free 10239K/10887K, paused 2ms+3ms
06-14 04:24:56.845 20253 20254 D dalvikvm: GC_CONCURRENT freed 175K, 3% free 9360K/9607K, paused 2ms+2ms
06-14 04:24:57.068 20253 20254 D dalvikvm: GC_CONCURRENT freed 204K, 3% free 9712K/9991K, paused 11ms+3ms
06-14 04:24:57.271 20253 20254 D dalvikvm: GC_CONCURRENT freed 266K, 4% free 9938K/10311K, paused 2ms+4ms
06-14 04:24:57.357   142   294 I ActivityManager: Process android.process.acore (pid 20210) has died.
06-14 04:25:05.126   324   324 D dalvikvm: GC_EXPLICIT freed <1K, 20% free 10618K/13191K, paused 2ms+3ms
06-14 04:25:08.372   142   159 I ActivityManager: Start proc com.facebook.orca for broadcast com.facebook.orca/.analytics.AnalyticsPeriodicReporter$ReporterBroadcastReceiver: pid=20276 uid=10061 gids={3003, 1015, 1006}
06-14 04:25:08.400 20276 20276 I dalvikvm: Turning on JNI app bug workarounds for target SDK version 10...
06-14 04:25:08.415    80    80 D dalvikvm: GC_EXPLICIT freed 38K, 4% free 9031K/9347K, paused 1ms+2ms
06-14 04:25:08.474    80    80 D dalvikvm: GC_EXPLICIT freed <1K, 4% free 9031K/9347K, paused 1ms+1ms
06-14 04:25:08.540    80    80 D dalvikvm: GC_EXPLICIT freed <1K, 4% free 9031K/9347K, paused 9ms+9ms
06-14 04:25:08.587 20276 20276 I ActivityThread: Pub com.facebook.orca.notify.MessengerLoggedInUserProvider: com.facebook.orca.notify.MessengerLoggedInUserProvider
06-14 04:25:08.615 20276 20276 I ActivityThread: Pub com.facebook.orca.notify.MessengerForegroundProvider: com.facebook.orca.notify.MessengerForegroundProvider
06-14 04:25:08.622 20276 20276 V orca:OrcaApplication: Forcing initialization of AsyncTask
06-14 04:25:08.728 20276 20278 D dalvikvm: GC_CONCURRENT freed 232K, 4% free 9304K/9607K, paused 2ms+2ms
06-14 04:25:08.763 20276 20276 I Finalizer: Couldn't access Thread.inheritableThreadLocals. Reference finalizer threads will inherit thread local values.
06-14 04:25:08.939 20276 20278 D dalvikvm: GC_CONCURRENT freed 362K, 5% free 9455K/9863K, paused 2ms+2ms
06-14 04:25:09.029 20276 20276 W OrcaGuiceModule: Sig: ijxLJi1yGs1JpL-X1SExmchvork
06-14 04:25:09.083   142 12773 I ActivityManager: Process com.google.android.apps.maps:LocationFriendService (pid 20253) has died.
06-14 04:25:09.165 20276 20278 D dalvikvm: GC_CONCURRENT freed 281K, 4% free 9614K/9991K, paused 2ms+5ms
06-14 04:25:09.388 20276 20291 W Resources: Converting to string: TypedValue{t=0x10/d=0xffffffff a=-1}
06-14 04:25:09.556 20276 20278 D dalvikvm: GC_CONCURRENT freed 328K, 4% free 9847K/10247K, paused 3ms+3ms
06-14 04:25:09.681 20276 20276 D ACRA    : Retrieve application default SharedPreferences.
06-14 04:25:09.681 20276 20276 D ACRA    : Set OnSharedPreferenceChangeListener.
06-14 04:25:09.681 20276 20276 D ACRA    : ACRA is enabled for com.facebook.orca, intializing...
06-14 04:25:09.720 20276 20276 D ACRA    : Looking for error files in /data/data/com.facebook.orca/app_acra-reports
06-14 04:25:10.087 20276 20278 D dalvikvm: GC_CONCURRENT freed 288K, 4% free 10075K/10439K, paused 2ms+17ms
06-14 04:25:10.575 20276 20291 D dalvikvm: GC_FOR_ALLOC freed 227K, 6% free 10114K/10695K, paused 379ms
06-14 04:25:11.595 20276 20291 D dalvikvm: GC_FOR_ALLOC freed 144K, 5% free 10225K/10695K, paused 319ms
06-14 04:25:12.208   142   153 I ActivityManager: Process com.facebook.orca (pid 20276) has died.
06-14 04:25:12.591   142 20293 I ActivityManager: Applications Memory Usage (kB):
06-14 04:25:12.591   142 20293 I ActivityManager: Uptime: 172677797 Realtime: 299574192
06-14 04:25:12.591   142 20293 I ActivityManager: Total PSS by OOM adjustment:
06-14 04:25:12.591   142 20293 I ActivityManager:     35356 kB: System
06-14 04:25:12.591   142 20293 I ActivityManager:                35356 kB: system (pid 142)
06-14 04:25:12.591   142 20293 I ActivityManager:     29019 kB: Persistent
06-14 04:25:12.591   142 20293 I ActivityManager:                12727 kB: com.android.systemui (pid 213)
06-14 04:25:12.591   142 20293 I ActivityManager:                12074 kB: com.android.phone (pid 342)
06-14 04:25:12.591   142 20293 I ActivityManager:                 4218 kB: com.android.nfc (pid 357)
06-14 04:25:12.591   142 20293 I ActivityManager:     31398 kB: Foreground
06-14 04:25:12.591   142 20293 I ActivityManager:                31398 kB: com.android.launcher (pid 27790)
06-14 04:25:12.591   142 20293 I ActivityManager:      2975 kB: Visible
06-14 04:25:12.591   142 20293 I ActivityManager:                 2975 kB: com.android.smspush (pid 428)
06-14 04:25:12.591   142 20293 I ActivityManager:     29979 kB: Perceptible
06-14 04:25:12.591   142 20293 I ActivityManager:                19694 kB: hr.podlanica (pid 959)
06-14 04:25:12.591   142 20293 I ActivityManager:                10285 kB: com.android.inputmethod.latin (pid 324)
06-14 04:25:12.591   142 20293 I ActivityManager:     23449 kB: A Services
06-14 04:25:12.591   142 20293 I ActivityManager:                10017 kB: com.google.process.gapps (pid 12847)
06-14 04:25:12.591   142 20293 I ActivityManager:                 9001 kB: com.google.android.apps.maps:NetworkLocationService (pid 19881)
06-14 04:25:12.591   142 20293 I ActivityManager:                 4431 kB: edu.buffalo.cse.phonelab.phonelabservices (pid 18240)
06-14 04:25:12.591   142 20293 I ActivityManager:     67696 kB: Previous
06-14 04:25:12.591   142 20293 I ActivityManager:                67696 kB: org.mozilla.firefox_beta (pid 16941)
06-14 04:25:12.591   142 20293 I ActivityManager:     16114 kB: B Services
06-14 04:25:12.591   142 20293 I ActivityManager:                 7504 kB: com.whatsapp (pid 20190)
06-14 04:25:12.591   142 20293 I ActivityManager:                 5449 kB: com.google.android.apps.googlevoice (pid 18445)
06-14 04:25:12.591   142 20293 I ActivityManager:                 3161 kB: com.android.sprintmenu (pid 19739)
06-14 04:25:12.591   142 20293 I ActivityManager:     10812 kB: Background
06-14 04:25:12.591   142 20293 I ActivityManager:                10812 kB: com.facebook.orca (pid 20276)
06-14 04:25:12.591   142 20293 I ActivityManager: 
06-14 04:25:12.591   142 20293 I ActivityManager: Total PSS: 246798 kB
06-14 04:25:12.591   142 20293 I ActivityManager:   PID      Vss      Rss      Pss      Uss  cmdline
06-14 04:25:12.591   142 20293 I ActivityManager: 16941   84524K   84436K   67872K   66588K  org.mozilla.firefox_beta
06-14 04:25:12.591   142 20293 I ActivityManager:   142   53868K   53804K   35372K   31636K  system_server
06-14 04:25:12.591   142 20293 I ActivityManager: 27790   50128K   50024K   31575K   28724K  com.android.launcher
06-14 04:25:12.591   142 20293 I ActivityManager:   959   33924K   33844K   19786K   18808K  hr.podlanica
06-14 04:25:12.591   142 20293 I ActivityManager:    79   24324K   21324K   13868K    7208K  /system/bin/surfaceflinger
06-14 04:25:12.591   142 20293 I ActivityManager:   213   32264K   32164K   12830K    8416K  com.android.systemui
06-14 04:25:12.591   142 20293 I ActivityManager:   342   27452K   27368K   12173K   11116K  com.android.phone
06-14 04:25:12.591   142 20293 I ActivityManager:   324   25212K   25124K   10380K    9384K  com.android.inputmethod.latin
06-14 04:25:12.591   142 20293 I ActivityManager: 12847   28404K   28320K   10200K    8564K  com.google.process.gapps
06-14 04:25:12.591   142 20293 I ActivityManager: 19881   29296K   29232K    9343K    6956K  com.google.android.apps.maps:NetworkLocationService
06-14 04:25:12.591   142 20293 I ActivityManager: 20190   28436K   28368K    8047K    5456K  com.whatsapp
06-14 04:25:12.591   142 20293 I ActivityManager: 18445   24692K   24592K    5649K    3928K  com.google.android.apps.googlevoice
06-14 04:25:12.591   142 20293 I ActivityManager: 18240   23660K   23564K    4640K    2860K  edu.buffalo.cse.phonelab.phonelabservices
06-14 04:25:12.591   142 20293 I ActivityManager:   357   19352K   19256K    4317K    3296K  com.android.nfc
06-14 04:25:12.591   142 20293 I ActivityManager: 18802   18056K   17952K    3569K    2544K  com.spotify.mobile.android.ui
06-14 04:25:12.591   142 20293 I ActivityManager: 19739   22488K   22384K    3359K    1508K  com.android.sprintmenu
06-14 04:25:12.591   142 20293 I ActivityManager:   428   18496K   18384K    3080K    1932K  com.android.smspush
06-14 04:25:12.591   142 20293 I ActivityManager:    80   18716K   18588K    2308K    1048K  zygote
06-14 04:25:12.591   142 20293 I ActivityManager:    82    2208K    2208K    1922K    1900K  /system/bin/mediaserver
06-14 04:25:12.591   142 20293 I ActivityManager:    81    1088K    1088K     884K     876K  /system/bin/drmserver
06-14 04:25:12.591   142 20293 I ActivityManager:    78     972K     972K     683K     664K  /system/bin/rild
06-14 04:25:12.591   142 20293 I ActivityManager: 20299     724K     716K     577K     564K  procrank
06-14 04:25:12.591   142 20293 I ActivityManager: 27718     668K     664K     525K     520K  logcat
06-14 04:25:12.591   142 20293 I ActivityManager:    88     440K     440K     424K     424K  /sbin/adbd
06-14 04:25:12.591   142 20293 I ActivityManager:  8348     576K     572K     420K     412K  /system/bin/wpa_supplicant
06-14 04:25:12.591   142 20293 I ActivityManager: 15466     592K     592K     401K     384K  /system/bin/netd
06-14 04:25:12.591   142 20293 I ActivityManager:   298     388K     388K     302K     300K  /system/bin/bluetoothd
06-14 04:25:12.591   142 20293 I ActivityManager:    73     432K     428K     292K     284K  /system/bin/vold
06-14 04:25:12.591   142 20293 I ActivityManager:    86     472K     468K     283K     276K  /system/vendor/bin/gpsd
06-14 04:25:12.591   142 20293 I ActivityManager:    85     392K     356K     247K     244K  /system/bin/keystore
06-14 04:25:12.591   142 20293 I ActivityManager: 14741     356K     352K     198K     192K  /system/bin/dhcpcd
06-14 04:25:12.591   142 20293 I ActivityManager:    83     276K     268K     186K     184K  /system/bin/dbus-daemon
06-14 04:25:12.591   142 20293 I ActivityManager:     1     204K     204K     138K     100K  /init
06-14 04:25:12.591   142 20293 I ActivityManager:   200     204K     196K     133K     132K  /system/bin/brcm_patchram_plus
06-14 04:25:12.591   142 20293 I ActivityManager:    84     248K     240K     123K     120K  /system/bin/installd
06-14 04:25:12.591   142 20293 I ActivityManager:    61     160K     160K     122K      84K  /sbin/ueventd
06-14 04:25:12.591   142 20293 I ActivityManager:    87     172K     168K     105K     104K  /system/bin/sh
06-14 04:25:12.591   142 20293 I ActivityManager:    72     180K     172K      94K      92K  /system/bin/servicemanager
06-14 04:25:12.591   142 20293 I ActivityManager: 19608     220K     212K      89K      76K  /system/bin/debuggerd
06-14 04:25:12.591   142 20293 I ActivityManager:                           ------   ------  ------
06-14 04:25:12.591   142 20293 I ActivityManager:                          266538K  227904K  TOTAL
06-14 04:25:12.591   142 20293 I ActivityManager: RAM: 342896K total, 29428K free, 812K buffers, 52128K cached, 18576K shmem, 9324K slab
06-14 04:25:13.462 18240 18253 I PhoneLab-: Service Running
06-14 04:25:13.529 18240 18253 I PhoneLab-LoggerService: app_38    27718 1     1112   664   c00f181c 400107b4 S logcat
06-14 04:25:13.529 18240 18253 I PhoneLab-LoggerService: Logcat pid from database 27718
06-14 04:25:13.529 18240 18253 I PhoneLab-LoggerService: Logcat process found 27718
06-14 04:25:13.529 18240 18253 I PhoneLab-LoggerService: Checking Threshold
06-14 04:25:17.345   357   357 D dalvikvm: GC_EXPLICIT freed <1K, 6% free 9100K/9607K, paused 31ms+2ms
06-14 04:25:22.329   959   959 D dalvikvm: GC_EXPLICIT freed 125K, 21% free 11683K/14663K, paused 23ms+3ms
06-14 04:25:27.353 27790 27790 D dalvikvm: GC_EXPLICIT freed 42K, 36% free 11631K/17991K, paused 34ms+5ms
06-14 04:25:32.435   142   158 D dalvikvm: GC_EXPLICIT freed 1260K, 23% free 19059K/24647K, paused 43ms+9ms
06-14 04:25:37.341   213   213 D dalvikvm: GC_EXPLICIT freed 8K, 59% free 9684K/23239K, paused 28ms+4ms
06-14 04:25:42.349   342   342 D dalvikvm: GC_EXPLICIT freed 2K, 16% free 12088K/14343K, paused 26ms+3ms
06-14 04:25:47.353   428   428 D dalvikvm: GC_EXPLICIT freed <1K, 4% free 9037K/9347K, paused 3ms+2ms
06-14 04:25:52.357   324   324 D dalvikvm: GC_EXPLICIT freed <1K, 20% free 10618K/13191K, paused 28ms+3ms
06-14 04:25:56.782   142   142 I ActivityManager: Start proc com.google.android.apps.maps:LocationFriendService for service com.google.android.apps.maps/com.google.googlenav.friend.reporting.LocationReceiverService: pid=20301 uid=10057 gids={3003, 1015}
06-14 04:25:56.907 20301 20304 D dalvikvm: GC_CONCURRENT freed 153K, 3% free 9383K/9607K, paused 3ms+3ms
06-14 04:25:57.115 20301 20304 D dalvikvm: GC_CONCURRENT freed 184K, 3% free 9720K/9991K, paused 5ms+3ms
06-14 04:25:57.345 20301 20304 D dalvikvm: GC_CONCURRENT freed 281K, 4% free 9932K/10311K, paused 2ms+3ms
06-14 04:26:05.087 16941 16941 E GeckoApp: low memory
06-14 04:26:05.173 16941 16941 D dalvikvm: GC_EXPLICIT freed 5K, 22% free 10500K/13319K, paused 26ms+4ms
06-14 04:26:10.165 18445 18445 D dalvikvm: GC_EXPLICIT freed <1K, 6% free 9716K/10247K, paused 33ms+2ms
06-14 04:26:12.154   142   158 V BackupManagerService: Running a backup pass
06-14 04:26:12.189   142   212 V BackupManagerService: Backup requested but nothing pending
06-14 04:26:17.236 19739 19739 D dalvikvm: GC_EXPLICIT freed <1K, 4% free 9055K/9347K, paused 6ms+2ms
06-14 04:26:22.325 19881 19881 D dalvikvm: GC_EXPLICIT freed 250K, 7% free 10233K/10887K, paused 38ms+3ms
06-14 04:26:27.302 18240 18240 D dalvikvm: GC_EXPLICIT freed 79K, 6% free 9134K/9671K, paused 23ms+2ms
06-14 04:26:32.337 12847 12847 D dalvikvm: GC_EXPLICIT freed 31K, 7% free 9981K/10631K, paused 30ms+2ms
06-14 04:26:37.322 20190 20190 D dalvikvm: GC_EXPLICIT freed 36K, 7% free 9849K/10503K, paused 22ms+2ms
06-14 04:26:56.904 20301 20308 I dalvikvm: Total arena pages for JIT: 11
06-14 04:26:56.904 20301 20308 I dalvikvm: Total arena pages for JIT: 12
06-14 04:26:56.904 20301 20308 I dalvikvm: Total arena pages for JIT: 13
06-14 04:26:56.904 20301 20308 I dalvikvm: Total arena pages for JIT: 14
06-14 04:26:56.904 20301 20308 I dalvikvm: Total arena pages for JIT: 15
06-14 04:26:56.907 20301 20308 I dalvikvm: Total arena pages for JIT: 16
06-14 04:26:56.907 20301 20308 I dalvikvm: Total arena pages for JIT: 17
06-14 04:27:09.700   142   159 I ActivityManager: Start proc com.facebook.orca for broadcast com.facebook.orca/.analytics.AnalyticsPeriodicReporter$ReporterBroadcastReceiver: pid=20326 uid=10061 gids={3003, 1015, 1006}
06-14 04:27:09.716 20326 20326 I dalvikvm: Turning on JNI app bug workarounds for target SDK version 10...
