06-15 12:54:54.672 24937 24937 I ActivityThread: Pub com.android.social: com.android.providers.contacts.SocialProvider
06-15 12:54:54.675 24937 24937 I ActivityThread: Pub applications: com.android.providers.applications.ApplicationsProvider
06-15 12:54:54.695 24785 24785 I wpa_supplicant: wlan0: CTRL-EVENT-EAP-METHOD EAP vendor 0 method 25 (PEAP) selected
06-15 12:54:54.707 24785 24785 I wpa_supplicant: EAP-TLV: TLV Result - Success - EAP-TLV/Phase2 Completed
06-15 12:54:54.757 24937 24937 I ActivityThread: Pub contacts;com.android.contacts: com.android.providers.contacts.ContactsProvider2
06-15 12:54:54.765 24937 24939 D dalvikvm: GC_CONCURRENT freed 332K, 5% free 9178K/9607K, paused 6ms+2ms
06-15 12:54:55.480 24937 24939 D dalvikvm: GC_CONCURRENT freed 240K, 4% free 9382K/9735K, paused 7ms+2ms
06-15 12:54:57.144   142   203 D Tethering: MasterInitialState.processMessage what=3
06-15 12:54:57.218   142   159 I ActivityManager: Start proc android.process.media for broadcast com.android.providers.downloads/.DownloadReceiver: pid=24953 uid=10012 gids={1015, 1023, 1024, 2001, 3003, 3007}
06-15 12:54:57.273 22715 22715 I com.xabber.android.data.connection.NetworkManager@41438b40: Network: NetworkInfo: type: WIFI[], state: DISCONNECTED/DISCONNECTED, reason: (unspecified), extra: (none), roaming: false, failover: false, isAvailable: true, active: null
06-15 12:54:57.273 22715 22715 I com.xabber.android.data.connection.NetworkManager@41438b40: Unavailable
06-15 12:54:57.304 24953 24953 I ActivityThread: Pub downloads: com.android.providers.downloads.DownloadProvider
06-15 12:54:57.351 24953 24953 I ActivityThread: Pub drm: com.android.providers.drm.DrmProvider
06-15 12:54:57.355 24953 24967 I DownloadManager: in removeSpuriousFiles
06-15 12:54:57.418 24953 24967 I DownloadManager: deleting spurious file /cache/backup
06-15 12:54:57.449 22715 24966 E com.xabber.android.data.connection.AccountItem@41417788: java.lang.RuntimeException: XMPPError connecting to jabber.org:5222.: remote-server-error(502) XMPPError connecting to jabber.org:5222.
06-15 12:54:57.449 22715 24966 E com.xabber.android.data.connection.AccountItem@41417788:   -- caused by: java.net.ConnectException: failed to connect to jabber.org/208.68.163.220 (port 5222): connect failed: ENETUNREACH (Network is unreachable)
06-15 12:54:57.449 22715 24966 E com.xabber.android.data.connection.AccountItem@41417788: 	at com.xabber.android.data.connection.ConnectionThread.connect(ConnectionThread.java:165)
06-15 12:54:57.449 22715 24966 E com.xabber.android.data.connection.AccountItem@41417788: 	at com.xabber.android.data.connection.ConnectionThread.access$1(ConnectionThread.java:160)
06-15 12:54:57.449 22715 24966 E com.xabber.android.data.connection.AccountItem@41417788: 	at com.xabber.android.data.connection.ConnectionThread$2.run(ConnectionThread.java:98)
06-15 12:54:57.449 22715 24966 E com.xabber.android.data.connection.AccountItem@41417788: 	at com.xabber.android.data.connection.ConnectionThread$13.run(ConnectionThread.java:362)
06-15 12:54:57.449 22715 24966 E com.xabber.android.data.connection.AccountItem@41417788: 	at java.util.concurrent.Executors$RunnableAdapter.call(Executors.java:442)
06-15 12:54:57.449 22715 24966 E com.xabber.android.data.connection.AccountItem@41417788: 	at java.util.concurrent.FutureTask$Sync.innerRun(FutureTask.java:305)
06-15 12:54:57.449 22715 24966 E com.xabber.android.data.connection.AccountItem@41417788: 	at java.util.concurrent.FutureTask.run(FutureTask.java:137)
06-15 12:54:57.449 22715 24966 E com.xabber.android.data.connection.AccountItem@41417788: 	at java.util.concurrent.ThreadPoolExecutor.runWorker(ThreadPoolExecutor.java:1076)
06-15 12:54:57.449 22715 24966 E com.xabber.android.data.connection.AccountItem@41417788: 	at java.util.concurrent.ThreadPoolExecutor$Worker.run(ThreadPoolExecutor.java:569)
06-15 12:54:57.449 22715 24966 E com.xabber.android.data.connection.AccountItem@41417788: 	at java.lang.Thread.run(Thread.java:856)
06-15 12:54:57.449 22715 24966 E com.xabber.android.data.connection.AccountItem@41417788: Caused by: XMPPError connecting to jabber.org:5222.: remote-server-error(502) XMPPError connecting to jabber.org:5222.
06-15 12:54:57.449 22715 24966 E com.xabber.android.data.connection.AccountItem@41417788:   -- caused by: java.net.ConnectException: failed to connect to jabber.org/208.68.163.220 (port 5222): connect failed: ENETUNREACH (Network is unreachable)
06-15 12:54:57.449 22715 24966 E com.xabber.android.data.connection.AccountItem@41417788: 	at org.jivesoftware.smack.XMPPConnection.connectUsingConfiguration(XMPPConnection.java:562)
06-15 12:54:57.449 22715 24966 E com.xabber.android.data.connection.AccountItem@41417788: 	at org.jivesoftware.smack.XMPPConnection.connect(XMPPConnection.java:997)
06-15 12:54:57.449 22715 24966 E com.xabber.android.data.connection.AccountItem@41417788: 	at com.xabber.android.data.connection.ConnectionThread.connect(ConnectionThread.java:162)
06-15 12:54:57.449 22715 24966 E com.xabber.android.data.connection.AccountItem@41417788: 	... 9 more
06-15 12:54:57.449 22715 22715 I com.xabber.android.data.connection.AccountItem@41417788: onClose 1095321240 - 25, true
06-15 12:54:57.449 22715 22715 I com.xabber.android.data.roster.RosterManager@41385390: onDisconnect
06-15 12:54:57.515 24953 24953 I ActivityThread: Pub media: com.android.providers.media.MediaProvider
06-15 12:54:58.082 24953 24955 D dalvikvm: GC_CONCURRENT freed 299K, 5% free 9200K/9607K, paused 26ms+4ms
06-15 12:54:58.359 24281 24281 I MediaUploader: No need to wake up
06-15 12:54:58.406 24061 24061 I PhoneLab-WiFiReceiver: Wi-Fi is disconnected!
06-15 12:54:58.414 17554 17557 D dalvikvm: GC_CONCURRENT freed 453K, 7% free 10435K/11143K, paused 2ms+5ms
06-15 12:54:58.465 24297 24330 D PicasaSyncManager: active network: null
06-15 12:54:58.465 24297 24330 D PicasaSyncManager: background data: true
06-15 12:54:58.722   142   919 I ActivityManager: Process com.google.android.apps.genie.geniewidget (pid 24516) has died.
06-15 12:54:58.812 23418 23439 I x       : Not returning location for the following outliers: [229533829984064]
06-15 12:55:03.363   342   342 D SAN_SERVICE: *******************************************
06-15 12:55:03.363   342   342 D SAN_SERVICE: DM App Phone Service State - 0
06-15 12:55:03.363   342   342 D SAN_SERVICE: *******************************************
06-15 12:55:07.257 24061 24074 I PhoneLab-: Service Running
06-15 12:55:07.343 24061 24074 I PhoneLab-LoggerService: app_38    18396 1     1116   680   c00f181c 400107b4 S logcat
06-15 12:55:07.343 24061 24074 I PhoneLab-LoggerService: Logcat pid from database 18396
06-15 12:55:07.343 24061 24074 I PhoneLab-LoggerService: Logcat process found 18396
06-15 12:55:07.343 24061 24074 I PhoneLab-LoggerService: Checking Threshold
06-15 12:55:07.402 24061 24074 I PhoneLab-LoggerService: Starting to rename files
06-15 12:55:07.414 24061 24074 I PhoneLab-LoggerService: Files found .. 11
06-15 12:55:07.418 24061 24074 I PhoneLab-: Service Running
06-15 12:55:07.507   142   153 I ActivityManager: Process com.google.android.gsf.login (pid 23227) has died.
06-15 12:55:07.562 24061 24074 I PhoneLab-LoggerService: app_38    18396 1     1116   680   c00f181c 400107b4 S logcat
06-15 12:55:07.562 24061 24074 I PhoneLab-LoggerService: Logcat pid from database 18396
06-15 12:55:07.562 24061 24074 I PhoneLab-LoggerService: Logcat process found 18396
06-15 12:55:07.562 24061 24074 I PhoneLab-LoggerService: Checking Threshold
06-15 12:55:07.613 24061 24074 I PhoneLab-LoggerService: Starting to rename files
06-15 12:55:07.625 24061 24074 I PhoneLab-LoggerService: Files found .. 11
06-15 12:55:07.629 24061 24074 I PhoneLab-: Service Running
06-15 12:55:07.722 24061 24074 I PhoneLab-LoggerService: app_38    18396 1     1116   680   c00f181c 400107b4 S logcat
06-15 12:55:07.722 24061 24074 I PhoneLab-LoggerService: Logcat pid from database 18396
06-15 12:55:07.722 24061 24074 I PhoneLab-LoggerService: Logcat process found 18396
06-15 12:55:07.722 24061 24074 I PhoneLab-LoggerService: Checking Threshold
06-15 12:55:07.730 24061 24074 I PhoneLab-LoggerService: Starting to rename files
06-15 12:55:07.730 24061 24074 I PhoneLab-LoggerService: Files found .. 11
06-15 12:55:12.179   342   342 D SAN_SERVICE: *******************************************
06-15 12:55:12.179   342   342 D SAN_SERVICE: DM App Phone Service State - 0
06-15 12:55:12.179   342   342 D SAN_SERVICE: *******************************************
06-15 12:55:12.261   342   345 D dalvikvm: GC_CONCURRENT freed 944K, 15% free 12248K/14343K, paused 12ms+4ms
06-15 12:55:12.371 23418 23419 D dalvikvm: GC_CONCURRENT freed 399K, 6% free 10287K/10887K, paused 11ms+2ms
06-15 12:55:12.445 23418 23436 W System.err: org.apache.http.conn.HttpHostConnectException: Connection to https://www.google.com refused
06-15 12:55:12.465 23418 23436 W System.err: 	at org.apache.http.impl.conn.DefaultClientConnectionOperator.openConnection(DefaultClientConnectionOperator.java:183)
06-15 12:55:12.465 23418 23436 W System.err: 	at org.apache.http.impl.conn.AbstractPoolEntry.open(AbstractPoolEntry.java:164)
06-15 12:55:12.465 23418 23436 W System.err: 	at org.apache.http.impl.conn.AbstractPooledConnAdapter.open(AbstractPooledConnAdapter.java:119)
06-15 12:55:12.465 23418 23436 W System.err: 	at org.apache.http.impl.client.DefaultRequestDirector.execute(DefaultRequestDirector.java:452)
06-15 12:55:12.465 23418 23436 W System.err: 	at org.apache.http.impl.client.AbstractHttpClient.execute(AbstractHttpClient.java:555)
06-15 12:55:12.465 23418 23436 W System.err: 	at org.apache.http.impl.client.AbstractHttpClient.execute(AbstractHttpClient.java:487)
06-15 12:55:12.465 23418 23436 W System.err: 	at android.net.http.AndroidHttpClient.execute(AndroidHttpClient.java:257)
06-15 12:55:12.468 23418 23436 W System.err: 	at f.a.a(SourceFile:202)
06-15 12:55:12.468 23418 23436 W System.err: 	at f.a.execute(SourceFile:244)
06-15 12:55:12.468 23418 23436 W System.err: 	at f.a.execute(SourceFile:312)
06-15 12:55:12.472 23418 23436 W System.err: 	at al.c.a(SourceFile:126)
06-15 12:55:12.472 23418 23436 W System.err: 	at al.c.f(SourceFile:172)
06-15 12:55:12.472 23418 23436 W System.err: 	at q.d.run(SourceFile:421)
06-15 12:55:12.476 23418 23436 W System.err: 	at q.c.c(SourceFile:227)
06-15 12:55:12.476 23418 23436 W System.err: 	at q.c.run(SourceFile:201)
06-15 12:55:12.476 23418 23436 W System.err: 	at an.c.run(SourceFile:96)
06-15 12:55:12.480 23418 23436 W System.err: Caused by: java.net.ConnectException: failed to connect to /173.194.75.103 (port 443) after 60000ms: connect failed: ENETUNREACH (Network is unreachable)
06-15 12:55:12.484 23418 23436 W System.err: 	at libcore.io.IoBridge.connect(IoBridge.java:114)
06-15 12:55:12.484 23418 23436 W System.err: 	at java.net.PlainSocketImpl.connect(PlainSocketImpl.java:192)
06-15 12:55:12.484 23418 23436 W System.err: 	at java.net.PlainSocketImpl.connect(PlainSocketImpl.java:459)
06-15 12:55:12.484 23418 23436 W System.err: 	at java.net.Socket.connect(Socket.java:842)
06-15 12:55:12.488 23418 23436 W System.err: 	at org.apache.http.conn.scheme.PlainSocketFactory.connectSocket(PlainSocketFactory.java:119)
06-15 12:55:12.488 23418 23436 W System.err: 	at org.apache.http.impl.conn.DefaultClientConnectionOperator.openConnection(DefaultClientConnectionOperator.java:144)
06-15 12:55:12.492 23418 23436 W System.err: 	... 15 more
06-15 12:55:12.492 23418 23436 W System.err: Caused by: libcore.io.ErrnoException: connect failed: ENETUNREACH (Network is unreachable)
06-15 12:55:12.496 23418 23436 W System.err: 	at libcore.io.Posix.connect(Native Method)
06-15 12:55:12.496 23418 23436 W System.err: 	at libcore.io.BlockGuardOs.connect(BlockGuardOs.java:85)
06-15 12:55:12.500 23418 23436 W System.err: 	at libcore.io.IoBridge.connectErrno(IoBridge.java:138)
06-15 12:55:12.500 23418 23436 W System.err: 	at libcore.io.IoBridge.connect(IoBridge.java:112)
06-15 12:55:12.500 23418 23436 W System.err: 	... 20 more
06-15 12:55:12.648   342   342 D SAN_SERVICE: *******************************************
06-15 12:55:12.648   342   342 D SAN_SERVICE: DM App Phone Service State - 0
06-15 12:55:12.648   342   342 D SAN_SERVICE: *******************************************
06-15 12:55:12.715   342   342 D SAN_SERVICE: *******************************************
06-15 12:55:12.715   342   342 D SAN_SERVICE: DM App Phone Service State - 0
06-15 12:55:12.715   342   342 D SAN_SERVICE: *******************************************
06-15 12:55:15.609   342   342 D SAN_SERVICE: *******************************************
06-15 12:55:15.609   342   342 D SAN_SERVICE: DM App Phone Service State - 0
06-15 12:55:15.609   342   342 D SAN_SERVICE: *******************************************
06-15 12:55:17.925   142 12773 I ActivityManager: Process com.spotify.mobile.android.service (pid 24818) has died.
06-15 12:55:17.929   142 12773 W ActivityManager: Scheduling restart of crashed service com.spotify.mobile.android.ui/com.spotify.mobile.android.service.SpotifyService in 5000ms
06-15 12:55:17.972   142   199 D ConnectivityService: ConnectivityChange for mobile: CONNECTED/CONNECTED
06-15 12:55:18.179   142   145 D dalvikvm: GC_CONCURRENT freed 2029K, 26% free 19399K/26055K, paused 10ms+19ms
06-15 12:55:18.226   142   195 D NetworkPolicy: applying policy NetworkPolicy[NetworkTemplate: matchRule=MOBILE_ALL, subscriberId=valid]: cycleDay=8, warningBytes=2147483648, limitBytes=-1, lastSnooze=-1 to ifaces [rmnet0]
06-15 12:55:18.972   142   199 D ConnectivityService: NetTransition Wakelock for WifiStateMachine released by timeout
06-15 12:55:31.019 24785 24785 I wpa_supplicant: wlan0: CTRL-EVENT-DISCONNECTED bssid=d0:c2:82:2d:ea:c0 reason=0
06-15 12:55:32.054   142   142 D AlarmManagerService: Kernel timezone updated to 240 minutes west of GMT
06-15 12:55:32.289 24785 24785 I wpa_supplicant: wlan0: Trying to associate with d0:c2:82:67:2e:70 (SSID='UB_Secure' freq=2412 MHz)
06-15 12:55:32.464 24785 24785 I wpa_supplicant: wlan0: Associated with d0:c2:82:67:2e:70
06-15 12:55:32.492 24785 24785 I wpa_supplicant: wlan0: CTRL-EVENT-EAP-STARTED EAP authentication started
06-15 12:55:32.496 24785 24785 I wpa_supplicant: wlan0: CTRL-EVENT-EAP-PROPOSED-METHOD vendor=0 method=4 -> NAK
06-15 12:55:32.504 24785 24785 I wpa_supplicant: wlan0: CTRL-EVENT-EAP-PROPOSED-METHOD vendor=0 method=25
06-15 12:55:32.504   142   203 D Tethering: MasterInitialState.processMessage what=3
06-15 12:55:32.570 22715 22715 I com.xabber.android.data.connection.NetworkManager@41438b40: Network: NetworkInfo: type: mobile[CDMA - 1xRTT], state: CONNECTED/CONNECTED, reason: (unspecified), extra: , roaming: true, failover: false, isAvailable: true, active: NetworkInfo: type: mobile[CDMA - 1xRTT], state: CONNECTED/CONNECTED, reason: (unspecified), extra: , roaming: true, failover: true, isAvailable: true
06-15 12:55:32.570 22715 22715 I com.xabber.android.data.connection.NetworkManager@41438b40: Available
06-15 12:55:32.625 24785 24785 I wpa_supplicant: wlan0: CTRL-EVENT-EAP-METHOD EAP vendor 0 method 25 (PEAP) selected
06-15 12:55:32.632 24785 24785 I wpa_supplicant: EAP-TLV: TLV Result - Success - EAP-TLV/Phase2 Completed
06-15 12:55:32.734 24281 24281 I MediaUploader: No need to wake up
06-15 12:55:32.804 22689 22692 D dalvikvm: GC_CONCURRENT freed 403K, 7% free 9910K/10567K, paused 53ms+4ms
06-15 12:55:32.836 24297 24330 D PicasaSyncManager: active network: NetworkInfo: type: mobile[CDMA - 1xRTT], state: CONNECTED/CONNECTED, reason: (unspecified), extra: , roaming: true, failover: true, isAvailable: true
06-15 12:55:32.836 24297 24330 D PicasaSyncManager: background data: true
06-15 12:55:34.437   142   159 I ActivityManager: Start proc com.spotify.mobile.android.service for service com.spotify.mobile.android.ui/com.spotify.mobile.android.service.SpotifyService: pid=24992 uid=10055 gids={3003, 1015}
06-15 12:55:34.574 24992 24992 D dalvikvm: Trying to load lib /data/data/com.spotify.mobile.android.ui/lib/liborbit-jni-spotify.so 0x4130e8e8
06-15 12:55:34.617 24992 24992 D dalvikvm: Added shared lib /data/data/com.spotify.mobile.android.ui/lib/liborbit-jni-spotify.so 0x4130e8e8
06-15 12:55:45.015 24061 24074 I PhoneLab-: Service Running
06-15 12:55:45.078 24061 24074 I PhoneLab-LoggerService: app_38    18396 1     1116   680   c00f181c 400107b4 S logcat
06-15 12:55:45.078 24061 24074 I PhoneLab-LoggerService: Logcat pid from database 18396
06-15 12:55:45.078 24061 24074 I PhoneLab-LoggerService: Logcat process found 18396
06-15 12:55:45.078 24061 24074 I PhoneLab-LoggerService: Checking Threshold
06-15 12:55:45.078 24061 24074 I PhoneLab-LoggerService: Starting to rename files
06-15 12:55:45.078 24061 24074 I PhoneLab-LoggerService: Files found .. 11
06-15 12:55:45.523   342   342 D SAN_SERVICE: *******************************************
06-15 12:55:45.523   342   342 D SAN_SERVICE: DM App Phone Service State - 0
06-15 12:55:45.523   342   342 D SAN_SERVICE: *******************************************
06-15 12:55:46.023   342   342 D SAN_SERVICE: *******************************************
06-15 12:55:46.023   342   342 D SAN_SERVICE: DM App Phone Service State - 0
06-15 12:55:46.023   342   342 D SAN_SERVICE: *******************************************
06-15 12:55:47.062 17554 17554 I GTalkService/c: [AndroidEndpoint@1094214240] connect: acct=1000000, state=CONNECTING
06-15 12:55:47.070 17554 17554 I GTalkService/c: [GTalkConnection@1093787360] connect: acct=1, state=CONNECTING
06-15 12:55:48.418 22715 25016 I System.out: 12:55:48 PM SENT (1095501736): <stream:stream to="jabber.org" xmlns="jabber:client" xmlns:stream="http://etherx.jabber.org/streams" version="1.0">
06-15 12:55:49.324 22715 25017 I System.out: 12:55:49 PM RCV  (1095501736): <?xml version='1.0'?><stream:stream xmlns='jabber:client' xmlns:stream='http://etherx.jabber.org/streams' from='jabber.org' id='4eacae449f4e581a' version='1.0'><stream:features><starttls xmlns='urn:ietf:params:xml:ns:xmpp-tls'/><mechanisms xmlns='urn:ietf:params:xml:ns:xmpp-sasl'><mechanism>CRAM-MD5</mechanism><mechanism>LOGIN</mechanism><mechanism>PLAIN</mechanism><mechanism>DIGEST-MD5</mechanism><mechanism>SCRAM-SHA-1</mechanism></mechanisms><compression xmlns='http://jabber.org/features/compress'><method>zlib</method></compression><ver xmlns='urn:xmpp:features:rosterver'><optional/></ver></stream:features>
06-15 12:55:49.336 22715 25017 I System.out: 12:55:49 PM SENT (1095501736): <starttls xmlns="urn:ietf:params:xml:ns:xmpp-tls"/>
06-15 12:55:50.074 22715 25017 I System.out: 12:55:50 PM RCV  (1095501736): <proceed xmlns='urn:ietf:params:xml:ns:xmpp-tls'/>
06-15 12:55:50.222 22715 22717 D dalvikvm: GC_CONCURRENT freed 353K, 7% free 10494K/11207K, paused 37ms+3ms
06-15 12:55:50.730 17554 17557 D dalvikvm: GC_CONCURRENT freed 412K, 7% free 10419K/11143K, paused 5ms+4ms
06-15 12:55:51.679 22715 25017 I System.out: 12:55:51 PM SENT (1095501736): <stream:stream to="jabber.org" xmlns="jabber:client" xmlns:stream="http://etherx.jabber.org/streams" version="1.0">
06-15 12:55:53.285   142   199 D ConnectivityService: handleInetConditionHoldEnd: net=0, condition=100, published condition=0
06-15 12:55:53.410 24992 25007 W dalvikvm: dvmFindClassByName rejecting 'com/spotify/mobile/android/core/internal/HttpConnection'
06-15 12:55:53.457 22715 25017 I System.out: 12:55:53 PM RCV  (1095501736): <?xml version='1.0'?><stream:stream xmlns='jabber:client' xmlns:stream='http://etherx.jabber.org/streams' from='jabber.org' id='ac61fc6748225827' version='1.0'><stream:features><mechanisms xmlns='urn:ietf:params:xml:ns:xmpp-sasl'><mechanism>CRAM-MD5</mechanism><mechanism>LOGIN</mechanism><mechanism>PLAIN</mechanism><mechanism>DIGEST-MD5</mechanism><mechanism>SCRAM-SHA-1</mechanism></mechanisms><compression xmlns='http://jabber.org/features/compress'><method>zlib</method></compression><ver xmlns='urn:xmpp:features:rosterver'><optional/></ver></stream:features>
06-15 12:55:53.484 22715 25016 I System.out: 12:55:53 PM SENT (1095501736): <auth mechanism="DIGEST-MD5" xmlns="urn:ietf:params:xml:ns:xmpp-sasl"></auth>
06-15 12:55:54.609 22715 25017 I System.out: 12:55:54 PM RCV  (1095501736): <challenge xmlns='urn:ietf:params:xml:ns:xmpp-sasl'>bm9uY2U9ImJSQ2tmZ1RIdmhucjN5OU1oTDRDNkh1RVlkdUoyMHdsemEyY21Pb3pkWjA9IixyZWFsbT0iamFiYmVyLm9yZyIscW9wPSJhdXRoIixtYXhidWY9MTYzODQsY2hhcnNldD11dGYtOCxhbGdvcml0aG09bWQ1LXNlc3M=</challenge>
06-15 12:55:54.640 22715 25016 I System.out: 12:55:54 PM SENT (1095501736): <response xmlns="urn:ietf:params:xml:ns:xmpp-sasl">dXNlcm5hbWU9Imxva2VzaG1hbmR2ZWthciIscmVhbG09ImphYmJlci5vcmciLGNub25jZT0iYzZmZDFiNzBmMmMzYzVkMDU0ZTVlOTQ2YzFmMjM5ODk5ZTkzYTI2ZGE3MWNlOGYzOWFiNDQ3ZmVjZjk2N2QxOCIsbmM9MDAwMDAwMDEscW9wPWF1dGgsZGlnZXN0LXVyaT0ieG1wcC9qYWJiZXIub3JnIixyZXNwb25zZT02Y2YxNzhkNDMwOGI2ZGM3NjZjNjFkM2U4MTQ3MDUxNixjaGFyc2V0PXV0Zi04LG5vbmNlPSJiUkNrZmdUSHZobnIzeTlNaEw0QzZIdUVZZHVKMjB3bHphMmNtT296ZFowPSI=</response>
06-15 12:55:55.226 24937 24939 D dalvikvm: GC_CONCURRENT freed 387K, 6% free 9407K/9927K, paused 6ms+2ms
06-15 12:55:55.722 22715 25017 I System.out: 12:55:55 PM RCV  (1095501736): <success xmlns='urn:ietf:params:xml:ns:xmpp-sasl'>cnNwYXV0aD1hYTI1YTg0MTNlNmY0ZTM1MGU5YWI1ZjQ3MmU5NGIyMA==</success>
06-15 12:55:55.722 22715 25017 I System.out: 12:55:55 PM SENT (1095501736): <stream:stream to="jabber.org" xmlns="jabber:client" xmlns:stream="http://etherx.jabber.org/streams" version="1.0">
06-15 12:55:56.687 22715 25017 I System.out: 12:55:56 PM RCV  (1095501736): <?xml version='1.0'?><stream:stream xmlns='jabber:client' xmlns:stream='http://etherx.jabber.org/streams' from='jabber.org' id='8503dd20405845e3' version='1.0'><stream:features><bind xmlns='urn:ietf:params:xml:ns:xmpp-bind'><required/></bind><session xmlns='urn:ietf:params:xml:ns:xmpp-session'/><compression xmlns='http://jabber.org/features/compress'><method>zlib</method></compression><ver xmlns='urn:xmpp:features:rosterver'><optional/></ver></stream:features>
06-15 12:55:56.687 22715 25016 I System.out: 12:55:56 PM SENT (1095501736): <iq id="pM7V4-47" type="set"><bind xmlns="urn:ietf:params:xml:ns:xmpp-bind"><resource>android9e7FLMWG</resource></bind></iq>
06-15 12:55:56.773 24992 24994 D dalvikvm: GC_CONCURRENT freed 289K, 4% free 9247K/9607K, paused 12ms+7ms
06-15 12:55:59.031 24992 24994 D dalvikvm: GC_CONCURRENT freed 401K, 6% free 9306K/9799K, paused 1ms+2ms
06-15 12:56:01.722 22715 24987 E com.xabber.android.data.connection.AccountItem@41417788: No response from the server.: 
06-15 12:56:01.722 22715 24987 E com.xabber.android.data.connection.AccountItem@41417788: 	at org.jivesoftware.smack.SASLAuthentication.bindResourceAndEstablishSession(SASLAuthentication.java:452)
06-15 12:56:01.722 22715 24987 E com.xabber.android.data.connection.AccountItem@41417788: 	at org.jivesoftware.smack.SASLAuthentication.authenticate(SASLAuthentication.java:348)
06-15 12:56:01.722 22715 24987 E com.xabber.android.data.connection.AccountItem@41417788: 	at org.jivesoftware.smack.XMPPConnection.login(XMPPConnection.java:210)
06-15 12:56:01.722 22715 24987 E com.xabber.android.data.connection.AccountItem@41417788: 	at com.xabber.android.data.connection.ConnectionThread.authorization(ConnectionThread.java:214)
06-15 12:56:01.722 22715 24987 E com.xabber.android.data.connection.AccountItem@41417788: 	at com.xabber.android.data.connection.ConnectionThread.access$5(ConnectionThread.java:207)
06-15 12:56:01.722 22715 24987 E com.xabber.android.data.connection.AccountItem@41417788: 	at com.xabber.android.data.connection.ConnectionThread$7.run(ConnectionThread.java:197)
06-15 12:56:01.722 22715 24987 E com.xabber.android.data.connection.AccountItem@41417788: 	at com.xabber.android.data.connection.ConnectionThread$13.run(ConnectionThread.java:362)
06-15 12:56:01.722 22715 24987 E com.xabber.android.data.connection.AccountItem@41417788: 	at java.util.concurrent.Executors$RunnableAdapter.call(Executors.java:442)
06-15 12:56:01.722 22715 24987 E com.xabber.android.data.connection.AccountItem@41417788: 	at java.util.concurrent.FutureTask$Sync.innerRun(FutureTask.java:305)
06-15 12:56:01.722 22715 24987 E com.xabber.android.data.connection.AccountItem@41417788: 	at java.util.concurrent.FutureTask.run(FutureTask.java:137)
06-15 12:56:01.722 22715 24987 E com.xabber.android.data.connection.AccountItem@41417788: 	at java.util.concurrent.ThreadPoolExecutor.runWorker(ThreadPoolExecutor.java:1076)
06-15 12:56:01.722 22715 24987 E com.xabber.android.data.connection.AccountItem@41417788: 	at java.util.concurrent.ThreadPoolExecutor$Worker.run(ThreadPoolExecutor.java:569)
06-15 12:56:01.722 22715 24987 E com.xabber.android.data.connection.AccountItem@41417788: 	at java.lang.Thread.run(Thread.java:856)
06-15 12:56:01.722 22715 22715 I com.xabber.android.data.connection.AccountItem@41417788: onClose 1095501736 - 26, true
06-15 12:56:01.726 22715 22715 I com.xabber.android.data.roster.RosterManager@41385390: onDisconnect
06-15 12:56:01.761 22715 24987 W System.err: java.lang.InterruptedException
06-15 12:56:01.777 22715 24987 W System.err: 	at java.util.concurrent.locks.AbstractQueuedSynchronizer.acquireInterruptibly(AbstractQueuedSynchronizer.java:1198)
06-15 12:56:01.777 22715 24987 W System.err: 	at java.util.concurrent.locks.ReentrantLock.lockInterruptibly(ReentrantLock.java:311)
06-15 12:56:01.781 22715 24987 W System.err: 	at java.util.concurrent.LinkedBlockingQueue.put(LinkedBlockingQueue.java:309)
06-15 12:56:01.781 22715 24987 W System.err: 	at org.jivesoftware.smack.PacketWriter.sendPacket(PacketWriter.java:156)
06-15 12:56:01.781 22715 24987 W System.err: 	at org.jivesoftware.smack.XMPPConnection.shutdown(XMPPConnection.java:410)
06-15 12:56:01.785 22715 24987 W System.err: 	at org.jivesoftware.smack.XMPPConnection.disconnect(XMPPConnection.java:465)
06-15 12:56:01.785 22715 24987 W System.err: 	at org.jivesoftware.smack.Connection.disconnect(Connection.java:476)
06-15 12:56:01.789 22715 24987 W System.err: 	at com.xabber.android.data.connection.ConnectionThread.authorization(ConnectionThread.java:243)
06-15 12:56:01.789 22715 24987 W System.err: 	at com.xabber.android.data.connection.ConnectionThread.access$5(ConnectionThread.java:207)
06-15 12:56:01.793 22715 24987 W System.err: 	at com.xabber.android.data.connection.ConnectionThread$7.run(ConnectionThread.java:197)
06-15 12:56:01.793 22715 24987 W System.err: 	at com.xabber.android.data.connection.ConnectionThread$13.run(ConnectionThread.java:362)
06-15 12:56:01.793 22715 24987 W System.err: 	at java.util.concurrent.Executors$RunnableAdapter.call(Executors.java:442)
06-15 12:56:01.796 22715 24987 W System.err: 	at java.util.concurrent.FutureTask$Sync.innerRun(FutureTask.java:305)
06-15 12:56:01.796 22715 24987 W System.err: 	at java.util.concurrent.FutureTask.run(FutureTask.java:137)
06-15 12:56:01.800 22715 24987 W System.err: 	at java.util.concurrent.ThreadPoolExecutor.runWorker(ThreadPoolExecutor.java:1076)
06-15 12:56:01.800 22715 24987 W System.err: 	at java.util.concurrent.ThreadPoolExecutor$Worker.run(ThreadPoolExecutor.java:569)
06-15 12:56:01.800 22715 24987 W System.err: 	at java.lang.Thread.run(Thread.java:856)
06-15 12:56:01.820 22715 25016 I System.out: 12:56:01 PM SENT (1095501736): </stream:stream>
06-15 12:56:03.398 22715 25017 I System.out: 12:56:03 PM RCV  (1095501736): </stream:stream>
06-15 12:56:04.574 22715 22717 D dalvikvm: GC_CONCURRENT freed 480K, 8% free 10407K/11207K, paused 13ms+6ms
06-15 12:56:05.757 24992 25026 D dalvikvm: GC_FOR_ALLOC freed 151K, 5% free 9460K/9863K, paused 53ms
06-15 12:56:07.879 22715 25037 I System.out: 12:56:07 PM SENT (1095462136): <stream:stream to="jabber.org" xmlns="jabber:client" xmlns:stream="http://etherx.jabber.org/streams" version="1.0">
06-15 12:56:08.515 24785 24785 I wpa_supplicant: wlan0: CTRL-EVENT-DISCONNECTED bssid=d0:c2:82:67:2e:70 reason=0
06-15 12:56:09.234 24992 25026 D dalvikvm: GC_FOR_ALLOC freed 134K, 6% free 9421K/9991K, paused 51ms
06-15 12:56:09.238 24992 25026 I dalvikvm-heap: Grow heap (frag case) to 9.458MB for 198436-byte allocation
06-15 12:56:09.250 24992 25026 D dalvikvm: GC_FOR_ALLOC freed 94K, 8% free 9520K/10247K, paused 14ms
06-15 12:56:09.812 24785 24785 I wpa_supplicant: wlan0: Trying to associate with d0:c2:82:2d:f2:b0 (SSID='UB_Secure' freq=2437 MHz)
06-15 12:56:09.980 24785 24785 I wpa_supplicant: wlan0: Associated with d0:c2:82:2d:f2:b0
06-15 12:56:09.980 24785 24785 I wpa_supplicant: wlan0: CTRL-EVENT-EAP-STARTED EAP authentication started
06-15 12:56:09.984 24785 24785 I wpa_supplicant: wlan0: CTRL-EVENT-EAP-PROPOSED-METHOD vendor=0 method=4 -> NAK
06-15 12:56:09.988 24785 24785 I wpa_supplicant: wlan0: CTRL-EVENT-EAP-PROPOSED-METHOD vendor=0 method=25
06-15 12:56:09.988 24785 24785 I wpa_supplicant: wlan0: CTRL-EVENT-EAP-METHOD EAP vendor 0 method 25 (PEAP) selected
06-15 12:56:09.992   142   158 D dalvikvm: GC_EXPLICIT freed 717K, 27% free 19256K/26055K, paused 4ms+8ms
06-15 12:56:09.996 24785 24785 I wpa_supplicant: EAP-TLV: TLV Result - Success - EAP-TLV/Phase2 Completed
06-15 12:56:10.171 23418 23439 I x       : Not returning location for the following outliers: [229533831541072]
06-15 12:56:10.214   213   215 D dalvikvm: GC_CONCURRENT freed 519K, 59% free 9750K/23239K, paused 5ms+4ms
06-15 12:56:10.273   213   213 D dalvikvm: GC_FOR_ALLOC freed 436K, 59% free 9730K/23239K, paused 17ms
06-15 12:56:10.347 23418 23419 D dalvikvm: GC_CONCURRENT freed 487K, 6% free 10312K/10887K, paused 8ms+3ms
06-15 12:56:10.414   213   213 D dalvikvm: GC_FOR_ALLOC freed 361K, 59% free 9728K/23239K, paused 17ms
06-15 12:56:10.464 23300 23303 D dalvikvm: GC_CONCURRENT freed 447K, 8% free 10150K/11015K, paused 3ms+3ms
06-15 12:56:12.406 22715 25038 I System.out: 12:56:12 PM RCV  (1095462136): <?xml version='1.0'?><stream:stream xmlns='jabber:client' xmlns:stream='http://etherx.jabber.org/streams' from='jabber.org' id='80976ae636c14328' version='1.0'><stream:features><starttls xmlns='urn:ietf:params:xml:ns:xmpp-tls'/><mechanisms xmlns='urn:ietf:params:xml:ns:xmpp-sasl'><mechanism>CRAM-MD5</mechanism><mechanism>LOGIN</mechanism><mechanism>PLAIN</mechanism><mechanism>DIGEST-MD5</mechanism><mechanism>SCRAM-SHA-1</mechanism></mechanisms><compression xmlns='http://jabber.org/features/compress'><method>zlib</method></compression><ver xmlns='urn:xmpp:features:rosterver'><optional/></ver></stream:features>
06-15 12:56:12.418 22715 25038 I System.out: 12:56:12 PM SENT (1095462136): <starttls xmlns="urn:ietf:params:xml:ns:xmpp-tls"/>
06-15 12:56:14.777 24992 25026 D dalvikvm: GC_FOR_ALLOC freed 2K, 8% free 9520K/10247K, paused 76ms
06-15 12:56:14.777 24992 25026 I dalvikvm-heap: Grow heap (frag case) to 9.542MB for 185625-byte allocation
06-15 12:56:14.789 22715 25038 I System.out: 12:56:14 PM RCV  (1095462136): <proceed xmlns='urn:ietf:params:xml:ns:xmpp-tls'/>
06-15 12:56:14.816 24992 25026 D dalvikvm: GC_FOR_ALLOC freed 201K, 9% free 9500K/10439K, paused 27ms
06-15 12:56:16.254 22715 25038 I System.out: 12:56:16 PM SENT (1095462136): <stream:stream to="jabber.org" xmlns="jabber:client" xmlns:stream="http://etherx.jabber.org/streams" version="1.0">
06-15 12:56:18.203 22715 25038 I System.out: 12:56:18 PM RCV  (1095462136): <?xml version='1.0'?><stream:stream xmlns='jabber:client' xmlns:stream='http://etherx.jabber.org/streams' from='jabber.org' id='16f906677f7dd2cc' version='1.0'><stream:features><mechanisms xmlns='urn:ietf:params:xml:ns:xmpp-sasl'><mechanism>CRAM-MD5</mechanism><mechanism>LOGIN</mechanism><mechanism>PLAIN</mechanism><mechanism>DIGEST-MD5</mechanism><mechanism>SCRAM-SHA-1</mechanism></mechanisms><compression xmlns='http://jabber.org/features/compress'><method>zlib</method></compression><ver xmlns='urn:xmpp:features:rosterver'><optional/></ver></stream:features>
06-15 12:56:18.250 22715 25037 I System.out: 12:56:18 PM SENT (1095462136): <auth mechanism="DIGEST-MD5" xmlns="urn:ietf:params:xml:ns:xmpp-sasl"></auth>
06-15 12:56:19.015 22715 25038 I System.out: 12:56:19 PM RCV  (1095462136): <challenge xmlns='urn:ietf:params:xml:ns:xmpp-sasl'>bm9uY2U9IjNqd0ltRForanMxSk9kd01uZVRlVmJTei9CVk5xWjVtZHp1NUxFRWpSa2M9IixyZWFsbT0iamFiYmVyLm9yZyIscW9wPSJhdXRoIixtYXhidWY9MTYzODQsY2hhcnNldD11dGYtOCxhbGdvcml0aG09bWQ1LXNlc3M=</challenge>
06-15 12:56:19.117 22715 25037 I System.out: 12:56:19 PM SENT (1095462136): <response xmlns="urn:ietf:params:xml:ns:xmpp-sasl">dXNlcm5hbWU9Imxva2VzaG1hbmR2ZWthciIscmVhbG09ImphYmJlci5vcmciLGNub25jZT0iYTA1ZTRlMWMxNTNmOTAyNjgzZjFlYTNiMjNlY2UwYzE5YTU2YjgwMzYzZGI2NjA0YTUzMTUxYmU1MzliZmNkMSIsbmM9MDAwMDAwMDEscW9wPWF1dGgsZGlnZXN0LXVyaT0ieG1wcC9qYWJiZXIub3JnIixyZXNwb25zZT0zYmFmZTQ5NDMwZWNlMjMzMDA1MmIzMjFjNmVjN2FmYSxjaGFyc2V0PXV0Zi04LG5vbmNlPSIzandJbURaK2pzMUpPZHdNbmVUZVZiU3ovQlZOcVo1bWR6dTVMRUVqUmtjPSI=</response>
06-15 12:56:19.136 22715 22717 D dalvikvm: GC_CONCURRENT freed 350K, 7% free 10444K/11207K, paused 21ms+7ms
06-15 12:56:20.074 22715 25038 I System.out: 12:56:20 PM RCV  (1095462136): <success xmlns='urn:ietf:params:xml:ns:xmpp-sasl'>cnNwYXV0aD02ZjZlMDMxNjkwYjEzZTkwYjI1NGMwNmQ1ZGU0NmI2Nw==</success>
06-15 12:56:20.086 22715 25038 I System.out: 12:56:20 PM SENT (1095462136): <stream:stream to="jabber.org" xmlns="jabber:client" xmlns:stream="http://etherx.jabber.org/streams" version="1.0">
06-15 12:56:20.964 22715 25038 I System.out: 12:56:20 PM RCV  (1095462136): <?xml version='1.0'?><stream:stream xmlns='jabber:client' xmlns:stream='http://etherx.jabber.org/streams' from='jabber.org' id='2666c64551057b7e' version='1.0'><stream:features><bind xmlns='urn:ietf:params:xml:ns:xmpp-bind'><required/></bind><session xmlns='urn:ietf:params:xml:ns:xmpp-session'/><compression xmlns='http://jabber.org/features/compress'><method>zlib</method></compression><ver xmlns='urn:xmpp:features:rosterver'><optional/></ver></stream:features>
06-15 12:56:20.980 22715 25037 I System.out: 12:56:20 PM SENT (1095462136): <iq id="pM7V4-48" type="set"><bind xmlns="urn:ietf:params:xml:ns:xmpp-bind"><resource>android9e7FLMWG</resource></bind></iq>
06-15 12:56:40.090   142   366 D AlarmManagerService: Kernel timezone updated to 240 minutes west of GMT
06-15 12:56:40.101   342   342 D SAN_SERVICE: *******************************************
06-15 12:56:40.101   342   342 D SAN_SERVICE: DM App Phone Service State - 0
06-15 12:56:40.101   342   342 D SAN_SERVICE: *******************************************
06-15 12:56:46.027 24785 24785 I wpa_supplicant: wlan0: CTRL-EVENT-DISCONNECTED bssid=d0:c2:82:2d:f2:b0 reason=0
06-15 12:56:46.035   142   153 D AlarmManagerService: Kernel timezone updated to 240 minutes west of GMT
06-15 12:56:46.179 22715 25036 E com.xabber.android.data.connection.AccountItem@41417788: No response from the server.: 
06-15 12:56:46.179 22715 25036 E com.xabber.android.data.connection.AccountItem@41417788: 	at org.jivesoftware.smack.SASLAuthentication.bindResourceAndEstablishSession(SASLAuthentication.java:452)
06-15 12:56:46.179 22715 25036 E com.xabber.android.data.connection.AccountItem@41417788: 	at org.jivesoftware.smack.SASLAuthentication.authenticate(SASLAuthentication.java:348)
06-15 12:56:46.179 22715 25036 E com.xabber.android.data.connection.AccountItem@41417788: 	at org.jivesoftware.smack.XMPPConnection.login(XMPPConnection.java:210)
06-15 12:56:46.179 22715 25036 E com.xabber.android.data.connection.AccountItem@41417788: 	at com.xabber.android.data.connection.ConnectionThread.authorization(ConnectionThread.java:214)
06-15 12:56:46.179 22715 25036 E com.xabber.android.data.connection.AccountItem@41417788: 	at com.xabber.android.data.connection.ConnectionThread.access$5(ConnectionThread.java:207)
06-15 12:56:46.179 22715 25036 E com.xabber.android.data.connection.AccountItem@41417788: 	at com.xabber.android.data.connection.ConnectionThread$7.run(ConnectionThread.java:197)
06-15 12:56:46.179 22715 25036 E com.xabber.android.data.connection.AccountItem@41417788: 	at com.xabber.android.data.connection.ConnectionThread$13.run(ConnectionThread.java:362)
06-15 12:56:46.179 22715 25036 E com.xabber.android.data.connection.AccountItem@41417788: 	at java.util.concurrent.Executors$RunnableAdapter.call(Executors.java:442)
06-15 12:56:46.179 22715 25036 E com.xabber.android.data.connection.AccountItem@41417788: 	at java.util.concurrent.FutureTask$Sync.innerRun(FutureTask.java:305)
06-15 12:56:46.179 22715 25036 E com.xabber.android.data.connection.AccountItem@41417788: 	at java.util.concurrent.FutureTask.run(FutureTask.java:137)
06-15 12:56:46.179 22715 25036 E com.xabber.android.data.connection.AccountItem@41417788: 	at java.util.concurrent.ThreadPoolExecutor.runWorker(ThreadPoolExecutor.java:1076)
06-15 12:56:46.179 22715 25036 E com.xabber.android.data.connection.AccountItem@41417788: 	at java.util.concurrent.ThreadPoolExecutor$Worker.run(ThreadPoolExecutor.java:569)
06-15 12:56:46.179 22715 25036 E com.xabber.android.data.connection.AccountItem@41417788: 	at java.lang.Thread.run(Thread.java:856)
06-15 12:56:46.183 22715 22715 I com.xabber.android.data.connection.AccountItem@41417788: onClose 1095462136 - 27, true
06-15 12:56:46.183 22715 22715 I com.xabber.android.data.roster.RosterManager@41385390: onDisconnect
06-15 12:56:46.214 22715 25036 W System.err: java.lang.InterruptedException
06-15 12:56:46.222 22715 25036 W System.err: 	at java.util.concurrent.locks.AbstractQueuedSynchronizer.acquireInterruptibly(AbstractQueuedSynchronizer.java:1198)
06-15 12:56:46.222 22715 25036 W System.err: 	at java.util.concurrent.locks.ReentrantLock.lockInterruptibly(ReentrantLock.java:311)
06-15 12:56:46.222 22715 25036 W System.err: 	at java.util.concurrent.LinkedBlockingQueue.put(LinkedBlockingQueue.java:309)
06-15 12:56:46.226 22715 25036 W System.err: 	at org.jivesoftware.smack.PacketWriter.sendPacket(PacketWriter.java:156)
06-15 12:56:46.226 22715 25036 W System.err: 	at org.jivesoftware.smack.XMPPConnection.shutdown(XMPPConnection.java:410)
06-15 12:56:46.230 22715 25036 W System.err: 	at org.jivesoftware.smack.XMPPConnection.disconnect(XMPPConnection.java:465)
06-15 12:56:46.230 22715 25036 W System.err: 	at org.jivesoftware.smack.Connection.disconnect(Connection.java:476)
06-15 12:56:46.230 22715 25036 W System.err: 	at com.xabber.android.data.connection.ConnectionThread.authorization(ConnectionThread.java:243)
06-15 12:56:46.230 22715 25036 W System.err: 	at com.xabber.android.data.connection.ConnectionThread.access$5(ConnectionThread.java:207)
06-15 12:56:46.230 22715 25036 W System.err: 	at com.xabber.android.data.connection.ConnectionThread$7.run(ConnectionThread.java:197)
06-15 12:56:46.234 22715 25036 W System.err: 	at com.xabber.android.data.connection.ConnectionThread$13.run(ConnectionThread.java:362)
06-15 12:56:46.234 22715 25036 W System.err: 	at java.util.concurrent.Executors$RunnableAdapter.call(Executors.java:442)
06-15 12:56:46.234 22715 25036 W System.err: 	at java.util.concurrent.FutureTask$Sync.innerRun(FutureTask.java:305)
06-15 12:56:46.234 22715 25036 W System.err: 	at java.util.concurrent.FutureTask.run(FutureTask.java:137)
06-15 12:56:46.234 22715 25036 W System.err: 	at java.util.concurrent.ThreadPoolExecutor.runWorker(ThreadPoolExecutor.java:1076)
06-15 12:56:46.234 22715 25036 W System.err: 	at java.util.concurrent.ThreadPoolExecutor$Worker.run(ThreadPoolExecutor.java:569)
06-15 12:56:46.234 22715 25036 W System.err: 	at java.lang.Thread.run(Thread.java:856)
06-15 12:56:46.234 22715 25037 I System.out: 12:56:46 PM SENT (1095462136): </stream:stream>
06-15 12:56:56.187 17554 17645 D NetworkLocator: null cell state delivered
06-15 12:56:56.191 17554 17645 D NetworkLocator: null cell state delivered
06-15 12:56:56.214   342   342 D SAN_SERVICE: *******************************************
06-15 12:56:56.214   342   342 D SAN_SERVICE: DM App Phone Service State - 3
06-15 12:56:56.214   342   342 D SAN_SERVICE: *******************************************
06-15 12:56:56.214   142   159 I ActivityManager: Start proc com.google.android.partnersetup for broadcast com.google.android.partnersetup/.PhoneStateReceiver: pid=25048 uid=10022 gids={3003}
06-15 12:56:56.218   342   342 D CAT     : CatService: SIM ready. Reporting STK service running now...
06-15 12:56:56.285 25048 25048 I ActivityThread: Pub com.google.android.partnersetup.rlzprovider: com.google.android.partnersetup.RlzProvider
06-15 12:56:56.293 25048 25048 I ActivityThread: Pub com.google.android.partnersetup.rlzappprovider: com.google.android.partnersetup.RlzAppProvider
06-15 12:56:56.410   142   199 D ConnectivityService: ConnectivityChange for mobile: DISCONNECTED/DISCONNECTED
06-15 12:56:56.410   142   199 D ConnectivityService: Attempting to switch to WIFI
06-15 12:56:56.437   342   342 D SAN_SERVICE: *******************************************
06-15 12:56:56.437   342   342 D SAN_SERVICE: DM App Phone Service State - 1
06-15 12:56:56.437   342   342 D SAN_SERVICE: *******************************************
06-15 12:56:56.441   142   199 D ConnectivityService: Attempting to switch to WIMAX
06-15 12:56:56.441   142   199 D ConnectivityService: Attempting to switch to BLUETOOTH_TETHER
06-15 12:56:56.453   142   199 D NetUtils: android_net_utils_resetConnections in env=0x658290 clazz=0x4f000001 iface=rmnet0 mask=0x3
06-15 12:56:56.453   142   199 D ConnectivityService: resetConnections(rmnet0, 3)
06-15 12:56:56.546   342   342 D SAN_SERVICE: *******************************************
06-15 12:56:56.546   342   342 D SAN_SERVICE: DM App Phone Service State - 1
06-15 12:56:56.546   342   342 D SAN_SERVICE: *******************************************
06-15 12:56:56.593 17554 25021 W Smack/Packet: notify conn break (IOEx), close connection
06-15 12:56:56.597 22715 25045 E com.xabber.android.data.connection.AccountItem@41417788: java.lang.RuntimeException: XMPPError connecting to jabber.org:5222.: remote-server-error(502) XMPPError connecting to jabber.org:5222.
06-15 12:56:56.597 22715 25045 E com.xabber.android.data.connection.AccountItem@41417788:   -- caused by: java.net.ConnectException: failed to connect to jabber.org/208.68.163.220 (port 5222): connect failed: ETIMEDOUT (Connection timed out)
06-15 12:56:56.597 22715 25045 E com.xabber.android.data.connection.AccountItem@41417788: 	at com.xabber.android.data.connection.ConnectionThread.connect(ConnectionThread.java:165)
06-15 12:56:56.597 22715 25045 E com.xabber.android.data.connection.AccountItem@41417788: 	at com.xabber.android.data.connection.ConnectionThread.access$1(ConnectionThread.java:160)
06-15 12:56:56.597 22715 25045 E com.xabber.android.data.connection.AccountItem@41417788: 	at com.xabber.android.data.connection.ConnectionThread$2.run(ConnectionThread.java:98)
06-15 12:56:56.597 22715 25045 E com.xabber.android.data.connection.AccountItem@41417788: 	at com.xabber.android.data.connection.ConnectionThread$13.run(ConnectionThread.java:362)
06-15 12:56:56.597 22715 25045 E com.xabber.android.data.connection.AccountItem@41417788: 	at java.util.concurrent.Executors$RunnableAdapter.call(Executors.java:442)
06-15 12:56:56.597 22715 25045 E com.xabber.android.data.connection.AccountItem@41417788: 	at java.util.concurrent.FutureTask$Sync.innerRun(FutureTask.java:305)
06-15 12:56:56.597 22715 25045 E com.xabber.android.data.connection.AccountItem@41417788: 	at java.util.concurrent.FutureTask.run(FutureTask.java:137)
06-15 12:56:56.597 22715 25045 E com.xabber.android.data.connection.AccountItem@41417788: 	at java.util.concurrent.ThreadPoolExecutor.runWorker(ThreadPoolExecutor.java:1076)
06-15 12:56:56.597 22715 25045 E com.xabber.android.data.connection.AccountItem@41417788: 	at java.util.concurrent.ThreadPoolExecutor$Worker.run(ThreadPoolExecutor.java:569)
06-15 12:56:56.597 22715 25045 E com.xabber.android.data.connection.AccountItem@41417788: 	at java.lang.Thread.run(Thread.java:856)
06-15 12:56:56.597 22715 25045 E com.xabber.android.data.connection.AccountItem@41417788: Caused by: XMPPError connecting to jabber.org:5222.: remote-server-error(502) XMPPError connecting to jabber.org:5222.
06-15 12:56:56.597 22715 25045 E com.xabber.android.data.connection.AccountItem@41417788:   -- caused by: java.net.ConnectException: failed to connect to jabber.org/208.68.163.220 (port 5222): connect failed: ETIMEDOUT (Connection timed out)
06-15 12:56:56.597 22715 25045 E com.xabber.android.data.connection.AccountItem@41417788: 	at org.jivesoftware.smack.XMPPConnection.connectUsingConfiguration(XMPPConnection.java:562)
06-15 12:56:56.597 22715 25045 E com.xabber.android.data.connection.AccountItem@41417788: 	at org.jivesoftware.smack.XMPPConnection.connect(XMPPConnection.java:997)
06-15 12:56:56.597 22715 25045 E com.xabber.android.data.connection.AccountItem@41417788: 	at com.xabber.android.data.connection.ConnectionThread.connect(ConnectionThread.java:162)
06-15 12:56:56.597 22715 25045 E com.xabber.android.data.connection.AccountItem@41417788: 	... 9 more
06-15 12:56:56.597 22715 22715 I com.xabber.android.data.connection.AccountItem@41417788: onClose 1095253592 - 28, true
06-15 12:56:56.597 22715 22715 I com.xabber.android.data.roster.RosterManager@41385390: onDisconnect
06-15 12:56:56.750 17554 25021 I qtaguid : Failed write_ctrl(u 58) res=-1 errno=22
06-15 12:56:56.754 17554 25021 I qtaguid : Untagging socket 58 failed errno=-22
06-15 12:56:56.754 17554 25021 W NetworkManagementSocketTagger: untagSocket(58) failed with errno -22
06-15 12:56:56.777   142   199 D ConnectivityService: handleInetConditionChange: no active default network - ignore
06-15 12:56:57.164   142   154 D AlarmManagerService: Kernel timezone updated to 240 minutes west of GMT
06-15 12:56:57.211   142   199 D ConnectivityService: ConnectivityChange for mobile: CONNECTED/CONNECTED
06-15 12:56:57.234   342   342 D SAN_SERVICE: *******************************************
06-15 12:56:57.234   342   342 D SAN_SERVICE: DM App Phone Service State - 0
06-15 12:56:57.234   342   342 D SAN_SERVICE: *******************************************
06-15 12:56:57.359   142   195 D NetworkPolicy: applying policy NetworkPolicy[NetworkTemplate: matchRule=MOBILE_ALL, subscriberId=valid]: cycleDay=8, warningBytes=2147483648, limitBytes=-1, lastSnooze=-1 to ifaces [rmnet0]
06-15 12:56:58.164   142   916 D AlarmManagerService: Kernel timezone updated to 240 minutes west of GMT
06-15 12:56:58.929 23418 23439 D dalvikvm: GC_EXPLICIT freed 100K, 6% free 10276K/10887K, paused 12ms+3ms
06-15 12:56:59.089 23300 23303 D dalvikvm: GC_CONCURRENT freed 449K, 8% free 10197K/11015K, paused 2ms+6ms
06-15 12:56:59.480   142   203 D Tethering: MasterInitialState.processMessage what=3
06-15 12:56:59.562 24281 24281 I MediaUploader: No need to wake up
06-15 12:56:59.593 22715 22715 I com.xabber.android.data.connection.NetworkManager@41438b40: Network: NetworkInfo: type: mobile[UNKNOWN], state: DISCONNECTED/DISCONNECTED, reason: (unspecified), extra: , roaming: false, failover: false, isAvailable: false, active: NetworkInfo: type: mobile[CDMA - 1xRTT], state: CONNECTED/CONNECTED, reason: (unspecified), extra: , roaming: true, failover: false, isAvailable: true
06-15 12:56:59.593 22715 22715 I com.xabber.android.data.connection.NetworkManager@41438b40: State does not changed.
06-15 12:56:59.613 24297 24330 D PicasaSyncManager: active network: NetworkInfo: type: mobile[CDMA - 1xRTT], state: CONNECTED/CONNECTED, reason: (unspecified), extra: , roaming: true, failover: false, isAvailable: true
06-15 12:56:59.613 24297 24330 D PicasaSyncManager: background data: true
06-15 12:57:00.234   142   203 D Tethering: MasterInitialState.processMessage what=3
06-15 12:57:00.300 22715 22715 I com.xabber.android.data.connection.NetworkManager@41438b40: Network: NetworkInfo: type: mobile[CDMA - 1xRTT], state: CONNECTED/CONNECTED, reason: (unspecified), extra: , roaming: true, failover: false, isAvailable: true, active: NetworkInfo: type: mobile[CDMA - 1xRTT], state: CONNECTED/CONNECTED, reason: (unspecified), extra: , roaming: true, failover: false, isAvailable: true
06-15 12:57:00.300 22715 22715 I com.xabber.android.data.connection.NetworkManager@41438b40: State does not changed.
06-15 12:57:00.355 24281 24281 I MediaUploader: No need to wake up
06-15 12:57:00.504   142   145 D dalvikvm: GC_CONCURRENT freed 1894K, 26% free 19332K/26055K, paused 6ms+8ms
06-15 12:57:00.543 24297 24330 D PicasaSyncManager: active network: NetworkInfo: type: mobile[CDMA - 1xRTT], state: CONNECTED/CONNECTED, reason: (unspecified), extra: , roaming: true, failover: false, isAvailable: true
06-15 12:57:00.546 24297 24330 D PicasaSyncManager: background data: true
06-15 12:57:00.562 17554 17557 D dalvikvm: GC_CONCURRENT freed 412K, 7% free 10417K/11143K, paused 2ms+82ms
06-15 12:57:00.617   342   342 D SAN_SERVICE: *******************************************
06-15 12:57:00.617   342   342 D SAN_SERVICE: DM App Phone Service State - 0
06-15 12:57:00.617   342   342 D SAN_SERVICE: *******************************************
06-15 12:57:00.652 24297 24299 D dalvikvm: GC_CONCURRENT freed 920K, 18% free 12320K/14919K, paused 14ms+4ms
06-15 12:57:01.183   142   916 D AlarmManagerService: Kernel timezone updated to 240 minutes west of GMT
06-15 12:57:01.191   342   342 D SAN_SERVICE: *******************************************
06-15 12:57:01.191   342   342 D SAN_SERVICE: DM App Phone Service State - 0
06-15 12:57:01.191   342   342 D SAN_SERVICE: *******************************************
06-15 12:57:03.578 24785 24785 I wpa_supplicant: wlan0: Trying to associate with d0:c2:82:2d:ea:c0 (SSID='UB_Secure' freq=2462 MHz)
06-15 12:57:03.695 24785 24785 I wpa_supplicant: wlan0: Associated with d0:c2:82:2d:ea:c0
06-15 12:57:03.695 24785 24785 I wpa_supplicant: wlan0: CTRL-EVENT-EAP-STARTED EAP authentication started
06-15 12:57:03.703 24785 24785 I wpa_supplicant: wlan0: CTRL-EVENT-EAP-PROPOSED-METHOD vendor=0 method=4 -> NAK
06-15 12:57:03.707 24785 24785 I wpa_supplicant: wlan0: CTRL-EVENT-EAP-PROPOSED-METHOD vendor=0 method=25
