06-14 00:47:04.732 32304 32343 I System.out: 12:47:04 AM RCV  (1095116264): LUP3vj+6eFhlmRAZJIUlZAAEWhjvIsGCYVc7VuKEAV81BCNVAZZovKuVSDMwWg1zHsns+McskFvszfMdvXwaBmWLTiWwKFvzXSQbe4M66LIOJ30R7ujfj5MjUWN9ssvfeF0yYmG4Nu2DcyslCFCo8jEha6Ox317egInfWqK8uvfvN62u6PhFx8/fHLn4cevf/B7XC50Ori+c832aKzS42VcrRZVUzU++NYJmyANO1XHFbcUpQVCvXfl6p2T1d6zF2/ePK5np9HXPJoum0TBqmlPq8o3dbh248qP/+g71ape29xBhUqBMSyEwiJATdV67zGCUSaAAEaIIXAcW2PFM6vgKcbWWhOCI4HL62vX93aLtmXQqe4PNwdWNRtsly4G5/rWZmLpWE164/WtLOtlWZZYo4cKEoXP7Ox8VM9Mis5XgWPdeJskiSYXo9Lklo+K6TqXs0/efuve3dsn9a2ra/r//K3/28s2DvvGjCc5KMxdbIxkJ6vHd2/fKoqKtExGPTuxiQFFOYtoO1AESaJd2+g035xwr675z//KL/3vi+XsyK6aqK1hX5v+1np/Y2dr+0ff+2fHD2/tXH1elDYalAZjyDHXdWt06ppYrJbDtIdaEUpAAtYc4mQ6AAndu3IcmGMUZg5eG90zetLLIytq1GAwwGG5vrHB2PetT4xJlCad3qvbKsREaZVlQ5NskFiWYqofP1imvcHJPIC4pq54kLHoKGisOT3ZH4yf+8PvvVk8eGuSFz4dmBuvefNt5GQwGG5upX/5Vwbvvv7k3qP18vTkzt3bv/8v/0WS9Psp/sxPPrM+7fezhJ1jIGWh388QGFFr3/B6PpQcrE7+vX//1/7H/+k3y+NqqCmZpP3h9Ohk+cE7Pzh4eKdnE6W6c6CdrB3b2kfnDWgJrl7NUxCVSZrnvvVp0jMAG8MhASgkAmLhtnUh+BBcDzPTOg0KjPJE3iaIfdu3m5MNCSBRRKRWSkV/ZWPt8mCwrpMEUYFvm2rcj89d2/7k3mE+WF81oWyDZ46ukaistcyrVO6eOv70YPXlqVSlPTk6vD52Ri2SfpqNcZQ0Oxt0/169LI6i1KggRN+2cnRwkqVoSDVVIYjjZBp8sIpCCOq/+K//yxiCNcYoGA3S0cbehzcfVE3l29XpbPbg7ocnjz7yrkyH0+FoDCBaq8jeKPRNaKqmqVZVMWuqAjUNphMPwSrNLAOrLk7HKKi16V7yYuZVURR1mVjrm1anvZgk67vjyXoWORqyJkmyft5GrkJog7+Qj15cW9vqmzTPtEJSohRCCMXKPVnWw42ddDg9PDkVkBijVsZYvSwLlY6OKnd6+uijd5+ctnB5D75y/bKRYynvjka777/n3v+A94/S3auvLmfLjz/8BEAUwet/9PbjxzPnBcmYNDNaEYJSpIxS/8l//p8pUr7xiTURKelle5f33nn73dnx8uTJo3pxUJeVIAxGI5v2EdHaBJgTlOh9VbngY7WaAUMyGA3X1oHFmqSumo08W8szBtCKWCIi+shV284XC6MJe9n0hVdipqdTtb450hpdBI/oAi9YnCgj+sp0ME41oCJtJFHdCybi+f7MFZM17pG3yWhjuigD65y0MsZUZRMBKg6zJ8eOW5X2XFBXX/lKXS4urKVmtOXVdGP9ovdqsnFdQuXa46r2AHJ6clIXbjVfAUPeS9NENIlRXpNX//Hf/jupMU3VDPLU+ZBavTbqPXPtwne++8bpyWNuCle2Nkny0RqlKaASFojRAnMMbds2RRVaDwQbu7u9Xh69j6xiaHfWhhYZULrj96gIUKJ3y2WBKh1evXHlJ38qoSa3sZfb0SRnEJOmwRq2apqmV9YGk35CCoUAEUgTEqDASRlvBYrjvHGNzvu9jam3w2e/+nP9jT2yeVG6VVFv7uwezY9mp/sqyVbLWvft1csDOZl5NdBpHhkP53G6cfnZZzb+3X/nF2/evH26LGezRWwDCbZNu1zOo0jaSxILIq1u65hYUUQiopAIMEnUay9d/9Vf/aX/7r/9NLKYRCdZrk1mtAYUZsh6OUSHxEqRSVXwShTaxMYYUbBpmzyxedIT9izCjDFKQiQCYtJ09xqub9z42tcMelSQp1qis/nIoCKikTaKZEMlKQkpIxJJkZBCbQTRSbxZFCudK2wBg7KBNS/cymUZ9QbQn1y7cH15fFoV8/Hl+dH+MYBo5GJ5cvcJPbntC7l348bFi9vjyK6ufFMjAYxHab+fvvbVLy6OZ/tPjk4WKxf58GT1wQcPdnfX1taGelW0PsJglMbIrfPWJsygkH/pF3/yn/zjP/j+v7o/zDNlM1L67Dg5gU5tuWwCk+dYVsumrfvDCYs454gF2E0H64kyJMgSYxTArIYM+vlgbzrc2U2vrCVrbMu2JaVTbNpVdzjUsbdGJyAColSCOgEIaDUow5ErT+/ce3Q3cAODgW7YAGQ0L2alLwQCJWmbJjVbuDJeU/Tac9eHG9t33nqdT+6OgbZ6w1v1chX8b/0/313Le9ZOLlwjIFE2e/HFl+4dFFtr470LO9eedQcHh0eHCyBbN/TkIBal1651kRmVDIZJpoiQjUIlmKb6r/61f+tHP/i2SpUxiTJIipBM4CbEelWtytmyWc2jj1k2IKW71ysji9J6nPU1YFQaxPqkn27tDbcvkFlzGnGH1i+PYPWkaiKNN5/wQRY8QRjk2cHMNxKYxZhUD1PRCaoIKgOOT4ryzXsPZ2Wdjzd4McrZB2ha5qOjZdtwXbWZMsMMmroOOiuC9CbTn/7VX33t3/yl7/+D/2GcfajDfiUJRO+DOlpptK6J1Yc3j/7g2/9qsVzVDd++9X5dN6lRO5t2faJUb803/uDRo3LV0z9+8wcvvvTydD13PvTzNHZvIyNwlLYurDXd+JHOcjBK8McHp6enc2w9kNZZmvXzspgLCBIFiUmSVK7NxyMYDPtrO5PdZ2OvHxX5xkQoNrcg5UUmPTcwp1Tm6XZ1Ut2ZL3oDpdFy6yNHIA5tBAEQaqr209PZO0/mNUhuTPCTViWYjBwfFHXhOa7Kpm5cHau8nyWoArcmyyJhUbn+cPClf+MvLh788I47Glyd3X7nwyQfvfjiKzc/vRs5Llf+rY8PIDqIYbUo6iaE1uX90dpIh1htbu9onRwdnerg2tSmvpWkp6vGueh7SVKtyt/43/7Br//6b0oE7PWMMUTUtm2xqtumEpbUWOdZ6yTLB01ZdC9poyLbS1lptzOafPWVbLSdpGOGhGtiB4Gbwag1rhn0ksbaMrUoDaOoC88+YN8rZE0bzYSuTpKknSc6Tw/Lw9sHxwvEOoRUAmJ60vRUXj2pj7whJNV6JyRKoYfkqMLMGNauYUeA+WCwig1Mx+Xp2miydn0nW7/x0oc/+L5uVtvjoZC+8cy1l77wwvtvv/X4we0
06-14 00:47:04.748 32304 32343 I System.out: 12:47:04 AM RCV  (1095116264): DaE9OZzXrT++fFGv9Ye4X8/nmzjMvf/k1XbSwf7yi1CrbS5VF13739//p7/zO7/7h62/5qs6yHJFsmjGLRDDa6LTXFHXpnOnlaa/vmya0dZKlW4Okl9iCZe/VVy986Rnvs2ywbjgpGxYhZpekbd5z7F3rFPb7BnEgSnEo0DSU+6ZqHN4vgubeJ0uzmivI9rG3chFVdEYFq5TXo+BloBatXzUuelCDtcn9+w9irMH2wdhSWoAAKgWhwi2N4RY4JnkjgdLe5Lnn/uzzL374B79/8uO3CSL7hmM16Km1YQ99v8+hqqKHbHVazo9nKkkPTurR6Il+ePH57bTHjx7MXj96/ODmg5sfumrJrQffaKVRpzbrCQDHqJWpqiAtZHrc65laGhfaJrik30OuX1g3rz575TAfN5efqdAO7BgcOlExWB8ao5thHpQ4QV030ixmNskqbHuJ9DX4xunoixbKxkSfKrcFwrmptawSwCgoolW23vhEqaO6ntc+1oHRoJASjK6pkzRSqAHdeMxlbDhmtUfW6EGRtcIhWV/TaT+Aef6X/9y901PSmauq8vR+cXRanJ6ExnuQNAdVFXlfZkvdtjRfrk5Oaj1P0+1Lk8vS+81/9cM77/5Qi/fe3Xn0eFkUlI1RKWuTuq45RmCJMWT91JBpvecoPjBpEyW2lWvKZQtBb286awzkg6TXNjq0OgpErPp5S7gaDXolh6oNGLB2ZTLoN2i4qlKbcyi18lYLkSEg0EUUJxEwijFZmvarBkKotG7Lqm5aZEbFYo21qZovT3ZHmykp0cSNSXpJiaEBrovYS4ygYZPobKB0AqDUsHflG99UR9UAjyF9cvkL41W7e+vu48Vx3ZauEB2DGSdSk+pNposm6p+6ujZJ1UBlRbk6LYrlcn5wcnI8XzLZ9eEEFbF33btOUTgSt+Cb4ECAkRkisHdliRzn3izStSrNBXFtoBOpnFsLEIM402uiXkaNLgaQiISBnQAtnc/S1KJdLmpAlBAgtNs5iK+czkoAzAYGWXxbV40WsiBt2darkJossgeBJEmnG5Pj2f6la18gZSKppQpBB7Fcc9SKKMQ06YfWAWIvSZvFEofD7S9cl3duFSd0/fKV7fXEuXjjxubhwerguHjrvbv3H68KMC4w1uWXXviivj5MrMg//+ff/f73f3g0e7xaLtrWAZPp9XQ/d7Ur6yZNEqOMwYSJ29BKRE3a+zK0bXSNFrBJ//aieml9w0sQF7VkdW2qSgJHUSWapWMHQUMTWCIqYhYnITaFY++YQaWoNFEfsXEcR+PtsDKIjefSBa859pEIWAiFkP6/Gu5kR5KrCsDwme6NiMzKrKpOVxvaFhjLEiDB4yKxYcsGiedAYlhYbHGZxphWt6khIzLiDmdgUc17/P+HQiLknnJ44Jsf/fjvX9+DWqJwhJkuFVrVjpE5CzvvUmoLrMv5dHNqA8/1vIgeXh3+++/xh29zekutFkJYF/vw/vIwn9L+7tXRk7AQbK3LjvD7t//5zW9/9693961cXPWFatgfbliG3W4MDtPmGAFu6hiE6GVbtm0GAElDToNaS6e7MiYjQB2efzi6Dl1dY6bdTNxcgzhYIAwGkVJaAJK79xaBCD1MORzdVqen+UkrDcdK2NB9YEgMarY15SRBsJTS1K3U8SrngbL4fH7c3eaeEwBkzgBEJlERjQgZwPtl01KFMfpWt2WaeH97Ux8uiDhOqbeWxvj0zWc3p7vWeinruqxla2Wr8vCw/OH3f7y//0fXC39ESCINI6UBA5nQiDALhHm4MLvBcp7Ves6JWIhEzVvYF7/65UrO0qmT6pV7b9oNLwnOzAgaQyaIRoi1Nw9EJIQX+iiBdvcQQgqI6IiFB0jYMqIjToNoLy/JoLp/vBiNTMFdEf14yI+P7/iwrzYmYvGUurOnUB9pSFR67aWUp+eHNIBLibr6dG2ZwqL21lsNU1PXbrX2UmprrRat1Up1uf/m4eu//Zl0I/2Ie4lIIBAjhgKieQACM2FA3VbrPSUZ89jQVQ3dQ9vpdPzkzR3kQNTwvRkFVnelaSXCbWk3xwmRGMMNVD/SOREeHkiBRGatB2YkiD5IOCB7G9JYeq9qbiHBEuFBA6VWGwG5GxIA0PXN8d13333+1RdpMpDklfY+YVCHSpAZsK2Wr7SHLsuyybLNS4rxcHwFT4brhh4aEeQBFmFmvaz1fJ5LLaVV+ctf/wR1c++BwMgY4Bo8kLfWkCUnICTJgQDokjID9tY01BEQHMLD6s9+8WufEDDASCuhbQDs+Jj4Yt6Fo3bLgeOQm5oSAumL3EDx8gY7M3OAAGROgEqut5OsugJIwvCAgCAQgIFHq+tZLLkLwhDkKafL9g4r0Y4MHE0AoEIvZPsOYkNZ+u2XBz3my4f2dF6lRq2PV5HUfd162Vqrq7bWSttKK1tp3TwYQAhc/vntN+/fv3dTQkL0CMs5f/L6tDa3bgCIWSxCRITYtHXtHhEEOeVmDgBq+uXPv+oWow3zufDmiGq40ngB9N7btEtMoKZb9WaoH7+pQAAkRAwAYAAhwpdnIPwqY0J3d0JIbg1wc2BHjp6JiQcwF6QUrI7DmIB1fj4fbq4HDiChjhiYLXEjimQdZUo9+txLK42LadeNYH/Y57UzcUrsqjrqVGvb1VLXus/rupbCUssaYETQ1tXAGPD29vD69ent9+cI6Gr/H3XNTNV6IEpKBhHuCFBqeXV32t9ez82sYr0E1y6DhlSZ+mW7TBPvpiREW/Xq2BzcXyijF38BEQEjKEJNwQwFBSHcakcNoAgCrGoNaMd2mvpaNKArtcNwnYjUfdztPvv804eHD8ef/BTBmFm6sCJZLA26B7hs27KWx+oK6mCqDZ7cb69PNwZDyGW7PD/PJs20CZlZmeeny2WZ5+V/Io6VpsuvJpoAAAAASUVORK5CYII=</BINVAL></PHOTO></vCard></iq>
06-14 00:47:04.764 32346 32346 W OrcaGuiceModule: Sig: ijxLJi1yGs1JpL-X1SExmchvork
06-14 00:47:04.791 32304 32343 D dalvikvm: GC_FOR_ALLOC freed 250K, 5% free 10465K/11015K, paused 44ms
06-14 00:47:05.033 32304 32318 I com.xabber.android.data.roster.SyncManager$4@413b2198: Presence changed
06-14 00:47:05.033 32304 32318 I com.xabber.android.data.roster.SyncManager@4143fb60: Insert presences 0
06-14 00:47:05.033 32304 32318 I com.xabber.android.data.roster.SyncManager$3@414ad520: Roster updated
06-14 00:47:05.166 32304 32318 I com.xabber.android.data.roster.SyncManager@4143fb60: Insert presences 1
06-14 00:47:05.365 32346 32349 D dalvikvm: GC_CONCURRENT freed 283K, 5% free 9641K/10055K, paused 14ms+3ms
06-14 00:47:05.506 32346 32361 W Resources: Converting to string: TypedValue{t=0x10/d=0xffffffff a=-1}
06-14 00:47:05.518 32304 32318 I com.xabber.android.data.roster.SyncManager$4@413695e8: Presence changed
06-14 00:47:05.674   213   213 D dalvikvm: GC_EXPLICIT freed 30K, 59% free 9686K/23239K, paused 3ms+11ms
06-14 00:47:05.678 32304 32318 I com.xabber.android.data.roster.SyncManager@4143fb60: Insert presences 1
06-14 00:47:05.678 32304 32318 I com.xabber.android.data.roster.SyncManager$4@41346288: Presence changed
06-14 00:47:05.728 32346 32349 D dalvikvm: GC_CONCURRENT freed 308K, 4% free 9867K/10247K, paused 3ms+2ms
06-14 00:47:05.826 32346 32346 D ACRA    : Retrieve application default SharedPreferences.
06-14 00:47:05.826 32346 32346 D ACRA    : Set OnSharedPreferenceChangeListener.
06-14 00:47:05.826 32346 32346 D ACRA    : ACRA is enabled for com.facebook.orca, intializing...
06-14 00:47:05.912 32346 32346 D ACRA    : Looking for error files in /data/data/com.facebook.orca/app_acra-reports
06-14 00:47:05.982 32346 32349 D dalvikvm: GC_CONCURRENT freed 321K, 4% free 10097K/10503K, paused 34ms+4ms
06-14 00:47:06.025 32346 32361 D dalvikvm: GC_FOR_ALLOC freed 80K, 5% free 10142K/10631K, paused 25ms
06-14 00:47:06.088   142   918 I ActivityManager: Process android.process.acore (pid 32320) has died.
06-14 00:47:06.111 32346 32361 D dalvikvm: GC_FOR_ALLOC freed 199K, 5% free 10166K/10695K, paused 35ms
06-14 00:47:06.146 32346 32361 D dalvikvm: GC_FOR_ALLOC freed 70K, 5% free 10232K/10695K, paused 26ms
06-14 00:47:06.213 32346 32361 D dalvikvm: GC_FOR_ALLOC freed 217K, 6% free 10258K/10823K, paused 25ms
06-14 00:47:06.260 32346 32361 D dalvikvm: GC_FOR_ALLOC freed 96K, 5% free 10329K/10823K, paused 25ms
06-14 00:47:06.502 32346 32349 D dalvikvm: GC_CONCURRENT freed 272K, 4% free 10610K/10951K, paused 2ms+3ms
06-14 00:47:06.725 32346 32349 D dalvikvm: GC_CONCURRENT freed 303K, 4% free 10897K/11271K, paused 2ms+4ms
06-14 00:47:06.904 32346 32349 D dalvikvm: GC_CONCURRENT freed 558K, 6% free 11026K/11655K, paused 2ms+3ms
06-14 00:47:07.103 32346 32349 D dalvikvm: GC_CONCURRENT freed 226K, 3% free 11470K/11783K, paused 2ms+3ms
06-14 00:47:11.205   342   342 D dalvikvm: GC_EXPLICIT freed 83K, 16% free 12075K/14343K, paused 45ms+3ms
06-14 00:47:16.178   428   428 D dalvikvm: GC_EXPLICIT freed <1K, 4% free 9037K/9347K, paused 44ms+6ms
06-14 00:47:22.057 31494 31496 D dalvikvm: GC_CONCURRENT freed 497K, 6% free 10272K/10887K, paused 2ms+8ms
06-14 00:47:22.072   142   294 I ActivityManager: Start proc com.google.android.apps.maps:LocationFriendService for service com.google.android.apps.maps/com.google.googlenav.friend.reporting.LocationReceiverService: pid=32371 uid=10057 gids={3003, 1015}
06-14 00:47:22.307 32371 32374 D dalvikvm: GC_CONCURRENT freed 156K, 3% free 9380K/9607K, paused 2ms+2ms
06-14 00:47:22.580   142   922 I ActivityManager: Process com.whatsapp (pid 32236) has died.
06-14 00:47:22.580   142   922 W ActivityManager: Scheduling restart of crashed service com.whatsapp/.messaging.MessageService in 5000ms
06-14 00:47:22.771 32371 32374 D dalvikvm: GC_CONCURRENT freed 181K, 3% free 9650K/9927K, paused 2ms+5ms
06-14 00:47:22.803   142   197 D DhcpInfoInternal: makeLinkProperties with empty dns2!
06-14 00:47:22.807   142   197 D DhcpInfoInternal: makeLinkProperties with empty dns2!
06-14 00:47:24.342 32371 32374 D dalvikvm: GC_CONCURRENT freed 279K, 4% free 9895K/10247K, paused 2ms+3ms
06-14 00:47:24.357 32371 32378 I dalvikvm: Total arena pages for JIT: 11
06-14 00:47:24.365 32371 32378 I dalvikvm: Total arena pages for JIT: 12
06-14 00:47:24.365 32371 32378 I dalvikvm: Total arena pages for JIT: 13
06-14 00:47:24.365 32371 32378 I dalvikvm: Total arena pages for JIT: 14
06-14 00:47:24.365 32371 32378 I dalvikvm: Total arena pages for JIT: 15
06-14 00:47:24.365 32371 32378 I dalvikvm: Total arena pages for JIT: 16
06-14 00:47:24.365 32371 32378 I dalvikvm: Total arena pages for JIT: 17
06-14 00:47:24.693   142   366 I ActivityManager: Process com.google.android.apps.maps:LocationFriendService (pid 32371) has died.
06-14 00:47:27.084   342   342 D SAN_SERVICE: *******************************************
06-14 00:47:27.084   342   342 D SAN_SERVICE: DM App Phone Service State - 0
06-14 00:47:27.084   342   342 D SAN_SERVICE: *******************************************
06-14 00:47:27.650   142   159 I ActivityManager: Start proc com.whatsapp for service com.whatsapp/.messaging.MessageService: pid=32413 uid=10070 gids={1015, 3003}
06-14 00:47:27.783   342   342 D SAN_SERVICE: *******************************************
06-14 00:47:27.783   342   342 D SAN_SERVICE: DM App Phone Service State - 0
06-14 00:47:27.783   342   342 D SAN_SERVICE: *******************************************
06-14 00:47:27.787 32413 32413 I dalvikvm: Turning on JNI app bug workarounds for target SDK version 7...
06-14 00:47:28.166 32413 32415 D dalvikvm: GC_CONCURRENT freed 162K, 3% free 9363K/9607K, paused 2ms+3ms
06-14 00:47:28.482 32413 32415 D dalvikvm: GC_CONCURRENT freed 290K, 4% free 9598K/9991K, paused 2ms+3ms
06-14 00:47:28.697 32413 32413 I SqliteDatabaseCpp: sqlite returned: error code = 1, msg = duplicate column name: photo_ts, db=/data/data/com.whatsapp/databases/msgstore.db
06-14 00:47:28.697 32413 32413 I SqliteDatabaseCpp: sqlite returned: error code = 1, msg = duplicate column name: thumb_ts, db=/data/data/com.whatsapp/databases/msgstore.db
06-14 00:47:28.697 32413 32413 I SqliteDatabaseCpp: sqlite returned: error code = 1, msg = duplicate column name: photo_id_timestamp, db=/data/data/com.whatsapp/databases/msgstore.db
06-14 00:47:28.768   142   366 I ActivityManager: Start proc android.process.acore for content provider com.android.providers.contacts/.ContactsProvider2: pid=32433 uid=10000 gids={3003, 1015}
06-14 00:47:28.830 32433 32433 I ActivityThread: Pub call_log: com.android.providers.contacts.CallLogProvider
06-14 00:47:28.869 32433 32433 I ActivityThread: Pub com.android.voicemail: com.android.providers.contacts.VoicemailContentProvider
06-14 00:47:28.873 32433 32433 I ActivityThread: Pub user_dictionary: com.android.providers.userdictionary.UserDictionaryProvider
06-14 00:47:28.900 32433 32433 I ActivityThread: Pub com.android.social: com.android.providers.contacts.SocialProvider
06-14 00:47:28.900 32433 32433 I ActivityThread: Pub applications: com.android.providers.applications.ApplicationsProvider
06-14 00:47:28.982 32413 32413 I dalvikvm: Could not find method android.media.MediaMetadataRetriever.captureFrame, referenced from method com.whatsapp.d3.a
06-14 00:47:28.982 32413 32413 W dalvikvm: VFY: unable to resolve virtual method 496: Landroid/media/MediaMetadataRetriever;.captureFrame ()Landroid/graphics/Bitmap;
06-14 00:47:28.982 32413 32413 D dalvikvm: VFY: replacing opcode 0x6e at 0x0134
06-14 00:47:29.060 32433 32433 I ActivityThread: Pub contacts;com.android.contacts: com.android.providers.contacts.ContactsProvider2
06-14 00:47:29.131 32433 32435 D dalvikvm: GC_CONCURRENT freed 345K, 5% free 9191K/9607K, paused 11ms+3ms
06-14 00:47:29.236 32413 32415 D dalvikvm: GC_CONCURRENT freed 300K, 4% free 9807K/10183K, paused 3ms+4ms
06-14 00:47:29.478   142   916 I ActivityManager: Process com.google.android.apps.googlevoice (pid 32125) has died.
06-14 00:47:29.478   142   916 W ActivityManager: Scheduling restart of crashed service com.google.android.apps.googlevoice/.UpdateService in 5000ms
06-14 00:47:29.478   142   916 W ActivityManager: Scheduling restart of crashed service com.google.android.apps.googlevoice/.CallLogService in 14999ms
06-14 00:47:29.502 32413 32415 D dalvikvm: GC_CONCURRENT freed 306K, 4% free 9977K/10375K, paused 3ms+4ms
06-14 00:47:30.037   142   422 D dalvikvm: GC_EXPLICIT freed 505K, 23% free 19114K/24647K, paused 10ms+20ms
06-14 00:47:30.947 32433 32435 D dalvikvm: GC_CONCURRENT freed 195K, 4% free 9414K/9735K, paused 2ms+2ms
06-14 00:47:31.107   142   921 I ActivityManager: Process android.process.acore (pid 32433) has died.
06-14 00:47:31.494 32413 32415 D dalvikvm: GC_CONCURRENT freed 518K, 7% free 9862K/10503K, paused 2ms+2ms
06-14 00:47:34.549   142   159 I ActivityManager: Start proc com.google.android.apps.googlevoice for service com.google.android.apps.googlevoice/.UpdateService: pid=32457 uid=10056 gids={3003, 1015}
06-14 00:47:34.928 32457 32459 D dalvikvm: GC_CONCURRENT freed 233K, 4% free 9303K/9607K, paused 5ms+17ms
06-14 00:47:35.127   142   142 I ActivityManager: Start proc android.process.acore for content provider com.android.providers.contacts/.VoicemailContentProvider: pid=32472 uid=10000 gids={3003, 1015}
06-14 00:47:35.150 32472 32472 I ActivityThread: Pub call_log: com.android.providers.contacts.CallLogProvider
06-14 00:47:35.162 32472 32472 I ActivityThread: Pub com.android.voicemail: com.android.providers.contacts.VoicemailContentProvider
06-14 00:47:35.162 32472 32472 I ActivityThread: Pub user_dictionary: com.android.providers.userdictionary.UserDictionaryProvider
06-14 00:47:35.174 32472 32472 I ActivityThread: Pub com.android.social: com.android.providers.contacts.SocialProvider
06-14 00:47:35.174 32472 32472 I ActivityThread: Pub applications: com.android.providers.applications.ApplicationsProvider
06-14 00:47:35.256 32472 32472 I ActivityThread: Pub contacts;com.android.contacts: com.android.providers.contacts.ContactsProvider2
06-14 00:47:35.279 32472 32475 D dalvikvm: GC_CONCURRENT freed 335K, 5% free 9201K/9607K, paused 2ms+1ms
06-14 00:47:35.768   142   370 I ActivityManager: Process com.xabber.android (pid 32304) has died.
06-14 00:47:35.783   142   370 W ActivityManager: Scheduling restart of crashed service com.xabber.android/.service.XMPPService in 3270912ms
06-14 00:47:35.803   142   918 D CountryDetector: The first listener is added
06-14 00:47:35.865 32457 32459 D dalvikvm: GC_CONCURRENT freed 413K, 6% free 9404K/9927K, paused 1ms+83ms
06-14 00:47:35.865 32457 32466 W CursorWrapperInner: Cursor finalized without prior close()
06-14 00:47:35.865 32457 32466 W CursorWrapperInner: Cursor finalized without prior close()
06-14 00:47:35.865 32457 32466 W CursorWrapperInner: Cursor finalized without prior close()
06-14 00:47:35.908 32472 32475 D dalvikvm: GC_CONCURRENT freed 239K, 4% free 9365K/9735K, paused 2ms+8ms
06-14 00:47:36.166 32472 32475 D dalvikvm: GC_CONCURRENT freed 255K, 4% free 9560K/9927K, paused 5ms+3ms
06-14 00:47:36.283 32457 32459 D dalvikvm: GC_CONCURRENT freed 316K, 5% free 9481K/9927K, paused 47ms+5ms
06-14 00:47:37.529 32472 32475 D dalvikvm: GC_CONCURRENT freed 225K, 3% free 9901K/10183K, paused 2ms+5ms
06-14 00:47:37.748 32457 32495 D dalvikvm: GC_FOR_ALLOC freed 160K, 5% free 9662K/10119K, paused 27ms
06-14 00:47:37.865 32472 32475 D dalvikvm: GC_CONCURRENT freed 440K, 6% free 9949K/10503K, paused 2ms+6ms
06-14 00:47:37.900 32472 32484 D dalvikvm: GC_EXPLICIT freed 21K, 6% free 9927K/10503K, paused 4ms+3ms
06-14 00:47:40.826   357   357 D dalvikvm: GC_EXPLICIT freed <1K, 6% free 9100K/9607K, paused 2ms+9ms
06-14 00:47:40.842   142   154 I ActivityManager: Process android.process.acore (pid 32472) has died.
06-14 00:47:40.846   142   154 D CountryDetector: No listener is left
06-14 00:47:45.955   959   959 D dalvikvm: GC_EXPLICIT freed 120K, 21% free 11683K/14663K, paused 18ms+4ms
06-14 00:47:50.947 27790 27790 D dalvikvm: GC_EXPLICIT freed <1K, 36% free 11628K/17991K, paused 19ms+3ms
06-14 00:47:52.697   342   342 D SAN_SERVICE: *******************************************
06-14 00:47:52.697   342   342 D SAN_SERVICE: DM App Phone Service State - 0
06-14 00:47:52.697   342   342 D SAN_SERVICE: *******************************************
06-14 00:47:57.916 30026 30026 D dalvikvm: GC_EXPLICIT freed 35K, 7% free 9940K/10631K, paused 23ms+3ms
06-14 00:48:05.432   142   158 D dalvikvm: GC_EXPLICIT freed 343K, 23% free 19093K/24647K, paused 51ms+9ms
06-14 00:48:10.334   213   213 D dalvikvm: GC_EXPLICIT freed 25K, 59% free 9682K/23239K, paused 5ms+4ms
06-14 00:48:15.377   342   342 D dalvikvm: GC_EXPLICIT freed 54K, 16% free 12075K/14343K, paused 52ms+3ms
06-14 00:48:20.225 30467 30480 I PhoneLab-: Service Running
06-14 00:48:20.314   428   428 D dalvikvm: GC_EXPLICIT freed <1K, 4% free 9037K/9347K, paused 20ms+2ms
06-14 00:48:20.408 30467 30480 I PhoneLab-LoggerService: app_38    27718 1     1112   664   c00f181c 400107b4 S logcat
06-14 00:48:20.412 30467 30480 I PhoneLab-LoggerService: Logcat pid from database 27718
06-14 00:48:20.412 30467 30480 I PhoneLab-LoggerService: Logcat process found 27718
06-14 00:48:20.412 30467 30480 I PhoneLab-LoggerService: Checking Threshold
06-14 00:48:20.412 30467 30480 I PhoneLab-LoggerService: Starting to rename files
06-14 00:48:20.416 30467 30480 I PhoneLab-LoggerService: Files found .. 3
06-14 00:48:20.416 30467 30480 I PhoneLab-LoggerService: File 1 log.out.1
06-14 00:48:20.424 30467 30480 I PhoneLab-LoggerService: Renamed successfully
06-14 00:48:22.096   142   422 I ActivityManager: Start proc com.google.android.apps.maps:LocationFriendService for service com.google.android.apps.maps/com.google.googlenav.friend.reporting.LocationReceiverService: pid=32500 uid=10057 gids={3003, 1015}
06-14 00:48:22.361 32500 32501 D dalvikvm: GC_CONCURRENT freed 168K, 3% free 9368K/9607K, paused 2ms+5ms
06-14 00:48:22.752 32500 32501 D dalvikvm: GC_CONCURRENT freed 158K, 3% free 9665K/9927K, paused 19ms+2ms
06-14 00:48:22.889 31494 31496 D dalvikvm: GC_CONCURRENT freed 360K, 6% free 10332K/10887K, paused 25ms+3ms
06-14 00:48:23.205 32500 32501 D dalvikvm: GC_CONCURRENT freed 233K, 4% free 9915K/10247K, paused 2ms+2ms
06-14 00:48:23.412   142   921 I ActivityManager: Process com.google.android.apps.maps:LocationFriendService (pid 32500) has died.
06-14 00:48:28.498   324   324 D dalvikvm: GC_EXPLICIT freed <1K, 20% free 10618K/13191K, paused 15ms+4ms
06-14 00:48:33.475 16941 16941 E GeckoApp: low memory
06-14 00:48:33.529 16941 16941 D dalvikvm: GC_EXPLICIT freed 2K, 22% free 10500K/13319K, paused 3ms+5ms
06-14 00:48:38.514   142   172 I ActivityManager: Start proc com.twitter.android for service com.twitter.android/.client.AppService: pid=32525 uid=10068 gids={3003, 1015}
06-14 00:48:38.521 32525 32525 I dalvikvm: Turning on JNI app bug workarounds for target SDK version 11...
06-14 00:48:38.607 31494 31494 D dalvikvm: GC_EXPLICIT freed 287K, 5% free 10406K/10887K, paused 21ms+19ms
06-14 00:48:38.643 32525 32525 I ActivityThread: Pub com.twitter.android.provider.GlobalDatabaseProvider: com.twitter.android.provider.GlobalDatabaseProvider
06-14 00:48:38.650 32525 32525 I ActivityThread: Pub com.twitter.android.provider.TwitterProvider: com.twitter.android.provider.TwitterProvider
06-14 00:48:38.768 32525 32527 D dalvikvm: GC_CONCURRENT freed 191K, 4% free 9297K/9607K, paused 3ms+6ms
06-14 00:48:38.975 32525 32527 D dalvikvm: GC_CONCURRENT freed 225K, 4% free 9509K/9863K, paused 2ms+2ms
06-14 00:48:39.127 32525 32527 D dalvikvm: GC_CONCURRENT freed 295K, 5% free 9634K/10055K, paused 1ms+2ms
06-14 00:48:39.264 32525 32527 D dalvikvm: GC_CONCURRENT freed 299K, 5% free 9761K/10183K, paused 2ms+2ms
06-14 00:48:39.408 32525 32527 D dalvikvm: GC_CONCURRENT freed 294K, 5% free 9885K/10311K, paused 8ms+2ms
06-14 00:48:39.557 32525 32527 D dalvikvm: GC_CONCURRENT freed 301K, 5% free 10016K/10439K, paused 2ms+2ms
06-14 00:48:39.689 32525 32527 D dalvikvm: GC_CONCURRENT freed 300K, 5% free 10144K/10567K, paused 2ms+2ms
06-14 00:48:39.818 32525 32527 D dalvikvm: GC_CONCURRENT freed 299K, 4% free 10275K/10695K, paused 2ms+1ms
06-14 00:48:40.010 32525 32527 D dalvikvm: GC_CONCURRENT freed 478K, 6% free 10233K/10823K, paused 2ms+2ms
06-14 00:48:40.139 32525 32527 D dalvikvm: GC_CONCURRENT freed 331K, 5% free 10299K/10823K, paused 2ms+2ms
06-14 00:48:40.291 32525 32527 D dalvikvm: GC_CONCURRENT freed 322K, 5% free 10385K/10823K, paused 1ms+2ms
06-14 00:48:40.428 32525 32527 D dalvikvm: GC_CONCURRENT freed 358K, 5% free 10467K/10951K, paused 1ms+2ms
06-14 00:48:40.572 32525 32527 D dalvikvm: GC_CONCURRENT freed 343K, 5% free 10550K/11015K, paused 2ms+2ms
06-14 00:48:40.713 32525 32527 D dalvikvm: GC_CONCURRENT freed 327K, 5% free 10632K/11079K, paused 1ms+3ms
06-14 00:48:40.865 32525 32527 D dalvikvm: GC_CONCURRENT freed 364K, 5% free 10718K/11207K, paused 2ms+2ms
06-14 00:48:41.018 32525 32527 D dalvikvm: GC_CONCURRENT freed 398K, 5% free 10812K/11335K, paused 2ms+2ms
06-14 00:48:41.498   142   142 I ActivityManager: Process com.facebook.orca (pid 32346) has died.
06-14 00:48:41.498   142   142 W ActivityManager: Scheduling restart of crashed service com.facebook.orca/.push.mqtt.MqttPushService in 5000ms
06-14 00:48:42.291 32525 32527 D dalvikvm: GC_CONCURRENT freed 336K, 5% free 11003K/11463K, paused 2ms+3ms
06-14 00:48:44.018   142   602 D dalvikvm: GC_EXPLICIT freed 262K, 23% free 19092K/24647K, paused 2ms+11ms
06-14 00:48:44.146 32525 32527 D dalvikvm: GC_CONCURRENT freed 387K, 5% free 11215K/11719K, paused 13ms+3ms
06-14 00:48:46.557   142   159 I ActivityManager: Start proc com.facebook.orca for service com.facebook.orca/.push.mqtt.MqttPushService: pid=32546 uid=10061 gids={3003, 1015, 1006}
06-14 00:48:46.564 32546 32546 I dalvikvm: Turning on JNI app bug workarounds for target SDK version 10...
06-14 00:48:46.717 32546 32546 I ActivityThread: Pub com.facebook.orca.notify.MessengerLoggedInUserProvider: com.facebook.orca.notify.MessengerLoggedInUserProvider
06-14 00:48:46.740 32546 32546 I ActivityThread: Pub com.facebook.orca.notify.MessengerForegroundProvider: com.facebook.orca.notify.MessengerForegroundProvider
06-14 00:48:46.748 32546 32546 V orca:OrcaApplication: Forcing initialization of AsyncTask
06-14 00:48:46.889 32546 32548 D dalvikvm: GC_CONCURRENT freed 225K, 4% free 9311K/9607K, paused 8ms+2ms
06-14 00:48:46.893 32546 32546 I Finalizer: Couldn't access Thread.inheritableThreadLocals. Reference finalizer threads will inherit thread local values.
06-14 00:48:46.924   142   153 I ActivityManager: Process com.twitter.android (pid 32525) has died.
06-14 00:48:47.057 32546 32548 D dalvikvm: GC_CONCURRENT freed 360K, 5% free 9448K/9927K, paused 2ms+2ms
06-14 00:48:47.135 32546 32546 W OrcaGuiceModule: Sig: ijxLJi1yGs1JpL-X1SExmchvork
06-14 00:48:47.225 32546 32548 D dalvikvm: GC_CONCURRENT freed 283K, 4% free 9616K/9991K, paused 2ms+14ms
06-14 00:48:47.529 32546 32561 W Resources: Converting to string: TypedValue{t=0x10/d=0xffffffff a=-1}
06-14 00:48:47.728 32546 32548 D dalvikvm: GC_CONCURRENT freed 327K, 4% free 9848K/10247K, paused 2ms+3ms
06-14 00:48:47.853 32546 32546 D ACRA    : Retrieve application default SharedPreferences.
06-14 00:48:47.853 32546 32546 D ACRA    : Set OnSharedPreferenceChangeListener.
06-14 00:48:47.853 32546 32546 D ACRA    : ACRA is enabled for com.facebook.orca, intializing...
06-14 00:48:47.924 32546 32548 D dalvikvm: GC_CONCURRENT freed 286K, 4% free 10078K/10439K, paused 1ms+2ms
06-14 00:48:47.928 32546 32546 D ACRA    : Looking for error files in /data/data/com.facebook.orca/app_acra-reports
06-14 00:48:47.967 32546 32561 D dalvikvm: GC_FOR_ALLOC freed 241K, 6% free 10115K/10695K, paused 28ms
06-14 00:48:48.014 32546 32561 D dalvikvm: GC_FOR_ALLOC freed 121K, 5% free 10216K/10695K, paused 22ms
06-14 00:48:48.072 32546 32561 D dalvikvm: GC_FOR_ALLOC freed 219K, 5% free 10248K/10759K, paused 22ms
06-14 00:48:48.260 32546 32548 D dalvikvm: GC_CONCURRENT freed 357K, 4% free 10453K/10887K, paused 4ms+3ms
06-14 00:48:48.557 32546 32548 D dalvikvm: GC_CONCURRENT freed 140K, 2% free 10868K/11079K, paused 6ms+13ms
06-14 00:48:48.842 32546 32548 D dalvikvm: GC_CONCURRENT freed 520K, 6% free 11000K/11591K, paused 5ms+4ms
06-14 00:48:49.060 32546 32548 D dalvikvm: GC_CONCURRENT freed 353K, 4% free 11359K/11783K, paused 2ms+3ms
06-14 00:48:50.150 32546 32548 D dalvikvm: GC_CONCURRENT freed 682K, 7% free 11369K/12167K, paused 4ms+3ms
06-14 00:48:52.877   357   357 D dalvikvm: GC_EXPLICIT freed <1K, 6% free 9100K/9607K, paused 40ms+3ms
06-14 00:48:57.877   959   959 D dalvikvm: GC_EXPLICIT freed 125K, 21% free 11684K/14663K, paused 19ms+4ms
06-14 00:49:05.127 27790 27790 D dalvikvm: GC_EXPLICIT freed <1K, 36% free 11628K/17991K, paused 2ms+3ms
06-14 00:49:13.885 30026 30026 D dalvikvm: GC_EXPLICIT freed 38K, 7% free 9947K/10631K, paused 2ms+3ms
06-14 00:49:18.998   142   158 D dalvikvm: GC_EXPLICIT freed 134K, 23% free 19081K/24647K, paused 53ms+8ms
06-14 00:49:22.162   142   917 I ActivityManager: Start proc com.google.android.apps.maps:LocationFriendService for service com.google.android.apps.maps/com.google.googlenav.friend.reporting.LocationReceiverService: pid=32570 uid=10057 gids={3003, 1015}
06-14 00:49:22.287 32570 32573 D dalvikvm: GC_CONCURRENT freed 175K, 3% free 9360K/9607K, paused 2ms+2ms
06-14 00:49:22.506   142   919 I ActivityManager: Process com.whatsapp (pid 32413) has died.
06-14 00:49:22.506   142   919 W ActivityManager: Scheduling restart of crashed service com.whatsapp/.messaging.MessageService in 5000ms
06-14 00:49:22.717 32570 32573 D dalvikvm: GC_CONCURRENT freed 159K, 3% free 9661K/9927K, paused 13ms+3ms
06-14 00:49:23.221 32570 32573 D dalvikvm: GC_CONCURRENT freed 235K, 4% free 9879K/10247K, paused 4ms+4ms
06-14 00:49:23.283 32570 32577 I dalvikvm: Total arena pages for JIT: 11
06-14 00:49:23.283 32570 32577 I dalvikvm: Total arena pages for JIT: 12
06-14 00:49:23.283 32570 32577 I dalvikvm: Total arena pages for JIT: 13
06-14 00:49:23.287 32570 32577 I dalvikvm: Total arena pages for JIT: 14
06-14 00:49:23.287 32570 32577 I dalvikvm: Total arena pages for JIT: 15
06-14 00:49:23.287 32570 32577 I dalvikvm: Total arena pages for JIT: 16
06-14 00:49:23.287 32570 32577 I dalvikvm: Total arena pages for JIT: 17
06-14 00:49:27.580   142   159 I ActivityManager: Start proc com.whatsapp for service com.whatsapp/.messaging.MessageService: pid=32593 uid=10070 gids={1015, 3003}
06-14 00:49:27.631 32593 32593 I dalvikvm: Turning on JNI app bug workarounds for target SDK version 7...
06-14 00:49:27.654    80    80 D dalvikvm: GC_EXPLICIT freed 37K, 4% free 9031K/9347K, paused 3ms+10ms
06-14 00:49:27.674   213   213 D dalvikvm: GC_EXPLICIT freed 33K, 59% free 9682K/23239K, paused 3ms+15ms
06-14 00:49:27.697    80    80 D dalvikvm: GC_EXPLICIT freed <1K, 4% free 9031K/9347K, paused 7ms+1ms
06-14 00:49:27.748    80    80 D dalvikvm: GC_EXPLICIT freed <1K, 4% free 9031K/9347K, paused 5ms+2ms
06-14 00:49:27.838 32593 32596 D dalvikvm: GC_CONCURRENT freed 168K, 3% free 9304K/9543K, paused 2ms+2ms
06-14 00:49:28.271   142   602 I ActivityManager: Process com.google.android.apps.maps:LocationFriendService (pid 32570) has died.
06-14 00:49:28.549 32593 32596 D dalvikvm: GC_CONCURRENT freed 290K, 4% free 9562K/9927K, paused 4ms+3ms
06-14 00:49:28.799 32593 32593 I SqliteDatabaseCpp: sqlite returned: error code = 1, msg = duplicate column name: photo_ts, db=/data/data/com.whatsapp/databases/msgstore.db
06-14 00:49:28.799 32593 32593 I SqliteDatabaseCpp: sqlite returned: error code = 1, msg = duplicate column name: thumb_ts, db=/data/data/com.whatsapp/databases/msgstore.db
06-14 00:49:28.799 32593 32593 I SqliteDatabaseCpp: sqlite returned: error code = 1, msg = duplicate column name: photo_id_timestamp, db=/data/data/com.whatsapp/databases/msgstore.db
06-14 00:49:28.830   142 12773 I ActivityManager: Start proc android.process.acore for content provider com.android.providers.contacts/.ContactsProvider2: pid=32613 uid=10000 gids={3003, 1015}
06-14 00:49:28.908 32593 32593 I dalvikvm: Could not find method android.media.MediaMetadataRetriever.captureFrame, referenced from method com.whatsapp.d3.a
06-14 00:49:28.908 32593 32593 W dalvikvm: VFY: unable to resolve virtual method 496: Landroid/media/MediaMetadataRetriever;.captureFrame ()Landroid/graphics/Bitmap;
06-14 00:49:28.908 32593 32593 D dalvikvm: VFY: replacing opcode 0x6e at 0x0134
06-14 00:49:28.943 32613 32613 I ActivityThread: Pub call_log: com.android.providers.contacts.CallLogProvider
06-14 00:49:28.990 32613 32613 I ActivityThread: Pub com.android.voicemail: com.android.providers.contacts.VoicemailContentProvider
06-14 00:49:28.994 32613 32613 I ActivityThread: Pub user_dictionary: com.android.providers.userdictionary.UserDictionaryProvider
06-14 00:49:29.021 32613 32613 I ActivityThread: Pub com.android.social: com.android.providers.contacts.SocialProvider
06-14 00:49:29.021 32613 32613 I ActivityThread: Pub applications: com.android.providers.applications.ApplicationsProvider
06-14 00:49:29.127 32593 32596 D dalvikvm: GC_CONCURRENT freed 305K, 4% free 9804K/10183K, paused 2ms+7ms
06-14 00:49:29.205 32613 32613 I ActivityThread: Pub contacts;com.android.contacts: com.android.providers.contacts.ContactsProvider2
06-14 00:49:29.260 32613 32616 D dalvikvm: GC_CONCURRENT freed 347K, 5% free 9188K/9607K, paused 2ms+6ms
06-14 00:49:29.498 32593 32596 D dalvikvm: GC_CONCURRENT freed 312K, 4% free 9964K/10375K, paused 2ms+4ms
06-14 00:49:31.627 32613 32616 D dalvikvm: GC_CONCURRENT freed 181K, 3% free 9467K/9735K, paused 3ms+5ms
06-14 00:49:32.490 32593 32596 D dalvikvm: GC_CONCURRENT freed 518K, 7% free 9865K/10503K, paused 278ms+12ms
06-14 00:49:34.697   342   342 D dalvikvm: GC_EXPLICIT freed 4K, 16% free 12074K/14343K, paused 29ms+3ms
06-14 00:49:39.607   428   428 D dalvikvm: GC_EXPLICIT freed <1K, 4% free 9037K/9347K, paused 28ms+2ms
06-14 00:49:44.670   324   324 D dalvikvm: GC_EXPLICIT freed <1K, 20% free 10618K/13191K, paused 44ms+3ms
06-14 00:49:47.225 30467 30467 I PhoneLab-Locks: wake lock acquired
06-14 00:49:47.248 30467 32638 I PhoneLab-PeriodicCheckService: User info is synched
06-14 00:49:47.256 30467 32638 I PhoneLab-PeriodicCheckService: Logger Service is running
06-14 00:49:47.291 30467 32638 I PhoneLab-Locks: wake lock acquired
06-14 00:49:47.299 30467 30467 I PhoneLab-UploadLogs: Transfering log files now
06-14 00:49:47.303 30467 32638 I PhoneLab-PeriodicCheckService: Rescheduling periodic checking...
06-14 00:49:47.310 30467 32638 I PhoneLab-Locks: wake lock released
06-14 00:49:47.603 30467 30469 D dalvikvm: GC_CONCURRENT freed 408K, 6% free 9230K/9735K, paused 4ms+2ms
06-14 00:49:47.639 30467 30467 D dalvikvm: GC_FOR_ALLOC freed 93K, 6% free 9261K/9799K, paused 28ms
06-14 00:49:47.643 30467 30467 I dalvikvm-heap: Grow heap (frag case) to 9.231MB for 123476-byte allocation
06-14 00:49:47.682 30467 30467 D dalvikvm: GC_FOR_ALLOC freed 56K, 7% free 9325K/9927K, paused 27ms
06-14 00:49:47.682 30467 30467 I dalvikvm-heap: Grow heap (frag case) to 9.418MB for 254548-byte allocation
06-14 00:49:47.721 30467 30467 D dalvikvm: GC_FOR_ALLOC freed 120K, 8% free 9453K/10183K, paused 32ms
06-14 00:49:47.725 30467 30467 I dalvikvm-heap: Grow heap (frag case) to 9.793MB for 516692-byte allocation
06-14 00:49:47.764 30467 30469 D dalvikvm: GC_CONCURRENT freed 248K, 10% free 9708K/10695K, paused 2ms+5ms
06-14 00:49:47.768 30467 30467 I PhoneLab-UploadLogs: OnStartCommand
06-14 00:49:47.810   142   368 I ActivityManager: Process android.process.acore (pid 32613) has died.
06-14 00:49:47.889   142   197 D DhcpInfoInternal: makeLinkProperties with empty dns2!
06-14 00:49:47.889   142   197 D DhcpInfoInternal: makeLinkProperties with empty dns2!
06-14 00:49:48.053 30467 32651 D dalvikvm: GC_FOR_ALLOC freed 389K, 10% free 9692K/10695K, paused 31ms
06-14 00:49:48.068 30467 32651 D dalvikvm: GC_FOR_ALLOC freed 306K, 10% free 9692K/10695K, paused 13ms
06-14 00:49:48.088 30467 32651 D dalvikvm: GC_FOR_ALLOC freed 306K, 10% free 9698K/10695K, paused 14ms
06-14 00:49:50.900 30467 30467 I PhoneLab-: 1339647818629.log is deleted
06-14 00:49:50.900 30467 30467 I PhoneLab-: Response: {"data": "done", "err": ""}
06-14 00:49:50.955 30467 30469 D dalvikvm: GC_CONCURRENT freed 965K, 14% free 9229K/10695K, paused 2ms+2ms
06-14 00:49:51.014 30467 30469 D dalvikvm: GC_CONCURRENT freed 298K, 13% free 9339K/10695K, paused 2ms+2ms
06-14 00:49:51.033 30467 30467 D dalvikvm: GC_FOR_ALLOC freed 120K, 12% free 9467K/10695K, paused 14ms
06-14 00:49:51.072 30467 30469 D dalvikvm: GC_CONCURRENT freed 298K, 10% free 9681K/10695K, paused 1ms+3ms
06-14 00:49:51.205 30467 32659 D dalvikvm: GC_FOR_ALLOC freed 306K, 10% free 9701K/10695K, paused 54ms
06-14 00:49:51.221 30467 32659 D dalvikvm: GC_FOR_ALLOC freed 301K, 10% free 9702K/10695K, paused 13ms
06-14 00:49:51.240 30467 32659 D dalvikvm: GC_FOR_ALLOC freed 301K, 10% free 9703K/10695K, paused 14ms
06-14 00:49:54.053 30467 30467 I PhoneLab-: 1339649300419.log is deleted
06-14 00:49:54.053 30467 30467 I PhoneLab-: Response: {"data": "done", "err": ""}
06-14 00:49:54.057 30467 30467 I PhoneLab-UploadLogs: No log files to transfer
06-14 00:49:54.057 30467 30467 I PhoneLab-Locks: wake lock released
06-14 00:49:55.533   357   357 D dalvikvm: GC_EXPLICIT freed <1K, 6% free 9100K/9607K, paused 37ms+2ms
06-14 00:50:05.103   959   959 D dalvikvm: GC_EXPLICIT freed 113K, 21% free 11682K/14663K, paused 2ms+3ms
06-14 00:50:10.146 27790 27790 D dalvikvm: GC_EXPLICIT freed <1K, 36% free 11628K/17991K, paused 31ms+3ms
06-14 00:50:15.248   142   158 D dalvikvm: GC_EXPLICIT freed 736K, 23% free 19100K/24647K, paused 56ms+9ms
06-14 00:50:20.170 30467 30480 I PhoneLab-: Service Running
06-14 00:50:20.271 30467 30480 I PhoneLab-LoggerService: app_38    27718 1     1112   664   c00f181c 400107b4 S logcat
06-14 00:50:20.275 30467 30480 I PhoneLab-LoggerService: Logcat pid from database 27718
06-14 00:50:20.275 30467 30480 I PhoneLab-LoggerService: Logcat process found 27718
06-14 00:50:20.275 30467 30480 I PhoneLab-LoggerService: Checking Threshold
06-14 00:50:22.275   142   421 I ActivityManager: Start proc com.google.android.apps.maps:LocationFriendService for service com.google.android.apps.maps/com.google.googlenav.friend.reporting.LocationReceiverService: pid=32661 uid=10057 gids={3003, 1015}
06-14 00:50:22.521 32661 32663 D dalvikvm: GC_CONCURRENT freed 156K, 3% free 9380K/9607K, paused 3ms+5ms
06-14 00:50:22.580 31494 31496 D dalvikvm: GC_CONCURRENT freed 510K, 6% free 10410K/11015K, paused 2ms+2ms
06-14 00:50:22.904   142   370 I ActivityManager: Process com.facebook.orca (pid 32546) has died.
06-14 00:50:22.904   142   370 W ActivityManager: Scheduling restart of crashed service com.facebook.orca/.push.mqtt.MqttPushService in 5000ms
06-14 00:50:22.928 32661 32663 D dalvikvm: GC_CONCURRENT freed 152K, 3% free 9660K/9927K, paused 8ms+2ms
06-14 00:50:23.326 32661 32663 D dalvikvm: GC_CONCURRENT freed 234K, 4% free 9877K/10183K, paused 2ms+3ms
06-14 00:50:27.943   142   159 I ActivityManager: Start proc com.facebook.orca for service com.facebook.orca/.push.mqtt.MqttPushService: pid=32684 uid=10061 gids={3003, 1015, 1006}
06-14 00:50:27.986 32684 32684 I dalvikvm: Turning on JNI app bug workarounds for target SDK version 10...
06-14 00:50:28.018   213   213 D dalvikvm: GC_EXPLICIT freed 33K, 59% free 9682K/23239K, paused 6ms+7ms
06-14 00:50:28.127 32684 32684 I ActivityThread: Pub com.facebook.orca.notify.MessengerLoggedInUserProvider: com.facebook.orca.notify.MessengerLoggedInUserProvider
06-14 00:50:28.146 32684 32684 I ActivityThread: Pub com.facebook.orca.notify.MessengerForegroundProvider: com.facebook.orca.notify.MessengerForegroundProvider
06-14 00:50:28.158 32684 32684 V orca:OrcaApplication: Forcing initialization of AsyncTask
06-14 00:50:28.291 32684 32687 D dalvikvm: GC_CONCURRENT freed 223K, 4% free 9313K/9607K, paused 7ms+2ms
06-14 00:50:28.295 32684 32684 I Finalizer: Couldn't access Thread.inheritableThreadLocals. Reference finalizer threads will inherit thread local values.
06-14 00:50:28.318 30467 30467 I PhoneLab-Locks: wake lock acquired
06-14 00:50:28.334 30467 30467 I PhoneLab-StatusMonitor: Status Monitoring is started
06-14 00:50:28.342   142   153 I ActivityManager: Process com.google.android.apps.maps:LocationFriendService (pid 32661) has died.
06-14 00:50:28.439 30467 30469 D dalvikvm: GC_CONCURRENT freed 977K, 14% free 9237K/10695K, paused 3ms+13ms
06-14 00:50:28.533 30467 30467 I PhoneLab-StatusMonitor: Value: 10 - unit: min
06-14 00:50:28.533 30467 30467 I PhoneLab-StatusMonitor: Running interval: 600000
06-14 00:50:28.541 30467 30467 I PhoneLab-StatusMonitor: Rescheduling status monitoring...
06-14 00:50:28.541 30467 30467 I PhoneLab-Locks: wake lock released
06-14 00:50:28.549 30467 30467 I PhoneLab-StatusMonitorLocation: Learning Location
06-14 00:50:28.549 30467 30467 I PhoneLab-Locks: wake lock acquired
06-14 00:50:28.623 30467 30469 D dalvikvm: GC_CONCURRENT freed 450K, 15% free 9172K/10695K, paused 1ms+10ms
06-14 00:50:28.627 30467 30467 I PhoneLab-Locks: wake lock acquired
06-14 00:50:28.631 30467 30467 I PhoneLab-StatusMonitorLocation: Learning Signal Strgth
06-14 00:50:28.631 30467 30467 I PhoneLab-Locks: wake lock acquired
06-14 00:50:28.646 32684 32687 D dalvikvm: GC_CONCURRENT freed 373K, 5% free 9465K/9927K, paused 2ms+3ms
06-14 00:50:28.678 30026 30098 D androidNetworkLocationListeners: Still have listener com.google.android.location.internal.client.NetworkLocationClient$1@413a94e8
06-14 00:50:28.779 32684 32684 W OrcaGuiceModule: Sig: ijxLJi1yGs1JpL-X1SExmchvork
06-14 00:50:28.834 30026 30098 D androidNetworkLocationListeners: Still have listener com.google.android.location.internal.client.NetworkLocationClient$1@413a94e8
06-14 00:50:28.900 32684 32687 D dalvikvm: GC_CONCURRENT freed 284K, 5% free 9589K/9991K, paused 7ms+4ms
06-14 00:50:28.971 30467 30467 I PhoneLab-StatusMonitorBattery: Battery_level: 97
06-14 00:50:28.998 30467 30467 I PhoneLab-Locks: wake lock released
06-14 00:50:29.029 30467 30467 I PhoneLab-StatusMonitorSignal: Signal_Strength: -96 asu: 9
06-14 00:50:29.029 30467 30467 I PhoneLab-Locks: wake lock released
06-14 00:50:29.103 32684 32703 W Resources: Converting to string: TypedValue{t=0x10/d=0xffffffff a=-1}
06-14 00:50:29.271 32684 32687 D dalvikvm: GC_CONCURRENT freed 272K, 4% free 9839K/10183K, paused 3ms+7ms
06-14 00:50:30.346 32684 32684 D ACRA    : Retrieve application default SharedPreferences.
06-14 00:50:30.346 32684 32684 D ACRA    : Set OnSharedPreferenceChangeListener.
06-14 00:50:30.346 32684 32684 D ACRA    : ACRA is enabled for com.facebook.orca, intializing...
06-14 00:50:30.408 32684 32687 D dalvikvm: GC_CONCURRENT freed 302K, 4% free 10063K/10439K, paused 3ms+5ms
06-14 00:50:30.459 32684 32703 D dalvikvm: GC_FOR_ALLOC freed 236K, 6% free 10113K/10695K, paused 38ms
06-14 00:50:30.471 32684 32684 D ACRA    : Looking for error files in /data/data/com.facebook.orca/app_acra-reports
06-14 00:50:32.049 32684 32703 D dalvikvm: GC_FOR_ALLOC freed 114K, 5% free 10215K/10695K, paused 914ms
06-14 00:50:32.478 30467 30467 I PhoneLab-StatusMonitorLocation: Location_Latitude: 42.9621351 Longitude: -78.817055 Accuracy: 64.0
06-14 00:50:32.482 30467 30467 I PhoneLab-Locks: wake lock released
06-14 00:50:32.482 30026 30098 D androidNetworkLocationListeners: Still have listener com.google.android.location.internal.client.NetworkLocationClient$1@413a94e8
06-14 00:50:32.498   142 32698 I ActivityManager: Applications Memory Usage (kB):
06-14 00:50:32.498   142 32698 I ActivityManager: Uptime: 159796855 Realtime: 286693250
06-14 00:50:32.498   142 32698 I ActivityManager: Total PSS by OOM adjustment:
06-14 00:50:32.498   142 32698 I ActivityManager:     34776 kB: System
06-14 00:50:32.498   142 32698 I ActivityManager:                34776 kB: system (pid 142)
06-14 00:50:32.498   142 32698 I ActivityManager:     28678 kB: Persistent
06-14 00:50:32.498   142 32698 I ActivityManager:                12438 kB: com.android.systemui (pid 213)
06-14 00:50:32.498   142 32698 I ActivityManager:                12014 kB: com.android.phone (pid 342)
06-14 00:50:32.498   142 32698 I ActivityManager:                 4226 kB: com.android.nfc (pid 357)
06-14 00:50:32.498   142 32698 I ActivityManager:     37543 kB: Foreground
06-14 00:50:32.498   142 32698 I ActivityManager:                30503 kB: com.android.launcher (pid 27790)
06-14 00:50:32.498   142 32698 I ActivityManager:                 7040 kB: com.facebook.orca (pid 32684)
06-14 00:50:32.498   142 32698 I ActivityManager:      2983 kB: Visible
06-14 00:50:32.498   142 32698 I ActivityManager:                 2983 kB: com.android.smspush (pid 428)
06-14 00:50:32.498   142 32698 I ActivityManager:     29963 kB: Perceptible
06-14 00:50:32.498   142 32698 I ActivityManager:                19670 kB: hr.podlanica (pid 959)
06-14 00:50:32.498   142 32698 I ActivityManager:                10293 kB: com.android.inputmethod.latin (pid 324)
06-14 00:50:32.498   142 32698 I ActivityManager:     25320 kB: A Services
06-14 00:50:32.498   142 32698 I ActivityManager:                10439 kB: com.google.process.gapps (pid 30026)
06-14 00:50:32.498   142 32698 I ActivityManager:                 9146 kB: com.google.android.apps.maps:NetworkLocationService (pid 31494)
06-14 00:50:32.498   142 32698 I ActivityManager:                 5735 kB: edu.buffalo.cse.phonelab.phonelabservices (pid 30467)
06-14 00:50:32.498   142 32698 I ActivityManager:     67212 kB: Previous
06-14 00:50:32.498   142 32698 I ActivityManager:                67212 kB: org.mozilla.firefox_beta (pid 16941)
06-14 00:50:32.498   142 32698 I ActivityManager:     15723 kB: B Services
06-14 00:50:32.498   142 32698 I ActivityManager:                 7056 kB: com.whatsapp (pid 32593)
06-14 00:50:32.498   142 32698 I ActivityManager:                 5639 kB: com.google.android.apps.googlevoice (pid 32457)
06-14 00:50:32.498   142 32698 I ActivityManager:                 3028 kB: com.android.sprintmenu (pid 31905)
06-14 00:50:32.498   142 32698 I ActivityManager: 
06-14 00:50:32.498   142 32698 I ActivityManager: Total PSS: 242198 kB
06-14 00:50:32.498   142 32698 I ActivityManager:   PID      Vss      Rss      Pss      Uss  cmdline
06-14 00:50:32.498   142 32698 I ActivityManager: 16941   84448K   84360K   67313K   66048K  org.mozilla.firefox_beta
06-14 00:50:32.498   142 32698 I ActivityManager:   142   53248K   53184K   34829K   31152K  system_server
06-14 00:50:32.498   142 32698 I ActivityManager: 27790   49160K   49056K   30607K   27904K  com.android.launcher
06-14 00:50:32.498   142 32698 I ActivityManager:   959   33936K   33856K   19710K   18780K  hr.podlanica
06-14 00:50:32.498   142 32698 I ActivityManager:    79   24368K   21368K   13916K    7260K  /system/bin/surfaceflinger
06-14 00:50:32.498   142 32698 I ActivityManager:   213   31836K   31736K   12481K    8208K  com.android.systemui
06-14 00:50:32.498   142 32698 I ActivityManager:   342   27236K   27152K   12057K   11076K  com.android.phone
06-14 00:50:32.498   142 32698 I ActivityManager: 32684   31796K   31724K   10999K    8560K  com.facebook.orca
06-14 00:50:32.498   142 32698 I ActivityManager: 30026   29288K   29204K   10489K    8924K  com.google.process.gapps
06-14 00:50:32.498   142 32698 I ActivityManager:   324   25292K   25204K   10339K    9380K  com.android.inputmethod.latin
06-14 00:50:32.498   142 32698 I ActivityManager: 31494   28692K   28632K    9188K    7248K  com.google.android.apps.maps:NetworkLocationService
06-14 00:50:32.498   142 32698 I ActivityManager: 32593   27876K   27808K    7094K    4724K  com.whatsapp
06-14 00:50:32.498   142 32698 I ActivityManager: 30467   25016K   24952K    5746K    3864K  edu.buffalo.cse.phonelab.phonelabservices
06-14 00:50:32.498   142 32698 I ActivityManager: 32457   25672K   25608K    5687K    3832K  com.google.android.apps.googlevoice
06-14 00:50:32.498   142 32698 I ActivityManager:   357   19448K   19352K    4269K    3292K  com.android.nfc
06-14 00:50:32.498   142 32698 I ActivityManager: 18802   18060K   17956K    3515K    2544K  com.spotify.mobile.android.ui
06-14 00:50:32.498   142 32698 I ActivityManager: 31905   21932K   21828K    3074K    1524K  com.android.sprintmenu
06-14 00:50:32.498   142 32698 I ActivityManager:   428   18528K   18416K    3027K    1928K  com.android.smspush
06-14 00:50:32.498   142 32698 I ActivityManager:    80   18640K   18512K    2309K    1044K  zygote
06-14 00:50:32.498   142 32698 I ActivityManager:    82    2212K    2212K    1923K    1900K  /system/bin/mediaserver
06-14 00:50:32.498   142 32698 I ActivityManager:    81    1092K    1092K     884K     876K  /system/bin/drmserver
06-14 00:50:32.498   142 32698 I ActivityManager:    78    1108K    1108K     815K     796K  /system/bin/rild
06-14 00:50:32.498   142 32698 I ActivityManager: 32707     776K     768K     644K     640K  procrank
06-14 00:50:32.498   142 32698 I ActivityManager: 27718     668K     664K     525K     520K  logcat
06-14 00:50:32.498   142 32698 I ActivityManager:  8348     584K     580K     419K     412K  /system/bin/wpa_supplicant
06-14 00:50:32.498   142 32698 I ActivityManager: 28302     592K     588K     401K     388K  /system/bin/netd
06-14 00:50:32.498   142 32698 I ActivityManager:    88     408K     408K     392K     392K  /sbin/adbd
06-14 00:50:32.498   142 32698 I ActivityManager:   298     388K     388K     302K     300K  /system/bin/bluetoothd
06-14 00:50:32.498   142 32698 I ActivityManager:    73     432K     428K     292K     284K  /system/bin/vold
06-14 00:50:32.498   142 32698 I ActivityManager:    86     464K     460K     283K     276K  /system/vendor/bin/gpsd
06-14 00:50:32.498   142 32698 I ActivityManager:    85     424K     388K     252K     244K  /system/bin/keystore
06-14 00:50:32.498   142 32698 I ActivityManager: 28798     348K     344K     190K     184K  /system/bin/dhcpcd
06-14 00:50:32.498   142 32698 I ActivityManager:    83     276K     268K     186K     184K  /system/bin/dbus-daemon
06-14 00:50:32.498   142 32698 I ActivityManager:     1     204K     204K     138K     100K  /init
06-14 00:50:32.498   142 32698 I ActivityManager:   200     204K     196K     133K     132K  /system/bin/brcm_patchram_plus
06-14 00:50:32.498   142 32698 I ActivityManager:    84     248K     240K     123K     120K  /system/bin/installd
06-14 00:50:32.498   142 32698 I ActivityManager:    61     160K     160K     122K      84K  /sbin/ueventd
06-14 00:50:32.498   142 32698 I ActivityManager:    87     172K     168K     105K     104K  /system/bin/sh
06-14 00:50:32.498   142 32698 I ActivityManager:    72     180K     172K      94K      92K  /system/bin/servicemanager
06-14 00:50:32.498   142 32698 I ActivityManager: 26775     188K     180K      75K      72K  /system/bin/debuggerd
06-14 00:50:32.498   142 32698 I ActivityManager:                           ------   ------  ------
06-14 00:50:32.498   142 32698 I ActivityManager:                          274967K  235392K  TOTAL
06-14 00:50:32.498   142 32698 I ActivityManager: RAM: 342896K total, 21400K free, 1096K buffers, 53668K cached, 18576
06-14 00:50:32.521 32684 32703 D dalvikvm: GC_FOR_ALLOC freed 219K, 5% free 10245K/10759K, paused 53ms
06-14 00:50:32.580   142   330 I ActivityManager: Start proc com.google.android.apps.maps:LocationFriendService for service com.google.android.apps.maps/com.google.googlenav.friend.reporting.LocationReceiverService: pid=32710 uid=10057 gids={3003, 1015}
06-14 00:50:32.701 32710 32713 D dalvikvm: GC_CONCURRENT freed 161K, 3% free 9375K/9607K, paused 2ms+2ms
06-14 00:50:32.893   142 12773 I ActivityManager: Process com.google.android.apps.maps:LocationFriendService (pid 32710) has died.
06-14 00:50:32.943 32684 32687 D dalvikvm: GC_CONCURRENT freed 389K, 5% free 10427K/10887K, paused 5ms+3ms
06-14 00:50:33.260 30026 30029 D dalvikvm: GC_CONCURRENT freed 495K, 7% free 9963K/10631K, paused 4ms+13ms
06-14 00:50:33.447   142   330 I ActivityManager: Start proc com.google.android.apps.maps:LocationFriendService for service com.google.android.apps.maps/com.google.googlenav.friend.reporting.LocationReceiverService: pid=32727 uid=10057 gids={3003, 1015}
06-14 00:50:33.533 32684 32687 D dalvikvm: GC_CONCURRENT freed 135K, 2% free 10809K/11015K, paused 2ms+26ms
06-14 00:50:33.572 32727 32731 D dalvikvm: GC_CONCURRENT freed 163K, 3% free 9373K/9607K, paused 2ms+2ms
06-14 00:50:33.775   142   370 I ActivityManager: Process com.google.android.apps.maps:LocationFriendService (pid 32727) has died.
06-14 00:50:33.908 32684 32687 D dalvikvm: GC_CONCURRENT freed 409K, 5% free 11047K/11527K, paused 6ms+6ms
06-14 00:50:34.092 32684 32687 D dalvikvm: GC_CONCURRENT freed 459K, 5% free 11317K/11847K, paused 1ms+7ms
06-14 00:50:35.240 32684 32687 D dalvikvm: GC_CONCURRENT freed 634K, 7% free 11408K/12167K, paused 4ms+5ms
06-14 00:50:38.877   342   342 D dalvikvm: GC_EXPLICIT freed 14K, 16% free 12075K/14343K, paused 6ms+4ms
06-14 00:50:43.889   428   428 D dalvikvm: GC_EXPLICIT freed <1K, 4% free 9037K/9347K, paused 34ms+14ms
06-14 00:50:48.873   324   324 D dalvikvm: GC_EXPLICIT freed <1K, 20% free 10618K/13191K, paused 37ms+3ms
06-14 00:50:53.830 16941 16941 E GeckoApp: low memory
06-14 00:50:53.885 16941 16941 D dalvikvm: GC_EXPLICIT freed 2K, 22% free 10500K/13319K, paused 2ms+7ms
06-14 00:50:58.881 31494 31494 D dalvikvm: GC_EXPLICIT freed 21K, 6% free 10401K/11015K, paused 43ms+2ms
06-14 00:51:05.092 31905 31905 D dalvikvm: GC_EXPLICIT freed 1K, 4% free 9055K/9347K, paused 5ms+2ms
06-14 00:51:10.189 32457 32457 D dalvikvm: GC_EXPLICIT freed 145K, 6% free 9733K/10247K, paused 11ms+2ms
06-14 00:51:15.135 30026 30026 D dalvikvm: GC_EXPLICIT freed 45K, 7% free 9934K/10631K, paused 9ms+3ms
06-14 00:51:19.560  8348  8348 I wpa_supplicant: wlan0: WPA: Group rekeying completed with 94:44:52:17:be:7d [GTK=CCMP]
06-14 00:51:20.162 30467 30467 D dalvikvm: GC_EXPLICIT freed 16K, 15% free 9169K/10695K, paused 15ms+2ms
06-14 00:51:22.248   142 12773 I ActivityManager: Start proc com.google.android.apps.maps:LocationFriendService for service com.google.android.apps.maps/com.google.googlenav.friend.reporting.LocationReceiverService: pid=32745 uid=10057 gids={3003, 1015}
06-14 00:51:22.404 32745 32747 D dalvikvm: GC_CONCURRENT freed 166K, 3% free 9370K/9607K, paused 2ms+4ms
06-14 00:51:22.990 32745 32747 D dalvikvm: GC_CONCURRENT freed 161K, 3% free 9676K/9927K, paused 16ms+3ms
06-14 00:51:23.455 32745 32752 I dalvikvm: Total arena pages for JIT: 11
06-14 00:51:23.455 32745 32752 I dalvikvm: Total arena pages for JIT: 12
06-14 00:51:23.455 32745 32752 I dalvikvm: Total arena pages for JIT: 13
06-14 00:51:23.459 32745 32752 I dalvikvm: Total arena pages for JIT: 14
06-14 00:51:23.459 32745 32752 I dalvikvm: Total arena pages for JIT: 15
06-14 00:51:23.459 32745 32752 I dalvikvm: Total arena pages for JIT: 16
06-14 00:51:23.459 32745 32752 I dalvikvm: Total arena pages for JIT: 17
06-14 00:51:23.478 32745 32747 D dalvikvm: GC_CONCURRENT freed 311K, 4% free 9901K/10311K, paused 3ms+3ms
06-14 00:51:23.873   142   294 I ActivityManager: Process com.google.android.apps.maps:LocationFriendService (pid 32745) has died.
06-14 00:51:28.971   357   357 D dalvikvm: GC_EXPLICIT freed <1K, 6% free 9100K/9607K, paused 38ms+2ms
06-14 00:51:33.975   959   959 D dalvikvm: GC_EXPLICIT freed 154K, 21% free 11688K/14663K, paused 4ms+3ms
06-14 00:51:38.986 27790 27790 D dalvikvm: GC_EXPLICIT freed <1K, 36% free 11628K/17991K, paused 41ms+3ms
06-14 00:51:44.049   142   158 D dalvikvm: GC_EXPLICIT freed 1083K, 23% free 19121K/24647K, paused 46ms+9ms
06-14 00:51:48.975   213   213 D dalvikvm: GC_EXPLICIT freed 25K, 59% free 9681K/23239K, paused 46ms+3ms
06-14 00:51:53.986   342   342 D dalvikvm: GC_EXPLICIT freed 3K, 16% free 12074K/14343K, paused 51ms+3ms
06-14 00:51:59.002   428   428 D dalvikvm: GC_EXPLICIT freed <1K, 4% free 9037K/9347K, paused 36ms+1ms
06-14 00:52:05.131   324   324 D dalvikvm: GC_EXPLICIT freed <1K, 20% free 10618K/13191K, paused 2ms+4ms
06-14 00:52:10.295 32593 32593 D dalvikvm: GC_EXPLICIT freed 22K, 7% free 9850K/10503K, paused 17ms+3ms
06-14 00:52:12.771   142   197 D DhcpInfoInternal: makeLinkProperties with empty dns2!
06-14 00:52:12.783   142   197 D DhcpInfoInternal: makeLinkProperties with empty dns2!
06-14 00:52:20.201 30467 30480 I PhoneLab-: Service Running
06-14 00:52:20.256 16941 16941 E GeckoApp: low memory
06-14 00:52:20.318 16941 16941 D dalvikvm: GC_EXPLICIT freed 2K, 22% free 10500K/13319K, paused 2ms+13ms
06-14 00:52:20.326 30467 30480 I PhoneLab-LoggerService: app_38    27718 1     1112   664   c00f181c 400107b4 S logcat
06-14 00:52:20.326 30467 30480 I PhoneLab-LoggerService: Logcat pid from database 27718
06-14 00:52:20.326 30467 30480 I PhoneLab-LoggerService: Logcat process found 27718
06-14 00:52:20.326 30467 30480 I PhoneLab-LoggerService: Checking Threshold
06-14 00:52:22.385   142   917 I ActivityManager: Start proc com.google.android.apps.maps:LocationFriendService for service com.google.android.apps.maps/com.google.googlenav.friend.reporting.LocationReceiverService: pid=320 uid=10057 gids={3003, 1015}
06-14 00:52:22.514   142   154 D dalvikvm: GC_EXPLICIT freed 167K, 23% free 19085K/24647K, paused 3ms+9ms
06-14 00:52:22.631   320   323 D dalvikvm: GC_CONCURRENT freed 168K, 3% free 9368K/9607K, paused 2ms+2ms
06-14 00:52:22.705 31494 31496 D dalvikvm: GC_CONCURRENT freed 502K, 6% free 10411K/11015K, paused 1ms+2ms
06-14 00:52:22.803   320   323 D dalvikvm: GC_CONCURRENT freed 163K, 3% free 9681K/9927K, paused 7ms+3ms
06-14 00:52:23.037   142   370 I ActivityManager: Process com.whatsapp (pid 32593) has died.
06-14 00:52:23.037   142   370 W ActivityManager: Scheduling restart of crashed service com.whatsapp/.messaging.MessageService in 5000ms
06-14 00:52:23.127   320   338 I dalvikvm: Total arena pages for JIT: 11
06-14 00:52:23.131   320   338 I dalvikvm: Total arena pages for JIT: 12
06-14 00:52:23.131   320   338 I dalvikvm: Total arena pages for JIT: 13
06-14 00:52:23.131   320   338 I dalvikvm: Total arena pages for JIT: 14
06-14 00:52:23.135   320   338 I dalvikvm: Total arena pages for JIT: 15
06-14 00:52:23.135   320   338 I dalvikvm: Total arena pages for JIT: 16
06-14 00:52:23.135   320   338 I dalvikvm: Total arena pages for JIT: 17
06-14 00:52:23.162   320   323 D dalvikvm: GC_CONCURRENT freed 320K, 4% free 9917K/10311K, paused 2ms+5ms
06-14 00:52:28.119   142   159 I ActivityManager: Start proc com.whatsapp for service com.whatsapp/.messaging.MessageService: pid=377 uid=10070 gids={1015, 3003}
06-14 00:52:28.127   377   377 I dalvikvm: Turning on JNI app bug workarounds for target SDK version 7...
06-14 00:52:28.252 31494 31494 D dalvikvm: GC_EXPLICIT freed 14K, 6% free 10397K/11015K, paused 16ms+7ms
06-14 00:52:28.303   377   381 D dalvikvm: GC_CONCURRENT freed 178K, 3% free 9357K/9607K, paused 5ms+2ms
06-14 00:52:28.584   142 12773 I ActivityManager: Process com.google.android.apps.maps:LocationFriendService (pid 320) has died.
06-14 00:52:28.810   377   381 D dalvikvm: GC_CONCURRENT freed 293K, 4% free 9596K/9991K, paused 3ms+3ms
06-14 00:52:28.990   377   377 I SqliteDatabaseCpp: sqlite returned: error code = 1, msg = duplicate column name: photo_ts, db=/data/data/com.whatsapp/databases/msgstore.db
06-14 00:52:28.994   377   377 I SqliteDatabaseCpp: sqlite returned: error code = 1, msg = duplicate column name: thumb_ts, db=/data/data/com.whatsapp/databases/msgstore.db
06-14 00:52:28.994   377   377 I SqliteDatabaseCpp: sqlite returned: error code = 1, msg = duplicate column name: photo_id_timestamp, db=/data/data/com.whatsapp/databases/msgstore.db
06-14 00:52:29.029   142 12773 I ActivityManager: Start proc android.process.acore for content provider com.android.providers.contacts/.ContactsProvider2: pid=405 uid=10000 gids={3003, 1015}
06-14 00:52:29.088   405   405 I ActivityThread: Pub call_log: com.android.providers.contacts.CallLogProvider
06-14 00:52:29.139   405   405 I ActivityThread: Pub com.android.voicemail: com.android.providers.contacts.VoicemailContentProvider
06-14 00:52:29.143   405   405 I ActivityThread: Pub user_dictionary: com.android.providers.userdictionary.UserDictionaryProvider
06-14 00:52:29.182   405   405 I ActivityThread: Pub com.android.social: com.android.providers.contacts.SocialProvider
06-14 00:52:29.182   405   405 I ActivityThread: Pub applications: com.android.providers.applications.ApplicationsProvider
06-14 00:52:29.205   377   377 I dalvikvm: Could not find method android.media.MediaMetadataRetriever.captureFrame, referenced from method com.whatsapp.d3.a
06-14 00:52:29.205   377   377 W dalvikvm: VFY: unable to resolve virtual method 496: Landroid/media/MediaMetadataRetriever;.captureFrame ()Landroid/graphics/Bitmap;
06-14 00:52:29.205   377   377 D dalvikvm: VFY: replacing opcode 0x6e at 0x0134
06-14 00:52:29.412   405   405 I ActivityThread: Pub contacts;com.android.contacts: com.android.providers.contacts.ContactsProvider2
06-14 00:52:29.439   405   407 D dalvikvm: GC_CONCURRENT freed 355K, 5% free 9181K/9607K, paused 2ms+2ms
06-14 00:52:29.455   377   381 D dalvikvm: GC_CONCURRENT freed 292K, 4% free 9816K/10183K, paused 6ms+2ms
06-14 00:52:29.721   377   381 D dalvikvm: GC_CONCURRENT freed 313K, 4% free 9974K/10375K, paused 2ms+3ms
06-14 00:52:30.963   405   407 D dalvikvm: GC_CONCURRENT freed 200K, 4% free 9413K/9735K, paused 2ms+4ms
06-14 00:52:31.494   142   370 I ActivityManager: Process android.process.acore (pid 405) has died.
06-14 00:52:31.580   377   381 D dalvikvm: GC_CONCURRENT freed 515K, 7% free 9862K/10503K, paused 8ms+6ms
06-14 00:52:36.576   357   357 D dalvikvm: GC_EXPLICIT freed <1K, 6% free 9100K/9607K, paused 51ms+2ms
06-14 00:52:41.600   959   959 D dalvikvm: GC_EXPLICIT freed 118K, 21% free 11682K/14663K, paused 28ms+4ms
06-14 00:52:46.588 27790 27790 D dalvikvm: GC_EXPLICIT freed <1K, 36% free 11628K/17991K, paused 16ms+2ms
06-14 00:52:51.654   142   158 D dalvikvm: GC_EXPLICIT freed 342K, 23% free 19085K/24647K, paused 45ms+10ms
06-14 00:52:56.607   213   213 D dalvikvm: GC_EXPLICIT freed 26K, 59% free 9682K/23239K, paused 45ms+4ms
06-14 00:53:05.131   342   342 D dalvikvm: GC_EXPLICIT freed 1K, 16% free 12074K/14343K, paused 2ms+3ms
06-14 00:53:10.193   428   428 D dalvikvm: GC_EXPLICIT freed <1K, 4% free 9037K/9347K, paused 34ms+2ms
06-14 00:53:15.189   324   324 D dalvikvm: GC_EXPLICIT freed <1K, 20% free 10618K/13191K, paused 40ms+4ms
06-14 00:53:20.252 32684 32684 D dalvikvm: GC_EXPLICIT freed 110K, 7% free 11336K/12167K, paused 9ms+3ms
06-14 00:53:22.365   142   921 I ActivityManager: Start proc com.google.android.apps.maps:LocationFriendService for service com.google.android.apps.maps/com.google.googlenav.friend.reporting.LocationReceiverService: pid=442 uid=10057 gids={3003, 1015}
06-14 00:53:22.498   442   446 D dalvikvm: GC_CONCURRENT freed 175K, 3% free 9360K/9607K, paused 2ms+2ms
06-14 00:53:22.732   442   446 D dalvikvm: GC_CONCURRENT freed 159K, 3% free 9709K/9991K, paused 6ms+2ms
06-14 00:53:22.963   442   452 I dalvikvm: Total arena pages for JIT: 11
06-14 00:53:22.967   442   452 I dalvikvm: Total arena pages for JIT: 12
06-14 00:53:22.967   442   452 I dalvikvm: Total arena pages for JIT: 13
06-14 00:53:22.967   442   452 I dalvikvm: Total arena pages for JIT: 14
06-14 00:53:22.971   442   452 I dalvikvm: Total arena pages for JIT: 15
06-14 00:53:22.971   442   452 I dalvikvm: Total arena pages for JIT: 16
06-14 00:53:22.971   442   452 I dalvikvm: Total arena pages for JIT: 17
06-14 00:53:22.986   442   446 D dalvikvm: GC_CONCURRENT freed 324K, 4% free 9931K/10311K, paused 2ms+6ms
06-14 00:53:27.314 16941 16941 E GeckoApp: low memory
06-14 00:53:27.475 16941 16941 D dalvikvm: GC_EXPLICIT freed <1K, 22% free 10500K/13319K, paused 31ms+7ms
06-14 00:53:32.357 31494 31494 D dalvikvm: GC_EXPLICIT freed 254K, 6% free 10406K/11015K, paused 43ms+3ms
06-14 00:53:37.357 31905 31905 D dalvikvm: GC_EXPLICIT freed <1K, 4% free 9055K/9347K, paused 39ms+2ms
06-14 00:53:42.381 32457 32457 D dalvikvm: GC_EXPLICIT freed 17K, 6% free 9716K/10247K, paused 11ms+2ms
06-14 00:53:43.307   142   170 I power   : *** set_screen_state 0
06-14 00:53:43.350    79   118 D SurfaceFlinger: About to give-up screen, flinger = 0x1e2b918
06-14 00:53:43.459   142   174 V TransportControlView: Create TCV com.android.internal.widget.TransportControlView@418cf828
06-14 00:53:43.541   142   602 I ActivityManager: Process com.google.android.apps.maps:LocationFriendService (pid 442) has died.
06-14 00:53:43.553   142   158 W InputManagerService: Got RemoteException sending 'screen on/off' notification to pid 26436 uid 10047
06-14 00:53:43.725   142   172 I ActivityManager: Start proc com.twitter.android for service com.twitter.android/.client.AppService: pid=475 uid=10068 gids={3003, 1015}
06-14 00:53:43.834   475   475 I dalvikvm: Turning on JNI app bug workarounds for target SDK version 11...
06-14 00:53:43.846    80    80 D dalvikvm: GC_EXPLICIT freed 38K, 4% free 9031K/9347K, paused 2ms+22ms
06-14 00:53:43.939    80    80 D dalvikvm: GC_EXPLICIT freed <1K, 4% free 9031K/9347K, paused 3ms+14ms
06-14 00:53:43.978    80    80 D dalvikvm: GC_EXPLICIT freed <1K, 4% free 9031K/9347K, paused 2ms+1ms
06-14 00:53:44.064   475   475 I ActivityThread: Pub com.twitter.android.provider.GlobalDatabaseProvider: com.twitter.android.provider.GlobalDatabaseProvider
06-14 00:53:44.072   475   475 I ActivityThread: Pub com.twitter.android.provider.TwitterProvider: com.twitter.android.provider.TwitterProvider
06-14 00:53:44.170   475   477 D dalvikvm: GC_CONCURRENT freed 225K, 4% free 9266K/9607K, paused 2ms+1ms
06-14 00:53:44.521   475   477 D dalvikvm: GC_CONCURRENT freed 174K, 4% free 9494K/9799K, paused 7ms+2ms
06-14 00:53:44.701   475   477 D dalvikvm: GC_CONCURRENT freed 304K, 5% free 9626K/10055K, paused 2ms+2ms
06-14 00:53:44.873   475   477 D dalvikvm: GC_CONCURRENT freed 298K, 5% free 9755K/10183K, paused 5ms+2ms
06-14 00:53:45.041   475   477 D dalvikvm: GC_CONCURRENT freed 313K, 5% free 9885K/10311K, paused 2ms+2ms
06-14 00:53:45.189   475   477 D dalvikvm: GC_CONCURRENT freed 311K, 5% free 10020K/10439K, paused 1ms+2ms
06-14 00:53:45.314   475   477 D dalvikvm: GC_CONCURRENT freed 304K, 4% free 10154K/10567K, paused 2ms+2ms
06-14 00:53:45.478   475   477 D dalvikvm: GC_CONCURRENT freed 302K, 4% free 10282K/10695K, paused 7ms+8ms
06-14 00:53:45.709   475   477 D dalvikvm: GC_CONCURRENT freed 479K, 6% free 10224K/10823K, paused 7ms+9ms
06-14 00:53:45.885   475   477 D dalvikvm: GC_CONCURRENT freed 330K, 5% free 10299K/10823K, paused 1ms+2ms
06-14 00:53:46.033   475   477 D dalvikvm: GC_CONCURRENT freed 315K, 5% free 10389K/10823K, paused 3ms+2ms
06-14 00:53:46.158   475   477 D dalvikvm: GC_CONCURRENT freed 373K, 5% free 10475K/10951K, paused 2ms+2ms
06-14 00:53:46.291   475   477 D dalvikvm: GC_CONCURRENT freed 337K, 5% free 10555K/11015K, paused 2ms+2ms
06-14 00:53:46.416   475   477 D dalvikvm: GC_CONCURRENT freed 332K, 4% free 10639K/11079K, paused 2ms+2ms
06-14 00:53:46.541   475   477 D dalvikvm: GC_CONCURRENT freed 363K, 5% free 10724K/11207K, paused 2ms+1ms
06-14 00:53:46.678   475   477 D dalvikvm: GC_CONCURRENT freed 411K, 5% free 10822K/11335K, paused 1ms+2ms
06-14 00:53:48.123   475   477 D dalvikvm: GC_CONCURRENT freed 337K, 4% free 11006K/11463K, paused 2ms+4ms
06-14 00:53:49.213   357   357 D dalvikvm: GC_EXPLICIT freed <1K, 6% free 9101K/9607K, paused 24ms+2ms
06-14 00:53:54.244   959   959 D dalvikvm: GC_EXPLICIT freed 122K, 21% free 11683K/14663K, paused 22ms+3ms
06-14 00:53:59.221 27790 27790 D dalvikvm: GC_EXPLICIT freed 11K, 36% free 11630K/17991K, paused 25ms+3ms
06-14 00:54:05.189   142   158 D dalvikvm: JIT code cache reset in 6 ms (1048476 bytes 99/0)
06-14 00:54:05.205   142   158 D dalvikvm: GC_EXPLICIT freed 1255K, 22% free 19248K/24647K, paused 3ms+15ms
06-14 00:54:10.209   213   213 D dalvikvm: GC_EXPLICIT freed 18K, 59% free 9685K/23239K, paused 27ms+3ms
06-14 00:54:19.322   342   342 D dalvikvm: GC_EXPLICIT freed 5K, 16% free 12074K/14343K, paused 2ms+4ms
06-14 00:54:20.189 30467 30480 I PhoneLab-: Service Running
06-14 00:54:20.252   142   921 I ActivityManager: Process com.twitter.android (pid 475) has died.
06-14 00:54:20.396 30467 30480 I PhoneLab-LoggerService: app_38    27718 1     1112   664   c00f181c 400107b4 S logcat
06-14 00:54:20.400 30467 30480 I PhoneLab-LoggerService: Logcat pid from database 27718
06-14 00:54:20.400 30467 30480 I PhoneLab-LoggerService: Logcat process found 27718
06-14 00:54:20.400 30467 30480 I PhoneLab-LoggerService: Checking Threshold
06-14 00:54:22.416   142   922 I ActivityManager: Start proc com.google.android.apps.maps:LocationFriendService for service com.google.android.apps.maps/com.google.googlenav.friend.reporting.LocationReceiverService: pid=496 uid=10057 gids={3003, 1015}
06-14 00:54:22.537   496   499 D dalvikvm: GC_CONCURRENT freed 153K, 3% free 9383K/9607K, paused 2ms+2ms
06-14 00:54:22.736   496   499 D dalvikvm: GC_CONCURRENT freed 152K, 3% free 9688K/9927K, paused 2ms+2ms
06-14 00:54:22.978   142   421 I ActivityManager: Process com.whatsapp (pid 377) has died.
06-14 00:54:22.982   142   421 W ActivityManager: Scheduling restart of crashed service com.whatsapp/.messaging.MessageService in 5000ms
06-14 00:54:23.068   496   503 I dalvikvm: Total arena pages for JIT: 11
06-14 00:54:23.068   496   503 I dalvikvm: Total arena pages for JIT: 12
06-14 00:54:23.068   496   503 I dalvikvm: Total arena pages for JIT: 13
06-14 00:54:23.072   496   503 I dalvikvm: Total arena pages for JIT: 14
06-14 00:54:23.072   496   503 I dalvikvm: Total arena pages for JIT: 15
06-14 00:54:23.072   496   503 I dalvikvm: Total arena pages for JIT: 16
06-14 00:54:23.072   496   503 I dalvikvm: Total arena pages for JIT: 17
06-14 00:54:23.084   496   499 D dalvikvm: GC_CONCURRENT freed 323K, 4% free 9915K/10311K, paused 2ms+7ms
06-14 00:54:28.037   142   159 I ActivityManager: Start proc com.whatsapp for service com.whatsapp/.messaging.MessageService: pid=519 uid=10070 gids={1015, 3003}
06-14 00:54:28.068   519   519 I dalvikvm: Turning on JNI app bug workarounds for target SDK version 7...
06-14 00:54:28.068   428   428 D dalvikvm: GC_EXPLICIT freed <1K, 4% free 9037K/9347K, paused 1ms+2ms
06-14 00:54:28.260   519   522 D dalvikvm: GC_CONCURRENT freed 159K, 3% free 9360K/9607K, paused 2ms+3ms
06-14 00:54:28.486   142   421 I ActivityManager: Process com.google.android.apps.maps:LocationFriendService (pid 496) has died.
06-14 00:54:28.728   519   522 D dalvikvm: GC_CONCURRENT freed 289K, 4% free 9606K/9991K, paused 2ms+3ms
06-14 00:54:28.947   519   519 I SqliteDatabaseCpp: sqlite returned: error code = 1, msg = duplicate column name: photo_ts, db=/data/data/com.whatsapp/databases/msgstore.db
06-14 00:54:28.947   519   519 I SqliteDatabaseCpp: sqlite returned: error code = 1, msg = duplicate column name: thumb_ts, db=/data/data/com.whatsapp/databases/msgstore.db
06-14 00:54:28.947   519   519 I SqliteDatabaseCpp: sqlite returned: error code = 1, msg = duplicate column name: photo_id_timestamp, db=/data/data/com.whatsapp/databases/msgstore.db
06-14 00:54:28.975   142   917 I ActivityManager: Start proc android.process.acore for content provider com.android.providers.contacts/.ContactsProvider2: pid=540 uid=10000 gids={3003, 1015}
06-14 00:54:29.053   540   540 I ActivityThread: Pub call_log: com.android.providers.contacts.CallLogProvider
06-14 00:54:29.060   519   519 I dalvikvm: Could not find method android.media.MediaMetadataRetriever.captureFrame, referenced from method com.whatsapp.d3.a
06-14 00:54:29.060   519   519 W dalvikvm: VFY: unable to resolve virtual method 496: Landroid/media/MediaMetadataRetriever;.captureFrame ()Landroid/graphics/Bitmap;
06-14 00:54:29.060   519   519 D dalvikvm: VFY: replacing opcode 0x6e at 0x0134
06-14 00:54:29.103   540   540 I ActivityThread: Pub com.android.voicemail: com.android.providers.contacts.VoicemailContentProvider
06-14 00:54:29.107   540   540 I ActivityThread: Pub user_dictionary: com.android.providers.userdictionary.UserDictionaryProvider
06-14 00:54:29.150   540   540 I ActivityThread: Pub com.android.social: com.android.providers.contacts.SocialProvider
06-14 00:54:29.162   540   540 I ActivityThread: Pub applications: com.android.providers.applications.ApplicationsProvider
06-14 00:54:29.377   540   540 I ActivityThread: Pub contacts;com.android.contacts: com.android.providers.contacts.ContactsProvider2
06-14 00:54:29.400   519   522 D dalvikvm: GC_CONCURRENT freed 433K, 5% free 9739K/10247K, paused 2ms+3ms
06-14 00:54:29.420   540   544 D dalvikvm: GC_CONCURRENT freed 344K, 5% free 9187K/9607K, paused 2ms+2ms
06-14 00:54:29.768   519   522 D dalvikvm: GC_CONCURRENT freed 201K, 4% free 9978K/10311K, paused 4ms+4ms
06-14 00:54:30.963   540   544 D dalvikvm: GC_CONCURRENT freed 191K, 4% free 9422K/9735K, paused 2ms+2ms
06-14 00:54:31.857   519   522 D dalvikvm: GC_CONCURRENT freed 487K, 6% free 9913K/10503K, paused 3ms+12ms
06-14 00:54:34.518   519   522 D dalvikvm: GC_CONCURRENT freed 314K, 5% free 9983K/10503K, paused 5ms+3ms
06-14 00:54:34.826   324   324 D dalvikvm: GC_EXPLICIT freed <1K, 20% free 10618K/13191K, paused 4ms+3ms
06-14 00:54:36.463   519   522 D dalvikvm: GC_CONCURRENT freed 276K, 4% free 10095K/10503K, paused 2ms+8ms
06-14 00:54:37.385   142   602 I ActivityManager: Process android.process.acore (pid 540) has died.
06-14 00:54:37.631   142   366 I ActivityManager: Start proc android.process.acore for content provider com.android.providers.contacts/.ContactsProvider2: pid=584 uid=10000 gids={3003, 1015}
06-14 00:54:37.752   142   197 D DhcpInfoInternal: makeLinkProperties with empty dns2!
06-14 00:54:37.752   142   197 D DhcpInfoInternal: makeLinkProperties with empty dns2!
06-14 00:54:37.779   584   584 I ActivityThread: Pub call_log: com.android.providers.contacts.CallLogProvider
06-14 00:54:37.846   584   584 I ActivityThread: Pub com.android.voicemail: com.android.providers.contacts.VoicemailContentProvider
06-14 00:54:37.850   584   584 I ActivityThread: Pub user_dictionary: com.android.providers.userdictionary.UserDictionaryProvider
06-14 00:54:37.900   584   584 I ActivityThread: Pub com.android.social: com.android.providers.contacts.SocialProvider
06-14 00:54:37.904   584   584 I ActivityThread: Pub applications: com.android.providers.applications.ApplicationsProvider
06-14 00:54:38.100   584   584 I ActivityThread: Pub contacts;com.android.contacts: com.android.providers.contacts.ContactsProvider2
06-14 00:54:38.131   584   585 D dalvikvm: GC_CONCURRENT freed 342K, 5% free 9184K/9607K, paused 8ms+3ms
06-14 00:54:39.424   584   585 D dalvikvm: GC_CONCURRENT freed 216K, 4% free 9386K/9735K, paused 2ms+2ms
06-14 00:54:39.475   142   154 I ActivityManager: Process android.process.acore (pid 584) has died.
06-14 00:54:44.732 32684 32684 D dalvikvm: GC_EXPLICIT freed 8K, 7% free 11327K/12167K, paused 47ms+3ms
06-14 00:54:49.537 16941 16941 E GeckoApp: low memory
06-14 00:54:49.678 16941 16941 D dalvikvm: GC_EXPLICIT freed 3K, 22% free 10500K/13319K, paused 29ms+4ms
06-14 00:54:54.603 31494 31494 D dalvikvm: GC_EXPLICIT freed 264K, 6% free 10405K/11015K, paused 26ms+2ms
06-14 00:54:59.607 31905 31905 D dalvikvm: GC_EXPLICIT freed <1K, 4% free 9055K/9347K, paused 33ms+2ms
06-14 00:55:05.146 32457 32457 D dalvikvm: GC_EXPLICIT freed <1K, 6% free 9716K/10247K, paused 1ms+2ms
06-14 00:55:10.189 30467 30467 D dalvikvm: GC_EXPLICIT freed 98K, 15% free 9168K/10695K, paused 23ms+2ms
06-14 00:55:22.475   142   142 I ActivityManager: Start proc com.google.android.apps.maps:LocationFriendService for service com.google.android.apps.maps/com.google.googlenav.friend.reporting.LocationReceiverService: pid=614 uid=10057 gids={3003, 1015}
06-14 00:55:22.631   142   921 D dalvikvm: GC_EXPLICIT freed 1658K, 23% free 19112K/24647K, paused 6ms+9ms
06-14 00:55:22.775   614   616 D dalvikvm: GC_CONCURRENT freed 163K, 3% free 9373K/9607K, paused 5ms+2ms
06-14 00:55:23.170   614   616 D dalvikvm: GC_CONCURRENT freed 153K, 3% free 9660K/9927K, paused 7ms+6ms
06-14 00:55:23.697   614   616 D dalvikvm: GC_CONCURRENT freed 236K, 4% free 9880K/10247K, paused 2ms+4ms
06-14 00:55:23.748   614   622 I dalvikvm: Total arena pages for JIT: 11
06-14 00:55:23.748   614   622 I dalvikvm: Total arena pages for JIT: 12
06-14 00:55:23.748   614   622 I dalvikvm: Total arena pages for JIT: 13
06-14 00:55:23.756   614   622 I dalvikvm: Total arena pages for JIT: 14
06-14 00:55:23.756   614   622 I dalvikvm: Total arena pages for JIT: 15
06-14 00:55:23.756   614   622 I dalvikvm: Total arena pages for JIT: 16
06-14 00:55:23.756   614   622 I dalvikvm: Total arena pages for JIT: 17
06-14 00:55:23.857   142   422 I ActivityManager: Process com.google.android.apps.maps:LocationFriendService (pid 614) has died.
06-14 00:55:28.967   357   357 D dalvikvm: GC_EXPLICIT freed <1K, 6% free 9100K/9607K, paused 24ms+2ms
06-14 00:55:34.025   959   959 D dalvikvm: GC_EXPLICIT freed 165K, 21% free 11689K/14663K, paused 16ms+3ms
06-14 00:55:38.986 27790 27790 D dalvikvm: GC_EXPLICIT freed 71K, 36% free 11631K/17991K, paused 25ms+3ms
06-14 00:55:44.060   142   158 D dalvikvm: GC_EXPLICIT freed 234K, 23% free 19072K/24647K, paused 40ms+7ms
06-14 00:55:48.998   213   213 D dalvikvm: GC_EXPLICIT freed 8K, 59% free 9684K/23239K, paused 24ms+5ms
06-14 00:55:54.010   342   342 D dalvikvm: GC_EXPLICIT freed 5K, 16% free 12075K/14343K, paused 33ms+3ms
06-14 00:55:58.994   428   428 D dalvikvm: GC_EXPLICIT freed <1K, 4% free 9037K/9347K, paused 22ms+2ms
06-14 00:56:05.123   324   324 D dalvikvm: GC_EXPLICIT freed <1K, 20% free 10618K/13191K, paused 2ms+3ms
06-14 00:56:10.100 16941 16941 E GeckoApp: low memory
06-14 00:56:10.248 16941 16941 D dalvikvm: GC_EXPLICIT freed <1K, 22% free 10500K/13319K, paused 35ms+4ms
06-14 00:56:15.185 31494 31494 D dalvikvm: GC_EXPLICIT freed 257K, 6% free 10405K/11015K, paused 21ms+2ms
06-14 00:56:20.174 30467 30480 I PhoneLab-: Service Running
06-14 00:56:20.185 31905 31905 D dalvikvm: GC_EXPLICIT freed <1K, 4% free 9055K/9347K, paused 19ms+9ms
06-14 00:56:20.217 30467 30480 I PhoneLab-LoggerService: app_38    27718 1     1112   664   c00f181c 400107b4 S logcat
06-14 00:56:20.217 30467 30480 I PhoneLab-LoggerService: Logcat pid from database 27718
06-14 00:56:20.221 30467 30480 I PhoneLab-LoggerService: Logcat process found 27718
06-14 00:56:20.221 30467 30480 I PhoneLab-LoggerService: Checking Threshold
06-14 00:56:22.525   142   154 I ActivityManager: Start proc com.google.android.apps.maps:LocationFriendService for service com.google.android.apps.maps/com.google.googlenav.friend.reporting.LocationReceiverService: pid=639 uid=10057 gids={3003, 1015}
06-14 00:56:22.611   142   422 I ActivityManager: Process edu.buffalo.cse.phonelab.phonelabservices (pid 30467) has died.
06-14 00:56:22.611   142   422 W ActivityManager: Scheduling restart of crashed service edu.buffalo.cse.phonelab.phonelabservices/edu.buffalo.cse.phonelab.datalogger.LoggerService in 5000ms
06-14 00:56:22.685   639   642 D dalvikvm: GC_CONCURRENT freed 165K, 3% free 9370K/9607K, paused 2ms+7ms
06-14 00:56:22.861 30026 30038 D dalvikvm: GC_EXPLICIT freed 114K, 6% free 9996K/10631K, paused 5ms+4ms
06-14 00:56:23.010   639   642 D dalvikvm: GC_CONCURRENT freed 191K, 3% free 9695K/9991K, paused 7ms+11ms
06-14 00:56:24.373   639   642 D dalvikvm: GC_CONCURRENT freed 294K, 4% free 9942K/10311K, paused 2ms+3ms
06-14 00:56:26.393   142   660 I ActivityManager: Applications Memory Usage (kB):
06-14 00:56:26.393   142   660 I ActivityManager: Uptime: 160151131 Realtime: 287047526
06-14 00:56:26.393   142   660 I ActivityManager: Total PSS by OOM adjustment:
06-14 00:56:26.393   142   660 I ActivityManager:     35747 kB: System
06-14 00:56:26.393   142   660 I ActivityManager:                35747 kB: system (pid 142)
06-14 00:56:26.393   142   660 I ActivityManager:     28685 kB: Persistent
06-14 00:56:26.393   142   660 I ActivityManager:                12445 kB: com.android.systemui (pid 213)
06-14 00:56:26.393   142   660 I ActivityManager:                12004 kB: com.android.phone (pid 342)
06-14 00:56:26.393   142   660 I ActivityManager:                 4236 kB: com.android.nfc (pid 357)
06-14 00:56:26.393   142   660 I ActivityManager:     31414 kB: Foreground
06-14 00:56:26.393   142   660 I ActivityManager:                31414 kB: com.android.launcher (pid 27790)
06-14 00:56:26.393   142   660 I ActivityManager:      2984 kB: Visible
06-14 00:56:26.393   142   660 I ActivityManager:                 2984 kB: com.android.smspush (pid 428)
06-14 00:56:26.393   142   660 I ActivityManager:     29962 kB: Perceptible
06-14 00:56:26.393   142   660 I ActivityManager:                19670 kB: hr.podlanica (pid 959)
06-14 00:56:26.393   142   660 I ActivityManager:                10292 kB: com.android.inputmethod.latin (pid 324)
06-14 00:56:26.393   142   660 I ActivityManager:     26461 kB: A Services
06-14 00:56:26.393   142   660 I ActivityManager:                 9782 kB: com.google.process.gapps (pid 30026)
06-14 00:56:26.393   142   660 I ActivityManager:                 9057 kB: com.google.android.apps.maps:LocationFriendService (pid 639)
06-14 00:56:26.393   142   660 I ActivityManager:                 7622 kB: com.google.android.apps.maps:NetworkLocationService (pid 31494)
06-14 00:56:26.393   142   660 I ActivityManager:     67369 kB: Previous
06-14 00:56:26.393   142   660 I ActivityManager:                67369 kB: org.mozilla.firefox_beta (pid 16941)
06-14 00:56:26.393   142   660 I ActivityManager:     28009 kB: B Services
06-14 00:56:26.393   142   660 I ActivityManager:                10228 kB: com.facebook.orca (pid 32684)
06-14 00:56:26.393   142   660 I ActivityManager:                 9186 kB: com.whatsapp (pid 519)
06-14 00:56:26.393   142   660 I ActivityManager:                 5580 kB: com.google.android.apps.googlevoice (pid 32457)
06-14 00:56:26.393   142   660 I ActivityManager:                 3015 kB: com.android.sprintmenu (pid 31905)
06-14 00:56:26.393   142   660 I ActivityManager: 
06-14 00:56:26.393   142   660 I ActivityManager: Total PSS: 250631 kB
06-14 00:56:26.393   142   660 I ActivityManager:   PID      Vss      Rss      Pss      Uss  cmdline
06-14 00:56:26.393   142   660 I ActivityManager: 16941   84612K   84524K   67470K   66216K  org.mozilla.firefox_beta
06-14 00:56:26.393   142   660 I ActivityManager:   142   54260K   54184K   35800K   32036K  system_server
06-14 00:56:26.393   142   660 I ActivityManager: 27790   50264K   50160K   31514K   28712K  com.android.launcher
06-14 00:56:26.393   142   660 I ActivityManager:   959   33952K   33872K   19713K   18776K  hr.podlanica
06-14 00:56:26.393   142   660 I ActivityManager:    79   24400K   21400K   13936K    7268K  /system/bin/surfaceflinger
06-14 00:56:26.393   142   660 I ActivityManager:   213   31776K   31676K   12492K    8188K  com.android.systemui
06-14 00:56:26.393   142   660 I ActivityManager:   342   27192K   27108K   12047K   11068K  com.android.phone
06-14 00:56:26.393   142   660 I ActivityManager:   324   25296K   25208K   10342K    9380K  com.android.inputmethod.latin
06-14 00:56:26.393   142   660 I ActivityManager: 32684   29872K   29768K   10273K    8292K  com.facebook.orca
06-14 00:56:26.393   142   660 I ActivityManager: 30026   28228K   28144K    9825K    8348K  com.google.process.gapps
06-14 00:56:26.393   142   660 I ActivityManager:   519   29176K   29116K    9226K    6948K  com.whatsapp
06-14 00:56:26.393   142   660 I ActivityManager:   639   29392K   29332K    9208K    6716K  com.google.android.apps.maps:LocationFriendService
06-14 00:56:26.393   142   660 I ActivityManager: 31494   27048K   26956K    7669K    5648K  com.google.android.apps.maps:NetworkLocationService
06-14 00:56:26.393   142   660 I ActivityManager: 32457   25056K   24956K    5627K    3960K  com.google.android.apps.googlevoice
06-14 00:56:26.393   142   660 I ActivityManager:   357   19460K   19364K    4277K    3292K  com.android.nfc
06-14 00:56:26.393   142   660 I ActivityManager: 18802   18060K   17956K    3520K    2544K  com.spotify.mobile.android.ui
06-14 00:56:26.393   142   660 I ActivityManager: 31905   21708K   21604K    3065K    1536K  com.android.sprintmenu
06-14 00:56:26.393   142   660 I ActivityManager:   428   18520K   18408K    3032K    1928K  com.android.smspush
06-14 00:56:26.393   142   660 I ActivityManager:    80   18636K   18508K    2331K    1032K  zygote
06-14 00:56:26.393   142   660 I ActivityManager:    82    2212K    2212K    1923K    1900K  /system/bin/mediaserver
06-14 00:56:26.393   142   660 I ActivityManager:    81    1092K    1092K     884K     876K  /system/bin/drmserver
06-14 00:56:26.393   142   660 I ActivityManager:    78    1072K    1072K     778K     760K  /system/bin/rild
06-14 00:56:26.393   142   660 I ActivityManager: 27718     668K     664K     525K     520K  logcat
06-14 00:56:26.393   142   660 I ActivityManager:   670     560K     552K     428K     424K  procrank
06-14 00:56:26.393   142   660 I ActivityManager:  8348     592K     588K     420K     412K  /system/bin/wpa_supplicant
06-14 00:56:26.393   142   660 I ActivityManager: 28302     592K     588K     401K     388K  /system/bin/netd
06-14 00:56:26.393   142   660 I ActivityManager:    88     408K     408K     392K     392K  /sbin/adbd
06-14 00:56:26.393   142   660 I ActivityManager:   298     388K     388K     302K     300K  /system/bin/bluetoothd
06-14 00:56:26.393   142   660 I ActivityManager:    73     432K     428K     292K     284K  /system/bin/vold
06-14 00:56:26.393   142   660 I ActivityManager:    86     464K     460K     283K     276K  /system/vendor/bin/gpsd
06-14 00:56:26.393   142   660 I ActivityManager:    85     424K     388K     251K     244K  /system/bin/keystore
06-14 00:56:26.393   142   660 I ActivityManager: 28798     352K     348K     194K     188K  /system/bin/dhcpcd
06-14 00:56:26.393   142   660 I ActivityManager:    83     276K     268K     186K     184K  /system/bin/dbus-daemon
06-14 00:56:26.393   142   660 I ActivityManager:     1     204K     204K     138K     100K  /init
06-14 00:56:26.393   142   660 I ActivityManager:   200     204K     196K     133K     132K  /system/bin/brcm_patchram_plus
06-14 00:56:26.393   142   660 I ActivityManager:    84     248K     240K     123K     120K  /system/bin/installd
06-14 00:56:26.393   142   660 I ActivityManager:    61     160K     160K     122K      84K  /sbin/ueventd
06-14 00:56:26.393   142   660 I ActivityManager:    87     172K     168K     105K     104K  /system/bin/sh
06-14 00:56:26.393   142   660 I ActivityManager:    72     180K     172K      94K      92K  /system/bin/servicemanager
06-14 00:56:26.393   142   660 I ActivityManager: 26775     188K     180K      75K      72K  /system/bin/debuggerd
06-14 00:56:26.393   142   660 I ActivityManager:                           ------   ------  ------
06-14 00:56:26.393   142   660 I ActivityManager:                          279434K  239740K  TOTAL
06-14 00:56:26.393   142   660 I ActivityManager: RAM: 342896K total, 18136K free, 672K buffers, 52516K 
06-14 00:56:27.697   142   159 I ActivityManager: Start proc edu.buffalo.cse.phonelab.phonelabservices for service edu.buffalo.cse.phonelab.phonelabservices/edu.buffalo.cse.phonelab.datalogger.LoggerService: pid=672 uid=10038 gids={3003, 1015, 1007, 2001}
06-14 00:56:27.744   142   421 I ActivityManager: Process com.google.android.apps.maps:LocationFriendService (pid 639) has died.
06-14 00:56:27.764   672   672 I PhoneLab-LoggerService: Start Logger Service
06-14 00:56:27.803 32457 32457 D dalvikvm: GC_EXPLICIT freed <1K, 6% free 9716K/10247K, paused 4ms+2ms
06-14 00:56:27.807   672   685 I PhoneLab-: Service Running
06-14 00:56:27.850   672   685 I PhoneLab-LoggerService: app_38    27718 1     1112   664   c00f181c 400107b4 S logcat
06-14 00:56:27.850   672   685 I PhoneLab-LoggerService: Logcat pid from database 27718
06-14 00:56:27.850   672   685 I PhoneLab-LoggerService: Logcat process found 27718
06-14 00:56:27.850   672   685 I PhoneLab-LoggerService: Checking Threshold
06-14 00:56:32.842   357   357 D dalvikvm: GC_EXPLICIT freed <1K, 6% free 9100K/9607K, paused 37ms+2ms
06-14 00:56:37.853   959   959 D dalvikvm: GC_EXPLICIT freed 121K, 21% free 11682K/14663K, paused 34ms+3ms
06-14 00:56:42.893 27790 27790 D dalvikvm: GC_EXPLICIT freed 31K, 36% free 11631K/17991K, paused 27ms+3ms
06-14 00:56:47.951   142   158 D dalvikvm: GC_EXPLICIT freed 1092K, 23% free 19084K/24647K, paused 45ms+11ms
06-14 00:56:52.857   213   213 D dalvikvm: GC_EXPLICIT freed 11K, 59% free 9685K/23239K, paused 4ms+3ms
06-14 00:56:57.900   342   342 D dalvikvm: GC_EXPLICIT freed 3K, 16% free 12074K/14343K, paused 28ms+3ms
06-14 00:57:02.650   142   197 D DhcpInfoInternal: makeLinkProperties with empty dns2!
06-14 00:57:02.650   142   197 D DhcpInfoInternal: makeLinkProperties with empty dns2!
06-14 00:57:06.850   428   428 D dalvikvm: GC_EXPLICIT freed <1K, 4% free 9037K/9347K, paused 15ms+2ms
06-14 00:57:11.881   324   324 D dalvikvm: GC_EXPLICIT freed <1K, 20% free 10618K/13191K, paused 35ms+3ms
06-14 00:57:15.193   142   172 I ActivityManager: Start proc com.google.android.apps.plus for service com.google.android.apps.plus/.service.EsService: pid=709 uid=10058 gids={3003, 3002, 1015, 1006}
06-14 00:57:15.213   142   172 I ActivityManager: Start proc com.google.android.apps.maps for service com.google.android.apps.maps/com.google.googlenav.prefetch.android.PrefetcherService: pid=723 uid=10057 gids={3003, 1015}
06-14 00:57:15.400   142   172 I ActivityManager: Start proc com.google.android.maps.mytracks for service com.google.android.maps.mytracks/com.google.android.apps.mytracks.services.RemoveTempFilesService: pid=736 uid=10059 gids={3003, 3002, 3001, 1015}
06-14 00:57:15.451   142   172 I ActivityManager: Start proc com.google.android.gm for service com.google.android.gm/.provider.MailIndexerService: pid=742 uid=10019 gids={3003, 1015}
06-14 00:57:15.471   736   736 I dalvikvm: Turning on JNI app bug workarounds for target SDK version 7...
06-14 00:57:15.611    80    80 D dalvikvm: GC_EXPLICIT freed 38K, 4% free 9031K/9347K, paused 2ms+27ms
06-14 00:57:15.654   736   736 I ActivityThread: Pub com.google.android.maps.mytracks.search: com.google.android.apps.mytracks.content.SearchEngineProvider
06-14 00:57:15.666   736   736 I ActivityThread: Pub com.google.android.maps.mytracks: com.google.android.apps.mytracks.content.MyTracksProvider
06-14 00:57:15.779   723   726 D dalvikvm: GC_CONCURRENT freed 169K, 3% free 9367K/9607K, paused 25ms+2ms
06-14 00:57:15.791    80    80 D dalvikvm: GC_EXPLICIT freed <1K, 4% free 9031K/9347K, paused 1ms+2ms
06-14 00:57:15.803   709   712 D dalvikvm: GC_CONCURRENT freed 167K, 3% free 9369K/9607K, paused 2ms+26ms
06-14 00:57:15.896    80    80 D dalvikvm: GC_EXPLICIT freed <1K, 4% free 9031K/9347K, paused 2ms+1ms
06-14 00:57:15.943   142   142 I ActivityManager: Process com.facebook.orca (pid 32684) has died.
06-14 00:57:15.943   142   142 W ActivityManager: Scheduling restart of crashed service com.facebook.orca/.push.mqtt.MqttPushService in 5000ms
06-14 00:57:15.947   723   723 I ActivityThread: Pub com.google.android.maps.SearchHistoryProvider: com.google.googlenav.provider.SearchHistoryProvider
06-14 00:57:15.971   723   723 I ActivityThread: Pub com.google.android.maps.SuggestionProvider: com.google.googlenav.suggest.android.SuggestContentProvider
06-14 00:57:16.010   742   742 I ActivityThread: Pub gmail-ls: com.google.android.gm.provider.MailProvider
06-14 00:57:16.174   709   709 I ActivityThread: Pub com.google.android.apps.plus.content.ApiProvider: com.google.android.apps.plus.content.EsApiProvider
06-14 00:57:16.221   709   709 I ActivityThread: Pub com.google.android.apps.plus.content.EsGooglePhotoProvider: com.google.android.picasasync.PicasaContentProvider
06-14 00:57:16.310   742   742 I ActivityThread: Pub com.google.android.gm: com.google.android.gm.provider.PublicContentProvider
06-14 00:57:16.330   723   723 I ActivityThread: Pub com.google.android.maps.LayerInfoProvider: com.google.googlenav.layer.LayerInfoProvider
06-14 00:57:16.346   723   723 I ActivityThread: Pub com.google.android.maps.TrafficAppWidgetProvider: com.google.googlenav.appwidget.traffic.TrafficAppWidgetProvider
06-14 00:57:16.357   723   723 I ActivityThread: Pub com.google.android.maps.LocalActivePlacesProvider: com.google.googlenav.provider.LocalActivePlacesProvider
06-14 00:57:16.357   723   723 I ActivityThread: Pub com.google.android.maps.StarredItemProvider: com.google.googlenav.provider.StarredItemProvider
06-14 00:57:16.369   742   742 I ActivityThread: Pub com.google.android.gmail.SuggestionProvider: com.google.android.gm.SuggestionsProvider
06-14 00:57:16.432   709   712 D dalvikvm: GC_CONCURRENT freed 484K, 6% free 9431K/9991K, paused 2ms+2ms
06-14 00:57:16.432   709   709 I ActivityThread: Pub com.google.android.apps.plus.content.EsPicasaStoreProvider: com.google.android.picasastore.PicasaPhotoContentProvider
06-14 00:57:16.478   709   709 I ActivityThread: Pub com.google.plus.platform: com.google.android.apps.plus.content.AdsProvider
06-14 00:57:16.478   709   709 I ActivityThread: Pub com.google.android.apps.plus.iu.EsGoogleIuProvider: com.google.android.apps.plus.iu.InstantUploadProvider
06-14 00:57:16.529   723   726 D dalvikvm: GC_CONCURRENT freed 221K, 4% free 9674K/9991K, paused 1ms+14ms
06-14 00:57:16.557   709   709 I ActivityThread: Pub com.google.android.apps.plus.content.EsProvider: com.google.android.apps.plus.content.EsProvider
06-14 00:57:16.619   142   916 I ActivityManager: Start proc android.process.media for content provider com.android.providers.media/.MediaProvider: pid=768 uid=10012 gids={1015, 1023, 1024, 2001, 3003, 3007}
06-14 00:57:16.654   709   712 D dalvikvm: GC_CONCURRENT freed 419K, 6% free 9551K/10055K, paused 14ms+13ms
06-14 00:57:16.697   142   142 I ActivityManager: Process com.google.android.maps.mytracks (pid 736) has died.
06-14 00:57:16.791   142   918 I ActivityManager: Process com.whatsapp (pid 519) has died.
06-14 00:57:16.916   723   723 I ActivityThread: Pub com.google.android.maps.LocalSuggestionProvider: com.google.googlenav.provider.LocalSuggestionProvider
06-14 00:57:16.916   723   723 I ActivityThread: Pub com.google.android.maps.NavigationAvailabilityProvider: com.google.googlenav.provider.NavigationAvailabilityProvider
06-14 00:57:16.935   142   918 W ActivityManager: Scheduling restart of crashed service com.whatsapp/.messaging.MessageService in 14009ms
06-14 00:57:16.971   768   768 I ActivityThread: Pub downloads: com.android.providers.downloads.DownloadProvider
06-14 00:57:17.162   723   726 D dalvikvm: GC_CONCURRENT freed 255K, 4% free 9982K/10311K, paused 2ms+2ms
06-14 00:57:17.193   742   787 W Gmail   : No MailEngine for account: lokeshmandvekar@gmail.com
06-14 00:57:17.193   709   712 D dalvikvm: GC_CONCURRENT freed 161K, 3% free 9835K/10119K, paused 86ms+68ms
06-14 00:57:17.295   723   804 D dalvikvm: GC_FOR_ALLOC freed 164K, 4% free 10193K/10567K, paused 23ms
06-14 00:57:17.342   768   768 I ActivityThread: Pub drm: com.android.providers.drm.DrmProvider
06-14 00:57:17.342   768   806 I DownloadManager: in removeSpuriousFiles
06-14 00:57:17.381   768   806 I DownloadManager: in removeSpuriousFiles, preserving file /data/data/com.android.providers.downloads/cache/downloadfile-1.apk
06-14 00:57:17.381   768   768 I ActivityThread: Pub media: com.android.providers.media.MediaProvider
06-14 00:57:17.385   768   806 I DownloadManager: deleting spurious file /cache/backup
06-14 00:57:17.502   709   712 D dalvikvm: GC_CONCURRENT freed 226K, 4% free 10029K/10375K, paused 2ms+2ms
06-14 00:57:17.560   709   784 D dalvikvm: GC_FOR_ALLOC freed 92K, 4% free 10125K/10503K, paused 21ms
06-14 00:57:17.650   768   770 D dalvikvm: GC_CONCURRENT freed 324K, 5% free 9205K/9607K, paused 13ms+4ms
06-14 00:57:17.693   709   712 D dalvikvm: GC_CONCURRENT freed 408K, 6% free 10160K/10759K, paused 6ms+2ms
06-14 00:57:17.701   142   154 I ActivityManager: Process com.google.android.gm (pid 742) has died.
06-14 00:57:17.725   709   766 D PicasaPhotoCP: set fsid first time:-1
06-14 00:57:17.771   709   784 D dalvikvm: GC_FOR_ALLOC freed 93K, 5% free 10256K/10759K, paused 18ms
06-14 00:57:17.771   709   784 I dalvikvm-heap: Grow heap (frag case) to 10.333MB for 260112-byte allocation
06-14 00:57:17.791   709   784 D dalvikvm: GC_FOR_ALLOC freed 126K, 6% free 10383K/11015K, paused 19ms
06-14 00:57:17.814   709   784 D dalvikvm: GC_FOR_ALLOC freed 369K, 6% free 10383K/11015K, paused 18ms
06-14 00:57:17.861   709   712 D dalvikvm: GC_CONCURRENT freed 381K, 6% free 10386K/11015K, paused 4ms+2ms
06-14 00:57:17.998   709   712 D dalvikvm: GC_CONCURRENT freed 88K, 3% free 10706K/11015K, paused 1ms+2ms
06-14 00:57:18.131   709   712 D dalvikvm: GC_CONCURRENT freed 111K, 2% free 11119K/11335K, paused 2ms+2ms
06-14 00:57:18.326   709   712 D dalvikvm: GC_CONCURRENT freed 397K, 5% free 11346K/11847K, paused 2ms+2ms
06-14 00:57:18.486   709   712 D dalvikvm: GC_CONCURRENT freed 160K, 3% free 11902K/12167K, paused 4ms+3ms
06-14 00:57:19.307   142   917 I ActivityManager: Process android.process.media (pid 768) has died.
06-14 00:57:21.002   142   159 I ActivityManager: Start proc com.facebook.orca for service com.facebook.orca/.push.mqtt.MqttPushService: pid=813 uid=10061 gids={3003, 1015, 1006}
06-14 00:57:21.006   813   813 I dalvikvm: Turning on JNI app bug workarounds for target SDK version 10...
06-14 00:57:21.162   813   813 I ActivityThread: Pub com.facebook.orca.notify.MessengerLoggedInUserProvider: com.facebook.orca.notify.MessengerLoggedInUserProvider
06-14 00:57:21.189   813   813 I ActivityThread: Pub com.facebook.orca.notify.MessengerForegroundProvider: com.facebook.orca.notify.MessengerForegroundProvider
06-14 00:57:21.264   813   813 V orca:OrcaApplication: Forcing initialization of AsyncTask
06-14 00:57:21.377   813   815 D dalvikvm: GC_CONCURRENT freed 206K, 3% free 9330K/9607K, paused 2ms+2ms
06-14 00:57:21.377   813   813 I Finalizer: Couldn't access Thread.inheritableThreadLocals. Reference finalizer threads will inherit thread local values.
06-14 00:57:21.564   813   815 D dalvikvm: GC_CONCURRENT freed 359K, 5% free 9458K/9927K, paused 2ms+2ms
06-14 00:57:21.670   813   813 W OrcaGuiceModule: Sig: ijxLJi1yGs1JpL-X1SExmchvork
06-14 00:57:21.771   813   815 D dalvikvm: GC_CONCURRENT freed 279K, 4% free 9624K/9991K, paused 6ms+7ms
06-14 00:57:22.185   813   832 W Resources: Converting to string: TypedValue{t=0x10/d=0xffffffff a=-1}
06-14 00:57:22.416   813   815 D dalvikvm: GC_CONCURRENT freed 326K, 4% free 9849K/10247K, paused 7ms+3ms
06-14 00:57:22.564   813   813 D ACRA    : Retrieve application default SharedPreferences.
06-14 00:57:22.564   813   813 D ACRA    : Set OnSharedPreferenceChangeListener.
06-14 00:57:22.568   813   813 D ACRA    : ACRA is enabled for com.facebook.orca, intializing...
06-14 00:57:22.631   813   815 D dalvikvm: GC_CONCURRENT freed 293K, 4% free 10071K/10439K, paused 2ms+3ms
06-14 00:57:22.639   813   813 D ACRA    : Looking for error files in /data/data/com.facebook.orca/app_acra-reports
06-14 00:57:22.674   813   832 D dalvikvm: GC_FOR_ALLOC freed 228K, 6% free 10113K/10695K, paused 24ms
06-14 00:57:22.779   142   153 I ActivityManager: Start proc com.google.android.apps.maps:LocationFriendService for service com.google.android.apps.maps/com.google.googlenav.friend.reporting.LocationReceiverService: pid=836 uid=10057 gids={3003, 1015}
06-14 00:57:22.818   142   921 I ActivityManager: Process com.google.android.apps.plus (pid 709) has died.
06-14 00:57:22.818   142   921 W ActivityManager: Scheduling restart of crashed service com.google.android.apps.plus/.service.EsService in 18124ms
06-14 00:57:22.935 31494 31496 D dalvikvm: GC_CONCURRENT freed 499K, 6% free 10411K/11015K, paused 2ms+5ms
06-14 00:57:22.935   813   832 D dalvikvm: GC_FOR_ALLOC freed 134K, 5% free 10219K/10695K, paused 176ms
06-14 00:57:22.978   836   838 D dalvikvm: GC_CONCURRENT freed 158K, 3% free 9378K/9607K, paused 2ms+4ms
06-14 00:57:23.213   813   832 D dalvikvm: GC_FOR_ALLOC freed 198K, 5% free 10244K/10759K, paused 104ms
06-14 00:57:23.221   836   838 D dalvikvm: GC_CONCURRENT freed 153K, 3% free 9658K/9927K, paused 6ms+2ms
06-14 00:57:23.564   836   838 D dalvikvm: GC_CONCURRENT freed 281K, 4% free 9893K/10247K, paused 1ms+9ms
06-14 00:57:23.588   813   815 D dalvikvm: GC_CONCURRENT freed 387K, 5% free 10429K/10887K, paused 24ms+6ms
06-14 00:57:23.865   813   815 D dalvikvm: GC_CONCURRENT freed 121K, 2% free 10823K/11015K, paused 3ms+3ms
06-14 00:57:24.041   813   815 D dalvikvm: GC_CONCURRENT freed 412K, 5% free 11043K/11527K, paused 4ms+5ms
06-14 00:57:24.217   813   815 D dalvikvm: GC_CONCURRENT freed 467K, 5% free 11308K/11847K, paused 1ms+3ms
06-14 00:57:24.287   142   370 I ActivityManager: Process com.google.android.apps.maps:LocationFriendService (pid 836) has died.
06-14 00:57:24.549   142   145 D dalvikvm: GC_CONCURRENT freed 1956K, 23% free 19096K/24647K, paused 3ms+10ms
06-14 00:57:25.990   813   815 D dalvikvm: GC_CONCURRENT freed 639K, 7% free 11409K/12167K, paused 8ms+3ms
06-14 00:57:29.435 16941 16941 E GeckoApp: low memory
06-14 00:57:29.572 16941 16941 D dalvikvm: GC_EXPLICIT freed 3K, 22% free 10500K/13319K, paused 26ms+5ms
06-14 00:57:30.666   142   159 I ActivityManager: Start proc com.google.android.apps.plus for broadcast com.google.android.apps.plus/.service.CameraMonitor: pid=865 uid=10058 gids={3003, 3002, 1015, 1006}
06-14 00:57:30.822   865   867 D dalvikvm: GC_CONCURRENT freed 157K, 3% free 9379K/9607K, paused 2ms+4ms
06-14 00:57:30.893   865   865 I ActivityThread: Pub com.google.android.apps.plus.content.ApiProvider: com.google.android.apps.plus.content.EsApiProvider
06-14 00:57:30.916   865   865 I ActivityThread: Pub com.google.android.apps.plus.content.EsGooglePhotoProvider: com.google.android.picasasync.PicasaContentProvider
06-14 00:57:31.033   142   159 I ActivityManager: Start proc com.whatsapp for service com.whatsapp/.messaging.MessageService: pid=878 uid=10070 gids={1015, 3003}
06-14 00:57:31.057   878   878 I dalvikvm: Turning on JNI app bug workarounds for target SDK version 7...
06-14 00:57:31.115   142   421 I ActivityManager: Process com.google.android.apps.maps (pid 723) has died.
06-14 00:57:31.146   865   867 D dalvikvm: GC_CONCURRENT freed 482K, 6% free 9433K/9991K, paused 2ms+32ms
06-14 00:57:31.146   865   865 I ActivityThread: Pub com.google.android.apps.plus.content.EsPicasaStoreProvider: com.google.android.picasastore.PicasaPhotoContentProvider
06-14 00:57:31.193   865   865 I ActivityThread: Pub com.google.plus.platform: com.google.android.apps.plus.content.AdsProvider
06-14 00:57:31.197   865   865 I ActivityThread: Pub com.google.android.apps.plus.iu.EsGoogleIuProvider: com.google.android.apps.plus.iu.InstantUploadProvider
06-14 00:57:31.260   865   865 I ActivityThread: Pub com.google.android.apps.plus.content.EsProvider: com.google.android.apps.plus.content.EsProvider
06-14 00:57:31.353   142   153 I ActivityManager: Start proc android.process.media for content provider com.android.providers.media/.MediaProvider: pid=894 uid=10012 gids={1015, 1023, 1024, 2001, 3003, 3007}
06-14 00:57:31.404   865   867 D dalvikvm: GC_CONCURRENT freed 416K, 5% free 9556K/10055K, paused 1ms+23ms
06-14 00:57:31.432   894   894 I ActivityThread: Pub downloads: com.android.providers.downloads.DownloadProvider
06-14 00:57:31.490   878   881 D dalvikvm: GC_CONCURRENT freed 170K, 3% free 9362K/9607K, paused 2ms+6ms
06-14 00:57:31.518   894   894 I ActivityThread: Pub drm: com.android.providers.drm.DrmProvider
06-14 00:57:31.521   894   908 I DownloadManager: in removeSpuriousFiles
06-14 00:57:31.693   894   894 I ActivityThread: Pub media: com.android.providers.media.MediaProvider
06-14 00:57:31.725   142   916 D dalvikvm: GC_EXPLICIT freed 235K, 23% free 19066K/24647K, paused 3ms+22ms
06-14 00:57:31.728   894   908 I DownloadManager: in removeSpuriousFiles, preserving file /data/data/com.android.providers.downloads/cache/downloadfile-1.apk
06-14 00:57:31.728   894   908 I DownloadManager: deleting spurious file /cache/backup
06-14 00:57:31.744   142   294 I ActivityManager: Process com.google.android.apps.plus (pid 865) has died.
06-14 00:57:32.275   894   896 D dalvikvm: GC_CONCURRENT freed 370K, 5% free 9166K/9607K, paused 4ms+5ms
06-14 00:57:32.334   878   881 D dalvikvm: GC_CONCURRENT freed 302K, 4% free 9599K/9991K, paused 2ms+8ms
06-14 00:57:32.439   878   878 I SqliteDatabaseCpp: sqlite returned: error code = 1, msg = duplicate column name: photo_ts, db=/data/data/com.whatsapp/databases/msgstore.db
06-14 00:57:32.443   878   878 I SqliteDatabaseCpp: sqlite returned: error code = 1, msg = duplicate column name: thumb_ts, db=/data/data/com.whatsapp/databases/msgstore.db
06-14 00:57:32.443   878   878 I SqliteDatabaseCpp: sqlite returned: error code = 1, msg = duplicate column name: photo_id_timestamp, db=/data/data/com.whatsapp/databases/msgstore.db
06-14 00:57:32.494   142   918 I ActivityManager: Start proc android.process.acore for content provider com.android.providers.contacts/.ContactsProvider2: pid=926 uid=10000 gids={3003, 1015}
06-14 00:57:32.553   142   366 I ActivityManager: Process android.process.media (pid 894) has died.
06-14 00:57:32.592   926   926 I ActivityThread: Pub call_log: com.android.providers.contacts.CallLogProvider
06-14 00:57:32.611   878   878 I dalvikvm: Could not find method android.media.MediaMetadataRetriever.captureFrame, referenced from method com.whatsapp.d3.a
06-14 00:57:32.611   878   878 W dalvikvm: VFY: unable to resolve virtual method 496: Landroid/media/MediaMetadataRetriever;.captureFrame ()Landroid/graphics/Bitmap;
06-14 00:57:32.611   878   878 D dalvikvm: VFY: replacing opcode 0x6e at 0x0134
06-14 00:57:32.670   926   926 I ActivityThread: Pub com.android.voicemail: com.android.providers.contacts.VoicemailContentProvider
06-14 00:57:32.674   926   926 I ActivityThread: Pub user_dictionary: com.android.providers.userdictionary.UserDictionaryProvider
06-14 00:57:32.721   926   926 I ActivityThread: Pub com.android.social: com.android.providers.contacts.SocialProvider
06-14 00:57:32.721   926   926 I ActivityThread: Pub applications: com.android.providers.applications.ApplicationsProvider
06-14 00:57:32.850   878   881 D dalvikvm: GC_CONCURRENT freed 298K, 4% free 9811K/10183K, paused 3ms+2ms
06-14 00:57:32.889   926   926 I ActivityThread: Pub contacts;com.android.contacts: com.android.providers.contacts.ContactsProvider2
06-14 00:57:32.920   926   928 D dalvikvm: GC_CONCURRENT freed 350K, 5% free 9186K/9607K, paused 2ms+2ms
06-14 00:57:33.228   878   881 D dalvikvm: GC_CONCURRENT freed 297K, 4% free 9973K/10375K, paused 2ms+4ms
06-14 00:57:34.264   926   928 D dalvikvm: GC_CONCURRENT freed 200K, 4% free 9415K/9735K, paused 7ms+2ms
06-14 00:57:35.080   142   142 I ActivityManager: Process android.process.acore (pid 926) has died.
06-14 00:57:35.435   878   881 D dalvikvm: GC_CONCURRENT freed 514K, 7% free 9862K/10503K, paused 2ms+3ms
06-14 00:57:40.189   357   357 D dalvikvm: GC_EXPLICIT freed <1K, 6% free 9100K/9607K, paused 28ms+2ms
06-14 00:57:45.213   959   959 D dalvikvm: GC_EXPLICIT freed 112K, 21% free 11682K/14663K, paused 17ms+3ms
06-14 00:57:50.217 27790 27790 D dalvikvm: GC_EXPLICIT freed 122K, 36% free 11631K/17991K, paused 24ms+2ms
06-14 00:57:55.299   142   158 D dalvikvm: GC_EXPLICIT freed 725K, 23% free 19065K/24647K, paused 41ms+10ms
06-14 00:58:05.135   213   213 D dalvikvm: GC_EXPLICIT freed 15K, 59% free 9685K/23239K, paused 2ms+3ms
06-14 00:58:10.221   342   342 D dalvikvm: GC_EXPLICIT freed 5K, 16% free 12074K/14343K, paused 46ms+3ms
06-14 00:58:15.201   428   428 D dalvikvm: GC_EXPLICIT freed <1K, 4% free 9037K/9347K, paused 4ms+4ms
06-14 00:58:20.209   324   324 D dalvikvm: GC_EXPLICIT freed <1K, 20% free 10618K/13191K, paused 34ms+3ms
06-14 00:58:22.709   142   368 I ActivityManager: Start proc com.google.android.apps.maps:LocationFriendService for service com.google.android.apps.maps/com.google.googlenav.friend.reporting.LocationReceiverService: pid=952 uid=10057 gids={3003, 1015}
06-14 00:58:22.877   952   955 D dalvikvm: GC_CONCURRENT freed 169K, 3% free 9367K/9607K, paused 2ms+3ms
06-14 00:58:23.338   952   955 D dalvikvm: GC_CONCURRENT freed 160K, 3% free 9658K/9927K, paused 53ms+3ms
06-14 00:58:23.717   952   955 D dalvikvm: GC_CONCURRENT freed 234K, 3% free 9880K/10183K, paused 2ms+2ms
06-14 00:58:23.775   952   960 I dalvikvm: Total arena pages for JIT: 11
06-14 00:58:23.775   952   960 I dalvikvm: Total arena pages for JIT: 12
06-14 00:58:23.775   952   960 I dalvikvm: Total arena pages for JIT: 13
06-14 00:58:23.783   952   960 I dalvikvm: Total arena pages for JIT: 14
06-14 00:58:23.783   952   960 I dalvikvm: Total arena pages for JIT: 15
06-14 00:58:23.783   952   960 I dalvikvm: Total arena pages for JIT: 16
06-14 00:58:23.783   952   960 I dalvikvm: Total arena pages for JIT: 17
06-14 00:58:23.924   142   142 I ActivityManager: Process com.google.android.apps.maps:LocationFriendService (pid 952) has died.
06-14 00:58:27.838   672   685 I PhoneLab-: Service Running
06-14 00:58:27.959   672   685 I PhoneLab-LoggerService: app_38    27718 1     1112   664   c00f181c 400107b4 S logcat
06-14 00:58:27.959   672   685 I PhoneLab-LoggerService: Logcat pid from database 27718
06-14 00:58:27.959   672   685 I PhoneLab-LoggerService: Logcat process found 27718
06-14 00:58:27.959   672   685 I PhoneLab-LoggerService: Checking Threshold
06-14 00:58:29.092   672   672 D dalvikvm: GC_EXPLICIT freed 231K, 4% free 9052K/9415K, paused 42ms+2ms
06-14 00:58:34.029 16941 16941 E GeckoApp: low memory
06-14 00:58:34.170 16941 16941 D dalvikvm: GC_EXPLICIT freed 2K, 22% free 10500K/13319K, paused 25ms+3ms
06-14 00:58:39.115 31494 31494 D dalvikvm: GC_EXPLICIT freed 266K, 6% free 10404K/11015K, paused 29ms+5ms
06-14 00:58:44.135 31905 31905 D dalvikvm: GC_EXPLICIT freed <1K, 4% free 9055K/9347K, paused 29ms+2ms
06-14 00:58:49.111 32457 32457 D dalvikvm: GC_EXPLICIT freed <1K, 6% free 9716K/10247K, paused 36ms+2ms
06-14 00:58:49.322   142   172 I ActivityManager: Start proc com.twitter.android for service com.twitter.android/.client.AppService: pid=986 uid=10068 gids={3003, 1015}
06-14 00:58:49.326   986   986 I dalvikvm: Turning on JNI app bug workarounds for target SDK version 11...
06-14 00:58:49.455   986   986 I ActivityThread: Pub com.twitter.android.provider.GlobalDatabaseProvider: com.twitter.android.provider.GlobalDatabaseProvider
06-14 00:58:49.463   986   986 I ActivityThread: Pub com.twitter.android.provider.TwitterProvider: com.twitter.android.provider.TwitterProvider
06-14 00:58:49.549   986   987 D dalvikvm: GC_CONCURRENT freed 218K, 4% free 9265K/9607K, paused 2ms+2ms
06-14 00:58:49.600   142   919 I ActivityManager: Process com.twitter.android (pid 986) has died.
06-14 00:58:49.654   142   166 I ActivityManager: Start proc com.twitter.android for service com.twitter.android/.platform.TwitterDataSyncService: pid=1000 uid=10068 gids={3003, 1015}
06-14 00:58:49.666  1000  1000 I dalvikvm: Turning on JNI app bug workarounds for target SDK version 11...
06-14 00:58:49.732  1000  1000 I ActivityThread: Pub com.twitter.android.provider.GlobalDatabaseProvider: com.twitter.android.provider.GlobalDatabaseProvider
06-14 00:58:49.732  1000  1000 I ActivityThread: Pub com.twitter.android.provider.TwitterProvider: com.twitter.android.provider.TwitterProvider
06-14 00:58:49.865  1000  1013 D dalvikvm: GC_FOR_ALLOC freed 149K, 3% free 9263K/9543K, paused 38ms
06-14 00:58:50.057  1000  1003 D dalvikvm: GC_CONCURRENT freed 177K, 4% free 9492K/9799K, paused 2ms+2ms
06-14 00:58:50.213  1000  1003 D dalvikvm: GC_CONCURRENT freed 308K, 5% free 9625K/10055K, paused 2ms+2ms
06-14 00:58:50.357  1000  1003 D dalvikvm: GC_CONCURRENT freed 300K, 5% free 9754K/10183K, paused 1ms+2ms
06-14 00:58:50.486  1000  1003 D dalvikvm: GC_CONCURRENT freed 306K, 5% free 9882K/10311K, paused 2ms+2ms
06-14 00:58:50.607  1000  1003 D dalvikvm: GC_CONCURRENT freed 303K, 5% free 10015K/10439K, paused 1ms+2ms
06-14 00:58:50.732  1000  1003 D dalvikvm: GC_CONCURRENT freed 302K, 4% free 10145K/10567K, paused 1ms+2ms
06-14 00:58:50.853  1000  1003 D dalvikvm: GC_CONCURRENT freed 298K, 4% free 10273K/10695K, paused 1ms+2ms
06-14 00:58:51.049  1000  1003 D dalvikvm: GC_CONCURRENT freed 486K, 6% free 10214K/10823K, paused 7ms+2ms
06-14 00:58:51.178  1000  1003 D dalvikvm: GC_CONCURRENT freed 325K, 5% free 10291K/10823K, paused 1ms+1ms
06-14 00:58:51.322  1000  1003 D dalvikvm: GC_CONCURRENT freed 319K, 4% free 10408K/10823K, paused 2ms+1ms
06-14 00:58:51.451  1000  1003 D dalvikvm: GC_CONCURRENT freed 366K, 5% free 10466K/10951K, paused 2ms+2ms
06-14 00:58:51.580  1000  1003 D dalvikvm: GC_CONCURRENT freed 343K, 5% free 10554K/11015K, paused 2ms+2ms
06-14 00:58:51.709  1000  1003 D dalvikvm: GC_CONCURRENT freed 343K, 5% free 10632K/11079K, paused 2ms+1ms
06-14 00:58:51.838  1000  1003 D dalvikvm: GC_CONCURRENT freed 381K, 5% free 10721K/11207K, paused 2ms+2ms
06-14 00:58:51.971  1000  1003 D dalvikvm: GC_CONCURRENT freed 398K, 5% free 10816K/11335K, paused 1ms+2ms
06-14 00:58:53.369  1000  1003 D dalvikvm: GC_CONCURRENT freed 342K, 5% free 11003K/11463K, paused 2ms+5ms
06-14 00:58:54.736   357   357 D dalvikvm: GC_EXPLICIT freed <1K, 6% free 9100K/9607K, paused 2ms+2ms
06-14 00:58:59.670   959   959 D dalvikvm: GC_EXPLICIT freed 128K, 21% free 11684K/14663K, paused 2ms+3ms
06-14 00:59:05.111 27790 27790 D dalvikvm: GC_EXPLICIT freed 31K, 36% free 11631K/17991K, paused 2ms+3ms
06-14 00:59:10.264   142   158 D dalvikvm: GC_EXPLICIT freed 534K, 23% free 19076K/24647K, paused 6ms+8ms
06-14 00:59:15.189   213   213 D dalvikvm: GC_EXPLICIT freed 8K, 59% free 9684K/23239K, paused 27ms+3ms
06-14 00:59:22.725   142   368 I ActivityManager: Start proc com.google.android.apps.maps:LocationFriendService for service com.google.android.apps.maps/com.google.googlenav.friend.reporting.LocationReceiverService: pid=1018 uid=10057 gids={3003, 1015}
06-14 00:59:22.756    80    80 D dalvikvm: GC_EXPLICIT freed 38K, 4% free 9031K/9347K, paused 3ms+1ms
06-14 00:59:22.791    80    80 D dalvikvm: GC_EXPLICIT freed <1K, 4% free 9031K/9347K, paused 2ms+2ms
06-14 00:59:22.834    80    80 D dalvikvm: GC_EXPLICIT freed <1K, 4% free 9031K/9347K, paused 1ms+6ms
06-14 00:59:22.869   142   366 I ActivityManager: Process com.twitter.android (pid 1000) has died.
06-14 00:59:22.928  1018  1021 D dalvikvm: GC_CONCURRENT freed 178K, 3% free 9358K/9607K, paused 2ms+1ms
06-14 00:59:23.252  1018  1021 D dalvikvm: GC_CONCURRENT freed 135K, 3% free 9678K/9927K, paused 3ms+1ms
06-14 00:59:23.955  1018  1021 D dalvikvm: GC_CONCURRENT freed 260K, 4% free 9874K/10247K, paused 2ms+2ms
06-14 00:59:24.279   142   918 I ActivityManager: Process com.google.android.apps.maps:LocationFriendService (pid 1018) has died.
06-14 00:59:27.314   142   197 D DhcpInfoInternal: makeLinkProperties with empty dns2!
06-14 00:59:27.314   142   197 D DhcpInfoInternal: makeLinkProperties with empty dns2!
06-14 00:59:31.732   342   342 D dalvikvm: GC_EXPLICIT freed 5K, 16% free 12074K/14343K, paused 2ms+3ms
06-14 00:59:36.760   428   428 D dalvikvm: GC_EXPLICIT freed <1K, 4% free 9037K/9347K, paused 34ms+2ms
06-14 00:59:41.799   324   324 D dalvikvm: GC_EXPLICIT freed <1K, 20% free 10618K/13191K, paused 28ms+3ms
06-14 00:59:46.822   878   878 D dalvikvm: GC_EXPLICIT freed 19K, 7% free 9848K/10503K, paused 33ms+3ms
06-14 00:59:51.725 16941 16941 E GeckoApp: low memory
06-14 00:59:51.818 16941 16941 D dalvikvm: GC_EXPLICIT freed 2K, 22% free 10500K/13319K, paused 23ms+4ms
06-14 00:59:56.807 31494 31494 D dalvikvm: GC_EXPLICIT freed 259K, 6% free 10403K/11015K, paused 38ms+2ms
06-14 01:00:05.119 31905 31905 D dalvikvm: GC_EXPLICIT freed <1K, 4% free 9055K/9347K, paused 8ms+2ms
06-14 01:00:10.185 32457 32457 D dalvikvm: GC_EXPLICIT freed <1K, 6% free 9716K/10247K, paused 41ms+2ms
06-14 01:00:15.158   672   672 D dalvikvm: GC_EXPLICIT freed 4K, 4% free 9049K/9415K, paused 22ms+2ms
06-14 01:00:15.432   342   342 D SAN_SERVICE: *******************************************
06-14 01:00:15.432   342   342 D SAN_SERVICE: DM App Phone Service State - 0
06-14 01:00:15.432   342   342 D SAN_SERVICE: *******************************************
06-14 01:00:15.869   342   342 D SAN_SERVICE: *******************************************
06-14 01:00:15.869   342   342 D SAN_SERVICE: DM App Phone Service State - 0
06-14 01:00:15.869   342   342 D SAN_SERVICE: *******************************************
06-14 01:00:22.744   142   917 I ActivityManager: Start proc com.google.android.apps.maps:LocationFriendService for service com.google.android.apps.maps/com.google.googlenav.friend.reporting.LocationReceiverService: pid=1060 uid=10057 gids={3003, 1015}
06-14 01:00:22.861  1060  1063 D dalvikvm: GC_CONCURRENT freed 153K, 3% free 9383K/9607K, paused 2ms+2ms
06-14 01:00:23.041  1060  1063 D dalvikvm: GC_CONCURRENT freed 141K, 3% free 9690K/9927K, paused 9ms+3ms
06-14 01:00:23.271   142   153 I ActivityManager: Process com.facebook.orca (pid 813) has died.
06-14 01:00:23.271   142   153 W ActivityManager: Scheduling restart of crashed service com.facebook.orca/.push.mqtt.MqttPushService in 5000ms
06-14 01:00:23.326  1060  1063 D dalvikvm: GC_CONCURRENT freed 332K, 4% free 9907K/10311K, paused 2ms+2ms
06-14 01:00:27.810   672   685 I PhoneLab-: Service Running
06-14 01:00:27.885   672   685 I PhoneLab-LoggerService: app_38    27718 1     1112   664   c00f181c 400107b4 S logcat
06-14 01:00:27.885   672   685 I PhoneLab-LoggerService: Logcat pid from database 27718
06-14 01:00:27.885   672   685 I PhoneLab-LoggerService: Logcat process found 27718
06-14 01:00:27.885   672   685 I PhoneLab-LoggerService: Checking Threshold
06-14 01:00:28.346   142   159 I ActivityManager: Start proc com.facebook.orca for service com.facebook.orca/.push.mqtt.MqttPushService: pid=1084 uid=10061 gids={3003, 1015, 1006}
06-14 01:00:28.373  1084  1084 I dalvikvm: Turning on JNI app bug workarounds for target SDK version 10...
06-14 01:00:28.381   357   357 D dalvikvm: GC_EXPLICIT freed <1K, 6% free 9100K/9607K, paused 2ms+2ms
06-14 01:00:28.521  1084  1084 I ActivityThread: Pub com.facebook.orca.notify.MessengerLoggedInUserProvider: com.facebook.orca.notify.MessengerLoggedInUserProvider
06-14 01:00:28.529  1084  1084 I ActivityThread: Pub com.facebook.orca.notify.MessengerForegroundProvider: com.facebook.orca.notify.MessengerForegroundProvider
06-14 01:00:28.533  1084  1084 V orca:OrcaApplication: Forcing initialization of AsyncTask
06-14 01:00:28.603   672   672 I PhoneLab-Locks: wake lock acquired
06-14 01:00:28.623   672   672 I PhoneLab-StatusMonitor: Status Monitoring is started
06-14 01:00:28.807  1084  1086 D dalvikvm: GC_CONCURRENT freed 222K, 4% free 9313K/9607K, paused 9ms+2ms
06-14 01:00:28.810  1084  1084 I Finalizer: Couldn't access Thread.inheritableThreadLocals. Reference finalizer threads will inherit thread local values.
06-14 01:00:28.900   672   674 D dalvikvm: GC_CONCURRENT freed 373K, 5% free 9143K/9607K, paused 2ms+3ms
06-14 01:00:29.014   672   672 I PhoneLab-StatusMonitor: Value: 10 - unit: min
06-14 01:00:29.018   672   672 I PhoneLab-StatusMonitor: Running interval: 600000
06-14 01:00:29.029  1084  1086 D dalvikvm: GC_CONCURRENT freed 352K, 5% free 9454K/9927K, paused 2ms+2ms
06-14 01:00:29.037   672   672 I PhoneLab-StatusMonitor: Rescheduling status monitoring...
06-14 01:00:29.041   672   672 I PhoneLab-Locks: wake lock released
06-14 01:00:29.045   672   672 I PhoneLab-StatusMonitorLocation: Learning Location
06-14 01:00:29.045   672   672 I PhoneLab-Locks: wake lock acquired
06-14 01:00:29.084   142   153 I ActivityManager: Process com.google.android.apps.maps:LocationFriendService (pid 1060) has died.
06-14 01:00:29.158   672   672 I PhoneLab-Locks: wake lock acquired
06-14 01:00:29.162 30026 30098 D androidNetworkLocationListeners: Still have listener com.google.android.location.internal.client.NetworkLocationClient$1@413a94e8
06-14 01:00:29.170   672   672 I PhoneLab-StatusMonitorLocation: Learning Signal Strgth
06-14 01:00:29.170   672   672 I PhoneLab-Locks: wake lock acquired
06-14 01:00:29.174 30026 30098 D androidNetworkLocationListeners: Still have listener com.google.android.location.internal.client.NetworkLocationClient$1@413a94e8
06-14 01:00:29.197   672   672 I PhoneLab-StatusMonitorBattery: Battery_level: 97
06-14 01:00:29.197   672   672 I PhoneLab-Locks: wake lock released
06-14 01:00:29.201   672   672 I PhoneLab-StatusMonitorSignal: Signal_Strength: -96 asu: 9
06-14 01:00:29.201   672   672 I PhoneLab-Locks: wake lock released
06-14 01:00:29.264  1084  1084 W OrcaGuiceModule: Sig: ijxLJi1yGs1JpL-X1SExmchvork
06-14 01:00:29.342  1084  1086 D dalvikvm: GC_CONCURRENT freed 267K, 4% free 9615K/9991K, paused 2ms+2ms
06-14 01:00:29.416   672   672 I PhoneLab-StatusMonitorLocation: Location_Latitude: 42.9620882 Longitude: -78.8170295 Accuracy: 33.0
06-14 01:00:29.416   672   672 I PhoneLab-Locks: wake lock released
06-14 01:00:29.420 30026 30098 D androidNetworkLocationListeners: Still have listener com.google.android.location.internal.client.NetworkLocationClient$1@413a94e8
06-14 01:00:29.447   142   330 I ActivityManager: Start proc com.google.android.apps.maps:LocationFriendService for service com.google.android.apps.maps/com.google.googlenav.friend.reporting.LocationReceiverService: pid=1104 uid=10057 gids={3003, 1015}
06-14 01:00:29.596  1104  1107 D dalvikvm: GC_CONCURRENT freed 158K, 3% free 9378K/9607K, paused 2ms+11ms
06-14 01:00:29.615  1084  1103 W Resources: Converting to string: TypedValue{t=0x10/d=0xffffffff a=-1}
06-14 01:00:29.783  1084  1086 D dalvikvm: GC_CONCURRENT freed 326K, 4% free 9850K/10247K, paused 2ms+10ms
06-14 01:00:29.881  1084  1084 D ACRA    : Retrieve application default SharedPreferences.
06-14 01:00:29.881  1084  1084 D ACRA    : Set OnSharedPreferenceChangeListener.
06-14 01:00:29.885  1084  1084 D ACRA    : ACRA is enabled for com.facebook.orca, intializing...
06-14 01:00:29.955  1084  1086 D dalvikvm: GC_CONCURRENT freed 292K, 4% free 10072K/10439K, paused 2ms+2ms
06-14 01:00:29.959  1084  1084 D ACRA    : Looking for error files in /data/data/com.facebook.orca/app_acra-reports
06-14 01:00:30.006  1084  1103 D dalvikvm: GC_FOR_ALLOC freed 231K, 6% free 10115K/10695K, paused 21ms
06-14 01:00:30.057  1084  1103 D dalvikvm: GC_FOR_ALLOC freed 132K, 5% free 10220K/10695K, paused 20ms
06-14 01:00:30.131  1084  1103 D dalvikvm: GC_FOR_ALLOC freed 210K, 5% free 10248K/10759K, paused 28ms
06-14 01:00:30.143   142   422 I ActivityManager: Process com.google.android.apps.maps:LocationFriendService (pid 1104) has died.
06-14 01:00:30.330  1084  1086 D dalvikvm: GC_CONCURRENT freed 376K, 4% free 10506K/10887K, paused 2ms+2ms
06-14 01:00:30.529  1084  1086 D dalvikvm: GC_CONCURRENT freed 183K, 3% free 10889K/11143K, paused 3ms+3ms
06-14 01:00:30.752 30026 30029 D dalvikvm: GC_CONCURRENT freed 506K, 6% free 10002K/10631K, paused 7ms+24ms
06-14 01:00:30.846   142   330 I ActivityManager: Start proc com.google.android.apps.maps:LocationFriendService for service com.google.android.apps.maps/com.google.googlenav.friend.reporting.LocationReceiverService: pid=1126 uid=10057 gids={3003, 1015}
06-14 01:00:30.971  1126  1128 D dalvikvm: GC_CONCURRENT freed 161K, 3% free 9375K/9607K, paused 2ms+2ms
06-14 01:00:31.053  1084  1086 D dalvikvm: GC_CONCURRENT freed 518K, 6% free 11002K/11591K, paused 46ms+16ms
06-14 01:00:31.150  1126  1128 D dalvikvm: GC_CONCURRENT freed 149K, 3% free 9644K/9927K, paused 4ms+4ms
06-14 01:00:31.275  1084  1086 D dalvikvm: GC_CONCURRENT freed 334K, 4% free 11378K/11783K, paused 2ms+3ms
06-14 01:00:31.506   142   421 I ActivityManager: Process com.google.android.apps.maps:LocationFriendService (pid 1126) has died.
06-14 01:00:36.639   959   959 D dalvikvm: GC_EXPLICIT freed 154K, 21% free 11688K/14663K, paused 16ms+4ms
06-14 01:00:41.646 27790 27790 D dalvikvm: GC_EXPLICIT freed 72K, 36% free 11631K/17991K, paused 28ms+3ms
06-14 01:00:46.037   342   342 D SAN_SERVICE: *******************************************
06-14 01:00:46.037   342   342 D SAN_SERVICE: DM App Phone Service State - 0
06-14 01:00:46.037   342   342 D SAN_SERVICE: *******************************************
06-14 01:00:46.537   342   342 D SAN_SERVICE: *******************************************
06-14 01:00:46.537   342   342 D SAN_SERVICE: DM App Phone Service State - 0
06-14 01:00:46.537   342   342 D SAN_SERVICE: *******************************************
06-14 01:00:49.514   142   921 D AlarmManagerService: Kernel timezone updated to 240 minutes west of GMT
06-14 01:00:49.059   142   159 I ActivityManager: Start proc com.android.calendar for broadcast com.android.calendar/.widget.CalendarAppWidgetService$CalendarFactory: pid=1142 uid=10005 gids={3003}
06-14 01:00:49.525   342   342 D SystemClock: Setting time of day to sec=1339650049
06-14 01:00:49.153  1142  1142 I ActivityThread: Pub com.android.calendar.CalendarRecentSuggestionsProvider: com.android.calendar.CalendarRecentSuggestionsProvider
06-14 01:00:49.364   142   142 I ActivityManager: Start proc com.android.deskclock for broadcast com.android.deskclock/.AlarmInitReceiver: pid=1158 uid=10011 gids={}
06-14 01:00:49.426   142   917 I ActivityManager: Start proc com.android.providers.calendar for content provider com.android.providers.calendar/.CalendarProvider2: pid=1167 uid=10006 gids={3003, 1015}
06-14 01:00:49.477   142   422 D dalvikvm: GC_EXPLICIT freed 1301K, 23% free 19123K/24647K, paused 19ms+9ms
06-14 01:00:49.501   342   342 D SAN_SERVICE: *******************************************
06-14 01:00:49.501   342   342 D SAN_SERVICE: DM App Phone Service State - 0
06-14 01:00:49.501   342   342 D SAN_SERVICE: *******************************************
06-14 01:00:49.536   142   368 I ActivityManager: Process com.android.calendar (pid 1142) has died.
06-14 01:00:49.579  1167  1167 I ActivityThread: Pub com.android.calendar: com.android.providers.calendar.CalendarProvider2
06-14 01:00:49.618   142   366 I ActivityManager: Process com.android.providers.calendar (pid 1167) has died.
06-14 01:00:49.626  1158  1158 I ActivityThread: Pub com.android.deskclock: com.android.deskclock.AlarmProvider
06-14 01:00:49.633   142   366 I ActivityManager: Start proc com.android.providers.calendar for restart com.android.providers.calendar: pid=1184 uid=10006 gids={3003, 1015}
06-14 01:00:49.688  1184  1184 I ActivityThread: Pub com.android.calendar: com.android.providers.calendar.CalendarProvider2
06-14 01:00:49.778  1158  1197 V AlarmClock: AlarmInitReceiver finished
06-14 01:00:49.837   142   421 I ActivityManager: Process com.android.providers.calendar (pid 1184) has died.
06-14 01:00:49.852   142   421 I ActivityManager: Start proc com.android.providers.calendar for restart com.android.providers.calendar: pid=1201 uid=10006 gids={3003, 1015}
06-14 01:00:49.930  1201  1201 I ActivityThread: Pub com.android.calendar: com.android.providers.calendar.CalendarProvider2
06-14 01:00:49.973   142   368 I ActivityManager: Process com.android.providers.calendar (pid 1201) has died.
06-14 01:00:49.985   142   368 I ActivityManager: Start proc com.android.providers.calendar for restart com.android.providers.calendar: pid=1215 uid=10006 gids={3003, 1015}
06-14 01:00:50.020   342   342 D SAN_SERVICE: *******************************************
06-14 01:00:50.020   342   342 D SAN_SERVICE: DM App Phone Service State - 0
06-14 01:00:50.020   342   342 D SAN_SERVICE: *******************************************
06-14 01:00:50.044  1215  1215 I ActivityThread: Pub com.android.calendar: com.android.providers.calendar.CalendarProvider2
06-14 01:00:50.090   142   919 I ActivityManager: Process com.android.deskclock (pid 1158) has died.
06-14 01:00:51.137  1215  1215 I CalendarProvider2: Sending notification intent: Intent { act=android.intent.action.PROVIDER_CHANGED dat=content://com.android.calendar }
06-14 01:00:51.157  1215  1215 W ContentResolver: Failed to get type for: content://com.android.calendar (Unknown URL content://com.android.calendar)
06-14 01:00:51.219   142   159 I ActivityManager: Start proc com.android.calendar for broadcast com.android.calendar/.widget.CalendarAppWidgetService$CalendarFactory: pid=1229 uid=10005 gids={3003}
06-14 01:00:51.270    80    80 D dalvikvm: GC_EXPLICIT freed 37K, 4% free 9031K/9347K, paused 1ms+8ms
06-14 01:00:51.286  1229  1229 I ActivityThread: Pub com.android.calendar.CalendarRecentSuggestionsProvider: com.android.calendar.CalendarRecentSuggestionsProvider
06-14 01:00:51.313    80    80 D dalvikvm: GC_EXPLICIT freed <1K, 4% free 9031K/9347K, paused 1ms+10ms
06-14 01:00:51.364    80    80 D dalvikvm: GC_EXPLICIT freed <1K, 4% free 9031K/9347K, paused 2ms+2ms
06-14 01:00:51.376   142   916 I ActivityManager: Process com.android.providers.calendar (pid 1215) has died.
06-14 01:00:51.376   142   916 I ActivityManager: Kill com.android.calendar (pid 1229): provider com.android.providers.calendar.CalendarProvider2 in dying process com.android.providers.calendar
06-14 01:00:51.403   142 12773 I ActivityManager: Process com.android.calendar (pid 1229) has died.
06-14 01:00:56.548   142   158 D dalvikvm: GC_EXPLICIT freed 868K, 23% free 19075K/24647K, paused 39ms+7ms
06-14 01:01:05.106   213   213 D dalvikvm: GC_EXPLICIT freed 21K, 59% free 9685K/23239K, paused 2ms+3ms
06-14 01:01:10.251   342   342 D dalvikvm: GC_EXPLICIT freed 113K, 16% free 12075K/14343K, paused 42ms+3ms
06-14 01:01:11.215   342   342 D SAN_SERVICE: *******************************************
06-14 01:01:11.215   342   342 D SAN_SERVICE: DM App Phone Service State - 0
06-14 01:01:11.215   342   342 D SAN_SERVICE: *******************************************
06-14 01:01:16.243   428   428 D dalvikvm: GC_EXPLICIT freed <1K, 4% free 9037K/9347K, paused 1ms+2ms
06-14 01:01:22.387 31494 31496 D dalvikvm: GC_CONCURRENT freed 497K, 6% free 10418K/11015K, paused 8ms+2ms
06-14 01:01:22.442 31494 31515 D dalvikvm: GC_EXPLICIT freed 38K, 6% free 10403K/11015K, paused 13ms+3ms
06-14 01:01:22.458   142   918 I ActivityManager: Start proc com.google.android.apps.maps:LocationFriendService for service com.google.android.apps.maps/com.google.googlenav.friend.reporting.LocationReceiverService: pid=1246 uid=10057 gids={3003, 1015}
06-14 01:01:22.579  1246  1249 D dalvikvm: GC_CONCURRENT freed 153K, 3% free 9383K/9607K, paused 2ms+4ms
06-14 01:01:22.743   142   919 I ActivityManager: Process com.whatsapp (pid 878) has died.
06-14 01:01:22.743   142   919 W ActivityManager: Scheduling restart of crashed service com.whatsapp/.messaging.MessageService in 5000ms
06-14 01:01:22.786  1246  1249 D dalvikvm: GC_CONCURRENT freed 150K, 3% free 9663K/9927K, paused 4ms+4ms
06-14 01:01:23.114  1246  1249 D dalvikvm: GC_CONCURRENT freed 276K, 4% free 9897K/10247K, paused 8ms+2ms
06-14 01:01:27.774   142   159 I ActivityManager: Start proc com.whatsapp for service com.whatsapp/.messaging.MessageService: pid=1269 uid=10070 gids={1015, 3003}
06-14 01:01:27.821  1269  1269 I dalvikvm: Turning on JNI app bug workarounds for target SDK version 7...
06-14 01:01:27.880   324   324 D dalvikvm: GC_EXPLICIT freed <1K, 20% free 10618K/13191K, paused 4ms+3ms
06-14 01:01:28.079  1269  1271 D dalvikvm: GC_CONCURRENT freed 160K, 3% free 9366K/9607K, paused 5ms+2ms
06-14 01:01:28.266   142   366 I ActivityManager: Process com.google.android.apps.maps:LocationFriendService (pid 1246) has died.
06-14 01:01:28.516  1269  1271 D dalvikvm: GC_CONCURRENT freed 309K, 4% free 9595K/9991K, paused 2ms+2ms
06-14 01:01:28.688  1269  1269 I SqliteDatabaseCpp: sqlite returned: error code = 1, msg = duplicate column name: photo_ts, db=/data/data/com.whatsapp/databases/msgstore.db
06-14 01:01:28.692  1269  1269 I SqliteDatabaseCpp: sqlite returned: error code = 1, msg = duplicate column name: thumb_ts, db=/data/data/com.whatsapp/databases/msgstore.db
06-14 01:01:28.692  1269  1269 I SqliteDatabaseCpp: sqlite returned: error code = 1, msg = duplicate column name: photo_id_timestamp, db=/data/data/com.whatsapp/databases/msgstore.db
06-14 01:01:28.774   142   370 I ActivityManager: Start proc android.process.acore for content provider com.android.providers.contacts/.ContactsProvider2: pid=1290 uid=10000 gids={3003, 1015}
06-14 01:01:28.852  1269  1269 I dalvikvm: Could not find method android.media.MediaMetadataRetriever.captureFrame, referenced from method com.whatsapp.d3.a
06-14 01:01:28.852  1269  1269 W dalvikvm: VFY: unable to resolve virtual method 496: Landroid/media/MediaMetadataRetriever;.captureFrame ()Landroid/graphics/Bitmap;
06-14 01:01:28.852  1269  1269 D dalvikvm: VFY: replacing opcode 0x6e at 0x0134
06-14 01:01:28.872  1290  1290 I ActivityThread: Pub call_log: com.android.providers.contacts.CallLogProvider
06-14 01:01:28.911  1290  1290 I ActivityThread: Pub com.android.voicemail: com.android.providers.contacts.VoicemailContentProvider
06-14 01:01:28.911  1290  1290 I ActivityThread: Pub user_dictionary: com.android.providers.userdictionary.UserDictionaryProvider
06-14 01:01:28.926  1290  1290 I ActivityThread: Pub com.android.social: com.android.providers.contacts.SocialProvider
06-14 01:01:28.930  1290  1290 I ActivityThread: Pub applications: com.android.providers.applications.ApplicationsProvider
06-14 01:01:29.079  1290  1292 D dalvikvm: GC_CONCURRENT freed 333K, 5% free 9140K/9607K, paused 2ms+1ms
06-14 01:01:29.079  1290  1290 I ActivityThread: Pub contacts;com.android.contacts: com.android.providers.contacts.ContactsProvider2
06-14 01:01:29.270  1269  1271 D dalvikvm: GC_CONCURRENT freed 295K, 4% free 9813K/10183K, paused 2ms+18ms
06-14 01:01:29.762  1269  1271 D dalvikvm: GC_CONCURRENT freed 294K, 4% free 9973K/10375K, paused 2ms+4ms
06-14 01:01:32.215   142   294 I ActivityManager: Process com.facebook.orca (pid 1084) has died.
06-14 01:01:32.215   142   294 W ActivityManager: Scheduling restart of crashed service com.facebook.orca/.push.mqtt.MqttPushService in 5000ms
06-14 01:01:32.387   142  1284 I ActivityManager: Applications Memory Usage (kB):
06-14 01:01:32.387   142  1284 I ActivityManager: Uptime: 160457305 Realtime: 287353700
06-14 01:01:32.387   142  1284 I ActivityManager: Total PSS by OOM adjustment:
06-14 01:01:32.387   142  1284 I ActivityManager:     34434 kB: System
06-14 01:01:32.387   142  1284 I ActivityManager:                34434 kB: system (pid 142)
06-14 01:01:32.387   142  1284 I ActivityManager:     28521 kB: Persistent
06-14 01:01:32.387   142  1284 I ActivityManager:                12291 kB: com.android.systemui (pid 213)
06-14 01:01:32.387   142  1284 I ActivityManager:                12061 kB: com.android.phone (pid 342)
06-14 01:01:32.387   142  1284 I ActivityManager:                 4169 kB: com.android.nfc (pid 357)
06-14 01:01:32.387   142  1284 I ActivityManager:     31327 kB: Foreground
06-14 01:01:32.387   142  1284 I ActivityManager:                31327 kB: com.android.launcher (pid 27790)
06-14 01:01:32.387   142  1284 I ActivityManager:      2978 kB: Visible
06-14 01:01:32.387   142  1284 I ActivityManager:                 2978 kB: com.android.smspush (pid 428)
06-14 01:01:32.387   142  1284 I ActivityManager:     29928 kB: Perceptible
06-14 01:01:32.387   142  1284 I ActivityManager:                19630 kB: hr.podlanica (pid 959)
06-14 01:01:32.387   142  1284 I ActivityManager:                10298 kB: com.android.inputmethod.latin (pid 324)
06-14 01:01:32.387   142  1284 I ActivityManager:     25330 kB: A Services
06-14 01:01:32.387   142  1284 I ActivityManager:                 9756 kB: com.google.process.gapps (pid 30026)
06-14 01:01:32.387   142  1284 I ActivityManager:                 7941 kB: com.whatsapp (pid 1269)
06-14 01:01:32.387   142  1284 I ActivityManager:                 7633 kB: com.google.android.apps.maps:NetworkLocationService (pid 31494)
06-14 01:01:32.387   142  1284 I ActivityManager:     67264 kB: Previous
06-14 01:01:32.387   142  1284 I ActivityManager:                67264 kB: org.mozilla.firefox_beta (pid 16941)
06-14 01:01:32.387   142  1284 I ActivityManager:     26908 kB: B Services
06-14 01:01:32.387   142  1284 I ActivityManager:                14233 kB: com.facebook.orca (pid 1084)
06-14 01:01:32.387   142  1284 I ActivityManager:                 5369 kB: com.google.android.apps.googlevoice (pid 32457)
06-14 01:01:32.387   142  1284 I ActivityManager:                 4432 kB: edu.buffalo.cse.phonelab.phonelabservices (pid 672)
06-14 01:01:32.387   142  1284 I ActivityManager:                 2874 kB: com.android.sprintmenu (pid 31905)
06-14 01:01:32.387   142  1284 I ActivityManager: 
06-14 01:01:32.387   142  1284 I ActivityManager: Total PSS: 246690 kB
06-14 01:01:32.387   142  1284 I ActivityManager:   PID      Vss      Rss      Pss      Uss  cmdline
06-14 01:01:32.387   142  1284 I ActivityManager: 16941   84564K   84476K   67435K   66168K  org.mozilla.firefox_beta
06-14 01:01:32.387   142  1284 I ActivityManager:   142   52984K   52908K   34385K   30752K  system_server
06-14 01:01:32.387   142  1284 I ActivityManager: 27790   49808K   49704K   31080K   28292K  com.android.launcher
06-14 01:01:32.387   142  1284 I ActivityManager:   959   33920K   33840K   19692K   18760K  hr.podlanica
06-14 01:01:32.387   142  1284 I ActivityManager:    79   24324K   21324K   13867K    7208K  /system/bin/surfaceflinger
06-14 01:01:32.387   142  1284 I ActivityManager:   213   31716K   31616K   12375K    8156K  com.android.systemui
06-14 01:01:32.387   142  1284 I ActivityManager:   342   27344K   27260K   12128K   11140K  com.android.phone
06-14 01:01:32.387   142  1284 I ActivityManager:   324   25304K   25216K   10334K    9384K  com.android.inputmethod.latin
06-14 01:01:32.387   142  1284 I ActivityManager: 30026   28112K   28060K    9692K    8144K  com.google.process.gapps
06-14 01:01:32.387   142  1284 I ActivityManager:  1269   29280K   29212K    8717K    6272K  com.whatsapp
06-14 01:01:32.387   142  1284 I ActivityManager: 31494   26420K   26328K    7801K    6252K  com.google.android.apps.maps:NetworkLocationService
06-14 01:01:32.387   142  1284 I ActivityManager:  1290   26464K   26392K    6435K    4296K  android.process.acore
06-14 01:01:32.387   142  1284 I ActivityManager: 32457   24832K   24732K    5537K    3928K  com.google.android.apps.googlevoice
06-14 01:01:32.387   142  1284 I ActivityManager:   672   24048K   23984K    4449K    2672K  edu.buffalo.cse.phonelab.phonelabservices
06-14 01:01:32.387   142  1284 I ActivityManager:   357   19456K   19360K    4261K    3288K  com.android.nfc
06-14 01:01:32.387   142  1284 I ActivityManager: 18802   18060K   17956K    3508K    2544K  com.spotify.mobile.android.ui
06-14 01:01:32.387   142  1284 I ActivityManager: 31905   21660K   21556K    3013K    1536K  com.android.sprintmenu
06-14 01:01:32.387   142  1284 I ActivityManager:   428   18536K   18424K    3011K    1928K  com.android.smspush
06-14 01:01:32.387   142  1284 I ActivityManager:    80   18644K   18516K    2219K    1032K  zygote
06-14 01:01:32.387   142  1284 I ActivityManager:    82    2212K    2212K    1922K    1900K  /system/bin/mediaserver
06-14 01:01:32.387   142  1284 I ActivityManager:    81    1092K    1092K     883K     876K  /system/bin/drmserver
06-14 01:01:32.387   142  1284 I ActivityManager:    78    1112K    1112K     818K     800K  /system/bin/rild
06-14 01:01:32.387   142  1284 I ActivityManager: 27718     668K     664K     525K     520K  logcat
06-14 01:01:32.387   142  1284 I ActivityManager:  1311     596K     588K     464K     460K  procrank
06-14 01:01:32.387   142  1284 I ActivityManager:  8348     592K     588K     422K     412K  /system/bin/wpa_supplicant
06-14 01:01:32.387   142  1284 I ActivityManager:    88     408K     408K     392K     392K  /sbin/adbd
06-14 01:01:32.387   142  1284 I ActivityManager: 28302     576K     572K     385K     372K  /system/bin/netd
06-14 01:01:32.387   142  1284 I ActivityManager:   298     388K     388K     302K     300K  /system/bin/bluetoothd
06-14 01:01:32.387   142  1284 I ActivityManager:    73     432K     428K     292K     284K  /system/bin/vold
06-14 01:01:32.387   142  1284 I ActivityManager:    86     464K     460K     283K     276K  /system/vendor/bin/gpsd
06-14 01:01:32.387   142  1284 I ActivityManager:    85     424K     388K     251K     244K  /system/bin/keystore
06-14 01:01:32.387   142  1284 I ActivityManager: 28798     348K     344K     190K     184K  /system/bin/dhcpcd
06-14 01:01:32.387   142  1284 I ActivityManager:    83     276K     268K     186K     184K  /system/bin/dbus-daemon
06-14 01:01:32.387   142  1284 I ActivityManager:     1     204K     204K     138K     100K  /init
06-14 01:01:32.387   142  1284 I ActivityManager:   200     204K     196K     133K     132K  /system/bin/brcm_patchram_plus
06-14 01:01:32.387   142  1284 I ActivityManager:    84     248K     240K     123K     120K  /system/bin/installd
06-14 01:01:32.387   142  1284 I ActivityManager:    61     160K     160K     122K      84K  /sbin/ueventd
06-14 01:01:32.387   142  1284 I ActivityManager:    87     172K     168K     105K     104K  /system/bin/sh
06-14 01:01:32.387   142  1284 I ActivityManager:    72     180K     172K      94K      92K  /system/bin/servicemanager
06-14 01:01:32.387   142  1284 I ActivityManager: 26775     188K     180K      75K      72K  /system/bin/debuggerd
06-14 01:01:32.387   142  1284 I ActivityManager:                           ------   ------  ------
06-14 01:01:32.387   142  1284 I ActivityManager:                          268065K  229660K  TOTAL
06-14 01:01:32.387   142  1284 I ActivityManager: RAM: 342896K total, 32468K free, 740K buffers, 47104K cached, 18576K
06-14 01:01:32.477  1290  1292 D dalvikvm: GC_CONCURRENT freed 145K, 3% free 9423K/9671K, paused 2ms+20ms
06-14 01:01:33.946  1269  1271 D dalvikvm: GC_CONCURRENT freed 508K, 7% free 9864K/10503K, paused 3ms+4ms
06-14 01:01:36.516  1290  1292 D dalvikvm: GC_CONCURRENT freed 308K, 5% free 9550K/9991K, paused 14ms+8ms
06-14 01:01:37.301   142   159 I ActivityManager: Start proc com.facebook.orca for service com.facebook.orca/.push.mqtt.MqttPushService: pid=1316 uid=10061 gids={3003, 1015, 1006}
06-14 01:01:37.337   357   357 D dalvikvm: GC_EXPLICIT freed <1K, 6% free 9100K/9607K, paused 2ms+2ms
06-14 01:01:37.372  1316  1316 I dalvikvm: Turning on JNI app bug workarounds for target SDK version 10...
06-14 01:01:37.614  1316  1316 I ActivityThread: Pub com.facebook.orca.notify.MessengerLoggedInUserProvider: com.facebook.orca.notify.MessengerLoggedInUserProvider
06-14 01:01:37.622  1316  1316 I ActivityThread: Pub com.facebook.orca.notify.MessengerForegroundProvider: com.facebook.orca.notify.MessengerForegroundProvider
06-14 01:01:37.633  1316  1316 V orca:OrcaApplication: Forcing initialization of AsyncTask
06-14 01:01:37.821  1316  1317 D dalvikvm: GC_CONCURRENT freed 222K, 4% free 9314K/9607K, paused 6ms+2ms
06-14 01:01:37.821  1316  1316 I Finalizer: Couldn't access Thread.inheritableThreadLocals. Reference finalizer threads will inherit thread local values.
06-14 01:01:38.028  1316  1317 D dalvikvm: GC_CONCURRENT freed 360K, 5% free 9451K/9863K, paused 2ms+3ms
06-14 01:01:38.153  1316  1316 W OrcaGuiceModule: Sig: ijxLJi1yGs1JpL-X1SExmchvork
06-14 01:01:38.266  1316  1317 D dalvikvm: GC_CONCURRENT freed 271K, 4% free 9616K/9991K, paused 12ms+17ms
06-14 01:01:38.555  1316  1333 W Resources: Converting to string: TypedValue{t=0x10/d=0xffffffff a=-1}
06-14 01:01:38.758  1316  1317 D dalvikvm: GC_CONCURRENT freed 321K, 4% free 9854K/10247K, paused 2ms+8ms
06-14 01:01:38.903  1316  1316 D ACRA    : Retrieve application default SharedPreferences.
06-14 01:01:38.903  1316  1316 D ACRA    : Set OnSharedPreferenceChangeListener.
06-14 01:01:38.907  1316  1316 D ACRA    : ACRA is enabled for com.facebook.orca, intializing...
06-14 01:01:38.965  1316  1317 D dalvikvm: GC_CONCURRENT freed 294K, 4% free 10071K/10439K, paused 4ms+3ms
06-14 01:01:38.973  1316  1316 D ACRA    : Looking for error files in /data/data/com.facebook.orca/app_acra-reports
06-14 01:01:39.001  1316  1333 D dalvikvm: GC_FOR_ALLOC freed 238K, 6% free 10115K/10695K, paused 19ms
06-14 01:01:39.028   142   294 I ActivityManager: Process android.process.acore (pid 1290) has died.
06-14 01:01:39.075  1316  1333 D dalvikvm: GC_FOR_ALLOC freed 114K, 5% free 10216K/10695K, paused 32ms
06-14 01:01:39.145  1316  1333 D dalvikvm: GC_FOR_ALLOC freed 219K, 5% free 10247K/10759K, paused 22ms
06-14 01:01:39.313  1316  1317 D dalvikvm: GC_CONCURRENT freed 381K, 4% free 10513K/10887K, paused 2ms+3ms
06-14 01:01:39.505  1316  1317 D dalvikvm: GC_CONCURRENT freed 176K, 3% free 10896K/11143K, paused 2ms+3ms
06-14 01:01:39.739  1316  1317 D dalvikvm: GC_CONCURRENT freed 549K, 6% free 11035K/11655K, paused 2ms+3ms
06-14 01:01:39.907  1316  1317 D dalvikvm: GC_CONCURRENT freed 318K, 4% free 11394K/11783K, paused 2ms+3ms
06-14 01:01:41.739   342   342 D SAN_SERVICE: *******************************************
06-14 01:01:41.739   342   342 D SAN_SERVICE: DM App Phone Service State - 0
06-14 01:01:41.739   342   342 D SAN_SERVICE: *******************************************
06-14 01:01:46.735   959   959 D dalvikvm: GC_EXPLICIT freed 127K, 21% free 11683K/14663K, paused 2ms+3ms
06-14 01:01:51.762   142   197 D DhcpInfoInternal: makeLinkProperties with empty dns2!
06-14 01:01:51.766   142   197 D DhcpInfoInternal: makeLinkProperties with empty dns2!
06-14 01:01:55.962 27790 27790 D dalvikvm: GC_EXPLICIT freed 102K, 36% free 11631K/17991K, paused 2ms+2ms
06-14 01:02:05.243   142   158 D dalvikvm: GC_EXPLICIT freed 1689K, 23% free 19095K/24647K, paused 7ms+10ms
06-14 01:02:10.215   213   213 D dalvikvm: GC_EXPLICIT freed 9K, 59% free 9685K/23239K, paused 32ms+5ms
06-14 01:02:15.196   342   342 D dalvikvm: GC_EXPLICIT freed 47K, 16% free 12075K/14343K, paused 29ms+3ms
06-14 01:02:20.184   428   428 D dalvikvm: GC_EXPLICIT freed <1K, 4% free 9037K/9347K, paused 25ms+1ms
06-14 01:02:21.110 16941 16941 W GeckoBatteryManager: When charging, level should increase!
06-14 01:02:22.434   142   422 I ActivityManager: Start proc com.google.android.apps.maps:LocationFriendService for service com.google.android.apps.maps/com.google.googlenav.friend.reporting.LocationReceiverService: pid=1360 uid=10057 gids={3003, 1015}
06-14 01:02:22.630  1360  1361 D dalvikvm: GC_CONCURRENT freed 163K, 3% free 9373K/9607K, paused 2ms+8ms
06-14 01:02:23.008  1360  1361 D dalvikvm: GC_CONCURRENT freed 155K, 3% free 9671K/9927K, paused 2ms+2ms
06-14 01:02:23.423  1360  1361 D dalvikvm: GC_CONCURRENT freed 302K, 4% free 9906K/10311K, paused 2ms+2ms
06-14 01:02:23.782   142   917 I ActivityManager: Process com.google.android.apps.maps:LocationFriendService (pid 1360) has died.
06-14 01:02:27.837   672   685 I PhoneLab-: Service Running
06-14 01:02:27.938   672   685 I PhoneLab-LoggerService: app_38    27718 1     1112   664   c00f181c 400107b4 S logcat
06-14 01:02:27.938   672   685 I PhoneLab-LoggerService: Logcat pid from database 27718
06-14 01:02:27.938   672   685 I PhoneLab-LoggerService: Logcat process found 27718
06-14 01:02:27.938   672   685 I PhoneLab-LoggerService: Checking Threshold
06-14 01:02:28.969   324   324 D dalvikvm: GC_EXPLICIT freed <1K, 20% free 10618K/13191K, paused 32ms+5ms
06-14 01:02:33.880 16941 16941 E GeckoApp: low memory
06-14 01:02:34.001 16941 16941 D dalvikvm: GC_EXPLICIT freed 5K, 22% free 10500K/13319K, paused 4ms+16ms
06-14 01:02:38.962 31494 31494 D dalvikvm: GC_EXPLICIT freed 266K, 6% free 10406K/11015K, paused 54ms+3ms
06-14 01:02:43.938 31905 31905 D dalvikvm: GC_EXPLICIT freed <1K, 4% free 9055K/9347K, paused 39ms+2ms
06-14 01:02:48.993 32457 32457 D dalvikvm: GC_EXPLICIT freed <1K, 6% free 9716K/10247K, paused 15ms+2ms
06-14 01:02:53.977   672   672 D dalvikvm: GC_EXPLICIT freed 290K, 5% free 9136K/9607K, paused 35ms+2ms
06-14 01:02:59.028 30026 30026 D dalvikvm: GC_EXPLICIT freed 244K, 7% free 9968K/10631K, paused 31ms+3ms
06-14 01:03:22.462   142   916 I ActivityManager: Start proc com.google.android.apps.maps:LocationFriendService for service com.google.android.apps.maps/com.google.googlenav.friend.reporting.LocationReceiverService: pid=1384 uid=10057 gids={3003, 1015}
06-14 01:03:22.555   142   366 I ActivityManager: Process com.google.android.apps.maps:NetworkLocationService (pid 31494) has died.
06-14 01:03:22.555   142   366 W ActivityManager: Scheduling restart of crashed service com.google.android.apps.maps/com.google.android.location.internal.server.NetworkLocationService in 5000ms
06-14 01:03:22.614  1384  1387 D dalvikvm: GC_CONCURRENT freed 165K, 3% free 9370K/9607K, paused 2ms+2ms
06-14 01:03:22.833  1384  1387 D dalvikvm: GC_CONCURRENT freed 162K, 3% free 9695K/9927K, paused 6ms+4ms
06-14 01:03:23.106  1384  1391 I dalvikvm: Total arena pages for JIT: 11
06-14 01:03:23.114  1384  1391 I dalvikvm: Total arena pages for JIT: 12
06-14 01:03:23.114  1384  1391 I dalvikvm: Total arena pages for JIT: 13
06-14 01:03:23.114  1384  1391 I dalvikvm: Total arena pages for JIT: 14
06-14 01:03:23.114  1384  1391 I dalvikvm: Total arena pages for JIT: 15
06-14 01:03:23.114  1384  1391 I dalvikvm: Total arena pages for JIT: 16
06-14 01:03:23.114  1384  1391 I dalvikvm: Total arena pages for JIT: 17
06-14 01:03:23.145  1384  1387 D dalvikvm: GC_CONCURRENT freed 312K, 4% free 9924K/10311K, paused 2ms+3ms
06-14 01:03:27.618   142   159 I ActivityManager: Start proc com.google.android.apps.maps:NetworkLocationService for service com.google.android.apps.maps/com.google.android.location.internal.server.NetworkLocationService: pid=1409 uid=10057 gids={3003, 1015}
06-14 01:03:27.739  1409  1411 D dalvikvm: GC_CONCURRENT freed 165K, 3% free 9370K/9607K, paused 1ms+2ms
06-14 01:03:27.821   142   919 I ActivityManager: Process com.google.android.apps.maps:LocationFriendService (pid 1384) has died.
06-14 01:03:27.962  1409  1411 D dalvikvm: GC_CONCURRENT freed 158K, 3% free 9686K/9927K, paused 2ms+3ms
06-14 01:03:28.266  1409  1411 D dalvikvm: GC_CONCURRENT freed 162K, 3% free 10078K/10311K, paused 6ms+3ms
06-14 01:03:28.473  1409  1411 D dalvikvm: GC_CONCURRENT freed 675K, 8% free 9881K/10695K, paused 4ms+2ms
06-14 01:03:28.571   142   159 I ActivityManager: Start proc com.google.android.apps.maps:FriendService for broadcast com.google.android.apps.maps/com.google.googlenav.friend.android.ServiceReceiver: pid=1430 uid=10057 gids={3003, 1015}
06-14 01:03:28.727   142   921 D dalvikvm: GC_EXPLICIT freed 710K, 23% free 19095K/24647K, paused 3ms+11ms
06-14 01:03:28.876  1430  1433 D dalvikvm: GC_CONCURRENT freed 171K, 3% free 9365K/9607K, paused 2ms+1ms
06-14 01:03:29.040  1430  1433 D dalvikvm: GC_CONCURRENT freed 203K, 3% free 9714K/9991K, paused 2ms+2ms
06-14 01:03:29.102   142   919 I ActivityManager: Start proc com.google.android.apps.maps:LocationFriendService for broadcast com.google.android.apps.maps/com.google.googlenav.friend.reporting.LocationReportingIntentReceiver: pid=1443 uid=10057 gids={3003, 1015}
06-14 01:03:29.204   142   153 I ActivityManager: Process com.google.android.apps.maps:FriendService (pid 1430) has died.
06-14 01:03:29.266  1443  1445 D dalvikvm: GC_CONCURRENT freed 173K, 3% free 9363K/9607K, paused 2ms+4ms
06-14 01:03:29.376  1409  1416 I dalvikvm: Total arena pages for JIT: 11
06-14 01:03:29.411  1409  1416 I dalvikvm: Total arena pages for JIT: 12
06-14 01:03:29.419  1443  1445 D dalvikvm: GC_CONCURRENT freed 218K, 3% free 9700K/9991K, paused 2ms+3ms
06-14 01:03:29.446  1409  1416 I dalvikvm: Total arena pages for JIT: 13
06-14 01:03:29.450  1409  1416 I dalvikvm: Total arena pages for JIT: 14
06-14 01:03:29.462  1409  1416 I dalvikvm: Total arena pages for JIT: 15
06-14 01:03:29.508  1409  1416 I dalvikvm: Total arena pages for JIT: 16
06-14 01:03:29.508  1409  1416 I dalvikvm: Total arena pages for JIT: 17
06-14 01:03:29.559  1443  1445 D dalvikvm: GC_CONCURRENT freed 222K, 4% free 9906K/10247K, paused 6ms+2ms
06-14 01:03:29.559 30026 30067 D dalvikvm: GC_EXPLICIT freed 71K, 7% free 9973K/10631K, paused 2ms+7ms
06-14 01:03:29.673  1409  1416 I dalvikvm: Total arena pages for JIT: 18
06-14 01:03:29.790  1409  1411 D dalvikvm: GC_CONCURRENT freed 196K, 5% free 10173K/10695K, paused 1ms+2ms
06-14 01:03:30.200  1409  1411 D dalvikvm: GC_CONCURRENT freed 361K, 5% free 10288K/10759K, paused 2ms+2ms
06-14 01:03:31.551   142   370 I ActivityManager: Process com.whatsapp (pid 1269) has died.
06-14 01:03:31.551   142   370 W ActivityManager: Scheduling restart of crashed service com.whatsapp/.messaging.MessageService in 5000ms
06-14 01:03:31.606   213   215 D dalvikvm: GC_CONCURRENT freed 200K, 58% free 9912K/23239K, paused 1ms+3ms
06-14 01:03:31.676   213   215 D dalvikvm: GC_CONCURRENT freed 681K, 59% free 9731K/23239K, paused 1ms+3ms
06-14 01:03:31.684  1443  1445 D dalvikvm: GC_CONCURRENT freed 364K, 5% free 9961K/10439K, paused 2ms+2ms
06-14 01:03:32.532   142   294 I ActivityManager: Process com.google.android.apps.maps:LocationFriendService (pid 1443) has died.
06-14 01:03:36.368   142   330 I ActivityManager: Start proc com.google.android.apps.maps:LocationFriendService for service com.google.android.apps.maps/com.google.googlenav.friend.reporting.LocationReceiverService: pid=1469 uid=10057 gids={3003, 1015}
06-14 01:03:36.516  1469  1472 D dalvikvm: GC_CONCURRENT freed 175K, 3% free 9360K/9607K, paused 1ms+2ms
06-14 01:03:36.548   213   213 D dalvikvm: GC_FOR_ALLOC freed 370K, 59% free 9727K/23239K, paused 45ms
06-14 01:03:36.579   142   159 I ActivityManager: Start proc com.whatsapp for service com.whatsapp/.messaging.MessageService: pid=1482 uid=10070 gids={1015, 3003}
06-14 01:03:36.633  1482  1482 I dalvikvm: Turning on JNI app bug workarounds for target SDK version 7...
06-14 01:03:36.665    80    80 D dalvikvm: GC_EXPLICIT freed 38K, 4% free 9031K/9347K, paused 1ms+13ms
06-14 01:03:36.688   213   215 D dalvikvm: GC_CONCURRENT freed 365K, 58% free 9857K/23239K, paused 1ms+16ms
06-14 01:03:36.774    80    80 D dalvikvm: GC_EXPLICIT freed <1K, 4% free 9031K/9347K, paused 10ms+9ms
06-14 01:03:36.848    80    80 D dalvikvm: GC_EXPLICIT freed <1K, 4% free 9031K/9347K, paused 1ms+6ms
06-14 01:03:36.887  1469  1472 D dalvikvm: GC_CONCURRENT freed 183K, 4% free 9622K/9927K, paused 3ms+1ms
06-14 01:03:36.977  1482  1485 D dalvikvm: GC_CONCURRENT freed 179K, 3% free 9356K/9607K, paused 1ms+3ms
06-14 01:03:37.200  1469  1472 D dalvikvm: GC_CONCURRENT freed 288K, 4% free 9887K/10247K, paused 3ms+3ms
06-14 01:03:37.231  1469  1476 I dalvikvm: Total arena pages for JIT: 11
06-14 01:03:37.231  1469  1476 I dalvikvm: Total arena pages for JIT: 12
06-14 01:03:37.231  1469  1476 I dalvikvm: Total arena pages for JIT: 13
06-14 01:03:37.231  1469  1476 I dalvikvm: Total arena pages for JIT: 14
06-14 01:03:37.235  1469  1476 I dalvikvm: Total arena pages for JIT: 15
06-14 01:03:37.239  1469  1476 I dalvikvm: Total arena pages for JIT: 16
06-14 01:03:37.239  1469  1476 I dalvikvm: Total arena pages for JIT: 17
06-14 01:03:37.434  1482  1485 D dalvikvm: GC_CONCURRENT freed 320K, 4% free 9595K/9991K, paused 8ms+3ms
06-14 01:03:37.610  1482  1482 I SqliteDatabaseCpp: sqlite returned: error code = 1, msg = duplicate column name: photo_ts, db=/data/data/com.whatsapp/databases/msgstore.db
06-14 01:03:37.610  1482  1482 I SqliteDatabaseCpp: sqlite returned: error code = 1, msg = duplicate column name: thumb_ts, db=/data/data/com.whatsapp/databases/msgstore.db
06-14 01:03:37.614  1482  1482 I SqliteDatabaseCpp: sqlite returned: error code = 1, msg = duplicate column name: photo_id_timestamp, db=/data/data/com.whatsapp/databases/msgstore.db
06-14 01:03:37.633   142   919 I ActivityManager: Process com.google.android.apps.maps:LocationFriendService (pid 1469) has died.
06-14 01:03:37.692   142   602 I ActivityManager: Start proc android.process.acore for content provider com.android.providers.contacts/.ContactsProvider2: pid=1512 uid=10000 gids={3003, 1015}
06-14 01:03:37.774  1512  1512 I ActivityThread: Pub call_log: com.android.providers.contacts.CallLogProvider
06-14 01:03:37.778  1482  1482 I dalvikvm: Could not find method android.media.MediaMetadataRetriever.captureFrame, referenced from method com.whatsapp.d3.a
06-14 01:03:37.778  1482  1482 W dalvikvm: VFY: unable to resolve virtual method 496: Landroid/media/MediaMetadataRetriever;.captureFrame ()Landroid/graphics/Bitmap;
06-14 01:03:37.778  1482  1482 D dalvikvm: VFY: replacing opcode 0x6e at 0x0134
06-14 01:03:37.852  1512  1512 I ActivityThread: Pub com.android.voicemail: com.android.providers.contacts.VoicemailContentProvider
06-14 01:03:37.864  1512  1512 I ActivityThread: Pub user_dictionary: com.android.providers.userdictionary.UserDictionaryProvider
06-14 01:03:37.895  1512  1512 I ActivityThread: Pub com.android.social: com.android.providers.contacts.SocialProvider
06-14 01:03:37.899  1512  1512 I ActivityThread: Pub applications: com.android.providers.applications.ApplicationsProvider
06-14 01:03:38.016  1482  1485 D dalvikvm: GC_CONCURRENT freed 295K, 4% free 9813K/10183K, paused 3ms+6ms
06-14 01:03:38.059  1512  1512 I ActivityThread: Pub contacts;com.android.contacts: com.android.providers.contacts.ContactsProvider2
06-14 01:03:38.118  1512  1515 D dalvikvm: GC_CONCURRENT freed 347K, 5% free 9189K/9607K, paused 1ms+2ms
06-14 01:03:38.344  1482  1485 D dalvikvm: GC_CONCURRENT freed 291K, 5% free 9960K/10375K, paused 1ms+4ms
06-14 01:03:40.505  1512  1515 D dalvikvm: GC_CONCURRENT freed 174K, 3% free 9487K/9735K, paused 2ms+7ms
06-14 01:03:41.653  1482  1485 D dalvikvm: GC_CONCURRENT freed 515K, 7% free 9863K/10503K, paused 4ms+3ms
06-14 01:03:43.157   142   917 I ActivityManager: Process android.process.acore (pid 1512) has died.
06-14 01:03:48.317   357   357 D dalvikvm: GC_EXPLICIT freed <1K, 6% free 9100K/9607K, paused 28ms+2ms
06-14 01:03:53.317   959   959 D dalvikvm: GC_EXPLICIT freed 204K, 21% free 11695K/14663K, paused 19ms+3ms
06-14 01:03:54.626   142   172 I ActivityManager: Start proc com.twitter.android for service com.twitter.android/.client.AppService: pid=1536 uid=10068 gids={3003, 1015}
06-14 01:03:54.633  1536  1536 I dalvikvm: Turning on JNI app bug workarounds for target SDK version 11...
06-14 01:03:54.751  1536  1536 I ActivityThread: Pub com.twitter.android.provider.GlobalDatabaseProvider: com.twitter.android.provider.GlobalDatabaseProvider
06-14 01:03:54.766  1536  1536 I ActivityThread: Pub com.twitter.android.provider.TwitterProvider: com.twitter.android.provider.TwitterProvider
06-14 01:03:55.040  1536  1538 D dalvikvm: GC_CONCURRENT freed 203K, 3% free 9269K/9543K, paused 6ms+6ms
06-14 01:03:55.376  1536  1538 D dalvikvm: GC_CONCURRENT freed 176K, 4% free 9498K/9799K, paused 8ms+2ms
06-14 01:03:55.524  1536  1538 D dalvikvm: GC_CONCURRENT freed 296K, 5% free 9630K/10055K, paused 1ms+2ms
06-14 01:03:55.653  1536  1538 D dalvikvm: GC_CONCURRENT freed 312K, 5% free 9763K/10183K, paused 1ms+2ms
06-14 01:03:55.778  1536  1538 D dalvikvm: GC_CONCURRENT freed 297K, 4% free 9904K/10311K, paused 2ms+2ms
06-14 01:03:55.903  1536  1538 D dalvikvm: GC_CONCURRENT freed 298K, 5% free 10017K/10439K, paused 1ms+1ms
06-14 01:03:56.079  1536  1538 D dalvikvm: GC_CONCURRENT freed 308K, 4% free 10150K/10567K, paused 1ms+8ms
06-14 01:03:56.251  1536  1538 D dalvikvm: GC_CONCURRENT freed 307K, 4% free 10280K/10695K, paused 2ms+8ms
06-14 01:03:56.469  1536  1538 D dalvikvm: GC_CONCURRENT freed 494K, 6% free 10226K/10823K, paused 2ms+2ms
06-14 01:03:56.590  1536  1538 D dalvikvm: GC_CONCURRENT freed 321K, 5% free 10300K/10823K, paused 1ms+2ms
06-14 01:03:56.727  1536  1538 D dalvikvm: GC_CONCURRENT freed 318K, 5% free 10389K/10823K, paused 2ms+2ms
06-14 01:03:56.860  1536  1538 D dalvikvm: GC_CONCURRENT freed 358K, 5% free 10474K/10951K, paused 2ms+2ms
06-14 01:03:56.989  1536  1538 D dalvikvm: GC_CONCURRENT freed 348K, 5% free 10557K/11015K, paused 2ms+2ms
06-14 01:03:57.114  1536  1538 D dalvikvm: GC_CONCURRENT freed 336K, 4% free 10639K/11079K, paused 2ms+2ms
06-14 01:03:57.247  1536  1538 D dalvikvm: GC_CONCURRENT freed 372K, 5% free 10728K/11207K, paused 1ms+2ms
06-14 01:03:57.376  1536  1538 D dalvikvm: GC_CONCURRENT freed 394K, 5% free 10820K/11335K, paused 2ms+2ms
06-14 01:03:58.356 27790 27790 D dalvikvm: GC_EXPLICIT freed 92K, 36% free 11631K/17991K, paused 53ms+3ms
06-14 01:03:58.833  1536  1538 D dalvikvm: GC_CONCURRENT freed 340K, 5% free 11002K/11463K, paused 2ms+2ms
06-14 01:04:00.282  1536  1550 I DatabaseHelper: Begin cleanup.
06-14 01:04:00.325  1536  1550 I DatabaseHelper: Cleaned up: 0
06-14 01:04:00.641  1536  1538 D dalvikvm: GC_CONCURRENT freed 424K, 5% free 11252K/11783K, paused 2ms+11ms
06-14 01:04:05.555   142   158 D dalvikvm: GC_EXPLICIT freed 1287K, 23% free 19116K/24647K, paused 33ms+9ms
06-14 01:04:10.493   213   213 D dalvikvm: GC_EXPLICIT freed 193K, 59% free 9692K/23239K, paused 28ms+4ms
06-14 01:04:15.501   342   342 D dalvikvm: GC_EXPLICIT freed 7K, 16% free 12074K/14343K, paused 39ms+4ms
06-14 01:04:16.696   142   197 D DhcpInfoInternal: makeLinkProperties with empty dns2!
06-14 01:04:16.700   142   197 D DhcpInfoInternal: makeLinkProperties with empty dns2!
06-14 01:04:20.860   428   428 D dalvikvm: GC_EXPLICIT freed <1K, 4% free 9037K/9347K, paused 2ms+2ms
06-14 01:04:27.848   672   685 I PhoneLab-: Service Running
06-14 01:04:27.938   672   685 I PhoneLab-LoggerService: app_38    27718 1     1112   664   c00f181c 400107b4 S logcat
06-14 01:04:27.938   672   685 I PhoneLab-LoggerService: Logcat pid from database 27718
06-14 01:04:27.938   672   685 I PhoneLab-LoggerService: Logcat process found 27718
06-14 01:04:27.938   672   685 I PhoneLab-LoggerService: Checking Threshold
06-14 01:04:31.633  1409  1411 D dalvikvm: GC_CONCURRENT freed 549K, 6% free 10265K/10887K, paused 2ms+2ms
06-14 01:04:31.669   142   368 I ActivityManager: Start proc com.google.android.apps.maps:LocationFriendService for service com.google.android.apps.maps/com.google.googlenav.friend.reporting.LocationReceiverService: pid=1576 uid=10057 gids={3003, 1015}
06-14 01:04:31.825  1576  1578 D dalvikvm: GC_CONCURRENT freed 158K, 3% free 9378K/9607K, paused 3ms+2ms
06-14 01:04:31.895   142   919 I ActivityManager: Process com.twitter.android (pid 1536) has died.
06-14 01:04:32.102  1576  1578 D dalvikvm: GC_CONCURRENT freed 169K, 3% free 9710K/9927K, paused 3ms+3ms
06-14 01:04:32.446  1576  1578 D dalvikvm: GC_CONCURRENT freed 314K, 4% free 9924K/10311K, paused 1ms+2ms
06-14 01:04:37.036   357   357 D dalvikvm: GC_EXPLICIT freed <1K, 6% free 9100K/9607K, paused 23ms+2ms
06-14 01:04:42.040   959   959 D dalvikvm: GC_EXPLICIT freed 102K, 21% free 11679K/14663K, paused 16ms+3ms
06-14 01:04:47.059 27790 27790 D dalvikvm: GC_EXPLICIT freed 21K, 36% free 11631K/17991K, paused 25ms+3ms
06-14 01:04:52.130   142   158 D dalvikvm: GC_EXPLICIT freed 327K, 23% free 19078K/24647K, paused 37ms+7ms
06-14 01:04:57.024   213   213 D dalvikvm: GC_EXPLICIT freed 11K, 59% free 9684K/23239K, paused 4ms+4ms
06-14 01:05:05.126   342   342 D dalvikvm: GC_EXPLICIT freed 2K, 16% free 12074K/14343K, paused 2ms+3ms
06-14 01:05:10.989   428   428 D dalvikvm: GC_EXPLICIT freed <1K, 4% free 9037K/9347K, paused 22ms+2ms
06-14 01:05:16.012   324   324 D dalvikvm: GC_EXPLICIT freed <1K, 20% free 10618K/13191K, paused 30ms+3ms
06-14 01:05:21.028  1409  1409 D dalvikvm: GC_EXPLICIT freed 88K, 6% free 10244K/10887K, paused 25ms+2ms
06-14 01:05:25.962 16941 16941 E GeckoApp: low memory
06-14 01:05:26.071 16941 16941 D dalvikvm: GC_EXPLICIT freed 3K, 22% free 10500K/13319K, paused 25ms+6ms
06-14 01:05:31.755  1576  1583 I dalvikvm: Total arena pages for JIT: 11
06-14 01:05:31.755  1576  1583 I dalvikvm: Total arena pages for JIT: 12
06-14 01:05:31.755  1576  1583 I dalvikvm: Total arena pages for JIT: 13
06-14 01:05:31.758  1576  1583 I dalvikvm: Total arena pages for JIT: 14
06-14 01:05:31.758  1576  1583 I dalvikvm: Total arena pages for JIT: 15
06-14 01:05:31.758  1576  1583 I dalvikvm: Total arena pages for JIT: 16
06-14 01:05:31.758  1576  1583 I dalvikvm: Total arena pages for JIT: 17
06-14 01:05:31.848  1576  1578 D dalvikvm: GC_CONCURRENT freed 467K, 6% free 10016K/10567K, paused 2ms+4ms
06-14 01:05:36.645 31905 31905 D dalvikvm: GC_EXPLICIT freed 2K, 4% free 9055K/9347K, paused 13ms+2ms
06-14 01:05:41.696 32457 32457 D dalvikvm: GC_EXPLICIT freed <1K, 6% free 9716K/10247K, paused 22ms+2ms
06-14 01:05:46.704   672   672 D dalvikvm: GC_EXPLICIT freed 55K, 5% free 9129K/9607K, paused 41ms+2ms
06-14 01:05:51.794  1316  1316 D dalvikvm: GC_EXPLICIT freed 701K, 7% free 11344K/12167K, paused 23ms+3ms
06-14 01:05:52.551   342   342 D SAN_SERVICE: *******************************************
06-14 01:05:52.551   342   342 D SAN_SERVICE: DM App Phone Service State - 0
06-14 01:05:52.551   342   342 D SAN_SERVICE: *******************************************
06-14 01:05:53.243   342   342 D SAN_SERVICE: *******************************************
06-14 01:05:53.243   342   342 D SAN_SERVICE: DM App Phone Service State - 0
06-14 01:05:53.243   342   342 D SAN_SERVICE: *******************************************
06-14 01:06:04.454   342   342 D SAN_SERVICE: *******************************************
06-14 01:06:04.454   342   342 D SAN_SERVICE: DM App Phone Service State - 0
06-14 01:06:04.454   342   342 D SAN_SERVICE: *******************************************
06-14 01:06:05.200   342   342 D SAN_SERVICE: *******************************************
06-14 01:06:05.200   342   342 D SAN_SERVICE: DM App Phone Service State - 0
06-14 01:06:05.200   342   342 D SAN_SERVICE: *******************************************
06-14 01:06:10.270 30026 30026 D dalvikvm: GC_EXPLICIT freed 74K, 7% free 9973K/10631K, paused 7ms+4ms
06-14 01:06:13.012   342   342 D SAN_SERVICE: *******************************************
06-14 01:06:13.012   342   342 D SAN_SERVICE: DM App Phone Service State - 0
06-14 01:06:13.012   342   342 D SAN_SERVICE: *******************************************
06-14 01:06:27.809   672   685 I PhoneLab-: Service Running
06-14 01:06:27.872   142   366 I ActivityManager: Process com.google.android.apps.maps:LocationFriendService (pid 1576) has died.
06-14 01:06:27.950   672   685 I PhoneLab-LoggerService: app_38    27718 1     1112   664   c00f181c 400107b4 S logcat
06-14 01:06:27.950   672   685 I PhoneLab-LoggerService: Logcat pid from database 27718
06-14 01:06:27.950   672   685 I PhoneLab-LoggerService: Logcat process found 27718
06-14 01:06:27.950   672   685 I PhoneLab-LoggerService: Checking Threshold
06-14 01:06:31.708  1409  1411 D dalvikvm: GC_CONCURRENT freed 489K, 6% free 10266K/10887K, paused 2ms+8ms
06-14 01:06:31.719   142   918 I ActivityManager: Start proc com.google.android.apps.maps:LocationFriendService for service com.google.android.apps.maps/com.google.googlenav.friend.reporting.LocationReceiverService: pid=1603 uid=10057 gids={3003, 1015}
06-14 01:06:31.848  1603  1606 D dalvikvm: GC_CONCURRENT freed 161K, 3% free 9375K/9607K, paused 1ms+2ms
06-14 01:06:32.024  1603  1606 D dalvikvm: GC_CONCURRENT freed 198K, 3% free 9709K/9991K, paused 2ms+3ms
06-14 01:06:32.212  1603  1606 D dalvikvm: GC_CONCURRENT freed 272K, 4% free 9944K/10311K, paused 2ms+3ms
06-14 01:06:33.712   342   342 D SAN_SERVICE: *******************************************
06-14 01:06:33.712   342   342 D SAN_SERVICE: DM App Phone Service State - 0
06-14 01:06:33.712   342   342 D SAN_SERVICE: *******************************************
06-14 01:06:33.973   342   342 D SAN_SERVICE: *******************************************
06-14 01:06:33.973   342   342 D SAN_SERVICE: DM App Phone Service State - 0
06-14 01:06:33.973   342   342 D SAN_SERVICE: *******************************************
06-14 01:06:39.044   357   357 D dalvikvm: GC_EXPLICIT freed <1K, 6% free 9100K/9607K, paused 23ms+3ms
06-14 01:06:41.344   142   197 D DhcpInfoInternal: makeLinkProperties with empty dns2!
06-14 01:06:41.344   142   197 D DhcpInfoInternal: makeLinkProperties with empty dns2!
06-14 01:06:43.774   142   366 D dalvikvm: GC_EXPLICIT freed 487K, 23% free 19095K/24647K, paused 38ms+8ms
06-14 01:06:43.829   342   342 D SAN_SERVICE: *******************************************
06-14 01:06:43.829   342   342 D SAN_SERVICE: DM App Phone Service State - 0
06-14 01:06:43.829   342   342 D SAN_SERVICE: *******************************************
06-14 01:06:51.040   959   959 D dalvikvm: GC_EXPLICIT freed 199K, 21% free 11695K/14663K, paused 16ms+4ms
06-14 01:06:56.044 27790 27790 D dalvikvm: GC_EXPLICIT freed 21K, 36% free 11631K/17991K, paused 28ms+3ms
06-14 01:07:05.173   142   158 D dalvikvm: GC_EXPLICIT freed 106K, 23% free 19063K/24647K, paused 3ms+8ms
06-14 01:07:10.184   213   213 D dalvikvm: GC_EXPLICIT freed 25K, 59% free 9685K/23239K, paused 26ms+4ms
06-14 01:07:15.192   342   342 D dalvikvm: GC_EXPLICIT freed 145K, 16% free 12075K/14343K, paused 31ms+3ms
06-14 01:07:18.926   142   166 I ActivityManager: Start proc com.google.android.apps.docs for service com.google.android.apps.docs/.sync.syncadapter.DocsSyncAdapterService: pid=1645 uid=10069 gids={3003, 1015, 1006}
06-14 01:07:19.122   142   154 I ActivityManager: Process com.google.android.apps.maps:LocationFriendService (pid 1603) has died.
06-14 01:07:19.196  1645  1645 I ActivityThread: Pub com.google.android.apps.docs.files: com.google.android.apps.docs.sync.filemanager.FileProvider
06-14 01:07:19.215  1645  1645 I ActivityThread: Pub com.google.android.apps.docs.doclist.search_suggest: com.google.android.apps.docs.doclist.DocListGlobalSearchSuggestionProvider
06-14 01:07:19.305  1645  1645 V /ContextScope.java:112: 01:07:19.306 main Contexts in the main scope map after inserting com.google.android.apps.docs.editors.EditorsApplication@41346a98: com.google.android.apps.docs.editors.EditorsApplication@41346a98
06-14 01:07:19.407  1645  1648 D dalvikvm: GC_CONCURRENT freed 229K, 4% free 9306K/9607K, paused 2ms+2ms
06-14 01:07:19.653  1645  1648 D dalvikvm: GC_CONCURRENT freed 517K, 6% free 9376K/9927K, paused 1ms+2ms
06-14 01:07:19.860  1645  1648 D dalvikvm: GC_CONCURRENT freed 538K, 7% free 9378K/9991K, paused 2ms+11ms
06-14 01:07:20.016  1645  1648 D dalvikvm: GC_CONCURRENT freed 478K, 6% free 9412K/9991K, paused 2ms+3ms
06-14 01:07:20.176  1645  1648 D dalvikvm: GC_CONCURRENT freed 528K, 6% free 9452K/10055K, paused 1ms+6ms
06-14 01:07:20.321  1645  1648 D dalvikvm: GC_CONCURRENT freed 486K, 6% free 9477K/10055K, paused 1ms+2ms
06-14 01:07:20.473  1645  1648 D dalvikvm: GC_CONCURRENT freed 534K, 7% free 9510K/10119K, paused 1ms+2ms
06-14 01:07:20.641  1645  1648 D dalvikvm: GC_CONCURRENT freed 442K, 6% free 9580K/10119K, paused 2ms+3ms
06-14 01:07:20.833  1645  1648 D dalvikvm: GC_CONCURRENT freed 448K, 6% free 9664K/10183K, paused 2ms+2ms
06-14 01:07:21.020  1645  1648 D dalvikvm: GC_CONCURRENT freed 465K, 6% free 9708K/10247K, paused 1ms+3ms
06-14 01:07:21.223  1645  1648 D dalvikvm: GC_CONCURRENT freed 439K, 5% free 9833K/10311K, paused 2ms+2ms
06-14 01:07:21.399  1645  1648 D dalvikvm: GC_CONCURRENT freed 590K, 7% free 9769K/10439K, paused 2ms+10ms
06-14 01:07:21.423  1645  1645 D /Ln.java:220: 01:07:21.425 main Configuring Logging, minimum log level is INFO
06-14 01:07:21.454  1645  1645 D DocListDatabase: openHelper points on new database: DocList.db
06-14 01:07:21.454  1645  1645 D DocListDatabase: in openWriteDatabase
06-14 01:07:21.497  1645  1645 W ND      : Could not load Finalizer in its own class loader. Loading Finalizer in the current class loader instead. As a result, you will not be able to garbage collect this class loader. To support reclaiming this class loader, either resolve the underlying issue, or move Google Collections to your system class path.
06-14 01:07:21.497  1645  1645 W ND      : java.io.FileNotFoundException: com/google/inject/internal/Finalizer.class
06-14 01:07:21.497  1645  1645 W ND      : 	at NE.a(FinalizableReferenceQueue.java:269)
06-14 01:07:21.497  1645  1645 W ND      : 	at NE.a(FinalizableReferenceQueue.java:253)
06-14 01:07:21.497  1645  1645 W ND      : 	at ND.a(FinalizableReferenceQueue.java:175)
06-14 01:07:21.497  1645  1645 W ND      : 	at ND.<clinit>(FinalizableReferenceQueue.java:100)
06-14 01:07:21.497  1645  1645 W ND      : 	at OT.<clinit>(MapMaker.java:787)
06-14 01:07:21.497  1645  1645 W ND      : 	at Ph.<init>(MapMaker.java:946)
06-14 01:07:21.497  1645  1645 W ND      : 	at Pb.a(MapMaker.java:312)
06-14 01:07:21.497  1645  1645 W ND      : 	at OX.a(MapMaker.java:498)
06-14 01:07:21.497  1645  1645 W ND      : 	at OX.a(MapMaker.java:419)
06-14 01:07:21.497  1645  1645 W ND      : 	at Nb.get(CustomConcurrentHashMap.java:2029)
06-14 01:07:21.497  1645  1645 W ND      : 	at MM.a(BytecodeGen.java:149)
06-14 01:07:21.497  1645  1645 W ND      : 	at MM.a(BytecodeGen.java:132)
06-14 01:07:21.497  1645  1645 W ND      : 	at MX.a(ConstructionContext.java:80)
06-14 01:07:21.497  1645  1645 W ND      : 	at KG.a(ConstructorInjector.java:70)
06-14 01:07:21.497  1645  1645 W ND      : 	at KF.a(ConstructorBindingImpl.java:111)
06-14 01:07:21.497  1645  1645 W ND      : 	at LU.a(ProviderToInternalFactoryAdapter.java:45)
06-14 01:07:21.497  1645  1645 W ND      : 	at Li.a(InjectorImpl.java:811)
06-14 01:07:21.497  1645  1645 W ND      : 	at LT.a(ProviderToInternalFactoryAdapter.java:42)
06-14 01:07:21.497  1645  1645 W ND      : 	at Mc.a(Scopes.java:54)
06-14 01:07:21.497  1645  1645 W ND      : 	at Lz.a(InternalFactoryToProviderAdapter.java:48)
06-14 01:07:21.497  1645  1645 W ND      : 	at KR.a(FactoryProxy.java:56)
06-14 01:07:21.497  1645  1645 W ND      : 	at Mi.a(SingleParameterInjector.java:42)
06-14 01:07:21.497  1645  1645 W ND      : 	at Mi.a(SingleParameterInjector.java:66)
06-14 01:07:21.497  1645  1645 W ND      : 	at KG.a(ConstructorInjector.java:84)
06-14 01:07:21.497  1645  1645 W ND      : 	at KF.a(ConstructorBindingImpl.java:111)
06-14 01:07:21.497  1645  1645 W ND      : 	at KR.a(FactoryProxy.java:56)
06-14 01:07:21.497  1645  1645 W ND      : 	at Mi.a(SingleParameterInjector.java:42)
06-14 01:07:21.497  1645  1645 W ND      : 	at Mi.a(SingleParameterInjector.java:66)
06-14 01:07:21.497  1645  1645 W ND      : 	at KG.a(ConstructorInjector.java:84)
06-14 01:07:21.497  1645  1645 W ND      : 	at KF.a(ConstructorBindingImpl.java:111)
06-14 01:07:21.497  1645  1645 W ND      : 	at LU.a(ProviderToInternalFactoryAdapter.java:45)
06-14 01:07:21.497  1645  1645 W ND      : 	at Li.a(InjectorImpl.java:811)
06-14 01:07:21.497  1645  1645 W ND      : 	at LT.a(ProviderToInternalFactoryAdapter.java:42)
06-14 01:07:21.497  1645  1645 W ND      : 	at Mc.a(Scopes.java:54)
06-14 01:07:21.497  1645  1645 W ND      : 	at Lz.a(InternalFactoryToProviderAdapter.java:48)
06-14 01:07:21.497  1645  1645 W ND      : 	at Lg.a(InjectorBuilder.java:200)
06-14 01:07:21.497  1645  1645 W ND      : 	at Lg.a(InjectorBuilder.java:194)
06-14 01:07:21.497  1645  1645 W ND      : 	at Li.a(InjectorImpl.java:804)
06-14 01:07:21.497  1645  1645 W ND      : 	at Lf.a(InjectorBuilder.java:194)
06-14 01:07:21.497  1645  1645 W ND      : 	at Lf.b(InjectorBuilder.java:176)
06-14 01:07:21.497  1645  1645 W ND      : 	at Lf.a(InjectorBuilder.java:113)
06-14 01:07:21.497  1645  1645 W ND      : 	at KS.a(Guice.java:92)
06-14 01:07:21.497  1645  1645 W ND      : 	at roboguice.application.RoboApplication.b(RoboApplication.java:146)
06-14 01:07:21.497  1645  1645 W ND      : 	at roboguice.application.RoboApplication.a(RoboApplication.java:84)
06-14 01:07:21.497  1645  1645 W ND      : 	at com.google.android.apps.docs.GuiceContentProvider.a(GuiceContentProvider.java:36)
06-14 01:07:21.497  1645  1645 W ND      : 	at com.google.android.apps.docs.GuiceContentProvider.onCreate(GuiceContentProvider.java:27)
06-14 01:07:21.497  1645  1645 W ND      : 	at com.google.android.apps.docs.doclist.BaseSearchSuggestionProvider.onCreate(BaseSearchSuggestionProvider.java:88)
06-14 01:07:21.497  1645  1645 W ND      : 	at android.content.ContentProvider.attachInfo(ContentProvider.java:944)
06-14 01:07:21.497  1645  1645 W ND      : 	at android.app.ActivityThread.installProvider(ActivityThread.java:4237)
06-14 01:07:21.497  1645  1645 W ND      : 	at android.app.ActivityThread.installContentProviders(ActivityThread.java:3992)
06-14 01:07:21.497  1645  1645 W ND      : 	at android.app.ActivityThread.handleBindApplication(ActivityThread.java:3946)
06-14 01:07:21.497  1645  1645 W ND      : 	at android.app.ActivityThread.access$1300(ActivityThread.java:123)
06-14 01:07:21.497  1645  1645 W ND      : 	at android.app.ActivityThread$H.handleMessage(ActivityThread.java:1185)
06-14 01:07:21.497  1645  1645 W ND      : 	at android.os.Handler.dispatchMessage(Handler.java:99)
06-14 01:07:21.497  1645  1645 W ND      : 	at android.os.Looper.loop(Looper.java:137)
06-14 01:07:21.497  1645  1645 W ND      : 	at android.app.ActivityThread.main(ActivityThread.java:4424)
06-14 01:07:21.497  1645  1645 W ND      : 	at java.lang.reflect.Method.invokeNative(Native Method)
06-14 01:07:21.497  1645  1645 W ND      : 	at java.lang.reflect.Method.invoke(Method.java:511)
06-14 01:07:21.497  1645  1645 W ND      : 	at com.android.internal.os.ZygoteInit$MethodAndArgsCaller.run(ZygoteInit.java:784)
06-14 01:07:21.497  1645  1645 W ND      : 	at com.android.internal.os.ZygoteInit.main(ZygoteInit.java:551)
06-14 01:07:21.497  1645  1645 W ND      : 	at dalvik.system.NativeStart.main(Native Method)
06-14 01:07:21.512  1645  1645 I ND      : Failed to start reference finalizer thread. Reference cleanup will only occur when new references are created.
06-14 01:07:21.512  1645  1645 I ND      : java.lang.reflect.InvocationTargetException
06-14 01:07:21.512  1645  1645 I ND      : 	at java.lang.reflect.Method.invokeNative(Native Method)
06-14 01:07:21.512  1645  1645 I ND      : 	at java.lang.reflect.Method.invoke(Method.java:511)
06-14 01:07:21.512  1645  1645 I ND      : 	at ND.<init>(FinalizableReferenceQueue.java:124)
06-14 01:07:21.512  1645  1645 I ND      : 	at OT.<clinit>(MapMaker.java:787)
06-14 01:07:21.512  1645  1645 I ND      : 	at Ph.<init>(MapMaker.java:946)
06-14 01:07:21.512  1645  1645 I ND      : 	at Pb.a(MapMaker.java:312)
06-14 01:07:21.512  1645  1645 I ND      : 	at OX.a(MapMaker.java:498)
06-14 01:07:21.512  1645  1645 I ND      : 	at OX.a(MapMaker.java:419)
06-14 01:07:21.512  1645  1645 I ND      : 	at Nb.get(CustomConcurrentHashMap.java:2029)
06-14 01:07:21.512  1645  1645 I ND      : 	at MM.a(BytecodeGen.java:149)
06-14 01:07:21.512  1645  1645 I ND      : 	at MM.a(BytecodeGen.java:132)
06-14 01:07:21.512  1645  1645 I ND      : 	at MX.a(ConstructionContext.java:80)
06-14 01:07:21.512  1645  1645 I ND      : 	at KG.a(ConstructorInjector.java:70)
06-14 01:07:21.512  1645  1645 I ND      : 	at KF.a(ConstructorBindingImpl.java:111)
06-14 01:07:21.512  1645  1645 I ND      : 	at LU.a(ProviderToInternalFactoryAdapter.java:45)
06-14 01:07:21.512  1645  1645 I ND      : 	at Li.a(InjectorImpl.java:811)
06-14 01:07:21.512  1645  1645 I ND      : 	at LT.a(ProviderToInternalFactoryAdapter.java:42)
06-14 01:07:21.512  1645  1645 I ND      : 	at Mc.a(Scopes.java:54)
06-14 01:07:21.512  1645  1645 I ND      : 	at Lz.a(InternalFactoryToProviderAdapter.java:48)
06-14 01:07:21.512  1645  1645 I ND      : 	at KR.a(FactoryProxy.java:56)
06-14 01:07:21.512  1645  1645 I ND      : 	at Mi.a(SingleParameterInjector.java:42)
06-14 01:07:21.512  1645  1645 I ND      : 	at Mi.a(SingleParameterInjector.java:66)
06-14 01:07:21.512  1645  1645 I ND      : 	at KG.a(ConstructorInjector.java:84)
06-14 01:07:21.512  1645  1645 I ND      : 	at KF.a(ConstructorBindingImpl.java:111)
06-14 01:07:21.512  1645  1645 I ND      : 	at KR.a(FactoryProxy.java:56)
06-14 01:07:21.512  1645  1645 I ND      : 	at Mi.a(SingleParameterInjector.java:42)
06-14 01:07:21.512  1645  1645 I ND      : 	at Mi.a(SingleParameterInjector.java:66)
06-14 01:07:21.512  1645  1645 I ND      : 	at KG.a(ConstructorInjector.java:84)
06-14 01:07:21.512  1645  1645 I ND      : 	at KF.a(ConstructorBindingImpl.java:111)
06-14 01:07:21.512  1645  1645 I ND      : 	at LU.a(ProviderToInternalFactoryAdapter.java:45)
06-14 01:07:21.512  1645  1645 I ND      : 	at Li.a(InjectorImpl.java:811)
06-14 01:07:21.512  1645  1645 I ND      : 	at LT.a(ProviderToInternalFactoryAdapter.java:42)
06-14 01:07:21.512  1645  1645 I ND      : 	at Mc.a(Scopes.java:54)
06-14 01:07:21.512  1645  1645 I ND      : 	at Lz.a(InternalFactoryToProviderAdapter.java:48)
06-14 01:07:21.512  1645  1645 I ND      : 	at Lg.a(InjectorBuilder.java:200)
06-14 01:07:21.512  1645  1645 I ND      : 	at Lg.a(InjectorBuilder.java:194)
06-14 01:07:21.512  1645  1645 I ND      : 	at Li.a(InjectorImpl.java:804)
06-14 01:07:21.512  1645  1645 I ND      : 	at Lf.a(InjectorBuilder.java:194)
06-14 01:07:21.512  1645  1645 I ND      : 	at Lf.b(InjectorBuilder.java:176)
06-14 01:07:21.512  1645  1645 I ND      : 	at Lf.a(InjectorBuilder.java:113)
06-14 01:07:21.512  1645  1645 I ND      : 	at KS.a(Guice.java:92)
06-14 01:07:21.512  1645  1645 I ND      : 	at roboguice.application.RoboApplication.b(RoboApplication.java:146)
06-14 01:07:21.512  1645  1645 I ND      : 	at roboguice.application.RoboApplication.a(RoboApplication.java:84)
06-14 01:07:21.512  1645  1645 I ND      : 	at com.google.android.apps.docs.GuiceContentProvider.a(GuiceContentProvider.java:36)
06-14 01:07:21.512  1645  1645 I ND      : 	at com.google.android.apps.docs.GuiceContentProvider.onCreate(GuiceContentProvider.java:27)
06-14 01:07:21.512  1645  1645 I ND      : 	at com.google.android.apps.docs.doclist.BaseSearchSuggestionProvider.onCreate(BaseSearchSuggestionProvider.java:88)
06-14 01:07:21.512  1645  1645 I ND      : 	at android.content.ContentProvider.attachInfo(ContentProvider.java:944)
06-14 01:07:21.512  1645  1645 I ND      : 	at android.app.ActivityThread.installProvider(ActivityThread.java:4237)
06-14 01:07:21.512  1645  1645 I ND      : 	at android.app.ActivityThread.installContentProviders(ActivityThread.java:3992)
06-14 01:07:21.512  1645  1645 I ND      : 	at android.app.ActivityThread.handleBindApplication(ActivityThread.java:3946)
06-14 01:07:21.512  1645  1645 I ND      : 	at android.app.ActivityThread.access$1300(ActivityThread.java:123)
06-14 01:07:21.512  1645  1645 I ND      : 	at android.app.ActivityThread$H.handleMessage(ActivityThread.java:1185)
06-14 01:07:21.512  1645  1645 I ND      : 	at android.os.Handler.dispatchMessage(Handler.java:99)
06-14 01:07:21.512  1645  1645 I ND      : 	at android.os.Looper.loop(Looper.java:137)
06-14 01:07:21.512  1645  1645 I ND      : 	at android.app.ActivityThread.main(ActivityThread.java:4424)
06-14 01:07:21.512  1645  1645 I ND      : 	at java.lang.reflect.Method.invokeNative(Native Method)
06-14 01:07:21.512  1645  1645 I ND      : 	at java.lang.reflect.Method.invoke(Method.java:511)
06-14 01:07:21.512  1645  1645 I ND      : 	at com.android.internal.os.ZygoteInit$MethodAndArgsCaller.run(ZygoteInit.java:784)
06-14 01:07:21.512  1645  1645 I ND      : 	at com.android.internal.os.ZygoteInit.main(ZygoteInit.java:551)
06-14 01:07:21.512  1645  1645 I ND      : 	at dalvik.system.NativeStart.main(Native Method)
06-14 01:07:21.512  1645  1645 I ND      : Caused by: java.lang.IllegalArgumentException: Expected com.google.inject.internal.FinalizableReference.
06-14 01:07:21.512  1645  1645 I ND      : 	at NK.startFinalizer(Finalizer.java:77)
06-14 01:07:21.512  1645  1645 I ND      : 	... 60 more
06-14 01:07:21.579  1645  1648 D dalvikvm: GC_CONCURRENT freed 479K, 7% free 9802K/10439K, paused 2ms+2ms
06-14 01:07:21.641  1645  1645 I ActivityThread: Pub com.google.android.apps.docs.doclist.account_suggest: com.google.android.apps.docs.doclist.DocListAccountSuggestionProvider
06-14 01:07:21.649  1645  1645 I ActivityThread: Pub com.google.android.apps.docs: com.google.android.apps.docs.providers.DocListProvider
06-14 01:07:22.067  1645  1648 D dalvikvm: GC_CONCURRENT freed 471K, 6% free 9832K/10439K, paused 1ms+3ms
06-14 01:07:24.739   142  1658 I ActivityManager: Applications Memory Usage (kB):
06-14 01:07:24.739   142  1658 I ActivityManager: Uptime: 160808115 Realtime: 287704510
06-14 01:07:24.739   142  1658 I ActivityManager: Total PSS by OOM adjustment:
06-14 01:07:24.739   142  1658 I ActivityManager:     34920 kB: System
06-14 01:07:24.739   142  1658 I ActivityManager:                34920 kB: system (pid 142)
06-14 01:07:24.739   142  1658 I ActivityManager:     28683 kB: Persistent
06-14 01:07:24.739   142  1658 I ActivityManager:                12465 kB: com.android.systemui (pid 213)
06-14 01:07:24.739   142  1658 I ActivityManager:                12044 kB: com.android.phone (pid 342)
06-14 01:07:24.739   142  1658 I ActivityManager:                 4174 kB: com.android.nfc (pid 357)
06-14 01:07:24.739   142  1658 I ActivityManager:     36272 kB: Foreground
06-14 01:07:24.739   142  1658 I ActivityManager:                31334 kB: com.android.launcher (pid 27790)
06-14 01:07:24.739   142  1658 I ActivityManager:                 4938 kB: com.google.android.apps.docs (pid 1645)
06-14 01:07:24.739   142  1658 I ActivityManager:      2914 kB: Visible
06-14 01:07:24.739   142  1658 I ActivityManager:                 2914 kB: com.android.smspush (pid 428)
06-14 01:07:24.739   142  1658 I ActivityManager:     29903 kB: Perceptible
06-14 01:07:24.739   142  1658 I ActivityManager:                19655 kB: hr.podlanica (pid 959)
06-14 01:07:24.739   142  1658 I ActivityManager:                10248 kB: com.android.inputmethod.latin (pid 324)
06-14 01:07:24.739   142  1658 I ActivityManager:     36872 kB: A Services
06-14 01:07:24.739   142  1658 I ActivityManager:                11085 kB: com.facebook.orca (pid 1316)
06-14 01:07:24.739   142  1658 I ActivityManager:                10059 kB: com.google.process.gapps (pid 30026)
06-14 01:07:24.739   142  1658 I ActivityManager:                 8624 kB: com.google.android.apps.maps:NetworkLocationService (pid 1409)
06-14 01:07:24.739   142  1658 I ActivityManager:                 7104 kB: com.whatsapp (pid 1482)
06-14 01:07:24.739   142  1658 I ActivityManager:     67307 kB: Previous
06-14 01:07:24.739   142  1658 I ActivityManager:                67307 kB: org.mozilla.firefox_beta (pid 16941)
06-14 01:07:24.739   142  1658 I ActivityManager:     12433 kB: B Services
06-14 01:07:24.739   142  1658 I ActivityManager:                 5356 kB: com.google.android.apps.googlevoice (pid 32457)
06-14 01:07:24.739   142  1658 I ActivityManager:                 4198 kB: edu.buffalo.cse.phonelab.phonelabservices (pid 672)
06-14 01:07:24.739   142  1658 I ActivityManager:                 2879 kB: com.android.sprintmenu (pid 31905)
06-14 01:07:24.739   142  1658 I ActivityManager: 
06-14 01:07:24.739   142  1658 I ActivityManager: Total PSS: 249304 kB
06-14 01:07:24.739   142  1658 I ActivityManager:   PID      Vss      Rss      Pss      Uss  cmdline
06-14 01:07:24.739   142  1658 I ActivityManager: 16941   84608K   84520K   67412K   66216K  org.mozilla.firefox_beta
06-14 01:07:24.739   142  1658 I ActivityManager:   142   53640K   53564K   34950K   31268K  system_server
06-14 01:07:24.739   142  1658 I ActivityManager: 27790   50240K   50136K   31438K   28712K  com.android.launcher
06-14 01:07:24.739   142  1658 I ActivityManager:   959   33968K   33888K   19698K   18820K  hr.podlanica
06-14 01:07:24.739   142  1658 I ActivityManager:    79   24324K   21324K   13867K    7208K  /system/bin/surfaceflinger
06-14 01:07:24.739   142  1658 I ActivityManager:   213   32264K   32164K   12508K    8208K  com.android.systemui
06-14 01:07:24.739   142  1658 I ActivityManager:   342   27340K   27256K   12083K   11148K  com.android.phone
06-14 01:07:24.739   142  1658 I ActivityManager:  1316   31772K   31668K   11109K    8892K  com.facebook.orca
06-14 01:07:24.739   142  1658 I ActivityManager:   324   25308K   25220K   10294K    9384K  com.android.inputmethod.latin
06-14 01:07:24.739   142  1658 I ActivityManager: 30026   28756K   28672K   10091K    8684K  com.google.process.gapps
06-14 01:07:24.739   142  1658 I ActivityManager:  1645   30548K   30484K    9934K    7856K  com.google.android.apps.docs
06-14 01:07:24.739   142  1658 I ActivityManager:  1409   29060K   28996K    8663K    6648K  com.google.android.apps.maps:NetworkLocationService
06-14 01:07:24.739   142  1658 I ActivityManager:  1482   28096K   28028K    7142K    5036K  com.whatsapp
06-14 01:07:24.739   142  1658 I ActivityManager: 32457   24772K   24672K    5404K    3952K  com.google.android.apps.googlevoice
06-14 01:07:24.739   142  1658 I ActivityManager:   672   23724K   23628K    4246K    2712K  edu.buffalo.cse.phonelab.phonelabservices
06-14 01:07:24.739   142  1658 I ActivityManager:   357   19460K   19364K    4219K    3292K  com.android.nfc
06-14 01:07:24.739   142  1658 I ActivityManager: 18802   18060K   17956K    3461K    2544K  com.spotify.mobile.android.ui
06-14 01:07:24.739   142  1658 I ActivityManager:   428   18532K   18420K    2970K    1928K  com.android.smspush
06-14 01:07:24.739   142  1658 I ActivityManager: 31905   21648K   21544K    2929K    1540K  com.android.sprintmenu
06-14 01:07:24.739   142  1658 I ActivityManager:    80   18644K   18516K    2238K    1036K  zygote
06-14 01:07:24.739   142  1658 I ActivityManager:    82    2212K    2212K    1922K    1900K  /system/bin/mediaserver
06-14 01:07:24.739   142  1658 I ActivityManager:    81    1092K    1092K     884K     876K  /system/bin/drmserver
06-14 01:07:24.739   142  1658 I ActivityManager:    78    1100K    1100K     804K     784K  /system/bin/rild
06-14 01:07:24.739   142  1658 I ActivityManager: 27718     668K     664K     525K     520K  logcat
06-14 01:07:24.739   142  1658 I ActivityManager:  1667     628K     620K     495K     492K  procrank
06-14 01:07:24.739   142  1658 I ActivityManager:  8348     592K     588K     422K     412K  /system/bin/wpa_supplicant
06-14 01:07:24.739   142  1658 I ActivityManager:    88     412K     412K     396K     396K  /sbin/adbd
06-14 01:07:24.739   142  1658 I ActivityManager: 28302     576K     572K     384K     372K  /system/bin/netd
06-14 01:07:24.739   142  1658 I ActivityManager:   298     388K     388K     302K     300K  /system/bin/bluetoothd
06-14 01:07:24.739   142  1658 I ActivityManager:    73     432K     428K     292K     284K  /system/bin/vold
06-14 01:07:24.739   142  1658 I ActivityManager:    86     464K     460K     283K     276K  /system/vendor/bin/gpsd
06-14 01:07:24.739   142  1658 I ActivityManager:    85     424K     388K     252K     244K  /system/bin/keystore
06-14 01:07:24.739   142  1658 I ActivityManager: 28798     356K     352K     198K     192K  /system/bin/dhcpcd
06-14 01:07:24.739   142  1658 I ActivityManager:    83     276K     268K     186K     184K  /system/bin/dbus-daemon
06-14 01:07:24.739   142  1658 I ActivityManager:     1     204K     204K     138K     100K  /init
06-14 01:07:24.739   142  1658 I ActivityManager:   200     204K     196K     133K     132K  /system/bin/brcm_patchram_plus
06-14 01:07:24.739   142  1658 I ActivityManager:    84     248K     240K     123K     120K  /system/bin/installd
06-14 01:07:24.739   142  1658 I ActivityManager:    61     160K     160K     122K      84K  /sbin/ueventd
06-14 01:07:24.739   142  1658 I ActivityManager:    87     172K     168K     105K     104K  /system/bin/sh
06-14 01:07:24.739   142  1658 I ActivityManager:    72     180K     172K      94K      92K  /system/bin/servicemanager
06-14 01:07:24.739   142  1658 I ActivityManager: 26775     188K     180K      75K      72K  /system/bin/debuggerd
06-14 01:07:24.739   142  1658 I ActivityManager:                           ------   
06-14 01:07:25.235   428   428 D dalvikvm: GC_EXPLICIT freed <1K, 4% free 9037K/9347K, paused 4ms+8ms
06-14 01:07:25.958  1645  1648 D dalvikvm: GC_CONCURRENT freed 312K, 5% free 9968K/10439K, paused 2ms+2ms
06-14 01:07:26.028   142   919 I ActivityManager: Start proc com.google.android.gsf.login for service com.google.android.gsf.login/com.google.android.gsf.loginservice.GoogleLoginService: pid=1670 uid=10009 gids={3003, 1015, 1007, 2001, 3006}
06-14 01:07:26.337   142   917 I ActivityManager: Process com.google.android.gsf.login (pid 1670) has died.
06-14 01:07:28.110  1645  1648 D dalvikvm: GC_CONCURRENT freed 356K, 6% free 10031K/10567K, paused 2ms+3ms
06-14 01:07:30.661  1645  1648 D dalvikvm: GC_CONCURRENT freed 406K, 5% free 10079K/10567K, paused 8ms+7ms
06-14 01:07:31.762   142   918 I ActivityManager: Start proc com.google.android.apps.maps:LocationFriendService for service com.google.android.apps.maps/com.google.googlenav.friend.reporting.LocationReceiverService: pid=1700 uid=10057 gids={3003, 1015}
06-14 01:07:32.079  1645  1665 W COM.GOOGLE.ANDROID.APPS.DOCS/DocsNotificationManager.java:168: 01:07:32.080 DocsSyncAdapter At notifyUser, got isEnabled=false driveEnabled=true prefs=true count=0
06-14 01:07:32.173  1700  1702 D dalvikvm: GC_CONCURRENT freed 168K, 3% free 9368K/9607K, paused 7ms+2ms
06-14 01:07:32.247   142   918 I ActivityManager: Process com.google.android.apps.docs (pid 1645) has died.
06-14 01:07:32.294   142   166 I ActivityManager: Start proc com.google.android.apps.docs for service com.google.android.apps.docs/.sync.syncadapter.DocsSyncAdapterService: pid=1713 uid=10069 gids={3003, 1015, 1006}
06-14 01:07:32.430  1713  1713 I ActivityThread: Pub com.google.android.apps.docs.files: com.google.android.apps.docs.sync.filemanager.FileProvider
06-14 01:07:32.434  1713  1713 I ActivityThread: Pub com.google.android.apps.docs.doclist.search_suggest: com.google.android.apps.docs.doclist.DocListGlobalSearchSuggestionProvider
06-14 01:07:32.477  1713  1713 V /ContextScope.java:112: 01:07:32.478 main Contexts in the main scope map after inserting com.google.android.apps.docs.editors.EditorsApplication@413494f0: com.google.android.apps.docs.editors.EditorsApplication@413494f0
06-14 01:07:32.528  1713  1716 D dalvikvm: GC_CONCURRENT freed 233K, 4% free 9302K/9607K, paused 2ms+2ms
06-14 01:07:32.618  1700  1702 D dalvikvm: GC_CONCURRENT freed 132K, 3% free 9677K/9927K, paused 6ms+2ms
06-14 01:07:32.669  1713  1716 D dalvikvm: GC_CONCURRENT freed 489K, 6% free 9365K/9927K, paused 1ms+2ms
06-14 01:07:32.954  1713  1716 D dalvikvm: GC_CONCURRENT freed 545K, 6% free 9410K/9991K, paused 23ms+3ms
06-14 01:07:33.122   142   921 I ActivityManager: Process com.facebook.orca (pid 1316) has died.
06-14 01:07:33.122   142   921 W ActivityManager: Scheduling restart of crashed service com.facebook.orca/.push.mqtt.MqttPushService in 5000ms
06-14 01:07:33.137  1713  1716 D dalvikvm: GC_CONCURRENT freed 490K, 6% free 9478K/9991K, paused 2ms+2ms
06-14 01:07:33.227  1700  1702 D dalvikvm: GC_CONCURRENT freed 326K, 4% free 9916K/10311K, paused 1ms+69ms
06-14 01:07:33.255  1713  1716 D dalvikvm: GC_CONCURRENT freed 595K, 7% free 9449K/10119K, paused 2ms+3ms
06-14 01:07:33.352  1713  1716 D dalvikvm: GC_CONCURRENT freed 472K, 7% free 9475K/10119K, paused 2ms+2ms
06-14 01:07:33.403  1713  1713 D dalvikvm: GC_FOR_ALLOC freed 208K, 7% free 9475K/10119K, paused 16ms
06-14 01:07:33.403  1713  1713 I dalvikvm-heap: Grow heap (frag case) to 9.334MB for 13456-byte allocation
06-14 01:07:33.423  1713  1713 D dalvikvm: GC_FOR_ALLOC freed <1K, 7% free 9488K/10183K, paused 16ms
06-14 01:07:33.540  1713  1716 D dalvikvm: GC_CONCURRENT freed 449K, 7% free 9550K/10183K, paused 1ms+2ms
06-14 01:07:33.665  1713  1716 D dalvikvm: GC_CONCURRENT freed 431K, 6% free 9630K/10183K, paused 2ms+3ms
06-14 01:07:33.798  1713  1716 D dalvikvm: GC_CONCURRENT freed 430K, 6% free 9711K/10247K, paused 1ms+2ms
06-14 01:07:33.930  1713  1716 D dalvikvm: GC_CONCURRENT freed 484K, 6% free 9766K/10311K, paused 2ms+3ms
06-14 01:07:34.075  1713  1716 D dalvikvm: GC_CONCURRENT freed 521K, 6% free 9776K/10375K, paused 1ms+2ms
06-14 01:07:34.149  1713  1713 D /Ln.java:220: 01:07:34.153 main Configuring Logging, minimum log level is INFO
06-14 01:07:34.176  1713  1716 D dalvikvm: GC_CONCURRENT freed 461K, 6% free 9789K/10375K, paused 1ms+3ms
06-14 01:07:34.180  1713  1713 D DocListDatabase: openHelper points on new database: DocList.db
06-14 01:07:34.180  1713  1713 D DocListDatabase: in openWriteDatabase
06-14 01:07:34.215  1713  1713 W ND      : Could not load Finalizer in its own class loader. Loading Finalizer in the current class loader instead. As a result, you will not be able to garbage collect this class loader. To support reclaiming this class loader, either resolve the underlying issue, or move Google Collections to your system class path.
06-14 01:07:34.215  1713  1713 W ND      : java.io.FileNotFoundException: com/google/inject/internal/Finalizer.class
06-14 01:07:34.215  1713  1713 W ND      : 	at NE.a(FinalizableReferenceQueue.java:269)
06-14 01:07:34.215  1713  1713 W ND      : 	at NE.a(FinalizableReferenceQueue.java:253)
06-14 01:07:34.215  1713  1713 W ND      : 	at ND.a(FinalizableReferenceQueue.java:175)
06-14 01:07:34.215  1713  1713 W ND      : 	at ND.<clinit>(FinalizableReferenceQueue.java:100)
06-14 01:07:34.215  1713  1713 W ND      : 	at OT.<clinit>(MapMaker.java:787)
06-14 01:07:34.215  1713  1713 W ND      : 	at Ph.<init>(MapMaker.java:946)
06-14 01:07:34.215  1713  1713 W ND      : 	at Pb.a(MapMaker.java:312)
06-14 01:07:34.215  1713  1713 W ND      : 	at OX.a(MapMaker.java:498)
06-14 01:07:34.215  1713  1713 W ND      : 	at OX.a(MapMaker.java:419)
06-14 01:07:34.215  1713  1713 W ND      : 	at Nb.get(CustomConcurrentHashMap.java:2029)
06-14 01:07:34.215  1713  1713 W ND      : 	at MM.a(BytecodeGen.java:149)
06-14 01:07:34.215  1713  1713 W ND      : 	at MM.a(BytecodeGen.java:132)
06-14 01:07:34.215  1713  1713 W ND      : 	at MX.a(ConstructionContext.java:80)
06-14 01:07:34.215  1713  1713 W ND      : 	at KG.a(ConstructorInjector.java:70)
06-14 01:07:34.215  1713  1713 W ND      : 	at KF.a(ConstructorBindingImpl.java:111)
06-14 01:07:34.215  1713  1713 W ND      : 	at LU.a(ProviderToInternalFactoryAdapter.java:45)
06-14 01:07:34.215  1713  1713 W ND      : 	at Li.a(InjectorImpl.java:811)
06-14 01:07:34.215  1713  1713 W ND      : 	at LT.a(ProviderToInternalFactoryAdapter.java:42)
06-14 01:07:34.215  1713  1713 W ND      : 	at Mc.a(Scopes.java:54)
06-14 01:07:34.215  1713  1713 W ND      : 	at Lz.a(InternalFactoryToProviderAdapter.java:48)
06-14 01:07:34.215  1713  1713 W ND      : 	at KR.a(FactoryProxy.java:56)
06-14 01:07:34.215  1713  1713 W ND      : 	at Mi.a(SingleParameterInjector.java:42)
06-14 01:07:34.215  1713  1713 W ND      : 	at Mi.a(SingleParameterInjector.java:66)
06-14 01:07:34.215  1713  1713 W ND      : 	at KG.a(ConstructorInjector.java:84)
06-14 01:07:34.215  1713  1713 W ND      : 	at KF.a(ConstructorBindingImpl.java:111)
06-14 01:07:34.215  1713  1713 W ND      : 	at KR.a(FactoryProxy.java:56)
06-14 01:07:34.215  1713  1713 W ND      : 	at Mi.a(SingleParameterInjector.java:42)
06-14 01:07:34.215  1713  1713 W ND      : 	at Mi.a(SingleParameterInjector.java:66)
06-14 01:07:34.215  1713  1713 W ND      : 	at KG.a(ConstructorInjector.java:84)
06-14 01:07:34.215  1713  1713 W ND      : 	at KF.a(ConstructorBindingImpl.java:111)
06-14 01:07:34.215  1713  1713 W ND      : 	at LU.a(ProviderToInternalFactoryAdapter.java:45)
06-14 01:07:34.215  1713  1713 W ND      : 	at Li.a(InjectorImpl.java:811)
06-14 01:07:34.215  1713  1713 W ND      : 	at LT.a(ProviderToInternalFactoryAdapter.java:42)
06-14 01:07:34.215  1713  1713 W ND      : 	at Mc.a(Scopes.java:54)
06-14 01:07:34.215  1713  1713 W ND      : 	at Lz.a(InternalFactoryToProviderAdapter.java:48)
06-14 01:07:34.215  1713  1713 W ND      : 	at Lg.a(InjectorBuilder.java:200)
06-14 01:07:34.215  1713  1713 W ND      : 	at Lg.a(InjectorBuilder.java:194)
06-14 01:07:34.215  1713  1713 W ND      : 	at Li.a(InjectorImpl.java:804)
06-14 01:07:34.215  1713  1713 W ND      : 	at Lf.a(InjectorBuilder.java:194)
06-14 01:07:34.215  1713  1713 W ND      : 	at Lf.b(InjectorBuilder.java:176)
06-14 01:07:34.215  1713  1713 W ND      : 	at Lf.a(InjectorBuilder.java:113)
06-14 01:07:34.215  1713  1713 W ND      : 	at KS.a(Guice.java:92)
06-14 01:07:34.215  1713  1713 W ND      : 	at roboguice.application.RoboApplication.b(RoboApplication.java:146)
06-14 01:07:34.215  1713  1713 W ND      : 	at roboguice.application.RoboApplication.a(RoboApplication.java:84)
06-14 01:07:34.215  1713  1713 W ND      : 	at com.google.android.apps.docs.GuiceContentProvider.a(GuiceContentProvider.java:36)
06-14 01:07:34.215  1713  1713 W ND      : 	at com.google.android.apps.docs.GuiceContentProvider.onCreate(GuiceContentProvider.java:27)
06-14 01:07:34.215  1713  1713 W ND      : 	at com.google.android.apps.docs.doclist.BaseSearchSuggestionProvider.onCreate(BaseSearchSuggestionProvider.java:88)
06-14 01:07:34.215  1713  1713 W ND      : 	at android.content.ContentProvider.attachInfo(ContentProvider.java:944)
06-14 01:07:34.215  1713  1713 W ND      : 	at android.app.ActivityThread.installProvider(ActivityThread.java:4237)
06-14 01:07:34.215  1713  1713 W ND      : 	at android.app.ActivityThread.installContentProviders(ActivityThread.java:3992)
06-14 01:07:34.215  1713  1713 W ND      : 	at android.app.ActivityThread.handleBindApplication(ActivityThread.java:3946)
06-14 01:07:34.215  1713  1713 W ND      : 	at android.app.ActivityThread.access$1300(ActivityThread.java:123)
06-14 01:07:34.215  1713  1713 W ND      : 	at android.app.ActivityThread$H.handleMessage(ActivityThread.java:1185)
06-14 01:07:34.215  1713  1713 W ND      : 	at android.os.Handler.dispatchMessage(Handler.java:99)
06-14 01:07:34.215  1713  1713 W ND      : 	at android.os.Looper.loop(Looper.java:137)
06-14 01:07:34.215  1713  1713 W ND      : 	at android.app.ActivityThread.main(ActivityThread.java:4424)
06-14 01:07:34.215  1713  1713 W ND      : 	at java.lang.reflect.Method.invokeNative(Native Method)
06-14 01:07:34.215  1713  1713 W ND      : 	at java.lang.reflect.Method.invoke(Method.java:511)
06-14 01:07:34.215  1713  1713 W ND      : 	at com.android.internal.os.ZygoteInit$MethodAndArgsCaller.run(ZygoteInit.java:784)
06-14 01:07:34.215  1713  1713 W ND      : 	at com.android.internal.os.ZygoteInit.main(ZygoteInit.java:551)
06-14 01:07:34.215  1713  1713 W ND      : 	at dalvik.system.NativeStart.main(Native Method)
06-14 01:07:34.223  1713  1713 I ND      : Failed to start reference finalizer thread. Reference cleanup will only occur when new references are created.
06-14 01:07:34.223  1713  1713 I ND      : java.lang.reflect.InvocationTargetException
06-14 01:07:34.223  1713  1713 I ND      : 	at java.lang.reflect.Method.invokeNative(Native Method)
06-14 01:07:34.223  1713  1713 I ND      : 	at java.lang.reflect.Method.invoke(Method.java:511)
06-14 01:07:34.223  1713  1713 I ND      : 	at ND.<init>(FinalizableReferenceQueue.java:124)
06-14 01:07:34.223  1713  1713 I ND      : 	at OT.<clinit>(MapMaker.java:787)
06-14 01:07:34.223  1713  1713 I ND      : 	at Ph.<init>(MapMaker.java:946)
06-14 01:07:34.223  1713  1713 I ND      : 	at Pb.a(MapMaker.java:312)
06-14 01:07:34.223  1713  1713 I ND      : 	at OX.a(MapMaker.java:498)
06-14 01:07:34.223  1713  1713 I ND      : 	at OX.a(MapMaker.java:419)
06-14 01:07:34.223  1713  1713 I ND      : 	at Nb.get(CustomConcurrentHashMap.java:2029)
06-14 01:07:34.223  1713  1713 I ND      : 	at MM.a(BytecodeGen.java:149)
06-14 01:07:34.223  1713  1713 I ND      : 	at MM.a(BytecodeGen.java:132)
06-14 01:07:34.223  1713  1713 I ND      : 	at MX.a(ConstructionContext.java:80)
06-14 01:07:34.223  1713  1713 I ND      : 	at KG.a(ConstructorInjector.java:70)
06-14 01:07:34.223  1713  1713 I ND      : 	at KF.a(ConstructorBindingImpl.java:111)
06-14 01:07:34.223  1713  1713 I ND      : 	at LU.a(ProviderToInternalFactoryAdapter.java:45)
06-14 01:07:34.223  1713  1713 I ND      : 	at Li.a(InjectorImpl.java:811)
06-14 01:07:34.223  1713  1713 I ND      : 	at LT.a(ProviderToInternalFactoryAdapter.java:42)
06-14 01:07:34.223  1713  1713 I ND      : 	at Mc.a(Scopes.java:54)
06-14 01:07:34.223  1713  1713 I ND      : 	at Lz.a(InternalFactoryToProviderAdapter.java:48)
06-14 01:07:34.223  1713  1713 I ND      : 	at KR.a(FactoryProxy.java:56)
06-14 01:07:34.223  1713  1713 I ND      : 	at Mi.a(SingleParameterInjector.java:42)
06-14 01:07:34.223  1713  1713 I ND      : 	at Mi.a(SingleParameterInjector.java:66)
06-14 01:07:34.223  1713  1713 I ND      : 	at KG.a(ConstructorInjector.java:84)
06-14 01:07:34.223  1713  1713 I ND      : 	at KF.a(ConstructorBindingImpl.java:111)
06-14 01:07:34.223  1713  1713 I ND      : 	at KR.a(FactoryProxy.java:56)
06-14 01:07:34.223  1713  1713 I ND      : 	at Mi.a(SingleParameterInjector.java:42)
06-14 01:07:34.223  1713  1713 I ND      : 	at Mi.a(SingleParameterInjector.java:66)
06-14 01:07:34.223  1713  1713 I ND      : 	at KG.a(ConstructorInjector.java:84)
06-14 01:07:34.223  1713  1713 I ND      : 	at KF.a(ConstructorBindingImpl.java:111)
06-14 01:07:34.223  1713  1713 I ND      : 	at LU.a(ProviderToInternalFactoryAdapter.java:45)
06-14 01:07:34.223  1713  1713 I ND      : 	at Li.a(InjectorImpl.java:811)
06-14 01:07:34.223  1713  1713 I ND      : 	at LT.a(ProviderToInternalFactoryAdapter.java:42)
06-14 01:07:34.223  1713  1713 I ND      : 	at Mc.a(Scopes.java:54)
06-14 01:07:34.223  1713  1713 I ND      : 	at Lz.a(InternalFactoryToProviderAdapter.java:48)
06-14 01:07:34.223  1713  1713 I ND      : 	at Lg.a(InjectorBuilder.java:200)
06-14 01:07:34.223  1713  1713 I ND      : 	at Lg.a(InjectorBuilder.java:194)
06-14 01:07:34.223  1713  1713 I ND      : 	at Li.a(InjectorImpl.java:804)
06-14 01:07:34.223  1713  1713 I ND      : 	at Lf.a(InjectorBuilder.java:194)
06-14 01:07:34.223  1713  1713 I ND      : 	at Lf.b(InjectorBuilder.java:176)
06-14 01:07:34.223  1713  1713 I ND      : 	at Lf.a(InjectorBuilder.java:113)
06-14 01:07:34.223  1713  1713 I ND      : 	at KS.a(Guice.java:92)
06-14 01:07:34.223  1713  1713 I ND      : 	at roboguice.application.RoboApplication.b(RoboApplication.java:146)
06-14 01:07:34.223  1713  1713 I ND      : 	at roboguice.application.RoboApplication.a(RoboApplication.java:84)
06-14 01:07:34.223  1713  1713 I ND      : 	at com.google.android.apps.docs.GuiceContentProvider.a(GuiceContentProvider.java:36)
06-14 01:07:34.223  1713  1713 I ND      : 	at com.google.android.apps.docs.GuiceContentProvider.onCreate(GuiceContentProvider.java:27)
06-14 01:07:34.223  1713  1713 I ND      : 	at com.google.android.apps.docs.doclist.BaseSearchSuggestionProvider.onCreate(BaseSearchSuggestionProvider.java:88)
06-14 01:07:34.223  1713  1713 I ND      : 	at android.content.ContentProvider.attachInfo(ContentProvider.java:944)
06-14 01:07:34.223  1713  1713 I ND      : 	at android.app.ActivityThread.installProvider(ActivityThread.java:4237)
06-14 01:07:34.223  1713  1713 I ND      : 	at android.app.ActivityThread.installContentProviders(ActivityThread.java:3992)
06-14 01:07:34.223  1713  1713 I ND      : 	at android.app.ActivityThread.handleBindApplication(ActivityThread.java:3946)
06-14 01:07:34.223  1713  1713 I ND      : 	at android.app.ActivityThread.access$1300(ActivityThread.java:123)
06-14 01:07:34.223  1713  1713 I ND      : 	at android.app.ActivityThread$H.handleMessage(ActivityThread.java:1185)
06-14 01:07:34.223  1713  1713 I ND      : 	at android.os.Handler.dispatchMessage(Handler.java:99)
06-14 01:07:34.223  1713  1713 I ND      : 	at android.os.Looper.loop(Looper.java:137)
06-14 01:07:34.223  1713  1713 I ND      : 	at android.app.ActivityThread.main(ActivityThread.java:4424)
06-14 01:07:34.223  1713  1713 I ND      : 	at java.lang.reflect.Method.invokeNative(Native Method)
06-14 01:07:34.223  1713  1713 I ND      : 	at java.lang.reflect.Method.invoke(Method.java:511)
06-14 01:07:34.223  1713  1713 I ND      : 	at com.android.internal.os.ZygoteInit$MethodAndArgsCaller.run(ZygoteInit.java:784)
06-14 01:07:34.223  1713  1713 I ND      : 	at com.android.internal.os.ZygoteInit.main(ZygoteInit.java:551)
06-14 01:07:34.223  1713  1713 I ND      : 	at dalvik.system.NativeStart.main(Native Method)
06-14 01:07:34.223  1713  1713 I ND      : Caused by: java.lang.IllegalArgumentException: Expected com.google.inject.internal.FinalizableReference.
06-14 01:07:34.223  1713  1713 I ND      : 	at NK.startFinalizer(Finalizer.java:77)
06-14 01:07:34.223  1713  1713 I ND      : 	... 60 more
06-14 01:07:34.278  1713  1716 D dalvikvm: GC_CONCURRENT freed 411K, 6% free 9818K/10375K, paused 2ms+3ms
06-14 01:07:34.294  1713  1713 I ActivityThread: Pub com.google.android.apps.docs.doclist.account_suggest: com.google.android.apps.docs.doclist.DocListAccountSuggestionProvider
06-14 01:07:34.301  1713  1713 I ActivityThread: Pub com.google.android.apps.docs: com.google.android.apps.docs.providers.DocListProvider
06-14 01:07:34.407  1713  1716 D dalvikvm: GC_CONCURRENT freed 426K, 6% free 9847K/10375K, paused 2ms+2ms
06-14 01:07:36.325  1713  1716 D dalvikvm: GC_CONCURRENT freed 350K, 5% free 10017K/10439K, paused 3ms+11ms
06-14 01:07:36.356   142   916 I ActivityManager: Start proc com.google.android.gsf.login for service com.google.android.gsf.login/com.google.android.gsf.loginservice.GoogleLoginService: pid=1745 uid=10009 gids={3003, 1015, 1007, 2001, 3006}
06-14 01:07:36.458   142   370 I ActivityManager: Process com.google.android.apps.maps:LocationFriendService (pid 1700) has died.
06-14 01:07:38.087  1713  1716 D dalvikvm: GC_CONCURRENT freed 486K, 6% free 10073K/10631K, paused 4ms+3ms
06-14 01:07:38.126   142   159 I ActivityManager: Start proc com.facebook.orca for service com.facebook.orca/.push.mqtt.MqttPushService: pid=1766 uid=10061 gids={3003, 1015, 1006}
06-14 01:07:38.133  1766  1766 I dalvikvm: Turning on JNI app bug workarounds for target SDK version 10...
06-14 01:07:38.294  1766  1766 I ActivityThread: Pub com.facebook.orca.notify.MessengerLoggedInUserProvider: com.facebook.orca.notify.MessengerLoggedInUserProvider
06-14 01:07:38.321  1766  1766 I ActivityThread: Pub com.facebook.orca.notify.MessengerForegroundProvider: com.facebook.orca.notify.MessengerForegroundProvider
06-14 01:07:38.325  1766  1766 V orca:OrcaApplication: Forcing initialization of AsyncTask
06-14 01:07:38.477  1766  1769 D dalvikvm: GC_CONCURRENT freed 229K, 4% free 9306K/9607K, paused 4ms+7ms
06-14 01:07:38.485  1766  1766 I Finalizer: Couldn't access Thread.inheritableThreadLocals. Reference finalizer threads will inherit thread local values.
06-14 01:07:38.700  1766  1769 D dalvikvm: GC_CONCURRENT freed 377K, 6% free 9431K/9927K, paused 2ms+2ms
06-14 01:07:38.782  1766  1766 W OrcaGuiceModule: Sig: ijxLJi1yGs1JpL-X1SExmchvork
06-14 01:07:38.805   142   294 I ActivityManager: Process com.google.android.gsf.login (pid 1745) has died.
06-14 01:07:38.895  1766  1769 D dalvikvm: GC_CONCURRENT freed 273K, 4% free 9618K/9991K, paused 2ms+3ms
06-14 01:07:39.079   142   145 D dalvikvm: GC_CONCURRENT freed 1944K, 23% free 19118K/24647K, paused 7ms+9ms
06-14 01:07:39.192  1766  1781 W Resources: Converting to string: TypedValue{t=0x10/d=0xffffffff a=-1}
06-14 01:07:39.360  1766  1769 D dalvikvm: GC_CONCURRENT freed 320K, 4% free 9855K/10247K, paused 2ms+3ms
06-14 01:07:39.532  1766  1766 D ACRA    : Retrieve application default SharedPreferences.
06-14 01:07:39.532  1766  1766 D ACRA    : Set OnSharedPreferenceChangeListener.
06-14 01:07:39.532  1766  1766 D ACRA    : ACRA is enabled for com.facebook.orca, intializing...
06-14 01:07:39.536  1766  1769 D dalvikvm: GC_CONCURRENT freed 255K, 4% free 10051K/10439K, paused 27ms+4ms
06-14 01:07:39.575  1766  1781 D dalvikvm: GC_FOR_ALLOC freed 254K, 6% free 10125K/10695K, paused 24ms
06-14 01:07:39.602 30026 30029 D dalvikvm: GC_CONCURRENT freed 325K, 6% free 10036K/10631K, paused 106ms+7ms
06-14 01:07:39.637  1766  1781 D dalvikvm: GC_FOR_ALLOC freed 283K, 5% free 10226K/10759K, paused 23ms
06-14 01:07:39.637  1766  1766 D ACRA    : Looking for error files in /data/data/com.facebook.orca/app_acra-reports
06-14 01:07:39.782  1766  1769 D dalvikvm: GC_CONCURRENT freed 348K, 4% free 10404K/10823K, paused 2ms+3ms
06-14 01:07:39.989  1766  1769 D dalvikvm: GC_CONCURRENT freed 190K, 3% free 10754K/11015K, paused 2ms+4ms
06-14 01:07:40.243  1766  1769 D dalvikvm: GC_CONCURRENT freed 447K, 5% free 10945K/11463K, paused 6ms+3ms
06-14 01:07:40.407  1766  1769 D dalvikvm: GC_CONCURRENT freed 368K, 4% free 11280K/11719K, paused 2ms+3ms
06-14 01:07:41.731  1713  1716 D dalvikvm: GC_CONCURRENT freed 402K, 5% free 10105K/10631K, paused 9ms+3ms
06-14 01:07:42.329  1713  1740 W COM.GOOGLE.ANDROID.APPS.DOCS/DocsNotificationManager.java:168: 01:07:42.324 DocsSyncAdapter At notifyUser, got isEnabled=false driveEnabled=true prefs=true count=0
06-14 01:07:42.755  1766  1769 D dalvikvm: GC_CONCURRENT freed 732K, 7% free 11363K/12167K, paused 6ms+3ms
06-14 01:07:44.493   357   357 D dalvikvm: GC_EXPLICIT freed <1K, 6% free 9100K/9607K, paused 41ms+2ms
06-14 01:07:54.048   959   959 D dalvikvm: GC_EXPLICIT freed 125K, 21% free 11682K/14663K, paused 2ms+3ms
06-14 01:07:59.079 27790 27790 D dalvikvm: GC_EXPLICIT freed 72K, 36% free 11631K/17991K, paused 20ms+3ms
06-14 01:08:02.364   142   922 I ActivityManager: Process com.google.android.apps.docs (pid 1713) has died.
06-14 01:08:02.415   142   166 I ActivityManager: Start proc com.google.android.apps.docs for service com.google.android.apps.docs/.sync.syncadapter.DocsSyncAdapterService: pid=1793 uid=10069 gids={3003, 1015, 1006}
06-14 01:08:02.450    80    80 D dalvikvm: GC_EXPLICIT freed 38K, 4% free 9031K/9347K, paused 1ms+3ms
06-14 01:08:02.493    80    80 D dalvikvm: GC_EXPLICIT freed <1K, 4% free 9031K/9347K, paused 1ms+3ms
06-14 01:08:02.520    80    80 D dalvikvm: GC_EXPLICIT freed <1K, 4% free 9031K/9347K, paused 2ms+2ms
06-14 01:08:02.555  1793  1793 I ActivityThread: Pub com.google.android.apps.docs.files: com.google.android.apps.docs.sync.filemanager.FileProvider
06-14 01:08:02.555  1793  1793 I ActivityThread: Pub com.google.android.apps.docs.doclist.search_suggest: com.google.android.apps.docs.doclist.DocListGlobalSearchSuggestionProvider
06-14 01:08:02.575  1793  1793 V /ContextScope.java:112: 01:08:02.577 main Contexts in the main scope map after inserting com.google.android.apps.docs.editors.EditorsApplication@4134bec8: com.google.android.apps.docs.editors.EditorsApplication@4134bec8
06-14 01:08:02.633  1793  1796 D dalvikvm: GC_CONCURRENT freed 237K, 4% free 9299K/9607K, paused 2ms+2ms
06-14 01:08:02.751  1793  1796 D dalvikvm: GC_CONCURRENT freed 510K, 6% free 9344K/9927K, paused 1ms+2ms
06-14 01:08:02.852  1793  1796 D dalvikvm: GC_CONCURRENT freed 480K, 6% free 9373K/9927K, paused 1ms+3ms
06-14 01:08:02.942  1793  1796 D dalvikvm: GC_CONCURRENT freed 515K, 6% free 9401K/9991K, paused 2ms+2ms
06-14 01:08:03.036  1793  1796 D dalvikvm: GC_CONCURRENT freed 443K, 6% free 9470K/9991K, paused 2ms+2ms
06-14 01:08:03.130  1793  1796 D dalvikvm: GC_CONCURRENT freed 481K, 6% free 9499K/10055K, paused 1ms+2ms
06-14 01:08:03.219  1793  1796 D dalvikvm: GC_CONCURRENT freed 541K, 7% free 9503K/10119K, paused 2ms+2ms
06-14 01:08:03.333  1793  1796 D dalvikvm: GC_CONCURRENT freed 412K, 6% free 9596K/10119K, paused 2ms+2ms
06-14 01:08:03.481  1793  1796 D dalvikvm: GC_CONCURRENT freed 470K, 6% free 9630K/10183K, paused 1ms+2ms
06-14 01:08:03.637  1793  1796 D dalvikvm: GC_CONCURRENT freed 465K, 6% free 9693K/10247K, paused 1ms+2ms
06-14 01:08:03.794  1793  1796 D dalvikvm: GC_CONCURRENT freed 456K, 6% free 9781K/10311K, paused 2ms+3ms
06-14 01:08:03.958  1793  1796 D dalvikvm: GC_CONCURRENT freed 514K, 6% free 9784K/10375K, paused 2ms+2ms
06-14 01:08:03.997  1793  1793 D /Ln.java:220: 01:08:03.999 main Configuring Logging, minimum log level is INFO
06-14 01:08:04.012  1793  1793 D DocListDatabase: openHelper points on new database: DocList.db
06-14 01:08:04.012  1793  1793 D DocListDatabase: in openWriteDatabase
06-14 01:08:04.055  1793  1793 W ND      : Could not load Finalizer in its own class loader. Loading Finalizer in the current class loader instead. As a result, you will not be able to garbage collect this class loader. To support reclaiming this class loader, either resolve the underlying issue, or move Google Collections to your system class path.
06-14 01:08:04.055  1793  1793 W ND      : java.io.FileNotFoundException: com/google/inject/internal/Finalizer.class
06-14 01:08:04.055  1793  1793 W ND      : 	at NE.a(FinalizableReferenceQueue.java:269)
06-14 01:08:04.055  1793  1793 W ND      : 	at NE.a(FinalizableReferenceQueue.java:253)
06-14 01:08:04.055  1793  1793 W ND      : 	at ND.a(FinalizableReferenceQueue.java:175)
06-14 01:08:04.055  1793  1793 W ND      : 	at ND.<clinit>(FinalizableReferenceQueue.java:100)
06-14 01:08:04.055  1793  1793 W ND      : 	at OT.<clinit>(MapMaker.java:787)
06-14 01:08:04.055  1793  1793 W ND      : 	at Ph.<init>(MapMaker.java:946)
06-14 01:08:04.055  1793  1793 W ND      : 	at Pb.a(MapMaker.java:312)
06-14 01:08:04.055  1793  1793 W ND      : 	at OX.a(MapMaker.java:498)
06-14 01:08:04.055  1793  1793 W ND      : 	at OX.a(MapMaker.java:419)
06-14 01:08:04.055  1793  1793 W ND      : 	at Nb.get(CustomConcurrentHashMap.java:2029)
06-14 01:08:04.055  1793  1793 W ND      : 	at MM.a(BytecodeGen.java:149)
06-14 01:08:04.055  1793  1793 W ND      : 	at MM.a(BytecodeGen.java:132)
06-14 01:08:04.055  1793  1793 W ND      : 	at MX.a(ConstructionContext.java:80)
06-14 01:08:04.055  1793  1793 W ND      : 	at KG.a(ConstructorInjector.java:70)
06-14 01:08:04.055  1793  1793 W ND      : 	at KF.a(ConstructorBindingImpl.java:111)
06-14 01:08:04.055  1793  1793 W ND      : 	at LU.a(ProviderToInternalFactoryAdapter.java:45)
06-14 01:08:04.055  1793  1793 W ND      : 	at Li.a(InjectorImpl.java:811)
06-14 01:08:04.055  1793  1793 W ND      : 	at LT.a(ProviderToInternalFactoryAdapter.java:42)
06-14 01:08:04.055  1793  1793 W ND      : 	at Mc.a(Scopes.java:54)
06-14 01:08:04.055  1793  1793 W ND      : 	at Lz.a(InternalFactoryToProviderAdapter.java:48)
06-14 01:08:04.055  1793  1793 W ND      : 	at KR.a(FactoryProxy.java:56)
06-14 01:08:04.055  1793  1793 W ND      : 	at Mi.a(SingleParameterInjector.java:42)
06-14 01:08:04.055  1793  1793 W ND      : 	at Mi.a(SingleParameterInjector.java:66)
06-14 01:08:04.055  1793  1793 W ND      : 	at KG.a(ConstructorInjector.java:84)
06-14 01:08:04.055  1793  1793 W ND      : 	at KF.a(ConstructorBindingImpl.java:111)
06-14 01:08:04.055  1793  1793 W ND      : 	at KR.a(FactoryProxy.java:56)
06-14 01:08:04.055  1793  1793 W ND      : 	at Mi.a(SingleParameterInjector.java:42)
06-14 01:08:04.055  1793  1793 W ND      : 	at Mi.a(SingleParameterInjector.java:66)
06-14 01:08:04.055  1793  1793 W ND      : 	at KG.a(ConstructorInjector.java:84)
06-14 01:08:04.055  1793  1793 W ND      : 	at KF.a(ConstructorBindingImpl.java:111)
06-14 01:08:04.055  1793  1793 W ND      : 	at LU.a(ProviderToInternalFactoryAdapter.java:45)
06-14 01:08:04.055  1793  1793 W ND      : 	at Li.a(InjectorImpl.java:811)
06-14 01:08:04.055  1793  1793 W ND      : 	at LT.a(ProviderToInternalFactoryAdapter.java:42)
06-14 01:08:04.055  1793  1793 W ND      : 	at Mc.a(Scopes.java:54)
06-14 01:08:04.055  1793  1793 W ND      : 	at Lz.a(InternalFactoryToProviderAdapter.java:48)
06-14 01:08:04.055  1793  1793 W ND      : 	at Lg.a(InjectorBuilder.java:200)
06-14 01:08:04.055  1793  1793 W ND      : 	at Lg.a(InjectorBuilder.java:194)
06-14 01:08:04.055  1793  1793 W ND      : 	at Li.a(InjectorImpl.java:804)
06-14 01:08:04.055  1793  1793 W ND      : 	at Lf.a(InjectorBuilder.java:194)
06-14 01:08:04.055  1793  1793 W ND      : 	at Lf.b(InjectorBuilder.java:176)
06-14 01:08:04.055  1793  1793 W ND      : 	at Lf.a(InjectorBuilder.java:113)
06-14 01:08:04.055  1793  1793 W ND      : 	at KS.a(Guice.java:92)
06-14 01:08:04.055  1793  1793 W ND      : 	at roboguice.application.RoboApplication.b(RoboApplication.java:146)
06-14 01:08:04.055  1793  1793 W ND      : 	at roboguice.application.RoboApplication.a(RoboApplication.java:84)
06-14 01:08:04.055  1793  1793 W ND      : 	at com.google.android.apps.docs.GuiceContentProvider.a(GuiceContentProvider.java:36)
06-14 01:08:04.055  1793  1793 W ND      : 	at com.google.android.apps.docs.GuiceContentProvider.onCreate(GuiceContentProvider.java:27)
06-14 01:08:04.055  1793  1793 W ND      : 	at com.google.android.apps.docs.doclist.BaseSearchSuggestionProvider.onCreate(BaseSearchSuggestionProvider.java:88)
06-14 01:08:04.055  1793  1793 W ND      : 	at android.content.ContentProvider.attachInfo(ContentProvider.java:944)
06-14 01:08:04.055  1793  1793 W ND      : 	at android.app.ActivityThread.installProvider(ActivityThread.java:4237)
06-14 01:08:04.055  1793  1793 W ND      : 	at android.app.ActivityThread.installContentProviders(ActivityThread.java:3992)
06-14 01:08:04.055  1793  1793 W ND      : 	at android.app.ActivityThread.handleBindApplication(ActivityThread.java:3946)
06-14 01:08:04.055  1793  1793 W ND      : 	at android.app.ActivityThread.access$1300(ActivityThread.java:123)
06-14 01:08:04.055  1793  1793 W ND      : 	at android.app.ActivityThread$H.handleMessage(ActivityThread.java:1185)
06-14 01:08:04.055  1793  1793 W ND      : 	at android.os.Handler.dispatchMessage(Handler.java:99)
06-14 01:08:04.055  1793  1793 W ND      : 	at android.os.Looper.loop(Looper.java:137)
06-14 01:08:04.055  1793  1793 W ND      : 	at android.app.ActivityThread.main(ActivityThread.java:4424)
06-14 01:08:04.055  1793  1793 W ND      : 	at java.lang.reflect.Method.invokeNative(Native Method)
06-14 01:08:04.055  1793  1793 W ND      : 	at java.lang.reflect.Method.invoke(Method.java:511)
06-14 01:08:04.055  1793  1793 W ND      : 	at com.android.internal.os.ZygoteInit$MethodAndArgsCaller.run(ZygoteInit.java:784)
06-14 01:08:04.055  1793  1793 W ND      : 	at com.android.internal.os.ZygoteInit.main(ZygoteInit.java:551)
06-14 01:08:04.055  1793  1793 W ND      : 	at dalvik.system.NativeStart.main(Native Method)
06-14 01:08:04.079  1793  1796 D dalvikvm: GC_CONCURRENT freed 464K, 6% free 9827K/10375K, paused 1ms+6ms
06-14 01:08:04.083  1793  1793 I ND      : Failed to start reference finalizer thread. Reference cleanup will only occur when new references are created.
06-14 01:08:04.083  1793  1793 I ND      : java.lang.reflect.InvocationTargetException
06-14 01:08:04.083  1793  1793 I ND      : 	at java.lang.reflect.Method.invokeNative(Native Method)
06-14 01:08:04.083  1793  1793 I ND      : 	at java.lang.reflect.Method.invoke(Method.java:511)
06-14 01:08:04.083  1793  1793 I ND      : 	at ND.<init>(FinalizableReferenceQueue.java:124)
06-14 01:08:04.083  1793  1793 I ND      : 	at OT.<clinit>(MapMaker.java:787)
06-14 01:08:04.083  1793  1793 I ND      : 	at Ph.<init>(MapMaker.java:946)
06-14 01:08:04.083  1793  1793 I ND      : 	at Pb.a(MapMaker.java:312)
06-14 01:08:04.083  1793  1793 I ND      : 	at OX.a(MapMaker.java:498)
06-14 01:08:04.083  1793  1793 I ND      : 	at OX.a(MapMaker.java:419)
06-14 01:08:04.083  1793  1793 I ND      : 	at Nb.get(CustomConcurrentHashMap.java:2029)
06-14 01:08:04.083  1793  1793 I ND      : 	at MM.a(BytecodeGen.java:149)
06-14 01:08:04.083  1793  1793 I ND      : 	at MM.a(BytecodeGen.java:132)
06-14 01:08:04.083  1793  1793 I ND      : 	at MX.a(ConstructionContext.java:80)
06-14 01:08:04.083  1793  1793 I ND      : 	at KG.a(ConstructorInjector.java:70)
06-14 01:08:04.083  1793  1793 I ND      : 	at KF.a(ConstructorBindingImpl.java:111)
06-14 01:08:04.083  1793  1793 I ND      : 	at LU.a(ProviderToInternalFactoryAdapter.java:45)
06-14 01:08:04.083  1793  1793 I ND      : 	at Li.a(InjectorImpl.java:811)
06-14 01:08:04.083  1793  1793 I ND      : 	at LT.a(ProviderToInternalFactoryAdapter.java:42)
06-14 01:08:04.083  1793  1793 I ND      : 	at Mc.a(Scopes.java:54)
06-14 01:08:04.083  1793  1793 I ND      : 	at Lz.a(InternalFactoryToProviderAdapter.java:48)
06-14 01:08:04.083  1793  1793 I ND      : 	at KR.a(FactoryProxy.java:56)
06-14 01:08:04.083  1793  1793 I ND      : 	at Mi.a(SingleParameterInjector.java:42)
06-14 01:08:04.083  1793  1793 I ND      : 	at Mi.a(SingleParameterInjector.java:66)
06-14 01:08:04.083  1793  1793 I ND      : 	at KG.a(ConstructorInjector.java:84)
06-14 01:08:04.083  1793  1793 I ND      : 	at KF.a(ConstructorBindingImpl.java:111)
06-14 01:08:04.083  1793  1793 I ND      : 	at KR.a(FactoryProxy.java:56)
06-14 01:08:04.083  1793  1793 I ND      : 	at Mi.a(SingleParameterInjector.java:42)
06-14 01:08:04.083  1793  1793 I ND      : 	at Mi.a(SingleParameterInjector.java:66)
06-14 01:08:04.083  1793  1793 I ND      : 	at KG.a(ConstructorInjector.java:84)
06-14 01:08:04.083  1793  1793 I ND      : 	at KF.a(ConstructorBindingImpl.java:111)
06-14 01:08:04.083  1793  1793 I ND      : 	at LU.a(ProviderToInternalFactoryAdapter.java:45)
06-14 01:08:04.083  1793  1793 I ND      : 	at Li.a(InjectorImpl.java:811)
06-14 01:08:04.083  1793  1793 I ND      : 	at LT.a(ProviderToInternalFactoryAdapter.java:42)
06-14 01:08:04.083  1793  1793 I ND      : 	at Mc.a(Scopes.java:54)
06-14 01:08:04.083  1793  1793 I ND      : 	at Lz.a(InternalFactoryToProviderAdapter.java:48)
06-14 01:08:04.083  1793  1793 I ND      : 	at Lg.a(InjectorBuilder.java:200)
06-14 01:08:04.083  1793  1793 I ND      : 	at Lg.a(InjectorBuilder.java:194)
06-14 01:08:04.083  1793  1793 I ND      : 	at Li.a(InjectorImpl.java:804)
06-14 01:08:04.083  1793  1793 I ND      : 	at Lf.a(InjectorBuilder.java:194)
06-14 01:08:04.083  1793  1793 I ND      : 	at Lf.b(InjectorBuilder.java:176)
06-14 01:08:04.083  1793  1793 I ND      : 	at Lf.a(InjectorBuilder.java:113)
06-14 01:08:04.083  1793  1793 I ND      : 	at KS.a(Guice.java:92)
06-14 01:08:04.083  1793  1793 I ND      : 	at roboguice.application.RoboApplication.b(RoboApplication.java:146)
06-14 01:08:04.083  1793  1793 I ND      : 	at roboguice.application.RoboApplication.a(RoboApplication.java:84)
06-14 01:08:04.083  1793  1793 I ND      : 	at com.google.android.apps.docs.GuiceContentProvider.a(GuiceContentProvider.java:36)
06-14 01:08:04.083  1793  1793 I ND      : 	at com.google.android.apps.docs.GuiceContentProvider.onCreate(GuiceContentProvider.java:27)
06-14 01:08:04.083  1793  1793 I ND      : 	at com.google.android.apps.docs.doclist.BaseSearchSuggestionProvider.onCreate(BaseSearchSuggestionProvider.java:88)
06-14 01:08:04.083  1793  1793 I ND      : 	at android.content.ContentProvider.attachInfo(ContentProvider.java:944)
06-14 01:08:04.083  1793  1793 I ND      : 	at android.app.ActivityThread.installProvider(ActivityThread.java:4237)
06-14 01:08:04.083  1793  1793 I ND      : 	at android.app.ActivityThread.installContentProviders(ActivityThread.java:3992)
06-14 01:08:04.083  1793  1793 I ND      : 	at android.app.ActivityThread.handleBindApplication(ActivityThread.java:3946)
06-14 01:08:04.083  1793  1793 I ND      : 	at android.app.ActivityThread.access$1300(ActivityThread.java:123)
06-14 01:08:04.083  1793  1793 I ND      : 	at android.app.ActivityThread$H.handleMessage(ActivityThread.java:1185)
06-14 01:08:04.083  1793  1793 I ND      : 	at android.os.Handler.dispatchMessage(Handler.java:99)
06-14 01:08:04.083  1793  1793 I ND      : 	at android.os.Looper.loop(Looper.java:137)
06-14 01:08:04.083  1793  1793 I ND      : 	at android.app.ActivityThread.main(ActivityThread.java:4424)
06-14 01:08:04.083  1793  1793 I ND      : 	at java.lang.reflect.Method.invokeNative(Native Method)
06-14 01:08:04.083  1793  1793 I ND      : 	at java.lang.reflect.Method.invoke(Method.java:511)
06-14 01:08:04.083  1793  1793 I ND      : 	at com.android.internal.os.ZygoteInit$MethodAndArgsCaller.run(ZygoteInit.java:784)
06-14 01:08:04.083  1793  1793 I ND      : 	at com.android.internal.os.ZygoteInit.main(ZygoteInit.java:551)
06-14 01:08:04.083  1793  1793 I ND      : 	at dalvik.system.NativeStart.main(Native Method)
06-14 01:08:04.083  1793  1793 I ND      : Caused by: java.lang.IllegalArgumentException: Expected com.google.inject.internal.FinalizableReference.
06-14 01:08:04.083  1793  1793 I ND      : 	at NK.startFinalizer(Finalizer.java:77)
06-14 01:08:04.083  1793  1793 I ND      : 	... 60 more
06-14 01:08:04.118  1793  1793 I ActivityThread: Pub com.google.android.apps.docs.doclist.account_suggest: com.google.android.apps.docs.doclist.DocListAccountSuggestionProvider
06-14 01:08:04.126  1793  1793 I ActivityThread: Pub com.google.android.apps.docs: com.google.android.apps.docs.providers.DocListProvider
06-14 01:08:04.223  1793  1796 D dalvikvm: GC_CONCURRENT freed 498K, 6% free 9875K/10439K, paused 10ms+3ms
06-14 01:08:05.290  1793  1796 D dalvikvm: GC_CONCURRENT freed 409K, 5% free 9926K/10439K, paused 3ms+2ms
06-14 01:08:06.012   142   153 I ActivityManager: Start proc com.google.android.gsf.login for service com.google.android.gsf.login/com.google.android.gsf.loginservice.GoogleLoginService: pid=1817 uid=10009 gids={3003, 1015, 1007, 2001, 3006}
06-14 01:08:07.712  1793  1796 D dalvikvm: GC_CONCURRENT freed 432K, 5% free 10045K/10567K, paused 16ms+6ms
06-14 01:08:07.977   142   158 D dalvikvm: GC_EXPLICIT freed 425K, 23% free 19107K/24647K, paused 34ms+9ms
06-14 01:08:08.883   142   370 I ActivityManager: Process com.google.android.gsf.login (pid 1817) has died.
06-14 01:08:09.954  1793  1796 D dalvikvm: GC_CONCURRENT freed 428K, 6% free 10082K/10631K, paused 1ms+2ms
06-14 01:08:10.852  1793  1813 W COM.GOOGLE.ANDROID.APPS.DOCS/DocsNotificationManager.java:168: 01:08:10.854 DocsSyncAdapter At notifyUser, got isEnabled=false driveEnabled=true prefs=true count=0
06-14 01:08:13.993   213   213 D dalvikvm: GC_EXPLICIT freed 8K, 59% free 9684K/23239K, paused 32ms+3ms
06-14 01:08:19.044   342   342 D dalvikvm: GC_EXPLICIT freed 3K, 16% free 12074K/14343K, paused 26ms+3ms
06-14 01:08:24.087   428   428 D dalvikvm: GC_EXPLICIT freed <1K, 4% free 9037K/9347K, paused 1ms+4ms
06-14 01:08:27.837   672   685 I PhoneLab-: Service Running
06-14 01:08:27.915   672   685 I PhoneLab-LoggerService: app_38    27718 1     1112   664   c00f181c 400107b4 S logcat
06-14 01:08:27.915   672   685 I PhoneLab-LoggerService: Logcat pid from database 27718
06-14 01:08:27.915   672   685 I PhoneLab-LoggerService: Logcat process found 27718
06-14 01:08:27.915   672   685 I PhoneLab-LoggerService: Checking Threshold
06-14 01:08:29.153   324   324 D dalvikvm: GC_EXPLICIT freed <1K, 20% free 10618K/13191K, paused 31ms+3ms
06-14 01:08:30.516   142   922 I ActivityManager: Process com.google.android.apps.docs (pid 1793) has died.
06-14 01:08:31.848  1409  1411 D dalvikvm: GC_CONCURRENT freed 505K, 6% free 10273K/10887K, paused 1ms+2ms
06-14 01:08:31.868   142   142 I ActivityManager: Start proc com.google.android.apps.maps:LocationFriendService for service com.google.android.apps.maps/com.google.googlenav.friend.reporting.LocationReceiverService: pid=1841 uid=10057 gids={3003, 1015}
06-14 01:08:32.036  1841  1844 D dalvikvm: GC_CONCURRENT freed 156K, 3% free 9380K/9607K, paused 2ms+2ms
06-14 01:08:32.411  1841  1844 D dalvikvm: GC_CONCURRENT freed 159K, 3% free 9677K/9927K, paused 4ms+4ms
06-14 01:08:32.598   142   153 D dalvikvm: GC_EXPLICIT freed 417K, 23% free 19084K/24647K, paused 3ms+7ms
06-14 01:08:32.766  1841  1844 D dalvikvm: GC_CONCURRENT freed 313K, 4% free 9926K/10311K, paused 2ms+3ms
06-14 01:08:32.872   142   366 I ActivityManager: Process com.google.android.apps.maps:LocationFriendService (pid 1841) has died.
06-14 01:08:37.962   357   357 D dalvikvm: GC_EXPLICIT freed <1K, 6% free 9100K/9607K, paused 23ms+3ms
06-14 01:08:42.969   959   959 D dalvikvm: GC_EXPLICIT freed 89K, 21% free 11679K/14663K, paused 16ms+3ms
06-14 01:08:47.977 27790 27790 D dalvikvm: GC_EXPLICIT freed 51K, 36% free 11631K/17991K, paused 4ms+3ms
06-14 01:08:49.122   142   166 I ActivityManager: Start proc com.google.android.apps.docs for service com.google.android.apps.docs/.sync.syncadapter.DocsSyncAdapterService: pid=1865 uid=10069 gids={3003, 1015, 1006}
06-14 01:08:49.173  1865  1865 I ActivityThread: Pub com.google.android.apps.docs.files: com.google.android.apps.docs.sync.filemanager.FileProvider
06-14 01:08:49.176  1865  1865 I ActivityThread: Pub com.google.android.apps.docs.doclist.search_suggest: com.google.android.apps.docs.doclist.DocListGlobalSearchSuggestionProvider
06-14 01:08:49.196  1865  1865 V /ContextScope.java:112: 01:08:49.193 main Contexts in the main scope map after inserting com.google.android.apps.docs.editors.EditorsApplication@41344fd8: com.google.android.apps.docs.editors.EditorsApplication@41344fd8
06-14 01:08:49.251  1865  1868 D dalvikvm: GC_CONCURRENT freed 229K, 4% free 9307K/9607K, paused 2ms+2ms
06-14 01:08:49.364  1865  1868 D dalvikvm: GC_CONCURRENT freed 468K, 6% free 9357K/9927K, paused 2ms+2ms
06-14 01:08:49.465  1865  1868 D dalvikvm: GC_CONCURRENT freed 483K, 6% free 9434K/9991K, paused 1ms+2ms
06-14 01:08:49.548  1865  1868 D dalvikvm: GC_CONCURRENT freed 560K, 7% free 9419K/10055K, paused 2ms+2ms
06-14 01:08:49.641  1865  1868 D dalvikvm: GC_CONCURRENT freed 466K, 6% free 9465K/10055K, paused 2ms+2ms
06-14 01:08:49.731  1865  1868 D dalvikvm: GC_CONCURRENT freed 479K, 6% free 9494K/10055K, paused 2ms+2ms
06-14 01:08:49.833  1865  1868 D dalvikvm: GC_CONCURRENT freed 517K, 6% free 9526K/10119K, paused 2ms+3ms
06-14 01:08:49.942  1865  1868 D dalvikvm: GC_CONCURRENT freed 441K, 6% free 9594K/10119K, paused 1ms+2ms
06-14 01:08:50.059  1865  1868 D dalvikvm: GC_CONCURRENT freed 413K, 5% free 9698K/10183K, paused 2ms+2ms
06-14 01:08:50.192  1865  1868 D dalvikvm: GC_CONCURRENT freed 491K, 6% free 9728K/10311K, paused 1ms+3ms
06-14 01:08:50.317  1865  1868 D dalvikvm: GC_CONCURRENT freed 446K, 5% free 9819K/10311K, paused 2ms+2ms
06-14 01:08:50.442  1865  1868 D dalvikvm: GC_CONCURRENT freed 592K, 7% free 9770K/10439K, paused 2ms+3ms
06-14 01:08:50.473  1865  1865 D /Ln.java:220: 01:08:50.474 main Configuring Logging, minimum log level is INFO
06-14 01:08:50.485  1865  1865 D DocListDatabase: openHelper points on new database: DocList.db
06-14 01:08:50.485  1865  1865 D DocListDatabase: in openWriteDatabase
06-14 01:08:50.505  1865  1865 W ND      : Could not load Finalizer in its own class loader. Loading Finalizer in the current class loader instead. As a result, you will not be able to garbage collect this class loader. To support reclaiming this class loader, either resolve the underlying issue, or move Google Collections to your system class path.
06-14 01:08:50.505  1865  1865 W ND      : java.io.FileNotFoundException: com/google/inject/internal/Finalizer.class
06-14 01:08:50.505  1865  1865 W ND      : 	at NE.a(FinalizableReferenceQueue.java:269)
06-14 01:08:50.505  1865  1865 W ND      : 	at NE.a(FinalizableReferenceQueue.java:253)
06-14 01:08:50.505  1865  1865 W ND      : 	at ND.a(FinalizableReferenceQueue.java:175)
06-14 01:08:50.505  1865  1865 W ND      : 	at ND.<clinit>(FinalizableReferenceQueue.java:100)
06-14 01:08:50.505  1865  1865 W ND      : 	at OT.<clinit>(MapMaker.java:787)
06-14 01:08:50.505  1865  1865 W ND      : 	at Ph.<init>(MapMaker.java:946)
06-14 01:08:50.505  1865  1865 W ND      : 	at Pb.a(MapMaker.java:312)
06-14 01:08:50.505  1865  1865 W ND      : 	at OX.a(MapMaker.java:498)
06-14 01:08:50.505  1865  1865 W ND      : 	at OX.a(MapMaker.java:419)
06-14 01:08:50.505  1865  1865 W ND      : 	at Nb.get(CustomConcurrentHashMap.java:2029)
06-14 01:08:50.505  1865  1865 W ND      : 	at MM.a(BytecodeGen.java:149)
06-14 01:08:50.505  1865  1865 W ND      : 	at MM.a(BytecodeGen.java:132)
06-14 01:08:50.505  1865  1865 W ND      : 	at MX.a(ConstructionContext.java:80)
06-14 01:08:50.505  1865  1865 W ND      : 	at KG.a(ConstructorInjector.java:70)
06-14 01:08:50.505  1865  1865 W ND      : 	at KF.a(ConstructorBindingImpl.java:111)
06-14 01:08:50.505  1865  1865 W ND      : 	at LU.a(ProviderToInternalFactoryAdapter.java:45)
06-14 01:08:50.505  1865  1865 W ND      : 	at Li.a(InjectorImpl.java:811)
06-14 01:08:50.505  1865  1865 W ND      : 	at LT.a(ProviderToInternalFactoryAdapter.java:42)
06-14 01:08:50.505  1865  1865 W ND      : 	at Mc.a(Scopes.java:54)
06-14 01:08:50.505  1865  1865 W ND      : 	at Lz.a(InternalFactoryToProviderAdapter.java:48)
06-14 01:08:50.505  1865  1865 W ND      : 	at KR.a(FactoryProxy.java:56)
06-14 01:08:50.505  1865  1865 W ND      : 	at Mi.a(SingleParameterInjector.java:42)
06-14 01:08:50.505  1865  1865 W ND      : 	at Mi.a(SingleParameterInjector.java:66)
06-14 01:08:50.505  1865  1865 W ND      : 	at KG.a(ConstructorInjector.java:84)
06-14 01:08:50.505  1865  1865 W ND      : 	at KF.a(ConstructorBindingImpl.java:111)
06-14 01:08:50.505  1865  1865 W ND      : 	at KR.a(FactoryProxy.java:56)
06-14 01:08:50.505  1865  1865 W ND      : 	at Mi.a(SingleParameterInjector.java:42)
06-14 01:08:50.505  1865  1865 W ND      : 	at Mi.a(SingleParameterInjector.java:66)
06-14 01:08:50.505  1865  1865 W ND      : 	at KG.a(ConstructorInjector.java:84)
06-14 01:08:50.505  1865  1865 W ND      : 	at KF.a(ConstructorBindingImpl.java:111)
06-14 01:08:50.505  1865  1865 W ND      : 	at LU.a(ProviderToInternalFactoryAdapter.java:45)
06-14 01:08:50.505  1865  1865 W ND      : 	at Li.a(InjectorImpl.java:811)
06-14 01:08:50.505  1865  1865 W ND      : 	at LT.a(ProviderToInternalFactoryAdapter.java:42)
06-14 01:08:50.505  1865  1865 W ND      : 	at Mc.a(Scopes.java:54)
06-14 01:08:50.505  1865  1865 W ND      : 	at Lz.a(InternalFactoryToProviderAdapter.java:48)
06-14 01:08:50.505  1865  1865 W ND      : 	at Lg.a(InjectorBuilder.java:200)
06-14 01:08:50.505  1865  1865 W ND      : 	at Lg.a(InjectorBuilder.java:194)
06-14 01:08:50.505  1865  1865 W ND      : 	at Li.a(InjectorImpl.java:804)
06-14 01:08:50.505  1865  1865 W ND      : 	at Lf.a(InjectorBuilder.java:194)
06-14 01:08:50.505  1865  1865 W ND      : 	at Lf.b(InjectorBuilder.java:176)
06-14 01:08:50.505  1865  1865 W ND      : 	at Lf.a(InjectorBuilder.java:113)
06-14 01:08:50.505  1865  1865 W ND      : 	at KS.a(Guice.java:92)
06-14 01:08:50.505  1865  1865 W ND      : 	at roboguice.application.RoboApplication.b(RoboApplication.java:146)
06-14 01:08:50.505  1865  1865 W ND      : 	at roboguice.application.RoboApplication.a(RoboApplication.java:84)
06-14 01:08:50.505  1865  1865 W ND      : 	at com.google.android.apps.docs.GuiceContentProvider.a(GuiceContentProvider.java:36)
06-14 01:08:50.505  1865  1865 W ND      : 	at com.google.android.apps.docs.GuiceContentProvider.onCreate(GuiceContentProvider.java:27)
06-14 01:08:50.505  1865  1865 W ND      : 	at com.google.android.apps.docs.doclist.BaseSearchSuggestionProvider.onCreate(BaseSearchSuggestionProvider.java:88)
06-14 01:08:50.505  1865  1865 W ND      : 	at android.content.ContentProvider.attachInfo(ContentProvider.java:944)
06-14 01:08:50.505  1865  1865 W ND      : 	at android.app.ActivityThread.installProvider(ActivityThread.java:4237)
06-14 01:08:50.505  1865  1865 W ND      : 	at android.app.ActivityThread.installContentProviders(ActivityThread.java:3992)
06-14 01:08:50.505  1865  1865 W ND      : 	at android.app.ActivityThread.handleBindApplication(ActivityThread.java:3946)
06-14 01:08:50.505  1865  1865 W ND      : 	at android.app.ActivityThread.access$1300(ActivityThread.java:123)
06-14 01:08:50.505  1865  1865 W ND      : 	at android.app.ActivityThread$H.handleMessage(ActivityThread.java:1185)
06-14 01:08:50.505  1865  1865 W ND      : 	at android.os.Handler.dispatchMessage(Handler.java:99)
06-14 01:08:50.505  1865  1865 W ND      : 	at android.os.Looper.loop(Looper.java:137)
06-14 01:08:50.505  1865  1865 W ND      : 	at android.app.ActivityThread.main(ActivityThread.java:4424)
06-14 01:08:50.505  1865  1865 W ND      : 	at java.lang.reflect.Method.invokeNative(Native Method)
06-14 01:08:50.505  1865  1865 W ND      : 	at java.lang.reflect.Method.invoke(Method.java:511)
06-14 01:08:50.505  1865  1865 W ND      : 	at com.android.internal.os.ZygoteInit$MethodAndArgsCaller.run(ZygoteInit.java:784)
06-14 01:08:50.505  1865  1865 W ND      : 	at com.android.internal.os.ZygoteInit.main(ZygoteInit.java:551)
06-14 01:08:50.505  1865  1865 W ND      : 	at dalvik.system.NativeStart.main(Native Method)
06-14 01:08:50.532  1865  1865 I ND      : Failed to start reference finalizer thread. Reference cleanup will only occur when new references are created.
06-14 01:08:50.532  1865  1865 I ND      : java.lang.reflect.InvocationTargetException
06-14 01:08:50.532  1865  1865 I ND      : 	at java.lang.reflect.Method.invokeNative(Native Method)
06-14 01:08:50.532  1865  1865 I ND      : 	at java.lang.reflect.Method.invoke(Method.java:511)
06-14 01:08:50.532  1865  1865 I ND      : 	at ND.<init>(FinalizableReferenceQueue.java:124)
06-14 01:08:50.532  1865  1865 I ND      : 	at OT.<clinit>(MapMaker.java:787)
06-14 01:08:50.532  1865  1865 I ND      : 	at Ph.<init>(MapMaker.java:946)
06-14 01:08:50.532  1865  1865 I ND      : 	at Pb.a(MapMaker.java:312)
06-14 01:08:50.532  1865  1865 I ND      : 	at OX.a(MapMaker.java:498)
06-14 01:08:50.532  1865  1865 I ND      : 	at OX.a(MapMaker.java:419)
06-14 01:08:50.532  1865  1865 I ND      : 	at Nb.get(CustomConcurrentHashMap.java:2029)
06-14 01:08:50.532  1865  1865 I ND      : 	at MM.a(BytecodeGen.java:149)
06-14 01:08:50.532  1865  1865 I ND      : 	at MM.a(BytecodeGen.java:132)
06-14 01:08:50.532  1865  1865 I ND      : 	at MX.a(ConstructionContext.java:80)
06-14 01:08:50.532  1865  1865 I ND      : 	at KG.a(ConstructorInjector.java:70)
06-14 01:08:50.532  1865  1865 I ND      : 	at KF.a(ConstructorBindingImpl.java:111)
06-14 01:08:50.532  1865  1865 I ND      : 	at LU.a(ProviderToInternalFactoryAdapter.java:45)
06-14 01:08:50.532  1865  1865 I ND      : 	at Li.a(InjectorImpl.java:811)
06-14 01:08:50.532  1865  1865 I ND      : 	at LT.a(ProviderToInternalFactoryAdapter.java:42)
06-14 01:08:50.532  1865  1865 I ND      : 	at Mc.a(Scopes.java:54)
06-14 01:08:50.532  1865  1865 I ND      : 	at Lz.a(InternalFactoryToProviderAdapter.java:48)
06-14 01:08:50.532  1865  1865 I ND      : 	at KR.a(FactoryProxy.java:56)
06-14 01:08:50.532  1865  1865 I ND      : 	at Mi.a(SingleParameterInjector.java:42)
06-14 01:08:50.532  1865  1865 I ND      : 	at Mi.a(SingleParameterInjector.java:66)
06-14 01:08:50.532  1865  1865 I ND      : 	at KG.a(ConstructorInjector.java:84)
06-14 01:08:50.532  1865  1865 I ND      : 	at KF.a(ConstructorBindingImpl.java:111)
06-14 01:08:50.532  1865  1865 I ND      : 	at KR.a(FactoryProxy.java:56)
06-14 01:08:50.532  1865  1865 I ND      : 	at Mi.a(SingleParameterInjector.java:42)
06-14 01:08:50.532  1865  1865 I ND      : 	at Mi.a(SingleParameterInjector.java:66)
06-14 01:08:50.532  1865  1865 I ND      : 	at KG.a(ConstructorInjector.java:84)
06-14 01:08:50.532  1865  1865 I ND      : 	at KF.a(ConstructorBindingImpl.java:111)
06-14 01:08:50.532  1865  1865 I ND      : 	at LU.a(ProviderToInternalFactoryAdapter.java:45)
06-14 01:08:50.532  1865  1865 I ND      : 	at Li.a(InjectorImpl.java:811)
06-14 01:08:50.532  1865  1865 I ND      : 	at LT.a(ProviderToInternalFactoryAdapter.java:42)
06-14 01:08:50.532  1865  1865 I ND      : 	at Mc.a(Scopes.java:54)
06-14 01:08:50.532  1865  1865 I ND      : 	at Lz.a(InternalFactoryToProviderAdapter.java:48)
06-14 01:08:50.532  1865  1865 I ND      : 	at Lg.a(InjectorBuilder.java:200)
06-14 01:08:50.532  1865  1865 I ND      : 	at Lg.a(InjectorBuilder.java:194)
06-14 01:08:50.532  1865  1865 I ND      : 	at Li.a(InjectorImpl.java:804)
06-14 01:08:50.532  1865  1865 I ND      : 	at Lf.a(InjectorBuilder.java:194)
06-14 01:08:50.532  1865  1865 I ND      : 	at Lf.b(InjectorBuilder.java:176)
06-14 01:08:50.532  1865  1865 I ND      : 	at Lf.a(InjectorBuilder.java:113)
06-14 01:08:50.532  1865  1865 I ND      : 	at KS.a(Guice.java:92)
06-14 01:08:50.532  1865  1865 I ND      : 	at roboguice.application.RoboApplication.b(RoboApplication.java:146)
06-14 01:08:50.532  1865  1865 I ND      : 	at roboguice.application.RoboApplication.a(RoboApplication.java:84)
06-14 01:08:50.532  1865  1865 I ND      : 	at com.google.android.apps.docs.GuiceContentProvider.a(GuiceContentProvider.java:36)
06-14 01:08:50.532  1865  1865 I ND      : 	at com.google.android.apps.docs.GuiceContentProvider.onCreate(GuiceContentProvider.java:27)
06-14 01:08:50.532  1865  1865 I ND      : 	at com.google.android.apps.docs.doclist.BaseSearchSuggestionProvider.onCreate(BaseSearchSuggestionProvider.java:88)
06-14 01:08:50.532  1865  1865 I ND      : 	at android.content.ContentProvider.attachInfo(ContentProvider.java:944)
06-14 01:08:50.532  1865  1865 I ND      : 	at android.app.ActivityThread.installProvider(ActivityThread.java:4237)
06-14 01:08:50.532  1865  1865 I ND      : 	at android.app.ActivityThread.installContentProviders(ActivityThread.java:3992)
06-14 01:08:50.532  1865  1865 I ND      : 	at android.app.ActivityThread.handleBindApplication(ActivityThread.java:3946)
06-14 01:08:50.532  1865  1865 I ND      : 	at android.app.ActivityThread.access$1300(ActivityThread.java:123)
06-14 01:08:50.532  1865  1865 I ND      : 	at android.app.ActivityThread$H.handleMessage(ActivityThread.java:1185)
06-14 01:08:50.532  1865  1865 I ND      : 	at android.os.Handler.dispatchMessage(Handler.java:99)
06-14 01:08:50.532  1865  1865 I ND      : 	at android.os.Looper.loop(Looper.java:137)
06-14 01:08:50.532  1865  1865 I ND      : 	at android.app.ActivityThread.main(ActivityThread.java:4424)
06-14 01:08:50.532  1865  1865 I ND      : 	at java.lang.reflect.Method.invokeNative(Native Method)
06-14 01:08:50.532  1865  1865 I ND      : 	at java.lang.reflect.Method.invoke(Method.java:511)
06-14 01:08:50.532  1865  1865 I ND      : 	at com.android.internal.os.ZygoteInit$MethodAndArgsCaller.run(ZygoteInit.java:784)
06-14 01:08:50.532  1865  1865 I ND      : 	at com.android.internal.os.ZygoteInit.main(ZygoteInit.java:551)
06-14 01:08:50.532  1865  1865 I ND      : 	at dalvik.system.NativeStart.main(Native Method)
06-14 01:08:50.532  1865  1865 I ND      : Caused by: java.lang.IllegalArgumentException: Expected com.google.inject.internal.FinalizableReference.
06-14 01:08:50.532  1865  1865 I ND      : 	at NK.startFinalizer(Finalizer.java:77)
06-14 01:08:50.532  1865  1865 I ND      : 	... 60 more
06-14 01:08:50.551  1865  1868 D dalvikvm: GC_CONCURRENT freed 439K, 6% free 9842K/10439K, paused 2ms+3ms
06-14 01:08:50.583  1865  1865 I ActivityThread: Pub com.google.android.apps.docs.doclist.account_suggest: com.google.android.apps.docs.doclist.DocListAccountSuggestionProvider
06-14 01:08:50.590  1865  1865 I ActivityThread: Pub com.google.android.apps.docs: com.google.android.apps.docs.providers.DocListProvider
06-14 01:08:50.684  1865  1868 D dalvikvm: GC_CONCURRENT freed 483K, 6% free 9845K/10439K, paused 2ms+3ms
06-14 01:08:54.208   142   158 D dalvikvm: GC_EXPLICIT freed 236K, 23% free 19075K/24647K, paused 3ms+10ms
06-14 01:08:59.196   213   213 D dalvikvm: GC_EXPLICIT freed 4K, 59% free 9684K/23239K, paused 24ms+3ms
06-14 01:09:00.481   142   172 I ActivityManager: Start proc com.twitter.android for service com.twitter.android/.client.AppService: pid=1882 uid=10068 gids={3003, 1015}
06-14 01:09:00.485  1882  1882 I dalvikvm: Turning on JNI app bug workarounds for target SDK version 11...
06-14 01:09:00.501   142   294 I ActivityManager: Process com.google.android.apps.docs (pid 1865) has died.
06-14 01:09:00.602  1882  1882 I ActivityThread: Pub com.twitter.android.provider.GlobalDatabaseProvider: com.twitter.android.provider.GlobalDatabaseProvider
06-14 01:09:00.610  1882  1882 I ActivityThread: Pub com.twitter.android.provider.TwitterProvider: com.twitter.android.provider.TwitterProvider
06-14 01:09:00.684  1882  1885 D dalvikvm: GC_CONCURRENT freed 207K, 3% free 9265K/9543K, paused 2ms+2ms
06-14 01:09:00.915  1882  1885 D dalvikvm: GC_CONCURRENT freed 172K, 4% free 9497K/9799K, paused 2ms+2ms
06-14 01:09:01.071  1882  1885 D dalvikvm: GC_CONCURRENT freed 307K, 5% free 9632K/10055K, paused 1ms+2ms
06-14 01:09:01.212  1882  1885 D dalvikvm: GC_CONCURRENT freed 311K, 5% free 9762K/10183K, paused 1ms+2ms
06-14 01:09:01.337  1882  1885 D dalvikvm: GC_CONCURRENT freed 308K, 5% free 9893K/10311K, paused 3ms+1ms
06-14 01:09:01.465  1882  1885 D dalvikvm: GC_CONCURRENT freed 306K, 4% free 10026K/10439K, paused 2ms+2ms
06-14 01:09:01.587  1882  1885 D dalvikvm: GC_CONCURRENT freed 307K, 4% free 10161K/10567K, paused 1ms+2ms
06-14 01:09:01.704  1882  1885 D dalvikvm: GC_CONCURRENT freed 287K, 4% free 10282K/10695K, paused 1ms+2ms
06-14 01:09:01.860  1882  1885 D dalvikvm: GC_CONCURRENT freed 494K, 6% free 10227K/10823K, paused 2ms+3ms
06-14 01:09:01.981  1882  1885 D dalvikvm: GC_CONCURRENT freed 332K, 5% free 10302K/10823K, paused 1ms+2ms
06-14 01:09:02.126  1882  1885 D dalvikvm: GC_CONCURRENT freed 318K, 4% free 10391K/10823K, paused 8ms+2ms
06-14 01:09:02.266  1882  1885 D dalvikvm: GC_CONCURRENT freed 352K, 5% free 10478K/10951K, paused 2ms+2ms
06-14 01:09:02.399  1882  1885 D dalvikvm: GC_CONCURRENT freed 351K, 5% free 10558K/11015K, paused 2ms+2ms
06-14 01:09:02.520  1882  1885 D dalvikvm: GC_CONCURRENT freed 322K, 4% free 10645K/11079K, paused 2ms+2ms
06-14 01:09:02.645  1882  1885 D dalvikvm: GC_CONCURRENT freed 364K, 5% free 10732K/11207K, paused 2ms+2ms
06-14 01:09:02.782  1882  1885 D dalvikvm: GC_CONCURRENT freed 410K, 5% free 10821K/11335K, paused 2ms+2ms
06-14 01:09:04.512  1882  1885 D dalvikvm: GC_CONCURRENT freed 336K, 4% free 11006K/11463K, paused 2ms+2ms
06-14 01:09:06.044   142   197 D DhcpInfoInternal: makeLinkProperties with empty dns2!
06-14 01:09:06.044   142   197 D DhcpInfoInternal: makeLinkProperties with empty dns2!
06-14 01:09:10.469   342   342 D dalvikvm: GC_EXPLICIT freed 2K, 16% free 12074K/14343K, paused 2ms+3ms
06-14 01:09:15.489   428   428 D dalvikvm: GC_EXPLICIT freed <1K, 4% free 9037K/9347K, paused 4ms+2ms
06-14 01:09:24.243   324   324 D dalvikvm: GC_EXPLICIT freed <1K, 20% free 10618K/13191K, paused 2ms+3ms
06-14 01:09:29.258 16941 16941 E GeckoApp: low memory
06-14 01:09:29.360 16941 16941 D dalvikvm: GC_EXPLICIT freed 7K, 22% free 10500K/13319K, paused 2ms+4ms
06-14 01:09:31.880   142   370 I ActivityManager: Start proc com.google.android.apps.maps:LocationFriendService for service com.google.android.apps.maps/com.google.googlenav.friend.reporting.LocationReceiverService: pid=1918 uid=10057 gids={3003, 1015}
06-14 01:09:31.934   142   422 I ActivityManager: Process com.twitter.android (pid 1882) has died.
06-14 01:09:32.044  1918  1920 D dalvikvm: GC_CONCURRENT freed 163K, 3% free 9373K/9607K, paused 2ms+3ms
06-14 01:09:32.235  1918  1920 D dalvikvm: GC_CONCURRENT freed 164K, 3% free 9710K/9927K, paused 6ms+3ms
06-14 01:09:32.458  1918  1920 D dalvikvm: GC_CONCURRENT freed 313K, 4% free 9925K/10311K, paused 2ms+2ms
06-14 01:09:37.005 31905 31905 D dalvikvm: GC_EXPLICIT freed <1K, 4% free 9055K/9347K, paused 6ms+2ms
06-14 01:09:44.637 32457 32457 D dalvikvm: GC_EXPLICIT freed <1K, 6% free 9716K/10247K, paused 2ms+3ms
06-14 01:09:49.700   672   672 D dalvikvm: GC_EXPLICIT freed 96K, 5% free 9130K/9607K, paused 29ms+2ms
06-14 01:09:54.696  1409  1409 D dalvikvm: GC_EXPLICIT freed 290K, 6% free 10266K/10887K, paused 24ms+2ms
06-14 01:09:59.762  1482  1482 D dalvikvm: GC_EXPLICIT freed 28K, 7% free 9849K/10503K, paused 6ms+2ms
06-14 01:10:05.204 30026 30026 D dalvikvm: GC_EXPLICIT freed 218K, 6% free 10001K/10631K, paused 25ms+3ms
06-14 01:10:10.208  1766  1766 D dalvikvm: GC_EXPLICIT freed 109K, 7% free 11338K/12167K, paused 21ms+3ms
06-14 01:10:27.813   672   685 I PhoneLab-: Service Running
06-14 01:10:27.899   142 12773 I ActivityManager: Process com.google.android.apps.maps:LocationFriendService (pid 1918) has died.
06-14 01:10:27.962   672   685 I PhoneLab-LoggerService: app_38    27718 1     1112   664   c00f181c 400107b4 S logcat
06-14 01:10:27.962   672   685 I PhoneLab-LoggerService: Logcat pid from database 27718
06-14 01:10:27.962   672   685 I PhoneLab-LoggerService: Logcat process found 27718
06-14 01:10:27.962   672   685 I PhoneLab-LoggerService: Checking Threshold
06-14 01:10:28.587   672   672 I PhoneLab-Locks: wake lock acquired
06-14 01:10:28.633   672   672 I PhoneLab-StatusMonitor: Status Monitoring is started
06-14 01:10:28.798   672   674 D dalvikvm: GC_CONCURRENT freed 373K, 5% free 9213K/9671K, paused 3ms+4ms
06-14 01:10:28.856   672   672 I PhoneLab-StatusMonitor: Value: 10 - unit: min
06-14 01:10:28.856   672   672 I PhoneLab-StatusMonitor: Running interval: 600000
06-14 01:10:28.872   672   672 I PhoneLab-StatusMonitor: Rescheduling status monitoring...
06-14 01:10:28.876   672   672 I PhoneLab-Locks: wake lock released
06-14 01:10:28.883   672   672 I PhoneLab-StatusMonitorLocation: Learning Location
06-14 01:10:28.883   672   672 I PhoneLab-Locks: wake lock acquired
06-14 01:10:28.923   672   672 I PhoneLab-Locks: wake lock acquired
06-14 01:10:28.926 30026 30098 D androidNetworkLocationListeners: Still have listener com.google.android.location.internal.client.NetworkLocationClient$1@413a94e8
06-14 01:10:28.934   672   672 I PhoneLab-StatusMonitorLocation: Learning Signal Strgth
06-14 01:10:28.934   672   672 I PhoneLab-Locks: wake lock acquired
06-14 01:10:28.965   672   672 I PhoneLab-StatusMonitorBattery: Battery_level: 96
06-14 01:10:28.965   672   672 I PhoneLab-Locks: wake lock released
06-14 01:10:28.969   672   672 I PhoneLab-StatusMonitorSignal: Signal_Strength: -96 asu: 9
06-14 01:10:28.969   672   672 I PhoneLab-Locks: wake lock released
06-14 01:10:28.977 30026 30098 D androidNetworkLocationListeners: Still have listener com.google.android.location.internal.client.NetworkLocationClient$1@413a94e8
06-14 01:10:30.282   672   672 I PhoneLab-StatusMonitorLocation: Location_Latitude: 42.9621063 Longitude: -78.8170112 Accuracy: 62.0
06-14 01:10:30.282   672   672 I PhoneLab-Locks: wake lock released
06-14 01:10:30.282 30026 30098 D androidNetworkLocationListeners: Still have listener com.google.android.location.internal.client.NetworkLocationClient$1@413a94e8
06-14 01:10:30.309   142   330 I ActivityManager: Start proc com.google.android.apps.maps:LocationFriendService for service com.google.android.apps.maps/com.google.googlenav.friend.reporting.LocationReceiverService: pid=1947 uid=10057 gids={3003, 1015}
06-14 01:10:30.426  1947  1950 D dalvikvm: GC_CONCURRENT freed 164K, 3% free 9372K/9607K, paused 2ms+2ms
06-14 01:10:30.606  1947  1950 D dalvikvm: GC_CONCURRENT freed 153K, 3% free 9644K/9927K, paused 1ms+2ms
06-14 01:10:30.840  1947  1950 D dalvikvm: GC_CONCURRENT freed 220K, 4% free 9832K/10183K, paused 6ms+6ms
06-14 01:10:30.860 30026 30067 D dalvikvm: GC_EXPLICIT freed 304K, 7% free 9962K/10631K, paused 2ms+3ms
06-14 01:10:31.048  1947  1950 D dalvikvm: GC_CONCURRENT freed 373K, 5% free 9938K/10439K, paused 2ms+2ms
06-14 01:10:36.583   357   357 D dalvikvm: GC_EXPLICIT freed <1K, 6% free 9100K/9607K, paused 34ms+2ms
06-14 01:10:41.610   959   959 D dalvikvm: GC_EXPLICIT freed 182K, 21% free 11693K/14663K, paused 28ms+3ms
06-14 01:10:46.610 27790 27790 D dalvikvm: GC_EXPLICIT freed 41K, 36% free 11631K/17991K, paused 44ms+3ms
06-14 01:10:51.696   142   158 D dalvikvm: GC_EXPLICIT freed 897K, 23% free 19121K/24647K, paused 33ms+9ms
06-14 01:10:56.637   213   213 D dalvikvm: GC_EXPLICIT freed 15K, 59% free 9685K/23239K, paused 29ms+3ms
06-14 01:11:05.145   342   342 D dalvikvm: GC_EXPLICIT freed 15K, 16% free 12074K/14343K, paused 4ms+3ms
06-14 01:11:10.141   428   428 D dalvikvm: GC_EXPLICIT freed <1K, 4% free 9037K/9347K, paused 23ms+2ms
06-14 01:11:15.161   324   324 D dalvikvm: GC_EXPLICIT freed <1K, 20% free 10618K/13191K, paused 25ms+4ms
06-14 01:11:20.083 16941 16941 E GeckoApp: low memory
06-14 01:11:20.188 16941 16941 D dalvikvm: GC_EXPLICIT freed 3K, 22% free 10500K/13319K, paused 39ms+4ms
06-14 01:11:20.231   342   342 D SAN_SERVICE: *******************************************
06-14 01:11:20.231   342   342 D SAN_SERVICE: DM App Phone Service State - 0
06-14 01:11:20.231   342   342 D SAN_SERVICE: *******************************************
06-14 01:11:20.704   342   342 D SAN_SERVICE: *******************************************
06-14 01:11:20.704   342   342 D SAN_SERVICE: DM App Phone Service State - 0
06-14 01:11:20.704   342   342 D SAN_SERVICE: *******************************************
06-14 01:11:21.715   142   422 I ActivityManager: Process com.google.android.apps.maps:LocationFriendService (pid 1947) has died.
06-14 01:11:26.813 31905 31905 D dalvikvm: GC_EXPLICIT freed <1K, 4% free 9055K/9347K, paused 15ms+2ms
06-14 01:11:31.911  1409  1411 D dalvikvm: GC_CONCURRENT freed 492K, 6% free 10286K/10887K, paused 1ms+2ms
06-14 01:11:31.930   142   421 I ActivityManager: Start proc com.google.android.apps.maps:LocationFriendService for service com.google.android.apps.maps/com.google.googlenav.friend.reporting.LocationReceiverService: pid=1974 uid=10057 gids={3003, 1015}
06-14 01:11:32.055  1974  1977 D dalvikvm: GC_CONCURRENT freed 168K, 3% free 9368K/9607K, paused 2ms+4ms
06-14 01:11:32.255  1974  1977 D dalvikvm: GC_CONCURRENT freed 203K, 3% free 9707K/9991K, paused 2ms+3ms
06-14 01:11:32.454  1974  1977 D dalvikvm: GC_CONCURRENT freed 272K, 4% free 9942K/10311K, paused 1ms+3ms
06-14 01:11:32.903   142   919 I ActivityManager: Process com.google.android.apps.maps:LocationFriendService (pid 1974) has died.
06-14 01:11:37.977   357   357 D dalvikvm: GC_EXPLICIT freed <1K, 6% free 9100K/9607K, paused 1ms+2ms
06-14 01:11:40.657   142   916 D AlarmManagerService: Kernel timezone updated to 240 minutes west of GMT
06-14 01:11:40.657   342   342 D SystemClock: Setting time of day to sec=1339650701
06-14 01:11:41.092   142   159 I ActivityManager: Start proc com.android.calendar for broadcast com.android.calendar/.widget.CalendarAppWidgetService$CalendarFactory: pid=1998 uid=10005 gids={3003}
06-14 01:11:41.178  1998  1998 I ActivityThread: Pub com.android.calendar.CalendarRecentSuggestionsProvider: com.android.calendar.CalendarRecentSuggestionsProvider
06-14 01:11:41.342   142   294 I ActivityManager: Start proc com.android.deskclock for broadcast com.android.deskclock/.AlarmInitReceiver: pid=2015 uid=10011 gids={}
06-14 01:11:41.396   142   918 I ActivityManager: Start proc com.android.providers.calendar for content provider com.android.providers.calendar/.CalendarProvider2: pid=2026 uid=10006 gids={3003, 1015}
06-14 01:11:41.467   142   602 I ActivityManager: Process com.android.calendar (pid 1998) has died.
06-14 01:11:41.529  2026  2026 I ActivityThread: Pub com.android.calendar: com.android.providers.calendar.CalendarProvider2
06-14 01:11:41.561  2015  2015 I ActivityThread: Pub com.android.deskclock: com.android.deskclock.AlarmProvider
06-14 01:11:41.623  2015  2042 V AlarmClock: AlarmInitReceiver finished
06-14 01:11:41.646   142   154 I ActivityManager: Process com.android.providers.calendar (pid 2026) has died.
06-14 01:11:41.658   142   154 I ActivityManager: Start proc com.android.providers.calendar for restart com.android.providers.calendar: pid=2045 uid=10006 gids={3003, 1015}
06-14 01:11:41.744    80    80 D dalvikvm: GC_EXPLICIT freed 37K, 4% free 9031K/9347K, paused 6ms+23ms
06-14 01:11:41.771  2045  2045 I ActivityThread: Pub com.android.calendar: com.android.providers.calendar.CalendarProvider2
06-14 01:11:41.795    80    80 D dalvikvm: GC_EXPLICIT freed <1K, 4% free 9031K/9347K, paused 1ms+6ms
06-14 01:11:41.838    80    80 D dalvikvm: GC_EXPLICIT freed <1K, 4% free 9031K/9347K, paused 1ms+7ms
06-14 01:11:41.846   142   368 I ActivityManager: Process com.android.providers.calendar (pid 2045) has died.
06-14 01:11:41.861   142   368 I ActivityManager: Start proc com.android.providers.calendar for restart com.android.providers.calendar: pid=2061 uid=10006 gids={3003, 1015}
06-14 01:11:41.916  2061  2061 I ActivityThread: Pub com.android.calendar: com.android.providers.calendar.CalendarProvider2
06-14 01:11:42.045   142   370 I ActivityManager: Process com.android.deskclock (pid 2015) has died.
06-14 01:11:42.967  2061  2061 I CalendarProvider2: Sending notification intent: Intent { act=android.intent.action.PROVIDER_CHANGED dat=content://com.android.calendar }
06-14 01:11:42.971  2061  2061 W ContentResolver: Failed to get type for: content://com.android.calendar (Unknown URL content://com.android.calendar)
06-14 01:11:43.029   142   159 I ActivityManager: Start proc com.android.calendar for broadcast com.android.calendar/.widget.CalendarAppWidgetService$CalendarFactory: pid=2075 uid=10005 gids={3003}
06-14 01:11:43.068  2075  2075 I ActivityThread: Pub com.android.calendar.CalendarRecentSuggestionsProvider: com.android.calendar.CalendarRecentSuggestionsProvider
06-14 01:11:43.111   142   916 I ActivityManager: Process com.android.providers.calendar (pid 2061) has died.
06-14 01:11:43.111   142   916 I ActivityManager: Kill com.android.calendar (pid 2075): provider com.android.providers.calendar.CalendarProvider2 in dying process com.android.providers.calendar
06-14 01:11:43.139   142   917 I ActivityManager: Process com.android.calendar (pid 2075) has died.
06-14 01:11:48.307   959   959 D dalvikvm: GC_EXPLICIT freed 125K, 21% free 11682K/14663K, paused 16ms+3ms
06-14 01:11:53.279 27790 27790 D dalvikvm: GC_EXPLICIT freed 92K, 36% free 11631K/17991K, paused 29ms+4ms
06-14 01:11:58.381   142   158 D dalvikvm: GC_EXPLICIT freed 1466K, 23% free 19090K/24647K, paused 57ms+8ms
06-14 01:12:00.768   142 28797 E DhcpStateMachine: DHCP failed on wlan0: Timed out waiting for DHCP Renew to finish
06-14 01:12:00.998   142   197 E WifiStateMachine: IP configuration failed
06-14 01:12:01.037  8348  8348 I wpa_supplicant: wlan0: CTRL-EVENT-DISCONNECTED bssid=00:00:00:00:00:00 reason=0
06-14 01:12:01.061 28302 28321 D CommandListener: Clearing all IP addresses on wlan0
06-14 01:12:01.076   142   199 D ConnectivityService: ConnectivityChange for WIFI: DISCONNECTED/DISCONNECTED
06-14 01:12:01.119   142   199 D ConnectivityService: Attempting to switch to mobile
06-14 01:12:01.197   142   199 D ConnectivityService: Attempting to switch to WIMAX
06-14 01:12:01.205   142   199 D ConnectivityService: Attempting to switch to BLUETOOTH_TETHER
06-14 01:12:01.213   142   199 E ConnectivityService: Exception trying to remove a route: java.lang.IllegalStateException: Unable to communicate with native dameon to add routes - com.android.server.NativeDaemonConnectorException: Cmd {interface route remove wlan0 default 192.168.0.1 32 0.0.0.0} failed with code 400 : {Failed to remove route from default table (No such process)}
06-14 01:12:01.217   142   199 D NetUtils: android_net_utils_resetConnections in env=0x658290 clazz=0xb3200001 iface=wlan0 mask=0x3
06-14 01:12:01.217   142   199 E ConnectivityService: Exception trying to remove a route: java.lang.IllegalStateException: Unable to communicate with native dameon to add routes - com.android.server.NativeDaemonConnectorException: Cmd {interface route remove wlan0 default 0.0.0.0 0 192.168.0.1} failed with code 400 : {Failed to remove route from default table (No such process)}
06-14 01:12:01.217   142   199 D ConnectivityService: resetConnections(wlan0, 3)
06-14 01:12:01.260   142   199 D ConnectivityService: ConnectivityChange for WIMAX: DISCONNECTED/SCANNING
06-14 01:12:01.260   142   199 D ConnectivityService: Attempting to switch to mobile
06-14 01:12:01.264   142   199 D ConnectivityService: Attempting to switch to WIFI
06-14 01:12:01.264   142   199 D ConnectivityService: Attempting to switch to BLUETOOTH_TETHER
06-14 01:12:01.436 30026 30091 W Smack/Packet: notify conn break (IOEx), close connection
06-14 01:12:01.557  8348  8348 I wpa_supplicant: wlan0: Trying to associate with 94:44:52:17:be:7d (SSID='raikiri' freq=2437 MHz)
06-14 01:12:01.607  8348  8348 I wpa_supplicant: wlan0: Associated with 94:44:52:17:be:7d
06-14 01:12:01.619 30026 30091 I qtaguid : Failed write_ctrl(u 57) res=-1 errno=22
06-14 01:12:01.619 30026 30091 I qtaguid : Untagging socket 57 failed errno=-22
06-14 01:12:01.619 30026 30091 W NetworkManagementSocketTagger: untagSocket(57) failed with errno -22
06-14 01:12:01.623   142   199 D ConnectivityService: handleInetConditionChange: no active default network - ignore
06-14 01:12:01.643  8348  8348 I wpa_supplicant: wlan0: WPA: Key negotiation completed with 94:44:52:17:be:7d [PTK=CCMP GTK=CCMP]
06-14 01:12:01.643  8348  8348 I wpa_supplicant: wlan0: CTRL-EVENT-CONNECTED - Connection to 94:44:52:17:be:7d completed (reauth) [id=1 id_str=]
06-14 01:12:01.803   142   602 I ActivityManager: Start proc android.process.acore for content provider com.android.providers.contacts/.ContactsProvider2: pid=2093 uid=10000 gids={3003, 1015}
06-14 01:12:01.853  2093  2093 I ActivityThread: Pub call_log: com.android.providers.contacts.CallLogProvider
06-14 01:12:01.932  2093  2093 I ActivityThread: Pub com.android.voicemail: com.android.providers.contacts.VoicemailContentProvider
06-14 01:12:01.932  2093  2093 I ActivityThread: Pub user_dictionary: com.android.providers.userdictionary.UserDictionaryProvider
06-14 01:12:01.955  2093  2093 I ActivityThread: Pub com.android.social: com.android.providers.contacts.SocialProvider
06-14 01:12:01.959  2093  2093 I ActivityThread: Pub applications: com.android.providers.applications.ApplicationsProvider
06-14 01:12:02.064  2093  2095 D dalvikvm: GC_CONCURRENT freed 333K, 5% free 9140K/9607K, paused 2ms+1ms
06-14 01:12:02.064  2093  2093 I ActivityThread: Pub contacts;com.android.contacts: com.android.providers.contacts.ContactsProvider2
06-14 01:12:02.447   142   197 D DhcpInfoInternal: makeLinkProperties with empty dns2!
06-14 01:12:02.447   142   197 D DhcpInfoInternal: makeLinkProperties with empty dns2!
06-14 01:12:02.451   142   199 D ConnectivityService: ConnectivityChange for WIFI: CONNECTED/CONNECTED
06-14 01:12:02.459   672   672 I PhoneLab-WiFiReceiver: Wi-Fi is connected!
06-14 01:12:02.490   672   672 I PhoneLab-WiFiReceiver: SSID: raikiri BSSID: 94:44:52:17:be:7d RSSI: -200 LinkSpeed: -1
06-14 01:12:02.490   672   672 I PhoneLab-Locks: wake lock acquired
06-14 01:12:02.502   672   672 I PhoneLab-UploadLogs: Transfering log files now
06-14 01:12:02.502   672   672 I PhoneLab-UploadLogs: No log files to transfer
06-14 01:12:02.502   672   672 I PhoneLab-Locks: wake lock released
06-14 01:12:02.506   672   672 I PhoneLab-UploadLogs: OnStartCommand
06-14 01:12:02.518   142   194 W NetworkStats: dropping UID delta from unknown iface: iface=wlan0 uid=0 set=DEFAULT tag=0x0 rxBytes=328 rxPackets=1 txBytes=140 txPackets=2 operations=0
06-14 01:12:02.537  2093  2095 D dalvikvm: GC_CONCURRENT freed 192K, 4% free 9344K/9671K, paused 16ms+2ms
06-14 01:12:03.174   142   921 I ActivityManager: Process android.process.acore (pid 2093) has died.
06-14 01:12:03.455   142   199 D ConnectivityService: NetTransition Wakelock for WifiStateMachine released by timeout
06-14 01:12:04.271   142   203 D Tethering: MasterInitialState.processMessage what=3
06-14 01:12:04.342   142   159 I ActivityManager: Start proc android.process.media for broadcast com.android.providers.downloads/.DownloadReceiver: pid=2137 uid=10012 gids={1015, 1023, 1024, 2001, 3003, 3007}
06-14 01:12:04.416 30026 30026 I GTalkService/c: [AndroidEndpoint@1094236696] connect: acct=1000000, state=CONNECTING
06-14 01:12:04.420 30026 30026 I GTalkService/c: [GTalkConnection@1094125248] connect: acct=1, state=CONNECTING
06-14 01:12:04.584   142 12773 D dalvikvm: GC_EXPLICIT freed 1229K, 23% free 19125K/24647K, paused 18ms+8ms
06-14 01:12:04.596   142   203 D Tethering: MasterInitialState.processMessage what=3
06-14 01:12:04.643  2137  2137 I ActivityThread: Pub downloads: com.android.providers.downloads.DownloadProvider
06-14 01:12:04.666  2137  2137 I ActivityThread: Pub drm: com.android.providers.drm.DrmProvider
06-14 01:12:04.666  2137  2151 I DownloadManager: in removeSpuriousFiles
06-14 01:12:04.682  2137  2151 I DownloadManager: in removeSpuriousFiles, preserving file /data/data/com.android.providers.downloads/cache/downloadfile-1.apk
06-14 01:12:04.682  2137  2151 I DownloadManager: deleting spurious file /cache/backup
06-14 01:12:04.689  2137  2137 I ActivityThread: Pub media: com.android.providers.media.MediaProvider
06-14 01:12:04.717 30026 30029 D dalvikvm: GC_CONCURRENT freed 397K, 7% free 9956K/10631K, paused 126ms+13ms
06-14 01:12:04.994  2137  2139 D dalvikvm: GC_CONCURRENT freed 365K, 5% free 9169K/9607K, paused 10ms+10ms
06-14 01:12:05.111   142   366 I ActivityManager: Start proc com.google.android.apps.uploader for broadcast com.google.android.apps.uploader/.ConnectivityBroadcastReceiver: pid=2157 uid=10031 gids={3003}
06-14 01:12:05.119  2157  2157 I dalvikvm: Turning on JNI app bug workarounds for target SDK version 11...
06-14 01:12:05.182  2157  2157 I ActivityThread: Pub com.google.android.apps.uploader: com.google.android.apps.uploader.UploadsContentProvider
06-14 01:12:05.182  2157  2157 I ActivityThread: Pub com.google.photos.provider.Album: com.google.android.apps.uploader.clients.picasa.AlbumProvider
06-14 01:12:05.186  2157  2157 D MediaUploader: UploaderApplication.onCreate
06-14 01:12:05.225   142   368 I ActivityManager: Process android.process.media (pid 2137) has died.
06-14 01:12:05.279  2157  2157 D MediaUploader: nonWifiLimit=20971520, default=20971520
06-14 01:12:05.287  2157  2157 I MediaUploader: No need to wake up
06-14 01:12:05.291   672   672 I PhoneLab-WiFiReceiver: Wi-Fi is disconnected!
06-14 01:12:05.303   142   370 I ActivityManager: Start proc com.google.android.apps.plus for broadcast com.google.android.apps.plus/com.google.android.picasasync.ConnectivityReceiver: pid=2173 uid=10058 gids={3003, 3002, 1015, 1006}
06-14 01:12:05.498   142   203 D Tethering: MasterInitialState.processMessage what=3
06-14 01:12:05.561   142   370 I ActivityManager: Process com.google.android.apps.uploader (pid 2157) has died.
06-14 01:12:05.607  2173  2176 D dalvikvm: GC_CONCURRENT freed 162K, 3% free 9374K/9607K, paused 2ms+29ms
06-14 01:12:05.725  2173  2173 I ActivityThread: Pub com.google.android.apps.plus.content.ApiProvider: com.google.android.apps.plus.content.EsApiProvider
06-14 01:12:05.744  2173  2173 I ActivityThread: Pub com.google.android.apps.plus.content.EsGooglePhotoProvider: com.google.android.picasasync.PicasaContentProvider
06-14 01:12:05.896  2173  2176 D dalvikvm: GC_CONCURRENT freed 483K, 6% free 9432K/9991K, paused 1ms+2ms
06-14 01:12:05.896  2173  2173 I ActivityThread: Pub com.google.android.apps.plus.content.EsPicasaStoreProvider: com.google.android.picasastore.PicasaPhotoContentProvider
06-14 01:12:05.916  2173  2173 I ActivityThread: Pub com.google.plus.platform: com.google.android.apps.plus.content.AdsProvider
06-14 01:12:05.916  2173  2173 I ActivityThread: Pub com.google.android.apps.plus.iu.EsGoogleIuProvider: com.google.android.apps.plus.iu.InstantUploadProvider
06-14 01:12:05.959  2173  2173 I ActivityThread: Pub com.google.android.apps.plus.content.EsProvider: com.google.android.apps.plus.content.EsProvider
06-14 01:12:05.986   142   370 I ActivityManager: Start proc android.process.media for content provider com.android.providers.media/.MediaProvider: pid=2189 uid=10012 gids={1015, 1023, 1024, 2001, 3003, 3007}
06-14 01:12:06.037  2173  2176 D dalvikvm: GC_CONCURRENT freed 412K, 5% free 9558K/10055K, paused 11ms+9ms
06-14 01:12:06.057  2189  2189 I ActivityThread: Pub downloads: com.android.providers.downloads.DownloadProvider
06-14 01:12:06.076  2189  2189 I ActivityThread: Pub drm: com.android.providers.drm.DrmProvider
06-14 01:12:06.084  2189  2189 I ActivityThread: Pub media: com.android.providers.media.MediaProvider
06-14 01:12:06.084  2189  2203 I DownloadManager: in removeSpuriousFiles
06-14 01:12:06.139  2189  2203 I DownloadManager: in removeSpuriousFiles, preserving file /data/data/com.android.providers.downloads/cache/downloadfile-1.apk
06-14 01:12:06.162  2189  2203 I DownloadManager: deleting spurious file /cache/backup
06-14 01:12:06.213   142   919 I ActivityManager: Start proc com.google.android.apps.docs for broadcast com.google.android.apps.docs/.receivers.NetworkChangeReceiver: pid=2206 uid=10069 gids={3003, 1015, 1006}
06-14 01:12:06.256  2173  2205 D PicasaSync: sync account database
06-14 01:12:06.350  2173  2205 D PicasaSync: accounts in DB=1
06-14 01:12:06.361  2173  2205 D PicasaSyncManager: active network: NetworkInfo: type: WIFI[], state: CONNECTED/CONNECTED, reason: (unspecified), extra: (none), roaming: false, failover: false, isAvailable: true
06-14 01:12:06.361  2173  2205 D PicasaSyncManager: background data: true
06-14 01:12:06.396  2173  2205 D PicasaSyncManager: battery info: true
06-14 01:12:06.412  2206  2206 I ActivityThread: Pub com.google.android.apps.docs.files: com.google.android.apps.docs.sync.filemanager.FileProvider
06-14 01:12:06.420  2206  2206 I ActivityThread: Pub com.google.android.apps.docs.doclist.search_suggest: com.google.android.apps.docs.doclist.DocListGlobalSearchSuggestionProvider
06-14 01:12:06.506  2206  2206 V /ContextScope.java:112: 01:12:06.505 main Contexts in the main scope map after inserting com.google.android.apps.docs.editors.EditorsApplication@413494a8: com.google.android.apps.docs.editors.EditorsApplication@413494a8
06-14 01:12:06.596  2206  2208 D dalvikvm: GC_CONCURRENT freed 233K, 4% free 9303K/9607K, paused 2ms+6ms
06-14 01:12:06.607  2173  2176 D dalvikvm: GC_CONCURRENT freed 242K, 4% free 9755K/10119K, paused 28ms+49ms
06-14 01:12:06.830  2189  2192 D dalvikvm: GC_CONCURRENT freed 310K, 4% free 9239K/9607K, paused 113ms+6ms
06-14 01:12:06.834  2206  2208 D dalvikvm: GC_CONCURRENT freed 504K, 6% free 9350K/9927K, paused 2ms+2ms
06-14 01:12:06.967  2206  2208 D dalvikvm: GC_CONCURRENT freed 523K, 6% free 9394K/9991K, paused 2ms+2ms
06-14 01:12:06.990   142   422 I ActivityManager: Process com.google.android.apps.plus (pid 2173) has died.
06-14 01:12:07.103  2206  2208 D dalvikvm: GC_CONCURRENT freed 496K, 6% free 9409K/9991K, paused 4ms+3ms
06-14 01:12:07.193  2206  2208 D dalvikvm: GC_CONCURRENT freed 542K, 7% free 9437K/10055K, paused 2ms+2ms
06-14 01:12:07.283  2206  2208 D dalvikvm: GC_CONCURRENT freed 461K, 6% free 9471K/10055K, paused 1ms+2ms
06-14 01:12:07.338  2206  2206 D dalvikvm: GC_FOR_ALLOC freed 274K, 6% free 9475K/10055K, paused 16ms
06-14 01:12:07.447  2206  2208 D dalvikvm: GC_CONCURRENT freed 457K, 6% free 9571K/10119K, paused 2ms+2ms
06-14 01:12:07.557  2206  2208 D dalvikvm: GC_CONCURRENT freed 479K, 6% free 9618K/10183K, paused 2ms+2ms
06-14 01:12:07.701  2206  2208 D dalvikvm: GC_CONCURRENT freed 481K, 6% free 9693K/10247K, paused 2ms+3ms
06-14 01:12:07.834  2206  2208 D dalvikvm: GC_CONCURRENT freed 500K, 6% free 9737K/10311K, paused 2ms+3ms
06-14 01:12:07.908   142   370 I ActivityManager: Process android.process.media (pid 2189) has died.
06-14 01:12:07.971  2206  2208 D dalvikvm: GC_CONCURRENT freed 530K, 6% free 9766K/10375K, paused 2ms+2ms
06-14 01:12:08.014  2206  2206 D /Ln.java:220: 01:12:08.017 main Configuring Logging, minimum log level is INFO
06-14 01:12:08.041  2206  2206 D DocListDatabase: openHelper points on new database: DocList.db
06-14 01:12:08.041  2206  2206 D DocListDatabase: in openWriteDatabase
06-14 01:12:08.096  2206  2206 W ND      : Could not load Finalizer in its own class loader. Loading Finalizer in the current class loader instead. As a result, you will not be able to garbage collect this class loader. To support reclaiming this class loader, either resolve the underlying issue, or move Google Collections to your system class path.
06-14 01:12:08.096  2206  2206 W ND      : java.io.FileNotFoundException: com/google/inject/internal/Finalizer.class
06-14 01:12:08.096  2206  2206 W ND      : 	at NE.a(FinalizableReferenceQueue.java:269)
06-14 01:12:08.096  2206  2206 W ND      : 	at NE.a(FinalizableReferenceQueue.java:253)
06-14 01:12:08.096  2206  2206 W ND      : 	at ND.a(FinalizableReferenceQueue.java:175)
06-14 01:12:08.096  2206  2206 W ND      : 	at ND.<clinit>(FinalizableReferenceQueue.java:100)
06-14 01:12:08.096  2206  2206 W ND      : 	at OT.<clinit>(MapMaker.java:787)
06-14 01:12:08.096  2206  2206 W ND      : 	at Ph.<init>(MapMaker.java:946)
06-14 01:12:08.096  2206  2206 W ND      : 	at Pb.a(MapMaker.java:312)
06-14 01:12:08.096  2206  2206 W ND      : 	at OX.a(MapMaker.java:498)
06-14 01:12:08.096  2206  2206 W ND      : 	at OX.a(MapMaker.java:419)
06-14 01:12:08.096  2206  2206 W ND      : 	at Nb.get(CustomConcurrentHashMap.java:2029)
06-14 01:12:08.096  2206  2206 W ND      : 	at MM.a(BytecodeGen.java:149)
06-14 01:12:08.096  2206  2206 W ND      : 	at MM.a(BytecodeGen.java:132)
06-14 01:12:08.096  2206  2206 W ND      : 	at MX.a(ConstructionContext.java:80)
06-14 01:12:08.096  2206  2206 W ND      : 	at KG.a(ConstructorInjector.java:70)
06-14 01:12:08.096  2206  2206 W ND      : 	at KF.a(ConstructorBindingImpl.java:111)
06-14 01:12:08.096  2206  2206 W ND      : 	at LU.a(ProviderToInternalFactoryAdapter.java:45)
06-14 01:12:08.096  2206  2206 W ND      : 	at Li.a(InjectorImpl.java:811)
06-14 01:12:08.096  2206  2206 W ND      : 	at LT.a(ProviderToInternalFactoryAdapter.java:42)
06-14 01:12:08.096  2206  2206 W ND      : 	at Mc.a(Scopes.java:54)
06-14 01:12:08.096  2206  2206 W ND      : 	at Lz.a(InternalFactoryToProviderAdapter.java:48)
06-14 01:12:08.096  2206  2206 W ND      : 	at KR.a(FactoryProxy.java:56)
06-14 01:12:08.096  2206  2206 W ND      : 	at Mi.a(SingleParameterInjector.java:42)
06-14 01:12:08.096  2206  2206 W ND      : 	at Mi.a(SingleParameterInjector.java:66)
06-14 01:12:08.096  2206  2206 W ND      : 	at KG.a(ConstructorInjector.java:84)
06-14 01:12:08.096  2206  2206 W ND      : 	at KF.a(ConstructorBindingImpl.java:111)
06-14 01:12:08.096  2206  2206 W ND      : 	at KR.a(FactoryProxy.java:56)
06-14 01:12:08.096  2206  2206 W ND      : 	at Mi.a(SingleParameterInjector.java:42)
06-14 01:12:08.096  2206  2206 W ND      : 	at Mi.a(SingleParameterInjector.java:66)
06-14 01:12:08.096  2206  2206 W ND      : 	at KG.a(ConstructorInjector.java:84)
06-14 01:12:08.096  2206  2206 W ND      : 	at KF.a(ConstructorBindingImpl.java:111)
06-14 01:12:08.096  2206  2206 W ND      : 	at LU.a(ProviderToInternalFactoryAdapter.java:45)
06-14 01:12:08.096  2206  2206 W ND      : 	at Li.a(InjectorImpl.java:811)
06-14 01:12:08.096  2206  2206 W ND      : 	at LT.a(ProviderToInternalFactoryAdapter.java:42)
06-14 01:12:08.096  2206  2206 W ND      : 	at Mc.a(Scopes.java:54)
06-14 01:12:08.096  2206  2206 W ND      : 	at Lz.a(InternalFactoryToProviderAdapter.java:48)
06-14 01:12:08.096  2206  2206 W ND      : 	at Lg.a(InjectorBuilder.java:200)
06-14 01:12:08.096  2206  2206 W ND      : 	at Lg.a(InjectorBuilder.java:194)
06-14 01:12:08.096  2206  2206 W ND      : 	at Li.a(InjectorImpl.java:804)
06-14 01:12:08.096  2206  2206 W ND      : 	at Lf.a(InjectorBuilder.java:194)
06-14 01:12:08.096  2206  2206 W ND      : 	at Lf.b(InjectorBuilder.java:176)
06-14 01:12:08.096  2206  2206 W ND      : 	at Lf.a(InjectorBuilder.java:113)
06-14 01:12:08.096  2206  2206 W ND      : 	at KS.a(Guice.java:92)
06-14 01:12:08.096  2206  2206 W ND      : 	at roboguice.application.RoboApplication.b(RoboApplication.java:146)
06-14 01:12:08.096  2206  2206 W ND      : 	at roboguice.application.RoboApplication.a(RoboApplication.java:84)
06-14 01:12:08.096  2206  2206 W ND      : 	at com.google.android.apps.docs.GuiceContentProvider.a(GuiceContentProvider.java:36)
06-14 01:12:08.096  2206  2206 W ND      : 	at com.google.android.apps.docs.GuiceContentProvider.onCreate(GuiceContentProvider.java:27)
06-14 01:12:08.096  2206  2206 W ND      : 	at com.google.android.apps.docs.doclist.BaseSearchSuggestionProvider.onCreate(BaseSearchSuggestionProvider.java:88)
06-14 01:12:08.096  2206  2206 W ND      : 	at android.content.ContentProvider.attachInfo(ContentProvider.java:944)
06-14 01:12:08.096  2206  2206 W ND      : 	at android.app.ActivityThread.installProvider(ActivityThread.java:4237)
06-14 01:12:08.096  2206  2206 W ND      : 	at android.app.ActivityThread.installContentProviders(ActivityThread.java:3992)
06-14 01:12:08.096  2206  2206 W ND      : 	at android.app.ActivityThread.handleBindApplication(ActivityThread.java:3946)
06-14 01:12:08.096  2206  2206 W ND      : 	at android.app.ActivityThread.access$1300(ActivityThread.java:123)
06-14 01:12:08.096  2206  2206 W ND      : 	at android.app.ActivityThread$H.handleMessage(ActivityThread.java:1185)
06-14 01:12:08.096  2206  2206 W ND      : 	at android.os.Handler.dispatchMessage(Handler.java:99)
06-14 01:12:08.096  2206  2206 W ND      : 	at android.os.Looper.loop(Looper.java:137)
06-14 01:12:08.096  2206  2206 W ND      : 	at android.app.ActivityThread.main(ActivityThread.java:4424)
06-14 01:12:08.096  2206  2206 W ND      : 	at java.lang.reflect.Method.invokeNative(Native Method)
06-14 01:12:08.096  2206  2206 W ND      : 	at java.lang.reflect.Method.invoke(Method.java:511)
06-14 01:12:08.096  2206  2206 W ND      : 	at com.android.internal.os.ZygoteInit$MethodAndArgsCaller.run(ZygoteInit.java:784)
06-14 01:12:08.096  2206  2206 W ND      : 	at com.android.internal.os.ZygoteInit.main(ZygoteInit.java:551)
06-14 01:12:08.096  2206  2206 W ND      : 	at dalvik.system.NativeStart.main(Native Method)
06-14 01:12:08.119  2206  2208 D dalvikvm: GC_CONCURRENT freed 483K, 6% free 9794K/10375K, paused 1ms+7ms
06-14 01:12:08.127  2206  2206 I ND      : Failed to start reference finalizer thread. Reference cleanup will only occur when new references are created.
06-14 01:12:08.127  2206  2206 I ND      : java.lang.reflect.InvocationTargetException
06-14 01:12:08.127  2206  2206 I ND      : 	at java.lang.reflect.Method.invokeNative(Native Method)
06-14 01:12:08.127  2206  2206 I ND      : 	at java.lang.reflect.Method.invoke(Method.java:511)
06-14 01:12:08.127  2206  2206 I ND      : 	at ND.<init>(FinalizableReferenceQueue.java:124)
06-14 01:12:08.127  2206  2206 I ND      : 	at OT.<clinit>(MapMaker.java:787)
06-14 01:12:08.127  2206  2206 I ND      : 	at Ph.<init>(MapMaker.java:946)
06-14 01:12:08.127  2206  2206 I ND      : 	at Pb.a(MapMaker.java:312)
06-14 01:12:08.127  2206  2206 I ND      : 	at OX.a(MapMaker.java:498)
06-14 01:12:08.127  2206  2206 I ND      : 	at OX.a(MapMaker.java:419)
06-14 01:12:08.127  2206  2206 I ND      : 	at Nb.get(CustomConcurrentHashMap.java:2029)
06-14 01:12:08.127  2206  2206 I ND      : 	at MM.a(BytecodeGen.java:149)
06-14 01:12:08.127  2206  2206 I ND      : 	at MM.a(BytecodeGen.java:132)
06-14 01:12:08.127  2206  2206 I ND      : 	at MX.a(ConstructionContext.java:80)
06-14 01:12:08.127  2206  2206 I ND      : 	at KG.a(ConstructorInjector.java:70)
06-14 01:12:08.127  2206  2206 I ND      : 	at KF.a(ConstructorBindingImpl.java:111)
06-14 01:12:08.127  2206  2206 I ND      : 	at LU.a(ProviderToInternalFactoryAdapter.java:45)
06-14 01:12:08.127  2206  2206 I ND      : 	at Li.a(InjectorImpl.java:811)
06-14 01:12:08.127  2206  2206 I ND      : 	at LT.a(ProviderToInternalFactoryAdapter.java:42)
06-14 01:12:08.127  2206  2206 I ND      : 	at Mc.a(Scopes.java:54)
06-14 01:12:08.127  2206  2206 I ND      : 	at Lz.a(InternalFactoryToProviderAdapter.java:48)
06-14 01:12:08.127  2206  2206 I ND      : 	at KR.a(FactoryProxy.java:56)
06-14 01:12:08.127  2206  2206 I ND      : 	at Mi.a(SingleParameterInjector.java:42)
06-14 01:12:08.127  2206  2206 I ND      : 	at Mi.a(SingleParameterInjector.java:66)
06-14 01:12:08.127  2206  2206 I ND      : 	at KG.a(ConstructorInjector.java:84)
06-14 01:12:08.127  2206  2206 I ND      : 	at KF.a(ConstructorBindingImpl.java:111)
06-14 01:12:08.127  2206  2206 I ND      : 	at KR.a(FactoryProxy.java:56)
06-14 01:12:08.127  2206  2206 I ND      : 	at Mi.a(SingleParameterInjector.java:42)
06-14 01:12:08.127  2206  2206 I ND      : 	at Mi.a(SingleParameterInjector.java:66)
06-14 01:12:08.127  2206  2206 I ND      : 	at KG.a(ConstructorInjector.java:84)
06-14 01:12:08.127  2206  2206 I ND      : 	at KF.a(ConstructorBindingImpl.java:111)
06-14 01:12:08.127  2206  2206 I ND      : 	at LU.a(ProviderToInternalFactoryAdapter.java:45)
06-14 01:12:08.127  2206  2206 I ND      : 	at Li.a(InjectorImpl.java:811)
06-14 01:12:08.127  2206  2206 I ND      : 	at LT.a(ProviderToInternalFactoryAdapter.java:42)
06-14 01:12:08.127  2206  2206 I ND      : 	at Mc.a(Scopes.java:54)
06-14 01:12:08.127  2206  2206 I ND      : 	at Lz.a(InternalFactoryToProviderAdapter.java:48)
06-14 01:12:08.127  2206  2206 I ND      : 	at Lg.a(InjectorBuilder.java:200)
06-14 01:12:08.127  2206  2206 I ND      : 	at Lg.a(InjectorBuilder.java:194)
06-14 01:12:08.127  2206  2206 I ND      : 	at Li.a(InjectorImpl.java:804)
06-14 01:12:08.127  2206  2206 I ND      : 	at Lf.a(InjectorBuilder.java:194)
06-14 01:12:08.127  2206  2206 I ND      : 	at Lf.b(InjectorBuilder.java:176)
06-14 01:12:08.127  2206  2206 I ND      : 	at Lf.a(InjectorBuilder.java:113)
06-14 01:12:08.127  2206  2206 I ND      : 	at KS.a(Guice.java:92)
06-14 01:12:08.127  2206  2206 I ND      : 	at roboguice.application.RoboApplication.b(RoboApplication.java:146)
06-14 01:12:08.127  2206  2206 I ND      : 	at roboguice.application.RoboApplication.a(RoboApplication.java:84)
06-14 01:12:08.127  2206  2206 I ND      : 	at com.google.android.apps.docs.GuiceContentProvider.a(GuiceContentProvider.java:36)
06-14 01:12:08.127  2206  2206 I ND      : 	at com.google.android.apps.docs.GuiceContentProvider.onCreate(GuiceContentProvider.java:27)
06-14 01:12:08.127  2206  2206 I ND      : 	at com.google.android.apps.docs.doclist.BaseSearchSuggestionProvider.onCreate(BaseSearchSuggestionProvider.java:88)
06-14 01:12:08.127  2206  2206 I ND      : 	at android.content.ContentProvider.attachInfo(ContentProvider.java:944)
06-14 01:12:08.127  2206  2206 I ND      : 	at android.app.ActivityThread.installProvider(ActivityThread.java:4237)
06-14 01:12:08.127  2206  2206 I ND      : 	at android.app.ActivityThread.installContentProviders(ActivityThread.java:3992)
06-14 01:12:08.127  2206  2206 I ND      : 	at android.app.ActivityThread.handleBindApplication(ActivityThread.java:3946)
06-14 01:12:08.127  2206  2206 I ND      : 	at android.app.ActivityThread.access$1300(ActivityThread.java:123)
06-14 01:12:08.127  2206  2206 I ND      : 	at android.app.ActivityThread$H.handleMessage(ActivityThread.java:1185)
06-14 01:12:08.127  2206  2206 I ND      : 	at android.os.Handler.dispatchMessage(Handler.java:99)
06-14 01:12:08.127  2206  2206 I ND      : 	at android.os.Looper.loop(Looper.java:137)
06-14 01:12:08.127  2206  2206 I ND      : 	at android.app.ActivityThread.main(ActivityThread.java:4424)
06-14 01:12:08.127  2206  2206 I ND      : 	at java.lang.reflect.Method.invokeNative(Native Method)
06-14 01:12:08.127  2206  2206 I ND      : 	at java.lang.reflect.Method.invoke(Method.java:511)
06-14 01:12:08.127  2206  2206 I ND      : 	at com.android.internal.os.ZygoteInit$MethodAndArgsCaller.run(ZygoteInit.java:784)
06-14 01:12:08.127  2206  2206 I ND      : 	at com.android.internal.os.ZygoteInit.main(ZygoteInit.java:551)
06-14 01:12:08.127  2206  2206 I ND      : 	at dalvik.system.NativeStart.main(Native Method)
06-14 01:12:08.127  2206  2206 I ND      : Caused by: java.lang.IllegalArgumentException: Expected com.google.inject.internal.FinalizableReference.
06-14 01:12:08.127  2206  2206 I ND      : 	at NK.startFinalizer(Finalizer.java:77)
06-14 01:12:08.127  2206  2206 I ND      : 	... 60 more
06-14 01:12:08.197  2206  2206 I ActivityThread: Pub com.google.android.apps.docs.doclist.account_suggest: com.google.android.apps.docs.doclist.DocListAccountSuggestionProvider
06-14 01:12:08.205  2206  2206 I ActivityThread: Pub com.google.android.apps.docs: com.google.android.apps.docs.providers.DocListProvider
06-14 01:12:08.314  2206  2208 D dalvikvm: GC_CONCURRENT freed 450K, 6% free 9897K/10439K, paused 17ms+3ms
06-14 01:12:08.318   142   153 I ActivityManager: Start proc android.process.media for broadcast com.android.providers.downloads/.DownloadReceiver: pid=2234 uid=10012 gids={1015, 1023, 1024, 2001, 3003, 3007}
06-14 01:12:08.350  2234  2234 I ActivityThread: Pub downloads: com.android.providers.downloads.DownloadProvider
06-14 01:12:08.361  2234  2234 I ActivityThread: Pub drm: com.android.providers.drm.DrmProvider
06-14 01:12:08.365  2234  2234 I ActivityThread: Pub media: com.android.providers.media.MediaProvider
06-14 01:12:08.369  2234  2248 I DownloadManager: in removeSpuriousFiles
06-14 01:12:08.389  2234  2248 I DownloadManager: in removeSpuriousFiles, preserving file /data/data/com.android.providers.downloads/cache/downloadfile-1.apk
06-14 01:12:08.393  2234  2248 I DownloadManager: deleting spurious file /cache/backup
06-14 01:12:08.416   142   368 I ActivityManager: Process com.google.android.apps.docs (pid 2206) has died.
06-14 01:12:08.600  2234  2236 D dalvikvm: GC_CONCURRENT freed 360K, 5% free 9176K/9607K, paused 7ms+3ms
06-14 01:12:08.670   142   921 I ActivityManager: Start proc com.google.android.apps.uploader for broadcast com.google.android.apps.uploader/.ConnectivityBroadcastReceiver: pid=2252 uid=10031 gids={3003}
06-14 01:12:08.678  2252  2252 I dalvikvm: Turning on JNI app bug workarounds for target SDK version 11...
06-14 01:12:08.732  2252  2252 I ActivityThread: Pub com.google.android.apps.uploader: com.google.android.apps.uploader.UploadsContentProvider
06-14 01:12:08.732  2252  2252 I ActivityThread: Pub com.google.photos.provider.Album: com.google.android.apps.uploader.clients.picasa.AlbumProvider
06-14 01:12:08.740  2252  2252 D MediaUploader: UploaderApplication.onCreate
06-14 01:12:08.787  2252  2252 D MediaUploader: nonWifiLimit=20971520, default=20971520
06-14 01:12:08.791  2252  2252 I MediaUploader: No need to wake up
06-14 01:12:08.811   142   142 I ActivityManager: Start proc com.google.android.apps.plus for broadcast com.google.android.apps.plus/com.google.android.picasasync.ConnectivityReceiver: pid=2268 uid=10058 gids={3003, 3002, 1015, 1006}
06-14 01:12:08.842    80    80 D dalvikvm: GC_EXPLICIT freed 38K, 4% free 9031K/9347K, paused 4ms+2ms
06-14 01:12:08.889    80    80 D dalvikvm: GC_EXPLICIT freed <1K, 4% free 9031K/9347K, paused 2ms+2ms
06-14 01:12:08.916    80    80 D dalvikvm: GC_EXPLICIT freed <1K, 4% free 9031K/9347K, paused 2ms+2ms
06-14 01:12:09.006   142   421 I ActivityManager: Process android.process.media (pid 2234) has died.
06-14 01:12:09.064  2268  2271 D dalvikvm: GC_CONCURRENT freed 174K, 3% free 9361K/9607K, paused 3ms+3ms
06-14 01:12:09.186  2268  2268 I ActivityThread: Pub com.google.android.apps.plus.content.ApiProvider: com.google.android.apps.plus.content.EsApiProvider
06-14 01:12:09.232  2268  2268 I ActivityThread: Pub com.google.android.apps.plus.content.EsGooglePhotoProvider: com.google.android.picasasync.PicasaContentProvider
06-14 01:12:09.393  2268  2271 D dalvikvm: GC_CONCURRENT freed 486K, 6% free 9430K/9991K, paused 2ms+3ms
06-14 01:12:09.393  2268  2268 I ActivityThread: Pub com.google.android.apps.plus.content.EsPicasaStoreProvider: com.google.android.picasastore.PicasaPhotoContentProvider
06-14 01:12:09.416  2268  2268 I ActivityThread: Pub com.google.plus.platform: com.google.android.apps.plus.content.AdsProvider
06-14 01:12:09.416  2268  2268 I ActivityThread: Pub com.google.android.apps.plus.iu.EsGoogleIuProvider: com.google.android.apps.plus.iu.InstantUploadProvider
06-14 01:12:09.447  2268  2268 I ActivityThread: Pub com.google.android.apps.plus.content.EsProvider: com.google.android.apps.plus.content.EsProvider
06-14 01:12:09.447   142   421 I ActivityManager: Process com.google.android.apps.uploader (pid 2252) has died.
06-14 01:12:09.506 30026 30029 D dalvikvm: GC_CONCURRENT freed 363K, 7% free 9977K/10631K, paused 52ms+126ms
06-14 01:12:09.525  2268  2271 D dalvikvm: GC_CONCURRENT freed 411K, 6% free 9547K/10055K, paused 10ms+13ms
06-14 01:12:09.561   142 12773 I ActivityManager: Start proc android.process.media for content provider com.android.providers.media/.MediaProvider: pid=2284 uid=10012 gids={1015, 1023, 1024, 2001, 3003, 3007}
06-14 01:12:09.580   142   366 I ActivityManager: Start proc android.process.acore for content provider com.android.providers.contacts/.ContactsProvider2: pid=2297 uid=10000 gids={3003, 1015}
06-14 01:12:09.603  2284  2284 I ActivityThread: Pub downloads: com.android.providers.downloads.DownloadProvider
06-14 01:12:09.701   142   199 D ConnectivityService: handleInetConditionHoldEnd: net=1, condition=100, published condition=0
06-14 01:12:09.721   142   916 I ActivityManager: Start proc com.google.android.apps.docs for broadcast com.google.android.apps.docs/.receivers.NetworkChangeReceiver: pid=2311 uid=10069 gids={3003, 1015, 1006}
06-14 01:12:09.736  2284  2284 I ActivityThread: Pub drm: com.android.providers.drm.DrmProvider
06-14 01:12:09.736  2284  2324 I DownloadManager: in removeSpuriousFiles
06-14 01:12:09.748  2284  2284 I ActivityThread: Pub media: com.android.providers.media.MediaProvider
06-14 01:12:09.779  2284  2324 I DownloadManager: in removeSpuriousFiles, preserving file /data/data/com.android.providers.downloads/cache/downloadfile-1.apk
06-14 01:12:09.779  2297  2297 I ActivityThread: Pub call_log: com.android.providers.contacts.CallLogProvider
06-14 01:12:09.783  2284  2324 I DownloadManager: deleting spurious file /cache/backup
06-14 01:12:09.834   142   154 I ActivityManager: Process com.facebook.orca (pid 1766) has died.
06-14 01:12:09.834   142   154 W ActivityManager: Scheduling restart of crashed service com.facebook.orca/.push.mqtt.MqttPushService in 5000ms
06-14 01:12:09.838  2297  2297 I ActivityThread: Pub com.android.voicemail: com.android.providers.contacts.VoicemailContentProvider
06-14 01:12:09.838  2297  2297 I ActivityThread: Pub user_dictionary: com.android.providers.userdictionary.UserDictionaryProvider
06-14 01:12:09.869  2268  2309 D PicasaSync: sync account database
06-14 01:12:09.986  2297  2297 I ActivityThread: Pub com.android.social: com.android.providers.contacts.SocialProvider
06-14 01:12:09.986  2297  2297 I ActivityThread: Pub applications: com.android.providers.applications.ApplicationsProvider
06-14 01:12:10.072  2311  2311 I ActivityThread: Pub com.google.android.apps.docs.files: com.google.android.apps.docs.sync.filemanager.FileProvider
06-14 01:12:10.100  2311  2311 I ActivityThread: Pub com.google.android.apps.docs.doclist.search_suggest: com.google.android.apps.docs.doclist.DocListGlobalSearchSuggestionProvider
06-14 01:12:10.107  2297  2297 I ActivityThread: Pub contacts;com.android.contacts: com.android.providers.contacts.ContactsProvider2
06-14 01:12:10.139  2297  2300 D dalvikvm: GC_CONCURRENT freed 350K, 5% free 9186K/9607K, paused 2ms+3ms
06-14 01:12:10.174   142   421 I ActivityManager: Process com.google.android.apps.plus (pid 2268) has died.
06-14 01:12:10.209  2311  2311 V /ContextScope.java:112: 01:12:10.208 main Contexts in the main scope map after inserting com.google.android.apps.docs.editors.EditorsApplication@41345040: com.google.android.apps.docs.editors.EditorsApplication@41345040
06-14 01:12:10.342  2284  2287 D dalvikvm: GC_CONCURRENT freed 340K, 5% free 9190K/9607K, paused 2ms+9ms
06-14 01:12:10.346  2311  2315 D dalvikvm: GC_CONCURRENT freed 229K, 4% free 9307K/9607K, paused 2ms+10ms
06-14 01:12:10.490  2311  2315 D dalvikvm: GC_CONCURRENT freed 510K, 6% free 9344K/9927K, paused 2ms+2ms
06-14 01:12:10.545   142   366 I ActivityManager: Process android.process.media (pid 2284) has died.
06-14 01:12:10.635  2311  2315 D dalvikvm: GC_CONCURRENT freed 477K, 6% free 9376K/9927K, paused 1ms+4ms
06-14 01:12:10.783   142   145 D dalvikvm: GC_CONCURRENT freed 1968K, 23% free 19130K/24647K, paused 18ms+21ms
06-14 01:12:10.795  2311  2315 D dalvikvm: GC_CONCURRENT freed 504K, 6% free 9412K/9991K, paused 1ms+9ms
06-14 01:12:10.924  2311  2315 D dalvikvm: GC_CONCURRENT freed 535K, 7% free 9444K/10055K, paused 2ms+4ms
06-14 01:12:11.041  2311  2315 D dalvikvm: GC_CONCURRENT freed 477K, 6% free 9479K/10055K, paused 1ms+6ms
06-14 01:12:11.182  2311  2315 D dalvikvm: GC_CONCURRENT freed 538K, 7% free 9506K/10119K, paused 1ms+2ms
06-14 01:12:11.353  2311  2315 D dalvikvm: GC_CONCURRENT freed 440K, 6% free 9578K/10119K, paused 2ms+8ms
06-14 01:12:11.514  2311  2315 D dalvikvm: GC_CONCURRENT freed 465K, 6% free 9646K/10183K, paused 1ms+3ms
06-14 01:12:11.603  2297  2300 D dalvikvm: GC_CONCURRENT freed 141K, 3% free 9459K/9735K, paused 2ms+2ms
06-14 01:12:11.678  2311  2315 D dalvikvm: GC_CONCURRENT freed 454K, 6% free 9720K/10247K, paused 2ms+2ms
06-14 01:12:11.814  2311  2315 D dalvikvm: GC_CONCURRENT freed 440K, 6% free 9785K/10311K, paused 2ms+3ms
06-14 01:12:11.924  2311  2315 D dalvikvm: GC_CONCURRENT freed 519K, 6% free 9778K/10375K, paused 2ms+3ms
06-14 01:12:11.955  2311  2311 D /Ln.java:220: 01:12:11.958 main Configuring Logging, minimum log level is INFO
06-14 01:12:11.971  2311  2311 D DocListDatabase: openHelper points on new database: DocList.db
06-14 01:12:11.971  2311  2311 D DocListDatabase: in openWriteDatabase
06-14 01:12:11.994  2311  2311 W ND      : Could not load Finalizer in its own class loader. Loading Finalizer in the current class loader instead. As a result, you will not be able to garbage collect this class loader. To support reclaiming this class loader, either resolve the underlying issue, or move Google Collections to your system class path.
06-14 01:12:11.994  2311  2311 W ND      : java.io.FileNotFoundException: com/google/inject/internal/Finalizer.class
06-14 01:12:11.994  2311  2311 W ND      : 	at NE.a(FinalizableReferenceQueue.java:269)
06-14 01:12:11.994  2311  2311 W ND      : 	at NE.a(FinalizableReferenceQueue.java:253)
06-14 01:12:11.994  2311  2311 W ND      : 	at ND.a(FinalizableReferenceQueue.java:175)
06-14 01:12:11.994  2311  2311 W ND      : 	at ND.<clinit>(FinalizableReferenceQueue.java:100)
06-14 01:12:11.994  2311  2311 W ND      : 	at OT.<clinit>(MapMaker.java:787)
06-14 01:12:11.994  2311  2311 W ND      : 	at Ph.<init>(MapMaker.java:946)
06-14 01:12:11.994  2311  2311 W ND      : 	at Pb.a(MapMaker.java:312)
06-14 01:12:11.994  2311  2311 W ND      : 	at OX.a(MapMaker.java:498)
06-14 01:12:11.994  2311  2311 W ND      : 	at OX.a(MapMaker.java:419)
06-14 01:12:11.994  2311  2311 W ND      : 	at Nb.get(CustomConcurrentHashMap.java:2029)
06-14 01:12:11.994  2311  2311 W ND      : 	at MM.a(BytecodeGen.java:149)
06-14 01:12:11.994  2311  2311 W ND      : 	at MM.a(BytecodeGen.java:132)
06-14 01:12:11.994  2311  2311 W ND      : 	at MX.a(ConstructionContext.java:80)
06-14 01:12:11.994  2311  2311 W ND      : 	at KG.a(ConstructorInjector.java:70)
06-14 01:12:11.994  2311  2311 W ND      : 	at KF.a(ConstructorBindingImpl.java:111)
06-14 01:12:11.994  2311  2311 W ND      : 	at LU.a(ProviderToInternalFactoryAdapter.java:45)
06-14 01:12:11.994  2311  2311 W ND      : 	at Li.a(InjectorImpl.java:811)
06-14 01:12:11.994  2311  2311 W ND      : 	at LT.a(ProviderToInternalFactoryAdapter.java:42)
06-14 01:12:11.994  2311  2311 W ND      : 	at Mc.a(Scopes.java:54)
06-14 01:12:11.994  2311  2311 W ND      : 	at Lz.a(InternalFactoryToProviderAdapter.java:48)
06-14 01:12:11.994  2311  2311 W ND      : 	at KR.a(FactoryProxy.java:56)
06-14 01:12:11.994  2311  2311 W ND      : 	at Mi.a(SingleParameterInjector.java:42)
06-14 01:12:11.994  2311  2311 W ND      : 	at Mi.a(SingleParameterInjector.java:66)
06-14 01:12:11.994  2311  2311 W ND      : 	at KG.a(ConstructorInjector.java:84)
06-14 01:12:11.994  2311  2311 W ND      : 	at KF.a(ConstructorBindingImpl.java:111)
06-14 01:12:11.994  2311  2311 W ND      : 	at KR.a(FactoryProxy.java:56)
06-14 01:12:11.994  2311  2311 W ND      : 	at Mi.a(SingleParameterInjector.java:42)
06-14 01:12:11.994  2311  2311 W ND      : 	at Mi.a(SingleParameterInjector.java:66)
06-14 01:12:11.994  2311  2311 W ND      : 	at KG.a(ConstructorInjector.java:84)
06-14 01:12:11.994  2311  2311 W ND      : 	at KF.a(ConstructorBindingImpl.java:111)
06-14 01:12:11.994  2311  2311 W ND      : 	at LU.a(ProviderToInternalFactoryAdapter.java:45)
06-14 01:12:11.994  2311  2311 W ND      : 	at Li.a(InjectorImpl.java:811)
06-14 01:12:11.994  2311  2311 W ND      : 	at LT.a(ProviderToInternalFactoryAdapter.java:42)
06-14 01:12:11.994  2311  2311 W ND      : 	at Mc.a(Scopes.java:54)
06-14 01:12:11.994  2311  2311 W ND      : 	at Lz.a(InternalFactoryToProviderAdapter.java:48)
06-14 01:12:11.994  2311  2311 W ND      : 	at Lg.a(InjectorBuilder.java:200)
06-14 01:12:11.994  2311  2311 W ND      : 	at Lg.a(InjectorBuilder.java:194)
06-14 01:12:11.994  2311  2311 W ND      : 	at Li.a(InjectorImpl.java:804)
06-14 01:12:11.994  2311  2311 W ND      : 	at Lf.a(InjectorBuilder.java:194)
06-14 01:12:11.994  2311  2311 W ND      : 	at Lf.b(InjectorBuilder.java:176)
06-14 01:12:11.994  2311  2311 W ND      : 	at Lf.a(InjectorBuilder.java:113)
06-14 01:12:11.994  2311  2311 W ND      : 	at KS.a(Guice.java:92)
06-14 01:12:11.994  2311  2311 W ND      : 	at roboguice.application.RoboApplication.b(RoboApplication.java:146)
06-14 01:12:11.994  2311  2311 W ND      : 	at roboguice.application.RoboApplication.a(RoboApplication.java:84)
06-14 01:12:11.994  2311  2311 W ND      : 	at com.google.android.apps.docs.GuiceContentProvider.a(GuiceContentProvider.java:36)
06-14 01:12:11.994  2311  2311 W ND      : 	at com.google.android.apps.docs.GuiceContentProvider.onCreate(GuiceContentProvider.java:27)
06-14 01:12:11.994  2311  2311 W ND      : 	at com.google.android.apps.docs.doclist.BaseSearchSuggestionProvider.onCreate(BaseSearchSuggestionProvider.java:88)
06-14 01:12:11.994  2311  2311 W ND      : 	at android.content.ContentProvider.attachInfo(ContentProvider.java:944)
06-14 01:12:11.994  2311  2311 W ND      : 	at android.app.ActivityThread.installProvider(ActivityThread.java:4237)
06-14 01:12:11.994  2311  2311 W ND      : 	at android.app.ActivityThread.installContentProviders(ActivityThread.java:3992)
06-14 01:12:11.994  2311  2311 W ND      : 	at android.app.ActivityThread.handleBindApplication(ActivityThread.java:3946)
06-14 01:12:11.994  2311  2311 W ND      : 	at android.app.ActivityThread.access$1300(ActivityThread.java:123)
06-14 01:12:11.994  2311  2311 W ND      : 	at android.app.ActivityThread$H.handleMessage(ActivityThread.java:1185)
06-14 01:12:11.994  2311  2311 W ND      : 	at android.os.Handler.dispatchMessage(Handler.java:99)
06-14 01:12:11.994  2311  2311 W ND      : 	at android.os.Looper.loop(Looper.java:137)
06-14 01:12:11.994  2311  2311 W ND      : 	at android.app.ActivityThread.main(ActivityThread.java:4424)
06-14 01:12:11.994  2311  2311 W ND      : 	at java.lang.reflect.Method.invokeNative(Native Method)
06-14 01:12:11.994  2311  2311 W ND      : 	at java.lang.reflect.Method.invoke(Method.java:511)
06-14 01:12:11.994  2311  2311 W ND      : 	at com.android.internal.os.ZygoteInit$MethodAndArgsCaller.run(ZygoteInit.java:784)
06-14 01:12:11.994  2311  2311 W ND      : 	at com.android.internal.os.ZygoteInit.main(ZygoteInit.java:551)
06-14 01:12:11.994  2311  2311 W ND      : 	at dalvik.system.NativeStart.main(Native Method)
06-14 01:12:12.018  2311  2311 I ND      : Failed to start reference finalizer thread. Reference cleanup will only occur when new references are created.
06-14 01:12:12.018  2311  2311 I ND      : java.lang.reflect.InvocationTargetException
06-14 01:12:12.018  2311  2311 I ND      : 	at java.lang.reflect.Method.invokeNative(Native Method)
06-14 01:12:12.018  2311  2311 I ND      : 	at java.lang.reflect.Method.invoke(Method.java:511)
06-14 01:12:12.018  2311  2311 I ND      : 	at ND.<init>(FinalizableReferenceQueue.java:124)
06-14 01:12:12.018  2311  2311 I ND      : 	at OT.<clinit>(MapMaker.java:787)
06-14 01:12:12.018  2311  2311 I ND      : 	at Ph.<init>(MapMaker.java:946)
06-14 01:12:12.018  2311  2311 I ND      : 	at Pb.a(MapMaker.java:312)
06-14 01:12:12.018  2311  2311 I ND      : 	at OX.a(MapMaker.java:498)
06-14 01:12:12.018  2311  2311 I ND      : 	at OX.a(MapMaker.java:419)
06-14 01:12:12.018  2311  2311 I ND      : 	at Nb.get(CustomConcurrentHashMap.java:2029)
06-14 01:12:12.018  2311  2311 I ND      : 	at MM.a(BytecodeGen.java:149)
06-14 01:12:12.018  2311  2311 I ND      : 	at MM.a(BytecodeGen.java:132)
06-14 01:12:12.018  2311  2311 I ND      : 	at MX.a(ConstructionContext.java:80)
06-14 01:12:12.018  2311  2311 I ND      : 	at KG.a(ConstructorInjector.java:70)
06-14 01:12:12.018  2311  2311 I ND      : 	at KF.a(ConstructorBindingImpl.java:111)
06-14 01:12:12.018  2311  2311 I ND      : 	at LU.a(ProviderToInternalFactoryAdapter.java:45)
06-14 01:12:12.018  2311  2311 I ND      : 	at Li.a(InjectorImpl.java:811)
06-14 01:12:12.018  2311  2311 I ND      : 	at LT.a(ProviderToInternalFactoryAdapter.java:42)
06-14 01:12:12.018  2311  2311 I ND      : 	at Mc.a(Scopes.java:54)
06-14 01:12:12.018  2311  2311 I ND      : 	at Lz.a(InternalFactoryToProviderAdapter.java:48)
06-14 01:12:12.018  2311  2311 I ND      : 	at KR.a(FactoryProxy.java:56)
06-14 01:12:12.018  2311  2311 I ND      : 	at Mi.a(SingleParameterInjector.java:42)
06-14 01:12:12.018  2311  2311 I ND      : 	at Mi.a(SingleParameterInjector.java:66)
06-14 01:12:12.018  2311  2311 I ND      : 	at KG.a(ConstructorInjector.java:84)
06-14 01:12:12.018  2311  2311 I ND      : 	at KF.a(ConstructorBindingImpl.java:111)
06-14 01:12:12.018  2311  2311 I ND      : 	at KR.a(FactoryProxy.java:56)
06-14 01:12:12.018  2311  2311 I ND      : 	at Mi.a(SingleParameterInjector.java:42)
06-14 01:12:12.018  2311  2311 I ND      : 	at Mi.a(SingleParameterInjector.java:66)
06-14 01:12:12.018  2311  2311 I ND      : 	at KG.a(ConstructorInjector.java:84)
06-14 01:12:12.018  2311  2311 I ND      : 	at KF.a(ConstructorBindingImpl.java:111)
06-14 01:12:12.018  2311  2311 I ND      : 	at LU.a(ProviderToInternalFactoryAdapter.java:45)
06-14 01:12:12.018  2311  2311 I ND      : 	at Li.a(InjectorImpl.java:811)
06-14 01:12:12.018  2311  2311 I ND      : 	at LT.a(ProviderToInternalFactoryAdapter.java:42)
06-14 01:12:12.018  2311  2311 I ND      : 	at Mc.a(Scopes.java:54)
06-14 01:12:12.018  2311  2311 I ND      : 	at Lz.a(InternalFactoryToProviderAdapter.java:48)
06-14 01:12:12.018  2311  2311 I ND      : 	at Lg.a(InjectorBuilder.java:200)
06-14 01:12:12.018  2311  2311 I ND      : 	at Lg.a(InjectorBuilder.java:194)
06-14 01:12:12.018  2311  2311 I ND      : 	at Li.a(InjectorImpl.java:804)
06-14 01:12:12.018  2311  2311 I ND      : 	at Lf.a(InjectorBuilder.java:194)
06-14 01:12:12.018  2311  2311 I ND      : 	at Lf.b(InjectorBuilder.java:176)
06-14 01:12:12.018  2311  2311 I ND      : 	at Lf.a(InjectorBuilder.java:113)
06-14 01:12:12.018  2311  2311 I ND      : 	at KS.a(Guice.java:92)
06-14 01:12:12.018  2311  2311 I ND      : 	at roboguice.application.RoboApplication.b(RoboApplication.java:146)
06-14 01:12:12.018  2311  2311 I ND      : 	at roboguice.application.RoboApplication.a(RoboApplication.java:84)
06-14 01:12:12.018  2311  2311 I ND      : 	at com.google.android.apps.docs.GuiceContentProvider.a(GuiceContentProvider.java:36)
06-14 01:12:12.018  2311  2311 I ND      : 	at com.google.android.apps.docs.GuiceContentProvider.onCreate(GuiceContentProvider.java:27)
06-14 01:12:12.018  2311  2311 I ND      : 	at com.google.android.apps.docs.doclist.BaseSearchSuggestionProvider.onCreate(BaseSearchSuggestionProvider.java:88)
06-14 01:12:12.018  2311  2311 I ND      : 	at android.content.ContentProvider.attachInfo(ContentProvider.java:944)
06-14 01:12:12.018  2311  2311 I ND      : 	at android.app.ActivityThread.installProvider(ActivityThread.java:4237)
06-14 01:12:12.018  2311  2311 I ND      : 	at android.app.ActivityThread.installContentProviders(ActivityThread.java:3992)
06-14 01:12:12.018  2311  2311 I ND      : 	at android.app.ActivityThread.handleBindApplication(ActivityThread.java:3946)
06-14 01:12:12.018  2311  2311 I ND      : 	at android.app.ActivityThread.access$1300(ActivityThread.java:123)
06-14 01:12:12.018  2311  2311 I ND      : 	at android.app.ActivityThread$H.handleMessage(ActivityThread.java:1185)
06-14 01:12:12.018  2311  2311 I ND      : 	at android.os.Handler.dispatchMessage(Handler.java:99)
06-14 01:12:12.018  2311  2311 I ND      : 	at android.os.Looper.loop(Looper.java:137)
06-14 01:12:12.018  2311  2311 I ND      : 	at android.app.ActivityThread.main(ActivityThread.java:4424)
06-14 01:12:12.018  2311  2311 I ND      : 	at java.lang.reflect.Method.invokeNative(Native Method)
06-14 01:12:12.018  2311  2311 I ND      : 	at java.lang.reflect.Method.invoke(Method.java:511)
06-14 01:12:12.018  2311  2311 I ND      : 	at com.android.internal.os.ZygoteInit$MethodAndArgsCaller.run(ZygoteInit.java:784)
06-14 01:12:12.018  2311  2311 I ND      : 	at com.android.internal.os.ZygoteInit.main(ZygoteInit.java:551)
06-14 01:12:12.018  2311  2311 I ND      : 	at dalvik.system.NativeStart.main(Native Method)
06-14 01:12:12.018  2311  2311 I ND      : Caused by: java.lang.IllegalArgumentException: Expected com.google.inject.internal.FinalizableReference.
06-14 01:12:12.018  2311  2311 I ND      : 	at NK.startFinalizer(Finalizer.java:77)
06-14 01:12:12.018  2311  2311 I ND      : 	... 60 more
