06-10 21:32:50.582   142   197 D DhcpInfoInternal: makeLinkProperties with empty dns2!
06-10 21:33:25.066   213   215 D dalvikvm: GC_CONCURRENT freed 397K, 37% free 9665K/15239K, paused 2ms+3ms
06-10 21:33:26.031  4690  4770 I System.out: [INFO:3818750]: LogSource: Running flush
06-10 21:33:26.035  4690  4772 I System.out: [INFO:3818752]: LogSource: Sending payload [bytes=265]
06-10 21:33:27.308  4690  4693 D dalvikvm: GC_CONCURRENT freed 350K, 5% free 10216K/10695K, paused 2ms+4ms
06-10 21:33:27.609  4690  4772 I System.out: [INFO:3820324]: LogSource: Response [http=200,length=215]
06-10 21:33:27.617  4690  4770 I System.out: [INFO:3820334]: LogSource: Read id 2, status code 200
06-10 21:34:26.953  4847  4849 D dalvikvm: GC_CONCURRENT freed 534K, 7% free 10456K/11207K, paused 1ms+2ms
06-10 21:34:27.070  1204  1206 D dalvikvm: GC_CONCURRENT freed 471K, 8% free 10330K/11143K, paused 2ms+3ms
06-10 21:35:15.273   142   197 D DhcpInfoInternal: makeLinkProperties with empty dns2!
06-10 21:35:15.273   142   197 D DhcpInfoInternal: makeLinkProperties with empty dns2!
06-10 21:35:16.800  4891  4892 D dalvikvm: GC_CONCURRENT freed 1045K, 38% free 12683K/20231K, paused 2ms+3ms
06-10 21:35:27.090  1204  1206 D dalvikvm: GC_CONCURRENT freed 471K, 8% free 10320K/11143K, paused 2ms+3ms
06-10 21:36:17.254  4659  4659 I PhoneLab-Locks: wake lock acquired
06-10 21:36:17.285  4659  6018 I PhoneLab-PeriodicCheckService: User info is synched
06-10 21:36:17.285  4659  6018 I PhoneLab-PeriodicCheckService: Logger Service is running
06-10 21:36:17.293  4659  4659 I PhoneLab-Locks: wake lock acquired
06-10 21:36:17.293  4659  4659 I PhoneLab-StatusMonitor: Status Monitoring is started
06-10 21:36:17.300  4659  6018 I PhoneLab-Locks: wake lock acquired
06-10 21:36:17.308  4659  6018 I PhoneLab-PeriodicCheckService: Rescheduling periodic checking...
06-10 21:36:17.308  4659  6018 I PhoneLab-Locks: wake lock released
06-10 21:36:17.308  4659  4659 E PhoneLab-PhoneLabManifest: java.io.FileNotFoundException: /data/data/edu.buffalo.cse.phonelab.phonelabservices/files/manifest.xml: open failed: ENOENT (No such file or directory)
06-10 21:36:17.328  4659  4659 I PhoneLab-Locks: wake lock released
06-10 21:36:17.328  4659  4659 I PhoneLab-UploadLogs: Transfering log files now
06-10 21:36:17.328  4659  4659 I PhoneLab-UploadLogs: No log files to transfer
06-10 21:36:17.328  4659  4659 I PhoneLab-Locks: wake lock released
06-10 21:36:17.328  4659  4659 I PhoneLab-UploadLogs: OnStartCommand
06-10 21:36:27.062  4847  4849 D dalvikvm: GC_CONCURRENT freed 486K, 7% free 10481K/11207K, paused 2ms+3ms
06-10 21:36:27.160  1204  1206 D dalvikvm: GC_CONCURRENT freed 515K, 8% free 10310K/11143K, paused 2ms+3ms
06-10 21:37:27.179  1204  1206 D dalvikvm: GC_CONCURRENT freed 453K, 7% free 10368K/11143K, paused 2ms+4ms
06-10 21:37:29.027  4659  4672 I PhoneLab-: Service Running
06-10 21:37:29.086  4659  4672 I PhoneLab-LoggerService: app_38    1446  1     1436   1068  c00f181c 400107b4 S logcat
06-10 21:37:29.086  4659  4672 I PhoneLab-LoggerService: Logcat pid from database 1446
06-10 21:37:29.090  4659  4672 I PhoneLab-LoggerService: Logcat process found 1446
06-10 21:37:29.090  4659  4672 I PhoneLab-LoggerService: Checking Threshold
06-10 21:37:29.090  4659  4672 I PhoneLab-LoggerService: Starting to rename files
06-10 21:37:29.090  4659  4672 I PhoneLab-LoggerService: Files found .. 2
06-10 21:37:29.090  4659  4672 I PhoneLab-LoggerService: File 1 log.out.1
06-10 21:37:29.093  4659  4672 I PhoneLab-LoggerService: Renamed successfully
06-10 21:37:29.093  4659  4672 I PhoneLab-: Service Running
06-10 21:37:29.121  4659  4672 I PhoneLab-LoggerService: app_38    1446  1     1436   1068  c00f181c 400107b4 S logcat
06-10 21:37:29.125  4659  4672 I PhoneLab-LoggerService: Logcat pid from database 1446
06-10 21:37:29.125  4659  4672 I PhoneLab-LoggerService: Logcat process found 1446
06-10 21:37:29.125  4659  4672 I PhoneLab-LoggerService: Checking Threshold
06-10 21:37:29.125  4659  4672 I PhoneLab-LoggerService: Starting to rename files
06-10 21:37:29.125  4659  4672 I PhoneLab-LoggerService: Files found .. 2
06-10 21:37:29.125  4659  4672 I PhoneLab-: Service Running
06-10 21:37:29.164  4659  4672 I PhoneLab-LoggerService: app_38    1446  1     1436   1068  c00f181c 400107b4 S logcat
06-10 21:37:29.164  4659  4672 I PhoneLab-LoggerService: Logcat pid from database 1446
06-10 21:37:29.164  4659  4672 I PhoneLab-LoggerService: Logcat process found 1446
06-10 21:37:29.164  4659  4672 I PhoneLab-LoggerService: Checking Threshold
06-10 21:37:29.164  4659  4672 I PhoneLab-LoggerService: Starting to rename files
06-10 21:37:29.164  4659  4672 I PhoneLab-LoggerService: Files found .. 2
06-10 21:37:29.168  4659  4672 I PhoneLab-: Service Running
06-10 21:37:29.183  4659  4660 D dalvikvm: GC_CONCURRENT freed 398K, 14% free 9148K/10567K, paused 1ms+2ms
06-10 21:37:29.211  4659  4672 I PhoneLab-LoggerService: app_38    1446  1     1436   1068  c00f181c 400107b4 S logcat
06-10 21:37:29.211  4659  4672 I PhoneLab-LoggerService: Logcat pid from database 1446
06-10 21:37:29.211  4659  4672 I PhoneLab-LoggerService: Logcat process found 1446
06-10 21:37:29.211  4659  4672 I PhoneLab-LoggerService: Checking Threshold
06-10 21:37:29.215  4659  4672 I PhoneLab-LoggerService: Starting to rename files
06-10 21:37:29.215  4659  4672 I PhoneLab-LoggerService: Files found .. 2
06-10 21:37:29.215  4659  4672 I PhoneLab-: Service Running
06-10 21:37:29.242  4659  4672 I PhoneLab-LoggerService: app_38    1446  1     1436   1068  c00f181c 400107b4 S logcat
06-10 21:37:29.242  4659  4672 I PhoneLab-LoggerService: Logcat pid from database 1446
06-10 21:37:29.242  4659  4672 I PhoneLab-LoggerService: Logcat process found 1446
06-10 21:37:29.242  4659  4672 I PhoneLab-LoggerService: Checking Threshold
06-10 21:37:29.242  4659  4672 I PhoneLab-LoggerService: Starting to rename files
06-10 21:37:29.242  4659  4672 I PhoneLab-LoggerService: Files found .. 2
06-10 21:37:39.965   142   197 D DhcpInfoInternal: makeLinkProperties with empty dns2!
06-10 21:37:39.965   142   197 D DhcpInfoInternal: makeLinkProperties with empty dns2!
06-10 21:38:25.851  4847  4849 D dalvikvm: GC_CONCURRENT freed 449K, 8% free 10418K/11207K, paused 33ms+2ms
06-10 21:39:27.203  4847  4849 D dalvikvm: GC_CONCURRENT freed 499K, 7% free 10431K/11207K, paused 2ms+2ms
06-10 21:39:27.300  1204  1206 D dalvikvm: GC_CONCURRENT freed 579K, 8% free 10301K/11143K, paused 2ms+3ms
06-10 21:40:04.882   142   197 D DhcpInfoInternal: makeLinkProperties with empty dns2!
06-10 21:40:04.890   142   197 D DhcpInfoInternal: makeLinkProperties with empty dns2!
06-10 21:40:04.953   142   145 D dalvikvm: JIT code cache reset in 4 ms (1048520 bytes 6/0)
06-10 21:40:04.976   142   145 D dalvikvm: GC_CONCURRENT freed 1593K, 16% free 16599K/19655K, paused 18ms+12ms
06-10 21:40:27.312   142   917 D dalvikvm: GC_EXPLICIT freed 324K, 17% free 16444K/19655K, paused 3ms+6ms
06-10 21:40:27.398  1204  1206 D dalvikvm: GC_CONCURRENT freed 458K, 8% free 10349K/11143K, paused 2ms+2ms
06-10 21:41:27.398  4847  4849 D dalvikvm: GC_CONCURRENT freed 506K, 7% free 10436K/11207K, paused 1ms+2ms
06-10 21:42:07.570  4690  5115 I EventLogService: Aggregate from 1339377127484 (log), 1339377127484 (data)
06-10 21:42:27.668  1204  1206 D dalvikvm: GC_CONCURRENT freed 528K, 8% free 10332K/11143K, paused 2ms+3ms
06-10 21:42:29.535   142   197 D DhcpInfoInternal: makeLinkProperties with empty dns2!
06-10 21:42:29.535   142   197 D DhcpInfoInternal: makeLinkProperties with empty dns2!
06-10 21:43:27.617  4847  4849 D dalvikvm: GC_CONCURRENT freed 517K, 7% free 10431K/11207K, paused 2ms+3ms
06-10 21:43:27.738  1204  1206 D dalvikvm: GC_CONCURRENT freed 473K, 8% free 10299K/11143K, paused 2ms+2ms
06-10 21:43:28.226  2848  2848 I wpa_supplicant: wlan0: WPA: Group rekeying completed with 94:44:52:17:be:7d [GTK=CCMP]
06-10 21:44:54.421   142   197 D DhcpInfoInternal: makeLinkProperties with empty dns2!
06-10 21:44:54.425   142   197 D DhcpInfoInternal: makeLinkProperties with empty dns2!
06-10 21:45:21.054  4891  4892 D dalvikvm: GC_CONCURRENT freed 1107K, 38% free 12691K/20231K, paused 2ms+3ms
06-10 21:45:27.644  4847  4849 D dalvikvm: GC_CONCURRENT freed 512K, 7% free 10431K/11207K, paused 2ms+3ms
06-10 21:45:27.773  1204  1206 D dalvikvm: GC_CONCURRENT freed 481K, 8% free 10326K/11143K, paused 2ms+3ms
06-10 21:45:29.839  4847  4854 I dalvikvm: Jit: resizing JitTable from 4096 to 8192
06-10 21:46:28.457  4847  4849 D dalvikvm: GC_CONCURRENT freed 477K, 7% free 10436K/11207K, paused 2ms+3ms
06-10 21:46:28.519  1204  1206 D dalvikvm: GC_CONCURRENT freed 447K, 8% free 10311K/11143K, paused 2ms+2ms
06-10 21:47:19.304   142   197 D DhcpInfoInternal: makeLinkProperties with empty dns2!
06-10 21:47:19.308   142   197 D DhcpInfoInternal: makeLinkProperties with empty dns2!
06-10 21:48:28.711  4847  4849 D dalvikvm: GC_CONCURRENT freed 509K, 7% free 10438K/11207K, paused 2ms+3ms
06-10 21:48:28.761  1204  1206 D dalvikvm: GC_CONCURRENT freed 495K, 8% free 10323K/11143K, paused 1ms+3ms
06-10 21:49:28.699  1204  6150 D dalvikvm: GC_EXPLICIT freed 203K, 8% free 10260K/11143K, paused 2ms+2ms
06-10 21:49:44.199   142   197 D DhcpInfoInternal: makeLinkProperties with empty dns2!
06-10 21:49:44.211   142   197 D DhcpInfoInternal: makeLinkProperties with empty dns2!
06-10 21:50:25.824  4891  4892 D dalvikvm: GC_CONCURRENT freed 1172K, 38% free 12636K/20231K, paused 14ms+4ms
06-10 21:50:28.754  4847  4849 D dalvikvm: GC_CONCURRENT freed 506K, 7% free 10440K/11207K, paused 2ms+3ms
06-10 21:50:28.800  1204  1206 D dalvikvm: GC_CONCURRENT freed 460K, 8% free 10311K/11143K, paused 2ms+3ms
06-10 21:50:29.164  4659  4672 I PhoneLab-: Service Running
06-10 21:50:29.234  4659  4672 I PhoneLab-LoggerService: app_38    1446  1     1436   1068  c00f181c 400107b4 S logcat
06-10 21:50:29.234  4659  4672 I PhoneLab-LoggerService: Logcat pid from database 1446
06-10 21:50:29.234  4659  4672 I PhoneLab-LoggerService: Logcat process found 1446
06-10 21:50:29.234  4659  4672 I PhoneLab-LoggerService: Checking Threshold
06-10 21:50:29.234  4659  4672 I PhoneLab-LoggerService: Starting to rename files
06-10 21:50:29.234  4659  4672 I PhoneLab-LoggerService: Files found .. 2
06-10 21:50:29.238  4659  4672 I PhoneLab-: Service Running
06-10 21:50:29.265  4659  4672 I PhoneLab-LoggerService: app_38    1446  1     1436   1068  c00f181c 400107b4 S logcat
06-10 21:50:29.265  4659  4672 I PhoneLab-LoggerService: Logcat pid from database 1446
06-10 21:50:29.265  4659  4672 I PhoneLab-LoggerService: Logcat process found 1446
06-10 21:50:29.265  4659  4672 I PhoneLab-LoggerService: Checking Threshold
06-10 21:50:29.265  4659  4672 I PhoneLab-LoggerService: Starting to rename files
06-10 21:50:29.265  4659  4672 I PhoneLab-LoggerService: Files found .. 2
06-10 21:50:29.285  4659  4672 I PhoneLab-: Service Running
06-10 21:50:29.343   142   145 D dalvikvm: GC_CONCURRENT freed 1583K, 16% free 16593K/19655K, paused 2ms+7ms
06-10 21:50:29.390  4659  4672 I PhoneLab-LoggerService: app_38    1446  1     1436   1068  c00f181c 400107b4 S logcat
06-10 21:50:29.390  4659  4672 I PhoneLab-LoggerService: Logcat pid from database 1446
06-10 21:50:29.390  4659  4672 I PhoneLab-LoggerService: Logcat process found 1446
06-10 21:50:29.390  4659  4672 I PhoneLab-LoggerService: Checking Threshold
06-10 21:50:29.390  4659  4672 I PhoneLab-LoggerService: Starting to rename files
06-10 21:50:29.390  4659  4672 I PhoneLab-LoggerService: Files found .. 2
06-10 21:50:29.394  4659  4672 I PhoneLab-: Service Running
06-10 21:50:29.421  4659  4672 I PhoneLab-LoggerService: app_38    1446  1     1436   1068  c00f181c 400107b4 S logcat
06-10 21:50:29.421  4659  4672 I PhoneLab-LoggerService: Logcat pid from database 1446
06-10 21:50:29.421  4659  4672 I PhoneLab-LoggerService: Logcat process found 1446
06-10 21:50:29.421  4659  4672 I PhoneLab-LoggerService: Checking Threshold
06-10 21:50:29.421  4659  4672 I PhoneLab-LoggerService: Starting to rename files
06-10 21:50:29.421  4659  4672 I PhoneLab-LoggerService: Files found .. 2
06-10 21:50:29.421  4659  4672 I PhoneLab-: Service Running
06-10 21:50:29.461  4659  4672 I PhoneLab-LoggerService: app_38    1446  1     1436   1068  c00f181c 400107b4 S logcat
06-10 21:50:29.461  4659  4672 I PhoneLab-LoggerService: Logcat pid from database 1446
06-10 21:50:29.461  4659  4672 I PhoneLab-LoggerService: Logcat process found 1446
06-10 21:50:29.461  4659  4672 I PhoneLab-LoggerService: Checking Threshold
06-10 21:50:29.461  4659  4672 I PhoneLab-LoggerService: Starting to rename files
06-10 21:50:29.461  4659  4672 I PhoneLab-LoggerService: Files found .. 2
06-10 21:50:29.461  4659  4672 I PhoneLab-: Service Running
06-10 21:50:29.488  4659  4660 D dalvikvm: GC_CONCURRENT freed 390K, 14% free 9172K/10567K, paused 2ms+6ms
06-10 21:50:29.507  4659  4672 I PhoneLab-LoggerService: app_38    1446  1     1436   1068  c00f181c 400107b4 S logcat
06-10 21:50:29.507  4659  4672 I PhoneLab-LoggerService: Logcat pid from database 1446
06-10 21:50:29.507  4659  4672 I PhoneLab-LoggerService: Logcat process found 1446
06-10 21:50:29.507  4659  4672 I PhoneLab-LoggerService: Checking Threshold
06-10 21:50:29.507  4659  4672 I PhoneLab-LoggerService: Starting to rename files
06-10 21:50:29.511  4659  4672 I PhoneLab-LoggerService: Files found .. 2
06-10 21:51:28.800  1204  1206 D dalvikvm: GC_CONCURRENT freed 396K, 8% free 10305K/11143K, paused 2ms+2ms
06-10 21:52:08.082  4847  4867 D SCollector: Waiting for the ScannerThread to start.
06-10 21:52:08.086  4847  6183 D SCollector: PreScan started with config: Scanner types: [8]; ScanDuration: 10000, SensorDelay: 0, viewOptedOutWifiAps: false
06-10 21:52:08.090  4847  6183 D SCollector: aq started.
06-10 21:52:08.090  4847  6183 D SCollector: F started.
06-10 21:52:08.090  4847  6183 D SCollector: PreScanner started.
06-10 21:52:09.054   142   197 D DhcpInfoInternal: makeLinkProperties with empty dns2!
06-10 21:52:09.054   142   197 D DhcpInfoInternal: makeLinkProperties with empty dns2!
06-10 21:52:15.632  4847  4849 D dalvikvm: GC_CONCURRENT freed 290K, 6% free 10535K/11207K, paused 24ms+2ms
06-10 21:52:18.140  4847  4847 D SCollector: aq stopped.
06-10 21:52:18.140  4847  4847 D SCollector: All scanner finished.
06-10 21:52:18.140  4847  4847 D SCollector: F stopped.
06-10 21:52:18.144   142   142 W ActivityManager: finishReceiver called but no pending broadcasts
06-10 21:52:18.175  4847  6183 D SCollector: PreScanning finished.
06-10 21:52:18.265  4847  4849 D dalvikvm: GC_CONCURRENT freed 369K, 5% free 10655K/11207K, paused 2ms+3ms
06-10 21:52:18.379   142   153 D dalvikvm: GC_EXPLICIT freed 422K, 17% free 16453K/19655K, paused 3ms+5ms
06-10 21:52:18.394  4847  6183 D SCollector: PreScanDecision returns false. Will not do real collection.
06-10 21:52:18.394  4847  6183 D SCollector: SignalCollector.ScannerThread is quiting.
06-10 21:53:28.773  4690  4693 D dalvikvm: GC_CONCURRENT freed 379K, 5% free 10249K/10759K, paused 2ms+4ms
06-10 21:53:28.839  4847  4849 D dalvikvm: GC_CONCURRENT freed 754K, 8% free 10441K/11271K, paused 4ms+2ms
06-10 21:53:28.949  1204  1206 D dalvikvm: GC_CONCURRENT freed 488K, 8% free 10327K/11143K, paused 1ms+3ms
06-10 21:54:28.972  1204  1206 D dalvikvm: GC_CONCURRENT freed 448K, 8% free 10307K/11143K, paused 1ms+2ms
06-10 21:54:33.921   142   197 D DhcpInfoInternal: makeLinkProperties with empty dns2!
06-10 21:54:33.921   142   197 D DhcpInfoInternal: makeLinkProperties with empty dns2!
06-10 21:55:28.886  4847  4849 D dalvikvm: GC_CONCURRENT freed 513K, 8% free 10439K/11271K, paused 2ms+2ms
06-10 21:55:55.089  4659  4672 I PhoneLab-: Service Running
06-10 21:55:55.148  4659  4672 I PhoneLab-LoggerService: app_38    1446  1     1436   1068  c00f181c 400107b4 S logcat
06-10 21:55:55.152  4659  4672 I PhoneLab-LoggerService: Logcat pid from database 1446
06-10 21:55:55.152  4659  4672 I PhoneLab-LoggerService: Logcat process found 1446
06-10 21:55:55.152  4659  4672 I PhoneLab-LoggerService: Checking Threshold
06-10 21:55:55.152  4659  4672 I PhoneLab-LoggerService: Starting to rename files
06-10 21:55:55.152  4659  4672 I PhoneLab-LoggerService: Files found .. 2
06-10 21:55:55.152  4659  4672 I PhoneLab-: Service Running
06-10 21:55:55.183  4659  4672 I PhoneLab-LoggerService: app_38    1446  1     1436   1068  c00f181c 400107b4 S logcat
06-10 21:55:55.183  4659  4672 I PhoneLab-LoggerService: Logcat pid from database 1446
06-10 21:55:55.183  4659  4672 I PhoneLab-LoggerService: Logcat process found 1446
06-10 21:55:55.183  4659  4672 I PhoneLab-LoggerService: Checking Threshold
06-10 21:55:55.183  4659  4672 I PhoneLab-LoggerService: Starting to rename files
06-10 21:55:55.183  4659  4672 I PhoneLab-LoggerService: Files found .. 2
06-10 21:55:55.183  4659  4672 I PhoneLab-: Service Running
06-10 21:55:55.211  4659  4672 I PhoneLab-LoggerService: app_38    1446  1     1436   1068  c00f181c 400107b4 S logcat
06-10 21:55:55.214  4659  4672 I PhoneLab-LoggerService: Logcat pid from database 1446
06-10 21:55:55.214  4659  4672 I PhoneLab-LoggerService: Logcat process found 1446
06-10 21:55:55.214  4659  4672 I PhoneLab-LoggerService: Checking Threshold
06-10 21:55:55.214  4659  4672 I PhoneLab-LoggerService: Starting to rename files
06-10 21:55:55.214  4659  4672 I PhoneLab-LoggerService: Files found .. 2
06-10 21:56:28.964  1204  1206 D dalvikvm: GC_CONCURRENT freed 459K, 8% free 10359K/11143K, paused 1ms+3ms
06-10 21:56:32.605   342   342 D SAN_SERVICE: *******************************************
06-10 21:56:32.605   342   342 D SAN_SERVICE: DM App Phone Service State - 0
06-10 21:56:32.605   342   342 D SAN_SERVICE: *******************************************
06-10 21:56:33.386   342   342 D SAN_SERVICE: *******************************************
06-10 21:56:33.386   342   342 D SAN_SERVICE: DM App Phone Service State - 0
06-10 21:56:33.386   342   342 D SAN_SERVICE: *******************************************
06-10 21:56:58.695   142   197 D DhcpInfoInternal: makeLinkProperties with empty dns2!
06-10 21:56:58.695   142   197 D DhcpInfoInternal: makeLinkProperties with empty dns2!
06-10 21:57:28.996  4847  4849 D dalvikvm: GC_CONCURRENT freed 511K, 8% free 10440K/11271K, paused 2ms+3ms
06-10 21:57:29.117  1204  1206 D dalvikvm: GC_CONCURRENT freed 484K, 8% free 10303K/11143K, paused 2ms+2ms
06-10 21:58:29.093  1204  1206 D dalvikvm: GC_CONCURRENT freed 353K, 7% free 10365K/11143K, paused 1ms+2ms
06-10 21:58:30.015  1204  1206 D dalvikvm: GC_CONCURRENT freed 235K, 6% free 10553K/11143K, paused 1ms+2ms
06-10 21:59:23.582   142   197 D DhcpInfoInternal: makeLinkProperties with empty dns2!
06-10 21:59:23.586   142   197 D DhcpInfoInternal: makeLinkProperties with empty dns2!
06-10 21:59:29.039  4847  4849 D dalvikvm: GC_CONCURRENT freed 511K, 8% free 10441K/11271K, paused 2ms+2ms
06-10 21:59:29.156  1204  1206 D dalvikvm: GC_CONCURRENT freed 699K, 8% free 10355K/11143K, paused 1ms+3ms
06-10 22:00:27.871  4891  4892 D dalvikvm: GC_CONCURRENT freed 1040K, 38% free 12685K/20231K, paused 2ms+9ms
06-10 22:00:29.207  4847  4849 D dalvikvm: GC_CONCURRENT freed 459K, 7% free 10490K/11271K, paused 1ms+6ms
06-10 22:00:32.218   342   342 D SAN_SERVICE: *******************************************
06-10 22:00:32.218   342   342 D SAN_SERVICE: DM App Phone Service State - 0
06-10 22:00:32.218   342   342 D SAN_SERVICE: *******************************************
06-10 22:01:28.343   342   342 D SAN_SERVICE: *******************************************
06-10 22:01:28.351   342   342 D SAN_SERVICE: DM App Phone Service State - 0
06-10 22:01:28.351   342   342 D SAN_SERVICE: *******************************************
06-10 22:01:28.590   342   342 D SAN_SERVICE: *******************************************
06-10 22:01:28.590   342   342 D SAN_SERVICE: DM App Phone Service State - 0
06-10 22:01:28.590   342   342 D SAN_SERVICE: *******************************************
06-10 22:01:29.175  1204  1206 D dalvikvm: GC_CONCURRENT freed 542K, 8% free 10320K/11143K, paused 1ms+3ms
06-10 22:01:48.464   142   197 D DhcpInfoInternal: makeLinkProperties with empty dns2!
06-10 22:01:48.468   142   197 D DhcpInfoInternal: makeLinkProperties with empty dns2!
06-10 22:02:28.156   142   145 D dalvikvm: GC_CONCURRENT freed 1637K, 16% free 16595K/19655K, paused 3ms+13ms
06-10 22:02:29.472  4847  4849 D dalvikvm: GC_CONCURRENT freed 553K, 8% free 10449K/11271K, paused 2ms+2ms
06-10 22:02:29.593  1204  1206 D dalvikvm: GC_CONCURRENT freed 429K, 8% free 10308K/11143K, paused 1ms+2ms
06-10 22:03:27.058  4467  4470 D dalvikvm: GC_CONCURRENT freed 392K, 7% free 9870K/10503K, paused 8ms+3ms
06-10 22:03:29.640   142   922 D dalvikvm: GC_EXPLICIT freed 319K, 17% free 16452K/19655K, paused 3ms+5ms
06-10 22:04:10.023   142   174 I power   : *** set_screen_state 1
06-10 22:04:10.148   142   174 I WindowManager: Lock screen displayed!
06-10 22:04:10.261    79   118 D SurfaceFlinger: Screen about to return, flinger = 0x1e2b918
06-10 22:04:13.312   142   197 D DhcpInfoInternal: makeLinkProperties with empty dns2!
06-10 22:04:13.324   142   197 D DhcpInfoInternal: makeLinkProperties with empty dns2!
06-10 22:04:20.586   142   170 I power   : *** set_screen_state 0
06-10 22:04:20.660    79   118 D SurfaceFlinger: About to give-up screen, flinger = 0x1e2b918
06-10 22:04:20.781   142   174 V TransportControlView: Create TCV com.android.internal.widget.TransportControlView@417b12f8
06-10 22:04:28.074   142   174 D dalvikvm: GC_FOR_ALLOC freed 1273K, 20% free 15763K/19655K, paused 606ms
06-10 22:04:29.656  4847  4849 D dalvikvm: GC_CONCURRENT freed 517K, 8% free 10444K/11271K, paused 1ms+3ms
06-10 22:04:29.718  4690  4702 D dalvikvm: GC_EXPLICIT freed 244K, 6% free 10207K/10759K, paused 2ms+4ms
06-10 22:04:29.808  1204  1206 D dalvikvm: GC_CONCURRENT freed 467K, 8% free 10352K/11143K, paused 1ms+2ms
06-10 22:05:28.062  4659  4672 I PhoneLab-: Service Running
06-10 22:05:28.093  4659  4672 I PhoneLab-LoggerService: app_38    1446  1     1436   1068  c00f181c 400107b4 S logcat
06-10 22:05:28.093  4659  4672 I PhoneLab-LoggerService: Logcat pid from database 1446
06-10 22:05:28.093  4659  4672 I PhoneLab-LoggerService: Logcat process found 1446
06-10 22:05:28.093  4659  4672 I PhoneLab-LoggerService: Checking Threshold
06-10 22:05:28.093  4659  4672 I PhoneLab-LoggerService: Starting to rename files
06-10 22:05:28.093  4659  4672 I PhoneLab-LoggerService: Files found .. 2
06-10 22:05:28.097  4659  4672 I PhoneLab-: Service Running
06-10 22:05:28.125  4659  4672 I PhoneLab-LoggerService: app_38    1446  1     1436   1068  c00f181c 400107b4 S logcat
06-10 22:05:28.125  4659  4672 I PhoneLab-LoggerService: Logcat pid from database 1446
06-10 22:05:28.125  4659  4672 I PhoneLab-LoggerService: Logcat process found 1446
06-10 22:05:28.125  4659  4672 I PhoneLab-LoggerService: Checking Threshold
06-10 22:05:28.125  4659  4672 I PhoneLab-LoggerService: Starting to rename files
06-10 22:05:28.125  4659  4672 I PhoneLab-LoggerService: Files found .. 2
06-10 22:05:28.129  4659  4672 I PhoneLab-: Service Running
06-10 22:05:28.156  4659  4672 I PhoneLab-LoggerService: app_38    1446  1     1436   1068  c00f181c 400107b4 S logcat
06-10 22:05:28.156  4659  4672 I PhoneLab-LoggerService: Logcat pid from database 1446
06-10 22:05:28.156  4659  4672 I PhoneLab-LoggerService: Logcat process found 1446
06-10 22:05:28.156  4659  4672 I PhoneLab-LoggerService: Checking Threshold
06-10 22:05:28.156  4659  4672 I PhoneLab-LoggerService: Starting to rename files
06-10 22:05:28.156  4659  4672 I PhoneLab-LoggerService: Files found .. 2
06-10 22:05:28.160  4659  4672 I PhoneLab-: Service Running
06-10 22:05:28.199  4659  4660 D dalvikvm: GC_CONCURRENT freed 415K, 14% free 9159K/10567K, paused 2ms+2ms
06-10 22:05:28.207  4659  4672 I PhoneLab-LoggerService: app_38    1446  1     1436   1068  c00f181c 400107b4 S logcat
06-10 22:05:28.207  4659  4672 I PhoneLab-LoggerService: Logcat pid from database 1446
06-10 22:05:28.207  4659  4672 I PhoneLab-LoggerService: Logcat process found 1446
06-10 22:05:28.207  4659  4672 I PhoneLab-LoggerService: Checking Threshold
06-10 22:05:28.207  4659  4672 I PhoneLab-LoggerService: Starting to rename files
06-10 22:05:28.207  4659  4672 I PhoneLab-LoggerService: Files found .. 2
06-10 22:05:28.214  4659  4672 I PhoneLab-: Service Running
06-10 22:05:28.242  4659  4672 I PhoneLab-LoggerService: app_38    1446  1     1436   1068  c00f181c 400107b4 S logcat
06-10 22:05:28.242  4659  4672 I PhoneLab-LoggerService: Logcat pid from database 1446
06-10 22:05:28.242  4659  4672 I PhoneLab-LoggerService: Logcat process found 1446
06-10 22:05:28.242  4659  4672 I PhoneLab-LoggerService: Checking Threshold
06-10 22:05:28.242  4659  4672 I PhoneLab-LoggerService: Starting to rename files
06-10 22:05:28.242  4659  4672 I PhoneLab-LoggerService: Files found .. 2
06-10 22:05:29.722  1204  1206 D dalvikvm: GC_CONCURRENT freed 446K, 8% free 10302K/11143K, paused 2ms+2ms
06-10 22:05:29.980  4847  4849 D dalvikvm: GC_CONCURRENT freed 429K, 8% free 10455K/11271K, paused 13ms+7ms
06-10 22:05:31.382  4891  4892 D dalvikvm: GC_CONCURRENT freed 1043K, 37% free 12781K/20231K, paused 14ms+3ms
06-10 22:06:17.050   213   215 D dalvikvm: GC_CONCURRENT freed 393K, 37% free 9659K/15239K, paused 3ms+3ms
06-10 22:06:17.320  4659  4659 I PhoneLab-Locks: wake lock acquired
06-10 22:06:17.359  4659  6347 I PhoneLab-PeriodicCheckService: User info is synched
06-10 22:06:17.363  4659  6347 I PhoneLab-PeriodicCheckService: Logger Service is running
06-10 22:06:17.367  4659  4659 I PhoneLab-Locks: wake lock acquired
06-10 22:06:17.371  4659  4659 I PhoneLab-StatusMonitor: Status Monitoring is started
06-10 22:06:17.375  4659  4659 E PhoneLab-PhoneLabManifest: java.io.FileNotFoundException: /data/data/edu.buffalo.cse.phonelab.phonelabservices/files/manifest.xml: open failed: ENOENT (No such file or directory)
06-10 22:06:17.375  4659  4659 I PhoneLab-Locks: wake lock released
06-10 22:06:17.375  4659  6347 I PhoneLab-Locks: wake lock acquired
06-10 22:06:17.379  4659  4659 I PhoneLab-UploadLogs: Transfering log files now
06-10 22:06:17.379  4659  6347 I PhoneLab-PeriodicCheckService: Rescheduling periodic checking...
06-10 22:06:17.382  4659  6347 I PhoneLab-Locks: wake lock released
06-10 22:06:17.433  4659  4660 D dalvikvm: GC_CONCURRENT freed 419K, 13% free 9198K/10567K, paused 1ms+2ms
06-10 22:06:17.472  4659  4660 D dalvikvm: GC_CONCURRENT freed 271K, 11% free 9421K/10567K, paused 2ms+2ms
06-10 22:06:17.484  4659  4659 D dalvikvm: GC_FOR_ALLOC freed 0K, 11% free 9421K/10567K, paused 13ms
06-10 22:06:17.488  4659  4659 I dalvikvm-heap: Grow heap (frag case) to 9.761MB for 516692-byte allocation
06-10 22:06:17.511  4659  4659 D dalvikvm: GC_FOR_ALLOC freed 252K, 13% free 9672K/11079K, paused 16ms
06-10 22:06:17.511  4659  4659 I PhoneLab-UploadLogs: OnStartCommand
06-10 22:06:17.629  4659  6349 D dalvikvm: GC_FOR_ALLOC freed 353K, 13% free 9653K/11079K, paused 53ms
06-10 22:06:17.640  4659  6349 D dalvikvm: GC_FOR_ALLOC freed 301K, 13% free 9653K/11079K, paused 12ms
06-10 22:06:17.656  4659  6349 D dalvikvm: GC_FOR_ALLOC freed 301K, 13% free 9654K/11079K, paused 12ms
06-10 22:06:20.804  4659  4659 I PhoneLab-: 1339378649091.log is deleted
06-10 22:06:20.804  4659  4659 I PhoneLab-: Response: {"data": "done", "err": ""}
06-10 22:06:20.808  4659  4659 I PhoneLab-UploadLogs: No log files to transfer
06-10 22:06:20.808  4659  4659 I PhoneLab-Locks: wake lock released
06-10 22:06:37.976   142   197 D DhcpInfoInternal: makeLinkProperties with empty dns2!
06-10 22:06:37.976   142   197 D DhcpInfoInternal: makeLinkProperties with empty dns2!
06-10 22:07:29.707  4847  4849 D dalvikvm: GC_CONCURRENT freed 513K, 8% free 10454K/11271K, paused 1ms+2ms
06-10 22:07:29.824  1204  1206 D dalvikvm: GC_CONCURRENT freed 454K, 8% free 10359K/11143K, paused 2ms+2ms
06-10 22:09:01.148   142   145 D dalvikvm: GC_CONCURRENT freed 828K, 16% free 16519K/19655K, paused 8ms+7ms
06-10 22:09:02.652   142   197 D DhcpInfoInternal: makeLinkProperties with empty dns2!
06-10 22:09:02.652   142   197 D DhcpInfoInternal: makeLinkProperties with empty dns2!
06-10 22:09:29.836  4847  4849 D dalvikvm: GC_CONCURRENT freed 512K, 8% free 10453K/11271K, paused 1ms+2ms
06-10 22:09:29.933  1204  1206 D dalvikvm: GC_CONCURRENT freed 573K, 8% free 10297K/11143K, paused 2ms+3ms
06-10 22:10:29.890  1204  1206 D dalvikvm: GC_CONCURRENT freed 436K, 8% free 10311K/11143K, paused 1ms+2ms
06-10 22:10:32.406  4891  4903 D dalvikvm: GC_EXPLICIT freed 719K, 38% free 12628K/20231K, paused 182ms+4ms
06-10 22:11:27.324   142   197 D DhcpInfoInternal: makeLinkProperties with empty dns2!
06-10 22:11:27.324   142   197 D DhcpInfoInternal: makeLinkProperties with empty dns2!
06-10 22:11:29.882  4847  4849 D dalvikvm: GC_CONCURRENT freed 508K, 8% free 10457K/11271K, paused 2ms+2ms
06-10 22:11:30.027  1204  1206 D dalvikvm: GC_CONCURRENT freed 352K, 7% free 10376K/11143K, paused 1ms+3ms
06-10 22:11:30.250  1204  1206 D dalvikvm: GC_CONCURRENT freed 219K, 6% free 10557K/11143K, paused 4ms+2ms
06-10 22:12:07.668  4690  5106 I EventLogService: Aggregate from 1339378927574 (log), 1339378927574 (data)
06-10 22:12:19.597  5451  5453 D dalvikvm: GC_CONCURRENT freed 220K, 4% free 10426K/10759K, paused 3ms+3ms
06-10 22:12:19.660  5451  6420 D dalvikvm: GC_FOR_ALLOC freed 417K, 6% free 10360K/11015K, paused 22ms
06-10 22:12:19.711  5451  6420 D dalvikvm: GC_FOR_ALLOC freed 255K, 6% free 10388K/11015K, paused 21ms
06-10 22:12:19.742  5451  6420 D dalvikvm: GC_FOR_ALLOC freed 218K, 6% free 10379K/11015K, paused 22ms
06-10 22:12:19.781  5451  6420 D dalvikvm: GC_FOR_ALLOC freed 339K, 6% free 10368K/11015K, paused 22ms
06-10 22:12:19.812  5451  6420 D dalvikvm: GC_FOR_ALLOC freed 104K, 6% free 10390K/11015K, paused 21ms
06-10 22:12:19.843  5451  6420 D dalvikvm: GC_FOR_ALLOC freed 248K, 6% free 10371K/11015K, paused 21ms
06-10 22:12:19.886  5451  6420 D dalvikvm: GC_FOR_ALLOC freed 317K, 6% free 10376K/11015K, paused 21ms
06-10 22:12:19.925  5451  6420 D dalvikvm: GC_FOR_ALLOC freed 320K, 6% free 10379K/11015K, paused 20ms
06-10 22:12:19.957  5451  6420 D dalvikvm: GC_FOR_ALLOC freed 187K, 6% free 10386K/11015K, paused 18ms
06-10 22:12:19.980  5451  6420 D dalvikvm: GC_FOR_ALLOC freed 217K, 6% free 10375K/11015K, paused 18ms
06-10 22:12:20.011  5451  6420 D dalvikvm: GC_FOR_ALLOC freed 383K, 7% free 10351K/11015K, paused 20ms
06-10 22:12:20.043  5451  6420 D dalvikvm: GC_FOR_ALLOC freed 217K, 6% free 10388K/11015K, paused 18ms
06-10 22:12:20.066  5451  6420 D dalvikvm: GC_FOR_ALLOC freed 242K, 6% free 10380K/11015K, paused 18ms
06-10 22:12:20.097  5451  6420 D dalvikvm: GC_FOR_ALLOC freed 196K, 6% free 10382K/11015K, paused 18ms
06-10 22:12:20.132  5451  6420 D dalvikvm: GC_FOR_ALLOC freed 320K, 6% free 10377K/11015K, paused 18ms
06-10 22:12:20.168  5451  6420 D dalvikvm: GC_FOR_ALLOC freed 193K, 6% free 10399K/11015K, paused 18ms
06-10 22:12:20.199  5451  6420 D dalvikvm: GC_FOR_ALLOC freed 330K, 6% free 10372K/11015K, paused 18ms
06-10 22:12:20.238  5451  6420 D dalvikvm: GC_FOR_ALLOC freed 371K, 6% free 10368K/11015K, paused 18ms
06-10 22:12:20.269  5451  6420 D dalvikvm: GC_FOR_ALLOC freed 285K, 6% free 10380K/11015K, paused 18ms
06-10 22:12:20.293  5451  6420 D dalvikvm: GC_FOR_ALLOC freed 184K, 6% free 10378K/11015K, paused 18ms
06-10 22:12:20.324  5451  6420 D dalvikvm: GC_FOR_ALLOC freed 348K, 7% free 10350K/11015K, paused 18ms
06-10 22:12:20.359  5451  6420 D dalvikvm: GC_FOR_ALLOC freed 223K, 6% free 10379K/11015K, paused 18ms
06-10 22:12:20.390  5451  6420 D dalvikvm: GC_FOR_ALLOC freed 299K, 6% free 10376K/11015K, paused 18ms
06-10 22:12:20.418  5451  6420 D dalvikvm: GC_FOR_ALLOC freed 167K, 6% free 10395K/11015K, paused 18ms
06-10 22:12:20.418  5451  6420 I dalvikvm-heap: Grow heap (frag case) to 10.400MB for 188640-byte allocation
06-10 22:12:20.449  5451  6420 D dalvikvm: GC_FOR_ALLOC freed <1K, 6% free 10580K/11207K, paused 28ms
06-10 22:12:20.484  5451  6420 D dalvikvm: GC_FOR_ALLOC freed 619K, 8% free 10349K/11207K, paused 18ms
06-10 22:12:20.535  5451  5453 D dalvikvm: GC_CONCURRENT freed 412K, 8% free 10416K/11207K, paused 1ms+2ms
06-10 22:12:20.586  5451  5453 D dalvikvm: GC_CONCURRENT freed 213K, 6% free 10634K/11207K, paused 2ms+2ms
06-10 22:12:20.629  5451  6420 D dalvikvm: GC_FOR_ALLOC freed 625K, 8% free 10405K/11271K, paused 19ms
06-10 22:12:20.672  5451  5453 D dalvikvm: GC_CONCURRENT freed 371K, 7% free 10531K/11271K, paused 2ms+2ms
06-10 22:12:20.722  5451  6420 D dalvikvm: GC_FOR_ALLOC freed 490K, 8% free 10389K/11271K, paused 18ms
06-10 22:12:20.773  5451  5453 D dalvikvm: GC_CONCURRENT freed 267K, 6% free 10634K/11271K, paused 3ms+2ms
06-10 22:12:20.851  5451  5453 D dalvikvm: GC_CONCURRENT freed 666K, 8% free 10396K/11271K, paused 1ms+2ms
06-10 22:12:20.890  5451  6420 D dalvikvm: GC_FOR_ALLOC freed 313K, 8% free 10398K/11271K, paused 19ms
06-10 22:12:20.933  5451  5453 D dalvikvm: GC_CONCURRENT freed 337K, 7% free 10572K/11271K, paused 2ms+2ms
06-10 22:12:20.980  5451  6420 D dalvikvm: GC_FOR_ALLOC freed 581K, 8% free 10372K/11271K, paused 18ms
06-10 22:12:21.035  5451  5453 D dalvikvm: GC_CONCURRENT freed 413K, 8% free 10469K/11271K, paused 2ms+2ms
06-10 22:12:21.097  5451  5453 D dalvikvm: GC_CONCURRENT freed 511K, 8% free 10467K/11271K, paused 2ms+2ms
06-10 22:12:21.168  5451  5453 D dalvikvm: GC_CONCURRENT freed 486K, 8% free 10481K/11271K, paused 1ms+2ms
06-10 22:12:21.234  5451  5453 D dalvikvm: GC_CONCURRENT freed 495K, 8% free 10385K/11271K, paused 2ms+2ms
06-10 22:12:21.297  5451  5453 D dalvikvm: GC_CONCURRENT freed 425K, 8% free 10448K/11271K, paused 2ms+3ms
06-10 22:12:21.359  5451  5453 D dalvikvm: GC_CONCURRENT freed 480K, 8% free 10428K/11271K, paused 2ms+2ms
06-10 22:12:21.418  5451  5453 D dalvikvm: GC_CONCURRENT freed 415K, 8% free 10434K/11271K, paused 2ms+2ms
06-10 22:12:21.461  5451  5453 D dalvikvm: GC_CONCURRENT freed 458K, 8% free 10388K/11271K, paused 2ms+2ms
06-10 22:12:21.511  5451  5453 D dalvikvm: GC_CONCURRENT freed 480K, 8% free 10415K/11271K, paused 2ms+2ms
06-10 22:12:21.578  5451  5453 D dalvikvm: GC_CONCURRENT freed 348K, 7% free 10556K/11271K, paused 2ms+3ms
06-10 22:12:21.609  5451  6420 D dalvikvm: GC_FOR_ALLOC freed 382K, 8% free 10379K/11271K, paused 21ms
06-10 22:12:21.664  5451  5453 D dalvikvm: GC_CONCURRENT freed 525K, 9% free 10366K/11271K, paused 2ms+2ms
06-10 22:12:21.730  5451  5453 D dalvikvm: GC_CONCURRENT freed 369K, 7% free 10508K/11271K, paused 2ms+2ms
06-10 22:12:21.800  5451  5453 D dalvikvm: GC_CONCURRENT freed 660K, 9% free 10350K/11271K, paused 2ms+3ms
06-10 22:12:21.867  5451  5453 D dalvikvm: GC_CONCURRENT freed 417K, 8% free 10440K/11271K, paused 2ms+3ms
06-10 22:12:21.933  5451  5453 D dalvikvm: GC_CONCURRENT freed 522K, 8% free 10416K/11271K, paused 2ms+2ms
06-10 22:12:21.996  5451  5453 D dalvikvm: GC_CONCURRENT freed 537K, 8% free 10388K/11271K, paused 2ms+2ms
06-10 22:12:22.070  5451  5453 D dalvikvm: GC_CONCURRENT freed 543K, 9% free 10354K/11271K, paused 1ms+3ms
06-10 22:12:22.132  5451  5453 D dalvikvm: GC_CONCURRENT freed 279K, 7% free 10568K/11271K, paused 1ms+2ms
06-10 22:12:22.183  5451  5453 D dalvikvm: GC_CONCURRENT freed 700K, 9% free 10357K/11271K, paused 2ms+2ms
06-10 22:12:22.242  5451  5453 D dalvikvm: GC_CONCURRENT freed 409K, 8% free 10432K/11271K, paused 2ms+2ms
06-10 22:12:22.289  5451  5453 D dalvikvm: GC_CONCURRENT freed 444K, 7% free 10483K/11271K, paused 2ms+2ms
06-10 22:12:22.347  5451  5453 D dalvikvm: GC_CONCURRENT freed 500K, 8% free 10451K/11271K, paused 2ms+2ms
06-10 22:12:22.406  5451  5453 D dalvikvm: GC_CONCURRENT freed 512K, 8% free 10436K/11271K, paused 2ms+2ms
06-10 22:12:22.476  5451  5453 D dalvikvm: GC_CONCURRENT freed 511K, 8% free 10385K/11271K, paused 1ms+2ms
06-10 22:12:22.539  5451  5453 D dalvikvm: GC_CONCURRENT freed 533K, 9% free 10357K/11271K, paused 2ms+2ms
06-10 22:12:22.605  5451  5453 D dalvikvm: GC_CONCURRENT freed 437K, 8% free 10432K/11271K, paused 1ms+2ms
06-10 22:12:22.668  5451  5453 D dalvikvm: GC_CONCURRENT freed 484K, 8% free 10427K/11271K, paused 2ms+2ms
06-10 22:12:22.726  5451  5453 D dalvikvm: GC_CONCURRENT freed 554K, 8% free 10376K/11271K, paused 1ms+2ms
06-10 22:12:22.789  5451  5453 D dalvikvm: GC_CONCURRENT freed 480K, 8% free 10407K/11271K, paused 2ms+2ms
06-10 22:12:22.855  5451  5453 D dalvikvm: GC_CONCURRENT freed 513K, 8% free 10404K/11271K, paused 1ms+2ms
06-10 22:12:22.922  5451  5453 D dalvikvm: GC_CONCURRENT freed 538K, 8% free 10373K/11271K, paused 2ms+3ms
06-10 22:12:23.011  5451  5453 D dalvikvm: GC_CONCURRENT freed 497K, 8% free 10388K/11271K, paused 2ms+2ms
06-10 22:12:23.113  5451  5453 D dalvikvm: GC_CONCURRENT freed 489K, 8% free 10410K/11271K, paused 1ms+3ms
06-10 22:12:23.195  5451  5453 D dalvikvm: GC_CONCURRENT freed 497K, 8% free 10424K/11271K, paused 2ms+3ms
06-10 22:12:23.281  5451  5453 D dalvikvm: GC_CONCURRENT freed 497K, 8% free 10439K/11271K, paused 1ms+2ms
06-10 22:12:23.375  5451  5453 D dalvikvm: GC_CONCURRENT freed 496K, 8% free 10454K/11271K, paused 1ms+4ms
06-10 22:12:23.461  5451  5453 D dalvikvm: GC_CONCURRENT freed 533K, 8% free 10432K/11271K, paused 1ms+2ms
06-10 22:12:23.543  5451  5453 D dalvikvm: GC_CONCURRENT freed 465K, 8% free 10478K/11271K, paused 2ms+4ms
06-10 22:12:23.632  5451  5453 D dalvikvm: GC_CONCURRENT freed 519K, 8% free 10471K/11271K, paused 2ms+3ms
06-10 22:12:23.715  5451  5453 D dalvikvm: GC_CONCURRENT freed 621K, 9% free 10353K/11271K, paused 2ms+2ms
06-10 22:12:23.808  5451  5453 D dalvikvm: GC_CONCURRENT freed 512K, 9% free 10352K/11271K, paused 1ms+2ms
06-10 22:12:23.894  5451  5453 D dalvikvm: GC_CONCURRENT freed 440K, 8% free 10423K/11271K, paused 2ms+3ms
06-10 22:12:23.992  5451  5453 D dalvikvm: GC_CONCURRENT freed 535K, 8% free 10400K/11271K, paused 2ms+3ms
06-10 22:12:24.074  5451  5453 D dalvikvm: GC_CONCURRENT freed 441K, 8% free 10469K/11271K, paused 2ms+2ms
06-10 22:12:24.160  5451  5453 D dalvikvm: GC_CONCURRENT freed 575K, 8% free 10406K/11271K, paused 1ms+3ms
06-10 22:12:24.242  5451  5453 D dalvikvm: GC_CONCURRENT freed 443K, 8% free 10475K/11271K, paused 2ms+3ms
06-10 22:12:24.324  5451  5453 D dalvikvm: GC_CONCURRENT freed 538K, 8% free 10449K/11271K, paused 2ms+2ms
06-10 22:12:24.406  5451  5453 D dalvikvm: GC_CONCURRENT freed 600K, 9% free 10356K/11271K, paused 2ms+3ms
06-10 22:12:24.488  5451  5453 D dalvikvm: GC_CONCURRENT freed 503K, 9% free 10364K/11271K, paused 2ms+2ms
06-10 22:12:24.570  5451  5453 D dalvikvm: GC_CONCURRENT freed 447K, 8% free 10429K/11271K, paused 2ms+3ms
06-10 22:12:24.656  5451  5453 D dalvikvm: GC_CONCURRENT freed 557K, 8% free 10384K/11271K, paused 1ms+3ms
06-10 22:12:24.738  5451  5453 D dalvikvm: GC_CONCURRENT freed 544K, 9% free 10348K/11271K, paused 1ms+2ms
06-10 22:12:24.824  5451  5453 D dalvikvm: GC_CONCURRENT freed 443K, 9% free 10360K/11271K, paused 2ms+2ms
06-10 22:12:29.992  1204  1206 D dalvikvm: GC_CONCURRENT freed 683K, 8% free 10337K/11143K, paused 2ms+3ms
06-10 22:13:29.961  4847  4849 D dalvikvm: GC_CONCURRENT freed 509K, 8% free 10459K/11271K, paused 2ms+2ms
06-10 22:13:52.218   142   197 D DhcpInfoInternal: makeLinkProperties with empty dns2!
06-10 22:13:52.226   142   197 D DhcpInfoInternal: makeLinkProperties with empty dns2!
06-10 22:14:28.160   142   333 D dalvikvm: GC_EXPLICIT freed 920K, 16% free 16517K/19655K, paused 2ms+6ms
06-10 22:14:30.058  1204  1206 D dalvikvm: GC_CONCURRENT freed 533K, 8% free 10315K/11143K, paused 2ms+3ms
06-10 22:15:30.023  4847  4849 D dalvikvm: GC_CONCURRENT freed 513K, 8% free 10457K/11271K, paused 1ms+2ms
06-10 22:15:30.109  1204  6450 D dalvikvm: GC_EXPLICIT freed 140K, 8% free 10259K/11143K, paused 2ms+2ms
06-10 22:16:03.062  4847  4867 D SCollector: Waiting for the ScannerThread to start.
06-10 22:16:03.062  4847  6451 D SCollector: PreScan started with config: Scanner types: [8]; ScanDuration: 10000, SensorDelay: 0, viewOptedOutWifiAps: false
06-10 22:16:03.066  4847  6451 D SCollector: aq started.
06-10 22:16:03.066  4847  6451 D SCollector: F started.
06-10 22:16:03.066  4847  6451 D SCollector: PreScanner started.
06-10 22:16:04.101  4891  4892 D dalvikvm: GC_CONCURRENT freed 988K, 38% free 12738K/20231K, paused 25ms+4ms
06-10 22:16:13.121  4847  4847 D SCollector: aq stopped.
06-10 22:16:13.121  4847  4847 D SCollector: All scanner finished.
06-10 22:16:13.121  4847  4847 D SCollector: F stopped.
06-10 22:16:13.121   142   294 W ActivityManager: finishReceiver called but no pending broadcasts
06-10 22:16:13.172  4847  6451 D SCollector: PreScanning finished.
06-10 22:16:13.203  4847  4849 D dalvikvm: GC_CONCURRENT freed 280K, 6% free 10688K/11271K, paused 5ms+3ms
06-10 22:16:13.277  4847  6451 D SCollector: PreScanDecision returns false. Will not do real collection.
06-10 22:16:13.277  4847  6451 D SCollector: SignalCollector.ScannerThread is quiting.
06-10 22:16:17.070   142   197 D DhcpInfoInternal: makeLinkProperties with empty dns2!
06-10 22:16:17.070   142   197 D DhcpInfoInternal: makeLinkProperties with empty dns2!
06-10 22:16:17.750  4659  4672 I PhoneLab-: Service Running
06-10 22:16:17.820  4659  4672 I PhoneLab-LoggerService: app_38    1446  1     1436   1068  c00f181c 400107b4 S logcat
06-10 22:16:17.820  4659  4672 I PhoneLab-LoggerService: Logcat pid from database 1446
06-10 22:16:17.824  4659  4672 I PhoneLab-LoggerService: Logcat process found 1446
06-10 22:16:17.824  4659  4672 I PhoneLab-LoggerService: Checking Threshold
06-10 22:16:17.824  4659  4672 I PhoneLab-: Service Running
06-10 22:16:17.863  4659  4660 D dalvikvm: GC_CONCURRENT freed 888K, 18% free 9168K/11079K, paused 1ms+1ms
06-10 22:16:17.867  4659  4672 I PhoneLab-LoggerService: app_38    1446  1     1436   1068  c00ab7c8 40010474 D logcat
06-10 22:16:17.867  4659  4672 I PhoneLab-LoggerService: Logcat pid from database 1446
06-10 22:16:17.867  4659  4672 I PhoneLab-LoggerService: Logcat process found 1446
06-10 22:16:17.867  4659  4672 I PhoneLab-LoggerService: Checking Threshold
06-10 22:16:17.867  4659  4672 I PhoneLab-: Service Running
06-10 22:16:17.902  4659  4672 I PhoneLab-LoggerService: app_38    1446  1     1436   1068  c00ab7c8 40010474 D logcat
06-10 22:16:17.902  4659  4672 I PhoneLab-LoggerService: Logcat pid from database 1446
06-10 22:16:17.902  4659  4672 I PhoneLab-LoggerService: Logcat process found 1446
06-10 22:16:17.902  4659  4672 I PhoneLab-LoggerService: Checking Threshold
06-10 22:16:17.902  4659  4672 I PhoneLab-: Service Running
06-10 22:16:17.933  4659  4672 I PhoneLab-LoggerService: app_38    1446  1     1436   1068  c00ab7c8 40010474 D logcat
06-10 22:16:17.933  4659  4672 I PhoneLab-LoggerService: Logcat pid from database 1446
06-10 22:16:17.933  4659  4672 I PhoneLab-LoggerService: Logcat process found 1446
06-10 22:16:17.933  4659  4672 I PhoneLab-LoggerService: Checking Threshold
06-10 22:16:17.933  4659  4672 I PhoneLab-: Service Running
06-10 22:16:17.961  4659  4672 I PhoneLab-LoggerService: app_38    1446  1     1436   1068  c00ab7c8 40010474 D logcat
06-10 22:16:17.961  4659  4672 I PhoneLab-LoggerService: Logcat pid from database 1446
06-10 22:16:17.961  4659  4672 I PhoneLab-LoggerService: Logcat process found 1446
06-10 22:16:17.961  4659  4672 I PhoneLab-LoggerService: Checking Threshold
06-10 22:16:30.129  4847  4849 D dalvikvm: GC_CONCURRENT freed 769K, 8% free 10453K/11335K, paused 1ms+6ms
06-10 22:16:30.183  1204  1206 D dalvikvm: GC_CONCURRENT freed 464K, 8% free 10300K/11143K, paused 8ms+2ms
06-10 22:16:36.082   342   345 D dalvikvm: GC_CONCURRENT freed 785K, 9% free 11839K/12935K, paused 2ms+3ms
06-10 22:16:43.254   142   158 V BackupManagerService: Running a backup pass
06-10 22:16:43.273   142   212 V BackupManagerService: Backup requested but nothing pending
06-10 22:18:21.023   142   174 I power   : *** set_screen_state 1
06-10 22:18:21.136   142   174 I WindowManager: Lock screen displayed!
06-10 22:18:21.257    79   118 D SurfaceFlinger: Screen about to return, flinger = 0x1e2b918
06-10 22:18:26.082    85    85 I keystore: uid: 1000 action: p -> 1 state: 1 -> 1 retry: 4
06-10 22:18:26.097   213   213 D PhoneStatusBar: disable: < expand* icons alerts ticker* system_info BACK HOME recent* CLOCK >
06-10 22:18:26.117   142   922 W InputManagerService: Window already focused, ignoring focus gain of: com.android.internal.view.IInputMethodClient$Stub$Proxy@4196a378
06-10 22:18:26.136   213   213 D PhoneStatusBar: disable: < expand icons alerts ticker system_info back* home* recent clock* >
06-10 22:18:26.453  4690  4693 D dalvikvm: GC_CONCURRENT freed 336K, 5% free 10289K/10759K, paused 2ms+3ms
06-10 22:18:26.695  3425  3427 D dalvikvm: GC_CONCURRENT freed 415K, 5% free 9918K/10439K, paused 5ms+5ms
06-10 22:18:26.867  3425  3427 D dalvikvm: GC_CONCURRENT freed 471K, 6% free 9836K/10439K, paused 2ms+3ms
06-10 22:18:26.961  3425  3436 D dalvikvm: GC_EXPLICIT freed 217K, 7% free 9776K/10439K, paused 2ms+3ms
06-10 22:18:27.191   342   342 D SAN_SERVICE: *******************************************
06-10 22:18:27.191   342   342 D SAN_SERVICE: DM App Phone Service State - 0
06-10 22:18:27.191   342   342 D SAN_SERVICE: *******************************************
06-10 22:18:28.957   142   919 D dalvikvm: GC_EXPLICIT freed 1948K, 21% free 15702K/19655K, paused 32ms+8ms
06-10 22:18:30.359  4690  4693 D dalvikvm: GC_CONCURRENT freed 445K, 6% free 10244K/10823K, paused 7ms+3ms
06-10 22:18:30.394  4847  4849 D dalvikvm: GC_CONCURRENT freed 506K, 8% free 10453K/11335K, paused 2ms+52ms
06-10 22:18:30.449  1204  1206 D dalvikvm: GC_CONCURRENT freed 494K, 8% free 10317K/11143K, paused 2ms+3ms
06-10 22:18:30.671   142   294 I ActivityManager: START {act=android.intent.action.MAIN cat=[android.intent.category.LAUNCHER] flg=0x10200000 cmp=com.google.android.talk/.SigningInActivity bnds=[96,706][192,802]} from pid 374
06-10 22:18:30.871  4946  4946 D vclib:CallStateClient: startListening
06-10 22:18:30.902  4946  6490 E talk    : [Databaseutils] pruneOldMessageHistory
06-10 22:18:30.996   374   374 D OpenGLRenderer: Flushing caches (mode 1)
06-10 22:18:31.043   142   173 I ActivityManager: Displayed com.google.android.talk/.SigningInActivity: +305ms
06-10 22:18:31.070   374   374 D OpenGLRenderer: Flushing caches (mode 0)
06-10 22:18:31.531  4946  4946 D vclib:CallStateClient: stopListening
06-10 22:18:31.531  4946  4946 D vclib:CallStateClient: startListening
06-10 22:18:31.629  4946  4949 D dalvikvm: GC_CONCURRENT freed 212K, 6% free 10787K/11399K, paused 1ms+7ms
06-10 22:18:34.488  4946  4946 D OpenGLRenderer: Flushing caches (mode 0)
06-10 22:18:35.015  4946  4946 D OpenGLRenderer: Flushing caches (mode 1)
06-10 22:18:35.039  4946  4946 D vclib:CallStateClient: stopListening
06-10 22:18:36.363   142   170 I power   : *** set_screen_state 0
06-10 22:18:36.418    79   118 D SurfaceFlinger: About to give-up screen, flinger = 0x1e2b918
06-10 22:18:36.535   142   174 V TransportControlView: Create TCV com.android.internal.widget.TransportControlView@418065a8
06-10 22:18:36.617   213   213 D PhoneStatusBar: disable: < EXPAND* icons alerts TICKER* system_info back home RECENT* clock >
06-10 22:18:41.050   213   213 D PhoneStatusBar: disable: < EXPAND icons alerts TICKER system_info BACK* HOME* RECENT CLOCK* >
06-10 22:18:41.175   142   174 D dalvikvm: GC_FOR_ALLOC freed 1319K, 20% free 15782K/19655K, paused 72ms
06-10 22:18:41.933   142   197 D DhcpInfoInternal: makeLinkProperties with empty dns2!
06-10 22:18:41.933   142   197 D DhcpInfoInternal: makeLinkProperties with empty dns2!
06-10 22:20:30.437  4847  4849 D dalvikvm: GC_CONCURRENT freed 508K, 8% free 10455K/11335K, paused 1ms+7ms
06-10 22:20:30.468  1204  1206 D dalvikvm: GC_CONCURRENT freed 520K, 8% free 10309K/11143K, paused 2ms+2ms
06-10 22:21:07.062   142   197 D DhcpInfoInternal: makeLinkProperties with empty dns2!
06-10 22:21:07.062   142   197 D DhcpInfoInternal: makeLinkProperties with empty dns2!
06-10 22:21:07.648  4891  4892 D dalvikvm: GC_CONCURRENT freed 1125K, 38% free 12736K/20231K, paused 14ms+6ms
06-10 22:21:30.379  4659  4672 I PhoneLab-: Service Running
06-10 22:21:30.480  4659  4672 I PhoneLab-LoggerService: app_38    1446  1     1436   1068  c00f181c 400107b4 S logcat
06-10 22:21:30.480  4659  4672 I PhoneLab-LoggerService: Logcat pid from database 1446
06-10 22:21:30.480  4659  4672 I PhoneLab-LoggerService: Logcat process found 1446
06-10 22:21:30.480  4659  4672 I PhoneLab-LoggerService: Checking Threshold
06-10 22:21:30.480  4659  4672 I PhoneLab-: Service Running
06-10 22:21:30.589  4659  4672 I PhoneLab-LoggerService: app_38    1446  1     1436   1068  c00f181c 400107b4 S logcat
06-10 22:21:30.589  4659  4672 I PhoneLab-LoggerService: Logcat pid from database 1446
06-10 22:21:30.589  4659  4672 I PhoneLab-LoggerService: Logcat process found 1446
06-10 22:21:30.589  4659  4672 I PhoneLab-LoggerService: Checking Threshold
06-10 22:21:30.589  4659  4672 I PhoneLab-: Service Running
06-10 22:21:30.644  4659  4672 I PhoneLab-LoggerService: app_38    1446  1     1436   1068  c00f181c 400107b4 S logcat
06-10 22:21:30.644  4659  4672 I PhoneLab-LoggerService: Logcat pid from database 1446
06-10 22:21:30.644  4659  4672 I PhoneLab-LoggerService: Logcat process found 1446
06-10 22:21:30.644  4659  4672 I PhoneLab-LoggerService: Checking Threshold
06-10 22:21:30.683  1204  1206 D dalvikvm: GC_CONCURRENT freed 423K, 8% free 10301K/11143K, paused 2ms+2ms
06-10 22:22:30.668  4847  4849 D dalvikvm: GC_CONCURRENT freed 506K, 8% free 10460K/11335K, paused 2ms+3ms
06-10 22:22:39.031   142   153 D AlarmManagerService: Kernel timezone updated to 240 minutes west of GMT
06-10 22:22:39.035   342   342 D SystemClock: Setting time of day to sec=1339381359
06-10 22:22:39.126  5174  5200 V AlarmClock: AlarmInitReceiver finished
06-10 22:22:44.359   142   145 D dalvikvm: GC_CONCURRENT freed 830K, 16% free 16519K/19655K, paused 3ms+7ms
06-10 22:23:29.715   342   342 D SAN_SERVICE: *******************************************
06-10 22:23:29.715   342   342 D SAN_SERVICE: DM App Phone Service State - 0
06-10 22:23:29.715   342   342 D SAN_SERVICE: *******************************************
06-10 22:23:29.898   342   342 D SAN_SERVICE: *******************************************
06-10 22:23:29.898   342   342 D SAN_SERVICE: DM App Phone Service State - 0
06-10 22:23:29.898   342   342 D SAN_SERVICE: *******************************************
06-10 22:23:30.757  1204  1206 D dalvikvm: GC_CONCURRENT freed 464K, 8% free 10348K/11143K, paused 2ms+2ms
06-10 22:23:30.859  1204  1206 D dalvikvm: GC_CONCURRENT freed 274K, 6% free 10491K/11143K, paused 2ms+2ms
06-10 22:23:31.965   142   197 D DhcpInfoInternal: makeLinkProperties with empty dns2!
06-10 22:23:31.968   142   197 D DhcpInfoInternal: makeLinkProperties with empty dns2!
06-10 22:23:34.113  1204  1206 D dalvikvm: GC_CONCURRENT freed 609K, 8% free 10281K/11143K, paused 2ms+2ms
06-10 22:24:30.711  4847  4849 D dalvikvm: GC_CONCURRENT freed 509K, 8% free 10463K/11335K, paused 2ms+2ms
06-10 22:24:35.035  2848  2848 I wpa_supplicant: wlan0: WPA: Group rekeying completed with 94:44:52:17:be:7d [GTK=CCMP]
06-10 22:25:30.832  1204  1206 D dalvikvm: GC_CONCURRENT freed 458K, 8% free 10333K/11143K, paused 1ms+4ms
06-10 22:25:31.484  4847  4849 D dalvikvm: GC_CONCURRENT freed 373K, 8% free 10479K/11335K, paused 2ms+6ms
06-10 22:25:56.843   142   197 D DhcpInfoInternal: makeLinkProperties with empty dns2!
06-10 22:25:56.843   142   197 D DhcpInfoInternal: makeLinkProperties with empty dns2!
06-10 22:26:08.527   142   922 D dalvikvm: GC_EXPLICIT freed 588K, 17% free 16500K/19655K, paused 3ms+6ms
06-10 22:27:31.375  4847  4849 D dalvikvm: GC_CONCURRENT freed 521K, 8% free 10469K/11335K, paused 1ms+3ms
06-10 22:27:31.480  1204  1206 D dalvikvm: GC_CONCURRENT freed 517K, 8% free 10321K/11143K, paused 2ms+3ms
06-10 22:27:34.949   142   142 D AlarmManagerService: Kernel timezone updated to 240 minutes west of GMT
06-10 22:27:43.015   142   174 I power   : *** set_screen_state 1
06-10 22:27:43.105   142   174 I WindowManager: Lock screen displayed!
06-10 22:27:43.254    79   118 D SurfaceFlinger: Screen about to return, flinger = 0x1e2b918
06-10 22:27:45.445   342   342 D SAN_SERVICE: *******************************************
06-10 22:27:45.445   342   342 D SAN_SERVICE: DM App Phone Service State - 0
06-10 22:27:45.445   342   342 D SAN_SERVICE: *******************************************
06-10 22:27:45.769   342   342 D SAN_SERVICE: *******************************************
06-10 22:27:45.769   342   342 D SAN_SERVICE: DM App Phone Service State - 0
06-10 22:27:45.769   342   342 D SAN_SERVICE: *******************************************
06-10 22:27:48.136    85    85 I keystore: uid: 1000 action: p -> 1 state: 1 -> 1 retry: 4
06-10 22:27:48.148   213   213 D PhoneStatusBar: disable: < expand* icons alerts ticker* system_info BACK HOME recent* CLOCK >
06-10 22:27:48.164   142   370 W InputManagerService: Window already focused, ignoring focus gain of: com.android.internal.view.IInputMethodClient$Stub$Proxy@41605850
06-10 22:27:48.179   213   213 D PhoneStatusBar: disable: < expand icons alerts ticker system_info back* home* recent clock* >
06-10 22:27:48.836  4690  4693 D dalvikvm: GC_CONCURRENT freed 438K, 6% free 10252K/10823K, paused 9ms+6ms
06-10 22:27:50.031   142   370 I ActivityManager: START {act=android.intent.action.MAIN cat=[android.intent.category.LAUNCHER] flg=0x10200000 cmp=com.google.android.talk/.SigningInActivity bnds=[96,706][192,802]} from pid 374
06-10 22:27:50.226  4946  4946 D vclib:CallStateClient: startListening
06-10 22:27:50.285  4946  6603 E talk    : [Databaseutils] pruneOldMessageHistory
06-10 22:27:50.328  4946  4949 D dalvikvm: GC_CONCURRENT freed 654K, 7% free 10652K/11399K, paused 3ms+4ms
06-10 22:27:50.390   374   374 D OpenGLRenderer: Flushing caches (mode 1)
06-10 22:27:50.457  4946  4946 D dalvikvm: GC_EXPLICIT freed 54K, 8% free 10600K/11399K, paused 6ms+7ms
06-10 22:27:50.504   142   173 I ActivityManager: Displayed com.google.android.talk/.SigningInActivity: +409ms
06-10 22:27:50.523   374   374 D OpenGLRenderer: Flushing caches (mode 0)
06-10 22:27:50.691  4690  6485 D dalvikvm: GC_EXPLICIT freed 153K, 6% free 10177K/10823K, paused 4ms+4ms
06-10 22:27:50.796  4946  4946 D vclib:CallStateClient: stopListening
06-10 22:27:50.800  4946  4946 D vclib:CallStateClient: startListening
06-10 22:27:50.976  4946  4949 D dalvikvm: GC_CONCURRENT freed 559K, 9% free 10485K/11399K, paused 2ms+2ms
06-10 22:27:53.195  4946  4946 D OpenGLRenderer: Flushing caches (mode 0)
06-10 22:27:54.554  4946  4946 D OpenGLRenderer: Flushing caches (mode 1)
06-10 22:27:54.566  4946  4946 D vclib:CallStateClient: stopListening
06-10 22:27:55.285   142   170 I power   : *** set_screen_state 0
06-10 22:27:55.332    79   118 D SurfaceFlinger: About to give-up screen, flinger = 0x1e2b918
06-10 22:27:55.382   142   174 V TransportControlView: Create TCV com.android.internal.widget.TransportControlView@417cbd28
06-10 22:27:55.449   213   213 D PhoneStatusBar: disable: < EXPAND* icons alerts TICKER* system_info back home RECENT* clock >
06-10 22:27:55.468   213   213 D PhoneStatusBar: disable: < EXPAND icons alerts TICKER system_info BACK* HOME* RECENT CLOCK* >
06-10 22:27:59.086   142   174 D dalvikvm: GC_FOR_ALLOC freed 2217K, 19% free 15933K/19655K, paused 619ms
06-10 22:28:21.925   142   197 D DhcpInfoInternal: makeLinkProperties with empty dns2!
06-10 22:28:21.925   142   197 D DhcpInfoInternal: makeLinkProperties with empty dns2!
06-10 22:29:31.582  4847  4849 D dalvikvm: GC_CONCURRENT freed 513K, 8% free 10467K/11335K, paused 2ms+3ms
06-10 22:29:31.672  1204  1206 D dalvikvm: GC_CONCURRENT freed 531K, 8% free 10301K/11143K, paused 4ms+3ms
06-10 22:30:29.082   213   215 D dalvikvm: GC_CONCURRENT freed 396K, 37% free 9654K/15239K, paused 2ms+3ms
06-10 22:30:31.746  1204  1206 D dalvikvm: GC_CONCURRENT freed 429K, 8% free 10308K/11143K, paused 2ms+3ms
06-10 22:30:46.691   142   197 D DhcpInfoInternal: makeLinkProperties with empty dns2!
06-10 22:30:46.691   142   197 D DhcpInfoInternal: makeLinkProperties with empty dns2!
06-10 22:31:11.898  4891  4892 D dalvikvm: GC_CONCURRENT freed 1110K, 37% free 12793K/20231K, paused 23ms+4ms
06-10 22:31:13.449  4891  6656 I DatabaseHelper: Begin cleanup.
06-10 22:31:13.472  4891  6656 I DatabaseHelper: Cleaned up: 0
06-10 22:31:31.679  4847  4849 D dalvikvm: GC_CONCURRENT freed 508K, 8% free 10470K/11335K, paused 2ms+3ms
06-10 22:31:31.824  1204  1206 D dalvikvm: GC_CONCURRENT freed 343K, 7% free 10382K/11143K, paused 2ms+3ms
06-10 22:31:32.461  1204  1206 D dalvikvm: GC_CONCURRENT freed 211K, 6% free 10559K/11143K, paused 5ms+2ms
06-10 22:31:34.461  4659  4672 I PhoneLab-: Service Running
06-10 22:31:34.726  4659  4672 I PhoneLab-LoggerService: app_38    1446  1     1436   1068  c00f181c 400107b4 S logcat
06-10 22:31:34.726  4659  4672 I PhoneLab-LoggerService: Logcat pid from database 1446
06-10 22:31:34.726  4659  4672 I PhoneLab-LoggerService: Logcat process found 1446
06-10 22:31:34.726  4659  4672 I PhoneLab-LoggerService: Checking Threshold
06-10 22:31:34.726  4659  4672 I PhoneLab-: Service Running
06-10 22:31:34.754  4659  4660 D dalvikvm: GC_CONCURRENT freed 414K, 18% free 9149K/11079K, paused 1ms+2ms
06-10 22:31:34.785  4659  4672 I PhoneLab-LoggerService: app_38    1446  1     1436   1068  c00f181c 400107b4 S logcat
06-10 22:31:34.785  4659  4672 I PhoneLab-LoggerService: Logcat pid from database 1446
06-10 22:31:34.785  4659  4672 I PhoneLab-LoggerService: Logcat process found 1446
06-10 22:31:34.785  4659  4672 I PhoneLab-LoggerService: Checking Threshold
06-10 22:31:34.785  4659  4672 I PhoneLab-: Service Running
06-10 22:31:34.816  4659  4672 I PhoneLab-LoggerService: app_38    1446  1     1436   1068  c00f181c 400107b4 S logcat
06-10 22:31:34.816  4659  4672 I PhoneLab-LoggerService: Logcat pid from database 1446
06-10 22:31:34.816  4659  4672 I PhoneLab-LoggerService: Logcat process found 1446
06-10 22:31:34.816  4659  4672 I PhoneLab-LoggerService: Checking Threshold
06-10 22:31:34.816  4659  4672 I PhoneLab-: Service Running
06-10 22:31:34.843  4659  4672 I PhoneLab-LoggerService: app_38    1446  1     1436   1068  c00f181c 400107b4 S logcat
06-10 22:31:34.843  4659  4672 I PhoneLab-LoggerService: Logcat pid from database 1446
06-10 22:31:34.843  4659  4672 I PhoneLab-LoggerService: Logcat process found 1446
06-10 22:31:34.843  4659  4672 I PhoneLab-LoggerService: Checking Threshold
06-10 22:31:34.843  4659  4672 I PhoneLab-: Service Running
06-10 22:31:34.875  4659  4672 I PhoneLab-LoggerService: app_38    1446  1     1436   1068  c00f181c 400107b4 S logcat
06-10 22:31:34.875  4659  4672 I PhoneLab-LoggerService: Logcat pid from database 1446
06-10 22:31:34.875  4659  4672 I PhoneLab-LoggerService: Logcat process found 1446
06-10 22:31:34.875  4659  4672 I PhoneLab-LoggerService: Checking Threshold
06-10 22:32:31.820   142   145 D dalvikvm: GC_CONCURRENT freed 1023K, 16% free 16531K/19655K, paused 3ms+6ms
06-10 22:32:31.902  1204  1206 D dalvikvm: GC_CONCURRENT freed 678K, 8% free 10311K/11143K, paused 1ms+2ms
06-10 22:33:11.589   142   197 D DhcpInfoInternal: makeLinkProperties with empty dns2!
06-10 22:33:11.593   142   197 D DhcpInfoInternal: makeLinkProperties with empty dns2!
06-10 22:33:26.015   142   174 I power   : *** set_screen_state 1
06-10 22:33:26.125   142   174 I WindowManager: Lock screen displayed!
06-10 22:33:26.148   374   377 D dalvikvm: GC_CONCURRENT freed 701K, 17% free 11270K/13447K, paused 2ms+5ms
06-10 22:33:26.238    79   118 D SurfaceFlinger: Screen about to return, flinger = 0x1e2b918
06-10 22:33:27.836   142   170 I power   : *** set_screen_state 0
06-10 22:33:27.890    79   118 D SurfaceFlinger: About to give-up screen, flinger = 0x1e2b918
06-10 22:33:27.937   142   174 V TransportControlView: Create TCV com.android.internal.widget.TransportControlView@417656e0
06-10 22:33:29.062   142   174 D dalvikvm: GC_FOR_ALLOC freed 1356K, 20% free 15779K/19655K, paused 608ms
06-10 22:33:30.570   142   153 D dalvikvm: GC_EXPLICIT freed 63K, 17% free 16448K/19655K, paused 25ms+7ms
06-10 22:33:30.605  4847  4867 D dalvikvm: GC_EXPLICIT freed 353K, 8% free 10461K/11335K, paused 2ms+3ms
06-10 22:34:31.968  4847  4849 D dalvikvm: GC_CONCURRENT freed 496K, 8% free 10477K/11335K, paused 2ms+3ms
06-10 22:34:32.078  1204  1206 D dalvikvm: GC_CONCURRENT freed 500K, 8% free 10322K/11143K, paused 1ms+2ms
06-10 22:35:36.476   142   197 D DhcpInfoInternal: makeLinkProperties with empty dns2!
06-10 22:35:36.476   142   197 D DhcpInfoInternal: makeLinkProperties with empty dns2!
06-10 22:36:17.211   342   342 D SAN_SERVICE: *******************************************
06-10 22:36:17.211   342   342 D SAN_SERVICE: DM App Phone Service State - 0
06-10 22:36:17.211   342   342 D SAN_SERVICE: *******************************************
06-10 22:36:17.425  4659  4659 I PhoneLab-Locks: wake lock acquired
06-10 22:36:17.449  4659  6717 I PhoneLab-PeriodicCheckService: User info is synched
06-10 22:36:17.449  4659  6717 I PhoneLab-PeriodicCheckService: Logger Service is running
06-10 22:36:17.453  4659  4659 I PhoneLab-Locks: wake lock acquired
06-10 22:36:17.457  4659  4659 I PhoneLab-StatusMonitor: Status Monitoring is started
06-10 22:36:17.461  4659  4659 E PhoneLab-PhoneLabManifest: java.io.FileNotFoundException: /data/data/edu.buffalo.cse.phonelab.phonelabservices/files/manifest.xml: open failed: ENOENT (No such file or directory)
06-10 22:36:17.461  4659  4659 I PhoneLab-Locks: wake lock released
06-10 22:36:17.465  4659  6717 I PhoneLab-Locks: wake lock acquired
06-10 22:36:17.468  4659  4659 I PhoneLab-UploadLogs: Transfering log files now
06-10 22:36:17.468  4659  4659 I PhoneLab-UploadLogs: No log files to transfer
06-10 22:36:17.468  4659  4659 I PhoneLab-Locks: wake lock released
06-10 22:36:17.468  4659  4659 I PhoneLab-UploadLogs: OnStartCommand
06-10 22:36:17.472  4659  6717 I PhoneLab-PeriodicCheckService: Rescheduling periodic checking...
06-10 22:36:17.472  4659  6717 I PhoneLab-Locks: wake lock released
06-10 22:36:17.980   342   342 D SAN_SERVICE: *******************************************
06-10 22:36:17.980   342   342 D SAN_SERVICE: DM App Phone Service State - 0
06-10 22:36:17.980   342   342 D SAN_SERVICE: *******************************************
06-10 22:36:32.039  4847  4849 D dalvikvm: GC_CONCURRENT freed 512K, 8% free 10476K/11335K, paused 2ms+3ms
06-10 22:36:32.132  1204  1206 D dalvikvm: GC_CONCURRENT freed 520K, 8% free 10311K/11143K, paused 2ms+2ms
06-10 22:36:32.230  1204  1206 D dalvikvm: GC_CONCURRENT freed 256K, 7% free 10471K/11143K, paused 1ms+2ms
06-10 22:36:32.531   342   342 D SAN_SERVICE: *******************************************
06-10 22:36:32.531   342   342 D SAN_SERVICE: DM App Phone Service State - 0
06-10 22:36:32.531   342   342 D SAN_SERVICE: *******************************************
06-10 22:36:33.273   342   342 D SAN_SERVICE: *******************************************
06-10 22:36:33.273   342   342 D SAN_SERVICE: DM App Phone Service State - 0
06-10 22:36:33.273   342   342 D SAN_SERVICE: *******************************************
06-10 22:36:34.207  1204  1206 D dalvikvm: GC_CONCURRENT freed 322K, 6% free 10553K/11143K, paused 1ms+3ms
06-10 22:38:01.332   142   197 D DhcpInfoInternal: makeLinkProperties with empty dns2!
06-10 22:38:01.332   142   197 D DhcpInfoInternal: makeLinkProperties with empty dns2!
06-10 22:38:32.125  4847  4849 D dalvikvm: GC_CONCURRENT freed 510K, 8% free 10477K/11335K, paused 1ms+2ms
06-10 22:38:32.250  1204  1206 D dalvikvm: GC_CONCURRENT freed 732K, 8% free 10333K/11143K, paused 1ms+2ms
06-10 22:39:31.812   342   342 D SAN_SERVICE: *******************************************
06-10 22:39:31.812   342   342 D SAN_SERVICE: DM App Phone Service State - 0
06-10 22:39:31.812   342   342 D SAN_SERVICE: *******************************************
06-10 22:39:32.093   342   342 D SAN_SERVICE: *******************************************
06-10 22:39:32.093   342   342 D SAN_SERVICE: DM App Phone Service State - 0
06-10 22:39:32.093   342   342 D SAN_SERVICE: *******************************************
06-10 22:39:32.418  1204  1206 D dalvikvm: GC_CONCURRENT freed 489K, 8% free 10307K/11143K, paused 7ms+2ms
06-10 22:39:32.843   342   342 D SAN_SERVICE: *******************************************
06-10 22:39:32.843   342   342 D SAN_SERVICE: DM App Phone Service State - 0
06-10 22:39:32.843   342   342 D SAN_SERVICE: *******************************************
06-10 22:39:46.015   142   174 I power   : *** set_screen_state 1
06-10 22:39:46.113   142   174 I WindowManager: Lock screen displayed!
06-10 22:39:46.254    79   118 D SurfaceFlinger: Screen about to return, flinger = 0x1e2b918
06-10 22:39:48.570    85    85 I keystore: uid: 1000 action: p -> 1 state: 1 -> 1 retry: 4
06-10 22:39:48.582   213   213 D PhoneStatusBar: disable: < expand* icons alerts ticker* system_info BACK HOME recent* CLOCK >
06-10 22:39:48.597   142   921 W InputManagerService: Window already focused, ignoring focus gain of: com.android.internal.view.IInputMethodClient$Stub$Proxy@4164f608
06-10 22:39:48.613   213   213 D PhoneStatusBar: disable: < expand icons alerts ticker system_info back* home* recent clock* >
06-10 22:39:48.996  3425  3427 D dalvikvm: GC_CONCURRENT freed 365K, 7% free 9799K/10439K, paused 2ms+4ms
06-10 22:39:49.324  4690  4693 D dalvikvm: GC_CONCURRENT freed 310K, 6% free 10254K/10823K, paused 2ms+4ms
06-10 22:39:50.359   374   377 D dalvikvm: GC_CONCURRENT freed 180K, 13% free 11795K/13447K, paused 6ms+4ms
06-10 22:39:50.402   374  6757 D dalvikvm: GC_FOR_ALLOC freed 250K, 13% free 11802K/13447K, paused 21ms
06-10 22:39:50.406   374  6757 I dalvikvm-heap: Grow heap (frag case) to 12.153MB for 589840-byte allocation
06-10 22:39:50.433   374   374 D dalvikvm: GC_FOR_ALLOC freed <1K, 13% free 12378K/14087K, paused 19ms
06-10 22:39:50.504   374  6757 D dalvikvm: GC_FOR_ALLOC freed 856K, 18% free 11591K/14087K, paused 24ms
06-10 22:39:50.504   374  6757 I dalvikvm-heap: Grow heap (frag case) to 12.267MB for 925072-byte allocation
06-10 22:39:50.562   374   377 D dalvikvm: GC_CONCURRENT freed 1K, 17% free 12493K/15047K, paused 15ms+9ms
06-10 22:39:51.390   374   377 D dalvikvm: GC_CONCURRENT freed 2109K, 24% free 11466K/15047K, paused 3ms+4ms
06-10 22:39:51.453   374   532 D dalvikvm: GC_FOR_ALLOC freed 310K, 22% free 11770K/15047K, paused 23ms
06-10 22:39:51.504   374   532 D dalvikvm: GC_FOR_ALLOC freed 858K, 24% free 11535K/15047K, paused 24ms
06-10 22:39:51.507   374   532 I dalvikvm-heap: Grow heap (frag case) to 12.212MB for 925072-byte allocation
06-10 22:39:51.543   374   374 D dalvikvm: GC_FOR_ALLOC freed 1K, 18% free 12437K/15047K, paused 20ms
06-10 22:39:51.613   374   377 D dalvikvm: GC_CONCURRENT freed <1K, 18% free 12460K/15047K, paused 2ms+8ms
06-10 22:39:58.320   374   377 D dalvikvm: GC_CONCURRENT freed 1645K, 22% free 11874K/15047K, paused 2ms+4ms
06-10 22:40:00.894   142   294 I ActivityManager: START {act=android.intent.action.MAIN cat=[android.intent.category.LAUNCHER] flg=0x10200000 cmp=com.google.android.apps.genie.geniewidget/.activities.NewsActivity bnds=[240,103][360,253]} from pid 374
06-10 22:40:01.074   142   145 D dalvikvm: GC_CONCURRENT freed 2424K, 20% free 15764K/19655K, paused 8ms+8ms
06-10 22:40:01.171   142   368 I ActivityManager: Start proc com.google.android.apps.genie.geniewidget for activity com.google.android.apps.genie.geniewidget/.activities.NewsActivity: pid=6759 uid=10018 gids={3003, 1015}
06-10 22:40:01.261  6759  6759 I dalvikvm: Turning on JNI app bug workarounds for target SDK version 11...
06-10 22:40:01.386   374   374 D OpenGLRenderer: Flushing caches (mode 1)
06-10 22:40:01.445  6759  6759 I ActivityThread: Pub com.google.android.apps.genie.geniewidget.weather: com.google.android.apps.genie.geniewidget.providers.WeatherProvider
06-10 22:40:01.453  6759  6759 I ActivityThread: Pub com.google.android.apps.genie.geniewidget.newsimage: com.google.android.apps.genie.geniewidget.providers.NewsImageProvider
06-10 22:40:01.523   374   374 D OpenGLRenderer: Flushing caches (mode 0)
06-10 22:40:01.566  6759  6760 D dalvikvm: GC_CONCURRENT freed 341K, 5% free 9192K/9607K, paused 11ms+3ms
06-10 22:40:01.578  6759  6767 W CursorWrapperInner: Cursor finalized without prior close()
06-10 22:40:01.589  6759  6767 W CursorWrapperInner: Cursor finalized without prior close()
06-10 22:40:01.593  6759  6759 W Genie   : Cache file not found: java.io.FileNotFoundException: /data/data/com.google.android.apps.genie.geniewidget/cache/genie_iconcache: open failed: ENOENT (No such file or directory)
06-10 22:40:01.726  6759  6760 D dalvikvm: GC_CONCURRENT freed 358K, 5% free 9332K/9799K, paused 2ms+5ms
06-10 22:40:01.789   142   158 I Process : Sending signal. PID: 6759 SIG: 3
06-10 22:40:01.789  6759  6762 I dalvikvm: threadid=3: reacting to signal 3
06-10 22:40:01.800  6759  6762 I dalvikvm: Wrote stack traces to '/data/anr/traces.txt'
06-10 22:40:01.867  6759  6759 I Genie   : refresh service retry #0, ignoreMASFCache = false
06-10 22:40:01.902   213   213 V PhoneStatusBar: setLightsOn(true)
06-10 22:40:02.015   142   173 I ActivityManager: Displayed com.google.android.apps.genie.geniewidget/.activities.NewsActivity: +902ms
06-10 22:40:02.714  6759  6760 D dalvikvm: GC_CONCURRENT freed 235K, 4% free 9516K/9863K, paused 7ms+2ms
06-10 22:40:03.234  6759  6760 D dalvikvm: GC_CONCURRENT freed 372K, 5% free 9579K/10055K, paused 2ms+3ms
06-10 22:40:03.437  6759  6759 D dalvikvm: GC_FOR_ALLOC freed 111K, 4% free 9744K/10055K, paused 17ms
06-10 22:40:03.437  6759  6759 I dalvikvm-heap: Grow heap (frag case) to 10.721MB for 1192336-byte allocation
06-10 22:40:03.472  6759  6772 D dalvikvm: GC_FOR_ALLOC freed 8K, 4% free 10900K/11271K, paused 16ms
06-10 22:40:03.539  6759  6760 D dalvikvm: GC_CONCURRENT freed 18K, 3% free 11080K/11399K, paused 2ms+4ms
06-10 22:40:04.019  6759  6760 D dalvikvm: GC_CONCURRENT freed 452K, 5% free 11316K/11847K, paused 2ms+4ms
06-10 22:40:04.207  6759  6759 D dalvikvm: GC_FOR_ALLOC freed 367K, 5% free 11400K/11975K, paused 21ms
06-10 22:40:04.211  6759  6759 I dalvikvm-heap: Grow heap (frag case) to 12.338MB for 1192336-byte allocation
06-10 22:40:04.242  6759  6760 D dalvikvm: GC_CONCURRENT freed 1K, 5% free 12563K/13191K, paused 2ms+2ms
06-10 22:40:06.640  6759  6760 D dalvikvm: GC_CONCURRENT freed 854K, 8% free 12857K/13831K, paused 3ms+5ms
06-10 22:40:08.195  6759  6760 D dalvikvm: GC_CONCURRENT freed 1291K, 10% free 12800K/14151K, paused 2ms+3ms
06-10 22:40:09.242  6759  6760 D dalvikvm: GC_CONCURRENT freed 1196K, 10% free 12809K/14151K, paused 2ms+3ms
06-10 22:40:12.582  6759  6760 D dalvikvm: GC_CONCURRENT freed 1046K, 9% free 12977K/14151K, paused 2ms+4ms
06-10 22:40:15.039  6759  6765 I dalvikvm: Jit: resizing JitTable from 4096 to 8192
06-10 22:40:16.222   142   919 I ActivityManager: START {cmp=com.google.android.apps.genie.geniewidget/.activities.Preferences} from pid 6759
06-10 22:40:16.359  6759  6760 D dalvikvm: GC_CONCURRENT freed 1080K, 8% free 13214K/14343K, paused 4ms+7ms
06-10 22:40:16.390  6759  6759 W Resources: Converting to string: TypedValue{t=0x10/d=0x5460 a=-1}
06-10 22:40:16.390  6759  6759 W Resources: Converting to string: TypedValue{t=0x10/d=0x5460 a=-1}
06-10 22:40:16.523   142   173 I ActivityManager: Displayed com.google.android.apps.genie.geniewidget/.activities.Preferences: +282ms
06-10 22:40:18.898  4659  4672 I PhoneLab-: Service Running
06-10 22:40:18.988  4659  4672 I PhoneLab-LoggerService: app_38    1446  1     1436   1064  c00f181c 400107b4 S logcat
06-10 22:40:18.988  4659  4672 I PhoneLab-LoggerService: Logcat pid from database 1446
06-10 22:40:18.988  4659  4672 I PhoneLab-LoggerService: Logcat process found 1446
06-10 22:40:18.988  4659  4672 I PhoneLab-LoggerService: Checking Threshold
06-10 22:40:19.011  4659  4672 I PhoneLab-: Service Running
06-10 22:40:19.043  4659  4672 I PhoneLab-LoggerService: app_38    1446  1     1436   1064  c00f181c 400107b4 S logcat
06-10 22:40:19.043  4659  4672 I PhoneLab-LoggerService: Logcat pid from database 1446
06-10 22:40:19.043  4659  4672 I PhoneLab-LoggerService: Logcat process found 1446
06-10 22:40:19.043  4659  4672 I PhoneLab-LoggerService: Checking Threshold
06-10 22:40:19.043  4659  4672 I PhoneLab-: Service Running
06-10 22:40:19.078  4659  4660 D dalvikvm: GC_CONCURRENT freed 411K, 18% free 9148K/11079K, paused 2ms+3ms
06-10 22:40:19.101  4659  4672 I PhoneLab-LoggerService: app_38    1446  1     1436   1064  c00f181c 400107b4 S logcat
06-10 22:40:19.101  4659  4672 I PhoneLab-LoggerService: Logcat pid from database 1446
06-10 22:40:19.101  4659  4672 I PhoneLab-LoggerService: Logcat process found 1446
06-10 22:40:19.101  4659  4672 I PhoneLab-LoggerService: Checking Threshold
06-10 22:40:19.105  4659  4672 I PhoneLab-: Service Running
06-10 22:40:19.125   142   366 I ActivityManager: START {cmp=com.google.android.apps.genie.geniewidget/.activities.LocationPreferences} from pid 6759
06-10 22:40:19.160  4659  4672 I PhoneLab-LoggerService: app_38    1446  1     1436   1064  c00f181c 400107b4 S logcat
06-10 22:40:19.160  4659  4672 I PhoneLab-LoggerService: Logcat pid from database 1446
06-10 22:40:19.160  4659  4672 I PhoneLab-LoggerService: Logcat process found 1446
06-10 22:40:19.160  4659  4672 I PhoneLab-LoggerService: Checking Threshold
06-10 22:40:19.277   142   173 I ActivityManager: Displayed com.google.android.apps.genie.geniewidget/.activities.LocationPreferences: +125ms
06-10 22:40:19.996  6759  6760 D dalvikvm: GC_CONCURRENT freed 1230K, 10% free 13304K/14663K, paused 20ms+4ms
06-10 22:40:25.031   213   213 V PhoneStatusBar: setLightsOn(true)
06-10 22:40:25.089  6759  6759 D dalvikvm: GC_FOR_ALLOC freed 2213K, 16% free 12360K/14663K, paused 27ms
06-10 22:40:25.089  6759  6759 I dalvikvm-heap: Grow heap (frag case) to 13.276MB for 1192336-byte allocation
06-10 22:40:25.121  6759  6786 D dalvikvm: GC_FOR_ALLOC freed 5K, 8% free 13519K/14663K, paused 22ms
06-10 22:40:25.250  6759  6760 D dalvikvm: GC_CONCURRENT freed 435K, 9% free 13458K/14663K, paused 3ms+9ms
06-10 22:40:26.086   142   197 D DhcpInfoInternal: makeLinkProperties with empty dns2!
06-10 22:40:26.086   142   197 D DhcpInfoInternal: makeLinkProperties with empty dns2!
06-10 22:40:27.371  6759  6786 W ResponseProcessCookies: Invalid cookie header: "Set-Cookie: vrvcnt="1B84A361F3BDE4608521D24C4A758866_portalId:4_partnerId:3161_portalTerms:_up:false"; Version=1; Max-Age=2592000; Expires=Wed, 11-Jul-2012 02:40:28 GMT; Path=/". Unable to parse expires attribute: Wed
06-10 22:40:27.875   342   342 D SAN_SERVICE: *******************************************
06-10 22:40:27.875   342   342 D SAN_SERVICE: DM App Phone Service State - 0
06-10 22:40:27.875   342   342 D SAN_SERVICE: *******************************************
06-10 22:40:28.152   342   342 D SAN_SERVICE: *******************************************
06-10 22:40:28.152   342   342 D SAN_SERVICE: DM App Phone Service State - 0
06-10 22:40:28.152   342   342 D SAN_SERVICE: *******************************************
06-10 22:40:28.851   342   342 D SAN_SERVICE: *******************************************
06-10 22:40:28.851   342   342 D SAN_SERVICE: DM App Phone Service State - 0
06-10 22:40:28.851   342   342 D SAN_SERVICE: *******************************************
06-10 22:40:29.332  6759  6786 W ResponseProcessCookies: Invalid cookie header: "Set-Cookie: vrvcnt="165818EA03F8FCFD595FF5773BAFD7AD_portalId:4_partnerId:3161_portalTerms:_up:false"; Version=1; Max-Age=2592000; Expires=Wed, 11-Jul-2012 02:40:29 GMT; Path=/". Unable to parse expires attribute: Wed
06-10 22:40:30.484   142   145 D dalvikvm: GC_CONCURRENT freed 2005K, 23% free 15323K/19655K, paused 12ms+6ms
06-10 22:40:30.738  6759  6760 D dalvikvm: GC_CONCURRENT freed 1655K, 12% free 13344K/15047K, paused 2ms+6ms
06-10 22:40:31.031   142   153 D dalvikvm: GC_EXPLICIT freed 136K, 23% free 15231K/19655K, paused 3ms+19ms
06-10 22:40:32.886  6759  6760 D dalvikvm: GC_CONCURRENT freed 1450K, 13% free 13233K/15047K, paused 3ms+8ms
06-10 22:40:33.000  4847  4849 D dalvikvm: GC_CONCURRENT freed 511K, 8% free 10478K/11335K, paused 1ms+3ms
06-10 22:40:33.164  1204  1206 D dalvikvm: GC_CONCURRENT freed 420K, 8% free 10320K/11143K, paused 2ms+2ms
06-10 22:40:35.289  6759  6760 D dalvikvm: GC_CONCURRENT freed 1227K, 12% free 13298K/15047K, paused 2ms+3ms
06-10 22:40:37.222  6759  6760 D dalvikvm: GC_CONCURRENT freed 1513K, 13% free 13126K/15047K, paused 3ms+4ms
06-10 22:40:40.296  6759  6760 D dalvikvm: GC_CONCURRENT freed 1265K, 13% free 13148K/15047K, paused 23ms+5ms
06-10 22:40:42.855  2848  2848 I wpa_supplicant: wlan0: WPA: Group rekeying completed with 94:44:52:17:be:7d [GTK=CCMP]
06-10 22:40:46.101  6759  6760 D dalvikvm: GC_CONCURRENT freed 985K, 11% free 13490K/15047K, paused 2ms+4ms
06-10 22:40:47.574  6759  6760 D dalvikvm: GC_CONCURRENT freed 1741K, 13% free 13183K/15047K, paused 2ms+9ms
06-10 22:40:50.703  6759  6760 D dalvikvm: GC_CONCURRENT freed 1101K, 12% free 13355K/15047K, paused 21ms+4ms
06-10 22:40:59.820  6759  6760 D dalvikvm: GC_CONCURRENT freed 2352K, 18% free 12437K/15047K, paused 3ms+5ms
06-10 22:41:00.023  6759  6760 D dalvikvm: GC_CONCURRENT freed 1165K, 18% free 12349K/15047K, paused 2ms+5ms
06-10 22:41:00.484  6759  6760 D dalvikvm: GC_CONCURRENT freed 842K, 17% free 12615K/15047K, paused 2ms+5ms
06-10 22:41:01.070  6759  6760 D dalvikvm: GC_CONCURRENT freed 997K, 16% free 12710K/15047K, paused 2ms+5ms
06-10 22:41:03.851   142   179 I InputReader: Dropping virtual key from device cypress-touchkey because virtual keys are temporarily disabled for the next 249.291ms.  keyCode=4, scanCode=158
06-10 22:41:03.976   142   179 I InputReader: Dropping key up from device cypress-touchkey because the key was not down.  keyCode=4, scanCode=158
06-10 22:41:04.312   142   179 I InputReader: Dropping virtual key from device cypress-touchkey because virtual keys are temporarily disabled for the next 236.569ms.  keyCode=4, scanCode=158
06-10 22:41:04.379   142   179 I InputReader: Dropping key up from device cypress-touchkey because the key was not down.  keyCode=4, scanCode=158
06-10 22:41:05.086   142   179 I InputReader: Dropping virtual key from device cypress-touchkey because virtual keys are temporarily disabled for the next 248.963ms.  keyCode=4, scanCode=158
06-10 22:41:05.214   142   179 I InputReader: Dropping key up from device cypress-touchkey because the key was not down.  keyCode=4, scanCode=158
06-10 22:41:05.496  6759  6759 D dalvikvm: GC_FOR_ALLOC freed 591K, 16% free 12767K/15047K, paused 32ms
06-10 22:41:05.574  6759  6760 D dalvikvm: GC_CONCURRENT freed 72K, 8% free 13944K/15047K, paused 2ms+6ms
06-10 22:41:12.984   142   368 W InputManagerService: Window already focused, ignoring focus gain of: com.android.internal.view.IInputMethodClient$Stub$Proxy@41831980
06-10 22:41:13.828   342   342 D SAN_SERVICE: *******************************************
06-10 22:41:13.828   342   342 D SAN_SERVICE: DM App Phone Service State - 0
06-10 22:41:13.828   342   342 D SAN_SERVICE: *******************************************
06-10 22:41:13.984  6759  6759 I Genie   : refresh service retry #0, ignoreMASFCache = true
06-10 22:41:14.054  4690  4786 D androidNetworkLocationListeners: Still have listener com.google.android.location.internal.client.NetworkLocationClient$1@4131a8c0
06-10 22:41:14.062  4690  4786 D androidNetworkLocationListeners: Still have listener com.google.android.location.internal.client.NetworkLocationClient$1@4131a8c0
06-10 22:41:14.074   342   342 D SAN_SERVICE: *******************************************
06-10 22:41:14.074   342   342 D SAN_SERVICE: DM App Phone Service State - 0
06-10 22:41:14.074   342   342 D SAN_SERVICE: *******************************************
06-10 22:41:14.148  4690  4774 D CellLocator: Primary cell miss in cache. Need server request.
06-10 22:41:14.148  4690  4774 D NetworkLocator: New location significantly newer than previous. Reporting it.
06-10 22:41:14.179  4690  4770 I System.out: [INFO:7886897]: LogSource: Running flush
06-10 22:41:14.183  4690  4771 I System.out: [INFO:7886900]: LogSource: Sending payload [bytes=711]
06-10 22:41:14.226  4690  4786 D androidNetworkLocationListeners: Still have listener com.google.android.location.internal.client.NetworkLocationClient$1@4131a8c0
06-10 22:41:14.289  1204  6969 D dalvikvm: GC_EXPLICIT freed 69K, 8% free 10257K/11143K, paused 2ms+3ms
06-10 22:41:15.324  6759  6760 D dalvikvm: GC_CONCURRENT freed 1453K, 10% free 14123K/15623K, paused 2ms+6ms
06-10 22:41:15.679  6759  6759 D dalvikvm: GC_FOR_ALLOC freed 2303K, 20% free 12670K/15687K, paused 33ms
06-10 22:41:15.754  6759  6760 D dalvikvm: GC_CONCURRENT freed 58K, 12% free 13827K/15687K, paused 3ms+6ms
06-10 22:41:15.996  4690  4693 D dalvikvm: GC_CONCURRENT freed 598K, 7% free 10215K/10887K, paused 40ms+7ms
06-10 22:41:16.031  4659  4672 I PhoneLab-: Service Running
06-10 22:41:16.050  4690  4774 D CellLocator: Primary cell miss in cache. Need server request.
06-10 22:41:16.117  4659  4672 I PhoneLab-LoggerService: app_38    1446  1     1436   1064  c00f181c 400107b4 S logcat
06-10 22:41:16.117  4659  4672 I PhoneLab-LoggerService: Logcat pid from database 1446
06-10 22:41:16.117  4659  4672 I PhoneLab-LoggerService: Logcat process found 1446
06-10 22:41:16.117  4659  4672 I PhoneLab-LoggerService: Checking Threshold
06-10 22:41:16.242  4690  4771 I System.out: [INFO:7888961]: LogSource: Response [http=200,length=374]
06-10 22:41:16.242  4690  4770 I System.out: [INFO:7888962]: LogSource: Read id 3, status code 200
06-10 22:41:16.273  4690  4774 D WifiLocator: Too many no-location APs. Will not compute a location nor go to the server. hasLocation=0 noLocation=0 cacheMiss=0
06-10 22:41:16.464  4891  4892 D dalvikvm: GC_CONCURRENT freed 1143K, 37% free 12788K/20231K, paused 5ms+6ms
06-10 22:41:17.086  6759  6765 I dalvikvm: Jit: resizing JitTable from 8192 to 16384
06-10 22:41:17.683   142   153 I ActivityManager: START {cmp=com.google.android.apps.genie.geniewidget/.activities.Preferences} from pid 6759
06-10 22:41:17.754  6759  6759 W Resources: Converting to string: TypedValue{t=0x10/d=0x5460 a=-1}
06-10 22:41:17.754  6759  6759 W Resources: Converting to string: TypedValue{t=0x10/d=0x5460 a=-1}
06-10 22:41:17.839   142   173 I ActivityManager: Displayed com.google.android.apps.genie.geniewidget/.activities.Preferences: +132ms
06-10 22:41:19.668   142   916 I ActivityManager: START {cmp=com.google.android.apps.genie.geniewidget/.activities.LocationPreferences} from pid 6759
06-10 22:41:19.828  6759  6760 D dalvikvm: GC_CONCURRENT freed 904K, 8% free 14486K/15687K, paused 2ms+7ms
06-10 22:41:19.902   142   173 I ActivityManager: Displayed com.google.android.apps.genie.geniewidget/.activities.LocationPreferences: +205ms
06-10 22:41:22.941  6759  6760 D dalvikvm: GC_CONCURRENT freed 1656K, 11% free 14603K/16327K, paused 10ms+7ms
06-10 22:41:23.152   142   145 D dalvikvm: GC_CONCURRENT freed 1377K, 23% free 15285K/19655K, paused 2ms+6ms
06-10 22:41:25.386  6759  6760 D dalvikvm: GC_CONCURRENT freed 2143K, 14% free 14325K/16583K, paused 22ms+6ms
06-10 22:41:28.687   213   213 V PhoneStatusBar: setLightsOn(true)
06-10 22:41:28.754  6759  6759 D dalvikvm: GC_FOR_ALLOC freed 2489K, 21% free 13132K/16583K, paused 33ms
06-10 22:41:28.839  6759  6760 D dalvikvm: GC_CONCURRENT freed 426K, 16% free 14075K/16583K, paused 2ms+7ms
06-10 22:41:34.621   142   178 I ActivityManager: START {act=android.intent.action.MAIN cat=[android.intent.category.HOME] flg=0x10200000 cmp=com.android.launcher/com.android.launcher2.Launcher} from pid 142
06-10 22:41:34.738   374   385 I dalvikvm: Jit: resizing JitTable from 4096 to 8192
06-10 22:41:34.765   142   178 I ActivityManager: START {act=android.intent.action.MAIN cat=[android.intent.category.HOME] flg=0x10200000 cmp=com.android.launcher/com.android.launcher2.Launcher} from pid 142
06-10 22:41:34.957   142   178 I ActivityManager: START {act=android.intent.action.MAIN cat=[android.intent.category.HOME] flg=0x10200000 cmp=com.android.launcher/com.android.launcher2.Launcher} from pid 142
06-10 22:41:35.136   142   178 I ActivityManager: START {act=android.intent.action.MAIN cat=[android.intent.category.HOME] flg=0x10200000 cmp=com.android.launcher/com.android.launcher2.Launcher} from pid 142
06-10 22:41:35.320   142   178 I ActivityManager: START {act=android.intent.action.MAIN cat=[android.intent.category.HOME] flg=0x10200000 cmp=com.android.launcher/com.android.launcher2.Launcher} from pid 142
06-10 22:41:36.531   142   368 I ActivityManager: Process com.android.mms (pid 5601) has died.
06-10 22:41:41.168   342   342 D SAN_SERVICE: *******************************************
06-10 22:41:41.168   342   342 D SAN_SERVICE: DM App Phone Service State - 0
06-10 22:41:41.168   342   342 D SAN_SERVICE: *******************************************
06-10 22:41:41.445   342   342 D SAN_SERVICE: *******************************************
06-10 22:41:41.445   342   342 D SAN_SERVICE: DM App Phone Service State - 0
06-10 22:41:41.445   342   342 D SAN_SERVICE: *******************************************
06-10 22:41:43.293  6759  6760 D dalvikvm: GC_CONCURRENT freed 1088K, 13% free 14560K/16583K, paused 21ms+7ms
06-10 22:41:46.238   342   342 D SAN_SERVICE: *******************************************
06-10 22:41:46.238   342   342 D SAN_SERVICE: DM App Phone Service State - 0
06-10 22:41:46.238   342   342 D SAN_SERVICE: *******************************************
06-10 22:41:47.718   142   170 I power   : *** set_screen_state 0
06-10 22:41:47.761    79   118 D SurfaceFlinger: About to give-up screen, flinger = 0x1e2b918
06-10 22:41:47.855   142   174 V TransportControlView: Create TCV com.android.internal.widget.TransportControlView@418065a8
06-10 22:41:47.976   142   145 D dalvikvm: GC_CONCURRENT freed 1016K, 20% free 15824K/19655K, paused 3ms+6ms
06-10 22:41:48.074   213   213 D PhoneStatusBar: disable: < EXPAND* icons alerts TICKER* system_info back home RECENT* clock >
06-10 22:41:48.101   213   213 D PhoneStatusBar: disable: < EXPAND icons alerts TICKER system_info BACK* HOME* RECENT CLOCK* >
06-10 22:41:51.398   342   342 D SAN_SERVICE: *******************************************
06-10 22:41:51.398   342   342 D SAN_SERVICE: DM App Phone Service State - 0
06-10 22:41:51.398   342   342 D SAN_SERVICE: *******************************************
06-10 22:42:00.007   142   159 I ActivityManager: No longer want com.spotify.mobile.android.ui (pid 4500): hidden #16
06-10 22:42:00.070   142   421 W ActivityManager: Scheduling restart of crashed service com.spotify.mobile.android.ui/com.spotify.mobile.android.service.LocalService in 5000ms
06-10 22:42:01.898  6759  6760 D dalvikvm: GC_CONCURRENT freed 2102K, 15% free 14189K/16583K, paused 2ms+5ms
06-10 22:42:05.082   142   159 I ActivityManager: Start proc com.spotify.mobile.android.ui for service com.spotify.mobile.android.ui/com.spotify.mobile.android.service.LocalService: pid=7076 uid=10055 gids={3003, 1015}
06-10 22:42:05.246  7076  7076 I dalvikvm: Turning on JNI app bug workarounds for target SDK version 9...
06-10 22:42:05.332  7076  7076 I ActivityThread: Pub com.spotify.mobile.android.ui.PlaylistSearchProvider: com.spotify.mobile.android.model.PlaylistSearchProvider
06-10 22:42:05.351  7076  7076 I ActivityThread: Pub com.spotify.mobile.android.ui.SearchProvider: com.spotify.mobile.android.model.SearchSuggestionSampleProvider
06-10 22:42:05.363  7076  7076 I ActivityThread: Pub com.spotify.mobile.android.model.StarredTracksContentProvider: com.spotify.mobile.android.model.StarredTracksContentProvider
06-10 22:42:05.367  7076  7076 D dalvikvm: Trying to load lib /data/data/com.spotify.mobile.android.ui/lib/libspotifyjni-arm.so 0x4130e780
06-10 22:42:05.414  7076  7076 D dalvikvm: Added shared lib /data/data/com.spotify.mobile.android.ui/lib/libspotifyjni-arm.so 0x4130e780
06-10 22:42:06.433  7076  7076 D SpotifyJava: PHONE STATE - IDLE
06-10 22:42:06.433  7076  7076 D SpotifyJava: Received broadcast: android.intent.action.HEADSET_PLUG
06-10 22:42:06.433  7076  7076 D SpotifyJava: Not logged in. Ignoring intent.
06-10 22:42:06.754   342   342 D SAN_SERVICE: *******************************************
06-10 22:42:06.754   342   342 D SAN_SERVICE: DM App Phone Service State - 0
06-10 22:42:06.754   342   342 D SAN_SERVICE: *******************************************
06-10 22:42:07.300   342   342 D SAN_SERVICE: *******************************************
06-10 22:42:07.304   342   342 D SAN_SERVICE: DM App Phone Service State - 0
06-10 22:42:07.304   342   342 D SAN_SERVICE: *******************************************
06-10 22:42:07.793  4690  5213 I EventLogService: Aggregate from 1339380727671 (log), 1339380727671 (data)
06-10 22:42:07.816  4690  4697 I dalvikvm: Jit: resizing JitTable from 4096 to 8192
06-10 22:42:07.867  4690  5049 D dalvikvm: GC_FOR_ALLOC freed 357K, 7% free 10189K/10887K, paused 23ms
06-10 22:42:10.425   342   342 D SAN_SERVICE: *******************************************
06-10 22:42:10.425   342   342 D SAN_SERVICE: DM App Phone Service State - 0
06-10 22:42:10.425   342   342 D SAN_SERVICE: *******************************************
06-10 22:42:10.679   342   342 D SAN_SERVICE: *******************************************
06-10 22:42:10.679   342   342 D SAN_SERVICE: DM App Phone Service State - 0
06-10 22:42:10.679   342   342 D SAN_SERVICE: *******************************************
06-10 22:42:11.433  6759  6760 D dalvikvm: GC_CONCURRENT freed 1901K, 16% free 14027K/16583K, paused 15ms+6ms
06-10 22:42:25.117  6759  6760 D dalvikvm: GC_CONCURRENT freed 1590K, 16% free 14004K/16583K, paused 2ms+5ms
06-10 22:42:26.316  6759  6760 D dalvikvm: GC_CONCURRENT freed 1818K, 17% free 13816K/16583K, paused 2ms+5ms
06-10 22:42:32.339   342   342 D SAN_SERVICE: *******************************************
06-10 22:42:32.339   342   342 D SAN_SERVICE: DM App Phone Service State - 0
06-10 22:42:32.339   342   342 D SAN_SERVICE: *******************************************
06-10 22:42:32.457  4847  4849 D dalvikvm: GC_CONCURRENT freed 509K, 8% free 10481K/11335K, paused 2ms+2ms
06-10 22:42:32.558  1204  1206 D dalvikvm: GC_CONCURRENT freed 448K, 8% free 10320K/11143K, paused 2ms+3ms
06-10 22:42:32.859   342   342 D SAN_SERVICE: *******************************************
06-10 22:42:32.859   342   342 D SAN_SERVICE: DM App Phone Service State - 0
06-10 22:42:32.859   342   342 D SAN_SERVICE: *******************************************
06-10 22:42:33.816  6759  6760 D dalvikvm: GC_CONCURRENT freed 1240K, 16% free 14067K/16583K, paused 14ms+5ms
06-10 22:42:37.515   342   342 D SAN_SERVICE: *******************************************
06-10 22:42:37.515   342   342 D SAN_SERVICE: DM App Phone Service State - 0
06-10 22:42:37.515   342   342 D SAN_SERVICE: *******************************************
06-10 22:42:37.886  6759  6760 D dalvikvm: GC_CONCURRENT freed 1674K, 16% free 14070K/16583K, paused 2ms+6ms
06-10 22:42:40.843  6759  6760 D dalvikvm: GC_CONCURRENT freed 1750K, 17% free 13876K/16583K, paused 14ms+5ms
06-10 22:42:48.695  6759  6760 D dalvikvm: GC_CONCURRENT freed 1318K, 15% free 14145K/16583K, paused 2ms+5ms
06-10 22:42:50.093   142   159 I ActivityManager: No longer want com.android.sprintmenu (pid 4519): hidden #16
06-10 22:42:50.136   142   919 W ActivityManager: Scheduling restart of crashed service com.android.sprintmenu/.HiddenPhoneService in 5000ms
06-10 22:42:50.238   142   145 D dalvikvm: GC_CONCURRENT freed 975K, 16% free 16516K/19655K, paused 2ms+6ms
06-10 22:42:50.886   142   197 D DhcpInfoInternal: makeLinkProperties with empty dns2!
06-10 22:42:50.890   142   197 D DhcpInfoInternal: makeLinkProperties with empty dns2!
06-10 22:42:54.007  6759  6760 D dalvikvm: GC_CONCURRENT freed 1613K, 15% free 14173K/16583K, paused 14ms+5ms
06-10 22:42:55.172   142   159 I ActivityManager: Start proc com.android.sprintmenu for service com.android.sprintmenu/.HiddenPhoneService: pid=7178 uid=1001 gids={3002, 3001, 3003, 1015}
06-10 22:42:59.031  6759  6760 D dalvikvm: GC_CONCURRENT freed 1485K, 14% free 14290K/16583K, paused 14ms+5ms
06-10 22:43:03.015   142   174 I power   : *** set_screen_state 1
06-10 22:43:03.105   142   174 I WindowManager: Lock screen displayed!
06-10 22:43:03.254    79   118 D SurfaceFlinger: Screen about to return, flinger = 0x1e2b918
06-10 22:43:05.640    85    85 I keystore: uid: 1000 action: p -> 1 state: 1 -> 1 retry: 4
06-10 22:43:05.648   213   213 D PhoneStatusBar: disable: < expand* icons alerts ticker* system_info BACK HOME recent* CLOCK >
06-10 22:43:05.668   142   921 W InputManagerService: Window already focused, ignoring focus gain of: com.android.internal.view.IInputMethodClient$Stub$Proxy@41939dc0
06-10 22:43:05.679   213   213 D PhoneStatusBar: disable: < expand icons alerts ticker system_info back* home* recent clock* >
06-10 22:43:06.976  6759  6760 D dalvikvm: GC_CONCURRENT freed 2016K, 16% free 14032K/16583K, paused 2ms+5ms
06-10 22:43:08.250  6759  6760 D dalvikvm: GC_CONCURRENT freed 1814K, 17% free 13885K/16583K, paused 4ms+6ms
06-10 22:43:12.351  6759  6760 D dalvikvm: GC_CONCURRENT freed 1334K, 16% free 14070K/16583K, paused 21ms+5ms
06-10 22:43:17.687  4659  4672 I PhoneLab-: Service Running
06-10 22:43:17.769  4659  4672 I PhoneLab-LoggerService: app_38    1446  1     1436   1064  c00f181c 400107b4 S logcat
06-10 22:43:17.769  4659  4672 I PhoneLab-LoggerService: Logcat pid from database 1446
06-10 22:43:17.769  4659  4672 I PhoneLab-LoggerService: Logcat process found 1446
06-10 22:43:17.769  4659  4672 I PhoneLab-LoggerService: Checking Threshold
06-10 22:43:20.609  6759  6760 D dalvikvm: GC_CONCURRENT freed 1324K, 14% free 14366K/16583K, paused 9ms+7ms
06-10 22:43:25.953  6759  6760 D dalvikvm: GC_CONCURRENT freed 1760K, 14% free 14280K/16583K, paused 23ms+6ms
06-10 22:43:32.140  6759  6760 D dalvikvm: GC_CONCURRENT freed 1887K, 16% free 14031K/16583K, paused 2ms+6ms
06-10 22:43:32.640  1204  1206 D dalvikvm: GC_CONCURRENT freed 425K, 8% free 10300K/11143K, paused 2ms+2ms
06-10 22:43:37.433  6759  6760 D dalvikvm: GC_CONCURRENT freed 1498K, 16% free 14091K/16583K, paused 21ms+6ms
06-10 22:43:47.570  6759  6760 D dalvikvm: GC_CONCURRENT freed 1431K, 15% free 14227K/16583K, paused 2ms+6ms
06-10 22:43:55.316  6759  6760 D dalvikvm: GC_CONCURRENT freed 1854K, 15% free 14097K/16583K, paused 2ms+8ms
06-10 22:43:56.386  6759  6760 D dalvikvm: GC_CONCURRENT freed 1930K, 17% free 13863K/16583K, paused 2ms+6ms
06-10 22:44:04.925  6759  6760 D dalvikvm: GC_CONCURRENT freed 1097K, 15% free 14261K/16583K, paused 58ms+3ms
06-10 22:44:06.234   142   170 I power   : *** set_screen_state 0
06-10 22:44:06.281    79   118 D SurfaceFlinger: About to give-up screen, flinger = 0x1e2b918
06-10 22:44:11.316   142   174 V TransportControlView: Create TCV com.android.internal.widget.TransportControlView@41734cf8
06-10 22:44:11.386   213   213 D PhoneStatusBar: disable: < EXPAND* icons alerts TICKER* system_info back home RECENT* clock >
06-10 22:44:11.418   213   213 D PhoneStatusBar: disable: < EXPAND icons alerts TICKER system_info BACK* HOME* RECENT CLOCK* >
06-10 22:44:11.496   142   145 D dalvikvm: GC_CONCURRENT freed 2292K, 19% free 16039K/19655K, paused 6ms+8ms
06-10 22:44:13.289   342   342 D SAN_SERVICE: *******************************************
06-10 22:44:13.289   342   342 D SAN_SERVICE: DM App Phone Service State - 0
06-10 22:44:13.289   342   342 D SAN_SERVICE: *******************************************
06-10 22:44:13.578   342   342 D SAN_SERVICE: *******************************************
06-10 22:44:13.582   342   342 D SAN_SERVICE: DM App Phone Service State - 0
06-10 22:44:13.582   342   342 D SAN_SERVICE: *******************************************
06-10 22:44:31.347   142   154 D dalvikvm: GC_EXPLICIT freed 242K, 16% free 16601K/19655K, paused 23ms+6ms
06-10 22:44:31.789  6759  6760 D dalvikvm: GC_CONCURRENT freed 1662K, 15% free 14228K/16583K, paused 14ms+5ms
06-10 22:44:32.675  4847  4849 D dalvikvm: GC_CONCURRENT freed 513K, 8% free 10480K/11335K, paused 2ms+2ms
06-10 22:44:39.328  6759  6760 D dalvikvm: GC_CONCURRENT freed 1669K, 15% free 14227K/16583K, paused 7ms+5ms
06-10 22:44:47.925  6759  6760 D dalvikvm: GC_CONCURRENT freed 1604K, 15% free 14252K/16583K, paused 14ms+6ms
06-10 22:45:00.062  6759  6760 D dalvikvm: GC_CONCURRENT freed 1494K, 14% free 14404K/16583K, paused 15ms+6ms
06-10 22:45:05.535  6759  6760 D dalvikvm: GC_CONCURRENT freed 2041K, 16% free 14032K/16583K, paused 15ms+5ms
06-10 22:45:09.777   342   342 D SAN_SERVICE: *******************************************
06-10 22:45:09.777   342   342 D SAN_SERVICE: DM App Phone Service State - 0
06-10 22:45:09.777   342   342 D SAN_SERVICE: *******************************************
06-10 22:45:10.070   342   342 D SAN_SERVICE: *******************************************
06-10 22:45:10.070   342   342 D SAN_SERVICE: DM App Phone Service State - 0
06-10 22:45:10.070   342   342 D SAN_SERVICE: *******************************************
06-10 22:45:12.285  6759  6760 D dalvikvm: GC_CONCURRENT freed 1250K, 14% free 14344K/16583K, paused 10ms+5ms
06-10 22:45:14.867   142   159 I ActivityManager: No longer want com.google.android.apps.googlevoice (pid 4819): hidden #16
06-10 22:45:14.906   142   153 W ActivityManager: Scheduling restart of crashed service com.google.android.apps.googlevoice/.UpdateService in 5000ms
06-10 22:45:14.906   142   153 W ActivityManager: Scheduling restart of crashed service com.google.android.apps.googlevoice/.CallLogService in 14999ms
06-10 22:45:14.906   142   153 W ActivityManager: Scheduling restart of crashed service com.google.android.apps.googlevoice/.widget.WidgetService in 24999ms
06-10 22:45:15.671   142   197 D DhcpInfoInternal: makeLinkProperties with empty dns2!
06-10 22:45:15.683   142   197 D DhcpInfoInternal: makeLinkProperties with empty dns2!
06-10 22:45:19.265  6759  6760 D dalvikvm: GC_CONCURRENT freed 1835K, 15% free 14171K/16583K, paused 16ms+5ms
06-10 22:45:19.933   142   159 I ActivityManager: Start proc com.google.android.apps.googlevoice for service com.google.android.apps.googlevoice/.UpdateService: pid=7462 uid=10056 gids={3003, 1015}
06-10 22:45:20.296  7462  7465 D dalvikvm: GC_CONCURRENT freed 233K, 4% free 9302K/9607K, paused 15ms+5ms
06-10 22:45:20.824  7462  7465 D dalvikvm: GC_CONCURRENT freed 436K, 6% free 9416K/9927K, paused 6ms+3ms
06-10 22:45:20.836  7462  7471 W CursorWrapperInner: Cursor finalized without prior close()
06-10 22:45:20.836  7462  7471 W CursorWrapperInner: Cursor finalized without prior close()
06-10 22:45:20.836  7462  7471 W CursorWrapperInner: Cursor finalized without prior close()
06-10 22:45:20.976  3425  3427 D dalvikvm: GC_CONCURRENT freed 442K, 6% free 9858K/10439K, paused 2ms+6ms
06-10 22:45:21.070  7462  7465 D dalvikvm: GC_CONCURRENT freed 357K, 5% free 9625K/10055K, paused 2ms+3ms
06-10 22:45:21.296  3425  3437 D dalvikvm: GC_EXPLICIT freed 390K, 6% free 9845K/10439K, paused 6ms+4ms
06-10 22:45:21.402  7462  7465 D dalvikvm: GC_CONCURRENT freed 285K, 5% free 9789K/10247K, paused 1ms+2ms
06-10 22:45:25.714  6759  6760 D dalvikvm: GC_CONCURRENT freed 1302K, 13% free 14474K/16583K, paused 14ms+5ms
06-10 22:45:26.449  4659  4672 I PhoneLab-: Service Running
06-10 22:45:26.539  4659  4672 I PhoneLab-LoggerService: app_38    1446  1     1436   1064  c00f181c 400107b4 S logcat
06-10 22:45:26.539  4659  4672 I PhoneLab-LoggerService: Logcat pid from database 1446
06-10 22:45:26.539  4659  4672 I PhoneLab-LoggerService: Logcat process found 1446
06-10 22:45:26.539  4659  4672 I PhoneLab-LoggerService: Checking Threshold
06-10 22:45:32.800  4847  4849 D dalvikvm: GC_CONCURRENT freed 506K, 8% free 10486K/11335K, paused 18ms+3ms
06-10 22:45:32.820  1204  1206 D dalvikvm: GC_CONCURRENT freed 492K, 8% free 10320K/11143K, paused 1ms+3ms
06-10 22:45:33.187  6759  6760 D dalvikvm: GC_CONCURRENT freed 1835K, 13% free 14443K/16583K, paused 3ms+18ms
06-10 22:45:33.468  1204  1206 D dalvikvm: GC_CONCURRENT freed 230K, 6% free 10527K/11143K, paused 1ms+2ms
06-10 22:45:35.191  6759  6760 D dalvikvm: GC_CONCURRENT freed 2313K, 17% free 13813K/16583K, paused 15ms+4ms
06-10 22:45:35.402   342   342 D SAN_SERVICE: *******************************************
06-10 22:45:35.402   342   342 D SAN_SERVICE: DM App Phone Service State - 0
06-10 22:45:35.402   342   342 D SAN_SERVICE: *******************************************
06-10 22:45:35.675   342   342 D SAN_SERVICE: *******************************************
06-10 22:45:35.675   342   342 D SAN_SERVICE: DM App Phone Service State - 0
06-10 22:45:35.675   342   342 D SAN_SERVICE: *******************************************
06-10 22:45:39.961  7462  7462 W GoogleVoice: WidgetService: got a null intent
06-10 22:45:51.035  6759  6760 D dalvikvm: GC_CONCURRENT freed 837K, 13% free 14455K/16583K, paused 15ms+6ms
06-10 22:45:55.867   342   342 D SAN_SERVICE: *******************************************
06-10 22:45:55.867   342   342 D SAN_SERVICE: DM App Phone Service State - 0
06-10 22:45:55.867   342   342 D SAN_SERVICE: *******************************************
06-10 22:45:56.148   342   342 D SAN_SERVICE: *******************************************
06-10 22:45:56.148   342   342 D SAN_SERVICE: DM App Phone Service State - 0
06-10 22:45:56.148   342   342 D SAN_SERVICE: *******************************************
06-10 22:45:56.457  6759  6760 D dalvikvm: GC_CONCURRENT freed 2106K, 16% free 14059K/16583K, paused 14ms+5ms
06-10 22:46:01.242  6759  6760 D dalvikvm: GC_CONCURRENT freed 1449K, 15% free 14243K/16583K, paused 15ms+5ms
06-10 22:46:06.382  6759  6760 D dalvikvm: GC_CONCURRENT freed 1642K, 15% free 14219K/16583K, paused 1ms+6ms
06-10 22:46:11.773  6759  6760 D dalvikvm: GC_CONCURRENT freed 1386K, 13% free 14443K/16583K, paused 8ms+5ms
06-10 22:46:18.980  6759  6760 D dalvikvm: GC_CONCURRENT freed 1691K, 13% free 14435K/16583K, paused 15ms+5ms
06-10 22:46:19.121   142   145 D dalvikvm: GC_CONCURRENT freed 1867K, 17% free 16505K/19655K, paused 2ms+6ms
06-10 22:46:20.296  6759  6760 D dalvikvm: GC_CONCURRENT freed 2210K, 16% free 13954K/16583K, paused 2ms+5ms
06-10 22:46:21.171   142   422 I ActivityManager: No longer want com.google.android.apps.maps:NetworkLocationService (pid 4847): hidden #16
06-10 22:46:21.179   142   922 W ActivityManager: Scheduling restart of crashed service com.google.android.apps.maps/com.google.android.location.internal.server.NetworkLocationService in 5000ms
06-10 22:46:26.195   142   159 I ActivityManager: Start proc com.google.android.apps.maps:NetworkLocationService for service com.google.android.apps.maps/com.google.android.location.internal.server.NetworkLocationService: pid=7637 uid=10057 gids={3003, 1015}
06-10 22:46:26.324  7637  7640 D dalvikvm: GC_CONCURRENT freed 166K, 3% free 9370K/9607K, paused 3ms+2ms
06-10 22:46:26.609   142   153 D dalvikvm: GC_EXPLICIT freed 308K, 17% free 16464K/19655K, paused 4ms+5ms
06-10 22:46:26.683  7637  7640 D dalvikvm: GC_CONCURRENT freed 159K, 3% free 9682K/9927K, paused 2ms+62ms
06-10 22:46:27.062  4891  4892 D dalvikvm: GC_CONCURRENT freed 1092K, 37% free 12857K/20231K, paused 31ms+4ms
06-10 22:46:27.089  7637  7640 D dalvikvm: GC_CONCURRENT freed 171K, 3% free 10068K/10311K, paused 1ms+4ms
06-10 22:46:27.277  7637  7640 D dalvikvm: GC_CONCURRENT freed 661K, 8% free 9881K/10631K, paused 1ms+1ms
06-10 22:46:27.339   142   159 I ActivityManager: Start proc com.google.android.apps.maps:FriendService for broadcast com.google.android.apps.maps/com.google.googlenav.friend.android.ServiceReceiver: pid=7658 uid=10057 gids={3003, 1015}
06-10 22:46:27.480  7658  7661 D dalvikvm: GC_CONCURRENT freed 168K, 3% free 9368K/9607K, paused 2ms+2ms
06-10 22:46:27.621  7658  7661 D dalvikvm: GC_CONCURRENT freed 203K, 3% free 9696K/9991K, paused 1ms+3ms
06-10 22:46:27.738   142   922 I ActivityManager: No longer want android.process.media (pid 4969): hidden #16
06-10 22:46:27.824  7637  7644 I dalvikvm: Total arena pages for JIT: 11
06-10 22:46:27.832  7637  7644 I dalvikvm: Total arena pages for JIT: 12
06-10 22:46:27.832  7637  7644 I dalvikvm: Total arena pages for JIT: 13
06-10 22:46:27.832  7637  7644 I dalvikvm: Total arena pages for JIT: 14
06-10 22:46:27.832  1204  1206 D dalvikvm: GC_CONCURRENT freed 667K, 8% free 10300K/11143K, paused 1ms+14ms
06-10 22:46:27.832  7637  7644 I dalvikvm: Total arena pages for JIT: 15
06-10 22:46:27.836  7637  7644 I dalvikvm: Total arena pages for JIT: 16
06-10 22:46:27.839  7637  7644 I dalvikvm: Total arena pages for JIT: 17
06-10 22:46:27.992  7637  7640 D dalvikvm: GC_CONCURRENT freed 199K, 5% free 10154K/10631K, paused 2ms+3ms
06-10 22:46:28.043  7637  7644 I dalvikvm: Total arena pages for JIT: 18
06-10 22:46:29.410  7637  7640 D dalvikvm: GC_CONCURRENT freed 531K, 6% free 10155K/10759K, paused 2ms+2ms
06-10 22:46:39.656  6759  6760 D dalvikvm: GC_CONCURRENT freed 1338K, 15% free 14148K/16583K, paused 2ms+5ms
06-10 22:47:09.453  6759  6760 D dalvikvm: GC_CONCURRENT freed 1384K, 14% free 14353K/16583K, paused 14ms+6ms
06-10 22:47:16.031  4659  4672 I PhoneLab-: Service Running
06-10 22:47:16.117  4659  4672 I PhoneLab-LoggerService: app_38    1446  1     1436   1064  c00f181c 400107b4 S logcat
06-10 22:47:16.117  4659  4672 I PhoneLab-LoggerService: Logcat pid from database 1446
06-10 22:47:16.117  4659  4672 I PhoneLab-LoggerService: Logcat process found 1446
06-10 22:47:16.117  4659  4672 I PhoneLab-LoggerService: Checking Threshold
06-10 22:47:29.671  6759  6760 D dalvikvm: GC_CONCURRENT freed 1801K, 15% free 14205K/16583K, paused 2ms+19ms
06-10 22:47:29.687  1204  1206 D dalvikvm: GC_CONCURRENT freed 498K, 8% free 10313K/11143K, paused 2ms+3ms
06-10 22:47:40.304   142   197 D DhcpInfoInternal: makeLinkProperties with empty dns2!
06-10 22:47:40.304   142   197 D DhcpInfoInternal: makeLinkProperties with empty dns2!
06-10 22:47:58.839   342   342 D SAN_SERVICE: *******************************************
06-10 22:47:58.839   342   342 D SAN_SERVICE: DM App Phone Service State - 0
06-10 22:47:58.839   342   342 D SAN_SERVICE: *******************************************
06-10 22:47:58.894   342   345 D dalvikvm: GC_CONCURRENT freed 848K, 9% free 11802K/12935K, paused 3ms+2ms
06-10 22:47:59.636   342   342 D SAN_SERVICE: *******************************************
06-10 22:47:59.636   342   342 D SAN_SERVICE: DM App Phone Service State - 0
06-10 22:47:59.636   342   342 D SAN_SERVICE: *******************************************
06-10 22:48:03.117  6759  6760 D dalvikvm: GC_CONCURRENT freed 1489K, 14% free 14332K/16583K, paused 14ms+6ms
06-10 22:48:14.117   342   342 D SAN_SERVICE: *******************************************
06-10 22:48:14.117   342   342 D SAN_SERVICE: DM App Phone Service State - 0
06-10 22:48:14.117   342   342 D SAN_SERVICE: *******************************************
06-10 22:48:14.941   342   342 D SAN_SERVICE: *******************************************
06-10 22:48:14.941   342   342 D SAN_SERVICE: DM App Phone Service State - 0
06-10 22:48:14.941   342   342 D SAN_SERVICE: *******************************************
06-10 22:48:20.234  6759  6760 D dalvikvm: GC_CONCURRENT freed 1897K, 16% free 14093K/16583K, paused 15ms+6ms
06-10 22:48:27.851  6759  6760 D dalvikvm: GC_CONCURRENT freed 1373K, 14% free 14288K/16583K, paused 16ms+6ms
06-10 22:48:29.652  7637  7640 D dalvikvm: GC_CONCURRENT freed 496K, 6% free 10171K/10759K, paused 2ms+2ms
06-10 22:48:34.121   342   342 D SAN_SERVICE: *******************************************
06-10 22:48:34.121   342   342 D SAN_SERVICE: DM App Phone Service State - 0
06-10 22:48:34.121   342   342 D SAN_SERVICE: *******************************************
06-10 22:48:34.300   342   342 D SAN_SERVICE: *******************************************
06-10 22:48:34.300   342   342 D SAN_SERVICE: DM App Phone Service State - 0
06-10 22:48:34.300   342   342 D SAN_SERVICE: *******************************************
06-10 22:48:34.945  6759  6760 D dalvikvm: GC_CONCURRENT freed 1943K, 16% free 14070K/16583K, paused 1ms+6ms
06-10 22:48:42.925  6759  6760 D dalvikvm: GC_CONCURRENT freed 1525K, 15% free 14101K/16583K, paused 25ms+6ms
06-10 22:48:49.296  6759  6760 D dalvikvm: GC_CONCURRENT freed 1343K, 14% free 14330K/16583K, paused 15ms+6ms
06-10 22:48:55.836  6759  6760 D dalvikvm: GC_CONCURRENT freed 1679K, 14% free 14295K/16583K, paused 15ms+6ms
06-10 22:49:01.082  6759  6760 D dalvikvm: GC_CONCURRENT freed 1996K, 16% free 13931K/16583K, paused 15ms+5ms
06-10 22:49:11.441  6759  6760 D dalvikvm: GC_CONCURRENT freed 1171K, 14% free 14295K/16583K, paused 15ms+6ms
06-10 22:49:19.043  4659  4672 I PhoneLab-: Service Running
06-10 22:49:19.129  4659  4672 I PhoneLab-LoggerService: app_38    1446  1     1436   1064  c00f181c 400107b4 S logcat
06-10 22:49:19.129  4659  4672 I PhoneLab-LoggerService: Logcat pid from database 1446
06-10 22:49:19.129  4659  4672 I PhoneLab-LoggerService: Logcat process found 1446
06-10 22:49:19.129  4659  4672 I PhoneLab-LoggerService: Checking Threshold
06-10 22:49:20.511  6759  6760 D dalvikvm: GC_CONCURRENT freed 1649K, 14% free 14281K/16583K, paused 15ms+6ms
06-10 22:49:20.589   142   145 D dalvikvm: GC_CONCURRENT freed 1681K, 16% free 16521K/19655K, paused 2ms+6ms
06-10 22:49:28.328   142   159 I ActivityManager: No longer want com.whatsapp (pid 4467): hidden #16
06-10 22:49:28.367   142   916 W ActivityManager: Scheduling restart of crashed service com.whatsapp/.messaging.MessageService in 5000ms
06-10 22:49:29.707  4690  4702 D dalvikvm: GC_EXPLICIT freed 246K, 7% free 10210K/10887K, paused 2ms+4ms
06-10 22:49:29.789  1204  1206 D dalvikvm: GC_CONCURRENT freed 486K, 8% free 10339K/11143K, paused 2ms+2ms
06-10 22:49:31.824  6759  6760 D dalvikvm: GC_CONCURRENT freed 1645K, 14% free 14281K/16583K, paused 15ms+5ms
06-10 22:49:33.390   142   159 I ActivityManager: Start proc com.whatsapp for service com.whatsapp/.messaging.MessageService: pid=7915 uid=10070 gids={1015, 3003}
06-10 22:49:33.394  7915  7915 I dalvikvm: Turning on JNI app bug workarounds for target SDK version 7...
06-10 22:49:33.711  7915  7917 D dalvikvm: GC_CONCURRENT freed 176K, 3% free 9359K/9607K, paused 14ms+2ms
06-10 22:49:34.031  7915  7917 D dalvikvm: GC_CONCURRENT freed 304K, 4% free 9612K/9991K, paused 4ms+6ms
06-10 22:49:34.136  7915  7915 I SqliteDatabaseCpp: sqlite returned: error code = 1, msg = duplicate column name: photo_ts, db=/data/data/com.whatsapp/databases/msgstore.db
06-10 22:49:34.136  7915  7915 I SqliteDatabaseCpp: sqlite returned: error code = 1, msg = duplicate column name: thumb_ts, db=/data/data/com.whatsapp/databases/msgstore.db
06-10 22:49:34.140  7915  7915 I SqliteDatabaseCpp: sqlite returned: error code = 1, msg = duplicate column name: photo_id_timestamp, db=/data/data/com.whatsapp/databases/msgstore.db
06-10 22:49:34.246  7915  7915 I dalvikvm: Could not find method android.media.MediaMetadataRetriever.captureFrame, referenced from method com.whatsapp.d3.a
06-10 22:49:34.246  7915  7915 W dalvikvm: VFY: unable to resolve virtual method 496: Landroid/media/MediaMetadataRetriever;.captureFrame ()Landroid/graphics/Bitmap;
06-10 22:49:34.246  7915  7915 D dalvikvm: VFY: replacing opcode 0x6e at 0x0134
06-10 22:49:34.418  7915  7917 D dalvikvm: GC_CONCURRENT freed 428K, 5% free 9745K/10247K, paused 2ms+2ms
06-10 22:49:34.636  7915  7917 D dalvikvm: GC_CONCURRENT freed 208K, 4% free 9976K/10311K, paused 2ms+4ms
06-10 22:49:37.976  6759  6760 D dalvikvm: GC_CONCURRENT freed 1623K, 14% free 14296K/16583K, paused 4ms+12ms
06-10 22:49:41.011  6759  6760 D dalvikvm: GC_CONCURRENT freed 1880K, 16% free 14062K/16583K, paused 7ms+5ms
06-10 22:49:45.214  6759  6760 D dalvikvm: GC_CONCURRENT freed 1474K, 15% free 14152K/16583K, paused 15ms+6ms
06-10 22:49:46.129   342   342 D SAN_SERVICE: *******************************************
06-10 22:49:46.129   342   342 D SAN_SERVICE: DM App Phone Service State - 0
06-10 22:49:46.129   342   342 D SAN_SERVICE: *******************************************
06-10 22:49:46.390   342   342 D SAN_SERVICE: *******************************************
06-10 22:49:46.390   342   342 D SAN_SERVICE: DM App Phone Service State - 0
06-10 22:49:46.390   342   342 D SAN_SERVICE: *******************************************
06-10 22:49:47.097   342   342 D SAN_SERVICE: *******************************************
06-10 22:49:47.097   342   342 D SAN_SERVICE: DM App Phone Service State - 0
06-10 22:49:47.097   342   342 D SAN_SERVICE: *******************************************
06-10 22:49:50.855  6759  6760 D dalvikvm: GC_CONCURRENT freed 1332K, 14% free 14412K/16583K, paused 15ms+5ms
06-10 22:49:56.437  6759  6760 D dalvikvm: GC_CONCURRENT freed 1701K, 14% free 14398K/16583K, paused 3ms+5ms
06-10 22:50:03.203  6759  6760 D dalvikvm: GC_CONCURRENT freed 1727K, 14% free 14416K/16583K, paused 2ms+6ms
06-10 22:50:05.078   142   159 W ProcessStats: Skipping unknown process pid 8041
06-10 22:50:05.179   142   197 D DhcpInfoInternal: makeLinkProperties with empty dns2!
06-10 22:50:05.179   142   197 D DhcpInfoInternal: makeLinkProperties with empty dns2!
06-10 22:50:06.601   342   342 D SAN_SERVICE: *******************************************
06-10 22:50:06.601   342   342 D SAN_SERVICE: DM App Phone Service State - 0
06-10 22:50:06.601   342   342 D SAN_SERVICE: *******************************************
06-10 22:50:06.882   342   342 D SAN_SERVICE: *******************************************
06-10 22:50:06.882   342   342 D SAN_SERVICE: DM App Phone Service State - 0
06-10 22:50:06.882   342   342 D SAN_SERVICE: *******************************************
06-10 22:50:07.140   342   342 D SAN_SERVICE: *******************************************
06-10 22:50:07.140   342   342 D SAN_SERVICE: DM App Phone Service State - 0
06-10 22:50:07.140   342   342 D SAN_SERVICE: *******************************************
06-10 22:50:10.625  6759  6760 D dalvikvm: GC_CONCURRENT freed 2016K, 16% free 14092K/16583K, paused 15ms+5ms
06-10 22:50:23.351  6759  6760 D dalvikvm: GC_CONCURRENT freed 1118K, 13% free 14543K/16583K, paused 7ms+5ms
06-10 22:50:25.781  6759  6760 D dalvikvm: GC_CONCURRENT freed 2321K, 16% free 13956K/16583K, paused 14ms+5ms
06-10 22:50:28.793   342   342 D SAN_SERVICE: *******************************************
06-10 22:50:28.793   342   342 D SAN_SERVICE: DM App Phone Service State - 0
06-10 22:50:28.793   342   342 D SAN_SERVICE: *******************************************
06-10 22:50:29.062   342   342 D SAN_SERVICE: *******************************************
06-10 22:50:29.062   342   342 D SAN_SERVICE: DM App Phone Service State - 0
06-10 22:50:29.062   342   342 D SAN_SERVICE: *******************************************
06-10 22:50:29.754  7637  7640 D dalvikvm: GC_CONCURRENT freed 508K, 6% free 10174K/10759K, paused 1ms+2ms
06-10 22:50:29.875  1204  1206 D dalvikvm: GC_CONCURRENT freed 426K, 8% free 10298K/11143K, paused 1ms+2ms
06-10 22:50:33.171  6759  6760 D dalvikvm: GC_CONCURRENT freed 1190K, 14% free 14292K/16583K, paused 14ms+6ms
06-10 22:50:36.214   342   342 D SAN_SERVICE: *******************************************
06-10 22:50:36.214   342   342 D SAN_SERVICE: DM App Phone Service State - 0
06-10 22:50:36.214   342   342 D SAN_SERVICE: *******************************************
06-10 22:50:36.406   142   154 D AlarmManagerService: Kernel timezone updated to 240 minutes west of GMT
06-10 22:50:36.072   342   342 D SAN_SERVICE: *******************************************
06-10 22:50:36.072   342   342 D SAN_SERVICE: DM App Phone Service State - 0
06-10 22:50:36.072   342   342 D SAN_SERVICE: *******************************************
06-10 22:50:36.406   342   342 D SystemClock: Setting time of day to sec=1339383036
06-10 22:50:36.092  5174  5200 V AlarmClock: AlarmInitReceiver finished
06-10 22:50:36.119  5158  5160 D dalvikvm: GC_CONCURRENT freed 309K, 5% free 9163K/9607K, paused 2ms+26ms
06-10 22:50:38.846  6759  6760 D dalvikvm: GC_CONCURRENT freed 1551K, 14% free 14391K/16583K, paused 14ms+6ms
06-10 22:50:46.162  6759  6760 D dalvikvm: GC_CONCURRENT freed 1630K, 13% free 14455K/16583K, paused 16ms+6ms
06-10 22:50:51.967  6759  6760 D dalvikvm: GC_CONCURRENT freed 1877K, 14% free 14279K/16583K, paused 2ms+5ms
06-10 22:50:52.072   142   145 D dalvikvm: GC_CONCURRENT freed 1770K, 17% free 16502K/19655K, paused 2ms+6ms
06-10 22:51:28.121   142   922 D dalvikvm: GC_EXPLICIT freed 229K, 17% free 16464K/19655K, paused 4ms+6ms
06-10 22:51:29.890  6759  6760 D dalvikvm: GC_CONCURRENT freed 2117K, 17% free 13876K/16583K, paused 14ms+6ms
06-10 22:51:44.777  6759  6760 D dalvikvm: GC_CONCURRENT freed 833K, 13% free 14541K/16583K, paused 15ms+6ms
06-10 22:51:49.449  4659  4672 I PhoneLab-: Service Running
06-10 22:51:49.531  4659  4672 I PhoneLab-LoggerService: app_38    1446  1     1436   1064  c00f181c 400107b4 S logcat
06-10 22:51:49.531  4659  4672 I PhoneLab-LoggerService: Logcat pid from database 1446
06-10 22:51:49.531  4659  4672 I PhoneLab-LoggerService: Logcat process found 1446
06-10 22:51:49.531  4659  4672 I PhoneLab-LoggerService: Checking Threshold
06-10 22:51:49.546  4659  4660 D dalvikvm: GC_CONCURRENT freed 398K, 18% free 9148K/11079K, paused 2ms+2ms
06-10 22:51:50.750  6759  6760 D dalvikvm: GC_CONCURRENT freed 2353K, 16% free 13957K/16583K, paused 1ms+6ms
06-10 22:51:57.265  6759  6760 D dalvikvm: GC_CONCURRENT freed 1219K, 14% free 14270K/16583K, paused 17ms+5ms
06-10 22:52:02.207  6759  6760 D dalvikvm: GC_CONCURRENT freed 1746K, 15% free 14173K/16583K, paused 14ms+5ms
06-10 22:52:14.011  6759  6760 D dalvikvm: GC_CONCURRENT freed 1303K, 13% free 14473K/16583K, paused 2ms+6ms
06-10 22:52:23.605  6759  6760 D dalvikvm: GC_CONCURRENT freed 1759K, 14% free 14410K/16583K, paused 24ms+5ms
06-10 22:52:26.074  6759  6760 D dalvikvm: GC_CONCURRENT freed 2120K, 16% free 13981K/16583K, paused 2ms+6ms
06-10 22:52:29.504  7637  7640 D dalvikvm: GC_CONCURRENT freed 505K, 6% free 10178K/10759K, paused 2ms+3ms
06-10 22:52:29.586   142   197 D DhcpInfoInternal: makeLinkProperties with empty dns2!
06-10 22:52:29.586   142   197 D DhcpInfoInternal: makeLinkProperties with empty dns2!
06-10 22:52:29.644  1204  1206 D dalvikvm: GC_CONCURRENT freed 471K, 8% free 10336K/11143K, paused 4ms+3ms
06-10 22:52:32.894  6759  6760 D dalvikvm: GC_CONCURRENT freed 1609K, 16% free 14015K/16583K, paused 2ms+5ms
06-10 22:52:44.324  6759  6760 D dalvikvm: GC_CONCURRENT freed 1345K, 15% free 14233K/16583K, paused 16ms+6ms
06-10 22:52:58.480  6759  6760 D dalvikvm: GC_CONCURRENT freed 1511K, 14% free 14405K/16583K, paused 2ms+6ms
06-10 22:53:02.359  6759  6760 D dalvikvm: GC_CONCURRENT freed 2085K, 16% free 13987K/16583K, paused 15ms+5ms
06-10 22:53:10.418  6759  6760 D dalvikvm: GC_CONCURRENT freed 1215K, 14% free 14354K/16583K, paused 27ms+6ms
06-10 22:53:17.066  4659  4672 I PhoneLab-: Service Running
06-10 22:53:17.199  4659  4672 I PhoneLab-LoggerService: app_38    1446  1     1436   1064  c00f181c 400107b4 S logcat
06-10 22:53:17.199  4659  4672 I PhoneLab-LoggerService: Logcat pid from database 1446
06-10 22:53:17.199  4659  4672 I PhoneLab-LoggerService: Logcat process found 1446
06-10 22:53:17.199  4659  4672 I PhoneLab-LoggerService: Checking Threshold
06-10 22:53:17.218  6759  6760 D dalvikvm: GC_CONCURRENT freed 1812K, 15% free 14200K/16583K, paused 3ms+6ms
06-10 22:53:25.882   142   916 D AlarmManagerService: Kernel timezone updated to 240 minutes west of GMT
06-10 22:53:26.879  6759  6760 D dalvikvm: GC_CONCURRENT freed 1318K, 13% free 14485K/16583K, paused 2ms+6ms
06-10 22:53:32.254  6759  6760 D dalvikvm: GC_CONCURRENT freed 2018K, 15% free 14223K/16583K, paused 2ms+5ms
06-10 22:53:58.226  6759  6760 D dalvikvm: GC_CONCURRENT freed 2136K, 17% free 13819K/16583K, paused 2ms+6ms
06-10 22:54:02.808  6759  6760 D dalvikvm: GC_CONCURRENT freed 1305K, 16% free 13992K/16583K, paused 15ms+5ms
06-10 22:54:18.578  6759  6760 D dalvikvm: GC_CONCURRENT freed 1203K, 14% free 14325K/16583K, paused 15ms+17ms
06-10 22:54:18.691   142   145 D dalvikvm: GC_CONCURRENT freed 1705K, 17% free 16498K/19655K, paused 3ms+6ms
06-10 22:54:23.867  6759  6760 D dalvikvm: GC_CONCURRENT freed 1797K, 15% free 14195K/16583K, paused 14ms+5ms
06-10 22:54:29.531  7637  7640 D dalvikvm: GC_CONCURRENT freed 563K, 6% free 10183K/10823K, paused 2ms+3ms
06-10 22:54:29.640  1204  1206 D dalvikvm: GC_CONCURRENT freed 533K, 8% free 10313K/11143K, paused 1ms+3ms
06-10 22:54:29.761  1204  1206 D dalvikvm: GC_CONCURRENT freed 255K, 7% free 10469K/11143K, paused 2ms+2ms
06-10 22:54:30.675  1204  1206 D dalvikvm: GC_CONCURRENT freed 306K, 6% free 10568K/11143K, paused 2ms+2ms
06-10 22:54:32.246  6759  6760 D dalvikvm: GC_CONCURRENT freed 1413K, 14% free 14402K/16583K, paused 14ms+5ms
06-10 22:54:40.511  6759  6760 D dalvikvm: GC_CONCURRENT freed 1683K, 14% free 14396K/16583K, paused 15ms+6ms
06-10 22:54:47.519  6759  6760 D dalvikvm: GC_CONCURRENT freed 1690K, 14% free 14385K/16583K, paused 14ms+5ms
06-10 22:54:54.363   142   197 D DhcpInfoInternal: makeLinkProperties with empty dns2!
06-10 22:54:54.363   142   197 D DhcpInfoInternal: makeLinkProperties with empty dns2!
06-10 22:54:55.589  6759  6760 D dalvikvm: GC_CONCURRENT freed 1825K, 14% free 14290K/16583K, paused 3ms+5ms
06-10 22:55:19.097  7637  7657 D SCollector: Waiting for the ScannerThread to start.
06-10 22:55:19.203  7637  8546 D SCollector: PreScan started with config: Scanner types: [8]; ScanDuration: 10000, SensorDelay: 0, viewOptedOutWifiAps: false
06-10 22:55:19.226  7637  8546 D SCollector: aq started.
06-10 22:55:19.226  7637  8546 D SCollector: F started.
06-10 22:55:19.226  7637  8546 D SCollector: PreScanner started.
06-10 22:55:27.367  6759  6760 D dalvikvm: GC_CONCURRENT freed 2051K, 17% free 13868K/16583K, paused 24ms+2ms
06-10 22:55:29.293  7637  7637 D SCollector: aq stopped.
06-10 22:55:29.293  7637  7637 D SCollector: All scanner finished.
06-10 22:55:29.293  7637  7637 D SCollector: F stopped.
06-10 22:55:29.293   142   918 W ActivityManager: finishReceiver called but no pending broadcasts
06-10 22:55:29.332  7637  8546 D SCollector: PreScanning finished.
06-10 22:55:29.398  7637  7640 D dalvikvm: GC_CONCURRENT freed 364K, 6% free 10271K/10823K, paused 1ms+2ms
06-10 22:55:29.683  7637  7640 D dalvikvm: GC_CONCURRENT freed 353K, 5% free 10445K/10887K, paused 1ms+3ms
06-10 22:55:29.722  7637  8546 D SCollector: PreScanDecision returns false. Will not do real collection.
06-10 22:55:29.722  7637  8546 D SCollector: SignalCollector.ScannerThread is quiting.
06-10 22:56:27.058   213   215 D dalvikvm: GC_CONCURRENT freed 386K, 37% free 9659K/15239K, paused 3ms+4ms
06-10 22:56:29.738  1204  1206 D dalvikvm: GC_CONCURRENT freed 796K, 8% free 10329K/11207K, paused 2ms+3ms
06-10 22:56:30.500  4891  4892 D dalvikvm: GC_CONCURRENT freed 1203K, 37% free 12819K/20231K, paused 15ms+3ms
06-10 22:57:19.035   142   197 D DhcpInfoInternal: makeLinkProperties with empty dns2!
06-10 22:57:19.035   142   197 D DhcpInfoInternal: makeLinkProperties with empty dns2!
06-10 22:57:29.750  7637  7640 D dalvikvm: GC_CONCURRENT freed 770K, 8% free 10210K/11079K, paused 1ms+3ms
06-10 22:58:05.082  7915  7917 D dalvikvm: GC_CONCURRENT freed 509K, 7% free 9859K/10503K, paused 2ms+2ms
06-10 22:58:14.011   142   174 I power   : *** set_screen_state 1
06-10 22:58:14.117   142   174 I WindowManager: Lock screen displayed!
06-10 22:58:14.230    79   118 D SurfaceFlinger: Screen about to return, flinger = 0x1e2b918
06-10 22:58:16.324    85    85 I keystore: uid: 1000 action: p -> 1 state: 1 -> 1 retry: 4
06-10 22:58:16.340   213   213 D PhoneStatusBar: disable: < expand* icons alerts ticker* system_info BACK HOME recent* CLOCK >
06-10 22:58:16.367   142   919 W InputManagerService: Window already focused, ignoring focus gain of: com.android.internal.view.IInputMethodClient$Stub$Proxy@41885d38
06-10 22:58:16.382   213   213 D PhoneStatusBar: disable: < expand icons alerts ticker system_info back* home* recent clock* >
06-10 22:58:16.800  3425  3427 D dalvikvm: GC_CONCURRENT freed 381K, 6% free 9851K/10439K, paused 3ms+4ms
06-10 22:58:17.925   142   922 I ActivityManager: START {act=android.intent.action.MAIN cat=[android.intent.category.LAUNCHER] flg=0x10200000 cmp=org.mozilla.firefox_beta/.App bnds=[384,706][480,802]} from pid 374
06-10 22:58:17.961   374   377 D dalvikvm: GC_CONCURRENT freed 1273K, 24% free 11453K/15047K, paused 29ms+16ms
06-10 22:58:18.066   142   142 I ActivityManager: Start proc org.mozilla.firefox_beta for activity org.mozilla.firefox_beta/.App: pid=8579 uid=10071 gids={3003, 1015, 1006}
06-10 22:58:18.140   142   145 D dalvikvm: GC_CONCURRENT freed 2395K, 19% free 15976K/19655K, paused 15ms+25ms
06-10 22:58:18.222   374   374 D OpenGLRenderer: Flushing caches (mode 1)
06-10 22:58:18.304   374   374 D OpenGLRenderer: Flushing caches (mode 0)
06-10 22:58:18.328  8579  8579 I ActivityThread: Pub org.mozilla.firefox_beta.db.browser: org.mozilla.firefox_beta.db.BrowserProvider
06-10 22:58:18.351  8579  8579 I ActivityThread: Pub org.mozilla.firefox_beta.db.formhistory: org.mozilla.firefox_beta.db.FormHistoryProvider
06-10 22:58:18.351  8579  8579 I ActivityThread: Pub org.mozilla.firefox_beta.db.tabs: org.mozilla.firefox_beta.db.TabsProvider
06-10 22:58:18.379  8579  8592 D GeckoProfile: Found profile dir: /data/data/org.mozilla.firefox_beta/files/mozilla/dl48118l.default
06-10 22:58:18.382  8579  8579 D dalvikvm: Trying to load lib /data/data/org.mozilla.firefox_beta/lib/libmozglue.so 0x41314218
06-10 22:58:18.394  8579  8579 D dalvikvm: Added shared lib /data/data/org.mozilla.firefox_beta/lib/libmozglue.so 0x41314218
06-10 22:58:18.394  8579  8579 D dalvikvm: No JNI_OnLoad found in /data/data/org.mozilla.firefox_beta/lib/libmozglue.so 0x41314218, skipping init
06-10 22:58:18.394  8579  8579 W GeckoApp: zerdatime 11698512 - onCreate
06-10 22:58:18.504  8579  8581 D dalvikvm: GC_CONCURRENT freed 214K, 4% free 9296K/9607K, paused 6ms+2ms
06-10 22:58:18.558  8579  8579 I GeckoViewsFactory: Creating custom Gecko view: FormAssistPopup
06-10 22:58:18.562  8579  8579 I GeckoViewsFactory: Creating custom Gecko view: AboutHomeContent
06-10 22:58:18.605  8579  8579 W GeckoApp: zerdatime 11698724 - onStart
06-10 22:58:18.605  8579  8579 I GeckoApp: start
06-10 22:58:18.629   142   158 I Process : Sending signal. PID: 8579 SIG: 3
06-10 22:58:18.629  8579  8584 I dalvikvm: threadid=3: reacting to signal 3
06-10 22:58:18.656  8579  8584 I dalvikvm: Wrote stack traces to '/data/anr/traces.txt'
06-10 22:58:18.675  8579  8579 W GeckoApp: zerdatime 11698794 - onNewIntent
06-10 22:58:18.675  8579  8579 I GeckoApp: resume
06-10 22:58:18.750  8579  8579 D libEGL  : loaded /system/lib/egl/libGLES_android.so
06-10 22:58:18.761  8579  8579 D libEGL  : loaded /vendor/lib/egl/libEGL_POWERVR_SGX540_120.so
06-10 22:58:18.800  8579  8579 D libEGL  : loaded /vendor/lib/egl/libGLESv1_CM_POWERVR_SGX540_120.so
06-10 22:58:18.804  8579  8579 D libEGL  : loaded /vendor/lib/egl/libGLESv2_POWERVR_SGX540_120.so
06-10 22:58:18.894  8579  8579 D OpenGLRenderer: Enabling debug mode 0
06-10 22:58:18.898  8579  8579 I GeckoToolbar: zerdatime 11699016 - Throbber start
06-10 22:58:18.898  8579  8592 I GeckoApp: Checking profile migration in: /data/data/org.mozilla.firefox_beta/files/mozilla/dl48118l.default
06-10 22:58:18.906  8579  8579 D GeckoFavicons: Creating Favicons instance
06-10 22:58:18.906  8579  8579 D GeckoFavicons: Creating DatabaseHelper
06-10 22:58:18.906  8579  8595 W GeckoApp: zerdatime 11699026 - start of getPluginDirectories
06-10 22:58:18.910  8579  8595 W GeckoApp: zerdatime 11699027 - end of getPluginDirectories
06-10 22:58:18.937  8579  8579 I GeckoAxis: Prefs: 0.85,0.97,10.0,0.012,0.04,0.3,0.5
06-10 22:58:18.953  8579  8595 I GeckoAppShell: env0: null
06-10 22:58:18.953  8579  8595 D dalvikvm: Trying to load lib /data/data/org.mozilla.firefox_beta/lib/libmozglue.so 0x41314218
06-10 22:58:18.953  8579  8595 D dalvikvm: Shared lib '/data/data/org.mozilla.firefox_beta/lib/libmozglue.so' already loaded in same CL 0x41314218
06-10 22:58:18.953  8579  8595 E GeckoLibLoad: Load sqlite start
06-10 22:58:18.984  8579  8581 D dalvikvm: GC_CONCURRENT freed 127K, 3% free 9647K/9863K, paused 2ms+6ms
06-10 22:58:19.004  8579  8595 E GeckoLinker: /data/app/org.mozilla.firefox_beta-1.apk!/libmozsqlite3.so: Warning: relocation to NULL @0x00052db4
06-10 22:58:19.007  8579  8595 E GeckoLinker: /data/app/org.mozilla.firefox_beta-1.apk!/libmozsqlite3.so: Warning: relocation to NULL @0x00052cb0 for symbol "__cxa_begin_cleanup"
06-10 22:58:19.007  8579  8595 E GeckoLinker: /data/app/org.mozilla.firefox_beta-1.apk!/libmozsqlite3.so: Warning: relocation to NULL @0x00052d1c for symbol "__cxa_type_match"
06-10 22:58:19.011  8579  8579 W GeckoApp: zerdatime 11699131 - UI almost up
06-10 22:58:19.015  8579  8595 E GeckoLibLoad: Load sqlite done
06-10 22:58:19.015  8579  8595 D dalvikvm: Trying to load lib /data/data/org.mozilla.firefox_beta/lib/libmozglue.so 0x41314218
06-10 22:58:19.015  8579  8595 D dalvikvm: Shared lib '/data/data/org.mozilla.firefox_beta/lib/libmozglue.so' already loaded in same CL 0x41314218
06-10 22:58:19.015  8579  8595 E GeckoLibLoad: Load nss start
06-10 22:58:19.062    79   140 W SurfaceTexture: [org.mozilla.firefox_beta/org.mozilla.firefox_beta.App] cancelBuffer: SurfaceTexture has been abandoned!
06-10 22:58:19.082  8579  8592 W GeckoApp: zerdatime 11699199 - pre checkLaunchState
06-10 22:58:19.125   142   158 I Process : Sending signal. PID: 8579 SIG: 3
06-10 22:58:19.125  8579  8584 I dalvikvm: threadid=3: reacting to signal 3
06-10 22:58:19.129  8579  8584 I dalvikvm: Wrote stack traces to '/data/anr/traces.txt'
06-10 22:58:19.144  8579  8595 E GeckoLinker: /data/app/org.mozilla.firefox_beta-1.apk!/libnspr4.so: Warning: relocation to NULL @0x00020de0
06-10 22:58:19.144  8579  8595 E GeckoLinker: /data/app/org.mozilla.firefox_beta-1.apk!/libnspr4.so: Warning: relocation to NULL @0x00020b98 for symbol "__cxa_begin_cleanup"
06-10 22:58:19.144  8579  8595 E GeckoLinker: /data/app/org.mozilla.firefox_beta-1.apk!/libnspr4.so: Warning: relocation to NULL @0x00020cb0 for symbol "__cxa_type_match"
06-10 22:58:19.160  8579  8595 E GeckoLibLoad: Load nss done
06-10 22:58:19.187   142   173 I ActivityManager: Displayed org.mozilla.firefox_beta/.App: +1s216ms
06-10 22:58:19.984   142   916 I ActivityManager: Process com.google.android.apps.plus (pid 5068) has died.
06-10 22:58:20.039  8579  8595 E GeckoLinker: /data/app/org.mozilla.firefox_beta-1.apk!/libmozalloc.so: Warning: relocation to NULL @0x00003e2c
06-10 22:58:20.039  8579  8595 E GeckoLinker: /data/app/org.mozilla.firefox_beta-1.apk!/libmozalloc.so: Warning: relocation to NULL @0x00003db8 for symbol "__cxa_begin_cleanup"
06-10 22:58:20.039  8579  8595 E GeckoLinker: /data/app/org.mozilla.firefox_beta-1.apk!/libmozalloc.so: Warning: relocation to NULL @0x00003de0 for symbol "__cxa_type_match"
06-10 22:58:20.074  8579  8595 E GeckoLibLoad: Loaded libs in 917ms total, 437ms user, 210ms system, 8 faults
06-10 22:58:20.078  8579  8595 W GeckoThread: zerdatime 11700196 - runGecko
06-10 22:58:20.078  8579  8595 I GeckoThread: RunGecko - URI = null
06-10 22:58:20.109  8579  8595 I GeckoAppShell: post native init
06-10 22:58:20.109  8579  8595 I GeckoAppShell: setLayerClient called
06-10 22:58:20.285  4659  4672 I PhoneLab-: Service Running
06-10 22:58:20.340   142   921 I ActivityManager: Process com.google.android.apps.docs (pid 5087) has died.
06-10 22:58:20.351  8579  8595 E GeckoConsole: Could not read chrome manifest 'file:///data/data/org.mozilla.firefox_beta/chrome.manifest'.
06-10 22:58:20.511  4659  4672 I PhoneLab-LoggerService: app_38    1446  1     1436   1064  c00f181c 400107b4 S logcat
06-10 22:58:20.535  4659  4672 I PhoneLab-LoggerService: Logcat pid from database 1446
06-10 22:58:20.535  4659  4672 I PhoneLab-LoggerService: Logcat process found 1446
06-10 22:58:20.535  4659  4672 I PhoneLab-LoggerService: Checking Threshold
06-10 22:58:20.554  4659  4672 I PhoneLab-: Service Running
06-10 22:58:20.640  8579  8595 W ResourceType: Too many attribute references, stopped at: 0x01010099
06-10 22:58:20.679   142   922 I ActivityManager: Process com.google.android.apps.uploader (pid 5050) has died.
06-10 22:58:20.769  4659  4672 I PhoneLab-LoggerService: app_38    1446  1     1436   1064  c00f181c 400107b4 S logcat
06-10 22:58:20.773  4659  4672 I PhoneLab-LoggerService: Logcat pid from database 1446
06-10 22:58:20.773  4659  4672 I PhoneLab-LoggerService: Logcat process found 1446
06-10 22:58:20.773  4659  4672 I PhoneLab-LoggerService: Checking Threshold
06-10 22:58:20.894  8579  8595 E GeckoConsole: zerdatime 1339383500897 - browser chrome startup finished.
06-10 22:58:20.918  8579  8595 I GeckoApp: Got message: CharEncoding:State
06-10 22:58:20.992  8579  8595 I GeckoTabs: Got message: Session:RestoreBegin
06-10 22:58:21.000  8579  8595 I GeckoApp: Got message: Gecko:Ready
06-10 22:58:21.019  8579  8595 D GeckoLayerClient: Screen-size changed to (480,800)
06-10 22:58:21.019  8579  8595 D GeckoLayerClient: Window-size changed to (480,690)
06-10 22:58:21.027  8579  8595 I GeckoLayerClient: Showing checks: true
06-10 22:58:21.043  8579  8595 I Gecko   : Detected osrelease `3.0.8-g6656123'
06-10 22:58:21.043  8579  8595 I Gecko   : JITs are not broken
06-10 22:58:21.105  8579  8595 I GeckoTabs: Got message: Tab:Added
06-10 22:58:21.105  8579  8595 I GeckoTabs: Received message from Gecko: 11701226 - Tab:Added
06-10 22:58:21.121  8579  8595 I GeckoTabs: Added a tab with id: 1
06-10 22:58:21.140  8579  8579 I GeckoToolbar: zerdatime 11701259 - Throbber stop
06-10 22:58:21.144  8579  8579 I GeckoDoorHangerPopup: Showing all doorhangers for tab: 1
06-10 22:58:21.179  8579  8595 I GeckoTabs: Got message: SessionHistory:New
06-10 22:58:21.191  8579  8595 I GeckoTabs: Got message: SessionHistory:Goto
06-10 22:58:21.406  8579  8595 I GeckoApp: Got message: Content:StateChange
06-10 22:58:21.406  8579  8595 I GeckoApp: State - 983041
06-10 22:58:21.406  8579  8595 I GeckoApp: Got a document start
06-10 22:58:21.410  8579  8579 I GeckoToolbar: zerdatime 11701528 - Throbber start
06-10 22:58:21.425  8579  8595 I GeckoTabs: Got message: Session:RestoreEnd
06-10 22:58:21.437   142   370 I ActivityManager: Process com.google.android.talk (pid 4946) has died.
06-10 22:58:21.578  8579  8595 I GeckoPanZoomController: Got message: Preferences:Data
06-10 22:58:21.617  8579  8595 I GeckoPanZoomController: Zoom animation frames: [0.0, 0.10211, 0.19864, 0.29043, 0.37816, 0.46155, 0.54054, 0.61496, 0.68467, 0.7491, 0.80794, 0.86069, 0.90651, 0.94471, 0.97401, 0.99309]
06-10 22:58:21.621  8579  8595 I GeckoAxis: Prefs: 0.85,0.97,10.0,0.012,0.04,0.3,0.5
06-10 22:58:21.703  8579  8595 I GeckoDisplayPortCalculator: Set strategy VelocityBiasStrategy mult=2.0, threshold=7.6800003, reverse=0.2, dangerBaseX=1.0, dangerBaseY=1.0, dangerIncrX=0.0, dangerIncrY=0.0
06-10 22:58:21.703  8579  8595 I PluginLayer: Using plugin placeholder: true
06-10 22:58:21.718  8579  8595 I GeckoApp: Got message: Content:LocationChange
06-10 22:58:21.718  8579  8595 I GeckoApp: URI - http://www.youtube.com/watch?v=ALS92big4TY
06-10 22:58:21.718  8579  8595 I GeckoTab: Updated url: http://www.youtube.com/watch?v=ALS92big4TY for tab with id: 1
06-10 22:58:21.718  8579  8595 I GeckoTab: Updated favicon for tab with id: 1
06-10 22:58:21.718  8579  8595 I GeckoTab: Updated favicon URL for tab with id: 1
06-10 22:58:21.722  8579  8579 I GeckoDoorHangerPopup: Showing all doorhangers for tab: 1
06-10 22:58:21.738  8579  8595 I GeckoApp: Got message: Content:SecurityChange
06-10 22:58:21.738  8579  8595 I GeckoApp: Security Mode - unknown
06-10 22:58:21.757  8579  8611 I Gecko   : Logging GL tracing output to /data/data/org.mozilla.firefox_beta/firefox.trace
06-10 22:58:21.757  8579  8611 I Gecko   : Attempting load of /data/local/egltrace.so
06-10 22:58:21.773  8579  8611 I Gecko   : Attempting load of libEGL.so
06-10 22:58:21.781  8579  8611 I Gecko   : Extensions: EGL_KHR_image EGL_KHR_image_base EGL_KHR_image_base EGL_KHR_gl_texture_2D_image EGL_KHR_gl_texture_cubemap_image EGL_KHR_gl_renderbuffer_image EGL_KHR_fence_sync EGL_ANDROID_image_native_buffer EGL_ANDROID_image_native_buffer  0x45
06-10 22:58:21.781  8579  8611 I Gecko   : Extensions length: 226
06-10 22:58:21.847  8579  8581 D dalvikvm: GC_CONCURRENT freed 340K, 5% free 9722K/10183K, paused 2ms+5ms
06-10 22:58:21.879  8579  8611 E GeckoConsole: OpenGL LayerManager Initialized Succesfully.
06-10 22:58:21.879  8579  8611 E GeckoConsole: Version: OpenGL ES 2.0 build 1.8@785978
06-10 22:58:21.879  8579  8611 E GeckoConsole: Vendor: Imagination Technologies
06-10 22:58:21.879  8579  8611 E GeckoConsole: Renderer: PowerVR SGX 540
06-10 22:58:21.879  8579  8611 E GeckoConsole: FBO Texture Target: TEXTURE_2D
06-10 22:58:21.925  8579  8595 I GeckoApp: Got message: DOMTitleChanged
06-10 22:58:21.925  8579  8595 I GeckoTab: Updated title: Pussy Riot-Punk Prayer.mp4 - YouTube for tab with id: 1
06-10 22:58:21.933  8579  8595 I GeckoApp: title - Pussy Riot-Punk Prayer.mp4 - YouTube
06-10 22:58:21.937  8579  8595 I GeckoApp: Got message: DOMLinkAdded
06-10 22:58:21.941  8579  8595 I GeckoApp: link rel - [search], href - http://www.youtube.com/opensearch?locale=en_US
06-10 22:58:21.945  8579  8595 I GeckoApp: Got message: DOMLinkAdded
06-10 22:58:21.945  8579  8595 I GeckoApp: link rel - [icon], href - http://s.ytimg.com/yt/favicon-refresh-vfldLzJxy.ico
06-10 22:58:21.945  8579  8595 I GeckoTab: Updated favicon URL for tab with id: 1
06-10 22:58:21.949  8579  8595 I GeckoApp: Got message: DOMLinkAdded
06-10 22:58:21.949  8579  8595 I GeckoApp: link rel - [shortcut] [icon], href - http://s.ytimg.com/yt/favicon-refresh-vfldLzJxy.ico
06-10 22:58:21.949  8579  8595 I GeckoTab: Updated favicon URL for tab with id: 1
06-10 22:58:21.953  8579  8595 I GeckoApp: Got message: DOMLinkAdded
06-10 22:58:21.953  8579  8595 I GeckoApp: link rel - [canonical], href - http://www.youtube.com/watch?v=ALS92big4TY
06-10 22:58:21.957  8579  8595 I GeckoApp: Got message: DOMLinkAdded
06-10 22:58:21.957  8579  8595 I GeckoApp: link rel - [alternate], href - http://m.youtube.com/watch?desktop_uri=%2Fwatch%3Fv%3DALS92big4TY&v=ALS92big4TY&gl=US
06-10 22:58:21.957  8579  8595 I GeckoApp: Got message: DOMLinkAdded
06-10 22:58:21.957  8579  8595 I GeckoApp: link rel - [shortlink], href - http://youtu.be/ALS92big4TY
06-10 22:58:21.961  8579  8595 I GeckoApp: Got message: DOMLinkAdded
06-10 22:58:21.961  8579  8595 I GeckoApp: link rel - [alternate], href - http://www.youtube.com/oembed?url=http%3A%2F%2Fwww.youtube.com%2Fwatch%3Fv%3DALS92big4TY&format=json
06-10 22:58:21.965  8579  8595 I GeckoApp: Got message: DOMLinkAdded
06-10 22:58:21.965  8579  8595 I GeckoApp: link rel - [alternate], href - http://www.youtube.com/oembed?url=http%3A%2F%2Fwww.youtube.com%2Fwatch%3Fv%3DALS92big4TY&format=xml
06-10 22:58:21.988  8579  8595 E GeckoConsole: [JavaScript Warning: "Unknown property '-moz-border-radius'.  Declaration dropped." {file: "http://s.ytimg.com/yt/cssbin/www-core-vflnQnOjJ.css" line: 1}]
06-10 22:58:21.988  8579  8595 E GeckoConsole: [JavaScript Warning: "Unknown property '-moz-border-radius-topleft'.  Declaration dropped." {file: "http://s.ytimg.com/yt/cssbin/www-core-vflnQnOjJ.css" line: 1}]
06-10 22:58:21.988  8579  8595 E GeckoConsole: [JavaScript Warning: "Unknown property '-moz-border-radius-topright'.  Declaration dropped." {file: "http://s.ytimg.com/yt/cssbin/www-core-vflnQnOjJ.css" line: 1}]
06-10 22:58:21.988  8579  8595 E GeckoConsole: [JavaScript Warning: "Unknown property '-moz-border-radius-bottomleft'.  Declaration dropped." {file: "http://s.ytimg.com/yt/cssbin/www-core-vflnQnOjJ.css" line: 1}]
06-10 22:58:21.988  8579  8595 E GeckoConsole: [JavaScript Warning: "Unknown property '-moz-border-radius-bottomright'.  Declaration dropped." {file: "http://s.ytimg.com/yt/cssbin/www-core-vflnQnOjJ.css" line: 1}]
06-10 22:58:21.988  8579  8595 E GeckoConsole: [JavaScript Warning: "Expected declaration but found '*'.  Skipped to next declaration." {file: "http://s.ytimg.com/yt/cssbin/www-core-vflnQnOjJ.css" line: 1}]
06-10 22:58:21.988  8579  8595 E GeckoConsole: [JavaScript Warning: "Expected declaration but found '*'.  Skipped to next declaration." {file: "http://s.ytimg.com/yt/cssbin/www-core-vflnQnOjJ.css" line: 1}]
06-10 22:58:21.988  8579  8595 E GeckoConsole: [JavaScript Warning: "Expected declaration but found '*'.  Skipped to next declaration." {file: "http://s.ytimg.com/yt/cssbin/www-core-vflnQnOjJ.css" line: 1}]
06-10 22:58:21.988  8579  8595 E GeckoConsole: [JavaScript Warning: "Unknown property '-moz-border-radius'.  Declaration dropped." {file: "http://s.ytimg.com/yt/cssbin/www-core-vflnQnOjJ.css" line: 1}]
06-10 22:58:21.988  8579  8595 E GeckoConsole: [JavaScript Warning: "Unknown property '-moz-box-shadow'.  Declaration dropped." {file: "http://s.ytimg.com/yt/cssbin/www-core-vflnQnOjJ.css" line: 1}]
06-10 22:58:21.992  8579  8595 E GeckoConsole: [JavaScript Warning: "Unknown property '-moz-border-radius'.  Declaration dropped." {file: "http://s.ytimg.com/yt/cssbin/www-core-vflnQnOjJ.css" line: 1}]
06-10 22:58:21.992  8579  8595 E GeckoConsole: [JavaScript Warning: "Error in parsing value for 'filter'.  Declaration dropped." {file: "http://s.ytimg.com/yt/cssbin/www-core-vflnQnOjJ.css" line: 1}]
06-10 22:58:21.992  8579  8595 E GeckoConsole: [JavaScript Warning: "Error in parsing value for 'background-image'.  Declaration dropped." {file: "http://s.ytimg.com/yt/cssbin/www-core-vflnQnOjJ.css" line: 1}]
06-10 22:58:21.992  8579  8595 E GeckoConsole: [JavaScript Warning: "Error in parsing value for 'background-image'.  Declaration dropped." {file: "http://s.ytimg.com/yt/cssbin/www-core-vflnQnOjJ.css" line: 1}]
06-10 22:58:21.992  8579  8595 E GeckoConsole: [JavaScript Warning: "Error in parsing value for 'background-image'.  Declaration dropped." {file: "http://s.ytimg.com/yt/cssbin/www-core-vflnQnOjJ.css" line: 1}]
06-10 22:58:21.992  8579  8595 E GeckoConsole: [JavaScript Warning: "Error in parsing value for 'background-image'.  Declaration dropped." {file: "http://s.ytimg.com/yt/cssbin/www-core-vflnQnOjJ.css" line: 1}]
06-10 22:58:21.992  8579  8595 E GeckoConsole: [JavaScript Warning: "Error in parsing value for 'background-image'.  Declaration dropped." {file: "http://s.ytimg.com/yt/cssbin/www-core-vflnQnOjJ.css" line: 1}]
06-10 22:58:21.992  8579  8595 E GeckoConsole: [JavaScript Warning: "Error in parsing value for 'filter'.  Declaration dropped." {file: "http://s.ytimg.com/yt/cssbin/www-core-vflnQnOjJ.css" line: 1}]
06-10 22:58:21.992  8579  8595 E GeckoConsole: [JavaScript Warning: "Error in parsing value for 'background-image'.  Declaration dropped." {file: "http://s.ytimg.com/yt/cssbin/www-core-vflnQnOjJ.css" line: 1}]
06-10 22:58:21.992  8579  8595 E GeckoConsole: [JavaScript Warning: "Error in parsing value for 'background-image'.  Declaration dropped." {file: "http://s.ytimg.com/yt/cssbin/www-core-vflnQnOjJ.css" line: 1}]
06-10 22:58:21.992  8579  8595 E GeckoConsole: [JavaScript Warning: "Error in parsing value for 'background-image'.  Declaration dropped." {file: "http://s.ytimg.com/yt/cssbin/www-core-vflnQnOjJ.css" line: 1}]
06-10 22:58:21.992  8579  8595 E GeckoConsole: [JavaScript Warning: "Error in parsing value for 'background-image'.  Declaration dropped." {file: "http://s.ytimg.com/yt/cssbin/www-core-vflnQnOjJ.css" line: 1}]
06-10 22:58:21.992  8579  8595 E GeckoConsole: [JavaScript Warning: "Error in parsing value for 'background-image'.  Declaration dropped." {file: "http://s.ytimg.com/yt/cssbin/www-core-vflnQnOjJ.css" line: 1}]
06-10 22:58:21.992  8579  8595 E GeckoConsole: [JavaScript Warning: "Unknown property '-moz-box-shadow'.  Declaration dropped." {file: "http://s.ytimg.com/yt/cssbin/www-core-vflnQnOjJ.css" line: 1}]
06-10 22:58:21.992  8579  8595 E GeckoConsole: [JavaScript Warning: "Unknown property '-moz-box-shadow'.  Declaration dropped." {file: "http://s.ytimg.com/yt/cssbin/www-core-vflnQnOjJ.css" line: 1}]
06-10 22:58:21.992  8579  8595 E GeckoConsole: [JavaScript Warning: "Error in parsing value for 'filter'.  Declaration dropped." {file: "http://s.ytimg.com/yt/cssbin/www-core-vflnQnOjJ.css" line: 1}]
06-10 22:58:21.992  8579  8595 E GeckoConsole: [JavaScript Warning: "Error in parsing value for 'background-image'.  Declaration dropped." {file: "http://s.ytimg.com/yt/cssbin/www-core-vflnQnOjJ.css" line: 1}]
06-10 22:58:21.992  8579  8595 E GeckoConsole: [JavaScript Warning: "Error in parsing value for 'background-image'.  Declaration dropped." {file: "http://s.ytimg.com/yt/cssbin/www-core-vflnQnOjJ.css" line: 1}]
06-10 22:58:21.992  8579  8595 E GeckoConsole: [JavaScript Warning: "Error in parsing value for 'background-image'.  Declaration dropped." {file: "http://s.ytimg.com/yt/cssbin/www-core-vflnQnOjJ.css" line: 1}]
06-10 22:58:21.992  8579  8595 E GeckoConsole: [JavaScript Warning: "Error in parsing value for 'background-image'.  Declaration dropped." {file: "http://s.ytimg.com/yt/cssbin/www-core-vflnQnOjJ.css" line: 1}]
06-10 22:58:21.992  8579  8595 E GeckoConsole: [JavaScript Warning: "Error in parsing value for 'background-image'.  Declaration dropped." {file: "http://s.ytimg.com/yt/cssbin/www-core-vflnQnOjJ.css" line: 1}]
06-10 22:58:21.992  8579  8595 E GeckoConsole: [JavaScript Warning: "Error in parsing value for 'filter'.  Declaration dropped." {file: "http://s.ytimg.com/yt/cssbin/www-core-vflnQnOjJ.css" line: 1}]
06-10 22:58:21.996  8579  8595 E GeckoConsole: [JavaScript Warning: "Error in parsing value for 'background-image'.  Declaration dropped." {file: "http://s.ytimg.com/yt/cssbin/www-core-vflnQnOjJ.css" line: 1}]
06-10 22:58:21.996  8579  8595 E GeckoConsole: [JavaScript Warning: "Error in parsing value for 'background-image'.  Declaration dropped." {file: "http://s.ytimg.com/yt/cssbin/www-core-vflnQnOjJ.css" line: 1}]
06-10 22:58:21.996  8579  8595 E GeckoConsole: [JavaScript Warning: "Error in parsing value for 'background-image'.  Declaration dropped." {file: "http://s.ytimg.com/yt/cssbin/www-core-vflnQnOjJ.css" line: 1}]
06-10 22:58:21.996  8579  8595 E GeckoConsole: [JavaScript Warning: "Error in parsing value for 'background-image'.  Declaration dropped." {file: "http://s.ytimg.com/yt/cssbin/www-core-vflnQnOjJ.css" line: 1}]
06-10 22:58:21.996  8579  8595 E GeckoConsole: [JavaScript Warning: "Error in parsing value for 'background-image'.  Declaration dropped." {file: "http://s.ytimg.com/yt/cssbin/www-core-vflnQnOjJ.css" line: 1}]
06-10 22:58:21.996  8579  8595 E GeckoConsole: [JavaScript Warning: "Error in parsing value for 'filter'.  Declaration dropped." {file: "http://s.ytimg.com/yt/cssbin/www-core-vflnQnOjJ.css" line: 1}]
06-10 22:58:21.996  8579  8595 E GeckoConsole: [JavaScript Warning: "Error in parsing value for 'background-image'.  Declaration dropped." {file: "http://s.ytimg.com/yt/cssbin/www-core-vflnQnOjJ.css" line: 1}]
06-10 22:58:21.996  8579  8595 E GeckoConsole: [JavaScript Warning: "Error in parsing value for 'background-image'.  Declaration dropped." {file: "http://s.ytimg.com/yt/cssbin/www-core-vflnQnOjJ.css" line: 1}]
06-10 22:58:21.996  8579  8595 E GeckoConsole: [JavaScript Warning: "Error in parsing value for 'background-image'.  Declaration dropped." {file: "http://s.ytimg.com/yt/cssbin/www-core-vflnQnOjJ.css" line: 1}]
06-10 22:58:21.996  8579  8595 E GeckoConsole: [JavaScript Warning: "Error in parsing value for 'background-image'.  Declaration dropped." {file: "http://s.ytimg.com/yt/cssbin/www-core-vflnQnOjJ.css" line: 1}]
06-10 22:58:21.996  8579  8595 E GeckoConsole: [JavaScript Warning: "Error in parsing value for 'background-image'.  Declaration dropped." {file: "http://s.ytimg.com/yt/cssbin/www-core-vflnQnOjJ.css" line: 1}]
06-10 22:58:21.996  8579  8595 E GeckoConsole: [JavaScript Warning: "Unknown property '-moz-box-shadow'.  Declaration dropped." {file: "http://s.ytimg.com/yt/cssbin/www-core-vflnQnOjJ.css" line: 1}]
06-10 22:58:21.996  8579  8595 E GeckoConsole: [JavaScript Warning: "Unknown property '-moz-box-shadow'.  Declaration dropped." {file: "http://s.ytimg.com/yt/cssbin/www-core-vflnQnOjJ.css" line: 1}]
06-10 22:58:21.996  8579  8595 E GeckoConsole: [JavaScript Warning: "Error in parsing value for 'filter'.  Declaration dropped." {file: "http://s.ytimg.com/yt/cssbin/www-core-vflnQnOjJ.css" line: 1}]
06-10 22:58:21.996  8579  8595 E GeckoConsole: [JavaScript Warning: "Error in parsing value for 'background-image'.  Declaration dropped." {file: "http://s.ytimg.com/yt/cssbin/www-core-vflnQnOjJ.css" line: 1}]
06-10 22:58:21.996  8579  8595 E GeckoConsole: [JavaScript Warning: "Error in parsing value for 'background-image'.  Declaration dropped." {file: "http://s.ytimg.com/yt/cssbin/www-core-vflnQnOjJ.css" line: 1}]
06-10 22:58:21.996  8579  8595 E GeckoConsole: [JavaScript Warning: "Error in parsing value for 'background-image'.  Declaration dropped." {file: "http://s.ytimg.com/yt/cssbin/www-core-vflnQnOjJ.css" line: 1}]
06-10 22:58:22.000  8579  8595 E GeckoConsole: [JavaScript Warning: "Error in parsing value for 'background-image'.  Declaration dropped." {file: "http://s.ytimg.com/yt/cssbin/www-core-vflnQnOjJ.css" line: 1}]
06-10 22:58:22.000  8579  8595 E GeckoConsole: [JavaScript Warning: "Error in parsing value for 'background-image'.  Declaration dropped." {file: "http://s.ytimg.com/yt/cssbin/www-core-vflnQnOjJ.css" line: 1}]
06-10 22:58:22.000  8579  8595 E GeckoConsole: [JavaScript Warning: "Error in parsing value for 'filter'.  Declaration dropped." {file: "http://s.ytimg.com/yt/cssbin/www-core-vflnQnOjJ.css" line: 1}]
06-10 22:58:22.000  8579  8595 E GeckoConsole: [JavaScript Warning: "Error in parsing value for 'background-image'.  Declaration dropped." {file: "http://s.ytimg.com/yt/cssbin/www-core-vflnQnOjJ.css" line: 1}]
06-10 22:58:22.000  8579  8595 E GeckoConsole: [JavaScript Warning: "Error in parsing value for 'background-image'.  Declaration dropped." {file: "http://s.ytimg.com/yt/cssbin/www-core-vflnQnOjJ.css" line: 1}]
06-10 22:58:22.000  8579  8595 E GeckoConsole: [JavaScript Warning: "Error in parsing value for 'background-image'.  Declaration dropped." {file: "http://s.ytimg.com/yt/cssbin/www-core-vflnQnOjJ.css" line: 1}]
06-10 22:58:22.000  8579  8595 E GeckoConsole: [JavaScript Warning: "Error in parsing value for 'background-image'.  Declaration dropped." {file: "http://s.ytimg.com/yt/cssbin/www-core-vflnQnOjJ.css" line: 1}]
06-10 22:58:22.000  8579  8595 E GeckoConsole: [JavaScript Warning: "Error in parsing value for 'background-image'.  Declaration dropped." {file: "http://s.ytimg.com/yt/cssbin/www-core-vflnQnOjJ.css" line: 1}]
06-10 22:58:22.000  8579  8595 E GeckoConsole: [JavaScript Warning: "Error in parsing value for 'filter'.  Declaration dropped." {file: "http://s.ytimg.com/yt/cssbin/www-core-vflnQnOjJ.css" line: 1}]
06-10 22:58:22.000  8579  8595 E GeckoConsole: [JavaScript Warning: "Error in parsing value for 'background-image'.  Declaration dropped." {file: "http://s.ytimg.com/yt/cssbin/www-core-vflnQnOjJ.css" line: 1}]
06-10 22:58:22.000  8579  8595 E GeckoConsole: [JavaScript Warning: "Error in parsing value for 'background-image'.  Declaration dropped." {file: "http://s.ytimg.com/yt/cssbin/www-core-vflnQnOjJ.css" line: 1}]
06-10 22:58:22.000  8579  8595 E GeckoConsole: [JavaScript Warning: "Error in parsing value for 'background-image'.  Declaration dropped." {file: "http://s.ytimg.com/yt/cssbin/www-core-vflnQnOjJ.css" line: 1}]
06-10 22:58:22.000  8579  8595 E GeckoConsole: [JavaScript Warning: "Error in parsing value for 'background-image'.  Declaration dropped." {file: "http://s.ytimg.com/yt/cssbin/www-core-vflnQnOjJ.css" line: 1}]
06-10 22:58:22.000  8579  8595 E GeckoConsole: [JavaScript Warning: "Error in parsing value for 'background-image'.  Declaration dropped." {file: "http://s.ytimg.com/yt/cssbin/www-core-vflnQnOjJ.css" line: 1}]
06-10 22:58:22.000  8579  8595 E GeckoConsole: [JavaScript Warning: "Unknown property '-moz-box-shadow'.  Declaration dropped." {file: "http://s.ytimg.com/yt/cssbin/www-core-vflnQnOjJ.css" line: 1}]
06-10 22:58:22.000  8579  8595 E GeckoConsole: [JavaScript Warning: "Unknown property '-moz-box-shadow'.  Declaration dropped." {file: "http://s.ytimg.com/yt/cssbin/www-core-vflnQnOjJ.css" line: 1}]
06-10 22:58:22.000  8579  8595 E GeckoConsole: [JavaScript Warning: "Error in parsing value for 'filter'.  Declaration dropped." {file: "http://s.ytimg.com/yt/cssbin/www-core-vflnQnOjJ.css" line: 1}]
06-10 22:58:22.000  8579  8595 E GeckoConsole: [JavaScript Warning: "Error in parsing value for 'background-image'.  Declaration dropped." {file: "http://s.ytimg.com/yt/cssbin/www-core-vflnQnOjJ.css" line: 1}]
06-10 22:58:22.000  8579  8595 E GeckoConsole: [JavaScript Warning: "Error in parsing value for 'background-image'.  Declaration dropped." {file: "http://s.ytimg.com/yt/cssbin/www-core-vflnQnOjJ.css" line: 1}]
06-10 22:58:22.000  8579  8595 E GeckoConsole: [JavaScript Warning: "Error in parsing value for 'background-image'.  Declaration dropped." {file: "http://s.ytimg.com/yt/cssbin/www-core-vflnQnOjJ.css" line: 1}]
06-10 22:58:22.000  8579  8595 E GeckoConsole: [JavaScript Warning: "Error in parsing value for 'background-image'.  Declaration dropped." {file: "http://s.ytimg.com/yt/cssbin/www-core-vflnQnOjJ.css" line: 1}]
06-10 22:58:22.000  8579  8595 E GeckoConsole: [JavaScript Warning: "Error in parsing value for 'background-image'.  Declaration dropped." {file: "http://s.ytimg.com/yt/cssbin/www-core-vflnQnOjJ.css" line: 1}]
06-10 22:58:22.000  8579  8595 E GeckoConsole: [JavaScript Warning: "Error in parsing value for 'filter'.  Declaration dropped." {file: "http://s.ytimg.com/yt/cssbin/www-core-vflnQnOjJ.css" line: 1}]
06-10 22:58:22.000  8579  8595 E GeckoConsole: [JavaScript Warning: "Error in parsing value for 'background-image'.  Declaration dropped." {file: "http://s.ytimg.com/yt/cssbin/www-core-vflnQnOjJ.css" line: 1}]
06-10 22:58:22.000  8579  8595 E GeckoConsole: [JavaScript Warning: "Error in parsing value for 'background-image'.  Declaration dropped." {file: "http://s.ytimg.com/yt/cssbin/www-core-vflnQnOjJ.css" line: 1}]
06-10 22:58:22.000  8579  8595 E GeckoConsole: [JavaScript Warning: "Error in parsing value for 'background-image'.  Declaration dropped." {file: "http://s.ytimg.com/yt/cssbin/www-core-vflnQnOjJ.css" line: 1}]
06-10 22:58:22.000  8579  8595 E GeckoConsole: [JavaScript Warning: "Error in parsing value for 'background-image'.  Declaration dropped." {file: "http://s.ytimg.com/yt/cssbin/www-core-vflnQnOjJ.css" line: 1}]
06-10 22:58:22.000  8579  8595 E GeckoConsole: [JavaScript Warning: "Error in parsing value for 'background-image'.  Declaration dropped." {file: "http://s.ytimg.com/yt/cssbin/www-core-vflnQnOjJ.css" line: 1}]
06-10 22:58:22.000  8579  8595 E GeckoConsole: [JavaScript Warning: "Error in parsing value for 'filter'.  Declaration dropped." {file: "http://s.ytimg.com/yt/cssbin/www-core-vflnQnOjJ.css" line: 1}]
06-10 22:58:22.004  8579  8595 E GeckoConsole: [JavaScript Warning: "Error in parsing value for 'background-image'.  Declaration dropped." {file: "http://s.ytimg.com/yt/cssbin/www-core-vflnQnOjJ.css" line: 1}]
06-10 22:58:22.004  8579  8595 E GeckoConsole: [JavaScript Warning: "Error in parsing value for 'background-image'.  Declaration dropped." {file: "http://s.ytimg.com/yt/cssbin/www-core-vflnQnOjJ.css" line: 1}]
06-10 22:58:22.004  8579  8595 E GeckoConsole: [JavaScript Warning: "Error in parsing value for 'background-image'.  Declaration dropped." {file: "http://s.ytimg.com/yt/cssbin/www-core-vflnQnOjJ.css" line: 1}]
06-10 22:58:22.004  8579  8595 E GeckoConsole: [JavaScript Warning: "Error in parsing value for 'background-image'.  Declaration dropped." {file: "http://s.ytimg.com/yt/cssbin/www-core-vflnQnOjJ.css" line: 1}]
06-10 22:58:22.004  8579  8595 E GeckoConsole: [JavaScript Warning: "Error in parsing value for 'background-image'.  Declaration dropped." {file: "http://s.ytimg.com/yt/cssbin/www-core-vflnQnOjJ.css" line: 1}]
06-10 22:58:22.004  8579  8595 E GeckoConsole: [JavaScript Warning: "Unknown property '-moz-box-shadow'.  Declaration dropped." {file: "http://s.ytimg.com/yt/cssbin/www-core-vflnQnOjJ.css" line: 1}]
06-10 22:58:22.004  8579  8595 E GeckoConsole: [JavaScript Warning: "Unknown property '-moz-box-shadow'.  Declaration dropped." {file: "http://s.ytimg.com/yt/cssbin/www-core-vflnQnOjJ.css" line: 1}]
06-10 22:58:22.004  8579  8595 E GeckoConsole: [JavaScript Warning: "Error in parsing value for 'filter'.  Declaration dropped." {file: "http://s.ytimg.com/yt/cssbin/www-core-vflnQnOjJ.css" line: 1}]
06-10 22:58:22.004  8579  8595 E GeckoConsole: [JavaScript Warning: "Error in parsing value for 'background-image'.  Declaration dropped." {file: "http://s.ytimg.com/yt/cssbin/www-core-vflnQnOjJ.css" line: 1}]
06-10 22:58:22.004  8579  8595 E GeckoConsole: [JavaScript Warning: "Error in parsing value for 'background-image'.  Declaration dropped." {file: "http://s.ytimg.com/yt/cssbin/www-core-vflnQnOjJ.css" line: 1}]
06-10 22:58:22.004  8579  8595 E GeckoConsole: [JavaScript Warning: "Error in parsing value for 'background-image'.  Declaration dropped." {file: "http://s.ytimg.com/yt/cssbin/www-core-vflnQnOjJ.css" line: 1}]
06-10 22:58:22.004  8579  8595 E GeckoConsole: [JavaScript Warning: "Error in parsing value for 'background-image'.  Declaration dropped." {file: "http://s.ytimg.com/yt/cssbin/www-core-vflnQnOjJ.css" line: 1}]
06-10 22:58:22.004  8579  8595 E GeckoConsole: [JavaScript Warning: "Error in parsing value for 'background-image'.  Declaration dropped." {file: "http://s.ytimg.com/yt/cssbin/www-core-vflnQnOjJ.css" line: 1}]
06-10 22:58:22.004  8579  8595 E GeckoConsole: [JavaScript Warning: "Error in parsing value for 'filter'.  Declaration dropped." {file: "http://s.ytimg.com/yt/cssbin/www-core-vflnQnOjJ.css" line: 1}]
06-10 22:58:22.004  8579  8595 E GeckoConsole: [JavaScript Warning: "Error in parsing value for 'background-image'.  Declaration dropped." {file: "http://s.ytimg.com/yt/cssbin/www-core-vflnQnOjJ.css" line: 1}]
06-10 22:58:22.004  8579  8595 E GeckoConsole: [JavaScript Warning: "Error in parsing value for 'background-image'.  Declaration dropped." {file: "http://s.ytimg.com/yt/cssbin/www-core-vflnQnOjJ.css" line: 1}]
06-10 22:58:22.004  8579  8595 E GeckoConsole: [JavaScript Warning: "Error in parsing value for 'background-image'.  Declaration dropped." {file: "http://s.ytimg.com/yt/cssbin/www-core-vflnQnOjJ.css" line: 1}]
06-10 22:58:22.004  8579  8595 E GeckoConsole: [JavaScript Warning: "Error in parsing value for 'background-image'.  Declaration dropped." {file: "http://s.ytimg.com/yt/cssbin/www-core-vflnQnOjJ.css" line: 1}]
06-10 22:58:22.004  8579  8595 E GeckoConsole: [JavaScript Warning: "Error in parsing value for 'background-image'.  Declaration dropped." {file: "http://s.ytimg.com/yt/cssbin/www-core-vflnQnOjJ.css" line: 1}]
06-10 22:58:22.004  8579  8595 E GeckoConsole: [JavaScript Warning: "Error in parsing value for 'text-shadow'.  Declaration dropped." {file: "http://s.ytimg.com/yt/cssbin/www-core-vflnQnOjJ.css" line: 1}]
06-10 22:58:22.004  8579  8595 E GeckoConsole: [JavaScript Warning: "Expected declaration but found '*'.  Skipped to next declaration." {file: "http://s.ytimg.com/yt/cssbin/www-core-vflnQnOjJ.css" line: 1}]
06-10 22:58:22.004  8579  8595 E GeckoConsole: [JavaScript Warning: "Expected declaration but found '*'.  Skipped to next declaration." {file: "http://s.ytimg.com/yt/cssbin/www-core-vflnQnOjJ.css" line: 1}]
06-10 22:58:22.004  8579  8595 E GeckoConsole: [JavaScript Warning: "Unknown property 'word-break'.  Declaration dropped." {file: "http://s.ytimg.com/yt/cssbin/www-core-vflnQnOjJ.css" line: 1}]
06-10 22:58:22.007  8579  8595 E GeckoConsole: [JavaScript Warning: "Expected declaration but found '*'.  Skipped to next declaration." {file: "http://s.ytimg.com/yt/cssbin/www-core-vflnQnOjJ.css" line: 1}]
06-10 22:58:22.007  8579  8595 E GeckoConsole: [JavaScript Warning: "Expected declaration but found '*'.  Skipped to next declaration." {file: "http://s.ytimg.com/yt/cssbin/www-core-vflnQnOjJ.css" line: 1}]
06-10 22:58:22.007  8579  8595 E GeckoConsole: [JavaScript Warning: "Expected declaration but found '*'.  Skipped to next declaration." {file: "http://s.ytimg.com/yt/cssbin/www-core-vflnQnOjJ.css" line: 1}]
06-10 22:58:22.007  8579  8595 E GeckoConsole: [JavaScript Warning: "Expected declaration but found '*'.  Skipped to next declaration." {file: "http://s.ytimg.com/yt/cssbin/www-core-vflnQnOjJ.css" line: 1}]
06-10 22:58:22.007  8579  8595 E GeckoConsole: [JavaScript Warning: "Unknown property '-moz-border-radius'.  Declaration dropped." {file: "http://s.ytimg.com/yt/cssbin/www-core-vflnQnOjJ.css" line: 1}]
06-10 22:58:22.007  8579  8595 E GeckoConsole: [JavaScript Warning: "Expected declaration but found '*'.  Skipped to next declaration." {file: "http://s.ytimg.com/yt/cssbin/www-core-vflnQnOjJ.css" line: 1}]
06-10 22:58:22.007  8579  8595 E GeckoConsole: [JavaScript Warning: "Error in parsing value for 'cursor'.  Declaration dropped." {file: "http://s.ytimg.com/yt/cssbin/www-core-vflnQnOjJ.css" line: 1}]
06-10 22:58:22.011  8579  8595 E GeckoConsole: [JavaScript Warning: "Error in parsing value for 'cursor'.  Declaration dropped." {file: "http://s.ytimg.com/yt/cssbin/www-core-vflnQnOjJ.css" line: 1}]
06-10 22:58:22.011  8579  8595 E GeckoConsole: [JavaScript Warning: "Expected declaration but found '*'.  Skipped to next declaration." {file: "http://s.ytimg.com/yt/cssbin/www-core-vflnQnOjJ.css" line: 1}]
06-10 22:58:22.011  8579  8595 E GeckoConsole: [JavaScript Warning: "Unknown property 'zoom'.  Declaration dropped." {file: "http://s.ytimg.com/yt/cssbin/www-core-vflnQnOjJ.css" line: 1}]
06-10 22:58:22.011  8579  8595 E GeckoConsole: [JavaScript Warning: "Expected declaration but found '*'.  Skipped to next declaration." {file: "http://s.ytimg.com/yt/cssbin/www-core-vflnQnOjJ.css" line: 1}]
06-10 22:58:22.011  8579  8595 E GeckoConsole: [JavaScript Warning: "Expected declaration but found '*'.  Skipped to next declaration." {file: "http://s.ytimg.com/yt/cssbin/www-core-vflnQnOjJ.css" line: 1}]
06-10 22:58:22.011  8579  8595 E GeckoConsole: [JavaScript Warning: "Expected declaration but found '*'.  Skipped to next declaration." {file: "http://s.ytimg.com/yt/cssbin/www-core-vflnQnOjJ.css" line: 1}]
06-10 22:58:22.011  8579  8595 E GeckoConsole: [JavaScript Warning: "Expected declaration but found '*'.  Skipped to next declaration." {file: "http://s.ytimg.com/yt/cssbin/www-core-vflnQnOjJ.css" line: 1}]
06-10 22:58:22.011  8579  8595 E GeckoConsole: [JavaScript Warning: "Expected declaration but found '*'.  Skipped to next declaration." {file: "http://s.ytimg.com/yt/cssbin/www-core-vflnQnOjJ.css" line: 1}]
06-10 22:58:22.011  8579  8595 E GeckoConsole: [JavaScript Warning: "Expected declaration but found '*'.  Skipped to next declaration." {file: "http://s.ytimg.com/yt/cssbin/www-core-vflnQnOjJ.css" line: 1}]
06-10 22:58:22.011  8579  8595 E GeckoConsole: [JavaScript Warning: "Expected declaration but found '*'.  Skipped to next declaration." {file: "http://s.ytimg.com/yt/cssbin/www-core-vflnQnOjJ.css" line: 1}]
06-10 22:58:22.011  8579  8595 E GeckoConsole: [JavaScript Warning: "Unknown property 'box-sizing'.  Declaration dropped." {file: "http://s.ytimg.com/yt/cssbin/www-core-vflnQnOjJ.css" line: 1}]
06-10 22:58:22.011  8579  8595 E GeckoConsole: [JavaScript Warning: "Unknown property '-moz-border-radius-topleft'.  Declaration dropped." {file: "http://s.ytimg.com/yt/cssbin/www-core-vflnQnOjJ.css" line: 1}]
06-10 22:58:22.011  8579  8595 E GeckoConsole: [JavaScript Warning: "Unknown property '-moz-border-radius-bottomleft'.  Declaration dropped." {file: "http://s.ytimg.com/yt/cssbin/www-core-vflnQnOjJ.css" line: 1}]
06-10 22:58:22.011  8579  8595 E GeckoConsole: [JavaScript Warning: "Unknown property 'transition'.  Declaration dropped." {file: "http://s.ytimg.com/yt/cssbin/www-core-vflnQnOjJ.css" line: 1}]
06-10 22:58:22.011  8579  8595 E GeckoConsole: [JavaScript Warning: "Expected declaration but found '*'.  Skipped to next declaration." {file: "http://s.ytimg.com/yt/cssbin/www-core-vflnQnOjJ.css" line: 1}]
06-10 22:58:22.011  8579  8595 E GeckoConsole: [JavaScript Warning: "Unknown property '-moz-box-shadow'.  Declaration dropped." {file: "http://s.ytimg.com/yt/cssbin/www-core-vflnQnOjJ.css" line: 1}]
06-10 22:58:22.011  8579  8595 E GeckoConsole: [JavaScript Warning: "Expected declaration but found '*'.  Skipped to next declaration." {file: "http://s.ytimg.com/yt/cssbin/www-core-vflnQnOjJ.css" line: 1}]
06-10 22:58:22.011  8579  8595 E GeckoConsole: [JavaScript Warning: "Expected declaration but found '*'.  Skipped to next declaration." {file: "http://s.ytimg.com/yt/cssbin/www-core-vflnQnOjJ.css" line: 1}]
06-10 22:58:22.015  8579  8595 E GeckoConsole: [JavaScript Warning: "Expected declaration but found '*'.  Skipped to next declaration." {file: "http://s.ytimg.com/yt/cssbin/www-core-vflnQnOjJ.css" line: 1}]
06-10 22:58:22.015  8579  8595 E GeckoConsole: [JavaScript Warning: "Unknown property 'zoom'.  Declaration dropped." {file: "http://s.ytimg.com/yt/cssbin/www-core-vflnQnOjJ.css" line: 1}]
06-10 22:58:22.015  8579  8595 E GeckoConsole: [JavaScript Warning: "Unknown property 'box-sizing'.  Declaration dropped." {file: "http://s.ytimg.com/yt/cssbin/www-core-vflnQnOjJ.css" line: 1}]
06-10 22:58:22.015  8579  8595 E GeckoConsole: [JavaScript Warning: "Expected declaration but found '*'.  Skipped to next declaration." {file: "http://s.ytimg.com/yt/cssbin/www-core-vflnQnOjJ.css" line: 1}]
06-10 22:58:22.015  8579  8595 E GeckoConsole: [JavaScript Warning: "Unknown property '-moz-box-shadow'.  Declaration dropped." {file: "http://s.ytimg.com/yt/cssbin/www-core-vflnQnOjJ.css" line: 1}]
06-10 22:58:22.015  8579  8595 E GeckoConsole: [JavaScript Warning: "Unknown property '-moz-border-radius-topleft'.  Declaration dropped." {file: "http://s.ytimg.com/yt/cssbin/www-core-vflnQnOjJ.css" line: 1}]
06-10 22:58:22.015  8579  8595 E GeckoConsole: [JavaScript Warning: "Unknown property '-moz-border-radius-bottomleft'.  Declaration dropped." {file: "http://s.ytimg.com/yt/cssbin/www-core-vflnQnOjJ.css" line: 1}]
06-10 22:58:22.015  8579  8595 E GeckoConsole: [JavaScript Warning: "Expected declaration but found '*'.  Skipped to next declaration." {file: "http://s.ytimg.com/yt/cssbin/www-core-vflnQnOjJ.css" line: 1}]
06-10 22:58:22.015  8579  8595 E GeckoConsole: [JavaScript Warning: "Expected declaration but found '*'.  Skipped to next declaration." {file: "http://s.ytimg.com/yt/cssbin/www-core-vflnQnOjJ.css" line: 1}]
06-10 22:58:22.015  8579  8595 E GeckoConsole: [JavaScript Warning: "Expected declaration but found '*'.  Skipped to next declaration." {file: "http://s.ytimg.com/yt/cssbin/www-core-vflnQnOjJ.css" line: 1}]
06-10 22:58:22.015  8579  8595 E GeckoConsole: [JavaScript Warning: "Expected declaration but found '*'.  Skipped to next declaration." {file: "http://s.ytimg.com/yt/cssbin/www-core-vflnQnOjJ.css" line: 1}]
06-10 22:58:22.015  8579  8595 E GeckoConsole: [JavaScript Warning: "Expected declaration but found '*'.  Skipped to next declaration." {file: "http://s.ytimg.com/yt/cssbin/www-core-vflnQnOjJ.css" line: 1}]
06-10 22:58:22.019  8579  8595 E GeckoConsole: [JavaScript Warning: "Expected declaration but found '*'.  Skipped to next declaration." {file: "http://s.ytimg.com/yt/cssbin/www-core-vflnQnOjJ.css" line: 1}]
06-10 22:58:22.019  8579  8595 E GeckoConsole: [JavaScript Warning: "Expected declaration but found '*'.  Skipped to next declaration." {file: "http://s.ytimg.com/yt/cssbin/www-core-vflnQnOjJ.css" line: 1}]
06-10 22:58:22.019  8579  8595 E GeckoConsole: [JavaScript Warning: "Unknown property '-moz-border-radius'.  Declaration dropped." {file: "http://s.ytimg.com/yt/cssbin/www-core-vflnQnOjJ.css" line: 1}]
06-10 22:58:22.019  8579  8595 E GeckoConsole: [JavaScript Warning: "Unknown property 'zoom'.  Declaration dropped." {file: "http://s.ytimg.com/yt/cssbin/www-core-vflnQnOjJ.css" line: 1}]
06-10 22:58:22.019  8579  8595 E GeckoConsole: [JavaScript Warning: "Error in parsing value for 'filter'.  Declaration dropped." {file: "http://s.ytimg.com/yt/cssbin/www-core-vflnQnOjJ.css" line: 1}]
06-10 22:58:22.019  8579  8595 E GeckoConsole: [JavaScript Warning: "Error in parsing value for 'background-image'.  Declaration dropped." {file: "http://s.ytimg.com/yt/cssbin/www-core-vflnQnOjJ.css" line: 1}]
06-10 22:58:22.019  8579  8595 E GeckoConsole: [JavaScript Warning: "Error in parsing value for 'background-image'.  Declaration dropped." {file: "http://s.ytimg.com/yt/cssbin/www-core-vflnQnOjJ.css" line: 1}]
06-10 22:58:22.019  8579  8595 E GeckoConsole: [JavaScript Warning: "Error in parsing value for 'background-image'.  Declaration dropped." {file: "http://s.ytimg.com/yt/cssbin/www-core-vflnQnOjJ.css" line: 1}]
06-10 22:58:22.019  8579  8595 E GeckoConsole: [JavaScript Warning: "Error in parsing value for 'background-image'.  Declaration dropped." {file: "http://s.ytimg.com/yt/cssbin/www-core-vflnQnOjJ.css" line: 1}]
06-10 22:58:22.019  8579  8595 E GeckoConsole: [JavaScript Warning: "Error in parsing value for 'background-image'.  Declaration dropped." {file: "http://s.ytimg.com/yt/cssbin/www-core-vflnQnOjJ.css" line: 1}]
06-10 22:58:22.019  8579  8595 E GeckoConsole: [JavaScript Warning: "Unknown property '-moz-box-shadow'.  Declaration dropped." {file: "http://s.ytimg.com/yt/cssbin/www-core-vflnQnOjJ.css" line: 1}]
06-10 22:58:22.019  8579  8595 E GeckoConsole: [JavaScript Warning: "Expected declaration but found '*'.  Skipped to next declaration." {file: "http://s.ytimg.com/yt/cssbin/www-core-vflnQnOjJ.css" line: 1}]
06-10 22:58:22.019  8579  8595 E GeckoConsole: [JavaScript Warning: "Error in parsing value for 'filter'.  Declaration dropped." {file: "http://s.ytimg.com/yt/cssbin/www-core-vflnQnOjJ.css" line: 1}]
06-10 22:58:22.019  8579  8595 E GeckoConsole: [JavaScript Warning: "Error in parsing value for 'filter'.  Declaration dropped." {file: "http://s.ytimg.com/yt/cssbin/www-core-vflnQnOjJ.css" line: 1}]
06-10 22:58:22.019  8579  8595 E GeckoConsole: [JavaScript Warning: "Unknown property '-moz-border-radius'.  Declaration dropped." {file: "http://s.ytimg.com/yt/cssbin/www-core-vflnQnOjJ.css" line: 1}]
06-10 22:58:22.023  8579  8595 E GeckoConsole: [JavaScript Warning: "Error in parsing value for 'filter'.  Declaration dropped." {file: "http://s.ytimg.com/yt/cssbin/www-core-vflnQnOjJ.css" line: 1}]
06-10 22:58:22.023  8579  8595 E GeckoConsole: [JavaScript Warning: "Error in parsing value for 'cursor'.  Declaration dropped." {file: "http://s.ytimg.com/yt/cssbin/www-core-vflnQnOjJ.css" line: 1}]
06-10 22:58:22.023  8579  8595 E GeckoConsole: [JavaScript Warning: "Expected declaration but found '*'.  Skipped to next declaration." {file: "http://s.ytimg.com/yt/cssbin/www-core-vflnQnOjJ.css" line: 1}]
06-10 22:58:22.027  8579  8595 E GeckoConsole: [JavaScript Warning: "Expected declaration but found '*'.  Skipped to next declaration." {file: "http://s.ytimg.com/yt/cssbin/www-core-vflnQnOjJ.css" line: 1}]
06-10 22:58:22.027  8579  8595 E GeckoConsole: [JavaScript Warning: "Unknown property '-moz-box-shadow'.  Declaration dropped." {file: "http://s.ytimg.com/yt/cssbin/www-core-vflnQnOjJ.css" line: 1}]
06-10 22:58:22.027  8579  8595 E GeckoConsole: [JavaScript Warning: "Unknown property '-moz-box-shadow'.  Declaration dropped." {file: "http://s.ytimg.com/yt/cssbin/www-core-vflnQnOjJ.css" line: 1}]
06-10 22:58:22.027  8579  8595 E GeckoConsole: [JavaScript Warning: "Expected declaration but found '*'.  Skipped to next declaration." {file: "http://s.ytimg.com/yt/cssbin/www-core-vflnQnOjJ.css" line: 1}]
06-10 22:58:22.027  8579  8595 E GeckoConsole: [JavaScript Warning: "Expected declaration but found '*'.  Skipped to next declaration." {file: "http://s.ytimg.com/yt/cssbin/www-core-vflnQnOjJ.css" line: 1}]
06-10 22:58:22.027  8579  8595 E GeckoConsole: [JavaScript Warning: "Error in parsing value for 'filter'.  Declaration dropped." {file: "http://s.ytimg.com/yt/cssbin/www-core-vflnQnOjJ.css" line: 1}]
06-10 22:58:22.027  8579  8595 E GeckoConsole: [JavaScript Warning: "Expected declaration but found '*'.  Skipped to next declaration." {file: "http://s.ytimg.com/yt/cssbin/www-core-vflnQnOjJ.css" line: 1}]
06-10 22:58:22.027  8579  8595 E GeckoConsole: [JavaScript Warning: "Expected declaration but found '*'.  Skipped to next declaration." {file: "http://s.ytimg.com/yt/cssbin/www-core-vflnQnOjJ.css" line: 1}]
06-10 22:58:22.027  8579  8595 E GeckoConsole: [JavaScript Warning: "Unknown property '-moz-border-radius-topright'.  Declaration dropped." {file: "http://s.ytimg.com/yt/cssbin/www-core-vflnQnOjJ.css" line: 1}]
06-10 22:58:22.027  8579  8595 E GeckoConsole: [JavaScript Warning: "Unknown property '-moz-border-radius-bottomright'.  Declaration dropped." {file: "http://s.ytimg.com/yt/cssbin/www-core-vflnQnOjJ.css" line: 1}]
06-10 22:58:22.027  8579  8595 E GeckoConsole: [JavaScript Warning: "Unknown property '-moz-border-radius-topleft'.  Declaration dropped." {file: "http://s.ytimg.com/yt/cssbin/www-core-vflnQnOjJ.css" line: 1}]
06-10 22:58:22.027  8579  8595 E GeckoConsole: [JavaScript Warning: "Unknown property '-moz-border-radius-bottomleft'.  Declaration dropped." {file: "http://s.ytimg.com/yt/cssbin/www-core-vflnQnOjJ.css" line: 1}]
06-10 22:58:22.027  8579  8595 E GeckoConsole: [JavaScript Warning: "Unknown property '-moz-box-shadow'.  Declaration dropped." {file: "http://s.ytimg.com/yt/cssbin/www-core-vflnQnOjJ.css" line: 1}]
06-10 22:58:22.027  8579  8595 E GeckoConsole: [JavaScript Warning: "Error in parsing value for 'filter'.  Declaration dropped." {file: "http://s.ytimg.com/yt/cssbin/www-core-vflnQnOjJ.css" line: 1}]
06-10 22:58:22.027  8579  8595 E GeckoConsole: [JavaScript Warning: "Error in parsing value for 'background-image'.  Declaration dropped." {file: "http://s.ytimg.com/yt/cssbin/www-core-vflnQnOjJ.css" line: 1}]
06-10 22:58:22.027  8579  8595 E GeckoConsole: [JavaScript Warning: "Error in parsing value for 'background-image'.  Declaration dropped." {file: "http://s.ytimg.com/yt/cssbin/www-core-vflnQnOjJ.css" line: 1}]
06-10 22:58:22.027  8579  8595 E GeckoConsole: [JavaScript Warning: "Error in parsing value for 'background-image'.  Declaration dropped." {file: "http://s.ytimg.com/yt/cssbin/www-core-vflnQnOjJ.css" line: 1}]
06-10 22:58:22.027  8579  8595 E GeckoConsole: [JavaScript Warning: "Error in parsing value for 'background-image'.  Declaration dropped." {file: "http://s.ytimg.com/yt/cssbin/www-core-vflnQnOjJ.css" line: 1}]
06-10 22:58:22.027  8579  8595 E GeckoConsole: [JavaScript Warning: "Error in parsing value for 'background-image'.  Declaration dropped." {file: "http://s.ytimg.com/yt/cssbin/www-core-vflnQnOjJ.css" line: 1}]
06-10 22:58:22.031  8579  8595 E GeckoConsole: [JavaScript Warning: "Error in parsing value for 'background-image'.  Declaration dropped." {file: "http://s.ytimg.com/yt/cssbin/www-core-vflnQnOjJ.css" line: 1}]
06-10 22:58:22.031  8579  8595 E GeckoConsole: [JavaScript Warning: "Error in parsing value for 'background-image'.  Declaration dropped." {file: "http://s.ytimg.com/yt/cssbin/www-core-vflnQnOjJ.css" line: 1}]
06-10 22:58:22.031  8579  8595 E GeckoConsole: [JavaScript Warning: "Error in parsing value for 'background-image'.  Declaration dropped." {file: "http://s.ytimg.com/yt/cssbin/www-core-vflnQnOjJ.css" line: 1}]
06-10 22:58:22.031  8579  8595 E GeckoConsole: [JavaScript Warning: "Error in parsing value for 'background-image'.  Declaration dropped." {file: "http://s.ytimg.com/yt/cssbin/www-core-vflnQnOjJ.css" line: 1}]
06-10 22:58:22.031  8579  8595 E GeckoConsole: [JavaScript Warning: "Error in parsing value for 'background-image'.  Declaration dropped." {file: "http://s.ytimg.com/yt/cssbin/www-core-vflnQnOjJ.css" line: 1}]
06-10 22:58:22.031  8579  8595 E GeckoConsole: [JavaScript Warning: "Error in parsing value for 'background-image'.  Declaration dropped." {file: "http://s.ytimg.com/yt/cssbin/www-core-vflnQnOjJ.css" line: 1}]
06-10 22:58:22.031  8579  8595 E GeckoConsole: [JavaScript Warning: "Error in parsing value for 'background-image'.  Declaration dropped." {file: "http://s.ytimg.com/yt/cssbin/www-core-vflnQnOjJ.css" line: 1}]
06-10 22:58:22.031  8579  8595 E GeckoConsole: [JavaScript Warning: "Error in parsing value for 'background-image'.  Declaration dropped." {file: "http://s.ytimg.com/yt/cssbin/www-core-vflnQnOjJ.css" line: 1}]
06-10 22:58:22.031  8579  8595 E GeckoConsole: [JavaScript Warning: "Error in parsing value for 'background-image'.  Declaration dropped." {file: "http://s.ytimg.com/yt/cssbin/www-core-vflnQnOjJ.css" line: 1}]
06-10 22:58:22.031  8579  8595 E GeckoConsole: [JavaScript Warning: "Error in parsing value for 'background-image'.  Declaration dropped." {file: "http://s.ytimg.com/yt/cssbin/www-core-vflnQnOjJ.css" line: 1}]
06-10 22:58:22.031  8579  8595 E GeckoConsole: [JavaScript Warning: "Error in parsing value for 'background-image'.  Declaration dropped." {file: "http://s.ytimg.com/yt/cssbin/www-core-vflnQnOjJ.css" line: 1}]
06-10 22:58:22.031  8579  8595 E GeckoConsole: [JavaScript Warning: "Error in parsing value for 'background-image'.  Declaration dropped." {file: "http://s.ytimg.com/yt/cssbin/www-core-vflnQnOjJ.css" line: 1}]
06-10 22:58:22.031  8579  8595 E GeckoConsole: [JavaScript Warning: "Error in parsing value for 'background-image'.  Declaration dropped." {file: "http://s.ytimg.com/yt/cssbin/www-core-vflnQnOjJ.css" line: 1}]
06-10 22:58:22.031  8579  8595 E GeckoConsole: [JavaScript Warning: "Error in parsing value for 'background-image'.  Declaration dropped." {file: "http://s.ytimg.com/yt/cssbin/www-core-vflnQnOjJ.css" line: 1}]
06-10 22:58:22.031  8579  8595 E GeckoConsole: [JavaScript Warning: "Error in parsing value for 'background-image'.  Declaration dropped." {file: "http://s.ytimg.com/yt/cssbin/www-core-vflnQnOjJ.css" line: 1}]
06-10 22:58:22.031  8579  8595 E GeckoConsole: [JavaScript Warning: "Unknown property '-moz-border-radius'.  Declaration dropped." {file: "http://s.ytimg.com/yt/cssbin/www-core-vflnQnOjJ.css" line: 1}]
06-10 22:58:22.031  8579  8595 E GeckoConsole: [JavaScript Warning: "Error in parsing value for 'background-image'.  Declaration dropped." {file: "http://s.ytimg.com/yt/cssbin/www-core-vflnQnOjJ.css" line: 1}]
06-10 22:58:22.031  8579  8595 E GeckoConsole: [JavaScript Warning: "Error in parsing value for 'background-image'.  Declaration dropped." {file: "http://s.ytimg.com/yt/cssbin/www-core-vflnQnOjJ.css" line: 1}]
06-10 22:58:22.031  8579  8595 E GeckoConsole: [JavaScript Warning: "Error in parsing value for 'background-image'.  Declaration dropped." {file: "http://s.ytimg.com/yt/cssbin/www-core-vflnQnOjJ.css" line: 1}]
06-10 22:58:22.031  8579  8595 E GeckoConsole: [JavaScript Warning: "Error in parsing value for 'background-image'.  Declaration dropped." {file: "http://s.ytimg.com/yt/cssbin/www-core-vflnQnOjJ.css" line: 1}]
06-10 22:58:22.031  8579  8595 E GeckoConsole: [JavaScript Warning: "Error in parsing value for 'background-image'.  Declaration dropped." {file: "http://s.ytimg.com/yt/cssbin/www-core-vflnQnOjJ.css" line: 1}]
06-10 22:58:22.031  8579  8595 E GeckoConsole: [JavaScript Warning: "Error in parsing value for 'filter'.  Declaration dropped." {file: "http://s.ytimg.com/yt/cssbin/www-core-vflnQnOjJ.css" line: 1}]
06-10 22:58:22.035  8579  8595 E GeckoConsole: [JavaScript Warning: "Expected declaration but found '*'.  Skipped to next declaration." {file: "http://s.ytimg.com/yt/cssbin/www-core-vflnQnOjJ.css" line: 1}]
06-10 22:58:22.035  8579  8595 E GeckoConsole: [JavaScript Warning: "Expected declaration but found '*'.  Skipped to next declaration." {file: "http://s.ytimg.com/yt/cssbin/www-core-vflnQnOjJ.css" line: 1}]
06-10 22:58:22.035  8579  8595 E GeckoConsole: [JavaScript Warning: "Expected declaration but found '*'.  Skipped to next declaration." {file: "http://s.ytimg.com/yt/cssbin/www-core-vflnQnOjJ.css" line: 1}]
06-10 22:58:22.035  8579  8595 E GeckoConsole: [JavaScript Warning: "Expected declaration but found '*'.  Skipped to next declaration." {file: "http://s.ytimg.com/yt/cssbin/www-core-vflnQnOjJ.css" line: 1}]
06-10 22:58:22.035  8579  8595 E GeckoConsole: [JavaScript Warning: "Unknown property '-moz-border-radius'.  Declaration dropped." {file: "http://s.ytimg.com/yt/cssbin/www-core-vflnQnOjJ.css" line: 1}]
06-10 22:58:22.035  8579  8595 E GeckoConsole: [JavaScript Warning: "Unknown property '-moz-box-shadow'.  Declaration dropped." {file: "http://s.ytimg.com/yt/cssbin/www-core-vflnQnOjJ.css" line: 1}]
06-10 22:58:22.035  8579  8595 E GeckoConsole: [JavaScript Warning: "Unknown property '-moz-box-shadow'.  Declaration dropped." {file: "http://s.ytimg.com/yt/cssbin/www-core-vflnQnOjJ.css" line: 1}]
06-10 22:58:22.035  8579  8595 E GeckoConsole: [JavaScript Warning: "Unknown property '-moz-box-shadow'.  Declaration dropped." {file: "http://s.ytimg.com/yt/cssbin/www-core-vflnQnOjJ.css" line: 1}]
06-10 22:58:22.039  8579  8595 E GeckoConsole: [JavaScript Warning: "Unknown property '-moz-box-shadow'.  Declaration dropped." {file: "http://s.ytimg.com/yt/cssbin/www-core-vflnQnOjJ.css" line: 1}]
06-10 22:58:22.039  8579  8595 E GeckoConsole: [JavaScript Warning: "Unknown property '-moz-box-shadow'.  Declaration dropped." {file: "http://s.ytimg.com/yt/cssbin/www-core-vflnQnOjJ.css" line: 1}]
06-10 22:58:22.039  8579  8595 E GeckoConsole: [JavaScript Warning: "Unknown property '-moz-box-shadow'.  Declaration dropped." {file: "http://s.ytimg.com/yt/cssbin/www-core-vflnQnOjJ.css" line: 1}]
06-10 22:58:22.039  8579  8595 E GeckoConsole: [JavaScript Warning: "Unknown property '-moz-box-shadow'.  Declaration dropped." {file: "http://s.ytimg.com/yt/cssbin/www-core-vflnQnOjJ.css" line: 1}]
06-10 22:58:22.039  8579  8595 E GeckoConsole: [JavaScript Warning: "Unknown property '-moz-border-radius'.  Declaration dropped." {file: "http://s.ytimg.com/yt/cssbin/www-core-vflnQnOjJ.css" line: 1}]
06-10 22:58:22.039  8579  8595 E GeckoConsole: [JavaScript Warning: "Expected declaration but found '*'.  Skipped to next declaration." {file: "http://s.ytimg.com/yt/cssbin/www-core-vflnQnOjJ.css" line: 1}]
06-10 22:58:22.039  8579  8595 E GeckoConsole: [JavaScript Warning: "Expected declaration but found '*'.  Skipped to next declaration." {file: "http://s.ytimg.com/yt/cssbin/www-core-vflnQnOjJ.css" line: 1}]
06-10 22:58:22.039  8579  8595 E GeckoConsole: [JavaScript Warning: "Expected declaration but found '*'.  Skipped to next declaration." {file: "http://s.ytimg.com/yt/cssbin/www-core-vflnQnOjJ.css" line: 1}]
06-10 22:58:22.039  8579  8595 E GeckoConsole: [JavaScript Warning: "Expected declaration but found '*'.  Skipped to next declaration." {file: "http://s.ytimg.com/yt/cssbin/www-core-vflnQnOjJ.css" line: 1}]
06-10 22:58:22.039  8579  8595 E GeckoConsole: [JavaScript Warning: "Expected declaration but found '*'.  Skipped to next declaration." {file: "http://s.ytimg.com/yt/cssbin/www-core-vflnQnOjJ.css" line: 1}]
06-10 22:58:22.043  8579  8595 E GeckoConsole: [JavaScript Warning: "Expected declaration but found '*'.  Skipped to next declaration." {file: "http://s.ytimg.com/yt/cssbin/www-core-vflnQnOjJ.css" line: 1}]
06-10 22:58:22.043  8579  8595 E GeckoConsole: [JavaScript Warning: "Expected declaration but found '*'.  Skipped to next declaration." {file: "http://s.ytimg.com/yt/cssbin/www-core-vflnQnOjJ.css" line: 1}]
06-10 22:58:22.043  8579  8595 E GeckoConsole: [JavaScript Warning: "Unknown property 'transition'.  Declaration dropped." {file: "http://s.ytimg.com/yt/cssbin/www-core-vflnQnOjJ.css" line: 1}]
06-10 22:58:22.043  8579  8595 E GeckoConsole: [JavaScript Warning: "Expected declaration but found '*'.  Skipped to next declaration." {file: "http://s.ytimg.com/yt/cssbin/www-core-vflnQnOjJ.css" line: 1}]
06-10 22:58:22.043  8579  8595 E GeckoConsole: [JavaScript Warning: "Expected declaration but found '*'.  Skipped to next declaration." {file: "http://s.ytimg.com/yt/cssbin/www-core-vflnQnOjJ.css" line: 1}]
06-10 22:58:22.043  8579  8595 E GeckoConsole: [JavaScript Warning: "Expected declaration but found '*'.  Skipped to next declaration." {file: "http://s.ytimg.com/yt/cssbin/www-core-vflnQnOjJ.css" line: 1}]
06-10 22:58:22.043  8579  8595 E GeckoConsole: [JavaScript Warning: "Expected declaration but found '*'.  Skipped to next declaration." {file: "http://s.ytimg.com/yt/cssbin/www-core-vflnQnOjJ.css" line: 1}]
06-10 22:58:22.043  8579  8595 E GeckoConsole: [JavaScript Warning: "Expected declaration but found '*'.  Skipped to next declaration." {file: "http://s.ytimg.com/yt/cssbin/www-core-vflnQnOjJ.css" line: 1}]
06-10 22:58:22.043  8579  8595 E GeckoConsole: [JavaScript Warning: "Expected declaration but found '*'.  Skipped to next declaration." {file: "http://s.ytimg.com/yt/cssbin/www-core-vflnQnOjJ.css" line: 1}]
06-10 22:58:22.047  8579  8595 E GeckoConsole: [JavaScript Warning: "Expected declaration but found '*'.  Skipped to next declaration." {file: "http://s.ytimg.com/yt/cssbin/www-core-vflnQnOjJ.css" line: 1}]
06-10 22:58:22.047  8579  8595 E GeckoConsole: [JavaScript Warning: "Expected declaration but found '*'.  Skipped to next declaration." {file: "http://s.ytimg.com/yt/cssbin/www-core-vflnQnOjJ.css" line: 1}]
06-10 22:58:22.047  8579  8595 E GeckoConsole: [JavaScript Warning: "Expected declaration but found '*'.  Skipped to next declaration." {file: "http://s.ytimg.com/yt/cssbin/www-core-vflnQnOjJ.css" line: 1}]
06-10 22:58:22.047  8579  8595 E GeckoConsole: [JavaScript Warning: "Expected declaration but found '*'.  Skipped to next declaration." {file: "http://s.ytimg.com/yt/cssbin/www-core-vflnQnOjJ.css" line: 1}]
06-10 22:58:22.047  8579  8595 E GeckoConsole: [JavaScript Warning: "Unknown property 'transition'.  Declaration dropped." {file: "http://s.ytimg.com/yt/cssbin/www-core-vflnQnOjJ.css" line: 1}]
06-10 22:58:22.047  8579  8595 E GeckoConsole: [JavaScript Warning: "Unknown property '-moz-border-radius'.  Declaration dropped." {file: "http://s.ytimg.com/yt/cssbin/www-core-vflnQnOjJ.css" line: 1}]
06-10 22:58:22.047  8579  8595 E GeckoConsole: [JavaScript Warning: "Unknown property '-moz-box-shadow'.  Declaration dropped." {file: "http://s.ytimg.com/yt/cssbin/www-core-vflnQnOjJ.css" line: 1}]
06-10 22:58:22.047  8579  8595 E GeckoConsole: [JavaScript Warning: "Unknown property 'transition'.  Declaration dropped." {file: "http://s.ytimg.com/yt/cssbin/www-core-vflnQnOjJ.css" line: 1}]
06-10 22:58:22.047  8579  8595 E GeckoConsole: [JavaScript Warning: "Unknown property 'transition'.  Declaration dropped." {file: "http://s.ytimg.com/yt/cssbin/www-core-vflnQnOjJ.css" line: 1}]
06-10 22:58:22.047  8579  8595 E GeckoConsole: [JavaScript Warning: "Unknown property '-moz-border-radius'.  Declaration dropped." {file: "http://s.ytimg.com/yt/cssbin/www-core-vflnQnOjJ.css" line: 1}]
06-10 22:58:22.047  8579  8595 E GeckoConsole: [JavaScript Warning: "Unknown property 'transition'.  Declaration dropped." {file: "http://s.ytimg.com/yt/cssbin/www-core-vflnQnOjJ.css" line: 1}]
06-10 22:58:22.047  8579  8595 E GeckoConsole: [JavaScript Warning: "Expected declaration but found '*'.  Skipped to next declaration." {file: "http://s.ytimg.com/yt/cssbin/www-core-vflnQnOjJ.css" line: 1}]
06-10 22:58:22.047  8579  8595 E GeckoConsole: [JavaScript Warning: "Expected declaration but found '*'.  Skipped to next declaration." {file: "http://s.ytimg.com/yt/cssbin/www-core-vflnQnOjJ.css" line: 1}]
06-10 22:58:22.050  8579  8595 E GeckoConsole: [JavaScript Warning: "Expected declaration but found '*'.  Skipped to next declaration." {file: "http://s.ytimg.com/yt/cssbin/www-core-vflnQnOjJ.css" line: 1}]
06-10 22:58:22.050  8579  8595 E GeckoConsole: [JavaScript Warning: "Unknown property '-moz-border-radius'.  Declaration dropped." {file: "http://s.ytimg.com/yt/cssbin/www-core-vflnQnOjJ.css" line: 1}]
06-10 22:58:22.050  8579  8595 E GeckoConsole: [JavaScript Warning: "Unknown property '-moz-box-shadow'.  Declaration dropped." {file: "http://s.ytimg.com/yt/cssbin/www-core-vflnQnOjJ.css" line: 1}]
06-10 22:58:22.050  8579  8595 E GeckoConsole: [JavaScript Warning: "Unknown property '-moz-box-shadow'.  Declaration dropped." {file: "http://s.ytimg.com/yt/cssbin/www-core-vflnQnOjJ.css" line: 1}]
06-10 22:58:22.050  8579  8595 E GeckoConsole: [JavaScript Warning: "Error in parsing value for 'filter'.  Declaration dropped." {file: "http://s.ytimg.com/yt/cssbin/www-core-vflnQnOjJ.css" line: 1}]
06-10 22:58:22.050  8579  8595 E GeckoConsole: [JavaScript Warning: "Error in parsing value for 'background-image'.  Declaration dropped." {file: "http://s.ytimg.com/yt/cssbin/www-core-vflnQnOjJ.css" line: 1}]
06-10 22:58:22.050  8579  8595 E GeckoConsole: [JavaScript Warning: "Error in parsing value for 'background-image'.  Declaration dropped." {file: "http://s.ytimg.com/yt/cssbin/www-core-vflnQnOjJ.css" line: 1}]
06-10 22:58:22.050  8579  8595 E GeckoConsole: [JavaScript Warning: "Error in parsing value for 'background-image'.  Declaration dropped." {file: "http://s.ytimg.com/yt/cssbin/www-core-vflnQnOjJ.css" line: 1}]
06-10 22:58:22.050  8579  8595 E GeckoConsole: [JavaScript Warning: "Error in parsing value for 'background-image'.  Declaration dropped." {file: "http://s.ytimg.com/yt/cssbin/www-core-vflnQnOjJ.css" line: 1}]
06-10 22:58:22.050  8579  8595 E GeckoConsole: [JavaScript Warning: "Error in parsing value for 'background-image'.  Declaration dropped." {file: "http://s.ytimg.com/yt/cssbin/www-core-vflnQnOjJ.css" line: 1}]
06-10 22:58:22.050  8579  8595 E GeckoConsole: [JavaScript Warning: "Expected declaration but found '*'.  Skipped to next declaration." {file: "http://s.ytimg.com/yt/cssbin/www-core-vflnQnOjJ.css" line: 1}]
06-10 22:58:22.050  8579  8595 E GeckoConsole: [JavaScript Warning: "Expected declaration but found '*'.  Skipped to next declaration." {file: "http://s.ytimg.com/yt/cssbin/www-core-vflnQnOjJ.css" line: 1}]
06-10 22:58:22.050  8579  8595 E GeckoConsole: [JavaScript Warning: "Expected declaration but found '*'.  Skipped to next declaration." {file: "http://s.ytimg.com/yt/cssbin/www-core-vflnQnOjJ.css" line: 1}]
06-10 22:58:22.050  8579  8595 E GeckoConsole: [JavaScript Warning: "Expected declaration but found '*'.  Skipped to next declaration." {file: "http://s.ytimg.com/yt/cssbin/www-core-vflnQnOjJ.css" line: 1}]
06-10 22:58:22.050  8579  8595 E GeckoConsole: [JavaScript Warning: "Unknown property '-moz-box-shadow'.  Declaration dropped." {file: "http://s.ytimg.com/yt/cssbin/www-core-vflnQnOjJ.css" line: 1}]
06-10 22:58:22.054  8579  8595 E GeckoConsole: [JavaScript Warning: "Expected declaration but found '*'.  Skipped to next declaration." {file: "http://s.ytimg.com/yt/cssbin/www-core-vflnQnOjJ.css" line: 1}]
06-10 22:58:22.054  8579  8595 E GeckoConsole: [JavaScript Warning: "Expected declaration but found '*'.  Skipped to next declaration." {file: "http://s.ytimg.com/yt/cssbin/www-core-vflnQnOjJ.css" line: 1}]
06-10 22:58:22.054  8579  8595 E GeckoConsole: [JavaScript Warning: "Expected declaration but found '*'.  Skipped to next declaration." {file: "http://s.ytimg.com/yt/cssbin/www-core-vflnQnOjJ.css" line: 1}]
06-10 22:58:22.054  8579  8595 E GeckoConsole: [JavaScript Warning: "Unknown property '-moz-border-radius'.  Declaration dropped." {file: "http://s.ytimg.com/yt/cssbin/www-core-vflnQnOjJ.css" line: 1}]
06-10 22:58:22.054  8579  8595 E GeckoConsole: [JavaScript Warning: "Unknown property '-moz-border-radius'.  Declaration dropped." {file: "http://s.ytimg.com/yt/cssbin/www-core-vflnQnOjJ.css" line: 1}]
06-10 22:58:22.054  8579  8595 E GeckoConsole: [JavaScript Warning: "Unknown property '-moz-border-radius'.  Declaration dropped." {file: "http://s.ytimg.com/yt/cssbin/www-core-vflnQnOjJ.css" line: 1}]
06-10 22:58:22.054  8579  8595 E GeckoConsole: [JavaScript Warning: "Unknown property '-moz-box-shadow'.  Declaration dropped." {file: "http://s.ytimg.com/yt/cssbin/www-core-vflnQnOjJ.css" line: 1}]
06-10 22:58:22.054  8579  8595 E GeckoConsole: [JavaScript Warning: "Unknown property '-moz-border-radius'.  Declaration dropped." {file: "http://s.ytimg.com/yt/cssbin/www-core-vflnQnOjJ.css" line: 1}]
06-10 22:58:22.054  8579  8595 E GeckoConsole: [JavaScript Warning: "Unknown property '-moz-box-shadow'.  Declaration dropped." {file: "http://s.ytimg.com/yt/cssbin/www-core-vflnQnOjJ.css" line: 1}]
06-10 22:58:22.054  8579  8595 E GeckoConsole: [JavaScript Warning: "Expected declaration but found '*'.  Skipped to next declaration." {file: "http://s.ytimg.com/yt/cssbin/www-core-vflnQnOjJ.css" line: 1}]
06-10 22:58:22.058  8579  8595 E GeckoConsole: [JavaScript Warning: "Expected declaration but found '*'.  Skipped to next declaration." {file: "http://s.ytimg.com/yt/cssbin/www-core-vflnQnOjJ.css" line: 1}]
06-10 22:58:22.058  8579  8595 E GeckoConsole: [JavaScript Warning: "Expected declaration but found '*'.  Skipped to next declaration." {file: "http://s.ytimg.com/yt/cssbin/www-core-vflnQnOjJ.css" line: 1}]
06-10 22:58:22.058  8579  8595 E GeckoConsole: [JavaScript Warning: "Unknown property '-moz-border-radius'.  Declaration dropped." {file: "http://s.ytimg.com/yt/cssbin/www-core-vflnQnOjJ.css" line: 1}]
06-10 22:58:22.058  8579  8595 E GeckoConsole: [JavaScript Warning: "Error in parsing value for 'filter'.  Declaration dropped." {file: "http://s.ytimg.com/yt/cssbin/www-core-vflnQnOjJ.css" line: 1}]
06-10 22:58:22.058  8579  8595 E GeckoConsole: [JavaScript Warning: "Expected declaration but found '*'.  Skipped to next declaration." {file: "http://s.ytimg.com/yt/cssbin/www-core-vflnQnOjJ.css" line: 1}]
06-10 22:58:22.058  8579  8595 E GeckoConsole: [JavaScript Warning: "Expected declaration but found '*'.  Skipped to next declaration." {file: "http://s.ytimg.com/yt/cssbin/www-core-vflnQnOjJ.css" line: 1}]
06-10 22:58:22.058  8579  8595 E GeckoConsole: [JavaScript Warning: "Expected declaration but found '*'.  Skipped to next declaration." {file: "http://s.ytimg.com/yt/cssbin/www-core-vflnQnOjJ.css" line: 1}]
06-10 22:58:22.058  8579  8595 E GeckoConsole: [JavaScript Warning: "Unknown property '-moz-box-shadow'.  Declaration dropped." {file: "http://s.ytimg.com/yt/cssbin/www-core-vflnQnOjJ.css" line: 1}]
06-10 22:58:22.058  8579  8595 E GeckoConsole: [JavaScript Warning: "Error in parsing value for 'filter'.  Declaration dropped." {file: "http://s.ytimg.com/yt/cssbin/www-core-vflnQnOjJ.css" line: 1}]
06-10 22:58:22.058  8579  8595 E GeckoConsole: [JavaScript Warning: "Error in parsing value for 'background-image'.  Declaration dropped." {file: "http://s.ytimg.com/yt/cssbin/www-core-vflnQnOjJ.css" line: 1}]
06-10 22:58:22.058  8579  8595 E GeckoConsole: [JavaScript Warning: "Error in parsing value for 'background-image'.  Declaration dropped." {file: "http://s.ytimg.com/yt/cssbin/www-core-vflnQnOjJ.css" line: 1}]
06-10 22:58:22.058  8579  8595 E GeckoConsole: [JavaScript Warning: "Error in parsing value for 'background-image'.  Declaration dropped." {file: "http://s.ytimg.com/yt/cssbin/www-core-vflnQnOjJ.css" line: 1}]
06-10 22:58:22.058  8579  8595 E GeckoConsole: [JavaScript Warning: "Error in parsing value for 'background-image'.  Declaration dropped." {file: "http://s.ytimg.com/yt/cssbin/www-core-vflnQnOjJ.css" line: 1}]
06-10 22:58:22.058  8579  8595 E GeckoConsole: [JavaScript Warning: "Error in parsing value for 'background-image'.  Declaration dropped." {file: "http://s.ytimg.com/yt/cssbin/www-core-vflnQnOjJ.css" line: 1}]
06-10 22:58:22.058  8579  8595 E GeckoConsole: [JavaScript Warning: "Unknown property '-moz-box-shadow'.  Declaration dropped." {file: "http://s.ytimg.com/yt/cssbin/www-core-vflnQnOjJ.css" line: 1}]
06-10 22:58:22.058  8579  8595 E GeckoConsole: [JavaScript Warning: "Unknown property '-moz-box-shadow'.  Declaration dropped." {file: "http://s.ytimg.com/yt/cssbin/www-core-vflnQnOjJ.css" line: 1}]
06-10 22:58:22.058  8579  8595 E GeckoConsole: [JavaScript Warning: "Error in parsing value for 'filter'.  Declaration dropped." {file: "http://s.ytimg.com/yt/cssbin/www-core-vflnQnOjJ.css" line: 1}]
06-10 22:58:22.058  8579  8595 E GeckoConsole: [JavaScript Warning: "Error in parsing value for 'background-image'.  Declaration dropped." {file: "http://s.ytimg.com/yt/cssbin/www-core-vflnQnOjJ.css" line: 1}]
06-10 22:58:22.058  8579  8595 E GeckoConsole: [JavaScript Warning: "Error in parsing value for 'background-image'.  Declaration dropped." {file: "http://s.ytimg.com/yt/cssbin/www-core-vflnQnOjJ.css" line: 1}]
06-10 22:58:22.058  8579  8595 E GeckoConsole: [JavaScript Warning: "Error in parsing value for 'background-image'.  Declaration dropped." {file: "http://s.ytimg.com/yt/cssbin/www-core-vflnQnOjJ.css" line: 1}]
06-10 22:58:22.058  8579  8595 E GeckoConsole: [JavaScript Warning: "Error in parsing value for 'background-image'.  Declaration dropped." {file: "http://s.ytimg.com/yt/cssbin/www-core-vflnQnOjJ.css" line: 1}]
06-10 22:58:22.062  8579  8595 E GeckoConsole: [JavaScript Warning: "Error in parsing value for 'background-image'.  Declaration dropped." {file: "http://s.ytimg.com/yt/cssbin/www-core-vflnQnOjJ.css" line: 1}]
06-10 22:58:22.062  8579  8595 E GeckoConsole: [JavaScript Warning: "Unknown property '-moz-box-shadow'.  Declaration dropped." {file: "http://s.ytimg.com/yt/cssbin/www-core-vflnQnOjJ.css" line: 1}]
06-10 22:58:22.062  8579  8595 E GeckoConsole: [JavaScript Warning: "Unknown property '-moz-box-shadow'.  Declaration dropped." {file: "http://s.ytimg.com/yt/cssbin/www-core-vflnQnOjJ.css" line: 1}]
06-10 22:58:22.062  8579  8595 E GeckoConsole: [JavaScript Warning: "Error in parsing value for 'filter'.  Declaration dropped." {file: "http://s.ytimg.com/yt/cssbin/www-core-vflnQnOjJ.css" line: 1}]
06-10 22:58:22.062  8579  8595 E GeckoConsole: [JavaScript Warning: "Error in parsing value for 'background-image'.  Declaration dropped." {file: "http://s.ytimg.com/yt/cssbin/www-core-vflnQnOjJ.css" line: 1}]
06-10 22:58:22.062  8579  8595 E GeckoConsole: [JavaScript Warning: "Error in parsing value for 'background-image'.  Declaration dropped." {file: "http://s.ytimg.com/yt/cssbin/www-core-vflnQnOjJ.css" line: 1}]
06-10 22:58:22.062  8579  8595 E GeckoConsole: [JavaScript Warning: "Error in parsing value for 'background-image'.  Declaration dropped." {file: "http://s.ytimg.com/yt/cssbin/www-core-vflnQnOjJ.css" line: 1}]
06-10 22:58:22.062  8579  8595 E GeckoConsole: [JavaScript Warning: "Error in parsing value for 'background-image'.  Declaration dropped." {file: "http://s.ytimg.com/yt/cssbin/www-core-vflnQnOjJ.css" line: 1}]
06-10 22:58:22.062  8579  8595 E GeckoConsole: [JavaScript Warning: "Error in parsing value for 'background-image'.  Declaration dropped." {file: "http://s.ytimg.com/yt/cssbin/www-core-vflnQnOjJ.css" line: 1}]
06-10 22:58:22.062  8579  8595 E GeckoConsole: [JavaScript Warning: "Error in parsing value for 'filter'.  Declaration dropped." {file: "http://s.ytimg.com/yt/cssbin/www-core-vflnQnOjJ.css" line: 1}]
06-10 22:58:22.062  8579  8595 E GeckoConsole: [JavaScript Warning: "Unknown property '-moz-box-shadow'.  Declaration dropped." {file: "http://s.ytimg.com/yt/cssbin/www-core-vflnQnOjJ.css" line: 1}]
06-10 22:58:22.062  8579  8595 E GeckoConsole: [JavaScript Warning: "Unknown property '-moz-box-shadow'.  Declaration dropped." {file: "http://s.ytimg.com/yt/cssbin/www-core-vflnQnOjJ.css" line: 1}]
06-10 22:58:22.062  8579  8595 E GeckoConsole: [JavaScript Warning: "Error in parsing value for 'filter'.  Declaration dropped." {file: "http://s.ytimg.com/yt/cssbin/www-core-vflnQnOjJ.css" line: 1}]
06-10 22:58:22.062  8579  8595 E GeckoConsole: [JavaScript Warning: "Error in parsing value for 'background-image'.  Declaration dropped." {file: "http://s.ytimg.com/yt/cssbin/www-core-vflnQnOjJ.css" line: 1}]
06-10 22:58:22.062  8579  8595 E GeckoConsole: [JavaScript Warning: "Error in parsing value for 'background-image'.  Declaration dropped." {file: "http://s.ytimg.com/yt/cssbin/www-core-vflnQnOjJ.css" line: 1}]
06-10 22:58:22.062  8579  8595 E GeckoConsole: [JavaScript Warning: "Error in parsing value for 'background-image'.  Declaration dropped." {file: "http://s.ytimg.com/yt/cssbin/www-core-vflnQnOjJ.css" line: 1}]
06-10 22:58:22.062  8579  8595 E GeckoConsole: [JavaScript Warning: "Error in parsing value for 'background-image'.  Declaration dropped." {file: "http://s.ytimg.com/yt/cssbin/www-core-vflnQnOjJ.css" line: 1}]
06-10 22:58:22.062  8579  8595 E GeckoConsole: [JavaScript Warning: "Error in parsing value for 'background-image'.  Declaration dropped." {file: "http://s.ytimg.com/yt/cssbin/www-core-vflnQnOjJ.css" line: 1}]
06-10 22:58:22.062  8579  8595 E GeckoConsole: [JavaScript Warning: "Unknown property '-moz-box-shadow'.  Declaration dropped." {file: "http://s.ytimg.com/yt/cssbin/www-core-vflnQnOjJ.css" line: 1}]
06-10 22:58:22.062  8579  8595 E GeckoConsole: [JavaScript Warning: "Error in parsing value for 'filter'.  Declaration dropped." {file: "http://s.ytimg.com/yt/cssbin/www-core-vflnQnOjJ.css" line: 1}]
06-10 22:58:22.062  8579  8595 E GeckoConsole: [JavaScript Warning: "Error in parsing value for 'background-image'.  Declaration dropped." {file: "http://s.ytimg.com/yt/cssbin/www-core-vflnQnOjJ.css" line: 1}]
06-10 22:58:22.062  8579  8595 E GeckoConsole: [JavaScript Warning: "Error in parsing value for 'background-image'.  Declaration dropped." {file: "http://s.ytimg.com/yt/cssbin/www-core-vflnQnOjJ.css" line: 1}]
06-10 22:58:22.062  8579  8595 E GeckoConsole: [JavaScript Warning: "Error in parsing value for 'background-image'.  Declaration dropped." {file: "http://s.ytimg.com/yt/cssbin/www-core-vflnQnOjJ.css" line: 1}]
06-10 22:58:22.062  8579  8595 E GeckoConsole: [JavaScript Warning: "Error in parsing value for 'background-image'.  Declaration dropped." {file: "http://s.ytimg.com/yt/cssbin/www-core-vflnQnOjJ.css" line: 1}]
06-10 22:58:22.062  8579  8595 E GeckoConsole: [JavaScript Warning: "Error in parsing value for 'background-image'.  Declaration dropped." {file: "http://s.ytimg.com/yt/cssbin/www-core-vflnQnOjJ.css" line: 1}]
06-10 22:58:22.066  8579  8595 E GeckoConsole: [JavaScript Warning: "Unknown property '-moz-box-shadow'.  Declaration dropped." {file: "http://s.ytimg.com/yt/cssbin/www-core-vflnQnOjJ.css" line: 1}]
06-10 22:58:22.066  8579  8595 E GeckoConsole: [JavaScript Warning: "Error in parsing value for 'filter'.  Declaration dropped." {file: "http://s.ytimg.com/yt/cssbin/www-core-vflnQnOjJ.css" line: 1}]
06-10 22:58:22.066  8579  8595 E GeckoConsole: [JavaScript Warning: "Error in parsing value for 'background-image'.  Declaration dropped." {file: "http://s.ytimg.com/yt/cssbin/www-core-vflnQnOjJ.css" line: 1}]
06-10 22:58:22.066  8579  8595 E GeckoConsole: [JavaScript Warning: "Error in parsing value for 'background-image'.  Declaration dropped." {file: "http://s.ytimg.com/yt/cssbin/www-core-vflnQnOjJ.css" line: 1}]
06-10 22:58:22.066  8579  8595 E GeckoConsole: [JavaScript Warning: "Error in parsing value for 'background-image'.  Declaration dropped." {file: "http://s.ytimg.com/yt/cssbin/www-core-vflnQnOjJ.css" line: 1}]
06-10 22:58:22.066  8579  8595 E GeckoConsole: [JavaScript Warning: "Error in parsing value for 'background-image'.  Declaration dropped." {file: "http://s.ytimg.com/yt/cssbin/www-core-vflnQnOjJ.css" line: 1}]
06-10 22:58:22.066  8579  8595 E GeckoConsole: [JavaScript Warning: "Error in parsing value for 'background-image'.  Declaration dropped." {file: "http://s.ytimg.com/yt/cssbin/www-core-vflnQnOjJ.css" line: 1}]
06-10 22:58:22.066  8579  8595 E GeckoConsole: [JavaScript Warning: "Error in parsing value for 'background-image'.  Declaration dropped." {file: "http://s.ytimg.com/yt/cssbin/www-core-vflnQnOjJ.css" line: 1}]
06-10 22:58:22.066  8579  8595 E GeckoConsole: [JavaScript Warning: "Error in parsing value for 'background-image'.  Declaration dropped." {file: "http://s.ytimg.com/yt/cssbin/www-core-vflnQnOjJ.css" line: 1}]
06-10 22:58:22.066  8579  8595 E GeckoConsole: [JavaScript Warning: "Error in parsing value for 'background-image'.  Declaration dropped." {file: "http://s.ytimg.com/yt/cssbin/www-core-vflnQnOjJ.css" line: 1}]
06-10 22:58:22.066  8579  8595 E GeckoConsole: [JavaScript Warning: "Error in parsing value for 'background-image'.  Declaration dropped." {file: "http://s.ytimg.com/yt/cssbin/www-core-vflnQnOjJ.css" line: 1}]
06-10 22:58:22.066  8579  8595 E GeckoConsole: [JavaScript Warning: "Error in parsing value for 'background-image'.  Declaration dropped." {file: "http://s.ytimg.com/yt/cssbin/www-core-vflnQnOjJ.css" line: 1}]
06-10 22:58:22.066  8579  8595 E GeckoConsole: [JavaScript Warning: "Unknown property '-moz-box-shadow'.  Declaration dropped." {file: "http://s.ytimg.com/yt/cssbin/www-core-vflnQnOjJ.css" line: 1}]
06-10 22:58:22.066  8579  8595 E GeckoConsole: [JavaScript Warning: "Error in parsing value for 'filter'.  Declaration dropped." {file: "http://s.ytimg.com/yt/cssbin/www-core-vflnQnOjJ.css" line: 1}]
06-10 22:58:22.066  8579  8595 E GeckoConsole: [JavaScript Warning: "Error in parsing value for 'background-image'.  Declaration dropped." {file: "http://s.ytimg.com/yt/cssbin/www-core-vflnQnOjJ.css" line: 1}]
06-10 22:58:22.066  8579  8595 E GeckoConsole: [JavaScript Warning: "Error in parsing value for 'background-image'.  Declaration dropped." {file: "http://s.ytimg.com/yt/cssbin/www-core-vflnQnOjJ.css" line: 1}]
06-10 22:58:22.066  8579  8595 E GeckoConsole: [JavaScript Warning: "Error in parsing value for 'background-image'.  Declaration dropped." {file: "http://s.ytimg.com/yt/cssbin/www-core-vflnQnOjJ.css" line: 1}]
06-10 22:58:22.066  8579  8595 E GeckoConsole: [JavaScript Warning: "Error in parsing value for 'background-image'.  Declaration dropped." {file: "http://s.ytimg.com/yt/cssbin/www-core-vflnQnOjJ.css" line: 1}]
06-10 22:58:22.066  8579  8595 E GeckoConsole: [JavaScript Warning: "Error in parsing value for 'background-image'.  Declaration dropped." {file: "http://s.ytimg.com/yt/cssbin/www-core-vflnQnOjJ.css" line: 1}]
06-10 22:58:22.066  8579  8595 E GeckoConsole: [JavaScript Warning: "Unknown property '-moz-box-shadow'.  Declaration dropped." {file: "http://s.ytimg.com/yt/cssbin/www-core-vflnQnOjJ.css" line: 1}]
06-10 22:58:22.066  8579  8595 E GeckoConsole: [JavaScript Warning: "Error in parsing value for 'filter'.  Declaration dropped." {file: "http://s.ytimg.com/yt/cssbin/www-core-vflnQnOjJ.css" line: 1}]
06-10 22:58:22.066  8579  8595 E GeckoConsole: [JavaScript Warning: "Error in parsing value for 'background-image'.  Declaration dropped." {file: "http://s.ytimg.com/yt/cssbin/www-core-vflnQnOjJ.css" line: 1}]
06-10 22:58:22.066  8579  8595 E GeckoConsole: [JavaScript Warning: "Error in parsing value for 'background-image'.  Declaration dropped." {file: "http://s.ytimg.com/yt/cssbin/www-core-vflnQnOjJ.css" line: 1}]
06-10 22:58:22.066  8579  8595 E GeckoConsole: [JavaScript Warning: "Error in parsing value for 'background-image'.  Declaration dropped." {file: "http://s.ytimg.com/yt/cssbin/www-core-vflnQnOjJ.css" line: 1}]
06-10 22:58:22.066  8579  8595 E GeckoConsole: [JavaScript Warning: "Error in parsing value for 'background-image'.  Declaration dropped." {file: "http://s.ytimg.com/yt/cssbin/www-core-vflnQnOjJ.css" line: 1}]
06-10 22:58:22.066  8579  8595 E GeckoConsole: [JavaScript Warning: "Error in parsing value for 'background-image'.  Declaration dropped." {file: "http://s.ytimg.com/yt/cssbin/www-core-vflnQnOjJ.css" line: 1}]
06-10 22:58:22.070  8579  8595 E GeckoConsole: [JavaScript Warning: "Unknown property '-moz-box-shadow'.  Declaration dropped." {file: "http://s.ytimg.com/yt/cssbin/www-core-vflnQnOjJ.css" line: 1}]
06-10 22:58:22.070  8579  8595 E GeckoConsole: [JavaScript Warning: "Error in parsing value for 'filter'.  Declaration dropped." {file: "http://s.ytimg.com/yt/cssbin/www-core-vflnQnOjJ.css" line: 1}]
06-10 22:58:22.070  8579  8595 E GeckoConsole: [JavaScript Warning: "Error in parsing value for 'background-image'.  Declaration dropped." {file: "http://s.ytimg.com/yt/cssbin/www-core-vflnQnOjJ.css" line: 1}]
06-10 22:58:22.070  8579  8595 E GeckoConsole: [JavaScript Warning: "Error in parsing value for 'background-image'.  Declaration dropped." {file: "http://s.ytimg.com/yt/cssbin/www-core-vflnQnOjJ.css" line: 1}]
06-10 22:58:22.070  8579  8595 E GeckoConsole: [JavaScript Warning: "Error in parsing value for 'background-image'.  Declaration dropped." {file: "http://s.ytimg.com/yt/cssbin/www-core-vflnQnOjJ.css" line: 1}]
06-10 22:58:22.070  8579  8595 E GeckoConsole: [JavaScript Warning: "Error in parsing value for 'background-image'.  Declaration dropped." {file: "http://s.ytimg.com/yt/cssbin/www-core-vflnQnOjJ.css" line: 1}]
06-10 22:58:22.070  8579  8595 E GeckoConsole: [JavaScript Warning: "Error in parsing value for 'background-image'.  Declaration dropped." {file: "http://s.ytimg.com/yt/cssbin/www-core-vflnQnOjJ.css" line: 1}]
06-10 22:58:22.070  8579  8595 E GeckoConsole: [JavaScript Warning: "Unknown property '-moz-box-shadow'.  Declaration dropped." {file: "http://s.ytimg.com/yt/cssbin/www-core-vflnQnOjJ.css" line: 1}]
06-10 22:58:22.070  8579  8595 E GeckoConsole: [JavaScript Warning: "Error in parsing value for 'filter'.  Declaration dropped." {file: "http://s.ytimg.com/yt/cssbin/www-core-vflnQnOjJ.css" line: 1}]
06-10 22:58:22.070  8579  8595 E GeckoConsole: [JavaScript Warning: "Error in parsing value for 'background-image'.  Declaration dropped." {file: "http://s.ytimg.com/yt/cssbin/www-core-vflnQnOjJ.css" line: 1}]
06-10 22:58:22.070  8579  8595 E GeckoConsole: [JavaScript Warning: "Error in parsing value for 'background-image'.  Declaration dropped." {file: "http://s.ytimg.com/yt/cssbin/www-core-vflnQnOjJ.css" line: 1}]
06-10 22:58:22.070  8579  8595 E GeckoConsole: [JavaScript Warning: "Error in parsing value for 'background-image'.  Declaration dropped." {file: "http://s.ytimg.com/yt/cssbin/www-core-vflnQnOjJ.css" line: 1}]
06-10 22:58:22.070  8579  8595 E GeckoConsole: [JavaScript Warning: "Error in parsing value for 'background-image'.  Declaration dropped." {file: "http://s.ytimg.com/yt/cssbin/www-core-vflnQnOjJ.css" line: 1}]
06-10 22:58:22.070  8579  8595 E GeckoConsole: [JavaScript Warning: "Error in parsing value for 'background-image'.  Declaration dropped." {file: "http://s.ytimg.com/yt/cssbin/www-core-vflnQnOjJ.css" line: 1}]
06-10 22:58:22.070  8579  8595 E GeckoConsole: [JavaScript Warning: "Unknown property '-moz-box-shadow'.  Declaration dropped." {file: "http://s.ytimg.com/yt/cssbin/www-core-vflnQnOjJ.css" line: 1}]
06-10 22:58:22.070  8579  8595 E GeckoConsole: [JavaScript Warning: "Error in parsing value for 'filter'.  Declaration dropped." {file: "http://s.ytimg.com/yt/cssbin/www-core-vflnQnOjJ.css" line: 1}]
06-10 22:58:22.070  8579  8595 E GeckoConsole: [JavaScript Warning: "Error in parsing value for 'background-image'.  Declaration dropped." {file: "http://s.ytimg.com/yt/cssbin/www-core-vflnQnOjJ.css" line: 1}]
06-10 22:58:22.070  8579  8595 E GeckoConsole: [JavaScript Warning: "Error in parsing value for 'background-image'.  Declaration dropped." {file: "http://s.ytimg.com/yt/cssbin/www-core-vflnQnOjJ.css" line: 1}]
06-10 22:58:22.070  8579  8595 E GeckoConsole: [JavaScript Warning: "Error in parsing value for 'background-image'.  Declaration dropped." {file: "http://s.ytimg.com/yt/cssbin/www-core-vflnQnOjJ.css" line: 1}]
06-10 22:58:22.070  8579  8595 E GeckoConsole: [JavaScript Warning: "Error in parsing value for 'background-image'.  Declaration dropped." {file: "http://s.ytimg.com/yt/cssbin/www-core-vflnQnOjJ.css" line: 1}]
06-10 22:58:22.070  8579  8595 E GeckoConsole: [JavaScript Warning: "Error in parsing value for 'background-image'.  Declaration dropped." {file: "http://s.ytimg.com/yt/cssbin/www-core-vflnQnOjJ.css" line: 1}]
06-10 22:58:22.070  8579  8595 E GeckoConsole: [JavaScript Warning: "Unknown property '-moz-box-shadow'.  Declaration dropped." {file: "http://s.ytimg.com/yt/cssbin/www-core-vflnQnOjJ.css" line: 1}]
06-10 22:58:22.070  8579  8595 E GeckoConsole: [JavaScript Warning: "Error in parsing value for 'filter'.  Declaration dropped." {file: "http://s.ytimg.com/yt/cssbin/www-core-vflnQnOjJ.css" line: 1}]
06-10 22:58:22.070  8579  8595 E GeckoConsole: [JavaScript Warning: "Error in parsing value for 'background-image'.  Declaration dropped." {file: "http://s.ytimg.com/yt/cssbin/www-core-vflnQnOjJ.css" line: 1}]
06-10 22:58:22.070  8579  8595 E GeckoConsole: [JavaScript Warning: "Error in parsing value for 'background-image'.  Declaration dropped." {file: "http://s.ytimg.com/yt/cssbin/www-core-vflnQnOjJ.css" line: 1}]
06-10 22:58:22.070  8579  8595 E GeckoConsole: [JavaScript Warning: "Error in parsing value for 'background-image'.  Declaration dropped." {file: "http://s.ytimg.com/yt/cssbin/www-core-vflnQnOjJ.css" line: 1}]
06-10 22:58:22.070  8579  8595 E GeckoConsole: [JavaScript Warning: "Error in parsing value for 'background-image'.  Declaration dropped." {file: "http://s.ytimg.com/yt/cssbin/www-core-vflnQnOjJ.css" line: 1}]
06-10 22:58:22.070  8579  8595 E GeckoConsole: [JavaScript Warning: "Error in parsing value for 'background-image'.  Declaration dropped." {file: "http://s.ytimg.com/yt/cssbin/www-core-vflnQnOjJ.css" line: 1}]
06-10 22:58:22.074  8579  8595 E GeckoConsole: [JavaScript Warning: "Unknown property '-moz-box-shadow'.  Declaration dropped." {file: "http://s.ytimg.com/yt/cssbin/www-core-vflnQnOjJ.css" line: 1}]
06-10 22:58:22.074  8579  8595 E GeckoConsole: [JavaScript Warning: "Error in parsing value for 'filter'.  Declaration dropped." {file: "http://s.ytimg.com/yt/cssbin/www-core-vflnQnOjJ.css" line: 1}]
06-10 22:58:22.074  8579  8595 E GeckoConsole: [JavaScript Warning: "Error in parsing value for 'background-image'.  Declaration dropped." {file: "http://s.ytimg.com/yt/cssbin/www-core-vflnQnOjJ.css" line: 1}]
06-10 22:58:22.074  8579  8595 E GeckoConsole: [JavaScript Warning: "Error in parsing value for 'background-image'.  Declaration dropped." {file: "http://s.ytimg.com/yt/cssbin/www-core-vflnQnOjJ.css" line: 1}]
06-10 22:58:22.074  8579  8595 E GeckoConsole: [JavaScript Warning: "Error in parsing value for 'background-image'.  Declaration dropped." {file: "http://s.ytimg.com/yt/cssbin/www-core-vflnQnOjJ.css" line: 1}]
06-10 22:58:22.074  8579  8595 E GeckoConsole: [JavaScript Warning: "Error in parsing value for 'background-image'.  Declaration dropped." {file: "http://s.ytimg.com/yt/cssbin/www-core-vflnQnOjJ.css" line: 1}]
06-10 22:58:22.074  8579  8595 E GeckoConsole: [JavaScript Warning: "Error in parsing value for 'background-image'.  Declaration dropped." {file: "http://s.ytimg.com/yt/cssbin/www-core-vflnQnOjJ.css" line: 1}]
06-10 22:58:22.074  8579  8595 E GeckoConsole: [JavaScript Warning: "Error in parsing value for 'filter'.  Declaration dropped." {file: "http://s.ytimg.com/yt/cssbin/www-core-vflnQnOjJ.css" line: 1}]
06-10 22:58:22.074  8579  8595 E GeckoConsole: [JavaScript Warning: "Error in parsing value for 'background-image'.  Declaration dropped." {file: "http://s.ytimg.com/yt/cssbin/www-core-vflnQnOjJ.css" line: 1}]
06-10 22:58:22.074  8579  8595 E GeckoConsole: [JavaScript Warning: "Error in parsing value for 'background-image'.  Declaration dropped." {file: "http://s.ytimg.com/yt/cssbin/www-core-vflnQnOjJ.css" line: 1}]
06-10 22:58:22.074  8579  8595 E GeckoConsole: [JavaScript Warning: "Error in parsing value for 'background-image'.  Declaration dropped." {file: "http://s.ytimg.com/yt/cssbin/www-core-vflnQnOjJ.css" line: 1}]
06-10 22:58:22.074  8579  8595 E GeckoConsole: [JavaScript Warning: "Error in parsing value for 'background-image'.  Declaration dropped." {file: "http://s.ytimg.com/yt/cssbin/www-core-vflnQnOjJ.css" line: 1}]
06-10 22:58:22.074  8579  8595 E GeckoConsole: [JavaScript Warning: "Error in parsing value for 'background-image'.  Declaration dropped." {file: "http://s.ytimg.com/yt/cssbin/www-core-vflnQnOjJ.css" line: 1}]
06-10 22:58:22.074  8579  8595 E GeckoConsole: [JavaScript Warning: "Unknown property '-moz-box-shadow'.  Declaration dropped." {file: "http://s.ytimg.com/yt/cssbin/www-core-vflnQnOjJ.css" line: 1}]
06-10 22:58:22.074  8579  8595 E GeckoConsole: [JavaScript Warning: "Error in parsing value for 'filter'.  Declaration dropped." {file: "http://s.ytimg.com/yt/cssbin/www-core-vflnQnOjJ.css" line: 1}]
06-10 22:58:22.074  8579  8595 E GeckoConsole: [JavaScript Warning: "Error in parsing value for 'background-image'.  Declaration dropped." {file: "http://s.ytimg.com/yt/cssbin/www-core-vflnQnOjJ.css" line: 1}]
06-10 22:58:22.074  8579  8595 E GeckoConsole: [JavaScript Warning: "Error in parsing value for 'background-image'.  Declaration dropped." {file: "http://s.ytimg.com/yt/cssbin/www-core-vflnQnOjJ.css" line: 1}]
06-10 22:58:22.074  8579  8595 E GeckoConsole: [JavaScript Warning: "Error in parsing value for 'background-image'.  Declaration dropped." {file: "http://s.ytimg.com/yt/cssbin/www-core-vflnQnOjJ.css" line: 1}]
06-10 22:58:22.074  8579  8595 E GeckoConsole: [JavaScript Warning: "Error in parsing value for 'background-image'.  Declaration dropped." {file: "http://s.ytimg.com/yt/cssbin/www-core-vflnQnOjJ.css" line: 1}]
06-10 22:58:22.074  8579  8595 E GeckoConsole: [JavaScript Warning: "Error in parsing value for 'background-image'.  Declaration dropped." {file: "http://s.ytimg.com/yt/cssbin/www-core-vflnQnOjJ.css" line: 1}]
06-10 22:58:22.082  8579  8595 E GeckoConsole: [JavaScript Warning: "Unknown property '-moz-border-radius'.  Declaration dropped." {file: "http://s.ytimg.com/yt/cssbin/www-core-vflnQnOjJ.css" line: 1}]
06-10 22:58:22.082  8579  8595 E GeckoConsole: [JavaScript Warning: "Unknown property '-moz-border-radius-topleft'.  Declaration dropped." {file: "http://s.ytimg.com/yt/cssbin/www-core-vflnQnOjJ.css" line: 1}]
06-10 22:58:22.082  8579  8595 E GeckoConsole: [JavaScript Warning: "Unknown property '-moz-border-radius-bottomleft'.  Declaration dropped." {file: "http://s.ytimg.com/yt/cssbin/www-core-vflnQnOjJ.css" line: 1}]
06-10 22:58:22.082  8579  8595 E GeckoConsole: [JavaScript Warning: "Unknown property '-moz-border-radius-topright'.  Declaration dropped." {file: "http://s.ytimg.com/yt/cssbin/www-core-vflnQnOjJ.css" line: 1}]
06-10 22:58:22.082  8579  8595 E GeckoConsole: [JavaScript Warning: "Unknown property '-moz-border-radius-bottomright'.  Declaration dropped." {file: "http://s.ytimg.com/yt/cssbin/www-core-vflnQnOjJ.css" line: 1}]
06-10 22:58:22.082  8579  8595 E GeckoConsole: [JavaScript Warning: "Unknown property '-moz-border-radius'.  Declaration dropped." {file: "http://s.ytimg.com/yt/cssbin/www-core-vflnQnOjJ.css" line: 1}]
06-10 22:58:22.082  8579  8595 E GeckoConsole: [JavaScript Warning: "Unknown property '-moz-box-shadow'.  Declaration dropped." {file: "http://s.ytimg.com/yt/cssbin/www-core-vflnQnOjJ.css" line: 1}]
06-10 22:58:22.082  8579  8595 E GeckoConsole: [JavaScript Warning: "Error in parsing value for 'cursor'.  Declaration dropped." {file: "http://s.ytimg.com/yt/cssbin/www-core-vflnQnOjJ.css" line: 1}]
06-10 22:58:22.082  8579  8595 E GeckoConsole: [JavaScript Warning: "Error in parsing value for 'filter'.  Declaration dropped." {file: "http://s.ytimg.com/yt/cssbin/www-core-vflnQnOjJ.css" line: 1}]
06-10 22:58:22.082  8579  8595 E GeckoConsole: [JavaScript Warning: "Unknown property '-moz-border-radius'.  Declaration dropped." {file: "http://s.ytimg.com/yt/cssbin/www-core-vflnQnOjJ.css" line: 1}]
06-10 22:58:22.082  8579  8595 E GeckoConsole: [JavaScript Warning: "Unknown property '-moz-box-shadow'.  Declaration dropped." {file: "http://s.ytimg.com/yt/cssbin/www-core-vflnQnOjJ.css" line: 1}]
06-10 22:58:22.082  8579  8595 E GeckoConsole: [JavaScript Warning: "Expected declaration but found '*'.  Skipped to next declaration." {file: "http://s.ytimg.com/yt/cssbin/www-core-vflnQnOjJ.css" line: 1}]
06-10 22:58:22.082  8579  8595 E GeckoConsole: [JavaScript Warning: "Expected declaration but found '*'.  Skipped to next declaration." {file: "http://s.ytimg.com/yt/cssbin/www-core-vflnQnOjJ.css" line: 1}]
06-10 22:58:22.082  8579  8595 E GeckoConsole: [JavaScript Warning: "Error in parsing value for 'background-image'.  Declaration dropped." {file: "http://s.ytimg.com/yt/cssbin/www-core-vflnQnOjJ.css" line: 1}]
06-10 22:58:22.082  8579  8595 E GeckoConsole: [JavaScript Warning: "Error in parsing value for 'background-image'.  Declaration dropped." {file: "http://s.ytimg.com/yt/cssbin/www-core-vflnQnOjJ.css" line: 1}]
06-10 22:58:22.082  8579  8595 E GeckoConsole: [JavaScript Warning: "Error in parsing value for 'background-image'.  Declaration dropped." {file: "http://s.ytimg.com/yt/cssbin/www-core-vflnQnOjJ.css" line: 1}]
06-10 22:58:22.082  8579  8595 E GeckoConsole: [JavaScript Warning: "Error in parsing value for 'background-image'.  Declaration dropped." {file: "http://s.ytimg.com/yt/cssbin/www-core-vflnQnOjJ.css" line: 1}]
06-10 22:58:22.082  8579  8595 E GeckoConsole: [JavaScript Warning: "Error in parsing value for 'background-image'.  Declaration dropped." {file: "http://s.ytimg.com/yt/cssbin/www-core-vflnQnOjJ.css" line: 1}]
06-10 22:58:22.082  8579  8595 E GeckoConsole: [JavaScript Warning: "Unknown property '-moz-box-shadow'.  Declaration dropped." {file: "http://s.ytimg.com/yt/cssbin/www-core-vflnQnOjJ.css" line: 1}]
06-10 22:58:22.082  8579  8595 E GeckoConsole: [JavaScript Warning: "Error in parsing value for 'background-image'.  Declaration dropped." {file: "http://s.ytimg.com/yt/cssbin/www-core-vflnQnOjJ.css" line: 1}]
06-10 22:58:22.086  8579  8595 E GeckoConsole: [JavaScript Warning: "Error in parsing value for 'background-image'.  Declaration dropped." {file: "http://s.ytimg.com/yt/cssbin/www-core-vflnQnOjJ.css" line: 1}]
06-10 22:58:22.086  8579  8595 E GeckoConsole: [JavaScript Warning: "Error in parsing value for 'background-image'.  Declaration dropped." {file: "http://s.ytimg.com/yt/cssbin/www-core-vflnQnOjJ.css" line: 1}]
06-10 22:58:22.086  8579  8595 E GeckoConsole: [JavaScript Warning: "Error in parsing value for 'background-image'.  Declaration dropped." {file: "http://s.ytimg.com/yt/cssbin/www-core-vflnQnOjJ.css" line: 1}]
06-10 22:58:22.086  8579  8595 E GeckoConsole: [JavaScript Warning: "Error in parsing value for 'background-image'.  Declaration dropped." {file: "http://s.ytimg.com/yt/cssbin/www-core-vflnQnOjJ.css" line: 1}]
06-10 22:58:22.086  8579  8595 E GeckoConsole: [JavaScript Warning: "Unknown property '-moz-box-shadow'.  Declaration dropped." {file: "http://s.ytimg.com/yt/cssbin/www-core-vflnQnOjJ.css" line: 1}]
06-10 22:58:22.086  8579  8595 E GeckoConsole: [JavaScript Warning: "Expected declaration but found '*'.  Skipped to next declaration." {file: "http://s.ytimg.com/yt/cssbin/www-core-vflnQnOjJ.css" line: 1}]
06-10 22:58:22.093  8579  8595 E GeckoConsole: [JavaScript Warning: "Expected declaration but found '*'.  Skipped to next declaration." {file: "http://s.ytimg.com/yt/cssbin/www-core-vflnQnOjJ.css" line: 1}]
06-10 22:58:22.093  8579  8595 E GeckoConsole: [JavaScript Warning: "Expected declaration but found '*'.  Skipped to next declaration." {file: "http://s.ytimg.com/yt/cssbin/www-core-vflnQnOjJ.css" line: 1}]
06-10 22:58:22.093  8579  8595 E GeckoConsole: [JavaScript Warning: "Unknown property 'transition'.  Declaration dropped." {file: "http://s.ytimg.com/yt/cssbin/www-core-vflnQnOjJ.css" line: 1}]
06-10 22:58:22.093  8579  8595 E GeckoConsole: [JavaScript Warning: "Unknown property '-moz-border-radius-topleft'.  Declaration dropped." {file: "http://s.ytimg.com/yt/cssbin/www-core-vflnQnOjJ.css" line: 1}]
06-10 22:58:22.093  8579  8595 E GeckoConsole: [JavaScript Warning: "Unknown property '-moz-border-radius-bottomleft'.  Declaration dropped." {file: "http://s.ytimg.com/yt/cssbin/www-core-vflnQnOjJ.css" line: 1}]
06-10 22:58:22.093  8579  8595 E GeckoConsole: [JavaScript Warning: "Expected declaration but found '*'.  Skipped to next declaration." {file: "http://s.ytimg.com/yt/cssbin/www-core-vflnQnOjJ.css" line: 1}]
06-10 22:58:22.093  8579  8595 E GeckoConsole: [JavaScript Warning: "Expected declaration but found '*'.  Skipped to next declaration." {file: "http://s.ytimg.com/yt/cssbin/www-core-vflnQnOjJ.css" line: 1}]
06-10 22:58:22.093  8579  8595 E GeckoConsole: [JavaScript Warning: "Expected declaration but found '*'.  Skipped to next declaration." {file: "http://s.ytimg.com/yt/cssbin/www-core-vflnQnOjJ.css" line: 1}]
06-10 22:58:22.093  8579  8595 E GeckoConsole: [JavaScript Warning: "Unknown property '-moz-box-shadow'.  Declaration dropped." {file: "http://s.ytimg.com/yt/cssbin/www-core-vflnQnOjJ.css" line: 1}]
06-10 22:58:22.093  8579  8595 E GeckoConsole: [JavaScript Warning: "Expected declaration but found '*'.  Skipped to next declaration." {file: "http://s.ytimg.com/yt/cssbin/www-core-vflnQnOjJ.css" line: 1}]
06-10 22:58:22.097  8579  8595 E GeckoConsole: [JavaScript Warning: "Unknown property 'zoom'.  Declaration dropped." {file: "http://s.ytimg.com/yt/cssbin/www-core-vflnQnOjJ.css" line: 1}]
06-10 22:58:22.097  8579  8595 E GeckoConsole: [JavaScript Warning: "Error in parsing value for 'background-image'.  Declaration dropped." {file: "http://s.ytimg.com/yt/cssbin/www-core-vflnQnOjJ.css" line: 1}]
06-10 22:58:22.097  8579  8595 E GeckoConsole: [JavaScript Warning: "Error in parsing value for 'filter'.  Declaration dropped." {file: "http://s.ytimg.com/yt/cssbin/www-core-vflnQnOjJ.css" line: 1}]
06-10 22:58:22.097  8579  8595 E GeckoConsole: [JavaScript Warning: "Error in parsing value for 'background-image'.  Declaration dropped." {file: "http://s.ytimg.com/yt/cssbin/www-core-vflnQnOjJ.css" line: 1}]
06-10 22:58:22.097  8579  8595 E GeckoConsole: [JavaScript Warning: "Error in parsing value for 'filter'.  Declaration dropped." {file: "http://s.ytimg.com/yt/cssbin/www-core-vflnQnOjJ.css" line: 1}]
06-10 22:58:22.097  8579  8595 E GeckoConsole: [JavaScript Warning: "Unknown property '-moz-border-radius'.  Declaration dropped." {file: "http://s.ytimg.com/yt/cssbin/www-core-vflnQnOjJ.css" line: 1}]
06-10 22:58:22.097  8579  8595 E GeckoConsole: [JavaScript Warning: "Unknown property '-moz-box-shadow'.  Declaration dropped." {file: "http://s.ytimg.com/yt/cssbin/www-core-vflnQnOjJ.css" line: 1}]
06-10 22:58:22.101  8579  8595 E GeckoConsole: [JavaScript Warning: "Error in parsing value for 'background-image'.  Declaration dropped." {file: "http://s.ytimg.com/yt/cssbin/www-core-vflnQnOjJ.css" line: 1}]
06-10 22:58:22.101  8579  8595 E GeckoConsole: [JavaScript Warning: "Error in parsing value for 'background-image'.  Declaration dropped." {file: "http://s.ytimg.com/yt/cssbin/www-core-vflnQnOjJ.css" line: 1}]
06-10 22:58:22.101  8579  8595 E GeckoConsole: [JavaScript Warning: "Error in parsing value for 'background-image'.  Declaration dropped." {file: "http://s.ytimg.com/yt/cssbin/www-core-vflnQnOjJ.css" line: 1}]
06-10 22:58:22.101  8579  8595 E GeckoConsole: [JavaScript Warning: "Error in parsing value for 'background-image'.  Declaration dropped." {file: "http://s.ytimg.com/yt/cssbin/www-core-vflnQnOjJ.css" line: 1}]
06-10 22:58:22.101  8579  8595 E GeckoConsole: [JavaScript Warning: "Error in parsing value for 'background-image'.  Declaration dropped." {file: "http://s.ytimg.com/yt/cssbin/www-core-vflnQnOjJ.css" line: 1}]
06-10 22:58:22.101  8579  8595 E GeckoConsole: [JavaScript Warning: "Error in parsing value for 'filter'.  Declaration dropped." {file: "http://s.ytimg.com/yt/cssbin/www-core-vflnQnOjJ.css" line: 1}]
06-10 22:58:22.101  8579  8595 E GeckoConsole: [JavaScript Warning: "Unknown property '-moz-border-radius'.  Declaration dropped." {file: "http://s.ytimg.com/yt/cssbin/www-core-vflnQnOjJ.css" line: 1}]
06-10 22:58:22.105  8579  8595 E GeckoConsole: [JavaScript Warning: "Unknown property '-moz-border-radius'.  Declaration dropped." {file: "http://s.ytimg.com/yt/cssbin/www-core-vflnQnOjJ.css" line: 1}]
06-10 22:58:22.105  8579  8595 E GeckoConsole: [JavaScript Warning: "Unknown property '-moz-border-radius'.  Declaration dropped." {file: "http://s.ytimg.com/yt/cssbin/www-core-vflnQnOjJ.css" line: 1}]
06-10 22:58:22.105  8579  8595 E GeckoConsole: [JavaScript Warning: "Unknown property '-moz-border-radius'.  Declaration dropped." {file: "http://s.ytimg.com/yt/cssbin/www-core-vflnQnOjJ.css" line: 1}]
06-10 22:58:22.105  8579  8595 E GeckoConsole: [JavaScript Warning: "Unknown property '-moz-box-shadow'.  Declaration dropped." {file: "http://s.ytimg.com/yt/cssbin/www-core-vflnQnOjJ.css" line: 1}]
06-10 22:58:22.105  8579  8595 E GeckoConsole: [JavaScript Warning: "Error in parsing value for 'filter'.  Declaration dropped." {file: "http://s.ytimg.com/yt/cssbin/www-core-vflnQnOjJ.css" line: 1}]
06-10 22:58:22.105  8579  8595 E GeckoConsole: [JavaScript Warning: "Error in parsing value for 'background-image'.  Declaration dropped." {file: "http://s.ytimg.com/yt/cssbin/www-core-vflnQnOjJ.css" line: 1}]
06-10 22:58:22.105  8579  8595 E GeckoConsole: [JavaScript Warning: "Error in parsing value for 'background-image'.  Declaration dropped." {file: "http://s.ytimg.com/yt/cssbin/www-core-vflnQnOjJ.css" line: 1}]
06-10 22:58:22.105  8579  8595 E GeckoConsole: [JavaScript Warning: "Error in parsing value for 'background-image'.  Declaration dropped." {file: "http://s.ytimg.com/yt/cssbin/www-core-vflnQnOjJ.css" line: 1}]
06-10 22:58:22.105  8579  8595 E GeckoConsole: [JavaScript Warning: "Error in parsing value for 'background-image'.  Declaration dropped." {file: "http://s.ytimg.com/yt/cssbin/www-core-vflnQnOjJ.css" line: 1}]
06-10 22:58:22.105  8579  8595 E GeckoConsole: [JavaScript Warning: "Error in parsing value for 'background-image'.  Declaration dropped." {file: "http://s.ytimg.com/yt/cssbin/www-core-vflnQnOjJ.css" line: 1}]
06-10 22:58:22.109  8579  8595 E GeckoConsole: [JavaScript Warning: "Unknown property '-moz-box-shadow'.  Declaration dropped." {file: "http://s.ytimg.com/yt/cssbin/www-core-vflnQnOjJ.css" line: 1}]
06-10 22:58:22.109  8579  8595 E GeckoConsole: [JavaScript Warning: "Unknown property '-moz-border-radius'.  Declaration dropped." {file: "http://s.ytimg.com/yt/cssbin/www-core-vflnQnOjJ.css" line: 1}]
06-10 22:58:22.109  8579  8595 E GeckoConsole: [JavaScript Warning: "Error in parsing value for 'vertical-align'.  Declaration dropped." {file: "http://s.ytimg.com/yt/cssbin/www-core-vflnQnOjJ.css" line: 1}]
06-10 22:58:22.109  8579  8595 E GeckoConsole: [JavaScript Warning: "Expected declaration but found '*'.  Skipped to next declaration." {file: "http://s.ytimg.com/yt/cssbin/www-core-vflnQnOjJ.css" line: 1}]
06-10 22:58:22.109  8579  8595 E GeckoConsole: [JavaScript Warning: "Expected declaration but found '*'.  Skipped to next declaration." {file: "http://s.ytimg.com/yt/cssbin/www-core-vflnQnOjJ.css" line: 1}]
06-10 22:58:22.109  8579  8595 E GeckoConsole: [JavaScript Warning: "Expected declaration but found '*'.  Skipped to next declaration." {file: "http://s.ytimg.com/yt/cssbin/www-core-vflnQnOjJ.css" line: 1}]
06-10 22:58:22.109  8579  8595 E GeckoConsole: [JavaScript Warning: "Expected declaration but found '*'.  Skipped to next declaration." {file: "http://s.ytimg.com/yt/cssbin/www-core-vflnQnOjJ.css" line: 1}]
06-10 22:58:22.113  8579  8595 E GeckoConsole: [JavaScript Warning: "Expected declaration but found '*'.  Skipped to next declaration." {file: "http://s.ytimg.com/yt/cssbin/www-core-vflnQnOjJ.css" line: 1}]
06-10 22:58:22.113  8579  8595 E GeckoConsole: [JavaScript Warning: "Unknown property 'transition'.  Declaration dropped." {file: "http://s.ytimg.com/yt/cssbin/www-core-vflnQnOjJ.css" line: 1}]
06-10 22:58:22.113  8579  8595 E GeckoConsole: [JavaScript Warning: "Unknown property '-moz-border-radius'.  Declaration dropped." {file: "http://s.ytimg.com/yt/cssbin/www-core-vflnQnOjJ.css" line: 1}]
06-10 22:58:22.113  8579  8595 E GeckoConsole: [JavaScript Warning: "Unknown property 'transition'.  Declaration dropped." {file: "http://s.ytimg.com/yt/cssbin/www-core-vflnQnOjJ.css" line: 1}]
06-10 22:58:22.113  8579  8595 E GeckoConsole: [JavaScript Warning: "Expected declaration but found '*'.  Skipped to next declaration." {file: "http://s.ytimg.com/yt/cssbin/www-core-vflnQnOjJ.css" line: 1}]
06-10 22:58:22.113  8579  8595 E GeckoConsole: [JavaScript Warning: "Unknown property 'transition'.  Declaration dropped." {file: "http://s.ytimg.com/yt/cssbin/www-core-vflnQnOjJ.css" line: 1}]
06-10 22:58:22.117  8579  8595 E GeckoConsole: [JavaScript Warning: "Expected declaration but found '*'.  Skipped to next declaration." {file: "http://s.ytimg.com/yt/cssbin/www-core-vflnQnOjJ.css" line: 1}]
06-10 22:58:22.117  8579  8595 E GeckoConsole: [JavaScript Warning: "Error in parsing value for 'filter'.  Declaration dropped." {file: "http://s.ytimg.com/yt/cssbin/www-core-vflnQnOjJ.css" line: 1}]
06-10 22:58:22.117  8579  8595 E GeckoConsole: [JavaScript Warning: "Unknown property 'zoom'.  Declaration dropped." {file: "http://s.ytimg.com/yt/cssbin/www-core-vflnQnOjJ.css" line: 1}]
06-10 22:58:22.117  8579  8595 E GeckoConsole: [JavaScript Warning: "Expected declaration but found '*'.  Skipped to next declaration." {file: "http://s.ytimg.com/yt/cssbin/www-core-vflnQnOjJ.css" line: 1}]
06-10 22:58:22.117  8579  8595 E GeckoConsole: [JavaScript Warning: "Expected declaration but found '*'.  Skipped to next declaration." {file: "http://s.ytimg.com/yt/cssbin/www-core-vflnQnOjJ.css" line: 1}]
06-10 22:58:22.117  8579  8595 E GeckoConsole: [JavaScript Warning: "Unknown property '-moz-border-radius'.  Declaration dropped." {file: "http://s.ytimg.com/yt/cssbin/www-core-vflnQnOjJ.css" line: 1}]
06-10 22:58:22.117  8579  8595 E GeckoConsole: [JavaScript Warning: "Unknown property '-moz-box-shadow'.  Declaration dropped." {file: "http://s.ytimg.com/yt/cssbin/www-core-vflnQnOjJ.css" line: 1}]
06-10 22:58:22.117  8579  8595 E GeckoConsole: [JavaScript Warning: "Error in parsing value for 'filter'.  Declaration dropped." {file: "http://s.ytimg.com/yt/cssbin/www-core-vflnQnOjJ.css" line: 1}]
06-10 22:58:22.117  8579  8595 E GeckoConsole: [JavaScript Warning: "Unknown property '-moz-border-radius'.  Declaration dropped." {file: "http://s.ytimg.com/yt/cssbin/www-core-vflnQnOjJ.css" line: 1}]
06-10 22:58:22.117  8579  8595 E GeckoConsole: [JavaScript Warning: "Unknown property '-moz-box-shadow'.  Declaration dropped." {file: "http://s.ytimg.com/yt/cssbin/www-core-vflnQnOjJ.css" line: 1}]
06-10 22:58:22.117  8579  8595 E GeckoConsole: [JavaScript Warning: "Error in parsing value for 'filter'.  Declaration dropped." {file: "http://s.ytimg.com/yt/cssbin/www-core-vflnQnOjJ.css" line: 1}]
06-10 22:58:22.117  8579  8595 E GeckoConsole: [JavaScript Warning: "Error in parsing value for 'background-image'.  Declaration dropped." {file: "http://s.ytimg.com/yt/cssbin/www-core-vflnQnOjJ.css" line: 1}]
06-10 22:58:22.117  8579  8595 E GeckoConsole: [JavaScript Warning: "Error in parsing value for 'background-image'.  Declaration dropped." {file: "http://s.ytimg.com/yt/cssbin/www-core-vflnQnOjJ.css" line: 1}]
06-10 22:58:22.117  8579  8595 E GeckoConsole: [JavaScript Warning: "Error in parsing value for 'background-image'.  Declaration dropped." {file: "http://s.ytimg.com/yt/cssbin/www-core-vflnQnOjJ.css" line: 1}]
06-10 22:58:22.117  8579  8595 E GeckoConsole: [JavaScript Warning: "Error in parsing value for 'background-image'.  Declaration dropped." {file: "http://s.ytimg.com/yt/cssbin/www-core-vflnQnOjJ.css" line: 1}]
06-10 22:58:22.117  8579  8595 E GeckoConsole: [JavaScript Warning: "Error in parsing value for 'background-image'.  Declaration dropped." {file: "http://s.ytimg.com/yt/cssbin/www-core-vflnQnOjJ.css" line: 1}]
06-10 22:58:22.117  8579  8595 E GeckoConsole: [JavaScript Warning: "Unknown property '-moz-box-shadow'.  Declaration dropped." {file: "http://s.ytimg.com/yt/cssbin/www-core-vflnQnOjJ.css" line: 1}]
06-10 22:58:22.121  8579  8595 E GeckoConsole: [JavaScript Warning: "Error in parsing value for 'filter'.  Declaration dropped." {file: "http://s.ytimg.com/yt/cssbin/www-core-vflnQnOjJ.css" line: 1}]
06-10 22:58:22.121  8579  8595 E GeckoConsole: [JavaScript Warning: "Error in parsing value for 'background-image'.  Declaration dropped." {file: "http://s.ytimg.com/yt/cssbin/www-core-vflnQnOjJ.css" line: 1}]
06-10 22:58:22.121  8579  8595 E GeckoConsole: [JavaScript Warning: "Error in parsing value for 'background-image'.  Declaration dropped." {file: "http://s.ytimg.com/yt/cssbin/www-core-vflnQnOjJ.css" line: 1}]
06-10 22:58:22.121  8579  8595 E GeckoConsole: [JavaScript Warning: "Error in parsing value for 'background-image'.  Declaration dropped." {file: "http://s.ytimg.com/yt/cssbin/www-core-vflnQnOjJ.css" line: 1}]
06-10 22:58:22.121  8579  8595 E GeckoConsole: [JavaScript Warning: "Error in parsing value for 'background-image'.  Declaration dropped." {file: "http://s.ytimg.com/yt/cssbin/www-core-vflnQnOjJ.css" line: 1}]
06-10 22:58:22.121  8579  8595 E GeckoConsole: [JavaScript Warning: "Error in parsing value for 'background-image'.  Declaration dropped." {file: "http://s.ytimg.com/yt/cssbin/www-core-vflnQnOjJ.css" line: 1}]
06-10 22:58:22.121  8579  8595 E GeckoConsole: [JavaScript Warning: "Unknown property '-moz-border-radius'.  Declaration dropped." {file: "http://s.ytimg.com/yt/cssbin/www-core-vflnQnOjJ.css" line: 1}]
06-10 22:58:22.121  8579  8595 E GeckoConsole: [JavaScript Warning: "Unknown property '-moz-box-shadow'.  Declaration dropped." {file: "http://s.ytimg.com/yt/cssbin/www-core-vflnQnOjJ.css" line: 1}]
06-10 22:58:22.121  8579  8595 E GeckoConsole: [JavaScript Warning: "Expected media feature name but found '-webkit-min-device-pixel-ratio'." {file: "http://s.ytimg.com/yt/cssbin/www-core-vflnQnOjJ.css" line: 1}]
06-10 22:58:22.121  8579  8595 E GeckoConsole: [JavaScript Warning: "Expected declaration but found '*'.  Skipped to next declaration." {file: "http://s.ytimg.com/yt/cssbin/www-core-vflnQnOjJ.css" line: 1}]
06-10 22:58:22.121  8579  8595 E GeckoConsole: [JavaScript Warning: "Expected declaration but found '*'.  Skipped to next declaration." {file: "http://s.ytimg.com/yt/cssbin/www-core-vflnQnOjJ.css" line: 1}]
06-10 22:58:22.121  8579  8595 E GeckoConsole: [JavaScript Warning: "Unknown property '-moz-border-radius'.  Declaration dropped." {file: "http://s.ytimg.com/yt/cssbin/www-core-vflnQnOjJ.css" line: 1}]
06-10 22:58:22.121  8579  8595 E GeckoConsole: [JavaScript Warning: "Unknown property '-moz-box-shadow'.  Declaration dropped." {file: "http://s.ytimg.com/yt/cssbin/www-core-vflnQnOjJ.css" line: 1}]
06-10 22:58:22.121  8579  8595 E GeckoConsole: [JavaScript Warning: "Expected declaration but found '*'.  Skipped to next declaration." {file: "http://s.ytimg.com/yt/cssbin/www-core-vflnQnOjJ.css" line: 1}]
06-10 22:58:22.121  8579  8595 E GeckoConsole: [JavaScript Warning: "Expected declaration but found '*'.  Skipped to next declaration." {file: "http://s.ytimg.com/yt/cssbin/www-core-vflnQnOjJ.css" line: 1}]
06-10 22:58:22.121  8579  8595 E GeckoConsole: [JavaScript Warning: "Unknown property '-moz-border-radius'.  Declaration dropped." {file: "http://s.ytimg.com/yt/cssbin/www-core-vflnQnOjJ.css" line: 1}]
06-10 22:58:22.125  8579  8595 E GeckoConsole: [JavaScript Warning: "Expected declaration but found '*'.  Skipped to next declaration." {file: "http://s.ytimg.com/yt/cssbin/www-core-vflnQnOjJ.css" line: 1}]
06-10 22:58:22.125  8579  8595 E GeckoConsole: [JavaScript Warning: "Expected declaration but found '*'.  Skipped to next declaration." {file: "http://s.ytimg.com/yt/cssbin/www-core-vflnQnOjJ.css" line: 1}]
06-10 22:58:22.125  8579  8595 E GeckoConsole: [JavaScript Warning: "Error in parsing value for 'filter'.  Declaration dropped." {file: "http://s.ytimg.com/yt/cssbin/www-core-vflnQnOjJ.css" line: 1}]
06-10 22:58:22.125  8579  8595 E GeckoConsole: [JavaScript Warning: "Error in parsing value for 'background-image'.  Declaration dropped." {file: "http://s.ytimg.com/yt/cssbin/www-core-vflnQnOjJ.css" line: 1}]
06-10 22:58:22.125  8579  8595 E GeckoConsole: [JavaScript Warning: "Error in parsing value for 'background-image'.  Declaration dropped." {file: "http://s.ytimg.com/yt/cssbin/www-core-vflnQnOjJ.css" line: 1}]
06-10 22:58:22.125  8579  8595 E GeckoConsole: [JavaScript Warning: "Error in parsing value for 'background-image'.  Declaration dropped." {file: "http://s.ytimg.com/yt/cssbin/www-core-vflnQnOjJ.css" line: 1}]
06-10 22:58:22.125  8579  8595 E GeckoConsole: [JavaScript Warning: "Error in parsing value for 'background-image'.  Declaration dropped." {file: "http://s.ytimg.com/yt/cssbin/www-core-vflnQnOjJ.css" line: 1}]
06-10 22:58:22.125  8579  8595 E GeckoConsole: [JavaScript Warning: "Error in parsing value for 'background-image'.  Declaration dropped." {file: "http://s.ytimg.com/yt/cssbin/www-core-vflnQnOjJ.css" line: 1}]
06-10 22:58:22.125  8579  8595 E GeckoConsole: [JavaScript Warning: "Error in parsing value for 'filter'.  Declaration dropped." {file: "http://s.ytimg.com/yt/cssbin/www-core-vflnQnOjJ.css" line: 1}]
06-10 22:58:22.125  8579  8595 E GeckoConsole: [JavaScript Warning: "Error in parsing value for 'background-image'.  Declaration dropped." {file: "http://s.ytimg.com/yt/cssbin/www-core-vflnQnOjJ.css" line: 1}]
06-10 22:58:22.125  8579  8595 E GeckoConsole: [JavaScript Warning: "Error in parsing value for 'background-image'.  Declaration dropped." {file: "http://s.ytimg.com/yt/cssbin/www-core-vflnQnOjJ.css" line: 1}]
06-10 22:58:22.125  8579  8595 E GeckoConsole: [JavaScript Warning: "Error in parsing value for 'background-image'.  Declaration dropped." {file: "http://s.ytimg.com/yt/cssbin/www-core-vflnQnOjJ.css" line: 1}]
06-10 22:58:22.125  8579  8595 E GeckoConsole: [JavaScript Warning: "Error in parsing value for 'background-image'.  Declaration dropped." {file: "http://s.ytimg.com/yt/cssbin/www-core-vflnQnOjJ.css" line: 1}]
06-10 22:58:22.125  8579  8595 E GeckoConsole: [JavaScript Warning: "Error in parsing value for 'background-image'.  Declaration dropped." {file: "http://s.ytimg.com/yt/cssbin/www-core-vflnQnOjJ.css" line: 1}]
06-10 22:58:22.129  8579  8595 E GeckoConsole: [JavaScript Warning: "Unknown property '-moz-box-shadow'.  Declaration dropped." {file: "http://s.ytimg.com/yt/cssbin/www-core-vflnQnOjJ.css" line: 1}]
06-10 22:58:22.129  8579  8595 E GeckoConsole: [JavaScript Warning: "Unknown property '-moz-box-shadow'.  Declaration dropped." {file: "http://s.ytimg.com/yt/cssbin/www-core-vflnQnOjJ.css" line: 1}]
06-10 22:58:22.129  8579  8595 E GeckoConsole: [JavaScript Warning: "Unknown property '-moz-box-shadow'.  Declaration dropped." {file: "http://s.ytimg.com/yt/cssbin/www-core-vflnQnOjJ.css" line: 1}]
06-10 22:58:22.129  8579  8595 E GeckoConsole: [JavaScript Warning: "Expected declaration but found '*'.  Skipped to next declaration." {file: "http://s.ytimg.com/yt/cssbin/www-core-vflnQnOjJ.css" line: 1}]
06-10 22:58:22.129  8579  8595 E GeckoConsole: [JavaScript Warning: "Expected declaration but found '*'.  Skipped to next declaration." {file: "http://s.ytimg.com/yt/cssbin/www-core-vflnQnOjJ.css" line: 1}]
06-10 22:58:22.129  8579  8595 E GeckoConsole: [JavaScript Warning: "Expected declaration but found '*'.  Skipped to next declaration." {file: "http://s.ytimg.com/yt/cssbin/www-core-vflnQnOjJ.css" line: 1}]
06-10 22:58:22.129  8579  8595 E GeckoConsole: [JavaScript Warning: "Expected declaration but found '*'.  Skipped to next declaration." {file: "http://s.ytimg.com/yt/cssbin/www-core-vflnQnOjJ.css" line: 1}]
06-10 22:58:22.129  8579  8595 E GeckoConsole: [JavaScript Warning: "Unknown property 'zoom'.  Declaration dropped." {file: "http://s.ytimg.com/yt/cssbin/www-core-vflnQnOjJ.css" line: 1}]
06-10 22:58:22.129  8579  8595 E GeckoConsole: [JavaScript Warning: "Expected declaration but found '*'.  Skipped to next declaration." {file: "http://s.ytimg.com/yt/cssbin/www-core-vflnQnOjJ.css" line: 1}]
06-10 22:58:22.129  8579  8595 E GeckoConsole: [JavaScript Warning: "Expected declaration but found '*'.  Skipped to next declaration." {file: "http://s.ytimg.com/yt/cssbin/www-core-vflnQnOjJ.css" line: 1}]
06-10 22:58:22.132  8579  8595 E GeckoConsole: [JavaScript Warning: "Expected declaration but found '*'.  Skipped to next declaration." {file: "http://s.ytimg.com/yt/cssbin/www-core-vflnQnOjJ.css" line: 1}]
06-10 22:58:22.132  8579  8595 E GeckoConsole: [JavaScript Warning: "Expected declaration but found '*'.  Skipped to next declaration." {file: "http://s.ytimg.com/yt/cssbin/www-core-vflnQnOjJ.css" line: 1}]
06-10 22:58:22.132  8579  8595 E GeckoConsole: [JavaScript Warning: "Expected declaration but found '*'.  Skipped to next declaration." {file: "http://s.ytimg.com/yt/cssbin/www-core-vflnQnOjJ.css" line: 1}]
06-10 22:58:22.132  8579  8595 E GeckoConsole: [JavaScript Warning: "Expected declaration but found '*'.  Skipped to next declaration." {file: "http://s.ytimg.com/yt/cssbin/www-core-vflnQnOjJ.css" line: 1}]
06-10 22:58:22.132  8579  8595 E GeckoConsole: [JavaScript Warning: "Expected declaration but found '*'.  Skipped to next declaration." {file: "http://s.ytimg.com/yt/cssbin/www-core-vflnQnOjJ.css" line: 1}]
06-10 22:58:22.132  8579  8595 E GeckoConsole: [JavaScript Warning: "Unknown property '-moz-border-radius'.  Declaration dropped." {file: "http://s.ytimg.com/yt/cssbin/www-core-vflnQnOjJ.css" line: 1}]
06-10 22:58:22.132  8579  8595 E GeckoConsole: [JavaScript Warning: "Expected declaration but found '*'.  Skipped to next declaration." {file: "http://s.ytimg.com/yt/cssbin/www-core-vflnQnOjJ.css" line: 1}]
06-10 22:58:22.132  8579  8595 E GeckoConsole: [JavaScript Warning: "Expected declaration but found '*'.  Skipped to next declaration." {file: "http://s.ytimg.com/yt/cssbin/www-core-vflnQnOjJ.css" line: 1}]
06-10 22:58:22.132  8579  8595 E GeckoConsole: [JavaScript Warning: "Expected declaration but found '*'.  Skipped to next declaration." {file: "http://s.ytimg.com/yt/cssbin/www-core-vflnQnOjJ.css" line: 1}]
06-10 22:58:22.136  8579  8595 E GeckoConsole: [JavaScript Warning: "Unknown property '-moz-box-shadow'.  Declaration dropped." {file: "http://s.ytimg.com/yt/cssbin/www-core-vflnQnOjJ.css" line: 1}]
06-10 22:58:22.136  8579  8595 E GeckoConsole: [JavaScript Warning: "Error in parsing value for 'background-image'.  Declaration dropped." {file: "http://s.ytimg.com/yt/cssbin/www-core-vflnQnOjJ.css" line: 1}]
06-10 22:58:22.136  8579  8595 E GeckoConsole: [JavaScript Warning: "Error in parsing value for 'background-image'.  Declaration dropped." {file: "http://s.ytimg.com/yt/cssbin/www-core-vflnQnOjJ.css" line: 1}]
06-10 22:58:22.136  8579  8595 E GeckoConsole: [JavaScript Warning: "Error in parsing value for 'background-image'.  Declaration dropped." {file: "http://s.ytimg.com/yt/cssbin/www-core-vflnQnOjJ.css" line: 1}]
06-10 22:58:22.136  8579  8595 E GeckoConsole: [JavaScript Warning: "Error in parsing value for 'background-image'.  Declaration dropped." {file: "http://s.ytimg.com/yt/cssbin/www-core-vflnQnOjJ.css" line: 1}]
06-10 22:58:22.136  8579  8595 E GeckoConsole: [JavaScript Warning: "Error in parsing value for 'background-image'.  Declaration dropped." {file: "http://s.ytimg.com/yt/cssbin/www-core-vflnQnOjJ.css" line: 1}]
06-10 22:58:22.136  8579  8595 E GeckoConsole: [JavaScript Warning: "Error in parsing value for 'background-image'.  Declaration dropped." {file: "http://s.ytimg.com/yt/cssbin/www-core-vflnQnOjJ.css" line: 1}]
06-10 22:58:22.136  8579  8595 E GeckoConsole: [JavaScript Warning: "Error in parsing value for 'background-image'.  Declaration dropped." {file: "http://s.ytimg.com/yt/cssbin/www-core-vflnQnOjJ.css" line: 1}]
06-10 22:58:22.136  8579  8595 E GeckoConsole: [JavaScript Warning: "Error in parsing value for 'background-image'.  Declaration dropped." {file: "http://s.ytimg.com/yt/cssbin/www-core-vflnQnOjJ.css" line: 1}]
06-10 22:58:22.136  8579  8595 E GeckoConsole: [JavaScript Warning: "Error in parsing value for 'background-image'.  Declaration dropped." {file: "http://s.ytimg.com/yt/cssbin/www-core-vflnQnOjJ.css" line: 1}]
06-10 22:58:22.136  8579  8595 E GeckoConsole: [JavaScript Warning: "Error in parsing value for 'background-image'.  Declaration dropped." {file: "http://s.ytimg.com/yt/cssbin/www-core-vflnQnOjJ.css" line: 1}]
06-10 22:58:22.136  8579  8595 E GeckoConsole: [JavaScript Warning: "Error in parsing value for 'background-image'.  Declaration dropped." {file: "http://s.ytimg.com/yt/cssbin/www-core-vflnQnOjJ.css" line: 1}]
06-10 22:58:22.136  8579  8595 E GeckoConsole: [JavaScript Warning: "Error in parsing value for 'background-image'.  Declaration dropped." {file: "http://s.ytimg.com/yt/cssbin/www-core-vflnQnOjJ.css" line: 1}]
06-10 22:58:22.136  8579  8595 E GeckoConsole: [JavaScript Warning: "Error in parsing value for 'background-image'.  Declaration dropped." {file: "http://s.ytimg.com/yt/cssbin/www-core-vflnQnOjJ.css" line: 1}]
06-10 22:58:22.136  8579  8595 E GeckoConsole: [JavaScript Warning: "Error in parsing value for 'background-image'.  Declaration dropped." {file: "http://s.ytimg.com/yt/cssbin/www-core-vflnQnOjJ.css" line: 1}]
06-10 22:58:22.136  8579  8595 E GeckoConsole: [JavaScript Warning: "Error in parsing value for 'background-image'.  Declaration dropped." {file: "http://s.ytimg.com/yt/cssbin/www-core-vflnQnOjJ.css" line: 1}]
06-10 22:58:22.136  8579  8595 E GeckoConsole: [JavaScript Warning: "Unknown property '-moz-box-shadow'.  Declaration dropped." {file: "http://s.ytimg.com/yt/cssbin/www-core-vflnQnOjJ.css" line: 1}]
06-10 22:58:22.136  8579  8595 E GeckoConsole: [JavaScript Warning: "Error in parsing value for 'background'.  Declaration dropped." {file: "http://s.ytimg.com/yt/cssbin/www-core-vflnQnOjJ.css" line: 1}]
06-10 22:58:22.140  8579  8595 E GeckoConsole: [JavaScript Warning: "Error in parsing value for 'background'.  Declaration dropped." {file: "http://s.ytimg.com/yt/cssbin/www-core-vflnQnOjJ.css" line: 1}]
06-10 22:58:22.140  8579  8595 E GeckoConsole: [JavaScript Warning: "Error in parsing value for 'background'.  Declaration dropped." {file: "http://s.ytimg.com/yt/cssbin/www-core-vflnQnOjJ.css" line: 1}]
06-10 22:58:22.144  8579  8595 E GeckoConsole: [JavaScript Warning: "Error in parsing value for 'background'.  Declaration dropped." {file: "http://s.ytimg.com/yt/cssbin/www-core-vflnQnOjJ.css" line: 1}]
06-10 22:58:22.144  8579  8595 E GeckoConsole: [JavaScript Warning: "Error in parsing value for 'background'.  Declaration dropped." {file: "http://s.ytimg.com/yt/cssbin/www-core-vflnQnOjJ.css" line: 1}]
06-10 22:58:22.144  8579  8595 E GeckoConsole: [JavaScript Warning: "Error in parsing value for 'background'.  Declaration dropped." {file: "http://s.ytimg.com/yt/cssbin/www-core-vflnQnOjJ.css" line: 1}]
06-10 22:58:22.144  8579  8595 E GeckoConsole: [JavaScript Warning: "Error in parsing value for 'background'.  Declaration dropped." {file: "http://s.ytimg.com/yt/cssbin/www-core-vflnQnOjJ.css" line: 1}]
06-10 22:58:22.144  8579  8595 E GeckoConsole: [JavaScript Warning: "Error in parsing value for 'background'.  Declaration dropped." {file: "http://s.ytimg.com/yt/cssbin/www-core-vflnQnOjJ.css" line: 1}]
06-10 22:58:22.144  8579  8595 E GeckoConsole: [JavaScript Warning: "Error in parsing value for 'background'.  Declaration dropped." {file: "http://s.ytimg.com/yt/cssbin/www-core-vflnQnOjJ.css" line: 1}]
06-10 22:58:22.144  8579  8595 E GeckoConsole: [JavaScript Warning: "Error in parsing value for 'background'.  Declaration dropped." {file: "http://s.ytimg.com/yt/cssbin/www-core-vflnQnOjJ.css" line: 1}]
06-10 22:58:22.144  8579  8595 E GeckoConsole: [JavaScript Warning: "Error in parsing value for 'background'.  Declaration dropped." {file: "http://s.ytimg.com/yt/cssbin/www-core-vflnQnOjJ.css" line: 1}]
06-10 22:58:22.148  8579  8595 E GeckoConsole: [JavaScript Warning: "Error in parsing value for 'background'.  Declaration dropped." {file: "http://s.ytimg.com/yt/cssbin/www-core-vflnQnOjJ.css" line: 1}]
06-10 22:58:22.148  8579  8595 E GeckoConsole: [JavaScript Warning: "Error in parsing value for 'background'.  Declaration dropped." {file: "http://s.ytimg.com/yt/cssbin/www-core-vflnQnOjJ.css" line: 1}]
06-10 22:58:22.148  8579  8595 E GeckoConsole: [JavaScript Warning: "Error in parsing value for 'background'.  Declaration dropped." {file: "http://s.ytimg.com/yt/cssbin/www-core-vflnQnOjJ.css" line: 1}]
06-10 22:58:22.148  8579  8595 E GeckoConsole: [JavaScript Warning: "Error in parsing value for 'background'.  Declaration dropped." {file: "http://s.ytimg.com/yt/cssbin/www-core-vflnQnOjJ.css" line: 1}]
06-10 22:58:22.148  8579  8595 E GeckoConsole: [JavaScript Warning: "Error in parsing value for 'background'.  Declaration dropped." {file: "http://s.ytimg.com/yt/cssbin/www-core-vflnQnOjJ.css" line: 1}]
06-10 22:58:22.148  8579  8595 E GeckoConsole: [JavaScript Warning: "Error in parsing value for 'background'.  Declaration dropped." {file: "http://s.ytimg.com/yt/cssbin/www-core-vflnQnOjJ.css" line: 1}]
06-10 22:58:22.148  8579  8595 E GeckoConsole: [JavaScript Warning: "Error in parsing value for 'background'.  Declaration dropped." {file: "http://s.ytimg.com/yt/cssbin/www-core-vflnQnOjJ.css" line: 1}]
06-10 22:58:22.148  8579  8595 E GeckoConsole: [JavaScript Warning: "Error in parsing value for 'background'.  Declaration dropped." {file: "http://s.ytimg.com/yt/cssbin/www-core-vflnQnOjJ.css" line: 1}]
06-10 22:58:22.148  8579  8595 E GeckoConsole: [JavaScript Warning: "Error in parsing value for 'background'.  Declaration dropped." {file: "http://s.ytimg.com/yt/cssbin/www-core-vflnQnOjJ.css" line: 1}]
06-10 22:58:22.148  8579  8595 E GeckoConsole: [JavaScript Warning: "Error in parsing value for 'background'.  Declaration dropped." {file: "http://s.ytimg.com/yt/cssbin/www-core-vflnQnOjJ.css" line: 1}]
06-10 22:58:22.152  8579  8595 E GeckoConsole: [JavaScript Warning: "Expected declaration but found '*'.  Skipped to next declaration." {file: "http://s.ytimg.com/yt/cssbin/www-core-vflnQnOjJ.css" line: 1}]
06-10 22:58:22.152  8579  8595 E GeckoConsole: [JavaScript Warning: "Expected declaration but found '*'.  Skipped to next declaration." {file: "http://s.ytimg.com/yt/cssbin/www-core-vflnQnOjJ.css" line: 1}]
06-10 22:58:22.152  8579  8595 E GeckoConsole: [JavaScript Warning: "Expected declaration but found '*'.  Skipped to next declaration." {file: "http://s.ytimg.com/yt/cssbin/www-core-vflnQnOjJ.css" line: 1}]
06-10 22:58:22.152  8579  8595 E GeckoConsole: [JavaScript Warning: "Expected declaration but found '*'.  Skipped to next declaration." {file: "http://s.ytimg.com/yt/cssbin/www-core-vflnQnOjJ.css" line: 1}]
06-10 22:58:22.152  8579  8595 E GeckoConsole: [JavaScript Warning: "Expected declaration but found '*'.  Skipped to next declaration." {file: "http://s.ytimg.com/yt/cssbin/www-core-vflnQnOjJ.css" line: 1}]
06-10 22:58:22.152  8579  8595 E GeckoConsole: [JavaScript Warning: "Unknown property 'word-break'.  Declaration dropped." {file: "http://s.ytimg.com/yt/cssbin/www-core-vflnQnOjJ.css" line: 1}]
06-10 22:58:22.152  8579  8595 E GeckoConsole: [JavaScript Warning: "Expected declaration but found '*'.  Skipped to next declaration." {file: "http://s.ytimg.com/yt/cssbin/www-core-vflnQnOjJ.css" line: 1}]
06-10 22:58:22.152  8579  8595 E GeckoConsole: [JavaScript Warning: "Expected declaration but found '*'.  Skipped to next declaration." {file: "http://s.ytimg.com/yt/cssbin/www-core-vflnQnOjJ.css" line: 1}]
06-10 22:58:22.152  8579  8595 E GeckoConsole: [JavaScript Warning: "Expected declaration but found '*'.  Skipped to next declaration." {file: "http://s.ytimg.com/yt/cssbin/www-core-vflnQnOjJ.css" line: 1}]
06-10 22:58:22.152  8579  8595 E GeckoConsole: [JavaScript Warning: "Expected declaration but found '*'.  Skipped to next declaration." {file: "http://s.ytimg.com/yt/cssbin/www-core-vflnQnOjJ.css" line: 1}]
06-10 22:58:22.156  8579  8595 E GeckoConsole: [JavaScript Warning: "Error in parsing value for 'cursor'.  Declaration dropped." {file: "http://s.ytimg.com/yt/cssbin/www-core-vflnQnOjJ.css" line: 1}]
06-10 22:58:22.156  8579  8595 E GeckoConsole: [JavaScript Warning: "Error in parsing value for 'filter'.  Declaration dropped." {file: "http://s.ytimg.com/yt/cssbin/www-core-vflnQnOjJ.css" line: 1}]
06-10 22:58:22.156  8579  8595 E GeckoConsole: [JavaScript Warning: "Unknown property '-moz-border-radius-topleft'.  Declaration dropped." {file: "http://s.ytimg.com/yt/cssbin/www-core-vflnQnOjJ.css" line: 1}]
06-10 22:58:22.156  8579  8595 E GeckoConsole: [JavaScript Warning: "Unknown property '-moz-border-radius-topright'.  Declaration dropped." {file: "http://s.ytimg.com/yt/cssbin/www-core-vflnQnOjJ.css" line: 1}]
06-10 22:58:22.156  8579  8595 E GeckoConsole: [JavaScript Warning: "Expected declaration but found '*'.  Skipped to next declaration." {file: "http://s.ytimg.com/yt/cssbin/www-core-vflnQnOjJ.css" line: 1}]
06-10 22:58:22.156  8579  8595 E GeckoConsole: [JavaScript Warning: "Error in parsing value for 'cursor'.  Declaration dropped." {file: "http://s.ytimg.com/yt/cssbin/www-core-vflnQnOjJ.css" line: 1}]
06-10 22:58:22.156  8579  8595 E GeckoConsole: [JavaScript Warning: "Error in parsing value for 'cursor'.  Declaration dropped." {file: "http://s.ytimg.com/yt/cssbin/www-core-vflnQnOjJ.css" line: 1}]
06-10 22:58:22.156  8579  8595 E GeckoConsole: [JavaScript Warning: "Unknown property '-moz-border-radius'.  Declaration dropped." {file: "http://s.ytimg.com/yt/cssbin/www-core-vflnQnOjJ.css" line: 1}]
06-10 22:58:22.156  8579  8595 E GeckoConsole: [JavaScript Warning: "Error in parsing value for 'filter'.  Declaration dropped." {file: "http://s.ytimg.com/yt/cssbin/www-core-vflnQnOjJ.css" line: 1}]
06-10 22:58:22.156  8579  8595 E GeckoConsole: [JavaScript Warning: "Expected declaration but found '*'.  Skipped to next declaration." {file: "http://s.ytimg.com/yt/cssbin/www-core-vflnQnOjJ.css" line: 1}]
06-10 22:58:22.156  8579  8595 E GeckoConsole: [JavaScript Warning: "Unknown property 'zoom'.  Declaration dropped." {file: "http://s.ytimg.com/yt/cssbin/www-core-vflnQnOjJ.css" line: 1}]
06-10 22:58:22.156  8579  8595 E GeckoConsole: [JavaScript Warning: "Unknown property 'transition'.  Declaration dropped." {file: "http://s.ytimg.com/yt/cssbin/www-core-vflnQnOjJ.css" line: 1}]
06-10 22:58:22.156  8579  8595 E GeckoConsole: [JavaScript Warning: "Unknown property '-moz-border-radius'.  Declaration dropped." {file: "http://s.ytimg.com/yt/cssbin/www-core-vflnQnOjJ.css" line: 1}]
06-10 22:58:22.156  8579  8595 E GeckoConsole: [JavaScript Warning: "Unknown property '-moz-box-shadow'.  Declaration dropped." {file: "http://s.ytimg.com/yt/cssbin/www-core-vflnQnOjJ.css" line: 1}]
06-10 22:58:22.156  8579  8595 E GeckoConsole: [JavaScript Warning: "Error in parsing value for 'background-image'.  Declaration dropped." {file: "http://s.ytimg.com/yt/cssbin/www-core-vflnQnOjJ.css" line: 1}]
06-10 22:58:22.156  8579  8595 E GeckoConsole: [JavaScript Warning: "Error in parsing value for 'background-image'.  Declaration dropped." {file: "http://s.ytimg.com/yt/cssbin/www-core-vflnQnOjJ.css" line: 1}]
06-10 22:58:22.160  8579  8595 E GeckoConsole: [JavaScript Warning: "Error in parsing value for 'background-image'.  Declaration dropped." {file: "http://s.ytimg.com/yt/cssbin/www-core-vflnQnOjJ.css" line: 1}]
06-10 22:58:22.160  8579  8595 E GeckoConsole: [JavaScript Warning: "Error in parsing value for 'background-image'.  Declaration dropped." {file: "http://s.ytimg.com/yt/cssbin/www-core-vflnQnOjJ.css" line: 1}]
06-10 22:58:22.160  8579  8595 E GeckoConsole: [JavaScript Warning: "Error in parsing value for 'background-image'.  Declaration dropped." {file: "http://s.ytimg.com/yt/cssbin/www-core-vflnQnOjJ.css" line: 1}]
06-10 22:58:22.160  8579  8595 E GeckoConsole: [JavaScript Warning: "Unknown property '-moz-border-radius'.  Declaration dropped." {file: "http://s.ytimg.com/yt/cssbin/www-core-vflnQnOjJ.css" line: 1}]
06-10 22:58:22.160  8579  8595 E GeckoConsole: [JavaScript Warning: "Error in parsing value for 'filter'.  Declaration dropped." {file: "http://s.ytimg.com/yt/cssbin/www-core-vflnQnOjJ.css" line: 1}]
06-10 22:58:22.160  8579  8595 E GeckoConsole: [JavaScript Warning: "Error in parsing value for 'background-image'.  Declaration dropped." {file: "http://s.ytimg.com/yt/cssbin/www-core-vflnQnOjJ.css" line: 1}]
06-10 22:58:22.160  8579  8595 E GeckoConsole: [JavaScript Warning: "Error in parsing value for 'background-image'.  Declaration dropped." {file: "http://s.ytimg.com/yt/cssbin/www-core-vflnQnOjJ.css" line: 1}]
06-10 22:58:22.160  8579  8595 E GeckoConsole: [JavaScript Warning: "Error in parsing value for 'background-image'.  Declaration dropped." {file: "http://s.ytimg.com/yt/cssbin/www-core-vflnQnOjJ.css" line: 1}]
06-10 22:58:22.160  8579  8595 E GeckoConsole: [JavaScript Warning: "Error in parsing value for 'background-image'.  Declaration dropped." {file: "http://s.ytimg.com/yt/cssbin/www-core-vflnQnOjJ.css" line: 1}]
06-10 22:58:22.160  8579  8595 E GeckoConsole: [JavaScript Warning: "Error in parsing value for 'background-image'.  Declaration dropped." {file: "http://s.ytimg.com/yt/cssbin/www-core-vflnQnOjJ.css" line: 1}]
06-10 22:58:22.160  8579  8595 E GeckoConsole: [JavaScript Warning: "Unknown property '-moz-box-shadow'.  Declaration dropped." {file: "http://s.ytimg.com/yt/cssbin/www-core-vflnQnOjJ.css" line: 1}]
06-10 22:58:22.160  8579  8595 E GeckoConsole: [JavaScript Warning: "Error in parsing value for 'filter'.  Declaration dropped." {file: "http://s.ytimg.com/yt/cssbin/www-core-vflnQnOjJ.css" line: 1}]
06-10 22:58:22.160  8579  8595 E GeckoConsole: [JavaScript Warning: "Unknown property '-moz-box-shadow'.  Declaration dropped." {file: "http://s.ytimg.com/yt/cssbin/www-core-vflnQnOjJ.css" line: 1}]
06-10 22:58:22.160  8579  8595 E GeckoConsole: [JavaScript Warning: "Unknown property '-moz-box-shadow'.  Declaration dropped." {file: "http://s.ytimg.com/yt/cssbin/www-core-vflnQnOjJ.css" line: 1}]
06-10 22:58:22.160  8579  8595 E GeckoConsole: [JavaScript Warning: "Error in parsing value for 'filter'.  Declaration dropped." {file: "http://s.ytimg.com/yt/cssbin/www-core-vflnQnOjJ.css" line: 1}]
06-10 22:58:22.164  8579  8595 E GeckoConsole: [JavaScript Warning: "Expected declaration but found '*'.  Skipped to next declaration." {file: "http://s.ytimg.com/yt/cssbin/www-core-vflnQnOjJ.css" line: 1}]
06-10 22:58:22.164  8579  8595 E GeckoConsole: [JavaScript Warning: "Expected declaration but found '*'.  Skipped to next declaration." {file: "http://s.ytimg.com/yt/cssbin/www-core-vflnQnOjJ.css" line: 1}]
06-10 22:58:22.164  8579  8595 E GeckoConsole: [JavaScript Warning: "Unknown property '-moz-box-shadow'.  Declaration dropped." {file: "http://s.ytimg.com/yt/cssbin/www-core-vflnQnOjJ.css" line: 1}]
06-10 22:58:22.164  8579  8595 E GeckoConsole: [JavaScript Warning: "Unknown property '-moz-border-radius'.  Declaration dropped." {file: "http://s.ytimg.com/yt/cssbin/www-core-vflnQnOjJ.css" line: 1}]
06-10 22:58:22.164  8579  8595 E GeckoConsole: [JavaScript Warning: "Error in parsing value for 'filter'.  Declaration dropped." {file: "http://s.ytimg.com/yt/cssbin/www-core-vflnQnOjJ.css" line: 1}]
06-10 22:58:22.164  8579  8595 E GeckoConsole: [JavaScript Warning: "Unknown property '-moz-border-radius'.  Declaration dropped." {file: "http://s.ytimg.com/yt/cssbin/www-core-vflnQnOjJ.css" line: 1}]
06-10 22:58:22.164  8579  8595 E GeckoConsole: [JavaScript Warning: "Unknown property '-moz-border-radius'.  Declaration dropped." {file: "http://s.ytimg.com/yt/cssbin/www-core-vflnQnOjJ.css" line: 1}]
06-10 22:58:22.164  8579  8595 E GeckoConsole: [JavaScript Warning: "Expected declaration but found '*'.  Skipped to next declaration." {file: "http://s.ytimg.com/yt/cssbin/www-core-vflnQnOjJ.css" line: 1}]
06-10 22:58:22.164  8579  8595 E GeckoConsole: [JavaScript Warning: "Unknown property '-moz-box-shadow'.  Declaration dropped." {file: "http://s.ytimg.com/yt/cssbin/www-core-vflnQnOjJ.css" line: 1}]
06-10 22:58:22.164  8579  8595 E GeckoConsole: [JavaScript Warning: "Error in parsing value for 'filter'.  Declaration dropped." {file: "http://s.ytimg.com/yt/cssbin/www-core-vflnQnOjJ.css" line: 1}]
06-10 22:58:22.164  8579  8595 E GeckoConsole: [JavaScript Warning: "Error in parsing value for 'filter'.  Declaration dropped." {file: "http://s.ytimg.com/yt/cssbin/www-core-vflnQnOjJ.css" line: 1}]
06-10 22:58:22.164  8579  8595 E GeckoConsole: [JavaScript Warning: "Unknown property '-moz-border-radius'.  Declaration dropped." {file: "http://s.ytimg.com/yt/cssbin/www-core-vflnQnOjJ.css" line: 1}]
06-10 22:58:22.164  8579  8595 E GeckoConsole: [JavaScript Warning: "Unknown property '-moz-box-shadow'.  Declaration dropped." {file: "http://s.ytimg.com/yt/cssbin/www-core-vflnQnOjJ.css" line: 1}]
06-10 22:58:22.164  8579  8595 E GeckoConsole: [JavaScript Warning: "Expected declaration but found '*'.  Skipped to next declaration." {file: "http://s.ytimg.com/yt/cssbin/www-core-vflnQnOjJ.css" line: 1}]
06-10 22:58:22.164  8579  8595 E GeckoConsole: [JavaScript Warning: "Expected declaration but found '*'.  Skipped to next declaration." {file: "http://s.ytimg.com/yt/cssbin/www-core-vflnQnOjJ.css" line: 1}]
06-10 22:58:22.164  8579  8595 E GeckoConsole: [JavaScript Warning: "Error in parsing value for 'filter'.  Declaration dropped." {file: "http://s.ytimg.com/yt/cssbin/www-core-vflnQnOjJ.css" line: 1}]
06-10 22:58:22.168  8579  8595 E GeckoConsole: [JavaScript Warning: "Expected declaration but found '*'.  Skipped to next declaration." {file: "http://s.ytimg.com/yt/cssbin/www-core-vflnQnOjJ.css" line: 1}]
06-10 22:58:22.168  8579  8595 E GeckoConsole: [JavaScript Warning: "Expected declaration but found '*'.  Skipped to next declaration." {file: "http://s.ytimg.com/yt/cssbin/www-core-vflnQnOjJ.css" line: 1}]
06-10 22:58:22.168  8579  8595 E GeckoConsole: [JavaScript Warning: "Expected declaration but found '*'.  Skipped to next declaration." {file: "http://s.ytimg.com/yt/cssbin/www-core-vflnQnOjJ.css" line: 1}]
06-10 22:58:22.168  8579  8595 E GeckoConsole: [JavaScript Warning: "Unknown property '-moz-border-radius-topleft'.  Declaration dropped." {file: "http://s.ytimg.com/yt/cssbin/www-core-vflnQnOjJ.css" line: 1}]
06-10 22:58:22.168  8579  8595 E GeckoConsole: [JavaScript Warning: "Unknown property '-moz-border-radius-topright'.  Declaration dropped." {file: "http://s.ytimg.com/yt/cssbin/www-core-vflnQnOjJ.css" line: 1}]
06-10 22:58:22.168  8579  8595 E GeckoConsole: [JavaScript Warning: "Error in parsing value for 'background-image'.  Declaration dropped." {file: "http://s.ytimg.com/yt/cssbin/www-core-vflnQnOjJ.css" line: 1}]
06-10 22:58:22.168  8579  8595 E GeckoConsole: [JavaScript Warning: "Error in parsing value for 'background-image'.  Declaration dropped." {file: "http://s.ytimg.com/yt/cssbin/www-core-vflnQnOjJ.css" line: 1}]
06-10 22:58:22.168  8579  8595 E GeckoConsole: [JavaScript Warning: "Error in parsing value for 'background-image'.  Declaration dropped." {file: "http://s.ytimg.com/yt/cssbin/www-core-vflnQnOjJ.css" line: 1}]
06-10 22:58:22.168  8579  8595 E GeckoConsole: [JavaScript Warning: "Error in parsing value for 'background-image'.  Declaration dropped." {file: "http://s.ytimg.com/yt/cssbin/www-core-vflnQnOjJ.css" line: 1}]
06-10 22:58:22.168  8579  8595 E GeckoConsole: [JavaScript Warning: "Error in parsing value for 'background-image'.  Declaration dropped." {file: "http://s.ytimg.com/yt/cssbin/www-core-vflnQnOjJ.css" line: 1}]
06-10 22:58:22.168  8579  8595 E GeckoConsole: [JavaScript Warning: "Expected declaration but found '*'.  Skipped to next declaration." {file: "http://s.ytimg.com/yt/cssbin/www-core-vflnQnOjJ.css" line: 1}]
06-10 22:58:22.168  8579  8595 E GeckoConsole: [JavaScript Warning: "Unknown property '-moz-border-radius'.  Declaration dropped." {file: "http://s.ytimg.com/yt/cssbin/www-core-vflnQnOjJ.css" line: 1}]
06-10 22:58:22.168  8579  8595 E GeckoConsole: [JavaScript Warning: "Expected declaration but found '*'.  Skipped to next declaration." {file: "http://s.ytimg.com/yt/cssbin/www-core-vflnQnOjJ.css" line: 1}]
06-10 22:58:22.168  8579  8595 E GeckoConsole: [JavaScript Warning: "Error in parsing value for 'filter'.  Declaration dropped." {file: "http://s.ytimg.com/yt/cssbin/www-core-vflnQnOjJ.css" line: 1}]
06-10 22:58:22.168  8579  8595 E GeckoConsole: [JavaScript Warning: "Unknown property '-moz-border-radius'.  Declaration dropped." {file: "http://s.ytimg.com/yt/cssbin/www-core-vflnQnOjJ.css" line: 1}]
06-10 22:58:22.168  8579  8595 E GeckoConsole: [JavaScript Warning: "Unknown property '-moz-border-radius'.  Declaration dropped." {file: "http://s.ytimg.com/yt/cssbin/www-core-vflnQnOjJ.css" line: 1}]
06-10 22:58:22.168  8579  8595 E GeckoConsole: [JavaScript Warning: "Unknown property '-moz-box-shadow'.  Declaration dropped." {file: "http://s.ytimg.com/yt/cssbin/www-core-vflnQnOjJ.css" line: 1}]
06-10 22:58:22.168  8579  8595 E GeckoConsole: [JavaScript Warning: "Unknown property 'zoom'.  Declaration dropped." {file: "http://s.ytimg.com/yt/cssbin/www-core-vflnQnOjJ.css" line: 1}]
06-10 22:58:22.168  8579  8595 E GeckoConsole: [JavaScript Warning: "Unknown property 'zoom'.  Declaration dropped." {file: "http://s.ytimg.com/yt/cssbin/www-core-vflnQnOjJ.css" line: 1}]
06-10 22:58:22.172  8579  8595 E GeckoConsole: [JavaScript Warning: "Unknown property 'zoom'.  Declaration dropped." {file: "http://s.ytimg.com/yt/cssbin/www-core-vflnQnOjJ.css" line: 1}]
06-10 22:58:22.172  8579  8595 E GeckoConsole: [JavaScript Warning: "Error in parsing value for 'background-image'.  Declaration dropped." {file: "http://s.ytimg.com/yt/cssbin/www-core-vflnQnOjJ.css" line: 1}]
06-10 22:58:22.172  8579  8595 E GeckoConsole: [JavaScript Warning: "Error in parsing value for 'filter'.  Declaration dropped." {file: "http://s.ytimg.com/yt/cssbin/www-core-vflnQnOjJ.css" line: 1}]
06-10 22:58:22.172  8579  8595 E GeckoConsole: [JavaScript Warning: "Error in parsing value for 'background-image'.  Declaration dropped." {file: "http://s.ytimg.com/yt/cssbin/www-core-vflnQnOjJ.css" line: 1}]
06-10 22:58:22.172  8579  8595 E GeckoConsole: [JavaScript Warning: "Error in parsing value for 'filter'.  Declaration dropped." {file: "http://s.ytimg.com/yt/cssbin/www-core-vflnQnOjJ.css" line: 1}]
06-10 22:58:22.172  8579  8595 E GeckoConsole: [JavaScript Warning: "Unknown property '-moz-border-radius'.  Declaration dropped." {file: "http://s.ytimg.com/yt/cssbin/www-core-vflnQnOjJ.css" line: 1}]
06-10 22:58:22.172  8579  8595 E GeckoConsole: [JavaScript Warning: "Unknown property 'transition'.  Declaration dropped." {file: "http://s.ytimg.com/yt/cssbin/www-core-vflnQnOjJ.css" line: 1}]
06-10 22:58:22.172  8579  8595 E GeckoConsole: [JavaScript Warning: "Unknown property '-moz-box-shadow'.  Declaration dropped." {file: "http://s.ytimg.com/yt/cssbin/www-core-vflnQnOjJ.css" line: 1}]
06-10 22:58:22.172  8579  8595 E GeckoConsole: [JavaScript Warning: "Unknown property 'transition'.  Declaration dropped." {file: "http://s.ytimg.com/yt/cssbin/www-core-vflnQnOjJ.css" line: 1}]
06-10 22:58:22.172  8579  8595 E GeckoConsole: [JavaScript Warning: "Unknown property '-moz-box-shadow'.  Declaration dropped." {file: "http://s.ytimg.com/yt/cssbin/www-core-vflnQnOjJ.css" line: 1}]
06-10 22:58:22.172  8579  8595 E GeckoConsole: [JavaScript Warning: "Error in parsing value for 'background-image'.  Declaration dropped." {file: "http://s.ytimg.com/yt/cssbin/www-core-vflnQnOjJ.css" line: 1}]
06-10 22:58:22.172  8579  8595 E GeckoConsole: [JavaScript Warning: "Error in parsing value for 'background-image'.  Declaration dropped." {file: "http://s.ytimg.com/yt/cssbin/www-core-vflnQnOjJ.css" line: 1}]
06-10 22:58:22.172  8579  8595 E GeckoConsole: [JavaScript Warning: "Error in parsing value for 'background-image'.  Declaration dropped." {file: "http://s.ytimg.com/yt/cssbin/www-core-vflnQnOjJ.css" line: 1}]
06-10 22:58:22.172  8579  8595 E GeckoConsole: [JavaScript Warning: "Error in parsing value for 'background-image'.  Declaration dropped." {file: "http://s.ytimg.com/yt/cssbin/www-core-vflnQnOjJ.css" line: 1}]
06-10 22:58:22.172  8579  8595 E GeckoConsole: [JavaScript Warning: "Error in parsing value for 'background-image'.  Declaration dropped." {file: "http://s.ytimg.com/yt/cssbin/www-core-vflnQnOjJ.css" line: 1}]
06-10 22:58:22.172  8579  8595 E GeckoConsole: [JavaScript Warning: "Error in parsing value for 'filter'.  Declaration dropped." {file: "http://s.ytimg.com/yt/cssbin/www-core-vflnQnOjJ.css" line: 1}]
06-10 22:58:22.175  8579  8595 E GeckoConsole: [JavaScript Warning: "Error in parsing value for 'filter'.  Declaration dropped." {file: "http://s.ytimg.com/yt/cssbin/www-core-vflnQnOjJ.css" line: 1}]
06-10 22:58:22.175  8579  8595 E GeckoConsole: [JavaScript Warning: "Unknown property '-moz-border-radius'.  Declaration dropped." {file: "http://s.ytimg.com/yt/cssbin/www-core-vflnQnOjJ.css" line: 1}]
06-10 22:58:22.175  8579  8595 E GeckoConsole: [JavaScript Warning: "Unknown property '-moz-box-shadow'.  Declaration dropped." {file: "http://s.ytimg.com/yt/cssbin/www-core-vflnQnOjJ.css" line: 1}]
06-10 22:58:22.179  8579  8595 E GeckoConsole: [JavaScript Warning: "Error in parsing value for 'background-image'.  Declaration dropped." {file: "http://s.ytimg.com/yt/cssbin/www-core-vflnQnOjJ.css" line: 1}]
06-10 22:58:22.179  8579  8595 E GeckoConsole: [JavaScript Warning: "Error in parsing value for 'background-image'.  Declaration dropped." {file: "http://s.ytimg.com/yt/cssbin/www-core-vflnQnOjJ.css" line: 1}]
06-10 22:58:22.179  8579  8595 E GeckoConsole: [JavaScript Warning: "Error in parsing value for 'background-image'.  Declaration dropped." {file: "http://s.ytimg.com/yt/cssbin/www-core-vflnQnOjJ.css" line: 1}]
06-10 22:58:22.179  8579  8595 E GeckoConsole: [JavaScript Warning: "Error in parsing value for 'background-image'.  Declaration dropped." {file: "http://s.ytimg.com/yt/cssbin/www-core-vflnQnOjJ.css" line: 1}]
06-10 22:58:22.179  8579  8595 E GeckoConsole: [JavaScript Warning: "Error in parsing value for 'background-image'.  Declaration dropped." {file: "http://s.ytimg.com/yt/cssbin/www-core-vflnQnOjJ.css" line: 1}]
06-10 22:58:22.179  8579  8595 E GeckoConsole: [JavaScript Warning: "Error in parsing value for 'filter'.  Declaration dropped." {file: "http://s.ytimg.com/yt/cssbin/www-core-vflnQnOjJ.css" line: 1}]
06-10 22:58:22.179  8579  8595 E GeckoConsole: [JavaScript Warning: "Expected declaration but found '*'.  Skipped to next declaration." {file: "http://s.ytimg.com/yt/cssbin/www-core-vflnQnOjJ.css" line: 1}]
06-10 22:58:22.179  8579  8595 E GeckoConsole: [JavaScript Warning: "Unknown property '-moz-border-radius'.  Declaration dropped." {file: "http://s.ytimg.com/yt/cssbin/www-core-vflnQnOjJ.css" line: 1}]
06-10 22:58:22.179  8579  8595 E GeckoConsole: [JavaScript Warning: "Unknown property '-moz-border-radius'.  Declaration dropped." {file: "http://s.ytimg.com/yt/cssbin/www-core-vflnQnOjJ.css" line: 1}]
06-10 22:58:22.179  8579  8595 E GeckoConsole: [JavaScript Warning: "Unknown property '-moz-border-radius-bottomleft'.  Declaration dropped." {file: "http://s.ytimg.com/yt/cssbin/www-core-vflnQnOjJ.css" line: 1}]
06-10 22:58:22.179  8579  8595 E GeckoConsole: [JavaScript Warning: "Unknown property '-moz-border-radius-bottomright'.  Declaration dropped." {file: "http://s.ytimg.com/yt/cssbin/www-core-vflnQnOjJ.css" line: 1}]
06-10 22:58:22.179  8579  8595 E GeckoConsole: [JavaScript Warning: "Unknown property '-moz-border-radius'.  Declaration dropped." {file: "http://s.ytimg.com/yt/cssbin/www-core-vflnQnOjJ.css" line: 1}]
06-10 22:58:22.179  8579  8595 E GeckoConsole: [JavaScript Warning: "Unknown property '-moz-border-radius-topleft'.  Declaration dropped." {file: "http://s.ytimg.com/yt/cssbin/www-core-vflnQnOjJ.css" line: 1}]
06-10 22:58:22.179  8579  8595 E GeckoConsole: [JavaScript Warning: "Error in parsing value for 'background-image'.  Declaration dropped." {file: "http://s.ytimg.com/yt/cssbin/www-core-vflnQnOjJ.css" line: 1}]
06-10 22:58:22.179  8579  8595 E GeckoConsole: [JavaScript Warning: "Error in parsing value for 'background-image'.  Declaration dropped." {file: "http://s.ytimg.com/yt/cssbin/www-core-vflnQnOjJ.css" line: 1}]
06-10 22:58:22.179  8579  8595 E GeckoConsole: [JavaScript Warning: "Error in parsing value for 'background-image'.  Declaration dropped." {file: "http://s.ytimg.com/yt/cssbin/www-core-vflnQnOjJ.css" line: 1}]
06-10 22:58:22.179  8579  8595 E GeckoConsole: [JavaScript Warning: "Error in parsing value for 'background-image'.  Declaration dropped." {file: "http://s.ytimg.com/yt/cssbin/www-core-vflnQnOjJ.css" line: 1}]
06-10 22:58:22.179  8579  8595 E GeckoConsole: [JavaScript Warning: "Error in parsing value for 'background-image'.  Declaration dropped." {file: "http://s.ytimg.com/yt/cssbin/www-core-vflnQnOjJ.css" line: 1}]
06-10 22:58:22.179  8579  8595 E GeckoConsole: [JavaScript Warning: "Error in parsing value for 'filter'.  Declaration dropped." {file: "http://s.ytimg.com/yt/cssbin/www-core-vflnQnOjJ.css" line: 1}]
06-10 22:58:22.179  8579  8595 E GeckoConsole: [JavaScript Warning: "Unknown property '-moz-box-shadow'.  Declaration dropped." {file: "http://s.ytimg.com/yt/cssbin/www-core-vflnQnOjJ.css" line: 1}]
06-10 22:58:22.183  8579  8595 E GeckoConsole: [JavaScript Warning: "Unknown property '-moz-border-radius-topleft'.  Declaration dropped." {file: "http://s.ytimg.com/yt/cssbin/www-core-vflnQnOjJ.css" line: 1}]
06-10 22:58:22.183  8579  8595 E GeckoConsole: [JavaScript Warning: "Unknown property '-moz-border-radius-topright'.  Declaration dropped." {file: "http://s.ytimg.com/yt/cssbin/www-core-vflnQnOjJ.css" line: 1}]
06-10 22:58:22.183  8579  8595 E GeckoConsole: [JavaScript Warning: "Expected declaration but found '*'.  Skipped to next declaration." {file: "http://s.ytimg.com/yt/cssbin/www-core-vflnQnOjJ.css" line: 1}]
06-10 22:58:22.183  8579  8595 E GeckoConsole: [JavaScript Warning: "Unknown property 'transition'.  Declaration dropped." {file: "http://s.ytimg.com/yt/cssbin/www-core-vflnQnOjJ.css" line: 1}]
06-10 22:58:22.183  8579  8595 E GeckoConsole: [JavaScript Warning: "Unknown property 'transition'.  Declaration dropped." {file: "http://s.ytimg.com/yt/cssbin/www-core-vflnQnOjJ.css" line: 1}]
06-10 22:58:22.183  8579  8595 E GeckoConsole: [JavaScript Warning: "Unknown property '-moz-border-radius'.  Declaration dropped." {file: "http://s.ytimg.com/yt/cssbin/www-core-vflnQnOjJ.css" line: 1}]
06-10 22:58:22.183  8579  8595 E GeckoConsole: [JavaScript Warning: "Expected declaration but found '*'.  Skipped to next declaration." {file: "http://s.ytimg.com/yt/cssbin/www-core-vflnQnOjJ.css" line: 1}]
06-10 22:58:22.187  8579  8595 E GeckoConsole: [JavaScript Warning: "Unknown property '-moz-border-radius'.  Declaration dropped." {file: "http://s.ytimg.com/yt/cssbin/www-core-vflnQnOjJ.css" line: 1}]
06-10 22:58:22.187  8579  8595 E GeckoConsole: [JavaScript Warning: "Unknown property '-moz-box-shadow'.  Declaration dropped." {file: "http://s.ytimg.com/yt/cssbin/www-core-vflnQnOjJ.css" line: 1}]
06-10 22:58:22.187  8579  8595 E GeckoConsole: [JavaScript Warning: "Unknown property '-moz-box-shadow'.  Declaration dropped." {file: "http://s.ytimg.com/yt/cssbin/www-core-vflnQnOjJ.css" line: 1}]
06-10 22:58:22.187  8579  8595 E GeckoConsole: [JavaScript Warning: "Expected declaration but found '*'.  Skipped to next declaration." {file: "http://s.ytimg.com/yt/cssbin/www-core-vflnQnOjJ.css" line: 1}]
06-10 22:58:22.187  8579  8595 E GeckoConsole: [JavaScript Warning: "Unknown property 'transition'.  Declaration dropped." {file: "http://s.ytimg.com/yt/cssbin/www-core-vflnQnOjJ.css" line: 1}]
06-10 22:58:22.187  8579  8595 E GeckoConsole: [JavaScript Warning: "Unknown pseudo-class or pseudo-element '-webkit-scrollbar'.  Ruleset ignored due to bad selector." {file: "http://s.ytimg.com/yt/cssbin/www-core-vflnQnOjJ.css" line: 1}]
06-10 22:58:22.187  8579  8595 E GeckoConsole: [JavaScript Warning: "Unknown pseudo-class or pseudo-element '-webkit-scrollbar-track'.  Ruleset ignored due to bad selector." {file: "http://s.ytimg.com/yt/cssbin/www-core-vflnQnOjJ.css" line: 1}]
06-10 22:58:22.187  8579  8595 E GeckoConsole: [JavaScript Warning: "Unknown pseudo-class or pseudo-element '-webkit-scrollbar-thumb'.  Ruleset ignored due to bad selector." {file: "http://s.ytimg.com/yt/cssbin/www-core-vflnQnOjJ.css" line: 1}]
06-10 22:58:22.187  8579  8595 E GeckoConsole: [JavaScript Warning: "Unknown property '-moz-box-shadow'.  Declaration dropped." {file: "http://s.ytimg.com/yt/cssbin/www-core-vflnQnOjJ.css" line: 1}]
06-10 22:58:22.187  8579  8595 E GeckoConsole: [JavaScript Warning: "Error in parsing value for 'background-image'.  Declaration dropped." {file: "http://s.ytimg.com/yt/cssbin/www-core-vflnQnOjJ.css" line: 1}]
06-10 22:58:22.187  8579  8595 E GeckoConsole: [JavaScript Warning: "Error in parsing value for 'background-image'.  Declaration dropped." {file: "http://s.ytimg.com/yt/cssbin/www-core-vflnQnOjJ.css" line: 1}]
06-10 22:58:22.187  8579  8595 E GeckoConsole: [JavaScript Warning: "Error in parsing value for 'background-image'.  Declaration dropped." {file: "http://s.ytimg.com/yt/cssbin/www-core-vflnQnOjJ.css" line: 1}]
06-10 22:58:22.187  8579  8595 E GeckoConsole: [JavaScript Warning: "Error in parsing value for 'background-image'.  Declaration dropped." {file: "http://s.ytimg.com/yt/cssbin/www-core-vflnQnOjJ.css" line: 1}]
06-10 22:58:22.187  8579  8595 E GeckoConsole: [JavaScript Warning: "Error in parsing value for 'background-image'.  Declaration dropped." {file: "http://s.ytimg.com/yt/cssbin/www-core-vflnQnOjJ.css" line: 1}]
06-10 22:58:22.187  8579  8595 E GeckoConsole: [JavaScript Warning: "Error in parsing value for 'filter'.  Declaration dropped." {file: "http://s.ytimg.com/yt/cssbin/www-core-vflnQnOjJ.css" line: 1}]
06-10 22:58:22.187  8579  8595 E GeckoConsole: [JavaScript Warning: "Error in parsing value for 'background-image'.  Declaration dropped." {file: "http://s.ytimg.com/yt/cssbin/www-core-vflnQnOjJ.css" line: 1}]
06-10 22:58:22.187  8579  8595 E GeckoConsole: [JavaScript Warning: "Error in parsing value for 'background-image'.  Declaration dropped." {file: "http://s.ytimg.com/yt/cssbin/www-core-vflnQnOjJ.css" line: 1}]
06-10 22:58:22.187  8579  8595 E GeckoConsole: [JavaScript Warning: "Error in parsing value for 'background-image'.  Declaration dropped." {file: "http://s.ytimg.com/yt/cssbin/www-core-vflnQnOjJ.css" line: 1}]
06-10 22:58:22.191  8579  8595 E GeckoConsole: [JavaScript Warning: "Error in parsing value for 'background-image'.  Declaration dropped." {file: "http://s.ytimg.com/yt/cssbin/www-core-vflnQnOjJ.css" line: 1}]
06-10 22:58:22.191  8579  8595 E GeckoConsole: [JavaScript Warning: "Error in parsing value for 'background-image'.  Declaration dropped." {file: "http://s.ytimg.com/yt/cssbin/www-core-vflnQnOjJ.css" line: 1}]
06-10 22:58:22.191  8579  8595 E GeckoConsole: [JavaScript Warning: "Error in parsing value for 'filter'.  Declaration dropped." {file: "http://s.ytimg.com/yt/cssbin/www-core-vflnQnOjJ.css" line: 1}]
06-10 22:58:22.191  8579  8595 E GeckoConsole: [JavaScript Warning: "Unknown property '-moz-box-shadow'.  Declaration dropped." {file: "http://s.ytimg.com/yt/cssbin/www-core-vflnQnOjJ.css" line: 1}]
06-10 22:58:22.191  8579  8595 E GeckoConsole: [JavaScript Warning: "Unknown property '-moz-border-radius-bottomleft'.  Declaration dropped." {file: "http://s.ytimg.com/yt/cssbin/www-core-vflnQnOjJ.css" line: 1}]
06-10 22:58:22.191  8579  8595 E GeckoConsole: [JavaScript Warning: "Unknown property '-moz-border-radius-bottomright'.  Declaration dropped." {file: "http://s.ytimg.com/yt/cssbin/www-core-vflnQnOjJ.css" line: 1}]
06-10 22:58:22.191  8579  8595 E GeckoConsole: [JavaScript Warning: "Expected declaration but found '*'.  Skipped to next declaration." {file: "http://s.ytimg.com/yt/cssbin/www-core-vflnQnOjJ.css" line: 1}]
06-10 22:58:22.191  8579  8595 E GeckoConsole: [JavaScript Warning: "Expected declaration but found '*'.  Skipped to next declaration." {file: "http://s.ytimg.com/yt/cssbin/www-core-vflnQnOjJ.css" line: 1}]
06-10 22:58:22.191  8579  8595 E GeckoConsole: [JavaScript Warning: "Expected declaration but found '*'.  Skipped to next declaration." {file: "http://s.ytimg.com/yt/cssbin/www-core-vflnQnOjJ.css" line: 1}]
06-10 22:58:22.195  8579  8595 E GeckoConsole: [JavaScript Warning: "Unknown property 'word-break'.  Declaration dropped." {file: "http://s.ytimg.com/yt/cssbin/www-core-vflnQnOjJ.css" line: 1}]
06-10 22:58:22.195  8579  8595 E GeckoConsole: [JavaScript Warning: "Expected declaration but found '*'.  Skipped to next declaration." {file: "http://s.ytimg.com/yt/cssbin/www-core-vflnQnOjJ.css" line: 1}]
06-10 22:58:22.195  8579  8595 E GeckoConsole: [JavaScript Warning: "Expected declaration but found '*'.  Skipped to next declaration." {file: "http://s.ytimg.com/yt/cssbin/www-core-vflnQnOjJ.css" line: 1}]
06-10 22:58:22.195  8579  8595 E GeckoConsole: [JavaScript Warning: "Expected declaration but found '*'.  Skipped to next declaration." {file: "http://s.ytimg.com/yt/cssbin/www-core-vflnQnOjJ.css" line: 1}]
06-10 22:58:22.195  8579  8595 E GeckoConsole: [JavaScript Warning: "Expected declaration but found '*'.  Skipped to next declaration." {file: "http://s.ytimg.com/yt/cssbin/www-core-vflnQnOjJ.css" line: 1}]
06-10 22:58:22.195  8579  8595 E GeckoConsole: [JavaScript Warning: "Error in parsing value for 'cursor'.  Declaration dropped." {file: "http://s.ytimg.com/yt/cssbin/www-core-vflnQnOjJ.css" line: 1}]
06-10 22:58:22.199  8579  8595 E GeckoConsole: [JavaScript Warning: "Error in parsing value for 'filter'.  Declaration dropped." {file: "http://s.ytimg.com/yt/cssbin/www-core-vflnQnOjJ.css" line: 1}]
06-10 22:58:22.199  8579  8595 E GeckoConsole: [JavaScript Warning: "Error in parsing value for 'background-image'.  Declaration dropped." {file: "http://s.ytimg.com/yt/cssbin/www-core-vflnQnOjJ.css" line: 1}]
06-10 22:58:22.199  8579  8595 E GeckoConsole: [JavaScript Warning: "Unknown property '-moz-box-shadow'.  Declaration dropped." {file: "http://s.ytimg.com/yt/cssbin/www-core-vflnQnOjJ.css" line: 1}]
06-10 22:58:22.199  8579  8595 E GeckoConsole: [JavaScript Warning: "Error in parsing value for 'background-image'.  Declaration dropped." {file: "http://s.ytimg.com/yt/cssbin/www-core-vflnQnOjJ.css" line: 1}]
06-10 22:58:22.199  8579  8595 E GeckoConsole: [JavaScript Warning: "Error in parsing value for 'filter'.  Declaration dropped." {file: "http://s.ytimg.com/yt/cssbin/www-core-vflnQnOjJ.css" line: 1}]
06-10 22:58:22.199  8579  8595 E GeckoConsole: [JavaScript Warning: "Unknown property '-moz-border-radius'.  Declaration dropped." {file: "http://s.ytimg.com/yt/cssbin/www-core-vflnQnOjJ.css" line: 1}]
06-10 22:58:22.199  8579  8595 E GeckoConsole: [JavaScript Warning: "Error in parsing value for 'background-image'.  Declaration dropped." {file: "http://s.ytimg.com/yt/cssbin/www-core-vflnQnOjJ.css" line: 1}]
06-10 22:58:22.199  8579  8595 E GeckoConsole: [JavaScript Warning: "Error in parsing value for 'filter'.  Declaration dropped." {file: "http://s.ytimg.com/yt/cssbin/www-core-vflnQnOjJ.css" line: 1}]
06-10 22:58:22.199  8579  8595 E GeckoConsole: [JavaScript Warning: "Error in parsing value for 'background-image'.  Declaration dropped." {file: "http://s.ytimg.com/yt/cssbin/www-core-vflnQnOjJ.css" line: 1}]
06-10 22:58:22.199  8579  8595 E GeckoConsole: [JavaScript Warning: "Error in parsing value for 'filter'.  Declaration dropped." {file: "http://s.ytimg.com/yt/cssbin/www-core-vflnQnOjJ.css" line: 1}]
06-10 22:58:22.203  8579  8595 E GeckoConsole: [JavaScript Warning: "Unknown property 'zoom'.  Declaration dropped." {file: "http://s.ytimg.com/yt/cssbin/www-core-vflnQnOjJ.css" line: 1}]
06-10 22:58:22.203  8579  8595 E GeckoConsole: [JavaScript Warning: "Expected declaration but found '*'.  Skipped to next declaration." {file: "http://s.ytimg.com/yt/cssbin/www-core-vflnQnOjJ.css" line: 1}]
06-10 22:58:22.203  8579  8595 E GeckoConsole: [JavaScript Warning: "Expected declaration but found '*'.  Skipped to next declaration." {file: "http://s.ytimg.com/yt/cssbin/www-core-vflnQnOjJ.css" line: 1}]
06-10 22:58:22.203  8579  8595 E GeckoConsole: [JavaScript Warning: "Expected declaration but found '*'.  Skipped to next declaration." {file: "http://s.ytimg.com/yt/cssbin/www-core-vflnQnOjJ.css" line: 1}]
06-10 22:58:22.203  8579  8595 E GeckoConsole: [JavaScript Warning: "Error in parsing value for 'filter'.  Declaration dropped." {file: "http://s.ytimg.com/yt/cssbin/www-core-vflnQnOjJ.css" line: 1}]
06-10 22:58:22.203  8579  8595 E GeckoConsole: [JavaScript Warning: "Unknown property 'zoom'.  Declaration dropped." {file: "http://s.ytimg.com/yt/cssbin/www-core-vflnQnOjJ.css" line: 1}]
06-10 22:58:22.203  8579  8595 E GeckoConsole: [JavaScript Warning: "Expected declaration but found '*'.  Skipped to next declaration." {file: "http://s.ytimg.com/yt/cssbin/www-core-vflnQnOjJ.css" line: 1}]
06-10 22:58:22.203  8579  8595 E GeckoConsole: [JavaScript Warning: "Unknown property '-moz-border-radius'.  Declaration dropped." {file: "http://s.ytimg.com/yt/cssbin/www-core-vflnQnOjJ.css" line: 1}]
06-10 22:58:22.203  8579  8595 E GeckoConsole: [JavaScript Warning: "Expected declaration but found '*'.  Skipped to next declaration." {file: "http://s.ytimg.com/yt/cssbin/www-core-vflnQnOjJ.css" line: 1}]
06-10 22:58:22.203  8579  8595 E GeckoConsole: [JavaScript Warning: "Expected declaration but found '*'.  Skipped to next declaration." {file: "http://s.ytimg.com/yt/cssbin/www-core-vflnQnOjJ.css" line: 1}]
06-10 22:58:22.203  8579  8595 E GeckoConsole: [JavaScript Warning: "Unknown property '-moz-border-radius'.  Declaration dropped." {file: "http://s.ytimg.com/yt/cssbin/www-core-vflnQnOjJ.css" line: 1}]
06-10 22:58:22.203  8579  8595 E GeckoConsole: [JavaScript Warning: "Expected declaration but found '*'.  Skipped to next declaration." {file: "http://s.ytimg.com/yt/cssbin/www-core-vflnQnOjJ.css" line: 1}]
06-10 22:58:22.203  8579  8595 E GeckoConsole: [JavaScript Warning: "Expected declaration but found '*'.  Skipped to next declaration." {file: "http://s.ytimg.com/yt/cssbin/www-core-vflnQnOjJ.css" line: 1}]
06-10 22:58:22.203  8579  8595 E GeckoConsole: [JavaScript Warning: "Expected declaration but found '*'.  Skipped to next declaration." {file: "http://s.ytimg.com/yt/cssbin/www-core-vflnQnOjJ.css" line: 1}]
06-10 22:58:22.207  8579  8595 E GeckoConsole: [JavaScript Warning: "Expected declaration but found '*'.  Skipped to next declaration." {file: "http://s.ytimg.com/yt/cssbin/www-core-vflnQnOjJ.css" line: 1}]
06-10 22:58:22.207  8579  8595 E GeckoConsole: [JavaScript Warning: "Unknown property '-moz-border-radius'.  Declaration dropped." {file: "http://s.ytimg.com/yt/cssbin/www-core-vflnQnOjJ.css" line: 1}]
06-10 22:58:22.207  8579  8595 E GeckoConsole: [JavaScript Warning: "Unknown property '-moz-box-shadow'.  Declaration dropped." {file: "http://s.ytimg.com/yt/cssbin/www-core-vflnQnOjJ.css" line: 1}]
06-10 22:58:22.207  8579  8595 E GeckoConsole: [JavaScript Warning: "Error in parsing value for 'background-image'.  Declaration dropped." {file: "http://s.ytimg.com/yt/cssbin/www-core-vflnQnOjJ.css" line: 1}]
06-10 22:58:22.207  8579  8595 E GeckoConsole: [JavaScript Warning: "Error in parsing value for 'filter'.  Declaration dropped." {file: "http://s.ytimg.com/yt/cssbin/www-core-vflnQnOjJ.css" line: 1}]
06-10 22:58:22.207  8579  8595 E GeckoConsole: [JavaScript Warning: "Unknown property '-moz-border-radius'.  Declaration dropped." {file: "http://s.ytimg.com/yt/cssbin/www-core-vflnQnOjJ.css" line: 1}]
06-10 22:58:22.207  8579  8595 E GeckoConsole: [JavaScript Warning: "Unknown property '-moz-border-radius-topleft'.  Declaration dropped." {file: "http://s.ytimg.com/yt/cssbin/www-core-vflnQnOjJ.css" line: 1}]
06-10 22:58:22.207  8579  8595 E GeckoConsole: [JavaScript Warning: "Unknown property '-moz-border-radius-bottomleft'.  Declaration dropped." {file: "http://s.ytimg.com/yt/cssbin/www-core-vflnQnOjJ.css" line: 1}]
06-10 22:58:22.207  8579  8595 E GeckoConsole: [JavaScript Warning: "Unknown property '-moz-border-radius-topright'.  Declaration dropped." {file: "http://s.ytimg.com/yt/cssbin/www-core-vflnQnOjJ.css" line: 1}]
06-10 22:58:22.207  8579  8595 E GeckoConsole: [JavaScript Warning: "Unknown property '-moz-border-radius-bottomright'.  Declaration dropped." {file: "http://s.ytimg.com/yt/cssbin/www-core-vflnQnOjJ.css" line: 1}]
06-10 22:58:22.207  8579  8595 E GeckoConsole: [JavaScript Warning: "Error in parsing value for 'background-image'.  Declaration dropped." {file: "http://s.ytimg.com/yt/cssbin/www-core-vflnQnOjJ.css" line: 1}]
06-10 22:58:22.207  8579  8595 E GeckoConsole: [JavaScript Warning: "Error in parsing value for 'filter'.  Declaration dropped." {file: "http://s.ytimg.com/yt/cssbin/www-core-vflnQnOjJ.css" line: 1}]
06-10 22:58:22.207  8579  8595 E GeckoConsole: [JavaScript Warning: "Unknown property '-moz-box-shadow'.  Declaration dropped." {file: "http://s.ytimg.com/yt/cssbin/www-core-vflnQnOjJ.css" line: 1}]
06-10 22:58:22.207  8579  8595 E GeckoConsole: [JavaScript Warning: "Error in parsing value for 'background-image'.  Declaration dropped." {file: "http://s.ytimg.com/yt/cssbin/www-core-vflnQnOjJ.css" line: 1}]
06-10 22:58:22.207  8579  8595 E GeckoConsole: [JavaScript Warning: "Error in parsing value for 'filter'.  Declaration dropped." {file: "http://s.ytimg.com/yt/cssbin/www-core-vflnQnOjJ.css" line: 1}]
06-10 22:58:22.207  8579  8595 E GeckoConsole: [JavaScript Warning: "Unknown property '-moz-box-shadow'.  Declaration dropped." {file: "http://s.ytimg.com/yt/cssbin/www-core-vflnQnOjJ.css" line: 1}]
06-10 22:58:22.211  8579  8595 E GeckoConsole: [JavaScript Warning: "Unknown property '-moz-border-radius'.  Declaration dropped." {file: "http://s.ytimg.com/yt/cssbin/www-core-vflnQnOjJ.css" line: 1}]
06-10 22:58:22.211  8579  8595 E GeckoConsole: [JavaScript Warning: "Unknown property '-moz-box-shadow'.  Declaration dropped." {file: "http://s.ytimg.com/yt/cssbin/www-core-vflnQnOjJ.css" line: 1}]
06-10 22:58:22.211  8579  8595 E GeckoConsole: [JavaScript Warning: "Unknown property '-moz-border-radius'.  Declaration dropped." {file: "http://s.ytimg.com/yt/cssbin/www-core-vflnQnOjJ.css" line: 1}]
06-10 22:58:22.211  8579  8595 E GeckoConsole: [JavaScript Warning: "Error in parsing value for 'filter'.  Declaration dropped." {file: "http://s.ytimg.com/yt/cssbin/www-core-vflnQnOjJ.css" line: 1}]
06-10 22:58:22.211  8579  8595 E GeckoConsole: [JavaScript Warning: "Error in parsing value for 'cursor'.  Declaration dropped." {file: "http://s.ytimg.com/yt/cssbin/www-core-vflnQnOjJ.css" line: 1}]
06-10 22:58:22.211  8579  8595 E GeckoConsole: [JavaScript Warning: "Unknown property '-moz-border-radius'.  Declaration dropped." {file: "http://s.ytimg.com/yt/cssbin/www-core-vflnQnOjJ.css" line: 1}]
06-10 22:58:22.211  8579  8595 E GeckoConsole: [JavaScript Warning: "Unknown property '-moz-box-shadow'.  Declaration dropped." {file: "http://s.ytimg.com/yt/cssbin/www-core-vflnQnOjJ.css" line: 1}]
06-10 22:58:22.211  8579  8595 E GeckoConsole: [JavaScript Warning: "Error in parsing value for 'filter'.  Declaration dropped." {file: "http://s.ytimg.com/yt/cssbin/www-core-vflnQnOjJ.css" line: 1}]
06-10 22:58:22.211  8579  8595 E GeckoConsole: [JavaScript Warning: "Unknown property 'zoom'.  Declaration dropped." {file: "http://s.ytimg.com/yt/cssbin/www-core-vflnQnOjJ.css" line: 1}]
06-10 22:58:22.211  8579  8595 E GeckoConsole: [JavaScript Warning: "Error in parsing value for 'cursor'.  Declaration dropped." {file: "http://s.ytimg.com/yt/cssbin/www-core-vflnQnOjJ.css" line: 1}]
06-10 22:58:22.215  8579  8595 E GeckoConsole: [JavaScript Warning: "Expected declaration but found '*'.  Skipped to next declaration." {file: "http://s.ytimg.com/yt/cssbin/www-core-vflnQnOjJ.css" line: 1}]
06-10 22:58:22.215  8579  8595 E GeckoConsole: [JavaScript Warning: "Error in parsing value for 'cursor'.  Declaration dropped." {file: "http://s.ytimg.com/yt/cssbin/www-core-vflnQnOjJ.css" line: 1}]
06-10 22:58:22.215  8579  8595 E GeckoConsole: [JavaScript Warning: "Expected declaration but found '*'.  Skipped to next declaration." {file: "http://s.ytimg.com/yt/cssbin/www-core-vflnQnOjJ.css" line: 1}]
06-10 22:58:22.218  8579  8595 E GeckoConsole: [JavaScript Warning: "Unknown property 'zoom'.  Declaration dropped." {file: "http://s.ytimg.com/yt/cssbin/www-core-vflnQnOjJ.css" line: 1}]
06-10 22:58:22.218  8579  8595 E GeckoConsole: [JavaScript Warning: "Expected declaration but found '*'.  Skipped to next declaration." {file: "http://s.ytimg.com/yt/cssbin/www-core-vflnQnOjJ.css" line: 1}]
06-10 22:58:22.218  8579  8595 E GeckoConsole: [JavaScript Warning: "Error in parsing value for 'filter'.  Declaration dropped." {file: "http://s.ytimg.com/yt/cssbin/www-core-vflnQnOjJ.css" line: 1}]
06-10 22:58:22.218  8579  8595 E GeckoConsole: [JavaScript Warning: "Error in parsing value for 'cursor'.  Declaration dropped." {file: "http://s.ytimg.com/yt/cssbin/www-core-vflnQnOjJ.css" line: 1}]
06-10 22:58:22.218  8579  8595 E GeckoConsole: [JavaScript Warning: "Expected declaration but found '*'.  Skipped to next declaration." {file: "http://s.ytimg.com/yt/cssbin/www-core-vflnQnOjJ.css" line: 1}]
06-10 22:58:22.218  8579  8595 E GeckoConsole: [JavaScript Warning: "Expected declaration but found '*'.  Skipped to next declaration." {file: "http://s.ytimg.com/yt/cssbin/www-core-vflnQnOjJ.css" line: 1}]
06-10 22:58:22.218  8579  8595 E GeckoConsole: [JavaScript Warning: "Unknown property '-moz-box-shadow'.  Declaration dropped." {file: "http://s.ytimg.com/yt/cssbin/www-core-vflnQnOjJ.css" line: 1}]
06-10 22:58:22.218  8579  8595 E GeckoConsole: [JavaScript Warning: "Expected declaration but found '*'.  Skipped to next declaration." {file: "http://s.ytimg.com/yt/cssbin/www-core-vflnQnOjJ.css" line: 1}]
06-10 22:58:22.222  8579  8595 E GeckoConsole: [JavaScript Warning: "Expected declaration but found '*'.  Skipped to next declaration." {file: "http://s.ytimg.com/yt/cssbin/www-core-vflnQnOjJ.css" line: 1}]
06-10 22:58:22.222  8579  8595 E GeckoConsole: [JavaScript Warning: "Expected declaration but found '*'.  Skipped to next declaration." {file: "http://s.ytimg.com/yt/cssbin/www-core-vflnQnOjJ.css" line: 1}]
06-10 22:58:22.222  8579  8595 E GeckoConsole: [JavaScript Warning: "Expected declaration but found '*'.  Skipped to next declaration." {file: "http://s.ytimg.com/yt/cssbin/www-core-vflnQnOjJ.css" line: 1}]
06-10 22:58:22.226  8579  8595 E GeckoConsole: [JavaScript Warning: "Error in parsing value for 'cursor'.  Declaration dropped." {file: "http://s.ytimg.com/yt/cssbin/www-core-vflnQnOjJ.css" line: 1}]
06-10 22:58:22.226  8579  8595 E GeckoConsole: [JavaScript Warning: "Expected declaration but found '*'.  Skipped to next declaration." {file: "http://s.ytimg.com/yt/cssbin/www-core-vflnQnOjJ.css" line: 1}]
06-10 22:58:22.226  8579  8595 E GeckoConsole: [JavaScript Warning: "Expected declaration but found '*'.  Skipped to next declaration." {file: "http://s.ytimg.com/yt/cssbin/www-core-vflnQnOjJ.css" line: 1}]
06-10 22:58:22.226  8579  8595 E GeckoConsole: [JavaScript Warning: "Expected declaration but found '*'.  Skipped to next declaration." {file: "http://s.ytimg.com/yt/cssbin/www-core-vflnQnOjJ.css" line: 1}]
06-10 22:58:22.226  8579  8595 E GeckoConsole: [JavaScript Warning: "Expected declaration but found '*'.  Skipped to next declaration." {file: "http://s.ytimg.com/yt/cssbin/www-core-vflnQnOjJ.css" line: 1}]
06-10 22:58:22.226  8579  8595 E GeckoConsole: [JavaScript Warning: "Expected declaration but found '*'.  Skipped to next declaration." {file: "http://s.ytimg.com/yt/cssbin/www-core-vflnQnOjJ.css" line: 1}]
06-10 22:58:22.226  8579  8595 E GeckoConsole: [JavaScript Warning: "Expected declaration but found '*'.  Skipped to next declaration." {file: "http://s.ytimg.com/yt/cssbin/www-core-vflnQnOjJ.css" line: 1}]
06-10 22:58:22.226  8579  8595 E GeckoConsole: [JavaScript Warning: "Expected declaration but found '*'.  Skipped to next declaration." {file: "http://s.ytimg.com/yt/cssbin/www-core-vflnQnOjJ.css" line: 1}]
06-10 22:58:22.226  8579  8595 E GeckoConsole: [JavaScript Warning: "Expected declaration but found '*'.  Skipped to next declaration." {file: "http://s.ytimg.com/yt/cssbin/www-core-vflnQnOjJ.css" line: 1}]
06-10 22:58:22.226  8579  8595 E GeckoConsole: [JavaScript Warning: "Unknown property '-moz-border-radius'.  Declaration dropped." {file: "http://s.ytimg.com/yt/cssbin/www-core-vflnQnOjJ.css" line: 1}]
06-10 22:58:22.226  8579  8595 E GeckoConsole: [JavaScript Warning: "Expected declaration but found '*'.  Skipped to next declaration." {file: "http://s.ytimg.com/yt/cssbin/www-core-vflnQnOjJ.css" line: 1}]
06-10 22:58:22.226  8579  8595 E GeckoConsole: [JavaScript Warning: "Error in parsing value for 'cursor'.  Declaration dropped." {file: "http://s.ytimg.com/yt/cssbin/www-core-vflnQnOjJ.css" line: 1}]
06-10 22:58:22.230  8579  8595 E GeckoConsole: [JavaScript Warning: "Unknown property '-moz-border-radius'.  Declaration dropped." {file: "http://s.ytimg.com/yt/cssbin/www-core-vflnQnOjJ.css" line: 1}]
06-10 22:58:22.230  8579  8595 E GeckoConsole: [JavaScript Warning: "Unknown property '-moz-border-radius'.  Declaration dropped." {file: "http://s.ytimg.com/yt/cssbin/www-core-vflnQnOjJ.css" line: 1}]
06-10 22:58:22.230  8579  8595 E GeckoConsole: [JavaScript Warning: "Unknown property '-moz-border-radius'.  Declaration dropped." {file: "http://s.ytimg.com/yt/cssbin/www-core-vflnQnOjJ.css" line: 1}]
06-10 22:58:22.230  8579  8595 E GeckoConsole: [JavaScript Warning: "Unknown property '-moz-border-radius-bottomleft'.  Declaration dropped." {file: "http://s.ytimg.com/yt/cssbin/www-core-vflnQnOjJ.css" line: 1}]
06-10 22:58:22.230  8579  8595 E GeckoConsole: [JavaScript Warning: "Unknown property '-moz-border-radius-topleft'.  Declaration dropped." {file: "http://s.ytimg.com/yt/cssbin/www-core-vflnQnOjJ.css" line: 1}]
06-10 22:58:22.230  8579  8595 E GeckoConsole: [JavaScript Warning: "Unknown property '-moz-box-shadow'.  Declaration dropped." {file: "http://s.ytimg.com/yt/cssbin/www-core-vflnQnOjJ.css" line: 1}]
06-10 22:58:22.230  8579  8595 E GeckoConsole: [JavaScript Warning: "Unknown property '-moz-box-shadow'.  Declaration dropped." {file: "http://s.ytimg.com/yt/cssbin/www-core-vflnQnOjJ.css" line: 1}]
06-10 22:58:22.230  8579  8595 E GeckoConsole: [JavaScript Warning: "Error in parsing value for 'background-image'.  Declaration dropped." {file: "http://s.ytimg.com/yt/cssbin/www-core-vflnQnOjJ.css" line: 1}]
06-10 22:58:22.230  8579  8595 E GeckoConsole: [JavaScript Warning: "Error in parsing value for 'background-image'.  Declaration dropped." {file: "http://s.ytimg.com/yt/cssbin/www-core-vflnQnOjJ.css" line: 1}]
06-10 22:58:22.230  8579  8595 E GeckoConsole: [JavaScript Warning: "Error in parsing value for 'background-image'.  Declaration dropped." {file: "http://s.ytimg.com/yt/cssbin/www-core-vflnQnOjJ.css" line: 1}]
06-10 22:58:22.230  8579  8595 E GeckoConsole: [JavaScript Warning: "Error in parsing value for 'background-image'.  Declaration dropped." {file: "http://s.ytimg.com/yt/cssbin/www-core-vflnQnOjJ.css" line: 1}]
06-10 22:58:22.230  8579  8595 E GeckoConsole: [JavaScript Warning: "Error in parsing value for 'background-image'.  Declaration dropped." {file: "http://s.ytimg.com/yt/cssbin/www-core-vflnQnOjJ.css" line: 1}]
06-10 22:58:22.230  8579  8595 E GeckoConsole: [JavaScript Warning: "Error in parsing value for 'background-image'.  Declaration dropped." {file: "http://s.ytimg.com/yt/cssbin/www-core-vflnQnOjJ.css" line: 1}]
06-10 22:58:22.230  8579  8595 E GeckoConsole: [JavaScript Warning: "Error in parsing value for 'background-image'.  Declaration dropped." {file: "http://s.ytimg.com/yt/cssbin/www-core-vflnQnOjJ.css" line: 1}]
06-10 22:58:22.230  8579  8595 E GeckoConsole: [JavaScript Warning: "Error in parsing value for 'background-image'.  Declaration dropped." {file: "http://s.ytimg.com/yt/cssbin/www-core-vflnQnOjJ.css" line: 1}]
06-10 22:58:22.230  8579  8595 E GeckoConsole: [JavaScript Warning: "Error in parsing value for 'background-image'.  Declaration dropped." {file: "http://s.ytimg.com/yt/cssbin/www-core-vflnQnOjJ.css" line: 1}]
06-10 22:58:22.230  8579  8595 E GeckoConsole: [JavaScript Warning: "Error in parsing value for 'background-image'.  Declaration dropped." {file: "http://s.ytimg.com/yt/cssbin/www-core-vflnQnOjJ.css" line: 1}]
06-10 22:58:22.234  8579  8595 E GeckoConsole: [JavaScript Warning: "Expected declaration but found '*'.  Skipped to next declaration." {file: "http://s.ytimg.com/yt/cssbin/www-core-vflnQnOjJ.css" line: 1}]
06-10 22:58:22.234  8579  8595 E GeckoConsole: [JavaScript Warning: "Expected declaration but found '*'.  Skipped to next declaration." {file: "http://s.ytimg.com/yt/cssbin/www-core-vflnQnOjJ.css" line: 1}]
06-10 22:58:22.234  8579  8595 E GeckoConsole: [JavaScript Warning: "Expected declaration but found '*'.  Skipped to next declaration." {file: "http://s.ytimg.com/yt/cssbin/www-core-vflnQnOjJ.css" line: 1}]
06-10 22:58:22.234  8579  8595 E GeckoConsole: [JavaScript Warning: "Expected declaration but found '*'.  Skipped to next declaration." {file: "http://s.ytimg.com/yt/cssbin/www-core-vflnQnOjJ.css" line: 1}]
06-10 22:58:22.234  8579  8595 E GeckoConsole: [JavaScript Warning: "Expected declaration but found '*'.  Skipped to next declaration." {file: "http://s.ytimg.com/yt/cssbin/www-core-vflnQnOjJ.css" line: 1}]
06-10 22:58:22.234  8579  8595 E GeckoConsole: [JavaScript Warning: "Unknown property '-moz-box-shadow'.  Declaration dropped." {file: "http://s.ytimg.com/yt/cssbin/www-core-vflnQnOjJ.css" line: 1}]
06-10 22:58:22.234  8579  8595 E GeckoConsole: [JavaScript Warning: "Unknown pseudo-class or pseudo-element '-webkit-scrollbar'.  Ruleset ignored due to bad selector." {file: "http://s.ytimg.com/yt/cssbin/www-core-vflnQnOjJ.css" line: 1}]
06-10 22:58:22.234  8579  8595 E GeckoConsole: [JavaScript Warning: "Unknown pseudo-class or pseudo-element '-webkit-scrollbar-track'.  Ruleset ignored due to bad selector." {file: "http://s.ytimg.com/yt/cssbin/www-core-vflnQnOjJ.css" line: 1}]
06-10 22:58:22.234  8579  8595 E GeckoConsole: [JavaScript Warning: "Unknown pseudo-class or pseudo-element '-webkit-scrollbar-thumb'.  Ruleset ignored due to bad selector." {file: "http://s.ytimg.com/yt/cssbin/www-core-vflnQnOjJ.css" line: 1}]
