06-10 15:35:44.058 22620 22637 W System.err: 	at libcore.io.IoBridge.connectErrno(IoBridge.java:138)
06-10 15:35:44.058 22620 22637 W System.err: 	at libcore.io.IoBridge.connect(IoBridge.java:112)
06-10 15:35:44.058 22620 22637 W System.err: 	... 20 more
06-10 15:35:45.015 23196 23196 I wpa_supplicant: wlan0: Trying to associate with 00:86:11:15:d0:e1 (SSID='konoha' freq=2437 MHz)
06-10 15:36:43.808 23196 23196 I wpa_supplicant: wlan0: Authentication with 00:86:11:15:d0:e1 timed out.
06-10 15:36:44.746 22620 22623 D dalvikvm: GC_CONCURRENT freed 487K, 14% free 10407K/11975K, paused 2ms+3ms
06-10 15:36:44.867 20838 20841 D dalvikvm: GC_CONCURRENT freed 443K, 7% free 10241K/10951K, paused 2ms+2ms
06-10 15:37:01.101   152   168 I power   : *** set_screen_state 1
06-10 15:37:01.113 22769 22769 I PhoneLab-PowerOnReceiver: Power is plugged in!
06-10 15:37:01.113 22769 22769 I PhoneLab-PowerOnReceiver: Rescheduling periodic checking...
06-10 15:37:01.168   390   390 W PowerUI : unknown intent: Intent { act=android.intent.action.ACTION_POWER_CONNECTED flg=0x10000010 }
06-10 15:37:01.199   152   202 I WindowManager: Lock screen displayed!
06-10 15:37:01.218 22769 22769 I PhoneLab-Locks: wake lock acquired
06-10 15:37:01.293    79   119 D SurfaceFlinger: Screen about to return, flinger = 0x2c1918
06-10 15:37:01.316 22769 22769 I PhoneLab-UploadLogs: Transfering log files now
06-10 15:37:01.316 22769 22769 I PhoneLab-UploadLogs: No log files to transfer
06-10 15:37:01.316 22769 22769 I PhoneLab-Locks: wake lock released
06-10 15:37:01.316 22769 22769 I PhoneLab-UploadLogs: OnStartCommand
06-10 15:37:01.406 22620 22627 I dalvikvm: Jit: resizing JitTable from 4096 to 8192
06-10 15:37:01.488 21222 21234 D dalvikvm: GC_EXPLICIT freed 520K, 6% free 11815K/12487K, paused 15ms+5ms
06-10 15:37:01.730 23196 23196 I wpa_supplicant: wlan0: Trying to associate with d0:c2:82:2d:ea:c0 (SSID='UB_Secure' freq=2462 MHz)
06-10 15:37:01.902 23196 23196 I wpa_supplicant: wlan0: Associated with d0:c2:82:2d:ea:c0
06-10 15:37:01.902 23196 23196 I wpa_supplicant: wlan0: CTRL-EVENT-EAP-STARTED EAP authentication started
06-10 15:37:01.910 23196 23196 I wpa_supplicant: wlan0: CTRL-EVENT-EAP-PROPOSED-METHOD vendor=0 method=4 -> NAK
06-10 15:37:01.914 23196 23196 I wpa_supplicant: wlan0: CTRL-EVENT-EAP-PROPOSED-METHOD vendor=0 method=25
06-10 15:37:01.914 23196 23196 I wpa_supplicant: wlan0: CTRL-EVENT-EAP-METHOD EAP vendor 0 method 25 (PEAP) selected
06-10 15:37:01.965 23196 23196 I wpa_supplicant: wlan0: CTRL-EVENT-EAP-PEER-CERT depth=2 subject='/C=US/O=Entrust.net/OU=www.entrust.net/CPS incorp. by ref. (limits liab.)/OU=(c) 1999 Entrust.net Limited/CN=Entrust.net Secure Server Certification Authority'
06-10 15:37:01.965 23196 23196 I wpa_supplicant: wlan0: CTRL-EVENT-EAP-PEER-CERT depth=2 subject='/C=US/O=Entrust.net/OU=www.entrust.net/CPS incorp. by ref. (limits liab.)/OU=(c) 1999 Entrust.net Limited/CN=Entrust.net Secure Server Certification Authority'
06-10 15:37:01.968 23196 23196 I wpa_supplicant: wlan0: CTRL-EVENT-EAP-PEER-CERT depth=1 subject='/C=US/ST=UT/L=Salt Lake City/O=The USERTRUST Network/CN=USERTrust Legacy Secure Server CA'
06-10 15:37:01.972 23196 23196 I wpa_supplicant: wlan0: CTRL-EVENT-EAP-PEER-CERT depth=0 subject='/C=US/postalCode=14260/ST=New York/L=Buffalo/street=305 Computing Center/O=SUNY AT BUFFALO/OU=Issued through UNIVERSITY AT BUFFALO E-PKI Manager/OU=Comodo PremiumSSL Legacy/CN=radius2.cit.buffalo.edu'
06-10 15:37:01.984    76   113 D NetlinkEvent: Unexpected netlink message. type=0x0
06-10 15:37:02.105 23172 23174 D dalvikvm: GC_CONCURRENT freed 439K, 6% free 10156K/10759K, paused 5ms+4ms
06-10 15:37:02.129 23196 23196 I wpa_supplicant: EAP-MSCHAPV2: Authentication succeeded
06-10 15:37:02.132 23196 23196 I wpa_supplicant: EAP-TLV: TLV Result - Success - EAP-TLV/Phase2 Completed
06-10 15:37:02.132 23196 23196 I wpa_supplicant: wlan0: CTRL-EVENT-EAP-SUCCESS EAP authentication completed successfully
06-10 15:37:02.148 23196 23196 I wpa_supplicant: wlan0: WPA: Key negotiation completed with d0:c2:82:2d:ea:c0 [PTK=CCMP GTK=TKIP]
06-10 15:37:02.148 23196 23196 I wpa_supplicant: wlan0: CTRL-EVENT-CONNECTED - Connection to d0:c2:82:2d:ea:c0 completed (reauth) [id=1 id_str=]
06-10 15:37:08.550   152   314 D ConnectivityService: ConnectivityChange for WIFI: CONNECTED/CONNECTED
06-10 15:37:08.601 22769 22769 I PhoneLab-WiFiReceiver: Wi-Fi is connected!
06-10 15:37:08.601 22769 22769 I PhoneLab-WiFiReceiver: SSID: UB_Secure BSSID: d0:c2:82:2d:ea:c0 RSSI: -200 LinkSpeed: -1
06-10 15:37:08.601 22769 22769 I PhoneLab-Locks: wake lock acquired
06-10 15:37:08.605 22769 22769 I PhoneLab-UploadLogs: Transfering log files now
06-10 15:37:08.609 22769 22769 I PhoneLab-UploadLogs: No log files to transfer
06-10 15:37:08.609 22769 22769 I PhoneLab-Locks: wake lock released
06-10 15:37:08.609 22769 22769 I PhoneLab-UploadLogs: OnStartCommand
06-10 15:37:08.640   152   308 W NetworkStats: dropping UID delta from unknown iface: iface=wlan0 uid=0 set=DEFAULT tag=0x0 rxBytes=664 rxPackets=2 txBytes=328 txPackets=5 operations=0
06-10 15:37:08.750   390   392 D dalvikvm: GC_CONCURRENT freed 322K, 41% free 10102K/16903K, paused 2ms+5ms
06-10 15:37:08.847   390   392 D dalvikvm: GC_CONCURRENT freed 502K, 41% free 10045K/16903K, paused 3ms+3ms
06-10 15:37:09.941 23172 23174 D dalvikvm: GC_CONCURRENT freed 422K, 6% free 10169K/10759K, paused 2ms+5ms
06-10 15:37:10.422   152   154 D dalvikvm: GC_CONCURRENT freed 2048K, 22% free 18010K/22919K, paused 13ms+20ms
06-10 15:37:10.484    85    85 I keystore: uid: 1000 action: p -> 1 state: 1 -> 1 retry: 4
06-10 15:37:10.492   390   390 D PhoneStatusBar: disable: < expand* icons alerts ticker* system_info BACK HOME recent* CLOCK >
06-10 15:37:10.507   152   858 W InputManagerService: Window already focused, ignoring focus gain of: com.android.internal.view.IInputMethodClient$Stub$Proxy@41c12f30
06-10 15:37:10.523   390   390 D PhoneStatusBar: disable: < expand icons alerts ticker system_info back* home* recent clock* >
06-10 15:37:11.242 22769 22769 I PhoneLab-Locks: wake lock acquired
06-10 15:37:11.277 22769 23570 I PhoneLab-PeriodicCheckService: User info is synched
06-10 15:37:11.277 22769 23570 I PhoneLab-PeriodicCheckService: Logger Service is running
06-10 15:37:11.285 22769 22769 I PhoneLab-Locks: wake lock acquired
06-10 15:37:11.289 22769 22769 I PhoneLab-StatusMonitor: Status Monitoring is started
06-10 15:37:11.293 22769 23570 I PhoneLab-Locks: wake lock acquired
06-10 15:37:11.293 22769 22769 E PhoneLab-PhoneLabManifest: java.io.FileNotFoundException: /data/data/edu.buffalo.cse.phonelab.phonelabservices/files/manifest.xml: open failed: ENOENT (No such file or directory)
06-10 15:37:11.297 22769 23570 I PhoneLab-PeriodicCheckService: Rescheduling periodic checking...
06-10 15:37:11.297 22769 22769 I PhoneLab-Locks: wake lock released
06-10 15:37:11.297 22769 22769 I PhoneLab-UploadLogs: Transfering log files now
06-10 15:37:11.297 22769 22769 I PhoneLab-UploadLogs: No log files to transfer
06-10 15:37:11.297 22769 22769 I PhoneLab-Locks: wake lock released
06-10 15:37:11.300 22769 22769 I PhoneLab-UploadLogs: OnStartCommand
06-10 15:37:11.300 22769 23570 I PhoneLab-Locks: wake lock released
06-10 15:37:11.640   152   317 D Tethering: MasterInitialState.processMessage what=3
06-10 15:37:11.668  7488  7488 I GTalkService/c: [AndroidEndpoint@1094138128] connect: acct=1000000, state=CONNECTING
06-10 15:37:11.672  7488  7488 I GTalkService/c: [GTalkConnection@1093834832] connect: acct=1, state=CONNECTING
06-10 15:37:11.734 23273 23273 I MediaUploader: No need to wake up
06-10 15:37:11.777 21222 21339 D PicasaSyncManager: active network: NetworkInfo: type: WIFI[], state: CONNECTED/CONNECTED, reason: (unspecified), extra: (none), roaming: false, failover: false, isAvailable: true
06-10 15:37:11.777 21222 21339 D PicasaSyncManager: background data: true
06-10 15:37:12.039  7488  7492 D dalvikvm: GC_CONCURRENT freed 394K, 6% free 10577K/11207K, paused 11ms+7ms
06-10 15:37:12.836   152   206 I ActivityManager: START {act=android.intent.action.MAIN cat=[android.intent.category.HOME] flg=0x10200000 cmp=com.android.launcher/com.android.launcher2.Launcher} from pid 152
06-10 15:37:12.879   152   314 D ConnectivityService: handleInetConditionHoldEnd: net=1, condition=100, published condition=0
06-10 15:37:13.058 23172 23172 D OpenGLRenderer: Flushing caches (mode 0)
06-10 15:37:13.082   152  5616 W InputManagerService: Starting input on non-focused client com.android.internal.view.IInputMethodClient$Stub$Proxy@41c0f098 (uid=1000 pid=23172)
06-10 15:37:13.090 23172 23172 D OpenGLRenderer: Flushing caches (mode 1)
06-10 15:37:13.117   152   206 I ActivityManager: START {act=android.intent.action.MAIN cat=[android.intent.category.HOME] flg=0x10200000 cmp=com.android.launcher/com.android.launcher2.Launcher} from pid 152
06-10 15:37:13.590 23172 23172 D OpenGLRenderer: Flushing caches (mode 2)
06-10 15:37:13.644 23172 23172 D OpenGLRenderer: Flushing caches (mode 0)
06-10 15:37:13.648 23172 23172 D OpenGLRenderer: Flushing caches (mode 0)
06-10 15:37:18.441  7488  7492 D dalvikvm: GC_CONCURRENT freed 351K, 6% free 10627K/11207K, paused 6ms+5ms
06-10 15:37:18.902 22672 22675 D dalvikvm: GC_CONCURRENT freed 352K, 5% free 9826K/10311K, paused 10ms+7ms
06-10 15:37:19.187 22672 22675 D dalvikvm: GC_CONCURRENT freed 407K, 6% free 9833K/10375K, paused 2ms+3ms
06-10 15:37:19.336   152   858 D dalvikvm: GC_EXPLICIT freed 1532K, 26% free 17130K/22919K, paused 3ms+9ms
06-10 15:37:19.586  7488 23583 D dalvikvm: GC_EXPLICIT freed 354K, 6% free 10646K/11207K, paused 2ms+4ms
06-10 15:37:21.429 23202 23204 D dalvikvm: GC_CONCURRENT freed 627K, 7% free 11492K/12231K, paused 9ms+3ms
06-10 15:37:38.086 22769 22783 I PhoneLab-: Service Running
06-10 15:37:38.187 22769 22783 I PhoneLab-LoggerService: app_38    1290  1     1788   1348  c00f181c 400107b4 S logcat
06-10 15:37:38.187 22769 22783 I PhoneLab-LoggerService: Logcat pid from database 1290
06-10 15:37:38.187 22769 22783 I PhoneLab-LoggerService: Logcat process found 1290
06-10 15:37:38.187 22769 22783 I PhoneLab-LoggerService: Checking Threshold
06-10 15:37:38.187 22769 22783 I PhoneLab-LoggerService: Starting to rename files
06-10 15:37:38.187 22769 22783 I PhoneLab-LoggerService: Files found .. 2
06-10 15:37:38.195 22769 22783 I PhoneLab-LoggerService: File 1 log.out.1
06-10 15:37:38.203 22769 22783 I PhoneLab-LoggerService: Renamed successfully
06-10 15:37:38.207 22769 22770 D dalvikvm: GC_CONCURRENT freed 432K, 6% free 9115K/9671K, paused 2ms+2ms
06-10 15:37:44.343 20838 20841 D dalvikvm: GC_CONCURRENT freed 508K, 7% free 10238K/10951K, paused 2ms+4ms
06-10 15:38:05.742 22769 22783 I PhoneLab-: Service Running
06-10 15:38:05.851 22769 22783 I PhoneLab-LoggerService: app_38    1290  1     1788   1348  c00f181c 400107b4 S logcat
06-10 15:38:05.855 22769 22783 I PhoneLab-LoggerService: Logcat pid from database 1290
06-10 15:38:05.855 22769 22783 I PhoneLab-LoggerService: Logcat process found 1290
06-10 15:38:05.855 22769 22783 I PhoneLab-LoggerService: Checking Threshold
06-10 15:38:05.855 22769 22783 I PhoneLab-LoggerService: Starting to rename files
06-10 15:38:05.855 22769 22783 I PhoneLab-LoggerService: Files found .. 2
06-10 15:38:13.703   152   198 I power   : *** set_screen_state 0
06-10 15:38:13.754    79   119 D SurfaceFlinger: About to give-up screen, flinger = 0x2c1918
06-10 15:38:18.789   152   202 V TransportControlView: Create TCV com.android.internal.widget.TransportControlView@418b8d00
06-10 15:38:18.847   390   390 D PhoneStatusBar: disable: < EXPAND* icons alerts TICKER* system_info back home RECENT* clock >
06-10 15:38:18.871   390   390 D PhoneStatusBar: disable: < EXPAND icons alerts TICKER system_info BACK* HOME* RECENT CLOCK* >
06-10 15:38:21.082   152   154 D dalvikvm: GC_CONCURRENT freed 1092K, 22% free 17964K/22919K, paused 3ms+9ms
06-10 15:38:23.015   152   197 V WiredAccessoryObserver: Headset UEVENT: {SUBSYSTEM=switch, SWITCH_STATE=1, DEVPATH=/devices/virtual/switch/h2w, SEQNUM=15895, ACTION=change, SWITCH_NAME=h2w}
06-10 15:38:23.015   152   197 V WiredAccessoryObserver: newState = 1, headsetState = 1,mHeadsetState = 0
06-10 15:38:23.019   152   168 V WiredAccessoryObserver: Intent.ACTION_HEADSET_PLUG: state: 1 name: h2w mic: 1
06-10 15:38:23.023   152   207 D EventHub: No input device configuration file found for device 'sec_jack'.
06-10 15:38:23.039   152   207 I EventHub: New device: id=12, fd=360, path='/dev/input/event7', name='sec_jack', classes=0x1, configuration='', keyLayout='/system/usr/keylayout/sec_jack.kl', keyCharacterMap='/system/usr/keychars/sec_jack.kcm', builtinKeyboard=false
06-10 15:38:23.039   152   207 I InputReader: Device added: id=12, name='sec_jack', sources=0x00000101
06-10 15:38:23.058 23312 23312 D SpotifyJava: Received broadcast: android.intent.action.HEADSET_PLUG
06-10 15:38:23.090 23312 23312 D SpotifyJava: Not logged in. Ignoring intent.
06-10 15:38:41.222 20596 23591 D dalvikvm: GC_EXPLICIT freed 402K, 6% free 9877K/10439K, paused 4ms+7ms
06-10 15:38:45.464 22620 22623 D dalvikvm: GC_CONCURRENT freed 527K, 14% free 10391K/11975K, paused 1ms+3ms
06-10 15:39:45.679 20838 20841 D dalvikvm: GC_CONCURRENT freed 512K, 7% free 10229K/10951K, paused 1ms+2ms
06-10 15:40:03.914   152   169 I ActivityManager: Start proc com.google.android.apps.genie.geniewidget for broadcast com.google.android.apps.genie.geniewidget/.miniwidget.UpdateReceiver: pid=23600 uid=10018 gids={3003, 1015}
06-10 15:40:03.925 23600 23600 I dalvikvm: Turning on JNI app bug workarounds for target SDK version 11...
06-10 15:40:03.965   152   200 I ActivityManager: Start proc com.google.android.gm for service com.google.android.gm/.provider.MailIndexerService: pid=23613 uid=10019 gids={3003, 1015}
06-10 15:40:04.035 23600 23600 I ActivityThread: Pub com.google.android.apps.genie.geniewidget.weather: com.google.android.apps.genie.geniewidget.providers.WeatherProvider
06-10 15:40:04.043 23600 23600 I ActivityThread: Pub com.google.android.apps.genie.geniewidget.newsimage: com.google.android.apps.genie.geniewidget.providers.NewsImageProvider
06-10 15:40:04.187 23613 23613 I ActivityThread: Pub gmail-ls: com.google.android.gm.provider.MailProvider
06-10 15:40:04.265 23613 23613 I ActivityThread: Pub com.google.android.gm: com.google.android.gm.provider.PublicContentProvider
06-10 15:40:04.273 23600 23601 D dalvikvm: GC_CONCURRENT freed 345K, 5% free 9190K/9607K, paused 8ms+2ms
06-10 15:40:04.281 23600 23607 W CursorWrapperInner: Cursor finalized without prior close()
06-10 15:40:04.285 23613 23613 I ActivityThread: Pub com.google.android.gmail.SuggestionProvider: com.google.android.gm.SuggestionsProvider
06-10 15:40:04.285 23600 23607 W CursorWrapperInner: Cursor finalized without prior close()
06-10 15:40:04.304 23600 23600 W Genie   : Cache file not found: java.io.FileNotFoundException: /data/data/com.google.android.apps.genie.geniewidget/cache/genie_iconcache: open failed: ENOENT (No such file or directory)
06-10 15:40:04.359 23613 23636 W Gmail   : No MailEngine for account: lokeshmandvekar@gmail.com
06-10 15:40:10.043 23600 23601 D dalvikvm: GC_CONCURRENT freed 366K, 5% free 9315K/9799K, paused 2ms+5ms
06-10 15:40:10.062 23600 23600 I Genie   : refresh service retry #0, ignoreMASFCache = false
06-10 15:40:40.171  7488  7568 D androidNetworkLocationListeners: Still have listener com.google.android.location.internal.client.NetworkLocationClient$1@41497d68
06-10 15:40:40.183  7488  7568 D androidNetworkLocationListeners: Still have listener com.google.android.location.internal.client.NetworkLocationClient$1@41497d68
06-10 15:40:41.504  7488  7495 I dalvikvm: Total arena pages for JIT: 11
06-10 15:40:41.507  7488  7495 I dalvikvm: Total arena pages for JIT: 12
06-10 15:40:41.507  7488  7495 I dalvikvm: Total arena pages for JIT: 13
06-10 15:40:41.511  7488  7495 I dalvikvm: Total arena pages for JIT: 14
06-10 15:40:41.515  7488  7495 I dalvikvm: Total arena pages for JIT: 15
06-10 15:40:41.515  7488  7495 I dalvikvm: Total arena pages for JIT: 16
06-10 15:40:41.519  7488  7495 I dalvikvm: Total arena pages for JIT: 17
06-10 15:40:41.546  7488  7568 D androidNetworkLocationListeners: Still have listener com.google.android.location.internal.client.NetworkLocationClient$1@41497d68
06-10 15:40:41.586  7488  7492 D dalvikvm: GC_CONCURRENT freed 546K, 6% free 10623K/11271K, paused 2ms+8ms
06-10 15:40:41.734   152   491 D dalvikvm: GC_EXPLICIT freed 554K, 22% free 17972K/22919K, paused 6ms+8ms
06-10 15:40:42.164 23600 23601 D dalvikvm: GC_CONCURRENT freed 356K, 5% free 9389K/9863K, paused 6ms+2ms
06-10 15:40:42.507 23600 23601 D dalvikvm: GC_CONCURRENT freed 335K, 5% free 9531K/9991K, paused 6ms+7ms
06-10 15:40:42.511   152   152 I ActivityManager: Process com.google.android.apps.maps (pid 23402) has died.
06-10 15:40:43.238 23600 23601 D dalvikvm: GC_CONCURRENT freed 473K, 6% free 9569K/10119K, paused 22ms+3ms
06-10 15:40:43.472 23600 23601 D dalvikvm: GC_CONCURRENT freed 445K, 6% free 9581K/10119K, paused 2ms+4ms
06-10 15:40:43.906 23600 23601 D dalvikvm: GC_CONCURRENT freed 421K, 6% free 9602K/10119K, paused 2ms+2ms
06-10 15:40:44.449 22620 22623 D dalvikvm: GC_CONCURRENT freed 518K, 14% free 10385K/11975K, paused 2ms+4ms
06-10 15:40:44.500 22620 22640 D dalvikvm: GC_EXPLICIT freed 125K, 14% free 10360K/11975K, paused 6ms+3ms
06-10 15:40:44.617 20838 20841 D dalvikvm: GC_CONCURRENT freed 482K, 7% free 10251K/10951K, paused 1ms+2ms
06-10 15:40:52.367 23600 23601 D dalvikvm: GC_CONCURRENT freed 417K, 6% free 9709K/10247K, paused 14ms+3ms
06-10 15:40:52.738 23600 23601 D dalvikvm: GC_CONCURRENT freed 423K, 6% free 9725K/10311K, paused 4ms+5ms
06-10 15:40:53.097 23600 23645 W ResponseProcessCookies: Cookie rejected: "BasicClientCookie[version=0,name=admobuu,domain=.wordpress.com,path=/,expiry=Thu Dec 31 19:00:00 EST 2037]". Illegal domain attribute "wordpress.com". Domain of origin: "newsfeed.time.com"
06-10 15:40:53.234 23600 23601 D dalvikvm: GC_CONCURRENT freed 561K, 7% free 9593K/10311K, paused 1ms+2ms
06-10 15:40:53.535 23600 23601 D dalvikvm: GC_CONCURRENT freed 431K, 8% free 9569K/10311K, paused 7ms+2ms
06-10 15:40:53.812   152  4554 I ActivityManager: Process android.process.media (pid 23255) has died.
06-10 15:40:54.109 23600 23601 D dalvikvm: GC_CONCURRENT freed 280K, 6% free 9708K/10311K, paused 7ms+2ms
06-10 15:40:55.050 23600 23601 D dalvikvm: GC_CONCURRENT freed 420K, 7% free 9676K/10311K, paused 1ms+1ms
06-10 15:40:55.781 23600 23601 D dalvikvm: GC_CONCURRENT freed 378K, 6% free 9714K/10311K, paused 3ms+4ms
06-10 15:40:56.035 23600 23601 D dalvikvm: GC_CONCURRENT freed 493K, 7% free 9646K/10311K, paused 3ms+2ms
06-10 15:40:56.371 23600 23601 D dalvikvm: GC_CONCURRENT freed 405K, 7% free 9672K/10311K, paused 7ms+2ms
06-10 15:40:56.707 23600 23601 D dalvikvm: GC_CONCURRENT freed 358K, 6% free 9724K/10311K, paused 2ms+3ms
06-10 15:40:57.074 23600 23601 D dalvikvm: GC_CONCURRENT freed 424K, 6% free 9715K/10311K, paused 11ms+3ms
06-10 15:40:57.418 23600 23601 D dalvikvm: GC_CONCURRENT freed 417K, 6% free 9708K/10311K, paused 1ms+2ms
06-10 15:40:57.765 23600 23601 D dalvikvm: GC_CONCURRENT freed 402K, 6% free 9733K/10311K, paused 3ms+8ms
06-10 15:40:58.324 23600 23601 D dalvikvm: GC_CONCURRENT freed 470K, 6% free 9751K/10311K, paused 2ms+2ms
06-10 15:40:58.629 23600 23601 D dalvikvm: GC_CONCURRENT freed 500K, 6% free 9714K/10311K, paused 4ms+6ms
06-10 15:40:59.699 23600 23601 D dalvikvm: GC_CONCURRENT freed 324K, 5% free 9810K/10311K, paused 3ms+6ms
06-10 15:41:00.265 23600 23601 D dalvikvm: GC_CONCURRENT freed 522K, 6% free 9775K/10375K, paused 9ms+2ms
06-10 15:41:00.578 23600 23601 D dalvikvm: GC_CONCURRENT freed 420K, 6% free 9766K/10375K, paused 3ms+5ms
06-10 15:41:01.011 23600 23601 D dalvikvm: GC_CONCURRENT freed 393K, 6% free 9804K/10375K, paused 4ms+2ms
06-10 15:41:01.535 23600 23601 D dalvikvm: GC_CONCURRENT freed 475K, 6% free 9789K/10375K, paused 13ms+2ms
06-10 15:41:02.254 23600 23601 D dalvikvm: GC_CONCURRENT freed 416K, 6% free 9783K/10375K, paused 2ms+3ms
06-10 15:41:02.871 23600 23601 D dalvikvm: GC_CONCURRENT freed 393K, 6% free 9821K/10375K, paused 13ms+2ms
06-10 15:41:03.804 23600 23601 D dalvikvm: GC_CONCURRENT freed 476K, 6% free 9804K/10375K, paused 4ms+5ms
06-10 15:41:04.496 23600 23601 D dalvikvm: GC_CONCURRENT freed 457K, 6% free 9834K/10375K, paused 7ms+2ms
06-10 15:41:05.046 23600 23601 D dalvikvm: GC_CONCURRENT freed 440K, 6% free 9805K/10375K, paused 13ms+3ms
06-10 15:41:05.390 23600 23601 D dalvikvm: GC_CONCURRENT freed 590K, 7% free 9679K/10375K, paused 2ms+2ms
06-10 15:41:05.586 23600 23601 D dalvikvm: GC_CONCURRENT freed 489K, 8% free 9635K/10375K, paused 2ms+3ms
06-10 15:41:05.812 23600 23601 D dalvikvm: GC_CONCURRENT freed 405K, 7% free 9655K/10375K, paused 1ms+2ms
06-10 15:41:05.984 23600 23601 D dalvikvm: GC_CONCURRENT freed 419K, 7% free 9654K/10375K, paused 2ms+2ms
06-10 15:41:09.597 23600 23601 D dalvikvm: GC_CONCURRENT freed 461K, 8% free 9633K/10375K, paused 14ms+2ms
06-10 15:41:10.652 23600 23601 D dalvikvm: GC_CONCURRENT freed 378K, 7% free 9687K/10375K, paused 2ms+2ms
06-10 15:41:11.113 23600 23601 D dalvikvm: GC_CONCURRENT freed 492K, 8% free 9609K/10375K, paused 13ms+2ms
06-10 15:41:11.390 23600 23601 D dalvikvm: GC_CONCURRENT freed 376K, 7% free 9672K/10375K, paused 2ms+2ms
06-10 15:41:11.523 23600 23601 D dalvikvm: GC_CONCURRENT freed 556K, 9% free 9538K/10375K, paused 1ms+2ms
06-10 15:41:12.593 23600 23601 D dalvikvm: GC_CONCURRENT freed 264K, 7% free 9683K/10375K, paused 13ms+3ms
06-10 15:41:24.367 23600 23601 D dalvikvm: GC_CONCURRENT freed 435K, 7% free 9684K/10375K, paused 2ms+2ms
06-10 15:41:25.832 23600 23601 D dalvikvm: GC_CONCURRENT freed 555K, 8% free 9582K/10375K, paused 6ms+2ms
06-10 15:41:25.984 23600 23601 D dalvikvm: GC_CONCURRENT freed 455K, 8% free 9556K/10375K, paused 2ms+2ms
06-10 15:41:26.125 23600 23601 D dalvikvm: GC_CONCURRENT freed 438K, 8% free 9549K/10375K, paused 2ms+2ms
06-10 15:41:30.839 23600 23601 D dalvikvm: GC_CONCURRENT freed 319K, 8% free 9635K/10375K, paused 7ms+2ms
06-10 15:41:32.722 23600 23601 D dalvikvm: GC_CONCURRENT freed 311K, 7% free 9744K/10375K, paused 2ms+3ms
06-10 15:41:32.984 23600 23601 D dalvikvm: GC_CONCURRENT freed 467K, 7% free 9689K/10375K, paused 1ms+2ms
06-10 15:41:33.195 23600 23601 D dalvikvm: GC_CONCURRENT freed 450K, 8% free 9631K/10375K, paused 2ms+2ms
06-10 15:41:33.546 23600 23601 D dalvikvm: GC_CONCURRENT freed 311K, 7% free 9751K/10375K, paused 3ms+5ms
06-10 15:41:34.105 23600 23601 D dalvikvm: GC_CONCURRENT freed 504K, 8% free 9631K/10375K, paused 13ms+2ms
06-10 15:41:35.011 23600 23601 D dalvikvm: GC_CONCURRENT freed 460K, 8% free 9623K/10375K, paused 3ms+2ms
06-10 15:41:35.152 23600 23601 D dalvikvm: GC_CONCURRENT freed 499K, 8% free 9574K/10375K, paused 2ms+2ms
06-10 15:41:35.285 23600 23601 D dalvikvm: GC_CONCURRENT freed 449K, 9% free 9531K/10375K, paused 2ms+2ms
06-10 15:41:35.972 22769 22783 I PhoneLab-: Service Running
06-10 15:41:36.043 22769 22783 I PhoneLab-LoggerService: app_38    1290  1     1788   1348  c00f181c 400107b4 S logcat
06-10 15:41:36.043 22769 22783 I PhoneLab-LoggerService: Logcat pid from database 1290
06-10 15:41:36.043 22769 22783 I PhoneLab-LoggerService: Logcat process found 1290
06-10 15:41:36.043 22769 22783 I PhoneLab-LoggerService: Checking Threshold
06-10 15:41:36.043 22769 22783 I PhoneLab-LoggerService: Starting to rename files
06-10 15:41:36.043 22769 22783 I PhoneLab-LoggerService: Files found .. 2
06-10 15:41:36.148 23600 23601 D dalvikvm: GC_CONCURRENT freed 350K, 8% free 9570K/10375K, paused 1ms+2ms
06-10 15:41:36.421 23600 23601 D dalvikvm: GC_CONCURRENT freed 362K, 8% free 9625K/10375K, paused 4ms+5ms
06-10 15:41:36.933 23600 23601 D dalvikvm: GC_CONCURRENT freed 311K, 7% free 9749K/10375K, paused 4ms+5ms
06-10 15:41:37.312 23600 23601 D dalvikvm: GC_CONCURRENT freed 448K, 7% free 9736K/10375K, paused 1ms+3ms
06-10 15:41:37.429 23600 23601 D dalvikvm: GC_CONCURRENT freed 534K, 8% free 9608K/10375K, paused 2ms+3ms
06-10 15:41:37.832 23600 23601 D dalvikvm: GC_CONCURRENT freed 312K, 7% free 9724K/10375K, paused 7ms+2ms
06-10 15:41:38.336 23600 23601 D dalvikvm: GC_CONCURRENT freed 497K, 8% free 9637K/10375K, paused 13ms+2ms
06-10 15:41:40.296 23600 23601 D dalvikvm: GC_CONCURRENT freed 450K, 8% free 9614K/10375K, paused 1ms+4ms
06-10 15:41:40.445 23600 23601 D dalvikvm: GC_CONCURRENT freed 454K, 8% free 9582K/10375K, paused 2ms+2ms
06-10 15:41:40.574 23600 23601 D dalvikvm: GC_CONCURRENT freed 450K, 9% free 9527K/10375K, paused 2ms+1ms
06-10 15:41:40.871 23600 23601 D dalvikvm: GC_CONCURRENT freed 371K, 8% free 9588K/10375K, paused 2ms+2ms
06-10 15:41:41.371 23600 23601 D dalvikvm: GC_CONCURRENT freed 336K, 7% free 9658K/10375K, paused 2ms+2ms
06-10 15:41:41.781 23600 23601 D dalvikvm: GC_CONCURRENT freed 337K, 6% free 9767K/10375K, paused 3ms+6ms
06-10 15:41:41.902 23600 23601 D dalvikvm: GC_CONCURRENT freed 552K, 8% free 9614K/10375K, paused 2ms+3ms
06-10 15:41:42.191 23600 23601 D dalvikvm: GC_CONCURRENT freed 330K, 7% free 9694K/10375K, paused 7ms+2ms
06-10 15:41:42.910 23600 23601 D dalvikvm: GC_CONCURRENT freed 396K, 7% free 9702K/10375K, paused 7ms+2ms
06-10 15:41:43.632 23600 23601 D dalvikvm: GC_CONCURRENT freed 479K, 8% free 9634K/10375K, paused 13ms+2ms
06-10 15:41:44.316 23600 23601 D dalvikvm: GC_CONCURRENT freed 350K, 7% free 9693K/10375K, paused 4ms+5ms
06-10 15:41:44.406   472   475 D dalvikvm: GC_CONCURRENT freed 364K, 18% free 9834K/11975K, paused 10ms+6ms
06-10 15:41:44.425   152  5616 I ActivityManager: Process com.android.sprintmenu (pid 20773) has died.
06-10 15:41:44.425   152  5616 W ActivityManager: Scheduling restart of crashed service com.android.sprintmenu/.HiddenPhoneService in 5000ms
06-10 15:41:45.058 23600 23601 D dalvikvm: GC_CONCURRENT freed 370K, 7% free 9724K/10375K, paused 2ms+5ms
06-10 15:41:45.433 23600 23601 D dalvikvm: GC_CONCURRENT freed 430K, 7% free 9693K/10375K, paused 1ms+3ms
06-10 15:41:45.750 23600 23601 D dalvikvm: GC_CONCURRENT freed 396K, 7% free 9699K/10375K, paused 2ms+2ms
06-10 15:41:45.890 23600 23601 D dalvikvm: GC_CONCURRENT freed 518K, 8% free 9616K/10375K, paused 2ms+2ms
06-10 15:41:45.964 20838 20841 D dalvikvm: GC_CONCURRENT freed 440K, 6% free 10304K/10951K, paused 1ms+9ms
06-10 15:41:46.168 20838 20841 D dalvikvm: GC_CONCURRENT freed 268K, 5% free 10444K/10951K, paused 6ms+3ms
06-10 15:41:46.211 23600 23601 D dalvikvm: GC_CONCURRENT freed 352K, 7% free 9707K/10375K, paused 2ms+3ms
06-10 15:41:46.496 23600 23601 D dalvikvm: GC_CONCURRENT freed 430K, 7% free 9677K/10375K, paused 2ms+2ms
06-10 15:41:47.043 23600 23601 D dalvikvm: GC_CONCURRENT freed 332K, 6% free 9762K/10375K, paused 13ms+3ms
06-10 15:41:47.347 23600 23601 D dalvikvm: GC_CONCURRENT freed 476K, 7% free 9720K/10375K, paused 7ms+2ms
06-10 15:41:47.738 23600 23601 D dalvikvm: GC_CONCURRENT freed 372K, 6% free 9780K/10375K, paused 7ms+2ms
06-10 15:41:48.148 23600 23601 D dalvikvm: GC_CONCURRENT freed 420K, 7% free 9749K/10375K, paused 2ms+2ms
06-10 15:41:48.496 23600 23601 D dalvikvm: GC_CONCURRENT freed 389K, 6% free 9779K/10375K, paused 2ms+4ms
06-10 15:41:48.597   152   154 D dalvikvm: JIT code cache reset in 4 ms (1048516 bytes 31/0)
06-10 15:41:48.613   152   154 D dalvikvm: GC_CONCURRENT freed 2079K, 23% free 17817K/22919K, paused 5ms+11ms
06-10 15:41:48.953 23600 23601 D dalvikvm: GC_CONCURRENT freed 420K, 6% free 9794K/10375K, paused 13ms+2ms
06-10 15:41:49.371 23600 23601 D dalvikvm: GC_CONCURRENT freed 461K, 6% free 9811K/10375K, paused 3ms+5ms
06-10 15:41:49.437   152   169 I ActivityManager: Start proc com.android.sprintmenu for service com.android.sprintmenu/.HiddenPhoneService: pid=23964 uid=1001 gids={3002, 3001, 3003, 1015}
06-10 15:41:49.832 23600 23601 D dalvikvm: GC_CONCURRENT freed 459K, 7% free 9797K/10439K, paused 2ms+3ms
06-10 15:41:50.144 23600 23601 D dalvikvm: GC_CONCURRENT freed 445K, 7% free 9747K/10439K, paused 2ms+2ms
06-10 15:41:50.609 23600 23601 D dalvikvm: GC_CONCURRENT freed 393K, 7% free 9787K/10439K, paused 13ms+2ms
06-10 15:41:50.961 23600 23601 D dalvikvm: GC_CONCURRENT freed 419K, 7% free 9755K/10439K, paused 2ms+3ms
06-10 15:41:51.546 23600 23601 D dalvikvm: GC_CONCURRENT freed 374K, 6% free 9824K/10439K, paused 14ms+2ms
06-10 15:41:52.218 23600 23601 D dalvikvm: GC_CONCURRENT freed 448K, 7% free 9764K/10439K, paused 2ms+2ms
06-10 15:41:52.671 23600 23601 D dalvikvm: GC_CONCURRENT freed 370K, 7% free 9796K/10439K, paused 2ms+3ms
06-10 15:41:52.894 23600 23601 D dalvikvm: GC_CONCURRENT freed 529K, 8% free 9686K/10439K, paused 1ms+2ms
06-10 15:41:54.972 23600 23601 D dalvikvm: GC_CONCURRENT freed 481K, 9% free 9598K/10439K, paused 13ms+2ms
06-10 15:41:55.757 23600 23645 W ResponseProcessCookies: Cookie rejected: "BasicClientCookie[version=0,name=admobuu,domain=.wordpress.com,path=/,expiry=Thu Dec 31 19:00:00 EST 2037]". Illegal domain attribute "wordpress.com". Domain of origin: "globalpublicsquare.blogs.cnn.com"
06-10 15:41:55.871 23600 23601 D dalvikvm: GC_CONCURRENT freed 450K, 9% free 9590K/10439K, paused 1ms+2ms
06-10 15:41:56.011 23600 23601 D dalvikvm: GC_CONCURRENT freed 472K, 9% free 9547K/10439K, paused 1ms+2ms
06-10 15:41:56.777 23600 23601 D dalvikvm: GC_CONCURRENT freed 257K, 7% free 9719K/10439K, paused 13ms+2ms
06-10 15:41:57.257 23600 23601 D dalvikvm: GC_CONCURRENT freed 421K, 7% free 9720K/10439K, paused 7ms+2ms
06-10 15:41:57.711 23600 23601 D dalvikvm: GC_CONCURRENT freed 404K, 7% free 9726K/10439K, paused 14ms+2ms
06-10 15:41:58.164 23600 23601 D dalvikvm: GC_CONCURRENT freed 469K, 8% free 9685K/10439K, paused 7ms+2ms
06-10 15:41:58.484 23600 23601 D dalvikvm: GC_CONCURRENT freed 471K, 8% free 9666K/10439K, paused 7ms+2ms
06-10 15:41:58.824 23600 23601 D dalvikvm: GC_CONCURRENT freed 353K, 7% free 9730K/10439K, paused 3ms+2ms
06-10 15:41:59.144 23600 23601 D dalvikvm: GC_CONCURRENT freed 512K, 8% free 9695K/10439K, paused 2ms+2ms
06-10 15:41:59.468 23600 23601 D dalvikvm: GC_CONCURRENT freed 426K, 8% free 9682K/10439K, paused 7ms+2ms
06-10 15:41:59.875 23600 23601 D dalvikvm: GC_CONCURRENT freed 335K, 7% free 9768K/10439K, paused 7ms+3ms
06-10 15:42:00.168 23600 23601 D dalvikvm: GC_CONCURRENT freed 440K, 7% free 9724K/10439K, paused 2ms+7ms
06-10 15:42:00.621 23600 23601 D dalvikvm: GC_CONCURRENT freed 458K, 8% free 9695K/10439K, paused 7ms+2ms
06-10 15:42:01.039 23600 23601 D dalvikvm: GC_CONCURRENT freed 406K, 7% free 9730K/10439K, paused 6ms+2ms
06-10 15:42:01.605 23600 23601 D dalvikvm: GC_CONCURRENT freed 364K, 7% free 9766K/10439K, paused 1ms+4ms
06-10 15:42:02.105 23600 23601 D dalvikvm: GC_CONCURRENT freed 404K, 7% free 9766K/10439K, paused 13ms+2ms
06-10 15:42:02.636 23600 23601 D dalvikvm: GC_CONCURRENT freed 444K, 7% free 9745K/10439K, paused 6ms+3ms
06-10 15:42:02.941 23600 23601 D dalvikvm: GC_CONCURRENT freed 390K, 7% free 9740K/10439K, paused 5ms+5ms
06-10 15:42:03.527 23600 23601 D dalvikvm: GC_CONCURRENT freed 374K, 7% free 9777K/10439K, paused 7ms+3ms
06-10 15:42:05.234 23600 23601 D dalvikvm: GC_CONCURRENT freed 391K, 6% free 9817K/10439K, paused 7ms+2ms
06-10 15:42:05.511  7488  8132 I EventLogService: Aggregate from 1339355524863 (log), 1339355524863 (data)
06-10 15:42:05.742 22769 22783 I PhoneLab-: Service Running
06-10 15:42:05.804 22769 22783 I PhoneLab-LoggerService: app_38    1290  1     1788   1344  c00f181c 400107b4 S logcat
06-10 15:42:05.804 22769 22783 I PhoneLab-LoggerService: Logcat pid from database 1290
06-10 15:42:05.804 22769 22783 I PhoneLab-LoggerService: Logcat process found 1290
06-10 15:42:05.804 22769 22783 I PhoneLab-LoggerService: Checking Threshold
06-10 15:42:05.804 22769 22783 I PhoneLab-LoggerService: Starting to rename files
06-10 15:42:05.804 22769 22783 I PhoneLab-LoggerService: Files found .. 2
06-10 15:42:05.984 23600 23601 D dalvikvm: GC_CONCURRENT freed 401K, 7% free 9813K/10439K, paused 4ms+2ms
06-10 15:42:06.355 23600 23601 D dalvikvm: GC_CONCURRENT freed 458K, 7% free 9776K/10439K, paused 7ms+4ms
06-10 15:42:06.789 23600 23601 D dalvikvm: GC_CONCURRENT freed 384K, 7% free 9788K/10439K, paused 3ms+4ms
06-10 15:42:07.160 23600 23601 D dalvikvm: GC_CONCURRENT freed 459K, 7% free 9742K/10439K, paused 7ms+2ms
06-10 15:42:08.574 23600 23601 D dalvikvm: GC_CONCURRENT freed 466K, 8% free 9670K/10439K, paused 12ms+2ms
06-10 15:42:09.148   152   152 I ActivityManager: Process com.google.android.apps.docs (pid 23291) has died.
06-10 15:42:09.179 23600 23645 W ResponseProcessCookies: Cookie rejected: "BasicClientCookie[version=0,name=admobuu,domain=.wordpress.com,path=/,expiry=Thu Dec 31 19:00:00 EST 2037]". Illegal domain attribute "wordpress.com". Domain of origin: "techcrunch.com"
06-10 15:42:10.039 23600 23601 D dalvikvm: GC_CONCURRENT freed 407K, 8% free 9657K/10439K, paused 13ms+2ms
06-10 15:42:10.265 23600 23601 D dalvikvm: GC_CONCURRENT freed 481K, 8% free 9622K/10439K, paused 1ms+2ms
06-10 15:42:10.472 23600 23601 D dalvikvm: GC_CONCURRENT freed 421K, 8% free 9627K/10439K, paused 3ms+5ms
06-10 15:42:11.121 23600 23601 D dalvikvm: GC_CONCURRENT freed 300K, 7% free 9751K/10439K, paused 12ms+3ms
06-10 15:42:11.531 23600 23601 D dalvikvm: GC_CONCURRENT freed 425K, 7% free 9754K/10439K, paused 3ms+2ms
06-10 15:42:11.867 23600 23601 D dalvikvm: GC_CONCURRENT freed 438K, 7% free 9724K/10439K, paused 2ms+4ms
06-10 15:42:12.312 23600 23601 D dalvikvm: GC_CONCURRENT freed 385K, 7% free 9737K/10439K, paused 12ms+2ms
06-10 15:42:12.687 23600 23601 D dalvikvm: GC_CONCURRENT freed 425K, 7% free 9717K/10439K, paused 13ms+2ms
06-10 15:42:13.007 23600 23601 D dalvikvm: GC_CONCURRENT freed 386K, 7% free 9737K/10439K, paused 2ms+4ms
06-10 15:42:13.418 23600 23601 D dalvikvm: GC_CONCURRENT freed 409K, 7% free 9772K/10439K, paused 9ms+2ms
06-10 15:42:13.746 23600 23601 D dalvikvm: GC_CONCURRENT freed 473K, 8% free 9702K/10439K, paused 13ms+2ms
06-10 15:42:14.812 23600 23601 D dalvikvm: GC_CONCURRENT freed 465K, 8% free 9671K/10439K, paused 13ms+3ms
06-10 15:42:15.668 23600 23645 W ResponseProcessCookies: Cookie rejected: "BasicClientCookie[version=0,name=admobuu,domain=.wordpress.com,path=/,expiry=Thu Dec 31 19:00:00 EST 2037]". Illegal domain attribute "wordpress.com". Domain of origin: "venturebeat.com"
06-10 15:42:15.777 23600 23601 D dalvikvm: GC_CONCURRENT freed 402K, 7% free 9715K/10439K, paused 3ms+3ms
06-10 15:42:15.925 23600 23601 D dalvikvm: GC_CONCURRENT freed 586K, 9% free 9564K/10439K, paused 2ms+2ms
06-10 15:42:16.101 23600 23601 D dalvikvm: GC_CONCURRENT freed 419K, 9% free 9564K/10439K, paused 2ms+3ms
06-10 15:42:16.898 23600 23601 D dalvikvm: GC_CONCURRENT freed 266K, 8% free 9688K/10439K, paused 13ms+2ms
06-10 15:42:18.132 23600 23601 D dalvikvm: GC_CONCURRENT freed 371K, 7% free 9712K/10439K, paused 13ms+2ms
06-10 15:42:18.984 23600 23601 D dalvikvm: GC_CONCURRENT freed 443K, 8% free 9690K/10439K, paused 2ms+2ms
06-10 15:42:19.656 23600 23601 D dalvikvm: GC_CONCURRENT freed 395K, 8% free 9692K/10439K, paused 13ms+2ms
06-10 15:42:20.402 23600 23601 D dalvikvm: GC_CONCURRENT freed 394K, 8% free 9701K/10439K, paused 12ms+2ms
06-10 15:42:20.929 23600 23601 D dalvikvm: GC_CONCURRENT freed 423K, 8% free 9672K/10439K, paused 12ms+2ms
06-10 15:42:21.937 23600 23601 D dalvikvm: GC_CONCURRENT freed 336K, 7% free 9731K/10439K, paused 12ms+2ms
06-10 15:42:22.902 23600 23601 D dalvikvm: GC_CONCURRENT freed 535K, 9% free 9584K/10439K, paused 2ms+3ms
06-10 15:42:23.031 23202 23204 D dalvikvm: GC_CONCURRENT freed 691K, 7% free 11544K/12359K, paused 14ms+3ms
06-10 15:42:23.468 23600 23601 D dalvikvm: GC_CONCURRENT freed 310K, 7% free 9721K/10439K, paused 3ms+2ms
06-10 15:42:23.691 23600 23601 D dalvikvm: GC_CONCURRENT freed 466K, 8% free 9669K/10439K, paused 11ms+2ms
06-10 15:42:23.945 23600 23601 D dalvikvm: GC_CONCURRENT freed 418K, 8% free 9671K/10439K, paused 1ms+2ms
06-10 15:42:24.281 23600 23601 D dalvikvm: GC_CONCURRENT freed 380K, 8% free 9698K/10439K, paused 2ms+2ms
06-10 15:42:24.578 23600 23601 D dalvikvm: GC_CONCURRENT freed 497K, 8% free 9619K/10439K, paused 2ms+2ms
06-10 15:42:24.757 23600 23601 D dalvikvm: GC_CONCURRENT freed 467K, 9% free 9569K/10439K, paused 2ms+2ms
06-10 15:42:26.714 23600 23601 D dalvikvm: GC_CONCURRENT freed 428K, 8% free 9607K/10439K, paused 2ms+3ms
06-10 15:42:27.140 23600 23601 D dalvikvm: GC_CONCURRENT freed 466K, 8% free 9606K/10439K, paused 2ms+2ms
06-10 15:42:27.625 23600 23601 D dalvikvm: GC_CONCURRENT freed 436K, 9% free 9591K/10439K, paused 13ms+6ms
06-10 15:42:28.179 23600 23601 D dalvikvm: GC_CONCURRENT freed 267K, 7% free 9715K/10439K, paused 2ms+2ms
06-10 15:42:28.664 23600 23601 D dalvikvm: GC_CONCURRENT freed 431K, 7% free 9710K/10439K, paused 4ms+5ms
06-10 15:42:29.289 23600 23601 D dalvikvm: GC_CONCURRENT freed 359K, 7% free 9749K/10439K, paused 2ms+2ms
06-10 15:42:29.519 23600 23601 D dalvikvm: GC_CONCURRENT freed 470K, 8% free 9707K/10439K, paused 16ms+2ms
06-10 15:42:29.875 23600 23601 D dalvikvm: GC_CONCURRENT freed 378K, 7% free 9739K/10439K, paused 7ms+3ms
06-10 15:42:30.105 23600 23601 D dalvikvm: GC_CONCURRENT freed 485K, 8% free 9684K/10439K, paused 7ms+2ms
06-10 15:42:31.066 23600 23601 D dalvikvm: GC_CONCURRENT freed 363K, 7% free 9750K/10439K, paused 13ms+2ms
06-10 15:42:31.191 23600 23601 D dalvikvm: GC_CONCURRENT freed 591K, 9% free 9572K/10439K, paused 2ms+2ms
06-10 15:42:31.523 23600 23601 D dalvikvm: GC_CONCURRENT freed 291K, 8% free 9686K/10439K, paused 1ms+3ms
06-10 15:42:32.195 23600 23601 D dalvikvm: GC_CONCURRENT freed 359K, 7% free 9728K/10439K, paused 13ms+2ms
06-10 15:42:32.464 23600 23601 D dalvikvm: GC_CONCURRENT freed 416K, 7% free 9756K/10439K, paused 4ms+7ms
06-10 15:42:32.675 23600 23601 D dalvikvm: GC_CONCURRENT freed 440K, 7% free 9733K/10439K, paused 3ms+5ms
06-10 15:42:33.004 23600 23601 D dalvikvm: GC_CONCURRENT freed 368K, 7% free 9766K/10439K, paused 2ms+2ms
06-10 15:42:33.328 23600 23601 D dalvikvm: GC_CONCURRENT freed 480K, 8% free 9708K/10439K, paused 2ms+2ms
06-10 15:42:33.675 23600 23601 D dalvikvm: GC_CONCURRENT freed 431K, 7% free 9714K/10439K, paused 3ms+5ms
06-10 15:42:34.070   152   154 D dalvikvm: GC_CONCURRENT freed 2008K, 23% free 17803K/22919K, paused 3ms+7ms
06-10 15:42:34.113 23600 23601 D dalvikvm: GC_CONCURRENT freed 411K, 7% free 9710K/10439K, paused 2ms+2ms
06-10 15:42:34.843 23600 23601 D dalvikvm: GC_CONCURRENT freed 377K, 7% free 9750K/10439K, paused 13ms+2ms
06-10 15:42:36.000 23600 23601 D dalvikvm: GC_CONCURRENT freed 371K, 7% free 9769K/10439K, paused 14ms+2ms
06-10 15:42:36.832 23600 23601 D dalvikvm: GC_CONCURRENT freed 362K, 6% free 9827K/10439K, paused 14ms+3ms
06-10 15:42:38.257 23600 23601 D dalvikvm: GC_CONCURRENT freed 439K, 7% free 9811K/10439K, paused 13ms+2ms
06-10 15:42:38.898 23600 23601 D dalvikvm: GC_CONCURRENT freed 422K, 7% free 9808K/10439K, paused 13ms+2ms
06-10 15:42:39.550 23600 23601 D dalvikvm: GC_CONCURRENT freed 462K, 7% free 9758K/10439K, paused 2ms+3ms
06-10 15:42:40.226 23600 23601 D dalvikvm: GC_CONCURRENT freed 358K, 7% free 9787K/10439K, paused 1ms+3ms
06-10 15:42:41.406 23600 23601 D dalvikvm: GC_CONCURRENT freed 405K, 7% free 9791K/10439K, paused 1ms+3ms
06-10 15:42:42.070 23600 23601 D dalvikvm: GC_CONCURRENT freed 446K, 7% free 9764K/10439K, paused 7ms+2ms
06-10 15:42:42.140 23600 23604 I dalvikvm: Jit: resizing JitTable from 4096 to 8192
06-10 15:42:42.222 23600 23601 D dalvikvm: GC_CONCURRENT freed 533K, 8% free 9634K/10439K, paused 2ms+2ms
06-10 15:42:42.484 23600 23601 D dalvikvm: GC_CONCURRENT freed 402K, 8% free 9638K/10439K, paused 2ms+2ms
06-10 15:42:42.707 23600 23601 D dalvikvm: GC_CONCURRENT freed 415K, 8% free 9635K/10439K, paused 2ms+2ms
06-10 15:42:44.894 23600 23601 D dalvikvm: GC_CONCURRENT freed 467K, 9% free 9596K/10439K, paused 2ms+2ms
06-10 15:42:45.336 23600 23601 D dalvikvm: GC_CONCURRENT freed 466K, 9% free 9572K/10439K, paused 2ms+2ms
06-10 15:42:45.742 22620 22623 D dalvikvm: GC_CONCURRENT freed 501K, 14% free 10368K/11975K, paused 2ms+4ms
06-10 15:42:45.804 20838 20841 D dalvikvm: GC_CONCURRENT freed 706K, 8% free 10228K/11015K, paused 1ms+2ms
06-10 15:42:46.964 23600 23601 D dalvikvm: GC_CONCURRENT freed 413K, 9% free 9599K/10439K, paused 2ms+3ms
06-10 15:42:47.097 23600 23601 D dalvikvm: GC_CONCURRENT freed 475K, 9% free 9564K/10439K, paused 1ms+2ms
06-10 15:42:47.234 23600 23601 D dalvikvm: GC_CONCURRENT freed 429K, 9% free 9574K/10439K, paused 1ms+2ms
06-10 15:42:47.765 23600 23601 D dalvikvm: GC_CONCURRENT freed 391K, 8% free 9632K/10439K, paused 2ms+3ms
06-10 15:42:48.171 23600 23601 D dalvikvm: GC_CONCURRENT freed 454K, 8% free 9628K/10439K, paused 4ms+2ms
06-10 15:42:48.433 23600 23601 D dalvikvm: GC_CONCURRENT freed 448K, 8% free 9606K/10439K, paused 2ms+2ms
06-10 15:42:48.734 23600 23601 D dalvikvm: GC_CONCURRENT freed 469K, 8% free 9606K/10439K, paused 1ms+3ms
06-10 15:42:49.105 23600 23601 D dalvikvm: GC_CONCURRENT freed 431K, 9% free 9559K/10439K, paused 1ms+2ms
06-10 15:42:49.269 23600 23601 D dalvikvm: GC_CONCURRENT freed 411K, 9% free 9588K/10439K, paused 2ms+2ms
06-10 15:42:49.406 23600 23601 D dalvikvm: GC_CONCURRENT freed 455K, 9% free 9560K/10439K, paused 2ms+2ms
06-10 15:42:49.941 23600 23601 D dalvikvm: GC_CONCURRENT freed 405K, 8% free 9613K/10439K, paused 2ms+2ms
06-10 15:42:50.461 23600 23601 D dalvikvm: GC_CONCURRENT freed 296K, 7% free 9751K/10439K, paused 7ms+2ms
06-10 15:42:50.726 23600 23601 D dalvikvm: GC_CONCURRENT freed 449K, 8% free 9697K/10439K, paused 7ms+2ms
06-10 15:42:51.406 23600 23601 D dalvikvm: GC_CONCURRENT freed 342K, 7% free 9789K/10439K, paused 12ms+3ms
06-10 15:42:51.550 23600 23601 D dalvikvm: GC_CONCURRENT freed 510K, 8% free 9707K/10439K, paused 2ms+5ms
06-10 15:42:51.961 23600 23601 D dalvikvm: GC_CONCURRENT freed 363K, 7% free 9768K/10439K, paused 7ms+2ms
06-10 15:42:52.097 23600 23601 D dalvikvm: GC_CONCURRENT freed 522K, 8% free 9653K/10439K, paused 2ms+2ms
06-10 15:42:53.066 23600 23601 D dalvikvm: GC_CONCURRENT freed 347K, 7% free 9726K/10439K, paused 2ms+2ms
06-10 15:42:53.187 23600 23601 D dalvikvm: GC_CONCURRENT freed 549K, 9% free 9578K/10439K, paused 1ms+2ms
06-10 15:42:53.535 23600 23601 D dalvikvm: GC_CONCURRENT freed 312K, 8% free 9691K/10439K, paused 2ms+3ms
06-10 15:42:54.015 23600 23601 D dalvikvm: GC_CONCURRENT freed 384K, 7% free 9723K/10439K, paused 1ms+3ms
06-10 15:42:54.277 23600 23601 D dalvikvm: GC_CONCURRENT freed 423K, 7% free 9723K/10439K, paused 6ms+2ms
06-10 15:42:54.597 23600 23601 D dalvikvm: GC_CONCURRENT freed 399K, 7% free 9789K/10439K, paused 7ms+2ms
06-10 15:42:54.793 23600 23601 D dalvikvm: GC_CONCURRENT freed 479K, 7% free 9753K/10439K, paused 3ms+7ms
06-10 15:42:55.222 23600 23601 D dalvikvm: GC_CONCURRENT freed 451K, 7% free 9762K/10439K, paused 7ms+2ms
06-10 15:42:55.402 23600 23601 D dalvikvm: GC_CONCURRENT freed 501K, 8% free 9680K/10439K, paused 3ms+4ms
06-10 15:42:56.023 23600 23601 D dalvikvm: GC_CONCURRENT freed 376K, 7% free 9745K/10439K, paused 22ms+3ms
06-10 15:42:56.453 23600 23601 D dalvikvm: GC_CONCURRENT freed 378K, 7% free 9766K/10439K, paused 13ms+2ms
06-10 15:42:56.937 23600 23601 D dalvikvm: GC_CONCURRENT freed 353K, 6% free 9825K/10439K, paused 14ms+2ms
06-10 15:42:57.367 23600 23601 D dalvikvm: GC_CONCURRENT freed 448K, 7% free 9809K/10439K, paused 4ms+2ms
06-10 15:42:57.703 23600 23601 D dalvikvm: GC_CONCURRENT freed 400K, 6% free 9814K/10439K, paused 2ms+3ms
06-10 15:42:58.015 23600 23601 D dalvikvm: GC_CONCURRENT freed 448K, 7% free 9784K/10439K, paused 1ms+2ms
06-10 15:42:58.484 23600 23601 D dalvikvm: GC_CONCURRENT freed 439K, 7% free 9788K/10439K, paused 7ms+3ms
06-10 15:42:58.843 23600 23601 D dalvikvm: GC_CONCURRENT freed 419K, 6% free 9816K/10439K, paused 2ms+2ms
06-10 15:42:59.285 23600 23601 D dalvikvm: GC_CONCURRENT freed 405K, 7% free 9795K/10439K, paused 2ms+2ms
06-10 15:42:59.410 23600 23601 D dalvikvm: GC_CONCURRENT freed 555K, 8% free 9676K/10439K, paused 2ms+2ms
06-10 15:42:59.636 23600 23601 D dalvikvm: GC_CONCURRENT freed 462K, 8% free 9638K/10439K, paused 1ms+3ms
06-10 15:42:59.875 23600 23601 D dalvikvm: GC_CONCURRENT freed 418K, 8% free 9639K/10439K, paused 1ms+2ms
06-10 15:43:02.269 23600 23601 D dalvikvm: GC_CONCURRENT freed 507K, 9% free 9590K/10439K, paused 7ms+2ms
06-10 15:43:02.406 23600 23601 D dalvikvm: GC_CONCURRENT freed 468K, 9% free 9564K/10439K, paused 1ms+2ms
06-10 15:43:02.855 23600 23601 D dalvikvm: GC_CONCURRENT freed 417K, 9% free 9586K/10439K, paused 2ms+3ms
06-10 15:43:03.652 23600 23601 D dalvikvm: GC_CONCURRENT freed 411K, 9% free 9600K/10439K, paused 2ms+2ms
06-10 15:43:03.921 23600 23601 D dalvikvm: GC_CONCURRENT freed 441K, 9% free 9579K/10439K, paused 2ms+3ms
06-10 15:43:04.289 23600 23601 D dalvikvm: GC_CONCURRENT freed 286K, 8% free 9689K/10439K, paused 1ms+4ms
06-10 15:43:04.519 23600 23601 D dalvikvm: GC_CONCURRENT freed 495K, 9% free 9591K/10439K, paused 2ms+2ms
06-10 15:43:05.781 23600 23601 D dalvikvm: GC_CONCURRENT freed 442K, 9% free 9597K/10439K, paused 1ms+2ms
06-10 15:43:07.250 23600 23601 D dalvikvm: GC_CONCURRENT freed 298K, 8% free 9695K/10439K, paused 7ms+2ms
06-10 15:43:07.863   152   152 I ActivityManager: Process com.whatsapp (pid 20596) has died.
06-10 15:43:07.863   152   152 W ActivityManager: Scheduling restart of crashed service com.whatsapp/.messaging.MessageService in 5000ms
06-10 15:43:08.136 23600 23601 D dalvikvm: GC_CONCURRENT freed 401K, 8% free 9692K/10439K, paused 4ms+5ms
06-10 15:43:08.500 23600 23601 D dalvikvm: GC_CONCURRENT freed 490K, 8% free 9637K/10439K, paused 2ms+3ms
06-10 15:43:08.644 23600 23601 D dalvikvm: GC_CONCURRENT freed 499K, 9% free 9567K/10439K, paused 2ms+2ms
06-10 15:43:09.687 23600 23601 D dalvikvm: GC_CONCURRENT freed 216K, 7% free 9788K/10439K, paused 25ms+2ms
06-10 15:43:10.105 23600 23601 D dalvikvm: GC_CONCURRENT freed 507K, 8% free 9687K/10439K, paused 13ms+4ms
06-10 15:43:10.886 23600 23601 D dalvikvm: GC_CONCURRENT freed 320K, 7% free 9774K/10439K, paused 13ms+3ms
06-10 15:43:12.086 23600 23601 D dalvikvm: GC_CONCURRENT freed 451K, 7% free 9722K/10439K, paused 13ms+2ms
06-10 15:43:12.855 23600 23601 D dalvikvm: GC_CONCURRENT freed 375K, 7% free 9756K/10439K, paused 13ms+3ms
06-10 15:43:12.875   152   169 I ActivityManager: Start proc com.whatsapp for service com.whatsapp/.messaging.MessageService: pid=24503 uid=10070 gids={1015, 3003}
06-10 15:43:12.882 24503 24503 I dalvikvm: Turning on JNI app bug workarounds for target SDK version 7...
06-10 15:43:13.199 24503 24506 D dalvikvm: GC_CONCURRENT freed 179K, 3% free 9357K/9607K, paused 13ms+4ms
06-10 15:43:13.507 23600 23601 D dalvikvm: GC_CONCURRENT freed 424K, 7% free 9721K/10439K, paused 2ms+9ms
06-10 15:43:13.648 24503 24506 D dalvikvm: GC_CONCURRENT freed 293K, 4% free 9609K/9991K, paused 2ms+3ms
06-10 15:43:13.773 24503 24503 I SqliteDatabaseCpp: sqlite returned: error code = 1, msg = duplicate column name: photo_ts, db=/data/data/com.whatsapp/databases/msgstore.db
06-10 15:43:13.773 24503 24503 I SqliteDatabaseCpp: sqlite returned: error code = 1, msg = duplicate column name: thumb_ts, db=/data/data/com.whatsapp/databases/msgstore.db
06-10 15:43:13.773 24503 24503 I SqliteDatabaseCpp: sqlite returned: error code = 1, msg = duplicate column name: photo_id_timestamp, db=/data/data/com.whatsapp/databases/msgstore.db
06-10 15:43:13.902 24503 24503 I dalvikvm: Could not find method android.media.MediaMetadataRetriever.captureFrame, referenced from method com.whatsapp.d3.a
06-10 15:43:13.902 24503 24503 W dalvikvm: VFY: unable to resolve virtual method 496: Landroid/media/MediaMetadataRetriever;.captureFrame ()Landroid/graphics/Bitmap;
06-10 15:43:13.902 24503 24503 D dalvikvm: VFY: replacing opcode 0x6e at 0x0134
06-10 15:43:14.074 24503 24506 D dalvikvm: GC_CONCURRENT freed 429K, 5% free 9744K/10247K, paused 6ms+3ms
06-10 15:43:14.277 23600 23601 D dalvikvm: GC_CONCURRENT freed 368K, 7% free 9755K/10439K, paused 8ms+2ms
06-10 15:43:14.367 24503 24506 D dalvikvm: GC_CONCURRENT freed 217K, 4% free 9979K/10311K, paused 2ms+5ms
06-10 15:43:16.289 23600 23601 D dalvikvm: GC_CONCURRENT freed 468K, 7% free 9761K/10439K, paused 1ms+452ms
06-10 15:43:17.171 23600 23601 D dalvikvm: GC_CONCURRENT freed 423K, 7% free 9771K/10439K, paused 13ms+2ms
06-10 15:43:17.734 23600 23601 D dalvikvm: GC_CONCURRENT freed 422K, 7% free 9749K/10439K, paused 13ms+2ms
06-10 15:43:18.476 23600 23601 D dalvikvm: GC_CONCURRENT freed 390K, 7% free 9746K/10439K, paused 13ms+2ms
06-10 15:43:19.058 23600 23601 D dalvikvm: GC_CONCURRENT freed 421K, 7% free 9731K/10439K, paused 13ms+2ms
06-10 15:43:19.980 23600 23601 D dalvikvm: GC_CONCURRENT freed 370K, 7% free 9756K/10439K, paused 12ms+2ms
06-10 15:43:21.289 23600 23645 W ResponseProcessCookies: Cookie rejected: "BasicClientCookie[version=0,name=admobuu,domain=.wordpress.com,path=/,expiry=Thu Dec 31 19:00:00 EST 2037]". Illegal domain attribute "wordpress.com". Domain of origin: "myfox8.com"
06-10 15:43:21.371 23600 23601 D dalvikvm: GC_CONCURRENT freed 606K, 9% free 9586K/10439K, paused 2ms+2ms
06-10 15:43:21.523 23600 23601 D dalvikvm: GC_CONCURRENT freed 449K, 9% free 9575K/10439K, paused 2ms+2ms
06-10 15:43:22.339 23600 23601 D dalvikvm: GC_CONCURRENT freed 406K, 8% free 9624K/10439K, paused 13ms+3ms
06-10 15:43:23.054 23600 23601 D dalvikvm: GC_CONCURRENT freed 312K, 7% free 9745K/10439K, paused 2ms+2ms
06-10 15:43:23.195 23600 23601 D dalvikvm: GC_CONCURRENT freed 566K, 8% free 9612K/10439K, paused 2ms+2ms
06-10 15:43:23.734 23600 23601 D dalvikvm: GC_CONCURRENT freed 427K, 8% free 9627K/10439K, paused 2ms+3ms
06-10 15:43:24.566 23600 23601 D dalvikvm: GC_CONCURRENT freed 354K, 8% free 9696K/10439K, paused 13ms+3ms
06-10 15:43:24.703 23600 23601 D dalvikvm: GC_CONCURRENT freed 497K, 9% free 9592K/10439K, paused 2ms+2ms
06-10 15:43:26.109 23600 23601 D dalvikvm: GC_CONCURRENT freed 441K, 8% free 9612K/10439K, paused 13ms+3ms
06-10 15:44:45.910 22620 22623 D dalvikvm: GC_CONCURRENT freed 503K, 14% free 10368K/11975K, paused 2ms+3ms
06-10 15:44:45.925 20838 20841 D dalvikvm: GC_CONCURRENT freed 501K, 8% free 10238K/11015K, paused 2ms+8ms
06-10 15:45:45.968 20838 20841 D dalvikvm: GC_CONCURRENT freed 489K, 8% free 10244K/11015K, paused 2ms+2ms
06-10 15:46:44.171   152   154 D dalvikvm: GC_CONCURRENT freed 1931K, 23% free 17838K/22919K, paused 9ms+7ms
06-10 15:46:45.988 22620 22623 D dalvikvm: GC_CONCURRENT freed 501K, 14% free 10366K/11975K, paused 1ms+4ms
06-10 15:47:23.894 22698 22699 D dalvikvm: GC_CONCURRENT freed 345K, 5% free 10090K/10567K, paused 5ms+7ms
06-10 15:47:25.090 23202 23204 D dalvikvm: GC_CONCURRENT freed 722K, 7% free 11574K/12423K, paused 2ms+3ms
06-10 15:47:46.054  7488  7492 D dalvikvm: GC_CONCURRENT freed 427K, 6% free 10614K/11271K, paused 2ms+3ms
06-10 15:47:46.105 20838 20841 D dalvikvm: GC_CONCURRENT freed 517K, 8% free 10238K/11015K, paused 2ms+2ms
06-10 15:48:44.379 22620 22623 D dalvikvm: GC_CONCURRENT freed 420K, 14% free 10388K/11975K, paused 6ms+2ms
06-10 15:48:44.773   152   552 D dalvikvm: GC_EXPLICIT freed 427K, 23% free 17823K/22919K, paused 20ms+7ms
06-10 15:48:46.195 20838 20841 D dalvikvm: GC_CONCURRENT freed 497K, 8% free 10243K/11015K, paused 1ms+2ms
06-10 15:49:32.351 22769 22783 I PhoneLab-: Service Running
06-10 15:49:32.433 22769 22783 I PhoneLab-LoggerService: app_38    1290  1     1788   1344  c00f181c 400107b4 S logcat
06-10 15:49:32.433 22769 22783 I PhoneLab-LoggerService: Logcat pid from database 1290
06-10 15:49:32.433 22769 22783 I PhoneLab-LoggerService: Logcat process found 1290
06-10 15:49:32.433 22769 22783 I PhoneLab-LoggerService: Checking Threshold
06-10 15:49:32.437 22769 22783 I PhoneLab-LoggerService: Starting to rename files
06-10 15:49:32.437 22769 22783 I PhoneLab-LoggerService: Files found .. 2
06-10 15:49:32.437 22769 22783 I PhoneLab-: Service Running
06-10 15:49:32.468 22769 22783 I PhoneLab-LoggerService: app_38    1290  1     1788   1344  c00f181c 400107b4 S logcat
06-10 15:49:32.472 22769 22783 I PhoneLab-LoggerService: Logcat pid from database 1290
06-10 15:49:32.472 22769 22783 I PhoneLab-LoggerService: Logcat process found 1290
06-10 15:49:32.472 22769 22783 I PhoneLab-LoggerService: Checking Threshold
06-10 15:49:32.472 22769 22783 I PhoneLab-LoggerService: Starting to rename files
06-10 15:49:32.472 22769 22783 I PhoneLab-LoggerService: Files found .. 2
06-10 15:49:32.472 22769 22783 I PhoneLab-: Service Running
06-10 15:49:32.504 22769 22783 I PhoneLab-LoggerService: app_38    1290  1     1788   1344  c00f181c 400107b4 S logcat
06-10 15:49:32.504 22769 22783 I PhoneLab-LoggerService: Logcat pid from database 1290
06-10 15:49:32.504 22769 22783 I PhoneLab-LoggerService: Logcat process found 1290
06-10 15:49:32.504 22769 22783 I PhoneLab-LoggerService: Checking Threshold
06-10 15:49:32.504 22769 22783 I PhoneLab-LoggerService: Starting to rename files
06-10 15:49:32.504 22769 22783 I PhoneLab-LoggerService: Files found .. 2
06-10 15:49:46.191 22620 22623 D dalvikvm: GC_CONCURRENT freed 512K, 14% free 10387K/11975K, paused 2ms+11ms
06-10 15:50:46.265 20838 20841 D dalvikvm: GC_CONCURRENT freed 513K, 8% free 10241K/11015K, paused 2ms+3ms
06-10 15:51:46.277 22620 22623 D dalvikvm: GC_CONCURRENT freed 511K, 14% free 10383K/11975K, paused 2ms+6ms
06-10 15:51:46.328 20838 20841 D dalvikvm: GC_CONCURRENT freed 498K, 8% free 10242K/11015K, paused 2ms+2ms
06-10 15:52:26.793 23202 23204 D dalvikvm: GC_CONCURRENT freed 727K, 7% free 11628K/12487K, paused 7ms+3ms
06-10 15:52:46.515 22620 22623 D dalvikvm: GC_CONCURRENT freed 434K, 14% free 10393K/11975K, paused 2ms+4ms
06-10 15:53:46.000 22769 22783 I PhoneLab-: Service Running
06-10 15:53:46.082 22769 22783 I PhoneLab-LoggerService: app_38    1290  1     1788   1344  c00f181c 400107b4 S logcat
06-10 15:53:46.082 22769 22783 I PhoneLab-LoggerService: Logcat pid from database 1290
06-10 15:53:46.082 22769 22783 I PhoneLab-LoggerService: Logcat process found 1290
06-10 15:53:46.082 22769 22783 I PhoneLab-LoggerService: Checking Threshold
06-10 15:53:46.082 22769 22783 I PhoneLab-LoggerService: Starting to rename files
06-10 15:53:46.082 22769 22783 I PhoneLab-LoggerService: Files found .. 2
06-10 15:53:46.086 22769 22783 I PhoneLab-: Service Running
06-10 15:53:46.132 22769 22783 I PhoneLab-LoggerService: app_38    1290  1     1788   1344  c00f181c 400107b4 S logcat
06-10 15:53:46.132 22769 22783 I PhoneLab-LoggerService: Logcat pid from database 1290
06-10 15:53:46.132 22769 22783 I PhoneLab-LoggerService: Logcat process found 1290
06-10 15:53:46.132 22769 22783 I PhoneLab-LoggerService: Checking Threshold
06-10 15:53:46.132 22769 22783 I PhoneLab-LoggerService: Starting to rename files
06-10 15:53:46.132 22769 22783 I PhoneLab-LoggerService: Files found .. 2
06-10 15:53:46.144 22769 22770 D dalvikvm: GC_CONCURRENT freed 436K, 6% free 9118K/9671K, paused 1ms+1ms
06-10 15:53:46.441 20838 20841 D dalvikvm: GC_CONCURRENT freed 497K, 7% free 10255K/11015K, paused 1ms+2ms
06-10 15:54:46.605 22620 22623 D dalvikvm: GC_CONCURRENT freed 511K, 14% free 10393K/11975K, paused 2ms+2ms
06-10 15:54:46.726 20838 20841 D dalvikvm: GC_CONCURRENT freed 508K, 7% free 10254K/11015K, paused 2ms+3ms
06-10 15:55:03.105 24503 24506 D dalvikvm: GC_CONCURRENT freed 509K, 7% free 9860K/10503K, paused 8ms+2ms
06-10 15:56:46.691 22620 22623 D dalvikvm: GC_CONCURRENT freed 510K, 14% free 10394K/11975K, paused 2ms+2ms
06-10 15:56:46.800 20838 20841 D dalvikvm: GC_CONCURRENT freed 516K, 7% free 10248K/11015K, paused 2ms+2ms
06-10 15:57:26.535 23098 23101 D dalvikvm: GC_CONCURRENT freed 317K, 5% free 9152K/9543K, paused 15ms+2ms
06-10 15:57:29.195 22769 22783 I PhoneLab-: Service Running
06-10 15:57:29.304 22769 22783 I PhoneLab-LoggerService: app_38    1290  1     1788   1344  c00f181c 400107b4 S logcat
06-10 15:57:29.304 22769 22783 I PhoneLab-LoggerService: Logcat pid from database 1290
06-10 15:57:29.304 22769 22783 I PhoneLab-LoggerService: Logcat process found 1290
06-10 15:57:29.304 22769 22783 I PhoneLab-LoggerService: Checking Threshold
06-10 15:57:29.304 22769 22783 I PhoneLab-LoggerService: Starting to rename files
06-10 15:57:29.304 22769 22783 I PhoneLab-LoggerService: Files found .. 2
06-10 15:57:29.304 22769 22783 I PhoneLab-: Service Running
06-10 15:57:29.332 22769 22783 I PhoneLab-LoggerService: app_38    1290  1     1788   1344  c00f181c 400107b4 S logcat
06-10 15:57:29.332 22769 22783 I PhoneLab-LoggerService: Logcat pid from database 1290
06-10 15:57:29.332 22769 22783 I PhoneLab-LoggerService: Logcat process found 1290
06-10 15:57:29.332 22769 22783 I PhoneLab-LoggerService: Checking Threshold
06-10 15:57:29.332 22769 22783 I PhoneLab-LoggerService: Starting to rename files
06-10 15:57:29.336 22769 22783 I PhoneLab-LoggerService: Files found .. 2
06-10 15:57:46.793 20838 20841 D dalvikvm: GC_CONCURRENT freed 480K, 7% free 10279K/11015K, paused 1ms+3ms
06-10 15:58:40.343 23613 23615 D dalvikvm: GC_CONCURRENT freed 271K, 4% free 9200K/9543K, paused 3ms+4ms
06-10 15:58:40.777 23613 24665 I Gmail   : calculateUnknownSyncRationalesAndPurgeInBackground: queueing
06-10 15:58:40.828 23613 24665 I Gmail   : calculateUnknownSyncRationalesAndPurgeInBackground: queueing
06-10 15:58:40.847 23613 24664 I Gmail   : MainSyncRequestProto: lowestBkwdConvoId: 0, highestHandledServerOp: 3230486, normalSync: true
06-10 15:58:40.886 23613 23615 D dalvikvm: GC_CONCURRENT freed 218K, 4% free 9387K/9735K, paused 2ms+2ms
06-10 15:58:40.929 23613 24665 I Gmail   : calculateUnknownSyncRationalesAndPurgeInBackground: running
06-10 15:58:40.937 23613 24665 I Gmail   : calculateUnknownSyncRationalesAndPurgeInBackground: running
06-10 15:58:41.570 23613 23615 D dalvikvm: GC_CONCURRENT freed 317K, 5% free 9480K/9927K, paused 2ms+6ms
06-10 15:58:42.418 23613 23615 D dalvikvm: GC_CONCURRENT freed 412K, 6% free 9519K/10055K, paused 2ms+3ms
06-10 15:58:42.550 23613 23615 D dalvikvm: GC_CONCURRENT freed 439K, 6% free 9509K/10055K, paused 3ms+3ms
06-10 15:58:42.683 23613 23615 D dalvikvm: GC_CONCURRENT freed 447K, 6% free 9501K/10055K, paused 2ms+3ms
06-10 15:58:42.816 23613 23615 D dalvikvm: GC_CONCURRENT freed 447K, 6% free 9501K/10055K, paused 2ms+2ms
06-10 15:58:42.949 23613 23615 D dalvikvm: GC_CONCURRENT freed 448K, 6% free 9501K/10055K, paused 2ms+2ms
06-10 15:58:43.086 23613 23615 D dalvikvm: GC_CONCURRENT freed 447K, 6% free 9500K/10055K, paused 2ms+2ms
06-10 15:58:43.218 23613 23615 D dalvikvm: GC_CONCURRENT freed 448K, 6% free 9500K/10055K, paused 1ms+2ms
06-10 15:58:43.351 23613 23615 D dalvikvm: GC_CONCURRENT freed 448K, 6% free 9500K/10055K, paused 2ms+2ms
06-10 15:58:43.488 23613 23615 D dalvikvm: GC_CONCURRENT freed 448K, 6% free 9500K/10055K, paused 1ms+2ms
06-10 15:58:43.621 23613 23615 D dalvikvm: GC_CONCURRENT freed 448K, 6% free 9500K/10055K, paused 2ms+3ms
06-10 15:58:43.750 23613 23615 D dalvikvm: GC_CONCURRENT freed 447K, 6% free 9489K/10055K, paused 2ms+2ms
06-10 15:58:43.886 23613 23615 D dalvikvm: GC_CONCURRENT freed 448K, 6% free 9500K/10055K, paused 2ms+3ms
06-10 15:58:44.121   152   154 D dalvikvm: GC_CONCURRENT freed 1808K, 22% free 17940K/22919K, paused 3ms+8ms
06-10 15:58:44.234 23613 24664 D dalvikvm: GC_EXPLICIT freed 339K, 6% free 9489K/10055K, paused 1ms+2ms
06-10 15:58:44.242 23613 24664 I Gmail   : MainSyncRequestProto: lowestBkwdConvoId: 0, highestHandledServerOp: 3230621, normalSync: true
06-10 15:58:45.215 23613 24664 D dalvikvm: GC_EXPLICIT freed 242K, 6% free 9542K/10055K, paused 10ms+3ms
06-10 15:58:45.218 23613 24664 I Gmail   : MainSyncRequestProto: lowestBkwdConvoId: 0, highestHandledServerOp: 3230622, normalSync: true
06-10 15:58:45.246 23613 24664 W Gmail   : Scheduling index for 300000 ms from now
06-10 15:58:45.293 23613 24664 I Gmail   : Sending notification intent: Intent { act=android.intent.action.PROVIDER_CHANGED dat=content://gmail-ls/unread/^i (has extras) }
06-10 15:58:45.394  7488 19072 D dalvikvm: GC_EXPLICIT freed 207K, 6% free 10644K/11271K, paused 2ms+5ms
06-10 15:58:45.457 23613 24671 W Gmail   : Showing notification with unreadCount of 1 and unseenCount of 1
06-10 15:58:45.550   152   491 D dalvikvm: GC_EXPLICIT freed 274K, 23% free 17779K/22919K, paused 3ms+6ms
06-10 15:58:45.906   390   392 D dalvikvm: GC_CONCURRENT freed 454K, 41% free 9989K/16903K, paused 9ms+2ms
06-10 15:58:46.007   390   390 D dalvikvm: GC_FOR_ALLOC freed 397K, 41% free 9975K/16903K, paused 15ms
06-10 15:58:46.078   390   392 D dalvikvm: GC_CONCURRENT freed 322K, 41% free 10100K/16903K, paused 1ms+2ms
06-10 15:58:46.261   390   392 D dalvikvm: GC_CONCURRENT freed 453K, 40% free 10145K/16903K, paused 3ms+6ms
06-10 15:58:46.777 22620 22623 D dalvikvm: GC_CONCURRENT freed 510K, 14% free 10390K/11975K, paused 2ms+7ms
06-10 15:58:50.328 22769 22783 I PhoneLab-: Service Running
06-10 15:58:50.402 22769 22783 I PhoneLab-LoggerService: app_38    1290  1     1788   1344  c00f181c 400107b4 S logcat
06-10 15:58:50.402 22769 22783 I PhoneLab-LoggerService: Logcat pid from database 1290
06-10 15:58:50.402 22769 22783 I PhoneLab-LoggerService: Logcat process found 1290
06-10 15:58:50.402 22769 22783 I PhoneLab-LoggerService: Checking Threshold
06-10 15:58:50.402 22769 22783 I PhoneLab-LoggerService: Starting to rename files
06-10 15:58:50.402 22769 22783 I PhoneLab-LoggerService: Files found .. 2
06-10 15:59:46.824 20838 20841 D dalvikvm: GC_CONCURRENT freed 580K, 8% free 10228K/11015K, paused 1ms+2ms
06-10 16:00:46.851 20838 24640 D dalvikvm: GC_EXPLICIT freed 239K, 8% free 10170K/11015K, paused 2ms+2ms
06-10 16:00:46.910 22620 22623 D dalvikvm: GC_CONCURRENT freed 506K, 14% free 10387K/11975K, paused 2ms+5ms
06-10 16:01:46.886 20838 20841 D dalvikvm: GC_CONCURRENT freed 428K, 7% free 10251K/11015K, paused 1ms+2ms
06-10 16:02:08.097   152   314 D ConnectivityService: ConnectivityChange for WIMAX: DISCONNECTED/SCANNING
06-10 16:02:08.105   152   314 D ConnectivityService: Attempting to switch to mobile
06-10 16:02:08.105   152   314 D ConnectivityService: Attempting to switch to WIFI
06-10 16:02:08.105   152   314 D ConnectivityService: Attempting to switch to BLUETOOTH_TETHER
06-10 16:02:11.140   152   317 D Tethering: MasterInitialState.processMessage what=3
06-10 16:02:11.203   152   169 I ActivityManager: Start proc android.process.media for broadcast com.android.providers.downloads/.DownloadReceiver: pid=24703 uid=10012 gids={1015, 1023, 1024, 2001, 3003, 3007}
06-10 16:02:11.257   152   317 D Tethering: MasterInitialState.processMessage what=3
06-10 16:02:11.285 24703 24703 I ActivityThread: Pub downloads: com.android.providers.downloads.DownloadProvider
06-10 16:02:11.308 24703 24703 I ActivityThread: Pub drm: com.android.providers.drm.DrmProvider
06-10 16:02:11.308 24703 24716 I DownloadManager: in removeSpuriousFiles
06-10 16:02:11.316 24703 24703 I ActivityThread: Pub media: com.android.providers.media.MediaProvider
06-10 16:02:11.402 24703 24716 I DownloadManager: in removeSpuriousFiles, preserving file /data/data/com.android.providers.downloads/cache/downloadfile-1.apk
06-10 16:02:11.406 24703 24716 I DownloadManager: deleting spurious file /cache/backup
06-10 16:02:45.007   152   314 D ConnectivityService: handleInetConditionHoldEnd: net=1, condition=100, published condition=100
06-10 16:02:45.058 24703 24706 D dalvikvm: GC_CONCURRENT freed 360K, 5% free 9175K/9607K, paused 8ms+3ms
06-10 16:02:45.168   152   858 I WindowManager: WIN DEATH: Window{41a1b860 com.google.android.talk/com.google.android.talk.SigningInActivity paused=false}
06-10 16:02:45.168   152  4554 I ActivityManager: Process com.google.android.talk (pid 22698) has died.
06-10 16:02:45.175 23273 23273 I MediaUploader: No need to wake up
06-10 16:02:45.281 21222 21339 D PicasaSyncManager: active network: NetworkInfo: type: WIFI[], state: CONNECTED/CONNECTED, reason: (unspecified), extra: (none), roaming: false, failover: false, isAvailable: true
06-10 16:02:45.281 21222 21339 D PicasaSyncManager: background data: true
06-10 16:02:45.304   152  5617 I ActivityManager: Start proc com.google.android.apps.docs for broadcast com.google.android.apps.docs/.receivers.NetworkChangeReceiver: pid=24722 uid=10069 gids={3003, 1015, 1006}
06-10 16:02:45.336    80    80 D dalvikvm: GC_EXPLICIT freed 38K, 4% free 9031K/9347K, paused 3ms+2ms
06-10 16:02:45.375    80    80 D dalvikvm: GC_EXPLICIT freed <1K, 4% free 9031K/9347K, paused 1ms+2ms
06-10 16:02:45.414    80    80 D dalvikvm: GC_EXPLICIT freed <1K, 4% free 9031K/9347K, paused 2ms+2ms
06-10 16:02:45.488 24722 24722 I ActivityThread: Pub com.google.android.apps.docs.files: com.google.android.apps.docs.sync.filemanager.FileProvider
06-10 16:02:45.504 24722 24722 I ActivityThread: Pub com.google.android.apps.docs.doclist.search_suggest: com.google.android.apps.docs.doclist.DocListGlobalSearchSuggestionProvider
06-10 16:02:45.558 24722 24722 V /ContextScope.java:112: 16:02:45.559 main Contexts in the main scope map after inserting com.google.android.apps.docs.editors.EditorsApplication@41358e60: com.google.android.apps.docs.editors.EditorsApplication@41358e60
06-10 16:02:45.660 24722 24724 D dalvikvm: GC_CONCURRENT freed 236K, 4% free 9299K/9607K, paused 4ms+2ms
06-10 16:02:45.797 24722 24724 D dalvikvm: GC_CONCURRENT freed 431K, 6% free 9405K/9927K, paused 2ms+2ms
06-10 16:02:45.894 24722 24724 D dalvikvm: GC_CONCURRENT freed 505K, 6% free 9411K/9991K, paused 2ms+3ms
06-10 16:02:46.007 24722 24724 D dalvikvm: GC_CONCURRENT freed 528K, 7% free 9451K/10055K, paused 1ms+3ms
06-10 16:02:46.121 24722 24724 D dalvikvm: GC_CONCURRENT freed 513K, 6% free 9527K/10055K, paused 2ms+2ms
06-10 16:02:46.203 24722 24724 D dalvikvm: GC_CONCURRENT freed 578K, 7% free 9465K/10119K, paused 2ms+2ms
06-10 16:02:46.250 24722 24722 D dalvikvm: GC_FOR_ALLOC freed 249K, 7% free 9475K/10119K, paused 16ms
06-10 16:02:46.254 24722 24722 I dalvikvm-heap: Grow heap (frag case) to 9.334MB for 13456-byte allocation
06-10 16:02:46.265 24722 24722 D dalvikvm: GC_FOR_ALLOC freed <1K, 7% free 9488K/10183K, paused 15ms
06-10 16:02:46.367 24722 24724 D dalvikvm: GC_CONCURRENT freed 403K, 6% free 9589K/10183K, paused 2ms+3ms
06-10 16:02:46.480 24722 24724 D dalvikvm: GC_CONCURRENT freed 482K, 6% free 9615K/10183K, paused 1ms+2ms
06-10 16:02:46.640 24722 24724 D dalvikvm: GC_CONCURRENT freed 461K, 6% free 9674K/10247K, paused 2ms+3ms
06-10 16:02:46.785 24722 24724 D dalvikvm: GC_CONCURRENT freed 454K, 6% free 9774K/10311K, paused 2ms+3ms
06-10 16:02:46.914 24722 24724 D dalvikvm: GC_CONCURRENT freed 499K, 6% free 9799K/10375K, paused 1ms+2ms
06-10 16:02:46.984 24722 24722 D /Ln.java:220: 16:02:46.967 main Configuring Logging, minimum log level is INFO
06-10 16:02:47.023 24722 24724 D dalvikvm: GC_CONCURRENT freed 488K, 6% free 9786K/10375K, paused 2ms+3ms
06-10 16:02:47.027 24722 24722 D DocListDatabase: openHelper points on new database: DocList.db
06-10 16:02:47.027 24722 24722 D DocListDatabase: in openWriteDatabase
06-10 16:02:47.058 24722 24722 W ND      : Could not load Finalizer in its own class loader. Loading Finalizer in the current class loader instead. As a result, you will not be able to garbage collect this class loader. To support reclaiming this class loader, either resolve the underlying issue, or move Google Collections to your system class path.
06-10 16:02:47.058 24722 24722 W ND      : java.io.FileNotFoundException: com/google/inject/internal/Finalizer.class
06-10 16:02:47.058 24722 24722 W ND      : 	at NE.a(FinalizableReferenceQueue.java:269)
06-10 16:02:47.058 24722 24722 W ND      : 	at NE.a(FinalizableReferenceQueue.java:253)
06-10 16:02:47.058 24722 24722 W ND      : 	at ND.a(FinalizableReferenceQueue.java:175)
06-10 16:02:47.058 24722 24722 W ND      : 	at ND.<clinit>(FinalizableReferenceQueue.java:100)
06-10 16:02:47.058 24722 24722 W ND      : 	at OT.<clinit>(MapMaker.java:787)
06-10 16:02:47.058 24722 24722 W ND      : 	at Ph.<init>(MapMaker.java:946)
06-10 16:02:47.058 24722 24722 W ND      : 	at Pb.a(MapMaker.java:312)
06-10 16:02:47.058 24722 24722 W ND      : 	at OX.a(MapMaker.java:498)
06-10 16:02:47.058 24722 24722 W ND      : 	at OX.a(MapMaker.java:419)
06-10 16:02:47.058 24722 24722 W ND      : 	at Nb.get(CustomConcurrentHashMap.java:2029)
06-10 16:02:47.058 24722 24722 W ND      : 	at MM.a(BytecodeGen.java:149)
06-10 16:02:47.058 24722 24722 W ND      : 	at MM.a(BytecodeGen.java:132)
06-10 16:02:47.058 24722 24722 W ND      : 	at MX.a(ConstructionContext.java:80)
06-10 16:02:47.058 24722 24722 W ND      : 	at KG.a(ConstructorInjector.java:70)
06-10 16:02:47.058 24722 24722 W ND      : 	at KF.a(ConstructorBindingImpl.java:111)
06-10 16:02:47.058 24722 24722 W ND      : 	at LU.a(ProviderToInternalFactoryAdapter.java:45)
06-10 16:02:47.058 24722 24722 W ND      : 	at Li.a(InjectorImpl.java:811)
06-10 16:02:47.058 24722 24722 W ND      : 	at LT.a(ProviderToInternalFactoryAdapter.java:42)
06-10 16:02:47.058 24722 24722 W ND      : 	at Mc.a(Scopes.java:54)
06-10 16:02:47.058 24722 24722 W ND      : 	at Lz.a(InternalFactoryToProviderAdapter.java:48)
06-10 16:02:47.058 24722 24722 W ND      : 	at KR.a(FactoryProxy.java:56)
06-10 16:02:47.058 24722 24722 W ND      : 	at Mi.a(SingleParameterInjector.java:42)
06-10 16:02:47.058 24722 24722 W ND      : 	at Mi.a(SingleParameterInjector.java:66)
06-10 16:02:47.058 24722 24722 W ND      : 	at KG.a(ConstructorInjector.java:84)
06-10 16:02:47.058 24722 24722 W ND      : 	at KF.a(ConstructorBindingImpl.java:111)
06-10 16:02:47.058 24722 24722 W ND      : 	at KR.a(FactoryProxy.java:56)
06-10 16:02:47.058 24722 24722 W ND      : 	at Mi.a(SingleParameterInjector.java:42)
06-10 16:02:47.058 24722 24722 W ND      : 	at Mi.a(SingleParameterInjector.java:66)
06-10 16:02:47.058 24722 24722 W ND      : 	at KG.a(ConstructorInjector.java:84)
06-10 16:02:47.058 24722 24722 W ND      : 	at KF.a(ConstructorBindingImpl.java:111)
06-10 16:02:47.058 24722 24722 W ND      : 	at LU.a(ProviderToInternalFactoryAdapter.java:45)
06-10 16:02:47.058 24722 24722 W ND      : 	at Li.a(InjectorImpl.java:811)
06-10 16:02:47.058 24722 24722 W ND      : 	at LT.a(ProviderToInternalFactoryAdapter.java:42)
06-10 16:02:47.058 24722 24722 W ND      : 	at Mc.a(Scopes.java:54)
06-10 16:02:47.058 24722 24722 W ND      : 	at Lz.a(InternalFactoryToProviderAdapter.java:48)
06-10 16:02:47.058 24722 24722 W ND      : 	at Lg.a(InjectorBuilder.java:200)
06-10 16:02:47.058 24722 24722 W ND      : 	at Lg.a(InjectorBuilder.java:194)
06-10 16:02:47.058 24722 24722 W ND      : 	at Li.a(InjectorImpl.java:804)
06-10 16:02:47.058 24722 24722 W ND      : 	at Lf.a(InjectorBuilder.java:194)
06-10 16:02:47.058 24722 24722 W ND      : 	at Lf.b(InjectorBuilder.java:176)
06-10 16:02:47.058 24722 24722 W ND      : 	at Lf.a(InjectorBuilder.java:113)
06-10 16:02:47.058 24722 24722 W ND      : 	at KS.a(Guice.java:92)
06-10 16:02:47.058 24722 24722 W ND      : 	at roboguice.application.RoboApplication.b(RoboApplication.java:146)
06-10 16:02:47.058 24722 24722 W ND      : 	at roboguice.application.RoboApplication.a(RoboApplication.java:84)
06-10 16:02:47.058 24722 24722 W ND      : 	at com.google.android.apps.docs.GuiceContentProvider.a(GuiceContentProvider.java:36)
06-10 16:02:47.058 24722 24722 W ND      : 	at com.google.android.apps.docs.GuiceContentProvider.onCreate(GuiceContentProvider.java:27)
06-10 16:02:47.058 24722 24722 W ND      : 	at com.google.android.apps.docs.doclist.BaseSearchSuggestionProvider.onCreate(BaseSearchSuggestionProvider.java:88)
06-10 16:02:47.058 24722 24722 W ND      : 	at android.content.ContentProvider.attachInfo(ContentProvider.java:944)
06-10 16:02:47.058 24722 24722 W ND      : 	at android.app.ActivityThread.installProvider(ActivityThread.java:4237)
06-10 16:02:47.058 24722 24722 W ND      : 	at android.app.ActivityThread.installContentProviders(ActivityThread.java:3992)
06-10 16:02:47.058 24722 24722 W ND      : 	at android.app.ActivityThread.handleBindApplication(ActivityThread.java:3946)
06-10 16:02:47.058 24722 24722 W ND      : 	at android.app.ActivityThread.access$1300(ActivityThread.java:123)
06-10 16:02:47.058 24722 24722 W ND      : 	at android.app.ActivityThread$H.handleMessage(ActivityThread.java:1185)
06-10 16:02:47.058 24722 24722 W ND      : 	at android.os.Handler.dispatchMessage(Handler.java:99)
06-10 16:02:47.058 24722 24722 W ND      : 	at android.os.Looper.loop(Looper.java:137)
06-10 16:02:47.058 24722 24722 W ND      : 	at android.app.ActivityThread.main(ActivityThread.java:4424)
06-10 16:02:47.058 24722 24722 W ND      : 	at java.lang.reflect.Method.invokeNative(Native Method)
06-10 16:02:47.058 24722 24722 W ND      : 	at java.lang.reflect.Method.invoke(Method.java:511)
06-10 16:02:47.058 24722 24722 W ND      : 	at com.android.internal.os.ZygoteInit$MethodAndArgsCaller.run(ZygoteInit.java:784)
06-10 16:02:47.058 24722 24722 W ND      : 	at com.android.internal.os.ZygoteInit.main(ZygoteInit.java:551)
06-10 16:02:47.058 24722 24722 W ND      : 	at dalvik.system.NativeStart.main(Native Method)
06-10 16:02:47.082 24722 24722 D dalvikvm: GC_FOR_ALLOC freed 196K, 6% free 9831K/10375K, paused 19ms
06-10 16:02:47.082 24722 24722 I ND      : Failed to start reference finalizer thread. Reference cleanup will only occur when new references are created.
06-10 16:02:47.082 24722 24722 I ND      : java.lang.reflect.InvocationTargetException
06-10 16:02:47.082 24722 24722 I ND      : 	at java.lang.reflect.Method.invokeNative(Native Method)
06-10 16:02:47.082 24722 24722 I ND      : 	at java.lang.reflect.Method.invoke(Method.java:511)
06-10 16:02:47.082 24722 24722 I ND      : 	at ND.<init>(FinalizableReferenceQueue.java:124)
06-10 16:02:47.082 24722 24722 I ND      : 	at OT.<clinit>(MapMaker.java:787)
06-10 16:02:47.082 24722 24722 I ND      : 	at Ph.<init>(MapMaker.java:946)
06-10 16:02:47.082 24722 24722 I ND      : 	at Pb.a(MapMaker.java:312)
06-10 16:02:47.082 24722 24722 I ND      : 	at OX.a(MapMaker.java:498)
06-10 16:02:47.082 24722 24722 I ND      : 	at OX.a(MapMaker.java:419)
06-10 16:02:47.082 24722 24722 I ND      : 	at Nb.get(CustomConcurrentHashMap.java:2029)
06-10 16:02:47.082 24722 24722 I ND      : 	at MM.a(BytecodeGen.java:149)
06-10 16:02:47.082 24722 24722 I ND      : 	at MM.a(BytecodeGen.java:132)
06-10 16:02:47.082 24722 24722 I ND      : 	at MX.a(ConstructionContext.java:80)
06-10 16:02:47.082 24722 24722 I ND      : 	at KG.a(ConstructorInjector.java:70)
06-10 16:02:47.082 24722 24722 I ND      : 	at KF.a(ConstructorBindingImpl.java:111)
06-10 16:02:47.082 24722 24722 I ND      : 	at LU.a(ProviderToInternalFactoryAdapter.java:45)
06-10 16:02:47.082 24722 24722 I ND      : 	at Li.a(InjectorImpl.java:811)
06-10 16:02:47.082 24722 24722 I ND      : 	at LT.a(ProviderToInternalFactoryAdapter.java:42)
06-10 16:02:47.082 24722 24722 I ND      : 	at Mc.a(Scopes.java:54)
06-10 16:02:47.082 24722 24722 I ND      : 	at Lz.a(InternalFactoryToProviderAdapter.java:48)
06-10 16:02:47.082 24722 24722 I ND      : 	at KR.a(FactoryProxy.java:56)
06-10 16:02:47.082 24722 24722 I ND      : 	at Mi.a(SingleParameterInjector.java:42)
06-10 16:02:47.082 24722 24722 I ND      : 	at Mi.a(SingleParameterInjector.java:66)
06-10 16:02:47.082 24722 24722 I ND      : 	at KG.a(ConstructorInjector.java:84)
06-10 16:02:47.082 24722 24722 I ND      : 	at KF.a(ConstructorBindingImpl.java:111)
06-10 16:02:47.082 24722 24722 I ND      : 	at KR.a(FactoryProxy.java:56)
06-10 16:02:47.082 24722 24722 I ND      : 	at Mi.a(SingleParameterInjector.java:42)
06-10 16:02:47.082 24722 24722 I ND      : 	at Mi.a(SingleParameterInjector.java:66)
06-10 16:02:47.082 24722 24722 I ND      : 	at KG.a(ConstructorInjector.java:84)
06-10 16:02:47.082 24722 24722 I ND      : 	at KF.a(ConstructorBindingImpl.java:111)
06-10 16:02:47.082 24722 24722 I ND      : 	at LU.a(ProviderToInternalFactoryAdapter.java:45)
06-10 16:02:47.082 24722 24722 I ND      : 	at Li.a(InjectorImpl.java:811)
06-10 16:02:47.082 24722 24722 I ND      : 	at LT.a(ProviderToInternalFactoryAdapter.java:42)
06-10 16:02:47.082 24722 24722 I ND      : 	at Mc.a(Scopes.java:54)
06-10 16:02:47.082 24722 24722 I ND      : 	at Lz.a(InternalFactoryToProviderAdapter.java:48)
06-10 16:02:47.082 24722 24722 I ND      : 	at Lg.a(InjectorBuilder.java:200)
06-10 16:02:47.082 24722 24722 I ND      : 	at Lg.a(InjectorBuilder.java:194)
06-10 16:02:47.082 24722 24722 I ND      : 	at Li.a(InjectorImpl.java:804)
06-10 16:02:47.082 24722 24722 I ND      : 	at Lf.a(InjectorBuilder.java:194)
06-10 16:02:47.082 24722 24722 I ND      : 	at Lf.b(InjectorBuilder.java:176)
06-10 16:02:47.082 24722 24722 I ND      : 	at Lf.a(InjectorBuilder.java:113)
06-10 16:02:47.082 24722 24722 I ND      : 	at KS.a(Guice.java:92)
06-10 16:02:47.082 24722 24722 I ND      : 	at roboguice.application.RoboApplication.b(RoboApplication.java:146)
06-10 16:02:47.082 24722 24722 I ND      : 	at roboguice.application.RoboApplication.a(RoboApplication.java:84)
06-10 16:02:47.082 24722 24722 I ND      : 	at com.google.android.apps.docs.GuiceContentProvider.a(GuiceContentProvider.java:36)
06-10 16:02:47.082 24722 24722 I ND      : 	at com.google.android.apps.docs.GuiceContentProvider.onCreate(GuiceContentProvider.java:27)
06-10 16:02:47.082 24722 24722 I ND      : 	at com.google.android.apps.docs.doclist.BaseSearchSuggestionProvider.onCreate(BaseSearchSuggestionProvider.java:88)
06-10 16:02:47.082 24722 24722 I ND      : 	at android.content.ContentProvider.attachInfo(ContentProvider.java:944)
06-10 16:02:47.082 24722 24722 I ND      : 	at android.app.ActivityThread.installProvider(ActivityThread.java:4237)
06-10 16:02:47.082 24722 24722 I ND      : 	at android.app.ActivityThread.installContentProviders(ActivityThread.java:3992)
06-10 16:02:47.082 24722 24722 I ND      : 	at android.app.ActivityThread.handleBindApplication(ActivityThread.java:3946)
06-10 16:02:47.082 24722 24722 I ND      : 	at android.app.ActivityThread.access$1300(ActivityThread.java:123)
06-10 16:02:47.082 24722 24722 I ND      : 	at android.app.ActivityThread$H.handleMessage(ActivityThread.java:1185)
06-10 16:02:47.082 24722 24722 I ND      : 	at android.os.Handler.dispatchMessage(Handler.java:99)
06-10 16:02:47.082 24722 24722 I ND      : 	at android.os.Looper.loop(Looper.java:137)
06-10 16:02:47.082 24722 24722 I ND      : 	at android.app.ActivityThread.main(ActivityThread.java:4424)
06-10 16:02:47.082 24722 24722 I ND      : 	at java.lang.reflect.Method.invokeNative(Native Method)
06-10 16:02:47.082 24722 24722 I ND      : 	at java.lang.reflect.Method.invoke(Method.java:511)
06-10 16:02:47.082 24722 24722 I ND      : 	at com.android.internal.os.ZygoteInit$MethodAndArgsCaller.run(ZygoteInit.java:784)
06-10 16:02:47.082 24722 24722 I ND      : 	at com.android.internal.os.ZygoteInit.main(ZygoteInit.java:551)
06-10 16:02:47.082 24722 24722 I ND      : 	at dalvik.system.NativeStart.main(Native Method)
06-10 16:02:47.082 24722 24722 I ND      : Caused by: java.lang.IllegalArgumentException: Expected com.google.inject.internal.FinalizableReference.
06-10 16:02:47.082 24722 24722 I ND      : 	at NK.startFinalizer(Finalizer.java:77)
06-10 16:02:47.082 24722 24722 I ND      : 	... 60 more
06-10 16:02:47.113 24722 24722 I ActivityThread: Pub com.google.android.apps.docs.doclist.account_suggest: com.google.android.apps.docs.doclist.DocListAccountSuggestionProvider
06-10 16:02:47.121 24722 24722 I ActivityThread: Pub com.google.android.apps.docs: com.google.android.apps.docs.providers.DocListProvider
06-10 16:02:47.187 24722 24724 D dalvikvm: GC_CONCURRENT freed 440K, 6% free 9833K/10439K, paused 1ms+2ms
06-10 16:02:47.230 23273 23273 I MediaUploader: No need to wake up
06-10 16:02:47.300 21222 21339 D PicasaSyncManager: active network: NetworkInfo: type: WIFI[], state: CONNECTED/CONNECTED, reason: (unspecified), extra: (none), roaming: false, failover: false, isAvailable: true
06-10 16:02:47.300 21222 21339 D PicasaSyncManager: background data: true
06-10 16:02:48.574 22620 22623 D dalvikvm: GC_CONCURRENT freed 508K, 14% free 10390K/11975K, paused 1ms+9ms
06-10 16:02:48.687 20838 20841 D dalvikvm: GC_CONCURRENT freed 479K, 7% free 10275K/11015K, paused 2ms+3ms
06-10 16:02:49.351 23202 23204 D dalvikvm: GC_CONCURRENT freed 747K, 7% free 11715K/12551K, paused 6ms+7ms
06-10 16:04:48.757 22620 22623 D dalvikvm: GC_CONCURRENT freed 503K, 14% free 10389K/11975K, paused 2ms+15ms
06-10 16:04:48.781 20838 20841 D dalvikvm: GC_CONCURRENT freed 551K, 8% free 10235K/11015K, paused 2ms+2ms
06-10 16:05:47.500   152   154 D dalvikvm: GC_CONCURRENT freed 1743K, 22% free 17956K/22919K, paused 2ms+8ms
06-10 16:05:48.812 20838 20841 D dalvikvm: GC_CONCURRENT freed 477K, 7% free 10248K/11015K, paused 1ms+2ms
06-10 16:06:48.836 22620 22623 D dalvikvm: GC_CONCURRENT freed 500K, 14% free 10391K/11975K, paused 1ms+7ms
06-10 16:07:11.300 22769 22769 I PhoneLab-Locks: wake lock acquired
06-10 16:07:11.425   152   491 D dalvikvm: GC_EXPLICIT freed 330K, 23% free 17862K/22919K, paused 27ms+7ms
06-10 16:07:11.429 22769 24756 I PhoneLab-PeriodicCheckService: User info is synched
06-10 16:07:11.433 22769 24756 I PhoneLab-PeriodicCheckService: Logger Service is running
06-10 16:07:11.437 22769 22769 I PhoneLab-Locks: wake lock acquired
06-10 16:07:11.441 22769 22769 I PhoneLab-StatusMonitor: Status Monitoring is started
06-10 16:07:11.445 22769 24756 I PhoneLab-Locks: wake lock acquired
06-10 16:07:11.445 22769 24756 I PhoneLab-PeriodicCheckService: Rescheduling periodic checking...
06-10 16:07:11.449 22769 24756 I PhoneLab-Locks: wake lock released
06-10 16:07:11.453 22769 22769 E PhoneLab-PhoneLabManifest: java.io.FileNotFoundException: /data/data/edu.buffalo.cse.phonelab.phonelabservices/files/manifest.xml: open failed: ENOENT (No such file or directory)
06-10 16:07:11.465 22769 22769 I PhoneLab-Locks: wake lock released
06-10 16:07:11.468 22769 22769 I PhoneLab-UploadLogs: Transfering log files now
06-10 16:07:11.570 22769 22770 D dalvikvm: GC_CONCURRENT freed 460K, 6% free 9203K/9735K, paused 3ms+2ms
06-10 16:07:11.613 22769 22769 D dalvikvm: GC_FOR_ALLOC freed 151K, 6% free 9212K/9799K, paused 15ms
06-10 16:07:11.613 22769 22769 I dalvikvm-heap: Grow heap (frag case) to 9.183MB for 123476-byte allocation
06-10 16:07:11.629 22769 22769 D dalvikvm: GC_FOR_ALLOC freed 56K, 7% free 9276K/9927K, paused 14ms
06-10 16:07:11.629 22769 22769 I dalvikvm-heap: Grow heap (frag case) to 9.371MB for 254548-byte allocation
06-10 16:07:11.644 22769 22769 D dalvikvm: GC_FOR_ALLOC freed 120K, 8% free 9404K/10183K, paused 13ms
06-10 16:07:11.648 22769 22769 I dalvikvm-heap: Grow heap (frag case) to 9.746MB for 516692-byte allocation
06-10 16:07:11.675 22769 22770 D dalvikvm: GC_CONCURRENT freed 248K, 10% free 9660K/10695K, paused 2ms+2ms
06-10 16:07:11.699 22769 22769 I PhoneLab-UploadLogs: OnStartCommand
06-10 16:07:11.761 22769 24758 D dalvikvm: GC_FOR_ALLOC freed 383K, 10% free 9644K/10695K, paused 15ms
06-10 16:07:11.777 22769 24758 D dalvikvm: GC_FOR_ALLOC freed 301K, 10% free 9644K/10695K, paused 14ms
06-10 16:07:11.797 22769 24758 D dalvikvm: GC_FOR_ALLOC freed 301K, 10% free 9651K/10695K, paused 14ms
06-10 16:07:12.000 22769 22769 I PhoneLab-: 1339357058196.log is deleted
06-10 16:07:12.000 22769 22769 I PhoneLab-: Response: {"data": "done", "err": ""}
06-10 16:07:12.004 22769 22769 I PhoneLab-UploadLogs: No log files to transfer
06-10 16:07:12.004 22769 22769 I PhoneLab-Locks: wake lock released
06-10 16:07:48.863 20838 20841 D dalvikvm: GC_CONCURRENT freed 522K, 8% free 10236K/11015K, paused 2ms+3ms
06-10 16:07:56.058 23196 23196 I wpa_supplicant: wlan0: WPA: Group rekeying completed with d0:c2:82:2d:ea:c0 [GTK=TKIP]
06-10 16:08:48.851 22620 22623 D dalvikvm: GC_CONCURRENT freed 506K, 14% free 10396K/11975K, paused 1ms+3ms
06-10 16:08:48.964 20838 20841 D dalvikvm: GC_CONCURRENT freed 433K, 8% free 10223K/11015K, paused 2ms+2ms
06-10 16:09:48.968 22620 22623 D dalvikvm: GC_CONCURRENT freed 451K, 14% free 10398K/11975K, paused 2ms+3ms
06-10 16:10:03.863   152   200 I ActivityManager: Start proc com.google.android.maps.mytracks for service com.google.android.maps.mytracks/com.google.android.apps.mytracks.services.RemoveTempFilesService: pid=24766 uid=10059 gids={3003, 3002, 3001, 1015}
06-10 16:10:03.875 24766 24766 I dalvikvm: Turning on JNI app bug workarounds for target SDK version 7...
06-10 16:10:03.886 23600 23600 I Genie   : refresh service retry #0, ignoreMASFCache = false
06-10 16:10:04.023 24766 24766 I ActivityThread: Pub com.google.android.maps.mytracks.search: com.google.android.apps.mytracks.content.SearchEngineProvider
06-10 16:10:04.027 24766 24766 I ActivityThread: Pub com.google.android.maps.mytracks: com.google.android.apps.mytracks.content.MyTracksProvider
06-10 16:10:10.500 22769 22783 I PhoneLab-: Service Running
06-10 16:10:10.586   152  4554 I ActivityManager: Process android.process.acore (pid 22672) has died.
06-10 16:10:10.590   152 16653 D CountryDetector: No listener is left
06-10 16:10:10.644 22769 22783 I PhoneLab-LoggerService: app_38    1290  1     1788   1344  c00f181c 400107b4 S logcat
06-10 16:10:10.644 22769 22783 I PhoneLab-LoggerService: Logcat pid from database 1290
06-10 16:10:10.644 22769 22783 I PhoneLab-LoggerService: Logcat process found 1290
06-10 16:10:10.644 22769 22783 I PhoneLab-LoggerService: Checking Threshold
06-10 16:10:10.644 22769 22783 I PhoneLab-: Service Running
06-10 16:10:10.683 22769 22770 D dalvikvm: GC_CONCURRENT freed 899K, 15% free 9169K/10695K, paused 3ms+5ms
06-10 16:10:10.687 22769 22783 I PhoneLab-LoggerService: app_38    1290  1     1788   1344  c00f181c 400107b4 S logcat
06-10 16:10:10.691 22769 22783 I PhoneLab-LoggerService: Logcat pid from database 1290
06-10 16:10:10.691 22769 22783 I PhoneLab-LoggerService: Logcat process found 1290
06-10 16:10:10.691 22769 22783 I PhoneLab-LoggerService: Checking Threshold
06-10 16:10:10.691 22769 22783 I PhoneLab-: Service Running
06-10 16:10:10.722 22769 22783 I PhoneLab-LoggerService: app_38    1290  1     1788   1344  c00f181c 400107b4 S logcat
06-10 16:10:10.726 22769 22783 I PhoneLab-LoggerService: Logcat pid from database 1290
06-10 16:10:10.726 22769 22783 I PhoneLab-LoggerService: Logcat process found 1290
06-10 16:10:10.726 22769 22783 I PhoneLab-LoggerService: Checking Threshold
06-10 16:10:10.726 22769 22783 I PhoneLab-: Service Running
06-10 16:10:10.754 22769 22783 I PhoneLab-LoggerService: app_38    1290  1     1788   1344  c00f181c 400107b4 S logcat
06-10 16:10:10.754 22769 22783 I PhoneLab-LoggerService: Logcat pid from database 1290
06-10 16:10:10.754 22769 22783 I PhoneLab-LoggerService: Logcat process found 1290
06-10 16:10:10.754 22769 22783 I PhoneLab-LoggerService: Checking Threshold
06-10 16:10:10.754 22769 22783 I PhoneLab-: Service Running
06-10 16:10:10.781 22769 22783 I PhoneLab-LoggerService: app_38    1290  1     1788   1344  c00f181c 400107b4 S logcat
06-10 16:10:10.781 22769 22783 I PhoneLab-LoggerService: Logcat pid from database 1290
06-10 16:10:10.781 22769 22783 I PhoneLab-LoggerService: Logcat process found 1290
06-10 16:10:10.781 22769 22783 I PhoneLab-LoggerService: Checking Threshold
06-10 16:10:10.781 22769 22783 I PhoneLab-: Service Running
06-10 16:10:10.808 22769 22783 I PhoneLab-LoggerService: app_38    1290  1     1788   1344  c00f181c 400107b4 S logcat
06-10 16:10:10.808 22769 22783 I PhoneLab-LoggerService: Logcat pid from database 1290
06-10 16:10:10.808 22769 22783 I PhoneLab-LoggerService: Logcat process found 1290
06-10 16:10:10.808 22769 22783 I PhoneLab-LoggerService: Checking Threshold
06-10 16:10:11.722 23613 23615 D dalvikvm: GC_CONCURRENT freed 344K, 5% free 9644K/10119K, paused 2ms+6ms
06-10 16:10:12.160 23613 23615 D dalvikvm: GC_CONCURRENT freed 375K, 5% free 9677K/10183K, paused 2ms+2ms
06-10 16:10:12.382 23613 23615 D dalvikvm: GC_CONCURRENT freed 459K, 6% free 9662K/10247K, paused 2ms+2ms
06-10 16:10:13.867 23613 24787 W Gmail   : Successful index run, cancel next scheduled index run
06-10 16:10:14.023 21222 21224 D dalvikvm: GC_CONCURRENT freed 671K, 7% free 12004K/12807K, paused 2ms+3ms
06-10 16:10:15.195 21222 21224 D dalvikvm: GC_CONCURRENT freed 992K, 9% free 11946K/13063K, paused 7ms+3ms
06-10 16:10:17.715 21222 21224 D dalvikvm: GC_CONCURRENT freed 782K, 8% free 12024K/13063K, paused 2ms+2ms
06-10 16:10:19.238 21222 21224 D dalvikvm: GC_CONCURRENT freed 826K, 8% free 12165K/13127K, paused 2ms+3ms
06-10 16:10:19.429 21222 21224 D dalvikvm: GC_CONCURRENT freed 930K, 8% free 12208K/13255K, paused 2ms+3ms
06-10 16:10:19.507   152   656 I ActivityManager: Start proc android.process.acore for content provider com.android.providers.contacts/.ContactsProvider2: pid=24794 uid=10000 gids={3003, 1015}
06-10 16:10:19.558 24794 24794 I ActivityThread: Pub call_log: com.android.providers.contacts.CallLogProvider
06-10 16:10:19.605 24794 24794 I ActivityThread: Pub com.android.voicemail: com.android.providers.contacts.VoicemailContentProvider
06-10 16:10:19.609 24794 24794 I ActivityThread: Pub user_dictionary: com.android.providers.userdictionary.UserDictionaryProvider
06-10 16:10:19.652 24794 24794 I ActivityThread: Pub com.android.social: com.android.providers.contacts.SocialProvider
06-10 16:10:19.656 24794 24794 I ActivityThread: Pub applications: com.android.providers.applications.ApplicationsProvider
06-10 16:10:19.777 24794 24794 I ActivityThread: Pub contacts;com.android.contacts: com.android.providers.contacts.ContactsProvider2
06-10 16:10:19.804 24794 24798 D dalvikvm: GC_CONCURRENT freed 349K, 5% free 9184K/9607K, paused 3ms+2ms
06-10 16:10:20.511 24794 24798 D dalvikvm: GC_CONCURRENT freed 229K, 4% free 9384K/9735K, paused 3ms+2ms
06-10 16:10:20.617   152 31690 I ActivityManager: Process com.google.android.apps.docs (pid 24722) has died.
06-10 16:10:21.820 21222 24789 D dalvikvm: GC_FOR_ALLOC freed 499K, 6% free 12594K/13383K, paused 71ms
06-10 16:10:21.859 21222 24789 D dalvikvm: GC_FOR_ALLOC freed 347K, 9% free 12577K/13767K, paused 35ms
06-10 16:10:21.859 21222 24789 I dalvikvm-heap: Grow heap (frag case) to 12.675MB for 338732-byte allocation
06-10 16:10:21.894 21222 24789 D dalvikvm: GC_FOR_ALLOC freed 0K, 9% free 12908K/14151K, paused 33ms
06-10 16:10:23.449 21222 21224 D dalvikvm: GC_CONCURRENT freed 819K, 7% free 13290K/14215K, paused 3ms+3ms
06-10 16:10:24.996 21222 21224 D dalvikvm: GC_CONCURRENT freed 1225K, 10% free 13369K/14727K, paused 23ms+3ms
06-10 16:10:26.507 21222 21224 D dalvikvm: GC_CONCURRENT freed 1348K, 10% free 13375K/14855K, paused 2ms+3ms
06-10 16:10:27.175 24794 24798 D dalvikvm: GC_CONCURRENT freed 379K, 6% free 9420K/9927K, paused 13ms+3ms
06-10 16:10:33.371 21222 21224 D dalvikvm: GC_CONCURRENT freed 2478K, 18% free 12248K/14855K, paused 2ms+3ms
06-10 16:10:34.000  7488  7568 D androidNetworkLocationListeners: Still have listener com.google.android.location.internal.client.NetworkLocationClient$1@41497d68
06-10 16:10:34.000  7488  7568 D androidNetworkLocationListeners: Still have listener com.google.android.location.internal.client.NetworkLocationClient$1@41497d68
06-10 16:10:34.429   152   163 D dalvikvm: GC_EXPLICIT freed 1192K, 22% free 17933K/22919K, paused 37ms+9ms
06-10 16:10:34.535 21222 21224 D dalvikvm: GC_CONCURRENT freed 970K, 18% free 12228K/14855K, paused 3ms+10ms
06-10 16:10:35.054 24503 24506 D dalvikvm: GC_CONCURRENT freed 302K, 6% free 9945K/10503K, paused 2ms+3ms
06-10 16:10:35.418  7488  7492 D dalvikvm: GC_CONCURRENT freed 552K, 6% free 10632K/11271K, paused 5ms+5ms
06-10 16:10:35.449  7488  7568 D androidNetworkLocationListeners: Still have listener com.google.android.location.internal.client.NetworkLocationClient$1@41497d68
06-10 16:10:35.828 23600 23601 D dalvikvm: GC_CONCURRENT freed 484K, 8% free 9628K/10439K, paused 4ms+2ms
06-10 16:10:35.965 24794 24798 D dalvikvm: GC_CONCURRENT freed 350K, 5% free 9506K/9991K, paused 3ms+3ms
06-10 16:10:36.000 23600 23601 D dalvikvm: GC_CONCURRENT freed 596K, 9% free 9534K/10439K, paused 2ms+3ms
06-10 16:10:36.355 23600 23601 D dalvikvm: GC_CONCURRENT freed 312K, 8% free 9683K/10439K, paused 3ms+2ms
06-10 16:10:36.582 23600 23601 D dalvikvm: GC_CONCURRENT freed 534K, 9% free 9534K/10439K, paused 1ms+2ms
06-10 16:10:36.789 20838 20841 D dalvikvm: GC_CONCURRENT freed 419K, 8% free 10188K/11015K, paused 16ms+2ms
06-10 16:11:11.418 24794 24798 D dalvikvm: GC_CONCURRENT freed 436K, 6% free 9487K/10055K, paused 2ms+3ms
06-10 16:11:11.754 24794 24806 D dalvikvm: GC_EXPLICIT freed 123K, 7% free 9375K/10055K, paused 3ms+2ms
06-10 16:11:41.152 24503 24506 D dalvikvm: GC_CONCURRENT freed 400K, 6% free 9971K/10503K, paused 2ms+5ms
06-10 16:11:48.992 22620 22623 D dalvikvm: GC_CONCURRENT freed 496K, 14% free 10414K/11975K, paused 2ms+2ms
06-10 16:11:49.136 20838 20841 D dalvikvm: GC_CONCURRENT freed 458K, 8% free 10239K/11015K, paused 5ms+9ms
06-10 16:12:05.808  7488 10404 I EventLogService: Aggregate from 1339357325515 (log), 1339357325515 (data)
06-10 16:12:05.980  7488  7492 D dalvikvm: GC_CONCURRENT freed 492K, 7% free 10568K/11271K, paused 23ms+6ms
06-10 16:12:49.125 20838 20841 D dalvikvm: GC_CONCURRENT freed 433K, 8% free 10220K/11015K, paused 1ms+2ms
06-10 16:12:57.668 23202 23204 D dalvikvm: GC_CONCURRENT freed 826K, 8% free 11767K/12679K, paused 14ms+9ms
06-10 16:13:49.070 22620 22623 D dalvikvm: GC_CONCURRENT freed 521K, 14% free 10404K/11975K, paused 1ms+3ms
06-10 16:14:49.175 20838 20841 D dalvikvm: GC_CONCURRENT freed 482K, 8% free 10241K/11015K, paused 1ms+3ms
06-10 16:15:49.152 22620 22623 D dalvikvm: GC_CONCURRENT freed 508K, 14% free 10408K/11975K, paused 2ms+3ms
06-10 16:15:49.281   152 16653 D dalvikvm: GC_EXPLICIT freed 1172K, 22% free 17950K/22919K, paused 3ms+9ms
06-10 16:15:49.363 20838 20841 D dalvikvm: GC_CONCURRENT freed 447K, 8% free 10223K/11015K, paused 2ms+2ms
06-10 16:17:49.254 22620 22623 D dalvikvm: GC_CONCURRENT freed 508K, 14% free 10411K/11975K, paused 1ms+2ms
06-10 16:17:49.367 20838 20841 D dalvikvm: GC_CONCURRENT freed 459K, 7% free 10274K/11015K, paused 2ms+3ms
06-10 16:18:09.590 23202 24865 I DatabaseHelper: Begin cleanup.
06-10 16:18:09.613 23202 24865 I DatabaseHelper: Cleaned up: 0
06-10 16:18:49.351 20838 20841 D dalvikvm: GC_CONCURRENT freed 478K, 8% free 10233K/11015K, paused 1ms+9ms
06-10 16:18:49.539 20838 20841 D dalvikvm: GC_CONCURRENT freed 214K, 6% free 10438K/11015K, paused 10ms+4ms
06-10 16:19:49.308 22620 22623 D dalvikvm: GC_CONCURRENT freed 517K, 14% free 10406K/11975K, paused 2ms+3ms
06-10 16:19:49.429 20838 20841 D dalvikvm: GC_CONCURRENT freed 742K, 8% free 10264K/11079K, paused 2ms+2ms
06-10 16:20:49.429 20838 20841 D dalvikvm: GC_CONCURRENT freed 404K, 8% free 10246K/11079K, paused 2ms+2ms
06-10 16:21:49.394 22620 22623 D dalvikvm: GC_CONCURRENT freed 511K, 14% free 10406K/11975K, paused 1ms+2ms
06-10 16:22:49.675 20838 20841 D dalvikvm: GC_CONCURRENT freed 469K, 8% free 10277K/11079K, paused 2ms+2ms
06-10 16:23:09.769 23202 23204 D dalvikvm: GC_CONCURRENT freed 892K, 8% free 11729K/12743K, paused 3ms+6ms
06-10 16:23:11.351 23202 23204 D dalvikvm: GC_CONCURRENT freed 787K, 8% free 11767K/12743K, paused 7ms+2ms
06-10 16:23:39.386 22769 22783 I PhoneLab-: Service Running
06-10 16:23:39.484 22769 22783 I PhoneLab-LoggerService: app_38    1290  1     1788   1344  c00f181c 400107b4 S logcat
06-10 16:23:39.484 22769 22783 I PhoneLab-LoggerService: Logcat pid from database 1290
06-10 16:23:39.484 22769 22783 I PhoneLab-LoggerService: Logcat process found 1290
06-10 16:23:39.484 22769 22783 I PhoneLab-LoggerService: Checking Threshold
06-10 16:23:39.488 22769 22783 I PhoneLab-: Service Running
06-10 16:23:39.515 22769 22783 I PhoneLab-LoggerService: app_38    1290  1     1788   1344  c00f181c 400107b4 S logcat
06-10 16:23:39.515 22769 22783 I PhoneLab-LoggerService: Logcat pid from database 1290
06-10 16:23:39.515 22769 22783 I PhoneLab-LoggerService: Logcat process found 1290
06-10 16:23:39.515 22769 22783 I PhoneLab-LoggerService: Checking Threshold
06-10 16:23:39.515 22769 22783 I PhoneLab-: Service Running
06-10 16:23:39.543 22769 22783 I PhoneLab-LoggerService: app_38    1290  1     1788   1344  c00f181c 400107b4 S logcat
06-10 16:23:39.546 22769 22783 I PhoneLab-LoggerService: Logcat pid from database 1290
06-10 16:23:39.546 22769 22783 I PhoneLab-LoggerService: Logcat process found 1290
06-10 16:23:39.546 22769 22783 I PhoneLab-LoggerService: Checking Threshold
06-10 16:23:39.546 22769 22783 I PhoneLab-: Service Running
06-10 16:23:39.586 22769 22770 D dalvikvm: GC_CONCURRENT freed 436K, 15% free 9149K/10695K, paused 2ms+2ms
06-10 16:23:39.601 22769 22783 I PhoneLab-LoggerService: app_38    1290  1     1788   1344  c00f181c 400107b4 S logcat
06-10 16:23:39.601 22769 22783 I PhoneLab-LoggerService: Logcat pid from database 1290
06-10 16:23:39.601 22769 22783 I PhoneLab-LoggerService: Logcat process found 1290
06-10 16:23:39.601 22769 22783 I PhoneLab-LoggerService: Checking Threshold
06-10 16:23:39.601 22769 22783 I PhoneLab-: Service Running
06-10 16:23:39.632 22769 22783 I PhoneLab-LoggerService: app_38    1290  1     1788   1344  c00f181c 400107b4 S logcat
06-10 16:23:39.632 22769 22783 I PhoneLab-LoggerService: Logcat pid from database 1290
06-10 16:23:39.632 22769 22783 I PhoneLab-LoggerService: Logcat process found 1290
06-10 16:23:39.632 22769 22783 I PhoneLab-LoggerService: Checking Threshold
06-10 16:23:39.632 22769 22783 I PhoneLab-: Service Running
06-10 16:23:39.660 22769 22783 I PhoneLab-LoggerService: app_38    1290  1     1788   1344  c00f181c 400107b4 S logcat
06-10 16:23:39.660 22769 22783 I PhoneLab-LoggerService: Logcat pid from database 1290
06-10 16:23:39.660 22769 22783 I PhoneLab-LoggerService: Logcat process found 1290
06-10 16:23:39.660 22769 22783 I PhoneLab-LoggerService: Checking Threshold
06-10 16:23:50.351 22620 22623 D dalvikvm: GC_CONCURRENT freed 508K, 14% free 10409K/11975K, paused 2ms+2ms
06-10 16:23:50.464 20838 20841 D dalvikvm: GC_CONCURRENT freed 493K, 8% free 10228K/11079K, paused 2ms+2ms
06-10 16:24:50.640 20838 20838 D dalvikvm: GC_EXPLICIT freed 37K, 8% free 10197K/11079K, paused 2ms+2ms
06-10 16:25:50.644 22620 22623 D dalvikvm: GC_CONCURRENT freed 506K, 14% free 10415K/11975K, paused 2ms+2ms
06-10 16:25:50.757 20838 20841 D dalvikvm: GC_CONCURRENT freed 414K, 8% free 10285K/11079K, paused 1ms+2ms
06-10 16:26:23.050   152   202 I power   : *** set_screen_state 1
06-10 16:26:23.129   390   392 D dalvikvm: GC_CONCURRENT freed 371K, 40% free 10165K/16903K, paused 3ms+5ms
06-10 16:26:23.183   152   202 I WindowManager: Lock screen displayed!
06-10 16:26:23.254    79   119 D SurfaceFlinger: Screen about to return, flinger = 0x2c1918
06-10 16:26:23.449   152   154 D dalvikvm: GC_CONCURRENT freed 1898K, 22% free 17995K/22919K, paused 44ms+11ms
06-10 16:26:24.597 23613 24920 I Gmail   : MainSyncRequestProto: lowestBkwdConvoId: 0, highestHandledServerOp: 3230622, normalSync: true
06-10 16:26:26.168 23613 23615 D dalvikvm: GC_CONCURRENT freed 400K, 6% free 9660K/10247K, paused 10ms+6ms
06-10 16:26:26.328 23613 23615 D dalvikvm: GC_CONCURRENT freed 421K, 6% free 9636K/10247K, paused 2ms+4ms
06-10 16:26:26.484    85    85 I keystore: uid: 1000 action: p -> 1 state: 1 -> 1 retry: 4
06-10 16:26:26.500   390   390 D PhoneStatusBar: disable: < expand* icons alerts ticker* system_info BACK HOME recent* CLOCK >
06-10 16:26:26.566   152   857 W InputManagerService: Window already focused, ignoring focus gain of: com.android.internal.view.IInputMethodClient$Stub$Proxy@4189d550
06-10 16:26:26.570   390   390 D PhoneStatusBar: disable: < expand icons alerts ticker system_info back* home* recent clock* >
06-10 16:26:26.644 23613 24920 D dalvikvm: GC_EXPLICIT freed 36K, 6% free 9659K/10247K, paused 3ms+5ms
06-10 16:26:26.660 23613 24920 I Gmail   : MainSyncRequestProto: lowestBkwdConvoId: 0, highestHandledServerOp: 3230684, normalSync: true
06-10 16:26:26.953   152   168 D dalvikvm: GC_EXPLICIT freed 485K, 23% free 17858K/22919K, paused 9ms+17ms
06-10 16:26:27.164  7488  7492 D dalvikvm: GC_CONCURRENT freed 270K, 6% free 10693K/11271K, paused 4ms+6ms
06-10 16:26:27.855 24794 24798 D dalvikvm: GC_CONCURRENT freed 243K, 6% free 9517K/10055K, paused 8ms+3ms
06-10 16:26:27.933 23613 24920 D dalvikvm: GC_EXPLICIT freed 168K, 6% free 9684K/10247K, paused 2ms+5ms
06-10 16:26:27.941 23613 24920 I Gmail   : MainSyncRequestProto: lowestBkwdConvoId: 0, highestHandledServerOp: 3230684, normalSync: true
06-10 16:26:27.965 23613 24920 W Gmail   : Scheduling index for 300000 ms from now
06-10 16:26:28.015 23613 24920 I Gmail   : Sending notification intent: Intent { act=android.intent.action.PROVIDER_CHANGED dat=content://gmail-ls/unread/^i (has extras) }
06-10 16:26:28.261 23613 24923 W Gmail   : Showing notification with unreadCount of 2 and unseenCount of 2
06-10 16:26:28.265 23613 24920 I Gmail   : Sending notification intent: Intent { act=android.intent.action.PROVIDER_CHANGED dat=content://gmail-ls/unread/^iim (has extras) }
06-10 16:26:28.277   152   163 I ActivityManager: START {act=android.intent.action.VIEW dat=content://gmail-ls/account/lokeshmandvekar@gmail.com/label/^i/conversationId/1404418987970116247/maxServerMessageId/1404418987970116247/labels/lokeshmandvekar%40gmail.com^*^595230239^*^^i^*^Inbox^*^0^*^0^**^lokeshmandvekar%40gmail.com^*^595230240^*^^u^*^Unread^*^0^*^1^**^lokeshmandvekar%40gmail.com^*^-505^*^^^unseen-^i^*^^*^2147483647^*^1^**^lokeshmandvekar%40gmail.com^*^-65535^*^^unsub^*^%5Eunsub^*^0^*^1 typ=application/gmail-ls flg=0x10008000 cmp=com.google.android.gm/.ConversationListActivityGmail bnds=[96,119][480,215] (has extras)} from pid -1
06-10 16:26:28.308   152   655 W KeyguardViewMediator: verifyUnlock called when not externally disabled
06-10 16:26:28.543   152   656 I ActivityManager: START {act=android.intent.action.VIEW dat=content://gmail-ls/account/lokeshmandvekar@gmail.com/label/^i/conversationId/1404418987970116247/maxServerMessageId/1404418987970116247/labels/lokeshmandvekar%40gmail.com^*^595230239^*^^i^*^Inbox^*^0^*^0^**^lokeshmandvekar%40gmail.com^*^595230240^*^^u^*^Unread^*^0^*^1^**^lokeshmandvekar%40gmail.com^*^-505^*^^^unseen-^i^*^^*^2147483647^*^1^**^lokeshmandvekar%40gmail.com^*^-65535^*^^unsub^*^%5Eunsub^*^0^*^1 typ=application/gmail-ls flg=0x6000000 cmp=com.google.android.gm/.GmailActivity bnds=[96,119][480,215] (has extras)} from pid 23613
06-10 16:26:28.597  1339  1339 D OpenGLRenderer: Flushing caches (mode 1)
06-10 16:26:28.652  1339  1339 D OpenGLRenderer: Flushing caches (mode 0)
06-10 16:26:29.043 23613 23615 D dalvikvm: GC_CONCURRENT freed 293K, 5% free 9896K/10311K, paused 2ms+10ms
06-10 16:26:29.090   152   168 I Process : Sending signal. PID: 23613 SIG: 3
06-10 16:26:29.090 23613 23618 I dalvikvm: threadid=3: reacting to signal 3
06-10 16:26:29.308 23613 23618 I dalvikvm: Wrote stack traces to '/data/anr/traces.txt'
06-10 16:26:29.586   152   168 I Process : Sending signal. PID: 23613 SIG: 3
06-10 16:26:29.586 23613 23618 I dalvikvm: threadid=3: reacting to signal 3
06-10 16:26:29.593  7488 23583 D dalvikvm: GC_EXPLICIT freed 304K, 6% free 10615K/11271K, paused 7ms+12ms
06-10 16:26:29.621 23613 23618 I dalvikvm: Wrote stack traces to '/data/anr/traces.txt'
06-10 16:26:29.894 23613 23615 D dalvikvm: GC_CONCURRENT freed 190K, 3% free 10221K/10503K, paused 25ms+144ms
06-10 16:26:29.894 23613 24931 I Gmail   : MainSyncRequestProto: lowestBkwdConvoId: 0, highestHandledServerOp: 3230684, normalSync: true
06-10 16:26:30.105   152   168 I Process : Sending signal. PID: 23613 SIG: 3
06-10 16:26:30.105 23613 23618 I dalvikvm: threadid=3: reacting to signal 3
06-10 16:26:30.172 23613 23618 I dalvikvm: Wrote stack traces to '/data/anr/traces.txt'
06-10 16:26:30.320 23613 23613 D libEGL  : loaded /system/lib/egl/libGLES_android.so
06-10 16:26:30.351 23613 23613 D libEGL  : loaded /vendor/lib/egl/libEGL_POWERVR_SGX540_120.so
06-10 16:26:30.433 23613 23613 D libEGL  : loaded /vendor/lib/egl/libGLESv1_CM_POWERVR_SGX540_120.so
06-10 16:26:30.453 23613 23613 D libEGL  : loaded /vendor/lib/egl/libGLESv2_POWERVR_SGX540_120.so
06-10 16:26:30.531 23613 23613 D OpenGLRenderer: Enabling debug mode 0
06-10 16:26:30.590   152   168 I Process : Sending signal. PID: 23613 SIG: 3
06-10 16:26:30.590 23613 23618 I dalvikvm: threadid=3: reacting to signal 3
06-10 16:26:30.644 23613 23618 I dalvikvm: Wrote stack traces to '/data/anr/traces.txt'
06-10 16:26:30.843 23613 23615 D dalvikvm: GC_CONCURRENT freed 293K, 4% free 10375K/10759K, paused 3ms+9ms
06-10 16:26:30.871 22769 22783 I PhoneLab-: Service Running
06-10 16:26:31.090   152   168 I Process : Sending signal. PID: 23613 SIG: 3
06-10 16:26:31.093 23613 23618 I dalvikvm: threadid=3: reacting to signal 3
06-10 16:26:31.093 22769 22783 I PhoneLab-LoggerService: app_38    1290  1     1788   1344  c00f181c 400107b4 S logcat
06-10 16:26:31.093 22769 22783 I PhoneLab-LoggerService: Logcat pid from database 1290
06-10 16:26:31.097 22769 22783 I PhoneLab-LoggerService: Logcat process found 1290
06-10 16:26:31.097 22769 22783 I PhoneLab-LoggerService: Checking Threshold
06-10 16:26:31.101 22769 22783 I PhoneLab-: Service Running
06-10 16:26:31.144 23613 23618 I dalvikvm: Wrote stack traces to '/data/anr/traces.txt'
06-10 16:26:31.375 22769 22783 I PhoneLab-LoggerService: app_38    1290  1     1788   1344  c00f181c 400107b4 S logcat
06-10 16:26:31.375 22769 22783 I PhoneLab-LoggerService: Logcat pid from database 1290
06-10 16:26:31.375 22769 22783 I PhoneLab-LoggerService: Logcat process found 1290
06-10 16:26:31.379 22769 22783 I PhoneLab-LoggerService: Checking Threshold
06-10 16:26:31.422   152   201 I ActivityManager: Displayed com.google.android.gm/.GmailActivity: +2s837ms (total +3s102ms)
06-10 16:26:31.570 23613 23613 W IInputConnectionWrapper: showStatusIcon on inactive InputConnection
06-10 16:26:31.800 23613 23615 D dalvikvm: GC_CONCURRENT freed 287K, 4% free 10532K/10951K, paused 11ms+25ms
06-10 16:26:32.113   152   375 I ActivityManager: Process com.facebook.orca (pid 21975) has died.
06-10 16:26:32.117   152   375 W ActivityManager: Scheduling restart of crashed service com.facebook.orca/.push.mqtt.MqttPushService in 5000ms
06-10 16:26:32.195 23613 24931 D dalvikvm: GC_EXPLICIT freed 69K, 4% free 10545K/10951K, paused 4ms+6ms
06-10 16:26:32.226 23613 24931 I Gmail   : MainSyncRequestProto: lowestBkwdConvoId: 0, highestHandledServerOp: 3230684, normalSync: true
06-10 16:26:32.254 23613 24931 W Gmail   : Scheduling index for 300000 ms from now
06-10 16:26:32.894 23613 23615 D dalvikvm: GC_CONCURRENT freed 404K, 5% free 10594K/11079K, paused 2ms+4ms
06-10 16:26:32.929 23613 24949 I Gmail   : Sending notification intent: Intent { act=android.intent.action.PROVIDER_CHANGED dat=content://gmail-ls/unread/^i (has extras) }
06-10 16:26:33.211 23613 24951 I Gmail   : MainSyncRequestProto: lowestBkwdConvoId: 0, highestHandledServerOp: 3230684, normalSync: true
06-10 16:26:33.254 23613 24950 W Gmail   : Showing notification with unreadCount of 1 and unseenCount of 1
06-10 16:26:33.504 23613 23615 D dalvikvm: GC_CONCURRENT freed 299K, 4% free 10766K/11143K, paused 24ms+9ms
06-10 16:26:33.613  1339  1339 D OpenGLRenderer: Flushing caches (mode 1)
06-10 16:26:34.355 23613 23615 D dalvikvm: GC_CONCURRENT freed 393K, 5% free 10900K/11399K, paused 14ms+5ms
06-10 16:26:34.660 23613 23613 D dalvikvm: GC_EXPLICIT freed 520K, 6% free 11008K/11655K, paused 2ms+5ms
06-10 16:26:34.800 23613 23620 I dalvikvm: Jit: resizing JitTable from 4096 to 8192
06-10 16:26:34.886 23613 24951 D dalvikvm: GC_EXPLICIT freed 251K, 6% free 10997K/11655K, paused 3ms+8ms
06-10 16:26:34.906 23613 24951 I Gmail   : MainSyncRequestProto: lowestBkwdConvoId: 0, highestHandledServerOp: 3230698, normalSync: true
06-10 16:26:34.949 23613 24951 W Gmail   : Scheduling index for 300000 ms from now
06-10 16:26:35.238   152  5617 D dalvikvm: GC_EXPLICIT freed 1385K, 25% free 17192K/22919K, paused 6ms+12ms
06-10 16:26:35.726 23613 24954 I Gmail   : MainSyncRequestProto: lowestBkwdConvoId: 0, highestHandledServerOp: 3230698, normalSync: true
06-10 16:26:36.082 23613 23615 D dalvikvm: GC_CONCURRENT freed 462K, 6% free 11132K/11719K, paused 8ms+5ms
06-10 16:26:36.476   390   392 D dalvikvm: GC_CONCURRENT freed 304K, 40% free 10291K/16903K, paused 1ms+8ms
06-10 16:26:36.550 23613 24954 D dalvikvm: GC_EXPLICIT freed 330K, 6% free 11112K/11719K, paused 4ms+18ms
06-10 16:26:36.601 23613 24954 I Gmail   : MainSyncRequestProto: lowestBkwdConvoId: 0, highestHandledServerOp: 3230708, normalSync: true
06-10 16:26:36.625 23613 24954 W Gmail   : Scheduling index for 300000 ms from now
06-10 16:26:37.199   152   169 I ActivityManager: Start proc com.facebook.orca for service com.facebook.orca/.push.mqtt.MqttPushService: pid=24956 uid=10061 gids={3003, 1015, 1006}
06-10 16:26:37.234 24956 24956 I dalvikvm: Turning on JNI app bug workarounds for target SDK version 10...
06-10 16:26:37.570 24956 24956 I ActivityThread: Pub com.facebook.orca.notify.MessengerLoggedInUserProvider: com.facebook.orca.notify.MessengerLoggedInUserProvider
06-10 16:26:37.586 24956 24956 I ActivityThread: Pub com.facebook.orca.notify.MessengerForegroundProvider: com.facebook.orca.notify.MessengerForegroundProvider
06-10 16:26:37.601 24956 24956 V orca:OrcaApplication: Forcing initialization of AsyncTask
06-10 16:26:37.773 24956 24957 D dalvikvm: GC_CONCURRENT freed 223K, 4% free 9313K/9607K, paused 24ms+2ms
06-10 16:26:37.777 24956 24956 I Finalizer: Couldn't access Thread.inheritableThreadLocals. Reference finalizer threads will inherit thread local values.
06-10 16:26:37.797   152   152 I ActivityManager: Process android.process.media (pid 24703) has died.
06-10 16:26:37.961 24956 24957 D dalvikvm: GC_CONCURRENT freed 357K, 5% free 9453K/9927K, paused 2ms+2ms
06-10 16:26:38.082 24956 24956 W OrcaGuiceModule: Sig: ijxLJi1yGs1JpL-X1SExmchvork
06-10 16:26:38.168 24956 24957 D dalvikvm: GC_CONCURRENT freed 287K, 5% free 9583K/9991K, paused 2ms+4ms
06-10 16:26:38.386 24956 24971 W Resources: Converting to string: TypedValue{t=0x10/d=0xffffffff a=-1}
06-10 16:26:38.590 24956 24957 D dalvikvm: GC_CONCURRENT freed 280K, 4% free 9831K/10183K, paused 8ms+3ms
06-10 16:26:38.824 24956 24956 D ACRA    : Retrieve application default SharedPreferences.
06-10 16:26:38.824 24956 24956 D ACRA    : Set OnSharedPreferenceChangeListener.
06-10 16:26:38.832 24956 24956 D ACRA    : ACRA is enabled for com.facebook.orca, intializing...
06-10 16:26:38.914 24956 24957 D dalvikvm: GC_CONCURRENT freed 298K, 4% free 10066K/10439K, paused 18ms+8ms
06-10 16:26:38.968 23613 23615 D dalvikvm: GC_CONCURRENT freed 587K, 7% free 11187K/11911K, paused 14ms+6ms
06-10 16:26:38.984 24956 24971 D dalvikvm: GC_FOR_ALLOC freed 222K, 6% free 10118K/10695K, paused 48ms
06-10 16:26:39.000 24956 24956 D ACRA    : Looking for error files in /data/data/com.facebook.orca/app_acra-reports
06-10 16:26:39.031 23613 23613 D webviewglue: nativeDestroy view: 0x20f5640
06-10 16:26:39.050 23613 23613 D webviewglue: nativeDestroy view: 0x1e05478
06-10 16:26:39.062 23613 23613 D webviewglue: nativeDestroy view: 0x2102b78
06-10 16:26:39.105 24956 24971 D dalvikvm: GC_FOR_ALLOC freed 121K, 5% free 10210K/10695K, paused 79ms
06-10 16:26:39.351   152   152 I ActivityManager: Process com.google.android.apps.uploader (pid 23273) has died.
06-10 16:26:39.550 24956 24971 D dalvikvm: GC_FOR_ALLOC freed 222K, 6% free 10241K/10823K, paused 105ms
06-10 16:26:39.824 24956 24957 D dalvikvm: GC_CONCURRENT freed 348K, 4% free 10404K/10823K, paused 8ms+32ms
06-10 16:26:40.039 24956 24957 D dalvikvm: GC_CONCURRENT freed 150K, 3% free 10793K/11015K, paused 3ms+5ms
06-10 16:26:40.343 24956 24957 D dalvikvm: GC_CONCURRENT freed 455K, 5% free 10937K/11463K, paused 2ms+6ms
06-10 16:26:40.402 23613 23615 D dalvikvm: GC_CONCURRENT freed 640K, 7% free 11243K/11975K, paused 8ms+9ms
06-10 16:26:40.742 24956 24957 D dalvikvm: GC_CONCURRENT freed 334K, 4% free 11249K/11655K, paused 2ms+4ms
06-10 16:26:41.015 23613 24934 I Gmail   : Sending notification intent: Intent { act=android.intent.action.PROVIDER_CHANGED dat=content://gmail-ls/unread/^i (has extras) }
06-10 16:26:41.097  1339  1339 D OpenGLRenderer: Flushing caches (mode 1)
06-10 16:26:41.183   390   390 D dalvikvm: GC_FOR_ALLOC freed 689K, 42% free 9960K/16903K, paused 18ms
06-10 16:26:41.293   390   392 D dalvikvm: GC_CONCURRENT freed 312K, 40% free 10158K/16903K, paused 2ms+4ms
06-10 16:26:41.379   152 31690 I ActivityManager: Process com.google.android.maps.mytracks (pid 24766) has died.
06-10 16:26:41.894 23613 23615 D dalvikvm: GC_CONCURRENT freed 1180K, 11% free 10793K/12103K, paused 3ms+5ms
06-10 16:26:42.218 24956 24957 D dalvikvm: GC_CONCURRENT freed 626K, 7% free 11317K/12039K, paused 9ms+8ms
06-10 16:26:42.898   152   206 I ActivityManager: START {act=android.intent.action.MAIN cat=[android.intent.category.HOME] flg=0x10200000 cmp=com.android.launcher/com.android.launcher2.Launcher} from pid 152
06-10 16:26:43.129 23613 23613 D OpenGLRenderer: Flushing caches (mode 0)
06-10 16:26:43.144   152 31690 I ActivityManager: Process com.google.android.apps.plus (pid 21222) has died.
06-10 16:26:43.144   152 31690 W ActivityManager: Scheduling restart of crashed service com.google.android.apps.plus/.hangout.GCommService in 5000ms
06-10 16:26:43.183 23613 24949 I Gmail   : Sending notification intent: Intent { act=android.intent.action.PROVIDER_CHANGED dat=content://gmail-ls/unread/^iim (has extras) }
06-10 16:26:43.183 23613 23613 D OpenGLRenderer: Flushing caches (mode 1)
06-10 16:26:43.390 23613 23615 D dalvikvm: GC_CONCURRENT freed 449K, 11% free 10862K/12103K, paused 6ms+7ms
06-10 16:26:43.902 23613 23615 D dalvikvm: GC_CONCURRENT freed 412K, 9% free 11029K/12103K, paused 7ms+15ms
06-10 16:26:44.125 23613 23613 D OpenGLRenderer: Flushing caches (mode 1)
06-10 16:26:44.340  1339  1342 D dalvikvm: GC_CONCURRENT freed 804K, 43% free 11556K/20039K, paused 2ms+5ms
06-10 16:26:44.429   152 16653 I ActivityManager: START {act=android.intent.action.MAIN cat=[android.intent.category.LAUNCHER] flg=0x10200000 cmp=com.google.android.talk/.SigningInActivity bnds=[96,706][192,802]} from pid 1339
06-10 16:26:44.554   152 31690 I ActivityManager: Start proc com.google.android.talk for activity com.google.android.talk/.SigningInActivity: pid=24984 uid=10047 gids={3003, 1015, 1006, 3002}
06-10 16:26:44.672  1339  1339 D OpenGLRenderer: Flushing caches (mode 1)
06-10 16:26:44.679  1339  1339 D OpenGLRenderer: Flushing caches (mode 0)
06-10 16:26:44.754 24984 24984 I ActivityThread: Pub com.google.android.talk.SuggestionProvider: com.google.android.talk.SuggestionsProvider
06-10 16:26:44.843 24984 24984 D vclib:CallStateClient: startListening
06-10 16:26:44.933 24984 24986 D dalvikvm: GC_CONCURRENT freed 169K, 3% free 9366K/9607K, paused 2ms+5ms
06-10 16:26:45.097   152   168 I Process : Sending signal. PID: 24984 SIG: 3
06-10 16:26:45.097 24984 24988 I dalvikvm: threadid=3: reacting to signal 3
06-10 16:26:45.183 24984 24988 I dalvikvm: Wrote stack traces to '/data/anr/traces.txt'
06-10 16:26:45.320   152 16653 I ActivityManager: Start proc android.process.media for content provider com.android.providers.media/.MediaProvider: pid=25008 uid=10012 gids={1015, 1023, 1024, 2001, 3003, 3007}
06-10 16:26:45.398 25008 25008 I ActivityThread: Pub downloads: com.android.providers.downloads.DownloadProvider
06-10 16:26:45.402 24984 24984 D vclib:CallStateClient: startListening
06-10 16:26:45.414 24984 24986 D dalvikvm: GC_CONCURRENT freed 272K, 4% free 9588K/9927K, paused 2ms+8ms
06-10 16:26:45.445 25008 25008 I ActivityThread: Pub drm: com.android.providers.drm.DrmProvider
06-10 16:26:45.445 25008 25021 I DownloadManager: in removeSpuriousFiles
06-10 16:26:45.453 25008 25008 I ActivityThread: Pub media: com.android.providers.media.MediaProvider
06-10 16:26:45.492 25008 25021 I DownloadManager: in removeSpuriousFiles, preserving file /data/data/com.android.providers.downloads/cache/downloadfile-1.apk
06-10 16:26:45.492 25008 25021 I DownloadManager: deleting spurious file /cache/backup
06-10 16:26:45.578   152   168 I Process : Sending signal. PID: 24984 SIG: 3
06-10 16:26:45.578 24984 24988 I dalvikvm: threadid=3: reacting to signal 3
06-10 16:26:45.597 24984 24988 I dalvikvm: Wrote stack traces to '/data/anr/traces.txt'
06-10 16:26:45.609 24984 24984 D libEGL  : loaded /system/lib/egl/libGLES_android.so
06-10 16:26:45.617 24984 24984 D libEGL  : loaded /vendor/lib/egl/libEGL_POWERVR_SGX540_120.so
06-10 16:26:45.668 24984 24984 D libEGL  : loaded /vendor/lib/egl/libGLESv1_CM_POWERVR_SGX540_120.so
06-10 16:26:45.672 24984 24984 D libEGL  : loaded /vendor/lib/egl/libGLESv2_POWERVR_SGX540_120.so
06-10 16:26:45.746 25008 25010 D dalvikvm: GC_CONCURRENT freed 366K, 5% free 9166K/9607K, paused 2ms+7ms
06-10 16:26:45.781 24984 24984 D OpenGLRenderer: Enabling debug mode 0
06-10 16:26:45.859   152   201 I ActivityManager: Displayed com.google.android.talk/.SigningInActivity: +1s355ms
06-10 16:26:45.886  1339  1339 D OpenGLRenderer: Flushing caches (mode 1)
06-10 16:26:45.918   152 17024 I ActivityManager: Process com.twitter.android (pid 23202) has died.
06-10 16:26:46.105 24984 24984 D vclib:CallStateClient: stopListening
06-10 16:26:46.109 24984 24984 D vclib:CallStateClient: startListening
06-10 16:26:46.215   152  5617 D dalvikvm: GC_EXPLICIT freed 1416K, 28% free 16599K/22919K, paused 3ms+8ms
06-10 16:26:46.429 24984 24986 D dalvikvm: GC_CONCURRENT freed 310K, 4% free 9736K/10119K, paused 18ms+4ms
06-10 16:26:46.531 23613 23613 D OpenGLRenderer: Flushing caches (mode 2)
06-10 16:26:46.558  1339  1339 D OpenGLRenderer: Flushing caches (mode 2)
06-10 16:26:46.586  1339  1339 D OpenGLRenderer: Flushing caches (mode 0)
06-10 16:26:46.590 23613 23613 D OpenGLRenderer: Flushing caches (mode 0)
06-10 16:26:46.590 23613 23613 W ManagedEGLContext: doTerminate failed: EGL count is 2 but managed count is 1
06-10 16:26:46.636 24984 24986 D dalvikvm: GC_CONCURRENT freed 121K, 3% free 10056K/10311K, paused 2ms+5ms
06-10 16:26:46.976 23613 23613 D OpenGLRenderer: Flushing caches (mode 1)
06-10 16:26:48.207   152   169 I ActivityManager: Start proc com.google.android.apps.plus for service com.google.android.apps.plus/.hangout.GCommService: pid=25034 uid=10058 gids={3003, 3002, 1015, 1006}
06-10 16:26:48.437 25034 25037 D dalvikvm: GC_CONCURRENT freed 162K, 3% free 9373K/9607K, paused 2ms+2ms
06-10 16:26:48.554 25034 25034 I ActivityThread: Pub com.google.android.apps.plus.content.ApiProvider: com.google.android.apps.plus.content.EsApiProvider
06-10 16:26:48.590 25034 25034 I ActivityThread: Pub com.google.android.apps.plus.content.EsGooglePhotoProvider: com.google.android.picasasync.PicasaContentProvider
06-10 16:26:48.757 25034 25037 D dalvikvm: GC_CONCURRENT freed 480K, 6% free 9428K/9991K, paused 2ms+3ms
06-10 16:26:48.761 25034 25034 I ActivityThread: Pub com.google.android.apps.plus.content.EsPicasaStoreProvider: com.google.android.picasastore.PicasaPhotoContentProvider
06-10 16:26:48.773 25034 25034 I ActivityThread: Pub com.google.plus.platform: com.google.android.apps.plus.content.AdsProvider
06-10 16:26:48.777 25034 25034 I ActivityThread: Pub com.google.android.apps.plus.iu.EsGoogleIuProvider: com.google.android.apps.plus.iu.InstantUploadProvider
06-10 16:26:48.808 25034 25034 I ActivityThread: Pub com.google.android.apps.plus.content.EsProvider: com.google.android.apps.plus.content.EsProvider
06-10 16:26:48.867 25034 25037 D dalvikvm: GC_CONCURRENT freed 417K, 5% free 9593K/10055K, paused 2ms+2ms
06-10 16:26:48.898 25034 25048 D PicasaPhotoCP: set fsid first time:-1
06-10 16:26:49.035 25034 25037 D dalvikvm: GC_CONCURRENT freed 152K, 3% free 9937K/10183K, paused 6ms+2ms
06-10 16:26:49.117 25034 25037 D dalvikvm: GC_CONCURRENT freed 275K, 4% free 10112K/10503K, paused 2ms+3ms
06-10 16:26:49.140 25034 25034 D dalvikvm: GC_FOR_ALLOC freed 0K, 4% free 10112K/10503K, paused 21ms
06-10 16:26:49.140 25034 25034 I dalvikvm-heap: Grow heap (frag case) to 10.191MB for 260112-byte allocation
06-10 16:26:49.168 25034 25034 D dalvikvm: GC_FOR_ALLOC freed 126K, 5% free 10240K/10759K, paused 20ms
06-10 16:26:49.195 25034 25034 D dalvikvm: GC_FOR_ALLOC freed 311K, 6% free 10177K/10759K, paused 18ms
06-10 16:26:49.215 25034 25034 D dalvikvm: GC_FOR_ALLOC freed 62K, 5% free 10241K/10759K, paused 18ms
06-10 16:26:49.215 25034 25034 I dalvikvm-heap: Grow heap (frag case) to 10.318MB for 260112-byte allocation
06-10 16:26:49.234 25034 25034 D dalvikvm: GC_FOR_ALLOC freed 126K, 6% free 10369K/11015K, paused 18ms
06-10 16:26:49.257 25034 25034 D dalvikvm: GC_FOR_ALLOC freed 369K, 6% free 10369K/11015K, paused 18ms
06-10 16:26:49.277 25034 25034 D dalvikvm: GC_FOR_ALLOC freed 126K, 5% free 10497K/11015K, paused 17ms
06-10 16:26:49.410 25034 25037 D dalvikvm: GC_CONCURRENT freed 340K, 5% free 10697K/11143K, paused 1ms+4ms
06-10 16:26:49.566 25034 25037 D dalvikvm: GC_CONCURRENT freed 123K, 2% free 11141K/11335K, paused 2ms+3ms
06-10 16:26:49.746 25034 25037 D dalvikvm: GC_CONCURRENT freed 426K, 5% free 11477K/11975K, paused 2ms+3ms
06-10 16:26:49.914 25034 25034 D dalvikvm: Trying to load lib /data/data/com.google.android.apps.plus/lib/libgcomm_jni.so 0x4131f790
06-10 16:26:50.250 25034 25034 D dalvikvm: Added shared lib /data/data/com.google.android.apps.plus/lib/libgcomm_jni.so 0x4131f790
06-10 16:26:50.250 25034 25034 V gcomm_native: [static void util::JniHelper::SetJavaVm(JavaVM*) jni_helper.cpp(15) 400ae488] JavaVM 0x1a0f3e0
06-10 16:26:50.250 25034 25034 V gcomm_native: [jint JNI_OnLoad(JavaVM*, void*) jni_helper.cpp(97) 400ae488] JNI_OnLoad
06-10 16:26:50.250 25034 25034 I gcomm_native: [jboolean Java_com_google_android_apps_plus_hangout_GCommNativeWrapper_nativeStaticInitialize(JNIEnv*, _jclass*, _jobject*, _jstring*, _jstring*, _jstring*, jboolean, _jstring*) gcomm_native_wrapper.cpp(936) 400ae488] GComm Static Native initializing
06-10 16:26:50.562 25034 25034 I gcomm_native: [static void cricket::LmiVideoEngine::SetDeviceCaptureType(const DeviceCaptureType&) lmimediaengine.cc(452) 400ae488] Setting capture type low resolution
06-10 16:26:50.621 25034 25037 D dalvikvm: GC_CONCURRENT freed 617K, 7% free 11610K/12359K, paused 2ms+3ms
06-10 16:26:50.715 23613 23613 D OpenGLRenderer: Flushing caches (mode 2)
06-10 16:26:50.715 23613 23613 D OpenGLRenderer: Flushing caches (mode 0)
06-10 16:26:50.715 23613 23613 W ManagedEGLContext: doTerminate failed: EGL count is 2 but managed count is 1
06-10 16:26:51.140 20838 20841 D dalvikvm: GC_CONCURRENT freed 463K, 8% free 10244K/11079K, paused 17ms+6ms
06-10 16:26:53.812 24984 24984 D talk    : [BuddyList] closeAllChats
06-10 16:26:54.004   152   655 W InputManagerService: Window already focused, ignoring focus gain of: com.android.internal.view.IInputMethodClient$Stub$Proxy@417b6b48
06-10 16:26:54.269 24984 24986 D dalvikvm: GC_CONCURRENT freed 312K, 4% free 10230K/10631K, paused 4ms+5ms
06-10 16:26:54.648 24984 24986 D dalvikvm: GC_CONCURRENT freed 416K, 5% free 10254K/10759K, paused 2ms+4ms
06-10 16:26:56.453   152   492 I WindowManager: WIN DEATH: Window{41bbe188 com.android.settings/com.android.settings.Settings paused=false}
06-10 16:26:56.457   152 31690 I ActivityManager: Process com.android.settings (pid 23172) has died.
06-10 16:26:56.465   152   552 I WindowManager: WIN DEATH: Window{41beb078 com.android.settings/com.android.settings.SubSettings paused=false}
06-10 16:26:56.605 24984 24984 D dalvikvm: GC_FOR_ALLOC freed 170K, 5% free 10447K/10887K, paused 27ms
06-10 16:26:56.918 24984 24984 D dalvikvm: GC_FOR_ALLOC freed 112K, 5% free 10631K/11079K, paused 21ms
06-10 16:26:57.519 24984 24984 D dalvikvm: GC_FOR_ALLOC freed 279K, 6% free 10668K/11271K, paused 27ms
06-10 16:26:57.859 24984 24984 D dalvikvm: GC_FOR_ALLOC freed 289K, 6% free 10701K/11335K, paused 20ms
06-10 16:26:58.336 24984 24984 D dalvikvm: GC_FOR_ALLOC freed 316K, 6% free 10709K/11335K, paused 22ms
06-10 16:26:58.609 24984 24984 D dalvikvm: GC_FOR_ALLOC freed 403K, 7% free 10687K/11399K, paused 20ms
06-10 16:26:58.812 24984 24984 D dalvikvm: GC_FOR_ALLOC freed 342K, 7% free 10706K/11399K, paused 21ms
06-10 16:26:59.390 24984 24984 D dalvikvm: GC_FOR_ALLOC freed 355K, 6% free 10739K/11399K, paused 25ms
06-10 16:26:59.957 24984 24984 D dalvikvm: GC_FOR_ALLOC freed 357K, 7% free 10707K/11399K, paused 21ms
06-10 16:27:00.070 23613 23613 D OpenGLRenderer: Flushing caches (mode 2)
06-10 16:27:00.070 23613 23613 D OpenGLRenderer: Flushing caches (mode 0)
06-10 16:27:00.070 23613 23613 W ManagedEGLContext: doTerminate failed: EGL count is 2 but managed count is 1
06-10 16:27:00.132 24984 24984 D dalvikvm: GC_FOR_ALLOC freed 338K, 7% free 10675K/11399K, paused 21ms
06-10 16:27:00.355 24984 24984 D dalvikvm: GC_FOR_ALLOC freed 352K, 7% free 10690K/11399K, paused 21ms
06-10 16:27:03.535 24984 24986 D dalvikvm: GC_CONCURRENT freed 430K, 6% free 10734K/11399K, paused 7ms+4ms
06-10 16:27:03.586 24984 24984 D vclib:CallStateClient: stopListening
06-10 16:27:03.668 24984 24984 D vclib:CallStateClient: startListening
06-10 16:27:04.090  7488  7492 D dalvikvm: GC_CONCURRENT freed 377K, 6% free 10684K/11271K, paused 21ms+5ms
06-10 16:27:04.207 24984 24986 D dalvikvm: GC_CONCURRENT freed 742K, 9% free 10448K/11399K, paused 4ms+4ms
06-10 16:27:16.918 24984 24986 D dalvikvm: GC_CONCURRENT freed 316K, 8% free 10554K/11399K, paused 2ms+3ms
06-10 16:27:18.898 24984 24984 D vclib:CallStateClient: stopListening
06-10 16:27:18.965 24984 24984 D vclib:CallStateClient: startListening
06-10 16:27:19.082   152   164 W InputManagerService: Window already focused, ignoring focus gain of: com.android.internal.view.IInputMethodClient$Stub$Proxy@41591800
06-10 16:27:19.293 24984 24984 D vclib:CallStateClient: stopListening
06-10 16:27:19.293 24984 24984 D vclib:CallStateClient: startListening
06-10 16:27:19.336 24984 24984 D dalvikvm: GC_FOR_ALLOC freed 372K, 8% free 10552K/11399K, paused 27ms
06-10 16:27:19.406 24984 24984 D dalvikvm: GC_FOR_ALLOC freed 124K, 7% free 10619K/11399K, paused 22ms
06-10 16:27:19.441 24984 24984 D dalvikvm: GC_FOR_ALLOC freed 56K, 7% free 10636K/11399K, paused 22ms
06-10 16:27:19.480 24984 24984 D dalvikvm: GC_FOR_ALLOC freed 54K, 7% free 10654K/11399K, paused 22ms
06-10 16:27:19.515 24984 24984 D dalvikvm: GC_FOR_ALLOC freed 53K, 7% free 10686K/11399K, paused 21ms
06-10 16:27:19.554 24984 24984 D dalvikvm: GC_FOR_ALLOC freed 55K, 6% free 10721K/11399K, paused 22ms
06-10 16:27:19.593 24984 24984 D dalvikvm: GC_FOR_ALLOC freed 65K, 6% free 10739K/11399K, paused 23ms
06-10 16:27:19.699 24794 24798 D dalvikvm: GC_CONCURRENT freed 428K, 6% free 9491K/10055K, paused 2ms+8ms
06-10 16:27:19.855 24984 24984 D dalvikvm: GC_FOR_ALLOC freed 120K, 6% free 10722K/11399K, paused 21ms
06-10 16:27:21.863   152  5616 W InputManagerService: Starting input on non-focused client com.android.internal.view.IInputMethodClient$Stub$Proxy@418eca60 (uid=10047 pid=24984)
06-10 16:27:21.965 24984 24984 D OpenGLRenderer: Flushing caches (mode 0)
06-10 16:27:23.316 24984 24984 D OpenGLRenderer: Flushing caches (mode 1)
06-10 16:27:23.328 24984 24984 D vclib:CallStateClient: stopListening
06-10 16:27:24.090   152   198 I power   : *** set_screen_state 0
06-10 16:27:24.148    79   119 D SurfaceFlinger: About to give-up screen, flinger = 0x2c1918
06-10 16:27:24.375   152   202 V TransportControlView: Create TCV com.android.internal.widget.TransportControlView@41a683d8
06-10 16:27:24.558   390   390 D PhoneStatusBar: disable: < EXPAND* icons alerts TICKER* system_info back home RECENT* clock >
06-10 16:27:24.629   390   390 D PhoneStatusBar: disable: < EXPAND icons alerts TICKER system_info BACK* HOME* RECENT CLOCK* >
06-10 16:27:24.820   152   202 D dalvikvm: GC_FOR_ALLOC freed 696K, 25% free 17271K/22919K, paused 144ms
06-10 16:27:24.882 24984 24984 D OpenGLRenderer: Flushing caches (mode 2)
06-10 16:27:24.988 23613 25068 I Gmail   : MainSyncRequestProto: lowestBkwdConvoId: 0, highestHandledServerOp: 3230708, normalSync: true
06-10 16:27:25.234 23613 23613 D OpenGLRenderer: Flushing caches (mode 1)
06-10 16:27:26.683 23613 23613 D OpenGLRenderer: Flushing caches (mode 1)
06-10 16:27:27.062 23613 23615 D dalvikvm: GC_CONCURRENT freed 643K, 10% free 10975K/12103K, paused 2ms+9ms
06-10 16:27:27.211 23613 25068 D dalvikvm: GC_EXPLICIT freed 313K, 10% free 10925K/12103K, paused 2ms+3ms
06-10 16:27:27.222 23613 25068 I Gmail   : MainSyncRequestProto: lowestBkwdConvoId: 0, highestHandledServerOp: 3230745, normalSync: true
06-10 16:27:27.234 23613 25068 W Gmail   : Scheduling index for 300000 ms from now
06-10 16:27:27.336 23613 25070 I Gmail   : MainSyncRequestProto: lowestBkwdConvoId: 0, highestHandledServerOp: 3230745, normalSync: true
06-10 16:27:27.394 23613 23613 D OpenGLRenderer: Flushing caches (mode 1)
06-10 16:27:27.902 23613 25070 D dalvikvm: GC_EXPLICIT freed 133K, 10% free 10951K/12103K, paused 2ms+3ms
06-10 16:27:27.906 23613 25070 I Gmail   : MainSyncRequestProto: lowestBkwdConvoId: 0, highestHandledServerOp: 3230745, normalSync: true
06-10 16:27:27.918 23613 25070 W Gmail   : Scheduling index for 300000 ms from now
06-10 16:27:49.718 23613 23613 D OpenGLRenderer: Flushing caches (mode 1)
06-10 16:27:50.777 22620 22623 D dalvikvm: GC_CONCURRENT freed 511K, 14% free 10415K/11975K, paused 2ms+3ms
06-10 16:27:50.871   152   164 D dalvikvm: GC_EXPLICIT freed 273K, 22% free 17937K/22919K, paused 3ms+7ms
06-10 16:28:11.066   152   200 I ActivityManager: Start proc com.twitter.android for service com.twitter.android/.client.AppService: pid=25074 uid=10068 gids={3003, 1015}
06-10 16:28:11.113 25074 25074 I dalvikvm: Turning on JNI app bug workarounds for target SDK version 11...
06-10 16:28:11.254 25074 25074 I ActivityThread: Pub com.twitter.android.provider.GlobalDatabaseProvider: com.twitter.android.provider.GlobalDatabaseProvider
06-10 16:28:11.261 25074 25074 I ActivityThread: Pub com.twitter.android.provider.TwitterProvider: com.twitter.android.provider.TwitterProvider
06-10 16:28:11.355 25074 25075 D dalvikvm: GC_CONCURRENT freed 212K, 4% free 9265K/9607K, paused 22ms+2ms
06-10 16:28:11.726 25074 25075 D dalvikvm: GC_CONCURRENT freed 174K, 4% free 9495K/9799K, paused 2ms+2ms
06-10 16:28:11.863 25074 25075 D dalvikvm: GC_CONCURRENT freed 301K, 5% free 9628K/10055K, paused 2ms+2ms
06-10 16:28:11.996 25074 25075 D dalvikvm: GC_CONCURRENT freed 298K, 5% free 9758K/10183K, paused 1ms+2ms
06-10 16:28:12.125 25074 25075 D dalvikvm: GC_CONCURRENT freed 316K, 5% free 9886K/10311K, paused 1ms+3ms
06-10 16:28:12.250 25074 25075 D dalvikvm: GC_CONCURRENT freed 308K, 5% free 10020K/10439K, paused 1ms+2ms
06-10 16:28:12.363 25074 25075 D dalvikvm: GC_CONCURRENT freed 296K, 4% free 10146K/10567K, paused 1ms+1ms
06-10 16:28:12.480 25074 25075 D dalvikvm: GC_CONCURRENT freed 308K, 4% free 10280K/10695K, paused 2ms+2ms
06-10 16:28:12.664 25074 25075 D dalvikvm: GC_CONCURRENT freed 479K, 6% free 10224K/10823K, paused 1ms+2ms
06-10 16:28:12.789 25074 25075 D dalvikvm: GC_CONCURRENT freed 323K, 5% free 10300K/10823K, paused 2ms+1ms
06-10 16:28:12.922 25074 25075 D dalvikvm: GC_CONCURRENT freed 334K, 5% free 10388K/10823K, paused 2ms+2ms
06-10 16:28:13.043 25074 25075 D dalvikvm: GC_CONCURRENT freed 369K, 5% free 10475K/10951K, paused 2ms+2ms
06-10 16:28:13.164 25074 25075 D dalvikvm: GC_CONCURRENT freed 349K, 5% free 10558K/11015K, paused 1ms+2ms
06-10 16:28:13.277 25074 25075 D dalvikvm: GC_CONCURRENT freed 324K, 4% free 10639K/11079K, paused 2ms+2ms
06-10 16:28:13.402 25074 25075 D dalvikvm: GC_CONCURRENT freed 379K, 5% free 10728K/11207K, paused 2ms+1ms
06-10 16:28:13.535 25074 25075 D dalvikvm: GC_CONCURRENT freed 406K, 5% free 10824K/11335K, paused 2ms+2ms
06-10 16:28:13.773   152   858 I ActivityManager: Process android.process.acore (pid 24794) has died.
06-10 16:28:13.797 23613 23613 D OpenGLRenderer: Flushing caches (mode 2)
06-10 16:28:13.797 23613 23613 D OpenGLRenderer: Flushing caches (mode 0)
06-10 16:28:13.808 23613 23613 W ManagedEGLContext: doTerminate failed: EGL count is 2 but managed count is 1
06-10 16:28:14.195 25074 25075 D dalvikvm: GC_CONCURRENT freed 335K, 4% free 11006K/11463K, paused 2ms+2ms
06-10 16:28:14.715 25074 25089 D dalvikvm: GC_FOR_ALLOC freed 147K, 5% free 11136K/11655K, paused 34ms
06-10 16:28:14.750 25074 25089 D dalvikvm: GC_FOR_ALLOC freed 81K, 6% free 11219K/11847K, paused 27ms
06-10 16:28:14.750 25074 25089 I dalvikvm-heap: Grow heap (frag case) to 11.349MB for 339996-byte allocation
06-10 16:28:14.777 25074 25089 D dalvikvm: GC_FOR_ALLOC freed 164K, 7% free 11386K/12231K, paused 26ms
06-10 16:28:15.164 25074 25075 D dalvikvm: GC_CONCURRENT freed 256K, 4% free 11845K/12231K, paused 2ms+2ms
06-10 16:28:17.480 25074 25075 D dalvikvm: GC_CONCURRENT freed 1471K, 13% free 11232K/12807K, paused 2ms+8ms
06-10 16:28:50.886  7488  7500 D dalvikvm: GC_EXPLICIT freed 341K, 6% free 10638K/11271K, paused 2ms+7ms
06-10 16:28:50.980 20838 20841 D dalvikvm: GC_CONCURRENT freed 489K, 8% free 10260K/11079K, paused 2ms+8ms
06-10 16:28:51.058 22620 22623 D dalvikvm: GC_CONCURRENT freed 410K, 13% free 10426K/11975K, paused 2ms+2ms
06-10 16:29:50.933 20838 20841 D dalvikvm: GC_CONCURRENT freed 449K, 8% free 10246K/11079K, paused 1ms+2ms
06-10 16:30:50.961 22620 22623 D dalvikvm: GC_CONCURRENT freed 510K, 13% free 10427K/11975K, paused 1ms+3ms
06-10 16:31:13.546   152   168 V BackupManagerService: Running a backup pass
06-10 16:31:13.562   152   325 V BackupManagerService: Backup requested but nothing pending
06-10 16:31:28.039 22769 22783 I PhoneLab-: Service Running
06-10 16:31:28.086 22769 22783 I PhoneLab-LoggerService: app_38    1290  1     1788   1344  c00f181c 400107b4 S logcat
06-10 16:31:28.086 22769 22783 I PhoneLab-LoggerService: Logcat pid from database 1290
06-10 16:31:28.086 22769 22783 I PhoneLab-LoggerService: Logcat process found 1290
06-10 16:31:28.086 22769 22783 I PhoneLab-LoggerService: Checking Threshold
06-10 16:31:28.089 22769 22783 I PhoneLab-: Service Running
06-10 16:31:28.121 22769 22783 I PhoneLab-LoggerService: app_38    1290  1     1788   1344  c00f181c 400107b4 S logcat
06-10 16:31:28.121 22769 22783 I PhoneLab-LoggerService: Logcat pid from database 1290
06-10 16:31:28.121 22769 22783 I PhoneLab-LoggerService: Logcat process found 1290
06-10 16:31:28.121 22769 22783 I PhoneLab-LoggerService: Checking Threshold
06-10 16:31:51.421 20838 20841 D dalvikvm: GC_CONCURRENT freed 482K, 8% free 10267K/11079K, paused 2ms+3ms
06-10 16:32:51.597 22620 22623 D dalvikvm: GC_CONCURRENT freed 519K, 13% free 10420K/11975K, paused 2ms+2ms
06-10 16:32:51.714 20838 20841 D dalvikvm: GC_CONCURRENT freed 457K, 8% free 10244K/11079K, paused 1ms+2ms
06-10 16:33:18.554 25074 25075 D dalvikvm: GC_CONCURRENT freed 552K, 12% free 11302K/12807K, paused 4ms+4ms
06-10 16:34:51.660 22620 22623 D dalvikvm: GC_CONCURRENT freed 502K, 13% free 10430K/11975K, paused 2ms+3ms
06-10 16:34:51.777 20838 20841 D dalvikvm: GC_CONCURRENT freed 476K, 8% free 10269K/11079K, paused 2ms+3ms
06-10 16:35:51.781 20838 20841 D dalvikvm: GC_CONCURRENT freed 465K, 8% free 10247K/11079K, paused 2ms+3ms
06-10 16:36:51.742 22620 22623 D dalvikvm: GC_CONCURRENT freed 513K, 13% free 10429K/11975K, paused 1ms+3ms
06-10 16:37:11.472 22769 22769 I PhoneLab-Locks: wake lock acquired
06-10 16:37:11.500 22769 25138 I PhoneLab-PeriodicCheckService: User info is synched
06-10 16:37:11.500 22769 25138 I PhoneLab-PeriodicCheckService: Logger Service is running
06-10 16:37:11.504 22769 22769 I PhoneLab-Locks: wake lock acquired
06-10 16:37:11.511 22769 22769 I PhoneLab-StatusMonitor: Status Monitoring is started
06-10 16:37:11.511 22769 25138 I PhoneLab-Locks: wake lock acquired
06-10 16:37:11.515 22769 25138 I PhoneLab-PeriodicCheckService: Rescheduling periodic checking...
06-10 16:37:11.519 22769 25138 I PhoneLab-Locks: wake lock released
06-10 16:37:11.543 22769 22769 E PhoneLab-PhoneLabManifest: java.io.FileNotFoundException: /data/data/edu.buffalo.cse.phonelab.phonelabservices/files/manifest.xml: open failed: ENOENT (No such file or directory)
06-10 16:37:11.562 22769 22769 I PhoneLab-Locks: wake lock released
06-10 16:37:11.562 22769 22769 I PhoneLab-UploadLogs: Transfering log files now
06-10 16:37:11.562 22769 22769 I PhoneLab-UploadLogs: No log files to transfer
06-10 16:37:11.562 22769 22769 I PhoneLab-Locks: wake lock released
06-10 16:37:11.566 22769 22769 I PhoneLab-UploadLogs: OnStartCommand
06-10 16:37:11.570 22769 22770 D dalvikvm: GC_CONCURRENT freed 413K, 15% free 9133K/10695K, paused 2ms+2ms
06-10 16:37:51.910 20838 20841 D dalvikvm: GC_CONCURRENT freed 502K, 8% free 10256K/11079K, paused 2ms+2ms
06-10 16:37:51.937 22620 22623 D dalvikvm: GC_CONCURRENT freed 491K, 13% free 10449K/11975K, paused 6ms+5ms
06-10 16:37:52.105 20838 20841 D dalvikvm: GC_CONCURRENT freed 351K, 7% free 10381K/11079K, paused 3ms+2ms
06-10 16:37:52.730 20838 20841 D dalvikvm: GC_CONCURRENT freed 547K, 8% free 10218K/11079K, paused 6ms+3ms
06-10 16:38:18.711   152   168 D dalvikvm: GC_EXPLICIT freed 1839K, 22% free 17972K/22919K, paused 8ms+9ms
06-10 16:38:18.949 22769 22783 I PhoneLab-: Service Running
06-10 16:38:19.019 22769 22783 I PhoneLab-LoggerService: app_38    1290  1     1788   1344  c00f181c 400107b4 S logcat
06-10 16:38:19.019 22769 22783 I PhoneLab-LoggerService: Logcat pid from database 1290
06-10 16:38:19.019 22769 22783 I PhoneLab-LoggerService: Logcat process found 1290
06-10 16:38:19.019 22769 22783 I PhoneLab-LoggerService: Checking Threshold
06-10 16:38:19.019 22769 22783 I PhoneLab-: Service Running
06-10 16:38:19.050 22769 22783 I PhoneLab-LoggerService: app_38    1290  1     1788   1344  c00f181c 400107b4 S logcat
06-10 16:38:19.050 22769 22783 I PhoneLab-LoggerService: Logcat pid from database 1290
06-10 16:38:19.050 22769 22783 I PhoneLab-LoggerService: Logcat process found 1290
06-10 16:38:19.050 22769 22783 I PhoneLab-LoggerService: Checking Threshold
06-10 16:38:19.050 22769 22783 I PhoneLab-: Service Running
06-10 16:38:19.082 22769 22783 I PhoneLab-LoggerService: app_38    1290  1     1788   1344  c00f181c 400107b4 S logcat
06-10 16:38:19.082 22769 22783 I PhoneLab-LoggerService: Logcat pid from database 1290
06-10 16:38:19.082 22769 22783 I PhoneLab-LoggerService: Logcat process found 1290
06-10 16:38:19.082 22769 22783 I PhoneLab-LoggerService: Checking Threshold
06-10 16:38:19.082 22769 22783 I PhoneLab-: Service Running
06-10 16:38:19.113 22769 22783 I PhoneLab-LoggerService: app_38    1290  1     1788   1344  c00f181c 400107b4 S logcat
06-10 16:38:19.113 22769 22783 I PhoneLab-LoggerService: Logcat pid from database 1290
06-10 16:38:19.113 22769 22783 I PhoneLab-LoggerService: Logcat process found 1290
06-10 16:38:19.113 22769 22783 I PhoneLab-LoggerService: Checking Threshold
06-10 16:38:20.484 25074 25075 D dalvikvm: GC_CONCURRENT freed 584K, 12% free 11388K/12807K, paused 4ms+2ms
06-10 16:39:51.867 22620 22623 D dalvikvm: GC_CONCURRENT freed 529K, 13% free 10432K/11975K, paused 1ms+3ms
06-10 16:39:51.976 20838 20841 D dalvikvm: GC_CONCURRENT freed 418K, 7% free 10310K/11079K, paused 2ms+3ms
06-10 16:40:03.867 23613 23613 D OpenGLRenderer: Flushing caches (mode 2)
06-10 16:40:03.867 23613 23613 D OpenGLRenderer: Flushing caches (mode 0)
06-10 16:40:03.867 23613 23613 W ManagedEGLContext: doTerminate failed: EGL count is 2 but managed count is 1
06-10 16:40:03.890 23600 23600 I Genie   : refresh service retry #0, ignoreMASFCache = false
06-10 16:40:10.996   152   200 I ActivityManager: Start proc com.google.android.apps.maps for service com.google.android.apps.maps/com.google.googlenav.prefetch.android.PrefetcherService: pid=25176 uid=10057 gids={3003, 1015}
06-10 16:40:11.007 23613 23613 D OpenGLRenderer: Flushing caches (mode 1)
06-10 16:40:11.254 25176 25179 D dalvikvm: GC_CONCURRENT freed 167K, 3% free 9369K/9607K, paused 2ms+2ms
06-10 16:40:11.402 25176 25176 I ActivityThread: Pub com.google.android.maps.SearchHistoryProvider: com.google.googlenav.provider.SearchHistoryProvider
06-10 16:40:11.418 25176 25176 I ActivityThread: Pub com.google.android.maps.SuggestionProvider: com.google.googlenav.suggest.android.SuggestContentProvider
06-10 16:40:11.457 25176 25176 I ActivityThread: Pub com.google.android.maps.LayerInfoProvider: com.google.googlenav.layer.LayerInfoProvider
06-10 16:40:11.465 25176 25176 I ActivityThread: Pub com.google.android.maps.TrafficAppWidgetProvider: com.google.googlenav.appwidget.traffic.TrafficAppWidgetProvider
06-10 16:40:11.472 25176 25176 I ActivityThread: Pub com.google.android.maps.LocalActivePlacesProvider: com.google.googlenav.provider.LocalActivePlacesProvider
06-10 16:40:11.472 25176 25176 I ActivityThread: Pub com.google.android.maps.StarredItemProvider: com.google.googlenav.provider.StarredItemProvider
06-10 16:40:11.566 25176 25179 D dalvikvm: GC_CONCURRENT freed 199K, 3% free 9695K/9991K, paused 2ms+2ms
06-10 16:40:11.808 25176 25176 I ActivityThread: Pub com.google.android.maps.LocalSuggestionProvider: com.google.googlenav.provider.LocalSuggestionProvider
06-10 16:40:11.808 25176 25176 I ActivityThread: Pub com.google.android.maps.NavigationAvailabilityProvider: com.google.googlenav.provider.NavigationAvailabilityProvider
06-10 16:40:11.910 25176 25179 D dalvikvm: GC_CONCURRENT freed 261K, 4% free 9981K/10311K, paused 1ms+2ms
06-10 16:40:12.027 25176 25208 D dalvikvm: GC_FOR_ALLOC freed 163K, 4% free 10192K/10567K, paused 28ms
06-10 16:40:12.285   152   152 I ActivityManager: Process com.google.android.talk (pid 24984) has died.
06-10 16:40:12.351 23613 23613 D OpenGLRenderer: Flushing caches (mode 2)
06-10 16:40:12.351 23613 23613 D OpenGLRenderer: Flushing caches (mode 0)
06-10 16:40:12.351 23613 23613 W ManagedEGLContext: doTerminate failed: EGL count is 2 but managed count is 1
06-10 16:40:13.152 23613 25175 W Gmail   : Successful index run, cancel next scheduled index run
06-10 16:40:34.007  7488  7568 D androidNetworkLocationListeners: Still have listener com.google.android.location.internal.client.NetworkLocationClient$1@41497d68
06-10 16:40:34.078  7488  7568 D androidNetworkLocationListeners: Still have listener com.google.android.location.internal.client.NetworkLocationClient$1@41497d68
06-10 16:40:34.175  7488  7568 D androidNetworkLocationListeners: Still have listener com.google.android.location.internal.client.NetworkLocationClient$1@41497d68
06-10 16:40:34.207  7488  7492 D dalvikvm: GC_CONCURRENT freed 444K, 6% free 10623K/11271K, paused 2ms+3ms
06-10 16:40:34.211 23613 23613 D OpenGLRenderer: Flushing caches (mode 2)
06-10 16:40:34.215 23613 23613 D OpenGLRenderer: Flushing caches (mode 0)
06-10 16:40:34.215 23613 23613 W ManagedEGLContext: doTerminate failed: EGL count is 2 but managed count is 1
06-10 16:40:34.761 23600 23601 D dalvikvm: GC_CONCURRENT freed 363K, 9% free 9582K/10439K, paused 4ms+2ms
06-10 16:40:35.019 23600 23601 D dalvikvm: GC_CONCURRENT freed 446K, 9% free 9537K/10439K, paused 2ms+3ms
06-10 16:40:36.375 23600 23601 D dalvikvm: GC_CONCURRENT freed 350K, 9% free 9593K/10439K, paused 14ms+2ms
06-10 16:40:37.859 23600 25216 W ResponseProcessCookies: Cookie rejected: "BasicClientCookie[version=0,name=JSESSIONID,domain=m.guardian.co.uk,path=/ms,expiry=null]". Illegal path attribute "/ms". Path of origin: "/world/2012/jun/10/auburn-university-football-party-shooting"
06-10 16:40:38.336 23600 23601 D dalvikvm: GC_CONCURRENT freed 402K, 8% free 9677K/10439K, paused 2ms+2ms
06-10 16:40:38.980 23600 23601 D dalvikvm: GC_CONCURRENT freed 474K, 8% free 9651K/10439K, paused 3ms+5ms
06-10 16:40:39.277 23600 23601 D dalvikvm: GC_CONCURRENT freed 429K, 8% free 9689K/10439K, paused 2ms+3ms
06-10 16:40:39.418 23600 23601 D dalvikvm: GC_CONCURRENT freed 548K, 9% free 9585K/10439K, paused 2ms+3ms
06-10 16:40:39.558 23600 23601 D dalvikvm: GC_CONCURRENT freed 458K, 9% free 9565K/10439K, paused 2ms+2ms
06-10 16:40:39.699 23600 23601 D dalvikvm: GC_CONCURRENT freed 405K, 9% free 9571K/10439K, paused 2ms+5ms
06-10 16:40:40.066 23600 23601 D dalvikvm: GC_CONCURRENT freed 264K, 7% free 9713K/10439K, paused 1ms+3ms
06-10 16:40:40.183 23600 23601 D dalvikvm: GC_CONCURRENT freed 529K, 9% free 9601K/10439K, paused 2ms+3ms
06-10 16:40:40.371 23600 23601 D dalvikvm: GC_CONCURRENT freed 407K, 8% free 9635K/10439K, paused 3ms+2ms
06-10 16:40:40.504 23600 23601 D dalvikvm: GC_CONCURRENT freed 445K, 9% free 9575K/10439K, paused 2ms+2ms
06-10 16:40:41.136 23600 23601 D dalvikvm: GC_CONCURRENT freed 209K, 7% free 9802K/10439K, paused 13ms+2ms
06-10 16:40:41.558 23600 23601 D dalvikvm: GC_CONCURRENT freed 451K, 7% free 9778K/10439K, paused 13ms+3ms
06-10 16:40:43.078 23600 23601 D dalvikvm: GC_CONCURRENT freed 475K, 7% free 9738K/10439K, paused 2ms+3ms
06-10 16:40:43.273 23600 23601 D dalvikvm: GC_CONCURRENT freed 547K, 9% free 9596K/10439K, paused 1ms+2ms
06-10 16:40:43.515 23600 23601 D dalvikvm: GC_CONCURRENT freed 355K, 8% free 9664K/10439K, paused 2ms+2ms
06-10 16:40:43.679 23600 23601 D dalvikvm: GC_CONCURRENT freed 503K, 8% free 9616K/10439K, paused 2ms+3ms
06-10 16:40:44.636 23600 23601 D dalvikvm: GC_CONCURRENT freed 349K, 8% free 9680K/10439K, paused 2ms+3ms
06-10 16:40:45.125 23600 23601 D dalvikvm: GC_CONCURRENT freed 328K, 7% free 9770K/10439K, paused 7ms+3ms
06-10 16:40:45.519 23600 23601 D dalvikvm: GC_CONCURRENT freed 453K, 7% free 9722K/10439K, paused 8ms+2ms
06-10 16:40:46.105 23600 23601 D dalvikvm: GC_CONCURRENT freed 369K, 7% free 9778K/10439K, paused 7ms+2ms
06-10 16:40:46.386 23600 23601 D dalvikvm: GC_CONCURRENT freed 449K, 7% free 9723K/10439K, paused 1ms+2ms
06-10 16:40:46.582 23600 23601 D dalvikvm: GC_CONCURRENT freed 451K, 8% free 9705K/10439K, paused 7ms+3ms
06-10 16:40:47.226 23600 23601 D dalvikvm: GC_CONCURRENT freed 313K, 7% free 9781K/10439K, paused 2ms+2ms
06-10 16:40:47.394 23600 23601 D dalvikvm: GC_CONCURRENT freed 552K, 8% free 9644K/10439K, paused 2ms+2ms
06-10 16:40:47.625 23600 23601 D dalvikvm: GC_CONCURRENT freed 381K, 8% free 9649K/10439K, paused 3ms+4ms
06-10 16:40:47.961 23600 23601 D dalvikvm: GC_CONCURRENT freed 355K, 8% free 9705K/10439K, paused 1ms+2ms
06-10 16:40:48.340 23600 23601 D dalvikvm: GC_CONCURRENT freed 331K, 7% free 9799K/10439K, paused 6ms+3ms
06-10 16:40:48.472 23600 23601 D dalvikvm: GC_CONCURRENT freed 526K, 8% free 9688K/10439K, paused 2ms+3ms
06-10 16:40:48.898 23600 23601 D dalvikvm: GC_CONCURRENT freed 364K, 7% free 9751K/10439K, paused 16ms+3ms
06-10 16:40:48.902 20674 20676 D dalvikvm: GC_CONCURRENT freed 403K, 5% free 10682K/11207K, paused 24ms+6ms
06-10 16:40:49.140 23600 23601 D dalvikvm: GC_CONCURRENT freed 432K, 7% free 9752K/10439K, paused 6ms+3ms
06-10 16:40:49.465 23600 23601 D dalvikvm: GC_CONCURRENT freed 425K, 7% free 9753K/10439K, paused 7ms+2ms
06-10 16:40:49.660 23600 23601 D dalvikvm: GC_CONCURRENT freed 470K, 8% free 9699K/10439K, paused 2ms+3ms
06-10 16:40:50.156 23600 23601 D dalvikvm: GC_CONCURRENT freed 313K, 7% free 9783K/10439K, paused 2ms+3ms
06-10 16:40:50.761 23600 23601 D dalvikvm: GC_CONCURRENT freed 423K, 7% free 9808K/10439K, paused 1ms+34ms
06-10 16:40:50.840 20838 20841 D dalvikvm: GC_CONCURRENT freed 503K, 8% free 10281K/11079K, paused 2ms+2ms
06-10 16:40:51.582 23600 23601 D dalvikvm: GC_CONCURRENT freed 363K, 6% free 9874K/10439K, paused 13ms+3ms
06-10 16:40:52.218 23600 23601 D dalvikvm: GC_CONCURRENT freed 515K, 6% free 9829K/10439K, paused 13ms+3ms
06-10 16:40:52.699 23600 23601 D dalvikvm: GC_CONCURRENT freed 395K, 6% free 9824K/10439K, paused 3ms+2ms
06-10 16:40:53.250 23600 23601 D dalvikvm: GC_CONCURRENT freed 460K, 7% free 9748K/10439K, paused 2ms+2ms
06-10 16:40:53.812 23600 23601 D dalvikvm: GC_CONCURRENT freed 365K, 7% free 9807K/10439K, paused 7ms+3ms
06-10 16:40:54.609 23600 23601 D dalvikvm: GC_CONCURRENT freed 410K, 7% free 9813K/10439K, paused 13ms+2ms
06-10 16:40:55.168 23600 23601 D dalvikvm: GC_CONCURRENT freed 407K, 7% free 9812K/10439K, paused 2ms+3ms
06-10 16:40:55.441 23600 23601 D dalvikvm: GC_CONCURRENT freed 528K, 7% free 9729K/10439K, paused 2ms+2ms
06-10 16:40:55.707 23600 23601 D dalvikvm: GC_CONCURRENT freed 497K, 8% free 9659K/10439K, paused 2ms+3ms
06-10 16:40:55.941 23600 23601 D dalvikvm: GC_CONCURRENT freed 419K, 8% free 9664K/10439K, paused 2ms+2ms
06-10 16:40:58.242 23600 23601 D dalvikvm: GC_CONCURRENT freed 515K, 8% free 9610K/10439K, paused 13ms+3ms
06-10 16:40:58.593 23600 23601 D dalvikvm: GC_CONCURRENT freed 381K, 8% free 9708K/10439K, paused 4ms+5ms
06-10 16:40:58.734 23600 23601 D dalvikvm: GC_CONCURRENT freed 540K, 8% free 9623K/10439K, paused 2ms+3ms
06-10 16:40:59.218 23600 23601 D dalvikvm: GC_CONCURRENT freed 422K, 8% free 9609K/10439K, paused 14ms+5ms
06-10 16:40:59.957 23600 23601 D dalvikvm: GC_CONCURRENT freed 266K, 7% free 9763K/10439K, paused 7ms+2ms
06-10 16:41:00.351 23600 23601 D dalvikvm: GC_CONCURRENT freed 525K, 8% free 9663K/10439K, paused 7ms+3ms
06-10 16:41:01.187 23600 23601 D dalvikvm: GC_CONCURRENT freed 312K, 7% free 9780K/10439K, paused 3ms+10ms
06-10 16:41:02.304 23600 23601 D dalvikvm: GC_CONCURRENT freed 461K, 7% free 9748K/10439K, paused 7ms+2ms
06-10 16:41:02.531 23600 23601 D dalvikvm: GC_CONCURRENT freed 466K, 7% free 9731K/10439K, paused 7ms+3ms
06-10 16:41:02.679 23600 23601 D dalvikvm: GC_CONCURRENT freed 526K, 8% free 9661K/10439K, paused 2ms+2ms
06-10 16:41:03.054 23600 23601 D dalvikvm: GC_CONCURRENT freed 378K, 8% free 9679K/10439K, paused 2ms+2ms
06-10 16:41:03.808 23600 23601 D dalvikvm: GC_CONCURRENT freed 371K, 7% free 9709K/10439K, paused 2ms+3ms
06-10 16:41:04.175 23600 23601 D dalvikvm: GC_CONCURRENT freed 386K, 7% free 9764K/10439K, paused 14ms+3ms
06-10 16:41:04.496 23600 23601 D dalvikvm: GC_CONCURRENT freed 596K, 8% free 9620K/10439K, paused 1ms+2ms
06-10 16:41:04.648 23600 23601 D dalvikvm: GC_CONCURRENT freed 401K, 8% free 9620K/10439K, paused 2ms+3ms
06-10 16:41:05.297 23600 23601 D dalvikvm: GC_CONCURRENT freed 262K, 7% free 9771K/10439K, paused 3ms+4ms
06-10 16:41:06.871 23600 23601 D dalvikvm: GC_CONCURRENT freed 425K, 6% free 9814K/10439K, paused 13ms+2ms
06-10 16:41:06.992 23600 23601 D dalvikvm: GC_CONCURRENT freed 573K, 8% free 9681K/10439K, paused 1ms+3ms
06-10 16:41:07.922 23600 23601 D dalvikvm: GC_CONCURRENT freed 423K, 7% free 9709K/10439K, paused 264ms+3ms
06-10 16:41:10.476   152   154 D dalvikvm: GC_CONCURRENT freed 2029K, 23% free 17874K/22919K, paused 20ms+7ms
06-10 16:41:22.152 23600 23601 D dalvikvm: GC_CONCURRENT freed 272K, 6% free 9860K/10439K, paused 13ms+2ms
06-10 16:41:23.984 23600 23601 D dalvikvm: GC_CONCURRENT freed 524K, 7% free 9812K/10503K, paused 2ms+2ms
06-10 16:41:24.250 23600 23601 D dalvikvm: GC_CONCURRENT freed 489K, 7% free 9768K/10503K, paused 7ms+2ms
06-10 16:41:31.144 22769 22783 I PhoneLab-: Service Running
06-10 16:41:31.230 22769 22783 I PhoneLab-LoggerService: app_38    1290  1     1788   1344  c00f181c 400107b4 S logcat
06-10 16:41:31.230 22769 22783 I PhoneLab-LoggerService: Logcat pid from database 1290
06-10 16:41:31.230 22769 22783 I PhoneLab-LoggerService: Logcat process found 1290
06-10 16:41:31.230 22769 22783 I PhoneLab-LoggerService: Checking Threshold
06-10 16:41:43.855 23600 23601 D dalvikvm: GC_CONCURRENT freed 380K, 7% free 9794K/10503K, paused 14ms+3ms
06-10 16:41:46.109 23600 23601 D dalvikvm: GC_CONCURRENT freed 372K, 7% free 9824K/10503K, paused 26ms+4ms
06-10 16:41:48.523 23600 23601 D dalvikvm: GC_CONCURRENT freed 410K, 7% free 9827K/10503K, paused 14ms+2ms
06-10 16:41:50.851 23600 23601 D dalvikvm: GC_CONCURRENT freed 411K, 7% free 9829K/10503K, paused 3ms+5ms
06-10 16:41:51.980 22620 22623 D dalvikvm: GC_CONCURRENT freed 517K, 13% free 10426K/11975K, paused 2ms+3ms
06-10 16:41:52.531 23600 23601 D dalvikvm: GC_CONCURRENT freed 428K, 7% free 9828K/10503K, paused 2ms+6ms
06-10 16:41:54.632 23600 23601 D dalvikvm: GC_CONCURRENT freed 443K, 7% free 9803K/10503K, paused 19ms+2ms
06-10 16:41:56.793 23600 23601 D dalvikvm: GC_CONCURRENT freed 381K, 7% free 9815K/10503K, paused 14ms+2ms
06-10 16:41:58.828 23600 23601 D dalvikvm: GC_CONCURRENT freed 386K, 7% free 9835K/10503K, paused 3ms+4ms
06-10 16:42:00.800 23600 23601 D dalvikvm: GC_CONCURRENT freed 416K, 7% free 9840K/10503K, paused 2ms+3ms
06-10 16:42:05.742 22769 22783 I PhoneLab-: Service Running
06-10 16:42:05.820 22769 22783 I PhoneLab-LoggerService: app_38    1290  1     1788   1344  c00f181c 400107b4 S logcat
06-10 16:42:05.820 22769 22783 I PhoneLab-LoggerService: Logcat pid from database 1290
06-10 16:42:05.820 22769 22783 I PhoneLab-LoggerService: Logcat process found 1290
06-10 16:42:05.820 22769 22783 I PhoneLab-LoggerService: Checking Threshold
06-10 16:42:05.886  7488 10440 I EventLogService: Aggregate from 1339359125809 (log), 1339359125809 (data)
06-10 16:42:05.965 23600 23601 D dalvikvm: GC_CONCURRENT freed 428K, 7% free 9840K/10503K, paused 2ms+2ms
06-10 16:42:07.961 23600 23601 D dalvikvm: GC_CONCURRENT freed 440K, 7% free 9829K/10503K, paused 3ms+5ms
06-10 16:42:08.105 23600 23601 D dalvikvm: GC_CONCURRENT freed 580K, 8% free 9679K/10503K, paused 2ms+2ms
06-10 16:42:08.246 23600 23601 D dalvikvm: GC_CONCURRENT freed 450K, 9% free 9654K/10503K, paused 2ms+2ms
06-10 16:42:08.480 23600 23601 D dalvikvm: GC_CONCURRENT freed 431K, 9% free 9654K/10503K, paused 2ms+2ms
06-10 16:42:08.988 23600 23601 D dalvikvm: GC_CONCURRENT freed 394K, 9% free 9652K/10503K, paused 2ms+2ms
06-10 16:42:09.300 23600 23601 D dalvikvm: GC_CONCURRENT freed 448K, 9% free 9645K/10503K, paused 2ms+2ms
06-10 16:42:09.441 23600 23601 D dalvikvm: GC_CONCURRENT freed 424K, 8% free 9685K/10503K, paused 2ms+3ms
06-10 16:42:09.578 23600 23601 D dalvikvm: GC_CONCURRENT freed 465K, 9% free 9663K/10503K, paused 2ms+2ms
06-10 16:42:09.730 23600 23601 D dalvikvm: GC_CONCURRENT freed 443K, 8% free 9671K/10503K, paused 2ms+2ms
06-10 16:42:09.882 23600 23601 D dalvikvm: GC_CONCURRENT freed 442K, 9% free 9658K/10503K, paused 1ms+3ms
06-10 16:42:10.031 23600 23601 D dalvikvm: GC_CONCURRENT freed 438K, 8% free 9671K/10503K, paused 2ms+2ms
06-10 16:42:10.168 23600 23601 D dalvikvm: GC_CONCURRENT freed 444K, 8% free 9665K/10503K, paused 2ms+2ms
06-10 16:42:10.324 23600 23601 D dalvikvm: GC_CONCURRENT freed 428K, 8% free 9681K/10503K, paused 1ms+2ms
06-10 16:42:10.453 23600 23601 D dalvikvm: GC_CONCURRENT freed 462K, 9% free 9645K/10503K, paused 2ms+2ms
06-10 16:42:10.605 23600 23601 D dalvikvm: GC_CONCURRENT freed 446K, 9% free 9645K/10503K, paused 1ms+2ms
06-10 16:42:10.738 23600 23601 D dalvikvm: GC_CONCURRENT freed 424K, 8% free 9665K/10503K, paused 2ms+2ms
06-10 16:42:10.879 23600 23601 D dalvikvm: GC_CONCURRENT freed 441K, 9% free 9662K/10503K, paused 2ms+4ms
06-10 16:42:11.011 23600 23601 D dalvikvm: GC_CONCURRENT freed 468K, 9% free 9645K/10503K, paused 2ms+2ms
06-10 16:42:11.269 23600 23601 D dalvikvm: GC_CONCURRENT freed 446K, 9% free 9653K/10503K, paused 7ms+2ms
06-10 16:42:11.406 23600 23601 D dalvikvm: GC_CONCURRENT freed 459K, 9% free 9640K/10503K, paused 1ms+3ms
06-10 16:42:11.535 23600 23601 D dalvikvm: GC_CONCURRENT freed 427K, 9% free 9639K/10503K, paused 2ms+2ms
06-10 16:42:11.672 23600 23601 D dalvikvm: GC_CONCURRENT freed 420K, 9% free 9639K/10503K, paused 2ms+2ms
06-10 16:42:11.800 23600 23601 D dalvikvm: GC_CONCURRENT freed 437K, 9% free 9648K/10503K, paused 2ms+2ms
06-10 16:42:11.949 23600 23601 D dalvikvm: GC_CONCURRENT freed 452K, 9% free 9640K/10503K, paused 1ms+2ms
06-10 16:42:12.078 23600 23601 D dalvikvm: GC_CONCURRENT freed 442K, 9% free 9640K/10503K, paused 1ms+2ms
06-10 16:42:12.215 23600 23601 D dalvikvm: GC_CONCURRENT freed 415K, 8% free 9666K/10503K, paused 2ms+2ms
06-10 16:42:12.351 23600 23601 D dalvikvm: GC_CONCURRENT freed 452K, 9% free 9662K/10503K, paused 1ms+2ms
06-10 16:42:12.507 23600 23601 D dalvikvm: GC_CONCURRENT freed 438K, 9% free 9663K/10503K, paused 2ms+2ms
06-10 16:42:12.644 23600 23601 D dalvikvm: GC_CONCURRENT freed 448K, 9% free 9654K/10503K, paused 2ms+2ms
06-10 16:42:12.785 23600 23601 D dalvikvm: GC_CONCURRENT freed 458K, 9% free 9639K/10503K, paused 2ms+2ms
06-10 16:42:12.922 23600 23601 D dalvikvm: GC_CONCURRENT freed 432K, 9% free 9640K/10503K, paused 2ms+2ms
06-10 16:42:13.062 23600 23601 D dalvikvm: GC_CONCURRENT freed 443K, 9% free 9640K/10503K, paused 2ms+2ms
06-10 16:42:13.191 23600 23601 D dalvikvm: GC_CONCURRENT freed 424K, 8% free 9677K/10503K, paused 3ms+2ms
06-10 16:42:13.320 23600 23601 D dalvikvm: GC_CONCURRENT freed 463K, 9% free 9654K/10503K, paused 2ms+2ms
06-10 16:42:13.453 23600 23601 D dalvikvm: GC_CONCURRENT freed 440K, 9% free 9639K/10503K, paused 2ms+2ms
06-10 16:42:13.582 23600 23601 D dalvikvm: GC_CONCURRENT freed 437K, 9% free 9639K/10503K, paused 1ms+2ms
06-10 16:42:13.961 23600 23601 D dalvikvm: GC_CONCURRENT freed 444K, 9% free 9657K/10503K, paused 2ms+2ms
06-10 16:42:14.090 23600 23601 D dalvikvm: GC_CONCURRENT freed 446K, 8% free 9672K/10503K, paused 2ms+2ms
06-10 16:42:14.230 23600 23601 D dalvikvm: GC_CONCURRENT freed 464K, 8% free 9666K/10503K, paused 2ms+2ms
06-10 16:42:14.363 23600 23601 D dalvikvm: GC_CONCURRENT freed 455K, 9% free 9654K/10503K, paused 1ms+2ms
06-10 16:42:14.515 23600 23601 D dalvikvm: GC_CONCURRENT freed 434K, 9% free 9663K/10503K, paused 2ms+3ms
06-10 16:42:14.644 23600 23601 D dalvikvm: GC_CONCURRENT freed 448K, 8% free 9681K/10503K, paused 2ms+2ms
06-10 16:42:14.777 23600 23601 D dalvikvm: GC_CONCURRENT freed 471K, 9% free 9654K/10503K, paused 2ms+2ms
06-10 16:42:14.929 23600 23601 D dalvikvm: GC_CONCURRENT freed 467K, 9% free 9658K/10503K, paused 2ms+2ms
06-10 16:42:15.082 23600 23601 D dalvikvm: GC_CONCURRENT freed 434K, 9% free 9659K/10503K, paused 1ms+3ms
06-10 16:42:15.222 23600 23601 D dalvikvm: GC_CONCURRENT freed 445K, 9% free 9650K/10503K, paused 2ms+2ms
06-10 16:42:15.359 23600 23601 D dalvikvm: GC_CONCURRENT freed 435K, 9% free 9655K/10503K, paused 2ms+2ms
06-10 16:42:15.504 23600 23601 D dalvikvm: GC_CONCURRENT freed 467K, 9% free 9637K/10503K, paused 1ms+2ms
06-10 16:42:15.636 23600 23601 D dalvikvm: GC_CONCURRENT freed 423K, 9% free 9639K/10503K, paused 2ms+2ms
06-10 16:42:15.820 23600 23601 D dalvikvm: GC_CONCURRENT freed 427K, 8% free 9673K/10503K, paused 1ms+2ms
06-10 16:42:15.945 23600 23601 D dalvikvm: GC_CONCURRENT freed 489K, 9% free 9634K/10503K, paused 2ms+2ms
06-10 16:42:16.090 23600 23601 D dalvikvm: GC_CONCURRENT freed 412K, 9% free 9655K/10503K, paused 1ms+2ms
06-10 16:42:16.222 23600 23601 D dalvikvm: GC_CONCURRENT freed 456K, 9% free 9635K/10503K, paused 2ms+3ms
06-10 16:42:16.367 23600 23601 D dalvikvm: GC_CONCURRENT freed 424K, 9% free 9663K/10503K, paused 2ms+2ms
06-10 16:42:16.488 23600 23601 D dalvikvm: GC_CONCURRENT freed 457K, 8% free 9671K/10503K, paused 2ms+2ms
06-10 16:42:16.625 23600 23601 D dalvikvm: GC_CONCURRENT freed 471K, 9% free 9654K/10503K, paused 1ms+2ms
06-10 16:42:16.765 23600 23601 D dalvikvm: GC_CONCURRENT freed 446K, 8% free 9669K/10503K, paused 1ms+2ms
06-10 16:42:16.922 23600 23601 D dalvikvm: GC_CONCURRENT freed 463K, 9% free 9634K/10503K, paused 2ms+2ms
06-10 16:42:17.043 23600 23601 D dalvikvm: GC_CONCURRENT freed 440K, 9% free 9634K/10503K, paused 2ms+2ms
06-10 16:42:17.172 23600 23601 D dalvikvm: GC_CONCURRENT freed 423K, 9% free 9653K/10503K, paused 2ms+2ms
06-10 16:42:17.308 23600 23601 D dalvikvm: GC_CONCURRENT freed 453K, 9% free 9634K/10503K, paused 1ms+2ms
06-10 16:42:17.445 23600 23601 D dalvikvm: GC_CONCURRENT freed 420K, 9% free 9654K/10503K, paused 2ms+2ms
06-10 16:42:17.586 23600 23601 D dalvikvm: GC_CONCURRENT freed 465K, 9% free 9635K/10503K, paused 2ms+2ms
06-10 16:42:17.718 23600 23601 D dalvikvm: GC_CONCURRENT freed 441K, 9% free 9652K/10503K, paused 2ms+2ms
06-10 16:42:17.851 23600 23601 D dalvikvm: GC_CONCURRENT freed 423K, 9% free 9658K/10503K, paused 2ms+2ms
06-10 16:42:17.972 23600 23601 D dalvikvm: GC_CONCURRENT freed 445K, 8% free 9666K/10503K, paused 1ms+2ms
06-10 16:42:18.109 23600 23601 D dalvikvm: GC_CONCURRENT freed 474K, 9% free 9633K/10503K, paused 2ms+2ms
06-10 16:42:18.234 23600 23601 D dalvikvm: GC_CONCURRENT freed 436K, 9% free 9644K/10503K, paused 2ms+2ms
06-10 16:42:18.363 23600 23601 D dalvikvm: GC_CONCURRENT freed 431K, 9% free 9652K/10503K, paused 2ms+2ms
06-10 16:42:18.496 23600 23601 D dalvikvm: GC_CONCURRENT freed 458K, 9% free 9633K/10503K, paused 1ms+2ms
06-10 16:42:18.648 23600 23601 D dalvikvm: GC_CONCURRENT freed 415K, 9% free 9648K/10503K, paused 1ms+2ms
06-10 16:42:18.785 23600 23601 D dalvikvm: GC_CONCURRENT freed 454K, 9% free 9658K/10503K, paused 2ms+2ms
06-10 16:42:18.914 23600 23601 D dalvikvm: GC_CONCURRENT freed 468K, 9% free 9634K/10503K, paused 2ms+2ms
06-10 16:42:19.050 23600 23601 D dalvikvm: GC_CONCURRENT freed 445K, 9% free 9634K/10503K, paused 2ms+2ms
06-10 16:42:19.191 23600 23601 D dalvikvm: GC_CONCURRENT freed 400K, 9% free 9650K/10503K, paused 1ms+2ms
06-10 16:42:19.336 23600 23601 D dalvikvm: GC_CONCURRENT freed 463K, 9% free 9646K/10503K, paused 2ms+6ms
06-10 16:42:19.476 23600 23601 D dalvikvm: GC_CONCURRENT freed 451K, 9% free 9647K/10503K, paused 2ms+3ms
06-10 16:42:19.625 23600 23601 D dalvikvm: GC_CONCURRENT freed 455K, 9% free 9656K/10503K, paused 2ms+2ms
06-10 16:42:19.761 23600 23601 D dalvikvm: GC_CONCURRENT freed 458K, 9% free 9635K/10503K, paused 2ms+3ms
06-10 16:42:19.902 23600 23601 D dalvikvm: GC_CONCURRENT freed 425K, 9% free 9655K/10503K, paused 2ms+2ms
06-10 16:42:20.031 23600 23601 D dalvikvm: GC_CONCURRENT freed 457K, 9% free 9633K/10503K, paused 2ms+2ms
06-10 16:42:20.160 23600 23601 D dalvikvm: GC_CONCURRENT freed 411K, 9% free 9647K/10503K, paused 1ms+2ms
06-10 16:42:20.297 23600 23601 D dalvikvm: GC_CONCURRENT freed 437K, 8% free 9668K/10503K, paused 2ms+2ms
06-10 16:42:20.507 23600 23601 D dalvikvm: GC_CONCURRENT freed 477K, 9% free 9653K/10503K, paused 2ms+3ms
06-10 16:42:20.632 23600 23601 D dalvikvm: GC_CONCURRENT freed 471K, 9% free 9633K/10503K, paused 1ms+2ms
06-10 16:42:20.765 23600 23601 D dalvikvm: GC_CONCURRENT freed 440K, 9% free 9632K/10503K, paused 2ms+2ms
06-10 16:42:20.906 23600 23601 D dalvikvm: GC_CONCURRENT freed 448K, 9% free 9633K/10503K, paused 2ms+2ms
06-10 16:42:21.074 23600 23601 D dalvikvm: GC_CONCURRENT freed 424K, 9% free 9645K/10503K, paused 2ms+3ms
06-10 16:42:21.211 23600 23601 D dalvikvm: GC_CONCURRENT freed 435K, 9% free 9650K/10503K, paused 1ms+2ms
06-10 16:42:21.340 23600 23601 D dalvikvm: GC_CONCURRENT freed 466K, 9% free 9633K/10503K, paused 1ms+2ms
06-10 16:42:21.480 23600 23601 D dalvikvm: GC_CONCURRENT freed 426K, 9% free 9651K/10503K, paused 1ms+2ms
06-10 16:42:21.617 23600 23601 D dalvikvm: GC_CONCURRENT freed 429K, 9% free 9632K/10503K, paused 2ms+2ms
06-10 16:42:21.785 23600 23601 D dalvikvm: GC_CONCURRENT freed 424K, 9% free 9650K/10503K, paused 1ms+2ms
06-10 16:42:21.922 23600 23601 D dalvikvm: GC_CONCURRENT freed 454K, 9% free 9631K/10503K, paused 2ms+3ms
06-10 16:42:22.058 23600 23601 D dalvikvm: GC_CONCURRENT freed 407K, 9% free 9642K/10503K, paused 2ms+2ms
06-10 16:42:22.203 23600 23601 D dalvikvm: GC_CONCURRENT freed 445K, 9% free 9648K/10503K, paused 1ms+2ms
06-10 16:42:22.351 23600 23601 D dalvikvm: GC_CONCURRENT freed 455K, 9% free 9632K/10503K, paused 2ms+2ms
06-10 16:42:22.484 23600 23601 D dalvikvm: GC_CONCURRENT freed 444K, 9% free 9654K/10503K, paused 2ms+2ms
06-10 16:42:22.613 23600 23601 D dalvikvm: GC_CONCURRENT freed 467K, 9% free 9630K/10503K, paused 2ms+2ms
06-10 16:42:22.754 23600 23601 D dalvikvm: GC_CONCURRENT freed 426K, 9% free 9655K/10503K, paused 1ms+2ms
06-10 16:42:22.918 23600 23601 D dalvikvm: GC_CONCURRENT freed 438K, 8% free 9668K/10503K, paused 2ms+3ms
06-10 16:42:23.054 23600 23601 D dalvikvm: GC_CONCURRENT freed 456K, 9% free 9651K/10503K, paused 2ms+2ms
06-10 16:42:23.183 23600 23601 D dalvikvm: GC_CONCURRENT freed 456K, 9% free 9630K/10503K, paused 2ms+2ms
06-10 16:42:23.324 23600 23601 D dalvikvm: GC_CONCURRENT freed 445K, 9% free 9632K/10503K, paused 2ms+2ms
06-10 16:42:23.457 23600 23601 D dalvikvm: GC_CONCURRENT freed 407K, 9% free 9651K/10503K, paused 1ms+2ms
06-10 16:42:23.636 23600 23601 D dalvikvm: GC_CONCURRENT freed 447K, 9% free 9647K/10503K, paused 2ms+2ms
06-10 16:42:23.777 23600 23601 D dalvikvm: GC_CONCURRENT freed 442K, 9% free 9651K/10503K, paused 2ms+2ms
06-10 16:42:23.918 23600 23601 D dalvikvm: GC_CONCURRENT freed 430K, 9% free 9645K/10503K, paused 2ms+2ms
06-10 16:42:24.058 23600 23601 D dalvikvm: GC_CONCURRENT freed 428K, 9% free 9657K/10503K, paused 2ms+3ms
06-10 16:42:24.215 23600 23601 D dalvikvm: GC_CONCURRENT freed 473K, 9% free 9631K/10503K, paused 1ms+2ms
06-10 16:42:24.343 23600 23601 D dalvikvm: GC_CONCURRENT freed 429K, 9% free 9653K/10503K, paused 1ms+2ms
06-10 16:42:24.476 23600 23601 D dalvikvm: GC_CONCURRENT freed 462K, 9% free 9630K/10503K, paused 1ms+2ms
06-10 16:42:24.613 23600 23601 D dalvikvm: GC_CONCURRENT freed 427K, 9% free 9657K/10503K, paused 2ms+2ms
06-10 16:42:24.765 23600 23601 D dalvikvm: GC_CONCURRENT freed 452K, 9% free 9650K/10503K, paused 2ms+2ms
06-10 16:42:24.894 23600 23601 D dalvikvm: GC_CONCURRENT freed 436K, 9% free 9653K/10503K, paused 2ms+2ms
06-10 16:42:25.023 23600 23601 D dalvikvm: GC_CONCURRENT freed 447K, 9% free 9649K/10503K, paused 1ms+2ms
06-10 16:42:25.160 23600 23601 D dalvikvm: GC_CONCURRENT freed 438K, 9% free 9647K/10503K, paused 2ms+2ms
06-10 16:42:25.293 23600 23601 D dalvikvm: GC_CONCURRENT freed 410K, 9% free 9642K/10503K, paused 1ms+2ms
06-10 16:42:25.445 23600 23601 D dalvikvm: GC_CONCURRENT freed 461K, 9% free 9630K/10503K, paused 2ms+3ms
06-10 16:42:25.582 23600 23601 D dalvikvm: GC_CONCURRENT freed 447K, 9% free 9630K/10503K, paused 1ms+3ms
06-10 16:42:25.730 23600 23601 D dalvikvm: GC_CONCURRENT freed 432K, 9% free 9648K/10503K, paused 2ms+2ms
06-10 16:42:25.859 23600 23601 D dalvikvm: GC_CONCURRENT freed 456K, 9% free 9629K/10503K, paused 2ms+2ms
06-10 16:42:26.035 23600 23601 D dalvikvm: GC_CONCURRENT freed 443K, 9% free 9630K/10503K, paused 2ms+2ms
06-10 16:42:26.164 23600 23601 D dalvikvm: GC_CONCURRENT freed 447K, 9% free 9630K/10503K, paused 1ms+2ms
06-10 16:42:26.297 23600 23601 D dalvikvm: GC_CONCURRENT freed 419K, 9% free 9646K/10503K, paused 1ms+2ms
06-10 16:42:26.433 23600 23601 D dalvikvm: GC_CONCURRENT freed 446K, 9% free 9649K/10503K, paused 2ms+2ms
06-10 16:42:26.574 23600 23601 D dalvikvm: GC_CONCURRENT freed 446K, 9% free 9660K/10503K, paused 2ms+2ms
06-10 16:42:26.707 23600 23601 D dalvikvm: GC_CONCURRENT freed 455K, 9% free 9654K/10503K, paused 2ms+3ms
06-10 16:42:26.836 23600 23601 D dalvikvm: GC_CONCURRENT freed 448K, 9% free 9652K/10503K, paused 2ms+2ms
06-10 16:42:26.972 23600 23601 D dalvikvm: GC_CONCURRENT freed 439K, 9% free 9645K/10503K, paused 2ms+2ms
06-10 16:42:27.113 23600 23601 D dalvikvm: GC_CONCURRENT freed 455K, 9% free 9629K/10503K, paused 2ms+2ms
06-10 16:42:27.257 23600 23601 D dalvikvm: GC_CONCURRENT freed 422K, 9% free 9660K/10503K, paused 2ms+2ms
06-10 16:42:27.379 23600 23601 D dalvikvm: GC_CONCURRENT freed 456K, 9% free 9656K/10503K, paused 2ms+3ms
06-10 16:42:27.523 23600 23601 D dalvikvm: GC_CONCURRENT freed 453K, 8% free 9668K/10503K, paused 2ms+2ms
06-10 16:42:27.648 23600 23601 D dalvikvm: GC_CONCURRENT freed 478K, 9% free 9628K/10503K, paused 1ms+2ms
06-10 16:42:27.800 23600 23601 D dalvikvm: GC_CONCURRENT freed 444K, 9% free 9628K/10503K, paused 1ms+2ms
06-10 16:42:27.929 23600 23601 D dalvikvm: GC_CONCURRENT freed 416K, 9% free 9656K/10503K, paused 2ms+2ms
06-10 16:42:28.058 23600 23601 D dalvikvm: GC_CONCURRENT freed 454K, 9% free 9629K/10503K, paused 2ms+2ms
06-10 16:42:28.203 23600 23601 D dalvikvm: GC_CONCURRENT freed 434K, 8% free 9669K/10503K, paused 2ms+2ms
06-10 16:42:28.351 23600 23601 D dalvikvm: GC_CONCURRENT freed 485K, 9% free 9628K/10503K, paused 2ms+2ms
06-10 16:42:28.480 23600 23601 D dalvikvm: GC_CONCURRENT freed 426K, 9% free 9663K/10503K, paused 2ms+2ms
06-10 16:42:28.609 23600 23601 D dalvikvm: GC_CONCURRENT freed 473K, 9% free 9629K/10503K, paused 2ms+2ms
06-10 16:42:28.750 23600 23601 D dalvikvm: GC_CONCURRENT freed 427K, 9% free 9650K/10503K, paused 2ms+2ms
06-10 16:42:28.898 23600 23601 D dalvikvm: GC_CONCURRENT freed 425K, 8% free 9666K/10503K, paused 1ms+3ms
06-10 16:42:29.039 23600 23601 D dalvikvm: GC_CONCURRENT freed 457K, 9% free 9656K/10503K, paused 2ms+3ms
06-10 16:42:29.183 23600 23601 D dalvikvm: GC_CONCURRENT freed 449K, 9% free 9663K/10503K, paused 1ms+2ms
06-10 16:42:29.324 23600 23601 D dalvikvm: GC_CONCURRENT freed 475K, 9% free 9629K/10503K, paused 2ms+2ms
06-10 16:42:29.457 23600 23601 D dalvikvm: GC_CONCURRENT freed 393K, 9% free 9644K/10503K, paused 2ms+2ms
06-10 16:42:30.351 23600 23601 D dalvikvm: GC_CONCURRENT freed 298K, 8% free 9761K/10503K, paused 2ms+3ms
06-10 16:42:30.672 23600 23601 D dalvikvm: GC_CONCURRENT freed 455K, 8% free 9709K/10503K, paused 2ms+2ms
06-10 16:42:30.859 23600 23601 D dalvikvm: GC_CONCURRENT freed 462K, 9% free 9659K/10503K, paused 2ms+3ms
06-10 16:42:31.238 23600 23601 D dalvikvm: GC_CONCURRENT freed 347K, 8% free 9725K/10503K, paused 7ms+3ms
06-10 16:42:32.019 23600 23601 D dalvikvm: GC_CONCURRENT freed 434K, 8% free 9689K/10503K, paused 13ms+2ms
06-10 16:42:32.379 23600 23601 D dalvikvm: GC_CONCURRENT freed 395K, 8% free 9711K/10503K, paused 2ms+3ms
06-10 16:42:32.781 23600 23601 D dalvikvm: GC_CONCURRENT freed 400K, 8% free 9750K/10503K, paused 2ms+4ms
06-10 16:42:32.929 23600 23601 D dalvikvm: GC_CONCURRENT freed 533K, 9% free 9630K/10503K, paused 2ms+3ms
06-10 16:42:33.340 23600 23601 D dalvikvm: GC_CONCURRENT freed 319K, 8% free 9749K/10503K, paused 6ms+3ms
06-10 16:42:33.871 23600 23601 D dalvikvm: GC_CONCURRENT freed 569K, 8% free 9666K/10503K, paused 13ms+2ms
06-10 16:42:34.316 23600 23601 D dalvikvm: GC_CONCURRENT freed 441K, 8% free 9665K/10503K, paused 15ms+2ms
06-10 16:42:34.500 23600 23601 D dalvikvm: GC_CONCURRENT freed 447K, 9% free 9658K/10503K, paused 2ms+2ms
06-10 16:42:34.781 23600 23601 D dalvikvm: GC_CONCURRENT freed 473K, 9% free 9577K/10503K, paused 7ms+2ms
06-10 16:42:35.160 23600 23601 D dalvikvm: GC_CONCURRENT freed 404K, 9% free 9626K/10503K, paused 1ms+2ms
06-10 16:42:35.297 23600 23601 D dalvikvm: GC_CONCURRENT freed 488K, 9% free 9583K/10503K, paused 2ms+2ms
06-10 16:42:35.804 23600 23601 D dalvikvm: GC_CONCURRENT freed 361K, 8% free 9690K/10503K, paused 7ms+3ms
06-10 16:42:35.925 23600 23601 D dalvikvm: GC_CONCURRENT freed 538K, 9% free 9624K/10503K, paused 2ms+2ms
06-10 16:42:36.156 23600 23601 D dalvikvm: GC_CONCURRENT freed 465K, 9% free 9631K/10503K, paused 2ms+2ms
06-10 16:42:36.535 23600 23601 D dalvikvm: GC_CONCURRENT freed 433K, 9% free 9604K/10503K, paused 13ms+2ms
06-10 16:42:37.418 23600 25216 W ResponseProcessCookies: Invalid cookie header: "Set-Cookie: mobile_session_key=68986cde-6a26-5654-bb8a-bbf08b6013bc; Version=1; Max-Age=525600; Expires=Sat, 16-Jun-2012 22:42:36 GMT; Path=/". Unable to parse expires attribute: Sat
06-10 16:42:37.445 23600 25216 W ResponseProcessCookies: Invalid cookie header: "Set-Cookie: mobile_session_id=6495559e-3817-42e0-9184-ba11dba724d4; Version=1; Max-Age=525600; Expires=Sat, 16-Jun-2012 22:42:36 GMT; Path=/". Unable to parse expires attribute: Sat
06-10 16:42:37.480 23600 25216 W ResponseProcessCookies: Invalid cookie header: "Set-Cookie: mobile_agent_id=0d555aeb-eec6-4894-a140-698f01517d9c; Version=1; Max-Age=525600; Expires=Sat, 16-Jun-2012 22:42:36 GMT; Path=/". Unable to parse expires attribute: Sat
06-10 16:42:38.039 23600 23601 D dalvikvm: GC_CONCURRENT freed 251K, 7% free 9795K/10503K, paused 13ms+2ms
06-10 16:42:38.586 23600 23601 D dalvikvm: GC_CONCURRENT freed 523K, 8% free 9686K/10503K, paused 13ms+3ms
06-10 16:42:39.047 23600 23601 D dalvikvm: GC_CONCURRENT freed 390K, 8% free 9722K/10503K, paused 13ms+2ms
06-10 16:42:39.437 23600 23601 D dalvikvm: GC_CONCURRENT freed 392K, 8% free 9720K/10503K, paused 2ms+2ms
06-10 16:42:39.922 23600 23601 D dalvikvm: GC_CONCURRENT freed 435K, 8% free 9732K/10503K, paused 7ms+3ms
06-10 16:42:40.246 23600 23601 D dalvikvm: GC_CONCURRENT freed 462K, 8% free 9720K/10503K, paused 7ms+2ms
06-10 16:42:40.652 23600 23601 D dalvikvm: GC_CONCURRENT freed 369K, 8% free 9753K/10503K, paused 4ms+6ms
06-10 16:42:41.101 23600 23601 D dalvikvm: GC_CONCURRENT freed 437K, 8% free 9748K/10503K, paused 6ms+2ms
06-10 16:42:41.465 23600 23601 D dalvikvm: GC_CONCURRENT freed 455K, 8% free 9698K/10503K, paused 7ms+3ms
06-10 16:42:42.523 23600 23601 D dalvikvm: GC_CONCURRENT freed 469K, 9% free 9630K/10503K, paused 14ms+2ms
06-10 16:42:43.590 23600 23601 D dalvikvm: GC_CONCURRENT freed 426K, 9% free 9626K/10503K, paused 2ms+3ms
06-10 16:42:43.769 23600 23601 D dalvikvm: GC_CONCURRENT freed 462K, 9% free 9593K/10503K, paused 2ms+3ms
06-10 16:42:43.922 23600 23601 D dalvikvm: GC_CONCURRENT freed 463K, 9% free 9570K/10503K, paused 2ms+3ms
06-10 16:42:44.531 23600 23601 D dalvikvm: GC_CONCURRENT freed 244K, 8% free 9742K/10503K, paused 7ms+2ms
06-10 16:42:47.632 23600 23601 D dalvikvm: GC_CONCURRENT freed 440K, 8% free 9716K/10503K, paused 2ms+3ms
06-10 16:42:47.789 23600 23601 D dalvikvm: GC_CONCURRENT freed 480K, 9% free 9633K/10503K, paused 2ms+2ms
06-10 16:42:48.121 23600 23601 D dalvikvm: GC_CONCURRENT freed 287K, 7% free 9780K/10503K, paused 5ms+3ms
06-10 16:42:48.621 23600 23601 D dalvikvm: GC_CONCURRENT freed 500K, 8% free 9668K/10503K, paused 13ms+2ms
06-10 16:42:48.894 23600 23601 D dalvikvm: GC_CONCURRENT freed 505K, 9% free 9591K/10503K, paused 2ms+2ms
06-10 16:42:49.027 23600 23601 D dalvikvm: GC_CONCURRENT freed 446K, 9% free 9571K/10503K, paused 2ms+2ms
06-10 16:42:49.617 23600 23601 D dalvikvm: GC_CONCURRENT freed 317K, 8% free 9696K/10503K, paused 2ms+3ms
06-10 16:42:49.718 23600 23601 D dalvikvm: GC_CONCURRENT freed 538K, 9% free 9574K/10503K, paused 1ms+2ms
06-10 16:42:49.922 23600 23601 D dalvikvm: GC_CONCURRENT freed 422K, 9% free 9596K/10503K, paused 2ms+2ms
06-10 16:42:52.480 20838 20841 D dalvikvm: GC_CONCURRENT freed 504K, 8% free 10284K/11079K, paused 2ms+299ms
06-10 16:42:53.121 23600 23601 D dalvikvm: GC_CONCURRENT freed 331K, 8% free 9687K/10503K, paused 13ms+2ms
06-10 16:42:53.480 23600 23601 D dalvikvm: GC_CONCURRENT freed 385K, 8% free 9706K/10503K, paused 2ms+3ms
06-10 16:42:53.820 23600 23601 D dalvikvm: GC_CONCURRENT freed 446K, 8% free 9713K/10503K, paused 4ms+2ms
06-10 16:42:53.945 23600 23601 D dalvikvm: GC_CONCURRENT freed 575K, 9% free 9568K/10503K, paused 2ms+2ms
06-10 16:42:54.683 23600 23601 D dalvikvm: GC_CONCURRENT freed 290K, 8% free 9685K/10503K, paused 4ms+5ms
06-10 16:42:54.886 23600 23601 D dalvikvm: GC_CONCURRENT freed 463K, 9% free 9629K/10503K, paused 2ms+2ms
06-10 16:42:55.308 23600 23601 D dalvikvm: GC_CONCURRENT freed 374K, 8% free 9720K/10503K, paused 7ms+2ms
06-10 16:42:55.500 23600 23601 D dalvikvm: GC_CONCURRENT freed 570K, 9% free 9596K/10503K, paused 3ms+5ms
06-10 16:42:56.425 23600 23601 D dalvikvm: GC_CONCURRENT freed 408K, 9% free 9605K/10503K, paused 2ms+2ms
06-10 16:42:56.703 23600 23601 D dalvikvm: GC_CONCURRENT freed 369K, 9% free 9638K/10503K, paused 1ms+7ms
06-10 16:42:58.050 23600 23601 D dalvikvm: GC_CONCURRENT freed 389K, 8% free 9728K/10503K, paused 13ms+3ms
06-10 16:42:58.308 23600 23601 D dalvikvm: GC_CONCURRENT freed 559K, 9% free 9607K/10503K, paused 3ms+2ms
06-10 16:42:58.793 23600 23601 D dalvikvm: GC_CONCURRENT freed 378K, 9% free 9632K/10503K, paused 14ms+2ms
06-10 16:43:00.265 23600 23601 D dalvikvm: GC_CONCURRENT freed 482K, 9% free 9593K/10503K, paused 2ms+2ms
06-10 16:43:00.398 23600 23601 D dalvikvm: GC_CONCURRENT freed 447K, 9% free 9587K/10503K, paused 2ms+2ms
06-10 16:43:00.746 23600 23601 D dalvikvm: GC_CONCURRENT freed 378K, 9% free 9606K/10503K, paused 13ms+2ms
06-10 16:43:01.140 23600 23601 D dalvikvm: GC_CONCURRENT freed 319K, 8% free 9680K/10503K, paused 2ms+3ms
06-10 16:43:01.312 23600 23601 D dalvikvm: GC_CONCURRENT freed 475K, 9% free 9634K/10503K, paused 2ms+2ms
06-10 16:43:01.718 23600 23601 D dalvikvm: GC_CONCURRENT freed 452K, 9% free 9644K/10503K, paused 2ms+3ms
06-10 16:43:01.953 23600 23601 D dalvikvm: GC_CONCURRENT freed 424K, 8% free 9664K/10503K, paused 2ms+5ms
06-10 16:43:02.250 23600 23601 D dalvikvm: GC_CONCURRENT freed 398K, 8% free 9706K/10503K, paused 4ms+3ms
06-10 16:43:02.750 23600 23601 D dalvikvm: GC_CONCURRENT freed 538K, 9% free 9594K/10503K, paused 1ms+2ms
06-10 16:43:04.957 23600 25216 W ResponseProcessCookies: Invalid cookie header: "Set-Cookie: vrvcnt="8C6D3C2523B82A2D8775327A826E5C17_portalId:4_partnerId:3708_portalTerms:_up:false"; Version=1; Max-Age=2592000; Expires=Tue, 10-Jul-2012 20:43:04 GMT; Path=/". Unable to parse expires attribute: Tue
06-10 16:43:05.504 23600 23601 D dalvikvm: GC_CONCURRENT freed 354K, 8% free 9682K/10503K, paused 14ms+3ms
06-10 16:43:07.777 23600 25216 W ResponseProcessCookies: Invalid cookie header: "Set-Cookie: vrvcnt="1ADE99A21A7E8D0E3FE2C8AAF05DDEB2_portalId:4_partnerId:3708_portalTerms:_up:false"; Version=1; Max-Age=2592000; Expires=Tue, 10-Jul-2012 20:43:07 GMT; Path=/". Unable to parse expires attribute: Tue
06-10 16:43:08.039 23600 23601 D dalvikvm: GC_CONCURRENT freed 483K, 9% free 9634K/10503K, paused 2ms+2ms
06-10 16:43:09.215 23600 23601 D dalvikvm: GC_CONCURRENT freed 396K, 9% free 9626K/10503K, paused 13ms+2ms
06-10 16:43:12.558 23600 23601 D dalvikvm: GC_CONCURRENT freed 430K, 9% free 9585K/10503K, paused 13ms+2ms
06-10 16:43:52.105 22620 22623 D dalvikvm: GC_CONCURRENT freed 511K, 13% free 10426K/11975K, paused 2ms+2ms
06-10 16:43:52.234   152   154 D dalvikvm: GC_CONCURRENT freed 1961K, 23% free 17844K/22919K, paused 3ms+7ms
06-10 16:43:52.336 20838 20841 D dalvikvm: GC_CONCURRENT freed 447K, 8% free 10262K/11079K, paused 1ms+2ms
06-10 16:45:52.191 22620 22623 D dalvikvm: GC_CONCURRENT freed 508K, 13% free 10429K/11975K, paused 2ms+3ms
06-10 16:45:52.304 20838 20841 D dalvikvm: GC_CONCURRENT freed 493K, 8% free 10280K/11079K, paused 1ms+3ms
06-10 16:46:52.304   152  5616 D dalvikvm: GC_EXPLICIT freed 326K, 23% free 17829K/22919K, paused 3ms+6ms
06-10 16:46:52.382 20838 20841 D dalvikvm: GC_CONCURRENT freed 448K, 8% free 10266K/11079K, paused 2ms+2ms
06-10 16:47:52.289  7488  7492 D dalvikvm: GC_CONCURRENT freed 441K, 7% free 10595K/11271K, paused 2ms+3ms
06-10 16:47:52.316 22620 22623 D dalvikvm: GC_CONCURRENT freed 510K, 13% free 10431K/11975K, paused 2ms+2ms
06-10 16:48:21.988 25074 25075 D dalvikvm: GC_CONCURRENT freed 666K, 11% free 11401K/12807K, paused 20ms+3ms
06-10 16:48:52.394 20838 20841 D dalvikvm: GC_CONCURRENT freed 487K, 8% free 10287K/11079K, paused 2ms+3ms
06-10 16:49:12.238 22620 22623 D dalvikvm: GC_CONCURRENT freed 367K, 13% free 10447K/11975K, paused 7ms+2ms
06-10 16:49:50.070   390   392 D dalvikvm: GC_CONCURRENT freed 641K, 42% free 9902K/16903K, paused 2ms+3ms
06-10 16:49:52.371 20838 24640 D dalvikvm: GC_EXPLICIT freed 184K, 8% free 10211K/11079K, paused 2ms+2ms
06-10 16:50:52.586 22620 22623 D dalvikvm: GC_CONCURRENT freed 514K, 13% free 10444K/11975K, paused 2ms+2ms
06-10 16:50:52.707 20838 20841 D dalvikvm: GC_CONCURRENT freed 442K, 8% free 10279K/11079K, paused 2ms+2ms
06-10 16:51:25.195   152   168 I power   : *** set_screen_state 1
06-10 16:51:25.254 22769 22769 I PhoneLab-PowerOnReceiver: Power is plugged off!
06-10 16:51:25.363   152   202 I WindowManager: Lock screen displayed!
06-10 16:51:25.390    79   119 D SurfaceFlinger: Screen about to return, flinger = 0x2c1918
06-10 16:51:25.421 22769 22770 D dalvikvm: GC_CONCURRENT freed 409K, 15% free 9169K/10695K, paused 17ms+3ms
06-10 16:51:31.140 22769 22769 I PhoneLab-PowerOnReceiver: Power is plugged in!
06-10 16:51:31.140 22769 22769 I PhoneLab-PowerOnReceiver: Rescheduling periodic checking...
06-10 16:51:31.140   390   390 W PowerUI : unknown intent: Intent { act=android.intent.action.ACTION_POWER_CONNECTED flg=0x10000010 }
06-10 16:51:31.171 22769 22769 I PhoneLab-Locks: wake lock acquired
06-10 16:51:31.191 22769 22769 I PhoneLab-UploadLogs: Transfering log files now
06-10 16:51:31.191 22769 22769 I PhoneLab-UploadLogs: No log files to transfer
06-10 16:51:31.191 22769 22769 I PhoneLab-Locks: wake lock released
06-10 16:51:31.195 22769 22769 I PhoneLab-UploadLogs: OnStartCommand
06-10 16:51:31.414   390   434 I StorageNotification: UMS connection changed to true (media state mounted)
06-10 16:51:31.449   390   434 I StorageNotification: UMS connection changed to true (media state mounted)
06-10 16:51:31.535   390   390 D dalvikvm: GC_FOR_ALLOC freed 120K, 40% free 10160K/16903K, paused 21ms
06-10 16:51:31.586   390   392 D dalvikvm: GC_CONCURRENT freed 509K, 41% free 10123K/16903K, paused 2ms+3ms
06-10 16:51:31.664   390   392 D dalvikvm: GC_CONCURRENT freed 502K, 41% free 10105K/16903K, paused 2ms+4ms
06-10 16:51:31.800   390   392 D dalvikvm: GC_CONCURRENT freed 250K, 39% free 10319K/16903K, paused 2ms+3ms
06-10 16:51:32.890 22769 22783 I PhoneLab-: Service Running
06-10 16:51:33.074 22769 22783 I PhoneLab-LoggerService: app_38    1290  1     1788   1344  c00f181c 400107b4 S logcat
06-10 16:51:33.074 22769 22783 I PhoneLab-LoggerService: Logcat pid from database 1290
06-10 16:51:33.074 22769 22783 I PhoneLab-LoggerService: Logcat process found 1290
06-10 16:51:33.074 22769 22783 I PhoneLab-LoggerService: Checking Threshold
06-10 16:51:33.074 22769 22783 I PhoneLab-: Service Running
06-10 16:51:33.105 22769 22783 I PhoneLab-LoggerService: app_38    1290  1     1788   1344  c00f181c 400107b4 S logcat
06-10 16:51:33.105 22769 22783 I PhoneLab-LoggerService: Logcat pid from database 1290
06-10 16:51:33.105 22769 22783 I PhoneLab-LoggerService: Logcat process found 1290
06-10 16:51:33.105 22769 22783 I PhoneLab-LoggerService: Checking Threshold
06-10 16:51:33.105 22769 22783 I PhoneLab-: Service Running
06-10 16:51:33.140 22769 22783 I PhoneLab-LoggerService: app_38    1290  1     1788   1344  c00f181c 400107b4 S logcat
06-10 16:51:33.140 22769 22783 I PhoneLab-LoggerService: Logcat pid from database 1290
06-10 16:51:33.140 22769 22783 I PhoneLab-LoggerService: Logcat process found 1290
06-10 16:51:33.140 22769 22783 I PhoneLab-LoggerService: Checking Threshold
06-10 16:51:33.140 22769 22783 I PhoneLab-: Service Running
06-10 16:51:33.183 22769 22770 D dalvikvm: GC_CONCURRENT freed 418K, 15% free 9143K/10695K, paused 1ms+3ms
06-10 16:51:33.199 22769 22783 I PhoneLab-LoggerService: app_38    1290  1     1788   1344  c00f181c 400107b4 S logcat
06-10 16:51:33.199 22769 22783 I PhoneLab-LoggerService: Logcat pid from database 1290
06-10 16:51:33.199 22769 22783 I PhoneLab-LoggerService: Logcat process found 1290
06-10 16:51:33.199 22769 22783 I PhoneLab-LoggerService: Checking Threshold
06-10 16:51:38.961    85    85 I keystore: uid: 1000 action: p -> 1 state: 1 -> 1 retry: 4
06-10 16:51:38.972   390   390 D PhoneStatusBar: disable: < expand* icons alerts ticker* system_info BACK HOME recent* CLOCK >
06-10 16:51:38.996   152   858 W InputManagerService: Window already focused, ignoring focus gain of: com.android.internal.view.IInputMethodClient$Stub$Proxy@41a68e30
06-10 16:51:39.004   390   390 D PhoneStatusBar: disable: < expand icons alerts ticker system_info back* home* recent clock* >
06-10 16:51:39.355   152 16653 I ActivityManager: Start proc android.process.acore for content provider com.android.providers.contacts/.ContactsProvider2: pid=25696 uid=10000 gids={3003, 1015}
06-10 16:51:39.597 25696 25696 I ActivityThread: Pub call_log: com.android.providers.contacts.CallLogProvider
06-10 16:51:39.789 25696 25696 I ActivityThread: Pub com.android.voicemail: com.android.providers.contacts.VoicemailContentProvider
06-10 16:51:39.800 25696 25696 I ActivityThread: Pub user_dictionary: com.android.providers.userdictionary.UserDictionaryProvider
06-10 16:51:39.894 25696 25696 I ActivityThread: Pub com.android.social: com.android.providers.contacts.SocialProvider
06-10 16:51:39.898 25696 25696 I ActivityThread: Pub applications: com.android.providers.applications.ApplicationsProvider
06-10 16:51:40.097 25696 25696 I ActivityThread: Pub contacts;com.android.contacts: com.android.providers.contacts.ContactsProvider2
06-10 16:51:40.140 25696 25697 D dalvikvm: GC_CONCURRENT freed 357K, 5% free 9178K/9607K, paused 22ms+6ms
06-10 16:51:41.175 22769 22769 I PhoneLab-Locks: wake lock acquired
06-10 16:51:41.183 22769 25711 I PhoneLab-PeriodicCheckService: User info is synched
06-10 16:51:41.187 22769 25711 I PhoneLab-PeriodicCheckService: Logger Service is running
06-10 16:51:41.191 22769 22769 I PhoneLab-Locks: wake lock acquired
06-10 16:51:41.195 22769 22769 I PhoneLab-StatusMonitor: Status Monitoring is started
06-10 16:51:41.199 22769 25711 I PhoneLab-Locks: wake lock acquired
06-10 16:51:41.203 22769 25711 I PhoneLab-PeriodicCheckService: Rescheduling periodic checking...
06-10 16:51:41.203 22769 22769 E PhoneLab-PhoneLabManifest: java.io.FileNotFoundException: /data/data/edu.buffalo.cse.phonelab.phonelabservices/files/manifest.xml: open failed: ENOENT (No such file or directory)
06-10 16:51:41.207 22769 25711 I PhoneLab-Locks: wake lock released
06-10 16:51:41.211 22769 22769 I PhoneLab-Locks: wake lock released
06-10 16:51:41.214 22769 22769 I PhoneLab-UploadLogs: Transfering log files now
06-10 16:51:41.214 22769 22769 I PhoneLab-UploadLogs: No log files to transfer
06-10 16:51:41.214 22769 22769 I PhoneLab-Locks: wake lock released
06-10 16:51:41.214 22769 22769 I PhoneLab-UploadLogs: OnStartCommand
06-10 16:51:41.238  7488  7492 D dalvikvm: GC_CONCURRENT freed 364K, 6% free 10630K/11271K, paused 9ms+4ms
06-10 16:51:41.308 25696 25697 D dalvikvm: GC_CONCURRENT freed 188K, 4% free 9430K/9735K, paused 3ms+2ms
06-10 16:51:41.742  7488 23581 D dalvikvm: GC_FOR_ALLOC freed 123K, 6% free 10612K/11271K, paused 70ms
06-10 16:51:42.461  7488 23581 D dalvikvm: GC_FOR_ALLOC freed 85K, 6% free 10615K/11271K, paused 24ms
06-10 16:51:43.480 25696 25697 D dalvikvm: GC_CONCURRENT freed 300K, 5% free 9556K/9991K, paused 41ms+3ms
06-10 16:51:48.894   152   164 D dalvikvm: GC_EXPLICIT freed 2340K, 26% free 17168K/22919K, paused 7ms+11ms
06-10 16:51:50.523  7488  7492 D dalvikvm: GC_CONCURRENT freed 392K, 6% free 10629K/11271K, paused 27ms+4ms
06-10 16:51:52.785 25723 25723 F libc    : Fatal signal 13 (SIGPIPE) at 0x0000647b (code=0)
06-10 16:51:52.886 20838 20841 D dalvikvm: GC_CONCURRENT freed 458K, 8% free 10270K/11079K, paused 8ms+2ms
06-10 16:51:53.187 19303 19303 I DEBUG   : debuggerd committing suicide to free the zombie!
06-10 16:51:53.238 25727 25727 I DEBUG   : debuggerd: Jun  8 2012 12:06:49
06-10 16:52:05.472   152   198 I power   : *** set_screen_state 0
06-10 16:52:05.543    79   119 D SurfaceFlinger: About to give-up screen, flinger = 0x2c1918
06-10 16:52:05.738 22769 22783 I PhoneLab-: Service Running
06-10 16:52:05.820   152   202 V TransportControlView: Create TCV com.android.internal.widget.TransportControlView@41846d98
06-10 16:52:05.925   390   390 D PhoneStatusBar: disable: < EXPAND* icons alerts TICKER* system_info back home RECENT* clock >
06-10 16:52:05.953   390   390 D PhoneStatusBar: disable: < EXPAND icons alerts TICKER system_info BACK* HOME* RECENT CLOCK* >
06-10 16:52:05.964   152   202 I power   : *** set_screen_state 1
06-10 16:52:06.093   152   202 I WindowManager: Lock screen displayed!
06-10 16:52:06.129 22769 22783 I PhoneLab-LoggerService: app_38    1290  1     1788   1344  c00f181c 400107b4 S logcat
06-10 16:52:06.129 22769 22783 I PhoneLab-LoggerService: Logcat pid from database 1290
06-10 16:52:06.129 22769 22783 I PhoneLab-LoggerService: Logcat process found 1290
06-10 16:52:06.129 22769 22783 I PhoneLab-LoggerService: Checking Threshold
06-10 16:52:06.156    79   119 D SurfaceFlinger: Screen about to return, flinger = 0x2c1918
06-10 16:52:08.812   390   390 D PhoneStatusBar: disable: < EXPAND icons alerts TICKER system_info back* home* RECENT clock* >
06-10 16:52:08.949   152   154 D dalvikvm: GC_CONCURRENT freed 1222K, 22% free 17953K/22919K, paused 4ms+11ms
06-10 16:52:08.984   152   491 I ActivityManager: Process com.google.android.apps.genie.geniewidget (pid 23600) has died.
06-10 16:52:10.211   152   202 D ShutdownThread: Notifying thread to start shutdown longPressBehavior=1
06-10 16:52:11.164   152 25733 I ShutdownThread: Sending shutdown broadcast...
06-10 16:52:11.168   152   168 W SyncManager: Writing sync state before shutdown...
06-10 16:52:11.527   152   168 W ActivityManager: finishReceiver called but active receiver is different
06-10 16:52:11.617   152 25733 I ShutdownThread: Shutting down activity manager...
06-10 16:52:11.632   152  5617 I ActivityManager: Start proc com.android.settings.wimax for broadcast com.android.settings.wimax/.widget.WimaxWidgetProvider: pid=25750 uid=10054 gids={}
06-10 16:52:12.656    76   113 W Netd    : No subsystem found in netlink event
06-10 16:52:12.656    76   113 D NetlinkEvent: Unexpected netlink message. type=0x11
06-10 16:52:12.730   152   314 D ConnectivityService: ConnectivityChange for WIMAX: DISCONNECTED/DISCONNECTED
06-10 16:52:12.730   152 25733 I UsageStats: Writing usage stats before shutdown...
06-10 16:52:12.734   152   314 D ConnectivityService: Attempting to switch to mobile
06-10 16:52:12.734   152   314 D ConnectivityService: Attempting to switch to WIFI
06-10 16:52:12.746   152   314 D ConnectivityService: Attempting to switch to BLUETOOTH_TETHER
06-10 16:52:12.867   152 25733 W BatteryStats: Writing battery stats before shutdown...
06-10 16:52:12.906   152 25733 W ShutdownThread: Turning off radio...
06-10 16:52:12.964   152 25733 I ShutdownThread: Waiting for Bluetooth and Radio...
06-10 16:52:13.101   472   472 D SAN_SERVICE: *******************************************
06-10 16:52:13.101   472   472 D SAN_SERVICE: DM App Phone Service State - 3
06-10 16:52:13.101   472   472 D SAN_SERVICE: *******************************************
06-10 16:52:13.129   472   475 D dalvikvm: GC_CONCURRENT freed 460K, 18% free 9826K/11975K, paused 3ms+10ms
06-10 16:52:13.129   152   169 I ActivityManager: Start proc com.google.android.partnersetup for broadcast com.google.android.partnersetup/.PhoneStateReceiver: pid=25763 uid=10022 gids={3003}
06-10 16:52:13.265    80    80 D dalvikvm: GC_EXPLICIT freed 37K, 4% free 9031K/9347K, paused 4ms+3ms
06-10 16:52:13.285 25763 25763 I ActivityThread: Pub com.google.android.partnersetup.rlzprovider: com.google.android.partnersetup.RlzProvider
06-10 16:52:13.285  7488  7565 D NetworkLocator: null cell state delivered
06-10 16:52:13.300 25763 25763 I ActivityThread: Pub com.google.android.partnersetup.rlzappprovider: com.google.android.partnersetup.RlzAppProvider
06-10 16:52:13.316    80    80 D dalvikvm: GC_EXPLICIT freed <1K, 4% free 9031K/9347K, paused 4ms+2ms
06-10 16:52:13.347    80    80 D dalvikvm: GC_EXPLICIT freed <1K, 4% free 9031K/9347K, paused 2ms+3ms
06-10 16:52:13.464   152 25733 I ShutdownThread: Radio and Bluetooth shutdown complete.
06-10 16:52:13.472   152 25733 I ShutdownThread: Shutting down MountService
06-10 16:52:13.472   152 25733 I MountService: Shutting down
06-10 16:52:13.484   152   319 I PackageManager: Updating external media status from mounted to unmounted
06-10 16:52:13.504    73   101 D VoldCmdListener: asec list
06-10 16:52:13.507   152   172 I PackageManager: No secure containers on sdcard
06-10 16:52:13.687    73   101 D VoldCmdListener: storage users /mnt/sdcard
06-10 16:52:13.968   152   319 W ActivityManager: Killing processes unmount media at adjustment 9
06-10 16:52:13.968   152   319 W ActivityManager: Killing ProcessRecord{413c08b0 25176:com.google.android.apps.maps/10057} (adj 11): unmount media
06-10 16:52:13.968    73   101 D VoldCmdListener: storage users /mnt/sdcard
06-10 16:52:14.152   152   319 I MountService: Retrying to kill storage users again
06-10 16:52:14.179 23613 23613 D OpenGLRenderer: Flushing caches (mode 2)
06-10 16:52:14.183    73   101 D VoldCmdListener: storage users /mnt/sdcard
06-10 16:52:14.218 23613 23613 D OpenGLRenderer: Flushing caches (mode 0)
06-10 16:52:14.222 23613 23613 W ManagedEGLContext: doTerminate failed: EGL count is 2 but managed count is 1
06-10 16:52:14.343   152   319 W ActivityManager: Killing processes unmount media at adjustment 8
06-10 16:52:14.343   152   319 W ActivityManager: Killing ProcessRecord{418ee780 23312:com.spotify.mobile.android.ui/10055} (adj 8): unmount media
06-10 16:52:14.347    73   101 D VoldCmdListener: storage users /mnt/sdcard
06-10 16:52:14.449   152   656 W ActivityManager: Scheduling restart of crashed service com.spotify.mobile.android.ui/com.spotify.mobile.android.service.LocalService in 5000ms
06-10 16:52:14.535   152   319 I MountService: Retrying to kill storage users again
06-10 16:52:14.566    73   101 D VoldCmdListener: storage users /mnt/sdcard
06-10 16:52:14.726   152   319 W ActivityManager: Killing processes unmount media at adjustment 0
06-10 16:52:14.730    73   101 D VoldCmdListener: storage users /mnt/sdcard
06-10 16:52:14.875   152   319 I MountService: Retrying to kill storage users again
06-10 16:52:14.906    73   101 D VoldCmdListener: storage users /mnt/sdcard
06-10 16:52:15.070   152   319 W ActivityManager: Killing processes unmount media at adjustment 0
06-10 16:52:15.074    73   101 D VoldCmdListener: storage users /mnt/sdcard
06-10 16:52:15.218   152   319 I MountService: Retrying to kill storage users again
06-10 16:52:15.250    73   101 D VoldCmdListener: storage users /mnt/sdcard
06-10 16:52:15.414   152   319 W ActivityManager: Killing processes unmount media at adjustment 0
06-10 16:52:15.414    73   101 D VoldCmdListener: storage users /mnt/sdcard
06-10 16:52:15.562   152   319 I MountService: Failed to unmount media inspite of 4 retries. Forcibly killing processes now
06-10 16:52:15.679   152   319 D dalvikvm: GC_EXPLICIT freed 1784K, 22% free 17895K/22919K, paused 4ms+9ms
06-10 16:52:15.679   152   319 I PackageManager: Updating external media status from unmounted to unmounted
06-10 16:52:15.683    73   101 D VoldCmdListener: volume unmount /mnt/sdcard force
06-10 16:52:15.683    73   101 D Vold    : Volume sdcard state changing 4 (Mounted) -> 5 (Unmounting)
06-10 16:52:15.687   152   321 D MountService: sendStorageIntent Intent { act=android.intent.action.MEDIA_EJECT dat=file:///mnt/sdcard (has extras) }
06-10 16:52:15.789   152   317 D Tethering: MasterInitialState.processMessage what=3
06-10 16:52:15.836   152   317 D Tethering: MasterInitialState.processMessage what=3
06-10 16:52:16.004   152   375 I ActivityManager: Start proc com.google.android.apps.uploader for broadcast com.google.android.apps.uploader/.ConnectivityBroadcastReceiver: pid=25776 uid=10031 gids={3003}
06-10 16:52:16.011 25776 25776 I dalvikvm: Turning on JNI app bug workarounds for target SDK version 11...
06-10 16:52:16.050 24503 24506 D dalvikvm: GC_CONCURRENT freed 477K, 6% free 9907K/10503K, paused 23ms+58ms
06-10 16:52:16.078 25776 25776 I ActivityThread: Pub com.google.android.apps.uploader: com.google.android.apps.uploader.UploadsContentProvider
06-10 16:52:16.078 25776 25776 I ActivityThread: Pub com.google.photos.provider.Album: com.google.android.apps.uploader.clients.picasa.AlbumProvider
06-10 16:52:16.089 25776 25776 D MediaUploader: UploaderApplication.onCreate
06-10 16:52:16.168 25776 25776 D MediaUploader: nonWifiLimit=20971520, default=20971520
06-10 16:52:16.187 25776 25776 I MediaUploader: No need to wake up
06-10 16:52:16.324   152   314 D ConnectivityService: handleInetConditionHoldEnd: net=1, condition=100, published condition=100
06-10 16:52:16.386 25034 25794 D PicasaSync: sync account database
06-10 16:52:16.507   152   163 I ActivityManager: Start proc com.google.android.apps.docs for broadcast com.google.android.apps.docs/.receivers.NetworkChangeReceiver: pid=25795 uid=10069 gids={3003, 1015, 1006}
06-10 16:52:16.574 23613 23613 D OpenGLRenderer: Flushing caches (mode 2)
06-10 16:52:16.574 23613 23613 D OpenGLRenderer: Flushing caches (mode 0)
06-10 16:52:16.574 23613 23613 W ManagedEGLContext: doTerminate failed: EGL count is 2 but managed count is 1
06-10 16:52:16.597 23613 23613 D OpenGLRenderer: Flushing caches (mode 2)
06-10 16:52:16.597 23613 23613 D OpenGLRenderer: Flushing caches (mode 0)
06-10 16:52:16.597 23613 23613 W ManagedEGLContext: doTerminate failed: EGL count is 2 but managed count is 1
06-10 16:52:16.656 25034 25794 D PicasaSync: accounts in DB=1
06-10 16:52:16.660 25034 25794 D PicasaSyncManager: active network: NetworkInfo: type: WIFI[], state: CONNECTED/CONNECTED, reason: (unspecified), extra: (none), roaming: false, failover: false, isAvailable: true
06-10 16:52:16.660 25034 25794 D PicasaSyncManager: background data: true
06-10 16:52:16.691    73   101 I Vold    : /mnt/secure/staging/.android_secure sucessfully unmounted
06-10 16:52:16.691    73   101 I Vold    : /mnt/secure/asec sucessfully unmounted
06-10 16:52:16.691    73   101 W Vold    : Failed to unmount /mnt/secure/staging (Device or resource busy, retries 9, action 0)
06-10 16:52:16.703 25795 25795 I ActivityThread: Pub com.google.android.apps.docs.files: com.google.android.apps.docs.sync.filemanager.FileProvider
06-10 16:52:16.718 25795 25795 I ActivityThread: Pub com.google.android.apps.docs.doclist.search_suggest: com.google.android.apps.docs.doclist.DocListGlobalSearchSuggestionProvider
06-10 16:52:16.800 25795 25795 V /ContextScope.java:112: 16:52:16.801 main Contexts in the main scope map after inserting com.google.android.apps.docs.editors.EditorsApplication@41351188: com.google.android.apps.docs.editors.EditorsApplication@41351188
06-10 16:52:16.914 25795 25798 D dalvikvm: GC_CONCURRENT freed 229K, 4% free 9307K/9607K, paused 3ms+7ms
06-10 16:52:17.078    73   101 E ProcessKiller: Process logcat (1290) has open file /mnt/secure/staging/.log/log.out
06-10 16:52:17.148 25795 25798 D dalvikvm: GC_CONCURRENT freed 499K, 6% free 9354K/9927K, paused 2ms+3ms
06-10 16:52:17.328 25795 25798 D dalvikvm: GC_CONCURRENT freed 544K, 7% free 9372K/9991K, paused 2ms+2ms
06-10 16:52:17.414 25034 25794 D PicasaSyncManager: battery info: true
06-10 16:52:17.476 25795 25798 D dalvikvm: GC_CONCURRENT freed 466K, 6% free 9418K/9991K, paused 2ms+6ms
06-10 16:52:17.582 25795 25798 D dalvikvm: GC_CONCURRENT freed 542K, 7% free 9438K/10055K, paused 5ms+3ms
06-10 16:52:17.687 25795 25798 D dalvikvm: GC_CONCURRENT freed 460K, 6% free 9490K/10055K, paused 6ms+3ms
06-10 16:52:17.812 25795 25798 D dalvikvm: GC_CONCURRENT freed 527K, 6% free 9517K/10119K, paused 1ms+2ms
06-10 16:52:17.961 25795 25798 D dalvikvm: GC_CONCURRENT freed 417K, 6% free 9596K/10119K, paused 1ms+2ms
06-10 16:52:18.136 25795 25798 D dalvikvm: GC_CONCURRENT freed 418K, 6% free 9668K/10183K, paused 2ms+3ms
06-10 16:52:18.300 25795 25798 D dalvikvm: GC_CONCURRENT freed 497K, 6% free 9726K/10311K, paused 1ms+3ms
06-10 16:52:18.406    73   101 W Vold    : Failed to unmount /mnt/secure/staging (Device or resource busy, retries 8, action 0)
06-10 16:52:18.457 25795 25798 D dalvikvm: GC_CONCURRENT freed 459K, 6% free 9756K/10311K, paused 2ms+2ms
06-10 16:52:18.550    73   101 E ProcessKiller: Process logcat (1290) has open file /mnt/secure/staging/.log/log.out
06-10 16:52:18.691 25795 25798 D dalvikvm: GC_CONCURRENT freed 532K, 6% free 9766K/10375K, paused 2ms+7ms
06-10 16:52:18.746 25795 25795 D /Ln.java:220: 16:52:18.747 main Configuring Logging, minimum log level is INFO
06-10 16:52:18.800 25795 25795 D DocListDatabase: openHelper points on new database: DocList.db
06-10 16:52:18.800 25795 25795 D DocListDatabase: in openWriteDatabase
06-10 16:52:18.836 25795 25795 W ND      : Could not load Finalizer in its own class loader. Loading Finalizer in the current class loader instead. As a result, you will not be able to garbage collect this class loader. To support reclaiming this class loader, either resolve the underlying issue, or move Google Collections to your system class path.
06-10 16:52:18.836 25795 25795 W ND      : java.io.FileNotFoundException: com/google/inject/internal/Finalizer.class
06-10 16:52:18.836 25795 25795 W ND      : 	at NE.a(FinalizableReferenceQueue.java:269)
06-10 16:52:18.836 25795 25795 W ND      : 	at NE.a(FinalizableReferenceQueue.java:253)
06-10 16:52:18.836 25795 25795 W ND      : 	at ND.a(FinalizableReferenceQueue.java:175)
06-10 16:52:18.836 25795 25795 W ND      : 	at ND.<clinit>(FinalizableReferenceQueue.java:100)
06-10 16:52:18.836 25795 25795 W ND      : 	at OT.<clinit>(MapMaker.java:787)
06-10 16:52:18.836 25795 25795 W ND      : 	at Ph.<init>(MapMaker.java:946)
06-10 16:52:18.836 25795 25795 W ND      : 	at Pb.a(MapMaker.java:312)
06-10 16:52:18.836 25795 25795 W ND      : 	at OX.a(MapMaker.java:498)
06-10 16:52:18.836 25795 25795 W ND      : 	at OX.a(MapMaker.java:419)
06-10 16:52:18.836 25795 25795 W ND      : 	at Nb.get(CustomConcurrentHashMap.java:2029)
06-10 16:52:18.836 25795 25795 W ND      : 	at MM.a(BytecodeGen.java:149)
06-10 16:52:18.836 25795 25795 W ND      : 	at MM.a(BytecodeGen.java:132)
06-10 16:52:18.836 25795 25795 W ND      : 	at MX.a(ConstructionContext.java:80)
06-10 16:52:18.836 25795 25795 W ND      : 	at KG.a(ConstructorInjector.java:70)
06-10 16:52:18.836 25795 25795 W ND      : 	at KF.a(ConstructorBindingImpl.java:111)
06-10 16:52:18.836 25795 25795 W ND      : 	at LU.a(ProviderToInternalFactoryAdapter.java:45)
06-10 16:52:18.836 25795 25795 W ND      : 	at Li.a(InjectorImpl.java:811)
06-10 16:52:18.836 25795 25795 W ND      : 	at LT.a(ProviderToInternalFactoryAdapter.java:42)
06-10 16:52:18.836 25795 25795 W ND      : 	at Mc.a(Scopes.java:54)
06-10 16:52:18.836 25795 25795 W ND      : 	at Lz.a(InternalFactoryToProviderAdapter.java:48)
06-10 16:52:18.836 25795 25795 W ND      : 	at KR.a(FactoryProxy.java:56)
06-10 16:52:18.836 25795 25795 W ND      : 	at Mi.a(SingleParameterInjector.java:42)
06-10 16:52:18.836 25795 25795 W ND      : 	at Mi.a(SingleParameterInjector.java:66)
06-10 16:52:18.836 25795 25795 W ND      : 	at KG.a(ConstructorInjector.java:84)
06-10 16:52:18.836 25795 25795 W ND      : 	at KF.a(ConstructorBindingImpl.java:111)
06-10 16:52:18.836 25795 25795 W ND      : 	at KR.a(FactoryProxy.java:56)
06-10 16:52:18.836 25795 25795 W ND      : 	at Mi.a(SingleParameterInjector.java:42)
06-10 16:52:18.836 25795 25795 W ND      : 	at Mi.a(SingleParameterInjector.java:66)
06-10 16:52:18.836 25795 25795 W ND      : 	at KG.a(ConstructorInjector.java:84)
06-10 16:52:18.836 25795 25795 W ND      : 	at KF.a(ConstructorBindingImpl.java:111)
06-10 16:52:18.836 25795 25795 W ND      : 	at LU.a(ProviderToInternalFactoryAdapter.java:45)
06-10 16:52:18.836 25795 25795 W ND      : 	at Li.a(InjectorImpl.java:811)
06-10 16:52:18.836 25795 25795 W ND      : 	at LT.a(ProviderToInternalFactoryAdapter.java:42)
06-10 16:52:18.836 25795 25795 W ND      : 	at Mc.a(Scopes.java:54)
06-10 16:52:18.836 25795 25795 W ND      : 	at Lz.a(InternalFactoryToProviderAdapter.java:48)
06-10 16:52:18.836 25795 25795 W ND      : 	at Lg.a(InjectorBuilder.java:200)
06-10 16:52:18.836 25795 25795 W ND      : 	at Lg.a(InjectorBuilder.java:194)
06-10 16:52:18.836 25795 25795 W ND      : 	at Li.a(InjectorImpl.java:804)
06-10 16:52:18.836 25795 25795 W ND      : 	at Lf.a(InjectorBuilder.java:194)
06-10 16:52:18.836 25795 25795 W ND      : 	at Lf.b(InjectorBuilder.java:176)
06-10 16:52:18.836 25795 25795 W ND      : 	at Lf.a(InjectorBuilder.java:113)
06-10 16:52:18.836 25795 25795 W ND      : 	at KS.a(Guice.java:92)
06-10 16:52:18.836 25795 25795 W ND      : 	at roboguice.application.RoboApplication.b(RoboApplication.java:146)
06-10 16:52:18.836 25795 25795 W ND      : 	at roboguice.application.RoboApplication.a(RoboApplication.java:84)
06-10 16:52:18.836 25795 25795 W ND      : 	at com.google.android.apps.docs.GuiceContentProvider.a(GuiceContentProvider.java:36)
06-10 16:52:18.836 25795 25795 W ND      : 	at com.google.android.apps.docs.GuiceContentProvider.onCreate(GuiceContentProvider.java:27)
06-10 16:52:18.836 25795 25795 W ND      : 	at com.google.android.apps.docs.doclist.BaseSearchSuggestionProvider.onCreate(BaseSearchSuggestionProvider.java:88)
06-10 16:52:18.836 25795 25795 W ND      : 	at android.content.ContentProvider.attachInfo(ContentProvider.java:944)
06-10 16:52:18.836 25795 25795 W ND      : 	at android.app.ActivityThread.installProvider(ActivityThread.java:4237)
06-10 16:52:18.836 25795 25795 W ND      : 	at android.app.ActivityThread.installContentProviders(ActivityThread.java:3992)
06-10 16:52:18.836 25795 25795 W ND      : 	at android.app.ActivityThread.handleBindApplication(ActivityThread.java:3946)
06-10 16:52:18.836 25795 25795 W ND      : 	at android.app.ActivityThread.access$1300(ActivityThread.java:123)
06-10 16:52:18.836 25795 25795 W ND      : 	at android.app.ActivityThread$H.handleMessage(ActivityThread.java:1185)
06-10 16:52:18.836 25795 25795 W ND      : 	at android.os.Handler.dispatchMessage(Handler.java:99)
06-10 16:52:18.836 25795 25795 W ND      : 	at android.os.Looper.loop(Looper.java:137)
06-10 16:52:18.836 25795 25795 W ND      : 	at android.app.ActivityThread.main(ActivityThread.java:4424)
06-10 16:52:18.836 25795 25795 W ND      : 	at java.lang.reflect.Method.invokeNative(Native Method)
06-10 16:52:18.836 25795 25795 W ND      : 	at java.lang.reflect.Method.invoke(Method.java:511)
06-10 16:52:18.836 25795 25795 W ND      : 	at com.android.internal.os.ZygoteInit$MethodAndArgsCaller.run(ZygoteInit.java:784)
06-10 16:52:18.836 25795 25795 W ND      : 	at com.android.internal.os.ZygoteInit.main(ZygoteInit.java:551)
06-10 16:52:18.836 25795 25795 W ND      : 	at dalvik.system.NativeStart.main(Native Method)
06-10 16:52:18.879 25795 25795 I ND      : Failed to start reference finalizer thread. Reference cleanup will only occur when new references are created.
06-10 16:52:18.879 25795 25795 I ND      : java.lang.reflect.InvocationTargetException
06-10 16:52:18.879 25795 25795 I ND      : 	at java.lang.reflect.Method.invokeNative(Native Method)
06-10 16:52:18.879 25795 25795 I ND      : 	at java.lang.reflect.Method.invoke(Method.java:511)
06-10 16:52:18.879 25795 25795 I ND      : 	at ND.<init>(FinalizableReferenceQueue.java:124)
06-10 16:52:18.879 25795 25795 I ND      : 	at OT.<clinit>(MapMaker.java:787)
06-10 16:52:18.879 25795 25795 I ND      : 	at Ph.<init>(MapMaker.java:946)
06-10 16:52:18.879 25795 25795 I ND      : 	at Pb.a(MapMaker.java:312)
06-10 16:52:18.879 25795 25795 I ND      : 	at OX.a(MapMaker.java:498)
06-10 16:52:18.879 25795 25795 I ND      : 	at OX.a(MapMaker.java:419)
06-10 16:52:18.879 25795 25795 I ND      : 	at Nb.get(CustomConcurrentHashMap.java:2029)
06-10 16:52:18.879 25795 25795 I ND      : 	at MM.a(BytecodeGen.java:149)
06-10 16:52:18.879 25795 25795 I ND      : 	at MM.a(BytecodeGen.java:132)
06-10 16:52:18.879 25795 25795 I ND      : 	at MX.a(ConstructionContext.java:80)
06-10 16:52:18.879 25795 25795 I ND      : 	at KG.a(ConstructorInjector.java:70)
06-10 16:52:18.879 25795 25795 I ND      : 	at KF.a(ConstructorBindingImpl.java:111)
06-10 16:52:18.879 25795 25795 I ND      : 	at LU.a(ProviderToInternalFactoryAdapter.java:45)
06-10 16:52:18.879 25795 25795 I ND      : 	at Li.a(InjectorImpl.java:811)
06-10 16:52:18.879 25795 25795 I ND      : 	at LT.a(ProviderToInternalFactoryAdapter.java:42)
06-10 16:52:18.879 25795 25795 I ND      : 	at Mc.a(Scopes.java:54)
06-10 16:52:18.879 25795 25795 I ND      : 	at Lz.a(InternalFactoryToProviderAdapter.java:48)
06-10 16:52:18.879 25795 25795 I ND      : 	at KR.a(FactoryProxy.java:56)
06-10 16:52:18.879 25795 25795 I ND      : 	at Mi.a(SingleParameterInjector.java:42)
06-10 16:52:18.879 25795 25795 I ND      : 	at Mi.a(SingleParameterInjector.java:66)
06-10 16:52:18.879 25795 25795 I ND      : 	at KG.a(ConstructorInjector.java:84)
06-10 16:52:18.879 25795 25795 I ND      : 	at KF.a(ConstructorBindingImpl.java:111)
06-10 16:52:18.879 25795 25795 I ND      : 	at KR.a(FactoryProxy.java:56)
06-10 16:52:18.879 25795 25795 I ND      : 	at Mi.a(SingleParameterInjector.java:42)
06-10 16:52:18.879 25795 25795 I ND      : 	at Mi.a(SingleParameterInjector.java:66)
06-10 16:52:18.879 25795 25795 I ND      : 	at KG.a(ConstructorInjector.java:84)
06-10 16:52:18.879 25795 25795 I ND      : 	at KF.a(ConstructorBindingImpl.java:111)
06-10 16:52:18.879 25795 25795 I ND      : 	at LU.a(ProviderToInternalFactoryAdapter.java:45)
06-10 16:52:18.879 25795 25795 I ND      : 	at Li.a(InjectorImpl.java:811)
06-10 16:52:18.879 25795 25795 I ND      : 	at LT.a(ProviderToInternalFactoryAdapter.java:42)
06-10 16:52:18.879 25795 25795 I ND      : 	at Mc.a(Scopes.java:54)
06-10 16:52:18.879 25795 25795 I ND      : 	at Lz.a(InternalFactoryToProviderAdapter.java:48)
06-10 16:52:18.879 25795 25795 I ND      : 	at Lg.a(InjectorBuilder.java:200)
06-10 16:52:18.879 25795 25795 I ND      : 	at Lg.a(InjectorBuilder.java:194)
06-10 16:52:18.879 25795 25795 I ND      : 	at Li.a(InjectorImpl.java:804)
06-10 16:52:18.879 25795 25795 I ND      : 	at Lf.a(InjectorBuilder.java:194)
06-10 16:52:18.879 25795 25795 I ND      : 	at Lf.b(InjectorBuilder.java:176)
06-10 16:52:18.879 25795 25795 I ND      : 	at Lf.a(InjectorBuilder.java:113)
06-10 16:52:18.879 25795 25795 I ND      : 	at KS.a(Guice.java:92)
06-10 16:52:18.879 25795 25795 I ND      : 	at roboguice.application.RoboApplication.b(RoboApplication.java:146)
06-10 16:52:18.879 25795 25795 I ND      : 	at roboguice.application.RoboApplication.a(RoboApplication.java:84)
06-10 16:52:18.879 25795 25795 I ND      : 	at com.google.android.apps.docs.GuiceContentProvider.a(GuiceContentProvider.java:36)
06-10 16:52:18.879 25795 25795 I ND      : 	at com.google.android.apps.docs.GuiceContentProvider.onCreate(GuiceContentProvider.java:27)
06-10 16:52:18.879 25795 25795 I ND      : 	at com.google.android.apps.docs.doclist.BaseSearchSuggestionProvider.onCreate(BaseSearchSuggestionProvider.java:88)
06-10 16:52:18.879 25795 25795 I ND      : 	at android.content.ContentProvider.attachInfo(ContentProvider.java:944)
06-10 16:52:18.879 25795 25795 I ND      : 	at android.app.ActivityThread.installProvider(ActivityThread.java:4237)
06-10 16:52:18.879 25795 25795 I ND      : 	at android.app.ActivityThread.installContentProviders(ActivityThread.java:3992)
06-10 16:52:18.879 25795 25795 I ND      : 	at android.app.ActivityThread.handleBindApplication(ActivityThread.java:3946)
06-10 16:52:18.879 25795 25795 I ND      : 	at android.app.ActivityThread.access$1300(ActivityThread.java:123)
06-10 16:52:18.879 25795 25795 I ND      : 	at android.app.ActivityThread$H.handleMessage(ActivityThread.java:1185)
06-10 16:52:18.879 25795 25795 I ND      : 	at android.os.Handler.dispatchMessage(Handler.java:99)
06-10 16:52:18.879 25795 25795 I ND      : 	at android.os.Looper.loop(Looper.java:137)
06-10 16:52:18.879 25795 25795 I ND      : 	at android.app.ActivityThread.main(ActivityThread.java:4424)
06-10 16:52:18.879 25795 25795 I ND      : 	at java.lang.reflect.Method.invokeNative(Native Method)
06-10 16:52:18.879 25795 25795 I ND      : 	at java.lang.reflect.Method.invoke(Method.java:511)
06-10 16:52:18.879 25795 25795 I ND      : 	at com.android.internal.os.ZygoteInit$MethodAndArgsCaller.run(ZygoteInit.java:784)
06-10 16:52:18.879 25795 25795 I ND      : 	at com.android.internal.os.ZygoteInit.main(ZygoteInit.java:551)
06-10 16:52:18.879 25795 25795 I ND      : 	at dalvik.system.NativeStart.main(Native Method)
06-10 16:52:18.879 25795 25795 I ND      : Caused by: java.lang.IllegalArgumentException: Expected com.google.inject.internal.FinalizableReference.
06-10 16:52:18.879 25795 25795 I ND      : 	at NK.startFinalizer(Finalizer.java:77)
06-10 16:52:18.879 25795 25795 I ND      : 	... 60 more
06-10 16:52:18.902 25795 25798 D dalvikvm: GC_CONCURRENT freed 434K, 6% free 9843K/10375K, paused 7ms+4ms
06-10 16:52:18.961 25795 25795 I ActivityThread: Pub com.google.android.apps.docs.doclist.account_suggest: com.google.android.apps.docs.doclist.DocListAccountSuggestionProvider
06-10 16:52:18.964 25795 25795 I ActivityThread: Pub com.google.android.apps.docs: com.google.android.apps.docs.providers.DocListProvider
06-10 16:52:19.136 25776 25776 I MediaUploader: No need to wake up
06-10 16:52:19.257 23613 23613 D OpenGLRenderer: Flushing caches (mode 2)
06-10 16:52:19.261 23613 23613 D OpenGLRenderer: Flushing caches (mode 0)
06-10 16:52:19.261 23613 23613 W ManagedEGLContext: doTerminate failed: EGL count is 2 but managed count is 1
06-10 16:52:19.265 25034 25794 D PicasaSyncManager: active network: NetworkInfo: type: WIFI[], state: CONNECTED/CONNECTED, reason: (unspecified), extra: (none), roaming: false, failover: false, isAvailable: true
06-10 16:52:19.265 23613 23613 D OpenGLRenderer: Flushing caches (mode 2)
06-10 16:52:19.265 23613 23613 D OpenGLRenderer: Flushing caches (mode 0)
06-10 16:52:19.265 23613 23613 W ManagedEGLContext: doTerminate failed: EGL count is 2 but managed count is 1
06-10 16:52:19.265 25034 25794 D PicasaSyncManager: background data: true
06-10 16:52:19.281 25795 25798 D dalvikvm: GC_CONCURRENT freed 430K, 6% free 9850K/10439K, paused 5ms+5ms
06-10 16:52:19.539   152   169 I ActivityManager: Start proc com.spotify.mobile.android.ui for service com.spotify.mobile.android.ui/com.spotify.mobile.android.service.LocalService: pid=25817 uid=10055 gids={3003, 1015}
06-10 16:52:19.543 25817 25817 I dalvikvm: Turning on JNI app bug workarounds for target SDK version 9...
06-10 16:52:19.621 25817 25817 I ActivityThread: Pub com.spotify.mobile.android.ui.PlaylistSearchProvider: com.spotify.mobile.android.model.PlaylistSearchProvider
06-10 16:52:19.640 25817 25817 I ActivityThread: Pub com.spotify.mobile.android.ui.SearchProvider: com.spotify.mobile.android.model.SearchSuggestionSampleProvider
06-10 16:52:19.640 25817 25817 I ActivityThread: Pub com.spotify.mobile.android.model.StarredTracksContentProvider: com.spotify.mobile.android.model.StarredTracksContentProvider
06-10 16:52:19.652 25817 25817 D dalvikvm: Trying to load lib /data/data/com.spotify.mobile.android.ui/lib/libspotifyjni-arm.so 0x4131b738
06-10 16:52:19.703 25817 25817 D dalvikvm: Added shared lib /data/data/com.spotify.mobile.android.ui/lib/libspotifyjni-arm.so 0x4131b738
06-10 16:52:19.765    73   101 W Vold    : Failed to unmount /mnt/secure/staging (Device or resource busy, retries 7, action 0)
06-10 16:52:20.117    73   101 E ProcessKiller: Process logcat (1290) has open file /mnt/secure/staging/.log/log.out
06-10 16:52:20.254   152   656 I ActivityManager: Process com.spotify.mobile.android.ui (pid 25817) has died.
06-10 16:52:20.254   152   656 W ActivityManager: Scheduling restart of crashed service com.spotify.mobile.android.ui/com.spotify.mobile.android.service.LocalService in 20000ms
06-10 16:52:20.257    80    80 D Zygote  : Process 25817 terminated by signal (11)
06-10 16:52:20.312   152   206 I InputDispatcher: Dropped event because input dispatch is disabled.
06-10 16:52:20.320   152   206 I InputDispatcher: Dropped event because input dispatch is disabled.
06-10 16:52:20.336   152   206 I InputDispatcher: Dropped event because input dispatch is disabled.
06-10 16:52:20.390   152   206 I InputDispatcher: Dropped event because input dispatch is disabled.
06-10 16:52:20.703   152   206 I InputDispatcher: Dropped event because input dispatch is disabled.
06-10 16:52:20.730   152   206 I InputDispatcher: Dropped event because input dispatch is disabled.
06-10 16:52:20.746   152   206 I InputDispatcher: Dropped event because input dispatch is disabled.
06-10 16:52:20.761   152   206 I InputDispatcher: Dropped event because input dispatch is disabled.
06-10 16:52:20.777   152   206 I InputDispatcher: Dropped event because input dispatch is disabled.
06-10 16:52:20.793   152   206 I InputDispatcher: Dropped event because input dispatch is disabled.
06-10 16:52:20.808   152   206 I InputDispatcher: Dropped event because input dispatch is disabled.
06-10 16:52:20.820   152   206 I InputDispatcher: Dropped event because input dispatch is disabled.
06-10 16:52:20.836   152   206 I InputDispatcher: Dropped event because input dispatch is disabled.
06-10 16:52:20.851   152   206 I InputDispatcher: Dropped event because input dispatch is disabled.
06-10 16:52:20.867   152   206 I InputDispatcher: Dropped event because input dispatch is disabled.
06-10 16:52:20.921   152   206 I InputDispatcher: Dropped event because input dispatch is disabled.
06-10 16:52:21.230   152   206 I InputDispatcher: Dropped event because input dispatch is disabled.
06-10 16:52:21.246   152   206 I InputDispatcher: Dropped event because input dispatch is disabled.
06-10 16:52:21.261   152   206 I InputDispatcher: Dropped event because input dispatch is disabled.
06-10 16:52:21.277   152   206 I InputDispatcher: Dropped event because input dispatch is disabled.
06-10 16:52:21.293   152   206 I InputDispatcher: Dropped event because input dispatch is disabled.
06-10 16:52:21.324   152   206 I InputDispatcher: Dropped event because input dispatch is disabled.
06-10 16:52:21.328    73   101 W Vold    : Failed to unmount /mnt/secure/staging (Device or resource busy, retries 6, action 0)
06-10 16:52:21.336   152   206 I InputDispatcher: Dropped event because input dispatch is disabled.
06-10 16:52:21.390   152   206 I InputDispatcher: Dropped event because input dispatch is disabled.
06-10 16:52:21.449    73   101 E ProcessKiller: Process logcat (1290) has open file /mnt/secure/staging/.log/log.out
06-10 16:52:21.781   152   206 I InputDispatcher: Dropped event because input dispatch is disabled.
06-10 16:52:21.796   152   206 I InputDispatcher: Dropped event because input dispatch is disabled.
06-10 16:52:21.812   152   206 I InputDispatcher: Dropped event because input dispatch is disabled.
06-10 16:52:21.828   152   206 I InputDispatcher: Dropped event because input dispatch is disabled.
06-10 16:52:21.843   152   206 I InputDispatcher: Dropped event because input dispatch is disabled.
06-10 16:52:21.859   152   206 I InputDispatcher: Dropped event because input dispatch is disabled.
06-10 16:52:21.871   152   206 I InputDispatcher: Dropped event because input dispatch is disabled.
06-10 16:52:21.890   152   206 I InputDispatcher: Dropped event because input dispatch is disabled.
06-10 16:52:21.902   152   206 I InputDispatcher: Dropped event because input dispatch is disabled.
06-10 16:52:21.918   152   206 I InputDispatcher: Dropped event because input dispatch is disabled.
06-10 16:52:21.933   152   206 I InputDispatcher: Dropped event because input dispatch is disabled.
06-10 16:52:21.949   152   206 I InputDispatcher: Dropped event because input dispatch is disabled.
06-10 16:52:21.964   152   206 I InputDispatcher: Dropped event because input dispatch is disabled.
06-10 16:52:21.976   152   206 I InputDispatcher: Dropped event because input dispatch is disabled.
06-10 16:52:21.992   152   206 I InputDispatcher: Dropped event because input dispatch is disabled.
06-10 16:52:22.023   152   206 I InputDispatcher: Dropped event because input dispatch is disabled.
06-10 16:52:22.062   152   206 I InputDispatcher: Dropped event because input dispatch is disabled.
06-10 16:52:22.386   152   206 I InputDispatcher: Dropped event because input dispatch is disabled.
06-10 16:52:22.418   152   206 I InputDispatcher: Dropped event because input dispatch is disabled.
06-10 16:52:22.429   152   206 I InputDispatcher: Dropped event because input dispatch is disabled.
06-10 16:52:22.445   152   206 I InputDispatcher: Dropped event because input dispatch is disabled.
06-10 16:52:22.464   152   206 I InputDispatcher: Dropped event because input dispatch is disabled.
06-10 16:52:22.476   152   206 I InputDispatcher: Dropped event because input dispatch is disabled.
06-10 16:52:22.492   152   206 I InputDispatcher: Dropped event because input dispatch is disabled.
06-10 16:52:22.507   152   206 I InputDispatcher: Dropped event because input dispatch is disabled.
06-10 16:52:22.519   152   206 I InputDispatcher: Dropped event because input dispatch is disabled.
06-10 16:52:22.535   152   206 I InputDispatcher: Dropped event because input dispatch is disabled.
06-10 16:52:22.539    73   101 W Vold    : Failed to unmount /mnt/secure/staging (Device or resource busy, retries 5, action 0)
06-10 16:52:22.589   152   206 I InputDispatcher: Dropped event because input dispatch is disabled.
06-10 16:52:22.636    73   101 E ProcessKiller: Process logcat (1290) has open file /mnt/secure/staging/.log/log.out
06-10 16:52:23.062   152   206 I InputDispatcher: Dropped event because input dispatch is disabled.
06-10 16:52:23.074   152   206 I InputDispatcher: Dropped event because input dispatch is disabled.
06-10 16:52:23.089   152   206 I InputDispatcher: Dropped event because input dispatch is disabled.
06-10 16:52:23.105   152   206 I InputDispatcher: Dropped event because input dispatch is disabled.
06-10 16:52:23.117   152   206 I InputDispatcher: Dropped event because input dispatch is disabled.
06-10 16:52:23.148   152   206 I InputDispatcher: Dropped event because input dispatch is disabled.
06-10 16:52:23.164   152   206 I InputDispatcher: Dropped event because input dispatch is disabled.
06-10 16:52:23.179   152   206 I InputDispatcher: Dropped event because input dispatch is disabled.
06-10 16:52:23.250   152   206 I InputDispatcher: Dropped event because input dispatch is disabled.
06-10 16:52:23.730   152   206 I InputDispatcher: Dropped event because input dispatch is disabled.
06-10 16:52:23.730    73   101 W Vold    : Failed to unmount /mnt/secure/staging (Device or resource busy, retries 4, action 0)
06-10 16:52:23.746   152   206 I InputDispatcher: Dropped event because input dispatch is disabled.
06-10 16:52:23.757   152   206 I InputDispatcher: Dropped event because input dispatch is disabled.
06-10 16:52:23.777   152   206 I InputDispatcher: Dropped event because input dispatch is disabled.
06-10 16:52:23.789   152   206 I InputDispatcher: Dropped event because input dispatch is disabled.
06-10 16:52:23.804   152   206 I InputDispatcher: Dropped event because input dispatch is disabled.
06-10 16:52:23.820   152   206 I InputDispatcher: Dropped event because input dispatch is disabled.
06-10 16:52:23.836   152   206 I InputDispatcher: Dropped event because input dispatch is disabled.
06-10 16:52:23.839    73   101 E ProcessKiller: Process logcat (1290) has open file /mnt/secure/staging/.log/log.out
06-10 16:52:23.851   152   206 I InputDispatcher: Dropped event because input dispatch is disabled.
06-10 16:52:23.867   152   206 I InputDispatcher: Dropped event because input dispatch is disabled.
06-10 16:52:23.882   152   206 I InputDispatcher: Dropped event because input dispatch is disabled.
06-10 16:52:23.894   152   206 I InputDispatcher: Dropped event because input dispatch is disabled.
06-10 16:52:23.910   152   206 I InputDispatcher: Dropped event because input dispatch is disabled.
06-10 16:52:23.925   152   206 I InputDispatcher: Dropped event because input dispatch is disabled.
06-10 16:52:23.980   152   206 I InputDispatcher: Dropped event because input dispatch is disabled.
06-10 16:52:24.293   152   206 I InputDispatcher: Dropped event because input dispatch is disabled.
06-10 16:52:24.320   152   206 I InputDispatcher: Dropped event because input dispatch is disabled.
06-10 16:52:24.336   152   206 I InputDispatcher: Dropped event because input dispatch is disabled.
06-10 16:52:24.351   152   206 I InputDispatcher: Dropped event because input dispatch is disabled.
06-10 16:52:24.367   152   206 I InputDispatcher: Dropped event because input dispatch is disabled.
06-10 16:52:24.382   152   206 I InputDispatcher: Dropped event because input dispatch is disabled.
06-10 16:52:24.398   152   206 I InputDispatcher: Dropped event because input dispatch is disabled.
06-10 16:52:24.414   152   206 I InputDispatcher: Dropped event because input dispatch is disabled.
06-10 16:52:24.429   152   206 I InputDispatcher: Dropped event because input dispatch is disabled.
06-10 16:52:24.445   152   206 I InputDispatcher: Dropped event because input dispatch is disabled.
06-10 16:52:24.457   152   206 I InputDispatcher: Dropped event because input dispatch is disabled.
06-10 16:52:24.472   152   206 I InputDispatcher: Dropped event because input dispatch is disabled.
06-10 16:52:24.488   152   206 I InputDispatcher: Dropped event because input dispatch is disabled.
06-10 16:52:24.531   152   206 I InputDispatcher: Dropped event because input dispatch is disabled.
06-10 16:52:24.906   152   206 I InputDispatcher: Dropped event because input dispatch is disabled.
06-10 16:52:24.918   152   206 I InputDispatcher: Dropped event because input dispatch is disabled.
06-10 16:52:24.933   152   206 I InputDispatcher: Dropped event because input dispatch is disabled.
06-10 16:52:24.937    73   101 W Vold    : Failed to unmount /mnt/secure/staging (Device or resource busy, retries 3, action 0)
06-10 16:52:24.953   152   206 I InputDispatcher: Dropped event because input dispatch is disabled.
06-10 16:52:24.964   152   206 I InputDispatcher: Dropped event because input dispatch is disabled.
06-10 16:52:24.980   152   206 I InputDispatcher: Dropped event because input dispatch is disabled.
06-10 16:52:24.996   152   206 I InputDispatcher: Dropped event because input dispatch is disabled.
06-10 16:52:25.011   152   206 I InputDispatcher: Dropped event because input dispatch is disabled.
06-10 16:52:25.027   152   206 I InputDispatcher: Dropped event because input dispatch is disabled.
06-10 16:52:25.043   152   206 I InputDispatcher: Dropped event because input dispatch is disabled.
06-10 16:52:25.054   152   206 I InputDispatcher: Dropped event because input dispatch is disabled.
06-10 16:52:25.070   152   206 I InputDispatcher: Dropped event because input dispatch is disabled.
06-10 16:52:25.078    73   101 E ProcessKiller: Process logcat (1290) has open file /mnt/secure/staging/.log/log.out
06-10 16:52:25.086   152   206 I InputDispatcher: Dropped event because input dispatch is disabled.
06-10 16:52:25.101   152   206 I InputDispatcher: Dropped event because input dispatch is disabled.
06-10 16:52:25.117   152   206 I InputDispatcher: Dropped event because input dispatch is disabled.
06-10 16:52:25.132   152   206 I InputDispatcher: Dropped event because input dispatch is disabled.
06-10 16:52:25.148   152   206 I InputDispatcher: Dropped event because input dispatch is disabled.
06-10 16:52:25.203   152   206 I InputDispatcher: Dropped event because input dispatch is disabled.
06-10 16:52:26.175    73   101 W Vold    : Failed to unmount /mnt/secure/staging (Device or resource busy, retries 2, action 1)
--------- beginning of /dev/log/main
06-10 17:08:20.160    76    76 I DEBUG   : debuggerd: Jun  8 2012 12:06:49
--------- beginning of /dev/log/system
06-10 17:08:20.242    72    72 I Vold    : Vold 2.1 (the revenge) firing up
06-10 17:08:20.253    72    72 D Vold    : Volume sdcard state changing -1 (Initializing) -> 0 (No-Media)
06-10 17:08:20.257    75    75 I Netd    : Netd 1.0 starting
06-10 17:08:20.281    72    94 D Vold    : Volume sdcard state changing 0 (No-Media) -> 2 (Pending)
06-10 17:08:20.281    72    94 D Vold    : Volume sdcard state changing 2 (Pending) -> 1 (Idle-Unmounted)
06-10 17:08:20.281    72    94 W Vold    : Duplicate state (1)
06-10 17:08:20.281    72    94 W Vold    : Duplicate state (1)
06-10 17:08:20.285    72    94 W Vold    : Duplicate state (1)
06-10 17:08:20.285    72    94 W Vold    : Duplicate state (1)
06-10 17:08:20.730    80    80 I         : ServiceManager: 0x1f97910
06-10 17:08:20.906    78    78 I SurfaceFlinger: SurfaceFlinger is starting
06-10 17:08:20.906    78   116 I SurfaceFlinger: SurfaceFlinger's main thread ready to run. Initializing graphics H/W...
06-10 17:08:20.925    79    79 D AndroidRuntime: 
06-10 17:08:20.925    79    79 D AndroidRuntime: >>>>>> AndroidRuntime START com.android.internal.os.ZygoteInit <<<<<<
06-10 17:08:20.925    79    79 D AndroidRuntime: CheckJNI is OFF
06-10 17:08:21.160    81    81 I         : ServiceManager: 0x181958
06-10 17:08:21.167    81    81 I AudioFlinger: Loaded primary audio interface from LEGACY Audio HW HAL (audio)
06-10 17:08:21.167    81    81 I AudioFlinger: Using 'LEGACY Audio HW HAL' (audio.primary) as the primary audio interface
06-10 17:08:21.175    81    81 I AudioFlinger: Loaded a2dp audio interface from A2DP Audio HW HAL (audio)
06-10 17:08:21.175    81    81 D AudioHardwareInterface: setMode(NORMAL)
06-10 17:08:21.179    81    81 I CameraService: CameraService started (pid=81)
06-10 17:08:21.191    81   121 I AudioFlinger: AudioFlinger's thread 0x1829a0 ready to run
06-10 17:08:21.191    81   121 W AudioFlinger: Thread AudioOut_1 cannot connect to the power manager service
06-10 17:08:21.191    81   121 D AudioHardware: AudioStreamOutALSA::setParameters() routing=2
06-10 17:08:21.191    81   120 D AudioHardware: ### setVoiceVolume_l
06-10 17:08:21.191    81    81 I AudioPolicyService: Loaded audio policy from LEGACY Audio Policy HAL (audio_policy)
06-10 17:08:21.210    78   116 D libEGL  : loaded /system/lib/egl/libGLES_android.so
06-10 17:08:21.234    78   116 D libEGL  : loaded /vendor/lib/egl/libEGL_POWERVR_SGX540_120.so
06-10 17:08:21.300    78   116 D libEGL  : loaded /vendor/lib/egl/libGLESv1_CM_POWERVR_SGX540_120.so
06-10 17:08:21.324    78   116 D libEGL  : loaded /vendor/lib/egl/libGLESv2_POWERVR_SGX540_120.so
06-10 17:08:21.410    78   116 I SurfaceFlinger: EGL informations:
06-10 17:08:21.410    78   116 I SurfaceFlinger: # of configs : 30
06-10 17:08:21.410    78   116 I SurfaceFlinger: vendor    : Android
06-10 17:08:21.410    78   116 I SurfaceFlinger: version   : 1.4 Android META-EGL
06-10 17:08:21.410    78   116 I SurfaceFlinger: extensions: EGL_KHR_image EGL_KHR_image_base EGL_KHR_image_base EGL_KHR_gl_texture_2D_image EGL_KHR_gl_texture_cubemap_image EGL_KHR_gl_renderbuffer_image EGL_KHR_fence_sync EGL_ANDROID_image_native_buffer EGL_ANDROID_image_native_buffer 
06-10 17:08:21.410    78   116 I SurfaceFlinger: Client API: OpenGL ES
06-10 17:08:21.410    78   116 I SurfaceFlinger: EGLSurface: 8-8-8-8, config=0x1
06-10 17:08:21.410    78   116 I SurfaceFlinger: OpenGL informations:
06-10 17:08:21.410    78   116 I SurfaceFlinger: vendor    : Imagination Technologies
06-10 17:08:21.410    78   116 I SurfaceFlinger: renderer  : PowerVR SGX 540
06-10 17:08:21.410    78   116 I SurfaceFlinger: version   : OpenGL ES-CM 1.1
06-10 17:08:21.410    78   116 I SurfaceFlinger: extensions: GL_OES_byte_coordinates GL_OES_fixed_point GL_OES_single_precision GL_OES_matrix_get GL_OES_read_format GL_OES_compressed_paletted_texture GL_OES_point_sprite GL_OES_point_size_array GL_OES_matrix_palette GL_OES_draw_texture GL_OES_query_matrix GL_OES_texture_env_crossbar GL_OES_texture_mirrored_repeat GL_OES_texture_cube_map GL_OES_blend_subtract GL_OES_blend_func_separate GL_OES_blend_equation_separate GL_OES_stencil_wrap GL_OES_extended_matrix_palette GL_OES_framebuffer_object GL_OES_rgb8_rgba8 GL_OES_depth24 GL_OES_stencil8 GL_OES_compressed_ETC1_RGB8_texture GL_OES_mapbuffer GL_OES_EGL_image GL_OES_EGL_image_external GL_EXT_multi_draw_arrays GL_OES_required_internalformat GL_IMG_read_format GL_IMG_texture_compression_pvrtc GL_IMG_texture_format_BGRA8888 GL_EXT_texture_format_BGRA8888 GL_OES_egl_sync GL_IMG_vertex_array_object
06-10 17:08:21.410    78   116 I SurfaceFlinger: GL_MAX_TEXTURE_SIZE = 2048
06-10 17:08:21.410    78   116 I SurfaceFlinger: GL_MAX_VIEWPORT_DIMS = 2048 x 2048
06-10 17:08:21.410    78   116 I SurfaceFlinger: flags = 00010000
06-10 17:08:21.425    78   116 I hwcomposer: int hwc_device_open(const hw_module_t*, const char*, hw_device_t**)::win-0 add[0] 4b7af000 
06-10 17:08:21.425    78   116 I hwcomposer: int hwc_device_open(const hw_module_t*, const char*, hw_device_t**)::win-0 add[1] 4b926000 
06-10 17:08:21.425    78   116 I hwcomposer: int hwc_device_open(const hw_module_t*, const char*, hw_device_t**)::win-0 add[2] 4ba9d000 
06-10 17:08:21.425    78   116 D hwcomposer: int hwc_device_open(const hw_module_t*, const char*, hw_device_t**):: success
06-10 17:08:21.613   124   135 D libEGL  : loaded /system/lib/egl/libGLES_android.so
06-10 17:08:21.625   124   135 D libEGL  : loaded /vendor/lib/egl/libEGL_POWERVR_SGX540_120.so
06-10 17:08:21.628   124   135 D libEGL  : loaded /vendor/lib/egl/libGLESv1_CM_POWERVR_SGX540_120.so
06-10 17:08:21.636   124   135 D libEGL  : loaded /vendor/lib/egl/libGLESv2_POWERVR_SGX540_120.so
06-10 17:08:22.460    79    79 I SamplingProfilerIntegration: Profiling disabled.
06-10 17:08:22.488    79    79 I Zygote  : Preloading classes...
06-10 17:08:22.496    79    79 D dalvikvm: GC_EXPLICIT freed 36K, 85% free 409K/2560K, paused 0ms+1ms
06-10 17:08:22.531    79    79 D dalvikvm: GC_EXPLICIT freed 4K, 82% free 473K/2560K, paused 1ms+1ms
06-10 17:08:22.554    79    79 D dalvikvm: GC_EXPLICIT freed 20K, 81% free 509K/2560K, paused 0ms+0ms
06-10 17:08:22.570    79    79 D dalvikvm: GC_EXPLICIT freed 27K, 80% free 536K/2560K, paused 0ms+0ms
06-10 17:08:22.582    79    79 D dalvikvm: GC_EXPLICIT freed 15K, 78% free 576K/2560K, paused 1ms+0ms
06-10 17:08:22.710    79    79 D dalvikvm: GC_EXPLICIT freed 27K, 77% free 603K/2560K, paused 7ms+2ms
06-10 17:08:22.925    79    79 D dalvikvm: GC_EXPLICIT freed 30K, 76% free 635K/2560K, paused 2ms+3ms
06-10 17:08:22.945    79    79 D TextLayoutCache: Using debug level: 0 - Debug Enabled: 0
06-10 17:08:22.957    79    79 W Zygote  : Class not found for preloading: android.media.AudioManager$2
06-10 17:08:23.000    79    79 I dalvikvm: threadid=1: recursive native library load attempt (/system/lib/libmedia_jni.so)
06-10 17:08:23.003    79    79 D MtpDeviceJNI: register_android_mtp_MtpDevice
06-10 17:08:23.003    79    79 I dalvikvm: threadid=1: recursive native library load attempt (/system/lib/libmedia_jni.so)
06-10 17:08:23.003    79    79 I dalvikvm: threadid=1: recursive native library load attempt (/system/lib/libmedia_jni.so)
06-10 17:08:23.007    79    79 W Zygote  : Class not found for preloading: android.media.IRemoteControlClientDispatcher
06-10 17:08:23.007    79    79 W Zygote  : Class not found for preloading: android.media.IRemoteControlClientDispatcher$Stub
06-10 17:08:23.015    79    79 D dalvikvm: GC_EXPLICIT freed 20K, 74% free 672K/2560K, paused 1ms+0ms
06-10 17:08:23.210    79    79 D dalvikvm: GC_FOR_ALLOC freed 216K, 63% free 968K/2560K, paused 7ms
06-10 17:08:23.234    79    79 D dalvikvm: GC_EXPLICIT freed 44K, 61% free 1023K/2560K, paused 0ms+1ms
06-10 17:08:23.304    79    79 D dalvikvm: GC_EXPLICIT freed 27K, 59% free 1052K/2560K, paused 1ms+1ms
06-10 17:08:23.632    79    79 D dalvikvm: GC_EXPLICIT freed 8K, 58% free 1100K/2560K, paused 3ms+1ms
06-10 17:08:23.667    79    79 D dalvikvm: GC_EXPLICIT freed 23K, 55% free 1166K/2560K, paused 0ms+1ms
06-10 17:08:23.734    79    79 D dalvikvm: GC_EXPLICIT freed 48K, 44% free 1445K/2560K, paused 1ms+2ms
06-10 17:08:23.738    79    79 W Zygote  : Class not found for preloading: android.text.TextDirectionHeuristics$CharCount
06-10 17:08:23.746    79    79 W Zygote  : Class not found for preloading: android.text.method.WordIterator$1
06-10 17:08:23.765    79    79 D dalvikvm: GC_EXPLICIT freed 35K, 43% free 1479K/2560K, paused 1ms+1ms
06-10 17:08:23.792    79    79 D dalvikvm: GC_EXPLICIT freed 32K, 42% free 1502K/2560K, paused 1ms+1ms
06-10 17:08:24.078    79    79 I dalvikvm: threadid=1: recursive native library load attempt (/system/lib/libwebcore.so)
06-10 17:08:24.078    79    79 D dalvikvm: No JNI_OnLoad found in /system/lib/libchromium_net.so 0x0, skipping init
06-10 17:08:24.171    79    79 D dalvikvm: GC_EXPLICIT freed 26K, 40% free 1550K/2560K, paused 1ms+1ms
06-10 17:08:24.207    79    79 W Zygote  : Class not found for preloading: android.widget.EdgeGlow
06-10 17:08:24.242    79    79 D dalvikvm: GC_EXPLICIT freed 25K, 39% free 1579K/2560K, paused 1ms+1ms
06-10 17:08:24.316    79    79 D dalvikvm: GC_EXPLICIT freed 71K, 37% free 1625K/2560K, paused 1ms+1ms
06-10 17:08:24.332    79    79 E PhonePolicy: Could not preload class for phone policy: com.android.internal.policy.impl.PhoneWindow$ContextMenuCallback
06-10 17:08:24.351    79    79 D dalvikvm: GC_EXPLICIT freed 33K, 36% free 1646K/2560K, paused 1ms+1ms
06-10 17:08:24.386    79    79 D dalvikvm: GC_EXPLICIT freed 28K, 35% free 1675K/2560K, paused 1ms+1ms
06-10 17:08:24.410    79    79 D dalvikvm: GC_EXPLICIT freed 26K, 34% free 1706K/2560K, paused 1ms+1ms
06-10 17:08:24.433    79    79 D dalvikvm: GC_EXPLICIT freed 32K, 33% free 1731K/2560K, paused 2ms+1ms
06-10 17:08:24.460    79    79 D dalvikvm: GC_EXPLICIT freed 31K, 32% free 1759K/2560K, paused 2ms+2ms
06-10 17:08:24.492    79    79 D dalvikvm: GC_EXPLICIT freed 71K, 30% free 1815K/2560K, paused 1ms+2ms
06-10 17:08:24.515    79    79 D dalvikvm: GC_EXPLICIT freed 39K, 29% free 1831K/2560K, paused 1ms+2ms
06-10 17:08:25.003    79    79 I System  : Loaded time zone names for  in 464ms (459ms in ICU)
06-10 17:08:25.312    79    79 I System  : Loaded time zone names for en_US in 308ms (304ms in ICU)
06-10 17:08:25.332    79    79 D dalvikvm: GC_EXPLICIT freed 324K, 24% free 1948K/2560K, paused 1ms+2ms
06-10 17:08:25.355    79    79 D dalvikvm: GC_EXPLICIT freed 15K, 22% free 2009K/2560K, paused 1ms+1ms
06-10 17:08:25.406    79    79 D dalvikvm: GC_EXPLICIT freed 51K, 21% free 2040K/2560K, paused 1ms+1ms
06-10 17:08:25.429    79    79 D dalvikvm: GC_EXPLICIT freed 28K, 20% free 2072K/2560K, paused 2ms+1ms
06-10 17:08:25.460    79    79 D dalvikvm: GC_EXPLICIT freed 37K, 19% free 2089K/2560K, paused 2ms+1ms
06-10 17:08:25.488    79    79 D dalvikvm: GC_EXPLICIT freed 32K, 18% free 2111K/2560K, paused 2ms+1ms
06-10 17:08:25.492    79    79 I Zygote  : ...preloaded 2297 classes in 3005ms.
06-10 17:08:25.511    79    79 D dalvikvm: GC_EXPLICIT freed 22K, 18% free 2115K/2560K, paused 2ms+1ms
06-10 17:08:25.511    79    79 I Zygote  : Preloading resources...
06-10 17:08:25.539    79    79 D dalvikvm: GC_EXPLICIT freed 1K, 15% free 2200K/2560K, paused 1ms+2ms
06-10 17:08:25.558    79    79 D dalvikvm: GC_EXPLICIT freed 1K, 12% free 2269K/2560K, paused 1ms+2ms
06-10 17:08:25.585    79    79 D dalvikvm: GC_EXPLICIT freed 1K, 9% free 2337K/2560K, paused 2ms+1ms
06-10 17:08:25.609    79    79 D dalvikvm: GC_EXPLICIT freed 1K, 7% free 2389K/2560K, paused 1ms+3ms
06-10 17:08:25.632    79    79 D dalvikvm: GC_EXPLICIT freed 2K, 8% free 2436K/2627K, paused 2ms+2ms
06-10 17:08:25.656    79    79 D dalvikvm: GC_EXPLICIT freed 2K, 8% free 2497K/2691K, paused 2ms+2ms
06-10 17:08:25.679    79    79 D dalvikvm: GC_EXPLICIT freed 2K, 6% free 2548K/2691K, paused 1ms+1ms
06-10 17:08:25.703    79    79 D dalvikvm: GC_EXPLICIT freed 2K, 6% free 2603K/2755K, paused 1ms+1ms
06-10 17:08:25.722    79    79 D dalvikvm: GC_EXPLICIT freed 2K, 6% free 2657K/2819K, paused 2ms+1ms
06-10 17:08:25.746    79    79 D dalvikvm: GC_EXPLICIT freed 3K, 6% free 2713K/2883K, paused 2ms+2ms
06-10 17:08:25.773    79    79 D dalvikvm: GC_EXPLICIT freed 2K, 7% free 2765K/2947K, paused 1ms+1ms
06-10 17:08:25.796    79    79 D dalvikvm: GC_EXPLICIT freed 2K, 5% free 2821K/2947K, paused 2ms+1ms
06-10 17:08:25.820    79    79 D dalvikvm: GC_EXPLICIT freed 2K, 5% free 2872K/3011K, paused 1ms+1ms
06-10 17:08:25.839    79    79 D dalvikvm: GC_EXPLICIT freed 3K, 5% free 2928K/3075K, paused 1ms+2ms
06-10 17:08:25.863    79    79 D dalvikvm: GC_EXPLICIT freed 2K, 5% free 2984K/3139K, paused 1ms+2ms
06-10 17:08:25.886    79    79 D dalvikvm: GC_EXPLICIT freed 2K, 6% free 3033K/3203K, paused 2ms+2ms
06-10 17:08:25.906    79    79 D dalvikvm: GC_EXPLICIT freed 2K, 4% free 3087K/3203K, paused 2ms+2ms
06-10 17:08:25.929    79    79 D dalvikvm: GC_EXPLICIT freed 2K, 4% free 3145K/3267K, paused 1ms+2ms
06-10 17:08:25.957    79    79 D dalvikvm: GC_EXPLICIT freed 2K, 5% free 3193K/3331K, paused 2ms+1ms
06-10 17:08:25.984    79    79 D dalvikvm: GC_EXPLICIT freed 2K, 4% free 3267K/3395K, paused 1ms+1ms
06-10 17:08:26.003    79    79 D dalvikvm: GC_EXPLICIT freed 1K, 4% free 3337K/3459K, paused 1ms+2ms
06-10 17:08:26.031    79    79 D dalvikvm: GC_EXPLICIT freed 1K, 4% free 3391K/3523K, paused 1ms+2ms
06-10 17:08:26.054    79    79 D dalvikvm: GC_EXPLICIT freed 2K, 4% free 3447K/3587K, paused 1ms+2ms
06-10 17:08:26.078    79    79 D dalvikvm: GC_EXPLICIT freed 2K, 5% free 3503K/3651K, paused 1ms+2ms
06-10 17:08:26.101    79    79 D dalvikvm: GC_EXPLICIT freed 2K, 3% free 3560K/3651K, paused 1ms+1ms
06-10 17:08:26.128    79    79 D dalvikvm: GC_EXPLICIT freed 5K, 3% free 3612K/3715K, paused 1ms+2ms
06-10 17:08:26.152    79    79 D dalvikvm: GC_EXPLICIT freed 2K, 3% free 3668K/3779K, paused 2ms+1ms
06-10 17:08:26.175    79    79 D dalvikvm: GC_EXPLICIT freed 4K, 4% free 3721K/3843K, paused 2ms+2ms
06-10 17:08:26.199    79    79 D dalvikvm: GC_EXPLICIT freed 2K, 2% free 3775K/3843K, paused 1ms+2ms
06-10 17:08:26.222    79    79 D dalvikvm: GC_EXPLICIT freed 2K, 2% free 3830K/3907K, paused 2ms+1ms
06-10 17:08:26.257    79    79 D dalvikvm: GC_EXPLICIT freed 10K, 2% free 3932K/3971K, paused 1ms+2ms
06-10 17:08:26.285    79    79 D dalvikvm: GC_EXPLICIT freed 6K, 3% free 4009K/4099K, paused 2ms+2ms
06-10 17:08:26.312    79    79 D dalvikvm: GC_EXPLICIT freed 3K, 3% free 4075K/4163K, paused 1ms+1ms
06-10 17:08:26.335    79    79 D dalvikvm: GC_EXPLICIT freed 2K, 1% free 4126K/4163K, paused 1ms+1ms
06-10 17:08:26.363    79    79 D dalvikvm: GC_EXPLICIT freed 3K, 2% free 4209K/4291K, paused 2ms+2ms
06-10 17:08:26.386    79    79 D dalvikvm: GC_EXPLICIT freed 3K, 2% free 4294K/4355K, paused 1ms+1ms
06-10 17:08:26.414    79    79 D dalvikvm: GC_EXPLICIT freed 4K, 1% free 4343K/4355K, paused 1ms+1ms
06-10 17:08:26.437    79    79 D dalvikvm: GC_EXPLICIT freed 2K, 1% free 4395K/4419K, paused 1ms+2ms
06-10 17:08:26.460    79    79 D dalvikvm: GC_EXPLICIT freed 1K, 1% free 4466K/4483K, paused 3ms+1ms
06-10 17:08:26.484    79    79 D dalvikvm: GC_EXPLICIT freed 1K, 2% free 4558K/4611K, paused 2ms+2ms
06-10 17:08:26.507    79    79 D dalvikvm: GC_EXPLICIT freed <1K, 2% free 5179K/5251K, paused 1ms+2ms
06-10 17:08:26.535    79    79 D dalvikvm: GC_EXPLICIT freed 2K, 1% free 5239K/5251K, paused 2ms+3ms
06-10 17:08:26.558    79    79 D dalvikvm: GC_EXPLICIT freed 4K, 1% free 5290K/5315K, paused 1ms+2ms
06-10 17:08:26.582    79    79 D dalvikvm: GC_EXPLICIT freed 1K, 1% free 5348K/5379K, paused 1ms+1ms
06-10 17:08:26.601    79    79 D dalvikvm: GC_EXPLICIT freed <1K, 1% free 5403K/5443K, paused 1ms+1ms
06-10 17:08:26.628    79    79 D dalvikvm: GC_EXPLICIT freed <1K, 1% free 5458K/5507K, paused 1ms+2ms
06-10 17:08:26.660    79    79 D dalvikvm: GC_EXPLICIT freed 6K, 2% free 5895K/5955K, paused 1ms+2ms
06-10 17:08:26.683    79    79 D dalvikvm: GC_EXPLICIT freed 5K, 1% free 5995K/6019K, paused 2ms+2ms
06-10 17:08:26.710    79    79 D dalvikvm: GC_EXPLICIT freed 3K, 1% free 6046K/6083K, paused 2ms+2ms
06-10 17:08:26.746    79    79 D dalvikvm: GC_EXPLICIT freed 5K, 2% free 7080K/7171K, paused 2ms+2ms
06-10 17:08:26.781    79    79 D dalvikvm: GC_EXPLICIT freed 2K, 2% free 8104K/8259K, paused 2ms+2ms
06-10 17:08:26.808    79    79 D dalvikvm: GC_EXPLICIT freed 3K, 2% free 8166K/8259K, paused 1ms+2ms
06-10 17:08:26.835    79    79 D dalvikvm: GC_EXPLICIT freed 3K, 1% free 8219K/8259K, paused 2ms+1ms
06-10 17:08:26.863    79    79 D dalvikvm: GC_EXPLICIT freed 4K, 1% free 8266K/8323K, paused 1ms+1ms
06-10 17:08:26.890    79    79 D dalvikvm: GC_EXPLICIT freed 4K, 1% free 8316K/8387K, paused 2ms+2ms
06-10 17:08:26.917    79    79 D dalvikvm: GC_EXPLICIT freed 3K, 1% free 8363K/8387K, paused 2ms+2ms
06-10 17:08:26.941    79    79 D dalvikvm: GC_EXPLICIT freed 3K, 1% free 8420K/8451K, paused 1ms+1ms
06-10 17:08:26.976    79    79 D dalvikvm: GC_EXPLICIT freed 2K, 1% free 8486K/8515K, paused 1ms+1ms
06-10 17:08:27.000    79    79 D dalvikvm: GC_EXPLICIT freed 1K, 1% free 8554K/8579K, paused 2ms+2ms
06-10 17:08:27.023    79    79 D dalvikvm: GC_EXPLICIT freed 1K, 1% free 8620K/8643K, paused 1ms+2ms
06-10 17:08:27.054    79    79 D dalvikvm: GC_EXPLICIT freed 3K, 1% free 8671K/8707K, paused 2ms+2ms
06-10 17:08:27.078    79    79 D dalvikvm: GC_EXPLICIT freed 3K, 1% free 8721K/8771K, paused 1ms+2ms
06-10 17:08:27.105    79    79 D dalvikvm: GC_EXPLICIT freed 3K, 1% free 8770K/8835K, paused 1ms+1ms
06-10 17:08:27.132    79    79 D dalvikvm: GC_EXPLICIT freed 2K, 1% free 8819K/8835K, paused 1ms+2ms
06-10 17:08:27.156    79    79 D dalvikvm: GC_EXPLICIT freed 1K, 1% free 8869K/8899K, paused 1ms+1ms
06-10 17:08:27.179    79    79 D dalvikvm: GC_EXPLICIT freed 1K, 1% free 8964K/9027K, paused 2ms+2ms
06-10 17:08:27.214    79    79 D dalvikvm: GC_EXPLICIT freed 6K, 1% free 9027K/9091K, paused 1ms+2ms
06-10 17:08:27.214    79    79 I Zygote  : ...preloaded 379 resources in 1704ms.
06-10 17:08:27.222    79    79 I Zygote  : ...preloaded 31 resources in 9ms.
06-10 17:08:27.246    79    79 D dalvikvm: GC_EXPLICIT freed 25K, 1% free 9028K/9091K, paused 1ms+2ms
06-10 17:08:27.265    79    79 D dalvikvm: GC_EXPLICIT freed 9K, 1% free 9018K/9091K, paused 2ms+2ms
06-10 17:08:27.289    79    79 D dalvikvm: GC_EXPLICIT freed <1K, 1% free 9018K/9091K, paused 1ms+2ms
06-10 17:08:27.296    79    79 I dalvikvm: System server process 140 has been created
06-10 17:08:27.300    79    79 I Zygote  : Accepting command socket connections
06-10 17:08:27.406   140   140 I sysproc : Entered system_init()
06-10 17:08:27.406   140   140 I sysproc : ServiceManager: 0x394b90
06-10 17:08:27.406   140   140 D SensorService: nuSensorService starting...
06-10 17:08:27.472   140   153 E AKMD2   : libkam : Unable to load settings file, using defaults.
06-10 17:08:27.535   140   140 I SensorService: KR3DM 3-axis Accelerometer
06-10 17:08:27.535   140   140 I SensorService: AK8973 3-axis Magnetic field sensor
06-10 17:08:27.535   140   140 I SensorService: AK8973 Orientation sensor
06-10 17:08:27.535   140   140 I SensorService: GP2A Light sensor
06-10 17:08:27.535   140   140 I SensorService: GP2A Proximity sensor
06-10 17:08:27.535   140   140 I SensorService: K3G Gyroscope sensor
06-10 17:08:27.539   140   140 I sysproc : System server: starting Android runtime.
06-10 17:08:27.539   140   140 I sysproc : System server: starting Android services.
06-10 17:08:27.539   140   140 I SystemServer: Entered the Android system server!
06-10 17:08:27.542   140   155 D SensorService: nuSensorService thread starting...
06-10 17:08:27.542   140   140 I sysproc : System server: entering thread pool.
06-10 17:08:27.546   140   156 I SystemServer: Entropy Service
06-10 17:08:27.589   140   156 I SystemServer: Power Manager
06-10 17:08:27.597   140   156 I SystemServer: Activity Manager
06-10 17:08:27.640   140   157 I ActivityManager: Memory class: 48
06-10 17:08:27.750   140   142 D dalvikvm: GC_CONCURRENT freed 248K, 4% free 9253K/9607K, paused 2ms+2ms
06-10 17:08:27.765   140   157 I ActivityManager: Enabled StrictMode logging for AThread's Looper
06-10 17:08:27.765   140   156 I SystemServer: Telephony Registry
06-10 17:08:27.765   140   156 I SystemServer: Package Manager
06-10 17:08:27.828   140   142 D dalvikvm: GC_CONCURRENT freed 427K, 6% free 9306K/9863K, paused 2ms+2ms
06-10 17:08:27.835   140   161 D StrictMode: No activity manager; failed to Dropbox violation.
06-10 17:08:27.980   140   142 D dalvikvm: GC_CONCURRENT freed 347K, 5% free 9429K/9863K, paused 1ms+2ms
06-10 17:08:28.492   140   142 D dalvikvm: GC_CONCURRENT freed 255K, 4% free 9641K/9991K, paused 7ms+3ms
06-10 17:08:28.507   140   156 W PackageParser: No actions in intent filter at /system/app/Bluetooth.apk Binary XML file line #125
06-10 17:08:28.851   140   156 W PackageParser: No actions in intent filter at /system/app/Contacts.apk Binary XML file line #525
06-10 17:08:29.328   140   142 D dalvikvm: GC_CONCURRENT freed 158K, 3% free 9919K/10183K, paused 7ms+3ms
06-10 17:08:29.378   140   156 W PackageManager: Unable to update from com.android.gallery3d to com.google.android.gallery3d: old package still exists
06-10 17:08:29.636   140   156 W ResourceType: Failure getting entry for 0x7f02004b (t=1 e=75) in package 0 (error -75)
06-10 17:08:29.781   140   142 D dalvikvm: GC_CONCURRENT freed 219K, 3% free 10139K/10439K, paused 2ms+4ms
06-10 17:08:30.738   140   142 D dalvikvm: GC_CONCURRENT freed 231K, 4% free 10357K/10695K, paused 7ms+3ms
06-10 17:08:31.179   140   142 D dalvikvm: GC_CONCURRENT freed 245K, 4% free 10574K/10951K, paused 4ms+3ms
06-10 17:08:31.328   140   156 W PackageParser: Unknown element under <application>: category at /system/app/WiMAXHiddenMenu.apk Binary XML file line #289
06-10 17:08:31.351   140   156 D PackageManager: No files in app dir /vendor/app
06-10 17:08:31.351    83    83 I installd: new connection
06-10 17:08:31.351   140   156 I Installer: connecting...
06-10 17:08:32.007   140   142 D dalvikvm: GC_CONCURRENT freed 187K, 3% free 10923K/11207K, paused 1ms+3ms
06-10 17:08:32.976   140   156 W PackageParser: No actions in intent filter at /data/app/com.google.android.maps.mytracks-1.apk Binary XML file line #152
06-10 17:08:32.988   140   156 W PackageParser: No actions in intent filter at /data/app/com.google.android.maps.mytracks-1.apk Binary XML file line #208
06-10 17:08:32.988   140   156 W PackageParser: No actions in intent filter at /data/app/com.google.android.maps.mytracks-1.apk Binary XML file line #218
06-10 17:08:32.988   140   156 W PackageParser: No actions in intent filter at /data/app/com.google.android.maps.mytracks-1.apk Binary XML file line #232
06-10 17:08:33.464   140   156 W PackageManager: Package com.metago.astro desires unavailable shared library com.kyocera.dualscreen; ignoring!
06-10 17:08:33.472   140   142 D dalvikvm: GC_CONCURRENT freed 194K, 3% free 11220K/11527K, paused 3ms+5ms
06-10 17:08:33.531   140   156 W ResourceType: Failure getting entry for 0x7f0d001e (t=12 e=30) in package 0 (error -75)
06-10 17:08:34.312   140   156 I PackageManager: Time to scan packages: 6.194 seconds
06-10 17:08:34.312   140   156 W PackageManager: Unknown permission com.dsi.ant.permission.ANT in package com.google.android.maps.mytracks
06-10 17:08:34.312   140   156 W PackageManager: Unknown permission com.dsi.ant.permission.ANT_ADMIN in package com.google.android.maps.mytracks
06-10 17:08:34.312   140   156 W PackageManager: Unknown permission com.google.android.googleapps.permission.GOOGLE_AUTH.fusiontables in package com.google.android.maps.mytracks
06-10 17:08:34.312   140   156 W PackageManager: Unknown permission com.android.vending.permission.UPDATE_MARKET_FAILURE in package com.android.vending.updater
06-10 17:08:34.316   140   156 W PackageManager: Unknown permission android.permission.ADD_SYSTEM_SERVICE in package com.android.phone
06-10 17:08:34.316   140   156 W PackageManager: Unknown permission com.android.vending.billing.IBillingAccountService.BIND2 in package com.google.android.gsf.login
06-10 17:08:34.316   140   156 W PackageManager: Not granting permission com.android.email.permission.ACCESS_PROVIDER to package cn.wps.moffice_eng (protectionLevel=2 flags=0x8be44)
06-10 17:08:34.316   140   156 W PackageManager: Unknown permission com.kddi.market.permission.USE_ALML in package cn.wps.moffice_eng
06-10 17:08:34.316   140   156 W PackageManager: Not granting permission android.permission.SEND_DOWNLOAD_COMPLETED_INTENTS to package com.android.browser (protectionLevel=2 flags=0x9be45)
06-10 17:08:34.320   140   156 W PackageManager: Not granting permission android.permission.WRITE_SECURE_SETTINGS to package com.whatsapp (protectionLevel=3 flags=0xbe44)
06-10 17:08:34.320   140   156 W PackageManager: Unknown permission android.permission.READ_OWNER_DATA in package com.google.android.setupwizard
06-10 17:08:34.320   140   156 W PackageManager: Unknown permission android.permission.WRITE_OWNER_DATA in package com.google.android.setupwizard
06-10 17:08:34.320   140   156 W PackageManager: Unknown permission android.permission.WRITE_CDMA_CARRIER_SETTINGS in package com.android.sprintmenu
06-10 17:08:34.320   140   156 W PackageManager: Unknown permission android.permission.CHANGE_DUN_STATE in package com.android.sprintmenu
06-10 17:08:34.320   140   156 W PackageManager: Unknown permission android.permission.READ_EXTERNAL_STORAGE in package com.android.videoeditor
06-10 17:08:34.339   140   156 W PackageManager: Unknown permission android.permission.READ_EXTERNAL_STORAGE in package com.android.vending
06-10 17:08:34.339   140   156 W PackageManager: Unknown permission com.sprint.internal.permission.CONNECTIONMANAGER in package com.samsung.update
06-10 17:08:34.339   140   156 W PackageManager: Unknown permission com.sprint.internal.permission.SYSTEMPROPERTIES in package com.samsung.update
06-10 17:08:34.343   140   156 W PackageManager: Unknown permission com.sprint.internal.permission.SYSTEMPROPERTIES_WRITE in package com.samsung.update
06-10 17:08:34.347   140   156 W PackageManager: Unknown permission com.android.providers.im.permission.READ_ONLY in package com.google.android.apps.maps
06-10 17:08:34.347   140   156 W PackageManager: Not granting permission android.permission.DEVICE_POWER to package com.android.deskclock (protectionLevel=2 flags=0x8be45)
06-10 17:08:34.347   140   156 W PackageManager: Not granting permission android.permission.ACCOUNT_MANAGER to package com.google.android.apps.docs (protectionLevel=2 flags=0x8be44)
06-10 17:08:34.347   140   156 W PackageManager: Unknown permission android.permission.WRITE_SYNC_STATS in package com.google.android.apps.docs
06-10 17:08:34.347   140   156 W PackageManager: Not granting permission com.google.android.googleapps.permission.GOOGLE_AUTH.ALL_SERVICES to package com.google.android.apps.docs (protectionLevel=2 flags=0x8be44)
06-10 17:08:34.347   140   156 W PackageManager: Unknown permission android.permission.FLAG_RECEIVER_REGISTERED_ONLY_BEFORE_BOOT in package com.samsung.wimax
06-10 17:08:34.355   140   156 W PackageManager: Not granting permission android.permission.ACCESS_CHECKIN_PROPERTIES to package com.google.android.apps.googlevoice (protectionLevel=3 flags=0x8be44)
06-10 17:08:34.355   140   156 W PackageManager: Unknown permission com.google.android.apps.googlevoice.REMOTE_INTENT in package com.google.android.apps.googlevoice
06-10 17:08:34.355   140   156 W PackageManager: Unknown permission com.google.android.permission.RECEIVE_DATA_MESSAGE in package com.google.android.apps.googlevoice
06-10 17:08:34.355   140   156 W PackageManager: Unknown permission com.google.android.permission.SEND_DATA_MESSAGE in package com.google.android.apps.googlevoice
06-10 17:08:34.355   140   156 W PackageManager: Unknown permission com.android.providers.voicemail.permission.READ_WRITE_ALL_VOICEMAIL in package com.google.android.apps.googlevoice
06-10 17:08:34.355   140   156 W PackageManager: Unknown permission com.android.providers.voicemail.permission.READ_WRITE_OWN_VOICEMAIL in package com.google.android.apps.googlevoice
06-10 17:08:34.398   140   142 D dalvikvm: GC_CONCURRENT freed 311K, 4% free 11464K/11847K, paused 2ms+3ms
06-10 17:08:34.527   140   156 D dalvikvm: GC_EXPLICIT freed 320K, 6% free 11342K/11975K, paused 3ms+4ms
06-10 17:08:34.527   140   156 I SystemServer: Account Manager
06-10 17:08:34.554   140   156 D PackageManager: generateServicesMap(android.accounts.AccountAuthenticator): 7 services unchanged
06-10 17:08:34.578   140   156 I SystemServer: Content Manager
06-10 17:08:34.753   140   156 D PackageManager: generateServicesMap(android.content.SyncAdapter): 18 services unchanged
06-10 17:08:34.757   140   156 I SystemServer: System Content Providers
06-10 17:08:34.761   140   156 I ActivityThread: Pub settings: com.android.providers.settings.SettingsProvider
06-10 17:08:35.007   140   166 D SettingsProvider: cache for settings table 'secure' rows=55; fullycached=true
06-10 17:08:35.011   140   166 D SettingsProvider: cache for settings table 'system' rows=61; fullycached=true
06-10 17:08:35.132   140   156 I SystemServer: Lights Service
06-10 17:08:35.136   140   156 I SystemServer: Battery Service
06-10 17:08:35.148   140   142 D dalvikvm: GC_CONCURRENT freed 323K, 4% free 11627K/12039K, paused 2ms+3ms
06-10 17:08:35.175   140   156 I SystemServer: Vibrator Service
06-10 17:08:35.183   140   156 I power   : *** set_screen_state 1
06-10 17:08:35.183   140   156 I SystemServer: Alarm Manager
06-10 17:08:35.187   140   156 D AlarmManagerService: Kernel timezone updated to 240 minutes west of GMT
06-10 17:08:35.187   140   156 I SystemServer: Init Watchdog
06-10 17:08:35.191   140   156 I SystemServer: Window Manager
06-10 17:08:35.199   140   172 I InputManager: Initializing input manager
06-10 17:08:35.207   140   173 W StatusBarManager: warning: no STATUS_BAR_SERVICE
06-10 17:08:35.226   140   172 I InputManager: Starting input manager
06-10 17:08:35.226   140   172 I WindowManager: Enabled StrictMode logging for WMThread's Looper
06-10 17:08:35.230   140   156 I SystemServer: Bluetooth Service
06-10 17:08:35.234   140   173 I WindowManager: Enabled StrictMode for PolicyThread's Looper
06-10 17:08:35.242   140   156 I BluetoothProfileState: Message:Entering Stable State
06-10 17:08:35.285   140   178 D EventHub: No input device configuration file found for device 'compass'.
06-10 17:08:35.289   140   156 I BluetoothProfileState: Message:Entering Stable State
06-10 17:08:35.289   140   156 I BluetoothProfileState: Message:Entering Stable State
06-10 17:08:35.292   140   178 D EventHub: No input device configuration file found for device 'cypress-touchkey'.
06-10 17:08:35.296   140   178 I EventHub: New device: id=2, fd=118, path='/dev/input/event5', name='cypress-touchkey', classes=0x1, configuration='', keyLayout='/system/usr/keylayout/cypress-touchkey.kl', keyCharacterMap='/system/usr/keychars/cypress-touchkey.kcm', builtinKeyboard=false
06-10 17:08:35.296   140   178 D EventHub: No input device configuration file found for device 'lightsensor-level'.
06-10 17:08:35.300   140   156 I SystemServer: Input Method Service
06-10 17:08:35.304   140   178 D EventHub: No input device configuration file found for device 'proximity'.
06-10 17:08:35.304   140   186 D BluetoothAdapterStateMachine: PowerOff process message: 5
06-10 17:08:35.304   140   156 W InputManagerService: Couldn't create dir.: /data/system/inputmethod
06-10 17:08:35.312   140   178 D EventHub: No input device configuration file found for device 'herring-keypad'.
06-10 17:08:35.320   140   178 I EventHub: New device: id=5, fd=125, path='/dev/input/event2', name='herring-keypad', classes=0x1, configuration='', keyLayout='/system/usr/keylayout/herring-keypad.kl', keyCharacterMap='/system/usr/keychars/herring-keypad.kcm', builtinKeyboard=false
06-10 17:08:35.320   140   178 D EventHub: No input device configuration file found for device 'gyro'.
06-10 17:08:35.328   140   178 I EventHub: New device: id=7, fd=126, path='/dev/input/event0', name='mxt224_ts_input', classes=0x14, configuration='/system/usr/idc/mxt224_ts_input.idc', keyLayout='', keyCharacterMap='', builtinKeyboard=false
06-10 17:08:35.328   140   178 I InputReader:   Touch device 'mxt224_ts_input' could not query the properties of its associated display 0.  The device will be inoperable until the display size becomes available.
06-10 17:08:35.328   140   178 I InputReader: Device added: id=7, name='mxt224_ts_input', sources=0x00001002
06-10 17:08:35.328   140   178 I InputReader: Device added: id=5, name='herring-keypad', sources=0x00000101
06-10 17:08:35.328   140   178 I InputReader: Device added: id=2, name='cypress-touchkey', sources=0x00000101
06-10 17:08:35.363   140   156 W ResourceType: Failure getting entry for 0x7f060000 (t=5 e=0) in package 0 (error -75)
06-10 17:08:35.371   140   156 I SystemServer: Accessibility Manager
06-10 17:08:35.375   140   178 I InputReader: Reconfiguring input devices.  changes=0x00000004
06-10 17:08:35.375   140   178 I InputReader: Device reconfigured: id=7, name='mxt224_ts_input', surface size is now 480x800, mode is 1
06-10 17:08:35.378    78   163 D PermissionCache: checking android.permission.ACCESS_SURFACE_FLINGER for uid=1000 => granted (728 us)
06-10 17:08:35.378   140   156 I ActivityManager: Config changed: {1.0 0mcc0mnc en_US layoutdir=0 sw320dp w320dp h508dp nrml long port ?uimode ?night finger -keyb/v/h -nav/h s.2}
06-10 17:08:35.382   140   156 I SystemServer: Device Policy
06-10 17:08:35.382   140   156 I SystemServer: Status Bar
06-10 17:08:35.386   140   156 I SystemServer: Clipboard Service
06-10 17:08:35.386   140   156 I SystemServer: NetworkManagement Service
06-10 17:08:35.386   140   156 I SystemServer: Text Service Manager Service
06-10 17:08:35.390   140   156 I SystemServer: NetworkStats Service
06-10 17:08:35.394   140   156 I SystemServer: NetworkPolicy Service
06-10 17:08:35.394   140   156 I SystemServer: Wi-Fi P2pService
06-10 17:08:35.398   140   156 I SystemServer: Wi-Fi Service
06-10 17:08:35.421    75   113 E CommandListener: Failed to open /proc/sys/net/ipv6/conf/wlan0/disable_ipv6: No such file or directory
06-10 17:08:35.425   140   156 E WifiStateMachine: Failed to disable IPv6: java.lang.IllegalStateException: Unable to communicate to native daemon for disabling ipv6
06-10 17:08:35.433   140   156 I SystemServer: Connectivity Service
06-10 17:08:35.433   140   156 D ConnectivityService: ConnectivityService starting up
06-10 17:08:35.433   140   156 E ConnectivityService: Ignoring protectedNetwork 10
06-10 17:08:35.437   140   156 E ConnectivityService: Ignoring protectedNetwork 11
06-10 17:08:35.437   140   156 E ConnectivityService: Ignoring protectedNetwork 12
06-10 17:08:35.437   140   156 D ConnectivityService: wimaxJarLocation: /vendor/lib/wimax_service.jar
06-10 17:08:35.464   140   186 I bluedroid: Starting hciattach daemon
06-10 17:08:35.464   140   186 I bluedroid: bt_enable: ret: -1, errno: 19
06-10 17:08:35.507   140   156 D dalvikvm: DexOpt: --- BEGIN 'wimax_service.jar' (bootstrap=0) ---
06-10 17:08:35.546   140   142 D dalvikvm: GC_CONCURRENT freed 504K, 6% free 11735K/12359K, paused 3ms+4ms
06-10 17:08:35.566   140   186 I bluedroid: bt_enable: ret: -1, errno: 19
06-10 17:08:35.664   140   186 I bluedroid: bt_enable: ret: -1, errno: 19
06-10 17:08:35.671   200   200 D dalvikvm: DexOpt: load 9ms, verify+opt 74ms
06-10 17:08:35.695   140   156 D dalvikvm: DexOpt: --- END 'wimax_service.jar' (success) ---
06-10 17:08:35.695   140   156 D dalvikvm: DEX prep '/vendor/lib/wimax_service.jar': unzip in 54ms, rewrite 187ms
06-10 17:08:35.699   140   156 D ConnectivityService: Starting Wimax Service... 
06-10 17:08:35.710   140   156 I dalvikvm: Could not find method android.net.InterfaceConfiguration.setLinkAddress, referenced from method android.net.fourG.wimax.WimaxStateTracker.configureInterface
06-10 17:08:35.710   140   156 W dalvikvm: VFY: unable to resolve virtual method 45: Landroid/net/InterfaceConfiguration;.setLinkAddress (Landroid/net/LinkAddress;)V
06-10 17:08:35.710   140   156 D dalvikvm: VFY: replacing opcode 0x6e at 0x0042
06-10 17:08:35.746   140   156 E MobileDataStateTracker: default: Ignoring feature request because could not acquire PhoneService
06-10 17:08:35.746   140   156 E MobileDataStateTracker: default: Could not enable APN type "default"
06-10 17:08:35.750   140   156 D NetworkManagementService: Registering observer
06-10 17:08:35.750   140   156 D NetworkManagementService: Registering observer
06-10 17:08:35.750   140   156 I WifiService: WifiService starting up with Wi-Fi enabled
06-10 17:08:35.757   140   156 I SystemServer: Throttle Service
06-10 17:08:35.757   140   156 I SystemServer: Mount Service
06-10 17:08:35.757   140   156 D MountService: got storage path: /mnt/sdcard description: USB storage primary: true removable: false emulated: false mtpReserve: 0 allowMassStorage: true maxFileSize: 4294967296
06-10 17:08:35.761   140   156 I SystemServer: Notification Manager
06-10 17:08:35.765   140   186 I bluedroid: bt_enable: ret: -1, errno: 19
06-10 17:08:35.765   140   156 I SystemServer: Device Storage Monitor
06-10 17:08:35.765   140   156 I SystemServer: Location Manager
06-10 17:08:35.765   140   156 I SystemServer: Country Detector
06-10 17:08:35.765   140   156 I SystemServer: Search Service
06-10 17:08:35.769   140   156 I SystemServer: DropBox Service
06-10 17:08:35.769   140   156 I SystemServer: Wallpaper Service
06-10 17:08:35.781    72    96 D VoldCmdListener: volume list
06-10 17:08:35.781   140   156 I SystemServer: Audio Service
06-10 17:08:35.789   140   208 I PackageManager: Updating external media status from unmounted to unmounted
06-10 17:08:35.789   140   208 D MountService: volume state changed for /mnt/sdcard (null -> unmounted)
06-10 17:08:35.804   140   156 I AudioService:   Remote Control   registerMediaButtonIntent() for PendingIntent{41438e48: PendingIntentRecord{415e3d08 android broadcastIntent}}
06-10 17:08:35.804    81   120 D AudioHardware: ### setVoiceVolume_l
06-10 17:08:35.820   140   156 I SystemServer: Dock Observer
06-10 17:08:35.820   140   156 I SystemServer: Wired Accessory Observer
06-10 17:08:35.820   140   156 I SystemServer: USB Service
06-10 17:08:35.824   140   156 I SystemServer: UI Mode Manager Service
06-10 17:08:35.828   140   156 I SystemServer: Backup Service
06-10 17:08:35.832   140   156 V BackupManagerService: Initializing package tracking
06-10 17:08:35.867   140   186 I bluedroid: bt_enable: ret: -1, errno: 19
06-10 17:08:35.964   140   186 I bluedroid: bt_enable: ret: -1, errno: 19
06-10 17:08:36.066   140   186 I bluedroid: bt_enable: ret: -1, errno: 19
06-10 17:08:36.171   140   186 I bluedroid: bt_enable: ret: -1, errno: 19
06-10 17:08:36.269   140   186 I bluedroid: bt_enable: ret: -1, errno: 19
06-10 17:08:36.367   140   186 I bluedroid: bt_enable: ret: -1, errno: 19
06-10 17:08:36.468   140   186 I bluedroid: bt_enable: ret: -1, errno: 19
06-10 17:08:36.488   140   156 V BackupManagerService: addPackageParticipantsLocked: all
06-10 17:08:36.488   140   156 V BackupManagerService: Registering transport android/com.android.internal.backup.LocalTransport = com.android.internal.backup.LocalTransport@41665ac0
06-10 17:08:36.492   140   156 V BackupManagerService: Starting with transport android/com.android.internal.backup.LocalTransport
06-10 17:08:36.492   140   156 V BackupManagerService: Binding to Google transport
06-10 17:08:36.507   140   142 D dalvikvm: GC_CONCURRENT freed 298K, 4% free 12172K/12551K, paused 2ms+4ms
06-10 17:08:36.511   140   156 I BackupManagerService: Backup enabled => true
06-10 17:08:36.511   140   156 I SystemServer: AppWidget Service
06-10 17:08:36.511   140   156 I SystemServer: Recognition Service
06-10 17:08:36.515   140   156 I SystemServer: DiskStats Service
06-10 17:08:36.515   140   156 I SystemServer: SamplingProfiler Service
06-10 17:08:36.515   140   156 I SystemServer: NetworkTimeUpdateService
06-10 17:08:36.539   140   156 I WindowManager: SAFE MODE ENABLED (menu=1 s=-1 dpad=-1 trackball=-1)
06-10 17:08:36.562   140   156 D PowerManagerService: system ready!
06-10 17:08:36.570   140   186 I bluedroid: bt_enable: ret: -1, errno: 19
06-10 17:08:36.578   140   156 I ActivityManager: System now ready
06-10 17:08:36.578   140   156 I SystemServer: Making services ready
06-10 17:08:36.578   140   156 D SystemServer: Starting service: Intent { cmp=com.android.systemui/.SystemUIService }
06-10 17:08:36.582   140   156 I Zygote  : Process: zygote socket opened
06-10 17:08:36.640   140   156 I ActivityManager: Start proc com.android.systemui for service com.android.systemui/.SystemUIService: pid=219 uid=1000 gids={1015, 3002, 3001, 3003, 3007}
06-10 17:08:36.640   140   156 D NetworkManagementService: enabling bandwidth control
06-10 17:08:36.667   140   186 I bluedroid: bt_enable: ret: -1, errno: 19
06-10 17:08:36.703   140   173 V TransportControlView: Create TCV com.android.internal.widget.TransportControlView@415c1220
06-10 17:08:36.769   140   186 I bluedroid: bt_enable: ret: -1, errno: 19
06-10 17:08:36.824   219   219 D SystemUIService: loading: class com.android.systemui.statusbar.phone.PhoneStatusBar
06-10 17:08:36.828   219   219 D SystemUIService: running: com.android.systemui.statusbar.phone.PhoneStatusBar@41332198
06-10 17:08:36.867   140   186 I bluedroid: bt_enable: ret: -1, errno: 19
06-10 17:08:36.964   140   142 D dalvikvm: GC_CONCURRENT freed 392K, 4% free 12590K/13063K, paused 3ms+10ms
06-10 17:08:36.968   140   186 I bluedroid: bt_enable: ret: -1, errno: 19
06-10 17:08:37.015   140   173 I ActivityManager: Start proc com.google.android.gsf.login for service com.google.android.gsf.login/com.google.android.gsf.loginservice.GoogleLoginService: pid=254 uid=10009 gids={3003, 1015, 1007, 2001, 3006}
06-10 17:08:37.070   140   186 I bluedroid: bt_enable: ret: -1, errno: 19
06-10 17:08:37.171   140   186 I bluedroid: bt_enable: ret: -1, errno: 19
06-10 17:08:37.171   140   156 D NetworkManagementService: Registering observer
06-10 17:08:37.195   219   221 D dalvikvm: GC_CONCURRENT freed 107K, 3% free 9323K/9543K, paused 2ms+12ms
06-10 17:08:37.273   140   173 D dalvikvm: GC_FOR_ALLOC freed 116K, 4% free 12631K/13063K, paused 82ms
06-10 17:08:37.273   140   173 I dalvikvm-heap: Grow heap (frag case) to 13.100MB for 724480-byte allocation
06-10 17:08:37.273   199   199 E brcm_patchram_plus: Done setting line discpline
06-10 17:08:37.308   140   186 I bluedroid: bt_enable: ret: 0, errno: 19
06-10 17:08:37.308   140   186 I bluedroid: Starting bluetoothd deamon
06-10 17:08:37.332   140   186 E BluetoothEventLoop.cpp: get_adapter_path: D-Bus error: org.freedesktop.DBus.Error.ServiceUnknown (The name org.bluez was not provided by any .service files)
06-10 17:08:37.332   140   176 D dalvikvm: GC_FOR_ALLOC freed 5K, 4% free 13333K/13831K, paused 45ms
06-10 17:08:37.351   140   186 E BluetoothEventLoop.cpp: get_adapter_path: D-Bus error: org.freedesktop.DBus.Error.ServiceUnknown (The name org.bluez was not provided by any .service files)
06-10 17:08:37.351    75   113 D SoftapController: Softap fwReload - Ok
06-10 17:08:37.355    75   113 D CommandListener: Setting iface cfg
06-10 17:08:37.355    75   113 D CommandListener: Trying to bring down wlan0
06-10 17:08:37.355    75   113 D CommandListener: broadcast flag ignored
06-10 17:08:37.355    75   113 D CommandListener: multicast flag ignored
06-10 17:08:37.355   140   196 D NetworkManagementService: rsp <213 00:90:4c:11:22:33 0.0.0.0 0 [down broadcast multicast]>
06-10 17:08:37.355   140   196 D NetworkManagementService: flags <[down broadcast multicast]>
06-10 17:08:37.363   140   156 D NetworkManagementService: Registering observer
06-10 17:08:37.367   140   186 E BluetoothEventLoop.cpp: get_adapter_path: D-Bus error: org.freedesktop.DBus.Error.ServiceUnknown (The name org.bluez was not provided by any .service files)
06-10 17:08:37.367   140   156 I ActivityManager: Config changed: {1.0 0mcc0mnc en_US layoutdir=0 sw320dp w320dp h508dp nrml long port finger -keyb/v/h -nav/h s.3}
06-10 17:08:37.390   140   186 E BluetoothEventLoop.cpp: get_adapter_path: D-Bus error: org.freedesktop.DBus.Error.ServiceUnknown (The name org.bluez was not provided by any .service files)
06-10 17:08:37.394   140   151 I StatusBarManagerService: registerStatusBar bar=com.android.internal.statusbar.IStatusBar$Stub$Proxy@41326658
06-10 17:08:37.394   219   219 D PhoneStatusBar: disable: < EXPAND* icons alerts TICKER* system_info BACK* HOME* RECENT* clock >
06-10 17:08:37.414   140   186 E BluetoothEventLoop.cpp: get_adapter_path: D-Bus error: org.freedesktop.DBus.Error.ServiceUnknown (The name org.bluez was not provided by any .service files)
06-10 17:08:37.425   140   186 E BluetoothEventLoop.cpp: get_adapter_path: D-Bus error: org.freedesktop.DBus.Error.ServiceUnknown (The name org.bluez was not provided by any .service files)
06-10 17:08:37.437   140   186 E BluetoothEventLoop.cpp: get_adapter_path: D-Bus error: org.freedesktop.DBus.Error.ServiceUnknown (The name org.bluez was not provided by any .service files)
06-10 17:08:37.453   140   186 E BluetoothEventLoop.cpp: get_adapter_path: D-Bus error: org.freedesktop.DBus.Error.ServiceUnknown (The name org.bluez was not provided by any .service files)
06-10 17:08:37.468   140   186 E BluetoothEventLoop.cpp: get_adapter_path: D-Bus error: org.freedesktop.DBus.Error.ServiceUnknown (The name org.bluez was not provided by any .service files)
06-10 17:08:37.480   140   186 E BluetoothEventLoop.cpp: get_adapter_path: D-Bus error: org.freedesktop.DBus.Error.ServiceUnknown (The name org.bluez was not provided by any .service files)
06-10 17:08:37.503   140   186 E BluetoothEventLoop.cpp: get_adapter_path: D-Bus error: org.freedesktop.DBus.Error.ServiceUnknown (The name org.bluez was not provided by any .service files)
06-10 17:08:37.503   140   157 I ActivityManager: Start proc android.process.media for broadcast com.android.providers.media/.UsbReceiver: pid=290 uid=10012 gids={1015, 1023, 1024, 2001, 3003, 3007}
06-10 17:08:37.515   140   186 E BluetoothEventLoop.cpp: get_adapter_path: D-Bus error: org.freedesktop.DBus.Error.ServiceUnknown (The name org.bluez was not provided by any .service files)
06-10 17:08:37.527   140   186 E BluetoothEventLoop.cpp: get_adapter_path: D-Bus error: org.freedesktop.DBus.Error.ServiceUnknown (The name org.bluez was not provided by any .service files)
06-10 17:08:37.550   140   186 E BluetoothEventLoop.cpp: get_adapter_path: D-Bus error: org.freedesktop.DBus.Error.ServiceUnknown (The name org.bluez was not provided by any .service files)
06-10 17:08:37.589   140   186 E BluetoothEventLoop.cpp: get_adapter_path: D-Bus error: org.freedesktop.DBus.Error.ServiceUnknown (The name org.bluez was not provided by any .service files)
06-10 17:08:37.625   140   151 I ActivityManager: Start proc com.google.process.gapps for content provider com.google.android.gsf/.gservices.GservicesProvider: pid=304 uid=10009 gids={3003, 1015, 1007, 2001, 3006}
06-10 17:08:37.640   219   219 D StorageNotification: Startup with UMS connection false (media state unmounted)
06-10 17:08:37.660   140   186 E BluetoothEventLoop.cpp: get_adapter_path: D-Bus error: org.bluez.Error.NoSuchAdapter (No such adapter)
06-10 17:08:37.660   140   186 E BluetoothEventLoop.cpp: failure setting up Event Loop!
06-10 17:08:37.667   219   310 I StorageNotification: UMS connection changed to false (media state unmounted)
06-10 17:08:37.679   219   219 D SystemUIService: loading: class com.android.systemui.power.PowerUI
06-10 17:08:37.679   219   219 D SystemUIService: running: com.android.systemui.power.PowerUI@4138d2d0
06-10 17:08:37.695   290   290 I ActivityThread: Pub downloads: com.android.providers.downloads.DownloadProvider
06-10 17:08:37.796   290   290 I ActivityThread: Pub drm: com.android.providers.drm.DrmProvider
06-10 17:08:37.800   290   318 I DownloadManager: in removeSpuriousFiles
06-10 17:08:37.816   290   290 I ActivityThread: Pub media: com.android.providers.media.MediaProvider
06-10 17:08:37.839   140   156 W InputManagerService: Ignoring setImeWindowStatus of uid 1000 token: null
06-10 17:08:37.871   290   318 I DownloadManager: in removeSpuriousFiles, preserving file /data/data/com.android.providers.downloads/cache/downloadfile-1.apk
06-10 17:08:37.875   290   318 I DownloadManager: deleting spurious file /cache/wimax_service.dex
06-10 17:08:37.878   140   197 D WifiService: New client listening to asynchronous messages
06-10 17:08:37.882   290   318 I DownloadManager: deleting spurious file /cache/backup
06-10 17:08:37.898   140   156 I ActivityManager: Start proc com.android.inputmethod.latin for service com.android.inputmethod.latin/.LatinIME: pid=319 uid=10026 gids={}
06-10 17:08:37.925   140   156 D NetworkManagementService: Registering observer
06-10 17:08:37.984   140   330 W ThrottleService: unable to find stats for iface rmnet0
06-10 17:08:38.003   140   156 I ActivityManager: Start proc com.android.phone for added application com.android.phone: pid=338 uid=1001 gids={3002, 3001, 3003, 1015}
06-10 17:08:38.011   140   325 D libsecgps: gps_get_gps_interface:
06-10 17:08:38.011   140   325 E libsecgps: gps_get_extension: gps-debug is not implemented
06-10 17:08:38.035   304   304 I ActivityThread: Pub com.google.settings: com.google.android.gsf.settings.GoogleSettingsProvider
06-10 17:08:38.070   140   156 I ActivityManager: Start proc com.android.nfc for added application com.android.nfc: pid=353 uid=1027 gids={3002, 3001}
06-10 17:08:38.070   140   156 I ActivityManager: START {act=android.intent.action.MAIN cat=[android.intent.category.HOME] flg=0x10000000 cmp=com.android.launcher/com.android.launcher2.Launcher} from pid 0
06-10 17:08:38.132   304   304 I ActivityThread: Pub subscribedfeeds: com.google.android.gsf.subscribedfeeds.SubscribedFeedsProvider
06-10 17:08:38.144   140   156 I ActivityManager: Start proc com.android.launcher for activity com.android.launcher/com.android.launcher2.Launcher: pid=366 uid=10027 gids={}
06-10 17:08:38.144   140   156 I SystemServer: Enabled StrictMode for system server main thread.
06-10 17:08:38.246   219   219 D PhoneStatusBar: disable: < EXPAND icons alerts TICKER system_info BACK HOME RECENT CLOCK* >
06-10 17:08:38.289   304   304 I ActivityThread: Pub com.google.contacts.gal.provider: com.google.android.syncadapters.contacts.GalProvider
06-10 17:08:38.375   140   381 D BluetoothEventLoop: Property Changed: Pairable : false
06-10 17:08:38.378   140   381 D BluetoothEventLoop: Property Changed: Powered : false
06-10 17:08:38.378   140   381 D BluetoothEventLoop: Property Changed: UUIDs : 6
06-10 17:08:38.378   140   186 E BluetoothService.cpp: setBluetoothTetheringNative true
06-10 17:08:38.406   140   186 D BluetoothAdapterStateMachine: WarmUp process message: 54
06-10 17:08:38.410   140   381 D BluetoothEventLoop: Property Changed: UUIDs : 7
06-10 17:08:38.410   140   381 D BluetoothEventLoop: Property Changed: UUIDs : 8
06-10 17:08:38.414   140   381 D BluetoothEventLoop: Property Changed: UUIDs : 9
06-10 17:08:38.414   140   381 D BluetoothEventLoop: Property Changed: UUIDs : 10
06-10 17:08:38.414   140   186 D BluetoothAdapterStateMachine: WarmUp process message: 51
06-10 17:08:38.500   353   353 I NfcService: Starting NFC service
06-10 17:08:38.511   304   304 I ActivityThread: Pub com.google.android.gsf.gservices: com.google.android.gsf.gservices.GservicesProvider
06-10 17:08:38.527   304   304 I GservicesProvider: Gservices pushing to system: true; secure: true
06-10 17:08:38.527   304   304 I ActivityThread: Pub com.google.android.providers.talk: com.google.android.gsf.talk.TalkProvider
06-10 17:08:38.539   353   353 D NFC JNI : NFC Service : loading JNI
06-10 17:08:38.562   338   338 I ActivityThread: Pub telephony: com.android.providers.telephony.TelephonyProvider
06-10 17:08:38.640   366   366 I ActivityThread: Pub com.android.launcher2.settings: com.android.launcher2.LauncherProvider
06-10 17:08:38.699   338   338 W TelephonyProvider: onCreate: confFile=/system/etc/apns-conf.xml oldCheckSum=-1
06-10 17:08:38.773   338   338 I ActivityThread: Pub sms: com.android.providers.telephony.SmsProvider
06-10 17:08:38.781   304   307 D dalvikvm: GC_CONCURRENT freed 349K, 5% free 9190K/9607K, paused 4ms+11ms
06-10 17:08:38.800   338   338 I ActivityThread: Pub mms-sms: com.android.providers.telephony.MmsSmsProvider
06-10 17:08:38.808   338   338 I ActivityThread: Pub icc: com.android.phone.IccProvider
06-10 17:08:38.808   338   338 I ActivityThread: Pub mms: com.android.providers.telephony.MmsProvider
06-10 17:08:38.851   140   152 D SyncManager: setSyncAutomatically: , provider subscribedfeeds -> true
06-10 17:08:38.851   140   152 D SyncManager: setSyncAutomatically: already set to true, doing nothing
06-10 17:08:38.886   353   353 I RegisteredComponentCache: ComponentInfo: ResolveInfo{41340e48 com.android.apps.tag.TagViewer p=0 o=0 m=0x108000}, techs: android.nfc.tech.Ndef, 
06-10 17:08:39.062   285   285 I wpa_supplicant: rfkill: Cannot open RFKILL control device
06-10 17:08:39.128   353   353 I NfceeAccess: read 3 signature(s) for NFCEE access
06-10 17:08:39.132   366   371 D dalvikvm: GC_CONCURRENT freed 262K, 4% free 9194K/9543K, paused 2ms+34ms
06-10 17:08:39.199   353   357 D dalvikvm: GC_CONCURRENT freed 315K, 5% free 9169K/9607K, paused 2ms+12ms
06-10 17:08:39.203   338   341 D dalvikvm: GC_CONCURRENT freed 285K, 5% free 9205K/9607K, paused 2ms+7ms
06-10 17:08:39.281   140   142 D dalvikvm: GC_CONCURRENT freed 849K, 7% free 13611K/14535K, paused 4ms+7ms
06-10 17:08:39.367   140   157 I ActivityManager: Start proc com.android.settings for broadcast com.android.settings/.widget.SettingsAppWidgetProvider: pid=401 uid=1000 gids={1015, 3002, 3001, 3003, 3007}
06-10 17:08:39.402   319   400 E ActivityThread: Failed to find provider info for com.android.inputmethod.latin.dictionarypack
06-10 17:08:39.414   319   322 D dalvikvm: GC_CONCURRENT freed 200K, 3% free 9339K/9607K, paused 6ms+45ms
06-10 17:08:39.414   319   400 E BinaryDictionaryGetter: Could not find a dictionary pack
06-10 17:08:39.464    79    79 D dalvikvm: GC_EXPLICIT freed 35K, 4% free 9031K/9347K, paused 3ms+10ms
06-10 17:08:39.468   353   408 D NfcService: checking on firmware download
06-10 17:08:39.468   353   408 D NfcService: NFC is off.  Checking firmware version
06-10 17:08:39.476   353   408 D NativeNfcManager: prev modtime: -1
06-10 17:08:39.476   353   408 D NativeNfcManager: new modtime: 1339171638000
06-10 17:08:39.476   353   408 D NativeNfcManager: Perform Download
06-10 17:08:39.511    79    79 D dalvikvm: GC_EXPLICIT freed <1K, 4% free 9031K/9347K, paused 1ms+2ms
06-10 17:08:39.558    79    79 D dalvikvm: GC_EXPLICIT freed <1K, 4% free 9031K/9347K, paused 1ms+5ms
06-10 17:08:39.585   140   365 I ActivityManager: Start proc com.android.smspush for service com.android.smspush/.WapPushManager: pid=417 uid=10053 gids={}
06-10 17:08:39.683   140   151 I ActivityManager: Start proc android.process.acore for content provider com.android.providers.userdictionary/.UserDictionaryProvider: pid=430 uid=10000 gids={3003, 1015}
06-10 17:08:39.714   366   371 D dalvikvm: GC_CONCURRENT freed 94K, 2% free 9553K/9735K, paused 13ms+34ms
06-10 17:08:39.734   353   408 D NFC JNI : Download new Firmware
06-10 17:08:39.750   338   338 D CAT     : CatService: Running CAT service. STK app installed:false
06-10 17:08:39.750   338   338 D CAT     : CatService: NEW sInstance
06-10 17:08:39.804   285   285 I wpa_supplicant: wlan0: Trying to associate with 00:86:11:15:d0:e1 (SSID='konoha' freq=2437 MHz)
06-10 17:08:39.828   140   303 I SearchManagerService: Building list of searchable activities
06-10 17:08:39.855   430   430 I ActivityThread: Pub call_log: com.android.providers.contacts.CallLogProvider
06-10 17:08:39.949   430   430 I ActivityThread: Pub com.android.voicemail: com.android.providers.contacts.VoicemailContentProvider
06-10 17:08:39.953   430   430 I ActivityThread: Pub user_dictionary: com.android.providers.userdictionary.UserDictionaryProvider
06-10 17:08:39.972   430   430 I ActivityThread: Pub com.android.social: com.android.providers.contacts.SocialProvider
06-10 17:08:39.972   430   430 I ActivityThread: Pub applications: com.android.providers.applications.ApplicationsProvider
06-10 17:08:40.007   338   338 D MccTable: updateMccMncConfiguration: mcc=310, mnc=120
06-10 17:08:40.007   338   338 D MccTable: locale set to en_us
06-10 17:08:40.007   338   338 D MccTable: WIFI_COUNTRY_CODE set to us
06-10 17:08:40.007   140   302 I WifiService: WifiService trying to set country code to us with persist set to true
06-10 17:08:40.058   338   341 D dalvikvm: GC_CONCURRENT freed 298K, 5% free 9334K/9735K, paused 4ms+7ms
06-10 17:08:40.183   140   302 I ActivityManager: Config changed: {1.0 310mcc120mnc en_US layoutdir=0 sw320dp w320dp h508dp nrml long port finger -keyb/v/h -nav/h s.4}
06-10 17:08:40.214   304   304 D NetworkLocationService: onCreate com.google.android.location.NetworkLocationService@41330e60
06-10 17:08:40.242   401   401 D LocalBluetoothProfileManager: LocalBluetoothProfileManager construction complete
06-10 17:08:40.273   338   338 D CallManager: registerPhone(CDMA Handler (com.android.internal.telephony.PhoneProxy) {4135e668})
06-10 17:08:40.320   430   430 I ActivityThread: Pub contacts;com.android.contacts: com.android.providers.contacts.ContactsProvider2
06-10 17:08:40.371   366   371 D dalvikvm: GC_CONCURRENT freed 279K, 4% free 9803K/10183K, paused 2ms+22ms
06-10 17:08:40.378   304   304 D NetworkLocationClient: ANDROID minProtocolVersion 1 maxProtocolVersion 1 releaseVersion -1
06-10 17:08:40.378   304   304 D NetworkLocationClient: binding to Intent { act=com.google.android.location.internal.ANDROID_NLP }
06-10 17:08:40.421   430   432 D dalvikvm: GC_CONCURRENT freed 350K, 5% free 9186K/9607K, paused 22ms+10ms
06-10 17:08:40.425   219   221 D dalvikvm: GC_CONCURRENT freed 146K, 3% free 9601K/9863K, paused 2ms+14ms
06-10 17:08:40.468   338   338 D Bluetooth HS/HF: CDMA call state: IDLE prev state:IDLE
06-10 17:08:40.500   304   307 D dalvikvm: GC_CONCURRENT freed 424K, 6% free 9219K/9735K, paused 2ms+5ms
06-10 17:08:40.585   304   304 D NetworkLocationService: onBind com.google.android.location.NetworkLocationProvidercom.google.android.location.NetworkLocationService@41330e60
06-10 17:08:40.628   366   371 D dalvikvm: GC_CONCURRENT freed 463K, 7% free 9794K/10439K, paused 2ms+2ms
06-10 17:08:40.683   140   442 D libsecgps: gps_init
06-10 17:08:40.683    85    85 D GPSD    : send_ril_gps_request: Connecting to RIL...
06-10 17:08:40.691   140   442 D GpsLocationProvider: set_capabilities_callback: 1
06-10 17:08:40.722   140   461 D dalvikvm: GC_EXPLICIT freed 314K, 7% free 13754K/14727K, paused 3ms+6ms
06-10 17:08:40.937   353   408 D NFC JNI : phLibNfc_Mgt_UnConfigureDriver() returned 0x0000[NFCSTATUS_SUCCESS]
06-10 17:08:40.937   353   408 D NativeNfcManager: Download Success
06-10 17:08:40.957   140   368 W ActivityManager: Unable to start service Intent { act=com.android.ussd.IExtendedNetworkService }: not found
06-10 17:08:40.992   219   310 I StorageNotification: UMS connection changed to false (media state unmounted)
06-10 17:08:41.015   140   156 V BackupManagerService: Connected to Google transport
06-10 17:08:41.015   140   156 V BackupManagerService: Registering transport com.google.android.backup/.BackupTransportService = com.google.android.backup.BackupTransportService$1@417a7db8
06-10 17:08:41.035   304   304 D androidInternalNlpService: onCreate com.google.android.location.internal.server.NetworkLocationService@413963c8
06-10 17:08:41.035   338   338 D OtaUtils: CdmaOtaConfigData constructor!
06-10 17:08:41.039   338   338 D OtaUtils: CdmaOtaInCallScreenState: constructor init to UNDEFINED
06-10 17:08:41.113   304   484 D NetworkLocationRealOs: NLPv2 file already exists; ignoring any NLPv1 files
06-10 17:08:41.132   366   371 D dalvikvm: GC_CONCURRENT freed 179K, 4% free 10067K/10439K, paused 2ms+3ms
06-10 17:08:41.132   366   366 D Launcher.Model: Reload apps on config change. curr_mcc:310 prevmcc:0
06-10 17:08:41.191   140   142 D dalvikvm: GC_CONCURRENT freed 933K, 7% free 14037K/15047K, paused 5ms+4ms
06-10 17:08:41.203   304   304 D androidNlpServiceThread: ANDROID minProtocolVersion 1 maxProtocolVersion 1 releaseVersion -1
06-10 17:08:41.210   140   156 I Process : Sending signal. PID: 366 SIG: 3
06-10 17:08:41.210   366   373 I dalvikvm: threadid=3: reacting to signal 3
06-10 17:08:41.226   366   373 I dalvikvm: Wrote stack traces to '/data/anr/traces.txt'
06-10 17:08:41.253   219   219 D dalvikvm: GC_FOR_ALLOC freed 24K, 3% free 9585K/9863K, paused 43ms
06-10 17:08:41.265   304   304 D NetworkLocationService: onBind com.google.android.location.GeocodeProvidercom.google.android.location.NetworkLocationService@41330e60
06-10 17:08:41.339   366   366 D libEGL  : loaded /system/lib/egl/libGLES_android.so
06-10 17:08:41.347   219   219 I dalvikvm-heap: Grow heap (frag case) to 10.457MB for 1080016-byte allocation
06-10 17:08:41.371   366   366 D libEGL  : loaded /vendor/lib/egl/libEGL_POWERVR_SGX540_120.so
06-10 17:08:41.390   366   366 D libEGL  : loaded /vendor/lib/egl/libGLESv1_CM_POWERVR_SGX540_120.so
06-10 17:08:41.414   140   157 I ActivityManager: Start proc com.google.android.partnersetup for broadcast com.google.android.partnersetup/.PhoneStateReceiver: pid=488 uid=10022 gids={3003}
06-10 17:08:41.437   366   366 D libEGL  : loaded /vendor/lib/egl/libGLESv2_POWERVR_SGX540_120.so
06-10 17:08:41.488   304   304 D NetworkLocationClient: onServiceConnected to ComponentInfo{com.google.android.location/com.google.android.location.internal.server.NetworkLocationService}
06-10 17:08:41.500   219   232 D dalvikvm: GC_FOR_ALLOC freed 2K, 3% free 10638K/10951K, paused 111ms
06-10 17:08:41.621   488   488 I ActivityThread: Pub com.google.android.partnersetup.rlzprovider: com.google.android.partnersetup.RlzProvider
06-10 17:08:41.625   338   338 D Bluetooth HSHFP: Starting BluetoothHeadsetService
06-10 17:08:41.648   219   221 D dalvikvm: GC_CONCURRENT freed <1K, 3% free 10639K/10951K, paused 3ms+5ms
06-10 17:08:41.660   488   488 I ActivityThread: Pub com.google.android.partnersetup.rlzappprovider: com.google.android.partnersetup.RlzAppProvider
06-10 17:08:41.683   338   338 D CAT     : CatService: SIM ready. Reporting STK service running now...
06-10 17:08:41.753   219   219 D dalvikvm: GC_FOR_ALLOC freed 0K, 3% free 10640K/10951K, paused 104ms
06-10 17:08:41.785   219   219 I dalvikvm-heap: Grow heap (frag case) to 13.385MB for 3072016-byte allocation
06-10 17:08:41.816   219   219 D dalvikvm: GC_FOR_ALLOC freed 0K, 3% free 13640K/13959K, paused 23ms
06-10 17:08:41.914   366   366 D OpenGLRenderer: Enabling debug mode 0
06-10 17:08:42.003   366   371 D dalvikvm: GC_CONCURRENT freed 627K, 7% free 9999K/10695K, paused 1ms+12ms
06-10 17:08:42.132   140   156 I Process : Sending signal. PID: 366 SIG: 3
06-10 17:08:42.132   366   373 I dalvikvm: threadid=3: reacting to signal 3
06-10 17:08:42.171   304   307 D dalvikvm: GC_CONCURRENT freed 344K, 4% free 9442K/9735K, paused 2ms+60ms
06-10 17:08:42.179   366   373 I dalvikvm: Wrote stack traces to '/data/anr/traces.txt'
06-10 17:08:42.238   366   371 D dalvikvm: GC_CONCURRENT freed 265K, 6% free 10136K/10695K, paused 4ms+8ms
06-10 17:08:42.242    78    78 I SurfaceFlinger: Boot is finished (21335 ms)
06-10 17:08:42.250   140   156 D PowerManagerService: bootCompleted
06-10 17:08:42.253   140   156 V DevicePolicyManagerService: Sending password expiration notifications for action android.intent.action.BOOT_COMPLETED
06-10 17:08:42.351   338   338 V SipBroadcastReceiver: start auto registration
06-10 17:08:42.371   338   341 D dalvikvm: GC_CONCURRENT freed 369K, 5% free 9405K/9863K, paused 1ms+7ms
06-10 17:08:42.410   140   469 I ActivityManager: Start proc com.android.contacts for broadcast com.android.contacts/.calllog.CallLogReceiver: pid=509 uid=10000 gids={3003, 1015}
06-10 17:08:42.457   140   461 D AlarmManagerService: Kernel timezone updated to 240 minutes west of GMT
06-10 17:08:42.468   338   338 D SystemClock: Setting time of day to sec=1339362522
06-10 17:08:42.535   140   461 D AlarmManagerService: Kernel timezone updated to 240 minutes west of GMT
06-10 17:08:42.664   338   338 V OtaStartupReceiver: onReceive: intent action=android.intent.action.BOOT_COMPLETED  mOtaspMode=-1
06-10 17:08:42.664   338   338 D OtaStartupReceiver: Register our PhoneStateListener
06-10 17:08:42.664   338   338 V OtaStartupReceiver: resolvInfo = null, provisioned = true, runningSetupWizard = true
06-10 17:08:42.664   338   338 D OtaStartupReceiver: call OtaUtils.maybeDoOtaCall
06-10 17:08:42.668   338   338 D OtaUtils: phoneNeedsActivation is set to false
06-10 17:08:42.668   338   338 D OtaUtils: otaShowActivationScreen: 1
06-10 17:08:42.668   338   338 D OtaUtils: maybeDoOtaCall: voice capable; activation NOT started.
06-10 17:08:42.668   338   338 V OtaStartupReceiver: onOtaspChanged: mOtaspMode=3
06-10 17:08:42.687   338   338 I SprintMenu: Boot completed intent received
06-10 17:08:42.707   509   522 D AccountTypeManager: Registering external account type=com.whatsapp, packageName=com.whatsapp
06-10 17:08:42.730   509   522 W ResourceType: getEntry failing because entryIndex 603 is beyond type entryCount 189
06-10 17:08:42.730   509   522 W ResourceType: Failure getting entry for 0x7f02025b (t=1 e=603) in package 0 (error -2147483647)
06-10 17:08:42.730   509   522 D AccountTypeManager: Registering external account type=com.facebook.auth.login, packageName=com.facebook.katana
06-10 17:08:42.746   338   338 I SprintMenu: getoemdata()
06-10 17:08:42.746   140   151 I ActivityManager: Start proc com.android.sprintmenu for service com.android.sprintmenu/.HiddenPhoneService: pid=525 uid=1001 gids={3002, 3001, 3003, 1015}
06-10 17:08:42.758   338   338 D SynmlBootReceiver: SynmlBootReceiver  onReceive = Intent { act=android.intent.action.BOOT_COMPLETED flg=0x10 cmp=com.samsung.update/.SyncmlBootReceiver }
06-10 17:08:42.758   338   338 D SynmlBootReceiver: SynmlBootReceiver  onReceive action = android.intent.action.BOOT_COMPLETED
06-10 17:08:42.758   338   338 D SynmlBootReceiver: BOOT_COMPLETED 
06-10 17:08:42.758   338   338 I SynmlBootReceiver:  san_service()starting ...
06-10 17:08:42.762   338   338 D SynmlBootReceiver: onReceive  End
06-10 17:08:42.762   338   338 I SprintMenu: Inside Handlemessage
06-10 17:08:42.762   338   338 I SprintMenu: Verify response incoming!!,Get data Done
06-10 17:08:42.762   338   338 I SprintMenu: : Mode_Off
06-10 17:08:42.762   338   338 I SprintMenu: Inside Hiddenmenu handlemsg ,selectedmode = -1
06-10 17:08:42.762   338   338 I SprintMenu: Inside Hiddenmenu handlemsg, sysprop = -1
06-10 17:08:42.766   338   338 I SAN_SERVICE: onCreate
06-10 17:08:42.766   338   338 V SANService: onStart(): intent_action = com.samsung.update.SAN_SERVICE
06-10 17:08:42.766   338   338 V SANService: In on Start: started = false
06-10 17:08:42.766   338   338 V SANService: Starting thread
06-10 17:08:42.773   338   338 D SAN_SERVICE: *******************************************
06-10 17:08:42.773   338   338 D SAN_SERVICE: DM App Phone Service State - 0
06-10 17:08:42.773   338   338 D SAN_SERVICE: *******************************************
06-10 17:08:42.773   338   338 D SAN_SERVICE: *******************************************
06-10 17:08:42.773   338   338 D SAN_SERVICE: DM App Phone Call State - 0
06-10 17:08:42.773   338   338 D SAN_SERVICE: *******************************************
06-10 17:08:42.773   338   338 I SAN_SERVICE: onDestroy
06-10 17:08:42.773   338   532 V SAN_SERVICE: Background Thread has stopped san_empty false
06-10 17:08:42.910   509   522 W ResourceType: getEntry failing because entryIndex 344 is beyond type entryCount 189
06-10 17:08:42.910   509   522 W ResourceType: Failure getting entry for 0x7f020158 (t=1 e=344) in package 0 (error -2147483647)
06-10 17:08:42.926   509   522 D AccountTypeManager: Registering 1 extension packages
06-10 17:08:43.012   509   522 E ExternalAccountType: Unsupported attribute readOnly
06-10 17:08:43.012   509   522 W ResourceType: getEntry failing because entryIndex 243 is beyond type entryCount 189
06-10 17:08:43.012   509   522 W ResourceType: Failure getting entry for 0x7f0200f3 (t=1 e=243) in package 0 (error -2147483647)
06-10 17:08:43.023   254   258 D dalvikvm: GC_CONCURRENT freed 262K, 4% free 9146K/9479K, paused 31ms+1ms
06-10 17:08:43.055   509   522 D AccountTypeManager: Registering extension package account type=com.google, dataSet=plus, packageName=com.google.android.apps.plus
06-10 17:08:43.082   509   522 I AccountTypeManager: Loaded meta-data for 5 account types, 4 accounts in 408ms(wall) 37ms(cpu)
06-10 17:08:43.348   304   307 D dalvikvm: GC_CONCURRENT freed 191K, 3% free 9782K/10055K, paused 2ms+2ms
06-10 17:08:43.504   304   456 D androidNetworkLocationListeners: Still have listener com.google.android.location.internal.client.NetworkLocationClient$1@4138f6e8
06-10 17:08:43.504   304   456 D androidNetworkLocationListeners: Still have listener com.google.android.location.internal.client.NetworkLocationClient$1@4138f6e8
06-10 17:08:43.504   304   456 D androidNetworkLocationListeners: Still have listener com.google.android.location.internal.client.NetworkLocationClient$1@4138f6e8
06-10 17:08:43.676   366   371 D dalvikvm: GC_CONCURRENT freed 219K, 4% free 10363K/10695K, paused 2ms+3ms
06-10 17:08:43.734   430   432 D dalvikvm: GC_CONCURRENT freed 187K, 4% free 9417K/9735K, paused 2ms+2ms
06-10 17:08:44.047   366   371 D dalvikvm: GC_CONCURRENT freed 240K, 4% free 10517K/10887K, paused 4ms+7ms
06-10 17:08:44.141   319   322 D dalvikvm: GC_CONCURRENT freed 143K, 3% free 9711K/9927K, paused 2ms+3ms
06-10 17:08:44.246   140   172 D dalvikvm: GC_EXPLICIT freed 1020K, 8% free 13918K/15047K, paused 3ms+6ms
06-10 17:08:44.281   509   523 E DefaultVoicemailNotifier: No voicemails to notify about: clear the notification.
06-10 17:08:44.285   509   510 D dalvikvm: GC_CONCURRENT freed 218K, 4% free 9251K/9543K, paused 21ms+7ms
06-10 17:08:44.394   366   371 D dalvikvm: GC_CONCURRENT freed 412K, 5% free 10587K/11143K, paused 2ms+3ms
06-10 17:08:46.680   338   338 D SAN_SERVICE: *******************************************
06-10 17:08:46.680   338   338 D SAN_SERVICE: DM App Phone Service State - 0
06-10 17:08:46.680   338   338 D SAN_SERVICE: *******************************************
06-10 17:08:48.418    72    96 D VoldCmdListener: volume mount /mnt/sdcard
06-10 17:08:48.422    72    96 I Vold    : /dev/block/vold/179:3 being considered for volume sdcard
06-10 17:08:48.422    72    96 D Vold    : Volume sdcard state changing 1 (Idle-Unmounted) -> 3 (Checking)
06-10 17:08:48.430   140   207 D MountService: volume state changed for /mnt/sdcard (unmounted -> checking)
06-10 17:08:48.441   219   310 I StorageNotification: Media {/mnt/sdcard} state changed from {unmounted} -> {checking}
06-10 17:08:48.480   140   207 D MountService: sendStorageIntent Intent { act=android.intent.action.MEDIA_CHECKING dat=file:///mnt/sdcard (has extras) }
06-10 17:08:48.492   140   156 V WiredAccessoryObserver: init()
06-10 17:08:48.519   140   156 W WiredAccessoryObserver: This kernel does not have wired headset support
06-10 17:08:48.523   140   156 W WiredAccessoryObserver: This kernel does not have wired headset support
06-10 17:08:48.687    72    96 I /system/bin/fsck_msdos: ** /dev/block/vold/179:3
06-10 17:08:48.703    72    96 I /system/bin/fsck_msdos: ** Phase 1 - Read FAT (compare skipped)
06-10 17:08:48.719    72    96 I /system/bin/fsck_msdos: Attempting to allocate 13624 KB for FAT
06-10 17:08:48.848   219   221 D dalvikvm: GC_CONCURRENT freed 5445K, 37% free 9721K/15303K, paused 2ms+4ms
06-10 17:08:48.894   140   578 I RecoverySystem: Deleted: /cache/recovery/log
06-10 17:08:48.902   140   156 I ActivityManager: Start proc com.android.providers.calendar for broadcast com.android.providers.calendar/.CalendarReceiver: pid=580 uid=10006 gids={3003, 1015}
06-10 17:08:48.941   140   578 I BootReceiver: Copying /proc/last_kmsg to DropBox (SYSTEM_LAST_KMSG)
06-10 17:08:49.152   580   580 I ActivityThread: Pub com.android.calendar: com.android.providers.calendar.CalendarProvider2
06-10 17:08:49.512   140   198 D ConnectivityService: ConnectivityChange for WIMAX: DISCONNECTED/SCANNING
06-10 17:08:49.512   140   198 D ConnectivityService: Attempting to switch to mobile
06-10 17:08:49.512   140   198 D ConnectivityService: Attempting to switch to wifi
06-10 17:08:49.516   140   198 D ConnectivityService: Attempting to switch to BLUETOOTH_TETHER
06-10 17:08:49.570   140   193 W NetworkStats: dropping UID delta from unknown iface: iface=wlan0 uid=0 set=DEFAULT tag=0x0 rxBytes=0 rxPackets=0 txBytes=384 txPackets=6 operations=0
06-10 17:08:49.644   140   302 I ActivityManager: Start proc com.android.deskclock for broadcast com.android.deskclock/.AlarmInitReceiver: pid=601 uid=10011 gids={}
06-10 17:08:49.707   601   601 I ActivityThread: Pub com.android.deskclock: com.android.deskclock.AlarmProvider
06-10 17:08:49.719   140   142 D dalvikvm: GC_CONCURRENT freed 1204K, 9% free 13924K/15239K, paused 2ms+8ms
06-10 17:08:49.809   140   152 I ActivityManager: Start proc com.android.email for broadcast com.android.email/.service.EmailBroadcastReceiver: pid=618 uid=10013 gids={3003, 1015}
06-10 17:08:49.820   601   613 V AlarmClock: AlarmInitReceiver finished
06-10 17:08:49.891   618   618 I ActivityThread: Pub com.android.email.provider;com.android.email.notifier: com.android.email.provider.EmailProvider
06-10 17:08:49.902   285   285 I wpa_supplicant: wlan0: Authentication with 00:86:11:15:d0:e1 timed out.
06-10 17:08:49.914   618   618 I ActivityThread: Pub com.android.email.attachmentprovider: com.android.email.provider.AttachmentProvider
06-10 17:08:50.059   140   302 I ActivityManager: Start proc com.android.exchange for service com.android.exchange/.ExchangeService: pid=633 uid=10014 gids={3003, 1015}
06-10 17:08:50.133   633   633 I ActivityThread: Pub com.android.exchange.directory.provider: com.android.exchange.provider.ExchangeDirectoryProvider
06-10 17:08:50.180   633   633 D ExchangeService: !!! EAS ExchangeService, onStartCommand, startingUp = false, running = false
06-10 17:08:50.180   140   152 I ActivityManager: Start proc com.google.android.apps.genie.geniewidget for broadcast com.google.android.apps.genie.geniewidget/.miniwidget.MiniWidgetProvider: pid=649 uid=10018 gids={3003, 1015}
06-10 17:08:50.191   649   649 I dalvikvm: Turning on JNI app bug workarounds for target SDK version 11...
06-10 17:08:50.234   649   649 I ActivityThread: Pub com.google.android.apps.genie.geniewidget.weather: com.google.android.apps.genie.geniewidget.providers.WeatherProvider
06-10 17:08:50.234   633   645 D Eas Debug: Logging: 
06-10 17:08:50.242   649   649 I ActivityThread: Pub com.google.android.apps.genie.geniewidget.newsimage: com.google.android.apps.genie.geniewidget.providers.NewsImageProvider
06-10 17:08:50.312   649   651 D dalvikvm: GC_CONCURRENT freed 354K, 5% free 9182K/9607K, paused 3ms+2ms
06-10 17:08:50.320   649   658 W CursorWrapperInner: Cursor finalized without prior close()
06-10 17:08:50.332   649   649 W Genie   : Cache file not found: java.io.FileNotFoundException: /data/data/com.google.android.apps.genie.geniewidget/cache/genie_iconcache: open failed: ENOENT (No such file or directory)
06-10 17:08:50.332   649   658 W CursorWrapperInner: Cursor finalized without prior close()
06-10 17:08:50.398   649   651 D dalvikvm: GC_CONCURRENT freed 385K, 5% free 9331K/9799K, paused 2ms+3ms
06-10 17:08:50.426   140   152 I ActivityManager: Start proc com.google.android.gm for broadcast com.google.android.gm/.MailIntentReceiver: pid=673 uid=10019 gids={3003, 1015}
06-10 17:08:50.449    79    79 D dalvikvm: GC_EXPLICIT freed 37K, 4% free 9031K/9347K, paused 2ms+3ms
06-10 17:08:50.484    79    79 D dalvikvm: GC_EXPLICIT freed <1K, 4% free 9031K/9347K, paused 2ms+2ms
06-10 17:08:50.504    79    79 D dalvikvm: GC_EXPLICIT freed <1K, 4% free 9031K/9347K, paused 2ms+2ms
06-10 17:08:50.586   633   633 D ExchangeService: !!! EAS ExchangeService, onStartCommand, startingUp = true, running = false
06-10 17:08:50.590   633   645 D Eas Debug: Logging: 
06-10 17:08:50.594   633   656 D ExchangeService: Received deviceId from Email app: androidc160480999
06-10 17:08:50.594   633   656 D ExchangeService: Reconciling accounts...
06-10 17:08:50.601   673   673 I ActivityThread: Pub gmail-ls: com.google.android.gm.provider.MailProvider
06-10 17:08:50.621   673   673 I ActivityThread: Pub com.google.android.gm: com.google.android.gm.provider.PublicContentProvider
06-10 17:08:50.629   673   673 I ActivityThread: Pub com.google.android.gmail.SuggestionProvider: com.google.android.gm.SuggestionsProvider
06-10 17:08:50.766   304   307 D dalvikvm: GC_CONCURRENT freed 681K, 8% free 9533K/10311K, paused 2ms+3ms
06-10 17:08:50.910   488   489 D dalvikvm: GC_CONCURRENT freed 394K, 6% free 9117K/9607K, paused 2ms+2ms
06-10 17:08:50.945   580   580 I CalendarProvider2: Sending notification intent: Intent { act=android.intent.action.PROVIDER_CHANGED dat=content://com.android.calendar }
06-10 17:08:50.945   580   580 W ContentResolver: Failed to get type for: content://com.android.calendar (Unknown URL content://com.android.calendar)
06-10 17:08:51.023   140   461 D dalvikvm: GC_EXPLICIT freed 464K, 9% free 14016K/15239K, paused 9ms+7ms
06-10 17:08:51.105   304   705 D dalvikvm: GC_FOR_ALLOC freed 64K, 8% free 9567K/10311K, paused 19ms
06-10 17:08:51.105   304   705 I dalvikvm-heap: Grow heap (frag case) to 9.423MB for 16400-byte allocation
06-10 17:08:51.129   304   705 D dalvikvm: GC_FOR_ALLOC freed 6K, 8% free 9576K/10375K, paused 23ms
06-10 17:08:51.254   488   488 I RlzPingService: Setting next ping for 1339967331252
06-10 17:08:51.363   140   469 D dalvikvm: GC_FOR_ALLOC freed 200K, 8% free 14061K/15239K, paused 57ms
06-10 17:08:51.473   285   285 I wpa_supplicant: wlan0: Trying to associate with 00:86:11:15:d0:e1 (SSID='konoha' freq=2437 MHz)
06-10 17:08:51.523   338   338 D SAN_SERVICE: *******************************************
06-10 17:08:51.523   338   338 D SAN_SERVICE: DM App Phone Service State - 0
06-10 17:08:51.523   338   338 D SAN_SERVICE: *******************************************
06-10 17:08:51.531   304   542 D WifiLocator: Too many no-location APs. Will not compute a location nor go to the server. hasLocation=0 noLocation=0 cacheMiss=0
06-10 17:08:51.562   304   717 D dalvikvm: GC_FOR_ALLOC freed 273K, 8% free 9585K/10375K, paused 20ms
06-10 17:08:51.586   285   285 I wpa_supplicant: wlan0: Associated with 00:86:11:15:d0:e1
06-10 17:08:51.633   140   302 I ActivityManager: Start proc com.android.mms for broadcast com.android.mms/.transaction.MmsSystemEventReceiver: pid=722 uid=10032 gids={3003, 1015}
06-10 17:08:51.656   285   285 I wpa_supplicant: wlan0: WPA: Key negotiation completed with 00:86:11:15:d0:e1 [PTK=CCMP GTK=CCMP]
06-10 17:08:51.656   285   285 I wpa_supplicant: wlan0: CTRL-EVENT-CONNECTED - Connection to 00:86:11:15:d0:e1 completed (auth) [id=0 id_str=]
06-10 17:08:51.711   304   719 I SystemUpdateService: checking for post-install intent
06-10 17:08:51.711   304   719 I SystemUpdateService: cancelUpdate (empty URL)
06-10 17:08:51.723   722   722 I ActivityThread: Pub mms_temp_file: com.android.mms.TempFileProvider
06-10 17:08:51.723   722   722 I ActivityThread: Pub com.android.mms.SuggestionsProvider: com.android.mms.SuggestionsProvider
06-10 17:08:51.738   673   675 D dalvikvm: GC_CONCURRENT freed 278K, 5% free 9212K/9607K, paused 3ms+13ms
06-10 17:08:51.789   722   722 V MmsConfig: mnc/mcc: 310120
06-10 17:08:51.789   140   462 D CountryDetector: The first listener is added
06-10 17:08:51.793   722   722 V MmsConfig: tag: bool value: enabledMMS - true
06-10 17:08:51.793   722   722 V MmsConfig: tag: int value: maxMessageSize - 307200
06-10 17:08:51.793   722   722 V MmsConfig: tag: int value: maxImageHeight - 480
06-10 17:08:51.793   722   722 V MmsConfig: tag: int value: maxImageWidth - 640
06-10 17:08:51.793   722   722 V MmsConfig: tag: int value: defaultSMSMessagesPerThread - 500
06-10 17:08:51.793   722   722 V MmsConfig: tag: int value: defaultMMSMessagesPerThread - 50
06-10 17:08:51.793   722   722 V MmsConfig: tag: int value: minMessageCountPerThread - 10
06-10 17:08:51.793   722   722 V MmsConfig: tag: int value: maxMessageCountPerThread - 5000
