06-13 13:35:01.039  9633  9651 I GeckoApp: Got message: Tab:ViewportMetadata
06-13 13:35:01.070  9633  9651 E GeckoConsole: [JavaScript Warning: "Unknown property '-moz-border-radius'.  Declaration dropped." {file: "http://www.post-gazette.com/templates/mobile/style_00009.css" line: 8}]
06-13 13:35:01.074  9633  9651 E GeckoConsole: [JavaScript Warning: "Unknown property '-moz-border-radius-bottomleft'.  Declaration dropped." {file: "http://www.post-gazette.com/templates/mobile/style_00009.css" line: 43}]
06-13 13:35:01.074  9633  9651 E GeckoConsole: [JavaScript Warning: "Unknown property '-moz-border-radius-bottomright'.  Declaration dropped." {file: "http://www.post-gazette.com/templates/mobile/style_00009.css" line: 44}]
06-13 13:35:01.074  9633  9651 E GeckoConsole: [JavaScript Warning: "Unknown property '-moz-border-radius-topleft'.  Declaration dropped." {file: "http://www.post-gazette.com/templates/mobile/style_00009.css" line: 45}]
06-13 13:35:01.074  9633  9651 E GeckoConsole: [JavaScript Warning: "Unknown property '-moz-border-radius-topright'.  Declaration dropped." {file: "http://www.post-gazette.com/templates/mobile/style_00009.css" line: 46}]
06-13 13:35:01.437  9954  9957 D dalvikvm: GC_CONCURRENT freed 217K, 4% free 9393K/9735K, paused 2ms+7ms
06-13 13:35:01.648   142   159 I ActivityManager: Start proc com.google.android.apps.googlevoice for service com.google.android.apps.googlevoice/.UpdateService: pid=9971 uid=10056 gids={3003, 1015}
06-13 13:35:01.683  9633  9676 I Gecko   : Compositor: Composite took 81 ms.
06-13 13:35:01.820  9633  9676 I Gecko   : Compositor: Composite took 30 ms.
06-13 13:35:02.210  9971  9974 D dalvikvm: GC_CONCURRENT freed 245K, 4% free 9291K/9607K, paused 13ms+10ms
06-13 13:35:02.253  9633  9651 E GeckoConsole: [JavaScript Warning: "Unknown property '-moz-border-radius'.  Declaration dropped." {file: "http://www.post-gazette.com/stories/news/us/girlfriend-of-crime-boss-gets-8-year-prison-sentence-640174/" line: 6}]
06-13 13:35:02.253  9633  9651 E GeckoConsole: [JavaScript Warning: "Error in parsing value for 'top'.  Declaration dropped." {file: "http://www.post-gazette.com/stories/news/us/girlfriend-of-crime-boss-gets-8-year-prison-sentence-640174/" line: 8}]
06-13 13:35:02.253  9633  9651 E GeckoConsole: [JavaScript Warning: "Error in parsing value for 'right'.  Declaration dropped." {file: "http://www.post-gazette.com/stories/news/us/girlfriend-of-crime-boss-gets-8-year-prison-sentence-640174/" line: 8}]
06-13 13:35:02.257  9633  9651 E GeckoConsole: [JavaScript Warning: "Error in parsing value for 'filter'.  Declaration dropped." {file: "http://www.post-gazette.com/stories/news/us/girlfriend-of-crime-boss-gets-8-year-prison-sentence-640174/" line: 25}]
06-13 13:35:02.257  9633  9651 E GeckoConsole: [JavaScript Warning: "Error in parsing value for 'background'.  Declaration dropped." {file: "http://www.post-gazette.com/stories/news/us/girlfriend-of-crime-boss-gets-8-year-prison-sentence-640174/" line: 46}]
06-13 13:35:02.261  9633  9651 E GeckoConsole: [JavaScript Warning: "Error in parsing value for 'background'.  Declaration dropped." {file: "http://www.post-gazette.com/stories/news/us/girlfriend-of-crime-boss-gets-8-year-prison-sentence-640174/" line: 53}]
06-13 13:35:02.261  9633  9651 E GeckoConsole: [JavaScript Warning: "Error in parsing value for 'display'.  Declaration dropped." {file: "http://www.post-gazette.com/stories/news/us/girlfriend-of-crime-boss-gets-8-year-prison-sentence-640174/" line: 63}]
06-13 13:35:02.261  9633  9651 E GeckoConsole: [JavaScript Warning: "Unknown property 'zoom'.  Declaration dropped." {file: "http://www.post-gazette.com/stories/news/us/girlfriend-of-crime-boss-gets-8-year-prison-sentence-640174/" line: 70}]
06-13 13:35:02.273  9633  9651 E GeckoConsole: [JavaScript Warning: "Error in parsing value for 'top'.  Declaration dropped." {file: "http://www.post-gazette.com/stories/news/us/girlfriend-of-crime-boss-gets-8-year-prison-sentence-640174/" line: 144}]
06-13 13:35:02.273  9633  9651 E GeckoConsole: [JavaScript Warning: "Expected declaration but found '*'.  Skipped to next declaration." {file: "http://www.post-gazette.com/stories/news/us/girlfriend-of-crime-boss-gets-8-year-prison-sentence-640174/" line: 152}]
06-13 13:35:02.347   142   919 I ActivityManager: Process com.google.process.gapps (pid 6926) has died.
06-13 13:35:02.351   142   919 W ActivityManager: Scheduling restart of crashed service com.google.android.location/.NetworkLocationService in 111425ms
06-13 13:35:02.351   142   919 W ActivityManager: Scheduling restart of crashed service com.google.android.location/.internal.server.NetworkLocationService in 121424ms
06-13 13:35:02.351   142   919 W ActivityManager: Scheduling restart of crashed service com.google.android.gsf/.gtalkservice.service.GTalkService in 131424ms
06-13 13:35:02.363  9633  9633 D GeckoPanZoomController: generating valid viewport using v=RectF(0.0, 0.0, 480.0, 690.0) p=RectF(0.0, 0.0, 1470.0, 2113.125) c=RectF(0.0, 0.0, 980.0, 1408.75) z=1.5
06-13 13:35:02.363  9633  9633 D GeckoPanZoomController: generated valid viewport as v=RectF(0.0, 0.0, 480.0, 690.0) p=RectF(0.0, 0.0, 1470.0, 2113.125) c=RectF(0.0, 0.0, 980.0, 1408.75) z=1.5
06-13 13:35:02.367  9633  9651 I GeckoApp: Got message: Tab:ViewportMetadata
06-13 13:35:02.613   142   918 I ActivityManager: Start proc com.google.process.gapps for content provider com.google.android.gsf/.settings.GoogleSettingsProvider: pid=9989 uid=10009 gids={3003, 1015, 1007, 2001, 3006}
06-13 13:35:02.777  9989  9989 I ActivityThread: Pub com.google.settings: com.google.android.gsf.settings.GoogleSettingsProvider
06-13 13:35:02.851  9989  9989 I ActivityThread: Pub subscribedfeeds: com.google.android.gsf.subscribedfeeds.SubscribedFeedsProvider
06-13 13:35:02.886  9633  9676 I GeckoAppShell: Taking whole-screen screenshot, viewport: ImmutableViewportMetrics v=(0.0,0.0,480.0,690.0) p=(0.0,0.0,1470.0,2199.0) c=(0.0,0.0,980.0,1465.75) z=1.5
06-13 13:35:02.890  9633  9633 D GeckoPanZoomController: generating valid viewport using v=RectF(0.0, 0.0, 480.0, 690.0) p=RectF(0.0, 0.0, 1470.0, 2199.0) c=RectF(0.0, 0.0, 980.0, 1465.75) z=1.5
06-13 13:35:02.890  9633  9633 D GeckoPanZoomController: generated valid viewport as v=RectF(0.0, 0.0, 480.0, 690.0) p=RectF(0.0, 0.0, 1470.0, 2199.0) c=RectF(0.0, 0.0, 980.0, 1465.75) z=1.5
06-13 13:35:02.921  9989  9989 I ActivityThread: Pub com.google.contacts.gal.provider: com.google.android.syncadapters.contacts.GalProvider
06-13 13:35:02.972  9989  9989 I ActivityThread: Pub com.google.android.gsf.gservices: com.google.android.gsf.gservices.GservicesProvider
06-13 13:35:02.976  9989  9989 I GservicesProvider: Gservices pushing to system: true; secure: true
06-13 13:35:02.976  9989  9989 I ActivityThread: Pub com.google.android.providers.talk: com.google.android.gsf.talk.TalkProvider
06-13 13:35:03.183  9633  9649 D dalvikvm: GC_FOR_ALLOC freed 2354K, 28% free 11115K/15303K, paused 108ms
06-13 13:35:03.191  9633  9649 I dalvikvm-heap: Grow heap (frag case) to 12.922MB for 2097168-byte allocation
06-13 13:35:03.230  9989  9991 D dalvikvm: GC_CONCURRENT freed 340K, 5% free 9194K/9607K, paused 66ms+28ms
06-13 13:35:03.265   142   421 D SyncManager: setSyncAutomatically: , provider subscribedfeeds -> true
06-13 13:35:03.269   142   421 D SyncManager: setSyncAutomatically: already set to true, doing nothing
06-13 13:35:03.293  9633  9633 D dalvikvm: GC_FOR_ALLOC freed 186K, 16% free 12976K/15303K, paused 87ms
06-13 13:35:03.324   142   422 D AlarmManagerService: Kernel timezone updated to 240 minutes west of GMT
06-13 13:35:03.328  9633  9676 I Gecko   : Compositor: Composite took 453 ms.
06-13 13:35:03.375  9633  9676 I Gecko   : Compositor: Composite took 49 ms.
06-13 13:35:03.476  9633  9634 D dalvikvm: GC_CONCURRENT freed 3K, 16% free 12978K/15303K, paused 2ms+20ms
06-13 13:35:03.523  9633  9676 I Gecko   : Compositor: Composite took 131 ms.
06-13 13:35:03.668  9633  9676 I Gecko   : Compositor: Composite took 30 ms.
06-13 13:35:03.722  9971  9974 D dalvikvm: GC_CONCURRENT freed 451K, 6% free 9404K/9927K, paused 2ms+2ms
06-13 13:35:03.722  9971  9980 W CursorWrapperInner: Cursor finalized without prior close()
06-13 13:35:03.722  9971  9980 W CursorWrapperInner: Cursor finalized without prior close()
06-13 13:35:03.722  9971  9980 W CursorWrapperInner: Cursor finalized without prior close()
06-13 13:35:03.863  9633  9676 I Gecko   : Compositor: Composite took 35 ms.
06-13 13:35:03.957   142   366 D CountryDetector: The first listener is added
06-13 13:35:04.632  9633  9676 I Gecko   : Compositor: Composite took 32 ms.
06-13 13:35:04.820  9633  9633 D GeckoPanZoomController: generating valid viewport using v=RectF(0.0, 200.0, 480.0, 890.0) p=RectF(0.0, 0.0, 1470.0, 3308.625) c=RectF(0.0, 0.0, 980.0, 2205.75) z=1.5
06-13 13:35:04.820  9633  9633 D GeckoPanZoomController: generated valid viewport as v=RectF(0.0, 200.0, 480.0, 890.0) p=RectF(0.0, 0.0, 1470.0, 3308.625) c=RectF(0.0, 0.0, 980.0, 2205.75) z=1.5
06-13 13:35:04.820  9633  9633 D GeckoPanZoomController: Finishing animation at ImmutableViewportMetrics v=(0.0,200.0,480.0,890.0) p=(0.0,0.0,1470.0,3308.625) c=(0.0,0.0,980.0,2205.75) z=1.5
06-13 13:35:04.882  9633  9633 D GeckoPanZoomController: generating valid viewport using v=RectF(0.0, 200.0, 480.0, 890.0) p=RectF(0.0, 0.0, 1470.0, 3309.0) c=RectF(0.0, 0.0, 980.0, 2205.75) z=1.5
06-13 13:35:04.882  9633  9633 D GeckoPanZoomController: generated valid viewport as v=RectF(0.0, 200.0, 480.0, 890.0) p=RectF(0.0, 0.0, 1470.0, 3309.0) c=RectF(0.0, 0.0, 980.0, 2205.75) z=1.5
06-13 13:35:04.945  9633  9676 I Gecko   : Compositor: Composite took 65 ms.
06-13 13:35:04.960  9633  9651 I GeckoApp: Got message: DOMContentLoaded
06-13 13:35:05.476  9633  9676 I Gecko   : Compositor: Composite took 30 ms.
06-13 13:35:05.554  9633  9676 I Gecko   : Compositor: Composite took 76 ms.
06-13 13:35:05.589  9633  9676 I Gecko   : Compositor: Composite took 35 ms.
06-13 13:35:05.636  9633  9676 I Gecko   : Compositor: Composite took 31 ms.
06-13 13:35:05.757  9633  9651 E GeckoConsole: Received message of type object from https://s-static.ak.facebook.com, expected a string
06-13 13:35:05.976  9633  9676 I Gecko   : Compositor: Composite took 120 ms.
06-13 13:35:05.984  9633  9651 E GeckoConsole: [JavaScript Warning: "Unknown property 'user-select'.  Declaration dropped." {file: "http://platform.twitter.com/widgets/tweet_button.1338995330.html#_=1339608905218&count=horizontal&id=twitter-widget-0&lang=en&original_referer=http%3A%2F%2Fwww.post-gazette.com%2Fstories%2Fnews%2Fus%2Fgirlfriend-of-crime-boss-gets-8-year-prison-sentence-640174%2F&size=m&text=Girlfriend%20of%20Crime%20Boss%20Gets%208-Year%20Prison%20Sentence%20-%20Pittsburgh%20Post-Gazette&url=http%253A%252F%252Fpost-gazette.com%252Fstories%252Fnews%252Fus%252Fgirlfriend-of-crime-boss-gets-8-year-prison-sentence-640174%252F&via=pittsburghpg" line: 1}]
06-13 13:35:05.984  9633  9651 E GeckoConsole: [JavaScript Warning: "Unknown property 'zoom'.  Declaration dropped." {file: "http://platform.twitter.com/widgets/tweet_button.1338995330.html#_=1339608905218&count=horizontal&id=twitter-widget-0&lang=en&original_referer=http%3A%2F%2Fwww.post-gazette.com%2Fstories%2Fnews%2Fus%2Fgirlfriend-of-crime-boss-gets-8-year-prison-sentence-640174%2F&size=m&text=Girlfriend%20of%20Crime%20Boss%20Gets%208-Year%20Prison%20Sentence%20-%20Pittsburgh%20Post-Gazette&url=http%253A%252F%252Fpost-gazette.com%252Fstories%252Fnews%252Fus%252Fgirlfriend-of-crime-boss-gets-8-year-prison-sentence-640174%252F&via=pittsburghpg" line: 1}]
06-13 13:35:05.984  9633  9651 E GeckoConsole: [JavaScript Warning: "Expected declaration but found '*'.  Skipped to next declaration." {file: "http://platform.twitter.com/widgets/tweet_button.1338995330.html#_=1339608905218&count=horizontal&id=twitter-widget-0&lang=en&original_referer=http%3A%2F%2Fwww.post-gazette.com%2Fstories%2Fnews%2Fus%2Fgirlfriend-of-crime-boss-gets-8-year-prison-sentence-640174%2F&size=m&text=Girlfriend%20of%20Crime%20Boss%20Gets%208-Year%20Prison%20Sentence%20-%20Pittsburgh%20Post-Gazette&url=http%253A%252F%252Fpost-gazette.com%252Fstories%252Fnews%252Fus%252Fgirlfriend-of-crime-boss-gets-8-year-prison-sentence-640174%252F&via=pittsburghpg" line: 1}]
06-13 13:35:05.988  9633  9651 E GeckoConsole: [JavaScript Warning: "Error in parsing value for 'background-image'.  Declaration dropped." {file: "http://platform.twitter.com/widgets/tweet_button.1338995330.html#_=1339608905218&count=horizontal&id=twitter-widget-0&lang=en&original_referer=http%3A%2F%2Fwww.post-gazette.com%2Fstories%2Fnews%2Fus%2Fgirlfriend-of-crime-boss-gets-8-year-prison-sentence-640174%2F&size=m&text=Girlfriend%20of%20Crime%20Boss%20Gets%208-Year%20Prison%20Sentence%20-%20Pittsburgh%20Post-Gazette&url=http%253A%252F%252Fpost-gazette.com%252Fstories%252Fnews%252Fus%252Fgirlfriend-of-crime-boss-gets-8-year-prison-sentence-640174%252F&via=pittsburghpg" line: 1}]
06-13 13:35:05.988  9633  9651 E GeckoConsole: [JavaScript Warning: "Error in parsing value for 'background-image'.  Declaration dropped." {file: "http://platform.twitter.com/widgets/tweet_button.1338995330.html#_=1339608905218&count=horizontal&id=twitter-widget-0&lang=en&original_referer=http%3A%2F%2Fwww.post-gazette.com%2Fstories%2Fnews%2Fus%2Fgirlfriend-of-crime-boss-gets-8-year-prison-sentence-640174%2F&size=m&text=Girlfriend%20of%20Crime%20Boss%20Gets%208-Year%20Prison%20Sentence%20-%20Pittsburgh%20Post-Gazette&url=http%253A%252F%252Fpost-gazette.com%252Fstories%252Fnews%252Fus%252Fgirlfriend-of-crime-boss-gets-8-year-prison-sentence-640174%252F&via=pittsburghpg" line: 1}]
06-13 13:35:05.988  9633  9651 E GeckoConsole: [JavaScript Warning: "Error in parsing value for 'background-image'.  Declaration dropped." {file: "http://platform.twitter.com/widgets/tweet_button.1338995330.html#_=1339608905218&count=horizontal&id=twitter-widget-0&lang=en&original_referer=http%3A%2F%2Fwww.post-gazette.com%2Fstories%2Fnews%2Fus%2Fgirlfriend-of-crime-boss-gets-8-year-prison-sentence-640174%2F&size=m&text=Girlfriend%20of%20Crime%20Boss%20Gets%208-Year%20Prison%20Sentence%20-%20Pittsburgh%20Post-Gazette&url=http%253A%252F%252Fpost-gazette.com%252Fstories%252Fnews%252Fus%252Fgirlfriend-of-crime-boss-gets-8-year-prison-sentence-640174%252F&via=pittsburghpg" line: 1}]
06-13 13:35:05.988  9633  9651 E GeckoConsole: [JavaScript Warning: "Error in parsing value for 'background-image'.  Declaration dropped." {file: "http://platform.twitter.com/widgets/tweet_button.1338995330.html#_=1339608905218&count=horizontal&id=twitter-widget-0&lang=en&original_referer=http%3A%2F%2Fwww.post-gazette.com%2Fstories%2Fnews%2Fus%2Fgirlfriend-of-crime-boss-gets-8-year-prison-sentence-640174%2F&size=m&text=Girlfriend%20of%20Crime%20Boss%20Gets%208-Year%20Prison%20Sentence%20-%20Pittsburgh%20Post-Gazette&url=http%253A%252F%252Fpost-gazette.com%252Fstories%252Fnews%252Fus%252Fgirlfriend-of-crime-boss-gets-8-year-prison-sentence-640174%252F&via=pittsburghpg" line: 1}]
06-13 13:35:05.988  9633  9651 E GeckoConsole: [JavaScript Warning: "Unknown property '-moz-border-radius'.  Declaration dropped." {file: "http://platform.twitter.com/widgets/tweet_button.1338995330.html#_=1339608905218&count=horizontal&id=twitter-widget-0&lang=en&original_referer=http%3A%2F%2Fwww.post-gazette.com%2Fstories%2Fnews%2Fus%2Fgirlfriend-of-crime-boss-gets-8-year-prison-sentence-640174%2F&size=m&text=Girlfriend%20of%20Crime%20Boss%20Gets%208-Year%20Prison%20Sentence%20-%20Pittsburgh%20Post-Gazette&url=http%253A%252F%252Fpost-gazette.com%252Fstories%252Fnews%252Fus%252Fgirlfriend-of-crime-boss-gets-8-year-prison-sentence-640174%252F&via=pittsburghpg" line: 1}]
06-13 13:35:05.988  9633  9651 E GeckoConsole: [JavaScript Warning: "Unknown property 'user-select'.  Declaration dropped." {file: "http://platform.twitter.com/widgets/tweet_button.1338995330.html#_=1339608905218&count=horizontal&id=twitter-widget-0&lang=en&original_referer=http%3A%2F%2Fwww.post-gazette.com%2Fstories%2Fnews%2Fus%2Fgirlfriend-of-crime-boss-gets-8-year-prison-sentence-640174%2F&size=m&text=Girlfriend%20of%20Crime%20Boss%20Gets%208-Year%20Prison%20Sentence%20-%20Pittsburgh%20Post-Gazette&url=http%253A%252F%252Fpost-gazette.com%252Fstories%252Fnews%252Fus%252Fgirlfriend-of-crime-boss-gets-8-year-prison-sentence-640174%252F&via=pittsburghpg" line: 1}]
06-13 13:35:05.996  9633  9651 E GeckoConsole: [JavaScript Warning: "Error in parsing value for 'background-image'.  Declaration dropped." {file: "http://platform.twitter.com/widgets/tweet_button.1338995330.html#_=1339608905218&count=horizontal&id=twitter-widget-0&lang=en&original_referer=http%3A%2F%2Fwww.post-gazette.com%2Fstories%2Fnews%2Fus%2Fgirlfriend-of-crime-boss-gets-8-year-prison-sentence-640174%2F&size=m&text=Girlfriend%20of%20Crime%20Boss%20Gets%208-Year%20Prison%20Sentence%20-%20Pittsburgh%20Post-Gazette&url=http%253A%252F%252Fpost-gazette.com%252Fstories%252Fnews%252Fus%252Fgirlfriend-of-crime-boss-gets-8-year-prison-sentence-640174%252F&via=pittsburghpg" line: 1}]
06-13 13:35:05.996  9633  9651 E GeckoConsole: [JavaScript Warning: "Error in parsing value for 'background-image'.  Declaration dropped." {file: "http://platform.twitter.com/widgets/tweet_button.1338995330.html#_=1339608905218&count=horizontal&id=twitter-widget-0&lang=en&original_referer=http%3A%2F%2Fwww.post-gazette.com%2Fstories%2Fnews%2Fus%2Fgirlfriend-of-crime-boss-gets-8-year-prison-sentence-640174%2F&size=m&text=Girlfriend%20of%20Crime%20Boss%20Gets%208-Year%20Prison%20Sentence%20-%20Pittsburgh%20Post-Gazette&url=http%253A%252F%252Fpost-gazette.com%252Fstories%252Fnews%252Fus%252Fgirlfriend-of-crime-boss-gets-8-year-prison-sentence-640174%252F&via=pittsburghpg" line: 1}]
06-13 13:35:06.011  9633  9651 E GeckoConsole: [JavaScript Warning: "Error in parsing value for 'background-image'.  Declaration dropped." {file: "http://platform.twitter.com/widgets/tweet_button.1338995330.html#_=1339608905218&count=horizontal&id=twitter-widget-0&lang=en&original_referer=http%3A%2F%2Fwww.post-gazette.com%2Fstories%2Fnews%2Fus%2Fgirlfriend-of-crime-boss-gets-8-year-prison-sentence-640174%2F&size=m&text=Girlfriend%20of%20Crime%20Boss%20Gets%208-Year%20Prison%20Sentence%20-%20Pittsburgh%20Post-Gazette&url=http%253A%252F%252Fpost-gazette.com%252Fstories%252Fnews%252Fus%252Fgirlfriend-of-crime-boss-gets-8-year-prison-sentence-640174%252F&via=pittsburghpg" line: 1}]
06-13 13:35:06.011  9633  9651 E GeckoConsole: [JavaScript Warning: "Error in parsing value for 'background-image'.  Declaration dropped." {file: "http://platform.twitter.com/widgets/tweet_button.1338995330.html#_=1339608905218&count=horizontal&id=twitter-widget-0&lang=en&original_referer=http%3A%2F%2Fwww.post-gazette.com%2Fstories%2Fnews%2Fus%2Fgirlfriend-of-crime-boss-gets-8-year-prison-sentence-640174%2F&size=m&text=Girlfriend%20of%20Crime%20Boss%20Gets%208-Year%20Prison%20Sentence%20-%20Pittsburgh%20Post-Gazette&url=http%253A%252F%252Fpost-gazette.com%252Fstories%252Fnews%252Fus%252Fgirlfriend-of-crime-boss-gets-8-year-prison-sentence-640174%252F&via=pittsburghpg" line: 1}]
06-13 13:35:06.011  9633  9651 E GeckoConsole: [JavaScript Warning: "Unknown property '-moz-box-shadow'.  Declaration dropped." {file: "http://platform.twitter.com/widgets/tweet_button.1338995330.html#_=1339608905218&count=horizontal&id=twitter-widget-0&lang=en&original_referer=http%3A%2F%2Fwww.post-gazette.com%2Fstories%2Fnews%2Fus%2Fgirlfriend-of-crime-boss-gets-8-year-prison-sentence-640174%2F&size=m&text=Girlfriend%20of%20Crime%20Boss%20Gets%208-Year%20Prison%20Sentence%20-%20Pittsburgh%20Post-Gazette&url=http%253A%252F%252Fpost-gazette.com%252Fstories%252Fnews%252Fus%252Fgirlfriend-of-crime-boss-gets-8-year-prison-sentence-640174%252F&via=pittsburghpg" line: 1}]
06-13 13:35:06.011  9633  9651 E GeckoConsole: [JavaScript Warning: "Unknown property '-moz-box-shadow'.  Declaration dropped." {file: "http://platform.twitter.com/widgets/tweet_button.1338995330.html#_=1339608905218&count=horizontal&id=twitter-widget-0&lang=en&original_referer=http%3A%2F%2Fwww.post-gazette.com%2Fstories%2Fnews%2Fus%2Fgirlfriend-of-crime-boss-gets-8-year-prison-sentence-640174%2F&size=m&text=Girlfriend%20of%20Crime%20Boss%20Gets%208-Year%20Prison%20Sentence%20-%20Pittsburgh%20Post-Gazette&url=http%253A%252F%252Fpost-gazette.com%252Fstories%252Fnews%252Fus%252Fgirlfriend-of-crime-boss-gets-8-year-prison-sentence-640174%252F&via=pittsburghpg" line: 1}]
06-13 13:35:06.011  9633  9651 E GeckoConsole: [JavaScript Warning: "Unknown property '-moz-box-shadow'.  Declaration dropped." {file: "http://platform.twitter.com/widgets/tweet_button.1338995330.html#_=1339608905218&count=horizontal&id=twitter-widget-0&lang=en&original_referer=http%3A%2F%2Fwww.post-gazette.com%2Fstories%2Fnews%2Fus%2Fgirlfriend-of-crime-boss-gets-8-year-prison-sentence-640174%2F&size=m&text=Girlfriend%20of%20Crime%20Boss%20Gets%208-Year%20Prison%20Sentence%20-%20Pittsburgh%20Post-Gazette&url=http%253A%252F%252Fpost-gazette.com%252Fstories%252Fnews%252Fus%252Fgirlfriend-of-crime-boss-gets-8-year-prison-sentence-640174%252F&via=pittsburghpg" line: 1}]
06-13 13:35:06.011  9633  9676 I Gecko   : Compositor: Composite took 38 ms.
06-13 13:35:06.019  9633  9651 E GeckoConsole: [JavaScript Warning: "Expected declaration but found '*'.  Skipped to next declaration." {file: "http://platform.twitter.com/widgets/tweet_button.1338995330.html#_=1339608905218&count=horizontal&id=twitter-widget-0&lang=en&original_referer=http%3A%2F%2Fwww.post-gazette.com%2Fstories%2Fnews%2Fus%2Fgirlfriend-of-crime-boss-gets-8-year-prison-sentence-640174%2F&size=m&text=Girlfriend%20of%20Crime%20Boss%20Gets%208-Year%20Prison%20Sentence%20-%20Pittsburgh%20Post-Gazette&url=http%253A%252F%252Fpost-gazette.com%252Fstories%252Fnews%252Fus%252Fgirlfriend-of-crime-boss-gets-8-year-prison-sentence-640174%252F&via=pittsburghpg" line: 1}]
06-13 13:35:06.019  9633  9651 E GeckoConsole: [JavaScript Warning: "Unknown property '-moz-border-radius'.  Declaration dropped." {file: "http://platform.twitter.com/widgets/tweet_button.1338995330.html#_=1339608905218&count=horizontal&id=twitter-widget-0&lang=en&original_referer=http%3A%2F%2Fwww.post-gazette.com%2Fstories%2Fnews%2Fus%2Fgirlfriend-of-crime-boss-gets-8-year-prison-sentence-640174%2F&size=m&text=Girlfriend%20of%20Crime%20Boss%20Gets%208-Year%20Prison%20Sentence%20-%20Pittsburgh%20Post-Gazette&url=http%253A%252F%252Fpost-gazette.com%252Fstories%252Fnews%252Fus%252Fgirlfriend-of-crime-boss-gets-8-year-prison-sentence-640174%252F&via=pittsburghpg" line: 1}]
06-13 13:35:06.019  9633  9651 E GeckoConsole: [JavaScript Warning: "Expected media feature name but found '-webkit-min-device-pixel-ratio'." {file: "http://platform.twitter.com/widgets/tweet_button.1338995330.html#_=1339608905218&count=horizontal&id=twitter-widget-0&lang=en&original_referer=http%3A%2F%2Fwww.post-gazette.com%2Fstories%2Fnews%2Fus%2Fgirlfriend-of-crime-boss-gets-8-year-prison-sentence-640174%2F&size=m&text=Girlfriend%20of%20Crime%20Boss%20Gets%208-Year%20Prison%20Sentence%20-%20Pittsburgh%20Post-Gazette&url=http%253A%252F%252Fpost-gazette.com%252Fstories%252Fnews%252Fus%252Fgirlfriend-of-crime-boss-gets-8-year-prison-sentence-640174%252F&via=pittsburghpg" line: 1}]
06-13 13:35:06.027  9633  9651 E GeckoConsole: [JavaScript Warning: "Unknown property '-moz-border-radius'.  Declaration dropped." {file: "http://platform.twitter.com/widgets/tweet_button.1338995330.html#_=1339608905218&count=horizontal&id=twitter-widget-0&lang=en&original_referer=http%3A%2F%2Fwww.post-gazette.com%2Fstories%2Fnews%2Fus%2Fgirlfriend-of-crime-boss-gets-8-year-prison-sentence-640174%2F&size=m&text=Girlfriend%20of%20Crime%20Boss%20Gets%208-Year%20Prison%20Sentence%20-%20Pittsburgh%20Post-Gazette&url=http%253A%252F%252Fpost-gazette.com%252Fstories%252Fnews%252Fus%252Fgirlfriend-of-crime-boss-gets-8-year-prison-sentence-640174%252F&via=pittsburghpg" line: 1}]
06-13 13:35:06.027  9633  9651 E GeckoConsole: [JavaScript Warning: "Unknown property 'zoom'.  Declaration dropped." {file: "http://platform.twitter.com/widgets/tweet_button.1338995330.html#_=1339608905218&count=horizontal&id=twitter-widget-0&lang=en&original_referer=http%3A%2F%2Fwww.post-gazette.com%2Fstories%2Fnews%2Fus%2Fgirlfriend-of-crime-boss-gets-8-year-prison-sentence-640174%2F&size=m&text=Girlfriend%20of%20Crime%20Boss%20Gets%208-Year%20Prison%20Sentence%20-%20Pittsburgh%20Post-Gazette&url=http%253A%252F%252Fpost-gazette.com%252Fstories%252Fnews%252Fus%252Fgirlfriend-of-crime-boss-gets-8-year-prison-sentence-640174%252F&via=pittsburghpg" line: 1}]
06-13 13:35:06.027  9633  9651 E GeckoConsole: [JavaScript Warning: "Unknown property '-moz-border-radius'.  Declaration dropped." {file: "http://platform.twitter.com/widgets/tweet_button.1338995330.html#_=1339608905218&count=horizontal&id=twitter-widget-0&lang=en&original_referer=http%3A%2F%2Fwww.post-gazette.com%2Fstories%2Fnews%2Fus%2Fgirlfriend-of-crime-boss-gets-8-year-prison-sentence-640174%2F&size=m&text=Girlfriend%20of%20Crime%20Boss%20Gets%208-Year%20Prison%20Sentence%20-%20Pittsburgh%20Post-Gazette&url=http%253A%252F%252Fpost-gazette.com%252Fstories%252Fnews%252Fus%252Fgirlfriend-of-crime-boss-gets-8-year-prison-sentence-640174%252F&via=pittsburghpg" line: 1}]
06-13 13:35:06.043  9633  9651 E GeckoConsole: [JavaScript Warning: "Expected declaration but found '*'.  Skipped to next declaration." {file: "http://platform.twitter.com/widgets/tweet_button.1338995330.html#_=1339608905218&count=horizontal&id=twitter-widget-0&lang=en&original_referer=http%3A%2F%2Fwww.post-gazette.com%2Fstories%2Fnews%2Fus%2Fgirlfriend-of-crime-boss-gets-8-year-prison-sentence-640174%2F&size=m&text=Girlfriend%20of%20Crime%20Boss%20Gets%208-Year%20Prison%20Sentence%20-%20Pittsburgh%20Post-Gazette&url=http%253A%252F%252Fpost-gazette.com%252Fstories%252Fnews%252Fus%252Fgirlfriend-of-crime-boss-gets-8-year-prison-sentence-640174%252F&via=pittsburghpg" line: 1}]
06-13 13:35:06.043  9633  9651 E GeckoConsole: [JavaScript Warning: "Unknown property 'box-sizing'.  Declaration dropped." {file: "http://platform.twitter.com/widgets/tweet_button.1338995330.html#_=1339608905218&count=horizontal&id=twitter-widget-0&lang=en&original_referer=http%3A%2F%2Fwww.post-gazette.com%2Fstories%2Fnews%2Fus%2Fgirlfriend-of-crime-boss-gets-8-year-prison-sentence-640174%2F&size=m&text=Girlfriend%20of%20Crime%20Boss%20Gets%208-Year%20Prison%20Sentence%20-%20Pittsburgh%20Post-Gazette&url=http%253A%252F%252Fpost-gazette.com%252Fstories%252Fnews%252Fus%252Fgirlfriend-of-crime-boss-gets-8-year-prison-sentence-640174%252F&via=pittsburghpg" line: 1}]
06-13 13:35:06.050  9633  9676 I Gecko   : Compositor: Composite took 38 ms.
06-13 13:35:06.316  9633  9651 E GeckoConsole: [JavaScript Warning: "Unknown property 'user-select'.  Declaration dropped." {file: "http://platform.twitter.com/widgets/tweet_button.1338995330.html#_=1339608905270&count=horizontal&id=twitter-widget-2&lang=en&original_referer=http%3A%2F%2Fwww.post-gazette.com%2Fstories%2Fnews%2Fus%2Fgirlfriend-of-crime-boss-gets-8-year-prison-sentence-640174%2F&size=m&text=Girlfriend%20of%20Crime%20Boss%20Gets%208-Year%20Prison%20Sentence%20-%20Pittsburgh%20Post-Gazette&url=http%253A%252F%252Fpost-gazette.com%252Fstories%252Fnews%252Fus%252Fgirlfriend-of-crime-boss-gets-8-year-prison-sentence-640174%252F&via=pittsburghpg" line: 1}]
06-13 13:35:06.316  9633  9651 E GeckoConsole: [JavaScript Warning: "Unknown property 'zoom'.  Declaration dropped." {file: "http://platform.twitter.com/widgets/tweet_button.1338995330.html#_=1339608905270&count=horizontal&id=twitter-widget-2&lang=en&original_referer=http%3A%2F%2Fwww.post-gazette.com%2Fstories%2Fnews%2Fus%2Fgirlfriend-of-crime-boss-gets-8-year-prison-sentence-640174%2F&size=m&text=Girlfriend%20of%20Crime%20Boss%20Gets%208-Year%20Prison%20Sentence%20-%20Pittsburgh%20Post-Gazette&url=http%253A%252F%252Fpost-gazette.com%252Fstories%252Fnews%252Fus%252Fgirlfriend-of-crime-boss-gets-8-year-prison-sentence-640174%252F&via=pittsburghpg" line: 1}]
06-13 13:35:06.316  9633  9651 E GeckoConsole: [JavaScript Warning: "Expected declaration but found '*'.  Skipped to next declaration." {file: "http://platform.twitter.com/widgets/tweet_button.1338995330.html#_=1339608905270&count=horizontal&id=twitter-widget-2&lang=en&original_referer=http%3A%2F%2Fwww.post-gazette.com%2Fstories%2Fnews%2Fus%2Fgirlfriend-of-crime-boss-gets-8-year-prison-sentence-640174%2F&size=m&text=Girlfriend%20of%20Crime%20Boss%20Gets%208-Year%20Prison%20Sentence%20-%20Pittsburgh%20Post-Gazette&url=http%253A%252F%252Fpost-gazette.com%252Fstories%252Fnews%252Fus%252Fgirlfriend-of-crime-boss-gets-8-year-prison-sentence-640174%252F&via=pittsburghpg" line: 1}]
06-13 13:35:06.316  9633  9651 E GeckoConsole: [JavaScript Warning: "Error in parsing value for 'background-image'.  Declaration dropped." {file: "http://platform.twitter.com/widgets/tweet_button.1338995330.html#_=1339608905270&count=horizontal&id=twitter-widget-2&lang=en&original_referer=http%3A%2F%2Fwww.post-gazette.com%2Fstories%2Fnews%2Fus%2Fgirlfriend-of-crime-boss-gets-8-year-prison-sentence-640174%2F&size=m&text=Girlfriend%20of%20Crime%20Boss%20Gets%208-Year%20Prison%20Sentence%20-%20Pittsburgh%20Post-Gazette&url=http%253A%252F%252Fpost-gazette.com%252Fstories%252Fnews%252Fus%252Fgirlfriend-of-crime-boss-gets-8-year-prison-sentence-640174%252F&via=pittsburghpg" line: 1}]
06-13 13:35:06.316  9633  9651 E GeckoConsole: [JavaScript Warning: "Error in parsing value for 'background-image'.  Declaration dropped." {file: "http://platform.twitter.com/widgets/tweet_button.1338995330.html#_=1339608905270&count=horizontal&id=twitter-widget-2&lang=en&original_referer=http%3A%2F%2Fwww.post-gazette.com%2Fstories%2Fnews%2Fus%2Fgirlfriend-of-crime-boss-gets-8-year-prison-sentence-640174%2F&size=m&text=Girlfriend%20of%20Crime%20Boss%20Gets%208-Year%20Prison%20Sentence%20-%20Pittsburgh%20Post-Gazette&url=http%253A%252F%252Fpost-gazette.com%252Fstories%252Fnews%252Fus%252Fgirlfriend-of-crime-boss-gets-8-year-prison-sentence-640174%252F&via=pittsburghpg" line: 1}]
06-13 13:35:06.316  9633  9651 E GeckoConsole: [JavaScript Warning: "Error in parsing value for 'background-image'.  Declaration dropped." {file: "http://platform.twitter.com/widgets/tweet_button.1338995330.html#_=1339608905270&count=horizontal&id=twitter-widget-2&lang=en&original_referer=http%3A%2F%2Fwww.post-gazette.com%2Fstories%2Fnews%2Fus%2Fgirlfriend-of-crime-boss-gets-8-year-prison-sentence-640174%2F&size=m&text=Girlfriend%20of%20Crime%20Boss%20Gets%208-Year%20Prison%20Sentence%20-%20Pittsburgh%20Post-Gazette&url=http%253A%252F%252Fpost-gazette.com%252Fstories%252Fnews%252Fus%252Fgirlfriend-of-crime-boss-gets-8-year-prison-sentence-640174%252F&via=pittsburghpg" line: 1}]
06-13 13:35:06.320  9633  9651 E GeckoConsole: [JavaScript Warning: "Error in parsing value for 'background-image'.  Declaration dropped." {file: "http://platform.twitter.com/widgets/tweet_button.1338995330.html#_=1339608905270&count=horizontal&id=twitter-widget-2&lang=en&original_referer=http%3A%2F%2Fwww.post-gazette.com%2Fstories%2Fnews%2Fus%2Fgirlfriend-of-crime-boss-gets-8-year-prison-sentence-640174%2F&size=m&text=Girlfriend%20of%20Crime%20Boss%20Gets%208-Year%20Prison%20Sentence%20-%20Pittsburgh%20Post-Gazette&url=http%253A%252F%252Fpost-gazette.com%252Fstories%252Fnews%252Fus%252Fgirlfriend-of-crime-boss-gets-8-year-prison-sentence-640174%252F&via=pittsburghpg" line: 1}]
06-13 13:35:06.320  9633  9651 E GeckoConsole: [JavaScript Warning: "Unknown property '-moz-border-radius'.  Declaration dropped." {file: "http://platform.twitter.com/widgets/tweet_button.1338995330.html#_=1339608905270&count=horizontal&id=twitter-widget-2&lang=en&original_referer=http%3A%2F%2Fwww.post-gazette.com%2Fstories%2Fnews%2Fus%2Fgirlfriend-of-crime-boss-gets-8-year-prison-sentence-640174%2F&size=m&text=Girlfriend%20of%20Crime%20Boss%20Gets%208-Year%20Prison%20Sentence%20-%20Pittsburgh%20Post-Gazette&url=http%253A%252F%252Fpost-gazette.com%252Fstories%252Fnews%252Fus%252Fgirlfriend-of-crime-boss-gets-8-year-prison-sentence-640174%252F&via=pittsburghpg" line: 1}]
06-13 13:35:06.320  9633  9651 E GeckoConsole: [JavaScript Warning: "Unknown property 'user-select'.  Declaration dropped." {file: "http://platform.twitter.com/widgets/tweet_button.1338995330.html#_=1339608905270&count=horizontal&id=twitter-widget-2&lang=en&original_referer=http%3A%2F%2Fwww.post-gazette.com%2Fstories%2Fnews%2Fus%2Fgirlfriend-of-crime-boss-gets-8-year-prison-sentence-640174%2F&size=m&text=Girlfriend%20of%20Crime%20Boss%20Gets%208-Year%20Prison%20Sentence%20-%20Pittsburgh%20Post-Gazette&url=http%253A%252F%252Fpost-gazette.com%252Fstories%252Fnews%252Fus%252Fgirlfriend-of-crime-boss-gets-8-year-prison-sentence-640174%252F&via=pittsburghpg" line: 1}]
06-13 13:35:06.328  9633  9651 E GeckoConsole: [JavaScript Warning: "Error in parsing value for 'background-image'.  Declaration dropped." {file: "http://platform.twitter.com/widgets/tweet_button.1338995330.html#_=1339608905270&count=horizontal&id=twitter-widget-2&lang=en&original_referer=http%3A%2F%2Fwww.post-gazette.com%2Fstories%2Fnews%2Fus%2Fgirlfriend-of-crime-boss-gets-8-year-prison-sentence-640174%2F&size=m&text=Girlfriend%20of%20Crime%20Boss%20Gets%208-Year%20Prison%20Sentence%20-%20Pittsburgh%20Post-Gazette&url=http%253A%252F%252Fpost-gazette.com%252Fstories%252Fnews%252Fus%252Fgirlfriend-of-crime-boss-gets-8-year-prison-sentence-640174%252F&via=pittsburghpg" line: 1}]
06-13 13:35:06.328  9633  9651 E GeckoConsole: [JavaScript Warning: "Error in parsing value for 'background-image'.  Declaration dropped." {file: "http://platform.twitter.com/widgets/tweet_button.1338995330.html#_=1339608905270&count=horizontal&id=twitter-widget-2&lang=en&original_referer=http%3A%2F%2Fwww.post-gazette.com%2Fstories%2Fnews%2Fus%2Fgirlfriend-of-crime-boss-gets-8-year-prison-sentence-640174%2F&size=m&text=Girlfriend%20of%20Crime%20Boss%20Gets%208-Year%20Prison%20Sentence%20-%20Pittsburgh%20Post-Gazette&url=http%253A%252F%252Fpost-gazette.com%252Fstories%252Fnews%252Fus%252Fgirlfriend-of-crime-boss-gets-8-year-prison-sentence-640174%252F&via=pittsburghpg" line: 1}]
06-13 13:35:06.328  9633  9651 E GeckoConsole: [JavaScript Warning: "Error in parsing value for 'background-image'.  Declaration dropped." {file: "http://platform.twitter.com/widgets/tweet_button.1338995330.html#_=1339608905270&count=horizontal&id=twitter-widget-2&lang=en&original_referer=http%3A%2F%2Fwww.post-gazette.com%2Fstories%2Fnews%2Fus%2Fgirlfriend-of-crime-boss-gets-8-year-prison-sentence-640174%2F&size=m&text=Girlfriend%20of%20Crime%20Boss%20Gets%208-Year%20Prison%20Sentence%20-%20Pittsburgh%20Post-Gazette&url=http%253A%252F%252Fpost-gazette.com%252Fstories%252Fnews%252Fus%252Fgirlfriend-of-crime-boss-gets-8-year-prison-sentence-640174%252F&via=pittsburghpg" line: 1}]
06-13 13:35:06.328  9633  9651 E GeckoConsole: [JavaScript Warning: "Error in parsing value for 'background-image'.  Declaration dropped." {file: "http://platform.twitter.com/widgets/tweet_button.1338995330.html#_=1339608905270&count=horizontal&id=twitter-widget-2&lang=en&original_referer=http%3A%2F%2Fwww.post-gazette.com%2Fstories%2Fnews%2Fus%2Fgirlfriend-of-crime-boss-gets-8-year-prison-sentence-640174%2F&size=m&text=Girlfriend%20of%20Crime%20Boss%20Gets%208-Year%20Prison%20Sentence%20-%20Pittsburgh%20Post-Gazette&url=http%253A%252F%252Fpost-gazette.com%252Fstories%252Fnews%252Fus%252Fgirlfriend-of-crime-boss-gets-8-year-prison-sentence-640174%252F&via=pittsburghpg" line: 1}]
06-13 13:35:06.328  9633  9651 E GeckoConsole: [JavaScript Warning: "Unknown property '-moz-box-shadow'.  Declaration dropped." {file: "http://platform.twitter.com/widgets/tweet_button.1338995330.html#_=1339608905270&count=horizontal&id=twitter-widget-2&lang=en&original_referer=http%3A%2F%2Fwww.post-gazette.com%2Fstories%2Fnews%2Fus%2Fgirlfriend-of-crime-boss-gets-8-year-prison-sentence-640174%2F&size=m&text=Girlfriend%20of%20Crime%20Boss%20Gets%208-Year%20Prison%20Sentence%20-%20Pittsburgh%20Post-Gazette&url=http%253A%252F%252Fpost-gazette.com%252Fstories%252Fnews%252Fus%252Fgirlfriend-of-crime-boss-gets-8-year-prison-sentence-640174%252F&via=pittsburghpg" line: 1}]
06-13 13:35:06.328  9633  9651 E GeckoConsole: [JavaScript Warning: "Unknown property '-moz-box-shadow'.  Declaration dropped." {file: "http://platform.twitter.com/widgets/tweet_button.1338995330.html#_=1339608905270&count=horizontal&id=twitter-widget-2&lang=en&original_referer=http%3A%2F%2Fwww.post-gazette.com%2Fstories%2Fnews%2Fus%2Fgirlfriend-of-crime-boss-gets-8-year-prison-sentence-640174%2F&size=m&text=Girlfriend%20of%20Crime%20Boss%20Gets%208-Year%20Prison%20Sentence%20-%20Pittsburgh%20Post-Gazette&url=http%253A%252F%252Fpost-gazette.com%252Fstories%252Fnews%252Fus%252Fgirlfriend-of-crime-boss-gets-8-year-prison-sentence-640174%252F&via=pittsburghpg" line: 1}]
06-13 13:35:06.328  9633  9651 E GeckoConsole: [JavaScript Warning: "Unknown property '-moz-box-shadow'.  Declaration dropped." {file: "http://platform.twitter.com/widgets/tweet_button.1338995330.html#_=1339608905270&count=horizontal&id=twitter-widget-2&lang=en&original_referer=http%3A%2F%2Fwww.post-gazette.com%2Fstories%2Fnews%2Fus%2Fgirlfriend-of-crime-boss-gets-8-year-prison-sentence-640174%2F&size=m&text=Girlfriend%20of%20Crime%20Boss%20Gets%208-Year%20Prison%20Sentence%20-%20Pittsburgh%20Post-Gazette&url=http%253A%252F%252Fpost-gazette.com%252Fstories%252Fnews%252Fus%252Fgirlfriend-of-crime-boss-gets-8-year-prison-sentence-640174%252F&via=pittsburghpg" line: 1}]
06-13 13:35:06.332  9633  9651 E GeckoConsole: [JavaScript Warning: "Expected declaration but found '*'.  Skipped to next declaration." {file: "http://platform.twitter.com/widgets/tweet_button.1338995330.html#_=1339608905270&count=horizontal&id=twitter-widget-2&lang=en&original_referer=http%3A%2F%2Fwww.post-gazette.com%2Fstories%2Fnews%2Fus%2Fgirlfriend-of-crime-boss-gets-8-year-prison-sentence-640174%2F&size=m&text=Girlfriend%20of%20Crime%20Boss%20Gets%208-Year%20Prison%20Sentence%20-%20Pittsburgh%20Post-Gazette&url=http%253A%252F%252Fpost-gazette.com%252Fstories%252Fnews%252Fus%252Fgirlfriend-of-crime-boss-gets-8-year-prison-sentence-640174%252F&via=pittsburghpg" line: 1}]
06-13 13:35:06.335  9633  9651 E GeckoConsole: [JavaScript Warning: "Unknown property '-moz-border-radius'.  Declaration dropped." {file: "http://platform.twitter.com/widgets/tweet_button.1338995330.html#_=1339608905270&count=horizontal&id=twitter-widget-2&lang=en&original_referer=http%3A%2F%2Fwww.post-gazette.com%2Fstories%2Fnews%2Fus%2Fgirlfriend-of-crime-boss-gets-8-year-prison-sentence-640174%2F&size=m&text=Girlfriend%20of%20Crime%20Boss%20Gets%208-Year%20Prison%20Sentence%20-%20Pittsburgh%20Post-Gazette&url=http%253A%252F%252Fpost-gazette.com%252Fstories%252Fnews%252Fus%252Fgirlfriend-of-crime-boss-gets-8-year-prison-sentence-640174%252F&via=pittsburghpg" line: 1}]
06-13 13:35:06.335  9633  9651 E GeckoConsole: [JavaScript Warning: "Expected media feature name but found '-webkit-min-device-pixel-ratio'." {file: "http://platform.twitter.com/widgets/tweet_button.1338995330.html#_=1339608905270&count=horizontal&id=twitter-widget-2&lang=en&original_referer=http%3A%2F%2Fwww.post-gazette.com%2Fstories%2Fnews%2Fus%2Fgirlfriend-of-crime-boss-gets-8-year-prison-sentence-640174%2F&size=m&text=Girlfriend%20of%20Crime%20Boss%20Gets%208-Year%20Prison%20Sentence%20-%20Pittsburgh%20Post-Gazette&url=http%253A%252F%252Fpost-gazette.com%252Fstories%252Fnews%252Fus%252Fgirlfriend-of-crime-boss-gets-8-year-prison-sentence-640174%252F&via=pittsburghpg" line: 1}]
06-13 13:35:06.335  9633  9651 E GeckoConsole: [JavaScript Warning: "Unknown property '-moz-border-radius'.  Declaration dropped." {file: "http://platform.twitter.com/widgets/tweet_button.1338995330.html#_=1339608905270&count=horizontal&id=twitter-widget-2&lang=en&original_referer=http%3A%2F%2Fwww.post-gazette.com%2Fstories%2Fnews%2Fus%2Fgirlfriend-of-crime-boss-gets-8-year-prison-sentence-640174%2F&size=m&text=Girlfriend%20of%20Crime%20Boss%20Gets%208-Year%20Prison%20Sentence%20-%20Pittsburgh%20Post-Gazette&url=http%253A%252F%252Fpost-gazette.com%252Fstories%252Fnews%252Fus%252Fgirlfriend-of-crime-boss-gets-8-year-prison-sentence-640174%252F&via=pittsburghpg" line: 1}]
06-13 13:35:06.335  9633  9651 E GeckoConsole: [JavaScript Warning: "Unknown property 'zoom'.  Declaration dropped." {file: "http://platform.twitter.com/widgets/tweet_button.1338995330.html#_=1339608905270&count=horizontal&id=twitter-widget-2&lang=en&original_referer=http%3A%2F%2Fwww.post-gazette.com%2Fstories%2Fnews%2Fus%2Fgirlfriend-of-crime-boss-gets-8-year-prison-sentence-640174%2F&size=m&text=Girlfriend%20of%20Crime%20Boss%20Gets%208-Year%20Prison%20Sentence%20-%20Pittsburgh%20Post-Gazette&url=http%253A%252F%252Fpost-gazette.com%252Fstories%252Fnews%252Fus%252Fgirlfriend-of-crime-boss-gets-8-year-prison-sentence-640174%252F&via=pittsburghpg" line: 1}]
06-13 13:35:06.335  9633  9651 E GeckoConsole: [JavaScript Warning: "Unknown property '-moz-border-radius'.  Declaration dropped." {file: "http://platform.twitter.com/widgets/tweet_button.1338995330.html#_=1339608905270&count=horizontal&id=twitter-widget-2&lang=en&original_referer=http%3A%2F%2Fwww.post-gazette.com%2Fstories%2Fnews%2Fus%2Fgirlfriend-of-crime-boss-gets-8-year-prison-sentence-640174%2F&size=m&text=Girlfriend%20of%20Crime%20Boss%20Gets%208-Year%20Prison%20Sentence%20-%20Pittsburgh%20Post-Gazette&url=http%253A%252F%252Fpost-gazette.com%252Fstories%252Fnews%252Fus%252Fgirlfriend-of-crime-boss-gets-8-year-prison-sentence-640174%252F&via=pittsburghpg" line: 1}]
06-13 13:35:06.343  9633  9651 E GeckoConsole: [JavaScript Warning: "Expected declaration but found '*'.  Skipped to next declaration." {file: "http://platform.twitter.com/widgets/tweet_button.1338995330.html#_=1339608905270&count=horizontal&id=twitter-widget-2&lang=en&original_referer=http%3A%2F%2Fwww.post-gazette.com%2Fstories%2Fnews%2Fus%2Fgirlfriend-of-crime-boss-gets-8-year-prison-sentence-640174%2F&size=m&text=Girlfriend%20of%20Crime%20Boss%20Gets%208-Year%20Prison%20Sentence%20-%20Pittsburgh%20Post-Gazette&url=http%253A%252F%252Fpost-gazette.com%252Fstories%252Fnews%252Fus%252Fgirlfriend-of-crime-boss-gets-8-year-prison-sentence-640174%252F&via=pittsburghpg" line: 1}]
06-13 13:35:06.343  9633  9651 E GeckoConsole: [JavaScript Warning: "Unknown property 'box-sizing'.  Declaration dropped." {file: "http://platform.twitter.com/widgets/tweet_button.1338995330.html#_=1339608905270&count=horizontal&id=twitter-widget-2&lang=en&original_referer=http%3A%2F%2Fwww.post-gazette.com%2Fstories%2Fnews%2Fus%2Fgirlfriend-of-crime-boss-gets-8-year-prison-sentence-640174%2F&size=m&text=Girlfriend%20of%20Crime%20Boss%20Gets%208-Year%20Prison%20Sentence%20-%20Pittsburgh%20Post-Gazette&url=http%253A%252F%252Fpost-gazette.com%252Fstories%252Fnews%252Fus%252Fgirlfriend-of-crime-boss-gets-8-year-prison-sentence-640174%252F&via=pittsburghpg" line: 1}]
06-13 13:35:06.418  9633  9633 D GeckoPanZoomController: generating valid viewport using v=RectF(-16.801075, 200.0, 463.1989, 890.0) p=RectF(0.0, 0.0, 1470.0, 3549.0) c=RectF(0.0, 0.0, 980.0, 2365.75) z=1.5
06-13 13:35:06.418  9633  9633 D GeckoPanZoomController: generated valid viewport as v=RectF(0.0, 200.0, 480.0, 890.0) p=RectF(0.0, 0.0, 1470.0, 3549.0) c=RectF(0.0, 0.0, 980.0, 2365.75) z=1.5
06-13 13:35:06.699  9633  9633 D GeckoPanZoomController: Finishing animation at ImmutableViewportMetrics v=(0.0,200.0,480.0,890.0) p=(0.0,0.0,1470.0,3549.0) c=(0.0,0.0,980.0,2365.75) z=1.5
06-13 13:35:06.777  9633  9651 E GeckoConsole: [JavaScript Warning: "Unknown property '-moz-outline-style'.  Declaration dropped." {file: "https://www.facebook.com/widgets/like.php?href=http%3A%2F%2Fpost-gazette.com%2Fstories%2Fnews%2Fus%2Fgirlfriend-of-crime-boss-gets-8-year-prison-sentence-640174%2F" line: 8}]
06-13 13:35:06.777  9633  9651 E GeckoConsole: [JavaScript Warning: "Unknown property 'zoom'.  Declaration dropped." {file: "https://www.facebook.com/widgets/like.php?href=http%3A%2F%2Fpost-gazette.com%2Fstories%2Fnews%2Fus%2Fgirlfriend-of-crime-boss-gets-8-year-prison-sentence-640174%2F" line: 18}]
06-13 13:35:06.777  9633  9651 E GeckoConsole: [JavaScript Warning: "Unknown property 'zoom'.  Declaration dropped." {file: "https://www.facebook.com/widgets/like.php?href=http%3A%2F%2Fpost-gazette.com%2Fstories%2Fnews%2Fus%2Fgirlfriend-of-crime-boss-gets-8-year-prison-sentence-640174%2F" line: 46}]
06-13 13:35:06.777  9633  9651 E GeckoConsole: [JavaScript Warning: "Unknown property '-moz-border-radius'.  Declaration dropped." {file: "https://www.facebook.com/widgets/like.php?href=http%3A%2F%2Fpost-gazette.com%2Fstories%2Fnews%2Fus%2Fgirlfriend-of-crime-boss-gets-8-year-prison-sentence-640174%2F" line: 50}]
06-13 13:35:06.871  9954  9957 D dalvikvm: GC_CONCURRENT freed 194K, 3% free 9714K/9991K, paused 106ms+69ms
06-13 13:35:07.125   142   917 I ActivityManager: Process com.google.process.gapps (pid 9989) has died.
06-13 13:35:07.695  9633  9651 E GeckoConsole: [JavaScript Warning: "Unknown property '-moz-outline-style'.  Declaration dropped." {file: "https://s-static.ak.fbcdn.net/rsrc.php/v2/yL/r/My1GeWMnjcu.css" line: 23}]
06-13 13:35:07.695  9633  9651 E GeckoConsole: [JavaScript Warning: "Unknown property 'zoom'.  Declaration dropped." {file: "https://s-static.ak.fbcdn.net/rsrc.php/v2/yL/r/My1GeWMnjcu.css" line: 33}]
06-13 13:35:07.695  9633  9651 E GeckoConsole: [JavaScript Warning: "Unknown property 'zoom'.  Declaration dropped." {file: "https://s-static.ak.fbcdn.net/rsrc.php/v2/yL/r/My1GeWMnjcu.css" line: 49}]
06-13 13:35:07.695  9633  9651 E GeckoConsole: [JavaScript Warning: "Unknown property 'zoom'.  Declaration dropped." {file: "https://s-static.ak.fbcdn.net/rsrc.php/v2/yL/r/My1GeWMnjcu.css" line: 89}]
06-13 13:35:07.699  9633  9651 E GeckoConsole: [JavaScript Warning: "Unknown property 'zoom'.  Declaration dropped." {file: "https://s-static.ak.fbcdn.net/rsrc.php/v2/yL/r/My1GeWMnjcu.css" line: 117}]
06-13 13:35:07.703  9633  9651 E GeckoConsole: [JavaScript Warning: "Unknown property '-moz-box-shadow'.  Declaration dropped." {file: "https://s-static.ak.fbcdn.net/rsrc.php/v2/yL/r/My1GeWMnjcu.css" line: 142}]
06-13 13:35:07.710  9633  9651 E GeckoConsole: [JavaScript Warning: "Unknown property 'zoom'.  Declaration dropped." {file: "https://s-static.ak.fbcdn.net/rsrc.php/v2/yL/r/My1GeWMnjcu.css" line: 285}]
06-13 13:35:07.722  9633  9651 E GeckoConsole: [JavaScript Warning: "Unknown property 'zoom'.  Declaration dropped." {file: "https://s-static.ak.fbcdn.net/rsrc.php/v2/yL/r/My1GeWMnjcu.css" line: 410}]
06-13 13:35:07.730  9633  9651 E GeckoConsole: [JavaScript Warning: "Unknown property 'zoom'.  Declaration dropped." {file: "https://s-static.ak.fbcdn.net/rsrc.php/v2/yL/r/My1GeWMnjcu.css" line: 504}]
06-13 13:35:07.730  9633  9651 E GeckoConsole: [JavaScript Warning: "Unknown property 'zoom'.  Declaration dropped." {file: "https://s-static.ak.fbcdn.net/rsrc.php/v2/yL/r/My1GeWMnjcu.css" line: 542}]
06-13 13:35:07.746  9633  9651 E GeckoConsole: [JavaScript Warning: "Unknown property 'zoom'.  Declaration dropped." {file: "https://s-static.ak.fbcdn.net/rsrc.php/v2/yL/r/My1GeWMnjcu.css" line: 618}]
06-13 13:35:07.746  9633  9651 E GeckoConsole: [JavaScript Warning: "Unknown property '-moz-box-shadow'.  Declaration dropped." {file: "https://s-static.ak.fbcdn.net/rsrc.php/v2/yL/r/My1GeWMnjcu.css" line: 657}]
06-13 13:35:07.906  9633  9649 I GeckoAppShell: Taking whole-screen screenshot, viewport: ImmutableViewportMetrics v=(0.0,200.0,480.0,890.0) p=(0.0,0.0,1470.0,3549.0) c=(0.0,0.0,980.0,2365.75) z=1.5
06-13 13:35:08.007  9633  9649 D dalvikvm: GC_FOR_ALLOC freed 2664K, 29% free 10959K/15303K, paused 28ms
06-13 13:35:08.011  9633  9649 I dalvikvm-heap: Grow heap (frag case) to 12.771MB for 2097168-byte allocation
06-13 13:35:08.050  9633  9634 D dalvikvm: GC_CONCURRENT freed 30K, 16% free 12977K/15303K, paused 2ms+5ms
06-13 13:35:08.089  9633  9676 I Gecko   : Compositor: Composite took 72 ms.
06-13 13:35:08.160  9633  9676 I Gecko   : Compositor: Composite took 70 ms.
06-13 13:35:08.425  9633  9651 E GeckoConsole: [JavaScript Warning: "Unknown property '-moz-outline-style'.  Declaration dropped." {file: "https://www.facebook.com/widgets/like.php?href=http%3A%2F%2Fpost-gazette.com%2Fstories%2Fnews%2Fus%2Fgirlfriend-of-crime-boss-gets-8-year-prison-sentence-640174%2F" line: 8}]
06-13 13:35:08.425  9633  9651 E GeckoConsole: [JavaScript Warning: "Unknown property 'zoom'.  Declaration dropped." {file: "https://www.facebook.com/widgets/like.php?href=http%3A%2F%2Fpost-gazette.com%2Fstories%2Fnews%2Fus%2Fgirlfriend-of-crime-boss-gets-8-year-prison-sentence-640174%2F" line: 18}]
06-13 13:35:08.425  9633  9651 E GeckoConsole: [JavaScript Warning: "Unknown property 'zoom'.  Declaration dropped." {file: "https://www.facebook.com/widgets/like.php?href=http%3A%2F%2Fpost-gazette.com%2Fstories%2Fnews%2Fus%2Fgirlfriend-of-crime-boss-gets-8-year-prison-sentence-640174%2F" line: 46}]
06-13 13:35:08.425  9633  9651 E GeckoConsole: [JavaScript Warning: "Unknown property '-moz-border-radius'.  Declaration dropped." {file: "https://www.facebook.com/widgets/like.php?href=http%3A%2F%2Fpost-gazette.com%2Fstories%2Fnews%2Fus%2Fgirlfriend-of-crime-boss-gets-8-year-prison-sentence-640174%2F" line: 50}]
06-13 13:35:08.468  9633  9651 E GeckoConsole: [JavaScript Warning: "Unknown property 'zoom'.  Declaration dropped." {file: "https://s-static.ak.fbcdn.net/rsrc.php/v2/y6/r/pjkSnlC23wS.css" line: 18}]
06-13 13:35:08.468  9633  9651 E GeckoConsole: [JavaScript Warning: "Unknown property 'zoom'.  Declaration dropped." {file: "https://s-static.ak.fbcdn.net/rsrc.php/v2/y6/r/pjkSnlC23wS.css" line: 40}]
