06-12 08:38:10.543 29011 29011 I ActivityThread: Pub com.facebook.katana.provider.UserStatusesProvider: com.facebook.katana.provider.UserStatusesProvider
06-12 08:38:10.543 29011 29011 I ActivityThread: Pub com.facebook.katana.provider.EventsProvider: com.facebook.katana.provider.EventsProvider
06-12 08:38:10.543 29011 29011 I ActivityThread: Pub com.facebook.katana.provider.NotificationsProvider: com.facebook.katana.provider.NotificationsProvider
06-12 08:38:10.558 29011 29015 D dalvikvm: GC_CONCURRENT freed 155K, 3% free 9700K/9991K, paused 20ms+3ms
06-12 08:38:10.566 29011 29011 I ActivityThread: Pub com.facebook.katana.provider.UserValuesProvider: com.facebook.katana.provider.UserValuesProvider
06-12 08:38:10.566 29011 29011 I ActivityThread: Pub com.facebook.katana.provider.PagesProvider: com.facebook.katana.provider.PagesProvider
06-12 08:38:10.574 29011 29011 I ActivityThread: Pub com.facebook.katana.provider.MobileEventLogProvider: com.facebook.katana.provider.MobileEventLogProvider
06-12 08:38:10.574 29011 29011 I ActivityThread: Pub com.facebook.katana.provider.PushNotificationsProvider: com.facebook.katana.provider.PushNotificationsProvider
06-12 08:38:10.574 29011 29011 I ActivityThread: Pub com.facebook.katana.provider.PhotosProvider: com.facebook.katana.provider.PhotosProvider
06-12 08:38:10.574 29011 29011 I ActivityThread: Pub com.facebook.katana.provider.ConnectionsProvider: com.facebook.katana.provider.ConnectionsProvider
06-12 08:38:10.589 29011 29011 I ActivityThread: Pub com.facebook.orca.notify.FbandroidMessagesForegroundProvider: com.facebook.orca.notify.FbandroidMessagesForegroundProvider
06-12 08:38:10.636 29011 29011 D ACRA    : Retrieve application default SharedPreferences.
06-12 08:38:10.640 29011 29011 D ACRA    : Set OnSharedPreferenceChangeListener.
06-12 08:38:10.652 29011 29011 D ACRA    : ACRA is enabled for com.facebook.katana, intializing...
06-12 08:38:10.668 29011 29011 D ACRA    : Looking for error files in /data/data/com.facebook.katana/app_acra-reports
06-12 08:38:10.738 29011 29011 W nalizableReferenceQueue: Could not load Finalizer in its own class loader.Loading Finalizer in the current class loader instead. As a result, you will not be ableto garbage collect this class loader. To support reclaiming this class loader, eitherresolve the underlying issue, or move Google Collections to your system class path.
06-12 08:38:10.738 29011 29011 W nalizableReferenceQueue: java.io.FileNotFoundException: com/google/common/base/internal/Finalizer.class
06-12 08:38:10.738 29011 29011 W nalizableReferenceQueue: 	at com.google.common.base.FinalizableReferenceQueue$DecoupledLoader.getBaseUrl(FinalizableReferenceQueue.java:243)
06-12 08:38:10.738 29011 29011 W nalizableReferenceQueue: 	at com.google.common.base.FinalizableReferenceQueue$DecoupledLoader.loadFinalizer(FinalizableReferenceQueue.java:227)
06-12 08:38:10.738 29011 29011 W nalizableReferenceQueue: 	at com.google.common.base.FinalizableReferenceQueue.loadFinalizer(FinalizableReferenceQueue.java:155)
06-12 08:38:10.738 29011 29011 W nalizableReferenceQueue: 	at com.google.common.base.FinalizableReferenceQueue.<clinit>(FinalizableReferenceQueue.java:84)
06-12 08:38:10.738 29011 29011 W nalizableReferenceQueue: 	at com.google.common.collect.CustomConcurrentHashMap$QueueHolder.<clinit>(CustomConcurrentHashMap.java:650)
06-12 08:38:10.738 29011 29011 W nalizableReferenceQueue: 	at com.google.common.collect.CustomConcurrentHashMap$WeakEntry.<init>(CustomConcurrentHashMap.java:1342)
06-12 08:38:10.738 29011 29011 W nalizableReferenceQueue: 	at com.google.common.collect.CustomConcurrentHashMap$EntryFactory$9.newEntry(CustomConcurrentHashMap.java:453)
06-12 08:38:10.738 29011 29011 W nalizableReferenceQueue: 	at com.google.common.collect.CustomConcurrentHashMap.a(CustomConcurrentHashMap.java:1715)
06-12 08:38:10.738 29011 29011 W nalizableReferenceQueue: 	at com.google.common.collect.ComputingConcurrentHashMap$ComputingSegment.a(ComputingConcurrentHashMap.java:123)
06-12 08:38:10.738 29011 29011 W nalizableReferenceQueue: 	at com.google.common.collect.ComputingConcurrentHashMap.apply(ComputingConcurrentHashMap.java:71)
06-12 08:38:10.738 29011 29011 W nalizableReferenceQueue: 	at com.google.common.collect.MapMaker$ComputingMapAdapter.get(MapMaker.java:848)
06-12 08:38:10.738 29011 29011 W nalizableReferenceQueue: 	at com.google.inject.internal.Annotations$AnnotationChecker.a(Annotations.java:94)
06-12 08:38:10.738 29011 29011 W nalizableReferenceQueue: 	at com.google.inject.internal.Annotations.c(Annotations.java:112)
06-12 08:38:10.738 29011 29011 W nalizableReferenceQueue: 	at com.google.inject.Key.d(Key.java:369)
06-12 08:38:10.738 29011 29011 W nalizableReferenceQueue: 	at com.google.inject.Key.b(Key.java:356)
06-12 08:38:10.738 29011 29011 W nalizableReferenceQueue: 	at com.google.inject.Key.a(Key.java:267)
06-12 08:38:10.738 29011 29011 W nalizableReferenceQueue: 	at com.facebook.orca.inject.binder.AnnotatedBindingBuilderImpl.a(AnnotatedBindingBuilderImpl.java:22)
06-12 08:38:10.738 29011 29011 W nalizableReferenceQueue: 	at com.facebook.orca.app.FbBaseModule.a(FbBaseModule.java:74)
06-12 08:38:10.738 29011 29011 W nalizableReferenceQueue: 	at com.facebook.orca.inject.AbstractModule.a(AbstractModule.java:19)
06-12 08:38:10.738 29011 29011 W nalizableReferenceQueue: 	at com.facebook.orca.inject.FbInjectorImpl.a(FbInjectorImpl.java:61)
06-12 08:38:10.738 29011 29011 W nalizableReferenceQueue: 	at com.facebook.orca.inject.FbInjectorImpl.<init>(FbInjectorImpl.java:41)
06-12 08:38:10.738 29011 29011 W nalizableReferenceQueue: 	at com.facebook.orca.inject.FbInjector.a(FbInjector.java:40)
06-12 08:38:10.738 29011 29011 W nalizableReferenceQueue: 	at com.facebook.katana.FacebookApplication.onCreate(FacebookApplication.java:86)
06-12 08:38:10.738 29011 29011 W nalizableReferenceQueue: 	at android.app.Instrumentation.callApplicationOnCreate(Instrumentation.java:969)
06-12 08:38:10.738 29011 29011 W nalizableReferenceQueue: 	at android.app.ActivityThread.handleBindApplication(ActivityThread.java:3954)
06-12 08:38:10.738 29011 29011 W nalizableReferenceQueue: 	at android.app.ActivityThread.access$1300(ActivityThread.java:123)
06-12 08:38:10.738 29011 29011 W nalizableReferenceQueue: 	at android.app.ActivityThread$H.handleMessage(ActivityThread.java:1185)
06-12 08:38:10.738 29011 29011 W nalizableReferenceQueue: 	at android.os.Handler.dispatchMessage(Handler.java:99)
06-12 08:38:10.738 29011 29011 W nalizableReferenceQueue: 	at android.os.Looper.loop(Looper.java:137)
06-12 08:38:10.738 29011 29011 W nalizableReferenceQueue: 	at android.app.ActivityThread.main(ActivityThread.java:4424)
06-12 08:38:10.738 29011 29011 W nalizableReferenceQueue: 	at java.lang.reflect.Method.invokeNative(Native Method)
06-12 08:38:10.738 29011 29011 W nalizableReferenceQueue: 	at java.lang.reflect.Method.invoke(Method.java:511)
06-12 08:38:10.738 29011 29011 W nalizableReferenceQueue: 	at com.android.internal.os.ZygoteInit$MethodAndArgsCaller.run(ZygoteInit.java:784)
06-12 08:38:10.738 29011 29011 W nalizableReferenceQueue: 	at com.android.internal.os.ZygoteInit.main(ZygoteInit.java:551)
06-12 08:38:10.738 29011 29011 W nalizableReferenceQueue: 	at dalvik.system.NativeStart.main(Native Method)
06-12 08:38:10.757 29011 29011 I Finalizer: Couldn't access Thread.inheritableThreadLocals. Reference finalizer threads will inherit thread local values.
06-12 08:38:10.832 29011 29015 D dalvikvm: GC_CONCURRENT freed 364K, 5% free 9858K/10311K, paused 3ms+3ms
06-12 08:38:10.925   142   422 W InputManagerService: Window already focused, ignoring focus gain of: com.android.internal.view.IInputMethodClient$Stub$Proxy@41324c08
06-12 08:38:11.043 29011 29015 D dalvikvm: GC_CONCURRENT freed 404K, 5% free 10006K/10503K, paused 1ms+8ms
06-12 08:38:11.343 29011 29015 D dalvikvm: GC_CONCURRENT freed 398K, 5% free 10162K/10631K, paused 2ms+4ms
06-12 08:38:11.437 29011 29029 W Resources: Converting to string: TypedValue{t=0x10/d=0xffffffff a=-1}
06-12 08:38:11.800 29011 29015 D dalvikvm: GC_CONCURRENT freed 315K, 5% free 10308K/10759K, paused 3ms+5ms
06-12 08:38:12.480 29011 29015 D dalvikvm: GC_CONCURRENT freed 324K, 5% free 10429K/10887K, paused 3ms+3ms
06-12 08:38:12.800 29011 29015 D dalvikvm: GC_CONCURRENT freed 313K, 5% free 10504K/10951K, paused 4ms+3ms
06-12 08:38:15.336 28580 28582 D dalvikvm: GC_CONCURRENT freed 2309K, 18% free 11196K/13639K, paused 2ms+17ms
06-12 08:38:16.828   142   158 D dalvikvm: GC_EXPLICIT freed 435K, 27% free 16976K/23239K, paused 19ms+8ms
06-12 08:38:23.398   213   215 D dalvikvm: GC_CONCURRENT freed 487K, 34% free 10126K/15239K, paused 7ms+11ms
06-12 08:38:24.582   213   213 D dalvikvm: GC_EXPLICIT freed 269K, 34% free 10142K/15239K, paused 3ms+4ms
06-12 08:38:30.711 27622 27622 D dalvikvm: GC_EXPLICIT freed 151K, 6% free 9960K/10567K, paused 7ms+4ms
06-12 08:38:34.699   142   197 D DhcpInfoInternal: makeLinkProperties with empty dns2!
06-12 08:38:34.699   142   197 D DhcpInfoInternal: makeLinkProperties with empty dns2!
06-12 08:38:36.824   324   326 D dalvikvm: GC_CONCURRENT freed 521K, 16% free 11122K/13191K, paused 4ms+4ms
06-12 08:38:38.093 29011 29015 D dalvikvm: GC_CONCURRENT freed 417K, 5% free 10528K/11079K, paused 2ms+6ms
06-12 08:38:40.988   142   159 I ActivityManager: Start proc edu.buffalo.cse.phonelab.phonelabservices for service edu.buffalo.cse.phonelab.phonelabservices/edu.buffalo.cse.phonelab.datalogger.LoggerService: pid=29068 uid=10038 gids={3003, 1015, 1007, 2001}
06-12 08:38:41.031    80    80 D dalvikvm: GC_EXPLICIT freed 38K, 4% free 9031K/9347K, paused 2ms+2ms
06-12 08:38:41.082    80    80 D dalvikvm: GC_EXPLICIT freed <1K, 4% free 9031K/9347K, paused 4ms+3ms
06-12 08:38:41.144 29068 29068 I PhoneLab-LoggerService: Start Logger Service
06-12 08:38:41.183    80    80 D dalvikvm: GC_EXPLICIT freed <1K, 4% free 9031K/9347K, paused 3ms+6ms
06-12 08:38:41.187 29068 29081 I PhoneLab-: Service Running
06-12 08:38:41.203   142   918 I ActivityManager: Process com.google.android.gallery3d (pid 28761) has died.
06-12 08:38:41.265 29068 29081 I PhoneLab-LoggerService: app_38    27718 1     1112   672   c00f181c 400107b4 S logcat
06-12 08:38:41.265 29068 29081 I PhoneLab-LoggerService: Logcat pid from database 27718
06-12 08:38:41.265 29068 29081 I PhoneLab-LoggerService: Logcat process found 27718
06-12 08:38:41.265 29068 29081 I PhoneLab-LoggerService: Checking Threshold
06-12 08:38:41.269 29068 29081 I PhoneLab-LoggerService: Starting to rename files
06-12 08:38:41.269 29068 29081 I PhoneLab-LoggerService: Files found .. 5
06-12 08:38:41.269 29068 29081 I PhoneLab-LoggerService: File 1 log.out.1
06-12 08:38:41.277 29068 29081 I PhoneLab-LoggerService: Renamed successfully
06-12 08:38:41.277 29068 29081 I PhoneLab-LoggerService: File 2 log.out.2
06-12 08:38:41.293 29068 29081 I PhoneLab-LoggerService: Renamed successfully
06-12 08:38:41.293 29068 29081 I PhoneLab-LoggerService: File 3 log.out.3
06-12 08:38:41.300 29068 29081 I PhoneLab-LoggerService: Renamed successfully
06-12 08:38:41.300 29068 29081 I PhoneLab-LoggerService: File 4 log.out.4
06-12 08:38:41.308 29068 29081 I PhoneLab-LoggerService: Renamed successfully
06-12 08:38:42.769   342   342 D dalvikvm: GC_EXPLICIT freed 36K, 16% free 12075K/14343K, paused 14ms+19ms
06-12 08:38:47.757   428   428 D dalvikvm: GC_EXPLICIT freed <1K, 4% free 9037K/9347K, paused 5ms+8ms
06-12 08:38:50.855 28129 28131 D dalvikvm: GC_CONCURRENT freed 496K, 6% free 10211K/10823K, paused 3ms+5ms
06-12 08:38:50.918 28929 28931 D dalvikvm: GC_CONCURRENT freed 382K, 5% free 9923K/10439K, paused 32ms+2ms
06-12 08:38:51.140   142   922 D dalvikvm: GC_EXPLICIT freed 525K, 27% free 16996K/23239K, paused 17ms+17ms
06-12 08:38:51.156   142   294 I ActivityManager: Process com.android.gallery3d (pid 28746) has died.
06-12 08:38:51.195 28929 28936 I dalvikvm: Total arena pages for JIT: 11
06-12 08:38:51.195 28929 28936 I dalvikvm: Total arena pages for JIT: 12
06-12 08:38:51.195 28929 28936 I dalvikvm: Total arena pages for JIT: 13
06-12 08:38:51.195 28929 28936 I dalvikvm: Total arena pages for JIT: 14
06-12 08:38:51.195 28929 28936 I dalvikvm: Total arena pages for JIT: 15
06-12 08:38:51.195 28929 28936 I dalvikvm: Total arena pages for JIT: 16
06-12 08:38:51.195 28929 28936 I dalvikvm: Total arena pages for JIT: 17
06-12 08:38:55.074   213   215 D dalvikvm: GC_CONCURRENT freed 555K, 34% free 10076K/15239K, paused 2ms+7ms
06-12 08:38:57.027 28580 28582 D dalvikvm: GC_CONCURRENT freed 624K, 19% free 11170K/13639K, paused 22ms+9ms
06-12 08:38:57.789   324   324 D dalvikvm: GC_EXPLICIT freed 603K, 16% free 11085K/13191K, paused 4ms+4ms
06-12 08:39:03.324 28580 28582 D dalvikvm: GC_CONCURRENT freed 1839K, 28% free 9933K/13639K, paused 7ms+6ms
06-12 08:39:09.988 27790 27790 D dalvikvm: GC_EXPLICIT freed 218K, 9% free 11206K/12295K, paused 16ms+25ms
06-12 08:39:11.957 28580 28582 D dalvikvm: GC_CONCURRENT freed 321K, 27% free 9996K/13639K, paused 3ms+5ms
06-12 08:39:13.929   142   421 I ActivityManager: START {act=android.intent.action.VIEW dat=spotify:search cmp=com.spotify.mobile.android.ui/.activity.MainActivity (has extras)} from pid 28580
06-12 08:39:14.617   213   215 D dalvikvm: GC_CONCURRENT freed 381K, 34% free 10164K/15239K, paused 3ms+9ms
06-12 08:39:14.785   213   215 D dalvikvm: GC_CONCURRENT freed 461K, 34% free 10146K/15239K, paused 2ms+3ms
06-12 08:39:15.871   213   215 D dalvikvm: GC_CONCURRENT freed 506K, 34% free 10131K/15239K, paused 3ms+9ms
06-12 08:39:15.976 28580 28580 I InputQueue-JNI: Sending finished signal for input channel '41950f78 com.spotify.mobile.android.ui/com.spotify.mobile.android.ui.activity.MainActivity (client)' since it is being unregistered while an input message is still in progress.
06-12 08:39:15.984 28580 28580 I InputQueue-JNI: Ignoring finish signal on channel that is no longer registered.
06-12 08:39:16.722 28352 28355 D dalvikvm: GC_CONCURRENT freed 1920K, 14% free 14530K/16839K, paused 13ms+9ms
06-12 08:39:16.726   142   158 I Process : Sending signal. PID: 28352 SIG: 3
06-12 08:39:16.730 28352 28357 I dalvikvm: threadid=3: reacting to signal 3
06-12 08:39:16.820 28352 28357 I dalvikvm: Wrote stack traces to '/data/anr/traces.txt'
06-12 08:39:16.851 28352 28352 D Finsky  : [1] DetailsDataBasedFragment.rebindViews: Page [class=DetailsFragment] loaded in [131580 ms] (partial? false)
06-12 08:39:17.175 28352 28352 D Finsky  : [1] DetailsDataBasedFragment.rebindViews: Page [class=DetailsFragment] loaded in [131906 ms] (partial? true)
06-12 08:39:17.195   142   368 W InputManagerService: Starting input on non-focused client com.android.internal.view.IInputMethodClient$Stub$Proxy@4192f030 (uid=10055 pid=28580)
06-12 08:39:17.218   142   158 I Process : Sending signal. PID: 28352 SIG: 3
06-12 08:39:17.218 28352 28357 I dalvikvm: threadid=3: reacting to signal 3
06-12 08:39:17.254 28352 28357 I dalvikvm: Wrote stack traces to '/data/anr/traces.txt'
06-12 08:39:17.562 28580 28580 D OpenGLRenderer: Flushing caches (mode 0)
06-12 08:39:17.945 28352 28355 D dalvikvm: GC_CONCURRENT freed 1606K, 13% free 14743K/16839K, paused 2ms+8ms
06-12 08:39:18.507 28580 28580 D OpenGLRenderer: Flushing caches (mode 1)
06-12 08:39:18.679 28352 28369 D dalvikvm: GC_FOR_ALLOC freed 1013K, 14% free 14587K/16839K, paused 45ms
06-12 08:39:21.476 28352 28352 D Finsky  : [1] DetailsDataBasedFragment.rebindViews: Page [class=DetailsFragment] loaded in [237 ms] (partial? false)
06-12 08:39:21.593   142   159 I ActivityManager: Start proc com.android.sprintmenu for service com.android.sprintmenu/.HiddenPhoneService: pid=29106 uid=1001 gids={3002, 3001, 3003, 1015}
06-12 08:39:21.867 28352 28352 D Finsky  : [1] DetailsDataBasedFragment.rebindViews: Page [class=DetailsFragment] loaded in [630 ms] (partial? true)
06-12 08:39:22.035 28352 28355 D dalvikvm: GC_CONCURRENT freed 2439K, 18% free 13921K/16839K, paused 4ms+10ms
06-12 08:39:23.316   142   366 I ActivityManager: START {act=android.intent.action.MAIN cat=[android.intent.category.LAUNCHER] flg=0x10000000 pkg=com.spotify.mobile.android.ui cmp=com.spotify.mobile.android.ui/.activity.MainActivity} from pid 28352
06-12 08:39:23.449 28580 28580 D HockeyApp: Current handler class = net.hockeyapp.android.m
06-12 08:39:23.453   142   154 I AudioService:   Remote Control   registerMediaButtonIntent() for PendingIntent{415bd788: PendingIntentRecord{41887950 com.spotify.mobile.android.ui broadcastIntent}}
06-12 08:39:23.507   142   173 I ActivityManager: Displayed com.spotify.mobile.android.ui/.activity.MainActivity: +119ms
06-12 08:39:23.535 28352 28352 D OpenGLRenderer: Flushing caches (mode 1)
06-12 08:39:23.675 28580 28582 D dalvikvm: GC_CONCURRENT freed 523K, 28% free 9878K/13639K, paused 10ms+7ms
06-12 08:39:23.765 28352 28352 D OpenGLRenderer: Flushing caches (mode 0)
06-12 08:39:24.359 28613 28616 D dalvikvm: GC_CONCURRENT freed 648K, 11% free 9385K/10503K, paused 1ms+2ms
06-12 08:39:24.476 28580 28582 D dalvikvm: GC_CONCURRENT freed 260K, 27% free 10018K/13639K, paused 3ms+4ms
06-12 08:39:26.441 28352 28352 D Finsky  : [1] 1.run: Referrer for com.spotify.mobile.android.ui cleared
06-12 08:39:28.804   142   917 I ActivityManager: START {act=android.intent.action.VIEW dat=spotify:internal:people cmp=com.spotify.mobile.android.ui/.activity.MainActivity (has extras)} from pid 28580
06-12 08:39:28.886 28580 28580 D dalvikvm: GC_FOR_ALLOC freed 79K, 27% free 10004K/13639K, paused 22ms
06-12 08:39:28.886 28580 28580 I dalvikvm-heap: Grow heap (frag case) to 11.102MB for 1324816-byte allocation
06-12 08:39:28.921 28580 28582 D dalvikvm: GC_CONCURRENT freed 8K, 18% free 11290K/13639K, paused 2ms+2ms
06-12 08:39:28.953 28580 28580 D dalvikvm: GC_FOR_ALLOC freed 0K, 18% free 11290K/13639K, paused 20ms
06-12 08:39:28.953 28580 28580 I dalvikvm-heap: Grow heap (frag case) to 12.358MB for 1324816-byte allocation
06-12 08:39:28.980 28580 28580 D dalvikvm: GC_FOR_ALLOC freed 0K, 8% free 12584K/13639K, paused 20ms
06-12 08:39:29.730 28613 28616 D dalvikvm: GC_CONCURRENT freed 340K, 10% free 9557K/10503K, paused 16ms+7ms
06-12 08:39:29.949 28613 28616 D dalvikvm: GC_CONCURRENT freed 320K, 9% free 9624K/10503K, paused 2ms+2ms
06-12 08:39:30.117 28580 28669 D dalvikvm: GC_EXPLICIT freed 1573K, 18% free 11504K/13895K, paused 6ms+6ms
06-12 08:39:30.902 28613 28616 D dalvikvm: GC_CONCURRENT freed 383K, 8% free 9669K/10503K, paused 26ms+3ms
06-12 08:39:30.968 28129 28129 D dalvikvm: GC_EXPLICIT freed 20K, 6% free 10191K/10823K, paused 25ms+6ms
06-12 08:39:31.179 28613 29143 D dalvikvm: GC_FOR_ALLOC freed 286K, 9% free 9631K/10503K, paused 27ms
06-12 08:39:31.179 28613 29143 I dalvikvm-heap: Grow heap (frag case) to 9.809MB for 351956-byte allocation
06-12 08:39:31.207 28613 29153 D dalvikvm: GC_FOR_ALLOC freed 170K, 10% free 9804K/10887K, paused 17ms
06-12 08:39:31.984 28613 28616 D dalvikvm: GC_CONCURRENT freed 729K, 13% free 9479K/10887K, paused 2ms+2ms
06-12 08:39:34.132 28613 28616 D dalvikvm: GC_CONCURRENT freed 354K, 13% free 9537K/10887K, paused 2ms+2ms
06-12 08:39:35.824 28613 28616 D dalvikvm: GC_CONCURRENT freed 395K, 13% free 9564K/10887K, paused 17ms+2ms
06-12 08:39:37.101 28222 28222 D dalvikvm: GC_EXPLICIT freed 32K, 7% free 9850K/10503K, paused 2ms+13ms
06-12 08:39:37.839 28613 28616 D dalvikvm: GC_CONCURRENT freed 385K, 12% free 9594K/10887K, paused 4ms+10ms
06-12 08:39:39.761 28613 28616 D dalvikvm: GC_CONCURRENT freed 428K, 12% free 9594K/10887K, paused 2ms+10ms
06-12 08:39:41.254 28613 28616 D dalvikvm: GC_CONCURRENT freed 431K, 12% free 9595K/10887K, paused 2ms+8ms
06-12 08:39:42.718 28613 28616 D dalvikvm: GC_CONCURRENT freed 407K, 12% free 9598K/10887K, paused 17ms+3ms
06-12 08:39:44.480 28613 28616 D dalvikvm: GC_CONCURRENT freed 429K, 12% free 9595K/10887K, paused 3ms+10ms
06-12 08:39:49.113 28580 28582 D dalvikvm: GC_CONCURRENT freed 331K, 15% free 11878K/13895K, paused 4ms+6ms
06-12 08:39:50.695 28929 28936 I dalvikvm: Total arena pages for JIT: 18
06-12 08:39:50.804 28929 28931 D dalvikvm: GC_CONCURRENT freed 466K, 6% free 9964K/10503K, paused 2ms+3ms
06-12 08:39:51.398 28613 28616 D dalvikvm: GC_CONCURRENT freed 414K, 12% free 9595K/10887K, paused 3ms+4ms
06-12 08:39:52.964 28613 28616 D dalvikvm: GC_CONCURRENT freed 405K, 12% free 9598K/10887K, paused 3ms+13ms
06-12 08:39:54.320 28613 28616 D dalvikvm: GC_CONCURRENT freed 405K, 12% free 9598K/10887K, paused 2ms+12ms
06-12 08:39:55.629 28613 28616 D dalvikvm: GC_CONCURRENT freed 419K, 12% free 9595K/10887K, paused 2ms+7ms
06-12 08:39:57.882 28613 28616 D dalvikvm: GC_CONCURRENT freed 405K, 12% free 9598K/10887K, paused 2ms+7ms
06-12 08:39:59.562   142   294 D dalvikvm: GC_EXPLICIT freed 1027K, 27% free 17000K/23239K, paused 3ms+12ms
06-12 08:39:59.961 28352 28352 D Finsky  : [1] DetailsDataBasedFragment.rebindViews: Page [class=DetailsFragment] loaded in [38723 ms] (partial? false)
06-12 08:40:00.101   142   158 I Process : Sending signal. PID: 28352 SIG: 3
06-12 08:40:00.101 28352 28357 I dalvikvm: threadid=3: reacting to signal 3
06-12 08:40:00.132 28352 28357 I dalvikvm: Wrote stack traces to '/data/anr/traces.txt'
06-12 08:40:00.421 28352 28355 D dalvikvm: GC_CONCURRENT freed 1516K, 17% free 14039K/16839K, paused 2ms+20ms
06-12 08:40:00.496 28352 28352 D Finsky  : [1] DetailsDataBasedFragment.rebindViews: Page [class=DetailsFragment] loaded in [39256 ms] (partial? true)
06-12 08:40:00.539   142   172 I ActivityManager: Start proc com.twitter.android for service com.twitter.android/.client.AppService: pid=29204 uid=10068 gids={3003, 1015}
06-12 08:40:00.597 29204 29204 I dalvikvm: Turning on JNI app bug workarounds for target SDK version 11...
06-12 08:40:00.605   142   158 I Process : Sending signal. PID: 28352 SIG: 3
06-12 08:40:00.605 28352 28357 I dalvikvm: threadid=3: reacting to signal 3
06-12 08:40:00.636   142   366 W InputManagerService: Starting input on non-focused client com.android.internal.view.IInputMethodClient$Stub$Proxy@4192f030 (uid=10055 pid=28580)
06-12 08:40:00.648 28352 28357 I dalvikvm: Wrote stack traces to '/data/anr/traces.txt'
06-12 08:40:00.843 29204 29204 I ActivityThread: Pub com.twitter.android.provider.GlobalDatabaseProvider: com.twitter.android.provider.GlobalDatabaseProvider
06-12 08:40:00.847 29204 29204 I ActivityThread: Pub com.twitter.android.provider.TwitterProvider: com.twitter.android.provider.TwitterProvider
06-12 08:40:00.898   142   422 I ActivityManager: Process com.google.android.partnersetup (pid 28782) has died.
06-12 08:40:01.097 28580 28580 D OpenGLRenderer: Flushing caches (mode 0)
06-12 08:40:01.457 28580 28582 D dalvikvm: GC_CONCURRENT freed 1769K, 22% free 10949K/13895K, paused 3ms+14ms
06-12 08:40:01.832 28352 28355 D dalvikvm: GC_CONCURRENT freed 1122K, 14% free 14579K/16839K, paused 4ms+10ms
06-12 08:40:01.941 29204 29207 D dalvikvm: GC_CONCURRENT freed 202K, 4% free 9269K/9607K, paused 2ms+62ms
06-12 08:40:02.062 28352 28352 D Finsky  : [1] DetailsDataBasedFragment.rebindViews: Page [class=DetailsFragment] loaded in [185896 ms] (partial? false)
06-12 08:40:02.464 28352 28355 D dalvikvm: GC_CONCURRENT freed 1033K, 9% free 15398K/16839K, paused 2ms+11ms
06-12 08:40:02.484 28352 28352 D Finsky  : [1] DetailsDataBasedFragment.rebindViews: Page [class=DetailsFragment] loaded in [186309 ms] (partial? true)
06-12 08:40:02.687 28352 28377 D dalvikvm: GC_FOR_ALLOC freed 538K, 9% free 16098K/17543K, paused 49ms
06-12 08:40:02.921 28352 28376 D dalvikvm: GC_FOR_ALLOC freed 298K, 8% free 16760K/18119K, paused 78ms
06-12 08:40:03.043 28352 28359 I dalvikvm: Jit: resizing JitTable from 8192 to 16384
06-12 08:40:03.050   142   919 I ActivityManager: Process com.google.android.apps.maps:FriendService (pid 28885) has died.
06-12 08:40:03.289 28352 28371 D dalvikvm: GC_FOR_ALLOC freed 669K, 6% free 17780K/18887K, paused 65ms
06-12 08:40:03.566 28352 28352 D DfeApi  : [1] DfeRequest.deliverResponse: Not delivering second response for request=[[ ] https://android.clients.google.com/fdfe/details?doc=com.android.chrome NORMAL 105]
06-12 08:40:03.570 28352 28352 D DfeApi  : [1] DfeRequest.deliverResponse: Not delivering second response for request=[[ ] https://android.clients.google.com/fdfe/rec?c=3&rt=4&doc=com.android.chrome NORMAL 107]
06-12 08:40:03.570 28352 28352 D DfeApi  : [1] DfeRequest.deliverResponse: Not delivering second response for request=[[ ] https://android.clients.google.com/fdfe/rev?doc=com.android.chrome&sort=2 NORMAL 108]
06-12 08:40:03.613 28352 28352 D DfeApi  : [1] DfeRequest.deliverResponse: Not delivering second response for request=[[ ] https://android.clients.google.com/fdfe/rec?c=3&doc=com.android.chrome&rt=1 NORMAL 109]
06-12 08:40:03.863 28352 28352 D DfeApi  : [1] DfeRequest.deliverResponse: Not delivering second response for request=[[ ] https://android.clients.google.com/fdfe/rec?c=3&doc=com.android.chrome&rt=2 NORMAL 110]
06-12 08:40:04.101 29204 29207 D dalvikvm: GC_CONCURRENT freed 173K, 4% free 9497K/9799K, paused 41ms+42ms
06-12 08:40:04.101   142   154 I ActivityManager: Process com.svox.pico (pid 28814) has died.
06-12 08:40:04.113 28352 28352 D OpenGLRenderer: Flushing caches (mode 0)
06-12 08:40:04.425   142   918 I ActivityManager: Process com.android.voicedialer (pid 28834) has died.
06-12 08:40:04.789   142   370 I ActivityManager: Process com.google.android.apps.maps (pid 28847) has died.
06-12 08:40:04.832 29204 29207 D dalvikvm: GC_CONCURRENT freed 298K, 5% free 9629K/10055K, paused 7ms+2ms
06-12 08:40:05.156 29204 29207 D dalvikvm: GC_CONCURRENT freed 297K, 5% free 9758K/10183K, paused 5ms+10ms
06-12 08:40:05.472 28352 28352 D OpenGLRenderer: Flushing caches (mode 1)
06-12 08:40:05.476 28580 28580 D OpenGLRenderer: Flushing caches (mode 1)
06-12 08:40:05.550 29204 29207 D dalvikvm: GC_CONCURRENT freed 305K, 5% free 9882K/10311K, paused 4ms+2ms
06-12 08:40:05.675 29204 29207 D dalvikvm: GC_CONCURRENT freed 299K, 5% free 10010K/10439K, paused 2ms+1ms
06-12 08:40:05.812 29204 29207 D dalvikvm: GC_CONCURRENT freed 299K, 5% free 10141K/10567K, paused 2ms+2ms
06-12 08:40:05.945 29204 29207 D dalvikvm: GC_CONCURRENT freed 300K, 4% free 10271K/10695K, paused 1ms+4ms
06-12 08:40:06.113 29204 29207 D dalvikvm: GC_CONCURRENT freed 479K, 6% free 10216K/10823K, paused 2ms+2ms
06-12 08:40:06.242 29204 29207 D dalvikvm: GC_CONCURRENT freed 322K, 5% free 10290K/10823K, paused 1ms+2ms
06-12 08:40:06.398 29204 29207 D dalvikvm: GC_CONCURRENT freed 319K, 5% free 10379K/10823K, paused 2ms+2ms
06-12 08:40:06.539 29204 29207 D dalvikvm: GC_CONCURRENT freed 359K, 5% free 10465K/10951K, paused 2ms+2ms
06-12 08:40:06.671 29204 29207 D dalvikvm: GC_CONCURRENT freed 346K, 5% free 10547K/11015K, paused 2ms+2ms
06-12 08:40:06.800 29204 29207 D dalvikvm: GC_CONCURRENT freed 327K, 5% free 10629K/11079K, paused 2ms+2ms
06-12 08:40:06.941 29204 29207 D dalvikvm: GC_CONCURRENT freed 371K, 5% free 10715K/11207K, paused 2ms+2ms
06-12 08:40:07.089 29204 29207 D dalvikvm: GC_CONCURRENT freed 403K, 5% free 10811K/11335K, paused 1ms+2ms
06-12 08:40:07.906   142   602 I ActivityManager: Process com.android.musicfx (pid 28798) has died.
06-12 08:40:08.332 29204 29207 D dalvikvm: GC_CONCURRENT freed 339K, 5% free 11000K/11463K, paused 2ms+2ms
06-12 08:40:08.757 27790 27792 D dalvikvm: GC_CONCURRENT freed 390K, 8% free 11430K/12295K, paused 7ms+5ms
06-12 08:40:09.039   142   153 I ActivityManager: Process android.process.media (pid 28712) has died.
06-12 08:40:09.226 27790 29226 D dalvikvm: GC_FOR_ALLOC freed 124K, 7% free 11481K/12295K, paused 38ms
06-12 08:40:09.242 27790 29226 I dalvikvm-heap: Grow heap (frag case) to 12.165MB for 925072-byte allocation
06-12 08:40:09.242   142   921 I ActivityManager: Process com.google.android.googlequicksearchbox (pid 28899) has died.
06-12 08:40:09.281 27790 27790 D dalvikvm: GC_FOR_ALLOC freed 8K, 7% free 12377K/13255K, paused 27ms
06-12 08:40:10.023 27790 27792 D dalvikvm: GC_CONCURRENT freed 249K, 7% free 12751K/13575K, paused 456ms+168ms
06-12 08:40:10.171 27790 29225 D dalvikvm: GC_FOR_ALLOC freed 910K, 12% free 11960K/13575K, paused 25ms
06-12 08:40:10.281   142   142 I ActivityManager: Process com.android.quicksearchbox (pid 28913) has died.
06-12 08:40:10.586 27790 27792 D dalvikvm: GC_CONCURRENT freed 885K, 12% free 11949K/13575K, paused 3ms+4ms
06-12 08:40:10.793 27790 27792 D dalvikvm: GC_CONCURRENT freed 157K, 7% free 12740K/13575K, paused 34ms+4ms
06-12 08:40:11.019   142   370 I ActivityManager: Process com.google.android.apps.plus (pid 28865) has died.
06-12 08:40:11.414 27790 29227 D dalvikvm: GC_FOR_ALLOC freed 1323K, 12% free 12205K/13831K, paused 30ms
06-12 08:40:11.535 27790 29227 D dalvikvm: GC_FOR_ALLOC freed 507K, 13% free 12069K/13831K, paused 35ms
06-12 08:40:11.589 28352 28352 D OpenGLRenderer: Flushing caches (mode 2)
06-12 08:40:11.593 28580 28580 D OpenGLRenderer: Flushing caches (mode 2)
06-12 08:40:11.625 27790 29227 I dalvikvm-heap: Grow heap (frag case) to 13.083MB for 1286224-byte allocation
06-12 08:40:11.656 27790 27790 D dalvikvm: GC_FOR_ALLOC freed 1K, 12% free 13324K/15111K, paused 22ms
06-12 08:40:11.765 27790 27792 D dalvikvm: GC_CONCURRENT freed <1K, 12% free 13381K/15111K, paused 2ms+7ms
06-12 08:40:12.187 29204 29207 D dalvikvm: GC_CONCURRENT freed 430K, 5% free 11231K/11783K, paused 7ms+7ms
06-12 08:40:12.820 27790 27792 D dalvikvm: GC_CONCURRENT freed 2629K, 20% free 12205K/15111K, paused 2ms+7ms
06-12 08:40:15.410   142   919 I ActivityManager: START {act=android.intent.action.MAIN cat=[android.intent.category.LAUNCHER] flg=0x10200000 cmp=com.spotify.mobile.android.ui/.activity.MainActivity bnds=[288,706][384,802]} from pid 27790
06-12 08:40:15.586 28580 28580 D HockeyApp: Current handler class = net.hockeyapp.android.m
06-12 08:40:15.613   142   421 I AudioService:   Remote Control   registerMediaButtonIntent() for PendingIntent{417c0108: PendingIntentRecord{41887950 com.spotify.mobile.android.ui broadcastIntent}}
06-12 08:40:15.644 27790 27790 D OpenGLRenderer: Flushing caches (mode 1)
06-12 08:40:15.711   142   173 I ActivityManager: Displayed com.spotify.mobile.android.ui/.activity.MainActivity: +184ms
06-12 08:40:15.832 27790 27790 D OpenGLRenderer: Flushing caches (mode 0)
06-12 08:40:15.996 27790 27790 D OpenGLRenderer: Flushing caches (mode 2)
06-12 08:40:16.019 27790 27790 D OpenGLRenderer: Flushing caches (mode 0)
06-12 08:40:16.511 28580 28582 D dalvikvm: GC_CONCURRENT freed 832K, 24% free 10658K/13895K, paused 2ms+13ms
06-12 08:40:17.472   142   602 W InputManagerService: Starting input on non-focused client com.android.internal.view.IInputMethodClient$Stub$Proxy@4192f030 (uid=10055 pid=28580)
06-12 08:40:17.574 28580 28580 D OpenGLRenderer: Flushing caches (mode 0)
06-12 08:40:17.582 27790 27790 W IInputConnectionWrapper: showStatusIcon on inactive InputConnection
06-12 08:40:17.609 28580 28580 D OpenGLRenderer: Flushing caches (mode 1)
06-12 08:40:18.437   142   919 I ActivityManager: START {act=android.intent.action.MAIN cat=[android.intent.category.LAUNCHER] flg=0x10200000 cmp=com.spotify.mobile.android.ui/.activity.MainActivity bnds=[288,706][384,802]} from pid 27790
06-12 08:40:18.550 28580 28580 D HockeyApp: Current handler class = net.hockeyapp.android.m
06-12 08:40:18.554   142   602 I AudioService:   Remote Control   registerMediaButtonIntent() for PendingIntent{415df838: PendingIntentRecord{41887950 com.spotify.mobile.android.ui broadcastIntent}}
06-12 08:40:18.558 28580 28588 I dalvikvm: Jit: resizing JitTable from 4096 to 8192
06-12 08:40:18.625   142   173 I ActivityManager: Displayed com.spotify.mobile.android.ui/.activity.MainActivity: +118ms
06-12 08:40:18.636 27790 27790 D OpenGLRenderer: Flushing caches (mode 1)
06-12 08:40:18.742 27790 27790 D OpenGLRenderer: Flushing caches (mode 0)
06-12 08:40:18.804 27790 27790 D OpenGLRenderer: Flushing caches (mode 1)
06-12 08:40:18.980 28580 28582 D dalvikvm: GC_CONCURRENT freed 493K, 24% free 10649K/13895K, paused 2ms+6ms
06-12 08:40:19.136   142   153 D dalvikvm: GC_EXPLICIT freed 1215K, 27% free 16981K/23239K, paused 3ms+11ms
06-12 08:40:19.160 27790 27790 D OpenGLRenderer: Flushing caches (mode 2)
06-12 08:40:19.168 27790 27790 D OpenGLRenderer: Flushing caches (mode 0)
06-12 08:40:20.129   142   602 W InputManagerService: Starting input on non-focused client com.android.internal.view.IInputMethodClient$Stub$Proxy@4192f030 (uid=10055 pid=28580)
06-12 08:40:20.261 28580 28580 D OpenGLRenderer: Flushing caches (mode 0)
06-12 08:40:20.289 28580 28580 D OpenGLRenderer: Flushing caches (mode 1)
06-12 08:40:27.347   342   342 D SAN_SERVICE: *******************************************
06-12 08:40:27.347   342   342 D SAN_SERVICE: DM App Phone Service State - 0
06-12 08:40:27.347   342   342 D SAN_SERVICE: *******************************************
06-12 08:40:32.507   142   170 I power   : *** set_screen_state 0
06-12 08:40:32.554    79   118 D SurfaceFlinger: About to give-up screen, flinger = 0x1e2b918
06-12 08:40:32.656   142   174 V TransportControlView: Create TCV com.android.internal.widget.TransportControlView@418aac58
06-12 08:40:32.867   213   213 D PhoneStatusBar: disable: < EXPAND* icons alerts TICKER* system_info back home RECENT* clock >
06-12 08:40:32.925 28580 28580 D OpenGLRenderer: Flushing caches (mode 2)
06-12 08:40:32.945 28941 28943 D dalvikvm: GC_CONCURRENT freed 327K, 5% free 9290K/9735K, paused 5ms+2ms
06-12 08:40:32.976   213   213 D PhoneStatusBar: disable: < EXPAND icons alerts TICKER system_info BACK* HOME* RECENT CLOCK* >
06-12 08:40:33.265   142   174 I power   : *** set_screen_state 1
06-12 08:40:33.382   142   174 I WindowManager: Lock screen displayed!
06-12 08:40:33.484    79   118 D SurfaceFlinger: Screen about to return, flinger = 0x1e2b918
06-12 08:40:34.949   142   145 D dalvikvm: GC_CONCURRENT freed 665K, 22% free 18183K/23239K, paused 6ms+8ms
06-12 08:40:36.093    85    85 I keystore: uid: 1000 action: p -> 1 state: 1 -> 1 retry: 4
06-12 08:40:36.105   213   213 D PhoneStatusBar: disable: < expand* icons alerts ticker* system_info BACK HOME recent* CLOCK >
06-12 08:40:36.132   142   142 W InputManagerService: Window already focused, ignoring focus gain of: com.android.internal.view.IInputMethodClient$Stub$Proxy@417683e8
06-12 08:40:36.148   213   213 D PhoneStatusBar: disable: < expand icons alerts ticker system_info back* home* recent clock* >
06-12 08:40:37.339   342   342 D SAN_SERVICE: *******************************************
06-12 08:40:37.339   342   342 D SAN_SERVICE: DM App Phone Service State - 0
06-12 08:40:37.339   342   342 D SAN_SERVICE: *******************************************
06-12 08:40:41.250 29068 29081 I PhoneLab-: Service Running
06-12 08:40:41.308 29068 29081 I PhoneLab-LoggerService: app_38    27718 1     1112   672   c00f181c 400107b4 S logcat
06-12 08:40:41.308 29068 29081 I PhoneLab-LoggerService: Logcat pid from database 27718
06-12 08:40:41.308 29068 29081 I PhoneLab-LoggerService: Logcat process found 27718
06-12 08:40:41.308 29068 29081 I PhoneLab-LoggerService: Checking Threshold
06-12 08:40:41.312 29068 29081 I PhoneLab-LoggerService: Starting to rename files
06-12 08:40:41.312 29068 29081 I PhoneLab-LoggerService: Files found .. 5
06-12 08:40:42.699 27790 27792 D dalvikvm: GC_CONCURRENT freed 1491K, 23% free 11757K/15111K, paused 2ms+5ms
06-12 08:40:42.855   142   154 I ActivityManager: START {act=android.intent.action.MAIN cat=[android.intent.category.LAUNCHER] flg=0x10200000 cmp=com.google.android.apps.genie.geniewidget/.activities.NewsActivity bnds=[240,103][360,253]} from pid 27790
06-12 08:40:42.910   142   422 I ActivityManager: Start proc com.google.android.apps.genie.geniewidget for activity com.google.android.apps.genie.geniewidget/.activities.NewsActivity: pid=29266 uid=10018 gids={3003, 1015}
06-12 08:40:42.933 29266 29266 I dalvikvm: Turning on JNI app bug workarounds for target SDK version 11...
06-12 08:40:43.015 27790 27790 D OpenGLRenderer: Flushing caches (mode 1)
06-12 08:40:43.035 29266 29266 I ActivityThread: Pub com.google.android.apps.genie.geniewidget.weather: com.google.android.apps.genie.geniewidget.providers.WeatherProvider
06-12 08:40:43.039 27790 27790 D OpenGLRenderer: Flushing caches (mode 0)
06-12 08:40:43.039 29266 29266 I ActivityThread: Pub com.google.android.apps.genie.geniewidget.newsimage: com.google.android.apps.genie.geniewidget.providers.NewsImageProvider
06-12 08:40:43.148 29266 29267 D dalvikvm: GC_CONCURRENT freed 343K, 5% free 9192K/9607K, paused 2ms+2ms
06-12 08:40:43.160 29266 29275 W CursorWrapperInner: Cursor finalized without prior close()
06-12 08:40:43.164 29266 29266 W Genie   : Cache file not found: java.io.FileNotFoundException: /data/data/com.google.android.apps.genie.geniewidget/cache/genie_iconcache: open failed: ENOENT (No such file or directory)
06-12 08:40:43.183 29266 29275 W CursorWrapperInner: Cursor finalized without prior close()
06-12 08:40:43.257 29266 29267 D dalvikvm: GC_CONCURRENT freed 353K, 5% free 9318K/9799K, paused 3ms+3ms
06-12 08:40:43.394 29266 29266 I Genie   : refresh service retry #0, ignoreMASFCache = false
06-12 08:40:43.421   213   213 V PhoneStatusBar: setLightsOn(true)
06-12 08:40:43.453   142   158 I Process : Sending signal. PID: 29266 SIG: 3
06-12 08:40:43.453 29266 29269 I dalvikvm: threadid=3: reacting to signal 3
06-12 08:40:43.464 29266 29269 I dalvikvm: Wrote stack traces to '/data/anr/traces.txt'
06-12 08:40:43.531   142   173 I ActivityManager: Displayed com.google.android.apps.genie.geniewidget/.activities.NewsActivity: +645ms
06-12 08:40:43.605 27790 27790 D OpenGLRenderer: Flushing caches (mode 1)
06-12 08:40:44.101 29266 29267 D dalvikvm: GC_CONCURRENT freed 230K, 4% free 9518K/9863K, paused 2ms+2ms
06-12 08:40:44.679 29266 29267 D dalvikvm: GC_CONCURRENT freed 372K, 5% free 9584K/10055K, paused 2ms+2ms
06-12 08:40:44.918 29266 29266 D dalvikvm: GC_FOR_ALLOC freed 129K, 4% free 9749K/10055K, paused 18ms
06-12 08:40:44.921 29266 29266 I dalvikvm-heap: Grow heap (frag case) to 10.726MB for 1192336-byte allocation
06-12 08:40:44.957 29266 29279 D dalvikvm: GC_FOR_ALLOC freed 8K, 4% free 10905K/11271K, paused 19ms
06-12 08:40:45.039 29266 29267 D dalvikvm: GC_CONCURRENT freed 3K, 3% free 11099K/11399K, paused 2ms+3ms
06-12 08:40:45.468 29266 29267 D dalvikvm: GC_CONCURRENT freed 458K, 5% free 11365K/11911K, paused 19ms+5ms
06-12 08:40:47.371 29266 29266 D dalvikvm: GC_FOR_ALLOC freed 509K, 6% free 11489K/12103K, paused 23ms
06-12 08:40:47.375 29266 29266 I dalvikvm-heap: Grow heap (frag case) to 12.425MB for 1192336-byte allocation
06-12 08:40:47.394 29266 29266 D dalvikvm: GC_FOR_ALLOC freed 24K, 6% free 12629K/13319K, paused 21ms
06-12 08:40:47.472 29266 29267 D dalvikvm: GC_CONCURRENT freed 8K, 5% free 12662K/13319K, paused 2ms+3ms
06-12 08:40:49.605 29266 29267 D dalvikvm: GC_CONCURRENT freed 735K, 6% free 13152K/13959K, paused 2ms+4ms
06-12 08:40:50.843 28129 28131 D dalvikvm: GC_CONCURRENT freed 483K, 6% free 10212K/10823K, paused 2ms+15ms
06-12 08:40:51.480 28929 28931 D dalvikvm: GC_CONCURRENT freed 383K, 5% free 10052K/10567K, paused 5ms+3ms
06-12 08:40:51.957 28929 28931 D dalvikvm: GC_CONCURRENT freed 281K, 4% free 10292K/10695K, paused 2ms+4ms
06-12 08:40:52.113 29266 29267 D dalvikvm: GC_CONCURRENT freed 1319K, 10% free 13155K/14599K, paused 2ms+5ms
06-12 08:40:55.347 29266 29267 D dalvikvm: GC_CONCURRENT freed 2357K, 17% free 12144K/14599K, paused 17ms+5ms
06-12 08:40:57.082 29266 29273 I dalvikvm: Jit: resizing JitTable from 4096 to 8192
06-12 08:40:57.355 29266 29267 D dalvikvm: GC_CONCURRENT freed 1102K, 18% free 12003K/14599K, paused 15ms+5ms
06-12 08:40:57.777 29068 29068 I PhoneLab-PowerOnReceiver: Power is plugged off!
06-12 08:40:57.929 29068 29070 D dalvikvm: GC_CONCURRENT freed 408K, 6% free 9083K/9607K, paused 4ms+7ms
06-12 08:40:57.961   142   142 I ActivityManager: Start proc com.google.android.apps.plus for broadcast com.google.android.apps.plus/.iu.BatteryReceiver: pid=29339 uid=10058 gids={3003, 3002, 1015, 1006}
06-12 08:40:58.324 29339 29341 D dalvikvm: GC_CONCURRENT freed 157K, 3% free 9379K/9607K, paused 2ms+3ms
06-12 08:40:58.523 29339 29339 I ActivityThread: Pub com.google.android.apps.plus.content.ApiProvider: com.google.android.apps.plus.content.EsApiProvider
06-12 08:40:58.543 29339 29339 I ActivityThread: Pub com.google.android.apps.plus.content.EsGooglePhotoProvider: com.google.android.picasasync.PicasaContentProvider
06-12 08:40:58.711 29339 29341 D dalvikvm: GC_CONCURRENT freed 482K, 6% free 9433K/9991K, paused 2ms+3ms
06-12 08:40:58.714 29339 29339 I ActivityThread: Pub com.google.android.apps.plus.content.EsPicasaStoreProvider: com.google.android.picasastore.PicasaPhotoContentProvider
06-12 08:40:58.722 29339 29339 I ActivityThread: Pub com.google.plus.platform: com.google.android.apps.plus.content.AdsProvider
06-12 08:40:58.722 29339 29339 I ActivityThread: Pub com.google.android.apps.plus.iu.EsGoogleIuProvider: com.google.android.apps.plus.iu.InstantUploadProvider
06-12 08:40:58.789 29339 29339 I ActivityThread: Pub com.google.android.apps.plus.content.EsProvider: com.google.android.apps.plus.content.EsProvider
06-12 08:40:58.847 29339 29341 D dalvikvm: GC_CONCURRENT freed 410K, 6% free 9547K/10055K, paused 2ms+2ms
06-12 08:40:58.996   142   918 I ActivityManager: Start proc android.process.media for content provider com.android.providers.media/.MediaProvider: pid=29355 uid=10012 gids={1015, 1023, 1024, 2001, 3003, 3007}
06-12 08:40:59.066 29355 29355 I ActivityThread: Pub downloads: com.android.providers.downloads.DownloadProvider
06-12 08:40:59.152 29355 29355 I ActivityThread: Pub drm: com.android.providers.drm.DrmProvider
06-12 08:40:59.156 29355 29369 I DownloadManager: in removeSpuriousFiles
06-12 08:40:59.183 29355 29355 I ActivityThread: Pub media: com.android.providers.media.MediaProvider
06-12 08:40:59.226 29355 29369 I DownloadManager: deleting spurious file /cache/backup
06-12 08:40:59.425 29339 29341 D dalvikvm: GC_CONCURRENT freed 254K, 4% free 9738K/10119K, paused 3ms+7ms
06-12 08:40:59.476 29355 29357 D dalvikvm: GC_CONCURRENT freed 325K, 5% free 9210K/9607K, paused 16ms+2ms
06-12 08:40:59.554 29339 29353 D PicasaPhotoCP: set fsid first time:-1
06-12 08:40:59.765 29339 29341 D dalvikvm: GC_CONCURRENT freed 185K, 3% free 10003K/10311K, paused 2ms+1ms
06-12 08:40:59.816 29339 29354 D dalvikvm: GC_FOR_ALLOC freed 174K, 4% free 10130K/10503K, paused 17ms
06-12 08:40:59.832   142   197 D DhcpInfoInternal: makeLinkProperties with empty dns2!
06-12 08:40:59.832   142   197 D DhcpInfoInternal: makeLinkProperties with empty dns2!
06-12 08:40:59.847 29339 29354 D dalvikvm: GC_FOR_ALLOC freed 393K, 6% free 10147K/10759K, paused 24ms
06-12 08:40:59.882 29339 29354 D dalvikvm: GC_FOR_ALLOC freed 106K, 5% free 10259K/10759K, paused 27ms
06-12 08:40:59.882 29339 29354 I dalvikvm-heap: Grow heap (frag case) to 10.335MB for 260112-byte allocation
06-12 08:40:59.910 29339 29354 D dalvikvm: GC_FOR_ALLOC freed 126K, 6% free 10387K/11015K, paused 26ms
06-12 08:40:59.957 29339 29354 D dalvikvm: GC_FOR_ALLOC freed 369K, 6% free 10387K/11015K, paused 38ms
06-12 08:41:00.082 29339 29341 D dalvikvm: GC_CONCURRENT freed 381K, 6% free 10393K/11015K, paused 4ms+2ms
06-12 08:41:00.304 29339 29341 D dalvikvm: GC_CONCURRENT freed 84K, 3% free 10700K/11015K, paused 2ms+8ms
06-12 08:41:00.476 29339 29341 D dalvikvm: GC_CONCURRENT freed 96K, 2% free 11057K/11271K, paused 5ms+2ms
06-12 08:41:00.640 29339 29341 D dalvikvm: GC_CONCURRENT freed 391K, 5% free 11268K/11783K, paused 2ms+3ms
06-12 08:41:00.820 29339 29341 D dalvikvm: GC_CONCURRENT freed 146K, 3% free 11773K/12039K, paused 2ms+2ms
06-12 08:41:00.843 29266 29267 D dalvikvm: GC_CONCURRENT freed 765K, 18% free 12115K/14599K, paused 3ms+9ms
06-12 08:41:01.125   142   153 I ActivityManager: Process com.android.vending (pid 28352) has died.
06-12 08:41:03.043 29266 29267 D dalvikvm: GC_CONCURRENT freed 977K, 18% free 12072K/14599K, paused 15ms+3ms
06-12 08:41:05.359   213   213 W PowerUI : unknown intent: Intent { act=android.intent.action.ACTION_POWER_CONNECTED flg=0x10000010 }
06-12 08:41:05.367 29068 29068 I PhoneLab-PowerOnReceiver: Power is plugged in!
06-12 08:41:05.367 29068 29068 I PhoneLab-PowerOnReceiver: Rescheduling periodic checking...
06-12 08:41:05.429 29068 29068 I PhoneLab-Locks: wake lock acquired
06-12 08:41:05.453   142   919 I ActivityManager: Start proc com.google.android.apps.maps for broadcast com.google.android.apps.maps/com.google.googlenav.android.MapServiceReceiver: pid=29419 uid=10057 gids={3003, 1015}
06-12 08:41:05.457 29068 29068 I PhoneLab-UploadLogs: Transfering log files now
06-12 08:41:05.644 29068 29070 D dalvikvm: GC_CONCURRENT freed 436K, 6% free 9161K/9671K, paused 2ms+5ms
06-12 08:41:05.714 29068 29068 D dalvikvm: GC_FOR_ALLOC freed 133K, 6% free 9193K/9735K, paused 36ms
06-12 08:41:05.714 29068 29068 I dalvikvm-heap: Grow heap (frag case) to 9.164MB for 123476-byte allocation
06-12 08:41:05.757 29068 29068 D dalvikvm: GC_FOR_ALLOC freed 56K, 7% free 9257K/9863K, paused 39ms
06-12 08:41:05.757 29068 29068 I dalvikvm-heap: Grow heap (frag case) to 9.351MB for 254548-byte allocation
06-12 08:41:05.820 29068 29068 D dalvikvm: GC_FOR_ALLOC freed 120K, 8% free 9385K/10119K, paused 59ms
06-12 08:41:05.828 29068 29068 I dalvikvm-heap: Grow heap (frag case) to 9.726MB for 516692-byte allocation
06-12 08:41:05.828 29419 29421 D dalvikvm: GC_CONCURRENT freed 162K, 3% free 9374K/9607K, paused 2ms+11ms
06-12 08:41:05.879 29068 29070 D dalvikvm: GC_CONCURRENT freed 248K, 10% free 9640K/10631K, paused 2ms+8ms
06-12 08:41:05.902 29068 29068 I PhoneLab-UploadLogs: OnStartCommand
06-12 08:41:05.980 29419 29419 I ActivityThread: Pub com.google.android.maps.SearchHistoryProvider: com.google.googlenav.provider.SearchHistoryProvider
06-12 08:41:06.015 29419 29419 I ActivityThread: Pub com.google.android.maps.SuggestionProvider: com.google.googlenav.suggest.android.SuggestContentProvider
06-12 08:41:06.046 29068 29433 D dalvikvm: GC_FOR_ALLOC freed 382K, 10% free 9625K/10631K, paused 24ms
06-12 08:41:06.058 29419 29419 I ActivityThread: Pub com.google.android.maps.LayerInfoProvider: com.google.googlenav.layer.LayerInfoProvider
06-12 08:41:06.093 29419 29419 I ActivityThread: Pub com.google.android.maps.TrafficAppWidgetProvider: com.google.googlenav.appwidget.traffic.TrafficAppWidgetProvider
06-12 08:41:06.101 29419 29419 I ActivityThread: Pub com.google.android.maps.LocalActivePlacesProvider: com.google.googlenav.provider.LocalActivePlacesProvider
06-12 08:41:06.101 29419 29419 I ActivityThread: Pub com.google.android.maps.StarredItemProvider: com.google.googlenav.provider.StarredItemProvider
06-12 08:41:06.109 29068 29433 D dalvikvm: GC_FOR_ALLOC freed 301K, 10% free 9625K/10631K, paused 58ms
06-12 08:41:06.211 29419 29421 D dalvikvm: GC_CONCURRENT freed 220K, 4% free 9676K/9991K, paused 1ms+4ms
06-12 08:41:06.273 29266 29267 D dalvikvm: GC_CONCURRENT freed 852K, 17% free 12138K/14599K, paused 2ms+86ms
06-12 08:41:06.273 29068 29433 D dalvikvm: GC_FOR_ALLOC freed 301K, 10% free 9632K/10631K, paused 145ms
06-12 08:41:06.332 29419 29419 I ActivityThread: Pub com.google.android.maps.LocalSuggestionProvider: com.google.googlenav.provider.LocalSuggestionProvider
06-12 08:41:06.332 29419 29419 I ActivityThread: Pub com.google.android.maps.NavigationAvailabilityProvider: com.google.googlenav.provider.NavigationAvailabilityProvider
06-12 08:41:08.379   342   342 D SAN_SERVICE: *******************************************
06-12 08:41:08.379   342   342 D SAN_SERVICE: DM App Phone Service State - 0
06-12 08:41:08.379   342   342 D SAN_SERVICE: *******************************************
06-12 08:41:08.570   142   145 D dalvikvm: GC_CONCURRENT freed 2631K, 25% free 17478K/23239K, paused 14ms+10ms
06-12 08:41:08.925 29068 29068 I PhoneLab-: 1339504721295.log is deleted
06-12 08:41:08.925 29068 29068 I PhoneLab-: Response: {"data": "done", "err": ""}
06-12 08:41:08.996 29068 29070 D dalvikvm: GC_CONCURRENT freed 953K, 14% free 9170K/10631K, paused 4ms+2ms
06-12 08:41:09.089 29068 29070 D dalvikvm: GC_CONCURRENT freed 305K, 13% free 9273K/10631K, paused 2ms+3ms
06-12 08:41:09.125 29068 29068 D dalvikvm: GC_FOR_ALLOC freed 120K, 12% free 9401K/10631K, paused 25ms
06-12 08:41:09.187 29068 29070 D dalvikvm: GC_CONCURRENT freed 298K, 10% free 9614K/10631K, paused 6ms+9ms
06-12 08:41:09.265 29068 29451 D dalvikvm: GC_FOR_ALLOC freed 306K, 10% free 9635K/10631K, paused 42ms
06-12 08:41:09.293 29068 29451 D dalvikvm: GC_FOR_ALLOC freed 301K, 10% free 9635K/10631K, paused 25ms
06-12 08:41:09.316 29068 29451 D dalvikvm: GC_FOR_ALLOC freed 301K, 10% free 9636K/10631K, paused 21ms
06-12 08:41:09.855 27790 27792 D dalvikvm: GC_CONCURRENT freed 969K, 23% free 11691K/15111K, paused 13ms+5ms
06-12 08:41:11.945 29068 29068 I PhoneLab-: 1339504721302.log is deleted
06-12 08:41:11.945 29068 29068 I PhoneLab-: Response: {"data": "done", "err": ""}
06-12 08:41:12.132 29068 29070 D dalvikvm: GC_CONCURRENT freed 952K, 14% free 9171K/10631K, paused 3ms+5ms
06-12 08:41:12.281 29266 29267 D dalvikvm: GC_CONCURRENT freed 954K, 17% free 12158K/14599K, paused 3ms+26ms
06-12 08:41:12.316 29068 29070 D dalvikvm: GC_CONCURRENT freed 305K, 13% free 9274K/10631K, paused 3ms+14ms
06-12 08:41:12.379 29068 29068 D dalvikvm: GC_FOR_ALLOC freed 120K, 12% free 9402K/10631K, paused 49ms
06-12 08:41:12.488 29068 29070 D dalvikvm: GC_CONCURRENT freed 298K, 10% free 9615K/10631K, paused 10ms+13ms
06-12 08:41:12.535 29068 29460 D dalvikvm: GC_FOR_ALLOC freed 306K, 10% free 9636K/10631K, paused 45ms
06-12 08:41:12.570 29068 29460 D dalvikvm: GC_FOR_ALLOC freed 301K, 10% free 9636K/10631K, paused 23ms
06-12 08:41:12.597 29068 29460 D dalvikvm: GC_FOR_ALLOC freed 301K, 10% free 9637K/10631K, paused 19ms
