06-27 08:54:30.872 18999 18999 D wpa_supplicant: wpa_driver_wext_driver_cmd raikiri rssi -26  len = 17, 17
06-27 08:54:30.872 18999 18999 D wpa_supplicant: wpa_driver_wext_driver_cmd LINKSPEED len = 248
06-27 08:54:30.876 18999 18999 D wpa_supplicant: wpa_driver_wext_driver_cmd LinkSpeed 5 len = 11, 11
06-27 08:54:32.283  4069  4082 I PhoneLab-: Service Running
06-27 08:54:32.372  4069  4082 I PhoneLab-LoggerService: app_37    1165  1     2184   1744  c00f181c 400107b4 S logcat
06-27 08:54:32.376  4069  4082 I PhoneLab-LoggerService: Logcat pid from database 1165
06-27 08:54:32.376  4069  4082 I PhoneLab-LoggerService: Logcat process found 1165
06-27 08:54:32.376  4069  4082 I PhoneLab-LoggerService: Checking Threshold
06-27 08:54:32.376  4069  4082 I PhoneLab-LoggerService: Starting to rename files
06-27 08:54:32.376  4069  4082 I PhoneLab-LoggerService: Files found .. 2
06-27 08:54:32.380   142 18244 I ActivityManager: Process com.twitter.android (pid 4779) has died.
06-27 08:54:33.880 18999 18999 D wpa_supplicant: wpa_driver_wext_driver_cmd RSSI len = 248
06-27 08:54:33.888 18999 18999 D wpa_supplicant: wpa_driver_wext_driver_cmd raikiri rssi -24  len = 17, 17
06-27 08:54:33.888 18999 18999 D wpa_supplicant: wpa_driver_wext_driver_cmd LINKSPEED len = 248
06-27 08:54:33.888 18999 18999 D wpa_supplicant: wpa_driver_wext_driver_cmd LinkSpeed 5 len = 11, 11
06-27 08:54:36.896 18999 18999 D wpa_supplicant: wpa_driver_wext_driver_cmd RSSI len = 248
06-27 08:54:36.904 18999 18999 D wpa_supplicant: wpa_driver_wext_driver_cmd raikiri rssi -30  len = 17, 17
06-27 08:54:36.904 18999 18999 D wpa_supplicant: wpa_driver_wext_driver_cmd LINKSPEED len = 248
06-27 08:54:36.904 18999 18999 D wpa_supplicant: wpa_driver_wext_driver_cmd LinkSpeed 5 len = 11, 11
06-27 08:54:37.462   211   211 D dalvikvm: GC_EXPLICIT freed 126K, 53% free 10384K/21639K, paused 10ms+5ms
06-27 08:54:39.911 18999 18999 D wpa_supplicant: wpa_driver_wext_driver_cmd RSSI len = 248
06-27 08:54:39.919 18999 18999 D wpa_supplicant: wpa_driver_wext_driver_cmd raikiri rssi -27  len = 17, 17
06-27 08:54:39.919 18999 18999 D wpa_supplicant: wpa_driver_wext_driver_cmd LINKSPEED len = 248
06-27 08:54:39.919 18999 18999 D wpa_supplicant: wpa_driver_wext_driver_cmd LinkSpeed 5 len = 11, 11
06-27 08:54:42.478   334   334 D dalvikvm: GC_EXPLICIT freed 12K, 13% free 12013K/13703K, paused 26ms+4ms
06-27 08:54:42.927 18999 18999 D wpa_supplicant: wpa_driver_wext_driver_cmd RSSI len = 248
06-27 08:54:42.935 18999 18999 D wpa_supplicant: wpa_driver_wext_driver_cmd raikiri rssi -25  len = 17, 17
06-27 08:54:42.935 18999 18999 D wpa_supplicant: wpa_driver_wext_driver_cmd LINKSPEED len = 248
06-27 08:54:42.939 18999 18999 D wpa_supplicant: wpa_driver_wext_driver_cmd LinkSpeed 5 len = 11, 11
06-27 08:54:45.943 18999 18999 D wpa_supplicant: wpa_driver_wext_driver_cmd RSSI len = 248
06-27 08:54:45.951 18999 18999 D wpa_supplicant: wpa_driver_wext_driver_cmd raikiri rssi -27  len = 17, 17
06-27 08:54:45.951 18999 18999 D wpa_supplicant: wpa_driver_wext_driver_cmd LINKSPEED len = 248
06-27 08:54:45.951 18999 18999 D wpa_supplicant: wpa_driver_wext_driver_cmd LinkSpeed 5 len = 11, 11
06-27 08:54:47.451   397   397 D dalvikvm: GC_EXPLICIT freed <1K, 4% free 9038K/9347K, paused 23ms+2ms
06-27 08:54:48.958 18999 18999 D wpa_supplicant: wpa_driver_wext_driver_cmd RSSI len = 248
06-27 08:54:48.966 18999 18999 D wpa_supplicant: wpa_driver_wext_driver_cmd raikiri rssi -28  len = 17, 17
06-27 08:54:48.966 18999 18999 D wpa_supplicant: wpa_driver_wext_driver_cmd LINKSPEED len = 248
06-27 08:54:48.966 18999 18999 D wpa_supplicant: wpa_driver_wext_driver_cmd LinkSpeed 5 len = 11, 11
06-27 08:54:51.974 18999 18999 D wpa_supplicant: wpa_driver_wext_driver_cmd RSSI len = 248
06-27 08:54:51.982 18999 18999 D wpa_supplicant: wpa_driver_wext_driver_cmd raikiri rssi -29  len = 17, 17
06-27 08:54:51.982 18999 18999 D wpa_supplicant: wpa_driver_wext_driver_cmd LINKSPEED len = 248
06-27 08:54:51.982 18999 18999 D wpa_supplicant: wpa_driver_wext_driver_cmd LinkSpeed 5 len = 11, 11
06-27 08:54:52.505  4562  4562 D dalvikvm: GC_EXPLICIT freed 34K, 7% free 9854K/10503K, paused 2ms+4ms
06-27 08:54:53.826 18999 18999 D wpa_supplicant: wpa_driver_wext_driver_cmd SETSUSPENDOPT 0 len = 4096
06-27 08:54:53.826 18999 18999 D wpa_supplicant: wpa_driver_wext_driver_cmd SETSUSPENDOPT 0 len = 0, 15
06-27 08:54:53.826 18999 18999 D wpa_supplicant: wpa_driver_wext_driver_cmd POWERMODE 0 len = 4096
06-27 08:54:53.837 18999 18999 D wpa_supplicant: wpa_driver_wext_driver_cmd OK len = 0, 2
06-27 08:54:53.837 18999 18999 D wpa_supplicant: WPS: Building WPS IE for Probe Request
06-27 08:54:53.837 18999 18999 D wpa_supplicant: WPS:  * Version (hardcoded 0x10)
06-27 08:54:53.837 18999 18999 D wpa_supplicant: WPS:  * Request Type
06-27 08:54:53.837 18999 18999 D wpa_supplicant: WPS:  * Config Methods (2388)
06-27 08:54:53.837 18999 18999 D wpa_supplicant: WPS:  * UUID-E
06-27 08:54:53.837 18999 18999 D wpa_supplicant: WPS:  * Primary Device Type
06-27 08:54:53.837 18999 18999 D wpa_supplicant: WPS:  * RF Bands (3)
06-27 08:54:53.837 18999 18999 D wpa_supplicant: WPS:  * Association State
06-27 08:54:53.837 18999 18999 D wpa_supplicant: WPS:  * Configuration Error (0)
06-27 08:54:53.837 18999 18999 D wpa_supplicant: WPS:  * Device Password ID (0)
06-27 08:54:53.837 18999 18999 D wpa_supplicant: WPS:  * Manufacturer
06-27 08:54:53.837 18999 18999 D wpa_supplicant: WPS:  * Model Name
06-27 08:54:53.837 18999 18999 D wpa_supplicant: WPS:  * Model Number
06-27 08:54:53.837 18999 18999 D wpa_supplicant: WPS:  * Device Name
06-27 08:54:53.837 18999 18999 D wpa_supplicant: WPS:  * Version2 (0x20)
06-27 08:54:53.837 18999 18999 D wpa_supplicant: wpa_driver_wext_combo_scan: Start
06-27 08:54:53.837 18999 18999 D wpa_supplicant: For Scan: (null)
06-27 08:54:53.837 18999 18999 D wpa_supplicant: Scan requested (ret=0) - scan timeout 30 seconds
06-27 08:54:54.986 18999 18999 D wpa_supplicant: wpa_driver_wext_driver_cmd RSSI len = 248
06-27 08:54:54.990 18999 18999 D wpa_supplicant: wpa_driver_wext_driver_cmd raikiri rssi -22  len = 17, 17
06-27 08:54:54.990 18999 18999 D wpa_supplicant: wpa_driver_wext_driver_cmd LINKSPEED len = 248
06-27 08:54:54.990 18999 18999 D wpa_supplicant: wpa_driver_wext_driver_cmd LinkSpeed 5 len = 11, 11
06-27 08:54:55.009 18999 18999 D wpa_supplicant: RTM_NEWLINK: operstate=1 ifi_flags=0x11043 ([UP][RUNNING][LOWER_UP])
06-27 08:54:55.009 18999 18999 D wpa_supplicant: RTM_NEWLINK, IFLA_IFNAME: Interface 'wlan0' added
06-27 08:54:55.009 18999 18999 D wpa_supplicant: Wireless event: cmd=0x8b19 len=8
06-27 08:54:55.013 18999 18999 D wpa_supplicant: Received 2314 bytes of scan results (9 BSSes)
06-27 08:54:55.165  4360  4362 D dalvikvm: GC_CONCURRENT freed 507K, 6% free 10300K/10887K, paused 2ms+2ms
06-27 08:54:55.185   142   153 I ActivityManager: Start proc com.google.android.apps.maps:LocationFriendService for service com.google.android.apps.maps/com.google.googlenav.friend.reporting.LocationReceiverService: pid=4826 uid=10056 gids={3003, 1015}
06-27 08:54:55.189 18999 18999 D wpa_supplicant: wpa_driver_wext_driver_cmd SETSUSPENDOPT 0 len = 4096
06-27 08:54:55.189 18999 18999 D wpa_supplicant: wpa_driver_wext_driver_cmd SETSUSPENDOPT 0 len = 0, 15
06-27 08:54:55.189 18999 18999 D wpa_supplicant: wpa_driver_wext_driver_cmd POWERMODE 0 len = 4096
06-27 08:54:55.197 18999 18999 D wpa_supplicant: wpa_driver_wext_driver_cmd OK len = 0, 2
06-27 08:54:55.310  4826  4829 D dalvikvm: GC_CONCURRENT freed 156K, 3% free 9380K/9607K, paused 2ms+2ms
06-27 08:54:55.533  4826  4829 D dalvikvm: GC_CONCURRENT freed 177K, 3% free 9708K/9991K, paused 2ms+4ms
06-27 08:54:55.732  4826  4829 D dalvikvm: GC_CONCURRENT freed 291K, 4% free 9931K/10311K, paused 2ms+2ms
06-27 08:54:57.997 18999 18999 D wpa_supplicant: wpa_driver_wext_driver_cmd RSSI len = 248
06-27 08:54:58.005 18999 18999 D wpa_supplicant: wpa_driver_wext_driver_cmd raikiri rssi -31  len = 17, 17
06-27 08:54:58.005 18999 18999 D wpa_supplicant: wpa_driver_wext_driver_cmd LINKSPEED len = 248
06-27 08:54:58.005 18999 18999 D wpa_supplicant: wpa_driver_wext_driver_cmd LinkSpeed 5 len = 11, 11
06-27 08:55:01.013 18999 18999 D wpa_supplicant: wpa_driver_wext_driver_cmd RSSI len = 248
06-27 08:55:01.021 18999 18999 D wpa_supplicant: wpa_driver_wext_driver_cmd raikiri rssi -28  len = 17, 17
06-27 08:55:01.021 18999 18999 D wpa_supplicant: wpa_driver_wext_driver_cmd LINKSPEED len = 248
06-27 08:55:01.021 18999 18999 D wpa_supplicant: wpa_driver_wext_driver_cmd LinkSpeed 5 len = 11, 11
06-27 08:55:04.029 18999 18999 D wpa_supplicant: wpa_driver_wext_driver_cmd RSSI len = 248
06-27 08:55:04.036 18999 18999 D wpa_supplicant: wpa_driver_wext_driver_cmd raikiri rssi -29  len = 17, 17
06-27 08:55:04.036 18999 18999 D wpa_supplicant: wpa_driver_wext_driver_cmd LINKSPEED len = 248
06-27 08:55:04.036 18999 18999 D wpa_supplicant: wpa_driver_wext_driver_cmd LinkSpeed 5 len = 11, 11
06-27 08:55:05.091  3103  3103 E GeckoApp: low memory
06-27 08:55:05.228  3103  3103 D dalvikvm: GC_EXPLICIT freed 7K, 31% free 10741K/15559K, paused 13ms+4ms
06-27 08:55:07.044 18999 18999 D wpa_supplicant: wpa_driver_wext_driver_cmd RSSI len = 248
06-27 08:55:07.044 18999 18999 D wpa_supplicant: wpa_driver_wext_driver_cmd raikiri rssi -25  len = 17, 17
06-27 08:55:07.044 18999 18999 D wpa_supplicant: wpa_driver_wext_driver_cmd LINKSPEED len = 248
06-27 08:55:07.048 18999 18999 D wpa_supplicant: wpa_driver_wext_driver_cmd LinkSpeed 5 len = 11, 11
06-27 08:55:10.052 18999 18999 D wpa_supplicant: wpa_driver_wext_driver_cmd RSSI len = 248
06-27 08:55:10.060 18999 18999 D wpa_supplicant: wpa_driver_wext_driver_cmd raikiri rssi -29  len = 17, 17
06-27 08:55:10.060 18999 18999 D wpa_supplicant: wpa_driver_wext_driver_cmd LINKSPEED len = 248
06-27 08:55:10.060 18999 18999 D wpa_supplicant: wpa_driver_wext_driver_cmd LinkSpeed 5 len = 11, 11
06-27 08:55:13.068 18999 18999 D wpa_supplicant: wpa_driver_wext_driver_cmd RSSI len = 248
06-27 08:55:13.076 18999 18999 D wpa_supplicant: wpa_driver_wext_driver_cmd raikiri rssi -23  len = 17, 17
06-27 08:55:13.076 18999 18999 D wpa_supplicant: wpa_driver_wext_driver_cmd LINKSPEED len = 248
06-27 08:55:13.079 18999 18999 D wpa_supplicant: wpa_driver_wext_driver_cmd LinkSpeed 5 len = 11, 11
06-27 08:55:14.618   366   366 D dalvikvm: GC_EXPLICIT freed <1K, 29% free 11338K/15815K, paused 2ms+5ms
06-27 08:55:16.083 18999 18999 D wpa_supplicant: wpa_driver_wext_driver_cmd RSSI len = 248
06-27 08:55:16.091 18999 18999 D wpa_supplicant: wpa_driver_wext_driver_cmd raikiri rssi -23  len = 17, 17
06-27 08:55:16.091 18999 18999 D wpa_supplicant: wpa_driver_wext_driver_cmd LINKSPEED len = 248
06-27 08:55:16.091 18999 18999 D wpa_supplicant: wpa_driver_wext_driver_cmd LinkSpeed 5 len = 11, 11
06-27 08:55:19.099 18999 18999 D wpa_supplicant: wpa_driver_wext_driver_cmd RSSI len = 248
06-27 08:55:19.107 18999 18999 D wpa_supplicant: wpa_driver_wext_driver_cmd raikiri rssi -25  len = 17, 17
06-27 08:55:19.107 18999 18999 D wpa_supplicant: wpa_driver_wext_driver_cmd LINKSPEED len = 248
06-27 08:55:19.107 18999 18999 D wpa_supplicant: wpa_driver_wext_driver_cmd LinkSpeed 5 len = 11, 11
06-27 08:55:19.681  3825  3825 D dalvikvm: GC_EXPLICIT freed <1K, 4% free 9055K/9347K, paused 17ms+2ms
06-27 08:55:22.115 18999 18999 D wpa_supplicant: wpa_driver_wext_driver_cmd RSSI len = 248
06-27 08:55:22.122 18999 18999 D wpa_supplicant: wpa_driver_wext_driver_cmd raikiri rssi -24  len = 17, 17
06-27 08:55:22.122 18999 18999 D wpa_supplicant: wpa_driver_wext_driver_cmd LINKSPEED len = 248
06-27 08:55:22.122 18999 18999 D wpa_supplicant: wpa_driver_wext_driver_cmd LinkSpeed 5 len = 11, 11
06-27 08:55:24.646  4360  4360 D dalvikvm: GC_EXPLICIT freed 37K, 6% free 10288K/10887K, paused 12ms+3ms
06-27 08:55:25.130 18999 18999 D wpa_supplicant: wpa_driver_wext_driver_cmd RSSI len = 248
06-27 08:55:25.138 18999 18999 D wpa_supplicant: wpa_driver_wext_driver_cmd raikiri rssi -26  len = 17, 17
06-27 08:55:25.138 18999 18999 D wpa_supplicant: wpa_driver_wext_driver_cmd LINKSPEED len = 248
06-27 08:55:25.138 18999 18999 D wpa_supplicant: wpa_driver_wext_driver_cmd LinkSpeed 5 len = 11, 11
06-27 08:55:28.146 18999 18999 D wpa_supplicant: wpa_driver_wext_driver_cmd RSSI len = 248
06-27 08:55:28.154 18999 18999 D wpa_supplicant: wpa_driver_wext_driver_cmd raikiri rssi -29  len = 17, 17
06-27 08:55:28.154 18999 18999 D wpa_supplicant: wpa_driver_wext_driver_cmd LINKSPEED len = 248
06-27 08:55:28.154 18999 18999 D wpa_supplicant: wpa_driver_wext_driver_cmd LinkSpeed 5 len = 11, 11
06-27 08:55:29.669  4069  4069 D dalvikvm: GC_EXPLICIT freed 185K, 14% free 9095K/10567K, paused 9ms+2ms
06-27 08:55:31.161 18999 18999 D wpa_supplicant: wpa_driver_wext_driver_cmd RSSI len = 248
06-27 08:55:31.169 18999 18999 D wpa_supplicant: wpa_driver_wext_driver_cmd raikiri rssi -29  len = 17, 17
06-27 08:55:31.169 18999 18999 D wpa_supplicant: wpa_driver_wext_driver_cmd LINKSPEED len = 248
06-27 08:55:31.169 18999 18999 D wpa_supplicant: wpa_driver_wext_driver_cmd LinkSpeed 5 len = 11, 11
06-27 08:55:34.177 18999 18999 D wpa_supplicant: wpa_driver_wext_driver_cmd RSSI len = 248
06-27 08:55:34.185 18999 18999 D wpa_supplicant: wpa_driver_wext_driver_cmd raikiri rssi -25  len = 17, 17
06-27 08:55:34.185 18999 18999 D wpa_supplicant: wpa_driver_wext_driver_cmd LINKSPEED len = 248
06-27 08:55:34.185 18999 18999 D wpa_supplicant: wpa_driver_wext_driver_cmd LinkSpeed 5 len = 11, 11
06-27 08:55:34.685  4662  4662 D dalvikvm: GC_EXPLICIT freed 62K, 4% free 9235K/9607K, paused 12ms+2ms
06-27 08:55:37.193 18999 18999 D wpa_supplicant: wpa_driver_wext_driver_cmd RSSI len = 248
06-27 08:55:37.201 18999 18999 D wpa_supplicant: wpa_driver_wext_driver_cmd raikiri rssi -25  len = 17, 17
06-27 08:55:37.201 18999 18999 D wpa_supplicant: wpa_driver_wext_driver_cmd LINKSPEED len = 248
06-27 08:55:37.201 18999 18999 D wpa_supplicant: wpa_driver_wext_driver_cmd LinkSpeed 5 len = 11, 11
06-27 08:55:39.716  4679  4679 D dalvikvm: GC_EXPLICIT freed 449K, 5% free 10608K/11143K, paused 9ms+6ms
06-27 08:55:40.208 18999 18999 D wpa_supplicant: wpa_driver_wext_driver_cmd RSSI len = 248
06-27 08:55:40.216 18999 18999 D wpa_supplicant: wpa_driver_wext_driver_cmd raikiri rssi -29  len = 17, 17
06-27 08:55:40.216 18999 18999 D wpa_supplicant: wpa_driver_wext_driver_cmd LINKSPEED len = 248
06-27 08:55:40.220 18999 18999 D wpa_supplicant: wpa_driver_wext_driver_cmd LinkSpeed 5 len = 11, 11
06-27 08:55:43.224 18999 18999 D wpa_supplicant: wpa_driver_wext_driver_cmd RSSI len = 248
06-27 08:55:43.232 18999 18999 D wpa_supplicant: wpa_driver_wext_driver_cmd raikiri rssi -25  len = 17, 17
06-27 08:55:43.232 18999 18999 D wpa_supplicant: wpa_driver_wext_driver_cmd LINKSPEED len = 248
06-27 08:55:43.232 18999 18999 D wpa_supplicant: wpa_driver_wext_driver_cmd LinkSpeed 5 len = 11, 11
06-27 08:55:46.240 18999 18999 D wpa_supplicant: wpa_driver_wext_driver_cmd RSSI len = 248
06-27 08:55:46.247 18999 18999 D wpa_supplicant: wpa_driver_wext_driver_cmd raikiri rssi -26  len = 17, 17
06-27 08:55:46.247 18999 18999 D wpa_supplicant: wpa_driver_wext_driver_cmd LINKSPEED len = 248
06-27 08:55:46.247 18999 18999 D wpa_supplicant: wpa_driver_wext_driver_cmd LinkSpeed 5 len = 11, 11
06-27 08:55:49.255 18999 18999 D wpa_supplicant: wpa_driver_wext_driver_cmd RSSI len = 248
06-27 08:55:49.263 18999 18999 D wpa_supplicant: wpa_driver_wext_driver_cmd raikiri rssi -26  len = 17, 17
06-27 08:55:49.263 18999 18999 D wpa_supplicant: wpa_driver_wext_driver_cmd LINKSPEED len = 248
06-27 08:55:49.263 18999 18999 D wpa_supplicant: wpa_driver_wext_driver_cmd LinkSpeed 5 len = 11, 11
06-27 08:55:52.271 18999 18999 D wpa_supplicant: wpa_driver_wext_driver_cmd RSSI len = 248
06-27 08:55:52.279 18999 18999 D wpa_supplicant: wpa_driver_wext_driver_cmd raikiri rssi -26  len = 17, 17
06-27 08:55:52.279 18999 18999 D wpa_supplicant: wpa_driver_wext_driver_cmd LINKSPEED len = 248
06-27 08:55:52.279 18999 18999 D wpa_supplicant: wpa_driver_wext_driver_cmd LinkSpeed 5 len = 11, 11
06-27 08:55:53.888 18999 18999 D wpa_supplicant: wpa_driver_wext_driver_cmd SETSUSPENDOPT 0 len = 4096
06-27 08:55:53.888 18999 18999 D wpa_supplicant: wpa_driver_wext_driver_cmd SETSUSPENDOPT 0 len = 0, 15
06-27 08:55:53.888 18999 18999 D wpa_supplicant: wpa_driver_wext_driver_cmd POWERMODE 0 len = 4096
06-27 08:55:53.900 18999 18999 D wpa_supplicant: wpa_driver_wext_driver_cmd OK len = 0, 2
06-27 08:55:53.900 18999 18999 D wpa_supplicant: WPS: Building WPS IE for Probe Request
06-27 08:55:53.900 18999 18999 D wpa_supplicant: WPS:  * Version (hardcoded 0x10)
06-27 08:55:53.900 18999 18999 D wpa_supplicant: WPS:  * Request Type
06-27 08:55:53.900 18999 18999 D wpa_supplicant: WPS:  * Config Methods (2388)
06-27 08:55:53.900 18999 18999 D wpa_supplicant: WPS:  * UUID-E
06-27 08:55:53.900 18999 18999 D wpa_supplicant: WPS:  * Primary Device Type
06-27 08:55:53.900 18999 18999 D wpa_supplicant: WPS:  * RF Bands (3)
06-27 08:55:53.900 18999 18999 D wpa_supplicant: WPS:  * Association State
06-27 08:55:53.900 18999 18999 D wpa_supplicant: WPS:  * Configuration Error (0)
06-27 08:55:53.900 18999 18999 D wpa_supplicant: WPS:  * Device Password ID (0)
06-27 08:55:53.900 18999 18999 D wpa_supplicant: WPS:  * Manufacturer
06-27 08:55:53.900 18999 18999 D wpa_supplicant: WPS:  * Model Name
06-27 08:55:53.900 18999 18999 D wpa_supplicant: WPS:  * Model Number
06-27 08:55:53.900 18999 18999 D wpa_supplicant: WPS:  * Device Name
06-27 08:55:53.900 18999 18999 D wpa_supplicant: WPS:  * Version2 (0x20)
06-27 08:55:53.900 18999 18999 D wpa_supplicant: wpa_driver_wext_combo_scan: Start
06-27 08:55:53.900 18999 18999 D wpa_supplicant: For Scan: (null)
06-27 08:55:53.904 18999 18999 D wpa_supplicant: Scan requested (ret=0) - scan timeout 30 seconds
06-27 08:55:55.076 18999 18999 D wpa_supplicant: RTM_NEWLINK: operstate=1 ifi_flags=0x11043 ([UP][RUNNING][LOWER_UP])
06-27 08:55:55.076 18999 18999 D wpa_supplicant: RTM_NEWLINK, IFLA_IFNAME: Interface 'wlan0' added
06-27 08:55:55.076 18999 18999 D wpa_supplicant: Wireless event: cmd=0x8b19 len=8
06-27 08:55:55.076 18999 18999 D wpa_supplicant: Received 1695 bytes of scan results (7 BSSes)
06-27 08:55:55.259 18999 18999 D wpa_supplicant: wpa_driver_wext_driver_cmd SETSUSPENDOPT 0 len = 4096
06-27 08:55:55.259 18999 18999 D wpa_supplicant: wpa_driver_wext_driver_cmd SETSUSPENDOPT 0 len = 0, 15
06-27 08:55:55.263 18999 18999 D wpa_supplicant: wpa_driver_wext_driver_cmd POWERMODE 0 len = 4096
06-27 08:55:55.271 18999 18999 D wpa_supplicant: wpa_driver_wext_driver_cmd OK len = 0, 2
06-27 08:55:55.283 18999 18999 D wpa_supplicant: wpa_driver_wext_driver_cmd RSSI len = 248
06-27 08:55:55.290 18999 18999 D wpa_supplicant: wpa_driver_wext_driver_cmd raikiri rssi -24  len = 17, 17
06-27 08:55:55.290 18999 18999 D wpa_supplicant: wpa_driver_wext_driver_cmd LINKSPEED len = 248
06-27 08:55:55.290 18999 18999 D wpa_supplicant: wpa_driver_wext_driver_cmd LinkSpeed 5 len = 11, 11
06-27 08:55:55.294  4826  4833 I dalvikvm: Total arena pages for JIT: 11
06-27 08:55:55.298  4826  4833 I dalvikvm: Total arena pages for JIT: 12
06-27 08:55:55.298  4826  4833 I dalvikvm: Total arena pages for JIT: 13
06-27 08:55:55.298  4826  4833 I dalvikvm: Total arena pages for JIT: 14
06-27 08:55:55.298  4826  4833 I dalvikvm: Total arena pages for JIT: 15
06-27 08:55:55.298  4826  4833 I dalvikvm: Total arena pages for JIT: 16
06-27 08:55:55.298  4826  4833 I dalvikvm: Total arena pages for JIT: 17
06-27 08:55:55.396  4826  4829 D dalvikvm: GC_CONCURRENT freed 472K, 6% free 10037K/10567K, paused 3ms+2ms
06-27 08:55:58.122 18999 18999 D wpa_supplicant: wpa_driver_wext_driver_cmd BTCOEXMODE 1 len = 4096
06-27 08:55:58.357 18999 18999 D wpa_supplicant: wpa_driver_wext_driver_cmd OK len = 0, 2
06-27 08:55:58.357 18999 18999 D wpa_supplicant: wpa_driver_wext_driver_cmd GETPOWER len = 4096
06-27 08:55:58.361 18999 18999 D wpa_supplicant: wpa_driver_wext_driver_cmd powermode = 0 len = 13, 13
06-27 08:55:58.361 18999 18999 D wpa_supplicant: wpa_driver_wext_driver_cmd POWERMODE 1 len = 4096
06-27 08:55:58.365 18999 18999 D wpa_supplicant: wpa_driver_wext_driver_cmd OK len = 0, 2
06-27 08:55:58.392 18999 18999 D wpa_supplicant: wpa_driver_wext_driver_cmd RSSI len = 248
06-27 08:55:58.404 18999 18999 D wpa_supplicant: wpa_driver_wext_driver_cmd raikiri rssi -23  len = 17, 17
06-27 08:55:58.404 18999 18999 D wpa_supplicant: wpa_driver_wext_driver_cmd LINKSPEED len = 248
06-27 08:55:58.408 18999 18999 D wpa_supplicant: wpa_driver_wext_driver_cmd LinkSpeed 5 len = 11, 11
06-27 08:55:58.783 18999 18999 D wpa_supplicant: wpa_driver_wext_driver_cmd POWERMODE 0 len = 4096
06-27 08:55:58.786 18999 18999 D wpa_supplicant: wpa_driver_wext_driver_cmd OK len = 0, 2
06-27 08:55:58.786 18999 18999 D wpa_supplicant: wpa_driver_wext_driver_cmd BTCOEXMODE 2 len = 4096
06-27 08:55:58.786 18999 18999 D wpa_supplicant: wpa_driver_wext_driver_cmd OK len = 0, 2
06-27 08:55:58.786   142   196 D DhcpInfoInternal: makeLinkProperties with empty dns2!
06-27 08:55:58.786   142   196 D DhcpInfoInternal: makeLinkProperties with empty dns2!
06-27 08:56:01.415 18999 18999 D wpa_supplicant: wpa_driver_wext_driver_cmd RSSI len = 248
06-27 08:56:01.423 18999 18999 D wpa_supplicant: wpa_driver_wext_driver_cmd raikiri rssi -24  len = 17, 17
06-27 08:56:01.423 18999 18999 D wpa_supplicant: wpa_driver_wext_driver_cmd LINKSPEED len = 248
06-27 08:56:01.427 18999 18999 D wpa_supplicant: wpa_driver_wext_driver_cmd LinkSpeed 5 len = 11, 11
06-27 08:56:04.454 18999 18999 D wpa_supplicant: wpa_driver_wext_driver_cmd RSSI len = 248
06-27 08:56:04.462 18999 18999 D wpa_supplicant: wpa_driver_wext_driver_cmd raikiri rssi -28  len = 17, 17
06-27 08:56:04.462 18999 18999 D wpa_supplicant: wpa_driver_wext_driver_cmd LINKSPEED len = 248
06-27 08:56:04.470 18999 18999 D wpa_supplicant: wpa_driver_wext_driver_cmd LinkSpeed 5 len = 11, 11
06-27 08:56:05.560   142  4967 I ActivityManager: Start proc android.process.acore for content provider com.android.providers.contacts/.ContactsProvider2: pid=4869 uid=10000 gids={3003, 1015}
06-27 08:56:05.603  4869  4869 I ActivityThread: Pub call_log: com.android.providers.contacts.CallLogProvider
06-27 08:56:05.646  4869  4869 I ActivityThread: Pub com.android.voicemail: com.android.providers.contacts.VoicemailContentProvider
06-27 08:56:05.650  4869  4869 I ActivityThread: Pub user_dictionary: com.android.providers.userdictionary.UserDictionaryProvider
06-27 08:56:05.681  4869  4869 I ActivityThread: Pub com.android.social: com.android.providers.contacts.SocialProvider
06-27 08:56:05.681  4869  4869 I ActivityThread: Pub applications: com.android.providers.applications.ApplicationsProvider
06-27 08:56:05.876  4869  4871 D dalvikvm: GC_CONCURRENT freed 322K, 5% free 9150K/9607K, paused 4ms+1ms
06-27 08:56:05.896  4869  4869 I ActivityThread: Pub contacts;com.android.contacts: com.android.providers.contacts.ContactsProvider2
06-27 08:56:06.165  4869  4871 D dalvikvm: GC_CONCURRENT freed 196K, 4% free 9341K/9671K, paused 2ms+3ms
06-27 08:56:07.415  4869  4871 D dalvikvm: GC_CONCURRENT freed 209K, 4% free 9520K/9863K, paused 4ms+6ms
06-27 08:56:07.478 18999 18999 D wpa_supplicant: wpa_driver_wext_driver_cmd RSSI len = 248
06-27 08:56:07.486 18999 18999 D wpa_supplicant: wpa_driver_wext_driver_cmd raikiri rssi -24  len = 17, 17
06-27 08:56:07.486 18999 18999 D wpa_supplicant: wpa_driver_wext_driver_cmd LINKSPEED len = 248
06-27 08:56:07.486 18999 18999 D wpa_supplicant: wpa_driver_wext_driver_cmd LinkSpeed 5 len = 11, 11
06-27 08:56:10.490 18999 18999 D wpa_supplicant: wpa_driver_wext_driver_cmd RSSI len = 248
06-27 08:56:10.501 18999 18999 D wpa_supplicant: wpa_driver_wext_driver_cmd raikiri rssi -25  len = 17, 17
06-27 08:56:10.501 18999 18999 D wpa_supplicant: wpa_driver_wext_driver_cmd LINKSPEED len = 248
06-27 08:56:10.505 18999 18999 D wpa_supplicant: wpa_driver_wext_driver_cmd LinkSpeed 5 len = 11, 11
06-27 08:56:13.513 18999 18999 D wpa_supplicant: wpa_driver_wext_driver_cmd RSSI len = 248
06-27 08:56:13.521 18999 18999 D wpa_supplicant: wpa_driver_wext_driver_cmd raikiri rssi -29  len = 17, 17
06-27 08:56:13.521 18999 18999 D wpa_supplicant: wpa_driver_wext_driver_cmd LINKSPEED len = 248
06-27 08:56:13.525 18999 18999 D wpa_supplicant: wpa_driver_wext_driver_cmd LinkSpeed 5 len = 11, 11
06-27 08:56:16.529 18999 18999 D wpa_supplicant: wpa_driver_wext_driver_cmd RSSI len = 248
06-27 08:56:16.540 18999 18999 D wpa_supplicant: wpa_driver_wext_driver_cmd raikiri rssi -30  len = 17, 17
06-27 08:56:16.540 18999 18999 D wpa_supplicant: wpa_driver_wext_driver_cmd LINKSPEED len = 248
06-27 08:56:16.544 18999 18999 D wpa_supplicant: wpa_driver_wext_driver_cmd LinkSpeed 5 len = 11, 11
06-27 08:56:19.548 18999 18999 D wpa_supplicant: wpa_driver_wext_driver_cmd RSSI len = 248
06-27 08:56:19.552 18999 18999 D wpa_supplicant: wpa_driver_wext_driver_cmd raikiri rssi -25  len = 17, 17
06-27 08:56:19.552 18999 18999 D wpa_supplicant: wpa_driver_wext_driver_cmd LINKSPEED len = 248
06-27 08:56:19.552 18999 18999 D wpa_supplicant: wpa_driver_wext_driver_cmd LinkSpeed 5 len = 11, 11
06-27 08:56:22.560 18999 18999 D wpa_supplicant: wpa_driver_wext_driver_cmd RSSI len = 248
06-27 08:56:22.568 18999 18999 D wpa_supplicant: wpa_driver_wext_driver_cmd raikiri rssi -27  len = 17, 17
06-27 08:56:22.568 18999 18999 D wpa_supplicant: wpa_driver_wext_driver_cmd LINKSPEED len = 248
06-27 08:56:22.572 18999 18999 D wpa_supplicant: wpa_driver_wext_driver_cmd LinkSpeed 5 len = 11, 11
06-27 08:56:25.576 18999 18999 D wpa_supplicant: wpa_driver_wext_driver_cmd RSSI len = 248
06-27 08:56:25.583 18999 18999 D wpa_supplicant: wpa_driver_wext_driver_cmd raikiri rssi -28  len = 17, 17
06-27 08:56:25.583 18999 18999 D wpa_supplicant: wpa_driver_wext_driver_cmd LINKSPEED len = 248
06-27 08:56:25.587 18999 18999 D wpa_supplicant: wpa_driver_wext_driver_cmd LinkSpeed 5 len = 11, 11
06-27 08:56:28.595 18999 18999 D wpa_supplicant: wpa_driver_wext_driver_cmd RSSI len = 248
06-27 08:56:28.603 18999 18999 D wpa_supplicant: wpa_driver_wext_driver_cmd raikiri rssi -27  len = 17, 17
06-27 08:56:28.603 18999 18999 D wpa_supplicant: wpa_driver_wext_driver_cmd LINKSPEED len = 248
06-27 08:56:28.607 18999 18999 D wpa_supplicant: wpa_driver_wext_driver_cmd LinkSpeed 5 len = 11, 11
06-27 08:56:31.611 18999 18999 D wpa_supplicant: wpa_driver_wext_driver_cmd RSSI len = 248
06-27 08:56:31.622 18999 18999 D wpa_supplicant: wpa_driver_wext_driver_cmd raikiri rssi -26  len = 17, 17
06-27 08:56:31.622 18999 18999 D wpa_supplicant: wpa_driver_wext_driver_cmd LINKSPEED len = 248
06-27 08:56:31.622 18999 18999 D wpa_supplicant: wpa_driver_wext_driver_cmd LinkSpeed 5 len = 11, 11
06-27 08:56:32.286  4069  4082 I PhoneLab-: Service Running
06-27 08:56:32.408  4069  4082 I PhoneLab-LoggerService: app_37    1165  1     2184   1744  c00f181c 400107b4 S logcat
06-27 08:56:32.408  4069  4082 I PhoneLab-LoggerService: Logcat pid from database 1165
06-27 08:56:32.408  4069  4082 I PhoneLab-LoggerService: Logcat process found 1165
06-27 08:56:32.408  4069  4082 I PhoneLab-LoggerService: Checking Threshold
06-27 08:56:32.408  4069  4082 I PhoneLab-LoggerService: Starting to rename files
06-27 08:56:32.408  4069  4082 I PhoneLab-LoggerService: Files found .. 2
06-27 08:56:34.630 18999 18999 D wpa_supplicant: wpa_driver_wext_driver_cmd RSSI len = 248
06-27 08:56:34.638 18999 18999 D wpa_supplicant: wpa_driver_wext_driver_cmd raikiri rssi -30  len = 17, 17
06-27 08:56:34.638 18999 18999 D wpa_supplicant: wpa_driver_wext_driver_cmd LINKSPEED len = 248
06-27 08:56:34.642 18999 18999 D wpa_supplicant: wpa_driver_wext_driver_cmd LinkSpeed 5 len = 11, 11
06-27 08:56:37.646 18999 18999 D wpa_supplicant: wpa_driver_wext_driver_cmd RSSI len = 248
06-27 08:56:37.654 18999 18999 D wpa_supplicant: wpa_driver_wext_driver_cmd raikiri rssi -24  len = 17, 17
06-27 08:56:37.654 18999 18999 D wpa_supplicant: wpa_driver_wext_driver_cmd LINKSPEED len = 248
06-27 08:56:37.658 18999 18999 D wpa_supplicant: wpa_driver_wext_driver_cmd LinkSpeed 5 len = 11, 11
06-27 08:56:40.665 18999 18999 D wpa_supplicant: wpa_driver_wext_driver_cmd RSSI len = 248
06-27 08:56:40.673 18999 18999 D wpa_supplicant: wpa_driver_wext_driver_cmd raikiri rssi -25  len = 17, 17
06-27 08:56:40.673 18999 18999 D wpa_supplicant: wpa_driver_wext_driver_cmd LINKSPEED len = 248
06-27 08:56:40.677 18999 18999 D wpa_supplicant: wpa_driver_wext_driver_cmd LinkSpeed 5 len = 11, 11
06-27 08:56:43.681 18999 18999 D wpa_supplicant: wpa_driver_wext_driver_cmd RSSI len = 248
06-27 08:56:43.689 18999 18999 D wpa_supplicant: wpa_driver_wext_driver_cmd raikiri rssi -26  len = 17, 17
06-27 08:56:43.689 18999 18999 D wpa_supplicant: wpa_driver_wext_driver_cmd LINKSPEED len = 248
06-27 08:56:43.693 18999 18999 D wpa_supplicant: wpa_driver_wext_driver_cmd LinkSpeed 5 len = 11, 11
06-27 08:56:46.697 18999 18999 D wpa_supplicant: wpa_driver_wext_driver_cmd RSSI len = 248
06-27 08:56:46.708 18999 18999 D wpa_supplicant: wpa_driver_wext_driver_cmd raikiri rssi -21  len = 17, 17
06-27 08:56:46.708 18999 18999 D wpa_supplicant: wpa_driver_wext_driver_cmd LINKSPEED len = 248
06-27 08:56:46.708 18999 18999 D wpa_supplicant: wpa_driver_wext_driver_cmd LinkSpeed 5 len = 11, 11
06-27 08:56:49.716 18999 18999 D wpa_supplicant: wpa_driver_wext_driver_cmd RSSI len = 248
06-27 08:56:49.728 18999 18999 D wpa_supplicant: wpa_driver_wext_driver_cmd raikiri rssi -25  len = 17, 17
06-27 08:56:49.728 18999 18999 D wpa_supplicant: wpa_driver_wext_driver_cmd LINKSPEED len = 248
06-27 08:56:49.728 18999 18999 D wpa_supplicant: wpa_driver_wext_driver_cmd LinkSpeed 5 len = 11, 11
06-27 08:56:52.736 18999 18999 D wpa_supplicant: wpa_driver_wext_driver_cmd RSSI len = 248
06-27 08:56:52.743 18999 18999 D wpa_supplicant: wpa_driver_wext_driver_cmd raikiri rssi -24  len = 17, 17
06-27 08:56:52.743 18999 18999 D wpa_supplicant: wpa_driver_wext_driver_cmd LINKSPEED len = 248
06-27 08:56:52.747 18999 18999 D wpa_supplicant: wpa_driver_wext_driver_cmd LinkSpeed 5 len = 11, 11
06-27 08:56:54.060   142 18243 D dalvikvm: GC_EXPLICIT freed 450K, 30% free 16468K/23239K, paused 11ms+7ms
06-27 08:56:54.060 18999 18999 D wpa_supplicant: wpa_driver_wext_driver_cmd SETSUSPENDOPT 0 len = 4096
06-27 08:56:54.060 18999 18999 D wpa_supplicant: wpa_driver_wext_driver_cmd SETSUSPENDOPT 0 len = 0, 15
06-27 08:56:54.064 18999 18999 D wpa_supplicant: wpa_driver_wext_driver_cmd POWERMODE 0 len = 4096
06-27 08:56:54.072 18999 18999 D wpa_supplicant: wpa_driver_wext_driver_cmd OK len = 0, 2
06-27 08:56:54.072 18999 18999 D wpa_supplicant: WPS: Building WPS IE for Probe Request
06-27 08:56:54.072 18999 18999 D wpa_supplicant: WPS:  * Version (hardcoded 0x10)
06-27 08:56:54.072 18999 18999 D wpa_supplicant: WPS:  * Request Type
06-27 08:56:54.072 18999 18999 D wpa_supplicant: WPS:  * Config Methods (2388)
06-27 08:56:54.072 18999 18999 D wpa_supplicant: WPS:  * UUID-E
06-27 08:56:54.072 18999 18999 D wpa_supplicant: WPS:  * Primary Device Type
06-27 08:56:54.072 18999 18999 D wpa_supplicant: WPS:  * RF Bands (3)
06-27 08:56:54.072 18999 18999 D wpa_supplicant: WPS:  * Association State
06-27 08:56:54.072 18999 18999 D wpa_supplicant: WPS:  * Configuration Error (0)
06-27 08:56:54.072 18999 18999 D wpa_supplicant: WPS:  * Device Password ID (0)
06-27 08:56:54.072 18999 18999 D wpa_supplicant: WPS:  * Manufacturer
06-27 08:56:54.072 18999 18999 D wpa_supplicant: WPS:  * Model Name
06-27 08:56:54.072 18999 18999 D wpa_supplicant: WPS:  * Model Number
06-27 08:56:54.072 18999 18999 D wpa_supplicant: WPS:  * Device Name
06-27 08:56:54.072 18999 18999 D wpa_supplicant: WPS:  * Version2 (0x20)
06-27 08:56:54.072 18999 18999 D wpa_supplicant: wpa_driver_wext_combo_scan: Start
06-27 08:56:54.072 18999 18999 D wpa_supplicant: For Scan: (null)
06-27 08:56:54.076 18999 18999 D wpa_supplicant: Scan requested (ret=0) - scan timeout 30 seconds
06-27 08:56:55.240 18999 18999 D wpa_supplicant: RTM_NEWLINK: operstate=1 ifi_flags=0x11043 ([UP][RUNNING][LOWER_UP])
06-27 08:56:55.243 18999 18999 D wpa_supplicant: RTM_NEWLINK, IFLA_IFNAME: Interface 'wlan0' added
06-27 08:56:55.243 18999 18999 D wpa_supplicant: Wireless event: cmd=0x8b19 len=8
06-27 08:56:55.255 18999 18999 D wpa_supplicant: Received 2311 bytes of scan results (10 BSSes)
06-27 08:56:55.408  4360  4362 D dalvikvm: GC_CONCURRENT freed 491K, 6% free 10309K/10887K, paused 2ms+2ms
06-27 08:56:55.466 18999 18999 D wpa_supplicant: wpa_driver_wext_driver_cmd SETSUSPENDOPT 0 len = 4096
06-27 08:56:55.466 18999 18999 D wpa_supplicant: wpa_driver_wext_driver_cmd SETSUSPENDOPT 0 len = 0, 15
06-27 08:56:55.466 18999 18999 D wpa_supplicant: wpa_driver_wext_driver_cmd POWERMODE 0 len = 4096
06-27 08:56:55.474 18999 18999 D wpa_supplicant: wpa_driver_wext_driver_cmd OK len = 0, 2
06-27 08:56:55.486  4826  4833 I dalvikvm: Total arena pages for JIT: 18
06-27 08:56:55.751 18999 18999 D wpa_supplicant: wpa_driver_wext_driver_cmd RSSI len = 248
06-27 08:56:55.759 18999 18999 D wpa_supplicant: wpa_driver_wext_driver_cmd raikiri rssi -22  len = 17, 17
06-27 08:56:55.759 18999 18999 D wpa_supplicant: wpa_driver_wext_driver_cmd LINKSPEED len = 248
06-27 08:56:55.763 18999 18999 D wpa_supplicant: wpa_driver_wext_driver_cmd LinkSpeed 5 len = 11, 11
06-27 08:56:58.775 18999 18999 D wpa_supplicant: wpa_driver_wext_driver_cmd RSSI len = 248
06-27 08:56:58.783 18999 18999 D wpa_supplicant: wpa_driver_wext_driver_cmd raikiri rssi -23  len = 17, 17
06-27 08:56:58.783 18999 18999 D wpa_supplicant: wpa_driver_wext_driver_cmd LINKSPEED len = 248
06-27 08:56:58.786 18999 18999 D wpa_supplicant: wpa_driver_wext_driver_cmd LinkSpeed 5 len = 11, 11
06-27 08:57:01.790 18999 18999 D wpa_supplicant: wpa_driver_wext_driver_cmd RSSI len = 248
06-27 08:57:01.798 18999 18999 D wpa_supplicant: wpa_driver_wext_driver_cmd raikiri rssi -21  len = 17, 17
06-27 08:57:01.798 18999 18999 D wpa_supplicant: wpa_driver_wext_driver_cmd LINKSPEED len = 248
06-27 08:57:01.802 18999 18999 D wpa_supplicant: wpa_driver_wext_driver_cmd LinkSpeed 5 len = 11, 11
06-27 08:57:04.806 18999 18999 D wpa_supplicant: wpa_driver_wext_driver_cmd RSSI len = 248
06-27 08:57:04.814 18999 18999 D wpa_supplicant: wpa_driver_wext_driver_cmd raikiri rssi -25  len = 17, 17
06-27 08:57:04.814 18999 18999 D wpa_supplicant: wpa_driver_wext_driver_cmd LINKSPEED len = 248
06-27 08:57:04.818 18999 18999 D wpa_supplicant: wpa_driver_wext_driver_cmd LinkSpeed 5 len = 11, 11
06-27 08:57:05.552   334   334 D SAN_SERVICE: *******************************************
06-27 08:57:05.552   334   334 D SAN_SERVICE: DM App Phone Service State - 0
06-27 08:57:05.552   334   334 D SAN_SERVICE: *******************************************
06-27 08:57:07.826 18999 18999 D wpa_supplicant: wpa_driver_wext_driver_cmd RSSI len = 248
06-27 08:57:07.833 18999 18999 D wpa_supplicant: wpa_driver_wext_driver_cmd raikiri rssi -24  len = 17, 17
06-27 08:57:07.833 18999 18999 D wpa_supplicant: wpa_driver_wext_driver_cmd LINKSPEED len = 248
06-27 08:57:07.837 18999 18999 D wpa_supplicant: wpa_driver_wext_driver_cmd LinkSpeed 5 len = 11, 11
06-27 08:57:10.841 18999 18999 D wpa_supplicant: wpa_driver_wext_driver_cmd RSSI len = 248
06-27 08:57:10.849 18999 18999 D wpa_supplicant: wpa_driver_wext_driver_cmd raikiri rssi -24  len = 17, 17
06-27 08:57:10.849 18999 18999 D wpa_supplicant: wpa_driver_wext_driver_cmd LINKSPEED len = 248
06-27 08:57:10.853 18999 18999 D wpa_supplicant: wpa_driver_wext_driver_cmd LinkSpeed 5 len = 11, 11
06-27 08:57:13.861 18999 18999 D wpa_supplicant: wpa_driver_wext_driver_cmd RSSI len = 248
06-27 08:57:13.868 18999 18999 D wpa_supplicant: wpa_driver_wext_driver_cmd raikiri rssi -23  len = 17, 17
06-27 08:57:13.868 18999 18999 D wpa_supplicant: wpa_driver_wext_driver_cmd LINKSPEED len = 248
06-27 08:57:13.872 18999 18999 D wpa_supplicant: wpa_driver_wext_driver_cmd LinkSpeed 5 len = 11, 11
06-27 08:57:15.493   334   334 D SAN_SERVICE: *******************************************
06-27 08:57:15.493   334   334 D SAN_SERVICE: DM App Phone Service State - 0
06-27 08:57:15.493   334   334 D SAN_SERVICE: *******************************************
06-27 08:57:16.201   334   334 D SAN_SERVICE: *******************************************
06-27 08:57:16.201   334   334 D SAN_SERVICE: DM App Phone Service State - 0
06-27 08:57:16.201   334   334 D SAN_SERVICE: *******************************************
06-27 08:57:16.876 18999 18999 D wpa_supplicant: wpa_driver_wext_driver_cmd RSSI len = 248
06-27 08:57:16.884 18999 18999 D wpa_supplicant: wpa_driver_wext_driver_cmd raikiri rssi -23  len = 17, 17
06-27 08:57:16.884 18999 18999 D wpa_supplicant: wpa_driver_wext_driver_cmd LINKSPEED len = 248
06-27 08:57:16.888 18999 18999 D wpa_supplicant: wpa_driver_wext_driver_cmd LinkSpeed 5 len = 11, 11
06-27 08:57:19.892 18999 18999 D wpa_supplicant: wpa_driver_wext_driver_cmd RSSI len = 248
06-27 08:57:19.904 18999 18999 D wpa_supplicant: wpa_driver_wext_driver_cmd raikiri rssi -24  len = 17, 17
06-27 08:57:19.904 18999 18999 D wpa_supplicant: wpa_driver_wext_driver_cmd LINKSPEED len = 248
06-27 08:57:19.904 18999 18999 D wpa_supplicant: wpa_driver_wext_driver_cmd LinkSpeed 5 len = 11, 11
06-27 08:57:22.911 18999 18999 D wpa_supplicant: wpa_driver_wext_driver_cmd RSSI len = 248
06-27 08:57:22.919 18999 18999 D wpa_supplicant: wpa_driver_wext_driver_cmd raikiri rssi -23  len = 17, 17
06-27 08:57:22.919 18999 18999 D wpa_supplicant: wpa_driver_wext_driver_cmd LINKSPEED len = 248
06-27 08:57:22.927 18999 18999 D wpa_supplicant: wpa_driver_wext_driver_cmd LinkSpeed 5 len = 11, 11
06-27 08:57:25.931 18999 18999 D wpa_supplicant: wpa_driver_wext_driver_cmd RSSI len = 248
06-27 08:57:25.939 18999 18999 D wpa_supplicant: wpa_driver_wext_driver_cmd raikiri rssi -26  len = 17, 17
06-27 08:57:25.939 18999 18999 D wpa_supplicant: wpa_driver_wext_driver_cmd LINKSPEED len = 248
06-27 08:57:25.943 18999 18999 D wpa_supplicant: wpa_driver_wext_driver_cmd LinkSpeed 5 len = 11, 11
06-27 08:57:28.947 18999 18999 D wpa_supplicant: wpa_driver_wext_driver_cmd RSSI len = 248
06-27 08:57:28.958 18999 18999 D wpa_supplicant: wpa_driver_wext_driver_cmd raikiri rssi -28  len = 17, 17
06-27 08:57:28.958 18999 18999 D wpa_supplicant: wpa_driver_wext_driver_cmd LINKSPEED len = 248
06-27 08:57:28.958 18999 18999 D wpa_supplicant: wpa_driver_wext_driver_cmd LinkSpeed 5 len = 11, 11
06-27 08:57:31.966 18999 18999 D wpa_supplicant: wpa_driver_wext_driver_cmd RSSI len = 248
06-27 08:57:31.974 18999 18999 D wpa_supplicant: wpa_driver_wext_driver_cmd raikiri rssi -29  len = 17, 17
06-27 08:57:31.974 18999 18999 D wpa_supplicant: wpa_driver_wext_driver_cmd LINKSPEED len = 248
06-27 08:57:31.978 18999 18999 D wpa_supplicant: wpa_driver_wext_driver_cmd LinkSpeed 5 len = 11, 11
06-27 08:57:34.982 18999 18999 D wpa_supplicant: wpa_driver_wext_driver_cmd RSSI len = 248
06-27 08:57:34.993 18999 18999 D wpa_supplicant: wpa_driver_wext_driver_cmd raikiri rssi -31  len = 17, 17
06-27 08:57:34.993 18999 18999 D wpa_supplicant: wpa_driver_wext_driver_cmd LINKSPEED len = 248
06-27 08:57:34.997 18999 18999 D wpa_supplicant: wpa_driver_wext_driver_cmd LinkSpeed 5 len = 11, 11
06-27 08:57:38.001 18999 18999 D wpa_supplicant: wpa_driver_wext_driver_cmd RSSI len = 248
06-27 08:57:38.009 18999 18999 D wpa_supplicant: wpa_driver_wext_driver_cmd raikiri rssi -30  len = 17, 17
06-27 08:57:38.009 18999 18999 D wpa_supplicant: wpa_driver_wext_driver_cmd LINKSPEED len = 248
06-27 08:57:38.013 18999 18999 D wpa_supplicant: wpa_driver_wext_driver_cmd LinkSpeed 5 len = 11, 11
06-27 08:57:41.021 18999 18999 D wpa_supplicant: wpa_driver_wext_driver_cmd RSSI len = 248
06-27 08:57:41.029 18999 18999 D wpa_supplicant: wpa_driver_wext_driver_cmd raikiri rssi -32  len = 17, 17
06-27 08:57:41.029 18999 18999 D wpa_supplicant: wpa_driver_wext_driver_cmd LINKSPEED len = 248
06-27 08:57:41.040 18999 18999 D wpa_supplicant: wpa_driver_wext_driver_cmd LinkSpeed 5 len = 11, 11
06-27 08:57:44.048 18999 18999 D wpa_supplicant: wpa_driver_wext_driver_cmd RSSI len = 248
06-27 08:57:44.056 18999 18999 D wpa_supplicant: wpa_driver_wext_driver_cmd raikiri rssi -30  len = 17, 17
06-27 08:57:44.056 18999 18999 D wpa_supplicant: wpa_driver_wext_driver_cmd LINKSPEED len = 248
06-27 08:57:44.060 18999 18999 D wpa_supplicant: wpa_driver_wext_driver_cmd LinkSpeed 5 len = 11, 11
06-27 08:57:47.068 18999 18999 D wpa_supplicant: wpa_driver_wext_driver_cmd RSSI len = 248
06-27 08:57:47.091 18999 18999 D wpa_supplicant: wpa_driver_wext_driver_cmd raikiri rssi -34  len = 17, 17
06-27 08:57:47.091 18999 18999 D wpa_supplicant: wpa_driver_wext_driver_cmd LINKSPEED len = 248
06-27 08:57:47.095 18999 18999 D wpa_supplicant: wpa_driver_wext_driver_cmd LinkSpeed 5 len = 11, 11
06-27 08:57:50.099 18999 18999 D wpa_supplicant: wpa_driver_wext_driver_cmd RSSI len = 248
06-27 08:57:50.107 18999 18999 D wpa_supplicant: wpa_driver_wext_driver_cmd raikiri rssi -29  len = 17, 17
06-27 08:57:50.107 18999 18999 D wpa_supplicant: wpa_driver_wext_driver_cmd LINKSPEED len = 248
06-27 08:57:50.107 18999 18999 D wpa_supplicant: wpa_driver_wext_driver_cmd LinkSpeed 5 len = 11, 11
06-27 08:57:53.115 18999 18999 D wpa_supplicant: wpa_driver_wext_driver_cmd RSSI len = 248
06-27 08:57:53.122 18999 18999 D wpa_supplicant: wpa_driver_wext_driver_cmd raikiri rssi -27  len = 17, 17
06-27 08:57:53.122 18999 18999 D wpa_supplicant: wpa_driver_wext_driver_cmd LINKSPEED len = 248
06-27 08:57:53.126 18999 18999 D wpa_supplicant: wpa_driver_wext_driver_cmd LinkSpeed 5 len = 11, 11
06-27 08:57:54.142 18999 18999 D wpa_supplicant: wpa_driver_wext_driver_cmd SETSUSPENDOPT 0 len = 4096
06-27 08:57:54.142 18999 18999 D wpa_supplicant: wpa_driver_wext_driver_cmd SETSUSPENDOPT 0 len = 0, 15
06-27 08:57:54.142 18999 18999 D wpa_supplicant: wpa_driver_wext_driver_cmd POWERMODE 0 len = 4096
06-27 08:57:54.154 18999 18999 D wpa_supplicant: wpa_driver_wext_driver_cmd OK len = 0, 2
06-27 08:57:54.154 18999 18999 D wpa_supplicant: WPS: Building WPS IE for Probe Request
06-27 08:57:54.154 18999 18999 D wpa_supplicant: WPS:  * Version (hardcoded 0x10)
06-27 08:57:54.154 18999 18999 D wpa_supplicant: WPS:  * Request Type
06-27 08:57:54.154 18999 18999 D wpa_supplicant: WPS:  * Config Methods (2388)
06-27 08:57:54.154 18999 18999 D wpa_supplicant: WPS:  * UUID-E
06-27 08:57:54.154 18999 18999 D wpa_supplicant: WPS:  * Primary Device Type
06-27 08:57:54.154 18999 18999 D wpa_supplicant: WPS:  * RF Bands (3)
06-27 08:57:54.154 18999 18999 D wpa_supplicant: WPS:  * Association State
06-27 08:57:54.154 18999 18999 D wpa_supplicant: WPS:  * Configuration Error (0)
06-27 08:57:54.154 18999 18999 D wpa_supplicant: WPS:  * Device Password ID (0)
06-27 08:57:54.154 18999 18999 D wpa_supplicant: WPS:  * Manufacturer
06-27 08:57:54.154 18999 18999 D wpa_supplicant: WPS:  * Model Name
06-27 08:57:54.154 18999 18999 D wpa_supplicant: WPS:  * Model Number
06-27 08:57:54.154 18999 18999 D wpa_supplicant: WPS:  * Device Name
06-27 08:57:54.154 18999 18999 D wpa_supplicant: WPS:  * Version2 (0x20)
06-27 08:57:54.154 18999 18999 D wpa_supplicant: wpa_driver_wext_combo_scan: Start
06-27 08:57:54.154 18999 18999 D wpa_supplicant: For Scan: (null)
06-27 08:57:54.158 18999 18999 D wpa_supplicant: Scan requested (ret=0) - scan timeout 30 seconds
06-27 08:57:55.326 18999 18999 D wpa_supplicant: RTM_NEWLINK: operstate=1 ifi_flags=0x11043 ([UP][RUNNING][LOWER_UP])
06-27 08:57:55.326 18999 18999 D wpa_supplicant: RTM_NEWLINK, IFLA_IFNAME: Interface 'wlan0' added
06-27 08:57:55.326 18999 18999 D wpa_supplicant: Wireless event: cmd=0x8b19 len=8
06-27 08:57:55.337 18999 18999 D wpa_supplicant: Received 2059 bytes of scan results (9 BSSes)
06-27 08:57:55.470 18999 18999 D wpa_supplicant: wpa_driver_wext_driver_cmd SETSUSPENDOPT 0 len = 4096
06-27 08:57:55.474 18999 18999 D wpa_supplicant: wpa_driver_wext_driver_cmd SETSUSPENDOPT 0 len = 0, 15
06-27 08:57:55.482 18999 18999 D wpa_supplicant: wpa_driver_wext_driver_cmd POWERMODE 0 len = 4096
06-27 08:57:55.490 18999 18999 D wpa_supplicant: wpa_driver_wext_driver_cmd OK len = 0, 2
06-27 08:57:55.540  4826  4829 D dalvikvm: GC_CONCURRENT freed 565K, 7% free 9954K/10631K, paused 4ms+2ms
06-27 08:57:56.126 18999 18999 D wpa_supplicant: wpa_driver_wext_driver_cmd RSSI len = 248
06-27 08:57:56.142 18999 18999 D wpa_supplicant: wpa_driver_wext_driver_cmd raikiri rssi -29  len = 17, 17
06-27 08:57:56.146 18999 18999 D wpa_supplicant: wpa_driver_wext_driver_cmd LINKSPEED len = 248
06-27 08:57:56.146 18999 18999 D wpa_supplicant: wpa_driver_wext_driver_cmd LinkSpeed 5 len = 11, 11
06-27 08:57:59.154 18999 18999 D wpa_supplicant: wpa_driver_wext_driver_cmd RSSI len = 248
06-27 08:57:59.161 18999 18999 D wpa_supplicant: wpa_driver_wext_driver_cmd raikiri rssi -29  len = 17, 17
06-27 08:57:59.161 18999 18999 D wpa_supplicant: wpa_driver_wext_driver_cmd LINKSPEED len = 248
06-27 08:57:59.161 18999 18999 D wpa_supplicant: wpa_driver_wext_driver_cmd LinkSpeed 5 len = 11, 11
06-27 08:58:02.165 18999 18999 D wpa_supplicant: wpa_driver_wext_driver_cmd RSSI len = 248
06-27 08:58:02.173 18999 18999 D wpa_supplicant: wpa_driver_wext_driver_cmd raikiri rssi -28  len = 17, 17
06-27 08:58:02.173 18999 18999 D wpa_supplicant: wpa_driver_wext_driver_cmd LINKSPEED len = 248
06-27 08:58:02.173 18999 18999 D wpa_supplicant: wpa_driver_wext_driver_cmd LinkSpeed 5 len = 11, 11
06-27 08:58:05.181 18999 18999 D wpa_supplicant: wpa_driver_wext_driver_cmd RSSI len = 248
06-27 08:58:05.189 18999 18999 D wpa_supplicant: wpa_driver_wext_driver_cmd raikiri rssi -32  len = 17, 17
06-27 08:58:05.189 18999 18999 D wpa_supplicant: wpa_driver_wext_driver_cmd LINKSPEED len = 248
06-27 08:58:05.189 18999 18999 D wpa_supplicant: wpa_driver_wext_driver_cmd LinkSpeed 5 len = 11, 11
06-27 08:58:08.193 18999 18999 D wpa_supplicant: wpa_driver_wext_driver_cmd RSSI len = 248
06-27 08:58:08.201 18999 18999 D wpa_supplicant: wpa_driver_wext_driver_cmd raikiri rssi -27  len = 17, 17
06-27 08:58:08.201 18999 18999 D wpa_supplicant: wpa_driver_wext_driver_cmd LINKSPEED len = 248
06-27 08:58:08.201 18999 18999 D wpa_supplicant: wpa_driver_wext_driver_cmd LinkSpeed 5 len = 11, 11
06-27 08:58:11.208 18999 18999 D wpa_supplicant: wpa_driver_wext_driver_cmd RSSI len = 248
06-27 08:58:11.216 18999 18999 D wpa_supplicant: wpa_driver_wext_driver_cmd raikiri rssi -28  len = 17, 17
06-27 08:58:11.216 18999 18999 D wpa_supplicant: wpa_driver_wext_driver_cmd LINKSPEED len = 248
06-27 08:58:11.216 18999 18999 D wpa_supplicant: wpa_driver_wext_driver_cmd LinkSpeed 5 len = 11, 11
06-27 08:58:14.224 18999 18999 D wpa_supplicant: wpa_driver_wext_driver_cmd RSSI len = 248
06-27 08:58:14.232 18999 18999 D wpa_supplicant: wpa_driver_wext_driver_cmd raikiri rssi -23  len = 17, 17
06-27 08:58:14.232 18999 18999 D wpa_supplicant: wpa_driver_wext_driver_cmd LINKSPEED len = 248
06-27 08:58:14.232 18999 18999 D wpa_supplicant: wpa_driver_wext_driver_cmd LinkSpeed 5 len = 11, 11
06-27 08:58:17.240 18999 18999 D wpa_supplicant: wpa_driver_wext_driver_cmd RSSI len = 248
06-27 08:58:17.247 18999 18999 D wpa_supplicant: wpa_driver_wext_driver_cmd raikiri rssi -24  len = 17, 17
06-27 08:58:17.247 18999 18999 D wpa_supplicant: wpa_driver_wext_driver_cmd LINKSPEED len = 248
06-27 08:58:17.247 18999 18999 D wpa_supplicant: wpa_driver_wext_driver_cmd LinkSpeed 5 len = 11, 11
06-27 08:58:20.255 18999 18999 D wpa_supplicant: wpa_driver_wext_driver_cmd RSSI len = 248
06-27 08:58:20.263 18999 18999 D wpa_supplicant: wpa_driver_wext_driver_cmd raikiri rssi -23  len = 17, 17
06-27 08:58:20.263 18999 18999 D wpa_supplicant: wpa_driver_wext_driver_cmd LINKSPEED len = 248
06-27 08:58:20.263 18999 18999 D wpa_supplicant: wpa_driver_wext_driver_cmd LinkSpeed 5 len = 11, 11
06-27 08:58:22.790 18999 18999 D wpa_supplicant: wpa_driver_wext_driver_cmd BTCOEXMODE 1 len = 4096
06-27 08:58:23.033 18999 18999 D wpa_supplicant: wpa_driver_wext_driver_cmd OK len = 0, 2
06-27 08:58:23.033 18999 18999 D wpa_supplicant: wpa_driver_wext_driver_cmd GETPOWER len = 4096
06-27 08:58:23.040 18999 18999 D wpa_supplicant: wpa_driver_wext_driver_cmd powermode = 0 len = 13, 13
06-27 08:58:23.040 18999 18999 D wpa_supplicant: wpa_driver_wext_driver_cmd POWERMODE 1 len = 4096
06-27 08:58:23.048 18999 18999 D wpa_supplicant: wpa_driver_wext_driver_cmd OK len = 0, 2
06-27 08:58:23.267 18999 18999 D wpa_supplicant: wpa_driver_wext_driver_cmd RSSI len = 248
06-27 08:58:23.271 18999 18999 D wpa_supplicant: wpa_driver_wext_driver_cmd raikiri rssi -27  len = 17, 17
06-27 08:58:23.271 18999 18999 D wpa_supplicant: wpa_driver_wext_driver_cmd LINKSPEED len = 248
06-27 08:58:23.271 18999 18999 D wpa_supplicant: wpa_driver_wext_driver_cmd LinkSpeed 5 len = 11, 11
06-27 08:58:23.661 18999 18999 D wpa_supplicant: wpa_driver_wext_driver_cmd POWERMODE 0 len = 4096
06-27 08:58:23.661 18999 18999 D wpa_supplicant: wpa_driver_wext_driver_cmd OK len = 0, 2
06-27 08:58:23.665 18999 18999 D wpa_supplicant: wpa_driver_wext_driver_cmd BTCOEXMODE 2 len = 4096
06-27 08:58:23.665 18999 18999 D wpa_supplicant: wpa_driver_wext_driver_cmd OK len = 0, 2
06-27 08:58:23.669   142   196 D DhcpInfoInternal: makeLinkProperties with empty dns2!
06-27 08:58:23.669   142   196 D DhcpInfoInternal: makeLinkProperties with empty dns2!
06-27 08:58:26.275 18999 18999 D wpa_supplicant: wpa_driver_wext_driver_cmd RSSI len = 248
06-27 08:58:26.283 18999 18999 D wpa_supplicant: wpa_driver_wext_driver_cmd raikiri rssi -27  len = 17, 17
06-27 08:58:26.283 18999 18999 D wpa_supplicant: wpa_driver_wext_driver_cmd LINKSPEED len = 248
06-27 08:58:26.283 18999 18999 D wpa_supplicant: wpa_driver_wext_driver_cmd LinkSpeed 5 len = 11, 11
06-27 08:58:29.298 18999 18999 D wpa_supplicant: wpa_driver_wext_driver_cmd RSSI len = 248
06-27 08:58:29.298 18999 18999 D wpa_supplicant: wpa_driver_wext_driver_cmd raikiri rssi -26  len = 17, 17
