06-21 12:24:01.136 32514 32514 I ActivityThread: Pub user_dictionary: com.android.providers.userdictionary.UserDictionaryProvider
06-21 12:24:01.198 32514 32514 I ActivityThread: Pub com.android.social: com.android.providers.contacts.SocialProvider
06-21 12:24:01.202 32514 32514 I ActivityThread: Pub applications: com.android.providers.applications.ApplicationsProvider
06-21 12:24:01.311 32514 32514 I ActivityThread: Pub contacts;com.android.contacts: com.android.providers.contacts.ContactsProvider2
06-21 12:24:01.347 32514 32516 D dalvikvm: GC_CONCURRENT freed 338K, 5% free 9175K/9607K, paused 6ms+6ms
06-21 12:24:01.432 32514 32514 I ActivityThread: Pub call_log: com.android.providers.contacts.CallLogProvider
06-21 12:24:02.132  2869  2869 D wpa_supplicant: wpa_driver_wext_driver_cmd RSSI len = 248
06-21 12:24:02.132  2869  2869 D wpa_supplicant: wpa_driver_wext_driver_cmd UB_Secure rssi -74  len = 19, 19
06-21 12:24:02.132  2869  2869 D wpa_supplicant: wpa_driver_wext_driver_cmd LINKSPEED len = 248
06-21 12:24:02.132  2869  2869 D wpa_supplicant: wpa_driver_wext_driver_cmd LinkSpeed 72 len = 12, 12
06-21 12:24:02.155 32514 32516 D dalvikvm: GC_CONCURRENT freed 230K, 4% free 9378K/9735K, paused 14ms+6ms
06-21 12:24:04.874  2360  2601 I ActivityManager: Process com.twitter.android (pid 32200) has died.
06-21 12:24:05.140  2869  2869 D wpa_supplicant: wpa_driver_wext_driver_cmd RSSI len = 248
06-21 12:24:05.151  2869  2869 D wpa_supplicant: wpa_driver_wext_driver_cmd UB_Secure rssi -70  len = 19, 19
06-21 12:24:05.151  2869  2869 D wpa_supplicant: wpa_driver_wext_driver_cmd LINKSPEED len = 248
06-21 12:24:05.151  2869  2869 D wpa_supplicant: wpa_driver_wext_driver_cmd LinkSpeed 72 len = 12, 12
06-21 12:24:07.499 26045 27617 I EventLogService: Aggregate from 1340294047265 (log), 1340294047265 (data)
06-21 12:24:08.015 26045 26792 D dalvikvm: GC_FOR_ALLOC freed 188K, 6% free 10371K/11015K, paused 64ms
06-21 12:24:08.155  2869  2869 D wpa_supplicant: wpa_driver_wext_driver_cmd RSSI len = 248
06-21 12:24:08.175  2869  2869 D wpa_supplicant: wpa_driver_wext_driver_cmd UB_Secure rssi -69  len = 19, 19
06-21 12:24:08.175  2869  2869 D wpa_supplicant: wpa_driver_wext_driver_cmd LINKSPEED len = 248
06-21 12:24:08.182  2869  2869 D wpa_supplicant: wpa_driver_wext_driver_cmd LinkSpeed 72 len = 12, 12
06-21 12:24:11.186  2869  2869 D wpa_supplicant: wpa_driver_wext_driver_cmd RSSI len = 248
06-21 12:24:11.198  2869  2869 D wpa_supplicant: wpa_driver_wext_driver_cmd UB_Secure rssi -70  len = 19, 19
06-21 12:24:11.198  2869  2869 D wpa_supplicant: wpa_driver_wext_driver_cmd LINKSPEED len = 248
06-21 12:24:11.198  2869  2869 D wpa_supplicant: wpa_driver_wext_driver_cmd LinkSpeed 72 len = 12, 12
06-21 12:24:14.206  2869  2869 D wpa_supplicant: wpa_driver_wext_driver_cmd RSSI len = 248
06-21 12:24:14.214  2869  2869 D wpa_supplicant: wpa_driver_wext_driver_cmd UB_Secure rssi -70  len = 19, 19
06-21 12:24:14.214  2869  2869 D wpa_supplicant: wpa_driver_wext_driver_cmd LINKSPEED len = 248
06-21 12:24:14.218  2869  2869 D wpa_supplicant: wpa_driver_wext_driver_cmd LinkSpeed 72 len = 12, 12
06-21 12:24:17.222  2869  2869 D wpa_supplicant: wpa_driver_wext_driver_cmd RSSI len = 248
06-21 12:24:17.233  2869  2869 D wpa_supplicant: wpa_driver_wext_driver_cmd UB_Secure rssi -68  len = 19, 19
06-21 12:24:17.233  2869  2869 D wpa_supplicant: wpa_driver_wext_driver_cmd LINKSPEED len = 248
06-21 12:24:17.233  2869  2869 D wpa_supplicant: wpa_driver_wext_driver_cmd LinkSpeed 72 len = 12, 12
06-21 12:24:20.237  2869  2869 D wpa_supplicant: wpa_driver_wext_driver_cmd RSSI len = 248
06-21 12:24:20.237  2869  2869 D wpa_supplicant: wpa_driver_wext_driver_cmd UB_Secure rssi -70  len = 19, 19
06-21 12:24:20.237  2869  2869 D wpa_supplicant: wpa_driver_wext_driver_cmd LINKSPEED len = 248
06-21 12:24:20.237  2869  2869 D wpa_supplicant: wpa_driver_wext_driver_cmd LinkSpeed 72 len = 12, 12
06-21 12:24:23.241  2869  2869 D wpa_supplicant: wpa_driver_wext_driver_cmd RSSI len = 248
06-21 12:24:23.245  2869  2869 D wpa_supplicant: wpa_driver_wext_driver_cmd UB_Secure rssi -73  len = 19, 19
06-21 12:24:23.245  2869  2869 D wpa_supplicant: wpa_driver_wext_driver_cmd LINKSPEED len = 248
06-21 12:24:23.245  2869  2869 D wpa_supplicant: wpa_driver_wext_driver_cmd LinkSpeed 72 len = 12, 12
06-21 12:24:25.847 31664 31677 I PhoneLab-: Service Running
06-21 12:24:25.940 31664 31677 I PhoneLab-LoggerService: app_37    3205  1     2360   1920  c00f181c 400107b4 S logcat
06-21 12:24:25.944 31664 31677 I PhoneLab-LoggerService: Logcat pid from database 3205
06-21 12:24:25.944 31664 31677 I PhoneLab-LoggerService: Logcat process found 3205
06-21 12:24:25.944 31664 31677 I PhoneLab-LoggerService: Checking Threshold
06-21 12:24:26.249  2869  2869 D wpa_supplicant: wpa_driver_wext_driver_cmd RSSI len = 248
06-21 12:24:26.249  2869  2869 D wpa_supplicant: wpa_driver_wext_driver_cmd UB_Secure rssi -73  len = 19, 19
06-21 12:24:26.249  2869  2869 D wpa_supplicant: wpa_driver_wext_driver_cmd LINKSPEED len = 248
06-21 12:24:26.249  2869  2869 D wpa_supplicant: wpa_driver_wext_driver_cmd LinkSpeed 72 len = 12, 12
06-21 12:24:29.253  2869  2869 D wpa_supplicant: wpa_driver_wext_driver_cmd RSSI len = 248
06-21 12:24:29.261  2869  2869 D wpa_supplicant: wpa_driver_wext_driver_cmd UB_Secure rssi -73  len = 19, 19
06-21 12:24:29.261  2869  2869 D wpa_supplicant: wpa_driver_wext_driver_cmd LINKSPEED len = 248
06-21 12:24:29.265  2869  2869 D wpa_supplicant: wpa_driver_wext_driver_cmd LinkSpeed 72 len = 12, 12
06-21 12:24:32.268  2869  2869 D wpa_supplicant: wpa_driver_wext_driver_cmd RSSI len = 248
06-21 12:24:32.280  2869  2869 D wpa_supplicant: wpa_driver_wext_driver_cmd UB_Secure rssi -72  len = 19, 19
06-21 12:24:32.280  2869  2869 D wpa_supplicant: wpa_driver_wext_driver_cmd LINKSPEED len = 248
06-21 12:24:32.284  2869  2869 D wpa_supplicant: wpa_driver_wext_driver_cmd LinkSpeed 72 len = 12, 12
06-21 12:24:35.288  2869  2869 D wpa_supplicant: wpa_driver_wext_driver_cmd RSSI len = 248
06-21 12:24:35.288  2869  2869 D wpa_supplicant: wpa_driver_wext_driver_cmd UB_Secure rssi -70  len = 19, 19
06-21 12:24:35.288  2869  2869 D wpa_supplicant: wpa_driver_wext_driver_cmd LINKSPEED len = 248
06-21 12:24:35.288  2869  2869 D wpa_supplicant: wpa_driver_wext_driver_cmd LinkSpeed 72 len = 12, 12
06-21 12:24:38.292  2869  2869 D wpa_supplicant: wpa_driver_wext_driver_cmd RSSI len = 248
06-21 12:24:38.292  2869  2869 D wpa_supplicant: wpa_driver_wext_driver_cmd UB_Secure rssi -69  len = 19, 19
06-21 12:24:38.292  2869  2869 D wpa_supplicant: wpa_driver_wext_driver_cmd LINKSPEED len = 248
06-21 12:24:38.292  2869  2869 D wpa_supplicant: wpa_driver_wext_driver_cmd LinkSpeed 72 len = 12, 12
06-21 12:24:40.932  2360  2616 D dalvikvm: GC_EXPLICIT freed 1155K, 26% free 16306K/22023K, paused 12ms+10ms
06-21 12:24:41.296  2869  2869 D wpa_supplicant: wpa_driver_wext_driver_cmd RSSI len = 248
06-21 12:24:41.311  2869  2869 D wpa_supplicant: wpa_driver_wext_driver_cmd UB_Secure rssi -68  len = 19, 19
06-21 12:24:41.311  2869  2869 D wpa_supplicant: wpa_driver_wext_driver_cmd LINKSPEED len = 248
06-21 12:24:41.315  2869  2869 D wpa_supplicant: wpa_driver_wext_driver_cmd LinkSpeed 72 len = 12, 12
06-21 12:24:44.319  2869  2869 D wpa_supplicant: wpa_driver_wext_driver_cmd RSSI len = 248
06-21 12:24:44.323  2869  2869 D wpa_supplicant: wpa_driver_wext_driver_cmd UB_Secure rssi -72  len = 19, 19
06-21 12:24:44.323  2869  2869 D wpa_supplicant: wpa_driver_wext_driver_cmd LINKSPEED len = 248
06-21 12:24:44.327  2869  2869 D wpa_supplicant: wpa_driver_wext_driver_cmd LinkSpeed 72 len = 12, 12
06-21 12:24:47.354  2869  2869 D wpa_supplicant: wpa_driver_wext_driver_cmd RSSI len = 248
06-21 12:24:47.370  2869  2869 D wpa_supplicant: wpa_driver_wext_driver_cmd UB_Secure rssi -71  len = 19, 19
06-21 12:24:47.370  2869  2869 D wpa_supplicant: wpa_driver_wext_driver_cmd LINKSPEED len = 248
06-21 12:24:47.370  2869  2869 D wpa_supplicant: wpa_driver_wext_driver_cmd LinkSpeed 72 len = 12, 12
06-21 12:24:50.378  2869  2869 D wpa_supplicant: wpa_driver_wext_driver_cmd RSSI len = 248
06-21 12:24:50.393  2869  2869 D wpa_supplicant: wpa_driver_wext_driver_cmd UB_Secure rssi -73  len = 19, 19
06-21 12:24:50.393  2869  2869 D wpa_supplicant: wpa_driver_wext_driver_cmd LINKSPEED len = 248
06-21 12:24:50.393  2869  2869 D wpa_supplicant: wpa_driver_wext_driver_cmd LinkSpeed 72 len = 12, 12
06-21 12:24:51.339  2869  2869 D wpa_supplicant: wpa_driver_wext_driver_cmd SETSUSPENDOPT 0 len = 4096
06-21 12:24:51.339  2869  2869 D wpa_supplicant: wpa_driver_wext_driver_cmd SETSUSPENDOPT 0 len = 0, 15
06-21 12:24:51.343  2869  2869 D wpa_supplicant: wpa_driver_wext_driver_cmd POWERMODE 0 len = 4096
06-21 12:24:51.343  2869  2869 D wpa_supplicant: wpa_driver_wext_driver_cmd OK len = 0, 2
06-21 12:24:51.393  2869  2869 D wpa_supplicant: WPS: Building WPS IE for Probe Request
06-21 12:24:51.393  2869  2869 D wpa_supplicant: WPS:  * Version (hardcoded 0x10)
06-21 12:24:51.393  2869  2869 D wpa_supplicant: WPS:  * Request Type
06-21 12:24:51.393  2869  2869 D wpa_supplicant: WPS:  * Config Methods (2388)
06-21 12:24:51.393  2869  2869 D wpa_supplicant: WPS:  * UUID-E
06-21 12:24:51.393  2869  2869 D wpa_supplicant: WPS:  * Primary Device Type
06-21 12:24:51.393  2869  2869 D wpa_supplicant: WPS:  * RF Bands (3)
06-21 12:24:51.393  2869  2869 D wpa_supplicant: WPS:  * Association State
06-21 12:24:51.393  2869  2869 D wpa_supplicant: WPS:  * Configuration Error (0)
06-21 12:24:51.393  2869  2869 D wpa_supplicant: WPS:  * Device Password ID (0)
06-21 12:24:51.393  2869  2869 D wpa_supplicant: WPS:  * Manufacturer
06-21 12:24:51.393  2869  2869 D wpa_supplicant: WPS:  * Model Name
06-21 12:24:51.393  2869  2869 D wpa_supplicant: WPS:  * Model Number
06-21 12:24:51.393  2869  2869 D wpa_supplicant: WPS:  * Device Name
06-21 12:24:51.393  2869  2869 D wpa_supplicant: WPS:  * Version2 (0x20)
06-21 12:24:51.393  2869  2869 D wpa_supplicant: wpa_driver_wext_combo_scan: Start
06-21 12:24:51.393  2869  2869 D wpa_supplicant: For Scan: (null)
06-21 12:24:51.397  2869  2869 D wpa_supplicant: Scan requested (ret=0) - scan timeout 30 seconds
06-21 12:24:52.554  2869  2869 D wpa_supplicant: RTM_NEWLINK: operstate=1 ifi_flags=0x11043 ([UP][RUNNING][LOWER_UP])
06-21 12:24:52.554  2869  2869 D wpa_supplicant: RTM_NEWLINK, IFLA_IFNAME: Interface 'wlan0' added
06-21 12:24:52.554  2869  2869 D wpa_supplicant: Wireless event: cmd=0x8b19 len=8
06-21 12:24:52.554  2869  2869 D wpa_supplicant: Received 1088 bytes of scan results (6 BSSes)
06-21 12:24:52.733 31532 31535 D dalvikvm: GC_CONCURRENT freed 506K, 7% free 10293K/10951K, paused 2ms+3ms
06-21 12:24:52.776  2869  2869 D wpa_supplicant: wpa_driver_wext_driver_cmd SETSUSPENDOPT 0 len = 4096
06-21 12:24:52.776  2869  2869 D wpa_supplicant: wpa_driver_wext_driver_cmd SETSUSPENDOPT 0 len = 0, 15
06-21 12:24:52.776  2869  2869 D wpa_supplicant: wpa_driver_wext_driver_cmd POWERMODE 0 len = 4096
06-21 12:24:52.776  2869  2869 D wpa_supplicant: wpa_driver_wext_driver_cmd OK len = 0, 2
06-21 12:24:52.936 32308 32311 D dalvikvm: GC_CONCURRENT freed 730K, 8% free 10146K/10951K, paused 12ms+9ms
06-21 12:24:53.401  2869  2869 D wpa_supplicant: wpa_driver_wext_driver_cmd RSSI len = 248
06-21 12:24:53.413  2869  2869 D wpa_supplicant: wpa_driver_wext_driver_cmd UB_Secure rssi -72  len = 19, 19
06-21 12:24:53.413  2869  2869 D wpa_supplicant: wpa_driver_wext_driver_cmd LINKSPEED len = 248
06-21 12:24:53.413  2869  2869 D wpa_supplicant: wpa_driver_wext_driver_cmd LinkSpeed 72 len = 12, 12
06-21 12:24:56.417  2869  2869 D wpa_supplicant: wpa_driver_wext_driver_cmd RSSI len = 248
06-21 12:24:56.417  2869  2869 D wpa_supplicant: wpa_driver_wext_driver_cmd UB_Secure rssi -74  len = 19, 19
06-21 12:24:56.417  2869  2869 D wpa_supplicant: wpa_driver_wext_driver_cmd LINKSPEED len = 248
06-21 12:24:56.417  2869  2869 D wpa_supplicant: wpa_driver_wext_driver_cmd LinkSpeed 72 len = 12, 12
06-21 12:24:59.421  2869  2869 D wpa_supplicant: wpa_driver_wext_driver_cmd RSSI len = 248
06-21 12:24:59.425  2869  2869 D wpa_supplicant: wpa_driver_wext_driver_cmd UB_Secure rssi -72  len = 19, 19
06-21 12:24:59.425  2869  2869 D wpa_supplicant: wpa_driver_wext_driver_cmd LINKSPEED len = 248
06-21 12:24:59.425  2869  2869 D wpa_supplicant: wpa_driver_wext_driver_cmd LinkSpeed 72 len = 12, 12
06-21 12:24:59.882  2360  2389 I ActivityManager: Start proc com.twitter.android for service com.twitter.android/.client.AppService: pid=32535 uid=10064 gids={3003, 1015}
06-21 12:24:59.925 32535 32535 I dalvikvm: Turning on JNI app bug workarounds for target SDK version 11...
06-21 12:25:00.171 32535 32535 I ActivityThread: Pub com.twitter.android.provider.GlobalDatabaseProvider: com.twitter.android.provider.GlobalDatabaseProvider
06-21 12:25:00.182 32535 32535 I ActivityThread: Pub com.twitter.android.provider.TwitterProvider: com.twitter.android.provider.TwitterProvider
06-21 12:25:00.265 32535 32537 D dalvikvm: GC_CONCURRENT freed 180K, 3% free 9289K/9543K, paused 10ms+2ms
06-21 12:25:00.366  2360  2632 I ActivityManager: Process com.xabber.androiddev (pid 31442) has died.
06-21 12:25:00.366  2360  2632 W ActivityManager: Scheduling restart of crashed service com.xabber.androiddev/com.xabber.android.service.XMPPService in 5000ms
06-21 12:25:00.370  2869  2869 D wpa_supplicant: wpa_driver_wext_driver_cmd SETSUSPENDOPT 0 len = 4096
06-21 12:25:00.370  2869  2869 D wpa_supplicant: wpa_driver_wext_driver_cmd SETSUSPENDOPT 0 len = 0, 15
06-21 12:25:00.370  2869  2869 D wpa_supplicant: wpa_driver_wext_driver_cmd POWERMODE 0 len = 4096
06-21 12:25:00.370  2869  2869 D wpa_supplicant: wpa_driver_wext_driver_cmd OK len = 0, 2
06-21 12:25:00.901 32535 32537 D dalvikvm: GC_CONCURRENT freed 226K, 4% free 9506K/9863K, paused 6ms+2ms
06-21 12:25:01.069 32535 32537 D dalvikvm: GC_CONCURRENT freed 294K, 5% free 9632K/10055K, paused 2ms+1ms
06-21 12:25:01.225 32535 32537 D dalvikvm: GC_CONCURRENT freed 296K, 5% free 9759K/10183K, paused 1ms+2ms
06-21 12:25:01.366 32535 32537 D dalvikvm: GC_CONCURRENT freed 297K, 5% free 9884K/10311K, paused 2ms+5ms
06-21 12:25:01.511 32535 32537 D dalvikvm: GC_CONCURRENT freed 301K, 5% free 10015K/10439K, paused 2ms+2ms
06-21 12:25:01.671 32535 32537 D dalvikvm: GC_CONCURRENT freed 296K, 5% free 10144K/10567K, paused 1ms+2ms
06-21 12:25:01.819 32535 32537 D dalvikvm: GC_CONCURRENT freed 300K, 4% free 10274K/10695K, paused 9ms+2ms
06-21 12:25:02.018 32535 32537 D dalvikvm: GC_CONCURRENT freed 480K, 6% free 10217K/10823K, paused 2ms+2ms
06-21 12:25:02.159 32535 32537 D dalvikvm: GC_CONCURRENT freed 320K, 5% free 10293K/10823K, paused 1ms+2ms
06-21 12:25:02.331 32535 32537 D dalvikvm: GC_CONCURRENT freed 324K, 5% free 10382K/10823K, paused 1ms+2ms
06-21 12:25:02.429  2869  2869 D wpa_supplicant: wpa_driver_wext_driver_cmd RSSI len = 248
06-21 12:25:02.432  2869  2869 D wpa_supplicant: wpa_driver_wext_driver_cmd UB_Secure rssi -71  len = 19, 19
06-21 12:25:02.432  2869  2869 D wpa_supplicant: wpa_driver_wext_driver_cmd LINKSPEED len = 248
06-21 12:25:02.432  2869  2869 D wpa_supplicant: wpa_driver_wext_driver_cmd LinkSpeed 72 len = 12, 12
06-21 12:25:02.491 32535 32537 D dalvikvm: GC_CONCURRENT freed 365K, 5% free 10468K/10951K, paused 1ms+2ms
06-21 12:25:02.640 32535 32537 D dalvikvm: GC_CONCURRENT freed 343K, 5% free 10550K/11015K, paused 2ms+2ms
06-21 12:25:02.784 32535 32537 D dalvikvm: GC_CONCURRENT freed 327K, 5% free 10630K/11079K, paused 2ms+5ms
06-21 12:25:02.925 32535 32537 D dalvikvm: GC_CONCURRENT freed 368K, 5% free 10718K/11207K, paused 1ms+2ms
06-21 12:25:03.085 32535 32537 D dalvikvm: GC_CONCURRENT freed 400K, 5% free 10819K/11335K, paused 2ms+3ms
06-21 12:25:03.128  2360  2371 I ActivityManager: Process com.google.android.apps.maps:NetworkLocationService (pid 31532) has died.
06-21 12:25:03.128  2360  2371 W ActivityManager: Scheduling restart of crashed service com.google.android.apps.maps/com.google.android.location.internal.server.NetworkLocationService in 12237ms
06-21 12:25:05.436  2869  2869 D wpa_supplicant: wpa_driver_wext_driver_cmd RSSI len = 248
06-21 12:25:05.436  2869  2869 D wpa_supplicant: wpa_driver_wext_driver_cmd UB_Secure rssi -71  len = 19, 19
06-21 12:25:05.436  2869  2869 D wpa_supplicant: wpa_driver_wext_driver_cmd LINKSPEED len = 248
06-21 12:25:05.436  2869  2869 D wpa_supplicant: wpa_driver_wext_driver_cmd LinkSpeed 72 len = 12, 12
06-21 12:25:05.436 32554 32554 D dalvikvm: Late-enabling CheckJNI
06-21 12:25:05.444  2360  2377 I ActivityManager: Start proc com.xabber.androiddev for service com.xabber.androiddev/com.xabber.android.service.XMPPService: pid=32554 uid=10063 gids={3003, 1015}
06-21 12:25:05.464 32554 32554 I dalvikvm: Turning on JNI app bug workarounds for target SDK version 9...
06-21 12:25:05.737 32554 32557 D dalvikvm: GC_CONCURRENT freed 224K, 4% free 9312K/9607K, paused 2ms+2ms
06-21 12:25:05.772 32554 32554 D dalvikvm: GC_FOR_ALLOC freed 291K, 6% free 9426K/9927K, paused 19ms
06-21 12:25:05.913 32554 32557 D dalvikvm: GC_CONCURRENT freed 192K, 3% free 9773K/10055K, paused 1ms+2ms
06-21 12:25:06.057 32554 32557 D dalvikvm: GC_CONCURRENT freed 428K, 5% free 9875K/10375K, paused 2ms+2ms
06-21 12:25:06.179 32554 32554 I com.xabber.android.service.XMPPService@4133d050: onCreate
06-21 12:25:06.182 32554 32554 I com.xabber.android.data.Application@41334658: onStart
06-21 12:25:06.194 32554 32568 I com.xabber.android.data.LogManager@4133b5a0: onLoad
06-21 12:25:06.335 32554 32557 D dalvikvm: GC_CONCURRENT freed 169K, 3% free 10137K/10439K, paused 5ms+5ms
06-21 12:25:07.405 32554 32557 D dalvikvm: GC_CONCURRENT freed 144K, 3% free 10417K/10695K, paused 2ms+2ms
06-21 12:25:07.593 32554 32557 D dalvikvm: GC_CONCURRENT freed 248K, 4% free 10568K/10951K, paused 1ms+1ms
06-21 12:25:07.854 32514 32516 D dalvikvm: GC_CONCURRENT freed 345K, 5% free 9447K/9927K, paused 3ms+3ms
06-21 12:25:08.440  2869  2869 D wpa_supplicant: wpa_driver_wext_driver_cmd RSSI len = 248
06-21 12:25:08.440  2869  2869 D wpa_supplicant: wpa_driver_wext_driver_cmd UB_Secure rssi -71  len = 19, 19
06-21 12:25:08.440  2869  2869 D wpa_supplicant: wpa_driver_wext_driver_cmd LINKSPEED len = 248
06-21 12:25:08.444  2869  2869 D wpa_supplicant: wpa_driver_wext_driver_cmd LinkSpeed 72 len = 12, 12
06-21 12:25:08.784  2869  2869 D wpa_supplicant: wpa_driver_wext_driver_cmd SETSUSPENDOPT 0 len = 4096
06-21 12:25:08.784  2869  2869 D wpa_supplicant: wpa_driver_wext_driver_cmd SETSUSPENDOPT 0 len = 0, 15
06-21 12:25:08.784  2869  2869 D wpa_supplicant: wpa_driver_wext_driver_cmd POWERMODE 0 len = 4096
06-21 12:25:08.788  2869  2869 D wpa_supplicant: wpa_driver_wext_driver_cmd OK len = 0, 2
06-21 12:25:08.839 32554 32557 D dalvikvm: GC_CONCURRENT freed 580K, 7% free 10452K/11143K, paused 2ms+3ms
06-21 12:25:08.921 31955 31957 D dalvikvm: GC_CONCURRENT freed 303K, 6% free 9957K/10503K, paused 2ms+3ms
06-21 12:25:09.515 32554 32557 D dalvikvm: GC_CONCURRENT freed 267K, 6% free 10569K/11143K, paused 2ms+5ms
06-21 12:25:10.026 32554 32578 D dalvikvm: GC_FOR_ALLOC freed 348K, 5% free 10654K/11207K, paused 25ms
06-21 12:25:10.507 32554 32580 D dalvikvm: GC_FOR_ALLOC freed 290K, 6% free 10704K/11271K, paused 25ms
06-21 12:25:11.448  2869  2869 D wpa_supplicant: wpa_driver_wext_driver_cmd RSSI len = 248
06-21 12:25:11.448  2869  2869 D wpa_supplicant: wpa_driver_wext_driver_cmd UB_Secure rssi -72  len = 19, 19
06-21 12:25:11.448  2869  2869 D wpa_supplicant: wpa_driver_wext_driver_cmd LINKSPEED len = 248
06-21 12:25:11.448  2869  2869 D wpa_supplicant: wpa_driver_wext_driver_cmd LinkSpeed 72 len = 12, 12
06-21 12:25:14.452  2869  2869 D wpa_supplicant: wpa_driver_wext_driver_cmd RSSI len = 248
06-21 12:25:14.452  2869  2869 D wpa_supplicant: wpa_driver_wext_driver_cmd UB_Secure rssi -72  len = 19, 19
06-21 12:25:14.452  2869  2869 D wpa_supplicant: wpa_driver_wext_driver_cmd LINKSPEED len = 248
06-21 12:25:14.452  2869  2869 D wpa_supplicant: wpa_driver_wext_driver_cmd LinkSpeed 72 len = 12, 12
06-21 12:25:15.472  2360  2377 I ActivityManager: Start proc com.google.android.apps.maps:NetworkLocationService for service com.google.android.apps.maps/com.google.android.location.internal.server.NetworkLocationService: pid=32581 uid=10056 gids={3003, 1015}
06-21 12:25:15.698 32581 32583 D dalvikvm: GC_CONCURRENT freed 168K, 3% free 9367K/9607K, paused 3ms+2ms
06-21 12:25:16.159 32581 32583 D dalvikvm: GC_CONCURRENT freed 156K, 3% free 9674K/9927K, paused 2ms+3ms
06-21 12:25:16.472  2360  2524 I ActivityManager: Process com.android.sprintmenu (pid 31595) has died.
06-21 12:25:16.472  2360  2524 W ActivityManager: Scheduling restart of crashed service com.android.sprintmenu/.HiddenPhoneService in 5000ms
06-21 12:25:16.722 32581 32583 D dalvikvm: GC_CONCURRENT freed 167K, 3% free 10072K/10311K, paused 2ms+2ms
06-21 12:25:16.952 32581 32583 D dalvikvm: GC_CONCURRENT freed 670K, 8% free 9882K/10631K, paused 2ms+2ms
06-21 12:25:17.108  2360  2377 I ActivityManager: Start proc com.google.android.apps.maps:FriendService for broadcast com.google.android.apps.maps/com.google.googlenav.friend.android.ServiceReceiver: pid=32602 uid=10056 gids={3003, 1015}
06-21 12:25:17.276 32602 32604 D dalvikvm: GC_CONCURRENT freed 171K, 3% free 9365K/9607K, paused 3ms+2ms
06-21 12:25:17.460 32602 32604 D dalvikvm: GC_CONCURRENT freed 198K, 3% free 9700K/9991K, paused 1ms+2ms
06-21 12:25:17.464  2869  2869 D wpa_supplicant: wpa_driver_wext_driver_cmd RSSI len = 248
06-21 12:25:17.468  2869  2869 D wpa_supplicant: wpa_driver_wext_driver_cmd UB_Secure rssi -72  len = 19, 19
06-21 12:25:17.468  2869  2869 D wpa_supplicant: wpa_driver_wext_driver_cmd LINKSPEED len = 248
06-21 12:25:17.468  2869  2869 D wpa_supplicant: wpa_driver_wext_driver_cmd LinkSpeed 72 len = 12, 12
06-21 12:25:17.667 32581 32588 I dalvikvm: Total arena pages for JIT: 11
06-21 12:25:17.667 32581 32588 I dalvikvm: Total arena pages for JIT: 12
06-21 12:25:17.671 32581 32588 I dalvikvm: Total arena pages for JIT: 13
06-21 12:25:17.671 32581 32588 I dalvikvm: Total arena pages for JIT: 14
06-21 12:25:17.675 32581 32588 I dalvikvm: Total arena pages for JIT: 15
06-21 12:25:17.679 32581 32588 I dalvikvm: Total arena pages for JIT: 16
06-21 12:25:17.679  2869  2869 D wpa_supplicant: wpa_driver_wext_driver_cmd SETSUSPENDOPT 0 len = 4096
06-21 12:25:17.679  2869  2869 D wpa_supplicant: wpa_driver_wext_driver_cmd SETSUSPENDOPT 0 len = 0, 15
06-21 12:25:17.679  2869  2869 D wpa_supplicant: wpa_driver_wext_driver_cmd POWERMODE 0 len = 4096
06-21 12:25:17.679  2869  2869 D wpa_supplicant: wpa_driver_wext_driver_cmd OK len = 0, 2
06-21 12:25:17.679 32581 32588 I dalvikvm: Total arena pages for JIT: 17
06-21 12:25:17.682  2869  2869 D wpa_supplicant: WPS: Building WPS IE for Probe Request
06-21 12:25:17.682  2869  2869 D wpa_supplicant: WPS:  * Version (hardcoded 0x10)
06-21 12:25:17.682  2869  2869 D wpa_supplicant: WPS:  * Request Type
06-21 12:25:17.682  2869  2869 D wpa_supplicant: WPS:  * Config Methods (2388)
06-21 12:25:17.682  2869  2869 D wpa_supplicant: WPS:  * UUID-E
06-21 12:25:17.682  2869  2869 D wpa_supplicant: WPS:  * Primary Device Type
06-21 12:25:17.682  2869  2869 D wpa_supplicant: WPS:  * RF Bands (3)
06-21 12:25:17.682  2869  2869 D wpa_supplicant: WPS:  * Association State
06-21 12:25:17.682  2869  2869 D wpa_supplicant: WPS:  * Configuration Error (0)
06-21 12:25:17.682  2869  2869 D wpa_supplicant: WPS:  * Device Password ID (0)
06-21 12:25:17.682  2869  2869 D wpa_supplicant: WPS:  * Manufacturer
06-21 12:25:17.682  2869  2869 D wpa_supplicant: WPS:  * Model Name
06-21 12:25:17.682  2869  2869 D wpa_supplicant: WPS:  * Model Number
06-21 12:25:17.682  2869  2869 D wpa_supplicant: WPS:  * Device Name
06-21 12:25:17.682  2869  2869 D wpa_supplicant: WPS:  * Version2 (0x20)
06-21 12:25:17.682  2869  2869 D wpa_supplicant: wpa_driver_wext_combo_scan: Start
06-21 12:25:17.682  2869  2869 D wpa_supplicant: For Scan: (null)
06-21 12:25:17.686  2869  2869 D wpa_supplicant: Scan requested (ret=0) - scan timeout 30 seconds
06-21 12:25:17.757 32581 32601 D dalvikvm: GC_FOR_ALLOC freed 218K, 6% free 10035K/10631K, paused 22ms
06-21 12:25:17.788  2360  2360 I ActivityManager: Process com.google.android.apps.maps (pid 32421) has died.
06-21 12:25:17.823  2360  2521 D AlarmManagerService: Kernel timezone updated to 240 minutes west of GMT
06-21 12:25:17.870  2869  2869 D wpa_supplicant: Ongoing scan action - reject new request
06-21 12:25:17.893  2869  2869 D wpa_supplicant: Ongoing scan action - reject new request
06-21 12:25:18.843  2869  2869 D wpa_supplicant: RTM_NEWLINK: operstate=1 ifi_flags=0x11043 ([UP][RUNNING][LOWER_UP])
06-21 12:25:18.843  2869  2869 D wpa_supplicant: RTM_NEWLINK, IFLA_IFNAME: Interface 'wlan0' added
06-21 12:25:18.843  2869  2869 D wpa_supplicant: Wireless event: cmd=0x8b19 len=8
06-21 12:25:18.866  2869  2869 D wpa_supplicant: Received 1358 bytes of scan results (7 BSSes)
06-21 12:25:19.112  2869  2869 D wpa_supplicant: wpa_driver_wext_driver_cmd SETSUSPENDOPT 0 len = 4096
06-21 12:25:19.112  2869  2869 D wpa_supplicant: wpa_driver_wext_driver_cmd SETSUSPENDOPT 0 len = 0, 15
06-21 12:25:19.112  2869  2869 D wpa_supplicant: wpa_driver_wext_driver_cmd POWERMODE 0 len = 4096
06-21 12:25:19.112  2869  2869 D wpa_supplicant: wpa_driver_wext_driver_cmd OK len = 0, 2
06-21 12:25:19.155 32581 32583 D dalvikvm: GC_CONCURRENT freed 400K, 6% free 10072K/10631K, paused 2ms+5ms
06-21 12:25:19.253 32308 32311 D dalvikvm: GC_CONCURRENT freed 470K, 8% free 10179K/10951K, paused 2ms+3ms
06-21 12:25:20.472  2869  2869 D wpa_supplicant: wpa_driver_wext_driver_cmd RSSI len = 248
06-21 12:25:20.475  2869  2869 D wpa_supplicant: wpa_driver_wext_driver_cmd UB_Secure rssi -71  len = 19, 19
06-21 12:25:20.475  2869  2869 D wpa_supplicant: wpa_driver_wext_driver_cmd LINKSPEED len = 248
06-21 12:25:20.475  2869  2869 D wpa_supplicant: wpa_driver_wext_driver_cmd LinkSpeed 72 len = 12, 12
06-21 12:25:21.565  2360  2377 I ActivityManager: Start proc com.android.sprintmenu for service com.android.sprintmenu/.HiddenPhoneService: pid=32617 uid=1001 gids={3002, 3001, 3003, 1015}
06-21 12:25:21.600  2360  2521 I ActivityManager: Process android.process.media (pid 32452) has died.
06-21 12:25:23.479  2869  2869 D wpa_supplicant: wpa_driver_wext_driver_cmd RSSI len = 248
06-21 12:25:23.479  2869  2869 D wpa_supplicant: wpa_driver_wext_driver_cmd UB_Secure rssi -72  len = 19, 19
06-21 12:25:23.479  2869  2869 D wpa_supplicant: wpa_driver_wext_driver_cmd LINKSPEED len = 248
06-21 12:25:23.479  2869  2869 D wpa_supplicant: wpa_driver_wext_driver_cmd LinkSpeed 72 len = 12, 12
06-21 12:25:24.112 32535 32537 D dalvikvm: GC_CONCURRENT freed 360K, 5% free 10982K/11463K, paused 15ms+3ms
06-21 12:25:26.491  2869  2869 D wpa_supplicant: wpa_driver_wext_driver_cmd RSSI len = 248
06-21 12:25:26.491  2869  2869 D wpa_supplicant: wpa_driver_wext_driver_cmd UB_Secure rssi -69  len = 19, 19
06-21 12:25:26.491  2869  2869 D wpa_supplicant: wpa_driver_wext_driver_cmd LINKSPEED len = 248
06-21 12:25:26.495  2869  2869 D wpa_supplicant: wpa_driver_wext_driver_cmd LinkSpeed 72 len = 12, 12
06-21 12:25:29.499  2869  2869 D wpa_supplicant: wpa_driver_wext_driver_cmd RSSI len = 248
06-21 12:25:29.515  2869  2869 D wpa_supplicant: wpa_driver_wext_driver_cmd UB_Secure rssi -70  len = 19, 19
06-21 12:25:29.515  2869  2869 D wpa_supplicant: wpa_driver_wext_driver_cmd LINKSPEED len = 248
06-21 12:25:29.518  2869  2869 D wpa_supplicant: wpa_driver_wext_driver_cmd LinkSpeed 72 len = 12, 12
06-21 12:25:32.522  2869  2869 D wpa_supplicant: wpa_driver_wext_driver_cmd RSSI len = 248
06-21 12:25:32.522  2869  2869 D wpa_supplicant: wpa_driver_wext_driver_cmd UB_Secure rssi -69  len = 19, 19
06-21 12:25:32.522  2869  2869 D wpa_supplicant: wpa_driver_wext_driver_cmd LINKSPEED len = 248
06-21 12:25:32.522  2869  2869 D wpa_supplicant: wpa_driver_wext_driver_cmd LinkSpeed 72 len = 12, 12
06-21 12:25:35.526  2869  2869 D wpa_supplicant: wpa_driver_wext_driver_cmd RSSI len = 248
06-21 12:25:35.526  2869  2869 D wpa_supplicant: wpa_driver_wext_driver_cmd UB_Secure rssi -69  len = 19, 19
06-21 12:25:35.526  2869  2869 D wpa_supplicant: wpa_driver_wext_driver_cmd LINKSPEED len = 248
06-21 12:25:35.530  2869  2869 D wpa_supplicant: wpa_driver_wext_driver_cmd LinkSpeed 72 len = 12, 12
06-21 12:25:38.534  2869  2869 D wpa_supplicant: wpa_driver_wext_driver_cmd RSSI len = 248
06-21 12:25:38.550  2869  2869 D wpa_supplicant: wpa_driver_wext_driver_cmd UB_Secure rssi -70  len = 19, 19
06-21 12:25:38.550  2869  2869 D wpa_supplicant: wpa_driver_wext_driver_cmd LINKSPEED len = 248
06-21 12:25:38.550  2869  2869 D wpa_supplicant: wpa_driver_wext_driver_cmd LinkSpeed 72 len = 12, 12
06-21 12:25:41.557  2869  2869 D wpa_supplicant: wpa_driver_wext_driver_cmd RSSI len = 248
06-21 12:25:41.569  2869  2869 D wpa_supplicant: wpa_driver_wext_driver_cmd UB_Secure rssi -73  len = 19, 19
06-21 12:25:41.569  2869  2869 D wpa_supplicant: wpa_driver_wext_driver_cmd LINKSPEED len = 248
06-21 12:25:41.569  2869  2869 D wpa_supplicant: wpa_driver_wext_driver_cmd LinkSpeed 72 len = 12, 12
06-21 12:25:44.600  2869  2869 D wpa_supplicant: wpa_driver_wext_driver_cmd RSSI len = 248
06-21 12:25:44.612  2869  2869 D wpa_supplicant: wpa_driver_wext_driver_cmd UB_Secure rssi -72  len = 19, 19
06-21 12:25:44.612  2869  2869 D wpa_supplicant: wpa_driver_wext_driver_cmd LINKSPEED len = 248
06-21 12:25:44.612  2869  2869 D wpa_supplicant: wpa_driver_wext_driver_cmd LinkSpeed 72 len = 12, 12
06-21 12:25:47.620  2869  2869 D wpa_supplicant: wpa_driver_wext_driver_cmd RSSI len = 248
06-21 12:25:47.620  2869  2869 D wpa_supplicant: wpa_driver_wext_driver_cmd UB_Secure rssi -73  len = 19, 19
06-21 12:25:47.620  2869  2869 D wpa_supplicant: wpa_driver_wext_driver_cmd LINKSPEED len = 248
06-21 12:25:47.620  2869  2869 D wpa_supplicant: wpa_driver_wext_driver_cmd LinkSpeed 72 len = 12, 12
06-21 12:25:50.624  2869  2869 D wpa_supplicant: wpa_driver_wext_driver_cmd RSSI len = 248
06-21 12:25:50.624  2869  2869 D wpa_supplicant: wpa_driver_wext_driver_cmd UB_Secure rssi -74  len = 19, 19
06-21 12:25:50.624  2869  2869 D wpa_supplicant: wpa_driver_wext_driver_cmd LINKSPEED len = 248
06-21 12:25:50.624  2869  2869 D wpa_supplicant: wpa_driver_wext_driver_cmd LinkSpeed 72 len = 12, 12
06-21 12:25:53.628  2869  2869 D wpa_supplicant: wpa_driver_wext_driver_cmd RSSI len = 248
06-21 12:25:53.632  2869  2869 D wpa_supplicant: wpa_driver_wext_driver_cmd UB_Secure rssi -71  len = 19, 19
06-21 12:25:53.632  2869  2869 D wpa_supplicant: wpa_driver_wext_driver_cmd LINKSPEED len = 248
06-21 12:25:53.632  2869  2869 D wpa_supplicant: wpa_driver_wext_driver_cmd LinkSpeed 72 len = 12, 12
06-21 12:25:56.636  2869  2869 D wpa_supplicant: wpa_driver_wext_driver_cmd RSSI len = 248
06-21 12:25:56.636  2869  2869 D wpa_supplicant: wpa_driver_wext_driver_cmd UB_Secure rssi -74  len = 19, 19
06-21 12:25:56.636  2869  2869 D wpa_supplicant: wpa_driver_wext_driver_cmd LINKSPEED len = 248
06-21 12:25:56.636  2869  2869 D wpa_supplicant: wpa_driver_wext_driver_cmd LinkSpeed 72 len = 12, 12
06-21 12:25:59.640  2869  2869 D wpa_supplicant: wpa_driver_wext_driver_cmd RSSI len = 248
06-21 12:25:59.647  2869  2869 D wpa_supplicant: wpa_driver_wext_driver_cmd UB_Secure rssi -70  len = 19, 19
06-21 12:25:59.647  2869  2869 D wpa_supplicant: wpa_driver_wext_driver_cmd LINKSPEED len = 248
06-21 12:25:59.651  2869  2869 D wpa_supplicant: wpa_driver_wext_driver_cmd LinkSpeed 72 len = 12, 12
06-21 12:26:02.679  2869  2869 D wpa_supplicant: wpa_driver_wext_driver_cmd RSSI len = 248
06-21 12:26:02.690  2869  2869 D wpa_supplicant: wpa_driver_wext_driver_cmd UB_Secure rssi -70  len = 19, 19
06-21 12:26:02.690  2869  2869 D wpa_supplicant: wpa_driver_wext_driver_cmd LINKSPEED len = 248
06-21 12:26:02.690  2869  2869 D wpa_supplicant: wpa_driver_wext_driver_cmd LinkSpeed 72 len = 12, 12
06-21 12:26:04.620 32535 32550 I DatabaseHelper: Begin cleanup.
06-21 12:26:04.729 32535 32550 I DatabaseHelper: Cleaned up: 0
06-21 12:26:05.698  2869  2869 D wpa_supplicant: wpa_driver_wext_driver_cmd RSSI len = 248
06-21 12:26:05.710  2869  2869 D wpa_supplicant: wpa_driver_wext_driver_cmd UB_Secure rssi -70  len = 19, 19
06-21 12:26:05.710  2869  2869 D wpa_supplicant: wpa_driver_wext_driver_cmd LINKSPEED len = 248
06-21 12:26:05.710  2869  2869 D wpa_supplicant: wpa_driver_wext_driver_cmd LinkSpeed 72 len = 12, 12
06-21 12:26:08.718  2869  2869 D wpa_supplicant: wpa_driver_wext_driver_cmd RSSI len = 248
06-21 12:26:08.729  2869  2869 D wpa_supplicant: wpa_driver_wext_driver_cmd UB_Secure rssi -70  len = 19, 19
06-21 12:26:08.729  2869  2869 D wpa_supplicant: wpa_driver_wext_driver_cmd LINKSPEED len = 248
06-21 12:26:08.729  2869  2869 D wpa_supplicant: wpa_driver_wext_driver_cmd LinkSpeed 72 len = 12, 12
06-21 12:26:11.733  2869  2869 D wpa_supplicant: wpa_driver_wext_driver_cmd RSSI len = 248
06-21 12:26:11.733  2869  2869 D wpa_supplicant: wpa_driver_wext_driver_cmd UB_Secure rssi -68  len = 19, 19
06-21 12:26:11.733  2869  2869 D wpa_supplicant: wpa_driver_wext_driver_cmd LINKSPEED len = 248
06-21 12:26:11.733  2869  2869 D wpa_supplicant: wpa_driver_wext_driver_cmd LinkSpeed 72 len = 12, 12
06-21 12:26:14.737  2869  2869 D wpa_supplicant: wpa_driver_wext_driver_cmd RSSI len = 248
06-21 12:26:14.741  2869  2869 D wpa_supplicant: wpa_driver_wext_driver_cmd UB_Secure rssi -71  len = 19, 19
06-21 12:26:14.741  2869  2869 D wpa_supplicant: wpa_driver_wext_driver_cmd LINKSPEED len = 248
06-21 12:26:14.741  2869  2869 D wpa_supplicant: wpa_driver_wext_driver_cmd LinkSpeed 72 len = 12, 12
06-21 12:26:15.495  2360 24941 I ActivityManager: Process com.facebook.orca (pid 31612) has died.
06-21 12:26:15.499  2360 24941 W ActivityManager: Scheduling restart of crashed service com.facebook.orca/.push.mqtt.MqttPushService in 5000ms
06-21 12:26:17.776  2869  2869 D wpa_supplicant: wpa_driver_wext_driver_cmd RSSI len = 248
06-21 12:26:17.776  2869  2869 D wpa_supplicant: wpa_driver_wext_driver_cmd UB_Secure rssi -73  len = 19, 19
06-21 12:26:17.776  2869  2869 D wpa_supplicant: wpa_driver_wext_driver_cmd LINKSPEED len = 248
06-21 12:26:17.776  2869  2869 D wpa_supplicant: wpa_driver_wext_driver_cmd LinkSpeed 72 len = 12, 12
06-21 12:26:17.921  2869  2869 D wpa_supplicant: wpa_driver_wext_driver_cmd SETSUSPENDOPT 0 len = 4096
06-21 12:26:17.921  2869  2869 D wpa_supplicant: wpa_driver_wext_driver_cmd SETSUSPENDOPT 0 len = 0, 15
06-21 12:26:17.925  2869  2869 D wpa_supplicant: wpa_driver_wext_driver_cmd POWERMODE 0 len = 4096
06-21 12:26:17.925  2869  2869 D wpa_supplicant: wpa_driver_wext_driver_cmd OK len = 0, 2
06-21 12:26:17.936  2869  2869 D wpa_supplicant: WPS: Building WPS IE for Probe Request
06-21 12:26:17.936  2869  2869 D wpa_supplicant: WPS:  * Version (hardcoded 0x10)
06-21 12:26:17.936  2869  2869 D wpa_supplicant: WPS:  * Request Type
06-21 12:26:17.936  2869  2869 D wpa_supplicant: WPS:  * Config Methods (2388)
06-21 12:26:17.936  2869  2869 D wpa_supplicant: WPS:  * UUID-E
06-21 12:26:17.936  2869  2869 D wpa_supplicant: WPS:  * Primary Device Type
06-21 12:26:17.936  2869  2869 D wpa_supplicant: WPS:  * RF Bands (3)
06-21 12:26:17.936  2869  2869 D wpa_supplicant: WPS:  * Association State
06-21 12:26:17.936  2869  2869 D wpa_supplicant: WPS:  * Configuration Error (0)
06-21 12:26:17.936  2869  2869 D wpa_supplicant: WPS:  * Device Password ID (0)
06-21 12:26:17.936  2869  2869 D wpa_supplicant: WPS:  * Manufacturer
06-21 12:26:17.936  2869  2869 D wpa_supplicant: WPS:  * Model Name
06-21 12:26:17.936  2869  2869 D wpa_supplicant: WPS:  * Model Number
06-21 12:26:17.936  2869  2869 D wpa_supplicant: WPS:  * Device Name
06-21 12:26:17.936  2869  2869 D wpa_supplicant: WPS:  * Version2 (0x20)
06-21 12:26:17.936  2869  2869 D wpa_supplicant: wpa_driver_wext_combo_scan: Start
06-21 12:26:17.936  2869  2869 D wpa_supplicant: For Scan: (null)
06-21 12:26:17.948  2869  2869 D wpa_supplicant: Scan requested (ret=0) - scan timeout 30 seconds
06-21 12:26:19.132  2869  2869 D wpa_supplicant: RTM_NEWLINK: operstate=1 ifi_flags=0x11043 ([UP][RUNNING][LOWER_UP])
06-21 12:26:19.132  2869  2869 D wpa_supplicant: RTM_NEWLINK, IFLA_IFNAME: Interface 'wlan0' added
06-21 12:26:19.132  2869  2869 D wpa_supplicant: Wireless event: cmd=0x8b19 len=8
06-21 12:26:19.136  2869  2869 D wpa_supplicant: Received 1587 bytes of scan results (8 BSSes)
06-21 12:26:19.761 32581 32583 D dalvikvm: GC_CONCURRENT freed 301K, 4% free 10207K/10631K, paused 6ms+7ms
06-21 12:26:19.897 32581 32601 I x       : Not returning location for the following outliers: [229533831541072]
06-21 12:26:20.011  2869  2869 D wpa_supplicant: wpa_driver_wext_driver_cmd SETSUSPENDOPT 0 len = 4096
06-21 12:26:20.011  2869  2869 D wpa_supplicant: wpa_driver_wext_driver_cmd SETSUSPENDOPT 0 len = 0, 15
06-21 12:26:20.015  2869  2869 D wpa_supplicant: wpa_driver_wext_driver_cmd POWERMODE 0 len = 4096
06-21 12:26:20.018  2869  2869 D wpa_supplicant: wpa_driver_wext_driver_cmd OK len = 0, 2
06-21 12:26:20.538  2360  2377 I ActivityManager: Start proc com.facebook.orca for service com.facebook.orca/.push.mqtt.MqttPushService: pid=32637 uid=10062 gids={3003, 1015, 1006}
06-21 12:26:20.546 32637 32637 I dalvikvm: Turning on JNI app bug workarounds for target SDK version 10...
06-21 12:26:20.749 32637 32637 I ActivityThread: Pub com.facebook.orca.notify.MessengerForegroundProvider: com.facebook.orca.notify.MessengerForegroundProvider
06-21 12:26:20.780  2869  2869 D wpa_supplicant: wpa_driver_wext_driver_cmd RSSI len = 248
06-21 12:26:20.780  2869  2869 D wpa_supplicant: wpa_driver_wext_driver_cmd UB_Secure rssi -73  len = 19, 19
06-21 12:26:20.780  2869  2869 D wpa_supplicant: wpa_driver_wext_driver_cmd LINKSPEED len = 248
06-21 12:26:20.780  2869  2869 D wpa_supplicant: wpa_driver_wext_driver_cmd LinkSpeed 72 len = 12, 12
06-21 12:26:20.784 32637 32637 I ActivityThread: Pub com.facebook.orca.notify.MessengerLoggedInUserProvider: com.facebook.orca.notify.MessengerLoggedInUserProvider
06-21 12:26:20.804 32637 32637 V orca:OrcaApplication: Forcing initialization of AsyncTask
06-21 12:26:20.960 32637 32639 D dalvikvm: GC_CONCURRENT freed 229K, 4% free 9306K/9607K, paused 6ms+3ms
06-21 12:26:20.979 32637 32637 I Finalizer: Couldn't access Thread.inheritableThreadLocals. Reference finalizer threads will inherit thread local values.
06-21 12:26:21.124 32637 32639 D dalvikvm: GC_CONCURRENT freed 363K, 5% free 9442K/9863K, paused 1ms+2ms
06-21 12:26:21.225 32637 32637 W OrcaGuiceModule: Sig: ijxLJi1yGs1JpL-X1SExmchvork
06-21 12:26:21.327 32637 32639 D dalvikvm: GC_CONCURRENT freed 276K, 4% free 9622K/9991K, paused 2ms+14ms
06-21 12:26:21.682 32637 32652 W Resources: Converting to string: TypedValue{t=0x10/d=0xffffffff a=-1}
06-21 12:26:21.944 32637 32639 D dalvikvm: GC_CONCURRENT freed 323K, 4% free 9852K/10247K, paused 4ms+2ms
06-21 12:26:22.073 32637 32637 D ACRA    : Retrieve application default SharedPreferences.
06-21 12:26:22.073 32637 32637 D ACRA    : Set OnSharedPreferenceChangeListener.
06-21 12:26:22.077 32637 32637 D ACRA    : ACRA is enabled for com.facebook.orca, intializing...
06-21 12:26:22.132 32637 32639 D dalvikvm: GC_CONCURRENT freed 294K, 4% free 10070K/10439K, paused 5ms+3ms
06-21 12:26:22.140 32637 32637 D ACRA    : Looking for error files in /data/data/com.facebook.orca/app_acra-reports
06-21 12:26:22.175 32637 32652 D dalvikvm: GC_FOR_ALLOC freed 233K, 6% free 10114K/10695K, paused 28ms
06-21 12:26:22.241 32637 32652 D dalvikvm: GC_FOR_ALLOC freed 128K, 5% free 10218K/10695K, paused 22ms
06-21 12:26:22.288 32637 32652 D dalvikvm: GC_FOR_ALLOC freed 216K, 5% free 10247K/10759K, paused 23ms
06-21 12:26:22.335  2360  6994 I ActivityManager: Process com.google.android.apps.plus (pid 32434) has died.
06-21 12:26:22.487 32637 32639 D dalvikvm: GC_CONCURRENT freed 380K, 5% free 10436K/10887K, paused 5ms+3ms
06-21 12:26:22.725 32637 32639 D dalvikvm: GC_CONCURRENT freed 163K, 3% free 10845K/11079K, paused 2ms+4ms
06-21 12:26:22.921 32637 32639 D dalvikvm: GC_CONCURRENT freed 500K, 5% free 10955K/11527K, paused 2ms+3ms
06-21 12:26:23.124 32637 32639 D dalvikvm: GC_CONCURRENT freed 338K, 4% free 11310K/11719K, paused 2ms+7ms
06-21 12:26:23.772 32637 32639 D dalvikvm: GC_CONCURRENT freed 630K, 7% free 11407K/12167K, paused 4ms+3ms
06-21 12:26:23.784  2869  2869 D wpa_supplicant: wpa_driver_wext_driver_cmd RSSI len = 248
06-21 12:26:23.784  2869  2869 D wpa_supplicant: wpa_driver_wext_driver_cmd UB_Secure rssi -68  len = 19, 19
06-21 12:26:23.784  2869  2869 D wpa_supplicant: wpa_driver_wext_driver_cmd LINKSPEED len = 248
06-21 12:26:23.784  2869  2869 D wpa_supplicant: wpa_driver_wext_driver_cmd LinkSpeed 72 len = 12, 12
06-21 12:26:25.905 31664 31677 I PhoneLab-: Service Running
06-21 12:26:25.975 31664 31677 I PhoneLab-LoggerService: app_37    3205  1     2360   1920  c00f181c 400107b4 S logcat
06-21 12:26:25.975 31664 31677 I PhoneLab-LoggerService: Logcat pid from database 3205
06-21 12:26:25.975 31664 31677 I PhoneLab-LoggerService: Logcat process found 3205
06-21 12:26:25.975 31664 31677 I PhoneLab-LoggerService: Checking Threshold
06-21 12:26:26.788  2869  2869 D wpa_supplicant: wpa_driver_wext_driver_cmd RSSI len = 248
06-21 12:26:26.788  2869  2869 D wpa_supplicant: wpa_driver_wext_driver_cmd UB_Secure rssi -68  len = 19, 19
06-21 12:26:26.788  2869  2869 D wpa_supplicant: wpa_driver_wext_driver_cmd LINKSPEED len = 248
06-21 12:26:26.788  2869  2869 D wpa_supplicant: wpa_driver_wext_driver_cmd LinkSpeed 72 len = 12, 12
06-21 12:26:29.792  2869  2869 D wpa_supplicant: wpa_driver_wext_driver_cmd RSSI len = 248
06-21 12:26:29.792  2869  2869 D wpa_supplicant: wpa_driver_wext_driver_cmd UB_Secure rssi -69  len = 19, 19
06-21 12:26:29.796  2869  2869 D wpa_supplicant: wpa_driver_wext_driver_cmd LINKSPEED len = 248
06-21 12:26:29.807  2869  2869 D wpa_supplicant: wpa_driver_wext_driver_cmd LinkSpeed 72 len = 12, 12
06-21 12:26:32.815  2869  2869 D wpa_supplicant: wpa_driver_wext_driver_cmd RSSI len = 248
06-21 12:26:32.831  2869  2869 D wpa_supplicant: wpa_driver_wext_driver_cmd UB_Secure rssi -71  len = 19, 19
06-21 12:26:32.831  2869  2869 D wpa_supplicant: wpa_driver_wext_driver_cmd LINKSPEED len = 248
06-21 12:26:32.831  2869  2869 D wpa_supplicant: wpa_driver_wext_driver_cmd LinkSpeed 72 len = 12, 12
06-21 12:26:35.858  2869  2869 D wpa_supplicant: wpa_driver_wext_driver_cmd RSSI len = 248
06-21 12:26:35.874  2869  2869 D wpa_supplicant: wpa_driver_wext_driver_cmd UB_Secure rssi -71  len = 19, 19
06-21 12:26:35.874  2869  2869 D wpa_supplicant: wpa_driver_wext_driver_cmd LINKSPEED len = 248
06-21 12:26:35.874  2869  2869 D wpa_supplicant: wpa_driver_wext_driver_cmd LinkSpeed 72 len = 12, 12
06-21 12:26:38.882  2869  2869 D wpa_supplicant: wpa_driver_wext_driver_cmd RSSI len = 248
06-21 12:26:38.882  2869  2869 D wpa_supplicant: wpa_driver_wext_driver_cmd UB_Secure rssi -70  len = 19, 19
06-21 12:26:38.882  2869  2869 D wpa_supplicant: wpa_driver_wext_driver_cmd LINKSPEED len = 248
06-21 12:26:38.882  2869  2869 D wpa_supplicant: wpa_driver_wext_driver_cmd LinkSpeed 72 len = 12, 12
06-21 12:26:41.886  2869  2869 D wpa_supplicant: wpa_driver_wext_driver_cmd RSSI len = 248
06-21 12:26:41.890  2869  2869 D wpa_supplicant: wpa_driver_wext_driver_cmd UB_Secure rssi -70  len = 19, 19
06-21 12:26:41.890  2869  2869 D wpa_supplicant: wpa_driver_wext_driver_cmd LINKSPEED len = 248
06-21 12:26:41.890  2869  2869 D wpa_supplicant: wpa_driver_wext_driver_cmd LinkSpeed 72 len = 12, 12
06-21 12:26:44.893  2869  2869 D wpa_supplicant: wpa_driver_wext_driver_cmd RSSI len = 248
06-21 12:26:44.905  2869  2869 D wpa_supplicant: wpa_driver_wext_driver_cmd UB_Secure rssi -70  len = 19, 19
06-21 12:26:44.905  2869  2869 D wpa_supplicant: wpa_driver_wext_driver_cmd LINKSPEED len = 248
06-21 12:26:44.909  2869  2869 D wpa_supplicant: wpa_driver_wext_driver_cmd LinkSpeed 72 len = 12, 12
06-21 12:26:46.722 21673 21680 I dalvikvm: Jit: resizing JitTable from 4096 to 8192
06-21 12:26:47.155 32295 32295 D dalvikvm: GC_FOR_ALLOC freed 394K, 6% free 9136K/9671K, paused 65ms
06-21 12:26:47.175 21673 22359 D dalvikvm: GC_FOR_ALLOC freed 1408K, 12% free 19499K/22087K, paused 67ms
06-21 12:26:47.175 21673 22359 I dalvikvm-heap: Grow heap (frag case) to 19.452MB for 356416-byte allocation
06-21 12:26:47.261 21673 32663 D dalvikvm: GC_FOR_ALLOC freed 1K, 12% free 19845K/22471K, paused 66ms
06-21 12:26:47.300  2429  2431 D dalvikvm: GC_CONCURRENT freed 648K, 32% free 10132K/14727K, paused 7ms+8ms
06-21 12:26:47.913  2869  2869 D wpa_supplicant: wpa_driver_wext_driver_cmd RSSI len = 248
06-21 12:26:47.913  2869  2869 D wpa_supplicant: wpa_driver_wext_driver_cmd UB_Secure rssi -70  len = 19, 19
06-21 12:26:47.913  2869  2869 D wpa_supplicant: wpa_driver_wext_driver_cmd LINKSPEED len = 248
06-21 12:26:47.913  2869  2869 D wpa_supplicant: wpa_driver_wext_driver_cmd LinkSpeed 72 len = 12, 12
06-21 12:26:50.917  2869  2869 D wpa_supplicant: wpa_driver_wext_driver_cmd RSSI len = 248
06-21 12:26:50.917  2869  2869 D wpa_supplicant: wpa_driver_wext_driver_cmd UB_Secure rssi -70  len = 19, 19
06-21 12:26:50.917  2869  2869 D wpa_supplicant: wpa_driver_wext_driver_cmd LINKSPEED len = 248
06-21 12:26:50.921  2869  2869 D wpa_supplicant: wpa_driver_wext_driver_cmd LinkSpeed 72 len = 12, 12
06-21 12:26:53.929  2869  2869 D wpa_supplicant: wpa_driver_wext_driver_cmd RSSI len = 248
06-21 12:26:53.936  2869  2869 D wpa_supplicant: wpa_driver_wext_driver_cmd UB_Secure rssi -70  len = 19, 19
06-21 12:26:53.936  2869  2869 D wpa_supplicant: wpa_driver_wext_driver_cmd LINKSPEED len = 248
06-21 12:26:53.936  2869  2869 D wpa_supplicant: wpa_driver_wext_driver_cmd LinkSpeed 72 len = 12, 12
06-21 12:26:56.944  2869  2869 D wpa_supplicant: wpa_driver_wext_driver_cmd RSSI len = 248
06-21 12:26:56.956  2869  2869 D wpa_supplicant: wpa_driver_wext_driver_cmd UB_Secure rssi -70  len = 19, 19
06-21 12:26:56.956  2869  2869 D wpa_supplicant: wpa_driver_wext_driver_cmd LINKSPEED len = 248
06-21 12:26:56.960  2869  2869 D wpa_supplicant: wpa_driver_wext_driver_cmd LinkSpeed 72 len = 12, 12
06-21 12:26:59.964  2869  2869 D wpa_supplicant: wpa_driver_wext_driver_cmd RSSI len = 248
06-21 12:26:59.968  2869  2869 D wpa_supplicant: wpa_driver_wext_driver_cmd UB_Secure rssi -72  len = 19, 19
06-21 12:26:59.968  2869  2869 D wpa_supplicant: wpa_driver_wext_driver_cmd LINKSPEED len = 248
06-21 12:26:59.968  2869  2869 D wpa_supplicant: wpa_driver_wext_driver_cmd LinkSpeed 72 len = 12, 12
06-21 12:27:02.972  2869  2869 D wpa_supplicant: wpa_driver_wext_driver_cmd RSSI len = 248
06-21 12:27:02.975  2869  2869 D wpa_supplicant: wpa_driver_wext_driver_cmd UB_Secure rssi -75  len = 19, 19
06-21 12:27:02.975  2869  2869 D wpa_supplicant: wpa_driver_wext_driver_cmd LINKSPEED len = 248
06-21 12:27:02.975  2869  2869 D wpa_supplicant: wpa_driver_wext_driver_cmd LinkSpeed 72 len = 12, 12
06-21 12:27:04.061 26045 26048 D dalvikvm: GC_CONCURRENT freed 336K, 6% free 10433K/11015K, paused 8ms+8ms
06-21 12:27:05.979  2869  2869 D wpa_supplicant: wpa_driver_wext_driver_cmd RSSI len = 248
06-21 12:27:05.979  2869  2869 D wpa_supplicant: wpa_driver_wext_driver_cmd UB_Secure rssi -71  len = 19, 19
06-21 12:27:05.979  2869  2869 D wpa_supplicant: wpa_driver_wext_driver_cmd LINKSPEED len = 248
06-21 12:27:05.979  2869  2869 D wpa_supplicant: wpa_driver_wext_driver_cmd LinkSpeed 72 len = 12, 12
06-21 12:27:07.800  2360  2616 I ActivityManager: START {act=android.intent.action.MAIN cat=[android.intent.category.LAUNCHER] flg=0x10200000 cmp=com.google.android.apps.googlevoice/.SplashActivity bnds=[360,556][480,706]} from pid 2569
06-21 12:27:08.218  2569  2569 D OpenGLRenderer: Flushing caches (mode 1)
06-21 12:27:08.257  2569  2569 D OpenGLRenderer: Flushing caches (mode 0)
06-21 12:27:08.327 32246 32248 D dalvikvm: GC_CONCURRENT freed 266K, 5% free 9756K/10183K, paused 2ms+3ms
06-21 12:27:08.425  2360  2376 I Process : Sending signal. PID: 32246 SIG: 3
06-21 12:27:08.425 32246 32250 I dalvikvm: threadid=3: reacting to signal 3
06-21 12:27:08.491 32246 32250 I dalvikvm: Wrote stack traces to '/data/anr/traces.txt'
06-21 12:27:08.616  2360  2524 D dalvikvm: GC_EXPLICIT freed 1336K, 26% free 16373K/22023K, paused 10ms+12ms
06-21 12:27:08.765 32246 32246 W GoogleVoice: PhoneCallListActivity: unknown action, threading as Intent.ACTION_MAIN: null
06-21 12:27:08.858 32246 32262 W System.err: com.google.android.apps.googlevoice.net.VoiceServiceException: Voice service failed [INVALID_AUTH_TOKEN]
06-21 12:27:08.858 32246 32262 W System.err: 	at com.google.android.apps.googlevoice.net.masf.MASFVoiceService.checkCredentials(MASFVoiceService.java:107)
06-21 12:27:08.858 32246 32262 W System.err: 	at com.google.android.apps.googlevoice.net.masf.MASFVoiceService.getAuthToken(MASFVoiceService.java:95)
06-21 12:27:08.858 32246 32262 W System.err: 	at com.google.android.apps.googlevoice.net.masf.MASFGetRatesRpc.createRequestPayload(MASFGetRatesRpc.java:34)
06-21 12:27:08.858 32246 32262 W System.err: 	at com.google.android.apps.googlevoice.net.masf.MASFApiRpc.requestSubmit(MASFApiRpc.java:160)
06-21 12:27:08.858 32246 32262 W System.err: 	at com.google.android.apps.googlevoice.net.masf.MASFApiRpc.run(MASFApiRpc.java:141)
06-21 12:27:08.858 32246 32262 W System.err: 	at com.googlex.common.task.AbstractTask.run(Unknown Source)
06-21 12:27:08.858 32246 32262 W System.err: 	at com.googlex.common.task.AbstractTask.runInternal(Unknown Source)
06-21 12:27:08.882 32246 32262 W System.err: 	at com.googlex.common.task.TaskRunner.run(Unknown Source)
06-21 12:27:08.882 32246 32262 W System.err: 	at com.googlex.common.lang.BaseThreadFactory$ThreadImpl.run(Unknown Source)
06-21 12:27:08.917  2360  2376 I Process : Sending signal. PID: 32246 SIG: 3
06-21 12:27:08.917 32246 32250 I dalvikvm: threadid=3: reacting to signal 3
