06-21 23:59:44.986  2360  2616 I ActivityManager: Process android.process.acore (pid 23265) has died.
06-21 23:59:45.025  2360  2616 D CountryDetector: No listener is left
06-21 23:59:45.119  2539  2539 D SAN_SERVICE: *******************************************
06-21 23:59:45.119  2539  2539 D SAN_SERVICE: DM App Phone Service State - 0
06-21 23:59:45.119  2539  2539 D SAN_SERVICE: *******************************************
06-21 23:59:45.674  2539  2539 D SAN_SERVICE: *******************************************
06-21 23:59:45.674  2539  2539 D SAN_SERVICE: DM App Phone Service State - 0
06-21 23:59:45.674  2539  2539 D SAN_SERVICE: *******************************************
06-21 23:59:45.986 23614 23616 D dalvikvm: GC_CONCURRENT freed 342K, 5% free 11002K/11463K, paused 3ms+3ms
06-21 23:59:46.182  2539  2539 D SAN_SERVICE: *******************************************
06-21 23:59:46.182  2539  2539 D SAN_SERVICE: DM App Phone Service State - 0
06-21 23:59:46.182  2539  2539 D SAN_SERVICE: *******************************************
06-21 23:59:46.303 11252 11254 D dalvikvm: GC_CONCURRENT freed 341K, 6% free 10383K/10951K, paused 10ms+4ms
06-21 23:59:46.479  2869  2869 D wpa_supplicant: wpa_driver_wext_driver_cmd RSSI len = 248
06-21 23:59:46.479  2869  2869 D wpa_supplicant: wpa_driver_wext_driver_cmd raikiri rssi -34  len = 17, 17
06-21 23:59:46.479  2869  2869 D wpa_supplicant: wpa_driver_wext_driver_cmd LINKSPEED len = 248
06-21 23:59:46.479  2869  2869 D wpa_supplicant: wpa_driver_wext_driver_cmd LinkSpeed 72 len = 12, 12
06-21 23:59:47.979 23614 23616 D dalvikvm: GC_CONCURRENT freed 436K, 5% free 11245K/11783K, paused 2ms+3ms
06-21 23:59:49.482  2869  2869 D wpa_supplicant: wpa_driver_wext_driver_cmd RSSI len = 248
06-21 23:59:49.498  2869  2869 D wpa_supplicant: wpa_driver_wext_driver_cmd raikiri rssi -32  len = 17, 17
06-21 23:59:49.498  2869  2869 D wpa_supplicant: wpa_driver_wext_driver_cmd LINKSPEED len = 248
06-21 23:59:49.498  2869  2869 D wpa_supplicant: wpa_driver_wext_driver_cmd LinkSpeed 72 len = 12, 12
06-21 23:59:50.354 23363 23365 D dalvikvm: GC_CONCURRENT freed 446K, 6% free 10691K/11335K, paused 10ms+3ms
06-21 23:59:52.502  2869  2869 D wpa_supplicant: wpa_driver_wext_driver_cmd RSSI len = 248
06-21 23:59:52.518  2869  2869 D wpa_supplicant: wpa_driver_wext_driver_cmd raikiri rssi -35  len = 17, 17
06-21 23:59:52.518  2869  2869 D wpa_supplicant: wpa_driver_wext_driver_cmd LINKSPEED len = 248
06-21 23:59:52.518  2869  2869 D wpa_supplicant: wpa_driver_wext_driver_cmd LinkSpeed 72 len = 12, 12
06-21 23:59:52.670  2869  2869 D wpa_supplicant: wpa_driver_wext_driver_cmd SETSUSPENDOPT 0 len = 4096
06-21 23:59:52.670  2869  2869 D wpa_supplicant: wpa_driver_wext_driver_cmd SETSUSPENDOPT 0 len = 0, 15
06-21 23:59:52.670  2869  2869 D wpa_supplicant: wpa_driver_wext_driver_cmd POWERMODE 0 len = 4096
06-21 23:59:52.682  2869  2869 D wpa_supplicant: wpa_driver_wext_driver_cmd OK len = 0, 2
06-21 23:59:52.682  2869  2869 D wpa_supplicant: WPS: Building WPS IE for Probe Request
06-21 23:59:52.682  2869  2869 D wpa_supplicant: WPS:  * Version (hardcoded 0x10)
06-21 23:59:52.682  2869  2869 D wpa_supplicant: WPS:  * Request Type
06-21 23:59:52.682  2869  2869 D wpa_supplicant: WPS:  * Config Methods (2388)
06-21 23:59:52.682  2869  2869 D wpa_supplicant: WPS:  * UUID-E
06-21 23:59:52.682  2869  2869 D wpa_supplicant: WPS:  * Primary Device Type
06-21 23:59:52.682  2869  2869 D wpa_supplicant: WPS:  * RF Bands (3)
06-21 23:59:52.682  2869  2869 D wpa_supplicant: WPS:  * Association State
06-21 23:59:52.682  2869  2869 D wpa_supplicant: WPS:  * Configuration Error (0)
06-21 23:59:52.682  2869  2869 D wpa_supplicant: WPS:  * Device Password ID (0)
06-21 23:59:52.682  2869  2869 D wpa_supplicant: WPS:  * Manufacturer
06-21 23:59:52.682  2869  2869 D wpa_supplicant: WPS:  * Model Name
06-21 23:59:52.682  2869  2869 D wpa_supplicant: WPS:  * Model Number
06-21 23:59:52.682  2869  2869 D wpa_supplicant: WPS:  * Device Name
06-21 23:59:52.682  2869  2869 D wpa_supplicant: WPS:  * Version2 (0x20)
06-21 23:59:52.682  2869  2869 D wpa_supplicant: wpa_driver_wext_combo_scan: Start
06-21 23:59:52.682  2869  2869 D wpa_supplicant: For Scan: (null)
06-21 23:59:52.701  2869  2869 D wpa_supplicant: Scan requested (ret=0) - scan timeout 30 seconds
06-21 23:59:53.865  2869  2869 D wpa_supplicant: RTM_NEWLINK: operstate=1 ifi_flags=0x11043 ([UP][RUNNING][LOWER_UP])
06-21 23:59:53.865  2869  2869 D wpa_supplicant: RTM_NEWLINK, IFLA_IFNAME: Interface 'wlan0' added
06-21 23:59:53.865  2869  2869 D wpa_supplicant: Wireless event: cmd=0x8b19 len=8
06-21 23:59:53.865  2869  2869 D wpa_supplicant: Received 1353 bytes of scan results (6 BSSes)
06-21 23:59:53.998  2869  2869 D wpa_supplicant: wpa_driver_wext_driver_cmd SETSUSPENDOPT 0 len = 4096
06-21 23:59:53.998  2869  2869 D wpa_supplicant: wpa_driver_wext_driver_cmd SETSUSPENDOPT 0 len = 0, 15
06-21 23:59:53.998  2869  2869 D wpa_supplicant: wpa_driver_wext_driver_cmd POWERMODE 0 len = 4096
06-21 23:59:53.998  2869  2869 D wpa_supplicant: wpa_driver_wext_driver_cmd OK len = 0, 2
06-21 23:59:54.115 23207 23210 D dalvikvm: GC_CONCURRENT freed 463K, 7% free 10146K/10823K, paused 7ms+3ms
06-21 23:59:55.229  2539  2539 D SAN_SERVICE: *******************************************
06-21 23:59:55.229  2539  2539 D SAN_SERVICE: DM App Phone Service State - 0
06-21 23:59:55.229  2539  2539 D SAN_SERVICE: *******************************************
06-21 23:59:55.525  2869  2869 D wpa_supplicant: wpa_driver_wext_driver_cmd RSSI len = 248
06-21 23:59:55.533  2869  2869 D wpa_supplicant: wpa_driver_wext_driver_cmd raikiri rssi -34  len = 17, 17
06-21 23:59:55.533  2869  2869 D wpa_supplicant: wpa_driver_wext_driver_cmd LINKSPEED len = 248
06-21 23:59:55.537  2869  2869 D wpa_supplicant: wpa_driver_wext_driver_cmd LinkSpeed 72 len = 12, 12
06-21 23:59:55.643  2539  2539 D SAN_SERVICE: *******************************************
06-21 23:59:55.643  2539  2539 D SAN_SERVICE: DM App Phone Service State - 0
06-21 23:59:55.643  2539  2539 D SAN_SERVICE: *******************************************
06-21 23:59:58.541  2869  2869 D wpa_supplicant: wpa_driver_wext_driver_cmd RSSI len = 248
06-21 23:59:58.549  2869  2869 D wpa_supplicant: wpa_driver_wext_driver_cmd raikiri rssi -30  len = 17, 17
06-21 23:59:58.549  2869  2869 D wpa_supplicant: wpa_driver_wext_driver_cmd LINKSPEED len = 248
06-21 23:59:58.549  2869  2869 D wpa_supplicant: wpa_driver_wext_driver_cmd LinkSpeed 72 len = 12, 12
06-22 00:00:00.178 23427 23429 D dalvikvm: GC_CONCURRENT freed 507K, 6% free 9876K/10503K, paused 21ms+3ms
06-22 00:00:00.213  2360 19548 I ActivityManager: Start proc com.android.calendar for broadcast com.android.calendar/.widget.CalendarAppWidgetService$CalendarFactory: pid=23638 uid=10005 gids={3003}
06-22 00:00:00.658 23427 23637 D dalvikvm: GC_FOR_ALLOC freed 14K, 7% free 9866K/10503K, paused 28ms
06-22 00:00:00.658 23427 23637 I dalvikvm-heap: Grow heap (frag case) to 9.829MB for 131088-byte allocation
06-22 00:00:00.736 23427 23637 D dalvikvm: GC_FOR_ALLOC freed <1K, 7% free 9994K/10695K, paused 52ms
06-22 00:00:00.768 23638 23638 I ActivityThread: Pub com.android.calendar.CalendarRecentSuggestionsProvider: com.android.calendar.CalendarRecentSuggestionsProvider
06-22 00:00:00.822 23427 23637 D dalvikvm: GC_FOR_ALLOC freed <1K, 7% free 9994K/10695K, paused 39ms
06-22 00:00:00.822 23427 23637 I dalvikvm-heap: Grow heap (frag case) to 9.954MB for 131088-byte allocation
06-22 00:00:00.963 23427 23637 D dalvikvm: GC_FOR_ALLOC freed 128K, 9% free 9994K/10887K, paused 55ms
06-22 00:00:00.990  2360  2536 I ActivityManager: Start proc com.android.providers.calendar for content provider com.android.providers.calendar/.CalendarProvider2: pid=23654 uid=10006 gids={3003, 1015}
06-22 00:00:01.053 23654 23654 I ActivityThread: Pub com.android.calendar: com.android.providers.calendar.CalendarProvider2
06-22 00:00:01.291 23427 23637 D dalvikvm: GC_FOR_ALLOC freed 257K, 9% free 9994K/10887K, paused 20ms
06-22 00:00:01.373 23427 23637 D dalvikvm: GC_FOR_ALLOC freed 257K, 9% free 9994K/10887K, paused 20ms
06-22 00:00:01.553  2869  2869 D wpa_supplicant: wpa_driver_wext_driver_cmd RSSI len = 248
06-22 00:00:01.561  2869  2869 D wpa_supplicant: wpa_driver_wext_driver_cmd raikiri rssi -34  len = 17, 17
06-22 00:00:01.561  2869  2869 D wpa_supplicant: wpa_driver_wext_driver_cmd LINKSPEED len = 248
06-22 00:00:01.561  2869  2869 D wpa_supplicant: wpa_driver_wext_driver_cmd LinkSpeed 72 len = 12, 12
06-22 00:00:02.174 23654 23654 I CalendarProvider2: Sending notification intent: Intent { act=android.intent.action.PROVIDER_CHANGED dat=content://com.android.calendar }
06-22 00:00:02.178 23654 23654 W ContentResolver: Failed to get type for: content://com.android.calendar (Unknown URL content://com.android.calendar)
06-22 00:00:04.564  2869  2869 D wpa_supplicant: wpa_driver_wext_driver_cmd RSSI len = 248
06-22 00:00:04.588  2869  2869 D wpa_supplicant: wpa_driver_wext_driver_cmd raikiri rssi -34  len = 17, 17
06-22 00:00:04.588  2869  2869 D wpa_supplicant: wpa_driver_wext_driver_cmd LINKSPEED len = 248
06-22 00:00:04.592  2869  2869 D wpa_supplicant: wpa_driver_wext_driver_cmd LinkSpeed 72 len = 12, 12
06-22 00:00:07.596  2869  2869 D wpa_supplicant: wpa_driver_wext_driver_cmd RSSI len = 248
06-22 00:00:07.607  2869  2869 D wpa_supplicant: wpa_driver_wext_driver_cmd raikiri rssi -30  len = 17, 17
06-22 00:00:07.607  2869  2869 D wpa_supplicant: wpa_driver_wext_driver_cmd LINKSPEED len = 248
06-22 00:00:07.611  2869  2869 D wpa_supplicant: wpa_driver_wext_driver_cmd LinkSpeed 72 len = 12, 12
06-22 00:00:08.576  2360  2372 I ActivityManager: Start proc android.process.acore for content provider com.android.providers.contacts/.ContactsProvider2: pid=23672 uid=10000 gids={3003, 1015}
06-22 00:00:08.646  2335  2335 D dalvikvm: GC_EXPLICIT freed 38K, 4% free 9031K/9347K, paused 3ms+4ms
06-22 00:00:08.662 23672 23672 I ActivityThread: Pub com.android.voicemail: com.android.providers.contacts.VoicemailContentProvider
06-22 00:00:08.686  2335  2335 D dalvikvm: GC_EXPLICIT freed <1K, 4% free 9031K/9347K, paused 3ms+2ms
06-22 00:00:08.713 23672 23672 I ActivityThread: Pub user_dictionary: com.android.providers.userdictionary.UserDictionaryProvider
06-22 00:00:08.729  2335  2335 D dalvikvm: GC_EXPLICIT freed <1K, 4% free 9031K/9347K, paused 2ms+2ms
06-22 00:00:08.736 23672 23672 I ActivityThread: Pub com.android.social: com.android.providers.contacts.SocialProvider
06-22 00:00:08.736 23672 23672 I ActivityThread: Pub applications: com.android.providers.applications.ApplicationsProvider
06-22 00:00:08.850 23672 23674 D dalvikvm: GC_CONCURRENT freed 346K, 5% free 9148K/9607K, paused 9ms+2ms
06-22 00:00:08.850 23672 23672 I ActivityThread: Pub contacts;com.android.contacts: com.android.providers.contacts.ContactsProvider2
06-22 00:00:08.889  2360  2615 I ActivityManager: Process com.twitter.android (pid 23614) has died.
06-22 00:00:08.924 23672 23672 I ActivityThread: Pub call_log: com.android.providers.contacts.CallLogProvider
06-22 00:00:09.127 23672 23674 D dalvikvm: GC_CONCURRENT freed 198K, 4% free 9340K/9671K, paused 6ms+2ms
06-22 00:00:10.615  2869  2869 D wpa_supplicant: wpa_driver_wext_driver_cmd RSSI len = 248
06-22 00:00:10.619  2869  2869 D wpa_supplicant: wpa_driver_wext_driver_cmd raikiri rssi -31  len = 17, 17
06-22 00:00:10.619  2869  2869 D wpa_supplicant: wpa_driver_wext_driver_cmd LINKSPEED len = 248
06-22 00:00:10.623  2869  2869 D wpa_supplicant: wpa_driver_wext_driver_cmd LinkSpeed 72 len = 12, 12
06-22 00:00:12.197 23672 23674 D dalvikvm: GC_CONCURRENT freed 234K, 4% free 9495K/9863K, paused 8ms+2ms
06-22 00:00:13.627  2869  2869 D wpa_supplicant: wpa_driver_wext_driver_cmd RSSI len = 248
06-22 00:00:13.635  2869  2869 D wpa_supplicant: wpa_driver_wext_driver_cmd raikiri rssi -33  len = 17, 17
06-22 00:00:13.635  2869  2869 D wpa_supplicant: wpa_driver_wext_driver_cmd LINKSPEED len = 248
06-22 00:00:13.635  2869  2869 D wpa_supplicant: wpa_driver_wext_driver_cmd LinkSpeed 72 len = 12, 12
06-22 00:00:16.643  2869  2869 D wpa_supplicant: wpa_driver_wext_driver_cmd RSSI len = 248
06-22 00:00:16.662  2869  2869 D wpa_supplicant: wpa_driver_wext_driver_cmd raikiri rssi -31  len = 17, 17
06-22 00:00:16.662  2869  2869 D wpa_supplicant: wpa_driver_wext_driver_cmd LINKSPEED len = 248
06-22 00:00:16.662  2869  2869 D wpa_supplicant: wpa_driver_wext_driver_cmd LinkSpeed 72 len = 12, 12
06-22 00:00:19.670  2869  2869 D wpa_supplicant: wpa_driver_wext_driver_cmd RSSI len = 248
06-22 00:00:19.678  2869  2869 D wpa_supplicant: wpa_driver_wext_driver_cmd raikiri rssi -34  len = 17, 17
06-22 00:00:19.678  2869  2869 D wpa_supplicant: wpa_driver_wext_driver_cmd LINKSPEED len = 248
06-22 00:00:19.678  2869  2869 D wpa_supplicant: wpa_driver_wext_driver_cmd LinkSpeed 72 len = 12, 12
06-22 00:00:22.678  2869  2869 D wpa_supplicant: wpa_driver_wext_driver_cmd RSSI len = 248
06-22 00:00:22.701  2869  2869 D wpa_supplicant: wpa_driver_wext_driver_cmd raikiri rssi -32  len = 17, 17
06-22 00:00:22.701  2869  2869 D wpa_supplicant: wpa_driver_wext_driver_cmd LINKSPEED len = 248
06-22 00:00:22.701  2869  2869 D wpa_supplicant: wpa_driver_wext_driver_cmd LinkSpeed 72 len = 12, 12
06-22 00:00:25.709  2869  2869 D wpa_supplicant: wpa_driver_wext_driver_cmd RSSI len = 248
06-22 00:00:25.721  2869  2869 D wpa_supplicant: wpa_driver_wext_driver_cmd raikiri rssi -33  len = 17, 17
06-22 00:00:25.721  2869  2869 D wpa_supplicant: wpa_driver_wext_driver_cmd LINKSPEED len = 248
06-22 00:00:25.721  2869  2869 D wpa_supplicant: wpa_driver_wext_driver_cmd LinkSpeed 72 len = 12, 12
06-22 00:00:28.729  2869  2869 D wpa_supplicant: wpa_driver_wext_driver_cmd RSSI len = 248
06-22 00:00:28.729  2869  2869 D wpa_supplicant: wpa_driver_wext_driver_cmd raikiri rssi -37  len = 17, 17
06-22 00:00:28.729  2869  2869 D wpa_supplicant: wpa_driver_wext_driver_cmd LINKSPEED len = 248
06-22 00:00:28.729  2869  2869 D wpa_supplicant: wpa_driver_wext_driver_cmd LinkSpeed 72 len = 12, 12
06-22 00:00:31.732  2869  2869 D wpa_supplicant: wpa_driver_wext_driver_cmd RSSI len = 248
06-22 00:00:31.736  2869  2869 D wpa_supplicant: wpa_driver_wext_driver_cmd raikiri rssi -36  len = 17, 17
06-22 00:00:31.736  2869  2869 D wpa_supplicant: wpa_driver_wext_driver_cmd LINKSPEED len = 248
06-22 00:00:31.736  2869  2869 D wpa_supplicant: wpa_driver_wext_driver_cmd LinkSpeed 72 len = 12, 12
06-22 00:00:34.740  2869  2869 D wpa_supplicant: wpa_driver_wext_driver_cmd RSSI len = 248
06-22 00:00:34.748  2869  2869 D wpa_supplicant: wpa_driver_wext_driver_cmd raikiri rssi -31  len = 17, 17
06-22 00:00:34.748  2869  2869 D wpa_supplicant: wpa_driver_wext_driver_cmd LINKSPEED len = 248
06-22 00:00:34.748  2869  2869 D wpa_supplicant: wpa_driver_wext_driver_cmd LinkSpeed 72 len = 12, 12
06-22 00:00:37.756  2869  2869 D wpa_supplicant: wpa_driver_wext_driver_cmd RSSI len = 248
06-22 00:00:37.771  2869  2869 D wpa_supplicant: wpa_driver_wext_driver_cmd raikiri rssi -35  len = 17, 17
06-22 00:00:37.771  2869  2869 D wpa_supplicant: wpa_driver_wext_driver_cmd LINKSPEED len = 248
06-22 00:00:37.775  2869  2869 D wpa_supplicant: wpa_driver_wext_driver_cmd LinkSpeed 72 len = 12, 12
06-22 00:00:40.779  2869  2869 D wpa_supplicant: wpa_driver_wext_driver_cmd RSSI len = 248
06-22 00:00:40.791  2869  2869 D wpa_supplicant: wpa_driver_wext_driver_cmd raikiri rssi -37  len = 17, 17
06-22 00:00:40.791  2869  2869 D wpa_supplicant: wpa_driver_wext_driver_cmd LINKSPEED len = 248
06-22 00:00:40.791  2869  2869 D wpa_supplicant: wpa_driver_wext_driver_cmd LinkSpeed 72 len = 12, 12
06-22 00:00:41.154  2360  2395 I ActivityManager: START {act=android.intent.action.MAIN cat=[android.intent.category.HOME] flg=0x10200000 cmp=com.android.launcher/com.android.launcher2.Launcher} from pid 2360
06-22 00:00:41.459  2539  2539 D SAN_SERVICE: *******************************************
06-22 00:00:41.459  2539  2539 D SAN_SERVICE: DM App Phone Service State - 0
06-22 00:00:41.459  2539  2539 D SAN_SERVICE: *******************************************
06-22 00:00:41.537  2539  2539 D SAN_SERVICE: *******************************************
06-22 00:00:41.537  2539  2539 D SAN_SERVICE: DM App Phone Service State - 0
06-22 00:00:41.537  2539  2539 D SAN_SERVICE: *******************************************
06-22 00:00:41.572  2539  2541 D dalvikvm: GC_CONCURRENT freed 388K, 7% free 9614K/10247K, paused 5ms+8ms
06-22 00:00:41.709 18190 18190 D OpenGLRenderer: Flushing caches (mode 0)
06-22 00:00:41.771  2360 19548 W InputManagerService: Starting input on non-focused client com.android.internal.view.IInputMethodClient$Stub$Proxy@415b7ef8 (uid=10055 pid=18190)
06-22 00:00:41.814 18190 18190 D OpenGLRenderer: Flushing caches (mode 1)
06-22 00:00:41.826 18190 18190 D OpenGLRenderer: Flushing caches (mode 2)
06-22 00:00:41.830 18190 18190 D OpenGLRenderer: Flushing caches (mode 0)
06-22 00:00:41.830 18190 18190 W ManagedEGLContext: doTerminate failed: EGL count is 2 but managed count is 1
06-22 00:00:42.650  2429  2429 D dalvikvm: GC_FOR_ALLOC freed 329K, 57% free 9988K/22791K, paused 34ms
06-22 00:00:42.857  2429  2429 D dalvikvm: GC_FOR_ALLOC freed 403K, 57% free 9968K/22791K, paused 25ms
06-22 00:00:43.471  2360  2536 I ActivityManager: START {act=android.intent.action.MAIN cat=[android.intent.category.LAUNCHER] flg=0x10000000 pkg=com.whatsapp cmp=com.whatsapp/.Main bnds=[360,405][480,555]} from pid 2569
06-22 00:00:43.545  2569  2569 D OpenGLRenderer: Flushing caches (mode 1)
06-22 00:00:43.666  2360 19548 I ActivityManager: START {cmp=com.whatsapp/.Conversations} from pid 23427
06-22 00:00:43.670  2360  2372 W ActivityManager: Duplicate finish request for ActivityRecord{416bc4d8 com.whatsapp/.Main}
06-22 00:00:43.732  2569  2569 D OpenGLRenderer: Flushing caches (mode 0)
06-22 00:00:43.799  2869  2869 D wpa_supplicant: wpa_driver_wext_driver_cmd RSSI len = 248
06-22 00:00:43.799  2869  2869 D wpa_supplicant: wpa_driver_wext_driver_cmd raikiri rssi -39  len = 17, 17
06-22 00:00:43.799  2869  2869 D wpa_supplicant: wpa_driver_wext_driver_cmd LINKSPEED len = 248
06-22 00:00:43.799  2869  2869 D wpa_supplicant: wpa_driver_wext_driver_cmd LinkSpeed 72 len = 12, 12
06-22 00:00:43.916 23427 23429 D dalvikvm: GC_CONCURRENT freed 467K, 9% free 9915K/10887K, paused 18ms+11ms
06-22 00:00:44.080 23427 23429 D dalvikvm: GC_CONCURRENT freed 18K, 5% free 10393K/10887K, paused 6ms+3ms
06-22 00:00:44.178  2360  2376 I Process : Sending signal. PID: 23427 SIG: 3
06-22 00:00:44.178 23427 23431 I dalvikvm: threadid=3: reacting to signal 3
06-22 00:00:44.291 23427 23431 I dalvikvm: Wrote stack traces to '/data/anr/traces.txt'
06-22 00:00:44.307  2429  2429 V PhoneStatusBar: setLightsOn(true)
06-22 00:00:44.521  2360  2390 I ActivityManager: Displayed com.whatsapp/.Conversations: +852ms (total +1s24ms)
06-22 00:00:44.541  2569  2569 D OpenGLRenderer: Flushing caches (mode 2)
06-22 00:00:44.549  2569  2569 D OpenGLRenderer: Flushing caches (mode 0)
06-22 00:00:44.736  2360  2372 D dalvikvm: GC_EXPLICIT freed 1547K, 26% free 16372K/22023K, paused 3ms+11ms
06-22 00:00:44.967 23427 23429 D dalvikvm: GC_CONCURRENT freed 224K, 4% free 10594K/11015K, paused 9ms+3ms
06-22 00:00:46.803  2869  2869 D wpa_supplicant: wpa_driver_wext_driver_cmd RSSI len = 248
06-22 00:00:46.826  2869  2869 D wpa_supplicant: wpa_driver_wext_driver_cmd raikiri rssi -43  len = 17, 17
06-22 00:00:46.826  2869  2869 D wpa_supplicant: wpa_driver_wext_driver_cmd LINKSPEED len = 248
06-22 00:00:46.826  2869  2869 D wpa_supplicant: wpa_driver_wext_driver_cmd LinkSpeed 72 len = 12, 12
06-22 00:00:46.869  2360  2615 I ActivityManager: START {cmp=com.whatsapp/.ContactPicker} from pid 23427
06-22 00:00:47.053  2429  2429 V PhoneStatusBar: setLightsOn(true)
06-22 00:00:47.221 23427 23429 D dalvikvm: GC_CONCURRENT freed 160K, 3% free 10893K/11143K, paused 3ms+4ms
06-22 00:00:47.318  2360  2390 I ActivityManager: Displayed com.whatsapp/.ContactPicker: +424ms
06-22 00:00:47.783 23427 23429 D dalvikvm: GC_CONCURRENT freed 418K, 5% free 10975K/11527K, paused 2ms+6ms
06-22 00:00:47.846 23427 23693 D dalvikvm: GC_EXPLICIT freed 60K, 6% free 10944K/11527K, paused 6ms+5ms
06-22 00:00:48.150 23672 23688 D dalvikvm: GC_EXPLICIT freed 402K, 6% free 9470K/9991K, paused 2ms+4ms
06-22 00:00:49.545 23427 23427 D dalvikvm: GC_FOR_ALLOC freed 462K, 5% free 11040K/11591K, paused 26ms
06-22 00:00:49.576 23427 23427 D dalvikvm: GC_FOR_ALLOC freed 36K, 6% free 11194K/11783K, paused 28ms
06-22 00:00:49.615 23427 23427 D dalvikvm: GC_FOR_ALLOC freed 0K, 5% free 11384K/11975K, paused 36ms
06-22 00:00:49.643 23427 23427 D dalvikvm: GC_FOR_ALLOC freed 0K, 5% free 11573K/12167K, paused 24ms
06-22 00:00:49.674 23427 23427 D dalvikvm: GC_FOR_ALLOC freed 0K, 5% free 11952K/12551K, paused 24ms
06-22 00:00:49.830  2869  2869 D wpa_supplicant: wpa_driver_wext_driver_cmd RSSI len = 248
06-22 00:00:49.846  2869  2869 D wpa_supplicant: wpa_driver_wext_driver_cmd raikiri rssi -43  len = 17, 17
06-22 00:00:49.846  2869  2869 D wpa_supplicant: wpa_driver_wext_driver_cmd LINKSPEED len = 248
06-22 00:00:49.846  2869  2869 D wpa_supplicant: wpa_driver_wext_driver_cmd LinkSpeed 72 len = 12, 12
06-22 00:00:50.049 23427 23427 D dalvikvm: GC_FOR_ALLOC freed 422K, 4% free 12421K/12935K, paused 32ms
06-22 00:00:51.545  2539  2539 D SAN_SERVICE: *******************************************
06-22 00:00:51.545  2539  2539 D SAN_SERVICE: DM App Phone Service State - 0
06-22 00:00:51.545  2539  2539 D SAN_SERVICE: *******************************************
06-22 00:00:51.764  2539  2539 D SAN_SERVICE: *******************************************
06-22 00:00:51.764  2539  2539 D SAN_SERVICE: DM App Phone Service State - 0
06-22 00:00:51.764  2539  2539 D SAN_SERVICE: *******************************************
06-22 00:00:51.900  2539  2539 D SAN_SERVICE: *******************************************
06-22 00:00:51.900  2539  2539 D SAN_SERVICE: DM App Phone Service State - 0
06-22 00:00:51.900  2539  2539 D SAN_SERVICE: *******************************************
06-22 00:00:52.248 23427 23429 D dalvikvm: GC_CONCURRENT freed 778K, 7% free 12668K/13575K, paused 2ms+7ms
06-22 00:00:52.553 23427 23693 D dalvikvm: GC_EXPLICIT freed 318K, 8% free 12600K/13575K, paused 2ms+7ms
06-22 00:00:52.639 23672 23689 D dalvikvm: GC_EXPLICIT freed 277K, 6% free 9457K/9991K, paused 2ms+3ms
06-22 00:00:52.705  2869  2869 D wpa_supplicant: wpa_driver_wext_driver_cmd SETSUSPENDOPT 0 len = 4096
06-22 00:00:52.709  2869  2869 D wpa_supplicant: wpa_driver_wext_driver_cmd SETSUSPENDOPT 0 len = 0, 15
06-22 00:00:52.713  2869  2869 D wpa_supplicant: wpa_driver_wext_driver_cmd POWERMODE 0 len = 4096
06-22 00:00:52.713  2869  2869 D wpa_supplicant: wpa_driver_wext_driver_cmd OK len = 0, 2
06-22 00:00:52.721  2869  2869 D wpa_supplicant: WPS: Building WPS IE for Probe Request
06-22 00:00:52.721  2869  2869 D wpa_supplicant: WPS:  * Version (hardcoded 0x10)
06-22 00:00:52.721  2869  2869 D wpa_supplicant: WPS:  * Request Type
06-22 00:00:52.721  2869  2869 D wpa_supplicant: WPS:  * Config Methods (2388)
06-22 00:00:52.721  2869  2869 D wpa_supplicant: WPS:  * UUID-E
06-22 00:00:52.721  2869  2869 D wpa_supplicant: WPS:  * Primary Device Type
06-22 00:00:52.721  2869  2869 D wpa_supplicant: WPS:  * RF Bands (3)
06-22 00:00:52.721  2869  2869 D wpa_supplicant: WPS:  * Association State
06-22 00:00:52.721  2869  2869 D wpa_supplicant: WPS:  * Configuration Error (0)
06-22 00:00:52.721  2869  2869 D wpa_supplicant: WPS:  * Device Password ID (0)
06-22 00:00:52.721  2869  2869 D wpa_supplicant: WPS:  * Manufacturer
06-22 00:00:52.721  2869  2869 D wpa_supplicant: WPS:  * Model Name
06-22 00:00:52.721  2869  2869 D wpa_supplicant: WPS:  * Model Number
06-22 00:00:52.721  2869  2869 D wpa_supplicant: WPS:  * Device Name
06-22 00:00:52.721  2869  2869 D wpa_supplicant: WPS:  * Version2 (0x20)
06-22 00:00:52.721  2869  2869 D wpa_supplicant: wpa_driver_wext_combo_scan: Start
06-22 00:00:52.721  2869  2869 D wpa_supplicant: For Scan: (null)
06-22 00:00:52.736  2869  2869 D wpa_supplicant: Scan requested (ret=0) - scan timeout 30 seconds
06-22 00:00:52.846  2869  2869 D wpa_supplicant: wpa_driver_wext_driver_cmd RSSI len = 248
06-22 00:00:52.850  2869  2869 D wpa_supplicant: wpa_driver_wext_driver_cmd raikiri rssi -42  len = 17, 17
06-22 00:00:52.850  2869  2869 D wpa_supplicant: wpa_driver_wext_driver_cmd LINKSPEED len = 248
06-22 00:00:52.850  2869  2869 D wpa_supplicant: wpa_driver_wext_driver_cmd LinkSpeed 72 len = 12, 12
06-22 00:00:52.979  2360  2524 D dalvikvm: GC_EXPLICIT freed 672K, 26% free 16466K/22023K, paused 3ms+22ms
06-22 00:00:53.084  2360  2634 I ActivityManager: START {flg=0x14000000 cmp=com.whatsapp/.Conversation (has extras)} from pid 23427
06-22 00:00:53.432  2429  2429 V PhoneStatusBar: setLightsOn(true)
06-22 00:00:53.510 23427 23429 D dalvikvm: GC_CONCURRENT freed 1922K, 15% free 11783K/13831K, paused 3ms+10ms
06-22 00:00:53.529  2506  2506 W Settings: Cannot load auto correction threshold setting. currentAutoCorrectionSetting: 0, autoCorrectionThresholdValues: [, 0.22, 0.08, 0]
06-22 00:00:53.635  2360  2390 I ActivityManager: Displayed com.whatsapp/.Conversation: +541ms
06-22 00:00:53.717  2506  2508 D dalvikvm: GC_CONCURRENT freed 333K, 19% free 10793K/13319K, paused 7ms+3ms
06-22 00:00:53.854  2506  2506 W Settings: Cannot load auto correction threshold setting. currentAutoCorrectionSetting: 0, autoCorrectionThresholdValues: [, 0.22, 0.08, 0]
06-22 00:00:53.896  2869  2869 D wpa_supplicant: RTM_NEWLINK: operstate=1 ifi_flags=0x11043 ([UP][RUNNING][LOWER_UP])
06-22 00:00:53.896  2869  2869 D wpa_supplicant: RTM_NEWLINK, IFLA_IFNAME: Interface 'wlan0' added
06-22 00:00:53.896  2869  2869 D wpa_supplicant: Wireless event: cmd=0x8b19 len=8
06-22 00:00:53.896  2869  2869 D wpa_supplicant: Received 766 bytes of scan results (3 BSSes)
06-22 00:00:54.119  2429  2429 D dalvikvm: GC_FOR_ALLOC freed 164K, 56% free 10137K/22791K, paused 95ms
06-22 00:00:54.318  2429  2431 D dalvikvm: GC_CONCURRENT freed 230K, 55% free 10309K/22791K, paused 2ms+10ms
06-22 00:00:54.494 23391 23393 D dalvikvm: GC_CONCURRENT freed 508K, 6% free 10139K/10759K, paused 11ms+13ms
06-22 00:00:54.596  2869  2869 D wpa_supplicant: wpa_driver_wext_driver_cmd SETSUSPENDOPT 0 len = 4096
06-22 00:00:54.596  2869  2869 D wpa_supplicant: wpa_driver_wext_driver_cmd SETSUSPENDOPT 0 len = 0, 15
06-22 00:00:54.600  2869  2869 D wpa_supplicant: wpa_driver_wext_driver_cmd POWERMODE 0 len = 4096
06-22 00:00:54.607  2869  2869 D wpa_supplicant: wpa_driver_wext_driver_cmd OK len = 0, 2
06-22 00:00:55.854  2869  2869 D wpa_supplicant: wpa_driver_wext_driver_cmd RSSI len = 248
06-22 00:00:55.881  2869  2869 D wpa_supplicant: wpa_driver_wext_driver_cmd raikiri rssi -40  len = 17, 17
06-22 00:00:55.881  2869  2869 D wpa_supplicant: wpa_driver_wext_driver_cmd LINKSPEED len = 248
06-22 00:00:55.889  2869  2869 D wpa_supplicant: wpa_driver_wext_driver_cmd LinkSpeed 72 len = 12, 12
06-22 00:00:56.877  2539  2539 D SAN_SERVICE: *******************************************
06-22 00:00:56.877  2539  2539 D SAN_SERVICE: DM App Phone Service State - 0
06-22 00:00:56.877  2539  2539 D SAN_SERVICE: *******************************************
06-22 00:00:56.998  2539  2539 D SAN_SERVICE: *******************************************
06-22 00:00:57.002  2539  2539 D SAN_SERVICE: DM App Phone Service State - 0
06-22 00:00:57.002  2539  2539 D SAN_SERVICE: *******************************************
06-22 00:00:57.100  2539  2539 D SAN_SERVICE: *******************************************
06-22 00:00:57.100  2539  2539 D SAN_SERVICE: DM App Phone Service State - 0
06-22 00:00:57.100  2539  2539 D SAN_SERVICE: *******************************************
06-22 00:00:57.365  2539  2539 D SAN_SERVICE: *******************************************
06-22 00:00:57.365  2539  2539 D SAN_SERVICE: DM App Phone Service State - 0
06-22 00:00:57.365  2539  2539 D SAN_SERVICE: *******************************************
06-22 00:00:58.904  2869  2869 D wpa_supplicant: wpa_driver_wext_driver_cmd RSSI len = 248
06-22 00:00:58.904  2869  2869 D wpa_supplicant: wpa_driver_wext_driver_cmd raikiri rssi -36  len = 17, 17
06-22 00:00:58.904  2869  2869 D wpa_supplicant: wpa_driver_wext_driver_cmd LINKSPEED len = 248
06-22 00:00:58.904  2869  2869 D wpa_supplicant: wpa_driver_wext_driver_cmd LinkSpeed 72 len = 12, 12
06-22 00:01:01.920  2869  2869 D wpa_supplicant: wpa_driver_wext_driver_cmd RSSI len = 248
06-22 00:01:01.928  2869  2869 D wpa_supplicant: wpa_driver_wext_driver_cmd raikiri rssi -43  len = 17, 17
06-22 00:01:01.928  2869  2869 D wpa_supplicant: wpa_driver_wext_driver_cmd LINKSPEED len = 248
06-22 00:01:01.928  2869  2869 D wpa_supplicant: wpa_driver_wext_driver_cmd LinkSpeed 72 len = 12, 12
06-22 00:01:04.932  2869  2869 D wpa_supplicant: wpa_driver_wext_driver_cmd RSSI len = 248
06-22 00:01:04.939  2869  2869 D wpa_supplicant: wpa_driver_wext_driver_cmd raikiri rssi -43  len = 17, 17
06-22 00:01:04.939  2869  2869 D wpa_supplicant: wpa_driver_wext_driver_cmd LINKSPEED len = 248
06-22 00:01:04.939  2869  2869 D wpa_supplicant: wpa_driver_wext_driver_cmd LinkSpeed 72 len = 12, 12
06-22 00:01:07.943  2869  2869 D wpa_supplicant: wpa_driver_wext_driver_cmd RSSI len = 248
06-22 00:01:07.951  2869  2869 D wpa_supplicant: wpa_driver_wext_driver_cmd raikiri rssi -43  len = 17, 17
06-22 00:01:07.951  2869  2869 D wpa_supplicant: wpa_driver_wext_driver_cmd LINKSPEED len = 248
06-22 00:01:07.951  2869  2869 D wpa_supplicant: wpa_driver_wext_driver_cmd LinkSpeed 72 len = 12, 12
06-22 00:01:08.529  2539  2539 D SAN_SERVICE: *******************************************
06-22 00:01:08.529  2539  2539 D SAN_SERVICE: DM App Phone Service State - 0
06-22 00:01:08.529  2539  2539 D SAN_SERVICE: *******************************************
06-22 00:01:09.303  2539  2539 D SAN_SERVICE: *******************************************
06-22 00:01:09.303  2539  2539 D SAN_SERVICE: DM App Phone Service State - 0
06-22 00:01:09.303  2539  2539 D SAN_SERVICE: *******************************************
06-22 00:01:10.959  2869  2869 D wpa_supplicant: wpa_driver_wext_driver_cmd RSSI len = 248
06-22 00:01:10.971  2869  2869 D wpa_supplicant: wpa_driver_wext_driver_cmd raikiri rssi -40  len = 17, 17
06-22 00:01:10.971  2869  2869 D wpa_supplicant: wpa_driver_wext_driver_cmd LINKSPEED len = 248
06-22 00:01:10.971  2869  2869 D wpa_supplicant: wpa_driver_wext_driver_cmd LinkSpeed 72 len = 12, 12
06-22 00:01:13.971  2869  2869 D wpa_supplicant: wpa_driver_wext_driver_cmd RSSI len = 248
06-22 00:01:13.990  2869  2869 D wpa_supplicant: wpa_driver_wext_driver_cmd raikiri rssi -46  len = 17, 17
06-22 00:01:13.990  2869  2869 D wpa_supplicant: wpa_driver_wext_driver_cmd LINKSPEED len = 248
06-22 00:01:13.990  2869  2869 D wpa_supplicant: wpa_driver_wext_driver_cmd LinkSpeed 72 len = 12, 12
06-22 00:01:16.998  2869  2869 D wpa_supplicant: wpa_driver_wext_driver_cmd RSSI len = 248
06-22 00:01:17.006  2869  2869 D wpa_supplicant: wpa_driver_wext_driver_cmd raikiri rssi -45  len = 17, 17
06-22 00:01:17.006  2869  2869 D wpa_supplicant: wpa_driver_wext_driver_cmd LINKSPEED len = 248
06-22 00:01:17.006  2869  2869 D wpa_supplicant: wpa_driver_wext_driver_cmd LinkSpeed 72 len = 12, 12
06-22 00:01:17.061  2539  2539 D SAN_SERVICE: *******************************************
06-22 00:01:17.061  2539  2539 D SAN_SERVICE: DM App Phone Service State - 0
06-22 00:01:17.061  2539  2539 D SAN_SERVICE: *******************************************
06-22 00:01:17.447 23499 23512 I PhoneLab-: Service Running
06-22 00:01:17.506 23499 23512 I PhoneLab-LoggerService: app_37    3205  1     2360   1920  c00f181c 400107b4 S logcat
06-22 00:01:17.506 23499 23512 I PhoneLab-LoggerService: Logcat pid from database 3205
06-22 00:01:17.506 23499 23512 I PhoneLab-LoggerService: Logcat process found 3205
06-22 00:01:17.506 23499 23512 I PhoneLab-LoggerService: Checking Threshold
06-22 00:01:17.506 23499 23512 I PhoneLab-LoggerService: Starting to rename files
06-22 00:01:17.510 23499 23512 I PhoneLab-LoggerService: Files found .. 2
06-22 00:01:17.592  2539  2539 D SAN_SERVICE: *******************************************
06-22 00:01:17.592  2539  2539 D SAN_SERVICE: DM App Phone Service State - 0
06-22 00:01:17.592  2539  2539 D SAN_SERVICE: *******************************************
06-22 00:01:20.010  2869  2869 D wpa_supplicant: wpa_driver_wext_driver_cmd RSSI len = 248
06-22 00:01:20.025  2869  2869 D wpa_supplicant: wpa_driver_wext_driver_cmd raikiri rssi -46  len = 17, 17
06-22 00:01:20.029  2869  2869 D wpa_supplicant: wpa_driver_wext_driver_cmd LINKSPEED len = 248
06-22 00:01:20.029  2869  2869 D wpa_supplicant: wpa_driver_wext_driver_cmd LinkSpeed 72 len = 12, 12
06-22 00:01:23.033  2869  2869 D wpa_supplicant: wpa_driver_wext_driver_cmd RSSI len = 248
06-22 00:01:23.041  2869  2869 D wpa_supplicant: wpa_driver_wext_driver_cmd raikiri rssi -46  len = 17, 17
06-22 00:01:23.041  2869  2869 D wpa_supplicant: wpa_driver_wext_driver_cmd LINKSPEED len = 248
06-22 00:01:23.041  2869  2869 D wpa_supplicant: wpa_driver_wext_driver_cmd LinkSpeed 72 len = 12, 12
06-22 00:01:26.045  2869  2869 D wpa_supplicant: wpa_driver_wext_driver_cmd RSSI len = 248
06-22 00:01:26.045  2869  2869 D wpa_supplicant: wpa_driver_wext_driver_cmd raikiri rssi -44  len = 17, 17
06-22 00:01:26.045  2869  2869 D wpa_supplicant: wpa_driver_wext_driver_cmd LINKSPEED len = 248
06-22 00:01:26.045  2869  2869 D wpa_supplicant: wpa_driver_wext_driver_cmd LinkSpeed 72 len = 12, 12
06-22 00:01:28.787  2869  2869 D wpa_supplicant: wpa_driver_wext_driver_cmd BTCOEXMODE 1 len = 4096
06-22 00:01:29.076  2869  2869 D wpa_supplicant: wpa_driver_wext_driver_cmd OK len = 0, 2
06-22 00:01:29.076  2869  2869 D wpa_supplicant: wpa_driver_wext_driver_cmd GETPOWER len = 4096
06-22 00:01:29.084  2869  2869 D wpa_supplicant: wpa_driver_wext_driver_cmd powermode = 0 len = 13, 13
06-22 00:01:29.084  2869  2869 D wpa_supplicant: wpa_driver_wext_driver_cmd POWERMODE 1 len = 4096
06-22 00:01:29.084  2869  2869 D wpa_supplicant: wpa_driver_wext_driver_cmd OK len = 0, 2
06-22 00:01:29.084  2869  2869 D wpa_supplicant: wpa_driver_wext_driver_cmd RSSI len = 248
06-22 00:01:29.084  2869  2869 D wpa_supplicant: wpa_driver_wext_driver_cmd raikiri rssi -44  len = 17, 17
06-22 00:01:29.084  2869  2869 D wpa_supplicant: wpa_driver_wext_driver_cmd LINKSPEED len = 248
06-22 00:01:29.084  2869  2869 D wpa_supplicant: wpa_driver_wext_driver_cmd LinkSpeed 72 len = 12, 12
06-22 00:01:29.693  2869  2869 D wpa_supplicant: wpa_driver_wext_driver_cmd POWERMODE 0 len = 4096
06-22 00:01:29.709  2869  2869 D wpa_supplicant: wpa_driver_wext_driver_cmd OK len = 0, 2
06-22 00:01:29.709  2869  2869 D wpa_supplicant: wpa_driver_wext_driver_cmd BTCOEXMODE 2 len = 4096
06-22 00:01:29.709  2869  2869 D wpa_supplicant: wpa_driver_wext_driver_cmd OK len = 0, 2
06-22 00:01:29.713  2360  2414 D DhcpInfoInternal: makeLinkProperties with empty dns2!
06-22 00:01:29.713  2360  2414 D DhcpInfoInternal: makeLinkProperties with empty dns2!
06-22 00:01:32.088  2869  2869 D wpa_supplicant: wpa_driver_wext_driver_cmd RSSI len = 248
06-22 00:01:32.096  2869  2869 D wpa_supplicant: wpa_driver_wext_driver_cmd raikiri rssi -46  len = 17, 17
06-22 00:01:32.096  2869  2869 D wpa_supplicant: wpa_driver_wext_driver_cmd LINKSPEED len = 248
06-22 00:01:32.096  2869  2869 D wpa_supplicant: wpa_driver_wext_driver_cmd LinkSpeed 72 len = 12, 12
06-22 00:01:35.100  2869  2869 D wpa_supplicant: wpa_driver_wext_driver_cmd RSSI len = 248
06-22 00:01:35.111  2869  2869 D wpa_supplicant: wpa_driver_wext_driver_cmd raikiri rssi -46  len = 17, 17
06-22 00:01:35.111  2869  2869 D wpa_supplicant: wpa_driver_wext_driver_cmd LINKSPEED len = 248
06-22 00:01:35.111  2869  2869 D wpa_supplicant: wpa_driver_wext_driver_cmd LinkSpeed 72 len = 12, 12
06-22 00:01:38.115  2869  2869 D wpa_supplicant: wpa_driver_wext_driver_cmd RSSI len = 248
06-22 00:01:38.123  2869  2869 D wpa_supplicant: wpa_driver_wext_driver_cmd raikiri rssi -48  len = 17, 17
06-22 00:01:38.123  2869  2869 D wpa_supplicant: wpa_driver_wext_driver_cmd LINKSPEED len = 248
06-22 00:01:38.123  2869  2869 D wpa_supplicant: wpa_driver_wext_driver_cmd LinkSpeed 72 len = 12, 12
06-22 00:01:41.127  2869  2869 D wpa_supplicant: wpa_driver_wext_driver_cmd RSSI len = 248
06-22 00:01:41.135  2869  2869 D wpa_supplicant: wpa_driver_wext_driver_cmd raikiri rssi -44  len = 17, 17
06-22 00:01:41.135  2869  2869 D wpa_supplicant: wpa_driver_wext_driver_cmd LINKSPEED len = 248
06-22 00:01:41.135  2869  2869 D wpa_supplicant: wpa_driver_wext_driver_cmd LinkSpeed 72 len = 12, 12
06-22 00:01:44.139  2869  2869 D wpa_supplicant: wpa_driver_wext_driver_cmd RSSI len = 248
06-22 00:01:44.158  2869  2869 D wpa_supplicant: wpa_driver_wext_driver_cmd raikiri rssi -42  len = 17, 17
06-22 00:01:44.158  2869  2869 D wpa_supplicant: wpa_driver_wext_driver_cmd LINKSPEED len = 248
06-22 00:01:44.158  2869  2869 D wpa_supplicant: wpa_driver_wext_driver_cmd LinkSpeed 72 len = 12, 12
06-22 00:01:47.178  2869  2869 D wpa_supplicant: wpa_driver_wext_driver_cmd RSSI len = 248
06-22 00:01:47.193  2869  2869 D wpa_supplicant: wpa_driver_wext_driver_cmd raikiri rssi -44  len = 17, 17
06-22 00:01:47.193  2869  2869 D wpa_supplicant: wpa_driver_wext_driver_cmd LINKSPEED len = 248
06-22 00:01:47.193  2869  2869 D wpa_supplicant: wpa_driver_wext_driver_cmd LinkSpeed 72 len = 12, 12
06-22 00:01:50.201  2869  2869 D wpa_supplicant: wpa_driver_wext_driver_cmd RSSI len = 248
06-22 00:01:50.217  2869  2869 D wpa_supplicant: wpa_driver_wext_driver_cmd raikiri rssi -44  len = 17, 17
06-22 00:01:50.217  2869  2869 D wpa_supplicant: wpa_driver_wext_driver_cmd LINKSPEED len = 248
06-22 00:01:50.217  2869  2869 D wpa_supplicant: wpa_driver_wext_driver_cmd LinkSpeed 72 len = 12, 12
06-22 00:01:52.736  2869  2869 D wpa_supplicant: wpa_driver_wext_driver_cmd SETSUSPENDOPT 0 len = 4096
06-22 00:01:52.736  2869  2869 D wpa_supplicant: wpa_driver_wext_driver_cmd SETSUSPENDOPT 0 len = 0, 15
06-22 00:01:52.736  2869  2869 D wpa_supplicant: wpa_driver_wext_driver_cmd POWERMODE 0 len = 4096
06-22 00:01:52.744  2869  2869 D wpa_supplicant: wpa_driver_wext_driver_cmd OK len = 0, 2
06-22 00:01:52.744  2869  2869 D wpa_supplicant: WPS: Building WPS IE for Probe Request
06-22 00:01:52.744  2869  2869 D wpa_supplicant: WPS:  * Version (hardcoded 0x10)
06-22 00:01:52.744  2869  2869 D wpa_supplicant: WPS:  * Request Type
06-22 00:01:52.744  2869  2869 D wpa_supplicant: WPS:  * Config Methods (2388)
06-22 00:01:52.744  2869  2869 D wpa_supplicant: WPS:  * UUID-E
06-22 00:01:52.744  2869  2869 D wpa_supplicant: WPS:  * Primary Device Type
06-22 00:01:52.744  2869  2869 D wpa_supplicant: WPS:  * RF Bands (3)
06-22 00:01:52.744  2869  2869 D wpa_supplicant: WPS:  * Association State
06-22 00:01:52.744  2869  2869 D wpa_supplicant: WPS:  * Configuration Error (0)
06-22 00:01:52.744  2869  2869 D wpa_supplicant: WPS:  * Device Password ID (0)
06-22 00:01:52.744  2869  2869 D wpa_supplicant: WPS:  * Manufacturer
06-22 00:01:52.744  2869  2869 D wpa_supplicant: WPS:  * Model Name
06-22 00:01:52.744  2869  2869 D wpa_supplicant: WPS:  * Model Number
06-22 00:01:52.744  2869  2869 D wpa_supplicant: WPS:  * Device Name
06-22 00:01:52.744  2869  2869 D wpa_supplicant: WPS:  * Version2 (0x20)
06-22 00:01:52.744  2869  2869 D wpa_supplicant: wpa_driver_wext_combo_scan: Start
06-22 00:01:52.744  2869  2869 D wpa_supplicant: For Scan: (null)
06-22 00:01:52.748  2869  2869 D wpa_supplicant: Scan requested (ret=0) - scan timeout 30 seconds
06-22 00:01:53.217  2869  2869 D wpa_supplicant: wpa_driver_wext_driver_cmd RSSI len = 248
06-22 00:01:53.221  2869  2869 D wpa_supplicant: wpa_driver_wext_driver_cmd raikiri rssi -44  len = 17, 17
06-22 00:01:53.221  2869  2869 D wpa_supplicant: wpa_driver_wext_driver_cmd LINKSPEED len = 248
06-22 00:01:53.221  2869  2869 D wpa_supplicant: wpa_driver_wext_driver_cmd LinkSpeed 72 len = 12, 12
06-22 00:01:53.916  2869  2869 D wpa_supplicant: RTM_NEWLINK: operstate=1 ifi_flags=0x11043 ([UP][RUNNING][LOWER_UP])
06-22 00:01:53.916  2869  2869 D wpa_supplicant: RTM_NEWLINK, IFLA_IFNAME: Interface 'wlan0' added
06-22 00:01:53.916  2869  2869 D wpa_supplicant: Wireless event: cmd=0x8b19 len=8
06-22 00:01:53.916  2869  2869 D wpa_supplicant: Received 1740 bytes of scan results (7 BSSes)
06-22 00:01:54.084  2869  2869 D wpa_supplicant: wpa_driver_wext_driver_cmd SETSUSPENDOPT 0 len = 4096
06-22 00:01:54.084  2869  2869 D wpa_supplicant: wpa_driver_wext_driver_cmd SETSUSPENDOPT 0 len = 0, 15
06-22 00:01:54.084  2869  2869 D wpa_supplicant: wpa_driver_wext_driver_cmd POWERMODE 0 len = 4096
06-22 00:01:54.084  2869  2869 D wpa_supplicant: wpa_driver_wext_driver_cmd OK len = 0, 2
06-22 00:01:54.189 23207 23210 D dalvikvm: GC_CONCURRENT freed 500K, 7% free 10140K/10823K, paused 3ms+15ms
06-22 00:01:56.225  2869  2869 D wpa_supplicant: wpa_driver_wext_driver_cmd RSSI len = 248
06-22 00:01:56.232  2869  2869 D wpa_supplicant: wpa_driver_wext_driver_cmd raikiri rssi -42  len = 17, 17
06-22 00:01:56.232  2869  2869 D wpa_supplicant: wpa_driver_wext_driver_cmd LINKSPEED len = 248
06-22 00:01:56.248  2869  2869 D wpa_supplicant: wpa_driver_wext_driver_cmd LinkSpeed 72 len = 12, 12
06-22 00:01:59.252  2869  2869 D wpa_supplicant: wpa_driver_wext_driver_cmd RSSI len = 248
06-22 00:01:59.252  2869  2869 D wpa_supplicant: wpa_driver_wext_driver_cmd raikiri rssi -42  len = 17, 17
06-22 00:01:59.252  2869  2869 D wpa_supplicant: wpa_driver_wext_driver_cmd LINKSPEED len = 248
06-22 00:01:59.252  2869  2869 D wpa_supplicant: wpa_driver_wext_driver_cmd LinkSpeed 72 len = 12, 12
06-22 00:02:02.256  2869  2869 D wpa_supplicant: wpa_driver_wext_driver_cmd RSSI len = 248
06-22 00:02:02.264  2869  2869 D wpa_supplicant: wpa_driver_wext_driver_cmd raikiri rssi -42  len = 17, 17
06-22 00:02:02.264  2869  2869 D wpa_supplicant: wpa_driver_wext_driver_cmd LINKSPEED len = 248
06-22 00:02:02.264  2869  2869 D wpa_supplicant: wpa_driver_wext_driver_cmd LinkSpeed 72 len = 12, 12
06-22 00:02:05.275  2869  2869 D wpa_supplicant: wpa_driver_wext_driver_cmd RSSI len = 248
06-22 00:02:05.283  2869  2869 D wpa_supplicant: wpa_driver_wext_driver_cmd raikiri rssi -43  len = 17, 17
06-22 00:02:05.283  2869  2869 D wpa_supplicant: wpa_driver_wext_driver_cmd LINKSPEED len = 248
06-22 00:02:05.283  2869  2869 D wpa_supplicant: wpa_driver_wext_driver_cmd LinkSpeed 72 len = 12, 12
06-22 00:02:08.287  2869  2869 D wpa_supplicant: wpa_driver_wext_driver_cmd RSSI len = 248
06-22 00:02:08.299  2869  2869 D wpa_supplicant: wpa_driver_wext_driver_cmd raikiri rssi -44  len = 17, 17
06-22 00:02:08.299  2869  2869 D wpa_supplicant: wpa_driver_wext_driver_cmd LINKSPEED len = 248
06-22 00:02:08.299  2869  2869 D wpa_supplicant: wpa_driver_wext_driver_cmd LinkSpeed 72 len = 12, 12
06-22 00:02:11.303  2869  2869 D wpa_supplicant: wpa_driver_wext_driver_cmd RSSI len = 248
06-22 00:02:11.307  2869  2869 D wpa_supplicant: wpa_driver_wext_driver_cmd raikiri rssi -45  len = 17, 17
06-22 00:02:11.314  2869  2869 D wpa_supplicant: wpa_driver_wext_driver_cmd LINKSPEED len = 248
06-22 00:02:11.322  2869  2869 D wpa_supplicant: wpa_driver_wext_driver_cmd LinkSpeed 72 len = 12, 12
06-22 00:02:14.326  2869  2869 D wpa_supplicant: wpa_driver_wext_driver_cmd RSSI len = 248
06-22 00:02:14.346  2869  2869 D wpa_supplicant: wpa_driver_wext_driver_cmd raikiri rssi -43  len = 17, 17
06-22 00:02:14.346  2869  2869 D wpa_supplicant: wpa_driver_wext_driver_cmd LINKSPEED len = 248
06-22 00:02:14.361  2869  2869 D wpa_supplicant: wpa_driver_wext_driver_cmd LinkSpeed 72 len = 12, 12
06-22 00:02:17.373  2869  2869 D wpa_supplicant: wpa_driver_wext_driver_cmd RSSI len = 248
06-22 00:02:17.385  2869  2869 D wpa_supplicant: wpa_driver_wext_driver_cmd raikiri rssi -40  len = 17, 17
06-22 00:02:17.385  2869  2869 D wpa_supplicant: wpa_driver_wext_driver_cmd LINKSPEED len = 248
06-22 00:02:17.385  2869  2869 D wpa_supplicant: wpa_driver_wext_driver_cmd LinkSpeed 72 len = 12, 12
06-22 00:02:20.404  2869  2869 D wpa_supplicant: wpa_driver_wext_driver_cmd RSSI len = 248
06-22 00:02:20.412  2869  2869 D wpa_supplicant: wpa_driver_wext_driver_cmd raikiri rssi -44  len = 17, 17
06-22 00:02:20.412  2869  2869 D wpa_supplicant: wpa_driver_wext_driver_cmd LINKSPEED len = 248
06-22 00:02:20.416  2869  2869 D wpa_supplicant: wpa_driver_wext_driver_cmd LinkSpeed 72 len = 12, 12
06-22 00:02:23.432  2869  2869 D wpa_supplicant: wpa_driver_wext_driver_cmd RSSI len = 248
06-22 00:02:23.486  2869  2869 D wpa_supplicant: wpa_driver_wext_driver_cmd raikiri rssi -46  len = 17, 17
06-22 00:02:23.486  2869  2869 D wpa_supplicant: wpa_driver_wext_driver_cmd LINKSPEED len = 248
06-22 00:02:23.490  2869  2869 D wpa_supplicant: wpa_driver_wext_driver_cmd LinkSpeed 72 len = 12, 12
06-22 00:02:24.314  2360  2362 D dalvikvm: GC_CONCURRENT freed 1915K, 26% free 16376K/22023K, paused 3ms+11ms
06-22 00:02:26.494  2869  2869 D wpa_supplicant: wpa_driver_wext_driver_cmd RSSI len = 248
06-22 00:02:26.502  2869  2869 D wpa_supplicant: wpa_driver_wext_driver_cmd raikiri rssi -43  len = 17, 17
06-22 00:02:26.502  2869  2869 D wpa_supplicant: wpa_driver_wext_driver_cmd LINKSPEED len = 248
06-22 00:02:26.502  2869  2869 D wpa_supplicant: wpa_driver_wext_driver_cmd LinkSpeed 72 len = 12, 12
06-22 00:02:29.502  2869  2869 D wpa_supplicant: wpa_driver_wext_driver_cmd RSSI len = 248
06-22 00:02:29.525  2869  2869 D wpa_supplicant: wpa_driver_wext_driver_cmd raikiri rssi -42  len = 17, 17
06-22 00:02:29.525  2869  2869 D wpa_supplicant: wpa_driver_wext_driver_cmd LINKSPEED len = 248
06-22 00:02:29.525  2869  2869 D wpa_supplicant: wpa_driver_wext_driver_cmd LinkSpeed 72 len = 12, 12
06-22 00:02:32.533  2869  2869 D wpa_supplicant: wpa_driver_wext_driver_cmd RSSI len = 248
06-22 00:02:32.545  2869  2869 D wpa_supplicant: wpa_driver_wext_driver_cmd raikiri rssi -42  len = 17, 17
06-22 00:02:32.545  2869  2869 D wpa_supplicant: wpa_driver_wext_driver_cmd LINKSPEED len = 248
06-22 00:02:32.545  2869  2869 D wpa_supplicant: wpa_driver_wext_driver_cmd LinkSpeed 72 len = 12, 12
06-22 00:02:35.557  2869  2869 D wpa_supplicant: wpa_driver_wext_driver_cmd RSSI len = 248
06-22 00:02:35.561  2869  2869 D wpa_supplicant: wpa_driver_wext_driver_cmd raikiri rssi -46  len = 17, 17
06-22 00:02:35.561  2869  2869 D wpa_supplicant: wpa_driver_wext_driver_cmd LINKSPEED len = 248
06-22 00:02:35.561  2869  2869 D wpa_supplicant: wpa_driver_wext_driver_cmd LinkSpeed 72 len = 12, 12
06-22 00:02:38.564  2869  2869 D wpa_supplicant: wpa_driver_wext_driver_cmd RSSI len = 248
06-22 00:02:38.576  2869  2869 D wpa_supplicant: wpa_driver_wext_driver_cmd raikiri rssi -44  len = 17, 17
06-22 00:02:38.576  2869  2869 D wpa_supplicant: wpa_driver_wext_driver_cmd LINKSPEED len = 248
06-22 00:02:38.580  2869  2869 D wpa_supplicant: wpa_driver_wext_driver_cmd LinkSpeed 72 len = 12, 12
06-22 00:02:41.584  2869  2869 D wpa_supplicant: wpa_driver_wext_driver_cmd RSSI len = 248
06-22 00:02:41.600  2869  2869 D wpa_supplicant: wpa_driver_wext_driver_cmd raikiri rssi -43  len = 17, 17
06-22 00:02:41.600  2869  2869 D wpa_supplicant: wpa_driver_wext_driver_cmd LINKSPEED len = 248
06-22 00:02:41.600  2869  2869 D wpa_supplicant: wpa_driver_wext_driver_cmd LinkSpeed 72 len = 12, 12
06-22 00:02:44.607  2869  2869 D wpa_supplicant: wpa_driver_wext_driver_cmd RSSI len = 248
06-22 00:02:44.623  2869  2869 D wpa_supplicant: wpa_driver_wext_driver_cmd raikiri rssi -43  len = 17, 17
06-22 00:02:44.623  2869  2869 D wpa_supplicant: wpa_driver_wext_driver_cmd LINKSPEED len = 248
06-22 00:02:44.623  2869  2869 D wpa_supplicant: wpa_driver_wext_driver_cmd LinkSpeed 72 len = 12, 12
06-22 00:02:47.643  2869  2869 D wpa_supplicant: wpa_driver_wext_driver_cmd RSSI len = 248
06-22 00:02:47.709  2869  2869 D wpa_supplicant: wpa_driver_wext_driver_cmd raikiri rssi -45  len = 17, 17
06-22 00:02:47.713  2869  2869 D wpa_supplicant: wpa_driver_wext_driver_cmd LINKSPEED len = 248
06-22 00:02:47.729  2869  2869 D wpa_supplicant: wpa_driver_wext_driver_cmd LinkSpeed 72 len = 12, 12
06-22 00:02:50.732  2869  2869 D wpa_supplicant: wpa_driver_wext_driver_cmd RSSI len = 248
06-22 00:02:50.748  2869  2869 D wpa_supplicant: wpa_driver_wext_driver_cmd raikiri rssi -41  len = 17, 17
06-22 00:02:50.748  2869  2869 D wpa_supplicant: wpa_driver_wext_driver_cmd LINKSPEED len = 248
06-22 00:02:50.752  2869  2869 D wpa_supplicant: wpa_driver_wext_driver_cmd LinkSpeed 72 len = 12, 12
06-22 00:02:52.795  2869  2869 D wpa_supplicant: wpa_driver_wext_driver_cmd SETSUSPENDOPT 0 len = 4096
06-22 00:02:52.795  2869  2869 D wpa_supplicant: wpa_driver_wext_driver_cmd SETSUSPENDOPT 0 len = 0, 15
06-22 00:02:52.795  2869  2869 D wpa_supplicant: wpa_driver_wext_driver_cmd POWERMODE 0 len = 4096
06-22 00:02:52.807  2869  2869 D wpa_supplicant: wpa_driver_wext_driver_cmd OK len = 0, 2
06-22 00:02:52.807  2869  2869 D wpa_supplicant: WPS: Building WPS IE for Probe Request
06-22 00:02:52.807  2869  2869 D wpa_supplicant: WPS:  * Version (hardcoded 0x10)
06-22 00:02:52.807  2869  2869 D wpa_supplicant: WPS:  * Request Type
06-22 00:02:52.807  2869  2869 D wpa_supplicant: WPS:  * Config Methods (2388)
06-22 00:02:52.807  2869  2869 D wpa_supplicant: WPS:  * UUID-E
06-22 00:02:52.807  2869  2869 D wpa_supplicant: WPS:  * Primary Device Type
06-22 00:02:52.807  2869  2869 D wpa_supplicant: WPS:  * RF Bands (3)
06-22 00:02:52.807  2869  2869 D wpa_supplicant: WPS:  * Association State
06-22 00:02:52.807  2869  2869 D wpa_supplicant: WPS:  * Configuration Error (0)
06-22 00:02:52.807  2869  2869 D wpa_supplicant: WPS:  * Device Password ID (0)
06-22 00:02:52.807  2869  2869 D wpa_supplicant: WPS:  * Manufacturer
06-22 00:02:52.807  2869  2869 D wpa_supplicant: WPS:  * Model Name
