06-20 00:51:37.973   142   153 W WindowManager: Force-removing child win Window{41cdd780 PopupWindow:413b8628 paused=false} from container Window{417717c8 com.spotify.mobile.android.ui/com.spotify.mobile.android.ui.activity.MainActivity paused=false}
06-20 00:51:38.129 29768 29768 E InputQueue-JNI: channel '41cdd780 PopupWindow:413b8628 (client)' ~ Publisher closed input channel or an error occurred.  events=0x8
06-20 00:51:38.348 29768 29768 D dalvikvm: GC_FOR_ALLOC freed 565K, 10% free 20912K/23111K, paused 118ms
06-20 00:51:38.356 29768 29768 I dalvikvm-heap: Grow heap (frag case) to 21.596MB for 1159696-byte allocation
06-20 00:51:38.406 29768 30011 D dalvikvm: GC_FOR_ALLOC freed 20K, 10% free 22024K/24263K, paused 37ms
06-20 00:51:38.609 29768 29768 D dalvikvm: GC_FOR_ALLOC freed <1K, 5% free 23067K/24263K, paused 173ms
06-20 00:51:38.692 29768 29768 D dalvikvm: GC_FOR_ALLOC freed <1K, 6% free 23228K/24455K, paused 76ms
06-20 00:51:38.695 29768 29768 I dalvikvm-heap: Grow heap (frag case) to 23.859MB for 1159696-byte allocation
06-20 00:51:38.766 29768 30011 D dalvikvm: GC_FOR_ALLOC freed <1K, 5% free 24361K/25607K, paused 62ms
06-20 00:51:38.848    79  8969 E SurfaceTexture: [PopupWindow:413b8628] query: SurfaceTexture has been abandoned!
06-20 00:51:38.852 29768 29768 E libEGL  : eglMakeCurrent:674 error 300b (EGL_BAD_NATIVE_WINDOW)
06-20 00:51:38.856 29768 29768 E HardwareRenderer: eglMakeCurrent failed EGL_BAD_NATIVE_WINDOW
06-20 00:51:38.863    79    79 W SurfaceTexture: [PopupWindow:413b8628] cancelBuffer: SurfaceTexture has been abandoned!
06-20 00:51:38.867 29768 29768 W HardwareRenderer: Mountain View, we've had a problem here. Switching back to software rendering.
06-20 00:51:38.922   142   145 D dalvikvm: JIT code cache reset in 5 ms (1048400 bytes 243/0)
06-20 00:51:38.922   142   922 I ActivityManager: Process android.process.acore (pid 29966) has died.
06-20 00:51:38.961   142   145 D dalvikvm: GC_CONCURRENT freed 1887K, 30% free 19024K/26823K, paused 33ms+20ms
06-20 00:51:39.067   142   916 W WindowManager: Failed looking up window
06-20 00:51:39.067   142   916 W WindowManager: java.lang.IllegalArgumentException: Requested window android.os.BinderProxy@41ef2e50 does not exist
06-20 00:51:39.067   142   916 W WindowManager: 	at com.android.server.wm.WindowManagerService.windowForClientLocked(WindowManagerService.java:7163)
06-20 00:51:39.067   142   916 W WindowManager: 	at com.android.server.wm.WindowManagerService.windowForClientLocked(WindowManagerService.java:7154)
06-20 00:51:39.067   142   916 W WindowManager: 	at com.android.server.wm.WindowManagerService.removeWindow(WindowManagerService.java:2209)
06-20 00:51:39.067   142   916 W WindowManager: 	at com.android.server.wm.Session.remove(Session.java:149)
06-20 00:51:39.067   142   916 W WindowManager: 	at android.view.IWindowSession$Stub.onTransact(IWindowSession.java:124)
06-20 00:51:39.067   142   916 W WindowManager: 	at com.android.server.wm.Session.onTransact(Session.java:111)
06-20 00:51:39.067   142   916 W WindowManager: 	at android.os.Binder.execTransact(Binder.java:338)
06-20 00:51:39.067   142   916 W WindowManager: 	at dalvik.system.NativeStart.run(Native Method)
06-20 00:51:39.098 29768 29768 W IInputConnectionWrapper: endBatchEdit on inactive InputConnection
06-20 00:51:39.223 29768 29768 W IInputConnectionWrapper: finishComposingText on inactive InputConnection
06-20 00:51:39.223 29768 29768 W IInputConnectionWrapper: finishComposingText on inactive InputConnection
06-20 00:51:39.246   213   213 D dalvikvm: GC_FOR_ALLOC freed 470K, 59% free 9776K/23687K, paused 56ms
06-20 00:51:39.418   213   215 D dalvikvm: GC_CONCURRENT freed 387K, 59% free 9780K/23687K, paused 2ms+7ms
06-20 00:51:39.574   342   342 D SAN_SERVICE: *******************************************
06-20 00:51:39.574   342   342 D SAN_SERVICE: DM App Phone Service State - 0
06-20 00:51:39.574   342   342 D SAN_SERVICE: *******************************************
06-20 00:51:40.246   342   342 D SAN_SERVICE: *******************************************
06-20 00:51:40.246   342   342 D SAN_SERVICE: DM App Phone Service State - 0
06-20 00:51:40.246   342   342 D SAN_SERVICE: *******************************************
06-20 00:51:40.770   142 12773 I ActivityManager: START {act=android.intent.action.VIEW dat=spotify:artist:1F102kNzMqsmOpF7AfFmm5 cmp=com.spotify.mobile.android.ui/.activity.MainActivity (has extras)} from pid 29768
06-20 00:51:40.832 29768 29768 D dalvikvm: GC_FOR_ALLOC freed 3901K, 19% free 20986K/25799K, paused 33ms
06-20 00:51:40.887 29768 29768 D dalvikvm: GC_FOR_ALLOC freed 69K, 15% free 22049K/25799K, paused 30ms
06-20 00:51:42.305 29768 29791 D dalvikvm: GC_FOR_ALLOC freed 2384K, 18% free 21173K/25799K, paused 39ms
06-20 00:51:42.309 29768 29791 I dalvikvm-heap: Grow heap (frag case) to 22.307MB for 1638416-byte allocation
06-20 00:51:42.371 29768 29768 D dalvikvm: GC_FOR_ALLOC freed 198K, 18% free 22574K/27463K, paused 43ms
06-20 00:51:45.484 30021 30021 D dalvikvm: Late-enabling CheckJNI
06-20 00:51:45.492   142   159 I ActivityManager: Start proc com.xabber.android for service com.xabber.android/.service.XMPPService: pid=30021 uid=10081 gids={3003, 1015}
06-20 00:51:45.586 30021 30021 I dalvikvm: Turning on JNI app bug workarounds for target SDK version 9...
06-20 00:51:46.000 30021 30022 D dalvikvm: GC_CONCURRENT freed 226K, 4% free 9310K/9607K, paused 2ms+11ms
06-20 00:51:46.027 30021 30021 D dalvikvm: GC_FOR_ALLOC freed 287K, 6% free 9425K/9927K, paused 17ms
06-20 00:51:46.215 30021 30022 D dalvikvm: GC_CONCURRENT freed 192K, 3% free 9771K/10055K, paused 2ms+2ms
06-20 00:51:46.402 30021 30022 D dalvikvm: GC_CONCURRENT freed 429K, 5% free 9875K/10375K, paused 9ms+2ms
06-20 00:51:46.590 30021 30021 I com.xabber.android.service.XMPPService@41343470: onCreate
06-20 00:51:46.590 30021 30021 I com.xabber.android.data.Application@4133d4f0: onStart
06-20 00:51:46.613 30021 30035 I com.xabber.android.data.LogManager@413400d0: onLoad
06-20 00:51:46.613 30021 30035 I com.xabber.android.data.DatabaseManager@41344ea8: onLoad
06-20 00:51:46.754 30021 30035 I com.xabber.android.data.extension.AvatarStorage@41345288: onLoad
06-20 00:51:46.817 30021 30035 I com.xabber.android.data.connection.AccountManager@41441588: onLoad
06-20 00:51:46.848 28930 28932 D dalvikvm: GC_CONCURRENT freed 509K, 6% free 10204K/10823K, paused 3ms+17ms
06-20 00:51:46.891   142   421 I ActivityManager: Start proc com.google.android.apps.maps:LocationFriendService for service com.google.android.apps.maps/com.google.googlenav.friend.reporting.LocationReceiverService: pid=30036 uid=10057 gids={3003, 1015}
06-20 00:51:47.309 30036 30038 D dalvikvm: GC_CONCURRENT freed 168K, 3% free 9368K/9607K, paused 2ms+5ms
06-20 00:51:47.539   142   918 I ActivityManager: Process com.whatsapp (pid 29946) has died.
06-20 00:51:47.539   142   918 W ActivityManager: Scheduling restart of crashed service com.whatsapp/.messaging.MessageService in 57898ms
06-20 00:51:47.676 30021 30035 I com.xabber.android.data.message.MUCManager@4136da38: onLoad
06-20 00:51:47.695 30021 30035 I com.xabber.android.data.message.MessageManager@41339718: onLoad
06-20 00:51:47.703 30021 30035 I com.xabber.android.data.message.ChatManager@41335dd8: onLoad
06-20 00:51:47.719 30021 30035 I com.xabber.android.data.extension.VCardManager@4130d4f0: onLoad
06-20 00:51:47.731 30021 30035 I com.xabber.android.data.extension.AvatarManager@413d1a70: onLoad
06-20 00:51:47.899 30036 30038 D dalvikvm: GC_CONCURRENT freed 154K, 3% free 9657K/9927K, paused 8ms+2ms
06-20 00:51:47.918 30021 30022 D dalvikvm: GC_CONCURRENT freed 162K, 4% free 10173K/10503K, paused 13ms+3ms
06-20 00:51:48.031 30021 30035 I com.xabber.android.data.roster.GroupManager@4138c280: onLoad
06-20 00:51:48.188   342   342 D SAN_SERVICE: *******************************************
06-20 00:51:48.188   342   342 D SAN_SERVICE: DM App Phone Service State - 0
06-20 00:51:48.188   342   342 D SAN_SERVICE: *******************************************
06-20 00:51:48.227 30021 30035 I com.xabber.android.data.extension.CapabilitiesManager@413bd308: onLoad
06-20 00:51:48.281   342   342 D SAN_SERVICE: *******************************************
06-20 00:51:48.281   342   342 D SAN_SERVICE: DM App Phone Service State - 0
06-20 00:51:48.281   342   342 D SAN_SERVICE: *******************************************
06-20 00:51:48.785 30021 30035 I com.xabber.android.data.roster.SyncManager@414376c0: onLoad
06-20 00:51:49.203   142   142 I ActivityManager: Start proc android.process.acore for content provider com.android.providers.contacts/.ContactsProvider2: pid=30056 uid=10000 gids={3003, 1015}
06-20 00:51:49.399   342   342 D SAN_SERVICE: *******************************************
06-20 00:51:49.399   342   342 D SAN_SERVICE: DM App Phone Service State - 0
06-20 00:51:49.399   342   342 D SAN_SERVICE: *******************************************
06-20 00:51:49.496 30036 30038 D dalvikvm: GC_CONCURRENT freed 238K, 4% free 9874K/10247K, paused 25ms+4ms
06-20 00:51:49.695 30036 30043 I dalvikvm: Total arena pages for JIT: 11
06-20 00:51:49.695 30036 30043 I dalvikvm: Total arena pages for JIT: 12
06-20 00:51:49.695 30036 30043 I dalvikvm: Total arena pages for JIT: 13
06-20 00:51:49.699 30036 30043 I dalvikvm: Total arena pages for JIT: 14
06-20 00:51:49.699 30036 30043 I dalvikvm: Total arena pages for JIT: 15
06-20 00:51:49.699 30036 30043 I dalvikvm: Total arena pages for JIT: 16
06-20 00:51:49.699 30036 30043 I dalvikvm: Total arena pages for JIT: 17
06-20 00:51:49.887 30056 30056 I ActivityThread: Pub call_log: com.android.providers.contacts.CallLogProvider
06-20 00:51:50.000 30056 30056 I ActivityThread: Pub com.android.voicemail: com.android.providers.contacts.VoicemailContentProvider
06-20 00:51:50.008 30056 30056 I ActivityThread: Pub user_dictionary: com.android.providers.userdictionary.UserDictionaryProvider
06-20 00:51:50.035 30056 30056 I ActivityThread: Pub com.android.social: com.android.providers.contacts.SocialProvider
06-20 00:51:50.035 30056 30056 I ActivityThread: Pub applications: com.android.providers.applications.ApplicationsProvider
06-20 00:51:50.274 30056 30057 D dalvikvm: GC_CONCURRENT freed 338K, 5% free 9150K/9607K, paused 2ms+2ms
06-20 00:51:50.305 30056 30056 I ActivityThread: Pub contacts;com.android.contacts: com.android.providers.contacts.ContactsProvider2
06-20 00:51:51.285 30056 30057 D dalvikvm: GC_CONCURRENT freed 202K, 4% free 9339K/9671K, paused 15ms+10ms
06-20 00:51:52.668   142   366 I ActivityManager: Process com.google.android.apps.maps:LocationFriendService (pid 30036) has died.
06-20 00:51:52.785 30021 30035 I com.xabber.android.data.roster.SyncManager@414376c0: Groups: 0
06-20 00:51:54.387   142   918 I ActivityManager: START {act=android.intent.action.VIEW dat=spotify:album:7ryTLpJgHhYPBnu7Cgnsht cmp=com.spotify.mobile.android.ui/.activity.MainActivity (has extras)} from pid 29768
06-20 00:51:54.695 29768 29770 D dalvikvm: GC_CONCURRENT freed 1680K, 17% free 22856K/27463K, paused 15ms+18ms
06-20 00:51:54.781 30021 30035 I com.xabber.android.data.roster.SyncManager@414376c0: Raw contacts: 2
06-20 00:51:54.926 30056 30057 D dalvikvm: GC_CONCURRENT freed 190K, 4% free 9540K/9863K, paused 2ms+51ms
06-20 00:51:55.539   142   159 I ActivityManager: Start proc com.google.android.apps.maps:MapsBackgroundService for service com.google.android.apps.maps/com.google.googlenav.networkinitiated.NetworkInitiatedService: pid=30077 uid=10057 gids={3003, 1015}
06-20 00:51:56.492 30077 30078 D dalvikvm: GC_CONCURRENT freed 173K, 3% free 9363K/9607K, paused 26ms+17ms
06-20 00:51:56.535   142   142 D dalvikvm: GC_EXPLICIT freed 1860K, 30% free 18984K/26823K, paused 17ms+41ms
06-20 00:51:57.102 30021 30035 W com.xabber.android.data.roster.SyncManager@414376c0: Remove structured name: 7693
06-20 00:51:57.141 28442 28455 I PhoneLab-: Service Running
06-20 00:51:57.305 30021 30035 I com.xabber.android.data.roster.SyncManager@414376c0: Jids: 2
06-20 00:51:57.305 30021 30035 I com.xabber.android.data.roster.SyncManager@414376c0: Emails: 2
06-20 00:51:57.305 30021 30035 I com.xabber.android.data.roster.SyncManager@414376c0: Names: 1
06-20 00:51:57.465   142   918 I ActivityManager: Process android.process.acore (pid 30056) has died.
06-20 00:51:57.539 30021 30035 I com.xabber.android.data.roster.SyncManager@414376c0: Membership: 0
06-20 00:51:57.539 30021 30035 I com.xabber.android.data.roster.SyncManager@414376c0: Structureds: 1
06-20 00:51:57.582 30021 30035 I com.xabber.android.data.roster.SyncManager@414376c0: Contacts: 2
06-20 00:51:57.582 30021 30035 I com.xabber.android.data.roster.SyncManager@414376c0: Remove data
06-20 00:51:57.820   142   922 I ActivityManager: Start proc android.process.acore for content provider com.android.providers.contacts/.ContactsProvider2: pid=30097 uid=10000 gids={3003, 1015}
06-20 00:51:57.887 29768 29791 D dalvikvm: GC_FOR_ALLOC freed 2520K, 22% free 21612K/27463K, paused 163ms
06-20 00:51:57.899 28442 28455 I PhoneLab-LoggerService: app_38    30294 1     2548   2100  c00f181c 400107b4 S logcat
06-20 00:51:57.902 28442 28455 I PhoneLab-LoggerService: Logcat pid from database 30294
06-20 00:51:57.902 28442 28455 I PhoneLab-LoggerService: Logcat process found 30294
06-20 00:51:57.902 28442 28455 I PhoneLab-LoggerService: Checking Threshold
06-20 00:51:57.949 29768 29791 I dalvikvm-heap: Grow heap (frag case) to 22.737MB for 1638416-byte allocation
06-20 00:51:58.031 30077 30078 D dalvikvm: GC_CONCURRENT freed 189K, 3% free 9648K/9927K, paused 68ms+2ms
06-20 00:51:58.090 30097 30097 I ActivityThread: Pub call_log: com.android.providers.contacts.CallLogProvider
06-20 00:51:58.094 29768 29806 D dalvikvm: GC_FOR_ALLOC freed 2K, 21% free 23209K/29127K, paused 119ms
06-20 00:51:58.145 30097 30097 I ActivityThread: Pub com.android.voicemail: com.android.providers.contacts.VoicemailContentProvider
06-20 00:51:58.258 30097 30097 I ActivityThread: Pub user_dictionary: com.android.providers.userdictionary.UserDictionaryProvider
06-20 00:51:58.356 30097 30097 I ActivityThread: Pub com.android.social: com.android.providers.contacts.SocialProvider
06-20 00:51:58.359 30097 30097 I ActivityThread: Pub applications: com.android.providers.applications.ApplicationsProvider
06-20 00:51:58.609 30097 30100 D dalvikvm: GC_CONCURRENT freed 344K, 5% free 9150K/9607K, paused 2ms+1ms
06-20 00:51:58.684 29768 29768 D webviewglue: nativeDestroy view: 0xabe030
06-20 00:51:58.692 30097 30097 I ActivityThread: Pub contacts;com.android.contacts: com.android.providers.contacts.ContactsProvider2
06-20 00:51:59.145   142   172 I ActivityManager: Start proc com.twitter.android for service com.twitter.android/.client.AppService: pid=30117 uid=10068 gids={3003, 1015}
06-20 00:51:59.207 30117 30117 I dalvikvm: Turning on JNI app bug workarounds for target SDK version 11...
06-20 00:51:59.281    80    80 D dalvikvm: GC_EXPLICIT freed 38K, 4% free 9031K/9347K, paused 2ms+2ms
06-20 00:51:59.324    80    80 D dalvikvm: GC_EXPLICIT freed <1K, 4% free 9031K/9347K, paused 2ms+6ms
06-20 00:51:59.379    80    80 D dalvikvm: GC_EXPLICIT freed <1K, 4% free 9031K/9347K, paused 2ms+15ms
06-20 00:51:59.836   142   159 I ActivityManager: Start proc com.google.android.apps.maps:LocationFriendService for broadcast com.google.android.apps.maps/com.google.googlenav.friend.reporting.LocationReportingIntentReceiver: pid=30143 uid=10057 gids={3003, 1015}
06-20 00:52:00.172 30117 30117 I ActivityThread: Pub com.twitter.android.provider.GlobalDatabaseProvider: com.twitter.android.provider.GlobalDatabaseProvider
06-20 00:52:00.285 30117 30117 I ActivityThread: Pub com.twitter.android.provider.TwitterProvider: com.twitter.android.provider.TwitterProvider
06-20 00:52:00.309 30143 30145 D dalvikvm: GC_CONCURRENT freed 153K, 3% free 9383K/9607K, paused 76ms+4ms
06-20 00:52:00.418   142   370 I ActivityManager: Process com.google.android.apps.maps:MapsBackgroundService (pid 30077) has died.
06-20 00:52:00.418   142   370 W ActivityManager: Scheduling restart of crashed service com.google.android.apps.maps/com.google.googlenav.networkinitiated.NetworkInitiatedService in 112120ms
06-20 00:52:00.801 30117 30129 D dalvikvm: GC_CONCURRENT freed 201K, 4% free 9290K/9607K, paused 63ms+123ms
06-20 00:52:00.879   142   142 I ActivityManager: Process android.process.acore (pid 30097) has died.
06-20 00:52:00.879   142   142 I ActivityManager: Kill com.xabber.android (pid 30021): provider com.android.providers.contacts.ContactsProvider2 in dying process android.process.acore
06-20 00:52:00.992   142   602 I ActivityManager: Process com.xabber.android (pid 30021) has died.
06-20 00:52:00.992   142   602 W ActivityManager: Scheduling restart of crashed service com.xabber.android/.service.XMPPService in 80000ms
06-20 00:52:01.117   142   922 I ActivityManager: Start proc android.process.acore for content provider com.android.providers.contacts/.ContactsProvider2: pid=30159 uid=10000 gids={3003, 1015}
06-20 00:52:01.567 30159 30159 I ActivityThread: Pub call_log: com.android.providers.contacts.CallLogProvider
06-20 00:52:01.606 30159 30159 I ActivityThread: Pub com.android.voicemail: com.android.providers.contacts.VoicemailContentProvider
06-20 00:52:01.609 30159 30159 I ActivityThread: Pub user_dictionary: com.android.providers.userdictionary.UserDictionaryProvider
06-20 00:52:01.695 30159 30159 I ActivityThread: Pub com.android.social: com.android.providers.contacts.SocialProvider
06-20 00:52:01.699 30159 30159 I ActivityThread: Pub applications: com.android.providers.applications.ApplicationsProvider
06-20 00:52:01.953 30143 30145 D dalvikvm: GC_CONCURRENT freed 191K, 4% free 9663K/9991K, paused 2ms+8ms
06-20 00:52:02.020 30159 30159 I ActivityThread: Pub contacts;com.android.contacts: com.android.providers.contacts.ContactsProvider2
06-20 00:52:02.043 30159 30161 D dalvikvm: GC_CONCURRENT freed 331K, 5% free 9144K/9607K, paused 60ms+4ms
06-20 00:52:02.629 30143 30145 D dalvikvm: GC_CONCURRENT freed 268K, 4% free 9866K/10247K, paused 2ms+2ms
06-20 00:52:03.000   142 12773 I ActivityManager: Process com.google.android.apps.maps:LocationFriendService (pid 30143) has died.
06-20 00:52:03.266 30159 30161 D dalvikvm: GC_CONCURRENT freed 137K, 3% free 9415K/9671K, paused 27ms+1ms
06-20 00:52:03.602 30117 30129 D dalvikvm: GC_CONCURRENT freed 227K, 4% free 9507K/9863K, paused 4ms+3ms
06-20 00:52:04.180 30117 30129 D dalvikvm: GC_CONCURRENT freed 293K, 5% free 9633K/10055K, paused 9ms+6ms
06-20 00:52:04.317   142 12773 I ActivityManager: Start proc com.google.android.apps.maps:LocationFriendService for service com.google.android.apps.maps/com.google.googlenav.friend.reporting.LocationReceiverService: pid=30188 uid=10057 gids={3003, 1015}
06-20 00:52:04.547 30188 30190 D dalvikvm: GC_CONCURRENT freed 158K, 3% free 9378K/9607K, paused 2ms+5ms
06-20 00:52:04.910 30188 30190 D dalvikvm: GC_CONCURRENT freed 183K, 3% free 9645K/9927K, paused 6ms+2ms
06-20 00:52:05.082 30117 30129 D dalvikvm: GC_CONCURRENT freed 295K, 5% free 9761K/10183K, paused 4ms+7ms
06-20 00:52:05.367 30117 30129 D dalvikvm: GC_CONCURRENT freed 300K, 5% free 9888K/10311K, paused 1ms+1ms
06-20 00:52:05.492   142   159 I ActivityManager: Start proc com.google.android.apps.googlevoice for service com.google.android.apps.googlevoice/.UpdateService: pid=30206 uid=10056 gids={3003, 1015}
06-20 00:52:05.602   142   602 I ActivityManager: Process com.google.android.apps.maps:NetworkLocationService (pid 28930) has died.
06-20 00:52:05.602   142   602 W ActivityManager: Scheduling restart of crashed service com.google.android.apps.maps/com.google.android.location.internal.server.NetworkLocationService in 49838ms
06-20 00:52:06.059 30117 30129 D dalvikvm: GC_CONCURRENT freed 314K, 4% free 10024K/10439K, paused 14ms+5ms
06-20 00:52:06.246 30188 30190 D dalvikvm: GC_CONCURRENT freed 206K, 4% free 9877K/10183K, paused 12ms+3ms
06-20 00:52:06.508 30206 30208 D dalvikvm: GC_CONCURRENT freed 246K, 4% free 9289K/9607K, paused 21ms+17ms
06-20 00:52:06.641 30206 30206 E JavaBinder: !!! FAILED BINDER TRANSACTION !!!
06-20 00:52:06.656 30206 30206 E JavaBinder: !!! FAILED BINDER TRANSACTION !!!
06-20 00:52:07.043   142   921 I ActivityManager: Process android.process.acore (pid 30159) has died.
06-20 00:52:07.043 14824 14914 I ActivityThread: Removing dead content provider: contacts
06-20 00:52:07.043 14824 14914 I ActivityThread: Removing dead content provider: com.android.contacts
06-20 00:52:07.047   142   921 I ActivityManager: Kill com.google.process.gapps (pid 14824): provider com.android.providers.contacts.ContactsProvider2 in dying process android.process.acore
06-20 00:52:07.047   142   921 I ActivityManager: Kill com.google.android.apps.googlevoice (pid 30206): provider com.android.providers.contacts.VoicemailContentProvider in dying process android.process.acore
06-20 00:52:07.074   142   919 I ActivityManager: Process com.google.process.gapps (pid 14824) has died.
06-20 00:52:07.074   142   919 W ActivityManager: Scheduling restart of crashed service com.google.android.gsf/.gtalkservice.service.GTalkService in 58366ms
06-20 00:52:07.078   142   919 W ActivityManager: Scheduling restart of crashed service com.google.android.location/.internal.server.NetworkLocationService in 83918ms
06-20 00:52:07.156 30188 30195 I dalvikvm: Total arena pages for JIT: 11
06-20 00:52:07.156 30188 30195 I dalvikvm: Total arena pages for JIT: 12
06-20 00:52:07.156 30188 30195 I dalvikvm: Total arena pages for JIT: 13
06-20 00:52:07.160 30188 30195 I dalvikvm: Total arena pages for JIT: 14
06-20 00:52:07.160 30188 30195 I dalvikvm: Total arena pages for JIT: 15
06-20 00:52:07.160 30188 30195 I dalvikvm: Total arena pages for JIT: 16
06-20 00:52:07.160 30188 30195 I dalvikvm: Total arena pages for JIT: 17
06-20 00:52:07.234   142   919 W ActivityManager: Scheduling restart of crashed service com.google.android.location/.NetworkLocationService in 93913ms
06-20 00:52:07.234   142   919 I ActivityManager: Kill com.google.android.apps.googlevoice (pid 30206): provider com.google.android.gsf.settings.GoogleSettingsProvider in dying process com.google.process.gapps
06-20 00:52:07.238   142   922 I ActivityManager: Process com.google.android.apps.googlevoice (pid 30206) has died.
06-20 00:52:07.242   142   922 W ActivityManager: Scheduling restart of crashed service com.google.android.apps.googlevoice/.UpdateService in 137712ms
06-20 00:52:07.551 30117 30129 D dalvikvm: GC_CONCURRENT freed 290K, 4% free 10150K/10567K, paused 5ms+2ms
06-20 00:52:07.754 30117 30129 D dalvikvm: GC_CONCURRENT freed 294K, 4% free 10275K/10695K, paused 5ms+2ms
06-20 00:52:08.402 30117 30129 D dalvikvm: GC_CONCURRENT freed 478K, 6% free 10229K/10823K, paused 6ms+4ms
06-20 00:52:08.680 30117 30129 D dalvikvm: GC_CONCURRENT freed 326K, 5% free 10297K/10823K, paused 4ms+2ms
06-20 00:52:08.992 30117 30129 D dalvikvm: GC_CONCURRENT freed 317K, 5% free 10382K/10823K, paused 2ms+3ms
06-20 00:52:09.602 30117 30129 D dalvikvm: GC_CONCURRENT freed 360K, 5% free 10468K/10951K, paused 10ms+13ms
06-20 00:52:09.981 30117 30129 D dalvikvm: GC_CONCURRENT freed 343K, 5% free 10552K/11015K, paused 4ms+3ms
06-20 00:52:10.172 30117 30129 D dalvikvm: GC_CONCURRENT freed 324K, 5% free 10632K/11079K, paused 2ms+3ms
06-20 00:52:10.645 30117 30129 D dalvikvm: GC_CONCURRENT freed 371K, 5% free 10718K/11207K, paused 7ms+3ms
06-20 00:52:10.922 30117 30129 D dalvikvm: GC_CONCURRENT freed 398K, 5% free 10817K/11335K, paused 2ms+2ms
06-20 00:52:12.387 29768 29768 D dalvikvm: GC_EXPLICIT freed 1971K, 24% free 22301K/29127K, paused 6ms+7ms
06-20 00:52:12.426 29768 29768 D webviewglue: nativeDestroy view: 0xac6ed0
06-20 00:52:12.758 30117 30129 D dalvikvm: GC_CONCURRENT freed 339K, 5% free 11002K/11463K, paused 4ms+3ms
06-20 00:52:13.688   342   342 D SAN_SERVICE: *******************************************
06-20 00:52:13.688   342   342 D SAN_SERVICE: DM App Phone Service State - 0
06-20 00:52:13.688   342   342 D SAN_SERVICE: *******************************************
06-20 00:52:13.867   342   342 D SAN_SERVICE: *******************************************
06-20 00:52:13.867   342   342 D SAN_SERVICE: DM App Phone Service State - 0
06-20 00:52:13.867   342   342 D SAN_SERVICE: *******************************************
06-20 00:52:15.141 30117 30129 D dalvikvm: GC_CONCURRENT freed 417K, 5% free 11242K/11783K, paused 10ms+10ms
06-20 00:52:15.465   142   159 I ActivityManager: Start proc com.google.android.apps.googlevoice for service com.google.android.apps.googlevoice/.ShadowNumberRefreshService: pid=30241 uid=10056 gids={3003, 1015}
06-20 00:52:15.824 30241 30243 D dalvikvm: GC_CONCURRENT freed 249K, 4% free 9299K/9607K, paused 3ms+7ms
06-20 00:52:15.957   142 12773 I ActivityManager: Start proc android.process.acore for content provider com.android.providers.contacts/.VoicemailContentProvider: pid=30256 uid=10000 gids={3003, 1015}
06-20 00:52:16.027 30256 30256 I ActivityThread: Pub call_log: com.android.providers.contacts.CallLogProvider
06-20 00:52:16.074 30256 30256 I ActivityThread: Pub com.android.voicemail: com.android.providers.contacts.VoicemailContentProvider
06-20 00:52:16.074 30256 30256 I ActivityThread: Pub user_dictionary: com.android.providers.userdictionary.UserDictionaryProvider
06-20 00:52:16.098 30256 30256 I ActivityThread: Pub com.android.social: com.android.providers.contacts.SocialProvider
06-20 00:52:16.102 30256 30256 I ActivityThread: Pub applications: com.android.providers.applications.ApplicationsProvider
06-20 00:52:16.285 30256 30256 I ActivityThread: Pub contacts;com.android.contacts: com.android.providers.contacts.ContactsProvider2
06-20 00:52:16.324 30256 30259 D dalvikvm: GC_CONCURRENT freed 350K, 5% free 9186K/9607K, paused 13ms+15ms
06-20 00:52:16.883   142   366 I ActivityManager: Start proc com.google.process.gapps for content provider com.google.android.gsf/.settings.GoogleSettingsProvider: pid=30272 uid=10009 gids={3003, 1015, 1007, 2001, 3006}
06-20 00:52:17.070 30272 30272 I ActivityThread: Pub com.google.settings: com.google.android.gsf.settings.GoogleSettingsProvider
06-20 00:52:17.141 30272 30272 I ActivityThread: Pub subscribedfeeds: com.google.android.gsf.subscribedfeeds.SubscribedFeedsProvider
06-20 00:52:17.203   142   142 I ActivityManager: Process com.twitter.android (pid 30117) has died.
06-20 00:52:17.231 30272 30272 I ActivityThread: Pub com.google.contacts.gal.provider: com.google.android.syncadapters.contacts.GalProvider
06-20 00:52:17.274 30272 30272 I ActivityThread: Pub com.google.android.gsf.gservices: com.google.android.gsf.gservices.GservicesProvider
06-20 00:52:17.277 30272 30272 I GservicesProvider: Gservices pushing to system: true; secure: true
06-20 00:52:17.277 30272 30272 I ActivityThread: Pub com.google.android.providers.talk: com.google.android.gsf.talk.TalkProvider
06-20 00:52:17.383 30272 30275 D dalvikvm: GC_CONCURRENT freed 341K, 5% free 9194K/9607K, paused 5ms+5ms
06-20 00:52:17.426   142   916 D SyncManager: setSyncAutomatically: , provider subscribedfeeds -> true
06-20 00:52:17.426   142   916 D SyncManager: setSyncAutomatically: already set to true, doing nothing
06-20 00:52:17.469 30241 30288 W System.err: com.google.android.apps.googlevoice.net.VoiceServiceException: Voice service failed [INVALID_AUTH_TOKEN]
06-20 00:52:17.484 30241 30288 W System.err: 	at com.google.android.apps.googlevoice.net.masf.MASFVoiceService.checkCredentials(MASFVoiceService.java:107)
06-20 00:52:17.484 30241 30288 W System.err: 	at com.google.android.apps.googlevoice.net.masf.MASFVoiceService.getAuthToken(MASFVoiceService.java:95)
06-20 00:52:17.484 30241 30288 W System.err: 	at com.google.android.apps.googlevoice.net.masf.MASFGetBackendInfoRpc.createRequestPayload(MASFGetBackendInfoRpc.java:34)
06-20 00:52:17.488 30241 30288 W System.err: 	at com.google.android.apps.googlevoice.net.masf.MASFApiRpc.requestSubmit(MASFApiRpc.java:160)
06-20 00:52:17.488 30241 30288 W System.err: 	at com.google.android.apps.googlevoice.net.masf.MASFApiRpc.run(MASFApiRpc.java:141)
06-20 00:52:17.488 30241 30288 W System.err: 	at com.googlex.common.task.AbstractTask.run(Unknown Source)
06-20 00:52:17.488 30241 30288 W System.err: 	at com.googlex.common.task.AbstractTask.runInternal(Unknown Source)
06-20 00:52:17.488 30241 30288 W System.err: 	at com.googlex.common.task.TaskRunner.run(Unknown Source)
06-20 00:52:17.488 30241 30288 W System.err: 	at com.googlex.common.lang.BaseThreadFactory$ThreadImpl.run(Unknown Source)
06-20 00:52:17.504 30241 30288 E GoogleVoice: ShadowNumberRefreshService: Failed to get backend info!
06-20 00:52:17.504 30241 30288 E GoogleVoice: com.google.android.apps.googlevoice.net.VoiceServiceException: Voice service failed [INVALID_AUTH_TOKEN]
06-20 00:52:17.504 30241 30288 E GoogleVoice: 	at com.google.android.apps.googlevoice.net.masf.MASFVoiceService.checkCredentials(MASFVoiceService.java:107)
06-20 00:52:17.504 30241 30288 E GoogleVoice: 	at com.google.android.apps.googlevoice.net.masf.MASFVoiceService.getAuthToken(MASFVoiceService.java:95)
06-20 00:52:17.504 30241 30288 E GoogleVoice: 	at com.google.android.apps.googlevoice.net.masf.MASFGetBackendInfoRpc.createRequestPayload(MASFGetBackendInfoRpc.java:34)
06-20 00:52:17.504 30241 30288 E GoogleVoice: 	at com.google.android.apps.googlevoice.net.masf.MASFApiRpc.requestSubmit(MASFApiRpc.java:160)
06-20 00:52:17.504 30241 30288 E GoogleVoice: 	at com.google.android.apps.googlevoice.net.masf.MASFApiRpc.run(MASFApiRpc.java:141)
06-20 00:52:17.504 30241 30288 E GoogleVoice: 	at com.googlex.common.task.AbstractTask.run(Unknown Source)
06-20 00:52:17.504 30241 30288 E GoogleVoice: 	at com.googlex.common.task.AbstractTask.runInternal(Unknown Source)
06-20 00:52:17.504 30241 30288 E GoogleVoice: 	at com.googlex.common.task.TaskRunner.run(Unknown Source)
06-20 00:52:17.504 30241 30288 E GoogleVoice: 	at com.googlex.common.lang.BaseThreadFactory$ThreadImpl.run(Unknown Source)
06-20 00:52:17.555 30256 30259 D dalvikvm: GC_CONCURRENT freed 220K, 4% free 9383K/9735K, paused 6ms+5ms
06-20 00:52:18.516 29768 29775 I dalvikvm: Jit: resizing JitTable from 4096 to 8192
06-20 00:52:19.074   142   145 D dalvikvm: GC_CONCURRENT freed 2020K, 30% free 19011K/26823K, paused 155ms+26ms
06-20 00:52:19.168   342   342 D SAN_SERVICE: *******************************************
06-20 00:52:19.168   342   342 D SAN_SERVICE: DM App Phone Service State - 0
06-20 00:52:19.168   342   342 D SAN_SERVICE: *******************************************
06-20 00:52:19.219   342   342 D SAN_SERVICE: *******************************************
06-20 00:52:19.219   342   342 D SAN_SERVICE: DM App Phone Service State - 0
06-20 00:52:19.219   342   342 D SAN_SERVICE: *******************************************
06-20 00:52:19.957   142   916 I ActivityManager: Process com.google.android.apps.maps:LocationFriendService (pid 30188) has died.
06-20 00:52:22.027 30256 30259 D dalvikvm: GC_CONCURRENT freed 241K, 4% free 9551K/9927K, paused 11ms+3ms
06-20 00:52:25.031   357   357 D dalvikvm: GC_EXPLICIT freed <1K, 6% free 9101K/9607K, paused 3ms+6ms
06-20 00:52:30.059 18154 18154 D dalvikvm: GC_EXPLICIT freed <1K, 8% free 11661K/12551K, paused 7ms+3ms
06-20 00:52:34.070 21913 21913 D dalvikvm: GC_FOR_ALLOC freed 1213K, 13% free 13279K/15111K, paused 743ms
06-20 00:52:34.863   142   918 D dalvikvm: GC_EXPLICIT freed 1962K, 30% free 18979K/26823K, paused 64ms+50ms
06-20 00:52:35.141 21913 21913 D dalvikvm: GC_FOR_ALLOC freed 695K, 10% free 13726K/15111K, paused 51ms
06-20 00:52:35.711   142   159 I ActivityManager: Start proc com.facebook.orca for service com.facebook.orca/.push.mqtt.MqttPushService: pid=30316 uid=10061 gids={3003, 1015, 1006}
06-20 00:52:35.906 30316 30316 I dalvikvm: Turning on JNI app bug workarounds for target SDK version 10...
06-20 00:52:36.035   342   342 D SAN_SERVICE: *******************************************
06-20 00:52:36.035   342   342 D SAN_SERVICE: DM App Phone Service State - 0
06-20 00:52:36.035   342   342 D SAN_SERVICE: *******************************************
06-20 00:52:36.195 29768 29784 D dalvikvm: GC_EXPLICIT freed 436K, 24% free 22290K/29127K, paused 219ms+443ms
06-20 00:52:36.317   342   342 D SAN_SERVICE: *******************************************
06-20 00:52:36.317   342   342 D SAN_SERVICE: DM App Phone Service State - 0
06-20 00:52:36.317   342   342 D SAN_SERVICE: *******************************************
06-20 00:52:36.414 30316 30316 I ActivityThread: Pub com.facebook.orca.notify.MessengerLoggedInUserProvider: com.facebook.orca.notify.MessengerLoggedInUserProvider
06-20 00:52:36.457 30316 30316 I ActivityThread: Pub com.facebook.orca.notify.MessengerForegroundProvider: com.facebook.orca.notify.MessengerForegroundProvider
06-20 00:52:36.469 30316 30316 V orca:OrcaApplication: Forcing initialization of AsyncTask
06-20 00:52:36.621 30316 30319 D dalvikvm: GC_CONCURRENT freed 226K, 4% free 9310K/9607K, paused 7ms+6ms
06-20 00:52:36.625 30316 30316 I Finalizer: Couldn't access Thread.inheritableThreadLocals. Reference finalizer threads will inherit thread local values.
06-20 00:52:36.883 30316 30319 D dalvikvm: GC_CONCURRENT freed 387K, 5% free 9458K/9927K, paused 5ms+3ms
06-20 00:52:37.055 30316 30316 W OrcaGuiceModule: Sig: ijxLJi1yGs1JpL-X1SExmchvork
06-20 00:52:37.293 30316 30319 D dalvikvm: GC_CONCURRENT freed 248K, 4% free 9626K/9991K, paused 87ms+2ms
06-20 00:52:37.680 30316 30334 W Resources: Converting to string: TypedValue{t=0x10/d=0xffffffff a=-1}
06-20 00:52:37.926 30316 30319 D dalvikvm: GC_CONCURRENT freed 326K, 4% free 9849K/10247K, paused 5ms+3ms
06-20 00:52:38.074 30316 30316 D ACRA    : Retrieve application default SharedPreferences.
06-20 00:52:38.074 30316 30316 D ACRA    : Set OnSharedPreferenceChangeListener.
06-20 00:52:38.078 30316 30316 D ACRA    : ACRA is enabled for com.facebook.orca, intializing...
06-20 00:52:38.149 30316 30319 D dalvikvm: GC_CONCURRENT freed 289K, 4% free 10076K/10439K, paused 3ms+3ms
06-20 00:52:38.156 30316 30316 D ACRA    : Looking for error files in /data/data/com.facebook.orca/app_acra-reports
06-20 00:52:38.184 30316 30334 D dalvikvm: GC_FOR_ALLOC freed 231K, 6% free 10116K/10695K, paused 24ms
06-20 00:52:38.250 30316 30334 D dalvikvm: GC_FOR_ALLOC freed 94K, 5% free 10213K/10695K, paused 31ms
06-20 00:52:38.297 30316 30334 D dalvikvm: GC_FOR_ALLOC freed 211K, 5% free 10238K/10759K, paused 27ms
06-20 00:52:38.340 30316 30334 D dalvikvm: GC_FOR_ALLOC freed 87K, 5% free 10310K/10759K, paused 22ms
06-20 00:52:38.652 30316 30319 D dalvikvm: GC_CONCURRENT freed 351K, 4% free 10585K/10951K, paused 2ms+8ms
06-20 00:52:38.895 30316 30319 D dalvikvm: GC_CONCURRENT freed 116K, 3% free 10960K/11207K, paused 2ms+4ms
06-20 00:52:39.180 30316 30319 D dalvikvm: GC_CONCURRENT freed 565K, 6% free 11083K/11719K, paused 3ms+6ms
06-20 00:52:39.383 30316 30319 D dalvikvm: GC_CONCURRENT freed 339K, 4% free 11436K/11847K, paused 2ms+4ms
06-20 00:52:43.121 21913 21913 D dalvikvm: GC_EXPLICIT freed 357K, 10% free 13668K/15111K, paused 4ms+24ms
06-20 00:52:45.492   142   159 I ActivityManager: Start proc com.whatsapp for service com.whatsapp/.messaging.MessageService: pid=30343 uid=10070 gids={1015, 3003}
06-20 00:52:45.504 30343 30343 I dalvikvm: Turning on JNI app bug workarounds for target SDK version 7...
06-20 00:52:45.981 30343 30345 D dalvikvm: GC_CONCURRENT freed 174K, 3% free 9356K/9607K, paused 2ms+2ms
06-20 00:52:46.703 30343 30345 D dalvikvm: GC_CONCURRENT freed 315K, 4% free 9595K/9991K, paused 3ms+10ms
06-20 00:52:47.012 30343 30343 I SqliteDatabaseCpp: sqlite returned: error code = 1, msg = duplicate column name: photo_ts, db=/data/data/com.whatsapp/databases/msgstore.db
06-20 00:52:47.024 30343 30343 I SqliteDatabaseCpp: sqlite returned: error code = 1, msg = duplicate column name: thumb_ts, db=/data/data/com.whatsapp/databases/msgstore.db
06-20 00:52:47.024 30343 30343 I SqliteDatabaseCpp: sqlite returned: error code = 1, msg = duplicate column name: photo_id_timestamp, db=/data/data/com.whatsapp/databases/msgstore.db
06-20 00:52:47.379 30343 30343 I dalvikvm: Could not find method android.media.MediaMetadataRetriever.captureFrame, referenced from method com.whatsapp.d3.a
06-20 00:52:47.379 30343 30343 W dalvikvm: VFY: unable to resolve virtual method 496: Landroid/media/MediaMetadataRetriever;.captureFrame ()Landroid/graphics/Bitmap;
06-20 00:52:47.379 30343 30343 D dalvikvm: VFY: replacing opcode 0x6e at 0x0134
06-20 00:52:47.453   142   145 D dalvikvm: GC_CONCURRENT freed 1945K, 30% free 18970K/26823K, paused 10ms+10ms
06-20 00:52:47.723 30343 30345 D dalvikvm: GC_CONCURRENT freed 222K, 4% free 9785K/10119K, paused 34ms+3ms
06-20 00:52:47.863 30343 30345 D dalvikvm: GC_CONCURRENT freed 343K, 5% free 9947K/10375K, paused 1ms+3ms
06-20 00:52:50.086 30343 30345 D dalvikvm: GC_CONCURRENT freed 281K, 4% free 10120K/10503K, paused 2ms+5ms
06-20 00:52:51.246   342   342 D SAN_SERVICE: *******************************************
06-20 00:52:51.246   342   342 D SAN_SERVICE: DM App Phone Service State - 0
06-20 00:52:51.246   342   342 D SAN_SERVICE: *******************************************
06-20 00:52:55.465   142   159 I ActivityManager: Start proc com.google.android.apps.maps:NetworkLocationService for service com.google.android.apps.maps/com.google.android.location.internal.server.NetworkLocationService: pid=30371 uid=10057 gids={3003, 1015}
06-20 00:52:55.871 30371 30374 D dalvikvm: GC_CONCURRENT freed 175K, 3% free 9360K/9607K, paused 5ms+3ms
06-20 00:52:56.289   342   342 D SAN_SERVICE: *******************************************
06-20 00:52:56.289   342   342 D SAN_SERVICE: DM App Phone Service State - 0
06-20 00:52:56.289   342   342 D SAN_SERVICE: *******************************************
06-20 00:52:56.414 30371 30374 D dalvikvm: GC_CONCURRENT freed 158K, 3% free 9673K/9927K, paused 2ms+2ms
06-20 00:52:56.461   142   153 I ActivityManager: Process com.facebook.orca (pid 30316) has died.
06-20 00:52:56.461   142   153 W ActivityManager: Scheduling restart of crashed service com.facebook.orca/.push.mqtt.MqttPushService in 239148ms
06-20 00:52:56.879 30371 30374 D dalvikvm: GC_CONCURRENT freed 168K, 3% free 10072K/10311K, paused 2ms+3ms
06-20 00:52:57.121 30371 30374 D dalvikvm: GC_CONCURRENT freed 669K, 8% free 9882K/10631K, paused 4ms+2ms
06-20 00:52:57.227   142   159 I ActivityManager: Start proc com.google.android.apps.maps:FriendService for broadcast com.google.android.apps.maps/com.google.googlenav.friend.android.ServiceReceiver: pid=30393 uid=10057 gids={3003, 1015}
06-20 00:52:57.266    80    80 D dalvikvm: GC_EXPLICIT freed 38K, 4% free 9031K/9347K, paused 1ms+19ms
06-20 00:52:57.356    80    80 D dalvikvm: GC_EXPLICIT freed <1K, 4% free 9031K/9347K, paused 7ms+12ms
06-20 00:52:57.410    80    80 D dalvikvm: GC_EXPLICIT freed <1K, 4% free 9031K/9347K, paused 6ms+4ms
06-20 00:52:57.473 30393 30396 D dalvikvm: GC_CONCURRENT freed 178K, 3% free 9358K/9607K, paused 3ms+2ms
06-20 00:52:57.703 30393 30396 D dalvikvm: GC_CONCURRENT freed 192K, 3% free 9653K/9927K, paused 2ms+2ms
06-20 00:52:57.828   142   922 I ActivityManager: Start proc com.google.android.apps.maps:LocationFriendService for broadcast com.google.android.apps.maps/com.google.googlenav.friend.reporting.LocationReportingIntentReceiver: pid=30406 uid=10057 gids={3003, 1015}
06-20 00:52:57.981 30371 30378 I dalvikvm: Total arena pages for JIT: 11
06-20 00:52:57.981 30371 30378 I dalvikvm: Total arena pages for JIT: 12
06-20 00:52:57.981 30371 30378 I dalvikvm: Total arena pages for JIT: 13
06-20 00:52:57.984 30371 30378 I dalvikvm: Total arena pages for JIT: 14
06-20 00:52:57.988 30371 30378 I dalvikvm: Total arena pages for JIT: 15
06-20 00:52:57.988 30371 30378 I dalvikvm: Total arena pages for JIT: 16
06-20 00:52:57.992 30371 30378 I dalvikvm: Total arena pages for JIT: 17
06-20 00:52:58.231 30406 30409 D dalvikvm: GC_CONCURRENT freed 153K, 3% free 9383K/9607K, paused 5ms+2ms
06-20 00:52:58.934 30406 30409 D dalvikvm: GC_CONCURRENT freed 192K, 4% free 9665K/9991K, paused 6ms+2ms
06-20 00:52:58.996 30371 30374 D dalvikvm: GC_CONCURRENT freed 182K, 5% free 10163K/10631K, paused 13ms+8ms
06-20 00:52:59.012 30371 30378 I dalvikvm: Total arena pages for JIT: 18
06-20 00:52:59.633 30406 30409 D dalvikvm: GC_CONCURRENT freed 221K, 4% free 9921K/10247K, paused 17ms+13ms
06-20 00:52:59.899 30371 30374 D dalvikvm: GC_CONCURRENT freed 416K, 6% free 10156K/10695K, paused 15ms+27ms
06-20 00:53:00.656   142   918 I ActivityManager: Process com.google.android.apps.maps:FriendService (pid 30393) has died.
06-20 00:53:05.848 30272 30275 D dalvikvm: GC_CONCURRENT freed 445K, 6% free 9278K/9799K, paused 8ms+3ms
06-20 00:53:06.137   142   159 I ActivityManager: Start proc com.google.android.talk for broadcast com.google.android.talk/.McsConnectionStartedReceiver: pid=30433 uid=10047 gids={3003, 1015, 1006, 3002}
06-20 00:53:06.606 30433 30433 I ActivityThread: Pub com.google.android.talk.SuggestionProvider: com.google.android.talk.SuggestionsProvider
06-20 00:53:06.652 30272 30275 D dalvikvm: GC_CONCURRENT freed 451K, 6% free 9260K/9799K, paused 2ms+3ms
06-20 00:53:06.817 30433 30433 D vclib:CallStateClient: startListening
06-20 00:53:07.188 30433 30452 I talk    : onMcsConnectionStarted
06-20 00:53:07.207 30272 30432 I GTalkService/c: [AndroidEndpoint@1094309120] connect: acct=1000000, state=CONNECTING
06-20 00:53:07.242 30433 30434 D dalvikvm: GC_CONCURRENT freed 159K, 3% free 9321K/9607K, paused 63ms+115ms
06-20 00:53:07.680   142   921 I ActivityManager: Start proc android.process.media for content provider com.android.providers.media/.MediaProvider: pid=30459 uid=10012 gids={1015, 1023, 1024, 2001, 3003, 3007}
06-20 00:53:07.914 30459 30459 I ActivityThread: Pub downloads: com.android.providers.downloads.DownloadProvider
06-20 00:53:08.219 30459 30459 I ActivityThread: Pub drm: com.android.providers.drm.DrmProvider
06-20 00:53:08.219 30459 30473 I DownloadManager: in removeSpuriousFiles
06-20 00:53:08.231 30459 30459 I ActivityThread: Pub media: com.android.providers.media.MediaProvider
06-20 00:53:08.414 30459 30473 I DownloadManager: deleting spurious file /cache/backup
06-20 00:53:08.559   142   199 D ConnectivityService: handleInetConditionHoldEnd: net=1, condition=0, published condition=100
06-20 00:53:09.121   142   142 I ActivityManager: Process com.google.android.apps.maps:LocationFriendService (pid 30406) has died.
06-20 00:53:09.149 30459 30461 D dalvikvm: GC_CONCURRENT freed 314K, 5% free 9182K/9607K, paused 12ms+4ms
06-20 00:53:09.391 30272 30275 D dalvikvm: GC_CONCURRENT freed 307K, 5% free 9392K/9799K, paused 65ms+4ms
06-20 00:53:09.520 30272 30455 I GTalkService/c: [GTalkConnection@1093981664] connect: acct=1, state=CONNECTING
06-20 00:53:09.922   142   368 D dalvikvm: GC_EXPLICIT freed 1711K, 30% free 18992K/26823K, paused 15ms+15ms
06-20 00:53:09.996   142 12773 I ActivityManager: Process com.google.android.talk (pid 30433) has died.
06-20 00:53:10.922   142   199 D ConnectivityService: handleInetConditionHoldEnd: net=1, condition=100, published condition=0
06-20 00:53:13.246 30272 30481 I GTalkService/c: [GTalkConnection@1093981664] connect: acct=1, state=CONNECTING
06-20 00:53:14.215   142   159 I ActivityManager: Start proc com.google.android.talk for broadcast com.google.android.talk/.ConnectionStateOnlineReceiver: pid=30483 uid=10047 gids={3003, 1015, 1006, 3002}
06-20 00:53:14.418 30483 30483 I ActivityThread: Pub com.google.android.talk.SuggestionProvider: com.google.android.talk.SuggestionsProvider
06-20 00:53:14.555 30272 30275 D dalvikvm: GC_CONCURRENT freed 293K, 5% free 9500K/9927K, paused 2ms+2ms
06-20 00:53:14.742 30483 30483 D vclib:CallStateClient: startListening
06-20 00:53:15.012 30483 30486 D dalvikvm: GC_CONCURRENT freed 119K, 3% free 9404K/9607K, paused 178ms+2ms
06-20 00:53:18.918 30272 30275 D dalvikvm: GC_CONCURRENT freed 361K, 5% free 9565K/10055K, paused 2ms+7ms
06-20 00:53:19.199 30272 30275 D dalvikvm: GC_CONCURRENT freed 367K, 5% free 9621K/10119K, paused 6ms+3ms
06-20 00:53:19.930 30272 30431 D dalvikvm: GC_EXPLICIT freed 368K, 6% free 9523K/10119K, paused 17ms+4ms
06-20 00:53:20.141   142   422 I ActivityManager: Process android.process.media (pid 30459) has died.
06-20 00:53:20.883 30256 30259 D dalvikvm: GC_CONCURRENT freed 467K, 6% free 9519K/10119K, paused 13ms+3ms
06-20 00:53:21.012 30507 30507 D dalvikvm: Late-enabling CheckJNI
06-20 00:53:21.043   142   159 I ActivityManager: Start proc com.xabber.android for service com.xabber.android/.service.XMPPService: pid=30507 uid=10081 gids={3003, 1015}
06-20 00:53:21.164 30507 30507 I dalvikvm: Turning on JNI app bug workarounds for target SDK version 9...
06-20 00:53:21.570   142   918 I ActivityManager: Process com.google.android.talk (pid 30483) has died.
06-20 00:53:21.797 30507 30508 D dalvikvm: GC_CONCURRENT freed 223K, 4% free 9312K/9607K, paused 83ms+2ms
06-20 00:53:21.852 30507 30507 D dalvikvm: GC_FOR_ALLOC freed 286K, 6% free 9425K/9927K, paused 17ms
06-20 00:53:22.004 30507 30508 D dalvikvm: GC_CONCURRENT freed 179K, 3% free 9776K/10055K, paused 2ms+2ms
06-20 00:53:22.223 30507 30508 D dalvikvm: GC_CONCURRENT freed 346K, 5% free 9958K/10375K, paused 2ms+2ms
06-20 00:53:22.449 30507 30507 I com.xabber.android.service.XMPPService@413ae798: onCreate
06-20 00:53:22.453 30507 30507 I com.xabber.android.data.Application@4133c830: onStart
06-20 00:53:22.461 30507 30522 I com.xabber.android.data.LogManager@4133f410: onLoad
06-20 00:53:22.461 30507 30522 I com.xabber.android.data.DatabaseManager@4133ff00: onLoad
06-20 00:53:22.578 30507 30522 I com.xabber.android.data.extension.AvatarStorage@413402e0: onLoad
06-20 00:53:22.598 30507 30522 I com.xabber.android.data.connection.AccountManager@4132c810: onLoad
06-20 00:53:22.633 30507 30522 I com.xabber.android.data.message.MUCManager@413522d0: onLoad
06-20 00:53:22.637 30507 30522 I com.xabber.android.data.message.MessageManager@41440ff0: onLoad
06-20 00:53:22.645 30507 30522 I com.xabber.android.data.message.ChatManager@41441460: onLoad
06-20 00:53:22.649 30507 30522 I com.xabber.android.data.extension.VCardManager@4137f928: onLoad
06-20 00:53:22.652 30507 30522 I com.xabber.android.data.extension.AvatarManager@41380758: onLoad
06-20 00:53:22.723 30507 30508 D dalvikvm: GC_CONCURRENT freed 257K, 4% free 10134K/10503K, paused 5ms+2ms
06-20 00:53:22.758 30507 30522 I com.xabber.android.data.roster.GroupManager@413d0678: onLoad
06-20 00:53:22.762 30507 30522 I com.xabber.android.data.extension.CapabilitiesManager@41438780: onLoad
06-20 00:53:22.774 30507 30522 I com.xabber.android.data.roster.SyncManager@413873a0: onLoad
06-20 00:53:22.785 30507 30522 I com.xabber.android.data.roster.SyncManager@413873a0: Groups: 0
06-20 00:53:22.801 30507 30522 I com.xabber.android.data.roster.SyncManager@413873a0: Raw contacts: 2
06-20 00:53:23.324 30507 30522 W com.xabber.android.data.roster.SyncManager@413873a0: Remove structured name: 7693
06-20 00:53:23.348 30507 30522 I com.xabber.android.data.roster.SyncManager@413873a0: Jids: 2
06-20 00:53:23.348 30507 30522 I com.xabber.android.data.roster.SyncManager@413873a0: Emails: 2
06-20 00:53:23.348 30507 30522 I com.xabber.android.data.roster.SyncManager@413873a0: Names: 1
06-20 00:53:23.348 30507 30522 I com.xabber.android.data.roster.SyncManager@413873a0: Membership: 0
06-20 00:53:23.348 30507 30522 I com.xabber.android.data.roster.SyncManager@413873a0: Structureds: 1
06-20 00:53:23.348 30507 30522 I com.xabber.android.data.roster.SyncManager@413873a0: Contacts: 2
06-20 00:53:23.348 30507 30522 I com.xabber.android.data.roster.SyncManager@413873a0: Remove data
06-20 00:53:24.305 30507 30522 I com.xabber.android.data.roster.SyncManager@413873a0: Loaded
06-20 00:53:24.359 30507 30507 I com.xabber.android.data.SettingsManager@4133de60: onInitialized
06-20 00:53:24.473 30507 30507 I com.xabber.android.data.connection.ConnectionManager@41340dd8: onInitialized
06-20 00:53:24.488 30507 30507 I com.xabber.android.data.connection.ReconnectionManager@413cc4e0: onInitialized
06-20 00:53:24.488 30507 30507 I com.xabber.android.data.NotificationManager@413ed478: onInitialized
06-20 00:53:24.645 30507 30507 I com.xabber.android.data.connection.NetworkManager@4143be90: onInitialized
06-20 00:53:24.766 30507 30507 I com.xabber.android.data.connection.NetworkManager@4143be90: Network: NetworkInfo: type: WIFI[], state: CONNECTED/CONNECTED, reason: (unspecified), extra: (none), roaming: false, failover: false, isAvailable: true, active: NetworkInfo: type: WIFI[], state: CONNECTED/CONNECTED, reason: (unspecified), extra: (none), roaming: false, failover: false, isAvailable: true
06-20 00:53:24.766 30507 30507 I com.xabber.android.data.connection.NetworkManager@4143be90: State does not changed.
06-20 00:53:24.797 30343 30345 D dalvikvm: GC_CONCURRENT freed 646K, 8% free 9922K/10695K, paused 6ms+5ms
06-20 00:53:24.906 30256 30259 D dalvikvm: GC_CONCURRENT freed 371K, 6% free 9532K/10119K, paused 16ms+7ms
06-20 00:53:25.121   142   922 D dalvikvm: GC_EXPLICIT freed 826K, 30% free 18991K/26823K, paused 14ms+11ms
06-20 00:53:25.840 30507 30508 D dalvikvm: GC_CONCURRENT freed 295K, 5% free 10267K/10695K, paused 8ms+9ms
06-20 00:53:25.863 30507 30532 I System.out: 12:53:25 AM SENT (1095122632): <stream:stream to="jabber.org" xmlns="jabber:client" xmlns:stream="http://etherx.jabber.org/streams" version="1.0">
