06-24 12:34:27.496  1207  1207 D wpa_supplicant: wpa_driver_wext_driver_cmd LINKSPEED len = 248
06-24 12:34:27.500  1207  1207 D wpa_supplicant: wpa_driver_wext_driver_cmd LinkSpeed 72 len = 12, 12
06-24 12:34:30.504  1207  1207 D wpa_supplicant: wpa_driver_wext_driver_cmd RSSI len = 248
06-24 12:34:30.511  1207  1207 D wpa_supplicant: wpa_driver_wext_driver_cmd UB_Secure rssi -73  len = 19, 19
06-24 12:34:30.511  1207  1207 D wpa_supplicant: wpa_driver_wext_driver_cmd LINKSPEED len = 248
06-24 12:34:30.515  1207  1207 D wpa_supplicant: wpa_driver_wext_driver_cmd LinkSpeed 72 len = 12, 12
06-24 12:34:33.523  1207  1207 D wpa_supplicant: wpa_driver_wext_driver_cmd RSSI len = 248
06-24 12:34:33.531  1207  1207 D wpa_supplicant: wpa_driver_wext_driver_cmd UB_Secure rssi -71  len = 19, 19
06-24 12:34:33.531  1207  1207 D wpa_supplicant: wpa_driver_wext_driver_cmd LINKSPEED len = 248
06-24 12:34:33.535  1207  1207 D wpa_supplicant: wpa_driver_wext_driver_cmd LinkSpeed 72 len = 12, 12
06-24 12:34:36.547  1207  1207 D wpa_supplicant: wpa_driver_wext_driver_cmd RSSI len = 248
06-24 12:34:36.554  1207  1207 D wpa_supplicant: wpa_driver_wext_driver_cmd UB_Secure rssi -73  len = 19, 19
06-24 12:34:36.554  1207  1207 D wpa_supplicant: wpa_driver_wext_driver_cmd LINKSPEED len = 248
06-24 12:34:36.558  1207  1207 D wpa_supplicant: wpa_driver_wext_driver_cmd LinkSpeed 72 len = 12, 12
06-24 12:34:37.269   803  1147 I PhoneLab-: Service Running
06-24 12:34:37.359   803  1147 I PhoneLab-LoggerService: app_37    1165  803   1440   1072  c00f181c 400107b4 S logcat
06-24 12:34:37.359   803  1147 I PhoneLab-LoggerService: Logcat pid from database 1165
06-24 12:34:37.359   803  1147 I PhoneLab-LoggerService: Logcat process found 1165
06-24 12:34:37.359   803  1147 I PhoneLab-LoggerService: Checking Threshold
06-24 12:34:39.566  1207  1207 D wpa_supplicant: wpa_driver_wext_driver_cmd RSSI len = 248
06-24 12:34:39.574  1207  1207 D wpa_supplicant: wpa_driver_wext_driver_cmd UB_Secure rssi -73  len = 19, 19
06-24 12:34:39.574  1207  1207 D wpa_supplicant: wpa_driver_wext_driver_cmd LINKSPEED len = 248
06-24 12:34:39.574  1207  1207 D wpa_supplicant: wpa_driver_wext_driver_cmd LinkSpeed 72 len = 12, 12
06-24 12:34:42.582  1207  1207 D wpa_supplicant: wpa_driver_wext_driver_cmd RSSI len = 248
06-24 12:34:42.590  1207  1207 D wpa_supplicant: wpa_driver_wext_driver_cmd UB_Secure rssi -75  len = 19, 19
06-24 12:34:42.590  1207  1207 D wpa_supplicant: wpa_driver_wext_driver_cmd LINKSPEED len = 248
06-24 12:34:42.593  1207  1207 D wpa_supplicant: wpa_driver_wext_driver_cmd LinkSpeed 72 len = 12, 12
06-24 12:34:45.601  1207  1207 D wpa_supplicant: wpa_driver_wext_driver_cmd RSSI len = 248
06-24 12:34:45.609  1207  1207 D wpa_supplicant: wpa_driver_wext_driver_cmd UB_Secure rssi -74  len = 19, 19
06-24 12:34:45.609  1207  1207 D wpa_supplicant: wpa_driver_wext_driver_cmd LINKSPEED len = 248
06-24 12:34:45.613  1207  1207 D wpa_supplicant: wpa_driver_wext_driver_cmd LinkSpeed 72 len = 12, 12
06-24 12:34:47.785  1207  1207 D wpa_supplicant: wpa_driver_wext_driver_cmd SETSUSPENDOPT 0 len = 4096
06-24 12:34:47.785  1207  1207 D wpa_supplicant: wpa_driver_wext_driver_cmd SETSUSPENDOPT 0 len = 0, 15
06-24 12:34:47.789  1207  1207 D wpa_supplicant: wpa_driver_wext_driver_cmd POWERMODE 0 len = 4096
06-24 12:34:47.797  1207  1207 D wpa_supplicant: wpa_driver_wext_driver_cmd OK len = 0, 2
06-24 12:34:47.797  1207  1207 D wpa_supplicant: WPS: Building WPS IE for Probe Request
06-24 12:34:47.797  1207  1207 D wpa_supplicant: WPS:  * Version (hardcoded 0x10)
06-24 12:34:47.797  1207  1207 D wpa_supplicant: WPS:  * Request Type
06-24 12:34:47.797  1207  1207 D wpa_supplicant: WPS:  * Config Methods (2388)
06-24 12:34:47.797  1207  1207 D wpa_supplicant: WPS:  * UUID-E
06-24 12:34:47.797  1207  1207 D wpa_supplicant: WPS:  * Primary Device Type
06-24 12:34:47.797  1207  1207 D wpa_supplicant: WPS:  * RF Bands (3)
06-24 12:34:47.797  1207  1207 D wpa_supplicant: WPS:  * Association State
06-24 12:34:47.797  1207  1207 D wpa_supplicant: WPS:  * Configuration Error (0)
06-24 12:34:47.797  1207  1207 D wpa_supplicant: WPS:  * Device Password ID (0)
06-24 12:34:47.797  1207  1207 D wpa_supplicant: WPS:  * Manufacturer
06-24 12:34:47.797  1207  1207 D wpa_supplicant: WPS:  * Model Name
06-24 12:34:47.797  1207  1207 D wpa_supplicant: WPS:  * Model Number
06-24 12:34:47.797  1207  1207 D wpa_supplicant: WPS:  * Device Name
06-24 12:34:47.797  1207  1207 D wpa_supplicant: WPS:  * Version2 (0x20)
06-24 12:34:47.797  1207  1207 D wpa_supplicant: wpa_driver_wext_combo_scan: Start
06-24 12:34:47.797  1207  1207 D wpa_supplicant: For Scan: (null)
06-24 12:34:47.800  1207  1207 D wpa_supplicant: Scan requested (ret=0) - scan timeout 30 seconds
06-24 12:34:48.621  1207  1207 D wpa_supplicant: wpa_driver_wext_driver_cmd RSSI len = 248
06-24 12:34:48.625  1207  1207 D wpa_supplicant: wpa_driver_wext_driver_cmd UB_Secure rssi -74  len = 19, 19
06-24 12:34:48.625  1207  1207 D wpa_supplicant: wpa_driver_wext_driver_cmd LINKSPEED len = 248
06-24 12:34:48.625  1207  1207 D wpa_supplicant: wpa_driver_wext_driver_cmd LinkSpeed 72 len = 12, 12
06-24 12:34:48.976  1207  1207 D wpa_supplicant: RTM_NEWLINK: operstate=1 ifi_flags=0x11043 ([UP][RUNNING][LOWER_UP])
06-24 12:34:48.976  1207  1207 D wpa_supplicant: RTM_NEWLINK, IFLA_IFNAME: Interface 'wlan0' added
06-24 12:34:48.976  1207  1207 D wpa_supplicant: Wireless event: cmd=0x8b19 len=8
06-24 12:34:48.984  1207  1207 D wpa_supplicant: Received 1088 bytes of scan results (6 BSSes)
06-24 12:34:49.117  1207  1207 D wpa_supplicant: wpa_driver_wext_driver_cmd SETSUSPENDOPT 0 len = 4096
06-24 12:34:49.117  1207  1207 D wpa_supplicant: wpa_driver_wext_driver_cmd SETSUSPENDOPT 0 len = 0, 15
06-24 12:34:49.117  1207  1207 D wpa_supplicant: wpa_driver_wext_driver_cmd POWERMODE 0 len = 4096
06-24 12:34:49.125  1207  1207 D wpa_supplicant: wpa_driver_wext_driver_cmd OK len = 0, 2
06-24 12:34:49.332 11789 11792 D dalvikvm: GC_CONCURRENT freed 313K, 8% free 10580K/11463K, paused 4ms+2ms
06-24 12:34:50.429 11789 11792 D dalvikvm: GC_CONCURRENT freed 222K, 7% free 10764K/11463K, paused 2ms+2ms
06-24 12:34:51.632  1207  1207 D wpa_supplicant: wpa_driver_wext_driver_cmd RSSI len = 248
06-24 12:34:51.644  1207  1207 D wpa_supplicant: wpa_driver_wext_driver_cmd UB_Secure rssi -71  len = 19, 19
06-24 12:34:51.644  1207  1207 D wpa_supplicant: wpa_driver_wext_driver_cmd LINKSPEED len = 248
06-24 12:34:51.648  1207  1207 D wpa_supplicant: wpa_driver_wext_driver_cmd LinkSpeed 72 len = 12, 12
06-24 12:34:54.652  1207  1207 D wpa_supplicant: wpa_driver_wext_driver_cmd RSSI len = 248
06-24 12:34:54.660  1207  1207 D wpa_supplicant: wpa_driver_wext_driver_cmd UB_Secure rssi -70  len = 19, 19
06-24 12:34:54.660  1207  1207 D wpa_supplicant: wpa_driver_wext_driver_cmd LINKSPEED len = 248
06-24 12:34:54.664  1207  1207 D wpa_supplicant: wpa_driver_wext_driver_cmd LinkSpeed 72 len = 12, 12
06-24 12:34:57.683  1207  1207 D wpa_supplicant: wpa_driver_wext_driver_cmd RSSI len = 248
06-24 12:34:57.691  1207  1207 D wpa_supplicant: wpa_driver_wext_driver_cmd UB_Secure rssi -69  len = 19, 19
06-24 12:34:57.691  1207  1207 D wpa_supplicant: wpa_driver_wext_driver_cmd LINKSPEED len = 248
06-24 12:34:57.695  1207  1207 D wpa_supplicant: wpa_driver_wext_driver_cmd LinkSpeed 72 len = 12, 12
06-24 12:35:00.703  1207  1207 D wpa_supplicant: wpa_driver_wext_driver_cmd RSSI len = 248
06-24 12:35:00.711  1207  1207 D wpa_supplicant: wpa_driver_wext_driver_cmd UB_Secure rssi -69  len = 19, 19
06-24 12:35:00.711  1207  1207 D wpa_supplicant: wpa_driver_wext_driver_cmd LINKSPEED len = 248
06-24 12:35:00.715  1207  1207 D wpa_supplicant: wpa_driver_wext_driver_cmd LinkSpeed 72 len = 12, 12
06-24 12:35:03.718  1207  1207 D wpa_supplicant: wpa_driver_wext_driver_cmd RSSI len = 248
06-24 12:35:03.726  1207  1207 D wpa_supplicant: wpa_driver_wext_driver_cmd UB_Secure rssi -68  len = 19, 19
06-24 12:35:03.726  1207  1207 D wpa_supplicant: wpa_driver_wext_driver_cmd LINKSPEED len = 248
06-24 12:35:03.726  1207  1207 D wpa_supplicant: wpa_driver_wext_driver_cmd LinkSpeed 72 len = 12, 12
06-24 12:35:06.734  1207  1207 D wpa_supplicant: wpa_driver_wext_driver_cmd RSSI len = 248
06-24 12:35:06.742  1207  1207 D wpa_supplicant: wpa_driver_wext_driver_cmd UB_Secure rssi -70  len = 19, 19
06-24 12:35:06.742  1207  1207 D wpa_supplicant: wpa_driver_wext_driver_cmd LINKSPEED len = 248
06-24 12:35:06.742  1207  1207 D wpa_supplicant: wpa_driver_wext_driver_cmd LinkSpeed 72 len = 12, 12
06-24 12:35:09.750  1207  1207 D wpa_supplicant: wpa_driver_wext_driver_cmd RSSI len = 248
06-24 12:35:09.757  1207  1207 D wpa_supplicant: wpa_driver_wext_driver_cmd UB_Secure rssi -70  len = 19, 19
06-24 12:35:09.757  1207  1207 D wpa_supplicant: wpa_driver_wext_driver_cmd LINKSPEED len = 248
06-24 12:35:09.757  1207  1207 D wpa_supplicant: wpa_driver_wext_driver_cmd LinkSpeed 72 len = 12, 12
06-24 12:35:12.765  1207  1207 D wpa_supplicant: wpa_driver_wext_driver_cmd RSSI len = 248
06-24 12:35:12.773  1207  1207 D wpa_supplicant: wpa_driver_wext_driver_cmd UB_Secure rssi -73  len = 19, 19
06-24 12:35:12.773  1207  1207 D wpa_supplicant: wpa_driver_wext_driver_cmd LINKSPEED len = 248
06-24 12:35:12.773  1207  1207 D wpa_supplicant: wpa_driver_wext_driver_cmd LinkSpeed 72 len = 12, 12
06-24 12:35:13.332   422   427 D dalvikvm: GC_CONCURRENT freed 409K, 8% free 9827K/10567K, paused 9ms+8ms
06-24 12:35:15.789  1207  1207 D wpa_supplicant: wpa_driver_wext_driver_cmd RSSI len = 248
06-24 12:35:15.797  1207  1207 D wpa_supplicant: wpa_driver_wext_driver_cmd UB_Secure rssi -73  len = 19, 19
06-24 12:35:15.797  1207  1207 D wpa_supplicant: wpa_driver_wext_driver_cmd LINKSPEED len = 248
06-24 12:35:15.800  1207  1207 D wpa_supplicant: wpa_driver_wext_driver_cmd LinkSpeed 72 len = 12, 12
06-24 12:35:18.808  1207  1207 D wpa_supplicant: wpa_driver_wext_driver_cmd RSSI len = 248
06-24 12:35:18.816  1207  1207 D wpa_supplicant: wpa_driver_wext_driver_cmd UB_Secure rssi -72  len = 19, 19
06-24 12:35:18.816  1207  1207 D wpa_supplicant: wpa_driver_wext_driver_cmd LINKSPEED len = 248
06-24 12:35:18.820  1207  1207 D wpa_supplicant: wpa_driver_wext_driver_cmd LinkSpeed 72 len = 12, 12
06-24 12:35:21.832  1207  1207 D wpa_supplicant: wpa_driver_wext_driver_cmd RSSI len = 248
06-24 12:35:21.840  1207  1207 D wpa_supplicant: wpa_driver_wext_driver_cmd UB_Secure rssi -71  len = 19, 19
06-24 12:35:21.840  1207  1207 D wpa_supplicant: wpa_driver_wext_driver_cmd LINKSPEED len = 248
06-24 12:35:21.843  1207  1207 D wpa_supplicant: wpa_driver_wext_driver_cmd LinkSpeed 72 len = 12, 12
06-24 12:35:24.851  1207  1207 D wpa_supplicant: wpa_driver_wext_driver_cmd RSSI len = 248
06-24 12:35:24.863  1207  1207 D wpa_supplicant: wpa_driver_wext_driver_cmd UB_Secure rssi -72  len = 19, 19
06-24 12:35:24.863  1207  1207 D wpa_supplicant: wpa_driver_wext_driver_cmd LINKSPEED len = 248
06-24 12:35:24.867  1207  1207 D wpa_supplicant: wpa_driver_wext_driver_cmd LinkSpeed 72 len = 12, 12
06-24 12:35:27.875  1207  1207 D wpa_supplicant: wpa_driver_wext_driver_cmd RSSI len = 248
06-24 12:35:27.882  1207  1207 D wpa_supplicant: wpa_driver_wext_driver_cmd UB_Secure rssi -72  len = 19, 19
06-24 12:35:27.882  1207  1207 D wpa_supplicant: wpa_driver_wext_driver_cmd LINKSPEED len = 248
06-24 12:35:27.886  1207  1207 D wpa_supplicant: wpa_driver_wext_driver_cmd LinkSpeed 72 len = 12, 12
06-24 12:35:30.894  1207  1207 D wpa_supplicant: wpa_driver_wext_driver_cmd RSSI len = 248
06-24 12:35:30.902  1207  1207 D wpa_supplicant: wpa_driver_wext_driver_cmd UB_Secure rssi -72  len = 19, 19
06-24 12:35:30.902  1207  1207 D wpa_supplicant: wpa_driver_wext_driver_cmd LINKSPEED len = 248
06-24 12:35:30.906  1207  1207 D wpa_supplicant: wpa_driver_wext_driver_cmd LinkSpeed 72 len = 12, 12
06-24 12:35:33.910  1207  1207 D wpa_supplicant: wpa_driver_wext_driver_cmd RSSI len = 248
06-24 12:35:33.922  1207  1207 D wpa_supplicant: wpa_driver_wext_driver_cmd UB_Secure rssi -71  len = 19, 19
06-24 12:35:33.925  1207  1207 D wpa_supplicant: wpa_driver_wext_driver_cmd LINKSPEED len = 248
06-24 12:35:33.925  1207  1207 D wpa_supplicant: wpa_driver_wext_driver_cmd LinkSpeed 72 len = 12, 12
06-24 12:35:36.933  1207  1207 D wpa_supplicant: wpa_driver_wext_driver_cmd RSSI len = 248
06-24 12:35:36.941  1207  1207 D wpa_supplicant: wpa_driver_wext_driver_cmd UB_Secure rssi -73  len = 19, 19
06-24 12:35:36.941  1207  1207 D wpa_supplicant: wpa_driver_wext_driver_cmd LINKSPEED len = 248
06-24 12:35:36.945  1207  1207 D wpa_supplicant: wpa_driver_wext_driver_cmd LinkSpeed 72 len = 12, 12
06-24 12:35:39.957  1207  1207 D wpa_supplicant: wpa_driver_wext_driver_cmd RSSI len = 248
06-24 12:35:39.965  1207  1207 D wpa_supplicant: wpa_driver_wext_driver_cmd UB_Secure rssi -74  len = 19, 19
06-24 12:35:39.965  1207  1207 D wpa_supplicant: wpa_driver_wext_driver_cmd LINKSPEED len = 248
06-24 12:35:39.965  1207  1207 D wpa_supplicant: wpa_driver_wext_driver_cmd LinkSpeed 72 len = 12, 12
06-24 12:35:42.968  1207  1207 D wpa_supplicant: wpa_driver_wext_driver_cmd RSSI len = 248
06-24 12:35:42.976  1207  1207 D wpa_supplicant: wpa_driver_wext_driver_cmd UB_Secure rssi -72  len = 19, 19
06-24 12:35:42.980  1207  1207 D wpa_supplicant: wpa_driver_wext_driver_cmd LINKSPEED len = 248
06-24 12:35:42.984  1207  1207 D wpa_supplicant: wpa_driver_wext_driver_cmd LinkSpeed 72 len = 12, 12
06-24 12:35:45.992  1207  1207 D wpa_supplicant: wpa_driver_wext_driver_cmd RSSI len = 248
06-24 12:35:46.000  1207  1207 D wpa_supplicant: wpa_driver_wext_driver_cmd UB_Secure rssi -74  len = 19, 19
06-24 12:35:46.000  1207  1207 D wpa_supplicant: wpa_driver_wext_driver_cmd LINKSPEED len = 248
06-24 12:35:46.004  1207  1207 D wpa_supplicant: wpa_driver_wext_driver_cmd LinkSpeed 72 len = 12, 12
06-24 12:35:47.851  1207  1207 D wpa_supplicant: wpa_driver_wext_driver_cmd SETSUSPENDOPT 0 len = 4096
06-24 12:35:47.851  1207  1207 D wpa_supplicant: wpa_driver_wext_driver_cmd SETSUSPENDOPT 0 len = 0, 15
06-24 12:35:47.855  1207  1207 D wpa_supplicant: wpa_driver_wext_driver_cmd POWERMODE 0 len = 4096
06-24 12:35:47.863  1207  1207 D wpa_supplicant: wpa_driver_wext_driver_cmd OK len = 0, 2
06-24 12:35:47.863  1207  1207 D wpa_supplicant: WPS: Building WPS IE for Probe Request
06-24 12:35:47.863  1207  1207 D wpa_supplicant: WPS:  * Version (hardcoded 0x10)
06-24 12:35:47.863  1207  1207 D wpa_supplicant: WPS:  * Request Type
06-24 12:35:47.863  1207  1207 D wpa_supplicant: WPS:  * Config Methods (2388)
06-24 12:35:47.863  1207  1207 D wpa_supplicant: WPS:  * UUID-E
06-24 12:35:47.863  1207  1207 D wpa_supplicant: WPS:  * Primary Device Type
06-24 12:35:47.863  1207  1207 D wpa_supplicant: WPS:  * RF Bands (3)
06-24 12:35:47.863  1207  1207 D wpa_supplicant: WPS:  * Association State
06-24 12:35:47.863  1207  1207 D wpa_supplicant: WPS:  * Configuration Error (0)
06-24 12:35:47.863  1207  1207 D wpa_supplicant: WPS:  * Device Password ID (0)
06-24 12:35:47.863  1207  1207 D wpa_supplicant: WPS:  * Manufacturer
06-24 12:35:47.863  1207  1207 D wpa_supplicant: WPS:  * Model Name
06-24 12:35:47.863  1207  1207 D wpa_supplicant: WPS:  * Model Number
06-24 12:35:47.863  1207  1207 D wpa_supplicant: WPS:  * Device Name
06-24 12:35:47.863  1207  1207 D wpa_supplicant: WPS:  * Version2 (0x20)
06-24 12:35:47.863  1207  1207 D wpa_supplicant: wpa_driver_wext_combo_scan: Start
06-24 12:35:47.863  1207  1207 D wpa_supplicant: For Scan: (null)
06-24 12:35:47.867  1207  1207 D wpa_supplicant: Scan requested (ret=0) - scan timeout 30 seconds
06-24 12:35:49.007  1207  1207 D wpa_supplicant: wpa_driver_wext_driver_cmd RSSI len = 248
06-24 12:35:49.011  1207  1207 D wpa_supplicant: wpa_driver_wext_driver_cmd UB_Secure rssi -71  len = 19, 19
06-24 12:35:49.011  1207  1207 D wpa_supplicant: wpa_driver_wext_driver_cmd LINKSPEED len = 248
06-24 12:35:49.011  1207  1207 D wpa_supplicant: wpa_driver_wext_driver_cmd LinkSpeed 72 len = 12, 12
06-24 12:35:49.039  1207  1207 D wpa_supplicant: RTM_NEWLINK: operstate=1 ifi_flags=0x11043 ([UP][RUNNING][LOWER_UP])
06-24 12:35:49.039  1207  1207 D wpa_supplicant: RTM_NEWLINK, IFLA_IFNAME: Interface 'wlan0' added
06-24 12:35:49.039  1207  1207 D wpa_supplicant: Wireless event: cmd=0x8b19 len=8
06-24 12:35:49.047  1207  1207 D wpa_supplicant: Received 929 bytes of scan results (5 BSSes)
06-24 12:35:49.187 25291 25294 D dalvikvm: GC_CONCURRENT freed 511K, 7% free 10343K/11015K, paused 2ms+3ms
06-24 12:35:49.234  1207  1207 D wpa_supplicant: wpa_driver_wext_driver_cmd SETSUSPENDOPT 0 len = 4096
06-24 12:35:49.234  1207  1207 D wpa_supplicant: wpa_driver_wext_driver_cmd SETSUSPENDOPT 0 len = 0, 15
06-24 12:35:49.234  1207  1207 D wpa_supplicant: wpa_driver_wext_driver_cmd POWERMODE 0 len = 4096
06-24 12:35:49.242  1207  1207 D wpa_supplicant: wpa_driver_wext_driver_cmd OK len = 0, 2
06-24 12:35:52.019  1207  1207 D wpa_supplicant: wpa_driver_wext_driver_cmd RSSI len = 248
06-24 12:35:52.023  1207  1207 D wpa_supplicant: wpa_driver_wext_driver_cmd UB_Secure rssi -68  len = 19, 19
06-24 12:35:52.023  1207  1207 D wpa_supplicant: wpa_driver_wext_driver_cmd LINKSPEED len = 248
06-24 12:35:52.027  1207  1207 D wpa_supplicant: wpa_driver_wext_driver_cmd LinkSpeed 72 len = 12, 12
06-24 12:35:55.054  1207  1207 D wpa_supplicant: wpa_driver_wext_driver_cmd RSSI len = 248
06-24 12:35:55.062  1207  1207 D wpa_supplicant: wpa_driver_wext_driver_cmd UB_Secure rssi -69  len = 19, 19
06-24 12:35:55.062  1207  1207 D wpa_supplicant: wpa_driver_wext_driver_cmd LINKSPEED len = 248
06-24 12:35:55.066  1207  1207 D wpa_supplicant: wpa_driver_wext_driver_cmd LinkSpeed 72 len = 12, 12
06-24 12:35:58.070  1207  1207 D wpa_supplicant: wpa_driver_wext_driver_cmd RSSI len = 248
06-24 12:35:58.078  1207  1207 D wpa_supplicant: wpa_driver_wext_driver_cmd UB_Secure rssi -70  len = 19, 19
06-24 12:35:58.078  1207  1207 D wpa_supplicant: wpa_driver_wext_driver_cmd LINKSPEED len = 248
06-24 12:35:58.082  1207  1207 D wpa_supplicant: wpa_driver_wext_driver_cmd LinkSpeed 72 len = 12, 12
06-24 12:36:01.090  1207  1207 D wpa_supplicant: wpa_driver_wext_driver_cmd RSSI len = 248
06-24 12:36:01.101  1207  1207 D wpa_supplicant: wpa_driver_wext_driver_cmd UB_Secure rssi -70  len = 19, 19
06-24 12:36:01.101  1207  1207 D wpa_supplicant: wpa_driver_wext_driver_cmd LINKSPEED len = 248
06-24 12:36:01.101  1207  1207 D wpa_supplicant: wpa_driver_wext_driver_cmd LinkSpeed 72 len = 12, 12
06-24 12:36:04.113  1207  1207 D wpa_supplicant: wpa_driver_wext_driver_cmd RSSI len = 248
06-24 12:36:04.129  1207  1207 D wpa_supplicant: wpa_driver_wext_driver_cmd UB_Secure rssi -69  len = 19, 19
06-24 12:36:04.129  1207  1207 D wpa_supplicant: wpa_driver_wext_driver_cmd LINKSPEED len = 248
06-24 12:36:04.136  1207  1207 D wpa_supplicant: wpa_driver_wext_driver_cmd LinkSpeed 72 len = 12, 12
06-24 12:36:07.144  1207  1207 D wpa_supplicant: wpa_driver_wext_driver_cmd RSSI len = 248
06-24 12:36:07.156  1207  1207 D wpa_supplicant: wpa_driver_wext_driver_cmd UB_Secure rssi -73  len = 19, 19
06-24 12:36:07.156  1207  1207 D wpa_supplicant: wpa_driver_wext_driver_cmd LINKSPEED len = 248
06-24 12:36:07.160  1207  1207 D wpa_supplicant: wpa_driver_wext_driver_cmd LinkSpeed 72 len = 12, 12
06-24 12:36:10.191  1207  1207 D wpa_supplicant: wpa_driver_wext_driver_cmd RSSI len = 248
06-24 12:36:10.199  1207  1207 D wpa_supplicant: wpa_driver_wext_driver_cmd UB_Secure rssi -73  len = 19, 19
06-24 12:36:10.203  1207  1207 D wpa_supplicant: wpa_driver_wext_driver_cmd LINKSPEED len = 248
06-24 12:36:10.207  1207  1207 D wpa_supplicant: wpa_driver_wext_driver_cmd LinkSpeed 72 len = 12, 12
06-24 12:36:13.215  1207  1207 D wpa_supplicant: wpa_driver_wext_driver_cmd RSSI len = 248
06-24 12:36:13.218  1207  1207 D wpa_supplicant: wpa_driver_wext_driver_cmd UB_Secure rssi -72  len = 19, 19
06-24 12:36:13.222  1207  1207 D wpa_supplicant: wpa_driver_wext_driver_cmd LINKSPEED len = 248
06-24 12:36:13.226  1207  1207 D wpa_supplicant: wpa_driver_wext_driver_cmd LinkSpeed 72 len = 12, 12
06-24 12:36:16.230  1207  1207 D wpa_supplicant: wpa_driver_wext_driver_cmd RSSI len = 248
06-24 12:36:16.238  1207  1207 D wpa_supplicant: wpa_driver_wext_driver_cmd UB_Secure rssi -72  len = 19, 19
06-24 12:36:16.238  1207  1207 D wpa_supplicant: wpa_driver_wext_driver_cmd LINKSPEED len = 248
06-24 12:36:16.242  1207  1207 D wpa_supplicant: wpa_driver_wext_driver_cmd LinkSpeed 72 len = 12, 12
06-24 12:36:19.250  1207  1207 D wpa_supplicant: wpa_driver_wext_driver_cmd RSSI len = 248
06-24 12:36:19.257  1207  1207 D wpa_supplicant: wpa_driver_wext_driver_cmd UB_Secure rssi -73  len = 19, 19
06-24 12:36:19.257  1207  1207 D wpa_supplicant: wpa_driver_wext_driver_cmd LINKSPEED len = 248
06-24 12:36:19.261  1207  1207 D wpa_supplicant: wpa_driver_wext_driver_cmd LinkSpeed 72 len = 12, 12
06-24 12:36:22.265  1207  1207 D wpa_supplicant: wpa_driver_wext_driver_cmd RSSI len = 248
06-24 12:36:22.273  1207  1207 D wpa_supplicant: wpa_driver_wext_driver_cmd UB_Secure rssi -72  len = 19, 19
06-24 12:36:22.273  1207  1207 D wpa_supplicant: wpa_driver_wext_driver_cmd LINKSPEED len = 248
06-24 12:36:22.281  1207  1207 D wpa_supplicant: wpa_driver_wext_driver_cmd LinkSpeed 72 len = 12, 12
06-24 12:36:25.289  1207  1207 D wpa_supplicant: wpa_driver_wext_driver_cmd RSSI len = 248
06-24 12:36:25.297  1207  1207 D wpa_supplicant: wpa_driver_wext_driver_cmd UB_Secure rssi -73  len = 19, 19
06-24 12:36:25.300  1207  1207 D wpa_supplicant: wpa_driver_wext_driver_cmd LINKSPEED len = 248
06-24 12:36:25.300  1207  1207 D wpa_supplicant: wpa_driver_wext_driver_cmd LinkSpeed 72 len = 12, 12
06-24 12:36:28.308  1207  1207 D wpa_supplicant: wpa_driver_wext_driver_cmd RSSI len = 248
06-24 12:36:28.316  1207  1207 D wpa_supplicant: wpa_driver_wext_driver_cmd UB_Secure rssi -75  len = 19, 19
06-24 12:36:28.316  1207  1207 D wpa_supplicant: wpa_driver_wext_driver_cmd LINKSPEED len = 248
06-24 12:36:28.320  1207  1207 D wpa_supplicant: wpa_driver_wext_driver_cmd LinkSpeed 72 len = 12, 12
06-24 12:36:31.328  1207  1207 D wpa_supplicant: wpa_driver_wext_driver_cmd RSSI len = 248
06-24 12:36:31.336  1207  1207 D wpa_supplicant: wpa_driver_wext_driver_cmd UB_Secure rssi -74  len = 19, 19
06-24 12:36:31.336  1207  1207 D wpa_supplicant: wpa_driver_wext_driver_cmd LINKSPEED len = 248
06-24 12:36:31.340  1207  1207 D wpa_supplicant: wpa_driver_wext_driver_cmd LinkSpeed 72 len = 12, 12
06-24 12:36:34.347  1207  1207 D wpa_supplicant: wpa_driver_wext_driver_cmd RSSI len = 248
06-24 12:36:34.359  1207  1207 D wpa_supplicant: wpa_driver_wext_driver_cmd UB_Secure rssi -75  len = 19, 19
06-24 12:36:34.359  1207  1207 D wpa_supplicant: wpa_driver_wext_driver_cmd LINKSPEED len = 248
06-24 12:36:34.363  1207  1207 D wpa_supplicant: wpa_driver_wext_driver_cmd LinkSpeed 72 len = 12, 12
06-24 12:36:37.269   803  1147 I PhoneLab-: Service Running
06-24 12:36:37.351   803  1147 I PhoneLab-LoggerService: app_37    1165  803   1440   1072  c00f181c 400107b4 S logcat
06-24 12:36:37.351   803  1147 I PhoneLab-LoggerService: Logcat pid from database 1165
06-24 12:36:37.351   803  1147 I PhoneLab-LoggerService: Logcat process found 1165
06-24 12:36:37.351   803  1147 I PhoneLab-LoggerService: Checking Threshold
06-24 12:36:37.367  1207  1207 D wpa_supplicant: wpa_driver_wext_driver_cmd RSSI len = 248
06-24 12:36:37.375  1207  1207 D wpa_supplicant: wpa_driver_wext_driver_cmd UB_Secure rssi -75  len = 19, 19
06-24 12:36:37.375  1207  1207 D wpa_supplicant: wpa_driver_wext_driver_cmd LINKSPEED len = 248
06-24 12:36:37.375  1207  1207 D wpa_supplicant: wpa_driver_wext_driver_cmd LinkSpeed 72 len = 12, 12
06-24 12:36:40.379  1207  1207 D wpa_supplicant: wpa_driver_wext_driver_cmd RSSI len = 248
06-24 12:36:40.386  1207  1207 D wpa_supplicant: wpa_driver_wext_driver_cmd UB_Secure rssi -75  len = 19, 19
06-24 12:36:40.386  1207  1207 D wpa_supplicant: wpa_driver_wext_driver_cmd LINKSPEED len = 248
06-24 12:36:40.390  1207  1207 D wpa_supplicant: wpa_driver_wext_driver_cmd LinkSpeed 72 len = 12, 12
06-24 12:36:43.398  1207  1207 D wpa_supplicant: wpa_driver_wext_driver_cmd RSSI len = 248
06-24 12:36:43.402  1207  1207 D wpa_supplicant: wpa_driver_wext_driver_cmd UB_Secure rssi -75  len = 19, 19
06-24 12:36:43.402  1207  1207 D wpa_supplicant: wpa_driver_wext_driver_cmd LINKSPEED len = 248
06-24 12:36:43.406  1207  1207 D wpa_supplicant: wpa_driver_wext_driver_cmd LinkSpeed 72 len = 12, 12
06-24 12:36:46.414  1207  1207 D wpa_supplicant: wpa_driver_wext_driver_cmd RSSI len = 248
06-24 12:36:46.422  1207  1207 D wpa_supplicant: wpa_driver_wext_driver_cmd UB_Secure rssi -75  len = 19, 19
06-24 12:36:46.422  1207  1207 D wpa_supplicant: wpa_driver_wext_driver_cmd LINKSPEED len = 248
06-24 12:36:46.425  1207  1207 D wpa_supplicant: wpa_driver_wext_driver_cmd LinkSpeed 72 len = 12, 12
06-24 12:36:47.902  1207  1207 D wpa_supplicant: wpa_driver_wext_driver_cmd SETSUSPENDOPT 0 len = 4096
06-24 12:36:47.902  1207  1207 D wpa_supplicant: wpa_driver_wext_driver_cmd SETSUSPENDOPT 0 len = 0, 15
06-24 12:36:47.906  1207  1207 D wpa_supplicant: wpa_driver_wext_driver_cmd POWERMODE 0 len = 4096
06-24 12:36:47.914  1207  1207 D wpa_supplicant: wpa_driver_wext_driver_cmd OK len = 0, 2
06-24 12:36:47.914  1207  1207 D wpa_supplicant: WPS: Building WPS IE for Probe Request
06-24 12:36:47.914  1207  1207 D wpa_supplicant: WPS:  * Version (hardcoded 0x10)
06-24 12:36:47.914  1207  1207 D wpa_supplicant: WPS:  * Request Type
06-24 12:36:47.914  1207  1207 D wpa_supplicant: WPS:  * Config Methods (2388)
06-24 12:36:47.914  1207  1207 D wpa_supplicant: WPS:  * UUID-E
06-24 12:36:47.914  1207  1207 D wpa_supplicant: WPS:  * Primary Device Type
06-24 12:36:47.914  1207  1207 D wpa_supplicant: WPS:  * RF Bands (3)
06-24 12:36:47.914  1207  1207 D wpa_supplicant: WPS:  * Association State
06-24 12:36:47.914  1207  1207 D wpa_supplicant: WPS:  * Configuration Error (0)
06-24 12:36:47.914  1207  1207 D wpa_supplicant: WPS:  * Device Password ID (0)
06-24 12:36:47.914  1207  1207 D wpa_supplicant: WPS:  * Manufacturer
06-24 12:36:47.914  1207  1207 D wpa_supplicant: WPS:  * Model Name
06-24 12:36:47.914  1207  1207 D wpa_supplicant: WPS:  * Model Number
06-24 12:36:47.914  1207  1207 D wpa_supplicant: WPS:  * Device Name
06-24 12:36:47.914  1207  1207 D wpa_supplicant: WPS:  * Version2 (0x20)
06-24 12:36:47.914  1207  1207 D wpa_supplicant: wpa_driver_wext_combo_scan: Start
06-24 12:36:47.914  1207  1207 D wpa_supplicant: For Scan: (null)
06-24 12:36:47.914  1207  1207 D wpa_supplicant: Scan requested (ret=0) - scan timeout 30 seconds
06-24 12:36:49.086  1207  1207 D wpa_supplicant: RTM_NEWLINK: operstate=1 ifi_flags=0x11043 ([UP][RUNNING][LOWER_UP])
06-24 12:36:49.086  1207  1207 D wpa_supplicant: RTM_NEWLINK, IFLA_IFNAME: Interface 'wlan0' added
06-24 12:36:49.086  1207  1207 D wpa_supplicant: Wireless event: cmd=0x8b19 len=8
06-24 12:36:49.086  1207  1207 D wpa_supplicant: Received 1123 bytes of scan results (6 BSSes)
06-24 12:36:49.257  1207  1207 D wpa_supplicant: wpa_driver_wext_driver_cmd SETSUSPENDOPT 0 len = 4096
06-24 12:36:49.261  1207  1207 D wpa_supplicant: wpa_driver_wext_driver_cmd SETSUSPENDOPT 0 len = 0, 15
06-24 12:36:49.261  1207  1207 D wpa_supplicant: wpa_driver_wext_driver_cmd POWERMODE 0 len = 4096
06-24 12:36:49.269  1207  1207 D wpa_supplicant: wpa_driver_wext_driver_cmd OK len = 0, 2
06-24 12:36:49.332 11789 11792 D dalvikvm: GC_CONCURRENT freed 811K, 9% free 10532K/11463K, paused 2ms+3ms
06-24 12:36:49.425  1207  1207 D wpa_supplicant: wpa_driver_wext_driver_cmd RSSI len = 248
06-24 12:36:49.437  1207  1207 D wpa_supplicant: wpa_driver_wext_driver_cmd UB_Secure rssi -73  len = 19, 19
06-24 12:36:49.437  1207  1207 D wpa_supplicant: wpa_driver_wext_driver_cmd LINKSPEED len = 248
06-24 12:36:49.441  1207  1207 D wpa_supplicant: wpa_driver_wext_driver_cmd LinkSpeed 72 len = 12, 12
06-24 12:36:52.449  1207  1207 D wpa_supplicant: wpa_driver_wext_driver_cmd RSSI len = 248
06-24 12:36:52.457  1207  1207 D wpa_supplicant: wpa_driver_wext_driver_cmd UB_Secure rssi -72  len = 19, 19
06-24 12:36:52.457  1207  1207 D wpa_supplicant: wpa_driver_wext_driver_cmd LINKSPEED len = 248
06-24 12:36:52.461  1207  1207 D wpa_supplicant: wpa_driver_wext_driver_cmd LinkSpeed 72 len = 12, 12
06-24 12:36:53.379   142   198 D ConnectivityService: ConnectivityChange for WIMAX: DISCONNECTED/SCANNING
06-24 12:36:53.390   142   198 D ConnectivityService: Attempting to switch to mobile
06-24 12:36:53.390   142   198 D ConnectivityService: Attempting to switch to WIFI
06-24 12:36:53.390   142   198 D ConnectivityService: Attempting to switch to BLUETOOTH_TETHER
06-24 12:36:53.652   142   144 D dalvikvm: GC_CONCURRENT freed 1296K, 25% free 14757K/19591K, paused 3ms+7ms
06-24 12:36:54.601 24763 24766 D dalvikvm: GC_CONCURRENT freed 450K, 8% free 10706K/11527K, paused 39ms+2ms
06-24 12:36:55.468  1207  1207 D wpa_supplicant: wpa_driver_wext_driver_cmd RSSI len = 248
06-24 12:36:55.480  1207  1207 D wpa_supplicant: wpa_driver_wext_driver_cmd UB_Secure rssi -70  len = 19, 19
06-24 12:36:55.480  1207  1207 D wpa_supplicant: wpa_driver_wext_driver_cmd LINKSPEED len = 248
06-24 12:36:55.484  1207  1207 D wpa_supplicant: wpa_driver_wext_driver_cmd LinkSpeed 72 len = 12, 12
06-24 12:36:56.449   142   202 D Tethering: MasterInitialState.processMessage what=3
06-24 12:36:56.515   142   202 D Tethering: MasterInitialState.processMessage what=3
06-24 12:36:56.648 24273 24273 I MediaUploader: No need to wake up
06-24 12:36:56.722 12677 14828 D PicasaSyncManager: active network: NetworkInfo: type: WIFI[], state: CONNECTED/CONNECTED, reason: (unspecified), extra: (none), roaming: false, failover: false, isAvailable: true
06-24 12:36:56.777 24273 24273 I MediaUploader: No need to wake up
06-24 12:36:56.808 12677 14828 D PicasaSyncManager: background data: true
06-24 12:36:56.816 12677 14828 D PicasaSyncManager: active network: NetworkInfo: type: WIFI[], state: CONNECTED/CONNECTED, reason: (unspecified), extra: (none), roaming: false, failover: false, isAvailable: true
06-24 12:36:56.820 12677 14828 D PicasaSyncManager: background data: true
06-24 12:36:57.070   142   198 D ConnectivityService: handleInetConditionHoldEnd: net=1, condition=100, published condition=100
06-24 12:36:58.515  1207  1207 D wpa_supplicant: wpa_driver_wext_driver_cmd RSSI len = 248
06-24 12:36:58.523  1207  1207 D wpa_supplicant: wpa_driver_wext_driver_cmd UB_Secure rssi -72  len = 19, 19
06-24 12:36:58.523  1207  1207 D wpa_supplicant: wpa_driver_wext_driver_cmd LINKSPEED len = 248
06-24 12:36:58.523  1207  1207 D wpa_supplicant: wpa_driver_wext_driver_cmd LinkSpeed 72 len = 12, 12
06-24 12:36:59.996  1207  1207 D wpa_supplicant: Ignore event for foreign ifindex 2
06-24 12:37:00.453   142   198 D ConnectivityService: ConnectivityChange for mobile: CONNECTED/CONNECTED
06-24 12:37:00.492   142   198 D NetUtils: android_net_utils_resetConnections in env=0x5bb278 clazz=0x63800001 iface=rmnet0 mask=0x3
06-24 12:37:00.492   142   198 D ConnectivityService: ConnectivityChange for mobile: DISCONNECTED/DISCONNECTED
06-24 12:37:00.492   142   198 D ConnectivityService: Attempting to switch to WIFI
06-24 12:37:00.492   142   198 D ConnectivityService: Attempting to switch to WIMAX
06-24 12:37:00.492   142   198 D ConnectivityService: Attempting to switch to BLUETOOTH_TETHER
06-24 12:37:00.492   142   198 D ConnectivityService: resetConnections(rmnet0, 3)
06-24 12:37:00.961  8230  8232 D dalvikvm: GC_CONCURRENT freed 1137K, 18% free 12002K/14471K, paused 23ms+3ms
06-24 12:37:00.965  1207  1207 D wpa_supplicant: Ignore event for foreign ifindex 2
06-24 12:37:01.527  1207  1207 D wpa_supplicant: wpa_driver_wext_driver_cmd RSSI len = 248
06-24 12:37:01.535  1207  1207 D wpa_supplicant: wpa_driver_wext_driver_cmd UB_Secure rssi -70  len = 19, 19
06-24 12:37:01.535  1207  1207 D wpa_supplicant: wpa_driver_wext_driver_cmd LINKSPEED len = 248
06-24 12:37:01.535  1207  1207 D wpa_supplicant: wpa_driver_wext_driver_cmd LinkSpeed 72 len = 12, 12
06-24 12:37:03.539   142   202 D Tethering: MasterInitialState.processMessage what=3
06-24 12:37:03.566   142   202 D Tethering: MasterInitialState.processMessage what=3
06-24 12:37:03.605 24273 24273 I MediaUploader: No need to wake up
06-24 12:37:03.675 24273 24273 I MediaUploader: No need to wake up
06-24 12:37:03.734 12677 14828 D PicasaSyncManager: active network: NetworkInfo: type: WIFI[], state: CONNECTED/CONNECTED, reason: (unspecified), extra: (none), roaming: false, failover: false, isAvailable: true
06-24 12:37:03.734 12677 14828 D PicasaSyncManager: background data: true
06-24 12:37:03.734 12677 14828 D PicasaSyncManager: active network: NetworkInfo: type: WIFI[], state: CONNECTED/CONNECTED, reason: (unspecified), extra: (none), roaming: false, failover: false, isAvailable: true
06-24 12:37:03.734 12677 14828 D PicasaSyncManager: background data: true
06-24 12:37:04.070   142   198 D ConnectivityService: handleInetConditionHoldEnd: net=1, condition=100, published condition=100
06-24 12:37:04.539  1207  1207 D wpa_supplicant: wpa_driver_wext_driver_cmd RSSI len = 248
06-24 12:37:04.550  1207  1207 D wpa_supplicant: wpa_driver_wext_driver_cmd UB_Secure rssi -72  len = 19, 19
06-24 12:37:04.550  1207  1207 D wpa_supplicant: wpa_driver_wext_driver_cmd LINKSPEED len = 248
06-24 12:37:04.554  1207  1207 D wpa_supplicant: wpa_driver_wext_driver_cmd LinkSpeed 72 len = 12, 12
06-24 12:37:07.582  1207  1207 D wpa_supplicant: wpa_driver_wext_driver_cmd RSSI len = 248
06-24 12:37:07.590  1207  1207 D wpa_supplicant: wpa_driver_wext_driver_cmd UB_Secure rssi -71  len = 19, 19
06-24 12:37:07.590  1207  1207 D wpa_supplicant: wpa_driver_wext_driver_cmd LINKSPEED len = 248
06-24 12:37:07.593  1207  1207 D wpa_supplicant: wpa_driver_wext_driver_cmd LinkSpeed 72 len = 12, 12
06-24 12:37:10.601  1207  1207 D wpa_supplicant: wpa_driver_wext_driver_cmd RSSI len = 248
06-24 12:37:10.609  1207  1207 D wpa_supplicant: wpa_driver_wext_driver_cmd UB_Secure rssi -72  len = 19, 19
06-24 12:37:10.609  1207  1207 D wpa_supplicant: wpa_driver_wext_driver_cmd LINKSPEED len = 248
06-24 12:37:10.613  1207  1207 D wpa_supplicant: wpa_driver_wext_driver_cmd LinkSpeed 72 len = 12, 12
06-24 12:37:11.465  1207  1207 D wpa_supplicant: wpa_driver_wext_driver_cmd BTCOEXMODE 1 len = 4096
06-24 12:37:11.703  1207  1207 D wpa_supplicant: wpa_driver_wext_driver_cmd OK len = 0, 2
06-24 12:37:11.703  1207  1207 D wpa_supplicant: wpa_driver_wext_driver_cmd GETPOWER len = 4096
06-24 12:37:11.707  1207  1207 D wpa_supplicant: wpa_driver_wext_driver_cmd powermode = 0 len = 13, 13
06-24 12:37:11.711  1207  1207 D wpa_supplicant: wpa_driver_wext_driver_cmd POWERMODE 1 len = 4096
06-24 12:37:11.715  1207  1207 D wpa_supplicant: wpa_driver_wext_driver_cmd OK len = 0, 2
06-24 12:37:11.929  1207  1207 D wpa_supplicant: wpa_driver_wext_driver_cmd POWERMODE 0 len = 4096
06-24 12:37:11.929  1207  1207 D wpa_supplicant: wpa_driver_wext_driver_cmd OK len = 0, 2
06-24 12:37:11.929  1207  1207 D wpa_supplicant: wpa_driver_wext_driver_cmd BTCOEXMODE 2 len = 4096
06-24 12:37:11.929  1207  1207 D wpa_supplicant: wpa_driver_wext_driver_cmd OK len = 0, 2
06-24 12:37:13.617  1207  1207 D wpa_supplicant: wpa_driver_wext_driver_cmd RSSI len = 248
06-24 12:37:13.625  1207  1207 D wpa_supplicant: wpa_driver_wext_driver_cmd UB_Secure rssi -73  len = 19, 19
06-24 12:37:13.625  1207  1207 D wpa_supplicant: wpa_driver_wext_driver_cmd LINKSPEED len = 248
06-24 12:37:13.629  1207  1207 D wpa_supplicant: wpa_driver_wext_driver_cmd LinkSpeed 72 len = 12, 12
06-24 12:37:16.660  1207  1207 D wpa_supplicant: wpa_driver_wext_driver_cmd RSSI len = 248
06-24 12:37:16.672  1207  1207 D wpa_supplicant: wpa_driver_wext_driver_cmd UB_Secure rssi -72  len = 19, 19
06-24 12:37:16.672  1207  1207 D wpa_supplicant: wpa_driver_wext_driver_cmd LINKSPEED len = 248
06-24 12:37:16.675  1207  1207 D wpa_supplicant: wpa_driver_wext_driver_cmd LinkSpeed 72 len = 12, 12
06-24 12:37:19.683  1207  1207 D wpa_supplicant: wpa_driver_wext_driver_cmd RSSI len = 248
06-24 12:37:19.691  1207  1207 D wpa_supplicant: wpa_driver_wext_driver_cmd UB_Secure rssi -72  len = 19, 19
06-24 12:37:19.691  1207  1207 D wpa_supplicant: wpa_driver_wext_driver_cmd LINKSPEED len = 248
06-24 12:37:19.695  1207  1207 D wpa_supplicant: wpa_driver_wext_driver_cmd LinkSpeed 72 len = 12, 12
06-24 12:37:22.707  1207  1207 D wpa_supplicant: wpa_driver_wext_driver_cmd RSSI len = 248
06-24 12:37:22.715  1207  1207 D wpa_supplicant: wpa_driver_wext_driver_cmd UB_Secure rssi -73  len = 19, 19
06-24 12:37:22.715  1207  1207 D wpa_supplicant: wpa_driver_wext_driver_cmd LINKSPEED len = 248
06-24 12:37:22.718  1207  1207 D wpa_supplicant: wpa_driver_wext_driver_cmd LinkSpeed 72 len = 12, 12
06-24 12:37:25.726  1207  1207 D wpa_supplicant: wpa_driver_wext_driver_cmd RSSI len = 248
06-24 12:37:25.734  1207  1207 D wpa_supplicant: wpa_driver_wext_driver_cmd UB_Secure rssi -73  len = 19, 19
06-24 12:37:25.734  1207  1207 D wpa_supplicant: wpa_driver_wext_driver_cmd LINKSPEED len = 248
06-24 12:37:25.738  1207  1207 D wpa_supplicant: wpa_driver_wext_driver_cmd LinkSpeed 72 len = 12, 12
06-24 12:37:28.750  1207  1207 D wpa_supplicant: wpa_driver_wext_driver_cmd RSSI len = 248
06-24 12:37:28.761  1207  1207 D wpa_supplicant: wpa_driver_wext_driver_cmd UB_Secure rssi -74  len = 19, 19
06-24 12:37:28.761  1207  1207 D wpa_supplicant: wpa_driver_wext_driver_cmd LINKSPEED len = 248
06-24 12:37:28.761  1207  1207 D wpa_supplicant: wpa_driver_wext_driver_cmd LinkSpeed 72 len = 12, 12
06-24 12:37:31.769  1207  1207 D wpa_supplicant: wpa_driver_wext_driver_cmd RSSI len = 248
06-24 12:37:31.773  1207  1207 D wpa_supplicant: wpa_driver_wext_driver_cmd UB_Secure rssi -73  len = 19, 19
06-24 12:37:31.773  1207  1207 D wpa_supplicant: wpa_driver_wext_driver_cmd LINKSPEED len = 248
06-24 12:37:31.781  1207  1207 D wpa_supplicant: wpa_driver_wext_driver_cmd LinkSpeed 72 len = 12, 12
06-24 12:37:34.785  1207  1207 D wpa_supplicant: wpa_driver_wext_driver_cmd RSSI len = 248
06-24 12:37:34.793  1207  1207 D wpa_supplicant: wpa_driver_wext_driver_cmd UB_Secure rssi -74  len = 19, 19
06-24 12:37:34.793  1207  1207 D wpa_supplicant: wpa_driver_wext_driver_cmd LINKSPEED len = 248
06-24 12:37:34.797  1207  1207 D wpa_supplicant: wpa_driver_wext_driver_cmd LinkSpeed 72 len = 12, 12
06-24 12:37:37.804  1207  1207 D wpa_supplicant: wpa_driver_wext_driver_cmd RSSI len = 248
06-24 12:37:37.812  1207  1207 D wpa_supplicant: wpa_driver_wext_driver_cmd UB_Secure rssi -74  len = 19, 19
06-24 12:37:37.812  1207  1207 D wpa_supplicant: wpa_driver_wext_driver_cmd LINKSPEED len = 248
06-24 12:37:37.816  1207  1207 D wpa_supplicant: wpa_driver_wext_driver_cmd LinkSpeed 72 len = 12, 12
06-24 12:37:40.824  1207  1207 D wpa_supplicant: wpa_driver_wext_driver_cmd RSSI len = 248
06-24 12:37:40.832  1207  1207 D wpa_supplicant: wpa_driver_wext_driver_cmd UB_Secure rssi -74  len = 19, 19
06-24 12:37:40.832  1207  1207 D wpa_supplicant: wpa_driver_wext_driver_cmd LINKSPEED len = 248
06-24 12:37:40.836  1207  1207 D wpa_supplicant: wpa_driver_wext_driver_cmd LinkSpeed 72 len = 12, 12
06-24 12:37:43.843  1207  1207 D wpa_supplicant: wpa_driver_wext_driver_cmd RSSI len = 248
06-24 12:37:43.851  1207  1207 D wpa_supplicant: wpa_driver_wext_driver_cmd UB_Secure rssi -74  len = 19, 19
06-24 12:37:43.851  1207  1207 D wpa_supplicant: wpa_driver_wext_driver_cmd LINKSPEED len = 248
06-24 12:37:43.855  1207  1207 D wpa_supplicant: wpa_driver_wext_driver_cmd LinkSpeed 72 len = 12, 12
06-24 12:37:46.859  1207  1207 D wpa_supplicant: wpa_driver_wext_driver_cmd RSSI len = 248
06-24 12:37:46.867  1207  1207 D wpa_supplicant: wpa_driver_wext_driver_cmd UB_Secure rssi -73  len = 19, 19
06-24 12:37:46.867  1207  1207 D wpa_supplicant: wpa_driver_wext_driver_cmd LINKSPEED len = 248
06-24 12:37:46.871  1207  1207 D wpa_supplicant: wpa_driver_wext_driver_cmd LinkSpeed 72 len = 12, 12
06-24 12:37:47.984  1207  1207 D wpa_supplicant: wpa_driver_wext_driver_cmd SETSUSPENDOPT 0 len = 4096
06-24 12:37:47.984  1207  1207 D wpa_supplicant: wpa_driver_wext_driver_cmd SETSUSPENDOPT 0 len = 0, 15
06-24 12:37:47.992  1207  1207 D wpa_supplicant: wpa_driver_wext_driver_cmd POWERMODE 0 len = 4096
06-24 12:37:48.004  1207  1207 D wpa_supplicant: wpa_driver_wext_driver_cmd OK len = 0, 2
06-24 12:37:48.007  1207  1207 D wpa_supplicant: WPS: Building WPS IE for Probe Request
06-24 12:37:48.007  1207  1207 D wpa_supplicant: WPS:  * Version (hardcoded 0x10)
06-24 12:37:48.007  1207  1207 D wpa_supplicant: WPS:  * Request Type
06-24 12:37:48.007  1207  1207 D wpa_supplicant: WPS:  * Config Methods (2388)
06-24 12:37:48.007  1207  1207 D wpa_supplicant: WPS:  * UUID-E
06-24 12:37:48.007  1207  1207 D wpa_supplicant: WPS:  * Primary Device Type
06-24 12:37:48.007  1207  1207 D wpa_supplicant: WPS:  * RF Bands (3)
06-24 12:37:48.007  1207  1207 D wpa_supplicant: WPS:  * Association State
06-24 12:37:48.007  1207  1207 D wpa_supplicant: WPS:  * Configuration Error (0)
06-24 12:37:48.007  1207  1207 D wpa_supplicant: WPS:  * Device Password ID (0)
06-24 12:37:48.007  1207  1207 D wpa_supplicant: WPS:  * Manufacturer
06-24 12:37:48.007  1207  1207 D wpa_supplicant: WPS:  * Model Name
06-24 12:37:48.007  1207  1207 D wpa_supplicant: WPS:  * Model Number
06-24 12:37:48.007  1207  1207 D wpa_supplicant: WPS:  * Device Name
06-24 12:37:48.007  1207  1207 D wpa_supplicant: WPS:  * Version2 (0x20)
06-24 12:37:48.007  1207  1207 D wpa_supplicant: wpa_driver_wext_combo_scan: Start
06-24 12:37:48.007  1207  1207 D wpa_supplicant: For Scan: (null)
06-24 12:37:48.015  1207  1207 D wpa_supplicant: Scan requested (ret=0) - scan timeout 30 seconds
06-24 12:37:49.183  1207  1207 D wpa_supplicant: RTM_NEWLINK: operstate=1 ifi_flags=0x11043 ([UP][RUNNING][LOWER_UP])
06-24 12:37:49.183  1207  1207 D wpa_supplicant: RTM_NEWLINK, IFLA_IFNAME: Interface 'wlan0' added
06-24 12:37:49.183  1207  1207 D wpa_supplicant: Wireless event: cmd=0x8b19 len=8
06-24 12:37:49.191  1207  1207 D wpa_supplicant: Received 1390 bytes of scan results (7 BSSes)
06-24 12:37:49.343   280   282 D dalvikvm: GC_CONCURRENT freed 482K, 7% free 10808K/11591K, paused 2ms+12ms
06-24 12:37:49.363 25291 25294 D dalvikvm: GC_CONCURRENT freed 509K, 7% free 10346K/11015K, paused 2ms+9ms
06-24 12:37:49.398  1207  1207 D wpa_supplicant: wpa_driver_wext_driver_cmd SETSUSPENDOPT 0 len = 4096
06-24 12:37:49.398  1207  1207 D wpa_supplicant: wpa_driver_wext_driver_cmd SETSUSPENDOPT 0 len = 0, 15
06-24 12:37:49.398  1207  1207 D wpa_supplicant: wpa_driver_wext_driver_cmd POWERMODE 0 len = 4096
06-24 12:37:49.406  1207  1207 D wpa_supplicant: wpa_driver_wext_driver_cmd OK len = 0, 2
06-24 12:37:49.875  1207  1207 D wpa_supplicant: wpa_driver_wext_driver_cmd RSSI len = 248
06-24 12:37:49.882  1207  1207 D wpa_supplicant: wpa_driver_wext_driver_cmd UB_Secure rssi -70  len = 19, 19
06-24 12:37:49.882  1207  1207 D wpa_supplicant: wpa_driver_wext_driver_cmd LINKSPEED len = 248
06-24 12:37:49.886  1207  1207 D wpa_supplicant: wpa_driver_wext_driver_cmd LinkSpeed 72 len = 12, 12
06-24 12:37:52.918  1207  1207 D wpa_supplicant: wpa_driver_wext_driver_cmd RSSI len = 248
06-24 12:37:52.933  1207  1207 D wpa_supplicant: wpa_driver_wext_driver_cmd UB_Secure rssi -71  len = 19, 19
06-24 12:37:52.933  1207  1207 D wpa_supplicant: wpa_driver_wext_driver_cmd LINKSPEED len = 248
06-24 12:37:52.933  1207  1207 D wpa_supplicant: wpa_driver_wext_driver_cmd LinkSpeed 72 len = 12, 12
06-24 12:37:55.949  1207  1207 D wpa_supplicant: wpa_driver_wext_driver_cmd RSSI len = 248
06-24 12:37:55.957  1207  1207 D wpa_supplicant: wpa_driver_wext_driver_cmd UB_Secure rssi -76  len = 19, 19
06-24 12:37:55.957  1207  1207 D wpa_supplicant: wpa_driver_wext_driver_cmd LINKSPEED len = 248
06-24 12:37:55.961  1207  1207 D wpa_supplicant: wpa_driver_wext_driver_cmd LinkSpeed 72 len = 12, 12
06-24 12:37:56.160   142   144 D dalvikvm: GC_CONCURRENT freed 1329K, 25% free 14738K/19591K, paused 43ms+7ms
06-24 12:37:59.023  1207  1207 D wpa_supplicant: wpa_driver_wext_driver_cmd RSSI len = 248
06-24 12:37:59.039  1207  1207 D wpa_supplicant: wpa_driver_wext_driver_cmd UB_Secure rssi -71  len = 19, 19
06-24 12:37:59.039  1207  1207 D wpa_supplicant: wpa_driver_wext_driver_cmd LINKSPEED len = 248
06-24 12:37:59.043  1207  1207 D wpa_supplicant: wpa_driver_wext_driver_cmd LinkSpeed 72 len = 12, 12
06-24 12:38:02.050  1207  1207 D wpa_supplicant: wpa_driver_wext_driver_cmd RSSI len = 248
06-24 12:38:02.058  1207  1207 D wpa_supplicant: wpa_driver_wext_driver_cmd UB_Secure rssi -71  len = 19, 19
06-24 12:38:02.058  1207  1207 D wpa_supplicant: wpa_driver_wext_driver_cmd LINKSPEED len = 248
06-24 12:38:02.062  1207  1207 D wpa_supplicant: wpa_driver_wext_driver_cmd LinkSpeed 72 len = 12, 12
06-24 12:38:05.066  1207  1207 D wpa_supplicant: wpa_driver_wext_driver_cmd RSSI len = 248
06-24 12:38:05.074  1207  1207 D wpa_supplicant: wpa_driver_wext_driver_cmd UB_Secure rssi -73  len = 19, 19
06-24 12:38:05.074  1207  1207 D wpa_supplicant: wpa_driver_wext_driver_cmd LINKSPEED len = 248
06-24 12:38:05.074  1207  1207 D wpa_supplicant: wpa_driver_wext_driver_cmd LinkSpeed 72 len = 12, 12
06-24 12:38:08.078  1207  1207 D wpa_supplicant: wpa_driver_wext_driver_cmd RSSI len = 248
06-24 12:38:08.086  1207  1207 D wpa_supplicant: wpa_driver_wext_driver_cmd UB_Secure rssi -74  len = 19, 19
06-24 12:38:08.086  1207  1207 D wpa_supplicant: wpa_driver_wext_driver_cmd LINKSPEED len = 248
06-24 12:38:08.090  1207  1207 D wpa_supplicant: wpa_driver_wext_driver_cmd LinkSpeed 72 len = 12, 12
06-24 12:38:11.097  1207  1207 D wpa_supplicant: wpa_driver_wext_driver_cmd RSSI len = 248
06-24 12:38:11.105  1207  1207 D wpa_supplicant: wpa_driver_wext_driver_cmd UB_Secure rssi -72  len = 19, 19
06-24 12:38:11.105  1207  1207 D wpa_supplicant: wpa_driver_wext_driver_cmd LINKSPEED len = 248
06-24 12:38:11.109  1207  1207 D wpa_supplicant: wpa_driver_wext_driver_cmd LinkSpeed 72 len = 12, 12
06-24 12:38:14.117  1207  1207 D wpa_supplicant: wpa_driver_wext_driver_cmd RSSI len = 248
06-24 12:38:14.125  1207  1207 D wpa_supplicant: wpa_driver_wext_driver_cmd UB_Secure rssi -72  len = 19, 19
06-24 12:38:14.125  1207  1207 D wpa_supplicant: wpa_driver_wext_driver_cmd LINKSPEED len = 248
06-24 12:38:14.129  1207  1207 D wpa_supplicant: wpa_driver_wext_driver_cmd LinkSpeed 72 len = 12, 12
06-24 12:38:17.136  1207  1207 D wpa_supplicant: wpa_driver_wext_driver_cmd RSSI len = 248
06-24 12:38:17.144  1207  1207 D wpa_supplicant: wpa_driver_wext_driver_cmd UB_Secure rssi -74  len = 19, 19
06-24 12:38:17.144  1207  1207 D wpa_supplicant: wpa_driver_wext_driver_cmd LINKSPEED len = 248
06-24 12:38:17.152  1207  1207 D wpa_supplicant: wpa_driver_wext_driver_cmd LinkSpeed 72 len = 12, 12
06-24 12:38:20.160  1207  1207 D wpa_supplicant: wpa_driver_wext_driver_cmd RSSI len = 248
06-24 12:38:20.168  1207  1207 D wpa_supplicant: wpa_driver_wext_driver_cmd UB_Secure rssi -74  len = 19, 19
06-24 12:38:20.168  1207  1207 D wpa_supplicant: wpa_driver_wext_driver_cmd LINKSPEED len = 248
06-24 12:38:20.172  1207  1207 D wpa_supplicant: wpa_driver_wext_driver_cmd LinkSpeed 72 len = 12, 12
06-24 12:38:23.175  1207  1207 D wpa_supplicant: wpa_driver_wext_driver_cmd RSSI len = 248
06-24 12:38:23.183  1207  1207 D wpa_supplicant: wpa_driver_wext_driver_cmd UB_Secure rssi -73  len = 19, 19
06-24 12:38:23.183  1207  1207 D wpa_supplicant: wpa_driver_wext_driver_cmd LINKSPEED len = 248
06-24 12:38:23.187  1207  1207 D wpa_supplicant: wpa_driver_wext_driver_cmd LinkSpeed 72 len = 12, 12
06-24 12:38:26.199  1207  1207 D wpa_supplicant: wpa_driver_wext_driver_cmd RSSI len = 248
06-24 12:38:26.207  1207  1207 D wpa_supplicant: wpa_driver_wext_driver_cmd UB_Secure rssi -71  len = 19, 19
06-24 12:38:26.207  1207  1207 D wpa_supplicant: wpa_driver_wext_driver_cmd LINKSPEED len = 248
06-24 12:38:26.207  1207  1207 D wpa_supplicant: wpa_driver_wext_driver_cmd LinkSpeed 72 len = 12, 12
06-24 12:38:29.211  1207  1207 D wpa_supplicant: wpa_driver_wext_driver_cmd RSSI len = 248
06-24 12:38:29.218  1207  1207 D wpa_supplicant: wpa_driver_wext_driver_cmd UB_Secure rssi -72  len = 19, 19
06-24 12:38:29.218  1207  1207 D wpa_supplicant: wpa_driver_wext_driver_cmd LINKSPEED len = 248
06-24 12:38:29.218  1207  1207 D wpa_supplicant: wpa_driver_wext_driver_cmd LinkSpeed 72 len = 12, 12
06-24 12:38:32.230  1207  1207 D wpa_supplicant: wpa_driver_wext_driver_cmd RSSI len = 248
06-24 12:38:32.242  1207  1207 D wpa_supplicant: wpa_driver_wext_driver_cmd UB_Secure rssi -71  len = 19, 19
06-24 12:38:32.242  1207  1207 D wpa_supplicant: wpa_driver_wext_driver_cmd LINKSPEED len = 248
06-24 12:38:32.246  1207  1207 D wpa_supplicant: wpa_driver_wext_driver_cmd LinkSpeed 72 len = 12, 12
06-24 12:38:35.254  1207  1207 D wpa_supplicant: wpa_driver_wext_driver_cmd RSSI len = 248
06-24 12:38:35.261  1207  1207 D wpa_supplicant: wpa_driver_wext_driver_cmd UB_Secure rssi -71  len = 19, 19
06-24 12:38:35.261  1207  1207 D wpa_supplicant: wpa_driver_wext_driver_cmd LINKSPEED len = 248
06-24 12:38:35.269  1207  1207 D wpa_supplicant: wpa_driver_wext_driver_cmd LinkSpeed 72 len = 12, 12
06-24 12:38:37.269   803  1147 I PhoneLab-: Service Running
06-24 12:38:37.371   803  1147 I PhoneLab-LoggerService: app_37    1165  803   1440   1072  c00f181c 400107b4 S logcat
06-24 12:38:37.375   803  1147 I PhoneLab-LoggerService: Logcat pid from database 1165
06-24 12:38:37.375   803  1147 I PhoneLab-LoggerService: Logcat process found 1165
06-24 12:38:37.375   803  1147 I PhoneLab-LoggerService: Checking Threshold
06-24 12:38:38.277  1207  1207 D wpa_supplicant: wpa_driver_wext_driver_cmd RSSI len = 248
06-24 12:38:38.285  1207  1207 D wpa_supplicant: wpa_driver_wext_driver_cmd UB_Secure rssi -73  len = 19, 19
06-24 12:38:38.289  1207  1207 D wpa_supplicant: wpa_driver_wext_driver_cmd LINKSPEED len = 248
