06-25 11:52:56.964 18999 18999 D wpa_supplicant: wpa_driver_wext_driver_cmd POWERMODE 0 len = 4096
06-25 11:52:56.972 18999 18999 D wpa_supplicant: wpa_driver_wext_driver_cmd OK len = 0, 2
06-25 11:52:57.936 18999 18999 D wpa_supplicant: wpa_driver_wext_driver_cmd RSSI len = 248
06-25 11:52:57.952 18999 18999 D wpa_supplicant: wpa_driver_wext_driver_cmd UB_Secure rssi -80  len = 19, 19
06-25 11:52:57.956 18999 18999 D wpa_supplicant: wpa_driver_wext_driver_cmd LINKSPEED len = 248
06-25 11:52:57.968 18999 18999 D wpa_supplicant: wpa_driver_wext_driver_cmd LinkSpeed 72 len = 12, 12
06-25 11:53:00.976 18999 18999 D wpa_supplicant: wpa_driver_wext_driver_cmd RSSI len = 248
06-25 11:53:00.983 18999 18999 D wpa_supplicant: wpa_driver_wext_driver_cmd UB_Secure rssi -79  len = 19, 19
06-25 11:53:00.987 18999 18999 D wpa_supplicant: wpa_driver_wext_driver_cmd LINKSPEED len = 248
06-25 11:53:00.987 18999 18999 D wpa_supplicant: wpa_driver_wext_driver_cmd LinkSpeed 72 len = 12, 12
06-25 11:53:03.995 18999 18999 D wpa_supplicant: wpa_driver_wext_driver_cmd RSSI len = 248
06-25 11:53:04.011 18999 18999 D wpa_supplicant: wpa_driver_wext_driver_cmd UB_Secure rssi -80  len = 19, 19
06-25 11:53:04.011 18999 18999 D wpa_supplicant: wpa_driver_wext_driver_cmd LINKSPEED len = 248
06-25 11:53:04.015 18999 18999 D wpa_supplicant: wpa_driver_wext_driver_cmd LinkSpeed 72 len = 12, 12
06-25 11:53:07.026 18999 18999 D wpa_supplicant: wpa_driver_wext_driver_cmd RSSI len = 248
06-25 11:53:07.034 18999 18999 D wpa_supplicant: wpa_driver_wext_driver_cmd UB_Secure rssi -78  len = 19, 19
06-25 11:53:07.034 18999 18999 D wpa_supplicant: wpa_driver_wext_driver_cmd LINKSPEED len = 248
06-25 11:53:07.034 18999 18999 D wpa_supplicant: wpa_driver_wext_driver_cmd LinkSpeed 72 len = 12, 12
06-25 11:53:10.038 18999 18999 D wpa_supplicant: wpa_driver_wext_driver_cmd RSSI len = 248
06-25 11:53:10.046 18999 18999 D wpa_supplicant: wpa_driver_wext_driver_cmd UB_Secure rssi -78  len = 19, 19
06-25 11:53:10.046 18999 18999 D wpa_supplicant: wpa_driver_wext_driver_cmd LINKSPEED len = 248
06-25 11:53:10.046 18999 18999 D wpa_supplicant: wpa_driver_wext_driver_cmd LinkSpeed 72 len = 12, 12
06-25 11:53:13.050 18999 18999 D wpa_supplicant: wpa_driver_wext_driver_cmd RSSI len = 248
06-25 11:53:13.058 18999 18999 D wpa_supplicant: wpa_driver_wext_driver_cmd UB_Secure rssi -78  len = 19, 19
06-25 11:53:13.058 18999 18999 D wpa_supplicant: wpa_driver_wext_driver_cmd LINKSPEED len = 248
06-25 11:53:13.058 18999 18999 D wpa_supplicant: wpa_driver_wext_driver_cmd LinkSpeed 72 len = 12, 12
06-25 11:53:16.065 18999 18999 D wpa_supplicant: wpa_driver_wext_driver_cmd RSSI len = 248
06-25 11:53:16.073 18999 18999 D wpa_supplicant: wpa_driver_wext_driver_cmd UB_Secure rssi -77  len = 19, 19
06-25 11:53:16.073 18999 18999 D wpa_supplicant: wpa_driver_wext_driver_cmd LINKSPEED len = 248
06-25 11:53:16.077 18999 18999 D wpa_supplicant: wpa_driver_wext_driver_cmd LinkSpeed 72 len = 12, 12
06-25 11:53:19.085 18999 18999 D wpa_supplicant: wpa_driver_wext_driver_cmd RSSI len = 248
06-25 11:53:19.097 18999 18999 D wpa_supplicant: wpa_driver_wext_driver_cmd UB_Secure rssi -78  len = 19, 19
06-25 11:53:19.097 18999 18999 D wpa_supplicant: wpa_driver_wext_driver_cmd LINKSPEED len = 248
06-25 11:53:19.097 18999 18999 D wpa_supplicant: wpa_driver_wext_driver_cmd LinkSpeed 72 len = 12, 12
06-25 11:53:22.101 18999 18999 D wpa_supplicant: wpa_driver_wext_driver_cmd RSSI len = 248
06-25 11:53:22.108 18999 18999 D wpa_supplicant: wpa_driver_wext_driver_cmd UB_Secure rssi -77  len = 19, 19
06-25 11:53:22.108 18999 18999 D wpa_supplicant: wpa_driver_wext_driver_cmd LINKSPEED len = 248
06-25 11:53:22.108 18999 18999 D wpa_supplicant: wpa_driver_wext_driver_cmd LinkSpeed 72 len = 12, 12
06-25 11:53:25.112 18999 18999 D wpa_supplicant: wpa_driver_wext_driver_cmd RSSI len = 248
06-25 11:53:25.124 18999 18999 D wpa_supplicant: wpa_driver_wext_driver_cmd UB_Secure rssi -79  len = 19, 19
06-25 11:53:25.124 18999 18999 D wpa_supplicant: wpa_driver_wext_driver_cmd LINKSPEED len = 248
06-25 11:53:25.128 18999 18999 D wpa_supplicant: wpa_driver_wext_driver_cmd LinkSpeed 72 len = 12, 12
06-25 11:53:28.136 18999 18999 D wpa_supplicant: wpa_driver_wext_driver_cmd RSSI len = 248
06-25 11:53:28.151 18999 18999 D wpa_supplicant: wpa_driver_wext_driver_cmd UB_Secure rssi -80  len = 19, 19
06-25 11:53:28.151 18999 18999 D wpa_supplicant: wpa_driver_wext_driver_cmd LINKSPEED len = 248
06-25 11:53:28.151 18999 18999 D wpa_supplicant: wpa_driver_wext_driver_cmd LinkSpeed 72 len = 12, 12
06-25 11:53:31.159 18999 18999 D wpa_supplicant: wpa_driver_wext_driver_cmd RSSI len = 248
06-25 11:53:31.167 18999 18999 D wpa_supplicant: wpa_driver_wext_driver_cmd UB_Secure rssi -78  len = 19, 19
06-25 11:53:31.167 18999 18999 D wpa_supplicant: wpa_driver_wext_driver_cmd LINKSPEED len = 248
06-25 11:53:31.171 18999 18999 D wpa_supplicant: wpa_driver_wext_driver_cmd LinkSpeed 72 len = 12, 12
06-25 11:53:33.550   142   293 I ActivityManager: START {flg=0x10000 cmp=org.mozilla.firefox_beta/org.mozilla.gecko.sync.setup.activities.AccountActivity} from pid 22161
06-25 11:53:33.628 22161 22161 D AccountActivity: AccountManager.get(org.mozilla.gecko.GeckoApplication@41339508)
06-25 11:53:33.722 22161 22699 I DeleteChannel: Server returned 404
06-25 11:53:33.788   142   172 I ActivityManager: Displayed org.mozilla.firefox_beta/org.mozilla.gecko.sync.setup.activities.AccountActivity: +197ms
06-25 11:53:33.796 22161 22161 D OpenGLRenderer: Flushing caches (mode 0)
06-25 11:53:33.800 22161 22163 D dalvikvm: GC_CONCURRENT freed 796K, 18% free 11568K/13959K, paused 7ms+10ms
06-25 11:53:34.179 18999 18999 D wpa_supplicant: wpa_driver_wext_driver_cmd RSSI len = 248
06-25 11:53:34.190 18999 18999 D wpa_supplicant: wpa_driver_wext_driver_cmd UB_Secure rssi -79  len = 19, 19
06-25 11:53:34.190 18999 18999 D wpa_supplicant: wpa_driver_wext_driver_cmd LINKSPEED len = 248
06-25 11:53:34.194 18999 18999 D wpa_supplicant: wpa_driver_wext_driver_cmd LinkSpeed 72 len = 12, 12
06-25 11:53:37.202 18999 18999 D wpa_supplicant: wpa_driver_wext_driver_cmd RSSI len = 248
06-25 11:53:37.214 18999 18999 D wpa_supplicant: wpa_driver_wext_driver_cmd UB_Secure rssi -79  len = 19, 19
06-25 11:53:37.214 18999 18999 D wpa_supplicant: wpa_driver_wext_driver_cmd LINKSPEED len = 248
06-25 11:53:37.218 18999 18999 D wpa_supplicant: wpa_driver_wext_driver_cmd LinkSpeed 72 len = 12, 12
06-25 11:53:37.788 22161 22161 I SetupSync: Called SetupSyncActivity.onResume.
06-25 11:53:37.843 22161 22161 D OpenGLRenderer: Flushing caches (mode 0)
06-25 11:53:40.058 22161 22176 E GeckoConsole: Error reading pref [null]: [Exception... "Component returned failure code: 0x80070057 (NS_ERROR_ILLEGAL_VALUE) [nsIPrefBranch.getPrefType]"  nsresult: "0x80070057 (NS_ERROR_ILLEGAL_VALUE)"  location: "JS frame :: chrome://browser/content/browser.js :: getPreferences :: line 760"  data: no]
06-25 11:53:40.058 22161 22176 E GeckoConsole: Error reading pref [null]: [Exception... "Component returned failure code: 0x80070057 (NS_ERROR_ILLEGAL_VALUE) [nsIPrefBranch.getPrefType]"  nsresult: "0x80070057 (NS_ERROR_ILLEGAL_VALUE)"  location: "JS frame :: chrome://browser/content/browser.js :: getPreferences :: line 760"  data: no]
06-25 11:53:40.058 22161 22176 E GeckoConsole: Error reading pref [null]: [Exception... "Component returned failure code: 0x80070057 (NS_ERROR_ILLEGAL_VALUE) [nsIPrefBranch.getPrefType]"  nsresult: "0x80070057 (NS_ERROR_ILLEGAL_VALUE)"  location: "JS frame :: chrome://browser/content/browser.js :: getPreferences :: line 760"  data: no]
06-25 11:53:40.058 22161 22176 E GeckoConsole: Error reading pref [null]: [Exception... "Component returned failure code: 0x80070057 (NS_ERROR_ILLEGAL_VALUE) [nsIPrefBranch.getPrefType]"  nsresult: "0x80070057 (NS_ERROR_ILLEGAL_VALUE)"  location: "JS frame :: chrome://browser/content/browser.js :: getPreferences :: line 760"  data: no]
06-25 11:53:40.089 22161 22161 D OpenGLRenderer: Flushing caches (mode 0)
06-25 11:53:40.128 22161 22699 I DeleteChannel: Server returned 404
06-25 11:53:40.226 18999 18999 D wpa_supplicant: wpa_driver_wext_driver_cmd RSSI len = 248
06-25 11:53:40.233 18999 18999 D wpa_supplicant: wpa_driver_wext_driver_cmd UB_Secure rssi -79  len = 19, 19
06-25 11:53:40.233 18999 18999 D wpa_supplicant: wpa_driver_wext_driver_cmd LINKSPEED len = 248
06-25 11:53:40.237 18999 18999 D wpa_supplicant: wpa_driver_wext_driver_cmd LinkSpeed 72 len = 12, 12
06-25 11:53:43.253 18999 18999 D wpa_supplicant: wpa_driver_wext_driver_cmd RSSI len = 248
06-25 11:53:43.265 18999 18999 D wpa_supplicant: wpa_driver_wext_driver_cmd UB_Secure rssi -78  len = 19, 19
06-25 11:53:43.265 18999 18999 D wpa_supplicant: wpa_driver_wext_driver_cmd LINKSPEED len = 248
06-25 11:53:43.265 18999 18999 D wpa_supplicant: wpa_driver_wext_driver_cmd LinkSpeed 72 len = 12, 12
06-25 11:53:45.284 22161 22176 E GeckoConsole: Error reading pref [null]: [Exception... "Component returned failure code: 0x80070057 (NS_ERROR_ILLEGAL_VALUE) [nsIPrefBranch.getPrefType]"  nsresult: "0x80070057 (NS_ERROR_ILLEGAL_VALUE)"  location: "JS frame :: chrome://browser/content/browser.js :: getPreferences :: line 760"  data: no]
06-25 11:53:45.284 22161 22176 E GeckoConsole: Error reading pref [null]: [Exception... "Component returned failure code: 0x80070057 (NS_ERROR_ILLEGAL_VALUE) [nsIPrefBranch.getPrefType]"  nsresult: "0x80070057 (NS_ERROR_ILLEGAL_VALUE)"  location: "JS frame :: chrome://browser/content/browser.js :: getPreferences :: line 760"  data: no]
06-25 11:53:45.284 22161 22176 E GeckoConsole: Error reading pref [null]: [Exception... "Component returned failure code: 0x80070057 (NS_ERROR_ILLEGAL_VALUE) [nsIPrefBranch.getPrefType]"  nsresult: "0x80070057 (NS_ERROR_ILLEGAL_VALUE)"  location: "JS frame :: chrome://browser/content/browser.js :: getPreferences :: line 760"  data: no]
06-25 11:53:45.288 22161 22176 E GeckoConsole: Error reading pref [null]: [Exception... "Component returned failure code: 0x80070057 (NS_ERROR_ILLEGAL_VALUE) [nsIPrefBranch.getPrefType]"  nsresult: "0x80070057 (NS_ERROR_ILLEGAL_VALUE)"  location: "JS frame :: chrome://browser/content/browser.js :: getPreferences :: line 760"  data: no]
06-25 11:53:45.292   142   154 W InputManagerService: Window already focused, ignoring focus gain of: com.android.internal.view.IInputMethodClient$Stub$Proxy@415a62c8
06-25 11:53:46.272 18999 18999 D wpa_supplicant: wpa_driver_wext_driver_cmd RSSI len = 248
06-25 11:53:46.284 18999 18999 D wpa_supplicant: wpa_driver_wext_driver_cmd UB_Secure rssi -78  len = 19, 19
06-25 11:53:46.284 18999 18999 D wpa_supplicant: wpa_driver_wext_driver_cmd LINKSPEED len = 248
06-25 11:53:46.292 18999 18999 D wpa_supplicant: wpa_driver_wext_driver_cmd LinkSpeed 72 len = 12, 12
06-25 11:53:47.776 22161 22176 E GeckoConsole: Error reading pref [null]: [Exception... "Component returned failure code: 0x80070057 (NS_ERROR_ILLEGAL_VALUE) [nsIPrefBranch.getPrefType]"  nsresult: "0x80070057 (NS_ERROR_ILLEGAL_VALUE)"  location: "JS frame :: chrome://browser/content/browser.js :: getPreferences :: line 760"  data: no]
06-25 11:53:47.776 22161 22176 E GeckoConsole: Error reading pref [null]: [Exception... "Component returned failure code: 0x80070057 (NS_ERROR_ILLEGAL_VALUE) [nsIPrefBranch.getPrefType]"  nsresult: "0x80070057 (NS_ERROR_ILLEGAL_VALUE)"  location: "JS frame :: chrome://browser/content/browser.js :: getPreferences :: line 760"  data: no]
06-25 11:53:47.776 22161 22176 E GeckoConsole: Error reading pref [null]: [Exception... "Component returned failure code: 0x80070057 (NS_ERROR_ILLEGAL_VALUE) [nsIPrefBranch.getPrefType]"  nsresult: "0x80070057 (NS_ERROR_ILLEGAL_VALUE)"  location: "JS frame :: chrome://browser/content/browser.js :: getPreferences :: line 760"  data: no]
06-25 11:53:47.776 22161 22176 E GeckoConsole: Error reading pref [null]: [Exception... "Component returned failure code: 0x80070057 (NS_ERROR_ILLEGAL_VALUE) [nsIPrefBranch.getPrefType]"  nsresult: "0x80070057 (NS_ERROR_ILLEGAL_VALUE)"  location: "JS frame :: chrome://browser/content/browser.js :: getPreferences :: line 760"  data: no]
06-25 11:53:47.784   142 30604 W InputManagerService: Window already focused, ignoring focus gain of: com.android.internal.view.IInputMethodClient$Stub$Proxy@41690f68
06-25 11:53:49.296 18999 18999 D wpa_supplicant: wpa_driver_wext_driver_cmd RSSI len = 248
06-25 11:53:49.308 18999 18999 D wpa_supplicant: wpa_driver_wext_driver_cmd UB_Secure rssi -78  len = 19, 19
06-25 11:53:49.308 18999 18999 D wpa_supplicant: wpa_driver_wext_driver_cmd LINKSPEED len = 248
06-25 11:53:49.323 18999 18999 D wpa_supplicant: wpa_driver_wext_driver_cmd LinkSpeed 72 len = 12, 12
06-25 11:53:50.390 22161 22174 I GeckoAppShell: Taking whole-screen screenshot, viewport: ImmutableViewportMetrics v=(0.0,0.0,480.0,690.0) p=(0.0,0.0,480.0,690.0) c=(0.0,0.0,980.0,1408.75) z=0.4897959
06-25 11:53:50.542 22161 22174 D dalvikvm: GC_FOR_ALLOC freed 364K, 18% free 11546K/13959K, paused 88ms
06-25 11:53:50.550 22161 22174 I dalvikvm-heap: Grow heap (frag case) to 13.344MB for 2097168-byte allocation
06-25 11:53:50.581 22161 22698 D dalvikvm: GC_FOR_ALLOC freed 327K, 18% free 13266K/16071K, paused 21ms
06-25 11:53:50.624 22161 22163 D dalvikvm: GC_CONCURRENT freed <1K, 18% free 13266K/16071K, paused 2ms+3ms
06-25 11:53:52.222   142   178 I InputReader: Reconfiguring input devices.  changes=0x00000004
06-25 11:53:52.222   142   178 I InputReader: Device reconfigured: id=7, name='mxt224_ts_input', surface size is now 480x800, mode is 1
06-25 11:53:52.241   142   158 I ActivityManager: Config changed: {0.85 310mcc120mnc en_US layoutdir=0 sw320dp w533dp h294dp nrml long land finger -keyb/v/h -nav/h s.26}
06-25 11:53:52.257 22161 22161 D OpenGLRenderer: Flushing caches (mode 0)
06-25 11:53:52.327 18999 18999 D wpa_supplicant: wpa_driver_wext_driver_cmd RSSI len = 248
06-25 11:53:52.335 18999 18999 D wpa_supplicant: wpa_driver_wext_driver_cmd UB_Secure rssi -81  len = 19, 19
06-25 11:53:52.335 18999 18999 D wpa_supplicant: wpa_driver_wext_driver_cmd LINKSPEED len = 248
06-25 11:53:52.335 18999 18999 D wpa_supplicant: wpa_driver_wext_driver_cmd LinkSpeed 72 len = 12, 12
06-25 11:53:52.440   211   211 D dalvikvm: GC_FOR_ALLOC freed 492K, 45% free 10084K/18311K, paused 39ms
06-25 11:53:52.499   211   211 D dalvikvm: GC_FOR_ALLOC freed 216K, 45% free 10171K/18311K, paused 47ms
06-25 11:53:52.550 22161 22176 E GeckoConsole: Error reading pref [null]: [Exception... "Component returned failure code: 0x80070057 (NS_ERROR_ILLEGAL_VALUE) [nsIPrefBranch.getPrefType]"  nsresult: "0x80070057 (NS_ERROR_ILLEGAL_VALUE)"  location: "JS frame :: chrome://browser/content/browser.js :: getPreferences :: line 760"  data: no]
06-25 11:53:52.550 22161 22176 E GeckoConsole: Error reading pref [null]: [Exception... "Component returned failure code: 0x80070057 (NS_ERROR_ILLEGAL_VALUE) [nsIPrefBranch.getPrefType]"  nsresult: "0x80070057 (NS_ERROR_ILLEGAL_VALUE)"  location: "JS frame :: chrome://browser/content/browser.js :: getPreferences :: line 760"  data: no]
06-25 11:53:52.550 22161 22176 E GeckoConsole: Error reading pref [null]: [Exception... "Component returned failure code: 0x80070057 (NS_ERROR_ILLEGAL_VALUE) [nsIPrefBranch.getPrefType]"  nsresult: "0x80070057 (NS_ERROR_ILLEGAL_VALUE)"  location: "JS frame :: chrome://browser/content/browser.js :: getPreferences :: line 760"  data: no]
06-25 11:53:52.554 22161 22176 E GeckoConsole: Error reading pref [null]: [Exception... "Component returned failure code: 0x80070057 (NS_ERROR_ILLEGAL_VALUE) [nsIPrefBranch.getPrefType]"  nsresult: "0x80070057 (NS_ERROR_ILLEGAL_VALUE)"  location: "JS frame :: chrome://browser/content/browser.js :: getPreferences :: line 760"  data: no]
06-25 11:53:54.831   142   172 D dalvikvm: GC_EXPLICIT freed 957K, 26% free 15374K/20679K, paused 55ms+7ms
06-25 11:53:55.339 18999 18999 D wpa_supplicant: wpa_driver_wext_driver_cmd RSSI len = 248
06-25 11:53:55.351 18999 18999 D wpa_supplicant: wpa_driver_wext_driver_cmd UB_Secure rssi -82  len = 19, 19
06-25 11:53:55.351 18999 18999 D wpa_supplicant: wpa_driver_wext_driver_cmd LINKSPEED len = 248
06-25 11:53:55.354 18999 18999 D wpa_supplicant: wpa_driver_wext_driver_cmd LinkSpeed 72 len = 12, 12
06-25 11:53:55.632 18999 18999 D wpa_supplicant: wpa_driver_wext_driver_cmd SETSUSPENDOPT 0 len = 4096
06-25 11:53:55.632 18999 18999 D wpa_supplicant: wpa_driver_wext_driver_cmd SETSUSPENDOPT 0 len = 0, 15
06-25 11:53:55.632 18999 18999 D wpa_supplicant: wpa_driver_wext_driver_cmd POWERMODE 0 len = 4096
06-25 11:53:55.640 18999 18999 D wpa_supplicant: wpa_driver_wext_driver_cmd OK len = 0, 2
06-25 11:53:55.640 18999 18999 D wpa_supplicant: WPS: Building WPS IE for Probe Request
06-25 11:53:55.640 18999 18999 D wpa_supplicant: WPS:  * Version (hardcoded 0x10)
06-25 11:53:55.640 18999 18999 D wpa_supplicant: WPS:  * Request Type
06-25 11:53:55.640 18999 18999 D wpa_supplicant: WPS:  * Config Methods (2388)
06-25 11:53:55.640 18999 18999 D wpa_supplicant: WPS:  * UUID-E
06-25 11:53:55.640 18999 18999 D wpa_supplicant: WPS:  * Primary Device Type
06-25 11:53:55.640 18999 18999 D wpa_supplicant: WPS:  * RF Bands (3)
06-25 11:53:55.640 18999 18999 D wpa_supplicant: WPS:  * Association State
06-25 11:53:55.640 18999 18999 D wpa_supplicant: WPS:  * Configuration Error (0)
06-25 11:53:55.640 18999 18999 D wpa_supplicant: WPS:  * Device Password ID (0)
06-25 11:53:55.640 18999 18999 D wpa_supplicant: WPS:  * Manufacturer
06-25 11:53:55.640 18999 18999 D wpa_supplicant: WPS:  * Model Name
06-25 11:53:55.640 18999 18999 D wpa_supplicant: WPS:  * Model Number
06-25 11:53:55.640 18999 18999 D wpa_supplicant: WPS:  * Device Name
06-25 11:53:55.640 18999 18999 D wpa_supplicant: WPS:  * Version2 (0x20)
06-25 11:53:55.640 18999 18999 D wpa_supplicant: wpa_driver_wext_combo_scan: Start
06-25 11:53:55.640 18999 18999 D wpa_supplicant: For Scan: (null)
06-25 11:53:55.644 18999 18999 D wpa_supplicant: Scan requested (ret=0) - scan timeout 30 seconds
06-25 11:53:55.671 22358 22361 D dalvikvm: GC_CONCURRENT freed 328K, 5% free 9142K/9543K, paused 2ms+2ms
06-25 11:53:56.804 18999 18999 D wpa_supplicant: RTM_NEWLINK: operstate=1 ifi_flags=0x11043 ([UP][RUNNING][LOWER_UP])
06-25 11:53:56.804 18999 18999 D wpa_supplicant: RTM_NEWLINK, IFLA_IFNAME: Interface 'wlan0' added
06-25 11:53:56.804 18999 18999 D wpa_supplicant: Wireless event: cmd=0x8b19 len=8
06-25 11:53:56.804 18999 18999 D wpa_supplicant: Received 1721 bytes of scan results (10 BSSes)
06-25 11:53:56.948 18999 18999 D wpa_supplicant: wpa_driver_wext_driver_cmd SETSUSPENDOPT 0 len = 4096
06-25 11:53:56.948 18999 18999 D wpa_supplicant: wpa_driver_wext_driver_cmd SETSUSPENDOPT 0 len = 0, 15
06-25 11:53:56.948 18999 18999 D wpa_supplicant: wpa_driver_wext_driver_cmd POWERMODE 0 len = 4096
06-25 11:53:56.948 18999 18999 D wpa_supplicant: wpa_driver_wext_driver_cmd OK len = 0, 2
06-25 11:53:57.019  1011  1014 D dalvikvm: GC_CONCURRENT freed 516K, 9% free 10360K/11271K, paused 2ms+3ms
06-25 11:53:58.362 18999 18999 D wpa_supplicant: wpa_driver_wext_driver_cmd RSSI len = 248
06-25 11:53:58.378 18999 18999 D wpa_supplicant: wpa_driver_wext_driver_cmd UB_Secure rssi -83  len = 19, 19
06-25 11:53:58.378 18999 18999 D wpa_supplicant: wpa_driver_wext_driver_cmd LINKSPEED len = 248
06-25 11:53:58.382 18999 18999 D wpa_supplicant: wpa_driver_wext_driver_cmd LinkSpeed 72 len = 12, 12
06-25 11:54:00.085   334   334 D SAN_SERVICE: *******************************************
06-25 11:54:00.085   334   334 D SAN_SERVICE: DM App Phone Service State - 0
06-25 11:54:00.085   334   334 D SAN_SERVICE: *******************************************
06-25 11:54:01.390 18999 18999 D wpa_supplicant: wpa_driver_wext_driver_cmd RSSI len = 248
06-25 11:54:01.397 18999 18999 D wpa_supplicant: wpa_driver_wext_driver_cmd UB_Secure rssi -83  len = 19, 19
06-25 11:54:01.397 18999 18999 D wpa_supplicant: wpa_driver_wext_driver_cmd LINKSPEED len = 248
06-25 11:54:01.397 18999 18999 D wpa_supplicant: wpa_driver_wext_driver_cmd LinkSpeed 72 len = 12, 12
06-25 11:54:03.190   142   344 D AlarmManagerService: Kernel timezone updated to 240 minutes west of GMT
06-25 11:54:04.401 18999 18999 D wpa_supplicant: wpa_driver_wext_driver_cmd RSSI len = 248
06-25 11:54:04.409 18999 18999 D wpa_supplicant: wpa_driver_wext_driver_cmd UB_Secure rssi -82  len = 19, 19
06-25 11:54:04.409 18999 18999 D wpa_supplicant: wpa_driver_wext_driver_cmd LINKSPEED len = 248
06-25 11:54:04.409 18999 18999 D wpa_supplicant: wpa_driver_wext_driver_cmd LinkSpeed 72 len = 12, 12
06-25 11:54:07.413 18999 18999 D wpa_supplicant: wpa_driver_wext_driver_cmd RSSI len = 248
06-25 11:54:07.421 18999 18999 D wpa_supplicant: wpa_driver_wext_driver_cmd UB_Secure rssi -78  len = 19, 19
06-25 11:54:07.421 18999 18999 D wpa_supplicant: wpa_driver_wext_driver_cmd LINKSPEED len = 248
06-25 11:54:07.421 18999 18999 D wpa_supplicant: wpa_driver_wext_driver_cmd LinkSpeed 72 len = 12, 12
06-25 11:54:10.425 18999 18999 D wpa_supplicant: wpa_driver_wext_driver_cmd RSSI len = 248
06-25 11:54:10.436 18999 18999 D wpa_supplicant: wpa_driver_wext_driver_cmd UB_Secure rssi -77  len = 19, 19
06-25 11:54:10.436 18999 18999 D wpa_supplicant: wpa_driver_wext_driver_cmd LINKSPEED len = 248
06-25 11:54:10.440 18999 18999 D wpa_supplicant: wpa_driver_wext_driver_cmd LinkSpeed 72 len = 12, 12
06-25 11:54:13.448 18999 18999 D wpa_supplicant: wpa_driver_wext_driver_cmd RSSI len = 248
06-25 11:54:13.460 18999 18999 D wpa_supplicant: wpa_driver_wext_driver_cmd UB_Secure rssi -78  len = 19, 19
06-25 11:54:13.460 18999 18999 D wpa_supplicant: wpa_driver_wext_driver_cmd LINKSPEED len = 248
06-25 11:54:13.464 18999 18999 D wpa_supplicant: wpa_driver_wext_driver_cmd LinkSpeed 72 len = 12, 12
06-25 11:54:16.472 18999 18999 D wpa_supplicant: wpa_driver_wext_driver_cmd RSSI len = 248
06-25 11:54:16.483 18999 18999 D wpa_supplicant: wpa_driver_wext_driver_cmd UB_Secure rssi -77  len = 19, 19
06-25 11:54:16.483 18999 18999 D wpa_supplicant: wpa_driver_wext_driver_cmd LINKSPEED len = 248
06-25 11:54:16.491 18999 18999 D wpa_supplicant: wpa_driver_wext_driver_cmd LinkSpeed 72 len = 12, 12
06-25 11:54:16.702   334   334 D SAN_SERVICE: *******************************************
06-25 11:54:16.702   334   334 D SAN_SERVICE: DM App Phone Service State - 0
06-25 11:54:16.702   334   334 D SAN_SERVICE: *******************************************
06-25 11:54:18.690   142   293 D AlarmManagerService: Kernel timezone updated to 240 minutes west of GMT
06-25 11:54:19.140   334   334 D SAN_SERVICE: *******************************************
06-25 11:54:19.140   334   334 D SAN_SERVICE: DM App Phone Service State - 0
06-25 11:54:19.140   334   334 D SAN_SERVICE: *******************************************
06-25 11:54:19.499 18999 18999 D wpa_supplicant: wpa_driver_wext_driver_cmd RSSI len = 248
06-25 11:54:19.503 18999 18999 D wpa_supplicant: wpa_driver_wext_driver_cmd UB_Secure rssi -77  len = 19, 19
06-25 11:54:19.503 18999 18999 D wpa_supplicant: wpa_driver_wext_driver_cmd LINKSPEED len = 248
06-25 11:54:19.503 18999 18999 D wpa_supplicant: wpa_driver_wext_driver_cmd LinkSpeed 72 len = 12, 12
06-25 11:54:19.683   334   334 D SAN_SERVICE: *******************************************
06-25 11:54:19.683   334   334 D SAN_SERVICE: DM App Phone Service State - 0
06-25 11:54:19.683   334   334 D SAN_SERVICE: *******************************************
06-25 11:54:20.390   334   334 D SAN_SERVICE: *******************************************
06-25 11:54:20.390   334   334 D SAN_SERVICE: DM App Phone Service State - 0
06-25 11:54:20.390   334   334 D SAN_SERVICE: *******************************************
06-25 11:54:20.698   334   334 D SAN_SERVICE: *******************************************
06-25 11:54:20.698   334   334 D SAN_SERVICE: DM App Phone Service State - 0
06-25 11:54:20.698   334   334 D SAN_SERVICE: *******************************************
06-25 11:54:21.694   334   334 D SAN_SERVICE: *******************************************
06-25 11:54:21.694   334   334 D SAN_SERVICE: DM App Phone Service State - 0
06-25 11:54:21.694   334   334 D SAN_SERVICE: *******************************************
06-25 11:54:22.507 18999 18999 D wpa_supplicant: wpa_driver_wext_driver_cmd RSSI len = 248
06-25 11:54:22.519 18999 18999 D wpa_supplicant: wpa_driver_wext_driver_cmd UB_Secure rssi -84  len = 19, 19
06-25 11:54:22.519 18999 18999 D wpa_supplicant: wpa_driver_wext_driver_cmd LINKSPEED len = 248
06-25 11:54:22.530 18999 18999 D wpa_supplicant: wpa_driver_wext_driver_cmd LinkSpeed 72 len = 12, 12
06-25 11:54:25.534 18999 18999 D wpa_supplicant: wpa_driver_wext_driver_cmd RSSI len = 248
06-25 11:54:25.542 18999 18999 D wpa_supplicant: wpa_driver_wext_driver_cmd UB_Secure rssi -84  len = 19, 19
06-25 11:54:25.542 18999 18999 D wpa_supplicant: wpa_driver_wext_driver_cmd LINKSPEED len = 248
06-25 11:54:25.542 18999 18999 D wpa_supplicant: wpa_driver_wext_driver_cmd LinkSpeed 72 len = 12, 12
06-25 11:54:28.546 18999 18999 D wpa_supplicant: wpa_driver_wext_driver_cmd RSSI len = 248
06-25 11:54:28.554 18999 18999 D wpa_supplicant: wpa_driver_wext_driver_cmd UB_Secure rssi -83  len = 19, 19
06-25 11:54:28.554 18999 18999 D wpa_supplicant: wpa_driver_wext_driver_cmd LINKSPEED len = 248
06-25 11:54:28.554 18999 18999 D wpa_supplicant: wpa_driver_wext_driver_cmd LinkSpeed 72 len = 12, 12
06-25 11:54:29.405   334   334 D SAN_SERVICE: *******************************************
06-25 11:54:29.405   334   334 D SAN_SERVICE: DM App Phone Service State - 0
06-25 11:54:29.405   334   334 D SAN_SERVICE: *******************************************
06-25 11:54:29.726   334   334 D SAN_SERVICE: *******************************************
06-25 11:54:29.726   334   334 D SAN_SERVICE: DM App Phone Service State - 0
06-25 11:54:29.726   334   334 D SAN_SERVICE: *******************************************
06-25 11:54:30.370   334   334 D SAN_SERVICE: *******************************************
06-25 11:54:30.370   334   334 D SAN_SERVICE: DM App Phone Service State - 0
06-25 11:54:30.370   334   334 D SAN_SERVICE: *******************************************
06-25 11:54:31.558 18999 18999 D wpa_supplicant: wpa_driver_wext_driver_cmd RSSI len = 248
06-25 11:54:31.565 18999 18999 D wpa_supplicant: wpa_driver_wext_driver_cmd UB_Secure rssi -84  len = 19, 19
06-25 11:54:31.565 18999 18999 D wpa_supplicant: wpa_driver_wext_driver_cmd LINKSPEED len = 248
06-25 11:54:31.565 18999 18999 D wpa_supplicant: wpa_driver_wext_driver_cmd LinkSpeed 72 len = 12, 12
06-25 11:54:32.202   334   334 D SAN_SERVICE: *******************************************
06-25 11:54:32.206   334   334 D SAN_SERVICE: DM App Phone Service State - 0
06-25 11:54:32.206   334   334 D SAN_SERVICE: *******************************************
06-25 11:54:32.351   334   334 D SAN_SERVICE: *******************************************
06-25 11:54:32.351   334   334 D SAN_SERVICE: DM App Phone Service State - 0
06-25 11:54:32.351   334   334 D SAN_SERVICE: *******************************************
06-25 11:54:34.569 18999 18999 D wpa_supplicant: wpa_driver_wext_driver_cmd RSSI len = 248
06-25 11:54:34.577 18999 18999 D wpa_supplicant: wpa_driver_wext_driver_cmd UB_Secure rssi -83  len = 19, 19
06-25 11:54:34.577 18999 18999 D wpa_supplicant: wpa_driver_wext_driver_cmd LINKSPEED len = 248
06-25 11:54:34.577 18999 18999 D wpa_supplicant: wpa_driver_wext_driver_cmd LinkSpeed 72 len = 12, 12
06-25 11:54:37.577 18999 18999 D wpa_supplicant: wpa_driver_wext_driver_cmd RSSI len = 248
06-25 11:54:37.593 18999 18999 D wpa_supplicant: wpa_driver_wext_driver_cmd UB_Secure rssi -83  len = 19, 19
06-25 11:54:37.593 18999 18999 D wpa_supplicant: wpa_driver_wext_driver_cmd LINKSPEED len = 248
06-25 11:54:37.593 18999 18999 D wpa_supplicant: wpa_driver_wext_driver_cmd LinkSpeed 72 len = 12, 12
06-25 11:54:39.597   334   334 D SAN_SERVICE: *******************************************
06-25 11:54:39.597   334   334 D SAN_SERVICE: DM App Phone Service State - 0
06-25 11:54:39.597   334   334 D SAN_SERVICE: *******************************************
06-25 11:54:40.597 18999 18999 D wpa_supplicant: wpa_driver_wext_driver_cmd RSSI len = 248
06-25 11:54:40.604 18999 18999 D wpa_supplicant: wpa_driver_wext_driver_cmd UB_Secure rssi -83  len = 19, 19
06-25 11:54:40.604 18999 18999 D wpa_supplicant: wpa_driver_wext_driver_cmd LINKSPEED len = 248
06-25 11:54:40.604 18999 18999 D wpa_supplicant: wpa_driver_wext_driver_cmd LinkSpeed 72 len = 12, 12
06-25 11:54:42.683 22202 22215 I PhoneLab-: Service Running
06-25 11:54:42.776 22202 22215 I PhoneLab-LoggerService: app_37    1165  1     2184   1744  c00f181c 400107b4 S logcat
06-25 11:54:42.776 22202 22215 I PhoneLab-LoggerService: Logcat pid from database 1165
06-25 11:54:42.776 22202 22215 I PhoneLab-LoggerService: Logcat process found 1165
06-25 11:54:42.776 22202 22215 I PhoneLab-LoggerService: Checking Threshold
06-25 11:54:42.776 22202 22215 I PhoneLab-LoggerService: Starting to rename files
06-25 11:54:42.776 22202 22215 I PhoneLab-LoggerService: Files found .. 3
06-25 11:54:43.608 18999 18999 D wpa_supplicant: wpa_driver_wext_driver_cmd RSSI len = 248
06-25 11:54:43.616 18999 18999 D wpa_supplicant: wpa_driver_wext_driver_cmd UB_Secure rssi -84  len = 19, 19
06-25 11:54:43.616 18999 18999 D wpa_supplicant: wpa_driver_wext_driver_cmd LINKSPEED len = 248
06-25 11:54:43.616 18999 18999 D wpa_supplicant: wpa_driver_wext_driver_cmd LinkSpeed 72 len = 12, 12
06-25 11:54:46.620 18999 18999 D wpa_supplicant: wpa_driver_wext_driver_cmd RSSI len = 248
06-25 11:54:46.628 18999 18999 D wpa_supplicant: wpa_driver_wext_driver_cmd UB_Secure rssi -83  len = 19, 19
06-25 11:54:46.628 18999 18999 D wpa_supplicant: wpa_driver_wext_driver_cmd LINKSPEED len = 248
06-25 11:54:46.628 18999 18999 D wpa_supplicant: wpa_driver_wext_driver_cmd LinkSpeed 72 len = 12, 12
06-25 11:54:49.632 18999 18999 D wpa_supplicant: wpa_driver_wext_driver_cmd RSSI len = 248
06-25 11:54:49.632 18999 18999 D wpa_supplicant: wpa_driver_wext_driver_cmd UB_Secure rssi -84  len = 19, 19
06-25 11:54:49.632 18999 18999 D wpa_supplicant: wpa_driver_wext_driver_cmd LINKSPEED len = 248
06-25 11:54:49.632 18999 18999 D wpa_supplicant: wpa_driver_wext_driver_cmd LinkSpeed 72 len = 12, 12
06-25 11:54:51.745   334   334 D SAN_SERVICE: *******************************************
06-25 11:54:51.745   334   334 D SAN_SERVICE: DM App Phone Service State - 0
06-25 11:54:51.745   334   334 D SAN_SERVICE: *******************************************
06-25 11:54:52.636 18999 18999 D wpa_supplicant: wpa_driver_wext_driver_cmd RSSI len = 248
06-25 11:54:52.651 18999 18999 D wpa_supplicant: wpa_driver_wext_driver_cmd UB_Secure rssi -84  len = 19, 19
06-25 11:54:52.651 18999 18999 D wpa_supplicant: wpa_driver_wext_driver_cmd LINKSPEED len = 248
06-25 11:54:52.651 18999 18999 D wpa_supplicant: wpa_driver_wext_driver_cmd LinkSpeed 72 len = 12, 12
06-25 11:54:55.659 18999 18999 D wpa_supplicant: wpa_driver_wext_driver_cmd RSSI len = 248
06-25 11:54:55.667 18999 18999 D wpa_supplicant: wpa_driver_wext_driver_cmd UB_Secure rssi -84  len = 19, 19
06-25 11:54:55.667 18999 18999 D wpa_supplicant: wpa_driver_wext_driver_cmd LINKSPEED len = 248
06-25 11:54:55.671 18999 18999 D wpa_supplicant: wpa_driver_wext_driver_cmd LinkSpeed 72 len = 12, 12
06-25 11:54:55.675 18999 18999 D wpa_supplicant: wpa_driver_wext_driver_cmd SETSUSPENDOPT 0 len = 4096
06-25 11:54:55.675 18999 18999 D wpa_supplicant: wpa_driver_wext_driver_cmd SETSUSPENDOPT 0 len = 0, 15
06-25 11:54:55.675 18999 18999 D wpa_supplicant: wpa_driver_wext_driver_cmd POWERMODE 0 len = 4096
06-25 11:54:55.679 18999 18999 D wpa_supplicant: wpa_driver_wext_driver_cmd OK len = 0, 2
06-25 11:54:55.683 18999 18999 D wpa_supplicant: WPS: Building WPS IE for Probe Request
06-25 11:54:55.683 18999 18999 D wpa_supplicant: WPS:  * Version (hardcoded 0x10)
06-25 11:54:55.683 18999 18999 D wpa_supplicant: WPS:  * Request Type
06-25 11:54:55.683 18999 18999 D wpa_supplicant: WPS:  * Config Methods (2388)
06-25 11:54:55.683 18999 18999 D wpa_supplicant: WPS:  * UUID-E
06-25 11:54:55.683 18999 18999 D wpa_supplicant: WPS:  * Primary Device Type
06-25 11:54:55.683 18999 18999 D wpa_supplicant: WPS:  * RF Bands (3)
06-25 11:54:55.683 18999 18999 D wpa_supplicant: WPS:  * Association State
06-25 11:54:55.683 18999 18999 D wpa_supplicant: WPS:  * Configuration Error (0)
06-25 11:54:55.683 18999 18999 D wpa_supplicant: WPS:  * Device Password ID (0)
06-25 11:54:55.683 18999 18999 D wpa_supplicant: WPS:  * Manufacturer
06-25 11:54:55.683 18999 18999 D wpa_supplicant: WPS:  * Model Name
06-25 11:54:55.683 18999 18999 D wpa_supplicant: WPS:  * Model Number
06-25 11:54:55.683 18999 18999 D wpa_supplicant: WPS:  * Device Name
06-25 11:54:55.683 18999 18999 D wpa_supplicant: WPS:  * Version2 (0x20)
06-25 11:54:55.683 18999 18999 D wpa_supplicant: wpa_driver_wext_combo_scan: Start
06-25 11:54:55.683 18999 18999 D wpa_supplicant: For Scan: (null)
06-25 11:54:55.694 18999 18999 D wpa_supplicant: Scan requested (ret=0) - scan timeout 30 seconds
06-25 11:54:56.858 18999 18999 D wpa_supplicant: RTM_NEWLINK: operstate=1 ifi_flags=0x11043 ([UP][RUNNING][LOWER_UP])
06-25 11:54:56.858 18999 18999 D wpa_supplicant: RTM_NEWLINK, IFLA_IFNAME: Interface 'wlan0' added
06-25 11:54:56.858 18999 18999 D wpa_supplicant: Wireless event: cmd=0x8b19 len=8
06-25 11:54:56.874 18999 18999 D wpa_supplicant: Received 1409 bytes of scan results (8 BSSes)
06-25 11:54:57.077 22402 22405 D dalvikvm: GC_CONCURRENT freed 459K, 5% free 10470K/10951K, paused 7ms+2ms
06-25 11:54:57.132 18999 18999 D wpa_supplicant: wpa_driver_wext_driver_cmd SETSUSPENDOPT 0 len = 4096
06-25 11:54:57.132 18999 18999 D wpa_supplicant: wpa_driver_wext_driver_cmd SETSUSPENDOPT 0 len = 0, 15
06-25 11:54:57.132 18999 18999 D wpa_supplicant: wpa_driver_wext_driver_cmd POWERMODE 0 len = 4096
06-25 11:54:57.132 18999 18999 D wpa_supplicant: wpa_driver_wext_driver_cmd OK len = 0, 2
06-25 11:54:57.233  1011  1014 D dalvikvm: GC_CONCURRENT freed 458K, 8% free 10404K/11271K, paused 2ms+7ms
06-25 11:54:58.671 18999 18999 D wpa_supplicant: wpa_driver_wext_driver_cmd RSSI len = 248
06-25 11:54:58.683 18999 18999 D wpa_supplicant: wpa_driver_wext_driver_cmd UB_Secure rssi -84  len = 19, 19
06-25 11:54:58.683 18999 18999 D wpa_supplicant: wpa_driver_wext_driver_cmd LINKSPEED len = 248
06-25 11:54:58.683 18999 18999 D wpa_supplicant: wpa_driver_wext_driver_cmd LinkSpeed 72 len = 12, 12
06-25 11:55:00.339   334   334 D SAN_SERVICE: *******************************************
06-25 11:55:00.339   334   334 D SAN_SERVICE: DM App Phone Service State - 0
06-25 11:55:00.339   334   334 D SAN_SERVICE: *******************************************
06-25 11:55:01.050   334   334 D SAN_SERVICE: *******************************************
06-25 11:55:01.050   334   334 D SAN_SERVICE: DM App Phone Service State - 0
06-25 11:55:01.054   334   334 D SAN_SERVICE: *******************************************
06-25 11:55:01.686 18999 18999 D wpa_supplicant: wpa_driver_wext_driver_cmd RSSI len = 248
06-25 11:55:01.698 18999 18999 D wpa_supplicant: wpa_driver_wext_driver_cmd UB_Secure rssi -78  len = 19, 19
06-25 11:55:01.698 18999 18999 D wpa_supplicant: wpa_driver_wext_driver_cmd LINKSPEED len = 248
06-25 11:55:01.702 18999 18999 D wpa_supplicant: wpa_driver_wext_driver_cmd LinkSpeed 72 len = 12, 12
06-25 11:55:04.710 18999 18999 D wpa_supplicant: wpa_driver_wext_driver_cmd RSSI len = 248
06-25 11:55:04.722 18999 18999 D wpa_supplicant: wpa_driver_wext_driver_cmd UB_Secure rssi -78  len = 19, 19
06-25 11:55:04.722 18999 18999 D wpa_supplicant: wpa_driver_wext_driver_cmd LINKSPEED len = 248
06-25 11:55:04.726 18999 18999 D wpa_supplicant: wpa_driver_wext_driver_cmd LinkSpeed 72 len = 12, 12
06-25 11:55:07.737 18999 18999 D wpa_supplicant: wpa_driver_wext_driver_cmd RSSI len = 248
06-25 11:55:07.749 18999 18999 D wpa_supplicant: wpa_driver_wext_driver_cmd UB_Secure rssi -78  len = 19, 19
06-25 11:55:07.753 18999 18999 D wpa_supplicant: wpa_driver_wext_driver_cmd LINKSPEED len = 248
06-25 11:55:07.769 18999 18999 D wpa_supplicant: wpa_driver_wext_driver_cmd LinkSpeed 72 len = 12, 12
06-25 11:55:10.577   334   334 D SAN_SERVICE: *******************************************
06-25 11:55:10.577   334   334 D SAN_SERVICE: DM App Phone Service State - 0
06-25 11:55:10.577   334   334 D SAN_SERVICE: *******************************************
06-25 11:55:10.772 18999 18999 D wpa_supplicant: wpa_driver_wext_driver_cmd RSSI len = 248
06-25 11:55:10.796 18999 18999 D wpa_supplicant: wpa_driver_wext_driver_cmd UB_Secure rssi -77  len = 19, 19
06-25 11:55:10.796 18999 18999 D wpa_supplicant: wpa_driver_wext_driver_cmd LINKSPEED len = 248
06-25 11:55:10.804 18999 18999 D wpa_supplicant: wpa_driver_wext_driver_cmd LinkSpeed 72 len = 12, 12
06-25 11:55:11.069   334   334 D SAN_SERVICE: *******************************************
06-25 11:55:11.069   334   334 D SAN_SERVICE: DM App Phone Service State - 0
06-25 11:55:11.069   334   334 D SAN_SERVICE: *******************************************
06-25 11:55:13.808 18999 18999 D wpa_supplicant: wpa_driver_wext_driver_cmd RSSI len = 248
06-25 11:55:13.815 18999 18999 D wpa_supplicant: wpa_driver_wext_driver_cmd UB_Secure rssi -77  len = 19, 19
06-25 11:55:13.815 18999 18999 D wpa_supplicant: wpa_driver_wext_driver_cmd LINKSPEED len = 248
06-25 11:55:13.815 18999 18999 D wpa_supplicant: wpa_driver_wext_driver_cmd LinkSpeed 72 len = 12, 12
06-25 11:55:15.394   334   334 D SAN_SERVICE: *******************************************
06-25 11:55:15.394   334   334 D SAN_SERVICE: DM App Phone Service State - 0
06-25 11:55:15.394   334   334 D SAN_SERVICE: *******************************************
06-25 11:55:16.819 18999 18999 D wpa_supplicant: wpa_driver_wext_driver_cmd RSSI len = 248
06-25 11:55:16.827 18999 18999 D wpa_supplicant: wpa_driver_wext_driver_cmd UB_Secure rssi -81  len = 19, 19
06-25 11:55:16.827 18999 18999 D wpa_supplicant: wpa_driver_wext_driver_cmd LINKSPEED len = 248
06-25 11:55:16.827 18999 18999 D wpa_supplicant: wpa_driver_wext_driver_cmd LinkSpeed 72 len = 12, 12
06-25 11:55:19.831 18999 18999 D wpa_supplicant: wpa_driver_wext_driver_cmd RSSI len = 248
06-25 11:55:19.843 18999 18999 D wpa_supplicant: wpa_driver_wext_driver_cmd UB_Secure rssi -84  len = 19, 19
06-25 11:55:19.843 18999 18999 D wpa_supplicant: wpa_driver_wext_driver_cmd LINKSPEED len = 248
06-25 11:55:19.851 18999 18999 D wpa_supplicant: wpa_driver_wext_driver_cmd LinkSpeed 72 len = 12, 12
06-25 11:55:21.288   334   334 D SAN_SERVICE: *******************************************
06-25 11:55:21.288   334   334 D SAN_SERVICE: DM App Phone Service State - 0
06-25 11:55:21.288   334   334 D SAN_SERVICE: *******************************************
06-25 11:55:22.858 18999 18999 D wpa_supplicant: wpa_driver_wext_driver_cmd RSSI len = 248
06-25 11:55:22.866 18999 18999 D wpa_supplicant: wpa_driver_wext_driver_cmd UB_Secure rssi -83  len = 19, 19
06-25 11:55:22.866 18999 18999 D wpa_supplicant: wpa_driver_wext_driver_cmd LINKSPEED len = 248
06-25 11:55:22.866 18999 18999 D wpa_supplicant: wpa_driver_wext_driver_cmd LinkSpeed 72 len = 12, 12
06-25 11:55:25.874 18999 18999 D wpa_supplicant: wpa_driver_wext_driver_cmd RSSI len = 248
06-25 11:55:25.882 18999 18999 D wpa_supplicant: wpa_driver_wext_driver_cmd UB_Secure rssi -84  len = 19, 19
06-25 11:55:25.882 18999 18999 D wpa_supplicant: wpa_driver_wext_driver_cmd LINKSPEED len = 248
06-25 11:55:25.890 18999 18999 D wpa_supplicant: wpa_driver_wext_driver_cmd LinkSpeed 72 len = 12, 12
06-25 11:55:28.897 18999 18999 D wpa_supplicant: wpa_driver_wext_driver_cmd RSSI len = 248
06-25 11:55:28.913 18999 18999 D wpa_supplicant: wpa_driver_wext_driver_cmd UB_Secure rssi -84  len = 19, 19
06-25 11:55:28.913 18999 18999 D wpa_supplicant: wpa_driver_wext_driver_cmd LINKSPEED len = 248
06-25 11:55:28.925 18999 18999 D wpa_supplicant: wpa_driver_wext_driver_cmd LinkSpeed 72 len = 12, 12
06-25 11:55:31.929 18999 18999 D wpa_supplicant: wpa_driver_wext_driver_cmd RSSI len = 248
06-25 11:55:31.944 18999 18999 D wpa_supplicant: wpa_driver_wext_driver_cmd UB_Secure rssi -83  len = 19, 19
06-25 11:55:31.944 18999 18999 D wpa_supplicant: wpa_driver_wext_driver_cmd LINKSPEED len = 248
06-25 11:55:31.944 18999 18999 D wpa_supplicant: wpa_driver_wext_driver_cmd LinkSpeed 72 len = 12, 12
06-25 11:55:34.952 18999 18999 D wpa_supplicant: wpa_driver_wext_driver_cmd RSSI len = 248
06-25 11:55:34.964 18999 18999 D wpa_supplicant: wpa_driver_wext_driver_cmd UB_Secure rssi -83  len = 19, 19
06-25 11:55:34.964 18999 18999 D wpa_supplicant: wpa_driver_wext_driver_cmd LINKSPEED len = 248
06-25 11:55:34.964 18999 18999 D wpa_supplicant: wpa_driver_wext_driver_cmd LinkSpeed 72 len = 12, 12
06-25 11:55:37.979 18999 18999 D wpa_supplicant: wpa_driver_wext_driver_cmd RSSI len = 248
06-25 11:55:37.991 18999 18999 D wpa_supplicant: wpa_driver_wext_driver_cmd UB_Secure rssi -83  len = 19, 19
06-25 11:55:37.991 18999 18999 D wpa_supplicant: wpa_driver_wext_driver_cmd LINKSPEED len = 248
06-25 11:55:37.991 18999 18999 D wpa_supplicant: wpa_driver_wext_driver_cmd LinkSpeed 72 len = 12, 12
06-25 11:55:40.995 18999 18999 D wpa_supplicant: wpa_driver_wext_driver_cmd RSSI len = 248
06-25 11:55:41.019 18999 18999 D wpa_supplicant: wpa_driver_wext_driver_cmd UB_Secure rssi -77  len = 19, 19
06-25 11:55:41.019 18999 18999 D wpa_supplicant: wpa_driver_wext_driver_cmd LINKSPEED len = 248
06-25 11:55:41.022 18999 18999 D wpa_supplicant: wpa_driver_wext_driver_cmd LinkSpeed 72 len = 12, 12
06-25 11:55:43.808   334   334 D SAN_SERVICE: *******************************************
06-25 11:55:43.808   334   334 D SAN_SERVICE: DM App Phone Service State - 0
06-25 11:55:43.808   334   334 D SAN_SERVICE: *******************************************
06-25 11:55:44.026 18999 18999 D wpa_supplicant: wpa_driver_wext_driver_cmd RSSI len = 248
06-25 11:55:44.034 18999 18999 D wpa_supplicant: wpa_driver_wext_driver_cmd UB_Secure rssi -77  len = 19, 19
06-25 11:55:44.034 18999 18999 D wpa_supplicant: wpa_driver_wext_driver_cmd LINKSPEED len = 248
06-25 11:55:44.034 18999 18999 D wpa_supplicant: wpa_driver_wext_driver_cmd LinkSpeed 72 len = 12, 12
06-25 11:55:47.046 18999 18999 D wpa_supplicant: wpa_driver_wext_driver_cmd RSSI len = 248
06-25 11:55:47.058 18999 18999 D wpa_supplicant: wpa_driver_wext_driver_cmd UB_Secure rssi -77  len = 19, 19
06-25 11:55:47.061 18999 18999 D wpa_supplicant: wpa_driver_wext_driver_cmd LINKSPEED len = 248
06-25 11:55:47.061 18999 18999 D wpa_supplicant: wpa_driver_wext_driver_cmd LinkSpeed 72 len = 12, 12
06-25 11:55:50.069 18999 18999 D wpa_supplicant: wpa_driver_wext_driver_cmd RSSI len = 248
06-25 11:55:50.077 18999 18999 D wpa_supplicant: wpa_driver_wext_driver_cmd UB_Secure rssi -81  len = 19, 19
06-25 11:55:50.077 18999 18999 D wpa_supplicant: wpa_driver_wext_driver_cmd LINKSPEED len = 248
06-25 11:55:50.081 18999 18999 D wpa_supplicant: wpa_driver_wext_driver_cmd LinkSpeed 72 len = 12, 12
06-25 11:55:53.085 18999 18999 D wpa_supplicant: wpa_driver_wext_driver_cmd RSSI len = 248
06-25 11:55:53.097 18999 18999 D wpa_supplicant: wpa_driver_wext_driver_cmd UB_Secure rssi -81  len = 19, 19
06-25 11:55:53.097 18999 18999 D wpa_supplicant: wpa_driver_wext_driver_cmd LINKSPEED len = 248
06-25 11:55:53.101 18999 18999 D wpa_supplicant: wpa_driver_wext_driver_cmd LinkSpeed 72 len = 12, 12
06-25 11:55:55.686 18999 18999 D wpa_supplicant: wpa_driver_wext_driver_cmd SETSUSPENDOPT 0 len = 4096
06-25 11:55:55.686 18999 18999 D wpa_supplicant: wpa_driver_wext_driver_cmd SETSUSPENDOPT 0 len = 0, 15
06-25 11:55:55.690 18999 18999 D wpa_supplicant: wpa_driver_wext_driver_cmd POWERMODE 0 len = 4096
06-25 11:55:55.702 18999 18999 D wpa_supplicant: wpa_driver_wext_driver_cmd OK len = 0, 2
06-25 11:55:55.702 18999 18999 D wpa_supplicant: WPS: Building WPS IE for Probe Request
06-25 11:55:55.702 18999 18999 D wpa_supplicant: WPS:  * Version (hardcoded 0x10)
06-25 11:55:55.702 18999 18999 D wpa_supplicant: WPS:  * Request Type
06-25 11:55:55.702 18999 18999 D wpa_supplicant: WPS:  * Config Methods (2388)
06-25 11:55:55.702 18999 18999 D wpa_supplicant: WPS:  * UUID-E
06-25 11:55:55.702 18999 18999 D wpa_supplicant: WPS:  * Primary Device Type
06-25 11:55:55.702 18999 18999 D wpa_supplicant: WPS:  * RF Bands (3)
06-25 11:55:55.702 18999 18999 D wpa_supplicant: WPS:  * Association State
06-25 11:55:55.702 18999 18999 D wpa_supplicant: WPS:  * Configuration Error (0)
06-25 11:55:55.702 18999 18999 D wpa_supplicant: WPS:  * Device Password ID (0)
06-25 11:55:55.702 18999 18999 D wpa_supplicant: WPS:  * Manufacturer
06-25 11:55:55.702 18999 18999 D wpa_supplicant: WPS:  * Model Name
06-25 11:55:55.702 18999 18999 D wpa_supplicant: WPS:  * Model Number
06-25 11:55:55.702 18999 18999 D wpa_supplicant: WPS:  * Device Name
06-25 11:55:55.702 18999 18999 D wpa_supplicant: WPS:  * Version2 (0x20)
06-25 11:55:55.702 18999 18999 D wpa_supplicant: wpa_driver_wext_combo_scan: Start
06-25 11:55:55.702 18999 18999 D wpa_supplicant: For Scan: (null)
06-25 11:55:55.710 18999 18999 D wpa_supplicant: Scan requested (ret=0) - scan timeout 30 seconds
06-25 11:55:56.104 18999 18999 D wpa_supplicant: wpa_driver_wext_driver_cmd RSSI len = 248
06-25 11:55:56.108 18999 18999 D wpa_supplicant: wpa_driver_wext_driver_cmd UB_Secure rssi -80  len = 19, 19
06-25 11:55:56.108 18999 18999 D wpa_supplicant: wpa_driver_wext_driver_cmd LINKSPEED len = 248
06-25 11:55:56.108 18999 18999 D wpa_supplicant: wpa_driver_wext_driver_cmd LinkSpeed 72 len = 12, 12
06-25 11:55:56.874 18999 18999 D wpa_supplicant: RTM_NEWLINK: operstate=1 ifi_flags=0x11043 ([UP][RUNNING][LOWER_UP])
06-25 11:55:56.874 18999 18999 D wpa_supplicant: RTM_NEWLINK, IFLA_IFNAME: Interface 'wlan0' added
06-25 11:55:56.874 18999 18999 D wpa_supplicant: Wireless event: cmd=0x8b19 len=8
06-25 11:55:56.874 18999 18999 D wpa_supplicant: Received 1813 bytes of scan results (9 BSSes)
06-25 11:55:57.054 18999 18999 D wpa_supplicant: wpa_driver_wext_driver_cmd SETSUSPENDOPT 0 len = 4096
06-25 11:55:57.054 18999 18999 D wpa_supplicant: wpa_driver_wext_driver_cmd SETSUSPENDOPT 0 len = 0, 15
06-25 11:55:57.054 18999 18999 D wpa_supplicant: wpa_driver_wext_driver_cmd POWERMODE 0 len = 4096
06-25 11:55:57.058 18999 18999 D wpa_supplicant: wpa_driver_wext_driver_cmd OK len = 0, 2
06-25 11:55:57.140   280   292 D dalvikvm: GC_EXPLICIT freed 566K, 8% free 11207K/12103K, paused 7ms+11ms
06-25 11:55:57.405  1011  1014 D dalvikvm: GC_CONCURRENT freed 431K, 8% free 10391K/11271K, paused 7ms+2ms
06-25 11:55:57.561  1011  1014 D dalvikvm: GC_CONCURRENT freed 312K, 7% free 10562K/11271K, paused 2ms+5ms
06-25 11:55:58.022   334   334 D SAN_SERVICE: *******************************************
06-25 11:55:58.022   334   334 D SAN_SERVICE: DM App Phone Service State - 0
06-25 11:55:58.022   334   334 D SAN_SERVICE: *******************************************
06-25 11:55:58.042   211   214 D dalvikvm: GC_CONCURRENT freed 71K, 43% free 10483K/18311K, paused 2ms+3ms
06-25 11:55:59.112 18999 18999 D wpa_supplicant: wpa_driver_wext_driver_cmd RSSI len = 248
06-25 11:55:59.124 18999 18999 D wpa_supplicant: wpa_driver_wext_driver_cmd UB_Secure rssi -80  len = 19, 19
06-25 11:55:59.124 18999 18999 D wpa_supplicant: wpa_driver_wext_driver_cmd LINKSPEED len = 248
06-25 11:55:59.128 18999 18999 D wpa_supplicant: wpa_driver_wext_driver_cmd LinkSpeed 72 len = 12, 12
06-25 11:56:01.097 22300 22303 D dalvikvm: GC_CONCURRENT freed 478K, 7% free 10560K/11335K, paused 2ms+3ms
06-25 11:56:01.128 22300 22542 D dalvikvm: GC_FOR_ALLOC freed 24K, 7% free 10624K/11335K, paused 17ms
06-25 11:56:01.128 22300 22542 I dalvikvm-heap: Grow heap (frag case) to 10.787MB for 360016-byte allocation
06-25 11:56:01.167 22300 22309 D dalvikvm: GC_FOR_ALLOC freed 1K, 7% free 10974K/11719K, paused 19ms
06-25 11:56:01.296 22300 22300 D dalvikvm: GC_FOR_ALLOC freed 232K, 8% free 10817K/11719K, paused 53ms
06-25 11:56:01.569   142   144 D dalvikvm: GC_CONCURRENT freed 1462K, 26% free 15476K/20679K, paused 7ms+24ms
06-25 11:56:01.636 22440 22442 D dalvikvm: GC_CONCURRENT freed 711K, 15% free 11499K/13511K, paused 2ms+16ms
06-25 11:56:02.136 18999 18999 D wpa_supplicant: wpa_driver_wext_driver_cmd RSSI len = 248
06-25 11:56:02.136 18999 18999 D wpa_supplicant: wpa_driver_wext_driver_cmd UB_Secure rssi -78  len = 19, 19
06-25 11:56:02.136 18999 18999 D wpa_supplicant: wpa_driver_wext_driver_cmd LINKSPEED len = 248
06-25 11:56:02.140 18999 18999 D wpa_supplicant: wpa_driver_wext_driver_cmd LinkSpeed 72 len = 12, 12
06-25 11:56:05.144 18999 18999 D wpa_supplicant: wpa_driver_wext_driver_cmd RSSI len = 248
06-25 11:56:05.151 18999 18999 D wpa_supplicant: wpa_driver_wext_driver_cmd UB_Secure rssi -78  len = 19, 19
06-25 11:56:05.151 18999 18999 D wpa_supplicant: wpa_driver_wext_driver_cmd LINKSPEED len = 248
06-25 11:56:05.151 18999 18999 D wpa_supplicant: wpa_driver_wext_driver_cmd LinkSpeed 72 len = 12, 12
06-25 11:56:08.155 18999 18999 D wpa_supplicant: wpa_driver_wext_driver_cmd RSSI len = 248
06-25 11:56:08.167 18999 18999 D wpa_supplicant: wpa_driver_wext_driver_cmd UB_Secure rssi -82  len = 19, 19
06-25 11:56:08.167 18999 18999 D wpa_supplicant: wpa_driver_wext_driver_cmd LINKSPEED len = 248
06-25 11:56:08.167 18999 18999 D wpa_supplicant: wpa_driver_wext_driver_cmd LinkSpeed 72 len = 12, 12
06-25 11:56:11.175 18999 18999 D wpa_supplicant: wpa_driver_wext_driver_cmd RSSI len = 248
06-25 11:56:11.183 18999 18999 D wpa_supplicant: wpa_driver_wext_driver_cmd UB_Secure rssi -81  len = 19, 19
06-25 11:56:11.183 18999 18999 D wpa_supplicant: wpa_driver_wext_driver_cmd LINKSPEED len = 248
06-25 11:56:11.183 18999 18999 D wpa_supplicant: wpa_driver_wext_driver_cmd LinkSpeed 72 len = 12, 12
06-25 11:56:14.190 18999 18999 D wpa_supplicant: wpa_driver_wext_driver_cmd RSSI len = 248
