06-28 16:11:33.183   274   274 D wpa_supplicant: wpa_driver_wext_driver_cmd POWERMODE 0 len = 4096
06-28 16:11:33.183   274   274 D wpa_supplicant: wpa_driver_wext_driver_cmd OK len = 0, 2
06-28 16:11:33.187   274   274 D wpa_supplicant: WPS: Building WPS IE for Probe Request
06-28 16:11:33.187   274   274 D wpa_supplicant: WPS:  * Version (hardcoded 0x10)
06-28 16:11:33.187   274   274 D wpa_supplicant: WPS:  * Request Type
06-28 16:11:33.187   274   274 D wpa_supplicant: WPS:  * Config Methods (2388)
06-28 16:11:33.187   274   274 D wpa_supplicant: WPS:  * UUID-E
06-28 16:11:33.187   274   274 D wpa_supplicant: WPS:  * Primary Device Type
06-28 16:11:33.187   274   274 D wpa_supplicant: WPS:  * RF Bands (3)
06-28 16:11:33.187   274   274 D wpa_supplicant: WPS:  * Association State
06-28 16:11:33.187   274   274 D wpa_supplicant: WPS:  * Configuration Error (0)
06-28 16:11:33.187   274   274 D wpa_supplicant: WPS:  * Device Password ID (0)
06-28 16:11:33.187   274   274 D wpa_supplicant: WPS:  * Manufacturer
06-28 16:11:33.187   274   274 D wpa_supplicant: WPS:  * Model Name
06-28 16:11:33.187   274   274 D wpa_supplicant: WPS:  * Model Number
06-28 16:11:33.187   274   274 D wpa_supplicant: WPS:  * Device Name
06-28 16:11:33.187   274   274 D wpa_supplicant: WPS:  * Version2 (0x20)
06-28 16:11:33.187   274   274 D wpa_supplicant: wpa_driver_wext_combo_scan: Start
06-28 16:11:33.187   274   274 D wpa_supplicant: For Scan: (null)
06-28 16:11:33.194   274   274 D wpa_supplicant: Scan requested (ret=0) - scan timeout 30 seconds
06-28 16:11:33.566 31180 31195 I GeckoAppShell: GeckoAppShell.alertsProgressListener_OnProgress
06-28 16:11:33.566 31180 31195 I GeckoAppShell: - name = 'download:///mnt/sdcard/Download/phonelab_alpha5.zip', progress = 91 / 100, text = ''
06-28 16:11:33.983 31180 31195 I GeckoAppShell: GeckoAppShell.alertsProgressListener_OnProgress
06-28 16:11:33.983 31180 31195 I GeckoAppShell: - name = 'download:///mnt/sdcard/Download/phonelab_alpha5.zip', progress = 91 / 100, text = ''
06-28 16:11:34.351   274   274 D wpa_supplicant: RTM_NEWLINK: operstate=1 ifi_flags=0x11043 ([UP][RUNNING][LOWER_UP])
06-28 16:11:34.351   274   274 D wpa_supplicant: RTM_NEWLINK, IFLA_IFNAME: Interface 'wlan0' added
06-28 16:11:34.351   274   274 D wpa_supplicant: Wireless event: cmd=0x8b19 len=8
06-28 16:11:34.358   274   274 D wpa_supplicant: Received 925 bytes of scan results (5 BSSes)
06-28 16:11:34.491 31180 31195 I GeckoAppShell: GeckoAppShell.alertsProgressListener_OnProgress
06-28 16:11:34.491 31180 31195 I GeckoAppShell: - name = 'download:///mnt/sdcard/Download/phonelab_alpha5.zip', progress = 91 / 100, text = ''
06-28 16:11:34.530 30780 30782 D dalvikvm: GC_CONCURRENT freed 567K, 6% free 10497K/11143K, paused 2ms+2ms
06-28 16:11:34.585   274   274 D wpa_supplicant: wpa_driver_wext_driver_cmd SETSUSPENDOPT 0 len = 4096
06-28 16:11:34.585   274   274 D wpa_supplicant: wpa_driver_wext_driver_cmd SETSUSPENDOPT 0 len = 0, 15
06-28 16:11:34.589   274   274 D wpa_supplicant: wpa_driver_wext_driver_cmd POWERMODE 0 len = 4096
06-28 16:11:34.597   274   274 D wpa_supplicant: wpa_driver_wext_driver_cmd OK len = 0, 2
06-28 16:11:34.687 29830 29832 D dalvikvm: GC_CONCURRENT freed 667K, 8% free 10242K/11079K, paused 2ms+3ms
06-28 16:11:34.941 31180 31195 I GeckoAppShell: GeckoAppShell.alertsProgressListener_OnProgress
06-28 16:11:34.941 31180 31195 I GeckoAppShell: - name = 'download:///mnt/sdcard/Download/phonelab_alpha5.zip', progress = 91 / 100, text = ''
06-28 16:11:35.343   274   274 D wpa_supplicant: wpa_driver_wext_driver_cmd RSSI len = 248
06-28 16:11:35.351   274   274 D wpa_supplicant: wpa_driver_wext_driver_cmd UB_Secure rssi -66  len = 19, 19
06-28 16:11:35.351   274   274 D wpa_supplicant: wpa_driver_wext_driver_cmd LINKSPEED len = 248
06-28 16:11:35.355   274   274 D wpa_supplicant: wpa_driver_wext_driver_cmd LinkSpeed 72 len = 12, 12
06-28 16:11:35.456 31180 31195 I GeckoAppShell: GeckoAppShell.alertsProgressListener_OnProgress
06-28 16:11:35.456 31180 31195 I GeckoAppShell: - name = 'download:///mnt/sdcard/Download/phonelab_alpha5.zip', progress = 91 / 100, text = ''
06-28 16:11:35.866 31180 31195 I GeckoAppShell: GeckoAppShell.alertsProgressListener_OnProgress
06-28 16:11:35.866 31180 31195 I GeckoAppShell: - name = 'download:///mnt/sdcard/Download/phonelab_alpha5.zip', progress = 92 / 100, text = ''
06-28 16:11:36.335 31180 31195 I GeckoAppShell: GeckoAppShell.alertsProgressListener_OnProgress
06-28 16:11:36.335 31180 31195 I GeckoAppShell: - name = 'download:///mnt/sdcard/Download/phonelab_alpha5.zip', progress = 92 / 100, text = ''
06-28 16:11:36.816 31180 31195 I GeckoAppShell: GeckoAppShell.alertsProgressListener_OnProgress
06-28 16:11:36.816 31180 31195 I GeckoAppShell: - name = 'download:///mnt/sdcard/Download/phonelab_alpha5.zip', progress = 92 / 100, text = ''
06-28 16:11:37.335 31180 31195 I GeckoAppShell: GeckoAppShell.alertsProgressListener_OnProgress
06-28 16:11:37.335 31180 31195 I GeckoAppShell: - name = 'download:///mnt/sdcard/Download/phonelab_alpha5.zip', progress = 92 / 100, text = ''
06-28 16:11:37.749 31180 31195 I GeckoAppShell: GeckoAppShell.alertsProgressListener_OnProgress
06-28 16:11:37.749 31180 31195 I GeckoAppShell: - name = 'download:///mnt/sdcard/Download/phonelab_alpha5.zip', progress = 92 / 100, text = ''
06-28 16:11:38.171 31180 31195 I GeckoAppShell: GeckoAppShell.alertsProgressListener_OnProgress
06-28 16:11:38.171 31180 31195 I GeckoAppShell: - name = 'download:///mnt/sdcard/Download/phonelab_alpha5.zip', progress = 92 / 100, text = ''
06-28 16:11:38.366   274   274 D wpa_supplicant: wpa_driver_wext_driver_cmd RSSI len = 248
06-28 16:11:38.378   274   274 D wpa_supplicant: wpa_driver_wext_driver_cmd UB_Secure rssi -66  len = 19, 19
06-28 16:11:38.378   274   274 D wpa_supplicant: wpa_driver_wext_driver_cmd LINKSPEED len = 248
06-28 16:11:38.382   274   274 D wpa_supplicant: wpa_driver_wext_driver_cmd LinkSpeed 72 len = 12, 12
06-28 16:11:38.593 31180 31195 I GeckoAppShell: GeckoAppShell.alertsProgressListener_OnProgress
06-28 16:11:38.593 31180 31195 I GeckoAppShell: - name = 'download:///mnt/sdcard/Download/phonelab_alpha5.zip', progress = 92 / 100, text = ''
06-28 16:11:39.011 31180 31195 I GeckoAppShell: GeckoAppShell.alertsProgressListener_OnProgress
06-28 16:11:39.011 31180 31195 I GeckoAppShell: - name = 'download:///mnt/sdcard/Download/phonelab_alpha5.zip', progress = 92 / 100, text = ''
06-28 16:11:39.429 31180 31195 I GeckoAppShell: GeckoAppShell.alertsProgressListener_OnProgress
06-28 16:11:39.429 31180 31195 I GeckoAppShell: - name = 'download:///mnt/sdcard/Download/phonelab_alpha5.zip', progress = 92 / 100, text = ''
06-28 16:11:39.933 31180 31195 I GeckoAppShell: GeckoAppShell.alertsProgressListener_OnProgress
06-28 16:11:39.933 31180 31195 I GeckoAppShell: - name = 'download:///mnt/sdcard/Download/phonelab_alpha5.zip', progress = 92 / 100, text = ''
06-28 16:11:40.370 31180 31195 I GeckoAppShell: GeckoAppShell.alertsProgressListener_OnProgress
06-28 16:11:40.370 31180 31195 I GeckoAppShell: - name = 'download:///mnt/sdcard/Download/phonelab_alpha5.zip', progress = 92 / 100, text = ''
06-28 16:11:40.788 31180 31195 I GeckoAppShell: GeckoAppShell.alertsProgressListener_OnProgress
06-28 16:11:40.788 31180 31195 I GeckoAppShell: - name = 'download:///mnt/sdcard/Download/phonelab_alpha5.zip', progress = 92 / 100, text = ''
06-28 16:11:41.206 31180 31195 I GeckoAppShell: GeckoAppShell.alertsProgressListener_OnProgress
06-28 16:11:41.206 31180 31195 I GeckoAppShell: - name = 'download:///mnt/sdcard/Download/phonelab_alpha5.zip', progress = 92 / 100, text = ''
06-28 16:11:41.405   274   274 D wpa_supplicant: wpa_driver_wext_driver_cmd RSSI len = 248
06-28 16:11:41.409   274   274 D wpa_supplicant: wpa_driver_wext_driver_cmd UB_Secure rssi -66  len = 19, 19
06-28 16:11:41.409   274   274 D wpa_supplicant: wpa_driver_wext_driver_cmd LINKSPEED len = 248
06-28 16:11:41.425   274   274 D wpa_supplicant: wpa_driver_wext_driver_cmd LinkSpeed 72 len = 12, 12
06-28 16:11:41.616 31180 31195 I GeckoAppShell: GeckoAppShell.alertsProgressListener_OnProgress
06-28 16:11:41.616 31180 31195 I GeckoAppShell: - name = 'download:///mnt/sdcard/Download/phonelab_alpha5.zip', progress = 92 / 100, text = ''
06-28 16:11:42.034 31180 31195 I GeckoAppShell: GeckoAppShell.alertsProgressListener_OnProgress
06-28 16:11:42.034 31180 31195 I GeckoAppShell: - name = 'download:///mnt/sdcard/Download/phonelab_alpha5.zip', progress = 92 / 100, text = ''
06-28 16:11:42.464 31180 31195 I GeckoAppShell: GeckoAppShell.alertsProgressListener_OnProgress
06-28 16:11:42.464 31180 31195 I GeckoAppShell: - name = 'download:///mnt/sdcard/Download/phonelab_alpha5.zip', progress = 92 / 100, text = ''
06-28 16:11:42.870 31180 31195 I GeckoAppShell: GeckoAppShell.alertsProgressListener_OnProgress
06-28 16:11:42.870 31180 31195 I GeckoAppShell: - name = 'download:///mnt/sdcard/Download/phonelab_alpha5.zip', progress = 93 / 100, text = ''
06-28 16:11:43.034   213   216 D dalvikvm: GC_CONCURRENT freed 409K, 31% free 9944K/14215K, paused 2ms+3ms
06-28 16:11:43.292 31180 31195 I GeckoAppShell: GeckoAppShell.alertsProgressListener_OnProgress
06-28 16:11:43.292 31180 31195 I GeckoAppShell: - name = 'download:///mnt/sdcard/Download/phonelab_alpha5.zip', progress = 93 / 100, text = ''
06-28 16:11:43.722 31180 31195 I GeckoAppShell: GeckoAppShell.alertsProgressListener_OnProgress
06-28 16:11:43.722 31180 31195 I GeckoAppShell: - name = 'download:///mnt/sdcard/Download/phonelab_alpha5.zip', progress = 93 / 100, text = ''
06-28 16:11:44.233 31180 31195 I GeckoAppShell: GeckoAppShell.alertsProgressListener_OnProgress
06-28 16:11:44.233 31180 31195 I GeckoAppShell: - name = 'download:///mnt/sdcard/Download/phonelab_alpha5.zip', progress = 93 / 100, text = ''
06-28 16:11:44.441   274   274 D wpa_supplicant: wpa_driver_wext_driver_cmd RSSI len = 248
06-28 16:11:44.444   274   274 D wpa_supplicant: wpa_driver_wext_driver_cmd UB_Secure rssi -66  len = 19, 19
06-28 16:11:44.444   274   274 D wpa_supplicant: wpa_driver_wext_driver_cmd LINKSPEED len = 248
06-28 16:11:44.448   274   274 D wpa_supplicant: wpa_driver_wext_driver_cmd LinkSpeed 72 len = 12, 12
06-28 16:11:44.655 31180 31195 I GeckoAppShell: GeckoAppShell.alertsProgressListener_OnProgress
06-28 16:11:44.655 31180 31195 I GeckoAppShell: - name = 'download:///mnt/sdcard/Download/phonelab_alpha5.zip', progress = 93 / 100, text = ''
06-28 16:11:45.179 31180 31195 I GeckoAppShell: GeckoAppShell.alertsProgressListener_OnProgress
06-28 16:11:45.179 31180 31195 I GeckoAppShell: - name = 'download:///mnt/sdcard/Download/phonelab_alpha5.zip', progress = 93 / 100, text = ''
06-28 16:11:45.601 31180 31195 I GeckoAppShell: GeckoAppShell.alertsProgressListener_OnProgress
06-28 16:11:45.601 31180 31195 I GeckoAppShell: - name = 'download:///mnt/sdcard/Download/phonelab_alpha5.zip', progress = 93 / 100, text = ''
06-28 16:11:46.019 31180 31195 I GeckoAppShell: GeckoAppShell.alertsProgressListener_OnProgress
06-28 16:11:46.019 31180 31195 I GeckoAppShell: - name = 'download:///mnt/sdcard/Download/phonelab_alpha5.zip', progress = 93 / 100, text = ''
06-28 16:11:46.530 31180 31195 I GeckoAppShell: GeckoAppShell.alertsProgressListener_OnProgress
06-28 16:11:46.530 31180 31195 I GeckoAppShell: - name = 'download:///mnt/sdcard/Download/phonelab_alpha5.zip', progress = 93 / 100, text = ''
06-28 16:11:47.054 31180 31195 I GeckoAppShell: GeckoAppShell.alertsProgressListener_OnProgress
06-28 16:11:47.054 31180 31195 I GeckoAppShell: - name = 'download:///mnt/sdcard/Download/phonelab_alpha5.zip', progress = 93 / 100, text = ''
06-28 16:11:47.464   274   274 D wpa_supplicant: wpa_driver_wext_driver_cmd RSSI len = 248
06-28 16:11:47.472   274   274 D wpa_supplicant: wpa_driver_wext_driver_cmd UB_Secure rssi -68  len = 19, 19
06-28 16:11:47.472   274   274 D wpa_supplicant: wpa_driver_wext_driver_cmd LINKSPEED len = 248
06-28 16:11:47.476   274   274 D wpa_supplicant: wpa_driver_wext_driver_cmd LinkSpeed 72 len = 12, 12
06-28 16:11:47.780 31180 31195 I GeckoAppShell: GeckoAppShell.alertsProgressListener_OnProgress
06-28 16:11:47.780 31180 31195 I GeckoAppShell: - name = 'download:///mnt/sdcard/Download/phonelab_alpha5.zip', progress = 93 / 100, text = ''
06-28 16:11:48.198 31180 31195 I GeckoAppShell: GeckoAppShell.alertsProgressListener_OnProgress
06-28 16:11:48.198 31180 31195 I GeckoAppShell: - name = 'download:///mnt/sdcard/Download/phonelab_alpha5.zip', progress = 93 / 100, text = ''
06-28 16:11:48.616 31180 31195 I GeckoAppShell: GeckoAppShell.alertsProgressListener_OnProgress
06-28 16:11:48.616 31180 31195 I GeckoAppShell: - name = 'download:///mnt/sdcard/Download/phonelab_alpha5.zip', progress = 93 / 100, text = ''
06-28 16:11:49.042 31180 31195 I GeckoAppShell: GeckoAppShell.alertsProgressListener_OnProgress
06-28 16:11:49.042 31180 31195 I GeckoAppShell: - name = 'download:///mnt/sdcard/Download/phonelab_alpha5.zip', progress = 93 / 100, text = ''
06-28 16:11:49.456 31180 31195 I GeckoAppShell: GeckoAppShell.alertsProgressListener_OnProgress
06-28 16:11:49.456 31180 31195 I GeckoAppShell: - name = 'download:///mnt/sdcard/Download/phonelab_alpha5.zip', progress = 94 / 100, text = ''
06-28 16:11:49.874 31180 31195 I GeckoAppShell: GeckoAppShell.alertsProgressListener_OnProgress
06-28 16:11:49.874 31180 31195 I GeckoAppShell: - name = 'download:///mnt/sdcard/Download/phonelab_alpha5.zip', progress = 94 / 100, text = ''
06-28 16:11:50.300 31180 31195 I GeckoAppShell: GeckoAppShell.alertsProgressListener_OnProgress
06-28 16:11:50.300 31180 31195 I GeckoAppShell: - name = 'download:///mnt/sdcard/Download/phonelab_alpha5.zip', progress = 94 / 100, text = ''
06-28 16:11:50.495   274   274 D wpa_supplicant: wpa_driver_wext_driver_cmd RSSI len = 248
06-28 16:11:50.507   274   274 D wpa_supplicant: wpa_driver_wext_driver_cmd UB_Secure rssi -72  len = 19, 19
06-28 16:11:50.507   274   274 D wpa_supplicant: wpa_driver_wext_driver_cmd LINKSPEED len = 248
06-28 16:11:50.511   274   274 D wpa_supplicant: wpa_driver_wext_driver_cmd LinkSpeed 72 len = 12, 12
06-28 16:11:50.726 31180 31195 I GeckoAppShell: GeckoAppShell.alertsProgressListener_OnProgress
06-28 16:11:50.726 31180 31195 I GeckoAppShell: - name = 'download:///mnt/sdcard/Download/phonelab_alpha5.zip', progress = 94 / 100, text = ''
06-28 16:11:51.132 31180 31195 I GeckoAppShell: GeckoAppShell.alertsProgressListener_OnProgress
06-28 16:11:51.132 31180 31195 I GeckoAppShell: - name = 'download:///mnt/sdcard/Download/phonelab_alpha5.zip', progress = 94 / 100, text = ''
06-28 16:11:51.546 31180 31195 I GeckoAppShell: GeckoAppShell.alertsProgressListener_OnProgress
06-28 16:11:51.546 31180 31195 I GeckoAppShell: - name = 'download:///mnt/sdcard/Download/phonelab_alpha5.zip', progress = 94 / 100, text = ''
06-28 16:11:51.952 31180 31195 I GeckoAppShell: GeckoAppShell.alertsProgressListener_OnProgress
06-28 16:11:51.952 31180 31195 I GeckoAppShell: - name = 'download:///mnt/sdcard/Download/phonelab_alpha5.zip', progress = 94 / 100, text = ''
06-28 16:11:52.370 31180 31195 I GeckoAppShell: GeckoAppShell.alertsProgressListener_OnProgress
06-28 16:11:52.370 31180 31195 I GeckoAppShell: - name = 'download:///mnt/sdcard/Download/phonelab_alpha5.zip', progress = 94 / 100, text = ''
06-28 16:11:52.937 31180 31195 I GeckoAppShell: GeckoAppShell.alertsProgressListener_OnProgress
06-28 16:11:52.937 31180 31195 I GeckoAppShell: - name = 'download:///mnt/sdcard/Download/phonelab_alpha5.zip', progress = 94 / 100, text = ''
06-28 16:11:53.312 31180 31195 I GeckoAppShell: GeckoAppShell.alertsProgressListener_OnProgress
06-28 16:11:53.312 31180 31195 I GeckoAppShell: - name = 'download:///mnt/sdcard/Download/phonelab_alpha5.zip', progress = 94 / 100, text = ''
06-28 16:11:53.550   274   274 D wpa_supplicant: wpa_driver_wext_driver_cmd RSSI len = 248
06-28 16:11:53.558   274   274 D wpa_supplicant: wpa_driver_wext_driver_cmd UB_Secure rssi -68  len = 19, 19
06-28 16:11:53.558   274   274 D wpa_supplicant: wpa_driver_wext_driver_cmd LINKSPEED len = 248
06-28 16:11:53.562   274   274 D wpa_supplicant: wpa_driver_wext_driver_cmd LinkSpeed 72 len = 12, 12
06-28 16:11:53.745 31180 31195 I GeckoAppShell: GeckoAppShell.alertsProgressListener_OnProgress
06-28 16:11:53.745 31180 31195 I GeckoAppShell: - name = 'download:///mnt/sdcard/Download/phonelab_alpha5.zip', progress = 94 / 100, text = ''
06-28 16:11:54.163 31180 31195 I GeckoAppShell: GeckoAppShell.alertsProgressListener_OnProgress
06-28 16:11:54.163 31180 31195 I GeckoAppShell: - name = 'download:///mnt/sdcard/Download/phonelab_alpha5.zip', progress = 94 / 100, text = ''
06-28 16:11:54.585 31180 31195 I GeckoAppShell: GeckoAppShell.alertsProgressListener_OnProgress
06-28 16:11:54.585 31180 31195 I GeckoAppShell: - name = 'download:///mnt/sdcard/Download/phonelab_alpha5.zip', progress = 94 / 100, text = ''
06-28 16:11:54.995 31180 31195 I GeckoAppShell: GeckoAppShell.alertsProgressListener_OnProgress
06-28 16:11:54.995 31180 31195 I GeckoAppShell: - name = 'download:///mnt/sdcard/Download/phonelab_alpha5.zip', progress = 95 / 100, text = ''
06-28 16:11:55.417 31180 31195 I GeckoAppShell: GeckoAppShell.alertsProgressListener_OnProgress
06-28 16:11:55.417 31180 31195 I GeckoAppShell: - name = 'download:///mnt/sdcard/Download/phonelab_alpha5.zip', progress = 95 / 100, text = ''
06-28 16:11:55.812 31180 31195 I GeckoAppShell: GeckoAppShell.alertsProgressListener_OnProgress
06-28 16:11:55.812 31180 31195 I GeckoAppShell: - name = 'download:///mnt/sdcard/Download/phonelab_alpha5.zip', progress = 95 / 100, text = ''
06-28 16:11:55.921   274   274 D wpa_supplicant: RTM_NEWLINK: operstate=1 ifi_flags=0x11043 ([UP][RUNNING][LOWER_UP])
06-28 16:11:55.921   274   274 D wpa_supplicant: RTM_NEWLINK, IFLA_IFNAME: Interface 'wlan0' added
06-28 16:11:55.921   274   274 D wpa_supplicant: Wireless event: cmd=0x8c00 len=20
06-28 16:11:55.972   274   274 D wpa_supplicant: RTM_NEWLINK: operstate=1 ifi_flags=0x11043 ([UP][RUNNING][LOWER_UP])
06-28 16:11:55.972   274   274 D wpa_supplicant: RTM_NEWLINK, IFLA_IFNAME: Interface 'wlan0' added
06-28 16:11:55.972   274   274 D wpa_supplicant: Wireless event: cmd=0x8c00 len=20
06-28 16:11:55.976   274   274 D wpa_supplicant: RTM_NEWLINK: operstate=1 ifi_flags=0x11043 ([UP][RUNNING][LOWER_UP])
06-28 16:11:55.976   274   274 D wpa_supplicant: RTM_NEWLINK, IFLA_IFNAME: Interface 'wlan0' added
06-28 16:11:55.976   274   274 D wpa_supplicant: Wireless event: cmd=0x8c00 len=20
06-28 16:11:55.983   274   274 D wpa_supplicant: RTM_NEWLINK: operstate=1 ifi_flags=0x11043 ([UP][RUNNING][LOWER_UP])
06-28 16:11:55.983   274   274 D wpa_supplicant: RTM_NEWLINK, IFLA_IFNAME: Interface 'wlan0' added
06-28 16:11:55.983   274   274 D wpa_supplicant: Wireless event: cmd=0x8c00 len=20
06-28 16:11:55.987   274   274 D wpa_supplicant: RTM_NEWLINK: operstate=1 ifi_flags=0x11043 ([UP][RUNNING][LOWER_UP])
06-28 16:11:55.991   274   274 D wpa_supplicant: RTM_NEWLINK, IFLA_IFNAME: Interface 'wlan0' added
06-28 16:11:55.991   274   274 D wpa_supplicant: Wireless event: cmd=0x8c00 len=20
06-28 16:11:55.991   274   274 D wpa_supplicant: RTM_NEWLINK: operstate=1 ifi_flags=0x11043 ([UP][RUNNING][LOWER_UP])
06-28 16:11:55.991   274   274 D wpa_supplicant: RTM_NEWLINK, IFLA_IFNAME: Interface 'wlan0' added
06-28 16:11:55.991   274   274 D wpa_supplicant: Wireless event: cmd=0x8c00 len=20
06-28 16:11:55.991   274   274 D wpa_supplicant: RTM_NEWLINK: operstate=1 ifi_flags=0x11043 ([UP][RUNNING][LOWER_UP])
06-28 16:11:55.991   274   274 D wpa_supplicant: RTM_NEWLINK, IFLA_IFNAME: Interface 'wlan0' added
06-28 16:11:55.991   274   274 D wpa_supplicant: Wireless event: cmd=0x8c00 len=20
06-28 16:11:55.995   274   274 D wpa_supplicant: RTM_NEWLINK: operstate=1 ifi_flags=0x11043 ([UP][RUNNING][LOWER_UP])
06-28 16:11:55.995   274   274 D wpa_supplicant: RTM_NEWLINK, IFLA_IFNAME: Interface 'wlan0' added
06-28 16:11:55.995   274   274 D wpa_supplicant: Wireless event: cmd=0x8c00 len=20
06-28 16:11:55.995   274   274 D wpa_supplicant: RTM_NEWLINK: operstate=1 ifi_flags=0x11043 ([UP][RUNNING][LOWER_UP])
06-28 16:11:55.995   274   274 D wpa_supplicant: RTM_NEWLINK, IFLA_IFNAME: Interface 'wlan0' added
06-28 16:11:55.995   274   274 D wpa_supplicant: Wireless event: cmd=0x8c00 len=20
06-28 16:11:55.995   274   274 D wpa_supplicant: RTM_NEWLINK: operstate=1 ifi_flags=0x11043 ([UP][RUNNING][LOWER_UP])
06-28 16:11:55.995   274   274 D wpa_supplicant: RTM_NEWLINK, IFLA_IFNAME: Interface 'wlan0' added
06-28 16:11:55.995   274   274 D wpa_supplicant: Wireless event: cmd=0x8c00 len=20
06-28 16:11:55.995   274   274 D wpa_supplicant: RTM_NEWLINK: operstate=1 ifi_flags=0x11043 ([UP][RUNNING][LOWER_UP])
06-28 16:11:55.995   274   274 D wpa_supplicant: RTM_NEWLINK, IFLA_IFNAME: Interface 'wlan0' added
06-28 16:11:55.995   274   274 D wpa_supplicant: Wireless event: cmd=0x8c00 len=20
06-28 16:11:55.995   274   274 D wpa_supplicant: RTM_NEWLINK: operstate=1 ifi_flags=0x11043 ([UP][RUNNING][LOWER_UP])
06-28 16:11:55.995   274   274 D wpa_supplicant: RTM_NEWLINK, IFLA_IFNAME: Interface 'wlan0' added
06-28 16:11:55.995   274   274 D wpa_supplicant: Wireless event: cmd=0x8c00 len=20
06-28 16:11:55.995   274   274 D wpa_supplicant: RTM_NEWLINK: operstate=1 ifi_flags=0x11043 ([UP][RUNNING][LOWER_UP])
06-28 16:11:55.995   274   274 D wpa_supplicant: RTM_NEWLINK, IFLA_IFNAME: Interface 'wlan0' added
06-28 16:11:55.995   274   274 D wpa_supplicant: Wireless event: cmd=0x8c00 len=20
06-28 16:11:55.995   274   274 D wpa_supplicant: RTM_NEWLINK: operstate=1 ifi_flags=0x11043 ([UP][RUNNING][LOWER_UP])
06-28 16:11:55.995   274   274 D wpa_supplicant: RTM_NEWLINK, IFLA_IFNAME: Interface 'wlan0' added
06-28 16:11:55.995   274   274 D wpa_supplicant: Wireless event: cmd=0x8c00 len=20
06-28 16:11:55.995   274   274 D wpa_supplicant: RTM_NEWLINK: operstate=1 ifi_flags=0x11043 ([UP][RUNNING][LOWER_UP])
06-28 16:11:55.995   274   274 D wpa_supplicant: RTM_NEWLINK, IFLA_IFNAME: Interface 'wlan0' added
06-28 16:11:55.995   274   274 D wpa_supplicant: Wireless event: cmd=0x8c00 len=20
06-28 16:11:55.995   274   274 D wpa_supplicant: RTM_NEWLINK: operstate=1 ifi_flags=0x11043 ([UP][RUNNING][LOWER_UP])
06-28 16:11:55.995   274   274 D wpa_supplicant: RTM_NEWLINK, IFLA_IFNAME: Interface 'wlan0' added
06-28 16:11:55.995   274   274 D wpa_supplicant: Wireless event: cmd=0x8c00 len=20
06-28 16:11:55.995   274   274 D wpa_supplicant: RTM_NEWLINK: operstate=1 ifi_flags=0x11043 ([UP][RUNNING][LOWER_UP])
06-28 16:11:55.995   274   274 D wpa_supplicant: RTM_NEWLINK, IFLA_IFNAME: Interface 'wlan0' added
06-28 16:11:55.995   274   274 D wpa_supplicant: Wireless event: cmd=0x8c00 len=20
06-28 16:11:56.593   274   274 D wpa_supplicant: wpa_driver_wext_driver_cmd RSSI len = 248
06-28 16:11:56.601   274   274 D wpa_supplicant: wpa_driver_wext_driver_cmd UB_Secure rssi -70  len = 19, 19
06-28 16:11:56.601   274   274 D wpa_supplicant: wpa_driver_wext_driver_cmd LINKSPEED len = 248
06-28 16:11:56.605   274   274 D wpa_supplicant: wpa_driver_wext_driver_cmd LinkSpeed 72 len = 12, 12
06-28 16:11:56.671 31180 31195 I GeckoAppShell: GeckoAppShell.alertsProgressListener_OnProgress
06-28 16:11:56.671 31180 31195 I GeckoAppShell: - name = 'download:///mnt/sdcard/Download/phonelab_alpha5.zip', progress = 95 / 100, text = ''
06-28 16:11:57.206 31180 31195 I GeckoAppShell: GeckoAppShell.alertsProgressListener_OnProgress
06-28 16:11:57.206 31180 31195 I GeckoAppShell: - name = 'download:///mnt/sdcard/Download/phonelab_alpha5.zip', progress = 95 / 100, text = ''
06-28 16:11:57.612 31180 31195 I GeckoAppShell: GeckoAppShell.alertsProgressListener_OnProgress
06-28 16:11:57.612 31180 31195 I GeckoAppShell: - name = 'download:///mnt/sdcard/Download/phonelab_alpha5.zip', progress = 95 / 100, text = ''
06-28 16:11:57.991   342   342 D SAN_SERVICE: *******************************************
06-28 16:11:57.991   342   342 D SAN_SERVICE: DM App Phone Service State - 0
06-28 16:11:57.991   342   342 D SAN_SERVICE: *******************************************
06-28 16:11:58.136 31180 31195 I GeckoAppShell: GeckoAppShell.alertsProgressListener_OnProgress
06-28 16:11:58.136 31180 31195 I GeckoAppShell: - name = 'download:///mnt/sdcard/Download/phonelab_alpha5.zip', progress = 95 / 100, text = ''
06-28 16:11:58.171   342   342 D SAN_SERVICE: *******************************************
06-28 16:11:58.171   342   342 D SAN_SERVICE: DM App Phone Service State - 0
06-28 16:11:58.171   342   342 D SAN_SERVICE: *******************************************
06-28 16:11:58.448   342   342 D SAN_SERVICE: *******************************************
06-28 16:11:58.448   342   342 D SAN_SERVICE: DM App Phone Service State - 0
06-28 16:11:58.448   342   342 D SAN_SERVICE: *******************************************
06-28 16:11:58.534 31180 31195 I GeckoAppShell: GeckoAppShell.alertsProgressListener_OnProgress
06-28 16:11:58.534 31180 31195 I GeckoAppShell: - name = 'download:///mnt/sdcard/Download/phonelab_alpha5.zip', progress = 95 / 100, text = ''
06-28 16:11:58.972 31180 31195 I GeckoAppShell: GeckoAppShell.alertsProgressListener_OnProgress
06-28 16:11:58.972 31180 31195 I GeckoAppShell: - name = 'download:///mnt/sdcard/Download/phonelab_alpha5.zip', progress = 95 / 100, text = ''
06-28 16:11:59.218   342   342 D SAN_SERVICE: *******************************************
06-28 16:11:59.218   342   342 D SAN_SERVICE: DM App Phone Service State - 0
06-28 16:11:59.218   342   342 D SAN_SERVICE: *******************************************
06-28 16:11:59.386 31180 31195 I GeckoAppShell: GeckoAppShell.alertsProgressListener_OnProgress
06-28 16:11:59.386 31180 31195 I GeckoAppShell: - name = 'download:///mnt/sdcard/Download/phonelab_alpha5.zip', progress = 95 / 100, text = ''
06-28 16:11:59.616   274   274 D wpa_supplicant: wpa_driver_wext_driver_cmd RSSI len = 248
06-28 16:11:59.628   274   274 D wpa_supplicant: wpa_driver_wext_driver_cmd UB_Secure rssi -69  len = 19, 19
06-28 16:11:59.628   274   274 D wpa_supplicant: wpa_driver_wext_driver_cmd LINKSPEED len = 248
06-28 16:11:59.632   274   274 D wpa_supplicant: wpa_driver_wext_driver_cmd LinkSpeed 72 len = 12, 12
06-28 16:11:59.905 31180 31195 I GeckoAppShell: GeckoAppShell.alertsProgressListener_OnProgress
06-28 16:11:59.905 31180 31195 I GeckoAppShell: - name = 'download:///mnt/sdcard/Download/phonelab_alpha5.zip', progress = 95 / 100, text = ''
06-28 16:12:00.319 31180 31195 I GeckoAppShell: GeckoAppShell.alertsProgressListener_OnProgress
06-28 16:12:00.319 31180 31195 I GeckoAppShell: - name = 'download:///mnt/sdcard/Download/phonelab_alpha5.zip', progress = 95 / 100, text = ''
06-28 16:12:00.710 31180 31195 I GeckoAppShell: GeckoAppShell.alertsProgressListener_OnProgress
06-28 16:12:00.710 31180 31195 I GeckoAppShell: - name = 'download:///mnt/sdcard/Download/phonelab_alpha5.zip', progress = 95 / 100, text = ''
06-28 16:12:01.015   142   144 D dalvikvm: GC_CONCURRENT freed 1600K, 30% free 15905K/22599K, paused 48ms+6ms
06-28 16:12:01.464 31180 31195 I GeckoAppShell: GeckoAppShell.alertsProgressListener_OnProgress
06-28 16:12:01.464 31180 31195 I GeckoAppShell: - name = 'download:///mnt/sdcard/Download/phonelab_alpha5.zip', progress = 95 / 100, text = ''
06-28 16:12:01.999 31180 31195 I GeckoAppShell: GeckoAppShell.alertsProgressListener_OnProgress
06-28 16:12:01.999 31180 31195 I GeckoAppShell: - name = 'download:///mnt/sdcard/Download/phonelab_alpha5.zip', progress = 95 / 100, text = ''
06-28 16:12:02.472   342   342 D SAN_SERVICE: *******************************************
06-28 16:12:02.472   342   342 D SAN_SERVICE: DM App Phone Service State - 0
06-28 16:12:02.472   342   342 D SAN_SERVICE: *******************************************
06-28 16:12:02.472 31180 31195 I GeckoAppShell: GeckoAppShell.alertsProgressListener_OnProgress
06-28 16:12:02.472 31180 31195 I GeckoAppShell: - name = 'download:///mnt/sdcard/Download/phonelab_alpha5.zip', progress = 96 / 100, text = ''
06-28 16:12:02.585   213   216 D dalvikvm: GC_CONCURRENT freed 419K, 31% free 9941K/14215K, paused 2ms+3ms
06-28 16:12:02.644   274   274 D wpa_supplicant: wpa_driver_wext_driver_cmd RSSI len = 248
06-28 16:12:02.648   274   274 D wpa_supplicant: wpa_driver_wext_driver_cmd UB_Secure rssi -68  len = 19, 19
06-28 16:12:02.648   274   274 D wpa_supplicant: wpa_driver_wext_driver_cmd LINKSPEED len = 248
06-28 16:12:02.648   274   274 D wpa_supplicant: wpa_driver_wext_driver_cmd LinkSpeed 72 len = 12, 12
06-28 16:12:02.933 31180 31195 I GeckoAppShell: GeckoAppShell.alertsProgressListener_OnProgress
06-28 16:12:02.933 31180 31195 I GeckoAppShell: - name = 'download:///mnt/sdcard/Download/phonelab_alpha5.zip', progress = 96 / 100, text = ''
06-28 16:12:03.194   342   342 D SAN_SERVICE: *******************************************
06-28 16:12:03.194   342   342 D SAN_SERVICE: DM App Phone Service State - 0
06-28 16:12:03.194   342   342 D SAN_SERVICE: *******************************************
06-28 16:12:03.355 31180 31195 I GeckoAppShell: GeckoAppShell.alertsProgressListener_OnProgress
06-28 16:12:03.355 31180 31195 I GeckoAppShell: - name = 'download:///mnt/sdcard/Download/phonelab_alpha5.zip', progress = 96 / 100, text = ''
06-28 16:12:03.761 31180 31195 I GeckoAppShell: GeckoAppShell.alertsProgressListener_OnProgress
06-28 16:12:03.761 31180 31195 I GeckoAppShell: - name = 'download:///mnt/sdcard/Download/phonelab_alpha5.zip', progress = 96 / 100, text = ''
06-28 16:12:04.183 31180 31195 I GeckoAppShell: GeckoAppShell.alertsProgressListener_OnProgress
06-28 16:12:04.183 31180 31195 I GeckoAppShell: - name = 'download:///mnt/sdcard/Download/phonelab_alpha5.zip', progress = 96 / 100, text = ''
06-28 16:12:04.608 31180 31195 I GeckoAppShell: GeckoAppShell.alertsProgressListener_OnProgress
06-28 16:12:04.608 31180 31195 I GeckoAppShell: - name = 'download:///mnt/sdcard/Download/phonelab_alpha5.zip', progress = 96 / 100, text = ''
06-28 16:12:05.007 31180 31195 I GeckoAppShell: GeckoAppShell.alertsProgressListener_OnProgress
06-28 16:12:05.007 31180 31195 I GeckoAppShell: - name = 'download:///mnt/sdcard/Download/phonelab_alpha5.zip', progress = 96 / 100, text = ''
06-28 16:12:05.444 31180 31195 I GeckoAppShell: GeckoAppShell.alertsProgressListener_OnProgress
06-28 16:12:05.444 31180 31195 I GeckoAppShell: - name = 'download:///mnt/sdcard/Download/phonelab_alpha5.zip', progress = 96 / 100, text = ''
06-28 16:12:05.651   274   274 D wpa_supplicant: wpa_driver_wext_driver_cmd RSSI len = 248
06-28 16:12:05.663   274   274 D wpa_supplicant: wpa_driver_wext_driver_cmd UB_Secure rssi -69  len = 19, 19
06-28 16:12:05.663   274   274 D wpa_supplicant: wpa_driver_wext_driver_cmd LINKSPEED len = 248
06-28 16:12:05.667   274   274 D wpa_supplicant: wpa_driver_wext_driver_cmd LinkSpeed 72 len = 12, 12
06-28 16:12:05.901 31180 31195 I GeckoAppShell: GeckoAppShell.alertsProgressListener_OnProgress
06-28 16:12:05.901 31180 31195 I GeckoAppShell: - name = 'download:///mnt/sdcard/Download/phonelab_alpha5.zip', progress = 96 / 100, text = ''
06-28 16:12:05.968 31180 31182 D dalvikvm: GC_CONCURRENT freed 379K, 27% free 10501K/14279K, paused 12ms+5ms
06-28 16:12:06.593 31180 31195 I GeckoAppShell: GeckoAppShell.alertsProgressListener_OnProgress
06-28 16:12:06.593 31180 31195 I GeckoAppShell: - name = 'download:///mnt/sdcard/Download/phonelab_alpha5.zip', progress = 96 / 100, text = ''
06-28 16:12:07.007 31180 31195 I GeckoAppShell: GeckoAppShell.alertsProgressListener_OnProgress
06-28 16:12:07.007 31180 31195 I GeckoAppShell: - name = 'download:///mnt/sdcard/Download/phonelab_alpha5.zip', progress = 96 / 100, text = ''
06-28 16:12:07.636 31180 31195 I GeckoAppShell: GeckoAppShell.alertsProgressListener_OnProgress
06-28 16:12:07.636 31180 31195 I GeckoAppShell: - name = 'download:///mnt/sdcard/Download/phonelab_alpha5.zip', progress = 96 / 100, text = ''
06-28 16:12:08.155 31180 31195 I GeckoAppShell: GeckoAppShell.alertsProgressListener_OnProgress
06-28 16:12:08.155 31180 31195 I GeckoAppShell: - name = 'download:///mnt/sdcard/Download/phonelab_alpha5.zip', progress = 96 / 100, text = ''
06-28 16:12:08.585 31180 31195 I GeckoAppShell: GeckoAppShell.alertsProgressListener_OnProgress
06-28 16:12:08.585 31180 31195 I GeckoAppShell: - name = 'download:///mnt/sdcard/Download/phonelab_alpha5.zip', progress = 96 / 100, text = ''
06-28 16:12:08.671   274   274 D wpa_supplicant: wpa_driver_wext_driver_cmd RSSI len = 248
06-28 16:12:08.683   274   274 D wpa_supplicant: wpa_driver_wext_driver_cmd UB_Secure rssi -69  len = 19, 19
06-28 16:12:08.683   274   274 D wpa_supplicant: wpa_driver_wext_driver_cmd LINKSPEED len = 248
06-28 16:12:08.687   274   274 D wpa_supplicant: wpa_driver_wext_driver_cmd LinkSpeed 72 len = 12, 12
06-28 16:12:09.003 31180 31195 I GeckoAppShell: GeckoAppShell.alertsProgressListener_OnProgress
06-28 16:12:09.003 31180 31195 I GeckoAppShell: - name = 'download:///mnt/sdcard/Download/phonelab_alpha5.zip', progress = 96 / 100, text = ''
06-28 16:12:09.616 31180 31195 I GeckoAppShell: GeckoAppShell.alertsProgressListener_OnProgress
06-28 16:12:09.616 31180 31195 I GeckoAppShell: - name = 'download:///mnt/sdcard/Download/phonelab_alpha5.zip', progress = 96 / 100, text = ''
06-28 16:12:10.038 31180 31195 I GeckoAppShell: GeckoAppShell.alertsProgressListener_OnProgress
06-28 16:12:10.038 31180 31195 I GeckoAppShell: - name = 'download:///mnt/sdcard/Download/phonelab_alpha5.zip', progress = 97 / 100, text = ''
06-28 16:12:10.460 31180 31195 I GeckoAppShell: GeckoAppShell.alertsProgressListener_OnProgress
06-28 16:12:10.460 31180 31195 I GeckoAppShell: - name = 'download:///mnt/sdcard/Download/phonelab_alpha5.zip', progress = 97 / 100, text = ''
06-28 16:12:10.870 31180 31195 I GeckoAppShell: GeckoAppShell.alertsProgressListener_OnProgress
06-28 16:12:10.870 31180 31195 I GeckoAppShell: - name = 'download:///mnt/sdcard/Download/phonelab_alpha5.zip', progress = 97 / 100, text = ''
06-28 16:12:11.292 31180 31195 I GeckoAppShell: GeckoAppShell.alertsProgressListener_OnProgress
06-28 16:12:11.292 31180 31195 I GeckoAppShell: - name = 'download:///mnt/sdcard/Download/phonelab_alpha5.zip', progress = 97 / 100, text = ''
06-28 16:12:11.702   274   274 D wpa_supplicant: wpa_driver_wext_driver_cmd RSSI len = 248
06-28 16:12:11.714   274   274 D wpa_supplicant: wpa_driver_wext_driver_cmd UB_Secure rssi -69  len = 19, 19
06-28 16:12:11.718   274   274 D wpa_supplicant: wpa_driver_wext_driver_cmd LINKSPEED len = 248
06-28 16:12:11.718   274   274 D wpa_supplicant: wpa_driver_wext_driver_cmd LinkSpeed 72 len = 12, 12
06-28 16:12:11.726 31180 31195 I GeckoAppShell: GeckoAppShell.alertsProgressListener_OnProgress
06-28 16:12:11.726 31180 31195 I GeckoAppShell: - name = 'download:///mnt/sdcard/Download/phonelab_alpha5.zip', progress = 97 / 100, text = ''
06-28 16:12:12.437 31180 31195 I GeckoAppShell: GeckoAppShell.alertsProgressListener_OnProgress
06-28 16:12:12.437 31180 31195 I GeckoAppShell: - name = 'download:///mnt/sdcard/Download/phonelab_alpha5.zip', progress = 97 / 100, text = ''
06-28 16:12:12.858 31180 31195 I GeckoAppShell: GeckoAppShell.alertsProgressListener_OnProgress
06-28 16:12:12.858 31180 31195 I GeckoAppShell: - name = 'download:///mnt/sdcard/Download/phonelab_alpha5.zip', progress = 97 / 100, text = ''
06-28 16:12:13.273 31180 31195 I GeckoAppShell: GeckoAppShell.alertsProgressListener_OnProgress
06-28 16:12:13.273 31180 31195 I GeckoAppShell: - name = 'download:///mnt/sdcard/Download/phonelab_alpha5.zip', progress = 97 / 100, text = ''
06-28 16:12:13.698 31180 31195 I GeckoAppShell: GeckoAppShell.alertsProgressListener_OnProgress
06-28 16:12:13.698 31180 31195 I GeckoAppShell: - name = 'download:///mnt/sdcard/Download/phonelab_alpha5.zip', progress = 97 / 100, text = ''
06-28 16:12:14.214 31180 31195 I GeckoAppShell: GeckoAppShell.alertsProgressListener_OnProgress
06-28 16:12:14.214 31180 31195 I GeckoAppShell: - name = 'download:///mnt/sdcard/Download/phonelab_alpha5.zip', progress = 97 / 100, text = ''
06-28 16:12:14.632 31180 31195 I GeckoAppShell: GeckoAppShell.alertsProgressListener_OnProgress
06-28 16:12:14.632 31180 31195 I GeckoAppShell: - name = 'download:///mnt/sdcard/Download/phonelab_alpha5.zip', progress = 97 / 100, text = ''
06-28 16:12:14.726   274   274 D wpa_supplicant: wpa_driver_wext_driver_cmd RSSI len = 248
06-28 16:12:14.737   274   274 D wpa_supplicant: wpa_driver_wext_driver_cmd UB_Secure rssi -69  len = 19, 19
06-28 16:12:14.737   274   274 D wpa_supplicant: wpa_driver_wext_driver_cmd LINKSPEED len = 248
06-28 16:12:14.741   274   274 D wpa_supplicant: wpa_driver_wext_driver_cmd LinkSpeed 72 len = 12, 12
06-28 16:12:15.050 31180 31195 I GeckoAppShell: GeckoAppShell.alertsProgressListener_OnProgress
06-28 16:12:15.050 31180 31195 I GeckoAppShell: - name = 'download:///mnt/sdcard/Download/phonelab_alpha5.zip', progress = 97 / 100, text = ''
06-28 16:12:15.468 31180 31195 I GeckoAppShell: GeckoAppShell.alertsProgressListener_OnProgress
06-28 16:12:15.468 31180 31195 I GeckoAppShell: - name = 'download:///mnt/sdcard/Download/phonelab_alpha5.zip', progress = 98 / 100, text = ''
06-28 16:12:15.976 31180 31195 I GeckoAppShell: GeckoAppShell.alertsProgressListener_OnProgress
06-28 16:12:15.976 31180 31195 I GeckoAppShell: - name = 'download:///mnt/sdcard/Download/phonelab_alpha5.zip', progress = 98 / 100, text = ''
06-28 16:12:16.566 31180 31195 I GeckoAppShell: GeckoAppShell.alertsProgressListener_OnProgress
06-28 16:12:16.566 31180 31195 I GeckoAppShell: - name = 'download:///mnt/sdcard/Download/phonelab_alpha5.zip', progress = 98 / 100, text = ''
06-28 16:12:17.073 31180 31195 I GeckoAppShell: GeckoAppShell.alertsProgressListener_OnProgress
06-28 16:12:17.073 31180 31195 I GeckoAppShell: - name = 'download:///mnt/sdcard/Download/phonelab_alpha5.zip', progress = 98 / 100, text = ''
06-28 16:12:17.566 31180 31195 I GeckoAppShell: GeckoAppShell.alertsProgressListener_OnProgress
06-28 16:12:17.566 31180 31195 I GeckoAppShell: - name = 'download:///mnt/sdcard/Download/phonelab_alpha5.zip', progress = 98 / 100, text = ''
06-28 16:12:17.753   274   274 D wpa_supplicant: wpa_driver_wext_driver_cmd RSSI len = 248
06-28 16:12:17.765   274   274 D wpa_supplicant: wpa_driver_wext_driver_cmd UB_Secure rssi -69  len = 19, 19
06-28 16:12:17.765   274   274 D wpa_supplicant: wpa_driver_wext_driver_cmd LINKSPEED len = 248
06-28 16:12:17.769   274   274 D wpa_supplicant: wpa_driver_wext_driver_cmd LinkSpeed 72 len = 12, 12
06-28 16:12:18.058 31180 31195 I GeckoAppShell: GeckoAppShell.alertsProgressListener_OnProgress
06-28 16:12:18.058 31180 31195 I GeckoAppShell: - name = 'download:///mnt/sdcard/Download/phonelab_alpha5.zip', progress = 98 / 100, text = ''
06-28 16:12:18.503 31180 31195 I GeckoAppShell: GeckoAppShell.alertsProgressListener_OnProgress
06-28 16:12:18.503 31180 31195 I GeckoAppShell: - name = 'download:///mnt/sdcard/Download/phonelab_alpha5.zip', progress = 98 / 100, text = ''
06-28 16:12:18.925 31180 31195 I GeckoAppShell: GeckoAppShell.alertsProgressListener_OnProgress
06-28 16:12:18.925 31180 31195 I GeckoAppShell: - name = 'download:///mnt/sdcard/Download/phonelab_alpha5.zip', progress = 98 / 100, text = ''
06-28 16:12:19.343 31180 31195 I GeckoAppShell: GeckoAppShell.alertsProgressListener_OnProgress
06-28 16:12:19.343 31180 31195 I GeckoAppShell: - name = 'download:///mnt/sdcard/Download/phonelab_alpha5.zip', progress = 98 / 100, text = ''
06-28 16:12:19.757 31180 31195 I GeckoAppShell: GeckoAppShell.alertsProgressListener_OnProgress
06-28 16:12:19.757 31180 31195 I GeckoAppShell: - name = 'download:///mnt/sdcard/Download/phonelab_alpha5.zip', progress = 98 / 100, text = ''
06-28 16:12:20.288 31180 31195 I GeckoAppShell: GeckoAppShell.alertsProgressListener_OnProgress
06-28 16:12:20.288 31180 31195 I GeckoAppShell: - name = 'download:///mnt/sdcard/Download/phonelab_alpha5.zip', progress = 98 / 100, text = ''
06-28 16:12:20.780   274   274 D wpa_supplicant: wpa_driver_wext_driver_cmd RSSI len = 248
06-28 16:12:20.800   274   274 D wpa_supplicant: wpa_driver_wext_driver_cmd UB_Secure rssi -69  len = 19, 19
06-28 16:12:20.800   274   274 D wpa_supplicant: wpa_driver_wext_driver_cmd LINKSPEED len = 248
06-28 16:12:20.808   274   274 D wpa_supplicant: wpa_driver_wext_driver_cmd LinkSpeed 72 len = 12, 12
06-28 16:12:20.827 31180 31195 I GeckoAppShell: GeckoAppShell.alertsProgressListener_OnProgress
06-28 16:12:20.827 31180 31195 I GeckoAppShell: - name = 'download:///mnt/sdcard/Download/phonelab_alpha5.zip', progress = 99 / 100, text = ''
06-28 16:12:21.011   213   216 D dalvikvm: GC_CONCURRENT freed 415K, 31% free 9943K/14215K, paused 1ms+3ms
06-28 16:12:21.210 31180 31195 I GeckoAppShell: GeckoAppShell.alertsProgressListener_OnProgress
06-28 16:12:21.210 31180 31195 I GeckoAppShell: - name = 'download:///mnt/sdcard/Download/phonelab_alpha5.zip', progress = 99 / 100, text = ''
06-28 16:12:21.608 31180 31195 I GeckoAppShell: GeckoAppShell.alertsProgressListener_OnProgress
06-28 16:12:21.608 31180 31195 I GeckoAppShell: - name = 'download:///mnt/sdcard/Download/phonelab_alpha5.zip', progress = 99 / 100, text = ''
06-28 16:12:22.066 31180 31195 I GeckoAppShell: GeckoAppShell.alertsProgressListener_OnProgress
06-28 16:12:22.066 31180 31195 I GeckoAppShell: - name = 'download:///mnt/sdcard/Download/phonelab_alpha5.zip', progress = 99 / 100, text = ''
06-28 16:12:22.077 30574 30587 I PhoneLab-: Service Running
06-28 16:12:22.452 31180 31195 I GeckoAppShell: GeckoAppShell.alertsProgressListener_OnProgress
06-28 16:12:22.452 31180 31195 I GeckoAppShell: - name = 'download:///mnt/sdcard/Download/phonelab_alpha5.zip', progress = 99 / 100, text = ''
06-28 16:12:22.679   342   342 D SAN_SERVICE: *******************************************
06-28 16:12:22.679   342   342 D SAN_SERVICE: DM App Phone Service State - 0
06-28 16:12:22.679   342   342 D SAN_SERVICE: *******************************************
06-28 16:12:22.866 31180 31195 I GeckoAppShell: GeckoAppShell.alertsProgressListener_OnProgress
06-28 16:12:22.866 31180 31195 I GeckoAppShell: - name = 'download:///mnt/sdcard/Download/phonelab_alpha5.zip', progress = 99 / 100, text = ''
06-28 16:12:22.917   342   342 D SAN_SERVICE: *******************************************
06-28 16:12:22.917   342   342 D SAN_SERVICE: DM App Phone Service State - 0
06-28 16:12:22.917   342   342 D SAN_SERVICE: *******************************************
06-28 16:12:22.968 30574 30587 I PhoneLab-LoggerService: app_37    1246  1     1440   1000  c00f181c 400107b4 S logcat
06-28 16:12:22.968 30574 30587 I PhoneLab-LoggerService: Logcat pid from database 1246
06-28 16:12:22.972 30574 30587 I PhoneLab-LoggerService: Logcat process found 1246
06-28 16:12:22.972 30574 30587 I PhoneLab-LoggerService: Checking Threshold
06-28 16:12:22.972 30574 30587 I PhoneLab-LoggerService: Starting to rename files
06-28 16:12:22.976 30574 30587 I PhoneLab-LoggerService: Files found .. 3
06-28 16:12:23.171   342   342 D SAN_SERVICE: *******************************************
06-28 16:12:23.171   342   342 D SAN_SERVICE: DM App Phone Service State - 0
06-28 16:12:23.171   342   342 D SAN_SERVICE: *******************************************
06-28 16:12:23.308 31180 31195 I GeckoAppShell: GeckoAppShell.alertsProgressListener_OnProgress
06-28 16:12:23.308 31180 31195 I GeckoAppShell: - name = 'download:///mnt/sdcard/Download/phonelab_alpha5.zip', progress = 100 / 100, text = ''
06-28 16:12:23.663   213   216 D dalvikvm: GC_CONCURRENT freed 580K, 31% free 9872K/14215K, paused 7ms+5ms
06-28 16:12:23.691 31180 31195 I GeckoAppShell: GeckoAppShell.alertsProgressListener_OnProgress
06-28 16:12:23.691 31180 31195 I GeckoAppShell: - name = 'download:///mnt/sdcard/Download/phonelab_alpha5.zip', progress = 100 / 100, text = ''
06-28 16:12:23.816   274   274 D wpa_supplicant: wpa_driver_wext_driver_cmd RSSI len = 248
06-28 16:12:23.816   274   274 D wpa_supplicant: wpa_driver_wext_driver_cmd UB_Secure rssi -68  len = 19, 19
06-28 16:12:23.816   274   274 D wpa_supplicant: wpa_driver_wext_driver_cmd LINKSPEED len = 248
06-28 16:12:23.816   274   274 D wpa_supplicant: wpa_driver_wext_driver_cmd LinkSpeed 72 len = 12, 12
06-28 16:12:23.819   142   450 W InputManagerService: Window already focused, ignoring focus gain of: com.android.internal.view.IInputMethodClient$Stub$Proxy@4187dae0
06-28 16:12:23.843   142   480 I ActivityManager: START {act=android.intent.action.VIEW dat=file:///mnt/sdcard/Download/phonelab_alpha5.zip typ=application/zip flg=0x4000000 cmp=com.metago.astro/.FileManagerActivity2} from pid 31180
06-28 16:12:23.898 31374 31377 D dalvikvm: GC_CONCURRENT freed 449K, 5% free 11268K/11847K, paused 171ms+22ms
06-28 16:12:23.933 31180 31180 I GeckoApp: application paused
06-28 16:12:24.132   142   360 I ActivityManager: Start proc com.metago.astro for activity com.metago.astro/.FileManagerActivity2: pid=31523 uid=10067 gids={3003, 1015}
06-28 16:12:24.155   142   142 I ActivityManager: Start proc android.process.media for service com.android.providers.media/.MediaScannerService: pid=31534 uid=10012 gids={1015, 1023, 1024, 2001, 3003, 3007}
06-28 16:12:24.163 31180 31195 I GeckoAppShell: GeckoAppShell.alertsProgressListener_OnCancel('download:///mnt/sdcard/Download/phonelab_alpha5.zip')
06-28 16:12:24.163 31180 31195 I GeckoAppShell: GeckoAppShell.showAlertNotification
06-28 16:12:24.163 31180 31195 I GeckoAppShell: - image = 'drawable://alertdownloads'
06-28 16:12:24.163 31180 31195 I GeckoAppShell: - title = 'Downloads'
06-28 16:12:24.163 31180 31195 I GeckoAppShell: - text = 'phonelab_alpha5.zip has finished downloading'
06-28 16:12:24.163 31180 31195 I GeckoAppShell: - cookie = ''
06-28 16:12:24.163 31180 31195 I GeckoAppShell: - name = 'download:///mnt/sdcard/Download/phonelab_alpha5.zip'
06-28 16:12:24.171 31180 31195 I GeckoAppShell: Created notification ID -444479336
06-28 16:12:24.202 31523 31523 I dalvikvm: Turning on JNI app bug workarounds for target SDK version 11...
06-28 16:12:24.515 31180 31180 D OpenGLRenderer: Flushing caches (mode 1)
06-28 16:12:24.573 31534 31534 I ActivityThread: Pub downloads: com.android.providers.downloads.DownloadProvider
06-28 16:12:24.808   142   158 I Process : Sending signal. PID: 31523 SIG: 3
06-28 16:12:24.808 31523 31527 I dalvikvm: threadid=3: reacting to signal 3
06-28 16:12:24.835 31180 31180 D OpenGLRenderer: Flushing caches (mode 0)
06-28 16:12:25.214 31534 31534 I ActivityThread: Pub drm: com.android.providers.drm.DrmProvider
06-28 16:12:25.214 31534 31550 I DownloadManager: in removeSpuriousFiles
06-28 16:12:25.245   142   158 I Process : Sending signal. PID: 31523 SIG: 3
06-28 16:12:25.249 31534 31534 I ActivityThread: Pub media: com.android.providers.media.MediaProvider
06-28 16:12:25.269 31534 31550 I DownloadManager: in removeSpuriousFiles, preserving file /data/data/com.android.providers.downloads/cache/metadata.json
06-28 16:12:25.269 31534 31550 I DownloadManager: in removeSpuriousFiles, preserving file /data/data/com.android.providers.downloads/cache/en_general.htm
06-28 16:12:25.269 31534 31550 I DownloadManager: in removeSpuriousFiles, preserving file /mnt/sdcard/Download/img-thing.jpeg
06-28 16:12:25.269 31534 31550 I DownloadManager: in removeSpuriousFiles, preserving file /data/data/com.android.providers.downloads/cache/metadata-1.json
06-28 16:12:25.269 31534 31550 I DownloadManager: in removeSpuriousFiles, preserving file /data/data/com.android.providers.downloads/cache/downloadfile.jpeg
06-28 16:12:25.273 31534 31550 I DownloadManager: in removeSpuriousFiles, preserving file /data/data/com.android.providers.downloads/cache/metadata-2.json
06-28 16:12:25.280 31534 31550 I DownloadManager: deleting spurious file /cache/backup
06-28 16:12:25.319 31523 31527 I dalvikvm: Wrote stack traces to '/data/anr/traces.txt'
06-28 16:12:25.327 31523 31527 I dalvikvm: threadid=3: reacting to signal 3
06-28 16:12:25.362 31523 31527 E dalvikvm: Unable to open stack trace file '/data/anr/traces.txt': Is a directory
06-28 16:12:25.382   213   216 D dalvikvm: GC_CONCURRENT freed 494K, 32% free 9791K/14215K, paused 2ms+9ms
06-28 16:12:25.495 31523 31523 I ActivityThread: Pub com.metago.astro.extension: com.metago.astro.provider.FileExtensionProvider
06-28 16:12:25.503 31523 31523 I ActivityThread: Pub com.metago.astro.filesystem: com.metago.astro.provider.FileSystemProvider
06-28 16:12:25.503 31523 31523 I ActivityThread: Pub com.metago.astro.network.sftp: com.metago.astro.provider.FTPFileProvider
06-28 16:12:25.503 31523 31523 I ActivityThread: Pub com.metago.astro.search.suggestions: com.metago.astro.provider.SearchSuggestionProvider
06-28 16:12:25.507 31523 31523 I ActivityThread: Pub com.metago.astro.theme.themeprovider: com.metago.astro.theme.ThemeProvider
06-28 16:12:25.601   213   216 D dalvikvm: GC_CONCURRENT freed 303K, 30% free 9955K/14215K, paused 1ms+11ms
06-28 16:12:25.718 31534 31537 D dalvikvm: GC_CONCURRENT freed 324K, 5% free 9211K/9607K, paused 35ms+2ms
06-28 16:12:25.741 31523 31523 I ActivityThread: Pub com.metago.astro.compressed: com.metago.astro.provider.CompressedFileProvider
06-28 16:12:25.753   142   158 I Process : Sending signal. PID: 31523 SIG: 3
06-28 16:12:25.753 31523 31527 I dalvikvm: threadid=3: reacting to signal 3
06-28 16:12:25.757 31523 31527 I dalvikvm: Wrote stack traces to '/data/anr/traces.txt'
06-28 16:12:25.866   142   142 D dalvikvm: GC_EXPLICIT freed 1267K, 30% free 15893K/22599K, paused 4ms+8ms
06-28 16:12:26.019 31523 31523 E dalvikvm: Could not find class 'com.kyocera.dualscreen.DualScreen', referenced from method com.metago.astro.FileManagerActivity2.u
06-28 16:12:26.019 31523 31523 W dalvikvm: VFY: unable to resolve new-instance 981 (Lcom/kyocera/dualscreen/DualScreen;) in Lcom/metago/astro/FileManagerActivity2;
06-28 16:12:26.019 31523 31523 D dalvikvm: VFY: replacing opcode 0x22 at 0x000b
