06-20 20:11:34.605  2869  2869 D wpa_supplicant: Received 3035 bytes of scan results (17 BSSes)
06-20 20:11:34.617  2869  2869 D wpa_supplicant: wlan0: Request association: reassociate: 0  selected: d0:c2:82:2d:ea:c0  bssid: 00:00:00:00:00:00  pending: 00:00:00:00:00:00  wpa_state: SCANNING
06-20 20:11:34.621  2869  2869 I wpa_supplicant: wlan0: Trying to associate with d0:c2:82:2d:ea:c0 (SSID='UB_Secure' freq=2462 MHz)
06-20 20:11:34.621  2869  2869 D wpa_supplicant: RSN: Trying to use cached PMKSA
06-20 20:11:34.625  2869  2869 D wpa_supplicant: wpa_driver_wext_set_operstate: operstate 0->0 (DORMANT)
06-20 20:11:34.629  2869  2869 D wpa_supplicant: netlink: Operstate: linkmode=-1, operstate=5
06-20 20:11:34.636  2869  2869 D wpa_supplicant: wpa_driver_wext_associate
06-20 20:11:34.636  2869  2869 D wpa_supplicant: wpa_driver_wext_set_drop_unencrypted
06-20 20:11:34.640  2869  2869 D wpa_supplicant: wpa_driver_wext_set_psk
06-20 20:11:34.648 15259 15280 W System.err: 	at org.kxml2.io.KXmlParser.next(KXmlParser.java:346)
06-20 20:11:34.648 15259 15280 W System.err: 	at org.kxml2.io.KXmlParser.next(KXmlParser.java:310)
06-20 20:11:34.648 15259 15280 W System.err: 	at org.jivesoftware.smack.PacketReader.parsePackets(PacketReader.java:321)
06-20 20:11:34.648 15259 15280 W System.err: 	at org.jivesoftware.smack.PacketReader.access$1(PacketReader.java:216)
06-20 20:11:34.648 15259 15280 W System.err: 	at org.jivesoftware.smack.PacketReader$1.run(PacketReader.java:70)
06-20 20:11:34.726  2869  2869 D wpa_supplicant: EAPOL: External notification - EAP success=0
06-20 20:11:34.726  2869  2869 D wpa_supplicant: EAPOL: Supplicant port status: Unauthorized
06-20 20:11:34.726  2869  2869 D wpa_supplicant: EAPOL: External notification - EAP fail=0
06-20 20:11:34.726  2869  2869 D wpa_supplicant: EAPOL: Supplicant port status: Unauthorized
06-20 20:11:34.726  2869  2869 D wpa_supplicant: EAPOL: External notification - portControl=Auto
06-20 20:11:34.726  2869  2869 D wpa_supplicant: EAPOL: Supplicant port status: Unauthorized
06-20 20:11:34.726  2869  2869 D wpa_supplicant: RSN: Ignored PMKID candidate without preauth flag
06-20 20:11:34.726  2869  2869 D wpa_supplicant: RSN: Ignored PMKID candidate without preauth flag
06-20 20:11:34.726  2869  2869 D wpa_supplicant: RSN: Ignored PMKID candidate without preauth flag
06-20 20:11:34.726  2869  2869 D wpa_supplicant: RSN: Ignored PMKID candidate without preauth flag
06-20 20:11:34.742  2869  2869 D wpa_supplicant: RTM_NEWLINK: operstate=0 ifi_flags=0x11003 ([UP][LOWER_UP])
06-20 20:11:34.742  2869  2869 D wpa_supplicant: RTM_NEWLINK, IFLA_IFNAME: Interface 'wlan0' added
06-20 20:11:34.742  2869  2869 D wpa_supplicant: Wireless event: cmd=0x8b06 len=8
06-20 20:11:34.742  2869  2869 D wpa_supplicant: RTM_NEWLINK: operstate=0 ifi_flags=0x11003 ([UP][LOWER_UP])
06-20 20:11:34.742  2869  2869 D wpa_supplicant: RTM_NEWLINK, IFLA_IFNAME: Interface 'wlan0' added
06-20 20:11:34.742  2869  2869 D wpa_supplicant: Wireless event: cmd=0x8b04 len=12
06-20 20:11:34.742  2869  2869 D wpa_supplicant: RTM_NEWLINK: operstate=0 ifi_flags=0x11003 ([UP][LOWER_UP])
06-20 20:11:34.742  2869  2869 D wpa_supplicant: RTM_NEWLINK, IFLA_IFNAME: Interface 'wlan0' added
06-20 20:11:34.742  2869  2869 D wpa_supplicant: Wireless event: cmd=0x8b1a len=17
06-20 20:11:34.742  2869  2869 D wpa_supplicant: RTM_NEWLINK: operstate=0 ifi_flags=0x11003 ([UP][LOWER_UP])
06-20 20:11:34.742  2869  2869 D wpa_supplicant: RTM_NEWLINK, IFLA_IFNAME: Interface 'wlan0' added
06-20 20:11:34.742  2869  2869 D wpa_supplicant: Wireless event: cmd=0x8b15 len=20
06-20 20:11:34.742  2869  2869 D wpa_supplicant: Wireless event: new AP: d0:c2:82:2d:ea:c0
06-20 20:11:34.742  2869  2869 D wpa_supplicant: wpa_driver_wext_set_operstate: operstate 0->0 (DORMANT)
06-20 20:11:34.742  2869  2869 D wpa_supplicant: netlink: Operstate: linkmode=-1, operstate=5
06-20 20:11:34.750  2869  2869 I wpa_supplicant: wlan0: Associated with d0:c2:82:2d:ea:c0
06-20 20:11:34.750  2869  2869 D wpa_supplicant: EAPOL: External notification - portEnabled=0
06-20 20:11:34.750  2869  2869 D wpa_supplicant: EAPOL: Supplicant port status: Unauthorized
06-20 20:11:34.750  2869  2869 D wpa_supplicant: EAPOL: External notification - portValid=0
06-20 20:11:34.750  2869  2869 D wpa_supplicant: EAPOL: Supplicant port status: Unauthorized
06-20 20:11:34.750  2869  2869 D wpa_supplicant: EAPOL: External notification - portEnabled=1
06-20 20:11:34.750  2869  2869 D wpa_supplicant: EAPOL: SUPP_PAE entering state CONNECTING
06-20 20:11:34.750  2869  2869 D wpa_supplicant: EAPOL: enable timer tick
06-20 20:11:34.750  2869  2869 D wpa_supplicant: EAPOL: SUPP_BE entering state IDLE
06-20 20:11:34.750  2869  2869 D wpa_supplicant: EAP: EAP entering state INITIALIZE
06-20 20:11:34.750  2869  2869 D wpa_supplicant: EAP: EAP entering state IDLE
06-20 20:11:34.750  2869  2869 D wpa_supplicant: RSN: Authenticator did not accept PMKID, doing full EAP authentication
06-20 20:11:34.750  2869  2869 D wpa_supplicant: EAPOL: Supplicant port status: Unauthorized
06-20 20:11:34.750  2869  2869 D wpa_supplicant: EAPOL: Received EAP-Packet frame
06-20 20:11:34.750  2869  2869 D wpa_supplicant: EAPOL: SUPP_PAE entering state RESTART
06-20 20:11:34.750  2869  2869 D wpa_supplicant: EAP: EAP entering state INITIALIZE
06-20 20:11:34.750  2869  2869 D wpa_supplicant: EAP: EAP entering state IDLE
06-20 20:11:34.750  2869  2869 D wpa_supplicant: EAPOL: SUPP_PAE entering state AUTHENTICATING
06-20 20:11:34.750  2869  2869 D wpa_supplicant: EAPOL: SUPP_BE entering state REQUEST
06-20 20:11:34.750  2869  2869 D wpa_supplicant: EAPOL: getSuppRsp
06-20 20:11:34.750  2869  2869 D wpa_supplicant: EAP: EAP entering state RECEIVED
06-20 20:11:34.750  2869  2869 D wpa_supplicant: EAP: Received EAP-Request id=1 method=1 vendor=0 vendorMethod=0
06-20 20:11:34.750  2869  2869 D wpa_supplicant: EAP: EAP entering state IDENTITY
06-20 20:11:34.750  2869  2869 I wpa_supplicant: wlan0: CTRL-EVENT-EAP-STARTED EAP authentication started
06-20 20:11:34.754  2869  2869 D wpa_supplicant: EAP: EAP entering state SEND_RESPONSE
06-20 20:11:34.754  2869  2869 D wpa_supplicant: EAP: EAP entering state IDLE
06-20 20:11:34.754  2869  2869 D wpa_supplicant: EAPOL: SUPP_BE entering state RESPONSE
06-20 20:11:34.754  2869  2869 D wpa_supplicant: EAPOL: txSuppRsp
06-20 20:11:34.754  2869  2869 D wpa_supplicant: TX EAPOL: dst=d0:c2:82:2d:ea:c0
06-20 20:11:34.754  2869  2869 D wpa_supplicant: EAPOL: SUPP_BE entering state RECEIVE
06-20 20:11:34.765  2869  2869 D wpa_supplicant: EAPOL: Received EAP-Packet frame
06-20 20:11:34.765  2869  2869 D wpa_supplicant: EAPOL: SUPP_BE entering state REQUEST
06-20 20:11:34.765  2869  2869 D wpa_supplicant: EAPOL: getSuppRsp
06-20 20:11:34.765  2869  2869 D wpa_supplicant: EAP: EAP entering state RECEIVED
06-20 20:11:34.765  2869  2869 D wpa_supplicant: EAP: Received EAP-Request id=2 method=4 vendor=0 vendorMethod=0
06-20 20:11:34.765  2869  2869 D wpa_supplicant: EAP: EAP entering state GET_METHOD
06-20 20:11:34.765  2869  2869 D wpa_supplicant: EAP: configuration does not allow: vendor 0 method 4
06-20 20:11:34.765  2869  2869 D wpa_supplicant: EAP: vendor 0 method 4 not allowed
06-20 20:11:34.765  2869  2869 I wpa_supplicant: wlan0: CTRL-EVENT-EAP-PROPOSED-METHOD vendor=0 method=4 -> NAK
06-20 20:11:34.765  2869  2869 D wpa_supplicant: EAP: Building EAP-Nak (requested type 4 vendor=0 method=0 not allowed)
06-20 20:11:34.765  2869  2869 D wpa_supplicant: EAP: EAP entering state SEND_RESPONSE
06-20 20:11:34.765  2869  2869 D wpa_supplicant: EAP: EAP entering state IDLE
06-20 20:11:34.765  2869  2869 D wpa_supplicant: EAPOL: SUPP_BE entering state RESPONSE
06-20 20:11:34.765  2869  2869 D wpa_supplicant: EAPOL: txSuppRsp
06-20 20:11:34.765  2869  2869 D wpa_supplicant: TX EAPOL: dst=d0:c2:82:2d:ea:c0
06-20 20:11:34.765  2869  2869 D wpa_supplicant: EAPOL: SUPP_BE entering state RECEIVE
06-20 20:11:34.773  2869  2869 D wpa_supplicant: EAPOL: Received EAP-Packet frame
06-20 20:11:34.773  2869  2869 D wpa_supplicant: EAPOL: SUPP_BE entering state REQUEST
06-20 20:11:34.773  2869  2869 D wpa_supplicant: EAPOL: getSuppRsp
06-20 20:11:34.773  2869  2869 D wpa_supplicant: EAP: EAP entering state RECEIVED
06-20 20:11:34.773  2869  2869 D wpa_supplicant: EAP: Received EAP-Request id=3 method=25 vendor=0 vendorMethod=0
06-20 20:11:34.773  2869  2869 D wpa_supplicant: EAP: EAP entering state GET_METHOD
06-20 20:11:34.773  2869  2869 I wpa_supplicant: wlan0: CTRL-EVENT-EAP-PROPOSED-METHOD vendor=0 method=25
06-20 20:11:34.773  2869  2869 D wpa_supplicant: EAP: Initialize selected EAP method: vendor 0 method 25 (PEAP)
06-20 20:11:34.773  2869  2869 D wpa_supplicant: TLS: using phase1 config options
06-20 20:11:34.773  2869  2869 I wpa_supplicant: wlan0: CTRL-EVENT-EAP-METHOD EAP vendor 0 method 25 (PEAP) selected
06-20 20:11:34.773  2869  2869 D wpa_supplicant: EAP: EAP entering state METHOD
06-20 20:11:34.773  2869  2869 D wpa_supplicant: SSL: Received packet(len=6) - Flags 0x20
06-20 20:11:34.773  2869  2869 D wpa_supplicant: EAP-PEAP: Start (server ver=0, own ver=1)
06-20 20:11:34.773  2869  2869 D wpa_supplicant: EAP-PEAP: Using PEAP version 0
06-20 20:11:34.773  2869  2869 D wpa_supplicant: SSL: (where=0x10 ret=0x1)
06-20 20:11:34.773  2869  2869 D wpa_supplicant: SSL: (where=0x1001 ret=0x1)
06-20 20:11:34.773  2869  2869 D wpa_supplicant: SSL: SSL_connect:before/connect initialization
06-20 20:11:34.773  2869  2869 D wpa_supplicant: SSL: (where=0x1001 ret=0x1)
06-20 20:11:34.773  2869  2869 D wpa_supplicant: SSL: SSL_connect:SSLv3 write client hello A
06-20 20:11:34.773  2869  2869 D wpa_supplicant: SSL: (where=0x1002 ret=0xffffffff)
06-20 20:11:34.773  2869  2869 D wpa_supplicant: SSL: SSL_connect:error in SSLv3 read server hello A
06-20 20:11:34.773  2869  2869 D wpa_supplicant: SSL: SSL_connect - want more data
06-20 20:11:34.773  2869  2869 D wpa_supplicant: SSL: 190 bytes pending from ssl_out
06-20 20:11:34.773  2869  2869 D wpa_supplicant: SSL: 190 bytes left to be sent out (of total 190 bytes)
06-20 20:11:34.773  2869  2869 D wpa_supplicant: EAP: method process -> ignore=FALSE methodState=MAY_CONT decision=FAIL
06-20 20:11:34.773  2869  2869 D wpa_supplicant: EAP: EAP entering state SEND_RESPONSE
06-20 20:11:34.773  2869  2869 D wpa_supplicant: EAP: EAP entering state IDLE
06-20 20:11:34.773  2869  2869 D wpa_supplicant: EAPOL: SUPP_BE entering state RESPONSE
06-20 20:11:34.773  2869  2869 D wpa_supplicant: EAPOL: txSuppRsp
06-20 20:11:34.773  2869  2869 D wpa_supplicant: TX EAPOL: dst=d0:c2:82:2d:ea:c0
06-20 20:11:34.773  2869  2869 D wpa_supplicant: EAPOL: SUPP_BE entering state RECEIVE
06-20 20:11:34.804  2869  2869 D wpa_supplicant: RTM_NEWLINK: operstate=0 ifi_flags=0x11003 ([UP][LOWER_UP])
06-20 20:11:34.804  2869  2869 D wpa_supplicant: RTM_NEWLINK, IFLA_IFNAME: Interface 'wlan0' added
06-20 20:11:34.804  2869  2869 D wpa_supplicant: Wireless event: cmd=0x8c03 len=20
06-20 20:11:34.804  2869  2869 D wpa_supplicant: RTM_NEWLINK: operstate=0 ifi_flags=0x11003 ([UP][LOWER_UP])
06-20 20:11:34.804  2869  2869 D wpa_supplicant: RTM_NEWLINK, IFLA_IFNAME: Interface 'wlan0' added
06-20 20:11:34.804  2869  2869 D wpa_supplicant: Wireless event: cmd=0x8c02 len=26
06-20 20:11:34.808  2869  2869 D wpa_supplicant: EAPOL: Received EAP-Packet frame
06-20 20:11:34.808  2869  2869 D wpa_supplicant: EAPOL: SUPP_BE entering state REQUEST
06-20 20:11:34.808  2869  2869 D wpa_supplicant: EAPOL: getSuppRsp
06-20 20:11:34.808  2869  2869 D wpa_supplicant: EAP: EAP entering state RECEIVED
06-20 20:11:34.808  2869  2869 D wpa_supplicant: EAP: Received EAP-Request id=4 method=25 vendor=0 vendorMethod=0
06-20 20:11:34.808  2869  2869 D wpa_supplicant: EAP: EAP entering state METHOD
06-20 20:11:34.808  2869  2869 D wpa_supplicant: SSL: Received packet(len=1024) - Flags 0xc0
06-20 20:11:34.808  2869  2869 D wpa_supplicant: SSL: TLS Message Length: 4310
06-20 20:11:34.808  2869  2869 D wpa_supplicant: SSL: Need 3296 bytes more input data
06-20 20:11:34.808  2869  2869 D wpa_supplicant: SSL: Building ACK (type=25 id=4 ver=0)
06-20 20:11:34.808  2869  2869 D wpa_supplicant: EAP: method process -> ignore=FALSE methodState=MAY_CONT decision=FAIL
06-20 20:11:34.808  2869  2869 D wpa_supplicant: EAP: EAP entering state SEND_RESPONSE
06-20 20:11:34.808  2869  2869 D wpa_supplicant: EAP: EAP entering state IDLE
06-20 20:11:34.808  2869  2869 D wpa_supplicant: EAPOL: SUPP_BE entering state RESPONSE
06-20 20:11:34.808  2869  2869 D wpa_supplicant: EAPOL: txSuppRsp
06-20 20:11:34.808  2869  2869 D wpa_supplicant: TX EAPOL: dst=d0:c2:82:2d:ea:c0
06-20 20:11:34.808  2869  2869 D wpa_supplicant: EAPOL: SUPP_BE entering state RECEIVE
06-20 20:11:34.812  2869  2869 D wpa_supplicant: EAPOL: Received EAP-Packet frame
06-20 20:11:34.812  2869  2869 D wpa_supplicant: EAPOL: SUPP_BE entering state REQUEST
06-20 20:11:34.812  2869  2869 D wpa_supplicant: EAPOL: getSuppRsp
06-20 20:11:34.812  2869  2869 D wpa_supplicant: EAP: EAP entering state RECEIVED
06-20 20:11:34.812  2869  2869 D wpa_supplicant: EAP: Received EAP-Request id=5 method=25 vendor=0 vendorMethod=0
06-20 20:11:34.812  2869  2869 D wpa_supplicant: EAP: EAP entering state METHOD
06-20 20:11:34.812  2869  2869 D wpa_supplicant: SSL: Received packet(len=1020) - Flags 0x40
06-20 20:11:34.812  2869  2869 D wpa_supplicant: SSL: Need 2282 bytes more input data
06-20 20:11:34.812  2869  2869 D wpa_supplicant: SSL: Building ACK (type=25 id=5 ver=0)
06-20 20:11:34.812  2869  2869 D wpa_supplicant: EAP: method process -> ignore=FALSE methodState=MAY_CONT decision=FAIL
06-20 20:11:34.812  2869  2869 D wpa_supplicant: EAP: EAP entering state SEND_RESPONSE
06-20 20:11:34.812  2869  2869 D wpa_supplicant: EAP: EAP entering state IDLE
06-20 20:11:34.812  2869  2869 D wpa_supplicant: EAPOL: SUPP_BE entering state RESPONSE
06-20 20:11:34.812  2869  2869 D wpa_supplicant: EAPOL: txSuppRsp
06-20 20:11:34.812  2869  2869 D wpa_supplicant: TX EAPOL: dst=d0:c2:82:2d:ea:c0
06-20 20:11:34.812  2869  2869 D wpa_supplicant: EAPOL: SUPP_BE entering state RECEIVE
06-20 20:11:34.816  2869  2869 D wpa_supplicant: EAPOL: Received EAP-Packet frame
06-20 20:11:34.816  2869  2869 D wpa_supplicant: EAPOL: SUPP_BE entering state REQUEST
06-20 20:11:34.816  2869  2869 D wpa_supplicant: EAPOL: getSuppRsp
06-20 20:11:34.816  2869  2869 D wpa_supplicant: EAP: EAP entering state RECEIVED
06-20 20:11:34.816  2869  2869 D wpa_supplicant: EAP: Received EAP-Request id=6 method=25 vendor=0 vendorMethod=0
06-20 20:11:34.816  2869  2869 D wpa_supplicant: EAP: EAP entering state METHOD
06-20 20:11:34.816  2869  2869 D wpa_supplicant: SSL: Received packet(len=1020) - Flags 0x40
06-20 20:11:34.816  2869  2869 D wpa_supplicant: SSL: Need 1268 bytes more input data
06-20 20:11:34.816  2869  2869 D wpa_supplicant: SSL: Building ACK (type=25 id=6 ver=0)
06-20 20:11:34.816  2869  2869 D wpa_supplicant: EAP: method process -> ignore=FALSE methodState=MAY_CONT decision=FAIL
06-20 20:11:34.816  2869  2869 D wpa_supplicant: EAP: EAP entering state SEND_RESPONSE
06-20 20:11:34.816  2869  2869 D wpa_supplicant: EAP: EAP entering state IDLE
06-20 20:11:34.816  2869  2869 D wpa_supplicant: EAPOL: SUPP_BE entering state RESPONSE
06-20 20:11:34.816  2869  2869 D wpa_supplicant: EAPOL: txSuppRsp
06-20 20:11:34.816  2869  2869 D wpa_supplicant: TX EAPOL: dst=d0:c2:82:2d:ea:c0
06-20 20:11:34.816  2869  2869 D wpa_supplicant: EAPOL: SUPP_BE entering state RECEIVE
06-20 20:11:34.820  2869  2869 D wpa_supplicant: EAPOL: Received EAP-Packet frame
06-20 20:11:34.820  2869  2869 D wpa_supplicant: EAPOL: SUPP_BE entering state REQUEST
06-20 20:11:34.820  2869  2869 D wpa_supplicant: EAPOL: getSuppRsp
06-20 20:11:34.820  2869  2869 D wpa_supplicant: EAP: EAP entering state RECEIVED
06-20 20:11:34.820  2869  2869 D wpa_supplicant: EAP: Received EAP-Request id=7 method=25 vendor=0 vendorMethod=0
06-20 20:11:34.820  2869  2869 D wpa_supplicant: EAP: EAP entering state METHOD
06-20 20:11:34.820  2869  2869 D wpa_supplicant: SSL: Received packet(len=1020) - Flags 0x40
06-20 20:11:34.820  2869  2869 D wpa_supplicant: SSL: Need 254 bytes more input data
06-20 20:11:34.820  2869  2869 D wpa_supplicant: SSL: Building ACK (type=25 id=7 ver=0)
06-20 20:11:34.820  2869  2869 D wpa_supplicant: EAP: method process -> ignore=FALSE methodState=MAY_CONT decision=FAIL
06-20 20:11:34.820  2869  2869 D wpa_supplicant: EAP: EAP entering state SEND_RESPONSE
06-20 20:11:34.820  2869  2869 D wpa_supplicant: EAP: EAP entering state IDLE
06-20 20:11:34.820  2869  2869 D wpa_supplicant: EAPOL: SUPP_BE entering state RESPONSE
06-20 20:11:34.820  2869  2869 D wpa_supplicant: EAPOL: txSuppRsp
06-20 20:11:34.820  2869  2869 D wpa_supplicant: TX EAPOL: dst=d0:c2:82:2d:ea:c0
06-20 20:11:34.820  2869  2869 D wpa_supplicant: EAPOL: SUPP_BE entering state RECEIVE
06-20 20:11:34.820  2869  2869 D wpa_supplicant: EAPOL: Received EAP-Packet frame
06-20 20:11:34.820  2869  2869 D wpa_supplicant: EAPOL: SUPP_BE entering state REQUEST
06-20 20:11:34.820  2869  2869 D wpa_supplicant: EAPOL: getSuppRsp
06-20 20:11:34.820  2869  2869 D wpa_supplicant: EAP: EAP entering state RECEIVED
06-20 20:11:34.820  2869  2869 D wpa_supplicant: EAP: Received EAP-Request id=8 method=25 vendor=0 vendorMethod=0
06-20 20:11:34.820  2869  2869 D wpa_supplicant: EAP: EAP entering state METHOD
06-20 20:11:34.820  2869  2869 D wpa_supplicant: SSL: Received packet(len=260) - Flags 0x00
06-20 20:11:34.824  2869  2869 D wpa_supplicant: SSL: (where=0x1001 ret=0x1)
06-20 20:11:34.824  2869  2869 D wpa_supplicant: SSL: SSL_connect:SSLv3 read server hello A
06-20 20:11:34.836  2869  2869 D wpa_supplicant: TLS: tls_verify_cb - preverify_ok=1 err=19 (self signed certificate in certificate chain) ca_cert_verify=0 depth=2 buf='/C=US/O=Entrust.net/OU=www.entrust.net/CPS incorp. by ref. (limits liab.)/OU=(c) 1999 Entrust.net Limited/CN=Entrust.net Secure Server Certification Authority'
06-20 20:11:34.836  2869  2869 I wpa_supplicant: wlan0: CTRL-EVENT-EAP-PEER-CERT depth=2 subject='/C=US/O=Entrust.net/OU=www.entrust.net/CPS incorp. by ref. (limits liab.)/OU=(c) 1999 Entrust.net Limited/CN=Entrust.net Secure Server Certification Authority'
06-20 20:11:34.836  2869  2869 D wpa_supplicant: TLS: tls_verify_cb - preverify_ok=1 err=19 (self signed certificate in certificate chain) ca_cert_verify=0 depth=2 buf='/C=US/O=Entrust.net/OU=www.entrust.net/CPS incorp. by ref. (limits liab.)/OU=(c) 1999 Entrust.net Limited/CN=Entrust.net Secure Server Certification Authority'
06-20 20:11:34.836  2869  2869 I wpa_supplicant: wlan0: CTRL-EVENT-EAP-PEER-CERT depth=2 subject='/C=US/O=Entrust.net/OU=www.entrust.net/CPS incorp. by ref. (limits liab.)/OU=(c) 1999 Entrust.net Limited/CN=Entrust.net Secure Server Certification Authority'
06-20 20:11:34.840  2869  2869 D wpa_supplicant: TLS: tls_verify_cb - preverify_ok=1 err=19 (self signed certificate in certificate chain) ca_cert_verify=0 depth=1 buf='/C=US/ST=UT/L=Salt Lake City/O=The USERTRUST Network/CN=USERTrust Legacy Secure Server CA'
06-20 20:11:34.840  2869  2869 I wpa_supplicant: wlan0: CTRL-EVENT-EAP-PEER-CERT depth=1 subject='/C=US/ST=UT/L=Salt Lake City/O=The USERTRUST Network/CN=USERTrust Legacy Secure Server CA'
06-20 20:11:34.843  2869  2869 D wpa_supplicant: TLS: tls_verify_cb - preverify_ok=1 err=19 (self signed certificate in certificate chain) ca_cert_verify=0 depth=0 buf='/C=US/postalCode=14260/ST=New York/L=Buffalo/street=305 Computing Center/O=SUNY AT BUFFALO/OU=Issued through UNIVERSITY AT BUFFALO E-PKI Manager/OU=Comodo PremiumSSL Legacy/CN=radius2.cit.buffalo.edu'
06-20 20:11:34.843  2869  2869 I wpa_supplicant: wlan0: CTRL-EVENT-EAP-PEER-CERT depth=0 subject='/C=US/postalCode=14260/ST=New York/L=Buffalo/street=305 Computing Center/O=SUNY AT BUFFALO/OU=Issued through UNIVERSITY AT BUFFALO E-PKI Manager/OU=Comodo PremiumSSL Legacy/CN=radius2.cit.buffalo.edu'
06-20 20:11:34.843  2869  2869 D wpa_supplicant: SSL: (where=0x1001 ret=0x1)
06-20 20:11:34.843  2869  2869 D wpa_supplicant: SSL: SSL_connect:SSLv3 read server certificate A
06-20 20:11:34.847  2869  2869 D wpa_supplicant: SSL: (where=0x1001 ret=0x1)
06-20 20:11:34.847  2869  2869 D wpa_supplicant: SSL: SSL_connect:SSLv3 read server key exchange A
06-20 20:11:34.847  2869  2869 D wpa_supplicant: SSL: (where=0x1001 ret=0x1)
06-20 20:11:34.847  2869  2869 D wpa_supplicant: SSL: SSL_connect:SSLv3 read server done A
06-20 20:11:34.855  2869  2869 D wpa_supplicant: SSL: (where=0x1001 ret=0x1)
06-20 20:11:34.855  2869  2869 D wpa_supplicant: SSL: SSL_connect:SSLv3 write client key exchange A
06-20 20:11:34.855  2869  2869 D wpa_supplicant: SSL: (where=0x1001 ret=0x1)
06-20 20:11:34.855  2869  2869 D wpa_supplicant: SSL: SSL_connect:SSLv3 write change cipher spec A
06-20 20:11:34.855  2869  2869 D wpa_supplicant: SSL: (where=0x1001 ret=0x1)
06-20 20:11:34.855  2869  2869 D wpa_supplicant: SSL: SSL_connect:SSLv3 write finished A
06-20 20:11:34.855  2869  2869 D wpa_supplicant: SSL: (where=0x1001 ret=0x1)
06-20 20:11:34.855  2869  2869 D wpa_supplicant: SSL: SSL_connect:SSLv3 flush data
06-20 20:11:34.855  2869  2869 D wpa_supplicant: SSL: (where=0x1002 ret=0xffffffff)
06-20 20:11:34.855  2869  2869 D wpa_supplicant: SSL: SSL_connect:error in SSLv3 read server session ticket A
06-20 20:11:34.855  2869  2869 D wpa_supplicant: SSL: SSL_connect - want more data
06-20 20:11:34.855  2869  2869 D wpa_supplicant: SSL: 134 bytes pending from ssl_out
06-20 20:11:34.855  2869  2869 D wpa_supplicant: SSL: 134 bytes left to be sent out (of total 134 bytes)
06-20 20:11:34.855  2869  2869 D wpa_supplicant: EAP: method process -> ignore=FALSE methodState=MAY_CONT decision=FAIL
06-20 20:11:34.855  2869  2869 D wpa_supplicant: EAP: EAP entering state SEND_RESPONSE
06-20 20:11:34.855  2869  2869 D wpa_supplicant: EAP: EAP entering state IDLE
06-20 20:11:34.855  2869  2869 D wpa_supplicant: EAPOL: SUPP_BE entering state RESPONSE
06-20 20:11:34.855  2869  2869 D wpa_supplicant: EAPOL: txSuppRsp
06-20 20:11:34.855  2869  2869 D wpa_supplicant: TX EAPOL: dst=d0:c2:82:2d:ea:c0
06-20 20:11:34.859  2869  2869 D wpa_supplicant: EAPOL: SUPP_BE entering state RECEIVE
06-20 20:11:34.863  2869  2869 D wpa_supplicant: EAPOL: Received EAP-Packet frame
06-20 20:11:34.863  2869  2869 D wpa_supplicant: EAPOL: SUPP_BE entering state REQUEST
06-20 20:11:34.863  2869  2869 D wpa_supplicant: EAPOL: getSuppRsp
06-20 20:11:34.863  2869  2869 D wpa_supplicant: EAP: EAP entering state RECEIVED
06-20 20:11:34.863  2869  2869 D wpa_supplicant: EAP: Received EAP-Request id=9 method=25 vendor=0 vendorMethod=0
06-20 20:11:34.863  2869  2869 D wpa_supplicant: EAP: EAP entering state METHOD
06-20 20:11:34.863  2869  2869 D wpa_supplicant: SSL: Received packet(len=240) - Flags 0x00
06-20 20:11:34.863  2869  2869 D wpa_supplicant: SSL: (where=0x1001 ret=0x1)
06-20 20:11:34.863  2869  2869 D wpa_supplicant: SSL: SSL_connect:SSLv3 read server session ticket A
06-20 20:11:34.863  2869  2869 D wpa_supplicant: SSL: (where=0x1001 ret=0x1)
06-20 20:11:34.863  2869  2869 D wpa_supplicant: SSL: SSL_connect:SSLv3 read finished A
06-20 20:11:34.863  2869  2869 D wpa_supplicant: SSL: (where=0x20 ret=0x1)
06-20 20:11:34.863  2869  2869 D wpa_supplicant: SSL: (where=0x1002 ret=0x1)
06-20 20:11:34.863  2869  2869 D wpa_supplicant: SSL: 0 bytes pending from ssl_out
06-20 20:11:34.863  2869  2869 D wpa_supplicant: SSL: No Application Data included
06-20 20:11:34.867  2869  2869 D wpa_supplicant: SSL: No data to be sent out
06-20 20:11:34.867  2869  2869 D wpa_supplicant: EAP-PEAP: TLS done, proceed to Phase 2
06-20 20:11:34.867  2869  2869 D wpa_supplicant: EAP-PEAP: using label 'client EAP encryption' in key derivation
06-20 20:11:34.867  2869  2869 D wpa_supplicant: SSL: Building ACK (type=25 id=9 ver=0)
06-20 20:11:34.867  2869  2869 D wpa_supplicant: EAP: method process -> ignore=FALSE methodState=MAY_CONT decision=FAIL
06-20 20:11:34.867  2869  2869 D wpa_supplicant: EAP: EAP entering state SEND_RESPONSE
06-20 20:11:34.867  2869  2869 D wpa_supplicant: EAP: EAP entering state IDLE
06-20 20:11:34.867  2869  2869 D wpa_supplicant: EAPOL: SUPP_BE entering state RESPONSE
06-20 20:11:34.867  2869  2869 D wpa_supplicant: EAPOL: txSuppRsp
06-20 20:11:34.867  2869  2869 D wpa_supplicant: TX EAPOL: dst=d0:c2:82:2d:ea:c0
06-20 20:11:34.867  2869  2869 D wpa_supplicant: EAPOL: SUPP_BE entering state RECEIVE
06-20 20:11:34.867  2869  2869 D wpa_supplicant: EAPOL: Received EAP-Packet frame
06-20 20:11:34.867  2869  2869 D wpa_supplicant: EAPOL: SUPP_BE entering state REQUEST
06-20 20:11:34.867  2869  2869 D wpa_supplicant: EAPOL: getSuppRsp
06-20 20:11:34.867  2869  2869 D wpa_supplicant: EAP: EAP entering state RECEIVED
06-20 20:11:34.867  2869  2869 D wpa_supplicant: EAP: Received EAP-Request id=10 method=25 vendor=0 vendorMethod=0
06-20 20:11:34.871  2869  2869 D wpa_supplicant: EAP: EAP entering state METHOD
06-20 20:11:34.871  2869  2869 D wpa_supplicant: SSL: Received packet(len=43) - Flags 0x00
06-20 20:11:34.871  2869  2869 D wpa_supplicant: EAP-PEAP: received 37 bytes encrypted data for Phase 2
06-20 20:11:34.871  2869  2869 D wpa_supplicant: EAP-PEAP: received Phase 2: code=1 identifier=10 length=5
06-20 20:11:34.871  2869  2869 D wpa_supplicant: EAP-PEAP: Phase 2 Request: type=1
06-20 20:11:34.871  2869  2869 D wpa_supplicant: SSL: 74 bytes left to be sent out (of total 74 bytes)
06-20 20:11:34.871  2869  2869 D wpa_supplicant: EAP: method process -> ignore=FALSE methodState=MAY_CONT decision=FAIL
06-20 20:11:34.871  2869  2869 D wpa_supplicant: EAP: EAP entering state SEND_RESPONSE
06-20 20:11:34.871  2869  2869 D wpa_supplicant: EAP: EAP entering state IDLE
06-20 20:11:34.871  2869  2869 D wpa_supplicant: EAPOL: SUPP_BE entering state RESPONSE
06-20 20:11:34.871  2869  2869 D wpa_supplicant: EAPOL: txSuppRsp
06-20 20:11:34.871  2869  2869 D wpa_supplicant: TX EAPOL: dst=d0:c2:82:2d:ea:c0
06-20 20:11:34.871  2869  2869 D wpa_supplicant: EAPOL: SUPP_BE entering state RECEIVE
06-20 20:11:34.875  2869  2869 D wpa_supplicant: EAPOL: Received EAP-Packet frame
06-20 20:11:34.875  2869  2869 D wpa_supplicant: EAPOL: SUPP_BE entering state REQUEST
06-20 20:11:34.875  2869  2869 D wpa_supplicant: EAPOL: getSuppRsp
06-20 20:11:34.875  2869  2869 D wpa_supplicant: EAP: EAP entering state RECEIVED
06-20 20:11:34.875  2869  2869 D wpa_supplicant: EAP: Received EAP-Request id=11 method=25 vendor=0 vendorMethod=0
06-20 20:11:34.875  2869  2869 D wpa_supplicant: EAP: EAP entering state METHOD
06-20 20:11:34.875  2869  2869 D wpa_supplicant: SSL: Received packet(len=59) - Flags 0x00
06-20 20:11:34.875  2869  2869 D wpa_supplicant: EAP-PEAP: received 53 bytes encrypted data for Phase 2
06-20 20:11:34.875  2869  2869 D wpa_supplicant: EAP-PEAP: received Phase 2: code=1 identifier=11 length=30
06-20 20:11:34.875  2869  2869 D wpa_supplicant: EAP-PEAP: Phase 2 Request: type=26
06-20 20:11:34.875  2869  2869 D wpa_supplicant: EAP-PEAP: Selected Phase 2 EAP vendor 0 method 26
06-20 20:11:34.875  2869  2869 D wpa_supplicant: EAP-MSCHAPV2: RX identifier 11 mschapv2_id 11
06-20 20:11:34.875  2869  2869 D wpa_supplicant: EAP-MSCHAPV2: Received challenge
06-20 20:11:34.875  2869  2869 D wpa_supplicant: EAP-MSCHAPV2: Generating Challenge Response
06-20 20:11:34.879  2869  2869 D wpa_supplicant: EAP-MSCHAPV2: TX identifier 11 mschapv2_id 11 (response)
06-20 20:11:34.879  2869  2869 D wpa_supplicant: SSL: 122 bytes left to be sent out (of total 122 bytes)
06-20 20:11:34.879  2869  2869 D wpa_supplicant: EAP: method process -> ignore=FALSE methodState=MAY_CONT decision=FAIL
06-20 20:11:34.879  2869  2869 D wpa_supplicant: EAP: EAP entering state SEND_RESPONSE
06-20 20:11:34.879  2869  2869 D wpa_supplicant: EAP: EAP entering state IDLE
06-20 20:11:34.879  2869  2869 D wpa_supplicant: EAPOL: SUPP_BE entering state RESPONSE
06-20 20:11:34.879  2869  2869 D wpa_supplicant: EAPOL: txSuppRsp
06-20 20:11:34.879  2869  2869 D wpa_supplicant: TX EAPOL: dst=d0:c2:82:2d:ea:c0
06-20 20:11:34.879  2869  2869 D wpa_supplicant: EAPOL: SUPP_BE entering state RECEIVE
06-20 20:11:35.004  2869  2869 D wpa_supplicant: EAPOL: Received EAP-Packet frame
06-20 20:11:35.004  2869  2869 D wpa_supplicant: EAPOL: SUPP_BE entering state REQUEST
06-20 20:11:35.004  2869  2869 D wpa_supplicant: EAPOL: getSuppRsp
06-20 20:11:35.004  2869  2869 D wpa_supplicant: EAP: EAP entering state RECEIVED
06-20 20:11:35.004  2869  2869 D wpa_supplicant: EAP: Received EAP-Request id=12 method=25 vendor=0 vendorMethod=0
06-20 20:11:35.004  2869  2869 D wpa_supplicant: EAP: EAP entering state METHOD
06-20 20:11:35.004  2869  2869 D wpa_supplicant: SSL: Received packet(len=91) - Flags 0x00
06-20 20:11:35.004  2869  2869 D wpa_supplicant: EAP-PEAP: received 85 bytes encrypted data for Phase 2
06-20 20:11:35.004  2869  2869 D wpa_supplicant: EAP-PEAP: received Phase 2: code=1 identifier=12 length=51
06-20 20:11:35.004  2869  2869 D wpa_supplicant: EAP-PEAP: Phase 2 Request: type=26
06-20 20:11:35.004  2869  2869 D wpa_supplicant: EAP-MSCHAPV2: RX identifier 12 mschapv2_id 11
06-20 20:11:35.004  2869  2869 D wpa_supplicant: EAP-MSCHAPV2: Received success
06-20 20:11:35.004  2869  2869 I wpa_supplicant: EAP-MSCHAPV2: Authentication succeeded
06-20 20:11:35.004  2869  2869 D wpa_supplicant: SSL: 74 bytes left to be sent out (of total 74 bytes)
06-20 20:11:35.004  2869  2869 D wpa_supplicant: EAP: method process -> ignore=FALSE methodState=MAY_CONT decision=FAIL
06-20 20:11:35.011  2869  2869 D wpa_supplicant: EAP: EAP entering state SEND_RESPONSE
06-20 20:11:35.011  2869  2869 D wpa_supplicant: EAP: EAP entering state IDLE
06-20 20:11:35.011  2869  2869 D wpa_supplicant: EAPOL: SUPP_BE entering state RESPONSE
06-20 20:11:35.011  2869  2869 D wpa_supplicant: EAPOL: txSuppRsp
06-20 20:11:35.011  2869  2869 D wpa_supplicant: TX EAPOL: dst=d0:c2:82:2d:ea:c0
06-20 20:11:35.015  2869  2869 D wpa_supplicant: EAPOL: SUPP_BE entering state RECEIVE
06-20 20:11:35.015  2869  2869 D wpa_supplicant: EAPOL: Received EAP-Packet frame
06-20 20:11:35.015  2869  2869 D wpa_supplicant: EAPOL: SUPP_BE entering state REQUEST
06-20 20:11:35.015  2869  2869 D wpa_supplicant: EAPOL: getSuppRsp
06-20 20:11:35.015  2869  2869 D wpa_supplicant: EAP: EAP entering state RECEIVED
06-20 20:11:35.015  2869  2869 D wpa_supplicant: EAP: Received EAP-Request id=13 method=25 vendor=0 vendorMethod=0
06-20 20:11:35.015  2869  2869 D wpa_supplicant: EAP: EAP entering state METHOD
06-20 20:11:35.015  2869  2869 D wpa_supplicant: SSL: Received packet(len=43) - Flags 0x00
06-20 20:11:35.015  2869  2869 D wpa_supplicant: EAP-PEAP: received 37 bytes encrypted data for Phase 2
06-20 20:11:35.015  2869  2869 D wpa_supplicant: EAP-PEAP: received Phase 2: code=1 identifier=13 length=11
06-20 20:11:35.015  2869  2869 D wpa_supplicant: EAP-PEAP: Phase 2 Request: type=33
06-20 20:11:35.015  2869  2869 I wpa_supplicant: EAP-TLV: TLV Result - Success - EAP-TLV/Phase2 Completed
06-20 20:11:35.019  2869  2869 D wpa_supplicant: SSL: 74 bytes left to be sent out (of total 74 bytes)
06-20 20:11:35.019  2869  2869 D wpa_supplicant: EAP: method process -> ignore=FALSE methodState=DONE decision=UNCOND_SUCC
06-20 20:11:35.019  2869  2869 D wpa_supplicant: EAP: EAP entering state SEND_RESPONSE
06-20 20:11:35.019  2869  2869 D wpa_supplicant: EAP: EAP entering state IDLE
06-20 20:11:35.019  2869  2869 D wpa_supplicant: EAPOL: SUPP_BE entering state RESPONSE
06-20 20:11:35.019  2869  2869 D wpa_supplicant: EAPOL: txSuppRsp
06-20 20:11:35.019  2869  2869 D wpa_supplicant: TX EAPOL: dst=d0:c2:82:2d:ea:c0
06-20 20:11:35.023  2869  2869 D wpa_supplicant: EAPOL: SUPP_BE entering state RECEIVE
06-20 20:11:35.023  2869  2869 D wpa_supplicant: EAPOL: Received EAP-Packet frame
06-20 20:11:35.023  2869  2869 D wpa_supplicant: EAPOL: SUPP_BE entering state REQUEST
06-20 20:11:35.023  2869  2869 D wpa_supplicant: EAPOL: getSuppRsp
06-20 20:11:35.023  2869  2869 D wpa_supplicant: EAP: EAP entering state RECEIVED
06-20 20:11:35.023  2869  2869 D wpa_supplicant: EAP: Received EAP-Success
06-20 20:11:35.023  2869  2869 D wpa_supplicant: EAP: EAP entering state SUCCESS
06-20 20:11:35.023  2869  2869 I wpa_supplicant: wlan0: CTRL-EVENT-EAP-SUCCESS EAP authentication completed successfully
06-20 20:11:35.027  2869  2869 D wpa_supplicant: EAPOL: SUPP_BE entering state RECEIVE
06-20 20:11:35.027  2869  2869 D wpa_supplicant: EAPOL: SUPP_BE entering state SUCCESS
06-20 20:11:35.027  2869  2869 D wpa_supplicant: EAPOL: SUPP_BE entering state IDLE
06-20 20:11:35.027  2869  2869 D wpa_supplicant: EAPOL: Ignoring WPA EAPOL-Key frame in EAPOL state machines
06-20 20:11:35.050  2869  2869 D wpa_supplicant: EAPOL: Successfully fetched key (len=32)
06-20 20:11:35.050  2869  2869 D wpa_supplicant: RSN: Replace PMKSA entry for the current AP
06-20 20:11:35.050  2869  2869 D wpa_supplicant: RSN: added PMKSA cache entry for d0:c2:82:2d:ea:c0
06-20 20:11:35.086  2869  2869 D wpa_supplicant: WPA: PTK derivation - A1=78:d6:f0:71:a5:f6 A2=d0:c2:82:2d:ea:c0
06-20 20:11:35.090  2869  2869 D wpa_supplicant: EAPOL: Ignoring WPA EAPOL-Key frame in EAPOL state machines
06-20 20:11:35.090  2869  2869 D wpa_supplicant: wpa_driver_wext_set_key: alg=3 key_idx=0 set_tx=1 seq_len=6 key_len=16
06-20 20:11:35.090  2869  2869 D wpa_supplicant: EAPOL: External notification - portValid=1
06-20 20:11:35.090  2869  2869 D wpa_supplicant: EAPOL: SUPP_PAE entering state AUTHENTICATED
06-20 20:11:35.090  2869  2869 D wpa_supplicant: EAPOL: Supplicant port status: Authorized
06-20 20:11:35.090  2869  2869 D wpa_supplicant: EAPOL authentication completed successfully
06-20 20:11:35.090  2869  2869 D wpa_supplicant: wpa_driver_wext_set_key: alg=2 key_idx=1 set_tx=0 seq_len=6 key_len=32
06-20 20:11:35.093  2869  2869 I wpa_supplicant: wlan0: WPA: Key negotiation completed with d0:c2:82:2d:ea:c0 [PTK=CCMP GTK=TKIP]
06-20 20:11:35.093  2869  2869 I wpa_supplicant: wlan0: CTRL-EVENT-CONNECTED - Connection to d0:c2:82:2d:ea:c0 completed (reauth) [id=0 id_str=]
06-20 20:11:35.093  2869  2869 D wpa_supplicant: wpa_driver_wext_set_operstate: operstate 0->1 (UP)
06-20 20:11:35.093  2869  2869 D wpa_supplicant: netlink: Operstate: linkmode=-1, operstate=6
06-20 20:11:35.093  2869  2869 D wpa_supplicant: EAPOL: External notification - portValid=1
06-20 20:11:35.093  2869  2869 D wpa_supplicant: RTM_NEWLINK: operstate=1 ifi_flags=0x11003 ([UP][LOWER_UP])
06-20 20:11:35.093  2869  2869 D wpa_supplicant: netlink: Operstate: linkmode=-1, operstate=6
06-20 20:11:35.093  2869  2869 D wpa_supplicant: RTM_NEWLINK, IFLA_IFNAME: Interface 'wlan0' added
06-20 20:11:35.093  2869  2869 D wpa_supplicant: Wireless event: cmd=0x8c09 len=32
06-20 20:11:35.093  2869  2869 D wpa_supplicant: PMKID candidate wireless event: flags=0x0 index=0 bssid=d0:c2:82:2d:ea:c0
06-20 20:11:35.093  2869  2869 D wpa_supplicant: RSN: Ignored PMKID candidate without preauth flag
06-20 20:11:35.093  2869  2869 D wpa_supplicant: RTM_NEWLINK: operstate=1 ifi_flags=0x11043 ([UP][RUNNING][LOWER_UP])
06-20 20:11:35.093  2869  2869 D wpa_supplicant: RTM_NEWLINK, IFLA_IFNAME: Interface 'wlan0' added
06-20 20:11:35.109  2869  2869 D wpa_supplicant: wpa_driver_wext_driver_cmd BTCOEXMODE 1 len = 4096
06-20 20:11:35.254  2869  2869 D wpa_supplicant: wpa_driver_wext_driver_cmd OK len = 0, 2
06-20 20:11:35.254  2869  2869 D wpa_supplicant: wpa_driver_wext_driver_cmd GETPOWER len = 4096
06-20 20:11:35.258  2869  2869 D wpa_supplicant: wpa_driver_wext_driver_cmd powermode = 0 len = 13, 13
06-20 20:11:35.258  2869  2869 D wpa_supplicant: wpa_driver_wext_driver_cmd POWERMODE 1 len = 4096
06-20 20:11:35.269  2869  2869 D wpa_supplicant: wpa_driver_wext_driver_cmd OK len = 0, 2
06-20 20:11:37.156  2360  2419 D Tethering: MasterInitialState.processMessage what=3
06-20 20:11:37.320  2360  2419 D Tethering: MasterInitialState.processMessage what=3
06-20 20:11:37.707  2360  2524 I ActivityManager: Start proc com.google.android.apps.uploader for broadcast com.google.android.apps.uploader/.ConnectivityBroadcastReceiver: pid=15602 uid=10030 gids={3003}
06-20 20:11:37.734  2335  2335 D dalvikvm: GC_EXPLICIT freed 38K, 4% free 9031K/9347K, paused 4ms+2ms
06-20 20:11:37.754  2869  2869 D wpa_supplicant: EAPOL: startWhen --> 0
06-20 20:11:37.761  2335  2335 D dalvikvm: GC_EXPLICIT freed <1K, 4% free 9031K/9347K, paused 2ms+2ms
06-20 20:11:37.781 15602 15602 I dalvikvm: Turning on JNI app bug workarounds for target SDK version 11...
06-20 20:11:37.793  2335  2335 D dalvikvm: GC_EXPLICIT freed <1K, 4% free 9031K/9347K, paused 3ms+3ms
06-20 20:11:37.902 15602 15602 I ActivityThread: Pub com.google.android.apps.uploader: com.google.android.apps.uploader.UploadsContentProvider
06-20 20:11:37.906 15602 15602 I ActivityThread: Pub com.google.photos.provider.Album: com.google.android.apps.uploader.clients.picasa.AlbumProvider
06-20 20:11:37.933 15602 15602 D MediaUploader: UploaderApplication.onCreate
06-20 20:11:38.156 15602 15602 D MediaUploader: nonWifiLimit=20971520, default=20971520
06-20 20:11:38.164 15602 15602 I MediaUploader: No need to wake up
06-20 20:11:38.258 13003 13003 I PhoneLab-WiFiReceiver: Wi-Fi is disconnected!
06-20 20:11:38.562 15602 15602 I MediaUploader: No need to wake up
06-20 20:11:38.593 15561 15619 D PicasaSync: sync account database
06-20 20:11:38.851 15561 15619 D PicasaSync: accounts in DB=1
06-20 20:11:38.851 15561 15619 D PicasaSyncManager: active network: null
06-20 20:11:38.851 15561 15619 D PicasaSyncManager: background data: true
06-20 20:11:38.863 15561 15619 D PicasaSyncManager: battery info: false
06-20 20:11:41.902  2869  2869 D wpa_supplicant: wpa_driver_wext_driver_cmd POWERMODE 0 len = 4096
06-20 20:11:41.914  2869  2869 D wpa_supplicant: wpa_driver_wext_driver_cmd OK len = 0, 2
06-20 20:11:41.914  2869  2869 D wpa_supplicant: wpa_driver_wext_driver_cmd BTCOEXMODE 2 len = 4096
06-20 20:11:41.914  2869  2869 D wpa_supplicant: wpa_driver_wext_driver_cmd OK len = 0, 2
06-20 20:11:41.941  2360  2416 D ConnectivityService: ConnectivityChange for WIFI: CONNECTED/CONNECTED
06-20 20:11:41.957 13003 13003 I PhoneLab-WiFiReceiver: Wi-Fi is connected!
06-20 20:11:41.957 13003 13003 I PhoneLab-WiFiReceiver: SSID: UB_Secure BSSID: d0:c2:82:2d:ea:c0 RSSI: -200 LinkSpeed: -1
06-20 20:11:41.957 13003 13003 I PhoneLab-Locks: wake lock acquired
06-20 20:11:41.961 13003 13003 I PhoneLab-UploadLogs: Transfering log files now
06-20 20:11:41.988  2360  2411 W NetworkStats: dropping UID delta from unknown iface: iface=wlan0 uid=0 set=DEFAULT tag=0x0 rxBytes=664 rxPackets=2 txBytes=328 txPackets=5 operations=0
06-20 20:11:42.039 13003 13005 D dalvikvm: GC_CONCURRENT freed 496K, 18% free 9169K/11143K, paused 5ms+2ms
06-20 20:11:42.086 13003 13005 D dalvikvm: GC_CONCURRENT freed 276K, 17% free 9296K/11143K, paused 2ms+2ms
06-20 20:11:42.101 13003 13003 D dalvikvm: GC_FOR_ALLOC freed 120K, 16% free 9424K/11143K, paused 14ms
06-20 20:11:42.133 13003 13003 I PhoneLab-UploadLogs: OnStartCommand
06-20 20:11:42.140  2360  2371 I ActivityManager: Process com.google.android.gm (pid 15406) has died.
06-20 20:11:42.175 13003 13005 D dalvikvm: GC_CONCURRENT freed 298K, 14% free 9637K/11143K, paused 3ms+2ms
06-20 20:11:42.207 13003 15649 D dalvikvm: GC_FOR_ALLOC freed 306K, 14% free 9657K/11143K, paused 13ms
06-20 20:11:42.218 13003 15649 D dalvikvm: GC_FOR_ALLOC freed 301K, 14% free 9658K/11143K, paused 13ms
06-20 20:11:42.234 13003 15649 D dalvikvm: GC_FOR_ALLOC freed 301K, 14% free 9659K/11143K, paused 13ms
06-20 20:11:42.523 13003 13003 I PhoneLab-: 1340237043662.log is deleted
06-20 20:11:42.527 13003 13003 I PhoneLab-: Response: {"data": "done", "err": ""}
06-20 20:11:42.531 13003 13003 I PhoneLab-UploadLogs: No log files to transfer
06-20 20:11:42.531 13003 13003 I PhoneLab-Locks: wake lock released
06-20 20:11:42.945  2360  2416 D ConnectivityService: NetTransition Wakelock for WifiStateMachine released by timeout
06-20 20:11:45.027  2360  2419 D Tethering: MasterInitialState.processMessage what=3
06-20 20:11:45.203  2491  2491 I GTalkService/c: [AndroidEndpoint@1094541512] connect: acct=1000000, state=CONNECTING
06-20 20:11:45.207  2491  2491 I GTalkService/c: [GTalkConnection@1095024136] connect: acct=1, state=CONNECTING
06-20 20:11:45.261 15602 15602 I MediaUploader: No need to wake up
06-20 20:11:45.304 15561 15619 D PicasaSyncManager: active network: NetworkInfo: type: WIFI[], state: CONNECTED/CONNECTED, reason: (unspecified), extra: (none), roaming: false, failover: false, isAvailable: true
06-20 20:11:45.351  2360  2362 D dalvikvm: GC_CONCURRENT freed 1771K, 24% free 16410K/21511K, paused 3ms+10ms
06-20 20:11:45.402 15561 15619 D PicasaSyncManager: background data: true
06-20 20:11:45.769 15259 15260 D dalvikvm: GC_CONCURRENT freed 466K, 6% free 10751K/11335K, paused 9ms+14ms
06-20 20:11:45.918  2491  2493 D dalvikvm: GC_CONCURRENT freed 578K, 7% free 10756K/11463K, paused 2ms+3ms
06-20 20:11:46.093 14461 14463 D dalvikvm: GC_CONCURRENT freed 467K, 13% free 10511K/11975K, paused 10ms+3ms
06-20 20:11:46.394 14461 14463 D dalvikvm: GC_CONCURRENT freed 310K, 12% free 10594K/11975K, paused 10ms+2ms
06-20 20:11:46.750  2360  2416 D ConnectivityService: handleInetConditionHoldEnd: net=1, condition=100, published condition=0
06-20 20:11:47.238  2491  3053 D dalvikvm: GC_EXPLICIT freed 143K, 7% free 10719K/11463K, paused 6ms+3ms
06-20 20:11:47.566  2360  2536 D dalvikvm: GC_EXPLICIT freed 344K, 25% free 16204K/21511K, paused 3ms+6ms
06-20 20:11:47.590 14461 14463 D dalvikvm: GC_CONCURRENT freed 335K, 11% free 10700K/11975K, paused 2ms+3ms
06-20 20:11:47.636  2539  2539 D SAN_SERVICE: *******************************************
06-20 20:11:47.636  2539  2539 D SAN_SERVICE: DM App Phone Service State - 0
06-20 20:11:47.636  2539  2539 D SAN_SERVICE: *******************************************
06-20 20:11:47.754 14783 14785 D dalvikvm: GC_CONCURRENT freed 844K, 11% free 11938K/13383K, paused 3ms+12ms
06-20 20:11:47.797 14461 14463 D dalvikvm: GC_CONCURRENT freed 373K, 11% free 10759K/11975K, paused 1ms+4ms
06-20 20:11:48.738  2360  2377 I ActivityManager: Start proc com.android.musicfx for broadcast com.android.musicfx/.ControlPanelReceiver: pid=15680 uid=10033 gids={3003, 3002}
06-20 20:11:48.750  2360  2634 I AudioService:  AudioFocus  abandonAudioFocus() from android.media.AudioManager@4131bdb8com.android.music.MediaPlaybackService$3@4131ad58
06-20 20:11:48.800 15680 15680 V MusicFXControlPanelReceiver: onReceive
06-20 20:11:48.800 15680 15680 V MusicFXControlPanelReceiver: Action: android.media.action.CLOSE_AUDIO_EFFECT_CONTROL_SESSION
06-20 20:11:48.800 15680 15680 V MusicFXControlPanelReceiver: Package name: com.android.music
06-20 20:11:48.800 15680 15680 V MusicFXControlPanelReceiver: Audio session: 66
06-20 20:11:48.804 15680 15680 V MusicFXControlPanelEffect: closeSession(android.app.ReceiverRestrictedContext@41307560, com.android.music, 66)
06-20 20:11:48.804  2360  2632 I ActivityManager: Process com.google.android.apps.maps:FriendService (pid 15316) has died.
06-20 20:11:49.097  2491  2493 D dalvikvm: GC_CONCURRENT freed 361K, 6% free 10835K/11463K, paused 2ms+4ms
06-20 20:11:52.425 15259 15659 W System.err: java.lang.InterruptedException
06-20 20:11:52.457 15259 15659 W System.err: 	at java.util.concurrent.locks.AbstractQueuedSynchronizer.acquireInterruptibly(AbstractQueuedSynchronizer.java:1198)
06-20 20:11:52.461 15259 15659 W System.err: 	at java.util.concurrent.locks.ReentrantLock.lockInterruptibly(ReentrantLock.java:311)
06-20 20:11:52.461 15259 15659 W System.err: 	at java.util.concurrent.LinkedBlockingQueue.put(LinkedBlockingQueue.java:309)
06-20 20:11:52.465 15259 15659 W System.err: 	at org.jivesoftware.smack.PacketWriter.sendPacket(PacketWriter.java:156)
06-20 20:11:52.472 15259 15659 W System.err: 	at org.jivesoftware.smack.XMPPConnection.shutdown(XMPPConnection.java:410)
06-20 20:11:52.472 15259 15659 W System.err: 	at org.jivesoftware.smack.XMPPConnection.disconnect(XMPPConnection.java:465)
06-20 20:11:52.476 15259 15659 W System.err: 	at org.jivesoftware.smack.Connection.disconnect(Connection.java:476)
06-20 20:11:52.480 15259 15659 W System.err: 	at com.xabber.android.data.connection.ConnectionThread.authorization(ConnectionThread.java:243)
06-20 20:11:52.488 15259 15659 W System.err: 	at com.xabber.android.data.connection.ConnectionThread.access$5(ConnectionThread.java:207)
06-20 20:11:52.492 15259 15659 W System.err: 	at com.xabber.android.data.connection.ConnectionThread$7.run(ConnectionThread.java:197)
06-20 20:11:52.496 15259 15659 W System.err: 	at com.xabber.android.data.connection.ConnectionThread$13.run(ConnectionThread.java:362)
06-20 20:11:52.504 15259 15659 W System.err: 	at java.util.concurrent.Executors$RunnableAdapter.call(Executors.java:442)
06-20 20:11:52.504 15259 15659 W System.err: 	at java.util.concurrent.FutureTask$Sync.innerRun(FutureTask.java:305)
06-20 20:11:52.508 15259 15659 W System.err: 	at java.util.concurrent.FutureTask.run(FutureTask.java:137)
06-20 20:11:52.511 15259 15659 W System.err: 	at java.util.concurrent.ThreadPoolExecutor.runWorker(ThreadPoolExecutor.java:1076)
06-20 20:11:52.511 15259 15659 W System.err: 	at java.util.concurrent.ThreadPoolExecutor$Worker.run(ThreadPoolExecutor.java:569)
06-20 20:11:52.511 15259 15659 W System.err: 	at java.lang.Thread.run(Thread.java:856)
06-20 20:11:54.750 15259 15260 D dalvikvm: GC_CONCURRENT freed 472K, 6% free 10733K/11399K, paused 4ms+6ms
06-20 20:12:00.191 15259 15693 W System.err: java.lang.InterruptedException
06-20 20:12:00.195 15259 15693 W System.err: 	at java.util.concurrent.locks.AbstractQueuedSynchronizer.acquireInterruptibly(AbstractQueuedSynchronizer.java:1198)
06-20 20:12:00.199 15259 15693 W System.err: 	at java.util.concurrent.locks.ReentrantLock.lockInterruptibly(ReentrantLock.java:311)
06-20 20:12:00.199 15259 15693 W System.err: 	at java.util.concurrent.LinkedBlockingQueue.put(LinkedBlockingQueue.java:309)
06-20 20:12:00.199 15259 15693 W System.err: 	at org.jivesoftware.smack.PacketWriter.sendPacket(PacketWriter.java:156)
06-20 20:12:00.203 15259 15693 W System.err: 	at org.jivesoftware.smack.XMPPConnection.shutdown(XMPPConnection.java:410)
06-20 20:12:00.203 15259 15693 W System.err: 	at org.jivesoftware.smack.XMPPConnection.disconnect(XMPPConnection.java:465)
06-20 20:12:00.211 15259 15693 W System.err: 	at org.jivesoftware.smack.Connection.disconnect(Connection.java:476)
06-20 20:12:00.211 15259 15693 W System.err: 	at com.xabber.android.data.connection.ConnectionThread.authorization(ConnectionThread.java:243)
06-20 20:12:00.215 15259 15693 W System.err: 	at com.xabber.android.data.connection.ConnectionThread.access$5(ConnectionThread.java:207)
06-20 20:12:00.215 15259 15693 W System.err: 	at com.xabber.android.data.connection.ConnectionThread$7.run(ConnectionThread.java:197)
06-20 20:12:00.215 15259 15693 W System.err: 	at com.xabber.android.data.connection.ConnectionThread$13.run(ConnectionThread.java:362)
06-20 20:12:00.218 15259 15693 W System.err: 	at java.util.concurrent.Executors$RunnableAdapter.call(Executors.java:442)
06-20 20:12:00.218 15259 15693 W System.err: 	at java.util.concurrent.FutureTask$Sync.innerRun(FutureTask.java:305)
06-20 20:12:00.222 15259 15693 W System.err: 	at java.util.concurrent.FutureTask.run(FutureTask.java:137)
06-20 20:12:00.226 15259 15693 W System.err: 	at java.util.concurrent.ThreadPoolExecutor.runWorker(ThreadPoolExecutor.java:1076)
06-20 20:12:00.230 15259 15693 W System.err: 	at java.util.concurrent.ThreadPoolExecutor$Worker.run(ThreadPoolExecutor.java:569)
06-20 20:12:00.238 15259 15693 W System.err: 	at java.lang.Thread.run(Thread.java:856)
06-20 20:12:02.820 15259 15260 D dalvikvm: GC_CONCURRENT freed 450K, 6% free 10731K/11399K, paused 13ms+2ms
06-20 20:12:03.531 13003 13017 I PhoneLab-: Service Running
06-20 20:12:03.746 13003 13017 I PhoneLab-LoggerService: app_37    3205  1     2360   1920  c00f181c 400107b4 S logcat
06-20 20:12:03.750 13003 13017 I PhoneLab-LoggerService: Logcat pid from database 3205
06-20 20:12:03.750 13003 13017 I PhoneLab-LoggerService: Logcat process found 3205
06-20 20:12:03.750 13003 13017 I PhoneLab-LoggerService: Checking Threshold
06-20 20:12:04.781  2869  2869 D wpa_supplicant: EAPOL: authWhile --> 0
06-20 20:12:08.250 15259 15698 W System.err: java.lang.InterruptedException
06-20 20:12:08.254 15259 15698 W System.err: 	at java.util.concurrent.locks.AbstractQueuedSynchronizer.acquireInterruptibly(AbstractQueuedSynchronizer.java:1198)
06-20 20:12:08.254 15259 15698 W System.err: 	at java.util.concurrent.locks.ReentrantLock.lockInterruptibly(ReentrantLock.java:311)
06-20 20:12:08.258 15259 15698 W System.err: 	at java.util.concurrent.LinkedBlockingQueue.put(LinkedBlockingQueue.java:309)
06-20 20:12:08.258 15259 15698 W System.err: 	at org.jivesoftware.smack.PacketWriter.sendPacket(PacketWriter.java:156)
06-20 20:12:08.261 15259 15698 W System.err: 	at org.jivesoftware.smack.XMPPConnection.shutdown(XMPPConnection.java:410)
06-20 20:12:08.261 15259 15698 W System.err: 	at org.jivesoftware.smack.XMPPConnection.disconnect(XMPPConnection.java:465)
06-20 20:12:08.261 15259 15698 W System.err: 	at org.jivesoftware.smack.Connection.disconnect(Connection.java:476)
06-20 20:12:08.265 15259 15698 W System.err: 	at com.xabber.android.data.connection.ConnectionThread.authorization(ConnectionThread.java:243)
06-20 20:12:08.265 15259 15698 W System.err: 	at com.xabber.android.data.connection.ConnectionThread.access$5(ConnectionThread.java:207)
06-20 20:12:08.265 15259 15698 W System.err: 	at com.xabber.android.data.connection.ConnectionThread$7.run(ConnectionThread.java:197)
06-20 20:12:08.269 15259 15698 W System.err: 	at com.xabber.android.data.connection.ConnectionThread$13.run(ConnectionThread.java:362)
