06-20 16:39:20.956  2869  2869 D wpa_supplicant: wpa_driver_wext_driver_cmd UB_Secure rssi -74  len = 19, 19
06-20 16:39:20.956  2869  2869 D wpa_supplicant: wpa_driver_wext_driver_cmd LINKSPEED len = 248
06-20 16:39:20.956  2869  2869 D wpa_supplicant: wpa_driver_wext_driver_cmd LinkSpeed 72 len = 12, 12
06-20 16:39:23.960  2869  2869 D wpa_supplicant: wpa_driver_wext_driver_cmd RSSI len = 248
06-20 16:39:23.995  2869  2869 D wpa_supplicant: wpa_driver_wext_driver_cmd UB_Secure rssi -72  len = 19, 19
06-20 16:39:23.995  2869  2869 D wpa_supplicant: wpa_driver_wext_driver_cmd LINKSPEED len = 248
06-20 16:39:24.003  2869  2869 D wpa_supplicant: wpa_driver_wext_driver_cmd LinkSpeed 72 len = 12, 12
06-20 16:39:26.890  2360  2404 I bluedroid: bt_enable: ret: -1, errno: 110
06-20 16:39:27.007  2869  2869 D wpa_supplicant: wpa_driver_wext_driver_cmd RSSI len = 248
06-20 16:39:27.015  2869  2869 D wpa_supplicant: wpa_driver_wext_driver_cmd UB_Secure rssi -72  len = 19, 19
06-20 16:39:27.015  2869  2869 D wpa_supplicant: wpa_driver_wext_driver_cmd LINKSPEED len = 248
06-20 16:39:27.015  2869  2869 D wpa_supplicant: wpa_driver_wext_driver_cmd LinkSpeed 72 len = 12, 12
06-20 16:39:30.023 11111 11124 I PhoneLab-: Service Running
06-20 16:39:30.023  2869  2869 D wpa_supplicant: wpa_driver_wext_driver_cmd RSSI len = 248
06-20 16:39:30.034  2869  2869 D wpa_supplicant: wpa_driver_wext_driver_cmd UB_Secure rssi -69  len = 19, 19
06-20 16:39:30.034  2869  2869 D wpa_supplicant: wpa_driver_wext_driver_cmd LINKSPEED len = 248
06-20 16:39:30.034  2869  2869 D wpa_supplicant: wpa_driver_wext_driver_cmd LinkSpeed 72 len = 12, 12
06-20 16:39:30.210 11111 11124 I PhoneLab-LoggerService: app_37    3205  1     2360   1920  c00f181c 400107b4 S logcat
06-20 16:39:30.210 11111 11124 I PhoneLab-LoggerService: Logcat pid from database 3205
06-20 16:39:30.210 11111 11124 I PhoneLab-LoggerService: Logcat process found 3205
06-20 16:39:30.210 11111 11124 I PhoneLab-LoggerService: Checking Threshold
06-20 16:39:31.226  2869  2869 D wpa_supplicant: wpa_driver_wext_driver_cmd SETSUSPENDOPT 0 len = 4096
06-20 16:39:31.226  2869  2869 D wpa_supplicant: wpa_driver_wext_driver_cmd SETSUSPENDOPT 0 len = 0, 15
06-20 16:39:31.226  2869  2869 D wpa_supplicant: wpa_driver_wext_driver_cmd POWERMODE 0 len = 4096
06-20 16:39:31.234  2869  2869 D wpa_supplicant: wpa_driver_wext_driver_cmd OK len = 0, 2
06-20 16:39:31.234  2869  2869 D wpa_supplicant: WPS: Building WPS IE for Probe Request
06-20 16:39:31.234  2869  2869 D wpa_supplicant: WPS:  * Version (hardcoded 0x10)
06-20 16:39:31.234  2869  2869 D wpa_supplicant: WPS:  * Request Type
06-20 16:39:31.234  2869  2869 D wpa_supplicant: WPS:  * Config Methods (2388)
06-20 16:39:31.234  2869  2869 D wpa_supplicant: WPS:  * UUID-E
06-20 16:39:31.234  2869  2869 D wpa_supplicant: WPS:  * Primary Device Type
06-20 16:39:31.234  2869  2869 D wpa_supplicant: WPS:  * RF Bands (3)
06-20 16:39:31.234  2869  2869 D wpa_supplicant: WPS:  * Association State
06-20 16:39:31.234  2869  2869 D wpa_supplicant: WPS:  * Configuration Error (0)
06-20 16:39:31.234  2869  2869 D wpa_supplicant: WPS:  * Device Password ID (0)
06-20 16:39:31.234  2869  2869 D wpa_supplicant: WPS:  * Manufacturer
06-20 16:39:31.234  2869  2869 D wpa_supplicant: WPS:  * Model Name
06-20 16:39:31.234  2869  2869 D wpa_supplicant: WPS:  * Model Number
06-20 16:39:31.234  2869  2869 D wpa_supplicant: WPS:  * Device Name
06-20 16:39:31.234  2869  2869 D wpa_supplicant: WPS:  * Version2 (0x20)
06-20 16:39:31.234  2869  2869 D wpa_supplicant: wpa_driver_wext_combo_scan: Start
06-20 16:39:31.234  2869  2869 D wpa_supplicant: For Scan: (null)
06-20 16:39:31.238  2869  2869 D wpa_supplicant: Scan requested (ret=0) - scan timeout 30 seconds
06-20 16:39:31.812  2539  2541 D dalvikvm: GC_CONCURRENT freed 383K, 7% free 9615K/10247K, paused 15ms+2ms
06-20 16:39:32.402  2869  2869 D wpa_supplicant: RTM_NEWLINK: operstate=1 ifi_flags=0x11043 ([UP][RUNNING][LOWER_UP])
06-20 16:39:32.402  2869  2869 D wpa_supplicant: RTM_NEWLINK, IFLA_IFNAME: Interface 'wlan0' added
06-20 16:39:32.402  2869  2869 D wpa_supplicant: Wireless event: cmd=0x8b19 len=8
06-20 16:39:32.402  2869  2869 D wpa_supplicant: Received 700 bytes of scan results (4 BSSes)
06-20 16:39:32.558  9491  9494 D dalvikvm: GC_CONCURRENT freed 518K, 6% free 10224K/10823K, paused 2ms+5ms
06-20 16:39:32.589  2869  2869 D wpa_supplicant: wpa_driver_wext_driver_cmd SETSUSPENDOPT 0 len = 4096
06-20 16:39:32.589  2869  2869 D wpa_supplicant: wpa_driver_wext_driver_cmd SETSUSPENDOPT 0 len = 0, 15
06-20 16:39:32.589  2869  2869 D wpa_supplicant: wpa_driver_wext_driver_cmd POWERMODE 0 len = 4096
06-20 16:39:32.589  2869  2869 D wpa_supplicant: wpa_driver_wext_driver_cmd OK len = 0, 2
06-20 16:39:33.038  2869  2869 D wpa_supplicant: wpa_driver_wext_driver_cmd RSSI len = 248
06-20 16:39:33.054  2869  2869 D wpa_supplicant: wpa_driver_wext_driver_cmd UB_Secure rssi -70  len = 19, 19
06-20 16:39:33.054  2869  2869 D wpa_supplicant: wpa_driver_wext_driver_cmd LINKSPEED len = 248
06-20 16:39:33.054  2869  2869 D wpa_supplicant: wpa_driver_wext_driver_cmd LinkSpeed 72 len = 12, 12
06-20 16:39:36.066  2869  2869 D wpa_supplicant: wpa_driver_wext_driver_cmd RSSI len = 248
06-20 16:39:36.073  2869  2869 D wpa_supplicant: wpa_driver_wext_driver_cmd UB_Secure rssi -71  len = 19, 19
06-20 16:39:36.073  2869  2869 D wpa_supplicant: wpa_driver_wext_driver_cmd LINKSPEED len = 248
06-20 16:39:36.077  2869  2869 D wpa_supplicant: wpa_driver_wext_driver_cmd LinkSpeed 72 len = 12, 12
06-20 16:39:36.995  2360  2404 I bluedroid: bt_enable: ret: -1, errno: 110
06-20 16:39:39.105  2869  2869 D wpa_supplicant: wpa_driver_wext_driver_cmd RSSI len = 248
06-20 16:39:39.116  2869  2869 D wpa_supplicant: wpa_driver_wext_driver_cmd UB_Secure rssi -72  len = 19, 19
06-20 16:39:39.116  2869  2869 D wpa_supplicant: wpa_driver_wext_driver_cmd LINKSPEED len = 248
06-20 16:39:39.116  2869  2869 D wpa_supplicant: wpa_driver_wext_driver_cmd LinkSpeed 72 len = 12, 12
06-20 16:39:42.124  2869  2869 D wpa_supplicant: wpa_driver_wext_driver_cmd RSSI len = 248
06-20 16:39:42.132  2869  2869 D wpa_supplicant: wpa_driver_wext_driver_cmd UB_Secure rssi -71  len = 19, 19
06-20 16:39:42.132  2869  2869 D wpa_supplicant: wpa_driver_wext_driver_cmd LINKSPEED len = 248
06-20 16:39:42.132  2869  2869 D wpa_supplicant: wpa_driver_wext_driver_cmd LinkSpeed 72 len = 12, 12
06-20 16:39:45.136  2869  2869 D wpa_supplicant: wpa_driver_wext_driver_cmd RSSI len = 248
06-20 16:39:45.152  2869  2869 D wpa_supplicant: wpa_driver_wext_driver_cmd UB_Secure rssi -74  len = 19, 19
06-20 16:39:45.152  2869  2869 D wpa_supplicant: wpa_driver_wext_driver_cmd LINKSPEED len = 248
06-20 16:39:45.152  2869  2869 D wpa_supplicant: wpa_driver_wext_driver_cmd LinkSpeed 72 len = 12, 12
06-20 16:39:47.093  2360  2404 I bluedroid: bt_enable: ret: -1, errno: 110
06-20 16:39:48.159  2869  2869 D wpa_supplicant: wpa_driver_wext_driver_cmd RSSI len = 248
06-20 16:39:48.167  2869  2869 D wpa_supplicant: wpa_driver_wext_driver_cmd UB_Secure rssi -76  len = 19, 19
06-20 16:39:48.167  2869  2869 D wpa_supplicant: wpa_driver_wext_driver_cmd LINKSPEED len = 248
06-20 16:39:48.167  2869  2869 D wpa_supplicant: wpa_driver_wext_driver_cmd LinkSpeed 72 len = 12, 12
06-20 16:39:51.171  2869  2869 D wpa_supplicant: wpa_driver_wext_driver_cmd RSSI len = 248
06-20 16:39:51.187  2869  2869 D wpa_supplicant: wpa_driver_wext_driver_cmd UB_Secure rssi -76  len = 19, 19
06-20 16:39:51.187  2869  2869 D wpa_supplicant: wpa_driver_wext_driver_cmd LINKSPEED len = 248
