06-20 06:39:04.228 18914 18940 I System.out: 06:39:04 AM SENT (1095120440): <iq id="ping" type="get"><ping xmlns="urn:xmpp:ping"/></iq>
06-20 06:39:04.322 18914 18939 I System.out: 06:39:04 AM RCV  (1095120440): <iq to='lokeshmandvekar@jabber.org/android9e7FLMWG' type='result' id='ping'/>
06-20 06:39:06.888 17094 17096 D dalvikvm: GC_CONCURRENT freed 649K, 8% free 10239K/11015K, paused 2ms+2ms
06-20 06:39:08.146   342   342 D SAN_SERVICE: *******************************************
06-20 06:39:08.146   342   342 D SAN_SERVICE: DM App Phone Service State - 0
06-20 06:39:08.146   342   342 D SAN_SERVICE: *******************************************
06-20 06:39:08.900   342   342 D SAN_SERVICE: *******************************************
06-20 06:39:08.900   342   342 D SAN_SERVICE: DM App Phone Service State - 0
06-20 06:39:08.900   342   342 D SAN_SERVICE: *******************************************
06-20 06:39:16.743   342   342 D SAN_SERVICE: *******************************************
06-20 06:39:16.755   342   342 D SAN_SERVICE: DM App Phone Service State - 0
06-20 06:39:16.755   342   342 D SAN_SERVICE: *******************************************
06-20 06:39:17.029   142   166 I ActivityManager: Start proc com.google.android.apps.currents for service com.google.android.apps.currents/com.google.apps.dots.android.app.service.SyncService: pid=19146 uid=10080 gids={3003, 1015}
06-20 06:39:17.138 19146 19146 I dalvikvm: Turning on JNI app bug workarounds for target SDK version 12...
06-20 06:39:17.572 19146 19146 I ActivityThread: Pub com.google.apps.dots.android.app.provider.SuggestionProvider: com.google.apps.dots.android.app.provider.SuggestionProvider
06-20 06:39:17.646 19146 19146 I ActivityThread: Pub com.google.android.apps.currents: com.google.apps.dots.android.app.provider.DotsContentProvider
06-20 06:39:17.825 19146 19148 D dalvikvm: GC_CONCURRENT freed 182K, 3% free 9354K/9607K, paused 28ms+2ms
06-20 06:39:17.892 19146 19148 D dalvikvm: GC_CONCURRENT freed 265K, 5% free 9590K/9991K, paused 2ms+2ms
06-20 06:39:18.013 19146 19148 D dalvikvm: GC_CONCURRENT freed 222K, 4% free 9838K/10183K, paused 1ms+3ms
06-20 06:39:18.161 19146 19148 D dalvikvm: GC_CONCURRENT freed 251K, 4% free 10067K/10439K, paused 2ms+2ms
06-20 06:39:18.239 19146 19146 I DotsContentUris: content://com.google.android.apps.currents
06-20 06:39:18.345 19146 19146 I DotsApplication: Application starting up...
06-20 06:39:18.353 19146 19146 D DotsApplication: Setting dependencies...
06-20 06:39:18.392   142   368 I ActivityManager: Process android.process.acore (pid 18844) has died.
06-20 06:39:18.419   142   921 D CountryDetector: No listener is left
06-20 06:39:18.478 19146 19148 D dalvikvm: GC_CONCURRENT freed 331K, 5% free 10166K/10631K, paused 8ms+2ms
06-20 06:39:18.579 19146 19146 I FileSynchronizer: Computed hash for file: trending_icon.png, checksum: 2767806511
06-20 06:39:18.579 19146 19146 I FileSynchronizer: Computed hash for file: article-base.css, checksum: 987244234
06-20 06:39:18.583 19146 19146 I FileSynchronizer: Computed hash for file: expandMini.png, checksum: 3330832892
06-20 06:39:18.583 19146 19146 I FileSynchronizer: Computed hash for file: fonts.css, checksum: 339439600
06-20 06:39:18.583 19146 19146 I FileSynchronizer: Computed hash for file: shop.png, checksum: 4118474238
06-20 06:39:18.583 19146 19146 I FileSynchronizer: Computed hash for file: video.png, checksum: 2276045029
06-20 06:39:18.591 19146 19146 I FileSynchronizer: Computed hash for file: generatedLayoutEngine.js, checksum: 2307145830
06-20 06:39:18.595 19146 19146 I FileSynchronizer: Computed hash for file: social-template-bg-120.png, checksum: 3055211616
06-20 06:39:18.595 19146 19146 I FileSynchronizer: Computed hash for file: webview.html, checksum: 177848542
06-20 06:39:18.595 19146 19146 I FileSynchronizer: Computed hash for file: webview.js, checksum: 1510508547
06-20 06:39:18.794 19146 19146 D DotsApplication: Creating application...
06-20 06:39:18.794 19146 19146 D DotsApplication: Setting custom uncaught exception handler...
06-20 06:39:18.798 19146 19146 D DotsApplication: Starting services...
06-20 06:39:18.810 19146 19146 D DotsApplication: Initializing caches...
06-20 06:39:18.810 19146 19146 I AttachmentViewCacheManager: Device memory class: 48, cache scale: 2.0
06-20 06:39:18.810 19146 19146 I AttachmentViewCacheManager: Creating cache: POST_TILE, cache size: 4000000
06-20 06:39:18.810 19146 19146 I AttachmentViewCacheManager: Creating cache: TOC_TILE, cache size: 3000000
06-20 06:39:18.810 19146 19146 I AttachmentViewCacheManager: Creating cache: GOTO_MENU, cache size: 1000000
06-20 06:39:18.810 19146 19146 I AttachmentViewCacheManager: Creating cache: HOME_WIDGET, cache size: 900000
06-20 06:39:18.810 19146 19146 I AttachmentViewCacheManager: Creating cache: MAGAZINES_HOME_WIDGET, cache size: 5000000
06-20 06:39:18.943 19146 19148 D dalvikvm: GC_CONCURRENT freed 336K, 4% free 10337K/10759K, paused 3ms+2ms
06-20 06:39:18.947 19146 19146 D DotsApplication: Application is started
06-20 06:39:19.001   142   153 I ActivityManager: Process com.android.deskclock (pid 19050) has died.
06-20 06:39:19.029   142   921 D SyncManager: setSyncAutomatically: , provider com.google.android.apps.currents -> true
06-20 06:39:19.029   142   921 D SyncManager: setSyncAutomatically: already set to true, doing nothing
06-20 06:39:19.286 19146 19166 I DotsSqliteDatabase: Creating DotsSqliteDatabase at path: /data/data/com.google.android.apps.currents/databases/currents_-577763198_120
06-20 06:39:20.107 19146 19148 D dalvikvm: GC_CONCURRENT freed 299K, 4% free 10460K/10887K, paused 3ms+2ms
06-20 06:39:20.161   142   294 I ActivityManager: Process com.android.calendar (pid 19034) has died.
06-20 06:39:20.880 12011 12022 V GoogleLoginService: Returning error intent with: ComponentInfo{com.google.android.gsf.login/com.google.android.gsf.login.LoginActivity}
06-20 06:39:20.880 19146 19166 W SyncService: sync service error (7)
06-20 06:39:24.302 12011 12023 V GoogleLoginService: Returning error intent with: ComponentInfo{com.google.android.gsf.login/com.google.android.gsf.login.LoginActivity}
06-20 06:39:24.322 12011 12013 D dalvikvm: GC_CONCURRENT freed 413K, 7% free 9686K/10311K, paused 12ms+3ms
06-20 06:39:29.271 12011 12026 V GoogleLoginService: Returning error intent with: ComponentInfo{com.google.android.gsf.login/com.google.android.gsf.login.LoginActivity}
06-20 06:39:34.345 12011 21910 V GoogleLoginService: Returning error intent with: ComponentInfo{com.google.android.gsf.login/com.google.android.gsf.login.LoginActivity}
06-20 06:39:35.329 18914 18940 I System.out: 06:39:35 AM SENT (1095120440): <iq id="ping" type="get"><ping xmlns="urn:xmpp:ping"/></iq>
06-20 06:39:35.411 18914 18939 I System.out: 06:39:35 AM RCV  (1095120440): <iq to='lokeshmandvekar@jabber.org/android9e7FLMWG' type='result' id='ping'/>
06-20 06:39:39.302 12011 22835 V GoogleLoginService: Returning error intent with: ComponentInfo{com.google.android.gsf.login/com.google.android.gsf.login.LoginActivity}
06-20 06:39:42.314   342   342 D SAN_SERVICE: *******************************************
06-20 06:39:42.314   342   342 D SAN_SERVICE: DM App Phone Service State - 0
06-20 06:39:42.314   342   342 D SAN_SERVICE: *******************************************
06-20 06:39:42.532   342   342 D SAN_SERVICE: *******************************************
06-20 06:39:42.532   342   342 D SAN_SERVICE: DM App Phone Service State - 0
06-20 06:39:42.532   342   342 D SAN_SERVICE: *******************************************
06-20 06:39:44.322 12011 12022 V GoogleLoginService: Returning error intent with: ComponentInfo{com.google.android.gsf.login/com.google.android.gsf.login.LoginActivity}
06-20 06:39:44.361 12011 12013 D dalvikvm: GC_CONCURRENT freed 381K, 6% free 9710K/10311K, paused 11ms+3ms
06-20 06:39:49.075   342   342 D SAN_SERVICE: *******************************************
06-20 06:39:49.075   342   342 D SAN_SERVICE: DM App Phone Service State - 0
06-20 06:39:49.075   342   342 D SAN_SERVICE: *******************************************
06-20 06:39:49.267 12011 12023 V GoogleLoginService: Returning error intent with: ComponentInfo{com.google.android.gsf.login/com.google.android.gsf.login.LoginActivity}
06-20 06:39:54.302 12011 12026 V GoogleLoginService: Returning error intent with: ComponentInfo{com.google.android.gsf.login/com.google.android.gsf.login.LoginActivity}
06-20 06:39:57.646   342   342 D SAN_SERVICE: *******************************************
06-20 06:39:57.646   342   342 D SAN_SERVICE: DM App Phone Service State - 0
06-20 06:39:57.646   342   342 D SAN_SERVICE: *******************************************
06-20 06:39:57.904   342   342 D SAN_SERVICE: *******************************************
06-20 06:39:57.904   342   342 D SAN_SERVICE: DM App Phone Service State - 0
06-20 06:39:57.907   342   342 D SAN_SERVICE: *******************************************
06-20 06:39:58.142   342   342 D SAN_SERVICE: *******************************************
06-20 06:39:58.146   342   342 D SAN_SERVICE: DM App Phone Service State - 0
06-20 06:39:58.146   342   342 D SAN_SERVICE: *******************************************
06-20 06:39:59.263 12011 21910 V GoogleLoginService: Returning error intent with: ComponentInfo{com.google.android.gsf.login/com.google.android.gsf.login.LoginActivity}
06-20 06:40:04.329 12011 22835 V GoogleLoginService: Returning error intent with: ComponentInfo{com.google.android.gsf.login/com.google.android.gsf.login.LoginActivity}
06-20 06:40:04.368 12011 12013 D dalvikvm: GC_CONCURRENT freed 395K, 6% free 9706K/10311K, paused 11ms+2ms
06-20 06:40:05.427 18914 18940 I System.out: 06:40:05 AM SENT (1095120440): <iq id="ping" type="get"><ping xmlns="urn:xmpp:ping"/></iq>
06-20 06:40:05.544 18914 18939 I System.out: 06:40:05 AM RCV  (1095120440): <iq to='lokeshmandvekar@jabber.org/android9e7FLMWG' type='result' id='ping'/>
06-20 06:40:06.857 18891 18892 D dalvikvm: GC_CONCURRENT freed 506K, 6% free 10206K/10823K, paused 2ms+2ms
06-20 06:40:07.931   342   342 D SAN_SERVICE: *******************************************
06-20 06:40:07.931   342   342 D SAN_SERVICE: DM App Phone Service State - 0
06-20 06:40:07.931   342   342 D SAN_SERVICE: *******************************************
06-20 06:40:08.142   342   342 D SAN_SERVICE: *******************************************
06-20 06:40:08.142   342   342 D SAN_SERVICE: DM App Phone Service State - 0
06-20 06:40:08.142   342   342 D SAN_SERVICE: *******************************************
06-20 06:40:08.892   342   342 D SAN_SERVICE: *******************************************
06-20 06:40:08.892   342   342 D SAN_SERVICE: DM App Phone Service State - 0
06-20 06:40:08.892   342   342 D SAN_SERVICE: *******************************************
06-20 06:40:09.279 12011 12022 V GoogleLoginService: Returning error intent with: ComponentInfo{com.google.android.gsf.login/com.google.android.gsf.login.LoginActivity}
06-20 06:40:14.329 12011 12023 V GoogleLoginService: Returning error intent with: ComponentInfo{com.google.android.gsf.login/com.google.android.gsf.login.LoginActivity}
06-20 06:40:18.157   342   342 D SAN_SERVICE: *******************************************
06-20 06:40:18.157   342   342 D SAN_SERVICE: DM App Phone Service State - 0
06-20 06:40:18.157   342   342 D SAN_SERVICE: *******************************************
06-20 06:40:18.384   342   342 D SAN_SERVICE: *******************************************
06-20 06:40:18.384   342   342 D SAN_SERVICE: DM App Phone Service State - 0
06-20 06:40:18.384   342   342 D SAN_SERVICE: *******************************************
06-20 06:40:19.099   342   342 D SAN_SERVICE: *******************************************
06-20 06:40:19.099   342   342 D SAN_SERVICE: DM App Phone Service State - 0
06-20 06:40:19.099   342   342 D SAN_SERVICE: *******************************************
06-20 06:40:19.325 12011 12026 V GoogleLoginService: Returning error intent with: ComponentInfo{com.google.android.gsf.login/com.google.android.gsf.login.LoginActivity}
06-20 06:40:24.357 12011 21910 V GoogleLoginService: Returning error intent with: ComponentInfo{com.google.android.gsf.login/com.google.android.gsf.login.LoginActivity}
06-20 06:40:24.384 12011 12013 D dalvikvm: GC_CONCURRENT freed 397K, 6% free 9705K/10311K, paused 12ms+2ms
06-20 06:40:29.290 12011 22835 V GoogleLoginService: Returning error intent with: ComponentInfo{com.google.android.gsf.login/com.google.android.gsf.login.LoginActivity}
06-20 06:40:34.345 12011 12022 V GoogleLoginService: Returning error intent with: ComponentInfo{com.google.android.gsf.login/com.google.android.gsf.login.LoginActivity}
06-20 06:40:36.517 18914 18940 I System.out: 06:40:36 AM SENT (1095120440): <iq id="ping" type="get"><ping xmlns="urn:xmpp:ping"/></iq>
06-20 06:40:36.603 18914 18939 I System.out: 06:40:36 AM RCV  (1095120440): <iq to='lokeshmandvekar@jabber.org/android9e7FLMWG' type='result' id='ping'/>
06-20 06:40:38.282   142   197 D DhcpInfoInternal: makeLinkProperties with empty dns2!
06-20 06:40:38.290   142   197 D DhcpInfoInternal: makeLinkProperties with empty dns2!
06-20 06:40:38.618   342   342 D SAN_SERVICE: *******************************************
06-20 06:40:38.618   342   342 D SAN_SERVICE: DM App Phone Service State - 0
06-20 06:40:38.618   342   342 D SAN_SERVICE: *******************************************
06-20 06:40:38.849   342   342 D SAN_SERVICE: *******************************************
06-20 06:40:38.853   342   342 D SAN_SERVICE: DM App Phone Service State - 0
06-20 06:40:38.853   342   342 D SAN_SERVICE: *******************************************
06-20 06:40:39.294 12011 12023 V GoogleLoginService: Returning error intent with: ComponentInfo{com.google.android.gsf.login/com.google.android.gsf.login.LoginActivity}
06-20 06:40:44.306 12011 12026 V GoogleLoginService: Returning error intent with: ComponentInfo{com.google.android.gsf.login/com.google.android.gsf.login.LoginActivity}
06-20 06:40:44.349 12011 12013 D dalvikvm: GC_CONCURRENT freed 391K, 6% free 9705K/10311K, paused 11ms+2ms
06-20 06:40:45.825 18329 18342 I PhoneLab-: Service Running
06-20 06:40:45.892 18329 18342 I PhoneLab-LoggerService: app_38    30294 1     2548   2100  c00f181c 400107b4 S logcat
06-20 06:40:45.896 18329 18342 I PhoneLab-LoggerService: Logcat pid from database 30294
06-20 06:40:45.896 18329 18342 I PhoneLab-LoggerService: Logcat process found 30294
06-20 06:40:45.896 18329 18342 I PhoneLab-LoggerService: Checking Threshold
06-20 06:40:49.239 12011 21910 V GoogleLoginService: Returning error intent with: ComponentInfo{com.google.android.gsf.login/com.google.android.gsf.login.LoginActivity}
06-20 06:40:50.829 18292 18294 D dalvikvm: GC_CONCURRENT freed 740K, 7% free 11621K/12487K, paused 14ms+3ms
06-20 06:40:54.279 12011 22835 V GoogleLoginService: Returning error intent with: ComponentInfo{com.google.android.gsf.login/com.google.android.gsf.login.LoginActivity}
06-20 06:40:59.310 12011 12022 V GoogleLoginService: Returning error intent with: ComponentInfo{com.google.android.gsf.login/com.google.android.gsf.login.LoginActivity}
06-20 06:41:04.107   342   342 D SAN_SERVICE: *******************************************
06-20 06:41:04.107   342   342 D SAN_SERVICE: DM App Phone Service State - 0
06-20 06:41:04.107   342   342 D SAN_SERVICE: *******************************************
06-20 06:41:04.314 12011 12023 V GoogleLoginService: Returning error intent with: ComponentInfo{com.google.android.gsf.login/com.google.android.gsf.login.LoginActivity}
06-20 06:41:04.361 12011 12013 D dalvikvm: GC_CONCURRENT freed 393K, 6% free 9711K/10311K, paused 10ms+2ms
06-20 06:41:04.396   342   342 D SAN_SERVICE: *******************************************
06-20 06:41:04.396   342   342 D SAN_SERVICE: DM App Phone Service State - 0
06-20 06:41:04.396   342   342 D SAN_SERVICE: *******************************************
06-20 06:41:06.618 18914 18940 I System.out: 06:41:06 AM SENT (1095120440): <iq id="ping" type="get"><ping xmlns="urn:xmpp:ping"/></iq>
06-20 06:41:06.697 18914 18939 I System.out: 06:41:06 AM RCV  (1095120440): <iq to='lokeshmandvekar@jabber.org/android9e7FLMWG' type='result' id='ping'/>
06-20 06:41:07.056   142 12773 D dalvikvm: GC_EXPLICIT freed 1585K, 25% free 20137K/26823K, paused 3ms+11ms
06-20 06:41:07.122 17094 17096 D dalvikvm: GC_CONCURRENT freed 488K, 8% free 10212K/11015K, paused 2ms+2ms
06-20 06:41:09.286 12011 12026 V GoogleLoginService: Returning error intent with: ComponentInfo{com.google.android.gsf.login/com.google.android.gsf.login.LoginActivity}
06-20 06:41:14.318 12011 21910 V GoogleLoginService: Returning error intent with: ComponentInfo{com.google.android.gsf.login/com.google.android.gsf.login.LoginActivity}
06-20 06:41:19.271 12011 22835 V GoogleLoginService: Returning error intent with: ComponentInfo{com.google.android.gsf.login/com.google.android.gsf.login.LoginActivity}
06-20 06:41:24.286 12011 12022 V GoogleLoginService: Returning error intent with: ComponentInfo{com.google.android.gsf.login/com.google.android.gsf.login.LoginActivity}
06-20 06:41:24.302 12011 12013 D dalvikvm: GC_CONCURRENT freed 397K, 6% free 9711K/10311K, paused 1ms+3ms
06-20 06:41:29.286 12011 12023 V GoogleLoginService: Returning error intent with: ComponentInfo{com.google.android.gsf.login/com.google.android.gsf.login.LoginActivity}
06-20 06:41:34.333 12011 12026 V GoogleLoginService: Returning error intent with: ComponentInfo{com.google.android.gsf.login/com.google.android.gsf.login.LoginActivity}
06-20 06:41:36.708 18914 18940 I System.out: 06:41:36 AM SENT (1095120440): <iq id="ping" type="get"><ping xmlns="urn:xmpp:ping"/></iq>
06-20 06:41:36.794 18914 18939 I System.out: 06:41:36 AM RCV  (1095120440): <iq to='lokeshmandvekar@jabber.org/android9e7FLMWG' type='result' id='ping'/>
06-20 06:41:39.275 12011 21910 V GoogleLoginService: Returning error intent with: ComponentInfo{com.google.android.gsf.login/com.google.android.gsf.login.LoginActivity}
06-20 06:41:44.325 12011 22835 V GoogleLoginService: Returning error intent with: ComponentInfo{com.google.android.gsf.login/com.google.android.gsf.login.LoginActivity}
06-20 06:41:44.353 12011 12013 D dalvikvm: GC_CONCURRENT freed 402K, 6% free 9711K/10311K, paused 11ms+2ms
06-20 06:41:49.282 12011 12022 V GoogleLoginService: Returning error intent with: ComponentInfo{com.google.android.gsf.login/com.google.android.gsf.login.LoginActivity}
06-20 06:41:51.989   342   342 D SAN_SERVICE: *******************************************
06-20 06:41:51.989   342   342 D SAN_SERVICE: DM App Phone Service State - 0
06-20 06:41:51.989   342   342 D SAN_SERVICE: *******************************************
06-20 06:41:52.743   342   342 D SAN_SERVICE: *******************************************
06-20 06:41:52.743   342   342 D SAN_SERVICE: DM App Phone Service State - 0
06-20 06:41:52.743   342   342 D SAN_SERVICE: *******************************************
06-20 06:41:54.306 12011 12023 V GoogleLoginService: Returning error intent with: ComponentInfo{com.google.android.gsf.login/com.google.android.gsf.login.LoginActivity}
06-20 06:41:59.290 12011 12026 V GoogleLoginService: Returning error intent with: ComponentInfo{com.google.android.gsf.login/com.google.android.gsf.login.LoginActivity}
06-20 06:42:04.322 12011 21910 V GoogleLoginService: Returning error intent with: ComponentInfo{com.google.android.gsf.login/com.google.android.gsf.login.LoginActivity}
06-20 06:42:04.341 12011 12013 D dalvikvm: GC_CONCURRENT freed 401K, 6% free 9711K/10311K, paused 11ms+2ms
06-20 06:42:05.661   342   342 D SAN_SERVICE: *******************************************
06-20 06:42:05.661   342   342 D SAN_SERVICE: DM App Phone Service State - 0
06-20 06:42:05.661   342   342 D SAN_SERVICE: *******************************************
06-20 06:42:06.404   342   342 D SAN_SERVICE: *******************************************
06-20 06:42:06.404   342   342 D SAN_SERVICE: DM App Phone Service State - 0
06-20 06:42:06.404   342   342 D SAN_SERVICE: *******************************************
06-20 06:42:06.771   142   172 I ActivityManager: Start proc com.google.android.gm for service com.google.android.gm/.provider.MailIndexerService: pid=19195 uid=10019 gids={3003, 1015}
06-20 06:42:06.798 18914 18940 I System.out: 06:42:06 AM SENT (1095120440): <iq id="ping" type="get"><ping xmlns="urn:xmpp:ping"/></iq>
06-20 06:42:06.884   142   154 I ActivityManager: Process edu.buffalo.cse.phonelab.phonelabservices (pid 18329) has died.
06-20 06:42:06.884   142   154 W ActivityManager: Scheduling restart of crashed service edu.buffalo.cse.phonelab.phonelabservices/edu.buffalo.cse.phonelab.datalogger.LoggerService in 5000ms
06-20 06:42:06.904 19195 19195 I ActivityThread: Pub gmail-ls: com.google.android.gm.provider.MailProvider
06-20 06:42:06.904 18914 18939 I System.out: 06:42:06 AM RCV  (1095120440): <iq to='lokeshmandvekar@jabber.org/android9e7FLMWG' type='result' id='ping'/>
06-20 06:42:06.931 19195 19195 I ActivityThread: Pub com.google.android.gm: com.google.android.gm.provider.PublicContentProvider
06-20 06:42:06.935 19195 19195 I ActivityThread: Pub com.google.android.gmail.SuggestionProvider: com.google.android.gm.SuggestionsProvider
06-20 06:42:07.025 18891 18892 D dalvikvm: GC_CONCURRENT freed 509K, 6% free 10209K/10823K, paused 2ms+15ms
06-20 06:42:07.044 19195 19210 W Gmail   : No MailEngine for account: lokeshmandvekar@gmail.com
06-20 06:42:09.282 12011 22835 V GoogleLoginService: Returning error intent with: ComponentInfo{com.google.android.gsf.login/com.google.android.gsf.login.LoginActivity}
06-20 06:42:11.966   142   159 I ActivityManager: Start proc edu.buffalo.cse.phonelab.phonelabservices for service edu.buffalo.cse.phonelab.phonelabservices/edu.buffalo.cse.phonelab.datalogger.LoggerService: pid=19215 uid=10038 gids={3003, 1015, 1007, 2001}
06-20 06:42:11.989    80    80 D dalvikvm: GC_EXPLICIT freed 37K, 4% free 9031K/9347K, paused 3ms+3ms
06-20 06:42:12.025    80    80 D dalvikvm: GC_EXPLICIT freed <1K, 4% free 9031K/9347K, paused 1ms+2ms
06-20 06:42:12.044    80    80 D dalvikvm: GC_EXPLICIT freed <1K, 4% free 9031K/9347K, paused 1ms+2ms
06-20 06:42:12.493 19215 19215 I PhoneLab-LoggerService: Start Logger Service
06-20 06:42:12.521 19215 19228 I PhoneLab-: Service Running
06-20 06:42:12.611 19215 19228 I PhoneLab-LoggerService: app_38    30294 1     2548   2100  c00f181c 400107b4 S logcat
06-20 06:42:12.611 19215 19228 I PhoneLab-LoggerService: Logcat pid from database 30294
06-20 06:42:12.611 19215 19228 I PhoneLab-LoggerService: Logcat process found 30294
06-20 06:42:12.611 19215 19228 I PhoneLab-LoggerService: Checking Threshold
06-20 06:42:14.298 12011 12022 V GoogleLoginService: Returning error intent with: ComponentInfo{com.google.android.gsf.login/com.google.android.gsf.login.LoginActivity}
06-20 06:42:19.282 12011 12023 V GoogleLoginService: Returning error intent with: ComponentInfo{com.google.android.gsf.login/com.google.android.gsf.login.LoginActivity}
06-20 06:42:24.357 12011 12026 V GoogleLoginService: Returning error intent with: ComponentInfo{com.google.android.gsf.login/com.google.android.gsf.login.LoginActivity}
06-20 06:42:24.372 12011 12013 D dalvikvm: GC_CONCURRENT freed 397K, 6% free 9711K/10311K, paused 11ms+2ms
06-20 06:42:26.134   342   342 D SAN_SERVICE: *******************************************
06-20 06:42:26.134   342   342 D SAN_SERVICE: DM App Phone Service State - 0
06-20 06:42:26.134   342   342 D SAN_SERVICE: *******************************************
06-20 06:42:26.630   342   342 D SAN_SERVICE: *******************************************
06-20 06:42:26.630   342   342 D SAN_SERVICE: DM App Phone Service State - 0
06-20 06:42:26.630   342   342 D SAN_SERVICE: *******************************************
06-20 06:42:29.282 12011 21910 V GoogleLoginService: Returning error intent with: ComponentInfo{com.google.android.gsf.login/com.google.android.gsf.login.LoginActivity}
06-20 06:42:34.357 12011 22835 V GoogleLoginService: Returning error intent with: ComponentInfo{com.google.android.gsf.login/com.google.android.gsf.login.LoginActivity}
06-20 06:42:37.904 18914 18940 I System.out: 06:42:37 AM SENT (1095120440): <iq id="ping" type="get"><ping xmlns="urn:xmpp:ping"/></iq>
06-20 06:42:37.989 18914 18939 I System.out: 06:42:37 AM RCV  (1095120440): <iq to='lokeshmandvekar@jabber.org/android9e7FLMWG' type='result' id='ping'/>
06-20 06:42:39.286 12011 12022 V GoogleLoginService: Returning error intent with: ComponentInfo{com.google.android.gsf.login/com.google.android.gsf.login.LoginActivity}
06-20 06:42:41.505   342   342 D SAN_SERVICE: *******************************************
06-20 06:42:41.505   342   342 D SAN_SERVICE: DM App Phone Service State - 0
06-20 06:42:41.505   342   342 D SAN_SERVICE: *******************************************
06-20 06:42:41.751   342   342 D SAN_SERVICE: *******************************************
06-20 06:42:41.751   342   342 D SAN_SERVICE: DM App Phone Service State - 0
06-20 06:42:41.751   342   342 D SAN_SERVICE: *******************************************
06-20 06:42:42.013   342   342 D SAN_SERVICE: *******************************************
06-20 06:42:42.013   342   342 D SAN_SERVICE: DM App Phone Service State - 0
06-20 06:42:42.013   342   342 D SAN_SERVICE: *******************************************
06-20 06:42:44.329 12011 12023 V GoogleLoginService: Returning error intent with: ComponentInfo{com.google.android.gsf.login/com.google.android.gsf.login.LoginActivity}
06-20 06:42:44.349 12011 12013 D dalvikvm: GC_CONCURRENT freed 398K, 6% free 9711K/10311K, paused 11ms+3ms
06-20 06:42:49.290 12011 12026 V GoogleLoginService: Returning error intent with: ComponentInfo{com.google.android.gsf.login/com.google.android.gsf.login.LoginActivity}
06-20 06:42:51.743   342   342 D SAN_SERVICE: *******************************************
06-20 06:42:51.743   342   342 D SAN_SERVICE: DM App Phone Service State - 0
06-20 06:42:51.743   342   342 D SAN_SERVICE: *******************************************
06-20 06:42:54.681 12011 21910 V GoogleLoginService: Returning error intent with: ComponentInfo{com.google.android.gsf.login/com.google.android.gsf.login.LoginActivity}
06-20 06:42:59.282 12011 22835 V GoogleLoginService: Returning error intent with: ComponentInfo{com.google.android.gsf.login/com.google.android.gsf.login.LoginActivity}
06-20 06:43:02.017   342   342 D SAN_SERVICE: *******************************************
06-20 06:43:02.017   342   342 D SAN_SERVICE: DM App Phone Service State - 0
06-20 06:43:02.017   342   342 D SAN_SERVICE: *******************************************
06-20 06:43:02.970   142   197 D DhcpInfoInternal: makeLinkProperties with empty dns2!
06-20 06:43:02.970   142   197 D DhcpInfoInternal: makeLinkProperties with empty dns2!
06-20 06:43:04.341 12011 12022 V GoogleLoginService: Returning error intent with: ComponentInfo{com.google.android.gsf.login/com.google.android.gsf.login.LoginActivity}
06-20 06:43:04.372 12011 12013 D dalvikvm: GC_CONCURRENT freed 398K, 6% free 9712K/10311K, paused 11ms+3ms
06-20 06:43:07.091 17094 17096 D dalvikvm: GC_CONCURRENT freed 467K, 8% free 10211K/11015K, paused 2ms+2ms
06-20 06:43:08.005 18914 18940 I System.out: 06:43:07 AM SENT (1095120440): <iq id="ping" type="get"><ping xmlns="urn:xmpp:ping"/></iq>
06-20 06:43:08.118 18914 18939 I System.out: 06:43:08 AM RCV  (1095120440): <iq to='lokeshmandvekar@jabber.org/android9e7FLMWG' type='result' id='ping'/>
06-20 06:43:09.368 12011 12023 V GoogleLoginService: Returning error intent with: ComponentInfo{com.google.android.gsf.login/com.google.android.gsf.login.LoginActivity}
06-20 06:43:12.279   342   342 D SAN_SERVICE: *******************************************
06-20 06:43:12.279   342   342 D SAN_SERVICE: DM App Phone Service State - 0
06-20 06:43:12.279   342   342 D SAN_SERVICE: *******************************************
06-20 06:43:12.474   342   342 D SAN_SERVICE: *******************************************
06-20 06:43:12.474   342   342 D SAN_SERVICE: DM App Phone Service State - 0
06-20 06:43:12.474   342   342 D SAN_SERVICE: *******************************************
06-20 06:43:13.224   342   342 D SAN_SERVICE: *******************************************
06-20 06:43:13.224   342   342 D SAN_SERVICE: DM App Phone Service State - 0
06-20 06:43:13.224   342   342 D SAN_SERVICE: *******************************************
06-20 06:43:14.572 12011 12026 V GoogleLoginService: Returning error intent with: ComponentInfo{com.google.android.gsf.login/com.google.android.gsf.login.LoginActivity}
06-20 06:43:19.259 12011 21910 V GoogleLoginService: Returning error intent with: ComponentInfo{com.google.android.gsf.login/com.google.android.gsf.login.LoginActivity}
06-20 06:43:24.302 12011 22835 V GoogleLoginService: Returning error intent with: ComponentInfo{com.google.android.gsf.login/com.google.android.gsf.login.LoginActivity}
06-20 06:43:24.353 12011 12013 D dalvikvm: GC_CONCURRENT freed 406K, 6% free 9707K/10311K, paused 11ms+2ms
06-20 06:43:29.294 12011 12022 V GoogleLoginService: Returning error intent with: ComponentInfo{com.google.android.gsf.login/com.google.android.gsf.login.LoginActivity}
06-20 06:43:34.322 12011 12023 V GoogleLoginService: Returning error intent with: ComponentInfo{com.google.android.gsf.login/com.google.android.gsf.login.LoginActivity}
06-20 06:43:39.111 18914 18940 I System.out: 06:43:39 AM SENT (1095120440): <iq id="ping" type="get"><ping xmlns="urn:xmpp:ping"/></iq>
06-20 06:43:39.200 18914 18939 I System.out: 06:43:39 AM RCV  (1095120440): <iq to='lokeshmandvekar@jabber.org/android9e7FLMWG' type='result' id='ping'/>
06-20 06:43:39.306 12011 12026 V GoogleLoginService: Returning error intent with: ComponentInfo{com.google.android.gsf.login/com.google.android.gsf.login.LoginActivity}
06-20 06:43:44.333 12011 21910 V GoogleLoginService: Returning error intent with: ComponentInfo{com.google.android.gsf.login/com.google.android.gsf.login.LoginActivity}
06-20 06:43:44.384 12011 12013 D dalvikvm: GC_CONCURRENT freed 397K, 6% free 9707K/10311K, paused 10ms+2ms
06-20 06:43:49.282 12011 22835 V GoogleLoginService: Returning error intent with: ComponentInfo{com.google.android.gsf.login/com.google.android.gsf.login.LoginActivity}
06-20 06:43:54.275 12011 12022 V GoogleLoginService: Returning error intent with: ComponentInfo{com.google.android.gsf.login/com.google.android.gsf.login.LoginActivity}
06-20 06:43:54.880   342   342 D SAN_SERVICE: *******************************************
06-20 06:43:54.880   342   342 D SAN_SERVICE: DM App Phone Service State - 0
06-20 06:43:54.880   342   342 D SAN_SERVICE: *******************************************
06-20 06:43:55.126   342   342 D SAN_SERVICE: *******************************************
06-20 06:43:55.126   342   342 D SAN_SERVICE: DM App Phone Service State - 0
06-20 06:43:55.126   342   342 D SAN_SERVICE: *******************************************
06-20 06:43:57.368   142   158 V BackupManagerService: Running a backup pass
06-20 06:43:57.380   142   212 V BackupManagerService: Backup requested but nothing pending
06-20 06:43:59.279 12011 12023 V GoogleLoginService: Returning error intent with: ComponentInfo{com.google.android.gsf.login/com.google.android.gsf.login.LoginActivity}
06-20 06:44:00.130   213   215 D dalvikvm: GC_CONCURRENT freed 453K, 58% free 10006K/23687K, paused 5ms+4ms
06-20 06:44:04.193   142   918 D dalvikvm: GC_EXPLICIT freed 895K, 25% free 20125K/26823K, paused 27ms+10ms
06-20 06:44:04.443 12011 12026 V GoogleLoginService: Returning error intent with: ComponentInfo{com.google.android.gsf.login/com.google.android.gsf.login.LoginActivity}
06-20 06:44:04.462 12011 12013 D dalvikvm: GC_CONCURRENT freed 401K, 6% free 9711K/10311K, paused 11ms+2ms
06-20 06:44:07.048 18891 18892 D dalvikvm: GC_CONCURRENT freed 505K, 6% free 10207K/10823K, paused 1ms+2ms
06-20 06:44:08.544   342   342 D SAN_SERVICE: *******************************************
06-20 06:44:08.544   342   342 D SAN_SERVICE: DM App Phone Service State - 0
06-20 06:44:08.544   342   342 D SAN_SERVICE: *******************************************
06-20 06:44:08.798   342   342 D SAN_SERVICE: *******************************************
06-20 06:44:08.798   342   342 D SAN_SERVICE: DM App Phone Service State - 0
06-20 06:44:08.798   342   342 D SAN_SERVICE: *******************************************
06-20 06:44:09.310   342   342 D SAN_SERVICE: *******************************************
06-20 06:44:09.310   342   342 D SAN_SERVICE: DM App Phone Service State - 0
06-20 06:44:09.310   342   342 D SAN_SERVICE: *******************************************
06-20 06:44:09.318 12011 21910 V GoogleLoginService: Returning error intent with: ComponentInfo{com.google.android.gsf.login/com.google.android.gsf.login.LoginActivity}
06-20 06:44:10.189 18914 18940 I System.out: 06:44:10 AM SENT (1095120440): <iq id="ping" type="get"><ping xmlns="urn:xmpp:ping"/></iq>
06-20 06:44:10.279 18914 18939 I System.out: 06:44:10 AM RCV  (1095120440): <iq to='lokeshmandvekar@jabber.org/android9e7FLMWG' type='result' id='ping'/>
06-20 06:44:12.521 19215 19228 I PhoneLab-: Service Running
06-20 06:44:12.599 19215 19228 I PhoneLab-LoggerService: app_38    30294 1     2548   2100  c00f181c 400107b4 S logcat
06-20 06:44:12.599 19215 19228 I PhoneLab-LoggerService: Logcat pid from database 30294
06-20 06:44:12.599 19215 19228 I PhoneLab-LoggerService: Logcat process found 30294
06-20 06:44:12.599 19215 19228 I PhoneLab-LoggerService: Checking Threshold
06-20 06:44:14.255 12011 22835 V GoogleLoginService: Returning error intent with: ComponentInfo{com.google.android.gsf.login/com.google.android.gsf.login.LoginActivity}
06-20 06:44:18.747 11148 14929 I EventLogService: Aggregate from 1340187257446 (log), 1340187257446 (data)
06-20 06:44:18.767   342   342 D SAN_SERVICE: *******************************************
06-20 06:44:18.767   342   342 D SAN_SERVICE: DM App Phone Service State - 0
06-20 06:44:18.767   342   342 D SAN_SERVICE: *******************************************
06-20 06:44:19.040   342   342 D SAN_SERVICE: *******************************************
06-20 06:44:19.040   342   342 D SAN_SERVICE: DM App Phone Service State - 0
06-20 06:44:19.040   342   342 D SAN_SERVICE: *******************************************
06-20 06:44:19.267 12011 12022 V GoogleLoginService: Returning error intent with: ComponentInfo{com.google.android.gsf.login/com.google.android.gsf.login.LoginActivity}
06-20 06:44:19.794   342   342 D SAN_SERVICE: *******************************************
06-20 06:44:19.798   342   342 D SAN_SERVICE: DM App Phone Service State - 0
06-20 06:44:19.798   342   342 D SAN_SERVICE: *******************************************
06-20 06:44:40.290 18914 18940 I System.out: 06:44:40 AM SENT (1095120440): <iq id="ping" type="get"><ping xmlns="urn:xmpp:ping"/></iq>
06-20 06:44:40.376 18914 18939 I System.out: 06:44:40 AM RCV  (1095120440): <iq to='lokeshmandvekar@jabber.org/android9e7FLMWG' type='result' id='ping'/>
06-20 06:44:54.665   342   342 D SAN_SERVICE: *******************************************
06-20 06:44:54.665   342   342 D SAN_SERVICE: DM App Phone Service State - 0
06-20 06:44:54.669   342   342 D SAN_SERVICE: *******************************************
06-20 06:44:55.130   342   342 D SAN_SERVICE: *******************************************
06-20 06:44:55.134   342   342 D SAN_SERVICE: DM App Phone Service State - 0
06-20 06:44:55.134   342   342 D SAN_SERVICE: *******************************************
06-20 06:45:04.864   342   342 D SAN_SERVICE: *******************************************
06-20 06:45:04.864   342   342 D SAN_SERVICE: DM App Phone Service State - 0
06-20 06:45:04.864   342   342 D SAN_SERVICE: *******************************************
06-20 06:45:05.091   342   342 D SAN_SERVICE: *******************************************
06-20 06:45:05.091   342   342 D SAN_SERVICE: DM App Phone Service State - 0
06-20 06:45:05.091   342   342 D SAN_SERVICE: *******************************************
06-20 06:45:05.814   342   342 D SAN_SERVICE: *******************************************
06-20 06:45:05.814   342   342 D SAN_SERVICE: DM App Phone Service State - 0
06-20 06:45:05.814   342   342 D SAN_SERVICE: *******************************************
06-20 06:45:07.224 17094 17096 D dalvikvm: GC_CONCURRENT freed 431K, 8% free 10203K/11015K, paused 2ms+6ms
06-20 06:45:07.419 17094 17096 D dalvikvm: GC_CONCURRENT freed 195K, 6% free 10410K/11015K, paused 12ms+3ms
06-20 06:45:11.376 18914 18940 I System.out: 06:45:11 AM SENT (1095120440): <iq id="ping" type="get"><ping xmlns="urn:xmpp:ping"/></iq>
06-20 06:45:11.462 18914 18939 I System.out: 06:45:11 AM RCV  (1095120440): <iq to='lokeshmandvekar@jabber.org/android9e7FLMWG' type='result' id='ping'/>
06-20 06:45:15.251 19215 19215 I PhoneLab-Locks: wake lock acquired
06-20 06:45:15.306 19215 19215 I PhoneLab-StatusMonitor: Status Monitoring is started
06-20 06:45:15.419 19215 19218 D dalvikvm: GC_CONCURRENT freed 407K, 5% free 9127K/9607K, paused 4ms+2ms
06-20 06:45:15.548 19215 19215 I PhoneLab-StatusMonitor: Value: 10 - unit: min
06-20 06:45:15.548 19215 19215 I PhoneLab-StatusMonitor: Running interval: 600000
06-20 06:45:15.556 19215 19215 I PhoneLab-StatusMonitor: Rescheduling status monitoring...
06-20 06:45:15.564 19215 19215 I PhoneLab-Locks: wake lock released
06-20 06:45:15.568 19215 19215 I PhoneLab-StatusMonitorLocation: Learning Location
06-20 06:45:15.568 19215 19215 I PhoneLab-Locks: wake lock acquired
06-20 06:45:15.646 19215 19215 I PhoneLab-Locks: wake lock acquired
06-20 06:45:15.657 11148 11180 D androidNetworkLocationListeners: Still have listener com.google.android.location.internal.client.NetworkLocationClient$1@41366898
06-20 06:45:15.673 19215 19215 I PhoneLab-StatusMonitorLocation: Learning Signal Strgth
06-20 06:45:15.673 19215 19215 I PhoneLab-Locks: wake lock acquired
06-20 06:45:15.853 19215 19215 I PhoneLab-StatusMonitorBattery: Battery_level: 96
06-20 06:45:15.853 19215 19215 I PhoneLab-Locks: wake lock released
06-20 06:45:15.857 19215 19215 I PhoneLab-StatusMonitorSignal: Signal_Strength: -86 asu: 14
06-20 06:45:15.857 19215 19215 I PhoneLab-Locks: wake lock released
06-20 06:45:15.868 11148 11180 D androidNetworkLocationListeners: Still have listener com.google.android.location.internal.client.NetworkLocationClient$1@41366898
06-20 06:45:15.880 19215 19218 D dalvikvm: GC_CONCURRENT freed 395K, 6% free 9146K/9671K, paused 1ms+7ms
06-20 06:45:15.950 11148 11150 D dalvikvm: GC_CONCURRENT freed 488K, 6% free 10257K/10887K, paused 8ms+3ms
06-20 06:45:15.989 19215 19215 I PhoneLab-StatusMonitorLocation: Location_Latitude: 42.9620357 Longitude: -78.8170791 Accuracy: 124.0
06-20 06:45:15.989 19215 19215 I PhoneLab-Locks: wake lock released
06-20 06:45:15.993 11148 11180 D androidNetworkLocationListeners: Still have listener com.google.android.location.internal.client.NetworkLocationClient$1@41366898
06-20 06:45:25.364   342   342 D SAN_SERVICE: *******************************************
06-20 06:45:25.364   342   342 D SAN_SERVICE: DM App Phone Service State - 0
06-20 06:45:25.364   342   342 D SAN_SERVICE: *******************************************
06-20 06:45:25.411   342   345 D dalvikvm: GC_CONCURRENT freed 983K, 19% free 12352K/15175K, paused 15ms+5ms
06-20 06:45:25.556   342   342 D SAN_SERVICE: *******************************************
06-20 06:45:25.556   342   342 D SAN_SERVICE: DM App Phone Service State - 0
06-20 06:45:25.556   342   342 D SAN_SERVICE: *******************************************
06-20 06:45:27.864   142   197 D DhcpInfoInternal: makeLinkProperties with empty dns2!
06-20 06:45:27.868   142   197 D DhcpInfoInternal: makeLinkProperties with empty dns2!
06-20 06:45:35.603   342   342 D SAN_SERVICE: *******************************************
06-20 06:45:35.603   342   342 D SAN_SERVICE: DM App Phone Service State - 0
06-20 06:45:35.603   342   342 D SAN_SERVICE: *******************************************
06-20 06:45:41.478 18914 18940 I System.out: 06:45:41 AM SENT (1095120440): <iq id="ping" type="get"><ping xmlns="urn:xmpp:ping"/></iq>
06-20 06:45:41.720 18914 18939 I System.out: 06:45:41 AM RCV  (1095120440): <iq to='lokeshmandvekar@jabber.org/android9e7FLMWG' type='result' id='ping'/>
06-20 06:45:50.904   342   342 D SAN_SERVICE: *******************************************
06-20 06:45:50.904   342   342 D SAN_SERVICE: DM App Phone Service State - 0
06-20 06:45:50.904   342   342 D SAN_SERVICE: *******************************************
06-20 06:45:51.177   342   342 D SAN_SERVICE: *******************************************
06-20 06:45:51.177   342   342 D SAN_SERVICE: DM App Phone Service State - 0
06-20 06:45:51.177   342   342 D SAN_SERVICE: *******************************************
06-20 06:45:51.630   342   342 D SAN_SERVICE: *******************************************
06-20 06:45:51.630   342   342 D SAN_SERVICE: DM App Phone Service State - 0
06-20 06:45:51.630   342   342 D SAN_SERVICE: *******************************************
06-20 06:45:56.622 18914 18916 D dalvikvm: GC_CONCURRENT freed 447K, 6% free 10434K/11015K, paused 26ms+2ms
06-20 06:45:57.732   342   342 D SAN_SERVICE: *******************************************
06-20 06:45:57.732   342   342 D SAN_SERVICE: DM App Phone Service State - 0
06-20 06:45:57.732   342   342 D SAN_SERVICE: *******************************************
06-20 06:46:07.220 18891 18892 D dalvikvm: GC_CONCURRENT freed 501K, 6% free 10208K/10823K, paused 2ms+2ms
06-20 06:46:07.271 17094 17096 D dalvikvm: GC_CONCURRENT freed 695K, 8% free 10227K/11015K, paused 1ms+3ms
06-20 06:46:11.435   342   342 D SAN_SERVICE: *******************************************
06-20 06:46:11.435   342   342 D SAN_SERVICE: DM App Phone Service State - 0
06-20 06:46:11.435   342   342 D SAN_SERVICE: *******************************************
06-20 06:46:12.185   342   342 D SAN_SERVICE: *******************************************
06-20 06:46:12.185   342   342 D SAN_SERVICE: DM App Phone Service State - 0
06-20 06:46:12.185   342   342 D SAN_SERVICE: *******************************************
06-20 06:46:12.521 19215 19228 I PhoneLab-: Service Running
06-20 06:46:12.603 18914 18940 I System.out: 06:46:12 AM SENT (1095120440): <iq id="ping" type="get"><ping xmlns="urn:xmpp:ping"/></iq>
06-20 06:46:12.634 19215 19228 I PhoneLab-LoggerService: app_38    30294 1     2548   2100  c00f181c 400107b4 S logcat
06-20 06:46:12.634 19215 19228 I PhoneLab-LoggerService: Logcat pid from database 30294
06-20 06:46:12.634 19215 19228 I PhoneLab-LoggerService: Logcat process found 30294
06-20 06:46:12.634 19215 19228 I PhoneLab-LoggerService: Checking Threshold
06-20 06:46:12.685 18914 18939 I System.out: 06:46:12 AM RCV  (1095120440): <iq to='lokeshmandvekar@jabber.org/android9e7FLMWG' type='result' id='ping'/>
06-20 06:46:37.236   342   342 D SAN_SERVICE: *******************************************
06-20 06:46:37.236   342   342 D SAN_SERVICE: DM App Phone Service State - 0
06-20 06:46:37.236   342   342 D SAN_SERVICE: *******************************************
06-20 06:46:43.669 18914 18940 I System.out: 06:46:43 AM SENT (1095120440): <iq id="ping" type="get"><ping xmlns="urn:xmpp:ping"/></iq>
06-20 06:46:43.763 18914 18939 I System.out: 06:46:43 AM RCV  (1095120440): <iq to='lokeshmandvekar@jabber.org/android9e7FLMWG' type='result' id='ping'/>
06-20 06:46:47.228   342   342 D SAN_SERVICE: *******************************************
06-20 06:46:47.228   342   342 D SAN_SERVICE: DM App Phone Service State - 0
06-20 06:46:47.228   342   342 D SAN_SERVICE: *******************************************
06-20 06:46:47.497   342   342 D SAN_SERVICE: *******************************************
06-20 06:46:47.497   342   342 D SAN_SERVICE: DM App Phone Service State - 0
06-20 06:46:47.497   342   342 D SAN_SERVICE: *******************************************
06-20 06:46:48.251   342   342 D SAN_SERVICE: *******************************************
06-20 06:46:48.251   342   342 D SAN_SERVICE: DM App Phone Service State - 0
06-20 06:46:48.251   342   342 D SAN_SERVICE: *******************************************
06-20 06:47:12.864   342   342 D SAN_SERVICE: *******************************************
06-20 06:47:12.864   342   342 D SAN_SERVICE: DM App Phone Service State - 0
06-20 06:47:12.864   342   342 D SAN_SERVICE: *******************************************
06-20 06:47:13.122   342   342 D SAN_SERVICE: *******************************************
06-20 06:47:13.122   342   342 D SAN_SERVICE: DM App Phone Service State - 0
06-20 06:47:13.122   342   342 D SAN_SERVICE: *******************************************
06-20 06:47:14.771 18914 18940 I System.out: 06:47:14 AM SENT (1095120440): <iq id="ping" type="get"><ping xmlns="urn:xmpp:ping"/></iq>
06-20 06:47:14.853 18914 18939 I System.out: 06:47:14 AM RCV  (1095120440): <iq to='lokeshmandvekar@jabber.org/android9e7FLMWG' type='result' id='ping'/>
06-20 06:47:19.697   342   342 D SAN_SERVICE: *******************************************
06-20 06:47:19.697   342   342 D SAN_SERVICE: DM App Phone Service State - 0
06-20 06:47:19.697   342   342 D SAN_SERVICE: *******************************************
06-20 06:47:28.255   342   342 D SAN_SERVICE: *******************************************
06-20 06:47:28.255   342   342 D SAN_SERVICE: DM App Phone Service State - 0
06-20 06:47:28.255   342   342 D SAN_SERVICE: *******************************************
06-20 06:47:28.478   342   342 D SAN_SERVICE: *******************************************
06-20 06:47:28.478   342   342 D SAN_SERVICE: DM App Phone Service State - 0
06-20 06:47:28.478   342   342 D SAN_SERVICE: *******************************************
06-20 06:47:29.208   342   342 D SAN_SERVICE: *******************************************
06-20 06:47:29.208   342   342 D SAN_SERVICE: DM App Phone Service State - 0
06-20 06:47:29.208   342   342 D SAN_SERVICE: *******************************************
06-20 06:47:38.450   342   342 D SAN_SERVICE: *******************************************
06-20 06:47:38.450   342   342 D SAN_SERVICE: DM App Phone Service State - 0
06-20 06:47:38.450   342   342 D SAN_SERVICE: *******************************************
06-20 06:47:44.861 18914 18940 I System.out: 06:47:44 AM SENT (1095120440): <iq id="ping" type="get"><ping xmlns="urn:xmpp:ping"/></iq>
06-20 06:47:44.954 18914 18939 I System.out: 06:47:44 AM RCV  (1095120440): <iq to='lokeshmandvekar@jabber.org/android9e7FLMWG' type='result' id='ping'/>
06-20 06:47:48.712   342   342 D SAN_SERVICE: *******************************************
06-20 06:47:48.712   342   342 D SAN_SERVICE: DM App Phone Service State - 0
06-20 06:47:48.712   342   342 D SAN_SERVICE: *******************************************
06-20 06:47:52.759   142   197 D DhcpInfoInternal: makeLinkProperties with empty dns2!
06-20 06:47:52.763   142   197 D DhcpInfoInternal: makeLinkProperties with empty dns2!
06-20 06:47:58.923   342   342 D SAN_SERVICE: *******************************************
06-20 06:47:58.923   342   342 D SAN_SERVICE: DM App Phone Service State - 0
06-20 06:47:58.923   342   342 D SAN_SERVICE: *******************************************
06-20 06:47:59.185   342   342 D SAN_SERVICE: *******************************************
06-20 06:47:59.185   342   342 D SAN_SERVICE: DM App Phone Service State - 0
06-20 06:47:59.185   342   342 D SAN_SERVICE: *******************************************
06-20 06:47:59.935   342   342 D SAN_SERVICE: *******************************************
06-20 06:47:59.935   342   342 D SAN_SERVICE: DM App Phone Service State - 0
06-20 06:47:59.935   342   342 D SAN_SERVICE: *******************************************
06-20 06:48:06.197 18891 18907 D dalvikvm: GC_FOR_ALLOC freed 295K, 6% free 10205K/10823K, paused 65ms
06-20 06:48:06.197 18891 18907 I dalvikvm-heap: Grow heap (frag case) to 10.066MB for 32784-byte allocation
06-20 06:48:06.216 18891 18907 D dalvikvm: GC_FOR_ALLOC freed 2K, 6% free 10235K/10887K, paused 19ms
06-20 06:48:07.126 18891 18892 D dalvikvm: GC_CONCURRENT freed 291K, 5% free 10366K/10887K, paused 7ms+3ms
06-20 06:48:07.329 17094 17096 D dalvikvm: GC_CONCURRENT freed 494K, 8% free 10209K/11015K, paused 1ms+3ms
06-20 06:48:09.122   342   342 D SAN_SERVICE: *******************************************
06-20 06:48:09.122   342   342 D SAN_SERVICE: DM App Phone Service State - 0
06-20 06:48:09.122   342   342 D SAN_SERVICE: *******************************************
06-20 06:48:12.521 19215 19228 I PhoneLab-: Service Running
06-20 06:48:12.591 19215 19228 I PhoneLab-LoggerService: app_38    30294 1     2548   2100  c00f181c 400107b4 S logcat
06-20 06:48:12.591 19215 19228 I PhoneLab-LoggerService: Logcat pid from database 30294
06-20 06:48:12.591 19215 19228 I PhoneLab-LoggerService: Logcat process found 30294
06-20 06:48:12.591 19215 19228 I PhoneLab-LoggerService: Checking Threshold
06-20 06:48:15.962 18914 18940 I System.out: 06:48:15 AM SENT (1095120440): <iq id="ping" type="get"><ping xmlns="urn:xmpp:ping"/></iq>
06-20 06:48:16.044 18914 18939 I System.out: 06:48:16 AM RCV  (1095120440): <iq to='lokeshmandvekar@jabber.org/android9e7FLMWG' type='result' id='ping'/>
06-20 06:48:46.068 18914 18940 I System.out: 06:48:46 AM SENT (1095120440): <iq id="ping" type="get"><ping xmlns="urn:xmpp:ping"/></iq>
06-20 06:48:46.157 18914 18939 I System.out: 06:48:46 AM RCV  (1095120440): <iq to='lokeshmandvekar@jabber.org/android9e7FLMWG' type='result' id='ping'/>
06-20 06:48:55.302   342   342 D SAN_SERVICE: *******************************************
06-20 06:48:55.302   342   342 D SAN_SERVICE: DM App Phone Service State - 0
06-20 06:48:55.302   342   342 D SAN_SERVICE: *******************************************
