06-20 16:15:51.767  9936  9983 W webview : 	at java.util.concurrent.ThreadPoolExecutor.runWorker(ThreadPoolExecutor.java:1076)
06-20 16:15:51.767  9936  9983 W webview : 	at java.util.concurrent.ThreadPoolExecutor$Worker.run(ThreadPoolExecutor.java:569)
06-20 16:15:51.767  9936  9983 W webview : 	at java.lang.Thread.run(Thread.java:856)
06-20 16:15:51.881  9936  9984 D Rapp    : Millennial Ad View Success
06-20 16:15:51.881  9936  9984 I MillennialMediaSDK: Millennial ad return success
06-20 16:15:52.053  9936  9936 I Ads     : Received ad url: <"url": "http://googleads.g.doubleclick.net:80/mads/gma?preqs=8&u_sd=1.5&slotname=a14dffe7da9dcba&u_w=320&msid=com.radio.rapp&js=afma-sdk-a-v4.1.0&isu=EED68B218A5AD30445E1768D90BF33FD&format=320x50_mb&net=wi&app_name=37.android.com.radio.rapp&hl=en&u_h=533&u_audio=3&u_so=p&output=html&region=mobile_app&u_tz=240&ex=1&client_sdk=1&askip=3&caps=sdkAdmobApiForAds&jsv=27", "afmaNotifyDt": "null">
06-20 16:15:52.475  2869  2869 D wpa_supplicant: wpa_driver_wext_driver_cmd RSSI len = 248
06-20 16:15:52.482  2869  2869 D wpa_supplicant: wpa_driver_wext_driver_cmd UB_Secure rssi -78  len = 19, 19
06-20 16:15:52.482  2869  2869 D wpa_supplicant: wpa_driver_wext_driver_cmd LINKSPEED len = 248
06-20 16:15:52.486  2869  2869 D wpa_supplicant: wpa_driver_wext_driver_cmd LinkSpeed 72 len = 12, 12
06-20 16:15:52.560  9936  9938 D dalvikvm: GC_CONCURRENT freed 1969K, 19% free 10749K/13255K, paused 2ms+5ms
06-20 16:15:52.564  9936  9936 D webviewglue: nativeDestroy view: 0x95de88
06-20 16:15:52.564  9936  9936 D webviewglue: nativeDestroy view: 0x957978
06-20 16:15:52.568  9936  9983 W webview : java.lang.Throwable: Warning: A WebView method was called on thread 'AsyncTask #2'. All WebView methods must be called on the UI thread. Future versions of WebView may not support use on other threads.
06-20 16:15:52.568  9936  9983 W webview : 	at android.webkit.WebView.checkThread(WebView.java:9468)
06-20 16:15:52.568  9936  9983 W webview : 	at android.webkit.WebView.loadDataWithBaseURL(WebView.java:2186)
06-20 16:15:52.568  9936  9983 W webview : 	at c.a(Unknown Source)
06-20 16:15:52.568  9936  9983 W webview : 	at c.doInBackground(Unknown Source)
06-20 16:15:52.568  9936  9983 W webview : 	at android.os.AsyncTask$2.call(AsyncTask.java:264)
06-20 16:15:52.568  9936  9983 W webview : 	at java.util.concurrent.FutureTask$Sync.innerRun(FutureTask.java:305)
06-20 16:15:52.568  9936  9983 W webview : 	at java.util.concurrent.FutureTask.run(FutureTask.java:137)
06-20 16:15:52.568  9936  9983 W webview : 	at java.util.concurrent.ThreadPoolExecutor.runWorker(ThreadPoolExecutor.java:1076)
06-20 16:15:52.568  9936  9983 W webview : 	at java.util.concurrent.ThreadPoolExecutor$Worker.run(ThreadPoolExecutor.java:569)
06-20 16:15:52.568  9936  9983 W webview : 	at java.lang.Thread.run(Thread.java:856)
06-20 16:15:53.201  2360  2404 I bluedroid: bt_enable: ret: -1, errno: 110
06-20 16:15:53.318  9936  9938 D dalvikvm: GC_CONCURRENT freed 182K, 17% free 11073K/13255K, paused 2ms+4ms
06-20 16:15:53.350  9936  9936 D dalvikvm: GC_FOR_ALLOC freed <1K, 13% free 11664K/13255K, paused 22ms
06-20 16:15:55.498  2869  2869 D wpa_supplicant: wpa_driver_wext_driver_cmd RSSI len = 248
06-20 16:15:55.506  2869  2869 D wpa_supplicant: wpa_driver_wext_driver_cmd UB_Secure rssi -77  len = 19, 19
06-20 16:15:55.506  2869  2869 D wpa_supplicant: wpa_driver_wext_driver_cmd LINKSPEED len = 248
06-20 16:15:55.506  2869  2869 D wpa_supplicant: wpa_driver_wext_driver_cmd LinkSpeed 72 len = 12, 12
06-20 16:15:58.510  2869  2869 D wpa_supplicant: wpa_driver_wext_driver_cmd RSSI len = 248
06-20 16:15:58.517  2869  2869 D wpa_supplicant: wpa_driver_wext_driver_cmd UB_Secure rssi -78  len = 19, 19
06-20 16:15:58.517  2869  2869 D wpa_supplicant: wpa_driver_wext_driver_cmd LINKSPEED len = 248
06-20 16:15:58.517  2869  2869 D wpa_supplicant: wpa_driver_wext_driver_cmd LinkSpeed 72 len = 12, 12
06-20 16:16:01.521  2869  2869 D wpa_supplicant: wpa_driver_wext_driver_cmd RSSI len = 248
06-20 16:16:01.529  2869  2869 D wpa_supplicant: wpa_driver_wext_driver_cmd UB_Secure rssi -78  len = 19, 19
06-20 16:16:01.529  2869  2869 D wpa_supplicant: wpa_driver_wext_driver_cmd LINKSPEED len = 248
06-20 16:16:01.529  2869  2869 D wpa_supplicant: wpa_driver_wext_driver_cmd LinkSpeed 72 len = 12, 12
06-20 16:16:03.299  2360  2404 I bluedroid: bt_enable: ret: -1, errno: 110
06-20 16:16:04.490  9936 10018 D Rapp    : http://www.vas3g.com/radiowebapi/get_s.php?country=India&mobile_id=f1aa9841-5db5-4462-ad5d-4aa5c7bf665d&mobile_make=unknown&mobile_model=Full%20Android%20on%20Crespo4G&mobile_os=15&app_version=37&country_code=US&appusage_cntr=1
06-20 16:16:04.533  2869  2869 D wpa_supplicant: wpa_driver_wext_driver_cmd RSSI len = 248
06-20 16:16:04.541  2869  2869 D wpa_supplicant: wpa_driver_wext_driver_cmd UB_Secure rssi -76  len = 19, 19
06-20 16:16:04.541  2869  2869 D wpa_supplicant: wpa_driver_wext_driver_cmd LINKSPEED len = 248
06-20 16:16:04.541  2869  2869 D wpa_supplicant: wpa_driver_wext_driver_cmd LinkSpeed 72 len = 12, 12
06-20 16:16:04.896  9936 10018 D Rapp    : 1728#A9RADIO#http://173.193.205.96:9000#MPEG#Tamil#APP#13309#477#NA
06-20 16:16:04.896  9936 10018 D Rapp    : 4808#Air Tamil Delhi#http://mp3.wpsu.org:8000#MP3#Tamil#USER#9922#216#Salem Tamizhan
06-20 16:16:04.896  9936 10018 D Rapp    : 1918#AKTARA | Bangla Internet Radio#http://173.192.48.97:8208#MPEG#Bangla Bengali#APP#2888#126#NA
06-20 16:16:04.896  9936 10018 D Rapp    : 5926#Al Islah Radio#http://uk3-pn.mixstream.net:8294#MPEG#Religion,Talk#USER#6998#206#ameenrashid
06-20 16:16:04.900  9936 10018 D Rapp    : 77#Apna eRadio Ghazal Channel#http://209.62.54.34:8400#MPEG#Ghazals#App#19717#1108#NA
06-20 16:16:04.900  9936 10018 D Rapp    : 6777#Astrology.fm#http://radio.astrology.fm#MPEG#Astrology#USER#3240#110#Dipak Raste
06-20 16:16:04.900  9936 10018 D Rapp    : 4585#ATBC - Tamil#http://s7.viastreaming.net:7920#MPEG#Tamil#USER#5172#215#Salem Tamizhan
06-20 16:16:04.904  9936 10018 D Rapp    : 1713#CALMRADIO.COM#http://173.192.225.172:11700#MPEG#Indian Hindi#APP#15089#381#NA
06-20 16:16:04.904  9936 10018 D Rapp    : 1392#Carnatic#http://s5.viastreaming.net:7220#MPEG#Classical#USER#5350#275#Skmusic
06-20 16:16:04.904  9936 10018 D Rapp    : 106#Chandigarh Radio#http://173.199.133.62:8003#MPEG#Misc#USER#2868#17#NA
06-20 16:16:04.904  9936 10018 D Rapp    : 4806#Chennai FM Rainbow#http://euroshoutcast.com:8000#MPEG#Tamil#USER#11905#288#Salem Tamizhan
06-20 16:16:04.908  9936 10018 D Rapp    : 4807#Craze FM#http://67.159.5.57:9152#MPEG#Songs#USER#4113#132#Salem Tamizhan
06-20 16:16:04.908  9936 10018 D Rapp    : 1727#CTBC#http://174.36.206.197:8088#MPEG#tamil, ctbc#APP#2656#138#NA
06-20 16:16:04.908  9936 10018 D Rapp    : 3742#darbar sahib live#http://www.sgpc.net:8000#MPEG#shabad keertan#USER#6081#225#mandeep singh
06-20 16:16:04.908  9936 10018 D Rapp    : 1685#Desi Music Mix#http://66.23.234.242:8012#MPEG#Bollywood, Hindi, Punjabi, Bhangra, Desi#APP#30246#1206#NA
06-20 16:16:04.912  9936 10018 D Rapp    : 553#desi radio#http://76.73.126.218#MPEG#hindi#USER#8206#457#NA
06-20 16:16:04.912  9936 10018 D Rapp    : 1682#DeSi-RaDiO.com#http://67.159.44.84:80#MPEG#Indian Pakistani (Hindi Urdu)#APP#10979#561#NA
06-20 16:16:04.912  9936 10018 D Rapp    : 1700#DesiZone Radio#http://178.19.114.74:6080#MPEG#desi hindi indian bhangra punjabi#APP#2758#103#NA
06-20 16:16:04.912  9936 10018 D Rapp    : 4765#DJ Siran#http://listen.radionomy.com/djsiran-tamil-fm#MP3#Tamil#USER#3891#138#Salem Tamizhan
06-20 16:16:04.916  9936 10018 D Rapp    : 4570#Europian Tamil Radio#http://199.16.186.36:8646/stream#MP3#Tamil#USER#1774#94#Salem Tamizhan
06-20 16:16:04.916  9936 10018 D Rapp    : 4921#FM Rainbow Chennai#http://euroshoutcast.com:8000#MPEG#Tamil#USER#2526#113#Salem Tamizhan
06-20 16:16:04.916  9936 10018 D Rapp    : 4567#Geetham#http://geetham.net:8020/80s_hifi.mp3#MP3#Tamil#USER#3218#138#NA
06-20 16:16:04.916  9936 10018 D Rapp    : 4802#Geetham Radio#http://www.geethamradio.com:8020/lofi.mp3#MP3#Tamil#USER#1907#77#Salem Tamizhan
06-20 16:16:04.920  9936 10018 D Rapp    : 4803#Geetham Radio - Old#http://www.geethamradio.com:8020/old_lofi.mp3#MP3#Tamil Old is Gold#USER#2479#102#Salem Tamizhan
06-20 16:16:04.920  9936 10018 D Rapp    : 105#GhazalRadio#http://62.75.208.229:8196#MPEG#Ghazals#App#9036#689#NA
06-20 16:16:04.920  9936 10018 D Rapp    : 1731#gtbc.fm#http://38.96.148.18:6150#MPEG#Tamil#APP#1778#129#NA
06-20 16:16:04.939  9936 10018 D Rapp    : 4580#GuyanaNJ FM#http://199.16.186.38:8312#MPEG#Tamil#USER#1082#60#Salem Tamizhan
06-20 16:16:04.939  9936 10018 D Rapp    : 3363#GuyanaNJ FM (My FM)#http://199.16.186.38:8312#MPEG#Mix#USER#2373#117#Ali
06-20 16:16:04.939  9936 10018 D Rapp    : 103#GuyanaNJ FM Desi Radio#http://199.16.186.38:8312#MPEG#Indian#App#7269#444#NA
06-20 16:16:04.939  9936 10018 D Rapp    : 1687#Hamara Sangeet#http://213.229.93.200:9001#MPEG#Indian hindi bollywood desi regional folk Requests Songs#APP#14739#494#NA
06-20 16:16:04.939  9936 10018 D Rapp    : 73#Hamara Sangeet#http://213.175.221.132:8000#MPEG#Bollywood - India#App#17568#862#NA
06-20 16:16:04.939  9936 10018 D Rapp    : 1706#Hindi Bollywood Radio#http://74.91.29.234:8035#MPEG#Hindi#APP#21470#1080#NA
06-20 16:16:04.939  9936 10018 D Rapp    : 1704#Hindi Christian Music Radio#http://66.55.144.67:8008#MPEG#Hindi Christian Gopsel Music#APP#2790#130#NA
06-20 16:16:04.939  9936 10018 D Rapp    : 78#Hindi Desi Bollywood Evergreen Hits#http://199.16.186.36:8419#MPEG#Bollywood - India#App#28261#1559#NA
06-20 16:16:04.939  9936 10018 D Rapp    : 1686#Hindi Radio#http://173.192.224.123:8512#MPEG#Hindi Bollywood India Desi Ghazal Sufi Evergreen#APP#12457#521#NA
06-20 16:16:04.939  9936 10018 D Rapp    : 1679#Hindi Radio#http://208.80.55.219:10022#AAC#Bollywood Hindi#APP#14693#574#NA
06-20 16:16:04.939  9936 10018 D Rapp    : 2322#Hit 96.7#http://4103.live.streamtheworld.com:3690/HITAAC_SC#AAC#Malayalam Film Songs#USER#6773#322#Kishor Nair
06-20 16:16:04.939  9936 10018 D Rapp    : 4565#IBC Tamil#http://ibctamilradio.primcast.com:6176#MPEG#Tamil#USER#1530#91#Salem Tamizhan
06-20 16:16:04.939  9936 10018 D Rapp    : 4922#Isai Thai Fm#http://178.159.0.80:7124#MPEG#Tamil#USER#969#64#Salem Tamizhan
06-20 16:16:04.939  9936 10018 D Rapp    : 1739#IsaiThaiFM#http://178.159.0.80:7124#MPEG#Tamil Melody#APP#2323#142#NA
06-20 16:16:04.939  9936 10018 D Rapp    : 4573#ITR TAMIL#http://s8.pop-stream.de:8570#MPEG#Tamil#USER#617#38#Salem Tamizhan
06-20 16:16:04.939  9936 10018 D Rapp    : 9898#Kalasam FM#http://live.kalasam.com:8084#MPEG#Tamil#USER#227#18#Salem Thamizhan
06-20 16:16:04.943  9936 10018 D Rapp    : 1722#Kalasam.com#http://173.192.207.51:8084#MPEG#tamil ,kalasam#APP#2723#158#NA
06-20 16:16:04.943  9936 10018 D Rapp    : 773#katrey#http://katreyfm.tamila.org:8002#MPEG#Tamil#USER#2440#206#katrey
06-20 16:16:04.943  9936 10018 D Rapp    : 896#kerala#http://uk3-pn.mixstream.net:8232#MPEG#islamic#USER#7012#262#haneef
06-20 16:16:04.943  9936 10018 D Rapp    : 6585#Kerala Islamic Class Room Radio#http://184.107.159.100:8108#MPEG#unknown#USER#3420#115#junaid
06-20 16:16:04.943  9936 10018 D Rapp    : 7390#Kerala Malabar Islamic Radio#http://uk3-pn.mixstream.net:8232#MPEG#Islam Kerala SYS#USER#2263#70#zubair
06-20 16:16:04.943  9936 10018 D Rapp    : 1696#KGMD Radio#http://173.199.133.62:8013#MPEG#Punjabi Hindi English Gurbani#APP#2215#121#NA
06-20 16:16:04.943  9936 10018 D Rapp    : 1712#Kr4u#http://109.169.26.79:8349#MPEG#Hindi Songs#APP#6815#401#NA
06-20 16:16:04.943  9936 10018 D Rapp    : 6393#Kunjan Radio#http://69.175.39.146:8539#MPEG#Malayalam , World#USER#921#59#sinu
06-20 16:16:04.943  9936 10018 D Rapp    : 97#LataRafi Radio#http://46.64.1.30:8000#MPEG#Bollywood - India#App#16308#1347#NA
06-20 16:16:04.943  9936 10018 D Rapp    : 1922#lemon24.com#http://115.127.14.58:8000#MPEG#Bangla#APP#2006#145#NA
06-20 16:16:04.943  9936 10018 D Rapp    : 4805#Likexa FM#http://67.159.45.87:8324#MPEG#Tamil#USER#877#60#Salem Tamizhan
06-20 16:16:04.943  9936 10018 D Rapp    : 6337#Marathi Radio#http://sc3.spacialnet.com:16704#MPEG#marathi#USER#1873#65#megh
06-20 16:16:04.943  9936 10018 D Rapp    : 79#Masala Beats Radio#http://69.175.39.146:8654#MPEG#Bollywood - India#App#19036#1122#NA
06-20 16:16:04.943  9936 10018 D Rapp    : 501#MastRadio.com#http://stream.mastradio.net:8000#MPEG#Bollywood#USER#17051#734#NA
06-20 16:16:04.943  9936 10018 D Rapp    : 4758#Merina Fm#http://trttamil.relay-network.com:8024#MPEG#Tamil#USER#940#64#Salem Tamizhan
06-20 16:16:04.943  9936 10018 D Rapp    : 1917#My Bangla Gaan#http://69.175.103.230:8000#MPEG#Bangla Gaan#APP#2696#191#NA
06-20 16:16:04.943  9936 10018 D Rapp    : 5345#Nadam Radio - Malayalam#http://viadj.viastreaming.net:7070#MPEG#Malayalam Devotional Songs#USER#1747#106#Kishor Nair
06-20 16:16:04.943  9936 10018 D Rapp    : 4757#Naga Fm#http://songs.nagafm.com:8001#MPEG#Tamil#USER#549#50#Salem Tamizhan
06-20 16:16:04.943  9936 10018 D Rapp    : 1921#Onubhuti#http://184.172.165.195:8205#MPEG#Bangla#APP#1481#147#NA
06-20 16:16:04.943  9936 10018 D Rapp    : 110#Panjabi FM Radio#http://208.43.81.168:8960#MPEG#WorldBeat#App#11744#623#NA
06-20 16:16:04.943  9936 10018 D Rapp    : 1678#Planet Radio#http://208.115.222.205:9998#MPEG#Bollywood Radio - Hindi Radio - Indian - Asian - Various#APP#8183#367#NA
06-20 16:16:04.947  9936 10018 D Rapp    : 629#Planet Radio City#http://208.115.222.206:9998#MPEG#bollywood#USER#5919#294#jazz
06-20 16:16:04.947  9936 10018 D Rapp    : 2168#Planet Radio City#http://208.115.222.206:9998#MPEG#Music#USER#5338#209#vicky
06-20 16:16:04.947  9936 10018 D Rapp    : 3635#Planet radio city 91.1 fm#http://208.115.222.206:9998#MPEG#Pop#USER#3194#182#Jay
06-20 16:16:04.947  9936 10018 D Rapp    : 677#prasar bharati#http://newsonair.com/writereaddata/broadcast/Hindi-Main-Bulletins-2176.mp3#MP3#News#USER#5906#720#Arvind
06-20 16:16:04.947  9936 10018 D Rapp    : 1716#punjabi hindi mix songs#http://117.239.6.24:8000#AAC#punjabi hindi mix#APP#6314#342#NA
06-20 16:16:04.947  9936 10018 D Rapp    : 2914#Raaga#http://BC.raaga.com:5390/stream3#AAC#Tamil#USER#1829#124#NA
06-20 16:16:04.947  9936 10018 D Rapp    : 2716#Raaga.com#http://bc.raaga.com:5390/stream3#AAC#Bollywood#USER#6011#301#Baudhayan Lahiri
06-20 16:16:04.947  9936 10018 D Rapp    : 2713#Raaga.com#http://BC.raaga.com:5390/stream3#AAC#Bollywood#USER#5927#272#BL
06-20 16:16:04.947  9936 10018 D Rapp    : 681#Radha Gopinath#http://66.45.246.202:8250#MPEG#Hare Krsna#USER#3242#148#vraja
06-20 16:16:04.947  9936 10018 D Rapp    : 700#Radha Gopinath Mandir#http://94.76.216.200:8298#MPEG#Hari bol#USER#1044#29#vraja
06-20 16:16:04.947  9936 10018 D Rapp    : 2492#Radha gopinath Temple#http://94.76.216.200:8298#MPEG#Spiritual#USER#1228#66#Neeraj Kapoor
06-20 16:16:04.947  9936 10018 D Rapp    : 2526#RadhaGopinath temple#http://94.76.216.200:8298#MPEG#spiritual#USER#870#40#lokesh
06-20 16:16:04.947  9936 10018 D Rapp    : 1915#Radio 2fun#http://67.228.101.162:7600#MPEG#bangla - pop - mixed#APP#2817#157#NA
06-20 16:16:04.947  9936 10018 D Rapp    : 1695#RADIO 2FUN#http://67.228.101.164:7800#MPEG#bangla - hindi - anc#APP#2948#158#NA
06-20 16:16:04.947  9936 10018 D Rapp    : 1714#Radio Afsana#http://208.186.112.40:8010#MPEG#Desi, Hindi , Bollywood, Fiji, Indian#APP#5585#346#NA
06-20 16:16:04.947  9936 10018 D Rapp    : 1719#Radio Akaashfm#http://89.18.179.157:8024#MPEG#Hindi#APP#2698#213#NA
06-20 16:16:04.947  9936 10018 D Rapp    : 458#Radio City#http://208.115.222.206:9998#MPEG#pop#USER#8080#529#NA
06-20 16:16:04.947  9936 10018 D Rapp    : 98#Radio Cool Yaar#http://109.123.114.74:8014#MPEG#Bollywood - India#App#18932#905#NA
06-20 16:16:04.947  9936 10018 D Rapp    : 1702#Radio Dil Apna Punjabi ( canada )#http://96.44.147.34:7028#MPEG#punjabi,hindi#APP#3385#219#NA
06-20 16:16:04.947  9936 10018 D Rapp    : 76#Radio Goa#http://66.45.246.202:8570#MPEG#Adult Contemporary#App#3511#248#NA
06-20 16:16:04.947  9936 10018 D Rapp    : 1916#Radio GoonGoon#http://184.107.144.218:8040#MPEG#Bangla#APP#2105#167#NA
06-20 16:16:04.947  9936 10018 D Rapp    : 80#Radio HSL#http://174.36.206.217:8485#MPEG#Bollywood - India#App#8316#431#NA
06-20 16:16:04.947  9936 10018 D Rapp    : 5763#Radio Islam#http://streams.museter.com:8078#MPEG#Religious , Public Radio#USER#1007#61#Teddy
06-20 16:16:04.947  9936 10018 D Rapp    : 5762#Radio Islam#http://streams.museter.com:8078#MPEG#Religious , Public Radio#USER#924#25#Teddy
06-20 16:16:04.947  9936 10018 D Rapp    : 1926#Radio Jessore#http://184.172.165.195:8011#MPEG#Bangla, Radio, Online Radio, Songs, Classical,mp3 songs, Jessore, pop, News#APP#1081#91#NA
06-20 16:16:04.951  9936 10018 D Rapp    : 3139#Radio Joy Alukkas#http://91.121.122.94:8032#MPEG#malayalam#USER#3616#131#Yunus Bava
06-20 16:16:04.951  9936 10018 D Rapp    : 2321#Radio Joy Alukkas#http://91.121.122.94:8032#MPEG#Malayalam Film Songs#USER#4050#172#Kishor Nair
06-20 16:16:04.951  9936 10018 D Rapp    : 6855#Radio Khushi Telugu#http://www.radiokhushi.com:9020#MPEG#Telugu#USER#737#33#Teddy
06-20 16:16:04.951  9936 10018 D Rapp    : 4360#Radio Lata#http://46.64.1.30:8000#MPEG#Hindi#USER#2356#209#Vishnu kumar
06-20 16:16:04.951  9936 10018 D Rapp    : 5321#Radio Mirchi - Hyderabad#http://stream3.voicevibes.net/rmirchi#MP3#Telugu#USER#5625#279#Manu
06-20 16:16:04.951  9936 10018 D Rapp    : 4582#Radio Sai#http://stream.radiosai.net:8008#MPEG#Bhajan#USER#782#70#Salem Tamizhan
06-20 16:16:04.951  9936 10018 D Rapp    : 1277#radio telugu#http://38.101.195.5:8332#MPEG#fun#USER#2701#227#abc
06-20 16:16:04.951  9936 10018 D Rapp    : 9899#Radio Tharanga#http://184.168.74.213:7041#MPEG#Tamil#USER#146#14#Salem Thamizhan
06-20 16:16:04.951  9936 10018 D Rapp    : 1223#Radioteentaal#http://91.121.155.39#MPEG#bollywood#USER#7973#476#jaydeep patel
06-20 16:16:04.951  9936 10018 D Rapp    : 980#Red fm#http://94.23.0.147:8128#MPEG#Hindi#USER#30403#1759#Mr.
06-20 16:16:04.955  9936 10018 D Rapp    : 4674#Red fm#http://stream3.voicevibes.net/sfm#MP3#Hindi,Telugu#USER#14785#206#NA
06-20 16:16:04.955  9936 10018 D Rapp    : 6300#Red FM 93.5#http://94.23.0.147:8128#MPEG#Bollywood#USER#8874#402#Ajay Dhingra
06-20 16:16:04.955  9936 10018 D Rapp    : 1724#Retham FM#http://173.192.224.123:8514#MPEG#tamil#APP#1682#143#NA
06-20 16:16:04.955  9936 10018 D Rapp    : 2527#RG MANDIR#http://94.76.216.200:8298#MPEG#classic#USER#1346#52#NA
06-20 16:16:04.955  9936 10018 D Rapp    : 627#Rradio City#http://208.115.222.206:9998#MPEG#bolltwood#USER#5721#361#jazz
06-20 16:16:04.955  9936 10018 D Rapp    : 4584#Sai Bhajan#http://stream.radiosai.net:8000#MPEG#Bhajan#USER#1032#62#Salem Tamizhan
06-20 16:16:04.955  9936 10018 D Rapp    : 4583#Sai Bhajans#http://stream.radiosai.net:8000#MPEG#Bhajan#USER#842#65#Salem Tamizhan
06-20 16:16:04.955  9936 10018 D Rapp    : 1697#Shah Rukh Khan Fans Radio#http://85.25.106.168:8000#MPEG#Hindi#APP#11288#664#NA
06-20 16:16:04.955  9936 10018 D Rapp    : 1936#Sikh Net Radio Channel 5#http://184.154.167.195:8018/stream#MP3#Religious#USER#1550#119#NA
06-20 16:16:04.955  9936 10018 D Rapp    : 1963#Sikhnet Radio - Dukh Niwaran Sahib#http://radio2.sikhnet.com:8022/stream#MP3#Religious#USER#1657#106#NA
06-20 16:16:04.955  9936 10018 D Rapp    : 1964#Sikhnet Radio - Golden Temple#http://184.154.167.195:8020/stream#MP3#religious#USER#2532#150#NA
06-20 16:16:04.955  9936 10018 D Rapp    : 1708#Simarjotfm#http://77.86.203.20:8000#MPEG#Hindi#APP#4217#215#NA
06-20 16:16:04.955  9936 10018 D Rapp    : 3102#SOORIYAN FM#http://85.25.108.20:8050#MPEG#tamil#USER#5274#355#sharmi
06-20 16:16:04.955  9936 10018 D Rapp    : 5250#Sunni Global Voice#http://s7.voscast.com:7856#MPEG#Islamic#USER#6966#91#Ilyas
06-20 16:16:04.955  9936 10018 D Rapp    : 4373#Sunni Global Voice#http://s7.voscast.com:7856#MPEG#islamic#USER#7552#139#SAMEER.vtr
06-20 16:16:04.955  9936 10018 D Rapp    : 1698#SunriseFM#http://46.21.147.83:8019#MPEG#Hindi#APP#5190#320#NA
06-20 16:16:04.955  9936 10018 D Rapp    : 6824#Super 94.7 FM#http://173.192.224.123:8477/superrr#MP3#Male#USER#504#27#Arun nair panayam
06-20 16:16:04.955  9936 10018 D Rapp    : 1684#Suvidha Radio#http://69.175.33.162:8292#MPEG#World, Hindi, India#APP#2825#215#NA
06-20 16:16:04.955  9936 10018 D Rapp    : 7646#Tamil Flash Radio#http://66.197.229.245:10200#MPEG#Dance#USER#232#14#Jean.Dj
06-20 16:16:04.955  9936 10018 D Rapp    : 4915#Tamil Rise#http://76.73.127.154:8052#MPEG#Tamil#USER#751#60#Salem Tamizhan
06-20 16:16:04.955  9936 10018 D Rapp    : 1692#Tamil Star FM#http://68.169.46.27:8008#MPEG#Tamil, Tamil, Telugu, Hindi, Indian, Tamil Star, Malayalam, Bollywood, Asian, Indian, Lanka#APP#3573#123#NA
06-20 16:16:04.955  9936 10018 D Rapp    : 4790#Tamil Star FM#http://68.169.46.27:8008#MPEG#Tamil#USER#2380#30#Salem Tamizhan
06-20 16:16:04.955  9936 10018 D Rapp    : 4792#Tamil Star Fm#http://174.36.206.197:8052#MPEG#Tamil#USER#2407#45#Salem Tamizhan
06-20 16:16:04.959  9936 10018 D Rapp    : 1749#Tamil Star FM#http://174.36.206.197:8076#MPEG#Tamil#APP#3684#167#NA
06-20 16:16:04.959  9936 10018 D Rapp    : 1736#TamilMelIsai#http://50.7.241.10:8041#MPEG#Tamil Tamil Radio Tamil FM TamilFM#APP#1831#136#NA
06-20 16:16:04.959  9936 10018 D Rapp    : 1757#Tamilnila FM#http://174.123.20.132:8010#MPEG#Tamil#APP#2143#161#NA
06-20 16:16:04.959  9936 10018 D Rapp    : 4572#Tamils Flash FM#http://66.197.229.245:10200#MPEG#Tamil#USER#518#48#Salem Tamizhan
06-20 16:16:04.959  9936 10018 D Rapp    : 914#Tarang#http://shadjamadhyam.com:8000/in#MP3#Carnatic#USER#2125#122#NA
06-20 16:16:04.959  9936 10018 D Rapp    : 1913#Telugu Christian#http://199.16.186.36:8631#MPEG#Telugu#APP#922#60#NA
06-20 16:16:04.959  9936 10018 D Rapp    : 1744#Thamileelathil Irunthu Pulikalinkural#http://178.159.0.77:7446#MPEG#Tamil#APP#853#61#NA
06-20 16:16:04.959  9936 10018 D Rapp    : 1753#Thamizhamutham Radio#http://178.159.0.80:7188#MPEG#Tamil#APP#1273#126#NA
06-20 16:16:04.959  9936 10018 D Rapp    : 4754#Thozha Fm#http://174.36.206.217:8615#MPEG#Tamil#USER#324#18#Salem Tamizhan
06-20 16:16:04.959  9936 10018 D Rapp    : 1738#Thuthi FM#http://87.117.228.59:8632#MPEG#Tamil Christian Media#APP#1094#78#NA
06-20 16:16:04.959  9936 10018 D Rapp    : 75#Tiranga Radio#http://tirangaradio.com:4001/#MPEG#India#App#1405#74#NA
06-20 16:16:04.959  9936 10018 D Rapp    : 4931#Trance Radio - Club Lounge Radio#http://85.25.144.209:8888#MPEG#Bollywood remix#USER#1904#134#Deepa
06-20 16:16:04.959  9936 10018 D Rapp    : 1723#TRT TAMIL OLI#http://88.191.88.135:8024#MPEG#TRT TAMIL OLI#APP#1760#101#NA
06-20 16:16:04.959  9936 10018 D Rapp    : 4787#TRT Tamil Relay#http://trttamil.relay-network.com:8024#MP3#Tamil#USER#412#24#Salem Tamizhan
06-20 16:16:04.959  9936 10018 D Rapp    : 1725#TSRLIVE.com#http://67.159.5.57:9152#MPEG#tamil#APP#1092#102#NA
06-20 16:16:04.959  9936 10018 D Rapp    : 4755#Ungal Choice Fm#http://69.175.20.66:8435#MPEG#Tamil#USER#1028#70#Salem Tamizhan
06-20 16:16:04.959  9936 10018 D Rapp    : 1735#Ungal Radio#http://69.175.20.66:8410#MPEG#Tamil#APP#2424#182#NA
06-20 16:16:04.959  9936 10018 D Rapp    : 1477#United Colors of Benetton Web Radio#http://viadj.viastreaming.net:7124#MPEG#pop#USER#2199#117#NA
06-20 16:16:04.959  9936 10018 D Rapp    : 1758#Vanavilfm#http://178.250.55.110:9000#AAC#Tamil#APP#272#23#NA
06-20 16:16:04.959  9936 10018 D Rapp    : 1752#Vanavilfm Tamil Online Radio#http://178.250.55.110:8000#MPEG#Tamil#APP#545#46#NA
06-20 16:16:04.959  9936 10018 D Rapp    : 1745#Velicham#http://173.224.125.98:7788#MPEG#Tamil#APP#2148#188#NA
06-20 16:16:04.959  9936 10018 D Rapp    : 4069#Vivid Bharti (Vigyapan Sega)#http://69.89.18.237:2010#MPEG#Music,Talk Shows##2420#141#NA
06-20 16:16:04.959  9936 10018 D Rapp    : 1699#Vividh Bharati Radio#http://69.89.18.237:2010#MPEG#Hindi#APP#16407#593#NA
06-20 16:16:04.959  9936 10018 D Rapp    : 2927#Vividh Bharati Radio#http://vividhbharati.us:2010#MPEG#old songs#USER#13843#489#xyz
06-20 16:16:04.963  9936 10018 D Rapp    : 1115#Vividh Bharti#http://vividhbharati.us:2010#MPEG#Hindi#USER#15352#881#NA
06-20 16:16:04.963  9936 10018 D Rapp    : 1746#Waves of Power#http://66.249.20.237:8004#MPEG#Tamil#APP#3009#108#NA
06-20 16:16:04.963  9936 10018 D Rapp    : 1733#www.sivankovil.ch Bakthi Malargal#http://84.73.228.253:8000#MPEG#Tamil#APP#2702#130#NA
06-20 16:16:04.990  9936  9936 W InMobiAndroidSDK_3.0.1: Ad download in progress. Your request cannot be processed at this time. Try again later.
06-20 16:16:04.990  9936  9936 D Rapp    : InMobiAdActivity-> onAdRequestFailed, adView: com.inmobi.androidsdk.IMAdView@4164a7a8 ,errorCode: AD_DOWNLOAD_IN_PROGRESS
06-20 16:16:04.990  9936  9936 D Rapp    : Inmobi topad is com.inmobi.androidsdk.IMAdView@415f0860
06-20 16:16:05.002  9936 10201 V InMobiAndroidSDK_3.0.1: requestactivity=AdRequest&d-deviceModel=Full+Android+on+Crespo4G&d-deviceMachineHW=Linux%28Android%3A3.0.8-g6656123%29&d-deviceSystemName=BASE&d-deviceSystemVersion=1.0&d-deviceName=Android&d-deviceBTHW=Wed+Jun+20+15%3A21%3A51+EDT+2012&d-deviceStorageSize=InBuilt%3A1007+MB%2CExt%3A13+GB&d-device-screen-density=1.5&d-device-screen-size=480X800&x-inmobi-phone-useragent=Mozilla%2F5.0+%28Linux%3B+U%3B+Android+4.0.4%3B+en-us%3B+Full+Android+on+Crespo4G+Build%2FIMM76D%29+AppleWebKit%2F534.30+%28KHTML%2C+like+Gecko%29+Version%2F4.0+Mobile+Safari%2F534.30&mk-siteid=4028cba634ef45cb01350017a4a30255&u-id=eed68b218a5ad30445e1768d90bf33fd&mk-version=pr-SPEC-ATATA-20091223&format=xhtml&mk-ads=1&h-user-agent=inmobi_androidsdk%3D3.0.1&u-InMobi_androidwebsdkVersion=3.0.1&u-appBId=com.radio.rapp&u-appDNM=Mobile+Radio+Live&u-appVer=1.5.6&d-localization=en_us&d-netType=wifi&d-orientation=1&mk-banner-size=15
06-20 16:16:05.002  9936  9936 D Rapp    : Here for loading ad
06-20 16:16:05.017  9936 10006 I Ads     : To get test ads on this device, call adRequest.addTestDevice("EED68B218A5AD30445E1768D90BF33FD");
06-20 16:16:05.088  9936 10006 I Ads     : adRequestUrlHtml: <html><head><script src="http://www.gstatic.com/afma/sdk-core-v40.js"></script><script>AFMA_buildAdURL({"preqs":9,"u_sd":1.5,"slotname":"a14dffe7da9dcba","u_w":320,"msid":"com.radio.rapp","js":"afma-sdk-a-v4.1.0","isu":"EED68B218A5AD30445E1768D90BF33FD","format":"320x50_mb","net":"wi","app_name":"37.android.com.radio.rapp","hl":"en","u_h":533,"u_audio":3,"u_so":"p"});</script></head><body></body></html>
06-20 16:16:05.162  9936 10006 W webview : java.lang.Throwable: Warning: A WebView method was called on thread 'AsyncTask #4'. All WebView methods must be called on the UI thread. Future versions of WebView may not support use on other threads.
06-20 16:16:05.162  9936 10006 W webview : 	at android.webkit.WebView.checkThread(WebView.java:9468)
06-20 16:16:05.162  9936 10006 W webview : 	at android.webkit.WebView.loadDataWithBaseURL(WebView.java:2186)
06-20 16:16:05.162  9936 10006 W webview : 	at c.a(Unknown Source)
06-20 16:16:05.162  9936 10006 W webview : 	at c.doInBackground(Unknown Source)
06-20 16:16:05.162  9936 10006 W webview : 	at android.os.AsyncTask$2.call(AsyncTask.java:264)
06-20 16:16:05.162  9936 10006 W webview : 	at java.util.concurrent.FutureTask$Sync.innerRun(FutureTask.java:305)
06-20 16:16:05.162  9936 10006 W webview : 	at java.util.concurrent.FutureTask.run(FutureTask.java:137)
06-20 16:16:05.162  9936 10006 W webview : 	at java.util.concurrent.ThreadPoolExecutor.runWorker(ThreadPoolExecutor.java:1076)
06-20 16:16:05.162  9936 10006 W webview : 	at java.util.concurrent.ThreadPoolExecutor$Worker.run(ThreadPoolExecutor.java:569)
06-20 16:16:05.162  9936 10006 W webview : 	at java.lang.Thread.run(Thread.java:856)
06-20 16:16:05.197  9936  9938 D dalvikvm: GC_CONCURRENT freed 1643K, 19% free 10857K/13255K, paused 15ms+6ms
06-20 16:16:05.283  2360  2536 W InputManagerService: Window already focused, ignoring focus gain of: com.android.internal.view.IInputMethodClient$Stub$Proxy@41706a68
06-20 16:16:05.291  9936  9936 W InMobiAndroidSDK_3.0.1: Ad request successful, but no ad was returned due to lack of ad inventory.
06-20 16:16:05.295  9936  9936 D Rapp    : InMobiAdActivity-> onAdRequestFailed, adView: com.inmobi.androidsdk.IMAdView@4164a7a8 ,errorCode: NO_FILL
06-20 16:16:05.303  9936  9936 D webviewglue: nativeDestroy view: 0x98e8d8
06-20 16:16:05.310  9936  9936 D webviewglue: nativeDestroy view: 0x99c488
06-20 16:16:05.389  9936  9936 D Rapp    : Received the message
06-20 16:16:05.389  9936  9936 D Rapp    : Position of ad is top_stations
06-20 16:16:05.400  9936  9976 I Ads     : To get test ads on this device, call adRequest.addTestDevice("EED68B218A5AD30445E1768D90BF33FD");
06-20 16:16:05.486  9936  9976 I Ads     : adRequestUrlHtml: <html><head><script src="http://www.gstatic.com/afma/sdk-core-v40.js"></script><script>AFMA_buildAdURL({"preqs":10,"u_sd":1.5,"slotname":"a14dffe7da9dcba","u_w":320,"msid":"com.radio.rapp","js":"afma-sdk-a-v4.1.0","isu":"EED68B218A5AD30445E1768D90BF33FD","format":"320x50_mb","net":"wi","app_name":"37.android.com.radio.rapp","hl":"en","u_h":533,"u_audio":3,"u_so":"p"});</script></head><body></body></html>
06-20 16:16:05.549  9936  9976 W webview : java.lang.Throwable: Warning: A WebView method was called on thread 'AsyncTask #1'. All WebView methods must be called on the UI thread. Future versions of WebView may not support use on other threads.
06-20 16:16:05.549  9936  9976 W webview : 	at android.webkit.WebView.checkThread(WebView.java:9468)
06-20 16:16:05.549  9936  9976 W webview : 	at android.webkit.WebView.loadDataWithBaseURL(WebView.java:2186)
06-20 16:16:05.549  9936  9976 W webview : 	at c.a(Unknown Source)
06-20 16:16:05.549  9936  9976 W webview : 	at c.doInBackground(Unknown Source)
06-20 16:16:05.549  9936  9976 W webview : 	at android.os.AsyncTask$2.call(AsyncTask.java:264)
06-20 16:16:05.549  9936  9976 W webview : 	at java.util.concurrent.FutureTask$Sync.innerRun(FutureTask.java:305)
06-20 16:16:05.549  9936  9976 W webview : 	at java.util.concurrent.FutureTask.run(FutureTask.java:137)
06-20 16:16:05.549  9936  9976 W webview : 	at java.util.concurrent.ThreadPoolExecutor.runWorker(ThreadPoolExecutor.java:1076)
06-20 16:16:05.549  9936  9976 W webview : 	at java.util.concurrent.ThreadPoolExecutor$Worker.run(ThreadPoolExecutor.java:569)
06-20 16:16:05.549  9936  9976 W webview : 	at java.lang.Thread.run(Thread.java:856)
06-20 16:16:05.557  9936  9936 I Ads     : Received ad url: <"url": "http://googleads.g.doubleclick.net:80/mads/gma?preqs=9&u_sd=1.5&slotname=a14dffe7da9dcba&u_w=320&msid=com.radio.rapp&js=afma-sdk-a-v4.1.0&isu=EED68B218A5AD30445E1768D90BF33FD&format=320x50_mb&net=wi&app_name=37.android.com.radio.rapp&hl=en&u_h=533&u_audio=3&u_so=p&output=html&region=mobile_app&u_tz=240&ex=1&client_sdk=1&askip=4&caps=sdkAdmobApiForAds&jsv=27", "afmaNotifyDt": "null">
06-20 16:16:05.795  9936  9936 I Ads     : Received ad url: <"url": "http://googleads.g.doubleclick.net:80/mads/gma?preqs=10&u_sd=1.5&slotname=a14dffe7da9dcba&u_w=320&msid=com.radio.rapp&js=afma-sdk-a-v4.1.0&isu=EED68B218A5AD30445E1768D90BF33FD&format=320x50_mb&net=wi&app_name=37.android.com.radio.rapp&hl=en&u_h=533&u_audio=3&u_so=p&output=html&region=mobile_app&u_tz=240&ex=1&client_sdk=1&askip=0&caps=sdkAdmobApiForAds&jsv=27", "afmaNotifyDt": "null">
06-20 16:16:05.951  9936 10006 W webview : java.lang.Throwable: Warning: A WebView method was called on thread 'AsyncTask #4'. All WebView methods must be called on the UI thread. Future versions of WebView may not support use on other threads.
06-20 16:16:05.951  9936 10006 W webview : 	at android.webkit.WebView.checkThread(WebView.java:9468)
06-20 16:16:05.951  9936 10006 W webview : 	at android.webkit.WebView.loadDataWithBaseURL(WebView.java:2186)
06-20 16:16:05.951  9936 10006 W webview : 	at c.a(Unknown Source)
06-20 16:16:05.951  9936 10006 W webview : 	at c.doInBackground(Unknown Source)
06-20 16:16:05.951  9936 10006 W webview : 	at android.os.AsyncTask$2.call(AsyncTask.java:264)
06-20 16:16:05.951  9936 10006 W webview : 	at java.util.concurrent.FutureTask$Sync.innerRun(FutureTask.java:305)
06-20 16:16:05.951  9936 10006 W webview : 	at java.util.concurrent.FutureTask.run(FutureTask.java:137)
06-20 16:16:05.951  9936 10006 W webview : 	at java.util.concurrent.ThreadPoolExecutor.runWorker(ThreadPoolExecutor.java:1076)
06-20 16:16:05.951  9936 10006 W webview : 	at java.util.concurrent.ThreadPoolExecutor$Worker.run(ThreadPoolExecutor.java:569)
06-20 16:16:05.951  9936 10006 W webview : 	at java.lang.Thread.run(Thread.java:856)
06-20 16:16:05.990  9936  9936 I Ads     : onReceiveAd()
06-20 16:16:06.080  9936  9976 W webview : java.lang.Throwable: Warning: A WebView method was called on thread 'AsyncTask #1'. All WebView methods must be called on the UI thread. Future versions of WebView may not support use on other threads.
06-20 16:16:06.080  9936  9976 W webview : 	at android.webkit.WebView.checkThread(WebView.java:9468)
06-20 16:16:06.080  9936  9976 W webview : 	at android.webkit.WebView.loadDataWithBaseURL(WebView.java:2186)
06-20 16:16:06.080  9936  9976 W webview : 	at c.a(Unknown Source)
06-20 16:16:06.080  9936  9976 W webview : 	at c.doInBackground(Unknown Source)
06-20 16:16:06.080  9936  9976 W webview : 	at android.os.AsyncTask$2.call(AsyncTask.java:264)
06-20 16:16:06.080  9936  9976 W webview : 	at java.util.concurrent.FutureTask$Sync.innerRun(FutureTask.java:305)
06-20 16:16:06.080  9936  9976 W webview : 	at java.util.concurrent.FutureTask.run(FutureTask.java:137)
06-20 16:16:06.080  9936  9976 W webview : 	at java.util.concurrent.ThreadPoolExecutor.runWorker(ThreadPoolExecutor.java:1076)
06-20 16:16:06.080  9936  9976 W webview : 	at java.util.concurrent.ThreadPoolExecutor$Worker.run(ThreadPoolExecutor.java:569)
06-20 16:16:06.080  9936  9976 W webview : 	at java.lang.Thread.run(Thread.java:856)
06-20 16:16:06.517  9936  9936 I Ads     : onReceiveAd()
06-20 16:16:07.545  2869  2869 D wpa_supplicant: wpa_driver_wext_driver_cmd RSSI len = 248
06-20 16:16:07.553  2869  2869 D wpa_supplicant: wpa_driver_wext_driver_cmd UB_Secure rssi -77  len = 19, 19
06-20 16:16:07.553  2869  2869 D wpa_supplicant: wpa_driver_wext_driver_cmd LINKSPEED len = 248
06-20 16:16:07.553  2869  2869 D wpa_supplicant: wpa_driver_wext_driver_cmd LinkSpeed 72 len = 12, 12
06-20 16:16:09.189  9936  9936 D dalvikvm: GC_FOR_ALLOC freed 535K, 19% free 10779K/13255K, paused 57ms
06-20 16:16:09.248  9936  9938 D dalvikvm: GC_CONCURRENT freed 26K, 16% free 11226K/13255K, paused 2ms+5ms
06-20 16:16:09.264  9936  9936 D webviewglue: nativeDestroy view: 0x9391b8
06-20 16:16:09.264  9936  9936 D webviewglue: nativeDestroy view: 0x98e8d8
06-20 16:16:09.353  9936  9938 D dalvikvm: GC_CONCURRENT freed 18K, 11% free 11845K/13255K, paused 2ms+5ms
06-20 16:16:10.560  2869  2869 D wpa_supplicant: wpa_driver_wext_driver_cmd RSSI len = 248
06-20 16:16:10.568  2869  2869 D wpa_supplicant: wpa_driver_wext_driver_cmd UB_Secure rssi -77  len = 19, 19
06-20 16:16:10.568  2869  2869 D wpa_supplicant: wpa_driver_wext_driver_cmd LINKSPEED len = 248
06-20 16:16:10.572  2869  2869 D wpa_supplicant: wpa_driver_wext_driver_cmd LinkSpeed 72 len = 12, 12
06-20 16:16:13.400  2360  2404 I bluedroid: bt_enable: ret: -1, errno: 110
06-20 16:16:13.576  2869  2869 D wpa_supplicant: wpa_driver_wext_driver_cmd RSSI len = 248
06-20 16:16:13.588  2869  2869 D wpa_supplicant: wpa_driver_wext_driver_cmd UB_Secure rssi -78  len = 19, 19
06-20 16:16:13.588  2869  2869 D wpa_supplicant: wpa_driver_wext_driver_cmd LINKSPEED len = 248
06-20 16:16:13.592  2869  2869 D wpa_supplicant: wpa_driver_wext_driver_cmd LinkSpeed 72 len = 12, 12
06-20 16:16:16.600  2869  2869 D wpa_supplicant: wpa_driver_wext_driver_cmd RSSI len = 248
06-20 16:16:16.607  2869  2869 D wpa_supplicant: wpa_driver_wext_driver_cmd UB_Secure rssi -76  len = 19, 19
06-20 16:16:16.607  2869  2869 D wpa_supplicant: wpa_driver_wext_driver_cmd LINKSPEED len = 248
06-20 16:16:16.611  2869  2869 D wpa_supplicant: wpa_driver_wext_driver_cmd LinkSpeed 72 len = 12, 12
06-20 16:16:19.342  2360  2574 I ActivityManager: START {flg=0x10000000 cmp=com.radio.rapp/.OpaRadio (has extras)} from pid 9936
06-20 16:16:19.502  2332  2691 I AwesomePlayer: setDataSource_l('http://66.23.234.242:8012')
06-20 16:16:19.506  2332 10211 V ChromiumHTTPDataSource: connect on behalf of uid 10065
06-20 16:16:19.506  2332 10211 I ChromiumHTTPDataSource: connect to http://66.23.234.242:8012 @0
06-20 16:16:19.623  2869  2869 D wpa_supplicant: wpa_driver_wext_driver_cmd RSSI len = 248
06-20 16:16:19.623  2869  2869 D wpa_supplicant: wpa_driver_wext_driver_cmd UB_Secure rssi -72  len = 19, 19
06-20 16:16:19.623  2869  2869 D wpa_supplicant: wpa_driver_wext_driver_cmd LINKSPEED len = 248
06-20 16:16:19.627  2869  2869 D wpa_supplicant: wpa_driver_wext_driver_cmd LinkSpeed 72 len = 12, 12
06-20 16:16:21.221  9936 10210 D Rapp    : Acquire wakelock1
06-20 16:16:21.267  2332  2355 D AudioHardware: AudioHardware pcm playback is exiting standby.
06-20 16:16:21.267  2332  2355 D AudioHardware: openPcmOut_l() mPcmOpenCnt: 0
06-20 16:16:21.279  2360  2574 W InputManagerService: Window already focused, ignoring focus gain of: com.android.internal.view.IInputMethodClient$Stub$Proxy@41567478
06-20 16:16:21.451  2429  2431 D dalvikvm: GC_CONCURRENT freed 584K, 29% free 10556K/14727K, paused 2ms+7ms
06-20 16:16:21.572  2429  2431 D dalvikvm: GC_CONCURRENT freed 322K, 28% free 10701K/14727K, paused 2ms+3ms
06-20 16:16:22.631  2869  2869 D wpa_supplicant: wpa_driver_wext_driver_cmd RSSI len = 248
06-20 16:16:22.646  2869  2869 D wpa_supplicant: wpa_driver_wext_driver_cmd UB_Secure rssi -74  len = 19, 19
06-20 16:16:22.646  2869  2869 D wpa_supplicant: wpa_driver_wext_driver_cmd LINKSPEED len = 248
06-20 16:16:22.646  2869  2869 D wpa_supplicant: wpa_driver_wext_driver_cmd LinkSpeed 72 len = 12, 12
06-20 16:16:23.502  2360  2404 I bluedroid: bt_enable: ret: -1, errno: 110
06-20 16:16:25.654  2869  2869 D wpa_supplicant: wpa_driver_wext_driver_cmd RSSI len = 248
06-20 16:16:25.666  2869  2869 D wpa_supplicant: wpa_driver_wext_driver_cmd UB_Secure rssi -74  len = 19, 19
06-20 16:16:25.666  2869  2869 D wpa_supplicant: wpa_driver_wext_driver_cmd LINKSPEED len = 248
06-20 16:16:25.666  2869  2869 D wpa_supplicant: wpa_driver_wext_driver_cmd LinkSpeed 72 len = 12, 12
06-20 16:16:28.693  2869  2869 D wpa_supplicant: wpa_driver_wext_driver_cmd RSSI len = 248
06-20 16:16:28.705  2869  2869 D wpa_supplicant: wpa_driver_wext_driver_cmd UB_Secure rssi -75  len = 19, 19
06-20 16:16:28.705  2869  2869 D wpa_supplicant: wpa_driver_wext_driver_cmd LINKSPEED len = 248
06-20 16:16:28.705  2869  2869 D wpa_supplicant: wpa_driver_wext_driver_cmd LinkSpeed 72 len = 12, 12
06-20 16:16:29.334  2360  6791 I ActivityManager: START {flg=0x10000000 cmp=com.radio.rapp/.OpaRadio (has extras)} from pid 9936
06-20 16:16:29.803  2869  2869 D wpa_supplicant: wpa_driver_wext_driver_cmd SETSUSPENDOPT 0 len = 4096
06-20 16:16:29.803  2869  2869 D wpa_supplicant: wpa_driver_wext_driver_cmd SETSUSPENDOPT 0 len = 0, 15
06-20 16:16:29.803  2869  2869 D wpa_supplicant: wpa_driver_wext_driver_cmd POWERMODE 0 len = 4096
06-20 16:16:29.807  2869  2869 D wpa_supplicant: wpa_driver_wext_driver_cmd OK len = 0, 2
06-20 16:16:29.807  2869  2869 D wpa_supplicant: WPS: Building WPS IE for Probe Request
06-20 16:16:29.807  2869  2869 D wpa_supplicant: WPS:  * Version (hardcoded 0x10)
06-20 16:16:29.807  2869  2869 D wpa_supplicant: WPS:  * Request Type
06-20 16:16:29.807  2869  2869 D wpa_supplicant: WPS:  * Config Methods (2388)
06-20 16:16:29.807  2869  2869 D wpa_supplicant: WPS:  * UUID-E
06-20 16:16:29.807  2869  2869 D wpa_supplicant: WPS:  * Primary Device Type
06-20 16:16:29.807  2869  2869 D wpa_supplicant: WPS:  * RF Bands (3)
06-20 16:16:29.807  2869  2869 D wpa_supplicant: WPS:  * Association State
06-20 16:16:29.807  2869  2869 D wpa_supplicant: WPS:  * Configuration Error (0)
06-20 16:16:29.807  2869  2869 D wpa_supplicant: WPS:  * Device Password ID (0)
06-20 16:16:29.807  2869  2869 D wpa_supplicant: WPS:  * Manufacturer
06-20 16:16:29.807  2869  2869 D wpa_supplicant: WPS:  * Model Name
06-20 16:16:29.807  2869  2869 D wpa_supplicant: WPS:  * Model Number
06-20 16:16:29.807  2869  2869 D wpa_supplicant: WPS:  * Device Name
06-20 16:16:29.807  2869  2869 D wpa_supplicant: WPS:  * Version2 (0x20)
06-20 16:16:29.807  2869  2869 D wpa_supplicant: wpa_driver_wext_combo_scan: Start
06-20 16:16:29.807  2869  2869 D wpa_supplicant: For Scan: (null)
06-20 16:16:29.814  2869  2869 D wpa_supplicant: Scan requested (ret=0) - scan timeout 30 seconds
06-20 16:16:30.975  2869  2869 D wpa_supplicant: RTM_NEWLINK: operstate=1 ifi_flags=0x11043 ([UP][RUNNING][LOWER_UP])
06-20 16:16:30.975  2869  2869 D wpa_supplicant: RTM_NEWLINK, IFLA_IFNAME: Interface 'wlan0' added
06-20 16:16:30.975  2869  2869 D wpa_supplicant: Wireless event: cmd=0x8b19 len=8
06-20 16:16:30.975  2869  2869 D wpa_supplicant: Received 773 bytes of scan results (4 BSSes)
06-20 16:16:31.162  2869  2869 D wpa_supplicant: wpa_driver_wext_driver_cmd SETSUSPENDOPT 0 len = 4096
06-20 16:16:31.162  2869  2869 D wpa_supplicant: wpa_driver_wext_driver_cmd SETSUSPENDOPT 0 len = 0, 15
06-20 16:16:31.162  2869  2869 D wpa_supplicant: wpa_driver_wext_driver_cmd POWERMODE 0 len = 4096
06-20 16:16:31.166  2869  2869 D wpa_supplicant: wpa_driver_wext_driver_cmd OK len = 0, 2
06-20 16:16:31.490  9573  9576 D dalvikvm: GC_CONCURRENT freed 536K, 6% free 10023K/10631K, paused 8ms+9ms
06-20 16:16:31.709  2869  2869 D wpa_supplicant: wpa_driver_wext_driver_cmd RSSI len = 248
06-20 16:16:31.713  2869  2869 D wpa_supplicant: wpa_driver_wext_driver_cmd UB_Secure rssi -74  len = 19, 19
06-20 16:16:31.713  2869  2869 D wpa_supplicant: wpa_driver_wext_driver_cmd LINKSPEED len = 248
06-20 16:16:31.713  2869  2869 D wpa_supplicant: wpa_driver_wext_driver_cmd LinkSpeed 72 len = 12, 12
06-20 16:16:33.607  2360  2404 I bluedroid: bt_enable: ret: -1, errno: 110
06-20 16:16:34.717  2869  2869 D wpa_supplicant: wpa_driver_wext_driver_cmd RSSI len = 248
06-20 16:16:34.717  2869  2869 D wpa_supplicant: wpa_driver_wext_driver_cmd UB_Secure rssi -74  len = 19, 19
06-20 16:16:34.717  2869  2869 D wpa_supplicant: wpa_driver_wext_driver_cmd LINKSPEED len = 248
06-20 16:16:34.717  2869  2869 D wpa_supplicant: wpa_driver_wext_driver_cmd LinkSpeed 72 len = 12, 12
06-20 16:16:36.529  2360  2601 I ActivityManager: START {flg=0x10000000 cmp=com.radio.rapp/.OpaRadio (has extras)} from pid 9936
06-20 16:16:36.631  2332 10211 W TimedEventQueue: Event 18 was not found in the queue, already cancelled?
06-20 16:16:36.693  2332  6024 I AwesomePlayer: setDataSource_l('http://74.91.29.234:8035')
06-20 16:16:36.697  2332 10220 V ChromiumHTTPDataSource: connect on behalf of uid 10065
06-20 16:16:36.697  2332 10220 I ChromiumHTTPDataSource: connect to http://74.91.29.234:8035 @0
06-20 16:16:37.721  2869  2869 D wpa_supplicant: wpa_driver_wext_driver_cmd RSSI len = 248
06-20 16:16:37.721  2869  2869 D wpa_supplicant: wpa_driver_wext_driver_cmd UB_Secure rssi -75  len = 19, 19
06-20 16:16:37.721  2869  2869 D wpa_supplicant: wpa_driver_wext_driver_cmd LINKSPEED len = 248
06-20 16:16:37.721  2869  2869 D wpa_supplicant: wpa_driver_wext_driver_cmd LinkSpeed 72 len = 12, 12
06-20 16:16:39.588  9936 10219 D Rapp    : Acquire wakelock1
06-20 16:16:39.666  2360  6994 W InputManagerService: Window already focused, ignoring focus gain of: com.android.internal.view.IInputMethodClient$Stub$Proxy@41698840
06-20 16:16:40.545  9936  9938 D dalvikvm: GC_CONCURRENT freed 683K, 10% free 11984K/13255K, paused 2ms+7ms
06-20 16:16:40.725  2869  2869 D wpa_supplicant: wpa_driver_wext_driver_cmd RSSI len = 248
06-20 16:16:40.732  2869  2869 D wpa_supplicant: wpa_driver_wext_driver_cmd UB_Secure rssi -76  len = 19, 19
06-20 16:16:40.732  2869  2869 D wpa_supplicant: wpa_driver_wext_driver_cmd LINKSPEED len = 248
06-20 16:16:40.732  2869  2869 D wpa_supplicant: wpa_driver_wext_driver_cmd LinkSpeed 72 len = 12, 12
06-20 16:16:43.705  2360  2404 I bluedroid: bt_enable: ret: -1, errno: 110
06-20 16:16:43.740  2869  2869 D wpa_supplicant: wpa_driver_wext_driver_cmd RSSI len = 248
06-20 16:16:43.756  2869  2869 D wpa_supplicant: wpa_driver_wext_driver_cmd UB_Secure rssi -76  len = 19, 19
06-20 16:16:43.756  2869  2869 D wpa_supplicant: wpa_driver_wext_driver_cmd LINKSPEED len = 248
06-20 16:16:43.771  2869  2869 D wpa_supplicant: wpa_driver_wext_driver_cmd LinkSpeed 72 len = 12, 12
06-20 16:16:44.748  2360  2601 I ActivityManager: START {flg=0x10000000 cmp=com.radio.rapp/.OpaRadio (has extras)} from pid 9936
06-20 16:16:46.775  2869  2869 D wpa_supplicant: wpa_driver_wext_driver_cmd RSSI len = 248
06-20 16:16:46.775  2869  2869 D wpa_supplicant: wpa_driver_wext_driver_cmd UB_Secure rssi -75  len = 19, 19
06-20 16:16:46.775  2869  2869 D wpa_supplicant: wpa_driver_wext_driver_cmd LINKSPEED len = 248
06-20 16:16:46.775  2869  2869 D wpa_supplicant: wpa_driver_wext_driver_cmd LinkSpeed 72 len = 12, 12
06-20 16:16:48.799  2360  2521 D AlarmManagerService: Kernel timezone updated to 240 minutes west of GMT
06-20 16:16:48.853  2539  2539 D SAN_SERVICE: *******************************************
06-20 16:16:48.853  2539  2539 D SAN_SERVICE: DM App Phone Service State - 0
06-20 16:16:48.853  2539  2539 D SAN_SERVICE: *******************************************
06-20 16:16:49.783  2869  2869 D wpa_supplicant: wpa_driver_wext_driver_cmd RSSI len = 248
06-20 16:16:49.787  2869  2869 D wpa_supplicant: wpa_driver_wext_driver_cmd UB_Secure rssi -76  len = 19, 19
06-20 16:16:49.787  2869  2869 D wpa_supplicant: wpa_driver_wext_driver_cmd LINKSPEED len = 248
06-20 16:16:49.787  2869  2869 D wpa_supplicant: wpa_driver_wext_driver_cmd LinkSpeed 72 len = 12, 12
06-20 16:16:50.951  9936  9936 I Ads     : Refreshing ad.
06-20 16:16:51.057  9936  9986 I Ads     : adRequestUrlHtml: <html><head><script src="http://www.gstatic.com/afma/sdk-core-v40.js"></script><script>AFMA_buildAdURL({"preqs":11,"u_sd":1.5,"slotname":"a14dffe7da9dcba","u_w":320,"msid":"com.radio.rapp","js":"afma-sdk-a-v4.1.0","isu":"EED68B218A5AD30445E1768D90BF33FD","format":"320x50_mb","net":"wi","app_name":"37.android.com.radio.rapp","hl":"en","u_h":533,"u_audio":3,"u_so":"p","prl":971});</script></head><body></body></html>
06-20 16:16:51.068  9936  9986 W webview : java.lang.Throwable: Warning: A WebView method was called on thread 'AsyncTask #3'. All WebView methods must be called on the UI thread. Future versions of WebView may not support use on other threads.
06-20 16:16:51.068  9936  9986 W webview : 	at android.webkit.WebView.checkThread(WebView.java:9468)
06-20 16:16:51.068  9936  9986 W webview : 	at android.webkit.WebView.loadDataWithBaseURL(WebView.java:2186)
06-20 16:16:51.068  9936  9986 W webview : 	at c.a(Unknown Source)
06-20 16:16:51.068  9936  9986 W webview : 	at c.doInBackground(Unknown Source)
06-20 16:16:51.068  9936  9986 W webview : 	at android.os.AsyncTask$2.call(AsyncTask.java:264)
06-20 16:16:51.068  9936  9986 W webview : 	at java.util.concurrent.FutureTask$Sync.innerRun(FutureTask.java:305)
06-20 16:16:51.068  9936  9986 W webview : 	at java.util.concurrent.FutureTask.run(FutureTask.java:137)
06-20 16:16:51.068  9936  9986 W webview : 	at java.util.concurrent.ThreadPoolExecutor.runWorker(ThreadPoolExecutor.java:1076)
06-20 16:16:51.068  9936  9986 W webview : 	at java.util.concurrent.ThreadPoolExecutor$Worker.run(ThreadPoolExecutor.java:569)
06-20 16:16:51.068  9936  9986 W webview : 	at java.lang.Thread.run(Thread.java:856)
06-20 16:16:51.092  9936  9936 I Ads     : Refreshing ad.
06-20 16:16:51.209  9936 10018 I Ads     : adRequestUrlHtml: <html><head><script src="http://www.gstatic.com/afma/sdk-core-v40.js"></script><script>AFMA_buildAdURL({"preqs":12,"u_sd":1.5,"slotname":"a14dffe7da9dcba","u_w":320,"msid":"com.radio.rapp","js":"afma-sdk-a-v4.1.0","isu":"EED68B218A5AD30445E1768D90BF33FD","format":"320x50_mb","net":"wi","app_name":"37.android.com.radio.rapp","hl":"en","u_h":533,"u_audio":3,"u_so":"p","prl":1117});</script></head><body></body></html>
06-20 16:16:51.361  9936 10018 W webview : java.lang.Throwable: Warning: A WebView method was called on thread 'AsyncTask #5'. All WebView methods must be called on the UI thread. Future versions of WebView may not support use on other threads.
06-20 16:16:51.361  9936 10018 W webview : 	at android.webkit.WebView.checkThread(WebView.java:9468)
06-20 16:16:51.361  9936 10018 W webview : 	at android.webkit.WebView.loadDataWithBaseURL(WebView.java:2186)
06-20 16:16:51.361  9936 10018 W webview : 	at c.a(Unknown Source)
06-20 16:16:51.361  9936 10018 W webview : 	at c.doInBackground(Unknown Source)
06-20 16:16:51.361  9936 10018 W webview : 	at android.os.AsyncTask$2.call(AsyncTask.java:264)
06-20 16:16:51.361  9936 10018 W webview : 	at java.util.concurrent.FutureTask$Sync.innerRun(FutureTask.java:305)
06-20 16:16:51.361  9936 10018 W webview : 	at java.util.concurrent.FutureTask.run(FutureTask.java:137)
06-20 16:16:51.361  9936 10018 W webview : 	at java.util.concurrent.ThreadPoolExecutor.runWorker(ThreadPoolExecutor.java:1076)
06-20 16:16:51.361  9936 10018 W webview : 	at java.util.concurrent.ThreadPoolExecutor$Worker.run(ThreadPoolExecutor.java:569)
06-20 16:16:51.361  9936 10018 W webview : 	at java.lang.Thread.run(Thread.java:856)
06-20 16:16:51.471  9936  9936 I Ads     : Received ad url: <"url": "http://googleads.g.doubleclick.net:80/mads/gma?preqs=11&u_sd=1.5&slotname=a14dffe7da9dcba&u_w=320&msid=com.radio.rapp&js=afma-sdk-a-v4.1.0&isu=EED68B218A5AD30445E1768D90BF33FD&format=320x50_mb&net=wi&app_name=37.android.com.radio.rapp&hl=en&u_h=533&u_audio=3&u_so=p&prl=971&output=html&region=mobile_app&u_tz=240&ex=1&client_sdk=1&askip=1&caps=sdkAdmobApiForAds&jsv=27", "afmaNotifyDt": "null">
