06-21 11:33:48.116  2539  2539 D SAN_SERVICE: *******************************************
06-21 11:33:48.116  2539  2539 D SAN_SERVICE: DM App Phone Service State - 0
06-21 11:33:48.116  2539  2539 D SAN_SERVICE: *******************************************
06-21 11:33:48.534  2539  2539 D SAN_SERVICE: *******************************************
06-21 11:33:48.534  2539  2539 D SAN_SERVICE: DM App Phone Service State - 0
06-21 11:33:48.534  2539  2539 D SAN_SERVICE: *******************************************
06-21 11:34:09.152  2360  2362 D dalvikvm: GC_CONCURRENT freed 2023K, 23% free 17072K/22023K, paused 31ms+7ms
06-21 11:34:11.417  2539  2539 D SAN_SERVICE: *******************************************
06-21 11:34:11.417  2539  2539 D SAN_SERVICE: DM App Phone Service State - 0
06-21 11:34:11.417  2539  2539 D SAN_SERVICE: *******************************************
06-21 11:34:11.769  2539  2539 D SAN_SERVICE: *******************************************
06-21 11:34:11.769  2539  2539 D SAN_SERVICE: DM App Phone Service State - 0
06-21 11:34:11.777  2539  2539 D SAN_SERVICE: *******************************************
06-21 11:34:16.737  2539  2539 D SAN_SERVICE: *******************************************
06-21 11:34:16.737  2539  2539 D SAN_SERVICE: DM App Phone Service State - 0
06-21 11:34:16.737  2539  2539 D SAN_SERVICE: *******************************************
06-21 11:34:16.765  2539  2541 D dalvikvm: GC_CONCURRENT freed 410K, 7% free 9623K/10247K, paused 23ms+3ms
06-21 11:34:18.527  2869  2869 D wpa_supplicant: wpa_driver_wext_driver_cmd SETSUSPENDOPT 0 len = 4096
06-21 11:34:18.527  2869  2869 D wpa_supplicant: wpa_driver_wext_driver_cmd SETSUSPENDOPT 0 len = 0, 15
06-21 11:34:18.530  2869  2869 D wpa_supplicant: wpa_driver_wext_driver_cmd POWERMODE 0 len = 4096
06-21 11:34:18.558  2869  2869 D wpa_supplicant: wpa_driver_wext_driver_cmd OK len = 0, 2
06-21 11:34:18.558  2869  2869 D wpa_supplicant: WPS: Building WPS IE for Probe Request
06-21 11:34:18.558  2869  2869 D wpa_supplicant: WPS:  * Version (hardcoded 0x10)
06-21 11:34:18.558  2869  2869 D wpa_supplicant: WPS:  * Request Type
06-21 11:34:18.558  2869  2869 D wpa_supplicant: WPS:  * Config Methods (2388)
06-21 11:34:18.558  2869  2869 D wpa_supplicant: WPS:  * UUID-E
06-21 11:34:18.558  2869  2869 D wpa_supplicant: WPS:  * Primary Device Type
06-21 11:34:18.558  2869  2869 D wpa_supplicant: WPS:  * RF Bands (3)
06-21 11:34:18.558  2869  2869 D wpa_supplicant: WPS:  * Association State
06-21 11:34:18.558  2869  2869 D wpa_supplicant: WPS:  * Configuration Error (0)
06-21 11:34:18.558  2869  2869 D wpa_supplicant: WPS:  * Device Password ID (0)
06-21 11:34:18.558  2869  2869 D wpa_supplicant: WPS:  * Manufacturer
06-21 11:34:18.558  2869  2869 D wpa_supplicant: WPS:  * Model Name
06-21 11:34:18.558  2869  2869 D wpa_supplicant: WPS:  * Model Number
06-21 11:34:18.558  2869  2869 D wpa_supplicant: WPS:  * Device Name
06-21 11:34:18.558  2869  2869 D wpa_supplicant: WPS:  * Version2 (0x20)
06-21 11:34:18.558  2869  2869 D wpa_supplicant: wpa_driver_wext_combo_scan: Start
06-21 11:34:18.558  2869  2869 D wpa_supplicant: For Scan: (null)
06-21 11:34:18.558  2869  2869 D wpa_supplicant: Scan requested (ret=0) - scan timeout 30 seconds
06-21 11:34:19.734  2869  2869 D wpa_supplicant: RTM_NEWLINK: operstate=1 ifi_flags=0x11043 ([UP][RUNNING][LOWER_UP])
06-21 11:34:19.734  2869  2869 D wpa_supplicant: RTM_NEWLINK, IFLA_IFNAME: Interface 'wlan0' added
06-21 11:34:19.734  2869  2869 D wpa_supplicant: Wireless event: cmd=0x8b19 len=8
06-21 11:34:19.741  2869  2869 D wpa_supplicant: Received 2031 bytes of scan results (11 BSSes)
06-21 11:34:19.820 28759 28779 I x       : Not returning location for the following outliers: [229533829984064, 229533831541072]
06-21 11:34:19.909 28759 28760 D dalvikvm: GC_CONCURRENT freed 514K, 12% free 10357K/11655K, paused 2ms+2ms
06-21 11:34:19.945  2869  2869 D wpa_supplicant: wpa_driver_wext_driver_cmd SETSUSPENDOPT 0 len = 4096
06-21 11:34:19.945  2869  2869 D wpa_supplicant: wpa_driver_wext_driver_cmd SETSUSPENDOPT 0 len = 0, 15
06-21 11:34:19.945  2869  2869 D wpa_supplicant: wpa_driver_wext_driver_cmd POWERMODE 0 len = 4096
06-21 11:34:19.948  2869  2869 D wpa_supplicant: wpa_driver_wext_driver_cmd OK len = 0, 2
06-21 11:34:20.038 26976 26978 D dalvikvm: GC_CONCURRENT freed 482K, 7% free 10189K/10951K, paused 2ms+2ms
06-21 11:34:23.148  2539  2539 D SAN_SERVICE: *******************************************
06-21 11:34:23.148  2539  2539 D SAN_SERVICE: DM App Phone Service State - 0
06-21 11:34:23.148  2539  2539 D SAN_SERVICE: *******************************************
06-21 11:34:33.042  2869  2869 D wpa_supplicant: RTM_NEWLINK: operstate=1 ifi_flags=0x11043 ([UP][RUNNING][LOWER_UP])
06-21 11:34:33.050  2869  2869 D wpa_supplicant: RTM_NEWLINK, IFLA_IFNAME: Interface 'wlan0' added
06-21 11:34:33.050  2869  2869 D wpa_supplicant: Wireless event: cmd=0x8b15 len=20
06-21 11:34:33.050  2869  2869 D wpa_supplicant: Wireless event: new AP: 00:00:00:00:00:00
06-21 11:34:33.050  2869  2869 D wpa_supplicant: Added BSSID d0:c2:82:67:e7:60 into blacklist
06-21 11:34:33.050  2869  2869 D wpa_supplicant: BSSID d0:c2:82:67:e7:60 blacklist count incremented to 2
06-21 11:34:33.050  2869  2869 I wpa_supplicant: wlan0: CTRL-EVENT-DISCONNECTED bssid=d0:c2:82:67:e7:60 reason=0
06-21 11:34:33.050  2869  2869 D wpa_supplicant: wpa_driver_wext_set_key: alg=0 key_idx=0 set_tx=0 seq_len=0 key_len=0
06-21 11:34:33.054 26525 26542 D CommandListener: Clearing all IP addresses on wlan0
06-21 11:34:33.077  2869  2869 D wpa_supplicant: wpa_driver_wext_set_key: alg=0 key_idx=1 set_tx=0 seq_len=0 key_len=0
06-21 11:34:33.093  2869  2869 D wpa_supplicant: wpa_driver_wext_set_key: alg=0 key_idx=2 set_tx=0 seq_len=0 key_len=0
06-21 11:34:33.093  2869  2869 D wpa_supplicant: wpa_driver_wext_set_key: alg=0 key_idx=3 set_tx=0 seq_len=0 key_len=0
06-21 11:34:33.097  2869  2869 D wpa_supplicant: wpa_driver_wext_set_key: alg=0 key_idx=0 set_tx=0 seq_len=0 key_len=0
06-21 11:34:33.109  2360  2416 D ConnectivityService: ConnectivityChange for WIFI: DISCONNECTED/DISCONNECTED
06-21 11:34:33.112  2360  2416 D ConnectivityService: Attempting to switch to mobile
06-21 11:34:33.116  2869  2869 D wpa_supplicant: wpa_driver_wext_set_operstate: operstate 1->0 (DORMANT)
06-21 11:34:33.116  2869  2869 D wpa_supplicant: netlink: Operstate: linkmode=-1, operstate=5
06-21 11:34:33.116  2360  2416 D ConnectivityService: Attempting to switch to WIMAX
06-21 11:34:33.116  2360  2416 D ConnectivityService: Attempting to switch to BLUETOOTH_TETHER
06-21 11:34:33.148  2869  2869 D wpa_supplicant: EAPOL: External notification - portEnabled=0
06-21 11:34:33.148  2869  2869 D wpa_supplicant: EAPOL: SUPP_PAE entering state DISCONNECTED
06-21 11:34:33.148  2869  2869 D wpa_supplicant: EAPOL: Supplicant port status: Unauthorized
06-21 11:34:33.148  2869  2869 D wpa_supplicant: EAPOL: SUPP_BE entering state INITIALIZE
06-21 11:34:33.148  2869  2869 D wpa_supplicant: EAP: EAP entering state DISABLED
06-21 11:34:33.148  2869  2869 D wpa_supplicant: EAPOL: Supplicant port status: Unauthorized
06-21 11:34:33.148  2869  2869 D wpa_supplicant: EAPOL: External notification - portValid=0
06-21 11:34:33.148  2869  2869 D wpa_supplicant: EAPOL: Supplicant port status: Unauthorized
06-21 11:34:33.148  2869  2869 D wpa_supplicant: RTM_NEWLINK: operstate=0 ifi_flags=0x11003 ([UP][LOWER_UP])
06-21 11:34:33.148  2869  2869 D wpa_supplicant: RTM_NEWLINK, IFLA_IFNAME: Interface 'wlan0' added
06-21 11:34:33.152  2869  2869 D wpa_supplicant: WPS: Building WPS IE for Probe Request
06-21 11:34:33.152  2869  2869 D wpa_supplicant: WPS:  * Version (hardcoded 0x10)
06-21 11:34:33.152  2869  2869 D wpa_supplicant: WPS:  * Request Type
06-21 11:34:33.152  2869  2869 D wpa_supplicant: WPS:  * Config Methods (2388)
06-21 11:34:33.152  2869  2869 D wpa_supplicant: WPS:  * UUID-E
06-21 11:34:33.152  2869  2869 D wpa_supplicant: WPS:  * Primary Device Type
06-21 11:34:33.152  2869  2869 D wpa_supplicant: WPS:  * RF Bands (3)
06-21 11:34:33.152  2869  2869 D wpa_supplicant: WPS:  * Association State
06-21 11:34:33.152  2869  2869 D wpa_supplicant: WPS:  * Configuration Error (0)
06-21 11:34:33.152  2869  2869 D wpa_supplicant: WPS:  * Device Password ID (0)
06-21 11:34:33.152  2869  2869 D wpa_supplicant: WPS:  * Manufacturer
06-21 11:34:33.152  2869  2869 D wpa_supplicant: WPS:  * Model Name
06-21 11:34:33.152  2869  2869 D wpa_supplicant: WPS:  * Model Number
06-21 11:34:33.152  2869  2869 D wpa_supplicant: WPS:  * Device Name
06-21 11:34:33.152  2869  2869 D wpa_supplicant: WPS:  * Version2 (0x20)
06-21 11:34:33.152  2869  2869 D wpa_supplicant: wpa_driver_wext_combo_scan: Start
06-21 11:34:33.152  2869  2869 D wpa_supplicant: For Scan: (null)
06-21 11:34:33.152  2360  2416 E ConnectivityService: Exception trying to remove a route: java.lang.IllegalStateException: Unable to communicate with native dameon to add routes - com.android.server.NativeDaemonConnectorException: Cmd {interface route remove wlan0 default 128.205.239.254 32 0.0.0.0} failed with code 400 : {Failed to remove route from default table (No such process)}
06-21 11:34:33.159  2869  2869 D wpa_supplicant: Scan requested (ret=0) - scan timeout 30 seconds
06-21 11:34:33.159  2360  2416 D NetUtils: android_net_utils_resetConnections in env=0x5522d0 clazz=0x2d300001 iface=wlan0 mask=0x3
06-21 11:34:33.159  2360  2416 E ConnectivityService: Exception trying to remove a route: java.lang.IllegalStateException: Unable to communicate with native dameon to add routes - com.android.server.NativeDaemonConnectorException: Cmd {interface route remove wlan0 default 0.0.0.0 0 128.205.239.254} failed with code 400 : {Failed to remove route from default table (No such process)}
06-21 11:34:33.159  2360  2416 D ConnectivityService: resetConnections(wlan0, 3)
06-21 11:34:33.218 28836 30378 W System.err: javax.net.ssl.SSLException: Write error: ssl=0x699358: I/O error during system call, Broken pipe
06-21 11:34:33.265 26045 30370 W Smack/Packet: notify conn break (IOEx), close connection
06-21 11:34:33.265 28836 30378 W System.err: 	at org.apache.harmony.xnet.provider.jsse.NativeCrypto.SSL_write(Native Method)
06-21 11:34:33.265 28836 30378 W System.err: 	at org.apache.harmony.xnet.provider.jsse.OpenSSLSocketImpl$SSLOutputStream.write(OpenSSLSocketImpl.java:713)
06-21 11:34:33.265 28836 30378 W System.err: 	at java.io.OutputStreamWriter.flushBytes(OutputStreamWriter.java:167)
06-21 11:34:33.265 28836 30378 W System.err: 	at java.io.OutputStreamWriter.flush(OutputStreamWriter.java:158)
06-21 11:34:33.269 28836 30378 W System.err: 	at java.io.BufferedWriter.flush(BufferedWriter.java:124)
06-21 11:34:33.269 28836 30378 W System.err: 	at org.jivesoftware.smack.PacketWriter.writePackets(PacketWriter.java:302)
06-21 11:34:33.269 28836 30378 W System.err: 	at org.jivesoftware.smack.PacketWriter.access$12(PacketWriter.java:270)
06-21 11:34:33.269 28836 30378 W System.err: 	at org.jivesoftware.smack.PacketWriter$1.run(PacketWriter.java:137)
06-21 11:34:33.370 28836 30379 W System.err: javax.net.ssl.SSLException: Read error: ssl=0x699358: I/O error during system call, Connection timed out
06-21 11:34:33.374 28836 30379 W System.err: 	at org.apache.harmony.xnet.provider.jsse.NativeCrypto.SSL_read(Native Method)
06-21 11:34:33.378 28836 30379 W System.err: 	at org.apache.harmony.xnet.provider.jsse.OpenSSLSocketImpl$SSLInputStream.read(OpenSSLSocketImpl.java:671)
06-21 11:34:33.378 28836 30379 W System.err: 	at java.io.InputStreamReader.read(InputStreamReader.java:244)
06-21 11:34:33.378 28836 30379 W System.err: 	at java.io.BufferedReader.read(BufferedReader.java:310)
06-21 11:34:33.386 28836 30379 W System.err: 	at org.jivesoftware.smack.XMPPConnection$AliveReader.read(XMPPConnection.java:1067)
06-21 11:34:33.390 28836 30379 W System.err: 	at org.kxml2.io.KXmlParser.fillBuffer(KXmlParser.java:1496)
06-21 11:34:33.390 28836 30379 W System.err: 	at org.kxml2.io.KXmlParser.peekType(KXmlParser.java:979)
06-21 11:34:33.394 28836 30379 W System.err: 	at org.kxml2.io.KXmlParser.next(KXmlParser.java:346)
06-21 11:34:33.394 28836 30379 W System.err: 	at org.kxml2.io.KXmlParser.next(KXmlParser.java:310)
06-21 11:34:33.398 28836 30379 W System.err: 	at org.jivesoftware.smack.PacketReader.parsePackets(PacketReader.java:321)
06-21 11:34:33.402 28836 30379 W System.err: 	at org.jivesoftware.smack.PacketReader.access$1(PacketReader.java:216)
06-21 11:34:33.402 28836 30379 W System.err: 	at org.jivesoftware.smack.PacketReader$1.run(PacketReader.java:70)
06-21 11:34:33.445 26045 30370 I qtaguid : Failed write_ctrl(u 22) res=-1 errno=22
06-21 11:34:33.445 26045 30370 I qtaguid : Untagging socket 22 failed errno=-22
06-21 11:34:33.448 26045 30370 W NetworkManagementSocketTagger: untagSocket(22) failed with errno -22
06-21 11:34:33.456  2360  2416 D ConnectivityService: handleInetConditionChange: no active default network - ignore
06-21 11:34:33.659  2869  2869 D wpa_supplicant: RTM_NEWLINK: operstate=0 ifi_flags=0x11003 ([UP][LOWER_UP])
06-21 11:34:33.659  2869  2869 D wpa_supplicant: RTM_NEWLINK, IFLA_IFNAME: Interface 'wlan0' added
06-21 11:34:33.659  2869  2869 D wpa_supplicant: Wireless event: cmd=0x8b19 len=8
06-21 11:34:33.659  2869  2869 D wpa_supplicant: Scan results did not fit - trying larger buffer (8192 bytes)
06-21 11:34:33.659  2869  2869 D wpa_supplicant: Received 3884 bytes of scan results (21 BSSes)
06-21 11:34:33.659  2869  2869 D wpa_supplicant: wlan0: Request association: reassociate: 0  selected: d0:c2:82:2d:f2:a0  bssid: 00:00:00:00:00:00  pending: 00:00:00:00:00:00  wpa_state: SCANNING
06-21 11:34:33.659  2869  2869 I wpa_supplicant: wlan0: Trying to associate with d0:c2:82:2d:f2:a0 (SSID='UB_Secure' freq=2462 MHz)
06-21 11:34:33.659  2869  2869 D wpa_supplicant: RSN: Trying to use cached PMKSA
06-21 11:34:33.659  2869  2869 D wpa_supplicant: wpa_driver_wext_set_operstate: operstate 0->0 (DORMANT)
06-21 11:34:33.659  2869  2869 D wpa_supplicant: netlink: Operstate: linkmode=-1, operstate=5
06-21 11:34:33.659  2869  2869 D wpa_supplicant: wpa_driver_wext_associate
06-21 11:34:33.659  2869  2869 D wpa_supplicant: wpa_driver_wext_set_drop_unencrypted
06-21 11:34:33.675  2869  2869 D wpa_supplicant: wpa_driver_wext_set_psk
06-21 11:34:33.761  2869  2869 D wpa_supplicant: EAPOL: External notification - EAP success=0
06-21 11:34:33.761  2869  2869 D wpa_supplicant: EAPOL: Supplicant port status: Unauthorized
06-21 11:34:33.761  2869  2869 D wpa_supplicant: EAPOL: External notification - EAP fail=0
06-21 11:34:33.761  2869  2869 D wpa_supplicant: EAPOL: Supplicant port status: Unauthorized
06-21 11:34:33.761  2869  2869 D wpa_supplicant: EAPOL: External notification - portControl=Auto
06-21 11:34:33.761  2869  2869 D wpa_supplicant: EAPOL: Supplicant port status: Unauthorized
06-21 11:34:33.761  2869  2869 D wpa_supplicant: RSN: Ignored PMKID candidate without preauth flag
06-21 11:34:33.761  2869  2869 D wpa_supplicant: RSN: Ignored PMKID candidate without preauth flag
06-21 11:34:33.761  2869  2869 D wpa_supplicant: RSN: Ignored PMKID candidate without preauth flag
06-21 11:34:33.761  2869  2869 D wpa_supplicant: RSN: Ignored PMKID candidate without preauth flag
06-21 11:34:33.769  2869  2869 D wpa_supplicant: RTM_NEWLINK: operstate=0 ifi_flags=0x11003 ([UP][LOWER_UP])
06-21 11:34:33.769  2869  2869 D wpa_supplicant: RTM_NEWLINK, IFLA_IFNAME: Interface 'wlan0' added
06-21 11:34:33.769  2869  2869 D wpa_supplicant: Wireless event: cmd=0x8b06 len=8
06-21 11:34:33.769  2869  2869 D wpa_supplicant: RTM_NEWLINK: operstate=0 ifi_flags=0x11003 ([UP][LOWER_UP])
06-21 11:34:33.769  2869  2869 D wpa_supplicant: RTM_NEWLINK, IFLA_IFNAME: Interface 'wlan0' added
06-21 11:34:33.769  2869  2869 D wpa_supplicant: Wireless event: cmd=0x8b04 len=12
06-21 11:34:33.769  2869  2869 D wpa_supplicant: RTM_NEWLINK: operstate=0 ifi_flags=0x11003 ([UP][LOWER_UP])
06-21 11:34:33.769  2869  2869 D wpa_supplicant: RTM_NEWLINK, IFLA_IFNAME: Interface 'wlan0' added
06-21 11:34:33.769  2869  2869 D wpa_supplicant: Wireless event: cmd=0x8b1a len=17
06-21 11:34:33.808  2869  2869 D wpa_supplicant: RTM_NEWLINK: operstate=0 ifi_flags=0x11003 ([UP][LOWER_UP])
06-21 11:34:33.808  2869  2869 D wpa_supplicant: RTM_NEWLINK, IFLA_IFNAME: Interface 'wlan0' added
06-21 11:34:33.808  2869  2869 D wpa_supplicant: Wireless event: cmd=0x8b15 len=20
06-21 11:34:33.808  2869  2869 D wpa_supplicant: Wireless event: new AP: d0:c2:82:2d:f2:a0
06-21 11:34:33.808  2869  2869 D wpa_supplicant: wpa_driver_wext_set_operstate: operstate 0->0 (DORMANT)
06-21 11:34:33.808  2869  2869 D wpa_supplicant: netlink: Operstate: linkmode=-1, operstate=5
06-21 11:34:33.812  2869  2869 I wpa_supplicant: wlan0: Associated with d0:c2:82:2d:f2:a0
06-21 11:34:33.812  2869  2869 D wpa_supplicant: EAPOL: External notification - portEnabled=0
06-21 11:34:33.812  2869  2869 D wpa_supplicant: EAPOL: Supplicant port status: Unauthorized
06-21 11:34:33.812  2869  2869 D wpa_supplicant: EAPOL: External notification - portValid=0
06-21 11:34:33.812  2869  2869 D wpa_supplicant: EAPOL: Supplicant port status: Unauthorized
06-21 11:34:33.812  2869  2869 D wpa_supplicant: EAPOL: External notification - portEnabled=1
06-21 11:34:33.812  2869  2869 D wpa_supplicant: EAPOL: SUPP_PAE entering state CONNECTING
06-21 11:34:33.812  2869  2869 D wpa_supplicant: EAPOL: enable timer tick
06-21 11:34:33.812  2869  2869 D wpa_supplicant: EAPOL: SUPP_BE entering state IDLE
06-21 11:34:33.812  2869  2869 D wpa_supplicant: EAP: EAP entering state INITIALIZE
06-21 11:34:33.812  2869  2869 D wpa_supplicant: EAP: deinitialize previously used EAP method (25, PEAP) at INITIALIZE
06-21 11:34:33.812  2869  2869 D wpa_supplicant: EAP: EAP entering state IDLE
06-21 11:34:33.812  2869  2869 D wpa_supplicant: RSN: Authenticator did not accept PMKID, doing full EAP authentication
06-21 11:34:33.812  2869  2869 D wpa_supplicant: EAPOL: Supplicant port status: Unauthorized
06-21 11:34:33.812  2869  2869 D wpa_supplicant: EAPOL: Received EAP-Packet frame
06-21 11:34:33.812  2869  2869 D wpa_supplicant: EAPOL: SUPP_PAE entering state RESTART
06-21 11:34:33.812  2869  2869 D wpa_supplicant: EAP: EAP entering state INITIALIZE
06-21 11:34:33.812  2869  2869 D wpa_supplicant: EAP: EAP entering state IDLE
06-21 11:34:33.812  2869  2869 D wpa_supplicant: EAPOL: SUPP_PAE entering state AUTHENTICATING
06-21 11:34:33.812  2869  2869 D wpa_supplicant: EAPOL: SUPP_BE entering state REQUEST
06-21 11:34:33.812  2869  2869 D wpa_supplicant: EAPOL: getSuppRsp
06-21 11:34:33.812  2869  2869 D wpa_supplicant: EAP: EAP entering state RECEIVED
06-21 11:34:33.812  2869  2869 D wpa_supplicant: EAP: Received EAP-Request id=1 method=1 vendor=0 vendorMethod=0
06-21 11:34:33.812  2869  2869 D wpa_supplicant: EAP: EAP entering state IDENTITY
06-21 11:34:33.812  2869  2869 I wpa_supplicant: wlan0: CTRL-EVENT-EAP-STARTED EAP authentication started
06-21 11:34:33.812  2869  2869 D wpa_supplicant: EAP: EAP entering state SEND_RESPONSE
06-21 11:34:33.812  2869  2869 D wpa_supplicant: EAP: EAP entering state IDLE
06-21 11:34:33.812  2869  2869 D wpa_supplicant: EAPOL: SUPP_BE entering state RESPONSE
06-21 11:34:33.812  2869  2869 D wpa_supplicant: EAPOL: txSuppRsp
06-21 11:34:33.812  2869  2869 D wpa_supplicant: TX EAPOL: dst=d0:c2:82:2d:f2:a0
06-21 11:34:33.812  2869  2869 D wpa_supplicant: EAPOL: SUPP_BE entering state RECEIVE
06-21 11:34:33.812  2869  2869 D wpa_supplicant: RTM_NEWLINK: operstate=0 ifi_flags=0x11003 ([UP][LOWER_UP])
06-21 11:34:33.812  2869  2869 D wpa_supplicant: RTM_NEWLINK, IFLA_IFNAME: Interface 'wlan0' added
06-21 11:34:33.812  2869  2869 D wpa_supplicant: Wireless event: cmd=0x8c03 len=20
06-21 11:34:33.812  2869  2869 D wpa_supplicant: RTM_NEWLINK: operstate=0 ifi_flags=0x11003 ([UP][LOWER_UP])
06-21 11:34:33.812  2869  2869 D wpa_supplicant: RTM_NEWLINK, IFLA_IFNAME: Interface 'wlan0' added
06-21 11:34:33.812  2869  2869 D wpa_supplicant: Wireless event: cmd=0x8c02 len=26
06-21 11:34:33.820  2869  2869 D wpa_supplicant: EAPOL: Received EAP-Packet frame
06-21 11:34:33.820  2869  2869 D wpa_supplicant: EAPOL: SUPP_BE entering state REQUEST
06-21 11:34:33.820  2869  2869 D wpa_supplicant: EAPOL: getSuppRsp
06-21 11:34:33.820  2869  2869 D wpa_supplicant: EAP: EAP entering state RECEIVED
06-21 11:34:33.820  2869  2869 D wpa_supplicant: EAP: Received EAP-Request id=2 method=4 vendor=0 vendorMethod=0
06-21 11:34:33.820  2869  2869 D wpa_supplicant: EAP: EAP entering state GET_METHOD
06-21 11:34:33.820  2869  2869 D wpa_supplicant: EAP: configuration does not allow: vendor 0 method 4
06-21 11:34:33.820  2869  2869 D wpa_supplicant: EAP: vendor 0 method 4 not allowed
06-21 11:34:33.820  2869  2869 I wpa_supplicant: wlan0: CTRL-EVENT-EAP-PROPOSED-METHOD vendor=0 method=4 -> NAK
06-21 11:34:33.820  2869  2869 D wpa_supplicant: EAP: Building EAP-Nak (requested type 4 vendor=0 method=0 not allowed)
06-21 11:34:33.820  2869  2869 D wpa_supplicant: EAP: EAP entering state SEND_RESPONSE
06-21 11:34:33.820  2869  2869 D wpa_supplicant: EAP: EAP entering state IDLE
06-21 11:34:33.820  2869  2869 D wpa_supplicant: EAPOL: SUPP_BE entering state RESPONSE
06-21 11:34:33.820  2869  2869 D wpa_supplicant: EAPOL: txSuppRsp
06-21 11:34:33.820  2869  2869 D wpa_supplicant: TX EAPOL: dst=d0:c2:82:2d:f2:a0
06-21 11:34:33.820  2869  2869 D wpa_supplicant: EAPOL: SUPP_BE entering state RECEIVE
06-21 11:34:33.823  2869  2869 D wpa_supplicant: EAPOL: Received EAP-Packet frame
06-21 11:34:33.823  2869  2869 D wpa_supplicant: EAPOL: SUPP_BE entering state REQUEST
06-21 11:34:33.823  2869  2869 D wpa_supplicant: EAPOL: getSuppRsp
06-21 11:34:33.823  2869  2869 D wpa_supplicant: EAP: EAP entering state RECEIVED
06-21 11:34:33.823  2869  2869 D wpa_supplicant: EAP: Received EAP-Request id=3 method=25 vendor=0 vendorMethod=0
06-21 11:34:33.823  2869  2869 D wpa_supplicant: EAP: EAP entering state GET_METHOD
06-21 11:34:33.823  2869  2869 I wpa_supplicant: wlan0: CTRL-EVENT-EAP-PROPOSED-METHOD vendor=0 method=25
06-21 11:34:33.823  2869  2869 D wpa_supplicant: EAP: Initialize selected EAP method: vendor 0 method 25 (PEAP)
06-21 11:34:33.823  2869  2869 D wpa_supplicant: TLS: using phase1 config options
06-21 11:34:33.823  2869  2869 I wpa_supplicant: wlan0: CTRL-EVENT-EAP-METHOD EAP vendor 0 method 25 (PEAP) selected
06-21 11:34:33.823  2869  2869 D wpa_supplicant: EAP: EAP entering state METHOD
06-21 11:34:33.823  2869  2869 D wpa_supplicant: SSL: Received packet(len=6) - Flags 0x20
06-21 11:34:33.823  2869  2869 D wpa_supplicant: EAP-PEAP: Start (server ver=0, own ver=1)
06-21 11:34:33.823  2869  2869 D wpa_supplicant: EAP-PEAP: Using PEAP version 0
06-21 11:34:33.823  2869  2869 D wpa_supplicant: SSL: (where=0x10 ret=0x1)
06-21 11:34:33.823  2869  2869 D wpa_supplicant: SSL: (where=0x1001 ret=0x1)
06-21 11:34:33.823  2869  2869 D wpa_supplicant: SSL: SSL_connect:before/connect initialization
06-21 11:34:33.823  2869  2869 D wpa_supplicant: SSL: (where=0x1001 ret=0x1)
06-21 11:34:33.823  2869  2869 D wpa_supplicant: SSL: SSL_connect:SSLv3 write client hello A
06-21 11:34:33.823  2869  2869 D wpa_supplicant: SSL: (where=0x1002 ret=0xffffffff)
06-21 11:34:33.823  2869  2869 D wpa_supplicant: SSL: SSL_connect:error in SSLv3 read server hello A
06-21 11:34:33.823  2869  2869 D wpa_supplicant: SSL: SSL_connect - want more data
06-21 11:34:33.823  2869  2869 D wpa_supplicant: SSL: 190 bytes pending from ssl_out
06-21 11:34:33.823  2869  2869 D wpa_supplicant: SSL: 190 bytes left to be sent out (of total 190 bytes)
06-21 11:34:33.823  2869  2869 D wpa_supplicant: EAP: method process -> ignore=FALSE methodState=MAY_CONT decision=FAIL
06-21 11:34:33.823  2869  2869 D wpa_supplicant: EAP: EAP entering state SEND_RESPONSE
06-21 11:34:33.823  2869  2869 D wpa_supplicant: EAP: EAP entering state IDLE
06-21 11:34:33.823  2869  2869 D wpa_supplicant: EAPOL: SUPP_BE entering state RESPONSE
06-21 11:34:33.823  2869  2869 D wpa_supplicant: EAPOL: txSuppRsp
06-21 11:34:33.823  2869  2869 D wpa_supplicant: TX EAPOL: dst=d0:c2:82:2d:f2:a0
06-21 11:34:33.823  2869  2869 D wpa_supplicant: EAPOL: SUPP_BE entering state RECEIVE
06-21 11:34:33.859  2869  2869 D wpa_supplicant: EAPOL: Received EAP-Packet frame
06-21 11:34:33.859  2869  2869 D wpa_supplicant: EAPOL: SUPP_BE entering state REQUEST
06-21 11:34:33.859  2869  2869 D wpa_supplicant: EAPOL: getSuppRsp
06-21 11:34:33.859  2869  2869 D wpa_supplicant: EAP: EAP entering state RECEIVED
06-21 11:34:33.859  2869  2869 D wpa_supplicant: EAP: Received EAP-Request id=4 method=25 vendor=0 vendorMethod=0
06-21 11:34:33.859  2869  2869 D wpa_supplicant: EAP: EAP entering state METHOD
06-21 11:34:33.859  2869  2869 D wpa_supplicant: SSL: Received packet(len=1024) - Flags 0xc0
06-21 11:34:33.859  2869  2869 D wpa_supplicant: SSL: TLS Message Length: 4310
06-21 11:34:33.859  2869  2869 D wpa_supplicant: SSL: Need 3296 bytes more input data
06-21 11:34:33.859  2869  2869 D wpa_supplicant: SSL: Building ACK (type=25 id=4 ver=0)
06-21 11:34:33.859  2869  2869 D wpa_supplicant: EAP: method process -> ignore=FALSE methodState=MAY_CONT decision=FAIL
06-21 11:34:33.859  2869  2869 D wpa_supplicant: EAP: EAP entering state SEND_RESPONSE
06-21 11:34:33.859  2869  2869 D wpa_supplicant: EAP: EAP entering state IDLE
06-21 11:34:33.859  2869  2869 D wpa_supplicant: EAPOL: SUPP_BE entering state RESPONSE
06-21 11:34:33.859  2869  2869 D wpa_supplicant: EAPOL: txSuppRsp
06-21 11:34:33.859  2869  2869 D wpa_supplicant: TX EAPOL: dst=d0:c2:82:2d:f2:a0
06-21 11:34:33.859  2869  2869 D wpa_supplicant: EAPOL: SUPP_BE entering state RECEIVE
06-21 11:34:33.862  2869  2869 D wpa_supplicant: EAPOL: Received EAP-Packet frame
06-21 11:34:33.862  2869  2869 D wpa_supplicant: EAPOL: SUPP_BE entering state REQUEST
06-21 11:34:33.862  2869  2869 D wpa_supplicant: EAPOL: getSuppRsp
06-21 11:34:33.862  2869  2869 D wpa_supplicant: EAP: EAP entering state RECEIVED
06-21 11:34:33.862  2869  2869 D wpa_supplicant: EAP: Received EAP-Request id=5 method=25 vendor=0 vendorMethod=0
06-21 11:34:33.862  2869  2869 D wpa_supplicant: EAP: EAP entering state METHOD
06-21 11:34:33.862  2869  2869 D wpa_supplicant: SSL: Received packet(len=1020) - Flags 0x40
06-21 11:34:33.862  2869  2869 D wpa_supplicant: SSL: Need 2282 bytes more input data
06-21 11:34:33.862  2869  2869 D wpa_supplicant: SSL: Building ACK (type=25 id=5 ver=0)
06-21 11:34:33.862  2869  2869 D wpa_supplicant: EAP: method process -> ignore=FALSE methodState=MAY_CONT decision=FAIL
06-21 11:34:33.862  2869  2869 D wpa_supplicant: EAP: EAP entering state SEND_RESPONSE
06-21 11:34:33.862  2869  2869 D wpa_supplicant: EAP: EAP entering state IDLE
06-21 11:34:33.862  2869  2869 D wpa_supplicant: EAPOL: SUPP_BE entering state RESPONSE
06-21 11:34:33.862  2869  2869 D wpa_supplicant: EAPOL: txSuppRsp
06-21 11:34:33.862  2869  2869 D wpa_supplicant: TX EAPOL: dst=d0:c2:82:2d:f2:a0
06-21 11:34:33.862  2869  2869 D wpa_supplicant: EAPOL: SUPP_BE entering state RECEIVE
06-21 11:34:33.866  2869  2869 D wpa_supplicant: EAPOL: Received EAP-Packet frame
06-21 11:34:33.866  2869  2869 D wpa_supplicant: EAPOL: SUPP_BE entering state REQUEST
06-21 11:34:33.866  2869  2869 D wpa_supplicant: EAPOL: getSuppRsp
06-21 11:34:33.866  2869  2869 D wpa_supplicant: EAP: EAP entering state RECEIVED
06-21 11:34:33.866  2869  2869 D wpa_supplicant: EAP: Received EAP-Request id=6 method=25 vendor=0 vendorMethod=0
06-21 11:34:33.866  2869  2869 D wpa_supplicant: EAP: EAP entering state METHOD
06-21 11:34:33.866  2869  2869 D wpa_supplicant: SSL: Received packet(len=1020) - Flags 0x40
06-21 11:34:33.866  2869  2869 D wpa_supplicant: SSL: Need 1268 bytes more input data
06-21 11:34:33.866  2869  2869 D wpa_supplicant: SSL: Building ACK (type=25 id=6 ver=0)
06-21 11:34:33.866  2869  2869 D wpa_supplicant: EAP: method process -> ignore=FALSE methodState=MAY_CONT decision=FAIL
06-21 11:34:33.866  2869  2869 D wpa_supplicant: EAP: EAP entering state SEND_RESPONSE
06-21 11:34:33.866  2869  2869 D wpa_supplicant: EAP: EAP entering state IDLE
06-21 11:34:33.866  2869  2869 D wpa_supplicant: EAPOL: SUPP_BE entering state RESPONSE
06-21 11:34:33.866  2869  2869 D wpa_supplicant: EAPOL: txSuppRsp
06-21 11:34:33.866  2869  2869 D wpa_supplicant: TX EAPOL: dst=d0:c2:82:2d:f2:a0
06-21 11:34:33.866  2869  2869 D wpa_supplicant: EAPOL: SUPP_BE entering state RECEIVE
06-21 11:34:33.870  2869  2869 D wpa_supplicant: EAPOL: Received EAP-Packet frame
06-21 11:34:33.870  2869  2869 D wpa_supplicant: EAPOL: SUPP_BE entering state REQUEST
06-21 11:34:33.870  2869  2869 D wpa_supplicant: EAPOL: getSuppRsp
06-21 11:34:33.870  2869  2869 D wpa_supplicant: EAP: EAP entering state RECEIVED
06-21 11:34:33.870  2869  2869 D wpa_supplicant: EAP: Received EAP-Request id=7 method=25 vendor=0 vendorMethod=0
06-21 11:34:33.870  2869  2869 D wpa_supplicant: EAP: EAP entering state METHOD
06-21 11:34:33.870  2869  2869 D wpa_supplicant: SSL: Received packet(len=1020) - Flags 0x40
06-21 11:34:33.870  2869  2869 D wpa_supplicant: SSL: Need 254 bytes more input data
06-21 11:34:33.870  2869  2869 D wpa_supplicant: SSL: Building ACK (type=25 id=7 ver=0)
06-21 11:34:33.870  2869  2869 D wpa_supplicant: EAP: method process -> ignore=FALSE methodState=MAY_CONT decision=FAIL
06-21 11:34:33.870  2869  2869 D wpa_supplicant: EAP: EAP entering state SEND_RESPONSE
06-21 11:34:33.870  2869  2869 D wpa_supplicant: EAP: EAP entering state IDLE
06-21 11:34:33.870  2869  2869 D wpa_supplicant: EAPOL: SUPP_BE entering state RESPONSE
06-21 11:34:33.870  2869  2869 D wpa_supplicant: EAPOL: txSuppRsp
06-21 11:34:33.870  2869  2869 D wpa_supplicant: TX EAPOL: dst=d0:c2:82:2d:f2:a0
06-21 11:34:33.870  2869  2869 D wpa_supplicant: EAPOL: SUPP_BE entering state RECEIVE
06-21 11:34:33.874  2869  2869 D wpa_supplicant: EAPOL: Received EAP-Packet frame
06-21 11:34:33.874  2869  2869 D wpa_supplicant: EAPOL: SUPP_BE entering state REQUEST
06-21 11:34:33.874  2869  2869 D wpa_supplicant: EAPOL: getSuppRsp
06-21 11:34:33.874  2869  2869 D wpa_supplicant: EAP: EAP entering state RECEIVED
06-21 11:34:33.874  2869  2869 D wpa_supplicant: EAP: Received EAP-Request id=8 method=25 vendor=0 vendorMethod=0
06-21 11:34:33.874  2869  2869 D wpa_supplicant: EAP: EAP entering state METHOD
06-21 11:34:33.874  2869  2869 D wpa_supplicant: SSL: Received packet(len=260) - Flags 0x00
06-21 11:34:33.874  2869  2869 D wpa_supplicant: SSL: (where=0x1001 ret=0x1)
06-21 11:34:33.874  2869  2869 D wpa_supplicant: SSL: SSL_connect:SSLv3 read server hello A
06-21 11:34:33.874  2869  2869 D wpa_supplicant: TLS: tls_verify_cb - preverify_ok=1 err=19 (self signed certificate in certificate chain) ca_cert_verify=0 depth=2 buf='/C=US/O=Entrust.net/OU=www.entrust.net/CPS incorp. by ref. (limits liab.)/OU=(c) 1999 Entrust.net Limited/CN=Entrust.net Secure Server Certification Authority'
06-21 11:34:33.874  2869  2869 I wpa_supplicant: wlan0: CTRL-EVENT-EAP-PEER-CERT depth=2 subject='/C=US/O=Entrust.net/OU=www.entrust.net/CPS incorp. by ref. (limits liab.)/OU=(c) 1999 Entrust.net Limited/CN=Entrust.net Secure Server Certification Authority'
06-21 11:34:33.878  2869  2869 D wpa_supplicant: TLS: tls_verify_cb - preverify_ok=1 err=19 (self signed certificate in certificate chain) ca_cert_verify=0 depth=2 buf='/C=US/O=Entrust.net/OU=www.entrust.net/CPS incorp. by ref. (limits liab.)/OU=(c) 1999 Entrust.net Limited/CN=Entrust.net Secure Server Certification Authority'
06-21 11:34:33.878  2869  2869 I wpa_supplicant: wlan0: CTRL-EVENT-EAP-PEER-CERT depth=2 subject='/C=US/O=Entrust.net/OU=www.entrust.net/CPS incorp. by ref. (limits liab.)/OU=(c) 1999 Entrust.net Limited/CN=Entrust.net Secure Server Certification Authority'
06-21 11:34:33.878  2869  2869 D wpa_supplicant: TLS: tls_verify_cb - preverify_ok=1 err=19 (self signed certificate in certificate chain) ca_cert_verify=0 depth=1 buf='/C=US/ST=UT/L=Salt Lake City/O=The USERTRUST Network/CN=USERTrust Legacy Secure Server CA'
06-21 11:34:33.878  2869  2869 I wpa_supplicant: wlan0: CTRL-EVENT-EAP-PEER-CERT depth=1 subject='/C=US/ST=UT/L=Salt Lake City/O=The USERTRUST Network/CN=USERTrust Legacy Secure Server CA'
06-21 11:34:33.878  2869  2869 D wpa_supplicant: TLS: tls_verify_cb - preverify_ok=1 err=19 (self signed certificate in certificate chain) ca_cert_verify=0 depth=0 buf='/C=US/postalCode=14260/ST=New York/L=Buffalo/street=305 Computing Center/O=SUNY AT BUFFALO/OU=Issued through UNIVERSITY AT BUFFALO E-PKI Manager/OU=Comodo PremiumSSL Legacy/CN=radius2.cit.buffalo.edu'
06-21 11:34:33.878  2869  2869 I wpa_supplicant: wlan0: CTRL-EVENT-EAP-PEER-CERT depth=0 subject='/C=US/postalCode=14260/ST=New York/L=Buffalo/street=305 Computing Center/O=SUNY AT BUFFALO/OU=Issued through UNIVERSITY AT BUFFALO E-PKI Manager/OU=Comodo PremiumSSL Legacy/CN=radius2.cit.buffalo.edu'
06-21 11:34:33.878  2869  2869 D wpa_supplicant: SSL: (where=0x1001 ret=0x1)
06-21 11:34:33.878  2869  2869 D wpa_supplicant: SSL: SSL_connect:SSLv3 read server certificate A
06-21 11:34:33.882  2869  2869 D wpa_supplicant: SSL: (where=0x1001 ret=0x1)
06-21 11:34:33.886  2869  2869 D wpa_supplicant: SSL: SSL_connect:SSLv3 read server key exchange A
06-21 11:34:33.886  2869  2869 D wpa_supplicant: SSL: (where=0x1001 ret=0x1)
06-21 11:34:33.886  2869  2869 D wpa_supplicant: SSL: SSL_connect:SSLv3 read server done A
06-21 11:34:33.890  2869  2869 D wpa_supplicant: SSL: (where=0x1001 ret=0x1)
06-21 11:34:33.890  2869  2869 D wpa_supplicant: SSL: SSL_connect:SSLv3 write client key exchange A
06-21 11:34:33.890  2869  2869 D wpa_supplicant: SSL: (where=0x1001 ret=0x1)
06-21 11:34:33.890  2869  2869 D wpa_supplicant: SSL: SSL_connect:SSLv3 write change cipher spec A
06-21 11:34:33.890  2869  2869 D wpa_supplicant: SSL: (where=0x1001 ret=0x1)
06-21 11:34:33.890  2869  2869 D wpa_supplicant: SSL: SSL_connect:SSLv3 write finished A
06-21 11:34:33.890  2869  2869 D wpa_supplicant: SSL: (where=0x1001 ret=0x1)
06-21 11:34:33.894  2869  2869 D wpa_supplicant: SSL: SSL_connect:SSLv3 flush data
06-21 11:34:33.894  2869  2869 D wpa_supplicant: SSL: (where=0x1002 ret=0xffffffff)
06-21 11:34:33.894  2869  2869 D wpa_supplicant: SSL: SSL_connect:error in SSLv3 read server session ticket A
06-21 11:34:33.894  2869  2869 D wpa_supplicant: SSL: SSL_connect - want more data
06-21 11:34:33.894  2869  2869 D wpa_supplicant: SSL: 134 bytes pending from ssl_out
06-21 11:34:33.894  2869  2869 D wpa_supplicant: SSL: 134 bytes left to be sent out (of total 134 bytes)
06-21 11:34:33.894  2869  2869 D wpa_supplicant: EAP: method process -> ignore=FALSE methodState=MAY_CONT decision=FAIL
06-21 11:34:33.894  2869  2869 D wpa_supplicant: EAP: EAP entering state SEND_RESPONSE
06-21 11:34:33.894  2869  2869 D wpa_supplicant: EAP: EAP entering state IDLE
06-21 11:34:33.894  2869  2869 D wpa_supplicant: EAPOL: SUPP_BE entering state RESPONSE
06-21 11:34:33.894  2869  2869 D wpa_supplicant: EAPOL: txSuppRsp
06-21 11:34:33.894  2869  2869 D wpa_supplicant: TX EAPOL: dst=d0:c2:82:2d:f2:a0
06-21 11:34:33.894  2869  2869 D wpa_supplicant: EAPOL: SUPP_BE entering state RECEIVE
06-21 11:34:33.898  2869  2869 D wpa_supplicant: EAPOL: Received EAP-Packet frame
06-21 11:34:33.898  2869  2869 D wpa_supplicant: EAPOL: SUPP_BE entering state REQUEST
06-21 11:34:33.898  2869  2869 D wpa_supplicant: EAPOL: getSuppRsp
06-21 11:34:33.898  2869  2869 D wpa_supplicant: EAP: EAP entering state RECEIVED
06-21 11:34:33.898  2869  2869 D wpa_supplicant: EAP: Received EAP-Request id=9 method=25 vendor=0 vendorMethod=0
06-21 11:34:33.898  2869  2869 D wpa_supplicant: EAP: EAP entering state METHOD
06-21 11:34:33.898  2869  2869 D wpa_supplicant: SSL: Received packet(len=240) - Flags 0x00
06-21 11:34:33.898  2869  2869 D wpa_supplicant: SSL: (where=0x1001 ret=0x1)
06-21 11:34:33.898  2869  2869 D wpa_supplicant: SSL: SSL_connect:SSLv3 read server session ticket A
06-21 11:34:33.898  2869  2869 D wpa_supplicant: SSL: (where=0x1001 ret=0x1)
06-21 11:34:33.898  2869  2869 D wpa_supplicant: SSL: SSL_connect:SSLv3 read finished A
06-21 11:34:33.898  2869  2869 D wpa_supplicant: SSL: (where=0x20 ret=0x1)
06-21 11:34:33.898  2869  2869 D wpa_supplicant: SSL: (where=0x1002 ret=0x1)
06-21 11:34:33.898  2869  2869 D wpa_supplicant: SSL: 0 bytes pending from ssl_out
06-21 11:34:33.898  2869  2869 D wpa_supplicant: SSL: No Application Data included
06-21 11:34:33.898  2869  2869 D wpa_supplicant: SSL: No data to be sent out
06-21 11:34:33.898  2869  2869 D wpa_supplicant: EAP-PEAP: TLS done, proceed to Phase 2
06-21 11:34:33.898  2869  2869 D wpa_supplicant: EAP-PEAP: using label 'client EAP encryption' in key derivation
06-21 11:34:33.898  2869  2869 D wpa_supplicant: SSL: Building ACK (type=25 id=9 ver=0)
06-21 11:34:33.898  2869  2869 D wpa_supplicant: EAP: method process -> ignore=FALSE methodState=MAY_CONT decision=FAIL
06-21 11:34:33.898  2869  2869 D wpa_supplicant: EAP: EAP entering state SEND_RESPONSE
06-21 11:34:33.898  2869  2869 D wpa_supplicant: EAP: EAP entering state IDLE
06-21 11:34:33.898  2869  2869 D wpa_supplicant: EAPOL: SUPP_BE entering state RESPONSE
06-21 11:34:33.898  2869  2869 D wpa_supplicant: EAPOL: txSuppRsp
06-21 11:34:33.898  2869  2869 D wpa_supplicant: TX EAPOL: dst=d0:c2:82:2d:f2:a0
06-21 11:34:33.902  2869  2869 D wpa_supplicant: EAPOL: SUPP_BE entering state RECEIVE
06-21 11:34:33.902  2869  2869 D wpa_supplicant: EAPOL: Received EAP-Packet frame
06-21 11:34:33.902  2869  2869 D wpa_supplicant: EAPOL: SUPP_BE entering state REQUEST
06-21 11:34:33.902  2869  2869 D wpa_supplicant: EAPOL: getSuppRsp
06-21 11:34:33.902  2869  2869 D wpa_supplicant: EAP: EAP entering state RECEIVED
06-21 11:34:33.902  2869  2869 D wpa_supplicant: EAP: Received EAP-Request id=10 method=25 vendor=0 vendorMethod=0
06-21 11:34:33.902  2869  2869 D wpa_supplicant: EAP: EAP entering state METHOD
06-21 11:34:33.902  2869  2869 D wpa_supplicant: SSL: Received packet(len=43) - Flags 0x00
06-21 11:34:33.902  2869  2869 D wpa_supplicant: EAP-PEAP: received 37 bytes encrypted data for Phase 2
06-21 11:34:33.902  2869  2869 D wpa_supplicant: EAP-PEAP: received Phase 2: code=1 identifier=10 length=5
06-21 11:34:33.902  2869  2869 D wpa_supplicant: EAP-PEAP: Phase 2 Request: type=1
06-21 11:34:33.902  2869  2869 D wpa_supplicant: SSL: 74 bytes left to be sent out (of total 74 bytes)
06-21 11:34:33.902  2869  2869 D wpa_supplicant: EAP: method process -> ignore=FALSE methodState=MAY_CONT decision=FAIL
06-21 11:34:33.902  2869  2869 D wpa_supplicant: EAP: EAP entering state SEND_RESPONSE
06-21 11:34:33.902  2869  2869 D wpa_supplicant: EAP: EAP entering state IDLE
06-21 11:34:33.902  2869  2869 D wpa_supplicant: EAPOL: SUPP_BE entering state RESPONSE
06-21 11:34:33.902  2869  2869 D wpa_supplicant: EAPOL: txSuppRsp
06-21 11:34:33.902  2869  2869 D wpa_supplicant: TX EAPOL: dst=d0:c2:82:2d:f2:a0
06-21 11:34:33.902  2869  2869 D wpa_supplicant: EAPOL: SUPP_BE entering state RECEIVE
06-21 11:34:33.905  2869  2869 D wpa_supplicant: EAPOL: Received EAP-Packet frame
06-21 11:34:33.905  2869  2869 D wpa_supplicant: EAPOL: SUPP_BE entering state REQUEST
06-21 11:34:33.905  2869  2869 D wpa_supplicant: EAPOL: getSuppRsp
06-21 11:34:33.905  2869  2869 D wpa_supplicant: EAP: EAP entering state RECEIVED
06-21 11:34:33.905  2869  2869 D wpa_supplicant: EAP: Received EAP-Request id=11 method=25 vendor=0 vendorMethod=0
06-21 11:34:33.905  2869  2869 D wpa_supplicant: EAP: EAP entering state METHOD
06-21 11:34:33.905  2869  2869 D wpa_supplicant: SSL: Received packet(len=59) - Flags 0x00
06-21 11:34:33.905  2869  2869 D wpa_supplicant: EAP-PEAP: received 53 bytes encrypted data for Phase 2
06-21 11:34:33.905  2869  2869 D wpa_supplicant: EAP-PEAP: received Phase 2: code=1 identifier=11 length=30
06-21 11:34:33.905  2869  2869 D wpa_supplicant: EAP-PEAP: Phase 2 Request: type=26
06-21 11:34:33.905  2869  2869 D wpa_supplicant: EAP-PEAP: Selected Phase 2 EAP vendor 0 method 26
06-21 11:34:33.905  2869  2869 D wpa_supplicant: EAP-MSCHAPV2: RX identifier 11 mschapv2_id 11
06-21 11:34:33.905  2869  2869 D wpa_supplicant: EAP-MSCHAPV2: Received challenge
06-21 11:34:33.905  2869  2869 D wpa_supplicant: EAP-MSCHAPV2: Generating Challenge Response
06-21 11:34:33.909  2869  2869 D wpa_supplicant: EAP-MSCHAPV2: TX identifier 11 mschapv2_id 11 (response)
06-21 11:34:33.909  2869  2869 D wpa_supplicant: SSL: 122 bytes left to be sent out (of total 122 bytes)
06-21 11:34:33.909  2869  2869 D wpa_supplicant: EAP: method process -> ignore=FALSE methodState=MAY_CONT decision=FAIL
06-21 11:34:33.909  2869  2869 D wpa_supplicant: EAP: EAP entering state SEND_RESPONSE
06-21 11:34:33.909  2869  2869 D wpa_supplicant: EAP: EAP entering state IDLE
06-21 11:34:33.909  2869  2869 D wpa_supplicant: EAPOL: SUPP_BE entering state RESPONSE
06-21 11:34:33.909  2869  2869 D wpa_supplicant: EAPOL: txSuppRsp
06-21 11:34:33.909  2869  2869 D wpa_supplicant: TX EAPOL: dst=d0:c2:82:2d:f2:a0
06-21 11:34:33.909  2869  2869 D wpa_supplicant: EAPOL: SUPP_BE entering state RECEIVE
06-21 11:34:33.909 26045 26048 D dalvikvm: GC_CONCURRENT freed 408K, 7% free 10288K/11015K, paused 4ms+3ms
06-21 11:34:34.034  2869  2869 D wpa_supplicant: EAPOL: Received EAP-Packet frame
06-21 11:34:34.034  2869  2869 D wpa_supplicant: EAPOL: SUPP_BE entering state REQUEST
06-21 11:34:34.034  2869  2869 D wpa_supplicant: EAPOL: getSuppRsp
06-21 11:34:34.034  2869  2869 D wpa_supplicant: EAP: EAP entering state RECEIVED
06-21 11:34:34.034  2869  2869 D wpa_supplicant: EAP: Received EAP-Request id=12 method=25 vendor=0 vendorMethod=0
06-21 11:34:34.034  2869  2869 D wpa_supplicant: EAP: EAP entering state METHOD
06-21 11:34:34.034  2869  2869 D wpa_supplicant: SSL: Received packet(len=91) - Flags 0x00
06-21 11:34:34.034  2869  2869 D wpa_supplicant: EAP-PEAP: received 85 bytes encrypted data for Phase 2
06-21 11:34:34.034  2869  2869 D wpa_supplicant: EAP-PEAP: received Phase 2: code=1 identifier=12 length=51
06-21 11:34:34.034  2869  2869 D wpa_supplicant: EAP-PEAP: Phase 2 Request: type=26
06-21 11:34:34.034  2869  2869 D wpa_supplicant: EAP-MSCHAPV2: RX identifier 12 mschapv2_id 11
06-21 11:34:34.034  2869  2869 D wpa_supplicant: EAP-MSCHAPV2: Received success
06-21 11:34:34.034  2869  2869 I wpa_supplicant: EAP-MSCHAPV2: Authentication succeeded
06-21 11:34:34.034  2869  2869 D wpa_supplicant: SSL: 74 bytes left to be sent out (of total 74 bytes)
06-21 11:34:34.034  2869  2869 D wpa_supplicant: EAP: method process -> ignore=FALSE methodState=MAY_CONT decision=FAIL
06-21 11:34:34.034  2869  2869 D wpa_supplicant: EAP: EAP entering state SEND_RESPONSE
06-21 11:34:34.034  2869  2869 D wpa_supplicant: EAP: EAP entering state IDLE
06-21 11:34:34.034  2869  2869 D wpa_supplicant: EAPOL: SUPP_BE entering state RESPONSE
06-21 11:34:34.034  2869  2869 D wpa_supplicant: EAPOL: txSuppRsp
06-21 11:34:34.034  2869  2869 D wpa_supplicant: TX EAPOL: dst=d0:c2:82:2d:f2:a0
06-21 11:34:34.046  2869  2869 D wpa_supplicant: EAPOL: SUPP_BE entering state RECEIVE
06-21 11:34:34.046  2869  2869 D wpa_supplicant: EAPOL: Received EAP-Packet frame
06-21 11:34:34.046  2869  2869 D wpa_supplicant: EAPOL: SUPP_BE entering state REQUEST
06-21 11:34:34.046  2869  2869 D wpa_supplicant: EAPOL: getSuppRsp
06-21 11:34:34.046  2869  2869 D wpa_supplicant: EAP: EAP entering state RECEIVED
06-21 11:34:34.046  2869  2869 D wpa_supplicant: EAP: Received EAP-Request id=13 method=25 vendor=0 vendorMethod=0
06-21 11:34:34.046  2869  2869 D wpa_supplicant: EAP: EAP entering state METHOD
06-21 11:34:34.046  2869  2869 D wpa_supplicant: SSL: Received packet(len=43) - Flags 0x00
06-21 11:34:34.046  2869  2869 D wpa_supplicant: EAP-PEAP: received 37 bytes encrypted data for Phase 2
06-21 11:34:34.046  2869  2869 D wpa_supplicant: EAP-PEAP: received Phase 2: code=1 identifier=13 length=11
06-21 11:34:34.046  2869  2869 D wpa_supplicant: EAP-PEAP: Phase 2 Request: type=33
06-21 11:34:34.046  2869  2869 I wpa_supplicant: EAP-TLV: TLV Result - Success - EAP-TLV/Phase2 Completed
06-21 11:34:34.046  2869  2869 D wpa_supplicant: SSL: 74 bytes left to be sent out (of total 74 bytes)
06-21 11:34:34.046  2869  2869 D wpa_supplicant: EAP: method process -> ignore=FALSE methodState=DONE decision=UNCOND_SUCC
06-21 11:34:34.046  2869  2869 D wpa_supplicant: EAP: EAP entering state SEND_RESPONSE
06-21 11:34:34.046  2869  2869 D wpa_supplicant: EAP: EAP entering state IDLE
06-21 11:34:34.046  2869  2869 D wpa_supplicant: EAPOL: SUPP_BE entering state RESPONSE
06-21 11:34:34.046  2869  2869 D wpa_supplicant: EAPOL: txSuppRsp
06-21 11:34:34.046  2869  2869 D wpa_supplicant: TX EAPOL: dst=d0:c2:82:2d:f2:a0
06-21 11:34:34.050  2869  2869 D wpa_supplicant: EAPOL: SUPP_BE entering state RECEIVE
06-21 11:34:34.054  2869  2869 D wpa_supplicant: EAPOL: Received EAP-Packet frame
06-21 11:34:34.054  2869  2869 D wpa_supplicant: EAPOL: SUPP_BE entering state REQUEST
06-21 11:34:34.054  2869  2869 D wpa_supplicant: EAPOL: getSuppRsp
06-21 11:34:34.054  2869  2869 D wpa_supplicant: EAP: EAP entering state RECEIVED
06-21 11:34:34.054  2869  2869 D wpa_supplicant: EAP: Received EAP-Success
06-21 11:34:34.054  2869  2869 D wpa_supplicant: EAP: EAP entering state SUCCESS
06-21 11:34:34.054  2869  2869 I wpa_supplicant: wlan0: CTRL-EVENT-EAP-SUCCESS EAP authentication completed successfully
06-21 11:34:34.054  2869  2869 D wpa_supplicant: EAPOL: SUPP_BE entering state RECEIVE
06-21 11:34:34.054  2869  2869 D wpa_supplicant: EAPOL: SUPP_BE entering state SUCCESS
06-21 11:34:34.054  2869  2869 D wpa_supplicant: EAPOL: SUPP_BE entering state IDLE
06-21 11:34:34.054  2869  2869 D wpa_supplicant: EAPOL: Ignoring WPA EAPOL-Key frame in EAPOL state machines
06-21 11:34:34.066  2869  2869 D wpa_supplicant: EAPOL: Successfully fetched key (len=32)
06-21 11:34:34.066  2869  2869 D wpa_supplicant: RSN: Replace PMKSA entry for the current AP
06-21 11:34:34.066  2869  2869 D wpa_supplicant: RSN: added PMKSA cache entry for d0:c2:82:2d:f2:a0
06-21 11:34:34.093  2869  2869 D wpa_supplicant: WPA: PTK derivation - A1=78:d6:f0:71:a5:f6 A2=d0:c2:82:2d:f2:a0
06-21 11:34:34.093  2869  2869 D wpa_supplicant: EAPOL: Ignoring WPA EAPOL-Key frame in EAPOL state machines
06-21 11:34:34.093  2869  2869 D wpa_supplicant: wpa_driver_wext_set_key: alg=3 key_idx=0 set_tx=1 seq_len=6 key_len=16
06-21 11:34:34.097  2869  2869 D wpa_supplicant: EAPOL: External notification - portValid=1
06-21 11:34:34.097  2869  2869 D wpa_supplicant: EAPOL: SUPP_PAE entering state AUTHENTICATED
06-21 11:34:34.097  2869  2869 D wpa_supplicant: EAPOL: Supplicant port status: Authorized
06-21 11:34:34.097  2869  2869 D wpa_supplicant: EAPOL authentication completed successfully
06-21 11:34:34.097  2869  2869 D wpa_supplicant: wpa_driver_wext_set_key: alg=2 key_idx=1 set_tx=0 seq_len=6 key_len=32
06-21 11:34:34.097  2869  2869 I wpa_supplicant: wlan0: WPA: Key negotiation completed with d0:c2:82:2d:f2:a0 [PTK=CCMP GTK=TKIP]
06-21 11:34:34.097  2869  2869 D wpa_supplicant: Removed BSSID d0:c2:82:2d:f2:a0 from blacklist
06-21 11:34:34.097  2869  2869 I wpa_supplicant: wlan0: CTRL-EVENT-CONNECTED - Connection to d0:c2:82:2d:f2:a0 completed (reauth) [id=0 id_str=]
06-21 11:34:34.101  2869  2869 D wpa_supplicant: wpa_driver_wext_set_operstate: operstate 0->1 (UP)
06-21 11:34:34.101  2869  2869 D wpa_supplicant: netlink: Operstate: linkmode=-1, operstate=6
06-21 11:34:34.101  2869  2869 D wpa_supplicant: EAPOL: External notification - portValid=1
06-21 11:34:34.101  2869  2869 D wpa_supplicant: RTM_NEWLINK: operstate=1 ifi_flags=0x11003 ([UP][LOWER_UP])
06-21 11:34:34.101  2869  2869 D wpa_supplicant: netlink: Operstate: linkmode=-1, operstate=6
06-21 11:34:34.101  2869  2869 D wpa_supplicant: RTM_NEWLINK, IFLA_IFNAME: Interface 'wlan0' added
06-21 11:34:34.101  2869  2869 D wpa_supplicant: Wireless event: cmd=0x8c09 len=32
06-21 11:34:34.101  2869  2869 D wpa_supplicant: PMKID candidate wireless event: flags=0x0 index=0 bssid=d0:c2:82:2d:f2:a0
06-21 11:34:34.101  2869  2869 D wpa_supplicant: RSN: Ignored PMKID candidate without preauth flag
06-21 11:34:34.101  2869  2869 D wpa_supplicant: RTM_NEWLINK: operstate=1 ifi_flags=0x11043 ([UP][RUNNING][LOWER_UP])
06-21 11:34:34.101  2869  2869 D wpa_supplicant: RTM_NEWLINK, IFLA_IFNAME: Interface 'wlan0' added
06-21 11:34:34.116  2869  2869 D wpa_supplicant: wpa_driver_wext_driver_cmd BTCOEXMODE 1 len = 4096
06-21 11:34:34.257  2869  2869 D wpa_supplicant: wpa_driver_wext_driver_cmd OK len = 0, 2
06-21 11:34:34.257  2869  2869 D wpa_supplicant: wpa_driver_wext_driver_cmd GETPOWER len = 4096
06-21 11:34:34.261  2869  2869 D wpa_supplicant: wpa_driver_wext_driver_cmd powermode = 1 len = 13, 13
06-21 11:34:34.683  2869  2869 D wpa_supplicant: wpa_driver_wext_driver_cmd POWERMODE 1 len = 4096
06-21 11:34:34.695  2869  2869 D wpa_supplicant: wpa_driver_wext_driver_cmd OK len = 0, 2
06-21 11:34:34.698  2869  2869 D wpa_supplicant: wpa_driver_wext_driver_cmd BTCOEXMODE 2 len = 4096
06-21 11:34:34.698  2869  2869 D wpa_supplicant: wpa_driver_wext_driver_cmd OK len = 0, 2
06-21 11:34:34.718  2360  2416 D ConnectivityService: ConnectivityChange for WIFI: CONNECTED/CONNECTED
06-21 11:34:34.765 26496 26496 I PhoneLab-WiFiReceiver: Wi-Fi is connected!
06-21 11:34:34.765 26496 26496 I PhoneLab-WiFiReceiver: SSID: UB_Secure BSSID: d0:c2:82:2d:f2:a0 RSSI: -200 LinkSpeed: -1
06-21 11:34:34.765 26496 26496 I PhoneLab-Locks: wake lock acquired
06-21 11:34:34.769 26496 26496 I PhoneLab-UploadLogs: Transfering log files now
06-21 11:34:34.769 26496 26496 I PhoneLab-UploadLogs: No log files to transfer
06-21 11:34:34.769 26496 26496 I PhoneLab-Locks: wake lock released
06-21 11:34:34.769 26496 26496 I PhoneLab-UploadLogs: OnStartCommand
