06-26 14:47:28.730 18999 18999 D wpa_supplicant: RTM_NEWLINK, IFLA_IFNAME: Interface 'wlan0' added
06-26 14:47:28.730 18999 18999 D wpa_supplicant: Wireless event: cmd=0x8c09 len=32
06-26 14:47:28.730 18999 18999 D wpa_supplicant: PMKID candidate wireless event: flags=0x0 index=0 bssid=00:1a:a2:dc:8c:10
06-26 14:47:28.730 18999 18999 D wpa_supplicant: RSN: Ignored PMKID candidate without preauth flag
06-26 14:47:29.289 18999 18999 D wpa_supplicant: wpa_driver_wext_driver_cmd RSSI len = 248
06-26 14:47:29.300 18999 18999 D wpa_supplicant: wpa_driver_wext_driver_cmd UB_Secure rssi -91  len = 19, 19
06-26 14:47:29.300 18999 18999 D wpa_supplicant: wpa_driver_wext_driver_cmd LINKSPEED len = 248
06-26 14:47:29.312 18999 18999 D wpa_supplicant: wpa_driver_wext_driver_cmd LinkSpeed 5 len = 11, 11
06-26 14:47:29.652 18999 18999 D wpa_supplicant: RTM_NEWLINK: operstate=1 ifi_flags=0x11043 ([UP][RUNNING][LOWER_UP])
06-26 14:47:29.652 18999 18999 D wpa_supplicant: RTM_NEWLINK, IFLA_IFNAME: Interface 'wlan0' added
06-26 14:47:29.652 18999 18999 D wpa_supplicant: Wireless event: cmd=0x8c09 len=32
06-26 14:47:29.652 18999 18999 D wpa_supplicant: PMKID candidate wireless event: flags=0x0 index=0 bssid=00:22:be:93:01:10
06-26 14:47:29.652 18999 18999 D wpa_supplicant: RSN: Ignored PMKID candidate without preauth flag
06-26 14:47:29.671 18999 18999 D wpa_supplicant: RTM_NEWLINK: operstate=1 ifi_flags=0x11043 ([UP][RUNNING][LOWER_UP])
06-26 14:47:29.671 18999 18999 D wpa_supplicant: RTM_NEWLINK, IFLA_IFNAME: Interface 'wlan0' added
06-26 14:47:29.671 18999 18999 D wpa_supplicant: Wireless event: cmd=0x8c09 len=32
06-26 14:47:29.671 18999 18999 D wpa_supplicant: PMKID candidate wireless event: flags=0x0 index=0 bssid=00:1a:a2:dc:8c:10
06-26 14:47:29.671 18999 18999 D wpa_supplicant: RSN: Ignored PMKID candidate without preauth flag
06-26 14:47:30.574 18999 18999 D wpa_supplicant: RTM_NEWLINK: operstate=1 ifi_flags=0x11043 ([UP][RUNNING][LOWER_UP])
06-26 14:47:30.574 18999 18999 D wpa_supplicant: RTM_NEWLINK, IFLA_IFNAME: Interface 'wlan0' added
06-26 14:47:30.574 18999 18999 D wpa_supplicant: Wireless event: cmd=0x8c09 len=32
06-26 14:47:30.574 18999 18999 D wpa_supplicant: PMKID candidate wireless event: flags=0x0 index=0 bssid=00:22:be:93:01:10
06-26 14:47:30.574 18999 18999 D wpa_supplicant: RSN: Ignored PMKID candidate without preauth flag
06-26 14:47:30.574 18999 18999 D wpa_supplicant: RTM_NEWLINK: operstate=1 ifi_flags=0x11043 ([UP][RUNNING][LOWER_UP])
06-26 14:47:30.574 18999 18999 D wpa_supplicant: RTM_NEWLINK, IFLA_IFNAME: Interface 'wlan0' added
06-26 14:47:30.574 18999 18999 D wpa_supplicant: Wireless event: cmd=0x8c09 len=32
06-26 14:47:30.574 18999 18999 D wpa_supplicant: PMKID candidate wireless event: flags=0x0 index=0 bssid=00:1a:a2:dc:8c:10
06-26 14:47:30.574 18999 18999 D wpa_supplicant: RSN: Ignored PMKID candidate without preauth flag
06-26 14:47:31.183 18999 18999 D wpa_supplicant: RTM_NEWLINK: operstate=1 ifi_flags=0x11043 ([UP][RUNNING][LOWER_UP])
06-26 14:47:31.183 18999 18999 D wpa_supplicant: RTM_NEWLINK, IFLA_IFNAME: Interface 'wlan0' added
06-26 14:47:31.183 18999 18999 D wpa_supplicant: Wireless event: cmd=0x8b15 len=20
06-26 14:47:31.183 18999 18999 D wpa_supplicant: Wireless event: new AP: 00:00:00:00:00:00
06-26 14:47:31.183 18999 18999 D wpa_supplicant: Added BSSID 00:22:be:93:01:10 into blacklist
06-26 14:47:31.199 18999 18999 I wpa_supplicant: wlan0: CTRL-EVENT-DISCONNECTED bssid=00:22:be:93:01:10 reason=0
06-26 14:47:31.214 17000 17017 D CommandListener: Clearing all IP addresses on wlan0
06-26 14:47:31.222 18999 18999 D wpa_supplicant: wpa_driver_wext_set_key: alg=0 key_idx=0 set_tx=0 seq_len=0 key_len=0
06-26 14:47:31.246 18999 18999 D wpa_supplicant: wpa_driver_wext_set_key: alg=0 key_idx=1 set_tx=0 seq_len=0 key_len=0
06-26 14:47:31.246 18999 18999 D wpa_supplicant: wpa_driver_wext_set_key: alg=0 key_idx=2 set_tx=0 seq_len=0 key_len=0
06-26 14:47:31.246 18999 18999 D wpa_supplicant: wpa_driver_wext_set_key: alg=0 key_idx=3 set_tx=0 seq_len=0 key_len=0
06-26 14:47:31.246 18999 18999 D wpa_supplicant: wpa_driver_wext_set_key: alg=0 key_idx=0 set_tx=0 seq_len=0 key_len=0
06-26 14:47:31.246 18999 18999 D wpa_supplicant: wpa_driver_wext_set_operstate: operstate 1->0 (DORMANT)
06-26 14:47:31.246 18999 18999 D wpa_supplicant: netlink: Operstate: linkmode=-1, operstate=5
06-26 14:47:31.250 18999 18999 D wpa_supplicant: EAPOL: External notification - portEnabled=0
06-26 14:47:31.250 18999 18999 D wpa_supplicant: EAPOL: SUPP_PAE entering state DISCONNECTED
06-26 14:47:31.250 18999 18999 D wpa_supplicant: EAPOL: Supplicant port status: Unauthorized
06-26 14:47:31.250 18999 18999 D wpa_supplicant: EAPOL: SUPP_BE entering state INITIALIZE
06-26 14:47:31.250 18999 18999 D wpa_supplicant: EAP: EAP entering state DISABLED
06-26 14:47:31.250 18999 18999 D wpa_supplicant: EAPOL: Supplicant port status: Unauthorized
06-26 14:47:31.250 18999 18999 D wpa_supplicant: EAPOL: External notification - portValid=0
06-26 14:47:31.250 18999 18999 D wpa_supplicant: EAPOL: Supplicant port status: Unauthorized
06-26 14:47:31.250 18999 18999 D wpa_supplicant: RTM_NEWLINK: operstate=0 ifi_flags=0x11003 ([UP][LOWER_UP])
06-26 14:47:31.250 18999 18999 D wpa_supplicant: RTM_NEWLINK, IFLA_IFNAME: Interface 'wlan0' added
06-26 14:47:31.269   142   198 D ConnectivityService: ConnectivityChange for WIFI: DISCONNECTED/DISCONNECTED
06-26 14:47:31.273   142   198 D ConnectivityService: Attempting to switch to mobile
06-26 14:47:31.273   142   198 D ConnectivityService: Attempting to switch to WIMAX
06-26 14:47:31.273   142   198 D ConnectivityService: Attempting to switch to BLUETOOTH_TETHER
06-26 14:47:31.285 18999 18999 D wpa_supplicant: WPS: Building WPS IE for Probe Request
06-26 14:47:31.285 18999 18999 D wpa_supplicant: WPS:  * Version (hardcoded 0x10)
06-26 14:47:31.285 18999 18999 D wpa_supplicant: WPS:  * Request Type
06-26 14:47:31.285 18999 18999 D wpa_supplicant: WPS:  * Config Methods (2388)
06-26 14:47:31.285 18999 18999 D wpa_supplicant: WPS:  * UUID-E
06-26 14:47:31.285 18999 18999 D wpa_supplicant: WPS:  * Primary Device Type
06-26 14:47:31.285 18999 18999 D wpa_supplicant: WPS:  * RF Bands (3)
06-26 14:47:31.285 18999 18999 D wpa_supplicant: WPS:  * Association State
06-26 14:47:31.285 18999 18999 D wpa_supplicant: WPS:  * Configuration Error (0)
06-26 14:47:31.285 18999 18999 D wpa_supplicant: WPS:  * Device Password ID (0)
06-26 14:47:31.285 18999 18999 D wpa_supplicant: WPS:  * Manufacturer
06-26 14:47:31.285 18999 18999 D wpa_supplicant: WPS:  * Model Name
06-26 14:47:31.285 18999 18999 D wpa_supplicant: WPS:  * Model Number
06-26 14:47:31.285 18999 18999 D wpa_supplicant: WPS:  * Device Name
06-26 14:47:31.285 18999 18999 D wpa_supplicant: WPS:  * Version2 (0x20)
06-26 14:47:31.285 18999 18999 D wpa_supplicant: wpa_driver_wext_combo_scan: Start
06-26 14:47:31.285 18999 18999 D wpa_supplicant: For Scan: (null)
06-26 14:47:31.289 18999 18999 D wpa_supplicant: Scan requested (ret=0) - scan timeout 30 seconds
06-26 14:47:31.296   142   198 E ConnectivityService: Exception trying to remove a route: java.lang.IllegalStateException: Unable to communicate with native dameon to add routes - com.android.server.NativeDaemonConnectorException: Cmd {interface route remove wlan0 default 128.205.223.254 32 0.0.0.0} failed with code 400 : {Failed to remove route from default table (No such process)}
06-26 14:47:31.300   142   198 D NetUtils: android_net_utils_resetConnections in env=0x5bb278 clazz=0xcd600001 iface=wlan0 mask=0x3
06-26 14:47:31.300   142   198 E ConnectivityService: Exception trying to remove a route: java.lang.IllegalStateException: Unable to communicate with native dameon to add routes - com.android.server.NativeDaemonConnectorException: Cmd {interface route remove wlan0 default 0.0.0.0 0 128.205.223.254} failed with code 400 : {Failed to remove route from default table (No such process)}
06-26 14:47:31.300   142   198 D ConnectivityService: resetConnections(wlan0, 3)
06-26 14:47:31.429 31574 20116 W Smack/Packet: notify conn break (IOEx), close connection
06-26 14:47:31.429 19235 20103 W System.err: javax.net.ssl.SSLException: Write error: ssl=0x637470: I/O error during system call, Broken pipe
06-26 14:47:31.445 19235 20103 W System.err: 	at org.apache.harmony.xnet.provider.jsse.NativeCrypto.SSL_write(Native Method)
06-26 14:47:31.445 19235 20103 W System.err: 	at org.apache.harmony.xnet.provider.jsse.OpenSSLSocketImpl$SSLOutputStream.write(OpenSSLSocketImpl.java:713)
06-26 14:47:31.449 19235 20103 W System.err: 	at java.io.OutputStreamWriter.flushBytes(OutputStreamWriter.java:167)
06-26 14:47:31.449 19235 20103 W System.err: 	at java.io.OutputStreamWriter.flush(OutputStreamWriter.java:158)
06-26 14:47:31.449 19235 20103 W System.err: 	at java.io.BufferedWriter.flush(BufferedWriter.java:124)
06-26 14:47:31.449 19235 20103 W System.err: 	at org.jivesoftware.smack.PacketWriter.writePackets(PacketWriter.java:302)
06-26 14:47:31.449 19235 20103 W System.err: 	at org.jivesoftware.smack.PacketWriter.access$12(PacketWriter.java:270)
06-26 14:47:31.449 19235 20103 W System.err: 	at org.jivesoftware.smack.PacketWriter$1.run(PacketWriter.java:137)
06-26 14:47:31.582 18999 18999 D wpa_supplicant: EAPOL: Supplicant port status: Unauthorized
06-26 14:47:31.586 31574 20116 I qtaguid : Failed write_ctrl(u 80) res=-1 errno=22
06-26 14:47:31.593 31574 20116 I qtaguid : Untagging socket 80 failed errno=-22
06-26 14:47:31.593 31574 20116 W NetworkManagementSocketTagger: untagSocket(80) failed with errno -22
06-26 14:47:31.632   142   198 D ConnectivityService: handleInetConditionChange: no active default network - ignore
06-26 14:47:31.656 19235 20104 W System.err: javax.net.ssl.SSLException: Read error: ssl=0x637470: I/O error during system call, Connection timed out
06-26 14:47:31.699 19235 20104 W System.err: 	at org.apache.harmony.xnet.provider.jsse.NativeCrypto.SSL_read(Native Method)
06-26 14:47:31.699 19235 20104 W System.err: 	at org.apache.harmony.xnet.provider.jsse.OpenSSLSocketImpl$SSLInputStream.read(OpenSSLSocketImpl.java:671)
06-26 14:47:31.699 19235 20104 W System.err: 	at java.io.InputStreamReader.read(InputStreamReader.java:244)
06-26 14:47:31.699 19235 20104 W System.err: 	at java.io.BufferedReader.read(BufferedReader.java:310)
06-26 14:47:31.699 19235 20104 W System.err: 	at org.jivesoftware.smack.XMPPConnection$AliveReader.read(XMPPConnection.java:1067)
06-26 14:47:31.703 19235 20104 W System.err: 	at org.kxml2.io.KXmlParser.fillBuffer(KXmlParser.java:1496)
06-26 14:47:31.703 19235 20104 W System.err: 	at org.kxml2.io.KXmlParser.peekType(KXmlParser.java:979)
06-26 14:47:31.703 19235 20104 W System.err: 	at org.kxml2.io.KXmlParser.next(KXmlParser.java:346)
06-26 14:47:31.703 19235 20104 W System.err: 	at org.kxml2.io.KXmlParser.next(KXmlParser.java:310)
06-26 14:47:31.703 19235 20104 W System.err: 	at org.jivesoftware.smack.PacketReader.parsePackets(PacketReader.java:321)
06-26 14:47:31.703 19235 20104 W System.err: 	at org.jivesoftware.smack.PacketReader.access$1(PacketReader.java:216)
06-26 14:47:31.703 19235 20104 W System.err: 	at org.jivesoftware.smack.PacketReader$1.run(PacketReader.java:70)
06-26 14:47:32.472 18999 18999 D wpa_supplicant: RTM_NEWLINK: operstate=0 ifi_flags=0x11003 ([UP][LOWER_UP])
06-26 14:47:32.472 18999 18999 D wpa_supplicant: RTM_NEWLINK, IFLA_IFNAME: Interface 'wlan0' added
06-26 14:47:32.472 18999 18999 D wpa_supplicant: Wireless event: cmd=0x8b19 len=8
06-26 14:47:32.472 18999 18999 D wpa_supplicant: Received 933 bytes of scan results (4 BSSes)
06-26 14:47:32.472 18999 18999 D wpa_supplicant: Removed BSSID 00:22:be:93:01:10 from blacklist (clear)
06-26 14:47:32.582 18999 18999 D wpa_supplicant: EAPOL: Supplicant port status: Unauthorized
06-26 14:47:32.675 17289 17302 I PhoneLab-: Service Running
06-26 14:47:32.793 17289 17292 D dalvikvm: GC_CONCURRENT freed 892K, 18% free 9180K/11143K, paused 4ms+3ms
06-26 14:47:32.808 17289 17302 I PhoneLab-LoggerService: app_37    1165  1     2184   1744  c00f181c 400107b4 S logcat
06-26 14:47:32.808 17289 17302 I PhoneLab-LoggerService: Logcat pid from database 1165
06-26 14:47:32.808 17289 17302 I PhoneLab-LoggerService: Logcat process found 1165
06-26 14:47:32.808 17289 17302 I PhoneLab-LoggerService: Checking Threshold
06-26 14:47:32.808 17289 17302 I PhoneLab-LoggerService: Starting to rename files
06-26 14:47:32.812 17289 17302 I PhoneLab-LoggerService: Files found .. 2
06-26 14:47:32.812 17289 17302 I PhoneLab-LoggerService: File 1 log.out.1
06-26 14:47:32.879 17289 17302 I PhoneLab-LoggerService: Renamed successfully
06-26 14:47:32.921   334   334 D SAN_SERVICE: *******************************************
06-26 14:47:32.921   334   334 D SAN_SERVICE: DM App Phone Service State - 0
06-26 14:47:32.921   334   334 D SAN_SERVICE: *******************************************
06-26 14:47:33.441   334   334 D SAN_SERVICE: *******************************************
06-26 14:47:33.441   334   334 D SAN_SERVICE: DM App Phone Service State - 0
06-26 14:47:33.441   334   334 D SAN_SERVICE: *******************************************
06-26 14:47:33.586 18999 18999 D wpa_supplicant: EAPOL: Supplicant port status: Unauthorized
06-26 14:47:34.351   142   202 D Tethering: MasterInitialState.processMessage what=3
06-26 14:47:34.472 18685 18685 I MediaUploader: No need to wake up
06-26 14:47:34.476 17289 17289 I PhoneLab-WiFiReceiver: Wi-Fi is disconnected!
06-26 14:47:34.507 18597 18704 D PicasaSyncManager: active network: null
06-26 14:47:34.507 18597 18704 D PicasaSyncManager: background data: true
06-26 14:47:34.586 18999 18999 D wpa_supplicant: EAPOL: Supplicant port status: Unauthorized
06-26 14:47:35.586 18999 18999 D wpa_supplicant: EAPOL: Supplicant port status: Unauthorized
06-26 14:47:36.586 18999 18999 D wpa_supplicant: EAPOL: Supplicant port status: Unauthorized
06-26 14:47:37.589 18999 18999 D wpa_supplicant: EAPOL: Supplicant port status: Unauthorized
06-26 14:47:37.836 18999 18999 D wpa_supplicant: Ignore event for foreign ifindex 2
06-26 14:47:37.933   142   198 D ConnectivityService: ConnectivityChange for mobile: CONNECTED/CONNECTED
06-26 14:47:38.027   142   194 D NetworkPolicy: applying policy NetworkPolicy[NetworkTemplate: matchRule=MOBILE_ALL, subscriberId=valid]: cycleDay=20, warningBytes=2147483648, limitBytes=-1, lastSnooze=-1 to ifaces [rmnet0]
06-26 14:47:38.589 18999 18999 D wpa_supplicant: EAPOL: Supplicant port status: Unauthorized
06-26 14:47:38.933   142   198 D ConnectivityService: NetTransition Wakelock for WifiStateMachine released by timeout
06-26 14:47:39.257 31574 31574 I GTalkService/c: [AndroidEndpoint@1094854936] connect: acct=1000000, state=CONNECTING
06-26 14:47:39.293 31574 31574 I GTalkService/c: [GTalkConnection@1094572320] connect: acct=1, state=CONNECTING
06-26 14:47:39.433   142   142 D dalvikvm: GC_EXPLICIT freed 1648K, 31% free 16246K/23239K, paused 2ms+8ms
06-26 14:47:39.589 18999 18999 D wpa_supplicant: EAPOL: Supplicant port status: Unauthorized
06-26 14:47:40.519 31574 31576 D dalvikvm: GC_CONCURRENT freed 428K, 7% free 10573K/11271K, paused 7ms+5ms
06-26 14:47:40.589 18999 18999 D wpa_supplicant: EAPOL: Supplicant port status: Unauthorized
06-26 14:47:40.988   142   202 D Tethering: MasterInitialState.processMessage what=3
06-26 14:47:41.074 18685 18685 I MediaUploader: No need to wake up
06-26 14:47:41.121 18597 18704 D PicasaSyncManager: active network: NetworkInfo: type: mobile[CDMA - EvDo rev. A], state: CONNECTED/CONNECTED, reason: (unspecified), extra: , roaming: false, failover: true, isAvailable: true
06-26 14:47:41.129 18597 18704 D PicasaSyncManager: background data: true
06-26 14:47:41.238 18620 18623 D dalvikvm: GC_CONCURRENT freed 512K, 14% free 10755K/12423K, paused 8ms+3ms
06-26 14:47:41.593 18999 18999 D wpa_supplicant: EAPOL: idleWhile --> 0
06-26 14:47:41.593 18999 18999 D wpa_supplicant: EAPOL: disable timer tick
06-26 14:47:41.593 18999 18999 D wpa_supplicant: EAPOL: Supplicant port status: Unauthorized
06-26 14:47:42.285   142   198 D ConnectivityService: handleInetConditionHoldEnd: net=0, condition=100, published condition=0
06-26 14:47:42.586 19235 19237 D dalvikvm: GC_CONCURRENT freed 489K, 7% free 10780K/11527K, paused 2ms+3ms
06-26 14:47:43.152   334   334 D SAN_SERVICE: *******************************************
06-26 14:47:43.152   334   334 D SAN_SERVICE: DM App Phone Service State - 0
06-26 14:47:43.152   334   334 D SAN_SERVICE: *******************************************
06-26 14:47:43.394   334   334 D SAN_SERVICE: *******************************************
06-26 14:47:43.394   334   334 D SAN_SERVICE: DM App Phone Service State - 0
06-26 14:47:43.394   334   334 D SAN_SERVICE: *******************************************
06-26 14:47:43.464 31574 31576 D dalvikvm: JIT code cache reset in 4 ms (1048400 bytes 1/0)
06-26 14:47:43.468 31574 31576 D dalvikvm: GC_CONCURRENT freed 402K, 7% free 10562K/11271K, paused 2ms+8ms
06-26 14:47:43.539 18484 18486 D dalvikvm: GC_CONCURRENT freed 647K, 11% free 10613K/11911K, paused 2ms+4ms
06-26 14:47:47.480 18999 18999 D wpa_supplicant: WPS: Building WPS IE for Probe Request
06-26 14:47:47.480 18999 18999 D wpa_supplicant: WPS:  * Version (hardcoded 0x10)
06-26 14:47:47.480 18999 18999 D wpa_supplicant: WPS:  * Request Type
06-26 14:47:47.480 18999 18999 D wpa_supplicant: WPS:  * Config Methods (2388)
06-26 14:47:47.480 18999 18999 D wpa_supplicant: WPS:  * UUID-E
06-26 14:47:47.480 18999 18999 D wpa_supplicant: WPS:  * Primary Device Type
06-26 14:47:47.480 18999 18999 D wpa_supplicant: WPS:  * RF Bands (3)
06-26 14:47:47.480 18999 18999 D wpa_supplicant: WPS:  * Association State
06-26 14:47:47.480 18999 18999 D wpa_supplicant: WPS:  * Configuration Error (0)
06-26 14:47:47.480 18999 18999 D wpa_supplicant: WPS:  * Device Password ID (0)
06-26 14:47:47.480 18999 18999 D wpa_supplicant: WPS:  * Manufacturer
06-26 14:47:47.480 18999 18999 D wpa_supplicant: WPS:  * Model Name
06-26 14:47:47.480 18999 18999 D wpa_supplicant: WPS:  * Model Number
06-26 14:47:47.480 18999 18999 D wpa_supplicant: WPS:  * Device Name
06-26 14:47:47.480 18999 18999 D wpa_supplicant: WPS:  * Version2 (0x20)
06-26 14:47:47.480 18999 18999 D wpa_supplicant: wpa_driver_wext_combo_scan: Start
06-26 14:47:47.480 18999 18999 D wpa_supplicant: For Scan: (null)
06-26 14:47:47.488 18999 18999 D wpa_supplicant: Scan requested (ret=0) - scan timeout 30 seconds
06-26 14:47:48.441   334   334 D SAN_SERVICE: *******************************************
06-26 14:47:48.441   334   334 D SAN_SERVICE: DM App Phone Service State - 0
06-26 14:47:48.441   334   334 D SAN_SERVICE: *******************************************
06-26 14:47:48.652 18999 18999 D wpa_supplicant: RTM_NEWLINK: operstate=0 ifi_flags=0x11003 ([UP][LOWER_UP])
06-26 14:47:48.652 18999 18999 D wpa_supplicant: RTM_NEWLINK, IFLA_IFNAME: Interface 'wlan0' added
06-26 14:47:48.656 18999 18999 D wpa_supplicant: Wireless event: cmd=0x8b19 len=8
06-26 14:47:48.664 18999 18999 D wpa_supplicant: Received 933 bytes of scan results (4 BSSes)
06-26 14:47:48.937 19235 20160 W System.err: java.lang.InterruptedException
06-26 14:47:48.945 19235 20160 W System.err: 	at java.util.concurrent.locks.AbstractQueuedSynchronizer.acquireInterruptibly(AbstractQueuedSynchronizer.java:1198)
06-26 14:47:48.961 19235 20160 W System.err: 	at java.util.concurrent.locks.ReentrantLock.lockInterruptibly(ReentrantLock.java:311)
06-26 14:47:48.964 19235 20160 W System.err: 	at java.util.concurrent.LinkedBlockingQueue.put(LinkedBlockingQueue.java:309)
06-26 14:47:48.964 19235 20160 W System.err: 	at org.jivesoftware.smack.PacketWriter.sendPacket(PacketWriter.java:156)
06-26 14:47:48.968 19235 20160 W System.err: 	at org.jivesoftware.smack.XMPPConnection.shutdown(XMPPConnection.java:410)
06-26 14:47:48.968 19235 20160 W System.err: 	at org.jivesoftware.smack.XMPPConnection.disconnect(XMPPConnection.java:465)
06-26 14:47:48.972 19235 20160 W System.err: 	at org.jivesoftware.smack.Connection.disconnect(Connection.java:476)
06-26 14:47:48.972 19235 20160 W System.err: 	at com.xabber.android.data.connection.ConnectionThread.authorization(ConnectionThread.java:243)
06-26 14:47:48.976 19235 20160 W System.err: 	at com.xabber.android.data.connection.ConnectionThread.access$5(ConnectionThread.java:207)
06-26 14:47:48.976 19235 20160 W System.err: 	at com.xabber.android.data.connection.ConnectionThread$7.run(ConnectionThread.java:197)
06-26 14:47:48.980 19235 20160 W System.err: 	at com.xabber.android.data.connection.ConnectionThread$13.run(ConnectionThread.java:362)
06-26 14:47:48.980 19235 20160 W System.err: 	at java.util.concurrent.Executors$RunnableAdapter.call(Executors.java:442)
06-26 14:47:48.984 19235 20160 W System.err: 	at java.util.concurrent.FutureTask$Sync.innerRun(FutureTask.java:305)
06-26 14:47:48.984 19235 20160 W System.err: 	at java.util.concurrent.FutureTask.run(FutureTask.java:137)
06-26 14:47:48.984 19235 20160 W System.err: 	at java.util.concurrent.ThreadPoolExecutor.runWorker(ThreadPoolExecutor.java:1076)
06-26 14:47:48.988 19235 20160 W System.err: 	at java.util.concurrent.ThreadPoolExecutor$Worker.run(ThreadPoolExecutor.java:569)
06-26 14:47:48.992 19235 20160 W System.err: 	at java.lang.Thread.run(Thread.java:856)
06-26 14:47:49.156 31574 31576 D dalvikvm: GC_CONCURRENT freed 318K, 6% free 10631K/11271K, paused 2ms+6ms
06-26 14:47:49.464   785   787 D dalvikvm: GC_CONCURRENT freed 406K, 14% free 9934K/11527K, paused 1ms+9ms
06-26 14:47:50.093 31574 20155 D dalvikvm: GC_EXPLICIT freed 223K, 7% free 10584K/11271K, paused 2ms+4ms
06-26 14:47:52.136 19235 19237 D dalvikvm: GC_CONCURRENT freed 467K, 7% free 10777K/11527K, paused 3ms+3ms
06-26 14:47:58.277 19235 20168 W System.err: java.lang.InterruptedException
06-26 14:47:58.277 19235 20168 W System.err: 	at java.util.concurrent.locks.AbstractQueuedSynchronizer.acquireInterruptibly(AbstractQueuedSynchronizer.java:1198)
06-26 14:47:58.277 19235 20168 W System.err: 	at java.util.concurrent.locks.ReentrantLock.lockInterruptibly(ReentrantLock.java:311)
06-26 14:47:58.277 19235 20168 W System.err: 	at java.util.concurrent.LinkedBlockingQueue.put(LinkedBlockingQueue.java:309)
06-26 14:47:58.277 19235 20168 W System.err: 	at org.jivesoftware.smack.PacketWriter.sendPacket(PacketWriter.java:156)
06-26 14:47:58.277 19235 20168 W System.err: 	at org.jivesoftware.smack.XMPPConnection.shutdown(XMPPConnection.java:410)
06-26 14:47:58.277 19235 20168 W System.err: 	at org.jivesoftware.smack.XMPPConnection.disconnect(XMPPConnection.java:465)
06-26 14:47:58.277 19235 20168 W System.err: 	at org.jivesoftware.smack.Connection.disconnect(Connection.java:476)
06-26 14:47:58.277 19235 20168 W System.err: 	at com.xabber.android.data.connection.ConnectionThread.authorization(ConnectionThread.java:243)
06-26 14:47:58.277 19235 20168 W System.err: 	at com.xabber.android.data.connection.ConnectionThread.access$5(ConnectionThread.java:207)
06-26 14:47:58.277 19235 20168 W System.err: 	at com.xabber.android.data.connection.ConnectionThread$7.run(ConnectionThread.java:197)
06-26 14:47:58.277 19235 20168 W System.err: 	at com.xabber.android.data.connection.ConnectionThread$13.run(ConnectionThread.java:362)
06-26 14:47:58.277 19235 20168 W System.err: 	at java.util.concurrent.Executors$RunnableAdapter.call(Executors.java:442)
06-26 14:47:58.277 19235 20168 W System.err: 	at java.util.concurrent.FutureTask$Sync.innerRun(FutureTask.java:305)
06-26 14:47:58.277 19235 20168 W System.err: 	at java.util.concurrent.FutureTask.run(FutureTask.java:137)
06-26 14:47:58.281 19235 20168 W System.err: 	at java.util.concurrent.ThreadPoolExecutor.runWorker(ThreadPoolExecutor.java:1076)
06-26 14:47:58.281 19235 20168 W System.err: 	at java.util.concurrent.ThreadPoolExecutor$Worker.run(ThreadPoolExecutor.java:569)
06-26 14:47:58.281 19235 20168 W System.err: 	at java.lang.Thread.run(Thread.java:856)
06-26 14:48:01.441 18999 18999 D wpa_supplicant: wpa_driver_wext_driver_cmd SETSUSPENDOPT 0 len = 4096
06-26 14:48:01.441 18999 18999 D wpa_supplicant: wpa_driver_wext_driver_cmd SETSUSPENDOPT 0 len = 0, 15
06-26 14:48:01.441 18999 18999 D wpa_supplicant: wpa_driver_wext_driver_cmd POWERMODE 0 len = 4096
06-26 14:48:01.441 18999 18999 D wpa_supplicant: wpa_driver_wext_driver_cmd OK len = 0, 2
06-26 14:48:01.546 19196 19199 D dalvikvm: GC_CONCURRENT freed 1024K, 13% free 10718K/12295K, paused 1ms+5ms
06-26 14:48:01.648   142 15304 D dalvikvm: GC_EXPLICIT freed 417K, 31% free 16207K/23239K, paused 3ms+8ms
06-26 14:48:01.675 18999 18999 D wpa_supplicant: wpa_driver_wext_driver_cmd SETSUSPENDOPT 0 len = 4096
06-26 14:48:01.675 18999 18999 D wpa_supplicant: wpa_driver_wext_driver_cmd SETSUSPENDOPT 0 len = 0, 15
06-26 14:48:01.675 18999 18999 D wpa_supplicant: wpa_driver_wext_driver_cmd POWERMODE 0 len = 4096
06-26 14:48:01.675 18999 18999 D wpa_supplicant: wpa_driver_wext_driver_cmd OK len = 0, 2
06-26 14:48:01.754  1017  1019 D dalvikvm: GC_CONCURRENT freed 448K, 9% free 10310K/11207K, paused 2ms+3ms
06-26 14:48:02.074 19235 19237 D dalvikvm: GC_CONCURRENT freed 473K, 6% free 10855K/11527K, paused 2ms+2ms
06-26 14:48:03.683 18999 18999 D wpa_supplicant: WPS: Building WPS IE for Probe Request
06-26 14:48:03.683 18999 18999 D wpa_supplicant: WPS:  * Version (hardcoded 0x10)
06-26 14:48:03.683 18999 18999 D wpa_supplicant: WPS:  * Request Type
06-26 14:48:03.683 18999 18999 D wpa_supplicant: WPS:  * Config Methods (2388)
06-26 14:48:03.683 18999 18999 D wpa_supplicant: WPS:  * UUID-E
06-26 14:48:03.683 18999 18999 D wpa_supplicant: WPS:  * Primary Device Type
06-26 14:48:03.683 18999 18999 D wpa_supplicant: WPS:  * RF Bands (3)
06-26 14:48:03.683 18999 18999 D wpa_supplicant: WPS:  * Association State
06-26 14:48:03.683 18999 18999 D wpa_supplicant: WPS:  * Configuration Error (0)
06-26 14:48:03.683 18999 18999 D wpa_supplicant: WPS:  * Device Password ID (0)
06-26 14:48:03.683 18999 18999 D wpa_supplicant: WPS:  * Manufacturer
06-26 14:48:03.683 18999 18999 D wpa_supplicant: WPS:  * Model Name
06-26 14:48:03.683 18999 18999 D wpa_supplicant: WPS:  * Model Number
06-26 14:48:03.683 18999 18999 D wpa_supplicant: WPS:  * Device Name
06-26 14:48:03.683 18999 18999 D wpa_supplicant: WPS:  * Version2 (0x20)
06-26 14:48:03.683 18999 18999 D wpa_supplicant: wpa_driver_wext_combo_scan: Start
06-26 14:48:03.683 18999 18999 D wpa_supplicant: For Scan: (null)
06-26 14:48:03.695 18999 18999 D wpa_supplicant: Scan requested (ret=0) - scan timeout 30 seconds
06-26 14:48:03.707   334   334 D SAN_SERVICE: *******************************************
06-26 14:48:03.707   334   334 D SAN_SERVICE: DM App Phone Service State - 0
06-26 14:48:03.707   334   334 D SAN_SERVICE: *******************************************
06-26 14:48:04.449   334   334 D SAN_SERVICE: *******************************************
06-26 14:48:04.449   334   334 D SAN_SERVICE: DM App Phone Service State - 0
06-26 14:48:04.449   334   334 D SAN_SERVICE: *******************************************
06-26 14:48:04.867 18999 18999 D wpa_supplicant: RTM_NEWLINK: operstate=0 ifi_flags=0x11003 ([UP][LOWER_UP])
06-26 14:48:04.867 18999 18999 D wpa_supplicant: RTM_NEWLINK, IFLA_IFNAME: Interface 'wlan0' added
06-26 14:48:04.867 18999 18999 D wpa_supplicant: Wireless event: cmd=0x8b19 len=8
06-26 14:48:04.875 18999 18999 D wpa_supplicant: Received 933 bytes of scan results (4 BSSes)
06-26 14:48:05.035   211   214 D dalvikvm: GC_CONCURRENT freed 533K, 53% free 10230K/21639K, paused 13ms+4ms
06-26 14:48:05.156   211   214 D dalvikvm: GC_CONCURRENT freed 207K, 52% free 10468K/21639K, paused 1ms+3ms
06-26 14:48:05.285   211   214 D dalvikvm: GC_CONCURRENT freed 525K, 53% free 10378K/21639K, paused 3ms+5ms
06-26 14:48:06.035   142   169 I power   : *** set_screen_state 0
06-26 14:48:06.089    78   118 D SurfaceFlinger: About to give-up screen, flinger = 0x1d12918
06-26 14:48:06.171 18484 18484 D vclib:CallStateClient: stopListening
06-26 14:48:06.199   348  2857 D NfcService: NFC-C OFF, disconnect
06-26 14:48:06.207   142   173 V TransportControlView: Create TCV com.android.internal.widget.TransportControlView@4174f4c0
06-26 14:48:06.418   211   211 D PhoneStatusBar: disable: < EXPAND* icons alerts TICKER* system_info back home RECENT* clock >
06-26 14:48:06.488   211   211 D PhoneStatusBar: disable: < EXPAND icons alerts TICKER system_info BACK* HOME* RECENT CLOCK* >
06-26 14:48:14.015   142   173 I power   : *** set_screen_state 1
06-26 14:48:14.019 18484 18484 D vclib:CallStateClient: startListening
06-26 14:48:14.074 18999 18999 D wpa_supplicant: wpa_driver_wext_driver_cmd SETSUSPENDOPT 0 len = 4096
06-26 14:48:14.074 18999 18999 D wpa_supplicant: wpa_driver_wext_driver_cmd SETSUSPENDOPT 0 len = 0, 15
06-26 14:48:14.074 18999 18999 D wpa_supplicant: wpa_driver_wext_driver_cmd POWERMODE 0 len = 4096
06-26 14:48:14.078 18999 18999 D wpa_supplicant: wpa_driver_wext_driver_cmd OK len = 0, 2
06-26 14:48:14.129   142   173 I WindowManager: Lock screen displayed!
06-26 14:48:14.222    78   118 D SurfaceFlinger: Screen about to return, flinger = 0x1d12918
06-26 14:48:14.476   142   144 D dalvikvm: GC_CONCURRENT freed 450K, 25% free 17458K/23239K, paused 8ms+21ms
06-26 14:48:14.601 19235 20173 W System.err: java.lang.InterruptedException
06-26 14:48:14.629 19235 20173 W System.err: 	at java.util.concurrent.locks.AbstractQueuedSynchronizer.acquireInterruptibly(AbstractQueuedSynchronizer.java:1198)
06-26 14:48:14.629 19235 20173 W System.err: 	at java.util.concurrent.locks.ReentrantLock.lockInterruptibly(ReentrantLock.java:311)
06-26 14:48:14.629 19235 20173 W System.err: 	at java.util.concurrent.LinkedBlockingQueue.put(LinkedBlockingQueue.java:309)
06-26 14:48:14.632 19235 20173 W System.err: 	at org.jivesoftware.smack.PacketWriter.sendPacket(PacketWriter.java:156)
06-26 14:48:14.636 19235 20173 W System.err: 	at org.jivesoftware.smack.XMPPConnection.shutdown(XMPPConnection.java:410)
06-26 14:48:14.636 19235 20173 W System.err: 	at org.jivesoftware.smack.XMPPConnection.disconnect(XMPPConnection.java:465)
06-26 14:48:14.640 19235 20173 W System.err: 	at org.jivesoftware.smack.Connection.disconnect(Connection.java:476)
06-26 14:48:14.644 19235 20173 W System.err: 	at com.xabber.android.data.connection.ConnectionThread.authorization(ConnectionThread.java:243)
06-26 14:48:14.648 19235 20173 W System.err: 	at com.xabber.android.data.connection.ConnectionThread.access$5(ConnectionThread.java:207)
06-26 14:48:14.652 19235 20173 W System.err: 	at com.xabber.android.data.connection.ConnectionThread$7.run(ConnectionThread.java:197)
06-26 14:48:14.652 19235 20173 W System.err: 	at com.xabber.android.data.connection.ConnectionThread$13.run(ConnectionThread.java:362)
06-26 14:48:14.656 19235 20173 W System.err: 	at java.util.concurrent.Executors$RunnableAdapter.call(Executors.java:442)
06-26 14:48:14.660 19235 20173 W System.err: 	at java.util.concurrent.FutureTask$Sync.innerRun(FutureTask.java:305)
06-26 14:48:14.660 19235 20173 W System.err: 	at java.util.concurrent.FutureTask.run(FutureTask.java:137)
06-26 14:48:14.668 19235 20173 W System.err: 	at java.util.concurrent.ThreadPoolExecutor.runWorker(ThreadPoolExecutor.java:1076)
06-26 14:48:14.668 19235 20173 W System.err: 	at java.util.concurrent.ThreadPoolExecutor$Worker.run(ThreadPoolExecutor.java:569)
06-26 14:48:14.672 19235 20173 W System.err: 	at java.lang.Thread.run(Thread.java:856)
06-26 14:48:14.754 18484 18486 D dalvikvm: GC_CONCURRENT freed 472K, 12% free 10556K/11911K, paused 7ms+4ms
06-26 14:48:18.437    84    84 I keystore: uid: 1000 action: p -> 1 state: 1 -> 1 retry: 4
06-26 14:48:18.453   211   211 D PhoneStatusBar: disable: < expand* icons alerts ticker* system_info BACK HOME recent* CLOCK >
06-26 14:48:18.461   348   949 D NfcService: NFC-C ON
06-26 14:48:18.476   142   153 W InputManagerService: Window already focused, ignoring focus gain of: com.android.internal.view.IInputMethodClient$Stub$Proxy@41677a18
06-26 14:48:18.492   211   211 D PhoneStatusBar: disable: < expand icons alerts ticker system_info back* home* recent clock* >
06-26 14:48:19.218   334   334 D SAN_SERVICE: *******************************************
06-26 14:48:19.218   334   334 D SAN_SERVICE: DM App Phone Service State - 0
06-26 14:48:19.218   334   334 D SAN_SERVICE: *******************************************
06-26 14:48:19.882 18999 18999 D wpa_supplicant: WPS: Building WPS IE for Probe Request
06-26 14:48:19.882 18999 18999 D wpa_supplicant: WPS:  * Version (hardcoded 0x10)
06-26 14:48:19.882 18999 18999 D wpa_supplicant: WPS:  * Request Type
06-26 14:48:19.882 18999 18999 D wpa_supplicant: WPS:  * Config Methods (2388)
06-26 14:48:19.882 18999 18999 D wpa_supplicant: WPS:  * UUID-E
06-26 14:48:19.882 18999 18999 D wpa_supplicant: WPS:  * Primary Device Type
06-26 14:48:19.882 18999 18999 D wpa_supplicant: WPS:  * RF Bands (3)
06-26 14:48:19.882 18999 18999 D wpa_supplicant: WPS:  * Association State
06-26 14:48:19.882 18999 18999 D wpa_supplicant: WPS:  * Configuration Error (0)
06-26 14:48:19.882 18999 18999 D wpa_supplicant: WPS:  * Device Password ID (0)
06-26 14:48:19.882 18999 18999 D wpa_supplicant: WPS:  * Manufacturer
06-26 14:48:19.882 18999 18999 D wpa_supplicant: WPS:  * Model Name
06-26 14:48:19.882 18999 18999 D wpa_supplicant: WPS:  * Model Number
06-26 14:48:19.882 18999 18999 D wpa_supplicant: WPS:  * Device Name
06-26 14:48:19.882 18999 18999 D wpa_supplicant: WPS:  * Version2 (0x20)
06-26 14:48:19.882 18999 18999 D wpa_supplicant: wpa_driver_wext_combo_scan: Start
06-26 14:48:19.882 18999 18999 D wpa_supplicant: For Scan: (null)
06-26 14:48:19.898 18999 18999 D wpa_supplicant: Scan requested (ret=0) - scan timeout 30 seconds
06-26 14:48:20.039 19235 19237 D dalvikvm: GC_CONCURRENT freed 606K, 7% free 10791K/11527K, paused 20ms+2ms
06-26 14:48:20.601   785   787 D dalvikvm: GC_CONCURRENT freed 410K, 15% free 9907K/11527K, paused 2ms+3ms
06-26 14:48:21.066 18999 18999 D wpa_supplicant: RTM_NEWLINK: operstate=0 ifi_flags=0x11003 ([UP][LOWER_UP])
06-26 14:48:21.066 18999 18999 D wpa_supplicant: RTM_NEWLINK, IFLA_IFNAME: Interface 'wlan0' added
06-26 14:48:21.066 18999 18999 D wpa_supplicant: Wireless event: cmd=0x8b19 len=8
06-26 14:48:21.066 18999 18999 D wpa_supplicant: Received 933 bytes of scan results (4 BSSes)
06-26 14:48:21.332   142   293 W InputManagerService: Window already focused, ignoring focus gain of: com.android.internal.view.IInputMethodClient$Stub$Proxy@4132e150
06-26 14:48:21.937 19235 20185 D dalvikvm: GC_FOR_ALLOC freed 232K, 7% free 10765K/11527K, paused 54ms
06-26 14:48:22.289   142   177 I ActivityManager: START {act=android.intent.action.MAIN cat=[android.intent.category.HOME] flg=0x10200000 cmp=com.android.launcher/com.android.launcher2.Launcher} from pid 142
06-26 14:48:22.402 18484 18484 D OpenGLRenderer: Flushing caches (mode 0)
06-26 14:48:22.425 18484 18484 W IInputConnectionWrapper: showStatusIcon on inactive InputConnection
06-26 14:48:22.425   142 30604 W InputManagerService: Starting input on non-focused client com.android.internal.view.IInputMethodClient$Stub$Proxy@41559f60 (uid=10045 pid=18484)
06-26 14:48:22.449 18484 18484 D vclib:CallStateClient: stopListening
06-26 14:48:22.453 18484 18484 D OpenGLRenderer: Flushing caches (mode 1)
06-26 14:48:22.515   142   177 I ActivityManager: START {act=android.intent.action.MAIN cat=[android.intent.category.HOME] flg=0x10200000 cmp=com.android.launcher/com.android.launcher2.Launcher} from pid 142
06-26 14:48:22.746   142   177 I ActivityManager: START {act=android.intent.action.MAIN cat=[android.intent.category.HOME] flg=0x10200000 cmp=com.android.launcher/com.android.launcher2.Launcher} from pid 142
06-26 14:48:23.855   142   169 I power   : *** set_screen_state 0
06-26 14:48:23.894    78   118 D SurfaceFlinger: About to give-up screen, flinger = 0x1d12918
06-26 14:48:23.929   348  2652 D NfcService: NFC-C OFF, disconnect
06-26 14:48:23.965   142   173 V TransportControlView: Create TCV com.android.internal.widget.TransportControlView@41a82a10
06-26 14:48:24.035   211   211 D PhoneStatusBar: disable: < EXPAND* icons alerts TICKER* system_info back home RECENT* clock >
06-26 14:48:24.054   211   211 D PhoneStatusBar: disable: < EXPAND icons alerts TICKER system_info BACK* HOME* RECENT CLOCK* >
06-26 14:48:24.519   334   334 D SAN_SERVICE: *******************************************
06-26 14:48:24.519   334   334 D SAN_SERVICE: DM App Phone Service State - 0
06-26 14:48:24.519   334   334 D SAN_SERVICE: *******************************************
06-26 14:48:25.250   334   334 D SAN_SERVICE: *******************************************
06-26 14:48:25.250   334   334 D SAN_SERVICE: DM App Phone Service State - 0
06-26 14:48:25.250   334   334 D SAN_SERVICE: *******************************************
06-26 14:49:01.484 18999 18999 D wpa_supplicant: wpa_driver_wext_driver_cmd SETSUSPENDOPT 0 len = 4096
06-26 14:49:01.488 18999 18999 D wpa_supplicant: wpa_driver_wext_driver_cmd SETSUSPENDOPT 0 len = 0, 15
06-26 14:49:01.488 18999 18999 D wpa_supplicant: WPS: Building WPS IE for Probe Request
06-26 14:49:01.488 18999 18999 D wpa_supplicant: WPS:  * Version (hardcoded 0x10)
06-26 14:49:01.488 18999 18999 D wpa_supplicant: WPS:  * Request Type
06-26 14:49:01.488 18999 18999 D wpa_supplicant: WPS:  * Config Methods (2388)
06-26 14:49:01.488 18999 18999 D wpa_supplicant: WPS:  * UUID-E
06-26 14:49:01.488 18999 18999 D wpa_supplicant: WPS:  * Primary Device Type
06-26 14:49:01.488 18999 18999 D wpa_supplicant: WPS:  * RF Bands (3)
06-26 14:49:01.488 18999 18999 D wpa_supplicant: WPS:  * Association State
06-26 14:49:01.488 18999 18999 D wpa_supplicant: WPS:  * Configuration Error (0)
06-26 14:49:01.488 18999 18999 D wpa_supplicant: WPS:  * Device Password ID (0)
06-26 14:49:01.488 18999 18999 D wpa_supplicant: WPS:  * Manufacturer
06-26 14:49:01.488 18999 18999 D wpa_supplicant: WPS:  * Model Name
06-26 14:49:01.488 18999 18999 D wpa_supplicant: WPS:  * Model Number
06-26 14:49:01.488 18999 18999 D wpa_supplicant: WPS:  * Device Name
06-26 14:49:01.488 18999 18999 D wpa_supplicant: WPS:  * Version2 (0x20)
06-26 14:49:01.488 18999 18999 D wpa_supplicant: wpa_driver_wext_combo_scan: Start
06-26 14:49:01.488 18999 18999 D wpa_supplicant: For Scan: (null)
06-26 14:49:01.492 18999 18999 D wpa_supplicant: Scan requested (ret=0) - scan timeout 30 seconds
06-26 14:49:01.492 18999 18999 D wpa_supplicant: wpa_driver_wext_driver_cmd POWERMODE 0 len = 4096
06-26 14:49:01.500 18999 18999 D wpa_supplicant: wpa_driver_wext_driver_cmd OK len = 0, 2
06-26 14:49:01.574 18999 18999 D wpa_supplicant: wpa_driver_wext_driver_cmd SETSUSPENDOPT 0 len = 4096
06-26 14:49:01.574 18999 18999 D wpa_supplicant: wpa_driver_wext_driver_cmd SETSUSPENDOPT 0 len = 0, 15
06-26 14:49:01.574 18999 18999 D wpa_supplicant: wpa_driver_wext_driver_cmd POWERMODE 0 len = 4096
06-26 14:49:01.578 18999 18999 D wpa_supplicant: wpa_driver_wext_driver_cmd OK len = 0, 2
06-26 14:49:01.648  1017  1019 D dalvikvm: GC_CONCURRENT freed 437K, 9% free 10292K/11207K, paused 2ms+2ms
06-26 14:49:03.019 18999 18999 D wpa_supplicant: RTM_NEWLINK: operstate=0 ifi_flags=0x11003 ([UP][LOWER_UP])
06-26 14:49:03.019 18999 18999 D wpa_supplicant: RTM_NEWLINK, IFLA_IFNAME: Interface 'wlan0' added
06-26 14:49:03.019 18999 18999 D wpa_supplicant: Wireless event: cmd=0x8b19 len=8
06-26 14:49:03.019 18999 18999 D wpa_supplicant: Received 933 bytes of scan results (4 BSSes)
06-26 14:50:01.543 18999 18999 D wpa_supplicant: wpa_driver_wext_driver_cmd SETSUSPENDOPT 0 len = 4096
06-26 14:50:01.543 18999 18999 D wpa_supplicant: wpa_driver_wext_driver_cmd SETSUSPENDOPT 0 len = 0, 15
06-26 14:50:01.543 18999 18999 D wpa_supplicant: WPS: Building WPS IE for Probe Request
06-26 14:50:01.543 18999 18999 D wpa_supplicant: WPS:  * Version (hardcoded 0x10)
06-26 14:50:01.543 18999 18999 D wpa_supplicant: WPS:  * Request Type
06-26 14:50:01.543 18999 18999 D wpa_supplicant: WPS:  * Config Methods (2388)
06-26 14:50:01.543 18999 18999 D wpa_supplicant: WPS:  * UUID-E
06-26 14:50:01.543 18999 18999 D wpa_supplicant: WPS:  * Primary Device Type
06-26 14:50:01.543 18999 18999 D wpa_supplicant: WPS:  * RF Bands (3)
06-26 14:50:01.543 18999 18999 D wpa_supplicant: WPS:  * Association State
06-26 14:50:01.543 18999 18999 D wpa_supplicant: WPS:  * Configuration Error (0)
06-26 14:50:01.543 18999 18999 D wpa_supplicant: WPS:  * Device Password ID (0)
06-26 14:50:01.543 18999 18999 D wpa_supplicant: WPS:  * Manufacturer
06-26 14:50:01.543 18999 18999 D wpa_supplicant: WPS:  * Model Name
06-26 14:50:01.543 18999 18999 D wpa_supplicant: WPS:  * Model Number
06-26 14:50:01.543 18999 18999 D wpa_supplicant: WPS:  * Device Name
06-26 14:50:01.543 18999 18999 D wpa_supplicant: WPS:  * Version2 (0x20)
06-26 14:50:01.543 18999 18999 D wpa_supplicant: wpa_driver_wext_combo_scan: Start
06-26 14:50:01.543 18999 18999 D wpa_supplicant: For Scan: (null)
06-26 14:50:01.550 18999 18999 D wpa_supplicant: Scan requested (ret=0) - scan timeout 30 seconds
06-26 14:50:01.550 18999 18999 D wpa_supplicant: wpa_driver_wext_driver_cmd POWERMODE 0 len = 4096
06-26 14:50:01.558 18999 18999 D wpa_supplicant: wpa_driver_wext_driver_cmd OK len = 0, 2
06-26 14:50:01.562 18999 18999 D wpa_supplicant: Ongoing scan action - reject new request
06-26 14:50:01.570   334   334 D SAN_SERVICE: *******************************************
06-26 14:50:01.570   334   334 D SAN_SERVICE: DM App Phone Service State - 0
06-26 14:50:01.570   334   334 D SAN_SERVICE: *******************************************
06-26 14:50:02.109   334   334 D SAN_SERVICE: *******************************************
06-26 14:50:02.109   334   334 D SAN_SERVICE: DM App Phone Service State - 0
06-26 14:50:02.109   334   334 D SAN_SERVICE: *******************************************
06-26 14:50:02.711 18999 18999 D wpa_supplicant: RTM_NEWLINK: operstate=0 ifi_flags=0x11003 ([UP][LOWER_UP])
06-26 14:50:02.711 18999 18999 D wpa_supplicant: RTM_NEWLINK, IFLA_IFNAME: Interface 'wlan0' added
06-26 14:50:02.711 18999 18999 D wpa_supplicant: Wireless event: cmd=0x8b19 len=8
06-26 14:50:02.711 18999 18999 D wpa_supplicant: Received 933 bytes of scan results (4 BSSes)
06-26 14:50:02.847 19196 19199 D dalvikvm: GC_CONCURRENT freed 772K, 15% free 10512K/12295K, paused 1ms+3ms
06-26 14:50:02.863 18999 18999 D wpa_supplicant: wpa_driver_wext_driver_cmd SETSUSPENDOPT 0 len = 4096
06-26 14:50:02.863 18999 18999 D wpa_supplicant: wpa_driver_wext_driver_cmd SETSUSPENDOPT 0 len = 0, 15
06-26 14:50:02.867 18999 18999 D wpa_supplicant: wpa_driver_wext_driver_cmd POWERMODE 0 len = 4096
06-26 14:50:02.875 18999 18999 D wpa_supplicant: wpa_driver_wext_driver_cmd OK len = 0, 2
06-26 14:51:01.144   142   144 D dalvikvm: GC_CONCURRENT freed 1662K, 24% free 17747K/23239K, paused 3ms+8ms
06-26 14:51:01.609 18999 18999 D wpa_supplicant: wpa_driver_wext_driver_cmd SETSUSPENDOPT 0 len = 4096
06-26 14:51:01.609 18999 18999 D wpa_supplicant: wpa_driver_wext_driver_cmd SETSUSPENDOPT 0 len = 0, 15
06-26 14:51:01.609 18999 18999 D wpa_supplicant: WPS: Building WPS IE for Probe Request
06-26 14:51:01.609 18999 18999 D wpa_supplicant: WPS:  * Version (hardcoded 0x10)
06-26 14:51:01.609 18999 18999 D wpa_supplicant: WPS:  * Request Type
06-26 14:51:01.609 18999 18999 D wpa_supplicant: WPS:  * Config Methods (2388)
06-26 14:51:01.609 18999 18999 D wpa_supplicant: WPS:  * UUID-E
06-26 14:51:01.609 18999 18999 D wpa_supplicant: WPS:  * Primary Device Type
06-26 14:51:01.609 18999 18999 D wpa_supplicant: WPS:  * RF Bands (3)
06-26 14:51:01.609 18999 18999 D wpa_supplicant: WPS:  * Association State
06-26 14:51:01.609 18999 18999 D wpa_supplicant: WPS:  * Configuration Error (0)
06-26 14:51:01.609 18999 18999 D wpa_supplicant: WPS:  * Device Password ID (0)
06-26 14:51:01.609 18999 18999 D wpa_supplicant: WPS:  * Manufacturer
06-26 14:51:01.609 18999 18999 D wpa_supplicant: WPS:  * Model Name
06-26 14:51:01.609 18999 18999 D wpa_supplicant: WPS:  * Model Number
06-26 14:51:01.609 18999 18999 D wpa_supplicant: WPS:  * Device Name
06-26 14:51:01.609 18999 18999 D wpa_supplicant: WPS:  * Version2 (0x20)
06-26 14:51:01.609 18999 18999 D wpa_supplicant: wpa_driver_wext_combo_scan: Start
06-26 14:51:01.609 18999 18999 D wpa_supplicant: For Scan: (null)
06-26 14:51:01.613 18999 18999 D wpa_supplicant: Scan requested (ret=0) - scan timeout 30 seconds
06-26 14:51:01.613 18999 18999 D wpa_supplicant: wpa_driver_wext_driver_cmd POWERMODE 0 len = 4096
06-26 14:51:01.621 18999 18999 D wpa_supplicant: wpa_driver_wext_driver_cmd OK len = 0, 2
06-26 14:51:01.621 18999 18999 D wpa_supplicant: Ongoing scan action - reject new request
06-26 14:51:02.773 18999 18999 D wpa_supplicant: RTM_NEWLINK: operstate=0 ifi_flags=0x11003 ([UP][LOWER_UP])
06-26 14:51:02.773 18999 18999 D wpa_supplicant: RTM_NEWLINK, IFLA_IFNAME: Interface 'wlan0' added
06-26 14:51:02.773 18999 18999 D wpa_supplicant: Wireless event: cmd=0x8b19 len=8
06-26 14:51:02.773 18999 18999 D wpa_supplicant: Received 933 bytes of scan results (4 BSSes)
06-26 14:51:02.886 18999 18999 D wpa_supplicant: wpa_driver_wext_driver_cmd SETSUSPENDOPT 0 len = 4096
06-26 14:51:02.886 18999 18999 D wpa_supplicant: wpa_driver_wext_driver_cmd SETSUSPENDOPT 0 len = 0, 15
06-26 14:51:02.890 18999 18999 D wpa_supplicant: wpa_driver_wext_driver_cmd POWERMODE 0 len = 4096
06-26 14:51:02.898 18999 18999 D wpa_supplicant: wpa_driver_wext_driver_cmd OK len = 0, 2
06-26 14:51:02.964  1017  1019 D dalvikvm: GC_CONCURRENT freed 506K, 9% free 10298K/11207K, paused 2ms+2ms
06-26 14:51:12.004 17579 17581 D dalvikvm: GC_CONCURRENT freed 858K, 17% free 11846K/14215K, paused 24ms+3ms
06-26 14:51:13.121   334   334 D SAN_SERVICE: *******************************************
06-26 14:51:13.121   334   334 D SAN_SERVICE: DM App Phone Service State - 0
06-26 14:51:13.121   334   334 D SAN_SERVICE: *******************************************
06-26 14:51:13.882   334   334 D SAN_SERVICE: *******************************************
06-26 14:51:13.882   334   334 D SAN_SERVICE: DM App Phone Service State - 0
06-26 14:51:13.882   334   334 D SAN_SERVICE: *******************************************
06-26 14:51:16.886   211   214 D dalvikvm: GC_CONCURRENT freed 361K, 52% free 10402K/21639K, paused 20ms+3ms
06-26 14:51:40.586 18999 18999 D wpa_supplicant: WPS: Building WPS IE for Probe Request
06-26 14:51:40.586 18999 18999 D wpa_supplicant: WPS:  * Version (hardcoded 0x10)
06-26 14:51:40.586 18999 18999 D wpa_supplicant: WPS:  * Request Type
06-26 14:51:40.589 18999 18999 D wpa_supplicant: WPS:  * Config Methods (2388)
06-26 14:51:40.589 18999 18999 D wpa_supplicant: WPS:  * UUID-E
06-26 14:51:40.589 18999 18999 D wpa_supplicant: WPS:  * Primary Device Type
06-26 14:51:40.589 18999 18999 D wpa_supplicant: WPS:  * RF Bands (3)
06-26 14:51:40.589 18999 18999 D wpa_supplicant: WPS:  * Association State
06-26 14:51:40.589 18999 18999 D wpa_supplicant: WPS:  * Configuration Error (0)
06-26 14:51:40.589 18999 18999 D wpa_supplicant: WPS:  * Device Password ID (0)
06-26 14:51:40.589 18999 18999 D wpa_supplicant: WPS:  * Manufacturer
06-26 14:51:40.589 18999 18999 D wpa_supplicant: WPS:  * Model Name
06-26 14:51:40.589 18999 18999 D wpa_supplicant: WPS:  * Model Number
06-26 14:51:40.589 18999 18999 D wpa_supplicant: WPS:  * Device Name
06-26 14:51:40.589 18999 18999 D wpa_supplicant: WPS:  * Version2 (0x20)
06-26 14:51:40.589 18999 18999 D wpa_supplicant: wpa_driver_wext_combo_scan: Start
06-26 14:51:40.589 18999 18999 D wpa_supplicant: For Scan: (null)
06-26 14:51:40.601 18999 18999 D wpa_supplicant: Scan requested (ret=0) - scan timeout 30 seconds
06-26 14:51:41.761 18999 18999 D wpa_supplicant: RTM_NEWLINK: operstate=0 ifi_flags=0x11003 ([UP][LOWER_UP])
06-26 14:51:41.761 18999 18999 D wpa_supplicant: RTM_NEWLINK, IFLA_IFNAME: Interface 'wlan0' added
06-26 14:51:41.761 18999 18999 D wpa_supplicant: Wireless event: cmd=0x8b19 len=8
06-26 14:51:41.773 18999 18999 D wpa_supplicant: Received 1934 bytes of scan results (9 BSSes)
06-26 14:51:41.796 18999 18999 D wpa_supplicant: wlan0: Request association: reassociate: 0  selected: 00:1a:a2:dd:b1:a0  bssid: 00:00:00:00:00:00  pending: 00:00:00:00:00:00  wpa_state: SCANNING
06-26 14:51:41.796 18999 18999 I wpa_supplicant: wlan0: Trying to associate with 00:1a:a2:dd:b1:a0 (SSID='UB_Secure' freq=2437 MHz)
06-26 14:51:41.796 18999 18999 D wpa_supplicant: wpa_driver_wext_set_operstate: operstate 0->0 (DORMANT)
06-26 14:51:41.800 18999 18999 D wpa_supplicant: netlink: Operstate: linkmode=-1, operstate=5
06-26 14:51:41.800 18999 18999 D wpa_supplicant: wpa_driver_wext_associate
06-26 14:51:41.804 18999 18999 D wpa_supplicant: wpa_driver_wext_set_drop_unencrypted
06-26 14:51:41.808 18999 18999 D wpa_supplicant: wpa_driver_wext_set_psk
06-26 14:51:41.812 18999 18999 D wpa_supplicant: EAPOL: External notification - EAP success=0
06-26 14:51:41.812 18999 18999 D wpa_supplicant: EAPOL: Supplicant port status: Unauthorized
06-26 14:51:41.812 18999 18999 D wpa_supplicant: EAPOL: External notification - EAP fail=0
06-26 14:51:41.812 18999 18999 D wpa_supplicant: EAPOL: Supplicant port status: Unauthorized
06-26 14:51:41.812 18999 18999 D wpa_supplicant: EAPOL: External notification - portControl=Auto
06-26 14:51:41.812 18999 18999 D wpa_supplicant: EAPOL: Supplicant port status: Unauthorized
06-26 14:51:41.812 18999 18999 D wpa_supplicant: RSN: Ignored PMKID candidate without preauth flag
06-26 14:51:41.812 18999 18999 D wpa_supplicant: RTM_NEWLINK: operstate=0 ifi_flags=0x11003 ([UP][LOWER_UP])
06-26 14:51:41.812 18999 18999 D wpa_supplicant: RTM_NEWLINK, IFLA_IFNAME: Interface 'wlan0' added
06-26 14:51:41.812 18999 18999 D wpa_supplicant: Wireless event: cmd=0x8b06 len=8
06-26 14:51:41.812 18999 18999 D wpa_supplicant: RTM_NEWLINK: operstate=0 ifi_flags=0x11003 ([UP][LOWER_UP])
06-26 14:51:41.812 18999 18999 D wpa_supplicant: RTM_NEWLINK, IFLA_IFNAME: Interface 'wlan0' added
