06-20 21:56:16.267  2869  2869 D wpa_supplicant: wpa_driver_wext_driver_cmd raikiri rssi -21  len = 17, 17
06-20 21:56:16.267  2869  2869 D wpa_supplicant: wpa_driver_wext_driver_cmd LINKSPEED len = 248
06-20 21:56:16.271  2869  2869 D wpa_supplicant: wpa_driver_wext_driver_cmd LinkSpeed 72 len = 12, 12
06-20 21:56:16.931 27869 27872 D dalvikvm: GC_CONCURRENT freed 325K, 4% free 11003K/11399K, paused 3ms+4ms
06-20 21:56:17.123 27869 27872 D dalvikvm: GC_CONCURRENT freed 365K, 4% free 11347K/11783K, paused 3ms+3ms
06-20 21:56:17.154 27735 27898 I DownloadManager: deleting /data/data/com.android.providers.downloads/cache/downloadfile.mpga
06-20 21:56:17.189 27735 27899 I DownloadManager: Initiating request for download 424
06-20 21:56:17.646 27735 27737 D dalvikvm: GC_CONCURRENT freed 362K, 6% free 9370K/9863K, paused 10ms+7ms
06-20 21:56:17.806 27869 27872 D dalvikvm: GC_CONCURRENT freed 766K, 7% free 11317K/12167K, paused 3ms+2ms
06-20 21:56:18.295 27903 27903 D dalvikvm: Late-enabling CheckJNI
06-20 21:56:18.299  2360  2377 I ActivityManager: Start proc com.xabber.androiddev for service com.xabber.androiddev/com.xabber.android.service.XMPPService: pid=27903 uid=10063 gids={3003, 1015}
06-20 21:56:18.314 27903 27903 I dalvikvm: Turning on JNI app bug workarounds for target SDK version 9...
06-20 21:56:18.568 27903 27906 D dalvikvm: GC_CONCURRENT freed 223K, 4% free 9312K/9607K, paused 2ms+2ms
06-20 21:56:18.592 27903 27903 D dalvikvm: GC_FOR_ALLOC freed 280K, 6% free 9426K/9927K, paused 14ms
06-20 21:56:18.709 27903 27906 D dalvikvm: GC_CONCURRENT freed 192K, 3% free 9773K/10055K, paused 2ms+2ms
06-20 21:56:18.842 27903 27906 D dalvikvm: GC_CONCURRENT freed 333K, 4% free 9971K/10375K, paused 1ms+1ms
06-20 21:56:19.303  2869  2869 D wpa_supplicant: wpa_driver_wext_driver_cmd RSSI len = 248
06-20 21:56:19.310  2869  2869 D wpa_supplicant: wpa_driver_wext_driver_cmd raikiri rssi -29  len = 17, 17
06-20 21:56:19.310  2869  2869 D wpa_supplicant: wpa_driver_wext_driver_cmd LINKSPEED len = 248
06-20 21:56:19.318  2869  2869 D wpa_supplicant: wpa_driver_wext_driver_cmd LinkSpeed 72 len = 12, 12
06-20 21:56:19.834  2360  2372 I ActivityManager: Process android.process.acore (pid 27536) has died.
06-20 21:56:19.846 27903 27903 I com.xabber.android.service.XMPPService@41348c38: onCreate
06-20 21:56:19.846 27903 27903 I com.xabber.android.data.Application@41331ce8: onStart
06-20 21:56:19.849 27903 27917 I com.xabber.android.data.LogManager@41338c30: onLoad
06-20 21:56:20.217 27903 27906 D dalvikvm: GC_CONCURRENT freed 257K, 4% free 10117K/10503K, paused 2ms+2ms
06-20 21:56:20.596  2360  2536 I ActivityManager: Start proc android.process.acore for content provider com.android.providers.contacts/.ContactsProvider2: pid=27921 uid=10000 gids={3003, 1015}
06-20 21:56:20.639 27921 27921 I ActivityThread: Pub com.android.voicemail: com.android.providers.contacts.VoicemailContentProvider
06-20 21:56:20.685 27921 27921 I ActivityThread: Pub user_dictionary: com.android.providers.userdictionary.UserDictionaryProvider
06-20 21:56:20.697 27921 27921 I ActivityThread: Pub com.android.social: com.android.providers.contacts.SocialProvider
06-20 21:56:20.697 27921 27921 I ActivityThread: Pub applications: com.android.providers.applications.ApplicationsProvider
06-20 21:56:20.779 27921 27921 I ActivityThread: Pub contacts;com.android.contacts: com.android.providers.contacts.ContactsProvider2
06-20 21:56:20.799 27921 27923 D dalvikvm: GC_CONCURRENT freed 355K, 5% free 9181K/9607K, paused 3ms+2ms
06-20 21:56:20.842 27921 27921 I ActivityThread: Pub call_log: com.android.providers.contacts.CallLogProvider
06-20 21:56:21.029 27827 27829 D dalvikvm: GC_CONCURRENT freed 562K, 7% free 9451K/10119K, paused 2ms+3ms
06-20 21:56:21.115 27735 27938 I DownloadManager: deleting /data/data/com.android.providers.downloads/cache/downloadfile-1.jpeg
06-20 21:56:21.162 27827 27829 D dalvikvm: GC_CONCURRENT freed 301K, 6% free 9594K/10119K, paused 2ms+2ms
06-20 21:56:21.892 27735 27940 I DownloadManager: Initiating request for download 425
06-20 21:56:21.955 27921 27923 D dalvikvm: GC_CONCURRENT freed 174K, 4% free 9434K/9735K, paused 3ms+2ms
06-20 21:56:22.326  2869  2869 D wpa_supplicant: wpa_driver_wext_driver_cmd RSSI len = 248
06-20 21:56:22.326  2869  2869 D wpa_supplicant: wpa_driver_wext_driver_cmd raikiri rssi -23  len = 17, 17
06-20 21:56:22.326  2869  2869 D wpa_supplicant: wpa_driver_wext_driver_cmd LINKSPEED len = 248
06-20 21:56:22.326  2869  2869 D wpa_supplicant: wpa_driver_wext_driver_cmd LinkSpeed 72 len = 12, 12
06-20 21:56:22.451 27735 27737 D dalvikvm: GC_CONCURRENT freed 439K, 6% free 9362K/9927K, paused 40ms+109ms
06-20 21:56:24.396 27827 27829 D dalvikvm: GC_CONCURRENT freed 496K, 6% free 9531K/10119K, paused 3ms+16ms
06-20 21:56:24.455 27735 27946 I DownloadManager: deleting /data/data/com.android.providers.downloads/cache/downloadfile.gif
06-20 21:56:24.705 27827 27829 D dalvikvm: GC_CONCURRENT freed 516K, 8% free 9401K/10119K, paused 2ms+162ms
06-20 21:56:25.189 27735 27949 I DownloadManager: Initiating request for download 426
06-20 21:56:25.330  2869  2869 D wpa_supplicant: wpa_driver_wext_driver_cmd RSSI len = 248
06-20 21:56:25.330  2869  2869 D wpa_supplicant: wpa_driver_wext_driver_cmd raikiri rssi -23  len = 17, 17
06-20 21:56:25.330  2869  2869 D wpa_supplicant: wpa_driver_wext_driver_cmd LINKSPEED len = 248
06-20 21:56:25.330  2869  2869 D wpa_supplicant: wpa_driver_wext_driver_cmd LinkSpeed 72 len = 12, 12
06-20 21:56:25.381 27903 27906 D dalvikvm: GC_CONCURRENT freed 149K, 3% free 10412K/10695K, paused 2ms+3ms
06-20 21:56:25.553 27735 27737 D dalvikvm: GC_CONCURRENT freed 421K, 6% free 9385K/9927K, paused 6ms+3ms
06-20 21:56:25.728 27903 27906 D dalvikvm: GC_CONCURRENT freed 254K, 4% free 10574K/10951K, paused 31ms+2ms
06-20 21:56:26.521 27827 27829 D dalvikvm: GC_CONCURRENT freed 268K, 6% free 9561K/10119K, paused 2ms+2ms
06-20 21:56:27.053 27735 27957 I DownloadManager: deleting /data/data/com.android.providers.downloads/cache/downloadfile.txt
06-20 21:56:28.334  2869  2869 D wpa_supplicant: wpa_driver_wext_driver_cmd RSSI len = 248
06-20 21:56:28.342  2869  2869 D wpa_supplicant: wpa_driver_wext_driver_cmd raikiri rssi -22  len = 17, 17
06-20 21:56:28.342  2869  2869 D wpa_supplicant: wpa_driver_wext_driver_cmd LINKSPEED len = 248
06-20 21:56:28.346  2869  2869 D wpa_supplicant: wpa_driver_wext_driver_cmd LinkSpeed 72 len = 12, 12
06-20 21:56:28.486  2869  2869 D wpa_supplicant: wpa_driver_wext_driver_cmd SETSUSPENDOPT 0 len = 4096
06-20 21:56:28.486  2869  2869 D wpa_supplicant: wpa_driver_wext_driver_cmd SETSUSPENDOPT 0 len = 0, 15
06-20 21:56:28.490  2869  2869 D wpa_supplicant: wpa_driver_wext_driver_cmd POWERMODE 0 len = 4096
06-20 21:56:28.490  2869  2869 D wpa_supplicant: wpa_driver_wext_driver_cmd OK len = 0, 2
06-20 21:56:28.490  2869  2869 D wpa_supplicant: WPS: Building WPS IE for Probe Request
06-20 21:56:28.490  2869  2869 D wpa_supplicant: WPS:  * Version (hardcoded 0x10)
06-20 21:56:28.490  2869  2869 D wpa_supplicant: WPS:  * Request Type
06-20 21:56:28.490  2869  2869 D wpa_supplicant: WPS:  * Config Methods (2388)
06-20 21:56:28.490  2869  2869 D wpa_supplicant: WPS:  * UUID-E
06-20 21:56:28.490  2869  2869 D wpa_supplicant: WPS:  * Primary Device Type
06-20 21:56:28.490  2869  2869 D wpa_supplicant: WPS:  * RF Bands (3)
06-20 21:56:28.490  2869  2869 D wpa_supplicant: WPS:  * Association State
06-20 21:56:28.490  2869  2869 D wpa_supplicant: WPS:  * Configuration Error (0)
06-20 21:56:28.490  2869  2869 D wpa_supplicant: WPS:  * Device Password ID (0)
06-20 21:56:28.490  2869  2869 D wpa_supplicant: WPS:  * Manufacturer
06-20 21:56:28.490  2869  2869 D wpa_supplicant: WPS:  * Model Name
06-20 21:56:28.490  2869  2869 D wpa_supplicant: WPS:  * Model Number
06-20 21:56:28.490  2869  2869 D wpa_supplicant: WPS:  * Device Name
06-20 21:56:28.490  2869  2869 D wpa_supplicant: WPS:  * Version2 (0x20)
06-20 21:56:28.490  2869  2869 D wpa_supplicant: wpa_driver_wext_combo_scan: Start
06-20 21:56:28.490  2869  2869 D wpa_supplicant: For Scan: (null)
06-20 21:56:28.490  2869  2869 D wpa_supplicant: Scan requested (ret=0) - scan timeout 30 seconds
06-20 21:56:29.240  2869  2869 D wpa_supplicant: wpa_driver_wext_driver_cmd SETSUSPENDOPT 0 len = 4096
06-20 21:56:29.240  2869  2869 D wpa_supplicant: wpa_driver_wext_driver_cmd SETSUSPENDOPT 0 len = 0, 15
06-20 21:56:29.240  2869  2869 D wpa_supplicant: wpa_driver_wext_driver_cmd POWERMODE 0 len = 4096
06-20 21:56:29.240  2869  2869 D wpa_supplicant: wpa_driver_wext_driver_cmd OK len = 0, 2
06-20 21:56:29.267 27903 27906 D dalvikvm: GC_CONCURRENT freed 584K, 7% free 10443K/11143K, paused 8ms+2ms
06-20 21:56:29.353 27735 27964 I DownloadManager: Initiating request for download 427
06-20 21:56:29.416 26855 26858 D dalvikvm: GC_CONCURRENT freed 327K, 6% free 9976K/10503K, paused 2ms+3ms
06-20 21:56:29.455  2360  2615 I ActivityManager: Process com.twitter.android (pid 27324) has died.
06-20 21:56:29.642  2869  2869 D wpa_supplicant: RTM_NEWLINK: operstate=1 ifi_flags=0x11043 ([UP][RUNNING][LOWER_UP])
06-20 21:56:29.642  2869  2869 D wpa_supplicant: RTM_NEWLINK, IFLA_IFNAME: Interface 'wlan0' added
06-20 21:56:29.642  2869  2869 D wpa_supplicant: Wireless event: cmd=0x8b19 len=8
06-20 21:56:29.642  2869  2869 D wpa_supplicant: Received 1701 bytes of scan results (7 BSSes)
06-20 21:56:29.760 27735 27737 D dalvikvm: GC_CONCURRENT freed 431K, 6% free 9369K/9927K, paused 2ms+3ms
06-20 21:56:29.795  2869  2869 D wpa_supplicant: wpa_driver_wext_driver_cmd SETSUSPENDOPT 0 len = 4096
06-20 21:56:29.795  2869  2869 D wpa_supplicant: wpa_driver_wext_driver_cmd SETSUSPENDOPT 0 len = 0, 15
06-20 21:56:29.799  2869  2869 D wpa_supplicant: wpa_driver_wext_driver_cmd POWERMODE 0 len = 4096
06-20 21:56:29.799  2869  2869 D wpa_supplicant: wpa_driver_wext_driver_cmd OK len = 0, 2
06-20 21:56:29.873 27478 27481 D dalvikvm: GC_CONCURRENT freed 493K, 6% free 10235K/10823K, paused 2ms+10ms
06-20 21:56:30.459  2360  2536 D dalvikvm: GC_EXPLICIT freed 522K, 26% free 16092K/21511K, paused 8ms+7ms
06-20 21:56:30.853 27903 27906 D dalvikvm: GC_CONCURRENT freed 259K, 6% free 10570K/11143K, paused 2ms+2ms
06-20 21:56:30.951 27827 27829 D dalvikvm: GC_CONCURRENT freed 534K, 6% free 9537K/10119K, paused 2ms+2ms
06-20 21:56:30.978 27735 27975 I DownloadManager: deleting /data/data/com.android.providers.downloads/cache/downloadfile.txt
06-20 21:56:31.092 27827 27829 D dalvikvm: GC_CONCURRENT freed 593K, 8% free 9401K/10119K, paused 1ms+36ms
06-20 21:56:31.349  2869  2869 D wpa_supplicant: wpa_driver_wext_driver_cmd RSSI len = 248
06-20 21:56:31.349  2869  2869 D wpa_supplicant: wpa_driver_wext_driver_cmd raikiri rssi -23  len = 17, 17
06-20 21:56:31.349  2869  2869 D wpa_supplicant: wpa_driver_wext_driver_cmd LINKSPEED len = 248
06-20 21:56:31.349  2869  2869 D wpa_supplicant: wpa_driver_wext_driver_cmd LinkSpeed 72 len = 12, 12
06-20 21:56:31.639 27735 27979 I DownloadManager: Initiating request for download 428
06-20 21:56:31.685 27903 27906 D dalvikvm: GC_CONCURRENT freed 348K, 5% free 10669K/11207K, paused 1ms+2ms
06-20 21:56:31.818  2360  2389 I ActivityManager: Start proc com.twitter.android for service com.twitter.android/.client.AppService: pid=27981 uid=10064 gids={3003, 1015}
06-20 21:56:31.877 27981 27981 I dalvikvm: Turning on JNI app bug workarounds for target SDK version 11...
06-20 21:56:32.006 27981 27981 I ActivityThread: Pub com.twitter.android.provider.GlobalDatabaseProvider: com.twitter.android.provider.GlobalDatabaseProvider
06-20 21:56:32.017 27981 27981 I ActivityThread: Pub com.twitter.android.provider.TwitterProvider: com.twitter.android.provider.TwitterProvider
06-20 21:56:32.084 27981 27983 D dalvikvm: GC_CONCURRENT freed 180K, 3% free 9289K/9543K, paused 8ms+2ms
06-20 21:56:32.111 27735 27737 D dalvikvm: GC_CONCURRENT freed 411K, 6% free 9401K/9927K, paused 44ms+3ms
06-20 21:56:32.197 27921 27923 D dalvikvm: GC_CONCURRENT freed 394K, 6% free 9463K/9991K, paused 2ms+3ms
06-20 21:56:32.400 27981 27983 D dalvikvm: GC_CONCURRENT freed 226K, 4% free 9510K/9863K, paused 2ms+2ms
06-20 21:56:32.556 27981 27983 D dalvikvm: GC_CONCURRENT freed 293K, 5% free 9631K/10055K, paused 1ms+6ms
06-20 21:56:32.701 27981 27983 D dalvikvm: GC_CONCURRENT freed 297K, 5% free 9760K/10183K, paused 2ms+1ms
06-20 21:56:32.873 27981 27983 D dalvikvm: GC_CONCURRENT freed 296K, 5% free 9886K/10311K, paused 2ms+2ms
06-20 21:56:33.021 27981 27983 D dalvikvm: GC_CONCURRENT freed 301K, 5% free 10015K/10439K, paused 2ms+2ms
06-20 21:56:33.221 27981 27983 D dalvikvm: GC_CONCURRENT freed 300K, 4% free 10148K/10567K, paused 1ms+2ms
06-20 21:56:33.283 27827 27829 D dalvikvm: GC_CONCURRENT freed 261K, 6% free 9552K/10119K, paused 2ms+3ms
06-20 21:56:33.381 27735 28000 I DownloadManager: deleting /data/data/com.android.providers.downloads/cache/downloadfile.txt
06-20 21:56:33.482 27981 27983 D dalvikvm: GC_CONCURRENT freed 297K, 4% free 10273K/10695K, paused 1ms+1ms
06-20 21:56:33.830 27981 27983 D dalvikvm: GC_CONCURRENT freed 480K, 6% free 10225K/10823K, paused 36ms+3ms
06-20 21:56:33.959 27783 27796 I PhoneLab-: Service Running
06-20 21:56:33.986 27981 27983 D dalvikvm: GC_CONCURRENT freed 327K, 5% free 10298K/10823K, paused 2ms+2ms
06-20 21:56:34.002 27735 28002 I DownloadManager: Initiating request for download 429
06-20 21:56:34.088 27783 27796 I PhoneLab-LoggerService: app_37    3205  1     2360   1920  c00f181c 400107b4 S logcat
06-20 21:56:34.092 27783 27796 I PhoneLab-LoggerService: Logcat pid from database 3205
06-20 21:56:34.092 27783 27796 I PhoneLab-LoggerService: Logcat process found 3205
06-20 21:56:34.092 27783 27796 I PhoneLab-LoggerService: Checking Threshold
06-20 21:56:34.103 27783 27796 I PhoneLab-LoggerService: Starting to rename files
06-20 21:56:34.103 27783 27796 I PhoneLab-LoggerService: Files found .. 2
06-20 21:56:34.103 27783 27796 I PhoneLab-LoggerService: File 1 log.out.1
06-20 21:56:34.111 27783 27796 I PhoneLab-LoggerService: Renamed successfully
06-20 21:56:34.213 27981 27983 D dalvikvm: GC_CONCURRENT freed 319K, 5% free 10383K/10823K, paused 2ms+2ms
06-20 21:56:34.306 27735 27737 D dalvikvm: GC_CONCURRENT freed 417K, 6% free 9386K/9927K, paused 2ms+3ms
06-20 21:56:34.353  2869  2869 D wpa_supplicant: wpa_driver_wext_driver_cmd RSSI len = 248
06-20 21:56:34.357  2869  2869 D wpa_supplicant: wpa_driver_wext_driver_cmd raikiri rssi -23  len = 17, 17
06-20 21:56:34.357  2869  2869 D wpa_supplicant: wpa_driver_wext_driver_cmd LINKSPEED len = 248
06-20 21:56:34.357  2869  2869 D wpa_supplicant: wpa_driver_wext_driver_cmd LinkSpeed 72 len = 12, 12
06-20 21:56:34.373  2360  6994 I ActivityManager: Process android.process.acore (pid 27921) has died.
06-20 21:56:34.416 27981 27983 D dalvikvm: GC_CONCURRENT freed 364K, 5% free 10468K/10951K, paused 2ms+2ms
06-20 21:56:34.553 27981 27983 D dalvikvm: GC_CONCURRENT freed 341K, 5% free 10550K/11015K, paused 2ms+2ms
06-20 21:56:34.678 27981 27983 D dalvikvm: GC_CONCURRENT freed 326K, 5% free 10630K/11079K, paused 3ms+2ms
06-20 21:56:34.818 27981 27983 D dalvikvm: GC_CONCURRENT freed 372K, 5% free 10718K/11207K, paused 2ms+2ms
06-20 21:56:34.994 27981 27983 D dalvikvm: GC_CONCURRENT freed 406K, 5% free 10815K/11335K, paused 2ms+2ms
06-20 21:56:35.029 27735 28002 D dalvikvm: GC_EXPLICIT freed 256K, 7% free 9287K/9927K, paused 10ms+7ms
06-20 21:56:35.291 27827 27829 D dalvikvm: GC_CONCURRENT freed 525K, 7% free 9498K/10119K, paused 2ms+2ms
06-20 21:56:35.361 27827 27829 D dalvikvm: GC_CONCURRENT freed 286K, 5% free 9666K/10119K, paused 1ms+1ms
06-20 21:56:36.146 27735 28011 I DownloadManager: deleting /data/data/com.android.providers.downloads/cache/downloadfile.txt
06-20 21:56:36.166 27735 28012 I DownloadManager: Initiating request for download 430
06-20 21:56:36.693 27981 27983 D dalvikvm: GC_CONCURRENT freed 338K, 5% free 11002K/11463K, paused 13ms+3ms
06-20 21:56:37.361  2869  2869 D wpa_supplicant: wpa_driver_wext_driver_cmd RSSI len = 248
06-20 21:56:37.365  2869  2869 D wpa_supplicant: wpa_driver_wext_driver_cmd raikiri rssi -26  len = 17, 17
06-20 21:56:37.365  2869  2869 D wpa_supplicant: wpa_driver_wext_driver_cmd LINKSPEED len = 248
06-20 21:56:37.369  2869  2869 D wpa_supplicant: wpa_driver_wext_driver_cmd LinkSpeed 72 len = 12, 12
06-20 21:56:37.521 27735 27737 D dalvikvm: GC_CONCURRENT freed 308K, 6% free 9367K/9927K, paused 2ms+2ms
06-20 21:56:38.107 27735 28020 I DownloadManager: deleting /data/data/com.android.providers.downloads/cache/downloadfile-1.jpeg
06-20 21:56:38.146 27827 27829 D dalvikvm: GC_CONCURRENT freed 584K, 7% free 9560K/10247K, paused 4ms+3ms
06-20 21:56:38.826 27735 28022 I DownloadManager: Initiating request for download 431
06-20 21:56:39.849 27735 27737 D dalvikvm: GC_CONCURRENT freed 372K, 6% free 9424K/9927K, paused 50ms+3ms
06-20 21:56:40.377  2869  2869 D wpa_supplicant: wpa_driver_wext_driver_cmd RSSI len = 248
06-20 21:56:40.381  2869  2869 D wpa_supplicant: wpa_driver_wext_driver_cmd raikiri rssi -23  len = 17, 17
06-20 21:56:40.381  2869  2869 D wpa_supplicant: wpa_driver_wext_driver_cmd LINKSPEED len = 248
06-20 21:56:40.381  2869  2869 D wpa_supplicant: wpa_driver_wext_driver_cmd LinkSpeed 72 len = 12, 12
06-20 21:56:40.385  2360  2536 I ActivityManager: Process com.google.android.apps.maps:LocationFriendService (pid 23107) has died.
06-20 21:56:40.385  2360  2536 W ActivityManager: Scheduling restart of crashed service com.google.android.apps.maps/com.google.googlenav.appwidget.friends.FriendsAppWidgetUpdateService in 5000ms
06-20 21:56:41.260 27735 28029 I DownloadManager: deleting /data/data/com.android.providers.downloads/cache/downloadfile-1.jpeg
06-20 21:56:41.267 27827 27829 D dalvikvm: GC_CONCURRENT freed 520K, 8% free 9465K/10247K, paused 1ms+3ms
06-20 21:56:41.338 27827 27829 D dalvikvm: GC_CONCURRENT freed 283K, 7% free 9606K/10247K, paused 2ms+2ms
06-20 21:56:41.467  2360  2376 D dalvikvm: GC_EXPLICIT freed 608K, 26% free 16105K/21511K, paused 3ms+7ms
06-20 21:56:43.158 27735 28031 I DownloadManager: Initiating request for download 432
06-20 21:56:43.385  2869  2869 D wpa_supplicant: wpa_driver_wext_driver_cmd RSSI len = 248
06-20 21:56:43.385  2869  2869 D wpa_supplicant: wpa_driver_wext_driver_cmd raikiri rssi -24  len = 17, 17
06-20 21:56:43.385  2869  2869 D wpa_supplicant: wpa_driver_wext_driver_cmd LINKSPEED len = 248
06-20 21:56:43.389  2869  2869 D wpa_supplicant: wpa_driver_wext_driver_cmd LinkSpeed 72 len = 12, 12
06-20 21:56:43.596 27735 27737 D dalvikvm: GC_CONCURRENT freed 445K, 6% free 9414K/9991K, paused 2ms+5ms
06-20 21:56:44.498 27827 27829 D dalvikvm: GC_CONCURRENT freed 500K, 8% free 9522K/10247K, paused 3ms+2ms
06-20 21:56:44.521 27735 28036 I DownloadManager: deleting /data/data/com.android.providers.downloads/cache/downloadfile.txt
06-20 21:56:44.584 27827 27829 D dalvikvm: GC_CONCURRENT freed 416K, 8% free 9498K/10247K, paused 2ms+2ms
06-20 21:56:45.150 27735 28038 I DownloadManager: Initiating request for download 433
06-20 21:56:45.396  2360  2377 I ActivityManager: Start proc com.google.android.apps.maps:LocationFriendService for service com.google.android.apps.maps/com.google.googlenav.appwidget.friends.FriendsAppWidgetUpdateService: pid=28040 uid=10056 gids={3003, 1015}
06-20 21:56:45.553 28040 28043 D dalvikvm: GC_CONCURRENT freed 166K, 3% free 9370K/9607K, paused 2ms+2ms
06-20 21:56:45.642 27735 27737 D dalvikvm: GC_CONCURRENT freed 508K, 7% free 9371K/9991K, paused 50ms+3ms
06-20 21:56:46.033 28040 28043 D dalvikvm: GC_CONCURRENT freed 201K, 4% free 9657K/9991K, paused 2ms+10ms
06-20 21:56:46.392  2869  2869 D wpa_supplicant: wpa_driver_wext_driver_cmd RSSI len = 248
06-20 21:56:46.392  2869  2869 D wpa_supplicant: wpa_driver_wext_driver_cmd raikiri rssi -25  len = 17, 17
06-20 21:56:46.392  2869  2869 D wpa_supplicant: wpa_driver_wext_driver_cmd LINKSPEED len = 248
06-20 21:56:46.392  2869  2869 D wpa_supplicant: wpa_driver_wext_driver_cmd LinkSpeed 72 len = 12, 12
06-20 21:56:46.670 27827 27829 D dalvikvm: GC_CONCURRENT freed 363K, 7% free 9545K/10247K, paused 2ms+3ms
06-20 21:56:46.974 27735 28062 I DownloadManager: deleting /data/data/com.android.providers.downloads/cache/downloadfile.txt
06-20 21:56:47.373 27735 28064 I DownloadManager: Initiating request for download 434
06-20 21:56:47.732 27735 27737 D dalvikvm: GC_CONCURRENT freed 393K, 7% free 9373K/9991K, paused 2ms+4ms
06-20 21:56:48.740 27827 27829 D dalvikvm: GC_CONCURRENT freed 502K, 8% free 9452K/10247K, paused 2ms+3ms
06-20 21:56:48.834 27827 27829 D dalvikvm: GC_CONCURRENT freed 278K, 7% free 9587K/10247K, paused 1ms+2ms
06-20 21:56:48.861 27735 28071 I DownloadManager: deleting /data/data/com.android.providers.downloads/cache/downloadfile.png
06-20 21:56:49.396  2869  2869 D wpa_supplicant: wpa_driver_wext_driver_cmd RSSI len = 248
06-20 21:56:49.396  2869  2869 D wpa_supplicant: wpa_driver_wext_driver_cmd raikiri rssi -22  len = 17, 17
06-20 21:56:49.396  2869  2869 D wpa_supplicant: wpa_driver_wext_driver_cmd LINKSPEED len = 248
06-20 21:56:49.400  2869  2869 D wpa_supplicant: wpa_driver_wext_driver_cmd LinkSpeed 72 len = 12, 12
06-20 21:56:49.525 27735 28073 I DownloadManager: Initiating request for download 435
06-20 21:56:49.838 27735 27737 D dalvikvm: GC_CONCURRENT freed 366K, 7% free 9391K/9991K, paused 2ms+3ms
06-20 21:56:51.213 27827 27829 D dalvikvm: GC_CONCURRENT freed 523K, 8% free 9515K/10247K, paused 2ms+3ms
06-20 21:56:51.279 27827 27829 D dalvikvm: GC_CONCURRENT freed 265K, 6% free 9647K/10247K, paused 3ms+2ms
06-20 21:56:52.029 27735 28079 I DownloadManager: deleting /data/data/com.android.providers.downloads/cache/downloadfile.png
06-20 21:56:52.033 27735 28080 I DownloadManager: Initiating request for download 436
06-20 21:56:52.275 27735 27737 D dalvikvm: GC_CONCURRENT freed 381K, 6% free 9406K/9991K, paused 7ms+3ms
06-20 21:56:52.404  2869  2869 D wpa_supplicant: wpa_driver_wext_driver_cmd RSSI len = 248
06-20 21:56:52.412  2869  2869 D wpa_supplicant: wpa_driver_wext_driver_cmd raikiri rssi -26  len = 17, 17
06-20 21:56:52.412  2869  2869 D wpa_supplicant: wpa_driver_wext_driver_cmd LINKSPEED len = 248
06-20 21:56:52.412  2869  2869 D wpa_supplicant: wpa_driver_wext_driver_cmd LinkSpeed 72 len = 12, 12
06-20 21:56:52.560  2869  2869 D wpa_supplicant: wpa_driver_wext_driver_cmd BTCOEXMODE 1 len = 4096
06-20 21:56:52.709  2869  2869 D wpa_supplicant: wpa_driver_wext_driver_cmd OK len = 0, 2
06-20 21:56:52.709  2869  2869 D wpa_supplicant: wpa_driver_wext_driver_cmd GETPOWER len = 4096
06-20 21:56:52.713  2869  2869 D wpa_supplicant: wpa_driver_wext_driver_cmd powermode = 1 len = 13, 13
06-20 21:56:53.330  2869  2869 D wpa_supplicant: wpa_driver_wext_driver_cmd POWERMODE 1 len = 4096
06-20 21:56:53.330  2869  2869 D wpa_supplicant: wpa_driver_wext_driver_cmd OK len = 0, 2
06-20 21:56:53.330  2869  2869 D wpa_supplicant: wpa_driver_wext_driver_cmd BTCOEXMODE 2 len = 4096
06-20 21:56:53.330  2869  2869 D wpa_supplicant: wpa_driver_wext_driver_cmd OK len = 0, 2
06-20 21:56:53.330  2360  2414 D DhcpInfoInternal: makeLinkProperties with empty dns2!
06-20 21:56:53.334  2360  2414 D DhcpInfoInternal: makeLinkProperties with empty dns2!
06-20 21:56:53.998 27827 27829 D dalvikvm: GC_CONCURRENT freed 491K, 7% free 9555K/10247K, paused 1ms+2ms
06-20 21:56:54.154  2360  2360 D dalvikvm: GC_EXPLICIT freed 388K, 26% free 16106K/21511K, paused 3ms+8ms
06-20 21:56:54.193 27847 27849 D dalvikvm: GC_CONCURRENT freed 313K, 5% free 9163K/9607K, paused 14ms+2ms
06-20 21:56:54.416 27735 28105 I DownloadManager: deleting /data/data/com.android.providers.downloads/cache/downloadfile.png
06-20 21:56:54.760 27735 28107 I DownloadManager: Initiating request for download 437
06-20 21:56:54.799 27735 27737 D dalvikvm: GC_CONCURRENT freed 405K, 6% free 9394K/9991K, paused 8ms+4ms
06-20 21:56:55.420  2869  2869 D wpa_supplicant: wpa_driver_wext_driver_cmd RSSI len = 248
06-20 21:56:55.424  2869  2869 D wpa_supplicant: wpa_driver_wext_driver_cmd raikiri rssi -22  len = 17, 17
06-20 21:56:55.428  2869  2869 D wpa_supplicant: wpa_driver_wext_driver_cmd LINKSPEED len = 248
06-20 21:56:55.428  2869  2869 D wpa_supplicant: wpa_driver_wext_driver_cmd LinkSpeed 72 len = 12, 12
06-20 21:56:57.576 27827 27829 D dalvikvm: GC_CONCURRENT freed 539K, 9% free 9420K/10247K, paused 2ms+2ms
06-20 21:56:57.842 27735 27737 D dalvikvm: GC_CONCURRENT freed 472K, 7% free 9309K/9991K, paused 2ms+2ms
06-20 21:56:57.846 27827 27829 D dalvikvm: GC_CONCURRENT freed 269K, 7% free 9562K/10247K, paused 1ms+2ms
06-20 21:56:57.865 27735 28114 I DownloadManager: deleting /data/data/com.android.providers.downloads/cache/downloadfile.png
06-20 21:56:58.455  2869  2869 D wpa_supplicant: wpa_driver_wext_driver_cmd RSSI len = 248
06-20 21:56:58.463  2869  2869 D wpa_supplicant: wpa_driver_wext_driver_cmd raikiri rssi -22  len = 17, 17
06-20 21:56:58.463  2869  2869 D wpa_supplicant: wpa_driver_wext_driver_cmd LINKSPEED len = 248
06-20 21:56:58.467  2869  2869 D wpa_supplicant: wpa_driver_wext_driver_cmd LinkSpeed 72 len = 12, 12
06-20 21:56:59.795 27735 28116 I DownloadManager: Initiating request for download 438
06-20 21:57:01.474  2869  2869 D wpa_supplicant: wpa_driver_wext_driver_cmd RSSI len = 248
06-20 21:57:01.478  2869  2869 D wpa_supplicant: wpa_driver_wext_driver_cmd raikiri rssi -23  len = 17, 17
06-20 21:57:01.478  2869  2869 D wpa_supplicant: wpa_driver_wext_driver_cmd LINKSPEED len = 248
06-20 21:57:01.482  2869  2869 D wpa_supplicant: wpa_driver_wext_driver_cmd LinkSpeed 72 len = 12, 12
06-20 21:57:02.728 27735 27737 D dalvikvm: GC_CONCURRENT freed 381K, 7% free 9318K/9991K, paused 1ms+3ms
06-20 21:57:02.787 27827 27829 D dalvikvm: GC_CONCURRENT freed 504K, 8% free 9474K/10247K, paused 2ms+2ms
06-20 21:57:02.849 27735 27756 D dalvikvm: GC_EXPLICIT freed 78K, 8% free 9247K/9991K, paused 2ms+3ms
06-20 21:57:02.904 27735 28122 I DownloadManager: deleting /data/data/com.android.providers.downloads/cache/downloadfile.hs
06-20 21:57:02.912 27827 27829 D dalvikvm: GC_CONCURRENT freed 287K, 7% free 9615K/10247K, paused 1ms+3ms
06-20 21:57:03.619 27735 28124 I DownloadManager: Initiating request for download 439
06-20 21:57:04.521  2869  2869 D wpa_supplicant: wpa_driver_wext_driver_cmd RSSI len = 248
06-20 21:57:04.525  2869  2869 D wpa_supplicant: wpa_driver_wext_driver_cmd raikiri rssi -29  len = 17, 17
06-20 21:57:04.525  2869  2869 D wpa_supplicant: wpa_driver_wext_driver_cmd LINKSPEED len = 248
06-20 21:57:04.525  2869  2869 D wpa_supplicant: wpa_driver_wext_driver_cmd LinkSpeed 72 len = 12, 12
06-20 21:57:04.658 27735 27737 D dalvikvm: GC_CONCURRENT freed 274K, 7% free 9361K/9991K, paused 2ms+3ms
06-20 21:57:05.068 27827 27829 D dalvikvm: GC_CONCURRENT freed 501K, 8% free 9526K/10247K, paused 2ms+3ms
06-20 21:57:05.162 27735 28130 I DownloadManager: deleting /data/data/com.android.providers.downloads/cache/downloadfile-1.jpeg
06-20 21:57:05.185 27827 27829 D dalvikvm: GC_CONCURRENT freed 418K, 8% free 9505K/10247K, paused 4ms+2ms
06-20 21:57:05.724 27735 28132 I DownloadManager: Initiating request for download 440
06-20 21:57:06.111 27735 27737 D dalvikvm: GC_CONCURRENT freed 347K, 6% free 9404K/9991K, paused 2ms+3ms
06-20 21:57:07.529  2869  2869 D wpa_supplicant: wpa_driver_wext_driver_cmd RSSI len = 248
06-20 21:57:07.537  2869  2869 D wpa_supplicant: wpa_driver_wext_driver_cmd raikiri rssi -21  len = 17, 17
06-20 21:57:07.537  2869  2869 D wpa_supplicant: wpa_driver_wext_driver_cmd LINKSPEED len = 248
06-20 21:57:07.537  2869  2869 D wpa_supplicant: wpa_driver_wext_driver_cmd LinkSpeed 72 len = 12, 12
06-20 21:57:07.986  2360  6791 I ActivityManager: Start proc android.process.acore for content provider com.android.providers.contacts/.ContactsProvider2: pid=28134 uid=10000 gids={3003, 1015}
06-20 21:57:08.096 28134 28134 I ActivityThread: Pub com.android.voicemail: com.android.providers.contacts.VoicemailContentProvider
06-20 21:57:08.178 28134 28134 I ActivityThread: Pub user_dictionary: com.android.providers.userdictionary.UserDictionaryProvider
06-20 21:57:08.221 28134 28134 I ActivityThread: Pub com.android.social: com.android.providers.contacts.SocialProvider
06-20 21:57:08.221 28134 28134 I ActivityThread: Pub applications: com.android.providers.applications.ApplicationsProvider
06-20 21:57:08.322 28134 28137 D dalvikvm: GC_CONCURRENT freed 334K, 5% free 9147K/9607K, paused 2ms+2ms
06-20 21:57:08.326 28134 28134 I ActivityThread: Pub contacts;com.android.contacts: com.android.providers.contacts.ContactsProvider2
06-20 21:57:08.389 28134 28134 I ActivityThread: Pub call_log: com.android.providers.contacts.CallLogProvider
06-20 21:57:08.580 28134 28137 D dalvikvm: GC_CONCURRENT freed 199K, 4% free 9342K/9671K, paused 3ms+2ms
06-20 21:57:10.545  2869  2869 D wpa_supplicant: wpa_driver_wext_driver_cmd RSSI len = 248
06-20 21:57:10.553  2869  2869 D wpa_supplicant: wpa_driver_wext_driver_cmd raikiri rssi -22  len = 17, 17
06-20 21:57:10.553  2869  2869 D wpa_supplicant: wpa_driver_wext_driver_cmd LINKSPEED len = 248
06-20 21:57:10.556  2869  2869 D wpa_supplicant: wpa_driver_wext_driver_cmd LinkSpeed 72 len = 12, 12
06-20 21:57:11.474 27827 27829 D dalvikvm: GC_CONCURRENT freed 363K, 7% free 9541K/10247K, paused 2ms+2ms
06-20 21:57:11.603 27735 28157 I DownloadManager: deleting /data/data/com.android.providers.downloads/cache/downloadfile-1.jpeg
06-20 21:57:12.416 27735 28159 I DownloadManager: Initiating request for download 441
06-20 21:57:12.939 28134 28137 D dalvikvm: GC_CONCURRENT freed 238K, 4% free 9491K/9863K, paused 11ms+3ms
06-20 21:57:13.033 27735 27737 D dalvikvm: GC_CONCURRENT freed 404K, 6% free 9400K/9991K, paused 6ms+8ms
06-20 21:57:13.560  2869  2869 D wpa_supplicant: wpa_driver_wext_driver_cmd RSSI len = 248
06-20 21:57:13.564  2869  2869 D wpa_supplicant: wpa_driver_wext_driver_cmd raikiri rssi -27  len = 17, 17
06-20 21:57:13.564  2869  2869 D wpa_supplicant: wpa_driver_wext_driver_cmd LINKSPEED len = 248
06-20 21:57:13.568  2869  2869 D wpa_supplicant: wpa_driver_wext_driver_cmd LinkSpeed 72 len = 12, 12
06-20 21:57:13.724  2360  2616 D dalvikvm: GC_EXPLICIT freed 434K, 26% free 16122K/21511K, paused 4ms+7ms
06-20 21:57:13.994 27827 27829 D dalvikvm: GC_CONCURRENT freed 507K, 8% free 9454K/10247K, paused 2ms+2ms
06-20 21:57:14.092 27827 27829 D dalvikvm: GC_CONCURRENT freed 286K, 7% free 9630K/10247K, paused 2ms+2ms
06-20 21:57:14.115 27735 28164 I DownloadManager: deleting /data/data/com.android.providers.downloads/cache/downloadfile-1.jpeg
06-20 21:57:14.713 27735 28166 I DownloadManager: Initiating request for download 442
06-20 21:57:14.971 27735 27737 D dalvikvm: GC_CONCURRENT freed 365K, 6% free 9421K/9991K, paused 8ms+4ms
06-20 21:57:16.576  2869  2869 D wpa_supplicant: wpa_driver_wext_driver_cmd RSSI len = 248
06-20 21:57:16.580  2869  2869 D wpa_supplicant: wpa_driver_wext_driver_cmd raikiri rssi -22  len = 17, 17
06-20 21:57:16.580  2869  2869 D wpa_supplicant: wpa_driver_wext_driver_cmd LINKSPEED len = 248
06-20 21:57:16.584  2869  2869 D wpa_supplicant: wpa_driver_wext_driver_cmd LinkSpeed 72 len = 12, 12
06-20 21:57:17.560 27827 27829 D dalvikvm: GC_CONCURRENT freed 557K, 8% free 9520K/10247K, paused 3ms+3ms
06-20 21:57:17.588 27735 28173 I DownloadManager: deleting /data/data/com.android.providers.downloads/cache/downloadfile-1.jpeg
06-20 21:57:17.646 27827 27829 D dalvikvm: GC_CONCURRENT freed 415K, 8% free 9500K/10247K, paused 2ms+2ms
06-20 21:57:18.271 27735 28175 I DownloadManager: Initiating request for download 443
06-20 21:57:18.482 27735 27737 D dalvikvm: GC_CONCURRENT freed 488K, 7% free 9370K/9991K, paused 2ms+2ms
06-20 21:57:19.588  2869  2869 D wpa_supplicant: wpa_driver_wext_driver_cmd RSSI len = 248
06-20 21:57:19.588  2869  2869 D wpa_supplicant: wpa_driver_wext_driver_cmd raikiri rssi -30  len = 17, 17
06-20 21:57:19.588  2869  2869 D wpa_supplicant: wpa_driver_wext_driver_cmd LINKSPEED len = 248
06-20 21:57:19.588  2869  2869 D wpa_supplicant: wpa_driver_wext_driver_cmd LinkSpeed 72 len = 12, 12
06-20 21:57:21.611 27827 27829 D dalvikvm: GC_CONCURRENT freed 343K, 7% free 9564K/10247K, paused 2ms+3ms
06-20 21:57:21.721 27735 28182 I DownloadManager: deleting /data/data/com.android.providers.downloads/cache/downloadfile-1.jpeg
06-20 21:57:22.361 27735 27737 D dalvikvm: GC_CONCURRENT freed 408K, 7% free 9352K/9991K, paused 2ms+8ms
06-20 21:57:22.361 27735 28184 I DownloadManager: Initiating request for download 444
06-20 21:57:22.592  2869  2869 D wpa_supplicant: wpa_driver_wext_driver_cmd RSSI len = 248
06-20 21:57:22.592  2869  2869 D wpa_supplicant: wpa_driver_wext_driver_cmd raikiri rssi -31  len = 17, 17
06-20 21:57:22.592  2869  2869 D wpa_supplicant: wpa_driver_wext_driver_cmd LINKSPEED len = 248
06-20 21:57:22.592  2869  2869 D wpa_supplicant: wpa_driver_wext_driver_cmd LinkSpeed 72 len = 12, 12
06-20 21:57:23.830 27827 27829 D dalvikvm: GC_CONCURRENT freed 541K, 9% free 9418K/10247K, paused 2ms+3ms
06-20 21:57:23.896 27827 27829 D dalvikvm: GC_CONCURRENT freed 253K, 7% free 9572K/10247K, paused 2ms+2ms
06-20 21:57:24.029 27735 27737 D dalvikvm: GC_CONCURRENT freed 390K, 7% free 9354K/9991K, paused 2ms+4ms
06-20 21:57:24.056 27735 28191 I DownloadManager: deleting /data/data/com.android.providers.downloads/cache/downloadfile-1.jpeg
06-20 21:57:24.580 27735 28193 I DownloadManager: Initiating request for download 445
06-20 21:57:25.603  2869  2869 D wpa_supplicant: wpa_driver_wext_driver_cmd RSSI len = 248
06-20 21:57:25.607  2869  2869 D wpa_supplicant: wpa_driver_wext_driver_cmd raikiri rssi -30  len = 17, 17
06-20 21:57:25.607  2869  2869 D wpa_supplicant: wpa_driver_wext_driver_cmd LINKSPEED len = 248
06-20 21:57:25.607  2869  2869 D wpa_supplicant: wpa_driver_wext_driver_cmd LinkSpeed 72 len = 12, 12
06-20 21:57:26.467 27735 27737 D dalvikvm: GC_CONCURRENT freed 387K, 7% free 9357K/9991K, paused 20ms+3ms
06-20 21:57:26.564 27827 27829 D dalvikvm: GC_CONCURRENT freed 499K, 8% free 9472K/10247K, paused 3ms+3ms
06-20 21:57:26.658 27827 27829 D dalvikvm: GC_CONCURRENT freed 276K, 7% free 9606K/10247K, paused 2ms+3ms
06-20 21:57:26.689 27735 28200 I DownloadManager: deleting /data/data/com.android.providers.downloads/cache/downloadfile.png
06-20 21:57:28.459 27735 28202 I DownloadManager: Initiating request for download 446
06-20 21:57:28.615  2869  2869 D wpa_supplicant: wpa_driver_wext_driver_cmd RSSI len = 248
06-20 21:57:28.615  2869  2869 D wpa_supplicant: wpa_driver_wext_driver_cmd raikiri rssi -24  len = 17, 17
06-20 21:57:28.615  2869  2869 D wpa_supplicant: wpa_driver_wext_driver_cmd LINKSPEED len = 248
06-20 21:57:28.615  2869  2869 D wpa_supplicant: wpa_driver_wext_driver_cmd LinkSpeed 72 len = 12, 12
06-20 21:57:28.639  2360  2601 D dalvikvm: GC_EXPLICIT freed 551K, 26% free 16131K/21511K, paused 8ms+11ms
06-20 21:57:28.670  2869  2869 D wpa_supplicant: wpa_driver_wext_driver_cmd SETSUSPENDOPT 0 len = 4096
06-20 21:57:28.670  2869  2869 D wpa_supplicant: wpa_driver_wext_driver_cmd SETSUSPENDOPT 0 len = 0, 15
06-20 21:57:28.670  2869  2869 D wpa_supplicant: wpa_driver_wext_driver_cmd POWERMODE 0 len = 4096
06-20 21:57:28.670  2869  2869 D wpa_supplicant: wpa_driver_wext_driver_cmd OK len = 0, 2
06-20 21:57:28.670  2869  2869 D wpa_supplicant: WPS: Building WPS IE for Probe Request
06-20 21:57:28.670  2869  2869 D wpa_supplicant: WPS:  * Version (hardcoded 0x10)
06-20 21:57:28.670  2869  2869 D wpa_supplicant: WPS:  * Request Type
06-20 21:57:28.670  2869  2869 D wpa_supplicant: WPS:  * Config Methods (2388)
06-20 21:57:28.670  2869  2869 D wpa_supplicant: WPS:  * UUID-E
06-20 21:57:28.670  2869  2869 D wpa_supplicant: WPS:  * Primary Device Type
06-20 21:57:28.670  2869  2869 D wpa_supplicant: WPS:  * RF Bands (3)
06-20 21:57:28.670  2869  2869 D wpa_supplicant: WPS:  * Association State
06-20 21:57:28.670  2869  2869 D wpa_supplicant: WPS:  * Configuration Error (0)
06-20 21:57:28.670  2869  2869 D wpa_supplicant: WPS:  * Device Password ID (0)
06-20 21:57:28.670  2869  2869 D wpa_supplicant: WPS:  * Manufacturer
06-20 21:57:28.670  2869  2869 D wpa_supplicant: WPS:  * Model Name
06-20 21:57:28.670  2869  2869 D wpa_supplicant: WPS:  * Model Number
06-20 21:57:28.670  2869  2869 D wpa_supplicant: WPS:  * Device Name
06-20 21:57:28.670  2869  2869 D wpa_supplicant: WPS:  * Version2 (0x20)
06-20 21:57:28.670  2869  2869 D wpa_supplicant: wpa_driver_wext_combo_scan: Start
06-20 21:57:28.670  2869  2869 D wpa_supplicant: For Scan: (null)
06-20 21:57:28.674  2869  2869 D wpa_supplicant: Scan requested (ret=0) - scan timeout 30 seconds
06-20 21:57:29.877  2869  2869 D wpa_supplicant: RTM_NEWLINK: operstate=1 ifi_flags=0x11043 ([UP][RUNNING][LOWER_UP])
06-20 21:57:29.877  2869  2869 D wpa_supplicant: RTM_NEWLINK, IFLA_IFNAME: Interface 'wlan0' added
06-20 21:57:29.877  2869  2869 D wpa_supplicant: Wireless event: cmd=0x8b19 len=8
06-20 21:57:29.877  2869  2869 D wpa_supplicant: Received 1045 bytes of scan results (5 BSSes)
06-20 21:57:29.978 27735 27737 D dalvikvm: GC_CONCURRENT freed 334K, 6% free 9409K/9991K, paused 4ms+13ms
06-20 21:57:30.197  2869  2869 D wpa_supplicant: wpa_driver_wext_driver_cmd SETSUSPENDOPT 0 len = 4096
06-20 21:57:30.197  2869  2869 D wpa_supplicant: wpa_driver_wext_driver_cmd SETSUSPENDOPT 0 len = 0, 15
06-20 21:57:30.197  2869  2869 D wpa_supplicant: wpa_driver_wext_driver_cmd POWERMODE 0 len = 4096
06-20 21:57:30.197  2869  2869 D wpa_supplicant: wpa_driver_wext_driver_cmd OK len = 0, 2
06-20 21:57:30.990 28040 28043 D dalvikvm: GC_CONCURRENT freed 163K, 3% free 9927K/10183K, paused 18ms+2ms
06-20 21:57:31.541 27735 28213 I DownloadManager: deleting /data/data/com.android.providers.downloads/cache/downloadfile.png
06-20 21:57:31.568 27827 27829 D dalvikvm: GC_CONCURRENT freed 551K, 7% free 9532K/10247K, paused 3ms+3ms
06-20 21:57:31.615  2869  2869 D wpa_supplicant: wpa_driver_wext_driver_cmd RSSI len = 248
06-20 21:57:31.619  2869  2869 D wpa_supplicant: wpa_driver_wext_driver_cmd raikiri rssi -23  len = 17, 17
06-20 21:57:31.619  2869  2869 D wpa_supplicant: wpa_driver_wext_driver_cmd LINKSPEED len = 248
06-20 21:57:31.619  2869  2869 D wpa_supplicant: wpa_driver_wext_driver_cmd LinkSpeed 72 len = 12, 12
06-20 21:57:31.642 27827 27829 D dalvikvm: GC_CONCURRENT freed 426K, 8% free 9495K/10247K, paused 2ms+2ms
06-20 21:57:32.146 27735 28216 I DownloadManager: Initiating request for download 447
06-20 21:57:33.135 27735 27737 D dalvikvm: GC_CONCURRENT freed 467K, 6% free 9392K/9991K, paused 2ms+3ms
06-20 21:57:33.689 27827 27829 D dalvikvm: GC_CONCURRENT freed 365K, 7% free 9544K/10247K, paused 2ms+2ms
06-20 21:57:33.986 27735 28223 D dalvikvm: GC_EXPLICIT freed 233K, 7% free 9319K/9991K, paused 4ms+3ms
06-20 21:57:33.990 27735 28223 I DownloadManager: deleting /data/data/com.android.providers.downloads/cache/downloadfile.png
06-20 21:57:34.346 27735 28225 I DownloadManager: Initiating request for download 448
06-20 21:57:34.623  2869  2869 D wpa_supplicant: wpa_driver_wext_driver_cmd RSSI len = 248
06-20 21:57:34.627  2869  2869 D wpa_supplicant: wpa_driver_wext_driver_cmd raikiri rssi -25  len = 17, 17
06-20 21:57:34.627  2869  2869 D wpa_supplicant: wpa_driver_wext_driver_cmd LINKSPEED len = 248
06-20 21:57:34.627  2869  2869 D wpa_supplicant: wpa_driver_wext_driver_cmd LinkSpeed 72 len = 12, 12
06-20 21:57:35.787  2360  2360 I ActivityManager: Process com.twitter.android (pid 27981) has died.
06-20 21:57:35.814 27735 27737 D dalvikvm: GC_CONCURRENT freed 373K, 7% free 9332K/9991K, paused 3ms+3ms
06-20 21:57:35.920 27827 27829 D dalvikvm: GC_CONCURRENT freed 520K, 8% free 9445K/10247K, paused 1ms+2ms
06-20 21:57:35.947 27735 28232 I DownloadManager: deleting /data/data/com.android.providers.downloads/cache/downloadfile-1.jpeg
06-20 21:57:36.006 27827 27829 D dalvikvm: GC_CONCURRENT freed 292K, 7% free 9589K/10247K, paused 2ms+3ms
06-20 21:57:37.631  2869  2869 D wpa_supplicant: wpa_driver_wext_driver_cmd RSSI len = 248
06-20 21:57:37.639  2869  2869 D wpa_supplicant: wpa_driver_wext_driver_cmd raikiri rssi -21  len = 17, 17
06-20 21:57:37.639  2869  2869 D wpa_supplicant: wpa_driver_wext_driver_cmd LINKSPEED len = 248
06-20 21:57:37.642  2869  2869 D wpa_supplicant: wpa_driver_wext_driver_cmd LinkSpeed 72 len = 12, 12
06-20 21:57:38.494 27735 28234 I DownloadManager: Initiating request for download 449
06-20 21:57:39.881 27735 27737 D dalvikvm: GC_CONCURRENT freed 335K, 7% free 9382K/9991K, paused 2ms+3ms
06-20 21:57:40.521 27735 28241 I DownloadManager: deleting /data/data/com.android.providers.downloads/cache/downloadfile-1.jpeg
06-20 21:57:40.533 27827 27829 D dalvikvm: GC_CONCURRENT freed 537K, 8% free 9501K/10247K, paused 1ms+3ms
06-20 21:57:40.603 27827 27829 D dalvikvm: GC_CONCURRENT freed 276K, 6% free 9639K/10247K, paused 2ms+3ms
06-20 21:57:40.646  2869  2869 D wpa_supplicant: wpa_driver_wext_driver_cmd RSSI len = 248
06-20 21:57:40.646  2869  2869 D wpa_supplicant: wpa_driver_wext_driver_cmd raikiri rssi -25  len = 17, 17
06-20 21:57:40.646  2869  2869 D wpa_supplicant: wpa_driver_wext_driver_cmd LINKSPEED len = 248
06-20 21:57:40.646  2869  2869 D wpa_supplicant: wpa_driver_wext_driver_cmd LinkSpeed 72 len = 12, 12
06-20 21:57:40.685 27827 27843 D dalvikvm: GC_EXPLICIT freed 322K, 9% free 9399K/10247K, paused 3ms+3ms
06-20 21:57:41.181 27735 28243 I DownloadManager: Initiating request for download 450
06-20 21:57:41.689 27735 27737 D dalvikvm: GC_CONCURRENT freed 371K, 6% free 9427K/9991K, paused 2ms+4ms
06-20 21:57:42.721 27827 27829 D dalvikvm: GC_CONCURRENT freed 250K, 7% free 9553K/10247K, paused 2ms+3ms
06-20 21:57:42.857  2360  2616 D dalvikvm: GC_EXPLICIT freed 381K, 25% free 16137K/21511K, paused 4ms+7ms
06-20 21:57:43.053 27735 28249 I DownloadManager: deleting /data/data/com.android.providers.downloads/cache/downloadfile.png
06-20 21:57:43.541 27735 28251 I DownloadManager: Initiating request for download 451
06-20 21:57:43.650  2869  2869 D wpa_supplicant: wpa_driver_wext_driver_cmd RSSI len = 248
06-20 21:57:43.650  2869  2869 D wpa_supplicant: wpa_driver_wext_driver_cmd raikiri rssi -23  len = 17, 17
06-20 21:57:43.650  2869  2869 D wpa_supplicant: wpa_driver_wext_driver_cmd LINKSPEED len = 248
06-20 21:57:43.654  2869  2869 D wpa_supplicant: wpa_driver_wext_driver_cmd LinkSpeed 72 len = 12, 12
06-20 21:57:43.947 27735 27737 D dalvikvm: GC_CONCURRENT freed 438K, 6% free 9444K/9991K, paused 2ms+4ms
06-20 21:57:44.959 27827 27829 D dalvikvm: GC_CONCURRENT freed 518K, 8% free 9452K/10247K, paused 1ms+2ms
06-20 21:57:45.053 27827 27829 D dalvikvm: GC_CONCURRENT freed 288K, 7% free 9581K/10247K, paused 11ms+2ms
06-20 21:57:45.076 27735 28257 I DownloadManager: deleting /data/data/com.android.providers.downloads/cache/downloadfile.png
06-20 21:57:46.662  2869  2869 D wpa_supplicant: wpa_driver_wext_driver_cmd RSSI len = 248
06-20 21:57:46.670  2869  2869 D wpa_supplicant: wpa_driver_wext_driver_cmd raikiri rssi -21  len = 17, 17
06-20 21:57:46.670  2869  2869 D wpa_supplicant: wpa_driver_wext_driver_cmd LINKSPEED len = 248
06-20 21:57:46.674  2869  2869 D wpa_supplicant: wpa_driver_wext_driver_cmd LinkSpeed 72 len = 12, 12
06-20 21:57:47.213 27735 28259 I DownloadManager: Initiating request for download 452
06-20 21:57:47.658 27735 27737 D dalvikvm: GC_CONCURRENT freed 493K, 7% free 9370K/9991K, paused 2ms+4ms
06-20 21:57:48.678 27827 27829 D dalvikvm: GC_CONCURRENT freed 507K, 8% free 9482K/10247K, paused 2ms+2ms
06-20 21:57:48.775 27827 27829 D dalvikvm: GC_CONCURRENT freed 282K, 6% free 9665K/10247K, paused 2ms+2ms
06-20 21:57:48.803 27735 28266 I DownloadManager: deleting /data/data/com.android.providers.downloads/cache/downloadfile.png
06-20 21:57:49.443 27735 28268 I DownloadManager: Initiating request for download 453
06-20 21:57:49.678  2869  2869 D wpa_supplicant: wpa_driver_wext_driver_cmd RSSI len = 248
06-20 21:57:49.678  2869  2869 D wpa_supplicant: wpa_driver_wext_driver_cmd raikiri rssi -23  len = 17, 17
06-20 21:57:49.678  2869  2869 D wpa_supplicant: wpa_driver_wext_driver_cmd LINKSPEED len = 248
06-20 21:57:49.678  2869  2869 D wpa_supplicant: wpa_driver_wext_driver_cmd LinkSpeed 72 len = 12, 12
06-20 21:57:49.701 27735 27737 D dalvikvm: GC_CONCURRENT freed 374K, 7% free 9382K/9991K, paused 3ms+2ms
06-20 21:57:51.252 27827 27829 D dalvikvm: GC_CONCURRENT freed 599K, 7% free 9558K/10247K, paused 2ms+2ms
06-20 21:57:51.338 27735 28273 I DownloadManager: deleting /data/data/com.android.providers.downloads/cache/downloadfile-1.jpeg
06-20 21:57:51.928 27735 28275 I DownloadManager: Initiating request for download 454
06-20 21:57:52.221 27735 27737 D dalvikvm: GC_CONCURRENT freed 390K, 6% free 9393K/9991K, paused 1ms+4ms
06-20 21:57:52.685  2869  2869 D wpa_supplicant: wpa_driver_wext_driver_cmd RSSI len = 248
06-20 21:57:52.689  2869  2869 D wpa_supplicant: wpa_driver_wext_driver_cmd raikiri rssi -24  len = 17, 17
06-20 21:57:52.689  2869  2869 D wpa_supplicant: wpa_driver_wext_driver_cmd LINKSPEED len = 248
06-20 21:57:52.693  2869  2869 D wpa_supplicant: wpa_driver_wext_driver_cmd LinkSpeed 72 len = 12, 12
06-20 21:57:53.877 27827 27829 D dalvikvm: GC_CONCURRENT freed 522K, 8% free 9454K/10247K, paused 3ms+2ms
06-20 21:57:53.904 27735 28282 I DownloadManager: deleting /data/data/com.android.providers.downloads/cache/downloadfile-1.jpeg
06-20 21:57:53.959 27827 27829 D dalvikvm: GC_CONCURRENT freed 288K, 7% free 9581K/10247K, paused 2ms+2ms
06-20 21:57:54.588 27735 27737 D dalvikvm: GC_CONCURRENT freed 406K, 7% free 9372K/9991K, paused 17ms+2ms
06-20 21:57:54.607 27735 28284 I DownloadManager: Initiating request for download 455
06-20 21:57:55.701  2869  2869 D wpa_supplicant: wpa_driver_wext_driver_cmd RSSI len = 248
06-20 21:57:55.701  2869  2869 D wpa_supplicant: wpa_driver_wext_driver_cmd raikiri rssi -30  len = 17, 17
06-20 21:57:55.701  2869  2869 D wpa_supplicant: wpa_driver_wext_driver_cmd LINKSPEED len = 248
06-20 21:57:55.701  2869  2869 D wpa_supplicant: wpa_driver_wext_driver_cmd LinkSpeed 72 len = 12, 12
06-20 21:57:56.838  2360  6791 D dalvikvm: GC_EXPLICIT freed 536K, 25% free 16140K/21511K, paused 3ms+7ms
06-20 21:57:56.963 27827 27829 D dalvikvm: GC_CONCURRENT freed 516K, 8% free 9493K/10247K, paused 3ms+3ms
06-20 21:57:56.998 27735 27737 D dalvikvm: GC_CONCURRENT freed 387K, 7% free 9374K/9991K, paused 2ms+4ms
06-20 21:57:57.033 27735 28291 I DownloadManager: deleting /data/data/com.android.providers.downloads/cache/downloadfile-1.jpeg
06-20 21:57:57.072 27827 27829 D dalvikvm: GC_CONCURRENT freed 327K, 6% free 9636K/10247K, paused 2ms+2ms
06-20 21:57:57.584 27735 28293 I DownloadManager: Initiating request for download 456
06-20 21:57:58.705  2869  2869 D wpa_supplicant: wpa_driver_wext_driver_cmd RSSI len = 248
06-20 21:57:58.709  2869  2869 D wpa_supplicant: wpa_driver_wext_driver_cmd raikiri rssi -23  len = 17, 17
06-20 21:57:58.709  2869  2869 D wpa_supplicant: wpa_driver_wext_driver_cmd LINKSPEED len = 248
06-20 21:57:58.713  2869  2869 D wpa_supplicant: wpa_driver_wext_driver_cmd LinkSpeed 72 len = 12, 12
06-20 21:57:59.299 27735 27737 D dalvikvm: GC_CONCURRENT freed 432K, 7% free 9327K/9991K, paused 2ms+3ms
06-20 21:57:59.619 27827 27829 D dalvikvm: GC_CONCURRENT freed 517K, 7% free 9541K/10247K, paused 2ms+2ms
06-20 21:57:59.732 27827 27829 D dalvikvm: GC_CONCURRENT freed 526K, 9% free 9400K/10247K, paused 2ms+3ms
06-20 21:57:59.982 27735 28299 I DownloadManager: deleting /data/data/com.android.providers.downloads/cache/downloadfile-1.jpeg
06-20 21:58:00.006 27735 27897 D dalvikvm: GC_EXPLICIT freed 147K, 7% free 9299K/9991K, paused 2ms+9ms
06-20 21:58:00.681 27735 28301 I DownloadManager: Initiating request for download 457
06-20 21:58:01.724  2869  2869 D wpa_supplicant: wpa_driver_wext_driver_cmd RSSI len = 248
06-20 21:58:01.728  2869  2869 D wpa_supplicant: wpa_driver_wext_driver_cmd raikiri rssi -25  len = 17, 17
06-20 21:58:01.728  2869  2869 D wpa_supplicant: wpa_driver_wext_driver_cmd LINKSPEED len = 248
06-20 21:58:01.732  2869  2869 D wpa_supplicant: wpa_driver_wext_driver_cmd LinkSpeed 72 len = 12, 12
06-20 21:58:03.041 27735 27737 D dalvikvm: GC_CONCURRENT freed 362K, 7% free 9327K/9991K, paused 2ms+3ms
06-20 21:58:03.099 27827 27829 D dalvikvm: GC_CONCURRENT freed 283K, 7% free 9568K/10247K, paused 2ms+2ms
06-20 21:58:03.170 27735 28308 I DownloadManager: deleting /data/data/com.android.providers.downloads/cache/downloadfile-1.jpeg
06-20 21:58:03.873 27735 28310 I DownloadManager: Initiating request for download 458
06-20 21:58:04.740  2869  2869 D wpa_supplicant: wpa_driver_wext_driver_cmd RSSI len = 248
06-20 21:58:04.744  2869  2869 D wpa_supplicant: wpa_driver_wext_driver_cmd raikiri rssi -24  len = 17, 17
06-20 21:58:04.744  2869  2869 D wpa_supplicant: wpa_driver_wext_driver_cmd LINKSPEED len = 248
06-20 21:58:04.744  2869  2869 D wpa_supplicant: wpa_driver_wext_driver_cmd LinkSpeed 72 len = 12, 12
06-20 21:58:04.877 27735 27737 D dalvikvm: GC_CONCURRENT freed 339K, 7% free 9375K/9991K, paused 2ms+6ms
06-20 21:58:05.756 27827 27829 D dalvikvm: GC_CONCURRENT freed 522K, 8% free 9515K/10247K, paused 2ms+2ms
06-20 21:58:05.775 27735 28317 I DownloadManager: deleting /data/data/com.android.providers.downloads/cache/downloadfile-1.jpeg
06-20 21:58:05.838 27827 27829 D dalvikvm: GC_CONCURRENT freed 311K, 7% free 9620K/10247K, paused 1ms+2ms
06-20 21:58:06.502 27735 28319 I DownloadManager: Initiating request for download 459
06-20 21:58:06.959 27735 27737 D dalvikvm: GC_CONCURRENT freed 367K, 6% free 9428K/9991K, paused 2ms+4ms
06-20 21:58:07.752  2869  2869 D wpa_supplicant: wpa_driver_wext_driver_cmd RSSI len = 248
06-20 21:58:07.752  2869  2869 D wpa_supplicant: wpa_driver_wext_driver_cmd raikiri rssi -25  len = 17, 17
06-20 21:58:07.752  2869  2869 D wpa_supplicant: wpa_driver_wext_driver_cmd LINKSPEED len = 248
06-20 21:58:07.752  2869  2869 D wpa_supplicant: wpa_driver_wext_driver_cmd LinkSpeed 72 len = 12, 12
