06-24 21:40:33.935  1207  1207 D wpa_supplicant: WPS:  * UUID-E
06-24 21:40:33.935  1207  1207 D wpa_supplicant: WPS:  * Primary Device Type
06-24 21:40:33.935  1207  1207 D wpa_supplicant: WPS:  * RF Bands (3)
06-24 21:40:33.935  1207  1207 D wpa_supplicant: WPS:  * Association State
06-24 21:40:33.935  1207  1207 D wpa_supplicant: WPS:  * Configuration Error (0)
06-24 21:40:33.935  1207  1207 D wpa_supplicant: WPS:  * Device Password ID (0)
06-24 21:40:33.935  1207  1207 D wpa_supplicant: WPS:  * Manufacturer
06-24 21:40:33.935  1207  1207 D wpa_supplicant: WPS:  * Model Name
06-24 21:40:33.935  1207  1207 D wpa_supplicant: WPS:  * Model Number
06-24 21:40:33.935  1207  1207 D wpa_supplicant: WPS:  * Device Name
06-24 21:40:33.935  1207  1207 D wpa_supplicant: WPS:  * Version2 (0x20)
06-24 21:40:33.935  1207  1207 D wpa_supplicant: wpa_driver_wext_combo_scan: Start
06-24 21:40:33.935  1207  1207 D wpa_supplicant: For Scan: (null)
06-24 21:40:33.943  1207  1207 D wpa_supplicant: Scan requested (ret=0) - scan timeout 30 seconds
06-24 21:40:34.615  1207  1207 D wpa_supplicant: wpa_driver_wext_driver_cmd RSSI len = 248
06-24 21:40:34.619  1207  1207 D wpa_supplicant: wpa_driver_wext_driver_cmd raikiri rssi -21  len = 17, 17
06-24 21:40:34.619  1207  1207 D wpa_supplicant: wpa_driver_wext_driver_cmd LINKSPEED len = 248
06-24 21:40:34.623  1207  1207 D wpa_supplicant: wpa_driver_wext_driver_cmd LinkSpeed 72 len = 12, 12
06-24 21:40:35.099  1207  1207 D wpa_supplicant: RTM_NEWLINK: operstate=1 ifi_flags=0x11043 ([UP][RUNNING][LOWER_UP])
06-24 21:40:35.103  1207  1207 D wpa_supplicant: RTM_NEWLINK, IFLA_IFNAME: Interface 'wlan0' added
06-24 21:40:35.103  1207  1207 D wpa_supplicant: Wireless event: cmd=0x8b19 len=8
06-24 21:40:35.111  1207  1207 D wpa_supplicant: Received 1710 bytes of scan results (7 BSSes)
06-24 21:40:35.271  5795  5798 D dalvikvm: GC_CONCURRENT freed 491K, 6% free 10156K/10759K, paused 2ms+2ms
06-24 21:40:35.306  1207  1207 D wpa_supplicant: wpa_driver_wext_driver_cmd SETSUSPENDOPT 0 len = 4096
06-24 21:40:35.306  1207  1207 D wpa_supplicant: wpa_driver_wext_driver_cmd SETSUSPENDOPT 0 len = 0, 15
06-24 21:40:35.306  1207  1207 D wpa_supplicant: wpa_driver_wext_driver_cmd POWERMODE 0 len = 4096
06-24 21:40:35.306  1207  1207 D wpa_supplicant: wpa_driver_wext_driver_cmd OK len = 0, 2
06-24 21:40:37.635  1207  1207 D wpa_supplicant: wpa_driver_wext_driver_cmd RSSI len = 248
06-24 21:40:37.638  1207  1207 D wpa_supplicant: wpa_driver_wext_driver_cmd raikiri rssi -22  len = 17, 17
06-24 21:40:37.638  1207  1207 D wpa_supplicant: wpa_driver_wext_driver_cmd LINKSPEED len = 248
06-24 21:40:37.638  1207  1207 D wpa_supplicant: wpa_driver_wext_driver_cmd LinkSpeed 72 len = 12, 12
06-24 21:40:40.642  1207  1207 D wpa_supplicant: wpa_driver_wext_driver_cmd RSSI len = 248
06-24 21:40:40.646  1207  1207 D wpa_supplicant: wpa_driver_wext_driver_cmd raikiri rssi -21  len = 17, 17
06-24 21:40:40.646  1207  1207 D wpa_supplicant: wpa_driver_wext_driver_cmd LINKSPEED len = 248
06-24 21:40:40.650  1207  1207 D wpa_supplicant: wpa_driver_wext_driver_cmd LinkSpeed 72 len = 12, 12
06-24 21:40:41.404  4754  4756 D dalvikvm: GC_CONCURRENT freed 468K, 7% free 10783K/11591K, paused 36ms+3ms
06-24 21:40:42.646  2899  2910 D dalvikvm: GC_EXPLICIT freed 275K, 7% free 9754K/10439K, paused 8ms+4ms
06-24 21:40:43.662  1207  1207 D wpa_supplicant: wpa_driver_wext_driver_cmd RSSI len = 248
06-24 21:40:43.666  1207  1207 D wpa_supplicant: wpa_driver_wext_driver_cmd raikiri rssi -21  len = 17, 17
06-24 21:40:43.666  1207  1207 D wpa_supplicant: wpa_driver_wext_driver_cmd LINKSPEED len = 248
06-24 21:40:43.670  1207  1207 D wpa_supplicant: wpa_driver_wext_driver_cmd LinkSpeed 72 len = 12, 12
06-24 21:40:44.541   334   334 D SAN_SERVICE: *******************************************
06-24 21:40:44.541   334   334 D SAN_SERVICE: DM App Phone Service State - 0
06-24 21:40:44.541   334   334 D SAN_SERVICE: *******************************************
06-24 21:40:44.748   334   334 D SAN_SERVICE: *******************************************
06-24 21:40:44.748   334   334 D SAN_SERVICE: DM App Phone Service State - 0
06-24 21:40:44.748   334   334 D SAN_SERVICE: *******************************************
06-24 21:40:46.678  1207  1207 D wpa_supplicant: wpa_driver_wext_driver_cmd RSSI len = 248
06-24 21:40:46.685  1207  1207 D wpa_supplicant: wpa_driver_wext_driver_cmd raikiri rssi -22  len = 17, 17
06-24 21:40:46.685  1207  1207 D wpa_supplicant: wpa_driver_wext_driver_cmd LINKSPEED len = 248
06-24 21:40:46.689  1207  1207 D wpa_supplicant: wpa_driver_wext_driver_cmd LinkSpeed 72 len = 12, 12
06-24 21:40:49.701  1207  1207 D wpa_supplicant: wpa_driver_wext_driver_cmd RSSI len = 248
06-24 21:40:49.709  1207  1207 D wpa_supplicant: wpa_driver_wext_driver_cmd raikiri rssi -21  len = 17, 17
06-24 21:40:49.709  1207  1207 D wpa_supplicant: wpa_driver_wext_driver_cmd LINKSPEED len = 248
06-24 21:40:49.709  1207  1207 D wpa_supplicant: wpa_driver_wext_driver_cmd LinkSpeed 72 len = 12, 12
06-24 21:40:52.717  1207  1207 D wpa_supplicant: wpa_driver_wext_driver_cmd RSSI len = 248
06-24 21:40:52.724  1207  1207 D wpa_supplicant: wpa_driver_wext_driver_cmd raikiri rssi -21  len = 17, 17
06-24 21:40:52.724  1207  1207 D wpa_supplicant: wpa_driver_wext_driver_cmd LINKSPEED len = 248
06-24 21:40:52.724  1207  1207 D wpa_supplicant: wpa_driver_wext_driver_cmd LinkSpeed 72 len = 12, 12
06-24 21:40:55.736  1207  1207 D wpa_supplicant: wpa_driver_wext_driver_cmd RSSI len = 248
06-24 21:40:55.744  1207  1207 D wpa_supplicant: wpa_driver_wext_driver_cmd raikiri rssi -25  len = 17, 17
06-24 21:40:55.744  1207  1207 D wpa_supplicant: wpa_driver_wext_driver_cmd LINKSPEED len = 248
06-24 21:40:55.744  1207  1207 D wpa_supplicant: wpa_driver_wext_driver_cmd LinkSpeed 72 len = 12, 12
06-24 21:40:58.756  1207  1207 D wpa_supplicant: wpa_driver_wext_driver_cmd RSSI len = 248
06-24 21:40:58.760  1207  1207 D wpa_supplicant: wpa_driver_wext_driver_cmd raikiri rssi -22  len = 17, 17
06-24 21:40:58.760  1207  1207 D wpa_supplicant: wpa_driver_wext_driver_cmd LINKSPEED len = 248
06-24 21:40:58.767  1207  1207 D wpa_supplicant: wpa_driver_wext_driver_cmd LinkSpeed 72 len = 12, 12
06-24 21:40:59.896   334   334 D SAN_SERVICE: *******************************************
06-24 21:40:59.896   334   334 D SAN_SERVICE: DM App Phone Service State - 0
06-24 21:40:59.896   334   334 D SAN_SERVICE: *******************************************
06-24 21:41:00.107   334   334 D SAN_SERVICE: *******************************************
06-24 21:41:00.107   334   334 D SAN_SERVICE: DM App Phone Service State - 0
06-24 21:41:00.107   334   334 D SAN_SERVICE: *******************************************
06-24 21:41:00.388   334   334 D SAN_SERVICE: *******************************************
06-24 21:41:00.388   334   334 D SAN_SERVICE: DM App Phone Service State - 0
06-24 21:41:00.388   334   334 D SAN_SERVICE: *******************************************
06-24 21:41:01.779  1207  1207 D wpa_supplicant: wpa_driver_wext_driver_cmd RSSI len = 248
06-24 21:41:01.787  1207  1207 D wpa_supplicant: wpa_driver_wext_driver_cmd raikiri rssi -21  len = 17, 17
06-24 21:41:01.787  1207  1207 D wpa_supplicant: wpa_driver_wext_driver_cmd LINKSPEED len = 248
06-24 21:41:01.787  1207  1207 D wpa_supplicant: wpa_driver_wext_driver_cmd LinkSpeed 72 len = 12, 12
06-24 21:41:04.803  1207  1207 D wpa_supplicant: wpa_driver_wext_driver_cmd RSSI len = 248
06-24 21:41:04.806  1207  1207 D wpa_supplicant: wpa_driver_wext_driver_cmd raikiri rssi -22  len = 17, 17
06-24 21:41:04.806  1207  1207 D wpa_supplicant: wpa_driver_wext_driver_cmd LINKSPEED len = 248
06-24 21:41:04.810  1207  1207 D wpa_supplicant: wpa_driver_wext_driver_cmd LinkSpeed 72 len = 12, 12
06-24 21:41:07.826  1207  1207 D wpa_supplicant: wpa_driver_wext_driver_cmd RSSI len = 248
06-24 21:41:07.834  1207  1207 D wpa_supplicant: wpa_driver_wext_driver_cmd raikiri rssi -21  len = 17, 17
06-24 21:41:07.834  1207  1207 D wpa_supplicant: wpa_driver_wext_driver_cmd LINKSPEED len = 248
06-24 21:41:07.838  1207  1207 D wpa_supplicant: wpa_driver_wext_driver_cmd LinkSpeed 72 len = 12, 12
06-24 21:41:10.092   334   334 D SAN_SERVICE: *******************************************
06-24 21:41:10.092   334   334 D SAN_SERVICE: DM App Phone Service State - 0
06-24 21:41:10.092   334   334 D SAN_SERVICE: *******************************************
06-24 21:41:10.861  1207  1207 D wpa_supplicant: wpa_driver_wext_driver_cmd RSSI len = 248
06-24 21:41:10.865  1207  1207 D wpa_supplicant: wpa_driver_wext_driver_cmd raikiri rssi -21  len = 17, 17
06-24 21:41:10.869  1207  1207 D wpa_supplicant: wpa_driver_wext_driver_cmd LINKSPEED len = 248
06-24 21:41:10.873  1207  1207 D wpa_supplicant: wpa_driver_wext_driver_cmd LinkSpeed 72 len = 12, 12
06-24 21:41:13.877  1207  1207 D wpa_supplicant: wpa_driver_wext_driver_cmd RSSI len = 248
06-24 21:41:13.881  1207  1207 D wpa_supplicant: wpa_driver_wext_driver_cmd raikiri rssi -22  len = 17, 17
06-24 21:41:13.881  1207  1207 D wpa_supplicant: wpa_driver_wext_driver_cmd LINKSPEED len = 248
06-24 21:41:13.888  1207  1207 D wpa_supplicant: wpa_driver_wext_driver_cmd LinkSpeed 72 len = 12, 12
06-24 21:41:16.900  1207  1207 D wpa_supplicant: wpa_driver_wext_driver_cmd RSSI len = 248
06-24 21:41:16.904  1207  1207 D wpa_supplicant: wpa_driver_wext_driver_cmd raikiri rssi -22  len = 17, 17
06-24 21:41:16.904  1207  1207 D wpa_supplicant: wpa_driver_wext_driver_cmd LINKSPEED len = 248
06-24 21:41:16.908  1207  1207 D wpa_supplicant: wpa_driver_wext_driver_cmd LinkSpeed 72 len = 12, 12
06-24 21:41:19.928  1207  1207 D wpa_supplicant: wpa_driver_wext_driver_cmd RSSI len = 248
06-24 21:41:19.931  1207  1207 D wpa_supplicant: wpa_driver_wext_driver_cmd raikiri rssi -22  len = 17, 17
06-24 21:41:19.931  1207  1207 D wpa_supplicant: wpa_driver_wext_driver_cmd LINKSPEED len = 248
06-24 21:41:19.935  1207  1207 D wpa_supplicant: wpa_driver_wext_driver_cmd LinkSpeed 72 len = 12, 12
06-24 21:41:22.947  1207  1207 D wpa_supplicant: wpa_driver_wext_driver_cmd RSSI len = 248
06-24 21:41:22.951  1207  1207 D wpa_supplicant: wpa_driver_wext_driver_cmd raikiri rssi -21  len = 17, 17
06-24 21:41:22.951  1207  1207 D wpa_supplicant: wpa_driver_wext_driver_cmd LINKSPEED len = 248
06-24 21:41:22.955  1207  1207 D wpa_supplicant: wpa_driver_wext_driver_cmd LinkSpeed 72 len = 12, 12
06-24 21:41:25.970  1207  1207 D wpa_supplicant: wpa_driver_wext_driver_cmd RSSI len = 248
06-24 21:41:25.974  1207  1207 D wpa_supplicant: wpa_driver_wext_driver_cmd raikiri rssi -22  len = 17, 17
06-24 21:41:25.974  1207  1207 D wpa_supplicant: wpa_driver_wext_driver_cmd LINKSPEED len = 248
06-24 21:41:25.978  1207  1207 D wpa_supplicant: wpa_driver_wext_driver_cmd LinkSpeed 72 len = 12, 12
06-24 21:41:28.990  1207  1207 D wpa_supplicant: wpa_driver_wext_driver_cmd RSSI len = 248
06-24 21:41:28.994  1207  1207 D wpa_supplicant: wpa_driver_wext_driver_cmd raikiri rssi -22  len = 17, 17
06-24 21:41:28.994  1207  1207 D wpa_supplicant: wpa_driver_wext_driver_cmd LINKSPEED len = 248
06-24 21:41:28.998  1207  1207 D wpa_supplicant: wpa_driver_wext_driver_cmd LinkSpeed 72 len = 12, 12
06-24 21:41:32.013  1207  1207 D wpa_supplicant: wpa_driver_wext_driver_cmd RSSI len = 248
06-24 21:41:32.017  1207  1207 D wpa_supplicant: wpa_driver_wext_driver_cmd raikiri rssi -22  len = 17, 17
06-24 21:41:32.017  1207  1207 D wpa_supplicant: wpa_driver_wext_driver_cmd LINKSPEED len = 248
06-24 21:41:32.021  1207  1207 D wpa_supplicant: wpa_driver_wext_driver_cmd LinkSpeed 72 len = 12, 12
06-24 21:41:33.970  1207  1207 D wpa_supplicant: wpa_driver_wext_driver_cmd SETSUSPENDOPT 0 len = 4096
06-24 21:41:33.970  1207  1207 D wpa_supplicant: wpa_driver_wext_driver_cmd SETSUSPENDOPT 0 len = 0, 15
06-24 21:41:33.974  1207  1207 D wpa_supplicant: wpa_driver_wext_driver_cmd POWERMODE 0 len = 4096
06-24 21:41:33.974  1207  1207 D wpa_supplicant: wpa_driver_wext_driver_cmd OK len = 0, 2
06-24 21:41:33.978  1207  1207 D wpa_supplicant: WPS: Building WPS IE for Probe Request
06-24 21:41:33.978  1207  1207 D wpa_supplicant: WPS:  * Version (hardcoded 0x10)
06-24 21:41:33.978  1207  1207 D wpa_supplicant: WPS:  * Request Type
06-24 21:41:33.978  1207  1207 D wpa_supplicant: WPS:  * Config Methods (2388)
06-24 21:41:33.978  1207  1207 D wpa_supplicant: WPS:  * UUID-E
06-24 21:41:33.978  1207  1207 D wpa_supplicant: WPS:  * Primary Device Type
06-24 21:41:33.978  1207  1207 D wpa_supplicant: WPS:  * RF Bands (3)
06-24 21:41:33.978  1207  1207 D wpa_supplicant: WPS:  * Association State
06-24 21:41:33.978  1207  1207 D wpa_supplicant: WPS:  * Configuration Error (0)
06-24 21:41:33.978  1207  1207 D wpa_supplicant: WPS:  * Device Password ID (0)
06-24 21:41:33.978  1207  1207 D wpa_supplicant: WPS:  * Manufacturer
06-24 21:41:33.978  1207  1207 D wpa_supplicant: WPS:  * Model Name
06-24 21:41:33.978  1207  1207 D wpa_supplicant: WPS:  * Model Number
06-24 21:41:33.978  1207  1207 D wpa_supplicant: WPS:  * Device Name
06-24 21:41:33.978  1207  1207 D wpa_supplicant: WPS:  * Version2 (0x20)
06-24 21:41:33.978  1207  1207 D wpa_supplicant: wpa_driver_wext_combo_scan: Start
06-24 21:41:33.978  1207  1207 D wpa_supplicant: For Scan: (null)
06-24 21:41:33.982  1207  1207 D wpa_supplicant: Scan requested (ret=0) - scan timeout 30 seconds
06-24 21:41:35.041  1207  1207 D wpa_supplicant: wpa_driver_wext_driver_cmd RSSI len = 248
06-24 21:41:35.045  1207  1207 D wpa_supplicant: wpa_driver_wext_driver_cmd raikiri rssi -21  len = 17, 17
06-24 21:41:35.049  1207  1207 D wpa_supplicant: wpa_driver_wext_driver_cmd LINKSPEED len = 248
06-24 21:41:35.049  1207  1207 D wpa_supplicant: wpa_driver_wext_driver_cmd LinkSpeed 72 len = 12, 12
06-24 21:41:35.146  1207  1207 D wpa_supplicant: RTM_NEWLINK: operstate=1 ifi_flags=0x11043 ([UP][RUNNING][LOWER_UP])
06-24 21:41:35.146  1207  1207 D wpa_supplicant: RTM_NEWLINK, IFLA_IFNAME: Interface 'wlan0' added
06-24 21:41:35.146  1207  1207 D wpa_supplicant: Wireless event: cmd=0x8b19 len=8
06-24 21:41:35.146  1207  1207 D wpa_supplicant: Received 1784 bytes of scan results (7 BSSes)
06-24 21:41:35.283  1207  1207 D wpa_supplicant: wpa_driver_wext_driver_cmd SETSUSPENDOPT 0 len = 4096
06-24 21:41:35.283  1207  1207 D wpa_supplicant: wpa_driver_wext_driver_cmd SETSUSPENDOPT 0 len = 0, 15
06-24 21:41:35.287  1207  1207 D wpa_supplicant: wpa_driver_wext_driver_cmd POWERMODE 0 len = 4096
06-24 21:41:35.291  1207  1207 D wpa_supplicant: wpa_driver_wext_driver_cmd OK len = 0, 2
06-24 21:41:35.369  1011  1014 D dalvikvm: GC_CONCURRENT freed 521K, 9% free 10300K/11271K, paused 2ms+3ms
06-24 21:41:35.732  1011  1014 D dalvikvm: GC_CONCURRENT freed 280K, 8% free 10415K/11271K, paused 2ms+3ms
06-24 21:41:38.056  1207  1207 D wpa_supplicant: wpa_driver_wext_driver_cmd RSSI len = 248
06-24 21:41:38.064  1207  1207 D wpa_supplicant: wpa_driver_wext_driver_cmd raikiri rssi -21  len = 17, 17
06-24 21:41:38.064  1207  1207 D wpa_supplicant: wpa_driver_wext_driver_cmd LINKSPEED len = 248
06-24 21:41:38.068  1207  1207 D wpa_supplicant: wpa_driver_wext_driver_cmd LinkSpeed 72 len = 12, 12
06-24 21:41:38.642  1011  1014 D dalvikvm: GC_CONCURRENT freed 286K, 7% free 10565K/11271K, paused 6ms+3ms
06-24 21:41:40.654   142   381 D dalvikvm: GC_EXPLICIT freed 806K, 25% free 14839K/19591K, paused 2ms+7ms
06-24 21:41:41.076  1207  1207 D wpa_supplicant: wpa_driver_wext_driver_cmd RSSI len = 248
06-24 21:41:41.080  1207  1207 D wpa_supplicant: wpa_driver_wext_driver_cmd raikiri rssi -20  len = 17, 17
06-24 21:41:41.080  1207  1207 D wpa_supplicant: wpa_driver_wext_driver_cmd LINKSPEED len = 248
06-24 21:41:41.084  1207  1207 D wpa_supplicant: wpa_driver_wext_driver_cmd LinkSpeed 72 len = 12, 12
06-24 21:41:44.092  1207  1207 D wpa_supplicant: wpa_driver_wext_driver_cmd RSSI len = 248
06-24 21:41:44.099  1207  1207 D wpa_supplicant: wpa_driver_wext_driver_cmd raikiri rssi -21  len = 17, 17
06-24 21:41:44.099  1207  1207 D wpa_supplicant: wpa_driver_wext_driver_cmd LINKSPEED len = 248
06-24 21:41:44.099  1207  1207 D wpa_supplicant: wpa_driver_wext_driver_cmd LinkSpeed 72 len = 12, 12
06-24 21:41:47.115  1207  1207 D wpa_supplicant: wpa_driver_wext_driver_cmd RSSI len = 248
06-24 21:41:47.123  1207  1207 D wpa_supplicant: wpa_driver_wext_driver_cmd raikiri rssi -21  len = 17, 17
06-24 21:41:47.123  1207  1207 D wpa_supplicant: wpa_driver_wext_driver_cmd LINKSPEED len = 248
06-24 21:41:47.127  1207  1207 D wpa_supplicant: wpa_driver_wext_driver_cmd LinkSpeed 72 len = 12, 12
06-24 21:41:50.135  1207  1207 D wpa_supplicant: wpa_driver_wext_driver_cmd RSSI len = 248
06-24 21:41:50.138  1207  1207 D wpa_supplicant: wpa_driver_wext_driver_cmd raikiri rssi -22  len = 17, 17
06-24 21:41:50.138  1207  1207 D wpa_supplicant: wpa_driver_wext_driver_cmd LINKSPEED len = 248
06-24 21:41:50.142  1207  1207 D wpa_supplicant: wpa_driver_wext_driver_cmd LinkSpeed 72 len = 12, 12
06-24 21:41:50.744  2353  2356 D dalvikvm: GC_CONCURRENT freed 827K, 15% free 12012K/14023K, paused 32ms+4ms
06-24 21:41:53.154  1207  1207 D wpa_supplicant: wpa_driver_wext_driver_cmd RSSI len = 248
06-24 21:41:53.158  1207  1207 D wpa_supplicant: wpa_driver_wext_driver_cmd raikiri rssi -20  len = 17, 17
06-24 21:41:53.162  1207  1207 D wpa_supplicant: wpa_driver_wext_driver_cmd LINKSPEED len = 248
06-24 21:41:53.166  1207  1207 D wpa_supplicant: wpa_driver_wext_driver_cmd LinkSpeed 72 len = 12, 12
06-24 21:41:56.170  1207  1207 D wpa_supplicant: wpa_driver_wext_driver_cmd RSSI len = 248
06-24 21:41:56.178  1207  1207 D wpa_supplicant: wpa_driver_wext_driver_cmd raikiri rssi -20  len = 17, 17
06-24 21:41:56.181  1207  1207 D wpa_supplicant: wpa_driver_wext_driver_cmd LINKSPEED len = 248
06-24 21:41:56.181  1207  1207 D wpa_supplicant: wpa_driver_wext_driver_cmd LinkSpeed 72 len = 12, 12
06-24 21:41:59.193  1207  1207 D wpa_supplicant: wpa_driver_wext_driver_cmd RSSI len = 248
06-24 21:41:59.197  1207  1207 D wpa_supplicant: wpa_driver_wext_driver_cmd raikiri rssi -21  len = 17, 17
06-24 21:41:59.197  1207  1207 D wpa_supplicant: wpa_driver_wext_driver_cmd LINKSPEED len = 248
06-24 21:41:59.201  1207  1207 D wpa_supplicant: wpa_driver_wext_driver_cmd LinkSpeed 72 len = 12, 12
06-24 21:42:02.213  1207  1207 D wpa_supplicant: wpa_driver_wext_driver_cmd RSSI len = 248
06-24 21:42:02.217  1207  1207 D wpa_supplicant: wpa_driver_wext_driver_cmd raikiri rssi -21  len = 17, 17
06-24 21:42:02.217  1207  1207 D wpa_supplicant: wpa_driver_wext_driver_cmd LINKSPEED len = 248
06-24 21:42:02.220  1207  1207 D wpa_supplicant: wpa_driver_wext_driver_cmd LinkSpeed 72 len = 12, 12
06-24 21:42:05.232  1207  1207 D wpa_supplicant: wpa_driver_wext_driver_cmd RSSI len = 248
06-24 21:42:05.240  1207  1207 D wpa_supplicant: wpa_driver_wext_driver_cmd raikiri rssi -20  len = 17, 17
06-24 21:42:05.240  1207  1207 D wpa_supplicant: wpa_driver_wext_driver_cmd LINKSPEED len = 248
06-24 21:42:05.244  1207  1207 D wpa_supplicant: wpa_driver_wext_driver_cmd LinkSpeed 72 len = 12, 12
06-24 21:42:08.252  1207  1207 D wpa_supplicant: wpa_driver_wext_driver_cmd RSSI len = 248
06-24 21:42:08.256  1207  1207 D wpa_supplicant: wpa_driver_wext_driver_cmd raikiri rssi -21  len = 17, 17
06-24 21:42:08.256  1207  1207 D wpa_supplicant: wpa_driver_wext_driver_cmd LINKSPEED len = 248
06-24 21:42:08.260  1207  1207 D wpa_supplicant: wpa_driver_wext_driver_cmd LinkSpeed 72 len = 12, 12
06-24 21:42:11.271  1207  1207 D wpa_supplicant: wpa_driver_wext_driver_cmd RSSI len = 248
06-24 21:42:11.279  1207  1207 D wpa_supplicant: wpa_driver_wext_driver_cmd raikiri rssi -22  len = 17, 17
06-24 21:42:11.279  1207  1207 D wpa_supplicant: wpa_driver_wext_driver_cmd LINKSPEED len = 248
06-24 21:42:11.279  1207  1207 D wpa_supplicant: wpa_driver_wext_driver_cmd LinkSpeed 72 len = 12, 12
06-24 21:42:14.295  1207  1207 D wpa_supplicant: wpa_driver_wext_driver_cmd RSSI len = 248
06-24 21:42:14.303  1207  1207 D wpa_supplicant: wpa_driver_wext_driver_cmd raikiri rssi -22  len = 17, 17
06-24 21:42:14.303  1207  1207 D wpa_supplicant: wpa_driver_wext_driver_cmd LINKSPEED len = 248
06-24 21:42:14.303  1207  1207 D wpa_supplicant: wpa_driver_wext_driver_cmd LinkSpeed 72 len = 12, 12
06-24 21:42:17.310  1207  1207 D wpa_supplicant: wpa_driver_wext_driver_cmd RSSI len = 248
06-24 21:42:17.314  1207  1207 D wpa_supplicant: wpa_driver_wext_driver_cmd raikiri rssi -21  len = 17, 17
06-24 21:42:17.314  1207  1207 D wpa_supplicant: wpa_driver_wext_driver_cmd LINKSPEED len = 248
06-24 21:42:17.318  1207  1207 D wpa_supplicant: wpa_driver_wext_driver_cmd LinkSpeed 72 len = 12, 12
06-24 21:42:20.330  1207  1207 D wpa_supplicant: wpa_driver_wext_driver_cmd RSSI len = 248
06-24 21:42:20.338  1207  1207 D wpa_supplicant: wpa_driver_wext_driver_cmd raikiri rssi -19  len = 17, 17
06-24 21:42:20.338  1207  1207 D wpa_supplicant: wpa_driver_wext_driver_cmd LINKSPEED len = 248
06-24 21:42:20.338  1207  1207 D wpa_supplicant: wpa_driver_wext_driver_cmd LinkSpeed 72 len = 12, 12
06-24 21:42:22.662  1207  1207 D wpa_supplicant: wpa_driver_wext_driver_cmd BTCOEXMODE 1 len = 4096
06-24 21:42:22.810  1207  1207 D wpa_supplicant: wpa_driver_wext_driver_cmd OK len = 0, 2
06-24 21:42:22.814  1207  1207 D wpa_supplicant: wpa_driver_wext_driver_cmd GETPOWER len = 4096
06-24 21:42:22.818  1207  1207 D wpa_supplicant: wpa_driver_wext_driver_cmd powermode = 1 len = 13, 13
06-24 21:42:23.345  1207  1207 D wpa_supplicant: wpa_driver_wext_driver_cmd RSSI len = 248
06-24 21:42:23.349  1207  1207 D wpa_supplicant: wpa_driver_wext_driver_cmd raikiri rssi -21  len = 17, 17
06-24 21:42:23.349  1207  1207 D wpa_supplicant: wpa_driver_wext_driver_cmd LINKSPEED len = 248
06-24 21:42:23.353  1207  1207 D wpa_supplicant: wpa_driver_wext_driver_cmd LinkSpeed 72 len = 12, 12
06-24 21:42:23.431  1207  1207 D wpa_supplicant: wpa_driver_wext_driver_cmd POWERMODE 1 len = 4096
06-24 21:42:23.439  1207  1207 D wpa_supplicant: wpa_driver_wext_driver_cmd OK len = 0, 2
06-24 21:42:23.443  1207  1207 D wpa_supplicant: wpa_driver_wext_driver_cmd BTCOEXMODE 2 len = 4096
06-24 21:42:23.443  1207  1207 D wpa_supplicant: wpa_driver_wext_driver_cmd OK len = 0, 2
06-24 21:42:23.447   142   196 D DhcpInfoInternal: makeLinkProperties with empty dns2!
06-24 21:42:23.459   142   196 D DhcpInfoInternal: makeLinkProperties with empty dns2!
06-24 21:42:26.365  1207  1207 D wpa_supplicant: wpa_driver_wext_driver_cmd RSSI len = 248
06-24 21:42:26.369  1207  1207 D wpa_supplicant: wpa_driver_wext_driver_cmd raikiri rssi -21  len = 17, 17
06-24 21:42:26.369  1207  1207 D wpa_supplicant: wpa_driver_wext_driver_cmd LINKSPEED len = 248
06-24 21:42:26.373  1207  1207 D wpa_supplicant: wpa_driver_wext_driver_cmd LinkSpeed 72 len = 12, 12
06-24 21:42:29.408  1207  1207 D wpa_supplicant: wpa_driver_wext_driver_cmd RSSI len = 248
06-24 21:42:29.412  1207  1207 D wpa_supplicant: wpa_driver_wext_driver_cmd raikiri rssi -20  len = 17, 17
06-24 21:42:29.412  1207  1207 D wpa_supplicant: wpa_driver_wext_driver_cmd LINKSPEED len = 248
06-24 21:42:29.416  1207  1207 D wpa_supplicant: wpa_driver_wext_driver_cmd LinkSpeed 72 len = 12, 12
06-24 21:42:30.455  1795  1808 I PhoneLab-: Service Running
06-24 21:42:30.541  1795  1808 I PhoneLab-LoggerService: app_37    1165  1     2184   1748  c00f181c 400107b4 S logcat
06-24 21:42:30.541  1795  1808 I PhoneLab-LoggerService: Logcat pid from database 1165
06-24 21:42:30.541  1795  1808 I PhoneLab-LoggerService: Logcat process found 1165
06-24 21:42:30.541  1795  1808 I PhoneLab-LoggerService: Checking Threshold
06-24 21:42:30.541  1795  1808 I PhoneLab-LoggerService: Starting to rename files
06-24 21:42:30.545  1795  1808 I PhoneLab-LoggerService: Files found .. 3
06-24 21:42:30.545  1795  1808 I PhoneLab-LoggerService: File 1 log.out.1
06-24 21:42:30.549  1795  1808 I PhoneLab-LoggerService: Renamed successfully
06-24 21:42:32.424  1207  1207 D wpa_supplicant: wpa_driver_wext_driver_cmd RSSI len = 248
06-24 21:42:32.428  1207  1207 D wpa_supplicant: wpa_driver_wext_driver_cmd raikiri rssi -21  len = 17, 17
06-24 21:42:32.428  1207  1207 D wpa_supplicant: wpa_driver_wext_driver_cmd LINKSPEED len = 248
06-24 21:42:32.431  1207  1207 D wpa_supplicant: wpa_driver_wext_driver_cmd LinkSpeed 72 len = 12, 12
06-24 21:42:34.033  1207  1207 D wpa_supplicant: wpa_driver_wext_driver_cmd SETSUSPENDOPT 0 len = 4096
06-24 21:42:34.033  1207  1207 D wpa_supplicant: wpa_driver_wext_driver_cmd SETSUSPENDOPT 0 len = 0, 15
06-24 21:42:34.037  1207  1207 D wpa_supplicant: wpa_driver_wext_driver_cmd POWERMODE 0 len = 4096
06-24 21:42:34.045  1207  1207 D wpa_supplicant: wpa_driver_wext_driver_cmd OK len = 0, 2
06-24 21:42:34.060  1207  1207 D wpa_supplicant: WPS: Building WPS IE for Probe Request
06-24 21:42:34.060  1207  1207 D wpa_supplicant: WPS:  * Version (hardcoded 0x10)
06-24 21:42:34.060  1207  1207 D wpa_supplicant: WPS:  * Request Type
06-24 21:42:34.060  1207  1207 D wpa_supplicant: WPS:  * Config Methods (2388)
06-24 21:42:34.060  1207  1207 D wpa_supplicant: WPS:  * UUID-E
06-24 21:42:34.060  1207  1207 D wpa_supplicant: WPS:  * Primary Device Type
06-24 21:42:34.060  1207  1207 D wpa_supplicant: WPS:  * RF Bands (3)
06-24 21:42:34.060  1207  1207 D wpa_supplicant: WPS:  * Association State
06-24 21:42:34.060  1207  1207 D wpa_supplicant: WPS:  * Configuration Error (0)
06-24 21:42:34.060  1207  1207 D wpa_supplicant: WPS:  * Device Password ID (0)
06-24 21:42:34.060  1207  1207 D wpa_supplicant: WPS:  * Manufacturer
06-24 21:42:34.060  1207  1207 D wpa_supplicant: WPS:  * Model Name
06-24 21:42:34.060  1207  1207 D wpa_supplicant: WPS:  * Model Number
06-24 21:42:34.060  1207  1207 D wpa_supplicant: WPS:  * Device Name
06-24 21:42:34.060  1207  1207 D wpa_supplicant: WPS:  * Version2 (0x20)
06-24 21:42:34.060  1207  1207 D wpa_supplicant: wpa_driver_wext_combo_scan: Start
06-24 21:42:34.060  1207  1207 D wpa_supplicant: For Scan: (null)
06-24 21:42:34.068  1207  1207 D wpa_supplicant: Scan requested (ret=0) - scan timeout 30 seconds
06-24 21:42:35.220  1207  1207 D wpa_supplicant: RTM_NEWLINK: operstate=1 ifi_flags=0x11043 ([UP][RUNNING][LOWER_UP])
06-24 21:42:35.220  1207  1207 D wpa_supplicant: RTM_NEWLINK, IFLA_IFNAME: Interface 'wlan0' added
06-24 21:42:35.220  1207  1207 D wpa_supplicant: Wireless event: cmd=0x8b19 len=8
06-24 21:42:35.220  1207  1207 D wpa_supplicant: Received 1173 bytes of scan results (5 BSSes)
06-24 21:42:35.396  5795  5798 D dalvikvm: GC_CONCURRENT freed 508K, 6% free 10159K/10759K, paused 2ms+2ms
06-24 21:42:35.428  1207  1207 D wpa_supplicant: wpa_driver_wext_driver_cmd SETSUSPENDOPT 0 len = 4096
06-24 21:42:35.428  1207  1207 D wpa_supplicant: wpa_driver_wext_driver_cmd SETSUSPENDOPT 0 len = 0, 15
06-24 21:42:35.428  1207  1207 D wpa_supplicant: wpa_driver_wext_driver_cmd POWERMODE 0 len = 4096
06-24 21:42:35.428  1207  1207 D wpa_supplicant: wpa_driver_wext_driver_cmd OK len = 0, 2
06-24 21:42:35.435  1207  1207 D wpa_supplicant: wpa_driver_wext_driver_cmd RSSI len = 248
06-24 21:42:35.435  1207  1207 D wpa_supplicant: wpa_driver_wext_driver_cmd raikiri rssi -22  len = 17, 17
06-24 21:42:35.435  1207  1207 D wpa_supplicant: wpa_driver_wext_driver_cmd LINKSPEED len = 248
06-24 21:42:35.435  1207  1207 D wpa_supplicant: wpa_driver_wext_driver_cmd LinkSpeed 72 len = 12, 12
06-24 21:42:35.525  1011  1014 D dalvikvm: GC_CONCURRENT freed 668K, 9% free 10310K/11271K, paused 2ms+2ms
06-24 21:42:38.443  1207  1207 D wpa_supplicant: wpa_driver_wext_driver_cmd RSSI len = 248
06-24 21:42:38.451  1207  1207 D wpa_supplicant: wpa_driver_wext_driver_cmd raikiri rssi -21  len = 17, 17
06-24 21:42:38.451  1207  1207 D wpa_supplicant: wpa_driver_wext_driver_cmd LINKSPEED len = 248
06-24 21:42:38.451  1207  1207 D wpa_supplicant: wpa_driver_wext_driver_cmd LinkSpeed 72 len = 12, 12
06-24 21:42:41.459  1207  1207 D wpa_supplicant: wpa_driver_wext_driver_cmd RSSI len = 248
06-24 21:42:41.463  1207  1207 D wpa_supplicant: wpa_driver_wext_driver_cmd raikiri rssi -22  len = 17, 17
06-24 21:42:41.463  1207  1207 D wpa_supplicant: wpa_driver_wext_driver_cmd LINKSPEED len = 248
06-24 21:42:41.470  1207  1207 D wpa_supplicant: wpa_driver_wext_driver_cmd LinkSpeed 72 len = 12, 12
06-24 21:42:44.478  1207  1207 D wpa_supplicant: wpa_driver_wext_driver_cmd RSSI len = 248
06-24 21:42:44.482  1207  1207 D wpa_supplicant: wpa_driver_wext_driver_cmd raikiri rssi -21  len = 17, 17
06-24 21:42:44.482  1207  1207 D wpa_supplicant: wpa_driver_wext_driver_cmd LINKSPEED len = 248
06-24 21:42:44.490  1207  1207 D wpa_supplicant: wpa_driver_wext_driver_cmd LinkSpeed 72 len = 12, 12
06-24 21:42:47.498  1207  1207 D wpa_supplicant: wpa_driver_wext_driver_cmd RSSI len = 248
06-24 21:42:47.502  1207  1207 D wpa_supplicant: wpa_driver_wext_driver_cmd raikiri rssi -21  len = 17, 17
06-24 21:42:47.502  1207  1207 D wpa_supplicant: wpa_driver_wext_driver_cmd LINKSPEED len = 248
06-24 21:42:47.506  1207  1207 D wpa_supplicant: wpa_driver_wext_driver_cmd LinkSpeed 72 len = 12, 12
06-24 21:42:50.517  1207  1207 D wpa_supplicant: wpa_driver_wext_driver_cmd RSSI len = 248
06-24 21:42:50.521  1207  1207 D wpa_supplicant: wpa_driver_wext_driver_cmd raikiri rssi -23  len = 17, 17
06-24 21:42:50.521  1207  1207 D wpa_supplicant: wpa_driver_wext_driver_cmd LINKSPEED len = 248
06-24 21:42:50.525  1207  1207 D wpa_supplicant: wpa_driver_wext_driver_cmd LinkSpeed 72 len = 12, 12
06-24 21:42:53.533  1207  1207 D wpa_supplicant: wpa_driver_wext_driver_cmd RSSI len = 248
06-24 21:42:53.537  1207  1207 D wpa_supplicant: wpa_driver_wext_driver_cmd raikiri rssi -21  len = 17, 17
06-24 21:42:53.541  1207  1207 D wpa_supplicant: wpa_driver_wext_driver_cmd LINKSPEED len = 248
06-24 21:42:53.545  1207  1207 D wpa_supplicant: wpa_driver_wext_driver_cmd LinkSpeed 72 len = 12, 12
06-24 21:42:56.549  1207  1207 D wpa_supplicant: wpa_driver_wext_driver_cmd RSSI len = 248
06-24 21:42:56.553  1207  1207 D wpa_supplicant: wpa_driver_wext_driver_cmd raikiri rssi -21  len = 17, 17
06-24 21:42:56.553  1207  1207 D wpa_supplicant: wpa_driver_wext_driver_cmd LINKSPEED len = 248
06-24 21:42:56.556  1207  1207 D wpa_supplicant: wpa_driver_wext_driver_cmd LinkSpeed 72 len = 12, 12
06-24 21:42:58.131   280   282 D dalvikvm: GC_CONCURRENT freed 509K, 7% free 11019K/11847K, paused 2ms+4ms
06-24 21:42:59.568  1207  1207 D wpa_supplicant: wpa_driver_wext_driver_cmd RSSI len = 248
06-24 21:42:59.572  1207  1207 D wpa_supplicant: wpa_driver_wext_driver_cmd raikiri rssi -21  len = 17, 17
06-24 21:42:59.572  1207  1207 D wpa_supplicant: wpa_driver_wext_driver_cmd LINKSPEED len = 248
06-24 21:42:59.576  1207  1207 D wpa_supplicant: wpa_driver_wext_driver_cmd LinkSpeed 72 len = 12, 12
06-24 21:43:02.584  1207  1207 D wpa_supplicant: wpa_driver_wext_driver_cmd RSSI len = 248
06-24 21:43:02.592  1207  1207 D wpa_supplicant: wpa_driver_wext_driver_cmd raikiri rssi -21  len = 17, 17
06-24 21:43:02.592  1207  1207 D wpa_supplicant: wpa_driver_wext_driver_cmd LINKSPEED len = 248
06-24 21:43:02.595  1207  1207 D wpa_supplicant: wpa_driver_wext_driver_cmd LinkSpeed 72 len = 12, 12
06-24 21:43:05.603  1207  1207 D wpa_supplicant: wpa_driver_wext_driver_cmd RSSI len = 248
06-24 21:43:05.611  1207  1207 D wpa_supplicant: wpa_driver_wext_driver_cmd raikiri rssi -20  len = 17, 17
06-24 21:43:05.611  1207  1207 D wpa_supplicant: wpa_driver_wext_driver_cmd LINKSPEED len = 248
06-24 21:43:05.611  1207  1207 D wpa_supplicant: wpa_driver_wext_driver_cmd LinkSpeed 72 len = 12, 12
06-24 21:43:08.619  1207  1207 D wpa_supplicant: wpa_driver_wext_driver_cmd RSSI len = 248
06-24 21:43:08.627  1207  1207 D wpa_supplicant: wpa_driver_wext_driver_cmd raikiri rssi -21  len = 17, 17
06-24 21:43:08.627  1207  1207 D wpa_supplicant: wpa_driver_wext_driver_cmd LINKSPEED len = 248
06-24 21:43:08.627  1207  1207 D wpa_supplicant: wpa_driver_wext_driver_cmd LinkSpeed 72 len = 12, 12
06-24 21:43:11.642  1207  1207 D wpa_supplicant: wpa_driver_wext_driver_cmd RSSI len = 248
06-24 21:43:11.646  1207  1207 D wpa_supplicant: wpa_driver_wext_driver_cmd raikiri rssi -20  len = 17, 17
06-24 21:43:11.646  1207  1207 D wpa_supplicant: wpa_driver_wext_driver_cmd LINKSPEED len = 248
06-24 21:43:11.650  1207  1207 D wpa_supplicant: wpa_driver_wext_driver_cmd LinkSpeed 72 len = 12, 12
06-24 21:43:14.658  1207  1207 D wpa_supplicant: wpa_driver_wext_driver_cmd RSSI len = 248
06-24 21:43:14.662  1207  1207 D wpa_supplicant: wpa_driver_wext_driver_cmd raikiri rssi -20  len = 17, 17
06-24 21:43:14.662  1207  1207 D wpa_supplicant: wpa_driver_wext_driver_cmd LINKSPEED len = 248
06-24 21:43:14.666  1207  1207 D wpa_supplicant: wpa_driver_wext_driver_cmd LinkSpeed 72 len = 12, 12
06-24 21:43:17.678  1207  1207 D wpa_supplicant: wpa_driver_wext_driver_cmd RSSI len = 248
06-24 21:43:17.681  1207  1207 D wpa_supplicant: wpa_driver_wext_driver_cmd raikiri rssi -23  len = 17, 17
06-24 21:43:17.685  1207  1207 D wpa_supplicant: wpa_driver_wext_driver_cmd LINKSPEED len = 248
06-24 21:43:17.689  1207  1207 D wpa_supplicant: wpa_driver_wext_driver_cmd LinkSpeed 72 len = 12, 12
06-24 21:43:20.701  1207  1207 D wpa_supplicant: wpa_driver_wext_driver_cmd RSSI len = 248
06-24 21:43:20.705  1207  1207 D wpa_supplicant: wpa_driver_wext_driver_cmd raikiri rssi -22  len = 17, 17
06-24 21:43:20.705  1207  1207 D wpa_supplicant: wpa_driver_wext_driver_cmd LINKSPEED len = 248
06-24 21:43:20.713  1207  1207 D wpa_supplicant: wpa_driver_wext_driver_cmd LinkSpeed 72 len = 12, 12
06-24 21:43:23.717  1207  1207 D wpa_supplicant: wpa_driver_wext_driver_cmd RSSI len = 248
06-24 21:43:23.720  1207  1207 D wpa_supplicant: wpa_driver_wext_driver_cmd raikiri rssi -20  len = 17, 17
06-24 21:43:23.720  1207  1207 D wpa_supplicant: wpa_driver_wext_driver_cmd LINKSPEED len = 248
06-24 21:43:23.724  1207  1207 D wpa_supplicant: wpa_driver_wext_driver_cmd LinkSpeed 72 len = 12, 12
06-24 21:43:26.740  1207  1207 D wpa_supplicant: wpa_driver_wext_driver_cmd RSSI len = 248
06-24 21:43:26.748  1207  1207 D wpa_supplicant: wpa_driver_wext_driver_cmd raikiri rssi -21  len = 17, 17
06-24 21:43:26.748  1207  1207 D wpa_supplicant: wpa_driver_wext_driver_cmd LINKSPEED len = 248
06-24 21:43:26.748  1207  1207 D wpa_supplicant: wpa_driver_wext_driver_cmd LinkSpeed 72 len = 12, 12
06-24 21:43:29.756  1207  1207 D wpa_supplicant: wpa_driver_wext_driver_cmd RSSI len = 248
06-24 21:43:29.760  1207  1207 D wpa_supplicant: wpa_driver_wext_driver_cmd raikiri rssi -21  len = 17, 17
06-24 21:43:29.760  1207  1207 D wpa_supplicant: wpa_driver_wext_driver_cmd LINKSPEED len = 248
06-24 21:43:29.763  1207  1207 D wpa_supplicant: wpa_driver_wext_driver_cmd LinkSpeed 72 len = 12, 12
06-24 21:43:32.775  1207  1207 D wpa_supplicant: wpa_driver_wext_driver_cmd RSSI len = 248
06-24 21:43:32.779  1207  1207 D wpa_supplicant: wpa_driver_wext_driver_cmd raikiri rssi -20  len = 17, 17
06-24 21:43:32.783  1207  1207 D wpa_supplicant: wpa_driver_wext_driver_cmd LINKSPEED len = 248
06-24 21:43:32.783  1207  1207 D wpa_supplicant: wpa_driver_wext_driver_cmd LinkSpeed 72 len = 12, 12
06-24 21:43:34.092  1207  1207 D wpa_supplicant: wpa_driver_wext_driver_cmd SETSUSPENDOPT 0 len = 4096
06-24 21:43:34.092  1207  1207 D wpa_supplicant: wpa_driver_wext_driver_cmd SETSUSPENDOPT 0 len = 0, 15
06-24 21:43:34.095  1207  1207 D wpa_supplicant: wpa_driver_wext_driver_cmd POWERMODE 0 len = 4096
06-24 21:43:34.095  1207  1207 D wpa_supplicant: wpa_driver_wext_driver_cmd OK len = 0, 2
06-24 21:43:34.099  1207  1207 D wpa_supplicant: WPS: Building WPS IE for Probe Request
06-24 21:43:34.099  1207  1207 D wpa_supplicant: WPS:  * Version (hardcoded 0x10)
06-24 21:43:34.099  1207  1207 D wpa_supplicant: WPS:  * Request Type
06-24 21:43:34.099  1207  1207 D wpa_supplicant: WPS:  * Config Methods (2388)
06-24 21:43:34.099  1207  1207 D wpa_supplicant: WPS:  * UUID-E
06-24 21:43:34.099  1207  1207 D wpa_supplicant: WPS:  * Primary Device Type
06-24 21:43:34.099  1207  1207 D wpa_supplicant: WPS:  * RF Bands (3)
06-24 21:43:34.099  1207  1207 D wpa_supplicant: WPS:  * Association State
06-24 21:43:34.099  1207  1207 D wpa_supplicant: WPS:  * Configuration Error (0)
06-24 21:43:34.099  1207  1207 D wpa_supplicant: WPS:  * Device Password ID (0)
06-24 21:43:34.099  1207  1207 D wpa_supplicant: WPS:  * Manufacturer
06-24 21:43:34.099  1207  1207 D wpa_supplicant: WPS:  * Model Name
06-24 21:43:34.099  1207  1207 D wpa_supplicant: WPS:  * Model Number
06-24 21:43:34.099  1207  1207 D wpa_supplicant: WPS:  * Device Name
06-24 21:43:34.099  1207  1207 D wpa_supplicant: WPS:  * Version2 (0x20)
06-24 21:43:34.099  1207  1207 D wpa_supplicant: wpa_driver_wext_combo_scan: Start
06-24 21:43:34.099  1207  1207 D wpa_supplicant: For Scan: (null)
06-24 21:43:34.103  1207  1207 D wpa_supplicant: Scan requested (ret=0) - scan timeout 30 seconds
06-24 21:43:34.115   142   381 I ActivityManager: No longer want com.spotify.mobile.android.service (pid 30207): hidden #16
06-24 21:43:34.131   142 30604 W ActivityManager: Scheduling restart of crashed service com.spotify.mobile.android.ui/com.spotify.mobile.android.service.SpotifyService in 5000ms
06-24 21:43:34.154   142 30604 W AudioService:   RemoteControlClient died
06-24 21:43:35.260  1207  1207 D wpa_supplicant: RTM_NEWLINK: operstate=1 ifi_flags=0x11043 ([UP][RUNNING][LOWER_UP])
06-24 21:43:35.260  1207  1207 D wpa_supplicant: RTM_NEWLINK, IFLA_IFNAME: Interface 'wlan0' added
06-24 21:43:35.260  1207  1207 D wpa_supplicant: Wireless event: cmd=0x8b19 len=8
06-24 21:43:35.260  1207  1207 D wpa_supplicant: Received 1424 bytes of scan results (6 BSSes)
06-24 21:43:35.392  1207  1207 D wpa_supplicant: wpa_driver_wext_driver_cmd SETSUSPENDOPT 0 len = 4096
06-24 21:43:35.392  1207  1207 D wpa_supplicant: wpa_driver_wext_driver_cmd SETSUSPENDOPT 0 len = 0, 15
06-24 21:43:35.392  1207  1207 D wpa_supplicant: wpa_driver_wext_driver_cmd POWERMODE 0 len = 4096
06-24 21:43:35.392  1207  1207 D wpa_supplicant: wpa_driver_wext_driver_cmd OK len = 0, 2
06-24 21:43:35.791  1207  1207 D wpa_supplicant: wpa_driver_wext_driver_cmd RSSI len = 248
06-24 21:43:35.795  1207  1207 D wpa_supplicant: wpa_driver_wext_driver_cmd raikiri rssi -23  len = 17, 17
06-24 21:43:35.795  1207  1207 D wpa_supplicant: wpa_driver_wext_driver_cmd LINKSPEED len = 248
06-24 21:43:35.799  1207  1207 D wpa_supplicant: wpa_driver_wext_driver_cmd LinkSpeed 72 len = 12, 12
06-24 21:43:38.803  1207  1207 D wpa_supplicant: wpa_driver_wext_driver_cmd RSSI len = 248
06-24 21:43:38.806  1207  1207 D wpa_supplicant: wpa_driver_wext_driver_cmd raikiri rssi -20  len = 17, 17
06-24 21:43:38.806  1207  1207 D wpa_supplicant: wpa_driver_wext_driver_cmd LINKSPEED len = 248
06-24 21:43:38.814  1207  1207 D wpa_supplicant: wpa_driver_wext_driver_cmd LinkSpeed 72 len = 12, 12
06-24 21:43:39.181   142   159 I ActivityManager: Start proc com.spotify.mobile.android.service for service com.spotify.mobile.android.ui/com.spotify.mobile.android.service.SpotifyService: pid=5992 uid=10055 gids={3003, 1015}
06-24 21:43:39.244  5992  5992 D dalvikvm: Trying to load lib /data/data/com.spotify.mobile.android.ui/lib/liborbit-jni-spotify.so 0x41314d90
06-24 21:43:39.275  5992  5992 D dalvikvm: Added shared lib /data/data/com.spotify.mobile.android.ui/lib/liborbit-jni-spotify.so 0x41314d90
06-24 21:43:39.345   142   344 I ActivityManager: No longer want com.whatsapp:contacts (pid 5427): hidden #16
06-24 21:43:41.369  5992  6006 W dalvikvm: dvmFindClassByName rejecting 'com/spotify/mobile/android/core/internal/HttpConnection'
06-24 21:43:41.818  1207  1207 D wpa_supplicant: wpa_driver_wext_driver_cmd RSSI len = 248
06-24 21:43:41.822  1207  1207 D wpa_supplicant: wpa_driver_wext_driver_cmd raikiri rssi -33  len = 17, 17
06-24 21:43:41.826  1207  1207 D wpa_supplicant: wpa_driver_wext_driver_cmd LINKSPEED len = 248
06-24 21:43:41.830  1207  1207 D wpa_supplicant: wpa_driver_wext_driver_cmd LinkSpeed 72 len = 12, 12
06-24 21:43:42.123  5992  5995 D dalvikvm: GC_CONCURRENT freed 239K, 4% free 9297K/9607K, paused 2ms+9ms
06-24 21:43:42.310  5992  5995 D dalvikvm: GC_CONCURRENT freed 428K, 6% free 9359K/9863K, paused 2ms+3ms
06-24 21:43:43.662  5992  6015 D dalvikvm: GC_FOR_ALLOC freed 236K, 5% free 9505K/9991K, paused 72ms
06-24 21:43:43.865  5992  6015 D dalvikvm: GC_FOR_ALLOC freed 125K, 7% free 9453K/10119K, paused 53ms
06-24 21:43:43.865  5992  6015 I dalvikvm-heap: Grow heap (frag case) to 9.442MB for 148516-byte allocation
06-24 21:43:43.881  5992  6015 D dalvikvm: GC_FOR_ALLOC freed 72K, 8% free 9526K/10311K, paused 14ms
06-24 21:43:44.287  5992  6015 D dalvikvm: GC_FOR_ALLOC freed <1K, 8% free 9526K/10311K, paused 42ms
06-24 21:43:44.287  5992  6015 I dalvikvm-heap: Grow heap (frag case) to 9.660MB for 302836-byte allocation
06-24 21:43:44.303  5992  6015 D dalvikvm: GC_FOR_ALLOC freed 145K, 9% free 9676K/10631K, paused 14ms
06-24 21:43:44.842  1207  1207 D wpa_supplicant: wpa_driver_wext_driver_cmd RSSI len = 248
06-24 21:43:44.849  1207  1207 D wpa_supplicant: wpa_driver_wext_driver_cmd raikiri rssi -33  len = 17, 17
06-24 21:43:44.849  1207  1207 D wpa_supplicant: wpa_driver_wext_driver_cmd LINKSPEED len = 248
06-24 21:43:44.853  1207  1207 D wpa_supplicant: wpa_driver_wext_driver_cmd LinkSpeed 72 len = 12, 12
06-24 21:43:47.861  1207  1207 D wpa_supplicant: wpa_driver_wext_driver_cmd RSSI len = 248
06-24 21:43:47.865  1207  1207 D wpa_supplicant: wpa_driver_wext_driver_cmd raikiri rssi -21  len = 17, 17
06-24 21:43:47.865  1207  1207 D wpa_supplicant: wpa_driver_wext_driver_cmd LINKSPEED len = 248
06-24 21:43:47.869  1207  1207 D wpa_supplicant: wpa_driver_wext_driver_cmd LinkSpeed 72 len = 12, 12
06-24 21:43:50.877  1207  1207 D wpa_supplicant: wpa_driver_wext_driver_cmd RSSI len = 248
06-24 21:43:50.881  1207  1207 D wpa_supplicant: wpa_driver_wext_driver_cmd raikiri rssi -22  len = 17, 17
06-24 21:43:50.881  1207  1207 D wpa_supplicant: wpa_driver_wext_driver_cmd LINKSPEED len = 248
06-24 21:43:50.885  1207  1207 D wpa_supplicant: wpa_driver_wext_driver_cmd LinkSpeed 72 len = 12, 12
06-24 21:43:53.896  1207  1207 D wpa_supplicant: wpa_driver_wext_driver_cmd RSSI len = 248
06-24 21:43:53.904  1207  1207 D wpa_supplicant: wpa_driver_wext_driver_cmd raikiri rssi -21  len = 17, 17
06-24 21:43:53.904  1207  1207 D wpa_supplicant: wpa_driver_wext_driver_cmd LINKSPEED len = 248
06-24 21:43:53.908  1207  1207 D wpa_supplicant: wpa_driver_wext_driver_cmd LinkSpeed 72 len = 12, 12
06-24 21:43:56.912  1207  1207 D wpa_supplicant: wpa_driver_wext_driver_cmd RSSI len = 248
06-24 21:43:56.920  1207  1207 D wpa_supplicant: wpa_driver_wext_driver_cmd raikiri rssi -20  len = 17, 17
06-24 21:43:56.920  1207  1207 D wpa_supplicant: wpa_driver_wext_driver_cmd LINKSPEED len = 248
06-24 21:43:56.924  1207  1207 D wpa_supplicant: wpa_driver_wext_driver_cmd LinkSpeed 72 len = 12, 12
06-24 21:43:59.931  1207  1207 D wpa_supplicant: wpa_driver_wext_driver_cmd RSSI len = 248
06-24 21:43:59.939  1207  1207 D wpa_supplicant: wpa_driver_wext_driver_cmd raikiri rssi -22  len = 17, 17
06-24 21:43:59.939  1207  1207 D wpa_supplicant: wpa_driver_wext_driver_cmd LINKSPEED len = 248
06-24 21:43:59.943  1207  1207 D wpa_supplicant: wpa_driver_wext_driver_cmd LinkSpeed 72 len = 12, 12
06-24 21:44:02.947  1207  1207 D wpa_supplicant: wpa_driver_wext_driver_cmd RSSI len = 248
06-24 21:44:02.955  1207  1207 D wpa_supplicant: wpa_driver_wext_driver_cmd raikiri rssi -22  len = 17, 17
06-24 21:44:02.955  1207  1207 D wpa_supplicant: wpa_driver_wext_driver_cmd LINKSPEED len = 248
06-24 21:44:02.955  1207  1207 D wpa_supplicant: wpa_driver_wext_driver_cmd LinkSpeed 72 len = 12, 12
06-24 21:44:05.963  1207  1207 D wpa_supplicant: wpa_driver_wext_driver_cmd RSSI len = 248
06-24 21:44:05.970  1207  1207 D wpa_supplicant: wpa_driver_wext_driver_cmd raikiri rssi -21  len = 17, 17
06-24 21:44:05.970  1207  1207 D wpa_supplicant: wpa_driver_wext_driver_cmd LINKSPEED len = 248
06-24 21:44:05.974  1207  1207 D wpa_supplicant: wpa_driver_wext_driver_cmd LinkSpeed 72 len = 12, 12
06-24 21:44:08.978  1207  1207 D wpa_supplicant: wpa_driver_wext_driver_cmd RSSI len = 248
06-24 21:44:08.986  1207  1207 D wpa_supplicant: wpa_driver_wext_driver_cmd raikiri rssi -22  len = 17, 17
06-24 21:44:08.986  1207  1207 D wpa_supplicant: wpa_driver_wext_driver_cmd LINKSPEED len = 248
06-24 21:44:08.990  1207  1207 D wpa_supplicant: wpa_driver_wext_driver_cmd LinkSpeed 72 len = 12, 12
06-24 21:44:11.994  1207  1207 D wpa_supplicant: wpa_driver_wext_driver_cmd RSSI len = 248
06-24 21:44:12.002  1207  1207 D wpa_supplicant: wpa_driver_wext_driver_cmd raikiri rssi -20  len = 17, 17
06-24 21:44:12.002  1207  1207 D wpa_supplicant: wpa_driver_wext_driver_cmd LINKSPEED len = 248
06-24 21:44:12.002  1207  1207 D wpa_supplicant: wpa_driver_wext_driver_cmd LinkSpeed 72 len = 12, 12
06-24 21:44:15.010  1207  1207 D wpa_supplicant: wpa_driver_wext_driver_cmd RSSI len = 248
06-24 21:44:15.013  1207  1207 D wpa_supplicant: wpa_driver_wext_driver_cmd raikiri rssi -21  len = 17, 17
06-24 21:44:15.013  1207  1207 D wpa_supplicant: wpa_driver_wext_driver_cmd LINKSPEED len = 248
06-24 21:44:15.017  1207  1207 D wpa_supplicant: wpa_driver_wext_driver_cmd LinkSpeed 72 len = 12, 12
06-24 21:44:18.029  1207  1207 D wpa_supplicant: wpa_driver_wext_driver_cmd RSSI len = 248
06-24 21:44:18.033  1207  1207 D wpa_supplicant: wpa_driver_wext_driver_cmd raikiri rssi -20  len = 17, 17
06-24 21:44:18.037  1207  1207 D wpa_supplicant: wpa_driver_wext_driver_cmd LINKSPEED len = 248
06-24 21:44:18.041  1207  1207 D wpa_supplicant: wpa_driver_wext_driver_cmd LinkSpeed 72 len = 12, 12
06-24 21:44:21.045  1207  1207 D wpa_supplicant: wpa_driver_wext_driver_cmd RSSI len = 248
06-24 21:44:21.049  1207  1207 D wpa_supplicant: wpa_driver_wext_driver_cmd raikiri rssi -20  len = 17, 17
06-24 21:44:21.049  1207  1207 D wpa_supplicant: wpa_driver_wext_driver_cmd LINKSPEED len = 248
06-24 21:44:21.053  1207  1207 D wpa_supplicant: wpa_driver_wext_driver_cmd LinkSpeed 72 len = 12, 12
06-24 21:44:24.060  1207  1207 D wpa_supplicant: wpa_driver_wext_driver_cmd RSSI len = 248
06-24 21:44:24.064  1207  1207 D wpa_supplicant: wpa_driver_wext_driver_cmd raikiri rssi -22  len = 17, 17
06-24 21:44:24.064  1207  1207 D wpa_supplicant: wpa_driver_wext_driver_cmd LINKSPEED len = 248
06-24 21:44:24.068  1207  1207 D wpa_supplicant: wpa_driver_wext_driver_cmd LinkSpeed 72 len = 12, 12
06-24 21:44:27.076  1207  1207 D wpa_supplicant: wpa_driver_wext_driver_cmd RSSI len = 248
06-24 21:44:27.080  1207  1207 D wpa_supplicant: wpa_driver_wext_driver_cmd raikiri rssi -20  len = 17, 17
06-24 21:44:27.080  1207  1207 D wpa_supplicant: wpa_driver_wext_driver_cmd LINKSPEED len = 248
06-24 21:44:27.080  1207  1207 D wpa_supplicant: wpa_driver_wext_driver_cmd LinkSpeed 72 len = 12, 12
06-24 21:44:30.088  1207  1207 D wpa_supplicant: wpa_driver_wext_driver_cmd RSSI len = 248
06-24 21:44:30.092  1207  1207 D wpa_supplicant: wpa_driver_wext_driver_cmd raikiri rssi -21  len = 17, 17
06-24 21:44:30.092  1207  1207 D wpa_supplicant: wpa_driver_wext_driver_cmd LINKSPEED len = 248
06-24 21:44:30.095  1207  1207 D wpa_supplicant: wpa_driver_wext_driver_cmd LinkSpeed 72 len = 12, 12
06-24 21:44:30.459  1795  1808 I PhoneLab-: Service Running
06-24 21:44:30.560  1795  1808 I PhoneLab-LoggerService: app_37    1165  1     2184   1748  c00f181c 400107b4 S logcat
06-24 21:44:30.560  1795  1808 I PhoneLab-LoggerService: Logcat pid from database 1165
06-24 21:44:30.560  1795  1808 I PhoneLab-LoggerService: Logcat process found 1165
06-24 21:44:30.564  1795  1808 I PhoneLab-LoggerService: Checking Threshold
06-24 21:44:30.564  1795  1808 I PhoneLab-LoggerService: Starting to rename files
06-24 21:44:30.564  1795  1808 I PhoneLab-LoggerService: Files found .. 3
06-24 21:44:33.099  1207  1207 D wpa_supplicant: wpa_driver_wext_driver_cmd RSSI len = 248
06-24 21:44:33.103  1207  1207 D wpa_supplicant: wpa_driver_wext_driver_cmd raikiri rssi -21  len = 17, 17
06-24 21:44:33.103  1207  1207 D wpa_supplicant: wpa_driver_wext_driver_cmd LINKSPEED len = 248
06-24 21:44:33.107  1207  1207 D wpa_supplicant: wpa_driver_wext_driver_cmd LinkSpeed 72 len = 12, 12
06-24 21:44:34.185  1207  1207 D wpa_supplicant: wpa_driver_wext_driver_cmd SETSUSPENDOPT 0 len = 4096
06-24 21:44:34.189  1207  1207 D wpa_supplicant: wpa_driver_wext_driver_cmd SETSUSPENDOPT 0 len = 0, 15
06-24 21:44:34.197  1207  1207 D wpa_supplicant: wpa_driver_wext_driver_cmd POWERMODE 0 len = 4096
06-24 21:44:34.213  1207  1207 D wpa_supplicant: wpa_driver_wext_driver_cmd OK len = 0, 2
06-24 21:44:34.213  1207  1207 D wpa_supplicant: WPS: Building WPS IE for Probe Request
06-24 21:44:34.213  1207  1207 D wpa_supplicant: WPS:  * Version (hardcoded 0x10)
06-24 21:44:34.213  1207  1207 D wpa_supplicant: WPS:  * Request Type
06-24 21:44:34.213  1207  1207 D wpa_supplicant: WPS:  * Config Methods (2388)
06-24 21:44:34.213  1207  1207 D wpa_supplicant: WPS:  * UUID-E
06-24 21:44:34.213  1207  1207 D wpa_supplicant: WPS:  * Primary Device Type
06-24 21:44:34.213  1207  1207 D wpa_supplicant: WPS:  * RF Bands (3)
06-24 21:44:34.213  1207  1207 D wpa_supplicant: WPS:  * Association State
06-24 21:44:34.213  1207  1207 D wpa_supplicant: WPS:  * Configuration Error (0)
06-24 21:44:34.213  1207  1207 D wpa_supplicant: WPS:  * Device Password ID (0)
06-24 21:44:34.213  1207  1207 D wpa_supplicant: WPS:  * Manufacturer
06-24 21:44:34.213  1207  1207 D wpa_supplicant: WPS:  * Model Name
06-24 21:44:34.213  1207  1207 D wpa_supplicant: WPS:  * Model Number
06-24 21:44:34.213  1207  1207 D wpa_supplicant: WPS:  * Device Name
06-24 21:44:34.213  1207  1207 D wpa_supplicant: WPS:  * Version2 (0x20)
06-24 21:44:34.213  1207  1207 D wpa_supplicant: wpa_driver_wext_combo_scan: Start
06-24 21:44:34.213  1207  1207 D wpa_supplicant: For Scan: (null)
06-24 21:44:34.220  1207  1207 D wpa_supplicant: Scan requested (ret=0) - scan timeout 30 seconds
