06-21 10:30:33.370 25302 25318 I GeckoApp: Got message: DOMContentLoaded
06-21 10:30:33.401 25302 25316 I GeckoAppShell: Taking whole-screen screenshot, viewport: ImmutableViewportMetrics v=(0.0,0.0,480.0,690.0) p=(0.0,0.0,480.0,2778.0) c=(0.0,0.0,980.0,5670.75) z=0.4897959
06-21 10:30:34.799  2360  2360 I ActivityManager: Process com.facebook.orca (pid 24132) has died.
06-21 10:30:34.799  2360  2360 W ActivityManager: Scheduling restart of crashed service com.facebook.orca/.push.mqtt.MqttPushService in 5000ms
06-21 10:30:34.920 25302 25316 D dalvikvm: GC_FOR_ALLOC freed 2233K, 21% free 9816K/12295K, paused 19ms
06-21 10:30:34.924 25302 25316 I dalvikvm-heap: Grow heap (frag case) to 11.655MB for 2097168-byte allocation
06-21 10:30:34.979 25302 25303 D dalvikvm: GC_CONCURRENT freed 5K, 4% free 11858K/12295K, paused 2ms+5ms
06-21 10:30:35.198 25302 25335 I Gecko   : Compositor: Composite took 101 ms.
06-21 10:30:35.315  2869  2869 D wpa_supplicant: WPS: Building WPS IE for Probe Request
06-21 10:30:35.315  2869  2869 D wpa_supplicant: WPS:  * Version (hardcoded 0x10)
06-21 10:30:35.315  2869  2869 D wpa_supplicant: WPS:  * Request Type
06-21 10:30:35.315  2869  2869 D wpa_supplicant: WPS:  * Config Methods (2388)
06-21 10:30:35.315  2869  2869 D wpa_supplicant: WPS:  * UUID-E
06-21 10:30:35.315  2869  2869 D wpa_supplicant: WPS:  * Primary Device Type
06-21 10:30:35.315  2869  2869 D wpa_supplicant: WPS:  * RF Bands (3)
06-21 10:30:35.315  2869  2869 D wpa_supplicant: WPS:  * Association State
06-21 10:30:35.315  2869  2869 D wpa_supplicant: WPS:  * Configuration Error (0)
06-21 10:30:35.315  2869  2869 D wpa_supplicant: WPS:  * Device Password ID (0)
06-21 10:30:35.315  2869  2869 D wpa_supplicant: WPS:  * Manufacturer
06-21 10:30:35.315  2869  2869 D wpa_supplicant: WPS:  * Model Name
06-21 10:30:35.315  2869  2869 D wpa_supplicant: WPS:  * Model Number
06-21 10:30:35.315  2869  2869 D wpa_supplicant: WPS:  * Device Name
06-21 10:30:35.315  2869  2869 D wpa_supplicant: WPS:  * Version2 (0x20)
06-21 10:30:35.315  2869  2869 D wpa_supplicant: wpa_driver_wext_combo_scan: Start
06-21 10:30:35.315  2869  2869 D wpa_supplicant: For Scan: (null)
06-21 10:30:35.370  2869  2869 D wpa_supplicant: Scan requested (ret=0) - scan timeout 30 seconds
06-21 10:30:35.385 25302 25335 I Gecko   : Compositor: Composite took 75 ms.
06-21 10:30:35.416 25302 25318 I GeckoApp: Got message: Content:PageShow
06-21 10:30:35.416 25302 25302 D GeckoFavicons: Creating LoadFaviconTask with URL = http://it.slashdot.org/story/12/06/21/1232228/android-app-lets-you-steal-contactless-credit-card-data?utm_source=slashdot&utm_medium=twitter and favicon URL = http://it.slashdot.org/favicon.ico
06-21 10:30:35.424 25302 25302 D GeckoFavicons: Calling loadFavicon() with URL = http://it.slashdot.org/story/12/06/21/1232228/android-app-lets-you-steal-contactless-credit-card-data?utm_source=slashdot&utm_medium=twitter and favicon URL = http://it.slashdot.org/favicon.ico (2)
06-21 10:30:35.428 25302 25342 D GeckoFavicons: Favicon URL is now: http://it.slashdot.org/favicon.ico
06-21 10:30:35.432 25302 25342 D GeckoFavicons: Calling getFaviconUrlForPageUrl() for http://it.slashdot.org/story/12/06/21/1232228/android-app-lets-you-steal-contactless-credit-card-data?utm_source=slashdot&utm_medium=twitter
06-21 10:30:35.448 25302 25318 I GeckoApp: Got message: Content:StateChange
06-21 10:30:35.448 25302 25318 I GeckoApp: State - 786448
06-21 10:30:35.448 25302 25318 I GeckoApp: Got a document stop
06-21 10:30:35.448 25302 25302 I GeckoToolbar: zerdatime 68924815 - Throbber stop
06-21 10:30:35.522 25302 25342 D GeckoFavicons: Downloading favicon for URL = http://it.slashdot.org/story/12/06/21/1232228/android-app-lets-you-steal-contactless-credit-card-data?utm_source=slashdot&utm_medium=twitter with favicon URL = http://it.slashdot.org/favicon.ico
06-21 10:30:35.850  2869  2869 D wpa_supplicant: RTM_NEWLINK: operstate=0 ifi_flags=0x11003 ([UP][LOWER_UP])
06-21 10:30:35.850  2869  2869 D wpa_supplicant: RTM_NEWLINK, IFLA_IFNAME: Interface 'wlan0' added
06-21 10:30:35.850  2869  2869 D wpa_supplicant: Wireless event: cmd=0x8b19 len=8
06-21 10:30:35.850  2869  2869 D wpa_supplicant: Received 1485 bytes of scan results (8 BSSes)
06-21 10:30:35.956 25302 25316 I GeckoAppShell: Taking whole-screen screenshot, viewport: ImmutableViewportMetrics v=(0.0,0.0,480.0,690.0) p=(0.0,0.0,480.0,2778.0) c=(0.0,0.0,980.0,5670.75) z=0.4897959
06-21 10:30:36.311 25302 25316 D dalvikvm: GC_FOR_ALLOC freed 2326K, 21% free 9841K/12359K, paused 20ms
06-21 10:30:36.311 25302 25316 I dalvikvm-heap: Grow heap (frag case) to 11.679MB for 2097168-byte allocation
06-21 10:30:36.350 25302 25303 D dalvikvm: GC_CONCURRENT freed 2K, 4% free 11886K/12359K, paused 5ms+5ms
06-21 10:30:36.432 20719 20720 D dalvikvm: GC_CONCURRENT freed 387K, 6% free 10032K/10631K, paused 93ms+6ms
06-21 10:30:36.901 25302 25342 D GeckoFavicons: Downloaded favicon successfully for URL = http://it.slashdot.org/story/12/06/21/1232228/android-app-lets-you-steal-contactless-credit-card-data?utm_source=slashdot&utm_medium=twitter
06-21 10:30:36.901 25302 25342 D GeckoFavicons: Saving favicon on browser database for URL = http://it.slashdot.org/story/12/06/21/1232228/android-app-lets-you-steal-contactless-credit-card-data?utm_source=slashdot&utm_medium=twitter
06-21 10:30:38.213 25302 25342 D GeckoFavicons: Saving favicon URL for URL = http://it.slashdot.org/story/12/06/21/1232228/android-app-lets-you-steal-contactless-credit-card-data?utm_source=slashdot&utm_medium=twitter
06-21 10:30:38.213 25302 25342 D GeckoFavicons: Calling setFaviconUrlForPageUrl() for http://it.slashdot.org/story/12/06/21/1232228/android-app-lets-you-steal-contactless-credit-card-data?utm_source=slashdot&utm_medium=twitter
06-21 10:30:38.780 25302 25302 D GeckoFavicons: LoadFaviconTask finished for URL = http://it.slashdot.org/story/12/06/21/1232228/android-app-lets-you-steal-contactless-credit-card-data?utm_source=slashdot&utm_medium=twitter (2)
06-21 10:30:38.780 25302 25302 I GeckoApp: Favicon successfully loaded for URL = http://it.slashdot.org/story/12/06/21/1232228/android-app-lets-you-steal-contactless-credit-card-data?utm_source=slashdot&utm_medium=twitter
06-21 10:30:38.780 25302 25302 I GeckoApp: Favicon is for current URL = http://it.slashdot.org/story/12/06/21/1232228/android-app-lets-you-steal-contactless-credit-card-data?utm_source=slashdot&utm_medium=twitter
06-21 10:30:38.780 25302 25302 I GeckoTab: Updated favicon for tab with id: 1
06-21 10:30:39.854 25302 25335 I Gecko   : Compositor: Composite took 81 ms.
06-21 10:30:39.862  2360  2377 I ActivityManager: Start proc com.facebook.orca for service com.facebook.orca/.push.mqtt.MqttPushService: pid=25345 uid=10062 gids={3003, 1015, 1006}
06-21 10:30:39.940 25345 25345 I dalvikvm: Turning on JNI app bug workarounds for target SDK version 10...
06-21 10:30:39.959 25302 25335 I Gecko   : Compositor: Composite took 45 ms.
06-21 10:30:39.998 25302 25335 I Gecko   : Compositor: Composite took 34 ms.
06-21 10:30:40.034  2335  2335 D dalvikvm: GC_EXPLICIT freed 38K, 4% free 9031K/9347K, paused 4ms+21ms
06-21 10:30:40.053 25302 25335 I Gecko   : Compositor: Composite took 32 ms.
06-21 10:30:40.108 25302 25316 I GeckoAppShell: Taking whole-screen screenshot, viewport: ImmutableViewportMetrics v=(0.0,197.93181,480.0,887.9318) p=(0.0,0.0,480.0,2778.0) c=(0.0,0.0,980.0,5670.75) z=0.4897959
06-21 10:30:40.123 25302 25335 I Gecko   : Compositor: Composite took 32 ms.
06-21 10:30:40.147 25302 25335 I Gecko   : Compositor: Composite took 33 ms.
06-21 10:30:40.198  2335  2335 D dalvikvm: GC_EXPLICIT freed <1K, 4% free 9031K/9347K, paused 8ms+14ms
06-21 10:30:40.229 25302 25335 I Gecko   : Compositor: Composite took 30 ms.
06-21 10:30:40.280 25302 25335 I Gecko   : Compositor: Composite took 32 ms.
06-21 10:30:40.354  2335  2335 D dalvikvm: GC_EXPLICIT freed <1K, 4% free 9031K/9347K, paused 5ms+21ms
06-21 10:30:40.448 25345 25345 I ActivityThread: Pub com.facebook.orca.notify.MessengerForegroundProvider: com.facebook.orca.notify.MessengerForegroundProvider
06-21 10:30:40.467 25345 25345 I ActivityThread: Pub com.facebook.orca.notify.MessengerLoggedInUserProvider: com.facebook.orca.notify.MessengerLoggedInUserProvider
06-21 10:30:40.475 25345 25345 V orca:OrcaApplication: Forcing initialization of AsyncTask
06-21 10:30:40.604 25302 25302 D GeckoPanZoomController: Finishing animation at ImmutableViewportMetrics v=(0.0,254.64679,480.0,944.6468) p=(0.0,0.0,480.0,2778.0) c=(0.0,0.0,980.0,5670.75) z=0.4897959
06-21 10:30:40.647 25345 25347 D dalvikvm: GC_CONCURRENT freed 232K, 4% free 9304K/9607K, paused 20ms+10ms
06-21 10:30:40.655 25345 25345 I Finalizer: Couldn't access Thread.inheritableThreadLocals. Reference finalizer threads will inherit thread local values.
06-21 10:30:40.815 25302 25316 D dalvikvm: GC_FOR_ALLOC freed 2277K, 21% free 9873K/12359K, paused 52ms
06-21 10:30:40.819 25302 25316 I dalvikvm-heap: Grow heap (frag case) to 11.709MB for 2097168-byte allocation
06-21 10:30:40.877 25302 25310 D dalvikvm: GC_FOR_ALLOC freed <1K, 4% free 11920K/12359K, paused 34ms
06-21 10:30:40.987 25302 25303 D dalvikvm: GC_CONCURRENT freed 8K, 4% free 11913K/12359K, paused 2ms+6ms
06-21 10:30:41.045 25302 25335 I Gecko   : Compositor: Composite took 92 ms.
06-21 10:30:41.049  2556  2556 D dalvikvm: GC_EXPLICIT freed 7K, 6% free 9107K/9607K, paused 2ms+12ms
06-21 10:30:41.096 25345 25347 D dalvikvm: GC_CONCURRENT freed 370K, 5% free 9463K/9927K, paused 2ms+5ms
06-21 10:30:41.260 25345 25345 W OrcaGuiceModule: Sig: ijxLJi1yGs1JpL-X1SExmchvork
06-21 10:30:41.377 25302 25335 I Gecko   : Compositor: Composite took 33 ms.
06-21 10:30:41.467 25345 25347 D dalvikvm: GC_CONCURRENT freed 270K, 4% free 9624K/9991K, paused 14ms+6ms
06-21 10:30:41.791 25345 25361 W Resources: Converting to string: TypedValue{t=0x10/d=0xffffffff a=-1}
06-21 10:30:41.948 25345 25347 D dalvikvm: GC_CONCURRENT freed 326K, 4% free 9848K/10247K, paused 2ms+12ms
06-21 10:30:42.053 25345 25345 D ACRA    : Retrieve application default SharedPreferences.
06-21 10:30:42.053 25345 25345 D ACRA    : Set OnSharedPreferenceChangeListener.
06-21 10:30:42.053 25345 25345 D ACRA    : ACRA is enabled for com.facebook.orca, intializing...
06-21 10:30:42.170 25345 25347 D dalvikvm: GC_CONCURRENT freed 293K, 4% free 10071K/10439K, paused 2ms+3ms
06-21 10:30:42.170 25345 25345 D ACRA    : Looking for error files in /data/data/com.facebook.orca/app_acra-reports
06-21 10:30:42.225 25345 25361 D dalvikvm: GC_FOR_ALLOC freed 240K, 6% free 10116K/10695K, paused 25ms
06-21 10:30:42.307 25345 25361 D dalvikvm: GC_FOR_ALLOC freed 141K, 5% free 10226K/10695K, paused 37ms
06-21 10:30:42.358 25345 25361 D dalvikvm: GC_FOR_ALLOC freed 180K, 6% free 10245K/10823K, paused 31ms
06-21 10:30:42.549 25345 25347 D dalvikvm: GC_CONCURRENT freed 389K, 5% free 10427K/10887K, paused 2ms+6ms
06-21 10:30:42.788 25345 25347 D dalvikvm: GC_CONCURRENT freed 111K, 2% free 10833K/11015K, paused 2ms+3ms
06-21 10:30:42.854  2360  2632 I ActivityManager: Process com.xabber.androiddev (pid 23734) has died.
06-21 10:30:42.854  2360  2632 W ActivityManager: Scheduling restart of crashed service com.xabber.androiddev/com.xabber.android.service.XMPPService in 5000ms
06-21 10:30:42.858  2869  2869 D wpa_supplicant: wpa_driver_wext_driver_cmd SETSUSPENDOPT 0 len = 4096
06-21 10:30:42.858  2869  2869 D wpa_supplicant: wpa_driver_wext_driver_cmd SETSUSPENDOPT 0 len = 0, 15
06-21 10:30:42.858  2869  2869 D wpa_supplicant: wpa_driver_wext_driver_cmd POWERMODE 0 len = 4096
06-21 10:30:42.866  2869  2869 D wpa_supplicant: wpa_driver_wext_driver_cmd OK len = 0, 2
06-21 10:30:43.092 25345 25347 D dalvikvm: GC_CONCURRENT freed 407K, 5% free 11048K/11527K, paused 2ms+6ms
06-21 10:30:43.303 25345 25347 D dalvikvm: GC_CONCURRENT freed 461K, 5% free 11315K/11847K, paused 2ms+3ms
06-21 10:30:44.338 25302 25335 I Gecko   : Compositor: Composite took 30 ms.
06-21 10:30:44.370 25302 25335 I Gecko   : Compositor: Composite took 30 ms.
06-21 10:30:44.541 25302 25335 I Gecko   : Compositor: Composite took 30 ms.
06-21 10:30:44.764 25302 25335 I Gecko   : Compositor: Composite took 33 ms.
06-21 10:30:44.963 25302 25335 I Gecko   : Compositor: Composite took 32 ms.
06-21 10:30:45.260 25302 25302 D GeckoPanZoomController: Finishing animation at ImmutableViewportMetrics v=(0.0,646.3606,480.0,1336.3604) p=(0.0,0.0,480.0,2778.0) c=(0.0,0.0,980.0,5670.75) z=0.4897959
06-21 10:30:45.967 25302 25316 I GeckoAppShell: Taking whole-screen screenshot, viewport: ImmutableViewportMetrics v=(0.0,646.3606,480.0,1336.3604) p=(0.0,0.0,480.0,2778.0) c=(0.0,0.0,980.0,5670.75) z=0.4897959
06-21 10:30:45.979 25302 25335 I Gecko   : Compositor: Composite took 31 ms.
06-21 10:30:46.280 25302 25316 D dalvikvm: GC_FOR_ALLOC freed 2424K, 21% free 9861K/12359K, paused 25ms
06-21 10:30:46.280 25302 25316 I dalvikvm-heap: Grow heap (frag case) to 11.699MB for 2097168-byte allocation
06-21 10:30:46.311 25302 25335 D dalvikvm: GC_FOR_ALLOC freed 22K, 4% free 11886K/12359K, paused 19ms
06-21 10:30:46.350 25302 25335 I Gecko   : Compositor: Composite took 74 ms.
06-21 10:30:46.385 25302 25303 D dalvikvm: GC_CONCURRENT freed 2K, 4% free 11887K/12359K, paused 2ms+7ms
06-21 10:30:46.413 25302 25335 I Gecko   : Compositor: Composite took 53 ms.
06-21 10:30:47.897 25371 25371 D dalvikvm: Late-enabling CheckJNI
06-21 10:30:47.901  2360  2377 I ActivityManager: Start proc com.xabber.androiddev for service com.xabber.androiddev/com.xabber.android.service.XMPPService: pid=25371 uid=10063 gids={3003, 1015}
06-21 10:30:47.995 25371 25371 I dalvikvm: Turning on JNI app bug workarounds for target SDK version 9...
06-21 10:30:48.045  9455  9455 D dalvikvm: GC_EXPLICIT freed 2K, 20% free 11843K/14663K, paused 21ms+5ms
06-21 10:30:48.248 25371 25374 D dalvikvm: GC_CONCURRENT freed 223K, 4% free 9312K/9607K, paused 2ms+2ms
06-21 10:30:48.280 25371 25371 D dalvikvm: GC_FOR_ALLOC freed 273K, 6% free 9426K/9927K, paused 14ms
06-21 10:30:48.377  2360  6791 I ActivityManager: Process com.google.android.apps.maps:LocationFriendService (pid 23713) has died.
06-21 10:30:48.377  2360  6791 W ActivityManager: Scheduling restart of crashed service com.google.android.apps.maps/com.google.googlenav.appwidget.friends.FriendsAppWidgetUpdateService in 5000ms
06-21 10:30:48.428 25371 25374 D dalvikvm: GC_CONCURRENT freed 192K, 3% free 9773K/10055K, paused 3ms+3ms
06-21 10:30:48.573 25371 25374 D dalvikvm: GC_CONCURRENT freed 428K, 5% free 9875K/10375K, paused 2ms+2ms
06-21 10:30:48.725 25371 25371 I com.xabber.android.service.XMPPService@41339f60: onCreate
06-21 10:30:48.725 25371 25371 I com.xabber.android.data.Application@413300e0: onStart
06-21 10:30:48.729 25371 25385 I com.xabber.android.data.LogManager@4133b198: onLoad
06-21 10:30:48.866 25371 25374 D dalvikvm: GC_CONCURRENT freed 170K, 3% free 10138K/10439K, paused 8ms+2ms
06-21 10:30:48.952  2539  2539 D SAN_SERVICE: *******************************************
06-21 10:30:48.952  2539  2539 D SAN_SERVICE: DM App Phone Service State - 0
06-21 10:30:48.952  2539  2539 D SAN_SERVICE: *******************************************
06-21 10:30:48.975  2360 19548 I ActivityManager: Start proc android.process.acore for content provider com.android.providers.contacts/.ContactsProvider2: pid=25387 uid=10000 gids={3003, 1015}
06-21 10:30:49.030 25387 25387 I ActivityThread: Pub com.android.voicemail: com.android.providers.contacts.VoicemailContentProvider
06-21 10:30:49.081 25387 25387 I ActivityThread: Pub user_dictionary: com.android.providers.userdictionary.UserDictionaryProvider
06-21 10:30:49.096 25387 25387 I ActivityThread: Pub com.android.social: com.android.providers.contacts.SocialProvider
06-21 10:30:49.100 25387 25387 I ActivityThread: Pub applications: com.android.providers.applications.ApplicationsProvider
06-21 10:30:49.182  2539  2539 D SAN_SERVICE: *******************************************
06-21 10:30:49.182  2539  2539 D SAN_SERVICE: DM App Phone Service State - 0
06-21 10:30:49.182  2539  2539 D SAN_SERVICE: *******************************************
06-21 10:30:49.225 25387 25387 I ActivityThread: Pub contacts;com.android.contacts: com.android.providers.contacts.ContactsProvider2
06-21 10:30:49.284 25387 25390 D dalvikvm: GC_CONCURRENT freed 350K, 5% free 9186K/9607K, paused 2ms+2ms
06-21 10:30:49.342 25387 25387 I ActivityThread: Pub call_log: com.android.providers.contacts.CallLogProvider
06-21 10:30:50.041 25387 25390 D dalvikvm: GC_CONCURRENT freed 247K, 4% free 9355K/9735K, paused 2ms+2ms
06-21 10:30:50.928  2869  2869 D wpa_supplicant: WPS: Building WPS IE for Probe Request
06-21 10:30:50.928  2869  2869 D wpa_supplicant: WPS:  * Version (hardcoded 0x10)
06-21 10:30:50.928  2869  2869 D wpa_supplicant: WPS:  * Request Type
06-21 10:30:50.928  2869  2869 D wpa_supplicant: WPS:  * Config Methods (2388)
06-21 10:30:50.928  2869  2869 D wpa_supplicant: WPS:  * UUID-E
06-21 10:30:50.928  2869  2869 D wpa_supplicant: WPS:  * Primary Device Type
06-21 10:30:50.928  2869  2869 D wpa_supplicant: WPS:  * RF Bands (3)
06-21 10:30:50.928  2869  2869 D wpa_supplicant: WPS:  * Association State
06-21 10:30:50.928  2869  2869 D wpa_supplicant: WPS:  * Configuration Error (0)
06-21 10:30:50.928  2869  2869 D wpa_supplicant: WPS:  * Device Password ID (0)
06-21 10:30:50.928  2869  2869 D wpa_supplicant: WPS:  * Manufacturer
06-21 10:30:50.928  2869  2869 D wpa_supplicant: WPS:  * Model Name
06-21 10:30:50.928  2869  2869 D wpa_supplicant: WPS:  * Model Number
06-21 10:30:50.928  2869  2869 D wpa_supplicant: WPS:  * Device Name
06-21 10:30:50.928  2869  2869 D wpa_supplicant: WPS:  * Version2 (0x20)
06-21 10:30:50.928  2869  2869 D wpa_supplicant: wpa_driver_wext_combo_scan: Start
06-21 10:30:50.928  2869  2869 D wpa_supplicant: For Scan: (null)
06-21 10:30:50.983  2869  2869 D wpa_supplicant: Scan requested (ret=0) - scan timeout 30 seconds
06-21 10:30:51.467  2869  2869 D wpa_supplicant: RTM_NEWLINK: operstate=0 ifi_flags=0x11003 ([UP][LOWER_UP])
06-21 10:30:51.467  2869  2869 D wpa_supplicant: RTM_NEWLINK, IFLA_IFNAME: Interface 'wlan0' added
06-21 10:30:51.467  2869  2869 D wpa_supplicant: Wireless event: cmd=0x8b19 len=8
06-21 10:30:51.467  2869  2869 D wpa_supplicant: Received 1447 bytes of scan results (7 BSSes)
06-21 10:30:51.862  2539  2539 D SAN_SERVICE: *******************************************
06-21 10:30:51.862  2539  2539 D SAN_SERVICE: DM App Phone Service State - 0
06-21 10:30:51.862  2539  2539 D SAN_SERVICE: *******************************************
06-21 10:30:51.948  2539  2539 D SAN_SERVICE: *******************************************
06-21 10:30:51.948  2539  2539 D SAN_SERVICE: DM App Phone Service State - 0
06-21 10:30:51.948  2539  2539 D SAN_SERVICE: *******************************************
06-21 10:30:52.010 25371 25374 D dalvikvm: GC_CONCURRENT freed 151K, 3% free 10422K/10695K, paused 16ms+3ms
06-21 10:30:52.256  2539  2539 D SAN_SERVICE: *******************************************
06-21 10:30:52.256  2539  2539 D SAN_SERVICE: DM App Phone Service State - 0
06-21 10:30:52.256  2539  2539 D SAN_SERVICE: *******************************************
06-21 10:30:52.377 25371 25374 D dalvikvm: GC_CONCURRENT freed 246K, 4% free 10575K/10951K, paused 2ms+8ms
06-21 10:30:52.448  2539  2539 D SAN_SERVICE: *******************************************
06-21 10:30:52.448  2539  2539 D SAN_SERVICE: DM App Phone Service State - 0
06-21 10:30:52.448  2539  2539 D SAN_SERVICE: *******************************************
06-21 10:30:52.518  2360  6791 I ActivityManager: Process android.process.acore (pid 25387) has died.
06-21 10:30:52.663  2360  2360 I ActivityManager: Start proc android.process.acore for content provider com.android.providers.contacts/.ContactsProvider2: pid=25403 uid=10000 gids={3003, 1015}
06-21 10:30:53.010 25403 25403 I ActivityThread: Pub com.android.voicemail: com.android.providers.contacts.VoicemailContentProvider
06-21 10:30:53.155 25403 25403 I ActivityThread: Pub user_dictionary: com.android.providers.userdictionary.UserDictionaryProvider
06-21 10:30:53.206  2539  2539 D SAN_SERVICE: *******************************************
06-21 10:30:53.206  2539  2539 D SAN_SERVICE: DM App Phone Service State - 0
06-21 10:30:53.206  2539  2539 D SAN_SERVICE: *******************************************
06-21 10:30:53.237 25403 25403 I ActivityThread: Pub com.android.social: com.android.providers.contacts.SocialProvider
06-21 10:30:53.237 25403 25403 I ActivityThread: Pub applications: com.android.providers.applications.ApplicationsProvider
06-21 10:30:53.331 25403 25403 I ActivityThread: Pub contacts;com.android.contacts: com.android.providers.contacts.ContactsProvider2
06-21 10:30:53.409 25403 25404 D dalvikvm: GC_CONCURRENT freed 352K, 5% free 9184K/9607K, paused 8ms+6ms
06-21 10:30:53.420  2360  2377 I ActivityManager: Start proc com.google.android.apps.maps:LocationFriendService for service com.google.android.apps.maps/com.google.googlenav.appwidget.friends.FriendsAppWidgetUpdateService: pid=25417 uid=10056 gids={3003, 1015}
06-21 10:30:53.538 25403 25403 I ActivityThread: Pub call_log: com.android.providers.contacts.CallLogProvider
06-21 10:30:53.709 25417 25420 D dalvikvm: GC_CONCURRENT freed 161K, 3% free 9375K/9607K, paused 34ms+8ms
06-21 10:30:54.444 25417 25420 D dalvikvm: GC_CONCURRENT freed 200K, 4% free 9684K/9991K, paused 3ms+6ms
06-21 10:30:54.627 25403 25404 D dalvikvm: GC_CONCURRENT freed 172K, 4% free 9428K/9735K, paused 7ms+2ms
06-21 10:30:54.639  2360  2371 I ActivityManager: Process com.whatsapp (pid 23657) has died.
06-21 10:30:54.643  2360  2371 W ActivityManager: Scheduling restart of crashed service com.whatsapp/.messaging.MessageService in 5000ms
06-21 10:30:56.674  2539  2539 D SAN_SERVICE: *******************************************
06-21 10:30:56.674  2539  2539 D SAN_SERVICE: DM App Phone Service State - 0
06-21 10:30:56.674  2539  2539 D SAN_SERVICE: *******************************************
06-21 10:30:57.190  2539  2539 D SAN_SERVICE: *******************************************
06-21 10:30:57.190  2539  2539 D SAN_SERVICE: DM App Phone Service State - 0
06-21 10:30:57.190  2539  2539 D SAN_SERVICE: *******************************************
06-21 10:30:58.764  2360  2601 I ActivityManager: Process android.process.acore (pid 25403) has died.
06-21 10:30:58.811  2360  6791 I ActivityManager: Start proc android.process.acore for content provider com.android.providers.contacts/.ContactsProvider2: pid=25437 uid=10000 gids={3003, 1015}
06-21 10:30:58.959 25437 25437 I ActivityThread: Pub com.android.voicemail: com.android.providers.contacts.VoicemailContentProvider
06-21 10:30:58.979 25437 25437 I ActivityThread: Pub user_dictionary: com.android.providers.userdictionary.UserDictionaryProvider
06-21 10:30:58.995 25437 25437 I ActivityThread: Pub com.android.social: com.android.providers.contacts.SocialProvider
06-21 10:30:58.998 25437 25437 I ActivityThread: Pub applications: com.android.providers.applications.ApplicationsProvider
06-21 10:30:59.131 25437 25437 I ActivityThread: Pub contacts;com.android.contacts: com.android.providers.contacts.ContactsProvider2
06-21 10:30:59.178 25437 25440 D dalvikvm: GC_CONCURRENT freed 341K, 5% free 9197K/9607K, paused 5ms+3ms
06-21 10:30:59.252 25437 25437 I ActivityThread: Pub call_log: com.android.providers.contacts.CallLogProvider
06-21 10:30:59.760  2360  2377 I ActivityManager: Start proc com.whatsapp for service com.whatsapp/.messaging.MessageService: pid=25452 uid=10068 gids={1015, 3003}
06-21 10:30:59.811 25452 25452 I dalvikvm: Turning on JNI app bug workarounds for target SDK version 7...
06-21 10:31:00.252 25452 25456 D dalvikvm: GC_CONCURRENT freed 173K, 3% free 9362K/9607K, paused 2ms+2ms
06-21 10:31:00.452 25437 25440 D dalvikvm: GC_CONCURRENT freed 210K, 4% free 9400K/9735K, paused 2ms+3ms
06-21 10:31:00.819 25452 25456 D dalvikvm: GC_CONCURRENT freed 309K, 5% free 9591K/9991K, paused 2ms+3ms
06-21 10:31:01.194  2869  2869 D wpa_supplicant: wpa_driver_wext_driver_cmd SETSUSPENDOPT 0 len = 4096
06-21 10:31:01.194  2869  2869 D wpa_supplicant: wpa_driver_wext_driver_cmd SETSUSPENDOPT 0 len = 0, 15
06-21 10:31:01.198  2869  2869 D wpa_supplicant: wpa_driver_wext_driver_cmd POWERMODE 0 len = 4096
06-21 10:31:01.206  2869  2869 D wpa_supplicant: wpa_driver_wext_driver_cmd OK len = 0, 2
06-21 10:31:01.373 25452 25452 I SqliteDatabaseCpp: sqlite returned: error code = 1, msg = duplicate column name: photo_ts, db=/data/data/com.whatsapp/databases/msgstore.db
06-21 10:31:01.373 25452 25452 I SqliteDatabaseCpp: sqlite returned: error code = 1, msg = duplicate column name: thumb_ts, db=/data/data/com.whatsapp/databases/msgstore.db
06-21 10:31:01.373 25452 25452 I SqliteDatabaseCpp: sqlite returned: error code = 1, msg = duplicate column name: photo_id_timestamp, db=/data/data/com.whatsapp/databases/msgstore.db
06-21 10:31:01.530  2869  2869 D wpa_supplicant: wpa_driver_wext_driver_cmd SETSUSPENDOPT 0 len = 4096
06-21 10:31:01.530  2869  2869 D wpa_supplicant: wpa_driver_wext_driver_cmd SETSUSPENDOPT 0 len = 0, 15
06-21 10:31:01.534  2869  2869 D wpa_supplicant: wpa_driver_wext_driver_cmd POWERMODE 0 len = 4096
06-21 10:31:01.541  2869  2869 D wpa_supplicant: wpa_driver_wext_driver_cmd OK len = 0, 2
06-21 10:31:01.651 25371 25383 I ActivityThread: Removing dead content provider: contacts
06-21 10:31:01.651 25371 25383 I ActivityThread: Removing dead content provider: com.android.contacts
06-21 10:31:01.686  2360  2574 I ActivityManager: Process android.process.acore (pid 25437) has died.
06-21 10:31:01.686  2360  2574 I ActivityManager: Kill com.xabber.androiddev (pid 25371): provider com.android.providers.contacts.ContactsProvider2 in dying process android.process.acore
06-21 10:31:01.686  2360  2574 I ActivityManager: Kill com.whatsapp (pid 25452): provider com.android.providers.contacts.ContactsProvider2 in dying process android.process.acore
06-21 10:31:01.717  2360  2372 I ActivityManager: Process com.xabber.androiddev (pid 25371) has died.
06-21 10:31:01.717  2360  2372 W ActivityManager: Scheduling restart of crashed service com.xabber.androiddev/com.xabber.android.service.XMPPService in 20000ms
06-21 10:31:01.780  2360 19548 I ActivityManager: Process com.whatsapp (pid 25452) has died.
06-21 10:31:01.780  2360 19548 W ActivityManager: Scheduling restart of crashed service com.whatsapp/.messaging.MessageService in 5000ms
06-21 10:31:01.998  2360  2362 D dalvikvm: GC_CONCURRENT freed 1910K, 22% free 17364K/22023K, paused 74ms+23ms
06-21 10:31:02.045 25302 25335 I Gecko   : Compositor: Composite took 143 ms.
06-21 10:31:02.323 25302 25335 I Gecko   : Compositor: Composite took 37 ms.
06-21 10:31:02.354 25302 25335 I Gecko   : Compositor: Composite took 31 ms.
06-21 10:31:02.506 25417 25420 D dalvikvm: GC_CONCURRENT freed 289K, 4% free 9908K/10311K, paused 32ms+21ms
06-21 10:31:02.784 25302 25335 I Gecko   : Compositor: Composite took 32 ms.
06-21 10:31:03.006 25302 25302 D GeckoPanZoomController: Finishing animation at ImmutableViewportMetrics v=(0.0,1084.9735,480.0,1774.9734) p=(0.0,0.0,480.0,2778.0) c=(0.0,0.0,980.0,5670.75) z=0.4897959
06-21 10:31:03.495 25302 25335 I Gecko   : Compositor: Composite took 38 ms.
06-21 10:31:06.471  2869  2869 D wpa_supplicant: WPS: Building WPS IE for Probe Request
06-21 10:31:06.471  2869  2869 D wpa_supplicant: WPS:  * Version (hardcoded 0x10)
06-21 10:31:06.471  2869  2869 D wpa_supplicant: WPS:  * Request Type
06-21 10:31:06.471  2869  2869 D wpa_supplicant: WPS:  * Config Methods (2388)
06-21 10:31:06.471  2869  2869 D wpa_supplicant: WPS:  * UUID-E
06-21 10:31:06.471  2869  2869 D wpa_supplicant: WPS:  * Primary Device Type
06-21 10:31:06.471  2869  2869 D wpa_supplicant: WPS:  * RF Bands (3)
06-21 10:31:06.471  2869  2869 D wpa_supplicant: WPS:  * Association State
06-21 10:31:06.471  2869  2869 D wpa_supplicant: WPS:  * Configuration Error (0)
06-21 10:31:06.471  2869  2869 D wpa_supplicant: WPS:  * Device Password ID (0)
06-21 10:31:06.471  2869  2869 D wpa_supplicant: WPS:  * Manufacturer
06-21 10:31:06.471  2869  2869 D wpa_supplicant: WPS:  * Model Name
06-21 10:31:06.471  2869  2869 D wpa_supplicant: WPS:  * Model Number
06-21 10:31:06.471  2869  2869 D wpa_supplicant: WPS:  * Device Name
06-21 10:31:06.471  2869  2869 D wpa_supplicant: WPS:  * Version2 (0x20)
06-21 10:31:06.471  2869  2869 D wpa_supplicant: wpa_driver_wext_combo_scan: Start
06-21 10:31:06.471  2869  2869 D wpa_supplicant: For Scan: (null)
06-21 10:31:06.592  2869  2869 D wpa_supplicant: Scan requested (ret=0) - scan timeout 30 seconds
06-21 10:31:06.795  2360  2377 I ActivityManager: Start proc com.whatsapp for service com.whatsapp/.messaging.MessageService: pid=25480 uid=10068 gids={1015, 3003}
06-21 10:31:06.815 25480 25480 I dalvikvm: Turning on JNI app bug workarounds for target SDK version 7...
06-21 10:31:06.897 21673 21673 D dalvikvm: GC_EXPLICIT freed 562K, 11% free 12304K/13703K, paused 2ms+10ms
06-21 10:31:06.959  2360  2601 D dalvikvm: GC_EXPLICIT freed 1204K, 27% free 16178K/22023K, paused 4ms+8ms
06-21 10:31:07.069  2869  2869 D wpa_supplicant: RTM_NEWLINK: operstate=0 ifi_flags=0x11003 ([UP][LOWER_UP])
06-21 10:31:07.069  2869  2869 D wpa_supplicant: RTM_NEWLINK, IFLA_IFNAME: Interface 'wlan0' added
06-21 10:31:07.069  2869  2869 D wpa_supplicant: Wireless event: cmd=0x8b19 len=8
06-21 10:31:07.069  2869  2869 D wpa_supplicant: Received 1250 bytes of scan results (7 BSSes)
06-21 10:31:07.127 25480 25483 D dalvikvm: GC_CONCURRENT freed 169K, 3% free 9356K/9607K, paused 2ms+2ms
06-21 10:31:07.307 25302 25316 I GeckoAppShell: Taking whole-screen screenshot, viewport: ImmutableViewportMetrics v=(0.0,1084.9735,480.0,1774.9734) p=(0.0,0.0,480.0,2778.0) c=(0.0,0.0,980.0,5670.75) z=0.4897959
06-21 10:31:07.315 25480 25483 D dalvikvm: GC_CONCURRENT freed 294K, 4% free 9605K/9991K, paused 2ms+2ms
06-21 10:31:07.596 25302 25316 D dalvikvm: GC_FOR_ALLOC freed 2336K, 21% free 9855K/12359K, paused 47ms
06-21 10:31:07.604 25302 25316 I dalvikvm-heap: Grow heap (frag case) to 11.693MB for 2097168-byte allocation
06-21 10:31:07.612 25480 25480 I SqliteDatabaseCpp: sqlite returned: error code = 1, msg = duplicate column name: photo_ts, db=/data/data/com.whatsapp/databases/msgstore.db
06-21 10:31:07.612 25480 25480 I SqliteDatabaseCpp: sqlite returned: error code = 1, msg = duplicate column name: thumb_ts, db=/data/data/com.whatsapp/databases/msgstore.db
06-21 10:31:07.612 25480 25480 I SqliteDatabaseCpp: sqlite returned: error code = 1, msg = duplicate column name: photo_id_timestamp, db=/data/data/com.whatsapp/databases/msgstore.db
06-21 10:31:07.674 25302 25303 D dalvikvm: GC_CONCURRENT freed 16K, 4% free 11886K/12359K, paused 1ms+20ms
06-21 10:31:07.725  2360  2616 I ActivityManager: Start proc android.process.acore for content provider com.android.providers.contacts/.ContactsProvider2: pid=25502 uid=10000 gids={3003, 1015}
06-21 10:31:07.831 25480 25480 I dalvikvm: Could not find method android.media.MediaMetadataRetriever.captureFrame, referenced from method com.whatsapp.d3.a
06-21 10:31:07.831 25480 25480 W dalvikvm: VFY: unable to resolve virtual method 496: Landroid/media/MediaMetadataRetriever;.captureFrame ()Landroid/graphics/Bitmap;
06-21 10:31:07.831 25480 25480 D dalvikvm: VFY: replacing opcode 0x6e at 0x0134
06-21 10:31:07.854 25502 25502 I ActivityThread: Pub com.android.voicemail: com.android.providers.contacts.VoicemailContentProvider
06-21 10:31:07.877 25502 25502 I ActivityThread: Pub user_dictionary: com.android.providers.userdictionary.UserDictionaryProvider
06-21 10:31:07.948 25502 25502 I ActivityThread: Pub com.android.social: com.android.providers.contacts.SocialProvider
06-21 10:31:07.967 25502 25502 I ActivityThread: Pub applications: com.android.providers.applications.ApplicationsProvider
06-21 10:31:07.971  2539  2539 D SAN_SERVICE: *******************************************
06-21 10:31:07.971  2539  2539 D SAN_SERVICE: DM App Phone Service State - 0
06-21 10:31:07.971  2539  2539 D SAN_SERVICE: *******************************************
06-21 10:31:08.209  2539  2539 D SAN_SERVICE: *******************************************
06-21 10:31:08.209  2539  2539 D SAN_SERVICE: DM App Phone Service State - 0
06-21 10:31:08.209  2539  2539 D SAN_SERVICE: *******************************************
06-21 10:31:08.237 25502 25504 D dalvikvm: GC_CONCURRENT freed 337K, 5% free 9147K/9607K, paused 2ms+8ms
06-21 10:31:08.241 25502 25502 I ActivityThread: Pub contacts;com.android.contacts: com.android.providers.contacts.ContactsProvider2
06-21 10:31:08.280 25480 25483 D dalvikvm: GC_CONCURRENT freed 362K, 5% free 9705K/10183K, paused 20ms+13ms
06-21 10:31:08.295  2539  2541 D dalvikvm: GC_CONCURRENT freed 387K, 7% free 9610K/10247K, paused 2ms+6ms
06-21 10:31:08.358 25502 25502 I ActivityThread: Pub call_log: com.android.providers.contacts.CallLogProvider
06-21 10:31:08.588 25480 25483 D dalvikvm: GC_CONCURRENT freed 199K, 3% free 9956K/10247K, paused 2ms+5ms
06-21 10:31:08.834 25502 25504 D dalvikvm: GC_CONCURRENT freed 200K, 4% free 9341K/9671K, paused 2ms+5ms
06-21 10:31:12.526 25480 25483 D dalvikvm: GC_CONCURRENT freed 265K, 4% free 10125K/10503K, paused 3ms+4ms
06-21 10:31:12.956  2539  2539 D SAN_SERVICE: *******************************************
06-21 10:31:12.956  2539  2539 D SAN_SERVICE: DM App Phone Service State - 0
06-21 10:31:12.956  2539  2539 D SAN_SERVICE: *******************************************
06-21 10:31:13.209  2539  2539 D SAN_SERVICE: *******************************************
06-21 10:31:13.209  2539  2539 D SAN_SERVICE: DM App Phone Service State - 0
06-21 10:31:13.209  2539  2539 D SAN_SERVICE: *******************************************
06-21 10:31:13.295  2539  2539 D SAN_SERVICE: *******************************************
06-21 10:31:13.295  2539  2539 D SAN_SERVICE: DM App Phone Service State - 0
06-21 10:31:13.295  2539  2539 D SAN_SERVICE: *******************************************
06-21 10:31:14.627  2360  2524 I ActivityManager: Process android.process.acore (pid 25502) has died.
06-21 10:31:14.698 25480 25483 D dalvikvm: GC_CONCURRENT freed 637K, 8% free 9925K/10695K, paused 21ms+3ms
06-21 10:31:14.756  2360  6994 I ActivityManager: Start proc android.process.acore for content provider com.android.providers.contacts/.ContactsProvider2: pid=25528 uid=10000 gids={3003, 1015}
06-21 10:31:14.873 25528 25528 I ActivityThread: Pub com.android.voicemail: com.android.providers.contacts.VoicemailContentProvider
06-21 10:31:14.905 25528 25528 I ActivityThread: Pub user_dictionary: com.android.providers.userdictionary.UserDictionaryProvider
06-21 10:31:14.944 25528 25528 I ActivityThread: Pub com.android.social: com.android.providers.contacts.SocialProvider
06-21 10:31:14.944 25528 25528 I ActivityThread: Pub applications: com.android.providers.applications.ApplicationsProvider
06-21 10:31:15.081 25528 25528 I ActivityThread: Pub contacts;com.android.contacts: com.android.providers.contacts.ContactsProvider2
06-21 10:31:15.116 25528 25529 D dalvikvm: GC_CONCURRENT freed 353K, 5% free 9200K/9607K, paused 6ms+3ms
06-21 10:31:15.198 25528 25528 I ActivityThread: Pub call_log: com.android.providers.contacts.CallLogProvider
06-21 10:31:15.702 25528 25529 D dalvikvm: GC_CONCURRENT freed 239K, 4% free 9380K/9735K, paused 13ms+3ms
06-21 10:31:16.444  2360  6791 I ActivityManager: Process android.process.acore (pid 25528) has died.
06-21 10:31:18.225  2539  2539 D SAN_SERVICE: *******************************************
06-21 10:31:18.225  2539  2539 D SAN_SERVICE: DM App Phone Service State - 0
06-21 10:31:18.225  2539  2539 D SAN_SERVICE: *******************************************
06-21 10:31:18.295 25081 25084 D dalvikvm: GC_CONCURRENT freed 384K, 6% free 10280K/10887K, paused 8ms+13ms
06-21 10:31:19.088 23779 23792 I PhoneLab-: Service Running
06-21 10:31:19.217 23779 23792 I PhoneLab-LoggerService: app_37    3205  1     2360   1920  c00f181c 400107b4 S logcat
06-21 10:31:19.217 23779 23792 I PhoneLab-LoggerService: Logcat pid from database 3205
06-21 10:31:19.217 23779 23792 I PhoneLab-LoggerService: Logcat process found 3205
06-21 10:31:19.217 23779 23792 I PhoneLab-LoggerService: Checking Threshold
06-21 10:31:19.221 23779 23792 I PhoneLab-LoggerService: Starting to rename files
06-21 10:31:19.221 23779 23792 I PhoneLab-LoggerService: Files found .. 2
06-21 10:31:21.729 25545 25545 D dalvikvm: Late-enabling CheckJNI
06-21 10:31:21.729  2360  2377 I ActivityManager: Start proc com.xabber.androiddev for service com.xabber.androiddev/com.xabber.android.service.XMPPService: pid=25545 uid=10063 gids={3003, 1015}
06-21 10:31:21.760 25545 25545 I dalvikvm: Turning on JNI app bug workarounds for target SDK version 9...
06-21 10:31:22.034 25545 25548 D dalvikvm: GC_CONCURRENT freed 223K, 4% free 9312K/9607K, paused 2ms+2ms
06-21 10:31:22.069 25545 25545 D dalvikvm: GC_FOR_ALLOC freed 305K, 6% free 9426K/9927K, paused 19ms
06-21 10:31:22.077  2869  2869 D wpa_supplicant: WPS: Building WPS IE for Probe Request
06-21 10:31:22.077  2869  2869 D wpa_supplicant: WPS:  * Version (hardcoded 0x10)
06-21 10:31:22.077  2869  2869 D wpa_supplicant: WPS:  * Request Type
06-21 10:31:22.077  2869  2869 D wpa_supplicant: WPS:  * Config Methods (2388)
06-21 10:31:22.077  2869  2869 D wpa_supplicant: WPS:  * UUID-E
06-21 10:31:22.077  2869  2869 D wpa_supplicant: WPS:  * Primary Device Type
06-21 10:31:22.077  2869  2869 D wpa_supplicant: WPS:  * RF Bands (3)
06-21 10:31:22.077  2869  2869 D wpa_supplicant: WPS:  * Association State
06-21 10:31:22.077  2869  2869 D wpa_supplicant: WPS:  * Configuration Error (0)
06-21 10:31:22.077  2869  2869 D wpa_supplicant: WPS:  * Device Password ID (0)
06-21 10:31:22.077  2869  2869 D wpa_supplicant: WPS:  * Manufacturer
06-21 10:31:22.077  2869  2869 D wpa_supplicant: WPS:  * Model Name
06-21 10:31:22.077  2869  2869 D wpa_supplicant: WPS:  * Model Number
06-21 10:31:22.077  2869  2869 D wpa_supplicant: WPS:  * Device Name
06-21 10:31:22.077  2869  2869 D wpa_supplicant: WPS:  * Version2 (0x20)
06-21 10:31:22.077  2869  2869 D wpa_supplicant: wpa_driver_wext_combo_scan: Start
06-21 10:31:22.077  2869  2869 D wpa_supplicant: For Scan: (null)
06-21 10:31:22.127  2869  2869 D wpa_supplicant: Scan requested (ret=0) - scan timeout 30 seconds
06-21 10:31:22.217 25545 25548 D dalvikvm: GC_CONCURRENT freed 179K, 3% free 9769K/10055K, paused 2ms+7ms
06-21 10:31:22.401 25545 25548 D dalvikvm: GC_CONCURRENT freed 344K, 5% free 9960K/10375K, paused 1ms+2ms
06-21 10:31:22.534 25545 25545 I com.xabber.android.service.XMPPService@41322210: onCreate
06-21 10:31:22.541 25545 25545 I com.xabber.android.data.Application@41337c50: onStart
06-21 10:31:22.577 25545 25559 I com.xabber.android.data.LogManager@41347158: onLoad
06-21 10:31:22.608  2869  2869 D wpa_supplicant: RTM_NEWLINK: operstate=0 ifi_flags=0x11003 ([UP][LOWER_UP])
06-21 10:31:22.608  2869  2869 D wpa_supplicant: RTM_NEWLINK, IFLA_IFNAME: Interface 'wlan0' added
06-21 10:31:22.608  2869  2869 D wpa_supplicant: Wireless event: cmd=0x8b19 len=8
06-21 10:31:22.608  2869  2869 D wpa_supplicant: Received 1283 bytes of scan results (7 BSSes)
06-21 10:31:22.799 25545 25548 D dalvikvm: GC_CONCURRENT freed 262K, 4% free 10120K/10503K, paused 10ms+3ms
06-21 10:31:22.932  2360  2524 I ActivityManager: Start proc android.process.acore for content provider com.android.providers.contacts/.ContactsProvider2: pid=25561 uid=10000 gids={3003, 1015}
06-21 10:31:23.002  2335  2335 D dalvikvm: GC_EXPLICIT freed 37K, 4% free 9031K/9347K, paused 2ms+4ms
06-21 10:31:23.057 25561 25561 I ActivityThread: Pub com.android.voicemail: com.android.providers.contacts.VoicemailContentProvider
06-21 10:31:23.069  2335  2335 D dalvikvm: GC_EXPLICIT freed <1K, 4% free 9031K/9347K, paused 3ms+2ms
06-21 10:31:23.069 25561 25561 I ActivityThread: Pub user_dictionary: com.android.providers.userdictionary.UserDictionaryProvider
06-21 10:31:23.104  2335  2335 D dalvikvm: GC_EXPLICIT freed <1K, 4% free 9031K/9347K, paused 4ms+2ms
06-21 10:31:23.120 25561 25561 I ActivityThread: Pub com.android.social: com.android.providers.contacts.SocialProvider
06-21 10:31:23.120 25561 25561 I ActivityThread: Pub applications: com.android.providers.applications.ApplicationsProvider
06-21 10:31:23.241  2539  2539 D SAN_SERVICE: *******************************************
06-21 10:31:23.241  2539  2539 D SAN_SERVICE: DM App Phone Service State - 0
06-21 10:31:23.241  2539  2539 D SAN_SERVICE: *******************************************
06-21 10:31:23.299 25561 25564 D dalvikvm: GC_CONCURRENT freed 346K, 5% free 9148K/9607K, paused 20ms+4ms
06-21 10:31:23.299 25561 25561 I ActivityThread: Pub contacts;com.android.contacts: com.android.providers.contacts.ContactsProvider2
06-21 10:31:23.416 25561 25561 I ActivityThread: Pub call_log: com.android.providers.contacts.CallLogProvider
06-21 10:31:23.608 25561 25564 D dalvikvm: GC_CONCURRENT freed 199K, 4% free 9338K/9671K, paused 5ms+3ms
06-21 10:31:24.573  2360  2372 I ActivityManager: Process com.whatsapp (pid 25480) has died.
06-21 10:31:24.573  2360  2372 W ActivityManager: Scheduling restart of crashed service com.whatsapp/.messaging.MessageService in 5000ms
06-21 10:31:25.463 25302 25335 I Gecko   : Compositor: Composite took 154 ms.
06-21 10:31:25.538 25302 25335 I Gecko   : Compositor: Composite took 30 ms.
06-21 10:31:25.627 25302 25335 I Gecko   : Compositor: Composite took 31 ms.
06-21 10:31:25.717 25302 25335 I Gecko   : Compositor: Composite took 32 ms.
06-21 10:31:25.772 25302 25335 I Gecko   : Compositor: Composite took 30 ms.
06-21 10:31:25.799 25545 25548 D dalvikvm: GC_CONCURRENT freed 149K, 3% free 10416K/10695K, paused 30ms+17ms
06-21 10:31:26.166 25302 25335 I Gecko   : Compositor: Composite took 32 ms.
06-21 10:31:26.331 25302 25335 I Gecko   : Compositor: Composite took 34 ms.
06-21 10:31:26.366 25302 25335 I Gecko   : Compositor: Composite took 35 ms.
06-21 10:31:26.565 25302 25302 D GeckoPanZoomController: Finishing animation at ImmutableViewportMetrics v=(0.0,1462.4508,480.0,2152.4512) p=(0.0,0.0,480.0,2778.0) c=(0.0,0.0,980.0,5670.75) z=0.4897959
06-21 10:31:26.889 25545 25548 D dalvikvm: GC_CONCURRENT freed 251K, 4% free 10572K/10951K, paused 8ms+89ms
06-21 10:31:26.920 25302 25335 I Gecko   : Compositor: Composite took 33 ms.
06-21 10:31:26.956 25302 25335 I Gecko   : Compositor: Composite took 32 ms.
06-21 10:31:27.061 25302 25335 I Gecko   : Compositor: Composite took 36 ms.
06-21 10:31:27.084  2360 24941 I ActivityManager: Process com.facebook.orca (pid 25345) has died.
06-21 10:31:27.084  2360 24941 W ActivityManager: Scheduling restart of crashed service com.facebook.orca/.push.mqtt.MqttPushService in 20000ms
06-21 10:31:27.155 25302 25335 I Gecko   : Compositor: Composite took 31 ms.
06-21 10:31:27.319 25302 25335 I Gecko   : Compositor: Composite took 39 ms.
06-21 10:31:27.350 25302 25335 I Gecko   : Compositor: Composite took 30 ms.
06-21 10:31:27.366 25302 25335 I Gecko   : Compositor: Composite took 31 ms.
06-21 10:31:27.815 25302 25302 D GeckoPanZoomController: Finishing animation at ImmutableViewportMetrics v=(0.0,1652.2946,480.0,2342.295) p=(0.0,0.0,480.0,2778.0) c=(0.0,0.0,980.0,5670.75) z=0.4897959
06-21 10:31:27.842 25561 25564 D dalvikvm: GC_CONCURRENT freed 331K, 5% free 9400K/9863K, paused 2ms+32ms
06-21 10:31:28.420  2869  2869 D wpa_supplicant: wpa_driver_wext_driver_cmd SETSUSPENDOPT 0 len = 4096
06-21 10:31:28.420  2869  2869 D wpa_supplicant: wpa_driver_wext_driver_cmd SETSUSPENDOPT 0 len = 0, 15
06-21 10:31:28.424  2869  2869 D wpa_supplicant: wpa_driver_wext_driver_cmd POWERMODE 0 len = 4096
06-21 10:31:28.432  2869  2869 D wpa_supplicant: wpa_driver_wext_driver_cmd OK len = 0, 2
06-21 10:31:28.475 25545 25548 D dalvikvm: GC_CONCURRENT freed 582K, 7% free 10447K/11143K, paused 44ms+6ms
06-21 10:31:29.639  2360  2377 I ActivityManager: Start proc com.whatsapp for service com.whatsapp/.messaging.MessageService: pid=25585 uid=10068 gids={1015, 3003}
06-21 10:31:29.647 25585 25585 I dalvikvm: Turning on JNI app bug workarounds for target SDK version 7...
06-21 10:31:29.838 25585 25587 D dalvikvm: GC_CONCURRENT freed 159K, 3% free 9365K/9607K, paused 3ms+2ms
06-21 10:31:30.182 25585 25587 D dalvikvm: GC_CONCURRENT freed 301K, 5% free 9585K/9991K, paused 4ms+2ms
06-21 10:31:30.370 25585 25585 I SqliteDatabaseCpp: sqlite returned: error code = 1, msg = duplicate column name: photo_ts, db=/data/data/com.whatsapp/databases/msgstore.db
06-21 10:31:30.370 25585 25585 I SqliteDatabaseCpp: sqlite returned: error code = 1, msg = duplicate column name: thumb_ts, db=/data/data/com.whatsapp/databases/msgstore.db
06-21 10:31:30.370 25585 25585 I SqliteDatabaseCpp: sqlite returned: error code = 1, msg = duplicate column name: photo_id_timestamp, db=/data/data/com.whatsapp/databases/msgstore.db
06-21 10:31:30.498 25585 25585 I dalvikvm: Could not find method android.media.MediaMetadataRetriever.captureFrame, referenced from method com.whatsapp.d3.a
06-21 10:31:30.498 25585 25585 W dalvikvm: VFY: unable to resolve virtual method 496: Landroid/media/MediaMetadataRetriever;.captureFrame ()Landroid/graphics/Bitmap;
06-21 10:31:30.498 25585 25585 D dalvikvm: VFY: replacing opcode 0x6e at 0x0134
06-21 10:31:30.670 25302 25316 I GeckoAppShell: Taking whole-screen screenshot, viewport: ImmutableViewportMetrics v=(0.0,1652.2946,480.0,2342.295) p=(0.0,0.0,480.0,2778.0) c=(0.0,0.0,980.0,5670.75) z=0.4897959
06-21 10:31:30.721 25585 25587 D dalvikvm: GC_CONCURRENT freed 306K, 4% free 9802K/10183K, paused 5ms+7ms
06-21 10:31:31.112 25302 25316 D dalvikvm: GC_FOR_ALLOC freed 2562K, 22% free 9866K/12551K, paused 54ms
06-21 10:31:31.116 25302 25316 I dalvikvm-heap: Grow heap (frag case) to 11.704MB for 2097168-byte allocation
06-21 10:31:31.174 25585 25587 D dalvikvm: GC_CONCURRENT freed 289K, 4% free 9982K/10375K, paused 2ms+4ms
06-21 10:31:31.178 25302 25303 D dalvikvm: GC_CONCURRENT freed 27K, 6% free 11886K/12551K, paused 2ms+17ms
06-21 10:31:31.928  2360  2371 I ActivityManager: Process android.process.acore (pid 25561) has died.
06-21 10:31:33.467  2539  2539 D SAN_SERVICE: *******************************************
06-21 10:31:33.467  2539  2539 D SAN_SERVICE: DM App Phone Service State - 0
06-21 10:31:33.467  2539  2539 D SAN_SERVICE: *******************************************
06-21 10:31:34.213  2539  2539 D SAN_SERVICE: *******************************************
06-21 10:31:34.213  2539  2539 D SAN_SERVICE: DM App Phone Service State - 0
06-21 10:31:34.213  2539  2539 D SAN_SERVICE: *******************************************
06-21 10:31:34.995 25545 25548 D dalvikvm: GC_CONCURRENT freed 261K, 6% free 10570K/11143K, paused 11ms+2ms
06-21 10:31:35.057 25585 25587 D dalvikvm: GC_CONCURRENT freed 508K, 7% free 9865K/10503K, paused 2ms+2ms
06-21 10:31:37.608  2360  2571 I ActivityManager: Start proc android.process.acore for content provider com.android.providers.contacts/.ContactsProvider2: pid=25615 uid=10000 gids={3003, 1015}
06-21 10:31:37.612  2869  2869 D wpa_supplicant: WPS: Building WPS IE for Probe Request
06-21 10:31:37.612  2869  2869 D wpa_supplicant: WPS:  * Version (hardcoded 0x10)
06-21 10:31:37.612  2869  2869 D wpa_supplicant: WPS:  * Request Type
06-21 10:31:37.612  2869  2869 D wpa_supplicant: WPS:  * Config Methods (2388)
06-21 10:31:37.612  2869  2869 D wpa_supplicant: WPS:  * UUID-E
06-21 10:31:37.612  2869  2869 D wpa_supplicant: WPS:  * Primary Device Type
06-21 10:31:37.612  2869  2869 D wpa_supplicant: WPS:  * RF Bands (3)
06-21 10:31:37.612  2869  2869 D wpa_supplicant: WPS:  * Association State
06-21 10:31:37.612  2869  2869 D wpa_supplicant: WPS:  * Configuration Error (0)
06-21 10:31:37.612  2869  2869 D wpa_supplicant: WPS:  * Device Password ID (0)
06-21 10:31:37.612  2869  2869 D wpa_supplicant: WPS:  * Manufacturer
06-21 10:31:37.612  2869  2869 D wpa_supplicant: WPS:  * Model Name
06-21 10:31:37.612  2869  2869 D wpa_supplicant: WPS:  * Model Number
06-21 10:31:37.612  2869  2869 D wpa_supplicant: WPS:  * Device Name
06-21 10:31:37.612  2869  2869 D wpa_supplicant: WPS:  * Version2 (0x20)
06-21 10:31:37.612  2869  2869 D wpa_supplicant: wpa_driver_wext_combo_scan: Start
06-21 10:31:37.612  2869  2869 D wpa_supplicant: For Scan: (null)
06-21 10:31:37.666  2869  2869 D wpa_supplicant: Scan requested (ret=0) - scan timeout 30 seconds
06-21 10:31:37.678 25615 25615 I ActivityThread: Pub com.android.voicemail: com.android.providers.contacts.VoicemailContentProvider
06-21 10:31:37.713 25545 25584 D dalvikvm: GC_FOR_ALLOC freed 347K, 5% free 10654K/11207K, paused 35ms
06-21 10:31:37.721 25615 25615 I ActivityThread: Pub user_dictionary: com.android.providers.userdictionary.UserDictionaryProvider
06-21 10:31:37.733 25615 25615 I ActivityThread: Pub com.android.social: com.android.providers.contacts.SocialProvider
06-21 10:31:37.745 25615 25615 I ActivityThread: Pub applications: com.android.providers.applications.ApplicationsProvider
06-21 10:31:37.842 25615 25615 I ActivityThread: Pub contacts;com.android.contacts: com.android.providers.contacts.ContactsProvider2
06-21 10:31:37.963 25615 25617 D dalvikvm: GC_CONCURRENT freed 349K, 5% free 9187K/9607K, paused 8ms+6ms
06-21 10:31:38.030 25302 25335 I Gecko   : Compositor: Composite took 114 ms.
06-21 10:31:38.077 25302 25335 I Gecko   : Compositor: Composite took 31 ms.
06-21 10:31:38.116 25302 25302 D GeckoPanZoomController: Finishing animation at ImmutableViewportMetrics v=(0.0,1863.232,480.0,2553.2324) p=(0.0,0.0,480.0,2778.0) c=(0.0,0.0,980.0,5670.75) z=0.4897959
06-21 10:31:38.123 25615 25615 I ActivityThread: Pub call_log: com.android.providers.contacts.CallLogProvider
06-21 10:31:38.147  2869  2869 D wpa_supplicant: RTM_NEWLINK: operstate=0 ifi_flags=0x11003 ([UP][LOWER_UP])
