06-28 22:47:00.285  1401  1401 D Stardroid.Analytics: Logging event Start up hour (General) label 22h value 0
06-28 22:47:00.301  1401  1403 D dalvikvm: GC_CONCURRENT freed 252K, 4% free 9963K/10311K, paused 3ms+5ms
06-28 22:47:00.301  1401  1401 D PersistentEventStore/putEvent: Row ID: 51, Event ID: 51
06-28 22:47:00.328  1401  1401 D Stardroid.StardroidApplication: StardroidApplication: -onCreate
06-28 22:47:00.328  1401  1401 D Stardroid.SplashScreenActivity: SplashScreen onCreate
06-28 22:47:00.375  1401  1401 D dalvikvm: GC_FOR_ALLOC freed 94K, 4% free 9998K/10311K, paused 23ms
06-28 22:47:00.375  1401  1401 I dalvikvm-heap: Grow heap (frag case) to 10.429MB for 622760-byte allocation
06-28 22:47:00.414   144   160 I Process : Sending signal. PID: 1401 SIG: 3
06-28 22:47:00.414  1401  1405 I dalvikvm: threadid=3: reacting to signal 3
06-28 22:47:00.418  1401  1415 D dalvikvm: GC_FOR_ALLOC freed 1K, 4% free 10604K/10951K, paused 25ms
06-28 22:47:00.449  1401  1405 I dalvikvm: Wrote stack traces to '/data/anr/traces.txt'
06-28 22:47:00.527  1401  1403 D dalvikvm: GC_CONCURRENT freed 114K, 3% free 10691K/10951K, paused 2ms+5ms
06-28 22:47:00.558  1401  1401 D dalvikvm: GC_FOR_ALLOC freed 42K, 3% free 10648K/10951K, paused 24ms
06-28 22:47:00.566  1401  1401 I dalvikvm-heap: Grow heap (frag case) to 11.809MB for 1402636-byte allocation
06-28 22:47:00.601  1401  1415 D dalvikvm: GC_FOR_ALLOC freed 0K, 3% free 12018K/12359K, paused 24ms
06-28 22:47:00.668  1401  1401 D Stardroid.Analytics: Logging page /SplashScreen
06-28 22:47:00.672  1401  1401 D PersistentEventStore/putEvent: Row ID: 52, Event ID: 52
06-28 22:47:00.703  1401  1415 W Stardroid.AbstractLayer: Renderer not set - aborting: NewStarsLayer
06-28 22:47:00.703  1401  1415 D Stardroid.AbstractFileBasedLayer: Loading Proto File: messier.binary...
06-28 22:47:00.726  1401  1415 D Stardroid.AbstractFileBasedLayer: Found: 114 sources
06-28 22:47:00.726  1401  1415 D Brent: Stardroid.NewMessierLayer: Finished Loading: messier.binary > 00m 00s 021ms | Found 114 sourcs.
06-28 22:47:00.726  1401  1415 W Stardroid.AbstractLayer: Renderer not set - aborting: NewMessierLayer
06-28 22:47:00.769  1401  1415 W Stardroid.AbstractLayer: Renderer not set - aborting: NewMessierLayer
06-28 22:47:00.769  1401  1415 D Stardroid.AbstractFileBasedLayer: Loading Proto File: constellations.binary...
06-28 22:47:00.805  1401  1415 D Stardroid.AbstractFileBasedLayer: Found: 42 sources
06-28 22:47:00.805  1401  1415 D Brent: Stardroid.NewConstellationsLayer: Finished Loading: constellations.binary > 00m 00s 032ms | Found 42 sourcs.
06-28 22:47:00.805  1401  1415 W Stardroid.AbstractLayer: Renderer not set - aborting: NewConstellationsLayer
06-28 22:47:00.824   279   988 D dalvikvm: GC_EXPLICIT freed 379K, 5% free 10082K/10567K, paused 6ms+26ms
06-28 22:47:00.894   215   215 V PhoneStatusBar: setLightsOn(true)
06-28 22:47:00.902  1401  1401 D Stardroid.SplashScreenActivity: SplashScreen.Animcation onAnimationStart
06-28 22:47:00.914   144   160 I Process : Sending signal. PID: 1401 SIG: 3
06-28 22:47:00.914  1401  1405 I dalvikvm: threadid=3: reacting to signal 3
06-28 22:47:01.000  1401  1405 I dalvikvm: Wrote stack traces to '/data/anr/traces.txt'
06-28 22:47:01.004   144   175 I ActivityManager: Displayed com.google.android.stardroid/.activities.SplashScreenActivity: +1s647ms
06-28 22:47:01.015   215   215 V PhoneStatusBar: setLightsOn(true)
06-28 22:47:01.039  1401  1403 D dalvikvm: GC_CONCURRENT freed 1099K, 10% free 11911K/13127K, paused 2ms+8ms
06-28 22:47:01.043  1401  1415 W Stardroid.AbstractLayer: Renderer not set - aborting: NewConstellationsLayer
06-28 22:47:03.226   345   345 D SAN_SERVICE: *******************************************
06-28 22:47:03.226   345   345 D SAN_SERVICE: DM App Phone Service State - 0
06-28 22:47:03.226   345   345 D SAN_SERVICE: *******************************************
06-28 22:47:03.906  1401  1401 D Stardroid.SplashScreenActivity: SplashScreen.Animation onAnimationEnd
06-28 22:47:03.910  1401  1401 D Stardroid.SplashScreenActivity: SplashScreen finish called
06-28 22:47:03.910   144   353 I ActivityManager: START {cmp=com.google.android.stardroid/.activities.DynamicStarMapActivity} from pid 1401
06-28 22:47:04.004  1401  1401 D Stardroid.SplashScreenActivity: SplashScreen onPause
06-28 22:47:04.019  1401  1401 D Stardroid.DynamicStarMapActivity: onCreate at 1340938024022
06-28 22:47:04.113  1401  1401 I Stardroid.StardroidApplication: LayerManager already initialized.
06-28 22:47:04.113  1401  1401 I Stardroid.DynamicStarMapActivity: Initializing Model, View and Controller @ 1340938024119
06-28 22:47:04.273  1401  1401 D Stardroid.PreferencesButton: Preference key is source_provider.0
06-28 22:47:04.273  1401  1401 D Stardroid.PreferencesButton: Setting initial value of preference source_provider.0 to true
06-28 22:47:04.277  1401  1401 D Stardroid.PreferencesButton: Preference key is source_provider.1
06-28 22:47:04.277  1401  1401 D Stardroid.PreferencesButton: Setting initial value of preference source_provider.1 to true
06-28 22:47:04.281  1401  1401 D Stardroid.PreferencesButton: Preference key is source_provider.2
06-28 22:47:04.281  1401  1401 D Stardroid.PreferencesButton: Setting initial value of preference source_provider.2 to true
06-28 22:47:04.285  1401  1401 D Stardroid.PreferencesButton: Preference key is source_provider.3
06-28 22:47:04.285  1401  1401 D Stardroid.PreferencesButton: Setting initial value of preference source_provider.3 to true
06-28 22:47:04.289  1401  1401 D Stardroid.PreferencesButton: Preference key is source_provider.6
06-28 22:47:04.289  1401  1401 D Stardroid.PreferencesButton: Setting initial value of preference source_provider.6 to true
06-28 22:47:04.305  1401  1401 D Stardroid.PreferencesButton: Preference key is source_provider.4
06-28 22:47:04.305  1401  1401 D Stardroid.PreferencesButton: Setting initial value of preference source_provider.4 to true
06-28 22:47:04.316  1401  1401 D Stardroid.PreferencesButton: Preference key is source_provider.5
06-28 22:47:04.316  1401  1401 D Stardroid.PreferencesButton: Setting initial value of preference source_provider.5 to true
06-28 22:47:04.351  1401  1403 D dalvikvm: GC_CONCURRENT freed 298K, 5% free 12553K/13127K, paused 2ms+3ms
06-28 22:47:04.355  1401  1401 D Stardroid.PreferencesButton: Preference key is auto_mode
06-28 22:47:04.355  1401  1401 D Stardroid.PreferencesButton: Setting initial value of preference auto_mode to true
06-28 22:47:04.430  1401  1401 D SkyBox  : Vertices: 80
06-28 22:47:04.433  1401  1401 D SkyBox  : Indices: 420
06-28 22:47:04.433  1401  1401 D SkyRenderer: SkyRenderer::SkyRenderer()
06-28 22:47:04.437  1401  1401 I Stardroid.DynamicStarMapActivity: Setting layers @ 1340938024443
06-28 22:47:04.508   144   160 I Process : Sending signal. PID: 1401 SIG: 3
06-28 22:47:04.508  1401  1405 I dalvikvm: threadid=3: reacting to signal 3
06-28 22:47:04.531  1401  1405 I dalvikvm: Wrote stack traces to '/data/anr/traces.txt'
06-28 22:47:04.562  1401  1401 D Stardroid.SkyGradientLayer: Setting showSkyGradient true
06-28 22:47:04.562  1401  1401 I Stardroid.DynamicStarMapActivity: Set up controllers @ 1340938024568
06-28 22:47:04.570  1401  1401 D Stardroid.LocationController: Got location Manager
06-28 22:47:04.578  1401  1401 D Stardroid.AbstractController: Disabling controller com.google.android.stardroid.control.ManualOrientationController@4177e468
06-28 22:47:04.578  1401  1401 D Stardroid.AbstractController: Enabling controller com.google.android.stardroid.control.SensorOrientationController@4177c208
06-28 22:47:04.578  1401  1401 I Stardroid.ControllerGroup: Setting model
06-28 22:47:04.590  1401  1401 I Stardroid.MapMover: Screen height is 800 pixels.
06-28 22:47:04.617  1401  1401 D Stardroid.DynamicStarMapActivity: Initializing TimePlayer UI.
06-28 22:47:04.625  1401  1401 D Stardroid.AbstractController: Disabling controller com.google.android.stardroid.control.ManualOrientationController@4177e468
06-28 22:47:04.625  1401  1401 D Stardroid.AbstractController: Enabling controller com.google.android.stardroid.control.SensorOrientationController@4177c208
06-28 22:47:04.629  1401  1401 D Stardroid.DynamicStarMapActivity: Intent received: Intent { cmp=com.google.android.stardroid/.activities.DynamicStarMapActivity }
06-28 22:47:04.629  1401  1401 D Stardroid.DynamicStarMapActivity: -onCreate at 1340938024635
06-28 22:47:04.633  1401  1401 D Stardroid.Analytics: Logging page /MainPage
06-28 22:47:04.637  1401  1401 D PersistentEventStore/putEvent: Row ID: 53, Event ID: 53
06-28 22:47:04.668  1401  1420 I PointObjectManager: Vertices: 148, Indices: 222
06-28 22:47:04.672  1401  1401 D Stardroid.DynamicStarMapActivity: onResume at 1340938024677
06-28 22:47:04.672  1401  1401 I Stardroid.DynamicStarMapActivity: Resuming
06-28 22:47:04.672  1401  1401 I Stardroid.DynamicStarMapActivity: Starting view
06-28 22:47:04.672  1401  1401 I Stardroid.DynamicStarMapActivity: Starting controller
06-28 22:47:04.672  1401  1401 I Stardroid.ControllerGroup: Starting controllers
06-28 22:47:04.672  1401  1401 D Stardroid.LocationController: LocationController start
06-28 22:47:04.676  1401  1401 D Stardroid.LocationController: Got location provider gps
06-28 22:47:04.676  1401  1401 D Stardroid.LocationController: LocationController -start
06-28 22:47:04.680  1401  1401 D Stardroid.SensorOrientationController: Exponentially weighted smoothers used
06-28 22:47:04.680  1401  1401 D Stardroid.SensorOrientationController: Sensor damping preference HIGH
06-28 22:47:04.680  1401  1401 D Stardroid.SensorOrientationController: Sensor speed preference FAST
06-28 22:47:04.683  1401  1420 I PointObjectManager: Vertices: 124, Indices: 186
06-28 22:47:04.691  1401  1401 D Stardroid.SensorOrientationController: Registered sensor listener
06-28 22:47:04.691  1401  1401 D Stardroid.OsVersions: Setting button brightness
06-28 22:47:04.691  1401  1401 D Stardroid.DynamicStarMapActivity: -onResume at 1340938024696
06-28 22:47:04.722   215   215 V PhoneStatusBar: setLightsOn(true)
06-28 22:47:04.734   215   215 V PhoneStatusBar: setLightsOn(true)
06-28 22:47:04.738  1401  1420 I PointObjectManager: Vertices: 272, Indices: 408
06-28 22:47:04.758  1401  1420 I PointObjectManager: Vertices: 160, Indices: 240
06-28 22:47:04.769  1401  1420 I PointObjectManager: Vertices: 192, Indices: 288
06-28 22:47:04.797  1401  1420 I PointObjectManager: Vertices: 288, Indices: 432
06-28 22:47:04.816  1401  1420 I PointObjectManager: Vertices: 352, Indices: 528
06-28 22:47:04.820  1401  1420 I PointObjectManager: Vertices: 160, Indices: 240
06-28 22:47:04.836  1401  1420 I PointObjectManager: Vertices: 136, Indices: 204
06-28 22:47:04.855  1401  1420 I PointObjectManager: Vertices: 260, Indices: 390
06-28 22:47:04.875  1401  1420 I PointObjectManager: Vertices: 136, Indices: 204
06-28 22:47:04.890  1401  1420 I PointObjectManager: Vertices: 160, Indices: 240
06-28 22:47:04.906  1401  1420 I PointObjectManager: Vertices: 152, Indices: 228
06-28 22:47:04.922  1401  1420 I PointObjectManager: Vertices: 176, Indices: 264
06-28 22:47:04.953  1401  1420 I PointObjectManager: Vertices: 264, Indices: 396
06-28 22:47:04.957  1401  1420 I PointObjectManager: Vertices: 120, Indices: 180
06-28 22:47:05.008  1401  1403 D dalvikvm: GC_CONCURRENT freed 521K, 5% free 13196K/13831K, paused 3ms+11ms
06-28 22:47:05.012   144   160 I Process : Sending signal. PID: 1401 SIG: 3
06-28 22:47:05.012  1401  1405 I dalvikvm: threadid=3: reacting to signal 3
06-28 22:47:05.035  1401  1405 I dalvikvm: Wrote stack traces to '/data/anr/traces.txt'
06-28 22:47:05.051  1401  1420 I PointObjectManager: Vertices: 404, Indices: 606
06-28 22:47:05.058  1401  1420 I PointObjectManager: Vertices: 196, Indices: 294
06-28 22:47:05.070  1401  1420 I PointObjectManager: Vertices: 172, Indices: 258
06-28 22:47:05.074   215   215 D dalvikvm: GC_FOR_ALLOC freed 457K, 32% free 9679K/14215K, paused 65ms
06-28 22:47:05.078  1401  1420 I PointObjectManager: Vertices: 188, Indices: 282
06-28 22:47:05.094  1401  1420 I PointObjectManager: Vertices: 228, Indices: 342
06-28 22:47:05.105  1401  1420 I PointObjectManager: Vertices: 368, Indices: 552
06-28 22:47:05.133  1401  1420 I PointObjectManager: Vertices: 296, Indices: 444
06-28 22:47:05.148  1401  1420 I PointObjectManager: Vertices: 192, Indices: 288
06-28 22:47:05.152  1401  1420 I PointObjectManager: Vertices: 120, Indices: 180
06-28 22:47:05.160  1401  1420 I PointObjectManager: Vertices: 152, Indices: 228
06-28 22:47:05.160   215   217 D dalvikvm: GC_CONCURRENT freed 392K, 32% free 9775K/14215K, paused 2ms+5ms
06-28 22:47:05.172  1401  1420 I PointObjectManager: Vertices: 116, Indices: 174
06-28 22:47:05.191  1401  1420 I PointObjectManager: Vertices: 208, Indices: 312
06-28 22:47:05.199  1401  1420 I PointObjectManager: Vertices: 240, Indices: 360
06-28 22:47:05.207  1401  1420 I PointObjectManager: Vertices: 164, Indices: 246
06-28 22:47:05.215  1401  1420 I PointObjectManager: Vertices: 128, Indices: 192
06-28 22:47:05.219  1401  1420 I PointObjectManager: Vertices: 140, Indices: 210
06-28 22:47:05.262  1401  1420 I PointObjectManager: Vertices: 456, Indices: 684
06-28 22:47:05.496  1401  1420 D libEGL  : loaded /system/lib/egl/libGLES_android.so
06-28 22:47:05.504  1401  1420 D libEGL  : loaded /vendor/lib/egl/libEGL_POWERVR_SGX540_120.so
06-28 22:47:05.512   144   160 I Process : Sending signal. PID: 1401 SIG: 3
06-28 22:47:05.512  1401  1405 I dalvikvm: threadid=3: reacting to signal 3
06-28 22:47:05.515  1401  1405 I dalvikvm: Wrote stack traces to '/data/anr/traces.txt'
06-28 22:47:05.523  1401  1420 D libEGL  : loaded /vendor/lib/egl/libGLESv1_CM_POWERVR_SGX540_120.so
06-28 22:47:05.527   144   175 I ActivityManager: Displayed com.google.android.stardroid/.activities.DynamicStarMapActivity: +1s519ms
06-28 22:47:05.558  1401  1420 D libEGL  : loaded /vendor/lib/egl/libGLESv2_POWERVR_SGX540_120.so
06-28 22:47:05.590  1401  1401 D Stardroid.SplashScreenActivity: SplashScreen onDestroy
06-28 22:47:05.637  1401  1420 D SkyRenderer: surfaceCreated
06-28 22:47:05.644  1401  1420 I SkyRenderer: GL extensions: GL_OES_byte_coordinates GL_OES_fixed_point GL_OES_single_precision GL_OES_matrix_get GL_OES_read_format GL_OES_compressed_paletted_texture GL_OES_point_sprite GL_OES_point_size_array GL_OES_matrix_palette GL_OES_draw_texture GL_OES_query_matrix GL_OES_texture_env_crossbar GL_OES_texture_mirrored_repeat GL_OES_texture_cube_map GL_OES_blend_subtract GL_OES_blend_func_separate GL_OES_blend_equation_separate GL_OES_stencil_wrap GL_OES_extended_matrix_palette GL_OES_framebuffer_object GL_OES_rgb8_rgba8 GL_OES_depth24 GL_OES_stencil8 GL_OES_compressed_ETC1_RGB8_texture GL_OES_mapbuffer GL_OES_EGL_image GL_OES_EGL_image_external GL_EXT_multi_draw_arrays GL_OES_required_internalformat GL_IMG_read_format GL_IMG_texture_compression_pvrtc GL_IMG_texture_format_BGRA8888 GL_EXT_texture_format_BGRA8888 GL_OES_egl_sync GL_IMG_vertex_array_object
06-28 22:47:05.644  1401  1420 I SkyRenderer: Model: Full Android on Crespo4G
06-28 22:47:05.644  1401  1420 I SkyRenderer: VBOs disabled
06-28 22:47:05.719  1401  1420 D dalvikvm: GC_FOR_ALLOC freed 2017K, 16% free 12135K/14279K, paused 38ms
06-28 22:47:05.851  1401  1420 D dalvikvm: GC_FOR_ALLOC freed 521K, 15% free 12148K/14279K, paused 33ms
06-28 22:47:06.015  1401  1403 D dalvikvm: GC_CONCURRENT freed 917K, 15% free 12257K/14279K, paused 2ms+3ms
06-28 22:47:06.039  1401  1420 D SkyRenderer: Starting sizeChanged, size = (480, 800)
06-28 22:47:06.039  1401  1420 D SkyRenderer: Changing viewport size
06-28 22:47:06.039  1401  1420 D SkyRenderer: Done with sizeChanged
06-28 22:47:06.101  1401  1420 D dalvikvm: GC_FOR_ALLOC freed 690K, 15% free 12196K/14279K, paused 34ms
06-28 22:47:06.191  1401  1403 D dalvikvm: GC_CONCURRENT freed 547K, 12% free 12707K/14279K, paused 2ms+9ms
06-28 22:47:06.305  1401  1420 D dalvikvm: GC_FOR_ALLOC freed 1354K, 15% free 12195K/14279K, paused 38ms
06-28 22:47:06.578  1401  1403 D dalvikvm: GC_CONCURRENT freed 945K, 15% free 12201K/14279K, paused 2ms+4ms
06-28 22:47:07.867  1401  1403 D dalvikvm: GC_CONCURRENT freed 979K, 15% free 12213K/14279K, paused 2ms+3ms
06-28 22:47:09.109  1401  1403 D dalvikvm: GC_CONCURRENT freed 988K, 15% free 12215K/14279K, paused 2ms+2ms
06-28 22:47:10.137  1401  1417 D NetworkRequestUtil/ConstructPageviewRequestPath: /__utm.gif?utmwv=4.5ma&utmn=1096712932&utme=8(1!ANDROID_OS*2!SKYMAP_VERSION*3!DEVICE_NAME)9(1!15*2!1.6.4*3!Full%20Android%20on%20Crespo4G)11(1!1*2!1*3!1)&utmcs=UTF-8&utmsr=480x800&utmul=en-US&utmp=%2FApplicationCreate&utmac=UA-520332-6&utmcc=__utma%3D999.72055653.1340221202.1340934208.1340938020.7
06-28 22:47:10.336  1401  1417 D NetworkRequestUtil/ConstructEventRequestPath: /__utm.gif?utmwv=4.5ma&utmn=753718227&utmt=event&utme=5(General*Start%20up%20hour*22h)(0)&utmcs=UTF-8&utmsr=480x800&utmul=en-US&utmac=UA-520332-6&utmcc=__utma%3D999.72055653.1340221202.1340934208.1340938020.7
06-28 22:47:10.336  1401  1417 D NetworkRequestUtil/ConstructPageviewRequestPath: /__utm.gif?utmwv=4.5ma&utmn=1345233642&utmcs=UTF-8&utmsr=480x800&utmul=en-US&utmp=%2FSplashScreen&utmac=UA-520332-6&utmcc=__utma%3D999.72055653.1340221202.1340934208.1340938020.7
06-28 22:47:10.340  1401  1417 D NetworkRequestUtil/ConstructPageviewRequestPath: /__utm.gif?utmwv=4.5ma&utmn=1946715227&utmcs=UTF-8&utmsr=480x800&utmul=en-US&utmp=%2FMainPage&utmac=UA-520332-6&utmcc=__utma%3D999.72055653.1340221202.1340934208.1340938020.7
06-28 22:47:10.445  1401  1403 D dalvikvm: GC_CONCURRENT freed 977K, 15% free 12269K/14279K, paused 5ms+5ms
06-28 22:47:11.801  1401  1403 D dalvikvm: GC_CONCURRENT freed 1041K, 15% free 12247K/14279K, paused 2ms+3ms
06-28 22:47:13.211  1401  1403 D dalvikvm: GC_CONCURRENT freed 1010K, 15% free 12249K/14279K, paused 4ms+3ms
06-28 22:47:14.230   298   300 D dalvikvm: GC_CONCURRENT freed 771K, 8% free 11777K/12679K, paused 6ms+11ms
06-28 22:47:14.504  1401  1403 D dalvikvm: GC_CONCURRENT freed 996K, 15% free 12233K/14279K, paused 2ms+2ms
06-28 22:47:15.762  1401  1403 D dalvikvm: GC_CONCURRENT freed 984K, 15% free 12247K/14279K, paused 2ms+16ms
06-28 22:47:17.039  1401  1403 D dalvikvm: GC_CONCURRENT freed 1006K, 15% free 12248K/14279K, paused 2ms+3ms
06-28 22:47:18.332  1401  1403 D dalvikvm: GC_CONCURRENT freed 1010K, 15% free 12246K/14279K, paused 3ms+4ms
06-28 22:47:19.625  1401  1403 D dalvikvm: GC_CONCURRENT freed 1003K, 15% free 12249K/14279K, paused 2ms+4ms
06-28 22:47:20.637  1401  1401 D Stardroid.LocationController: LocationController onLocationChanged
06-28 22:47:20.637  1401  1401 D Stardroid.LocationController: Latitude 42.96229
06-28 22:47:20.637  1401  1401 D Stardroid.LocationController: Longitude -78.81702
06-28 22:47:20.637  1401  1401 D Stardroid.LocationController: Informing user of change of location
06-28 22:47:20.637  1401  1401 D Stardroid.LocationController: Reverse geocoding location
06-28 22:47:20.668   279   557 I System.out: [INFO:63659]: LogSource: Running flush
06-28 22:47:20.672   279   558 I System.out: [INFO:63662]: LogSource: Sending payload [bytes=286]
06-28 22:47:20.906   279   558 I System.out: [INFO:63896]: LogSource: Response [http=200,length=212]
06-28 22:47:20.906   279   557 I System.out: [INFO:63897]: LogSource: Read id 4, status code 200
06-28 22:47:20.918  1401  1401 D Stardroid.LocationController: Location set to Buffalo
06-28 22:47:20.949  1401  1403 D dalvikvm: GC_CONCURRENT freed 1005K, 15% free 12262K/14279K, paused 2ms+3ms
06-28 22:47:21.156  1401  1401 D Stardroid.LocationController: LocationController -onLocationChanged
06-28 22:47:21.390   144   146 D dalvikvm: GC_CONCURRENT freed 732K, 9% free 13360K/14663K, paused 7ms+19ms
06-28 22:47:21.543   215   215 D dalvikvm: GC_FOR_ALLOC freed 466K, 32% free 9668K/14215K, paused 45ms
06-28 22:47:21.648   215   217 D dalvikvm: GC_CONCURRENT freed 394K, 32% free 9780K/14215K, paused 3ms+6ms
06-28 22:47:21.781  1303  1310 I dalvikvm: Total arena pages for JIT: 11
06-28 22:47:21.781  1303  1310 I dalvikvm: Total arena pages for JIT: 12
06-28 22:47:21.781  1303  1310 I dalvikvm: Total arena pages for JIT: 13
06-28 22:47:21.785  1303  1310 I dalvikvm: Total arena pages for JIT: 14
06-28 22:47:21.785  1303  1310 I dalvikvm: Total arena pages for JIT: 15
06-28 22:47:21.785  1303  1310 I dalvikvm: Total arena pages for JIT: 16
06-28 22:47:21.797  1303  1310 I dalvikvm: Total arena pages for JIT: 17
06-28 22:47:22.437  1401  1403 D dalvikvm: GC_CONCURRENT freed 1017K, 15% free 12260K/14279K, paused 2ms+4ms
06-28 22:47:23.797  1401  1403 D dalvikvm: GC_CONCURRENT freed 1010K, 15% free 12259K/14279K, paused 3ms+3ms
06-28 22:47:24.183   298   300 D dalvikvm: GC_CONCURRENT freed 822K, 8% free 11790K/12743K, paused 7ms+10ms
06-28 22:47:25.160  1401  1403 D dalvikvm: GC_CONCURRENT freed 1021K, 15% free 12254K/14279K, paused 2ms+3ms
06-28 22:47:26.504  1401  1403 D dalvikvm: GC_CONCURRENT freed 1007K, 15% free 12255K/14279K, paused 3ms+3ms
06-28 22:47:27.297   345   345 D SAN_SERVICE: *******************************************
06-28 22:47:27.297   345   345 D SAN_SERVICE: DM App Phone Service State - 0
06-28 22:47:27.297   345   345 D SAN_SERVICE: *******************************************
06-28 22:47:27.578   345   345 D SAN_SERVICE: *******************************************
06-28 22:47:27.578   345   345 D SAN_SERVICE: DM App Phone Service State - 0
06-28 22:47:27.578   345   345 D SAN_SERVICE: *******************************************
06-28 22:47:27.894  1401  1403 D dalvikvm: GC_CONCURRENT freed 1012K, 15% free 12253K/14279K, paused 3ms+2ms
06-28 22:47:29.097   298   300 D dalvikvm: GC_CONCURRENT freed 842K, 8% free 11769K/12743K, paused 3ms+6ms
06-28 22:47:29.230  1401  1403 D dalvikvm: GC_CONCURRENT freed 1010K, 15% free 12260K/14279K, paused 2ms+4ms
06-28 22:47:30.121   298  1324 D MediaProvider: object removed 3615
06-28 22:47:30.336   298  1324 D MediaProvider: object removed 2492
06-28 22:47:30.531  1401  1403 D dalvikvm: GC_CONCURRENT freed 1007K, 15% free 12254K/14279K, paused 2ms+5ms
06-28 22:47:30.754   298  1324 D MediaProvider: object removed 3675
06-28 22:47:30.984   298  1324 D MediaProvider: object removed 5372
06-28 22:47:31.164   298  1324 D MediaProvider: object removed 2025
06-28 22:47:31.465   298  1324 D MediaProvider: object removed 3034
06-28 22:47:31.680   298  1324 D MediaProvider: object removed 3775
06-28 22:47:31.847  1401  1403 D dalvikvm: GC_CONCURRENT freed 1006K, 15% free 12250K/14279K, paused 2ms+2ms
06-28 22:47:32.551   345   345 D SAN_SERVICE: *******************************************
06-28 22:47:32.551   345   345 D SAN_SERVICE: DM App Phone Service State - 0
06-28 22:47:32.551   345   345 D SAN_SERVICE: *******************************************
06-28 22:47:32.648   298  1324 D MediaProvider: object removed 1558
06-28 22:47:32.715   345   345 D SAN_SERVICE: *******************************************
06-28 22:47:32.715   345   345 D SAN_SERVICE: DM App Phone Service State - 0
06-28 22:47:32.715   345   345 D SAN_SERVICE: *******************************************
06-28 22:47:32.828   298  1324 D MediaProvider: object removed 3074
06-28 22:47:33.023   298  1324 D MediaProvider: object removed 1706
06-28 22:47:33.140  1401  1403 D dalvikvm: GC_CONCURRENT freed 1004K, 15% free 12240K/14279K, paused 2ms+2ms
06-28 22:47:33.332   298  1324 D MediaProvider: object removed 2925
06-28 22:47:33.547   298  1324 D MediaProvider: object removed 2963
06-28 22:47:33.742   298  1324 D MediaProvider: object removed 3175
06-28 22:47:33.941   298  1324 D MediaProvider: object removed 3751
06-28 22:47:34.137   298  1324 D MediaProvider: object removed 1855
06-28 22:47:34.441  1401  1403 D dalvikvm: GC_CONCURRENT freed 995K, 15% free 12252K/14279K, paused 2ms+4ms
06-28 22:47:34.531   298  1324 D MediaProvider: object removed 3807
06-28 22:47:34.656   298   315 D dalvikvm: GC_EXPLICIT freed 479K, 8% free 11769K/12743K, paused 7ms+31ms
06-28 22:47:34.805   298  1324 D MediaProvider: object removed 1493
06-28 22:47:35.015   298  1324 D MediaProvider: object removed 3537
06-28 22:47:35.230   298  1324 D MediaProvider: object removed 1362
06-28 22:47:35.609   298  1324 D MediaProvider: object removed 1530
06-28 22:47:35.789  1401  1403 D dalvikvm: GC_CONCURRENT freed 1005K, 15% free 12257K/14279K, paused 3ms+3ms
06-28 22:47:36.933   298  1324 D MediaProvider: object removed 2843
06-28 22:47:37.133  1401  1403 D dalvikvm: GC_CONCURRENT freed 1021K, 15% free 12255K/14279K, paused 3ms+3ms
06-28 22:47:37.219   298  1324 D MediaProvider: object removed 1655
06-28 22:47:37.269  1119  1157 D dalvikvm: GC_EXPLICIT freed 827K, 8% free 12675K/13639K, paused 17ms+196ms
06-28 22:47:37.492   298  1324 D MediaProvider: object removed 3865
06-28 22:47:37.762   298  1324 D MediaProvider: object removed 1942
06-28 22:47:38.012   298  1324 D MediaProvider: object removed 3538
06-28 22:47:38.203   298  1324 D MediaProvider: object removed 5374
06-28 22:47:38.457  1401  1403 D dalvikvm: GC_CONCURRENT freed 1003K, 15% free 12254K/14279K, paused 3ms+3ms
06-28 22:47:38.547   298  1324 D MediaProvider: object removed 1892
06-28 22:47:38.773   298  1324 D MediaProvider: object removed 2650
06-28 22:47:38.961   298  1324 D MediaProvider: object removed 1443
06-28 22:47:39.156   298  1324 D MediaProvider: object removed 2832
06-28 22:47:39.336   298  1324 D MediaProvider: object removed 5262
06-28 22:47:39.551   298  1324 D MediaProvider: object removed 3938
06-28 22:47:39.797   298  1324 D MediaProvider: object removed 3182
06-28 22:47:39.828  1401  1403 D dalvikvm: GC_CONCURRENT freed 1017K, 15% free 12254K/14279K, paused 3ms+3ms
06-28 22:47:40.051   144   156 D dalvikvm: GC_EXPLICIT freed 552K, 10% free 13305K/14663K, paused 4ms+15ms
06-28 22:47:40.164   298  1324 D MediaProvider: object removed 3040
06-28 22:47:40.433   298  1324 D MediaProvider: object removed 3722
06-28 22:47:40.629   298  1324 D MediaProvider: object removed 3073
06-28 22:47:40.863   298  1324 D MediaProvider: object removed 3926
06-28 22:47:41.074   298  1324 D MediaProvider: object removed 3157
06-28 22:47:41.191  1401  1403 D dalvikvm: GC_CONCURRENT freed 1010K, 15% free 12255K/14279K, paused 2ms+2ms
06-28 22:47:41.363   298  1324 D MediaProvider: object removed 3425
06-28 22:47:41.578   298  1324 D MediaProvider: object removed 3270
06-28 22:47:41.613   298   312 D dalvikvm: GC_EXPLICIT freed 324K, 8% free 11795K/12743K, paused 12ms+17ms
06-28 22:47:41.867   298  1324 D MediaProvider: object removed 3563
06-28 22:47:42.191   298  1324 D MediaProvider: object removed 3635
06-28 22:47:42.387   298  1324 D MediaProvider: object removed 2760
06-28 22:47:42.492   345   345 D SAN_SERVICE: *******************************************
06-28 22:47:42.492   345   345 D SAN_SERVICE: DM App Phone Service State - 0
06-28 22:47:42.492   345   345 D SAN_SERVICE: *******************************************
06-28 22:47:42.512  1401  1403 D dalvikvm: GC_CONCURRENT freed 1009K, 15% free 12254K/14279K, paused 5ms+12ms
06-28 22:47:42.851   298  1324 D MediaProvider: object removed 1675
06-28 22:47:43.066   298  1324 D MediaProvider: object removed 1623
06-28 22:47:43.269   345   345 D SAN_SERVICE: *******************************************
06-28 22:47:43.269   345   345 D SAN_SERVICE: DM App Phone Service State - 0
06-28 22:47:43.269   345   345 D SAN_SERVICE: *******************************************
06-28 22:47:43.351   298  1324 D MediaProvider: object removed 3491
06-28 22:47:43.605   298  1324 D MediaProvider: object removed 1780
06-28 22:47:43.758  1401  1403 D dalvikvm: GC_CONCURRENT freed 981K, 15% free 12239K/14279K, paused 2ms+2ms
06-28 22:47:43.890   298  1324 D MediaProvider: object removed 1727
06-28 22:47:44.125   298  1324 D MediaProvider: object removed 3762
06-28 22:47:44.324   298  1324 D MediaProvider: object removed 3589
06-28 22:47:44.430  1119  1155 D dalvikvm: GC_EXPLICIT freed 276K, 7% free 12688K/13639K, paused 9ms+17ms
06-28 22:47:44.859   298  1324 D MediaProvider: object removed 2813
06-28 22:47:45.012  1401  1403 D dalvikvm: GC_CONCURRENT freed 979K, 15% free 12240K/14279K, paused 2ms+3ms
06-28 22:47:45.199  1303  1310 I dalvikvm: Total arena pages for JIT: 18
06-28 22:47:45.480  1303  1305 D dalvikvm: GC_CONCURRENT freed 484K, 6% free 9983K/10567K, paused 24ms+6ms
06-28 22:47:45.633   298  1324 D MediaProvider: object removed 1784
06-28 22:47:45.902   298  1324 D MediaProvider: object removed 3808
06-28 22:47:46.148   298  1324 D MediaProvider: object removed 3068
06-28 22:47:46.398  1401  1403 D dalvikvm: GC_CONCURRENT freed 997K, 15% free 12246K/14279K, paused 3ms+4ms
06-28 22:47:46.508   298  1324 D MediaProvider: object removed 3062
06-28 22:47:46.762   298  1324 D MediaProvider: object removed 3086
06-28 22:47:46.961   298  1324 D MediaProvider: object removed 1654
06-28 22:47:47.015  1401  1401 D Stardroid.DynamicStarMapActivity: Key: KeyEvent { action=ACTION_DOWN, keyCode=KEYCODE_MENU, scanCode=139, metaState=0, flags=0x48, repeatCount=0, eventTime=120081, downTime=120081, deviceId=2, source=0x101 }
06-28 22:47:47.406   298  1324 D MediaProvider: object removed 1408
06-28 22:47:47.601  1401  1403 D dalvikvm: GC_CONCURRENT freed 865K, 14% free 12381K/14279K, paused 2ms+4ms
06-28 22:47:47.722   298  1324 D MediaProvider: object removed 1296
06-28 22:47:47.906   298  1426 D dalvikvm: GC_EXPLICIT freed 326K, 8% free 11774K/12743K, paused 24ms+5ms
06-28 22:47:47.965   298  1324 D MediaProvider: object removed 3098
06-28 22:47:48.414   298  1324 D MediaProvider: object removed 2491
06-28 22:47:48.590   298  1324 D MediaProvider: object removed 1943
06-28 22:47:48.758  1401  1401 D Stardroid.DynamicStarMapActivity: Toggling nightmode
06-28 22:47:48.758  1401  1401 D Stardroid.Analytics: Logging event Pressed Menu Item (User Action) label Toggled Night Mode value 1
06-28 22:47:48.765  1401  1401 D PersistentEventStore/putEvent: Row ID: 54, Event ID: 54
06-28 22:47:48.816   144   353 W InputManagerService: Window already focused, ignoring focus gain of: com.android.internal.view.IInputMethodClient$Stub$Proxy@41880270
06-28 22:47:48.980  1401  1403 D dalvikvm: GC_CONCURRENT freed 1052K, 14% free 12378K/14279K, paused 1ms+3ms
06-28 22:47:49.000   298  1324 D MediaProvider: object removed 1876
06-28 22:47:49.250   298  1324 D MediaProvider: object removed 3216
06-28 22:47:49.301   345   345 D SAN_SERVICE: *******************************************
06-28 22:47:49.301   345   345 D SAN_SERVICE: DM App Phone Service State - 0
06-28 22:47:49.301   345   345 D SAN_SERVICE: *******************************************
06-28 22:47:49.469   298  1324 D MediaProvider: object removed 3732
06-28 22:47:49.738   298  1324 D MediaProvider: object removed 3956
06-28 22:47:49.972   298  1324 D MediaProvider: object removed 2592
06-28 22:47:50.203   298  1324 D MediaProvider: object removed 3323
06-28 22:47:50.359  1401  1403 D dalvikvm: GC_CONCURRENT freed 1053K, 14% free 12376K/14279K, paused 2ms+4ms
06-28 22:47:50.527   298  1324 D MediaProvider: object removed 2633
06-28 22:47:50.758   298  1324 D MediaProvider: object removed 3326
06-28 22:47:50.976   298  1324 D MediaProvider: object removed 5173
06-28 22:47:51.226   298  1324 D MediaProvider: object removed 3613
06-28 22:47:51.461   298  1324 D MediaProvider: object removed 3027
06-28 22:47:51.687  1401  1401 D Stardroid.DynamicStarMapActivity: Key: KeyEvent { action=ACTION_DOWN, keyCode=KEYCODE_MENU, scanCode=139, metaState=0, flags=0x48, repeatCount=0, eventTime=124771, downTime=124771, deviceId=2, source=0x101 }
06-28 22:47:51.758  1401  1403 D dalvikvm: GC_CONCURRENT freed 1060K, 14% free 12379K/14279K, paused 3ms+5ms
06-28 22:47:51.890   298  1324 D MediaProvider: object removed 1514
06-28 22:47:52.086   298  1324 D MediaProvider: object removed 1765
06-28 22:47:52.305   298  1324 D MediaProvider: object removed 1610
06-28 22:47:52.504   298  1324 D MediaProvider: object removed 6637
06-28 22:47:52.566  1119  1157 D dalvikvm: GC_EXPLICIT freed 293K, 7% free 12694K/13639K, paused 18ms+34ms
06-28 22:47:52.805   298  1324 D MediaProvider: object removed 1723
06-28 22:47:52.957  1401  1401 D Stardroid.DynamicStarMapActivity: Toggling nightmode
06-28 22:47:53.051  1401  1401 D Stardroid.OsVersions: Setting button brightness
06-28 22:47:53.051  1401  1401 D Stardroid.DynamicStarMapActivity: Preferences changed: key=lightmode
06-28 22:47:53.051  1401  1401 D Stardroid.PreferenceChangeAnalyticsTracker: Logging pref change lightmode
06-28 22:47:53.051  1401  1401 D Stardroid.Analytics: Logging event Preference: lightmode (User Action) label Preference: PII value 0
06-28 22:47:53.062  1401  1401 D PersistentEventStore/putEvent: Row ID: 55, Event ID: 55
06-28 22:47:53.144   298  1324 D MediaProvider: object removed 1450
06-28 22:47:53.144  1401  1401 D Stardroid.Analytics: Logging event Pressed Menu Item (User Action) label Toggled Night Mode value 0
06-28 22:47:53.148  1401  1401 D PersistentEventStore/putEvent: Row ID: 56, Event ID: 56
06-28 22:47:53.195  1401  1403 D dalvikvm: GC_CONCURRENT freed 1034K, 14% free 12392K/14279K, paused 2ms+4ms
06-28 22:47:53.199   144   353 W InputManagerService: Window already focused, ignoring focus gain of: com.android.internal.view.IInputMethodClient$Stub$Proxy@4179b170
06-28 22:47:53.578   298  1324 D MediaProvider: object removed 3866
06-28 22:47:53.789   298  1324 D MediaProvider: object removed 1503
06-28 22:47:54.004   298  1324 D MediaProvider: object removed 1609
06-28 22:47:54.168   298  1426 D dalvikvm: GC_EXPLICIT freed 342K, 8% free 11764K/12743K, paused 14ms+7ms
06-28 22:47:54.347   298  1324 D MediaProvider: object removed 2954
06-28 22:47:54.586  1401  1403 D dalvikvm: GC_CONCURRENT freed 1064K, 14% free 12378K/14279K, paused 3ms+3ms
06-28 22:47:54.652   298  1324 D MediaProvider: object removed 3317
06-28 22:47:54.863   298  1324 D MediaProvider: object removed 3682
06-28 22:47:55.062   298  1324 D MediaProvider: object removed 2852
06-28 22:47:55.957  1401  1403 D dalvikvm: GC_CONCURRENT freed 1046K, 14% free 12377K/14279K, paused 2ms+3ms
06-28 22:47:56.140   298  1324 D MediaProvider: object removed 1603
06-28 22:47:56.390   298  1324 D MediaProvider: object removed 1581
06-28 22:47:56.640   298  1324 D MediaProvider: object removed 2812
06-28 22:47:56.840   298  1324 D MediaProvider: object removed 3085
06-28 22:47:57.055   298  1324 D MediaProvider: object removed 1348
06-28 22:47:57.301  1401  1403 D dalvikvm: GC_CONCURRENT freed 1043K, 14% free 12382K/14279K, paused 2ms+3ms
06-28 22:47:57.359   298  1324 D MediaProvider: object removed 3750
06-28 22:47:57.539   298  1324 D MediaProvider: object removed 1522
06-28 22:47:57.746   298  1324 D MediaProvider: object removed 3893
06-28 22:47:57.949   298  1324 D MediaProvider: object removed 5205
06-28 22:47:58.129   298  1324 D MediaProvider: object removed 3514
06-28 22:47:58.379   298  1324 D MediaProvider: object removed 1295
06-28 22:47:58.566   298  1324 D MediaProvider: object removed 3294
06-28 22:47:58.680  1401  1403 D dalvikvm: GC_CONCURRENT freed 1062K, 14% free 12375K/14279K, paused 2ms+3ms
06-28 22:47:58.816  1401  1417 D NetworkRequestUtil/ConstructEventRequestPath: /__utm.gif?utmwv=4.5ma&utmn=26164541&utmt=event&utme=5(User%20Action*Pressed%20Menu%20Item*Toggled%20Night%20Mode)(1)&utmcs=UTF-8&utmsr=480x800&utmul=en-US&utmac=UA-520332-6&utmcc=__utma%3D999.72055653.1340221202.1340934208.1340938020.7
06-28 22:47:58.887  1401  1417 D NetworkRequestUtil/ConstructEventRequestPath: /__utm.gif?utmwv=4.5ma&utmn=959548965&utmt=event&utme=5(User%20Action*Preference%3A%20lightmode*Preference%3A%20PII)(0)&utmcs=UTF-8&utmsr=480x800&utmul=en-US&utmac=UA-520332-6&utmcc=__utma%3D999.72055653.1340221202.1340934208.1340938020.7
06-28 22:47:58.890  1401  1417 D NetworkRequestUtil/ConstructEventRequestPath: /__utm.gif?utmwv=4.5ma&utmn=778400236&utmt=event&utme=5(User%20Action*Pressed%20Menu%20Item*Toggled%20Night%20Mode)(0)&utmcs=UTF-8&utmsr=480x800&utmul=en-US&utmac=UA-520332-6&utmcc=__utma%3D999.72055653.1340221202.1340934208.1340938020.7
06-28 22:47:59.117   298  1324 D MediaProvider: object removed 2530
06-28 22:47:59.992  1401  1403 D dalvikvm: GC_CONCURRENT freed 1035K, 14% free 12393K/14279K, paused 2ms+3ms
06-28 22:48:00.461   298  1324 D MediaProvider: object removed 1299
06-28 22:48:00.676   298  1324 D MediaProvider: object removed 2032
06-28 22:48:00.906   298  1324 D MediaProvider: object removed 1826
06-28 22:48:01.125   298  1324 D MediaProvider: object removed 3894
06-28 22:48:01.371  1401  1403 D dalvikvm: GC_CONCURRENT freed 1070K, 14% free 12375K/14279K, paused 3ms+2ms
06-28 22:48:01.445   298  1324 D MediaProvider: object removed 3827
06-28 22:48:01.465  1119  1155 D dalvikvm: GC_EXPLICIT freed 292K, 7% free 12696K/13639K, paused 15ms+34ms
06-28 22:48:01.765   298  1324 D MediaProvider: object removed 1722
06-28 22:48:01.836   298  1426 D dalvikvm: GC_EXPLICIT freed 356K, 8% free 11753K/12743K, paused 17ms+17ms
06-28 22:48:01.984   298  1324 D MediaProvider: object removed 3553
06-28 22:48:02.289   298  1324 D MediaProvider: object removed 5166
06-28 22:48:02.340   144   146 D dalvikvm: GC_CONCURRENT freed 927K, 10% free 13325K/14663K, paused 7ms+11ms
06-28 22:48:02.652   298  1324 D MediaProvider: object removed 2016
06-28 22:48:02.769  1401  1403 D dalvikvm: GC_CONCURRENT freed 1056K, 14% free 12375K/14279K, paused 4ms+6ms
06-28 22:48:02.949   345   345 D SAN_SERVICE: *******************************************
06-28 22:48:02.949   345   345 D SAN_SERVICE: DM App Phone Service State - 0
06-28 22:48:02.949   345   345 D SAN_SERVICE: *******************************************
06-28 22:48:03.094   298  1324 D MediaProvider: object removed 5218
06-28 22:48:03.191   345   345 D SAN_SERVICE: *******************************************
06-28 22:48:03.191   345   345 D SAN_SERVICE: DM App Phone Service State - 0
06-28 22:48:03.191   345   345 D SAN_SERVICE: *******************************************
06-28 22:48:03.308   298  1324 D MediaProvider: object removed 1513
06-28 22:48:03.449   345   345 D SAN_SERVICE: *******************************************
06-28 22:48:03.449   345   345 D SAN_SERVICE: DM App Phone Service State - 0
06-28 22:48:03.449   345   345 D SAN_SERVICE: *******************************************
06-28 22:48:03.597   298  1324 D MediaProvider: object removed 3829
06-28 22:48:03.656   345   345 D SAN_SERVICE: *******************************************
06-28 22:48:03.656   345   345 D SAN_SERVICE: DM App Phone Service State - 0
06-28 22:48:03.656   345   345 D SAN_SERVICE: *******************************************
06-28 22:48:03.808   298  1324 D MediaProvider: object removed 1502
06-28 22:48:03.976   298  1324 D MediaProvider: object removed 3731
06-28 22:48:04.140  1401  1403 D dalvikvm: GC_CONCURRENT freed 1046K, 14% free 12378K/14279K, paused 2ms+2ms
06-28 22:48:04.316   298  1324 D MediaProvider: object removed 3834
06-28 22:48:04.531   298  1324 D MediaProvider: object removed 3758
06-28 22:48:04.726   298  1324 D MediaProvider: object removed 3607
06-28 22:48:04.926   298  1324 D MediaProvider: object removed 3909
06-28 22:48:05.047  1401  1401 D Stardroid.DynamicStarMapActivity: Key: KeyEvent { action=ACTION_DOWN, keyCode=KEYCODE_MENU, scanCode=139, metaState=0, flags=0x48, repeatCount=0, eventTime=138130, downTime=138130, deviceId=2, source=0x101 }
06-28 22:48:05.176   298  1324 D MediaProvider: object removed 3943
06-28 22:48:05.519   298  1324 D MediaProvider: object removed 5188
06-28 22:48:05.531  1401  1403 D dalvikvm: GC_CONCURRENT freed 1051K, 14% free 12383K/14279K, paused 2ms+2ms
06-28 22:48:05.805   298  1324 D MediaProvider: object removed 3833
06-28 22:48:06.090   298  1324 D MediaProvider: object removed 3115
06-28 22:48:06.289   298  1324 D MediaProvider: object removed 2038
06-28 22:48:06.488   298  1324 D MediaProvider: object removed 1991
06-28 22:48:06.910   298  1324 D MediaProvider: object removed 1507
06-28 22:48:06.945  1401  1403 D dalvikvm: GC_CONCURRENT freed 1053K, 14% free 12379K/14279K, paused 3ms+3ms
06-28 22:48:07.367   298  1433 D dalvikvm: GC_EXPLICIT freed 321K, 8% free 11725K/12743K, paused 16ms+6ms
06-28 22:48:07.738  1401  1401 D Stardroid.DynamicStarMapActivity: Starting Time Dialog from menu
06-28 22:48:07.738  1401  1401 D Stardroid.Analytics: Logging event Pressed Menu Item (User Action) label Time Travel Opened value 1
06-28 22:48:07.750  1401  1401 D PersistentEventStore/putEvent: Row ID: 57, Event ID: 57
06-28 22:48:07.922  1401  1401 D Stardroid.DialogFactory: Creating time dialog.
06-28 22:48:08.152  1401  1403 D dalvikvm: GC_CONCURRENT freed 856K, 12% free 12588K/14279K, paused 3ms+4ms
06-28 22:48:08.152  1401  1401 D Stardroid.TimeTravelDialog: Popular date 1  Next evening sunset
06-28 22:48:08.180  1401  1401 D Stardroid.Planet: Nearest Rise/Set is in the past. Adding one day.
06-28 22:48:08.183  1401  1401 D Stardroid.TimeTravelDialog: Sun rise or set is at: 20.0:57
06-28 22:48:08.461   298  1324 D MediaProvider: object removed 3630
06-28 22:48:08.676   298  1324 D MediaProvider: object removed 1331
06-28 22:48:08.824  1401  1417 D NetworkRequestUtil/ConstructEventRequestPath: /__utm.gif?utmwv=4.5ma&utmn=1732098702&utmt=event&utme=5(User%20Action*Pressed%20Menu%20Item*Time%20Travel%20Opened)(1)&utmcs=UTF-8&utmsr=480x800&utmul=en-US&utmac=UA-520332-6&utmcc=__utma%3D999.72055653.1340221202.1340934208.1340938020.7
06-28 22:48:08.906   298  1324 D MediaProvider: object removed 1501
06-28 22:48:09.195   298  1324 D MediaProvider: object removed 1907
06-28 22:48:09.390   298  1324 D MediaProvider: object removed 1863
06-28 22:48:09.621  1401  1403 D dalvikvm: GC_CONCURRENT freed 1118K, 12% free 12598K/14279K, paused 3ms+4ms
06-28 22:48:09.765  1119  1137 D dalvikvm: GC_EXPLICIT freed 293K, 7% free 12704K/13639K, paused 28ms+28ms
06-28 22:48:09.805   298  1324 D MediaProvider: object removed 1885
06-28 22:48:10.074   144   807 D dalvikvm: GC_EXPLICIT freed 305K, 10% free 13311K/14663K, paused 10ms+15ms
06-28 22:48:10.219   298  1324 D MediaProvider: object removed 1424
06-28 22:48:10.433   298  1324 D MediaProvider: object removed 3380
06-28 22:48:10.613   298  1324 D MediaProvider: object removed 1597
06-28 22:48:11.094  1401  1403 D dalvikvm: GC_CONCURRENT freed 1089K, 12% free 12632K/14279K, paused 2ms+4ms
06-28 22:48:12.769   144   807 I ActivityManager: No longer want hr.podlanica (pid 1010): hidden #16
06-28 22:48:12.801  1401  1403 D dalvikvm: GC_CONCURRENT freed 1109K, 12% free 12667K/14279K, paused 2ms+11ms
06-28 22:48:13.012  1401  1401 D dalvikvm: GC_FOR_ALLOC freed 165K, 10% free 12970K/14279K, paused 38ms
06-28 22:48:13.012  1401  1401 I dalvikvm-heap: Grow heap (frag case) to 12.898MB for 167056-byte allocation
06-28 22:48:13.058  1401  1420 D dalvikvm: GC_FOR_ALLOC freed 0K, 10% free 13133K/14471K, paused 34ms
06-28 22:48:13.105  1401  1401 D dalvikvm: GC_FOR_ALLOC freed 0K, 10% free 13133K/14471K, paused 35ms
06-28 22:48:13.105  1401  1401 I dalvikvm-heap: Grow heap (frag case) to 13.057MB for 167056-byte allocation
06-28 22:48:13.152  1401  1420 D dalvikvm: GC_FOR_ALLOC freed 0K, 10% free 13296K/14663K, paused 34ms
06-28 22:48:13.199  1401  1401 D dalvikvm: GC_FOR_ALLOC freed 0K, 10% free 13460K/14855K, paused 34ms
06-28 22:48:15.203  1401  1403 D dalvikvm: GC_CONCURRENT freed 1263K, 10% free 13646K/15047K, paused 3ms+3ms
06-28 22:48:16.949  1401  1401 D Stardroid.TimeTravelDialog: Popular date 5  Solar eclipse of May 29, 1919
06-28 22:48:16.969   144   391 W InputManagerService: Window already focused, ignoring focus gain of: com.android.internal.view.IInputMethodClient$Stub$Proxy@41559160
06-28 22:48:17.254  1401  1403 D dalvikvm: GC_CONCURRENT freed 2540K, 18% free 12619K/15239K, paused 3ms+3ms
06-28 22:48:18.347   345   345 D SAN_SERVICE: *******************************************
06-28 22:48:18.347   345   345 D SAN_SERVICE: DM App Phone Service State - 0
06-28 22:48:18.347   345   345 D SAN_SERVICE: *******************************************
06-28 22:48:18.582   345   345 D SAN_SERVICE: *******************************************
06-28 22:48:18.582   345   345 D SAN_SERVICE: DM App Phone Service State - 0
06-28 22:48:18.582   345   345 D SAN_SERVICE: *******************************************
06-28 22:48:18.719  1401  1403 D dalvikvm: GC_CONCURRENT freed 1159K, 18% free 12593K/15239K, paused 2ms+4ms
06-28 22:48:18.871   345   345 D SAN_SERVICE: *******************************************
06-28 22:48:18.871   345   345 D SAN_SERVICE: DM App Phone Service State - 0
06-28 22:48:18.871   345   345 D SAN_SERVICE: *******************************************
06-28 22:48:19.199  1401  1408 I dalvikvm: Jit: resizing JitTable from 4096 to 8192
06-28 22:48:19.605  1401  1403 D dalvikvm: GC_CONCURRENT freed 625K, 14% free 13110K/15239K, paused 4ms+4ms
06-28 22:48:21.418  1401  1403 D dalvikvm: GC_CONCURRENT freed 1307K, 15% free 13103K/15239K, paused 4ms+4ms
06-28 22:48:22.320  1401  1401 D Stardroid.DynamicStarMapActivity: Showing TimePlayer UI.
06-28 22:48:22.324  1401  1401 D Stardroid.TimeTravelClock: Pausing time
06-28 22:48:22.383  1401  1420 D Stardroid.Planet: Lunar phase = 126.8217
06-28 22:48:22.383  1401  1420 D Stardroid.Planet: Tomorrow's phase = 114.711334
06-28 22:48:22.551  1401  1420 D Stardroid.Planet: Lunar phase = 23.675705
06-28 22:48:22.555  1401  1420 D Stardroid.Planet: Tomorrow's phase = 29.749924
06-28 22:48:22.719  1401  1420 D Stardroid.Planet: Lunar phase = 74.987656
06-28 22:48:22.722  1401  1420 D Stardroid.Planet: Tomorrow's phase = 86.632866
06-28 22:48:22.867  1401  1403 D dalvikvm: GC_CONCURRENT freed 1826K, 18% free 12638K/15239K, paused 3ms+9ms
06-28 22:48:22.961  1401  1420 D Stardroid.Planet: Lunar phase = 78.56973
06-28 22:48:22.961  1401  1420 D Stardroid.Planet: Tomorrow's phase = 89.01826
06-28 22:48:23.055  1401  1420 D Stardroid.Planet: Lunar phase = 152.43448
06-28 22:48:23.234  1401  1420 D Stardroid.Planet: Lunar phase = 23.235962
06-28 22:48:23.234  1401  1420 D Stardroid.Planet: Tomorrow's phase = 9.347702
06-28 22:48:23.383  1401  1420 D Stardroid.Planet: Lunar phase = 112.93322
06-28 22:48:23.383  1401  1420 D Stardroid.Planet: Tomorrow's phase = 123.00636
06-28 22:48:23.539  1401  1420 D Stardroid.Planet: Lunar phase = 82.1911
06-28 22:48:23.539  1401  1420 D Stardroid.Planet: Tomorrow's phase = 91.78977
06-28 22:48:23.691  1401  1403 D dalvikvm: GC_CONCURRENT freed 1173K, 17% free 12670K/15239K, paused 2ms+5ms
06-28 22:48:23.777  1401  1420 D Stardroid.Planet: Lunar phase = 102.47586
06-28 22:48:23.777  1401  1420 D Stardroid.Planet: Tomorrow's phase = 91.34278
06-28 22:48:23.894  1401  1420 D Stardroid.Planet: Lunar phase = 39.508514
06-28 22:48:23.898  1401  1420 D Stardroid.Planet: Tomorrow's phase = 49.994934
06-28 22:48:24.043  1401  1420 D Stardroid.Planet: Lunar phase = 121.58101
06-28 22:48:24.047  1401  1420 D Stardroid.Planet: Tomorrow's phase = 108.43398
06-28 22:48:24.187  1401  1420 D Stardroid.Planet: Lunar phase = 56.272957
06-28 22:48:24.187  1401  1420 D Stardroid.Planet: Tomorrow's phase = 45.512207
06-28 22:48:24.308  1401  1420 D Stardroid.Planet: Lunar phase = 68.982216
06-28 22:48:24.312  1401  1420 D Stardroid.Planet: Tomorrow's phase = 55.58609
06-28 22:48:24.445  1401  1403 D dalvikvm: GC_CONCURRENT freed 1246K, 18% free 12624K/15239K, paused 3ms+5ms
06-28 22:48:24.515  1401  1420 D Stardroid.Planet: Lunar phase = 94.81174
06-28 22:48:24.519  1401  1420 D Stardroid.Planet: Tomorrow's phase = 83.53498
06-28 22:48:24.570  1401  1420 D Stardroid.Planet: Lunar phase = 75.895355
06-28 22:48:24.570  1401  1420 D Stardroid.Planet: Tomorrow's phase = 87.158295
06-28 22:48:24.637  1401  1420 D Stardroid.Planet: Lunar phase = 85.41387
06-28 22:48:24.637  1401  1420 D Stardroid.Planet: Tomorrow's phase = 73.796196
06-28 22:48:24.695  1401  1420 D Stardroid.Planet: Lunar phase = 100.33866
06-28 22:48:24.695  1401  1420 D Stardroid.Planet: Tomorrow's phase = 113.568344
06-28 22:48:24.750  1401  1420 D Stardroid.Planet: Lunar phase = 10.26384
06-28 22:48:24.883  1401  1420 D Stardroid.Planet: Lunar phase = 21.317505
06-28 22:48:24.902  1401  1403 D dalvikvm: GC_CONCURRENT freed 1130K, 17% free 12657K/15239K, paused 2ms+3ms
06-28 22:48:26.390  1401  1403 D dalvikvm: GC_CONCURRENT freed 1165K, 18% free 12636K/15239K, paused 3ms+4ms
06-28 22:48:27.879  1401  1403 D dalvikvm: GC_CONCURRENT freed 1132K, 18% free 12617K/15239K, paused 3ms+4ms
06-28 22:48:29.332  1401  1403 D dalvikvm: GC_CONCURRENT freed 1113K, 18% free 12634K/15239K, paused 3ms+6ms
06-28 22:48:30.457  1401  1401 D Stardroid.GestureInterpreter: Tap down
06-28 22:48:30.457  1401  1401 D Stardroid.Flinger: Fling stopped
06-28 22:48:30.601  1401  1401 D Stardroid.GestureInterpreter: Tap up
06-28 22:48:30.730  1401  1403 D dalvikvm: GC_CONCURRENT freed 1086K, 17% free 12753K/15239K, paused 2ms+3ms
06-28 22:48:30.805  1401  1401 D Stardroid.GestureInterpreter: Confirmed single tap
06-28 22:48:32.301  1401  1403 D dalvikvm: GC_CONCURRENT freed 1292K, 18% free 12632K/15239K, paused 2ms+3ms
06-28 22:48:33.250  1401  1401 D Stardroid.DynamicStarMapActivity: Heard time player close click.
06-28 22:48:33.254  1401  1401 D Stardroid.DynamicStarMapActivity: Leaving Time Travel mode.
06-28 22:48:33.297  1401  1420 D Stardroid.Planet: Lunar phase = 60.795486
06-28 22:48:33.301  1401  1420 D Stardroid.Planet: Tomorrow's phase = 71.579956
06-28 22:48:33.500  1401  1420 D Stardroid.Planet: Lunar phase = 18.28009
06-28 22:48:33.535  1401  1403 D dalvikvm: GC_CONCURRENT freed 978K, 16% free 12819K/15239K, paused 3ms+4ms
06-28 22:48:33.664  1401  1420 D Stardroid.Planet: Lunar phase = 102.77579
06-28 22:48:33.668  1401  1420 D Stardroid.Planet: Tomorrow's phase = 91.53424
06-28 22:48:33.785  1401  1420 D Stardroid.Planet: Lunar phase = 53.78823
