06-19 13:28:11.438 17311 17313 D dalvikvm: GC_CONCURRENT freed 415K, 6% free 9543K/10055K, paused 10ms+21ms
06-19 13:28:11.480   142   422 I ActivityManager: Process com.google.android.apps.uploader (pid 17295) has died.
06-19 13:28:11.699   142   370 D dalvikvm: GC_EXPLICIT freed 1155K, 30% free 18846K/26823K, paused 11ms+14ms
06-19 13:28:11.734 17327 17327 I ActivityThread: Pub downloads: com.android.providers.downloads.DownloadProvider
06-19 13:28:11.828 30128 27200 D dalvikvm: GC_FOR_ALLOC freed 938K, 31% free 11751K/16967K, paused 31ms
06-19 13:28:11.945 17327 17327 I ActivityThread: Pub drm: com.android.providers.drm.DrmProvider
06-19 13:28:11.949 17327 17342 I DownloadManager: in removeSpuriousFiles
06-19 13:28:11.961 17327 17327 I ActivityThread: Pub media: com.android.providers.media.MediaProvider
06-19 13:28:12.020 30128 30129 D dalvikvm: GC_CONCURRENT freed 2K, 26% free 12653K/16967K, paused 3ms+17ms
06-19 13:28:12.148 17327 17342 I DownloadManager: deleting spurious file /cache/backup
06-19 13:28:12.426   142   368 I ActivityManager: Start proc com.google.android.apps.docs for broadcast com.google.android.apps.docs/.receivers.NetworkChangeReceiver: pid=17344 uid=10069 gids={3003, 1015, 1006}
06-19 13:28:12.477    80    80 D dalvikvm: GC_EXPLICIT freed 38K, 4% free 9031K/9347K, paused 4ms+2ms
06-19 13:28:12.551    80    80 D dalvikvm: GC_EXPLICIT freed <1K, 4% free 9031K/9347K, paused 1ms+15ms
06-19 13:28:12.602    80    80 D dalvikvm: GC_EXPLICIT freed <1K, 4% free 9031K/9347K, paused 3ms+3ms
06-19 13:28:12.680 30128 30129 D dalvikvm: GC_CONCURRENT freed 918K, 25% free 12839K/16967K, paused 18ms+6ms
06-19 13:28:13.203 17327 17329 D dalvikvm: GC_CONCURRENT freed 292K, 5% free 9194K/9607K, paused 23ms+4ms
06-19 13:28:13.203 17311 17356 D PicasaSync: sync account database
06-19 13:28:13.457 17311 17326 D PicasaPhotoCP: set fsid first time:-1
06-19 13:28:13.586 17344 17344 I ActivityThread: Pub com.google.android.apps.docs.files: com.google.android.apps.docs.sync.filemanager.FileProvider
06-19 13:28:13.605 17344 17344 I ActivityThread: Pub com.google.android.apps.docs.doclist.search_suggest: com.google.android.apps.docs.doclist.DocListGlobalSearchSuggestionProvider
06-19 13:28:13.711   142   602 I ActivityManager: Process com.google.android.apps.plus (pid 17311) has died.
06-19 13:28:13.746 17344 17344 V /ContextScope.java:112: 13:28:13.734 main Contexts in the main scope map after inserting com.google.android.apps.docs.editors.EditorsApplication@4134c010: com.google.android.apps.docs.editors.EditorsApplication@4134c010
06-19 13:28:13.922 17344 17346 D dalvikvm: GC_CONCURRENT freed 228K, 4% free 9308K/9607K, paused 2ms+6ms
06-19 13:28:13.961 30128 30129 D dalvikvm: GC_CONCURRENT freed 1304K, 25% free 12807K/16967K, paused 2ms+12ms
06-19 13:28:14.164 17344 17346 D dalvikvm: GC_CONCURRENT freed 497K, 6% free 9357K/9927K, paused 2ms+2ms
06-19 13:28:14.227 17174 17176 D dalvikvm: GC_CONCURRENT freed 437K, 6% free 9422K/9991K, paused 91ms+2ms
06-19 13:28:14.313 30128 30129 D dalvikvm: GC_CONCURRENT freed 1207K, 25% free 12746K/16967K, paused 4ms+4ms
06-19 13:28:14.453 17344 17346 D dalvikvm: GC_CONCURRENT freed 535K, 7% free 9382K/9991K, paused 6ms+4ms
06-19 13:28:14.734 17344 17346 D dalvikvm: GC_CONCURRENT freed 485K, 6% free 9408K/9991K, paused 3ms+8ms
06-19 13:28:14.934 17344 17346 D dalvikvm: GC_CONCURRENT freed 469K, 6% free 9447K/9991K, paused 2ms+3ms
06-19 13:28:15.129 17344 17346 D dalvikvm: GC_CONCURRENT freed 510K, 6% free 9469K/10055K, paused 4ms+7ms
06-19 13:28:15.191 30128 30174 D dalvikvm: GC_FOR_ALLOC freed 1503K, 28% free 12327K/16967K, paused 85ms
06-19 13:28:15.340 17344 17344 D dalvikvm: GC_FOR_ALLOC freed 317K, 6% free 9475K/10055K, paused 53ms
06-19 13:28:15.652 17344 17346 D dalvikvm: GC_CONCURRENT freed 471K, 6% free 9592K/10119K, paused 2ms+3ms
06-19 13:28:16.039 17344 17346 D dalvikvm: GC_CONCURRENT freed 464K, 6% free 9645K/10183K, paused 2ms+11ms
06-19 13:28:16.402 17344 17346 D dalvikvm: GC_CONCURRENT freed 466K, 6% free 9714K/10247K, paused 2ms+2ms
06-19 13:28:16.746 16466 16501 I com.xabber.android.data.roster.SyncManager$4@413f85d0: Presence changed
06-19 13:28:16.773 17344 17346 D dalvikvm: GC_CONCURRENT freed 480K, 6% free 9764K/10311K, paused 3ms+4ms
06-19 13:28:17.063 17344 17346 D dalvikvm: GC_CONCURRENT freed 519K, 6% free 9778K/10375K, paused 8ms+4ms
06-19 13:28:17.195 17344 17344 D /Ln.java:220: 13:28:17.200 main Configuring Logging, minimum log level is INFO
06-19 13:28:17.285 17344 17344 D DocListDatabase: openHelper points on new database: DocList.db
06-19 13:28:17.285 17344 17344 D DocListDatabase: in openWriteDatabase
06-19 13:28:17.348 17344 17346 D dalvikvm: GC_CONCURRENT freed 403K, 6% free 9804K/10375K, paused 3ms+8ms
06-19 13:28:17.434 17344 17344 W ND      : Could not load Finalizer in its own class loader. Loading Finalizer in the current class loader instead. As a result, you will not be able to garbage collect this class loader. To support reclaiming this class loader, either resolve the underlying issue, or move Google Collections to your system class path.
06-19 13:28:17.434 17344 17344 W ND      : java.io.FileNotFoundException: com/google/inject/internal/Finalizer.class
06-19 13:28:17.434 17344 17344 W ND      : 	at NE.a(FinalizableReferenceQueue.java:269)
06-19 13:28:17.434 17344 17344 W ND      : 	at NE.a(FinalizableReferenceQueue.java:253)
06-19 13:28:17.434 17344 17344 W ND      : 	at ND.a(FinalizableReferenceQueue.java:175)
06-19 13:28:17.434 17344 17344 W ND      : 	at ND.<clinit>(FinalizableReferenceQueue.java:100)
06-19 13:28:17.434 17344 17344 W ND      : 	at OT.<clinit>(MapMaker.java:787)
06-19 13:28:17.434 17344 17344 W ND      : 	at Ph.<init>(MapMaker.java:946)
06-19 13:28:17.434 17344 17344 W ND      : 	at Pb.a(MapMaker.java:312)
06-19 13:28:17.434 17344 17344 W ND      : 	at OX.a(MapMaker.java:498)
06-19 13:28:17.434 17344 17344 W ND      : 	at OX.a(MapMaker.java:419)
06-19 13:28:17.434 17344 17344 W ND      : 	at Nb.get(CustomConcurrentHashMap.java:2029)
06-19 13:28:17.434 17344 17344 W ND      : 	at MM.a(BytecodeGen.java:149)
06-19 13:28:17.434 17344 17344 W ND      : 	at MM.a(BytecodeGen.java:132)
06-19 13:28:17.434 17344 17344 W ND      : 	at MX.a(ConstructionContext.java:80)
06-19 13:28:17.434 17344 17344 W ND      : 	at KG.a(ConstructorInjector.java:70)
06-19 13:28:17.434 17344 17344 W ND      : 	at KF.a(ConstructorBindingImpl.java:111)
06-19 13:28:17.434 17344 17344 W ND      : 	at LU.a(ProviderToInternalFactoryAdapter.java:45)
06-19 13:28:17.434 17344 17344 W ND      : 	at Li.a(InjectorImpl.java:811)
06-19 13:28:17.434 17344 17344 W ND      : 	at LT.a(ProviderToInternalFactoryAdapter.java:42)
06-19 13:28:17.434 17344 17344 W ND      : 	at Mc.a(Scopes.java:54)
06-19 13:28:17.434 17344 17344 W ND      : 	at Lz.a(InternalFactoryToProviderAdapter.java:48)
06-19 13:28:17.434 17344 17344 W ND      : 	at KR.a(FactoryProxy.java:56)
06-19 13:28:17.434 17344 17344 W ND      : 	at Mi.a(SingleParameterInjector.java:42)
06-19 13:28:17.434 17344 17344 W ND      : 	at Mi.a(SingleParameterInjector.java:66)
06-19 13:28:17.434 17344 17344 W ND      : 	at KG.a(ConstructorInjector.java:84)
06-19 13:28:17.434 17344 17344 W ND      : 	at KF.a(ConstructorBindingImpl.java:111)
06-19 13:28:17.434 17344 17344 W ND      : 	at KR.a(FactoryProxy.java:56)
06-19 13:28:17.434 17344 17344 W ND      : 	at Mi.a(SingleParameterInjector.java:42)
06-19 13:28:17.434 17344 17344 W ND      : 	at Mi.a(SingleParameterInjector.java:66)
06-19 13:28:17.434 17344 17344 W ND      : 	at KG.a(ConstructorInjector.java:84)
06-19 13:28:17.434 17344 17344 W ND      : 	at KF.a(ConstructorBindingImpl.java:111)
06-19 13:28:17.434 17344 17344 W ND      : 	at LU.a(ProviderToInternalFactoryAdapter.java:45)
06-19 13:28:17.434 17344 17344 W ND      : 	at Li.a(InjectorImpl.java:811)
06-19 13:28:17.434 17344 17344 W ND      : 	at LT.a(ProviderToInternalFactoryAdapter.java:42)
06-19 13:28:17.434 17344 17344 W ND      : 	at Mc.a(Scopes.java:54)
06-19 13:28:17.434 17344 17344 W ND      : 	at Lz.a(InternalFactoryToProviderAdapter.java:48)
06-19 13:28:17.434 17344 17344 W ND      : 	at Lg.a(InjectorBuilder.java:200)
06-19 13:28:17.434 17344 17344 W ND      : 	at Lg.a(InjectorBuilder.java:194)
06-19 13:28:17.434 17344 17344 W ND      : 	at Li.a(InjectorImpl.java:804)
06-19 13:28:17.434 17344 17344 W ND      : 	at Lf.a(InjectorBuilder.java:194)
06-19 13:28:17.434 17344 17344 W ND      : 	at Lf.b(InjectorBuilder.java:176)
06-19 13:28:17.434 17344 17344 W ND      : 	at Lf.a(InjectorBuilder.java:113)
06-19 13:28:17.434 17344 17344 W ND      : 	at KS.a(Guice.java:92)
06-19 13:28:17.434 17344 17344 W ND      : 	at roboguice.application.RoboApplication.b(RoboApplication.java:146)
06-19 13:28:17.434 17344 17344 W ND      : 	at roboguice.application.RoboApplication.a(RoboApplication.java:84)
06-19 13:28:17.434 17344 17344 W ND      : 	at com.google.android.apps.docs.GuiceContentProvider.a(GuiceContentProvider.java:36)
06-19 13:28:17.434 17344 17344 W ND      : 	at com.google.android.apps.docs.GuiceContentProvider.onCreate(GuiceContentProvider.java:27)
06-19 13:28:17.434 17344 17344 W ND      : 	at com.google.android.apps.docs.doclist.BaseSearchSuggestionProvider.onCreate(BaseSearchSuggestionProvider.java:88)
06-19 13:28:17.434 17344 17344 W ND      : 	at android.content.ContentProvider.attachInfo(ContentProvider.java:944)
06-19 13:28:17.434 17344 17344 W ND      : 	at android.app.ActivityThread.installProvider(ActivityThread.java:4237)
06-19 13:28:17.434 17344 17344 W ND      : 	at android.app.ActivityThread.installContentProviders(ActivityThread.java:3992)
06-19 13:28:17.434 17344 17344 W ND      : 	at android.app.ActivityThread.handleBindApplication(ActivityThread.java:3946)
06-19 13:28:17.434 17344 17344 W ND      : 	at android.app.ActivityThread.access$1300(ActivityThread.java:123)
06-19 13:28:17.434 17344 17344 W ND      : 	at android.app.ActivityThread$H.handleMessage(ActivityThread.java:1185)
06-19 13:28:17.434 17344 17344 W ND      : 	at android.os.Handler.dispatchMessage(Handler.java:99)
06-19 13:28:17.434 17344 17344 W ND      : 	at android.os.Looper.loop(Looper.java:137)
06-19 13:28:17.434 17344 17344 W ND      : 	at android.app.ActivityThread.main(ActivityThread.java:4424)
06-19 13:28:17.434 17344 17344 W ND      : 	at java.lang.reflect.Method.invokeNative(Native Method)
06-19 13:28:17.434 17344 17344 W ND      : 	at java.lang.reflect.Method.invoke(Method.java:511)
06-19 13:28:17.434 17344 17344 W ND      : 	at com.android.internal.os.ZygoteInit$MethodAndArgsCaller.run(ZygoteInit.java:784)
06-19 13:28:17.434 17344 17344 W ND      : 	at com.android.internal.os.ZygoteInit.main(ZygoteInit.java:551)
06-19 13:28:17.434 17344 17344 W ND      : 	at dalvik.system.NativeStart.main(Native Method)
06-19 13:28:17.469 17344 17344 I ND      : Failed to start reference finalizer thread. Reference cleanup will only occur when new references are created.
06-19 13:28:17.469 17344 17344 I ND      : java.lang.reflect.InvocationTargetException
06-19 13:28:17.469 17344 17344 I ND      : 	at java.lang.reflect.Method.invokeNative(Native Method)
06-19 13:28:17.469 17344 17344 I ND      : 	at java.lang.reflect.Method.invoke(Method.java:511)
06-19 13:28:17.469 17344 17344 I ND      : 	at ND.<init>(FinalizableReferenceQueue.java:124)
06-19 13:28:17.469 17344 17344 I ND      : 	at OT.<clinit>(MapMaker.java:787)
06-19 13:28:17.469 17344 17344 I ND      : 	at Ph.<init>(MapMaker.java:946)
06-19 13:28:17.469 17344 17344 I ND      : 	at Pb.a(MapMaker.java:312)
06-19 13:28:17.469 17344 17344 I ND      : 	at OX.a(MapMaker.java:498)
06-19 13:28:17.469 17344 17344 I ND      : 	at OX.a(MapMaker.java:419)
06-19 13:28:17.469 17344 17344 I ND      : 	at Nb.get(CustomConcurrentHashMap.java:2029)
06-19 13:28:17.469 17344 17344 I ND      : 	at MM.a(BytecodeGen.java:149)
06-19 13:28:17.469 17344 17344 I ND      : 	at MM.a(BytecodeGen.java:132)
06-19 13:28:17.469 17344 17344 I ND      : 	at MX.a(ConstructionContext.java:80)
06-19 13:28:17.469 17344 17344 I ND      : 	at KG.a(ConstructorInjector.java:70)
06-19 13:28:17.469 17344 17344 I ND      : 	at KF.a(ConstructorBindingImpl.java:111)
06-19 13:28:17.469 17344 17344 I ND      : 	at LU.a(ProviderToInternalFactoryAdapter.java:45)
06-19 13:28:17.469 17344 17344 I ND      : 	at Li.a(InjectorImpl.java:811)
06-19 13:28:17.469 17344 17344 I ND      : 	at LT.a(ProviderToInternalFactoryAdapter.java:42)
06-19 13:28:17.469 17344 17344 I ND      : 	at Mc.a(Scopes.java:54)
06-19 13:28:17.469 17344 17344 I ND      : 	at Lz.a(InternalFactoryToProviderAdapter.java:48)
06-19 13:28:17.469 17344 17344 I ND      : 	at KR.a(FactoryProxy.java:56)
06-19 13:28:17.469 17344 17344 I ND      : 	at Mi.a(SingleParameterInjector.java:42)
06-19 13:28:17.469 17344 17344 I ND      : 	at Mi.a(SingleParameterInjector.java:66)
06-19 13:28:17.469 17344 17344 I ND      : 	at KG.a(ConstructorInjector.java:84)
06-19 13:28:17.469 17344 17344 I ND      : 	at KF.a(ConstructorBindingImpl.java:111)
06-19 13:28:17.469 17344 17344 I ND      : 	at KR.a(FactoryProxy.java:56)
06-19 13:28:17.469 17344 17344 I ND      : 	at Mi.a(SingleParameterInjector.java:42)
06-19 13:28:17.469 17344 17344 I ND      : 	at Mi.a(SingleParameterInjector.java:66)
06-19 13:28:17.469 17344 17344 I ND      : 	at KG.a(ConstructorInjector.java:84)
06-19 13:28:17.469 17344 17344 I ND      : 	at KF.a(ConstructorBindingImpl.java:111)
06-19 13:28:17.469 17344 17344 I ND      : 	at LU.a(ProviderToInternalFactoryAdapter.java:45)
06-19 13:28:17.469 17344 17344 I ND      : 	at Li.a(InjectorImpl.java:811)
06-19 13:28:17.469 17344 17344 I ND      : 	at LT.a(ProviderToInternalFactoryAdapter.java:42)
06-19 13:28:17.469 17344 17344 I ND      : 	at Mc.a(Scopes.java:54)
06-19 13:28:17.469 17344 17344 I ND      : 	at Lz.a(InternalFactoryToProviderAdapter.java:48)
06-19 13:28:17.469 17344 17344 I ND      : 	at Lg.a(InjectorBuilder.java:200)
06-19 13:28:17.469 17344 17344 I ND      : 	at Lg.a(InjectorBuilder.java:194)
06-19 13:28:17.469 17344 17344 I ND      : 	at Li.a(InjectorImpl.java:804)
06-19 13:28:17.469 17344 17344 I ND      : 	at Lf.a(InjectorBuilder.java:194)
06-19 13:28:17.469 17344 17344 I ND      : 	at Lf.b(InjectorBuilder.java:176)
06-19 13:28:17.469 17344 17344 I ND      : 	at Lf.a(InjectorBuilder.java:113)
06-19 13:28:17.469 17344 17344 I ND      : 	at KS.a(Guice.java:92)
06-19 13:28:17.469 17344 17344 I ND      : 	at roboguice.application.RoboApplication.b(RoboApplication.java:146)
06-19 13:28:17.469 17344 17344 I ND      : 	at roboguice.application.RoboApplication.a(RoboApplication.java:84)
06-19 13:28:17.469 17344 17344 I ND      : 	at com.google.android.apps.docs.GuiceContentProvider.a(GuiceContentProvider.java:36)
06-19 13:28:17.469 17344 17344 I ND      : 	at com.google.android.apps.docs.GuiceContentProvider.onCreate(GuiceContentProvider.java:27)
06-19 13:28:17.469 17344 17344 I ND      : 	at com.google.android.apps.docs.doclist.BaseSearchSuggestionProvider.onCreate(BaseSearchSuggestionProvider.java:88)
06-19 13:28:17.469 17344 17344 I ND      : 	at android.content.ContentProvider.attachInfo(ContentProvider.java:944)
06-19 13:28:17.469 17344 17344 I ND      : 	at android.app.ActivityThread.installProvider(ActivityThread.java:4237)
06-19 13:28:17.469 17344 17344 I ND      : 	at android.app.ActivityThread.installContentProviders(ActivityThread.java:3992)
06-19 13:28:17.469 17344 17344 I ND      : 	at android.app.ActivityThread.handleBindApplication(ActivityThread.java:3946)
06-19 13:28:17.469 17344 17344 I ND      : 	at android.app.ActivityThread.access$1300(ActivityThread.java:123)
06-19 13:28:17.469 17344 17344 I ND      : 	at android.app.ActivityThread$H.handleMessage(ActivityThread.java:1185)
06-19 13:28:17.469 17344 17344 I ND      : 	at android.os.Handler.dispatchMessage(Handler.java:99)
06-19 13:28:17.469 17344 17344 I ND      : 	at android.os.Looper.loop(Looper.java:137)
06-19 13:28:17.469 17344 17344 I ND      : 	at android.app.ActivityThread.main(ActivityThread.java:4424)
06-19 13:28:17.469 17344 17344 I ND      : 	at java.lang.reflect.Method.invokeNative(Native Method)
06-19 13:28:17.469 17344 17344 I ND      : 	at java.lang.reflect.Method.invoke(Method.java:511)
06-19 13:28:17.469 17344 17344 I ND      : 	at com.android.internal.os.ZygoteInit$MethodAndArgsCaller.run(ZygoteInit.java:784)
06-19 13:28:17.469 17344 17344 I ND      : 	at com.android.internal.os.ZygoteInit.main(ZygoteInit.java:551)
06-19 13:28:17.469 17344 17344 I ND      : 	at dalvik.system.NativeStart.main(Native Method)
06-19 13:28:17.469 17344 17344 I ND      : Caused by: java.lang.IllegalArgumentException: Expected com.google.inject.internal.FinalizableReference.
06-19 13:28:17.469 17344 17344 I ND      : 	at NK.startFinalizer(Finalizer.java:77)
06-19 13:28:17.469 17344 17344 I ND      : 	... 60 more
06-19 13:28:17.629 17344 17344 I ActivityThread: Pub com.google.android.apps.docs.doclist.account_suggest: com.google.android.apps.docs.doclist.DocListAccountSuggestionProvider
06-19 13:28:17.656 17344 17344 I ActivityThread: Pub com.google.android.apps.docs: com.google.android.apps.docs.providers.DocListProvider
06-19 13:28:17.719 13010 13021 D dalvikvm: GC_EXPLICIT freed 213K, 7% free 9957K/10695K, paused 7ms+21ms
06-19 13:28:17.742 17344 17346 D dalvikvm: GC_CONCURRENT freed 523K, 6% free 9820K/10439K, paused 6ms+13ms
06-19 13:28:17.887   142   602 I ActivityManager: Start proc com.joelapenna.foursquared for broadcast com.joelapenna.foursquared/.receivers.ConnectivityChangedReceiver: pid=17367 uid=10074 gids={3003, 1015}
06-19 13:28:18.176 17367 17370 D dalvikvm: GC_CONCURRENT freed 154K, 3% free 9382K/9607K, paused 5ms+2ms
06-19 13:28:18.242   142   602 I ActivityManager: Process android.process.acore (pid 17174) has died.
06-19 13:28:18.449 16466 16501 I com.xabber.android.data.roster.SyncManager@414378a8: Insert presences 1
06-19 13:28:18.484 17367 17367 I ActivityThread: Pub com.joelapenna.foursquared: com.joelapenna.foursquared.providers.GlobalSearchProvider
06-19 13:28:18.496 17367 17367 I ActivityThread: Pub com.joelapenna.foursquared.providers.ExploreSearchSuggestionProvider: com.joelapenna.foursquared.providers.ExploreSearchSuggestionProvider
06-19 13:28:18.496 17367 17367 I ActivityThread: Pub com.joelapenna.foursquared.providers.VenueQuerySuggestionsProvider: com.joelapenna.foursquared.providers.VenueQuerySuggestionsProvider
06-19 13:28:18.496 17367 17367 I ActivityThread: Pub com.joelapenna.foursquared.providers.SearchHistoryProvider: com.joelapenna.foursquared.providers.SearchHistoryProvider
06-19 13:28:18.508 17367 17367 I ActivityThread: Pub com.joelapenna.foursquared.providers.foursquarebridgeprovider: com.joelapenna.foursquared.providers.FoursquareBridgeProvider
06-19 13:28:18.508 17367 17367 I ActivityThread: Pub com.joelapenna.foursquared.providers.FriendsSearchSuggestionProvider: com.joelapenna.foursquared.providers.FriendsSearchSuggestionProvider
06-19 13:28:18.563   142   370 I ActivityManager: Start proc android.process.acore for content provider com.android.providers.contacts/.ContactsProvider2: pid=17381 uid=10000 gids={3003, 1015}
06-19 13:28:18.652 17381 17381 I ActivityThread: Pub call_log: com.android.providers.contacts.CallLogProvider
06-19 13:28:18.684   142   154 I ActivityManager: Process com.google.android.apps.docs (pid 17344) has died.
06-19 13:28:18.715 17381 17381 I ActivityThread: Pub com.android.voicemail: com.android.providers.contacts.VoicemailContentProvider
06-19 13:28:18.719 17381 17381 I ActivityThread: Pub user_dictionary: com.android.providers.userdictionary.UserDictionaryProvider
06-19 13:28:18.801 17381 17381 I ActivityThread: Pub com.android.social: com.android.providers.contacts.SocialProvider
06-19 13:28:18.805 17381 17381 I ActivityThread: Pub applications: com.android.providers.applications.ApplicationsProvider
06-19 13:28:19.035 17367 17370 D dalvikvm: GC_CONCURRENT freed 328K, 5% free 9561K/9991K, paused 2ms+2ms
06-19 13:28:19.121 17381 17381 I ActivityThread: Pub contacts;com.android.contacts: com.android.providers.contacts.ContactsProvider2
06-19 13:28:19.184 17381 17384 D dalvikvm: GC_CONCURRENT freed 349K, 5% free 9187K/9607K, paused 14ms+3ms
06-19 13:28:19.375 16466 17153 I System.out: 01:28:19 PM RCV  (1094940880): <presence from='lokeshmandvekar@gmail.com/android_talk7682aaea69df' to='lokeshmandvekar@jabber.org'><status/><priority>24</priority><caps:c node="http://www.android.com/gtalk/client/caps" ext="pmuc-v1 voice-v1 video-v1 camera-v1" ver="1.1" xmlns:caps="http://jabber.org/protocol/caps"/><show>dnd</show><x xmlns="vcard-temp:x:update"><photo>10787dcb9604f48a6fc4f42908a91dfd12a1d753</photo></x></presence>
06-19 13:28:19.668 17367 17370 D dalvikvm: GC_CONCURRENT freed 406K, 6% free 9600K/10119K, paused 4ms+4ms
06-19 13:28:20.297 13209 13211 D dalvikvm: GC_CONCURRENT freed 866K, 15% free 10897K/12743K, paused 5ms+9ms
06-19 13:28:20.531 13209 13535 D dalvikvm: GC_FOR_ALLOC freed 448K, 15% free 10884K/12743K, paused 50ms
06-19 13:28:20.660   142   370 I ActivityManager: Process com.joelapenna.foursquared (pid 17367) has died.
06-19 13:28:20.742 13209 13209 D dalvikvm: GC_FOR_ALLOC freed 131K, 13% free 11144K/12743K, paused 142ms
06-19 13:28:20.762   142   917 I ActivityManager: Start proc com.google.android.apps.uploader for broadcast com.google.android.apps.uploader/.ConnectivityBroadcastReceiver: pid=17407 uid=10031 gids={3003}
06-19 13:28:20.867 17407 17407 I dalvikvm: Turning on JNI app bug workarounds for target SDK version 11...
06-19 13:28:21.055 17407 17407 I ActivityThread: Pub com.google.android.apps.uploader: com.google.android.apps.uploader.UploadsContentProvider
06-19 13:28:21.055 17407 17407 I ActivityThread: Pub com.google.photos.provider.Album: com.google.android.apps.uploader.clients.picasa.AlbumProvider
06-19 13:28:21.066 17407 17407 D MediaUploader: UploaderApplication.onCreate
06-19 13:28:21.152 17407 17407 D MediaUploader: nonWifiLimit=20971520, default=20971520
06-19 13:28:21.184 17407 17407 I MediaUploader: No need to wake up
06-19 13:28:21.277   142   919 I ActivityManager: Start proc com.google.android.apps.plus for broadcast com.google.android.apps.plus/com.google.android.picasasync.ConnectivityReceiver: pid=17425 uid=10058 gids={3003, 3002, 1015, 1006}
06-19 13:28:21.344   142   366 I ActivityManager: Process android.process.media (pid 17327) has died.
06-19 13:28:21.688 17425 17426 D dalvikvm: GC_CONCURRENT freed 157K, 3% free 9379K/9607K, paused 31ms+2ms
06-19 13:28:21.746 17425 17425 I ActivityThread: Pub com.google.android.apps.plus.content.ApiProvider: com.google.android.apps.plus.content.EsApiProvider
06-19 13:28:21.773 13209 13211 D dalvikvm: GC_CONCURRENT freed 476K, 12% free 11250K/12743K, paused 2ms+3ms
06-19 13:28:21.836 17425 17425 I ActivityThread: Pub com.google.android.apps.plus.content.EsGooglePhotoProvider: com.google.android.picasasync.PicasaContentProvider
06-19 13:28:21.988 17425 17426 D dalvikvm: GC_CONCURRENT freed 482K, 6% free 9433K/9991K, paused 5ms+5ms
06-19 13:28:21.988 17425 17425 I ActivityThread: Pub com.google.android.apps.plus.content.EsPicasaStoreProvider: com.google.android.picasastore.PicasaPhotoContentProvider
06-19 13:28:22.020 17425 17425 I ActivityThread: Pub com.google.plus.platform: com.google.android.apps.plus.content.AdsProvider
06-19 13:28:22.020 17425 17425 I ActivityThread: Pub com.google.android.apps.plus.iu.EsGoogleIuProvider: com.google.android.apps.plus.iu.InstantUploadProvider
06-19 13:28:22.023 17381 17384 D dalvikvm: GC_CONCURRENT freed 141K, 3% free 9467K/9735K, paused 83ms+52ms
06-19 13:28:22.105   142   142 I ActivityManager: Start proc android.process.media for content provider com.android.providers.media/.MediaProvider: pid=17440 uid=10012 gids={1015, 1023, 1024, 2001, 3003, 3007}
06-19 13:28:22.109 17425 17425 I ActivityThread: Pub com.google.android.apps.plus.content.EsProvider: com.google.android.apps.plus.content.EsProvider
06-19 13:28:22.188 17440 17440 I ActivityThread: Pub downloads: com.android.providers.downloads.DownloadProvider
06-19 13:28:22.215 17425 17426 D dalvikvm: GC_CONCURRENT freed 411K, 6% free 9549K/10055K, paused 7ms+20ms
06-19 13:28:22.234   142 12773 I ActivityManager: Process com.google.android.apps.uploader (pid 17407) has died.
06-19 13:28:22.250 17440 17440 I ActivityThread: Pub drm: com.android.providers.drm.DrmProvider
06-19 13:28:22.250 17440 17454 I DownloadManager: in removeSpuriousFiles
06-19 13:28:22.305 17440 17440 I ActivityThread: Pub media: com.android.providers.media.MediaProvider
06-19 13:28:22.414 17440 17454 I DownloadManager: deleting spurious file /cache/backup
06-19 13:28:22.676   142   918 I ActivityManager: Start proc com.google.android.apps.docs for broadcast com.google.android.apps.docs/.receivers.NetworkChangeReceiver: pid=17457 uid=10069 gids={3003, 1015, 1006}
06-19 13:28:22.699   142   178 I ActivityManager: START {act=android.intent.action.MAIN cat=[android.intent.category.HOME] flg=0x10200000 cmp=com.android.launcher/com.android.launcher2.Launcher} from pid 142
06-19 13:28:23.250   342   342 D SAN_SERVICE: *******************************************
06-19 13:28:23.250   342   342 D SAN_SERVICE: DM App Phone Service State - 0
06-19 13:28:23.250   342   342 D SAN_SERVICE: *******************************************
06-19 13:28:23.480 17457 17457 I ActivityThread: Pub com.google.android.apps.docs.files: com.google.android.apps.docs.sync.filemanager.FileProvider
06-19 13:28:23.586 17457 17457 I ActivityThread: Pub com.google.android.apps.docs.doclist.search_suggest: com.google.android.apps.docs.doclist.DocListGlobalSearchSuggestionProvider
06-19 13:28:24.051 17457 17457 V /ContextScope.java:112: 13:28:24.046 main Contexts in the main scope map after inserting com.google.android.apps.docs.editors.EditorsApplication@41347950: com.google.android.apps.docs.editors.EditorsApplication@41347950
06-19 13:28:24.094   342   342 D SAN_SERVICE: *******************************************
06-19 13:28:24.094   342   342 D SAN_SERVICE: DM App Phone Service State - 0
06-19 13:28:24.094   342   342 D SAN_SERVICE: *******************************************
06-19 13:28:24.109 17440 17442 D dalvikvm: GC_CONCURRENT freed 318K, 5% free 9151K/9543K, paused 177ms+6ms
06-19 13:28:24.273 17457 17459 D dalvikvm: GC_CONCURRENT freed 230K, 4% free 9306K/9607K, paused 2ms+6ms
06-19 13:28:24.453   142   368 I ActivityManager: START {act=android.intent.action.MAIN cat=[android.intent.category.LAUNCHER] flg=0x10200000 cmp=com.spotify.mobile.android.ui/.activity.MainActivity bnds=[288,706][384,802]} from pid 30128
06-19 13:28:24.715   142   916 I ActivityManager: Start proc com.spotify.mobile.android.ui for activity com.spotify.mobile.android.ui/.activity.MainActivity: pid=17473 uid=10055 gids={3003, 1015}
06-19 13:28:24.738 17457 17459 D dalvikvm: GC_CONCURRENT freed 519K, 6% free 9335K/9927K, paused 4ms+6ms
06-19 13:28:25.094   142 17215 E DhcpStateMachine: DHCP failed on wlan0: Timed out waiting for DHCP to finish
06-19 13:28:25.137 17457 17459 D dalvikvm: GC_CONCURRENT freed 393K, 6% free 9368K/9927K, paused 3ms+2ms
06-19 13:28:25.570 30128 30128 D OpenGLRenderer: Flushing caches (mode 1)
06-19 13:28:25.625 17457 17459 D dalvikvm: GC_CONCURRENT freed 419K, 6% free 9410K/9927K, paused 2ms+7ms
06-19 13:28:25.742 30128 30128 D OpenGLRenderer: Flushing caches (mode 0)
06-19 13:28:25.797   142   158 I Process : Sending signal. PID: 17473 SIG: 3
06-19 13:28:25.797 17473 17478 I dalvikvm: threadid=3: reacting to signal 3
06-19 13:28:26.012 17473 17473 I ActivityThread: Pub com.spotify.mobile.android: com.spotify.mobile.android.provider.SpotifyProvider
06-19 13:28:26.012 17473 17478 I dalvikvm: Wrote stack traces to '/data/anr/traces.txt'
06-19 13:28:26.184 17473 17473 I ActivityThread: Pub com.spotify.mobile.android.util.SpotifySuggestionProvider: com.spotify.mobile.android.util.SpotifySuggestionProvider
06-19 13:28:26.238   142   158 I Process : Sending signal. PID: 17473 SIG: 3
06-19 13:28:26.238 17473 17478 I dalvikvm: threadid=3: reacting to signal 3
06-19 13:28:26.277 17473 17478 I dalvikvm: Wrote stack traces to '/data/anr/traces.txt'
06-19 13:28:26.387 17457 17459 D dalvikvm: GC_CONCURRENT freed 546K, 7% free 9435K/10055K, paused 1ms+3ms
06-19 13:28:26.574 17425 17439 D PicasaPhotoCP: set fsid first time:-1
06-19 13:28:26.574 17425 17486 D PicasaSync: sync account database
06-19 13:28:26.582 27891 27893 D dalvikvm: GC_CONCURRENT freed 500K, 7% free 11047K/11783K, paused 6ms+18ms
06-19 13:28:26.637 17473 17473 D HockeyApp: Current handler class = com.android.internal.os.RuntimeInit$UncaughtHandler
06-19 13:28:26.668 17457 17459 D dalvikvm: GC_CONCURRENT freed 481K, 6% free 9466K/10055K, paused 5ms+7ms
06-19 13:28:26.738   142   158 I Process : Sending signal. PID: 17473 SIG: 3
06-19 13:28:26.742 17473 17478 I dalvikvm: threadid=3: reacting to signal 3
06-19 13:28:26.906 17457 17459 D dalvikvm: GC_CONCURRENT freed 427K, 6% free 9484K/10055K, paused 1ms+3ms
06-19 13:28:26.918 17473 17478 I dalvikvm: Wrote stack traces to '/data/anr/traces.txt'
06-19 13:28:26.941 17473 17475 D dalvikvm: GC_CONCURRENT freed 177K, 4% free 9303K/9607K, paused 126ms+2ms
06-19 13:28:27.078   213   215 D dalvikvm: GC_CONCURRENT freed 379K, 58% free 10159K/23687K, paused 2ms+16ms
06-19 13:28:27.199   142   368 I AudioService:   Remote Control   registerMediaButtonIntent() for PendingIntent{41793d90: PendingIntentRecord{416b2018 com.spotify.mobile.android.ui broadcastIntent}}
06-19 13:28:27.238   142   158 I Process : Sending signal. PID: 17473 SIG: 3
06-19 13:28:27.238 17473 17478 I dalvikvm: threadid=3: reacting to signal 3
06-19 13:28:27.371 17457 17459 D dalvikvm: GC_CONCURRENT freed 476K, 6% free 9571K/10119K, paused 2ms+3ms
06-19 13:28:27.465   213   215 D dalvikvm: GC_CONCURRENT freed 608K, 58% free 10014K/23687K, paused 2ms+6ms
06-19 13:28:27.516    82   122 W AudioTrack: stepServer() could not lock cblk
06-19 13:28:27.648 17457 17459 D dalvikvm: GC_CONCURRENT freed 469K, 6% free 9619K/10183K, paused 2ms+3ms
06-19 13:28:27.742   142   158 I Process : Sending signal. PID: 17473 SIG: 3
06-19 13:28:27.773 17473 17478 I dalvikvm: Wrote stack traces to '/data/anr/traces.txt'
06-19 13:28:27.773 17473 17478 I dalvikvm: threadid=3: reacting to signal 3
06-19 13:28:28.133 17473 17478 I dalvikvm: Wrote stack traces to '/data/anr/traces.txt'
06-19 13:28:28.215 17473 17473 D libEGL  : loaded /system/lib/egl/libGLES_android.so
06-19 13:28:28.230 17473 17473 D libEGL  : loaded /vendor/lib/egl/libEGL_POWERVR_SGX540_120.so
06-19 13:28:28.242   142   158 I Process : Sending signal. PID: 17473 SIG: 3
06-19 13:28:28.242 17473 17478 I dalvikvm: threadid=3: reacting to signal 3
06-19 13:28:28.250 17473 17478 I dalvikvm: Wrote stack traces to '/data/anr/traces.txt'
06-19 13:28:28.277 17473 17473 D libEGL  : loaded /vendor/lib/egl/libGLESv1_CM_POWERVR_SGX540_120.so
06-19 13:28:28.285 17473 17473 D libEGL  : loaded /vendor/lib/egl/libGLESv2_POWERVR_SGX540_120.so
06-19 13:28:28.316 17457 17459 D dalvikvm: GC_CONCURRENT freed 464K, 6% free 9699K/10247K, paused 2ms+3ms
06-19 13:28:28.406 17473 17473 D OpenGLRenderer: Enabling debug mode 0
06-19 13:28:28.609 17473 17475 D dalvikvm: GC_CONCURRENT freed 68K, 2% free 9674K/9863K, paused 9ms+21ms
06-19 13:28:28.688 17457 17459 D dalvikvm: GC_CONCURRENT freed 471K, 6% free 9748K/10311K, paused 2ms+3ms
06-19 13:28:28.742   142   158 I Process : Sending signal. PID: 17473 SIG: 3
06-19 13:28:28.742 17473 17478 I dalvikvm: threadid=3: reacting to signal 3
06-19 13:28:28.848 17473 17478 I dalvikvm: Wrote stack traces to '/data/anr/traces.txt'
06-19 13:28:28.859   142   173 I ActivityManager: Displayed com.spotify.mobile.android.ui/.activity.MainActivity: +4s278ms
06-19 13:28:28.926 17457 17459 D dalvikvm: GC_CONCURRENT freed 531K, 6% free 9766K/10375K, paused 2ms+2ms
06-19 13:28:29.027 17457 17457 D /Ln.java:220: 13:28:29.031 main Configuring Logging, minimum log level is INFO
06-19 13:28:29.133 17457 17459 D dalvikvm: GC_CONCURRENT freed 391K, 6% free 9783K/10375K, paused 2ms+7ms
06-19 13:28:29.168 17457 17457 D DocListDatabase: openHelper points on new database: DocList.db
06-19 13:28:29.168 17457 17457 D DocListDatabase: in openWriteDatabase
06-19 13:28:29.180 17425 17486 D PicasaSync: accounts in DB=1
06-19 13:28:29.328 30128 30128 D OpenGLRenderer: Flushing caches (mode 2)
06-19 13:28:29.344 17457 17457 W ND      : Could not load Finalizer in its own class loader. Loading Finalizer in the current class loader instead. As a result, you will not be able to garbage collect this class loader. To support reclaiming this class loader, either resolve the underlying issue, or move Google Collections to your system class path.
06-19 13:28:29.344 17457 17457 W ND      : java.io.FileNotFoundException: com/google/inject/internal/Finalizer.class
06-19 13:28:29.344 17457 17457 W ND      : 	at NE.a(FinalizableReferenceQueue.java:269)
06-19 13:28:29.344 17457 17457 W ND      : 	at NE.a(FinalizableReferenceQueue.java:253)
06-19 13:28:29.344 17457 17457 W ND      : 	at ND.a(FinalizableReferenceQueue.java:175)
06-19 13:28:29.344 17457 17457 W ND      : 	at ND.<clinit>(FinalizableReferenceQueue.java:100)
06-19 13:28:29.344 17457 17457 W ND      : 	at OT.<clinit>(MapMaker.java:787)
06-19 13:28:29.344 17457 17457 W ND      : 	at Ph.<init>(MapMaker.java:946)
06-19 13:28:29.344 17457 17457 W ND      : 	at Pb.a(MapMaker.java:312)
06-19 13:28:29.344 17457 17457 W ND      : 	at OX.a(MapMaker.java:498)
06-19 13:28:29.344 17457 17457 W ND      : 	at OX.a(MapMaker.java:419)
06-19 13:28:29.344 17457 17457 W ND      : 	at Nb.get(CustomConcurrentHashMap.java:2029)
06-19 13:28:29.344 17457 17457 W ND      : 	at MM.a(BytecodeGen.java:149)
06-19 13:28:29.344 17457 17457 W ND      : 	at MM.a(BytecodeGen.java:132)
06-19 13:28:29.344 17457 17457 W ND      : 	at MX.a(ConstructionContext.java:80)
06-19 13:28:29.344 17457 17457 W ND      : 	at KG.a(ConstructorInjector.java:70)
06-19 13:28:29.344 17457 17457 W ND      : 	at KF.a(ConstructorBindingImpl.java:111)
06-19 13:28:29.344 17457 17457 W ND      : 	at LU.a(ProviderToInternalFactoryAdapter.java:45)
06-19 13:28:29.344 17457 17457 W ND      : 	at Li.a(InjectorImpl.java:811)
06-19 13:28:29.344 17457 17457 W ND      : 	at LT.a(ProviderToInternalFactoryAdapter.java:42)
06-19 13:28:29.344 17457 17457 W ND      : 	at Mc.a(Scopes.java:54)
06-19 13:28:29.344 17457 17457 W ND      : 	at Lz.a(InternalFactoryToProviderAdapter.java:48)
06-19 13:28:29.344 17457 17457 W ND      : 	at KR.a(FactoryProxy.java:56)
06-19 13:28:29.344 17457 17457 W ND      : 	at Mi.a(SingleParameterInjector.java:42)
06-19 13:28:29.344 17457 17457 W ND      : 	at Mi.a(SingleParameterInjector.java:66)
06-19 13:28:29.344 17457 17457 W ND      : 	at KG.a(ConstructorInjector.java:84)
06-19 13:28:29.344 17457 17457 W ND      : 	at KF.a(ConstructorBindingImpl.java:111)
06-19 13:28:29.344 17457 17457 W ND      : 	at KR.a(FactoryProxy.java:56)
06-19 13:28:29.344 17457 17457 W ND      : 	at Mi.a(SingleParameterInjector.java:42)
06-19 13:28:29.344 17457 17457 W ND      : 	at Mi.a(SingleParameterInjector.java:66)
06-19 13:28:29.344 17457 17457 W ND      : 	at KG.a(ConstructorInjector.java:84)
06-19 13:28:29.344 17457 17457 W ND      : 	at KF.a(ConstructorBindingImpl.java:111)
06-19 13:28:29.344 17457 17457 W ND      : 	at LU.a(ProviderToInternalFactoryAdapter.java:45)
06-19 13:28:29.344 17457 17457 W ND      : 	at Li.a(InjectorImpl.java:811)
06-19 13:28:29.344 17457 17457 W ND      : 	at LT.a(ProviderToInternalFactoryAdapter.java:42)
06-19 13:28:29.344 17457 17457 W ND      : 	at Mc.a(Scopes.java:54)
06-19 13:28:29.344 17457 17457 W ND      : 	at Lz.a(InternalFactoryToProviderAdapter.java:48)
06-19 13:28:29.344 17457 17457 W ND      : 	at Lg.a(InjectorBuilder.java:200)
06-19 13:28:29.344 17457 17457 W ND      : 	at Lg.a(InjectorBuilder.java:194)
06-19 13:28:29.344 17457 17457 W ND      : 	at Li.a(InjectorImpl.java:804)
06-19 13:28:29.344 17457 17457 W ND      : 	at Lf.a(InjectorBuilder.java:194)
06-19 13:28:29.344 17457 17457 W ND      : 	at Lf.b(InjectorBuilder.java:176)
06-19 13:28:29.344 17457 17457 W ND      : 	at Lf.a(InjectorBuilder.java:113)
06-19 13:28:29.344 17457 17457 W ND      : 	at KS.a(Guice.java:92)
06-19 13:28:29.344 17457 17457 W ND      : 	at roboguice.application.RoboApplication.b(RoboApplication.java:146)
06-19 13:28:29.344 17457 17457 W ND      : 	at roboguice.application.RoboApplication.a(RoboApplication.java:84)
06-19 13:28:29.344 17457 17457 W ND      : 	at com.google.android.apps.docs.GuiceContentProvider.a(GuiceContentProvider.java:36)
06-19 13:28:29.344 17457 17457 W ND      : 	at com.google.android.apps.docs.GuiceContentProvider.onCreate(GuiceContentProvider.java:27)
06-19 13:28:29.344 17457 17457 W ND      : 	at com.google.android.apps.docs.doclist.BaseSearchSuggestionProvider.onCreate(BaseSearchSuggestionProvider.java:88)
06-19 13:28:29.344 17457 17457 W ND      : 	at android.content.ContentProvider.attachInfo(ContentProvider.java:944)
06-19 13:28:29.344 17457 17457 W ND      : 	at android.app.ActivityThread.installProvider(ActivityThread.java:4237)
06-19 13:28:29.344 17457 17457 W ND      : 	at android.app.ActivityThread.installContentProviders(ActivityThread.java:3992)
06-19 13:28:29.344 17457 17457 W ND      : 	at android.app.ActivityThread.handleBindApplication(ActivityThread.java:3946)
06-19 13:28:29.344 17457 17457 W ND      : 	at android.app.ActivityThread.access$1300(ActivityThread.java:123)
06-19 13:28:29.344 17457 17457 W ND      : 	at android.app.ActivityThread$H.handleMessage(ActivityThread.java:1185)
06-19 13:28:29.344 17457 17457 W ND      : 	at android.os.Handler.dispatchMessage(Handler.java:99)
06-19 13:28:29.344 17457 17457 W ND      : 	at android.os.Looper.loop(Looper.java:137)
06-19 13:28:29.344 17457 17457 W ND      : 	at android.app.ActivityThread.main(ActivityThread.java:4424)
06-19 13:28:29.344 17457 17457 W ND      : 	at java.lang.reflect.Method.invokeNative(Native Method)
06-19 13:28:29.344 17457 17457 W ND      : 	at java.lang.reflect.Method.invoke(Method.java:511)
06-19 13:28:29.344 17457 17457 W ND      : 	at com.android.internal.os.ZygoteInit$MethodAndArgsCaller.run(ZygoteInit.java:784)
06-19 13:28:29.344 17457 17457 W ND      : 	at com.android.internal.os.ZygoteInit.main(ZygoteInit.java:551)
06-19 13:28:29.344 17457 17457 W ND      : 	at dalvik.system.NativeStart.main(Native Method)
06-19 13:28:29.348 17425 17486 D PicasaSyncManager: active network: NetworkInfo: type: mobile[CDMA - EvDo rev. A], state: CONNECTED/CONNECTED, reason: (unspecified), extra: , roaming: false, failover: false, isAvailable: true
06-19 13:28:29.363 17457 17457 I ND      : Failed to start reference finalizer thread. Reference cleanup will only occur when new references are created.
06-19 13:28:29.363 17457 17457 I ND      : java.lang.reflect.InvocationTargetException
06-19 13:28:29.363 17457 17457 I ND      : 	at java.lang.reflect.Method.invokeNative(Native Method)
06-19 13:28:29.363 17457 17457 I ND      : 	at java.lang.reflect.Method.invoke(Method.java:511)
06-19 13:28:29.363 17457 17457 I ND      : 	at ND.<init>(FinalizableReferenceQueue.java:124)
06-19 13:28:29.363 17457 17457 I ND      : 	at OT.<clinit>(MapMaker.java:787)
06-19 13:28:29.363 17457 17457 I ND      : 	at Ph.<init>(MapMaker.java:946)
06-19 13:28:29.363 17457 17457 I ND      : 	at Pb.a(MapMaker.java:312)
06-19 13:28:29.363 17457 17457 I ND      : 	at OX.a(MapMaker.java:498)
06-19 13:28:29.363 17457 17457 I ND      : 	at OX.a(MapMaker.java:419)
06-19 13:28:29.363 17457 17457 I ND      : 	at Nb.get(CustomConcurrentHashMap.java:2029)
06-19 13:28:29.363 17457 17457 I ND      : 	at MM.a(BytecodeGen.java:149)
06-19 13:28:29.363 17457 17457 I ND      : 	at MM.a(BytecodeGen.java:132)
06-19 13:28:29.363 17457 17457 I ND      : 	at MX.a(ConstructionContext.java:80)
06-19 13:28:29.363 17457 17457 I ND      : 	at KG.a(ConstructorInjector.java:70)
06-19 13:28:29.363 17457 17457 I ND      : 	at KF.a(ConstructorBindingImpl.java:111)
06-19 13:28:29.363 17457 17457 I ND      : 	at LU.a(ProviderToInternalFactoryAdapter.java:45)
06-19 13:28:29.363 17457 17457 I ND      : 	at Li.a(InjectorImpl.java:811)
06-19 13:28:29.363 17457 17457 I ND      : 	at LT.a(ProviderToInternalFactoryAdapter.java:42)
06-19 13:28:29.363 17457 17457 I ND      : 	at Mc.a(Scopes.java:54)
06-19 13:28:29.363 17457 17457 I ND      : 	at Lz.a(InternalFactoryToProviderAdapter.java:48)
06-19 13:28:29.363 17457 17457 I ND      : 	at KR.a(FactoryProxy.java:56)
06-19 13:28:29.363 17457 17457 I ND      : 	at Mi.a(SingleParameterInjector.java:42)
06-19 13:28:29.363 17457 17457 I ND      : 	at Mi.a(SingleParameterInjector.java:66)
06-19 13:28:29.363 17457 17457 I ND      : 	at KG.a(ConstructorInjector.java:84)
06-19 13:28:29.363 17457 17457 I ND      : 	at KF.a(ConstructorBindingImpl.java:111)
06-19 13:28:29.363 17457 17457 I ND      : 	at KR.a(FactoryProxy.java:56)
06-19 13:28:29.363 17457 17457 I ND      : 	at Mi.a(SingleParameterInjector.java:42)
06-19 13:28:29.363 17457 17457 I ND      : 	at Mi.a(SingleParameterInjector.java:66)
06-19 13:28:29.363 17457 17457 I ND      : 	at KG.a(ConstructorInjector.java:84)
06-19 13:28:29.363 17457 17457 I ND      : 	at KF.a(ConstructorBindingImpl.java:111)
06-19 13:28:29.363 17457 17457 I ND      : 	at LU.a(ProviderToInternalFactoryAdapter.java:45)
06-19 13:28:29.363 17457 17457 I ND      : 	at Li.a(InjectorImpl.java:811)
06-19 13:28:29.363 17457 17457 I ND      : 	at LT.a(ProviderToInternalFactoryAdapter.java:42)
06-19 13:28:29.363 17457 17457 I ND      : 	at Mc.a(Scopes.java:54)
06-19 13:28:29.363 17457 17457 I ND      : 	at Lz.a(InternalFactoryToProviderAdapter.java:48)
06-19 13:28:29.363 17457 17457 I ND      : 	at Lg.a(InjectorBuilder.java:200)
06-19 13:28:29.363 17457 17457 I ND      : 	at Lg.a(InjectorBuilder.java:194)
06-19 13:28:29.363 17457 17457 I ND      : 	at Li.a(InjectorImpl.java:804)
06-19 13:28:29.363 17457 17457 I ND      : 	at Lf.a(InjectorBuilder.java:194)
06-19 13:28:29.363 17457 17457 I ND      : 	at Lf.b(InjectorBuilder.java:176)
06-19 13:28:29.363 17457 17457 I ND      : 	at Lf.a(InjectorBuilder.java:113)
06-19 13:28:29.363 17457 17457 I ND      : 	at KS.a(Guice.java:92)
06-19 13:28:29.363 17457 17457 I ND      : 	at roboguice.application.RoboApplication.b(RoboApplication.java:146)
06-19 13:28:29.363 17457 17457 I ND      : 	at roboguice.application.RoboApplication.a(RoboApplication.java:84)
06-19 13:28:29.363 17457 17457 I ND      : 	at com.google.android.apps.docs.GuiceContentProvider.a(GuiceContentProvider.java:36)
06-19 13:28:29.363 17457 17457 I ND      : 	at com.google.android.apps.docs.GuiceContentProvider.onCreate(GuiceContentProvider.java:27)
06-19 13:28:29.363 17457 17457 I ND      : 	at com.google.android.apps.docs.doclist.BaseSearchSuggestionProvider.onCreate(BaseSearchSuggestionProvider.java:88)
06-19 13:28:29.363 17457 17457 I ND      : 	at android.content.ContentProvider.attachInfo(ContentProvider.java:944)
06-19 13:28:29.363 17457 17457 I ND      : 	at android.app.ActivityThread.installProvider(ActivityThread.java:4237)
06-19 13:28:29.363 17457 17457 I ND      : 	at android.app.ActivityThread.installContentProviders(ActivityThread.java:3992)
06-19 13:28:29.363 17457 17457 I ND      : 	at android.app.ActivityThread.handleBindApplication(ActivityThread.java:3946)
06-19 13:28:29.363 17457 17457 I ND      : 	at android.app.ActivityThread.access$1300(ActivityThread.java:123)
06-19 13:28:29.363 17457 17457 I ND      : 	at android.app.ActivityThread$H.handleMessage(ActivityThread.java:1185)
06-19 13:28:29.363 17457 17457 I ND      : 	at android.os.Handler.dispatchMessage(Handler.java:99)
06-19 13:28:29.363 17457 17457 I ND      : 	at android.os.Looper.loop(Looper.java:137)
06-19 13:28:29.363 17457 17457 I ND      : 	at android.app.ActivityThread.main(ActivityThread.java:4424)
06-19 13:28:29.363 17457 17457 I ND      : 	at java.lang.reflect.Method.invokeNative(Native Method)
06-19 13:28:29.363 17457 17457 I ND      : 	at java.lang.reflect.Method.invoke(Method.java:511)
06-19 13:28:29.363 17457 17457 I ND      : 	at com.android.internal.os.ZygoteInit$MethodAndArgsCaller.run(ZygoteInit.java:784)
06-19 13:28:29.363 17457 17457 I ND      : 	at com.android.internal.os.ZygoteInit.main(ZygoteInit.java:551)
06-19 13:28:29.363 17457 17457 I ND      : 	at dalvik.system.NativeStart.main(Native Method)
06-19 13:28:29.363 17457 17457 I ND      : Caused by: java.lang.IllegalArgumentException: Expected com.google.inject.internal.FinalizableReference.
06-19 13:28:29.363 17457 17457 I ND      : 	at NK.startFinalizer(Finalizer.java:77)
06-19 13:28:29.363 17457 17457 I ND      : 	... 60 more
06-19 13:28:29.438 17425 17486 D PicasaSyncManager: background data: true
06-19 13:28:29.457 17457 17459 D dalvikvm: GC_CONCURRENT freed 379K, 6% free 9809K/10375K, paused 2ms+2ms
06-19 13:28:29.500 17457 17457 I ActivityThread: Pub com.google.android.apps.docs.doclist.account_suggest: com.google.android.apps.docs.doclist.DocListAccountSuggestionProvider
06-19 13:28:29.512 17457 17457 I ActivityThread: Pub com.google.android.apps.docs: com.google.android.apps.docs.providers.DocListProvider
06-19 13:28:29.621 30128 30128 D OpenGLRenderer: Flushing caches (mode 0)
06-19 13:28:29.680   142 12773 I ActivityManager: Start proc com.joelapenna.foursquared for broadcast com.joelapenna.foursquared/.receivers.ConnectivityChangedReceiver: pid=17505 uid=10074 gids={3003, 1015}
06-19 13:28:29.711   142   422 I ActivityManager: Process com.google.android.apps.plus (pid 17425) has died.
06-19 13:28:30.086 17505 17508 D dalvikvm: GC_CONCURRENT freed 171K, 3% free 9365K/9607K, paused 18ms+3ms
06-19 13:28:30.262 17505 17505 I ActivityThread: Pub com.joelapenna.foursquared: com.joelapenna.foursquared.providers.GlobalSearchProvider
06-19 13:28:30.285 17505 17505 I ActivityThread: Pub com.joelapenna.foursquared.providers.ExploreSearchSuggestionProvider: com.joelapenna.foursquared.providers.ExploreSearchSuggestionProvider
06-19 13:28:30.289 17505 17505 I ActivityThread: Pub com.joelapenna.foursquared.providers.VenueQuerySuggestionsProvider: com.joelapenna.foursquared.providers.VenueQuerySuggestionsProvider
06-19 13:28:30.289 17505 17505 I ActivityThread: Pub com.joelapenna.foursquared.providers.SearchHistoryProvider: com.joelapenna.foursquared.providers.SearchHistoryProvider
06-19 13:28:30.422 17505 17505 I ActivityThread: Pub com.joelapenna.foursquared.providers.foursquarebridgeprovider: com.joelapenna.foursquared.providers.FoursquareBridgeProvider
06-19 13:28:30.422 17505 17505 I ActivityThread: Pub com.joelapenna.foursquared.providers.FriendsSearchSuggestionProvider: com.joelapenna.foursquared.providers.FriendsSearchSuggestionProvider
06-19 13:28:30.605 17505 17508 D dalvikvm: GC_CONCURRENT freed 333K, 5% free 9560K/9991K, paused 2ms+2ms
06-19 13:28:30.645   142   142 D dalvikvm: GC_EXPLICIT freed 929K, 30% free 18814K/26823K, paused 60ms+41ms
06-19 13:28:30.828 17505 17508 D dalvikvm: GC_CONCURRENT freed 443K, 6% free 9630K/10183K, paused 2ms+3ms
06-19 13:28:31.246   142   921 I ActivityManager: Start proc com.google.android.talk for broadcast com.google.android.talk/.ConnectionStateOnlineReceiver: pid=17530 uid=10047 gids={3003, 1015, 1006, 3002}
06-19 13:28:31.512 17530 17530 I ActivityThread: Pub com.google.android.talk.SuggestionProvider: com.google.android.talk.SuggestionsProvider
06-19 13:28:31.965 17530 17530 D vclib:CallStateClient: startListening
06-19 13:28:32.078 17530 17533 D dalvikvm: GC_CONCURRENT freed 149K, 3% free 9345K/9607K, paused 36ms+2ms
06-19 13:28:32.453   142   370 I ActivityManager: START {act=com.spotify.mobile.android.ui.action.player.SHOW cmp=com.spotify.mobile.android.ui/.activity.MainActivity} from pid 17473
06-19 13:28:33.324 17473 17475 D dalvikvm: GC_CONCURRENT freed 139K, 3% free 9995K/10247K, paused 79ms+6ms
06-19 13:28:33.699 17473 17473 W PlayerFragment: No song information associated with position: 0
06-19 13:28:34.250 17473 17475 D dalvikvm: GC_CONCURRENT freed 76K, 2% free 10362K/10567K, paused 3ms+40ms
06-19 13:28:35.148   142   422 I ActivityManager: Process com.google.android.apps.docs (pid 17457) has died.
06-19 13:28:35.461 17473 17519 D dalvikvm: GC_FOR_ALLOC freed 276K, 4% free 10445K/10823K, paused 100ms
06-19 13:28:35.461 17473 17519 I dalvikvm-heap: Grow heap (frag case) to 10.608MB for 356416-byte allocation
06-19 13:28:35.504 17473 17473 D dalvikvm: GC_FOR_ALLOC freed 10K, 4% free 10782K/11207K, paused 23ms
06-19 13:28:35.566 17473 17519 D dalvikvm: GC_FOR_ALLOC freed 3K, 4% free 10792K/11207K, paused 24ms
06-19 13:28:35.570 17473 17519 I dalvikvm-heap: Grow heap (frag case) to 10.952MB for 360016-byte allocation
06-19 13:28:35.613 17473 17473 D dalvikvm: GC_FOR_ALLOC freed 1K, 4% free 11142K/11591K, paused 28ms
06-19 13:28:35.719 17473 17519 D dalvikvm: GC_FOR_ALLOC freed 1K, 4% free 11499K/11975K, paused 48ms
06-19 13:28:36.785 13209 13211 D dalvikvm: GC_CONCURRENT freed 596K, 12% free 11300K/12743K, paused 3ms+6ms
06-19 13:28:36.809 13209 13535 D dalvikvm: GC_FOR_ALLOC freed 93K, 13% free 11206K/12743K, paused 20ms
06-19 13:28:36.895 13209 13211 D dalvikvm: GC_CONCURRENT freed 113K, 8% free 11821K/12743K, paused 6ms+2ms
06-19 13:28:36.910   142   142 I ActivityManager: Process com.google.android.talk (pid 17530) has died.
06-19 13:28:37.027 17473 17519 D dalvikvm: GC_FOR_ALLOC freed 28K, 5% free 11863K/12359K, paused 108ms
06-19 13:28:37.055 17473 17519 I dalvikvm-heap: Grow heap (frag case) to 13.216MB for 1638416-byte allocation
06-19 13:28:37.102 17473 17485 D dalvikvm: GC_FOR_ALLOC freed 3K, 5% free 13459K/14023K, paused 28ms
06-19 13:28:37.309 17473 17475 D dalvikvm: GC_CONCURRENT freed 191K, 4% free 13483K/14023K, paused 2ms+15ms
06-19 13:28:37.332 17473 17519 D dalvikvm: GC_FOR_ALLOC freed 1K, 4% free 13481K/14023K, paused 25ms
06-19 13:28:37.336 17473 17519 I dalvikvm-heap: Grow heap (frag case) to 14.796MB for 1638416-byte allocation
