06-26 23:00:10.062  3103  3490 I SynchronizerSession: Second RecordsChannel onFlowCompleted.
06-26 23:00:10.062  3103  3490 I SynchronizerSession: Fetch end is 1340766009428. Store end is 1340766010140. Finishing.
06-26 23:00:10.062  3103  3490 I SynchronizerSession: onFinishSucceeded. Flows? true, true
06-26 23:00:10.062  3103  3490 I SynchronizerSession: onFinishSucceeded: bumping session A's timestamp to 1340766006340 or 1340766010140
06-26 23:00:10.062  3103  3490 D RepositorySessionBundle: Setting timestamp on RepositorySessionBundle to 1340766010140
06-26 23:00:10.062  3103  3490 I SynchronizerSession: Finishing session B.
06-26 23:00:10.062  3103  3486 I SynchronizerSession: onFinishSucceeded. Flows? true, true
06-26 23:00:10.062  3103  3486 I SynchronizerSession: onFinishSucceeded: bumping session B's timestamp to 1340766009428 or 1340766009427
06-26 23:00:10.062  3103  3486 D RepositorySessionBundle: Setting timestamp on RepositorySessionBundle to 1340766009428
06-26 23:00:10.062  3103  3486 I SynchronizerSession: Notifying delegate.onSynchronized.
06-26 23:00:10.062  3103  3486 D SyncDelSDelegate: Got onSynchronized.
06-26 23:00:10.062  3103  3486 D SyncDelSDelegate: Notifying SynchronizerDelegate.
06-26 23:00:10.066  3103  3490 I RepositorySession: Shutting down work queues.
06-26 23:00:10.066  3103  3490 I RepositorySession: Shutting down work queues.
06-26 23:00:10.136  3103  3486 I ServerSyncStage: Advancing session.
06-26 23:00:10.136  3103  3486 I SyncAdapter: Stage completed: syncBookmarks
06-26 23:00:10.136  3103  3486 I GlobalSession: Running next stage syncHistory (org.mozilla.gecko.sync.stage.AndroidBrowserHistoryServerSyncStage@4138e830)...
06-26 23:00:10.136  3103  3486 W ServerSyncStage: Remote engine syncID different from local engine syncID: resetting local engine and assuming remote engine syncID.
06-26 23:00:10.148  3103  3486 I ServerSyncStage: Setting syncID for org.mozilla.gecko.sync.stage.AndroidBrowserHistoryServerSyncStage@4138e830 to '01-e95SthD5J'.
06-26 23:00:10.148  3103  3486 D RepositorySessionBundle: Setting timestamp on RepositorySessionBundle to 0
06-26 23:00:10.148  3103  3486 D RepositorySessionBundle: Setting timestamp on RepositorySessionBundle to 0
06-26 23:00:10.195   142   142 I ActivityManager: START {act=android.intent.action.VIEW dat=content://com.android.contacts/contacts/lookup/1988ib09bcdd8c62134c.577ig:113251116419460645738/295 cmp=com.android.contacts/.activities.ContactDetailActivity} from pid 3336
06-26 23:00:10.242  3103  3486 D dalvikvm: GC_FOR_ALLOC freed 378K, 8% free 10029K/10823K, paused 69ms
06-26 23:00:10.261  3103  3486 I ServerSyncStage: Reset timestamps for org.mozilla.gecko.sync.stage.AndroidBrowserHistoryServerSyncStage@4138e830
06-26 23:00:10.265  3103  3491 I SynchronizerSession: Starting A to B flow. Channel is org.mozilla.gecko.sync.synchronizer.RecordsChannel@413f9da0
06-26 23:00:10.265  3103  3491 I RecordsChannel: Beginning source.
06-26 23:00:10.269  3103  3492 I RecordsChannel: Source session began. Beginning sink session.
06-26 23:00:10.425  3103  3492 I BrowserRepoSession: BEGIN: checking database.
06-26 23:00:10.500  3336  3336 I ContactDetailActivity: content://com.android.contacts/contacts/lookup/1988ib09bcdd8c62134c.577ig%3A113251116419460645738/295
06-26 23:00:10.504  3103  3492 I BrowserRepoSession: END: checking database.
06-26 23:00:10.504  3103  3493 I RecordsChannel: Sink session began. Beginning flow.
06-26 23:00:10.617  3336  3337 D dalvikvm: GC_CONCURRENT freed 113K, 3% free 11221K/11463K, paused 1ms+3ms
06-26 23:00:10.652   142   172 I ActivityManager: Displayed com.android.contacts/.activities.ContactDetailActivity: +417ms
06-26 23:00:10.668  3336  3336 D OpenGLRenderer: Flushing caches (mode 0)
06-26 23:00:10.695   142   153 I ActivityManager: Process com.google.android.talk (pid 3390) has died.
06-26 23:00:10.879   142   153 D dalvikvm: GC_EXPLICIT freed 257K, 30% free 16312K/23239K, paused 3ms+8ms
06-26 23:00:10.941   334   334 D SAN_SERVICE: *******************************************
06-26 23:00:10.941   334   334 D SAN_SERVICE: DM App Phone Service State - 0
06-26 23:00:10.941   334   334 D SAN_SERVICE: *******************************************
06-26 23:00:10.965  3336  3336 I ContactLoader: Registering content observer for content://com.android.contacts/contacts/lookup/1988ib09bcdd8c62134c.577ig%3A113251116419460645738/295
06-26 23:00:11.113 18999 18999 D wpa_supplicant: wpa_driver_wext_driver_cmd RSSI len = 248
06-26 23:00:11.117 18999 18999 D wpa_supplicant: wpa_driver_wext_driver_cmd raikiri rssi -40  len = 17, 17
06-26 23:00:11.117 18999 18999 D wpa_supplicant: wpa_driver_wext_driver_cmd LINKSPEED len = 248
06-26 23:00:11.117 18999 18999 D wpa_supplicant: wpa_driver_wext_driver_cmd LinkSpeed 6 len = 11, 11
06-26 23:00:11.230   334   334 D SAN_SERVICE: *******************************************
06-26 23:00:11.230   334   334 D SAN_SERVICE: DM App Phone Service State - 0
06-26 23:00:11.234   334   334 D SAN_SERVICE: *******************************************
06-26 23:00:11.289  3336  3336 W AccountTypeManager: Unknown type=com.google, mime=vnd.com.google.cursor.item/contact_misc
06-26 23:00:11.312  3336  3336 W AccountTypeManager: Unknown type=com.google, mime=vnd.android.cursor.item/identity
06-26 23:00:11.316  3336  3336 W AccountTypeManager: Unknown type=com.google, mime=vnd.android.cursor.item/identity
06-26 23:00:11.316  3336  3336 W AccountTypeManager: Unknown type=com.google, mime=vnd.android.cursor.item/identity
06-26 23:00:12.519 18999 18999 D wpa_supplicant: wpa_driver_wext_driver_cmd BTCOEXMODE 1 len = 4096
06-26 23:00:12.757  3027  3030 D dalvikvm: GC_CONCURRENT freed 897K, 18% free 12329K/14983K, paused 9ms+6ms
06-26 23:00:12.761 18999 18999 D wpa_supplicant: wpa_driver_wext_driver_cmd OK len = 0, 2
06-26 23:00:12.761 18999 18999 D wpa_supplicant: wpa_driver_wext_driver_cmd GETPOWER len = 4096
06-26 23:00:12.769 18999 18999 D wpa_supplicant: wpa_driver_wext_driver_cmd powermode = 0 len = 13, 13
06-26 23:00:12.769 18999 18999 D wpa_supplicant: wpa_driver_wext_driver_cmd POWERMODE 1 len = 4096
06-26 23:00:12.769 18999 18999 D wpa_supplicant: wpa_driver_wext_driver_cmd OK len = 0, 2
06-26 23:00:12.957  3103  3499 I BrowserRepoSession: BEGIN: creating record -> GUID map.
06-26 23:00:13.007  3103  3105 D dalvikvm: GC_CONCURRENT freed 391K, 7% free 10124K/10823K, paused 2ms+4ms
06-26 23:00:13.078  3103  3499 I BrowserRepoSession: END: creating record -> GUID map.
06-26 23:00:13.101  3103  3105 D dalvikvm: GC_CONCURRENT freed 399K, 7% free 10159K/10823K, paused 2ms+3ms
06-26 23:00:13.218  3103  3493 D dalvikvm: GC_FOR_ALLOC freed 390K, 7% free 10130K/10823K, paused 80ms
06-26 23:00:13.425 18999 18999 D wpa_supplicant: wpa_driver_wext_driver_cmd POWERMODE 0 len = 4096
06-26 23:00:13.429 18999 18999 D wpa_supplicant: wpa_driver_wext_driver_cmd OK len = 0, 2
06-26 23:00:13.429 18999 18999 D wpa_supplicant: wpa_driver_wext_driver_cmd BTCOEXMODE 2 len = 4096
06-26 23:00:13.429 18999 18999 D wpa_supplicant: wpa_driver_wext_driver_cmd OK len = 0, 2
06-26 23:00:13.429  3103  3105 D dalvikvm: GC_CONCURRENT freed 391K, 7% free 10171K/10823K, paused 3ms+3ms
06-26 23:00:13.429   142   196 D DhcpInfoInternal: makeLinkProperties with empty dns2!
06-26 23:00:13.433   142   196 D DhcpInfoInternal: makeLinkProperties with empty dns2!
06-26 23:00:13.488  3103  3493 D dalvikvm: GC_FOR_ALLOC freed 393K, 7% free 10143K/10823K, paused 22ms
06-26 23:00:13.539   142 15304 I ActivityManager: START {act=android.intent.action.SENDTO dat=xmpp:akshay.kalawar@gmail.com?message cmp=com.google.android.talk/.MessageCallIntentDispatcher} from pid 3336
06-26 23:00:13.597   142   529 I ActivityManager: Start proc com.google.android.talk for activity com.google.android.talk/.MessageCallIntentDispatcher: pid=3520 uid=10045 gids={3003, 1015, 1006, 3002}
06-26 23:00:13.632  3103  3105 D dalvikvm: GC_CONCURRENT freed 383K, 6% free 10190K/10823K, paused 14ms+12ms
06-26 23:00:13.754   142 18244 I ActivityManager: Process com.android.exchange (pid 3179) has died.
06-26 23:00:13.765  3103  3493 D dalvikvm: GC_FOR_ALLOC freed 392K, 7% free 10158K/10823K, paused 85ms
06-26 23:00:13.871  3103  3105 D dalvikvm: GC_CONCURRENT freed 361K, 6% free 10209K/10823K, paused 14ms+8ms
06-26 23:00:13.871  3520  3520 I ActivityThread: Pub com.google.android.talk.SuggestionProvider: com.google.android.talk.SuggestionsProvider
06-26 23:00:14.027  3103  3493 D dalvikvm: GC_FOR_ALLOC freed 393K, 6% free 10178K/10823K, paused 57ms
06-26 23:00:14.058  2864  2866 D dalvikvm: GC_CONCURRENT freed 378K, 6% free 9542K/10119K, paused 3ms+4ms
06-26 23:00:14.070  3520  3520 D vclib:CallStateClient: startListening
06-26 23:00:14.113  3520  3521 D dalvikvm: GC_CONCURRENT freed 138K, 3% free 9360K/9607K, paused 37ms+2ms
06-26 23:00:14.121 18999 18999 D wpa_supplicant: wpa_driver_wext_driver_cmd RSSI len = 248
06-26 23:00:14.136 18999 18999 D wpa_supplicant: wpa_driver_wext_driver_cmd raikiri rssi -50  len = 17, 17
06-26 23:00:14.136 18999 18999 D wpa_supplicant: wpa_driver_wext_driver_cmd LINKSPEED len = 248
06-26 23:00:14.136 18999 18999 D wpa_supplicant: wpa_driver_wext_driver_cmd LinkSpeed 39 len = 12, 12
06-26 23:00:14.179  3103  3105 D dalvikvm: GC_CONCURRENT freed 393K, 6% free 10219K/10823K, paused 2ms+2ms
06-26 23:00:14.242   142   158 I Process : Sending signal. PID: 3520 SIG: 3
06-26 23:00:14.242  3520  3522 I dalvikvm: threadid=3: reacting to signal 3
06-26 23:00:14.285  3103  3493 D dalvikvm: GC_FOR_ALLOC freed 388K, 6% free 10191K/10823K, paused 19ms
06-26 23:00:14.340  3520  3522 I dalvikvm: Wrote stack traces to '/data/anr/traces.txt'
06-26 23:00:14.375 32629 32630 D dalvikvm: GC_CONCURRENT freed 332K, 6% free 10260K/10823K, paused 99ms+5ms
06-26 23:00:14.406  3103  3105 D dalvikvm: GC_CONCURRENT freed 377K, 6% free 10238K/10823K, paused 4ms+2ms
06-26 23:00:14.566  3103  3493 D dalvikvm: GC_FOR_ALLOC freed 393K, 6% free 10207K/10823K, paused 80ms
06-26 23:00:14.586  3520  3520 D libEGL  : loaded /system/lib/egl/libGLES_android.so
06-26 23:00:14.593  3520  3520 D libEGL  : loaded /vendor/lib/egl/libEGL_POWERVR_SGX540_120.so
06-26 23:00:14.601  3520  3520 D libEGL  : loaded /vendor/lib/egl/libGLESv1_CM_POWERVR_SGX540_120.so
06-26 23:00:14.609  3520  3520 D libEGL  : loaded /vendor/lib/egl/libGLESv2_POWERVR_SGX540_120.so
06-26 23:00:14.609   142   529 I ActivityManager: Start proc android.process.media for content provider com.android.providers.media/.MediaProvider: pid=3544 uid=10012 gids={1015, 1023, 1024, 2001, 3003, 3007}
06-26 23:00:14.660   142   158 I Process : Sending signal. PID: 3520 SIG: 3
06-26 23:00:14.660  3520  3522 I dalvikvm: threadid=3: reacting to signal 3
06-26 23:00:14.672  2864  2876 D dalvikvm: GC_EXPLICIT freed 117K, 7% free 9476K/10119K, paused 2ms+8ms
06-26 23:00:14.675    79    79 D dalvikvm: GC_EXPLICIT freed 38K, 4% free 9031K/9347K, paused 2ms+6ms
06-26 23:00:14.711  3520  3522 I dalvikvm: Wrote stack traces to '/data/anr/traces.txt'
06-26 23:00:14.722    79    79 D dalvikvm: GC_EXPLICIT freed <1K, 4% free 9031K/9347K, paused 2ms+16ms
06-26 23:00:14.800    79    79 D dalvikvm: GC_EXPLICIT freed <1K, 4% free 9031K/9347K, paused 1ms+7ms
06-26 23:00:14.820  3520  3520 D OpenGLRenderer: Enabling debug mode 0
06-26 23:00:14.828   142 30603 W InputManagerService: Starting input on non-focused client com.android.internal.view.IInputMethodClient$Stub$Proxy@4186e818 (uid=10000 pid=3336)
06-26 23:00:14.859   142   172 I ActivityManager: Displayed com.google.android.talk/.MessageCallIntentDispatcher: +1s283ms
06-26 23:00:14.910   312   333 D dalvikvm: GC_EXPLICIT freed 110K, 17% free 10510K/12615K, paused 9ms+4ms
06-26 23:00:14.945  3103  3361 D class ch.boye.httpclientandroidlib.impl.conn.tsccm.ThreadSafeClientConnManager: Closing expired connections
06-26 23:00:14.945  3103  3361 D class ch.boye.httpclientandroidlib.impl.conn.tsccm.ConnPoolByRoute: Closing expired connections
06-26 23:00:14.976  3103  3105 D dalvikvm: GC_CONCURRENT freed 359K, 6% free 10253K/10823K, paused 2ms+7ms
06-26 23:00:15.000   142 18244 I ActivityManager: Process com.twitter.android (pid 3083) has died.
06-26 23:00:15.007  3544  3544 I ActivityThread: Pub downloads: com.android.providers.downloads.DownloadProvider
06-26 23:00:15.043  3544  3544 I ActivityThread: Pub drm: com.android.providers.drm.DrmProvider
06-26 23:00:15.043  3544  3557 I DownloadManager: in removeSpuriousFiles
06-26 23:00:15.093  3103  3105 D dalvikvm: GC_CONCURRENT freed 518K, 7% free 10233K/10887K, paused 2ms+3ms
06-26 23:00:15.156  3544  3557 I DownloadManager: in removeSpuriousFiles, preserving file /data/data/com.android.providers.downloads/cache/metadata.json
06-26 23:00:15.156  3544  3557 I DownloadManager: in removeSpuriousFiles, preserving file /data/data/com.android.providers.downloads/cache/en_general.htm
06-26 23:00:15.156  3544  3557 I DownloadManager: in removeSpuriousFiles, preserving file /mnt/sdcard/Download/img-thing.jpeg
06-26 23:00:15.156  3544  3557 I DownloadManager: in removeSpuriousFiles, preserving file /data/data/com.android.providers.downloads/cache/metadata-1.json
06-26 23:00:15.156  3544  3557 I DownloadManager: in removeSpuriousFiles, preserving file /data/data/com.android.providers.downloads/cache/downloadfile.jpeg
06-26 23:00:15.156  3544  3557 I DownloadManager: in removeSpuriousFiles, preserving file /data/data/com.android.providers.downloads/cache/metadata-2.json
06-26 23:00:15.160  3544  3557 I DownloadManager: deleting spurious file /cache/backup
06-26 23:00:15.160  3544  3557 I DownloadManager: deleting spurious file /data/data/com.android.providers.downloads/cache/downloadfile-1.apk
06-26 23:00:15.164  3336  3336 I ContactLoader: Registering content observer for content://com.android.contacts/contacts/lookup/1988ib09bcdd8c62134c.577ig%3A113251116419460645738/295
06-26 23:00:15.179  3544  3544 I ActivityThread: Pub media: com.android.providers.media.MediaProvider
06-26 23:00:15.257  3103  3105 D dalvikvm: GC_CONCURRENT freed 480K, 6% free 10265K/10887K, paused 8ms+3ms
06-26 23:00:15.297  3336  3337 D dalvikvm: GC_CONCURRENT freed 236K, 3% free 11652K/11975K, paused 2ms+4ms
06-26 23:00:15.351  3336  3336 W AccountTypeManager: Unknown type=com.google, mime=vnd.com.google.cursor.item/contact_misc
06-26 23:00:15.351  3336  3336 W AccountTypeManager: Unknown type=com.google, mime=vnd.android.cursor.item/identity
06-26 23:00:15.355  3336  3336 W AccountTypeManager: Unknown type=com.google, mime=vnd.android.cursor.item/identity
06-26 23:00:15.355  3336  3336 W AccountTypeManager: Unknown type=com.google, mime=vnd.android.cursor.item/identity
06-26 23:00:15.406  3103  3493 D dalvikvm: GC_FOR_ALLOC freed 474K, 7% free 10234K/10887K, paused 67ms
06-26 23:00:15.515  3336  3336 I ContactLoader: Registering content observer for content://com.android.contacts/contacts/lookup/1988ib09bcdd8c62134c.577ig%3A113251116419460645738/295
06-26 23:00:15.531  3544  3547 D dalvikvm: GC_CONCURRENT freed 379K, 5% free 9157K/9607K, paused 2ms+4ms
06-26 23:00:15.562  3336  3336 W AccountTypeManager: Unknown type=com.google, mime=vnd.com.google.cursor.item/contact_misc
06-26 23:00:15.566  3336  3336 W AccountTypeManager: Unknown type=com.google, mime=vnd.android.cursor.item/identity
06-26 23:00:15.566  3336  3336 W AccountTypeManager: Unknown type=com.google, mime=vnd.android.cursor.item/identity
06-26 23:00:15.566  3336  3336 W AccountTypeManager: Unknown type=com.google, mime=vnd.android.cursor.item/identity
06-26 23:00:15.632  3103  3105 D dalvikvm: GC_CONCURRENT freed 459K, 6% free 10283K/10887K, paused 2ms+135ms
06-26 23:00:15.722  3103  3105 D dalvikvm: GC_CONCURRENT freed 526K, 6% free 10265K/10887K, paused 2ms+4ms
06-26 23:00:15.804  3103  3105 D dalvikvm: GC_CONCURRENT freed 455K, 6% free 10309K/10887K, paused 2ms+5ms
06-26 23:00:15.886  3103  3105 D dalvikvm: GC_CONCURRENT freed 531K, 6% free 10319K/10951K, paused 2ms+3ms
06-26 23:00:15.922  3103  3499 D dalvikvm: GC_EXPLICIT freed 44K, 7% free 10275K/10951K, paused 2ms+4ms
06-26 23:00:16.050   142   153 D dalvikvm: GC_EXPLICIT freed 380K, 30% free 16330K/23239K, paused 3ms+8ms
06-26 23:00:16.097  3103  3105 D dalvikvm: GC_CONCURRENT freed 442K, 6% free 10344K/10951K, paused 30ms+9ms
06-26 23:00:16.187  3103  3105 D dalvikvm: GC_CONCURRENT freed 531K, 6% free 10325K/10951K, paused 4ms+3ms
06-26 23:00:16.242   142   970 I ActivityManager: START {act=android.intent.action.VIEW dat=content://com.google.android.providers.talk/messagesByAcctAndContact/1/akshay.kalawar@gmail.com flg=0x14000000 cmp=com.google.android.talk/.SigningInActivity (has extras)} from pid 3520
06-26 23:00:16.269  3336  3336 D OpenGLRenderer: Flushing caches (mode 0)
06-26 23:00:16.398  3336  3336 D OpenGLRenderer: Flushing caches (mode 1)
06-26 23:00:16.457  3103  3105 D dalvikvm: GC_CONCURRENT freed 441K, 6% free 10396K/10951K, paused 3ms+3ms
06-26 23:00:16.523  3520  3521 D dalvikvm: GC_CONCURRENT freed 285K, 4% free 9544K/9927K, paused 2ms+16ms
06-26 23:00:16.613  3520  3520 D vclib:CallStateClient: startListening
06-26 23:00:16.668  3520  3520 D vclib:CallStateClient: stopListening
06-26 23:00:16.718  3520  3520 D vclib:CallStateClient: startListening
06-26 23:00:16.765   142   158 I Process : Sending signal. PID: 3520 SIG: 3
06-26 23:00:16.769  3520  3522 I dalvikvm: threadid=3: reacting to signal 3
06-26 23:00:16.773  3520  3522 I dalvikvm: Wrote stack traces to '/data/anr/traces.txt'
06-26 23:00:16.851  3103  3105 D dalvikvm: GC_CONCURRENT freed 547K, 7% free 10341K/11015K, paused 27ms+4ms
06-26 23:00:16.882  3336  3336 I ContactLoader: Registering content observer for content://com.android.contacts/contacts/lookup/1988ib09bcdd8c62134c.577ig%3A113251116419460645738/295
06-26 23:00:16.918  3103  3105 D dalvikvm: GC_CONCURRENT freed 436K, 6% free 10416K/11015K, paused 2ms+3ms
06-26 23:00:17.004  3103  3105 D dalvikvm: GC_CONCURRENT freed 514K, 6% free 10371K/11015K, paused 2ms+2ms
06-26 23:00:17.047  3520  3521 D dalvikvm: GC_CONCURRENT freed 354K, 5% free 9631K/10119K, paused 102ms+106ms
06-26 23:00:17.140 18999 18999 D wpa_supplicant: wpa_driver_wext_driver_cmd RSSI len = 248
06-26 23:00:17.148 18999 18999 D wpa_supplicant: wpa_driver_wext_driver_cmd raikiri rssi -46  len = 17, 17
06-26 23:00:17.148 18999 18999 D wpa_supplicant: wpa_driver_wext_driver_cmd LINKSPEED len = 248
06-26 23:00:17.148 18999 18999 D wpa_supplicant: wpa_driver_wext_driver_cmd LinkSpeed 52 len = 12, 12
06-26 23:00:17.156  3520  3520 D OpenGLRenderer: Flushing caches (mode 0)
06-26 23:00:17.191 32629 32640 D dalvikvm: GC_EXPLICIT freed 189K, 6% free 10206K/10823K, paused 2ms+4ms
06-26 23:00:17.195  3103  3105 D dalvikvm: GC_CONCURRENT freed 500K, 6% free 10381K/11015K, paused 2ms+103ms
06-26 23:00:17.265   142   158 I Process : Sending signal. PID: 3520 SIG: 3
06-26 23:00:17.265  3520  3522 I dalvikvm: threadid=3: reacting to signal 3
06-26 23:00:17.300  3520  3522 I dalvikvm: Wrote stack traces to '/data/anr/traces.txt'
06-26 23:00:17.308   142   172 I ActivityManager: Displayed com.google.android.talk/.SigningInActivity: +1s43ms
06-26 23:00:17.507  3103  3105 D dalvikvm: GC_CONCURRENT freed 508K, 6% free 10365K/11015K, paused 13ms+3ms
06-26 23:00:17.605  3103  3105 D dalvikvm: GC_CONCURRENT freed 441K, 6% free 10406K/11015K, paused 13ms+3ms
06-26 23:00:17.765  3103  3105 D dalvikvm: GC_CONCURRENT freed 506K, 6% free 10411K/11015K, paused 2ms+55ms
06-26 23:00:18.062  3103  3105 D dalvikvm: GC_CONCURRENT freed 497K, 6% free 10426K/11015K, paused 2ms+4ms
06-26 23:00:18.129  3520  3521 D dalvikvm: GC_CONCURRENT freed 266K, 4% free 9795K/10183K, paused 6ms+6ms
06-26 23:00:18.207  3103  3105 D dalvikvm: GC_CONCURRENT freed 499K, 6% free 10437K/11015K, paused 2ms+3ms
06-26 23:00:18.300  3103  3105 D dalvikvm: GC_CONCURRENT freed 555K, 6% free 10446K/11079K, paused 2ms+3ms
06-26 23:00:18.390  3103  3105 D dalvikvm: GC_CONCURRENT freed 503K, 6% free 10455K/11079K, paused 5ms+3ms
06-26 23:00:18.480  3103  3105 D dalvikvm: GC_CONCURRENT freed 479K, 6% free 10465K/11079K, paused 2ms+2ms
06-26 23:00:18.543  3103  3105 D dalvikvm: GC_CONCURRENT freed 458K, 6% free 10474K/11079K, paused 2ms+3ms
06-26 23:00:18.683  2133  2135 D dalvikvm: GC_CONCURRENT freed 376K, 6% free 9948K/10567K, paused 18ms+4ms
06-26 23:00:18.683  3103  3105 D dalvikvm: GC_CONCURRENT freed 524K, 6% free 10461K/11079K, paused 3ms+3ms
06-26 23:00:18.840  3103  3105 D dalvikvm: GC_CONCURRENT freed 592K, 7% free 10380K/11079K, paused 3ms+3ms
06-26 23:00:19.000  3103  3493 D dalvikvm: GC_FOR_ALLOC freed 440K, 7% free 10305K/11079K, paused 84ms
06-26 23:00:19.160  3103  3105 D dalvikvm: GC_CONCURRENT freed 453K, 7% free 10363K/11079K, paused 2ms+4ms
06-26 23:00:19.269  3103  3105 D dalvikvm: GC_CONCURRENT freed 506K, 7% free 10361K/11079K, paused 2ms+3ms
06-26 23:00:19.355  3103  3105 D dalvikvm: GC_CONCURRENT freed 488K, 7% free 10385K/11079K, paused 2ms+3ms
06-26 23:00:19.468  3103  3105 D dalvikvm: GC_CONCURRENT freed 473K, 6% free 10424K/11079K, paused 2ms+5ms
06-26 23:00:19.570  3103  3105 D dalvikvm: GC_CONCURRENT freed 560K, 7% free 10375K/11079K, paused 6ms+2ms
06-26 23:00:19.652  3103  3105 D dalvikvm: GC_CONCURRENT freed 468K, 6% free 10419K/11079K, paused 2ms+3ms
06-26 23:00:19.715  3103  3105 D dalvikvm: GC_CONCURRENT freed 403K, 6% free 10426K/11079K, paused 2ms+2ms
06-26 23:00:19.808  3103  3105 D dalvikvm: GC_CONCURRENT freed 498K, 6% free 10440K/11079K, paused 2ms+3ms
06-26 23:00:19.886  3103  3105 D dalvikvm: GC_CONCURRENT freed 524K, 6% free 10427K/11079K, paused 2ms+3ms
06-26 23:00:19.945  3103  3361 D class ch.boye.httpclientandroidlib.impl.conn.tsccm.ThreadSafeClientConnManager: Closing expired connections
06-26 23:00:19.945  3103  3361 D class ch.boye.httpclientandroidlib.impl.conn.tsccm.ConnPoolByRoute: Closing expired connections
06-26 23:00:19.968  3103  3105 D dalvikvm: GC_CONCURRENT freed 535K, 7% free 10404K/11079K, paused 2ms+2ms
06-26 23:00:20.050  3103  3105 D dalvikvm: GC_CONCURRENT freed 503K, 7% free 10413K/11079K, paused 2ms+3ms
06-26 23:00:20.140  3103  3105 D dalvikvm: GC_CONCURRENT freed 482K, 6% free 10426K/11079K, paused 4ms+3ms
06-26 23:00:20.152 18999 18999 D wpa_supplicant: wpa_driver_wext_driver_cmd RSSI len = 248
06-26 23:00:20.160 18999 18999 D wpa_supplicant: wpa_driver_wext_driver_cmd raikiri rssi -47  len = 17, 17
06-26 23:00:20.160 18999 18999 D wpa_supplicant: wpa_driver_wext_driver_cmd LINKSPEED len = 248
06-26 23:00:20.164 18999 18999 D wpa_supplicant: wpa_driver_wext_driver_cmd LinkSpeed 52 len = 12, 12
06-26 23:00:20.261  3103  3105 D dalvikvm: GC_CONCURRENT freed 497K, 6% free 10440K/11079K, paused 2ms+2ms
06-26 23:00:20.394  3103  3105 D dalvikvm: GC_CONCURRENT freed 606K, 7% free 10345K/11079K, paused 6ms+4ms
06-26 23:00:20.554   142 15304 D dalvikvm: GC_EXPLICIT freed 496K, 30% free 16332K/23239K, paused 3ms+8ms
06-26 23:00:20.590  3103  3105 D dalvikvm: GC_CONCURRENT freed 455K, 7% free 10340K/11079K, paused 2ms+4ms
06-26 23:00:20.695  3103  3105 D dalvikvm: GC_CONCURRENT freed 468K, 7% free 10341K/11079K, paused 1ms+4ms
06-26 23:00:20.761  3103  3105 D dalvikvm: GC_CONCURRENT freed 483K, 8% free 10286K/11079K, paused 2ms+2ms
06-26 23:00:20.847  3103  3105 D dalvikvm: GC_CONCURRENT freed 419K, 7% free 10332K/11079K, paused 2ms+3ms
06-26 23:00:20.898  3520  3520 D vclib:CallStateClient: stopListening
06-26 23:00:20.945  3520  3520 D vclib:CallStateClient: startListening
06-26 23:00:21.043  3103  3105 D dalvikvm: GC_CONCURRENT freed 428K, 7% free 10336K/11079K, paused 2ms+3ms
06-26 23:00:21.156   142   154 W InputManagerService: Window already focused, ignoring focus gain of: com.android.internal.view.IInputMethodClient$Stub$Proxy@417c5158
06-26 23:00:21.175  3103  3105 D dalvikvm: GC_CONCURRENT freed 415K, 7% free 10346K/11079K, paused 2ms+4ms
06-26 23:00:21.242  3103  3105 D dalvikvm: GC_CONCURRENT freed 395K, 7% free 10354K/11079K, paused 2ms+3ms
06-26 23:00:21.324  3103  3105 D dalvikvm: GC_CONCURRENT freed 461K, 7% free 10327K/11079K, paused 2ms+3ms
06-26 23:00:21.414  3103  3105 D dalvikvm: GC_CONCURRENT freed 478K, 7% free 10361K/11079K, paused 2ms+2ms
06-26 23:00:21.500  3103  3105 D dalvikvm: GC_CONCURRENT freed 472K, 7% free 10400K/11079K, paused 2ms+2ms
06-26 23:00:21.578  3103  3105 D dalvikvm: GC_CONCURRENT freed 473K, 7% free 10381K/11079K, paused 2ms+3ms
06-26 23:00:21.656  3103  3105 D dalvikvm: GC_CONCURRENT freed 470K, 6% free 10421K/11079K, paused 2ms+3ms
06-26 23:00:21.738  3103  3105 D dalvikvm: GC_CONCURRENT freed 524K, 7% free 10409K/11079K, paused 2ms+3ms
06-26 23:00:21.824  3103  3105 D dalvikvm: GC_CONCURRENT freed 504K, 6% free 10417K/11079K, paused 2ms+2ms
06-26 23:00:21.902  3520  3521 D dalvikvm: GC_CONCURRENT freed 335K, 5% free 9906K/10375K, paused 1ms+3ms
06-26 23:00:21.976  3520  3520 D vclib:CallStateClient: stopListening
06-26 23:00:21.976  3520  3520 D vclib:CallStateClient: startListening
06-26 23:00:22.125  3103  3105 D dalvikvm: GC_CONCURRENT freed 500K, 6% free 10428K/11079K, paused 2ms+44ms
06-26 23:00:22.136  3520  3521 D dalvikvm: GC_CONCURRENT freed 153K, 3% free 10243K/10503K, paused 3ms+3ms
06-26 23:00:22.410  3103  3105 D dalvikvm: GC_CONCURRENT freed 536K, 7% free 10403K/11079K, paused 2ms+12ms
06-26 23:00:22.523  3103  3105 D dalvikvm: GC_CONCURRENT freed 425K, 6% free 10444K/11079K, paused 8ms+4ms
06-26 23:00:22.632  3103  3105 D dalvikvm: GC_CONCURRENT freed 662K, 8% free 10294K/11079K, paused 3ms+5ms
06-26 23:00:22.750  3103  3105 D dalvikvm: GC_CONCURRENT freed 469K, 7% free 10328K/11079K, paused 2ms+4ms
06-26 23:00:22.953  3103  3105 D dalvikvm: GC_CONCURRENT freed 439K, 7% free 10313K/11079K, paused 5ms+3ms
06-26 23:00:23.019  3103  3105 D dalvikvm: GC_CONCURRENT freed 442K, 7% free 10312K/11079K, paused 1ms+3ms
06-26 23:00:23.086  3103  3105 D dalvikvm: GC_CONCURRENT freed 414K, 7% free 10321K/11079K, paused 1ms+3ms
06-26 23:00:23.152  3103  3493 D dalvikvm: GC_FOR_ALLOC freed 434K, 8% free 10293K/11079K, paused 25ms
06-26 23:00:23.168 18999 18999 D wpa_supplicant: wpa_driver_wext_driver_cmd RSSI len = 248
06-26 23:00:23.175 18999 18999 D wpa_supplicant: wpa_driver_wext_driver_cmd raikiri rssi -45  len = 17, 17
06-26 23:00:23.175 18999 18999 D wpa_supplicant: wpa_driver_wext_driver_cmd LINKSPEED len = 248
06-26 23:00:23.175 18999 18999 D wpa_supplicant: wpa_driver_wext_driver_cmd LinkSpeed 52 len = 12, 12
06-26 23:00:23.234  3103  3105 D dalvikvm: GC_CONCURRENT freed 440K, 7% free 10352K/11079K, paused 2ms+5ms
06-26 23:00:23.293  3103  3493 D dalvikvm: GC_FOR_ALLOC freed 437K, 7% free 10311K/11079K, paused 25ms
06-26 23:00:23.453  3336  3336 W AccountTypeManager: Unknown type=com.google, mime=vnd.com.google.cursor.item/contact_misc
06-26 23:00:23.453  3336  3336 W AccountTypeManager: Unknown type=com.google, mime=vnd.android.cursor.item/identity
06-26 23:00:23.453  3336  3336 W AccountTypeManager: Unknown type=com.google, mime=vnd.android.cursor.item/identity
06-26 23:00:23.453  3336  3336 W AccountTypeManager: Unknown type=com.google, mime=vnd.android.cursor.item/identity
06-26 23:00:23.461   142 30526 W InputManagerService: Starting input on non-focused client com.android.internal.view.IInputMethodClient$Stub$Proxy@4176f6d0 (uid=10045 pid=3520)
06-26 23:00:23.558  3520  3520 D OpenGLRenderer: Flushing caches (mode 0)
06-26 23:00:23.590   142   970 I ActivityManager: Process com.google.android.partnersetup (pid 3232) has died.
06-26 23:00:23.601  3520  3520 D vclib:CallStateClient: stopListening
06-26 23:00:23.609  3103  3105 D dalvikvm: GC_CONCURRENT freed 439K, 7% free 10367K/11079K, paused 2ms+77ms
06-26 23:00:23.664  3520  3520 D OpenGLRenderer: Flushing caches (mode 1)
06-26 23:00:23.699  3103  3105 D dalvikvm: GC_CONCURRENT freed 408K, 7% free 10366K/11079K, paused 2ms+2ms
06-26 23:00:23.769  3103  3105 D dalvikvm: GC_CONCURRENT freed 433K, 7% free 10371K/11079K, paused 2ms+2ms
06-26 23:00:23.882  3103  3105 D dalvikvm: GC_CONCURRENT freed 452K, 6% free 10430K/11079K, paused 2ms+6ms
06-26 23:00:23.957  3103  3493 D dalvikvm: GC_FOR_ALLOC freed 479K, 7% free 10367K/11079K, paused 23ms
06-26 23:00:24.027  3103  3105 D dalvikvm: GC_CONCURRENT freed 430K, 6% free 10449K/11079K, paused 2ms+5ms
06-26 23:00:24.093  3103  3493 D dalvikvm: GC_FOR_ALLOC freed 470K, 7% free 10382K/11079K, paused 28ms
06-26 23:00:24.199   142   381 D dalvikvm: GC_EXPLICIT freed 262K, 30% free 16313K/23239K, paused 3ms+8ms
06-26 23:00:24.254  3103  3105 D dalvikvm: GC_CONCURRENT freed 460K, 6% free 10433K/11079K, paused 84ms+4ms
06-26 23:00:24.293  3336  3336 I ContactLoader: Registering content observer for content://com.android.contacts/contacts/lookup/1988ib09bcdd8c62134c.577ig%3A113251116419460645738/295
06-26 23:00:24.312  3336  3336 W AccountTypeManager: Unknown type=com.google, mime=vnd.com.google.cursor.item/contact_misc
06-26 23:00:24.312  3336  3336 W AccountTypeManager: Unknown type=com.google, mime=vnd.android.cursor.item/identity
06-26 23:00:24.316  3336  3336 W AccountTypeManager: Unknown type=com.google, mime=vnd.android.cursor.item/identity
06-26 23:00:24.316  3336  3336 W AccountTypeManager: Unknown type=com.google, mime=vnd.android.cursor.item/identity
06-26 23:00:24.496  3103  3105 D dalvikvm: GC_CONCURRENT freed 529K, 7% free 10415K/11079K, paused 29ms+4ms
06-26 23:00:24.613  3103  3493 D dalvikvm: GC_FOR_ALLOC freed 472K, 7% free 10379K/11079K, paused 52ms
06-26 23:00:24.742  3103  3105 D dalvikvm: GC_CONCURRENT freed 500K, 7% free 10390K/11079K, paused 3ms+10ms
06-26 23:00:24.890  3103  3105 D dalvikvm: GC_CONCURRENT freed 500K, 7% free 10401K/11079K, paused 2ms+3ms
06-26 23:00:24.957  3103  3361 D class ch.boye.httpclientandroidlib.impl.conn.tsccm.ThreadSafeClientConnManager: Closing expired connections
06-26 23:00:24.957  3103  3361 D class ch.boye.httpclientandroidlib.impl.conn.tsccm.ConnPoolByRoute: Closing expired connections
06-26 23:00:25.007  3103  3105 D dalvikvm: GC_CONCURRENT freed 455K, 6% free 10437K/11079K, paused 2ms+3ms
06-26 23:00:25.129  3103  3105 D dalvikvm: GC_CONCURRENT freed 489K, 6% free 10437K/11079K, paused 2ms+3ms
06-26 23:00:25.218  3103  3105 D dalvikvm: GC_CONCURRENT freed 645K, 8% free 10303K/11079K, paused 2ms+3ms
06-26 23:00:25.312  3103  3105 D dalvikvm: GC_CONCURRENT freed 459K, 7% free 10310K/11079K, paused 2ms+3ms
06-26 23:00:25.406  3103  3105 D dalvikvm: GC_CONCURRENT freed 414K, 8% free 10302K/11079K, paused 3ms+3ms
06-26 23:00:25.500  3103  3105 D dalvikvm: GC_CONCURRENT freed 458K, 8% free 10273K/11079K, paused 3ms+2ms
06-26 23:00:25.726  3336  3336 D OpenGLRenderer: Flushing caches (mode 0)
06-26 23:00:25.769  3103  3105 D dalvikvm: GC_CONCURRENT freed 416K, 7% free 10320K/11079K, paused 10ms+28ms
06-26 23:00:25.859  3103  3105 D dalvikvm: GC_CONCURRENT freed 429K, 7% free 10325K/11079K, paused 3ms+5ms
06-26 23:00:25.980  3336  3337 D dalvikvm: GC_CONCURRENT freed 954K, 9% free 11567K/12615K, paused 7ms+7ms
06-26 23:00:26.015  3103  3105 D dalvikvm: GC_CONCURRENT freed 408K, 7% free 10337K/11079K, paused 2ms+3ms
06-26 23:00:26.086  3103  3105 D dalvikvm: GC_CONCURRENT freed 397K, 7% free 10343K/11079K, paused 6ms+2ms
06-26 23:00:26.125  2864  2866 D dalvikvm: GC_CONCURRENT freed 292K, 6% free 9568K/10119K, paused 7ms+3ms
06-26 23:00:26.179 18999 18999 D wpa_supplicant: wpa_driver_wext_driver_cmd RSSI len = 248
06-26 23:00:26.187 18999 18999 D wpa_supplicant: wpa_driver_wext_driver_cmd raikiri rssi -47  len = 17, 17
06-26 23:00:26.187 18999 18999 D wpa_supplicant: wpa_driver_wext_driver_cmd LINKSPEED len = 248
06-26 23:00:26.187 18999 18999 D wpa_supplicant: wpa_driver_wext_driver_cmd LinkSpeed 52 len = 12, 12
06-26 23:00:26.191  3103  3105 D dalvikvm: GC_CONCURRENT freed 459K, 7% free 10315K/11079K, paused 2ms+5ms
06-26 23:00:26.261  3103  3105 D dalvikvm: GC_CONCURRENT freed 451K, 7% free 10328K/11079K, paused 2ms+3ms
06-26 23:00:26.312   334   334 D SAN_SERVICE: *******************************************
06-26 23:00:26.312   334   334 D SAN_SERVICE: DM App Phone Service State - 0
06-26 23:00:26.312   334   334 D SAN_SERVICE: *******************************************
06-26 23:00:26.328  3103  3493 I RecordsChannel: onFetchCompleted. Stopping consumer once stores are done.
06-26 23:00:26.328  3103  3493 I RecordsChannel: Fetch timestamp is 1340766010930
06-26 23:00:26.328  3103  3435 I CRecordConsumer: Consumer is done. Processed 200 records.
06-26 23:00:26.351  3103  3499 D dalvikvm: GC_EXPLICIT freed 139K, 7% free 10325K/11079K, paused 2ms+4ms
06-26 23:00:26.574   334   334 D SAN_SERVICE: *******************************************
06-26 23:00:26.574   334   334 D SAN_SERVICE: DM App Phone Service State - 0
06-26 23:00:26.574   334   334 D SAN_SERVICE: *******************************************
06-26 23:00:26.918  3103  3105 D dalvikvm: GC_CONCURRENT freed 540K, 8% free 10297K/11079K, paused 2ms+5ms
06-26 23:00:27.058  3103  3499 I RecordsChannel: onStoreCompleted. Notifying delegate of onFlowCompleted. Fetch end is 1340766010930, store end is 1340766027061
06-26 23:00:27.058  3103  3499 I SynchronizerSession: First RecordsChannel onFlowCompleted.
06-26 23:00:27.058  3103  3499 I SynchronizerSession: Fetch end is 1340766010930. Store end is 1340766027061. Starting next.
06-26 23:00:27.062  3103  3499 I BrowserRepoSession: Running fetchSince(0).
06-26 23:00:27.070   334   334 D SAN_SERVICE: *******************************************
06-26 23:00:27.070   334   334 D SAN_SERVICE: DM App Phone Service State - 0
06-26 23:00:27.070   334   334 D SAN_SERVICE: *******************************************
06-26 23:00:27.113  3103  3493 D ABHistoryRepoSess: Adding visits for GUID K6WhKhzuVOP8
06-26 23:00:27.125  3103  3493 D ABHistoryRepoSess: Adding visits for GUID -G1rzkEKojgc
06-26 23:00:27.140  3103  3493 D ABHistoryRepoSess: Adding visits for GUID 6c8D-3FHUXi6
06-26 23:00:27.144  3103  3493 D ABHistoryRepoSess: Adding visits for GUID yFEAQEMqfn4f
06-26 23:00:27.160  3103  3493 D ABHistoryRepoSess: Adding visits for GUID vVYbTxMnCk0k
06-26 23:00:27.183  3103  3493 D ABHistoryRepoSess: Adding visits for GUID pyQB67xIyxMK
06-26 23:00:27.250  3103  3105 D dalvikvm: GC_CONCURRENT freed 650K, 9% free 10158K/11079K, paused 3ms+2ms
06-26 23:00:27.285  3103  3493 D ABHistoryRepoSess: Adding visits for GUID j27CMYZg094e
06-26 23:00:27.328  3103  3493 D ABHistoryRepoSess: Adding visits for GUID PDya28SUWG4J
06-26 23:00:27.332  3103  3493 D ABHistoryRepoSess: Adding visits for GUID WYp6DL44plx4
06-26 23:00:27.336  3103  3493 D ABHistoryRepoSess: Adding visits for GUID jueVrOrgKuOs
06-26 23:00:27.336  3103  3493 D ABHistoryRepoSess: Adding visits for GUID SullCpv8-mDS
06-26 23:00:27.382  3103  3493 D ABHistoryRepoSess: Adding visits for GUID 21ia9ZpJK63P
06-26 23:00:27.386  3103  3493 D ABHistoryRepoSess: Adding visits for GUID _DYjuAeaXxXx
06-26 23:00:27.390  3103  3493 D ABHistoryRepoSess: Adding visits for GUID 0eLeYGaJ6mQK
06-26 23:00:27.390  3103  3493 D ABHistoryRepoSess: Adding visits for GUID Lsco1ZGBJ3PK
06-26 23:00:27.394  3103  3493 D ABHistoryRepoSess: Adding visits for GUID c1r1XjbDkyIU
06-26 23:00:27.496  3103  3493 D ABHistoryRepoSess: Adding visits for GUID kI2D5zhTUAJQ
06-26 23:00:27.535  3103  3493 D ABHistoryRepoSess: Adding visits for GUID OPk8rcFoOd2e
06-26 23:00:27.539  3103  3493 D ABHistoryRepoSess: Adding visits for GUID M8qJGfx_f9jr
06-26 23:00:27.543  3103  3493 D ABHistoryRepoSess: Adding visits for GUID gUnNy5YON97U
06-26 23:00:27.578  3103  3105 D dalvikvm: GC_CONCURRENT freed 499K, 9% free 10170K/11079K, paused 2ms+10ms
06-26 23:00:27.629  3336  3473 D dalvikvm: GC_FOR_ALLOC freed 784K, 11% free 11262K/12615K, paused 27ms
06-26 23:00:27.656  3103  3493 D ABHistoryRepoSess: Adding visits for GUID IcBplQPFKTEv
06-26 23:00:27.664  3103  3493 D ABHistoryRepoSess: Adding visits for GUID 05sFTDujR2-v
06-26 23:00:27.668  3103  3493 D ABHistoryRepoSess: Adding visits for GUID UIeu8HDJnuBI
06-26 23:00:27.757  3103  3493 D ABHistoryRepoSess: Adding visits for GUID Wq-DWQ7TSj0H
06-26 23:00:27.773  3103  3493 D ABHistoryRepoSess: Adding visits for GUID kwN-580MjCXl
06-26 23:00:27.777  3103  3493 D ABHistoryRepoSess: Adding visits for GUID cPI8-rFLsw3y
06-26 23:00:27.789  3103  3493 D ABHistoryRepoSess: Adding visits for GUID 5UinOAEcQFvN
06-26 23:00:27.797  3103  3493 D ABHistoryRepoSess: Adding visits for GUID s2k3AMmlRSwv
06-26 23:00:27.808  3103  3493 D ABHistoryRepoSess: Adding visits for GUID 249fQ9GEUker
06-26 23:00:27.832  3103  3493 D ABHistoryRepoSess: Adding visits for GUID rxtuLqwe3MAa
06-26 23:00:27.859  3103  3493 D ABHistoryRepoSess: Adding visits for GUID 5iieDks8MTO-
06-26 23:00:27.914  3103  3105 D dalvikvm: GC_CONCURRENT freed 501K, 9% free 10180K/11079K, paused 3ms+4ms
06-26 23:00:27.918  3103  3493 D ABHistoryRepoSess: Adding visits for GUID bK8kD9Imm9s4
06-26 23:00:27.933  3103  3493 D ABHistoryRepoSess: Adding visits for GUID o4EADT20JG7w
06-26 23:00:27.937  3103  3493 D ABHistoryRepoSess: Adding visits for GUID g2hxlgExjtPp
06-26 23:00:27.949  3103  3493 D ABHistoryRepoSess: Adding visits for GUID hTCScWvUXcJJ
06-26 23:00:27.957  3103  3493 D ABHistoryRepoSess: Adding visits for GUID lcD8JAT-7Nnp
06-26 23:00:27.972  3103  3493 D ABHistoryRepoSess: Adding visits for GUID UMvRHksXSJ50
06-26 23:00:27.984  3103  3493 D ABHistoryRepoSess: Adding visits for GUID oiUJ_-aXNoJx
06-26 23:00:27.988  3103  3493 D ABHistoryRepoSess: Adding visits for GUID ZODtp5VPAY4w
06-26 23:00:27.992  3103  3493 D ABHistoryRepoSess: Adding visits for GUID LTvCTd_049-g
06-26 23:00:28.004  3103  3493 D ABHistoryRepoSess: Adding visits for GUID n1flWLxwmzhu
06-26 23:00:28.007  3103  3493 D ABHistoryRepoSess: Adding visits for GUID jeGONVnPJXKv
06-26 23:00:28.054  3103  3493 D ABHistoryRepoSess: Adding visits for GUID -4Sg8KNolXy9
06-26 23:00:28.058  3103  3493 D ABHistoryRepoSess: Adding visits for GUID umDwzSSYfaQ0
06-26 23:00:28.074  3103  3493 D ABHistoryRepoSess: Adding visits for GUID u6ugYROdC9uM
06-26 23:00:28.097  3103  3105 D dalvikvm: GC_CONCURRENT freed 494K, 8% free 10197K/11079K, paused 6ms+3ms
06-26 23:00:28.101  3103  3493 D ABHistoryRepoSess: Adding visits for GUID U3x0MWvGUIIJ
06-26 23:00:28.113  3103  3493 D ABHistoryRepoSess: Adding visits for GUID 2uzw2QsHSCFW
06-26 23:00:28.113  3103  3493 D ABHistoryRepoSess: Adding visits for GUID t5ie6U1yhXft
06-26 23:00:28.117  3103  3493 D ABHistoryRepoSess: Adding visits for GUID b3Sluu5gG8Lu
06-26 23:00:28.148  3103  3493 D ABHistoryRepoSess: Adding visits for GUID 9Xzq-0g-SwVF
06-26 23:00:28.148  3103  3493 D ABHistoryRepoSess: Adding visits for GUID H9WF0_4aVsgv
06-26 23:00:28.156  3103  3493 D ABHistoryRepoSess: Adding visits for GUID BxAzZU5LxxWB
06-26 23:00:28.168  3103  3493 D ABHistoryRepoSess: Adding visits for GUID oAJbRE8f_rii
06-26 23:00:28.172  3103  3493 D ABHistoryRepoSess: Adding visits for GUID 8EoShjl_XtoW
06-26 23:00:28.179  3103  3493 D ABHistoryRepoSess: Adding visits for GUID 4yegQ1SiL4Mt
06-26 23:00:28.187  3103  3493 D ABHistoryRepoSess: Adding visits for GUID -nrixkrtdu55
06-26 23:00:28.191  3103  3493 D ABHistoryRepoSess: Adding visits for GUID 1NYDNhPjdmz2
06-26 23:00:28.199  3103  3493 D ABHistoryRepoSess: Adding visits for GUID PjKQ7QLOL7i4
06-26 23:00:28.238  3103  3493 D ABHistoryRepoSess: Adding visits for GUID ijwgxD3rUdAx
06-26 23:00:28.246  3103  3493 D ABHistoryRepoSess: Adding visits for GUID 4XsrG-qZcSNO
06-26 23:00:28.250  3103  3493 D ABHistoryRepoSess: Adding visits for GUID LdJa1Ls4Ur7x
06-26 23:00:28.257  3103  3493 D ABHistoryRepoSess: Adding visits for GUID nvsd2YP6z3k9
06-26 23:00:28.269  3103  3105 D dalvikvm: GC_CONCURRENT freed 496K, 8% free 10213K/11079K, paused 3ms+3ms
06-26 23:00:28.273  3103  3493 D ABHistoryRepoSess: Adding visits for GUID CRfos7ihlBhe
06-26 23:00:28.273  3103  3493 D ABHistoryRepoSess: Adding visits for GUID zZ2sE-rMwp0u
06-26 23:00:28.277  3103  3493 D ABHistoryRepoSess: Adding visits for GUID Oj6K3RAkiLcp
06-26 23:00:28.277  3103  3493 D ABHistoryRepoSess: Adding visits for GUID yXiPrWWQomHY
06-26 23:00:28.281  3103  3493 D ABHistoryRepoSess: Adding visits for GUID __ggym-Yik4h
06-26 23:00:28.359  3103  3105 D dalvikvm: GC_CONCURRENT freed 513K, 8% free 10212K/11079K, paused 1ms+3ms
06-26 23:00:28.398  3103  3110 I dalvikvm: Jit: resizing JitTable from 4096 to 8192
06-26 23:00:28.468  3103  3105 D dalvikvm: GC_CONCURRENT freed 517K, 8% free 10207K/11079K, paused 2ms+2ms
06-26 23:00:28.515  3103  3493 I RecordsChannel: onFetchCompleted. Stopping consumer once stores are done.
06-26 23:00:28.515  3103  3493 I RecordsChannel: Fetch timestamp is 1340766027063
06-26 23:00:28.558  3103  3105 D dalvikvm: GC_CONCURRENT freed 513K, 8% free 10206K/11079K, paused 2ms+3ms
06-26 23:00:28.632  3103  3105 D dalvikvm: GC_CONCURRENT freed 517K, 8% free 10200K/11079K, paused 2ms+2ms
06-26 23:00:28.703  3103  3105 D dalvikvm: GC_CONCURRENT freed 508K, 8% free 10199K/11079K, paused 2ms+2ms
06-26 23:00:28.711  3103  3435 I RecordUploadRunnable: Preparing record upload for 50 records (29039 bytes).
06-26 23:00:28.777   142   293 I ActivityManager: Process com.google.android.youtube (pid 3283) has died.
06-26 23:00:28.793  3103  3581 D class ch.boye.httpclientandroidlib.impl.conn.DefaultClientConnection: Connection closed
06-26 23:00:28.793  3103  3581 D class ch.boye.httpclientandroidlib.impl.client.DefaultHttpClient: Closing the connection.
06-26 23:00:28.793  3103  3581 D class ch.boye.httpclientandroidlib.impl.conn.DefaultClientConnection: Connection closed
06-26 23:00:28.816  3103  3105 D dalvikvm: GC_CONCURRENT freed 488K, 8% free 10217K/11079K, paused 3ms+2ms
06-26 23:00:28.816  3103  3581 D class ch.boye.httpclientandroidlib.impl.conn.DefaultClientConnection: Connection shut down
06-26 23:00:28.894  3103  3105 D dalvikvm: GC_CONCURRENT freed 539K, 9% free 10188K/11079K, paused 2ms+2ms
06-26 23:00:28.961  3103  3105 D dalvikvm: GC_CONCURRENT freed 482K, 8% free 10216K/11079K, paused 2ms+2ms
06-26 23:00:28.988  3103  3435 I CRecordConsumer: Consumer is done. Processed 0 records.
06-26 23:00:28.988  3103  3435 I RecordUploadRunnable: Preparing record upload for 17 records (14199 bytes).
06-26 23:00:29.191 18999 18999 D wpa_supplicant: wpa_driver_wext_driver_cmd RSSI len = 248
06-26 23:00:29.199 18999 18999 D wpa_supplicant: wpa_driver_wext_driver_cmd raikiri rssi -43  len = 17, 17
06-26 23:00:29.199 18999 18999 D wpa_supplicant: wpa_driver_wext_driver_cmd LINKSPEED len = 248
06-26 23:00:29.207 18999 18999 D wpa_supplicant: wpa_driver_wext_driver_cmd LinkSpeed 52 len = 12, 12
06-26 23:00:29.699   142   153 I ActivityManager: START {act=android.intent.action.VIEW dat=content://com.android.contacts/contacts/lookup/577ig:107207000368160752774/740 cmp=com.android.contacts/.activities.ContactDetailActivity} from pid 3336
06-26 23:00:29.867  3336  3336 I ContactDetailActivity: content://com.android.contacts/contacts/lookup/577ig%3A107207000368160752774/740
06-26 23:00:29.957   142   172 I ActivityManager: Displayed com.android.contacts/.activities.ContactDetailActivity: +148ms
06-26 23:00:29.965  3336  3336 D OpenGLRenderer: Flushing caches (mode 0)
06-26 23:00:29.965  3103  3361 D class ch.boye.httpclientandroidlib.impl.conn.tsccm.ThreadSafeClientConnManager: Closing expired connections
06-26 23:00:29.965  3103  3361 D class ch.boye.httpclientandroidlib.impl.conn.tsccm.ConnPoolByRoute: Closing expired connections
06-26 23:00:30.015  3336  3336 I ContactLoader: Registering content observer for content://com.android.contacts/contacts/lookup/577ig%3A107207000368160752774/740
06-26 23:00:30.039  3336  3336 W AccountTypeManager: Unknown type=com.google, mime=vnd.android.cursor.item/identity
06-26 23:00:31.664  3336  3337 D dalvikvm: GC_CONCURRENT freed 318K, 8% free 11682K/12615K, paused 2ms+8ms
06-26 23:00:31.679  3336  3336 D OpenGLRenderer: Flushing caches (mode 0)
06-26 23:00:31.808  2864  3583 D dalvikvm: GC_FOR_ALLOC freed 267K, 6% free 9539K/10119K, paused 17ms
06-26 23:00:31.808  2864  3583 I dalvikvm-heap: Grow heap (frag case) to 9.636MB for 262160-byte allocation
06-26 23:00:31.828  2864  2881 D dalvikvm: GC_FOR_ALLOC freed 58K, 7% free 9737K/10439K, paused 17ms
06-26 23:00:32.047  2864  3583 D dalvikvm: GC_FOR_ALLOC freed 162K, 7% free 9806K/10439K, paused 19ms
06-26 23:00:32.215 18999 18999 D wpa_supplicant: wpa_driver_wext_driver_cmd RSSI len = 248
06-26 23:00:32.215 18999 18999 D wpa_supplicant: wpa_driver_wext_driver_cmd raikiri rssi -44  len = 17, 17
06-26 23:00:32.215 18999 18999 D wpa_supplicant: wpa_driver_wext_driver_cmd LINKSPEED len = 248
06-26 23:00:32.215 18999 18999 D wpa_supplicant: wpa_driver_wext_driver_cmd LinkSpeed 39 len = 12, 12
06-26 23:00:32.484   142   154 I ActivityManager: START {act=android.intent.action.VIEW dat=content://com.android.contacts/contacts/lookup/1988i642cef498cd985f4/79 cmp=com.android.contacts/.activities.ContactDetailActivity} from pid 3336
06-26 23:00:32.582  3336  3336 I ContactDetailActivity: content://com.android.contacts/contacts/lookup/1988i642cef498cd985f4/79
06-26 23:00:32.672   142   172 I ActivityManager: Displayed com.android.contacts/.activities.ContactDetailActivity: +136ms
06-26 23:00:32.679  3336  3336 D OpenGLRenderer: Flushing caches (mode 0)
06-26 23:00:32.863  2133  2135 D dalvikvm: GC_CONCURRENT freed 435K, 7% free 9902K/10567K, paused 2ms+3ms
06-26 23:00:32.929  3103  3581 I RecordUploadRunnable: POST of 50 records done.
06-26 23:00:32.953  3103  3581 I RecordUploadRunnable: POST of 50 records handled.
06-26 23:00:32.988  3103  3105 D dalvikvm: GC_CONCURRENT freed 457K, 8% free 10258K/11079K, paused 2ms+3ms
06-26 23:00:33.011  2864  2882 D dalvikvm: GC_EXPLICIT freed 497K, 9% free 9520K/10439K, paused 2ms+15ms
06-26 23:00:33.246   142   142 D dalvikvm: GC_EXPLICIT freed 731K, 30% free 16329K/23239K, paused 3ms+8ms
06-26 23:00:33.257  3336  3336 I ContactLoader: Registering content observer for content://com.android.contacts/contacts/lookup/1988i642cef498cd985f4/79
06-26 23:00:33.273  3336  3336 W AccountTypeManager: Unknown type=com.google, mime=vnd.com.google.cursor.item/contact_misc
06-26 23:00:33.273  3336  3336 W AccountTypeManager: Unknown type=com.google, mime=vnd.android.cursor.item/identity
06-26 23:00:33.445  3103  3581 I RecordUploadRunnable: POST of 17 records done.
06-26 23:00:33.449  3103  3581 I RecordUploadRunnable: POST of 17 records handled.
06-26 23:00:33.449  3103  3581 I RecordsChannel: onStoreCompleted. Notifying delegate of onFlowCompleted. Fetch end is 1340766027063, store end is 1340766033670
06-26 23:00:33.449  3103  3581 I SynchronizerSession: Second RecordsChannel onFlowCompleted.
06-26 23:00:33.449  3103  3581 I SynchronizerSession: Fetch end is 1340766027063. Store end is 1340766033670. Finishing.
06-26 23:00:33.449  3103  3581 I SynchronizerSession: onFinishSucceeded. Flows? true, true
06-26 23:00:33.449  3103  3581 I SynchronizerSession: onFinishSucceeded: bumping session A's timestamp to 1340766010930 or 1340766033670
06-26 23:00:33.449  3103  3581 D RepositorySessionBundle: Setting timestamp on RepositorySessionBundle to 1340766033670
06-26 23:00:33.449  3103  3581 I SynchronizerSession: Finishing session B.
06-26 23:00:33.449  3103  3493 I SynchronizerSession: onFinishSucceeded. Flows? true, true
06-26 23:00:33.453  3103  3493 I SynchronizerSession: onFinishSucceeded: bumping session B's timestamp to 1340766027063 or 1340766027061
06-26 23:00:33.453  3103  3493 D RepositorySessionBundle: Setting timestamp on RepositorySessionBundle to 1340766027063
06-26 23:00:33.453  3103  3493 I SynchronizerSession: Notifying delegate.onSynchronized.
06-26 23:00:33.453  3103  3493 D SyncDelSDelegate: Got onSynchronized.
06-26 23:00:33.453  3103  3493 D SyncDelSDelegate: Notifying SynchronizerDelegate.
06-26 23:00:33.453  3103  3581 I RepositorySession: Shutting down work queues.
06-26 23:00:33.453  3103  3581 I RepositorySession: Shutting down work queues.
06-26 23:00:33.472  3103  3493 I ServerSyncStage: Advancing session.
06-26 23:00:33.472  3103  3493 I SyncAdapter: Stage completed: syncHistory
06-26 23:00:33.472  3103  3493 I GlobalSession: Running next stage syncFormHistory (org.mozilla.gecko.sync.stage.FormHistoryServerSyncStage@4138f6d0)...
06-26 23:00:33.472  3103  3493 W ServerSyncStage: Remote engine syncID different from local engine syncID: resetting local engine and assuming remote engine syncID.
06-26 23:00:33.496  3103  3493 D dalvikvm: GC_FOR_ALLOC freed 439K, 10% free 10030K/11079K, paused 20ms
06-26 23:00:33.496  3103  3493 I ServerSyncStage: Setting syncID for org.mozilla.gecko.sync.stage.FormHistoryServerSyncStage@4138f6d0 to '-CIEkGBGj2cs'.
06-26 23:00:33.496  3103  3493 D RepositorySessionBundle: Setting timestamp on RepositorySessionBundle to 0
06-26 23:00:33.496  3103  3493 D RepositorySessionBundle: Setting timestamp on RepositorySessionBundle to 0
06-26 23:00:33.582  3103  3493 I ServerSyncStage: Reset timestamps for org.mozilla.gecko.sync.stage.FormHistoryServerSyncStage@4138f6d0
06-26 23:00:33.621  3103  3493 I SynchronizerSession: Starting A to B flow. Channel is org.mozilla.gecko.sync.synchronizer.RecordsChannel@41407540
06-26 23:00:33.621  3103  3493 I RecordsChannel: Beginning source.
06-26 23:00:33.632  3103  3590 I RecordsChannel: Source session began. Beginning sink session.
06-26 23:00:33.636  3103  3591 I RecordsChannel: Sink session began. Beginning flow.
06-26 23:00:34.054  3103  3592 D dalvikvm: Trying to load lib /data/data/org.mozilla.firefox_beta/lib/libmozglue.so 0x4131bae0
06-26 23:00:34.058  3103  3592 D dalvikvm: Added shared lib /data/data/org.mozilla.firefox_beta/lib/libmozglue.so 0x4131bae0
06-26 23:00:34.058  3103  3592 D dalvikvm: No JNI_OnLoad found in /data/data/org.mozilla.firefox_beta/lib/libmozglue.so 0x4131bae0, skipping init
06-26 23:00:34.062  3103  3592 E GeckoLibLoad: Load sqlite start
06-26 23:00:34.078  3103  3105 D dalvikvm: GC_CONCURRENT freed 332K, 9% free 10125K/11079K, paused 2ms+6ms
06-26 23:00:34.121  3103  3592 E GeckoLinker: /data/app/org.mozilla.firefox_beta-2.apk!/libmozsqlite3.so: Warning: relocation to NULL @0x00052db4
06-26 23:00:34.121  3103  3592 E GeckoLinker: /data/app/org.mozilla.firefox_beta-2.apk!/libmozsqlite3.so: Warning: relocation to NULL @0x00052cb0 for symbol "__cxa_begin_cleanup"
06-26 23:00:34.121  3103  3592 E GeckoLinker: /data/app/org.mozilla.firefox_beta-2.apk!/libmozsqlite3.so: Warning: relocation to NULL @0x00052d1c for symbol "__cxa_type_match"
06-26 23:00:34.121  3103  3592 E GeckoLibLoad: Load sqlite done
06-26 23:00:34.129  3103  3591 D dalvikvm: GC_FOR_ALLOC freed 337K, 9% free 10087K/11079K, paused 24ms
06-26 23:00:34.132  3103  3592 D dalvikvm: Trying to load lib /data/data/org.mozilla.firefox_beta/lib/libmozglue.so 0x4131bae0
06-26 23:00:34.132  3103  3592 D dalvikvm: Shared lib '/data/data/org.mozilla.firefox_beta/lib/libmozglue.so' already loaded in same CL 0x4131bae0
06-26 23:00:34.132  3103  3592 E GeckoLibLoad: Load nss start
06-26 23:00:34.199  3103  3591 D dalvikvm: GC_FOR_ALLOC freed 365K, 9% free 10088K/11079K, paused 41ms
06-26 23:00:34.199  3103  3592 E GeckoLinker: /data/app/org.mozilla.firefox_beta-2.apk!/libnspr4.so: Warning: relocation to NULL @0x00020de0
06-26 23:00:34.199  3103  3592 E GeckoLinker: /data/app/org.mozilla.firefox_beta-2.apk!/libnspr4.so: Warning: relocation to NULL @0x00020b98 for symbol "__cxa_begin_cleanup"
06-26 23:00:34.199  3103  3592 E GeckoLinker: /data/app/org.mozilla.firefox_beta-2.apk!/libnspr4.so: Warning: relocation to NULL @0x00020cb0 for symbol "__cxa_type_match"
06-26 23:00:34.211  3103  3592 E GeckoLibLoad: Load nss done
06-26 23:00:34.234  3103  3591 D dalvikvm: GC_FOR_ALLOC freed 345K, 9% free 10089K/11079K, paused 19ms
06-26 23:00:34.285  3103  3591 D dalvikvm: GC_FOR_ALLOC freed 366K, 9% free 10106K/11079K, paused 18ms
06-26 23:00:34.343  3103  3105 D dalvikvm: GC_CONCURRENT freed 405K, 9% free 10154K/11079K, paused 3ms+3ms
06-26 23:00:34.414  3103  3591 D dalvikvm: GC_FOR_ALLOC freed 372K, 9% free 10104K/11079K, paused 56ms
06-26 23:00:34.457   142 30603 I ActivityManager: Process com.android.vending (pid 3247) has died.
06-26 23:00:34.461  3103  3591 D dalvikvm: GC_FOR_ALLOC freed 372K, 9% free 10107K/11079K, paused 20ms
06-26 23:00:34.496  3103  3591 D dalvikvm: GC_FOR_ALLOC freed 361K, 9% free 10105K/11079K, paused 17ms
06-26 23:00:34.554  3103  3105 D dalvikvm: GC_CONCURRENT freed 385K, 9% free 10108K/11079K, paused 2ms+3ms
06-26 23:00:34.621  3103  3591 D dalvikvm: GC_FOR_ALLOC freed 365K, 9% free 10107K/11079K, paused 27ms
06-26 23:00:34.672  3103  3591 D dalvikvm: GC_FOR_ALLOC freed 366K, 9% free 10113K/11079K, paused 27ms
06-26 23:00:34.726  3103  3105 D dalvikvm: GC_CONCURRENT freed 387K, 9% free 10112K/11079K, paused 2ms+3ms
06-26 23:00:34.804  3103  3591 D dalvikvm: GC_FOR_ALLOC freed 370K, 9% free 10114K/11079K, paused 23ms
06-26 23:00:34.840  3103  3591 D dalvikvm: GC_FOR_ALLOC freed 360K, 9% free 10117K/11079K, paused 18ms
06-26 23:00:34.886  3103  3105 D dalvikvm: GC_CONCURRENT freed 390K, 9% free 10116K/11079K, paused 2ms+2ms
06-26 23:00:34.929  3103  3591 D dalvikvm: GC_FOR_ALLOC freed 372K, 9% free 10119K/11079K, paused 17ms
06-26 23:00:34.961  3103  3591 D dalvikvm: GC_FOR_ALLOC freed 360K, 9% free 10119K/11079K, paused 18ms
06-26 23:00:34.965  3103  3361 D class ch.boye.httpclientandroidlib.impl.conn.tsccm.ThreadSafeClientConnManager: Closing expired connections
06-26 23:00:34.965  3103  3361 D class ch.boye.httpclientandroidlib.impl.conn.tsccm.ConnPoolByRoute: Closing expired connections
06-26 23:00:35.011  3103  3105 D dalvikvm: GC_CONCURRENT freed 387K, 9% free 10120K/11079K, paused 2ms+2ms
06-26 23:00:35.047  3103  3591 D dalvikvm: GC_FOR_ALLOC freed 373K, 9% free 10124K/11079K, paused 17ms
06-26 23:00:35.086  3103  3591 D dalvikvm: GC_FOR_ALLOC freed 361K, 9% free 10122K/11079K, paused 17ms
06-26 23:00:35.129  3103  3105 D dalvikvm: GC_CONCURRENT freed 386K, 9% free 10124K/11079K, paused 2ms+3ms
06-26 23:00:35.175  3103  3591 D dalvikvm: GC_FOR_ALLOC freed 374K, 9% free 10128K/11079K, paused 21ms
06-26 23:00:35.218 18999 18999 D wpa_supplicant: wpa_driver_wext_driver_cmd RSSI len = 248
06-26 23:00:35.218  3103  3591 D dalvikvm: GC_FOR_ALLOC freed 359K, 9% free 10126K/11079K, paused 24ms
06-26 23:00:35.222 18999 18999 D wpa_supplicant: wpa_driver_wext_driver_cmd raikiri rssi -47  len = 17, 17
06-26 23:00:35.222 18999 18999 D wpa_supplicant: wpa_driver_wext_driver_cmd LINKSPEED len = 248
06-26 23:00:35.222 18999 18999 D wpa_supplicant: wpa_driver_wext_driver_cmd LinkSpeed 39 len = 12, 12
06-26 23:00:35.265  3103  3105 D dalvikvm: GC_CONCURRENT freed 385K, 9% free 10129K/11079K, paused 2ms+2ms
06-26 23:00:35.300  3103  3591 D dalvikvm: GC_FOR_ALLOC freed 373K, 9% free 10132K/11079K, paused 18ms
06-26 23:00:35.340  3103  3591 D dalvikvm: GC_FOR_ALLOC freed 361K, 9% free 10131K/11079K, paused 17ms
06-26 23:00:35.382  3103  3105 D dalvikvm: GC_CONCURRENT freed 386K, 9% free 10133K/11079K, paused 2ms+3ms
06-26 23:00:35.429  3103  3591 D dalvikvm: GC_FOR_ALLOC freed 373K, 9% free 10136K/11079K, paused 17ms
06-26 23:00:35.461  3103  3591 D dalvikvm: GC_FOR_ALLOC freed 362K, 9% free 10135K/11079K, paused 17ms
06-26 23:00:35.504  3103  3105 D dalvikvm: GC_CONCURRENT freed 387K, 9% free 10136K/11079K, paused 2ms+3ms
06-26 23:00:35.539  3103  3591 D dalvikvm: GC_FOR_ALLOC freed 373K, 9% free 10140K/11079K, paused 18ms
06-26 23:00:35.578  3103  3591 D dalvikvm: GC_FOR_ALLOC freed 361K, 9% free 10139K/11079K, paused 17ms
06-26 23:00:35.648  3103  3105 D dalvikvm: GC_CONCURRENT freed 387K, 9% free 10141K/11079K, paused 2ms+4ms
06-26 23:00:35.691  3103  3591 D dalvikvm: GC_FOR_ALLOC freed 375K, 9% free 10144K/11079K, paused 17ms
06-26 23:00:35.722  3103  3591 D dalvikvm: GC_FOR_ALLOC freed 362K, 9% free 10143K/11079K, paused 18ms
06-26 23:00:35.769  3103  3105 D dalvikvm: GC_CONCURRENT freed 385K, 9% free 10146K/11079K, paused 2ms+2ms
06-26 23:00:35.820  3103  3591 D dalvikvm: GC_FOR_ALLOC freed 373K, 9% free 10148K/11079K, paused 27ms
06-26 23:00:35.851  3103  3591 D dalvikvm: GC_FOR_ALLOC freed 361K, 9% free 10147K/11079K, paused 17ms
06-26 23:00:35.898  3103  3105 D dalvikvm: GC_CONCURRENT freed 388K, 9% free 10150K/11079K, paused 2ms+2ms
06-26 23:00:35.933  3103  3591 D dalvikvm: GC_FOR_ALLOC freed 374K, 9% free 10153K/11079K, paused 17ms
06-26 23:00:35.972  3103  3591 D dalvikvm: GC_FOR_ALLOC freed 361K, 9% free 10151K/11079K, paused 17ms
06-26 23:00:36.047  3103  3105 D dalvikvm: GC_CONCURRENT freed 387K, 9% free 10154K/11079K, paused 2ms+2ms
06-26 23:00:36.082  3103  3591 D dalvikvm: GC_FOR_ALLOC freed 374K, 9% free 10157K/11079K, paused 18ms
06-26 23:00:36.121  3103  3591 D dalvikvm: GC_FOR_ALLOC freed 360K, 9% free 10156K/11079K, paused 18ms
06-26 23:00:36.160  3103  3103 D OpenGLRenderer: Flushing caches (mode 1)
06-26 23:00:36.164  3520  3520 D OpenGLRenderer: Flushing caches (mode 1)
06-26 23:00:36.168   366   366 D OpenGLRenderer: Flushing caches (mode 2)
06-26 23:00:36.172  2968  2968 D OpenGLRenderer: Flushing caches (mode 2)
06-26 23:00:36.195   366   366 D OpenGLRenderer: Flushing caches (mode 0)
06-26 23:00:36.222  3103  3105 D dalvikvm: GC_CONCURRENT freed 386K, 9% free 10158K/11079K, paused 4ms+2ms
06-26 23:00:36.277  3103  3591 D dalvikvm: GC_FOR_ALLOC freed 373K, 9% free 10161K/11079K, paused 21ms
06-26 23:00:36.312  3103  3591 D dalvikvm: GC_FOR_ALLOC freed 359K, 9% free 10160K/11079K, paused 20ms
06-26 23:00:36.363  3103  3105 D dalvikvm: GC_CONCURRENT freed 385K, 9% free 10163K/11079K, paused 2ms+4ms
06-26 23:00:36.398  3103  3591 D dalvikvm: GC_FOR_ALLOC freed 374K, 9% free 10165K/11079K, paused 18ms
06-26 23:00:36.441  3103  3591 D dalvikvm: GC_FOR_ALLOC freed 361K, 9% free 10164K/11079K, paused 18ms
06-26 23:00:36.488  3103  3105 D dalvikvm: GC_CONCURRENT freed 384K, 9% free 10166K/11079K, paused 2ms+2ms
06-26 23:00:36.539   334   334 D SAN_SERVICE: *******************************************
06-26 23:00:36.539   334   334 D SAN_SERVICE: DM App Phone Service State - 0
06-26 23:00:36.539   334   334 D SAN_SERVICE: *******************************************
06-26 23:00:36.562  3103  3591 D dalvikvm: GC_FOR_ALLOC freed 369K, 9% free 10168K/11079K, paused 48ms
06-26 23:00:36.601  3103  3591 D dalvikvm: GC_FOR_ALLOC freed 363K, 9% free 10171K/11079K, paused 22ms
06-26 23:00:36.625  3336  3476 D dalvikvm: GC_EXPLICIT freed 457K, 6% free 11915K/12615K, paused 13ms+123ms
06-26 23:00:36.652  3103  3105 D dalvikvm: GC_CONCURRENT freed 388K, 9% free 10171K/11079K, paused 2ms+2ms
06-26 23:00:36.695  3103  3591 D dalvikvm: GC_FOR_ALLOC freed 366K, 9% free 10172K/11079K, paused 21ms
06-26 23:00:36.738  3103  3591 D dalvikvm: GC_FOR_ALLOC freed 363K, 9% free 10175K/11079K, paused 27ms
06-26 23:00:36.769  3336  3336 I ContactLoader: Registering content observer for content://com.android.contacts/contacts/lookup/1988i642cef498cd985f4/79
06-26 23:00:36.785  3336  3336 W AccountTypeManager: Unknown type=com.google, mime=vnd.com.google.cursor.item/contact_misc
06-26 23:00:36.785  3336  3336 W AccountTypeManager: Unknown type=com.google, mime=vnd.android.cursor.item/identity
06-26 23:00:36.828  3103  3105 D dalvikvm: GC_CONCURRENT freed 390K, 9% free 10175K/11079K, paused 30ms+2ms
06-26 23:00:36.871  3103  3591 D dalvikvm: GC_FOR_ALLOC freed 374K, 9% free 10178K/11079K, paused 18ms
06-26 23:00:37.011  3336  3336 D OpenGLRenderer: Flushing caches (mode 0)
06-26 23:00:37.015  3103  3591 D dalvikvm: GC_FOR_ALLOC freed 360K, 9% free 10176K/11079K, paused 131ms
06-26 23:00:37.097  3103  3105 D dalvikvm: GC_CONCURRENT freed 385K, 9% free 10179K/11079K, paused 2ms+9ms
06-26 23:00:37.168  3103  3591 D dalvikvm: GC_FOR_ALLOC freed 374K, 9% free 10182K/11079K, paused 48ms
06-26 23:00:37.207  3103  3591 D dalvikvm: GC_FOR_ALLOC freed 360K, 9% free 10182K/11079K, paused 19ms
06-26 23:00:37.261  3103  3105 D dalvikvm: GC_CONCURRENT freed 387K, 9% free 10183K/11079K, paused 5ms+3ms
06-26 23:00:37.324  3103  3591 D dalvikvm: GC_FOR_ALLOC freed 370K, 9% free 10184K/11079K, paused 20ms
06-26 23:00:37.359  3103  3591 D dalvikvm: GC_FOR_ALLOC freed 362K, 9% free 10188K/11079K, paused 20ms
06-26 23:00:37.410  3103  3105 D dalvikvm: GC_CONCURRENT freed 390K, 9% free 10187K/11079K, paused 2ms+2ms
06-26 23:00:37.457  3103  3591 D dalvikvm: GC_FOR_ALLOC freed 375K, 9% free 10190K/11079K, paused 20ms
06-26 23:00:37.488  3103  3591 D dalvikvm: GC_FOR_ALLOC freed 359K, 9% free 10189K/11079K, paused 20ms
06-26 23:00:37.539  3103  3105 D dalvikvm: GC_CONCURRENT freed 384K, 9% free 10191K/11079K, paused 2ms+2ms
06-26 23:00:37.578  3103  3591 D dalvikvm: GC_FOR_ALLOC freed 375K, 8% free 10194K/11079K, paused 20ms
06-26 23:00:37.621  3103  3591 D dalvikvm: GC_FOR_ALLOC freed 361K, 9% free 10193K/11079K, paused 20ms
06-26 23:00:37.668  3103  3105 D dalvikvm: GC_CONCURRENT freed 384K, 8% free 10195K/11079K, paused 1ms+2ms
06-26 23:00:37.711  3103  3591 D dalvikvm: GC_FOR_ALLOC freed 373K, 8% free 10198K/11079K, paused 19ms
06-26 23:00:37.746  3103  3591 D dalvikvm: GC_FOR_ALLOC freed 360K, 8% free 10197K/11079K, paused 18ms
06-26 23:00:37.797  3103  3105 D dalvikvm: GC_CONCURRENT freed 385K, 8% free 10200K/11079K, paused 3ms+2ms
06-26 23:00:37.836  3103  3591 D dalvikvm: GC_FOR_ALLOC freed 367K, 8% free 10199K/11079K, paused 17ms
06-26 23:00:37.882  3103  3591 D dalvikvm: GC_FOR_ALLOC freed 367K, 8% free 10204K/11079K, paused 21ms
06-26 23:00:37.933  3103  3105 D dalvikvm: GC_CONCURRENT freed 388K, 8% free 10203K/11079K, paused 3ms+3ms
06-26 23:00:37.968  3103  3591 D dalvikvm: GC_FOR_ALLOC freed 373K, 8% free 10206K/11079K, paused 21ms
06-26 23:00:38.011  3103  3591 D dalvikvm: GC_FOR_ALLOC freed 361K, 8% free 10205K/11079K, paused 20ms
06-26 23:00:38.062  3103  3105 D dalvikvm: GC_CONCURRENT freed 385K, 8% free 10207K/11079K, paused 2ms+3ms
06-26 23:00:38.097  3103  3591 D dalvikvm: GC_FOR_ALLOC freed 373K, 8% free 10210K/11079K, paused 20ms
06-26 23:00:38.152  3103  3591 D dalvikvm: GC_FOR_ALLOC freed 361K, 8% free 10210K/11079K, paused 30ms
06-26 23:00:38.218  3103  3105 D dalvikvm: GC_CONCURRENT freed 386K, 8% free 10212K/11079K, paused 2ms+2ms
06-26 23:00:38.226 18999 18999 D wpa_supplicant: wpa_driver_wext_driver_cmd RSSI len = 248
06-26 23:00:38.234 18999 18999 D wpa_supplicant: wpa_driver_wext_driver_cmd raikiri rssi -52  len = 17, 17
06-26 23:00:38.234 18999 18999 D wpa_supplicant: wpa_driver_wext_driver_cmd LINKSPEED len = 248
06-26 23:00:38.234 18999 18999 D wpa_supplicant: wpa_driver_wext_driver_cmd LinkSpeed 39 len = 12, 12
06-26 23:00:38.261  2133  2135 D dalvikvm: GC_CONCURRENT freed 386K, 7% free 9900K/10567K, paused 8ms+7ms
06-26 23:00:38.285  3103  3591 D dalvikvm: GC_FOR_ALLOC freed 372K, 8% free 10215K/11079K, paused 31ms
06-26 23:00:38.324  3103  3591 D dalvikvm: GC_FOR_ALLOC freed 365K, 8% free 10217K/11079K, paused 23ms
06-26 23:00:38.472  3103  3105 D dalvikvm: GC_CONCURRENT freed 433K, 8% free 10280K/11079K, paused 49ms+3ms
06-26 23:00:38.515  3103  3591 D dalvikvm: GC_FOR_ALLOC freed 377K, 8% free 10216K/11079K, paused 21ms
06-26 23:00:38.609  3103  3105 D dalvikvm: GC_CONCURRENT freed 438K, 8% free 10248K/11079K, paused 2ms+4ms
06-26 23:00:38.652  3103  3591 D dalvikvm: GC_FOR_ALLOC freed 381K, 8% free 10218K/11079K, paused 18ms
06-26 23:00:38.750  3103  3105 D dalvikvm: GC_CONCURRENT freed 462K, 8% free 10255K/11079K, paused 2ms+3ms
06-26 23:00:38.789  3103  3591 D dalvikvm: GC_FOR_ALLOC freed 393K, 8% free 10222K/11079K, paused 19ms
06-26 23:00:38.879  3103  3105 D dalvikvm: GC_CONCURRENT freed 412K, 8% free 10294K/11079K, paused 2ms+3ms
06-26 23:00:38.922  3103  3591 D dalvikvm: GC_FOR_ALLOC freed 391K, 8% free 10226K/11079K, paused 18ms
06-26 23:00:38.957  3103  3591 D dalvikvm: GC_FOR_ALLOC freed 386K, 8% free 10222K/11079K, paused 22ms
06-26 23:00:38.988  3103  3591 D dalvikvm: GC_FOR_ALLOC freed 346K, 8% free 10219K/11079K, paused 20ms
06-26 23:00:39.090  3103  3591 D dalvikvm: GC_FOR_ALLOC freed 335K, 8% free 10220K/11079K, paused 91ms
06-26 23:00:39.191  3103  3591 D dalvikvm: GC_FOR_ALLOC freed 367K, 8% free 10221K/11079K, paused 81ms
06-26 23:00:39.390  3103  3105 D dalvikvm: GC_CONCURRENT freed 500K, 8% free 10219K/11079K, paused 3ms+7ms
06-26 23:00:39.453  3103  3591 D dalvikvm: GC_FOR_ALLOC freed 394K, 9% free 10140K/11079K, paused 37ms
06-26 23:00:39.613  3103  3105 D dalvikvm: GC_CONCURRENT freed 399K, 8% free 10245K/11079K, paused 3ms+10ms
06-26 23:00:39.683  3103  3591 D dalvikvm: GC_FOR_ALLOC freed 402K, 9% free 10149K/11079K, paused 36ms
06-26 23:00:39.746  3103  3591 D dalvikvm: GC_FOR_ALLOC freed 380K, 9% free 10137K/11079K, paused 38ms
06-26 23:00:39.863  3103  3105 D dalvikvm: GC_CONCURRENT freed 387K, 8% free 10205K/11079K, paused 2ms+3ms
06-26 23:00:39.894  3103  3591 D dalvikvm: GC_FOR_ALLOC freed 374K, 9% free 10143K/11079K, paused 18ms
06-26 23:00:39.925  3103  3591 D dalvikvm: GC_FOR_ALLOC freed 340K, 9% free 10142K/11079K, paused 17ms
06-26 23:00:39.957  3103  3591 D dalvikvm: GC_FOR_ALLOC freed 366K, 9% free 10142K/11079K, paused 19ms
06-26 23:00:39.984  3103  3591 D dalvikvm: GC_FOR_ALLOC freed 344K, 9% free 10143K/11079K, paused 18ms
06-26 23:00:39.984  3103  3361 D class ch.boye.httpclientandroidlib.impl.conn.tsccm.ThreadSafeClientConnManager: Closing expired connections
06-26 23:00:39.984  3103  3361 D class ch.boye.httpclientandroidlib.impl.conn.tsccm.ConnPoolByRoute: Closing expired connections
06-26 23:00:40.011  3103  3591 D dalvikvm: GC_FOR_ALLOC freed 336K, 9% free 10144K/11079K, paused 17ms
06-26 23:00:40.043  3103  3591 D dalvikvm: GC_FOR_ALLOC freed 367K, 9% free 10145K/11079K, paused 20ms
06-26 23:00:40.105  3103  3105 D dalvikvm: GC_CONCURRENT freed 376K, 9% free 10160K/11079K, paused 2ms+3ms
06-26 23:00:40.132  3103  3591 D dalvikvm: GC_FOR_ALLOC freed 351K, 9% free 10147K/11079K, paused 19ms
06-26 23:00:40.172  3103  3591 D dalvikvm: GC_FOR_ALLOC freed 367K, 9% free 10148K/11079K, paused 19ms
06-26 23:00:40.199  3103  3591 D dalvikvm: GC_FOR_ALLOC freed 345K, 9% free 10148K/11079K, paused 18ms
06-26 23:00:40.222  3103  3591 D dalvikvm: GC_FOR_ALLOC freed 334K, 9% free 10150K/11079K, paused 18ms
06-26 23:00:40.297  3103  3105 D dalvikvm: GC_CONCURRENT freed 440K, 8% free 10212K/11079K, paused 2ms+3ms
06-26 23:00:40.332  3103  3591 D dalvikvm: GC_FOR_ALLOC freed 408K, 9% free 10169K/11079K, paused 18ms
06-26 23:00:40.343  3103  3591 I RecordsChannel: onFetchCompleted. Stopping consumer once stores are done.
06-26 23:00:40.343  3103  3591 I RecordsChannel: Fetch timestamp is 1340766034040
06-26 23:00:40.343  3103  3435 I CRecordConsumer: Consumer is done. Processed 260 records.
06-26 23:00:40.648  3103  3105 D dalvikvm: GC_CONCURRENT freed 428K, 8% free 10196K/11079K, paused 2ms+3ms
06-26 23:00:40.863  3103  3592 I RecordsChannel: onStoreCompleted. Notifying delegate of onFlowCompleted. Fetch end is 1340766034040, store end is 1340766040856
06-26 23:00:40.863  3103  3592 I SynchronizerSession: First RecordsChannel onFlowCompleted.
06-26 23:00:40.879  3103  3592 I SynchronizerSession: Fetch end is 1340766034040. Store end is 1340766040856. Starting next.
06-26 23:00:40.906  3103  3592 I FormHistoryRepoSess: Running fetchSince(0).
06-26 23:00:41.019  3336  3337 D dalvikvm: GC_CONCURRENT freed 1192K, 11% free 11636K/12999K, paused 2ms+9ms
06-26 23:00:41.238 18999 18999 D wpa_supplicant: wpa_driver_wext_driver_cmd RSSI len = 248
06-26 23:00:41.246 18999 18999 D wpa_supplicant: wpa_driver_wext_driver_cmd raikiri rssi -47  len = 17, 17
06-26 23:00:41.246 18999 18999 D wpa_supplicant: wpa_driver_wext_driver_cmd LINKSPEED len = 248
06-26 23:00:41.250 18999 18999 D wpa_supplicant: wpa_driver_wext_driver_cmd LinkSpeed 39 len = 12, 12
06-26 23:00:41.297  3103  3105 D dalvikvm: GC_CONCURRENT freed 493K, 8% free 10225K/11079K, paused 2ms+4ms
06-26 23:00:41.297  3103  3591 I RecordsChannel: onFetchCompleted. Stopping consumer once stores are done.
06-26 23:00:41.297  3103  3591 I RecordsChannel: Fetch timestamp is 1340766040926
06-26 23:00:41.297  3103  3435 I CRecordConsumer: Consumer is done. Processed 0 records.
06-26 23:00:41.316  3103  3594 I RecordsChannel: onStoreCompleted. Notifying delegate of onFlowCompleted. Fetch end is 1340766040926, store end is 0
06-26 23:00:41.316  3103  3594 I SynchronizerSession: Second RecordsChannel onFlowCompleted.
06-26 23:00:41.316  3103  3594 I SynchronizerSession: Fetch end is 1340766040926. Store end is 0. Finishing.
06-26 23:00:41.324  3103  3594 I SynchronizerSession: onFinishSucceeded. Flows? true, true
06-26 23:00:41.324  3103  3594 I SynchronizerSession: onFinishSucceeded: bumping session A's timestamp to 1340766034040 or 0
06-26 23:00:41.324  3103  3594 D RepositorySessionBundle: Setting timestamp on RepositorySessionBundle to 1340766034040
06-26 23:00:41.324  3103  3594 I SynchronizerSession: Finishing session B.
06-26 23:00:41.324  3103  3594 I RepositorySession: Shutting down work queues.
06-26 23:00:41.324  3103  3591 I SynchronizerSession: onFinishSucceeded. Flows? true, true
06-26 23:00:41.328  3103  3591 I SynchronizerSession: onFinishSucceeded: bumping session B's timestamp to 1340766040926 or 1340766040856
06-26 23:00:41.328  3103  3591 D RepositorySessionBundle: Setting timestamp on RepositorySessionBundle to 1340766040926
06-26 23:00:41.328  3103  3591 I SynchronizerSession: Notifying delegate.onSynchronized.
06-26 23:00:41.328  3103  3591 D SyncDelSDelegate: Got onSynchronized.
06-26 23:00:41.328  3103  3591 D SyncDelSDelegate: Notifying SynchronizerDelegate.
06-26 23:00:41.328  3103  3594 I RepositorySession: Shutting down work queues.
06-26 23:00:41.340  3103  3591 I ServerSyncStage: Advancing session.
06-26 23:00:41.347  3103  3591 I SyncAdapter: Stage completed: syncFormHistory
06-26 23:00:41.347  3103  3591 I GlobalSession: Running next stage uploadMetaGlobal (org.mozilla.gecko.sync.stage.UploadMetaGlobalStage@41339f88)...
06-26 23:00:41.347  3103  3591 I GlobalSession: Not uploading updated meta/global record since there are no engines requesting upload.
06-26 23:00:41.347  3103  3591 I SyncAdapter: Stage completed: uploadMetaGlobal
06-26 23:00:41.347  3103  3591 I GlobalSession: Running next stage completed (org.mozilla.gecko.sync.stage.CompletedStage@41403208)...
06-26 23:00:41.347  3103  3591 I SyncAdapter: GlobalSession indicated success.
06-26 23:00:41.347  3103  3591 I SyncAdapter: Prefs target: sync.prefs.4z4c2c64wz4yf3ewnl5u6s4kngeylw6g
06-26 23:00:41.351  3103  3591 I SyncAdapter: Notifying sync monitor.
06-26 23:00:41.359  3103  3358 I SyncAdapter: Setting minimum next sync time to 1340766341352
06-26 23:00:41.433  3103  3361 D class ch.boye.httpclientandroidlib.impl.conn.tsccm.ThreadSafeClientConnManager: Closing expired connections
06-26 23:00:41.433  3103  3361 D class ch.boye.httpclientandroidlib.impl.conn.tsccm.ConnPoolByRoute: Closing expired connections
06-26 23:00:41.433  3103  3361 D class ch.boye.httpclientandroidlib.impl.conn.tsccm.ThreadSafeClientConnManager: Shutting down
06-26 23:00:41.437  3103  3361 D class ch.boye.httpclientandroidlib.impl.conn.DefaultClientConnection: Connection closed
06-26 23:00:41.437  3103  3361 D class ch.boye.httpclientandroidlib.impl.conn.DefaultClientConnection: Connection closed
06-26 23:00:41.437  3103  3361 D class ch.boye.httpclientandroidlib.impl.conn.DefaultClientConnection: Connection closed
06-26 23:00:41.472  3520  3520 D OpenGLRenderer: Flushing caches (mode 1)
06-26 23:00:41.547   142   166 I ActivityManager: Start proc com.google.android.syncadapters.calendar for service com.google.android.syncadapters.calendar/.CalendarSyncAdapterService: pid=3595 uid=10019 gids={3003}
06-26 23:00:41.797   142 18243 I ActivityManager: Start proc com.android.providers.calendar for content provider com.android.providers.calendar/.CalendarProvider2: pid=3611 uid=10006 gids={3003, 1015}
06-26 23:00:41.847  3611  3611 I ActivityThread: Pub com.android.calendar: com.android.providers.calendar.CalendarProvider2
06-26 23:00:42.000  3520  3520 D OpenGLRenderer: Flushing caches (mode 1)
06-26 23:00:42.004  3103  3103 D OpenGLRenderer: Flushing caches (mode 1)
06-26 23:00:42.074  3520  3520 D OpenGLRenderer: Flushing caches (mode 1)
06-26 23:00:42.082  3103  3103 D OpenGLRenderer: Flushing caches (mode 1)
06-26 23:00:42.980  3611  3611 I CalendarProvider2: Sending notification intent: Intent { act=android.intent.action.PROVIDER_CHANGED dat=content://com.android.calendar }
06-26 23:00:42.984  3611  3611 W ContentResolver: Failed to get type for: content://com.android.calendar (Unknown URL content://com.android.calendar)
06-26 23:00:43.078   142   159 I ActivityManager: Start proc com.android.calendar for broadcast com.android.calendar/.widget.CalendarAppWidgetService$CalendarFactory: pid=3629 uid=10005 gids={3003}
06-26 23:00:43.109   142   153 I ActivityManager: Process com.android.settings (pid 2968) has died.
06-26 23:00:43.160  3629  3629 I ActivityThread: Pub com.android.calendar.CalendarRecentSuggestionsProvider: com.android.calendar.CalendarRecentSuggestionsProvider
06-26 23:00:43.187  3595  3599 D dalvikvm: GC_CONCURRENT freed 323K, 5% free 9167K/9607K, paused 157ms+6ms
06-26 23:00:43.504  3103  3103 D OpenGLRenderer: Flushing caches (mode 1)
06-26 23:00:43.531  3520  3520 D OpenGLRenderer: Flushing caches (mode 2)
06-26 23:00:43.750  3611  3613 D dalvikvm: GC_CONCURRENT freed 321K, 5% free 9157K/9607K, paused 2ms+3ms
06-26 23:00:43.914   142   166 I ActivityManager: Start proc com.twitter.android for service com.twitter.android/.platform.TwitterDataSyncService: pid=3647 uid=10064 gids={3003, 1015}
06-26 23:00:43.929  3647  3647 I dalvikvm: Turning on JNI app bug workarounds for target SDK version 11...
06-26 23:00:44.078  3647  3647 I ActivityThread: Pub com.twitter.android.provider.GlobalDatabaseProvider: com.twitter.android.provider.GlobalDatabaseProvider
06-26 23:00:44.086  3647  3647 I ActivityThread: Pub com.twitter.android.provider.TwitterProvider: com.twitter.android.provider.TwitterProvider
06-26 23:00:44.168  3647  3660 D dalvikvm: GC_FOR_ALLOC freed 128K, 3% free 9262K/9479K, paused 19ms
06-26 23:00:44.254 18999 18999 D wpa_supplicant: wpa_driver_wext_driver_cmd RSSI len = 248
06-26 23:00:44.261 18999 18999 D wpa_supplicant: wpa_driver_wext_driver_cmd raikiri rssi -47  len = 17, 17
06-26 23:00:44.261 18999 18999 D wpa_supplicant: wpa_driver_wext_driver_cmd LINKSPEED len = 248
06-26 23:00:44.261 18999 18999 D wpa_supplicant: wpa_driver_wext_driver_cmd LinkSpeed 39 len = 12, 12
06-26 23:00:44.355  3647  3649 D dalvikvm: GC_CONCURRENT freed 180K, 4% free 9493K/9799K, paused 4ms+1ms
06-26 23:00:44.504  3647  3649 D dalvikvm: GC_CONCURRENT freed 302K, 5% free 9623K/10055K, paused 2ms+2ms
06-26 23:00:44.609  3336  3337 D dalvikvm: GC_CONCURRENT freed 810K, 11% free 11657K/12999K, paused 2ms+6ms
06-26 23:00:44.859  3647  3649 D dalvikvm: GC_CONCURRENT freed 301K, 5% free 9754K/10183K, paused 2ms+2ms
06-26 23:00:45.090  3647  3649 D dalvikvm: GC_CONCURRENT freed 309K, 5% free 9881K/10311K, paused 2ms+8ms
06-26 23:00:45.324  3647  3649 D dalvikvm: GC_CONCURRENT freed 299K, 5% free 10012K/10439K, paused 2ms+3ms
06-26 23:00:45.535  3647  3649 D dalvikvm: GC_CONCURRENT freed 301K, 5% free 10142K/10567K, paused 3ms+2ms
06-26 23:00:45.652  3647  3649 D dalvikvm: GC_CONCURRENT freed 298K, 4% free 10270K/10695K, paused 2ms+2ms
06-26 23:00:45.828  3647  3649 D dalvikvm: GC_CONCURRENT freed 492K, 6% free 10214K/10823K, paused 2ms+2ms
06-26 23:00:45.957  3647  3649 D dalvikvm: GC_CONCURRENT freed 318K, 5% free 10295K/10823K, paused 2ms+2ms
06-26 23:00:46.101  3647  3649 D dalvikvm: GC_CONCURRENT freed 330K, 5% free 10379K/10823K, paused 2ms+2ms
06-26 23:00:46.238  3647  3649 D dalvikvm: GC_CONCURRENT freed 359K, 5% free 10469K/10951K, paused 1ms+2ms
06-26 23:00:46.375  3647  3649 D dalvikvm: GC_CONCURRENT freed 349K, 5% free 10547K/11015K, paused 2ms+2ms
06-26 23:00:46.500  3647  3649 D dalvikvm: GC_CONCURRENT freed 333K, 5% free 10630K/11079K, paused 2ms+2ms
06-26 23:00:46.640  3647  3649 D dalvikvm: GC_CONCURRENT freed 365K, 5% free 10717K/11207K, paused 1ms+2ms
06-26 23:00:46.773  3647  3649 D dalvikvm: GC_CONCURRENT freed 403K, 5% free 10812K/11335K, paused 2ms+2ms
06-26 23:00:47.265 18999 18999 D wpa_supplicant: wpa_driver_wext_driver_cmd RSSI len = 248
06-26 23:00:47.265 18999 18999 D wpa_supplicant: wpa_driver_wext_driver_cmd raikiri rssi -45  len = 17, 17
06-26 23:00:47.265 18999 18999 D wpa_supplicant: wpa_driver_wext_driver_cmd LINKSPEED len = 248
06-26 23:00:47.265 18999 18999 D wpa_supplicant: wpa_driver_wext_driver_cmd LinkSpeed 39 len = 12, 12
06-26 23:00:47.894  3336  3473 D dalvikvm: GC_FOR_ALLOC freed 351K, 9% free 11925K/12999K, paused 34ms
06-26 23:00:48.203  2864  2866 D dalvikvm: GC_CONCURRENT freed 308K, 9% free 9601K/10439K, paused 2ms+9ms
06-26 23:00:48.242  3336  3336 D dalvikvm: GC_FOR_ALLOC freed 354K, 9% free 11907K/12999K, paused 26ms
06-26 23:00:48.394  3647  3649 D dalvikvm: GC_CONCURRENT freed 346K, 5% free 10998K/11463K, paused 9ms+2ms
06-26 23:00:50.269 18999 18999 D wpa_supplicant: wpa_driver_wext_driver_cmd RSSI len = 248
06-26 23:00:50.277 18999 18999 D wpa_supplicant: wpa_driver_wext_driver_cmd raikiri rssi -45  len = 17, 17
06-26 23:00:50.277 18999 18999 D wpa_supplicant: wpa_driver_wext_driver_cmd LINKSPEED len = 248
06-26 23:00:50.277 18999 18999 D wpa_supplicant: wpa_driver_wext_driver_cmd LinkSpeed 5 len = 11, 11
06-26 23:00:51.129   142   166 I ActivityManager: Start proc com.google.android.gm for service com.google.android.gm/.provider.MailSyncAdapterService: pid=3666 uid=10018 gids={3003, 1015}
06-26 23:00:51.234  3666  3666 I ActivityThread: Pub gmail-ls: com.google.android.gm.provider.MailProvider
06-26 23:00:51.269  3666  3666 I ActivityThread: Pub com.google.android.gm: com.google.android.gm.provider.PublicContentProvider
06-26 23:00:51.277  3666  3666 I ActivityThread: Pub com.google.android.gmail.SuggestionProvider: com.google.android.gm.SuggestionsProvider
06-26 23:00:51.531   142   355 I ActivityManager: Process com.google.android.apps.maps:LocationFriendService (pid 3375) has died.
06-26 23:00:51.609  3647  3649 D dalvikvm: GC_CONCURRENT freed 460K, 6% free 11191K/11783K, paused 2ms+6ms
06-26 23:00:53.125  3666  3669 D dalvikvm: GC_CONCURRENT freed 234K, 4% free 9244K/9607K, paused 10ms+2ms
06-26 23:00:53.257  3666  3669 D dalvikvm: GC_CONCURRENT freed 227K, 4% free 9497K/9799K, paused 2ms+2ms
06-26 23:00:53.281 18999 18999 D wpa_supplicant: wpa_driver_wext_driver_cmd RSSI len = 248
06-26 23:00:53.289 18999 18999 D wpa_supplicant: wpa_driver_wext_driver_cmd raikiri rssi -37  len = 17, 17
06-26 23:00:53.289 18999 18999 D wpa_supplicant: wpa_driver_wext_driver_cmd LINKSPEED len = 248
06-26 23:00:53.289 18999 18999 D wpa_supplicant: wpa_driver_wext_driver_cmd LinkSpeed 5 len = 11, 11
06-26 23:00:53.691  3666  3684 I Gmail   : calculateUnknownSyncRationalesAndPurgeInBackground: queueing
06-26 23:00:54.507  3666  3684 I Gmail   : calculateUnknownSyncRationalesAndPurgeInBackground: queueing
06-26 23:00:54.519  3666  3683 I Gmail   : MainSyncRequestProto: lowestBkwdConvoId: 0, highestHandledServerOp: 3273354, normalSync: true
06-26 23:00:54.578  3666  3669 D dalvikvm: GC_CONCURRENT freed 535K, 7% free 9387K/10055K, paused 2ms+3ms
06-26 23:00:54.781  3666  3669 D dalvikvm: GC_CONCURRENT freed 243K, 6% free 9551K/10055K, paused 2ms+3ms
06-26 23:00:54.859  3666  3684 I Gmail   : calculateUnknownSyncRationalesAndPurgeInBackground: running
06-26 23:00:54.910  3666  3684 I Gmail   : calculateUnknownSyncRationalesAndPurgeInBackground: running
06-26 23:00:54.914  3666  3669 D dalvikvm: GC_CONCURRENT freed 583K, 8% free 9410K/10119K, paused 2ms+2ms
06-26 23:00:56.293 18999 18999 D wpa_supplicant: wpa_driver_wext_driver_cmd RSSI len = 248
06-26 23:00:56.300 18999 18999 D wpa_supplicant: wpa_driver_wext_driver_cmd raikiri rssi -33  len = 17, 17
06-26 23:00:56.300 18999 18999 D wpa_supplicant: wpa_driver_wext_driver_cmd LINKSPEED len = 248
06-26 23:00:56.300 18999 18999 D wpa_supplicant: wpa_driver_wext_driver_cmd LinkSpeed 5 len = 11, 11
06-26 23:00:56.562  3666  3669 D dalvikvm: GC_CONCURRENT freed 301K, 7% free 9493K/10119K, paused 1ms+2ms
06-26 23:00:56.691  3666  3683 D dalvikvm: GC_EXPLICIT freed 182K, 7% free 9484K/10119K, paused 2ms+2ms
06-26 23:00:56.718  3666  3683 I Gmail   : MainSyncRequestProto: lowestBkwdConvoId: 0, highestHandledServerOp: 3273387, normalSync: true
06-26 23:00:56.953  3666  3669 D dalvikvm: GC_CONCURRENT freed 257K, 5% free 9647K/10119K, paused 1ms+5ms
06-26 23:00:57.039   334   334 D SAN_SERVICE: *******************************************
06-26 23:00:57.039   334   334 D SAN_SERVICE: DM App Phone Service State - 0
06-26 23:00:57.039   334   334 D SAN_SERVICE: *******************************************
06-26 23:00:57.105   142   158 D dalvikvm: GC_EXPLICIT freed 655K, 30% free 16334K/23239K, paused 16ms+8ms
06-26 23:00:57.625   334   334 D SAN_SERVICE: *******************************************
06-26 23:00:57.625   334   334 D SAN_SERVICE: DM App Phone Service State - 0
06-26 23:00:57.625   334   334 D SAN_SERVICE: *******************************************
06-26 23:00:59.304 18999 18999 D wpa_supplicant: wpa_driver_wext_driver_cmd RSSI len = 248
06-26 23:00:59.316 18999 18999 D wpa_supplicant: wpa_driver_wext_driver_cmd raikiri rssi -37  len = 17, 17
06-26 23:00:59.316 18999 18999 D wpa_supplicant: wpa_driver_wext_driver_cmd LINKSPEED len = 248
06-26 23:00:59.320 18999 18999 D wpa_supplicant: wpa_driver_wext_driver_cmd LinkSpeed 5 len = 11, 11
06-26 23:00:59.504  2620  2623 D dalvikvm: GC_CONCURRENT freed 631K, 11% free 10680K/11911K, paused 8ms+3ms
06-26 23:01:00.011 18999 18999 D wpa_supplicant: wpa_driver_wext_driver_cmd SETSUSPENDOPT 0 len = 4096
06-26 23:01:00.011 18999 18999 D wpa_supplicant: wpa_driver_wext_driver_cmd SETSUSPENDOPT 0 len = 0, 15
06-26 23:01:00.011 18999 18999 D wpa_supplicant: wpa_driver_wext_driver_cmd POWERMODE 0 len = 4096
06-26 23:01:00.023 18999 18999 D wpa_supplicant: wpa_driver_wext_driver_cmd OK len = 0, 2
06-26 23:01:00.062 18999 18999 D wpa_supplicant: WPS: Building WPS IE for Probe Request
06-26 23:01:00.062 18999 18999 D wpa_supplicant: WPS:  * Version (hardcoded 0x10)
06-26 23:01:00.062 18999 18999 D wpa_supplicant: WPS:  * Request Type
06-26 23:01:00.062 18999 18999 D wpa_supplicant: WPS:  * Config Methods (2388)
06-26 23:01:00.062 18999 18999 D wpa_supplicant: WPS:  * UUID-E
06-26 23:01:00.062 18999 18999 D wpa_supplicant: WPS:  * Primary Device Type
06-26 23:01:00.062 18999 18999 D wpa_supplicant: WPS:  * RF Bands (3)
06-26 23:01:00.062 18999 18999 D wpa_supplicant: WPS:  * Association State
06-26 23:01:00.062 18999 18999 D wpa_supplicant: WPS:  * Configuration Error (0)
06-26 23:01:00.062 18999 18999 D wpa_supplicant: WPS:  * Device Password ID (0)
06-26 23:01:00.062 18999 18999 D wpa_supplicant: WPS:  * Manufacturer
06-26 23:01:00.062 18999 18999 D wpa_supplicant: WPS:  * Model Name
06-26 23:01:00.062 18999 18999 D wpa_supplicant: WPS:  * Model Number
06-26 23:01:00.062 18999 18999 D wpa_supplicant: WPS:  * Device Name
06-26 23:01:00.062 18999 18999 D wpa_supplicant: WPS:  * Version2 (0x20)
06-26 23:01:00.066 18999 18999 D wpa_supplicant: wpa_driver_wext_combo_scan: Start
06-26 23:01:00.066 18999 18999 D wpa_supplicant: For Scan: (null)
06-26 23:01:00.074 18999 18999 D wpa_supplicant: Scan requested (ret=0) - scan timeout 30 seconds
06-26 23:01:00.168  2620  2623 D dalvikvm: GC_CONCURRENT freed 137K, 8% free 10972K/11911K, paused 2ms+4ms
06-26 23:01:00.457  2620  2623 D dalvikvm: GC_CONCURRENT freed 351K, 7% free 11143K/11911K, paused 2ms+6ms
06-26 23:01:00.812  2620  2623 D dalvikvm: GC_CONCURRENT freed 579K, 6% free 11198K/11911K, paused 2ms+8ms
06-26 23:01:01.238 18999 18999 D wpa_supplicant: RTM_NEWLINK: operstate=1 ifi_flags=0x11043 ([UP][RUNNING][LOWER_UP])
06-26 23:01:01.238 18999 18999 D wpa_supplicant: RTM_NEWLINK, IFLA_IFNAME: Interface 'wlan0' added
06-26 23:01:01.238 18999 18999 D wpa_supplicant: Wireless event: cmd=0x8b19 len=8
06-26 23:01:01.238 18999 18999 D wpa_supplicant: Received 1818 bytes of scan results (8 BSSes)
06-26 23:01:01.437   142   142 I ActivityManager: Start proc com.google.android.apps.maps:LocationFriendService for service com.google.android.apps.maps/com.google.googlenav.friend.reporting.LocationReceiverService: pid=3694 uid=10056 gids={3003, 1015}
06-26 23:01:01.445 18999 18999 D wpa_supplicant: wpa_driver_wext_driver_cmd SETSUSPENDOPT 0 len = 4096
06-26 23:01:01.445 18999 18999 D wpa_supplicant: wpa_driver_wext_driver_cmd SETSUSPENDOPT 0 len = 0, 15
06-26 23:01:01.445 18999 18999 D wpa_supplicant: wpa_driver_wext_driver_cmd POWERMODE 0 len = 4096
06-26 23:01:01.453 18999 18999 D wpa_supplicant: wpa_driver_wext_driver_cmd OK len = 0, 2
06-26 23:01:01.640  3694  3697 D dalvikvm: GC_CONCURRENT freed 165K, 3% free 9370K/9607K, paused 4ms+2ms
06-26 23:01:02.129  2864  3440 D dalvikvm: GC_EXPLICIT freed 209K, 10% free 9477K/10439K, paused 5ms+8ms
06-26 23:01:02.183  3694  3697 D dalvikvm: GC_CONCURRENT freed 151K, 3% free 9658K/9927K, paused 37ms+2ms
06-26 23:01:02.332 18999 18999 D wpa_supplicant: wpa_driver_wext_driver_cmd RSSI len = 248
06-26 23:01:02.340 18999 18999 D wpa_supplicant: wpa_driver_wext_driver_cmd raikiri rssi -34  len = 17, 17
06-26 23:01:02.340 18999 18999 D wpa_supplicant: wpa_driver_wext_driver_cmd LINKSPEED len = 248
06-26 23:01:02.340 18999 18999 D wpa_supplicant: wpa_driver_wext_driver_cmd LinkSpeed 5 len = 11, 11
06-26 23:01:02.590 32629 32630 D dalvikvm: GC_CONCURRENT freed 322K, 6% free 10275K/10823K, paused 21ms+6ms
06-26 23:01:02.742  3694  3697 D dalvikvm: GC_CONCURRENT freed 246K, 4% free 9871K/10247K, paused 2ms+6ms
06-26 23:01:03.000  3336  3473 D dalvikvm: GC_FOR_ALLOC freed 404K, 9% free 11927K/12999K, paused 22ms
06-26 23:01:03.910 32629 32633 I dalvikvm: Jit: resizing JitTable from 4096 to 8192
06-26 23:01:04.675 32629 32630 D dalvikvm: GC_CONCURRENT freed 400K, 5% free 10291K/10823K, paused 2ms+3ms
06-26 23:01:05.343 18999 18999 D wpa_supplicant: wpa_driver_wext_driver_cmd RSSI len = 248
06-26 23:01:05.355 18999 18999 D wpa_supplicant: wpa_driver_wext_driver_cmd raikiri rssi -34  len = 17, 17
06-26 23:01:05.359 18999 18999 D wpa_supplicant: wpa_driver_wext_driver_cmd LINKSPEED len = 248
06-26 23:01:05.359 18999 18999 D wpa_supplicant: wpa_driver_wext_driver_cmd LinkSpeed 6 len = 11, 11
06-26 23:01:05.457  2864  2866 D dalvikvm: GC_CONCURRENT freed 299K, 9% free 9566K/10439K, paused 2ms+4ms
06-26 23:01:05.859  3336  3473 D dalvikvm: GC_FOR_ALLOC freed 694K, 11% free 11687K/12999K, paused 54ms
06-26 23:01:06.340   142   166 I ActivityManager: Start proc com.whatsapp:contacts for service com.whatsapp/.accountsync.ContactsSyncAdapterService: pid=3723 uid=10068 gids={1015, 3003}
06-26 23:01:06.359  3723  3723 I dalvikvm: Turning on JNI app bug workarounds for target SDK version 7...
06-26 23:01:06.722  3723  3726 D dalvikvm: GC_CONCURRENT freed 170K, 3% free 9365K/9607K, paused 2ms+2ms
06-26 23:01:07.054  2133  2135 D dalvikvm: GC_CONCURRENT freed 369K, 7% free 9915K/10567K, paused 2ms+4ms
06-26 23:01:07.125  3009  3011 D dalvikvm: GC_CONCURRENT freed 310K, 5% free 9160K/9543K, paused 8ms+2ms
06-26 23:01:07.769 32629 32630 D dalvikvm: GC_CONCURRENT freed 354K, 5% free 10340K/10823K, paused 6ms+4ms
06-26 23:01:08.371 18999 18999 D wpa_supplicant: wpa_driver_wext_driver_cmd RSSI len = 248
06-26 23:01:08.379 18999 18999 D wpa_supplicant: wpa_driver_wext_driver_cmd raikiri rssi -34  len = 17, 17
06-26 23:01:08.382 18999 18999 D wpa_supplicant: wpa_driver_wext_driver_cmd LINKSPEED len = 248
06-26 23:01:08.382 18999 18999 D wpa_supplicant: wpa_driver_wext_driver_cmd LinkSpeed 6 len = 11, 11
06-26 23:01:08.851  3027  3741 D PicasaSyncService: start sync on lokeshmandvekar@gmail.com
06-26 23:01:08.933  3027  3741 D PicasaSyncManager: perform sync task: MetadataSyncTask (lokeshmandvekar@gmail.com)
06-26 23:01:11.394 18999 18999 D wpa_supplicant: wpa_driver_wext_driver_cmd RSSI len = 248
06-26 23:01:11.402 18999 18999 D wpa_supplicant: wpa_driver_wext_driver_cmd raikiri rssi -35  len = 17, 17
06-26 23:01:11.402 18999 18999 D wpa_supplicant: wpa_driver_wext_driver_cmd LINKSPEED len = 248
06-26 23:01:11.406 18999 18999 D wpa_supplicant: wpa_driver_wext_driver_cmd LinkSpeed 6 len = 11, 11
06-26 23:01:14.410 18999 18999 D wpa_supplicant: wpa_driver_wext_driver_cmd RSSI len = 248
06-26 23:01:14.422 18999 18999 D wpa_supplicant: wpa_driver_wext_driver_cmd raikiri rssi -35  len = 17, 17
06-26 23:01:14.422 18999 18999 D wpa_supplicant: wpa_driver_wext_driver_cmd LINKSPEED len = 248
06-26 23:01:14.425 18999 18999 D wpa_supplicant: wpa_driver_wext_driver_cmd LinkSpeed 6 len = 11, 11
06-26 23:01:16.593  3027  3030 D dalvikvm: GC_CONCURRENT freed 940K, 18% free 12370K/14983K, paused 25ms+8ms
06-26 23:01:17.433 18999 18999 D wpa_supplicant: wpa_driver_wext_driver_cmd RSSI len = 248
06-26 23:01:17.441 18999 18999 D wpa_supplicant: wpa_driver_wext_driver_cmd raikiri rssi -33  len = 17, 17
06-26 23:01:17.441 18999 18999 D wpa_supplicant: wpa_driver_wext_driver_cmd LINKSPEED len = 248
06-26 23:01:17.445 18999 18999 D wpa_supplicant: wpa_driver_wext_driver_cmd LinkSpeed 13 len = 12, 12
06-26 23:01:20.453 18999 18999 D wpa_supplicant: wpa_driver_wext_driver_cmd RSSI len = 248
06-26 23:01:20.461 18999 18999 D wpa_supplicant: wpa_driver_wext_driver_cmd raikiri rssi -33  len = 17, 17
06-26 23:01:20.461 18999 18999 D wpa_supplicant: wpa_driver_wext_driver_cmd LINKSPEED len = 248
06-26 23:01:20.465 18999 18999 D wpa_supplicant: wpa_driver_wext_driver_cmd LinkSpeed 13 len = 12, 12
06-26 23:01:23.480 18999 18999 D wpa_supplicant: wpa_driver_wext_driver_cmd RSSI len = 248
06-26 23:01:23.496 18999 18999 D wpa_supplicant: wpa_driver_wext_driver_cmd raikiri rssi -33  len = 17, 17
06-26 23:01:23.496 18999 18999 D wpa_supplicant: wpa_driver_wext_driver_cmd LINKSPEED len = 248
06-26 23:01:23.500 18999 18999 D wpa_supplicant: wpa_driver_wext_driver_cmd LinkSpeed 13 len = 12, 12
06-26 23:01:26.511 18999 18999 D wpa_supplicant: wpa_driver_wext_driver_cmd RSSI len = 248
06-26 23:01:26.523 18999 18999 D wpa_supplicant: wpa_driver_wext_driver_cmd raikiri rssi -31  len = 17, 17
06-26 23:01:26.523 18999 18999 D wpa_supplicant: wpa_driver_wext_driver_cmd LINKSPEED len = 248
06-26 23:01:26.523 18999 18999 D wpa_supplicant: wpa_driver_wext_driver_cmd LinkSpeed 13 len = 12, 12
06-26 23:01:26.890  3027  3741 D PicasaSyncManager: perform sync task: PrefetchFullImage (lokeshmandvekar@gmail.com)
06-26 23:01:28.054  3027  3741 D PicasaSyncManager: perform sync task: PrefetchAlbumCover (lokeshmandvekar@gmail.com)
06-26 23:01:28.953  3027  3741 D PicasaSyncManager: perform sync task: PrefetchScreenNail (lokeshmandvekar@gmail.com)
06-26 23:01:29.129  3027  3741 D PicasaSyncService: sync finished
06-26 23:01:29.531 18999 18999 D wpa_supplicant: wpa_driver_wext_driver_cmd RSSI len = 248
06-26 23:01:29.539 18999 18999 D wpa_supplicant: wpa_driver_wext_driver_cmd raikiri rssi -33  len = 17, 17
06-26 23:01:29.539 18999 18999 D wpa_supplicant: wpa_driver_wext_driver_cmd LINKSPEED len = 248
06-26 23:01:29.543 18999 18999 D wpa_supplicant: wpa_driver_wext_driver_cmd LinkSpeed 13 len = 12, 12
06-26 23:01:30.144  3027  3030 D dalvikvm: GC_CONCURRENT freed 946K, 18% free 12429K/14983K, paused 62ms+6ms
06-26 23:01:31.386  3027  3030 D dalvikvm: GC_CONCURRENT freed 969K, 17% free 12491K/14983K, paused 2ms+3ms
06-26 23:01:32.547 18999 18999 D wpa_supplicant: wpa_driver_wext_driver_cmd RSSI len = 248
06-26 23:01:32.566 18999 18999 D wpa_supplicant: wpa_driver_wext_driver_cmd raikiri rssi -31  len = 17, 17
06-26 23:01:32.566 18999 18999 D wpa_supplicant: wpa_driver_wext_driver_cmd LINKSPEED len = 248
06-26 23:01:32.566 18999 18999 D wpa_supplicant: wpa_driver_wext_driver_cmd LinkSpeed 13 len = 12, 12
06-26 23:01:35.574 18999 18999 D wpa_supplicant: wpa_driver_wext_driver_cmd RSSI len = 248
06-26 23:01:35.582 18999 18999 D wpa_supplicant: wpa_driver_wext_driver_cmd raikiri rssi -37  len = 17, 17
06-26 23:01:35.582 18999 18999 D wpa_supplicant: wpa_driver_wext_driver_cmd LINKSPEED len = 248
06-26 23:01:35.582 18999 18999 D wpa_supplicant: wpa_driver_wext_driver_cmd LinkSpeed 19 len = 12, 12
06-26 23:01:36.597  3027  3030 D dalvikvm: GC_CONCURRENT freed 1130K, 18% free 12398K/14983K, paused 6ms+5ms
06-26 23:01:38.586 18999 18999 D wpa_supplicant: wpa_driver_wext_driver_cmd RSSI len = 248
06-26 23:01:38.597 18999 18999 D wpa_supplicant: wpa_driver_wext_driver_cmd raikiri rssi -33  len = 17, 17
06-26 23:01:38.597 18999 18999 D wpa_supplicant: wpa_driver_wext_driver_cmd LINKSPEED len = 248
06-26 23:01:38.601 18999 18999 D wpa_supplicant: wpa_driver_wext_driver_cmd LinkSpeed 26 len = 12, 12
06-26 23:01:41.609 18999 18999 D wpa_supplicant: wpa_driver_wext_driver_cmd RSSI len = 248
06-26 23:01:41.621 18999 18999 D wpa_supplicant: wpa_driver_wext_driver_cmd raikiri rssi -39  len = 17, 17
06-26 23:01:41.621 18999 18999 D wpa_supplicant: wpa_driver_wext_driver_cmd LINKSPEED len = 248
06-26 23:01:41.625 18999 18999 D wpa_supplicant: wpa_driver_wext_driver_cmd LinkSpeed 39 len = 12, 12
06-26 23:01:42.172  3027  3744 D dalvikvm: GC_FOR_ALLOC freed 618K, 16% free 12717K/14983K, paused 138ms
06-26 23:01:42.648  3027  3030 D dalvikvm: GC_CONCURRENT freed 988K, 15% free 12865K/14983K, paused 2ms+4ms
06-26 23:01:43.230  3027  3030 D dalvikvm: GC_CONCURRENT freed 537K, 11% free 13483K/14983K, paused 2ms+4ms
06-26 23:01:44.105  3666  3669 D dalvikvm: GC_CONCURRENT freed 538K, 7% free 9544K/10183K, paused 9ms+4ms
06-26 23:01:44.472   142   970 D dalvikvm: GC_EXPLICIT freed 786K, 30% free 16335K/23239K, paused 16ms+7ms
06-26 23:01:44.632 18999 18999 D wpa_supplicant: wpa_driver_wext_driver_cmd RSSI len = 248
06-26 23:01:44.640 18999 18999 D wpa_supplicant: wpa_driver_wext_driver_cmd raikiri rssi -36  len = 17, 17
06-26 23:01:44.640 18999 18999 D wpa_supplicant: wpa_driver_wext_driver_cmd LINKSPEED len = 248
06-26 23:01:44.640 18999 18999 D wpa_supplicant: wpa_driver_wext_driver_cmd LinkSpeed 58 len = 12, 12
06-26 23:01:47.422  2620  2623 D dalvikvm: GC_CONCURRENT freed 1111K, 10% free 10856K/12039K, paused 57ms+103ms
06-26 23:01:47.644 18999 18999 D wpa_supplicant: wpa_driver_wext_driver_cmd RSSI len = 248
06-26 23:01:47.652 18999 18999 D wpa_supplicant: wpa_driver_wext_driver_cmd raikiri rssi -33  len = 17, 17
06-26 23:01:47.652 18999 18999 D wpa_supplicant: wpa_driver_wext_driver_cmd LINKSPEED len = 248
06-26 23:01:47.652 18999 18999 D wpa_supplicant: wpa_driver_wext_driver_cmd LinkSpeed 58 len = 12, 12
06-26 23:01:48.402  3027  3030 D dalvikvm: GC_CONCURRENT freed 1352K, 10% free 13495K/14983K, paused 110ms+4ms
06-26 23:01:50.656 18999 18999 D wpa_supplicant: wpa_driver_wext_driver_cmd RSSI len = 248
06-26 23:01:50.664 18999 18999 D wpa_supplicant: wpa_driver_wext_driver_cmd raikiri rssi -34  len = 17, 17
06-26 23:01:50.664 18999 18999 D wpa_supplicant: wpa_driver_wext_driver_cmd LINKSPEED len = 248
06-26 23:01:50.664 18999 18999 D wpa_supplicant: wpa_driver_wext_driver_cmd LinkSpeed 58 len = 12, 12
06-26 23:01:51.457  3666  3746 W Gmail   : Successful index run, cancel next scheduled index run
06-26 23:01:51.890  3027  3030 D dalvikvm: GC_CONCURRENT freed 2006K, 14% free 12945K/15047K, paused 20ms+3ms
06-26 23:01:53.207  3103  3752 I SyncAdapter: Not syncing: must wait another 228143ms.
06-26 23:01:53.668 18999 18999 D wpa_supplicant: wpa_driver_wext_driver_cmd RSSI len = 248
06-26 23:01:53.675 18999 18999 D wpa_supplicant: wpa_driver_wext_driver_cmd raikiri rssi -37  len = 17, 17
06-26 23:01:53.675 18999 18999 D wpa_supplicant: wpa_driver_wext_driver_cmd LINKSPEED len = 248
06-26 23:01:53.675 18999 18999 D wpa_supplicant: wpa_driver_wext_driver_cmd LinkSpeed 58 len = 12, 12
06-26 23:01:54.007  2864  2866 D dalvikvm: GC_CONCURRENT freed 374K, 9% free 9579K/10439K, paused 2ms+37ms
06-26 23:01:54.797  2864  2960 D dalvikvm: GC_EXPLICIT freed 136K, 10% free 9475K/10439K, paused 2ms+9ms
06-26 23:01:55.058  3336  3337 D dalvikvm: GC_CONCURRENT freed 759K, 10% free 11766K/12999K, paused 2ms+3ms
06-26 23:01:55.203 32629  3753 D dalvikvm: GC_EXPLICIT freed 321K, 5% free 10369K/10823K, paused 9ms+4ms
06-26 23:01:55.636  3103  3754 I SyncAdapter: Not syncing: must wait another 225713ms.
06-26 23:01:56.476  2601  2614 I PhoneLab-: Service Running
06-26 23:01:56.679 18999 18999 D wpa_supplicant: wpa_driver_wext_driver_cmd RSSI len = 248
06-26 23:01:56.687 18999 18999 D wpa_supplicant: wpa_driver_wext_driver_cmd raikiri rssi -36  len = 17, 17
06-26 23:01:56.687 18999 18999 D wpa_supplicant: wpa_driver_wext_driver_cmd LINKSPEED len = 248
06-26 23:01:56.687 18999 18999 D wpa_supplicant: wpa_driver_wext_driver_cmd LinkSpeed 58 len = 12, 12
06-26 23:01:56.730  2601  2614 I PhoneLab-LoggerService: app_37    1165  1     2184   1744  c00f181c 400107b4 S logcat
06-26 23:01:56.730  2601  2614 I PhoneLab-LoggerService: Logcat pid from database 1165
06-26 23:01:56.730  2601  2614 I PhoneLab-LoggerService: Logcat process found 1165
06-26 23:01:56.730  2601  2614 I PhoneLab-LoggerService: Checking Threshold
06-26 23:01:56.730  2601  2614 I PhoneLab-LoggerService: Starting to rename files
06-26 23:01:56.734  2601  2614 I PhoneLab-LoggerService: Files found .. 2
06-26 23:01:56.734  2601  2614 I PhoneLab-LoggerService: File 1 log.out.1
06-26 23:01:56.742  2601  2614 I PhoneLab-LoggerService: Renamed successfully
06-26 23:01:57.340  3595  3599 D dalvikvm: GC_CONCURRENT freed 329K, 5% free 9278K/9735K, paused 13ms+2ms
06-26 23:01:58.019  3027  3030 D dalvikvm: GC_CONCURRENT freed 1735K, 18% free 12393K/15047K, paused 2ms+3ms
06-26 23:01:58.265  3027  3335 D dalvikvm: GC_EXPLICIT freed 468K, 18% free 12399K/15047K, paused 4ms+4ms
06-26 23:01:58.804  2864  2866 D dalvikvm: GC_CONCURRENT freed 283K, 9% free 9578K/10439K, paused 1ms+3ms
06-26 23:01:59.691 18999 18999 D wpa_supplicant: wpa_driver_wext_driver_cmd RSSI len = 248
06-26 23:01:59.699 18999 18999 D wpa_supplicant: wpa_driver_wext_driver_cmd raikiri rssi -33  len = 17, 17
06-26 23:01:59.699 18999 18999 D wpa_supplicant: wpa_driver_wext_driver_cmd LINKSPEED len = 248
06-26 23:01:59.699 18999 18999 D wpa_supplicant: wpa_driver_wext_driver_cmd LinkSpeed 58 len = 12, 12
06-26 23:01:59.789  2133  2135 D dalvikvm: GC_CONCURRENT freed 336K, 6% free 9968K/10567K, paused 3ms+14ms
06-26 23:02:00.336   142   970 D dalvikvm: GC_EXPLICIT freed 405K, 30% free 16311K/23239K, paused 18ms+7ms
06-26 23:02:00.340 18999 18999 D wpa_supplicant: wpa_driver_wext_driver_cmd SETSUSPENDOPT 0 len = 4096
06-26 23:02:00.340 18999 18999 D wpa_supplicant: wpa_driver_wext_driver_cmd SETSUSPENDOPT 0 len = 0, 15
06-26 23:02:00.340 18999 18999 D wpa_supplicant: wpa_driver_wext_driver_cmd POWERMODE 0 len = 4096
06-26 23:02:00.347 18999 18999 D wpa_supplicant: wpa_driver_wext_driver_cmd OK len = 0, 2
06-26 23:02:00.484 18999 18999 D wpa_supplicant: wpa_driver_wext_driver_cmd SETSUSPENDOPT 0 len = 4096
06-26 23:02:00.484 18999 18999 D wpa_supplicant: wpa_driver_wext_driver_cmd SETSUSPENDOPT 0 len = 0, 15
06-26 23:02:00.484 18999 18999 D wpa_supplicant: wpa_driver_wext_driver_cmd POWERMODE 0 len = 4096
06-26 23:02:00.496 18999 18999 D wpa_supplicant: wpa_driver_wext_driver_cmd OK len = 0, 2
06-26 23:02:00.515 18999 18999 D wpa_supplicant: WPS: Building WPS IE for Probe Request
06-26 23:02:00.515 18999 18999 D wpa_supplicant: WPS:  * Version (hardcoded 0x10)
06-26 23:02:00.519 18999 18999 D wpa_supplicant: WPS:  * Request Type
06-26 23:02:00.519 18999 18999 D wpa_supplicant: WPS:  * Config Methods (2388)
06-26 23:02:00.519 18999 18999 D wpa_supplicant: WPS:  * UUID-E
06-26 23:02:00.519 18999 18999 D wpa_supplicant: WPS:  * Primary Device Type
06-26 23:02:00.519 18999 18999 D wpa_supplicant: WPS:  * RF Bands (3)
06-26 23:02:00.519 18999 18999 D wpa_supplicant: WPS:  * Association State
06-26 23:02:00.519 18999 18999 D wpa_supplicant: WPS:  * Configuration Error (0)
06-26 23:02:00.519 18999 18999 D wpa_supplicant: WPS:  * Device Password ID (0)
06-26 23:02:00.519 18999 18999 D wpa_supplicant: WPS:  * Manufacturer
06-26 23:02:00.519 18999 18999 D wpa_supplicant: WPS:  * Model Name
06-26 23:02:00.519 18999 18999 D wpa_supplicant: WPS:  * Model Number
06-26 23:02:00.519 18999 18999 D wpa_supplicant: WPS:  * Device Name
06-26 23:02:00.519 18999 18999 D wpa_supplicant: WPS:  * Version2 (0x20)
06-26 23:02:00.519 18999 18999 D wpa_supplicant: wpa_driver_wext_combo_scan: Start
06-26 23:02:00.519 18999 18999 D wpa_supplicant: For Scan: (null)
06-26 23:02:00.527 18999 18999 D wpa_supplicant: Scan requested (ret=0) - scan timeout 30 seconds
06-26 23:02:00.675  2470  2472 D dalvikvm: GC_CONCURRENT freed 444K, 6% free 10347K/10951K, paused 39ms+3ms
06-26 23:02:00.980  2864  2866 D dalvikvm: GC_CONCURRENT freed 388K, 9% free 9578K/10439K, paused 2ms+3ms
06-26 23:02:01.711 18999 18999 D wpa_supplicant: RTM_NEWLINK: operstate=1 ifi_flags=0x11043 ([UP][RUNNING][LOWER_UP])
06-26 23:02:01.711 18999 18999 D wpa_supplicant: RTM_NEWLINK, IFLA_IFNAME: Interface 'wlan0' added
06-26 23:02:01.711 18999 18999 D wpa_supplicant: Wireless event: cmd=0x8b19 len=8
06-26 23:02:01.715 18999 18999 D wpa_supplicant: Received 1818 bytes of scan results (8 BSSes)
06-26 23:02:01.820  3336  3473 D dalvikvm: GC_FOR_ALLOC freed 711K, 10% free 11757K/12999K, paused 36ms
06-26 23:02:01.918 18999 18999 D wpa_supplicant: wpa_driver_wext_driver_cmd SETSUSPENDOPT 0 len = 4096
06-26 23:02:01.918 18999 18999 D wpa_supplicant: wpa_driver_wext_driver_cmd SETSUSPENDOPT 0 len = 0, 15
06-26 23:02:01.918 18999 18999 D wpa_supplicant: wpa_driver_wext_driver_cmd POWERMODE 0 len = 4096
06-26 23:02:01.925 18999 18999 D wpa_supplicant: wpa_driver_wext_driver_cmd OK len = 0, 2
06-26 23:02:02.070  3694  3701 I dalvikvm: Total arena pages for JIT: 11
06-26 23:02:02.070  3694  3701 I dalvikvm: Total arena pages for JIT: 12
06-26 23:02:02.074  3694  3701 I dalvikvm: Total arena pages for JIT: 13
06-26 23:02:02.074  3694  3701 I dalvikvm: Total arena pages for JIT: 14
06-26 23:02:02.078  3694  3701 I dalvikvm: Total arena pages for JIT: 15
06-26 23:02:02.082  3694  3701 I dalvikvm: Total arena pages for JIT: 16
06-26 23:02:02.086  3694  3701 I dalvikvm: Total arena pages for JIT: 17
06-26 23:02:02.144  3694  3697 D dalvikvm: GC_CONCURRENT freed 446K, 6% free 9954K/10503K, paused 10ms+2ms
06-26 23:02:02.699 18999 18999 D wpa_supplicant: wpa_driver_wext_driver_cmd RSSI len = 248
06-26 23:02:02.711 18999 18999 D wpa_supplicant: wpa_driver_wext_driver_cmd raikiri rssi -33  len = 17, 17
06-26 23:02:02.715 18999 18999 D wpa_supplicant: wpa_driver_wext_driver_cmd LINKSPEED len = 248
06-26 23:02:02.715 18999 18999 D wpa_supplicant: wpa_driver_wext_driver_cmd LinkSpeed 58 len = 12, 12
06-26 23:02:02.953  2864  2882 D dalvikvm: GC_EXPLICIT freed 287K, 9% free 9523K/10439K, paused 7ms+4ms
06-26 23:02:04.492  2470  2472 D dalvikvm: GC_CONCURRENT freed 353K, 6% free 10379K/10951K, paused 15ms+5ms
06-26 23:02:05.125  3336  3473 D dalvikvm: GC_FOR_ALLOC freed 667K, 10% free 11793K/12999K, paused 20ms
06-26 23:02:05.203 18999 18999 D wpa_supplicant: wpa_driver_wext_driver_cmd SETSUSPENDOPT 0 len = 4096
06-26 23:02:05.203 18999 18999 D wpa_supplicant: wpa_driver_wext_driver_cmd SETSUSPENDOPT 0 len = 0, 15
06-26 23:02:05.203 18999 18999 D wpa_supplicant: wpa_driver_wext_driver_cmd POWERMODE 0 len = 4096
06-26 23:02:05.218 18999 18999 D wpa_supplicant: wpa_driver_wext_driver_cmd OK len = 0, 2
06-26 23:02:05.718 18999 18999 D wpa_supplicant: wpa_driver_wext_driver_cmd RSSI len = 248
06-26 23:02:05.730 18999 18999 D wpa_supplicant: wpa_driver_wext_driver_cmd raikiri rssi -33  len = 17, 17
06-26 23:02:05.730 18999 18999 D wpa_supplicant: wpa_driver_wext_driver_cmd LINKSPEED len = 248
06-26 23:02:05.734 18999 18999 D wpa_supplicant: wpa_driver_wext_driver_cmd LinkSpeed 58 len = 12, 12
06-26 23:02:08.746 18999 18999 D wpa_supplicant: wpa_driver_wext_driver_cmd RSSI len = 248
06-26 23:02:08.757 18999 18999 D wpa_supplicant: wpa_driver_wext_driver_cmd raikiri rssi -31  len = 17, 17
06-26 23:02:08.757 18999 18999 D wpa_supplicant: wpa_driver_wext_driver_cmd LINKSPEED len = 248
06-26 23:02:08.761 18999 18999 D wpa_supplicant: wpa_driver_wext_driver_cmd LinkSpeed 58 len = 12, 12
06-26 23:02:11.777 18999 18999 D wpa_supplicant: wpa_driver_wext_driver_cmd RSSI len = 248
06-26 23:02:11.785 18999 18999 D wpa_supplicant: wpa_driver_wext_driver_cmd raikiri rssi -33  len = 17, 17
06-26 23:02:11.785 18999 18999 D wpa_supplicant: wpa_driver_wext_driver_cmd LINKSPEED len = 248
06-26 23:02:11.789 18999 18999 D wpa_supplicant: wpa_driver_wext_driver_cmd LinkSpeed 58 len = 12, 12
06-26 23:02:14.800 18999 18999 D wpa_supplicant: wpa_driver_wext_driver_cmd RSSI len = 248
06-26 23:02:14.843 18999 18999 D wpa_supplicant: wpa_driver_wext_driver_cmd raikiri rssi -45  len = 17, 17
06-26 23:02:14.843 18999 18999 D wpa_supplicant: wpa_driver_wext_driver_cmd LINKSPEED len = 248
06-26 23:02:14.843 18999 18999 D wpa_supplicant: wpa_driver_wext_driver_cmd LinkSpeed 58 len = 12, 12
06-26 23:02:14.843   142   177 I ActivityManager: START {act=android.intent.action.MAIN cat=[android.intent.category.HOME] flg=0x10200000 cmp=com.android.launcher/com.android.launcher2.Launcher} from pid 142
06-26 23:02:15.414   142   381 I ActivityManager: Process com.google.android.talk (pid 3520) has died.
06-26 23:02:15.468   142   158 I Process : Sending signal. PID: 366 SIG: 3
06-26 23:02:15.484   366   373 I dalvikvm: threadid=3: reacting to signal 3
06-26 23:02:15.574  3336  3336 D OpenGLRenderer: Flushing caches (mode 0)
06-26 23:02:15.621   366   373 I dalvikvm: Wrote stack traces to '/data/anr/traces.txt'
06-26 23:02:15.664  3336  3336 D OpenGLRenderer: Flushing caches (mode 1)
06-26 23:02:15.730   142   293 W InputManagerService: Starting input on non-focused client com.android.internal.view.IInputMethodClient$Stub$Proxy@4186e818 (uid=10000 pid=3336)
06-26 23:02:17.847 18999 18999 D wpa_supplicant: wpa_driver_wext_driver_cmd RSSI len = 248
06-26 23:02:17.859 18999 18999 D wpa_supplicant: wpa_driver_wext_driver_cmd raikiri rssi -40  len = 17, 17
06-26 23:02:17.859 18999 18999 D wpa_supplicant: wpa_driver_wext_driver_cmd LINKSPEED len = 248
06-26 23:02:17.863 18999 18999 D wpa_supplicant: wpa_driver_wext_driver_cmd LinkSpeed 58 len = 12, 12
06-26 23:02:18.304   142 30604 I ActivityManager: START {act=android.intent.action.MAIN cat=[android.intent.category.LAUNCHER] flg=0x10200000 cmp=com.android.vending/.AssetBrowserActivity bnds=[120,556][240,706]} from pid 366
06-26 23:02:18.472   142 18243 I ActivityManager: Start proc com.android.vending for activity com.android.vending/.AssetBrowserActivity: pid=3769 uid=10046 gids={3003, 1015}
06-26 23:02:18.851   366   366 D OpenGLRenderer: Flushing caches (mode 1)
06-26 23:02:18.882   366   366 D OpenGLRenderer: Flushing caches (mode 0)
06-26 23:02:19.203  3769  3769 I ActivityThread: Pub com.google.android.finsky.QSBSuggestionsProvider: com.google.android.finsky.providers.QSBSuggestionsProvider
06-26 23:02:19.328   142   158 I Process : Sending signal. PID: 3769 SIG: 3
06-26 23:02:19.328  3769  3772 I dalvikvm: threadid=3: reacting to signal 3
06-26 23:02:19.359  3769  3772 I dalvikvm: Wrote stack traces to '/data/anr/traces.txt'
06-26 23:02:19.367  3769  3769 I ActivityThread: Pub com.google.android.finsky.AppIconProvider: com.google.android.finsky.providers.AppIconProvider
06-26 23:02:19.375  3769  3769 I ActivityThread: Pub com.google.android.finsky.RecentSuggestionsProvider: com.google.android.finsky.providers.RecentSuggestionsProvider
06-26 23:02:19.609  3769  3770 D dalvikvm: GC_CONCURRENT freed 203K, 4% free 9284K/9607K, paused 54ms+4ms
06-26 23:02:19.765   211   214 D dalvikvm: GC_CONCURRENT freed 120K, 54% free 9997K/21639K, paused 2ms+4ms
06-26 23:02:19.781   142   158 I Process : Sending signal. PID: 3769 SIG: 3
06-26 23:02:19.781  3769  3772 I dalvikvm: threadid=3: reacting to signal 3
06-26 23:02:19.808  3769  3772 I dalvikvm: Wrote stack traces to '/data/anr/traces.txt'
06-26 23:02:19.937  3769  3769 D Finsky  : [1] DailyHygiene.goMakeHygieneIfDirty: No need to run daily hygiene.
06-26 23:02:20.132  3769  3770 D dalvikvm: GC_CONCURRENT freed 388K, 6% free 9367K/9863K, paused 8ms+8ms
06-26 23:02:20.281   142   158 I Process : Sending signal. PID: 3769 SIG: 3
06-26 23:02:20.281  3769  3772 I dalvikvm: threadid=3: reacting to signal 3
06-26 23:02:20.324  3769  3772 I dalvikvm: Wrote stack traces to '/data/anr/traces.txt'
06-26 23:02:20.429  3769  3770 D dalvikvm: GC_CONCURRENT freed 345K, 5% free 9573K/9991K, paused 2ms+4ms
06-26 23:02:20.586  3769  3769 D libEGL  : loaded /system/lib/egl/libGLES_android.so
06-26 23:02:20.590   142 30604 I ActivityManager: Process com.twitter.android (pid 3647) has died.
06-26 23:02:20.613  3769  3769 D libEGL  : loaded /vendor/lib/egl/libEGL_POWERVR_SGX540_120.so
06-26 23:02:20.644  3769  3769 D libEGL  : loaded /vendor/lib/egl/libGLESv1_CM_POWERVR_SGX540_120.so
06-26 23:02:20.648  3769  3769 D libEGL  : loaded /vendor/lib/egl/libGLESv2_POWERVR_SGX540_120.so
06-26 23:02:20.711  3769  3769 D OpenGLRenderer: Enabling debug mode 0
06-26 23:02:20.785   142   158 I Process : Sending signal. PID: 3769 SIG: 3
06-26 23:02:20.785  3769  3772 I dalvikvm: threadid=3: reacting to signal 3
06-26 23:02:20.840  3769  3772 I dalvikvm: Wrote stack traces to '/data/anr/traces.txt'
06-26 23:02:20.871 18999 18999 D wpa_supplicant: wpa_driver_wext_driver_cmd RSSI len = 248
06-26 23:02:20.879 18999 18999 D wpa_supplicant: wpa_driver_wext_driver_cmd raikiri rssi -42  len = 17, 17
06-26 23:02:20.879 18999 18999 D wpa_supplicant: wpa_driver_wext_driver_cmd LINKSPEED len = 248
06-26 23:02:20.879 18999 18999 D wpa_supplicant: wpa_driver_wext_driver_cmd LinkSpeed 58 len = 12, 12
06-26 23:02:20.945  3769  3769 D Finsky  : [1] 2.run: Loaded library for account: [JtI6dlYpn2C-CMu_fZTfqcPsfoA]
06-26 23:02:20.949  3769  3769 D Finsky  : [1] 2.run: Finished loading 1 libraries.
06-26 23:02:21.004  3769  3770 D dalvikvm: GC_CONCURRENT freed 335K, 5% free 9684K/10119K, paused 10ms+8ms
06-26 23:02:21.039   142   172 I ActivityManager: Displayed com.android.vending/.AssetBrowserActivity: +2s676ms
06-26 23:02:22.086  3769  3770 D dalvikvm: GC_CONCURRENT freed 329K, 5% free 9799K/10247K, paused 2ms+3ms
06-26 23:02:22.203 32629 32630 D dalvikvm: GC_CONCURRENT freed 398K, 5% free 10449K/10951K, paused 23ms+10ms
06-26 23:02:22.269  3769  3769 D Finsky  : [1] DownloadImpl.setState: self-update-download from null to UNQUEUED.
06-26 23:02:22.269  3769  3769 D Finsky  : [1] DownloadQueueImpl.add: Download self-update-download added to DownloadQueue
06-26 23:02:22.273  3769  3769 D Finsky  : [1] DownloadImpl.setState: self-update-download from UNQUEUED to QUEUED.
06-26 23:02:22.289    83    83 I installd: free_cache(0) avail 663220224
06-26 23:02:22.300  3769  3769 D Finsky  : [1] DownloadQueueImpl.startDownload: Download self-update-download starting
06-26 23:02:22.492  3769  3769 D Finsky  : [1] DownloadImpl.setState: self-update-download from QUEUED to DOWNLOADING.
06-26 23:02:22.496  3769  3769 D Finsky  : [1] DownloadQueueImpl.onStart: self-update-download: onStart
06-26 23:02:22.570  3769  3769 D Finsky  : [1] MainActivity.initializeBilling: Optimistically initializing billing parameters.
06-26 23:02:22.761   211   214 D dalvikvm: GC_CONCURRENT freed 405K, 54% free 10009K/21639K, paused 6ms+6ms
06-26 23:02:22.914  3769  3769 D Finsky  : [1] DownloadQueueImpl.notifyProgress: self-update-download: onProgress 0/-1 Status: 192.
06-26 23:02:23.070  3544  3809 I DownloadManager: Initiating request for download 517
06-26 23:02:23.304  3769  3770 D dalvikvm: GC_CONCURRENT freed 425K, 5% free 9929K/10439K, paused 9ms+3ms
06-26 23:02:23.418  3769  3769 D dalvikvm: GC_FOR_ALLOC freed 73K, 6% free 9915K/10439K, paused 39ms
06-26 23:02:23.418  3769  3769 I dalvikvm-heap: Grow heap (frag case) to 10.126MB for 392720-byte allocation
06-26 23:02:23.468  3769  3769 D dalvikvm: GC_FOR_ALLOC freed 3K, 5% free 10296K/10823K, paused 30ms
06-26 23:02:23.687  3769  3769 D dalvikvm: GC_FOR_ALLOC freed 37K, 4% free 10521K/10887K, paused 25ms
06-26 23:02:23.882 18999 18999 D wpa_supplicant: wpa_driver_wext_driver_cmd RSSI len = 248
06-26 23:02:23.882 18999 18999 D wpa_supplicant: wpa_driver_wext_driver_cmd raikiri rssi -43  len = 17, 17
06-26 23:02:23.882 18999 18999 D wpa_supplicant: wpa_driver_wext_driver_cmd LINKSPEED len = 248
06-26 23:02:23.882 18999 18999 D wpa_supplicant: wpa_driver_wext_driver_cmd LinkSpeed 52 len = 12, 12
06-26 23:02:23.976   142 18243 I ActivityManager: Process org.mozilla.firefox_beta.PasswordsProvider (pid 3445) has died.
06-26 23:02:23.992  3544  3547 D dalvikvm: GC_CONCURRENT freed 325K, 5% free 9278K/9735K, paused 9ms+3ms
06-26 23:02:24.175   334   334 D SAN_SERVICE: *******************************************
06-26 23:02:24.175   334   334 D SAN_SERVICE: DM App Phone Service State - 0
06-26 23:02:24.175   334   334 D SAN_SERVICE: *******************************************
06-26 23:02:24.636   334   334 D SAN_SERVICE: *******************************************
06-26 23:02:24.636   334   334 D SAN_SERVICE: DM App Phone Service State - 0
06-26 23:02:24.636   334   334 D SAN_SERVICE: *******************************************
06-26 23:02:24.644  3769  3791 D dalvikvm: GC_FOR_ALLOC freed 115K, 3% free 10834K/11143K, paused 30ms
06-26 23:02:24.738  3769  3770 D dalvikvm: GC_CONCURRENT freed 48K, 4% free 10991K/11335K, paused 20ms+4ms
06-26 23:02:24.769  3769  3792 D dalvikvm: GC_FOR_ALLOC freed 165K, 5% free 10826K/11335K, paused 25ms
06-26 23:02:24.769  3769  3792 I dalvikvm-heap: Grow heap (frag case) to 11.139MB for 522256-byte allocation
06-26 23:02:24.824  3769  3792 D dalvikvm: GC_FOR_ALLOC freed 0K, 5% free 11336K/11847K, paused 24ms
06-26 23:02:24.918   334   334 D SAN_SERVICE: *******************************************
06-26 23:02:24.918   334   334 D SAN_SERVICE: DM App Phone Service State - 0
06-26 23:02:24.918   334   334 D SAN_SERVICE: *******************************************
06-26 23:02:25.054  3769  3793 D dalvikvm: GC_FOR_ALLOC freed 80K, 5% free 11586K/12103K, paused 21ms
06-26 23:02:25.113  3769  3790 D dalvikvm: GC_FOR_ALLOC freed 22K, 5% free 12026K/12551K, paused 22ms
06-26 23:02:25.226  3769  3792 D dalvikvm: GC_FOR_ALLOC freed 104K, 5% free 12521K/13063K, paused 28ms
06-26 23:02:25.343   142 18243 I ActivityManager: Process com.android.calendar (pid 3629) has died.
06-26 23:02:26.113  3769  3770 D dalvikvm: GC_CONCURRENT freed 317K, 4% free 13257K/13703K, paused 5ms+8ms
06-26 23:02:26.886 18999 18999 D wpa_supplicant: wpa_driver_wext_driver_cmd RSSI len = 248
06-26 23:02:26.902 18999 18999 D wpa_supplicant: wpa_driver_wext_driver_cmd raikiri rssi -43  len = 17, 17
06-26 23:02:26.902 18999 18999 D wpa_supplicant: wpa_driver_wext_driver_cmd LINKSPEED len = 248
06-26 23:02:26.910 18999 18999 D wpa_supplicant: wpa_driver_wext_driver_cmd LinkSpeed 65 len = 12, 12
06-26 23:02:29.304   142   358 D dalvikvm: GC_EXPLICIT freed 1265K, 30% free 16421K/23239K, paused 10ms+11ms
06-26 23:02:29.617   142 30526 I ActivityManager: Process com.google.android.gm (pid 3666) has died.
06-26 23:02:29.918 18999 18999 D wpa_supplicant: wpa_driver_wext_driver_cmd RSSI len = 248
06-26 23:02:29.918 18999 18999 D wpa_supplicant: wpa_driver_wext_driver_cmd raikiri rssi -44  len = 17, 17
06-26 23:02:29.918 18999 18999 D wpa_supplicant: wpa_driver_wext_driver_cmd LINKSPEED len = 248
06-26 23:02:29.918 18999 18999 D wpa_supplicant: wpa_driver_wext_driver_cmd LinkSpeed 58 len = 12, 12
06-26 23:02:30.203   366   366 D OpenGLRenderer: Flushing caches (mode 1)
06-26 23:02:30.351  3336  3336 D OpenGLRenderer: Flushing caches (mode 2)
06-26 23:02:30.539  3336  3336 D OpenGLRenderer: Flushing caches (mode 0)
06-26 23:02:30.562  3103  3103 D OpenGLRenderer: Flushing caches (mode 2)
06-26 23:02:30.722  3544  3547 D dalvikvm: GC_CONCURRENT freed 372K, 6% free 9293K/9799K, paused 4ms+3ms
06-26 23:02:31.082  2133  2135 D dalvikvm: GC_CONCURRENT freed 384K, 6% free 9968K/10567K, paused 2ms+3ms
06-26 23:02:32.340  3769  3769 D Finsky  : [1] DownloadQueueImpl.notifyProgress: self-update-download: onProgress 4000309/4000309 Status: 200.
06-26 23:02:32.347  3769  3769 D Finsky  : [1] DownloadBroadcastReceiver.onReceive: Intent received at DownloadBroadcastReceiver
06-26 23:02:32.367  3769  3769 D Finsky  : [1] DownloadImpl.setState: self-update-download from DOWNLOADING to SUCCESS.
06-26 23:02:32.367  3769  3769 D Finsky  : [1] DownloadQueueImpl.onComplete: self-update-download: onComplete
06-26 23:02:32.367  3769  3769 D Finsky  : [1] DownloadQueueImpl.remove: Download self-update-download removed from DownloadQueue
06-26 23:02:32.371    83    83 I installd: free_cache(0) avail 659312640
06-26 23:02:32.375  3769  3769 D Finsky  : [1] SelfUpdateScheduler.onComplete: Self-update ready to be installed, waiting for market to close.
06-26 23:02:32.902  3769  3769 D Finsky  : [1] GetBillingCountriesAction.run: Skip getting fresh list of billing countries.
06-26 23:02:32.922 18999 18999 D wpa_supplicant: wpa_driver_wext_driver_cmd RSSI len = 248
06-26 23:02:32.929 18999 18999 D wpa_supplicant: wpa_driver_wext_driver_cmd raikiri rssi -42  len = 17, 17
06-26 23:02:32.929 18999 18999 D wpa_supplicant: wpa_driver_wext_driver_cmd LINKSPEED len = 248
06-26 23:02:32.929 18999 18999 D wpa_supplicant: wpa_driver_wext_driver_cmd LinkSpeed 13 len = 12, 12
06-26 23:02:35.933 18999 18999 D wpa_supplicant: wpa_driver_wext_driver_cmd RSSI len = 248
06-26 23:02:35.941 18999 18999 D wpa_supplicant: wpa_driver_wext_driver_cmd raikiri rssi -40  len = 17, 17
06-26 23:02:35.941 18999 18999 D wpa_supplicant: wpa_driver_wext_driver_cmd LINKSPEED len = 248
06-26 23:02:35.945 18999 18999 D wpa_supplicant: wpa_driver_wext_driver_cmd LinkSpeed 13 len = 12, 12
06-26 23:02:37.453 18999 18999 D wpa_supplicant: wpa_driver_wext_driver_cmd BTCOEXMODE 1 len = 4096
06-26 23:02:37.683 18999 18999 D wpa_supplicant: wpa_driver_wext_driver_cmd OK len = 0, 2
06-26 23:02:37.683 18999 18999 D wpa_supplicant: wpa_driver_wext_driver_cmd GETPOWER len = 4096
06-26 23:02:37.691 18999 18999 D wpa_supplicant: wpa_driver_wext_driver_cmd powermode = 0 len = 13, 13
06-26 23:02:37.695 18999 18999 D wpa_supplicant: wpa_driver_wext_driver_cmd POWERMODE 1 len = 4096
06-26 23:02:37.699 18999 18999 D wpa_supplicant: wpa_driver_wext_driver_cmd OK len = 0, 2
06-26 23:02:38.316 18999 18999 D wpa_supplicant: wpa_driver_wext_driver_cmd POWERMODE 0 len = 4096
06-26 23:02:38.316 18999 18999 D wpa_supplicant: wpa_driver_wext_driver_cmd OK len = 0, 2
06-26 23:02:38.316 18999 18999 D wpa_supplicant: wpa_driver_wext_driver_cmd BTCOEXMODE 2 len = 4096
06-26 23:02:38.316 18999 18999 D wpa_supplicant: wpa_driver_wext_driver_cmd OK len = 0, 2
06-26 23:02:38.320   142   196 D DhcpInfoInternal: makeLinkProperties with empty dns2!
06-26 23:02:38.320   142   196 D DhcpInfoInternal: makeLinkProperties with empty dns2!
06-26 23:02:38.957 18999 18999 D wpa_supplicant: wpa_driver_wext_driver_cmd RSSI len = 248
06-26 23:02:38.965 18999 18999 D wpa_supplicant: wpa_driver_wext_driver_cmd raikiri rssi -39  len = 17, 17
06-26 23:02:38.965 18999 18999 D wpa_supplicant: wpa_driver_wext_driver_cmd LINKSPEED len = 248
06-26 23:02:38.968 18999 18999 D wpa_supplicant: wpa_driver_wext_driver_cmd LinkSpeed 13 len = 12, 12
06-26 23:02:41.996 18999 18999 D wpa_supplicant: wpa_driver_wext_driver_cmd RSSI len = 248
06-26 23:02:42.004 18999 18999 D wpa_supplicant: wpa_driver_wext_driver_cmd raikiri rssi -38  len = 17, 17
06-26 23:02:42.004 18999 18999 D wpa_supplicant: wpa_driver_wext_driver_cmd LINKSPEED len = 248
06-26 23:02:42.004 18999 18999 D wpa_supplicant: wpa_driver_wext_driver_cmd LinkSpeed 13 len = 12, 12
06-26 23:02:42.418   142   177 I ActivityManager: START {act=android.intent.action.MAIN cat=[android.intent.category.HOME] flg=0x10200000 cmp=com.android.launcher/com.android.launcher2.Launcher} from pid 142
06-26 23:02:42.550  3769  3769 D OpenGLRenderer: Flushing caches (mode 0)
06-26 23:02:42.605  3769  3769 D OpenGLRenderer: Flushing caches (mode 1)
06-26 23:02:45.004 18999 18999 D wpa_supplicant: wpa_driver_wext_driver_cmd RSSI len = 248
06-26 23:02:45.019 18999 18999 D wpa_supplicant: wpa_driver_wext_driver_cmd raikiri rssi -34  len = 17, 17
06-26 23:02:45.019 18999 18999 D wpa_supplicant: wpa_driver_wext_driver_cmd LINKSPEED len = 248
06-26 23:02:45.023 18999 18999 D wpa_supplicant: wpa_driver_wext_driver_cmd LinkSpeed 13 len = 12, 12
06-26 23:02:45.851   211   211 D dalvikvm: GC_FOR_ALLOC freed 559K, 55% free 9818K/21639K, paused 39ms
06-26 23:02:46.234   142   344 W InputManagerService: Window already focused, ignoring focus gain of: com.android.internal.view.IInputMethodClient$Stub$Proxy@41618ba8
06-26 23:02:46.312   211   211 D dalvikvm: GC_FOR_ALLOC freed 439K, 55% free 9741K/21639K, paused 21ms
06-26 23:02:46.371   211   214 D dalvikvm: GC_CONCURRENT freed 325K, 55% free 9885K/21639K, paused 2ms+3ms
06-26 23:02:46.480   211   214 D dalvikvm: GC_CONCURRENT freed 546K, 55% free 9794K/21639K, paused 2ms+4ms
06-26 23:02:46.937 32629  3853 I EventLogService: Aggregate from 1340764366632 (log), 1340764366632 (data)
06-26 23:02:48.031 18999 18999 D wpa_supplicant: wpa_driver_wext_driver_cmd RSSI len = 248
06-26 23:02:48.039 18999 18999 D wpa_supplicant: wpa_driver_wext_driver_cmd raikiri rssi -35  len = 17, 17
06-26 23:02:48.043 18999 18999 D wpa_supplicant: wpa_driver_wext_driver_cmd LINKSPEED len = 248
06-26 23:02:48.043 18999 18999 D wpa_supplicant: wpa_driver_wext_driver_cmd LinkSpeed 19 len = 12, 12
06-26 23:02:48.312   366   370 D dalvikvm: GC_CONCURRENT freed 690K, 29% free 11370K/15815K, paused 13ms+9ms
06-26 23:02:48.390   142   381 I ActivityManager: START {act=android.intent.action.MAIN cat=[android.intent.category.LAUNCHER] flg=0x10200000 cmp=com.google.android.apps.genie.geniewidget/.activities.NewsActivity bnds=[360,103][480,253]} from pid 366
06-26 23:02:48.582   142 30604 I ActivityManager: Start proc com.google.android.apps.genie.geniewidget for activity com.google.android.apps.genie.geniewidget/.activities.NewsActivity: pid=3854 uid=10017 gids={3003, 1015}
06-26 23:02:48.613  3854  3854 I dalvikvm: Turning on JNI app bug workarounds for target SDK version 11...
06-26 23:02:48.683   366   366 D OpenGLRenderer: Flushing caches (mode 1)
06-26 23:02:48.711   366   366 D OpenGLRenderer: Flushing caches (mode 0)
06-26 23:02:48.750  3854  3854 I ActivityThread: Pub com.google.android.apps.genie.geniewidget.weather: com.google.android.apps.genie.geniewidget.providers.WeatherProvider
06-26 23:02:48.757  3854  3854 I ActivityThread: Pub com.google.android.apps.genie.geniewidget.newsimage: com.google.android.apps.genie.geniewidget.providers.NewsImageProvider
06-26 23:02:48.855 32629 32630 D dalvikvm: GC_CONCURRENT freed 479K, 6% free 10436K/11015K, paused 3ms+8ms
06-26 23:02:48.898  3854  3855 D dalvikvm: GC_CONCURRENT freed 350K, 5% free 9185K/9607K, paused 9ms+2ms
06-26 23:02:48.906  3854  3862 W CursorWrapperInner: Cursor finalized without prior close()
06-26 23:02:48.918  3854  3854 W Genie   : Cache file not found: java.io.FileNotFoundException: /data/data/com.google.android.apps.genie.geniewidget/cache/genie_iconcache: open failed: ENOENT (No such file or directory)
06-26 23:02:48.922  3854  3862 W CursorWrapperInner: Cursor finalized without prior close()
06-26 23:02:48.996  3854  3855 D dalvikvm: GC_CONCURRENT freed 367K, 5% free 9321K/9799K, paused 2ms+4ms
06-26 23:02:49.113  3854  3854 I Genie   : refresh service retry #0, ignoreMASFCache = false
06-26 23:02:49.136   211   211 V PhoneStatusBar: setLightsOn(true)
06-26 23:02:49.144   142   158 I Process : Sending signal. PID: 3854 SIG: 3
06-26 23:02:49.144  3854  3856 I dalvikvm: threadid=3: reacting to signal 3
06-26 23:02:49.175  3854  3856 I dalvikvm: Wrote stack traces to '/data/anr/traces.txt'
06-26 23:02:49.320   142   172 I ActivityManager: Displayed com.google.android.apps.genie.geniewidget/.activities.NewsActivity: +792ms
06-26 23:02:49.949  3854  3855 D dalvikvm: GC_CONCURRENT freed 229K, 4% free 9517K/9863K, paused 3ms+2ms
06-26 23:02:50.480  3854  3855 D dalvikvm: GC_CONCURRENT freed 370K, 5% free 9582K/10055K, paused 5ms+4ms
06-26 23:02:50.867  3854  3855 D dalvikvm: GC_CONCURRENT freed 251K, 4% free 9809K/10183K, paused 2ms+4ms
06-26 23:02:50.902  3854  3854 D dalvikvm: GC_FOR_ALLOC freed 22K, 4% free 9802K/10183K, paused 16ms
06-26 23:02:50.906  3854  3854 I dalvikvm-heap: Grow heap (frag case) to 10.778MB for 1192336-byte allocation
06-26 23:02:50.937  3854  3867 D dalvikvm: GC_FOR_ALLOC freed 1K, 4% free 10964K/11399K, paused 16ms
06-26 23:02:51.054 18999 18999 D wpa_supplicant: wpa_driver_wext_driver_cmd RSSI len = 248
06-26 23:02:51.062 18999 18999 D wpa_supplicant: wpa_driver_wext_driver_cmd raikiri rssi -34  len = 17, 17
06-26 23:02:51.062 18999 18999 D wpa_supplicant: wpa_driver_wext_driver_cmd LINKSPEED len = 248
06-26 23:02:51.062 18999 18999 D wpa_supplicant: wpa_driver_wext_driver_cmd LinkSpeed 13 len = 12, 12
06-26 23:02:51.250  3854  3855 D dalvikvm: GC_CONCURRENT freed 280K, 4% free 11286K/11655K, paused 2ms+4ms
06-26 23:02:51.660  3854  3854 D dalvikvm: GC_FOR_ALLOC freed 260K, 4% free 11461K/11847K, paused 24ms
06-26 23:02:51.660  3854  3854 I dalvikvm-heap: Grow heap (frag case) to 12.398MB for 1192336-byte allocation
06-26 23:02:51.699  3854  3855 D dalvikvm: GC_CONCURRENT freed 7K, 4% free 12618K/13063K, paused 2ms+4ms
06-26 23:02:52.332  3854  3855 D dalvikvm: GC_CONCURRENT freed 995K, 8% free 12828K/13895K, paused 2ms+3ms
06-26 23:02:52.488  3769  3883 D Finsky  : [4020] OnCompleteListenerNotifier.doInBackground: Signature check not required.
06-26 23:02:52.711   142   162 I ActivityManager: Start proc com.android.defcontainer for service com.android.defcontainer/.DefaultContainerService: pid=3885 uid=10010 gids={1015, 2001}
06-26 23:02:52.953   142   162 W ActivityManager: No content provider found for permission revoke: file:///data/data/com.android.providers.downloads/cache/downloadfile.apk
06-26 23:02:54.070 18999 18999 D wpa_supplicant: wpa_driver_wext_driver_cmd RSSI len = 248
06-26 23:02:54.074 18999 18999 D wpa_supplicant: wpa_driver_wext_driver_cmd raikiri rssi -41  len = 17, 17
06-26 23:02:54.078 18999 18999 D wpa_supplicant: wpa_driver_wext_driver_cmd LINKSPEED len = 248
06-26 23:02:54.097 18999 18999 D wpa_supplicant: wpa_driver_wext_driver_cmd LinkSpeed 26 len = 12, 12
06-26 23:02:54.644   142   162 W ActivityManager: No content provider found for permission revoke: file:///data/data/com.android.providers.downloads/cache/downloadfile.apk
06-26 23:02:54.832   334   334 D SAN_SERVICE: *******************************************
06-26 23:02:54.832   334   334 D SAN_SERVICE: DM App Phone Service State - 0
06-26 23:02:54.832   334   334 D SAN_SERVICE: *******************************************
06-26 23:02:54.867  3854  3855 D dalvikvm: GC_CONCURRENT freed 1207K, 9% free 12881K/14151K, paused 1ms+4ms
06-26 23:02:55.152   334   334 D SAN_SERVICE: *******************************************
06-26 23:02:55.152   334   334 D SAN_SERVICE: DM App Phone Service State - 0
06-26 23:02:55.152   334   334 D SAN_SERVICE: *******************************************
06-26 23:02:55.269   142   144 D dalvikvm: GC_CONCURRENT freed 1484K, 29% free 16676K/23239K, paused 64ms+25ms
06-26 23:02:56.054   142   144 D dalvikvm: GC_CONCURRENT freed 1230K, 26% free 17305K/23239K, paused 3ms+11ms
06-26 23:02:56.449   142   144 D dalvikvm: GC_CONCURRENT freed 1967K, 26% free 17338K/23239K, paused 2ms+8ms
06-26 23:02:56.703   142   144 D dalvikvm: GC_CONCURRENT freed 1934K, 26% free 17352K/23239K, paused 3ms+8ms
06-26 23:02:56.988   142   144 D dalvikvm: GC_CONCURRENT freed 1945K, 26% free 17396K/23239K, paused 2ms+7ms
06-26 23:02:57.101 18999 18999 D wpa_supplicant: wpa_driver_wext_driver_cmd RSSI len = 248
06-26 23:02:57.109 18999 18999 D wpa_supplicant: wpa_driver_wext_driver_cmd raikiri rssi -39  len = 17, 17
06-26 23:02:57.109 18999 18999 D wpa_supplicant: wpa_driver_wext_driver_cmd LINKSPEED len = 248
06-26 23:02:57.109 18999 18999 D wpa_supplicant: wpa_driver_wext_driver_cmd LinkSpeed 52 len = 12, 12
06-26 23:02:57.265   142   162 D dalvikvm: GC_EXPLICIT freed 475K, 26% free 17301K/23239K, paused 18ms+16ms
06-26 23:02:57.265  3769  3781 D Finsky  : [3992] 1.packageInstalled: Package install status for "com.android.vending" is -104
06-26 23:02:57.265  3769  3781 W Finsky  : [3992] 1.packageInstalled: Package name mismatsch: ours:  package manager's: com.android.vending
06-26 23:03:00.113 18999 18999 D wpa_supplicant: wpa_driver_wext_driver_cmd RSSI len = 248
06-26 23:03:00.121 18999 18999 D wpa_supplicant: wpa_driver_wext_driver_cmd raikiri rssi -35  len = 17, 17
06-26 23:03:00.121 18999 18999 D wpa_supplicant: wpa_driver_wext_driver_cmd LINKSPEED len = 248
06-26 23:03:00.125 18999 18999 D wpa_supplicant: wpa_driver_wext_driver_cmd LinkSpeed 26 len = 12, 12
06-26 23:03:00.527 18999 18999 D wpa_supplicant: wpa_driver_wext_driver_cmd SETSUSPENDOPT 0 len = 4096
06-26 23:03:00.527 18999 18999 D wpa_supplicant: wpa_driver_wext_driver_cmd SETSUSPENDOPT 0 len = 0, 15
06-26 23:03:00.527 18999 18999 D wpa_supplicant: wpa_driver_wext_driver_cmd POWERMODE 0 len = 4096
06-26 23:03:00.535 18999 18999 D wpa_supplicant: wpa_driver_wext_driver_cmd OK len = 0, 2
06-26 23:03:00.550 18999 18999 D wpa_supplicant: WPS: Building WPS IE for Probe Request
06-26 23:03:00.550 18999 18999 D wpa_supplicant: WPS:  * Version (hardcoded 0x10)
06-26 23:03:00.554 18999 18999 D wpa_supplicant: WPS:  * Request Type
06-26 23:03:00.554 18999 18999 D wpa_supplicant: WPS:  * Config Methods (2388)
06-26 23:03:00.554 18999 18999 D wpa_supplicant: WPS:  * UUID-E
06-26 23:03:00.554 18999 18999 D wpa_supplicant: WPS:  * Primary Device Type
06-26 23:03:00.554 18999 18999 D wpa_supplicant: WPS:  * RF Bands (3)
06-26 23:03:00.554 18999 18999 D wpa_supplicant: WPS:  * Association State
06-26 23:03:00.554 18999 18999 D wpa_supplicant: WPS:  * Configuration Error (0)
06-26 23:03:00.554 18999 18999 D wpa_supplicant: WPS:  * Device Password ID (0)
06-26 23:03:00.554 18999 18999 D wpa_supplicant: WPS:  * Manufacturer
06-26 23:03:00.554 18999 18999 D wpa_supplicant: WPS:  * Model Name
06-26 23:03:00.554 18999 18999 D wpa_supplicant: WPS:  * Model Number
06-26 23:03:00.554 18999 18999 D wpa_supplicant: WPS:  * Device Name
06-26 23:03:00.554 18999 18999 D wpa_supplicant: WPS:  * Version2 (0x20)
06-26 23:03:00.554 18999 18999 D wpa_supplicant: wpa_driver_wext_combo_scan: Start
06-26 23:03:00.554 18999 18999 D wpa_supplicant: For Scan: (null)
06-26 23:03:00.562 18999 18999 D wpa_supplicant: Scan requested (ret=0) - scan timeout 30 seconds
06-26 23:03:01.179  3854  3858 I dalvikvm: Jit: resizing JitTable from 4096 to 8192
06-26 23:03:01.461  3854  3855 D dalvikvm: GC_CONCURRENT freed 1126K, 9% free 13025K/14215K, paused 4ms+4ms
06-26 23:03:01.718 18999 18999 D wpa_supplicant: RTM_NEWLINK: operstate=1 ifi_flags=0x11043 ([UP][RUNNING][LOWER_UP])
06-26 23:03:01.718 18999 18999 D wpa_supplicant: RTM_NEWLINK, IFLA_IFNAME: Interface 'wlan0' added
06-26 23:03:01.718 18999 18999 D wpa_supplicant: Wireless event: cmd=0x8b19 len=8
06-26 23:03:01.718 18999 18999 D wpa_supplicant: Received 1939 bytes of scan results (8 BSSes)
06-26 23:03:01.941 18999 18999 D wpa_supplicant: wpa_driver_wext_driver_cmd SETSUSPENDOPT 0 len = 4096
06-26 23:03:01.941 18999 18999 D wpa_supplicant: wpa_driver_wext_driver_cmd SETSUSPENDOPT 0 len = 0, 15
06-26 23:03:01.941 18999 18999 D wpa_supplicant: wpa_driver_wext_driver_cmd POWERMODE 0 len = 4096
06-26 23:03:01.949 18999 18999 D wpa_supplicant: wpa_driver_wext_driver_cmd OK len = 0, 2
06-26 23:03:02.054  2470  2472 D dalvikvm: GC_CONCURRENT freed 423K, 5% free 10443K/10951K, paused 3ms+3ms
06-26 23:03:02.078  3694  3701 I dalvikvm: Total arena pages for JIT: 18
06-26 23:03:02.215  3694  3697 D dalvikvm: GC_CONCURRENT freed 449K, 6% free 9941K/10503K, paused 10ms+3ms
06-26 23:03:03.129 18999 18999 D wpa_supplicant: wpa_driver_wext_driver_cmd RSSI len = 248
06-26 23:03:03.136 18999 18999 D wpa_supplicant: wpa_driver_wext_driver_cmd raikiri rssi -37  len = 17, 17
06-26 23:03:03.136 18999 18999 D wpa_supplicant: wpa_driver_wext_driver_cmd LINKSPEED len = 248
06-26 23:03:03.136 18999 18999 D wpa_supplicant: wpa_driver_wext_driver_cmd LinkSpeed 26 len = 12, 12
06-26 23:03:04.164  3854  3855 D dalvikvm: GC_CONCURRENT freed 1215K, 9% free 13185K/14471K, paused 2ms+5ms
06-26 23:03:06.140 18999 18999 D wpa_supplicant: wpa_driver_wext_driver_cmd RSSI len = 248
06-26 23:03:06.152 18999 18999 D wpa_supplicant: wpa_driver_wext_driver_cmd raikiri rssi -33  len = 17, 17
06-26 23:03:06.152 18999 18999 D wpa_supplicant: wpa_driver_wext_driver_cmd LINKSPEED len = 248
06-26 23:03:06.156 18999 18999 D wpa_supplicant: wpa_driver_wext_driver_cmd LinkSpeed 26 len = 12, 12
06-26 23:03:07.742  3854  3855 D dalvikvm: GC_CONCURRENT freed 1031K, 8% free 13523K/14663K, paused 2ms+5ms
06-26 23:03:09.168 18999 18999 D wpa_supplicant: wpa_driver_wext_driver_cmd RSSI len = 248
06-26 23:03:09.175 18999 18999 D wpa_supplicant: wpa_driver_wext_driver_cmd raikiri rssi -38  len = 17, 17
06-26 23:03:09.175 18999 18999 D wpa_supplicant: wpa_driver_wext_driver_cmd LINKSPEED len = 248
06-26 23:03:09.179 18999 18999 D wpa_supplicant: wpa_driver_wext_driver_cmd LinkSpeed 19 len = 12, 12
06-26 23:03:11.945   334   334 D SAN_SERVICE: *******************************************
06-26 23:03:11.945   334   334 D SAN_SERVICE: DM App Phone Service State - 0
06-26 23:03:11.945   334   334 D SAN_SERVICE: *******************************************
06-26 23:03:12.156  3854  3881 W ResponseProcessCookies: Cookie rejected: "BasicClientCookie[version=0,name=admobuu,domain=.wordpress.com,path=/,expiry=Thu Dec 31 19:00:00 EST 2037]". Illegal domain attribute "wordpress.com". Domain of origin: "world.time.com"
06-26 23:03:12.175   334   334 D SAN_SERVICE: *******************************************
06-26 23:03:12.175   334   334 D SAN_SERVICE: DM App Phone Service State - 0
06-26 23:03:12.175   334   334 D SAN_SERVICE: *******************************************
06-26 23:03:12.187 18999 18999 D wpa_supplicant: wpa_driver_wext_driver_cmd RSSI len = 248
06-26 23:03:12.187 18999 18999 D wpa_supplicant: wpa_driver_wext_driver_cmd raikiri rssi -39  len = 17, 17
06-26 23:03:12.187 18999 18999 D wpa_supplicant: wpa_driver_wext_driver_cmd LINKSPEED len = 248
06-26 23:03:12.187 18999 18999 D wpa_supplicant: wpa_driver_wext_driver_cmd LinkSpeed 19 len = 12, 12
06-26 23:03:12.222   334   336 D dalvikvm: GC_CONCURRENT freed 873K, 13% free 12003K/13703K, paused 10ms+3ms
06-26 23:03:14.140  3854  3855 D dalvikvm: GC_CONCURRENT freed 1323K, 10% free 13606K/15047K, paused 20ms+4ms
06-26 23:03:15.191 18999 18999 D wpa_supplicant: wpa_driver_wext_driver_cmd RSSI len = 248
06-26 23:03:15.199 18999 18999 D wpa_supplicant: wpa_driver_wext_driver_cmd raikiri rssi -36  len = 17, 17
06-26 23:03:15.199 18999 18999 D wpa_supplicant: wpa_driver_wext_driver_cmd LINKSPEED len = 248
06-26 23:03:15.203 18999 18999 D wpa_supplicant: wpa_driver_wext_driver_cmd LinkSpeed 13 len = 12, 12
06-26 23:03:18.211 18999 18999 D wpa_supplicant: wpa_driver_wext_driver_cmd RSSI len = 248
06-26 23:03:18.215 18999 18999 D wpa_supplicant: wpa_driver_wext_driver_cmd raikiri rssi -37  len = 17, 17
06-26 23:03:18.215 18999 18999 D wpa_supplicant: wpa_driver_wext_driver_cmd LINKSPEED len = 248
06-26 23:03:18.218 18999 18999 D wpa_supplicant: wpa_driver_wext_driver_cmd LinkSpeed 26 len = 12, 12
06-26 23:03:18.812   142 18243 I ActivityManager: START {act=android.intent.action.VIEW dat=http://online.wsj.com/article/SB10001424052702304458604577490953761891484.html?mod=googlenews_wsj cmp=org.mozilla.firefox_beta/.App (has extras)} from pid 3854
06-26 23:03:19.058  3103  3103 D dalvikvm: Trying to load lib /data/data/org.mozilla.firefox_beta/lib/libmozglue.so 0x4131bae0
06-26 23:03:19.058  3103  3103 D dalvikvm: Shared lib '/data/data/org.mozilla.firefox_beta/lib/libmozglue.so' already loaded in same CL 0x4131bae0
06-26 23:03:19.062  3103  3103 W GeckoApp: zerdatime 264740663 - onCreate
06-26 23:03:19.179  3103  3103 I GeckoViewsFactory: Creating custom Gecko view: FormAssistPopup
06-26 23:03:19.183  3103  3103 I GeckoViewsFactory: Creating custom Gecko view: AboutHomeContent
06-26 23:03:19.211  3103  3105 D dalvikvm: GC_CONCURRENT freed 321K, 7% free 10381K/11079K, paused 9ms+5ms
06-26 23:03:19.234  3103  3112 D class ch.boye.httpclientandroidlib.impl.conn.tsccm.ThreadSafeClientConnManager: Shutting down
06-26 23:03:19.273  3103  3103 W GeckoApp: zerdatime 264740876 - onStart
06-26 23:03:19.273  3103  3103 I GeckoApp: start
06-26 23:03:19.304  3103  3103 W GeckoApp: zerdatime 264740908 - onNewIntent
06-26 23:03:19.304  3103  3103 I GeckoApp: resume
06-26 23:03:19.367   142   158 I Process : Sending signal. PID: 3103 SIG: 3
06-26 23:03:19.367  3103  3107 I dalvikvm: threadid=3: reacting to signal 3
06-26 23:03:19.379  3103  3107 I dalvikvm: Wrote stack traces to '/data/anr/traces.txt'
06-26 23:03:19.394  3103  3103 I GeckoToolbar: zerdatime 264740997 - Throbber start
06-26 23:03:19.394  3103  3116 I GeckoApp: Checking profile migration in: /data/data/org.mozilla.firefox_beta/files/mozilla/r0zhquk7.default
06-26 23:03:19.394  3103  3103 D GeckoFavicons: Creating Favicons instance
06-26 23:03:19.394  3103  3103 D GeckoFavicons: Creating DatabaseHelper
06-26 23:03:19.402  3103  3917 W GeckoApp: zerdatime 264741004 - start of getPluginDirectories
06-26 23:03:19.402  3103  3917 W GeckoApp: zerdatime 264741005 - end of getPluginDirectories
06-26 23:03:19.414  3103  3917 I GeckoAppShell: env0: null
06-26 23:03:19.449  3103  3103 I GeckoAxis: Prefs: 0.85,0.97,10.0,0.012,0.04,0.3,0.5
06-26 23:03:19.597  3103  3103 W GeckoApp: zerdatime 264741202 - UI almost up
06-26 23:03:19.699    78 13203 W SurfaceTexture: [org.mozilla.firefox_beta/org.mozilla.firefox_beta.App] cancelBuffer: SurfaceTexture has been abandoned!
06-26 23:03:19.711  3103  3116 W GeckoApp: zerdatime 264741314 - pre checkLaunchState
06-26 23:03:19.757  3103  3105 D dalvikvm: GC_CONCURRENT freed 441K, 7% free 10336K/11079K, paused 4ms+8ms
06-26 23:03:19.832   142   172 I ActivityManager: Displayed org.mozilla.firefox_beta/.App: +970ms
06-26 23:03:20.500   142   142 I ActivityManager: Process com.android.contacts (pid 3336) has died.
06-26 23:03:20.500   142   142 W ActivityManager: Scheduling restart of crashed service com.android.contacts/.vcard.VCardService in 5000ms
06-26 23:03:20.500   142 18244 I WindowManager: WIN DEATH: Window{41957f88 com.android.contacts/com.android.contacts.activities.PeopleActivity paused=false}
06-26 23:03:20.664  3103  3917 E GeckoLinker: /data/app/org.mozilla.firefox_beta-2.apk!/libmozalloc.so: Warning: relocation to NULL @0x00003e2c
06-26 23:03:20.664  3103  3917 E GeckoLinker: /data/app/org.mozilla.firefox_beta-2.apk!/libmozalloc.so: Warning: relocation to NULL @0x00003db8 for symbol "__cxa_begin_cleanup"
06-26 23:03:20.664  3103  3917 E GeckoLinker: /data/app/org.mozilla.firefox_beta-2.apk!/libmozalloc.so: Warning: relocation to NULL @0x00003de0 for symbol "__cxa_type_match"
06-26 23:03:20.718  3103  3917 E GeckoLibLoad: Loaded libs in 1303ms total, 468ms user, 238ms system, 9 faults
06-26 23:03:20.730  3103  3917 W GeckoThread: zerdatime 264742334 - runGecko
06-26 23:03:20.730  3103  3917 I GeckoThread: RunGecko - URI = http://online.wsj.com/article/SB10001424052702304458604577490953761891484.html?mod=googlenews_wsj
06-26 23:03:20.750  3103  3917 I GeckoAppShell: post native init
06-26 23:03:20.750  3103  3917 I GeckoAppShell: setLayerClient called
06-26 23:03:21.054  3103  3917 E GeckoConsole: Could not read chrome manifest 'file:///data/data/org.mozilla.firefox_beta/chrome.manifest'.
06-26 23:03:21.222 18999 18999 D wpa_supplicant: wpa_driver_wext_driver_cmd RSSI len = 248
06-26 23:03:21.230 18999 18999 D wpa_supplicant: wpa_driver_wext_driver_cmd raikiri rssi -38  len = 17, 17
06-26 23:03:21.230 18999 18999 D wpa_supplicant: wpa_driver_wext_driver_cmd LINKSPEED len = 248
06-26 23:03:21.230 18999 18999 D wpa_supplicant: wpa_driver_wext_driver_cmd LinkSpeed 26 len = 12, 12
06-26 23:03:21.343   142   355 I ActivityManager: Process com.whatsapp (pid 2133) has died.
06-26 23:03:21.343   142   355 W ActivityManager: Scheduling restart of crashed service com.whatsapp/.messaging.MessageService in 14155ms
06-26 23:03:21.390  3103  3917 W ResourceType: Too many attribute references, stopped at: 0x01010099
06-26 23:03:21.703  3103  3917 E GeckoConsole: zerdatime 1340766201706 - browser chrome startup finished.
06-26 23:03:21.742  3103  3917 I GeckoApp: Got message: CharEncoding:State
06-26 23:03:21.937  3103  3917 I GeckoTabs: Got message: Session:RestoreBegin
06-26 23:03:21.937  3103  3917 I Gecko   : Detected osrelease `3.0.8-g6656123'
06-26 23:03:21.937  3103  3917 I Gecko   : JITs are not broken
06-26 23:03:21.996  3103  3917 I GeckoTabs: Got message: Tab:Added
06-26 23:03:21.996  3103  3917 I GeckoTabs: Received message from Gecko: 264743598 - Tab:Added
06-26 23:03:22.015  3103  3917 I GeckoTabs: Added a tab with id: 1
06-26 23:03:22.031  3103  3103 I GeckoToolbar: zerdatime 264743634 - Throbber start
06-26 23:03:22.035  3103  3103 I GeckoDoorHangerPopup: Showing all doorhangers for tab: 1
06-26 23:03:22.101  3854  3855 D dalvikvm: GC_CONCURRENT freed 1512K, 11% free 13642K/15239K, paused 11ms+5ms
06-26 23:03:22.175  3103  3917 I GeckoApp: Got message: Content:StateChange
06-26 23:03:22.175  3103  3917 I GeckoApp: State - 983041
06-26 23:03:22.175  3103  3917 I GeckoApp: Got a document start
06-26 23:03:22.183  3103  3103 I GeckoToolbar: zerdatime 264743786 - Throbber start
06-26 23:03:22.230  3103  3917 I GeckoApp: Got message: Gecko:Ready
06-26 23:03:22.246  3103  3917 D GeckoLayerClient: Screen-size changed to (480,800)
06-26 23:03:22.246  3103  3917 D GeckoLayerClient: Window-size changed to (480,690)
06-26 23:03:22.250  3103  3917 I GeckoLayerClient: Showing checks: true
06-26 23:03:22.257   142   381 I ActivityManager: Process com.whatsapp:contacts (pid 3723) has died.
06-26 23:03:22.312  3103  3917 I GeckoTabs: Got message: Tab:Added
06-26 23:03:22.312  3103  3917 I GeckoTabs: Received message from Gecko: 264743916 - Tab:Added
06-26 23:03:22.312  3103  3917 I GeckoTabs: Added a tab with id: 2
06-26 23:03:22.343  3103  3917 I GeckoTabs: Got message: Tab:Added
06-26 23:03:22.343  3103  3917 I GeckoTabs: Received message from Gecko: 264743948 - Tab:Added
06-26 23:03:22.347  3103  3917 I GeckoTabs: Added a tab with id: 3
06-26 23:03:22.382  3103  3917 I GeckoTabs: Got message: Tab:Added
06-26 23:03:22.382  3103  3917 I GeckoTabs: Received message from Gecko: 264743985 - Tab:Added
06-26 23:03:22.382  3103  3917 I GeckoTabs: Added a tab with id: 4
06-26 23:03:22.429  3103  3917 I GeckoTabs: Got message: Tab:Added
06-26 23:03:22.429  3103  3917 I GeckoTabs: Received message from Gecko: 264744032 - Tab:Added
06-26 23:03:22.429  3103  3917 I GeckoTabs: Added a tab with id: 5
06-26 23:03:22.468  3103  3917 I GeckoTabs: Got message: Tab:Added
06-26 23:03:22.468  3103  3917 I GeckoTabs: Received message from Gecko: 264744072 - Tab:Added
06-26 23:03:22.468  3103  3917 I GeckoTabs: Added a tab with id: 6
06-26 23:03:22.476  3103  3917 I GeckoTabs: Got message: Session:RestoreEnd
06-26 23:03:22.488  3103  3917 I GeckoPanZoomController: Got message: Preferences:Data
06-26 23:03:22.500  3103  3917 I GeckoPanZoomController: Zoom animation frames: [0.0, 0.10211, 0.19864, 0.29043, 0.37816, 0.46155, 0.54054, 0.61496, 0.68467, 0.7491, 0.80794, 0.86069, 0.90651, 0.94471, 0.97401, 0.99309]
06-26 23:03:22.500  3103  3917 I GeckoAxis: Prefs: 0.85,0.97,10.0,0.012,0.04,0.3,0.5
06-26 23:03:22.531  3103  3917 I GeckoTabs: Got message: SessionHistory:New
06-26 23:03:22.547  3103  3917 I GeckoApp: Got message: Content:LocationChange
06-26 23:03:22.547  3103  3917 I GeckoApp: URI - http://online.wsj.com/article/SB10001424052702304458604577490953761891484.html?mod=googlenews_wsj
06-26 23:03:22.547  3103  3917 I GeckoTab: Updated url: http://online.wsj.com/article/SB10001424052702304458604577490953761891484.html?mod=googlenews_wsj for tab with id: 1
06-26 23:03:22.550  3103  3917 I GeckoTab: Updated favicon for tab with id: 1
06-26 23:03:22.550  3103  3917 I GeckoTab: Updated favicon URL for tab with id: 1
06-26 23:03:22.558  3103  3917 I GeckoApp: Got message: Content:SecurityChange
06-26 23:03:22.558  3103  3917 I GeckoApp: Security Mode - unknown
06-26 23:03:22.558  3103  3103 I GeckoDoorHangerPopup: Showing all doorhangers for tab: 1
06-26 23:03:22.644  3103  3917 I GeckoDisplayPortCalculator: Set strategy VelocityBiasStrategy mult=2.0, threshold=7.6800003, reverse=0.2, dangerBaseX=1.0, dangerBaseY=1.0, dangerIncrX=0.0, dangerIncrY=0.0
06-26 23:03:22.644  3103  3917 I PluginLayer: Using plugin placeholder: false
06-26 23:03:22.773  3103  3936 I Gecko   : Logging GL tracing output to /data/data/org.mozilla.firefox_beta/firefox.trace
06-26 23:03:22.773  3103  3936 I Gecko   : Attempting load of /data/local/egltrace.so
06-26 23:03:22.777   142 18243 I ActivityManager: Process com.google.android.apps.plus (pid 3027) has died.
06-26 23:03:22.840  3103  3936 I Gecko   : Attempting load of libEGL.so
06-26 23:03:22.843  3103  3936 I Gecko   : Extensions: EGL_KHR_image EGL_KHR_image_base EGL_KHR_image_base EGL_KHR_gl_texture_2D_image EGL_KHR_gl_texture_cubemap_image EGL_KHR_gl_renderbuffer_image EGL_KHR_fence_sync EGL_ANDROID_image_native_buffer EGL_ANDROID_image_native_buffer EGL_KHR_image EGL_KHR_image_base EGL_KHR_image_base EGL_KHR_gl_texture_2D_image EGL_KHR_gl_texture_cubemap_image EGL_KHR_gl_renderbuffer_image EGL_KHR_fence_sync EGL_ANDROID_image_native_buffer EGL_ANDROID_image_native_buffer  0x45
06-26 23:03:22.843  3103  3936 I Gecko   : Extensions length: 452
06-26 23:03:22.918  3103  3936 E GeckoConsole: OpenGL LayerManager Initialized Succesfully.
06-26 23:03:22.918  3103  3936 E GeckoConsole: Version: OpenGL ES 2.0 build 1.8@785978
06-26 23:03:22.918  3103  3936 E GeckoConsole: Vendor: Imagination Technologies
06-26 23:03:22.918  3103  3936 E GeckoConsole: Renderer: PowerVR SGX 540
06-26 23:03:22.918  3103  3936 E GeckoConsole: FBO Texture Target: TEXTURE_2D
06-26 23:03:22.925  3103  3116 W GeckoGlobalHistory: Rebuilding visited link set...
06-26 23:03:23.019  3103  3936 D GeckoLayerView: LayerView paint state set to 1
06-26 23:03:23.023  3103  3103 D GeckoPanZoomController: generating valid viewport using v=RectF(0.0, 0.0, 480.0, 690.0) p=RectF(0.0, 0.0, 480.0, 690.0) c=RectF(0.0, 0.0, 480.0, 690.0) z=1.0
06-26 23:03:23.035  3103  3103 D GeckoPanZoomController: generated valid viewport as v=RectF(0.0, 0.0, 480.0, 690.0) p=RectF(0.0, 0.0, 480.0, 690.0) c=RectF(0.0, 0.0, 480.0, 690.0) z=1.0
06-26 23:03:23.035  3103  3936 I GeckoAppShell: Taking whole-screen screenshot, viewport: ImmutableViewportMetrics v=(0.0,0.0,480.0,690.0) p=(0.0,0.0,480.0,690.0) c=(0.0,0.0,480.0,690.0) z=1.0
06-26 23:03:23.140  3103  3936 D GeckoLayerView: LayerView paint state set to 2
06-26 23:03:23.160  3103  3936 I Gecko   : Compositor: Composite took 140 ms.
06-26 23:03:23.203  3103  3105 D dalvikvm: GC_CONCURRENT freed 512K, 8% free 10255K/11079K, paused 2ms+8ms
06-26 23:03:23.226  3103  3917 I GeckoApp: Got message: DOMTitleChanged
06-26 23:03:23.226  3103  3917 I GeckoTab: Updated title: Google Set to Unveil Tablet at Developers Conference - WSJ.com for tab with id: 1
06-26 23:03:23.234  3103  3917 I GeckoApp: title - Google Set to Unveil Tablet at Developers Conference - WSJ.com
06-26 23:03:23.246  3103  3917 I GeckoApp: Got message: DOMLinkAdded
06-26 23:03:23.246  3103  3917 I GeckoApp: link rel - [canonical], href - http://online.wsj.com/article/SB10001424052702304458604577490953761891484.html
06-26 23:03:23.297  3103  3917 I GeckoApp: Got message: Tab:ViewportMetadata
06-26 23:03:23.375  3103  3116 D dalvikvm: GC_FOR_ALLOC freed 45K, 8% free 10247K/11079K, paused 27ms
06-26 23:03:23.382  3103  3116 I dalvikvm-heap: Grow heap (frag case) to 12.077MB for 2097168-byte allocation
06-26 23:03:23.418  3103  3105 D dalvikvm: GC_CONCURRENT freed 1K, 7% free 12293K/13191K, paused 2ms+3ms
06-26 23:03:23.422  3103  3936 I GeckoAppShell: Taking whole-screen screenshot, viewport: ImmutableViewportMetrics v=(0.0,0.0,480.0,690.0) p=(0.0,0.0,480.0,690.0) c=(0.0,0.0,980.0,1408.75) z=0.4897959
06-26 23:03:23.429  3103  3103 D GeckoPanZoomController: generating valid viewport using v=RectF(0.0, 0.0, 480.0, 690.0) p=RectF(0.0, 0.0, 480.0, 690.0) c=RectF(0.0, 0.0, 980.0, 1408.75) z=0.4897959
06-26 23:03:23.433  3103  3103 D GeckoPanZoomController: generated valid viewport as v=RectF(0.0, 0.0, 480.0, 690.0) p=RectF(0.0, 0.0, 480.0, 690.0) c=RectF(0.0, 0.0, 980.0, 1408.75) z=0.4897959
06-26 23:03:23.441  3103  3936 I Gecko   : Compositor: Composite took 37 ms.
06-26 23:03:23.507  3103  3917 E GeckoConsole: [JavaScript Warning: "Unknown property 'zoom'.  Declaration dropped." {file: "http://sc.wsj.net/cdssvco/depmgr/generator/v1/BundleList/0_0_W0_1102/File/778581.css#css_2" line: 2}]
06-26 23:03:23.507  3103  3917 E GeckoConsole: [JavaScript Warning: "Expected ',' or '{' but found '*'.  Ruleset ignored due to bad selector." {file: "http://sc.wsj.net/cdssvco/depmgr/generator/v1/BundleList/0_0_W0_1102/File/778581.css#css_2" line: 2}]
06-26 23:03:23.507  3103  3917 E GeckoConsole: [JavaScript Warning: "Expected ',' or '{' but found '*'.  Ruleset ignored due to bad selector." {file: "http://sc.wsj.net/cdssvco/depmgr/generator/v1/BundleList/0_0_W0_1102/File/778581.css#css_2" line: 2}]
06-26 23:03:23.511  3103  3917 E GeckoConsole: [JavaScript Warning: "Unknown property 'zoom'.  Declaration dropped." {file: "http://sc.wsj.net/cdssvco/depmgr/generator/v1/BundleList/0_0_W0_1102/File/778581.css#css_2" line: 6}]
06-26 23:03:23.511  3103  3917 E GeckoConsole: [JavaScript Warning: "Unknown property 'zoom'.  Declaration dropped." {file: "http://sc.wsj.net/cdssvco/depmgr/generator/v1/BundleList/0_0_W0_1102/File/778581.css#css_2" line: 7}]
06-26 23:03:23.515  3103  3917 E GeckoConsole: [JavaScript Warning: "Error in parsing value for 'filter'.  Declaration dropped." {file: "http://sc.wsj.net/cdssvco/depmgr/generator/v1/BundleList/0_0_W0_1102/File/778581.css#css_2" line: 8}]
06-26 23:03:23.570  3103  3917 E GeckoConsole: [JavaScript Warning: "Unknown property '-moz-border-radius'.  Declaration dropped." {file: "http://sc.wsj.net/cdssvco/depmgr/generator/v1/BundleList/0_0_W0_1102/File/778581.css#css_2" line: 8}]
06-26 23:03:23.578  3103  3917 E GeckoConsole: [JavaScript Warning: "Error in parsing value for 'filter'.  Declaration dropped." {file: "http://sc.wsj.net/cdssvco/depmgr/generator/v1/BundleList/0_0_W0_1102/File/778581.css#css_2" line: 8}]
06-26 23:03:23.578  3103  3917 E GeckoConsole: [JavaScript Warning: "Error in parsing value for 'background'.  Declaration dropped." {file: "http://sc.wsj.net/cdssvco/depmgr/generator/v1/BundleList/0_0_W0_1102/File/778581.css#css_2" line: 8}]
06-26 23:03:23.582  3103  3917 E GeckoConsole: [JavaScript Warning: "Expected declaration but found '*'.  Skipped to next declaration." {file: "http://sc.wsj.net/cdssvco/depmgr/generator/v1/BundleList/0_0_W0_1102/File/778581.css#css_2" line: 9}]
06-26 23:03:23.582  3103  3116 D dalvikvm: GC_FOR_ALLOC freed 2057K, 23% free 10246K/13191K, paused 66ms
06-26 23:03:23.582  3103  3917 E GeckoConsole: [JavaScript Warning: "Unknown property 'zoom'.  Declaration dropped." {file: "http://sc.wsj.net/cdssvco/depmgr/generator/v1/BundleList/0_0_W0_1102/File/778581.css#css_2" line: 11}]
06-26 23:03:23.586  3103  3917 E GeckoConsole: [JavaScript Warning: "Expected declaration but found '*'.  Skipped to next declaration." {file: "http://sc.wsj.net/cdssvco/depmgr/generator/v1/BundleList/0_0_W0_1102/File/778581.css#css_2" line: 11}]
06-26 23:03:23.590  3103  3116 I dalvikvm-heap: Grow heap (frag case) to 12.076MB for 2097168-byte allocation
06-26 23:03:23.609  3103  3917 E GeckoConsole: [JavaScript Warning: "Expected declaration but found '*'.  Skipped to next declaration." {file: "http://sc.wsj.net/cdssvco/depmgr/generator/v1/BundleList/0_0_W0_1102/File/778581.css#css_2" line: 11}]
06-26 23:03:23.636  3103  3917 E GeckoConsole: [JavaScript Warning: "Unknown property 'zoom'.  Declaration dropped." {file: "http://sc.wsj.net/cdssvco/depmgr/generator/v1/BundleList/0_0_W0_1102/File/778581.css#css_2" line: 12}]
06-26 23:03:23.640  3103  3917 E GeckoConsole: [JavaScript Warning: "Expected identifier for class selector but found ' '.  Ruleset ignored due to bad selector." {file: "http://sc.wsj.net/cdssvco/depmgr/generator/v1/BundleList/0_0_W0_1102/File/778581.css#css_2" line: 13}]
06-26 23:03:23.644  3103  3936 D dalvikvm: GC_FOR_ALLOC freed <1K, 7% free 12294K/13191K, paused 46ms
06-26 23:03:23.648  3103  3917 E GeckoConsole: [JavaScript Warning: "Expected identifier for class selector but found ' '.  Ruleset ignored due to bad selector." {file: "http://sc.wsj.net/cdssvco/depmgr/generator/v1/BundleList/0_0_W0_1102/File/778581.css#css_2" line: 13}]
06-26 23:03:23.648  3103  3917 E GeckoConsole: [JavaScript Warning: "Unknown property 'zoom'.  Declaration dropped." {file: "http://sc.wsj.net/cdssvco/depmgr/generator/v1/BundleList/0_0_W0_1102/File/778581.css#css_2" line: 14}]
06-26 23:03:23.656  3103  3917 E GeckoConsole: [JavaScript Warning: "Expected end of value but found '6px	'.  Error in parsing value for 'padding'.  Declaration dropped." {file: "http://sc.wsj.net/cdssvco/depmgr/generator/v1/BundleList/0_0_W0_1102/File/778581.css#css_2" line: 15}]
06-26 23:03:23.656  3103  3917 E GeckoConsole: [JavaScript Warning: "Expected declaration but found '*'.  Skipped to next declaration." {file: "http://sc.wsj.net/cdssvco/depmgr/generator/v1/BundleList/0_0_W0_1102/File/778581.css#css_2" line: 15}]
06-26 23:03:23.656  3103  3917 E GeckoConsole: [JavaScript Warning: "Expected declaration but found '*'.  Skipped to next declaration." {file: "http://sc.wsj.net/cdssvco/depmgr/generator/v1/BundleList/0_0_W0_1102/File/778581.css#css_2" line: 15}]
06-26 23:03:23.656  3103  3917 E GeckoConsole: [JavaScript Warning: "Expected declaration but found '*'.  Skipped to next declaration." {file: "http://sc.wsj.net/cdssvco/depmgr/generator/v1/BundleList/0_0_W0_1102/File/778581.css#css_2" line: 15}]
06-26 23:03:23.668  3103  3936 I Gecko   : Compositor: Composite took 224 ms.
06-26 23:03:23.687  3103  3917 E GeckoConsole: [JavaScript Warning: "Unknown property 'zoom'.  Declaration dropped." {file: "http://sc.wsj.net/cdssvco/depmgr/generator/v1/BundleList/0_0_W0_1102/File/778581.css#css_2" line: 17}]
06-26 23:03:23.695  3103  3917 E GeckoConsole: [JavaScript Warning: "Expected color but found 'none'.  Error in parsing value for 'background-color'.  Declaration dropped." {file: "http://sc.wsj.net/cdssvco/depmgr/generator/v1/BundleList/0_0_W0_1102/File/778581.css#css_2" line: 17}]
06-26 23:03:23.707  3103  3917 E GeckoConsole: [JavaScript Warning: "Unknown property 'zoom'.  Declaration dropped." {file: "http://sc.wsj.net/cdssvco/depmgr/generator/v1/BundleList/0_0_W0_1102/File/778581.css#css_2" line: 19}]
06-26 23:03:23.711  3103  3917 E GeckoConsole: [JavaScript Warning: "Expected ':' but found 'padding'.  Declaration dropped." {file: "http://sc.wsj.net/cdssvco/depmgr/generator/v1/BundleList/0_0_W0_1102/File/778581.css#css_2" line: 19}]
06-26 23:03:23.711  3103  3917 E GeckoConsole: [JavaScript Warning: "Error in parsing value for 'background-image'.  Declaration dropped." {file: "http://sc.wsj.net/cdssvco/depmgr/generator/v1/BundleList/0_0_W0_1102/File/778581.css#css_2" line: 19}]
06-26 23:03:23.718  3103  3917 E GeckoConsole: [JavaScript Warning: "Unknown property 'zoom'.  Declaration dropped." {file: "http://sc.wsj.net/cdssvco/depmgr/generator/v1/BundleList/0_0_W0_1102/File/778581.css#css_2" line: 20}]
06-26 23:03:23.722  3103  3105 D dalvikvm: GC_CONCURRENT freed <1K, 7% free 12294K/13191K, paused 2ms+6ms
06-26 23:03:23.722  3103  3917 E GeckoConsole: [JavaScript Warning: "Unknown property 'zoom'.  Declaration dropped." {file: "http://sc.wsj.net/cdssvco/depmgr/generator/v1/BundleList/0_0_W0_1102/File/778581.css#css_2" line: 22}]
06-26 23:03:23.734  3103  3917 E GeckoConsole: [JavaScript Warning: "Unknown property 'zoom'.  Declaration dropped." {file: "http://sc.wsj.net/cdssvco/depmgr/generator/v1/BundleList/0_0_W0_1102/File/778581.css#css_2" line: 22}]
06-26 23:03:23.746  3103  3917 E GeckoConsole: [JavaScript Warning: "Unknown property 'zoom'.  Declaration dropped." {file: "http://sc.wsj.net/cdssvco/depmgr/generator/v1/BundleList/0_0_W0_1102/File/778581.css#css_2" line: 24}]
06-26 23:03:23.746  3103  3917 E GeckoConsole: [JavaScript Warning: "Error in parsing value for 'white-space'.  Declaration dropped." {file: "http://sc.wsj.net/cdssvco/depmgr/generator/v1/BundleList/0_0_W0_1102/File/778581.css#css_2" line: 24}]
06-26 23:03:23.746  3103  3917 E GeckoConsole: [JavaScript Warning: "Error in parsing value for 'white-space'.  Declaration dropped." {file: "http://sc.wsj.net/cdssvco/depmgr/generator/v1/BundleList/0_0_W0_1102/File/778581.css#css_2" line: 24}]
06-26 23:03:23.746  3103  3917 E GeckoConsole: [JavaScript Warning: "Error in parsing value for 'white-space'.  Declaration dropped." {file: "http://sc.wsj.net/cdssvco/depmgr/generator/v1/BundleList/0_0_W0_1102/File/778581.css#css_2" line: 24}]
06-26 23:03:23.750  3103  3917 E GeckoConsole: [JavaScript Warning: "Selector expected.  Ruleset ignored due to bad selector." {file: "http://sc.wsj.net/cdssvco/depmgr/generator/v1/BundleList/0_0_W0_1102/File/778581.css#css_2" line: 25}]
06-26 23:03:23.761  3103  3917 E GeckoConsole: [JavaScript Warning: "Expected declaration but found '!'.  Skipped to next declaration." {file: "http://sc.wsj.net/cdssvco/depmgr/generator/v1/BundleList/0_0_W0_1102/File/778581.css#css_2" line: 27}]
06-26 23:03:23.773  3103  3917 E GeckoConsole: [JavaScript Warning: "Error in parsing value for 'border-collapse'.  Declaration dropped." {file: "http://sc.wsj.net/cdssvco/depmgr/generator/v1/BundleList/0_0_W0_1102/File/778581.css#css_2" line: 28}]
06-26 23:03:23.773  3103  3917 E GeckoConsole: [JavaScript Warning: "Unknown property 'zoom'.  Declaration dropped." {file: "http://sc.wsj.net/cdssvco/depmgr/generator/v1/BundleList/0_0_W0_1102/File/778581.css#css_2" line: 28}]
06-26 23:03:23.777  3103  3917 E GeckoConsole: [JavaScript Warning: "Error in parsing value for 'filter'.  Declaration dropped." {file: "http://sc.wsj.net/cdssvco/depmgr/generator/v1/BundleList/0_0_W0_1102/File/778581.css#css_2" line: 28}]
06-26 23:03:23.777  3103  3917 E GeckoConsole: [JavaScript Warning: "Unknown property '-moz-box-shadow'.  Declaration dropped." {file: "http://sc.wsj.net/cdssvco/depmgr/generator/v1/BundleList/0_0_W0_1102/File/778581.css#css_2" line: 28}]
06-26 23:03:23.781  3103  3917 E GeckoConsole: [JavaScript Warning: "Error in parsing value for 'filter'.  Declaration dropped." {file: "http://sc.wsj.net/cdssvco/depmgr/generator/v1/BundleList/0_0_W0_1102/File/778581.css#css_2" line: 29}]
06-26 23:03:23.785  3103  3917 E GeckoConsole: [JavaScript Warning: "Error in parsing value for 'filter'.  Declaration dropped." {file: "http://sc.wsj.net/cdssvco/depmgr/generator/v1/BundleList/0_0_W0_1102/File/778581.css#css_2" line: 29}]
06-26 23:03:23.789  3103  3917 E GeckoConsole: [JavaScript Warning: "Unknown property '-moz-box-shadow'.  Declaration dropped." {file: "http://sc.wsj.net/cdssvco/depmgr/generator/v1/BundleList/0_0_W0_1102/File/778581.css#css_2" line: 29}]
06-26 23:03:23.789  3103  3917 E GeckoConsole: [JavaScript Warning: "Error in parsing value for 'filter'.  Declaration dropped." {file: "http://sc.wsj.net/cdssvco/depmgr/generator/v1/BundleList/0_0_W0_1102/File/778581.css#css_2" line: 32}]
06-26 23:03:23.793  3103  3917 E GeckoConsole: [JavaScript Warning: "Unknown property 'zoom'.  Declaration dropped." {file: "http://sc.wsj.net/cdssvco/depmgr/generator/v1/BundleList/0_0_W0_1102/File/778581.css#css_2" line: 33}]
06-26 23:03:23.797   142  4967 I ActivityManager: Process com.google.android.syncadapters.calendar (pid 3595) has died.
06-26 23:03:23.808  3103  3917 E GeckoConsole: [JavaScript Warning: "Expected color but found 'middle'.  Error in parsing value for 'background'.  Declaration dropped." {file: "http://sc.wsj.net/cdssvco/depmgr/generator/v1/BundleList/0_0_W0_1103/File/736099.css#css_3" line: 2}]
06-26 23:03:23.816  3103  3917 E GeckoConsole: [JavaScript Warning: "Unknown property 'zoom'.  Declaration dropped." {file: "http://sc.wsj.net/cdssvco/depmgr/generator/v1/BundleList/0_0_W0_1103/File/736099.css#css_3" line: 4}]
06-26 23:03:23.820  3103  3917 E GeckoConsole: [JavaScript Warning: "Unknown property 'zoom'.  Declaration dropped." {file: "http://sc.wsj.net/cdssvco/depmgr/generator/v1/BundleList/0_0_W0_1103/File/736099.css#css_3" line: 5}]
06-26 23:03:23.824  3103  3917 E GeckoConsole: [JavaScript Warning: "Expected declaration but found '*'.  Skipped to next declaration." {file: "http://sc.wsj.net/cdssvco/depmgr/generator/v1/BundleList/0_0_W0_1103/File/736099.css#css_3" line: 8}]
06-26 23:03:23.836  3103  3917 E GeckoConsole: [JavaScript Warning: "Unknown property 'zoom'.  Declaration dropped." {file: "http://sc.wsj.net/cdssvco/depmgr/generator/v1/BundleList/0_0_W0_1103/File/736099.css#css_3" line: 11}]
06-26 23:03:23.836  3103  3917 E GeckoConsole: [JavaScript Warning: "Unknown property 'zoom'.  Declaration dropped." {file: "http://sc.wsj.net/cdssvco/depmgr/generator/v1/BundleList/0_0_W0_1103/File/736099.css#css_3" line: 13}]
06-26 23:03:23.840  3103  3917 E GeckoConsole: [JavaScript Warning: "Unknown property 'zoom'.  Declaration dropped." {file: "http://sc.wsj.net/cdssvco/depmgr/generator/v1/BundleList/0_0_W0_1103/File/736099.css#css_3" line: 14}]
06-26 23:03:23.843  3103  3917 E GeckoConsole: [JavaScript Warning: "Unknown property '-moz-box-shadow'.  Declaration dropped." {file: "http://sc.wsj.net/cdssvco/depmgr/generator/v1/BundleList/0_0_W0_1103/File/736099.css#css_3" line: 14}]
06-26 23:03:23.843  3103  3917 E GeckoConsole: [JavaScript Warning: "Error in parsing value for 'background-image'.  Declaration dropped." {file: "http://sc.wsj.net/cdssvco/depmgr/generator/v1/BundleList/0_0_W0_1103/File/736099.css#css_3" line: 14}]
06-26 23:03:23.847  3103  3917 E GeckoConsole: [JavaScript Warning: "Selector expected.  Ruleset ignored due to bad selector." {file: "http://sc.wsj.net/cdssvco/depmgr/generator/v1/BundleList/0_0_W0_1103/File/736099.css#css_3" line: 14}]
06-26 23:03:23.847  3103  3917 E GeckoConsole: [JavaScript Warning: "Unknown property 'zoom'.  Declaration dropped." {file: "http://sc.wsj.net/cdssvco/depmgr/generator/v1/BundleList/0_0_W0_1103/File/736099.css#css_3" line: 15}]
06-26 23:03:23.867  3103  3917 E GeckoConsole: [JavaScript Warning: "Expected declaration but found '*'.  Skipped to next declaration." {file: "http://sc.wsj.net/cdssvco/depmgr/generator/v1/BundleList/0_0_W0_1103/File/736099.css#css_3" line: 18}]
06-26 23:03:23.867  3103  3917 E GeckoConsole: [JavaScript Warning: "Expected declaration but found '*'.  Skipped to next declaration." {file: "http://sc.wsj.net/cdssvco/depmgr/generator/v1/BundleList/0_0_W0_1103/File/736099.css#css_3" line: 18}]
06-26 23:03:23.871  3103  3917 E GeckoConsole: [JavaScript Warning: "Error in parsing value for 'filter'.  Declaration dropped." {file: "http://sc.wsj.net/cdssvco/depmgr/generator/v1/BundleList/0_0_W0_1103/File/736099.css#css_3" line: 18}]
06-26 23:03:23.879  3103  3917 E GeckoConsole: [JavaScript Warning: "Error in parsing value for 'filter'.  Declaration dropped." {file: "http://sc.wsj.net/cdssvco/depmgr/generator/v1/BundleList/0_0_W0_1103/File/736099.css#css_3" line: 19}]
06-26 23:03:23.879  3103  3917 E GeckoConsole: [JavaScript Warning: "Error in parsing value for 'background'.  Declaration dropped." {file: "http://sc.wsj.net/cdssvco/depmgr/generator/v1/BundleList/0_0_W0_1103/File/736099.css#css_3" line: 19}]
06-26 23:03:23.879  3103  3917 E GeckoConsole: [JavaScript Warning: "Error in parsing value for 'filter'.  Declaration dropped." {file: "http://sc.wsj.net/cdssvco/depmgr/generator/v1/BundleList/0_0_W0_1103/File/736099.css#css_3" line: 19}]
06-26 23:03:23.879  3103  3917 E GeckoConsole: [JavaScript Warning: "Error in parsing value for 'background'.  Declaration dropped." {file: "http://sc.wsj.net/cdssvco/depmgr/generator/v1/BundleList/0_0_W0_1103/File/736099.css#css_3" line: 19}]
06-26 23:03:23.882  3103  3917 E GeckoConsole: [JavaScript Warning: "Unknown property 'zoom'.  Declaration dropped." {file: "http://sc.wsj.net/cdssvco/depmgr/generator/v1/BundleList/0_0_W0_1103/File/736099.css#css_3" line: 20}]
06-26 23:03:23.890  3103  3917 E GeckoConsole: [JavaScript Warning: "Error in parsing value for 'filter'.  Declaration dropped." {file: "http://sc.wsj.net/cdssvco/depmgr/generator/v1/BundleList/0_0_W0_1103/File/736099.css#css_3" line: 26}]
06-26 23:03:23.894  3103  3917 E GeckoConsole: [JavaScript Warning: "Unknown property 'font-color'.  Declaration dropped." {file: "http://sc.wsj.net/cdssvco/depmgr/generator/v1/BundleList/0_0_W0_1103/File/736099.css#css_3" line: 27}]
06-26 23:03:23.894  3103  3917 E GeckoConsole: [JavaScript Warning: "Unknown property 'bottom-padding'.  Declaration dropped." {file: "http://sc.wsj.net/cdssvco/depmgr/generator/v1/BundleList/0_0_W0_1103/File/736099.css#css_3" line: 27}]
06-26 23:03:23.902  3103  3917 E GeckoConsole: [JavaScript Warning: "Error in parsing value for 'margin-top'.  Declaration dropped." {file: "http://sc.wsj.net/cdssvco/depmgr/generator/v1/BundleList/0_0_W0_1103/File/736099.css#css_3" line: 32}]
06-26 23:03:23.910  3103  3917 E GeckoConsole: [JavaScript Warning: "Error in parsing value for 'margin-top'.  Declaration dropped." {file: "http://sc.wsj.net/cdssvco/depmgr/generator/v1/BundleList/0_0_W0_1103/File/736099.css#css_3" line: 36}]
06-26 23:03:23.910  3103  3917 E GeckoConsole: [JavaScript Warning: "Error in parsing value for 'margin-top'.  Declaration dropped." {file: "http://sc.wsj.net/cdssvco/depmgr/generator/v1/BundleList/0_0_W0_1103/File/736099.css#css_3" line: 36}]
06-26 23:03:23.914  3103  3917 E GeckoConsole: [JavaScript Warning: "Unknown property 'zoom'.  Declaration dropped." {file: "http://sc.wsj.net/cdssvco/depmgr/generator/v1/BundleList/0_0_W0_1103/File/736099.css#css_3" line: 39}]
06-26 23:03:23.933  3103  3917 E GeckoConsole: [JavaScript Warning: "Unknown property 'zoom'.  Declaration dropped." {file: "http://sc.wsj.net/cdssvco/depmgr/generator/v1/BundleList/0_0_W0_1103/File/736099.css#css_3" line: 49}]
06-26 23:03:23.961  3103  3917 E GeckoConsole: [JavaScript Warning: "Unknown property 'zoom'.  Declaration dropped." {file: "http://sc.wsj.net/cdssvco/depmgr/generator/v1/BundleList/0_0_W0_1103/File/736099.css#css_3" line: 52}]
06-26 23:03:23.972  3103  3917 E GeckoConsole: [JavaScript Warning: "Unknown property 'zoom'.  Declaration dropped." {file: "http://sc.wsj.net/cdssvco/depmgr/generator/v1/BundleList/0_0_W0_1103/File/736099.css#css_3" line: 52}]
06-26 23:03:23.972  3103  3917 E GeckoConsole: [JavaScript Warning: "Error in parsing value for 'filter'.  Declaration dropped." {file: "http://sc.wsj.net/cdssvco/depmgr/generator/v1/BundleList/0_0_W0_1103/File/736099.css#css_3" line: 52}]
06-26 23:03:23.972  3103  3917 E GeckoConsole: [JavaScript Warning: "Error in parsing value for 'filter'.  Declaration dropped." {file: "http://sc.wsj.net/cdssvco/depmgr/generator/v1/BundleList/0_0_W0_1103/File/736099.css#css_3" line: 52}]
06-26 23:03:23.976  3103  3917 E GeckoConsole: [JavaScript Warning: "Error in parsing value for 'filter'.  Declaration dropped." {file: "http://sc.wsj.net/cdssvco/depmgr/generator/v1/BundleList/0_0_W0_1103/File/736099.css#css_3" line: 52}]
06-26 23:03:23.988  3103  3917 E GeckoConsole: [JavaScript Warning: "Unknown property 'zoom'.  Declaration dropped." {file: "http://sc.wsj.net/cdssvco/depmgr/generator/v1/BundleList/0_0_W0_1103/File/736099.css#css_3" line: 54}]
06-26 23:03:23.992  3103  3917 E GeckoConsole: [JavaScript Warning: "Unknown property 'zoom'.  Declaration dropped." {file: "http://sc.wsj.net/cdssvco/depmgr/generator/v1/BundleList/0_0_W0_1103/File/736099.css#css_3" line: 55}]
06-26 23:03:23.996  3103  3917 E GeckoConsole: [JavaScript Warning: "Expected color but found 'none'.  Error in parsing value for 'background-color'.  Declaration dropped." {file: "http://sc.wsj.net/cdssvco/depmgr/generator/v1/BundleList/0_0_W0_1103/File/736099.css#css_3" line: 56}]
06-26 23:03:24.011  3103  3917 E GeckoConsole: [JavaScript Warning: "Unknown property 'zoom'.  Declaration dropped." {file: "http://sc.wsj.net/cdssvco/depmgr/generator/v1/BundleList/0_0_W0_1103/File/736099.css#css_3" line: 59}]
06-26 23:03:24.015  3103  3917 E GeckoConsole: [JavaScript Warning: "Unknown property 'zoom'.  Declaration dropped." {file: "http://sc.wsj.net/cdssvco/depmgr/generator/v1/BundleList/0_0_W0_1103/File/736099.css#css_3" line: 60}]
06-26 23:03:24.023  3103  3917 E GeckoConsole: [JavaScript Warning: "Unknown property 'zoom'.  Declaration dropped." {file: "http://sc.wsj.net/cdssvco/depmgr/generator/v1/BundleList/0_0_W0_1103/File/736099.css#css_3" line: 61}]
06-26 23:03:24.027  3103  3917 E GeckoConsole: [JavaScript Warning: "Unknown property 'zoom'.  Declaration dropped." {file: "http://sc.wsj.net/cdssvco/depmgr/generator/v1/BundleList/0_0_W0_1103/File/736099.css#css_3" line: 61}]
06-26 23:03:24.027  3103  3917 E GeckoConsole: [JavaScript Warning: "Unknown property '-moz-box-shadow'.  Declaration dropped." {file: "http://sc.wsj.net/cdssvco/depmgr/generator/v1/BundleList/0_0_W0_1103/File/736099.css#css_3" line: 62}]
06-26 23:03:24.027  3103  3917 E GeckoConsole: [JavaScript Warning: "Expected ':' but found '}'.  Declaration dropped." {file: "http://sc.wsj.net/cdssvco/depmgr/generator/v1/BundleList/0_0_W0_1103/File/736099.css#css_3" line: 62}]
06-26 23:03:24.035  3103  3917 E GeckoConsole: [JavaScript Warning: "Unknown property 'zoom'.  Declaration dropped." {file: "http://sc.wsj.net/cdssvco/depmgr/generator/v1/BundleList/0_0_W0_1103/File/736099.css#css_3" line: 64}]
06-26 23:03:24.047  3103  3917 E GeckoConsole: [JavaScript Warning: "Unknown property 'zoom'.  Declaration dropped." {file: "http://sc.wsj.net/cdssvco/depmgr/generator/v1/BundleList/0_0_W0_1104/File/773127.css#css_4" line: 2}]
06-26 23:03:24.058  3103  3917 E GeckoConsole: [JavaScript Warning: "Expected media feature name but found '-webkit-min-device-pixel-ratio'." {file: "http://sc.wsj.net/cdssvco/depmgr/generator/v1/BundleList/0_0_W0_1104/File/773127.css#css_4" line: 3}]
06-26 23:03:24.058  3103  3917 E GeckoConsole: [JavaScript Warning: "Expected declaration but found '*'.  Skipped to next declaration." {file: "http://sc.wsj.net/cdssvco/depmgr/generator/v1/BundleList/0_0_W0_1104/File/773127.css#css_4" line: 4}]
06-26 23:03:24.062  3103  3917 E GeckoConsole: [JavaScript Warning: "Expected declaration but found '*'.  Skipped to next declaration." {file: "http://sc.wsj.net/cdssvco/depmgr/generator/v1/BundleList/0_0_W0_1104/File/773127.css#css_4" line: 4}]
06-26 23:03:24.062  3103  3917 E GeckoConsole: [JavaScript Warning: "Expected declaration but found '*'.  Skipped to next declaration." {file: "http://sc.wsj.net/cdssvco/depmgr/generator/v1/BundleList/0_0_W0_1104/File/773127.css#css_4" line: 4}]
06-26 23:03:24.062  3103  3917 E GeckoConsole: [JavaScript Warning: "Expected declaration but found '*'.  Skipped to next declaration." {file: "http://sc.wsj.net/cdssvco/depmgr/generator/v1/BundleList/0_0_W0_1104/File/773127.css#css_4" line: 4}]
06-26 23:03:24.062  3103  3917 E GeckoConsole: [JavaScript Warning: "Error in parsing value for 'width'.  Declaration dropped." {file: "http://sc.wsj.net/cdssvco/depmgr/generator/v1/BundleList/0_0_W0_1104/File/773127.css#css_4" line: 4}]
06-26 23:03:24.062  3103  3917 E GeckoConsole: [JavaScript Warning: "Expected declaration but found '*'.  Skipped to next declaration." {file: "http://sc.wsj.net/cdssvco/depmgr/generator/v1/BundleList/0_0_W0_1104/File/773127.css#css_4" line: 4}]
06-26 23:03:24.062  3103  3917 E GeckoConsole: [JavaScript Warning: "Error in parsing value for 'height'.  Declaration dropped." {file: "http://sc.wsj.net/cdssvco/depmgr/generator/v1/BundleList/0_0_W0_1104/File/773127.css#css_4" line: 4}]
06-26 23:03:24.062  3103  3917 E GeckoConsole: [JavaScript Warning: "Error in parsing value for 'display'.  Declaration dropped." {file: "http://sc.wsj.net/cdssvco/depmgr/generator/v1/BundleList/0_0_W0_1104/File/773127.css#css_4" line: 4}]
06-26 23:03:24.066  3103  3917 E GeckoConsole: [JavaScript Warning: "Error in parsing value for 'height'.  Declaration dropped." {file: "http://sc.wsj.net/cdssvco/depmgr/generator/v1/BundleList/0_0_W0_1104/File/773127.css#css_4" line: 4}]
06-26 23:03:24.066  3103  3917 E GeckoConsole: [JavaScript Warning: "Error in parsing value for 'margin'.  Declaration dropped." {file: "http://sc.wsj.net/cdssvco/depmgr/generator/v1/BundleList/0_0_W0_1104/File/773127.css#css_4" line: 4}]
06-26 23:03:24.066  3103  3917 E GeckoConsole: [JavaScript Warning: "Error in parsing value for 'padding'.  Declaration dropped." {file: "http://sc.wsj.net/cdssvco/depmgr/generator/v1/BundleList/0_0_W0_1104/File/773127.css#css_4" line: 4}]
06-26 23:03:24.066  3103  3917 E GeckoConsole: [JavaScript Warning: "Error in parsing value for 'width'.  Declaration dropped." {file: "http://sc.wsj.net/cdssvco/depmgr/generator/v1/BundleList/0_0_W0_1104/File/773127.css#css_4" line: 4}]
06-26 23:03:24.066  3103  3917 E GeckoConsole: [JavaScript Warning: "Error in parsing value for 'visibility'.  Declaration dropped." {file: "http://sc.wsj.net/cdssvco/depmgr/generator/v1/BundleList/0_0_W0_1104/File/773127.css#css_4" line: 4}]
06-26 23:03:24.066  3103  3917 E GeckoConsole: [JavaScript Warning: "Expected declaration but found '*'.  Skipped to next declaration." {file: "http://sc.wsj.net/cdssvco/depmgr/generator/v1/BundleList/0_0_W0_1104/File/773127.css#css_4" line: 4}]
06-26 23:03:24.066  3103  3917 E GeckoConsole: [JavaScript Warning: "Expected media feature name but found '-webkit-min-device-pixel-ratio'." {file: "http://sc.wsj.net/cdssvco/depmgr/generator/v1/BundleList/0_0_W0_1104/File/773127.css#css_4" line: 4}]
06-26 23:03:24.078  3103  3917 E GeckoConsole: [JavaScript Warning: "Unknown property 'zoom'.  Declaration dropped." {file: "http://sc.wsj.net/cdssvco/depmgr/generator/v1/BundleList/0_0_W0_1104/File/773127.css#css_4" line: 9}]
06-26 23:03:24.082  3103  3917 E GeckoConsole: [JavaScript Warning: "Unknown property 'zoom'.  Declaration dropped." {file: "http://sc.wsj.net/cdssvco/depmgr/generator/v1/BundleList/0_0_W0_1104/File/773127.css#css_4" line: 13}]
06-26 23:03:24.082  3103  3917 E GeckoConsole: [JavaScript Warning: "Unknown property 'background-position-y'.  Declaration dropped." {file: "http://sc.wsj.net/cdssvco/depmgr/generator/v1/BundleList/0_0_W0_1104/File/773127.css#css_4" line: 13}]
06-26 23:03:24.082  3103  3917 E GeckoConsole: [JavaScript Warning: "Unknown property 'zoom'.  Declaration dropped." {file: "http://sc.wsj.net/cdssvco/depmgr/generator/v1/BundleList/0_0_W0_1104/File/773127.css#css_4" line: 14}]
06-26 23:03:24.082  3103  3917 E GeckoConsole: [JavaScript Warning: "Expected declaration but found '*'.  Skipped to next declaration." {file: "http://sc.wsj.net/cdssvco/depmgr/generator/v1/BundleList/0_0_W0_1104/File/773127.css#css_4" line: 14}]
06-26 23:03:24.097  3103  3917 E GeckoConsole: [JavaScript Warning: "Error in parsing value for 'filter'.  Declaration dropped." {file: "http://sc.wsj.net/cdssvco/depmgr/generator/v1/BundleList/0_0_W0_1104/File/773127.css#css_4" line: 14}]
06-26 23:03:24.097  3103  3917 E GeckoConsole: [JavaScript Warning: "Error in parsing value for 'filter'.  Declaration dropped." {file: "http://sc.wsj.net/cdssvco/depmgr/generator/v1/BundleList/0_0_W0_1104/File/773127.css#css_4" line: 14}]
06-26 23:03:24.097  3103  3917 E GeckoConsole: [JavaScript Warning: "Error in parsing value for 'filter'.  Declaration dropped." {file: "http://sc.wsj.net/cdssvco/depmgr/generator/v1/BundleList/0_0_W0_1104/File/773127.css#css_4" line: 14}]
06-26 23:03:24.097  3103  3917 E GeckoConsole: [JavaScript Warning: "Error in parsing value for 'filter'.  Declaration dropped." {file: "http://sc.wsj.net/cdssvco/depmgr/generator/v1/BundleList/0_0_W0_1104/File/773127.css#css_4" line: 14}]
06-26 23:03:24.097  3103  3917 E GeckoConsole: [JavaScript Warning: "Unknown property 'paddingd-bottom'.  Declaration dropped." {file: "http://sc.wsj.net/cdssvco/depmgr/generator/v1/BundleList/0_0_W0_1104/File/773127.css#css_4" line: 14}]
06-26 23:03:24.105  3103  3917 E GeckoConsole: [JavaScript Warning: "Unknown property 'zoom'.  Declaration dropped." {file: "http://sc.wsj.net/cdssvco/depmgr/generator/v1/BundleList/0_0_W0_1104/File/773127.css#css_4" line: 14}]
06-26 23:03:24.117  3103  3917 E GeckoConsole: [JavaScript Warning: "Unknown property 'zoom'.  Declaration dropped." {file: "http://sc.wsj.net/cdssvco/depmgr/generator/v1/BundleList/0_0_W0_1104/File/773127.css#css_4" line: 15}]
06-26 23:03:24.121  3103  3917 E GeckoConsole: [JavaScript Warning: "Unknown property '-moz-box-shadow'.  Declaration dropped." {file: "http://sc.wsj.net/cdssvco/depmgr/generator/v1/BundleList/0_0_W0_1104/File/773127.css#css_4" line: 17}]
06-26 23:03:24.125  3103  3917 E GeckoConsole: [JavaScript Warning: "Unknown property '-moz-box-shadow'.  Declaration dropped." {file: "http://sc.wsj.net/cdssvco/depmgr/generator/v1/BundleList/0_0_W0_1104/File/773127.css#css_4" line: 17}]
06-26 23:03:24.125  3103  3917 E GeckoConsole: [JavaScript Warning: "Unknown property '-moz-box-shadow'.  Declaration dropped." {file: "http://sc.wsj.net/cdssvco/depmgr/generator/v1/BundleList/0_0_W0_1104/File/773127.css#css_4" line: 17}]
06-26 23:03:24.136  3103  3917 E GeckoConsole: [JavaScript Warning: "Error in parsing value for 'border-collapse'.  Declaration dropped." {file: "http://sc.wsj.net/cdssvco/depmgr/generator/v1/BundleList/0_0_W0_1104/File/773127.css#css_4" line: 18}]
06-26 23:03:24.140  3103  3917 E GeckoConsole: [JavaScript Warning: "Unknown property '-moz-box-shadow'.  Declaration dropped." {file: "http://sc.wsj.net/cdssvco/depmgr/generator/v1/BundleList/0_0_W0_1104/File/773127.css#css_4" line: 21}]
06-26 23:03:24.140  3103  3917 E GeckoConsole: [JavaScript Warning: "Expected ':' but found '}'.  Declaration dropped." {file: "http://sc.wsj.net/cdssvco/depmgr/generator/v1/BundleList/0_0_W0_1104/File/773127.css#css_4" line: 21}]
06-26 23:03:24.238 18999 18999 D wpa_supplicant: wpa_driver_wext_driver_cmd RSSI len = 248
06-26 23:03:24.246 18999 18999 D wpa_supplicant: wpa_driver_wext_driver_cmd raikiri rssi -41  len = 17, 17
06-26 23:03:24.246 18999 18999 D wpa_supplicant: wpa_driver_wext_driver_cmd LINKSPEED len = 248
06-26 23:03:24.246 18999 18999 D wpa_supplicant: wpa_driver_wext_driver_cmd LinkSpeed 72 len = 12, 12
06-26 23:03:25.324  3103  3936 I Gecko   : Compositor: Composite took 68 ms.
06-26 23:03:25.332  3103  3917 I GeckoApp: Got message: DOMLinkAdded
06-26 23:03:25.332  3103  3917 I GeckoApp: link rel - [shortcut] [icon], href - http://online.wsj.com/favicon.ico
06-26 23:03:25.332  3103  3917 I GeckoTab: Updated favicon URL for tab with id: 1
06-26 23:03:25.453   142 30603 I ActivityManager: Process com.android.providers.calendar (pid 3611) has died.
06-26 23:03:25.562   142   159 I ActivityManager: Start proc com.android.contacts for service com.android.contacts/.vcard.VCardService: pid=3943 uid=10000 gids={3003, 1015}
06-26 23:03:25.601  3103  3103 D GeckoPanZoomController: generating valid viewport using v=RectF(0.0, 0.0, 480.0, 690.0) p=RectF(0.0, 0.0, 486.0, 690.0) c=RectF(0.0, 0.0, 993.0, 1408.75) z=0.4897959
06-26 23:03:25.605  3103  3103 D GeckoPanZoomController: generated valid viewport as v=RectF(0.0, 0.0, 480.0, 690.0) p=RectF(0.0, 0.0, 486.0, 690.0) c=RectF(0.0, 0.0, 993.0, 1408.75) z=0.4897959
06-26 23:03:25.648    79    79 D dalvikvm: GC_EXPLICIT freed 37K, 4% free 9031K/9347K, paused 2ms+12ms
06-26 23:03:25.660  3103  3936 I Gecko   : Compositor: Composite took 62 ms.
06-26 23:03:25.699    79    79 D dalvikvm: GC_EXPLICIT freed <1K, 4% free 9031K/9347K, paused 6ms+5ms
06-26 23:03:25.730    79    79 D dalvikvm: GC_EXPLICIT freed <1K, 4% free 9031K/9347K, paused 4ms+3ms
06-26 23:03:25.738   142 30526 I ActivityManager: Process com.android.vending (pid 3769) has died.
06-26 23:03:25.738   142 30526 I WindowManager: WIN DEATH: Window{416d04a8 com.android.vending/com.android.vending.AssetBrowserActivity paused=false}
06-26 23:03:26.152  3103  3936 I Gecko   : Compositor: Composite took 32 ms.
06-26 23:03:26.187   366   366 D OpenGLRenderer: Flushing caches (mode 2)
06-26 23:03:26.238   366   366 D OpenGLRenderer: Flushing caches (mode 0)
06-26 23:03:26.386  3103  3936 I Gecko   : Compositor: Composite took 32 ms.
06-26 23:03:26.582  3103  3936 I Gecko   : Compositor: Composite took 30 ms.
06-26 23:03:27.250 18999 18999 D wpa_supplicant: wpa_driver_wext_driver_cmd RSSI len = 248
06-26 23:03:27.257 18999 18999 D wpa_supplicant: wpa_driver_wext_driver_cmd raikiri rssi -45  len = 17, 17
06-26 23:03:27.257 18999 18999 D wpa_supplicant: wpa_driver_wext_driver_cmd LINKSPEED len = 248
06-26 23:03:27.257 18999 18999 D wpa_supplicant: wpa_driver_wext_driver_cmd LinkSpeed 19 len = 12, 12
06-26 23:03:30.261 18999 18999 D wpa_supplicant: wpa_driver_wext_driver_cmd RSSI len = 248
06-26 23:03:30.269 18999 18999 D wpa_supplicant: wpa_driver_wext_driver_cmd raikiri rssi -47  len = 17, 17
06-26 23:03:30.269 18999 18999 D wpa_supplicant: wpa_driver_wext_driver_cmd LINKSPEED len = 248
06-26 23:03:30.269 18999 18999 D wpa_supplicant: wpa_driver_wext_driver_cmd LinkSpeed 19 len = 12, 12
06-26 23:03:30.347   142 30604 I ActivityManager: START {cmp=org.mozilla.firefox_beta/org.mozilla.gecko.TabsTray} from pid 3103
06-26 23:03:30.613  3943  3957 D AccountTypeManager: Registering external account type=com.whatsapp, packageName=com.whatsapp
06-26 23:03:30.675  3103  3936 I Gecko   : Compositor: Composite took 30 ms.
06-26 23:03:30.683  3103  3103 I GeckoViewsFactory: Creating custom Gecko view: TabsTray$TabsListContainer
06-26 23:03:30.726  3103  3103 I GeckoViewsFactory: Creating custom Gecko view: LinkTextView
06-26 23:03:30.847  3943  3957 W ResourceType: getEntry failing because entryIndex 603 is beyond type entryCount 189
06-26 23:03:30.847  3943  3957 W ResourceType: Failure getting entry for 0x7f02025b (t=1 e=603) in package 0 (error -2147483647)
06-26 23:03:30.847  3943  3957 D AccountTypeManager: Registering external account type=com.xabber.androiddev, packageName=com.xabber.androiddev
06-26 23:03:30.886  3943  3957 D AccountTypeManager: Registering external account type=com.facebook.auth.login, packageName=com.facebook.katana
06-26 23:03:30.929   142   158 I Process : Sending signal. PID: 3103 SIG: 3
06-26 23:03:30.929  3103  3107 I dalvikvm: threadid=3: reacting to signal 3
06-26 23:03:30.980  3103  3107 I dalvikvm: Wrote stack traces to '/data/anr/traces.txt'
06-26 23:03:31.019  3103  3936 I Gecko   : Compositor: Composite took 125 ms.
06-26 23:03:31.050  3103  3103 D GeckoPanZoomController: generating valid viewport using v=RectF(0.0, 0.0, 480.0, 690.0) p=RectF(0.0, 0.0, 486.0, 1084.0) c=RectF(0.0, 0.0, 993.0, 2213.75) z=0.4897959
06-26 23:03:31.054  3103  3103 D GeckoPanZoomController: generated valid viewport as v=RectF(0.0, 0.0, 480.0, 690.0) p=RectF(0.0, 0.0, 486.0, 1084.0) c=RectF(0.0, 0.0, 993.0, 2213.75) z=0.4897959
06-26 23:03:31.172  3103  3116 D dalvikvm: GC_FOR_ALLOC freed 2322K, 20% free 10809K/13447K, paused 41ms
06-26 23:03:31.425   142   158 I Process : Sending signal. PID: 3103 SIG: 3
06-26 23:03:31.429  3103  3107 I dalvikvm: threadid=3: reacting to signal 3
06-26 23:03:31.488   142 30526 W ResourceType: Skipping entry 0x7f040000 in package table 0 because it is not complex!
06-26 23:03:31.519  3103  3107 I dalvikvm: Wrote stack traces to '/data/anr/traces.txt'
06-26 23:03:31.527   142   172 I ActivityManager: Displayed org.mozilla.firefox_beta/org.mozilla.gecko.TabsTray: +1s103ms
06-26 23:03:31.703  3103  3105 D dalvikvm: GC_CONCURRENT freed 329K, 19% free 10956K/13447K, paused 3ms+7ms
06-26 23:03:31.980   142  4967 I ActivityManager: Process android.process.acore (pid 2864) has died.
06-26 23:03:32.050  3943  3957 W ResourceType: getEntry failing because entryIndex 344 is beyond type entryCount 189
06-26 23:03:32.152  3943  3957 W ResourceType: Failure getting entry for 0x7f020158 (t=1 e=344) in package 0 (error -2147483647)
06-26 23:03:32.222  3943  3957 D AccountTypeManager: Registering 1 extension packages
06-26 23:03:32.289  3103  3936 I Gecko   : Compositor: Composite took 71 ms.
06-26 23:03:32.468  3103  3103 D GeckoPanZoomController: generating valid viewport using v=RectF(0.0, 0.0, 480.0, 690.0) p=RectF(0.0, 0.0, 486.0, 1184.0) c=RectF(0.0, 0.0, 993.0, 2417.75) z=0.4897959
06-26 23:03:32.468  3103  3103 D GeckoPanZoomController: generated valid viewport as v=RectF(0.0, 0.0, 480.0, 690.0) p=RectF(0.0, 0.0, 486.0, 1184.0) c=RectF(0.0, 0.0, 993.0, 2417.75) z=0.4897959
06-26 23:03:32.632  3103  3936 I Gecko   : Compositor: Composite took 195 ms.
06-26 23:03:33.015  3943  3946 D dalvikvm: GC_CONCURRENT freed 214K, 4% free 9295K/9607K, paused 82ms+88ms
06-26 23:03:33.203  3103  3103 I GeckoTabs: Removed a tab with id: 2
06-26 23:03:33.211  3103  3103 I GeckoToolbar: zerdatime 264754814 - Throbber start
06-26 23:03:33.215  3103  3103 I GeckoDoorHangerPopup: Showing all doorhangers for tab: 1
06-26 23:03:33.222  3103  3103 I GeckoDoorHangerPopup: Showing all doorhangers for tab: 1
06-26 23:03:33.273 18999 18999 D wpa_supplicant: wpa_driver_wext_driver_cmd RSSI len = 248
06-26 23:03:33.281 18999 18999 D wpa_supplicant: wpa_driver_wext_driver_cmd raikiri rssi -46  len = 17, 17
06-26 23:03:33.281 18999 18999 D wpa_supplicant: wpa_driver_wext_driver_cmd LINKSPEED len = 248
06-26 23:03:33.281 18999 18999 D wpa_supplicant: wpa_driver_wext_driver_cmd LinkSpeed 19 len = 12, 12
06-26 23:03:33.691  3943  3957 E ExternalAccountType: Unsupported attribute readOnly
06-26 23:03:33.715  3943  3957 W ResourceType: getEntry failing because entryIndex 243 is beyond type entryCount 189
06-26 23:03:33.730  3943  3957 W ResourceType: Failure getting entry for 0x7f0200f3 (t=1 e=243) in package 0 (error -2147483647)
06-26 23:03:33.777  3103  3103 D GeckoPanZoomController: generating valid viewport using v=RectF(0.0, 0.0, 480.0, 690.0) p=RectF(0.0, 0.0, 487.0, 1453.0) c=RectF(0.0, 0.0, 995.0, 2965.75) z=0.4897959
06-26 23:03:33.777  3103  3103 D GeckoPanZoomController: generated valid viewport as v=RectF(0.0, 0.0, 480.0, 690.0) p=RectF(0.0, 0.0, 487.0, 1453.0) c=RectF(0.0, 0.0, 995.0, 2965.75) z=0.4897959
06-26 23:03:33.851  3103  3936 I Gecko   : Compositor: Composite took 119 ms.
06-26 23:03:33.871  3103  3103 I GeckoTabs: Removed a tab with id: 3
06-26 23:03:33.898  3103  3103 I GeckoToolbar: zerdatime 264755501 - Throbber start
06-26 23:03:33.898  3103  3103 I GeckoDoorHangerPopup: Showing all doorhangers for tab: 1
06-26 23:03:33.906  3103  3103 I GeckoDoorHangerPopup: Showing all doorhangers for tab: 1
06-26 23:03:34.379  3943  3957 D AccountTypeManager: Registering extension package account type=com.google, dataSet=plus, packageName=com.google.android.apps.plus
06-26 23:03:34.425  3103  3103 I GeckoTabs: Removed a tab with id: 4
06-26 23:03:34.449  3103  3103 I GeckoToolbar: zerdatime 264756052 - Throbber start
06-26 23:03:34.449  3103  3103 I GeckoDoorHangerPopup: Showing all doorhangers for tab: 1
06-26 23:03:34.457  3103  3103 I GeckoDoorHangerPopup: Showing all doorhangers for tab: 1
06-26 23:03:34.636  3103  3936 I Gecko   : Compositor: Composite took 30 ms.
06-26 23:03:34.734  3103  3917 E GeckoConsole: [JavaScript Warning: "Unknown property 'cellspacing'.  Declaration dropped." {file: "http://ac3.msn.com/de.ashx?adunitid=28119&v=pubm12&w=571&h=250&url=http%3A//online.wsj.com/article/SB10001424052702304458604577490953761891484.html%3Fmod%3Dgooglenews_wsj&lmt=1340766202&tz=240&cc=100&dt=1340766207233&uh=800&uw=480&uah=800&uaw=480&cd=16&app=Netscape&his=1&plf=Linux%20armv7l" line: 18}]
06-26 23:03:34.738  3103  3917 E GeckoConsole: [JavaScript Warning: "Unknown property 'cellpadding'.  Declaration dropped." {file: "http://ac3.msn.com/de.ashx?adunitid=28119&v=pubm12&w=571&h=250&url=http%3A//online.wsj.com/article/SB10001424052702304458604577490953761891484.html%3Fmod%3Dgooglenews_wsj&lmt=1340766202&tz=240&cc=100&dt=1340766207233&uh=800&uw=480&uah=800&uaw=480&cd=16&app=Netscape&his=1&plf=Linux%20armv7l" line: 18}]
06-26 23:03:34.738  3103  3917 E GeckoConsole: [JavaScript Warning: "Unknown property 'valign'.  Declaration dropped." {file: "http://ac3.msn.com/de.ashx?adunitid=28119&v=pubm12&w=571&h=250&url=http%3A//online.wsj.com/article/SB10001424052702304458604577490953761891484.html%3Fmod%3Dgooglenews_wsj&lmt=1340766202&tz=240&cc=100&dt=1340766207233&uh=800&uw=480&uah=800&uaw=480&cd=16&app=Netscape&his=1&plf=Linux%20armv7l" line: 21}]
06-26 23:03:34.754  3103  3917 E GeckoConsole: [JavaScript Warning: "Unknown property 'align'.  Declaration dropped." {file: "http://ac3.msn.com/de.ashx?adunitid=28119&v=pubm12&w=571&h=250&url=http%3A//online.wsj.com/article/SB10001424052702304458604577490953761891484.html%3Fmod%3Dgooglenews_wsj&lmt=1340766202&tz=240&cc=100&dt=1340766207233&uh=800&uw=480&uah=800&uaw=480&cd=16&app=Netscape&his=1&plf=Linux%20armv7l" line: 0}]
06-26 23:03:34.886  3943  3957 I AccountTypeManager: Loaded meta-data for 6 account types, 5 accounts in 5743ms(wall) 89ms(cpu)
06-26 23:03:34.906  3103  3936 I Gecko   : Compositor: Composite took 231 ms.
06-26 23:03:34.949  3103  3936 I Gecko   : Compositor: Composite took 43 ms.
06-26 23:03:34.961  3103  3917 E GeckoConsole: [JavaScript Warning: "Unknown property 'cellspacing'.  Declaration dropped." {file: "http://ac3.msn.com/de.ashx?adunitid=80147&v=pubm12&prevadunits=28119%7C&w=377&h=204&url=http%3A//online.wsj.com/article/SB10001424052702304458604577490953761891484.html%3Fmod%3Dgooglenews_wsj&lmt=1340766202&tz=240&cc=100&dt=1340766212249&uh=800&uw=480&uah=800&uaw=480&cd=16&app=Netscape&his=1&plf=Linux%20armv7l" line: 18}]
06-26 23:03:34.961  3103  3917 E GeckoConsole: [JavaScript Warning: "Unknown property 'cellpadding'.  Declaration dropped." {file: "http://ac3.msn.com/de.ashx?adunitid=80147&v=pubm12&prevadunits=28119%7C&w=377&h=204&url=http%3A//online.wsj.com/article/SB10001424052702304458604577490953761891484.html%3Fmod%3Dgooglenews_wsj&lmt=1340766202&tz=240&cc=100&dt=1340766212249&uh=800&uw=480&uah=800&uaw=480&cd=16&app=Netscape&his=1&plf=Linux%20armv7l" line: 18}]
06-26 23:03:34.961  3103  3917 E GeckoConsole: [JavaScript Warning: "Unknown property 'valign'.  Declaration dropped." {file: "http://ac3.msn.com/de.ashx?adunitid=80147&v=pubm12&prevadunits=28119%7C&w=377&h=204&url=http%3A//online.wsj.com/article/SB10001424052702304458604577490953761891484.html%3Fmod%3Dgooglenews_wsj&lmt=1340766202&tz=240&cc=100&dt=1340766212249&uh=800&uw=480&uah=800&uaw=480&cd=16&app=Netscape&his=1&plf=Linux%20armv7l" line: 21}]
06-26 23:03:34.976  3103  3917 E GeckoConsole: [JavaScript Warning: "Unknown property 'align'.  Declaration dropped." {file: "http://ac3.msn.com/de.ashx?adunitid=80147&v=pubm12&prevadunits=28119%7C&w=377&h=204&url=http%3A//online.wsj.com/article/SB10001424052702304458604577490953761891484.html%3Fmod%3Dgooglenews_wsj&lmt=1340766202&tz=240&cc=100&dt=1340766212249&uh=800&uw=480&uah=800&uaw=480&cd=16&app=Netscape&his=1&plf=Linux%20armv7l" line: 0}]
06-26 23:03:35.000  3103  3103 I GeckoTabs: Removed a tab with id: 5
06-26 23:03:35.023  3103  3103 I GeckoToolbar: zerdatime 264756625 - Throbber start
06-26 23:03:35.027  3103  3103 I GeckoDoorHangerPopup: Showing all doorhangers for tab: 1
06-26 23:03:35.031  3103  3103 I GeckoDoorHangerPopup: Showing all doorhangers for tab: 1
06-26 23:03:35.285  3103  3936 I Gecko   : Compositor: Composite took 68 ms.
06-26 23:03:35.445  3103  3936 I Gecko   : Compositor: Composite took 71 ms.
06-26 23:03:35.558   142   159 I ActivityManager: Start proc com.whatsapp for service com.whatsapp/.messaging.MessageService: pid=3962 uid=10068 gids={1015, 3003}
06-26 23:03:35.586  3962  3962 I dalvikvm: Turning on JNI app bug workarounds for target SDK version 7...
06-26 23:03:35.590  3103  3936 I Gecko   : Compositor: Composite took 104 ms.
06-26 23:03:35.754   334   334 D SAN_SERVICE: *******************************************
06-26 23:03:35.754   334   334 D SAN_SERVICE: DM App Phone Service State - 0
06-26 23:03:35.754   334   334 D SAN_SERVICE: *******************************************
06-26 23:03:35.980  3103  3103 I GeckoTabs: Removed a tab with id: 6
06-26 23:03:35.980  3103  3103 I GeckoToolbar: zerdatime 264757585 - Throbber start
06-26 23:03:35.996  3103  3103 I GeckoDoorHangerPopup: Showing all doorhangers for tab: 1
06-26 23:03:36.004  3962  3964 D dalvikvm: GC_CONCURRENT freed 158K, 3% free 9365K/9607K, paused 8ms+2ms
06-26 23:03:36.043   334   334 D SAN_SERVICE: *******************************************
06-26 23:03:36.043   334   334 D SAN_SERVICE: DM App Phone Service State - 0
06-26 23:03:36.043   334   334 D SAN_SERVICE: *******************************************
06-26 23:03:36.047   142   358 W ActivityManager: Duplicate finish request for ActivityRecord{4173ed20 org.mozilla.firefox_beta/org.mozilla.gecko.TabsTray}
06-26 23:03:36.050  3103  3103 I GeckoDoorHangerPopup: Showing all doorhangers for tab: 1
06-26 23:03:36.105   142   355 W ResourceType: Skipping entry 0x7f040001 in package table 0 because it is not complex!
06-26 23:03:36.187  3103  3103 I GeckoApp: resume
06-26 23:03:36.207  3103  3103 D OpenGLRenderer: Flushing caches (mode 0)
06-26 23:03:36.285 18999 18999 D wpa_supplicant: wpa_driver_wext_driver_cmd RSSI len = 248
06-26 23:03:36.293 18999 18999 D wpa_supplicant: wpa_driver_wext_driver_cmd raikiri rssi -46  len = 17, 17
06-26 23:03:36.293 18999 18999 D wpa_supplicant: wpa_driver_wext_driver_cmd LINKSPEED len = 248
06-26 23:03:36.293 18999 18999 D wpa_supplicant: wpa_driver_wext_driver_cmd LinkSpeed 26 len = 12, 12
06-26 23:03:36.550   142   358 I ActivityManager: Process android.process.media (pid 3544) has died.
06-26 23:03:36.886  3962  3964 D dalvikvm: GC_CONCURRENT freed 303K, 4% free 9601K/9991K, paused 6ms+4ms
06-26 23:03:37.164  3962  3962 I SqliteDatabaseCpp: sqlite returned: error code = 1, msg = duplicate column name: photo_ts, db=/data/data/com.whatsapp/databases/msgstore.db
06-26 23:03:37.168  3962  3962 I SqliteDatabaseCpp: sqlite returned: error code = 1, msg = duplicate column name: thumb_ts, db=/data/data/com.whatsapp/databases/msgstore.db
06-26 23:03:37.172  3962  3962 I SqliteDatabaseCpp: sqlite returned: error code = 1, msg = duplicate column name: photo_id_timestamp, db=/data/data/com.whatsapp/databases/msgstore.db
06-26 23:03:37.457   142   344 I ActivityManager: Process com.google.android.apps.maps:LocationFriendService (pid 3694) has died.
06-26 23:03:37.496   142   358 D dalvikvm: GC_EXPLICIT freed 2619K, 30% free 16396K/23239K, paused 3ms+23ms
06-26 23:03:37.566  3103  3917 E GeckoConsole: oCnt is null
06-26 23:03:37.601  3103  3917 E GeckoConsole: [ begin jsexec ]
06-26 23:03:37.769  3962  3962 I dalvikvm: Could not find method android.media.MediaMetadataRetriever.captureFrame, referenced from method com.whatsapp.d3.a
06-26 23:03:37.769  3962  3962 W dalvikvm: VFY: unable to resolve virtual method 496: Landroid/media/MediaMetadataRetriever;.captureFrame ()Landroid/graphics/Bitmap;
06-26 23:03:37.769  3962  3962 D dalvikvm: VFY: replacing opcode 0x6e at 0x0134
06-26 23:03:37.789  3103  3917 E GeckoConsole: [JavaScript Warning: "JSExec 0: TypeError: dj.module.header.localWeather.isExpired is not a function"]
06-26 23:03:37.840  3103  3917 E GeckoConsole: {Panels} browser-history enabled for "articleTabs"
06-26 23:03:37.847  3103  3917 E GeckoConsole: [JavaScript Error: "dojo.back.init() must be called before the DOM has loaded. If using xdomain loading or djConfig.debugAtAllCosts, include dojo.back in a build layer."]
06-26 23:03:37.859  3103  3917 E GeckoConsole: [JavaScript Warning: "JSExec 7: TypeError: dj.widget.panel.Tooltip is not a constructor"]
06-26 23:03:38.011  3103  3917 E GeckoConsole: GARVITY COOKIE SET - 1417212a-dd63-41a3-8cb2-160b14287acf
06-26 23:03:38.023  3103  3917 E GeckoConsole: here... version is 10.45
06-26 23:03:38.027  3103  3917 E GeckoConsole: this._cfg.initNodeClass .loginClass
06-26 23:03:38.070  3103  3917 E GeckoConsole: [JavaScript Warning: "Use of getAttributeNode() is deprecated. Use getAttribute() instead." {file: "http://sj.wsj.net/cdssvco/depmgr/generator/v1/BundleList/0_0_W0_1005/File/778793.js#j_global_slim" line: 342}]
06-26 23:03:38.070  3103  3917 E GeckoConsole: [JavaScript Warning: "Use of attributes' specified attribute is deprecated. It always returns true." {file: "http://sj.wsj.net/cdssvco/depmgr/generator/v1/BundleList/0_0_W0_1005/File/778793.js#j_global_slim" line: 342}]
06-26 23:03:38.070  3103  3917 E GeckoConsole: Calling snippetTNT init()
06-26 23:03:38.277   142 30526 I ActivityManager: Start proc android.process.acore for content provider com.android.providers.contacts/.ContactsProvider2: pid=3983 uid=10000 gids={3003, 1015}
06-26 23:03:38.386  3962  3964 D dalvikvm: GC_CONCURRENT freed 305K, 4% free 9800K/10183K, paused 2ms+7ms
06-26 23:03:38.398  3983  3983 I ActivityThread: Pub call_log: com.android.providers.contacts.CallLogProvider
06-26 23:03:38.441  3983  3983 I ActivityThread: Pub com.android.voicemail: com.android.providers.contacts.VoicemailContentProvider
06-26 23:03:38.445  3983  3983 I ActivityThread: Pub user_dictionary: com.android.providers.userdictionary.UserDictionaryProvider
06-26 23:03:38.468  3983  3983 I ActivityThread: Pub com.android.social: com.android.providers.contacts.SocialProvider
06-26 23:03:38.472  3983  3983 I ActivityThread: Pub applications: com.android.providers.applications.ApplicationsProvider
06-26 23:03:38.535  3103  3917 E GeckoConsole: gravity_user_guid1417212a-dd63-41a3-8cb2-160b14287acf?loggedIn=0
06-26 23:03:38.566  3103  3917 E GeckoConsole: [JavaScript Warning: "JSExec 24: TypeError: dj.module.emailSignUp is undefined"]
06-26 23:03:38.574  3103  3917 E GeckoConsole: [JavaScript Warning: "JSExec 25: TypeError: dj.module.emailSignUp is undefined"]
06-26 23:03:38.640  3103  3917 E GeckoConsole: this._cfg.initNodeClass in reg .registerUserClass
06-26 23:03:38.644  3983  3983 I ActivityThread: Pub contacts;com.android.contacts: com.android.providers.contacts.ContactsProvider2
06-26 23:03:38.699  3983  3985 D dalvikvm: GC_CONCURRENT freed 350K, 5% free 9186K/9607K, paused 2ms+8ms
06-26 23:03:38.742   142   970 I ActivityManager: Process com.android.defcontainer (pid 3885) has died.
06-26 23:03:39.031  3103  3105 D dalvikvm: GC_CONCURRENT freed 879K, 22% free 10608K/13447K, paused 3ms+18ms
06-26 23:03:39.117  3103  3936 I Gecko   : Compositor: Composite took 30 ms.
06-26 23:03:39.297 18999 18999 D wpa_supplicant: wpa_driver_wext_driver_cmd RSSI len = 248
06-26 23:03:39.304 18999 18999 D wpa_supplicant: wpa_driver_wext_driver_cmd raikiri rssi -46  len = 17, 17
06-26 23:03:39.304 18999 18999 D wpa_supplicant: wpa_driver_wext_driver_cmd LINKSPEED len = 248
06-26 23:03:39.304 18999 18999 D wpa_supplicant: wpa_driver_wext_driver_cmd LinkSpeed 26 len = 12, 12
06-26 23:03:39.722  3103  3917 E GeckoConsole: this.cfg.isLoadHtml=true
06-26 23:03:39.843  3103  3103 D GeckoPanZoomController: Finishing animation at ImmutableViewportMetrics v=(0.0,142.1875,480.0,832.1875) p=(0.0,0.0,487.3469,1453.1019) c=(0.0,0.0,995.0,2966.75) z=0.4897959
06-26 23:03:39.941   142 18244 I ActivityManager: Process com.google.android.gsf.login (pid 3009) has died.
06-26 23:03:40.164  3103  3917 E GeckoConsole: [ end jsexec ]
06-26 23:03:40.441  3103  3917 E GeckoConsole: Calling snippetTNT init()
06-26 23:03:40.492  3103  3917 E GeckoConsole: {loadModule} deferred load, module=dj.module.video.taboolaVideo.init
06-26 23:03:40.507  3103  3917 E GeckoConsole: taboolaVideo {init} count: 0
06-26 23:03:40.527  3103  3917 E GeckoConsole: {loadModule} 2 : [object Object]
06-26 23:03:40.578  3103  3917 E GeckoConsole: {loadModule} deferred load, module=dj.module.video.taboolaVideo.init
06-26 23:03:40.586  3103  3917 E GeckoConsole: taboolaVideo {init} count: 1
06-26 23:03:40.601  3103  3917 E GeckoConsole: {loadModule} 3 : [object Object]
06-26 23:03:40.867  3103  3936 I Gecko   : Compositor: Composite took 155 ms.
06-26 23:03:41.148  3103  3936 I Gecko   : Compositor: Composite took 49 ms.
06-26 23:03:41.187   334   334 D SAN_SERVICE: *******************************************
06-26 23:03:41.187   334   334 D SAN_SERVICE: DM App Phone Service State - 0
06-26 23:03:41.187   334   334 D SAN_SERVICE: *******************************************
06-26 23:03:41.730  3103  3917 E GeckoConsole: this._cfg.initNodeClass .loginClass
06-26 23:03:41.754  3103  3917 E GeckoConsole: this._cfg.initNodeClass in reg .registerUserClass
06-26 23:03:41.851   142   153 I ActivityManager: Process com.facebook.katana (pid 2620) has died.
06-26 23:03:41.851   142   153 W ActivityManager: Scheduling restart of crashed service com.facebook.katana/com.facebook.orca.push.mqtt.MqttPushService in 5000ms
06-26 23:03:41.851   142   153 W ActivityManager: Scheduling restart of crashed service com.facebook.katana/.service.MediaUploadService in 15000ms
06-26 23:03:41.980  3103  3917 E GeckoConsole: taboolaVideo {init} count: 1
06-26 23:03:41.984  3103  3917 E GeckoConsole: [JavaScript Error: "TypeError: mode is undefined" {file: "http://sj.wsj.net/cdssvco/depmgr/generator/v1/BundleList/0_0_W0_1005/File/779069.js#j_page" line: 16199}]
06-26 23:03:42.226   142 30526 D AlarmManagerService: Kernel timezone updated to 240 minutes west of GMT
06-26 23:03:42.226   334   334 D SystemClock: Setting time of day to sec=1340766222
06-26 23:03:42.113   142   159 I ActivityManager: Start proc com.android.calendar for broadcast com.android.calendar/.widget.CalendarAppWidgetService$CalendarFactory: pid=4006 uid=10005 gids={3003}
06-26 23:03:42.117   334   334 D SAN_SERVICE: *******************************************
06-26 23:03:42.117   334   334 D SAN_SERVICE: DM App Phone Service State - 0
06-26 23:03:42.117   334   334 D SAN_SERVICE: *******************************************
06-26 23:03:42.133 18999 18999 D wpa_supplicant: wpa_driver_wext_driver_cmd RSSI len = 248
06-26 23:03:42.133 18999 18999 D wpa_supplicant: wpa_driver_wext_driver_cmd raikiri rssi -48  len = 17, 17
06-26 23:03:42.133 18999 18999 D wpa_supplicant: wpa_driver_wext_driver_cmd LINKSPEED len = 248
06-26 23:03:42.133 18999 18999 D wpa_supplicant: wpa_driver_wext_driver_cmd LinkSpeed 39 len = 12, 12
06-26 23:03:42.211  3983  3990 W dalvikvm: threadid=5: spin on suspend #1 threadid=12 (pcf=0)
06-26 23:03:42.230  3983  3990 D dalvikvm: Temporarily moving tid 3999 to fg (was 0)
06-26 23:03:42.262   334   334 D SAN_SERVICE: *******************************************
06-26 23:03:42.262   334   334 D SAN_SERVICE: DM App Phone Service State - 0
06-26 23:03:42.262   334   334 D SAN_SERVICE: *******************************************
06-26 23:03:42.328  4006  4006 I ActivityThread: Pub com.android.calendar.CalendarRecentSuggestionsProvider: com.android.calendar.CalendarRecentSuggestionsProvider
06-26 23:03:42.375  3983  3990 D dalvikvm: Temporarily raised priority on tid 3999 (10 -> 0)
06-26 23:03:42.441  3103  3936 I Gecko   : Compositor: Composite took 83 ms.
06-26 23:03:42.453  3103  3917 I GeckoApp: Got message: DOMContentLoaded
06-26 23:03:42.492   142 15304 I ActivityManager: Start proc com.android.deskclock for broadcast com.android.deskclock/.AlarmInitReceiver: pid=4023 uid=10011 gids={}
06-26 23:03:42.519  3983  3990 W dalvikvm: threadid=5: spin on suspend resolved in 1318 msec
06-26 23:03:42.558  3983  3990 D dalvikvm: Restored policy of 3999 to 0
06-26 23:03:42.586  3983  3990 D dalvikvm: Restored priority on 3999 to 10
06-26 23:03:42.683  4023  4023 I ActivityThread: Pub com.android.deskclock: com.android.deskclock.AlarmProvider
06-26 23:03:43.043   334   334 D SAN_SERVICE: *******************************************
06-26 23:03:43.043   334   334 D SAN_SERVICE: DM App Phone Service State - 0
06-26 23:03:43.043   334   334 D SAN_SERVICE: *******************************************
06-26 23:03:43.230  4023  4036 V AlarmClock: AlarmInitReceiver finished
06-26 23:03:43.621   142   142 I ActivityManager: Start proc com.android.providers.calendar for content provider com.android.providers.calendar/.CalendarProvider2: pid=4040 uid=10006 gids={3003, 1015}
06-26 23:03:43.629  3962  3964 D dalvikvm: GC_CONCURRENT freed 299K, 4% free 9965K/10375K, paused 4ms+253ms
06-26 23:03:43.644   142  4003 I ActivityManager: Applications Memory Usage (kB):
06-26 23:03:43.644   142  4003 I ActivityManager: Uptime: 264761550 Realtime: 327716042
06-26 23:03:43.644   142  4003 I ActivityManager: Total PSS by OOM adjustment:
06-26 23:03:43.644   142  4003 I ActivityManager:     27669 kB: System
06-26 23:03:43.644   142  4003 I ActivityManager:                27669 kB: system (pid 142)
06-26 23:03:43.644   142  4003 I ActivityManager:     29741 kB: Persistent
06-26 23:03:43.644   142  4003 I ActivityManager:                13827 kB: com.android.systemui (pid 211)
06-26 23:03:43.644   142  4003 I ActivityManager:                11834 kB: com.android.phone (pid 334)
06-26 23:03:43.644   142  4003 I ActivityManager:                 4080 kB: com.android.nfc (pid 348)
06-26 23:03:43.644   142  4003 I ActivityManager:    107527 kB: Foreground
06-26 23:03:43.644   142  4003 I ActivityManager:               107527 kB: org.mozilla.firefox_beta (pid 3103)
06-26 23:03:43.644   142  4003 I ActivityManager:      2901 kB: Visible
06-26 23:03:43.644   142  4003 I ActivityManager:                 2901 kB: com.android.smspush (pid 397)
06-26 23:03:43.644   142  4003 I ActivityManager:      7492 kB: Perceptible
06-26 23:03:43.644   142  4003 I ActivityManager:                 7492 kB: com.android.inputmethod.latin (pid 312)
06-26 23:03:43.644   142  4003 I ActivityManager:     32817 kB: A Services
06-26 23:03:43.644   142  4003 I ActivityManager:                11610 kB: com.google.process.gapps (pid 32629)
06-26 23:03:43.644   142  4003 I ActivityManager:                 8754 kB: com.whatsapp (pid 3962)
06-26 23:03:43.644   142  4003 I ActivityManager:                 7077 kB: com.google.android.apps.maps:NetworkLocationService (pid 2470)
06-26 23:03:43.644   142  4003 I ActivityManager:                 5376 kB: android.process.acore (pid 3983)
06-26 23:03:43.644   142  4003 I ActivityManager:     11094 kB: Home
06-26 23:03:43.644   142  4003 I ActivityManager:                11094 kB: com.android.launcher (pid 366)
06-26 23:03:43.644   142  4003 I ActivityManager:     12939 kB: Previous
06-26 23:03:43.644   142  4003 I ActivityManager:                12939 kB: com.google.android.apps.genie.geniewidget (pid 3854)
06-26 23:03:43.644   142  4003 I ActivityManager:     25677 kB: B Services
06-26 23:03:43.644   142  4003 I ActivityManager:                 6605 kB: com.google.android.apps.googlevoice (pid 2570)
06-26 23:03:43.644   142  4003 I ActivityManager:                 6367 kB: com.xabber.androiddev (pid 2528)
06-26 23:03:43.644   142  4003 I ActivityManager:                 6074 kB: com.android.contacts (pid 3943)
06-26 23:03:43.644   142  4003 I ActivityManager:                 3901 kB: edu.buffalo.cse.phonelab.phonelabservices (pid 2601)
06-26 23:03:43.644   142  4003 I ActivityManager:                 2730 kB: com.android.sprintmenu (pid 2512)
06-26 23:03:43.644   142  4003 I ActivityManager:                    0 kB: com.facebook.katana (pid 2620)
06-26 23:03:43.644   142  4003 I ActivityManager: 
06-26 23:03:43.644   142  4003 I ActivityManager: Total PSS: 257857 kB
06-26 23:03:43.644   142  4003 I ActivityManager:   PID      Vss      Rss      Pss      Uss  cmdline
06-26 23:03:43.644   142  4003 I ActivityManager:  3103  119444K  119336K   95644K   91172K  org.mozilla.firefox_beta
06-26 23:03:43.644   142  4003 I ActivityManager:   142   44320K   44260K   27708K   26392K  system_server
06-26 23:03:43.644   142  4003 I ActivityManager:   211   33940K   33876K   14082K    9928K  com.android.systemui
06-26 23:03:43.644   142  4003 I ActivityManager:  3854   32188K   32116K   12834K   11232K  com.google.android.apps.genie.geniewidget
06-26 23:03:43.644   142  4003 I ActivityManager:    78   21188K   18188K   12163K    7008K  /system/bin/surfaceflinger
06-26 23:03:43.644   142  4003 I ActivityManager: 32629   30152K   30100K   12072K   10888K  com.google.process.gapps
06-26 23:03:43.644   142  4003 I ActivityManager:   334   27696K   27648K   12030K   11132K  com.android.phone
06-26 23:03:43.644   142  4003 I ActivityManager:   366   27836K   27764K   11063K    9804K  com.android.launcher
06-26 23:03:43.644   142  4003 I ActivityManager:  3962   29204K   29132K    8405K    6480K  com.whatsapp
06-26 23:03:43.644   142  4003 I ActivityManager:   312   23652K   23560K    7485K    6540K  com.android.inputmethod.latin
06-26 23:03:43.644   142  4003 I ActivityManager:  2470   24380K   24320K    7023K    5944K  com.google.android.apps.maps:NetworkLocationService
06-26 23:03:43.644   142  4003 I ActivityManager:  2570   23760K   23712K    6571K    5584K  com.google.android.apps.googlevoice
06-26 23:03:43.644   142  4003 I ActivityManager:  2528   23856K   23800K    6327K    5320K  com.xabber.androiddev
06-26 23:03:43.644   142  4003 I ActivityManager:  3943   25656K   25592K    5844K    4356K  com.android.contacts
06-26 23:03:43.644   142  4003 I ActivityManager:  3983   25240K   25168K    5191K    3620K  android.process.acore
06-26 23:03:43.644   142  4003 I ActivityManager:   348   19916K   19824K    4043K    3188K  com.android.nfc
06-26 23:03:43.644   142  4003 I ActivityManager:  2601   20928K   20860K    3849K    2892K  edu.buffalo.cse.phonelab.phonelabservices
06-26 23:03:43.644   142  4003 I ActivityManager:   397   19060K   18948K    2872K    1936K  com.android.smspush
06-26 23:03:43.644   142  4003 I ActivityManager:  2512   20016K   19912K    2627K    1592K  com.android.sprintmenu
06-26 23:03:43.644   142  4003 I ActivityManager:    79   19152K   19024K    2508K    1304K  zygote
06-26 23:03:43.644   142  4003 I ActivityManager:    81    2236K    2236K    1860K    1836K  /system/bin/mediaserver
06-26 23:03:43.644   142  4003 I ActivityManager:  1165    1748K    1744K    1597K    1592K  logcat
06-26 23:03:43.644   142  4003 I ActivityManager:    80    1200K    1200K     884K     872K  /system/bin/drmserver
06-26 23:03:43.644   142  4003 I ActivityManager: 17000    1032K    1028K     833K     812K  /system/bin/netd
06-26 23:03:43.644   142  4003 I ActivityManager:    77    1096K    1096K     780K     764K  /system/bin/rild
06-26 23:03:43.644   142  4003 I ActivityManager:  4005     740K     732K     556K     532K  procrank
06-26 23:03:43.644   142  4003 I ActivityManager: 18999     800K     796K     471K     444K  /system/bin/wpa_supplicant
06-26 23:03:43.644   142  4003 I ActivityManager:   276     432K     432K     284K     280K  /system/bin/bluetoothd
06-26 23:03:43.644   142  4003 I ActivityManager:    85     488K     484K     283K     276K  /system/vendor/bin/gpsd
06-26 23:03:43.644   142  4003 I ActivityManager:    72     440K     436K     277K     268K  /system/bin/vold
06-26 23:03:43.644   142  4003 I ActivityManager:    84     456K     420K     250K     244K  /system/bin/keystore
06-26 23:03:43.644   142  4003 I ActivityManager:    87     228K     228K     212K     212K  /sbin/adbd
06-26 23:03:43.644   142  4003 I ActivityManager: 30236     320K     316K     165K     160K  /system/bin/dhcpcd
06-26 23:03:43.644   142  4003 I ActivityManager:    82     300K     292K     159K     156K  /system/bin/dbus-daemon
06-26 23:03:43.644   142  4003 I ActivityManager:     1     204K     204K     142K     104K  /init
06-26 23:03:43.644   142  4003 I ActivityManager:    61     160K     160K     122K      84K  /sbin/ueventd
06-26 23:03:43.644   142  4003 I ActivityManager:    83     260K     252K     115K     112K  /system/bin/installd
06-26 23:03:43.644   142  4003 I ActivityManager:   199     232K     224K     107K     104K  /system/bin/brcm_patchram_plus
06-26 23:03:43.644   142  4003 I ActivityManager:    86     212K     208K     106K     104K  /system/bin/s
06-26 23:03:43.695  4040  4040 I ActivityThread: Pub com.android.calendar: com.android.providers.calendar.CalendarProvider2
06-26 23:03:43.730  3103  3917 E GeckoConsole: [JavaScript Warning: "Unknown property '-moz-border-radius'.  Declaration dropped." {file: "http://online.wsj.com/article/SB10001424052702304458604577490953761891484.html?mod=googlenews_wsj" line: 6}]
06-26 23:03:43.734  3103  3917 E GeckoConsole: [JavaScript Warning: "Error in parsing value for 'top'.  Declaration dropped." {file: "http://online.wsj.com/article/SB10001424052702304458604577490953761891484.html?mod=googlenews_wsj" line: 8}]
06-26 23:03:43.734  3103  3917 E GeckoConsole: [JavaScript Warning: "Error in parsing value for 'right'.  Declaration dropped." {file: "http://online.wsj.com/article/SB10001424052702304458604577490953761891484.html?mod=googlenews_wsj" line: 8}]
06-26 23:03:43.734  3103  3917 E GeckoConsole: [JavaScript Warning: "Error in parsing value for 'filter'.  Declaration dropped." {file: "http://online.wsj.com/article/SB10001424052702304458604577490953761891484.html?mod=googlenews_wsj" line: 25}]
06-26 23:03:43.738  3103  3917 E GeckoConsole: [JavaScript Warning: "Error in parsing value for 'background'.  Declaration dropped." {file: "http://online.wsj.com/article/SB10001424052702304458604577490953761891484.html?mod=googlenews_wsj" line: 46}]
06-26 23:03:43.738  3103  3917 E GeckoConsole: [JavaScript Warning: "Error in parsing value for 'background'.  Declaration dropped." {file: "http://online.wsj.com/article/SB10001424052702304458604577490953761891484.html?mod=googlenews_wsj" line: 53}]
06-26 23:03:43.746  3103  3917 E GeckoConsole: [JavaScript Warning: "Error in parsing value for 'display'.  Declaration dropped." {file: "http://online.wsj.com/article/SB10001424052702304458604577490953761891484.html?mod=googlenews_wsj" line: 63}]
06-26 23:03:43.746  3103  3917 E GeckoConsole: [JavaScript Warning: "Unknown property 'zoom'.  Declaration dropped." {file: "http://online.wsj.com/article/SB10001424052702304458604577490953761891484.html?mod=googlenews_wsj" line: 70}]
06-26 23:03:43.754  3983  3990 W dalvikvm: threadid=5: spin on suspend #1 threadid=11 (pcf=0)
06-26 23:03:43.754  3103  3917 E GeckoConsole: [JavaScript Warning: "Error in parsing value for 'top'.  Declaration dropped." {file: "http://online.wsj.com/article/SB10001424052702304458604577490953761891484.html?mod=googlenews_wsj" line: 144}]
06-26 23:03:43.754  3983  3990 D dalvikvm: Temporarily moving tid 3997 to fg (was 0)
06-26 23:03:43.758  3103  3917 E GeckoConsole: [JavaScript Warning: "Expected declaration but found '*'.  Skipped to next declaration." {file: "http://online.wsj.com/article/SB10001424052702304458604577490953761891484.html?mod=googlenews_wsj" line: 152}]
06-26 23:03:43.765  3983  3990 D dalvikvm: Temporarily raised priority on tid 3997 (10 -> 0)
06-26 23:03:43.812  3983  3990 W dalvikvm: threadid=5: spin on suspend resolved in 1174 msec
06-26 23:03:43.816  3983  3990 D dalvikvm: Restored policy of 3997 to 0
06-26 23:03:43.816  3983  3990 D dalvikvm: Restored priority on 3997 to 10
06-26 23:03:44.305  3103  3103 D GeckoPanZoomController: generating valid viewport using v=RectF(0.0, 142.1875, 480.0, 832.1875) p=RectF(0.0, 0.0, 487.0, 1472.0) c=RectF(0.0, 0.0, 995.0, 3004.75) z=0.4897959
06-26 23:03:44.305  3103  3103 D GeckoPanZoomController: generated valid viewport as v=RectF(0.0, 142.1875, 480.0, 832.1875) p=RectF(0.0, 0.0, 487.0, 1472.0) c=RectF(0.0, 0.0, 995.0, 3004.75) z=0.4897959
06-26 23:03:44.332  3103  3936 I Gecko   : Compositor: Composite took 35 ms.
06-26 23:03:44.406  3103  3917 E GeckoConsole: [JavaScript Error: "TypeError: dj.module.gravity is undefined" {file: "http://online.wsj.com/javascript/gravityLoader.js" line: 7}]
06-26 23:03:44.422  3103  3917 E GeckoConsole: s.prop19:article_preview: s.prop2:WSJ_Tech
06-26 23:03:44.676  3103  3936 I Gecko   : Compositor: Composite took 85 ms.
06-26 23:03:45.137 18999 18999 D wpa_supplicant: wpa_driver_wext_driver_cmd RSSI len = 248
06-26 23:03:45.144 18999 18999 D wpa_supplicant: wpa_driver_wext_driver_cmd raikiri rssi -45  len = 17, 17
06-26 23:03:45.144 18999 18999 D wpa_supplicant: wpa_driver_wext_driver_cmd LINKSPEED len = 248
06-26 23:03:45.144 18999 18999 D wpa_supplicant: wpa_driver_wext_driver_cmd LinkSpeed 39 len = 12, 12
06-26 23:03:45.238  3103  3936 I Gecko   : Compositor: Composite took 95 ms.
06-26 23:03:45.301  3103  3936 I Gecko   : Compositor: Composite took 46 ms.
06-26 23:03:45.433  3103  3936 I Gecko   : Compositor: Composite took 99 ms.
06-26 23:03:45.504  3103  3103 D GeckoPanZoomController: generating valid viewport using v=RectF(0.0, 142.1875, 480.0, 832.1875) p=RectF(0.0, 0.0, 487.0, 1453.0) c=RectF(0.0, 0.0, 995.0, 2966.75) z=0.4897959
06-26 23:03:45.504  3103  3103 D GeckoPanZoomController: generated valid viewport as v=RectF(0.0, 142.1875, 480.0, 832.1875) p=RectF(0.0, 0.0, 487.0, 1453.0) c=RectF(0.0, 0.0, 995.0, 2966.75) z=0.4897959
06-26 23:03:45.512  3103  3936 I Gecko   : Compositor: Composite took 79 ms.
06-26 23:03:45.555   142   529 I ActivityManager: Process com.android.calendar (pid 4006) has died.
06-26 23:03:45.902  3103  3936 I Gecko   : Compositor: Composite took 284 ms.
06-26 23:03:46.051  3103  3936 I Gecko   : Compositor: Composite took 90 ms.
06-26 23:03:46.133  3103  3936 I Gecko   : Compositor: Composite took 31 ms.
06-26 23:03:46.191  3103  3936 I Gecko   : Compositor: Composite took 57 ms.
06-26 23:03:46.277  3103  3936 I Gecko   : Compositor: Composite took 70 ms.
06-26 23:03:46.336  3103  3936 I Gecko   : Compositor: Composite took 55 ms.
06-26 23:03:46.390  3103  3105 D dalvikvm: GC_CONCURRENT freed 425K, 22% free 10615K/13447K, paused 14ms+10ms
06-26 23:03:46.394  3103  3103 D GeckoPanZoomController: generating valid viewport using v=RectF(0.0, 849.65155, 480.0, 1539.6516) p=RectF(0.0, 0.0, 487.0, 1453.0) c=RectF(0.0, 0.0, 995.0, 2966.75) z=0.4897959
06-26 23:03:46.394  3103  3103 D GeckoPanZoomController: generated valid viewport as v=RectF(0.0, 762.99994, 480.0, 1453.0) p=RectF(0.0, 0.0, 487.0, 1453.0) c=RectF(0.0, 0.0, 995.0, 2966.75) z=0.4897959
06-26 23:03:46.398  3103  3936 I Gecko   : Compositor: Composite took 36 ms.
06-26 23:03:46.445  3103  3936 I Gecko   : Compositor: Composite took 46 ms.
06-26 23:03:46.640  3103  3936 I Gecko   : Compositor: Composite took 46 ms.
06-26 23:03:46.683  3103  3103 D GeckoPanZoomController: Finishing animation at ImmutableViewportMetrics v=(0.0,762.99994,480.0,1453.0) p=(0.0,0.0,487.0,1453.0) c=(0.0,0.0,995.0,2966.75) z=0.4897959
06-26 23:03:46.699  3103  3936 I Gecko   : Compositor: Composite took 41 ms.
06-26 23:03:46.738   142   159 I ActivityManager: Start proc com.facebook.katana for service com.facebook.katana/com.facebook.orca.push.mqtt.MqttPushService: pid=4059 uid=10071 gids={3003, 1006, 1015}
06-26 23:03:46.816  3103  3917 E GeckoConsole: {loadModule} deferred load, module=dj.module.video.taboolaVideo.init
06-26 23:03:46.824  3103  3917 E GeckoConsole: taboolaVideo {init} count: 1
06-26 23:03:46.847  3103  3917 E GeckoConsole: {loadModule} 1 : [object Object]
06-26 23:03:46.851  4059  4059 I dalvikvm: Turning on JNI app bug workarounds for target SDK version 7...
06-26 23:03:47.285  4059  4062 D dalvikvm: GC_CONCURRENT freed 160K, 3% free 9376K/9607K, paused 8ms+7ms
06-26 23:03:47.640  3103  3936 I Gecko   : Compositor: Composite took 196 ms.
06-26 23:03:47.644  3103  3103 D GeckoPanZoomController: generating valid viewport using v=RectF(0.0, -86.65006, 480.0, 603.35004) p=RectF(0.0, 0.0, 487.0, 1453.0) c=RectF(0.0, 0.0, 995.0, 2966.75) z=0.4897959
06-26 23:03:47.644  3103  3103 D GeckoPanZoomController: generated valid viewport as v=RectF(0.0, 0.0, 480.0, 690.0001) p=RectF(0.0, 0.0, 487.0, 1453.0) c=RectF(0.0, 0.0, 995.0, 2966.75) z=0.4897959
06-26 23:03:47.789  4059  4059 I ActivityThread: Pub com.facebook.katana.provider.LoggingProvider: com.facebook.katana.provider.LoggingProvider
06-26 23:03:47.808  4059  4059 I ActivityThread: Pub com.facebook.katana.provider.KeyValueProvider: com.facebook.katana.provider.KeyValueProvider
06-26 23:03:47.812  4059  4059 I ActivityThread: Pub com.facebook.katana.provider.CacheProvider: com.facebook.katana.provider.CacheProvider
06-26 23:03:47.812  4059  4059 I ActivityThread: Pub com.facebook.katana.provider.MailboxProvider: com.facebook.katana.provider.MailboxProvider
06-26 23:03:47.824  4059  4059 I ActivityThread: Pub com.facebook.katana.provider.UserStatusesProvider: com.facebook.katana.provider.UserStatusesProvider
06-26 23:03:47.832  4059  4059 I ActivityThread: Pub com.facebook.katana.provider.EventsProvider: com.facebook.katana.provider.EventsProvider
06-26 23:03:47.844  4059  4059 I ActivityThread: Pub com.facebook.katana.provider.NotificationsProvider: com.facebook.katana.provider.NotificationsProvider
06-26 23:03:47.844  4059  4059 I ActivityThread: Pub com.facebook.katana.provider.UserValuesProvider: com.facebook.katana.provider.UserValuesProvider
06-26 23:03:47.855  4059  4059 I ActivityThread: Pub com.facebook.katana.provider.PagesProvider: com.facebook.katana.provider.PagesProvider
06-26 23:03:47.859  4059  4059 I ActivityThread: Pub com.facebook.katana.provider.MobileEventLogProvider: com.facebook.katana.provider.MobileEventLogProvider
06-26 23:03:47.875  4059  4059 I ActivityThread: Pub com.facebook.katana.provider.PushNotificationsProvider: com.facebook.katana.provider.PushNotificationsProvider
06-26 23:03:47.879  4059  4059 I ActivityThread: Pub com.facebook.katana.provider.PhotosProvider: com.facebook.katana.provider.PhotosProvider
06-26 23:03:47.879  4059  4059 I ActivityThread: Pub com.facebook.katana.provider.ConnectionsProvider: com.facebook.katana.provider.ConnectionsProvider
06-26 23:03:47.879  4059  4062 D dalvikvm: GC_CONCURRENT freed 157K, 3% free 9732K/9991K, paused 4ms+15ms
06-26 23:03:47.918  3103  3103 D GeckoPanZoomController: Finishing animation at ImmutableViewportMetrics v=(0.0,0.0,480.0,690.0001) p=(0.0,0.0,487.0,1453.0) c=(0.0,0.0,995.0,2966.75) z=0.4897959
06-26 23:03:47.922  4059  4059 I ActivityThread: Pub com.facebook.orca.notify.FbandroidMessagesForegroundProvider: com.facebook.orca.notify.FbandroidMessagesForegroundProvider
06-26 23:03:47.972  4059  4059 D ACRA    : Retrieve application default SharedPreferences.
06-26 23:03:47.980  4059  4059 D ACRA    : Set OnSharedPreferenceChangeListener.
06-26 23:03:48.000  4059  4059 D ACRA    : ACRA is enabled for com.facebook.katana, intializing...
06-26 23:03:48.027  4059  4059 D ACRA    : Looking for error files in /data/data/com.facebook.katana/app_acra-reports
06-26 23:03:48.129  4059  4059 W nalizableReferenceQueue: Could not load Finalizer in its own class loader.Loading Finalizer in the current class loader instead. As a result, you will not be ableto garbage collect this class loader. To support reclaiming this class loader, eitherresolve the underlying issue, or move Google Collections to your system class path.
06-26 23:03:48.129  4059  4059 W nalizableReferenceQueue: java.io.FileNotFoundException: com/google/common/base/internal/Finalizer.class
06-26 23:03:48.129  4059  4059 W nalizableReferenceQueue: 	at com.google.common.base.FinalizableReferenceQueue$DecoupledLoader.getBaseUrl(FinalizableReferenceQueue.java:243)
06-26 23:03:48.129  4059  4059 W nalizableReferenceQueue: 	at com.google.common.base.FinalizableReferenceQueue$DecoupledLoader.loadFinalizer(FinalizableReferenceQueue.java:227)
06-26 23:03:48.129  4059  4059 W nalizableReferenceQueue: 	at com.google.common.base.FinalizableReferenceQueue.loadFinalizer(FinalizableReferenceQueue.java:155)
06-26 23:03:48.129  4059  4059 W nalizableReferenceQueue: 	at com.google.common.base.FinalizableReferenceQueue.<clinit>(FinalizableReferenceQueue.java:84)
06-26 23:03:48.129  4059  4059 W nalizableReferenceQueue: 	at com.google.common.collect.CustomConcurrentHashMap$QueueHolder.<clinit>(CustomConcurrentHashMap.java:650)
06-26 23:03:48.129  4059  4059 W nalizableReferenceQueue: 	at com.google.common.collect.CustomConcurrentHashMap$WeakEntry.<init>(CustomConcurrentHashMap.java:1342)
06-26 23:03:48.129  4059  4059 W nalizableReferenceQueue: 	at com.google.common.collect.CustomConcurrentHashMap$EntryFactory$9.newEntry(CustomConcurrentHashMap.java:453)
06-26 23:03:48.129  4059  4059 W nalizableReferenceQueue: 	at com.google.common.collect.CustomConcurrentHashMap.a(CustomConcurrentHashMap.java:1715)
06-26 23:03:48.129  4059  4059 W nalizableReferenceQueue: 	at com.google.common.collect.ComputingConcurrentHashMap$ComputingSegment.a(ComputingConcurrentHashMap.java:123)
06-26 23:03:48.129  4059  4059 W nalizableReferenceQueue: 	at com.google.common.collect.ComputingConcurrentHashMap.apply(ComputingConcurrentHashMap.java:71)
06-26 23:03:48.129  4059  4059 W nalizableReferenceQueue: 	at com.google.common.collect.MapMaker$ComputingMapAdapter.get(MapMaker.java:848)
06-26 23:03:48.129  4059  4059 W nalizableReferenceQueue: 	at com.google.inject.internal.Annotations$AnnotationChecker.a(Annotations.java:94)
06-26 23:03:48.129  4059  4059 W nalizableReferenceQueue: 	at com.google.inject.internal.Annotations.c(Annotations.java:112)
06-26 23:03:48.129  4059  4059 W nalizableReferenceQueue: 	at com.google.inject.Key.d(Key.java:369)
06-26 23:03:48.129  4059  4059 W nalizableReferenceQueue: 	at com.google.inject.Key.b(Key.java:356)
06-26 23:03:48.129  4059  4059 W nalizableReferenceQueue: 	at com.google.inject.Key.a(Key.java:267)
06-26 23:03:48.129  4059  4059 W nalizableReferenceQueue: 	at com.facebook.orca.inject.binder.AnnotatedBindingBuilderImpl.a(AnnotatedBindingBuilderImpl.java:22)
06-26 23:03:48.129  4059  4059 W nalizableReferenceQueue: 	at com.facebook.orca.app.FbBaseModule.a(FbBaseModule.java:74)
06-26 23:03:48.129  4059  4059 W nalizableReferenceQueue: 	at com.facebook.orca.inject.AbstractModule.a(AbstractModule.java:19)
06-26 23:03:48.129  4059  4059 W nalizableReferenceQueue: 	at com.facebook.orca.inject.FbInjectorImpl.a(FbInjectorImpl.java:61)
06-26 23:03:48.129  4059  4059 W nalizableReferenceQueue: 	at com.facebook.orca.inject.FbInjectorImpl.<init>(FbInjectorImpl.java:41)
06-26 23:03:48.129  4059  4059 W nalizableReferenceQueue: 	at com.facebook.orca.inject.FbInjector.a(FbInjector.java:40)
06-26 23:03:48.129  4059  4059 W nalizableReferenceQueue: 	at com.facebook.katana.FacebookApplication.onCreate(FacebookApplication.java:86)
06-26 23:03:48.129  4059  4059 W nalizableReferenceQueue: 	at android.app.Instrumentation.callApplicationOnCreate(Instrumentation.java:969)
06-26 23:03:48.129  4059  4059 W nalizableReferenceQueue: 	at android.app.ActivityThread.handleBindApplication(ActivityThread.java:3954)
06-26 23:03:48.129  4059  4059 W nalizableReferenceQueue: 	at android.app.ActivityThread.access$1300(ActivityThread.java:123)
06-26 23:03:48.129  4059  4059 W nalizableReferenceQueue: 	at android.app.ActivityThread$H.handleMessage(ActivityThread.java:1185)
06-26 23:03:48.129  4059  4059 W nalizableReferenceQueue: 	at android.os.Handler.dispatchMessage(Handler.java:99)
06-26 23:03:48.129  4059  4059 W nalizableReferenceQueue: 	at android.os.Looper.loop(Looper.java:137)
06-26 23:03:48.129  4059  4059 W nalizableReferenceQueue: 	at android.app.ActivityThread.main(ActivityThread.java:4424)
06-26 23:03:48.129  4059  4059 W nalizableReferenceQueue: 	at java.lang.reflect.Method.invokeNative(Native Method)
06-26 23:03:48.129  4059  4059 W nalizableReferenceQueue: 	at java.lang.reflect.Method.invoke(Method.java:511)
06-26 23:03:48.129  4059  4059 W nalizableReferenceQueue: 	at com.android.internal.os.ZygoteInit$MethodAndArgsCaller.run(ZygoteInit.java:784)
06-26 23:03:48.129  4059  4059 W nalizableReferenceQueue: 	at com.android.internal.os.ZygoteInit.main(ZygoteInit.java:551)
06-26 23:03:48.129  4059  4059 W nalizableReferenceQueue: 	at dalvik.system.NativeStart.main(Native Method)
06-26 23:03:48.129  4059  4059 I Finalizer: Couldn't access Thread.inheritableThreadLocals. Reference finalizer threads will inherit thread local values.
06-26 23:03:48.148 18999 18999 D wpa_supplicant: wpa_driver_wext_driver_cmd RSSI len = 248
06-26 23:03:48.156 18999 18999 D wpa_supplicant: wpa_driver_wext_driver_cmd raikiri rssi -49  len = 17, 17
06-26 23:03:48.156 18999 18999 D wpa_supplicant: wpa_driver_wext_driver_cmd LINKSPEED len = 248
06-26 23:03:48.156 18999 18999 D wpa_supplicant: wpa_driver_wext_driver_cmd LinkSpeed 19 len = 12, 12
06-26 23:03:48.203   142 18243 I ActivityManager: Process com.android.deskclock (pid 4023) has died.
06-26 23:03:48.316  4059  4062 D dalvikvm: GC_CONCURRENT freed 413K, 5% free 9890K/10375K, paused 2ms+3ms
06-26 23:03:48.496  3103  3936 I Gecko   : Compositor: Composite took 51 ms.
06-26 23:03:48.609  4059  4062 D dalvikvm: GC_CONCURRENT freed 399K, 5% free 10017K/10503K, paused 1ms+5ms
06-26 23:03:49.082   348   348 D dalvikvm: GC_EXPLICIT freed 5K, 6% free 9102K/9607K, paused 1ms+16ms
06-26 23:03:49.082  4059  4062 D dalvikvm: GC_CONCURRENT freed 369K, 5% free 10173K/10631K, paused 6ms+16ms
06-26 23:03:49.250  4059  4078 W Resources: Converting to string: TypedValue{t=0x10/d=0xffffffff a=-1}
06-26 23:03:49.430   142 15304 I ActivityManager: Process com.android.providers.calendar (pid 4040) has died.
06-26 23:03:49.574  3854  3855 D dalvikvm: GC_CONCURRENT freed 1684K, 12% free 13424K/15239K, paused 6ms+4ms
06-26 23:03:51.008  3103  3936 I Gecko   : Compositor: Composite took 66 ms.
06-26 23:03:51.109   334   334 D SAN_SERVICE: *******************************************
06-26 23:03:51.109   334   334 D SAN_SERVICE: DM App Phone Service State - 0
06-26 23:03:51.109   334   334 D SAN_SERVICE: *******************************************
06-26 23:03:51.137  3103  3103 D GeckoPanZoomController: generating valid viewport using v=RectF(0.0, 0.0, 480.0, 690.0001) p=RectF(0.0, 0.0, 487.0, 1454.0) c=RectF(0.0, 0.0, 995.0, 2967.75) z=0.4897959
06-26 23:03:51.137  3103  3103 D GeckoPanZoomController: generated valid viewport as v=RectF(0.0, 0.0, 480.0, 690.0001) p=RectF(0.0, 0.0, 487.0, 1454.0) c=RectF(0.0, 0.0, 995.0, 2967.75) z=0.4897959
06-26 23:03:51.156  3103  3917 E GeckoConsole: [JavaScript Warning: "Unknown property '-moz-border-radius'.  Declaration dropped." {file: "http://i.api.grvcdn.com/personalization/sites/18f3b45caef80572d421f68a979bd6dc/screen.1.4.2.css" line: 90}]
06-26 23:03:51.160 18999 18999 D wpa_supplicant: wpa_driver_wext_driver_cmd RSSI len = 248
06-26 23:03:51.160 18999 18999 D wpa_supplicant: wpa_driver_wext_driver_cmd raikiri rssi -43  len = 17, 17
06-26 23:03:51.160 18999 18999 D wpa_supplicant: wpa_driver_wext_driver_cmd LINKSPEED len = 248
06-26 23:03:51.160 18999 18999 D wpa_supplicant: wpa_driver_wext_driver_cmd LinkSpeed 39 len = 12, 12
06-26 23:03:51.219   334   334 D SAN_SERVICE: *******************************************
06-26 23:03:51.219   334   334 D SAN_SERVICE: DM App Phone Service State - 0
06-26 23:03:51.219   334   334 D SAN_SERVICE: *******************************************
06-26 23:03:51.379  3103  3936 I Gecko   : Compositor: Composite took 248 ms.
06-26 23:03:51.387  3103  3917 E GeckoConsole: [JavaScript Warning: "Error in parsing value for 'overflow'.  Declaration dropped." {file: "http://i.api.grvcdn.com/personalization/base.1.3.2.css" line: 47}]
06-26 23:03:51.394  3103  3917 E GeckoConsole: [JavaScript Warning: "Error in parsing value for 'background'.  Declaration dropped." {file: "http://i.api.grvcdn.com/personalization/base.1.3.2.css" line: 107}]
06-26 23:03:51.394  3103  3917 E GeckoConsole: [JavaScript Warning: "Error in parsing value for 'background'.  Declaration dropped." {file: "http://i.api.grvcdn.com/personalization/base.1.3.2.css" line: 108}]
06-26 23:03:51.394  3103  3917 E GeckoConsole: [JavaScript Warning: "Error in parsing value for 'background'.  Declaration dropped." {file: "http://i.api.grvcdn.com/personalization/base.1.3.2.css" line: 110}]
06-26 23:03:51.394  3103  3917 E GeckoConsole: [JavaScript Warning: "Error in parsing value for 'background'.  Declaration dropped." {file: "http://i.api.grvcdn.com/personalization/base.1.3.2.css" line: 111}]
06-26 23:03:51.394  3103  3917 E GeckoConsole: [JavaScript Warning: "Error in parsing value for 'background'.  Declaration dropped." {file: "http://i.api.grvcdn.com/personalization/base.1.3.2.css" line: 112}]
06-26 23:03:51.394  3103  3917 E GeckoConsole: [JavaScript Warning: "Unknown property '-moz-border-radius'.  Declaration dropped." {file: "http://i.api.grvcdn.com/personalization/base.1.3.2.css" line: 116}]
06-26 23:03:51.394  3103  3917 E GeckoConsole: [JavaScript Warning: "Unknown property '-moz-box-shadow'.  Declaration dropped." {file: "http://i.api.grvcdn.com/personalization/base.1.3.2.css" line: 120}]
06-26 23:03:51.394  3103  3917 E GeckoConsole: [JavaScript Warning: "Unknown property 'behavior'.  Declaration dropped." {file: "http://i.api.grvcdn.com/personalization/base.1.3.2.css" line: 123}]
06-26 23:03:51.394  3103  3917 E GeckoConsole: [JavaScript Warning: "Unknown property '-moz-border-radius'.  Declaration dropped." {file: "http://i.api.grvcdn.com/personalization/base.1.3.2.css" line: 142}]
06-26 23:03:51.394  3103  3917 E GeckoConsole: [JavaScript Warning: "Unknown property 'behavior'.  Declaration dropped." {file: "http://i.api.grvcdn.com/personalization/base.1.3.2.css" line: 144}]
06-26 23:03:51.527  3103  3917 E GeckoConsole: Received message of type object from https://s-static.ak.facebook.com, expected a string
06-26 23:03:51.859  3103  3105 D dalvikvm: GC_CONCURRENT freed 429K, 22% free 10612K/13447K, paused 2ms+12ms
06-26 23:03:51.910  3103  3936 I Gecko   : Compositor: Composite took 37 ms.
06-26 23:03:52.301  3103  3936 I Gecko   : Compositor: Composite took 32 ms.
06-26 23:03:53.238  3103  3936 I Gecko   : Compositor: Composite took 49 ms.
06-26 23:03:53.722  3103  3936 I Gecko   : Compositor: Composite took 54 ms.
06-26 23:03:54.160  3103  3936 I Gecko   : Compositor: Composite took 72 ms.
06-26 23:03:54.254  3103  3917 E GeckoConsole: [JavaScript Warning: "Unknown property 'box-sizing'.  Declaration dropped." {file: "http://online.wsj.com/article/SB10001424052702304458604577490953761891484.html?mod=googlenews_wsj" line: 1}]
06-26 23:03:54.254  3103  3917 E GeckoConsole: [JavaScript Warning: "Expected declaration but found '*'.  Skipped to next declaration." {file: "http://online.wsj.com/article/SB10001424052702304458604577490953761891484.html?mod=googlenews_wsj" line: 1}]
06-26 23:03:54.258  3103  3917 E GeckoConsole: [JavaScript Warning: "Unknown property 'zoom'.  Declaration dropped." {file: "http://online.wsj.com/article/SB10001424052702304458604577490953761891484.html?mod=googlenews_wsj" line: 1}]
06-26 23:03:54.258  3103  3917 E GeckoConsole: [JavaScript Warning: "Unknown property 'box-sizing'.  Declaration dropped." {file: "http://online.wsj.com/article/SB10001424052702304458604577490953761891484.html?mod=googlenews_wsj" line: 1}]
06-26 23:03:54.258  3103  3917 E GeckoConsole: [JavaScript Warning: "Error in parsing value for 'white-space'.  Declaration dropped." {file: "http://online.wsj.com/article/SB10001424052702304458604577490953761891484.html?mod=googlenews_wsj" line: 1}]
06-26 23:03:54.258  3103  3917 E GeckoConsole: [JavaScript Warning: "Error in parsing value for 'white-space'.  Declaration dropped." {file: "http://online.wsj.com/article/SB10001424052702304458604577490953761891484.html?mod=googlenews_wsj" line: 1}]
06-26 23:03:54.258  3103  3917 E GeckoConsole: [JavaScript Warning: "Unknown property '-moz-border-radius'.  Declaration dropped." {file: "http://online.wsj.com/article/SB10001424052702304458604577490953761891484.html?mod=googlenews_wsj" line: 1}]
06-26 23:03:54.258  3103  3917 E GeckoConsole: [JavaScript Warning: "Error in parsing value for 'filter'.  Declaration dropped." {file: "http://online.wsj.com/article/SB10001424052702304458604577490953761891484.html?mod=googlenews_wsj" line: 1}]
06-26 23:03:54.258  3103  3917 E GeckoConsole: [JavaScript Warning: "Expected declaration but found '*'.  Skipped to next declaration." {file: "http://online.wsj.com/article/SB10001424052702304458604577490953761891484.html?mod=googlenews_wsj" line: 1}]
06-26 23:03:54.258  3103  3917 E GeckoConsole: [JavaScript Warning: "Expected declaration but found '*'.  Skipped to next declaration." {file: "http://online.wsj.com/article/SB10001424052702304458604577490953761891484.html?mod=googlenews_wsj" line: 1}]
06-26 23:03:54.262  3103  3917 E GeckoConsole: [JavaScript Warning: "Unknown property 'box-sizing'.  Declaration dropped." {file: "http://online.wsj.com/article/SB10001424052702304458604577490953761891484.html?mod=googlenews_wsj" line: 1}]
06-26 23:03:54.262  3103  3917 E GeckoConsole: [JavaScript Warning: "Expected ',' in media list but found 'and('." {file: "http://online.wsj.com/article/SB10001424052702304458604577490953761891484.html?mod=googlenews_wsj" line: 1}]
06-26 23:03:54.262  3103  3917 E GeckoConsole: [JavaScript Warning: "Error in parsing value for 'filter'.  Declaration dropped." {file: "http://online.wsj.com/article/SB10001424052702304458604577490953761891484.html?mod=googlenews_wsj" line: 1}]
06-26 23:03:54.262  3103  3917 E GeckoConsole: [JavaScript Warning: "Expected declaration but found '*'.  Skipped to next declaration." {file: "http://online.wsj.com/article/SB10001424052702304458604577490953761891484.html?mod=googlenews_wsj" line: 1}]
06-26 23:03:54.262  3103  3917 E GeckoConsole: [JavaScript Warning: "Unknown property '-moz-border-radius'.  Declaration dropped." {file: "http://online.wsj.com/article/SB10001424052702304458604577490953761891484.html?mod=googlenews_wsj" line: 1}]
06-26 23:03:54.262  3103  3917 E GeckoConsole: [JavaScript Warning: "Unknown property 'transform'.  Declaration dropped." {file: "http://online.wsj.com/article/SB10001424052702304458604577490953761891484.html?mod=googlenews_wsj" line: 1}]
06-26 23:03:54.262  3103  3917 E GeckoConsole: [JavaScript Warning: "Error in parsing value for 'filter'.  Declaration dropped." {file: "http://online.wsj.com/article/SB10001424052702304458604577490953761891484.html?mod=googlenews_wsj" line: 1}]
06-26 23:03:54.262  3103  3917 E GeckoConsole: [JavaScript Warning: "Error in parsing value for 'filter'.  Declaration dropped." {file: "http://online.wsj.com/article/SB10001424052702304458604577490953761891484.html?mod=googlenews_wsj" line: 1}]
06-26 23:03:54.262  3103  3917 E GeckoConsole: [JavaScript Warning: "Unknown property '-moz-box-shadow'.  Declaration dropped." {file: "http://online.wsj.com/article/SB10001424052702304458604577490953761891484.html?mod=googlenews_wsj" line: 1}]
06-26 23:03:54.262  3103  3917 E GeckoConsole: [JavaScript Warning: "Unknown property 'box-sizing'.  Declaration dropped." {file: "http://online.wsj.com/article/SB10001424052702304458604577490953761891484.html?mod=googlenews_wsj" line: 1}]
06-26 23:03:54.262  3103  3917 E GeckoConsole: [JavaScript Warning: "Unknown property '-moz-border-radius'.  Declaration dropped." {file: "http://online.wsj.com/article/SB10001424052702304458604577490953761891484.html?mod=googlenews_wsj" line: 1}]
06-26 23:03:54.265  3103  3917 E GeckoConsole: [JavaScript Warning: "Unknown property '-moz-border-radius'.  Declaration dropped." {file: "http://online.wsj.com/article/SB10001424052702304458604577490953761891484.html?mod=googlenews_wsj" line: 1}]
06-26 23:03:54.265  3103  3917 E GeckoConsole: [JavaScript Warning: "Error in parsing value for 'filter'.  Declaration dropped." {file: "http://online.wsj.com/article/SB10001424052702304458604577490953761891484.html?mod=googlenews_wsj" line: 1}]
06-26 23:03:54.265  3103  3917 E GeckoConsole: [JavaScript Warning: "Error in parsing value for 'background'.  Declaration dropped." {file: "http://online.wsj.com/article/SB10001424052702304458604577490953761891484.html?mod=googlenews_wsj" line: 1}]
06-26 23:03:54.265  3103  3917 E GeckoConsole: [JavaScript Warning: "Error in parsing value for 'background'.  Declaration dropped." {file: "http://online.wsj.com/article/SB10001424052702304458604577490953761891484.html?mod=googlenews_wsj" line: 1}]
06-26 23:03:54.265  3103  3917 E GeckoConsole: [JavaScript Warning: "Expected declaration but found '*'.  Skipped to next declaration." {file: "http://online.wsj.com/article/SB10001424052702304458604577490953761891484.html?mod=googlenews_wsj" line: 1}]
06-26 23:03:54.269  3103  3917 E GeckoConsole: [JavaScript Warning: "Expected declaration but found '*'.  Skipped to next declaration." {file: "http://online.wsj.com/article/SB10001424052702304458604577490953761891484.html?mod=googlenews_wsj" line: 1}]
06-26 23:03:54.269  3103  3917 E GeckoConsole: [JavaScript Warning: "Expected declaration but found '*'.  Skipped to next declaration." {file: "http://online.wsj.com/article/SB10001424052702304458604577490953761891484.html?mod=googlenews_wsj" line: 1}]
06-26 23:03:54.269  3103  3917 E GeckoConsole: [JavaScript Warning: "Expected declaration but found '*'.  Skipped to next declaration." {file: "http://online.wsj.com/article/SB10001424052702304458604577490953761891484.html?mod=googlenews_wsj" line: 1}]
06-26 23:03:54.269  3103  3917 E GeckoConsole: [JavaScript Warning: "Expected declaration but found '*'.  Skipped to next declaration." {file: "http://online.wsj.com/article/SB10001424052702304458604577490953761891484.html?mod=googlenews_wsj" line: 1}]
06-26 23:03:54.269  3103  3917 E GeckoConsole: [JavaScript Warning: "Unknown property '-moz-border-radius'.  Declaration dropped." {file: "http://online.wsj.com/article/SB10001424052702304458604577490953761891484.html?mod=googlenews_wsj" line: 1}]
06-26 23:03:54.269  3103  3917 E GeckoConsole: [JavaScript Warning: "Error in parsing value for 'background-image'.  Declaration dropped." {file: "http://online.wsj.com/article/SB10001424052702304458604577490953761891484.html?mod=googlenews_wsj" line: 1}]
06-26 23:03:54.269  3103  3917 E GeckoConsole: [JavaScript Warning: "Error in parsing value for 'background-image'.  Declaration dropped." {file: "http://online.wsj.com/article/SB10001424052702304458604577490953761891484.html?mod=googlenews_wsj" line: 1}]
06-26 23:03:54.269  3103  3917 E GeckoConsole: [JavaScript Warning: "Error in parsing value for 'filter'.  Declaration dropped." {file: "http://online.wsj.com/article/SB10001424052702304458604577490953761891484.html?mod=googlenews_wsj" line: 1}]
06-26 23:03:54.273  3103  3917 E GeckoConsole: [JavaScript Warning: "Error in parsing value for 'background-image'.  Declaration dropped." {file: "http://online.wsj.com/article/SB10001424052702304458604577490953761891484.html?mod=googlenews_wsj" line: 1}]
06-26 23:03:54.273  3103  3917 E GeckoConsole: [JavaScript Warning: "Error in parsing value for 'background-image'.  Declaration dropped." {file: "http://online.wsj.com/article/SB10001424052702304458604577490953761891484.html?mod=googlenews_wsj" line: 1}]
06-26 23:03:54.273  3103  3917 E GeckoConsole: [JavaScript Warning: "Unknown property '-moz-border-radius'.  Declaration dropped." {file: "http://online.wsj.com/article/SB10001424052702304458604577490953761891484.html?mod=googlenews_wsj" line: 1}]
06-26 23:03:54.273  3103  3917 E GeckoConsole: [JavaScript Warning: "Expected declaration but found '*'.  Skipped to next declaration." {file: "http://online.wsj.com/article/SB10001424052702304458604577490953761891484.html?mod=googlenews_wsj" line: 1}]
06-26 23:03:54.273  3103  3917 E GeckoConsole: [JavaScript Warning: "Expected declaration but found '*'.  Skipped to next declaration." {file: "http://online.wsj.com/article/SB10001424052702304458604577490953761891484.html?mod=googlenews_wsj" line: 1}]
06-26 23:03:54.273  3103  3917 E GeckoConsole: [JavaScript Warning: "Unknown property '-moz-border-radius'.  Declaration dropped." {file: "http://online.wsj.com/article/SB10001424052702304458604577490953761891484.html?mod=googlenews_wsj" line: 1}]
06-26 23:03:54.277  3103  3917 E GeckoConsole: [JavaScript Warning: "Expected declaration but found ':'.  Skipped to next declaration." {file: "http://online.wsj.com/article/SB10001424052702304458604577490953761891484.html?mod=googlenews_wsj" line: 1}]
06-26 23:03:54.277  3103  3917 E GeckoConsole: [JavaScript Warning: "Error in parsing value for 'background-image'.  Declaration dropped." {file: "http://online.wsj.com/article/SB10001424052702304458604577490953761891484.html?mod=googlenews_wsj" line: 1}]
06-26 23:03:54.277  3103  3917 E GeckoConsole: [JavaScript Warning: "Expected declaration but found '*'.  Skipped to next declaration." {file: "http://online.wsj.com/article/SB10001424052702304458604577490953761891484.html?mod=googlenews_wsj" line: 1}]
06-26 23:03:54.277  3103  3917 E GeckoConsole: [JavaScript Warning: "Expected declaration but found '*'.  Skipped to next declaration." {file: "http://online.wsj.com/article/SB10001424052702304458604577490953761891484.html?mod=googlenews_wsj" line: 1}]
06-26 23:03:54.277  3103  3917 E GeckoConsole: [JavaScript Warning: "Error in parsing value for 'background-image'.  Declaration dropped." {file: "http://online.wsj.com/article/SB10001424052702304458604577490953761891484.html?mod=googlenews_wsj" line: 1}]
06-26 23:03:54.277  3103  3917 E GeckoConsole: [JavaScript Warning: "Error in parsing value for 'background-image'.  Declaration dropped." {file: "http://online.wsj.com/article/SB10001424052702304458604577490953761891484.html?mod=googlenews_wsj" line: 1}]
06-26 23:03:54.277  3103  3917 E GeckoConsole: [JavaScript Warning: "Error in parsing value for 'background-image'.  Declaration dropped." {file: "http://online.wsj.com/article/SB10001424052702304458604577490953761891484.html?mod=googlenews_wsj" line: 1}]
06-26 23:03:54.277  3103  3917 E GeckoConsole: [JavaScript Warning: "Error in parsing value for 'background-image'.  Declaration dropped." {file: "http://online.wsj.com/article/SB10001424052702304458604577490953761891484.html?mod=googlenews_wsj" line: 1}]
06-26 23:03:54.281  3103  3917 E GeckoConsole: [JavaScript Warning: "Error in parsing value for 'filter'.  Declaration dropped." {file: "http://online.wsj.com/article/SB10001424052702304458604577490953761891484.html?mod=googlenews_wsj" line: 1}]
06-26 23:03:54.281  3103  3917 E GeckoConsole: [JavaScript Warning: "Expected declaration but found '*'.  Skipped to next declaration." {file: "http://online.wsj.com/article/SB10001424052702304458604577490953761891484.html?mod=googlenews_wsj" line: 1}]
06-26 23:03:54.281  3103  3917 E GeckoConsole: [JavaScript Warning: "Expected declaration but found '*'.  Skipped to next declaration." {file: "http://online.wsj.com/article/SB10001424052702304458604577490953761891484.html?mod=googlenews_wsj" line: 1}]
06-26 23:03:54.281  3103  3917 E GeckoConsole: [JavaScript Warning: "Expected declaration but found '*'.  Skipped to next declaration." {file: "http://online.wsj.com/article/SB10001424052702304458604577490953761891484.html?mod=googlenews_wsj" line: 1}]
06-26 23:03:54.281  3103  3917 E GeckoConsole: [JavaScript Warning: "Expected declaration but found '*'.  Skipped to next declaration." {file: "http://online.wsj.com/article/SB10001424052702304458604577490953761891484.html?mod=googlenews_wsj" line: 1}]
06-26 23:03:54.285  3103  3917 E GeckoConsole: [JavaScript Warning: "Unknown property '-moz-border-radius'.  Declaration dropped." {file: "http://online.wsj.com/article/SB10001424052702304458604577490953761891484.html?mod=googlenews_wsj" line: 1}]
06-26 23:03:54.285  3103  3917 E GeckoConsole: [JavaScript Warning: "Error in parsing value for 'background-image'.  Declaration dropped." {file: "http://online.wsj.com/article/SB10001424052702304458604577490953761891484.html?mod=googlenews_wsj" line: 1}]
06-26 23:03:54.285  3103  3917 E GeckoConsole: [JavaScript Warning: "Error in parsing value for 'background-image'.  Declaration dropped." {file: "http://online.wsj.com/article/SB10001424052702304458604577490953761891484.html?mod=googlenews_wsj" line: 1}]
06-26 23:03:54.285  3103  3917 E GeckoConsole: [JavaScript Warning: "Unknown property '-moz-border-radius'.  Declaration dropped." {file: "http://online.wsj.com/article/SB10001424052702304458604577490953761891484.html?mod=googlenews_wsj" line: 1}]
06-26 23:03:54.285  3103  3917 E GeckoConsole: [JavaScript Warning: "Expected declaration but found '*'.  Skipped to next declaration." {file: "http://online.wsj.com/article/SB10001424052702304458604577490953761891484.html?mod=googlenews_wsj" line: 1}]
06-26 23:03:54.289  3103  3917 E GeckoConsole: [JavaScript Warning: "Expected declaration but found '*'.  Skipped to next declaration." {file: "http://online.wsj.com/article/SB10001424052702304458604577490953761891484.html?mod=googlenews_wsj" line: 1}]
06-26 23:03:54.289  3103  3917 E GeckoConsole: [JavaScript Warning: "Unknown property '-moz-border-radius'.  Declaration dropped." {file: "http://online.wsj.com/article/SB10001424052702304458604577490953761891484.html?mod=googlenews_wsj" line: 1}]
06-26 23:03:54.289  3103  3917 E GeckoConsole: [JavaScript Warning: "Expected declaration but found ':'.  Skipped to next declaration." {file: "http://online.wsj.com/article/SB10001424052702304458604577490953761891484.html?mod=googlenews_wsj" line: 1}]
06-26 23:03:54.289  3103  3917 E GeckoConsole: [JavaScript Warning: "Error in parsing value for 'background-image'.  Declaration dropped." {file: "http://online.wsj.com/article/SB10001424052702304458604577490953761891484.html?mod=googlenews_wsj" line: 1}]
06-26 23:03:54.289  3103  3917 E GeckoConsole: [JavaScript Warning: "Expected declaration but found '*'.  Skipped to next declaration." {file: "http://online.wsj.com/article/SB10001424052702304458604577490953761891484.html?mod=googlenews_wsj" line: 1}]
06-26 23:03:54.289  3103  3917 E GeckoConsole: [JavaScript Warning: "Expected declaration but found '*'.  Skipped to next declaration." {file: "http://online.wsj.com/article/SB10001424052702304458604577490953761891484.html?mod=googlenews_wsj" line: 1}]
06-26 23:03:54.289  3103  3917 E GeckoConsole: [JavaScript Warning: "Error in parsing value for 'background-image'.  Declaration dropped." {file: "http://online.wsj.com/article/SB10001424052702304458604577490953761891484.html?mod=googlenews_wsj" line: 1}]
06-26 23:03:54.289  3103  3917 E GeckoConsole: [JavaScript Warning: "Error in parsing value for 'background-image'.  Declaration dropped." {file: "http://online.wsj.com/article/SB10001424052702304458604577490953761891484.html?mod=googlenews_wsj" line: 1}]
06-26 23:03:54.293  3103  3917 E GeckoConsole: [JavaScript Warning: "Error in parsing value for 'background-image'.  Declaration dropped." {file: "http://online.wsj.com/article/SB10001424052702304458604577490953761891484.html?mod=googlenews_wsj" line: 1}]
06-26 23:03:54.293  3103  3917 E GeckoConsole: [JavaScript Warning: "Error in parsing value for 'filter'.  Declaration dropped." {file: "http://online.wsj.com/article/SB10001424052702304458604577490953761891484.html?mod=googlenews_wsj" line: 1}]
06-26 23:03:54.293  3103  3917 E GeckoConsole: [JavaScript Warning: "Expected declaration but found '*'.  Skipped to next declaration." {file: "http://online.wsj.com/article/SB10001424052702304458604577490953761891484.html?mod=googlenews_wsj" line: 1}]
06-26 23:03:54.293  3103  3917 E GeckoConsole: [JavaScript Warning: "Expected declaration but found '*'.  Skipped to next declaration." {file: "http://online.wsj.com/article/SB10001424052702304458604577490953761891484.html?mod=googlenews_wsj" line: 1}]
06-26 23:03:54.293  3103  3917 E GeckoConsole: [JavaScript Warning: "Expected declaration but found '*'.  Skipped to next declaration." {file: "http://online.wsj.com/article/SB10001424052702304458604577490953761891484.html?mod=googlenews_wsj" line: 1}]
06-26 23:03:54.293  3103  3917 E GeckoConsole: [JavaScript Warning: "Expected declaration but found '*'.  Skipped to next declaration." {file: "http://online.wsj.com/article/SB10001424052702304458604577490953761891484.html?mod=googlenews_wsj" line: 1}]
06-26 23:03:54.297  3103  3917 E GeckoConsole: [JavaScript Warning: "Unknown property '-moz-border-radius'.  Declaration dropped." {file: "http://online.wsj.com/article/SB10001424052702304458604577490953761891484.html?mod=googlenews_wsj" line: 1}]
06-26 23:03:54.297  3103  3917 E GeckoConsole: [JavaScript Warning: "Error in parsing value for 'background-image'.  Declaration dropped." {file: "http://online.wsj.com/article/SB10001424052702304458604577490953761891484.html?mod=googlenews_wsj" line: 1}]
06-26 23:03:54.297  3103  3917 E GeckoConsole: [JavaScript Warning: "Error in parsing value for 'background-image'.  Declaration dropped." {file: "http://online.wsj.com/article/SB10001424052702304458604577490953761891484.html?mod=googlenews_wsj" line: 1}]
06-26 23:03:54.297  3103  3917 E GeckoConsole: [JavaScript Warning: "Unknown property '-moz-border-radius'.  Declaration dropped." {file: "http://online.wsj.com/article/SB10001424052702304458604577490953761891484.html?mod=googlenews_wsj" line: 1}]
06-26 23:03:54.297  3103  3917 E GeckoConsole: [JavaScript Warning: "Expected declaration but found '*'.  Skipped to next declaration." {file: "http://online.wsj.com/article/SB10001424052702304458604577490953761891484.html?mod=googlenews_wsj" line: 1}]
06-26 23:03:54.297  3103  3917 E GeckoConsole: [JavaScript Warning: "Expected declaration but found '*'.  Skipped to next declaration." {file: "http://online.wsj.com/article/SB10001424052702304458604577490953761891484.html?mod=googlenews_wsj" line: 1}]
06-26 23:03:54.297  3103  3917 E GeckoConsole: [JavaScript Warning: "Unknown property '-moz-border-radius'.  Declaration dropped." {file: "http://online.wsj.com/article/SB10001424052702304458604577490953761891484.html?mod=googlenews_wsj" line: 1}]
06-26 23:03:54.297  3103  3917 E GeckoConsole: [JavaScript Warning: "Expected declaration but found ':'.  Skipped to next declaration." {file: "http://online.wsj.com/article/SB10001424052702304458604577490953761891484.html?mod=googlenews_wsj" line: 1}]
06-26 23:03:54.301  3103  3917 E GeckoConsole: [JavaScript Warning: "Error in parsing value for 'background-image'.  Declaration dropped." {file: "http://online.wsj.com/article/SB10001424052702304458604577490953761891484.html?mod=googlenews_wsj" line: 1}]
06-26 23:03:54.301  3103  3917 E GeckoConsole: [JavaScript Warning: "Expected declaration but found '*'.  Skipped to next declaration." {file: "http://online.wsj.com/article/SB10001424052702304458604577490953761891484.html?mod=googlenews_wsj" line: 1}]
06-26 23:03:54.301  3103  3917 E GeckoConsole: [JavaScript Warning: "Expected declaration but found '*'.  Skipped to next declaration." {file: "http://online.wsj.com/article/SB10001424052702304458604577490953761891484.html?mod=googlenews_wsj" line: 1}]
06-26 23:03:54.301  3103  3917 E GeckoConsole: [JavaScript Warning: "Error in parsing value for 'background-image'.  Declaration dropped." {file: "http://online.wsj.com/article/SB10001424052702304458604577490953761891484.html?mod=googlenews_wsj" line: 1}]
06-26 23:03:54.301  3103  3917 E GeckoConsole: [JavaScript Warning: "Error in parsing value for 'background-image'.  Declaration dropped." {file: "http://online.wsj.com/article/SB10001424052702304458604577490953761891484.html?mod=googlenews_wsj" line: 1}]
06-26 23:03:54.301  3103  3917 E GeckoConsole: [JavaScript Warning: "Error in parsing value for 'background-image'.  Declaration dropped." {file: "http://online.wsj.com/article/SB10001424052702304458604577490953761891484.html?mod=googlenews_wsj" line: 1}]
06-26 23:03:54.301  3103  3917 E GeckoConsole: [JavaScript Warning: "Error in parsing value for 'filter'.  Declaration dropped." {file: "http://online.wsj.com/article/SB10001424052702304458604577490953761891484.html?mod=googlenews_wsj" line: 1}]
06-26 23:03:54.301  3103  3917 E GeckoConsole: [JavaScript Warning: "Error in parsing value for 'background'.  Declaration dropped." {file: "http://online.wsj.com/article/SB10001424052702304458604577490953761891484.html?mod=googlenews_wsj" line: 1}]
06-26 23:03:54.305  3103  3917 E GeckoConsole: [JavaScript Warning: "Expected declaration but found '*'.  Skipped to next declaration." {file: "http://online.wsj.com/article/SB10001424052702304458604577490953761891484.html?mod=googlenews_wsj" line: 1}]
06-26 23:03:54.305  3103  3917 E GeckoConsole: [JavaScript Warning: "Expected declaration but found '*'.  Skipped to next declaration." {file: "http://online.wsj.com/article/SB10001424052702304458604577490953761891484.html?mod=googlenews_wsj" line: 1}]
06-26 23:03:54.305  3103  3917 E GeckoConsole: [JavaScript Warning: "Expected declaration but found '*'.  Skipped to next declaration." {file: "http://online.wsj.com/article/SB10001424052702304458604577490953761891484.html?mod=googlenews_wsj" line: 1}]
06-26 23:03:54.305  3103  3917 E GeckoConsole: [JavaScript Warning: "Expected declaration but found '*'.  Skipped to next declaration." {file: "http://online.wsj.com/article/SB10001424052702304458604577490953761891484.html?mod=googlenews_wsj" line: 1}]
06-26 23:03:54.305  3103  3917 E GeckoConsole: [JavaScript Warning: "Unknown property '-moz-border-radius'.  Declaration dropped." {file: "http://online.wsj.com/article/SB10001424052702304458604577490953761891484.html?mod=googlenews_wsj" line: 1}]
06-26 23:03:54.305  3103  3917 E GeckoConsole: [JavaScript Warning: "Error in parsing value for 'background-image'.  Declaration dropped." {file: "http://online.wsj.com/article/SB10001424052702304458604577490953761891484.html?mod=googlenews_wsj" line: 1}]
06-26 23:03:54.305  3103  3917 E GeckoConsole: [JavaScript Warning: "Error in parsing value for 'background-image'.  Declaration dropped." {file: "http://online.wsj.com/article/SB10001424052702304458604577490953761891484.html?mod=googlenews_wsj" line: 1}]
06-26 23:03:54.308  3103  3917 E GeckoConsole: [JavaScript Warning: "Unknown property '-moz-border-radius'.  Declaration dropped." {file: "http://online.wsj.com/article/SB10001424052702304458604577490953761891484.html?mod=googlenews_wsj" line: 1}]
06-26 23:03:54.308  3103  3917 E GeckoConsole: [JavaScript Warning: "Expected declaration but found '*'.  Skipped to next declaration." {file: "http://online.wsj.com/article/SB10001424052702304458604577490953761891484.html?mod=googlenews_wsj" line: 1}]
06-26 23:03:54.308  3103  3917 E GeckoConsole: [JavaScript Warning: "Expected declaration but found '*'.  Skipped to next declaration." {file: "http://online.wsj.com/article/SB10001424052702304458604577490953761891484.html?mod=googlenews_wsj" line: 1}]
06-26 23:03:54.308  3103  3917 E GeckoConsole: [JavaScript Warning: "Unknown property '-moz-border-radius'.  Declaration dropped." {file: "http://online.wsj.com/article/SB10001424052702304458604577490953761891484.html?mod=googlenews_wsj" line: 1}]
06-26 23:03:54.308  3103  3917 E GeckoConsole: [JavaScript Warning: "Expected declaration but found ':'.  Skipped to next declaration." {file: "http://online.wsj.com/article/SB10001424052702304458604577490953761891484.html?mod=googlenews_wsj" line: 1}]
06-26 23:03:54.308  3103  3917 E GeckoConsole: [JavaScript Warning: "Error in parsing value for 'background-image'.  Declaration dropped." {file: "http://online.wsj.com/article/SB10001424052702304458604577490953761891484.html?mod=googlenews_wsj" line: 1}]
06-26 23:03:54.308  3103  3917 E GeckoConsole: [JavaScript Warning: "Expected declaration but found '*'.  Skipped to next declaration." {file: "http://online.wsj.com/article/SB10001424052702304458604577490953761891484.html?mod=googlenews_wsj" line: 1}]
06-26 23:03:54.308  3103  3917 E GeckoConsole: [JavaScript Warning: "Expected declaration but found '*'.  Skipped to next declaration." {file: "http://online.wsj.com/article/SB10001424052702304458604577490953761891484.html?mod=googlenews_wsj" line: 1}]
06-26 23:03:54.312  3103  3917 E GeckoConsole: [JavaScript Warning: "Error in parsing value for 'background-image'.  Declaration dropped." {file: "http://online.wsj.com/article/SB10001424052702304458604577490953761891484.html?mod=googlenews_wsj" line: 1}]
06-26 23:03:54.312  3103  3917 E GeckoConsole: [JavaScript Warning: "Error in parsing value for 'background-image'.  Declaration dropped." {file: "http://online.wsj.com/article/SB10001424052702304458604577490953761891484.html?mod=googlenews_wsj" line: 1}]
06-26 23:03:54.312  3103  3917 E GeckoConsole: [JavaScript Warning: "Error in parsing value for 'background-image'.  Declaration dropped." {file: "http://online.wsj.com/article/SB10001424052702304458604577490953761891484.html?mod=googlenews_wsj" line: 1}]
06-26 23:03:54.312  3103  3917 E GeckoConsole: [JavaScript Warning: "Error in parsing value for 'filter'.  Declaration dropped." {file: "http://online.wsj.com/article/SB10001424052702304458604577490953761891484.html?mod=googlenews_wsj" line: 1}]
06-26 23:03:54.312  3103  3917 E GeckoConsole: [JavaScript Warning: "Error in parsing value for 'background'.  Declaration dropped." {file: "http://online.wsj.com/article/SB10001424052702304458604577490953761891484.html?mod=googlenews_wsj" line: 1}]
06-26 23:03:54.312  3103  3917 E GeckoConsole: [JavaScript Warning: "Expected declaration but found '*'.  Skipped to next declaration." {file: "http://online.wsj.com/article/SB10001424052702304458604577490953761891484.html?mod=googlenews_wsj" line: 1}]
06-26 23:03:54.312  3103  3917 E GeckoConsole: [JavaScript Warning: "Expected declaration but found '*'.  Skipped to next declaration." {file: "http://online.wsj.com/article/SB10001424052702304458604577490953761891484.html?mod=googlenews_wsj" line: 1}]
06-26 23:03:54.316  3103  3917 E GeckoConsole: [JavaScript Warning: "Expected declaration but found '*'.  Skipped to next declaration." {file: "http://online.wsj.com/article/SB10001424052702304458604577490953761891484.html?mod=googlenews_wsj" line: 1}]
06-26 23:03:54.316  3103  3917 E GeckoConsole: [JavaScript Warning: "Expected declaration but found '*'.  Skipped to next declaration." {file: "http://online.wsj.com/article/SB10001424052702304458604577490953761891484.html?mod=googlenews_wsj" line: 1}]
06-26 23:03:54.316  3103  3917 E GeckoConsole: [JavaScript Warning: "Unknown property '-moz-border-radius'.  Declaration dropped." {file: "http://online.wsj.com/article/SB10001424052702304458604577490953761891484.html?mod=googlenews_wsj" line: 1}]
06-26 23:03:54.316  3103  3917 E GeckoConsole: [JavaScript Warning: "Error in parsing value for 'background-image'.  Declaration dropped." {file: "http://online.wsj.com/article/SB10001424052702304458604577490953761891484.html?mod=googlenews_wsj" line: 1}]
06-26 23:03:54.316  3103  3917 E GeckoConsole: [JavaScript Warning: "Error in parsing value for 'background-image'.  Declaration dropped." {file: "http://online.wsj.com/article/SB10001424052702304458604577490953761891484.html?mod=googlenews_wsj" line: 1}]
06-26 23:03:54.316  3103  3917 E GeckoConsole: [JavaScript Warning: "Unknown property '-moz-border-radius'.  Declaration dropped." {file: "http://online.wsj.com/article/SB10001424052702304458604577490953761891484.html?mod=googlenews_wsj" line: 1}]
06-26 23:03:54.316  3103  3917 E GeckoConsole: [JavaScript Warning: "Expected declaration but found '*'.  Skipped to next declaration." {file: "http://online.wsj.com/article/SB10001424052702304458604577490953761891484.html?mod=googlenews_wsj" line: 1}]
06-26 23:03:54.320  3103  3917 E GeckoConsole: [JavaScript Warning: "Expected declaration but found '*'.  Skipped to next declaration." {file: "http://online.wsj.com/article/SB10001424052702304458604577490953761891484.html?mod=googlenews_wsj" line: 1}]
06-26 23:03:54.320  3103  3917 E GeckoConsole: [JavaScript Warning: "Unknown property '-moz-border-radius'.  Declaration dropped." {file: "http://online.wsj.com/article/SB10001424052702304458604577490953761891484.html?mod=googlenews_wsj" line: 1}]
06-26 23:03:54.320  3103  3917 E GeckoConsole: [JavaScript Warning: "Expected declaration but found ':'.  Skipped to next declaration." {file: "http://online.wsj.com/article/SB10001424052702304458604577490953761891484.html?mod=googlenews_wsj" line: 1}]
06-26 23:03:54.320  3103  3917 E GeckoConsole: [JavaScript Warning: "Error in parsing value for 'background-image'.  Declaration dropped." {file: "http://online.wsj.com/article/SB10001424052702304458604577490953761891484.html?mod=googlenews_wsj" line: 1}]
06-26 23:03:54.320  3103  3917 E GeckoConsole: [JavaScript Warning: "Expected declaration but found '*'.  Skipped to next declaration." {file: "http://online.wsj.com/article/SB10001424052702304458604577490953761891484.html?mod=googlenews_wsj" line: 1}]
06-26 23:03:54.320  3103  3917 E GeckoConsole: [JavaScript Warning: "Expected declaration but found '*'.  Skipped to next declaration." {file: "http://online.wsj.com/article/SB10001424052702304458604577490953761891484.html?mod=googlenews_wsj" line: 1}]
06-26 23:03:54.320  3103  3917 E GeckoConsole: [JavaScript Warning: "Error in parsing value for 'background-image'.  Declaration dropped." {file: "http://online.wsj.com/article/SB10001424052702304458604577490953761891484.html?mod=googlenews_wsj" line: 1}]
06-26 23:03:54.320  3103  3917 E GeckoConsole: [JavaScript Warning: "Error in parsing value for 'background-image'.  Declaration dropped." {file: "http://online.wsj.com/article/SB10001424052702304458604577490953761891484.html?mod=googlenews_wsj" line: 1}]
06-26 23:03:54.324  3103  3917 E GeckoConsole: [JavaScript Warning: "Error in parsing value for 'background-image'.  Declaration dropped." {file: "http://online.wsj.com/article/SB10001424052702304458604577490953761891484.html?mod=googlenews_wsj" line: 1}]
06-26 23:03:54.324  3103  3917 E GeckoConsole: [JavaScript Warning: "Error in parsing value for 'filter'.  Declaration dropped." {file: "http://online.wsj.com/article/SB10001424052702304458604577490953761891484.html?mod=googlenews_wsj" line: 1}]
06-26 23:03:54.324  3103  3917 E GeckoConsole: [JavaScript Warning: "Error in parsing value for 'background'.  Declaration dropped." {file: "http://online.wsj.com/article/SB10001424052702304458604577490953761891484.html?mod=googlenews_wsj" line: 1}]
06-26 23:03:54.324  3103  3917 E GeckoConsole: [JavaScript Warning: "Expected declaration but found '*'.  Skipped to next declaration." {file: "http://online.wsj.com/article/SB10001424052702304458604577490953761891484.html?mod=googlenews_wsj" line: 1}]
06-26 23:03:54.324  3103  3917 E GeckoConsole: [JavaScript Warning: "Expected declaration but found '*'.  Skipped to next declaration." {file: "http://online.wsj.com/article/SB10001424052702304458604577490953761891484.html?mod=googlenews_wsj" line: 1}]
06-26 23:03:54.324  3103  3917 E GeckoConsole: [JavaScript Warning: "Expected declaration but found '*'.  Skipped to next declaration." {file: "http://online.wsj.com/article/SB10001424052702304458604577490953761891484.html?mod=googlenews_wsj" line: 1}]
06-26 23:03:54.328  3103  3917 E GeckoConsole: [JavaScript Warning: "Expected declaration but found '*'.  Skipped to next declaration." {file: "http://online.wsj.com/article/SB10001424052702304458604577490953761891484.html?mod=googlenews_wsj" line: 1}]
06-26 23:03:54.328  3103  3917 E GeckoConsole: [JavaScript Warning: "Unknown property '-moz-border-radius'.  Declaration dropped." {file: "http://online.wsj.com/article/SB10001424052702304458604577490953761891484.html?mod=googlenews_wsj" line: 1}]
06-26 23:03:54.328  3103  3917 E GeckoConsole: [JavaScript Warning: "Error in parsing value for 'background-image'.  Declaration dropped." {file: "http://online.wsj.com/article/SB10001424052702304458604577490953761891484.html?mod=googlenews_wsj" line: 1}]
06-26 23:03:54.328  3103  3917 E GeckoConsole: [JavaScript Warning: "Error in parsing value for 'background-image'.  Declaration dropped." {file: "http://online.wsj.com/article/SB10001424052702304458604577490953761891484.html?mod=googlenews_wsj" line: 1}]
06-26 23:03:54.328  3103  3917 E GeckoConsole: [JavaScript Warning: "Unknown property '-moz-border-radius'.  Declaration dropped." {file: "http://online.wsj.com/article/SB10001424052702304458604577490953761891484.html?mod=googlenews_wsj" line: 1}]
06-26 23:03:54.328  3103  3917 E GeckoConsole: [JavaScript Warning: "Expected declaration but found '*'.  Skipped to next declaration." {file: "http://online.wsj.com/article/SB10001424052702304458604577490953761891484.html?mod=googlenews_wsj" line: 1}]
06-26 23:03:54.328  3103  3917 E GeckoConsole: [JavaScript Warning: "Expected declaration but found '*'.  Skipped to next declaration." {file: "http://online.wsj.com/article/SB10001424052702304458604577490953761891484.html?mod=googlenews_wsj" line: 1}]
06-26 23:03:54.328  3103  3917 E GeckoConsole: [JavaScript Warning: "Unknown property '-moz-border-radius'.  Declaration dropped." {file: "http://online.wsj.com/article/SB10001424052702304458604577490953761891484.html?mod=googlenews_wsj" line: 1}]
06-26 23:03:54.332  3103  3917 E GeckoConsole: [JavaScript Warning: "Expected declaration but found ':'.  Skipped to next declaration." {file: "http://online.wsj.com/article/SB10001424052702304458604577490953761891484.html?mod=googlenews_wsj" line: 1}]
06-26 23:03:54.332  3103  3917 E GeckoConsole: [JavaScript Warning: "Error in parsing value for 'background-image'.  Declaration dropped." {file: "http://online.wsj.com/article/SB10001424052702304458604577490953761891484.html?mod=googlenews_wsj" line: 1}]
06-26 23:03:54.332  3103  3917 E GeckoConsole: [JavaScript Warning: "Expected declaration but found '*'.  Skipped to next declaration." {file: "http://online.wsj.com/article/SB10001424052702304458604577490953761891484.html?mod=googlenews_wsj" line: 1}]
06-26 23:03:54.332  3103  3917 E GeckoConsole: [JavaScript Warning: "Expected declaration but found '*'.  Skipped to next declaration." {file: "http://online.wsj.com/article/SB10001424052702304458604577490953761891484.html?mod=googlenews_wsj" line: 1}]
06-26 23:03:54.336  3103  3917 E GeckoConsole: [JavaScript Warning: "Error in parsing value for 'background-image'.  Declaration dropped." {file: "http://online.wsj.com/article/SB10001424052702304458604577490953761891484.html?mod=googlenews_wsj" line: 1}]
06-26 23:03:54.336  3103  3917 E GeckoConsole: [JavaScript Warning: "Error in parsing value for 'background-image'.  Declaration dropped." {file: "http://online.wsj.com/article/SB10001424052702304458604577490953761891484.html?mod=googlenews_wsj" line: 1}]
06-26 23:03:54.336  3103  3917 E GeckoConsole: [JavaScript Warning: "Error in parsing value for 'background-image'.  Declaration dropped." {file: "http://online.wsj.com/article/SB10001424052702304458604577490953761891484.html?mod=googlenews_wsj" line: 1}]
06-26 23:03:54.336  3103  3917 E GeckoConsole: [JavaScript Warning: "Error in parsing value for 'background-image'.  Declaration dropped." {file: "http://online.wsj.com/article/SB10001424052702304458604577490953761891484.html?mod=googlenews_wsj" line: 1}]
06-26 23:03:54.336  3103  3917 E GeckoConsole: [JavaScript Warning: "Error in parsing value for 'filter'.  Declaration dropped." {file: "http://online.wsj.com/article/SB10001424052702304458604577490953761891484.html?mod=googlenews_wsj" line: 1}]
06-26 23:03:54.336  3103  3917 E GeckoConsole: [JavaScript Warning: "Expected declaration but found '*'.  Skipped to next declaration." {file: "http://online.wsj.com/article/SB10001424052702304458604577490953761891484.html?mod=googlenews_wsj" line: 1}]
06-26 23:03:54.336  3103  3917 E GeckoConsole: [JavaScript Warning: "Expected declaration but found '*'.  Skipped to next declaration." {file: "http://online.wsj.com/article/SB10001424052702304458604577490953761891484.html?mod=googlenews_wsj" line: 1}]
06-26 23:03:54.336  3103  3917 E GeckoConsole: [JavaScript Warning: "Expected declaration but found '*'.  Skipped to next declaration." {file: "http://online.wsj.com/article/SB10001424052702304458604577490953761891484.html?mod=googlenews_wsj" line: 1}]
06-26 23:03:54.340  3103  3917 E GeckoConsole: [JavaScript Warning: "Expected declaration but found '*'.  Skipped to next declaration." {file: "http://online.wsj.com/article/SB10001424052702304458604577490953761891484.html?mod=googlenews_wsj" line: 1}]
06-26 23:03:54.340  3103  3917 E GeckoConsole: [JavaScript Warning: "Unknown property '-moz-border-radius'.  Declaration dropped." {file: "http://online.wsj.com/article/SB10001424052702304458604577490953761891484.html?mod=googlenews_wsj" line: 1}]
06-26 23:03:54.340  3103  3917 E GeckoConsole: [JavaScript Warning: "Error in parsing value for 'background-image'.  Declaration dropped." {file: "http://online.wsj.com/article/SB10001424052702304458604577490953761891484.html?mod=googlenews_wsj" line: 1}]
06-26 23:03:54.340  3103  3917 E GeckoConsole: [JavaScript Warning: "Error in parsing value for 'background-image'.  Declaration dropped." {file: "http://online.wsj.com/article/SB10001424052702304458604577490953761891484.html?mod=googlenews_wsj" line: 1}]
06-26 23:03:54.340  3103  3917 E GeckoConsole: [JavaScript Warning: "Unknown property '-moz-border-radius'.  Declaration dropped." {file: "http://online.wsj.com/article/SB10001424052702304458604577490953761891484.html?mod=googlenews_wsj" line: 1}]
06-26 23:03:54.340  3103  3917 E GeckoConsole: [JavaScript Warning: "Expected declaration but found '*'.  Skipped to next declaration." {file: "http://online.wsj.com/article/SB10001424052702304458604577490953761891484.html?mod=googlenews_wsj" line: 1}]
06-26 23:03:54.340  3103  3917 E GeckoConsole: [JavaScript Warning: "Expected declaration but found '*'.  Skipped to next declaration." {file: "http://online.wsj.com/article/SB10001424052702304458604577490953761891484.html?mod=googlenews_wsj" line: 1}]
06-26 23:03:54.344  3103  3917 E GeckoConsole: [JavaScript Warning: "Unknown property '-moz-border-radius'.  Declaration dropped." {file: "http://online.wsj.com/article/SB10001424052702304458604577490953761891484.html?mod=googlenews_wsj" line: 1}]
06-26 23:03:54.344  3103  3917 E GeckoConsole: [JavaScript Warning: "Expected declaration but found ':'.  Skipped to next declaration." {file: "http://online.wsj.com/article/SB10001424052702304458604577490953761891484.html?mod=googlenews_wsj" line: 1}]
06-26 23:03:54.344  3103  3917 E GeckoConsole: [JavaScript Warning: "Error in parsing value for 'background-image'.  Declaration dropped." {file: "http://online.wsj.com/article/SB10001424052702304458604577490953761891484.html?mod=googlenews_wsj" line: 1}]
06-26 23:03:54.344  3103  3917 E GeckoConsole: [JavaScript Warning: "Expected declaration but found '*'.  Skipped to next declaration." {file: "http://online.wsj.com/article/SB10001424052702304458604577490953761891484.html?mod=googlenews_wsj" line: 1}]
06-26 23:03:54.344  3103  3917 E GeckoConsole: [JavaScript Warning: "Expected declaration but found '*'.  Skipped to next declaration." {file: "http://online.wsj.com/article/SB10001424052702304458604577490953761891484.html?mod=googlenews_wsj" line: 1}]
06-26 23:03:54.347  3103  3917 E GeckoConsole: [JavaScript Warning: "Error in parsing value for 'background-image'.  Declaration dropped." {file: "http://online.wsj.com/article/SB10001424052702304458604577490953761891484.html?mod=googlenews_wsj" line: 1}]
06-26 23:03:54.347  3103  3917 E GeckoConsole: [JavaScript Warning: "Error in parsing value for 'background-image'.  Declaration dropped." {file: "http://online.wsj.com/article/SB10001424052702304458604577490953761891484.html?mod=googlenews_wsj" line: 1}]
06-26 23:03:54.347  3103  3917 E GeckoConsole: [JavaScript Warning: "Error in parsing value for 'background-image'.  Declaration dropped." {file: "http://online.wsj.com/article/SB10001424052702304458604577490953761891484.html?mod=googlenews_wsj" line: 1}]
06-26 23:03:54.347  3103  3917 E GeckoConsole: [JavaScript Warning: "Error in parsing value for 'background-image'.  Declaration dropped." {file: "http://online.wsj.com/article/SB10001424052702304458604577490953761891484.html?mod=googlenews_wsj" line: 1}]
06-26 23:03:54.347  3103  3917 E GeckoConsole: [JavaScript Warning: "Error in parsing value for 'filter'.  Declaration dropped." {file: "http://online.wsj.com/article/SB10001424052702304458604577490953761891484.html?mod=googlenews_wsj" line: 1}]
06-26 23:03:54.347  3103  3917 E GeckoConsole: [JavaScript Warning: "Expected declaration but found '*'.  Skipped to next declaration." {file: "http://online.wsj.com/article/SB10001424052702304458604577490953761891484.html?mod=googlenews_wsj" line: 1}]
06-26 23:03:54.347  3103  3917 E GeckoConsole: [JavaScript Warning: "Expected declaration but found '*'.  Skipped to next declaration." {file: "http://online.wsj.com/article/SB10001424052702304458604577490953761891484.html?mod=googlenews_wsj" line: 1}]
06-26 23:03:54.347  3103  3917 E GeckoConsole: [JavaScript Warning: "Expected declaration but found '*'.  Skipped to next declaration." {file: "http://online.wsj.com/article/SB10001424052702304458604577490953761891484.html?mod=googlenews_wsj" line: 1}]
06-26 23:03:54.351  3103  3917 E GeckoConsole: [JavaScript Warning: "Expected declaration but found '*'.  Skipped to next declaration." {file: "http://online.wsj.com/article/SB10001424052702304458604577490953761891484.html?mod=googlenews_wsj" line: 1}]
06-26 23:03:54.351  3103  3917 E GeckoConsole: [JavaScript Warning: "Unknown property '-moz-border-radius'.  Declaration dropped." {file: "http://online.wsj.com/article/SB10001424052702304458604577490953761891484.html?mod=googlenews_wsj" line: 1}]
06-26 23:03:54.351  3103  3917 E GeckoConsole: [JavaScript Warning: "Error in parsing value for 'background-image'.  Declaration dropped." {file: "http://online.wsj.com/article/SB10001424052702304458604577490953761891484.html?mod=googlenews_wsj" line: 1}]
06-26 23:03:54.351  3103  3917 E GeckoConsole: [JavaScript Warning: "Error in parsing value for 'background-image'.  Declaration dropped." {file: "http://online.wsj.com/article/SB10001424052702304458604577490953761891484.html?mod=googlenews_wsj" line: 1}]
06-26 23:03:54.351  3103  3917 E GeckoConsole: [JavaScript Warning: "Unknown property '-moz-border-radius'.  Declaration dropped." {file: "http://online.wsj.com/article/SB10001424052702304458604577490953761891484.html?mod=googlenews_wsj" line: 1}]
06-26 23:03:54.351  3103  3917 E GeckoConsole: [JavaScript Warning: "Expected declaration but found '*'.  Skipped to next declaration." {file: "http://online.wsj.com/article/SB10001424052702304458604577490953761891484.html?mod=googlenews_wsj" line: 1}]
06-26 23:03:54.351  3103  3917 E GeckoConsole: [JavaScript Warning: "Expected declaration but found '*'.  Skipped to next declaration." {file: "http://online.wsj.com/article/SB10001424052702304458604577490953761891484.html?mod=googlenews_wsj" line: 1}]
06-26 23:03:54.355  3103  3917 E GeckoConsole: [JavaScript Warning: "Unknown property '-moz-border-radius'.  Declaration dropped." {file: "http://online.wsj.com/article/SB10001424052702304458604577490953761891484.html?mod=googlenews_wsj" line: 1}]
06-26 23:03:54.355  3103  3917 E GeckoConsole: [JavaScript Warning: "Expected declaration but found ':'.  Skipped to next declaration." {file: "http://online.wsj.com/article/SB10001424052702304458604577490953761891484.html?mod=googlenews_wsj" line: 1}]
06-26 23:03:54.355  3103  3917 E GeckoConsole: [JavaScript Warning: "Error in parsing value for 'background-image'.  Declaration dropped." {file: "http://online.wsj.com/article/SB10001424052702304458604577490953761891484.html?mod=googlenews_wsj" line: 1}]
06-26 23:03:54.355  3103  3917 E GeckoConsole: [JavaScript Warning: "Expected declaration but found '*'.  Skipped to next declaration." {file: "http://online.wsj.com/article/SB10001424052702304458604577490953761891484.html?mod=googlenews_wsj" line: 1}]
06-26 23:03:54.355  3103  3917 E GeckoConsole: [JavaScript Warning: "Expected declaration but found '*'.  Skipped to next declaration." {file: "http://online.wsj.com/article/SB10001424052702304458604577490953761891484.html?mod=googlenews_wsj" line: 1}]
06-26 23:03:54.355  3103  3917 E GeckoConsole: [JavaScript Warning: "Error in parsing value for 'background-image'.  Declaration dropped." {file: "http://online.wsj.com/article/SB10001424052702304458604577490953761891484.html?mod=googlenews_wsj" line: 1}]
06-26 23:03:54.355  3103  3917 E GeckoConsole: [JavaScript Warning: "Error in parsing value for 'background-image'.  Declaration dropped." {file: "http://online.wsj.com/article/SB10001424052702304458604577490953761891484.html?mod=googlenews_wsj" line: 1}]
06-26 23:03:54.355  3103  3917 E GeckoConsole: [JavaScript Warning: "Error in parsing value for 'opacity'.  Declaration dropped." {file: "http://online.wsj.com/article/SB10001424052702304458604577490953761891484.html?mod=googlenews_wsj" line: 1}]
06-26 23:03:54.359  3103  3917 E GeckoConsole: [JavaScript Warning: "Error in parsing value for 'filter'.  Declaration dropped." {file: "http://online.wsj.com/article/SB10001424052702304458604577490953761891484.html?mod=googlenews_wsj" line: 1}]
06-26 23:03:54.359  3103  3917 E GeckoConsole: [JavaScript Warning: "Error in parsing value for 'border-color'.  Declaration dropped." {file: "http://online.wsj.com/article/SB10001424052702304458604577490953761891484.html?mod=googlenews_wsj" line: 1}]
06-26 23:03:54.359  3103  3917 E GeckoConsole: [JavaScript Warning: "Error in parsing value for 'background'.  Declaration dropped." {file: "http://online.wsj.com/article/SB10001424052702304458604577490953761891484.html?mod=googlenews_wsj" line: 1}]
06-26 23:03:54.359  3103  3917 E GeckoConsole: [JavaScript Warning: "Expected declaration but found '*'.  Skipped to next declaration." {file: "http://online.wsj.com/article/SB10001424052702304458604577490953761891484.html?mod=googlenews_wsj" line: 1}]
06-26 23:03:54.359  3103  3917 E GeckoConsole: [JavaScript Warning: "Expected declaration but found '*'.  Skipped to next declaration." {file: "http://online.wsj.com/article/SB10001424052702304458604577490953761891484.html?mod=googlenews_wsj" line: 1}]
06-26 23:03:54.359  3103  3917 E GeckoConsole: [JavaScript Warning: "Expected declaration but found '*'.  Skipped to next declaration." {file: "http://online.wsj.com/article/SB10001424052702304458604577490953761891484.html?mod=googlenews_wsj" line: 1}]
06-26 23:03:54.359  3103  3917 E GeckoConsole: [JavaScript Warning: "Expected declaration but found '*'.  Skipped to next declaration." {file: "http://online.wsj.com/article/SB10001424052702304458604577490953761891484.html?mod=googlenews_wsj" line: 1}]
06-26 23:03:54.359  3103  3917 E GeckoConsole: [JavaScript Warning: "Error in parsing value for 'border-color'.  Declaration dropped." {file: "http://online.wsj.com/article/SB10001424052702304458604577490953761891484.html?mod=googlenews_wsj" line: 1}]
06-26 23:03:54.359  3103  3917 E GeckoConsole: [JavaScript Warning: "Unknown property '-moz-border-radius'.  Declaration dropped." {file: "http://online.wsj.com/article/SB10001424052702304458604577490953761891484.html?mod=googlenews_wsj" line: 1}]
06-26 23:03:54.359  3103  3917 E GeckoConsole: [JavaScript Warning: "Error in parsing value for 'background-image'.  Declaration dropped." {file: "http://online.wsj.com/article/SB10001424052702304458604577490953761891484.html?mod=googlenews_wsj" line: 1}]
06-26 23:03:54.363  3103  3917 E GeckoConsole: [JavaScript Warning: "Unknown property '-moz-border-radius'.  Declaration dropped." {file: "http://online.wsj.com/article/SB10001424052702304458604577490953761891484.html?mod=googlenews_wsj" line: 1}]
06-26 23:03:54.363  3103  3917 E GeckoConsole: [JavaScript Warning: "Expected declaration but found '*'.  Skipped to next declaration." {file: "http://online.wsj.com/article/SB10001424052702304458604577490953761891484.html?mod=googlenews_wsj" line: 1}]
06-26 23:03:54.363  3103  3917 E GeckoConsole: [JavaScript Warning: "Expected declaration but found '*'.  Skipped to next declaration." {file: "http://online.wsj.com/article/SB10001424052702304458604577490953761891484.html?mod=googlenews_wsj" line: 1}]
06-26 23:03:54.363  3103  3917 E GeckoConsole: [JavaScript Warning: "Unknown property '-moz-border-radius'.  Declaration dropped." {file: "http://online.wsj.com/article/SB10001424052702304458604577490953761891484.html?mod=googlenews_wsj" line: 1}]
06-26 23:03:54.363  3103  3917 E GeckoConsole: [JavaScript Warning: "Expected declaration but found ':'.  Skipped to next declaration." {file: "http://online.wsj.com/article/SB10001424052702304458604577490953761891484.html?mod=googlenews_wsj" line: 1}]
06-26 23:03:54.363  3103  3917 E GeckoConsole: [JavaScript Warning: "Expected declaration but found '*'.  Skipped to next declaration." {file: "http://online.wsj.com/article/SB10001424052702304458604577490953761891484.html?mod=googlenews_wsj" line: 1}]
06-26 23:03:54.363  3103  3917 E GeckoConsole: [JavaScript Warning: "Expected declaration but found '*'.  Skipped to next declaration." {file: "http://online.wsj.com/article/SB10001424052702304458604577490953761891484.html?mod=googlenews_wsj" line: 1}]
06-26 23:03:54.367  3103  3917 E GeckoConsole: [JavaScript Warning: "Error in parsing value for 'background-image'.  Declaration dropped." {file: "http://online.wsj.com/article/SB10001424052702304458604577490953761891484.html?mod=googlenews_wsj" line: 1}]
06-26 23:03:54.367  3103  3917 E GeckoConsole: [JavaScript Warning: "Error in parsing value for 'background-image'.  Declaration dropped." {file: "http://online.wsj.com/article/SB10001424052702304458604577490953761891484.html?mod=googlenews_wsj" line: 1}]
06-26 23:03:54.367  3103  3917 E GeckoConsole: [JavaScript Warning: "Error in parsing value for 'background-image'.  Declaration dropped." {file: "http://online.wsj.com/article/SB10001424052702304458604577490953761891484.html?mod=googlenews_wsj" line: 1}]
06-26 23:03:54.367  3103  3917 E GeckoConsole: [JavaScript Warning: "Error in parsing value for 'opacity'.  Declaration dropped." {file: "http://online.wsj.com/article/SB10001424052702304458604577490953761891484.html?mod=googlenews_wsj" line: 1}]
06-26 23:03:54.367  3103  3917 E GeckoConsole: [JavaScript Warning: "Error in parsing value for 'filter'.  Declaration dropped." {file: "http://online.wsj.com/article/SB10001424052702304458604577490953761891484.html?mod=googlenews_wsj" line: 1}]
06-26 23:03:54.367  3103  3917 E GeckoConsole: [JavaScript Warning: "Error in parsing value for 'border-color'.  Declaration dropped." {file: "http://online.wsj.com/article/SB10001424052702304458604577490953761891484.html?mod=googlenews_wsj" line: 1}]
06-26 23:03:54.371  3103  3917 E GeckoConsole: [JavaScript Warning: "Error in parsing value for 'background'.  Declaration dropped." {file: "http://online.wsj.com/article/SB10001424052702304458604577490953761891484.html?mod=googlenews_wsj" line: 1}]
06-26 23:03:54.371  3103  3917 E GeckoConsole: [JavaScript Warning: "Expected declaration but found '*'.  Skipped to next declaration." {file: "http://online.wsj.com/article/SB10001424052702304458604577490953761891484.html?mod=googlenews_wsj" line: 1}]
06-26 23:03:54.371  3103  3917 E GeckoConsole: [JavaScript Warning: "Expected declaration but found '*'.  Skipped to next declaration." {file: "http://online.wsj.com/article/SB10001424052702304458604577490953761891484.html?mod=googlenews_wsj" line: 1}]
06-26 23:03:54.371  3103  3917 E GeckoConsole: [JavaScript Warning: "Expected declaration but found '*'.  Skipped to next declaration." {file: "http://online.wsj.com/article/SB10001424052702304458604577490953761891484.html?mod=googlenews_wsj" line: 1}]
06-26 23:03:54.371  3103  3917 E GeckoConsole: [JavaScript Warning: "Expected declaration but found '*'.  Skipped to next declaration." {file: "http://online.wsj.com/article/SB10001424052702304458604577490953761891484.html?mod=googlenews_wsj" line: 1}]
06-26 23:03:54.371  3103  3917 E GeckoConsole: [JavaScript Warning: "Error in parsing value for 'border-color'.  Declaration dropped." {file: "http://online.wsj.com/article/SB10001424052702304458604577490953761891484.html?mod=googlenews_wsj" line: 1}]
06-26 23:03:54.371  3103  3917 E GeckoConsole: [JavaScript Warning: "Unknown property '-moz-border-radius'.  Declaration dropped." {file: "http://online.wsj.com/article/SB10001424052702304458604577490953761891484.html?mod=googlenews_wsj" line: 1}]
06-26 23:03:54.371  3103  3917 E GeckoConsole: [JavaScript Warning: "Error in parsing value for 'background-image'.  Declaration dropped." {file: "http://online.wsj.com/article/SB10001424052702304458604577490953761891484.html?mod=googlenews_wsj" line: 1}]
06-26 23:03:54.371  3103  3917 E GeckoConsole: [JavaScript Warning: "Unknown property '-moz-border-radius'.  Declaration dropped." {file: "http://online.wsj.com/article/SB10001424052702304458604577490953761891484.html?mod=googlenews_wsj" line: 1}]
06-26 23:03:54.375  3103  3917 E GeckoConsole: [JavaScript Warning: "Expected declaration but found '*'.  Skipped to next declaration." {file: "http://online.wsj.com/article/SB10001424052702304458604577490953761891484.html?mod=googlenews_wsj" line: 1}]
06-26 23:03:54.375  3103  3917 E GeckoConsole: [JavaScript Warning: "Expected declaration but found '*'.  Skipped to next declaration." {file: "http://online.wsj.com/article/SB10001424052702304458604577490953761891484.html?mod=googlenews_wsj" line: 1}]
06-26 23:03:54.375  3103  3917 E GeckoConsole: [JavaScript Warning: "Unknown property '-moz-border-radius'.  Declaration dropped." {file: "http://online.wsj.com/article/SB10001424052702304458604577490953761891484.html?mod=googlenews_wsj" line: 1}]
06-26 23:03:54.375  3103  3917 E GeckoConsole: [JavaScript Warning: "Expected declaration but found ':'.  Skipped to next declaration." {file: "http://online.wsj.com/article/SB10001424052702304458604577490953761891484.html?mod=googlenews_wsj" line: 1}]
06-26 23:03:54.375  3103  3917 E GeckoConsole: [JavaScript Warning: "Error in parsing value for 'background-image'.  Declaration dropped." {file: "http://online.wsj.com/article/SB10001424052702304458604577490953761891484.html?mod=googlenews_wsj" line: 1}]
06-26 23:03:54.375  3103  3917 E GeckoConsole: [JavaScript Warning: "Expected declaration but found '*'.  Skipped to next declaration." {file: "http://online.wsj.com/article/SB10001424052702304458604577490953761891484.html?mod=googlenews_wsj" line: 1}]
06-26 23:03:54.375  3103  3917 E GeckoConsole: [JavaScript Warning: "Expected declaration but found '*'.  Skipped to next declaration." {file: "http://online.wsj.com/article/SB10001424052702304458604577490953761891484.html?mod=googlenews_wsj" line: 1}]
06-26 23:03:54.375  3103  3917 E GeckoConsole: [JavaScript Warning: "Error in parsing value for 'background-image'.  Declaration dropped." {file: "http://online.wsj.com/article/SB10001424052702304458604577490953761891484.html?mod=googlenews_wsj" line: 1}]
06-26 23:03:54.379  3103  3917 E GeckoConsole: [JavaScript Warning: "Error in parsing value for 'background-image'.  Declaration dropped." {file: "http://online.wsj.com/article/SB10001424052702304458604577490953761891484.html?mod=googlenews_wsj" line: 1}]
06-26 23:03:54.379  3103  3917 E GeckoConsole: [JavaScript Warning: "Error in parsing value for 'background-image'.  Declaration dropped." {file: "http://online.wsj.com/article/SB10001424052702304458604577490953761891484.html?mod=googlenews_wsj" line: 1}]
06-26 23:03:54.379  3103  3917 E GeckoConsole: [JavaScript Warning: "Error in parsing value for 'opacity'.  Declaration dropped." {file: "http://online.wsj.com/article/SB10001424052702304458604577490953761891484.html?mod=googlenews_wsj" line: 1}]
06-26 23:03:54.379  3103  3917 E GeckoConsole: [JavaScript Warning: "Error in parsing value for 'filter'.  Declaration dropped." {file: "http://online.wsj.com/article/SB10001424052702304458604577490953761891484.html?mod=googlenews_wsj" line: 1}]
06-26 23:03:54.379  3103  3917 E GeckoConsole: [JavaScript Warning: "Error in parsing value for 'border-color'.  Declaration dropped." {file: "http://online.wsj.com/article/SB10001424052702304458604577490953761891484.html?mod=googlenews_wsj" line: 1}]
06-26 23:03:54.379  3103  3917 E GeckoConsole: [JavaScript Warning: "Error in parsing value for 'background'.  Declaration dropped." {file: "http://online.wsj.com/article/SB10001424052702304458604577490953761891484.html?mod=googlenews_wsj" line: 1}]
06-26 23:03:54.379  3103  3917 E GeckoConsole: [JavaScript Warning: "Expected declaration but found '*'.  Skipped to next declaration." {file: "http://online.wsj.com/article/SB10001424052702304458604577490953761891484.html?mod=googlenews_wsj" line: 1}]
06-26 23:03:54.379  3103  3917 E GeckoConsole: [JavaScript Warning: "Expected declaration but found '*'.  Skipped to next declaration." {file: "http://online.wsj.com/article/SB10001424052702304458604577490953761891484.html?mod=googlenews_wsj" line: 1}]
06-26 23:03:54.379  3103  3917 E GeckoConsole: [JavaScript Warning: "Expected declaration but found '*'.  Skipped to next declaration." {file: "http://online.wsj.com/article/SB10001424052702304458604577490953761891484.html?mod=googlenews_wsj" line: 1}]
06-26 23:03:54.379  3103  3917 E GeckoConsole: [JavaScript Warning: "Expected declaration but found '*'.  Skipped to next declaration." {file: "http://online.wsj.com/article/SB10001424052702304458604577490953761891484.html?mod=googlenews_wsj" line: 1}]
06-26 23:03:54.383  3103  3917 E GeckoConsole: [JavaScript Warning: "Error in parsing value for 'border-color'.  Declaration dropped." {file: "http://online.wsj.com/article/SB10001424052702304458604577490953761891484.html?mod=googlenews_wsj" line: 1}]
06-26 23:03:54.383  3103  3917 E GeckoConsole: [JavaScript Warning: "Unknown property '-moz-border-radius'.  Declaration dropped." {file: "http://online.wsj.com/article/SB10001424052702304458604577490953761891484.html?mod=googlenews_wsj" line: 1}]
06-26 23:03:54.383  3103  3917 E GeckoConsole: [JavaScript Warning: "Error in parsing value for 'background-image'.  Declaration dropped." {file: "http://online.wsj.com/article/SB10001424052702304458604577490953761891484.html?mod=googlenews_wsj" line: 1}]
06-26 23:03:54.383  3103  3917 E GeckoConsole: [JavaScript Warning: "Unknown property '-moz-border-radius'.  Declaration dropped." {file: "http://online.wsj.com/article/SB10001424052702304458604577490953761891484.html?mod=googlenews_wsj" line: 1}]
06-26 23:03:54.383  3103  3917 E GeckoConsole: [JavaScript Warning: "Expected declaration but found '*'.  Skipped to next declaration." {file: "http://online.wsj.com/article/SB10001424052702304458604577490953761891484.html?mod=googlenews_wsj" line: 1}]
06-26 23:03:54.387  3103  3917 E GeckoConsole: [JavaScript Warning: "Expected declaration but found '*'.  Skipped to next declaration." {file: "http://online.wsj.com/article/SB10001424052702304458604577490953761891484.html?mod=googlenews_wsj" line: 1}]
06-26 23:03:54.387  3103  3917 E GeckoConsole: [JavaScript Warning: "Unknown property '-moz-border-radius'.  Declaration dropped." {file: "http://online.wsj.com/article/SB10001424052702304458604577490953761891484.html?mod=googlenews_wsj" line: 1}]
06-26 23:03:54.387  3103  3917 E GeckoConsole: [JavaScript Warning: "Expected declaration but found ':'.  Skipped to next declaration." {file: "http://online.wsj.com/article/SB10001424052702304458604577490953761891484.html?mod=googlenews_wsj" line: 1}]
06-26 23:03:54.387  3103  3917 E GeckoConsole: [JavaScript Warning: "Error in parsing value for 'background-image'.  Declaration dropped." {file: "http://online.wsj.com/article/SB10001424052702304458604577490953761891484.html?mod=googlenews_wsj" line: 1}]
06-26 23:03:54.387  3103  3917 E GeckoConsole: [JavaScript Warning: "Expected declaration but found '*'.  Skipped to next declaration." {file: "http://online.wsj.com/article/SB10001424052702304458604577490953761891484.html?mod=googlenews_wsj" line: 1}]
06-26 23:03:54.387  3103  3917 E GeckoConsole: [JavaScript Warning: "Expected declaration but found '*'.  Skipped to next declaration." {file: "http://online.wsj.com/article/SB10001424052702304458604577490953761891484.html?mod=googlenews_wsj" line: 1}]
06-26 23:03:54.387  3103  3917 E GeckoConsole: [JavaScript Warning: "Error in parsing value for 'background-image'.  Declaration dropped." {file: "http://online.wsj.com/article/SB10001424052702304458604577490953761891484.html?mod=googlenews_wsj" line: 1}]
06-26 23:03:54.387  3103  3917 E GeckoConsole: [JavaScript Warning: "Error in parsing value for 'background-image'.  Declaration dropped." {file: "http://online.wsj.com/article/SB10001424052702304458604577490953761891484.html?mod=googlenews_wsj" line: 1}]
06-26 23:03:54.390  3103  3917 E GeckoConsole: [JavaScript Warning: "Error in parsing value for 'background-image'.  Declaration dropped." {file: "http://online.wsj.com/article/SB10001424052702304458604577490953761891484.html?mod=googlenews_wsj" line: 1}]
06-26 23:03:54.390  3103  3917 E GeckoConsole: [JavaScript Warning: "Error in parsing value for 'opacity'.  Declaration dropped." {file: "http://online.wsj.com/article/SB10001424052702304458604577490953761891484.html?mod=googlenews_wsj" line: 1}]
06-26 23:03:54.390  3103  3917 E GeckoConsole: [JavaScript Warning: "Error in parsing value for 'filter'.  Declaration dropped." {file: "http://online.wsj.com/article/SB10001424052702304458604577490953761891484.html?mod=googlenews_wsj" line: 1}]
06-26 23:03:54.390  3103  3917 E GeckoConsole: [JavaScript Warning: "Error in parsing value for 'border-color'.  Declaration dropped." {file: "http://online.wsj.com/article/SB10001424052702304458604577490953761891484.html?mod=googlenews_wsj" line: 1}]
06-26 23:03:54.390  3103  3917 E GeckoConsole: [JavaScript Warning: "Error in parsing value for 'background'.  Declaration dropped." {file: "http://online.wsj.com/article/SB10001424052702304458604577490953761891484.html?mod=googlenews_wsj" line: 1}]
06-26 23:03:54.390  3103  3917 E GeckoConsole: [JavaScript Warning: "Expected declaration but found '*'.  Skipped to next declaration." {file: "http://online.wsj.com/article/SB10001424052702304458604577490953761891484.html?mod=googlenews_wsj" line: 1}]
06-26 23:03:54.390  3103  3917 E GeckoConsole: [JavaScript Warning: "Expected declaration but found '*'.  Skipped to next declaration." {file: "http://online.wsj.com/article/SB10001424052702304458604577490953761891484.html?mod=googlenews_wsj" line: 1}]
06-26 23:03:54.390  3103  3917 E GeckoConsole: [JavaScript Warning: "Expected declaration but found '*'.  Skipped to next declaration." {file: "http://online.wsj.com/article/SB10001424052702304458604577490953761891484.html?mod=googlenews_wsj" line: 1}]
06-26 23:03:54.390  3103  3917 E GeckoConsole: [JavaScript Warning: "Expected declaration but found '*'.  Skipped to next declaration." {file: "http://online.wsj.com/article/SB10001424052702304458604577490953761891484.html?mod=googlenews_wsj" line: 1}]
06-26 23:03:54.394  3103  3917 E GeckoConsole: [JavaScript Warning: "Error in parsing value for 'border-color'.  Declaration dropped." {file: "http://online.wsj.com/article/SB10001424052702304458604577490953761891484.html?mod=googlenews_wsj" line: 1}]
06-26 23:03:54.394  3103  3917 E GeckoConsole: [JavaScript Warning: "Unknown property '-moz-border-radius'.  Declaration dropped." {file: "http://online.wsj.com/article/SB10001424052702304458604577490953761891484.html?mod=googlenews_wsj" line: 1}]
06-26 23:03:54.394  3103  3917 E GeckoConsole: [JavaScript Warning: "Error in parsing value for 'background-image'.  Declaration dropped." {file: "http://online.wsj.com/article/SB10001424052702304458604577490953761891484.html?mod=googlenews_wsj" line: 1}]
06-26 23:03:54.394  3103  3917 E GeckoConsole: [JavaScript Warning: "Unknown property '-moz-border-radius'.  Declaration dropped." {file: "http://online.wsj.com/article/SB10001424052702304458604577490953761891484.html?mod=googlenews_wsj" line: 1}]
06-26 23:03:54.398  3103  3917 E GeckoConsole: [JavaScript Warning: "Expected declaration but found '*'.  Skipped to next declaration." {file: "http://online.wsj.com/article/SB10001424052702304458604577490953761891484.html?mod=googlenews_wsj" line: 1}]
06-26 23:03:54.398  3103  3917 E GeckoConsole: [JavaScript Warning: "Expected declaration but found '*'.  Skipped to next declaration." {file: "http://online.wsj.com/article/SB10001424052702304458604577490953761891484.html?mod=googlenews_wsj" line: 1}]
06-26 23:03:54.398  3103  3917 E GeckoConsole: [JavaScript Warning: "Unknown property '-moz-border-radius'.  Declaration dropped." {file: "http://online.wsj.com/article/SB10001424052702304458604577490953761891484.html?mod=googlenews_wsj" line: 1}]
06-26 23:03:54.398  3103  3917 E GeckoConsole: [JavaScript Warning: "Expected declaration but found ':'.  Skipped to next declaration." {file: "http://online.wsj.com/article/SB10001424052702304458604577490953761891484.html?mod=googlenews_wsj" line: 1}]
06-26 23:03:54.398  3103  3917 E GeckoConsole: [JavaScript Warning: "Error in parsing value for 'background-image'.  Declaration dropped." {file: "http://online.wsj.com/article/SB10001424052702304458604577490953761891484.html?mod=googlenews_wsj" line: 1}]
06-26 23:03:54.398  3103  3917 E GeckoConsole: [JavaScript Warning: "Expected declaration but found '*'.  Skipped to next declaration." {file: "http://online.wsj.com/article/SB10001424052702304458604577490953761891484.html?mod=googlenews_wsj" line: 1}]
06-26 23:03:54.398  3103  3917 E GeckoConsole: [JavaScript Warning: "Expected declaration but found '*'.  Skipped to next declaration." {file: "http://online.wsj.com/article/SB10001424052702304458604577490953761891484.html?mod=googlenews_wsj" line: 1}]
06-26 23:03:54.398  3103  3917 E GeckoConsole: [JavaScript Warning: "Error in parsing value for 'background-image'.  Declaration dropped." {file: "http://online.wsj.com/article/SB10001424052702304458604577490953761891484.html?mod=googlenews_wsj" line: 1}]
06-26 23:03:54.402  3103  3917 E GeckoConsole: [JavaScript Warning: "Error in parsing value for 'background-image'.  Declaration dropped." {file: "http://online.wsj.com/article/SB10001424052702304458604577490953761891484.html?mod=googlenews_wsj" line: 1}]
06-26 23:03:54.402  3103  3917 E GeckoConsole: [JavaScript Warning: "Error in parsing value for 'background-image'.  Declaration dropped." {file: "http://online.wsj.com/article/SB10001424052702304458604577490953761891484.html?mod=googlenews_wsj" line: 1}]
06-26 23:03:54.402  3103  3917 E GeckoConsole: [JavaScript Warning: "Error in parsing value for 'opacity'.  Declaration dropped." {file: "http://online.wsj.com/article/SB10001424052702304458604577490953761891484.html?mod=googlenews_wsj" line: 1}]
06-26 23:03:54.402  3103  3917 E GeckoConsole: [JavaScript Warning: "Error in parsing value for 'filter'.  Declaration dropped." {file: "http://online.wsj.com/article/SB10001424052702304458604577490953761891484.html?mod=googlenews_wsj" line: 1}]
06-26 23:03:54.402  3103  3917 E GeckoConsole: [JavaScript Warning: "Error in parsing value for 'border-color'.  Declaration dropped." {file: "http://online.wsj.com/article/SB10001424052702304458604577490953761891484.html?mod=googlenews_wsj" line: 1}]
06-26 23:03:54.402  3103  3917 E GeckoConsole: [JavaScript Warning: "Error in parsing value for 'background'.  Declaration dropped." {file: "http://online.wsj.com/article/SB10001424052702304458604577490953761891484.html?mod=googlenews_wsj" line: 1}]
06-26 23:03:54.402  3103  3917 E GeckoConsole: [JavaScript Warning: "Expected declaration but found '*'.  Skipped to next declaration." {file: "http://online.wsj.com/article/SB10001424052702304458604577490953761891484.html?mod=googlenews_wsj" line: 1}]
06-26 23:03:54.402  3103  3917 E GeckoConsole: [JavaScript Warning: "Expected declaration but found '*'.  Skipped to next declaration." {file: "http://online.wsj.com/article/SB10001424052702304458604577490953761891484.html?mod=googlenews_wsj" line: 1}]
06-26 23:03:54.406  3103  3917 E GeckoConsole: [JavaScript Warning: "Expected declaration but found '*'.  Skipped to next declaration." {file: "http://online.wsj.com/article/SB10001424052702304458604577490953761891484.html?mod=googlenews_wsj" line: 1}]
06-26 23:03:54.406  3103  3917 E GeckoConsole: [JavaScript Warning: "Expected declaration but found '*'.  Skipped to next declaration." {file: "http://online.wsj.com/article/SB10001424052702304458604577490953761891484.html?mod=googlenews_wsj" line: 1}]
06-26 23:03:54.406  3103  3917 E GeckoConsole: [JavaScript Warning: "Error in parsing value for 'border-color'.  Declaration dropped." {file: "http://online.wsj.com/article/SB10001424052702304458604577490953761891484.html?mod=googlenews_wsj" line: 1}]
06-26 23:03:54.406  3103  3917 E GeckoConsole: [JavaScript Warning: "Unknown property '-moz-border-radius'.  Declaration dropped." {file: "http://online.wsj.com/article/SB10001424052702304458604577490953761891484.html?mod=googlenews_wsj" line: 1}]
06-26 23:03:54.406  3103  3917 E GeckoConsole: [JavaScript Warning: "Error in parsing value for 'background-image'.  Declaration dropped." {file: "http://online.wsj.com/article/SB10001424052702304458604577490953761891484.html?mod=googlenews_wsj" line: 1}]
06-26 23:03:54.406  3103  3917 E GeckoConsole: [JavaScript Warning: "Unknown property '-moz-border-radius'.  Declaration dropped." {file: "http://online.wsj.com/article/SB10001424052702304458604577490953761891484.html?mod=googlenews_wsj" line: 1}]
06-26 23:03:54.406  3103  3917 E GeckoConsole: [JavaScript Warning: "Expected declaration but found '*'.  Skipped to next declaration." {file: "http://online.wsj.com/article/SB10001424052702304458604577490953761891484.html?mod=googlenews_wsj" line: 1}]
06-26 23:03:54.406  3103  3917 E GeckoConsole: [JavaScript Warning: "Expected declaration but found '*'.  Skipped to next declaration." {file: "http://online.wsj.com/article/SB10001424052702304458604577490953761891484.html?mod=googlenews_wsj" line: 1}]
06-26 23:03:54.410  3103  3917 E GeckoConsole: [JavaScript Warning: "Unknown property '-moz-border-radius'.  Declaration dropped." {file: "http://online.wsj.com/article/SB10001424052702304458604577490953761891484.html?mod=googlenews_wsj" line: 1}]
06-26 23:03:54.410  3103  3917 E GeckoConsole: [JavaScript Warning: "Expected declaration but found ':'.  Skipped to next declaration." {file: "http://online.wsj.com/article/SB10001424052702304458604577490953761891484.html?mod=googlenews_wsj" line: 1}]
06-26 23:03:54.410  3103  3917 E GeckoConsole: [JavaScript Warning: "Error in parsing value for 'background-image'.  Declaration dropped." {file: "http://online.wsj.com/article/SB10001424052702304458604577490953761891484.html?mod=googlenews_wsj" line: 1}]
