06-24 16:13:25.250  1207  1207 D wpa_supplicant: Wireless event: cmd=0x8c00 len=20
06-24 16:13:25.289  1207  1207 D wpa_supplicant: RTM_NEWLINK: operstate=1 ifi_flags=0x11043 ([UP][RUNNING][LOWER_UP])
06-24 16:13:25.289  1207  1207 D wpa_supplicant: RTM_NEWLINK, IFLA_IFNAME: Interface 'wlan0' added
06-24 16:13:25.289  1207  1207 D wpa_supplicant: Wireless event: cmd=0x8c00 len=20
06-24 16:13:25.339  1207  1207 D wpa_supplicant: RTM_NEWLINK: operstate=1 ifi_flags=0x11043 ([UP][RUNNING][LOWER_UP])
06-24 16:13:25.339  1207  1207 D wpa_supplicant: RTM_NEWLINK, IFLA_IFNAME: Interface 'wlan0' added
06-24 16:13:25.339  1207  1207 D wpa_supplicant: Wireless event: cmd=0x8c00 len=20
06-24 16:13:25.379  1207  1207 D wpa_supplicant: RTM_NEWLINK: operstate=1 ifi_flags=0x11043 ([UP][RUNNING][LOWER_UP])
06-24 16:13:25.379  1207  1207 D wpa_supplicant: RTM_NEWLINK, IFLA_IFNAME: Interface 'wlan0' added
06-24 16:13:25.379  1207  1207 D wpa_supplicant: Wireless event: cmd=0x8c00 len=20
06-24 16:13:25.406  1207  1207 D wpa_supplicant: RTM_NEWLINK: operstate=1 ifi_flags=0x11043 ([UP][RUNNING][LOWER_UP])
06-24 16:13:25.406  1207  1207 D wpa_supplicant: RTM_NEWLINK, IFLA_IFNAME: Interface 'wlan0' added
06-24 16:13:25.406  1207  1207 D wpa_supplicant: Wireless event: cmd=0x8c00 len=20
06-24 16:13:25.445  1207  1207 D wpa_supplicant: RTM_NEWLINK: operstate=1 ifi_flags=0x11043 ([UP][RUNNING][LOWER_UP])
06-24 16:13:25.445  1207  1207 D wpa_supplicant: RTM_NEWLINK, IFLA_IFNAME: Interface 'wlan0' added
06-24 16:13:25.445  1207  1207 D wpa_supplicant: Wireless event: cmd=0x8c00 len=20
06-24 16:13:25.484  1207  1207 D wpa_supplicant: RTM_NEWLINK: operstate=1 ifi_flags=0x11043 ([UP][RUNNING][LOWER_UP])
06-24 16:13:25.484  1207  1207 D wpa_supplicant: RTM_NEWLINK, IFLA_IFNAME: Interface 'wlan0' added
06-24 16:13:25.484  1207  1207 D wpa_supplicant: Wireless event: cmd=0x8c00 len=20
06-24 16:13:25.515  1207  1207 D wpa_supplicant: RTM_NEWLINK: operstate=1 ifi_flags=0x11043 ([UP][RUNNING][LOWER_UP])
06-24 16:13:25.515  1207  1207 D wpa_supplicant: RTM_NEWLINK, IFLA_IFNAME: Interface 'wlan0' added
06-24 16:13:25.515  1207  1207 D wpa_supplicant: Wireless event: cmd=0x8c00 len=20
06-24 16:13:25.550  1207  1207 D wpa_supplicant: RTM_NEWLINK: operstate=1 ifi_flags=0x11043 ([UP][RUNNING][LOWER_UP])
06-24 16:13:25.550  1207  1207 D wpa_supplicant: RTM_NEWLINK, IFLA_IFNAME: Interface 'wlan0' added
06-24 16:13:25.550  1207  1207 D wpa_supplicant: Wireless event: cmd=0x8c00 len=20
06-24 16:13:25.589  1207  1207 D wpa_supplicant: RTM_NEWLINK: operstate=1 ifi_flags=0x11043 ([UP][RUNNING][LOWER_UP])
06-24 16:13:25.589  1207  1207 D wpa_supplicant: RTM_NEWLINK, IFLA_IFNAME: Interface 'wlan0' added
06-24 16:13:25.589  1207  1207 D wpa_supplicant: Wireless event: cmd=0x8c00 len=20
06-24 16:13:25.617  1207  1207 D wpa_supplicant: RTM_NEWLINK: operstate=1 ifi_flags=0x11043 ([UP][RUNNING][LOWER_UP])
06-24 16:13:25.617  1207  1207 D wpa_supplicant: RTM_NEWLINK, IFLA_IFNAME: Interface 'wlan0' added
06-24 16:13:25.617  1207  1207 D wpa_supplicant: Wireless event: cmd=0x8c00 len=20
06-24 16:13:25.636  1207  1207 D wpa_supplicant: RTM_NEWLINK: operstate=1 ifi_flags=0x11043 ([UP][RUNNING][LOWER_UP])
06-24 16:13:25.636  1207  1207 D wpa_supplicant: RTM_NEWLINK, IFLA_IFNAME: Interface 'wlan0' added
06-24 16:13:25.636  1207  1207 D wpa_supplicant: Wireless event: cmd=0x8c00 len=20
06-24 16:13:25.675  1207  1207 D wpa_supplicant: RTM_NEWLINK: operstate=1 ifi_flags=0x11043 ([UP][RUNNING][LOWER_UP])
06-24 16:13:25.675  1207  1207 D wpa_supplicant: RTM_NEWLINK, IFLA_IFNAME: Interface 'wlan0' added
06-24 16:13:25.675  1207  1207 D wpa_supplicant: Wireless event: cmd=0x8c00 len=20
06-24 16:13:25.718  1207  1207 D wpa_supplicant: RTM_NEWLINK: operstate=1 ifi_flags=0x11043 ([UP][RUNNING][LOWER_UP])
06-24 16:13:25.718  1207  1207 D wpa_supplicant: RTM_NEWLINK, IFLA_IFNAME: Interface 'wlan0' added
06-24 16:13:25.718  1207  1207 D wpa_supplicant: Wireless event: cmd=0x8c00 len=20
06-24 16:13:25.769  1207  1207 D wpa_supplicant: RTM_NEWLINK: operstate=1 ifi_flags=0x11043 ([UP][RUNNING][LOWER_UP])
06-24 16:13:25.769  1207  1207 D wpa_supplicant: RTM_NEWLINK, IFLA_IFNAME: Interface 'wlan0' added
06-24 16:13:25.769  1207  1207 D wpa_supplicant: Wireless event: cmd=0x8c00 len=20
06-24 16:13:25.812  1207  1207 D wpa_supplicant: RTM_NEWLINK: operstate=1 ifi_flags=0x11043 ([UP][RUNNING][LOWER_UP])
06-24 16:13:25.812  1207  1207 D wpa_supplicant: RTM_NEWLINK, IFLA_IFNAME: Interface 'wlan0' added
06-24 16:13:25.820  1207  1207 D wpa_supplicant: Wireless event: cmd=0x8c00 len=20
06-24 16:13:25.855  1207  1207 D wpa_supplicant: RTM_NEWLINK: operstate=1 ifi_flags=0x11043 ([UP][RUNNING][LOWER_UP])
06-24 16:13:25.855  1207  1207 D wpa_supplicant: RTM_NEWLINK, IFLA_IFNAME: Interface 'wlan0' added
06-24 16:13:25.855  1207  1207 D wpa_supplicant: Wireless event: cmd=0x8c00 len=20
06-24 16:13:25.890  1207  1207 D wpa_supplicant: RTM_NEWLINK: operstate=1 ifi_flags=0x11043 ([UP][RUNNING][LOWER_UP])
06-24 16:13:25.890  1207  1207 D wpa_supplicant: RTM_NEWLINK, IFLA_IFNAME: Interface 'wlan0' added
06-24 16:13:25.890  1207  1207 D wpa_supplicant: Wireless event: cmd=0x8c00 len=20
06-24 16:13:25.949  1207  1207 D wpa_supplicant: RTM_NEWLINK: operstate=1 ifi_flags=0x11043 ([UP][RUNNING][LOWER_UP])
06-24 16:13:25.949  1207  1207 D wpa_supplicant: RTM_NEWLINK, IFLA_IFNAME: Interface 'wlan0' added
06-24 16:13:25.949  1207  1207 D wpa_supplicant: Wireless event: cmd=0x8c00 len=20
06-24 16:13:25.980  1207  1207 D wpa_supplicant: RTM_NEWLINK: operstate=1 ifi_flags=0x11043 ([UP][RUNNING][LOWER_UP])
06-24 16:13:25.980  1207  1207 D wpa_supplicant: RTM_NEWLINK, IFLA_IFNAME: Interface 'wlan0' added
06-24 16:13:25.980  1207  1207 D wpa_supplicant: Wireless event: cmd=0x8c00 len=20
06-24 16:13:26.019  1207  1207 D wpa_supplicant: RTM_NEWLINK: operstate=1 ifi_flags=0x11043 ([UP][RUNNING][LOWER_UP])
06-24 16:13:26.019  1207  1207 D wpa_supplicant: RTM_NEWLINK, IFLA_IFNAME: Interface 'wlan0' added
06-24 16:13:26.019  1207  1207 D wpa_supplicant: Wireless event: cmd=0x8c00 len=20
06-24 16:13:26.054  1207  1207 D wpa_supplicant: RTM_NEWLINK: operstate=1 ifi_flags=0x11043 ([UP][RUNNING][LOWER_UP])
06-24 16:13:26.054  1207  1207 D wpa_supplicant: RTM_NEWLINK, IFLA_IFNAME: Interface 'wlan0' added
06-24 16:13:26.054  1207  1207 D wpa_supplicant: Wireless event: cmd=0x8c00 len=20
06-24 16:13:26.109  1207  1207 D wpa_supplicant: RTM_NEWLINK: operstate=1 ifi_flags=0x11043 ([UP][RUNNING][LOWER_UP])
06-24 16:13:26.109  1207  1207 D wpa_supplicant: RTM_NEWLINK, IFLA_IFNAME: Interface 'wlan0' added
06-24 16:13:26.109  1207  1207 D wpa_supplicant: Wireless event: cmd=0x8c00 len=20
06-24 16:13:26.355  1207  1207 D wpa_supplicant: RTM_NEWLINK: operstate=1 ifi_flags=0x11043 ([UP][RUNNING][LOWER_UP])
06-24 16:13:26.355  1207  1207 D wpa_supplicant: RTM_NEWLINK, IFLA_IFNAME: Interface 'wlan0' added
06-24 16:13:26.355  1207  1207 D wpa_supplicant: Wireless event: cmd=0x8c00 len=20
06-24 16:13:26.394  1207  1207 D wpa_supplicant: RTM_NEWLINK: operstate=1 ifi_flags=0x11043 ([UP][RUNNING][LOWER_UP])
06-24 16:13:26.394  1207  1207 D wpa_supplicant: RTM_NEWLINK, IFLA_IFNAME: Interface 'wlan0' added
06-24 16:13:26.394  1207  1207 D wpa_supplicant: Wireless event: cmd=0x8c00 len=20
06-24 16:13:26.429  1207  1207 D wpa_supplicant: RTM_NEWLINK: operstate=1 ifi_flags=0x11043 ([UP][RUNNING][LOWER_UP])
06-24 16:13:26.429  1207  1207 D wpa_supplicant: RTM_NEWLINK, IFLA_IFNAME: Interface 'wlan0' added
06-24 16:13:26.429  1207  1207 D wpa_supplicant: Wireless event: cmd=0x8c00 len=20
06-24 16:13:26.468  1207  1207 D wpa_supplicant: RTM_NEWLINK: operstate=1 ifi_flags=0x11043 ([UP][RUNNING][LOWER_UP])
06-24 16:13:26.468  1207  1207 D wpa_supplicant: RTM_NEWLINK, IFLA_IFNAME: Interface 'wlan0' added
06-24 16:13:26.468  1207  1207 D wpa_supplicant: Wireless event: cmd=0x8c00 len=20
06-24 16:13:26.507  1207  1207 D wpa_supplicant: RTM_NEWLINK: operstate=1 ifi_flags=0x11043 ([UP][RUNNING][LOWER_UP])
06-24 16:13:26.507  1207  1207 D wpa_supplicant: RTM_NEWLINK, IFLA_IFNAME: Interface 'wlan0' added
06-24 16:13:26.507  1207  1207 D wpa_supplicant: Wireless event: cmd=0x8c00 len=20
06-24 16:13:26.550  1207  1207 D wpa_supplicant: RTM_NEWLINK: operstate=1 ifi_flags=0x11043 ([UP][RUNNING][LOWER_UP])
06-24 16:13:26.550  1207  1207 D wpa_supplicant: RTM_NEWLINK, IFLA_IFNAME: Interface 'wlan0' added
06-24 16:13:26.550  1207  1207 D wpa_supplicant: Wireless event: cmd=0x8c00 len=20
06-24 16:13:26.586  1207  1207 D wpa_supplicant: RTM_NEWLINK: operstate=1 ifi_flags=0x11043 ([UP][RUNNING][LOWER_UP])
06-24 16:13:26.586  1207  1207 D wpa_supplicant: RTM_NEWLINK, IFLA_IFNAME: Interface 'wlan0' added
06-24 16:13:26.586  1207  1207 D wpa_supplicant: Wireless event: cmd=0x8c00 len=20
06-24 16:13:26.625  1207  1207 D wpa_supplicant: RTM_NEWLINK: operstate=1 ifi_flags=0x11043 ([UP][RUNNING][LOWER_UP])
06-24 16:13:26.625  1207  1207 D wpa_supplicant: RTM_NEWLINK, IFLA_IFNAME: Interface 'wlan0' added
06-24 16:13:26.625  1207  1207 D wpa_supplicant: Wireless event: cmd=0x8c00 len=20
06-24 16:13:26.668  1207  1207 D wpa_supplicant: RTM_NEWLINK: operstate=1 ifi_flags=0x11043 ([UP][RUNNING][LOWER_UP])
06-24 16:13:26.668  1207  1207 D wpa_supplicant: RTM_NEWLINK, IFLA_IFNAME: Interface 'wlan0' added
06-24 16:13:26.668  1207  1207 D wpa_supplicant: Wireless event: cmd=0x8c00 len=20
06-24 16:13:26.711  1207  1207 D wpa_supplicant: RTM_NEWLINK: operstate=1 ifi_flags=0x11043 ([UP][RUNNING][LOWER_UP])
06-24 16:13:26.711  1207  1207 D wpa_supplicant: RTM_NEWLINK, IFLA_IFNAME: Interface 'wlan0' added
06-24 16:13:26.711  1207  1207 D wpa_supplicant: Wireless event: cmd=0x8c00 len=20
06-24 16:13:26.750  1207  1207 D wpa_supplicant: RTM_NEWLINK: operstate=1 ifi_flags=0x11043 ([UP][RUNNING][LOWER_UP])
06-24 16:13:26.750  1207  1207 D wpa_supplicant: RTM_NEWLINK, IFLA_IFNAME: Interface 'wlan0' added
06-24 16:13:26.750  1207  1207 D wpa_supplicant: Wireless event: cmd=0x8c00 len=20
06-24 16:13:26.785  1207  1207 D wpa_supplicant: RTM_NEWLINK: operstate=1 ifi_flags=0x11043 ([UP][RUNNING][LOWER_UP])
06-24 16:13:26.785  1207  1207 D wpa_supplicant: RTM_NEWLINK, IFLA_IFNAME: Interface 'wlan0' added
06-24 16:13:26.785  1207  1207 D wpa_supplicant: Wireless event: cmd=0x8c00 len=20
06-24 16:13:26.820  1207  1207 D wpa_supplicant: RTM_NEWLINK: operstate=1 ifi_flags=0x11043 ([UP][RUNNING][LOWER_UP])
06-24 16:13:26.820  1207  1207 D wpa_supplicant: RTM_NEWLINK, IFLA_IFNAME: Interface 'wlan0' added
06-24 16:13:26.820  1207  1207 D wpa_supplicant: Wireless event: cmd=0x8c00 len=20
06-24 16:13:26.851  1207  1207 D wpa_supplicant: RTM_NEWLINK: operstate=1 ifi_flags=0x11043 ([UP][RUNNING][LOWER_UP])
06-24 16:13:26.851  1207  1207 D wpa_supplicant: RTM_NEWLINK, IFLA_IFNAME: Interface 'wlan0' added
06-24 16:13:26.851  1207  1207 D wpa_supplicant: Wireless event: cmd=0x8c00 len=20
06-24 16:13:26.890  1207  1207 D wpa_supplicant: RTM_NEWLINK: operstate=1 ifi_flags=0x11043 ([UP][RUNNING][LOWER_UP])
06-24 16:13:26.890  1207  1207 D wpa_supplicant: RTM_NEWLINK, IFLA_IFNAME: Interface 'wlan0' added
06-24 16:13:26.890  1207  1207 D wpa_supplicant: Wireless event: cmd=0x8c00 len=20
06-24 16:13:26.929  1207  1207 D wpa_supplicant: RTM_NEWLINK: operstate=1 ifi_flags=0x11043 ([UP][RUNNING][LOWER_UP])
06-24 16:13:26.929  1207  1207 D wpa_supplicant: RTM_NEWLINK, IFLA_IFNAME: Interface 'wlan0' added
06-24 16:13:26.929  1207  1207 D wpa_supplicant: Wireless event: cmd=0x8c00 len=20
06-24 16:13:26.961  1207  1207 D wpa_supplicant: RTM_NEWLINK: operstate=1 ifi_flags=0x11043 ([UP][RUNNING][LOWER_UP])
06-24 16:13:26.961  1207  1207 D wpa_supplicant: RTM_NEWLINK, IFLA_IFNAME: Interface 'wlan0' added
06-24 16:13:26.961  1207  1207 D wpa_supplicant: Wireless event: cmd=0x8c00 len=20
06-24 16:13:26.988  1207  1207 D wpa_supplicant: RTM_NEWLINK: operstate=1 ifi_flags=0x11043 ([UP][RUNNING][LOWER_UP])
06-24 16:13:26.988  1207  1207 D wpa_supplicant: RTM_NEWLINK, IFLA_IFNAME: Interface 'wlan0' added
06-24 16:13:26.988  1207  1207 D wpa_supplicant: Wireless event: cmd=0x8c00 len=20
06-24 16:13:27.031  1207  1207 D wpa_supplicant: RTM_NEWLINK: operstate=1 ifi_flags=0x11043 ([UP][RUNNING][LOWER_UP])
06-24 16:13:27.031  1207  1207 D wpa_supplicant: RTM_NEWLINK, IFLA_IFNAME: Interface 'wlan0' added
06-24 16:13:27.031  1207  1207 D wpa_supplicant: Wireless event: cmd=0x8c00 len=20
06-24 16:13:27.058  1207  1207 D wpa_supplicant: RTM_NEWLINK: operstate=1 ifi_flags=0x11043 ([UP][RUNNING][LOWER_UP])
06-24 16:13:27.058  1207  1207 D wpa_supplicant: RTM_NEWLINK, IFLA_IFNAME: Interface 'wlan0' added
06-24 16:13:27.058  1207  1207 D wpa_supplicant: Wireless event: cmd=0x8c00 len=20
06-24 16:13:27.101  1207  1207 D wpa_supplicant: EAPOL: idleWhile --> 0
06-24 16:13:27.101  1207  1207 D wpa_supplicant: EAPOL: disable timer tick
06-24 16:13:31.011  1207  1207 D wpa_supplicant: RTM_NEWLINK: operstate=1 ifi_flags=0x11043 ([UP][RUNNING][LOWER_UP])
06-24 16:13:31.011  1207  1207 D wpa_supplicant: RTM_NEWLINK, IFLA_IFNAME: Interface 'wlan0' added
06-24 16:13:31.011  1207  1207 D wpa_supplicant: Wireless event: cmd=0x8c00 len=20
06-24 16:13:37.066  1207  1207 D wpa_supplicant: RTM_NEWLINK: operstate=1 ifi_flags=0x11043 ([UP][RUNNING][LOWER_UP])
06-24 16:13:37.066  1207  1207 D wpa_supplicant: RTM_NEWLINK, IFLA_IFNAME: Interface 'wlan0' added
06-24 16:13:37.066  1207  1207 D wpa_supplicant: Wireless event: cmd=0x8c00 len=20
06-24 16:13:37.105  1207  1207 D wpa_supplicant: RTM_NEWLINK: operstate=1 ifi_flags=0x11043 ([UP][RUNNING][LOWER_UP])
06-24 16:13:37.105  1207  1207 D wpa_supplicant: RTM_NEWLINK, IFLA_IFNAME: Interface 'wlan0' added
06-24 16:13:37.105  1207  1207 D wpa_supplicant: Wireless event: cmd=0x8c00 len=20
06-24 16:13:37.144  1207  1207 D wpa_supplicant: RTM_NEWLINK: operstate=1 ifi_flags=0x11043 ([UP][RUNNING][LOWER_UP])
06-24 16:13:37.144  1207  1207 D wpa_supplicant: RTM_NEWLINK, IFLA_IFNAME: Interface 'wlan0' added
06-24 16:13:37.144  1207  1207 D wpa_supplicant: Wireless event: cmd=0x8c00 len=20
06-24 16:13:37.168  1207  1207 D wpa_supplicant: RTM_NEWLINK: operstate=1 ifi_flags=0x11043 ([UP][RUNNING][LOWER_UP])
06-24 16:13:37.168  1207  1207 D wpa_supplicant: RTM_NEWLINK, IFLA_IFNAME: Interface 'wlan0' added
06-24 16:13:37.168  1207  1207 D wpa_supplicant: Wireless event: cmd=0x8c00 len=20
06-24 16:13:37.215  1207  1207 D wpa_supplicant: RTM_NEWLINK: operstate=1 ifi_flags=0x11043 ([UP][RUNNING][LOWER_UP])
06-24 16:13:37.215  1207  1207 D wpa_supplicant: RTM_NEWLINK, IFLA_IFNAME: Interface 'wlan0' added
06-24 16:13:37.215  1207  1207 D wpa_supplicant: Wireless event: cmd=0x8c00 len=20
06-24 16:13:37.242   334   334 D SAN_SERVICE: *******************************************
06-24 16:13:37.242   334   334 D SAN_SERVICE: DM App Phone Service State - 0
06-24 16:13:37.242   334   334 D SAN_SERVICE: *******************************************
06-24 16:13:37.261  1207  1207 D wpa_supplicant: RTM_NEWLINK: operstate=1 ifi_flags=0x11043 ([UP][RUNNING][LOWER_UP])
06-24 16:13:37.261  1207  1207 D wpa_supplicant: RTM_NEWLINK, IFLA_IFNAME: Interface 'wlan0' added
06-24 16:13:37.261  1207  1207 D wpa_supplicant: Wireless event: cmd=0x8c00 len=20
06-24 16:13:37.293  1207  1207 D wpa_supplicant: RTM_NEWLINK: operstate=1 ifi_flags=0x11043 ([UP][RUNNING][LOWER_UP])
06-24 16:13:37.293  1207  1207 D wpa_supplicant: RTM_NEWLINK, IFLA_IFNAME: Interface 'wlan0' added
06-24 16:13:37.293  1207  1207 D wpa_supplicant: Wireless event: cmd=0x8c00 len=20
06-24 16:13:37.336  1207  1207 D wpa_supplicant: RTM_NEWLINK: operstate=1 ifi_flags=0x11043 ([UP][RUNNING][LOWER_UP])
06-24 16:13:37.336  1207  1207 D wpa_supplicant: RTM_NEWLINK, IFLA_IFNAME: Interface 'wlan0' added
06-24 16:13:37.336  1207  1207 D wpa_supplicant: Wireless event: cmd=0x8c00 len=20
06-24 16:13:37.355  1207  1207 D wpa_supplicant: RTM_NEWLINK: operstate=1 ifi_flags=0x11043 ([UP][RUNNING][LOWER_UP])
06-24 16:13:37.355  1207  1207 D wpa_supplicant: RTM_NEWLINK, IFLA_IFNAME: Interface 'wlan0' added
06-24 16:13:37.355  1207  1207 D wpa_supplicant: Wireless event: cmd=0x8c00 len=20
06-24 16:13:37.394  1207  1207 D wpa_supplicant: RTM_NEWLINK: operstate=1 ifi_flags=0x11043 ([UP][RUNNING][LOWER_UP])
06-24 16:13:37.394  1207  1207 D wpa_supplicant: RTM_NEWLINK, IFLA_IFNAME: Interface 'wlan0' added
06-24 16:13:37.394  1207  1207 D wpa_supplicant: Wireless event: cmd=0x8c00 len=20
06-24 16:13:37.429  1207  1207 D wpa_supplicant: RTM_NEWLINK: operstate=1 ifi_flags=0x11043 ([UP][RUNNING][LOWER_UP])
06-24 16:13:37.429  1207  1207 D wpa_supplicant: RTM_NEWLINK, IFLA_IFNAME: Interface 'wlan0' added
06-24 16:13:37.429  1207  1207 D wpa_supplicant: Wireless event: cmd=0x8c00 len=20
06-24 16:13:37.465  1207  1207 D wpa_supplicant: RTM_NEWLINK: operstate=1 ifi_flags=0x11043 ([UP][RUNNING][LOWER_UP])
06-24 16:13:37.465  1207  1207 D wpa_supplicant: RTM_NEWLINK, IFLA_IFNAME: Interface 'wlan0' added
06-24 16:13:37.465  1207  1207 D wpa_supplicant: Wireless event: cmd=0x8c00 len=20
06-24 16:13:37.507  1207  1207 D wpa_supplicant: RTM_NEWLINK: operstate=1 ifi_flags=0x11043 ([UP][RUNNING][LOWER_UP])
06-24 16:13:37.507  1207  1207 D wpa_supplicant: RTM_NEWLINK, IFLA_IFNAME: Interface 'wlan0' added
06-24 16:13:37.507  1207  1207 D wpa_supplicant: Wireless event: cmd=0x8c00 len=20
06-24 16:13:37.543  1207  1207 D wpa_supplicant: RTM_NEWLINK: operstate=1 ifi_flags=0x11043 ([UP][RUNNING][LOWER_UP])
06-24 16:13:37.543  1207  1207 D wpa_supplicant: RTM_NEWLINK, IFLA_IFNAME: Interface 'wlan0' added
06-24 16:13:37.543  1207  1207 D wpa_supplicant: Wireless event: cmd=0x8c00 len=20
06-24 16:13:37.543  1207  1207 D wpa_supplicant: RTM_NEWLINK: operstate=1 ifi_flags=0x11043 ([UP][RUNNING][LOWER_UP])
06-24 16:13:37.543  1207  1207 D wpa_supplicant: RTM_NEWLINK, IFLA_IFNAME: Interface 'wlan0' added
06-24 16:13:37.543  1207  1207 D wpa_supplicant: Wireless event: cmd=0x8b15 len=20
06-24 16:13:37.543  1207  1207 D wpa_supplicant: Wireless event: new AP: 00:00:00:00:00:00
06-24 16:13:37.543  1207  1207 D wpa_supplicant: Added BSSID 00:86:11:15:d0:e1 into blacklist
06-24 16:13:37.543  1207  1207 I wpa_supplicant: wlan0: CTRL-EVENT-DISCONNECTED bssid=00:86:11:15:d0:e1 reason=0
06-24 16:13:37.543  1207  1207 D wpa_supplicant: wpa_driver_wext_set_key: alg=0 key_idx=0 set_tx=0 seq_len=0 key_len=0
06-24 16:13:37.547    75   115 D CommandListener: Clearing all IP addresses on wlan0
06-24 16:13:37.562  1207  1207 D wpa_supplicant: wpa_driver_wext_set_key: alg=0 key_idx=1 set_tx=0 seq_len=0 key_len=0
06-24 16:13:37.562  1207  1207 D wpa_supplicant: wpa_driver_wext_set_key: alg=0 key_idx=2 set_tx=0 seq_len=0 key_len=0
06-24 16:13:37.566  1207  1207 D wpa_supplicant: wpa_driver_wext_set_key: alg=0 key_idx=3 set_tx=0 seq_len=0 key_len=0
06-24 16:13:37.566  1207  1207 D wpa_supplicant: wpa_driver_wext_set_key: alg=0 key_idx=0 set_tx=0 seq_len=0 key_len=0
06-24 16:13:37.566  1207  1207 D wpa_supplicant: wpa_driver_wext_set_operstate: operstate 1->0 (DORMANT)
06-24 16:13:37.566  1207  1207 D wpa_supplicant: netlink: Operstate: linkmode=-1, operstate=5
06-24 16:13:37.566  1207  1207 D wpa_supplicant: EAPOL: External notification - portEnabled=0
06-24 16:13:37.566  1207  1207 D wpa_supplicant: EAPOL: SUPP_PAE entering state DISCONNECTED
06-24 16:13:37.566  1207  1207 D wpa_supplicant: EAPOL: Supplicant port status: Unauthorized
06-24 16:13:37.566  1207  1207 D wpa_supplicant: EAPOL: SUPP_BE entering state INITIALIZE
06-24 16:13:37.566  1207  1207 D wpa_supplicant: EAPOL: Supplicant port status: Unauthorized
06-24 16:13:37.566  1207  1207 D wpa_supplicant: EAPOL: External notification - portValid=0
06-24 16:13:37.566  1207  1207 D wpa_supplicant: EAPOL: Supplicant port status: Unauthorized
06-24 16:13:37.566  1207  1207 D wpa_supplicant: EAPOL: External notification - EAP success=0
06-24 16:13:37.566  1207  1207 D wpa_supplicant: EAPOL: Supplicant port status: Unauthorized
06-24 16:13:37.566  1207  1207 D wpa_supplicant: RTM_NEWLINK: operstate=0 ifi_flags=0x11003 ([UP][LOWER_UP])
06-24 16:13:37.566  1207  1207 D wpa_supplicant: RTM_NEWLINK, IFLA_IFNAME: Interface 'wlan0' added
06-24 16:13:37.582   142   198 D ConnectivityService: ConnectivityChange for WIFI: DISCONNECTED/DISCONNECTED
06-24 16:13:37.582   142   198 D ConnectivityService: Attempting to switch to mobile
06-24 16:13:37.582   142   198 D ConnectivityService: Attempting to switch to WIMAX
06-24 16:13:37.582   142   198 D ConnectivityService: Attempting to switch to BLUETOOTH_TETHER
06-24 16:13:37.613  1207  1207 D wpa_supplicant: RTM_NEWLINK: operstate=0 ifi_flags=0x11003 ([UP][LOWER_UP])
06-24 16:13:37.613  1207  1207 D wpa_supplicant: RTM_NEWLINK, IFLA_IFNAME: Interface 'wlan0' added
06-24 16:13:37.613  1207  1207 D wpa_supplicant: Wireless event: cmd=0x8c00 len=20
06-24 16:13:37.613   142   198 E ConnectivityService: Exception trying to remove a route: java.lang.IllegalStateException: Unable to communicate with native dameon to add routes - com.android.server.NativeDaemonConnectorException: Cmd {interface route remove wlan0 default 192.168.0.1 32 0.0.0.0} failed with code 400 : {Failed to remove route from default table (No such process)}
06-24 16:13:37.617   142   198 D NetUtils: android_net_utils_resetConnections in env=0x5bb278 clazz=0x3fa00001 iface=wlan0 mask=0x3
06-24 16:13:37.617   142   198 E ConnectivityService: Exception trying to remove a route: java.lang.IllegalStateException: Unable to communicate with native dameon to add routes - com.android.server.NativeDaemonConnectorException: Cmd {interface route remove wlan0 default 0.0.0.0 0 192.168.0.1} failed with code 400 : {Failed to remove route from default table (No such process)}
06-24 16:13:37.617   142   198 D ConnectivityService: resetConnections(wlan0, 3)
06-24 16:13:37.640  1207  1207 D wpa_supplicant: WPS: Building WPS IE for Probe Request
06-24 16:13:37.640  1207  1207 D wpa_supplicant: WPS:  * Version (hardcoded 0x10)
06-24 16:13:37.640  1207  1207 D wpa_supplicant: WPS:  * Request Type
06-24 16:13:37.640  1207  1207 D wpa_supplicant: WPS:  * Config Methods (2388)
06-24 16:13:37.640  1207  1207 D wpa_supplicant: WPS:  * UUID-E
06-24 16:13:37.640  1207  1207 D wpa_supplicant: WPS:  * Primary Device Type
06-24 16:13:37.640  1207  1207 D wpa_supplicant: WPS:  * RF Bands (3)
06-24 16:13:37.640  1207  1207 D wpa_supplicant: WPS:  * Association State
06-24 16:13:37.640  1207  1207 D wpa_supplicant: WPS:  * Configuration Error (0)
06-24 16:13:37.640  1207  1207 D wpa_supplicant: WPS:  * Device Password ID (0)
06-24 16:13:37.640  1207  1207 D wpa_supplicant: WPS:  * Manufacturer
06-24 16:13:37.644  1207  1207 D wpa_supplicant: WPS:  * Model Name
06-24 16:13:37.644  1207  1207 D wpa_supplicant: WPS:  * Model Number
06-24 16:13:37.644  1207  1207 D wpa_supplicant: WPS:  * Device Name
06-24 16:13:37.644  1207  1207 D wpa_supplicant: WPS:  * Version2 (0x20)
06-24 16:13:37.644  1207  1207 D wpa_supplicant: wpa_driver_wext_combo_scan: Start
06-24 16:13:37.644  1207  1207 D wpa_supplicant: For Scan: (null)
06-24 16:13:37.644  1207  1207 D wpa_supplicant: Scan requested (ret=0) - scan timeout 30 seconds
06-24 16:13:37.656   142   198 D ConnectivityService: ConnectivityChange for WIMAX: DISCONNECTED/SCANNING
06-24 16:13:37.656   142   198 D ConnectivityService: Attempting to switch to mobile
06-24 16:13:37.660   142   198 D ConnectivityService: Attempting to switch to WIFI
06-24 16:13:37.660   142   198 D ConnectivityService: Attempting to switch to BLUETOOTH_TETHER
06-24 16:13:37.703   280 28981 W Smack/Packet: notify conn break (IOEx), close connection
06-24 16:13:37.855   280 28981 I qtaguid : Failed write_ctrl(u 72) res=-1 errno=22
06-24 16:13:37.855   280 28981 I qtaguid : Untagging socket 72 failed errno=-22
06-24 16:13:37.855   280 28981 W NetworkManagementSocketTagger: untagSocket(72) failed with errno -22
06-24 16:13:37.871   142   198 D ConnectivityService: handleInetConditionChange: no active default network - ignore
06-24 16:13:37.898   280   851 E GTalkService: connectionClosed: no XMPPConnection - That's strange!
06-24 16:13:38.129  1207  1207 D wpa_supplicant: RTM_NEWLINK: operstate=0 ifi_flags=0x11003 ([UP][LOWER_UP])
06-24 16:13:38.129  1207  1207 D wpa_supplicant: RTM_NEWLINK, IFLA_IFNAME: Interface 'wlan0' added
06-24 16:13:38.129  1207  1207 D wpa_supplicant: Wireless event: cmd=0x8b19 len=8
06-24 16:13:38.140  1207  1207 D wpa_supplicant: Received 315 bytes of scan results (2 BSSes)
06-24 16:13:38.140  1207  1207 D wpa_supplicant: Removed BSSID 00:86:11:15:d0:e1 from blacklist (clear)
06-24 16:13:38.140  1207  1207 D wpa_supplicant: Removed BSSID d0:c2:82:2d:e6:d0 from blacklist (clear)
06-24 16:13:38.140  1207  1207 D wpa_supplicant: Removed BSSID d0:c2:82:2d:ea:c0 from blacklist (clear)
06-24 16:13:38.140  1207  1207 D wpa_supplicant: Removed BSSID d0:c2:82:2d:f2:b0 from blacklist (clear)
06-24 16:13:38.140  1207  1207 D wpa_supplicant: Removed BSSID d0:c2:82:2d:f2:a0 from blacklist (clear)
06-24 16:13:38.140  1207  1207 D wpa_supplicant: Removed BSSID 58:35:d9:38:a1:40 from blacklist (clear)
06-24 16:13:38.140  1207  1207 D wpa_supplicant: Removed BSSID 00:00:00:00:00:00 from blacklist (clear)
06-24 16:13:38.140  1207  1207 D wpa_supplicant: Removed BSSID 00:14:a9:c8:31:10 from blacklist (clear)
06-24 16:13:38.140  1207  1207 D wpa_supplicant: Removed BSSID e8:40:40:ac:31:b0 from blacklist (clear)
06-24 16:13:39.129 28095 28108 I PhoneLab-: Service Running
06-24 16:13:39.195 28095 28097 D dalvikvm: GC_CONCURRENT freed 908K, 18% free 9168K/11143K, paused 9ms+1ms
06-24 16:13:39.199 28095 28108 I PhoneLab-LoggerService: app_37    1165  1     1440   1000  c00f181c 400107b4 S logcat
06-24 16:13:39.203 28095 28108 I PhoneLab-LoggerService: Logcat pid from database 1165
06-24 16:13:39.203 28095 28108 I PhoneLab-LoggerService: Logcat process found 1165
06-24 16:13:39.203 28095 28108 I PhoneLab-LoggerService: Checking Threshold
06-24 16:13:40.683   142   202 D Tethering: MasterInitialState.processMessage what=3
06-24 16:13:40.722   142   202 D Tethering: MasterInitialState.processMessage what=3
06-24 16:13:40.781 28799 28799 I MediaUploader: No need to wake up
06-24 16:13:40.785 28095 28095 I PhoneLab-WiFiReceiver: Wi-Fi is disconnected!
06-24 16:13:40.832 28799 28799 I MediaUploader: No need to wake up
06-24 16:13:40.863 28020 28828 D PicasaSyncManager: active network: null
06-24 16:13:40.863 28020 28828 D PicasaSyncManager: background data: true
06-24 16:13:41.011 28035 28038 D dalvikvm: GC_CONCURRENT freed 289K, 5% free 9315K/9735K, paused 2ms+4ms
06-24 16:13:41.871 28095 28108 I PhoneLab-: Service Running
06-24 16:13:41.957 28095 28108 I PhoneLab-LoggerService: app_37    1165  1     1440   1000  c00f181c 400107b4 S logcat
06-24 16:13:41.957 28095 28108 I PhoneLab-LoggerService: Logcat pid from database 1165
06-24 16:13:41.961 28095 28108 I PhoneLab-LoggerService: Logcat process found 1165
06-24 16:13:41.961 28095 28108 I PhoneLab-LoggerService: Checking Threshold
06-24 16:13:46.496   334   334 D SAN_SERVICE: *******************************************
06-24 16:13:46.496   334   334 D SAN_SERVICE: DM App Phone Service State - 0
06-24 16:13:46.496   334   334 D SAN_SERVICE: *******************************************
06-24 16:13:51.195  1207  1207 D wpa_supplicant: Ignore event for foreign ifindex 2
06-24 16:13:51.281   142   198 D ConnectivityService: ConnectivityChange for mobile: CONNECTED/CONNECTED
06-24 16:13:51.359   334   336 D dalvikvm: GC_CONCURRENT freed 435K, 6% free 9500K/10055K, paused 2ms+2ms
06-24 16:13:51.386   142   194 D NetworkPolicy: applying policy NetworkPolicy[NetworkTemplate: matchRule=MOBILE_ALL, subscriberId=valid]: cycleDay=20, warningBytes=2147483648, limitBytes=-1, lastSnooze=-1 to ifaces [rmnet0]
06-24 16:13:52.289   142   198 D ConnectivityService: NetTransition Wakelock for WifiStateMachine released by timeout
06-24 16:14:00.070  1207  1207 D wpa_supplicant: WPS: Building WPS IE for Probe Request
06-24 16:14:00.070  1207  1207 D wpa_supplicant: WPS:  * Version (hardcoded 0x10)
06-24 16:14:00.070  1207  1207 D wpa_supplicant: WPS:  * Request Type
06-24 16:14:00.070  1207  1207 D wpa_supplicant: WPS:  * Config Methods (2388)
06-24 16:14:00.070  1207  1207 D wpa_supplicant: WPS:  * UUID-E
06-24 16:14:00.070  1207  1207 D wpa_supplicant: WPS:  * Primary Device Type
06-24 16:14:00.070  1207  1207 D wpa_supplicant: WPS:  * RF Bands (3)
06-24 16:14:00.070  1207  1207 D wpa_supplicant: WPS:  * Association State
06-24 16:14:00.070  1207  1207 D wpa_supplicant: WPS:  * Configuration Error (0)
06-24 16:14:00.070  1207  1207 D wpa_supplicant: WPS:  * Device Password ID (0)
06-24 16:14:00.070  1207  1207 D wpa_supplicant: WPS:  * Manufacturer
06-24 16:14:00.070  1207  1207 D wpa_supplicant: WPS:  * Model Name
06-24 16:14:00.070  1207  1207 D wpa_supplicant: WPS:  * Model Number
06-24 16:14:00.070  1207  1207 D wpa_supplicant: WPS:  * Device Name
06-24 16:14:00.070  1207  1207 D wpa_supplicant: WPS:  * Version2 (0x20)
06-24 16:14:00.070  1207  1207 D wpa_supplicant: wpa_driver_wext_combo_scan: Start
06-24 16:14:00.070  1207  1207 D wpa_supplicant: For Scan: (null)
06-24 16:14:00.121  1207  1207 D wpa_supplicant: Scan requested (ret=0) - scan timeout 30 seconds
06-24 16:14:00.121  1207  1207 D wpa_supplicant: wpa_driver_wext_driver_cmd SETSUSPENDOPT 0 len = 4096
06-24 16:14:00.121  1207  1207 D wpa_supplicant: wpa_driver_wext_driver_cmd SETSUSPENDOPT 0 len = 0, 15
06-24 16:14:00.121  1207  1207 D wpa_supplicant: wpa_driver_wext_driver_cmd POWERMODE 0 len = 4096
06-24 16:14:00.125  1207  1207 D wpa_supplicant: wpa_driver_wext_driver_cmd OK len = 0, 2
06-24 16:14:00.156 28863 28865 D dalvikvm: GC_CONCURRENT freed 498K, 6% free 10136K/10759K, paused 2ms+2ms
06-24 16:14:00.191  1207  1207 D wpa_supplicant: wpa_driver_wext_driver_cmd SETSUSPENDOPT 0 len = 4096
06-24 16:14:00.191  1207  1207 D wpa_supplicant: wpa_driver_wext_driver_cmd SETSUSPENDOPT 0 len = 0, 15
06-24 16:14:00.191  1207  1207 D wpa_supplicant: wpa_driver_wext_driver_cmd POWERMODE 0 len = 4096
06-24 16:14:00.195  1207  1207 D wpa_supplicant: wpa_driver_wext_driver_cmd OK len = 0, 2
06-24 16:14:00.277 11789 11792 D dalvikvm: GC_CONCURRENT freed 452K, 10% free 10352K/11463K, paused 1ms+2ms
06-24 16:14:00.644  1207  1207 D wpa_supplicant: RTM_NEWLINK: operstate=0 ifi_flags=0x11003 ([UP][LOWER_UP])
06-24 16:14:00.644  1207  1207 D wpa_supplicant: RTM_NEWLINK, IFLA_IFNAME: Interface 'wlan0' added
06-24 16:14:00.644  1207  1207 D wpa_supplicant: Wireless event: cmd=0x8b19 len=8
06-24 16:14:00.644  1207  1207 D wpa_supplicant: Received 3560 bytes of scan results (20 BSSes)
06-24 16:14:00.644  1207  1207 D wpa_supplicant: wlan0: Request association: reassociate: 0  selected: e8:ba:70:f9:e1:50  bssid: 00:00:00:00:00:00  pending: 00:00:00:00:00:00  wpa_state: SCANNING
06-24 16:14:00.644  1207  1207 I wpa_supplicant: wlan0: Trying to associate with e8:ba:70:f9:e1:50 (SSID='UB_Secure' freq=2462 MHz)
06-24 16:14:00.644  1207  1207 D wpa_supplicant: wpa_driver_wext_set_operstate: operstate 0->0 (DORMANT)
06-24 16:14:00.644  1207  1207 D wpa_supplicant: netlink: Operstate: linkmode=-1, operstate=5
06-24 16:14:00.644  1207  1207 D wpa_supplicant: wpa_driver_wext_associate
06-24 16:14:00.644  1207  1207 D wpa_supplicant: wpa_driver_wext_set_drop_unencrypted
06-24 16:14:00.652  1207  1207 D wpa_supplicant: wpa_driver_wext_set_psk
06-24 16:14:00.699   142   144 D dalvikvm: GC_CONCURRENT freed 1521K, 18% free 16068K/19591K, paused 24ms+8ms
06-24 16:14:00.754  1207  1207 D wpa_supplicant: EAPOL: External notification - EAP success=0
06-24 16:14:00.754  1207  1207 D wpa_supplicant: EAPOL: Supplicant port status: Unauthorized
06-24 16:14:00.754  1207  1207 D wpa_supplicant: EAPOL: External notification - EAP fail=0
06-24 16:14:00.754  1207  1207 D wpa_supplicant: EAPOL: Supplicant port status: Unauthorized
06-24 16:14:00.754  1207  1207 D wpa_supplicant: EAPOL: External notification - portControl=Auto
06-24 16:14:00.754  1207  1207 D wpa_supplicant: EAPOL: Supplicant port status: Unauthorized
06-24 16:14:00.754  1207  1207 D wpa_supplicant: RSN: Ignored PMKID candidate without preauth flag
06-24 16:14:00.754  1207  1207 D wpa_supplicant: RSN: Ignored PMKID candidate without preauth flag
06-24 16:14:00.757  1207  1207 D wpa_supplicant: RTM_NEWLINK: operstate=0 ifi_flags=0x11003 ([UP][LOWER_UP])
06-24 16:14:00.757  1207  1207 D wpa_supplicant: RTM_NEWLINK, IFLA_IFNAME: Interface 'wlan0' added
06-24 16:14:00.757  1207  1207 D wpa_supplicant: Wireless event: cmd=0x8b06 len=8
06-24 16:14:00.757  1207  1207 D wpa_supplicant: RTM_NEWLINK: operstate=0 ifi_flags=0x11003 ([UP][LOWER_UP])
06-24 16:14:00.757  1207  1207 D wpa_supplicant: RTM_NEWLINK, IFLA_IFNAME: Interface 'wlan0' added
06-24 16:14:00.757  1207  1207 D wpa_supplicant: Wireless event: cmd=0x8b04 len=12
06-24 16:14:00.757  1207  1207 D wpa_supplicant: RTM_NEWLINK: operstate=0 ifi_flags=0x11003 ([UP][LOWER_UP])
06-24 16:14:00.757  1207  1207 D wpa_supplicant: RTM_NEWLINK, IFLA_IFNAME: Interface 'wlan0' added
06-24 16:14:00.757  1207  1207 D wpa_supplicant: Wireless event: cmd=0x8b1a len=17
06-24 16:14:00.765  1207  1207 D wpa_supplicant: RTM_NEWLINK: operstate=0 ifi_flags=0x11003 ([UP][LOWER_UP])
06-24 16:14:00.765  1207  1207 D wpa_supplicant: RTM_NEWLINK, IFLA_IFNAME: Interface 'wlan0' added
06-24 16:14:00.765  1207  1207 D wpa_supplicant: Wireless event: cmd=0x8b15 len=20
06-24 16:14:00.765  1207  1207 D wpa_supplicant: Wireless event: new AP: e8:ba:70:f9:e1:50
06-24 16:14:00.765  1207  1207 D wpa_supplicant: wpa_driver_wext_set_operstate: operstate 0->0 (DORMANT)
06-24 16:14:00.765  1207  1207 D wpa_supplicant: netlink: Operstate: linkmode=-1, operstate=5
06-24 16:14:00.769  1207  1207 I wpa_supplicant: wlan0: Associated with e8:ba:70:f9:e1:50
06-24 16:14:00.769  1207  1207 D wpa_supplicant: EAPOL: External notification - portEnabled=0
06-24 16:14:00.769  1207  1207 D wpa_supplicant: EAPOL: Supplicant port status: Unauthorized
06-24 16:14:00.769  1207  1207 D wpa_supplicant: EAPOL: External notification - portValid=0
06-24 16:14:00.769  1207  1207 D wpa_supplicant: EAPOL: Supplicant port status: Unauthorized
06-24 16:14:00.769  1207  1207 D wpa_supplicant: EAPOL: External notification - portEnabled=1
06-24 16:14:00.769  1207  1207 D wpa_supplicant: EAPOL: SUPP_PAE entering state CONNECTING
06-24 16:14:00.769  1207  1207 D wpa_supplicant: EAPOL: enable timer tick
06-24 16:14:00.769  1207  1207 D wpa_supplicant: EAPOL: SUPP_BE entering state IDLE
06-24 16:14:00.769  1207  1207 D wpa_supplicant: EAP: EAP entering state INITIALIZE
06-24 16:14:00.769  1207  1207 D wpa_supplicant: EAP: EAP entering state IDLE
06-24 16:14:00.769  1207  1207 D wpa_supplicant: EAPOL: Received EAP-Packet frame
06-24 16:14:00.769  1207  1207 D wpa_supplicant: EAPOL: SUPP_PAE entering state RESTART
06-24 16:14:00.769  1207  1207 D wpa_supplicant: EAP: EAP entering state INITIALIZE
06-24 16:14:00.769  1207  1207 D wpa_supplicant: EAP: EAP entering state IDLE
06-24 16:14:00.769  1207  1207 D wpa_supplicant: EAPOL: SUPP_PAE entering state AUTHENTICATING
06-24 16:14:00.769  1207  1207 D wpa_supplicant: EAPOL: SUPP_BE entering state REQUEST
06-24 16:14:00.769  1207  1207 D wpa_supplicant: EAPOL: getSuppRsp
06-24 16:14:00.769  1207  1207 D wpa_supplicant: EAP: EAP entering state RECEIVED
06-24 16:14:00.769  1207  1207 D wpa_supplicant: EAP: Received EAP-Request id=1 method=1 vendor=0 vendorMethod=0
06-24 16:14:00.773  1207  1207 D wpa_supplicant: EAP: EAP entering state IDENTITY
06-24 16:14:00.773  1207  1207 I wpa_supplicant: wlan0: CTRL-EVENT-EAP-STARTED EAP authentication started
06-24 16:14:00.777  1207  1207 D wpa_supplicant: EAP: EAP entering state SEND_RESPONSE
06-24 16:14:00.777  1207  1207 D wpa_supplicant: EAP: EAP entering state IDLE
06-24 16:14:00.777  1207  1207 D wpa_supplicant: EAPOL: SUPP_BE entering state RESPONSE
06-24 16:14:00.777  1207  1207 D wpa_supplicant: EAPOL: txSuppRsp
06-24 16:14:00.777  1207  1207 D wpa_supplicant: TX EAPOL: dst=e8:ba:70:f9:e1:50
06-24 16:14:00.777  1207  1207 D wpa_supplicant: EAPOL: SUPP_BE entering state RECEIVE
06-24 16:14:00.781  1207  1207 D wpa_supplicant: EAPOL: Received EAP-Packet frame
06-24 16:14:00.781  1207  1207 D wpa_supplicant: EAPOL: SUPP_BE entering state REQUEST
06-24 16:14:00.781  1207  1207 D wpa_supplicant: EAPOL: getSuppRsp
06-24 16:14:00.781  1207  1207 D wpa_supplicant: EAP: EAP entering state RECEIVED
06-24 16:14:00.781  1207  1207 D wpa_supplicant: EAP: Received EAP-Request id=2 method=4 vendor=0 vendorMethod=0
06-24 16:14:00.781  1207  1207 D wpa_supplicant: EAP: EAP entering state GET_METHOD
06-24 16:14:00.781  1207  1207 D wpa_supplicant: EAP: configuration does not allow: vendor 0 method 4
06-24 16:14:00.781  1207  1207 D wpa_supplicant: EAP: vendor 0 method 4 not allowed
06-24 16:14:00.781  1207  1207 I wpa_supplicant: wlan0: CTRL-EVENT-EAP-PROPOSED-METHOD vendor=0 method=4 -> NAK
06-24 16:14:00.781  1207  1207 D wpa_supplicant: EAP: Building EAP-Nak (requested type 4 vendor=0 method=0 not allowed)
06-24 16:14:00.781  1207  1207 D wpa_supplicant: EAP: EAP entering state SEND_RESPONSE
06-24 16:14:00.781  1207  1207 D wpa_supplicant: EAP: EAP entering state IDLE
06-24 16:14:00.781  1207  1207 D wpa_supplicant: EAPOL: SUPP_BE entering state RESPONSE
06-24 16:14:00.781  1207  1207 D wpa_supplicant: EAPOL: txSuppRsp
06-24 16:14:00.781  1207  1207 D wpa_supplicant: TX EAPOL: dst=e8:ba:70:f9:e1:50
06-24 16:14:00.781  1207  1207 D wpa_supplicant: EAPOL: SUPP_BE entering state RECEIVE
06-24 16:14:00.785  1207  1207 D wpa_supplicant: EAPOL: Received EAP-Packet frame
06-24 16:14:00.785  1207  1207 D wpa_supplicant: EAPOL: SUPP_BE entering state REQUEST
06-24 16:14:00.785  1207  1207 D wpa_supplicant: EAPOL: getSuppRsp
06-24 16:14:00.785  1207  1207 D wpa_supplicant: EAP: EAP entering state RECEIVED
06-24 16:14:00.785  1207  1207 D wpa_supplicant: EAP: Received EAP-Request id=3 method=25 vendor=0 vendorMethod=0
06-24 16:14:00.785  1207  1207 D wpa_supplicant: EAP: EAP entering state GET_METHOD
06-24 16:14:00.785  1207  1207 I wpa_supplicant: wlan0: CTRL-EVENT-EAP-PROPOSED-METHOD vendor=0 method=25
06-24 16:14:00.785  1207  1207 D wpa_supplicant: EAP: Initialize selected EAP method: vendor 0 method 25 (PEAP)
06-24 16:14:00.789  1207  1207 D wpa_supplicant: TLS: using phase1 config options
06-24 16:14:00.789  1207  1207 I wpa_supplicant: wlan0: CTRL-EVENT-EAP-METHOD EAP vendor 0 method 25 (PEAP) selected
06-24 16:14:00.789  1207  1207 D wpa_supplicant: EAP: EAP entering state METHOD
06-24 16:14:00.789  1207  1207 D wpa_supplicant: SSL: Received packet(len=6) - Flags 0x20
06-24 16:14:00.789  1207  1207 D wpa_supplicant: EAP-PEAP: Start (server ver=0, own ver=1)
06-24 16:14:00.789  1207  1207 D wpa_supplicant: EAP-PEAP: Using PEAP version 0
06-24 16:14:00.789  1207  1207 D wpa_supplicant: SSL: (where=0x10 ret=0x1)
06-24 16:14:00.789  1207  1207 D wpa_supplicant: SSL: (where=0x1001 ret=0x1)
06-24 16:14:00.789  1207  1207 D wpa_supplicant: SSL: SSL_connect:before/connect initialization
06-24 16:14:00.789  1207  1207 D wpa_supplicant: SSL: (where=0x1001 ret=0x1)
06-24 16:14:00.789  1207  1207 D wpa_supplicant: SSL: SSL_connect:SSLv3 write client hello A
06-24 16:14:00.789  1207  1207 D wpa_supplicant: SSL: (where=0x1002 ret=0xffffffff)
06-24 16:14:00.789  1207  1207 D wpa_supplicant: SSL: SSL_connect:error in SSLv3 read server hello A
06-24 16:14:00.789  1207  1207 D wpa_supplicant: SSL: SSL_connect - want more data
06-24 16:14:00.789  1207  1207 D wpa_supplicant: SSL: 190 bytes pending from ssl_out
06-24 16:14:00.789  1207  1207 D wpa_supplicant: SSL: 190 bytes left to be sent out (of total 190 bytes)
06-24 16:14:00.789  1207  1207 D wpa_supplicant: EAP: method process -> ignore=FALSE methodState=MAY_CONT decision=FAIL
06-24 16:14:00.793  1207  1207 D wpa_supplicant: EAP: EAP entering state SEND_RESPONSE
06-24 16:14:00.793  1207  1207 D wpa_supplicant: EAP: EAP entering state IDLE
06-24 16:14:00.793  1207  1207 D wpa_supplicant: EAPOL: SUPP_BE entering state RESPONSE
06-24 16:14:00.793  1207  1207 D wpa_supplicant: EAPOL: txSuppRsp
06-24 16:14:00.793  1207  1207 D wpa_supplicant: TX EAPOL: dst=e8:ba:70:f9:e1:50
06-24 16:14:00.793  1207  1207 D wpa_supplicant: EAPOL: SUPP_BE entering state RECEIVE
06-24 16:14:00.843  1207  1207 D wpa_supplicant: EAPOL: Received EAP-Packet frame
06-24 16:14:00.843  1207  1207 D wpa_supplicant: EAPOL: SUPP_BE entering state REQUEST
06-24 16:14:00.843  1207  1207 D wpa_supplicant: EAPOL: getSuppRsp
06-24 16:14:00.843  1207  1207 D wpa_supplicant: EAP: EAP entering state RECEIVED
06-24 16:14:00.843  1207  1207 D wpa_supplicant: EAP: Received EAP-Request id=4 method=25 vendor=0 vendorMethod=0
06-24 16:14:00.843  1207  1207 D wpa_supplicant: EAP: EAP entering state METHOD
06-24 16:14:00.843  1207  1207 D wpa_supplicant: SSL: Received packet(len=1024) - Flags 0xc0
06-24 16:14:00.843  1207  1207 D wpa_supplicant: SSL: TLS Message Length: 4310
06-24 16:14:00.843  1207  1207 D wpa_supplicant: SSL: Need 3296 bytes more input data
06-24 16:14:00.843  1207  1207 D wpa_supplicant: SSL: Building ACK (type=25 id=4 ver=0)
06-24 16:14:00.843  1207  1207 D wpa_supplicant: EAP: method process -> ignore=FALSE methodState=MAY_CONT decision=FAIL
06-24 16:14:00.843  1207  1207 D wpa_supplicant: EAP: EAP entering state SEND_RESPONSE
06-24 16:14:00.843  1207  1207 D wpa_supplicant: EAP: EAP entering state IDLE
06-24 16:14:00.843  1207  1207 D wpa_supplicant: EAPOL: SUPP_BE entering state RESPONSE
06-24 16:14:00.843  1207  1207 D wpa_supplicant: EAPOL: txSuppRsp
06-24 16:14:00.843  1207  1207 D wpa_supplicant: TX EAPOL: dst=e8:ba:70:f9:e1:50
06-24 16:14:00.843  1207  1207 D wpa_supplicant: EAPOL: SUPP_BE entering state RECEIVE
06-24 16:14:00.847  1207  1207 D wpa_supplicant: EAPOL: Received EAP-Packet frame
06-24 16:14:00.847  1207  1207 D wpa_supplicant: EAPOL: SUPP_BE entering state REQUEST
06-24 16:14:00.847  1207  1207 D wpa_supplicant: EAPOL: getSuppRsp
06-24 16:14:00.847  1207  1207 D wpa_supplicant: EAP: EAP entering state RECEIVED
06-24 16:14:00.847  1207  1207 D wpa_supplicant: EAP: Received EAP-Request id=5 method=25 vendor=0 vendorMethod=0
06-24 16:14:00.847  1207  1207 D wpa_supplicant: EAP: EAP entering state METHOD
06-24 16:14:00.847  1207  1207 D wpa_supplicant: SSL: Received packet(len=1020) - Flags 0x40
06-24 16:14:00.847  1207  1207 D wpa_supplicant: SSL: Need 2282 bytes more input data
06-24 16:14:00.847  1207  1207 D wpa_supplicant: SSL: Building ACK (type=25 id=5 ver=0)
06-24 16:14:00.847  1207  1207 D wpa_supplicant: EAP: method process -> ignore=FALSE methodState=MAY_CONT decision=FAIL
06-24 16:14:00.847  1207  1207 D wpa_supplicant: EAP: EAP entering state SEND_RESPONSE
06-24 16:14:00.847  1207  1207 D wpa_supplicant: EAP: EAP entering state IDLE
06-24 16:14:00.847  1207  1207 D wpa_supplicant: EAPOL: SUPP_BE entering state RESPONSE
06-24 16:14:00.847  1207  1207 D wpa_supplicant: EAPOL: txSuppRsp
06-24 16:14:00.847  1207  1207 D wpa_supplicant: TX EAPOL: dst=e8:ba:70:f9:e1:50
06-24 16:14:00.847  1207  1207 D wpa_supplicant: EAPOL: SUPP_BE entering state RECEIVE
06-24 16:14:00.855  1207  1207 D wpa_supplicant: EAPOL: Received EAP-Packet frame
06-24 16:14:00.855  1207  1207 D wpa_supplicant: EAPOL: SUPP_BE entering state REQUEST
06-24 16:14:00.855  1207  1207 D wpa_supplicant: EAPOL: getSuppRsp
06-24 16:14:00.855  1207  1207 D wpa_supplicant: EAP: EAP entering state RECEIVED
06-24 16:14:00.855  1207  1207 D wpa_supplicant: EAP: Received EAP-Request id=6 method=25 vendor=0 vendorMethod=0
06-24 16:14:00.855  1207  1207 D wpa_supplicant: EAP: EAP entering state METHOD
06-24 16:14:00.855  1207  1207 D wpa_supplicant: SSL: Received packet(len=1020) - Flags 0x40
06-24 16:14:00.855  1207  1207 D wpa_supplicant: SSL: Need 1268 bytes more input data
06-24 16:14:00.855  1207  1207 D wpa_supplicant: SSL: Building ACK (type=25 id=6 ver=0)
06-24 16:14:00.855  1207  1207 D wpa_supplicant: EAP: method process -> ignore=FALSE methodState=MAY_CONT decision=FAIL
06-24 16:14:00.855  1207  1207 D wpa_supplicant: EAP: EAP entering state SEND_RESPONSE
06-24 16:14:00.855  1207  1207 D wpa_supplicant: EAP: EAP entering state IDLE
06-24 16:14:00.855  1207  1207 D wpa_supplicant: EAPOL: SUPP_BE entering state RESPONSE
06-24 16:14:00.855  1207  1207 D wpa_supplicant: EAPOL: txSuppRsp
06-24 16:14:00.855  1207  1207 D wpa_supplicant: TX EAPOL: dst=e8:ba:70:f9:e1:50
06-24 16:14:00.855  1207  1207 D wpa_supplicant: EAPOL: SUPP_BE entering state RECEIVE
06-24 16:14:00.863  1207  1207 D wpa_supplicant: EAPOL: Received EAP-Packet frame
06-24 16:14:00.863  1207  1207 D wpa_supplicant: EAPOL: SUPP_BE entering state REQUEST
06-24 16:14:00.863  1207  1207 D wpa_supplicant: EAPOL: getSuppRsp
06-24 16:14:00.863  1207  1207 D wpa_supplicant: EAP: EAP entering state RECEIVED
06-24 16:14:00.863  1207  1207 D wpa_supplicant: EAP: Received EAP-Request id=7 method=25 vendor=0 vendorMethod=0
06-24 16:14:00.863  1207  1207 D wpa_supplicant: EAP: EAP entering state METHOD
06-24 16:14:00.863  1207  1207 D wpa_supplicant: SSL: Received packet(len=1020) - Flags 0x40
06-24 16:14:00.863  1207  1207 D wpa_supplicant: SSL: Need 254 bytes more input data
06-24 16:14:00.863  1207  1207 D wpa_supplicant: SSL: Building ACK (type=25 id=7 ver=0)
06-24 16:14:00.863  1207  1207 D wpa_supplicant: EAP: method process -> ignore=FALSE methodState=MAY_CONT decision=FAIL
06-24 16:14:00.863  1207  1207 D wpa_supplicant: EAP: EAP entering state SEND_RESPONSE
06-24 16:14:00.863  1207  1207 D wpa_supplicant: EAP: EAP entering state IDLE
06-24 16:14:00.863  1207  1207 D wpa_supplicant: EAPOL: SUPP_BE entering state RESPONSE
06-24 16:14:00.863  1207  1207 D wpa_supplicant: EAPOL: txSuppRsp
06-24 16:14:00.863  1207  1207 D wpa_supplicant: TX EAPOL: dst=e8:ba:70:f9:e1:50
06-24 16:14:00.863  1207  1207 D wpa_supplicant: EAPOL: SUPP_BE entering state RECEIVE
06-24 16:14:00.871  1207  1207 D wpa_supplicant: RTM_NEWLINK: operstate=0 ifi_flags=0x11003 ([UP][LOWER_UP])
06-24 16:14:00.871  1207  1207 D wpa_supplicant: RTM_NEWLINK, IFLA_IFNAME: Interface 'wlan0' added
06-24 16:14:00.871  1207  1207 D wpa_supplicant: Wireless event: cmd=0x8c03 len=20
06-24 16:14:00.871  1207  1207 D wpa_supplicant: RTM_NEWLINK: operstate=0 ifi_flags=0x11003 ([UP][LOWER_UP])
06-24 16:14:00.871  1207  1207 D wpa_supplicant: RTM_NEWLINK, IFLA_IFNAME: Interface 'wlan0' added
06-24 16:14:00.871  1207  1207 D wpa_supplicant: Wireless event: cmd=0x8c02 len=26
06-24 16:14:00.871  1207  1207 D wpa_supplicant: EAPOL: Received EAP-Packet frame
06-24 16:14:00.871  1207  1207 D wpa_supplicant: EAPOL: SUPP_BE entering state REQUEST
06-24 16:14:00.871  1207  1207 D wpa_supplicant: EAPOL: getSuppRsp
06-24 16:14:00.871  1207  1207 D wpa_supplicant: EAP: EAP entering state RECEIVED
06-24 16:14:00.871  1207  1207 D wpa_supplicant: EAP: Received EAP-Request id=8 method=25 vendor=0 vendorMethod=0
06-24 16:14:00.871  1207  1207 D wpa_supplicant: EAP: EAP entering state METHOD
06-24 16:14:00.871  1207  1207 D wpa_supplicant: SSL: Received packet(len=260) - Flags 0x00
06-24 16:14:00.871  1207  1207 D wpa_supplicant: SSL: (where=0x1001 ret=0x1)
06-24 16:14:00.871  1207  1207 D wpa_supplicant: SSL: SSL_connect:SSLv3 read server hello A
06-24 16:14:00.902  1207  1207 D wpa_supplicant: TLS: tls_verify_cb - preverify_ok=1 err=19 (self signed certificate in certificate chain) ca_cert_verify=0 depth=2 buf='/C=US/O=Entrust.net/OU=www.entrust.net/CPS incorp. by ref. (limits liab.)/OU=(c) 1999 Entrust.net Limited/CN=Entrust.net Secure Server Certification Authority'
06-24 16:14:00.902  1207  1207 I wpa_supplicant: wlan0: CTRL-EVENT-EAP-PEER-CERT depth=2 subject='/C=US/O=Entrust.net/OU=www.entrust.net/CPS incorp. by ref. (limits liab.)/OU=(c) 1999 Entrust.net Limited/CN=Entrust.net Secure Server Certification Authority'
06-24 16:14:00.906  1207  1207 D wpa_supplicant: TLS: tls_verify_cb - preverify_ok=1 err=19 (self signed certificate in certificate chain) ca_cert_verify=0 depth=2 buf='/C=US/O=Entrust.net/OU=www.entrust.net/CPS incorp. by ref. (limits liab.)/OU=(c) 1999 Entrust.net Limited/CN=Entrust.net Secure Server Certification Authority'
06-24 16:14:00.906  1207  1207 I wpa_supplicant: wlan0: CTRL-EVENT-EAP-PEER-CERT depth=2 subject='/C=US/O=Entrust.net/OU=www.entrust.net/CPS incorp. by ref. (limits liab.)/OU=(c) 1999 Entrust.net Limited/CN=Entrust.net Secure Server Certification Authority'
06-24 16:14:00.910  1207  1207 D wpa_supplicant: TLS: tls_verify_cb - preverify_ok=1 err=19 (self signed certificate in certificate chain) ca_cert_verify=0 depth=1 buf='/C=US/ST=UT/L=Salt Lake City/O=The USERTRUST Network/CN=USERTrust Legacy Secure Server CA'
06-24 16:14:00.914  1207  1207 I wpa_supplicant: wlan0: CTRL-EVENT-EAP-PEER-CERT depth=1 subject='/C=US/ST=UT/L=Salt Lake City/O=The USERTRUST Network/CN=USERTrust Legacy Secure Server CA'
06-24 16:14:00.922  1207  1207 D wpa_supplicant: TLS: tls_verify_cb - preverify_ok=1 err=19 (self signed certificate in certificate chain) ca_cert_verify=0 depth=0 buf='/C=US/postalCode=14260/ST=New York/L=Buffalo/street=305 Computing Center/O=SUNY AT BUFFALO/OU=Issued through UNIVERSITY AT BUFFALO E-PKI Manager/OU=Comodo PremiumSSL Legacy/CN=radius1.cit.buffalo.edu'
06-24 16:14:00.922  1207  1207 I wpa_supplicant: wlan0: CTRL-EVENT-EAP-PEER-CERT depth=0 subject='/C=US/postalCode=14260/ST=New York/L=Buffalo/street=305 Computing Center/O=SUNY AT BUFFALO/OU=Issued through UNIVERSITY AT BUFFALO E-PKI Manager/OU=Comodo PremiumSSL Legacy/CN=radius1.cit.buffalo.edu'
06-24 16:14:00.925  1207  1207 D wpa_supplicant: SSL: (where=0x1001 ret=0x1)
06-24 16:14:00.925  1207  1207 D wpa_supplicant: SSL: SSL_connect:SSLv3 read server certificate A
06-24 16:14:00.933  1207  1207 D wpa_supplicant: SSL: (where=0x1001 ret=0x1)
06-24 16:14:00.933  1207  1207 D wpa_supplicant: SSL: SSL_connect:SSLv3 read server key exchange A
06-24 16:14:00.933  1207  1207 D wpa_supplicant: SSL: (where=0x1001 ret=0x1)
