06-21 22:22:20.094  2360  2377 I ActivityManager: Start proc com.android.sprintmenu for service com.android.sprintmenu/.HiddenPhoneService: pid=20378 uid=1001 gids={3002, 3001, 3003, 1015}
06-21 22:22:23.071  2869  2869 D wpa_supplicant: wpa_driver_wext_driver_cmd RSSI len = 248
06-21 22:22:23.079  2869  2869 D wpa_supplicant: wpa_driver_wext_driver_cmd raikiri rssi -23  len = 17, 17
06-21 22:22:23.079  2869  2869 D wpa_supplicant: wpa_driver_wext_driver_cmd LINKSPEED len = 248
06-21 22:22:23.079  2869  2869 D wpa_supplicant: wpa_driver_wext_driver_cmd LinkSpeed 72 len = 12, 12
06-21 22:22:26.083  2869  2869 D wpa_supplicant: wpa_driver_wext_driver_cmd RSSI len = 248
06-21 22:22:26.098  2869  2869 D wpa_supplicant: wpa_driver_wext_driver_cmd raikiri rssi -20  len = 17, 17
06-21 22:22:26.098  2869  2869 D wpa_supplicant: wpa_driver_wext_driver_cmd LINKSPEED len = 248
06-21 22:22:26.102  2869  2869 D wpa_supplicant: wpa_driver_wext_driver_cmd LinkSpeed 72 len = 12, 12
06-21 22:22:26.719  2869  2869 D wpa_supplicant: wpa_driver_wext_driver_cmd BTCOEXMODE 1 len = 4096
06-21 22:22:27.071  2869  2869 D wpa_supplicant: wpa_driver_wext_driver_cmd OK len = 0, 2
06-21 22:22:27.071  2869  2869 D wpa_supplicant: wpa_driver_wext_driver_cmd GETPOWER len = 4096
06-21 22:22:27.094  2869  2869 D wpa_supplicant: wpa_driver_wext_driver_cmd powermode = 0 len = 13, 13
06-21 22:22:27.094  2869  2869 D wpa_supplicant: wpa_driver_wext_driver_cmd POWERMODE 1 len = 4096
06-21 22:22:27.098  2869  2869 D wpa_supplicant: wpa_driver_wext_driver_cmd OK len = 0, 2
06-21 22:22:27.719  2869  2869 D wpa_supplicant: wpa_driver_wext_driver_cmd POWERMODE 0 len = 4096
06-21 22:22:27.727  2869  2869 D wpa_supplicant: wpa_driver_wext_driver_cmd OK len = 0, 2
06-21 22:22:27.727  2869  2869 D wpa_supplicant: wpa_driver_wext_driver_cmd BTCOEXMODE 2 len = 4096
06-21 22:22:27.727  2869  2869 D wpa_supplicant: wpa_driver_wext_driver_cmd OK len = 0, 2
06-21 22:22:27.743  2360  2414 D DhcpInfoInternal: makeLinkProperties with empty dns2!
06-21 22:22:27.751  2360  2414 D DhcpInfoInternal: makeLinkProperties with empty dns2!
06-21 22:22:29.106  2869  2869 D wpa_supplicant: wpa_driver_wext_driver_cmd RSSI len = 248
06-21 22:22:29.118  2869  2869 D wpa_supplicant: wpa_driver_wext_driver_cmd raikiri rssi -23  len = 17, 17
06-21 22:22:29.118  2869  2869 D wpa_supplicant: wpa_driver_wext_driver_cmd LINKSPEED len = 248
06-21 22:22:29.118  2869  2869 D wpa_supplicant: wpa_driver_wext_driver_cmd LinkSpeed 72 len = 12, 12
06-21 22:22:32.149  2869  2869 D wpa_supplicant: wpa_driver_wext_driver_cmd RSSI len = 248
06-21 22:22:32.157  2869  2869 D wpa_supplicant: wpa_driver_wext_driver_cmd raikiri rssi -21  len = 17, 17
06-21 22:22:32.157  2869  2869 D wpa_supplicant: wpa_driver_wext_driver_cmd LINKSPEED len = 248
06-21 22:22:32.157  2869  2869 D wpa_supplicant: wpa_driver_wext_driver_cmd LinkSpeed 72 len = 12, 12
06-21 22:22:32.841  2539  2539 D SAN_SERVICE: *******************************************
06-21 22:22:32.841  2539  2539 D SAN_SERVICE: DM App Phone Service State - 0
06-21 22:22:32.841  2539  2539 D SAN_SERVICE: *******************************************
06-21 22:22:33.387  2539  2539 D SAN_SERVICE: *******************************************
06-21 22:22:33.387  2539  2539 D SAN_SERVICE: DM App Phone Service State - 0
06-21 22:22:33.387  2539  2539 D SAN_SERVICE: *******************************************
06-21 22:22:35.165  2869  2869 D wpa_supplicant: wpa_driver_wext_driver_cmd RSSI len = 248
06-21 22:22:35.173  2869  2869 D wpa_supplicant: wpa_driver_wext_driver_cmd raikiri rssi -24  len = 17, 17
06-21 22:22:35.173  2869  2869 D wpa_supplicant: wpa_driver_wext_driver_cmd LINKSPEED len = 248
06-21 22:22:35.173  2869  2869 D wpa_supplicant: wpa_driver_wext_driver_cmd LinkSpeed 72 len = 12, 12
06-21 22:22:38.176  2869  2869 D wpa_supplicant: wpa_driver_wext_driver_cmd RSSI len = 248
06-21 22:22:38.184  2869  2869 D wpa_supplicant: wpa_driver_wext_driver_cmd raikiri rssi -20  len = 17, 17
06-21 22:22:38.184  2869  2869 D wpa_supplicant: wpa_driver_wext_driver_cmd LINKSPEED len = 248
06-21 22:22:38.188  2869  2869 D wpa_supplicant: wpa_driver_wext_driver_cmd LinkSpeed 72 len = 12, 12
06-21 22:22:38.434  2869  2869 D wpa_supplicant: wpa_driver_wext_driver_cmd SETSUSPENDOPT 0 len = 4096
06-21 22:22:38.434  2869  2869 D wpa_supplicant: wpa_driver_wext_driver_cmd SETSUSPENDOPT 0 len = 0, 15
06-21 22:22:38.434  2869  2869 D wpa_supplicant: wpa_driver_wext_driver_cmd POWERMODE 0 len = 4096
06-21 22:22:38.446  2869  2869 D wpa_supplicant: wpa_driver_wext_driver_cmd OK len = 0, 2
06-21 22:22:38.446  2869  2869 D wpa_supplicant: WPS: Building WPS IE for Probe Request
06-21 22:22:38.446  2869  2869 D wpa_supplicant: WPS:  * Version (hardcoded 0x10)
06-21 22:22:38.446  2869  2869 D wpa_supplicant: WPS:  * Request Type
06-21 22:22:38.446  2869  2869 D wpa_supplicant: WPS:  * Config Methods (2388)
06-21 22:22:38.446  2869  2869 D wpa_supplicant: WPS:  * UUID-E
06-21 22:22:38.446  2869  2869 D wpa_supplicant: WPS:  * Primary Device Type
06-21 22:22:38.446  2869  2869 D wpa_supplicant: WPS:  * RF Bands (3)
06-21 22:22:38.446  2869  2869 D wpa_supplicant: WPS:  * Association State
06-21 22:22:38.446  2869  2869 D wpa_supplicant: WPS:  * Configuration Error (0)
06-21 22:22:38.446  2869  2869 D wpa_supplicant: WPS:  * Device Password ID (0)
06-21 22:22:38.446  2869  2869 D wpa_supplicant: WPS:  * Manufacturer
06-21 22:22:38.446  2869  2869 D wpa_supplicant: WPS:  * Model Name
06-21 22:22:38.446  2869  2869 D wpa_supplicant: WPS:  * Model Number
06-21 22:22:38.446  2869  2869 D wpa_supplicant: WPS:  * Device Name
06-21 22:22:38.446  2869  2869 D wpa_supplicant: WPS:  * Version2 (0x20)
06-21 22:22:38.446  2869  2869 D wpa_supplicant: wpa_driver_wext_combo_scan: Start
06-21 22:22:38.446  2869  2869 D wpa_supplicant: For Scan: (null)
06-21 22:22:38.450  2869  2869 D wpa_supplicant: Scan requested (ret=0) - scan timeout 30 seconds
06-21 22:22:39.618  2869  2869 D wpa_supplicant: RTM_NEWLINK: operstate=1 ifi_flags=0x11043 ([UP][RUNNING][LOWER_UP])
06-21 22:22:39.618  2869  2869 D wpa_supplicant: RTM_NEWLINK, IFLA_IFNAME: Interface 'wlan0' added
06-21 22:22:39.618  2869  2869 D wpa_supplicant: Wireless event: cmd=0x8b19 len=8
06-21 22:22:39.618  2869  2869 D wpa_supplicant: Received 873 bytes of scan results (4 BSSes)
06-21 22:22:39.809  2869  2869 D wpa_supplicant: wpa_driver_wext_driver_cmd SETSUSPENDOPT 0 len = 4096
06-21 22:22:39.809  2869  2869 D wpa_supplicant: wpa_driver_wext_driver_cmd SETSUSPENDOPT 0 len = 0, 15
06-21 22:22:39.809  2869  2869 D wpa_supplicant: wpa_driver_wext_driver_cmd POWERMODE 0 len = 4096
06-21 22:22:39.813  2869  2869 D wpa_supplicant: wpa_driver_wext_driver_cmd OK len = 0, 2
06-21 22:22:40.044 19570 19573 D dalvikvm: GC_CONCURRENT freed 506K, 6% free 10282K/10887K, paused 2ms+192ms
06-21 22:22:40.157 19253 19256 D dalvikvm: GC_CONCURRENT freed 499K, 8% free 10132K/10951K, paused 17ms+3ms
06-21 22:22:41.188  2869  2869 D wpa_supplicant: wpa_driver_wext_driver_cmd RSSI len = 248
06-21 22:22:41.192  2869  2869 D wpa_supplicant: wpa_driver_wext_driver_cmd raikiri rssi -21  len = 17, 17
06-21 22:22:41.192  2869  2869 D wpa_supplicant: wpa_driver_wext_driver_cmd LINKSPEED len = 248
06-21 22:22:41.192  2869  2869 D wpa_supplicant: wpa_driver_wext_driver_cmd LinkSpeed 72 len = 12, 12
06-21 22:22:42.587 19253 19256 D dalvikvm: GC_CONCURRENT freed 415K, 8% free 10125K/10951K, paused 5ms+3ms
06-21 22:22:44.200  2869  2869 D wpa_supplicant: wpa_driver_wext_driver_cmd RSSI len = 248
06-21 22:22:44.208  2869  2869 D wpa_supplicant: wpa_driver_wext_driver_cmd raikiri rssi -24  len = 17, 17
06-21 22:22:44.208  2869  2869 D wpa_supplicant: wpa_driver_wext_driver_cmd LINKSPEED len = 248
06-21 22:22:44.212  2869  2869 D wpa_supplicant: wpa_driver_wext_driver_cmd LinkSpeed 72 len = 12, 12
06-21 22:22:46.739  2360  2536 I ActivityManager: Process com.google.android.apps.maps:NetworkLocationService (pid 19570) has died.
06-21 22:22:46.739  2360  2536 W ActivityManager: Scheduling restart of crashed service com.google.android.apps.maps/com.google.android.location.internal.server.NetworkLocationService in 5000ms
06-21 22:22:47.216  2869  2869 D wpa_supplicant: wpa_driver_wext_driver_cmd RSSI len = 248
06-21 22:22:47.227  2869  2869 D wpa_supplicant: wpa_driver_wext_driver_cmd raikiri rssi -23  len = 17, 17
06-21 22:22:47.227  2869  2869 D wpa_supplicant: wpa_driver_wext_driver_cmd LINKSPEED len = 248
06-21 22:22:47.231  2869  2869 D wpa_supplicant: wpa_driver_wext_driver_cmd LinkSpeed 72 len = 12, 12
06-21 22:22:49.946  2539  2539 D SAN_SERVICE: *******************************************
06-21 22:22:49.946  2539  2539 D SAN_SERVICE: DM App Phone Service State - 0
06-21 22:22:49.946  2539  2539 D SAN_SERVICE: *******************************************
06-21 22:22:50.235  2869  2869 D wpa_supplicant: wpa_driver_wext_driver_cmd RSSI len = 248
06-21 22:22:50.247  2869  2869 D wpa_supplicant: wpa_driver_wext_driver_cmd raikiri rssi -22  len = 17, 17
06-21 22:22:50.247  2869  2869 D wpa_supplicant: wpa_driver_wext_driver_cmd LINKSPEED len = 248
06-21 22:22:50.247  2869  2869 D wpa_supplicant: wpa_driver_wext_driver_cmd LinkSpeed 72 len = 12, 12
06-21 22:22:50.477  2539  2539 D SAN_SERVICE: *******************************************
06-21 22:22:50.477  2539  2539 D SAN_SERVICE: DM App Phone Service State - 0
06-21 22:22:50.477  2539  2539 D SAN_SERVICE: *******************************************
06-21 22:22:51.829  2360  2377 I ActivityManager: Start proc com.google.android.apps.maps:NetworkLocationService for service com.google.android.apps.maps/com.google.android.location.internal.server.NetworkLocationService: pid=20417 uid=10056 gids={3003, 1015}
06-21 22:22:51.977 20417 20420 D dalvikvm: GC_CONCURRENT freed 158K, 3% free 9378K/9607K, paused 2ms+2ms
06-21 22:22:52.325 20417 20420 D dalvikvm: GC_CONCURRENT freed 151K, 3% free 9671K/9927K, paused 5ms+3ms
06-21 22:22:52.766 20417 20420 D dalvikvm: GC_CONCURRENT freed 170K, 3% free 10069K/10311K, paused 8ms+8ms
06-21 22:22:52.985 20417 20420 D dalvikvm: GC_CONCURRENT freed 667K, 8% free 9881K/10631K, paused 2ms+7ms
06-21 22:22:53.091  2360  2377 I ActivityManager: Start proc com.google.android.apps.maps:FriendService for broadcast com.google.android.apps.maps/com.google.googlenav.friend.android.ServiceReceiver: pid=20438 uid=10056 gids={3003, 1015}
06-21 22:22:53.247 20438 20441 D dalvikvm: GC_CONCURRENT freed 161K, 3% free 9375K/9607K, paused 6ms+2ms
06-21 22:22:53.251  2869  2869 D wpa_supplicant: wpa_driver_wext_driver_cmd RSSI len = 248
06-21 22:22:53.259  2869  2869 D wpa_supplicant: wpa_driver_wext_driver_cmd raikiri rssi -21  len = 17, 17
06-21 22:22:53.259  2869  2869 D wpa_supplicant: wpa_driver_wext_driver_cmd LINKSPEED len = 248
06-21 22:22:53.259  2869  2869 D wpa_supplicant: wpa_driver_wext_driver_cmd LinkSpeed 72 len = 12, 12
06-21 22:22:53.466 20438 20441 D dalvikvm: GC_CONCURRENT freed 194K, 3% free 9700K/9991K, paused 1ms+6ms
06-21 22:22:53.614 20417 20424 I dalvikvm: Total arena pages for JIT: 11
06-21 22:22:53.622 20417 20424 I dalvikvm: Total arena pages for JIT: 12
06-21 22:22:53.626 20417 20424 I dalvikvm: Total arena pages for JIT: 13
06-21 22:22:53.626 20417 20424 I dalvikvm: Total arena pages for JIT: 14
06-21 22:22:53.626 20417 20424 I dalvikvm: Total arena pages for JIT: 15
06-21 22:22:53.626 20417 20424 I dalvikvm: Total arena pages for JIT: 16
06-21 22:22:53.630 20417 20424 I dalvikvm: Total arena pages for JIT: 17
06-21 22:22:53.755  2869  2869 D wpa_supplicant: wpa_driver_wext_driver_cmd SETSUSPENDOPT 0 len = 4096
06-21 22:22:53.755  2869  2869 D wpa_supplicant: wpa_driver_wext_driver_cmd SETSUSPENDOPT 0 len = 0, 15
06-21 22:22:53.755  2869  2869 D wpa_supplicant: wpa_driver_wext_driver_cmd POWERMODE 0 len = 4096
06-21 22:22:53.762  2869  2869 D wpa_supplicant: wpa_driver_wext_driver_cmd OK len = 0, 2
06-21 22:22:53.762  2869  2869 D wpa_supplicant: WPS: Building WPS IE for Probe Request
06-21 22:22:53.762  2869  2869 D wpa_supplicant: WPS:  * Version (hardcoded 0x10)
06-21 22:22:53.762  2869  2869 D wpa_supplicant: WPS:  * Request Type
06-21 22:22:53.762  2869  2869 D wpa_supplicant: WPS:  * Config Methods (2388)
06-21 22:22:53.762  2869  2869 D wpa_supplicant: WPS:  * UUID-E
06-21 22:22:53.762  2869  2869 D wpa_supplicant: WPS:  * Primary Device Type
06-21 22:22:53.762  2869  2869 D wpa_supplicant: WPS:  * RF Bands (3)
06-21 22:22:53.762  2869  2869 D wpa_supplicant: WPS:  * Association State
06-21 22:22:53.762  2869  2869 D wpa_supplicant: WPS:  * Configuration Error (0)
06-21 22:22:53.762  2869  2869 D wpa_supplicant: WPS:  * Device Password ID (0)
06-21 22:22:53.762  2869  2869 D wpa_supplicant: WPS:  * Manufacturer
06-21 22:22:53.762  2869  2869 D wpa_supplicant: WPS:  * Model Name
06-21 22:22:53.762  2869  2869 D wpa_supplicant: WPS:  * Model Number
06-21 22:22:53.762  2869  2869 D wpa_supplicant: WPS:  * Device Name
06-21 22:22:53.762  2869  2869 D wpa_supplicant: WPS:  * Version2 (0x20)
06-21 22:22:53.762  2869  2869 D wpa_supplicant: wpa_driver_wext_combo_scan: Start
06-21 22:22:53.762  2869  2869 D wpa_supplicant: For Scan: (null)
06-21 22:22:53.762  2869  2869 D wpa_supplicant: Scan requested (ret=0) - scan timeout 30 seconds
06-21 22:22:53.770 19659 19672 I PhoneLab-: Service Running
06-21 22:22:53.860 20417 20420 D dalvikvm: GC_CONCURRENT freed 240K, 5% free 10126K/10631K, paused 2ms+3ms
06-21 22:22:54.044  2869  2869 D wpa_supplicant: Ongoing scan action - reject new request
06-21 22:22:54.079  2869  2869 D wpa_supplicant: Ongoing scan action - reject new request
06-21 22:22:54.098 19659 19672 I PhoneLab-LoggerService: app_37    3205  1     2360   1920  c00f181c 400107b4 S logcat
06-21 22:22:54.098 19659 19672 I PhoneLab-LoggerService: Logcat pid from database 3205
06-21 22:22:54.098 19659 19672 I PhoneLab-LoggerService: Logcat process found 3205
06-21 22:22:54.102 19659 19672 I PhoneLab-LoggerService: Checking Threshold
06-21 22:22:54.102 19659 19672 I PhoneLab-LoggerService: Starting to rename files
06-21 22:22:54.102 19659 19672 I PhoneLab-LoggerService: Files found .. 2
06-21 22:22:54.926  2869  2869 D wpa_supplicant: RTM_NEWLINK: operstate=1 ifi_flags=0x11043 ([UP][RUNNING][LOWER_UP])
06-21 22:22:54.926  2869  2869 D wpa_supplicant: RTM_NEWLINK, IFLA_IFNAME: Interface 'wlan0' added
06-21 22:22:54.926  2869  2869 D wpa_supplicant: Wireless event: cmd=0x8b19 len=8
06-21 22:22:54.926  2869  2869 D wpa_supplicant: Received 1109 bytes of scan results (5 BSSes)
06-21 22:22:55.141  2869  2869 D wpa_supplicant: wpa_driver_wext_driver_cmd SETSUSPENDOPT 0 len = 4096
06-21 22:22:55.141  2869  2869 D wpa_supplicant: wpa_driver_wext_driver_cmd SETSUSPENDOPT 0 len = 0, 15
06-21 22:22:55.145  2869  2869 D wpa_supplicant: wpa_driver_wext_driver_cmd POWERMODE 0 len = 4096
06-21 22:22:55.145  2869  2869 D wpa_supplicant: wpa_driver_wext_driver_cmd OK len = 0, 2
06-21 22:22:55.145  2869  2869 D wpa_supplicant: wpa_driver_wext_driver_cmd SETSUSPENDOPT 0 len = 4096
06-21 22:22:55.145  2869  2869 D wpa_supplicant: wpa_driver_wext_driver_cmd SETSUSPENDOPT 0 len = 0, 15
06-21 22:22:55.145  2869  2869 D wpa_supplicant: wpa_driver_wext_driver_cmd POWERMODE 0 len = 4096
06-21 22:22:55.145  2360  2574 I ActivityManager: Process com.xabber.androiddev (pid 19607) has died.
06-21 22:22:55.145  2360  2574 W ActivityManager: Scheduling restart of crashed service com.xabber.androiddev/com.xabber.android.service.XMPPService in 5000ms
06-21 22:22:55.149  2869  2869 D wpa_supplicant: wpa_driver_wext_driver_cmd OK len = 0, 2
06-21 22:22:55.196 20417 20420 D dalvikvm: GC_CONCURRENT freed 499K, 6% free 10114K/10695K, paused 5ms+4ms
06-21 22:22:56.259  2869  2869 D wpa_supplicant: wpa_driver_wext_driver_cmd RSSI len = 248
06-21 22:22:56.266  2869  2869 D wpa_supplicant: wpa_driver_wext_driver_cmd raikiri rssi -21  len = 17, 17
06-21 22:22:56.266  2869  2869 D wpa_supplicant: wpa_driver_wext_driver_cmd LINKSPEED len = 248
06-21 22:22:56.266  2869  2869 D wpa_supplicant: wpa_driver_wext_driver_cmd LinkSpeed 72 len = 12, 12
06-21 22:22:58.505  2539  2539 D SAN_SERVICE: *******************************************
06-21 22:22:58.505  2539  2539 D SAN_SERVICE: DM App Phone Service State - 0
06-21 22:22:58.505  2539  2539 D SAN_SERVICE: *******************************************
06-21 22:22:59.270  2869  2869 D wpa_supplicant: wpa_driver_wext_driver_cmd RSSI len = 248
06-21 22:22:59.278  2869  2869 D wpa_supplicant: wpa_driver_wext_driver_cmd raikiri rssi -25  len = 17, 17
06-21 22:22:59.278  2869  2869 D wpa_supplicant: wpa_driver_wext_driver_cmd LINKSPEED len = 248
06-21 22:22:59.278  2869  2869 D wpa_supplicant: wpa_driver_wext_driver_cmd LinkSpeed 72 len = 12, 12
06-21 22:22:59.630  2360  2389 I ActivityManager: Start proc com.twitter.android for service com.twitter.android/.client.AppService: pid=20454 uid=10064 gids={3003, 1015}
06-21 22:22:59.653 20454 20454 I dalvikvm: Turning on JNI app bug workarounds for target SDK version 11...
06-21 22:22:59.774 20454 20454 I ActivityThread: Pub com.twitter.android.provider.GlobalDatabaseProvider: com.twitter.android.provider.GlobalDatabaseProvider
06-21 22:22:59.786 20454 20454 I ActivityThread: Pub com.twitter.android.provider.TwitterProvider: com.twitter.android.provider.TwitterProvider
06-21 22:22:59.919 20454 20457 D dalvikvm: GC_CONCURRENT freed 205K, 3% free 9264K/9543K, paused 38ms+2ms
06-21 22:23:00.153 20469 20469 D dalvikvm: Late-enabling CheckJNI
06-21 22:23:00.157  2360  2377 I ActivityManager: Start proc com.xabber.androiddev for service com.xabber.androiddev/com.xabber.android.service.XMPPService: pid=20469 uid=10063 gids={3003, 1015}
06-21 22:23:00.231 20469 20469 I dalvikvm: Turning on JNI app bug workarounds for target SDK version 9...
06-21 22:23:00.282  2360  6791 I ActivityManager: Process com.facebook.orca (pid 19544) has died.
06-21 22:23:00.282  2360  6791 W ActivityManager: Scheduling restart of crashed service com.facebook.orca/.push.mqtt.MqttPushService in 5000ms
06-21 22:23:00.673 20469 20471 D dalvikvm: GC_CONCURRENT freed 223K, 4% free 9312K/9607K, paused 5ms+2ms
06-21 22:23:00.708 20469 20469 D dalvikvm: GC_FOR_ALLOC freed 291K, 6% free 9426K/9927K, paused 17ms
06-21 22:23:00.837 20469 20471 D dalvikvm: GC_CONCURRENT freed 192K, 3% free 9773K/10055K, paused 2ms+3ms
06-21 22:23:00.977 20469 20471 D dalvikvm: GC_CONCURRENT freed 400K, 5% free 9904K/10375K, paused 2ms+3ms
06-21 22:23:01.063 20469 20469 I com.xabber.android.service.XMPPService@4133f0f8: onCreate
06-21 22:23:01.067 20469 20469 I com.xabber.android.data.Application@41334608: onStart
06-21 22:23:01.067 20469 20483 I com.xabber.android.data.LogManager@41340090: onLoad
06-21 22:23:01.219 20454 20457 D dalvikvm: GC_CONCURRENT freed 178K, 4% free 9499K/9799K, paused 2ms+2ms
06-21 22:23:01.403 20454 20457 D dalvikvm: GC_CONCURRENT freed 306K, 5% free 9631K/10055K, paused 2ms+2ms
06-21 22:23:01.466 20469 20471 D dalvikvm: GC_CONCURRENT freed 191K, 4% free 10117K/10439K, paused 2ms+2ms
06-21 22:23:01.602 20454 20457 D dalvikvm: GC_CONCURRENT freed 301K, 5% free 9756K/10183K, paused 1ms+2ms
06-21 22:23:01.798 20454 20457 D dalvikvm: GC_CONCURRENT freed 303K, 5% free 9883K/10311K, paused 2ms+2ms
06-21 22:23:01.966 20454 20457 D dalvikvm: GC_CONCURRENT freed 305K, 5% free 10017K/10439K, paused 2ms+2ms
06-21 22:23:02.149 20454 20457 D dalvikvm: GC_CONCURRENT freed 298K, 5% free 10144K/10567K, paused 1ms+2ms
06-21 22:23:02.282  2869  2869 D wpa_supplicant: wpa_driver_wext_driver_cmd RSSI len = 248
06-21 22:23:02.290  2869  2869 D wpa_supplicant: wpa_driver_wext_driver_cmd raikiri rssi -24  len = 17, 17
06-21 22:23:02.290  2869  2869 D wpa_supplicant: wpa_driver_wext_driver_cmd LINKSPEED len = 248
06-21 22:23:02.290  2869  2869 D wpa_supplicant: wpa_driver_wext_driver_cmd LinkSpeed 72 len = 12, 12
06-21 22:23:02.313 20454 20457 D dalvikvm: GC_CONCURRENT freed 298K, 4% free 10274K/10695K, paused 1ms+2ms
06-21 22:23:02.520 20454 20457 D dalvikvm: GC_CONCURRENT freed 485K, 6% free 10219K/10823K, paused 2ms+2ms
06-21 22:23:02.688 20454 20457 D dalvikvm: GC_CONCURRENT freed 322K, 5% free 10299K/10823K, paused 2ms+2ms
06-21 22:23:02.868 20454 20457 D dalvikvm: GC_CONCURRENT freed 321K, 5% free 10383K/10823K, paused 2ms+6ms
06-21 22:23:03.032 20454 20457 D dalvikvm: GC_CONCURRENT freed 362K, 5% free 10472K/10951K, paused 1ms+2ms
06-21 22:23:03.192 20454 20457 D dalvikvm: GC_CONCURRENT freed 351K, 5% free 10556K/11015K, paused 2ms+2ms
06-21 22:23:03.360 20454 20457 D dalvikvm: GC_CONCURRENT freed 326K, 4% free 10644K/11079K, paused 1ms+2ms
06-21 22:23:03.524 20454 20457 D dalvikvm: GC_CONCURRENT freed 365K, 5% free 10726K/11207K, paused 1ms+2ms
06-21 22:23:03.704 20454 20457 D dalvikvm: GC_CONCURRENT freed 405K, 5% free 10815K/11335K, paused 5ms+5ms
06-21 22:23:04.051 20469 20471 D dalvikvm: GC_CONCURRENT freed 149K, 3% free 10424K/10695K, paused 2ms+6ms
06-21 22:23:04.262 20469 20471 D dalvikvm: GC_CONCURRENT freed 250K, 4% free 10568K/10951K, paused 6ms+2ms
06-21 22:23:04.712 20454 20457 D dalvikvm: GC_CONCURRENT freed 349K, 5% free 10998K/11463K, paused 11ms+6ms
06-21 22:23:05.325  2869  2869 D wpa_supplicant: wpa_driver_wext_driver_cmd RSSI len = 248
06-21 22:23:05.329  2869  2869 D wpa_supplicant: wpa_driver_wext_driver_cmd raikiri rssi -22  len = 17, 17
06-21 22:23:05.329  2869  2869 D wpa_supplicant: wpa_driver_wext_driver_cmd LINKSPEED len = 248
06-21 22:23:05.329  2869  2869 D wpa_supplicant: wpa_driver_wext_driver_cmd LinkSpeed 72 len = 12, 12
06-21 22:23:05.434  2360  2377 I ActivityManager: Start proc com.facebook.orca for service com.facebook.orca/.push.mqtt.MqttPushService: pid=20490 uid=10062 gids={3003, 1015, 1006}
06-21 22:23:05.493 20490 20490 I dalvikvm: Turning on JNI app bug workarounds for target SDK version 10...
06-21 22:23:05.551  2360  2362 D dalvikvm: GC_CONCURRENT freed 1681K, 26% free 16344K/22023K, paused 32ms+8ms
06-21 22:23:05.829 20490 20490 I ActivityThread: Pub com.facebook.orca.notify.MessengerForegroundProvider: com.facebook.orca.notify.MessengerForegroundProvider
06-21 22:23:05.852 20490 20490 I ActivityThread: Pub com.facebook.orca.notify.MessengerLoggedInUserProvider: com.facebook.orca.notify.MessengerLoggedInUserProvider
06-21 22:23:05.884 20490 20490 V orca:OrcaApplication: Forcing initialization of AsyncTask
06-21 22:23:06.001 20469 20471 D dalvikvm: GC_CONCURRENT freed 573K, 7% free 10438K/11143K, paused 5ms+2ms
06-21 22:23:06.028 20490 20492 D dalvikvm: GC_CONCURRENT freed 223K, 4% free 9309K/9607K, paused 2ms+45ms
06-21 22:23:06.051 20490 20490 I Finalizer: Couldn't access Thread.inheritableThreadLocals. Reference finalizer threads will inherit thread local values.
06-21 22:23:06.102  2360 24941 I ActivityManager: Process com.whatsapp (pid 19631) has died.
06-21 22:23:06.169  2360 24941 W ActivityManager: Scheduling restart of crashed service com.whatsapp/.messaging.MessageService in 5000ms
06-21 22:23:06.235  2869  2869 D wpa_supplicant: wpa_driver_wext_driver_cmd SETSUSPENDOPT 0 len = 4096
06-21 22:23:06.235  2869  2869 D wpa_supplicant: wpa_driver_wext_driver_cmd SETSUSPENDOPT 0 len = 0, 15
06-21 22:23:06.235  2869  2869 D wpa_supplicant: wpa_driver_wext_driver_cmd POWERMODE 0 len = 4096
06-21 22:23:06.235  2869  2869 D wpa_supplicant: wpa_driver_wext_driver_cmd OK len = 0, 2
06-21 22:23:06.313 20490 20492 D dalvikvm: GC_CONCURRENT freed 386K, 5% free 9458K/9927K, paused 1ms+3ms
06-21 22:23:06.454 20490 20490 W OrcaGuiceModule: Sig: ijxLJi1yGs1JpL-X1SExmchvork
06-21 22:23:06.587 20490 20492 D dalvikvm: GC_CONCURRENT freed 285K, 5% free 9589K/9991K, paused 2ms+14ms
06-21 22:23:06.954 20490 20509 W Resources: Converting to string: TypedValue{t=0x10/d=0xffffffff a=-1}
06-21 22:23:07.165 20490 20492 D dalvikvm: GC_CONCURRENT freed 278K, 4% free 9833K/10183K, paused 5ms+3ms
06-21 22:23:07.278 20490 20490 D ACRA    : Retrieve application default SharedPreferences.
06-21 22:23:07.278 20490 20490 D ACRA    : Set OnSharedPreferenceChangeListener.
06-21 22:23:07.278 20490 20490 D ACRA    : ACRA is enabled for com.facebook.orca, intializing...
06-21 22:23:07.341 20490 20492 D dalvikvm: GC_CONCURRENT freed 290K, 4% free 10074K/10439K, paused 2ms+2ms
06-21 22:23:07.352 20490 20490 D ACRA    : Looking for error files in /data/data/com.facebook.orca/app_acra-reports
06-21 22:23:07.384 20490 20509 D dalvikvm: GC_FOR_ALLOC freed 243K, 6% free 10113K/10695K, paused 23ms
06-21 22:23:07.450 20490 20509 D dalvikvm: GC_FOR_ALLOC freed 119K, 5% free 10215K/10695K, paused 29ms
06-21 22:23:07.505 20490 20509 D dalvikvm: GC_FOR_ALLOC freed 213K, 6% free 10245K/10823K, paused 22ms
06-21 22:23:07.743  2360  2632 D dalvikvm: GC_EXPLICIT freed 100K, 27% free 16279K/22023K, paused 6ms+8ms
06-21 22:23:07.778  2360  2360 I ActivityManager: Process com.google.android.apps.maps (pid 20299) has died.
06-21 22:23:07.794 20490 20492 D dalvikvm: GC_CONCURRENT freed 380K, 5% free 10435K/10887K, paused 2ms+3ms
06-21 22:23:07.977  2869  2869 D wpa_supplicant: wpa_driver_wext_set_key: alg=3 key_idx=1 set_tx=0 seq_len=6 key_len=16
06-21 22:23:07.981  2869  2869 I wpa_supplicant: wlan0: WPA: Group rekeying completed with 94:44:52:17:be:7d [GTK=CCMP]
06-21 22:23:08.079 20490 20492 D dalvikvm: GC_CONCURRENT freed 141K, 2% free 10866K/11079K, paused 13ms+3ms
06-21 22:23:08.282 20490 20492 D dalvikvm: GC_CONCURRENT freed 523K, 6% free 10996K/11591K, paused 2ms+6ms
06-21 22:23:08.329  2869  2869 D wpa_supplicant: wpa_driver_wext_driver_cmd RSSI len = 248
06-21 22:23:08.344  2869  2869 D wpa_supplicant: wpa_driver_wext_driver_cmd raikiri rssi -25  len = 17, 17
06-21 22:23:08.344  2869  2869 D wpa_supplicant: wpa_driver_wext_driver_cmd LINKSPEED len = 248
06-21 22:23:08.344  2869  2869 D wpa_supplicant: wpa_driver_wext_driver_cmd LinkSpeed 72 len = 12, 12
06-21 22:23:08.489 20490 20492 D dalvikvm: GC_CONCURRENT freed 352K, 4% free 11360K/11783K, paused 2ms+9ms
06-21 22:23:08.676  2360  6994 I ActivityManager: Process edu.buffalo.cse.phonelab.phonelabservices (pid 19659) has died.
06-21 22:23:08.676  2360  6994 W ActivityManager: Scheduling restart of crashed service edu.buffalo.cse.phonelab.phonelabservices/edu.buffalo.cse.phonelab.datalogger.LoggerService in 12491ms
06-21 22:23:08.704 20469 20471 D dalvikvm: GC_CONCURRENT freed 255K, 6% free 10569K/11143K, paused 2ms+3ms
06-21 22:23:09.993 20490 20492 D dalvikvm: GC_CONCURRENT freed 668K, 7% free 11370K/12167K, paused 3ms+3ms
06-21 22:23:10.165 20469 20471 D dalvikvm: GC_CONCURRENT freed 347K, 5% free 10670K/11207K, paused 4ms+2ms
06-21 22:23:10.759 20360 20363 D dalvikvm: GC_CONCURRENT freed 332K, 5% free 9462K/9927K, paused 10ms+4ms
06-21 22:23:11.278  2360  2377 I ActivityManager: Start proc com.whatsapp for service com.whatsapp/.messaging.MessageService: pid=20522 uid=10068 gids={1015, 3003}
06-21 22:23:11.305 20522 20522 I dalvikvm: Turning on JNI app bug workarounds for target SDK version 7...
06-21 22:23:11.348  2869  2869 D wpa_supplicant: wpa_driver_wext_driver_cmd RSSI len = 248
06-21 22:23:11.348  2869  2869 D wpa_supplicant: wpa_driver_wext_driver_cmd raikiri rssi -23  len = 17, 17
06-21 22:23:11.348  2869  2869 D wpa_supplicant: wpa_driver_wext_driver_cmd LINKSPEED len = 248
06-21 22:23:11.348  2869  2869 D wpa_supplicant: wpa_driver_wext_driver_cmd LinkSpeed 72 len = 12, 12
06-21 22:23:11.434  2360  2634 I ActivityManager: Process com.google.android.apps.plus (pid 20311) has died.
06-21 22:23:11.594 20522 20525 D dalvikvm: GC_CONCURRENT freed 174K, 3% free 9361K/9607K, paused 4ms+2ms
06-21 22:23:12.176 20522 20525 D dalvikvm: GC_CONCURRENT freed 296K, 5% free 9585K/9991K, paused 2ms+3ms
06-21 22:23:12.344 20522 20522 I SqliteDatabaseCpp: sqlite returned: error code = 1, msg = duplicate column name: photo_ts, db=/data/data/com.whatsapp/databases/msgstore.db
06-21 22:23:12.344 20522 20522 I SqliteDatabaseCpp: sqlite returned: error code = 1, msg = duplicate column name: thumb_ts, db=/data/data/com.whatsapp/databases/msgstore.db
06-21 22:23:12.344 20522 20522 I SqliteDatabaseCpp: sqlite returned: error code = 1, msg = duplicate column name: photo_id_timestamp, db=/data/data/com.whatsapp/databases/msgstore.db
06-21 22:23:12.571 20522 20522 I dalvikvm: Could not find method android.media.MediaMetadataRetriever.captureFrame, referenced from method com.whatsapp.d3.a
06-21 22:23:12.571 20522 20522 W dalvikvm: VFY: unable to resolve virtual method 496: Landroid/media/MediaMetadataRetriever;.captureFrame ()Landroid/graphics/Bitmap;
06-21 22:23:12.571 20522 20522 D dalvikvm: VFY: replacing opcode 0x6e at 0x0134
06-21 22:23:12.766 20522 20525 D dalvikvm: GC_CONCURRENT freed 316K, 4% free 9793K/10183K, paused 3ms+2ms
06-21 22:23:13.028 20522 20525 D dalvikvm: GC_CONCURRENT freed 294K, 4% free 9980K/10375K, paused 2ms+11ms
06-21 22:23:14.352  2869  2869 D wpa_supplicant: wpa_driver_wext_driver_cmd RSSI len = 248
06-21 22:23:14.352  2869  2869 D wpa_supplicant: wpa_driver_wext_driver_cmd raikiri rssi -27  len = 17, 17
06-21 22:23:14.352  2869  2869 D wpa_supplicant: wpa_driver_wext_driver_cmd LINKSPEED len = 248
06-21 22:23:14.352  2869  2869 D wpa_supplicant: wpa_driver_wext_driver_cmd LinkSpeed 72 len = 12, 12
06-21 22:23:16.880 20522 20525 D dalvikvm: GC_CONCURRENT freed 496K, 6% free 9927K/10503K, paused 2ms+4ms
06-21 22:23:17.356  2869  2869 D wpa_supplicant: wpa_driver_wext_driver_cmd RSSI len = 248
06-21 22:23:17.364  2869  2869 D wpa_supplicant: wpa_driver_wext_driver_cmd raikiri rssi -22  len = 17, 17
06-21 22:23:17.364  2869  2869 D wpa_supplicant: wpa_driver_wext_driver_cmd LINKSPEED len = 248
06-21 22:23:17.364  2869  2869 D wpa_supplicant: wpa_driver_wext_driver_cmd LinkSpeed 72 len = 12, 12
06-21 22:23:20.368  2869  2869 D wpa_supplicant: wpa_driver_wext_driver_cmd RSSI len = 248
06-21 22:23:20.384  2869  2869 D wpa_supplicant: wpa_driver_wext_driver_cmd raikiri rssi -21  len = 17, 17
06-21 22:23:20.384  2869  2869 D wpa_supplicant: wpa_driver_wext_driver_cmd LINKSPEED len = 248
06-21 22:23:20.387  2869  2869 D wpa_supplicant: wpa_driver_wext_driver_cmd LinkSpeed 72 len = 12, 12
06-21 22:23:21.216  2360  2377 I ActivityManager: Start proc edu.buffalo.cse.phonelab.phonelabservices for service edu.buffalo.cse.phonelab.phonelabservices/edu.buffalo.cse.phonelab.datalogger.LoggerService: pid=20553 uid=10037 gids={3003, 1015, 1007, 2001}
06-21 22:23:21.243  2360  2372 I ActivityManager: Process android.process.media (pid 20022) has died.
06-21 22:23:21.278 20553 20553 I PhoneLab-LoggerService: Start Logger Service
06-21 22:23:21.333 20553 20566 I PhoneLab-: Service Running
06-21 22:23:21.423 20553 20566 I PhoneLab-LoggerService: app_37    3205  1     2360   1920  c00f181c 400107b4 S logcat
06-21 22:23:21.423 20553 20566 I PhoneLab-LoggerService: Logcat pid from database 3205
06-21 22:23:21.423 20553 20566 I PhoneLab-LoggerService: Logcat process found 3205
06-21 22:23:21.423 20553 20566 I PhoneLab-LoggerService: Checking Threshold
06-21 22:23:21.423 20553 20566 I PhoneLab-LoggerService: Starting to rename files
06-21 22:23:21.426 20553 20566 I PhoneLab-LoggerService: Files found .. 2
06-21 22:23:23.391  2869  2869 D wpa_supplicant: wpa_driver_wext_driver_cmd RSSI len = 248
06-21 22:23:23.407  2869  2869 D wpa_supplicant: wpa_driver_wext_driver_cmd raikiri rssi -24  len = 17, 17
06-21 22:23:23.407  2869  2869 D wpa_supplicant: wpa_driver_wext_driver_cmd LINKSPEED len = 248
06-21 22:23:23.407  2869  2869 D wpa_supplicant: wpa_driver_wext_driver_cmd LinkSpeed 72 len = 12, 12
06-21 22:23:26.411  2869  2869 D wpa_supplicant: wpa_driver_wext_driver_cmd RSSI len = 248
06-21 22:23:26.411  2869  2869 D wpa_supplicant: wpa_driver_wext_driver_cmd raikiri rssi -22  len = 17, 17
06-21 22:23:26.411  2869  2869 D wpa_supplicant: wpa_driver_wext_driver_cmd LINKSPEED len = 248
06-21 22:23:26.411  2869  2869 D wpa_supplicant: wpa_driver_wext_driver_cmd LinkSpeed 72 len = 12, 12
06-21 22:23:29.415  2869  2869 D wpa_supplicant: wpa_driver_wext_driver_cmd RSSI len = 248
06-21 22:23:29.423  2869  2869 D wpa_supplicant: wpa_driver_wext_driver_cmd raikiri rssi -24  len = 17, 17
06-21 22:23:29.423  2869  2869 D wpa_supplicant: wpa_driver_wext_driver_cmd LINKSPEED len = 248
06-21 22:23:29.438  2869  2869 D wpa_supplicant: wpa_driver_wext_driver_cmd LinkSpeed 72 len = 12, 12
06-21 22:23:32.442  2869  2869 D wpa_supplicant: wpa_driver_wext_driver_cmd RSSI len = 248
06-21 22:23:32.462  2869  2869 D wpa_supplicant: wpa_driver_wext_driver_cmd raikiri rssi -22  len = 17, 17
06-21 22:23:32.462  2869  2869 D wpa_supplicant: wpa_driver_wext_driver_cmd LINKSPEED len = 248
06-21 22:23:32.462  2869  2869 D wpa_supplicant: wpa_driver_wext_driver_cmd LinkSpeed 72 len = 12, 12
06-21 22:23:35.466  2869  2869 D wpa_supplicant: wpa_driver_wext_driver_cmd RSSI len = 248
06-21 22:23:35.477  2869  2869 D wpa_supplicant: wpa_driver_wext_driver_cmd raikiri rssi -23  len = 17, 17
06-21 22:23:35.477  2869  2869 D wpa_supplicant: wpa_driver_wext_driver_cmd LINKSPEED len = 248
06-21 22:23:35.481  2869  2869 D wpa_supplicant: wpa_driver_wext_driver_cmd LinkSpeed 72 len = 12, 12
06-21 22:23:38.485  2869  2869 D wpa_supplicant: wpa_driver_wext_driver_cmd RSSI len = 248
06-21 22:23:38.497  2869  2869 D wpa_supplicant: wpa_driver_wext_driver_cmd raikiri rssi -24  len = 17, 17
06-21 22:23:38.497  2869  2869 D wpa_supplicant: wpa_driver_wext_driver_cmd LINKSPEED len = 248
06-21 22:23:38.501  2869  2869 D wpa_supplicant: wpa_driver_wext_driver_cmd LinkSpeed 72 len = 12, 12
06-21 22:23:39.485  2539  2539 D SAN_SERVICE: *******************************************
06-21 22:23:39.485  2539  2539 D SAN_SERVICE: DM App Phone Service State - 0
06-21 22:23:39.485  2539  2539 D SAN_SERVICE: *******************************************
06-21 22:23:39.684  2539  2539 D SAN_SERVICE: *******************************************
06-21 22:23:39.684  2539  2539 D SAN_SERVICE: DM App Phone Service State - 0
06-21 22:23:39.684  2539  2539 D SAN_SERVICE: *******************************************
06-21 22:23:41.505  2869  2869 D wpa_supplicant: wpa_driver_wext_driver_cmd RSSI len = 248
06-21 22:23:41.516  2869  2869 D wpa_supplicant: wpa_driver_wext_driver_cmd raikiri rssi -21  len = 17, 17
06-21 22:23:41.516  2869  2869 D wpa_supplicant: wpa_driver_wext_driver_cmd LINKSPEED len = 248
06-21 22:23:41.516  2869  2869 D wpa_supplicant: wpa_driver_wext_driver_cmd LinkSpeed 72 len = 12, 12
06-21 22:23:44.520  2869  2869 D wpa_supplicant: wpa_driver_wext_driver_cmd RSSI len = 248
06-21 22:23:44.532  2869  2869 D wpa_supplicant: wpa_driver_wext_driver_cmd raikiri rssi -22  len = 17, 17
06-21 22:23:44.532  2869  2869 D wpa_supplicant: wpa_driver_wext_driver_cmd LINKSPEED len = 248
06-21 22:23:44.536  2869  2869 D wpa_supplicant: wpa_driver_wext_driver_cmd LinkSpeed 72 len = 12, 12
06-21 22:23:44.837  2539  2539 D SAN_SERVICE: *******************************************
06-21 22:23:44.837  2539  2539 D SAN_SERVICE: DM App Phone Service State - 0
06-21 22:23:44.837  2539  2539 D SAN_SERVICE: *******************************************
06-21 22:23:47.544  2869  2869 D wpa_supplicant: wpa_driver_wext_driver_cmd RSSI len = 248
06-21 22:23:47.551  2869  2869 D wpa_supplicant: wpa_driver_wext_driver_cmd raikiri rssi -21  len = 17, 17
06-21 22:23:47.551  2869  2869 D wpa_supplicant: wpa_driver_wext_driver_cmd LINKSPEED len = 248
06-21 22:23:47.551  2869  2869 D wpa_supplicant: wpa_driver_wext_driver_cmd LinkSpeed 72 len = 12, 12
06-21 22:23:50.559  2869  2869 D wpa_supplicant: wpa_driver_wext_driver_cmd RSSI len = 248
06-21 22:23:50.571  2869  2869 D wpa_supplicant: wpa_driver_wext_driver_cmd raikiri rssi -23  len = 17, 17
06-21 22:23:50.571  2869  2869 D wpa_supplicant: wpa_driver_wext_driver_cmd LINKSPEED len = 248
06-21 22:23:50.575  2869  2869 D wpa_supplicant: wpa_driver_wext_driver_cmd LinkSpeed 72 len = 12, 12
06-21 22:23:53.579  2869  2869 D wpa_supplicant: wpa_driver_wext_driver_cmd RSSI len = 248
06-21 22:23:53.579  2869  2869 D wpa_supplicant: wpa_driver_wext_driver_cmd raikiri rssi -23  len = 17, 17
06-21 22:23:53.579  2869  2869 D wpa_supplicant: wpa_driver_wext_driver_cmd LINKSPEED len = 248
06-21 22:23:53.583  2869  2869 D wpa_supplicant: wpa_driver_wext_driver_cmd LinkSpeed 72 len = 12, 12
06-21 22:23:54.149  2869  2869 D wpa_supplicant: wpa_driver_wext_driver_cmd SETSUSPENDOPT 0 len = 4096
06-21 22:23:54.149  2869  2869 D wpa_supplicant: wpa_driver_wext_driver_cmd SETSUSPENDOPT 0 len = 0, 15
06-21 22:23:54.149  2869  2869 D wpa_supplicant: wpa_driver_wext_driver_cmd POWERMODE 0 len = 4096
06-21 22:23:54.149  2869  2869 D wpa_supplicant: wpa_driver_wext_driver_cmd OK len = 0, 2
06-21 22:23:54.149  2869  2869 D wpa_supplicant: WPS: Building WPS IE for Probe Request
06-21 22:23:54.149  2869  2869 D wpa_supplicant: WPS:  * Version (hardcoded 0x10)
06-21 22:23:54.149  2869  2869 D wpa_supplicant: WPS:  * Request Type
06-21 22:23:54.149  2869  2869 D wpa_supplicant: WPS:  * Config Methods (2388)
06-21 22:23:54.149  2869  2869 D wpa_supplicant: WPS:  * UUID-E
06-21 22:23:54.149  2869  2869 D wpa_supplicant: WPS:  * Primary Device Type
06-21 22:23:54.149  2869  2869 D wpa_supplicant: WPS:  * RF Bands (3)
06-21 22:23:54.149  2869  2869 D wpa_supplicant: WPS:  * Association State
06-21 22:23:54.149  2869  2869 D wpa_supplicant: WPS:  * Configuration Error (0)
06-21 22:23:54.149  2869  2869 D wpa_supplicant: WPS:  * Device Password ID (0)
06-21 22:23:54.149  2869  2869 D wpa_supplicant: WPS:  * Manufacturer
06-21 22:23:54.149  2869  2869 D wpa_supplicant: WPS:  * Model Name
06-21 22:23:54.149  2869  2869 D wpa_supplicant: WPS:  * Model Number
06-21 22:23:54.149  2869  2869 D wpa_supplicant: WPS:  * Device Name
06-21 22:23:54.149  2869  2869 D wpa_supplicant: WPS:  * Version2 (0x20)
06-21 22:23:54.149  2869  2869 D wpa_supplicant: wpa_driver_wext_combo_scan: Start
06-21 22:23:54.149  2869  2869 D wpa_supplicant: For Scan: (null)
06-21 22:23:54.157  2869  2869 D wpa_supplicant: Scan requested (ret=0) - scan timeout 30 seconds
06-21 22:23:55.333  2869  2869 D wpa_supplicant: RTM_NEWLINK: operstate=1 ifi_flags=0x11043 ([UP][RUNNING][LOWER_UP])
06-21 22:23:55.333  2869  2869 D wpa_supplicant: RTM_NEWLINK, IFLA_IFNAME: Interface 'wlan0' added
06-21 22:23:55.333  2869  2869 D wpa_supplicant: Wireless event: cmd=0x8b19 len=8
06-21 22:23:55.333  2869  2869 D wpa_supplicant: Received 1214 bytes of scan results (6 BSSes)
06-21 22:23:55.536  2869  2869 D wpa_supplicant: wpa_driver_wext_driver_cmd SETSUSPENDOPT 0 len = 4096
06-21 22:23:55.536  2869  2869 D wpa_supplicant: wpa_driver_wext_driver_cmd SETSUSPENDOPT 0 len = 0, 15
06-21 22:23:55.536  2869  2869 D wpa_supplicant: wpa_driver_wext_driver_cmd POWERMODE 0 len = 4096
06-21 22:23:55.544  2869  2869 D wpa_supplicant: wpa_driver_wext_driver_cmd OK len = 0, 2
06-21 22:23:55.587 19253 19256 D dalvikvm: GC_CONCURRENT freed 454K, 8% free 10183K/10951K, paused 2ms+2ms
06-21 22:23:56.583  2869  2869 D wpa_supplicant: wpa_driver_wext_driver_cmd RSSI len = 248
06-21 22:23:56.587  2869  2869 D wpa_supplicant: wpa_driver_wext_driver_cmd raikiri rssi -21  len = 17, 17
06-21 22:23:56.587  2869  2869 D wpa_supplicant: wpa_driver_wext_driver_cmd LINKSPEED len = 248
06-21 22:23:56.587  2869  2869 D wpa_supplicant: wpa_driver_wext_driver_cmd LinkSpeed 72 len = 12, 12
06-21 22:23:59.591  2869  2869 D wpa_supplicant: wpa_driver_wext_driver_cmd RSSI len = 248
06-21 22:23:59.606  2869  2869 D wpa_supplicant: wpa_driver_wext_driver_cmd raikiri rssi -19  len = 17, 17
06-21 22:23:59.606  2869  2869 D wpa_supplicant: wpa_driver_wext_driver_cmd LINKSPEED len = 248
06-21 22:23:59.606  2869  2869 D wpa_supplicant: wpa_driver_wext_driver_cmd LinkSpeed 72 len = 12, 12
06-21 22:24:01.993  2360  2376 V BackupManagerService: Running a backup pass
06-21 22:24:01.997  2360  2428 V BackupManagerService: clearing pending backups
06-21 22:24:01.997  2360  2428 V PerformBackupTask: Beginning backup of 1 targets
06-21 22:24:02.102  2360  2428 D PerformBackupTask: processOneBackup doBackup() on @pm@
06-21 22:24:02.106  2360  2428 V BackupServiceBinder: doBackup() invoked
06-21 22:24:02.114  2360  2428 I PerformBackupTask: no backup data written; not calling transport
06-21 22:24:02.122  2360  2428 D PerformBackupTask: starting agent for backup of BackupRequest{pkg=com.android.providers.settings}
06-21 22:24:02.122  2360  2376 V ActivityThread: handleCreateBackupAgent: CreateBackupAgentData{appInfo=ApplicationInfo{414563a0 com.android.providers.settings} backupAgent=com.android.providers.settings.SettingsBackupAgent mode=0}
06-21 22:24:02.122  2360  2376 V ActivityThread: Initializing agent class com.android.providers.settings.SettingsBackupAgent
06-21 22:24:02.122  2360  2376 D SettingsBackupAgent: onCreate() invoked
06-21 22:24:02.122  2360  2428 D BackupManagerService: awaiting agent for ApplicationInfo{414563a0 com.android.providers.settings}
06-21 22:24:02.130  2360  2428 V BackupServiceBinder: doBackup() invoked
06-21 22:24:02.130  2360  2376 D BackupManagerService: agentConnected pkg=com.android.providers.settings agent=android.app.backup.BackupAgent$BackupServiceBinder@4197c0a8
06-21 22:24:02.130  2360  2428 D PerformBackupTask: processOneBackup doBackup() on com.android.providers.settings
06-21 22:24:02.176  2360  2428 V LocalTransport: performBackup() pkg=com.android.providers.settings
06-21 22:24:02.176  2360  2428 V LocalTransport: Got change set key=system size=1003 key64=c3lzdGVt
06-21 22:24:02.176  2360  2376 V ActivityThread: handleDestroyBackupAgent: CreateBackupAgentData{appInfo=ApplicationInfo{414563a0 com.android.providers.settings} backupAgent=com.android.providers.settings.SettingsBackupAgent mode=0}
06-21 22:24:02.180  2360  2428 V LocalTransport:   data size 1003
06-21 22:24:02.184  2360  2428 V LocalTransport: finishBackup()
06-21 22:24:02.184  2360  2428 I PerformBackupTask: Backup pass finished.
06-21 22:24:02.610  2869  2869 D wpa_supplicant: wpa_driver_wext_driver_cmd RSSI len = 248
06-21 22:24:02.641  2869  2869 D wpa_supplicant: wpa_driver_wext_driver_cmd raikiri rssi -24  len = 17, 17
06-21 22:24:02.641  2869  2869 D wpa_supplicant: wpa_driver_wext_driver_cmd LINKSPEED len = 248
06-21 22:24:02.645  2869  2869 D wpa_supplicant: wpa_driver_wext_driver_cmd LinkSpeed 72 len = 12, 12
06-21 22:24:04.286  2869  2869 D wpa_supplicant: RTM_NEWLINK: operstate=1 ifi_flags=0x11043 ([UP][RUNNING][LOWER_UP])
06-21 22:24:04.286  2869  2869 D wpa_supplicant: RTM_NEWLINK, IFLA_IFNAME: Interface 'wlan0' added
06-21 22:24:04.286  2869  2869 D wpa_supplicant: Wireless event: cmd=0x8c00 len=20
06-21 22:24:05.649  2869  2869 D wpa_supplicant: wpa_driver_wext_driver_cmd RSSI len = 248
06-21 22:24:05.688  2869  2869 D wpa_supplicant: wpa_driver_wext_driver_cmd raikiri rssi -22  len = 17, 17
06-21 22:24:05.688  2869  2869 D wpa_supplicant: wpa_driver_wext_driver_cmd LINKSPEED len = 248
06-21 22:24:05.708  2869  2869 D wpa_supplicant: wpa_driver_wext_driver_cmd LinkSpeed 72 len = 12, 12
06-21 22:24:08.716  2869  2869 D wpa_supplicant: wpa_driver_wext_driver_cmd RSSI len = 248
06-21 22:24:08.735  2869  2869 D wpa_supplicant: wpa_driver_wext_driver_cmd raikiri rssi -25  len = 17, 17
06-21 22:24:08.735  2869  2869 D wpa_supplicant: wpa_driver_wext_driver_cmd LINKSPEED len = 248
06-21 22:24:08.735  2869  2869 D wpa_supplicant: wpa_driver_wext_driver_cmd LinkSpeed 72 len = 12, 12
06-21 22:24:11.739  2869  2869 D wpa_supplicant: wpa_driver_wext_driver_cmd RSSI len = 248
06-21 22:24:11.774  2869  2869 D wpa_supplicant: wpa_driver_wext_driver_cmd raikiri rssi -27  len = 17, 17
06-21 22:24:11.774  2869  2869 D wpa_supplicant: wpa_driver_wext_driver_cmd LINKSPEED len = 248
06-21 22:24:11.774  2869  2869 D wpa_supplicant: wpa_driver_wext_driver_cmd LinkSpeed 72 len = 12, 12
06-21 22:24:11.798 11252 12235 I EventLogService: Aggregate from 1340330051719 (log), 1340330051719 (data)
06-21 22:24:11.841  2539  2539 D SAN_SERVICE: *******************************************
06-21 22:24:11.841  2539  2539 D SAN_SERVICE: DM App Phone Service State - 0
06-21 22:24:11.841  2539  2539 D SAN_SERVICE: *******************************************
06-21 22:24:14.778  2869  2869 D wpa_supplicant: wpa_driver_wext_driver_cmd RSSI len = 248
06-21 22:24:14.786  2869  2869 D wpa_supplicant: wpa_driver_wext_driver_cmd raikiri rssi -21  len = 17, 17
06-21 22:24:14.786  2869  2869 D wpa_supplicant: wpa_driver_wext_driver_cmd LINKSPEED len = 248
06-21 22:24:14.786  2869  2869 D wpa_supplicant: wpa_driver_wext_driver_cmd LinkSpeed 72 len = 12, 12
06-21 22:24:17.790  2869  2869 D wpa_supplicant: wpa_driver_wext_driver_cmd RSSI len = 248
06-21 22:24:17.798  2869  2869 D wpa_supplicant: wpa_driver_wext_driver_cmd raikiri rssi -24  len = 17, 17
06-21 22:24:17.798  2869  2869 D wpa_supplicant: wpa_driver_wext_driver_cmd LINKSPEED len = 248
06-21 22:24:17.798  2869  2869 D wpa_supplicant: wpa_driver_wext_driver_cmd LinkSpeed 72 len = 12, 12
06-21 22:24:20.801  2869  2869 D wpa_supplicant: wpa_driver_wext_driver_cmd RSSI len = 248
06-21 22:24:20.821  2869  2869 D wpa_supplicant: wpa_driver_wext_driver_cmd raikiri rssi -24  len = 17, 17
06-21 22:24:20.821  2869  2869 D wpa_supplicant: wpa_driver_wext_driver_cmd LINKSPEED len = 248
06-21 22:24:20.825  2869  2869 D wpa_supplicant: wpa_driver_wext_driver_cmd LinkSpeed 72 len = 12, 12
06-21 22:24:23.259  2360  2362 D dalvikvm: GC_CONCURRENT freed 1742K, 26% free 16353K/22023K, paused 15ms+11ms
06-21 22:24:23.841  2869  2869 D wpa_supplicant: wpa_driver_wext_driver_cmd RSSI len = 248
06-21 22:24:23.841  2869  2869 D wpa_supplicant: wpa_driver_wext_driver_cmd raikiri rssi -22  len = 17, 17
06-21 22:24:23.841  2869  2869 D wpa_supplicant: wpa_driver_wext_driver_cmd LINKSPEED len = 248
06-21 22:24:23.841  2869  2869 D wpa_supplicant: wpa_driver_wext_driver_cmd LinkSpeed 72 len = 12, 12
06-21 22:24:26.848  2869  2869 D wpa_supplicant: wpa_driver_wext_driver_cmd RSSI len = 248
06-21 22:24:26.880  2869  2869 D wpa_supplicant: wpa_driver_wext_driver_cmd raikiri rssi -24  len = 17, 17
06-21 22:24:26.880  2869  2869 D wpa_supplicant: wpa_driver_wext_driver_cmd LINKSPEED len = 248
06-21 22:24:26.899  2869  2869 D wpa_supplicant: wpa_driver_wext_driver_cmd LinkSpeed 72 len = 12, 12
06-21 22:24:29.907  2869  2869 D wpa_supplicant: wpa_driver_wext_driver_cmd RSSI len = 248
06-21 22:24:29.915  2869  2869 D wpa_supplicant: wpa_driver_wext_driver_cmd raikiri rssi -22  len = 17, 17
06-21 22:24:29.915  2869  2869 D wpa_supplicant: wpa_driver_wext_driver_cmd LINKSPEED len = 248
06-21 22:24:29.915  2869  2869 D wpa_supplicant: wpa_driver_wext_driver_cmd LinkSpeed 72 len = 12, 12
06-21 22:24:30.708  2539  2539 D SAN_SERVICE: *******************************************
06-21 22:24:30.708  2539  2539 D SAN_SERVICE: DM App Phone Service State - 0
06-21 22:24:30.708  2539  2539 D SAN_SERVICE: *******************************************
06-21 22:24:31.149  2539  2539 D SAN_SERVICE: *******************************************
06-21 22:24:31.149  2539  2539 D SAN_SERVICE: DM App Phone Service State - 0
06-21 22:24:31.149  2539  2539 D SAN_SERVICE: *******************************************
06-21 22:24:32.657 11252 11254 D dalvikvm: GC_CONCURRENT freed 385K, 6% free 10331K/10951K, paused 9ms+4ms
06-21 22:24:32.915  2869  2869 D wpa_supplicant: wpa_driver_wext_driver_cmd RSSI len = 248
06-21 22:24:32.923  2869  2869 D wpa_supplicant: wpa_driver_wext_driver_cmd raikiri rssi -22  len = 17, 17
06-21 22:24:32.923  2869  2869 D wpa_supplicant: wpa_driver_wext_driver_cmd LINKSPEED len = 248
06-21 22:24:32.923  2869  2869 D wpa_supplicant: wpa_driver_wext_driver_cmd LinkSpeed 72 len = 12, 12
06-21 22:24:35.930  2869  2869 D wpa_supplicant: wpa_driver_wext_driver_cmd RSSI len = 248
06-21 22:24:35.938  2869  2869 D wpa_supplicant: wpa_driver_wext_driver_cmd raikiri rssi -21  len = 17, 17
06-21 22:24:35.938  2869  2869 D wpa_supplicant: wpa_driver_wext_driver_cmd LINKSPEED len = 248
06-21 22:24:35.938  2869  2869 D wpa_supplicant: wpa_driver_wext_driver_cmd LinkSpeed 72 len = 12, 12
06-21 22:24:36.067  2539  2539 D SAN_SERVICE: *******************************************
06-21 22:24:36.067  2539  2539 D SAN_SERVICE: DM App Phone Service State - 0
06-21 22:24:36.067  2539  2539 D SAN_SERVICE: *******************************************
06-21 22:24:38.942  2869  2869 D wpa_supplicant: wpa_driver_wext_driver_cmd RSSI len = 248
06-21 22:24:38.950  2869  2869 D wpa_supplicant: wpa_driver_wext_driver_cmd raikiri rssi -21  len = 17, 17
06-21 22:24:38.950  2869  2869 D wpa_supplicant: wpa_driver_wext_driver_cmd LINKSPEED len = 248
06-21 22:24:38.950  2869  2869 D wpa_supplicant: wpa_driver_wext_driver_cmd LinkSpeed 72 len = 12, 12
06-21 22:24:41.954  2869  2869 D wpa_supplicant: wpa_driver_wext_driver_cmd RSSI len = 248
06-21 22:24:41.962  2869  2869 D wpa_supplicant: wpa_driver_wext_driver_cmd raikiri rssi -21  len = 17, 17
06-21 22:24:41.962  2869  2869 D wpa_supplicant: wpa_driver_wext_driver_cmd LINKSPEED len = 248
06-21 22:24:41.962  2869  2869 D wpa_supplicant: wpa_driver_wext_driver_cmd LinkSpeed 72 len = 12, 12
06-21 22:24:44.966  2869  2869 D wpa_supplicant: wpa_driver_wext_driver_cmd RSSI len = 248
06-21 22:24:44.973  2869  2869 D wpa_supplicant: wpa_driver_wext_driver_cmd raikiri rssi -22  len = 17, 17
06-21 22:24:44.973  2869  2869 D wpa_supplicant: wpa_driver_wext_driver_cmd LINKSPEED len = 248
06-21 22:24:44.973  2869  2869 D wpa_supplicant: wpa_driver_wext_driver_cmd LinkSpeed 72 len = 12, 12
06-21 22:24:47.985  2869  2869 D wpa_supplicant: wpa_driver_wext_driver_cmd RSSI len = 248
06-21 22:24:47.993  2869  2869 D wpa_supplicant: wpa_driver_wext_driver_cmd raikiri rssi -24  len = 17, 17
06-21 22:24:47.993  2869  2869 D wpa_supplicant: wpa_driver_wext_driver_cmd LINKSPEED len = 248
06-21 22:24:48.001  2869  2869 D wpa_supplicant: wpa_driver_wext_driver_cmd LinkSpeed 72 len = 12, 12
06-21 22:24:51.005  2869  2869 D wpa_supplicant: wpa_driver_wext_driver_cmd RSSI len = 248
