06-22 17:58:17.712  2360  2574 D AlarmManagerService: Kernel timezone updated to 240 minutes west of GMT
06-22 17:58:18.278  2869  2869 D wpa_supplicant: RTM_NEWLINK: operstate=1 ifi_flags=0x11043 ([UP][RUNNING][LOWER_UP])
06-22 17:58:18.278  2869  2869 D wpa_supplicant: RTM_NEWLINK, IFLA_IFNAME: Interface 'wlan0' added
06-22 17:58:18.278  2869  2869 D wpa_supplicant: Wireless event: cmd=0x8b19 len=8
06-22 17:58:18.278  2869  2869 D wpa_supplicant: Received 1561 bytes of scan results (8 BSSes)
06-22 17:58:18.415 21329 21336 I dalvikvm: Total arena pages for JIT: 11
06-22 17:58:18.415 21329 21336 I dalvikvm: Total arena pages for JIT: 12
06-22 17:58:18.415 21329 21336 I dalvikvm: Total arena pages for JIT: 13
06-22 17:58:18.415 21329 21336 I dalvikvm: Total arena pages for JIT: 14
06-22 17:58:18.415 21329 21336 I dalvikvm: Total arena pages for JIT: 15
06-22 17:58:18.415 21329 21336 I dalvikvm: Total arena pages for JIT: 16
06-22 17:58:18.415 21329 21336 I dalvikvm: Total arena pages for JIT: 17
06-22 17:58:18.493  2869  2869 D wpa_supplicant: wpa_driver_wext_driver_cmd SETSUSPENDOPT 0 len = 4096
06-22 17:58:18.493  2869  2869 D wpa_supplicant: wpa_driver_wext_driver_cmd SETSUSPENDOPT 0 len = 0, 15
06-22 17:58:18.493  2869  2869 D wpa_supplicant: wpa_driver_wext_driver_cmd POWERMODE 0 len = 4096
06-22 17:58:18.501  2869  2869 D wpa_supplicant: wpa_driver_wext_driver_cmd OK len = 0, 2
06-22 17:58:18.575 25179 25182 D dalvikvm: GC_CONCURRENT freed 516K, 6% free 10329K/10951K, paused 2ms+13ms
06-22 17:58:18.602 25413 25415 D dalvikvm: GC_CONCURRENT freed 462K, 8% free 10110K/10887K, paused 2ms+6ms
06-22 17:58:19.946  2869  2869 D wpa_supplicant: wpa_driver_wext_driver_cmd RSSI len = 248
06-22 17:58:19.946  2869  2869 D wpa_supplicant: wpa_driver_wext_driver_cmd UB_Secure rssi -81  len = 19, 19
06-22 17:58:19.946  2869  2869 D wpa_supplicant: wpa_driver_wext_driver_cmd LINKSPEED len = 248
06-22 17:58:19.950  2869  2869 D wpa_supplicant: wpa_driver_wext_driver_cmd LinkSpeed 72 len = 12, 12
06-22 17:58:22.954  2869  2869 D wpa_supplicant: wpa_driver_wext_driver_cmd RSSI len = 248
06-22 17:58:22.966  2869  2869 D wpa_supplicant: wpa_driver_wext_driver_cmd UB_Secure rssi -80  len = 19, 19
06-22 17:58:22.966  2869  2869 D wpa_supplicant: wpa_driver_wext_driver_cmd LINKSPEED len = 248
06-22 17:58:22.966  2869  2869 D wpa_supplicant: wpa_driver_wext_driver_cmd LinkSpeed 72 len = 12, 12
06-22 17:58:25.974  2869  2869 D wpa_supplicant: wpa_driver_wext_driver_cmd RSSI len = 248
06-22 17:58:25.985  2869  2869 D wpa_supplicant: wpa_driver_wext_driver_cmd UB_Secure rssi -83  len = 19, 19
06-22 17:58:25.985  2869  2869 D wpa_supplicant: wpa_driver_wext_driver_cmd LINKSPEED len = 248
06-22 17:58:25.985  2869  2869 D wpa_supplicant: wpa_driver_wext_driver_cmd LinkSpeed 72 len = 12, 12
06-22 17:58:26.727  2360  2574 D AlarmManagerService: Kernel timezone updated to 240 minutes west of GMT
06-22 17:58:28.989  2869  2869 D wpa_supplicant: wpa_driver_wext_driver_cmd RSSI len = 248
06-22 17:58:29.001  2869  2869 D wpa_supplicant: wpa_driver_wext_driver_cmd UB_Secure rssi -84  len = 19, 19
06-22 17:58:29.001  2869  2869 D wpa_supplicant: wpa_driver_wext_driver_cmd LINKSPEED len = 248
06-22 17:58:29.001  2869  2869 D wpa_supplicant: wpa_driver_wext_driver_cmd LinkSpeed 72 len = 12, 12
06-22 17:58:31.813  2539  2539 D SAN_SERVICE: *******************************************
06-22 17:58:31.813  2539  2539 D SAN_SERVICE: DM App Phone Service State - 0
06-22 17:58:31.813  2539  2539 D SAN_SERVICE: *******************************************
06-22 17:58:32.009  2869  2869 D wpa_supplicant: wpa_driver_wext_driver_cmd RSSI len = 248
06-22 17:58:32.032  2869  2869 D wpa_supplicant: wpa_driver_wext_driver_cmd UB_Secure rssi -81  len = 19, 19
06-22 17:58:32.032  2869  2869 D wpa_supplicant: wpa_driver_wext_driver_cmd LINKSPEED len = 248
06-22 17:58:32.056  2869  2869 D wpa_supplicant: wpa_driver_wext_driver_cmd LinkSpeed 72 len = 12, 12
06-22 17:58:35.060  2869  2869 D wpa_supplicant: wpa_driver_wext_driver_cmd RSSI len = 248
06-22 17:58:35.075  2869  2869 D wpa_supplicant: wpa_driver_wext_driver_cmd UB_Secure rssi -80  len = 19, 19
06-22 17:58:35.075  2869  2869 D wpa_supplicant: wpa_driver_wext_driver_cmd LINKSPEED len = 248
06-22 17:58:35.079  2869  2869 D wpa_supplicant: wpa_driver_wext_driver_cmd LinkSpeed 72 len = 12, 12
06-22 17:58:38.083  2869  2869 D wpa_supplicant: wpa_driver_wext_driver_cmd RSSI len = 248
06-22 17:58:38.106  2869  2869 D wpa_supplicant: wpa_driver_wext_driver_cmd UB_Secure rssi -80  len = 19, 19
06-22 17:58:38.106  2869  2869 D wpa_supplicant: wpa_driver_wext_driver_cmd LINKSPEED len = 248
06-22 17:58:38.118  2869  2869 D wpa_supplicant: wpa_driver_wext_driver_cmd LinkSpeed 72 len = 12, 12
06-22 17:58:39.790  2360  2524 D AlarmManagerService: Kernel timezone updated to 240 minutes west of GMT
06-22 17:58:41.126  2869  2869 D wpa_supplicant: wpa_driver_wext_driver_cmd RSSI len = 248
06-22 17:58:41.134  2869  2869 D wpa_supplicant: wpa_driver_wext_driver_cmd UB_Secure rssi -80  len = 19, 19
06-22 17:58:41.134  2869  2869 D wpa_supplicant: wpa_driver_wext_driver_cmd LINKSPEED len = 248
06-22 17:58:41.134  2869  2869 D wpa_supplicant: wpa_driver_wext_driver_cmd LinkSpeed 72 len = 12, 12
06-22 17:58:41.634  2360  2389 I ActivityManager: Start proc com.twitter.android for service com.twitter.android/.client.AppService: pid=26015 uid=10064 gids={3003, 1015}
06-22 17:58:41.642  2539  2539 D SAN_SERVICE: *******************************************
06-22 17:58:41.642  2539  2539 D SAN_SERVICE: DM App Phone Service State - 0
06-22 17:58:41.642  2539  2539 D SAN_SERVICE: *******************************************
06-22 17:58:41.681  2335  2335 D dalvikvm: GC_EXPLICIT freed 37K, 4% free 9031K/9347K, paused 13ms+2ms
06-22 17:58:41.685 26015 26015 I dalvikvm: Turning on JNI app bug workarounds for target SDK version 11...
06-22 17:58:41.735  2335  2335 D dalvikvm: GC_EXPLICIT freed <1K, 4% free 9031K/9347K, paused 7ms+2ms
06-22 17:58:41.798  2335  2335 D dalvikvm: GC_EXPLICIT freed <1K, 4% free 9031K/9347K, paused 2ms+4ms
06-22 17:58:41.852 26015 26015 I ActivityThread: Pub com.twitter.android.provider.GlobalDatabaseProvider: com.twitter.android.provider.GlobalDatabaseProvider
06-22 17:58:41.860 26015 26015 I ActivityThread: Pub com.twitter.android.provider.TwitterProvider: com.twitter.android.provider.TwitterProvider
06-22 17:58:41.981 26015 26017 D dalvikvm: GC_CONCURRENT freed 201K, 4% free 9288K/9607K, paused 22ms+2ms
06-22 17:58:42.571 26015 26017 D dalvikvm: GC_CONCURRENT freed 226K, 4% free 9506K/9863K, paused 3ms+12ms
06-22 17:58:42.735  2360  2615 D AlarmManagerService: Kernel timezone updated to 240 minutes west of GMT
06-22 17:58:42.798 26015 26017 D dalvikvm: GC_CONCURRENT freed 293K, 5% free 9630K/10055K, paused 3ms+2ms
06-22 17:58:42.942 26015 26017 D dalvikvm: GC_CONCURRENT freed 299K, 5% free 9759K/10183K, paused 2ms+2ms
06-22 17:58:43.102 26015 26017 D dalvikvm: GC_CONCURRENT freed 296K, 5% free 9889K/10311K, paused 2ms+2ms
06-22 17:58:43.247 26015 26017 D dalvikvm: GC_CONCURRENT freed 297K, 5% free 10018K/10439K, paused 2ms+2ms
06-22 17:58:43.392 26015 26017 D dalvikvm: GC_CONCURRENT freed 303K, 5% free 10144K/10567K, paused 1ms+2ms
06-22 17:58:43.536 26015 26017 D dalvikvm: GC_CONCURRENT freed 297K, 4% free 10271K/10695K, paused 1ms+2ms
06-22 17:58:43.751 26015 26017 D dalvikvm: GC_CONCURRENT freed 480K, 6% free 10218K/10823K, paused 7ms+3ms
06-22 17:58:43.911 26015 26017 D dalvikvm: GC_CONCURRENT freed 321K, 5% free 10293K/10823K, paused 2ms+2ms
06-22 17:58:44.083 26015 26017 D dalvikvm: GC_CONCURRENT freed 322K, 5% free 10382K/10823K, paused 2ms+3ms
06-22 17:58:44.153  2869  2869 D wpa_supplicant: wpa_driver_wext_driver_cmd RSSI len = 248
06-22 17:58:44.161  2869  2869 D wpa_supplicant: wpa_driver_wext_driver_cmd UB_Secure rssi -83  len = 19, 19
06-22 17:58:44.161  2869  2869 D wpa_supplicant: wpa_driver_wext_driver_cmd LINKSPEED len = 248
06-22 17:58:44.161  2869  2869 D wpa_supplicant: wpa_driver_wext_driver_cmd LinkSpeed 72 len = 12, 12
06-22 17:58:44.247 26015 26017 D dalvikvm: GC_CONCURRENT freed 366K, 5% free 10467K/10951K, paused 2ms+2ms
06-22 17:58:44.399 26015 26017 D dalvikvm: GC_CONCURRENT freed 350K, 5% free 10549K/11015K, paused 4ms+2ms
06-22 17:58:44.548 26015 26017 D dalvikvm: GC_CONCURRENT freed 325K, 5% free 10632K/11079K, paused 1ms+2ms
06-22 17:58:44.708 26015 26017 D dalvikvm: GC_CONCURRENT freed 369K, 5% free 10719K/11207K, paused 2ms+3ms
06-22 17:58:44.884 26015 26017 D dalvikvm: GC_CONCURRENT freed 401K, 5% free 10821K/11335K, paused 1ms+2ms
06-22 17:58:45.591 26015 26017 D dalvikvm: GC_CONCURRENT freed 339K, 5% free 11003K/11463K, paused 2ms+2ms
06-22 17:58:47.165  2869  2869 D wpa_supplicant: wpa_driver_wext_driver_cmd RSSI len = 248
06-22 17:58:47.188  2869  2869 D wpa_supplicant: wpa_driver_wext_driver_cmd UB_Secure rssi -84  len = 19, 19
06-22 17:58:47.188  2869  2869 D wpa_supplicant: wpa_driver_wext_driver_cmd LINKSPEED len = 248
06-22 17:58:47.192  2869  2869 D wpa_supplicant: wpa_driver_wext_driver_cmd LinkSpeed 72 len = 12, 12
06-22 17:58:48.790 26015 26029 I DatabaseHelper: Begin cleanup.
06-22 17:58:49.017 26015 26029 I DatabaseHelper: Cleaned up: 0
06-22 17:58:49.118 26015 26017 D dalvikvm: GC_CONCURRENT freed 452K, 5% free 11142K/11719K, paused 3ms+2ms
06-22 17:58:50.196  2869  2869 D wpa_supplicant: wpa_driver_wext_driver_cmd RSSI len = 248
06-22 17:58:50.208  2869  2869 D wpa_supplicant: wpa_driver_wext_driver_cmd UB_Secure rssi -83  len = 19, 19
06-22 17:58:50.208  2869  2869 D wpa_supplicant: wpa_driver_wext_driver_cmd LINKSPEED len = 248
06-22 17:58:50.212  2869  2869 D wpa_supplicant: wpa_driver_wext_driver_cmd LinkSpeed 72 len = 12, 12
06-22 17:58:53.216  2869  2869 D wpa_supplicant: wpa_driver_wext_driver_cmd RSSI len = 248
06-22 17:58:53.224  2869  2869 D wpa_supplicant: wpa_driver_wext_driver_cmd UB_Secure rssi -84  len = 19, 19
06-22 17:58:53.224  2869  2869 D wpa_supplicant: wpa_driver_wext_driver_cmd LINKSPEED len = 248
06-22 17:58:53.224  2869  2869 D wpa_supplicant: wpa_driver_wext_driver_cmd LinkSpeed 72 len = 12, 12
06-22 17:58:56.227  2869  2869 D wpa_supplicant: wpa_driver_wext_driver_cmd RSSI len = 248
06-22 17:58:56.243  2869  2869 D wpa_supplicant: wpa_driver_wext_driver_cmd UB_Secure rssi -81  len = 19, 19
06-22 17:58:56.243  2869  2869 D wpa_supplicant: wpa_driver_wext_driver_cmd LINKSPEED len = 248
06-22 17:58:56.243  2869  2869 D wpa_supplicant: wpa_driver_wext_driver_cmd LinkSpeed 72 len = 12, 12
06-22 17:58:58.825  2360  2571 D AlarmManagerService: Kernel timezone updated to 240 minutes west of GMT
06-22 17:58:58.860  2539  2541 D dalvikvm: GC_CONCURRENT freed 372K, 7% free 9627K/10247K, paused 38ms+3ms
06-22 17:58:59.247  2869  2869 D wpa_supplicant: wpa_driver_wext_driver_cmd RSSI len = 248
06-22 17:58:59.255  2869  2869 D wpa_supplicant: wpa_driver_wext_driver_cmd UB_Secure rssi -81  len = 19, 19
06-22 17:58:59.255  2869  2869 D wpa_supplicant: wpa_driver_wext_driver_cmd LINKSPEED len = 248
06-22 17:58:59.255  2869  2869 D wpa_supplicant: wpa_driver_wext_driver_cmd LinkSpeed 72 len = 12, 12
06-22 17:58:59.837  2360  2616 D AlarmManagerService: Kernel timezone updated to 240 minutes west of GMT
06-22 17:59:02.259  2869  2869 D wpa_supplicant: wpa_driver_wext_driver_cmd RSSI len = 248
06-22 17:59:02.282  2869  2869 D wpa_supplicant: wpa_driver_wext_driver_cmd UB_Secure rssi -81  len = 19, 19
06-22 17:59:02.282  2869  2869 D wpa_supplicant: wpa_driver_wext_driver_cmd LINKSPEED len = 248
06-22 17:59:02.294  2869  2869 D wpa_supplicant: wpa_driver_wext_driver_cmd LinkSpeed 72 len = 12, 12
06-22 17:59:03.852  2539  2539 D SAN_SERVICE: *******************************************
06-22 17:59:03.852  2539  2539 D SAN_SERVICE: DM App Phone Service State - 0
06-22 17:59:03.852  2539  2539 D SAN_SERVICE: *******************************************
06-22 17:59:05.071  2360  2362 D dalvikvm: GC_CONCURRENT freed 1762K, 25% free 16672K/22023K, paused 11ms+8ms
06-22 17:59:05.298  2869  2869 D wpa_supplicant: wpa_driver_wext_driver_cmd RSSI len = 248
06-22 17:59:05.306  2869  2869 D wpa_supplicant: wpa_driver_wext_driver_cmd UB_Secure rssi -80  len = 19, 19
06-22 17:59:05.306  2869  2869 D wpa_supplicant: wpa_driver_wext_driver_cmd LINKSPEED len = 248
06-22 17:59:05.306  2869  2869 D wpa_supplicant: wpa_driver_wext_driver_cmd LinkSpeed 72 len = 12, 12
06-22 17:59:07.442  2360 19548 I ActivityManager: Process com.twitter.android (pid 26015) has died.
06-22 17:59:07.880  2360  2377 I ActivityManager: Start proc com.spotify.mobile.android.ui for broadcast com.spotify.mobile.android.ui/.widget.SpotifyWidget: pid=26041 uid=10055 gids={3003, 1015}
06-22 17:59:07.923 22701 22852 D dalvikvm: GC_FOR_ALLOC freed 509K, 12% free 15081K/16967K, paused 51ms
06-22 17:59:07.923 22701 22852 I dalvikvm-heap: Grow heap (frag case) to 15.141MB for 360016-byte allocation
06-22 17:59:07.993 22701 22715 D dalvikvm: GC_FOR_ALLOC freed 35K, 12% free 15397K/17351K, paused 46ms
06-22 17:59:08.149 26041 26041 I ActivityThread: Pub com.spotify.mobile.android.util.SpotifySuggestionProvider: com.spotify.mobile.android.util.SpotifySuggestionProvider
06-22 17:59:08.153 26041 26041 I ActivityThread: Pub com.spotify.mobile.android: com.spotify.mobile.android.provider.SpotifyProvider
06-22 17:59:08.329  2869  2869 D wpa_supplicant: wpa_driver_wext_driver_cmd RSSI len = 248
06-22 17:59:08.329  2869  2869 D wpa_supplicant: wpa_driver_wext_driver_cmd UB_Secure rssi -83  len = 19, 19
06-22 17:59:08.329  2869  2869 D wpa_supplicant: wpa_driver_wext_driver_cmd LINKSPEED len = 248
06-22 17:59:08.329  2869  2869 D wpa_supplicant: wpa_driver_wext_driver_cmd LinkSpeed 72 len = 12, 12
06-22 17:59:09.798  2360  2371 D AlarmManagerService: Kernel timezone updated to 240 minutes west of GMT
06-22 17:59:11.337  2869  2869 D wpa_supplicant: wpa_driver_wext_driver_cmd RSSI len = 248
06-22 17:59:11.337  2869  2869 D wpa_supplicant: wpa_driver_wext_driver_cmd UB_Secure rssi -79  len = 19, 19
06-22 17:59:11.337  2869  2869 D wpa_supplicant: wpa_driver_wext_driver_cmd LINKSPEED len = 248
06-22 17:59:11.341  2869  2869 D wpa_supplicant: wpa_driver_wext_driver_cmd LinkSpeed 72 len = 12, 12
06-22 17:59:12.427 24999 25012 I PhoneLab-: Service Running
06-22 17:59:12.552 24999 25012 I PhoneLab-LoggerService: app_37    3205  1     2360   1920  c00f181c 400107b4 S logcat
06-22 17:59:12.556 24999 25012 I PhoneLab-LoggerService: Logcat pid from database 3205
06-22 17:59:12.556 24999 25012 I PhoneLab-LoggerService: Logcat process found 3205
06-22 17:59:12.556 24999 25012 I PhoneLab-LoggerService: Checking Threshold
06-22 17:59:12.556 24999 25012 I PhoneLab-LoggerService: Starting to rename files
06-22 17:59:12.556 24999 25012 I PhoneLab-LoggerService: Files found .. 2
06-22 17:59:14.345  2869  2869 D wpa_supplicant: wpa_driver_wext_driver_cmd RSSI len = 248
06-22 17:59:14.352  2869  2869 D wpa_supplicant: wpa_driver_wext_driver_cmd UB_Secure rssi -83  len = 19, 19
06-22 17:59:14.352  2869  2869 D wpa_supplicant: wpa_driver_wext_driver_cmd LINKSPEED len = 248
06-22 17:59:14.352  2869  2869 D wpa_supplicant: wpa_driver_wext_driver_cmd LinkSpeed 72 len = 12, 12
06-22 17:59:17.134  2869  2869 D wpa_supplicant: wpa_driver_wext_driver_cmd SETSUSPENDOPT 0 len = 4096
06-22 17:59:17.134  2869  2869 D wpa_supplicant: wpa_driver_wext_driver_cmd SETSUSPENDOPT 0 len = 0, 15
06-22 17:59:17.134  2869  2869 D wpa_supplicant: wpa_driver_wext_driver_cmd POWERMODE 0 len = 4096
06-22 17:59:17.142  2869  2869 D wpa_supplicant: wpa_driver_wext_driver_cmd OK len = 0, 2
06-22 17:59:17.142  2869  2869 D wpa_supplicant: WPS: Building WPS IE for Probe Request
06-22 17:59:17.142  2869  2869 D wpa_supplicant: WPS:  * Version (hardcoded 0x10)
06-22 17:59:17.142  2869  2869 D wpa_supplicant: WPS:  * Request Type
06-22 17:59:17.142  2869  2869 D wpa_supplicant: WPS:  * Config Methods (2388)
06-22 17:59:17.142  2869  2869 D wpa_supplicant: WPS:  * UUID-E
06-22 17:59:17.142  2869  2869 D wpa_supplicant: WPS:  * Primary Device Type
06-22 17:59:17.142  2869  2869 D wpa_supplicant: WPS:  * RF Bands (3)
06-22 17:59:17.142  2869  2869 D wpa_supplicant: WPS:  * Association State
06-22 17:59:17.142  2869  2869 D wpa_supplicant: WPS:  * Configuration Error (0)
06-22 17:59:17.142  2869  2869 D wpa_supplicant: WPS:  * Device Password ID (0)
06-22 17:59:17.142  2869  2869 D wpa_supplicant: WPS:  * Manufacturer
06-22 17:59:17.142  2869  2869 D wpa_supplicant: WPS:  * Model Name
06-22 17:59:17.142  2869  2869 D wpa_supplicant: WPS:  * Model Number
06-22 17:59:17.142  2869  2869 D wpa_supplicant: WPS:  * Device Name
06-22 17:59:17.142  2869  2869 D wpa_supplicant: WPS:  * Version2 (0x20)
06-22 17:59:17.142  2869  2869 D wpa_supplicant: wpa_driver_wext_combo_scan: Start
06-22 17:59:17.142  2869  2869 D wpa_supplicant: For Scan: (null)
06-22 17:59:17.145  2869  2869 D wpa_supplicant: Scan requested (ret=0) - scan timeout 30 seconds
06-22 17:59:17.356  2869  2869 D wpa_supplicant: wpa_driver_wext_driver_cmd RSSI len = 248
06-22 17:59:17.356  2869  2869 D wpa_supplicant: wpa_driver_wext_driver_cmd UB_Secure rssi -83  len = 19, 19
06-22 17:59:17.356  2869  2869 D wpa_supplicant: wpa_driver_wext_driver_cmd LINKSPEED len = 248
06-22 17:59:17.356  2869  2869 D wpa_supplicant: wpa_driver_wext_driver_cmd LinkSpeed 72 len = 12, 12
06-22 17:59:18.329  2869  2869 D wpa_supplicant: RTM_NEWLINK: operstate=1 ifi_flags=0x11043 ([UP][RUNNING][LOWER_UP])
06-22 17:59:18.329  2869  2869 D wpa_supplicant: RTM_NEWLINK, IFLA_IFNAME: Interface 'wlan0' added
06-22 17:59:18.329  2869  2869 D wpa_supplicant: Wireless event: cmd=0x8b19 len=8
06-22 17:59:18.329  2869  2869 D wpa_supplicant: Received 1208 bytes of scan results (6 BSSes)
06-22 17:59:18.466  2869  2869 D wpa_supplicant: wpa_driver_wext_driver_cmd SETSUSPENDOPT 0 len = 4096
06-22 17:59:18.466  2869  2869 D wpa_supplicant: wpa_driver_wext_driver_cmd SETSUSPENDOPT 0 len = 0, 15
06-22 17:59:18.466  2869  2869 D wpa_supplicant: wpa_driver_wext_driver_cmd POWERMODE 0 len = 4096
06-22 17:59:18.466  2869  2869 D wpa_supplicant: wpa_driver_wext_driver_cmd OK len = 0, 2
06-22 17:59:18.579 25413 25415 D dalvikvm: GC_CONCURRENT freed 462K, 7% free 10156K/10887K, paused 2ms+3ms
06-22 17:59:20.360  2869  2869 D wpa_supplicant: wpa_driver_wext_driver_cmd RSSI len = 248
06-22 17:59:20.360  2869  2869 D wpa_supplicant: wpa_driver_wext_driver_cmd UB_Secure rssi -83  len = 19, 19
06-22 17:59:20.360  2869  2869 D wpa_supplicant: wpa_driver_wext_driver_cmd LINKSPEED len = 248
06-22 17:59:20.360  2869  2869 D wpa_supplicant: wpa_driver_wext_driver_cmd LinkSpeed 72 len = 12, 12
06-22 17:59:23.364  2869  2869 D wpa_supplicant: wpa_driver_wext_driver_cmd RSSI len = 248
06-22 17:59:23.372  2869  2869 D wpa_supplicant: wpa_driver_wext_driver_cmd UB_Secure rssi -81  len = 19, 19
06-22 17:59:23.372  2869  2869 D wpa_supplicant: wpa_driver_wext_driver_cmd LINKSPEED len = 248
06-22 17:59:23.372  2869  2869 D wpa_supplicant: wpa_driver_wext_driver_cmd LinkSpeed 72 len = 12, 12
06-22 17:59:23.392  2556  2556 D dalvikvm: GC_EXPLICIT freed <1K, 6% free 9107K/9607K, paused 2ms+3ms
06-22 17:59:25.567  2360  2536 I ActivityManager: Start proc android.process.acore for content provider com.android.providers.contacts/.ContactsProvider2: pid=26060 uid=10000 gids={3003, 1015}
06-22 17:59:25.661 26060 26060 I ActivityThread: Pub com.android.voicemail: com.android.providers.contacts.VoicemailContentProvider
06-22 17:59:25.673 26060 26060 I ActivityThread: Pub user_dictionary: com.android.providers.userdictionary.UserDictionaryProvider
06-22 17:59:25.688 26060 26060 I ActivityThread: Pub com.android.social: com.android.providers.contacts.SocialProvider
06-22 17:59:25.688 26060 26060 I ActivityThread: Pub applications: com.android.providers.applications.ApplicationsProvider
06-22 17:59:25.731 26060 26060 I ActivityThread: Pub contacts;com.android.contacts: com.android.providers.contacts.ContactsProvider2
06-22 17:59:25.782 26060 26063 D dalvikvm: GC_CONCURRENT freed 349K, 5% free 9187K/9607K, paused 1ms+2ms
06-22 17:59:25.825  2360  6791 I ActivityManager: Process com.spotify.mobile.android.ui (pid 26041) has died.
06-22 17:59:25.833 26060 26060 I ActivityThread: Pub call_log: com.android.providers.contacts.CallLogProvider
06-22 17:59:26.376  2869  2869 D wpa_supplicant: wpa_driver_wext_driver_cmd RSSI len = 248
06-22 17:59:26.384  2869  2869 D wpa_supplicant: wpa_driver_wext_driver_cmd UB_Secure rssi -83  len = 19, 19
06-22 17:59:26.384  2869  2869 D wpa_supplicant: wpa_driver_wext_driver_cmd LINKSPEED len = 248
06-22 17:59:26.384  2869  2869 D wpa_supplicant: wpa_driver_wext_driver_cmd LinkSpeed 72 len = 12, 12
06-22 17:59:27.856  2539  2539 D SAN_SERVICE: *******************************************
06-22 17:59:27.856  2539  2539 D SAN_SERVICE: DM App Phone Service State - 0
06-22 17:59:27.856  2539  2539 D SAN_SERVICE: *******************************************
06-22 17:59:28.290  2360 26075 I ActivityManager: Applications Memory Usage (kB):
06-22 17:59:28.290  2360 26075 I ActivityManager: Uptime: 182258360 Realtime: 182266302
06-22 17:59:28.290  2360 26075 I ActivityManager: Total PSS by OOM adjustment:
06-22 17:59:28.290  2360 26075 I ActivityManager:     28032 kB: System
06-22 17:59:28.290  2360 26075 I ActivityManager:                28032 kB: system (pid 2360)
06-22 17:59:28.290  2360 26075 I ActivityManager:     24930 kB: Persistent
06-22 17:59:28.290  2360 26075 I ActivityManager:                13100 kB: com.android.systemui (pid 2429)
06-22 17:59:28.290  2360 26075 I ActivityManager:                 7666 kB: com.android.phone (pid 2539)
06-22 17:59:28.290  2360 26075 I ActivityManager:                 4164 kB: com.android.nfc (pid 2556)
06-22 17:59:28.290  2360 26075 I ActivityManager:     29200 kB: Foreground
06-22 17:59:28.290  2360 26075 I ActivityManager:                29200 kB: com.android.launcher (pid 2569)
06-22 17:59:28.290  2360 26075 I ActivityManager:      2855 kB: Visible
06-22 17:59:28.290  2360 26075 I ActivityManager:                 2855 kB: com.android.smspush (pid 2643)
06-22 17:59:28.290  2360 26075 I ActivityManager:     51921 kB: Perceptible
06-22 17:59:28.290  2360 26075 I ActivityManager:                20240 kB: com.spotify.mobile.android.service (pid 22701)
06-22 17:59:28.290  2360 26075 I ActivityManager:                15844 kB: hr.podlanica (pid 9455)
06-22 17:59:28.290  2360 26075 I ActivityManager:                15837 kB: com.android.inputmethod.latin (pid 2506)
06-22 17:59:28.290  2360 26075 I ActivityManager:     24567 kB: A Services
06-22 17:59:28.290  2360 26075 I ActivityManager:                11602 kB: com.google.process.gapps (pid 21329)
06-22 17:59:28.290  2360 26075 I ActivityManager:                 7598 kB: com.google.android.apps.maps:NetworkLocationService (pid 25179)
06-22 17:59:28.290  2360 26075 I ActivityManager:                 5367 kB: android.process.acore (pid 26060)
06-22 17:59:28.290  2360 26075 I ActivityManager:     54624 kB: Previous
06-22 17:59:28.290  2360 26075 I ActivityManager:                54624 kB: org.mozilla.firefox_beta (pid 25347)
06-22 17:59:28.290  2360 26075 I ActivityManager:     43433 kB: B Services
06-22 17:59:28.290  2360 26075 I ActivityManager:                10517 kB: com.facebook.orca (pid 25788)
06-22 17:59:28.290  2360 26075 I ActivityManager:                 7629 kB: com.google.android.apps.maps:LocationFriendService (pid 25413)
06-22 17:59:28.290  2360 26075 I ActivityManager:                 7318 kB: com.xabber.androiddev (pid 25128)
06-22 17:59:28.290  2360 26075 I ActivityManager:                 6041 kB: com.whatsapp (pid 25241)
06-22 17:59:28.290  2360 26075 I ActivityManager:                 5133 kB: com.google.android.apps.googlevoice (pid 24964)
06-22 17:59:28.290  2360 26075 I ActivityManager:                 3877 kB: edu.buffalo.cse.phonelab.phonelabservices (pid 24999)
06-22 17:59:28.290  2360 26075 I ActivityManager:                 2918 kB: com.android.sprintmenu (pid 25848)
06-22 17:59:28.290  2360 26075 I ActivityManager: 
06-22 17:59:28.290  2360 26075 I ActivityManager: Total PSS: 259562 kB
06-22 17:59:28.290  2360 26075 I ActivityManager:   PID      Vss      Rss      Pss      Uss  cmdline
06-22 17:59:28.290  2360 26075 I ActivityManager: 25347   74944K   74840K   54705K   53284K  org.mozilla.firefox_beta
06-22 17:59:28.290  2360 26075 I ActivityManager:  2569   48968K   48840K   29298K   26660K  com.android.launcher
06-22 17:59:28.290  2360 26075 I ActivityManager:  2360   45120K   45084K   28202K   26984K  system_server
06-22 17:59:28.290  2360 26075 I ActivityManager: 22701   38792K   38712K   20292K   18904K  com.spotify.mobile.android.service
06-22 17:59:28.290  2360 26075 I ActivityManager:  2506   32600K   32516K   15914K   14924K  com.android.inputmethod.latin
06-22 17:59:28.290  2360 26075 I ActivityManager:  9455   30616K   30532K   15892K   15092K  hr.podlanica
06-22 17:59:28.290  2360 26075 I ActivityManager:  2429   33192K   33088K   13150K    9044K  com.android.systemui
06-22 17:59:28.290  2360 26075 I ActivityManager: 21329   29824K   29740K   11649K   10472K  com.google.process.gapps
06-22 17:59:28.290  2360 26075 I ActivityManager:    79   19888K   16888K   11560K    7080K  /system/bin/surfaceflinger
06-22 17:59:28.290  2360 26075 I ActivityManager: 25788   30648K   30544K   10476K    8780K  com.facebook.orca
06-22 17:59:28.290  2360 26075 I ActivityManager:  2539   23804K   23752K    7713K    6796K  com.android.phone
06-22 17:59:28.290  2360 26075 I ActivityManager: 25413   27028K   26976K    7679K    6252K  com.google.android.apps.maps:LocationFriendService
06-22 17:59:28.290  2360 26075 I ActivityManager: 25179   26896K   26836K    7652K    6212K  com.google.android.apps.maps:NetworkLocationService
06-22 17:59:28.290  2360 26075 I ActivityManager: 25128   26976K   26880K    7369K    6104K  com.xabber.androiddev
06-22 17:59:28.290  2360 26075 I ActivityManager: 26060   27280K   27208K    7186K    5552K  android.process.acore
06-22 17:59:28.290  2360 26075 I ActivityManager: 25241   25628K   25536K    5960K    4664K  com.whatsapp
06-22 17:59:28.290  2360 26075 I ActivityManager: 24964   24488K   24388K    5087K    3860K  com.google.android.apps.googlevoice
06-22 17:59:28.290  2360 26075 I ActivityManager:  2556   20048K   19964K    4213K    3348K  com.android.nfc
06-22 17:59:28.290  2360 26075 I ActivityManager: 24999   22744K   22644K    3926K    2756K  edu.buffalo.cse.phonelab.phonelabservices
06-22 17:59:28.290  2360 26075 I ActivityManager: 25848   22256K   22152K    2960K    1588K  com.android.sprintmenu
06-22 17:59:28.290  2360 26075 I ActivityManager:  2643   18964K   18852K    2904K    1936K  com.android.smspush
06-22 17:59:28.290  2360 26075 I ActivityManager:  2332    2912K    2912K    2469K    2348K  /system/bin/mediaserver
06-22 17:59:28.290  2360 26075 I ActivityManager:  2335   18908K   18780K    2289K    1180K  zygote
06-22 17:59:28.290  2360 26075 I ActivityManager:  3205    1924K    1920K    1772K    1768K  logcat
06-22 17:59:28.290  2360 26075 I ActivityManager:    81    1152K    1152K     885K     876K  /system/bin/drmserver
06-22 17:59:28.290  2360 26075 I ActivityManager:    78    1136K    1136K     807K     792K  /system/bin/rild
06-22 17:59:28.290  2360 26075 I ActivityManager: 26525     912K     912K     712K     692K  /system/bin/netd
06-22 17:59:28.290  2360 26075 I ActivityManager: 26076     820K     812K     691K     688K  procrank
06-22 17:59:28.290  2360 26075 I ActivityManager:  2869     984K     980K     569K     524K  /system/bin/wpa_supplicant
06-22 17:59:28.290  2360 26075 I ActivityManager:    86     508K     504K     299K     292K  /system/vendor/bin/gpsd
06-22 17:59:28.290  2360 26075 I ActivityManager:    73     448K     444K     296K     288K  /system/bin/vold
06-22 17:59:28.290  2360 26075 I ActivityManager:   232     428K     428K     280K     276K  /system/bin/bluetoothd
06-22 17:59:28.290  2360 26075 I ActivityManager:    88     292K     292K     276K     276K  /sbin/adbd
06-22 17:59:28.290  2360 26075 I ActivityManager: 22608     340K     336K     184K     180K  /system/bin/dhcpcd
06-22 17:59:28.290  2360 26075 I ActivityManager:    85     312K     304K     179K     176K  /system/bin/keystore
06-22 17:59:28.290  2360 26075 I ActivityManager:    83     296K     288K     159K     156K  /system/bin/dbus-daemon
06-22 17:59:28.290  2360 26075 I ActivityManager:     1     204K     204K     142K     104K  /init
06-22 17:59:28.290  2360 26075 I ActivityManager:    61     160K     160K     122K      84K 
06-22 17:59:28.376 26060 26063 D dalvikvm: GC_CONCURRENT freed 165K, 4% free 9436K/9735K, paused 2ms+3ms
06-22 17:59:29.388  2869  2869 D wpa_supplicant: wpa_driver_wext_driver_cmd RSSI len = 248
06-22 17:59:29.395  2869  2869 D wpa_supplicant: wpa_driver_wext_driver_cmd UB_Secure rssi -84  len = 19, 19
06-22 17:59:29.395  2869  2869 D wpa_supplicant: wpa_driver_wext_driver_cmd LINKSPEED len = 248
06-22 17:59:29.395  2869  2869 D wpa_supplicant: wpa_driver_wext_driver_cmd LinkSpeed 72 len = 12, 12
06-22 17:59:29.692  2360  2524 I ActivityManager: Process android.process.acore (pid 26060) has died.
06-22 17:59:30.880  2360  2634 D AlarmManagerService: Kernel timezone updated to 240 minutes west of GMT
06-22 17:59:32.399  2869  2869 D wpa_supplicant: wpa_driver_wext_driver_cmd RSSI len = 248
06-22 17:59:32.427  2869  2869 D wpa_supplicant: wpa_driver_wext_driver_cmd UB_Secure rssi -81  len = 19, 19
06-22 17:59:32.427  2869  2869 D wpa_supplicant: wpa_driver_wext_driver_cmd LINKSPEED len = 248
06-22 17:59:32.427  2869  2869 D wpa_supplicant: wpa_driver_wext_driver_cmd LinkSpeed 72 len = 12, 12
06-22 17:59:32.622  2539  2539 D SAN_SERVICE: *******************************************
06-22 17:59:32.622  2539  2539 D SAN_SERVICE: DM App Phone Service State - 0
06-22 17:59:32.622  2539  2539 D SAN_SERVICE: *******************************************
06-22 17:59:32.899  2360 24941 D AlarmManagerService: Kernel timezone updated to 240 minutes west of GMT
06-22 17:59:32.923  2539  2539 D SAN_SERVICE: *******************************************
06-22 17:59:32.923  2539  2539 D SAN_SERVICE: DM App Phone Service State - 0
06-22 17:59:32.923  2539  2539 D SAN_SERVICE: *******************************************
06-22 17:59:35.450  2869  2869 D wpa_supplicant: wpa_driver_wext_driver_cmd RSSI len = 248
06-22 17:59:35.458  2869  2869 D wpa_supplicant: wpa_driver_wext_driver_cmd UB_Secure rssi -81  len = 19, 19
06-22 17:59:35.458  2869  2869 D wpa_supplicant: wpa_driver_wext_driver_cmd LINKSPEED len = 248
06-22 17:59:35.458  2869  2869 D wpa_supplicant: wpa_driver_wext_driver_cmd LinkSpeed 72 len = 12, 12
06-22 17:59:37.974  9455  9455 D dalvikvm: GC_EXPLICIT freed <1K, 20% free 11843K/14663K, paused 3ms+4ms
06-22 17:59:38.462  2869  2869 D wpa_supplicant: wpa_driver_wext_driver_cmd RSSI len = 248
06-22 17:59:38.485  2869  2869 D wpa_supplicant: wpa_driver_wext_driver_cmd UB_Secure rssi -80  len = 19, 19
06-22 17:59:38.485  2869  2869 D wpa_supplicant: wpa_driver_wext_driver_cmd LINKSPEED len = 248
06-22 17:59:38.489  2869  2869 D wpa_supplicant: wpa_driver_wext_driver_cmd LinkSpeed 72 len = 12, 12
06-22 17:59:41.493  2869  2869 D wpa_supplicant: wpa_driver_wext_driver_cmd RSSI len = 248
06-22 17:59:41.501  2869  2869 D wpa_supplicant: wpa_driver_wext_driver_cmd UB_Secure rssi -81  len = 19, 19
06-22 17:59:41.501  2869  2869 D wpa_supplicant: wpa_driver_wext_driver_cmd LINKSPEED len = 248
06-22 17:59:41.505  2869  2869 D wpa_supplicant: wpa_driver_wext_driver_cmd LinkSpeed 72 len = 12, 12
06-22 17:59:42.911  2360  2571 D AlarmManagerService: Kernel timezone updated to 240 minutes west of GMT
06-22 17:59:44.509  2869  2869 D wpa_supplicant: wpa_driver_wext_driver_cmd RSSI len = 248
06-22 17:59:44.884  2869  2869 D wpa_supplicant: wpa_driver_wext_driver_cmd UB_Secure rssi -81  len = 19, 19
06-22 17:59:44.895  2869  2869 D wpa_supplicant: wpa_driver_wext_driver_cmd LINKSPEED len = 248
06-22 17:59:45.145  2869  2869 D wpa_supplicant: wpa_driver_wext_driver_cmd LinkSpeed 72 len = 12, 12
06-22 17:59:45.907  2869  2869 D wpa_supplicant: RTM_NEWLINK: operstate=1 ifi_flags=0x11043 ([UP][RUNNING][LOWER_UP])
06-22 17:59:45.907  2869  2869 D wpa_supplicant: RTM_NEWLINK, IFLA_IFNAME: Interface 'wlan0' added
06-22 17:59:45.907  2869  2869 D wpa_supplicant: Wireless event: cmd=0x8c00 len=20
06-22 17:59:46.911  2360  2524 D AlarmManagerService: Kernel timezone updated to 240 minutes west of GMT
06-22 17:59:47.755  2429  2431 D dalvikvm: GC_CONCURRENT freed 385K, 57% free 10022K/22791K, paused 12ms+22ms
06-22 17:59:48.235  2869  2869 D wpa_supplicant: wpa_driver_wext_driver_cmd RSSI len = 248
06-22 17:59:48.243  2869  2869 D wpa_supplicant: wpa_driver_wext_driver_cmd UB_Secure rssi -80  len = 19, 19
06-22 17:59:48.243  2869  2869 D wpa_supplicant: wpa_driver_wext_driver_cmd LINKSPEED len = 248
06-22 17:59:48.243  2869  2869 D wpa_supplicant: wpa_driver_wext_driver_cmd LinkSpeed 72 len = 12, 12
06-22 17:59:51.247  2869  2869 D wpa_supplicant: wpa_driver_wext_driver_cmd RSSI len = 248
06-22 17:59:51.255  2869  2869 D wpa_supplicant: wpa_driver_wext_driver_cmd UB_Secure rssi -80  len = 19, 19
06-22 17:59:51.255  2869  2869 D wpa_supplicant: wpa_driver_wext_driver_cmd LINKSPEED len = 248
06-22 17:59:51.255  2869  2869 D wpa_supplicant: wpa_driver_wext_driver_cmd LinkSpeed 72 len = 12, 12
06-22 17:59:51.954 22701 22701 D dalvikvm: GC_EXPLICIT freed 450K, 12% free 15392K/17351K, paused 2ms+3ms
06-22 17:59:54.259  2869  2869 D wpa_supplicant: wpa_driver_wext_driver_cmd RSSI len = 248
06-22 17:59:54.286  2869  2869 D wpa_supplicant: wpa_driver_wext_driver_cmd UB_Secure rssi -80  len = 19, 19
06-22 17:59:54.286  2869  2869 D wpa_supplicant: wpa_driver_wext_driver_cmd LINKSPEED len = 248
06-22 17:59:54.286  2869  2869 D wpa_supplicant: wpa_driver_wext_driver_cmd LinkSpeed 72 len = 12, 12
06-22 17:59:57.017  2569  2569 D dalvikvm: GC_EXPLICIT freed <1K, 44% free 11483K/20167K, paused 14ms+3ms
06-22 17:59:57.306  2869  2869 D wpa_supplicant: wpa_driver_wext_driver_cmd RSSI len = 248
06-22 17:59:57.313  2869  2869 D wpa_supplicant: wpa_driver_wext_driver_cmd UB_Secure rssi -84  len = 19, 19
06-22 17:59:57.313  2869  2869 D wpa_supplicant: wpa_driver_wext_driver_cmd LINKSPEED len = 248
06-22 17:59:57.313  2869  2869 D wpa_supplicant: wpa_driver_wext_driver_cmd LinkSpeed 72 len = 12, 12
06-22 17:59:57.919  2360  6994 D AlarmManagerService: Kernel timezone updated to 240 minutes west of GMT
06-22 17:59:59.231  2360  6791 I ActivityManager: Start proc android.process.acore for content provider com.android.providers.contacts/.ContactsProvider2: pid=26080 uid=10000 gids={3003, 1015}
06-22 17:59:59.267 26080 26080 I ActivityThread: Pub com.android.voicemail: com.android.providers.contacts.VoicemailContentProvider
06-22 17:59:59.274 26080 26080 I ActivityThread: Pub user_dictionary: com.android.providers.userdictionary.UserDictionaryProvider
06-22 17:59:59.286 26080 26080 I ActivityThread: Pub com.android.social: com.android.providers.contacts.SocialProvider
06-22 17:59:59.286 26080 26080 I ActivityThread: Pub applications: com.android.providers.applications.ApplicationsProvider
06-22 17:59:59.356 26080 26080 I ActivityThread: Pub contacts;com.android.contacts: com.android.providers.contacts.ContactsProvider2
06-22 17:59:59.388 26080 26082 D dalvikvm: GC_CONCURRENT freed 352K, 5% free 9184K/9607K, paused 1ms+3ms
06-22 17:59:59.419 26080 26080 I ActivityThread: Pub call_log: com.android.providers.contacts.CallLogProvider
06-22 17:59:59.540  2360 19548 D dalvikvm: GC_EXPLICIT freed 1309K, 25% free 16609K/22023K, paused 6ms+8ms
06-22 18:00:00.052 26080 26082 D dalvikvm: GC_CONCURRENT freed 248K, 4% free 9358K/9735K, paused 1ms+2ms
06-22 18:00:00.317  2869  2869 D wpa_supplicant: wpa_driver_wext_driver_cmd RSSI len = 248
06-22 18:00:00.341  2869  2869 D wpa_supplicant: wpa_driver_wext_driver_cmd UB_Secure rssi -84  len = 19, 19
06-22 18:00:00.341  2869  2869 D wpa_supplicant: wpa_driver_wext_driver_cmd LINKSPEED len = 248
06-22 18:00:00.345  2869  2869 D wpa_supplicant: wpa_driver_wext_driver_cmd LinkSpeed 72 len = 12, 12
06-22 18:00:01.075  2360  2616 I ActivityManager: Process android.process.acore (pid 26080) has died.
06-22 18:00:01.919  2360  6994 D AlarmManagerService: Kernel timezone updated to 240 minutes west of GMT
06-22 18:00:02.938  2360  2372 D AlarmManagerService: Kernel timezone updated to 240 minutes west of GMT
06-22 18:00:03.349  2869  2869 D wpa_supplicant: wpa_driver_wext_driver_cmd RSSI len = 248
06-22 18:00:03.360  2869  2869 D wpa_supplicant: wpa_driver_wext_driver_cmd UB_Secure rssi -83  len = 19, 19
06-22 18:00:03.360  2869  2869 D wpa_supplicant: wpa_driver_wext_driver_cmd LINKSPEED len = 248
06-22 18:00:03.364  2869  2869 D wpa_supplicant: wpa_driver_wext_driver_cmd LinkSpeed 72 len = 12, 12
06-22 18:00:03.946  2360  2360 D AlarmManagerService: Kernel timezone updated to 240 minutes west of GMT
06-22 18:00:06.368  2869  2869 D wpa_supplicant: wpa_driver_wext_driver_cmd RSSI len = 248
06-22 18:00:06.376  2869  2869 D wpa_supplicant: wpa_driver_wext_driver_cmd UB_Secure rssi -83  len = 19, 19
06-22 18:00:06.376  2869  2869 D wpa_supplicant: wpa_driver_wext_driver_cmd LINKSPEED len = 248
06-22 18:00:06.376  2869  2869 D wpa_supplicant: wpa_driver_wext_driver_cmd LinkSpeed 72 len = 12, 12
06-22 18:00:06.970  2360  2634 D AlarmManagerService: Kernel timezone updated to 240 minutes west of GMT
06-22 18:00:09.384  2869  2869 D wpa_supplicant: wpa_driver_wext_driver_cmd RSSI len = 248
06-22 18:00:09.392  2869  2869 D wpa_supplicant: wpa_driver_wext_driver_cmd UB_Secure rssi -82  len = 19, 19
06-22 18:00:09.392  2869  2869 D wpa_supplicant: wpa_driver_wext_driver_cmd LINKSPEED len = 248
06-22 18:00:09.392  2869  2869 D wpa_supplicant: wpa_driver_wext_driver_cmd LinkSpeed 72 len = 12, 12
06-22 18:00:12.079  2360  2376 D dalvikvm: GC_EXPLICIT freed 160K, 25% free 16574K/22023K, paused 4ms+7ms
06-22 18:00:12.395  2869  2869 D wpa_supplicant: wpa_driver_wext_driver_cmd RSSI len = 248
06-22 18:00:12.407  2869  2869 D wpa_supplicant: wpa_driver_wext_driver_cmd UB_Secure rssi -83  len = 19, 19
06-22 18:00:12.407  2869  2869 D wpa_supplicant: wpa_driver_wext_driver_cmd LINKSPEED len = 248
06-22 18:00:12.407  2869  2869 D wpa_supplicant: wpa_driver_wext_driver_cmd LinkSpeed 72 len = 12, 12
06-22 18:00:15.411  2869  2869 D wpa_supplicant: wpa_driver_wext_driver_cmd RSSI len = 248
06-22 18:00:15.419  2869  2869 D wpa_supplicant: wpa_driver_wext_driver_cmd UB_Secure rssi -83  len = 19, 19
06-22 18:00:15.419  2869  2869 D wpa_supplicant: wpa_driver_wext_driver_cmd LINKSPEED len = 248
06-22 18:00:15.427  2869  2869 D wpa_supplicant: wpa_driver_wext_driver_cmd LinkSpeed 72 len = 12, 12
06-22 18:00:17.024  2506  2506 D dalvikvm: GC_EXPLICIT freed <1K, 20% free 10695K/13319K, paused 4ms+7ms
06-22 18:00:17.157  2869  2869 D wpa_supplicant: wpa_driver_wext_driver_cmd SETSUSPENDOPT 0 len = 4096
06-22 18:00:17.157  2869  2869 D wpa_supplicant: wpa_driver_wext_driver_cmd SETSUSPENDOPT 0 len = 0, 15
06-22 18:00:17.161  2869  2869 D wpa_supplicant: wpa_driver_wext_driver_cmd POWERMODE 0 len = 4096
06-22 18:00:17.173  2869  2869 D wpa_supplicant: wpa_driver_wext_driver_cmd OK len = 0, 2
06-22 18:00:17.173  2869  2869 D wpa_supplicant: WPS: Building WPS IE for Probe Request
06-22 18:00:17.173  2869  2869 D wpa_supplicant: WPS:  * Version (hardcoded 0x10)
06-22 18:00:17.173  2869  2869 D wpa_supplicant: WPS:  * Request Type
06-22 18:00:17.173  2869  2869 D wpa_supplicant: WPS:  * Config Methods (2388)
06-22 18:00:17.173  2869  2869 D wpa_supplicant: WPS:  * UUID-E
06-22 18:00:17.173  2869  2869 D wpa_supplicant: WPS:  * Primary Device Type
06-22 18:00:17.173  2869  2869 D wpa_supplicant: WPS:  * RF Bands (3)
06-22 18:00:17.173  2869  2869 D wpa_supplicant: WPS:  * Association State
06-22 18:00:17.173  2869  2869 D wpa_supplicant: WPS:  * Configuration Error (0)
06-22 18:00:17.173  2869  2869 D wpa_supplicant: WPS:  * Device Password ID (0)
06-22 18:00:17.173  2869  2869 D wpa_supplicant: WPS:  * Manufacturer
06-22 18:00:17.173  2869  2869 D wpa_supplicant: WPS:  * Model Name
06-22 18:00:17.173  2869  2869 D wpa_supplicant: WPS:  * Model Number
06-22 18:00:17.173  2869  2869 D wpa_supplicant: WPS:  * Device Name
06-22 18:00:17.173  2869  2869 D wpa_supplicant: WPS:  * Version2 (0x20)
06-22 18:00:17.173  2869  2869 D wpa_supplicant: wpa_driver_wext_combo_scan: Start
06-22 18:00:17.173  2869  2869 D wpa_supplicant: For Scan: (null)
06-22 18:00:17.177  2869  2869 D wpa_supplicant: Scan requested (ret=0) - scan timeout 30 seconds
06-22 18:00:18.341  2869  2869 D wpa_supplicant: RTM_NEWLINK: operstate=1 ifi_flags=0x11043 ([UP][RUNNING][LOWER_UP])
06-22 18:00:18.341  2869  2869 D wpa_supplicant: RTM_NEWLINK, IFLA_IFNAME: Interface 'wlan0' added
06-22 18:00:18.341  2869  2869 D wpa_supplicant: Wireless event: cmd=0x8b19 len=8
06-22 18:00:18.341  2869  2869 D wpa_supplicant: Received 1224 bytes of scan results (7 BSSes)
06-22 18:00:18.427  2869  2869 D wpa_supplicant: wpa_driver_wext_driver_cmd RSSI len = 248
06-22 18:00:18.427  2869  2869 D wpa_supplicant: wpa_driver_wext_driver_cmd UB_Secure rssi -83  len = 19, 19
06-22 18:00:18.427  2869  2869 D wpa_supplicant: wpa_driver_wext_driver_cmd LINKSPEED len = 248
06-22 18:00:18.427  2869  2869 D wpa_supplicant: wpa_driver_wext_driver_cmd LinkSpeed 72 len = 12, 12
06-22 18:00:18.485 25179 25182 D dalvikvm: GC_CONCURRENT freed 503K, 6% free 10338K/10951K, paused 2ms+8ms
06-22 18:00:18.524  2869  2869 D wpa_supplicant: wpa_driver_wext_driver_cmd SETSUSPENDOPT 0 len = 4096
06-22 18:00:18.524  2869  2869 D wpa_supplicant: wpa_driver_wext_driver_cmd SETSUSPENDOPT 0 len = 0, 15
06-22 18:00:18.524  2869  2869 D wpa_supplicant: wpa_driver_wext_driver_cmd POWERMODE 0 len = 4096
06-22 18:00:18.524  2869  2869 D wpa_supplicant: wpa_driver_wext_driver_cmd OK len = 0, 2
06-22 18:00:18.817 25413 25415 D dalvikvm: GC_CONCURRENT freed 423K, 7% free 10150K/10887K, paused 21ms+2ms
06-22 18:00:18.868  2360  2536 D AlarmManagerService: Kernel timezone updated to 240 minutes west of GMT
06-22 18:00:19.060 25413 25415 D dalvikvm: GC_CONCURRENT freed 276K, 6% free 10285K/10887K, paused 21ms+3ms
06-22 18:00:21.431  2869  2869 D wpa_supplicant: wpa_driver_wext_driver_cmd RSSI len = 248
06-22 18:00:21.431  2869  2869 D wpa_supplicant: wpa_driver_wext_driver_cmd UB_Secure rssi -80  len = 19, 19
06-22 18:00:21.431  2869  2869 D wpa_supplicant: wpa_driver_wext_driver_cmd LINKSPEED len = 248
06-22 18:00:21.431  2869  2869 D wpa_supplicant: wpa_driver_wext_driver_cmd LinkSpeed 72 len = 12, 12
06-22 18:00:23.669  2360  2616 D AlarmManagerService: Kernel timezone updated to 240 minutes west of GMT
06-22 18:00:24.435  2869  2869 D wpa_supplicant: wpa_driver_wext_driver_cmd RSSI len = 248
06-22 18:00:24.442  2869  2869 D wpa_supplicant: wpa_driver_wext_driver_cmd UB_Secure rssi -80  len = 19, 19
06-22 18:00:24.442  2869  2869 D wpa_supplicant: wpa_driver_wext_driver_cmd LINKSPEED len = 248
06-22 18:00:24.442  2869  2869 D wpa_supplicant: wpa_driver_wext_driver_cmd LinkSpeed 72 len = 12, 12
06-22 18:00:27.446  2869  2869 D wpa_supplicant: wpa_driver_wext_driver_cmd RSSI len = 248
06-22 18:00:27.462  2869  2869 D wpa_supplicant: wpa_driver_wext_driver_cmd UB_Secure rssi -81  len = 19, 19
06-22 18:00:27.462  2869  2869 D wpa_supplicant: wpa_driver_wext_driver_cmd LINKSPEED len = 248
06-22 18:00:27.466  2869  2869 D wpa_supplicant: wpa_driver_wext_driver_cmd LinkSpeed 72 len = 12, 12
06-22 18:00:28.786  2539  2539 D dalvikvm: GC_EXPLICIT freed 207K, 7% free 9618K/10247K, paused 50ms+3ms
06-22 18:00:30.474  2869  2869 D wpa_supplicant: wpa_driver_wext_driver_cmd RSSI len = 248
06-22 18:00:30.481  2869  2869 D wpa_supplicant: wpa_driver_wext_driver_cmd UB_Secure rssi -79  len = 19, 19
06-22 18:00:30.481  2869  2869 D wpa_supplicant: wpa_driver_wext_driver_cmd LINKSPEED len = 248
06-22 18:00:30.481  2869  2869 D wpa_supplicant: wpa_driver_wext_driver_cmd LinkSpeed 72 len = 12, 12
06-22 18:00:33.489  2869  2869 D wpa_supplicant: wpa_driver_wext_driver_cmd RSSI len = 248
06-22 18:00:33.501  2869  2869 D wpa_supplicant: wpa_driver_wext_driver_cmd UB_Secure rssi -81  len = 19, 19
06-22 18:00:33.501  2869  2869 D wpa_supplicant: wpa_driver_wext_driver_cmd LINKSPEED len = 248
06-22 18:00:33.501  2869  2869 D wpa_supplicant: wpa_driver_wext_driver_cmd LinkSpeed 72 len = 12, 12
06-22 18:00:33.767  2643  2643 D dalvikvm: GC_EXPLICIT freed <1K, 4% free 9037K/9347K, paused 34ms+5ms
06-22 18:00:36.509  2869  2869 D wpa_supplicant: wpa_driver_wext_driver_cmd RSSI len = 248
06-22 18:00:36.520  2869  2869 D wpa_supplicant: wpa_driver_wext_driver_cmd UB_Secure rssi -84  len = 19, 19
06-22 18:00:36.520  2869  2869 D wpa_supplicant: wpa_driver_wext_driver_cmd LINKSPEED len = 248
06-22 18:00:36.520  2869  2869 D wpa_supplicant: wpa_driver_wext_driver_cmd LinkSpeed 72 len = 12, 12
06-22 18:00:37.192  2539  2539 D SAN_SERVICE: *******************************************
06-22 18:00:37.192  2539  2539 D SAN_SERVICE: DM App Phone Service State - 0
06-22 18:00:37.192  2539  2539 D SAN_SERVICE: *******************************************
06-22 18:00:39.528  2869  2869 D wpa_supplicant: wpa_driver_wext_driver_cmd RSSI len = 248
06-22 18:00:39.540  2869  2869 D wpa_supplicant: wpa_driver_wext_driver_cmd UB_Secure rssi -83  len = 19, 19
06-22 18:00:39.540  2869  2869 D wpa_supplicant: wpa_driver_wext_driver_cmd LINKSPEED len = 248
06-22 18:00:39.540  2869  2869 D wpa_supplicant: wpa_driver_wext_driver_cmd LinkSpeed 72 len = 12, 12
06-22 18:00:42.231  2429  2429 D dalvikvm: GC_EXPLICIT freed 60K, 57% free 10001K/22791K, paused 2ms+4ms
06-22 18:00:42.548  2869  2869 D wpa_supplicant: wpa_driver_wext_driver_cmd RSSI len = 248
06-22 18:00:42.556  2869  2869 D wpa_supplicant: wpa_driver_wext_driver_cmd UB_Secure rssi -83  len = 19, 19
06-22 18:00:42.556  2869  2869 D wpa_supplicant: wpa_driver_wext_driver_cmd LINKSPEED len = 248
06-22 18:00:42.560  2869  2869 D wpa_supplicant: wpa_driver_wext_driver_cmd LinkSpeed 72 len = 12, 12
06-22 18:00:45.563  2869  2869 D wpa_supplicant: wpa_driver_wext_driver_cmd RSSI len = 248
06-22 18:00:45.575  2869  2869 D wpa_supplicant: wpa_driver_wext_driver_cmd UB_Secure rssi -83  len = 19, 19
06-22 18:00:45.575  2869  2869 D wpa_supplicant: wpa_driver_wext_driver_cmd LINKSPEED len = 248
06-22 18:00:45.575  2869  2869 D wpa_supplicant: wpa_driver_wext_driver_cmd LinkSpeed 72 len = 12, 12
06-22 18:00:47.337 24964 24964 D dalvikvm: GC_EXPLICIT freed <1K, 6% free 9665K/10247K, paused 46ms+3ms
06-22 18:00:48.583  2869  2869 D wpa_supplicant: wpa_driver_wext_driver_cmd RSSI len = 248
06-22 18:00:48.583  2869  2869 D wpa_supplicant: wpa_driver_wext_driver_cmd UB_Secure rssi -83  len = 19, 19
06-22 18:00:48.583  2869  2869 D wpa_supplicant: wpa_driver_wext_driver_cmd LINKSPEED len = 248
06-22 18:00:48.583  2869  2869 D wpa_supplicant: wpa_driver_wext_driver_cmd LinkSpeed 72 len = 12, 12
06-22 18:00:51.587  2869  2869 D wpa_supplicant: wpa_driver_wext_driver_cmd RSSI len = 248
06-22 18:00:51.595  2869  2869 D wpa_supplicant: wpa_driver_wext_driver_cmd UB_Secure rssi -83  len = 19, 19
06-22 18:00:51.595  2869  2869 D wpa_supplicant: wpa_driver_wext_driver_cmd LINKSPEED len = 248
06-22 18:00:51.595  2869  2869 D wpa_supplicant: wpa_driver_wext_driver_cmd LinkSpeed 72 len = 12, 12
06-22 18:00:52.352 25128 25128 D dalvikvm: GC_EXPLICIT freed 67K, 6% free 10687K/11271K, paused 26ms+2ms
06-22 18:00:54.599  2869  2869 D wpa_supplicant: wpa_driver_wext_driver_cmd RSSI len = 248
06-22 18:00:54.606  2869  2869 D wpa_supplicant: wpa_driver_wext_driver_cmd UB_Secure rssi -82  len = 19, 19
06-22 18:00:54.606  2869  2869 D wpa_supplicant: wpa_driver_wext_driver_cmd LINKSPEED len = 248
06-22 18:00:54.606  2869  2869 D wpa_supplicant: wpa_driver_wext_driver_cmd LinkSpeed 72 len = 12, 12
06-22 18:00:57.267 24999 24999 D dalvikvm: GC_EXPLICIT freed 106K, 14% free 9094K/10567K, paused 2ms+3ms
06-22 18:00:57.610  2869  2869 D wpa_supplicant: wpa_driver_wext_driver_cmd RSSI len = 248
06-22 18:00:57.618  2869  2869 D wpa_supplicant: wpa_driver_wext_driver_cmd UB_Secure rssi -80  len = 19, 19
06-22 18:00:57.618  2869  2869 D wpa_supplicant: wpa_driver_wext_driver_cmd LINKSPEED len = 248
06-22 18:00:57.618  2869  2869 D wpa_supplicant: wpa_driver_wext_driver_cmd LinkSpeed 72 len = 12, 12
06-22 18:01:00.622  2869  2869 D wpa_supplicant: wpa_driver_wext_driver_cmd RSSI len = 248
06-22 18:01:00.638  2869  2869 D wpa_supplicant: wpa_driver_wext_driver_cmd UB_Secure rssi -81  len = 19, 19
06-22 18:01:00.638  2869  2869 D wpa_supplicant: wpa_driver_wext_driver_cmd LINKSPEED len = 248
06-22 18:01:00.638  2869  2869 D wpa_supplicant: wpa_driver_wext_driver_cmd LinkSpeed 72 len = 12, 12
06-22 18:01:01.591  2539  2539 D SAN_SERVICE: *******************************************
06-22 18:01:01.591  2539  2539 D SAN_SERVICE: DM App Phone Service State - 0
06-22 18:01:01.591  2539  2539 D SAN_SERVICE: *******************************************
06-22 18:01:03.645  2869  2869 D wpa_supplicant: wpa_driver_wext_driver_cmd RSSI len = 248
06-22 18:01:03.653  2869  2869 D wpa_supplicant: wpa_driver_wext_driver_cmd UB_Secure rssi -81  len = 19, 19
06-22 18:01:03.653  2869  2869 D wpa_supplicant: wpa_driver_wext_driver_cmd LINKSPEED len = 248
06-22 18:01:03.653  2869  2869 D wpa_supplicant: wpa_driver_wext_driver_cmd LinkSpeed 72 len = 12, 12
06-22 18:01:06.657  2869  2869 D wpa_supplicant: wpa_driver_wext_driver_cmd RSSI len = 248
06-22 18:01:06.657  2869  2869 D wpa_supplicant: wpa_driver_wext_driver_cmd UB_Secure rssi -81  len = 19, 19
06-22 18:01:06.657  2869  2869 D wpa_supplicant: wpa_driver_wext_driver_cmd LINKSPEED len = 248
06-22 18:01:06.657  2869  2869 D wpa_supplicant: wpa_driver_wext_driver_cmd LinkSpeed 72 len = 12, 12
