06-25 17:45:23.406 18999 18999 D wpa_supplicant: WPS:  * Config Methods (2388)
06-25 17:45:23.406 18999 18999 D wpa_supplicant: WPS:  * UUID-E
06-25 17:45:23.406 18999 18999 D wpa_supplicant: WPS:  * Primary Device Type
06-25 17:45:23.406 18999 18999 D wpa_supplicant: WPS:  * RF Bands (3)
06-25 17:45:23.406 18999 18999 D wpa_supplicant: WPS:  * Association State
06-25 17:45:23.406 18999 18999 D wpa_supplicant: WPS:  * Configuration Error (0)
06-25 17:45:23.406 18999 18999 D wpa_supplicant: WPS:  * Device Password ID (0)
06-25 17:45:23.406 18999 18999 D wpa_supplicant: WPS:  * Manufacturer
06-25 17:45:23.406 18999 18999 D wpa_supplicant: WPS:  * Model Name
06-25 17:45:23.406 18999 18999 D wpa_supplicant: WPS:  * Model Number
06-25 17:45:23.406 18999 18999 D wpa_supplicant: WPS:  * Device Name
06-25 17:45:23.406 18999 18999 D wpa_supplicant: WPS:  * Version2 (0x20)
06-25 17:45:23.406 18999 18999 D wpa_supplicant: wpa_driver_wext_combo_scan: Start
06-25 17:45:23.406 18999 18999 D wpa_supplicant: For Scan: (null)
06-25 17:45:23.410 18999 18999 D wpa_supplicant: Scan requested (ret=0) - scan timeout 30 seconds
06-25 17:45:24.562 18999 18999 D wpa_supplicant: RTM_NEWLINK: operstate=1 ifi_flags=0x11043 ([UP][RUNNING][LOWER_UP])
06-25 17:45:24.562 18999 18999 D wpa_supplicant: RTM_NEWLINK, IFLA_IFNAME: Interface 'wlan0' added
06-25 17:45:24.562 18999 18999 D wpa_supplicant: Wireless event: cmd=0x8b19 len=8
06-25 17:45:24.562 18999 18999 D wpa_supplicant: Received 929 bytes of scan results (5 BSSes)
06-25 17:45:24.722 29968 29970 D dalvikvm: GC_CONCURRENT freed 463K, 6% free 10219K/10823K, paused 2ms+2ms
06-25 17:45:24.757 18999 18999 D wpa_supplicant: wpa_driver_wext_driver_cmd SETSUSPENDOPT 0 len = 4096
06-25 17:45:24.757 18999 18999 D wpa_supplicant: wpa_driver_wext_driver_cmd SETSUSPENDOPT 0 len = 0, 15
06-25 17:45:24.757 18999 18999 D wpa_supplicant: wpa_driver_wext_driver_cmd POWERMODE 0 len = 4096
06-25 17:45:24.761 18999 18999 D wpa_supplicant: wpa_driver_wext_driver_cmd OK len = 0, 2
06-25 17:45:24.793  1011  1011 D dalvikvm: GC_EXPLICIT freed 442K, 9% free 10307K/11271K, paused 2ms+3ms
06-25 17:46:08.043 18999 18999 D wpa_supplicant: RTM_NEWLINK: operstate=1 ifi_flags=0x11043 ([UP][RUNNING][LOWER_UP])
06-25 17:46:08.043 18999 18999 D wpa_supplicant: RTM_NEWLINK, IFLA_IFNAME: Interface 'wlan0' added
06-25 17:46:08.043 18999 18999 D wpa_supplicant: Wireless event: cmd=0x8b15 len=20
06-25 17:46:08.043 18999 18999 D wpa_supplicant: Wireless event: new AP: 00:00:00:00:00:00
06-25 17:46:08.043 18999 18999 D wpa_supplicant: Added BSSID d0:c2:82:67:2e:70 into blacklist
06-25 17:46:08.043 18999 18999 D wpa_supplicant: BSSID d0:c2:82:67:2e:70 blacklist count incremented to 2
06-25 17:46:08.043 18999 18999 I wpa_supplicant: wlan0: CTRL-EVENT-DISCONNECTED bssid=d0:c2:82:67:2e:70 reason=0
06-25 17:46:08.043 18999 18999 D wpa_supplicant: wpa_driver_wext_set_key: alg=0 key_idx=0 set_tx=0 seq_len=0 key_len=0
06-25 17:46:08.043 17000 17017 D CommandListener: Clearing all IP addresses on wlan0
06-25 17:46:08.047 18999 18999 D wpa_supplicant: wpa_driver_wext_set_key: alg=0 key_idx=1 set_tx=0 seq_len=0 key_len=0
06-25 17:46:08.050 18999 18999 D wpa_supplicant: wpa_driver_wext_set_key: alg=0 key_idx=2 set_tx=0 seq_len=0 key_len=0
06-25 17:46:08.050 18999 18999 D wpa_supplicant: wpa_driver_wext_set_key: alg=0 key_idx=3 set_tx=0 seq_len=0 key_len=0
06-25 17:46:08.050 18999 18999 D wpa_supplicant: wpa_driver_wext_set_key: alg=0 key_idx=0 set_tx=0 seq_len=0 key_len=0
06-25 17:46:08.066   142   198 D ConnectivityService: ConnectivityChange for WIFI: DISCONNECTED/DISCONNECTED
06-25 17:46:08.070   142   198 D ConnectivityService: Attempting to switch to mobile
06-25 17:46:08.097 18999 18999 D wpa_supplicant: wpa_driver_wext_set_operstate: operstate 1->0 (DORMANT)
06-25 17:46:08.097 18999 18999 D wpa_supplicant: netlink: Operstate: linkmode=-1, operstate=5
06-25 17:46:08.101 18999 18999 D wpa_supplicant: EAPOL: External notification - portEnabled=0
06-25 17:46:08.101 18999 18999 D wpa_supplicant: EAPOL: SUPP_PAE entering state DISCONNECTED
06-25 17:46:08.101 18999 18999 D wpa_supplicant: EAPOL: Supplicant port status: Unauthorized
06-25 17:46:08.101 18999 18999 D wpa_supplicant: EAPOL: SUPP_BE entering state INITIALIZE
06-25 17:46:08.101 18999 18999 D wpa_supplicant: EAP: EAP entering state DISABLED
06-25 17:46:08.101 18999 18999 D wpa_supplicant: EAPOL: Supplicant port status: Unauthorized
06-25 17:46:08.101 18999 18999 D wpa_supplicant: EAPOL: External notification - portValid=0
06-25 17:46:08.101 18999 18999 D wpa_supplicant: EAPOL: Supplicant port status: Unauthorized
06-25 17:46:08.101 18999 18999 D wpa_supplicant: RTM_NEWLINK: operstate=0 ifi_flags=0x11003 ([UP][LOWER_UP])
06-25 17:46:08.101 18999 18999 D wpa_supplicant: RTM_NEWLINK, IFLA_IFNAME: Interface 'wlan0' added
06-25 17:46:08.140 18999 18999 D wpa_supplicant: WPS: Building WPS IE for Probe Request
06-25 17:46:08.140 18999 18999 D wpa_supplicant: WPS:  * Version (hardcoded 0x10)
06-25 17:46:08.140 18999 18999 D wpa_supplicant: WPS:  * Request Type
06-25 17:46:08.140 18999 18999 D wpa_supplicant: WPS:  * Config Methods (2388)
06-25 17:46:08.140 18999 18999 D wpa_supplicant: WPS:  * UUID-E
06-25 17:46:08.140 18999 18999 D wpa_supplicant: WPS:  * Primary Device Type
06-25 17:46:08.140 18999 18999 D wpa_supplicant: WPS:  * RF Bands (3)
06-25 17:46:08.140 18999 18999 D wpa_supplicant: WPS:  * Association State
06-25 17:46:08.140 18999 18999 D wpa_supplicant: WPS:  * Configuration Error (0)
06-25 17:46:08.140 18999 18999 D wpa_supplicant: WPS:  * Device Password ID (0)
06-25 17:46:08.140 18999 18999 D wpa_supplicant: WPS:  * Manufacturer
06-25 17:46:08.140 18999 18999 D wpa_supplicant: WPS:  * Model Name
06-25 17:46:08.140 18999 18999 D wpa_supplicant: WPS:  * Model Number
06-25 17:46:08.140 18999 18999 D wpa_supplicant: WPS:  * Device Name
06-25 17:46:08.140 18999 18999 D wpa_supplicant: WPS:  * Version2 (0x20)
06-25 17:46:08.140 18999 18999 D wpa_supplicant: wpa_driver_wext_combo_scan: Start
06-25 17:46:08.140 18999 18999 D wpa_supplicant: For Scan: (null)
06-25 17:46:08.144 18999 18999 D wpa_supplicant: Scan requested (ret=0) - scan timeout 30 seconds
06-25 17:46:08.164   142   198 D ConnectivityService: Attempting to switch to WIMAX
06-25 17:46:08.164   142   198 D ConnectivityService: Attempting to switch to BLUETOOTH_TETHER
06-25 17:46:08.168   142   198 E ConnectivityService: Exception trying to remove a route: java.lang.IllegalStateException: Unable to communicate with native dameon to add routes - com.android.server.NativeDaemonConnectorException: Cmd {interface route remove wlan0 default 67.20.215.254 32 0.0.0.0} failed with code 400 : {Failed to remove route from default table (No such process)}
06-25 17:46:08.168   142   198 E ConnectivityService: Exception trying to remove a route: java.lang.IllegalStateException: Unable to communicate with native dameon to add routes - com.android.server.NativeDaemonConnectorException: Cmd {interface route remove wlan0 default 0.0.0.0 0 67.20.215.254} failed with code 400 : {Failed to remove route from default table (No such process)}
06-25 17:46:08.168   142   198 D NetUtils: android_net_utils_resetConnections in env=0x5bb278 clazz=0xd4100001 iface=wlan0 mask=0x3
06-25 17:46:08.168   142   198 D ConnectivityService: resetConnections(wlan0, 3)
06-25 17:46:08.175   142   198 D ConnectivityService: ConnectivityChange for WIMAX: DISCONNECTED/SCANNING
06-25 17:46:08.183   142   198 D ConnectivityService: Attempting to switch to mobile
06-25 17:46:08.183   142   198 D ConnectivityService: Attempting to switch to WIFI
06-25 17:46:08.183   142   198 D ConnectivityService: Attempting to switch to BLUETOOTH_TETHER
06-25 17:46:08.218   280 28540 W Smack/Packet: notify conn break (IOEx), close connection
06-25 17:46:08.437   280 28540 I qtaguid : Failed write_ctrl(u 70) res=-1 errno=22
06-25 17:46:08.437   280 28540 I qtaguid : Untagging socket 70 failed errno=-22
06-25 17:46:08.441   280 28540 W NetworkManagementSocketTagger: untagSocket(70) failed with errno -22
06-25 17:46:08.492   142   198 D ConnectivityService: handleInetConditionChange: no active default network - ignore
06-25 17:46:08.547 29729 29753 W System.err: javax.net.ssl.SSLException: Read error: ssl=0x5b9298: I/O error during system call, Connection timed out
06-25 17:46:08.547 29729 29752 W System.err: javax.net.ssl.SSLException: Write error: ssl=0x5b9298: I/O error during system call, Broken pipe
06-25 17:46:08.570 29729 29753 W System.err: 	at org.apache.harmony.xnet.provider.jsse.NativeCrypto.SSL_read(Native Method)
06-25 17:46:08.570 29729 29753 W System.err: 	at org.apache.harmony.xnet.provider.jsse.OpenSSLSocketImpl$SSLInputStream.read(OpenSSLSocketImpl.java:671)
06-25 17:46:08.570 29729 29753 W System.err: 	at java.io.InputStreamReader.read(InputStreamReader.java:244)
06-25 17:46:08.570 29729 29753 W System.err: 	at java.io.BufferedReader.read(BufferedReader.java:310)
06-25 17:46:08.570 29729 29753 W System.err: 	at org.jivesoftware.smack.XMPPConnection$AliveReader.read(XMPPConnection.java:1067)
06-25 17:46:08.570 29729 29753 W System.err: 	at org.kxml2.io.KXmlParser.fillBuffer(KXmlParser.java:1496)
06-25 17:46:08.570 29729 29753 W System.err: 	at org.kxml2.io.KXmlParser.peekType(KXmlParser.java:979)
06-25 17:46:08.570 29729 29753 W System.err: 	at org.kxml2.io.KXmlParser.next(KXmlParser.java:346)
06-25 17:46:08.570 29729 29753 W System.err: 	at org.kxml2.io.KXmlParser.next(KXmlParser.java:310)
06-25 17:46:08.574 29729 29753 W System.err: 	at org.jivesoftware.smack.PacketReader.parsePackets(PacketReader.java:321)
06-25 17:46:08.574 29729 29753 W System.err: 	at org.jivesoftware.smack.PacketReader.access$1(PacketReader.java:216)
06-25 17:46:08.574 29729 29753 W System.err: 	at org.jivesoftware.smack.PacketReader$1.run(PacketReader.java:70)
06-25 17:46:08.574 29729 29752 W System.err: 	at org.apache.harmony.xnet.provider.jsse.NativeCrypto.SSL_write(Native Method)
06-25 17:46:08.574 29729 29752 W System.err: 	at org.apache.harmony.xnet.provider.jsse.OpenSSLSocketImpl$SSLOutputStream.write(OpenSSLSocketImpl.java:713)
06-25 17:46:08.574 29729 29752 W System.err: 	at java.io.OutputStreamWriter.flushBytes(OutputStreamWriter.java:167)
06-25 17:46:08.574 29729 29752 W System.err: 	at java.io.OutputStreamWriter.flush(OutputStreamWriter.java:158)
06-25 17:46:08.574 29729 29752 W System.err: 	at java.io.BufferedWriter.flush(BufferedWriter.java:124)
06-25 17:46:08.586 29729 29752 W System.err: 	at org.jivesoftware.smack.PacketWriter.writePackets(PacketWriter.java:285)
06-25 17:46:08.590 29729 29752 W System.err: 	at org.jivesoftware.smack.PacketWriter.access$12(PacketWriter.java:270)
06-25 17:46:08.590 29729 29752 W System.err: 	at org.jivesoftware.smack.PacketWriter$1.run(PacketWriter.java:137)
06-25 17:46:08.629 18999 18999 D wpa_supplicant: RTM_NEWLINK: operstate=0 ifi_flags=0x11003 ([UP][LOWER_UP])
06-25 17:46:08.629 18999 18999 D wpa_supplicant: RTM_NEWLINK, IFLA_IFNAME: Interface 'wlan0' added
06-25 17:46:08.629 18999 18999 D wpa_supplicant: Wireless event: cmd=0x8b19 len=8
06-25 17:46:08.629 18999 18999 D wpa_supplicant: Received 2245 bytes of scan results (12 BSSes)
06-25 17:46:08.629 18999 18999 D wpa_supplicant: wlan0: Request association: reassociate: 0  selected: d0:c2:82:66:5b:70  bssid: 00:00:00:00:00:00  pending: 00:00:00:00:00:00  wpa_state: SCANNING
06-25 17:46:08.629 18999 18999 I wpa_supplicant: wlan0: Trying to associate with d0:c2:82:66:5b:70 (SSID='UB_Secure' freq=2437 MHz)
06-25 17:46:08.629 18999 18999 D wpa_supplicant: RSN: Trying to use cached PMKSA
06-25 17:46:08.629 18999 18999 D wpa_supplicant: wpa_driver_wext_set_operstate: operstate 0->0 (DORMANT)
06-25 17:46:08.629 18999 18999 D wpa_supplicant: netlink: Operstate: linkmode=-1, operstate=5
06-25 17:46:08.629 18999 18999 D wpa_supplicant: wpa_driver_wext_associate
06-25 17:46:08.629 18999 18999 D wpa_supplicant: wpa_driver_wext_set_drop_unencrypted
06-25 17:46:08.636 18999 18999 D wpa_supplicant: wpa_driver_wext_set_psk
06-25 17:46:08.754 18999 18999 D wpa_supplicant: EAPOL: External notification - EAP success=0
06-25 17:46:08.761 18999 18999 D wpa_supplicant: EAPOL: Supplicant port status: Unauthorized
06-25 17:46:08.761 18999 18999 D wpa_supplicant: EAPOL: External notification - EAP fail=0
06-25 17:46:08.761 18999 18999 D wpa_supplicant: EAPOL: Supplicant port status: Unauthorized
06-25 17:46:08.761 18999 18999 D wpa_supplicant: EAPOL: External notification - portControl=Auto
06-25 17:46:08.761 18999 18999 D wpa_supplicant: EAPOL: Supplicant port status: Unauthorized
06-25 17:46:08.761 18999 18999 D wpa_supplicant: RTM_NEWLINK: operstate=0 ifi_flags=0x11003 ([UP][LOWER_UP])
06-25 17:46:08.761 18999 18999 D wpa_supplicant: RTM_NEWLINK, IFLA_IFNAME: Interface 'wlan0' added
06-25 17:46:08.761 18999 18999 D wpa_supplicant: Wireless event: cmd=0x8b06 len=8
06-25 17:46:08.761 18999 18999 D wpa_supplicant: RTM_NEWLINK: operstate=0 ifi_flags=0x11003 ([UP][LOWER_UP])
06-25 17:46:08.761 18999 18999 D wpa_supplicant: RTM_NEWLINK, IFLA_IFNAME: Interface 'wlan0' added
06-25 17:46:08.761 18999 18999 D wpa_supplicant: Wireless event: cmd=0x8b04 len=12
06-25 17:46:08.761 18999 18999 D wpa_supplicant: RTM_NEWLINK: operstate=0 ifi_flags=0x11003 ([UP][LOWER_UP])
06-25 17:46:08.761 18999 18999 D wpa_supplicant: RTM_NEWLINK, IFLA_IFNAME: Interface 'wlan0' added
06-25 17:46:08.761 18999 18999 D wpa_supplicant: Wireless event: cmd=0x8b1a len=17
06-25 17:46:08.797 18999 18999 D wpa_supplicant: RTM_NEWLINK: operstate=0 ifi_flags=0x11003 ([UP][LOWER_UP])
06-25 17:46:08.797 18999 18999 D wpa_supplicant: RTM_NEWLINK, IFLA_IFNAME: Interface 'wlan0' added
06-25 17:46:08.797 18999 18999 D wpa_supplicant: Wireless event: cmd=0x8b15 len=20
06-25 17:46:08.797 18999 18999 D wpa_supplicant: Wireless event: new AP: d0:c2:82:66:5b:70
06-25 17:46:08.797 18999 18999 D wpa_supplicant: wpa_driver_wext_set_operstate: operstate 0->0 (DORMANT)
06-25 17:46:08.797 18999 18999 D wpa_supplicant: netlink: Operstate: linkmode=-1, operstate=5
06-25 17:46:08.812 18999 18999 I wpa_supplicant: wlan0: Associated with d0:c2:82:66:5b:70
06-25 17:46:08.812 18999 18999 D wpa_supplicant: EAPOL: External notification - portEnabled=0
06-25 17:46:08.812 18999 18999 D wpa_supplicant: EAPOL: Supplicant port status: Unauthorized
06-25 17:46:08.812 18999 18999 D wpa_supplicant: EAPOL: External notification - portValid=0
06-25 17:46:08.812 18999 18999 D wpa_supplicant: EAPOL: Supplicant port status: Unauthorized
06-25 17:46:08.812 18999 18999 D wpa_supplicant: EAPOL: External notification - portEnabled=1
06-25 17:46:08.812 18999 18999 D wpa_supplicant: EAPOL: SUPP_PAE entering state CONNECTING
06-25 17:46:08.812 18999 18999 D wpa_supplicant: EAPOL: enable timer tick
06-25 17:46:08.812 18999 18999 D wpa_supplicant: EAPOL: SUPP_BE entering state IDLE
06-25 17:46:08.812 18999 18999 D wpa_supplicant: EAP: EAP entering state INITIALIZE
06-25 17:46:08.812 18999 18999 D wpa_supplicant: EAP: deinitialize previously used EAP method (25, PEAP) at INITIALIZE
06-25 17:46:08.816 18999 18999 D wpa_supplicant: EAP: EAP entering state IDLE
06-25 17:46:08.816 18999 18999 D wpa_supplicant: RTM_NEWLINK: operstate=0 ifi_flags=0x11003 ([UP][LOWER_UP])
06-25 17:46:08.816 18999 18999 D wpa_supplicant: RTM_NEWLINK, IFLA_IFNAME: Interface 'wlan0' added
06-25 17:46:08.816 18999 18999 D wpa_supplicant: Wireless event: cmd=0x8c03 len=20
06-25 17:46:08.816 18999 18999 D wpa_supplicant: RTM_NEWLINK: operstate=0 ifi_flags=0x11003 ([UP][LOWER_UP])
06-25 17:46:08.816 18999 18999 D wpa_supplicant: RTM_NEWLINK, IFLA_IFNAME: Interface 'wlan0' added
06-25 17:46:08.816 18999 18999 D wpa_supplicant: Wireless event: cmd=0x8c02 len=26
06-25 17:46:08.816 18999 18999 D wpa_supplicant: RSN: Authenticator did not accept PMKID, doing full EAP authentication
06-25 17:46:08.816 18999 18999 D wpa_supplicant: EAPOL: Supplicant port status: Unauthorized
06-25 17:46:08.816 18999 18999 D wpa_supplicant: EAPOL: Received EAP-Packet frame
06-25 17:46:08.816 18999 18999 D wpa_supplicant: EAPOL: SUPP_PAE entering state RESTART
06-25 17:46:08.816 18999 18999 D wpa_supplicant: EAP: EAP entering state INITIALIZE
06-25 17:46:08.816 18999 18999 D wpa_supplicant: EAP: EAP entering state IDLE
06-25 17:46:08.816 18999 18999 D wpa_supplicant: EAPOL: SUPP_PAE entering state AUTHENTICATING
06-25 17:46:08.816 18999 18999 D wpa_supplicant: EAPOL: SUPP_BE entering state REQUEST
06-25 17:46:08.816 18999 18999 D wpa_supplicant: EAPOL: getSuppRsp
06-25 17:46:08.816 18999 18999 D wpa_supplicant: EAP: EAP entering state RECEIVED
06-25 17:46:08.816 18999 18999 D wpa_supplicant: EAP: Received EAP-Request id=1 method=1 vendor=0 vendorMethod=0
06-25 17:46:08.816 18999 18999 D wpa_supplicant: EAP: EAP entering state IDENTITY
06-25 17:46:08.816 18999 18999 I wpa_supplicant: wlan0: CTRL-EVENT-EAP-STARTED EAP authentication started
06-25 17:46:08.816 18999 18999 D wpa_supplicant: EAP: EAP entering state SEND_RESPONSE
06-25 17:46:08.816 18999 18999 D wpa_supplicant: EAP: EAP entering state IDLE
06-25 17:46:08.816 18999 18999 D wpa_supplicant: EAPOL: SUPP_BE entering state RESPONSE
06-25 17:46:08.816 18999 18999 D wpa_supplicant: EAPOL: txSuppRsp
06-25 17:46:08.816 18999 18999 D wpa_supplicant: TX EAPOL: dst=d0:c2:82:66:5b:70
06-25 17:46:08.816 18999 18999 D wpa_supplicant: EAPOL: SUPP_BE entering state RECEIVE
06-25 17:46:08.824 18999 18999 D wpa_supplicant: EAPOL: Received EAP-Packet frame
06-25 17:46:08.824 18999 18999 D wpa_supplicant: EAPOL: SUPP_BE entering state REQUEST
06-25 17:46:08.824 18999 18999 D wpa_supplicant: EAPOL: getSuppRsp
06-25 17:46:08.824 18999 18999 D wpa_supplicant: EAP: EAP entering state RECEIVED
06-25 17:46:08.824 18999 18999 D wpa_supplicant: EAP: Received EAP-Request id=2 method=4 vendor=0 vendorMethod=0
06-25 17:46:08.824 18999 18999 D wpa_supplicant: EAP: EAP entering state GET_METHOD
06-25 17:46:08.824 18999 18999 D wpa_supplicant: EAP: configuration does not allow: vendor 0 method 4
06-25 17:46:08.824 18999 18999 D wpa_supplicant: EAP: vendor 0 method 4 not allowed
06-25 17:46:08.824 18999 18999 I wpa_supplicant: wlan0: CTRL-EVENT-EAP-PROPOSED-METHOD vendor=0 method=4 -> NAK
06-25 17:46:08.824 18999 18999 D wpa_supplicant: EAP: Building EAP-Nak (requested type 4 vendor=0 method=0 not allowed)
06-25 17:46:08.824 18999 18999 D wpa_supplicant: EAP: EAP entering state SEND_RESPONSE
06-25 17:46:08.824 18999 18999 D wpa_supplicant: EAP: EAP entering state IDLE
06-25 17:46:08.824 18999 18999 D wpa_supplicant: EAPOL: SUPP_BE entering state RESPONSE
06-25 17:46:08.824 18999 18999 D wpa_supplicant: EAPOL: txSuppRsp
06-25 17:46:08.824 18999 18999 D wpa_supplicant: TX EAPOL: dst=d0:c2:82:66:5b:70
06-25 17:46:08.824 18999 18999 D wpa_supplicant: EAPOL: SUPP_BE entering state RECEIVE
06-25 17:46:08.828 18999 18999 D wpa_supplicant: EAPOL: Received EAP-Packet frame
06-25 17:46:08.828 18999 18999 D wpa_supplicant: EAPOL: SUPP_BE entering state REQUEST
06-25 17:46:08.828 18999 18999 D wpa_supplicant: EAPOL: getSuppRsp
06-25 17:46:08.828 18999 18999 D wpa_supplicant: EAP: EAP entering state RECEIVED
06-25 17:46:08.828 18999 18999 D wpa_supplicant: EAP: Received EAP-Request id=3 method=25 vendor=0 vendorMethod=0
06-25 17:46:08.828 18999 18999 D wpa_supplicant: EAP: EAP entering state GET_METHOD
06-25 17:46:08.828 18999 18999 I wpa_supplicant: wlan0: CTRL-EVENT-EAP-PROPOSED-METHOD vendor=0 method=25
06-25 17:46:08.828 18999 18999 D wpa_supplicant: EAP: Initialize selected EAP method: vendor 0 method 25 (PEAP)
06-25 17:46:08.828 18999 18999 D wpa_supplicant: TLS: using phase1 config options
06-25 17:46:08.828 18999 18999 I wpa_supplicant: wlan0: CTRL-EVENT-EAP-METHOD EAP vendor 0 method 25 (PEAP) selected
06-25 17:46:08.828 18999 18999 D wpa_supplicant: EAP: EAP entering state METHOD
06-25 17:46:08.828 18999 18999 D wpa_supplicant: SSL: Received packet(len=6) - Flags 0x20
06-25 17:46:08.828 18999 18999 D wpa_supplicant: EAP-PEAP: Start (server ver=0, own ver=1)
06-25 17:46:08.828 18999 18999 D wpa_supplicant: EAP-PEAP: Using PEAP version 0
06-25 17:46:08.828 18999 18999 D wpa_supplicant: SSL: (where=0x10 ret=0x1)
06-25 17:46:08.828 18999 18999 D wpa_supplicant: SSL: (where=0x1001 ret=0x1)
06-25 17:46:08.828 18999 18999 D wpa_supplicant: SSL: SSL_connect:before/connect initialization
06-25 17:46:08.828 18999 18999 D wpa_supplicant: SSL: (where=0x1001 ret=0x1)
06-25 17:46:08.828 18999 18999 D wpa_supplicant: SSL: SSL_connect:SSLv3 write client hello A
06-25 17:46:08.828 18999 18999 D wpa_supplicant: SSL: (where=0x1002 ret=0xffffffff)
06-25 17:46:08.828 18999 18999 D wpa_supplicant: SSL: SSL_connect:error in SSLv3 read server hello A
06-25 17:46:08.828 18999 18999 D wpa_supplicant: SSL: SSL_connect - want more data
06-25 17:46:08.828 18999 18999 D wpa_supplicant: SSL: 190 bytes pending from ssl_out
06-25 17:46:08.828 18999 18999 D wpa_supplicant: SSL: 190 bytes left to be sent out (of total 190 bytes)
06-25 17:46:08.828 18999 18999 D wpa_supplicant: EAP: method process -> ignore=FALSE methodState=MAY_CONT decision=FAIL
06-25 17:46:08.828 18999 18999 D wpa_supplicant: EAP: EAP entering state SEND_RESPONSE
06-25 17:46:08.828 18999 18999 D wpa_supplicant: EAP: EAP entering state IDLE
06-25 17:46:08.828 18999 18999 D wpa_supplicant: EAPOL: SUPP_BE entering state RESPONSE
06-25 17:46:08.828 18999 18999 D wpa_supplicant: EAPOL: txSuppRsp
06-25 17:46:08.828 18999 18999 D wpa_supplicant: TX EAPOL: dst=d0:c2:82:66:5b:70
06-25 17:46:08.832 18999 18999 D wpa_supplicant: EAPOL: SUPP_BE entering state RECEIVE
06-25 17:46:08.863 18999 18999 D wpa_supplicant: EAPOL: Received EAP-Packet frame
06-25 17:46:08.863 18999 18999 D wpa_supplicant: EAPOL: SUPP_BE entering state REQUEST
06-25 17:46:08.863 18999 18999 D wpa_supplicant: EAPOL: getSuppRsp
06-25 17:46:08.863 18999 18999 D wpa_supplicant: EAP: EAP entering state RECEIVED
06-25 17:46:08.863 18999 18999 D wpa_supplicant: EAP: Received EAP-Request id=4 method=25 vendor=0 vendorMethod=0
06-25 17:46:08.863 18999 18999 D wpa_supplicant: EAP: EAP entering state METHOD
06-25 17:46:08.863 18999 18999 D wpa_supplicant: SSL: Received packet(len=1024) - Flags 0xc0
06-25 17:46:08.863 18999 18999 D wpa_supplicant: SSL: TLS Message Length: 4310
06-25 17:46:08.863 18999 18999 D wpa_supplicant: SSL: Need 3296 bytes more input data
06-25 17:46:08.863 18999 18999 D wpa_supplicant: SSL: Building ACK (type=25 id=4 ver=0)
06-25 17:46:08.863 18999 18999 D wpa_supplicant: EAP: method process -> ignore=FALSE methodState=MAY_CONT decision=FAIL
06-25 17:46:08.863 18999 18999 D wpa_supplicant: EAP: EAP entering state SEND_RESPONSE
06-25 17:46:08.863 18999 18999 D wpa_supplicant: EAP: EAP entering state IDLE
06-25 17:46:08.863 18999 18999 D wpa_supplicant: EAPOL: SUPP_BE entering state RESPONSE
06-25 17:46:08.863 18999 18999 D wpa_supplicant: EAPOL: txSuppRsp
06-25 17:46:08.863 18999 18999 D wpa_supplicant: TX EAPOL: dst=d0:c2:82:66:5b:70
06-25 17:46:08.863 18999 18999 D wpa_supplicant: EAPOL: SUPP_BE entering state RECEIVE
06-25 17:46:08.867 18999 18999 D wpa_supplicant: EAPOL: Received EAP-Packet frame
06-25 17:46:08.867 18999 18999 D wpa_supplicant: EAPOL: SUPP_BE entering state REQUEST
06-25 17:46:08.867 18999 18999 D wpa_supplicant: EAPOL: getSuppRsp
06-25 17:46:08.867 18999 18999 D wpa_supplicant: EAP: EAP entering state RECEIVED
06-25 17:46:08.867 18999 18999 D wpa_supplicant: EAP: Received EAP-Request id=5 method=25 vendor=0 vendorMethod=0
06-25 17:46:08.867 18999 18999 D wpa_supplicant: EAP: EAP entering state METHOD
06-25 17:46:08.867 18999 18999 D wpa_supplicant: SSL: Received packet(len=1020) - Flags 0x40
06-25 17:46:08.867 18999 18999 D wpa_supplicant: SSL: Need 2282 bytes more input data
06-25 17:46:08.867 18999 18999 D wpa_supplicant: SSL: Building ACK (type=25 id=5 ver=0)
06-25 17:46:08.867 18999 18999 D wpa_supplicant: EAP: method process -> ignore=FALSE methodState=MAY_CONT decision=FAIL
06-25 17:46:08.867 18999 18999 D wpa_supplicant: EAP: EAP entering state SEND_RESPONSE
06-25 17:46:08.867 18999 18999 D wpa_supplicant: EAP: EAP entering state IDLE
06-25 17:46:08.867 18999 18999 D wpa_supplicant: EAPOL: SUPP_BE entering state RESPONSE
06-25 17:46:08.867 18999 18999 D wpa_supplicant: EAPOL: txSuppRsp
06-25 17:46:08.867 18999 18999 D wpa_supplicant: TX EAPOL: dst=d0:c2:82:66:5b:70
06-25 17:46:08.867 18999 18999 D wpa_supplicant: EAPOL: SUPP_BE entering state RECEIVE
06-25 17:46:08.871 18999 18999 D wpa_supplicant: EAPOL: Received EAP-Packet frame
06-25 17:46:08.871 18999 18999 D wpa_supplicant: EAPOL: SUPP_BE entering state REQUEST
06-25 17:46:08.871 18999 18999 D wpa_supplicant: EAPOL: getSuppRsp
06-25 17:46:08.871 18999 18999 D wpa_supplicant: EAP: EAP entering state RECEIVED
06-25 17:46:08.871 18999 18999 D wpa_supplicant: EAP: Received EAP-Request id=6 method=25 vendor=0 vendorMethod=0
06-25 17:46:08.871 18999 18999 D wpa_supplicant: EAP: EAP entering state METHOD
06-25 17:46:08.871 18999 18999 D wpa_supplicant: SSL: Received packet(len=1020) - Flags 0x40
06-25 17:46:08.871 18999 18999 D wpa_supplicant: SSL: Need 1268 bytes more input data
06-25 17:46:08.871 18999 18999 D wpa_supplicant: SSL: Building ACK (type=25 id=6 ver=0)
06-25 17:46:08.871 18999 18999 D wpa_supplicant: EAP: method process -> ignore=FALSE methodState=MAY_CONT decision=FAIL
06-25 17:46:08.871 18999 18999 D wpa_supplicant: EAP: EAP entering state SEND_RESPONSE
06-25 17:46:08.871 18999 18999 D wpa_supplicant: EAP: EAP entering state IDLE
06-25 17:46:08.871 18999 18999 D wpa_supplicant: EAPOL: SUPP_BE entering state RESPONSE
06-25 17:46:08.871 18999 18999 D wpa_supplicant: EAPOL: txSuppRsp
06-25 17:46:08.871 18999 18999 D wpa_supplicant: TX EAPOL: dst=d0:c2:82:66:5b:70
06-25 17:46:08.871 18999 18999 D wpa_supplicant: EAPOL: SUPP_BE entering state RECEIVE
06-25 17:46:08.875 18999 18999 D wpa_supplicant: EAPOL: Received EAP-Packet frame
06-25 17:46:08.875 18999 18999 D wpa_supplicant: EAPOL: SUPP_BE entering state REQUEST
06-25 17:46:08.875 18999 18999 D wpa_supplicant: EAPOL: getSuppRsp
06-25 17:46:08.875 18999 18999 D wpa_supplicant: EAP: EAP entering state RECEIVED
06-25 17:46:08.875 18999 18999 D wpa_supplicant: EAP: Received EAP-Request id=7 method=25 vendor=0 vendorMethod=0
06-25 17:46:08.875 18999 18999 D wpa_supplicant: EAP: EAP entering state METHOD
06-25 17:46:08.875 18999 18999 D wpa_supplicant: SSL: Received packet(len=1020) - Flags 0x40
06-25 17:46:08.875 18999 18999 D wpa_supplicant: SSL: Need 254 bytes more input data
06-25 17:46:08.875 18999 18999 D wpa_supplicant: SSL: Building ACK (type=25 id=7 ver=0)
06-25 17:46:08.875 18999 18999 D wpa_supplicant: EAP: method process -> ignore=FALSE methodState=MAY_CONT decision=FAIL
06-25 17:46:08.875 18999 18999 D wpa_supplicant: EAP: EAP entering state SEND_RESPONSE
06-25 17:46:08.875 18999 18999 D wpa_supplicant: EAP: EAP entering state IDLE
06-25 17:46:08.875 18999 18999 D wpa_supplicant: EAPOL: SUPP_BE entering state RESPONSE
06-25 17:46:08.875 18999 18999 D wpa_supplicant: EAPOL: txSuppRsp
06-25 17:46:08.875 18999 18999 D wpa_supplicant: TX EAPOL: dst=d0:c2:82:66:5b:70
06-25 17:46:08.875 18999 18999 D wpa_supplicant: EAPOL: SUPP_BE entering state RECEIVE
06-25 17:46:08.879 18999 18999 D wpa_supplicant: EAPOL: Received EAP-Packet frame
06-25 17:46:08.879 18999 18999 D wpa_supplicant: EAPOL: SUPP_BE entering state REQUEST
06-25 17:46:08.879 18999 18999 D wpa_supplicant: EAPOL: getSuppRsp
06-25 17:46:08.879 18999 18999 D wpa_supplicant: EAP: EAP entering state RECEIVED
06-25 17:46:08.879 18999 18999 D wpa_supplicant: EAP: Received EAP-Request id=8 method=25 vendor=0 vendorMethod=0
06-25 17:46:08.879 18999 18999 D wpa_supplicant: EAP: EAP entering state METHOD
06-25 17:46:08.879 18999 18999 D wpa_supplicant: SSL: Received packet(len=260) - Flags 0x00
06-25 17:46:08.879 18999 18999 D wpa_supplicant: SSL: (where=0x1001 ret=0x1)
06-25 17:46:08.879 18999 18999 D wpa_supplicant: SSL: SSL_connect:SSLv3 read server hello A
06-25 17:46:08.890 18999 18999 D wpa_supplicant: TLS: tls_verify_cb - preverify_ok=1 err=19 (self signed certificate in certificate chain) ca_cert_verify=0 depth=2 buf='/C=US/O=Entrust.net/OU=www.entrust.net/CPS incorp. by ref. (limits liab.)/OU=(c) 1999 Entrust.net Limited/CN=Entrust.net Secure Server Certification Authority'
06-25 17:46:08.890 18999 18999 I wpa_supplicant: wlan0: CTRL-EVENT-EAP-PEER-CERT depth=2 subject='/C=US/O=Entrust.net/OU=www.entrust.net/CPS incorp. by ref. (limits liab.)/OU=(c) 1999 Entrust.net Limited/CN=Entrust.net Secure Server Certification Authority'
06-25 17:46:08.890 18999 18999 D wpa_supplicant: TLS: tls_verify_cb - preverify_ok=1 err=19 (self signed certificate in certificate chain) ca_cert_verify=0 depth=2 buf='/C=US/O=Entrust.net/OU=www.entrust.net/CPS incorp. by ref. (limits liab.)/OU=(c) 1999 Entrust.net Limited/CN=Entrust.net Secure Server Certification Authority'
06-25 17:46:08.890 18999 18999 I wpa_supplicant: wlan0: CTRL-EVENT-EAP-PEER-CERT depth=2 subject='/C=US/O=Entrust.net/OU=www.entrust.net/CPS incorp. by ref. (limits liab.)/OU=(c) 1999 Entrust.net Limited/CN=Entrust.net Secure Server Certification Authority'
06-25 17:46:08.894 18999 18999 D wpa_supplicant: TLS: tls_verify_cb - preverify_ok=1 err=19 (self signed certificate in certificate chain) ca_cert_verify=0 depth=1 buf='/C=US/ST=UT/L=Salt Lake City/O=The USERTRUST Network/CN=USERTrust Legacy Secure Server CA'
06-25 17:46:08.894 18999 18999 I wpa_supplicant: wlan0: CTRL-EVENT-EAP-PEER-CERT depth=1 subject='/C=US/ST=UT/L=Salt Lake City/O=The USERTRUST Network/CN=USERTrust Legacy Secure Server CA'
06-25 17:46:08.898 18999 18999 D wpa_supplicant: TLS: tls_verify_cb - preverify_ok=1 err=19 (self signed certificate in certificate chain) ca_cert_verify=0 depth=0 buf='/C=US/postalCode=14260/ST=New York/L=Buffalo/street=305 Computing Center/O=SUNY AT BUFFALO/OU=Issued through UNIVERSITY AT BUFFALO E-PKI Manager/OU=Comodo PremiumSSL Legacy/CN=radius1.cit.buffalo.edu'
06-25 17:46:08.898 18999 18999 I wpa_supplicant: wlan0: CTRL-EVENT-EAP-PEER-CERT depth=0 subject='/C=US/postalCode=14260/ST=New York/L=Buffalo/street=305 Computing Center/O=SUNY AT BUFFALO/OU=Issued through UNIVERSITY AT BUFFALO E-PKI Manager/OU=Comodo PremiumSSL Legacy/CN=radius1.cit.buffalo.edu'
06-25 17:46:08.898 18999 18999 D wpa_supplicant: SSL: (where=0x1001 ret=0x1)
06-25 17:46:08.898 18999 18999 D wpa_supplicant: SSL: SSL_connect:SSLv3 read server certificate A
06-25 17:46:08.902 18999 18999 D wpa_supplicant: SSL: (where=0x1001 ret=0x1)
06-25 17:46:08.906 18999 18999 D wpa_supplicant: SSL: SSL_connect:SSLv3 read server key exchange A
06-25 17:46:08.906 18999 18999 D wpa_supplicant: SSL: (where=0x1001 ret=0x1)
06-25 17:46:08.906 18999 18999 D wpa_supplicant: SSL: SSL_connect:SSLv3 read server done A
06-25 17:46:08.922 18999 18999 D wpa_supplicant: SSL: (where=0x1001 ret=0x1)
06-25 17:46:08.922 18999 18999 D wpa_supplicant: SSL: SSL_connect:SSLv3 write client key exchange A
06-25 17:46:08.922 18999 18999 D wpa_supplicant: SSL: (where=0x1001 ret=0x1)
06-25 17:46:08.922 18999 18999 D wpa_supplicant: SSL: SSL_connect:SSLv3 write change cipher spec A
06-25 17:46:08.922 18999 18999 D wpa_supplicant: SSL: (where=0x1001 ret=0x1)
06-25 17:46:08.922 18999 18999 D wpa_supplicant: SSL: SSL_connect:SSLv3 write finished A
06-25 17:46:08.922 18999 18999 D wpa_supplicant: SSL: (where=0x1001 ret=0x1)
06-25 17:46:08.922 18999 18999 D wpa_supplicant: SSL: SSL_connect:SSLv3 flush data
06-25 17:46:08.922 18999 18999 D wpa_supplicant: SSL: (where=0x1002 ret=0xffffffff)
06-25 17:46:08.922 18999 18999 D wpa_supplicant: SSL: SSL_connect:error in SSLv3 read server session ticket A
06-25 17:46:08.925 18999 18999 D wpa_supplicant: SSL: SSL_connect - want more data
06-25 17:46:08.925 18999 18999 D wpa_supplicant: SSL: 134 bytes pending from ssl_out
06-25 17:46:08.925 18999 18999 D wpa_supplicant: SSL: 134 bytes left to be sent out (of total 134 bytes)
06-25 17:46:08.925 18999 18999 D wpa_supplicant: EAP: method process -> ignore=FALSE methodState=MAY_CONT decision=FAIL
06-25 17:46:08.925 18999 18999 D wpa_supplicant: EAP: EAP entering state SEND_RESPONSE
06-25 17:46:08.925 18999 18999 D wpa_supplicant: EAP: EAP entering state IDLE
06-25 17:46:08.925 18999 18999 D wpa_supplicant: EAPOL: SUPP_BE entering state RESPONSE
06-25 17:46:08.925 18999 18999 D wpa_supplicant: EAPOL: txSuppRsp
06-25 17:46:08.925 18999 18999 D wpa_supplicant: TX EAPOL: dst=d0:c2:82:66:5b:70
06-25 17:46:08.925 18999 18999 D wpa_supplicant: EAPOL: SUPP_BE entering state RECEIVE
06-25 17:46:08.929 18999 18999 D wpa_supplicant: EAPOL: Received EAP-Packet frame
06-25 17:46:08.929 18999 18999 D wpa_supplicant: EAPOL: SUPP_BE entering state REQUEST
06-25 17:46:08.933 18999 18999 D wpa_supplicant: EAPOL: getSuppRsp
06-25 17:46:08.933 18999 18999 D wpa_supplicant: EAP: EAP entering state RECEIVED
06-25 17:46:08.933 18999 18999 D wpa_supplicant: EAP: Received EAP-Request id=9 method=25 vendor=0 vendorMethod=0
06-25 17:46:08.933 18999 18999 D wpa_supplicant: EAP: EAP entering state METHOD
06-25 17:46:08.933 18999 18999 D wpa_supplicant: SSL: Received packet(len=240) - Flags 0x00
06-25 17:46:08.933 18999 18999 D wpa_supplicant: SSL: (where=0x1001 ret=0x1)
06-25 17:46:08.933 18999 18999 D wpa_supplicant: SSL: SSL_connect:SSLv3 read server session ticket A
06-25 17:46:08.933 18999 18999 D wpa_supplicant: SSL: (where=0x1001 ret=0x1)
06-25 17:46:08.933 18999 18999 D wpa_supplicant: SSL: SSL_connect:SSLv3 read finished A
06-25 17:46:08.933 18999 18999 D wpa_supplicant: SSL: (where=0x20 ret=0x1)
06-25 17:46:08.933 18999 18999 D wpa_supplicant: SSL: (where=0x1002 ret=0x1)
06-25 17:46:08.937 18999 18999 D wpa_supplicant: SSL: 0 bytes pending from ssl_out
06-25 17:46:08.937 18999 18999 D wpa_supplicant: SSL: No Application Data included
06-25 17:46:08.937 18999 18999 D wpa_supplicant: SSL: No data to be sent out
06-25 17:46:08.937 18999 18999 D wpa_supplicant: EAP-PEAP: TLS done, proceed to Phase 2
06-25 17:46:08.937 18999 18999 D wpa_supplicant: EAP-PEAP: using label 'client EAP encryption' in key derivation
06-25 17:46:08.937 18999 18999 D wpa_supplicant: SSL: Building ACK (type=25 id=9 ver=0)
06-25 17:46:08.937 18999 18999 D wpa_supplicant: EAP: method process -> ignore=FALSE methodState=MAY_CONT decision=FAIL
06-25 17:46:08.937 18999 18999 D wpa_supplicant: EAP: EAP entering state SEND_RESPONSE
06-25 17:46:08.937 18999 18999 D wpa_supplicant: EAP: EAP entering state IDLE
06-25 17:46:08.937 18999 18999 D wpa_supplicant: EAPOL: SUPP_BE entering state RESPONSE
06-25 17:46:08.937 18999 18999 D wpa_supplicant: EAPOL: txSuppRsp
06-25 17:46:08.937 18999 18999 D wpa_supplicant: TX EAPOL: dst=d0:c2:82:66:5b:70
06-25 17:46:08.937 18999 18999 D wpa_supplicant: EAPOL: SUPP_BE entering state RECEIVE
06-25 17:46:08.941 18999 18999 D wpa_supplicant: EAPOL: Received EAP-Packet frame
06-25 17:46:08.941 18999 18999 D wpa_supplicant: EAPOL: SUPP_BE entering state REQUEST
06-25 17:46:08.941 18999 18999 D wpa_supplicant: EAPOL: getSuppRsp
06-25 17:46:08.941 18999 18999 D wpa_supplicant: EAP: EAP entering state RECEIVED
06-25 17:46:08.941 18999 18999 D wpa_supplicant: EAP: Received EAP-Request id=10 method=25 vendor=0 vendorMethod=0
06-25 17:46:08.941 18999 18999 D wpa_supplicant: EAP: EAP entering state METHOD
06-25 17:46:08.941 18999 18999 D wpa_supplicant: SSL: Received packet(len=43) - Flags 0x00
06-25 17:46:08.941 18999 18999 D wpa_supplicant: EAP-PEAP: received 37 bytes encrypted data for Phase 2
06-25 17:46:08.941 18999 18999 D wpa_supplicant: EAP-PEAP: received Phase 2: code=1 identifier=10 length=5
06-25 17:46:08.941 18999 18999 D wpa_supplicant: EAP-PEAP: Phase 2 Request: type=1
06-25 17:46:08.941 18999 18999 D wpa_supplicant: SSL: 74 bytes left to be sent out (of total 74 bytes)
06-25 17:46:08.941 18999 18999 D wpa_supplicant: EAP: method process -> ignore=FALSE methodState=MAY_CONT decision=FAIL
06-25 17:46:08.941 18999 18999 D wpa_supplicant: EAP: EAP entering state SEND_RESPONSE
06-25 17:46:08.941 18999 18999 D wpa_supplicant: EAP: EAP entering state IDLE
06-25 17:46:08.941 18999 18999 D wpa_supplicant: EAPOL: SUPP_BE entering state RESPONSE
06-25 17:46:08.941 18999 18999 D wpa_supplicant: EAPOL: txSuppRsp
06-25 17:46:08.941 18999 18999 D wpa_supplicant: TX EAPOL: dst=d0:c2:82:66:5b:70
06-25 17:46:08.945 18999 18999 D wpa_supplicant: EAPOL: SUPP_BE entering state RECEIVE
06-25 17:46:08.945 18999 18999 D wpa_supplicant: EAPOL: Received EAP-Packet frame
06-25 17:46:08.945 18999 18999 D wpa_supplicant: EAPOL: SUPP_BE entering state REQUEST
06-25 17:46:08.945 18999 18999 D wpa_supplicant: EAPOL: getSuppRsp
06-25 17:46:08.945 18999 18999 D wpa_supplicant: EAP: EAP entering state RECEIVED
06-25 17:46:08.945 18999 18999 D wpa_supplicant: EAP: Received EAP-Request id=11 method=25 vendor=0 vendorMethod=0
06-25 17:46:08.945 18999 18999 D wpa_supplicant: EAP: EAP entering state METHOD
06-25 17:46:08.945 18999 18999 D wpa_supplicant: SSL: Received packet(len=59) - Flags 0x00
06-25 17:46:08.945 18999 18999 D wpa_supplicant: EAP-PEAP: received 53 bytes encrypted data for Phase 2
06-25 17:46:08.945 18999 18999 D wpa_supplicant: EAP-PEAP: received Phase 2: code=1 identifier=11 length=30
06-25 17:46:08.945 18999 18999 D wpa_supplicant: EAP-PEAP: Phase 2 Request: type=26
06-25 17:46:08.945 18999 18999 D wpa_supplicant: EAP-PEAP: Selected Phase 2 EAP vendor 0 method 26
06-25 17:46:08.945 18999 18999 D wpa_supplicant: EAP-MSCHAPV2: RX identifier 11 mschapv2_id 11
06-25 17:46:08.945 18999 18999 D wpa_supplicant: EAP-MSCHAPV2: Received challenge
06-25 17:46:08.945 18999 18999 D wpa_supplicant: EAP-MSCHAPV2: Generating Challenge Response
06-25 17:46:08.953 18999 18999 D wpa_supplicant: EAP-MSCHAPV2: TX identifier 11 mschapv2_id 11 (response)
06-25 17:46:08.953 18999 18999 D wpa_supplicant: SSL: 122 bytes left to be sent out (of total 122 bytes)
06-25 17:46:08.953 18999 18999 D wpa_supplicant: EAP: method process -> ignore=FALSE methodState=MAY_CONT decision=FAIL
06-25 17:46:08.953 18999 18999 D wpa_supplicant: EAP: EAP entering state SEND_RESPONSE
06-25 17:46:08.953 18999 18999 D wpa_supplicant: EAP: EAP entering state IDLE
06-25 17:46:08.953 18999 18999 D wpa_supplicant: EAPOL: SUPP_BE entering state RESPONSE
06-25 17:46:08.953 18999 18999 D wpa_supplicant: EAPOL: txSuppRsp
06-25 17:46:08.953 18999 18999 D wpa_supplicant: TX EAPOL: dst=d0:c2:82:66:5b:70
06-25 17:46:08.953 18999 18999 D wpa_supplicant: EAPOL: SUPP_BE entering state RECEIVE
06-25 17:46:09.082 18999 18999 D wpa_supplicant: EAPOL: Received EAP-Packet frame
06-25 17:46:09.082 18999 18999 D wpa_supplicant: EAPOL: SUPP_BE entering state REQUEST
06-25 17:46:09.082 18999 18999 D wpa_supplicant: EAPOL: getSuppRsp
06-25 17:46:09.082 18999 18999 D wpa_supplicant: EAP: EAP entering state RECEIVED
06-25 17:46:09.082 18999 18999 D wpa_supplicant: EAP: Received EAP-Request id=12 method=25 vendor=0 vendorMethod=0
06-25 17:46:09.082 18999 18999 D wpa_supplicant: EAP: EAP entering state METHOD
06-25 17:46:09.082 18999 18999 D wpa_supplicant: SSL: Received packet(len=91) - Flags 0x00
06-25 17:46:09.082 18999 18999 D wpa_supplicant: EAP-PEAP: received 85 bytes encrypted data for Phase 2
06-25 17:46:09.086 18999 18999 D wpa_supplicant: EAP-PEAP: received Phase 2: code=1 identifier=12 length=51
06-25 17:46:09.086 18999 18999 D wpa_supplicant: EAP-PEAP: Phase 2 Request: type=26
06-25 17:46:09.086 18999 18999 D wpa_supplicant: EAP-MSCHAPV2: RX identifier 12 mschapv2_id 11
06-25 17:46:09.086 18999 18999 D wpa_supplicant: EAP-MSCHAPV2: Received success
06-25 17:46:09.090 18999 18999 I wpa_supplicant: EAP-MSCHAPV2: Authentication succeeded
06-25 17:46:09.090 18999 18999 D wpa_supplicant: SSL: 74 bytes left to be sent out (of total 74 bytes)
06-25 17:46:09.090 18999 18999 D wpa_supplicant: EAP: method process -> ignore=FALSE methodState=MAY_CONT decision=FAIL
06-25 17:46:09.090 18999 18999 D wpa_supplicant: EAP: EAP entering state SEND_RESPONSE
06-25 17:46:09.090 18999 18999 D wpa_supplicant: EAP: EAP entering state IDLE
06-25 17:46:09.090 18999 18999 D wpa_supplicant: EAPOL: SUPP_BE entering state RESPONSE
06-25 17:46:09.090 18999 18999 D wpa_supplicant: EAPOL: txSuppRsp
06-25 17:46:09.090 18999 18999 D wpa_supplicant: TX EAPOL: dst=d0:c2:82:66:5b:70
06-25 17:46:09.093 18999 18999 D wpa_supplicant: EAPOL: SUPP_BE entering state RECEIVE
06-25 17:46:09.097 18999 18999 D wpa_supplicant: EAPOL: Received EAP-Packet frame
06-25 17:46:09.097 18999 18999 D wpa_supplicant: EAPOL: SUPP_BE entering state REQUEST
06-25 17:46:09.097 18999 18999 D wpa_supplicant: EAPOL: getSuppRsp
06-25 17:46:09.097 18999 18999 D wpa_supplicant: EAP: EAP entering state RECEIVED
06-25 17:46:09.097 18999 18999 D wpa_supplicant: EAP: Received EAP-Request id=13 method=25 vendor=0 vendorMethod=0
06-25 17:46:09.097 18999 18999 D wpa_supplicant: EAP: EAP entering state METHOD
06-25 17:46:09.097 18999 18999 D wpa_supplicant: SSL: Received packet(len=43) - Flags 0x00
06-25 17:46:09.097 18999 18999 D wpa_supplicant: EAP-PEAP: received 37 bytes encrypted data for Phase 2
06-25 17:46:09.097 18999 18999 D wpa_supplicant: EAP-PEAP: received Phase 2: code=1 identifier=13 length=11
06-25 17:46:09.097 18999 18999 D wpa_supplicant: EAP-PEAP: Phase 2 Request: type=33
06-25 17:46:09.097 18999 18999 I wpa_supplicant: EAP-TLV: TLV Result - Success - EAP-TLV/Phase2 Completed
06-25 17:46:09.097 18999 18999 D wpa_supplicant: SSL: 74 bytes left to be sent out (of total 74 bytes)
06-25 17:46:09.097 18999 18999 D wpa_supplicant: EAP: method process -> ignore=FALSE methodState=DONE decision=UNCOND_SUCC
06-25 17:46:09.097 18999 18999 D wpa_supplicant: EAP: EAP entering state SEND_RESPONSE
06-25 17:46:09.097 18999 18999 D wpa_supplicant: EAP: EAP entering state IDLE
06-25 17:46:09.097 18999 18999 D wpa_supplicant: EAPOL: SUPP_BE entering state RESPONSE
06-25 17:46:09.097 18999 18999 D wpa_supplicant: EAPOL: txSuppRsp
06-25 17:46:09.101 18999 18999 D wpa_supplicant: TX EAPOL: dst=d0:c2:82:66:5b:70
06-25 17:46:09.101 18999 18999 D wpa_supplicant: EAPOL: SUPP_BE entering state RECEIVE
06-25 17:46:09.105 18999 18999 D wpa_supplicant: EAPOL: Received EAP-Packet frame
06-25 17:46:09.105 18999 18999 D wpa_supplicant: EAPOL: SUPP_BE entering state REQUEST
06-25 17:46:09.105 18999 18999 D wpa_supplicant: EAPOL: getSuppRsp
06-25 17:46:09.105 18999 18999 D wpa_supplicant: EAP: EAP entering state RECEIVED
06-25 17:46:09.105 18999 18999 D wpa_supplicant: EAP: Received EAP-Success
06-25 17:46:09.105 18999 18999 D wpa_supplicant: EAP: EAP entering state SUCCESS
06-25 17:46:09.105 18999 18999 I wpa_supplicant: wlan0: CTRL-EVENT-EAP-SUCCESS EAP authentication completed successfully
06-25 17:46:09.105 18999 18999 D wpa_supplicant: EAPOL: SUPP_BE entering state RECEIVE
06-25 17:46:09.105 18999 18999 D wpa_supplicant: EAPOL: SUPP_BE entering state SUCCESS
06-25 17:46:09.105 18999 18999 D wpa_supplicant: EAPOL: SUPP_BE entering state IDLE
06-25 17:46:09.109 18999 18999 D wpa_supplicant: EAPOL: Ignoring WPA EAPOL-Key frame in EAPOL state machines
06-25 17:46:09.117 18999 18999 D wpa_supplicant: EAPOL: Successfully fetched key (len=32)
06-25 17:46:09.125 18999 18999 D wpa_supplicant: RSN: Replace PMKSA entry for the current AP
06-25 17:46:09.125 18999 18999 D wpa_supplicant: RSN: added PMKSA cache entry for d0:c2:82:66:5b:70
06-25 17:46:09.129 18999 18999 D wpa_supplicant: WPA: PTK derivation - A1=78:d6:f0:71:a5:f6 A2=d0:c2:82:66:5b:70
06-25 17:46:09.132 18999 18999 D wpa_supplicant: EAPOL: Ignoring WPA EAPOL-Key frame in EAPOL state machines
06-25 17:46:09.132 18999 18999 D wpa_supplicant: wpa_driver_wext_set_key: alg=3 key_idx=0 set_tx=1 seq_len=6 key_len=16
06-25 17:46:09.132 18999 18999 D wpa_supplicant: EAPOL: External notification - portValid=1
06-25 17:46:09.132 18999 18999 D wpa_supplicant: EAPOL: SUPP_PAE entering state AUTHENTICATED
06-25 17:46:09.132 18999 18999 D wpa_supplicant: EAPOL: Supplicant port status: Authorized
06-25 17:46:09.132 18999 18999 D wpa_supplicant: EAPOL authentication completed successfully
06-25 17:46:09.132 18999 18999 D wpa_supplicant: wpa_driver_wext_set_key: alg=2 key_idx=1 set_tx=0 seq_len=6 key_len=32
06-25 17:46:09.136 18999 18999 I wpa_supplicant: wlan0: WPA: Key negotiation completed with d0:c2:82:66:5b:70 [PTK=CCMP GTK=TKIP]
06-25 17:46:09.136 18999 18999 I wpa_supplicant: wlan0: CTRL-EVENT-CONNECTED - Connection to d0:c2:82:66:5b:70 completed (reauth) [id=0 id_str=]
06-25 17:46:09.136 18999 18999 D wpa_supplicant: wpa_driver_wext_set_operstate: operstate 0->1 (UP)
06-25 17:46:09.136 18999 18999 D wpa_supplicant: netlink: Operstate: linkmode=-1, operstate=6
06-25 17:46:09.136 18999 18999 D wpa_supplicant: EAPOL: External notification - portValid=1
06-25 17:46:09.136 18999 18999 D wpa_supplicant: RTM_NEWLINK: operstate=1 ifi_flags=0x11003 ([UP][LOWER_UP])
06-25 17:46:09.136 18999 18999 D wpa_supplicant: netlink: Operstate: linkmode=-1, operstate=6
06-25 17:46:09.136 18999 18999 D wpa_supplicant: RTM_NEWLINK, IFLA_IFNAME: Interface 'wlan0' added
06-25 17:46:09.136 18999 18999 D wpa_supplicant: Wireless event: cmd=0x8c09 len=32
06-25 17:46:09.136 18999 18999 D wpa_supplicant: PMKID candidate wireless event: flags=0x0 index=0 bssid=d0:c2:82:66:5b:70
06-25 17:46:09.136 18999 18999 D wpa_supplicant: RSN: Ignored PMKID candidate without preauth flag
06-25 17:46:09.136 18999 18999 D wpa_supplicant: RTM_NEWLINK: operstate=1 ifi_flags=0x11043 ([UP][RUNNING][LOWER_UP])
06-25 17:46:09.136 18999 18999 D wpa_supplicant: RTM_NEWLINK, IFLA_IFNAME: Interface 'wlan0' added
06-25 17:46:09.168 18999 18999 D wpa_supplicant: wpa_driver_wext_driver_cmd BTCOEXMODE 1 len = 4096
06-25 17:46:09.308 18999 18999 D wpa_supplicant: wpa_driver_wext_driver_cmd OK len = 0, 2
06-25 17:46:09.308 18999 18999 D wpa_supplicant: wpa_driver_wext_driver_cmd GETPOWER len = 4096
06-25 17:46:09.312 18999 18999 D wpa_supplicant: wpa_driver_wext_driver_cmd powermode = 1 len = 13, 13
06-25 17:46:09.726 18999 18999 D wpa_supplicant: wpa_driver_wext_driver_cmd POWERMODE 1 len = 4096
06-25 17:46:09.734 18999 18999 D wpa_supplicant: wpa_driver_wext_driver_cmd OK len = 0, 2
06-25 17:46:09.734 18999 18999 D wpa_supplicant: wpa_driver_wext_driver_cmd BTCOEXMODE 2 len = 4096
06-25 17:46:09.734 18999 18999 D wpa_supplicant: wpa_driver_wext_driver_cmd OK len = 0, 2
06-25 17:46:09.757   142   198 D ConnectivityService: ConnectivityChange for WIFI: CONNECTED/CONNECTED
06-25 17:46:09.789 23851 23851 I PhoneLab-WiFiReceiver: Wi-Fi is connected!
06-25 17:46:09.789 23851 23851 I PhoneLab-WiFiReceiver: SSID: UB_Secure BSSID: d0:c2:82:66:5b:70 RSSI: -200 LinkSpeed: -1
06-25 17:46:09.793 23851 23851 I PhoneLab-Locks: wake lock acquired
06-25 17:46:09.793 23851 23851 I PhoneLab-UploadLogs: Transfering log files now
06-25 17:46:09.793 23851 23851 I PhoneLab-UploadLogs: No log files to transfer
06-25 17:46:09.793 23851 23851 I PhoneLab-Locks: wake lock released
06-25 17:46:09.797 23851 23851 I PhoneLab-UploadLogs: OnStartCommand
06-25 17:46:09.824   142   193 W NetworkStats: dropping UID delta from unknown iface: iface=wlan0 uid=0 set=DEFAULT tag=0x0 rxBytes=0 rxPackets=0 txBytes=76 txPackets=1 operations=0
06-25 17:46:09.867   334   336 D dalvikvm: GC_CONCURRENT freed 851K, 10% free 11942K/13127K, paused 2ms+7ms
06-25 17:46:10.757   142   198 D ConnectivityService: NetTransition Wakelock for WifiStateMachine released by timeout
06-25 17:46:11.183   142   202 D Tethering: MasterInitialState.processMessage what=3
06-25 17:46:11.242   142   202 D Tethering: MasterInitialState.processMessage what=3
06-25 17:46:11.277   280   280 I GTalkService/c: [AndroidEndpoint@1094506296] connect: acct=1000000, state=CONNECTING
06-25 17:46:11.277   280   280 I GTalkService/c: [GTalkConnection@1093828680] connect: acct=1, state=CONNECTING
06-25 17:46:11.336   142   970 I ActivityManager: Start proc com.google.android.apps.uploader for broadcast com.google.android.apps.uploader/.ConnectivityBroadcastReceiver: pid=30028 uid=10030 gids={3003}
06-25 17:46:11.363 30028 30028 I dalvikvm: Turning on JNI app bug workarounds for target SDK version 11...
06-25 17:46:11.367    79    79 D dalvikvm: GC_EXPLICIT freed 38K, 4% free 9031K/9347K, paused 2ms+9ms
06-25 17:46:11.398    79    79 D dalvikvm: GC_EXPLICIT freed <1K, 4% free 9031K/9347K, paused 2ms+2ms
06-25 17:46:11.422    79    79 D dalvikvm: GC_EXPLICIT freed <1K, 4% free 9031K/9347K, paused 1ms+2ms
06-25 17:46:11.476 30028 30028 I ActivityThread: Pub com.google.android.apps.uploader: com.google.android.apps.uploader.UploadsContentProvider
06-25 17:46:11.476 30028 30028 I ActivityThread: Pub com.google.photos.provider.Album: com.google.android.apps.uploader.clients.picasa.AlbumProvider
06-25 17:46:11.484 30028 30028 D MediaUploader: UploaderApplication.onCreate
06-25 17:46:11.582 30028 30028 D MediaUploader: nonWifiLimit=20971520, default=20971520
06-25 17:46:11.590 30028 30028 I MediaUploader: No need to wake up
06-25 17:46:11.597 23851 23851 I PhoneLab-WiFiReceiver: Wi-Fi is disconnected!
06-25 17:46:11.683 27450 27475 D PicasaSyncManager: active network: NetworkInfo: type: WIFI[], state: CONNECTED/CONNECTED, reason: (unspecified), extra: (none), roaming: false, failover: false, isAvailable: true
06-25 17:46:11.683 27450 27475 D PicasaSyncManager: background data: true
06-25 17:46:11.726 30028 30028 I MediaUploader: No need to wake up
06-25 17:46:11.761   142   293 I ActivityManager: No longer want com.google.android.apps.googlevoice (pid 29395): hidden #16
06-25 17:46:11.769   142   344 W ActivityManager: Scheduling restart of crashed service com.google.android.apps.googlevoice/.UpdateService in 5000ms
06-25 17:46:11.769   142   344 W ActivityManager: Scheduling restart of crashed service com.google.android.apps.googlevoice/.CallLogService in 14999ms
06-25 17:46:11.785 27450 27475 D PicasaSyncManager: active network: NetworkInfo: type: WIFI[], state: CONNECTED/CONNECTED, reason: (unspecified), extra: (none), roaming: false, failover: false, isAvailable: true
