06-22 16:28:31.744  2869  2869 D wpa_supplicant: WPS:  * Model Number
06-22 16:28:31.744  2869  2869 D wpa_supplicant: WPS:  * Device Name
06-22 16:28:31.744  2869  2869 D wpa_supplicant: WPS:  * Version2 (0x20)
06-22 16:28:31.744  2869  2869 D wpa_supplicant: wpa_driver_wext_combo_scan: Start
06-22 16:28:31.744  2869  2869 D wpa_supplicant: For Scan: (null)
06-22 16:28:31.744  2869  2869 D wpa_supplicant: Scan requested (ret=0) - scan timeout 30 seconds
06-22 16:28:32.541 22701 22703 D dalvikvm: GC_CONCURRENT freed 447K, 8% free 10216K/11015K, paused 2ms+3ms
06-22 16:28:32.940  2869  2869 D wpa_supplicant: RTM_NEWLINK: operstate=1 ifi_flags=0x11043 ([UP][RUNNING][LOWER_UP])
06-22 16:28:32.940  2869  2869 D wpa_supplicant: RTM_NEWLINK, IFLA_IFNAME: Interface 'wlan0' added
06-22 16:28:32.940  2869  2869 D wpa_supplicant: Wireless event: cmd=0x8b19 len=8
06-22 16:28:32.940  2869  2869 D wpa_supplicant: Received 1365 bytes of scan results (8 BSSes)
06-22 16:28:33.104 21526 21529 D dalvikvm: GC_CONCURRENT freed 511K, 6% free 10397K/11015K, paused 2ms+2ms
06-22 16:28:33.139  2869  2869 D wpa_supplicant: wpa_driver_wext_driver_cmd SETSUSPENDOPT 0 len = 4096
06-22 16:28:33.139  2869  2869 D wpa_supplicant: wpa_driver_wext_driver_cmd SETSUSPENDOPT 0 len = 0, 15
06-22 16:28:33.139  2869  2869 D wpa_supplicant: wpa_driver_wext_driver_cmd POWERMODE 0 len = 4096
06-22 16:28:33.139  2869  2869 D wpa_supplicant: wpa_driver_wext_driver_cmd OK len = 0, 2
06-22 16:28:33.225 23150 23152 D dalvikvm: GC_CONCURRENT freed 430K, 7% free 10099K/10823K, paused 2ms+2ms
06-22 16:28:33.592 22701 22703 D dalvikvm: GC_CONCURRENT freed 405K, 8% free 10209K/11015K, paused 21ms+2ms
06-22 16:28:33.983 22701 23380 D dalvikvm: GC_FOR_ALLOC freed 267K, 8% free 10159K/11015K, paused 46ms
06-22 16:28:33.983 22701 23380 I dalvikvm-heap: Grow heap (frag case) to 10.234MB for 255300-byte allocation
06-22 16:28:34.018 22701 23380 D dalvikvm: GC_FOR_ALLOC freed 124K, 9% free 10284K/11271K, paused 35ms
06-22 16:28:34.237  2869  2869 D wpa_supplicant: wpa_driver_wext_driver_cmd RSSI len = 248
06-22 16:28:34.248  2869  2869 D wpa_supplicant: wpa_driver_wext_driver_cmd UB_Secure rssi -76  len = 19, 19
06-22 16:28:34.248  2869  2869 D wpa_supplicant: wpa_driver_wext_driver_cmd LINKSPEED len = 248
06-22 16:28:34.248  2869  2869 D wpa_supplicant: wpa_driver_wext_driver_cmd LinkSpeed 72 len = 12, 12
06-22 16:28:36.358  2360  2360 D AlarmManagerService: Kernel timezone updated to 240 minutes west of GMT
06-22 16:28:37.252  2869  2869 D wpa_supplicant: wpa_driver_wext_driver_cmd RSSI len = 248
06-22 16:28:37.260  2869  2869 D wpa_supplicant: wpa_driver_wext_driver_cmd UB_Secure rssi -78  len = 19, 19
06-22 16:28:37.260  2869  2869 D wpa_supplicant: wpa_driver_wext_driver_cmd LINKSPEED len = 248
06-22 16:28:37.264  2869  2869 D wpa_supplicant: wpa_driver_wext_driver_cmd LinkSpeed 72 len = 12, 12
06-22 16:28:40.268  2869  2869 D wpa_supplicant: wpa_driver_wext_driver_cmd RSSI len = 248
06-22 16:28:40.280  2869  2869 D wpa_supplicant: wpa_driver_wext_driver_cmd UB_Secure rssi -78  len = 19, 19
06-22 16:28:40.280  2869  2869 D wpa_supplicant: wpa_driver_wext_driver_cmd LINKSPEED len = 248
06-22 16:28:40.283  2869  2869 D wpa_supplicant: wpa_driver_wext_driver_cmd LinkSpeed 72 len = 12, 12
06-22 16:28:41.205  2539  2539 D SAN_SERVICE: *******************************************
06-22 16:28:41.205  2539  2539 D SAN_SERVICE: DM App Phone Service State - 0
06-22 16:28:41.205  2539  2539 D SAN_SERVICE: *******************************************
06-22 16:28:41.397  2539  2539 D SAN_SERVICE: *******************************************
06-22 16:28:41.397  2539  2539 D SAN_SERVICE: DM App Phone Service State - 0
06-22 16:28:41.401  2539  2539 D SAN_SERVICE: *******************************************
06-22 16:28:43.287  2869  2869 D wpa_supplicant: wpa_driver_wext_driver_cmd RSSI len = 248
06-22 16:28:43.295  2869  2869 D wpa_supplicant: wpa_driver_wext_driver_cmd UB_Secure rssi -77  len = 19, 19
06-22 16:28:43.295  2869  2869 D wpa_supplicant: wpa_driver_wext_driver_cmd LINKSPEED len = 248
06-22 16:28:43.299  2869  2869 D wpa_supplicant: wpa_driver_wext_driver_cmd LinkSpeed 72 len = 12, 12
06-22 16:28:43.381  2360  2571 D AlarmManagerService: Kernel timezone updated to 240 minutes west of GMT
06-22 16:28:43.389  2539  2539 D SAN_SERVICE: *******************************************
06-22 16:28:43.389  2539  2539 D SAN_SERVICE: DM App Phone Service State - 0
06-22 16:28:43.393  2539  2539 D SAN_SERVICE: *******************************************
06-22 16:28:46.307  2869  2869 D wpa_supplicant: wpa_driver_wext_driver_cmd RSSI len = 248
06-22 16:28:46.315  2869  2869 D wpa_supplicant: wpa_driver_wext_driver_cmd UB_Secure rssi -78  len = 19, 19
06-22 16:28:46.315  2869  2869 D wpa_supplicant: wpa_driver_wext_driver_cmd LINKSPEED len = 248
06-22 16:28:46.319  2869  2869 D wpa_supplicant: wpa_driver_wext_driver_cmd LinkSpeed 72 len = 12, 12
06-22 16:28:46.713 23213 23253 I PhoneLab-: Service Running
06-22 16:28:46.811 23213 23253 I PhoneLab-LoggerService: app_37    3205  1     2360   1924  c00f181c 400107b4 S logcat
06-22 16:28:46.811 23213 23253 I PhoneLab-LoggerService: Logcat pid from database 3205
06-22 16:28:46.811 23213 23253 I PhoneLab-LoggerService: Logcat process found 3205
06-22 16:28:46.811 23213 23253 I PhoneLab-LoggerService: Checking Threshold
06-22 16:28:46.811 23213 23253 I PhoneLab-LoggerService: Starting to rename files
06-22 16:28:46.811 23213 23253 I PhoneLab-LoggerService: Files found .. 3
06-22 16:28:46.819 23213 23253 I PhoneLab-LoggerService: File 1 log.out.1
06-22 16:28:46.830 23213 23253 I PhoneLab-LoggerService: Renamed successfully
06-22 16:28:49.326  2869  2869 D wpa_supplicant: wpa_driver_wext_driver_cmd RSSI len = 248
06-22 16:28:49.334  2869  2869 D wpa_supplicant: wpa_driver_wext_driver_cmd UB_Secure rssi -78  len = 19, 19
06-22 16:28:49.334  2869  2869 D wpa_supplicant: wpa_driver_wext_driver_cmd LINKSPEED len = 248
06-22 16:28:49.342  2869  2869 D wpa_supplicant: wpa_driver_wext_driver_cmd LinkSpeed 72 len = 12, 12
06-22 16:28:52.346  2869  2869 D wpa_supplicant: wpa_driver_wext_driver_cmd RSSI len = 248
06-22 16:28:52.354  2869  2869 D wpa_supplicant: wpa_driver_wext_driver_cmd UB_Secure rssi -76  len = 19, 19
06-22 16:28:52.354  2869  2869 D wpa_supplicant: wpa_driver_wext_driver_cmd LINKSPEED len = 248
06-22 16:28:52.362  2869  2869 D wpa_supplicant: wpa_driver_wext_driver_cmd LinkSpeed 72 len = 12, 12
06-22 16:28:55.369  2869  2869 D wpa_supplicant: wpa_driver_wext_driver_cmd RSSI len = 248
06-22 16:28:55.377  2869  2869 D wpa_supplicant: wpa_driver_wext_driver_cmd UB_Secure rssi -77  len = 19, 19
06-22 16:28:55.377  2869  2869 D wpa_supplicant: wpa_driver_wext_driver_cmd LINKSPEED len = 248
06-22 16:28:55.381  2869  2869 D wpa_supplicant: wpa_driver_wext_driver_cmd LinkSpeed 72 len = 12, 12
06-22 16:28:58.389  2869  2869 D wpa_supplicant: wpa_driver_wext_driver_cmd RSSI len = 248
06-22 16:28:58.397  2869  2869 D wpa_supplicant: wpa_driver_wext_driver_cmd UB_Secure rssi -78  len = 19, 19
06-22 16:28:58.397  2869  2869 D wpa_supplicant: wpa_driver_wext_driver_cmd LINKSPEED len = 248
06-22 16:28:58.405  2869  2869 D wpa_supplicant: wpa_driver_wext_driver_cmd LinkSpeed 72 len = 12, 12
06-22 16:29:00.264  2360  2376 V BackupManagerService: Running a backup pass
06-22 16:29:00.291  2360  2428 V BackupManagerService: clearing pending backups
06-22 16:29:00.295  2360  2428 V PerformBackupTask: Beginning backup of 1 targets
06-22 16:29:00.401  2360  2428 V BackupServiceBinder: doBackup() invoked
06-22 16:29:00.401  2360  2428 D PerformBackupTask: processOneBackup doBackup() on @pm@
06-22 16:29:00.412  2360  2428 I PerformBackupTask: no backup data written; not calling transport
06-22 16:29:00.416  2360  2428 D PerformBackupTask: starting agent for backup of BackupRequest{pkg=com.android.providers.settings}
06-22 16:29:00.416  2360  2376 V ActivityThread: handleCreateBackupAgent: CreateBackupAgentData{appInfo=ApplicationInfo{414563a0 com.android.providers.settings} backupAgent=com.android.providers.settings.SettingsBackupAgent mode=0}
06-22 16:29:00.416  2360  2376 V ActivityThread: Initializing agent class com.android.providers.settings.SettingsBackupAgent
06-22 16:29:00.416  2360  2428 D BackupManagerService: awaiting agent for ApplicationInfo{414563a0 com.android.providers.settings}
06-22 16:29:00.420  2360  2376 D SettingsBackupAgent: onCreate() invoked
06-22 16:29:00.420  2360  2428 V BackupServiceBinder: doBackup() invoked
06-22 16:29:00.420  2360  2376 D BackupManagerService: agentConnected pkg=com.android.providers.settings agent=android.app.backup.BackupAgent$BackupServiceBinder@419c80d8
06-22 16:29:00.420  2360  2428 D PerformBackupTask: processOneBackup doBackup() on com.android.providers.settings
06-22 16:29:00.455  2360  2376 V ActivityThread: handleDestroyBackupAgent: CreateBackupAgentData{appInfo=ApplicationInfo{414563a0 com.android.providers.settings} backupAgent=com.android.providers.settings.SettingsBackupAgent mode=0}
06-22 16:29:00.455  2360  2428 I PerformBackupTask: no backup data written; not calling transport
06-22 16:29:00.459  2360  2428 I PerformBackupTask: Backup pass finished.
06-22 16:29:01.416  2869  2869 D wpa_supplicant: wpa_driver_wext_driver_cmd RSSI len = 248
06-22 16:29:01.494  2869  2869 D wpa_supplicant: wpa_driver_wext_driver_cmd UB_Secure rssi -79  len = 19, 19
06-22 16:29:01.494  2869  2869 D wpa_supplicant: wpa_driver_wext_driver_cmd LINKSPEED len = 248
06-22 16:29:01.498  2869  2869 D wpa_supplicant: wpa_driver_wext_driver_cmd LinkSpeed 72 len = 12, 12
06-22 16:29:02.615  2360  2634 D AlarmManagerService: Kernel timezone updated to 240 minutes west of GMT
06-22 16:29:04.506  2869  2869 D wpa_supplicant: wpa_driver_wext_driver_cmd RSSI len = 248
06-22 16:29:04.518  2869  2869 D wpa_supplicant: wpa_driver_wext_driver_cmd UB_Secure rssi -79  len = 19, 19
06-22 16:29:04.518  2869  2869 D wpa_supplicant: wpa_driver_wext_driver_cmd LINKSPEED len = 248
06-22 16:29:04.522  2869  2869 D wpa_supplicant: wpa_driver_wext_driver_cmd LinkSpeed 72 len = 12, 12
06-22 16:29:07.530  2869  2869 D wpa_supplicant: wpa_driver_wext_driver_cmd RSSI len = 248
06-22 16:29:07.537  2869  2869 D wpa_supplicant: wpa_driver_wext_driver_cmd UB_Secure rssi -79  len = 19, 19
06-22 16:29:07.537  2869  2869 D wpa_supplicant: wpa_driver_wext_driver_cmd LINKSPEED len = 248
06-22 16:29:07.541  2869  2869 D wpa_supplicant: wpa_driver_wext_driver_cmd LinkSpeed 72 len = 12, 12
06-22 16:29:10.549  2869  2869 D wpa_supplicant: wpa_driver_wext_driver_cmd RSSI len = 248
06-22 16:29:10.565  2869  2869 D wpa_supplicant: wpa_driver_wext_driver_cmd UB_Secure rssi -78  len = 19, 19
06-22 16:29:10.565  2869  2869 D wpa_supplicant: wpa_driver_wext_driver_cmd LINKSPEED len = 248
06-22 16:29:10.569  2869  2869 D wpa_supplicant: wpa_driver_wext_driver_cmd LinkSpeed 72 len = 12, 12
06-22 16:29:10.588  2539  2539 D SAN_SERVICE: *******************************************
06-22 16:29:10.588  2539  2539 D SAN_SERVICE: DM App Phone Service State - 0
06-22 16:29:10.592  2539  2539 D SAN_SERVICE: *******************************************
06-22 16:29:13.573  2869  2869 D wpa_supplicant: wpa_driver_wext_driver_cmd RSSI len = 248
06-22 16:29:13.580  2869  2869 D wpa_supplicant: wpa_driver_wext_driver_cmd UB_Secure rssi -78  len = 19, 19
06-22 16:29:13.584  2869  2869 D wpa_supplicant: wpa_driver_wext_driver_cmd LINKSPEED len = 248
06-22 16:29:13.588  2869  2869 D wpa_supplicant: wpa_driver_wext_driver_cmd LinkSpeed 72 len = 12, 12
06-22 16:29:14.776  2539  2539 D SAN_SERVICE: *******************************************
06-22 16:29:14.776  2539  2539 D SAN_SERVICE: DM App Phone Service State - 0
06-22 16:29:14.776  2539  2539 D SAN_SERVICE: *******************************************
06-22 16:29:16.592  2869  2869 D wpa_supplicant: wpa_driver_wext_driver_cmd RSSI len = 248
06-22 16:29:16.600  2869  2869 D wpa_supplicant: wpa_driver_wext_driver_cmd UB_Secure rssi -78  len = 19, 19
06-22 16:29:16.600  2869  2869 D wpa_supplicant: wpa_driver_wext_driver_cmd LINKSPEED len = 248
06-22 16:29:16.604  2869  2869 D wpa_supplicant: wpa_driver_wext_driver_cmd LinkSpeed 72 len = 12, 12
06-22 16:29:19.612  2869  2869 D wpa_supplicant: wpa_driver_wext_driver_cmd RSSI len = 248
06-22 16:29:19.619  2869  2869 D wpa_supplicant: wpa_driver_wext_driver_cmd UB_Secure rssi -79  len = 19, 19
06-22 16:29:19.619  2869  2869 D wpa_supplicant: wpa_driver_wext_driver_cmd LINKSPEED len = 248
06-22 16:29:19.623  2869  2869 D wpa_supplicant: wpa_driver_wext_driver_cmd LinkSpeed 72 len = 12, 12
06-22 16:29:22.631  2869  2869 D wpa_supplicant: wpa_driver_wext_driver_cmd RSSI len = 248
06-22 16:29:22.639  2869  2869 D wpa_supplicant: wpa_driver_wext_driver_cmd UB_Secure rssi -78  len = 19, 19
06-22 16:29:22.639  2869  2869 D wpa_supplicant: wpa_driver_wext_driver_cmd LINKSPEED len = 248
06-22 16:29:22.643  2869  2869 D wpa_supplicant: wpa_driver_wext_driver_cmd LinkSpeed 72 len = 12, 12
06-22 16:29:25.651  2869  2869 D wpa_supplicant: wpa_driver_wext_driver_cmd RSSI len = 248
06-22 16:29:25.658  2869  2869 D wpa_supplicant: wpa_driver_wext_driver_cmd UB_Secure rssi -79  len = 19, 19
06-22 16:29:25.658  2869  2869 D wpa_supplicant: wpa_driver_wext_driver_cmd LINKSPEED len = 248
06-22 16:29:25.662  2869  2869 D wpa_supplicant: wpa_driver_wext_driver_cmd LinkSpeed 72 len = 12, 12
06-22 16:29:26.717  2360  2634 I AudioService:  AudioFocus  abandonAudioFocus() from android.media.AudioManager@4132f6c8com.spotify.mobile.android.service.s@41336ba8
06-22 16:29:28.670  2869  2869 D wpa_supplicant: wpa_driver_wext_driver_cmd RSSI len = 248
06-22 16:29:28.678  2869  2869 D wpa_supplicant: wpa_driver_wext_driver_cmd UB_Secure rssi -76  len = 19, 19
06-22 16:29:28.678  2869  2869 D wpa_supplicant: wpa_driver_wext_driver_cmd LINKSPEED len = 248
06-22 16:29:28.682  2869  2869 D wpa_supplicant: wpa_driver_wext_driver_cmd LinkSpeed 72 len = 12, 12
06-22 16:29:31.686  2869  2869 D wpa_supplicant: wpa_driver_wext_driver_cmd RSSI len = 248
06-22 16:29:31.690  2869  2869 D wpa_supplicant: wpa_driver_wext_driver_cmd UB_Secure rssi -78  len = 19, 19
06-22 16:29:31.690  2869  2869 D wpa_supplicant: wpa_driver_wext_driver_cmd LINKSPEED len = 248
06-22 16:29:31.690  2869  2869 D wpa_supplicant: wpa_driver_wext_driver_cmd LinkSpeed 72 len = 12, 12
06-22 16:29:31.783  2869  2869 D wpa_supplicant: wpa_driver_wext_driver_cmd SETSUSPENDOPT 0 len = 4096
06-22 16:29:31.783  2869  2869 D wpa_supplicant: wpa_driver_wext_driver_cmd SETSUSPENDOPT 0 len = 0, 15
06-22 16:29:31.787  2869  2869 D wpa_supplicant: wpa_driver_wext_driver_cmd POWERMODE 0 len = 4096
06-22 16:29:31.795  2869  2869 D wpa_supplicant: wpa_driver_wext_driver_cmd OK len = 0, 2
06-22 16:29:31.795  2869  2869 D wpa_supplicant: WPS: Building WPS IE for Probe Request
06-22 16:29:31.795  2869  2869 D wpa_supplicant: WPS:  * Version (hardcoded 0x10)
06-22 16:29:31.795  2869  2869 D wpa_supplicant: WPS:  * Request Type
06-22 16:29:31.795  2869  2869 D wpa_supplicant: WPS:  * Config Methods (2388)
06-22 16:29:31.795  2869  2869 D wpa_supplicant: WPS:  * UUID-E
06-22 16:29:31.795  2869  2869 D wpa_supplicant: WPS:  * Primary Device Type
06-22 16:29:31.795  2869  2869 D wpa_supplicant: WPS:  * RF Bands (3)
06-22 16:29:31.795  2869  2869 D wpa_supplicant: WPS:  * Association State
06-22 16:29:31.795  2869  2869 D wpa_supplicant: WPS:  * Configuration Error (0)
06-22 16:29:31.795  2869  2869 D wpa_supplicant: WPS:  * Device Password ID (0)
06-22 16:29:31.795  2869  2869 D wpa_supplicant: WPS:  * Manufacturer
06-22 16:29:31.795  2869  2869 D wpa_supplicant: WPS:  * Model Name
06-22 16:29:31.795  2869  2869 D wpa_supplicant: WPS:  * Model Number
06-22 16:29:31.795  2869  2869 D wpa_supplicant: WPS:  * Device Name
06-22 16:29:31.795  2869  2869 D wpa_supplicant: WPS:  * Version2 (0x20)
06-22 16:29:31.795  2869  2869 D wpa_supplicant: wpa_driver_wext_combo_scan: Start
06-22 16:29:31.795  2869  2869 D wpa_supplicant: For Scan: (null)
06-22 16:29:31.799  2869  2869 D wpa_supplicant: Scan requested (ret=0) - scan timeout 30 seconds
06-22 16:29:32.963  2869  2869 D wpa_supplicant: RTM_NEWLINK: operstate=1 ifi_flags=0x11043 ([UP][RUNNING][LOWER_UP])
06-22 16:29:32.967  2869  2869 D wpa_supplicant: RTM_NEWLINK, IFLA_IFNAME: Interface 'wlan0' added
06-22 16:29:32.967  2869  2869 D wpa_supplicant: Wireless event: cmd=0x8b19 len=8
06-22 16:29:32.971  2869  2869 D wpa_supplicant: Received 1638 bytes of scan results (9 BSSes)
06-22 16:29:33.151  2869  2869 D wpa_supplicant: wpa_driver_wext_driver_cmd SETSUSPENDOPT 0 len = 4096
06-22 16:29:33.151  2869  2869 D wpa_supplicant: wpa_driver_wext_driver_cmd SETSUSPENDOPT 0 len = 0, 15
06-22 16:29:33.151  2869  2869 D wpa_supplicant: wpa_driver_wext_driver_cmd POWERMODE 0 len = 4096
06-22 16:29:33.151  2869  2869 D wpa_supplicant: wpa_driver_wext_driver_cmd OK len = 0, 2
06-22 16:29:33.233 23150 23152 D dalvikvm: GC_CONCURRENT freed 446K, 7% free 10165K/10823K, paused 1ms+3ms
06-22 16:29:33.358 23150 23152 D dalvikvm: GC_CONCURRENT freed 218K, 5% free 10331K/10823K, paused 2ms+2ms
06-22 16:29:34.701  2869  2869 D wpa_supplicant: wpa_driver_wext_driver_cmd RSSI len = 248
06-22 16:29:34.709  2869  2869 D wpa_supplicant: wpa_driver_wext_driver_cmd UB_Secure rssi -75  len = 19, 19
06-22 16:29:34.709  2869  2869 D wpa_supplicant: wpa_driver_wext_driver_cmd LINKSPEED len = 248
06-22 16:29:34.713  2869  2869 D wpa_supplicant: wpa_driver_wext_driver_cmd LinkSpeed 72 len = 12, 12
06-22 16:29:37.717  2869  2869 D wpa_supplicant: wpa_driver_wext_driver_cmd RSSI len = 248
06-22 16:29:37.725  2869  2869 D wpa_supplicant: wpa_driver_wext_driver_cmd UB_Secure rssi -78  len = 19, 19
06-22 16:29:37.725  2869  2869 D wpa_supplicant: wpa_driver_wext_driver_cmd LINKSPEED len = 248
06-22 16:29:37.729  2869  2869 D wpa_supplicant: wpa_driver_wext_driver_cmd LinkSpeed 72 len = 12, 12
06-22 16:29:40.737  2869  2869 D wpa_supplicant: wpa_driver_wext_driver_cmd RSSI len = 248
06-22 16:29:40.744  2869  2869 D wpa_supplicant: wpa_driver_wext_driver_cmd UB_Secure rssi -78  len = 19, 19
06-22 16:29:40.744  2869  2869 D wpa_supplicant: wpa_driver_wext_driver_cmd LINKSPEED len = 248
06-22 16:29:40.748  2869  2869 D wpa_supplicant: wpa_driver_wext_driver_cmd LinkSpeed 72 len = 12, 12
06-22 16:29:43.764  2869  2869 D wpa_supplicant: wpa_driver_wext_driver_cmd RSSI len = 248
06-22 16:29:43.772  2869  2869 D wpa_supplicant: wpa_driver_wext_driver_cmd UB_Secure rssi -78  len = 19, 19
06-22 16:29:43.772  2869  2869 D wpa_supplicant: wpa_driver_wext_driver_cmd LINKSPEED len = 248
06-22 16:29:43.776  2869  2869 D wpa_supplicant: wpa_driver_wext_driver_cmd LinkSpeed 72 len = 12, 12
06-22 16:29:46.780  2869  2869 D wpa_supplicant: wpa_driver_wext_driver_cmd RSSI len = 248
06-22 16:29:46.787  2869  2869 D wpa_supplicant: wpa_driver_wext_driver_cmd UB_Secure rssi -78  len = 19, 19
06-22 16:29:46.787  2869  2869 D wpa_supplicant: wpa_driver_wext_driver_cmd LINKSPEED len = 248
06-22 16:29:46.791  2869  2869 D wpa_supplicant: wpa_driver_wext_driver_cmd LinkSpeed 72 len = 12, 12
06-22 16:29:49.803  2869  2869 D wpa_supplicant: wpa_driver_wext_driver_cmd RSSI len = 248
06-22 16:29:49.811  2869  2869 D wpa_supplicant: wpa_driver_wext_driver_cmd UB_Secure rssi -77  len = 19, 19
06-22 16:29:49.811  2869  2869 D wpa_supplicant: wpa_driver_wext_driver_cmd LINKSPEED len = 248
06-22 16:29:49.815  2869  2869 D wpa_supplicant: wpa_driver_wext_driver_cmd LinkSpeed 72 len = 12, 12
06-22 16:29:52.823  2869  2869 D wpa_supplicant: wpa_driver_wext_driver_cmd RSSI len = 248
06-22 16:29:52.834  2869  2869 D wpa_supplicant: wpa_driver_wext_driver_cmd UB_Secure rssi -78  len = 19, 19
06-22 16:29:52.834  2869  2869 D wpa_supplicant: wpa_driver_wext_driver_cmd LINKSPEED len = 248
06-22 16:29:52.838  2869  2869 D wpa_supplicant: wpa_driver_wext_driver_cmd LinkSpeed 72 len = 12, 12
06-22 16:29:55.846  2869  2869 D wpa_supplicant: wpa_driver_wext_driver_cmd RSSI len = 248
06-22 16:29:55.854  2869  2869 D wpa_supplicant: wpa_driver_wext_driver_cmd UB_Secure rssi -77  len = 19, 19
06-22 16:29:55.854  2869  2869 D wpa_supplicant: wpa_driver_wext_driver_cmd LINKSPEED len = 248
06-22 16:29:55.858  2869  2869 D wpa_supplicant: wpa_driver_wext_driver_cmd LinkSpeed 72 len = 12, 12
06-22 16:29:58.865  2869  2869 D wpa_supplicant: wpa_driver_wext_driver_cmd RSSI len = 248
06-22 16:29:58.873  2869  2869 D wpa_supplicant: wpa_driver_wext_driver_cmd UB_Secure rssi -76  len = 19, 19
06-22 16:29:58.873  2869  2869 D wpa_supplicant: wpa_driver_wext_driver_cmd LINKSPEED len = 248
06-22 16:29:58.877  2869  2869 D wpa_supplicant: wpa_driver_wext_driver_cmd LinkSpeed 72 len = 12, 12
06-22 16:30:01.893  2869  2869 D wpa_supplicant: wpa_driver_wext_driver_cmd RSSI len = 248
06-22 16:30:01.901  2869  2869 D wpa_supplicant: wpa_driver_wext_driver_cmd UB_Secure rssi -76  len = 19, 19
06-22 16:30:01.901  2869  2869 D wpa_supplicant: wpa_driver_wext_driver_cmd LINKSPEED len = 248
06-22 16:30:01.905  2869  2869 D wpa_supplicant: wpa_driver_wext_driver_cmd LinkSpeed 72 len = 12, 12
06-22 16:30:04.912  2869  2869 D wpa_supplicant: wpa_driver_wext_driver_cmd RSSI len = 248
06-22 16:30:04.920  2869  2869 D wpa_supplicant: wpa_driver_wext_driver_cmd UB_Secure rssi -76  len = 19, 19
06-22 16:30:04.920  2869  2869 D wpa_supplicant: wpa_driver_wext_driver_cmd LINKSPEED len = 248
06-22 16:30:04.924  2869  2869 D wpa_supplicant: wpa_driver_wext_driver_cmd LinkSpeed 72 len = 12, 12
06-22 16:30:07.940  2869  2869 D wpa_supplicant: wpa_driver_wext_driver_cmd RSSI len = 248
06-22 16:30:07.948  2869  2869 D wpa_supplicant: wpa_driver_wext_driver_cmd UB_Secure rssi -76  len = 19, 19
06-22 16:30:07.948  2869  2869 D wpa_supplicant: wpa_driver_wext_driver_cmd LINKSPEED len = 248
06-22 16:30:07.951  2869  2869 D wpa_supplicant: wpa_driver_wext_driver_cmd LinkSpeed 72 len = 12, 12
06-22 16:30:10.959  2869  2869 D wpa_supplicant: wpa_driver_wext_driver_cmd RSSI len = 248
06-22 16:30:10.967  2869  2869 D wpa_supplicant: wpa_driver_wext_driver_cmd UB_Secure rssi -76  len = 19, 19
06-22 16:30:10.967  2869  2869 D wpa_supplicant: wpa_driver_wext_driver_cmd LINKSPEED len = 248
06-22 16:30:10.971  2869  2869 D wpa_supplicant: wpa_driver_wext_driver_cmd LinkSpeed 72 len = 12, 12
06-22 16:30:13.979  2869  2869 D wpa_supplicant: wpa_driver_wext_driver_cmd RSSI len = 248
06-22 16:30:13.990  2869  2869 D wpa_supplicant: wpa_driver_wext_driver_cmd UB_Secure rssi -76  len = 19, 19
06-22 16:30:13.990  2869  2869 D wpa_supplicant: wpa_driver_wext_driver_cmd LINKSPEED len = 248
06-22 16:30:13.994  2869  2869 D wpa_supplicant: wpa_driver_wext_driver_cmd LinkSpeed 72 len = 12, 12
06-22 16:30:17.002  2869  2869 D wpa_supplicant: wpa_driver_wext_driver_cmd RSSI len = 248
06-22 16:30:17.014  2869  2869 D wpa_supplicant: wpa_driver_wext_driver_cmd UB_Secure rssi -76  len = 19, 19
06-22 16:30:17.014  2869  2869 D wpa_supplicant: wpa_driver_wext_driver_cmd LINKSPEED len = 248
06-22 16:30:17.018  2869  2869 D wpa_supplicant: wpa_driver_wext_driver_cmd LinkSpeed 72 len = 12, 12
06-22 16:30:20.022  2869  2869 D wpa_supplicant: wpa_driver_wext_driver_cmd RSSI len = 248
06-22 16:30:20.033  2869  2869 D wpa_supplicant: wpa_driver_wext_driver_cmd UB_Secure rssi -76  len = 19, 19
06-22 16:30:20.033  2869  2869 D wpa_supplicant: wpa_driver_wext_driver_cmd LINKSPEED len = 248
06-22 16:30:20.037  2869  2869 D wpa_supplicant: wpa_driver_wext_driver_cmd LinkSpeed 72 len = 12, 12
06-22 16:30:22.131  2539  2539 D SAN_SERVICE: *******************************************
06-22 16:30:22.131  2539  2539 D SAN_SERVICE: DM App Phone Service State - 0
06-22 16:30:22.131  2539  2539 D SAN_SERVICE: *******************************************
06-22 16:30:23.045  2869  2869 D wpa_supplicant: wpa_driver_wext_driver_cmd RSSI len = 248
06-22 16:30:23.053  2869  2869 D wpa_supplicant: wpa_driver_wext_driver_cmd UB_Secure rssi -76  len = 19, 19
06-22 16:30:23.053  2869  2869 D wpa_supplicant: wpa_driver_wext_driver_cmd LINKSPEED len = 248
06-22 16:30:23.057  2869  2869 D wpa_supplicant: wpa_driver_wext_driver_cmd LinkSpeed 72 len = 12, 12
06-22 16:30:25.612  2539  2539 D SAN_SERVICE: *******************************************
06-22 16:30:25.612  2539  2539 D SAN_SERVICE: DM App Phone Service State - 0
06-22 16:30:25.615  2539  2539 D SAN_SERVICE: *******************************************
06-22 16:30:26.065  2869  2869 D wpa_supplicant: wpa_driver_wext_driver_cmd RSSI len = 248
06-22 16:30:26.073  2869  2869 D wpa_supplicant: wpa_driver_wext_driver_cmd UB_Secure rssi -75  len = 19, 19
06-22 16:30:26.073  2869  2869 D wpa_supplicant: wpa_driver_wext_driver_cmd LINKSPEED len = 248
06-22 16:30:26.076  2869  2869 D wpa_supplicant: wpa_driver_wext_driver_cmd LinkSpeed 72 len = 12, 12
06-22 16:30:28.682  2360  2615 I AudioService:  AudioFocus  requestAudioFocus() from android.media.AudioManager@4132f6c8com.spotify.mobile.android.service.s@41336ba8
06-22 16:30:28.740  2360  2360 D dalvikvm: GC_EXPLICIT freed 1175K, 26% free 16472K/22023K, paused 2ms+8ms
06-22 16:30:28.744  2332  2355 D AudioHardware: AudioHardware pcm playback is exiting standby.
06-22 16:30:28.744  2332  2355 D AudioHardware: openPcmOut_l() mPcmOpenCnt: 0
06-22 16:30:28.752  2869  2869 D wpa_supplicant: wpa_driver_wext_driver_cmd SETSUSPENDOPT 0 len = 4096
06-22 16:30:28.752  2869  2869 D wpa_supplicant: wpa_driver_wext_driver_cmd SETSUSPENDOPT 0 len = 0, 15
06-22 16:30:28.752  2869  2869 D wpa_supplicant: wpa_driver_wext_driver_cmd POWERMODE 0 len = 4096
06-22 16:30:28.752  2869  2869 D wpa_supplicant: wpa_driver_wext_driver_cmd OK len = 0, 2
06-22 16:30:28.752 22701 22718 D ActivityThread: Loading provider com.spotify.mobile.android: com.spotify.mobile.android.provider.SpotifyProvider
06-22 16:30:28.791 22701 22701 D dalvikvm: GC_FOR_ALLOC freed 476K, 11% free 10033K/11271K, paused 16ms
06-22 16:30:28.881 22701 22701 D dalvikvm: GC_FOR_ALLOC freed 377K, 12% free 10009K/11271K, paused 50ms
06-22 16:30:29.088  2869  2869 D wpa_supplicant: wpa_driver_wext_driver_cmd RSSI len = 248
06-22 16:30:29.088  2869  2869 D wpa_supplicant: wpa_driver_wext_driver_cmd UB_Secure rssi -74  len = 19, 19
06-22 16:30:29.088  2869  2869 D wpa_supplicant: wpa_driver_wext_driver_cmd LINKSPEED len = 248
06-22 16:30:29.088  2869  2869 D wpa_supplicant: wpa_driver_wext_driver_cmd LinkSpeed 72 len = 12, 12
06-22 16:30:29.104 22701 22703 D dalvikvm: GC_CONCURRENT freed 427K, 11% free 10093K/11271K, paused 2ms+3ms
06-22 16:30:31.826  2869  2869 D wpa_supplicant: wpa_driver_wext_driver_cmd SETSUSPENDOPT 0 len = 4096
06-22 16:30:31.826  2869  2869 D wpa_supplicant: wpa_driver_wext_driver_cmd SETSUSPENDOPT 0 len = 0, 15
06-22 16:30:31.830  2869  2869 D wpa_supplicant: wpa_driver_wext_driver_cmd POWERMODE 0 len = 4096
06-22 16:30:31.838  2869  2869 D wpa_supplicant: wpa_driver_wext_driver_cmd OK len = 0, 2
06-22 16:30:31.838  2869  2869 D wpa_supplicant: WPS: Building WPS IE for Probe Request
06-22 16:30:31.838  2869  2869 D wpa_supplicant: WPS:  * Version (hardcoded 0x10)
06-22 16:30:31.838  2869  2869 D wpa_supplicant: WPS:  * Request Type
06-22 16:30:31.838  2869  2869 D wpa_supplicant: WPS:  * Config Methods (2388)
06-22 16:30:31.838  2869  2869 D wpa_supplicant: WPS:  * UUID-E
06-22 16:30:31.838  2869  2869 D wpa_supplicant: WPS:  * Primary Device Type
06-22 16:30:31.838  2869  2869 D wpa_supplicant: WPS:  * RF Bands (3)
06-22 16:30:31.838  2869  2869 D wpa_supplicant: WPS:  * Association State
06-22 16:30:31.838  2869  2869 D wpa_supplicant: WPS:  * Configuration Error (0)
06-22 16:30:31.838  2869  2869 D wpa_supplicant: WPS:  * Device Password ID (0)
06-22 16:30:31.838  2869  2869 D wpa_supplicant: WPS:  * Manufacturer
06-22 16:30:31.838  2869  2869 D wpa_supplicant: WPS:  * Model Name
06-22 16:30:31.838  2869  2869 D wpa_supplicant: WPS:  * Model Number
06-22 16:30:31.838  2869  2869 D wpa_supplicant: WPS:  * Device Name
06-22 16:30:31.838  2869  2869 D wpa_supplicant: WPS:  * Version2 (0x20)
06-22 16:30:31.838  2869  2869 D wpa_supplicant: wpa_driver_wext_combo_scan: Start
06-22 16:30:31.838  2869  2869 D wpa_supplicant: For Scan: (null)
06-22 16:30:31.846  2869  2869 D wpa_supplicant: Scan requested (ret=0) - scan timeout 30 seconds
06-22 16:30:32.092  2869  2869 D wpa_supplicant: wpa_driver_wext_driver_cmd RSSI len = 248
06-22 16:30:32.092  2869  2869 D wpa_supplicant: wpa_driver_wext_driver_cmd UB_Secure rssi -77  len = 19, 19
06-22 16:30:32.092  2869  2869 D wpa_supplicant: wpa_driver_wext_driver_cmd LINKSPEED len = 248
06-22 16:30:32.096  2869  2869 D wpa_supplicant: wpa_driver_wext_driver_cmd LinkSpeed 72 len = 12, 12
06-22 16:30:33.022  2869  2869 D wpa_supplicant: RTM_NEWLINK: operstate=1 ifi_flags=0x11043 ([UP][RUNNING][LOWER_UP])
06-22 16:30:33.022  2869  2869 D wpa_supplicant: RTM_NEWLINK, IFLA_IFNAME: Interface 'wlan0' added
06-22 16:30:33.022  2869  2869 D wpa_supplicant: Wireless event: cmd=0x8b19 len=8
06-22 16:30:33.022  2869  2869 D wpa_supplicant: Received 1708 bytes of scan results (9 BSSes)
06-22 16:30:33.151 21526 21529 D dalvikvm: GC_CONCURRENT freed 506K, 6% free 10402K/11015K, paused 2ms+6ms
06-22 16:30:33.221  2869  2869 D wpa_supplicant: wpa_driver_wext_driver_cmd SETSUSPENDOPT 0 len = 4096
06-22 16:30:33.221  2869  2869 D wpa_supplicant: wpa_driver_wext_driver_cmd SETSUSPENDOPT 0 len = 0, 15
06-22 16:30:33.221  2869  2869 D wpa_supplicant: wpa_driver_wext_driver_cmd POWERMODE 0 len = 4096
06-22 16:30:33.229  2869  2869 D wpa_supplicant: wpa_driver_wext_driver_cmd OK len = 0, 2
06-22 16:30:33.319 23150 23152 D dalvikvm: GC_CONCURRENT freed 675K, 8% free 10108K/10887K, paused 2ms+2ms
06-22 16:30:35.112  2869  2869 D wpa_supplicant: wpa_driver_wext_driver_cmd RSSI len = 248
06-22 16:30:35.151  2869  2869 D wpa_supplicant: wpa_driver_wext_driver_cmd UB_Secure rssi -77  len = 19, 19
06-22 16:30:35.151  2869  2869 D wpa_supplicant: wpa_driver_wext_driver_cmd LINKSPEED len = 248
06-22 16:30:35.166  2869  2869 D wpa_supplicant: wpa_driver_wext_driver_cmd LinkSpeed 72 len = 12, 12
06-22 16:30:38.174  2869  2869 D wpa_supplicant: wpa_driver_wext_driver_cmd RSSI len = 248
06-22 16:30:38.194  2869  2869 D wpa_supplicant: wpa_driver_wext_driver_cmd UB_Secure rssi -77  len = 19, 19
06-22 16:30:38.194  2869  2869 D wpa_supplicant: wpa_driver_wext_driver_cmd LINKSPEED len = 248
06-22 16:30:38.198  2869  2869 D wpa_supplicant: wpa_driver_wext_driver_cmd LinkSpeed 72 len = 12, 12
06-22 16:30:41.201  2869  2869 D wpa_supplicant: wpa_driver_wext_driver_cmd RSSI len = 248
06-22 16:30:41.209  2869  2869 D wpa_supplicant: wpa_driver_wext_driver_cmd UB_Secure rssi -77  len = 19, 19
06-22 16:30:41.209  2869  2869 D wpa_supplicant: wpa_driver_wext_driver_cmd LINKSPEED len = 248
06-22 16:30:41.209  2869  2869 D wpa_supplicant: wpa_driver_wext_driver_cmd LinkSpeed 72 len = 12, 12
06-22 16:30:44.213  2869  2869 D wpa_supplicant: wpa_driver_wext_driver_cmd RSSI len = 248
06-22 16:30:44.221  2869  2869 D wpa_supplicant: wpa_driver_wext_driver_cmd UB_Secure rssi -78  len = 19, 19
06-22 16:30:44.221  2869  2869 D wpa_supplicant: wpa_driver_wext_driver_cmd LINKSPEED len = 248
06-22 16:30:44.221  2869  2869 D wpa_supplicant: wpa_driver_wext_driver_cmd LinkSpeed 72 len = 12, 12
06-22 16:30:45.018  2360  2536 D AlarmManagerService: Kernel timezone updated to 240 minutes west of GMT
06-22 16:30:46.037  2360  2615 D AlarmManagerService: Kernel timezone updated to 240 minutes west of GMT
06-22 16:30:46.713 23213 23253 I PhoneLab-: Service Running
06-22 16:30:46.819 23213 23253 I PhoneLab-LoggerService: app_37    3205  1     2360   1924  c00f181c 400107b4 S logcat
06-22 16:30:46.823 23213 23253 I PhoneLab-LoggerService: Logcat pid from database 3205
06-22 16:30:46.823 23213 23253 I PhoneLab-LoggerService: Logcat process found 3205
06-22 16:30:46.823 23213 23253 I PhoneLab-LoggerService: Checking Threshold
06-22 16:30:46.823 23213 23253 I PhoneLab-LoggerService: Starting to rename files
06-22 16:30:46.823 23213 23253 I PhoneLab-LoggerService: Files found .. 3
06-22 16:30:47.225  2869  2869 D wpa_supplicant: wpa_driver_wext_driver_cmd RSSI len = 248
06-22 16:30:47.237  2869  2869 D wpa_supplicant: wpa_driver_wext_driver_cmd UB_Secure rssi -78  len = 19, 19
06-22 16:30:47.237  2869  2869 D wpa_supplicant: wpa_driver_wext_driver_cmd LINKSPEED len = 248
06-22 16:30:47.237  2869  2869 D wpa_supplicant: wpa_driver_wext_driver_cmd LinkSpeed 72 len = 12, 12
06-22 16:30:49.436  2539  2539 D SAN_SERVICE: *******************************************
06-22 16:30:49.436  2539  2539 D SAN_SERVICE: DM App Phone Service State - 0
06-22 16:30:49.436  2539  2539 D SAN_SERVICE: *******************************************
06-22 16:30:49.455  2539  2541 D dalvikvm: GC_CONCURRENT freed 414K, 7% free 9620K/10247K, paused 4ms+2ms
06-22 16:30:50.037  2539  2539 D SAN_SERVICE: *******************************************
06-22 16:30:50.041  2539  2539 D SAN_SERVICE: DM App Phone Service State - 0
06-22 16:30:50.041  2539  2539 D SAN_SERVICE: *******************************************
06-22 16:30:50.244  2869  2869 D wpa_supplicant: wpa_driver_wext_driver_cmd RSSI len = 248
06-22 16:30:50.252  2869  2869 D wpa_supplicant: wpa_driver_wext_driver_cmd UB_Secure rssi -78  len = 19, 19
06-22 16:30:50.252  2869  2869 D wpa_supplicant: wpa_driver_wext_driver_cmd LINKSPEED len = 248
06-22 16:30:50.276  2869  2869 D wpa_supplicant: wpa_driver_wext_driver_cmd LinkSpeed 72 len = 12, 12
06-22 16:30:51.623  2539  2539 D SAN_SERVICE: *******************************************
06-22 16:30:51.623  2539  2539 D SAN_SERVICE: DM App Phone Service State - 0
06-22 16:30:51.623  2539  2539 D SAN_SERVICE: *******************************************
06-22 16:30:52.115  2360  2536 D AlarmManagerService: Kernel timezone updated to 240 minutes west of GMT
06-22 16:30:52.127  2539  2539 D SAN_SERVICE: *******************************************
06-22 16:30:52.127  2539  2539 D SAN_SERVICE: DM App Phone Service State - 0
06-22 16:30:52.127  2539  2539 D SAN_SERVICE: *******************************************
06-22 16:30:53.280  2869  2869 D wpa_supplicant: wpa_driver_wext_driver_cmd RSSI len = 248
06-22 16:30:53.291  2869  2869 D wpa_supplicant: wpa_driver_wext_driver_cmd UB_Secure rssi -77  len = 19, 19
06-22 16:30:53.291  2869  2869 D wpa_supplicant: wpa_driver_wext_driver_cmd LINKSPEED len = 248
06-22 16:30:53.295  2869  2869 D wpa_supplicant: wpa_driver_wext_driver_cmd LinkSpeed 72 len = 12, 12
06-22 16:30:56.299  2869  2869 D wpa_supplicant: wpa_driver_wext_driver_cmd RSSI len = 248
06-22 16:30:56.307  2869  2869 D wpa_supplicant: wpa_driver_wext_driver_cmd UB_Secure rssi -77  len = 19, 19
06-22 16:30:56.307  2869  2869 D wpa_supplicant: wpa_driver_wext_driver_cmd LINKSPEED len = 248
06-22 16:30:56.311  2869  2869 D wpa_supplicant: wpa_driver_wext_driver_cmd LinkSpeed 72 len = 12, 12
06-22 16:30:59.315  2869  2869 D wpa_supplicant: wpa_driver_wext_driver_cmd RSSI len = 248
06-22 16:30:59.323  2869  2869 D wpa_supplicant: wpa_driver_wext_driver_cmd UB_Secure rssi -78  len = 19, 19
06-22 16:30:59.323  2869  2869 D wpa_supplicant: wpa_driver_wext_driver_cmd LINKSPEED len = 248
06-22 16:30:59.323  2869  2869 D wpa_supplicant: wpa_driver_wext_driver_cmd LinkSpeed 72 len = 12, 12
06-22 16:31:02.326  2869  2869 D wpa_supplicant: wpa_driver_wext_driver_cmd RSSI len = 248
06-22 16:31:02.350  2869  2869 D wpa_supplicant: wpa_driver_wext_driver_cmd UB_Secure rssi -79  len = 19, 19
06-22 16:31:02.350  2869  2869 D wpa_supplicant: wpa_driver_wext_driver_cmd LINKSPEED len = 248
06-22 16:31:02.350  2869  2869 D wpa_supplicant: wpa_driver_wext_driver_cmd LinkSpeed 72 len = 12, 12
06-22 16:31:05.354  2869  2869 D wpa_supplicant: wpa_driver_wext_driver_cmd RSSI len = 248
06-22 16:31:05.365  2869  2869 D wpa_supplicant: wpa_driver_wext_driver_cmd UB_Secure rssi -81  len = 19, 19
06-22 16:31:05.365  2869  2869 D wpa_supplicant: wpa_driver_wext_driver_cmd LINKSPEED len = 248
06-22 16:31:05.365  2869  2869 D wpa_supplicant: wpa_driver_wext_driver_cmd LinkSpeed 72 len = 12, 12
06-22 16:31:08.373  2869  2869 D wpa_supplicant: wpa_driver_wext_driver_cmd RSSI len = 248
06-22 16:31:08.381  2869  2869 D wpa_supplicant: wpa_driver_wext_driver_cmd UB_Secure rssi -79  len = 19, 19
06-22 16:31:08.381  2869  2869 D wpa_supplicant: wpa_driver_wext_driver_cmd LINKSPEED len = 248
06-22 16:31:08.381  2869  2869 D wpa_supplicant: wpa_driver_wext_driver_cmd LinkSpeed 72 len = 12, 12
06-22 16:31:11.389  2869  2869 D wpa_supplicant: wpa_driver_wext_driver_cmd RSSI len = 248
06-22 16:31:11.397  2869  2869 D wpa_supplicant: wpa_driver_wext_driver_cmd UB_Secure rssi -78  len = 19, 19
06-22 16:31:11.397  2869  2869 D wpa_supplicant: wpa_driver_wext_driver_cmd LINKSPEED len = 248
06-22 16:31:11.397  2869  2869 D wpa_supplicant: wpa_driver_wext_driver_cmd LinkSpeed 72 len = 12, 12
06-22 16:31:14.401  2869  2869 D wpa_supplicant: wpa_driver_wext_driver_cmd RSSI len = 248
06-22 16:31:14.408  2869  2869 D wpa_supplicant: wpa_driver_wext_driver_cmd UB_Secure rssi -78  len = 19, 19
06-22 16:31:14.408  2869  2869 D wpa_supplicant: wpa_driver_wext_driver_cmd LINKSPEED len = 248
06-22 16:31:14.408  2869  2869 D wpa_supplicant: wpa_driver_wext_driver_cmd LinkSpeed 72 len = 12, 12
06-22 16:31:17.412  2869  2869 D wpa_supplicant: wpa_driver_wext_driver_cmd RSSI len = 248
06-22 16:31:17.420  2869  2869 D wpa_supplicant: wpa_driver_wext_driver_cmd UB_Secure rssi -79  len = 19, 19
06-22 16:31:17.420  2869  2869 D wpa_supplicant: wpa_driver_wext_driver_cmd LINKSPEED len = 248
06-22 16:31:17.436  2869  2869 D wpa_supplicant: wpa_driver_wext_driver_cmd LinkSpeed 72 len = 12, 12
06-22 16:31:20.440  2869  2869 D wpa_supplicant: wpa_driver_wext_driver_cmd RSSI len = 248
06-22 16:31:20.455  2869  2869 D wpa_supplicant: wpa_driver_wext_driver_cmd UB_Secure rssi -78  len = 19, 19
06-22 16:31:20.455  2869  2869 D wpa_supplicant: wpa_driver_wext_driver_cmd LINKSPEED len = 248
06-22 16:31:20.459  2869  2869 D wpa_supplicant: wpa_driver_wext_driver_cmd LinkSpeed 72 len = 12, 12
06-22 16:31:20.557  2869  2869 D wpa_supplicant: wpa_driver_wext_driver_cmd SETSUSPENDOPT 0 len = 4096
06-22 16:31:20.557  2869  2869 D wpa_supplicant: wpa_driver_wext_driver_cmd SETSUSPENDOPT 0 len = 0, 15
06-22 16:31:20.561  2869  2869 D wpa_supplicant: wpa_driver_wext_driver_cmd POWERMODE 0 len = 4096
06-22 16:31:20.569  2869  2869 D wpa_supplicant: wpa_driver_wext_driver_cmd OK len = 0, 2
06-22 16:31:20.619 22701 22703 D dalvikvm: GC_CONCURRENT freed 510K, 11% free 10073K/11271K, paused 1ms+3ms
06-22 16:31:20.682 22701 22701 D dalvikvm: GC_FOR_ALLOC freed 412K, 12% free 10007K/11271K, paused 27ms
06-22 16:31:20.725 22701 22701 D dalvikvm: GC_FOR_ALLOC freed 348K, 12% free 10007K/11271K, paused 15ms
06-22 16:31:20.869 22701 22703 D dalvikvm: GC_CONCURRENT freed 420K, 11% free 10061K/11271K, paused 1ms+3ms
06-22 16:31:20.873 22795 22798 D dalvikvm: GC_CONCURRENT freed 648K, 15% free 11534K/13511K, paused 2ms+6ms
06-22 16:31:23.463  2869  2869 D wpa_supplicant: wpa_driver_wext_driver_cmd RSSI len = 248
06-22 16:31:23.471  2869  2869 D wpa_supplicant: wpa_driver_wext_driver_cmd UB_Secure rssi -77  len = 19, 19
06-22 16:31:23.471  2869  2869 D wpa_supplicant: wpa_driver_wext_driver_cmd LINKSPEED len = 248
06-22 16:31:23.471  2869  2869 D wpa_supplicant: wpa_driver_wext_driver_cmd LinkSpeed 72 len = 12, 12
06-22 16:31:23.608  2332  2355 D AudioHardware: AudioHardware pcm playback is going to standby.
06-22 16:31:23.608  2332  2355 D AudioHardware: closePcmOut_l() mPcmOpenCnt: 1
06-22 16:31:26.479  2869  2869 D wpa_supplicant: wpa_driver_wext_driver_cmd RSSI len = 248
06-22 16:31:26.487  2869  2869 D wpa_supplicant: wpa_driver_wext_driver_cmd UB_Secure rssi -77  len = 19, 19
06-22 16:31:26.487  2869  2869 D wpa_supplicant: wpa_driver_wext_driver_cmd LINKSPEED len = 248
06-22 16:31:26.490  2869  2869 D wpa_supplicant: wpa_driver_wext_driver_cmd LinkSpeed 72 len = 12, 12
06-22 16:31:28.948  2539  2539 D SAN_SERVICE: *******************************************
06-22 16:31:28.948  2539  2539 D SAN_SERVICE: DM App Phone Service State - 0
06-22 16:31:28.948  2539  2539 D SAN_SERVICE: *******************************************
06-22 16:31:28.987  2360  2601 D AlarmManagerService: Kernel timezone updated to 240 minutes west of GMT
06-22 16:31:29.494  2869  2869 D wpa_supplicant: wpa_driver_wext_driver_cmd RSSI len = 248
06-22 16:31:29.502  2869  2869 D wpa_supplicant: wpa_driver_wext_driver_cmd UB_Secure rssi -79  len = 19, 19
06-22 16:31:29.502  2869  2869 D wpa_supplicant: wpa_driver_wext_driver_cmd LINKSPEED len = 248
06-22 16:31:29.506  2869  2869 D wpa_supplicant: wpa_driver_wext_driver_cmd LinkSpeed 72 len = 12, 12
06-22 16:31:31.881  2869  2869 D wpa_supplicant: wpa_driver_wext_driver_cmd SETSUSPENDOPT 0 len = 4096
06-22 16:31:31.881  2869  2869 D wpa_supplicant: wpa_driver_wext_driver_cmd SETSUSPENDOPT 0 len = 0, 15
06-22 16:31:31.885  2869  2869 D wpa_supplicant: wpa_driver_wext_driver_cmd POWERMODE 0 len = 4096
06-22 16:31:31.889  2869  2869 D wpa_supplicant: wpa_driver_wext_driver_cmd OK len = 0, 2
06-22 16:31:31.893  2869  2869 D wpa_supplicant: WPS: Building WPS IE for Probe Request
06-22 16:31:31.893  2869  2869 D wpa_supplicant: WPS:  * Version (hardcoded 0x10)
06-22 16:31:31.893  2869  2869 D wpa_supplicant: WPS:  * Request Type
06-22 16:31:31.893  2869  2869 D wpa_supplicant: WPS:  * Config Methods (2388)
06-22 16:31:31.893  2869  2869 D wpa_supplicant: WPS:  * UUID-E
06-22 16:31:31.893  2869  2869 D wpa_supplicant: WPS:  * Primary Device Type
06-22 16:31:31.893  2869  2869 D wpa_supplicant: WPS:  * RF Bands (3)
06-22 16:31:31.893  2869  2869 D wpa_supplicant: WPS:  * Association State
06-22 16:31:31.893  2869  2869 D wpa_supplicant: WPS:  * Configuration Error (0)
06-22 16:31:31.893  2869  2869 D wpa_supplicant: WPS:  * Device Password ID (0)
06-22 16:31:31.893  2869  2869 D wpa_supplicant: WPS:  * Manufacturer
06-22 16:31:31.893  2869  2869 D wpa_supplicant: WPS:  * Model Name
06-22 16:31:31.893  2869  2869 D wpa_supplicant: WPS:  * Model Number
06-22 16:31:31.893  2869  2869 D wpa_supplicant: WPS:  * Device Name
06-22 16:31:31.893  2869  2869 D wpa_supplicant: WPS:  * Version2 (0x20)
06-22 16:31:31.893  2869  2869 D wpa_supplicant: wpa_driver_wext_combo_scan: Start
06-22 16:31:31.893  2869  2869 D wpa_supplicant: For Scan: (null)
06-22 16:31:31.901  2869  2869 D wpa_supplicant: Scan requested (ret=0) - scan timeout 30 seconds
06-22 16:31:32.514  2869  2869 D wpa_supplicant: wpa_driver_wext_driver_cmd RSSI len = 248
06-22 16:31:32.514  2869  2869 D wpa_supplicant: wpa_driver_wext_driver_cmd UB_Secure rssi -79  len = 19, 19
06-22 16:31:32.514  2869  2869 D wpa_supplicant: wpa_driver_wext_driver_cmd LINKSPEED len = 248
06-22 16:31:32.518  2869  2869 D wpa_supplicant: wpa_driver_wext_driver_cmd LinkSpeed 72 len = 12, 12
06-22 16:31:33.069  2869  2869 D wpa_supplicant: RTM_NEWLINK: operstate=1 ifi_flags=0x11043 ([UP][RUNNING][LOWER_UP])
06-22 16:31:33.069  2869  2869 D wpa_supplicant: RTM_NEWLINK, IFLA_IFNAME: Interface 'wlan0' added
06-22 16:31:33.069  2869  2869 D wpa_supplicant: Wireless event: cmd=0x8b19 len=8
06-22 16:31:33.069  2869  2869 D wpa_supplicant: Received 1778 bytes of scan results (9 BSSes)
06-22 16:31:33.264  2869  2869 D wpa_supplicant: wpa_driver_wext_driver_cmd SETSUSPENDOPT 0 len = 4096
06-22 16:31:33.264  2869  2869 D wpa_supplicant: wpa_driver_wext_driver_cmd SETSUSPENDOPT 0 len = 0, 15
06-22 16:31:33.264  2869  2869 D wpa_supplicant: wpa_driver_wext_driver_cmd POWERMODE 0 len = 4096
06-22 16:31:33.272  2869  2869 D wpa_supplicant: wpa_driver_wext_driver_cmd OK len = 0, 2
06-22 16:31:33.315 21526 21529 D dalvikvm: GC_CONCURRENT freed 398K, 6% free 10389K/11015K, paused 12ms+4ms
06-22 16:31:35.522  2869  2869 D wpa_supplicant: wpa_driver_wext_driver_cmd RSSI len = 248
06-22 16:31:35.530  2869  2869 D wpa_supplicant: wpa_driver_wext_driver_cmd UB_Secure rssi -77  len = 19, 19
06-22 16:31:35.530  2869  2869 D wpa_supplicant: wpa_driver_wext_driver_cmd LINKSPEED len = 248
06-22 16:31:35.533  2869  2869 D wpa_supplicant: wpa_driver_wext_driver_cmd LinkSpeed 72 len = 12, 12
06-22 16:31:38.537  2869  2869 D wpa_supplicant: wpa_driver_wext_driver_cmd RSSI len = 248
06-22 16:31:38.545  2869  2869 D wpa_supplicant: wpa_driver_wext_driver_cmd UB_Secure rssi -78  len = 19, 19
06-22 16:31:38.545  2869  2869 D wpa_supplicant: wpa_driver_wext_driver_cmd LINKSPEED len = 248
06-22 16:31:38.549  2869  2869 D wpa_supplicant: wpa_driver_wext_driver_cmd LinkSpeed 72 len = 12, 12
06-22 16:31:41.557  2869  2869 D wpa_supplicant: wpa_driver_wext_driver_cmd RSSI len = 248
06-22 16:31:41.565  2869  2869 D wpa_supplicant: wpa_driver_wext_driver_cmd UB_Secure rssi -78  len = 19, 19
06-22 16:31:41.565  2869  2869 D wpa_supplicant: wpa_driver_wext_driver_cmd LINKSPEED len = 248
06-22 16:31:41.569  2869  2869 D wpa_supplicant: wpa_driver_wext_driver_cmd LinkSpeed 72 len = 12, 12
06-22 16:31:44.576  2869  2869 D wpa_supplicant: wpa_driver_wext_driver_cmd RSSI len = 248
06-22 16:31:44.584  2869  2869 D wpa_supplicant: wpa_driver_wext_driver_cmd UB_Secure rssi -77  len = 19, 19
06-22 16:31:44.584  2869  2869 D wpa_supplicant: wpa_driver_wext_driver_cmd LINKSPEED len = 248
06-22 16:31:44.588  2869  2869 D wpa_supplicant: wpa_driver_wext_driver_cmd LinkSpeed 72 len = 12, 12
06-22 16:31:47.596  2869  2869 D wpa_supplicant: wpa_driver_wext_driver_cmd RSSI len = 248
06-22 16:31:47.604  2869  2869 D wpa_supplicant: wpa_driver_wext_driver_cmd UB_Secure rssi -77  len = 19, 19
06-22 16:31:47.604  2869  2869 D wpa_supplicant: wpa_driver_wext_driver_cmd LINKSPEED len = 248
06-22 16:31:47.608  2869  2869 D wpa_supplicant: wpa_driver_wext_driver_cmd LinkSpeed 72 len = 12, 12
06-22 16:31:50.615  2869  2869 D wpa_supplicant: wpa_driver_wext_driver_cmd RSSI len = 248
06-22 16:31:50.623  2869  2869 D wpa_supplicant: wpa_driver_wext_driver_cmd UB_Secure rssi -78  len = 19, 19
06-22 16:31:50.623  2869  2869 D wpa_supplicant: wpa_driver_wext_driver_cmd LINKSPEED len = 248
06-22 16:31:50.627  2869  2869 D wpa_supplicant: wpa_driver_wext_driver_cmd LinkSpeed 72 len = 12, 12
06-22 16:31:53.635  2869  2869 D wpa_supplicant: wpa_driver_wext_driver_cmd RSSI len = 248
06-22 16:31:53.639  2869  2869 D wpa_supplicant: wpa_driver_wext_driver_cmd UB_Secure rssi -77  len = 19, 19
06-22 16:31:53.639  2869  2869 D wpa_supplicant: wpa_driver_wext_driver_cmd LINKSPEED len = 248
06-22 16:31:53.639  2869  2869 D wpa_supplicant: wpa_driver_wext_driver_cmd LinkSpeed 72 len = 12, 12
06-22 16:31:56.268  2539  2539 D SAN_SERVICE: *******************************************
06-22 16:31:56.268  2539  2539 D SAN_SERVICE: DM App Phone Service State - 0
06-22 16:31:56.268  2539  2539 D SAN_SERVICE: *******************************************
06-22 16:31:56.311 21526 21546 D dalvikvm: GC_EXPLICIT freed 4K, 6% free 10385K/11015K, paused 9ms+2ms
06-22 16:31:56.647  2869  2869 D wpa_supplicant: wpa_driver_wext_driver_cmd RSSI len = 248
06-22 16:31:56.658  2869  2869 D wpa_supplicant: wpa_driver_wext_driver_cmd UB_Secure rssi -77  len = 19, 19
06-22 16:31:56.658  2869  2869 D wpa_supplicant: wpa_driver_wext_driver_cmd LINKSPEED len = 248
06-22 16:31:56.662  2869  2869 D wpa_supplicant: wpa_driver_wext_driver_cmd LinkSpeed 72 len = 12, 12
06-22 16:31:59.674  2869  2869 D wpa_supplicant: wpa_driver_wext_driver_cmd RSSI len = 248
06-22 16:31:59.682  2869  2869 D wpa_supplicant: wpa_driver_wext_driver_cmd UB_Secure rssi -78  len = 19, 19
06-22 16:31:59.682  2869  2869 D wpa_supplicant: wpa_driver_wext_driver_cmd LINKSPEED len = 248
06-22 16:31:59.686  2869  2869 D wpa_supplicant: wpa_driver_wext_driver_cmd LinkSpeed 72 len = 12, 12
06-22 16:32:02.694  2869  2869 D wpa_supplicant: wpa_driver_wext_driver_cmd RSSI len = 248
06-22 16:32:02.701  2869  2869 D wpa_supplicant: wpa_driver_wext_driver_cmd UB_Secure rssi -76  len = 19, 19
06-22 16:32:02.701  2869  2869 D wpa_supplicant: wpa_driver_wext_driver_cmd LINKSPEED len = 248
06-22 16:32:02.705  2869  2869 D wpa_supplicant: wpa_driver_wext_driver_cmd LinkSpeed 72 len = 12, 12
06-22 16:32:05.709  2869  2869 D wpa_supplicant: wpa_driver_wext_driver_cmd RSSI len = 248
06-22 16:32:05.721  2869  2869 D wpa_supplicant: wpa_driver_wext_driver_cmd UB_Secure rssi -77  len = 19, 19
06-22 16:32:05.721  2869  2869 D wpa_supplicant: wpa_driver_wext_driver_cmd LINKSPEED len = 248
06-22 16:32:05.725  2869  2869 D wpa_supplicant: wpa_driver_wext_driver_cmd LinkSpeed 72 len = 12, 12
06-22 16:32:05.912  2539  2539 D SAN_SERVICE: *******************************************
06-22 16:32:05.912  2539  2539 D SAN_SERVICE: DM App Phone Service State - 0
06-22 16:32:05.912  2539  2539 D SAN_SERVICE: *******************************************
06-22 16:32:08.737  2869  2869 D wpa_supplicant: wpa_driver_wext_driver_cmd RSSI len = 248
06-22 16:32:08.748  2869  2869 D wpa_supplicant: wpa_driver_wext_driver_cmd UB_Secure rssi -76  len = 19, 19
06-22 16:32:08.748  2869  2869 D wpa_supplicant: wpa_driver_wext_driver_cmd LINKSPEED len = 248
06-22 16:32:08.752  2869  2869 D wpa_supplicant: wpa_driver_wext_driver_cmd LinkSpeed 72 len = 12, 12
06-22 16:32:11.760  2869  2869 D wpa_supplicant: wpa_driver_wext_driver_cmd RSSI len = 248
06-22 16:32:11.772  2869  2869 D wpa_supplicant: wpa_driver_wext_driver_cmd UB_Secure rssi -77  len = 19, 19
06-22 16:32:11.772  2869  2869 D wpa_supplicant: wpa_driver_wext_driver_cmd LINKSPEED len = 248
06-22 16:32:11.772  2869  2869 D wpa_supplicant: wpa_driver_wext_driver_cmd LinkSpeed 72 len = 12, 12
06-22 16:32:14.783  2869  2869 D wpa_supplicant: wpa_driver_wext_driver_cmd RSSI len = 248
06-22 16:32:14.791  2869  2869 D wpa_supplicant: wpa_driver_wext_driver_cmd UB_Secure rssi -78  len = 19, 19
06-22 16:32:14.791  2869  2869 D wpa_supplicant: wpa_driver_wext_driver_cmd LINKSPEED len = 248
