06-27 08:51:02.740 18999 18999 D wpa_supplicant: wpa_driver_wext_driver_cmd LinkSpeed 13 len = 12, 12
06-27 08:51:05.755 18999 18999 D wpa_supplicant: wpa_driver_wext_driver_cmd RSSI len = 248
06-27 08:51:05.763 18999 18999 D wpa_supplicant: wpa_driver_wext_driver_cmd raikiri rssi -21  len = 17, 17
06-27 08:51:05.763 18999 18999 D wpa_supplicant: wpa_driver_wext_driver_cmd LINKSPEED len = 248
06-27 08:51:05.767 18999 18999 D wpa_supplicant: wpa_driver_wext_driver_cmd LinkSpeed 13 len = 12, 12
06-27 08:51:08.353 18999 18999 D wpa_supplicant: wpa_driver_wext_driver_cmd BTCOEXMODE 1 len = 4096
06-27 08:51:08.603 18999 18999 D wpa_supplicant: wpa_driver_wext_driver_cmd OK len = 0, 2
06-27 08:51:08.603 18999 18999 D wpa_supplicant: wpa_driver_wext_driver_cmd GETPOWER len = 4096
06-27 08:51:08.611 18999 18999 D wpa_supplicant: wpa_driver_wext_driver_cmd powermode = 0 len = 13, 13
06-27 08:51:08.611 18999 18999 D wpa_supplicant: wpa_driver_wext_driver_cmd POWERMODE 1 len = 4096
06-27 08:51:08.611 18999 18999 D wpa_supplicant: wpa_driver_wext_driver_cmd OK len = 0, 2
06-27 08:51:08.771 18999 18999 D wpa_supplicant: wpa_driver_wext_driver_cmd RSSI len = 248
06-27 08:51:08.779 18999 18999 D wpa_supplicant: wpa_driver_wext_driver_cmd raikiri rssi -24  len = 17, 17
06-27 08:51:08.783 18999 18999 D wpa_supplicant: wpa_driver_wext_driver_cmd LINKSPEED len = 248
06-27 08:51:08.786 18999 18999 D wpa_supplicant: wpa_driver_wext_driver_cmd LinkSpeed 13 len = 12, 12
06-27 08:51:09.243 18999 18999 D wpa_supplicant: wpa_driver_wext_driver_cmd POWERMODE 0 len = 4096
06-27 08:51:09.247 18999 18999 D wpa_supplicant: wpa_driver_wext_driver_cmd OK len = 0, 2
06-27 08:51:09.247 18999 18999 D wpa_supplicant: wpa_driver_wext_driver_cmd BTCOEXMODE 2 len = 4096
06-27 08:51:09.251 18999 18999 D wpa_supplicant: wpa_driver_wext_driver_cmd OK len = 0, 2
06-27 08:51:09.255   142   196 D DhcpInfoInternal: makeLinkProperties with empty dns2!
06-27 08:51:09.267   142   196 D DhcpInfoInternal: makeLinkProperties with empty dns2!
06-27 08:51:11.790 18999 18999 D wpa_supplicant: wpa_driver_wext_driver_cmd RSSI len = 248
06-27 08:51:11.798 18999 18999 D wpa_supplicant: wpa_driver_wext_driver_cmd raikiri rssi -32  len = 17, 17
06-27 08:51:11.798 18999 18999 D wpa_supplicant: wpa_driver_wext_driver_cmd LINKSPEED len = 248
06-27 08:51:11.802 18999 18999 D wpa_supplicant: wpa_driver_wext_driver_cmd LinkSpeed 13 len = 12, 12
06-27 08:51:14.829 18999 18999 D wpa_supplicant: wpa_driver_wext_driver_cmd RSSI len = 248
06-27 08:51:14.837 18999 18999 D wpa_supplicant: wpa_driver_wext_driver_cmd raikiri rssi -28  len = 17, 17
06-27 08:51:14.837 18999 18999 D wpa_supplicant: wpa_driver_wext_driver_cmd LINKSPEED len = 248
06-27 08:51:14.841 18999 18999 D wpa_supplicant: wpa_driver_wext_driver_cmd LinkSpeed 13 len = 12, 12
06-27 08:51:17.845 18999 18999 D wpa_supplicant: wpa_driver_wext_driver_cmd RSSI len = 248
06-27 08:51:17.853 18999 18999 D wpa_supplicant: wpa_driver_wext_driver_cmd raikiri rssi -31  len = 17, 17
06-27 08:51:17.853 18999 18999 D wpa_supplicant: wpa_driver_wext_driver_cmd LINKSPEED len = 248
06-27 08:51:17.857 18999 18999 D wpa_supplicant: wpa_driver_wext_driver_cmd LinkSpeed 13 len = 12, 12
06-27 08:51:20.861 18999 18999 D wpa_supplicant: wpa_driver_wext_driver_cmd RSSI len = 248
06-27 08:51:20.868 18999 18999 D wpa_supplicant: wpa_driver_wext_driver_cmd raikiri rssi -33  len = 17, 17
06-27 08:51:20.868 18999 18999 D wpa_supplicant: wpa_driver_wext_driver_cmd LINKSPEED len = 248
06-27 08:51:20.872 18999 18999 D wpa_supplicant: wpa_driver_wext_driver_cmd LinkSpeed 13 len = 12, 12
06-27 08:51:23.876 18999 18999 D wpa_supplicant: wpa_driver_wext_driver_cmd RSSI len = 248
06-27 08:51:23.884 18999 18999 D wpa_supplicant: wpa_driver_wext_driver_cmd raikiri rssi -29  len = 17, 17
06-27 08:51:23.884 18999 18999 D wpa_supplicant: wpa_driver_wext_driver_cmd LINKSPEED len = 248
06-27 08:51:23.888 18999 18999 D wpa_supplicant: wpa_driver_wext_driver_cmd LinkSpeed 13 len = 12, 12
06-27 08:51:26.892 18999 18999 D wpa_supplicant: wpa_driver_wext_driver_cmd RSSI len = 248
06-27 08:51:26.900 18999 18999 D wpa_supplicant: wpa_driver_wext_driver_cmd raikiri rssi -33  len = 17, 17
06-27 08:51:26.900 18999 18999 D wpa_supplicant: wpa_driver_wext_driver_cmd LINKSPEED len = 248
06-27 08:51:26.904 18999 18999 D wpa_supplicant: wpa_driver_wext_driver_cmd LinkSpeed 13 len = 12, 12
06-27 08:51:29.908 18999 18999 D wpa_supplicant: wpa_driver_wext_driver_cmd RSSI len = 248
06-27 08:51:29.915 18999 18999 D wpa_supplicant: wpa_driver_wext_driver_cmd raikiri rssi -30  len = 17, 17
06-27 08:51:29.915 18999 18999 D wpa_supplicant: wpa_driver_wext_driver_cmd LINKSPEED len = 248
06-27 08:51:29.919 18999 18999 D wpa_supplicant: wpa_driver_wext_driver_cmd LinkSpeed 13 len = 12, 12
06-27 08:51:32.927 18999 18999 D wpa_supplicant: wpa_driver_wext_driver_cmd RSSI len = 248
06-27 08:51:32.935 18999 18999 D wpa_supplicant: wpa_driver_wext_driver_cmd raikiri rssi -29  len = 17, 17
06-27 08:51:32.935 18999 18999 D wpa_supplicant: wpa_driver_wext_driver_cmd LINKSPEED len = 248
06-27 08:51:32.939 18999 18999 D wpa_supplicant: wpa_driver_wext_driver_cmd LinkSpeed 13 len = 12, 12
06-27 08:51:35.943 18999 18999 D wpa_supplicant: wpa_driver_wext_driver_cmd RSSI len = 248
06-27 08:51:35.954 18999 18999 D wpa_supplicant: wpa_driver_wext_driver_cmd raikiri rssi -24  len = 17, 17
06-27 08:51:35.954 18999 18999 D wpa_supplicant: wpa_driver_wext_driver_cmd LINKSPEED len = 248
06-27 08:51:35.954 18999 18999 D wpa_supplicant: wpa_driver_wext_driver_cmd LinkSpeed 13 len = 12, 12
06-27 08:51:38.962 18999 18999 D wpa_supplicant: wpa_driver_wext_driver_cmd RSSI len = 248
06-27 08:51:38.966 18999 18999 D wpa_supplicant: wpa_driver_wext_driver_cmd raikiri rssi -25  len = 17, 17
06-27 08:51:38.966 18999 18999 D wpa_supplicant: wpa_driver_wext_driver_cmd LINKSPEED len = 248
06-27 08:51:38.966 18999 18999 D wpa_supplicant: wpa_driver_wext_driver_cmd LinkSpeed 13 len = 12, 12
06-27 08:51:41.974 18999 18999 D wpa_supplicant: wpa_driver_wext_driver_cmd RSSI len = 248
06-27 08:51:41.982 18999 18999 D wpa_supplicant: wpa_driver_wext_driver_cmd raikiri rssi -24  len = 17, 17
06-27 08:51:41.982 18999 18999 D wpa_supplicant: wpa_driver_wext_driver_cmd LINKSPEED len = 248
06-27 08:51:41.986 18999 18999 D wpa_supplicant: wpa_driver_wext_driver_cmd LinkSpeed 13 len = 12, 12
06-27 08:51:44.990 18999 18999 D wpa_supplicant: wpa_driver_wext_driver_cmd RSSI len = 248
06-27 08:51:45.001 18999 18999 D wpa_supplicant: wpa_driver_wext_driver_cmd raikiri rssi -27  len = 17, 17
06-27 08:51:45.001 18999 18999 D wpa_supplicant: wpa_driver_wext_driver_cmd LINKSPEED len = 248
06-27 08:51:45.005 18999 18999 D wpa_supplicant: wpa_driver_wext_driver_cmd LinkSpeed 13 len = 12, 12
06-27 08:51:48.013 18999 18999 D wpa_supplicant: wpa_driver_wext_driver_cmd RSSI len = 248
06-27 08:51:48.021 18999 18999 D wpa_supplicant: wpa_driver_wext_driver_cmd raikiri rssi -31  len = 17, 17
06-27 08:51:48.021 18999 18999 D wpa_supplicant: wpa_driver_wext_driver_cmd LINKSPEED len = 248
06-27 08:51:48.025 18999 18999 D wpa_supplicant: wpa_driver_wext_driver_cmd LinkSpeed 13 len = 12, 12
06-27 08:51:51.029 18999 18999 D wpa_supplicant: wpa_driver_wext_driver_cmd RSSI len = 248
06-27 08:51:51.036 18999 18999 D wpa_supplicant: wpa_driver_wext_driver_cmd raikiri rssi -25  len = 17, 17
06-27 08:51:51.036 18999 18999 D wpa_supplicant: wpa_driver_wext_driver_cmd LINKSPEED len = 248
06-27 08:51:51.040 18999 18999 D wpa_supplicant: wpa_driver_wext_driver_cmd LinkSpeed 13 len = 12, 12
06-27 08:51:53.693 18999 18999 D wpa_supplicant: wpa_driver_wext_driver_cmd SETSUSPENDOPT 0 len = 4096
06-27 08:51:53.693 18999 18999 D wpa_supplicant: wpa_driver_wext_driver_cmd SETSUSPENDOPT 0 len = 0, 15
06-27 08:51:53.697 18999 18999 D wpa_supplicant: wpa_driver_wext_driver_cmd POWERMODE 0 len = 4096
06-27 08:51:53.716 18999 18999 D wpa_supplicant: wpa_driver_wext_driver_cmd OK len = 0, 2
06-27 08:51:53.728 18999 18999 D wpa_supplicant: WPS: Building WPS IE for Probe Request
06-27 08:51:53.728 18999 18999 D wpa_supplicant: WPS:  * Version (hardcoded 0x10)
06-27 08:51:53.728 18999 18999 D wpa_supplicant: WPS:  * Request Type
06-27 08:51:53.728 18999 18999 D wpa_supplicant: WPS:  * Config Methods (2388)
06-27 08:51:53.728 18999 18999 D wpa_supplicant: WPS:  * UUID-E
06-27 08:51:53.728 18999 18999 D wpa_supplicant: WPS:  * Primary Device Type
06-27 08:51:53.728 18999 18999 D wpa_supplicant: WPS:  * RF Bands (3)
06-27 08:51:53.728 18999 18999 D wpa_supplicant: WPS:  * Association State
06-27 08:51:53.728 18999 18999 D wpa_supplicant: WPS:  * Configuration Error (0)
06-27 08:51:53.728 18999 18999 D wpa_supplicant: WPS:  * Device Password ID (0)
06-27 08:51:53.728 18999 18999 D wpa_supplicant: WPS:  * Manufacturer
06-27 08:51:53.728 18999 18999 D wpa_supplicant: WPS:  * Model Name
06-27 08:51:53.728 18999 18999 D wpa_supplicant: WPS:  * Model Number
06-27 08:51:53.728 18999 18999 D wpa_supplicant: WPS:  * Device Name
06-27 08:51:53.728 18999 18999 D wpa_supplicant: WPS:  * Version2 (0x20)
06-27 08:51:53.728 18999 18999 D wpa_supplicant: wpa_driver_wext_combo_scan: Start
06-27 08:51:53.728 18999 18999 D wpa_supplicant: For Scan: (null)
06-27 08:51:53.740 18999 18999 D wpa_supplicant: Scan requested (ret=0) - scan timeout 30 seconds
06-27 08:51:54.044 18999 18999 D wpa_supplicant: wpa_driver_wext_driver_cmd RSSI len = 248
06-27 08:51:54.052 18999 18999 D wpa_supplicant: wpa_driver_wext_driver_cmd raikiri rssi -25  len = 17, 17
06-27 08:51:54.052 18999 18999 D wpa_supplicant: wpa_driver_wext_driver_cmd LINKSPEED len = 248
06-27 08:51:54.052 18999 18999 D wpa_supplicant: wpa_driver_wext_driver_cmd LinkSpeed 13 len = 12, 12
06-27 08:51:54.923 18999 18999 D wpa_supplicant: RTM_NEWLINK: operstate=1 ifi_flags=0x11043 ([UP][RUNNING][LOWER_UP])
06-27 08:51:54.923 18999 18999 D wpa_supplicant: RTM_NEWLINK, IFLA_IFNAME: Interface 'wlan0' added
06-27 08:51:54.923 18999 18999 D wpa_supplicant: Wireless event: cmd=0x8b19 len=8
06-27 08:51:54.927 18999 18999 D wpa_supplicant: Received 2117 bytes of scan results (9 BSSes)
06-27 08:51:55.068 18999 18999 D wpa_supplicant: wpa_driver_wext_driver_cmd SETSUSPENDOPT 0 len = 4096
06-27 08:51:55.068 18999 18999 D wpa_supplicant: wpa_driver_wext_driver_cmd SETSUSPENDOPT 0 len = 0, 15
06-27 08:51:55.068 18999 18999 D wpa_supplicant: wpa_driver_wext_driver_cmd POWERMODE 0 len = 4096
06-27 08:51:55.076 18999 18999 D wpa_supplicant: wpa_driver_wext_driver_cmd OK len = 0, 2
06-27 08:51:55.181  4592  4595 D dalvikvm: GC_CONCURRENT freed 464K, 7% free 10131K/10887K, paused 2ms+3ms
06-27 08:51:57.060 18999 18999 D wpa_supplicant: wpa_driver_wext_driver_cmd RSSI len = 248
06-27 08:51:57.068 18999 18999 D wpa_supplicant: wpa_driver_wext_driver_cmd raikiri rssi -26  len = 17, 17
06-27 08:51:57.068 18999 18999 D wpa_supplicant: wpa_driver_wext_driver_cmd LINKSPEED len = 248
06-27 08:51:57.072 18999 18999 D wpa_supplicant: wpa_driver_wext_driver_cmd LinkSpeed 13 len = 12, 12
06-27 08:52:00.076 18999 18999 D wpa_supplicant: wpa_driver_wext_driver_cmd RSSI len = 248
06-27 08:52:00.083 18999 18999 D wpa_supplicant: wpa_driver_wext_driver_cmd raikiri rssi -26  len = 17, 17
06-27 08:52:00.083 18999 18999 D wpa_supplicant: wpa_driver_wext_driver_cmd LINKSPEED len = 248
06-27 08:52:00.083 18999 18999 D wpa_supplicant: wpa_driver_wext_driver_cmd LinkSpeed 13 len = 12, 12
06-27 08:52:03.087 18999 18999 D wpa_supplicant: wpa_driver_wext_driver_cmd RSSI len = 248
06-27 08:52:03.095 18999 18999 D wpa_supplicant: wpa_driver_wext_driver_cmd raikiri rssi -22  len = 17, 17
06-27 08:52:03.095 18999 18999 D wpa_supplicant: wpa_driver_wext_driver_cmd LINKSPEED len = 248
06-27 08:52:03.099 18999 18999 D wpa_supplicant: wpa_driver_wext_driver_cmd LinkSpeed 13 len = 12, 12
06-27 08:52:06.103 18999 18999 D wpa_supplicant: wpa_driver_wext_driver_cmd RSSI len = 248
06-27 08:52:06.103 18999 18999 D wpa_supplicant: wpa_driver_wext_driver_cmd raikiri rssi -22  len = 17, 17
06-27 08:52:06.103 18999 18999 D wpa_supplicant: wpa_driver_wext_driver_cmd LINKSPEED len = 248
06-27 08:52:06.107 18999 18999 D wpa_supplicant: wpa_driver_wext_driver_cmd LinkSpeed 13 len = 12, 12
06-27 08:52:09.115 18999 18999 D wpa_supplicant: wpa_driver_wext_driver_cmd RSSI len = 248
06-27 08:52:09.122 18999 18999 D wpa_supplicant: wpa_driver_wext_driver_cmd raikiri rssi -20  len = 17, 17
06-27 08:52:09.122 18999 18999 D wpa_supplicant: wpa_driver_wext_driver_cmd LINKSPEED len = 248
06-27 08:52:09.126 18999 18999 D wpa_supplicant: wpa_driver_wext_driver_cmd LinkSpeed 13 len = 12, 12
06-27 08:52:12.130 18999 18999 D wpa_supplicant: wpa_driver_wext_driver_cmd RSSI len = 248
06-27 08:52:12.138 18999 18999 D wpa_supplicant: wpa_driver_wext_driver_cmd raikiri rssi -24  len = 17, 17
06-27 08:52:12.138 18999 18999 D wpa_supplicant: wpa_driver_wext_driver_cmd LINKSPEED len = 248
06-27 08:52:12.142 18999 18999 D wpa_supplicant: wpa_driver_wext_driver_cmd LinkSpeed 13 len = 12, 12
06-27 08:52:15.146 18999 18999 D wpa_supplicant: wpa_driver_wext_driver_cmd RSSI len = 248
06-27 08:52:15.154 18999 18999 D wpa_supplicant: wpa_driver_wext_driver_cmd raikiri rssi -23  len = 17, 17
06-27 08:52:15.154 18999 18999 D wpa_supplicant: wpa_driver_wext_driver_cmd LINKSPEED len = 248
06-27 08:52:15.158 18999 18999 D wpa_supplicant: wpa_driver_wext_driver_cmd LinkSpeed 13 len = 12, 12
06-27 08:52:18.158 18999 18999 D wpa_supplicant: wpa_driver_wext_driver_cmd RSSI len = 248
06-27 08:52:18.169 18999 18999 D wpa_supplicant: wpa_driver_wext_driver_cmd raikiri rssi -22  len = 17, 17
06-27 08:52:18.169 18999 18999 D wpa_supplicant: wpa_driver_wext_driver_cmd LINKSPEED len = 248
06-27 08:52:18.173 18999 18999 D wpa_supplicant: wpa_driver_wext_driver_cmd LinkSpeed 13 len = 12, 12
06-27 08:52:21.177 18999 18999 D wpa_supplicant: wpa_driver_wext_driver_cmd RSSI len = 248
06-27 08:52:21.189 18999 18999 D wpa_supplicant: wpa_driver_wext_driver_cmd raikiri rssi -27  len = 17, 17
06-27 08:52:21.189 18999 18999 D wpa_supplicant: wpa_driver_wext_driver_cmd LINKSPEED len = 248
06-27 08:52:21.189 18999 18999 D wpa_supplicant: wpa_driver_wext_driver_cmd LinkSpeed 13 len = 12, 12
06-27 08:52:24.197 18999 18999 D wpa_supplicant: wpa_driver_wext_driver_cmd RSSI len = 248
06-27 08:52:24.204 18999 18999 D wpa_supplicant: wpa_driver_wext_driver_cmd raikiri rssi -28  len = 17, 17
06-27 08:52:24.204 18999 18999 D wpa_supplicant: wpa_driver_wext_driver_cmd LINKSPEED len = 248
06-27 08:52:24.208 18999 18999 D wpa_supplicant: wpa_driver_wext_driver_cmd LinkSpeed 13 len = 12, 12
06-27 08:52:27.212 18999 18999 D wpa_supplicant: wpa_driver_wext_driver_cmd RSSI len = 248
06-27 08:52:27.220 18999 18999 D wpa_supplicant: wpa_driver_wext_driver_cmd raikiri rssi -25  len = 17, 17
06-27 08:52:27.220 18999 18999 D wpa_supplicant: wpa_driver_wext_driver_cmd LINKSPEED len = 248
06-27 08:52:27.224 18999 18999 D wpa_supplicant: wpa_driver_wext_driver_cmd LinkSpeed 13 len = 12, 12
06-27 08:52:30.228 18999 18999 D wpa_supplicant: wpa_driver_wext_driver_cmd RSSI len = 248
06-27 08:52:30.240 18999 18999 D wpa_supplicant: wpa_driver_wext_driver_cmd raikiri rssi -28  len = 17, 17
06-27 08:52:30.240 18999 18999 D wpa_supplicant: wpa_driver_wext_driver_cmd LINKSPEED len = 248
06-27 08:52:30.243 18999 18999 D wpa_supplicant: wpa_driver_wext_driver_cmd LinkSpeed 13 len = 12, 12
06-27 08:52:32.283  4069  4082 I PhoneLab-: Service Running
06-27 08:52:32.368  4069  4082 I PhoneLab-LoggerService: app_37    1165  1     2184   1744  c00f181c 400107b4 S logcat
06-27 08:52:32.368  4069  4082 I PhoneLab-LoggerService: Logcat pid from database 1165
06-27 08:52:32.368  4069  4082 I PhoneLab-LoggerService: Logcat process found 1165
06-27 08:52:32.368  4069  4082 I PhoneLab-LoggerService: Checking Threshold
06-27 08:52:32.368  4069  4082 I PhoneLab-LoggerService: Starting to rename files
06-27 08:52:32.368  4069  4082 I PhoneLab-LoggerService: Files found .. 2
06-27 08:52:33.247 18999 18999 D wpa_supplicant: wpa_driver_wext_driver_cmd RSSI len = 248
06-27 08:52:33.255 18999 18999 D wpa_supplicant: wpa_driver_wext_driver_cmd raikiri rssi -28  len = 17, 17
06-27 08:52:33.255 18999 18999 D wpa_supplicant: wpa_driver_wext_driver_cmd LINKSPEED len = 248
06-27 08:52:33.259 18999 18999 D wpa_supplicant: wpa_driver_wext_driver_cmd LinkSpeed 13 len = 12, 12
06-27 08:52:36.263 18999 18999 D wpa_supplicant: wpa_driver_wext_driver_cmd RSSI len = 248
06-27 08:52:36.271 18999 18999 D wpa_supplicant: wpa_driver_wext_driver_cmd raikiri rssi -27  len = 17, 17
06-27 08:52:36.271 18999 18999 D wpa_supplicant: wpa_driver_wext_driver_cmd LINKSPEED len = 248
06-27 08:52:36.275 18999 18999 D wpa_supplicant: wpa_driver_wext_driver_cmd LinkSpeed 13 len = 12, 12
06-27 08:52:39.283 18999 18999 D wpa_supplicant: wpa_driver_wext_driver_cmd RSSI len = 248
06-27 08:52:39.286 18999 18999 D wpa_supplicant: wpa_driver_wext_driver_cmd raikiri rssi -26  len = 17, 17
06-27 08:52:39.286 18999 18999 D wpa_supplicant: wpa_driver_wext_driver_cmd LINKSPEED len = 248
06-27 08:52:39.290 18999 18999 D wpa_supplicant: wpa_driver_wext_driver_cmd LinkSpeed 13 len = 12, 12
06-27 08:52:42.294 18999 18999 D wpa_supplicant: wpa_driver_wext_driver_cmd RSSI len = 248
06-27 08:52:42.302 18999 18999 D wpa_supplicant: wpa_driver_wext_driver_cmd raikiri rssi -25  len = 17, 17
06-27 08:52:42.302 18999 18999 D wpa_supplicant: wpa_driver_wext_driver_cmd LINKSPEED len = 248
06-27 08:52:42.306 18999 18999 D wpa_supplicant: wpa_driver_wext_driver_cmd LinkSpeed 13 len = 12, 12
06-27 08:52:45.310 18999 18999 D wpa_supplicant: wpa_driver_wext_driver_cmd RSSI len = 248
06-27 08:52:45.318 18999 18999 D wpa_supplicant: wpa_driver_wext_driver_cmd raikiri rssi -28  len = 17, 17
06-27 08:52:45.318 18999 18999 D wpa_supplicant: wpa_driver_wext_driver_cmd LINKSPEED len = 248
06-27 08:52:45.322 18999 18999 D wpa_supplicant: wpa_driver_wext_driver_cmd LinkSpeed 13 len = 12, 12
06-27 08:52:48.326 18999 18999 D wpa_supplicant: wpa_driver_wext_driver_cmd RSSI len = 248
06-27 08:52:48.333 18999 18999 D wpa_supplicant: wpa_driver_wext_driver_cmd raikiri rssi -25  len = 17, 17
06-27 08:52:48.333 18999 18999 D wpa_supplicant: wpa_driver_wext_driver_cmd LINKSPEED len = 248
06-27 08:52:48.337 18999 18999 D wpa_supplicant: wpa_driver_wext_driver_cmd LinkSpeed 13 len = 12, 12
06-27 08:52:51.341 18999 18999 D wpa_supplicant: wpa_driver_wext_driver_cmd RSSI len = 248
06-27 08:52:51.349 18999 18999 D wpa_supplicant: wpa_driver_wext_driver_cmd raikiri rssi -22  len = 17, 17
06-27 08:52:51.349 18999 18999 D wpa_supplicant: wpa_driver_wext_driver_cmd LINKSPEED len = 248
06-27 08:52:51.353 18999 18999 D wpa_supplicant: wpa_driver_wext_driver_cmd LinkSpeed 13 len = 12, 12
06-27 08:52:53.747 18999 18999 D wpa_supplicant: wpa_driver_wext_driver_cmd SETSUSPENDOPT 0 len = 4096
06-27 08:52:53.747 18999 18999 D wpa_supplicant: wpa_driver_wext_driver_cmd SETSUSPENDOPT 0 len = 0, 15
06-27 08:52:53.747 18999 18999 D wpa_supplicant: wpa_driver_wext_driver_cmd POWERMODE 0 len = 4096
06-27 08:52:53.759 18999 18999 D wpa_supplicant: wpa_driver_wext_driver_cmd OK len = 0, 2
06-27 08:52:53.759 18999 18999 D wpa_supplicant: WPS: Building WPS IE for Probe Request
06-27 08:52:53.759 18999 18999 D wpa_supplicant: WPS:  * Version (hardcoded 0x10)
06-27 08:52:53.759 18999 18999 D wpa_supplicant: WPS:  * Request Type
06-27 08:52:53.759 18999 18999 D wpa_supplicant: WPS:  * Config Methods (2388)
06-27 08:52:53.759 18999 18999 D wpa_supplicant: WPS:  * UUID-E
06-27 08:52:53.759 18999 18999 D wpa_supplicant: WPS:  * Primary Device Type
06-27 08:52:53.759 18999 18999 D wpa_supplicant: WPS:  * RF Bands (3)
06-27 08:52:53.759 18999 18999 D wpa_supplicant: WPS:  * Association State
06-27 08:52:53.759 18999 18999 D wpa_supplicant: WPS:  * Configuration Error (0)
06-27 08:52:53.759 18999 18999 D wpa_supplicant: WPS:  * Device Password ID (0)
06-27 08:52:53.759 18999 18999 D wpa_supplicant: WPS:  * Manufacturer
06-27 08:52:53.759 18999 18999 D wpa_supplicant: WPS:  * Model Name
06-27 08:52:53.759 18999 18999 D wpa_supplicant: WPS:  * Model Number
06-27 08:52:53.759 18999 18999 D wpa_supplicant: WPS:  * Device Name
06-27 08:52:53.759 18999 18999 D wpa_supplicant: WPS:  * Version2 (0x20)
06-27 08:52:53.759 18999 18999 D wpa_supplicant: wpa_driver_wext_combo_scan: Start
06-27 08:52:53.759 18999 18999 D wpa_supplicant: For Scan: (null)
06-27 08:52:53.763 18999 18999 D wpa_supplicant: Scan requested (ret=0) - scan timeout 30 seconds
06-27 08:52:54.357 18999 18999 D wpa_supplicant: wpa_driver_wext_driver_cmd RSSI len = 248
06-27 08:52:54.361 18999 18999 D wpa_supplicant: wpa_driver_wext_driver_cmd raikiri rssi -24  len = 17, 17
06-27 08:52:54.361 18999 18999 D wpa_supplicant: wpa_driver_wext_driver_cmd LINKSPEED len = 248
06-27 08:52:54.365 18999 18999 D wpa_supplicant: wpa_driver_wext_driver_cmd LinkSpeed 13 len = 12, 12
06-27 08:52:54.927 18999 18999 D wpa_supplicant: RTM_NEWLINK: operstate=1 ifi_flags=0x11043 ([UP][RUNNING][LOWER_UP])
06-27 08:52:54.927 18999 18999 D wpa_supplicant: RTM_NEWLINK, IFLA_IFNAME: Interface 'wlan0' added
06-27 08:52:54.927 18999 18999 D wpa_supplicant: Wireless event: cmd=0x8b19 len=8
06-27 08:52:54.927 18999 18999 D wpa_supplicant: Received 1746 bytes of scan results (8 BSSes)
06-27 08:52:55.087  4360  4362 D dalvikvm: GC_CONCURRENT freed 508K, 6% free 10296K/10887K, paused 2ms+2ms
06-27 08:52:55.111 18999 18999 D wpa_supplicant: wpa_driver_wext_driver_cmd SETSUSPENDOPT 0 len = 4096
06-27 08:52:55.111 18999 18999 D wpa_supplicant: wpa_driver_wext_driver_cmd SETSUSPENDOPT 0 len = 0, 15
06-27 08:52:55.115 18999 18999 D wpa_supplicant: wpa_driver_wext_driver_cmd POWERMODE 0 len = 4096
06-27 08:52:55.122 18999 18999 D wpa_supplicant: wpa_driver_wext_driver_cmd OK len = 0, 2
06-27 08:52:55.236  4592  4595 D dalvikvm: GC_CONCURRENT freed 488K, 8% free 10095K/10887K, paused 2ms+2ms
06-27 08:52:57.372 18999 18999 D wpa_supplicant: wpa_driver_wext_driver_cmd RSSI len = 248
06-27 08:52:57.384 18999 18999 D wpa_supplicant: wpa_driver_wext_driver_cmd raikiri rssi -24  len = 17, 17
06-27 08:52:57.384 18999 18999 D wpa_supplicant: wpa_driver_wext_driver_cmd LINKSPEED len = 248
06-27 08:52:57.384 18999 18999 D wpa_supplicant: wpa_driver_wext_driver_cmd LinkSpeed 13 len = 12, 12
06-27 08:53:00.392 18999 18999 D wpa_supplicant: wpa_driver_wext_driver_cmd RSSI len = 248
06-27 08:53:00.400 18999 18999 D wpa_supplicant: wpa_driver_wext_driver_cmd raikiri rssi -23  len = 17, 17
06-27 08:53:00.400 18999 18999 D wpa_supplicant: wpa_driver_wext_driver_cmd LINKSPEED len = 248
06-27 08:53:00.411 18999 18999 D wpa_supplicant: wpa_driver_wext_driver_cmd LinkSpeed 13 len = 12, 12
06-27 08:53:03.415 18999 18999 D wpa_supplicant: wpa_driver_wext_driver_cmd RSSI len = 248
06-27 08:53:03.423 18999 18999 D wpa_supplicant: wpa_driver_wext_driver_cmd raikiri rssi -21  len = 17, 17
06-27 08:53:03.423 18999 18999 D wpa_supplicant: wpa_driver_wext_driver_cmd LINKSPEED len = 248
06-27 08:53:03.427 18999 18999 D wpa_supplicant: wpa_driver_wext_driver_cmd LinkSpeed 13 len = 12, 12
06-27 08:53:06.439 18999 18999 D wpa_supplicant: wpa_driver_wext_driver_cmd RSSI len = 248
06-27 08:53:06.447 18999 18999 D wpa_supplicant: wpa_driver_wext_driver_cmd raikiri rssi -23  len = 17, 17
06-27 08:53:06.447 18999 18999 D wpa_supplicant: wpa_driver_wext_driver_cmd LINKSPEED len = 248
06-27 08:53:06.454 18999 18999 D wpa_supplicant: wpa_driver_wext_driver_cmd LinkSpeed 13 len = 12, 12
06-27 08:53:09.458 18999 18999 D wpa_supplicant: wpa_driver_wext_driver_cmd RSSI len = 248
06-27 08:53:09.470 18999 18999 D wpa_supplicant: wpa_driver_wext_driver_cmd raikiri rssi -22  len = 17, 17
06-27 08:53:09.470 18999 18999 D wpa_supplicant: wpa_driver_wext_driver_cmd LINKSPEED len = 248
06-27 08:53:09.474 18999 18999 D wpa_supplicant: wpa_driver_wext_driver_cmd LinkSpeed 13 len = 12, 12
06-27 08:53:12.482 18999 18999 D wpa_supplicant: wpa_driver_wext_driver_cmd RSSI len = 248
06-27 08:53:12.493 18999 18999 D wpa_supplicant: wpa_driver_wext_driver_cmd raikiri rssi -23  len = 17, 17
06-27 08:53:12.493 18999 18999 D wpa_supplicant: wpa_driver_wext_driver_cmd LINKSPEED len = 248
06-27 08:53:12.493 18999 18999 D wpa_supplicant: wpa_driver_wext_driver_cmd LinkSpeed 13 len = 12, 12
06-27 08:53:15.497 18999 18999 D wpa_supplicant: wpa_driver_wext_driver_cmd RSSI len = 248
06-27 08:53:15.505 18999 18999 D wpa_supplicant: wpa_driver_wext_driver_cmd raikiri rssi -24  len = 17, 17
06-27 08:53:15.505 18999 18999 D wpa_supplicant: wpa_driver_wext_driver_cmd LINKSPEED len = 248
06-27 08:53:15.509 18999 18999 D wpa_supplicant: wpa_driver_wext_driver_cmd LinkSpeed 13 len = 12, 12
06-27 08:53:18.513 18999 18999 D wpa_supplicant: wpa_driver_wext_driver_cmd RSSI len = 248
06-27 08:53:18.521 18999 18999 D wpa_supplicant: wpa_driver_wext_driver_cmd raikiri rssi -24  len = 17, 17
06-27 08:53:18.521 18999 18999 D wpa_supplicant: wpa_driver_wext_driver_cmd LINKSPEED len = 248
06-27 08:53:18.521 18999 18999 D wpa_supplicant: wpa_driver_wext_driver_cmd LinkSpeed 13 len = 12, 12
06-27 08:53:21.529 18999 18999 D wpa_supplicant: wpa_driver_wext_driver_cmd RSSI len = 248
06-27 08:53:21.536 18999 18999 D wpa_supplicant: wpa_driver_wext_driver_cmd raikiri rssi -25  len = 17, 17
06-27 08:53:21.536 18999 18999 D wpa_supplicant: wpa_driver_wext_driver_cmd LINKSPEED len = 248
06-27 08:53:21.536 18999 18999 D wpa_supplicant: wpa_driver_wext_driver_cmd LinkSpeed 13 len = 12, 12
06-27 08:53:24.544 18999 18999 D wpa_supplicant: wpa_driver_wext_driver_cmd RSSI len = 248
06-27 08:53:24.552 18999 18999 D wpa_supplicant: wpa_driver_wext_driver_cmd raikiri rssi -23  len = 17, 17
06-27 08:53:24.552 18999 18999 D wpa_supplicant: wpa_driver_wext_driver_cmd LINKSPEED len = 248
06-27 08:53:24.552 18999 18999 D wpa_supplicant: wpa_driver_wext_driver_cmd LinkSpeed 13 len = 12, 12
06-27 08:53:27.560 18999 18999 D wpa_supplicant: wpa_driver_wext_driver_cmd RSSI len = 248
06-27 08:53:27.568 18999 18999 D wpa_supplicant: wpa_driver_wext_driver_cmd raikiri rssi -23  len = 17, 17
06-27 08:53:27.568 18999 18999 D wpa_supplicant: wpa_driver_wext_driver_cmd LINKSPEED len = 248
06-27 08:53:27.568 18999 18999 D wpa_supplicant: wpa_driver_wext_driver_cmd LinkSpeed 13 len = 12, 12
06-27 08:53:30.576 18999 18999 D wpa_supplicant: wpa_driver_wext_driver_cmd RSSI len = 248
06-27 08:53:30.583 18999 18999 D wpa_supplicant: wpa_driver_wext_driver_cmd raikiri rssi -25  len = 17, 17
06-27 08:53:30.583 18999 18999 D wpa_supplicant: wpa_driver_wext_driver_cmd LINKSPEED len = 248
06-27 08:53:30.587 18999 18999 D wpa_supplicant: wpa_driver_wext_driver_cmd LinkSpeed 13 len = 12, 12
06-27 08:53:33.251 18999 18999 D wpa_supplicant: wpa_driver_wext_driver_cmd BTCOEXMODE 1 len = 4096
06-27 08:53:33.478 18999 18999 D wpa_supplicant: wpa_driver_wext_driver_cmd OK len = 0, 2
06-27 08:53:33.478 18999 18999 D wpa_supplicant: wpa_driver_wext_driver_cmd GETPOWER len = 4096
06-27 08:53:33.486 18999 18999 D wpa_supplicant: wpa_driver_wext_driver_cmd powermode = 0 len = 13, 13
06-27 08:53:33.486 18999 18999 D wpa_supplicant: wpa_driver_wext_driver_cmd POWERMODE 1 len = 4096
06-27 08:53:33.493 18999 18999 D wpa_supplicant: wpa_driver_wext_driver_cmd OK len = 0, 2
06-27 08:53:33.587 18999 18999 D wpa_supplicant: wpa_driver_wext_driver_cmd RSSI len = 248
06-27 08:53:33.587 18999 18999 D wpa_supplicant: wpa_driver_wext_driver_cmd raikiri rssi -22  len = 17, 17
06-27 08:53:33.587 18999 18999 D wpa_supplicant: wpa_driver_wext_driver_cmd LINKSPEED len = 248
06-27 08:53:33.587 18999 18999 D wpa_supplicant: wpa_driver_wext_driver_cmd LinkSpeed 13 len = 12, 12
06-27 08:53:34.107 18999 18999 D wpa_supplicant: wpa_driver_wext_driver_cmd POWERMODE 0 len = 4096
06-27 08:53:34.111 18999 18999 D wpa_supplicant: wpa_driver_wext_driver_cmd OK len = 0, 2
06-27 08:53:34.111 18999 18999 D wpa_supplicant: wpa_driver_wext_driver_cmd BTCOEXMODE 2 len = 4096
06-27 08:53:34.111 18999 18999 D wpa_supplicant: wpa_driver_wext_driver_cmd OK len = 0, 2
06-27 08:53:34.115   142   196 D DhcpInfoInternal: makeLinkProperties with empty dns2!
06-27 08:53:34.115   142   196 D DhcpInfoInternal: makeLinkProperties with empty dns2!
06-27 08:53:36.591 18999 18999 D wpa_supplicant: wpa_driver_wext_driver_cmd RSSI len = 248
06-27 08:53:36.599 18999 18999 D wpa_supplicant: wpa_driver_wext_driver_cmd raikiri rssi -26  len = 17, 17
06-27 08:53:36.599 18999 18999 D wpa_supplicant: wpa_driver_wext_driver_cmd LINKSPEED len = 248
06-27 08:53:36.603 18999 18999 D wpa_supplicant: wpa_driver_wext_driver_cmd LinkSpeed 13 len = 12, 12
06-27 08:53:39.618 18999 18999 D wpa_supplicant: wpa_driver_wext_driver_cmd RSSI len = 248
06-27 08:53:39.626 18999 18999 D wpa_supplicant: wpa_driver_wext_driver_cmd raikiri rssi -24  len = 17, 17
06-27 08:53:39.626 18999 18999 D wpa_supplicant: wpa_driver_wext_driver_cmd LINKSPEED len = 248
06-27 08:53:39.626 18999 18999 D wpa_supplicant: wpa_driver_wext_driver_cmd LinkSpeed 13 len = 12, 12
06-27 08:53:42.634 18999 18999 D wpa_supplicant: wpa_driver_wext_driver_cmd RSSI len = 248
06-27 08:53:42.642 18999 18999 D wpa_supplicant: wpa_driver_wext_driver_cmd raikiri rssi -26  len = 17, 17
06-27 08:53:42.642 18999 18999 D wpa_supplicant: wpa_driver_wext_driver_cmd LINKSPEED len = 248
06-27 08:53:42.642 18999 18999 D wpa_supplicant: wpa_driver_wext_driver_cmd LinkSpeed 13 len = 12, 12
06-27 08:53:45.650 18999 18999 D wpa_supplicant: wpa_driver_wext_driver_cmd RSSI len = 248
06-27 08:53:45.658 18999 18999 D wpa_supplicant: wpa_driver_wext_driver_cmd raikiri rssi -27  len = 17, 17
06-27 08:53:45.658 18999 18999 D wpa_supplicant: wpa_driver_wext_driver_cmd LINKSPEED len = 248
06-27 08:53:45.658 18999 18999 D wpa_supplicant: wpa_driver_wext_driver_cmd LinkSpeed 13 len = 12, 12
06-27 08:53:48.665 18999 18999 D wpa_supplicant: wpa_driver_wext_driver_cmd RSSI len = 248
06-27 08:53:48.673 18999 18999 D wpa_supplicant: wpa_driver_wext_driver_cmd raikiri rssi -27  len = 17, 17
06-27 08:53:48.673 18999 18999 D wpa_supplicant: wpa_driver_wext_driver_cmd LINKSPEED len = 248
06-27 08:53:48.673 18999 18999 D wpa_supplicant: wpa_driver_wext_driver_cmd LinkSpeed 13 len = 12, 12
06-27 08:53:49.380   142   171 I ActivityManager: Start proc com.twitter.android for service com.twitter.android/.client.AppService: pid=4779 uid=10064 gids={3003, 1015}
06-27 08:53:49.408  4779  4779 I dalvikvm: Turning on JNI app bug workarounds for target SDK version 11...
06-27 08:53:49.419    79    79 D dalvikvm: GC_EXPLICIT freed 37K, 4% free 9031K/9347K, paused 3ms+13ms
06-27 08:53:49.466    79    79 D dalvikvm: GC_EXPLICIT freed <1K, 4% free 9031K/9347K, paused 1ms+3ms
06-27 08:53:49.509    79    79 D dalvikvm: GC_EXPLICIT freed <1K, 4% free 9031K/9347K, paused 3ms+4ms
06-27 08:53:49.536  4779  4779 I ActivityThread: Pub com.twitter.android.provider.GlobalDatabaseProvider: com.twitter.android.provider.GlobalDatabaseProvider
06-27 08:53:49.544  4779  4779 I ActivityThread: Pub com.twitter.android.provider.TwitterProvider: com.twitter.android.provider.TwitterProvider
06-27 08:53:49.626  4779  4782 D dalvikvm: GC_CONCURRENT freed 201K, 4% free 9288K/9607K, paused 13ms+2ms
06-27 08:53:49.911  4779  4782 D dalvikvm: GC_CONCURRENT freed 226K, 4% free 9506K/9863K, paused 5ms+2ms
06-27 08:53:50.056  4779  4782 D dalvikvm: GC_CONCURRENT freed 293K, 5% free 9631K/10055K, paused 1ms+2ms
06-27 08:53:50.177   142 18244 I ActivityManager: Process android.process.acore (pid 4713) has died.
06-27 08:53:50.189  4779  4782 D dalvikvm: GC_CONCURRENT freed 294K, 5% free 9758K/10183K, paused 2ms+2ms
06-27 08:53:50.310  4779  4782 D dalvikvm: GC_CONCURRENT freed 302K, 5% free 9887K/10311K, paused 2ms+2ms
06-27 08:53:50.443  4779  4782 D dalvikvm: GC_CONCURRENT freed 301K, 5% free 10016K/10439K, paused 2ms+2ms
06-27 08:53:50.572  4779  4782 D dalvikvm: GC_CONCURRENT freed 294K, 5% free 10144K/10567K, paused 2ms+1ms
06-27 08:53:50.708  4779  4782 D dalvikvm: GC_CONCURRENT freed 301K, 4% free 10272K/10695K, paused 2ms+2ms
06-27 08:53:50.892  4779  4782 D dalvikvm: GC_CONCURRENT freed 480K, 6% free 10225K/10823K, paused 1ms+3ms
06-27 08:53:51.029  4779  4782 D dalvikvm: GC_CONCURRENT freed 327K, 5% free 10293K/10823K, paused 2ms+2ms
06-27 08:53:51.173  4779  4782 D dalvikvm: GC_CONCURRENT freed 317K, 5% free 10381K/10823K, paused 2ms+2ms
06-27 08:53:51.298  4779  4782 D dalvikvm: GC_CONCURRENT freed 366K, 5% free 10468K/10951K, paused 2ms+3ms
06-27 08:53:51.427  4779  4782 D dalvikvm: GC_CONCURRENT freed 348K, 5% free 10551K/11015K, paused 2ms+2ms
06-27 08:53:51.552  4779  4782 D dalvikvm: GC_CONCURRENT freed 326K, 5% free 10631K/11079K, paused 1ms+2ms
06-27 08:53:51.681 18999 18999 D wpa_supplicant: wpa_driver_wext_driver_cmd RSSI len = 248
06-27 08:53:51.689 18999 18999 D wpa_supplicant: wpa_driver_wext_driver_cmd raikiri rssi -28  len = 17, 17
06-27 08:53:51.689 18999 18999 D wpa_supplicant: wpa_driver_wext_driver_cmd LINKSPEED len = 248
06-27 08:53:51.689 18999 18999 D wpa_supplicant: wpa_driver_wext_driver_cmd LinkSpeed 13 len = 12, 12
06-27 08:53:51.689  4779  4782 D dalvikvm: GC_CONCURRENT freed 371K, 5% free 10719K/11207K, paused 2ms+3ms
06-27 08:53:51.826  4779  4782 D dalvikvm: GC_CONCURRENT freed 401K, 5% free 10814K/11335K, paused 2ms+2ms
06-27 08:53:52.876  4779  4782 D dalvikvm: GC_CONCURRENT freed 334K, 5% free 11001K/11463K, paused 3ms+3ms
06-27 08:53:53.775 18999 18999 D wpa_supplicant: wpa_driver_wext_driver_cmd SETSUSPENDOPT 0 len = 4096
06-27 08:53:53.775 18999 18999 D wpa_supplicant: wpa_driver_wext_driver_cmd SETSUSPENDOPT 0 len = 0, 15
06-27 08:53:53.775 18999 18999 D wpa_supplicant: wpa_driver_wext_driver_cmd POWERMODE 0 len = 4096
06-27 08:53:53.783 18999 18999 D wpa_supplicant: wpa_driver_wext_driver_cmd OK len = 0, 2
06-27 08:53:53.783 18999 18999 D wpa_supplicant: WPS: Building WPS IE for Probe Request
06-27 08:53:53.783 18999 18999 D wpa_supplicant: WPS:  * Version (hardcoded 0x10)
06-27 08:53:53.783 18999 18999 D wpa_supplicant: WPS:  * Request Type
06-27 08:53:53.783 18999 18999 D wpa_supplicant: WPS:  * Config Methods (2388)
06-27 08:53:53.783 18999 18999 D wpa_supplicant: WPS:  * UUID-E
06-27 08:53:53.783 18999 18999 D wpa_supplicant: WPS:  * Primary Device Type
06-27 08:53:53.783 18999 18999 D wpa_supplicant: WPS:  * RF Bands (3)
06-27 08:53:53.783 18999 18999 D wpa_supplicant: WPS:  * Association State
06-27 08:53:53.783 18999 18999 D wpa_supplicant: WPS:  * Configuration Error (0)
06-27 08:53:53.783 18999 18999 D wpa_supplicant: WPS:  * Device Password ID (0)
06-27 08:53:53.783 18999 18999 D wpa_supplicant: WPS:  * Manufacturer
06-27 08:53:53.783 18999 18999 D wpa_supplicant: WPS:  * Model Name
06-27 08:53:53.783 18999 18999 D wpa_supplicant: WPS:  * Model Number
06-27 08:53:53.783 18999 18999 D wpa_supplicant: WPS:  * Device Name
06-27 08:53:53.783 18999 18999 D wpa_supplicant: WPS:  * Version2 (0x20)
06-27 08:53:53.783 18999 18999 D wpa_supplicant: wpa_driver_wext_combo_scan: Start
06-27 08:53:53.783 18999 18999 D wpa_supplicant: For Scan: (null)
06-27 08:53:53.783 18999 18999 D wpa_supplicant: Scan requested (ret=0) - scan timeout 30 seconds
06-27 08:53:53.798   142   293 I ActivityManager: Process com.google.android.apps.maps:LocationFriendService (pid 4592) has died.
06-27 08:53:54.689 18999 18999 D wpa_supplicant: wpa_driver_wext_driver_cmd RSSI len = 248
06-27 08:53:54.689 18999 18999 D wpa_supplicant: wpa_driver_wext_driver_cmd raikiri rssi -28  len = 17, 17
06-27 08:53:54.689 18999 18999 D wpa_supplicant: wpa_driver_wext_driver_cmd LINKSPEED len = 248
06-27 08:53:54.689 18999 18999 D wpa_supplicant: wpa_driver_wext_driver_cmd LinkSpeed 13 len = 12, 12
06-27 08:53:54.947 18999 18999 D wpa_supplicant: RTM_NEWLINK: operstate=1 ifi_flags=0x11043 ([UP][RUNNING][LOWER_UP])
06-27 08:53:54.947 18999 18999 D wpa_supplicant: RTM_NEWLINK, IFLA_IFNAME: Interface 'wlan0' added
06-27 08:53:54.947 18999 18999 D wpa_supplicant: Wireless event: cmd=0x8b19 len=8
06-27 08:53:54.947 18999 18999 D wpa_supplicant: Received 2063 bytes of scan results (9 BSSes)
06-27 08:53:55.251   142   358 I ActivityManager: Start proc com.google.android.apps.maps:LocationFriendService for service com.google.android.apps.maps/com.google.googlenav.friend.reporting.LocationReceiverService: pid=4800 uid=10056 gids={3003, 1015}
06-27 08:53:55.255   142  4798 I ActivityManager: Applications Memory Usage (kB):
06-27 08:53:55.255   142  4798 I ActivityManager: Uptime: 278050156 Realtime: 363125583
06-27 08:53:55.255   142  4798 I ActivityManager: Total PSS by OOM adjustment:
06-27 08:53:55.255   142  4798 I ActivityManager:     27537 kB: System
06-27 08:53:55.255   142  4798 I ActivityManager:                27537 kB: system (pid 142)
06-27 08:53:55.255   142  4798 I ActivityManager:     30957 kB: Persistent
06-27 08:53:55.255   142  4798 I ActivityManager:                14769 kB: com.android.systemui (pid 211)
06-27 08:53:55.255   142  4798 I ActivityManager:                11977 kB: com.android.phone (pid 334)
06-27 08:53:55.255   142  4798 I ActivityManager:                 4211 kB: com.android.nfc (pid 348)
06-27 08:53:55.255   142  4798 I ActivityManager:     14173 kB: Foreground
06-27 08:53:55.255   142  4798 I ActivityManager:                14173 kB: com.google.android.apps.googlevoice (pid 2482)
06-27 08:53:55.255   142  4798 I ActivityManager:     31462 kB: Visible
06-27 08:53:55.255   142  4798 I ActivityManager:                10027 kB: com.google.process.gapps (pid 4247)
06-27 08:53:55.255   142  4798 I ActivityManager:                 9492 kB: com.twitter.android (pid 4779)
06-27 08:53:55.255   142  4798 I ActivityManager:                 8882 kB: com.android.inputmethod.latin (pid 312)
06-27 08:53:55.255   142  4798 I ActivityManager:                 3061 kB: com.android.smspush (pid 397)
06-27 08:53:55.255   142  4798 I ActivityManager:     23368 kB: A Services
06-27 08:53:55.255   142  4798 I ActivityManager:                10399 kB: com.facebook.katana (pid 4679)
06-27 08:53:55.255   142  4798 I ActivityManager:                 7424 kB: com.google.android.apps.maps:NetworkLocationService (pid 4360)
06-27 08:53:55.255   142  4798 I ActivityManager:                 5545 kB: com.android.contacts (pid 4662)
06-27 08:53:55.255   142  4798 I ActivityManager:     10867 kB: Home
06-27 08:53:55.255   142  4798 I ActivityManager:                10867 kB: com.android.launcher (pid 366)
06-27 08:53:55.255   142  4798 I ActivityManager:     93727 kB: Previous
06-27 08:53:55.255   142  4798 I ActivityManager:                93727 kB: org.mozilla.firefox_beta (pid 3103)
06-27 08:53:55.255   142  4798 I ActivityManager:     14955 kB: B Services
06-27 08:53:55.255   142  4798 I ActivityManager:                 6608 kB: com.whatsapp (pid 4562)
06-27 08:53:55.255   142  4798 I ActivityManager:                 5344 kB: edu.buffalo.cse.phonelab.phonelabservices (pid 4069)
06-27 08:53:55.255   142  4798 I ActivityManager:                 3003 kB: com.android.sprintmenu (pid 3825)
06-27 08:53:55.255   142  4798 I ActivityManager: 
06-27 08:53:55.255   142  4798 I ActivityManager: Total PSS: 247046 kB
06-27 08:53:55.255   142  4798 I ActivityManager:   PID      Vss      Rss      Pss      Uss  cmdline
06-27 08:53:55.255   142  4798 I ActivityManager:  3103  109980K  109832K   93815K   92716K  org.mozilla.firefox_beta
06-27 08:53:55.255   142  4798 I ActivityManager:   142   44468K   44412K   27580K   26224K  system_server
06-27 08:53:55.255   142  4798 I ActivityManager:   211   34844K   34748K   14818K   10556K  com.android.systemui
06-27 08:53:55.255   142  4798 I ActivityManager:  2482   35556K   35488K   14226K   10856K  com.google.android.apps.googlevoice
06-27 08:53:55.255   142  4798 I ActivityManager:    78   22532K   19532K   12873K    7032K  /system/bin/surfaceflinger
06-27 08:53:55.255   142  4798 I ActivityManager:   334   27620K   27540K   12024K   11024K  com.android.phone
06-27 08:53:55.255   142  4798 I ActivityManager:   366   27344K   27240K   10915K    9808K  com.android.launcher
06-27 08:53:55.255   142  4798 I ActivityManager:  4679   31548K   31480K   10450K    8092K  com.facebook.katana
06-27 08:53:55.255   142  4798 I ActivityManager:  4247   30424K   30336K   10080K    8288K  com.google.process.gapps
06-27 08:53:55.255   142  4798 I ActivityManager:  4779   30468K   30408K    9669K    7460K  com.twitter.android
06-27 08:53:55.255   142  4798 I ActivityManager:   312   26632K   26540K    8932K    6460K  com.android.inputmethod.latin
06-27 08:53:55.255   142  4798 I ActivityManager:  4360   27472K   27408K    7477K    5716K  com.google.android.apps.maps:NetworkLocationService
06-27 08:53:55.255   142  4798 I ActivityManager:  4562   27484K   27416K    6658K    4732K  com.whatsapp
06-27 08:53:55.255   142  4798 I ActivityManager:  4662   25484K   25420K    5602K    3948K  com.android.contacts
06-27 08:53:55.255   142  4798 I ActivityManager:  4069   25184K   25080K    5397K    3712K  edu.buffalo.cse.phonelab.phonelabservices
06-27 08:53:55.255   142  4798 I ActivityManager:   348   20024K   19932K    4262K    3260K  com.android.nfc
06-27 08:53:55.255   142  4798 I ActivityManager:   397   19164K   19052K    3111K    1992K  com.android.smspush
06-27 08:53:55.255   142  4798 I ActivityManager:  3825   22052K   21948K    3056K    1588K  com.android.sprintmenu
06-27 08:53:55.255   142  4798 I ActivityManager:    79   18972K   18844K    2488K    1244K  zygote
06-27 08:53:55.255   142  4798 I ActivityManager:    81    2212K    2212K    1867K    1844K  /system/bin/mediaserver
06-27 08:53:55.255   142  4798 I ActivityManager:  1165    1748K    1744K    1597K    1592K  logcat
06-27 08:53:55.255   142  4798 I ActivityManager:    80    1164K    1164K     882K     872K  /system/bin/drmserver
06-27 08:53:55.255   142  4798 I ActivityManager:    77    1088K    1088K     774K     756K  /system/bin/rild
06-27 08:53:55.255   142  4798 I ActivityManager:  4799     740K     732K     611K     608K  procrank
06-27 08:53:55.255   142  4798 I ActivityManager: 18999     740K     736K     537K     528K  /system/bin/wpa_supplicant
06-27 08:53:55.255   142  4798 I ActivityManager:  1856     604K     600K     413K     400K  /system/bin/netd
06-27 08:53:55.255   142  4798 I ActivityManager:    72     448K     444K     296K     288K  /system/bin/vold
06-27 08:53:55.255   142  4798 I ActivityManager:   276     436K     436K     292K     288K  /system/bin/bluetoothd
06-27 08:53:55.255   142  4798 I ActivityManager:    85     488K     484K     283K     276K  /system/vendor/bin/gpsd
06-27 08:53:55.255   142  4798 I ActivityManager:    87     276K     276K     260K     260K  /sbin/adbd
06-27 08:53:55.255   142  4798 I ActivityManager:    84     456K     420K     252K     244K  /system/bin/keystore
06-27 08:53:55.255   142  4798 I ActivityManager:  1401     352K     348K     197K     192K  /system/bin/dhcpcd
06-27 08:53:55.255   142  4798 I ActivityManager:    82     304K     296K     167K     164K  /system/bin/dbus-daemon
06-27 08:53:55.255   142  4798 I ActivityManager:     1     204K     204K     142K     104K  /init
06-27 08:53:55.255   142  4798 I ActivityManager:    61     160K     160K     122K      84K  /sbin/ueventd
06-27 08:53:55.255   142  4798 I ActivityManager:    83     256K     248K     115K     112K  /system/bin/installd
06-27 08:53:55.255   142  4798 I ActivityManager:   199     236K     228K     115K     112K  /system/bin/brcm_patchram_plus
06-27 08:53:55.255   142  4798 I ActivityManager:    86     212K     208K     106K     104K  /system/bin/sh
06-27 08:53:55.255   142  4798 I ActivityManager:    71     212K     204K      95K      92K  /system/bin/servicemanager
06-27 08:53:55.255   142  4798 I ActivityManager:  9882     192K     184K      75K      72K  /system/bin/debuggerd
06-27 08:53:55.255   142  4798 I ActivityManager:                           ------   ------  ------
06-27 08:53:55.255   142  4798 I ActivityManager:                          272650K  233700K  TOTAL
06-27 08:53:55.255   142  4798 I ActivityManager: RAM: 342896K total
06-27 08:53:55.279 18999 18999 D wpa_supplicant: wpa_driver_wext_driver_cmd SETSUSPENDOPT 0 len = 4096
06-27 08:53:55.279 18999 18999 D wpa_supplicant: wpa_driver_wext_driver_cmd SETSUSPENDOPT 0 len = 0, 15
06-27 08:53:55.283 18999 18999 D wpa_supplicant: wpa_driver_wext_driver_cmd POWERMODE 0 len = 4096
06-27 08:53:55.290 18999 18999 D wpa_supplicant: wpa_driver_wext_driver_cmd OK len = 0, 2
06-27 08:53:55.419  4800  4803 D dalvikvm: GC_CONCURRENT freed 153K, 3% free 9383K/9607K, paused 2ms+3ms
06-27 08:53:55.931  4800  4803 D dalvikvm: GC_CONCURRENT freed 156K, 3% free 9697K/9991K, paused 68ms+2ms
06-27 08:53:56.357  4800  4803 D dalvikvm: GC_CONCURRENT freed 318K, 4% free 9926K/10311K, paused 2ms+2ms
06-27 08:53:56.579   142   381 I ActivityManager: Process com.google.android.apps.maps:LocationFriendService (pid 4800) has died.
06-27 08:53:56.888  4779  4782 D dalvikvm: GC_CONCURRENT freed 440K, 5% free 11193K/11719K, paused 2ms+5ms
06-27 08:53:57.693 18999 18999 D wpa_supplicant: wpa_driver_wext_driver_cmd RSSI len = 248
06-27 08:53:57.701 18999 18999 D wpa_supplicant: wpa_driver_wext_driver_cmd raikiri rssi -22  len = 17, 17
06-27 08:53:57.701 18999 18999 D wpa_supplicant: wpa_driver_wext_driver_cmd LINKSPEED len = 248
06-27 08:53:57.701 18999 18999 D wpa_supplicant: wpa_driver_wext_driver_cmd LinkSpeed 5 len = 11, 11
06-27 08:54:00.708 18999 18999 D wpa_supplicant: wpa_driver_wext_driver_cmd RSSI len = 248
06-27 08:54:00.716 18999 18999 D wpa_supplicant: wpa_driver_wext_driver_cmd raikiri rssi -28  len = 17, 17
06-27 08:54:00.716 18999 18999 D wpa_supplicant: wpa_driver_wext_driver_cmd LINKSPEED len = 248
06-27 08:54:00.716 18999 18999 D wpa_supplicant: wpa_driver_wext_driver_cmd LinkSpeed 5 len = 11, 11
06-27 08:54:03.724 18999 18999 D wpa_supplicant: wpa_driver_wext_driver_cmd RSSI len = 248
06-27 08:54:03.732 18999 18999 D wpa_supplicant: wpa_driver_wext_driver_cmd raikiri rssi -28  len = 17, 17
06-27 08:54:03.732 18999 18999 D wpa_supplicant: wpa_driver_wext_driver_cmd LINKSPEED len = 248
06-27 08:54:03.732 18999 18999 D wpa_supplicant: wpa_driver_wext_driver_cmd LinkSpeed 5 len = 11, 11
06-27 08:54:05.161   348   348 D dalvikvm: GC_EXPLICIT freed <1K, 6% free 9103K/9607K, paused 22ms+2ms
06-27 08:54:06.740 18999 18999 D wpa_supplicant: wpa_driver_wext_driver_cmd RSSI len = 248
06-27 08:54:06.747 18999 18999 D wpa_supplicant: wpa_driver_wext_driver_cmd raikiri rssi -26  len = 17, 17
06-27 08:54:06.747 18999 18999 D wpa_supplicant: wpa_driver_wext_driver_cmd LINKSPEED len = 248
06-27 08:54:06.751 18999 18999 D wpa_supplicant: wpa_driver_wext_driver_cmd LinkSpeed 5 len = 11, 11
06-27 08:54:09.755 18999 18999 D wpa_supplicant: wpa_driver_wext_driver_cmd RSSI len = 248
06-27 08:54:09.763 18999 18999 D wpa_supplicant: wpa_driver_wext_driver_cmd raikiri rssi -23  len = 17, 17
06-27 08:54:09.763 18999 18999 D wpa_supplicant: wpa_driver_wext_driver_cmd LINKSPEED len = 248
06-27 08:54:09.767 18999 18999 D wpa_supplicant: wpa_driver_wext_driver_cmd LinkSpeed 5 len = 11, 11
06-27 08:54:10.228  2482  2482 D dalvikvm: GC_EXPLICIT freed 83K, 9% free 11163K/12167K, paused 25ms+4ms
06-27 08:54:12.771 18999 18999 D wpa_supplicant: wpa_driver_wext_driver_cmd RSSI len = 248
06-27 08:54:12.771 18999 18999 D wpa_supplicant: wpa_driver_wext_driver_cmd raikiri rssi -24  len = 17, 17
06-27 08:54:12.771 18999 18999 D wpa_supplicant: wpa_driver_wext_driver_cmd LINKSPEED len = 248
06-27 08:54:12.775 18999 18999 D wpa_supplicant: wpa_driver_wext_driver_cmd LinkSpeed 5 len = 11, 11
06-27 08:54:15.286   142   158 D dalvikvm: GC_EXPLICIT freed 1134K, 30% free 16495K/23239K, paused 41ms+8ms
06-27 08:54:15.779 18999 18999 D wpa_supplicant: wpa_driver_wext_driver_cmd RSSI len = 248
06-27 08:54:15.786 18999 18999 D wpa_supplicant: wpa_driver_wext_driver_cmd raikiri rssi -26  len = 17, 17
06-27 08:54:15.786 18999 18999 D wpa_supplicant: wpa_driver_wext_driver_cmd LINKSPEED len = 248
06-27 08:54:15.786 18999 18999 D wpa_supplicant: wpa_driver_wext_driver_cmd LinkSpeed 5 len = 11, 11
06-27 08:54:18.794 18999 18999 D wpa_supplicant: wpa_driver_wext_driver_cmd RSSI len = 248
06-27 08:54:18.806 18999 18999 D wpa_supplicant: wpa_driver_wext_driver_cmd raikiri rssi -28  len = 17, 17
06-27 08:54:18.806 18999 18999 D wpa_supplicant: wpa_driver_wext_driver_cmd LINKSPEED len = 248
06-27 08:54:18.810 18999 18999 D wpa_supplicant: wpa_driver_wext_driver_cmd LinkSpeed 5 len = 11, 11
06-27 08:54:21.814 18999 18999 D wpa_supplicant: wpa_driver_wext_driver_cmd RSSI len = 248
06-27 08:54:21.833 18999 18999 D wpa_supplicant: wpa_driver_wext_driver_cmd raikiri rssi -26  len = 17, 17
06-27 08:54:21.833 18999 18999 D wpa_supplicant: wpa_driver_wext_driver_cmd LINKSPEED len = 248
06-27 08:54:21.833 18999 18999 D wpa_supplicant: wpa_driver_wext_driver_cmd LinkSpeed 5 len = 11, 11
06-27 08:54:24.837 18999 18999 D wpa_supplicant: wpa_driver_wext_driver_cmd RSSI len = 248
06-27 08:54:24.845 18999 18999 D wpa_supplicant: wpa_driver_wext_driver_cmd raikiri rssi -26  len = 17, 17
06-27 08:54:24.845 18999 18999 D wpa_supplicant: wpa_driver_wext_driver_cmd LINKSPEED len = 248
06-27 08:54:24.845 18999 18999 D wpa_supplicant: wpa_driver_wext_driver_cmd LinkSpeed 5 len = 11, 11
06-27 08:54:24.868  4247  4247 D dalvikvm: GC_EXPLICIT freed 255K, 5% free 9989K/10439K, paused 31ms+4ms
06-27 08:54:27.849 18999 18999 D wpa_supplicant: wpa_driver_wext_driver_cmd RSSI len = 248
06-27 08:54:27.857 18999 18999 D wpa_supplicant: wpa_driver_wext_driver_cmd raikiri rssi -25  len = 17, 17
06-27 08:54:27.857 18999 18999 D wpa_supplicant: wpa_driver_wext_driver_cmd LINKSPEED len = 248
06-27 08:54:27.857 18999 18999 D wpa_supplicant: wpa_driver_wext_driver_cmd LinkSpeed 5 len = 11, 11
06-27 08:54:29.786   312   312 D dalvikvm: GC_EXPLICIT freed <1K, 17% free 10473K/12615K, paused 21ms+2ms
06-27 08:54:30.865 18999 18999 D wpa_supplicant: wpa_driver_wext_driver_cmd RSSI len = 248
