06-22 18:47:24.418  2869  2869 D wpa_supplicant: Wireless event: cmd=0x8c00 len=20
06-22 18:47:24.461  2869  2869 D wpa_supplicant: RTM_NEWLINK: operstate=1 ifi_flags=0x11043 ([UP][RUNNING][LOWER_UP])
06-22 18:47:24.461  2869  2869 D wpa_supplicant: RTM_NEWLINK, IFLA_IFNAME: Interface 'wlan0' added
06-22 18:47:24.461  2869  2869 D wpa_supplicant: Wireless event: cmd=0x8c00 len=20
06-22 18:47:26.621  2869  2869 D wpa_supplicant: RTM_NEWLINK: operstate=1 ifi_flags=0x11043 ([UP][RUNNING][LOWER_UP])
06-22 18:47:26.621  2869  2869 D wpa_supplicant: RTM_NEWLINK, IFLA_IFNAME: Interface 'wlan0' added
06-22 18:47:26.621  2869  2869 D wpa_supplicant: Wireless event: cmd=0x8b15 len=20
06-22 18:47:26.621  2869  2869 D wpa_supplicant: Wireless event: new AP: 00:00:00:00:00:00
06-22 18:47:26.621  2869  2869 D wpa_supplicant: Added BSSID d0:c2:82:2d:ea:c0 into blacklist
06-22 18:47:26.621  2869  2869 D wpa_supplicant: BSSID d0:c2:82:2d:ea:c0 blacklist count incremented to 2
06-22 18:47:26.636  2869  2869 I wpa_supplicant: wlan0: CTRL-EVENT-DISCONNECTED bssid=d0:c2:82:2d:ea:c0 reason=0
06-22 18:47:26.652  2869  2869 D wpa_supplicant: wpa_driver_wext_set_key: alg=0 key_idx=0 set_tx=0 seq_len=0 key_len=0
06-22 18:47:26.656 26525 26542 D CommandListener: Clearing all IP addresses on wlan0
06-22 18:47:26.660  2869  2869 D wpa_supplicant: wpa_driver_wext_set_key: alg=0 key_idx=1 set_tx=0 seq_len=0 key_len=0
06-22 18:47:26.668  2869  2869 D wpa_supplicant: wpa_driver_wext_set_key: alg=0 key_idx=2 set_tx=0 seq_len=0 key_len=0
06-22 18:47:26.668  2869  2869 D wpa_supplicant: wpa_driver_wext_set_key: alg=0 key_idx=3 set_tx=0 seq_len=0 key_len=0
06-22 18:47:26.668  2869  2869 D wpa_supplicant: wpa_driver_wext_set_key: alg=0 key_idx=0 set_tx=0 seq_len=0 key_len=0
06-22 18:47:26.695  2869  2869 D wpa_supplicant: wpa_driver_wext_set_operstate: operstate 1->0 (DORMANT)
06-22 18:47:26.695  2869  2869 D wpa_supplicant: netlink: Operstate: linkmode=-1, operstate=5
06-22 18:47:26.695  2869  2869 D wpa_supplicant: EAPOL: External notification - portEnabled=0
06-22 18:47:26.695  2869  2869 D wpa_supplicant: EAPOL: SUPP_PAE entering state DISCONNECTED
06-22 18:47:26.695  2869  2869 D wpa_supplicant: EAPOL: Supplicant port status: Unauthorized
06-22 18:47:26.695  2869  2869 D wpa_supplicant: EAPOL: SUPP_BE entering state INITIALIZE
06-22 18:47:26.695  2869  2869 D wpa_supplicant: EAP: EAP entering state DISABLED
06-22 18:47:26.695  2869  2869 D wpa_supplicant: EAPOL: Supplicant port status: Unauthorized
06-22 18:47:26.695  2869  2869 D wpa_supplicant: EAPOL: External notification - portValid=0
06-22 18:47:26.695  2869  2869 D wpa_supplicant: EAPOL: Supplicant port status: Unauthorized
06-22 18:47:26.695  2869  2869 D wpa_supplicant: RTM_NEWLINK: operstate=0 ifi_flags=0x11003 ([UP][LOWER_UP])
06-22 18:47:26.695  2869  2869 D wpa_supplicant: RTM_NEWLINK, IFLA_IFNAME: Interface 'wlan0' added
06-22 18:47:26.703  2360  2416 D ConnectivityService: ConnectivityChange for WIFI: DISCONNECTED/DISCONNECTED
06-22 18:47:26.703  2360  2416 D ConnectivityService: Attempting to switch to mobile
06-22 18:47:26.722  2869  2869 D wpa_supplicant: WPS: Building WPS IE for Probe Request
06-22 18:47:26.722  2869  2869 D wpa_supplicant: WPS:  * Version (hardcoded 0x10)
06-22 18:47:26.722  2869  2869 D wpa_supplicant: WPS:  * Request Type
06-22 18:47:26.722  2869  2869 D wpa_supplicant: WPS:  * Config Methods (2388)
06-22 18:47:26.722  2869  2869 D wpa_supplicant: WPS:  * UUID-E
06-22 18:47:26.722  2869  2869 D wpa_supplicant: WPS:  * Primary Device Type
06-22 18:47:26.722  2869  2869 D wpa_supplicant: WPS:  * RF Bands (3)
06-22 18:47:26.722  2869  2869 D wpa_supplicant: WPS:  * Association State
06-22 18:47:26.722  2869  2869 D wpa_supplicant: WPS:  * Configuration Error (0)
06-22 18:47:26.722  2869  2869 D wpa_supplicant: WPS:  * Device Password ID (0)
06-22 18:47:26.722  2869  2869 D wpa_supplicant: WPS:  * Manufacturer
06-22 18:47:26.722  2869  2869 D wpa_supplicant: WPS:  * Model Name
06-22 18:47:26.722  2869  2869 D wpa_supplicant: WPS:  * Model Number
06-22 18:47:26.722  2869  2869 D wpa_supplicant: WPS:  * Device Name
06-22 18:47:26.722  2869  2869 D wpa_supplicant: WPS:  * Version2 (0x20)
06-22 18:47:26.722  2869  2869 D wpa_supplicant: wpa_driver_wext_combo_scan: Start
06-22 18:47:26.722  2869  2869 D wpa_supplicant: For Scan: (null)
06-22 18:47:26.730  2869  2869 D wpa_supplicant: Scan requested (ret=0) - scan timeout 30 seconds
06-22 18:47:26.750  2360  2416 D ConnectivityService: Attempting to switch to WIMAX
06-22 18:47:26.754  2360  2416 D ConnectivityService: Attempting to switch to BLUETOOTH_TETHER
06-22 18:47:26.757  2360  2416 E ConnectivityService: Exception trying to remove a route: java.lang.IllegalStateException: Unable to communicate with native dameon to add routes - com.android.server.NativeDaemonConnectorException: Cmd {interface route remove wlan0 default 67.20.215.254 32 0.0.0.0} failed with code 400 : {Failed to remove route from default table (No such process)}
06-22 18:47:26.765  2360  2416 E ConnectivityService: Exception trying to remove a route: java.lang.IllegalStateException: Unable to communicate with native dameon to add routes - com.android.server.NativeDaemonConnectorException: Cmd {interface route remove wlan0 default 0.0.0.0 0 67.20.215.254} failed with code 400 : {Failed to remove route from default table (No such process)}
06-22 18:47:26.769  2360  2416 D NetUtils: android_net_utils_resetConnections in env=0x5522d0 clazz=0x9c600001 iface=wlan0 mask=0x3
06-22 18:47:26.769  2360  2416 D ConnectivityService: resetConnections(wlan0, 3)
06-22 18:47:26.839 27423 28828 W Smack/Packet: notify conn break (IOEx), close connection
06-22 18:47:27.011 27423 28828 I qtaguid : Failed write_ctrl(u 22) res=-1 errno=22
06-22 18:47:27.011 27423 28828 I qtaguid : Untagging socket 22 failed errno=-22
06-22 18:47:27.015 27423 28828 W NetworkManagementSocketTagger: untagSocket(22) failed with errno -22
06-22 18:47:27.074  2360  2416 D ConnectivityService: handleInetConditionChange: no active default network - ignore
06-22 18:47:27.214  2869  2869 D wpa_supplicant: RTM_NEWLINK: operstate=0 ifi_flags=0x11003 ([UP][LOWER_UP])
06-22 18:47:27.214  2869  2869 D wpa_supplicant: RTM_NEWLINK, IFLA_IFNAME: Interface 'wlan0' added
06-22 18:47:27.214  2869  2869 D wpa_supplicant: Wireless event: cmd=0x8b19 len=8
06-22 18:47:27.226  2869  2869 D wpa_supplicant: Received 1377 bytes of scan results (7 BSSes)
06-22 18:47:27.230  2869  2869 D wpa_supplicant: wlan0: Request association: reassociate: 0  selected: 00:86:11:15:d0:e1  bssid: 00:00:00:00:00:00  pending: 00:00:00:00:00:00  wpa_state: SCANNING
06-22 18:47:27.238  2869  2869 I wpa_supplicant: wlan0: Trying to associate with 00:86:11:15:d0:e1 (SSID='konoha' freq=2437 MHz)
06-22 18:47:27.238  2869  2869 D wpa_supplicant: wpa_driver_wext_set_operstate: operstate 0->0 (DORMANT)
06-22 18:47:27.238  2869  2869 D wpa_supplicant: netlink: Operstate: linkmode=-1, operstate=5
06-22 18:47:27.238  2869  2869 D wpa_supplicant: wpa_driver_wext_associate
06-22 18:47:27.238  2869  2869 D wpa_supplicant: wpa_driver_wext_set_drop_unencrypted
06-22 18:47:27.242  2869  2869 D wpa_supplicant: wpa_driver_wext_set_psk
06-22 18:47:27.347  2869  2869 D wpa_supplicant: EAP: deinitialize previously used EAP method (25, PEAP) at invalidate
06-22 18:47:27.402  2869  2869 D wpa_supplicant: EAPOL: External notification - EAP success=0
06-22 18:47:27.402  2869  2869 D wpa_supplicant: EAPOL: Supplicant port status: Unauthorized
06-22 18:47:27.402  2869  2869 D wpa_supplicant: EAPOL: External notification - EAP fail=0
06-22 18:47:27.402  2869  2869 D wpa_supplicant: EAPOL: Supplicant port status: Unauthorized
06-22 18:47:27.402  2869  2869 D wpa_supplicant: EAPOL: External notification - portControl=Auto
06-22 18:47:27.402  2869  2869 D wpa_supplicant: EAPOL: Supplicant port status: Unauthorized
06-22 18:47:27.402  2869  2869 D wpa_supplicant: RSN: Ignored PMKID candidate without preauth flag
06-22 18:47:27.402  2869  2869 D wpa_supplicant: RTM_NEWLINK: operstate=0 ifi_flags=0x11003 ([UP][LOWER_UP])
06-22 18:47:27.402  2869  2869 D wpa_supplicant: RTM_NEWLINK, IFLA_IFNAME: Interface 'wlan0' added
06-22 18:47:27.402  2869  2869 D wpa_supplicant: Wireless event: cmd=0x8b06 len=8
06-22 18:47:27.402  2869  2869 D wpa_supplicant: RTM_NEWLINK: operstate=0 ifi_flags=0x11003 ([UP][LOWER_UP])
06-22 18:47:27.402  2869  2869 D wpa_supplicant: RTM_NEWLINK, IFLA_IFNAME: Interface 'wlan0' added
06-22 18:47:27.402  2869  2869 D wpa_supplicant: Wireless event: cmd=0x8b04 len=12
06-22 18:47:27.402  2869  2869 D wpa_supplicant: RTM_NEWLINK: operstate=0 ifi_flags=0x11003 ([UP][LOWER_UP])
06-22 18:47:27.402  2869  2869 D wpa_supplicant: RTM_NEWLINK, IFLA_IFNAME: Interface 'wlan0' added
06-22 18:47:27.402  2869  2869 D wpa_supplicant: Wireless event: cmd=0x8b1a len=14
06-22 18:47:27.402  2869  2869 D wpa_supplicant: RTM_NEWLINK: operstate=0 ifi_flags=0x11003 ([UP][LOWER_UP])
06-22 18:47:27.402  2869  2869 D wpa_supplicant: RTM_NEWLINK, IFLA_IFNAME: Interface 'wlan0' added
06-22 18:47:27.402  2869  2869 D wpa_supplicant: Wireless event: cmd=0x8b15 len=20
06-22 18:47:27.402  2869  2869 D wpa_supplicant: Wireless event: new AP: 00:86:11:15:d0:e1
06-22 18:47:27.402  2869  2869 D wpa_supplicant: wpa_driver_wext_set_operstate: operstate 0->0 (DORMANT)
06-22 18:47:27.402  2869  2869 D wpa_supplicant: netlink: Operstate: linkmode=-1, operstate=5
06-22 18:47:27.410  2869  2869 I wpa_supplicant: wlan0: Associated with 00:86:11:15:d0:e1
06-22 18:47:27.414  2869  2869 D wpa_supplicant: EAPOL: External notification - portEnabled=0
06-22 18:47:27.414  2869  2869 D wpa_supplicant: EAPOL: Supplicant port status: Unauthorized
06-22 18:47:27.414  2869  2869 D wpa_supplicant: EAPOL: External notification - portValid=0
06-22 18:47:27.414  2869  2869 D wpa_supplicant: EAPOL: Supplicant port status: Unauthorized
06-22 18:47:27.414  2869  2869 D wpa_supplicant: EAPOL: External notification - EAP success=0
06-22 18:47:27.414  2869  2869 D wpa_supplicant: EAPOL: Supplicant port status: Unauthorized
06-22 18:47:27.414  2869  2869 D wpa_supplicant: EAPOL: External notification - portEnabled=1
06-22 18:47:27.414  2869  2869 D wpa_supplicant: EAPOL: SUPP_PAE entering state CONNECTING
06-22 18:47:27.414  2869  2869 D wpa_supplicant: EAPOL: enable timer tick
06-22 18:47:27.414  2869  2869 D wpa_supplicant: EAPOL: SUPP_BE entering state IDLE
06-22 18:47:27.414  2869  2869 I wpa_supplicant: wlan0: CTRL-EVENT-EAP-SUCCESS EAP authentication completed successfully (based on lower layer success)
06-22 18:47:27.421  2869  2869 D wpa_supplicant: EAPOL: SUPP_PAE entering state AUTHENTICATING
06-22 18:47:27.421  2869  2869 D wpa_supplicant: EAPOL: SUPP_BE entering state SUCCESS
06-22 18:47:27.421  2869  2869 D wpa_supplicant: EAPOL: SUPP_BE entering state IDLE
06-22 18:47:27.457  2869  2869 D wpa_supplicant: WPA: PTK derivation - A1=78:d6:f0:71:a5:f6 A2=00:86:11:15:d0:e1
06-22 18:47:27.464  2869  2869 D wpa_supplicant: wpa_driver_wext_set_key: alg=3 key_idx=0 set_tx=1 seq_len=6 key_len=16
06-22 18:47:27.464  2869  2869 D wpa_supplicant: EAPOL: External notification - portValid=1
06-22 18:47:27.464  2869  2869 D wpa_supplicant: EAPOL: SUPP_PAE entering state AUTHENTICATED
06-22 18:47:27.464  2869  2869 D wpa_supplicant: EAPOL: Supplicant port status: Authorized
06-22 18:47:27.464  2869  2869 D wpa_supplicant: EAPOL authentication completed successfully
06-22 18:47:27.464  2869  2869 D wpa_supplicant: wpa_driver_wext_set_key: alg=3 key_idx=1 set_tx=0 seq_len=6 key_len=16
06-22 18:47:27.468  2869  2869 I wpa_supplicant: wlan0: WPA: Key negotiation completed with 00:86:11:15:d0:e1 [PTK=CCMP GTK=CCMP]
06-22 18:47:27.468  2869  2869 D wpa_supplicant: Removed BSSID 00:86:11:15:d0:e1 from blacklist
06-22 18:47:27.468  2869  2869 I wpa_supplicant: wlan0: CTRL-EVENT-CONNECTED - Connection to 00:86:11:15:d0:e1 completed (reauth) [id=1 id_str=]
06-22 18:47:27.468  2869  2869 D wpa_supplicant: wpa_driver_wext_set_operstate: operstate 0->1 (UP)
06-22 18:47:27.468  2869  2869 D wpa_supplicant: netlink: Operstate: linkmode=-1, operstate=6
06-22 18:47:27.468  2869  2869 D wpa_supplicant: EAPOL: External notification - portValid=1
06-22 18:47:27.468  2869  2869 D wpa_supplicant: EAPOL: External notification - EAP success=1
06-22 18:47:27.468  2869  2869 D wpa_supplicant: EAP: EAP entering state DISABLED
06-22 18:47:27.468  2869  2869 D wpa_supplicant: RTM_NEWLINK: operstate=1 ifi_flags=0x11043 ([UP][RUNNING][LOWER_UP])
06-22 18:47:27.468  2869  2869 D wpa_supplicant: RTM_NEWLINK, IFLA_IFNAME: Interface 'wlan0' added
06-22 18:47:27.484  2869  2869 D wpa_supplicant: wpa_driver_wext_driver_cmd BTCOEXMODE 1 len = 4096
06-22 18:47:27.648  2869  2869 D wpa_supplicant: wpa_driver_wext_driver_cmd OK len = 0, 2
06-22 18:47:27.652  2869  2869 D wpa_supplicant: RTM_NEWLINK: operstate=1 ifi_flags=0x11043 ([UP][RUNNING][LOWER_UP])
06-22 18:47:27.652  2869  2869 D wpa_supplicant: RTM_NEWLINK, IFLA_IFNAME: Interface 'wlan0' added
06-22 18:47:27.652  2869  2869 D wpa_supplicant: Wireless event: cmd=0x8c03 len=20
06-22 18:47:27.652  2869  2869 D wpa_supplicant: RTM_NEWLINK: operstate=1 ifi_flags=0x11043 ([UP][RUNNING][LOWER_UP])
06-22 18:47:27.652  2869  2869 D wpa_supplicant: RTM_NEWLINK, IFLA_IFNAME: Interface 'wlan0' added
06-22 18:47:27.652  2869  2869 D wpa_supplicant: Wireless event: cmd=0x8c02 len=26
06-22 18:47:27.652  2869  2869 D wpa_supplicant: wpa_driver_wext_driver_cmd GETPOWER len = 4096
06-22 18:47:27.664  2869  2869 D wpa_supplicant: wpa_driver_wext_driver_cmd powermode = 0 len = 13, 13
06-22 18:47:27.668  2869  2869 D wpa_supplicant: wpa_driver_wext_driver_cmd POWERMODE 1 len = 4096
06-22 18:47:27.683  2869  2869 D wpa_supplicant: wpa_driver_wext_driver_cmd OK len = 0, 2
06-22 18:47:28.414  2869  2869 D wpa_supplicant: EAPOL: startWhen --> 0
06-22 18:47:28.414  2869  2869 D wpa_supplicant: EAPOL: disable timer tick
06-22 18:47:29.820  2360  2419 D Tethering: MasterInitialState.processMessage what=3
06-22 18:47:29.875  2360  2377 I ActivityManager: Start proc android.process.media for broadcast com.android.providers.downloads/.DownloadReceiver: pid=29313 uid=10012 gids={1015, 1023, 1024, 2001, 3003, 3007}
06-22 18:47:30.035 29313 29313 I ActivityThread: Pub media: com.android.providers.media.MediaProvider
06-22 18:47:30.511 29313 29313 I ActivityThread: Pub downloads: com.android.providers.downloads.DownloadProvider
06-22 18:47:30.535 29313 29315 D dalvikvm: GC_CONCURRENT freed 351K, 5% free 9148K/9607K, paused 3ms+3ms
06-22 18:47:30.535 29313 29313 I ActivityThread: Pub drm: com.android.providers.drm.DrmProvider
06-22 18:47:30.535 29313 29329 I DownloadManager: in removeSpuriousFiles
06-22 18:47:30.570 29313 29329 I DownloadManager: in removeSpuriousFiles, preserving file /data/data/com.android.providers.downloads/cache/metadata.json
06-22 18:47:30.574 29313 29329 I DownloadManager: in removeSpuriousFiles, preserving file /data/data/com.android.providers.downloads/cache/en_general.htm
06-22 18:47:30.574 29313 29329 I DownloadManager: in removeSpuriousFiles, preserving file /mnt/sdcard/Download/img-thing.jpeg
06-22 18:47:30.574 29313 29329 I DownloadManager: in removeSpuriousFiles, preserving file /data/data/com.android.providers.downloads/cache/metadata-1.json
06-22 18:47:30.574 29313 29329 I DownloadManager: in removeSpuriousFiles, preserving file /data/data/com.android.providers.downloads/cache/downloadfile.jpeg
06-22 18:47:30.589 29313 29329 I DownloadManager: deleting spurious file /cache/backup
06-22 18:47:30.644  2360  2574 I ActivityManager: Start proc com.google.android.apps.uploader for broadcast com.google.android.apps.uploader/.ConnectivityBroadcastReceiver: pid=29331 uid=10030 gids={3003}
06-22 18:47:30.652 29331 29331 I dalvikvm: Turning on JNI app bug workarounds for target SDK version 11...
06-22 18:47:30.687 27423 27426 D dalvikvm: GC_CONCURRENT freed 421K, 9% free 9993K/10887K, paused 3ms+10ms
06-22 18:47:30.714 29331 29331 I ActivityThread: Pub com.google.android.apps.uploader: com.google.android.apps.uploader.UploadsContentProvider
06-22 18:47:30.714 29331 29331 I ActivityThread: Pub com.google.photos.provider.Album: com.google.android.apps.uploader.clients.picasa.AlbumProvider
06-22 18:47:30.718 29331 29331 D MediaUploader: UploaderApplication.onCreate
06-22 18:47:30.765 29331 29331 D MediaUploader: nonWifiLimit=20971520, default=20971520
06-22 18:47:30.765 29331 29331 I MediaUploader: No need to wake up
06-22 18:47:30.769 27853 27853 I PhoneLab-WiFiReceiver: Wi-Fi is disconnected!
06-22 18:47:30.816  2360 24941 I ActivityManager: Start proc com.google.android.apps.plus for broadcast com.google.android.apps.plus/com.google.android.picasasync.ConnectivityReceiver: pid=29347 uid=10060 gids={3003, 3002, 1015, 1006}
06-22 18:47:31.156 29347 29348 D dalvikvm: GC_CONCURRENT freed 162K, 3% free 9374K/9607K, paused 2ms+2ms
06-22 18:47:31.265 29347 29347 I ActivityThread: Pub com.google.android.apps.plus.content.EsProvider: com.google.android.apps.plus.content.EsProvider
06-22 18:47:31.324 29347 29347 I ActivityThread: Pub com.google.android.apps.plus.content.ApiProvider: com.google.android.apps.plus.content.EsApiProvider
06-22 18:47:31.336 29347 29347 I ActivityThread: Pub com.google.android.apps.plus.content.EsGooglePhotoProvider: com.google.android.picasasync.PicasaContentProvider
06-22 18:47:31.461 29347 29348 D dalvikvm: GC_CONCURRENT freed 398K, 5% free 9517K/9991K, paused 8ms+2ms
06-22 18:47:31.480 29347 29347 I ActivityThread: Pub com.google.android.apps.plus.content.EsPicasaStoreProvider: com.google.android.picasastore.PicasaPhotoContentProvider
06-22 18:47:31.488 29347 29347 I ActivityThread: Pub com.google.plus.platform: com.google.android.apps.plus.content.AdsProvider
06-22 18:47:31.488 29347 29347 I ActivityThread: Pub com.google.android.apps.plus.iu.EsGoogleIuProvider: com.google.android.apps.plus.iu.InstantUploadProvider
06-22 18:47:31.558 29347 29348 D dalvikvm: GC_CONCURRENT freed 498K, 6% free 9547K/10119K, paused 2ms+6ms
06-22 18:47:31.605 29347 29361 D PicasaPhotoCP: set fsid first time:-1
06-22 18:47:31.668 29347 29365 D PicasaSync: sync account database
06-22 18:47:31.734 29347 29365 D PicasaSync: accounts in DB=1
06-22 18:47:31.738 29347 29365 D PicasaSyncManager: active network: null
06-22 18:47:31.738 29347 29365 D PicasaSyncManager: background data: true
06-22 18:47:31.847 29347 29348 D dalvikvm: GC_CONCURRENT freed 268K, 5% free 9724K/10183K, paused 2ms+3ms
06-22 18:47:31.875 29347 29365 D PicasaSyncManager: battery info: false
06-22 18:47:31.961 29347 29348 D dalvikvm: GC_CONCURRENT freed 131K, 3% free 10018K/10247K, paused 2ms+2ms
06-22 18:47:32.027 29347 29362 D dalvikvm: GC_FOR_ALLOC freed 258K, 5% free 10144K/10567K, paused 17ms
06-22 18:47:32.027 29347 29362 I dalvikvm-heap: Grow heap (frag case) to 10.223MB for 260112-byte allocation
06-22 18:47:32.043 29347 29362 D dalvikvm: GC_FOR_ALLOC freed 126K, 6% free 10272K/10823K, paused 17ms
06-22 18:47:32.066 29347 29362 D dalvikvm: GC_FOR_ALLOC freed 311K, 6% free 10210K/10823K, paused 17ms
06-22 18:47:32.086 29347 29362 D dalvikvm: GC_FOR_ALLOC freed 62K, 6% free 10273K/10823K, paused 17ms
06-22 18:47:32.086 29347 29362 I dalvikvm-heap: Grow heap (frag case) to 10.349MB for 260112-byte allocation
06-22 18:47:32.101 29347 29362 D dalvikvm: GC_FOR_ALLOC freed 126K, 7% free 10401K/11079K, paused 18ms
06-22 18:47:32.125 29347 29362 D dalvikvm: GC_FOR_ALLOC freed 369K, 7% free 10401K/11079K, paused 17ms
06-22 18:47:32.144 29347 29362 D dalvikvm: GC_FOR_ALLOC freed 126K, 5% free 10529K/11079K, paused 16ms
06-22 18:47:32.265 29347 29348 D dalvikvm: GC_CONCURRENT freed 326K, 4% free 10655K/11079K, paused 1ms+2ms
06-22 18:47:32.367 29347 29348 D dalvikvm: GC_CONCURRENT freed 95K, 2% free 11008K/11207K, paused 2ms+2ms
06-22 18:47:32.496 29347 29348 D dalvikvm: GC_CONCURRENT freed 390K, 5% free 11225K/11719K, paused 1ms+2ms
06-22 18:47:32.632 29347 29348 D dalvikvm: GC_CONCURRENT freed 145K, 3% free 11726K/11975K, paused 1ms+2ms
06-22 18:47:33.441  2869  2869 D wpa_supplicant: Ignore event for foreign ifindex 2
06-22 18:47:33.488  2360  2416 D ConnectivityService: ConnectivityChange for mobile: CONNECTED/CONNECTED
06-22 18:47:33.550  2360  2411 W NetworkStats: dropping UID delta from unknown iface: iface=wlan0 uid=0 set=DEFAULT tag=0x0 rxBytes=0 rxPackets=0 txBytes=328 txPackets=5 operations=0
06-22 18:47:33.578  2360  2412 D NetworkPolicy: applying policy NetworkPolicy[NetworkTemplate: matchRule=MOBILE_ALL, subscriberId=valid]: cycleDay=20, warningBytes=2147483648, limitBytes=-1, lastSnooze=-1 to ifaces [rmnet0]
06-22 18:47:34.492  2360  2416 D ConnectivityService: NetTransition Wakelock for WifiStateMachine released by timeout
06-22 18:47:36.402  2539  2539 D SAN_SERVICE: *******************************************
06-22 18:47:36.402  2539  2539 D SAN_SERVICE: DM App Phone Service State - 0
06-22 18:47:36.402  2539  2539 D SAN_SERVICE: *******************************************
06-22 18:47:36.550  2360  2419 D Tethering: MasterInitialState.processMessage what=3
06-22 18:47:36.601 27423 27423 I GTalkService/c: [AndroidEndpoint@1094239088] connect: acct=1000000, state=CONNECTING
06-22 18:47:36.605 27423 27423 I GTalkService/c: [GTalkConnection@1094215472] connect: acct=1, state=CONNECTING
06-22 18:47:36.695 29331 29331 I MediaUploader: No need to wake up
06-22 18:47:36.750 29347 29365 D PicasaSyncManager: active network: NetworkInfo: type: mobile[CDMA - EvDo rev. A], state: CONNECTED/CONNECTED, reason: (unspecified), extra: , roaming: false, failover: true, isAvailable: true
06-22 18:47:36.765 29347 29365 D PicasaSyncManager: background data: true
06-22 18:47:36.851  2539  2539 D SAN_SERVICE: *******************************************
06-22 18:47:36.851  2539  2539 D SAN_SERVICE: DM App Phone Service State - 0
06-22 18:47:36.851  2539  2539 D SAN_SERVICE: *******************************************
06-22 18:47:36.879  2539  2541 D dalvikvm: GC_CONCURRENT freed 379K, 6% free 9643K/10247K, paused 9ms+7ms
06-22 18:47:37.445  2360  2411 W NetworkStats: dropping UID delta from unknown iface: iface=wlan0 uid=0 set=DEFAULT tag=0x0 rxBytes=0 rxPackets=0 txBytes=56 txPackets=1 operations=0
06-22 18:47:39.918  2360  2416 D ConnectivityService: handleInetConditionHoldEnd: net=0, condition=100, published condition=0
06-22 18:47:40.226 27740 27742 D dalvikvm: GC_CONCURRENT freed 433K, 7% free 10798K/11527K, paused 14ms+3ms
06-22 18:47:40.601 27423 27426 D dalvikvm: GC_CONCURRENT freed 397K, 9% free 9983K/10887K, paused 9ms+4ms
06-22 18:47:41.046  2360  2377 I ActivityManager: Start proc com.google.android.talk for broadcast com.google.android.talk/.ConnectionStateOnlineReceiver: pid=29395 uid=10045 gids={3003, 1015, 1006, 3002}
06-22 18:47:41.250 29395 29395 I ActivityThread: Pub com.google.android.talk.SuggestionProvider: com.google.android.talk.SuggestionsProvider
06-22 18:47:41.629 29395 29395 D vclib:CallStateClient: startListening
06-22 18:47:41.671 29395 29397 D dalvikvm: GC_CONCURRENT freed 151K, 3% free 9352K/9607K, paused 18ms+4ms
06-22 18:47:42.285  2869  2869 D wpa_supplicant: wpa_driver_wext_driver_cmd POWERMODE 0 len = 4096
06-22 18:47:42.289  2869  2869 D wpa_supplicant: wpa_driver_wext_driver_cmd OK len = 0, 2
06-22 18:47:42.289  2869  2869 D wpa_supplicant: wpa_driver_wext_driver_cmd BTCOEXMODE 2 len = 4096
06-22 18:47:42.289  2869  2869 D wpa_supplicant: wpa_driver_wext_driver_cmd OK len = 0, 2
06-22 18:47:42.300  2360  2416 D ConnectivityService: ConnectivityChange for WIFI: CONNECTED/CONNECTED
06-22 18:47:42.300  2360  2416 D ConnectivityService: Policy requires mobile teardown
06-22 18:47:42.328 27853 27853 I PhoneLab-WiFiReceiver: Wi-Fi is connected!
06-22 18:47:42.328 27853 27853 I PhoneLab-WiFiReceiver: SSID: konoha BSSID: 00:86:11:15:d0:e1 RSSI: -200 LinkSpeed: -1
06-22 18:47:42.332 27853 27853 I PhoneLab-Locks: wake lock acquired
06-22 18:47:42.347 27853 27853 I PhoneLab-UploadLogs: Transfering log files now
06-22 18:47:42.375  2360  2416 D ConnectivityService: ConnectivityChange for mobile: DISCONNECTED/DISCONNECTED
06-22 18:47:42.379  2360  2416 D ConnectivityService: Attempting to switch to WIFI
06-22 18:47:42.382  2360  2416 D ConnectivityService: Attempting to switch to WIMAX
06-22 18:47:42.382  2360  2416 D ConnectivityService: Attempting to switch to BLUETOOTH_TETHER
06-22 18:47:42.398  2360  2416 D NetUtils: android_net_utils_resetConnections in env=0x5522d0 clazz=0xc1600001 iface=rmnet0 mask=0x3
06-22 18:47:42.398  2360  2416 D ConnectivityService: resetConnections(rmnet0, 3)
06-22 18:47:42.414  2360  2411 W NetworkStats: dropping UID delta from unknown iface: iface=wlan0 uid=10063 set=DEFAULT tag=0x0 rxBytes=0 rxPackets=0 txBytes=52 txPackets=1 operations=0
06-22 18:47:42.445 27740 29380 W System.err: javax.net.ssl.SSLException: Write error: ssl=0x6b88e0: I/O error during system call, Broken pipe
06-22 18:47:42.453 27740 29380 W System.err: 	at org.apache.harmony.xnet.provider.jsse.NativeCrypto.SSL_write(Native Method)
06-22 18:47:42.453 27740 29380 W System.err: 	at org.apache.harmony.xnet.provider.jsse.OpenSSLSocketImpl$SSLOutputStream.write(OpenSSLSocketImpl.java:713)
06-22 18:47:42.453 27740 29380 W System.err: 	at java.io.OutputStreamWriter.flushBytes(OutputStreamWriter.java:167)
06-22 18:47:42.453 27740 29380 W System.err: 	at java.io.OutputStreamWriter.convert(OutputStreamWriter.java:181)
06-22 18:47:42.453 27740 29380 W System.err: 	at java.io.OutputStreamWriter.write(OutputStreamWriter.java:266)
06-22 18:47:42.453 27740 29380 W System.err: 	at java.io.BufferedWriter.flushInternal(BufferedWriter.java:139)
06-22 18:47:42.453 27740 29380 W System.err: 	at java.io.BufferedWriter.flush(BufferedWriter.java:123)
06-22 18:47:42.453 27740 29380 W System.err: 	at org.jivesoftware.smack.PacketWriter.writePackets(PacketWriter.java:302)
06-22 18:47:42.453 27740 29380 W System.err: 	at org.jivesoftware.smack.PacketWriter.access$12(PacketWriter.java:270)
06-22 18:47:42.453 27740 29380 W System.err: 	at org.jivesoftware.smack.PacketWriter$1.run(PacketWriter.java:137)
06-22 18:47:42.586 22701 29388 E HttpConnection: javax.net.ssl.SSLException: Read error: ssl=0xa6a2c8: I/O error during system call, Connection timed out
06-22 18:47:42.593 27740 29381 W System.err: javax.net.ssl.SSLException: Write error: ssl=0x6b88e0: I/O error during system call, Connection timed out
06-22 18:47:42.656 27740 29381 W System.err: 	at org.apache.harmony.xnet.provider.jsse.NativeCrypto.SSL_write(Native Method)
06-22 18:47:42.656 27740 29381 W System.err: 	at org.apache.harmony.xnet.provider.jsse.OpenSSLSocketImpl$SSLOutputStream.write(OpenSSLSocketImpl.java:713)
06-22 18:47:42.656 27740 29381 W System.err: 	at java.io.OutputStreamWriter.flushBytes(OutputStreamWriter.java:167)
06-22 18:47:42.656 27740 29381 W System.err: 	at java.io.OutputStreamWriter.flush(OutputStreamWriter.java:158)
06-22 18:47:42.656 27740 29381 W System.err: 	at java.io.BufferedWriter.flush(BufferedWriter.java:124)
06-22 18:47:42.656 27740 29381 W System.err: 	at org.jivesoftware.smack.PacketWriter.openStream(PacketWriter.java:352)
06-22 18:47:42.656 27740 29381 W System.err: 	at org.jivesoftware.smack.PacketReader.parsePackets(PacketReader.java:298)
06-22 18:47:42.656 27740 29381 W System.err: 	at org.jivesoftware.smack.PacketReader.access$1(PacketReader.java:216)
06-22 18:47:42.656 27740 29381 W System.err: 	at org.jivesoftware.smack.PacketReader$1.run(PacketReader.java:70)
06-22 18:47:42.671  2869  2869 D wpa_supplicant: Ignore event for foreign ifindex 2
06-22 18:47:42.781 27853 27855 D dalvikvm: GC_CONCURRENT freed 431K, 14% free 9250K/10695K, paused 3ms+2ms
06-22 18:47:42.816 27853 27853 D dalvikvm: GC_FOR_ALLOC freed 205K, 12% free 9422K/10695K, paused 16ms
06-22 18:47:42.871 27853 27855 D dalvikvm: GC_CONCURRENT freed 249K, 10% free 9679K/10695K, paused 2ms+14ms
06-22 18:47:42.894  2360  2362 D dalvikvm: GC_CONCURRENT freed 1912K, 21% free 17493K/22023K, paused 86ms+25ms
06-22 18:47:42.906 27853 27853 I PhoneLab-UploadLogs: OnStartCommand
06-22 18:47:43.015 27740 29377 W System.err: java.lang.IllegalStateException: Not connected to server.
06-22 18:47:43.019 27740 29377 W System.err: 	at org.jivesoftware.smack.XMPPConnection.sendPacket(XMPPConnection.java:483)
06-22 18:47:43.023 27740 29377 W System.err: 	at org.jivesoftware.smack.NonSASLAuthentication.authenticate(NonSASLAuthentication.java:69)
06-22 18:47:43.023 27740 29377 W System.err: 	at org.jivesoftware.smack.SASLAuthentication.authenticate(SASLAuthentication.java:353)
06-22 18:47:43.023 27740 29377 W System.err: 	at org.jivesoftware.smack.XMPPConnection.login(XMPPConnection.java:210)
06-22 18:47:43.023 27740 29377 W System.err: 	at com.xabber.android.data.connection.ConnectionThread.authorization(ConnectionThread.java:214)
06-22 18:47:43.023 27740 29377 W System.err: 	at com.xabber.android.data.connection.ConnectionThread.access$5(ConnectionThread.java:207)
06-22 18:47:43.023 27740 29377 W System.err: 	at com.xabber.android.data.connection.ConnectionThread$7.run(ConnectionThread.java:197)
06-22 18:47:43.023 27740 29377 W System.err: 	at com.xabber.android.data.connection.ConnectionThread$13.run(ConnectionThread.java:362)
06-22 18:47:43.023 27740 29377 W System.err: 	at java.util.concurrent.Executors$RunnableAdapter.call(Executors.java:442)
06-22 18:47:43.023 27740 29377 W System.err: 	at java.util.concurrent.FutureTask$Sync.innerRun(FutureTask.java:305)
06-22 18:47:43.023 27740 29377 W System.err: 	at java.util.concurrent.FutureTask.run(FutureTask.java:137)
06-22 18:47:43.023 27740 29377 W System.err: 	at java.util.concurrent.ThreadPoolExecutor.runWorker(ThreadPoolExecutor.java:1076)
06-22 18:47:43.023 27740 29377 W System.err: 	at java.util.concurrent.ThreadPoolExecutor$Worker.run(ThreadPoolExecutor.java:569)
06-22 18:47:43.023 27740 29377 W System.err: 	at java.lang.Thread.run(Thread.java:856)
06-22 18:47:43.105  2360  2412 D NetworkPolicy: applying policy NetworkPolicy[NetworkTemplate: matchRule=MOBILE_ALL, subscriberId=valid]: cycleDay=20, warningBytes=2147483648, limitBytes=-1, lastSnooze=-1 to ifaces [rmnet0]
06-22 18:47:43.234 27423 29385 W Smack/Packet: notify conn break (IOEx), close connection
06-22 18:47:43.386 27423 29385 I qtaguid : Failed write_ctrl(u 22) res=-1 errno=22
06-22 18:47:43.386 27423 29385 I qtaguid : Untagging socket 22 failed errno=-22
06-22 18:47:43.386 27423 29385 W NetworkManagementSocketTagger: untagSocket(22) failed with errno -22
06-22 18:47:43.390  2360  2416 D ConnectivityService: handleInetConditionChange: net=0 != default=1 - ignore
06-22 18:47:43.445 22701 29390 E HttpConnection: javax.net.ssl.SSLPeerUnverifiedException: No peer certificate
06-22 18:47:43.933 27853 29438 D dalvikvm: GC_FOR_ALLOC freed 356K, 10% free 9655K/10695K, paused 25ms
06-22 18:47:43.953 27853 29438 D dalvikvm: GC_FOR_ALLOC freed 301K, 10% free 9656K/10695K, paused 17ms
06-22 18:47:43.964 27853 29438 D dalvikvm: GC_FOR_ALLOC freed 301K, 10% free 9657K/10695K, paused 12ms
06-22 18:47:45.019  2360  2574 D dalvikvm: GC_EXPLICIT freed 729K, 22% free 17335K/22023K, paused 3ms+7ms
06-22 18:47:45.382  2360  2419 D Tethering: MasterInitialState.processMessage what=3
06-22 18:47:45.515 27423 27423 I GTalkService/c: [AndroidEndpoint@1094239088] connect: acct=1000000, state=CONNECTING
06-22 18:47:45.519 27423 27423 I GTalkService/c: [GTalkConnection@1094215472] connect: acct=1, state=CONNECTING
06-22 18:47:45.527  2360  2419 D Tethering: MasterInitialState.processMessage what=3
06-22 18:47:45.543  2360  2419 D Tethering: MasterInitialState.processMessage what=3
06-22 18:47:45.578 29331 29331 I MediaUploader: No need to wake up
06-22 18:47:45.640 29347 29365 D PicasaSyncManager: active network: NetworkInfo: type: WIFI[], state: CONNECTED/CONNECTED, reason: (unspecified), extra: (none), roaming: false, failover: false, isAvailable: true
06-22 18:47:45.640 29347 29365 D PicasaSyncManager: background data: true
06-22 18:47:45.746 29331 29331 I MediaUploader: No need to wake up
06-22 18:47:45.773 27697 27699 D dalvikvm: GC_CONCURRENT freed 410K, 6% free 9881K/10503K, paused 28ms+17ms
06-22 18:47:45.882 29331 29331 I MediaUploader: No need to wake up
06-22 18:47:45.964 29347 29365 D PicasaSyncManager: active network: NetworkInfo: type: WIFI[], state: CONNECTED/CONNECTED, reason: (unspecified), extra: (none), roaming: false, failover: false, isAvailable: true
06-22 18:47:45.964 29347 29365 D PicasaSyncManager: background data: true
06-22 18:47:46.664 27423 27426 D dalvikvm: GC_CONCURRENT freed 393K, 9% free 9996K/10887K, paused 2ms+3ms
06-22 18:47:47.839 27740 27742 D dalvikvm: GC_CONCURRENT freed 483K, 7% free 10798K/11527K, paused 1ms+5ms
06-22 18:47:49.230 27853 27866 I PhoneLab-: Service Running
06-22 18:47:49.308 27853 27866 I PhoneLab-LoggerService: app_37    3205  1     2360   1920  c00f181c 400107b4 S logcat
06-22 18:47:49.320 27853 27866 I PhoneLab-LoggerService: Logcat pid from database 3205
06-22 18:47:49.328 27853 27866 I PhoneLab-LoggerService: Logcat process found 3205
06-22 18:47:49.328 27853 27866 I PhoneLab-LoggerService: Checking Threshold
06-22 18:47:49.351 27853 27855 D dalvikvm: GC_CONCURRENT freed 894K, 15% free 9148K/10695K, paused 3ms+4ms
06-22 18:47:49.828 27853 27853 I PhoneLab-: 1340405029444.log is deleted
06-22 18:47:49.828 27853 27853 I PhoneLab-: Response: {"data": "done", "err": ""}
06-22 18:47:49.914 27853 27853 I PhoneLab-UploadLogs: No log files to transfer
06-22 18:47:49.918 27853 27853 I PhoneLab-Locks: wake lock released
06-22 18:47:50.796  2360  2416 D ConnectivityService: handleInetConditionHoldEnd: net=1, condition=100, published condition=0
06-22 18:47:51.480 27697 28729 D dalvikvm: GC_EXPLICIT freed 37K, 7% free 9859K/10503K, paused 2ms+3ms
06-22 18:47:51.722 27423 29462 D dalvikvm: GC_EXPLICIT freed 283K, 9% free 10005K/10887K, paused 24ms+3ms
06-22 18:47:52.539  2360  2615 I ActivityManager: Process com.xabber.androiddev (pid 27740) has died.
06-22 18:47:52.539  2360  2615 W ActivityManager: Scheduling restart of crashed service com.xabber.androiddev/com.xabber.android.service.XMPPService in 5000ms
06-22 18:47:52.546  2869  2869 D wpa_supplicant: wpa_driver_wext_driver_cmd SETSUSPENDOPT 0 len = 4096
06-22 18:47:52.546  2869  2869 D wpa_supplicant: wpa_driver_wext_driver_cmd SETSUSPENDOPT 0 len = 0, 15
06-22 18:47:52.546  2869  2869 D wpa_supplicant: wpa_driver_wext_driver_cmd POWERMODE 0 len = 4096
06-22 18:47:52.566  2869  2869 D wpa_supplicant: wpa_driver_wext_driver_cmd OK len = 0, 2
06-22 18:47:52.914 22701 22703 D dalvikvm: GC_CONCURRENT freed 1844K, 11% free 17877K/20039K, paused 1ms+4ms
06-22 18:47:55.539 22701 29469 D dalvikvm: GC_FOR_ALLOC freed 509K, 12% free 17689K/20039K, paused 77ms
06-22 18:47:55.539 22701 29469 I dalvikvm-heap: Grow heap (frag case) to 17.660MB for 331108-byte allocation
06-22 18:47:55.554 22701 29469 D dalvikvm: GC_FOR_ALLOC freed 160K, 13% free 17852K/20423K, paused 15ms
06-22 18:47:57.609 29473 29473 D dalvikvm: Late-enabling CheckJNI
06-22 18:47:57.613  2360  2377 I ActivityManager: Start proc com.xabber.androiddev for service com.xabber.androiddev/com.xabber.android.service.XMPPService: pid=29473 uid=10063 gids={3003, 1015}
06-22 18:47:57.621 29473 29473 I dalvikvm: Turning on JNI app bug workarounds for target SDK version 9...
06-22 18:47:57.793 29473 29476 D dalvikvm: GC_CONCURRENT freed 223K, 4% free 9312K/9607K, paused 2ms+2ms
06-22 18:47:57.820 29473 29473 D dalvikvm: GC_FOR_ALLOC freed 298K, 6% free 9426K/9927K, paused 15ms
06-22 18:47:57.929 29473 29476 D dalvikvm: GC_CONCURRENT freed 192K, 3% free 9773K/10055K, paused 2ms+2ms
06-22 18:47:58.046 29473 29476 D dalvikvm: GC_CONCURRENT freed 400K, 5% free 9903K/10375K, paused 2ms+3ms
06-22 18:47:58.199 29473 29473 I com.xabber.android.service.XMPPService@41342420: onCreate
06-22 18:47:58.199 29473 29473 I com.xabber.android.data.Application@41336248: onStart
06-22 18:47:58.207 29473 29487 I com.xabber.android.data.LogManager@41338ea8: onLoad
06-22 18:47:58.351 29473 29476 D dalvikvm: GC_CONCURRENT freed 191K, 4% free 10120K/10439K, paused 2ms+3ms
06-22 18:47:59.191 29473 29476 D dalvikvm: GC_CONCURRENT freed 156K, 3% free 10422K/10695K, paused 2ms+2ms
06-22 18:47:59.332 29473 29476 D dalvikvm: GC_CONCURRENT freed 247K, 4% free 10575K/10951K, paused 1ms+2ms
06-22 18:47:59.636  2869  2869 D wpa_supplicant: wpa_driver_wext_driver_cmd SETSUSPENDOPT 0 len = 4096
06-22 18:47:59.636  2869  2869 D wpa_supplicant: wpa_driver_wext_driver_cmd SETSUSPENDOPT 0 len = 0, 15
06-22 18:47:59.636  2869  2869 D wpa_supplicant: wpa_driver_wext_driver_cmd POWERMODE 0 len = 4096
06-22 18:47:59.644  2869  2869 D wpa_supplicant: wpa_driver_wext_driver_cmd OK len = 0, 2
06-22 18:47:59.679 29473 29476 D dalvikvm: GC_CONCURRENT freed 580K, 7% free 10443K/11143K, paused 1ms+2ms
06-22 18:48:01.226 29473 29476 D dalvikvm: GC_CONCURRENT freed 259K, 6% free 10569K/11143K, paused 2ms+2ms
06-22 18:48:02.320  2869  2869 D wpa_supplicant: wpa_driver_wext_driver_cmd SETSUSPENDOPT 0 len = 4096
06-22 18:48:02.320  2869  2869 D wpa_supplicant: wpa_driver_wext_driver_cmd SETSUSPENDOPT 0 len = 0, 15
06-22 18:48:02.320  2869  2869 D wpa_supplicant: wpa_driver_wext_driver_cmd POWERMODE 0 len = 4096
06-22 18:48:02.332  2869  2869 D wpa_supplicant: wpa_driver_wext_driver_cmd OK len = 0, 2
06-22 18:48:02.429  2869  2869 D wpa_supplicant: wpa_driver_wext_driver_cmd SETSUSPENDOPT 0 len = 4096
06-22 18:48:02.429  2869  2869 D wpa_supplicant: wpa_driver_wext_driver_cmd SETSUSPENDOPT 0 len = 0, 15
06-22 18:48:02.433  2869  2869 D wpa_supplicant: wpa_driver_wext_driver_cmd POWERMODE 0 len = 4096
06-22 18:48:02.441  2869  2869 D wpa_supplicant: wpa_driver_wext_driver_cmd OK len = 0, 2
06-22 18:48:02.711 27813 27815 D dalvikvm: GC_CONCURRENT freed 389K, 8% free 10149K/10951K, paused 12ms+2ms
06-22 18:48:03.152  2539  2539 D SAN_SERVICE: *******************************************
06-22 18:48:03.152  2539  2539 D SAN_SERVICE: DM App Phone Service State - 0
06-22 18:48:03.152  2539  2539 D SAN_SERVICE: *******************************************
06-22 18:48:03.191 29473 29476 D dalvikvm: GC_CONCURRENT freed 368K, 5% free 10651K/11207K, paused 14ms+2ms
06-22 18:48:03.718  2539  2539 D SAN_SERVICE: *******************************************
06-22 18:48:03.718  2539  2539 D SAN_SERVICE: DM App Phone Service State - 0
06-22 18:48:03.718  2539  2539 D SAN_SERVICE: *******************************************
06-22 18:48:05.336 29473 29498 D dalvikvm: GC_FOR_ALLOC freed 336K, 6% free 10707K/11271K, paused 22ms
06-22 18:48:07.945  2360  2391 I power   : *** set_screen_state 1
06-22 18:48:08.074  2360  2391 I WindowManager: Lock screen displayed!
06-22 18:48:08.086  2869  2869 D wpa_supplicant: wpa_driver_wext_driver_cmd RSSI len = 248
06-22 18:48:08.093  2869  2869 D wpa_supplicant: wpa_driver_wext_driver_cmd konoha rssi -46  len = 16, 16
06-22 18:48:08.093  2869  2869 D wpa_supplicant: wpa_driver_wext_driver_cmd LINKSPEED len = 248
06-22 18:48:08.093  2869  2869 D wpa_supplicant: wpa_driver_wext_driver_cmd LinkSpeed 26 len = 12, 12
06-22 18:48:08.093  2869  2869 D wpa_supplicant: wpa_driver_wext_driver_cmd SETSUSPENDOPT 0 len = 4096
06-22 18:48:08.093  2869  2869 D wpa_supplicant: wpa_driver_wext_driver_cmd SETSUSPENDOPT 0 len = 0, 15
06-22 18:48:08.093  2869  2869 D wpa_supplicant: wpa_driver_wext_driver_cmd POWERMODE 0 len = 4096
06-22 18:48:08.101  2869  2869 D wpa_supplicant: wpa_driver_wext_driver_cmd OK len = 0, 2
06-22 18:48:08.203    79   119 D SurfaceFlinger: Screen about to return, flinger = 0x42918
06-22 18:48:10.820 27853 27853 I PhoneLab-PowerOnReceiver: Power is plugged in!
06-22 18:48:10.820 27853 27853 I PhoneLab-PowerOnReceiver: Rescheduling periodic checking...
06-22 18:48:10.847  2429  2429 W PowerUI : unknown intent: Intent { act=android.intent.action.ACTION_POWER_CONNECTED flg=0x10000010 }
06-22 18:48:10.871 27853 27853 I PhoneLab-Locks: wake lock acquired
06-22 18:48:10.910  2360  2521 I ActivityManager: Start proc com.google.android.apps.maps for broadcast com.google.android.apps.maps/com.google.googlenav.android.MapServiceReceiver: pid=29502 uid=10056 gids={3003, 1015}
06-22 18:48:10.914 27853 27853 I PhoneLab-UploadLogs: Transfering log files now
06-22 18:48:10.918 27853 27853 I PhoneLab-UploadLogs: No log files to transfer
06-22 18:48:10.918 27853 27853 I PhoneLab-Locks: wake lock released
06-22 18:48:10.918 27853 27853 I PhoneLab-UploadLogs: OnStartCommand
06-22 18:48:11.097  2869  2869 D wpa_supplicant: wpa_driver_wext_driver_cmd RSSI len = 248
06-22 18:48:11.105  2869  2869 D wpa_supplicant: wpa_driver_wext_driver_cmd konoha rssi -49  len = 16, 16
06-22 18:48:11.109  2869  2869 D wpa_supplicant: wpa_driver_wext_driver_cmd LINKSPEED len = 248
06-22 18:48:11.109  2869  2869 D wpa_supplicant: wpa_driver_wext_driver_cmd LinkSpeed 26 len = 12, 12
06-22 18:48:11.269 29502 29504 D dalvikvm: GC_CONCURRENT freed 169K, 3% free 9366K/9607K, paused 2ms+2ms
06-22 18:48:11.371 29502 29502 I ActivityThread: Pub com.google.android.maps.LayerInfoProvider: com.google.googlenav.layer.LayerInfoProvider
06-22 18:48:11.394 29502 29502 I ActivityThread: Pub com.google.android.maps.TrafficAppWidgetProvider: com.google.googlenav.appwidget.traffic.TrafficAppWidgetProvider
06-22 18:48:11.398 29502 29502 I ActivityThread: Pub com.google.android.maps.LocalActivePlacesProvider: com.google.googlenav.provider.LocalActivePlacesProvider
06-22 18:48:11.398 29502 29502 I ActivityThread: Pub com.google.android.maps.StarredItemProvider: com.google.googlenav.provider.StarredItemProvider
06-22 18:48:11.570 29502 29504 D dalvikvm: GC_CONCURRENT freed 214K, 4% free 9665K/9991K, paused 3ms+2ms
06-22 18:48:11.703 29502 29502 I ActivityThread: Pub com.google.android.maps.LocalSuggestionProvider: com.google.googlenav.provider.LocalSuggestionProvider
06-22 18:48:11.703 29502 29502 I ActivityThread: Pub com.google.android.maps.SearchHistoryProvider: com.google.googlenav.provider.SearchHistoryProvider
06-22 18:48:11.707 29502 29502 I ActivityThread: Pub com.google.android.maps.NavigationAvailabilityProvider: com.google.googlenav.provider.NavigationAvailabilityProvider
06-22 18:48:11.707 29502 29502 I ActivityThread: Pub com.google.android.maps.SuggestionProvider: com.google.googlenav.suggest.android.SuggestContentProvider
06-22 18:48:11.828  2360  2571 I ActivityManager: Process com.google.android.apps.maps:NetworkLocationService (pid 27870) has died.
06-22 18:48:11.828  2360  2571 W ActivityManager: Scheduling restart of crashed service com.google.android.apps.maps/com.google.android.location.internal.server.NetworkLocationService in 5000ms
06-22 18:48:14.113  2869  2869 D wpa_supplicant: wpa_driver_wext_driver_cmd RSSI len = 248
06-22 18:48:14.125  2869  2869 D wpa_supplicant: wpa_driver_wext_driver_cmd konoha rssi -22  len = 16, 16
06-22 18:48:14.125  2869  2869 D wpa_supplicant: wpa_driver_wext_driver_cmd LINKSPEED len = 248
06-22 18:48:14.129  2869  2869 D wpa_supplicant: wpa_driver_wext_driver_cmd LinkSpeed 26 len = 12, 12
06-22 18:48:16.957  2360  2377 I ActivityManager: Start proc com.google.android.apps.maps:NetworkLocationService for service com.google.android.apps.maps/com.google.android.location.internal.server.NetworkLocationService: pid=29518 uid=10056 gids={3003, 1015}
06-22 18:48:17.062 29518 29521 D dalvikvm: GC_CONCURRENT freed 176K, 3% free 9360K/9607K, paused 2ms+2ms
06-22 18:48:17.136  2869  2869 D wpa_supplicant: wpa_driver_wext_driver_cmd RSSI len = 248
06-22 18:48:17.144  2869  2869 D wpa_supplicant: wpa_driver_wext_driver_cmd konoha rssi -31  len = 16, 16
06-22 18:48:17.144  2869  2869 D wpa_supplicant: wpa_driver_wext_driver_cmd LINKSPEED len = 248
06-22 18:48:17.144  2869  2869 D wpa_supplicant: wpa_driver_wext_driver_cmd LinkSpeed 26 len = 12, 12
06-22 18:48:17.238 29518 29521 D dalvikvm: GC_CONCURRENT freed 159K, 3% free 9672K/9927K, paused 2ms+2ms
06-22 18:48:17.511 29518 29521 D dalvikvm: GC_CONCURRENT freed 170K, 3% free 10070K/10311K, paused 3ms+3ms
06-22 18:48:17.703 29518 29521 D dalvikvm: GC_CONCURRENT freed 667K, 8% free 9881K/10631K, paused 1ms+1ms
06-22 18:48:17.785  2360  2377 I ActivityManager: Start proc com.google.android.apps.maps:FriendService for broadcast com.google.android.apps.maps/com.google.googlenav.friend.android.ServiceReceiver: pid=29539 uid=10056 gids={3003, 1015}
06-22 18:48:17.836  2335  2335 D dalvikvm: GC_EXPLICIT freed 38K, 4% free 9031K/9347K, paused 2ms+3ms
06-22 18:48:17.921  2335  2335 D dalvikvm: GC_EXPLICIT freed <1K, 4% free 9031K/9347K, paused 7ms+4ms
06-22 18:48:17.964  2335  2335 D dalvikvm: GC_EXPLICIT freed <1K, 4% free 9031K/9347K, paused 1ms+16ms
06-22 18:48:17.980 29539 29542 D dalvikvm: GC_CONCURRENT freed 178K, 3% free 9358K/9607K, paused 2ms+2ms
06-22 18:48:17.988  2360  2521 I ActivityManager: Process com.google.android.partnersetup (pid 29011) has died.
06-22 18:48:18.144 29539 29542 D dalvikvm: GC_CONCURRENT freed 210K, 3% free 9707K/9991K, paused 1ms+3ms
06-22 18:48:18.324  2360  2601 D dalvikvm: GC_EXPLICIT freed 1439K, 21% free 17403K/22023K, paused 7ms+8ms
06-22 18:48:18.390 29518 29525 I dalvikvm: Total arena pages for JIT: 11
06-22 18:48:18.394 29518 29525 I dalvikvm: Total arena pages for JIT: 12
06-22 18:48:18.398 29518 29525 I dalvikvm: Total arena pages for JIT: 13
06-22 18:48:18.398 29518 29525 I dalvikvm: Total arena pages for JIT: 14
06-22 18:48:18.398 29518 29525 I dalvikvm: Total arena pages for JIT: 15
06-22 18:48:18.398 29518 29525 I dalvikvm: Total arena pages for JIT: 16
06-22 18:48:18.398 29518 29525 I dalvikvm: Total arena pages for JIT: 17
06-22 18:48:18.535  2869  2869 D wpa_supplicant: wpa_driver_wext_driver_cmd SETSUSPENDOPT 0 len = 4096
06-22 18:48:18.535  2869  2869 D wpa_supplicant: wpa_driver_wext_driver_cmd SETSUSPENDOPT 0 len = 0, 15
06-22 18:48:18.535  2869  2869 D wpa_supplicant: wpa_driver_wext_driver_cmd POWERMODE 0 len = 4096
06-22 18:48:18.543  2869  2869 D wpa_supplicant: wpa_driver_wext_driver_cmd OK len = 0, 2
06-22 18:48:18.550  2869  2869 D wpa_supplicant: WPS: Building WPS IE for Probe Request
06-22 18:48:18.550  2869  2869 D wpa_supplicant: WPS:  * Version (hardcoded 0x10)
06-22 18:48:18.550  2869  2869 D wpa_supplicant: WPS:  * Request Type
06-22 18:48:18.550  2869  2869 D wpa_supplicant: WPS:  * Config Methods (2388)
06-22 18:48:18.550  2869  2869 D wpa_supplicant: WPS:  * UUID-E
06-22 18:48:18.550  2869  2869 D wpa_supplicant: WPS:  * Primary Device Type
06-22 18:48:18.550  2869  2869 D wpa_supplicant: WPS:  * RF Bands (3)
06-22 18:48:18.550  2869  2869 D wpa_supplicant: WPS:  * Association State
06-22 18:48:18.550  2869  2869 D wpa_supplicant: WPS:  * Configuration Error (0)
06-22 18:48:18.550  2869  2869 D wpa_supplicant: WPS:  * Device Password ID (0)
06-22 18:48:18.550  2869  2869 D wpa_supplicant: WPS:  * Manufacturer
06-22 18:48:18.550  2869  2869 D wpa_supplicant: WPS:  * Model Name
06-22 18:48:18.550  2869  2869 D wpa_supplicant: WPS:  * Model Number
06-22 18:48:18.550  2869  2869 D wpa_supplicant: WPS:  * Device Name
06-22 18:48:18.550  2869  2869 D wpa_supplicant: WPS:  * Version2 (0x20)
06-22 18:48:18.550  2869  2869 D wpa_supplicant: wpa_driver_wext_combo_scan: Start
06-22 18:48:18.550  2869  2869 D wpa_supplicant: For Scan: (null)
06-22 18:48:18.562  2869  2869 D wpa_supplicant: Scan requested (ret=0) - scan timeout 30 seconds
06-22 18:48:18.609 29518 29521 D dalvikvm: GC_CONCURRENT freed 239K, 5% free 10124K/10631K, paused 2ms+3ms
06-22 18:48:18.726  2869  2869 D wpa_supplicant: Ongoing scan action - reject new request
06-22 18:48:18.754  2869  2869 D wpa_supplicant: Ongoing scan action - reject new request
06-22 18:48:18.800  2869  2869 D wpa_supplicant: wpa_driver_wext_driver_cmd SETSUSPENDOPT 0 len = 4096
06-22 18:48:18.800  2869  2869 D wpa_supplicant: wpa_driver_wext_driver_cmd SETSUSPENDOPT 0 len = 0, 15
06-22 18:48:18.800  2869  2869 D wpa_supplicant: wpa_driver_wext_driver_cmd POWERMODE 0 len = 4096
06-22 18:48:18.800  2869  2869 D wpa_supplicant: wpa_driver_wext_driver_cmd OK len = 0, 2
06-22 18:48:18.918  2360 19548 I ActivityManager: Process com.google.android.gsf.login (pid 28259) has died.
06-22 18:48:18.921 29518 29521 D dalvikvm: GC_CONCURRENT freed 395K, 5% free 10190K/10695K, paused 1ms+7ms
06-22 18:48:19.726  2869  2869 D wpa_supplicant: RTM_NEWLINK: operstate=1 ifi_flags=0x11043 ([UP][RUNNING][LOWER_UP])
06-22 18:48:19.730  2869  2869 D wpa_supplicant: RTM_NEWLINK, IFLA_IFNAME: Interface 'wlan0' added
06-22 18:48:19.730  2869  2869 D wpa_supplicant: Wireless event: cmd=0x8b19 len=8
06-22 18:48:19.730  2869  2869 D wpa_supplicant: Received 1344 bytes of scan results (6 BSSes)
06-22 18:48:19.925 29518 29521 D dalvikvm: GC_CONCURRENT freed 464K, 5% free 10288K/10823K, paused 1ms+2ms
06-22 18:48:19.964  2869  2869 D wpa_supplicant: wpa_driver_wext_driver_cmd SETSUSPENDOPT 0 len = 4096
06-22 18:48:19.964  2869  2869 D wpa_supplicant: wpa_driver_wext_driver_cmd SETSUSPENDOPT 0 len = 0, 15
06-22 18:48:19.968  2869  2869 D wpa_supplicant: wpa_driver_wext_driver_cmd POWERMODE 0 len = 4096
06-22 18:48:19.976  2869  2869 D wpa_supplicant: wpa_driver_wext_driver_cmd OK len = 0, 2
06-22 18:48:20.082 27813 27815 D dalvikvm: GC_CONCURRENT freed 469K, 8% free 10166K/10951K, paused 2ms+3ms
06-22 18:48:20.144  2869  2869 D wpa_supplicant: wpa_driver_wext_driver_cmd RSSI len = 248
06-22 18:48:20.152  2869  2869 D wpa_supplicant: wpa_driver_wext_driver_cmd konoha rssi -18  len = 16, 16
06-22 18:48:20.152  2869  2869 D wpa_supplicant: wpa_driver_wext_driver_cmd LINKSPEED len = 248
06-22 18:48:20.152  2869  2869 D wpa_supplicant: wpa_driver_wext_driver_cmd LinkSpeed 26 len = 12, 12
06-22 18:48:20.160  2869  2869 D wpa_supplicant: wpa_driver_wext_driver_cmd SETSUSPENDOPT 0 len = 4096
06-22 18:48:20.160  2869  2869 D wpa_supplicant: wpa_driver_wext_driver_cmd SETSUSPENDOPT 0 len = 0, 15
