06-28 14:43:08.715   274   274 D wpa_supplicant: Received 966 bytes of scan results (4 BSSes)
06-28 14:43:08.864   274   274 D wpa_supplicant: wpa_driver_wext_driver_cmd SETSUSPENDOPT 0 len = 4096
06-28 14:43:08.864   274   274 D wpa_supplicant: wpa_driver_wext_driver_cmd SETSUSPENDOPT 0 len = 0, 15
06-28 14:43:08.864   274   274 D wpa_supplicant: wpa_driver_wext_driver_cmd POWERMODE 0 len = 4096
06-28 14:43:08.883   274   274 D wpa_supplicant: wpa_driver_wext_driver_cmd OK len = 0, 2
06-28 14:43:08.946 26632 26635 D dalvikvm: GC_CONCURRENT freed 558K, 9% free 10185K/11079K, paused 2ms+3ms
06-28 14:43:09.203   142   480 D AlarmManagerService: Kernel timezone updated to 240 minutes west of GMT
06-28 14:43:10.039   342   342 D SAN_SERVICE: *******************************************
06-28 14:43:10.039   342   342 D SAN_SERVICE: DM App Phone Service State - 0
06-28 14:43:10.039   342   342 D SAN_SERVICE: *******************************************
06-28 14:43:15.371   274   274 D wpa_supplicant: EAPOL: authWhile --> 0
06-28 14:43:21.633   142   142 D AlarmManagerService: Kernel timezone updated to 240 minutes west of GMT
06-28 14:43:40.828 24879 24892 I PhoneLab-: Service Running
06-28 14:43:40.859   142   360 D AlarmManagerService: Kernel timezone updated to 240 minutes west of GMT
06-28 14:43:40.879   342   342 D SAN_SERVICE: *******************************************
06-28 14:43:40.879   342   342 D SAN_SERVICE: DM App Phone Service State - 0
06-28 14:43:40.879   342   342 D SAN_SERVICE: *******************************************
06-28 14:43:40.996 24879 24892 I PhoneLab-LoggerService: app_37    1246  1     1440   1000  c00f181c 400107b4 S logcat
06-28 14:43:40.996 24879 24892 I PhoneLab-LoggerService: Logcat pid from database 1246
06-28 14:43:40.996 24879 24892 I PhoneLab-LoggerService: Logcat process found 1246
06-28 14:43:40.996 24879 24892 I PhoneLab-LoggerService: Checking Threshold
06-28 14:43:41.007 24879 24881 D dalvikvm: GC_CONCURRENT freed 431K, 18% free 9148K/11079K, paused 1ms+5ms
06-28 14:43:43.050   142   142 D AlarmManagerService: Kernel timezone updated to 240 minutes west of GMT
06-28 14:43:44.132   342   342 D SAN_SERVICE: *******************************************
06-28 14:43:44.132   342   342 D SAN_SERVICE: DM App Phone Service State - 0
06-28 14:43:44.132   342   342 D SAN_SERVICE: *******************************************
06-28 14:43:47.398   142   142 D AlarmManagerService: Kernel timezone updated to 240 minutes west of GMT
06-28 14:43:54.164   142   347 D AlarmManagerService: Kernel timezone updated to 240 minutes west of GMT
06-28 14:43:54.171   342   342 D SystemClock: Setting time of day to sec=1340909036
06-28 14:43:56.096 27687 27713 V AlarmClock: AlarmInitReceiver finished
06-28 14:44:00.705 27040 27042 D dalvikvm: GC_CONCURRENT freed 1023K, 14% free 12630K/14663K, paused 15ms+4ms
06-28 14:44:03.072   274   274 D wpa_supplicant: EAPOL: idleWhile --> 0
06-28 14:44:03.072   274   274 D wpa_supplicant: EAPOL: disable timer tick
06-28 14:44:05.570   142   142 D AlarmManagerService: Kernel timezone updated to 240 minutes west of GMT
06-28 14:44:09.562   274   274 D wpa_supplicant: wpa_driver_wext_driver_cmd SETSUSPENDOPT 0 len = 4096
06-28 14:44:09.562   274   274 D wpa_supplicant: wpa_driver_wext_driver_cmd SETSUSPENDOPT 0 len = 0, 15
06-28 14:44:09.562   274   274 D wpa_supplicant: wpa_driver_wext_driver_cmd POWERMODE 0 len = 4096
06-28 14:44:09.586   274   274 D wpa_supplicant: wpa_driver_wext_driver_cmd OK len = 0, 2
06-28 14:44:09.586   274   274 D wpa_supplicant: WPS: Building WPS IE for Probe Request
06-28 14:44:09.586   274   274 D wpa_supplicant: WPS:  * Version (hardcoded 0x10)
06-28 14:44:09.586   274   274 D wpa_supplicant: WPS:  * Request Type
06-28 14:44:09.586   274   274 D wpa_supplicant: WPS:  * Config Methods (2388)
06-28 14:44:09.586   274   274 D wpa_supplicant: WPS:  * UUID-E
06-28 14:44:09.586   274   274 D wpa_supplicant: WPS:  * Primary Device Type
06-28 14:44:09.586   274   274 D wpa_supplicant: WPS:  * RF Bands (3)
06-28 14:44:09.586   274   274 D wpa_supplicant: WPS:  * Association State
06-28 14:44:09.586   274   274 D wpa_supplicant: WPS:  * Configuration Error (0)
06-28 14:44:09.586   274   274 D wpa_supplicant: WPS:  * Device Password ID (0)
06-28 14:44:09.586   274   274 D wpa_supplicant: WPS:  * Manufacturer
06-28 14:44:09.586   274   274 D wpa_supplicant: WPS:  * Model Name
06-28 14:44:09.586   274   274 D wpa_supplicant: WPS:  * Model Number
06-28 14:44:09.586   274   274 D wpa_supplicant: WPS:  * Device Name
06-28 14:44:09.586   274   274 D wpa_supplicant: WPS:  * Version2 (0x20)
06-28 14:44:09.586   274   274 D wpa_supplicant: wpa_driver_wext_combo_scan: Start
06-28 14:44:09.586   274   274 D wpa_supplicant: For Scan: (null)
06-28 14:44:09.590   274   274 D wpa_supplicant: Scan requested (ret=0) - scan timeout 30 seconds
06-28 14:44:10.754   274   274 D wpa_supplicant: RTM_NEWLINK: operstate=1 ifi_flags=0x11043 ([UP][RUNNING][LOWER_UP])
06-28 14:44:10.754   274   274 D wpa_supplicant: RTM_NEWLINK, IFLA_IFNAME: Interface 'wlan0' added
06-28 14:44:10.765   274   274 D wpa_supplicant: Wireless event: cmd=0x8b19 len=8
06-28 14:44:10.765   274   274 D wpa_supplicant: Received 1465 bytes of scan results (7 BSSes)
06-28 14:44:10.886 28117 28120 D dalvikvm: GC_CONCURRENT freed 500K, 6% free 10524K/11143K, paused 1ms+2ms
06-28 14:44:10.984   142 11677 D dalvikvm: GC_EXPLICIT freed 651K, 25% free 17015K/22599K, paused 2ms+7ms
06-28 14:44:11.015   274   274 D wpa_supplicant: wpa_driver_wext_driver_cmd SETSUSPENDOPT 0 len = 4096
06-28 14:44:11.015   274   274 D wpa_supplicant: wpa_driver_wext_driver_cmd SETSUSPENDOPT 0 len = 0, 15
06-28 14:44:11.015   274   274 D wpa_supplicant: wpa_driver_wext_driver_cmd POWERMODE 0 len = 4096
06-28 14:44:11.023   274   274 D wpa_supplicant: wpa_driver_wext_driver_cmd OK len = 0, 2
06-28 14:44:11.093 26632 26635 D dalvikvm: GC_CONCURRENT freed 431K, 8% free 10235K/11079K, paused 3ms+2ms
06-28 14:44:12.586   142   154 D AlarmManagerService: Kernel timezone updated to 240 minutes west of GMT
06-28 14:44:21.222   142   360 D AlarmManagerService: Kernel timezone updated to 240 minutes west of GMT
06-28 14:44:21.246   342   342 D SAN_SERVICE: *******************************************
06-28 14:44:21.246   342   342 D SAN_SERVICE: DM App Phone Service State - 0
06-28 14:44:21.246   342   342 D SAN_SERVICE: *******************************************
06-28 14:44:25.921   274   274 D wpa_supplicant: wpa_driver_wext_driver_cmd BTCOEXMODE 1 len = 4096
06-28 14:44:26.171   274   274 D wpa_supplicant: wpa_driver_wext_driver_cmd OK len = 0, 2
06-28 14:44:26.171   274   274 D wpa_supplicant: wpa_driver_wext_driver_cmd GETPOWER len = 4096
06-28 14:44:26.179   274   274 D wpa_supplicant: wpa_driver_wext_driver_cmd powermode = 0 len = 13, 13
06-28 14:44:26.179   274   274 D wpa_supplicant: wpa_driver_wext_driver_cmd POWERMODE 1 len = 4096
06-28 14:44:26.226   274   274 D wpa_supplicant: wpa_driver_wext_driver_cmd OK len = 0, 2
06-28 14:44:26.441   274   274 D wpa_supplicant: wpa_driver_wext_driver_cmd POWERMODE 0 len = 4096
06-28 14:44:26.445   274   274 D wpa_supplicant: wpa_driver_wext_driver_cmd OK len = 0, 2
06-28 14:44:26.445   274   274 D wpa_supplicant: wpa_driver_wext_driver_cmd BTCOEXMODE 2 len = 4096
06-28 14:44:26.445   274   274 D wpa_supplicant: wpa_driver_wext_driver_cmd OK len = 0, 2
06-28 14:44:33.898   342   342 D SAN_SERVICE: *******************************************
06-28 14:44:33.898   342   342 D SAN_SERVICE: DM App Phone Service State - 0
06-28 14:44:33.898   342   342 D SAN_SERVICE: *******************************************
06-28 14:45:09.796   142   450 D AlarmManagerService: Kernel timezone updated to 240 minutes west of GMT
06-28 14:45:09.808   274   274 D wpa_supplicant: wpa_driver_wext_driver_cmd SETSUSPENDOPT 0 len = 4096
06-28 14:45:09.808   274   274 D wpa_supplicant: wpa_driver_wext_driver_cmd SETSUSPENDOPT 0 len = 0, 15
06-28 14:45:09.808   274   274 D wpa_supplicant: wpa_driver_wext_driver_cmd POWERMODE 0 len = 4096
06-28 14:45:09.816   274   274 D wpa_supplicant: wpa_driver_wext_driver_cmd OK len = 0, 2
06-28 14:45:09.816   274   274 D wpa_supplicant: WPS: Building WPS IE for Probe Request
06-28 14:45:09.816   274   274 D wpa_supplicant: WPS:  * Version (hardcoded 0x10)
06-28 14:45:09.816   274   274 D wpa_supplicant: WPS:  * Request Type
06-28 14:45:09.816   274   274 D wpa_supplicant: WPS:  * Config Methods (2388)
06-28 14:45:09.816   274   274 D wpa_supplicant: WPS:  * UUID-E
06-28 14:45:09.816   274   274 D wpa_supplicant: WPS:  * Primary Device Type
06-28 14:45:09.816   274   274 D wpa_supplicant: WPS:  * RF Bands (3)
06-28 14:45:09.816   274   274 D wpa_supplicant: WPS:  * Association State
06-28 14:45:09.816   274   274 D wpa_supplicant: WPS:  * Configuration Error (0)
06-28 14:45:09.816   274   274 D wpa_supplicant: WPS:  * Device Password ID (0)
06-28 14:45:09.816   274   274 D wpa_supplicant: WPS:  * Manufacturer
06-28 14:45:09.816   274   274 D wpa_supplicant: WPS:  * Model Name
06-28 14:45:09.816   274   274 D wpa_supplicant: WPS:  * Model Number
06-28 14:45:09.816   274   274 D wpa_supplicant: WPS:  * Device Name
06-28 14:45:09.816   274   274 D wpa_supplicant: WPS:  * Version2 (0x20)
06-28 14:45:09.816   274   274 D wpa_supplicant: wpa_driver_wext_combo_scan: Start
06-28 14:45:09.816   274   274 D wpa_supplicant: For Scan: (null)
06-28 14:45:09.820   274   274 D wpa_supplicant: Scan requested (ret=0) - scan timeout 30 seconds
06-28 14:45:09.828   342   342 D SAN_SERVICE: *******************************************
06-28 14:45:09.828   342   342 D SAN_SERVICE: DM App Phone Service State - 0
06-28 14:45:09.828   342   342 D SAN_SERVICE: *******************************************
06-28 14:45:10.996   274   274 D wpa_supplicant: RTM_NEWLINK: operstate=1 ifi_flags=0x11043 ([UP][RUNNING][LOWER_UP])
06-28 14:45:10.996   274   274 D wpa_supplicant: RTM_NEWLINK, IFLA_IFNAME: Interface 'wlan0' added
06-28 14:45:10.996   274   274 D wpa_supplicant: Wireless event: cmd=0x8b19 len=8
06-28 14:45:11.000   274   274 D wpa_supplicant: Received 1391 bytes of scan results (6 BSSes)
06-28 14:45:11.160   274   274 D wpa_supplicant: wpa_driver_wext_driver_cmd SETSUSPENDOPT 0 len = 4096
06-28 14:45:11.160   274   274 D wpa_supplicant: wpa_driver_wext_driver_cmd SETSUSPENDOPT 0 len = 0, 15
06-28 14:45:11.160   274   274 D wpa_supplicant: wpa_driver_wext_driver_cmd POWERMODE 0 len = 4096
06-28 14:45:11.168   274   274 D wpa_supplicant: wpa_driver_wext_driver_cmd OK len = 0, 2
06-28 14:45:11.183 26632 26632 D dalvikvm: GC_EXPLICIT freed 76K, 9% free 10164K/11079K, paused 2ms+3ms
06-28 14:45:27.011   274   274 D wpa_supplicant: RTM_NEWLINK: operstate=1 ifi_flags=0x11043 ([UP][RUNNING][LOWER_UP])
06-28 14:45:27.011   274   274 D wpa_supplicant: RTM_NEWLINK, IFLA_IFNAME: Interface 'wlan0' added
06-28 14:45:27.011   274   274 D wpa_supplicant: Wireless event: cmd=0x8c00 len=20
06-28 14:45:27.574   274   274 D wpa_supplicant: RTM_NEWLINK: operstate=1 ifi_flags=0x11043 ([UP][RUNNING][LOWER_UP])
06-28 14:45:27.574   274   274 D wpa_supplicant: RTM_NEWLINK, IFLA_IFNAME: Interface 'wlan0' added
06-28 14:45:27.574   274   274 D wpa_supplicant: Wireless event: cmd=0x8b15 len=20
06-28 14:45:27.574   274   274 D wpa_supplicant: Wireless event: new AP: 00:00:00:00:00:00
06-28 14:45:27.574   274   274 D wpa_supplicant: Added BSSID d0:c2:82:2d:e5:b1 into blacklist
06-28 14:45:27.574   274   274 D wpa_supplicant: BSSID d0:c2:82:2d:e5:b1 blacklist count incremented to 2
06-28 14:45:27.574   274   274 I wpa_supplicant: wlan0: CTRL-EVENT-DISCONNECTED bssid=d0:c2:82:2d:e5:b1 reason=0
06-28 14:45:27.574   274   274 D wpa_supplicant: wpa_driver_wext_set_key: alg=0 key_idx=0 set_tx=0 seq_len=0 key_len=0
06-28 14:45:27.593    75   113 D CommandListener: Clearing all IP addresses on wlan0
06-28 14:45:27.601   274   274 D wpa_supplicant: wpa_driver_wext_set_key: alg=0 key_idx=1 set_tx=0 seq_len=0 key_len=0
06-28 14:45:27.617   274   274 D wpa_supplicant: wpa_driver_wext_set_key: alg=0 key_idx=2 set_tx=0 seq_len=0 key_len=0
06-28 14:45:27.632   274   274 D wpa_supplicant: wpa_driver_wext_set_key: alg=0 key_idx=3 set_tx=0 seq_len=0 key_len=0
06-28 14:45:27.636   274   274 D wpa_supplicant: wpa_driver_wext_set_key: alg=0 key_idx=0 set_tx=0 seq_len=0 key_len=0
06-28 14:45:27.636   274   274 D wpa_supplicant: wpa_driver_wext_set_operstate: operstate 1->0 (DORMANT)
06-28 14:45:27.636   274   274 D wpa_supplicant: netlink: Operstate: linkmode=-1, operstate=5
06-28 14:45:27.636   274   274 D wpa_supplicant: EAPOL: External notification - portEnabled=0
06-28 14:45:27.636   274   274 D wpa_supplicant: EAPOL: SUPP_PAE entering state DISCONNECTED
06-28 14:45:27.636   274   274 D wpa_supplicant: EAPOL: Supplicant port status: Unauthorized
06-28 14:45:27.636   274   274 D wpa_supplicant: EAPOL: SUPP_BE entering state INITIALIZE
06-28 14:45:27.636   274   274 D wpa_supplicant: EAP: EAP entering state DISABLED
06-28 14:45:27.636   274   274 D wpa_supplicant: EAPOL: Supplicant port status: Unauthorized
06-28 14:45:27.636   274   274 D wpa_supplicant: EAPOL: External notification - portValid=0
06-28 14:45:27.636   274   274 D wpa_supplicant: EAPOL: Supplicant port status: Unauthorized
06-28 14:45:27.636   274   274 D wpa_supplicant: RTM_NEWLINK: operstate=0 ifi_flags=0x11003 ([UP][LOWER_UP])
06-28 14:45:27.636   274   274 D wpa_supplicant: RTM_NEWLINK, IFLA_IFNAME: Interface 'wlan0' added
06-28 14:45:27.648   142   199 D ConnectivityService: ConnectivityChange for WIFI: DISCONNECTED/DISCONNECTED
06-28 14:45:27.648   142   199 D ConnectivityService: Attempting to switch to mobile
06-28 14:45:27.675   274   274 D wpa_supplicant: WPS: Building WPS IE for Probe Request
06-28 14:45:27.675   274   274 D wpa_supplicant: WPS:  * Version (hardcoded 0x10)
06-28 14:45:27.675   274   274 D wpa_supplicant: WPS:  * Request Type
06-28 14:45:27.675   274   274 D wpa_supplicant: WPS:  * Config Methods (2388)
06-28 14:45:27.675   274   274 D wpa_supplicant: WPS:  * UUID-E
06-28 14:45:27.675   274   274 D wpa_supplicant: WPS:  * Primary Device Type
06-28 14:45:27.675   274   274 D wpa_supplicant: WPS:  * RF Bands (3)
06-28 14:45:27.675   274   274 D wpa_supplicant: WPS:  * Association State
06-28 14:45:27.675   274   274 D wpa_supplicant: WPS:  * Configuration Error (0)
06-28 14:45:27.675   274   274 D wpa_supplicant: WPS:  * Device Password ID (0)
06-28 14:45:27.675   274   274 D wpa_supplicant: WPS:  * Manufacturer
06-28 14:45:27.675   274   274 D wpa_supplicant: WPS:  * Model Name
06-28 14:45:27.675   274   274 D wpa_supplicant: WPS:  * Model Number
06-28 14:45:27.675   274   274 D wpa_supplicant: WPS:  * Device Name
06-28 14:45:27.675   274   274 D wpa_supplicant: WPS:  * Version2 (0x20)
06-28 14:45:27.675   274   274 D wpa_supplicant: wpa_driver_wext_combo_scan: Start
06-28 14:45:27.675   274   274 D wpa_supplicant: For Scan: (null)
06-28 14:45:27.679   274   274 D wpa_supplicant: Scan requested (ret=0) - scan timeout 30 seconds
06-28 14:45:27.714   142   199 D ConnectivityService: Attempting to switch to WIMAX
06-28 14:45:27.714   142   199 D ConnectivityService: Attempting to switch to BLUETOOTH_TETHER
06-28 14:45:27.718   142   199 E ConnectivityService: Exception trying to remove a route: java.lang.IllegalStateException: Unable to communicate with native dameon to add routes - com.android.server.NativeDaemonConnectorException: Cmd {interface route remove wlan0 default 67.20.211.254 32 0.0.0.0} failed with code 400 : {Failed to remove route from default table (No such process)}
06-28 14:45:27.722   142   199 E ConnectivityService: Exception trying to remove a route: java.lang.IllegalStateException: Unable to communicate with native dameon to add routes - com.android.server.NativeDaemonConnectorException: Cmd {interface route remove wlan0 default 0.0.0.0 0 67.20.211.254} failed with code 400 : {Failed to remove route from default table (No such process)}
06-28 14:45:27.722   142   199 D NetUtils: android_net_utils_resetConnections in env=0x17de670 clazz=0x64800001 iface=wlan0 mask=0x3
06-28 14:45:27.722   142   199 D ConnectivityService: resetConnections(wlan0, 3)
06-28 14:45:27.746   142   199 D ConnectivityService: ConnectivityChange for WIMAX: DISCONNECTED/SCANNING
06-28 14:45:27.781   142   199 D ConnectivityService: Attempting to switch to mobile
06-28 14:45:27.781   142   199 D ConnectivityService: Attempting to switch to WIFI
06-28 14:45:27.781   142   199 D ConnectivityService: Attempting to switch to BLUETOOTH_TETHER
06-28 14:45:27.785 25548 27812 W Smack/Packet: notify conn break (IOEx), close connection
06-28 14:45:27.980   142   174 I power   : *** set_screen_state 1
06-28 14:45:28.027 28053 28053 W GoogleVoice: PhoneCallListActivity: unknown action, threading as Intent.ACTION_MAIN: null
06-28 14:45:28.078   274   274 D wpa_supplicant: wpa_driver_wext_driver_cmd SETSUSPENDOPT 0 len = 4096
06-28 14:45:28.078   274   274 D wpa_supplicant: wpa_driver_wext_driver_cmd SETSUSPENDOPT 0 len = 0, 15
06-28 14:45:28.078   274   274 D wpa_supplicant: wpa_driver_wext_driver_cmd POWERMODE 0 len = 4096
06-28 14:45:28.082   274   274 D wpa_supplicant: wpa_driver_wext_driver_cmd OK len = 0, 2
06-28 14:45:28.105 27720 27809 W System.err: javax.net.ssl.SSLException: Write error: ssl=0x1728ff0: I/O error during system call, Broken pipe
06-28 14:45:28.109 28053 28070 I System.out: [INFO:1942279]: LogSource: Running flush
06-28 14:45:28.113 28053 28071 I System.out: [INFO:1942280]: LogSource: Sending payload [bytes=409]
06-28 14:45:28.168   142   174 I WindowManager: Lock screen displayed!
06-28 14:45:28.191    78   117 D SurfaceFlinger: Screen about to return, flinger = 0xee6918
06-28 14:45:28.199   274   274 D wpa_supplicant: RTM_NEWLINK: operstate=0 ifi_flags=0x11003 ([UP][LOWER_UP])
06-28 14:45:28.199   274   274 D wpa_supplicant: RTM_NEWLINK, IFLA_IFNAME: Interface 'wlan0' added
06-28 14:45:28.199   274   274 D wpa_supplicant: Wireless event: cmd=0x8b19 len=8
06-28 14:45:28.199   274   274 D wpa_supplicant: Scan results did not fit - trying larger buffer (8192 bytes)
06-28 14:45:28.199   274   274 D wpa_supplicant: Received 3796 bytes of scan results (22 BSSes)
06-28 14:45:28.199   274   274 D wpa_supplicant: wlan0: Request association: reassociate: 0  selected: d0:c2:82:67:e7:61  bssid: 00:00:00:00:00:00  pending: 00:00:00:00:00:00  wpa_state: SCANNING
06-28 14:45:28.199   274   274 I wpa_supplicant: wlan0: Trying to associate with d0:c2:82:67:e7:61 (SSID='UB_Secure' freq=2437 MHz)
06-28 14:45:28.199   274   274 D wpa_supplicant: RSN: Trying to use cached PMKSA
06-28 14:45:28.199   274   274 D wpa_supplicant: wpa_driver_wext_set_operstate: operstate 0->0 (DORMANT)
06-28 14:45:28.199   274   274 D wpa_supplicant: netlink: Operstate: linkmode=-1, operstate=5
06-28 14:45:28.199   274   274 D wpa_supplicant: wpa_driver_wext_associate
06-28 14:45:28.199   274   274 D wpa_supplicant: wpa_driver_wext_set_drop_unencrypted
06-28 14:45:28.207   274   274 D wpa_supplicant: wpa_driver_wext_set_psk
06-28 14:45:28.214   274   274 D wpa_supplicant: EAPOL: External notification - EAP success=0
06-28 14:45:28.214   274   274 D wpa_supplicant: EAPOL: Supplicant port status: Unauthorized
06-28 14:45:28.214   274   274 D wpa_supplicant: EAPOL: External notification - EAP fail=0
06-28 14:45:28.214   274   274 D wpa_supplicant: EAPOL: Supplicant port status: Unauthorized
06-28 14:45:28.214   274   274 D wpa_supplicant: EAPOL: External notification - portControl=Auto
06-28 14:45:28.214   274   274 D wpa_supplicant: EAPOL: Supplicant port status: Unauthorized
06-28 14:45:28.214   274   274 D wpa_supplicant: RSN: Ignored PMKID candidate without preauth flag
06-28 14:45:28.214   274   274 D wpa_supplicant: RSN: Ignored PMKID candidate without preauth flag
06-28 14:45:28.214   274   274 D wpa_supplicant: RSN: Ignored PMKID candidate without preauth flag
06-28 14:45:28.214   274   274 D wpa_supplicant: RSN: Ignored PMKID candidate without preauth flag
06-28 14:45:28.214   274   274 D wpa_supplicant: RTM_NEWLINK: operstate=0 ifi_flags=0x11003 ([UP][LOWER_UP])
06-28 14:45:28.214   274   274 D wpa_supplicant: RTM_NEWLINK, IFLA_IFNAME: Interface 'wlan0' added
06-28 14:45:28.214   274   274 D wpa_supplicant: Wireless event: cmd=0x8b06 len=8
06-28 14:45:28.214   274   274 D wpa_supplicant: RTM_NEWLINK: operstate=0 ifi_flags=0x11003 ([UP][LOWER_UP])
06-28 14:45:28.214   274   274 D wpa_supplicant: RTM_NEWLINK, IFLA_IFNAME: Interface 'wlan0' added
06-28 14:45:28.214   274   274 D wpa_supplicant: Wireless event: cmd=0x8b04 len=12
06-28 14:45:28.214   274   274 D wpa_supplicant: RTM_NEWLINK: operstate=0 ifi_flags=0x11003 ([UP][LOWER_UP])
06-28 14:45:28.214   274   274 D wpa_supplicant: RTM_NEWLINK, IFLA_IFNAME: Interface 'wlan0' added
06-28 14:45:28.214   274   274 D wpa_supplicant: Wireless event: cmd=0x8b1a len=17
06-28 14:45:28.226 28053 28071 I System.out: [SEVERE:1942395]: LogSource: AsyncHttpRequestImpl.run(): exception thrown : Connection to https://www.google.com refused: org.apache.http.conn.HttpHostConnectException
06-28 14:45:28.226 28053 28070 I System.out: [INFO:1942396]: LogSource: Resending com.google.android.apps.googlevoice.net.masf.MASFPlainRequest@415ac698
06-28 14:45:28.277   274   274 D wpa_supplicant: RTM_NEWLINK: operstate=0 ifi_flags=0x11003 ([UP][LOWER_UP])
06-28 14:45:28.277   274   274 D wpa_supplicant: RTM_NEWLINK, IFLA_IFNAME: Interface 'wlan0' added
06-28 14:45:28.277   274   274 D wpa_supplicant: Wireless event: cmd=0x8c02 len=29
06-28 14:45:28.449 25548 27812 I qtaguid : Failed write_ctrl(u 87) res=-1 errno=22
06-28 14:45:28.449 25548 27812 I qtaguid : Untagging socket 87 failed errno=-22
06-28 14:45:28.453 25548 27812 W NetworkManagementSocketTagger: untagSocket(87) failed with errno -22
06-28 14:45:28.484   142   199 D ConnectivityService: handleInetConditionChange: no active default network - ignore
06-28 14:45:28.511 28117 28120 D dalvikvm: GC_CONCURRENT freed 394K, 6% free 10525K/11143K, paused 2ms+4ms
06-28 14:45:28.574 27720 27810 W System.err: javax.net.ssl.SSLException: Read error: ssl=0x1728ff0: I/O error during system call, Connection timed out
06-28 14:45:28.621 27720 27809 W System.err: 	at org.apache.harmony.xnet.provider.jsse.NativeCrypto.SSL_write(Native Method)
06-28 14:45:28.625 27720 27809 W System.err: 	at org.apache.harmony.xnet.provider.jsse.OpenSSLSocketImpl$SSLOutputStream.write(OpenSSLSocketImpl.java:713)
06-28 14:45:28.625 27720 27809 W System.err: 	at java.io.OutputStreamWriter.flushBytes(OutputStreamWriter.java:167)
06-28 14:45:28.625 27720 27809 W System.err: 	at java.io.OutputStreamWriter.flush(OutputStreamWriter.java:158)
06-28 14:45:28.625 27720 27809 W System.err: 	at java.io.BufferedWriter.flush(BufferedWriter.java:124)
06-28 14:45:28.625 27720 27809 W System.err: 	at org.jivesoftware.smack.PacketWriter.writePackets(PacketWriter.java:302)
06-28 14:45:28.629 27720 27809 W System.err: 	at org.jivesoftware.smack.PacketWriter.access$12(PacketWriter.java:270)
06-28 14:45:28.629 27720 27809 W System.err: 	at org.jivesoftware.smack.PacketWriter$1.run(PacketWriter.java:137)
06-28 14:45:28.629 27720 27810 W System.err: 	at org.apache.harmony.xnet.provider.jsse.NativeCrypto.SSL_read(Native Method)
06-28 14:45:28.629 27720 27810 W System.err: 	at org.apache.harmony.xnet.provider.jsse.OpenSSLSocketImpl$SSLInputStream.read(OpenSSLSocketImpl.java:671)
06-28 14:45:28.629 27720 27810 W System.err: 	at java.io.InputStreamReader.read(InputStreamReader.java:244)
06-28 14:45:28.629 27720 27810 W System.err: 	at java.io.BufferedReader.read(BufferedReader.java:310)
06-28 14:45:28.632 27720 27810 W System.err: 	at org.jivesoftware.smack.XMPPConnection$AliveReader.read(XMPPConnection.java:1067)
06-28 14:45:28.632 27720 27810 W System.err: 	at org.kxml2.io.KXmlParser.fillBuffer(KXmlParser.java:1496)
06-28 14:45:28.632 27720 27810 W System.err: 	at org.kxml2.io.KXmlParser.peekType(KXmlParser.java:979)
06-28 14:45:28.632 27720 27810 W System.err: 	at org.kxml2.io.KXmlParser.next(KXmlParser.java:346)
06-28 14:45:28.632 27720 27810 W System.err: 	at org.kxml2.io.KXmlParser.next(KXmlParser.java:310)
06-28 14:45:28.632 27720 27810 W System.err: 	at org.jivesoftware.smack.PacketReader.parsePackets(PacketReader.java:321)
06-28 14:45:28.632 27720 27810 W System.err: 	at org.jivesoftware.smack.PacketReader.access$1(PacketReader.java:216)
06-28 14:45:28.636 27720 27810 W System.err: 	at org.jivesoftware.smack.PacketReader$1.run(PacketReader.java:70)
06-28 14:45:29.019 26549 26551 D dalvikvm: GC_CONCURRENT freed 396K, 5% free 10030K/10503K, paused 2ms+5ms
06-28 14:45:29.234 26549 27829 D dalvikvm: GC_EXPLICIT freed 373K, 7% free 9859K/10503K, paused 2ms+4ms
06-28 14:45:29.468 28053 28056 D dalvikvm: GC_CONCURRENT freed 1750K, 14% free 11432K/13255K, paused 2ms+6ms
06-28 14:45:30.226 28053 28070 I System.out: [INFO:1944396]: LogSource: Running delayed flush
06-28 14:45:30.238 28053 28070 I System.out: [INFO:1944406]: LogSource: Running flush
06-28 14:45:30.238 28053 28072 I System.out: [INFO:1944408]: LogSource: Sending payload [bytes=409]
06-28 14:45:30.250 28053 28072 I System.out: [SEVERE:1944419]: LogSource: AsyncHttpRequestImpl.run(): exception thrown : Connection to https://www.google.com refused: org.apache.http.conn.HttpHostConnectException
06-28 14:45:30.250 28053 28070 I System.out: [INFO:1944420]: LogSource: Resending com.google.android.apps.googlevoice.net.masf.MASFPlainRequest@415ac698
06-28 14:45:30.765   142   203 D Tethering: MasterInitialState.processMessage what=3
06-28 14:45:30.855   142   203 D Tethering: MasterInitialState.processMessage what=3
06-28 14:45:31.007    84    84 I keystore: uid: 1000 action: p -> 1 state: 1 -> 1 retry: 4
06-28 14:45:31.027   213   213 D PhoneStatusBar: disable: < expand* icons alerts ticker* system_info BACK HOME recent* CLOCK >
06-28 14:45:31.039   361  1372 D NfcService: NFC-C ON
06-28 14:45:31.050   142   277 W InputManagerService: Window already focused, ignoring focus gain of: com.android.internal.view.IInputMethodClient$Stub$Proxy@41581968
06-28 14:45:31.066   324   324 W Settings: Cannot load auto correction threshold setting. currentAutoCorrectionSetting: 0, autoCorrectionThresholdValues: [, 0.22, 0.08, 0]
06-28 14:45:31.086   213   213 D PhoneStatusBar: disable: < expand icons alerts ticker system_info back* home* recent clock* >
06-28 14:45:31.355 25548 25551 D dalvikvm: GC_CONCURRENT freed 399K, 6% free 10338K/10951K, paused 7ms+8ms
06-28 14:45:31.386   142  2201 I ActivityManager: Start proc com.google.android.apps.uploader for broadcast com.google.android.apps.uploader/.ConnectivityBroadcastReceiver: pid=28454 uid=10030 gids={3003}
06-28 14:45:31.472   213   216 D dalvikvm: GC_CONCURRENT freed 281K, 31% free 9880K/14215K, paused 3ms+7ms
06-28 14:45:31.504 28454 28454 I dalvikvm: Turning on JNI app bug workarounds for target SDK version 11...
06-28 14:45:31.570   213   216 D dalvikvm: GC_CONCURRENT freed 561K, 32% free 9786K/14215K, paused 1ms+4ms
06-28 14:45:31.609 28454 28454 I ActivityThread: Pub com.google.android.apps.uploader: com.google.android.apps.uploader.UploadsContentProvider
06-28 14:45:31.617 28454 28454 I ActivityThread: Pub com.google.photos.provider.Album: com.google.android.apps.uploader.clients.picasa.AlbumProvider
06-28 14:45:31.625 28454 28454 D MediaUploader: UploaderApplication.onCreate
06-28 14:45:31.714 28454 28454 D MediaUploader: nonWifiLimit=20971520, default=20971520
06-28 14:45:31.757 28454 28454 I MediaUploader: No need to wake up
06-28 14:45:31.761 24879 24879 I PhoneLab-WiFiReceiver: Wi-Fi is disconnected!
06-28 14:45:31.882   142   462 I ActivityManager: Start proc com.google.android.youtube for broadcast com.google.android.youtube/.app.prefetch.PrefetchService$DeviceStateReceiver: pid=28472 uid=10057 gids={3003, 1015, 1006}
06-28 14:45:32.168 28472 28474 D dalvikvm: GC_CONCURRENT freed 155K, 3% free 9357K/9607K, paused 15ms+3ms
06-28 14:45:32.246 28472 28472 I ActivityThread: Pub com.google.android.youtube.SuggestionProvider: com.google.android.youtube.core.suggest.SuggestionProvider
06-28 14:45:32.461   213   216 D dalvikvm: GC_CONCURRENT freed 357K, 31% free 9870K/14215K, paused 2ms+22ms
06-28 14:45:32.597   213   216 D dalvikvm: GC_CONCURRENT freed 573K, 32% free 9763K/14215K, paused 2ms+5ms
06-28 14:45:32.828 28472 28474 D dalvikvm: GC_CONCURRENT freed 312K, 4% free 9609K/9991K, paused 3ms+7ms
06-28 14:45:32.828 28472 28481 W CursorWrapperInner: Cursor finalized without prior close()
06-28 14:45:32.828 28472 28481 W CursorWrapperInner: Cursor finalized without prior close()
06-28 14:45:32.918 28472 28474 D dalvikvm: GC_CONCURRENT freed 395K, 5% free 9781K/10247K, paused 2ms+3ms
06-28 14:45:33.058 28472 28474 D dalvikvm: GC_CONCURRENT freed 426K, 5% free 9878K/10375K, paused 2ms+3ms
06-28 14:45:33.171 28472 28474 D dalvikvm: GC_CONCURRENT freed 342K, 4% free 10090K/10503K, paused 1ms+3ms
06-28 14:45:33.293 28472 28474 D dalvikvm: GC_CONCURRENT freed 344K, 5% free 10219K/10695K, paused 1ms+3ms
06-28 14:45:33.519 27110 27585 D PicasaSyncManager: active network: null
06-28 14:45:33.523 27110 27585 D PicasaSyncManager: background data: true
06-28 14:45:33.656   142   360 D dalvikvm: GC_EXPLICIT freed 2457K, 29% free 16235K/22599K, paused 2ms+10ms
06-28 14:45:33.699 28454 28454 I MediaUploader: No need to wake up
06-28 14:45:33.808 26592 26606 I GLSUser : GLS error: NetworkError
06-28 14:45:33.894   142  2201 I ActivityManager: No longer want com.google.android.apps.maps:FriendService (pid 28138): hidden #16
06-28 14:45:33.898 28472 28516 E ApiaryPlusOneApi: Error fetching auth token: 
06-28 14:45:33.898 28472 28516 E ApiaryPlusOneApi: java.io.IOException
06-28 14:45:33.898 28472 28516 E ApiaryPlusOneApi: 	at android.accounts.AccountManager.convertErrorToException(AccountManager.java:1548)
06-28 14:45:33.898 28472 28516 E ApiaryPlusOneApi: 	at android.accounts.AccountManager.access$400(AccountManager.java:140)
06-28 14:45:33.898 28472 28516 E ApiaryPlusOneApi: 	at android.accounts.AccountManager$AmsTask$Response.onError(AccountManager.java:1409)
06-28 14:45:33.898 28472 28516 E ApiaryPlusOneApi: 	at android.accounts.IAccountManagerResponse$Stub.onTransact(IAccountManagerResponse.java:69)
06-28 14:45:33.898 28472 28516 E ApiaryPlusOneApi: 	at android.os.Binder.execTransact(Binder.java:338)
06-28 14:45:33.898 28472 28516 E ApiaryPlusOneApi: 	at dalvik.system.NativeStart.run(Native Method)
06-28 14:45:33.949   142   450 I ActivityManager: Process com.google.android.talk (pid 28348) has died.
06-28 14:45:33.988 27110 27585 D PicasaSyncManager: active network: null
06-28 14:45:33.992 27110 27585 D PicasaSyncManager: background data: true
06-28 14:45:34.062 28472 28516 E PlusOneController: Error loading opted-in: Unable to resolve host "www.googleapis.com": No address associated with hostname
06-28 14:45:34.066 28472 28474 D dalvikvm: GC_CONCURRENT freed 387K, 5% free 10321K/10823K, paused 2ms+3ms
06-28 14:45:34.250 28053 28070 I System.out: [INFO:1948420]: LogSource: Running delayed flush
06-28 14:45:34.261 28053 28070 I System.out: [INFO:1948430]: LogSource: Running flush
06-28 14:45:34.269 28053 28073 I System.out: [INFO:1948437]: LogSource: Sending payload [bytes=409]
06-28 14:45:34.304 28053 28073 I System.out: [SEVERE:1948472]: LogSource: AsyncHttpRequestImpl.run(): exception thrown : Connection to https://www.google.com refused: org.apache.http.conn.HttpHostConnectException
06-28 14:45:34.304 28053 28070 I System.out: [INFO:1948473]: LogSource: Resending com.google.android.apps.googlevoice.net.masf.MASFPlainRequest@415ac698
06-28 14:45:35.980 26549 26551 D dalvikvm: GC_CONCURRENT freed 316K, 6% free 9948K/10503K, paused 1ms+10ms
06-28 14:45:36.019 28053 28521 D dalvikvm: GC_EXPLICIT freed 342K, 15% free 11307K/13255K, paused 5ms+6ms
06-28 14:45:36.324 26549 26560 D dalvikvm: GC_EXPLICIT freed 356K, 6% free 9911K/10503K, paused 2ms+4ms
06-28 14:45:37.484   274   274 D wpa_supplicant: Ignore event for foreign ifindex 2
06-28 14:45:37.566   142   199 D ConnectivityService: ConnectivityChange for mobile: CONNECTED/CONNECTED
06-28 14:45:37.695   342   345 D dalvikvm: GC_CONCURRENT freed 820K, 12% free 11949K/13575K, paused 2ms+13ms
06-28 14:45:38.218   274   274 I wpa_supplicant: wlan0: Authentication with d0:c2:82:67:e7:61 timed out.
06-28 14:45:38.222   274   274 D wpa_supplicant: Added BSSID d0:c2:82:67:e7:61 into blacklist
06-28 14:45:38.222   274   274 D wpa_supplicant: wpa_driver_wext_set_operstate: operstate 0->0 (DORMANT)
06-28 14:45:38.222   274   274 D wpa_supplicant: netlink: Operstate: linkmode=-1, operstate=5
06-28 14:45:38.222   274   274 D wpa_supplicant: EAPOL: External notification - portEnabled=0
06-28 14:45:38.222   274   274 D wpa_supplicant: EAPOL: Supplicant port status: Unauthorized
06-28 14:45:38.222   274   274 D wpa_supplicant: EAPOL: External notification - portValid=0
06-28 14:45:38.222   274   274 D wpa_supplicant: EAPOL: Supplicant port status: Unauthorized
06-28 14:45:38.355   142   195 D NetworkPolicy: applying policy NetworkPolicy[NetworkTemplate: matchRule=MOBILE_ALL, subscriberId=valid]: cycleDay=20, warningBytes=2147483648, limitBytes=-1, lastSnooze=-1 to ifaces [rmnet0]
06-28 14:45:38.570   142   199 D ConnectivityService: NetTransition Wakelock for WifiStateMachine released by timeout
06-28 14:45:39.222   274   274 D wpa_supplicant: WPS: Building WPS IE for Probe Request
06-28 14:45:39.222   274   274 D wpa_supplicant: WPS:  * Version (hardcoded 0x10)
06-28 14:45:39.222   274   274 D wpa_supplicant: WPS:  * Request Type
06-28 14:45:39.222   274   274 D wpa_supplicant: WPS:  * Config Methods (2388)
06-28 14:45:39.222   274   274 D wpa_supplicant: WPS:  * UUID-E
06-28 14:45:39.222   274   274 D wpa_supplicant: WPS:  * Primary Device Type
06-28 14:45:39.222   274   274 D wpa_supplicant: WPS:  * RF Bands (3)
06-28 14:45:39.222   274   274 D wpa_supplicant: WPS:  * Association State
06-28 14:45:39.222   274   274 D wpa_supplicant: WPS:  * Configuration Error (0)
06-28 14:45:39.222   274   274 D wpa_supplicant: WPS:  * Device Password ID (0)
06-28 14:45:39.222   274   274 D wpa_supplicant: WPS:  * Manufacturer
06-28 14:45:39.222   274   274 D wpa_supplicant: WPS:  * Model Name
06-28 14:45:39.222   274   274 D wpa_supplicant: WPS:  * Model Number
06-28 14:45:39.222   274   274 D wpa_supplicant: WPS:  * Device Name
06-28 14:45:39.222   274   274 D wpa_supplicant: WPS:  * Version2 (0x20)
06-28 14:45:39.222   274   274 D wpa_supplicant: wpa_driver_wext_combo_scan: Start
06-28 14:45:39.222   274   274 D wpa_supplicant: For Scan: (null)
06-28 14:45:39.289   274   274 D wpa_supplicant: Scan requested (ret=0) - scan timeout 30 seconds
06-28 14:45:39.804   274   274 D wpa_supplicant: RTM_NEWLINK: operstate=0 ifi_flags=0x11003 ([UP][LOWER_UP])
06-28 14:45:39.804   274   274 D wpa_supplicant: RTM_NEWLINK, IFLA_IFNAME: Interface 'wlan0' added
06-28 14:45:39.804   274   274 D wpa_supplicant: Wireless event: cmd=0x8b19 len=8
06-28 14:45:39.804   274   274 D wpa_supplicant: Scan results did not fit - trying larger buffer (8192 bytes)
06-28 14:45:39.816   274   274 D wpa_supplicant: Received 4286 bytes of scan results (26 BSSes)
06-28 14:45:39.828   274   274 D wpa_supplicant: wlan0: Request association: reassociate: 1  selected: d0:c2:82:66:5b:71  bssid: 00:00:00:00:00:00  pending: 00:00:00:00:00:00  wpa_state: SCANNING
06-28 14:45:39.828   274   274 I wpa_supplicant: wlan0: Trying to associate with d0:c2:82:66:5b:71 (SSID='UB_Secure' freq=2437 MHz)
06-28 14:45:39.828   274   274 D wpa_supplicant: wpa_driver_wext_set_operstate: operstate 0->0 (DORMANT)
06-28 14:45:39.828   274   274 D wpa_supplicant: netlink: Operstate: linkmode=-1, operstate=5
06-28 14:45:39.836   274   274 D wpa_supplicant: wpa_driver_wext_associate
06-28 14:45:39.836   274   274 D wpa_supplicant: wpa_driver_wext_set_drop_unencrypted
06-28 14:45:39.859   274   274 D wpa_supplicant: wpa_driver_wext_set_psk
06-28 14:45:39.875   274   274 D wpa_supplicant: EAPOL: External notification - EAP success=0
06-28 14:45:39.875   274   274 D wpa_supplicant: EAPOL: Supplicant port status: Unauthorized
06-28 14:45:39.875   274   274 D wpa_supplicant: EAPOL: External notification - EAP fail=0
06-28 14:45:39.875   274   274 D wpa_supplicant: EAPOL: Supplicant port status: Unauthorized
06-28 14:45:39.875   274   274 D wpa_supplicant: EAPOL: External notification - portControl=Auto
06-28 14:45:39.875   274   274 D wpa_supplicant: EAPOL: Supplicant port status: Unauthorized
06-28 14:45:39.875   274   274 D wpa_supplicant: RSN: Ignored PMKID candidate without preauth flag
06-28 14:45:39.875   274   274 D wpa_supplicant: RSN: Ignored PMKID candidate without preauth flag
06-28 14:45:39.875   274   274 D wpa_supplicant: RSN: Ignored PMKID candidate without preauth flag
06-28 14:45:39.875   274   274 D wpa_supplicant: RSN: Ignored PMKID candidate without preauth flag
06-28 14:45:39.875   274   274 D wpa_supplicant: RTM_NEWLINK: operstate=0 ifi_flags=0x11003 ([UP][LOWER_UP])
06-28 14:45:39.879   274   274 D wpa_supplicant: RTM_NEWLINK, IFLA_IFNAME: Interface 'wlan0' added
06-28 14:45:39.879   274   274 D wpa_supplicant: Wireless event: cmd=0x8b06 len=8
06-28 14:45:39.879   274   274 D wpa_supplicant: RTM_NEWLINK: operstate=0 ifi_flags=0x11003 ([UP][LOWER_UP])
06-28 14:45:39.879   274   274 D wpa_supplicant: RTM_NEWLINK, IFLA_IFNAME: Interface 'wlan0' added
06-28 14:45:39.879   274   274 D wpa_supplicant: Wireless event: cmd=0x8b04 len=12
06-28 14:45:39.879   274   274 D wpa_supplicant: RTM_NEWLINK: operstate=0 ifi_flags=0x11003 ([UP][LOWER_UP])
06-28 14:45:39.879   274   274 D wpa_supplicant: RTM_NEWLINK, IFLA_IFNAME: Interface 'wlan0' added
06-28 14:45:39.879   274   274 D wpa_supplicant: Wireless event: cmd=0x8b1a len=17
06-28 14:45:39.898   274   274 D wpa_supplicant: RTM_NEWLINK: operstate=0 ifi_flags=0x11003 ([UP][LOWER_UP])
06-28 14:45:39.898   274   274 D wpa_supplicant: RTM_NEWLINK, IFLA_IFNAME: Interface 'wlan0' added
06-28 14:45:39.898   274   274 D wpa_supplicant: Wireless event: cmd=0x8b15 len=20
06-28 14:45:39.898   274   274 D wpa_supplicant: Wireless event: new AP: d0:c2:82:66:5b:71
06-28 14:45:39.898   274   274 D wpa_supplicant: wpa_driver_wext_set_operstate: operstate 0->0 (DORMANT)
06-28 14:45:39.898   274   274 D wpa_supplicant: netlink: Operstate: linkmode=-1, operstate=5
06-28 14:45:39.902   274   274 I wpa_supplicant: wlan0: Associated with d0:c2:82:66:5b:71
06-28 14:45:39.902   274   274 D wpa_supplicant: EAPOL: External notification - portEnabled=0
06-28 14:45:39.902   274   274 D wpa_supplicant: EAPOL: Supplicant port status: Unauthorized
06-28 14:45:39.902   274   274 D wpa_supplicant: EAPOL: External notification - portValid=0
06-28 14:45:39.902   274   274 D wpa_supplicant: EAPOL: Supplicant port status: Unauthorized
06-28 14:45:39.902   274   274 D wpa_supplicant: EAPOL: External notification - portEnabled=1
06-28 14:45:39.902   274   274 D wpa_supplicant: EAPOL: SUPP_PAE entering state CONNECTING
06-28 14:45:39.902   274   274 D wpa_supplicant: EAPOL: enable timer tick
06-28 14:45:39.902   274   274 D wpa_supplicant: EAPOL: SUPP_BE entering state IDLE
06-28 14:45:39.902   274   274 D wpa_supplicant: EAP: EAP entering state INITIALIZE
06-28 14:45:39.902   274   274 D wpa_supplicant: EAP: deinitialize previously used EAP method (25, PEAP) at INITIALIZE
06-28 14:45:39.902   274   274 D wpa_supplicant: EAP: EAP entering state IDLE
06-28 14:45:39.902   274   274 D wpa_supplicant: RSN: Authenticator did not accept PMKID, doing full EAP authentication
06-28 14:45:39.902   274   274 D wpa_supplicant: EAPOL: Supplicant port status: Unauthorized
06-28 14:45:39.902   274   274 D wpa_supplicant: EAPOL: Received EAP-Packet frame
06-28 14:45:39.902   274   274 D wpa_supplicant: EAPOL: SUPP_PAE entering state RESTART
06-28 14:45:39.902   274   274 D wpa_supplicant: EAP: EAP entering state INITIALIZE
06-28 14:45:39.902   274   274 D wpa_supplicant: EAP: EAP entering state IDLE
06-28 14:45:39.902   274   274 D wpa_supplicant: EAPOL: SUPP_PAE entering state AUTHENTICATING
06-28 14:45:39.902   274   274 D wpa_supplicant: EAPOL: SUPP_BE entering state REQUEST
06-28 14:45:39.902   274   274 D wpa_supplicant: EAPOL: getSuppRsp
06-28 14:45:39.902   274   274 D wpa_supplicant: EAP: EAP entering state RECEIVED
06-28 14:45:39.902   274   274 D wpa_supplicant: EAP: Received EAP-Request id=1 method=1 vendor=0 vendorMethod=0
06-28 14:45:39.902   274   274 D wpa_supplicant: EAP: EAP entering state IDENTITY
06-28 14:45:39.902   274   274 I wpa_supplicant: wlan0: CTRL-EVENT-EAP-STARTED EAP authentication started
06-28 14:45:39.902   274   274 D wpa_supplicant: EAP: EAP entering state SEND_RESPONSE
06-28 14:45:39.902   274   274 D wpa_supplicant: EAP: EAP entering state IDLE
06-28 14:45:39.902   274   274 D wpa_supplicant: EAPOL: SUPP_BE entering state RESPONSE
06-28 14:45:39.902   274   274 D wpa_supplicant: EAPOL: txSuppRsp
06-28 14:45:39.902   274   274 D wpa_supplicant: TX EAPOL: dst=d0:c2:82:66:5b:71
06-28 14:45:39.906   274   274 D wpa_supplicant: EAPOL: SUPP_BE entering state RECEIVE
06-28 14:45:39.910   274   274 D wpa_supplicant: EAPOL: Received EAP-Packet frame
06-28 14:45:39.910   274   274 D wpa_supplicant: EAPOL: SUPP_BE entering state REQUEST
06-28 14:45:39.910   274   274 D wpa_supplicant: EAPOL: getSuppRsp
06-28 14:45:39.910   274   274 D wpa_supplicant: EAP: EAP entering state RECEIVED
06-28 14:45:39.910   274   274 D wpa_supplicant: EAP: Received EAP-Request id=2 method=4 vendor=0 vendorMethod=0
06-28 14:45:39.910   274   274 D wpa_supplicant: EAP: EAP entering state GET_METHOD
06-28 14:45:39.910   274   274 D wpa_supplicant: EAP: configuration does not allow: vendor 0 method 4
06-28 14:45:39.910   274   274 D wpa_supplicant: EAP: vendor 0 method 4 not allowed
06-28 14:45:39.910   274   274 I wpa_supplicant: wlan0: CTRL-EVENT-EAP-PROPOSED-METHOD vendor=0 method=4 -> NAK
06-28 14:45:39.910   274   274 D wpa_supplicant: EAP: Building EAP-Nak (requested type 4 vendor=0 method=0 not allowed)
06-28 14:45:39.910   274   274 D wpa_supplicant: EAP: EAP entering state SEND_RESPONSE
06-28 14:45:39.910   274   274 D wpa_supplicant: EAP: EAP entering state IDLE
06-28 14:45:39.910   274   274 D wpa_supplicant: EAPOL: SUPP_BE entering state RESPONSE
06-28 14:45:39.910   274   274 D wpa_supplicant: EAPOL: txSuppRsp
06-28 14:45:39.910   274   274 D wpa_supplicant: TX EAPOL: dst=d0:c2:82:66:5b:71
06-28 14:45:39.910   274   274 D wpa_supplicant: EAPOL: SUPP_BE entering state RECEIVE
06-28 14:45:39.914   274   274 D wpa_supplicant: EAPOL: Received EAP-Packet frame
06-28 14:45:39.914   274   274 D wpa_supplicant: EAPOL: SUPP_BE entering state REQUEST
06-28 14:45:39.914   274   274 D wpa_supplicant: EAPOL: getSuppRsp
06-28 14:45:39.914   274   274 D wpa_supplicant: EAP: EAP entering state RECEIVED
06-28 14:45:39.914   274   274 D wpa_supplicant: EAP: Received EAP-Request id=3 method=25 vendor=0 vendorMethod=0
06-28 14:45:39.914   274   274 D wpa_supplicant: EAP: EAP entering state GET_METHOD
06-28 14:45:39.914   274   274 I wpa_supplicant: wlan0: CTRL-EVENT-EAP-PROPOSED-METHOD vendor=0 method=25
06-28 14:45:39.914   274   274 D wpa_supplicant: EAP: Initialize selected EAP method: vendor 0 method 25 (PEAP)
06-28 14:45:39.914   274   274 D wpa_supplicant: TLS: using phase1 config options
06-28 14:45:39.914   274   274 I wpa_supplicant: wlan0: CTRL-EVENT-EAP-METHOD EAP vendor 0 method 25 (PEAP) selected
06-28 14:45:39.914   274   274 D wpa_supplicant: EAP: EAP entering state METHOD
06-28 14:45:39.914   274   274 D wpa_supplicant: SSL: Received packet(len=6) - Flags 0x20
06-28 14:45:39.914   274   274 D wpa_supplicant: EAP-PEAP: Start (server ver=0, own ver=1)
06-28 14:45:39.914   274   274 D wpa_supplicant: EAP-PEAP: Using PEAP version 0
06-28 14:45:39.914   274   274 D wpa_supplicant: SSL: (where=0x10 ret=0x1)
06-28 14:45:39.914   274   274 D wpa_supplicant: SSL: (where=0x1001 ret=0x1)
06-28 14:45:39.914   274   274 D wpa_supplicant: SSL: SSL_connect:before/connect initialization
06-28 14:45:39.914   274   274 D wpa_supplicant: SSL: (where=0x1001 ret=0x1)
06-28 14:45:39.914   274   274 D wpa_supplicant: SSL: SSL_connect:SSLv3 write client hello A
06-28 14:45:39.914   274   274 D wpa_supplicant: SSL: (where=0x1002 ret=0xffffffff)
06-28 14:45:39.914   274   274 D wpa_supplicant: SSL: SSL_connect:error in SSLv3 read server hello A
06-28 14:45:39.914   274   274 D wpa_supplicant: SSL: SSL_connect - want more data
06-28 14:45:39.914   274   274 D wpa_supplicant: SSL: 190 bytes pending from ssl_out
06-28 14:45:39.914   274   274 D wpa_supplicant: SSL: 190 bytes left to be sent out (of total 190 bytes)
06-28 14:45:39.914   274   274 D wpa_supplicant: EAP: method process -> ignore=FALSE methodState=MAY_CONT decision=FAIL
06-28 14:45:39.914   274   274 D wpa_supplicant: EAP: EAP entering state SEND_RESPONSE
06-28 14:45:39.914   274   274 D wpa_supplicant: EAP: EAP entering state IDLE
06-28 14:45:39.914   274   274 D wpa_supplicant: EAPOL: SUPP_BE entering state RESPONSE
06-28 14:45:39.914   274   274 D wpa_supplicant: EAPOL: txSuppRsp
06-28 14:45:39.914   274   274 D wpa_supplicant: TX EAPOL: dst=d0:c2:82:66:5b:71
06-28 14:45:39.918   274   274 D wpa_supplicant: EAPOL: SUPP_BE entering state RECEIVE
06-28 14:45:39.945   274   274 D wpa_supplicant: EAPOL: Received EAP-Packet frame
06-28 14:45:39.945   274   274 D wpa_supplicant: EAPOL: SUPP_BE entering state REQUEST
06-28 14:45:39.945   274   274 D wpa_supplicant: EAPOL: getSuppRsp
06-28 14:45:39.945   274   274 D wpa_supplicant: EAP: EAP entering state RECEIVED
06-28 14:45:39.945   274   274 D wpa_supplicant: EAP: Received EAP-Request id=4 method=25 vendor=0 vendorMethod=0
06-28 14:45:39.945   274   274 D wpa_supplicant: EAP: EAP entering state METHOD
06-28 14:45:39.945   274   274 D wpa_supplicant: SSL: Received packet(len=1024) - Flags 0xc0
06-28 14:45:39.949   274   274 D wpa_supplicant: SSL: TLS Message Length: 4310
06-28 14:45:39.949   274   274 D wpa_supplicant: SSL: Need 3296 bytes more input data
06-28 14:45:39.949   274   274 D wpa_supplicant: SSL: Building ACK (type=25 id=4 ver=0)
06-28 14:45:39.949   274   274 D wpa_supplicant: EAP: method process -> ignore=FALSE methodState=MAY_CONT decision=FAIL
06-28 14:45:39.949   274   274 D wpa_supplicant: EAP: EAP entering state SEND_RESPONSE
06-28 14:45:39.949   274   274 D wpa_supplicant: EAP: EAP entering state IDLE
06-28 14:45:39.949   274   274 D wpa_supplicant: EAPOL: SUPP_BE entering state RESPONSE
06-28 14:45:39.949   274   274 D wpa_supplicant: EAPOL: txSuppRsp
06-28 14:45:39.949   274   274 D wpa_supplicant: TX EAPOL: dst=d0:c2:82:66:5b:71
06-28 14:45:39.949   274   274 D wpa_supplicant: EAPOL: SUPP_BE entering state RECEIVE
06-28 14:45:39.949   274   274 D wpa_supplicant: EAPOL: Received EAP-Packet frame
06-28 14:45:39.949   274   274 D wpa_supplicant: EAPOL: SUPP_BE entering state REQUEST
06-28 14:45:39.949   274   274 D wpa_supplicant: EAPOL: getSuppRsp
06-28 14:45:39.949   274   274 D wpa_supplicant: EAP: EAP entering state RECEIVED
06-28 14:45:39.949   274   274 D wpa_supplicant: EAP: Received EAP-Request id=5 method=25 vendor=0 vendorMethod=0
06-28 14:45:39.949   274   274 D wpa_supplicant: EAP: EAP entering state METHOD
06-28 14:45:39.949   274   274 D wpa_supplicant: SSL: Received packet(len=1020) - Flags 0x40
06-28 14:45:39.949   274   274 D wpa_supplicant: SSL: Need 2282 bytes more input data
06-28 14:45:39.949   274   274 D wpa_supplicant: SSL: Building ACK (type=25 id=5 ver=0)
06-28 14:45:39.949   274   274 D wpa_supplicant: EAP: method process -> ignore=FALSE methodState=MAY_CONT decision=FAIL
06-28 14:45:39.949   274   274 D wpa_supplicant: EAP: EAP entering state SEND_RESPONSE
06-28 14:45:39.949   274   274 D wpa_supplicant: EAP: EAP entering state IDLE
06-28 14:45:39.949   274   274 D wpa_supplicant: EAPOL: SUPP_BE entering state RESPONSE
06-28 14:45:39.949   274   274 D wpa_supplicant: EAPOL: txSuppRsp
06-28 14:45:39.949   274   274 D wpa_supplicant: TX EAPOL: dst=d0:c2:82:66:5b:71
06-28 14:45:39.949   274   274 D wpa_supplicant: EAPOL: SUPP_BE entering state RECEIVE
06-28 14:45:39.957   274   274 D wpa_supplicant: RTM_NEWLINK: operstate=0 ifi_flags=0x11003 ([UP][LOWER_UP])
06-28 14:45:39.957   274   274 D wpa_supplicant: RTM_NEWLINK, IFLA_IFNAME: Interface 'wlan0' added
06-28 14:45:39.957   274   274 D wpa_supplicant: Wireless event: cmd=0x8c03 len=20
06-28 14:45:39.957   274   274 D wpa_supplicant: RTM_NEWLINK: operstate=0 ifi_flags=0x11003 ([UP][LOWER_UP])
06-28 14:45:39.957   274   274 D wpa_supplicant: RTM_NEWLINK, IFLA_IFNAME: Interface 'wlan0' added
06-28 14:45:39.957   274   274 D wpa_supplicant: Wireless event: cmd=0x8c02 len=26
06-28 14:45:39.957   274   274 D wpa_supplicant: EAPOL: Received EAP-Packet frame
06-28 14:45:39.957   274   274 D wpa_supplicant: EAPOL: SUPP_BE entering state REQUEST
06-28 14:45:39.957   274   274 D wpa_supplicant: EAPOL: getSuppRsp
06-28 14:45:39.957   274   274 D wpa_supplicant: EAP: EAP entering state RECEIVED
06-28 14:45:39.957   274   274 D wpa_supplicant: EAP: Received EAP-Request id=6 method=25 vendor=0 vendorMethod=0
06-28 14:45:39.957   274   274 D wpa_supplicant: EAP: EAP entering state METHOD
06-28 14:45:39.957   274   274 D wpa_supplicant: SSL: Received packet(len=1020) - Flags 0x40
06-28 14:45:39.957   274   274 D wpa_supplicant: SSL: Need 1268 bytes more input data
06-28 14:45:39.957   274   274 D wpa_supplicant: SSL: Building ACK (type=25 id=6 ver=0)
06-28 14:45:39.957   274   274 D wpa_supplicant: EAP: method process -> ignore=FALSE methodState=MAY_CONT decision=FAIL
06-28 14:45:39.957   274   274 D wpa_supplicant: EAP: EAP entering state SEND_RESPONSE
06-28 14:45:39.957   274   274 D wpa_supplicant: EAP: EAP entering state IDLE
06-28 14:45:39.957   274   274 D wpa_supplicant: EAPOL: SUPP_BE entering state RESPONSE
