06-24 16:32:59.715  1207  1207 D wpa_supplicant: EAPOL: txSuppRsp
06-24 16:32:59.715  1207  1207 D wpa_supplicant: TX EAPOL: dst=00:1c:0e:27:3f:c1
06-24 16:32:59.715  1207  1207 D wpa_supplicant: EAPOL: SUPP_BE entering state RECEIVE
06-24 16:32:59.718  1207  1207 D wpa_supplicant: EAPOL: Received EAP-Packet frame
06-24 16:32:59.718  1207  1207 D wpa_supplicant: EAPOL: SUPP_BE entering state REQUEST
06-24 16:32:59.718  1207  1207 D wpa_supplicant: EAPOL: getSuppRsp
06-24 16:32:59.718  1207  1207 D wpa_supplicant: EAP: EAP entering state RECEIVED
06-24 16:32:59.718  1207  1207 D wpa_supplicant: EAP: Received EAP-Request id=2 method=4 vendor=0 vendorMethod=0
06-24 16:32:59.718  1207  1207 D wpa_supplicant: EAP: EAP entering state GET_METHOD
06-24 16:32:59.718  1207  1207 D wpa_supplicant: EAP: configuration does not allow: vendor 0 method 4
06-24 16:32:59.718  1207  1207 D wpa_supplicant: EAP: vendor 0 method 4 not allowed
06-24 16:32:59.718  1207  1207 I wpa_supplicant: wlan0: CTRL-EVENT-EAP-PROPOSED-METHOD vendor=0 method=4 -> NAK
06-24 16:32:59.718  1207  1207 D wpa_supplicant: EAP: Building EAP-Nak (requested type 4 vendor=0 method=0 not allowed)
06-24 16:32:59.718  1207  1207 D wpa_supplicant: EAP: EAP entering state SEND_RESPONSE
06-24 16:32:59.718  1207  1207 D wpa_supplicant: EAP: EAP entering state IDLE
06-24 16:32:59.718  1207  1207 D wpa_supplicant: EAPOL: SUPP_BE entering state RESPONSE
06-24 16:32:59.718  1207  1207 D wpa_supplicant: EAPOL: txSuppRsp
06-24 16:32:59.718  1207  1207 D wpa_supplicant: TX EAPOL: dst=00:1c:0e:27:3f:c1
06-24 16:32:59.718  1207  1207 D wpa_supplicant: EAPOL: SUPP_BE entering state RECEIVE
06-24 16:32:59.722  1207  1207 D wpa_supplicant: EAPOL: Received EAP-Packet frame
06-24 16:32:59.722  1207  1207 D wpa_supplicant: EAPOL: SUPP_BE entering state REQUEST
06-24 16:32:59.722  1207  1207 D wpa_supplicant: EAPOL: getSuppRsp
06-24 16:32:59.722  1207  1207 D wpa_supplicant: EAP: EAP entering state RECEIVED
06-24 16:32:59.722  1207  1207 D wpa_supplicant: EAP: Received EAP-Request id=3 method=25 vendor=0 vendorMethod=0
06-24 16:32:59.722  1207  1207 D wpa_supplicant: EAP: EAP entering state GET_METHOD
06-24 16:32:59.722  1207  1207 I wpa_supplicant: wlan0: CTRL-EVENT-EAP-PROPOSED-METHOD vendor=0 method=25
06-24 16:32:59.722  1207  1207 D wpa_supplicant: EAP: Initialize selected EAP method: vendor 0 method 25 (PEAP)
06-24 16:32:59.722  1207  1207 D wpa_supplicant: TLS: using phase1 config options
06-24 16:32:59.722  1207  1207 I wpa_supplicant: wlan0: CTRL-EVENT-EAP-METHOD EAP vendor 0 method 25 (PEAP) selected
06-24 16:32:59.722  1207  1207 D wpa_supplicant: EAP: EAP entering state METHOD
06-24 16:32:59.722  1207  1207 D wpa_supplicant: SSL: Received packet(len=6) - Flags 0x20
06-24 16:32:59.722  1207  1207 D wpa_supplicant: EAP-PEAP: Start (server ver=0, own ver=1)
06-24 16:32:59.722  1207  1207 D wpa_supplicant: EAP-PEAP: Using PEAP version 0
06-24 16:32:59.722  1207  1207 D wpa_supplicant: SSL: (where=0x10 ret=0x1)
06-24 16:32:59.722  1207  1207 D wpa_supplicant: SSL: (where=0x1001 ret=0x1)
06-24 16:32:59.722  1207  1207 D wpa_supplicant: SSL: SSL_connect:before/connect initialization
06-24 16:32:59.722  1207  1207 D wpa_supplicant: SSL: (where=0x1001 ret=0x1)
06-24 16:32:59.722  1207  1207 D wpa_supplicant: SSL: SSL_connect:SSLv3 write client hello A
06-24 16:32:59.722  1207  1207 D wpa_supplicant: SSL: (where=0x1002 ret=0xffffffff)
06-24 16:32:59.722  1207  1207 D wpa_supplicant: SSL: SSL_connect:error in SSLv3 read server hello A
06-24 16:32:59.722  1207  1207 D wpa_supplicant: SSL: SSL_connect - want more data
06-24 16:32:59.722  1207  1207 D wpa_supplicant: SSL: 190 bytes pending from ssl_out
06-24 16:32:59.722  1207  1207 D wpa_supplicant: SSL: 190 bytes left to be sent out (of total 190 bytes)
06-24 16:32:59.722  1207  1207 D wpa_supplicant: EAP: method process -> ignore=FALSE methodState=MAY_CONT decision=FAIL
06-24 16:32:59.722  1207  1207 D wpa_supplicant: EAP: EAP entering state SEND_RESPONSE
06-24 16:32:59.722  1207  1207 D wpa_supplicant: EAP: EAP entering state IDLE
06-24 16:32:59.722  1207  1207 D wpa_supplicant: EAPOL: SUPP_BE entering state RESPONSE
06-24 16:32:59.722  1207  1207 D wpa_supplicant: EAPOL: txSuppRsp
06-24 16:32:59.722  1207  1207 D wpa_supplicant: TX EAPOL: dst=00:1c:0e:27:3f:c1
06-24 16:32:59.726  1207  1207 D wpa_supplicant: EAPOL: SUPP_BE entering state RECEIVE
06-24 16:32:59.757  1207  1207 D wpa_supplicant: EAPOL: Received EAP-Packet frame
06-24 16:32:59.757  1207  1207 D wpa_supplicant: EAPOL: SUPP_BE entering state REQUEST
06-24 16:32:59.757  1207  1207 D wpa_supplicant: EAPOL: getSuppRsp
06-24 16:32:59.757  1207  1207 D wpa_supplicant: EAP: EAP entering state RECEIVED
06-24 16:32:59.757  1207  1207 D wpa_supplicant: EAP: Received EAP-Request id=4 method=25 vendor=0 vendorMethod=0
06-24 16:32:59.757  1207  1207 D wpa_supplicant: EAP: EAP entering state METHOD
06-24 16:32:59.757  1207  1207 D wpa_supplicant: SSL: Received packet(len=1024) - Flags 0xc0
06-24 16:32:59.757  1207  1207 D wpa_supplicant: SSL: TLS Message Length: 4310
06-24 16:32:59.757  1207  1207 D wpa_supplicant: SSL: Need 3296 bytes more input data
06-24 16:32:59.757  1207  1207 D wpa_supplicant: SSL: Building ACK (type=25 id=4 ver=0)
06-24 16:32:59.757  1207  1207 D wpa_supplicant: EAP: method process -> ignore=FALSE methodState=MAY_CONT decision=FAIL
06-24 16:32:59.757  1207  1207 D wpa_supplicant: EAP: EAP entering state SEND_RESPONSE
06-24 16:32:59.757  1207  1207 D wpa_supplicant: EAP: EAP entering state IDLE
06-24 16:32:59.757  1207  1207 D wpa_supplicant: EAPOL: SUPP_BE entering state RESPONSE
06-24 16:32:59.757  1207  1207 D wpa_supplicant: EAPOL: txSuppRsp
06-24 16:32:59.757  1207  1207 D wpa_supplicant: TX EAPOL: dst=00:1c:0e:27:3f:c1
06-24 16:32:59.757  1207  1207 D wpa_supplicant: EAPOL: SUPP_BE entering state RECEIVE
06-24 16:32:59.761  1207  1207 D wpa_supplicant: RTM_NEWLINK: operstate=0 ifi_flags=0x11003 ([UP][LOWER_UP])
06-24 16:32:59.761  1207  1207 D wpa_supplicant: RTM_NEWLINK, IFLA_IFNAME: Interface 'wlan0' added
06-24 16:32:59.761  1207  1207 D wpa_supplicant: Wireless event: cmd=0x8c03 len=20
06-24 16:32:59.761  1207  1207 D wpa_supplicant: RTM_NEWLINK: operstate=0 ifi_flags=0x11003 ([UP][LOWER_UP])
06-24 16:32:59.761  1207  1207 D wpa_supplicant: RTM_NEWLINK, IFLA_IFNAME: Interface 'wlan0' added
06-24 16:32:59.761  1207  1207 D wpa_supplicant: Wireless event: cmd=0x8c02 len=26
06-24 16:32:59.761  1207  1207 D wpa_supplicant: EAPOL: Received EAP-Packet frame
06-24 16:32:59.761  1207  1207 D wpa_supplicant: EAPOL: SUPP_BE entering state REQUEST
06-24 16:32:59.761  1207  1207 D wpa_supplicant: EAPOL: getSuppRsp
06-24 16:32:59.761  1207  1207 D wpa_supplicant: EAP: EAP entering state RECEIVED
06-24 16:32:59.761  1207  1207 D wpa_supplicant: EAP: Received EAP-Request id=5 method=25 vendor=0 vendorMethod=0
06-24 16:32:59.761  1207  1207 D wpa_supplicant: EAP: EAP entering state METHOD
06-24 16:32:59.761  1207  1207 D wpa_supplicant: SSL: Received packet(len=1020) - Flags 0x40
06-24 16:32:59.761  1207  1207 D wpa_supplicant: SSL: Need 2282 bytes more input data
06-24 16:32:59.761  1207  1207 D wpa_supplicant: SSL: Building ACK (type=25 id=5 ver=0)
06-24 16:32:59.761  1207  1207 D wpa_supplicant: EAP: method process -> ignore=FALSE methodState=MAY_CONT decision=FAIL
06-24 16:32:59.761  1207  1207 D wpa_supplicant: EAP: EAP entering state SEND_RESPONSE
06-24 16:32:59.761  1207  1207 D wpa_supplicant: EAP: EAP entering state IDLE
06-24 16:32:59.761  1207  1207 D wpa_supplicant: EAPOL: SUPP_BE entering state RESPONSE
06-24 16:32:59.761  1207  1207 D wpa_supplicant: EAPOL: txSuppRsp
06-24 16:32:59.761  1207  1207 D wpa_supplicant: TX EAPOL: dst=00:1c:0e:27:3f:c1
06-24 16:32:59.761  1207  1207 D wpa_supplicant: EAPOL: SUPP_BE entering state RECEIVE
06-24 16:32:59.765  1207  1207 D wpa_supplicant: EAPOL: Received EAP-Packet frame
06-24 16:32:59.765  1207  1207 D wpa_supplicant: EAPOL: SUPP_BE entering state REQUEST
06-24 16:32:59.765  1207  1207 D wpa_supplicant: EAPOL: getSuppRsp
06-24 16:32:59.765  1207  1207 D wpa_supplicant: EAP: EAP entering state RECEIVED
06-24 16:32:59.765  1207  1207 D wpa_supplicant: EAP: Received EAP-Request id=6 method=25 vendor=0 vendorMethod=0
06-24 16:32:59.765  1207  1207 D wpa_supplicant: EAP: EAP entering state METHOD
06-24 16:32:59.765  1207  1207 D wpa_supplicant: SSL: Received packet(len=1020) - Flags 0x40
06-24 16:32:59.765  1207  1207 D wpa_supplicant: SSL: Need 1268 bytes more input data
06-24 16:32:59.765  1207  1207 D wpa_supplicant: SSL: Building ACK (type=25 id=6 ver=0)
06-24 16:32:59.765  1207  1207 D wpa_supplicant: EAP: method process -> ignore=FALSE methodState=MAY_CONT decision=FAIL
06-24 16:32:59.765  1207  1207 D wpa_supplicant: EAP: EAP entering state SEND_RESPONSE
06-24 16:32:59.765  1207  1207 D wpa_supplicant: EAP: EAP entering state IDLE
06-24 16:32:59.765  1207  1207 D wpa_supplicant: EAPOL: SUPP_BE entering state RESPONSE
06-24 16:32:59.765  1207  1207 D wpa_supplicant: EAPOL: txSuppRsp
06-24 16:32:59.765  1207  1207 D wpa_supplicant: TX EAPOL: dst=00:1c:0e:27:3f:c1
06-24 16:32:59.765  1207  1207 D wpa_supplicant: EAPOL: SUPP_BE entering state RECEIVE
06-24 16:32:59.769  1207  1207 D wpa_supplicant: EAPOL: Received EAP-Packet frame
06-24 16:32:59.769  1207  1207 D wpa_supplicant: EAPOL: SUPP_BE entering state REQUEST
06-24 16:32:59.769  1207  1207 D wpa_supplicant: EAPOL: getSuppRsp
06-24 16:32:59.769  1207  1207 D wpa_supplicant: EAP: EAP entering state RECEIVED
06-24 16:32:59.769  1207  1207 D wpa_supplicant: EAP: Received EAP-Request id=7 method=25 vendor=0 vendorMethod=0
06-24 16:32:59.769  1207  1207 D wpa_supplicant: EAP: EAP entering state METHOD
06-24 16:32:59.769  1207  1207 D wpa_supplicant: SSL: Received packet(len=1020) - Flags 0x40
06-24 16:32:59.769  1207  1207 D wpa_supplicant: SSL: Need 254 bytes more input data
06-24 16:32:59.769  1207  1207 D wpa_supplicant: SSL: Building ACK (type=25 id=7 ver=0)
06-24 16:32:59.769  1207  1207 D wpa_supplicant: EAP: method process -> ignore=FALSE methodState=MAY_CONT decision=FAIL
06-24 16:32:59.769  1207  1207 D wpa_supplicant: EAP: EAP entering state SEND_RESPONSE
06-24 16:32:59.769  1207  1207 D wpa_supplicant: EAP: EAP entering state IDLE
06-24 16:32:59.769  1207  1207 D wpa_supplicant: EAPOL: SUPP_BE entering state RESPONSE
06-24 16:32:59.769  1207  1207 D wpa_supplicant: EAPOL: txSuppRsp
06-24 16:32:59.769  1207  1207 D wpa_supplicant: TX EAPOL: dst=00:1c:0e:27:3f:c1
06-24 16:32:59.769  1207  1207 D wpa_supplicant: EAPOL: SUPP_BE entering state RECEIVE
06-24 16:32:59.773  1207  1207 D wpa_supplicant: EAPOL: Received EAP-Packet frame
06-24 16:32:59.773  1207  1207 D wpa_supplicant: EAPOL: SUPP_BE entering state REQUEST
06-24 16:32:59.773  1207  1207 D wpa_supplicant: EAPOL: getSuppRsp
06-24 16:32:59.773  1207  1207 D wpa_supplicant: EAP: EAP entering state RECEIVED
06-24 16:32:59.773  1207  1207 D wpa_supplicant: EAP: Received EAP-Request id=8 method=25 vendor=0 vendorMethod=0
06-24 16:32:59.773  1207  1207 D wpa_supplicant: EAP: EAP entering state METHOD
06-24 16:32:59.773  1207  1207 D wpa_supplicant: SSL: Received packet(len=260) - Flags 0x00
06-24 16:32:59.773  1207  1207 D wpa_supplicant: SSL: (where=0x1001 ret=0x1)
06-24 16:32:59.773  1207  1207 D wpa_supplicant: SSL: SSL_connect:SSLv3 read server hello A
06-24 16:32:59.777  1207  1207 D wpa_supplicant: TLS: tls_verify_cb - preverify_ok=1 err=19 (self signed certificate in certificate chain) ca_cert_verify=0 depth=2 buf='/C=US/O=Entrust.net/OU=www.entrust.net/CPS incorp. by ref. (limits liab.)/OU=(c) 1999 Entrust.net Limited/CN=Entrust.net Secure Server Certification Authority'
06-24 16:32:59.777  1207  1207 I wpa_supplicant: wlan0: CTRL-EVENT-EAP-PEER-CERT depth=2 subject='/C=US/O=Entrust.net/OU=www.entrust.net/CPS incorp. by ref. (limits liab.)/OU=(c) 1999 Entrust.net Limited/CN=Entrust.net Secure Server Certification Authority'
06-24 16:32:59.777  1207  1207 D wpa_supplicant: TLS: tls_verify_cb - preverify_ok=1 err=19 (self signed certificate in certificate chain) ca_cert_verify=0 depth=2 buf='/C=US/O=Entrust.net/OU=www.entrust.net/CPS incorp. by ref. (limits liab.)/OU=(c) 1999 Entrust.net Limited/CN=Entrust.net Secure Server Certification Authority'
06-24 16:32:59.777  1207  1207 I wpa_supplicant: wlan0: CTRL-EVENT-EAP-PEER-CERT depth=2 subject='/C=US/O=Entrust.net/OU=www.entrust.net/CPS incorp. by ref. (limits liab.)/OU=(c) 1999 Entrust.net Limited/CN=Entrust.net Secure Server Certification Authority'
06-24 16:32:59.777  1207  1207 D wpa_supplicant: TLS: tls_verify_cb - preverify_ok=1 err=19 (self signed certificate in certificate chain) ca_cert_verify=0 depth=1 buf='/C=US/ST=UT/L=Salt Lake City/O=The USERTRUST Network/CN=USERTrust Legacy Secure Server CA'
06-24 16:32:59.777  1207  1207 I wpa_supplicant: wlan0: CTRL-EVENT-EAP-PEER-CERT depth=1 subject='/C=US/ST=UT/L=Salt Lake City/O=The USERTRUST Network/CN=USERTrust Legacy Secure Server CA'
06-24 16:32:59.781  1207  1207 D wpa_supplicant: TLS: tls_verify_cb - preverify_ok=1 err=19 (self signed certificate in certificate chain) ca_cert_verify=0 depth=0 buf='/C=US/postalCode=14260/ST=New York/L=Buffalo/street=305 Computing Center/O=SUNY AT BUFFALO/OU=Issued through UNIVERSITY AT BUFFALO E-PKI Manager/OU=Comodo PremiumSSL Legacy/CN=radius1.cit.buffalo.edu'
06-24 16:32:59.781  1207  1207 I wpa_supplicant: wlan0: CTRL-EVENT-EAP-PEER-CERT depth=0 subject='/C=US/postalCode=14260/ST=New York/L=Buffalo/street=305 Computing Center/O=SUNY AT BUFFALO/OU=Issued through UNIVERSITY AT BUFFALO E-PKI Manager/OU=Comodo PremiumSSL Legacy/CN=radius1.cit.buffalo.edu'
06-24 16:32:59.781  1207  1207 D wpa_supplicant: SSL: (where=0x1001 ret=0x1)
06-24 16:32:59.781  1207  1207 D wpa_supplicant: SSL: SSL_connect:SSLv3 read server certificate A
06-24 16:32:59.781  1207  1207 D wpa_supplicant: SSL: (where=0x1001 ret=0x1)
06-24 16:32:59.781  1207  1207 D wpa_supplicant: SSL: SSL_connect:SSLv3 read server key exchange A
06-24 16:32:59.781  1207  1207 D wpa_supplicant: SSL: (where=0x1001 ret=0x1)
06-24 16:32:59.781  1207  1207 D wpa_supplicant: SSL: SSL_connect:SSLv3 read server done A
06-24 16:32:59.789  1207  1207 D wpa_supplicant: SSL: (where=0x1001 ret=0x1)
06-24 16:32:59.793  1207  1207 D wpa_supplicant: SSL: SSL_connect:SSLv3 write client key exchange A
06-24 16:32:59.793  1207  1207 D wpa_supplicant: SSL: (where=0x1001 ret=0x1)
06-24 16:32:59.793  1207  1207 D wpa_supplicant: SSL: SSL_connect:SSLv3 write change cipher spec A
06-24 16:32:59.793  1207  1207 D wpa_supplicant: SSL: (where=0x1001 ret=0x1)
06-24 16:32:59.793  1207  1207 D wpa_supplicant: SSL: SSL_connect:SSLv3 write finished A
06-24 16:32:59.793  1207  1207 D wpa_supplicant: SSL: (where=0x1001 ret=0x1)
06-24 16:32:59.793  1207  1207 D wpa_supplicant: SSL: SSL_connect:SSLv3 flush data
06-24 16:32:59.793  1207  1207 D wpa_supplicant: SSL: (where=0x1002 ret=0xffffffff)
06-24 16:32:59.793  1207  1207 D wpa_supplicant: SSL: SSL_connect:error in SSLv3 read server session ticket A
06-24 16:32:59.793  1207  1207 D wpa_supplicant: SSL: SSL_connect - want more data
06-24 16:32:59.793  1207  1207 D wpa_supplicant: SSL: 134 bytes pending from ssl_out
06-24 16:32:59.793  1207  1207 D wpa_supplicant: SSL: 134 bytes left to be sent out (of total 134 bytes)
06-24 16:32:59.793  1207  1207 D wpa_supplicant: EAP: method process -> ignore=FALSE methodState=MAY_CONT decision=FAIL
06-24 16:32:59.793  1207  1207 D wpa_supplicant: EAP: EAP entering state SEND_RESPONSE
06-24 16:32:59.793  1207  1207 D wpa_supplicant: EAP: EAP entering state IDLE
06-24 16:32:59.793  1207  1207 D wpa_supplicant: EAPOL: SUPP_BE entering state RESPONSE
06-24 16:32:59.793  1207  1207 D wpa_supplicant: EAPOL: txSuppRsp
06-24 16:32:59.793  1207  1207 D wpa_supplicant: TX EAPOL: dst=00:1c:0e:27:3f:c1
06-24 16:32:59.793  1207  1207 D wpa_supplicant: EAPOL: SUPP_BE entering state RECEIVE
06-24 16:32:59.797  1207  1207 D wpa_supplicant: EAPOL: Received EAP-Packet frame
06-24 16:32:59.797  1207  1207 D wpa_supplicant: EAPOL: SUPP_BE entering state REQUEST
06-24 16:32:59.797  1207  1207 D wpa_supplicant: EAPOL: getSuppRsp
06-24 16:32:59.797  1207  1207 D wpa_supplicant: EAP: EAP entering state RECEIVED
06-24 16:32:59.797  1207  1207 D wpa_supplicant: EAP: Received EAP-Request id=9 method=25 vendor=0 vendorMethod=0
06-24 16:32:59.797  1207  1207 D wpa_supplicant: EAP: EAP entering state METHOD
06-24 16:32:59.797  1207  1207 D wpa_supplicant: SSL: Received packet(len=240) - Flags 0x00
06-24 16:32:59.797  1207  1207 D wpa_supplicant: SSL: (where=0x1001 ret=0x1)
06-24 16:32:59.797  1207  1207 D wpa_supplicant: SSL: SSL_connect:SSLv3 read server session ticket A
06-24 16:32:59.797  1207  1207 D wpa_supplicant: SSL: (where=0x1001 ret=0x1)
06-24 16:32:59.797  1207  1207 D wpa_supplicant: SSL: SSL_connect:SSLv3 read finished A
06-24 16:32:59.797  1207  1207 D wpa_supplicant: SSL: (where=0x20 ret=0x1)
06-24 16:32:59.797  1207  1207 D wpa_supplicant: SSL: (where=0x1002 ret=0x1)
06-24 16:32:59.797  1207  1207 D wpa_supplicant: SSL: 0 bytes pending from ssl_out
06-24 16:32:59.797  1207  1207 D wpa_supplicant: SSL: No Application Data included
06-24 16:32:59.797  1207  1207 D wpa_supplicant: SSL: No data to be sent out
06-24 16:32:59.797  1207  1207 D wpa_supplicant: EAP-PEAP: TLS done, proceed to Phase 2
06-24 16:32:59.797  1207  1207 D wpa_supplicant: EAP-PEAP: using label 'client EAP encryption' in key derivation
06-24 16:32:59.804  1207  1207 D wpa_supplicant: SSL: Building ACK (type=25 id=9 ver=0)
06-24 16:32:59.804  1207  1207 D wpa_supplicant: EAP: method process -> ignore=FALSE methodState=MAY_CONT decision=FAIL
06-24 16:32:59.804  1207  1207 D wpa_supplicant: EAP: EAP entering state SEND_RESPONSE
06-24 16:32:59.804  1207  1207 D wpa_supplicant: EAP: EAP entering state IDLE
06-24 16:32:59.804  1207  1207 D wpa_supplicant: EAPOL: SUPP_BE entering state RESPONSE
06-24 16:32:59.804  1207  1207 D wpa_supplicant: EAPOL: txSuppRsp
06-24 16:32:59.804  1207  1207 D wpa_supplicant: TX EAPOL: dst=00:1c:0e:27:3f:c1
06-24 16:32:59.804  1207  1207 D wpa_supplicant: EAPOL: SUPP_BE entering state RECEIVE
06-24 16:32:59.804  1207  1207 D wpa_supplicant: EAPOL: Received EAP-Packet frame
06-24 16:32:59.804  1207  1207 D wpa_supplicant: EAPOL: SUPP_BE entering state REQUEST
06-24 16:32:59.804  1207  1207 D wpa_supplicant: EAPOL: getSuppRsp
06-24 16:32:59.804  1207  1207 D wpa_supplicant: EAP: EAP entering state RECEIVED
06-24 16:32:59.804  1207  1207 D wpa_supplicant: EAP: Received EAP-Request id=10 method=25 vendor=0 vendorMethod=0
06-24 16:32:59.804  1207  1207 D wpa_supplicant: EAP: EAP entering state METHOD
06-24 16:32:59.804  1207  1207 D wpa_supplicant: SSL: Received packet(len=43) - Flags 0x00
06-24 16:32:59.804  1207  1207 D wpa_supplicant: EAP-PEAP: received 37 bytes encrypted data for Phase 2
06-24 16:32:59.804  1207  1207 D wpa_supplicant: EAP-PEAP: received Phase 2: code=1 identifier=10 length=5
06-24 16:32:59.804  1207  1207 D wpa_supplicant: EAP-PEAP: Phase 2 Request: type=1
06-24 16:32:59.804  1207  1207 D wpa_supplicant: SSL: 74 bytes left to be sent out (of total 74 bytes)
06-24 16:32:59.804  1207  1207 D wpa_supplicant: EAP: method process -> ignore=FALSE methodState=MAY_CONT decision=FAIL
06-24 16:32:59.804  1207  1207 D wpa_supplicant: EAP: EAP entering state SEND_RESPONSE
06-24 16:32:59.804  1207  1207 D wpa_supplicant: EAP: EAP entering state IDLE
06-24 16:32:59.804  1207  1207 D wpa_supplicant: EAPOL: SUPP_BE entering state RESPONSE
06-24 16:32:59.804  1207  1207 D wpa_supplicant: EAPOL: txSuppRsp
06-24 16:32:59.804  1207  1207 D wpa_supplicant: TX EAPOL: dst=00:1c:0e:27:3f:c1
06-24 16:32:59.804  1207  1207 D wpa_supplicant: EAPOL: SUPP_BE entering state RECEIVE
06-24 16:32:59.808  1207  1207 D wpa_supplicant: EAPOL: Received EAP-Packet frame
06-24 16:32:59.808  1207  1207 D wpa_supplicant: EAPOL: SUPP_BE entering state REQUEST
06-24 16:32:59.808  1207  1207 D wpa_supplicant: EAPOL: getSuppRsp
06-24 16:32:59.808  1207  1207 D wpa_supplicant: EAP: EAP entering state RECEIVED
06-24 16:32:59.808  1207  1207 D wpa_supplicant: EAP: Received EAP-Request id=11 method=25 vendor=0 vendorMethod=0
06-24 16:32:59.808  1207  1207 D wpa_supplicant: EAP: EAP entering state METHOD
06-24 16:32:59.808  1207  1207 D wpa_supplicant: SSL: Received packet(len=59) - Flags 0x00
06-24 16:32:59.808  1207  1207 D wpa_supplicant: EAP-PEAP: received 53 bytes encrypted data for Phase 2
06-24 16:32:59.808  1207  1207 D wpa_supplicant: EAP-PEAP: received Phase 2: code=1 identifier=11 length=30
06-24 16:32:59.808  1207  1207 D wpa_supplicant: EAP-PEAP: Phase 2 Request: type=26
06-24 16:32:59.808  1207  1207 D wpa_supplicant: EAP-PEAP: Selected Phase 2 EAP vendor 0 method 26
06-24 16:32:59.808  1207  1207 D wpa_supplicant: EAP-MSCHAPV2: RX identifier 11 mschapv2_id 11
06-24 16:32:59.808  1207  1207 D wpa_supplicant: EAP-MSCHAPV2: Received challenge
06-24 16:32:59.808  1207  1207 D wpa_supplicant: EAP-MSCHAPV2: Generating Challenge Response
06-24 16:32:59.812  1207  1207 D wpa_supplicant: EAP-MSCHAPV2: TX identifier 11 mschapv2_id 11 (response)
06-24 16:32:59.812  1207  1207 D wpa_supplicant: SSL: 122 bytes left to be sent out (of total 122 bytes)
06-24 16:32:59.812  1207  1207 D wpa_supplicant: EAP: method process -> ignore=FALSE methodState=MAY_CONT decision=FAIL
06-24 16:32:59.812  1207  1207 D wpa_supplicant: EAP: EAP entering state SEND_RESPONSE
06-24 16:32:59.812  1207  1207 D wpa_supplicant: EAP: EAP entering state IDLE
06-24 16:32:59.812  1207  1207 D wpa_supplicant: EAPOL: SUPP_BE entering state RESPONSE
06-24 16:32:59.812  1207  1207 D wpa_supplicant: EAPOL: txSuppRsp
06-24 16:32:59.812  1207  1207 D wpa_supplicant: TX EAPOL: dst=00:1c:0e:27:3f:c1
06-24 16:32:59.812  1207  1207 D wpa_supplicant: EAPOL: SUPP_BE entering state RECEIVE
06-24 16:32:59.937  1207  1207 D wpa_supplicant: EAPOL: Received EAP-Packet frame
06-24 16:32:59.937  1207  1207 D wpa_supplicant: EAPOL: SUPP_BE entering state REQUEST
06-24 16:32:59.937  1207  1207 D wpa_supplicant: EAPOL: getSuppRsp
06-24 16:32:59.937  1207  1207 D wpa_supplicant: EAP: EAP entering state RECEIVED
06-24 16:32:59.937  1207  1207 D wpa_supplicant: EAP: Received EAP-Request id=12 method=25 vendor=0 vendorMethod=0
06-24 16:32:59.937  1207  1207 D wpa_supplicant: EAP: EAP entering state METHOD
06-24 16:32:59.937  1207  1207 D wpa_supplicant: SSL: Received packet(len=91) - Flags 0x00
06-24 16:32:59.937  1207  1207 D wpa_supplicant: EAP-PEAP: received 85 bytes encrypted data for Phase 2
06-24 16:32:59.937  1207  1207 D wpa_supplicant: EAP-PEAP: received Phase 2: code=1 identifier=12 length=51
06-24 16:32:59.937  1207  1207 D wpa_supplicant: EAP-PEAP: Phase 2 Request: type=26
06-24 16:32:59.937  1207  1207 D wpa_supplicant: EAP-MSCHAPV2: RX identifier 12 mschapv2_id 11
06-24 16:32:59.937  1207  1207 D wpa_supplicant: EAP-MSCHAPV2: Received success
06-24 16:32:59.937  1207  1207 I wpa_supplicant: EAP-MSCHAPV2: Authentication succeeded
06-24 16:32:59.937  1207  1207 D wpa_supplicant: SSL: 74 bytes left to be sent out (of total 74 bytes)
06-24 16:32:59.937  1207  1207 D wpa_supplicant: EAP: method process -> ignore=FALSE methodState=MAY_CONT decision=FAIL
06-24 16:32:59.937  1207  1207 D wpa_supplicant: EAP: EAP entering state SEND_RESPONSE
06-24 16:32:59.937  1207  1207 D wpa_supplicant: EAP: EAP entering state IDLE
06-24 16:32:59.937  1207  1207 D wpa_supplicant: EAPOL: SUPP_BE entering state RESPONSE
06-24 16:32:59.937  1207  1207 D wpa_supplicant: EAPOL: txSuppRsp
06-24 16:32:59.937  1207  1207 D wpa_supplicant: TX EAPOL: dst=00:1c:0e:27:3f:c1
06-24 16:32:59.937  1207  1207 D wpa_supplicant: EAPOL: SUPP_BE entering state RECEIVE
06-24 16:32:59.941  1207  1207 D wpa_supplicant: EAPOL: Received EAP-Packet frame
06-24 16:32:59.941  1207  1207 D wpa_supplicant: EAPOL: SUPP_BE entering state REQUEST
06-24 16:32:59.941  1207  1207 D wpa_supplicant: EAPOL: getSuppRsp
06-24 16:32:59.941  1207  1207 D wpa_supplicant: EAP: EAP entering state RECEIVED
06-24 16:32:59.941  1207  1207 D wpa_supplicant: EAP: Received EAP-Request id=13 method=25 vendor=0 vendorMethod=0
06-24 16:32:59.941  1207  1207 D wpa_supplicant: EAP: EAP entering state METHOD
06-24 16:32:59.941  1207  1207 D wpa_supplicant: SSL: Received packet(len=43) - Flags 0x00
06-24 16:32:59.941  1207  1207 D wpa_supplicant: EAP-PEAP: received 37 bytes encrypted data for Phase 2
06-24 16:32:59.941  1207  1207 D wpa_supplicant: EAP-PEAP: received Phase 2: code=1 identifier=13 length=11
06-24 16:32:59.941  1207  1207 D wpa_supplicant: EAP-PEAP: Phase 2 Request: type=33
06-24 16:32:59.941  1207  1207 I wpa_supplicant: EAP-TLV: TLV Result - Success - EAP-TLV/Phase2 Completed
06-24 16:32:59.941  1207  1207 D wpa_supplicant: SSL: 74 bytes left to be sent out (of total 74 bytes)
06-24 16:32:59.941  1207  1207 D wpa_supplicant: EAP: method process -> ignore=FALSE methodState=DONE decision=UNCOND_SUCC
06-24 16:32:59.941  1207  1207 D wpa_supplicant: EAP: EAP entering state SEND_RESPONSE
06-24 16:32:59.941  1207  1207 D wpa_supplicant: EAP: EAP entering state IDLE
06-24 16:32:59.941  1207  1207 D wpa_supplicant: EAPOL: SUPP_BE entering state RESPONSE
06-24 16:32:59.941  1207  1207 D wpa_supplicant: EAPOL: txSuppRsp
06-24 16:32:59.941  1207  1207 D wpa_supplicant: TX EAPOL: dst=00:1c:0e:27:3f:c1
06-24 16:32:59.941  1207  1207 D wpa_supplicant: EAPOL: SUPP_BE entering state RECEIVE
06-24 16:32:59.945  1207  1207 D wpa_supplicant: EAPOL: Received EAP-Packet frame
06-24 16:32:59.945  1207  1207 D wpa_supplicant: EAPOL: SUPP_BE entering state REQUEST
06-24 16:32:59.945  1207  1207 D wpa_supplicant: EAPOL: getSuppRsp
06-24 16:32:59.945  1207  1207 D wpa_supplicant: EAP: EAP entering state RECEIVED
06-24 16:32:59.945  1207  1207 D wpa_supplicant: EAP: Received EAP-Success
06-24 16:32:59.945  1207  1207 D wpa_supplicant: EAP: EAP entering state SUCCESS
06-24 16:32:59.945  1207  1207 I wpa_supplicant: wlan0: CTRL-EVENT-EAP-SUCCESS EAP authentication completed successfully
06-24 16:32:59.945  1207  1207 D wpa_supplicant: EAPOL: SUPP_BE entering state RECEIVE
06-24 16:32:59.945  1207  1207 D wpa_supplicant: EAPOL: SUPP_BE entering state SUCCESS
06-24 16:32:59.945  1207  1207 D wpa_supplicant: EAPOL: SUPP_BE entering state IDLE
06-24 16:32:59.945  1207  1207 D wpa_supplicant: EAPOL: Ignoring WPA EAPOL-Key frame in EAPOL state machines
06-24 16:32:59.945  1207  1207 D wpa_supplicant: EAPOL: Successfully fetched key (len=32)
06-24 16:32:59.945  1207  1207 D wpa_supplicant: RSN: Replace PMKSA entry for the current AP
06-24 16:32:59.945  1207  1207 D wpa_supplicant: RSN: added PMKSA cache entry for 00:1c:0e:27:3f:c1
06-24 16:32:59.961  1207  1207 D wpa_supplicant: WPA: PTK derivation - A1=78:d6:f0:71:a5:f6 A2=00:1c:0e:27:3f:c1
06-24 16:32:59.965  1207  1207 D wpa_supplicant: EAPOL: Ignoring WPA EAPOL-Key frame in EAPOL state machines
06-24 16:32:59.965  1207  1207 D wpa_supplicant: wpa_driver_wext_set_key: alg=3 key_idx=0 set_tx=1 seq_len=6 key_len=16
06-24 16:32:59.968  1207  1207 D wpa_supplicant: EAPOL: External notification - portValid=1
06-24 16:32:59.968  1207  1207 D wpa_supplicant: EAPOL: SUPP_PAE entering state AUTHENTICATED
06-24 16:32:59.968  1207  1207 D wpa_supplicant: EAPOL: Supplicant port status: Authorized
06-24 16:32:59.968  1207  1207 D wpa_supplicant: EAPOL authentication completed successfully
06-24 16:32:59.972  1207  1207 D wpa_supplicant: wpa_driver_wext_set_key: alg=2 key_idx=1 set_tx=0 seq_len=6 key_len=32
06-24 16:32:59.980  1207  1207 I wpa_supplicant: wlan0: WPA: Key negotiation completed with 00:1c:0e:27:3f:c1 [PTK=CCMP GTK=TKIP]
06-24 16:32:59.980  1207  1207 I wpa_supplicant: wlan0: CTRL-EVENT-CONNECTED - Connection to 00:1c:0e:27:3f:c1 completed (reauth) [id=0 id_str=]
06-24 16:32:59.980  1207  1207 D wpa_supplicant: wpa_driver_wext_set_operstate: operstate 0->1 (UP)
06-24 16:32:59.980  1207  1207 D wpa_supplicant: netlink: Operstate: linkmode=-1, operstate=6
06-24 16:32:59.992  1207  1207 D wpa_supplicant: EAPOL: External notification - portValid=1
06-24 16:32:59.992  1207  1207 D wpa_supplicant: RTM_NEWLINK: operstate=1 ifi_flags=0x11003 ([UP][LOWER_UP])
06-24 16:32:59.992  1207  1207 D wpa_supplicant: netlink: Operstate: linkmode=-1, operstate=6
06-24 16:32:59.992  1207  1207 D wpa_supplicant: RTM_NEWLINK, IFLA_IFNAME: Interface 'wlan0' added
06-24 16:32:59.992  1207  1207 D wpa_supplicant: Wireless event: cmd=0x8c09 len=32
06-24 16:32:59.996  1207  1207 D wpa_supplicant: PMKID candidate wireless event: flags=0x0 index=0 bssid=00:1c:0e:27:3f:c1
06-24 16:32:59.996  1207  1207 D wpa_supplicant: RSN: Ignored PMKID candidate without preauth flag
06-24 16:32:59.996  1207  1207 D wpa_supplicant: RTM_NEWLINK: operstate=1 ifi_flags=0x11043 ([UP][RUNNING][LOWER_UP])
06-24 16:32:59.996  1207  1207 D wpa_supplicant: RTM_NEWLINK, IFLA_IFNAME: Interface 'wlan0' added
06-24 16:33:00.070  1207  1207 D wpa_supplicant: wpa_driver_wext_driver_cmd BTCOEXMODE 1 len = 4096
06-24 16:33:00.211  1207  1207 D wpa_supplicant: wpa_driver_wext_driver_cmd OK len = 0, 2
06-24 16:33:00.211  1207  1207 D wpa_supplicant: wpa_driver_wext_driver_cmd GETPOWER len = 4096
06-24 16:33:00.215  1207  1207 D wpa_supplicant: wpa_driver_wext_driver_cmd powermode = 1 len = 13, 13
06-24 16:33:00.632  1207  1207 D wpa_supplicant: wpa_driver_wext_driver_cmd POWERMODE 1 len = 4096
06-24 16:33:00.648  1207  1207 D wpa_supplicant: wpa_driver_wext_driver_cmd OK len = 0, 2
06-24 16:33:00.648  1207  1207 D wpa_supplicant: wpa_driver_wext_driver_cmd BTCOEXMODE 2 len = 4096
06-24 16:33:00.648  1207  1207 D wpa_supplicant: wpa_driver_wext_driver_cmd OK len = 0, 2
06-24 16:33:00.675   142   198 D ConnectivityService: ConnectivityChange for WIFI: CONNECTED/CONNECTED
06-24 16:33:00.675   142   198 D ConnectivityService: Policy requires mobile teardown
06-24 16:33:00.726   142   198 D ConnectivityService: ConnectivityChange for mobile: DISCONNECTED/DISCONNECTED
06-24 16:33:00.734   142   193 W NetworkStats: dropping UID delta from unknown iface: iface=wlan0 uid=0 set=DEFAULT tag=0x0 rxBytes=0 rxPackets=0 txBytes=140 txPackets=2 operations=0
06-24 16:33:00.734   142   198 D ConnectivityService: Attempting to switch to WIFI
06-24 16:33:00.738   142   198 D ConnectivityService: Attempting to switch to WIMAX
06-24 16:33:00.738   142   198 D ConnectivityService: Attempting to switch to BLUETOOTH_TETHER
06-24 16:33:00.742 28095 28095 I PhoneLab-WiFiReceiver: Wi-Fi is connected!
06-24 16:33:00.746 28095 28095 I PhoneLab-WiFiReceiver: SSID: UB_Secure BSSID: 00:1c:0e:27:3f:c1 RSSI: -200 LinkSpeed: -1
06-24 16:33:00.746 28095 28095 I PhoneLab-Locks: wake lock acquired
06-24 16:33:00.750   142   198 D NetUtils: android_net_utils_resetConnections in env=0x5bb278 clazz=0xe300001 iface=rmnet0 mask=0x3
06-24 16:33:00.750   142   198 D ConnectivityService: resetConnections(rmnet0, 3)
06-24 16:33:00.789 28095 28095 I PhoneLab-UploadLogs: Transfering log files now
06-24 16:33:00.789 28095 28095 I PhoneLab-UploadLogs: No log files to transfer
06-24 16:33:00.789 28095 28095 I PhoneLab-Locks: wake lock released
06-24 16:33:00.800 28095 28095 I PhoneLab-UploadLogs: OnStartCommand
06-24 16:33:00.961   211   214 D dalvikvm: GC_CONCURRENT freed 550K, 32% free 9803K/14279K, paused 2ms+17ms
06-24 16:33:01.097   280 30377 W Smack/Packet: notify conn break (IOEx), close connection
06-24 16:33:01.148  1207  1207 D wpa_supplicant: Ignore event for foreign ifindex 2
06-24 16:33:01.187 28219 28222 D dalvikvm: GC_CONCURRENT freed 385K, 6% free 9927K/10503K, paused 14ms+2ms
06-24 16:33:01.250   280 30377 I qtaguid : Failed write_ctrl(u 72) res=-1 errno=22
06-24 16:33:01.250   280 30377 I qtaguid : Untagging socket 72 failed errno=-22
06-24 16:33:01.250   280 30377 W NetworkManagementSocketTagger: untagSocket(72) failed with errno -22
06-24 16:33:01.254 28614 30433 W System.err: javax.net.ssl.SSLException: Read error: ssl=0x61e798: I/O error during system call, Connection timed out
06-24 16:33:01.261   142   198 D ConnectivityService: handleInetConditionChange: net=0 != default=1 - ignore
06-24 16:33:01.273 28614 30433 W System.err: 	at org.apache.harmony.xnet.provider.jsse.NativeCrypto.SSL_read(Native Method)
06-24 16:33:01.273 28614 30433 W System.err: 	at org.apache.harmony.xnet.provider.jsse.OpenSSLSocketImpl$SSLInputStream.read(OpenSSLSocketImpl.java:671)
06-24 16:33:01.273 28614 30433 W System.err: 	at java.io.InputStreamReader.read(InputStreamReader.java:244)
06-24 16:33:01.277 28614 30432 W System.err: javax.net.ssl.SSLException: Write error: ssl=0x61e798: I/O error during system call, Broken pipe
06-24 16:33:01.277 28614 30432 W System.err: 	at org.apache.harmony.xnet.provider.jsse.NativeCrypto.SSL_write(Native Method)
06-24 16:33:01.277 28614 30432 W System.err: 	at org.apache.harmony.xnet.provider.jsse.OpenSSLSocketImpl$SSLOutputStream.write(OpenSSLSocketImpl.java:713)
06-24 16:33:01.277 28614 30432 W System.err: 	at java.io.OutputStreamWriter.flushBytes(OutputStreamWriter.java:167)
06-24 16:33:01.277 28614 30432 W System.err: 	at java.io.OutputStreamWriter.flush(OutputStreamWriter.java:158)
06-24 16:33:01.277 28614 30432 W System.err: 	at java.io.BufferedWriter.flush(BufferedWriter.java:124)
06-24 16:33:01.277 28614 30432 W System.err: 	at org.jivesoftware.smack.PacketWriter.writePackets(PacketWriter.java:285)
06-24 16:33:01.277 28614 30432 W System.err: 	at org.jivesoftware.smack.PacketWriter.access$12(PacketWriter.java:270)
06-24 16:33:01.281 28614 30433 W System.err: 	at 	at java.io.BufferedReader.read(BufferedReader.java:310)
06-24 16:33:01.281 28614 30433 W System.err: 	at org.jivesoftware.smack.XMPPConnection$AliveReader.read(XMPPConnection.java:1067)
06-24 16:33:01.281 28614 30433 W System.err: 	at org.kxml2.io.KXmlParser.fillBuffer(KXmlParser.java:1496)
06-24 16:33:01.281 28614 30433 W System.err: 	at org.kxml2.io.KXmlParser.peekType(KXmlParser.java:979)
06-24 16:33:01.281 28614 30433 W System.err: 	at org.kxml2.io.KXmlParser.next(KXmlParser.java:346)
06-24 16:33:01.281 28614 30433 W System.err: 	at org.kxml2.io.KXmlParser.next(KXmlParser.java:310)
06-24 16:33:01.281 28614 30433 W System.err: 	at org.jivesoftware.smack.PacketReader.parsePackets(PacketReader.java:321)
06-24 16:33:01.281 28614 30432 W System.err: 	at org.jivesoftware.smack.PacketWriter$1.run(PacketWriter.java:137)
06-24 16:33:01.289 28614 30433 W System.err: org.jivesoftware.smack.PacketReader.access$1(PacketReader.java:216)
06-24 16:33:01.293 28614 30433 W System.err: 	at org.jivesoftware.smack.PacketReader$1.run(PacketReader.java:70)
06-24 16:33:01.750   334   334 D SAN_SERVICE: *******************************************
06-24 16:33:01.750   334   334 D SAN_SERVICE: DM App Phone Service State - 0
06-24 16:33:01.750   334   334 D SAN_SERVICE: *******************************************
06-24 16:33:02.093  1207  1207 D wpa_supplicant: wpa_driver_wext_driver_cmd SETSUSPENDOPT 0 len = 4096
06-24 16:33:02.093  1207  1207 D wpa_supplicant: wpa_driver_wext_driver_cmd SETSUSPENDOPT 0 len = 0, 15
06-24 16:33:02.097  1207  1207 D wpa_supplicant: wpa_driver_wext_driver_cmd POWERMODE 0 len = 4096
06-24 16:33:02.113  1207  1207 D wpa_supplicant: wpa_driver_wext_driver_cmd OK len = 0, 2
06-24 16:33:02.211  1207  1207 D wpa_supplicant: EAPOL: startWhen --> 0
06-24 16:33:02.218 28863 28865 D dalvikvm: GC_CONCURRENT freed 508K, 6% free 10482K/11143K, paused 2ms+2ms
06-24 16:33:02.230  1207  1207 D wpa_supplicant: wpa_driver_wext_driver_cmd SETSUSPENDOPT 0 len = 4096
06-24 16:33:02.230  1207  1207 D wpa_supplicant: wpa_driver_wext_driver_cmd SETSUSPENDOPT 0 len = 0, 15
06-24 16:33:02.234  1207  1207 D wpa_supplicant: wpa_driver_wext_driver_cmd POWERMODE 0 len = 4096
06-24 16:33:02.242  1207  1207 D wpa_supplicant: wpa_driver_wext_driver_cmd OK len = 0, 2
06-24 16:33:02.363 11789 11792 D dalvikvm: GC_CONCURRENT freed 386K, 10% free 10358K/11463K, paused 2ms+2ms
06-24 16:33:02.777  1207  1207 D wpa_supplicant: RTM_NEWLINK: operstate=1 ifi_flags=0x11043 ([UP][RUNNING][LOWER_UP])
06-24 16:33:02.777  1207  1207 D wpa_supplicant: RTM_NEWLINK, IFLA_IFNAME: Interface 'wlan0' added
06-24 16:33:02.777  1207  1207 D wpa_supplicant: Wireless event: cmd=0x8c00 len=20
06-24 16:33:02.988 30207 30209 D dalvikvm: GC_CONCURRENT freed 777K, 14% free 9532K/11015K, paused 2ms+3ms
06-24 16:33:03.175  1207  1207 D wpa_supplicant: RTM_NEWLINK: operstate=1 ifi_flags=0x11043 ([UP][RUNNING][LOWER_UP])
06-24 16:33:03.175  1207  1207 D wpa_supplicant: RTM_NEWLINK, IFLA_IFNAME: Interface 'wlan0' added
06-24 16:33:03.175  1207  1207 D wpa_supplicant: Wireless event: cmd=0x8c00 len=20
06-24 16:33:03.222  1207  1207 D wpa_supplicant: RTM_NEWLINK: operstate=1 ifi_flags=0x11043 ([UP][RUNNING][LOWER_UP])
06-24 16:33:03.222  1207  1207 D wpa_supplicant: RTM_NEWLINK, IFLA_IFNAME: Interface 'wlan0' added
06-24 16:33:03.222  1207  1207 D wpa_supplicant: Wireless event: cmd=0x8c00 len=20
06-24 16:33:03.757   142   202 D Tethering: MasterInitialState.processMessage what=3
06-24 16:33:03.785  1207  1207 D wpa_supplicant: RTM_NEWLINK: operstate=1 ifi_flags=0x11043 ([UP][RUNNING][LOWER_UP])
06-24 16:33:03.785  1207  1207 D wpa_supplicant: RTM_NEWLINK, IFLA_IFNAME: Interface 'wlan0' added
06-24 16:33:03.785  1207  1207 D wpa_supplicant: Wireless event: cmd=0x8c00 len=20
06-24 16:33:03.797   142   202 D Tethering: MasterInitialState.processMessage what=3
06-24 16:33:03.800   142   202 D Tethering: MasterInitialState.processMessage what=3
06-24 16:33:03.812   280   280 I GTalkService/c: [AndroidEndpoint@1094506296] connect: acct=1000000, state=CONNECTING
06-24 16:33:03.836  1207  1207 D wpa_supplicant: RTM_NEWLINK: operstate=1 ifi_flags=0x11043 ([UP][RUNNING][LOWER_UP])
06-24 16:33:03.836  1207  1207 D wpa_supplicant: RTM_NEWLINK, IFLA_IFNAME: Interface 'wlan0' added
06-24 16:33:03.836  1207  1207 D wpa_supplicant: Wireless event: cmd=0x8c00 len=20
06-24 16:33:03.859   280   280 D dalvikvm: GC_EXPLICIT freed 277K, 7% free 10853K/11655K, paused 8ms+5ms
06-24 16:33:03.867   280   280 I GTalkService/c: [GTalkConnection@1093828680] connect: acct=1, state=CONNECTING
06-24 16:33:03.879  1207  1207 D wpa_supplicant: RTM_NEWLINK: operstate=1 ifi_flags=0x11043 ([UP][RUNNING][LOWER_UP])
06-24 16:33:03.879  1207  1207 D wpa_supplicant: RTM_NEWLINK, IFLA_IFNAME: Interface 'wlan0' added
06-24 16:33:03.879  1207  1207 D wpa_supplicant: Wireless event: cmd=0x8c00 len=20
06-24 16:33:03.906 28799 28799 I MediaUploader: No need to wake up
06-24 16:33:03.914  1207  1207 D wpa_supplicant: RTM_NEWLINK: operstate=1 ifi_flags=0x11043 ([UP][RUNNING][LOWER_UP])
06-24 16:33:03.914  1207  1207 D wpa_supplicant: RTM_NEWLINK, IFLA_IFNAME: Interface 'wlan0' added
06-24 16:33:03.914  1207  1207 D wpa_supplicant: Wireless event: cmd=0x8c00 len=20
06-24 16:33:03.961 28799 28799 I MediaUploader: No need to wake up
06-24 16:33:03.972 28020 28828 D PicasaSyncManager: active network: NetworkInfo: type: WIFI[], state: CONNECTED/CONNECTED, reason: (unspecified), extra: (none), roaming: false, failover: false, isAvailable: true
06-24 16:33:03.972 28020 28828 D PicasaSyncManager: background data: true
06-24 16:33:04.125   142   144 D dalvikvm: GC_CONCURRENT freed 1544K, 18% free 16166K/19591K, paused 3ms+8ms
06-24 16:33:04.164 28799 28799 I MediaUploader: No need to wake up
06-24 16:33:04.238 28020 28828 D PicasaSyncManager: active network: NetworkInfo: type: WIFI[], state: CONNECTED/CONNECTED, reason: (unspecified), extra: (none), roaming: false, failover: false, isAvailable: true
06-24 16:33:04.238 28020 28828 D PicasaSyncManager: background data: true
06-24 16:33:04.715  1207  1207 D wpa_supplicant: RTM_NEWLINK: operstate=1 ifi_flags=0x11043 ([UP][RUNNING][LOWER_UP])
06-24 16:33:04.715  1207  1207 D wpa_supplicant: RTM_NEWLINK, IFLA_IFNAME: Interface 'wlan0' added
06-24 16:33:04.715  1207  1207 D wpa_supplicant: Wireless event: cmd=0x8c00 len=20
06-24 16:33:04.730 28614 28615 D dalvikvm: GC_CONCURRENT freed 449K, 7% free 10756K/11527K, paused 1ms+2ms
06-24 16:33:05.097  1207  1207 D wpa_supplicant: RTM_NEWLINK: operstate=1 ifi_flags=0x11043 ([UP][RUNNING][LOWER_UP])
06-24 16:33:05.097  1207  1207 D wpa_supplicant: RTM_NEWLINK, IFLA_IFNAME: Interface 'wlan0' added
06-24 16:33:05.097  1207  1207 D wpa_supplicant: Wireless event: cmd=0x8c00 len=20
06-24 16:33:05.308  1207  1207 D wpa_supplicant: RTM_NEWLINK: operstate=1 ifi_flags=0x11043 ([UP][RUNNING][LOWER_UP])
06-24 16:33:05.308  1207  1207 D wpa_supplicant: RTM_NEWLINK, IFLA_IFNAME: Interface 'wlan0' added
06-24 16:33:05.308  1207  1207 D wpa_supplicant: Wireless event: cmd=0x8c00 len=20
06-24 16:33:05.558  1207  1207 D wpa_supplicant: RTM_NEWLINK: operstate=1 ifi_flags=0x11043 ([UP][RUNNING][LOWER_UP])
06-24 16:33:05.558  1207  1207 D wpa_supplicant: RTM_NEWLINK, IFLA_IFNAME: Interface 'wlan0' added
06-24 16:33:05.558  1207  1207 D wpa_supplicant: Wireless event: cmd=0x8c00 len=20
06-24 16:33:05.590  1207  1207 D wpa_supplicant: RTM_NEWLINK: operstate=1 ifi_flags=0x11043 ([UP][RUNNING][LOWER_UP])
06-24 16:33:05.590  1207  1207 D wpa_supplicant: RTM_NEWLINK, IFLA_IFNAME: Interface 'wlan0' added
06-24 16:33:05.590  1207  1207 D wpa_supplicant: Wireless event: cmd=0x8c00 len=20
06-24 16:33:05.703  1207  1207 D wpa_supplicant: RTM_NEWLINK: operstate=1 ifi_flags=0x11043 ([UP][RUNNING][LOWER_UP])
06-24 16:33:05.703  1207  1207 D wpa_supplicant: RTM_NEWLINK, IFLA_IFNAME: Interface 'wlan0' added
06-24 16:33:05.703  1207  1207 D wpa_supplicant: Wireless event: cmd=0x8c00 len=20
06-24 16:33:05.847  1207  1207 D wpa_supplicant: RTM_NEWLINK: operstate=1 ifi_flags=0x11043 ([UP][RUNNING][LOWER_UP])
06-24 16:33:05.847  1207  1207 D wpa_supplicant: RTM_NEWLINK, IFLA_IFNAME: Interface 'wlan0' added
06-24 16:33:05.847  1207  1207 D wpa_supplicant: Wireless event: cmd=0x8c00 len=20
06-24 16:33:06.039  1207  1207 D wpa_supplicant: RTM_NEWLINK: operstate=1 ifi_flags=0x11043 ([UP][RUNNING][LOWER_UP])
06-24 16:33:06.039  1207  1207 D wpa_supplicant: RTM_NEWLINK, IFLA_IFNAME: Interface 'wlan0' added
06-24 16:33:06.039  1207  1207 D wpa_supplicant: Wireless event: cmd=0x8c00 len=20
06-24 16:33:06.078   142   198 D ConnectivityService: handleInetConditionHoldEnd: net=1, condition=100, published condition=0
06-24 16:33:06.277  1207  1207 D wpa_supplicant: RTM_NEWLINK: operstate=1 ifi_flags=0x11043 ([UP][RUNNING][LOWER_UP])
06-24 16:33:06.277  1207  1207 D wpa_supplicant: RTM_NEWLINK, IFLA_IFNAME: Interface 'wlan0' added
06-24 16:33:06.277  1207  1207 D wpa_supplicant: Wireless event: cmd=0x8c00 len=20
06-24 16:33:06.297   334   336 D dalvikvm: GC_CONCURRENT freed 443K, 6% free 9495K/10055K, paused 29ms+3ms
06-24 16:33:06.312  1207  1207 D wpa_supplicant: RTM_NEWLINK: operstate=1 ifi_flags=0x11043 ([UP][RUNNING][LOWER_UP])
06-24 16:33:06.312  1207  1207 D wpa_supplicant: RTM_NEWLINK, IFLA_IFNAME: Interface 'wlan0' added
06-24 16:33:06.312  1207  1207 D wpa_supplicant: Wireless event: cmd=0x8c00 len=20
06-24 16:33:06.539  1207  1207 D wpa_supplicant: RTM_NEWLINK: operstate=1 ifi_flags=0x11043 ([UP][RUNNING][LOWER_UP])
06-24 16:33:06.539  1207  1207 D wpa_supplicant: RTM_NEWLINK, IFLA_IFNAME: Interface 'wlan0' added
06-24 16:33:06.539  1207  1207 D wpa_supplicant: Wireless event: cmd=0x8c00 len=20
06-24 16:33:06.593  1207  1207 D wpa_supplicant: RTM_NEWLINK: operstate=1 ifi_flags=0x11043 ([UP][RUNNING][LOWER_UP])
06-24 16:33:06.593  1207  1207 D wpa_supplicant: RTM_NEWLINK, IFLA_IFNAME: Interface 'wlan0' added
06-24 16:33:06.593  1207  1207 D wpa_supplicant: Wireless event: cmd=0x8c00 len=20
06-24 16:33:06.636  1207  1207 D wpa_supplicant: RTM_NEWLINK: operstate=1 ifi_flags=0x11043 ([UP][RUNNING][LOWER_UP])
06-24 16:33:06.636  1207  1207 D wpa_supplicant: RTM_NEWLINK, IFLA_IFNAME: Interface 'wlan0' added
06-24 16:33:06.636  1207  1207 D wpa_supplicant: Wireless event: cmd=0x8c00 len=20
06-24 16:33:06.675  1207  1207 D wpa_supplicant: RTM_NEWLINK: operstate=1 ifi_flags=0x11043 ([UP][RUNNING][LOWER_UP])
06-24 16:33:06.675  1207  1207 D wpa_supplicant: RTM_NEWLINK, IFLA_IFNAME: Interface 'wlan0' added
06-24 16:33:06.675  1207  1207 D wpa_supplicant: Wireless event: cmd=0x8c00 len=20
06-24 16:33:06.722  1207  1207 D wpa_supplicant: RTM_NEWLINK: operstate=1 ifi_flags=0x11043 ([UP][RUNNING][LOWER_UP])
06-24 16:33:06.722  1207  1207 D wpa_supplicant: RTM_NEWLINK, IFLA_IFNAME: Interface 'wlan0' added
06-24 16:33:06.722  1207  1207 D wpa_supplicant: Wireless event: cmd=0x8c00 len=20
06-24 16:33:06.754  1207  1207 D wpa_supplicant: RTM_NEWLINK: operstate=1 ifi_flags=0x11043 ([UP][RUNNING][LOWER_UP])
06-24 16:33:06.754  1207  1207 D wpa_supplicant: RTM_NEWLINK, IFLA_IFNAME: Interface 'wlan0' added
06-24 16:33:06.754  1207  1207 D wpa_supplicant: Wireless event: cmd=0x8c00 len=20
06-24 16:33:06.804  1207  1207 D wpa_supplicant: RTM_NEWLINK: operstate=1 ifi_flags=0x11043 ([UP][RUNNING][LOWER_UP])
06-24 16:33:06.804  1207  1207 D wpa_supplicant: RTM_NEWLINK, IFLA_IFNAME: Interface 'wlan0' added
06-24 16:33:06.804  1207  1207 D wpa_supplicant: Wireless event: cmd=0x8c00 len=20
06-24 16:33:06.882  1207  1207 D wpa_supplicant: RTM_NEWLINK: operstate=1 ifi_flags=0x11043 ([UP][RUNNING][LOWER_UP])
06-24 16:33:06.882  1207  1207 D wpa_supplicant: RTM_NEWLINK, IFLA_IFNAME: Interface 'wlan0' added
06-24 16:33:06.882  1207  1207 D wpa_supplicant: Wireless event: cmd=0x8c00 len=20
06-24 16:33:06.933  1207  1207 D wpa_supplicant: RTM_NEWLINK: operstate=1 ifi_flags=0x11043 ([UP][RUNNING][LOWER_UP])
06-24 16:33:06.933  1207  1207 D wpa_supplicant: RTM_NEWLINK, IFLA_IFNAME: Interface 'wlan0' added
06-24 16:33:06.933  1207  1207 D wpa_supplicant: Wireless event: cmd=0x8c00 len=20
06-24 16:33:06.972  1207  1207 D wpa_supplicant: RTM_NEWLINK: operstate=1 ifi_flags=0x11043 ([UP][RUNNING][LOWER_UP])
06-24 16:33:06.972  1207  1207 D wpa_supplicant: RTM_NEWLINK, IFLA_IFNAME: Interface 'wlan0' added
06-24 16:33:06.972  1207  1207 D wpa_supplicant: Wireless event: cmd=0x8c00 len=20
06-24 16:33:07.136 30207 30209 D dalvikvm: GC_CONCURRENT freed 345K, 13% free 9587K/11015K, paused 2ms+3ms
06-24 16:33:07.218  1207  1207 D wpa_supplicant: RTM_NEWLINK: operstate=1 ifi_flags=0x11043 ([UP][RUNNING][LOWER_UP])
06-24 16:33:07.218  1207  1207 D wpa_supplicant: RTM_NEWLINK, IFLA_IFNAME: Interface 'wlan0' added
06-24 16:33:07.218  1207  1207 D wpa_supplicant: Wireless event: cmd=0x8c00 len=20
06-24 16:33:07.293  1207  1207 D wpa_supplicant: RTM_NEWLINK: operstate=1 ifi_flags=0x11043 ([UP][RUNNING][LOWER_UP])
06-24 16:33:07.297  1207  1207 D wpa_supplicant: RTM_NEWLINK, IFLA_IFNAME: Interface 'wlan0' added
06-24 16:33:07.297  1207  1207 D wpa_supplicant: Wireless event: cmd=0x8c00 len=20
06-24 16:33:07.765  1207  1207 D wpa_supplicant: RTM_NEWLINK: operstate=1 ifi_flags=0x11043 ([UP][RUNNING][LOWER_UP])
06-24 16:33:07.765  1207  1207 D wpa_supplicant: RTM_NEWLINK, IFLA_IFNAME: Interface 'wlan0' added
06-24 16:33:07.765  1207  1207 D wpa_supplicant: Wireless event: cmd=0x8c00 len=20
06-24 16:33:07.922  1207  1207 D wpa_supplicant: RTM_NEWLINK: operstate=1 ifi_flags=0x11043 ([UP][RUNNING][LOWER_UP])
06-24 16:33:07.922  1207  1207 D wpa_supplicant: RTM_NEWLINK, IFLA_IFNAME: Interface 'wlan0' added
06-24 16:33:07.922  1207  1207 D wpa_supplicant: Wireless event: cmd=0x8c00 len=20
06-24 16:33:08.097  1207  1207 D wpa_supplicant: RTM_NEWLINK: operstate=1 ifi_flags=0x11043 ([UP][RUNNING][LOWER_UP])
06-24 16:33:08.097  1207  1207 D wpa_supplicant: RTM_NEWLINK, IFLA_IFNAME: Interface 'wlan0' added
06-24 16:33:08.097  1207  1207 D wpa_supplicant: Wireless event: cmd=0x8c00 len=20
06-24 16:33:08.468 30207 30209 D dalvikvm: GC_CONCURRENT freed 490K, 14% free 9575K/11015K, paused 1ms+6ms
06-24 16:33:09.195  1207  1207 D wpa_supplicant: RTM_NEWLINK: operstate=1 ifi_flags=0x11043 ([UP][RUNNING][LOWER_UP])
06-24 16:33:09.195  1207  1207 D wpa_supplicant: RTM_NEWLINK, IFLA_IFNAME: Interface 'wlan0' added
06-24 16:33:09.195  1207  1207 D wpa_supplicant: Wireless event: cmd=0x8c00 len=20
06-24 16:33:09.476   280   282 D dalvikvm: GC_CONCURRENT freed 465K, 7% free 10882K/11655K, paused 2ms+5ms
06-24 16:33:09.808   142   970 D dalvikvm: GC_EXPLICIT freed 592K, 19% free 16024K/19591K, paused 23ms+6ms
06-24 16:33:14.183  8230  8232 D dalvikvm: GC_CONCURRENT freed 938K, 18% free 11997K/14471K, paused 7ms+3ms
06-24 16:33:16.304  8230  8232 D dalvikvm: GC_CONCURRENT freed 903K, 17% free 12037K/14471K, paused 4ms+4ms
06-24 16:33:17.375 28614 30497 W System.err: java.lang.InterruptedException
06-24 16:33:17.379 28614 30497 W System.err: 	at java.util.concurrent.locks.AbstractQueuedSynchronizer.acquireInterruptibly(AbstractQueuedSynchronizer.java:1198)
06-24 16:33:17.379 28614 30497 W System.err: 	at java.util.concurrent.locks.ReentrantLock.lockInterruptibly(ReentrantLock.java:311)
06-24 16:33:17.382 28614 30497 W System.err: 	at java.util.concurrent.LinkedBlockingQueue.put(LinkedBlockingQueue.java:309)
06-24 16:33:17.382 28614 30497 W System.err: 	at org.jivesoftware.smack.PacketWriter.sendPacket(PacketWriter.java:156)
06-24 16:33:17.386 28614 30497 W System.err: 	at org.jivesoftware.smack.XMPPConnection.shutdown(XMPPConnection.java:410)
06-24 16:33:17.386 28614 30497 W System.err: 	at org.jivesoftware.smack.XMPPConnection.disconnect(XMPPConnection.java:465)
06-24 16:33:17.386 28614 30497 W System.err: 	at org.jivesoftware.smack.Connection.disconnect(Connection.java:476)
06-24 16:33:17.390 28614 30497 W System.err: 	at com.xabber.android.data.connection.ConnectionThread.authorization(ConnectionThread.java:243)
06-24 16:33:17.390 28614 30497 W System.err: 	at com.xabber.android.data.connection.ConnectionThread.access$5(ConnectionThread.java:207)
06-24 16:33:17.390 28614 30497 W System.err: 	at com.xabber.android.data.connection.ConnectionThread$7.run(ConnectionThread.java:197)
06-24 16:33:17.390 28614 30497 W System.err: 	at com.xabber.android.data.connection.ConnectionThread$13.run(ConnectionThread.java:362)
