06-22 07:00:43.202  2869  2869 D wpa_supplicant: wpa_driver_wext_driver_cmd powermode = 0 len = 13, 13
06-22 07:00:43.202  2869  2869 D wpa_supplicant: wpa_driver_wext_driver_cmd POWERMODE 1 len = 4096
06-22 07:00:43.217  2869  2869 D wpa_supplicant: wpa_driver_wext_driver_cmd OK len = 0, 2
06-22 07:00:43.831  2869  2869 D wpa_supplicant: wpa_driver_wext_driver_cmd POWERMODE 0 len = 4096
06-22 07:00:43.842  2869  2869 D wpa_supplicant: wpa_driver_wext_driver_cmd OK len = 0, 2
06-22 07:00:43.842  2869  2869 D wpa_supplicant: wpa_driver_wext_driver_cmd BTCOEXMODE 2 len = 4096
06-22 07:00:43.846  2869  2869 D wpa_supplicant: wpa_driver_wext_driver_cmd OK len = 0, 2
06-22 07:00:43.850  2360  2414 D DhcpInfoInternal: makeLinkProperties with empty dns2!
06-22 07:00:43.850  2360  2414 D DhcpInfoInternal: makeLinkProperties with empty dns2!
06-22 07:01:03.284  2869  2869 D wpa_supplicant: wpa_driver_wext_driver_cmd SETSUSPENDOPT 0 len = 4096
06-22 07:01:03.284  2869  2869 D wpa_supplicant: wpa_driver_wext_driver_cmd SETSUSPENDOPT 0 len = 0, 15
06-22 07:01:03.284  2869  2869 D wpa_supplicant: wpa_driver_wext_driver_cmd POWERMODE 0 len = 4096
06-22 07:01:03.296  2869  2869 D wpa_supplicant: wpa_driver_wext_driver_cmd OK len = 0, 2
06-22 07:01:03.296  2869  2869 D wpa_supplicant: WPS: Building WPS IE for Probe Request
06-22 07:01:03.296  2869  2869 D wpa_supplicant: WPS:  * Version (hardcoded 0x10)
06-22 07:01:03.296  2869  2869 D wpa_supplicant: WPS:  * Request Type
06-22 07:01:03.296  2869  2869 D wpa_supplicant: WPS:  * Config Methods (2388)
06-22 07:01:03.296  2869  2869 D wpa_supplicant: WPS:  * UUID-E
06-22 07:01:03.296  2869  2869 D wpa_supplicant: WPS:  * Primary Device Type
06-22 07:01:03.296  2869  2869 D wpa_supplicant: WPS:  * RF Bands (3)
06-22 07:01:03.296  2869  2869 D wpa_supplicant: WPS:  * Association State
06-22 07:01:03.296  2869  2869 D wpa_supplicant: WPS:  * Configuration Error (0)
06-22 07:01:03.296  2869  2869 D wpa_supplicant: WPS:  * Device Password ID (0)
06-22 07:01:03.296  2869  2869 D wpa_supplicant: WPS:  * Manufacturer
06-22 07:01:03.296  2869  2869 D wpa_supplicant: WPS:  * Model Name
06-22 07:01:03.296  2869  2869 D wpa_supplicant: WPS:  * Model Number
06-22 07:01:03.296  2869  2869 D wpa_supplicant: WPS:  * Device Name
06-22 07:01:03.296  2869  2869 D wpa_supplicant: WPS:  * Version2 (0x20)
06-22 07:01:03.296  2869  2869 D wpa_supplicant: wpa_driver_wext_combo_scan: Start
06-22 07:01:03.296  2869  2869 D wpa_supplicant: For Scan: (null)
06-22 07:01:03.296  2869  2869 D wpa_supplicant: Scan requested (ret=0) - scan timeout 30 seconds
06-22 07:01:04.456  2869  2869 D wpa_supplicant: RTM_NEWLINK: operstate=1 ifi_flags=0x11043 ([UP][RUNNING][LOWER_UP])
06-22 07:01:04.456  2869  2869 D wpa_supplicant: RTM_NEWLINK, IFLA_IFNAME: Interface 'wlan0' added
06-22 07:01:04.456  2869  2869 D wpa_supplicant: Wireless event: cmd=0x8b19 len=8
06-22 07:01:04.456  2869  2869 D wpa_supplicant: Received 1343 bytes of scan results (6 BSSes)
06-22 07:01:04.569  2869  2869 D wpa_supplicant: wpa_driver_wext_driver_cmd SETSUSPENDOPT 0 len = 4096
06-22 07:01:04.569  2869  2869 D wpa_supplicant: wpa_driver_wext_driver_cmd SETSUSPENDOPT 0 len = 0, 15
06-22 07:01:04.573  2869  2869 D wpa_supplicant: wpa_driver_wext_driver_cmd POWERMODE 0 len = 4096
06-22 07:01:04.581  2869  2869 D wpa_supplicant: wpa_driver_wext_driver_cmd OK len = 0, 2
06-22 07:01:39.323  2539  2539 D SAN_SERVICE: *******************************************
06-22 07:01:39.323  2539  2539 D SAN_SERVICE: DM App Phone Service State - 0
06-22 07:01:39.323  2539  2539 D SAN_SERVICE: *******************************************
06-22 07:01:53.030  2539  2539 D SAN_SERVICE: *******************************************
06-22 07:01:53.030  2539  2539 D SAN_SERVICE: DM App Phone Service State - 0
06-22 07:01:53.030  2539  2539 D SAN_SERVICE: *******************************************
06-22 07:01:53.276  2539  2539 D SAN_SERVICE: *******************************************
06-22 07:01:53.276  2539  2539 D SAN_SERVICE: DM App Phone Service State - 0
06-22 07:01:53.276  2539  2539 D SAN_SERVICE: *******************************************
06-22 07:01:53.776  2539  2539 D SAN_SERVICE: *******************************************
06-22 07:01:53.776  2539  2539 D SAN_SERVICE: DM App Phone Service State - 0
06-22 07:01:53.776  2539  2539 D SAN_SERVICE: *******************************************
06-22 07:02:00.147  2429  2431 D dalvikvm: GC_CONCURRENT freed 399K, 55% free 10340K/22791K, paused 11ms+4ms
06-22 07:02:03.319  2869  2869 D wpa_supplicant: wpa_driver_wext_driver_cmd SETSUSPENDOPT 0 len = 4096
06-22 07:02:03.319  2869  2869 D wpa_supplicant: wpa_driver_wext_driver_cmd SETSUSPENDOPT 0 len = 0, 15
06-22 07:02:03.327  2869  2869 D wpa_supplicant: wpa_driver_wext_driver_cmd POWERMODE 0 len = 4096
06-22 07:02:03.346  2869  2869 D wpa_supplicant: wpa_driver_wext_driver_cmd OK len = 0, 2
06-22 07:02:03.346  2869  2869 D wpa_supplicant: WPS: Building WPS IE for Probe Request
06-22 07:02:03.346  2869  2869 D wpa_supplicant: WPS:  * Version (hardcoded 0x10)
06-22 07:02:03.346  2869  2869 D wpa_supplicant: WPS:  * Request Type
06-22 07:02:03.346  2869  2869 D wpa_supplicant: WPS:  * Config Methods (2388)
06-22 07:02:03.346  2869  2869 D wpa_supplicant: WPS:  * UUID-E
06-22 07:02:03.346  2869  2869 D wpa_supplicant: WPS:  * Primary Device Type
06-22 07:02:03.346  2869  2869 D wpa_supplicant: WPS:  * RF Bands (3)
06-22 07:02:03.346  2869  2869 D wpa_supplicant: WPS:  * Association State
06-22 07:02:03.346  2869  2869 D wpa_supplicant: WPS:  * Configuration Error (0)
06-22 07:02:03.346  2869  2869 D wpa_supplicant: WPS:  * Device Password ID (0)
06-22 07:02:03.346  2869  2869 D wpa_supplicant: WPS:  * Manufacturer
06-22 07:02:03.346  2869  2869 D wpa_supplicant: WPS:  * Model Name
06-22 07:02:03.346  2869  2869 D wpa_supplicant: WPS:  * Model Number
06-22 07:02:03.346  2869  2869 D wpa_supplicant: WPS:  * Device Name
06-22 07:02:03.346  2869  2869 D wpa_supplicant: WPS:  * Version2 (0x20)
06-22 07:02:03.346  2869  2869 D wpa_supplicant: wpa_driver_wext_combo_scan: Start
06-22 07:02:03.346  2869  2869 D wpa_supplicant: For Scan: (null)
06-22 07:02:03.346  2869  2869 D wpa_supplicant: Scan requested (ret=0) - scan timeout 30 seconds
06-22 07:02:04.510  2869  2869 D wpa_supplicant: RTM_NEWLINK: operstate=1 ifi_flags=0x11043 ([UP][RUNNING][LOWER_UP])
06-22 07:02:04.510  2869  2869 D wpa_supplicant: RTM_NEWLINK, IFLA_IFNAME: Interface 'wlan0' added
06-22 07:02:04.510  2869  2869 D wpa_supplicant: Wireless event: cmd=0x8b19 len=8
06-22 07:02:04.510  2869  2869 D wpa_supplicant: Received 993 bytes of scan results (4 BSSes)
06-22 07:02:04.678  2869  2869 D wpa_supplicant: wpa_driver_wext_driver_cmd SETSUSPENDOPT 0 len = 4096
06-22 07:02:04.678  2869  2869 D wpa_supplicant: wpa_driver_wext_driver_cmd SETSUSPENDOPT 0 len = 0, 15
06-22 07:02:04.682  2869  2869 D wpa_supplicant: wpa_driver_wext_driver_cmd POWERMODE 0 len = 4096
06-22 07:02:04.682  2869  2869 D wpa_supplicant: wpa_driver_wext_driver_cmd OK len = 0, 2
06-22 07:02:04.721 32019 32020 D dalvikvm: GC_CONCURRENT freed 496K, 8% free 10340K/11207K, paused 1ms+6ms
06-22 07:02:04.776 24487 24490 D dalvikvm: GC_CONCURRENT freed 517K, 8% free 10332K/11207K, paused 2ms+3ms
06-22 07:02:34.483 28393 28406 I PhoneLab-: Service Running
06-22 07:02:34.573 28393 28406 I PhoneLab-LoggerService: app_37    3205  1     2360   1920  c00f181c 400107b4 S logcat
06-22 07:02:34.573 28393 28406 I PhoneLab-LoggerService: Logcat pid from database 3205
06-22 07:02:34.573 28393 28406 I PhoneLab-LoggerService: Logcat process found 3205
06-22 07:02:34.573 28393 28406 I PhoneLab-LoggerService: Checking Threshold
06-22 07:02:49.350  2539  2539 D SAN_SERVICE: *******************************************
06-22 07:02:49.350  2539  2539 D SAN_SERVICE: DM App Phone Service State - 0
06-22 07:02:49.350  2539  2539 D SAN_SERVICE: *******************************************
06-22 07:02:49.823  2539  2539 D SAN_SERVICE: *******************************************
06-22 07:02:49.823  2539  2539 D SAN_SERVICE: DM App Phone Service State - 0
06-22 07:02:49.823  2539  2539 D SAN_SERVICE: *******************************************
06-22 07:03:01.233  2539  2539 D SAN_SERVICE: *******************************************
06-22 07:03:01.233  2539  2539 D SAN_SERVICE: DM App Phone Service State - 0
06-22 07:03:01.233  2539  2539 D SAN_SERVICE: *******************************************
06-22 07:03:02.034  2539  2539 D SAN_SERVICE: *******************************************
06-22 07:03:02.034  2539  2539 D SAN_SERVICE: DM App Phone Service State - 0
06-22 07:03:02.034  2539  2539 D SAN_SERVICE: *******************************************
06-22 07:03:03.382  2869  2869 D wpa_supplicant: wpa_driver_wext_driver_cmd SETSUSPENDOPT 0 len = 4096
06-22 07:03:03.382  2869  2869 D wpa_supplicant: wpa_driver_wext_driver_cmd SETSUSPENDOPT 0 len = 0, 15
06-22 07:03:03.385  2869  2869 D wpa_supplicant: wpa_driver_wext_driver_cmd POWERMODE 0 len = 4096
06-22 07:03:03.417  2869  2869 D wpa_supplicant: wpa_driver_wext_driver_cmd OK len = 0, 2
06-22 07:03:03.417  2869  2869 D wpa_supplicant: WPS: Building WPS IE for Probe Request
06-22 07:03:03.417  2869  2869 D wpa_supplicant: WPS:  * Version (hardcoded 0x10)
06-22 07:03:03.417  2869  2869 D wpa_supplicant: WPS:  * Request Type
06-22 07:03:03.417  2869  2869 D wpa_supplicant: WPS:  * Config Methods (2388)
06-22 07:03:03.417  2869  2869 D wpa_supplicant: WPS:  * UUID-E
06-22 07:03:03.417  2869  2869 D wpa_supplicant: WPS:  * Primary Device Type
06-22 07:03:03.417  2869  2869 D wpa_supplicant: WPS:  * RF Bands (3)
06-22 07:03:03.417  2869  2869 D wpa_supplicant: WPS:  * Association State
06-22 07:03:03.417  2869  2869 D wpa_supplicant: WPS:  * Configuration Error (0)
06-22 07:03:03.417  2869  2869 D wpa_supplicant: WPS:  * Device Password ID (0)
06-22 07:03:03.417  2869  2869 D wpa_supplicant: WPS:  * Manufacturer
06-22 07:03:03.417  2869  2869 D wpa_supplicant: WPS:  * Model Name
06-22 07:03:03.417  2869  2869 D wpa_supplicant: WPS:  * Model Number
06-22 07:03:03.417  2869  2869 D wpa_supplicant: WPS:  * Device Name
06-22 07:03:03.417  2869  2869 D wpa_supplicant: WPS:  * Version2 (0x20)
06-22 07:03:03.417  2869  2869 D wpa_supplicant: wpa_driver_wext_combo_scan: Start
06-22 07:03:03.417  2869  2869 D wpa_supplicant: For Scan: (null)
06-22 07:03:03.425  2869  2869 D wpa_supplicant: Scan requested (ret=0) - scan timeout 30 seconds
06-22 07:03:04.589  2869  2869 D wpa_supplicant: RTM_NEWLINK: operstate=1 ifi_flags=0x11043 ([UP][RUNNING][LOWER_UP])
06-22 07:03:04.589  2869  2869 D wpa_supplicant: RTM_NEWLINK, IFLA_IFNAME: Interface 'wlan0' added
06-22 07:03:04.589  2869  2869 D wpa_supplicant: Wireless event: cmd=0x8b19 len=8
06-22 07:03:04.589  2869  2869 D wpa_supplicant: Received 1171 bytes of scan results (5 BSSes)
06-22 07:03:04.717  2869  2869 D wpa_supplicant: wpa_driver_wext_driver_cmd SETSUSPENDOPT 0 len = 4096
06-22 07:03:04.717  2869  2869 D wpa_supplicant: wpa_driver_wext_driver_cmd SETSUSPENDOPT 0 len = 0, 15
06-22 07:03:04.721  2869  2869 D wpa_supplicant: wpa_driver_wext_driver_cmd POWERMODE 0 len = 4096
06-22 07:03:04.729  2869  2869 D wpa_supplicant: wpa_driver_wext_driver_cmd OK len = 0, 2
06-22 07:03:07.839  2869  2869 D wpa_supplicant: wpa_driver_wext_driver_cmd BTCOEXMODE 1 len = 4096
06-22 07:03:08.069  2869  2869 D wpa_supplicant: wpa_driver_wext_driver_cmd OK len = 0, 2
06-22 07:03:08.069  2869  2869 D wpa_supplicant: wpa_driver_wext_driver_cmd GETPOWER len = 4096
06-22 07:03:08.077  2869  2869 D wpa_supplicant: wpa_driver_wext_driver_cmd powermode = 0 len = 13, 13
06-22 07:03:08.077  2869  2869 D wpa_supplicant: wpa_driver_wext_driver_cmd POWERMODE 1 len = 4096
06-22 07:03:08.092  2869  2869 D wpa_supplicant: wpa_driver_wext_driver_cmd OK len = 0, 2
06-22 07:03:08.702  2869  2869 D wpa_supplicant: wpa_driver_wext_driver_cmd POWERMODE 0 len = 4096
06-22 07:03:08.714  2869  2869 D wpa_supplicant: wpa_driver_wext_driver_cmd OK len = 0, 2
06-22 07:03:08.717  2869  2869 D wpa_supplicant: wpa_driver_wext_driver_cmd BTCOEXMODE 2 len = 4096
06-22 07:03:08.717  2869  2869 D wpa_supplicant: wpa_driver_wext_driver_cmd OK len = 0, 2
06-22 07:03:08.721  2360  2414 D DhcpInfoInternal: makeLinkProperties with empty dns2!
06-22 07:03:08.725  2360  2414 D DhcpInfoInternal: makeLinkProperties with empty dns2!
06-22 07:03:14.960  2539  2539 D SAN_SERVICE: *******************************************
06-22 07:03:14.960  2539  2539 D SAN_SERVICE: DM App Phone Service State - 0
06-22 07:03:14.960  2539  2539 D SAN_SERVICE: *******************************************
06-22 07:03:15.690  2539  2539 D SAN_SERVICE: *******************************************
06-22 07:03:15.690  2539  2539 D SAN_SERVICE: DM App Phone Service State - 0
06-22 07:03:15.690  2539  2539 D SAN_SERVICE: *******************************************
06-22 07:03:22.374  2360  2371 D dalvikvm: GC_EXPLICIT freed 1550K, 22% free 17269K/22023K, paused 9ms+10ms
06-22 07:03:22.456 26963 26965 D dalvikvm: GC_CONCURRENT freed 778K, 17% free 11833K/14215K, paused 6ms+3ms
06-22 07:04:03.452  2869  2869 D wpa_supplicant: wpa_driver_wext_driver_cmd SETSUSPENDOPT 0 len = 4096
06-22 07:04:03.452  2869  2869 D wpa_supplicant: wpa_driver_wext_driver_cmd SETSUSPENDOPT 0 len = 0, 15
06-22 07:04:03.456  2869  2869 D wpa_supplicant: wpa_driver_wext_driver_cmd POWERMODE 0 len = 4096
06-22 07:04:03.475  2869  2869 D wpa_supplicant: wpa_driver_wext_driver_cmd OK len = 0, 2
06-22 07:04:03.479  2869  2869 D wpa_supplicant: WPS: Building WPS IE for Probe Request
06-22 07:04:03.479  2869  2869 D wpa_supplicant: WPS:  * Version (hardcoded 0x10)
06-22 07:04:03.479  2869  2869 D wpa_supplicant: WPS:  * Request Type
06-22 07:04:03.479  2869  2869 D wpa_supplicant: WPS:  * Config Methods (2388)
06-22 07:04:03.479  2869  2869 D wpa_supplicant: WPS:  * UUID-E
06-22 07:04:03.479  2869  2869 D wpa_supplicant: WPS:  * Primary Device Type
06-22 07:04:03.479  2869  2869 D wpa_supplicant: WPS:  * RF Bands (3)
06-22 07:04:03.479  2869  2869 D wpa_supplicant: WPS:  * Association State
06-22 07:04:03.479  2869  2869 D wpa_supplicant: WPS:  * Configuration Error (0)
06-22 07:04:03.479  2869  2869 D wpa_supplicant: WPS:  * Device Password ID (0)
06-22 07:04:03.479  2869  2869 D wpa_supplicant: WPS:  * Manufacturer
06-22 07:04:03.479  2869  2869 D wpa_supplicant: WPS:  * Model Name
06-22 07:04:03.479  2869  2869 D wpa_supplicant: WPS:  * Model Number
06-22 07:04:03.479  2869  2869 D wpa_supplicant: WPS:  * Device Name
06-22 07:04:03.479  2869  2869 D wpa_supplicant: WPS:  * Version2 (0x20)
06-22 07:04:03.479  2869  2869 D wpa_supplicant: wpa_driver_wext_combo_scan: Start
06-22 07:04:03.479  2869  2869 D wpa_supplicant: For Scan: (null)
06-22 07:04:03.479  2869  2869 D wpa_supplicant: Scan requested (ret=0) - scan timeout 30 seconds
06-22 07:04:04.651  2869  2869 D wpa_supplicant: RTM_NEWLINK: operstate=1 ifi_flags=0x11043 ([UP][RUNNING][LOWER_UP])
06-22 07:04:04.651  2869  2869 D wpa_supplicant: RTM_NEWLINK, IFLA_IFNAME: Interface 'wlan0' added
06-22 07:04:04.651  2869  2869 D wpa_supplicant: Wireless event: cmd=0x8b19 len=8
06-22 07:04:04.651  2869  2869 D wpa_supplicant: Received 1171 bytes of scan results (5 BSSes)
06-22 07:04:04.764  2869  2869 D wpa_supplicant: wpa_driver_wext_driver_cmd SETSUSPENDOPT 0 len = 4096
06-22 07:04:04.764  2869  2869 D wpa_supplicant: wpa_driver_wext_driver_cmd SETSUSPENDOPT 0 len = 0, 15
06-22 07:04:04.764  2869  2869 D wpa_supplicant: wpa_driver_wext_driver_cmd POWERMODE 0 len = 4096
06-22 07:04:04.768  2869  2869 D wpa_supplicant: wpa_driver_wext_driver_cmd OK len = 0, 2
06-22 07:04:04.803 32019 32020 D dalvikvm: GC_CONCURRENT freed 490K, 8% free 10343K/11207K, paused 2ms+5ms
06-22 07:04:04.854 24487 24490 D dalvikvm: GC_CONCURRENT freed 488K, 8% free 10333K/11207K, paused 1ms+2ms
06-22 07:04:23.190  2539  2539 D SAN_SERVICE: *******************************************
06-22 07:04:23.190  2539  2539 D SAN_SERVICE: DM App Phone Service State - 0
06-22 07:04:23.190  2539  2539 D SAN_SERVICE: *******************************************
06-22 07:04:23.956  2539  2539 D SAN_SERVICE: *******************************************
06-22 07:04:23.956  2539  2539 D SAN_SERVICE: DM App Phone Service State - 0
06-22 07:04:23.956  2539  2539 D SAN_SERVICE: *******************************************
06-22 07:04:34.483 28393 28406 I PhoneLab-: Service Running
06-22 07:04:34.573 28393 28406 I PhoneLab-LoggerService: app_37    3205  1     2360   1920  c00f181c 400107b4 S logcat
06-22 07:04:34.573 28393 28406 I PhoneLab-LoggerService: Logcat pid from database 3205
06-22 07:04:34.573 28393 28406 I PhoneLab-LoggerService: Logcat process found 3205
06-22 07:04:34.573 28393 28406 I PhoneLab-LoggerService: Checking Threshold
06-22 07:04:36.846  2539  2539 D SAN_SERVICE: *******************************************
06-22 07:04:36.846  2539  2539 D SAN_SERVICE: DM App Phone Service State - 0
06-22 07:04:36.846  2539  2539 D SAN_SERVICE: *******************************************
06-22 07:04:37.596  2539  2539 D SAN_SERVICE: *******************************************
06-22 07:04:37.596  2539  2539 D SAN_SERVICE: DM App Phone Service State - 0
06-22 07:04:37.596  2539  2539 D SAN_SERVICE: *******************************************
06-22 07:04:47.342  2539  2539 D SAN_SERVICE: *******************************************
06-22 07:04:47.342  2539  2539 D SAN_SERVICE: DM App Phone Service State - 0
06-22 07:04:47.342  2539  2539 D SAN_SERVICE: *******************************************
06-22 07:04:48.108  2539  2539 D SAN_SERVICE: *******************************************
06-22 07:04:48.108  2539  2539 D SAN_SERVICE: DM App Phone Service State - 0
06-22 07:04:48.108  2539  2539 D SAN_SERVICE: *******************************************
06-22 07:04:57.323  2539  2539 D SAN_SERVICE: *******************************************
06-22 07:04:57.323  2539  2539 D SAN_SERVICE: DM App Phone Service State - 0
06-22 07:04:57.323  2539  2539 D SAN_SERVICE: *******************************************
06-22 07:04:57.604  2539  2539 D SAN_SERVICE: *******************************************
06-22 07:04:57.604  2539  2539 D SAN_SERVICE: DM App Phone Service State - 0
06-22 07:04:57.604  2539  2539 D SAN_SERVICE: *******************************************
06-22 07:04:58.335  2539  2539 D SAN_SERVICE: *******************************************
06-22 07:04:58.335  2539  2539 D SAN_SERVICE: DM App Phone Service State - 0
06-22 07:04:58.335  2539  2539 D SAN_SERVICE: *******************************************
06-22 07:04:58.350  2539  2541 D dalvikvm: GC_CONCURRENT freed 396K, 7% free 9610K/10247K, paused 16ms+3ms
06-22 07:05:03.507  2869  2869 D wpa_supplicant: wpa_driver_wext_driver_cmd SETSUSPENDOPT 0 len = 4096
06-22 07:05:03.507  2869  2869 D wpa_supplicant: wpa_driver_wext_driver_cmd SETSUSPENDOPT 0 len = 0, 15
06-22 07:05:03.507  2869  2869 D wpa_supplicant: wpa_driver_wext_driver_cmd POWERMODE 0 len = 4096
06-22 07:05:03.522  2869  2869 D wpa_supplicant: wpa_driver_wext_driver_cmd OK len = 0, 2
06-22 07:05:03.522  2869  2869 D wpa_supplicant: WPS: Building WPS IE for Probe Request
06-22 07:05:03.522  2869  2869 D wpa_supplicant: WPS:  * Version (hardcoded 0x10)
06-22 07:05:03.522  2869  2869 D wpa_supplicant: WPS:  * Request Type
06-22 07:05:03.522  2869  2869 D wpa_supplicant: WPS:  * Config Methods (2388)
06-22 07:05:03.522  2869  2869 D wpa_supplicant: WPS:  * UUID-E
06-22 07:05:03.522  2869  2869 D wpa_supplicant: WPS:  * Primary Device Type
06-22 07:05:03.522  2869  2869 D wpa_supplicant: WPS:  * RF Bands (3)
06-22 07:05:03.522  2869  2869 D wpa_supplicant: WPS:  * Association State
06-22 07:05:03.522  2869  2869 D wpa_supplicant: WPS:  * Configuration Error (0)
06-22 07:05:03.522  2869  2869 D wpa_supplicant: WPS:  * Device Password ID (0)
06-22 07:05:03.522  2869  2869 D wpa_supplicant: WPS:  * Manufacturer
06-22 07:05:03.522  2869  2869 D wpa_supplicant: WPS:  * Model Name
06-22 07:05:03.522  2869  2869 D wpa_supplicant: WPS:  * Model Number
06-22 07:05:03.522  2869  2869 D wpa_supplicant: WPS:  * Device Name
06-22 07:05:03.522  2869  2869 D wpa_supplicant: WPS:  * Version2 (0x20)
06-22 07:05:03.522  2869  2869 D wpa_supplicant: wpa_driver_wext_combo_scan: Start
06-22 07:05:03.522  2869  2869 D wpa_supplicant: For Scan: (null)
06-22 07:05:03.526  2869  2869 D wpa_supplicant: Scan requested (ret=0) - scan timeout 30 seconds
06-22 07:05:04.690  2869  2869 D wpa_supplicant: RTM_NEWLINK: operstate=1 ifi_flags=0x11043 ([UP][RUNNING][LOWER_UP])
06-22 07:05:04.690  2869  2869 D wpa_supplicant: RTM_NEWLINK, IFLA_IFNAME: Interface 'wlan0' added
06-22 07:05:04.690  2869  2869 D wpa_supplicant: Wireless event: cmd=0x8b19 len=8
06-22 07:05:04.690  2869  2869 D wpa_supplicant: Received 1003 bytes of scan results (4 BSSes)
06-22 07:05:04.823  2869  2869 D wpa_supplicant: wpa_driver_wext_driver_cmd SETSUSPENDOPT 0 len = 4096
06-22 07:05:04.823  2869  2869 D wpa_supplicant: wpa_driver_wext_driver_cmd SETSUSPENDOPT 0 len = 0, 15
06-22 07:05:04.827  2869  2869 D wpa_supplicant: wpa_driver_wext_driver_cmd POWERMODE 0 len = 4096
06-22 07:05:04.835  2869  2869 D wpa_supplicant: wpa_driver_wext_driver_cmd OK len = 0, 2
06-22 07:05:31.065  2360  2615 I ActivityManager: Start proc android.process.acore for content provider com.android.providers.contacts/.ContactsProvider2: pid=342 uid=10000 gids={3003, 1015}
06-22 07:05:31.100   342   342 I ActivityThread: Pub com.android.voicemail: com.android.providers.contacts.VoicemailContentProvider
06-22 07:05:31.120   342   342 I ActivityThread: Pub user_dictionary: com.android.providers.userdictionary.UserDictionaryProvider
06-22 07:05:31.159   342   342 I ActivityThread: Pub com.android.social: com.android.providers.contacts.SocialProvider
06-22 07:05:31.163   342   342 I ActivityThread: Pub applications: com.android.providers.applications.ApplicationsProvider
06-22 07:05:31.257   342   342 I ActivityThread: Pub contacts;com.android.contacts: com.android.providers.contacts.ContactsProvider2
06-22 07:05:31.327   342   344 D dalvikvm: GC_CONCURRENT freed 348K, 5% free 9188K/9607K, paused 3ms+2ms
06-22 07:05:31.370   342   342 I ActivityThread: Pub call_log: com.android.providers.contacts.CallLogProvider
06-22 07:05:32.042   342   344 D dalvikvm: GC_CONCURRENT freed 245K, 4% free 9357K/9735K, paused 2ms+2ms
06-22 07:05:32.706  2869  2869 D wpa_supplicant: wpa_driver_wext_driver_cmd BTCOEXMODE 1 len = 4096
06-22 07:05:32.956  2869  2869 D wpa_supplicant: wpa_driver_wext_driver_cmd OK len = 0, 2
06-22 07:05:32.960  2869  2869 D wpa_supplicant: wpa_driver_wext_driver_cmd GETPOWER len = 4096
06-22 07:05:32.971  2869  2869 D wpa_supplicant: wpa_driver_wext_driver_cmd powermode = 0 len = 13, 13
06-22 07:05:32.975  2869  2869 D wpa_supplicant: wpa_driver_wext_driver_cmd POWERMODE 1 len = 4096
06-22 07:05:32.991  2869  2869 D wpa_supplicant: wpa_driver_wext_driver_cmd OK len = 0, 2
06-22 07:05:33.405  2539  2539 D SAN_SERVICE: *******************************************
06-22 07:05:33.405  2539  2539 D SAN_SERVICE: DM App Phone Service State - 0
06-22 07:05:33.405  2539  2539 D SAN_SERVICE: *******************************************
06-22 07:05:33.643  2539  2539 D SAN_SERVICE: *******************************************
06-22 07:05:33.643  2539  2539 D SAN_SERVICE: DM App Phone Service State - 0
06-22 07:05:33.643  2539  2539 D SAN_SERVICE: *******************************************
06-22 07:05:34.003  2869  2869 D wpa_supplicant: wpa_driver_wext_driver_cmd POWERMODE 0 len = 4096
06-22 07:05:34.007  2869  2869 D wpa_supplicant: wpa_driver_wext_driver_cmd OK len = 0, 2
06-22 07:05:34.007  2869  2869 D wpa_supplicant: wpa_driver_wext_driver_cmd BTCOEXMODE 2 len = 4096
06-22 07:05:34.007  2869  2869 D wpa_supplicant: wpa_driver_wext_driver_cmd OK len = 0, 2
06-22 07:05:34.007  2360  2414 D DhcpInfoInternal: makeLinkProperties with empty dns2!
06-22 07:05:34.007  2360  2414 D DhcpInfoInternal: makeLinkProperties with empty dns2!
06-22 07:05:34.436 24843 24846 D dalvikvm: GC_CONCURRENT freed 802K, 20% free 11837K/14791K, paused 3ms+14ms
06-22 07:05:43.417  2539  2539 D SAN_SERVICE: *******************************************
06-22 07:05:43.417  2539  2539 D SAN_SERVICE: DM App Phone Service State - 0
06-22 07:05:43.421  2539  2539 D SAN_SERVICE: *******************************************
06-22 07:05:44.151  2539  2539 D SAN_SERVICE: *******************************************
06-22 07:05:44.151  2539  2539 D SAN_SERVICE: DM App Phone Service State - 0
06-22 07:05:44.151  2539  2539 D SAN_SERVICE: *******************************************
06-22 07:06:03.565  2869  2869 D wpa_supplicant: wpa_driver_wext_driver_cmd SETSUSPENDOPT 0 len = 4096
06-22 07:06:03.565  2869  2869 D wpa_supplicant: wpa_driver_wext_driver_cmd SETSUSPENDOPT 0 len = 0, 15
06-22 07:06:03.565  2869  2869 D wpa_supplicant: wpa_driver_wext_driver_cmd POWERMODE 0 len = 4096
06-22 07:06:03.573  2869  2869 D wpa_supplicant: wpa_driver_wext_driver_cmd OK len = 0, 2
06-22 07:06:03.573  2869  2869 D wpa_supplicant: WPS: Building WPS IE for Probe Request
06-22 07:06:03.573  2869  2869 D wpa_supplicant: WPS:  * Version (hardcoded 0x10)
06-22 07:06:03.573  2869  2869 D wpa_supplicant: WPS:  * Request Type
06-22 07:06:03.573  2869  2869 D wpa_supplicant: WPS:  * Config Methods (2388)
06-22 07:06:03.573  2869  2869 D wpa_supplicant: WPS:  * UUID-E
06-22 07:06:03.573  2869  2869 D wpa_supplicant: WPS:  * Primary Device Type
06-22 07:06:03.573  2869  2869 D wpa_supplicant: WPS:  * RF Bands (3)
06-22 07:06:03.573  2869  2869 D wpa_supplicant: WPS:  * Association State
06-22 07:06:03.573  2869  2869 D wpa_supplicant: WPS:  * Configuration Error (0)
06-22 07:06:03.573  2869  2869 D wpa_supplicant: WPS:  * Device Password ID (0)
06-22 07:06:03.573  2869  2869 D wpa_supplicant: WPS:  * Manufacturer
06-22 07:06:03.573  2869  2869 D wpa_supplicant: WPS:  * Model Name
06-22 07:06:03.573  2869  2869 D wpa_supplicant: WPS:  * Model Number
06-22 07:06:03.573  2869  2869 D wpa_supplicant: WPS:  * Device Name
06-22 07:06:03.573  2869  2869 D wpa_supplicant: WPS:  * Version2 (0x20)
06-22 07:06:03.573  2869  2869 D wpa_supplicant: wpa_driver_wext_combo_scan: Start
06-22 07:06:03.573  2869  2869 D wpa_supplicant: For Scan: (null)
06-22 07:06:03.577  2869  2869 D wpa_supplicant: Scan requested (ret=0) - scan timeout 30 seconds
06-22 07:06:04.745  2869  2869 D wpa_supplicant: RTM_NEWLINK: operstate=1 ifi_flags=0x11043 ([UP][RUNNING][LOWER_UP])
06-22 07:06:04.745  2869  2869 D wpa_supplicant: RTM_NEWLINK, IFLA_IFNAME: Interface 'wlan0' added
06-22 07:06:04.745  2869  2869 D wpa_supplicant: Wireless event: cmd=0x8b19 len=8
06-22 07:06:04.745  2869  2869 D wpa_supplicant: Received 1165 bytes of scan results (5 BSSes)
06-22 07:06:04.897  2869  2869 D wpa_supplicant: wpa_driver_wext_driver_cmd SETSUSPENDOPT 0 len = 4096
06-22 07:06:04.897  2869  2869 D wpa_supplicant: wpa_driver_wext_driver_cmd SETSUSPENDOPT 0 len = 0, 15
06-22 07:06:04.897  2869  2869 D wpa_supplicant: wpa_driver_wext_driver_cmd POWERMODE 0 len = 4096
06-22 07:06:04.901  2869  2869 D wpa_supplicant: wpa_driver_wext_driver_cmd OK len = 0, 2
06-22 07:06:04.948 32019 32020 D dalvikvm: GC_CONCURRENT freed 503K, 8% free 10340K/11207K, paused 2ms+5ms
06-22 07:06:05.026 24487 24490 D dalvikvm: GC_CONCURRENT freed 484K, 8% free 10337K/11207K, paused 1ms+3ms
06-22 07:06:34.483 28393 28406 I PhoneLab-: Service Running
06-22 07:06:34.569 28393 28406 I PhoneLab-LoggerService: app_37    3205  1     2360   1920  c00f181c 400107b4 S logcat
06-22 07:06:34.573 28393 28406 I PhoneLab-LoggerService: Logcat pid from database 3205
06-22 07:06:34.573 28393 28406 I PhoneLab-LoggerService: Logcat process found 3205
06-22 07:06:34.573 28393 28406 I PhoneLab-LoggerService: Checking Threshold
06-22 07:06:43.010 32580 32582 D dalvikvm: GC_CONCURRENT freed 825K, 8% free 11738K/12679K, paused 6ms+3ms
06-22 07:06:43.249  2360  2360 I ActivityManager: Start proc com.google.android.gsf.login for service com.google.android.gsf.login/com.google.android.gsf.loginservice.GoogleLoginService: pid=386 uid=10009 gids={3003, 1015, 1007, 2001, 3006}
06-22 07:06:44.889  2539  2539 D SAN_SERVICE: *******************************************
06-22 07:06:44.889  2539  2539 D SAN_SERVICE: DM App Phone Service State - 0
06-22 07:06:44.889  2539  2539 D SAN_SERVICE: *******************************************
06-22 07:06:45.061  2539  2539 D SAN_SERVICE: *******************************************
06-22 07:06:45.061  2539  2539 D SAN_SERVICE: DM App Phone Service State - 0
06-22 07:06:45.061  2539  2539 D SAN_SERVICE: *******************************************
06-22 07:06:45.499 32580 32582 D dalvikvm: GC_CONCURRENT freed 534K, 6% free 12044K/12679K, paused 3ms+3ms
06-22 07:06:46.362 32580 32582 D dalvikvm: GC_CONCURRENT freed 998K, 9% free 11968K/13063K, paused 17ms+3ms
06-22 07:06:49.893 32580 32582 D dalvikvm: GC_CONCURRENT freed 807K, 8% free 12024K/13063K, paused 2ms+3ms
06-22 07:06:51.362 32580 32582 D dalvikvm: GC_CONCURRENT freed 816K, 8% free 12125K/13063K, paused 2ms+4ms
06-22 07:06:51.553 32580 32582 D dalvikvm: GC_CONCURRENT freed 885K, 8% free 12201K/13191K, paused 2ms+2ms
06-22 07:06:51.659   342   344 D dalvikvm: GC_CONCURRENT freed 351K, 5% free 9444K/9927K, paused 6ms+2ms
06-22 07:06:54.018 32580 32582 D dalvikvm: GC_CONCURRENT freed 636K, 7% free 12554K/13383K, paused 2ms+4ms
06-22 07:06:54.077 32580   385 D dalvikvm: GC_FOR_ALLOC freed 360K, 9% free 12543K/13767K, paused 35ms
06-22 07:06:54.077 32580   385 I dalvikvm-heap: Grow heap (frag case) to 12.640MB for 338714-byte allocation
06-22 07:06:54.112 32580   385 D dalvikvm: GC_FOR_ALLOC freed <1K, 10% free 12873K/14151K, paused 36ms
06-22 07:06:55.092  2539  2539 D SAN_SERVICE: *******************************************
06-22 07:06:55.092  2539  2539 D SAN_SERVICE: DM App Phone Service State - 0
06-22 07:06:55.092  2539  2539 D SAN_SERVICE: *******************************************
06-22 07:06:55.624 32580 32582 D dalvikvm: GC_CONCURRENT freed 1043K, 9% free 13070K/14215K, paused 2ms+3ms
06-22 07:06:56.659 32580 32582 D dalvikvm: GC_CONCURRENT freed 967K, 8% free 13371K/14471K, paused 2ms+3ms
06-22 07:06:58.182 32580 32582 D dalvikvm: GC_CONCURRENT freed 1343K, 10% free 13379K/14855K, paused 2ms+2ms
06-22 07:07:01.710   342   344 D dalvikvm: GC_CONCURRENT freed 335K, 5% free 9523K/9991K, paused 13ms+5ms
06-22 07:07:03.624  2869  2869 D wpa_supplicant: wpa_driver_wext_driver_cmd SETSUSPENDOPT 0 len = 4096
06-22 07:07:03.632  2869  2869 D wpa_supplicant: wpa_driver_wext_driver_cmd SETSUSPENDOPT 0 len = 0, 15
06-22 07:07:03.635  2869  2869 D wpa_supplicant: wpa_driver_wext_driver_cmd POWERMODE 0 len = 4096
06-22 07:07:03.659  2869  2869 D wpa_supplicant: wpa_driver_wext_driver_cmd OK len = 0, 2
06-22 07:07:03.659  2869  2869 D wpa_supplicant: WPS: Building WPS IE for Probe Request
06-22 07:07:03.659  2869  2869 D wpa_supplicant: WPS:  * Version (hardcoded 0x10)
06-22 07:07:03.659  2869  2869 D wpa_supplicant: WPS:  * Request Type
06-22 07:07:03.659  2869  2869 D wpa_supplicant: WPS:  * Config Methods (2388)
06-22 07:07:03.659  2869  2869 D wpa_supplicant: WPS:  * UUID-E
06-22 07:07:03.659  2869  2869 D wpa_supplicant: WPS:  * Primary Device Type
06-22 07:07:03.659  2869  2869 D wpa_supplicant: WPS:  * RF Bands (3)
06-22 07:07:03.659  2869  2869 D wpa_supplicant: WPS:  * Association State
06-22 07:07:03.659  2869  2869 D wpa_supplicant: WPS:  * Configuration Error (0)
06-22 07:07:03.659  2869  2869 D wpa_supplicant: WPS:  * Device Password ID (0)
06-22 07:07:03.659  2869  2869 D wpa_supplicant: WPS:  * Manufacturer
06-22 07:07:03.659  2869  2869 D wpa_supplicant: WPS:  * Model Name
06-22 07:07:03.659  2869  2869 D wpa_supplicant: WPS:  * Model Number
06-22 07:07:03.659  2869  2869 D wpa_supplicant: WPS:  * Device Name
06-22 07:07:03.659  2869  2869 D wpa_supplicant: WPS:  * Version2 (0x20)
06-22 07:07:03.659  2869  2869 D wpa_supplicant: wpa_driver_wext_combo_scan: Start
06-22 07:07:03.659  2869  2869 D wpa_supplicant: For Scan: (null)
06-22 07:07:03.663  2869  2869 D wpa_supplicant: Scan requested (ret=0) - scan timeout 30 seconds
06-22 07:07:04.831  2869  2869 D wpa_supplicant: RTM_NEWLINK: operstate=1 ifi_flags=0x11043 ([UP][RUNNING][LOWER_UP])
06-22 07:07:04.831  2869  2869 D wpa_supplicant: RTM_NEWLINK, IFLA_IFNAME: Interface 'wlan0' added
06-22 07:07:04.831  2869  2869 D wpa_supplicant: Wireless event: cmd=0x8b19 len=8
06-22 07:07:04.831  2869  2869 D wpa_supplicant: Received 1343 bytes of scan results (6 BSSes)
06-22 07:07:05.100  2360  2360 D dalvikvm: GC_EXPLICIT freed 1257K, 22% free 17190K/22023K, paused 7ms+8ms
06-22 07:07:05.342 32580 32582 D dalvikvm: GC_CONCURRENT freed 2511K, 18% free 12236K/14855K, paused 2ms+3ms
06-22 07:07:05.405  2869  2869 D wpa_supplicant: wpa_driver_wext_driver_cmd SETSUSPENDOPT 0 len = 4096
06-22 07:07:05.405  2869  2869 D wpa_supplicant: wpa_driver_wext_driver_cmd SETSUSPENDOPT 0 len = 0, 15
06-22 07:07:05.405  2869  2869 D wpa_supplicant: wpa_driver_wext_driver_cmd POWERMODE 0 len = 4096
06-22 07:07:05.413  2869  2869 D wpa_supplicant: wpa_driver_wext_driver_cmd OK len = 0, 2
06-22 07:07:05.421 32019 32020 D dalvikvm: GC_CONCURRENT freed 476K, 8% free 10335K/11207K, paused 5ms+2ms
06-22 07:07:05.725 32580   404 D dalvikvm: GC_EXPLICIT freed 477K, 18% free 12184K/14855K, paused 7ms+3ms
06-22 07:07:06.030   342   354 D dalvikvm: GC_EXPLICIT freed 342K, 5% free 9498K/9991K, paused 2ms+3ms
06-22 07:07:06.147 24843 25049 D dalvikvm: GC_EXPLICIT freed 543K, 21% free 11769K/14791K, paused 2ms+3ms
06-22 07:07:08.194   342   344 D dalvikvm: GC_CONCURRENT freed 385K, 6% free 9535K/10055K, paused 1ms+2ms
06-22 07:07:20.702  2539  2539 D SAN_SERVICE: *******************************************
06-22 07:07:20.702  2539  2539 D SAN_SERVICE: DM App Phone Service State - 0
06-22 07:07:20.702  2539  2539 D SAN_SERVICE: *******************************************
06-22 07:07:44.725 11252 11254 D dalvikvm: GC_CONCURRENT freed 372K, 6% free 10417K/11079K, paused 6ms+6ms
06-22 07:07:47.053 28393 28393 I PhoneLab-Locks: wake lock acquired
06-22 07:07:47.147 28393   418 I PhoneLab-PeriodicCheckService: User info is synched
06-22 07:07:47.151 28393   418 I PhoneLab-PeriodicCheckService: Logger Service is running
06-22 07:07:47.155 28393 28393 I PhoneLab-Locks: wake lock acquired
06-22 07:07:47.159 28393 28393 I PhoneLab-StatusMonitor: Status Monitoring is started
06-22 07:07:47.159 28393   418 I PhoneLab-Locks: wake lock acquired
06-22 07:07:47.163 28393   418 I PhoneLab-PeriodicCheckService: Rescheduling periodic checking...
06-22 07:07:47.167 28393   418 I PhoneLab-Locks: wake lock released
06-22 07:07:47.202 28393 28393 E PhoneLab-PhoneLabManifest: java.io.FileNotFoundException: /data/data/edu.buffalo.cse.phonelab.phonelabservices/files/manifest.xml: open failed: ENOENT (No such file or directory)
06-22 07:07:47.217 28393 28393 I PhoneLab-Locks: wake lock released
06-22 07:07:47.221 28393 28393 I PhoneLab-UploadLogs: Transfering log files now
06-22 07:07:47.221 28393 28393 I PhoneLab-UploadLogs: No log files to transfer
06-22 07:07:47.221 28393 28393 I PhoneLab-Locks: wake lock released
06-22 07:07:47.225 28393 28393 I PhoneLab-UploadLogs: OnStartCommand
06-22 07:07:58.026  2869  2869 D wpa_supplicant: wpa_driver_wext_driver_cmd BTCOEXMODE 1 len = 4096
06-22 07:07:58.272  2869  2869 D wpa_supplicant: wpa_driver_wext_driver_cmd OK len = 0, 2
06-22 07:07:58.272  2869  2869 D wpa_supplicant: wpa_driver_wext_driver_cmd GETPOWER len = 4096
06-22 07:07:58.280  2869  2869 D wpa_supplicant: wpa_driver_wext_driver_cmd powermode = 0 len = 13, 13
06-22 07:07:58.280  2869  2869 D wpa_supplicant: wpa_driver_wext_driver_cmd POWERMODE 1 len = 4096
06-22 07:07:58.296  2869  2869 D wpa_supplicant: wpa_driver_wext_driver_cmd OK len = 0, 2
06-22 07:07:58.362  2360  2371 I ActivityManager: Process com.google.android.apps.maps:NetworkLocationService (pid 32019) has died.
06-22 07:07:58.385  2360  2371 W ActivityManager: Scheduling restart of crashed service com.google.android.apps.maps/com.google.android.location.internal.server.NetworkLocationService in 5000ms
06-22 07:07:58.909  2869  2869 D wpa_supplicant: wpa_driver_wext_driver_cmd POWERMODE 0 len = 4096
06-22 07:07:58.909  2869  2869 D wpa_supplicant: wpa_driver_wext_driver_cmd OK len = 0, 2
06-22 07:07:58.909  2869  2869 D wpa_supplicant: wpa_driver_wext_driver_cmd BTCOEXMODE 2 len = 4096
06-22 07:07:58.909  2869  2869 D wpa_supplicant: wpa_driver_wext_driver_cmd OK len = 0, 2
06-22 07:07:58.913  2360  2414 D DhcpInfoInternal: makeLinkProperties with empty dns2!
06-22 07:07:58.913  2360  2414 D DhcpInfoInternal: makeLinkProperties with empty dns2!
06-22 07:08:01.698  2539  2539 D SAN_SERVICE: *******************************************
06-22 07:08:01.698  2539  2539 D SAN_SERVICE: DM App Phone Service State - 0
06-22 07:08:01.698  2539  2539 D SAN_SERVICE: *******************************************
06-22 07:08:01.897  2539  2539 D SAN_SERVICE: *******************************************
06-22 07:08:01.897  2539  2539 D SAN_SERVICE: DM App Phone Service State - 0
06-22 07:08:01.897  2539  2539 D SAN_SERVICE: *******************************************
06-22 07:08:03.448  2360  2377 I ActivityManager: Start proc com.google.android.apps.maps:NetworkLocationService for service com.google.android.apps.maps/com.google.android.location.internal.server.NetworkLocationService: pid=437 uid=10056 gids={3003, 1015}
06-22 07:08:03.651   437   438 D dalvikvm: GC_CONCURRENT freed 158K, 3% free 9377K/9607K, paused 9ms+2ms
06-22 07:08:04.120   437   438 D dalvikvm: GC_CONCURRENT freed 152K, 3% free 9671K/9927K, paused 6ms+2ms
06-22 07:08:04.499   437   438 D dalvikvm: GC_CONCURRENT freed 169K, 3% free 10071K/10311K, paused 5ms+3ms
06-22 07:08:04.667   437   438 D dalvikvm: GC_CONCURRENT freed 668K, 8% free 9882K/10631K, paused 2ms+2ms
06-22 07:08:05.053   437   441 I dalvikvm: Total arena pages for JIT: 11
06-22 07:08:05.057   437   441 I dalvikvm: Total arena pages for JIT: 12
06-22 07:08:05.061   437   441 I dalvikvm: Total arena pages for JIT: 13
06-22 07:08:05.061   437   441 I dalvikvm: Total arena pages for JIT: 14
06-22 07:08:05.061   437   441 I dalvikvm: Total arena pages for JIT: 15
06-22 07:08:05.065   437   441 I dalvikvm: Total arena pages for JIT: 16
06-22 07:08:05.065   437   441 I dalvikvm: Total arena pages for JIT: 17
06-22 07:08:05.260  2360 19548 D dalvikvm: GC_EXPLICIT freed 537K, 23% free 17148K/22023K, paused 3ms+7ms
06-22 07:08:05.260  2869  2869 D wpa_supplicant: wpa_driver_wext_driver_cmd SETSUSPENDOPT 0 len = 4096
06-22 07:08:05.260  2869  2869 D wpa_supplicant: wpa_driver_wext_driver_cmd SETSUSPENDOPT 0 len = 0, 15
06-22 07:08:05.260  2869  2869 D wpa_supplicant: wpa_driver_wext_driver_cmd POWERMODE 0 len = 4096
06-22 07:08:05.264  2869  2869 D wpa_supplicant: wpa_driver_wext_driver_cmd OK len = 0, 2
06-22 07:08:05.264  2869  2869 D wpa_supplicant: WPS: Building WPS IE for Probe Request
06-22 07:08:05.264  2869  2869 D wpa_supplicant: WPS:  * Version (hardcoded 0x10)
06-22 07:08:05.264  2869  2869 D wpa_supplicant: WPS:  * Request Type
06-22 07:08:05.264  2869  2869 D wpa_supplicant: WPS:  * Config Methods (2388)
06-22 07:08:05.264  2869  2869 D wpa_supplicant: WPS:  * UUID-E
06-22 07:08:05.264  2869  2869 D wpa_supplicant: WPS:  * Primary Device Type
06-22 07:08:05.264  2869  2869 D wpa_supplicant: WPS:  * RF Bands (3)
06-22 07:08:05.264  2869  2869 D wpa_supplicant: WPS:  * Association State
06-22 07:08:05.264  2869  2869 D wpa_supplicant: WPS:  * Configuration Error (0)
06-22 07:08:05.264  2869  2869 D wpa_supplicant: WPS:  * Device Password ID (0)
06-22 07:08:05.264  2869  2869 D wpa_supplicant: WPS:  * Manufacturer
06-22 07:08:05.264  2869  2869 D wpa_supplicant: WPS:  * Model Name
06-22 07:08:05.264  2869  2869 D wpa_supplicant: WPS:  * Model Number
06-22 07:08:05.264  2869  2869 D wpa_supplicant: WPS:  * Device Name
06-22 07:08:05.264  2869  2869 D wpa_supplicant: WPS:  * Version2 (0x20)
06-22 07:08:05.264  2869  2869 D wpa_supplicant: wpa_driver_wext_combo_scan: Start
06-22 07:08:05.264  2869  2869 D wpa_supplicant: For Scan: (null)
06-22 07:08:05.268  2869  2869 D wpa_supplicant: Scan requested (ret=0) - scan timeout 30 seconds
06-22 07:08:05.311   437   438 D dalvikvm: GC_CONCURRENT freed 240K, 5% free 10122K/10631K, paused 2ms+2ms
06-22 07:08:05.444  2869  2869 D wpa_supplicant: Ongoing scan action - reject new request
06-22 07:08:05.460  2869  2869 D wpa_supplicant: Ongoing scan action - reject new request
06-22 07:08:06.436  2869  2869 D wpa_supplicant: RTM_NEWLINK: operstate=1 ifi_flags=0x11043 ([UP][RUNNING][LOWER_UP])
06-22 07:08:06.436  2869  2869 D wpa_supplicant: RTM_NEWLINK, IFLA_IFNAME: Interface 'wlan0' added
06-22 07:08:06.436  2869  2869 D wpa_supplicant: Wireless event: cmd=0x8b19 len=8
06-22 07:08:06.448  2869  2869 D wpa_supplicant: Received 1422 bytes of scan results (6 BSSes)
06-22 07:08:06.675  2869  2869 D wpa_supplicant: wpa_driver_wext_driver_cmd SETSUSPENDOPT 0 len = 4096
06-22 07:08:06.675  2869  2869 D wpa_supplicant: wpa_driver_wext_driver_cmd SETSUSPENDOPT 0 len = 0, 15
06-22 07:08:06.678  2869  2869 D wpa_supplicant: wpa_driver_wext_driver_cmd POWERMODE 0 len = 4096
06-22 07:08:06.686  2869  2869 D wpa_supplicant: wpa_driver_wext_driver_cmd OK len = 0, 2
06-22 07:08:06.714   437   438 D dalvikvm: GC_CONCURRENT freed 495K, 6% free 10112K/10695K, paused 1ms+2ms
06-22 07:08:06.749 24487 24490 D dalvikvm: GC_CONCURRENT freed 486K, 8% free 10359K/11207K, paused 6ms+3ms
06-22 07:08:17.038  2539  2539 D SAN_SERVICE: *******************************************
06-22 07:08:17.038  2539  2539 D SAN_SERVICE: DM App Phone Service State - 0
06-22 07:08:17.038  2539  2539 D SAN_SERVICE: *******************************************
06-22 07:08:17.721  2539  2539 D SAN_SERVICE: *******************************************
06-22 07:08:17.721  2539  2539 D SAN_SERVICE: DM App Phone Service State - 0
06-22 07:08:17.721  2539  2539 D SAN_SERVICE: *******************************************
06-22 07:08:26.073 26963 26965 D dalvikvm: GC_CONCURRENT freed 789K, 17% free 11872K/14215K, paused 2ms+3ms
06-22 07:08:34.491 28393 28406 I PhoneLab-: Service Running
06-22 07:08:34.577 28393 28406 I PhoneLab-LoggerService: app_37    3205  1     2360   1920  c00f181c 400107b4 S logcat
06-22 07:08:34.577 28393 28406 I PhoneLab-LoggerService: Logcat pid from database 3205
06-22 07:08:34.577 28393 28406 I PhoneLab-LoggerService: Logcat process found 3205
06-22 07:08:34.577 28393 28406 I PhoneLab-LoggerService: Checking Threshold
06-22 07:08:34.592 28393 28396 D dalvikvm: GC_CONCURRENT freed 390K, 15% free 9147K/10695K, paused 2ms+1ms
06-22 07:08:34.628  2360  2634 I ActivityManager: Process com.google.android.apps.googlevoice (pid 32242) has died.
06-22 07:08:34.628  2360  2634 W ActivityManager: Scheduling restart of crashed service com.google.android.apps.googlevoice/.UpdateService in 5000ms
06-22 07:08:34.628  2360  2634 W ActivityManager: Scheduling restart of crashed service com.google.android.apps.googlevoice/.CallLogService in 15000ms
06-22 07:08:39.690  2360  2377 I ActivityManager: Start proc com.google.android.apps.googlevoice for service com.google.android.apps.googlevoice/.UpdateService: pid=464 uid=10054 gids={3003, 1015}
06-22 07:08:40.139   464   466 D dalvikvm: GC_CONCURRENT freed 246K, 4% free 9289K/9607K, paused 13ms+2ms
06-22 07:08:40.753  2360  6994 D CountryDetector: The first listener is added
06-22 07:08:40.796   464   466 D dalvikvm: GC_CONCURRENT freed 390K, 5% free 9393K/9863K, paused 2ms+20ms
06-22 07:08:40.800   464   473 W CursorWrapperInner: Cursor finalized without prior close()
06-22 07:08:40.800   464   473 W CursorWrapperInner: Cursor finalized without prior close()
06-22 07:08:40.800   464   473 W CursorWrapperInner: Cursor finalized without prior close()
06-22 07:08:40.917   342   344 D dalvikvm: GC_CONCURRENT freed 411K, 5% free 9635K/10119K, paused 8ms+3ms
06-22 07:08:41.092  2360  2615 I ActivityManager: Process com.google.android.apps.maps (pid 32333) has died.
06-22 07:08:41.241   464   466 D dalvikvm: GC_CONCURRENT freed 303K, 5% free 9581K/9991K, paused 13ms+9ms
06-22 07:08:41.358   342   344 D dalvikvm: GC_CONCURRENT freed 410K, 5% free 9744K/10247K, paused 2ms+3ms
06-22 07:08:41.389   342   359 D dalvikvm: GC_EXPLICIT freed 101K, 6% free 9642K/10247K, paused 6ms+3ms
06-22 07:08:41.632   342   344 D dalvikvm: GC_CONCURRENT freed 305K, 4% free 9849K/10247K, paused 1ms+4ms
06-22 07:08:42.608  2539  2539 D SAN_SERVICE: *******************************************
06-22 07:08:42.608  2539  2539 D SAN_SERVICE: DM App Phone Service State - 0
06-22 07:08:42.608  2539  2539 D SAN_SERVICE: *******************************************
06-22 07:08:42.889  2539  2539 D SAN_SERVICE: *******************************************
06-22 07:08:42.889  2539  2539 D SAN_SERVICE: DM App Phone Service State - 0
06-22 07:08:42.889  2539  2539 D SAN_SERVICE: *******************************************
06-22 07:08:43.639  2539  2539 D SAN_SERVICE: *******************************************
06-22 07:08:43.639  2539  2539 D SAN_SERVICE: DM App Phone Service State - 0
06-22 07:08:43.639  2539  2539 D SAN_SERVICE: *******************************************
06-22 07:08:52.839  2539  2539 D SAN_SERVICE: *******************************************
06-22 07:08:52.839  2539  2539 D SAN_SERVICE: DM App Phone Service State - 0
06-22 07:08:52.839  2539  2539 D SAN_SERVICE: *******************************************
06-22 07:08:53.108  2539  2539 D SAN_SERVICE: *******************************************
06-22 07:08:53.108  2539  2539 D SAN_SERVICE: DM App Phone Service State - 0
06-22 07:08:53.108  2539  2539 D SAN_SERVICE: *******************************************
06-22 07:08:53.858  2539  2539 D SAN_SERVICE: *******************************************
06-22 07:08:53.858  2539  2539 D SAN_SERVICE: DM App Phone Service State - 0
06-22 07:08:53.858  2539  2539 D SAN_SERVICE: *******************************************
06-22 07:09:05.499  2869  2869 D wpa_supplicant: wpa_driver_wext_driver_cmd SETSUSPENDOPT 0 len = 4096
06-22 07:09:05.499  2869  2869 D wpa_supplicant: wpa_driver_wext_driver_cmd SETSUSPENDOPT 0 len = 0, 15
06-22 07:09:05.503  2869  2869 D wpa_supplicant: wpa_driver_wext_driver_cmd POWERMODE 0 len = 4096
06-22 07:09:05.534  2869  2869 D wpa_supplicant: wpa_driver_wext_driver_cmd OK len = 0, 2
06-22 07:09:05.534  2869  2869 D wpa_supplicant: WPS: Building WPS IE for Probe Request
06-22 07:09:05.534  2869  2869 D wpa_supplicant: WPS:  * Version (hardcoded 0x10)
06-22 07:09:05.534  2869  2869 D wpa_supplicant: WPS:  * Request Type
06-22 07:09:05.534  2869  2869 D wpa_supplicant: WPS:  * Config Methods (2388)
06-22 07:09:05.534  2869  2869 D wpa_supplicant: WPS:  * UUID-E
06-22 07:09:05.534  2869  2869 D wpa_supplicant: WPS:  * Primary Device Type
06-22 07:09:05.534  2869  2869 D wpa_supplicant: WPS:  * RF Bands (3)
06-22 07:09:05.534  2869  2869 D wpa_supplicant: WPS:  * Association State
06-22 07:09:05.534  2869  2869 D wpa_supplicant: WPS:  * Configuration Error (0)
06-22 07:09:05.534  2869  2869 D wpa_supplicant: WPS:  * Device Password ID (0)
06-22 07:09:05.534  2869  2869 D wpa_supplicant: WPS:  * Manufacturer
06-22 07:09:05.534  2869  2869 D wpa_supplicant: WPS:  * Model Name
06-22 07:09:05.534  2869  2869 D wpa_supplicant: WPS:  * Model Number
06-22 07:09:05.534  2869  2869 D wpa_supplicant: WPS:  * Device Name
06-22 07:09:05.534  2869  2869 D wpa_supplicant: WPS:  * Version2 (0x20)
06-22 07:09:05.534  2869  2869 D wpa_supplicant: wpa_driver_wext_combo_scan: Start
06-22 07:09:05.534  2869  2869 D wpa_supplicant: For Scan: (null)
06-22 07:09:05.538  2869  2869 D wpa_supplicant: Scan requested (ret=0) - scan timeout 30 seconds
06-22 07:09:06.702  2869  2869 D wpa_supplicant: RTM_NEWLINK: operstate=1 ifi_flags=0x11043 ([UP][RUNNING][LOWER_UP])
06-22 07:09:06.702  2869  2869 D wpa_supplicant: RTM_NEWLINK, IFLA_IFNAME: Interface 'wlan0' added
06-22 07:09:06.702  2869  2869 D wpa_supplicant: Wireless event: cmd=0x8b19 len=8
06-22 07:09:06.706  2869  2869 D wpa_supplicant: Received 758 bytes of scan results (3 BSSes)
06-22 07:09:06.854  2869  2869 D wpa_supplicant: wpa_driver_wext_driver_cmd SETSUSPENDOPT 0 len = 4096
06-22 07:09:06.854  2869  2869 D wpa_supplicant: wpa_driver_wext_driver_cmd SETSUSPENDOPT 0 len = 0, 15
06-22 07:09:06.858  2869  2869 D wpa_supplicant: wpa_driver_wext_driver_cmd POWERMODE 0 len = 4096
06-22 07:09:06.866  2869  2869 D wpa_supplicant: wpa_driver_wext_driver_cmd OK len = 0, 2
06-22 07:09:23.577  2539  2539 D SAN_SERVICE: *******************************************
06-22 07:09:23.577  2539  2539 D SAN_SERVICE: DM App Phone Service State - 0
06-22 07:09:23.577  2539  2539 D SAN_SERVICE: *******************************************
06-22 07:09:24.335  2539  2539 D SAN_SERVICE: *******************************************
06-22 07:09:24.335  2539  2539 D SAN_SERVICE: DM App Phone Service State - 0
06-22 07:09:24.335  2539  2539 D SAN_SERVICE: *******************************************
06-22 07:10:05.546  2869  2869 D wpa_supplicant: wpa_driver_wext_driver_cmd SETSUSPENDOPT 0 len = 4096
06-22 07:10:05.546  2869  2869 D wpa_supplicant: wpa_driver_wext_driver_cmd SETSUSPENDOPT 0 len = 0, 15
06-22 07:10:05.550  2869  2869 D wpa_supplicant: wpa_driver_wext_driver_cmd POWERMODE 0 len = 4096
06-22 07:10:05.573  2869  2869 D wpa_supplicant: wpa_driver_wext_driver_cmd OK len = 0, 2
06-22 07:10:05.573  2869  2869 D wpa_supplicant: WPS: Building WPS IE for Probe Request
06-22 07:10:05.573  2869  2869 D wpa_supplicant: WPS:  * Version (hardcoded 0x10)
06-22 07:10:05.573  2869  2869 D wpa_supplicant: WPS:  * Request Type
