06-21 18:11:04.575  2360  2377 I ActivityManager: Start proc com.xabber.androiddev for service com.xabber.androiddev/com.xabber.android.service.XMPPService: pid=11907 uid=10063 gids={3003, 1015}
06-21 18:11:04.673 11907 11907 I dalvikvm: Turning on JNI app bug workarounds for target SDK version 9...
06-21 18:11:05.044  2539  2539 D SAN_SERVICE: *******************************************
06-21 18:11:05.044  2539  2539 D SAN_SERVICE: DM App Phone Service State - 0
06-21 18:11:05.044  2539  2539 D SAN_SERVICE: *******************************************
06-21 18:11:05.056 11907 11910 D dalvikvm: GC_CONCURRENT freed 221K, 4% free 9314K/9607K, paused 14ms+3ms
06-21 18:11:05.087 11907 11907 D dalvikvm: GC_FOR_ALLOC freed 282K, 6% free 9426K/9927K, paused 18ms
06-21 18:11:05.251 11907 11910 D dalvikvm: GC_CONCURRENT freed 185K, 3% free 9776K/10055K, paused 2ms+2ms
06-21 18:11:05.423 11907 11910 D dalvikvm: GC_CONCURRENT freed 255K, 4% free 10042K/10375K, paused 1ms+2ms
06-21 18:11:05.653 11907 11907 I com.xabber.android.service.XMPPService@413bbe48: onCreate
06-21 18:11:05.653 11907 11907 I com.xabber.android.data.Application@41331c18: onStart
06-21 18:11:05.669 11907 11921 I com.xabber.android.data.LogManager@41338b60: onLoad
06-21 18:11:05.774 11907 11910 D dalvikvm: GC_CONCURRENT freed 333K, 5% free 10100K/10567K, paused 2ms+2ms
06-21 18:11:05.907  2360  2616 I ActivityManager: Start proc android.process.acore for content provider com.android.providers.contacts/.ContactsProvider2: pid=11923 uid=10000 gids={3003, 1015}
06-21 18:11:05.950 11923 11923 I ActivityThread: Pub com.android.voicemail: com.android.providers.contacts.VoicemailContentProvider
06-21 18:11:05.977 11923 11923 I ActivityThread: Pub user_dictionary: com.android.providers.userdictionary.UserDictionaryProvider
06-21 18:11:06.005 11923 11923 I ActivityThread: Pub com.android.social: com.android.providers.contacts.SocialProvider
06-21 18:11:06.005 11923 11923 I ActivityThread: Pub applications: com.android.providers.applications.ApplicationsProvider
06-21 18:11:06.099  2869  2869 D wpa_supplicant: wpa_driver_wext_driver_cmd RSSI len = 248
06-21 18:11:06.099  2869  2869 D wpa_supplicant: wpa_driver_wext_driver_cmd UB_Secure rssi -69  len = 19, 19
06-21 18:11:06.099  2869  2869 D wpa_supplicant: wpa_driver_wext_driver_cmd LINKSPEED len = 248
06-21 18:11:06.099  2869  2869 D wpa_supplicant: wpa_driver_wext_driver_cmd LinkSpeed 72 len = 12, 12
06-21 18:11:06.145  2360  2615 I ActivityManager: Process com.facebook.orca (pid 11862) has died.
06-21 18:11:06.145  2360  2615 W ActivityManager: Scheduling restart of crashed service com.facebook.orca/.push.mqtt.MqttPushService in 20000ms
06-21 18:11:06.169 11923 11923 I ActivityThread: Pub contacts;com.android.contacts: com.android.providers.contacts.ContactsProvider2
06-21 18:11:06.204 11923 11925 D dalvikvm: GC_CONCURRENT freed 354K, 5% free 9182K/9607K, paused 3ms+3ms
06-21 18:11:06.282 11923 11923 I ActivityThread: Pub call_log: com.android.providers.contacts.CallLogProvider
06-21 18:11:06.919 11923 11925 D dalvikvm: GC_CONCURRENT freed 247K, 4% free 9354K/9735K, paused 4ms+5ms
06-21 18:11:08.704  2360  2362 D dalvikvm: GC_CONCURRENT freed 1704K, 27% free 16243K/22023K, paused 13ms+10ms
06-21 18:11:09.102  2869  2869 D wpa_supplicant: wpa_driver_wext_driver_cmd RSSI len = 248
06-21 18:11:09.102  2869  2869 D wpa_supplicant: wpa_driver_wext_driver_cmd UB_Secure rssi -69  len = 19, 19
06-21 18:11:09.102  2869  2869 D wpa_supplicant: wpa_driver_wext_driver_cmd LINKSPEED len = 248
06-21 18:11:09.102  2869  2869 D wpa_supplicant: wpa_driver_wext_driver_cmd LinkSpeed 72 len = 12, 12
06-21 18:11:09.169 11907 11910 D dalvikvm: GC_CONCURRENT freed 131K, 3% free 10372K/10631K, paused 2ms+4ms
06-21 18:11:09.388 11907 11910 D dalvikvm: GC_CONCURRENT freed 265K, 4% free 10552K/10951K, paused 4ms+2ms
06-21 18:11:09.833 11907 11910 D dalvikvm: GC_CONCURRENT freed 248K, 4% free 10723K/11079K, paused 2ms+2ms
06-21 18:11:09.923  2869  2869 D wpa_supplicant: wpa_driver_wext_driver_cmd SETSUSPENDOPT 0 len = 4096
06-21 18:11:09.923  2869  2869 D wpa_supplicant: wpa_driver_wext_driver_cmd SETSUSPENDOPT 0 len = 0, 15
06-21 18:11:09.923  2869  2869 D wpa_supplicant: wpa_driver_wext_driver_cmd POWERMODE 0 len = 4096
06-21 18:11:09.923  2869  2869 D wpa_supplicant: wpa_driver_wext_driver_cmd OK len = 0, 2
06-21 18:11:10.540 11907 11910 D dalvikvm: GC_CONCURRENT freed 616K, 7% free 10587K/11335K, paused 2ms+2ms
06-21 18:11:10.688 11907 11940 D dalvikvm: GC_FOR_ALLOC freed 196K, 7% free 10632K/11335K, paused 24ms
06-21 18:11:11.352 11907 11945 D dalvikvm: GC_FOR_ALLOC freed 259K, 6% free 10720K/11335K, paused 37ms
06-21 18:11:11.384 11907 11945 D dalvikvm: GC_FOR_ALLOC freed 26K, 6% free 10731K/11399K, paused 29ms
06-21 18:11:11.384 11907 11945 I dalvikvm-heap: Grow heap (frag case) to 10.602MB for 56530-byte allocation
06-21 18:11:11.458 11907 11945 D dalvikvm: GC_FOR_ALLOC freed 36K, 7% free 10750K/11463K, paused 75ms
06-21 18:11:12.122  2869  2869 D wpa_supplicant: wpa_driver_wext_driver_cmd RSSI len = 248
06-21 18:11:12.122  2869  2869 D wpa_supplicant: wpa_driver_wext_driver_cmd UB_Secure rssi -70  len = 19, 19
06-21 18:11:12.122  2869  2869 D wpa_supplicant: wpa_driver_wext_driver_cmd LINKSPEED len = 248
06-21 18:11:12.122  2869  2869 D wpa_supplicant: wpa_driver_wext_driver_cmd LinkSpeed 72 len = 12, 12
06-21 18:11:12.579 11907 11947 D dalvikvm: GC_FOR_ALLOC freed 277K, 7% free 10697K/11463K, paused 75ms
06-21 18:11:12.981 11923 11925 D dalvikvm: GC_CONCURRENT freed 361K, 5% free 9431K/9927K, paused 2ms+3ms
06-21 18:11:13.126  2539  2539 D SAN_SERVICE: *******************************************
06-21 18:11:13.126  2539  2539 D SAN_SERVICE: DM App Phone Service State - 0
06-21 18:11:13.126  2539  2539 D SAN_SERVICE: *******************************************
06-21 18:11:15.138  2869  2869 D wpa_supplicant: wpa_driver_wext_driver_cmd RSSI len = 248
06-21 18:11:15.149  2869  2869 D wpa_supplicant: wpa_driver_wext_driver_cmd UB_Secure rssi -71  len = 19, 19
06-21 18:11:15.149  2869  2869 D wpa_supplicant: wpa_driver_wext_driver_cmd LINKSPEED len = 248
06-21 18:11:15.153  2869  2869 D wpa_supplicant: wpa_driver_wext_driver_cmd LinkSpeed 72 len = 12, 12
06-21 18:11:16.114 11753 11755 D dalvikvm: GC_CONCURRENT freed 281K, 6% free 9967K/10503K, paused 2ms+3ms
06-21 18:11:18.177  2869  2869 D wpa_supplicant: wpa_driver_wext_driver_cmd RSSI len = 248
06-21 18:11:18.196  2869  2869 D wpa_supplicant: wpa_driver_wext_driver_cmd UB_Secure rssi -70  len = 19, 19
06-21 18:11:18.196  2869  2869 D wpa_supplicant: wpa_driver_wext_driver_cmd LINKSPEED len = 248
06-21 18:11:18.196  2869  2869 D wpa_supplicant: wpa_driver_wext_driver_cmd LinkSpeed 72 len = 12, 12
06-21 18:11:20.895  9164  9167 D dalvikvm: GC_CONCURRENT freed 637K, 9% free 11721K/12743K, paused 6ms+4ms
06-21 18:11:21.235  2869  2869 D wpa_supplicant: wpa_driver_wext_driver_cmd RSSI len = 248
06-21 18:11:21.239  2869  2869 D wpa_supplicant: wpa_driver_wext_driver_cmd UB_Secure rssi -69  len = 19, 19
06-21 18:11:21.239  2869  2869 D wpa_supplicant: wpa_driver_wext_driver_cmd LINKSPEED len = 248
06-21 18:11:21.239  2869  2869 D wpa_supplicant: wpa_driver_wext_driver_cmd LinkSpeed 72 len = 12, 12
06-21 18:11:22.063  9164 11953 D dalvikvm: GC_FOR_ALLOC freed 606K, 8% free 11822K/12743K, paused 55ms
06-21 18:11:22.063  9164 11953 I dalvikvm-heap: Grow heap (frag case) to 11.799MB for 193332-byte allocation
06-21 18:11:22.099  9164  9173 D dalvikvm: GC_FOR_ALLOC freed 163K, 9% free 11847K/12935K, paused 24ms
06-21 18:11:24.263  2869  2869 D wpa_supplicant: wpa_driver_wext_driver_cmd RSSI len = 248
