06-20 08:24:58.108 23453 23457 I dalvikvm: Wrote stack traces to '/data/anr/traces.txt'
06-20 08:24:58.112   142   173 I ActivityManager: Displayed com.whatsapp/.Conversation: +1s22ms
06-20 08:24:58.151 23453 23453 D OpenGLRenderer: Flushing caches (mode 0)
06-20 08:24:59.772   213   213 V PhoneStatusBar: setLightsOn(true)
06-20 08:24:59.839 23453 23453 D OpenGLRenderer: Flushing caches (mode 0)
06-20 08:24:59.921 23408 23410 D dalvikvm: GC_CONCURRENT freed 831K, 10% free 11829K/13127K, paused 84ms+4ms
06-20 08:25:00.147   142   366 W InputManagerService: Starting input on non-focused client com.android.internal.view.IInputMethodClient$Stub$Proxy@419362c0 (uid=10070 pid=23453)
06-20 08:25:00.151 23453 23453 W IInputConnectionWrapper: showStatusIcon on inactive InputConnection
06-20 08:25:00.245 23453 23453 D OpenGLRenderer: Flushing caches (mode 0)
06-20 08:25:01.503   142   170 I power   : *** set_screen_state 0
06-20 08:25:01.553    79   118 D SurfaceFlinger: About to give-up screen, flinger = 0x1e2b918
06-20 08:25:01.710 23453 23453 D OpenGLRenderer: Flushing caches (mode 2)
06-20 08:25:01.784   142   174 V TransportControlView: Create TCV com.android.internal.widget.TransportControlView@41e41850
06-20 08:25:01.815   142   366 I ActivityManager: Process com.google.android.apps.maps:LocationFriendService (pid 23438) has died.
06-20 08:25:01.846 23453 23453 D OpenGLRenderer: Flushing caches (mode 0)
06-20 08:25:02.022   142   145 D dalvikvm: GC_CONCURRENT freed 1522K, 28% free 19337K/26823K, paused 11ms+52ms
06-20 08:25:02.335   213   213 D PhoneStatusBar: disable: < EXPAND* icons alerts TICKER* system_info back home RECENT* clock >
06-20 08:25:02.397   213   213 D PhoneStatusBar: disable: < EXPAND icons alerts TICKER system_info BACK* HOME* RECENT CLOCK* >
06-20 08:25:02.495 22643 22663 D IOCollector: Waiting for the ScannerThread to start.
06-20 08:25:02.550 22643 23542 D IOCollector: Real collector stared with config: Scanner types: [16, 64, 128]; Dest: MEMORY; ScanDuration: 10000, SensorDelay: {4=1}; Data path: null; Key path: null; View opted out WIFI APs: false
06-20 08:25:02.573 22643 23542 D IOCollector: J started.
06-20 08:25:02.682 22643 23542 D IOCollector: aq started.
06-20 08:25:02.682 22643 23542 D IOCollector: F started.
06-20 08:25:02.682 22643 23542 D IOCollector: RealCollector started.
06-20 08:25:02.717   142   917 I ActivityManager: Process com.whatsapp (pid 23453) has died.
06-20 08:25:02.721   142   917 W ActivityManager: Scheduling restart of crashed service com.whatsapp/.messaging.MessageService in 5000ms
06-20 08:25:02.803   213   215 D dalvikvm: GC_CONCURRENT freed 467K, 59% free 9802K/23687K, paused 3ms+3ms
06-20 08:25:02.878   213   215 D dalvikvm: GC_CONCURRENT freed 512K, 59% free 9791K/23687K, paused 2ms+3ms
06-20 08:25:03.737 23408 23410 D dalvikvm: GC_CONCURRENT freed 801K, 10% free 11854K/13127K, paused 25ms+3ms
06-20 08:25:04.471 22643 22644 D dalvikvm: GC_CONCURRENT freed 320K, 6% free 10268K/10823K, paused 2ms+2ms
06-20 08:25:07.171 23408 23410 D dalvikvm: GC_CONCURRENT freed 891K, 10% free 11848K/13127K, paused 2ms+4ms
06-20 08:25:07.780   142   159 I ActivityManager: Start proc com.whatsapp for service com.whatsapp/.messaging.MessageService: pid=23550 uid=10070 gids={1015, 3003}
06-20 08:25:07.811 23550 23550 I dalvikvm: Turning on JNI app bug workarounds for target SDK version 7...
06-20 08:25:08.026 23550 23551 D dalvikvm: GC_CONCURRENT freed 174K, 3% free 9362K/9607K, paused 3ms+2ms
06-20 08:25:08.413 23550 23551 D dalvikvm: GC_CONCURRENT freed 304K, 4% free 9596K/9991K, paused 3ms+5ms
06-20 08:25:08.616 23550 23550 I SqliteDatabaseCpp: sqlite returned: error code = 1, msg = duplicate column name: photo_ts, db=/data/data/com.whatsapp/databases/msgstore.db
06-20 08:25:08.624 23550 23550 I SqliteDatabaseCpp: sqlite returned: error code = 1, msg = duplicate column name: thumb_ts, db=/data/data/com.whatsapp/databases/msgstore.db
06-20 08:25:08.624 23550 23550 I SqliteDatabaseCpp: sqlite returned: error code = 1, msg = duplicate column name: photo_id_timestamp, db=/data/data/com.whatsapp/databases/msgstore.db
06-20 08:25:08.725 23550 23550 I dalvikvm: Could not find method android.media.MediaMetadataRetriever.captureFrame, referenced from method com.whatsapp.d3.a
06-20 08:25:08.725 23550 23550 W dalvikvm: VFY: unable to resolve virtual method 496: Landroid/media/MediaMetadataRetriever;.captureFrame ()Landroid/graphics/Bitmap;
06-20 08:25:08.725 23550 23550 D dalvikvm: VFY: replacing opcode 0x6e at 0x0134
06-20 08:25:08.882 23550 23551 D dalvikvm: GC_CONCURRENT freed 223K, 4% free 9853K/10183K, paused 2ms+4ms
06-20 08:25:09.007 23550 23551 D dalvikvm: GC_CONCURRENT freed 340K, 5% free 9960K/10439K, paused 2ms+3ms
06-20 08:25:10.479   142   422 I ActivityManager: Process android.process.acore (pid 23476) has died.
06-20 08:25:10.694   142   145 D dalvikvm: GC_CONCURRENT freed 1171K, 26% free 20105K/26823K, paused 3ms+13ms
06-20 08:25:12.632 22643 22643 D IOCollector: J stopped.
06-20 08:25:12.702 22643 22643 D IOCollector: aq stopped.
06-20 08:25:12.706 22643 22643 D IOCollector: All scanner finished.
06-20 08:25:12.721 22643 22643 D IOCollector: F stopped.
06-20 08:25:12.729   142   919 W ActivityManager: finishReceiver called but no pending broadcasts
06-20 08:25:12.807   213   213 D dalvikvm: GC_FOR_ALLOC freed 363K, 59% free 9789K/23687K, paused 27ms
06-20 08:25:12.882   213   215 D dalvikvm: GC_CONCURRENT freed 454K, 59% free 9788K/23687K, paused 1ms+3ms
06-20 08:25:13.014   213   215 D dalvikvm: GC_CONCURRENT freed 385K, 59% free 9793K/23687K, paused 2ms+6ms
06-20 08:25:13.182 23408 23434 W ResponseProcessCookies: Cookie rejected: "BasicClientCookie[version=0,name=JSESSIONID,domain=m.guardian.co.uk,path=/ms,expiry=null]". Illegal path attribute "/ms". Path of origin: "/media/2012/jun/20/julian-assange-asylum-ecuador-embassy-live"
06-20 08:25:14.378 23064 23077 I PhoneLab-: Service Running
06-20 08:25:15.901 22643 22644 D dalvikvm: GC_CONCURRENT freed 225K, 3% free 10520K/10823K, paused 50ms+9ms
06-20 08:25:15.913 23064 23077 I PhoneLab-LoggerService: app_38    30294 1     2548   2104  c00f181c 400107b4 S logcat
06-20 08:25:15.913 23064 23077 I PhoneLab-LoggerService: Logcat pid from database 30294
06-20 08:25:15.913 23064 23077 I PhoneLab-LoggerService: Logcat process found 30294
06-20 08:25:15.913 23064 23077 I PhoneLab-LoggerService: Checking Threshold
06-20 08:25:15.913 23064 23077 I PhoneLab-LoggerService: Starting to rename files
06-20 08:25:15.913 23064 23077 I PhoneLab-LoggerService: Files found .. 2
06-20 08:25:15.913 23064 23077 I PhoneLab-LoggerService: File 1 log.out.1
06-20 08:25:15.960 22871 22895 I System.out: 08:25:14 AM SENT (1095121392): <iq id="ping" type="get"><ping xmlns="urn:xmpp:ping"/></iq>
06-20 08:25:15.971   142 23577 I ActivityManager: Applications Memory Usage (kB):
06-20 08:25:15.971   142 23577 I ActivityManager: Uptime: 671956111 Realtime: 832385330
06-20 08:25:15.971   142 23577 I ActivityManager: Total PSS by OOM adjustment:
06-20 08:25:15.971   142 23577 I ActivityManager:     36784 kB: System
06-20 08:25:15.971   142 23577 I ActivityManager:                36784 kB: system (pid 142)
06-20 08:25:15.971   142 23577 I ActivityManager:     30591 kB: Persistent
06-20 08:25:15.971   142 23577 I ActivityManager:                13295 kB: com.android.systemui (pid 213)
06-20 08:25:15.971   142 23577 I ActivityManager:                13185 kB: com.android.phone (pid 342)
06-20 08:25:15.971   142 23577 I ActivityManager:                 4111 kB: com.android.nfc (pid 357)
06-20 08:25:15.971   142 23577 I ActivityManager:     25565 kB: Foreground
06-20 08:25:15.971   142 23577 I ActivityManager:                25565 kB: com.android.launcher (pid 12326)
06-20 08:25:15.971   142 23577 I ActivityManager:      9365 kB: Visible
06-20 08:25:15.971   142 23577 I ActivityManager:                 6501 kB: com.google.android.gsf.login (pid 12011)
06-20 08:25:15.971   142 23577 I ActivityManager:                 2864 kB: com.android.smspush (pid 428)
06-20 08:25:15.971   142 23577 I ActivityManager:     43963 kB: Perceptible
06-20 08:25:15.971   142 23577 I ActivityManager:                25748 kB: hr.podlanica (pid 18154)
06-20 08:25:15.971   142 23577 I ActivityManager:                18215 kB: com.android.inputmethod.latin (pid 30115)
06-20 08:25:15.971   142 23577 I ActivityManager:     33237 kB: A Services
06-20 08:25:15.971   142 23577 I ActivityManager:                10849 kB: com.google.process.gapps (pid 11148)
06-20 08:25:15.971   142 23577 I ActivityManager:                 9092 kB: com.whatsapp (pid 23550)
06-20 08:25:15.971   142 23577 I ActivityManager:                 7604 kB: com.google.android.apps.maps:NetworkLocationService (pid 22643)
06-20 08:25:15.971   142 23577 I ActivityManager:                 5692 kB: edu.buffalo.cse.phonelab.phonelabservices (pid 23064)
06-20 08:25:15.971   142 23577 I ActivityManager:     12759 kB: Previous
06-20 08:25:15.971   142 23577 I ActivityManager:                12759 kB: com.google.android.apps.genie.geniewidget (pid 23408)
06-20 08:25:15.971   142 23577 I ActivityManager:     34147 kB: B Services
06-20 08:25:15.971   142 23577 I ActivityManager:                10330 kB: com.spotify.mobile.android.service (pid 22748)
06-20 08:25:15.971   142 23577 I ActivityManager:                 9326 kB: com.facebook.orca (pid 22897)
06-20 08:25:15.971   142 23577 I ActivityManager:                 6624 kB: com.xabber.android (pid 22871)
06-20 08:25:15.971   142 23577 I ActivityManager:                 4974 kB: com.google.android.apps.googlevoice (pid 22046)
06-20 08:25:15.971   142 23577 I ActivityManager:                 2893 kB: com.android.sprintmenu (pid 23048)
06-20 08:25:15.971   142 23577 I ActivityManager: 
06-20 08:25:15.971   142 23577 I ActivityManager: Total PSS: 226411 kB
06-20 08:25:15.971   142 23577 I ActivityManager:   PID      Vss      Rss      Pss      Uss  cmdline
06-20 08:25:15.971   142 23577 I ActivityManager:   142   56852K   56828K   36851K   32336K  system_server
06-20 08:25:15.971   142 23577 I ActivityManager: 18154   40972K   40888K   25847K   24928K  hr.podlanica
06-20 08:25:15.971   142 23577 I ActivityManager: 12326   48144K   48096K   25661K   22424K  com.android.launcher
06-20 08:25:15.971   142 23577 I ActivityManager: 30115   37336K   37248K   18298K   16928K  com.android.inputmethod.latin
06-20 08:25:15.971   142 23577 I ActivityManager:    79   26668K   23668K   15286K    7744K  /system/bin/surfaceflinger
06-20 08:25:15.971   142 23577 I ActivityManager:   342   28208K   28124K   13233K   12408K  com.android.phone
06-20 08:25:15.971   142 23577 I ActivityManager:   213   32912K   32844K   13007K    8696K  com.android.systemui
06-20 08:25:15.971   142 23577 I ActivityManager: 23408   35048K   34988K   12791K    9972K  com.google.android.apps.genie.geniewidget
06-20 08:25:15.971   142 23577 I ActivityManager: 11148   28700K   28612K   10895K    9780K  com.google.process.gapps
06-20 08:25:15.971   142 23577 I ActivityManager: 22748   28128K   28040K   10379K    9280K  com.spotify.mobile.android.service
06-20 08:25:15.971   142 23577 I ActivityManager: 23550   31116K   31048K    9533K    7272K  com.whatsapp
06-20 08:25:15.971   142 23577 I ActivityManager: 22897   29144K   29040K    9377K    8036K  com.facebook.orca
06-20 08:25:15.971   142 23577 I ActivityManager: 22643   27812K   27748K    7668K    6176K  com.google.android.apps.maps:NetworkLocationService
06-20 08:25:15.971   142 23577 I ActivityManager: 22871   27000K   26908K    6639K    5208K  com.xabber.android
06-20 08:25:15.971   142 23577 I ActivityManager: 12011   22844K   22744K    6548K    5628K  com.google.android.gsf.login
06-20 08:25:15.971   142 23577 I ActivityManager: 23064   26092K   26024K    5794K    4064K  edu.buffalo.cse.phonelab.phonelabservices
06-20 08:25:15.971   142 23577 I ActivityManager: 22046   24224K   24128K    5066K    3872K  com.google.android.apps.googlevoice
06-20 08:25:15.971   142 23577 I ActivityManager:   357   19492K   19396K    4194K    3352K  com.android.nfc
06-20 08:25:15.971   142 23577 I ActivityManager: 18802   17804K   17700K    3370K    2544K  com.spotify.mobile.android.ui
06-20 08:25:15.971   142 23577 I ActivityManager: 23048   22700K   22596K    2945K    1600K  com.android.sprintmenu
06-20 08:25:15.971   142 23577 I ActivityManager:   428   18480K   18368K    2912K    1968K  com.android.smspush
06-20 08:25:15.971   142 23577 I ActivityManager:    80   19596K   19468K    2223K    1040K  zygote
06-20 08:25:15.971   142 23577 I ActivityManager:    82    2524K    2524K    2175K    2096K  /system/bin/mediaserver
06-20 08:25:15.971   142 23577 I ActivityManager: 30294    2108K    2104K    1965K    1960K  logcat
06-20 08:25:15.971   142 23577 I ActivityManager:    81    1020K    1020K     881K     876K  /system/bin/drmserver
06-20 08:25:15.971   142 23577 I ActivityManager:    78    1152K    1152K     872K     856K  /system/bin/rild
06-20 08:25:15.971   142 23577 I ActivityManager:    88     832K     832K     816K     816K  /sbin/adbd
06-20 08:25:15.971   142 23577 I ActivityManager: 23582     808K     800K     620K     600K  procrank
06-20 08:25:15.971   142 23577 I ActivityManager: 10596     636K     632K     444K     432K  /system/bin/netd
06-20 08:25:15.971   142 23577 I ActivityManager: 18659     556K     552K     408K     404K  /system/bin/wpa_supplicant
06-20 08:25:15.971   142 23577 I ActivityManager:   298     336K     336K     316K     316K  /system/bin/bluetoothd
06-20 08:25:15.971   142 23577 I ActivityManager:    86     472K     468K     314K     304K  /system/vendor/bin/gpsd
06-20 08:25:15.971   142 23577 I ActivityManager:    73     380K     376K     290K     284K  /system/bin/vold
06-20 08:25:15.971   142 23577 I ActivityManager:    85     428K     392K     253K     244K  /system/bin/keystore
06-20 08:25:15.971   142 23577 I ActivityManager:    83     224K     216K     200K     200K  /system/bin/dbus-daemon
06-20 08:25:15.971   142 23577 I ActivityManager: 21297     340K     336K     181K     176K  /system/bin/dhcpcd
06-20 08:25:15.971   142 23577 I ActivityManager: 23581     352K     340K     158K     136K  ps
06-20 08:25:15.971   142 23577 I ActivityManager:   200     176K     168K     148K     148K  /system/bin/brcm_patchram_plus
06-20 08:25:15.971   142 23577 I ActivityManager:     1     204K     204K     138K     100
06-20 08:25:15.975 23064 23077 I PhoneLab-LoggerService: Renamed successfully
06-20 08:25:16.010 22643 23542 D IOCollector: SignalCollector.ScannerThread is quiting.
06-20 08:25:16.100 23550 23551 D dalvikvm: GC_CONCURRENT freed 299K, 5% free 10130K/10567K, paused 390ms+4ms
06-20 08:25:16.163 22643 22644 D dalvikvm: GC_CONCURRENT freed 610K, 7% free 10460K/11143K, paused 1ms+11ms
06-20 08:25:16.202 23408 23410 D dalvikvm: GC_CONCURRENT freed 868K, 10% free 11886K/13127K, paused 2ms+11ms
06-20 08:25:17.288 23064 23064 I PhoneLab-Locks: wake lock acquired
06-20 08:25:17.339 23064 23064 I PhoneLab-StatusMonitor: Status Monitoring is started
06-20 08:25:17.397 23064 23066 D dalvikvm: GC_CONCURRENT freed 978K, 14% free 9232K/10631K, paused 14ms+2ms
06-20 08:25:17.471 23064 23064 I PhoneLab-StatusMonitor: Value: 10 - unit: min
06-20 08:25:17.471 23064 23064 I PhoneLab-StatusMonitor: Running interval: 600000
06-20 08:25:17.487 23064 23064 I PhoneLab-StatusMonitor: Rescheduling status monitoring...
06-20 08:25:17.487 23064 23064 I PhoneLab-Locks: wake lock released
06-20 08:25:17.499 23064 23064 I PhoneLab-StatusMonitorLocation: Learning Location
06-20 08:25:17.499 23064 23064 I PhoneLab-Locks: wake lock acquired
06-20 08:25:17.510 23064 23066 D dalvikvm: GC_CONCURRENT freed 447K, 14% free 9178K/10631K, paused 1ms+3ms
06-20 08:25:17.514 23064 23064 I PhoneLab-Locks: wake lock acquired
06-20 08:25:17.526 23064 23064 I PhoneLab-StatusMonitorLocation: Learning Signal Strgth
06-20 08:25:17.526 23064 23064 I PhoneLab-Locks: wake lock acquired
06-20 08:25:17.530 11148 11180 D androidNetworkLocationListeners: Still have listener com.google.android.location.internal.client.NetworkLocationClient$1@41366898
06-20 08:25:17.534 23064 23064 I PhoneLab-StatusMonitorBattery: Battery_level: 96
06-20 08:25:17.534 23064 23064 I PhoneLab-Locks: wake lock released
06-20 08:25:17.534 23064 23064 I PhoneLab-StatusMonitorSignal: Signal_Strength: -106 asu: 4
06-20 08:25:17.534 23064 23064 I PhoneLab-Locks: wake lock released
06-20 08:25:17.542 11148 11180 D androidNetworkLocationListeners: Still have listener com.google.android.location.internal.client.NetworkLocationClient$1@41366898
06-20 08:25:17.655 23064 23064 I PhoneLab-StatusMonitorLocation: Location_Latitude: 42.9620932 Longitude: -78.8170666 Accuracy: 37.0
06-20 08:25:17.655 23064 23064 I PhoneLab-Locks: wake lock released
06-20 08:25:17.659 11148 11180 D androidNetworkLocationListeners: Still have listener com.google.android.location.internal.client.NetworkLocationClient$1@41366898
06-20 08:25:17.733   142   330 I ActivityManager: Start proc com.google.android.apps.maps:LocationFriendService for service com.google.android.apps.maps/com.google.googlenav.friend.reporting.LocationReceiverService: pid=23591 uid=10057 gids={3003, 1015}
06-20 08:25:17.745 11148 11150 D dalvikvm: GC_CONCURRENT freed 435K, 6% free 10296K/10951K, paused 5ms+11ms
06-20 08:25:17.897 23591 23593 D dalvikvm: GC_CONCURRENT freed 168K, 3% free 9368K/9607K, paused 2ms+2ms
06-20 08:25:18.147 23591 23593 D dalvikvm: GC_CONCURRENT freed 179K, 4% free 9617K/9927K, paused 3ms+4ms
06-20 08:25:18.186   142   921 I ActivityManager: Process com.google.android.apps.maps:LocationFriendService (pid 23591) has died.
06-20 08:25:18.971   142   330 I ActivityManager: Start proc com.google.android.apps.maps:LocationFriendService for service com.google.android.apps.maps/com.google.googlenav.friend.reporting.LocationReceiverService: pid=23607 uid=10057 gids={3003, 1015}
06-20 08:25:19.077 23607 23610 D dalvikvm: GC_CONCURRENT freed 170K, 3% free 9365K/9607K, paused 2ms+2ms
06-20 08:25:19.260   142   918 D dalvikvm: GC_EXPLICIT freed 982K, 26% free 20088K/26823K, paused 3ms+9ms
06-20 08:25:19.311 23607 23610 D dalvikvm: GC_CONCURRENT freed 152K, 3% free 9645K/9927K, paused 8ms+1ms
06-20 08:25:19.514 23408 23434 W ResponseProcessCookies: Invalid cookie header: "Set-Cookie: mobile_session_key=eeba472a-b9b8-5459-a88d-2682c847ae7e; Version=1; Max-Age=525600; Expires=Tue, 26-Jun-2012 14:25:19 GMT; Path=/". Unable to parse expires attribute: Tue
06-20 08:25:19.534 23408 23434 W ResponseProcessCookies: Invalid cookie header: "Set-Cookie: mobile_session_id=53da3cd3-b868-4af5-8b81-30beb6ca0c18; Version=1; Max-Age=525600; Expires=Tue, 26-Jun-2012 14:25:19 GMT; Path=/". Unable to parse expires attribute: Tue
06-20 08:25:19.542 23408 23434 W ResponseProcessCookies: Invalid cookie header: "Set-Cookie: mobile_agent_id=55bb32ad-a65f-4ade-83e3-74512a7f85d1; Version=1; Max-Age=525600; Expires=Tue, 26-Jun-2012 14:25:19 GMT; Path=/". Unable to parse expires attribute: Tue
06-20 08:25:19.788 22871 22894 I System.out: 08:25:19 AM RCV  (1095121392): <iq to='lokeshmandvekar@jabber.org/android9e7FLMWG' type='result' id='ping'/>
06-20 08:25:25.284 23408 23410 D dalvikvm: GC_CONCURRENT freed 795K, 10% free 11918K/13127K, paused 14ms+3ms
06-20 08:25:25.292   142   421 I ActivityManager: Process com.google.android.apps.maps:LocationFriendService (pid 23607) has died.
06-20 08:25:30.425   357   357 D dalvikvm: GC_EXPLICIT freed <1K, 6% free 9102K/9607K, paused 15ms+2ms
06-20 08:25:31.647   142   197 D DhcpInfoInternal: makeLinkProperties with empty dns2!
06-20 08:25:31.651   142   197 D DhcpInfoInternal: makeLinkProperties with empty dns2!
06-20 08:25:32.479 22871 22894 I System.out: 08:25:32 AM RCV  (1095121392): <presence from='lokeshmandvekar@gmail.com/android_talk7682aaea69df' to='lokeshmandvekar@jabber.org'><status/><priority>24</priority><caps:c node="http://www.android.com/gtalk/client/caps" ext="pmuc-v1 voice-v1 video-v1 camera-v1" ver="1.1" xmlns:caps="http://jabber.org/protocol/caps"/><show>away</show><x xmlns="vcard-temp:x:update"><photo>10787dcb9604f48a6fc4f42908a91dfd12a1d753</photo></x></presence>
06-20 08:25:32.667 22871 22886 I com.xabber.android.data.roster.SyncManager@41437ab0: Insert presences 1
06-20 08:25:32.667 22871 22886 I com.xabber.android.data.roster.SyncManager$4@414783a0: Presence changed
06-20 08:25:37.178   342   342 D SAN_SERVICE: *******************************************
06-20 08:25:37.178   342   342 D SAN_SERVICE: DM App Phone Service State - 0
06-20 08:25:37.178   342   342 D SAN_SERVICE: *******************************************
06-20 08:25:37.370   342   342 D SAN_SERVICE: *******************************************
06-20 08:25:37.370   342   342 D SAN_SERVICE: DM App Phone Service State - 0
06-20 08:25:37.370   342   342 D SAN_SERVICE: *******************************************
06-20 08:25:38.698 23408 23410 D dalvikvm: GC_CONCURRENT freed 696K, 9% free 12066K/13127K, paused 2ms+3ms
06-20 08:25:42.202   342   342 D SAN_SERVICE: *******************************************
06-20 08:25:42.202   342   342 D SAN_SERVICE: DM App Phone Service State - 0
06-20 08:25:42.202   342   342 D SAN_SERVICE: *******************************************
06-20 08:25:42.280 22643 22644 D dalvikvm: GC_CONCURRENT freed 343K, 5% free 10629K/11143K, paused 39ms+5ms
06-20 08:25:42.323   142   154 I ActivityManager: Start proc com.google.android.apps.maps:LocationFriendService for service com.google.android.apps.maps/com.google.googlenav.friend.reporting.LocationReceiverService: pid=23652 uid=10057 gids={3003, 1015}
06-20 08:25:42.440 23652 23654 D dalvikvm: GC_CONCURRENT freed 173K, 3% free 9363K/9607K, paused 2ms+1ms
06-20 08:25:42.784 23652 23654 D dalvikvm: GC_CONCURRENT freed 156K, 3% free 9659K/9927K, paused 11ms+2ms
06-20 08:25:43.003   342   342 D SAN_SERVICE: *******************************************
06-20 08:25:43.003   342   342 D SAN_SERVICE: DM App Phone Service State - 0
06-20 08:25:43.003   342   342 D SAN_SERVICE: *******************************************
06-20 08:25:43.401 23652 23654 D dalvikvm: GC_CONCURRENT freed 238K, 4% free 9905K/10247K, paused 2ms+3ms
06-20 08:25:43.436 23652 23659 I dalvikvm: Total arena pages for JIT: 11
06-20 08:25:43.440 23652 23659 I dalvikvm: Total arena pages for JIT: 12
06-20 08:25:43.440 23652 23659 I dalvikvm: Total arena pages for JIT: 13
06-20 08:25:43.440 23652 23659 I dalvikvm: Total arena pages for JIT: 14
06-20 08:25:43.440 23652 23659 I dalvikvm: Total arena pages for JIT: 15
06-20 08:25:43.440 23652 23659 I dalvikvm: Total arena pages for JIT: 16
06-20 08:25:43.444 23652 23659 I dalvikvm: Total arena pages for JIT: 17
06-20 08:25:47.436 23408 23410 D dalvikvm: GC_CONCURRENT freed 1044K, 9% free 11969K/13127K, paused 2ms+4ms
06-20 08:25:49.026 18154 18154 D dalvikvm: GC_EXPLICIT freed <1K, 8% free 11662K/12551K, paused 15ms+2ms
06-20 08:25:54.104 12326 12326 D dalvikvm: GC_EXPLICIT freed 410K, 25% free 11296K/14919K, paused 8ms+5ms
06-20 08:25:54.296 23408 23410 D dalvikvm: GC_CONCURRENT freed 863K, 9% free 11981K/13127K, paused 24ms+3ms
06-20 08:25:59.147   142   158 D dalvikvm: GC_EXPLICIT freed 899K, 26% free 20084K/26823K, paused 26ms+9ms
06-20 08:26:01.151 23408 23410 D dalvikvm: GC_CONCURRENT freed 844K, 9% free 11997K/13127K, paused 2ms+3ms
06-20 08:26:01.163   142   294 I ActivityManager: Process com.google.android.apps.maps:LocationFriendService (pid 23652) has died.
06-20 08:26:03.237 22871 22895 I System.out: 08:26:03 AM SENT (1095121392): <iq id="ping" type="get"><ping xmlns="urn:xmpp:ping"/></iq>
06-20 08:26:03.573 22871 22894 I System.out: 08:26:03 AM RCV  (1095121392): <iq to='lokeshmandvekar@jabber.org/android9e7FLMWG' type='result' id='ping'/>
06-20 08:26:06.292   357   357 D dalvikvm: GC_EXPLICIT freed <1K, 6% free 9102K/9607K, paused 14ms+2ms
06-20 08:26:07.850   342   342 D SAN_SERVICE: *******************************************
06-20 08:26:07.850   342   342 D SAN_SERVICE: DM App Phone Service State - 0
06-20 08:26:07.850   342   342 D SAN_SERVICE: *******************************************
06-20 08:26:08.382   342   342 D SAN_SERVICE: *******************************************
06-20 08:26:08.382   342   342 D SAN_SERVICE: DM App Phone Service State - 0
06-20 08:26:08.382   342   342 D SAN_SERVICE: *******************************************
06-20 08:26:09.467 23408 23410 D dalvikvm: GC_CONCURRENT freed 883K, 9% free 11977K/13127K, paused 14ms+3ms
06-20 08:26:17.921 23408 23410 D dalvikvm: GC_CONCURRENT freed 988K, 10% free 11873K/13127K, paused 14ms+4ms
06-20 08:26:18.561 18154 18154 D dalvikvm: GC_EXPLICIT freed <1K, 8% free 11662K/12551K, paused 16ms+3ms
06-20 08:26:21.292 23408 23410 D dalvikvm: GC_CONCURRENT freed 940K, 11% free 11759K/13127K, paused 2ms+4ms
06-20 08:26:21.815   342   342 D SAN_SERVICE: *******************************************
06-20 08:26:21.815   342   342 D SAN_SERVICE: DM App Phone Service State - 0
06-20 08:26:21.815   342   342 D SAN_SERVICE: *******************************************
06-20 08:26:27.307 23408 23410 D dalvikvm: GC_CONCURRENT freed 732K, 10% free 11815K/13127K, paused 2ms+3ms
06-20 08:26:29.733 12326 12326 D dalvikvm: GC_EXPLICIT freed 23K, 25% free 11293K/14919K, paused 1ms+6ms
06-20 08:26:32.991 23408 23410 D dalvikvm: GC_CONCURRENT freed 733K, 10% free 11901K/13127K, paused 14ms+3ms
06-20 08:26:34.264 22871 22895 I System.out: 08:26:34 AM SENT (1095121392): <iq id="ping" type="get"><ping xmlns="urn:xmpp:ping"/></iq>
06-20 08:26:34.628 22871 22894 I System.out: 08:26:34 AM RCV  (1095121392): <iq to='lokeshmandvekar@jabber.org/android9e7FLMWG' type='result' id='ping'/>
06-20 08:26:39.749   142   158 D dalvikvm: GC_EXPLICIT freed 1343K, 26% free 20077K/26823K, paused 3ms+9ms
06-20 08:26:41.405 23408 23410 D dalvikvm: GC_CONCURRENT freed 709K, 9% free 12038K/13127K, paused 14ms+4ms
06-20 08:26:43.471   142   916 I ActivityManager: Start proc com.google.android.apps.maps:LocationFriendService for service com.google.android.apps.maps/com.google.googlenav.friend.reporting.LocationReceiverService: pid=23733 uid=10057 gids={3003, 1015}
06-20 08:26:43.585 23733 23735 D dalvikvm: GC_CONCURRENT freed 175K, 3% free 9360K/9607K, paused 4ms+2ms
06-20 08:26:43.768 23733 23735 D dalvikvm: GC_CONCURRENT freed 132K, 3% free 9679K/9927K, paused 2ms+1ms
06-20 08:26:44.186 23733 23740 I dalvikvm: Total arena pages for JIT: 11
06-20 08:26:44.190 23733 23740 I dalvikvm: Total arena pages for JIT: 12
06-20 08:26:44.190 23733 23740 I dalvikvm: Total arena pages for JIT: 13
06-20 08:26:44.190 23733 23740 I dalvikvm: Total arena pages for JIT: 14
06-20 08:26:44.194 23733 23740 I dalvikvm: Total arena pages for JIT: 15
06-20 08:26:44.194 23733 23740 I dalvikvm: Total arena pages for JIT: 16
06-20 08:26:44.194 23733 23740 I dalvikvm: Total arena pages for JIT: 17
06-20 08:26:44.206 23733 23735 D dalvikvm: GC_CONCURRENT freed 345K, 4% free 9910K/10311K, paused 6ms+7ms
06-20 08:26:47.175   342   342 D SAN_SERVICE: *******************************************
06-20 08:26:47.175   342   342 D SAN_SERVICE: DM App Phone Service State - 0
06-20 08:26:47.175   342   342 D SAN_SERVICE: *******************************************
06-20 08:26:47.374   342   342 D SAN_SERVICE: *******************************************
06-20 08:26:47.374   342   342 D SAN_SERVICE: DM App Phone Service State - 0
06-20 08:26:47.374   342   342 D SAN_SERVICE: *******************************************
06-20 08:26:47.936 23408 23410 D dalvikvm: GC_CONCURRENT freed 987K, 10% free 11930K/13127K, paused 14ms+3ms
06-20 08:26:48.116   342   342 D SAN_SERVICE: *******************************************
06-20 08:26:48.116   342   342 D SAN_SERVICE: DM App Phone Service State - 0
06-20 08:26:48.116   342   342 D SAN_SERVICE: *******************************************
06-20 08:26:52.178 23408 23410 D dalvikvm: GC_CONCURRENT freed 980K, 10% free 11865K/13127K, paused 2ms+3ms
06-20 08:26:53.206   213   213 D dalvikvm: GC_EXPLICIT freed 61K, 59% free 9751K/23687K, paused 19ms+4ms
06-20 08:26:55.425 23408 23410 D dalvikvm: GC_CONCURRENT freed 879K, 10% free 11817K/13127K, paused 26ms+3ms
06-20 08:26:57.921 23408 23410 D dalvikvm: GC_CONCURRENT freed 774K, 10% free 11852K/13127K, paused 16ms+3ms
06-20 08:26:59.417   342   342 D dalvikvm: GC_EXPLICIT freed 934K, 19% free 12349K/15175K, paused 2ms+7ms
06-20 08:27:05.108   428   428 D dalvikvm: GC_EXPLICIT freed <1K, 4% free 9038K/9347K, paused 2ms+2ms
06-20 08:27:05.268   142   172 I ActivityManager: Start proc com.google.android.apps.plus for service com.google.android.apps.plus/.service.EsService: pid=23772 uid=10058 gids={3003, 3002, 1015, 1006}
06-20 08:27:05.327    80    80 D dalvikvm: GC_EXPLICIT freed 38K, 4% free 9031K/9347K, paused 2ms+6ms
06-20 08:27:05.393    80    80 D dalvikvm: GC_EXPLICIT freed <1K, 4% free 9031K/9347K, paused 2ms+5ms
06-20 08:27:05.475    80    80 D dalvikvm: GC_EXPLICIT freed <1K, 4% free 9031K/9347K, paused 3ms+2ms
06-20 08:27:05.514 22871 22895 I System.out: 08:27:05 AM SENT (1095121392): <iq id="ping" type="get"><ping xmlns="urn:xmpp:ping"/></iq>
06-20 08:27:05.581 23772 23774 D dalvikvm: GC_CONCURRENT freed 174K, 3% free 9362K/9607K, paused 2ms+6ms
06-20 08:27:05.721 23772 23772 I ActivityThread: Pub com.google.android.apps.plus.content.ApiProvider: com.google.android.apps.plus.content.EsApiProvider
06-20 08:27:05.768 23772 23772 I ActivityThread: Pub com.google.android.apps.plus.content.EsGooglePhotoProvider: com.google.android.picasasync.PicasaContentProvider
06-20 08:27:05.823 22871 22894 I System.out: 08:27:05 AM RCV  (1095121392): <iq to='lokeshmandvekar@jabber.org/android9e7FLMWG' type='result' id='ping'/>
06-20 08:27:05.948 23772 23774 D dalvikvm: GC_CONCURRENT freed 467K, 6% free 9449K/9991K, paused 2ms+3ms
06-20 08:27:05.952 23772 23772 I ActivityThread: Pub com.google.android.apps.plus.content.EsPicasaStoreProvider: com.google.android.picasastore.PicasaPhotoContentProvider
06-20 08:27:05.983   142   922 I ActivityManager: Process com.google.android.apps.maps:LocationFriendService (pid 23733) has died.
06-20 08:27:06.003 23772 23772 I ActivityThread: Pub com.google.plus.platform: com.google.android.apps.plus.content.AdsProvider
06-20 08:27:06.003 23772 23772 I ActivityThread: Pub com.google.android.apps.plus.iu.EsGoogleIuProvider: com.google.android.apps.plus.iu.InstantUploadProvider
06-20 08:27:06.046 23772 23772 I ActivityThread: Pub com.google.android.apps.plus.content.EsProvider: com.google.android.apps.plus.content.EsProvider
06-20 08:27:06.132   142   294 I ActivityManager: Start proc android.process.media for content provider com.android.providers.media/.MediaProvider: pid=23787 uid=10012 gids={1015, 1023, 1024, 2001, 3003, 3007}
06-20 08:27:06.135 23772 23774 D dalvikvm: GC_CONCURRENT freed 431K, 6% free 9549K/10055K, paused 27ms+7ms
06-20 08:27:06.194 23787 23787 I ActivityThread: Pub downloads: com.android.providers.downloads.DownloadProvider
06-20 08:27:06.292 23787 23787 I ActivityThread: Pub drm: com.android.providers.drm.DrmProvider
06-20 08:27:06.292 23787 23804 I DownloadManager: in removeSpuriousFiles
06-20 08:27:06.300 23787 23787 I ActivityThread: Pub media: com.android.providers.media.MediaProvider
06-20 08:27:06.346 23787 23804 I DownloadManager: deleting spurious file /cache/backup
06-20 08:27:06.460 23772 23774 D dalvikvm: GC_CONCURRENT freed 174K, 3% free 9839K/10119K, paused 14ms+3ms
06-20 08:27:06.585 23772 23774 D dalvikvm: GC_CONCURRENT freed 222K, 4% free 10030K/10375K, paused 1ms+3ms
06-20 08:27:06.632 23772 23801 D dalvikvm: GC_FOR_ALLOC freed 92K, 4% free 10126K/10503K, paused 20ms
06-20 08:27:06.710 23787 23789 D dalvikvm: GC_CONCURRENT freed 322K, 5% free 9207K/9607K, paused 2ms+3ms
06-20 08:27:06.768 23772 23774 D dalvikvm: GC_CONCURRENT freed 408K, 6% free 10160K/10759K, paused 1ms+2ms
06-20 08:27:06.768 23772 23786 D PicasaPhotoCP: set fsid first time:-1
06-20 08:27:06.811 23772 23801 D dalvikvm: GC_FOR_ALLOC freed 93K, 5% free 10256K/10759K, paused 17ms
06-20 08:27:06.811 23772 23801 I dalvikvm-heap: Grow heap (frag case) to 10.333MB for 260112-byte allocation
06-20 08:27:06.827 23772 23801 D dalvikvm: GC_FOR_ALLOC freed 126K, 6% free 10384K/11015K, paused 16ms
06-20 08:27:06.850 23772 23801 D dalvikvm: GC_FOR_ALLOC freed 369K, 6% free 10383K/11015K, paused 16ms
06-20 08:27:06.893 23772 23774 D dalvikvm: GC_CONCURRENT freed 381K, 6% free 10386K/11015K, paused 2ms+2ms
06-20 08:27:07.046 23772 23774 D dalvikvm: GC_CONCURRENT freed 84K, 3% free 10691K/11015K, paused 2ms+2ms
06-20 08:27:07.155 23772 23774 D dalvikvm: GC_CONCURRENT freed 101K, 2% free 11067K/11271K, paused 1ms+2ms
06-20 08:27:07.401 23772 23774 D dalvikvm: GC_CONCURRENT freed 387K, 5% free 11263K/11783K, paused 3ms+4ms
06-20 08:27:07.581 23772 23774 D dalvikvm: GC_CONCURRENT freed 151K, 3% free 11785K/12039K, paused 2ms+2ms
06-20 08:27:08.112 23408 23410 D dalvikvm: GC_CONCURRENT freed 590K, 8% free 12095K/13127K, paused 17ms+4ms
06-20 08:27:09.811   142   918 I ActivityManager: Process android.process.media (pid 23787) has died.
06-20 08:27:09.995   142   145 D dalvikvm: GC_CONCURRENT freed 1963K, 26% free 20101K/26823K, paused 3ms+9ms
06-20 08:27:10.042   142   166 I ActivityManager: Start proc com.google.android.gm for service com.google.android.gm/.provider.MailSyncAdapterService: pid=23822 uid=10019 gids={3003, 1015}
06-20 08:27:10.151 23822 23822 I ActivityThread: Pub gmail-ls: com.google.android.gm.provider.MailProvider
06-20 08:27:10.186 23822 23822 I ActivityThread: Pub com.google.android.gm: com.google.android.gm.provider.PublicContentProvider
06-20 08:27:10.198 23822 23822 I ActivityThread: Pub com.google.android.gmail.SuggestionProvider: com.google.android.gm.SuggestionsProvider
06-20 08:27:11.178 23822 23825 D dalvikvm: GC_CONCURRENT freed 228K, 4% free 9254K/9607K, paused 3ms+3ms
06-20 08:27:11.382 23822 23840 I Gmail   : calculateUnknownSyncRationalesAndPurgeInBackground: queueing
06-20 08:27:11.471 23822 23840 I Gmail   : calculateUnknownSyncRationalesAndPurgeInBackground: queueing
06-20 08:27:11.514 23822 23837 I Gmail   : MainSyncRequestProto: lowestBkwdConvoId: 0, highestHandledServerOp: 3256252, normalSync: true
06-20 08:27:11.542 23822 23825 D dalvikvm: GC_CONCURRENT freed 298K, 5% free 9376K/9799K, paused 5ms+2ms
06-20 08:27:11.800 23822 23840 I Gmail   : calculateUnknownSyncRationalesAndPurgeInBackground: running
06-20 08:27:11.807 23822 23840 I Gmail   : calculateUnknownSyncRationalesAndPurgeInBackground: running
06-20 08:27:12.913 23408 23410 D dalvikvm: GC_CONCURRENT freed 1061K, 10% free 11935K/13127K, paused 20ms+4ms
06-20 08:27:13.518 23822 23825 D dalvikvm: GC_CONCURRENT freed 323K, 5% free 9474K/9927K, paused 2ms+2ms
06-20 08:27:14.280 23064 23077 I PhoneLab-: Service Running
06-20 08:27:14.366   142   602 I ActivityManager: Process com.google.android.apps.plus (pid 23772) has died.
06-20 08:27:14.421 23064 23077 I PhoneLab-LoggerService: app_38    30294 1     2548   2100  c00f181c 400107b4 S logcat
06-20 08:27:14.425 23064 23077 I PhoneLab-LoggerService: Logcat pid from database 30294
06-20 08:27:14.425 23064 23077 I PhoneLab-LoggerService: Logcat process found 30294
06-20 08:27:14.425 23064 23077 I PhoneLab-LoggerService: Checking Threshold
06-20 08:27:14.425 23064 23077 I PhoneLab-LoggerService: Starting to rename files
06-20 08:27:14.425 23064 23077 I PhoneLab-LoggerService: Files found .. 2
06-20 08:27:15.089 23822 23825 D dalvikvm: GC_CONCURRENT freed 461K, 6% free 9461K/10055K, paused 2ms+3ms
06-20 08:27:15.206 23822 23825 D dalvikvm: GC_CONCURRENT freed 379K, 6% free 9483K/10055K, paused 2ms+4ms
06-20 08:27:15.346 23822 23825 D dalvikvm: GC_CONCURRENT freed 449K, 6% free 9500K/10055K, paused 1ms+4ms
06-20 08:27:15.483 23822 23825 D dalvikvm: GC_CONCURRENT freed 448K, 6% free 9501K/10055K, paused 2ms+2ms
06-20 08:27:15.604 23822 23825 D dalvikvm: GC_CONCURRENT freed 448K, 6% free 9501K/10055K, paused 2ms+2ms
06-20 08:27:15.729 23822 23825 D dalvikvm: GC_CONCURRENT freed 448K, 6% free 9500K/10055K, paused 2ms+2ms
06-20 08:27:15.858 23822 23825 D dalvikvm: GC_CONCURRENT freed 448K, 6% free 9500K/10055K, paused 2ms+2ms
06-20 08:27:15.975 23822 23825 D dalvikvm: GC_CONCURRENT freed 448K, 6% free 9500K/10055K, paused 2ms+2ms
06-20 08:27:16.108 23822 23825 D dalvikvm: GC_CONCURRENT freed 448K, 6% free 9504K/10055K, paused 2ms+2ms
06-20 08:27:16.253 23822 23825 D dalvikvm: GC_CONCURRENT freed 448K, 6% free 9501K/10055K, paused 1ms+2ms
06-20 08:27:16.385 23822 23825 D dalvikvm: GC_CONCURRENT freed 447K, 6% free 9477K/10055K, paused 2ms+1ms
06-20 08:27:16.530 23822 23825 D dalvikvm: GC_CONCURRENT freed 448K, 6% free 9500K/10055K, paused 1ms+3ms
06-20 08:27:16.854 23822 23837 D dalvikvm: GC_EXPLICIT freed 339K, 6% free 9487K/10055K, paused 1ms+2ms
06-20 08:27:16.858 23822 23837 I Gmail   : MainSyncRequestProto: lowestBkwdConvoId: 0, highestHandledServerOp: 3256572, normalSync: true
06-20 08:27:18.038 23822 23837 D dalvikvm: GC_EXPLICIT freed 240K, 6% free 9543K/10055K, paused 7ms+2ms
06-20 08:27:18.046 23822 23837 I Gmail   : MainSyncRequestProto: lowestBkwdConvoId: 0, highestHandledServerOp: 3256572, normalSync: true
06-20 08:27:18.100 23822 23837 W Gmail   : Scheduling index for 300000 ms from now
06-20 08:27:18.135 23822 23837 I Gmail   : Sending notification intent: Intent { act=android.intent.action.PROVIDER_CHANGED dat=content://gmail-ls/unread/^i (has extras) }
06-20 08:27:18.342 23822 23856 W Gmail   : Showing notification with unreadCount of 1 and unseenCount of 1
06-20 08:27:18.382 11148 11150 D dalvikvm: GC_CONCURRENT freed 367K, 6% free 10316K/10951K, paused 77ms+3ms
06-20 08:27:18.409   142   919 I ActivityManager: Start proc android.process.acore for content provider com.android.providers.contacts/.ContactsProvider2: pid=23858 uid=10000 gids={3003, 1015}
06-20 08:27:18.483 23858 23858 I ActivityThread: Pub call_log: com.android.providers.contacts.CallLogProvider
06-20 08:27:18.530 23858 23858 I ActivityThread: Pub com.android.voicemail: com.android.providers.contacts.VoicemailContentProvider
06-20 08:27:18.534 23858 23858 I ActivityThread: Pub user_dictionary: com.android.providers.userdictionary.UserDictionaryProvider
06-20 08:27:18.561 23858 23858 I ActivityThread: Pub com.android.social: com.android.providers.contacts.SocialProvider
06-20 08:27:18.565 23858 23858 I ActivityThread: Pub applications: com.android.providers.applications.ApplicationsProvider
06-20 08:27:18.714 23858 23858 I ActivityThread: Pub contacts;com.android.contacts: com.android.providers.contacts.ContactsProvider2
06-20 08:27:18.749 23858 23859 D dalvikvm: GC_CONCURRENT freed 343K, 5% free 9190K/9607K, paused 5ms+5ms
06-20 08:27:19.120   142   370 I ActivityManager: Process android.process.acore (pid 23858) has died.
06-20 08:27:19.456   213   215 D dalvikvm: GC_CONCURRENT freed 219K, 58% free 10012K/23687K, paused 7ms+3ms
06-20 08:27:19.538   213   215 D dalvikvm: GC_CONCURRENT freed 552K, 59% free 9924K/23687K, paused 2ms+4ms
06-20 08:27:19.842   142   159 I ActivityManager: Start proc com.google.android.apps.plus for broadcast com.google.android.apps.plus/.service.CameraMonitor: pid=23873 uid=10058 gids={3003, 3002, 1015, 1006}
06-20 08:27:19.854   142   922 I ActivityManager: Process com.google.android.gm (pid 23822) has died.
06-20 08:27:20.151 23873 23876 D dalvikvm: GC_CONCURRENT freed 155K, 3% free 9381K/9607K, paused 4ms+2ms
06-20 08:27:20.214 23873 23873 I ActivityThread: Pub com.google.android.apps.plus.content.ApiProvider: com.google.android.apps.plus.content.EsApiProvider
06-20 08:27:20.249 23873 23873 I ActivityThread: Pub com.google.android.apps.plus.content.EsGooglePhotoProvider: com.google.android.picasasync.PicasaContentProvider
06-20 08:27:20.444 23873 23876 D dalvikvm: GC_CONCURRENT freed 483K, 6% free 9432K/9991K, paused 4ms+3ms
06-20 08:27:20.444 23873 23873 I ActivityThread: Pub com.google.android.apps.plus.content.EsPicasaStoreProvider: com.google.android.picasastore.PicasaPhotoContentProvider
06-20 08:27:20.479 23873 23873 I ActivityThread: Pub com.google.plus.platform: com.google.android.apps.plus.content.AdsProvider
06-20 08:27:20.487 23873 23873 I ActivityThread: Pub com.google.android.apps.plus.iu.EsGoogleIuProvider: com.google.android.apps.plus.iu.InstantUploadProvider
06-20 08:27:20.565   142   422 I ActivityManager: Start proc android.process.media for content provider com.android.providers.media/.MediaProvider: pid=23888 uid=10012 gids={1015, 1023, 1024, 2001, 3003, 3007}
06-20 08:27:20.592 23873 23873 I ActivityThread: Pub com.google.android.apps.plus.content.EsProvider: com.google.android.apps.plus.content.EsProvider
06-20 08:27:20.600 23888 23888 I ActivityThread: Pub downloads: com.android.providers.downloads.DownloadProvider
06-20 08:27:20.667 23888 23888 I ActivityThread: Pub drm: com.android.providers.drm.DrmProvider
06-20 08:27:20.671 23888 23901 I DownloadManager: in removeSpuriousFiles
06-20 08:27:20.678 23873 23876 D dalvikvm: GC_CONCURRENT freed 416K, 5% free 9557K/10055K, paused 6ms+8ms
06-20 08:27:20.729 23888 23888 I ActivityThread: Pub media: com.android.providers.media.MediaProvider
06-20 08:27:20.780 23888 23901 I DownloadManager: deleting spurious file /cache/backup
06-20 08:27:20.952   142   602 D dalvikvm: GC_EXPLICIT freed 1059K, 25% free 20134K/26823K, paused 4ms+10ms
06-20 08:27:21.128 23888 23890 D dalvikvm: GC_CONCURRENT freed 326K, 5% free 9210K/9607K, paused 4ms+2ms
06-20 08:27:21.198 23873 23876 D dalvikvm: GC_CONCURRENT freed 125K, 3% free 9898K/10119K, paused 48ms+2ms
06-20 08:27:21.210 23873 23887 D PicasaPhotoCP: set fsid first time:-1
06-20 08:27:21.292 23873 23876 D dalvikvm: GC_CONCURRENT freed 287K, 4% free 10059K/10439K, paused 2ms+2ms
06-20 08:27:21.315 23873 23902 D dalvikvm: GC_FOR_ALLOC freed 189K, 5% free 10250K/10695K, paused 20ms
06-20 08:27:21.350 23873 23902 D dalvikvm: GC_FOR_ALLOC freed 373K, 6% free 10251K/10823K, paused 19ms
06-20 08:27:21.366 23873 23902 D dalvikvm: GC_FOR_ALLOC freed 126K, 5% free 10379K/10823K, paused 17ms
06-20 08:27:21.389 23873 23902 D dalvikvm: GC_FOR_ALLOC freed 369K, 6% free 10379K/10951K, paused 18ms
06-20 08:27:21.409 23873 23902 D dalvikvm: GC_FOR_ALLOC freed 126K, 5% free 10507K/10951K, paused 17ms
06-20 08:27:21.510 23873 23876 D dalvikvm: GC_CONCURRENT freed 324K, 5% free 10636K/11079K, paused 1ms+3ms
06-20 08:27:21.647 23873 23876 D dalvikvm: GC_CONCURRENT freed 100K, 2% free 10996K/11207K, paused 2ms+3ms
06-20 08:27:21.803 23873 23876 D dalvikvm: GC_CONCURRENT freed 392K, 5% free 11217K/11719K, paused 2ms+2ms
06-20 08:27:21.979 23873 23876 D dalvikvm: GC_CONCURRENT freed 144K, 3% free 11714K/11975K, paused 2ms+2ms
06-20 08:27:22.065   142   602 I ActivityManager: Process com.google.android.apps.plus (pid 23873) has died.
06-20 08:27:23.030   342   342 D SAN_SERVICE: *******************************************
06-20 08:27:23.030   342   342 D SAN_SERVICE: DM App Phone Service State - 0
06-20 08:27:23.030   342   342 D SAN_SERVICE: *******************************************
06-20 08:27:23.186   342   342 D SAN_SERVICE: *******************************************
06-20 08:27:23.186   342   342 D SAN_SERVICE: DM App Phone Service State - 0
06-20 08:27:23.186   342   342 D SAN_SERVICE: *******************************************
06-20 08:27:23.737   342   342 D SAN_SERVICE: *******************************************
06-20 08:27:23.737   342   342 D SAN_SERVICE: DM App Phone Service State - 0
06-20 08:27:23.737   342   342 D SAN_SERVICE: *******************************************
06-20 08:27:25.854 23408 23410 D dalvikvm: GC_CONCURRENT freed 779K, 9% free 12010K/13127K, paused 2ms+4ms
06-20 08:27:30.905   357   357 D dalvikvm: GC_EXPLICIT freed <1K, 6% free 9102K/9607K, paused 15ms+2ms
06-20 08:27:33.241   342   342 D SAN_SERVICE: *******************************************
06-20 08:27:33.241   342   342 D SAN_SERVICE: DM App Phone Service State - 0
06-20 08:27:33.241   342   342 D SAN_SERVICE: *******************************************
06-20 08:27:33.464   342   342 D SAN_SERVICE: *******************************************
06-20 08:27:33.464   342   342 D SAN_SERVICE: DM App Phone Service State - 0
06-20 08:27:33.464   342   342 D SAN_SERVICE: *******************************************
06-20 08:27:34.175   342   342 D SAN_SERVICE: *******************************************
06-20 08:27:34.175   342   342 D SAN_SERVICE: DM App Phone Service State - 0
06-20 08:27:34.175   342   342 D SAN_SERVICE: *******************************************
06-20 08:27:34.542 23408 23410 D dalvikvm: GC_CONCURRENT freed 865K, 9% free 12018K/13127K, paused 13ms+3ms
06-20 08:27:36.628 22871 22895 I System.out: 08:27:36 AM SENT (1095121392): <iq id="ping" type="get"><ping xmlns="urn:xmpp:ping"/></iq>
06-20 08:27:36.897 22871 22894 I System.out: 08:27:36 AM RCV  (1095121392): <iq to='lokeshmandvekar@jabber.org/android9e7FLMWG' type='result' id='ping'/>
06-20 08:27:39.300 18154 18154 D dalvikvm: GC_EXPLICIT freed <1K, 8% free 11662K/12551K, paused 24ms+2ms
06-20 08:27:40.034   342   342 D SAN_SERVICE: *******************************************
06-20 08:27:40.034   342   342 D SAN_SERVICE: DM App Phone Service State - 0
06-20 08:27:40.034   342   342 D SAN_SERVICE: *******************************************
06-20 08:27:43.643 22643 22644 D dalvikvm: GC_CONCURRENT freed 956K, 10% free 10237K/11271K, paused 2ms+3ms
06-20 08:27:43.675   142   916 I ActivityManager: Start proc com.google.android.apps.maps:LocationFriendService for service com.google.android.apps.maps/com.google.googlenav.friend.reporting.LocationReceiverService: pid=23927 uid=10057 gids={3003, 1015}
06-20 08:27:43.882 23927 23930 D dalvikvm: GC_CONCURRENT freed 164K, 3% free 9372K/9607K, paused 2ms+1ms
06-20 08:27:44.331 23927 23930 D dalvikvm: GC_CONCURRENT freed 186K, 3% free 9630K/9927K, paused 7ms+2ms
06-20 08:27:44.792   142   916 I ActivityManager: Process android.process.media (pid 23888) has died.
06-20 08:27:44.925 23927 23930 D dalvikvm: GC_CONCURRENT freed 207K, 3% free 9899K/10183K, paused 2ms+3ms
06-20 08:27:44.979 23927 23934 I dalvikvm: Total arena pages for JIT: 11
06-20 08:27:44.979 23927 23934 I dalvikvm: Total arena pages for JIT: 12
06-20 08:27:44.979 23927 23934 I dalvikvm: Total arena pages for JIT: 13
06-20 08:27:44.979 23927 23934 I dalvikvm: Total arena pages for JIT: 14
06-20 08:27:44.979 23927 23934 I dalvikvm: Total arena pages for JIT: 15
06-20 08:27:44.979 23927 23934 I dalvikvm: Total arena pages for JIT: 16
06-20 08:27:44.979 23927 23934 I dalvikvm: Total arena pages for JIT: 17
06-20 08:27:45.643 23408 23410 D dalvikvm: GC_CONCURRENT freed 1001K, 9% free 11954K/13127K, paused 2ms+10ms
06-20 08:27:53.651   342   342 D SAN_SERVICE: *******************************************
06-20 08:27:53.651   342   342 D SAN_SERVICE: DM App Phone Service State - 0
06-20 08:27:53.651   342   342 D SAN_SERVICE: *******************************************
06-20 08:27:54.428   342   342 D SAN_SERVICE: *******************************************
06-20 08:27:54.428   342   342 D SAN_SERVICE: DM App Phone Service State - 0
06-20 08:27:54.428   342   342 D SAN_SERVICE: *******************************************
06-20 08:27:56.553   142   197 D DhcpInfoInternal: makeLinkProperties with empty dns2!
06-20 08:27:56.557   142   197 D DhcpInfoInternal: makeLinkProperties with empty dns2!
06-20 08:28:05.092   142   145 D dalvikvm: GC_CONCURRENT freed 2029K, 25% free 20152K/26823K, paused 7ms+10ms
06-20 08:28:05.135 12326 12326 D dalvikvm: GC_EXPLICIT freed 76K, 25% free 11293K/14919K, paused 2ms+3ms
06-20 08:28:07.678 22871 22895 I System.out: 08:28:07 AM SENT (1095121392): <iq id="ping" type="get"><ping xmlns="urn:xmpp:ping"/></iq>
06-20 08:28:07.952 22871 22894 I System.out: 08:28:07 AM RCV  (1095121392): <iq to='lokeshmandvekar@jabber.org/android9e7FLMWG' type='result' id='ping'/>
06-20 08:28:09.639 23408 23410 D dalvikvm: GC_CONCURRENT freed 681K, 8% free 12147K/13127K, paused 14ms+4ms
06-20 08:28:14.112   142   158 D dalvikvm: GC_EXPLICIT freed 454K, 26% free 20111K/26823K, paused 30ms+9ms
06-20 08:28:19.249   342   342 D SAN_SERVICE: *******************************************
06-20 08:28:19.249   342   342 D SAN_SERVICE: DM App Phone Service State - 0
06-20 08:28:19.249   342   342 D SAN_SERVICE: *******************************************
06-20 08:28:19.518   342   342 D SAN_SERVICE: *******************************************
06-20 08:28:19.518   342   342 D SAN_SERVICE: DM App Phone Service State - 0
06-20 08:28:19.518   342   342 D SAN_SERVICE: *******************************************
06-20 08:28:20.921 23408 23410 D dalvikvm: GC_CONCURRENT freed 1075K, 10% free 12050K/13255K, paused 14ms+4ms
06-20 08:28:28.417 22643 22663 D IOCollector: Waiting for the ScannerThread to start.
06-20 08:28:28.425 22643 23997 D IOCollector: Real collector stared with config: Scanner types: [16, 64, 128]; Dest: MEMORY; ScanDuration: 10000, SensorDelay: {4=1}; Data path: null; Key path: null; View opted out WIFI APs: false
06-20 08:28:28.436 22643 23997 D IOCollector: J started.
06-20 08:28:28.585 22643 23997 D IOCollector: aq started.
06-20 08:28:28.608 22643 23997 D IOCollector: F started.
06-20 08:28:28.643   213   215 D dalvikvm: GC_CONCURRENT freed 258K, 58% free 10062K/23687K, paused 5ms+13ms
06-20 08:28:28.643 22643 23997 D IOCollector: RealCollector started.
06-20 08:28:28.706   213   213 D dalvikvm: GC_FOR_ALLOC freed 365K, 58% free 10056K/23687K, paused 16ms
06-20 08:28:28.757   213   215 D dalvikvm: GC_CONCURRENT freed 444K, 58% free 10056K/23687K, paused 2ms+3ms
06-20 08:28:28.936   213   213 D dalvikvm: GC_FOR_ALLOC freed 368K, 58% free 10054K/23687K, paused 37ms
06-20 08:28:30.260   142   421 I ActivityManager: Process com.google.android.apps.maps:LocationFriendService (pid 23927) has died.
06-20 08:28:31.303   142   158 I Process : Sending signal. PID: 12326 SIG: 3
06-20 08:28:31.303 12326 12330 I dalvikvm: threadid=3: reacting to signal 3
06-20 08:28:31.428 12326 12330 I dalvikvm: Wrote stack traces to '/data/anr/traces.txt'
06-20 08:28:32.292 23408 23410 D dalvikvm: GC_CONCURRENT freed 957K, 10% free 11974K/13255K, paused 21ms+3ms
06-20 08:28:35.444 22643 22644 D dalvikvm: GC_CONCURRENT freed 205K, 8% free 10419K/11271K, paused 21ms+2ms
06-20 08:28:35.534 23408 23410 D dalvikvm: GC_CONCURRENT freed 998K, 11% free 11871K/13255K, paused 2ms+5ms
06-20 08:28:37.096   357   357 D dalvikvm: GC_EXPLICIT freed <1K, 6% free 9102K/9607K, paused 19ms+2ms
06-20 08:28:38.436 22643 22643 D IOCollector: J stopped.
06-20 08:28:38.460 22643 22643 D IOCollector: aq stopped.
06-20 08:28:38.460 22643 22643 D IOCollector: All scanner finished.
06-20 08:28:38.460 22643 22643 D IOCollector: F stopped.
06-20 08:28:38.464   142   294 W ActivityManager: finishReceiver called but no pending broadcasts
06-20 08:28:38.565 22643 22644 D dalvikvm: GC_CONCURRENT freed 323K, 6% free 10607K/11271K, paused 2ms+2ms
06-20 08:28:38.573 22643 23997 D IOCollector: SignalCollector.ScannerThread is quiting.
06-20 08:28:38.655   213   213 D dalvikvm: GC_FOR_ALLOC freed 369K, 58% free 10054K/23687K, paused 20ms
06-20 08:28:38.717   213   215 D dalvikvm: GC_CONCURRENT freed 443K, 58% free 10053K/23687K, paused 1ms+3ms
06-20 08:28:38.846 22643 22644 D dalvikvm: GC_CONCURRENT freed 481K, 6% free 10641K/11271K, paused 10ms+16ms
06-20 08:28:38.862 22871 22895 I System.out: 08:28:38 AM SENT (1095121392): <iq id="ping" type="get"><ping xmlns="urn:xmpp:ping"/></iq>
06-20 08:28:39.253 22871 22894 I System.out: 08:28:39 AM RCV  (1095121392): <iq to='lokeshmandvekar@jabber.org/android9e7FLMWG' type='result' id='ping'/>
06-20 08:28:43.585   142   366 I ActivityManager: Start proc com.google.android.apps.maps:LocationFriendService for service com.google.android.apps.maps/com.google.googlenav.friend.reporting.LocationReceiverService: pid=24008 uid=10057 gids={3003, 1015}
06-20 08:28:43.737 11148 11164 D dalvikvm: GC_EXPLICIT freed 69K, 7% free 10282K/10951K, paused 5ms+11ms
06-20 08:28:43.741 24008 24011 D dalvikvm: GC_CONCURRENT freed 168K, 3% free 9368K/9607K, paused 1ms+2ms
06-20 08:28:43.940 24008 24011 D dalvikvm: GC_CONCURRENT freed 164K, 3% free 9679K/9927K, paused 3ms+2ms
06-20 08:28:44.057 22643 22644 D dalvikvm: GC_CONCURRENT freed 455K, 5% free 10710K/11271K, paused 1ms+3ms
06-20 08:28:44.315 23408 23410 D dalvikvm: GC_CONCURRENT freed 641K, 9% free 12066K/13255K, paused 1ms+3ms
06-20 08:28:44.585 24008 24015 I dalvikvm: Total arena pages for JIT: 11
06-20 08:28:44.585 24008 24015 I dalvikvm: Total arena pages for JIT: 12
06-20 08:28:44.589 24008 24015 I dalvikvm: Total arena pages for JIT: 13
06-20 08:28:44.589 24008 24015 I dalvikvm: Total arena pages for JIT: 14
06-20 08:28:44.589 24008 24015 I dalvikvm: Total arena pages for JIT: 15
06-20 08:28:44.589 24008 24015 I dalvikvm: Total arena pages for JIT: 16
06-20 08:28:44.589 24008 24015 I dalvikvm: Total arena pages for JIT: 17
06-20 08:28:44.620 24008 24011 D dalvikvm: GC_CONCURRENT freed 319K, 4% free 9918K/10311K, paused 1ms+2ms
06-20 08:28:44.925 24008 24011 D dalvikvm: GC_CONCURRENT freed 299K, 4% free 10022K/10439K, paused 10ms+2ms
06-20 08:28:45.081 24008 24011 D dalvikvm: GC_CONCURRENT freed 196K, 4% free 10238K/10567K, paused 2ms+2ms
06-20 08:28:48.600 18154 18154 D dalvikvm: GC_EXPLICIT freed <1K, 8% free 11662K/12551K, paused 19ms+2ms
06-20 08:28:50.194 23408 23410 D dalvikvm: GC_CONCURRENT freed 972K, 10% free 11992K/13255K, paused 14ms+3ms
06-20 08:28:53.592 12326 12326 D dalvikvm: GC_EXPLICIT freed 20K, 25% free 11293K/14919K, paused 17ms+5ms
06-20 08:28:54.007   142   919 I ActivityManager: Process com.google.android.apps.maps:LocationFriendService (pid 24008) has died.
06-20 08:28:54.159   142   145 D dalvikvm: GC_CONCURRENT freed 1918K, 25% free 20150K/26823K, paused 4ms+9ms
06-20 08:28:57.272 23408 23410 D dalvikvm: GC_CONCURRENT freed 839K, 10% free 12026K/13255K, paused 14ms+3ms
06-20 08:29:00.112   213   215 D dalvikvm: GC_CONCURRENT freed 421K, 58% free 10017K/23687K, paused 2ms+6ms
06-20 08:29:04.553 23408 23410 D dalvikvm: GC_CONCURRENT freed 808K, 9% free 12112K/13255K, paused 14ms+4ms
06-20 08:29:05.229   142   158 D dalvikvm: GC_EXPLICIT freed 410K, 26% free 20105K/26823K, paused 26ms+9ms
06-20 08:29:09.928 22871 22895 I System.out: 08:29:09 AM SENT (1095121392): <iq id="ping" type="get"><ping xmlns="urn:xmpp:ping"/></iq>
06-20 08:29:10.225 22871 22894 I System.out: 08:29:10 AM RCV  (1095121392): <iq to='lokeshmandvekar@jabber.org/android9e7FLMWG' type='result' id='ping'/>
06-20 08:29:12.171   213   213 D dalvikvm: GC_EXPLICIT freed 11K, 58% free 10010K/23687K, paused 16ms+3ms
06-20 08:29:13.487 23408 23410 D dalvikvm: GC_CONCURRENT freed 861K, 9% free 12175K/13255K, paused 2ms+4ms
06-20 08:29:14.276 23064 23077 I PhoneLab-: Service Running
06-20 08:29:14.397 23064 23077 I PhoneLab-LoggerService: app_38    30294 1     2548   2100  c00f181c 400107b4 S logcat
06-20 08:29:14.397 23064 23077 I PhoneLab-LoggerService: Logcat pid from database 30294
06-20 08:29:14.397 23064 23077 I PhoneLab-LoggerService: Logcat process found 30294
06-20 08:29:14.397 23064 23077 I PhoneLab-LoggerService: Checking Threshold
06-20 08:29:14.397 23064 23077 I PhoneLab-LoggerService: Starting to rename files
06-20 08:29:14.397 23064 23077 I PhoneLab-LoggerService: Files found .. 2
06-20 08:29:17.210   342   342 D dalvikvm: GC_EXPLICIT freed 211K, 19% free 12345K/15175K, paused 29ms+3ms
06-20 08:29:20.874   342   342 D SAN_SERVICE: *******************************************
06-20 08:29:20.878   342   342 D SAN_SERVICE: DM App Phone Service State - 0
06-20 08:29:20.878   342   342 D SAN_SERVICE: *******************************************
06-20 08:29:21.092   342   342 D SAN_SERVICE: *******************************************
06-20 08:29:21.092   342   342 D SAN_SERVICE: DM App Phone Service State - 0
06-20 08:29:21.092   342   342 D SAN_SERVICE: *******************************************
06-20 08:29:24.581 23408 23410 D dalvikvm: GC_CONCURRENT freed 1004K, 9% free 12131K/13255K, paused 15ms+4ms
06-20 08:29:26.198   428   428 D dalvikvm: GC_EXPLICIT freed <1K, 4% free 9038K/9347K, paused 14ms+1ms
06-20 08:29:30.178   142   172 I ActivityManager: Start proc com.twitter.android for service com.twitter.android/.client.AppService: pid=24091 uid=10068 gids={3003, 1015}
06-20 08:29:30.186 24091 24091 I dalvikvm: Turning on JNI app bug workarounds for target SDK version 11...
06-20 08:29:30.307 24091 24091 I ActivityThread: Pub com.twitter.android.provider.GlobalDatabaseProvider: com.twitter.android.provider.GlobalDatabaseProvider
06-20 08:29:30.311 24091 24091 I ActivityThread: Pub com.twitter.android.provider.TwitterProvider: com.twitter.android.provider.TwitterProvider
06-20 08:29:30.510 24091 24093 D dalvikvm: GC_CONCURRENT freed 215K, 4% free 9267K/9607K, paused 73ms+5ms
06-20 08:29:30.733 24091 24093 D dalvikvm: GC_CONCURRENT freed 174K, 4% free 9496K/9799K, paused 4ms+3ms
06-20 08:29:30.882 24091 24093 D dalvikvm: GC_CONCURRENT freed 300K, 5% free 9625K/10055K, paused 2ms+2ms
06-20 08:29:31.003 24091 24093 D dalvikvm: GC_CONCURRENT freed 299K, 5% free 9757K/10183K, paused 2ms+1ms
06-20 08:29:31.053   342   342 D SAN_SERVICE: *******************************************
06-20 08:29:31.053   342   342 D SAN_SERVICE: DM App Phone Service State - 0
06-20 08:29:31.053   342   342 D SAN_SERVICE: *******************************************
06-20 08:29:31.151 24091 24093 D dalvikvm: GC_CONCURRENT freed 315K, 5% free 9888K/10311K, paused 1ms+2ms
06-20 08:29:31.280 24091 24093 D dalvikvm: GC_CONCURRENT freed 309K, 5% free 10021K/10439K, paused 2ms+2ms
06-20 08:29:31.428 23408 23410 D dalvikvm: GC_CONCURRENT freed 943K, 9% free 12116K/13255K, paused 2ms+3ms
06-20 08:29:31.456 24091 24093 D dalvikvm: GC_CONCURRENT freed 296K, 4% free 10147K/10567K, paused 1ms+2ms
06-20 08:29:31.596 24091 24093 D dalvikvm: GC_CONCURRENT freed 306K, 4% free 10281K/10695K, paused 1ms+2ms
06-20 08:29:31.764 24091 24093 D dalvikvm: GC_CONCURRENT freed 478K, 6% free 10225K/10823K, paused 3ms+2ms
06-20 08:29:31.897 24091 24093 D dalvikvm: GC_CONCURRENT freed 332K, 5% free 10299K/10823K, paused 3ms+1ms
06-20 08:29:32.034 24091 24093 D dalvikvm: GC_CONCURRENT freed 326K, 5% free 10389K/10823K, paused 2ms+2ms
06-20 08:29:32.186 24091 24093 D dalvikvm: GC_CONCURRENT freed 368K, 5% free 10475K/10951K, paused 2ms+1ms
06-20 08:29:32.300 24091 24093 D dalvikvm: GC_CONCURRENT freed 350K, 5% free 10558K/11015K, paused 2ms+2ms
06-20 08:29:32.428 24091 24093 D dalvikvm: GC_CONCURRENT freed 332K, 4% free 10641K/11079K, paused 1ms+3ms
06-20 08:29:32.557 24091 24093 D dalvikvm: GC_CONCURRENT freed 372K, 5% free 10730K/11207K, paused 2ms+2ms
06-20 08:29:32.698 24091 24093 D dalvikvm: GC_CONCURRENT freed 406K, 5% free 10825K/11335K, paused 2ms+3ms
06-20 08:29:33.831 23408 23410 D dalvikvm: GC_CONCURRENT freed 1176K, 11% free 11917K/13255K, paused 2ms+9ms
06-20 08:29:34.522 24091 24093 D dalvikvm: GC_CONCURRENT freed 336K, 4% free 11007K/11463K, paused 2ms+3ms
06-20 08:29:36.206 12011 12011 D dalvikvm: GC_EXPLICIT freed 11K, 7% free 9610K/10311K, paused 18ms+3ms
06-20 08:29:39.971 24091 24093 D dalvikvm: GC_CONCURRENT freed 411K, 5% free 11250K/11783K, paused 8ms+12ms
06-20 08:29:40.475 23408 23410 D dalvikvm: GC_CONCURRENT freed 1031K, 12% free 11745K/13255K, paused 14ms+3ms
06-20 08:29:40.995 22871 22895 I System.out: 08:29:40 AM SENT (1095121392): <iq id="ping" type="get"><ping xmlns="urn:xmpp:ping"/></iq>
06-20 08:29:41.346 22871 22894 I System.out: 08:29:41 AM RCV  (1095121392): <iq to='lokeshmandvekar@jabber.org/android9e7FLMWG' type='result' id='ping'/>
06-20 08:29:42.632 23408 23410 D dalvikvm: GC_CONCURRENT freed 763K, 12% free 11771K/13255K, paused 14ms+3ms
06-20 08:29:43.760 22643 22644 D dalvikvm: GC_CONCURRENT freed 534K, 6% free 10789K/11399K, paused 2ms+6ms
06-20 08:29:43.776   142   918 I ActivityManager: Start proc com.google.android.apps.maps:LocationFriendService for service com.google.android.apps.maps/com.google.googlenav.friend.reporting.LocationReceiverService: pid=24126 uid=10057 gids={3003, 1015}
06-20 08:29:43.893 24126 24128 D dalvikvm: GC_CONCURRENT freed 173K, 3% free 9363K/9607K, paused 2ms+2ms
06-20 08:29:44.241 24126 24128 D dalvikvm: GC_CONCURRENT freed 184K, 4% free 9629K/9927K, paused 1ms+2ms
06-20 08:29:44.823 24126 24128 D dalvikvm: GC_CONCURRENT freed 211K, 3% free 9879K/10183K, paused 2ms+2ms
06-20 08:29:44.885 24126 24133 I dalvikvm: Total arena pages for JIT: 11
06-20 08:29:44.885 24126 24133 I dalvikvm: Total arena pages for JIT: 12
06-20 08:29:44.889 24126 24133 I dalvikvm: Total arena pages for JIT: 13
06-20 08:29:44.889 24126 24133 I dalvikvm: Total arena pages for JIT: 14
06-20 08:29:44.889 24126 24133 I dalvikvm: Total arena pages for JIT: 15
06-20 08:29:44.889 24126 24133 I dalvikvm: Total arena pages for JIT: 16
06-20 08:29:44.889 24126 24133 I dalvikvm: Total arena pages for JIT: 17
06-20 08:29:50.831 30115 30115 D dalvikvm: GC_EXPLICIT freed 36K, 17% free 11198K/13447K, paused 16ms+4ms
06-20 08:29:53.522 23408 23410 D dalvikvm: GC_CONCURRENT freed 595K, 10% free 11993K/13255K, paused 14ms+4ms
06-20 08:29:55.835 22046 22046 D dalvikvm: GC_EXPLICIT freed <1K, 6% free 9704K/10247K, paused 16ms+3ms
06-20 08:29:58.604 23408 23410 D dalvikvm: GC_CONCURRENT freed 918K, 10% free 11939K/13255K, paused 2ms+3ms
06-20 08:29:58.647   142   919 I ActivityManager: Process com.twitter.android (pid 24091) has died.
06-20 08:30:01.948 23408 23410 D dalvikvm: GC_CONCURRENT freed 983K, 11% free 11804K/13255K, paused 14ms+9ms
06-20 08:30:07.307 23408 23410 D dalvikvm: GC_CONCURRENT freed 826K, 11% free 11867K/13255K, paused 2ms+4ms
06-20 08:30:07.538 23408 23410 D dalvikvm: GC_CONCURRENT freed 1023K, 12% free 11741K/13255K, paused 2ms+8ms
06-20 08:30:09.151 22643 22643 D dalvikvm: GC_EXPLICIT freed 424K, 10% free 10369K/11399K, paused 24ms+2ms
06-20 08:30:10.882 23408 23410 D dalvikvm: GC_CONCURRENT freed 650K, 11% free 11879K/13255K, paused 14ms+4ms
06-20 08:30:12.038 22871 22895 I System.out: 08:30:12 AM SENT (1095121392): <iq id="ping" type="get"><ping xmlns="urn:xmpp:ping"/></iq>
06-20 08:30:12.393 22871 22894 I System.out: 08:30:12 AM RCV  (1095121392): <iq to='lokeshmandvekar@jabber.org/android9e7FLMWG' type='result' id='ping'/>
06-20 08:30:14.128 22748 22748 D dalvikvm: GC_EXPLICIT freed 28K, 11% free 9300K/10439K, paused 15ms+2ms
06-20 08:30:17.780   142   145 D dalvikvm: JIT code cache reset in 5 ms (1048552 bytes 251/0)
06-20 08:30:17.803   142   145 D dalvikvm: GC_CONCURRENT freed 1985K, 25% free 20169K/26823K, paused 8ms+14ms
06-20 08:30:21.393 23408 23410 D dalvikvm: GC_CONCURRENT freed 824K, 10% free 11976K/13255K, paused 1ms+4ms
06-20 08:30:21.471   142   197 D DhcpInfoInternal: makeLinkProperties with empty dns2!
06-20 08:30:21.471   142   197 D DhcpInfoInternal: makeLinkProperties with empty dns2!
06-20 08:30:22.268   342   342 D SAN_SERVICE: *******************************************
06-20 08:30:22.268   342   342 D SAN_SERVICE: DM App Phone Service State - 0
06-20 08:30:22.268   342   342 D SAN_SERVICE: *******************************************
06-20 08:30:28.194 23408 23410 D dalvikvm: GC_CONCURRENT freed 961K, 11% free 11882K/13255K, paused 15ms+4ms
06-20 08:30:29.530 22871 22871 D dalvikvm: GC_EXPLICIT freed 217K, 6% free 10424K/11079K, paused 28ms+2ms
06-20 08:30:31.733 23408 23410 D dalvikvm: GC_CONCURRENT freed 934K, 12% free 11794K/13255K, paused 2ms+3ms
06-20 08:30:32.393   342   342 D SAN_SERVICE: *******************************************
06-20 08:30:32.393   342   342 D SAN_SERVICE: DM App Phone Service State - 0
06-20 08:30:32.393   342   342 D SAN_SERVICE: *******************************************
06-20 08:30:33.124   342   342 D SAN_SERVICE: *******************************************
06-20 08:30:33.124   342   342 D SAN_SERVICE: DM App Phone Service State - 0
06-20 08:30:33.124   342   342 D SAN_SERVICE: *******************************************
06-20 08:30:43.104 22871 22895 I System.out: 08:30:43 AM SENT (1095121392): <iq id="ping" type="get"><ping xmlns="urn:xmpp:ping"/></iq>
06-20 08:30:43.475 22871 22894 I System.out: 08:30:43 AM RCV  (1095121392): <iq to='lokeshmandvekar@jabber.org/android9e7FLMWG' type='result' id='ping'/>
06-20 08:30:43.800 24126 24133 I dalvikvm: Total arena pages for JIT: 18
06-20 08:30:43.889 24126 24128 D dalvikvm: GC_CONCURRENT freed 407K, 6% free 9977K/10503K, paused 12ms+3ms
06-20 08:30:49.124 23408 23410 D dalvikvm: GC_CONCURRENT freed 525K, 9% free 12070K/13255K, paused 14ms+3ms
06-20 08:30:57.092   142   145 D dalvikvm: GC_CONCURRENT freed 2082K, 25% free 20134K/26823K, paused 3ms+9ms
06-20 08:30:58.014   342   342 D SAN_SERVICE: *******************************************
06-20 08:30:58.014   342   342 D SAN_SERVICE: DM App Phone Service State - 0
06-20 08:30:58.014   342   342 D SAN_SERVICE: *******************************************
06-20 08:30:58.268   342   342 D SAN_SERVICE: *******************************************
06-20 08:30:58.268   342   342 D SAN_SERVICE: DM App Phone Service State - 0
06-20 08:30:58.268   342   342 D SAN_SERVICE: *******************************************
06-20 08:31:04.807   342   342 D SAN_SERVICE: *******************************************
06-20 08:31:04.807   342   342 D SAN_SERVICE: DM App Phone Service State - 0
06-20 08:31:04.807   342   342 D SAN_SERVICE: *******************************************
06-20 08:31:05.280 23408 23410 D dalvikvm: GC_CONCURRENT freed 919K, 10% free 12060K/13255K, paused 14ms+4ms
06-20 08:31:09.839 23048 23048 D dalvikvm: GC_EXPLICIT freed 11K, 4% free 9055K/9347K, paused 3ms+2ms
06-20 08:31:13.428   342   342 D SAN_SERVICE: *******************************************
06-20 08:31:13.428   342   342 D SAN_SERVICE: DM App Phone Service State - 0
06-20 08:31:13.428   342   342 D SAN_SERVICE: *******************************************
06-20 08:31:14.147 22871 22895 I System.out: 08:31:14 AM SENT (1095121392): <iq id="ping" type="get"><ping xmlns="urn:xmpp:ping"/></iq>
06-20 08:31:14.280 23064 23077 I PhoneLab-: Service Running
06-20 08:31:14.366 23064 23077 I PhoneLab-LoggerService: app_38    30294 1     2548   2100  c00f181c 400107b4 S logcat
06-20 08:31:14.370 23064 23077 I PhoneLab-LoggerService: Logcat pid from database 30294
06-20 08:31:14.370 23064 23077 I PhoneLab-LoggerService: Logcat process found 30294
06-20 08:31:14.370 23064 23077 I PhoneLab-LoggerService: Checking Threshold
06-20 08:31:14.370 23064 23077 I PhoneLab-LoggerService: Starting to rename files
06-20 08:31:14.370 23064 23077 I PhoneLab-LoggerService: Files found .. 2
06-20 08:31:14.425 22871 22894 I System.out: 08:31:14 AM RCV  (1095121392): <iq to='lokeshmandvekar@jabber.org/android9e7FLMWG' type='result' id='ping'/>
06-20 08:31:15.135 23408 23410 D dalvikvm: GC_CONCURRENT freed 916K, 10% free 12030K/13255K, paused 14ms+4ms
06-20 08:31:21.753 23408 23410 D dalvikvm: GC_CONCURRENT freed 1023K, 11% free 11900K/13255K, paused 14ms+4ms
06-20 08:31:23.655   342   342 D SAN_SERVICE: *******************************************
06-20 08:31:23.655   342   342 D SAN_SERVICE: DM App Phone Service State - 0
06-20 08:31:23.655   342   342 D SAN_SERVICE: *******************************************
06-20 08:31:31.057 23408 23410 D dalvikvm: GC_CONCURRENT freed 715K, 10% free 12040K/13255K, paused 2ms+8ms
06-20 08:31:31.092 22897 22897 D dalvikvm: GC_EXPLICIT freed 16K, 7% free 11278K/12039K, paused 29ms+8ms
06-20 08:31:34.483   142   174 I power   : *** set_screen_state 1
06-20 08:31:34.741   142   174 I WindowManager: Lock screen displayed!
06-20 08:31:34.757    79   118 D SurfaceFlinger: Screen about to return, flinger = 0x1e2b918
06-20 08:31:37.839 23408 23410 D dalvikvm: GC_CONCURRENT freed 921K, 10% free 12021K/13255K, paused 11ms+4ms
06-20 08:31:39.753   142   145 D dalvikvm: GC_CONCURRENT freed 1951K, 25% free 20131K/26823K, paused 4ms+9ms
06-20 08:31:40.913    85    85 I keystore: uid: 1000 action: p -> 1 state: 1 -> 1 retry: 4
06-20 08:31:40.928   213   213 D PhoneStatusBar: disable: < expand* icons alerts ticker* system_info BACK HOME recent* CLOCK >
06-20 08:31:41.003   142   602 W InputManagerService: Window already focused, ignoring focus gain of: com.android.internal.view.IInputMethodClient$Stub$Proxy@41bd5688
06-20 08:31:41.026   213   213 D PhoneStatusBar: disable: < expand icons alerts ticker system_info back* home* recent clock* >
06-20 08:31:41.120 23408 23410 D dalvikvm: GC_CONCURRENT freed 888K, 10% free 12028K/13255K, paused 6ms+4ms
06-20 08:31:41.323 22871 22894 I System.out: 08:31:41 AM RCV  (1095121392): <presence from='lokeshmandvekar@gmail.com/android_talk7682aaea69df' to='lokeshmandvekar@jabber.org'><status/><priority>24</priority><caps:c node="http://www.android.com/gtalk/client/caps" ext="pmuc-v1 voice-v1 video-v1 camera-v1" ver="1.1" xmlns:caps="http://jabber.org/protocol/caps"/><x xmlns="vcard-temp:x:update"><photo>10787dcb9604f48a6fc4f42908a91dfd12a1d753</photo></x></presence>
06-20 08:31:42.089 22871 22886 I com.xabber.android.data.roster.SyncManager@41437ab0: Insert presences 1
06-20 08:31:42.112 22871 22886 I com.xabber.android.data.roster.SyncManager$4@413eaf40: Presence changed
06-20 08:31:42.178   142 12773 D dalvikvm: GC_EXPLICIT freed 976K, 28% free 19412K/26823K, paused 3ms+11ms
06-20 08:31:42.421   142   918 I ActivityManager: Start proc android.process.acore for content provider com.android.providers.contacts/.ContactsProvider2: pid=24278 uid=10000 gids={3003, 1015}
06-20 08:31:42.671 24278 24278 I ActivityThread: Pub call_log: com.android.providers.contacts.CallLogProvider
06-20 08:31:42.792 24278 24278 I ActivityThread: Pub com.android.voicemail: com.android.providers.contacts.VoicemailContentProvider
06-20 08:31:42.815 24278 24278 I ActivityThread: Pub user_dictionary: com.android.providers.userdictionary.UserDictionaryProvider
06-20 08:31:42.866 24278 24278 I ActivityThread: Pub com.android.social: com.android.providers.contacts.SocialProvider
06-20 08:31:42.866 24278 24278 I ActivityThread: Pub applications: com.android.providers.applications.ApplicationsProvider
06-20 08:31:43.053 24278 24278 I ActivityThread: Pub contacts;com.android.contacts: com.android.providers.contacts.ContactsProvider2
06-20 08:31:43.085 24278 24279 D dalvikvm: GC_CONCURRENT freed 359K, 5% free 9177K/9607K, paused 15ms+10ms
06-20 08:31:43.581   142   153 W InputManagerService: Window already focused, ignoring focus gain of: com.android.internal.view.IInputMethodClient$Stub$Proxy@4191bce0
06-20 08:31:43.686   213   215 D dalvikvm: GC_CONCURRENT freed 403K, 58% free 10006K/23687K, paused 2ms+5ms
06-20 08:31:43.694   142   159 I ActivityManager: Start proc com.google.android.gm for broadcast com.google.android.gm/.MailIntentReceiver: pid=24295 uid=10019 gids={3003, 1015}
06-20 08:31:43.745    80    80 D dalvikvm: GC_EXPLICIT freed 38K, 4% free 9031K/9347K, paused 4ms+10ms
06-20 08:31:43.819   213   215 D dalvikvm: GC_CONCURRENT freed 617K, 59% free 9851K/23687K, paused 2ms+3ms
06-20 08:31:43.854    80    80 D dalvikvm: GC_EXPLICIT freed <1K, 4% free 9031K/9347K, paused 1ms+2ms
06-20 08:31:43.917    80    80 D dalvikvm: GC_EXPLICIT freed <1K, 4% free 9031K/9347K, paused 2ms+5ms
06-20 08:31:43.928   142   154 I ActivityManager: Process com.google.android.apps.maps:LocationFriendService (pid 24126) has died.
06-20 08:31:43.960 24295 24295 I ActivityThread: Pub gmail-ls: com.google.android.gm.provider.MailProvider
06-20 08:31:43.991 24295 24295 I ActivityThread: Pub com.google.android.gm: com.google.android.gm.provider.PublicContentProvider
06-20 08:31:43.999 24295 24295 I ActivityThread: Pub com.google.android.gmail.SuggestionProvider: com.google.android.gm.SuggestionsProvider
06-20 08:31:45.237   142   170 I power   : *** set_screen_state 0
06-20 08:31:45.284    79   118 D SurfaceFlinger: About to give-up screen, flinger = 0x1e2b918
06-20 08:31:45.639   142   174 V TransportControlView: Create TCV com.android.internal.widget.TransportControlView@41759a88
06-20 08:31:45.921   213   213 D PhoneStatusBar: disable: < EXPAND* icons alerts TICKER* system_info back home RECENT* clock >
06-20 08:31:46.061   213   213 D PhoneStatusBar: disable: < EXPAND icons alerts TICKER system_info BACK* HOME* RECENT CLOCK* >
06-20 08:31:46.413   142   294 I ActivityManager: Start proc com.google.android.apps.maps:LocationFriendService for service com.google.android.apps.maps/com.google.googlenav.friend.reporting.LocationReceiverService: pid=24316 uid=10057 gids={3003, 1015}
06-20 08:31:46.839 24316 24317 D dalvikvm: GC_CONCURRENT freed 153K, 3% free 9383K/9607K, paused 21ms+2ms
06-20 08:31:47.077 24278 24285 W dalvikvm: threadid=5: spin on suspend #1 threadid=11 (pcf=0)
06-20 08:31:47.237 24278 24285 D dalvikvm: Temporarily moving tid 24292 to fg (was 0)
06-20 08:31:47.241 24278 24285 D dalvikvm: Temporarily raised priority on tid 24292 (10 -> 0)
06-20 08:31:47.260 24278 24285 W dalvikvm: threadid=5: spin on suspend resolved in 1264 msec
06-20 08:31:47.264 24278 24285 D dalvikvm: Restored policy of 24292 to 0
06-20 08:31:47.264 24278 24285 D dalvikvm: Restored priority on 24292 to 10
06-20 08:31:47.995 24316 24317 D dalvikvm: GC_CONCURRENT freed 175K, 3% free 9632K/9927K, paused 31ms+7ms
06-20 08:31:49.022 24316 24317 D dalvikvm: GC_CONCURRENT freed 212K, 4% free 9874K/10183K, paused 10ms+2ms
06-20 08:31:49.436 22643 22644 D dalvikvm: GC_CONCURRENT freed 499K, 9% free 10382K/11399K, paused 2ms+3ms
06-20 08:31:50.046 24295 24298 D dalvikvm: GC_CONCURRENT freed 264K, 5% free 9216K/9607K, paused 82ms+12ms
06-20 08:31:50.050 23408 23410 D dalvikvm: GC_CONCURRENT freed 861K, 9% free 12120K/13255K, paused 1ms+56ms
06-20 08:31:50.952   142   145 D dalvikvm: GC_CONCURRENT freed 1136K, 25% free 20321K/26823K, paused 12ms+8ms
06-20 08:31:51.155   357   357 D dalvikvm: GC_EXPLICIT freed 1K, 6% free 9102K/9607K, paused 2ms+4ms
06-20 08:31:51.229   142 24309 I ActivityManager: Applications Memory Usage (kB):
06-20 08:31:51.229   142 24309 I ActivityManager: Uptime: 672349568 Realtime: 832778788
06-20 08:31:51.229   142 24309 I ActivityManager: Total PSS by OOM adjustment:
06-20 08:31:51.229   142 24309 I ActivityManager:     36923 kB: System
06-20 08:31:51.229   142 24309 I ActivityManager:                36923 kB: system (pid 142)
06-20 08:31:51.229   142 24309 I ActivityManager:     31170 kB: Persistent
06-20 08:31:51.229   142 24309 I ActivityManager:                13926 kB: com.android.systemui (pid 213)
06-20 08:31:51.229   142 24309 I ActivityManager:                13204 kB: com.android.phone (pid 342)
06-20 08:31:51.229   142 24309 I ActivityManager:                 4040 kB: com.android.nfc (pid 357)
06-20 08:31:51.229   142 24309 I ActivityManager:     30643 kB: Foreground
06-20 08:31:51.229   142 24309 I ActivityManager:                24874 kB: com.android.launcher (pid 12326)
06-20 08:31:51.229   142 24309 I ActivityManager:                 5769 kB: com.google.android.gm (pid 24295)
06-20 08:31:51.229   142 24309 I ActivityManager:      8913 kB: Visible
06-20 08:31:51.229   142 24309 I ActivityManager:                 6126 kB: com.google.android.gsf.login (pid 12011)
06-20 08:31:51.229   142 24309 I ActivityManager:                 2787 kB: com.android.smspush (pid 428)
06-20 08:31:51.229   142 24309 I ActivityManager:     43674 kB: Perceptible
06-20 08:31:51.229   142 24309 I ActivityManager:                25677 kB: hr.podlanica (pid 18154)
06-20 08:31:51.229   142 24309 I ActivityManager:                17997 kB: com.android.inputmethod.latin (pid 30115)
06-20 08:31:51.229   142 24309 I ActivityManager:     24900 kB: A Services
06-20 08:31:51.229   142 24309 I ActivityManager:                10800 kB: com.google.process.gapps (pid 11148)
06-20 08:31:51.229   142 24309 I ActivityManager:                 7647 kB: com.google.android.apps.maps:NetworkLocationService (pid 22643)
06-20 08:31:51.229   142 24309 I ActivityManager:                 6453 kB: android.process.acore (pid 24278)
06-20 08:31:51.229   142 24309 I ActivityManager:     11222 kB: Previous
06-20 08:31:51.229   142 24309 I ActivityManager:                11222 kB: com.google.android.apps.genie.geniewidget (pid 23408)
06-20 08:31:51.229   142 24309 I ActivityManager:     42800 kB: B Services
06-20 08:31:51.229   142 24309 I ActivityManager:                10089 kB: com.spotify.mobile.android.service (pid 22748)
06-20 08:31:51.229   142 24309 I ActivityManager:                 9052 kB: com.facebook.orca (pid 22897)
06-20 08:31:51.229   142 24309 I ActivityManager:                 6328 kB: com.xabber.android (pid 22871)
06-20 08:31:51.229   142 24309 I ActivityManager:                 5736 kB: com.whatsapp (pid 23550)
06-20 08:31:51.229   142 24309 I ActivityManager:                 4824 kB: com.google.android.apps.googlevoice (pid 22046)
06-20 08:31:51.229   142 24309 I ActivityManager:                 4204 kB: edu.buffalo.cse.phonelab.phonelabservices (pid 23064)
06-20 08:31:51.229   142 24309 I ActivityManager:                 2567 kB: com.android.sprintmenu (pid 23048)
06-20 08:31:51.229   142 24309 I ActivityManager: 
06-20 08:31:51.229   142 24309 I ActivityManager: Total PSS: 230245 kB
06-20 08:31:51.229   142 24309 I ActivityManager:   PID      Vss      Rss      Pss      Uss  cmdline
06-20 08:31:51.229   142 24309 I ActivityManager:   142   55768K   55712K   36249K   32144K  system_server
06-20 08:31:51.229   142 24309 I ActivityManager: 18154   40972K   40888K   25743K   24916K  hr.podlanica
06-20 08:31:51.229   142 24309 I ActivityManager: 12326   46920K   46836K   24854K   22076K  com.android.launcher
06-20 08:31:51.229   142 24309 I ActivityManager: 30115   36624K   36536K   17951K   16856K  com.android.inputmethod.latin
06-20 08:31:51.229   142 24309 I ActivityManager:    79   26660K   23660K   15292K    7760K  /system/bin/surfaceflinger
06-20 08:31:51.229   142 24309 I ActivityManager:   213   33048K   32980K   13582K    9628K  com.android.systemui
06-20 08:31:51.229   142 24309 I ActivityManager:   342   28208K   28124K   13187K   12472K  com.android.phone
06-20 08:31:51.229   142 24309 I ActivityManager: 23408   30928K   30868K   10888K    9568K  com.google.android.apps.genie.geniewidget
06-20 08:31:51.229   142 24309 I ActivityManager: 11148   28520K   28432K   10629K    9692K  com.google.process.gapps
06-20 08:31:51.229   142 24309 I ActivityManager: 22748   27480K   27392K   10128K    9252K  com.spotify.mobile.android.service
06-20 08:31:51.229   142 24309 I ActivityManager: 22897   28332K   28228K    9075K    8028K  com.facebook.orca
06-20 08:31:51.229   142 24309 I ActivityManager: 24316   29480K   29420K    8396K    6436K  com.google.android.apps.maps:LocationFriendService
06-20 08:31:51.229   142 24309 I ActivityManager: 22643   27268K   27208K    7468K    6048K  com.google.android.apps.maps:NetworkLocationService
06-20 08:31:51.229   142 24309 I ActivityManager: 22871   26204K   26112K    6358K    5228K  com.xabber.android
06-20 08:31:51.229   142 24309 I ActivityManager: 12011   22536K   22436K    6128K    5340K  com.google.android.gsf.login
06-20 08:31:51.229   142 24309 I ActivityManager: 24295   26132K   26072K    5769K    4260K  com.google.android.gm
06-20 08:31:51.229   142 24309 I ActivityManager: 23550   25796K   25728K    5686K    4492K  com.whatsapp
06-20 08:31:51.229   142 24309 I ActivityManager: 24278   25752K   25680K    5144K    3684K  android.process.acore
06-20 08:31:51.229   142 24309 I ActivityManager: 22046   23972K   23876K    4867K    3872K  com.google.android.apps.googlevoice
06-20 08:31:51.229   142 24309 I ActivityManager: 23064   23592K   23528K    4225K    3140K  edu.buffalo.cse.phonelab.phonelabservices
06-20 08:31:51.229   142 24309 I ActivityManager:   357   19468K   19372K    4082K    3348K  com.android.nfc
06-20 08:31:51.229   142 24309 I ActivityManager: 18802   17804K   17700K    3256K    2544K  com.spotify.mobile.android.ui
06-20 08:31:51.229   142 24309 I ActivityManager:   428   18480K   18368K    2797K    1968K  com.android.smspush
06-20 08:31:51.229   142 24309 I ActivityManager: 23048   22060K   21956K    2600K    1524K  com.android.sprintmenu
06-20 08:31:51.229   142 24309 I ActivityManager:    82    2348K    2348K    2084K    2064K  /system/bin/mediaserver
06-20 08:31:51.229   142 24309 I ActivityManager:    80   19576K   19448K    2042K    1032K  zygote
06-20 08:31:51.229   142 24309 I ActivityManager: 30294    2104K    2100K    1961K    1956K  logcat
06-20 08:31:51.229   142 24309 I ActivityManager:    81    1020K    1020K     880K     876K  /system/bin/drmserver
06-20 08:31:51.229   142 24309 I ActivityManager:    78    1112K    1112K     830K     816K  /system/bin/rild
06-20 08:31:51.229   142 24309 I ActivityManager:    88     832K     832K     816K     816K  /sbin/adbd
06-20 08:31:51.229   142 24309 I ActivityManager: 24339     852K     844K     719K     716K  procrank
06-20 08:31:51.229   142 24309 I ActivityManager: 10596     636K     632K     443K     432K  /system/bin/netd
06-20 08:31:51.229   142 24309 I ActivityManager: 18659     556K     552K     408K     404K  /system/bin/wpa_supplicant
06-20 08:31:51.229   142 24309 I ActivityManager:   298     336K     336K     316K     316K  /system/bin/bluetoothd
06-20 08:31:51.229   142 24309 I ActivityManager:    73     380K     376K     290K     284K  /system/bin/vold
06-20 08:31:51.229   142 24309 I ActivityManager:    86     444K     440K     290K     284K  /system/vendor/bin/gpsd
06-20 08:31:51.229   142 24309 I ActivityManager:    85     4
06-20 08:31:51.249 24278 24279 D dalvikvm: GC_CONCURRENT freed 197K, 4% free 9418K/9735K, paused 83ms+7ms
06-20 08:31:52.175   142 12773 I ActivityManager: Process com.google.android.apps.maps:LocationFriendService (pid 24316) has died.
06-20 08:31:52.956 24278 24279 D dalvikvm: GC_CONCURRENT freed 266K, 4% free 9598K/9991K, paused 7ms+5ms
06-20 08:31:53.007   142 12773 I ActivityManager: Process com.google.android.gm (pid 24295) has died.
06-20 08:31:53.530   142 12773 I ActivityManager: Process android.process.acore (pid 24278) has died.
06-20 08:31:54.495   342   342 D SAN_SERVICE: *******************************************
06-20 08:31:54.495   342   342 D SAN_SERVICE: DM App Phone Service State - 0
06-20 08:31:54.495   342   342 D SAN_SERVICE: *******************************************
06-20 08:31:54.620   342   342 D SAN_SERVICE: *******************************************
06-20 08:31:54.620   342   342 D SAN_SERVICE: DM App Phone Service State - 0
06-20 08:31:54.620   342   342 D SAN_SERVICE: *******************************************
06-20 08:31:55.089   342   342 D SAN_SERVICE: *******************************************
06-20 08:31:55.089   342   342 D SAN_SERVICE: DM App Phone Service State - 0
06-20 08:31:55.089   342   342 D SAN_SERVICE: *******************************************
06-20 08:31:59.608 23408 23410 D dalvikvm: GC_CONCURRENT freed 857K, 8% free 12216K/13255K, paused 23ms+4ms
06-20 08:32:11.530 22871 22895 I System.out: 08:32:11 AM SENT (1095121392): <iq id="ping" type="get"><ping xmlns="urn:xmpp:ping"/></iq>
06-20 08:32:11.565 23408 23410 D dalvikvm: GC_CONCURRENT freed 1033K, 9% free 12159K/13319K, paused 6ms+3ms
06-20 08:32:11.893 22871 22894 I System.out: 08:32:11 AM RCV  (1095121392): <iq to='lokeshmandvekar@jabber.org/android9e7FLMWG' type='result' id='ping'/>
06-20 08:32:13.526 18154 18154 D dalvikvm: GC_EXPLICIT freed <1K, 8% free 11662K/12551K, paused 17ms+3ms
06-20 08:32:14.792   342   342 D SAN_SERVICE: *******************************************
06-20 08:32:14.792   342   342 D SAN_SERVICE: DM App Phone Service State - 0
06-20 08:32:14.792   342   342 D SAN_SERVICE: *******************************************
06-20 08:32:15.077   342   342 D SAN_SERVICE: *******************************************
06-20 08:32:15.077   342   342 D SAN_SERVICE: DM App Phone Service State - 0
06-20 08:32:15.077   342   342 D SAN_SERVICE: *******************************************
06-20 08:32:15.768   342   342 D SAN_SERVICE: *******************************************
06-20 08:32:15.768   342   342 D SAN_SERVICE: DM App Phone Service State - 0
06-20 08:32:15.768   342   342 D SAN_SERVICE: *******************************************
06-20 08:32:16.385 22871 22894 I System.out: 08:32:16 AM RCV  (1095121392): <presence from='lokeshmandvekar@gmail.com/android_talk7682aaea69df' to='lokeshmandvekar@jabber.org'><status/><priority>24</priority><caps:c node="http://www.android.com/gtalk/client/caps" ext="pmuc-v1 voice-v1 video-v1 camera-v1" ver="1.1" xmlns:caps="http://jabber.org/protocol/caps"/><show>away</show><x xmlns="vcard-temp:x:update"><photo>10787dcb9604f48a6fc4f42908a91dfd12a1d753</photo></x></presence>
06-20 08:32:16.612 22871 22886 I com.xabber.android.data.roster.SyncManager@41437ab0: Insert presences 1
06-20 08:32:16.616 22871 22886 I com.xabber.android.data.roster.SyncManager$4@413f9670: Presence changed
06-20 08:32:18.405 23408 23410 D dalvikvm: GC_CONCURRENT freed 986K, 10% free 12113K/13319K, paused 14ms+7ms
06-20 08:32:21.116 12326 12326 D dalvikvm: GC_EXPLICIT freed 77K, 25% free 11293K/14919K, paused 16ms+3ms
06-20 08:32:21.870 23408 23410 D dalvikvm: GC_CONCURRENT freed 1093K, 11% free 11978K/13319K, paused 5ms+4ms
06-20 08:32:23.538 23408 23410 D dalvikvm: GC_CONCURRENT freed 1048K, 12% free 11791K/13319K, paused 14ms+3ms
06-20 08:32:26.194   142   158 D dalvikvm: GC_EXPLICIT freed 1934K, 26% free 20084K/26823K, paused 27ms+11ms
06-20 08:32:31.135   213   213 D dalvikvm: GC_EXPLICIT freed 119K, 59% free 9757K/23687K, paused 16ms+5ms
06-20 08:32:36.155   342   342 D dalvikvm: GC_EXPLICIT freed 340K, 19% free 12346K/15175K, paused 30ms+3ms
06-20 08:32:41.042   428   428 D dalvikvm: GC_EXPLICIT freed <1K, 4% free 9038K/9347K, paused 1ms+2ms
06-20 08:32:42.096 23408 23410 D dalvikvm: GC_CONCURRENT freed 738K, 11% free 11930K/13319K, paused 13ms+3ms
06-20 08:32:42.550 22643 22663 D IOCollector: Waiting for the ScannerThread to start.
06-20 08:32:42.553 22643 24395 D IOCollector: Real collector stared with config: Scanner types: [16, 64, 128]; Dest: MEMORY; ScanDuration: 10000, SensorDelay: {4=1}; Data path: null; Key path: null; View opted out WIFI APs: false
06-20 08:32:42.671 22643 24395 D IOCollector: J started.
06-20 08:32:42.803 22643 24395 D IOCollector: aq started.
06-20 08:32:42.811 22643 24395 D IOCollector: F started.
06-20 08:32:42.811 22643 24395 D IOCollector: RealCollector started.
06-20 08:32:42.936   213   215 D dalvikvm: GC_CONCURRENT freed 208K, 58% free 9970K/23687K, paused 7ms+4ms
06-20 08:32:42.991   213   213 D dalvikvm: GC_FOR_ALLOC freed 607K, 59% free 9791K/23687K, paused 19ms
06-20 08:32:43.128   213   215 D dalvikvm: GC_CONCURRENT freed 377K, 59% free 9801K/23687K, paused 2ms+4ms
06-20 08:32:43.866   142   602 I ActivityManager: Start proc com.google.android.apps.maps:LocationFriendService for service com.google.android.apps.maps/com.google.googlenav.friend.reporting.LocationReceiverService: pid=24396 uid=10057 gids={3003, 1015}
06-20 08:32:44.335 24396 24397 D dalvikvm: GC_CONCURRENT freed 156K, 3% free 9380K/9607K, paused 8ms+5ms
06-20 08:32:44.760 24396 24397 D dalvikvm: GC_CONCURRENT freed 153K, 3% free 9658K/9927K, paused 6ms+2ms
06-20 08:32:45.350 24396 24397 D dalvikvm: GC_CONCURRENT freed 265K, 4% free 9907K/10247K, paused 3ms+6ms
06-20 08:32:45.807 22643 22644 D dalvikvm: GC_CONCURRENT freed 318K, 9% free 10454K/11399K, paused 44ms+2ms
06-20 08:32:45.811   142   366 I ActivityManager: Process com.google.android.apps.maps:LocationFriendService (pid 24396) has died.
06-20 08:32:46.350   142   197 D DhcpInfoInternal: makeLinkProperties with empty dns2!
06-20 08:32:46.350   142   197 D DhcpInfoInternal: makeLinkProperties with empty dns2!
06-20 08:32:46.612 22871 22895 I System.out: 08:32:46 AM SENT (1095121392): <iq id="ping" type="get"><ping xmlns="urn:xmpp:ping"/></iq>
06-20 08:32:46.882 22871 22894 I System.out: 08:32:46 AM RCV  (1095121392): <iq to='lokeshmandvekar@jabber.org/android9e7FLMWG' type='result' id='ping'/>
06-20 08:32:49.417   142   330 I ActivityManager: Start proc com.google.android.apps.maps:LocationFriendService for service com.google.android.apps.maps/com.google.googlenav.friend.reporting.LocationReceiverService: pid=24437 uid=10057 gids={3003, 1015}
06-20 08:32:49.542 24437 24440 D dalvikvm: GC_CONCURRENT freed 158K, 3% free 9378K/9607K, paused 2ms+2ms
06-20 08:32:49.831 24437 24440 D dalvikvm: GC_CONCURRENT freed 164K, 3% free 9704K/9991K, paused 2ms+2ms
06-20 08:32:50.327 24437 24440 D dalvikvm: GC_CONCURRENT freed 302K, 4% free 9914K/10311K, paused 1ms+3ms
06-20 08:32:50.417 24437 24444 I dalvikvm: Total arena pages for JIT: 11
06-20 08:32:50.417 24437 24444 I dalvikvm: Total arena pages for JIT: 12
06-20 08:32:50.421 24437 24444 I dalvikvm: Total arena pages for JIT: 13
06-20 08:32:50.421 24437 24444 I dalvikvm: Total arena pages for JIT: 14
06-20 08:32:50.421 24437 24444 I dalvikvm: Total arena pages for JIT: 15
06-20 08:32:50.421 24437 24444 I dalvikvm: Total arena pages for JIT: 16
06-20 08:32:50.421 24437 24444 I dalvikvm: Total arena pages for JIT: 17
06-20 08:32:50.569 24437 24440 D dalvikvm: GC_CONCURRENT freed 371K, 5% free 9960K/10439K, paused 5ms+6ms
06-20 08:32:50.745 24437 24444 I dalvikvm: Total arena pages for JIT: 18
06-20 08:32:51.675 24437 24440 D dalvikvm: GC_CONCURRENT freed 450K, 5% free 10045K/10567K, paused 8ms+59ms
06-20 08:32:52.300 23408 23410 D dalvikvm: GC_CONCURRENT freed 944K, 12% free 11849K/13319K, paused 27ms+4ms
06-20 08:32:52.475 11148 11150 D dalvikvm: GC_CONCURRENT freed 292K, 6% free 10374K/10951K, paused 8ms+18ms
06-20 08:32:52.522 24437 24440 D dalvikvm: GC_CONCURRENT freed 482K, 6% free 10059K/10631K, paused 34ms+4ms
06-20 08:32:52.569 22643 22643 D IOCollector: J stopped.
06-20 08:32:52.596 22643 22643 D IOCollector: aq stopped.
06-20 08:32:52.596 22643 22643 D IOCollector: All scanner finished.
06-20 08:32:52.596 22643 22643 D IOCollector: F stopped.
06-20 08:32:52.600   142   919 W ActivityManager: finishReceiver called but no pending broadcasts
06-20 08:32:52.737 22643 22644 D dalvikvm: GC_CONCURRENT freed 225K, 7% free 10679K/11399K, paused 2ms+25ms
06-20 08:32:52.788   213   215 D dalvikvm: GC_CONCURRENT freed 401K, 59% free 9786K/23687K, paused 1ms+5ms
06-20 08:32:52.854   213   215 D dalvikvm: GC_CONCURRENT freed 442K, 59% free 9783K/23687K, paused 1ms+3ms
06-20 08:32:52.905 22643 24395 D IOCollector: SignalCollector.ScannerThread is quiting.
06-20 08:32:52.991 22643 22644 D dalvikvm: GC_CONCURRENT freed 622K, 7% free 10610K/11399K, paused 2ms+3ms
06-20 08:32:56.956 23408 23410 D dalvikvm: GC_CONCURRENT freed 813K, 11% free 11888K/13319K, paused 14ms+3ms
06-20 08:32:57.983   357   357 D dalvikvm: GC_EXPLICIT freed <1K, 6% free 9102K/9607K, paused 15ms+2ms
06-20 08:33:00.112   213   215 D dalvikvm: GC_CONCURRENT freed 419K, 59% free 9751K/23687K, paused 1ms+6ms
06-20 08:33:03.909 23408 23410 D dalvikvm: GC_CONCURRENT freed 865K, 11% free 11909K/13319K, paused 2ms+4ms
06-20 08:33:06.296 18154 18154 D dalvikvm: GC_EXPLICIT freed <1K, 8% free 11662K/12551K, paused 23ms+3ms
06-20 08:33:08.682 23408 23410 D dalvikvm: GC_CONCURRENT freed 860K, 11% free 11916K/13319K, paused 1ms+3ms
06-20 08:33:11.342 12326 12326 D dalvikvm: GC_EXPLICIT freed 20K, 25% free 11293K/14919K, paused 48ms+2ms
06-20 08:33:11.639 23408 23410 D dalvikvm: GC_CONCURRENT freed 1072K, 12% free 11791K/13319K, paused 8ms+4ms
06-20 08:33:14.284 23064 23077 I PhoneLab-: Service Running
06-20 08:33:14.374 23064 23077 I PhoneLab-LoggerService: app_38    30294 1     2548   2100  c00f181c 400107b4 S logcat
06-20 08:33:14.374 23064 23077 I PhoneLab-LoggerService: Logcat pid from database 30294
06-20 08:33:14.374 23064 23077 I PhoneLab-LoggerService: Logcat process found 30294
06-20 08:33:14.374 23064 23077 I PhoneLab-LoggerService: Checking Threshold
06-20 08:33:14.378 23064 23077 I PhoneLab-LoggerService: Starting to rename files
06-20 08:33:14.378 23064 23077 I PhoneLab-LoggerService: Files found .. 2
06-20 08:33:17.714 22871 22895 I System.out: 08:33:17 AM SENT (1095121392): <iq id="ping" type="get"><ping xmlns="urn:xmpp:ping"/></iq>
06-20 08:33:18.018 22871 22894 I System.out: 08:33:18 AM RCV  (1095121392): <iq to='lokeshmandvekar@jabber.org/android9e7FLMWG' type='result' id='ping'/>
06-20 08:33:18.464 23408 23410 D dalvikvm: GC_CONCURRENT freed 765K, 11% free 11948K/13319K, paused 13ms+3ms
06-20 08:33:21.151   142   158 D dalvikvm: GC_EXPLICIT freed 1418K, 25% free 20118K/26823K, paused 27ms+10ms
06-20 08:33:23.573 23408 23410 D dalvikvm: GC_CONCURRENT freed 1064K, 12% free 11819K/13319K, paused 2ms+3ms
06-20 08:33:28.260   213   213 D dalvikvm: GC_EXPLICIT freed 6K, 59% free 9745K/23687K, paused 2ms+8ms
06-20 08:33:30.522 23408 23410 D dalvikvm: GC_CONCURRENT freed 890K, 12% free 11840K/13319K, paused 2ms+3ms
06-20 08:33:31.682 23408 23410 D dalvikvm: GC_CONCURRENT freed 963K, 12% free 11799K/13319K, paused 2ms+5ms
06-20 08:33:34.948   342   342 D dalvikvm: GC_EXPLICIT freed 14K, 19% free 12345K/15175K, paused 7ms+3ms
06-20 08:33:36.690 23408 23410 D dalvikvm: GC_CONCURRENT freed 886K, 12% free 11796K/13319K, paused 2ms+4ms
06-20 08:33:40.948   428   428 D dalvikvm: GC_EXPLICIT freed <1K, 4% free 9038K/9347K, paused 1ms+2ms
06-20 08:33:42.061   342   342 D SAN_SERVICE: *******************************************
06-20 08:33:42.061   342   342 D SAN_SERVICE: DM App Phone Service State - 0
06-20 08:33:42.061   342   342 D SAN_SERVICE: *******************************************
06-20 08:33:42.702   142   153 D dalvikvm: GC_EXPLICIT freed 1130K, 26% free 20072K/26823K, paused 10ms+12ms
06-20 08:33:42.768 22643 22644 D dalvikvm: GC_CONCURRENT freed 225K, 6% free 10786K/11399K, paused 13ms+7ms
06-20 08:33:43.092 23408 23410 D dalvikvm: GC_CONCURRENT freed 843K, 12% free 11824K/13319K, paused 1ms+4ms
06-20 08:33:48.733 22871 22895 I System.out: 08:33:48 AM SENT (1095121392): <iq id="ping" type="get"><ping xmlns="urn:xmpp:ping"/></iq>
06-20 08:33:49.057 22871 22894 I System.out: 08:33:49 AM RCV  (1095121392): <iq to='lokeshmandvekar@jabber.org/android9e7FLMWG' type='result' id='ping'/>
06-20 08:33:51.737 23408 23410 D dalvikvm: GC_CONCURRENT freed 754K, 11% free 11878K/13319K, paused 14ms+3ms
06-20 08:33:55.487 12011 12011 D dalvikvm: GC_EXPLICIT freed 2K, 7% free 9609K/10311K, paused 1ms+2ms
06-20 08:34:09.143   342   342 D SAN_SERVICE: *******************************************
06-20 08:34:09.143   342   342 D SAN_SERVICE: DM App Phone Service State - 0
06-20 08:34:09.143   342   342 D SAN_SERVICE: *******************************************
06-20 08:34:09.678   342   342 D SAN_SERVICE: *******************************************
06-20 08:34:09.678   342   342 D SAN_SERVICE: DM App Phone Service State - 0
06-20 08:34:09.678   342   342 D SAN_SERVICE: *******************************************
06-20 08:34:11.354 23408 23410 D dalvikvm: GC_CONCURRENT freed 593K, 9% free 12129K/13319K, paused 15ms+3ms
06-20 08:34:15.565 30115 30115 D dalvikvm: GC_EXPLICIT freed 3K, 17% free 11195K/13447K, paused 16ms+4ms
06-20 08:34:15.639 22748 22750 D dalvikvm: GC_CONCURRENT freed 371K, 10% free 9441K/10439K, paused 6ms+5ms
06-20 08:34:17.467   142   145 D dalvikvm: GC_CONCURRENT freed 1980K, 26% free 20082K/26823K, paused 3ms+9ms
06-20 08:34:17.714 22748 22750 D dalvikvm: GC_CONCURRENT freed 291K, 8% free 9619K/10439K, paused 2ms+2ms
06-20 08:34:18.159 22748 24538 D dalvikvm: GC_FOR_ALLOC freed 91K, 9% free 9530K/10439K, paused 16ms
06-20 08:34:18.159 22748 24538 I dalvikvm-heap: Grow heap (frag case) to 9.555MB for 187235-byte allocation
06-20 08:34:18.190 22748 24538 D dalvikvm: GC_FOR_ALLOC freed 193K, 11% free 9520K/10631K, paused 25ms
06-20 08:34:19.362   342   342 D SAN_SERVICE: *******************************************
06-20 08:34:19.362   342   342 D SAN_SERVICE: DM App Phone Service State - 0
06-20 08:34:19.362   342   342 D SAN_SERVICE: *******************************************
06-20 08:34:19.792 22871 22895 I System.out: 08:34:19 AM SENT (1095121392): <iq id="ping" type="get"><ping xmlns="urn:xmpp:ping"/></iq>
06-20 08:34:19.913   342   342 D SAN_SERVICE: *******************************************
06-20 08:34:19.913   342   342 D SAN_SERVICE: DM App Phone Service State - 0
06-20 08:34:19.913   342   342 D SAN_SERVICE: *******************************************
06-20 08:34:20.081 22871 22894 I System.out: 08:34:20 AM RCV  (1095121392): <iq to='lokeshmandvekar@jabber.org/android9e7FLMWG' type='result' id='ping'/>
06-20 08:34:21.089 23408 23410 D dalvikvm: GC_CONCURRENT freed 1014K, 10% free 12038K/13319K, paused 14ms+4ms
06-20 08:34:29.725 22046 22046 D dalvikvm: GC_EXPLICIT freed <1K, 6% free 9704K/10247K, paused 1ms+2ms
06-20 08:34:32.089 23408 23410 D dalvikvm: GC_CONCURRENT freed 1000K, 11% free 11962K/13319K, paused 2ms+4ms
06-20 08:34:34.729   342   342 D SAN_SERVICE: *******************************************
06-20 08:34:34.729   342   342 D SAN_SERVICE: DM App Phone Service State - 0
06-20 08:34:34.729   342   342 D SAN_SERVICE: *******************************************
06-20 08:34:37.182 23408 23410 D dalvikvm: GC_CONCURRENT freed 944K, 11% free 11877K/13319K, paused 8ms+4ms
06-20 08:34:39.608   142   172 I ActivityManager: Start proc com.twitter.android for service com.twitter.android/.client.AppService: pid=24563 uid=10068 gids={3003, 1015}
06-20 08:34:39.811   342   342 D SAN_SERVICE: *******************************************
06-20 08:34:39.811   342   342 D SAN_SERVICE: DM App Phone Service State - 0
06-20 08:34:39.811   342   342 D SAN_SERVICE: *******************************************
06-20 08:34:39.850 24563 24563 I dalvikvm: Turning on JNI app bug workarounds for target SDK version 11...
06-20 08:34:40.186 24563 24563 I ActivityThread: Pub com.twitter.android.provider.GlobalDatabaseProvider: com.twitter.android.provider.GlobalDatabaseProvider
06-20 08:34:40.198 24563 24563 I ActivityThread: Pub com.twitter.android.provider.TwitterProvider: com.twitter.android.provider.TwitterProvider
06-20 08:34:40.471 24563 24564 D dalvikvm: GC_CONCURRENT freed 205K, 3% free 9264K/9543K, paused 30ms+3ms
06-20 08:34:40.721 24563 24564 D dalvikvm: GC_CONCURRENT freed 175K, 4% free 9497K/9799K, paused 1ms+2ms
06-20 08:34:40.878 24563 24564 D dalvikvm: GC_CONCURRENT freed 300K, 5% free 9628K/10055K, paused 2ms+1ms
06-20 08:34:41.003 24563 24564 D dalvikvm: GC_CONCURRENT freed 312K, 5% free 9763K/10183K, paused 2ms+2ms
06-20 08:34:41.132 24563 24564 D dalvikvm: GC_CONCURRENT freed 310K, 5% free 9893K/10311K, paused 2ms+2ms
06-20 08:34:41.257 24563 24564 D dalvikvm: GC_CONCURRENT freed 309K, 4% free 10026K/10439K, paused 2ms+1ms
06-20 08:34:41.385 24563 24564 D dalvikvm: GC_CONCURRENT freed 302K, 4% free 10157K/10567K, paused 1ms+2ms
06-20 08:34:41.499 24563 24564 D dalvikvm: GC_CONCURRENT freed 293K, 4% free 10282K/10695K, paused 2ms+1ms
06-20 08:34:41.678 24563 24564 D dalvikvm: GC_CONCURRENT freed 481K, 6% free 10223K/10823K, paused 2ms+2ms
06-20 08:34:41.796 24563 24564 D dalvikvm: GC_CONCURRENT freed 321K, 5% free 10303K/10823K, paused 2ms+2ms
06-20 08:34:41.928 24563 24564 D dalvikvm: GC_CONCURRENT freed 333K, 5% free 10389K/10823K, paused 2ms+2ms
06-20 08:34:42.077 24563 24564 D dalvikvm: GC_CONCURRENT freed 371K, 5% free 10477K/10951K, paused 1ms+2ms
06-20 08:34:42.198 24563 24564 D dalvikvm: GC_CONCURRENT freed 337K, 5% free 10566K/11015K, paused 1ms+2ms
06-20 08:34:42.331 24563 24564 D dalvikvm: GC_CONCURRENT freed 388K, 5% free 10652K/11143K, paused 2ms+2ms
06-20 08:34:42.448 24563 24564 D dalvikvm: GC_CONCURRENT freed 353K, 5% free 10735K/11207K, paused 2ms+2ms
06-20 08:34:42.573 24563 24564 D dalvikvm: GC_CONCURRENT freed 387K, 5% free 10826K/11335K, paused 2ms+2ms
06-20 08:34:42.600   142   142 I ActivityManager: Process com.google.android.apps.maps:LocationFriendService (pid 24437) has died.
06-20 08:34:43.995   142   422 I ActivityManager: Start proc com.google.android.apps.maps:LocationFriendService for service com.google.android.apps.maps/com.google.googlenav.friend.reporting.LocationReceiverService: pid=24581 uid=10057 gids={3003, 1015}
06-20 08:34:44.096 22643 22644 D dalvikvm: GC_CONCURRENT freed 901K, 9% free 10385K/11399K, paused 1ms+2ms
06-20 08:34:44.128 24581 24583 D dalvikvm: GC_CONCURRENT freed 163K, 3% free 9373K/9607K, paused 2ms+2ms
06-20 08:34:44.276 24563 24564 D dalvikvm: GC_CONCURRENT freed 332K, 5% free 11000K/11463K, paused 2ms+14ms
06-20 08:34:44.721 24581 24583 D dalvikvm: GC_CONCURRENT freed 190K, 3% free 9647K/9927K, paused 2ms+3ms
06-20 08:34:45.214 24581 24583 D dalvikvm: GC_CONCURRENT freed 204K, 4% free 9877K/10183K, paused 12ms+22ms
06-20 08:34:45.257 24581 24588 I dalvikvm: Total arena pages for JIT: 11
06-20 08:34:45.257 24581 24588 I dalvikvm: Total arena pages for JIT: 12
06-20 08:34:45.260 24581 24588 I dalvikvm: Total arena pages for JIT: 13
06-20 08:34:45.260 24581 24588 I dalvikvm: Total arena pages for JIT: 14
06-20 08:34:45.260 24581 24588 I dalvikvm: Total arena pages for JIT: 15
06-20 08:34:45.264 24581 24588 I dalvikvm: Total arena pages for JIT: 16
06-20 08:34:45.264 24581 24588 I dalvikvm: Total arena pages for JIT: 17
06-20 08:34:47.366 23408 23410 D dalvikvm: GC_CONCURRENT freed 629K, 10% free 12075K/13319K, paused 6ms+7ms
06-20 08:34:47.518 24563 24564 D dalvikvm: GC_CONCURRENT freed 363K, 4% free 11258K/11719K, paused 11ms+3ms
06-20 08:34:50.147   342   342 D SAN_SERVICE: *******************************************
06-20 08:34:50.147   342   342 D SAN_SERVICE: DM App Phone Service State - 0
06-20 08:34:50.147   342   342 D SAN_SERVICE: *******************************************
06-20 08:34:50.632   342   342 D SAN_SERVICE: *******************************************
06-20 08:34:50.632   342   342 D SAN_SERVICE: DM App Phone Service State - 0
06-20 08:34:50.635   342   342 D SAN_SERVICE: *******************************************
06-20 08:34:50.846 22871 22895 I System.out: 08:34:50 AM SENT (1095121392): <iq id="ping" type="get"><ping xmlns="urn:xmpp:ping"/></iq>
06-20 08:34:51.116 22871 22894 I System.out: 08:34:51 AM RCV  (1095121392): <iq to='lokeshmandvekar@jabber.org/android9e7FLMWG' type='result' id='ping'/>
06-20 08:34:53.444 23408 23410 D dalvikvm: GC_CONCURRENT freed 984K, 10% free 12000K/13319K, paused 14ms+4ms
06-20 08:34:55.659 22643 22643 D dalvikvm: GC_EXPLICIT freed 12K, 9% free 10376K/11399K, paused 2ms+2ms
06-20 08:34:56.893   142   145 D dalvikvm: GC_CONCURRENT freed 2000K, 25% free 20130K/26823K, paused 13ms+9ms
06-20 08:34:58.671   342   342 D SAN_SERVICE: *******************************************
06-20 08:34:58.671   342   342 D SAN_SERVICE: DM App Phone Service State - 0
06-20 08:34:58.671   342   342 D SAN_SERVICE: *******************************************
06-20 08:34:58.909   342   342 D SAN_SERVICE: *******************************************
06-20 08:34:58.909   342   342 D SAN_SERVICE: DM App Phone Service State - 0
06-20 08:34:58.909   342   342 D SAN_SERVICE: *******************************************
06-20 08:34:59.659   342   342 D SAN_SERVICE: *******************************************
06-20 08:34:59.659   342   342 D SAN_SERVICE: DM App Phone Service State - 0
06-20 08:34:59.659   342   342 D SAN_SERVICE: *******************************************
06-20 08:35:00.319 23408 23410 D dalvikvm: GC_CONCURRENT freed 847K, 10% free 12032K/13319K, paused 14ms+4ms
06-20 08:35:05.389 22748 22748 D dalvikvm: GC_EXPLICIT freed 189K, 13% free 9330K/10631K, paused 15ms+3ms
06-20 08:35:08.503 23408 23410 D dalvikvm: GC_CONCURRENT freed 770K, 9% free 12146K/13319K, paused 18ms+4ms
06-20 08:35:10.448 22871 22871 D dalvikvm: GC_EXPLICIT freed 70K, 6% free 10424K/11079K, paused 28ms+2ms
06-20 08:35:10.538   342   342 D SAN_SERVICE: *******************************************
06-20 08:35:10.542   342   342 D SAN_SERVICE: DM App Phone Service State - 0
06-20 08:35:10.542   342   342 D SAN_SERVICE: *******************************************
06-20 08:35:11.276   142   197 D DhcpInfoInternal: makeLinkProperties with empty dns2!
06-20 08:35:11.276   142   197 D DhcpInfoInternal: makeLinkProperties with empty dns2!
06-20 08:35:11.315   342   342 D SAN_SERVICE: *******************************************
06-20 08:35:11.315   342   342 D SAN_SERVICE: DM App Phone Service State - 0
06-20 08:35:11.315   342   342 D SAN_SERVICE: *******************************************
06-20 08:35:14.280 23064 23077 I PhoneLab-: Service Running
06-20 08:35:14.385 23064 23077 I PhoneLab-LoggerService: app_38    30294 1     2548   2100  c00f181c 400107b4 S logcat
06-20 08:35:14.385 23064 23077 I PhoneLab-LoggerService: Logcat pid from database 30294
06-20 08:35:14.385 23064 23077 I PhoneLab-LoggerService: Logcat process found 30294
06-20 08:35:14.385 23064 23077 I PhoneLab-LoggerService: Checking Threshold
06-20 08:35:14.389 23064 23077 I PhoneLab-LoggerService: Starting to rename files
06-20 08:35:14.389 23064 23077 I PhoneLab-LoggerService: Files found .. 2
06-20 08:35:16.393 23048 23048 D dalvikvm: GC_EXPLICIT freed 8K, 4% free 9055K/9347K, paused 17ms+2ms
06-20 08:35:17.522 23064 23064 I PhoneLab-Locks: wake lock acquired
06-20 08:35:17.538 23064 23064 I PhoneLab-StatusMonitor: Status Monitoring is started
06-20 08:35:17.733 23064 23066 D dalvikvm: GC_CONCURRENT freed 455K, 14% free 9234K/10631K, paused 8ms+2ms
06-20 08:35:17.792 23064 23064 I PhoneLab-StatusMonitor: Value: 10 - unit: min
06-20 08:35:17.792 23064 23064 I PhoneLab-StatusMonitor: Running interval: 600000
06-20 08:35:17.796 23064 23064 I PhoneLab-StatusMonitor: Rescheduling status monitoring...
06-20 08:35:17.800 23064 23064 I PhoneLab-Locks: wake lock released
06-20 08:35:17.803 23064 23064 I PhoneLab-StatusMonitorLocation: Learning Location
06-20 08:35:17.803 23064 23064 I PhoneLab-Locks: wake lock acquired
06-20 08:35:17.835 23064 23064 I PhoneLab-Locks: wake lock acquired
06-20 08:35:17.846 11148 11180 D androidNetworkLocationListeners: Still have listener com.google.android.location.internal.client.NetworkLocationClient$1@41366898
06-20 08:35:17.854 23064 23064 I PhoneLab-StatusMonitorLocation: Learning Signal Strgth
06-20 08:35:17.854 23064 23064 I PhoneLab-Locks: wake lock acquired
06-20 08:35:17.870 11148 11180 D androidNetworkLocationListeners: Still have listener com.google.android.location.internal.client.NetworkLocationClient$1@41366898
06-20 08:35:17.870 23064 23064 I PhoneLab-StatusMonitorBattery: Battery_level: 96
06-20 08:35:17.870 23064 23064 I PhoneLab-Locks: wake lock released
06-20 08:35:17.874 23064 23064 I PhoneLab-StatusMonitorSignal: Signal_Strength: -86 asu: 14
06-20 08:35:17.874 23064 23064 I PhoneLab-Locks: wake lock released
06-20 08:35:18.092 11148 11180 D androidNetworkLocationListeners: Still have listener com.google.android.location.internal.client.NetworkLocationClient$1@41366898
06-20 08:35:18.100 23064 23064 I PhoneLab-StatusMonitorLocation: Location_Latitude: 42.9620627 Longitude: -78.8170622 Accuracy: 72.0
06-20 08:35:18.100 23064 23064 I PhoneLab-Locks: wake lock released
06-20 08:35:19.206   342   342 D SAN_SERVICE: *******************************************
06-20 08:35:19.206   342   342 D SAN_SERVICE: DM App Phone Service State - 0
06-20 08:35:19.206   342   342 D SAN_SERVICE: *******************************************
06-20 08:35:19.249 23408 23410 D dalvikvm: GC_CONCURRENT freed 904K, 9% free 12154K/13319K, paused 6ms+4ms
06-20 08:35:19.354   342   342 D SAN_SERVICE: *******************************************
06-20 08:35:19.354   342   342 D SAN_SERVICE: DM App Phone Service State - 0
06-20 08:35:19.354   342   342 D SAN_SERVICE: *******************************************
06-20 08:35:19.448 11148 11150 D dalvikvm: GC_CONCURRENT freed 595K, 7% free 10291K/11015K, paused 6ms+8ms
06-20 08:35:20.151   342   342 D SAN_SERVICE: *******************************************
06-20 08:35:20.151   342   342 D SAN_SERVICE: DM App Phone Service State - 0
06-20 08:35:20.151   342   342 D SAN_SERVICE: *******************************************
06-20 08:35:21.901 22871 22895 I System.out: 08:35:21 AM SENT (1095121392): <iq id="ping" type="get"><ping xmlns="urn:xmpp:ping"/></iq>
06-20 08:35:22.331 22871 22894 I System.out: 08:35:22 AM RCV  (1095121392): <iq to='lokeshmandvekar@jabber.org/android9e7FLMWG' type='result' id='ping'/>
06-20 08:35:27.553 22897 22897 D dalvikvm: GC_EXPLICIT freed <1K, 7% free 11278K/12039K, paused 42ms+3ms
06-20 08:35:29.440   342   342 D SAN_SERVICE: *******************************************
06-20 08:35:29.440   342   342 D SAN_SERVICE: DM App Phone Service State - 0
06-20 08:35:29.440   342   342 D SAN_SERVICE: *******************************************
06-20 08:35:30.823 23408 23410 D dalvikvm: GC_CONCURRENT freed 935K, 9% free 12139K/13319K, paused 14ms+3ms
06-20 08:35:34.573 23408 23408 D dalvikvm: GC_EXPLICIT freed 729K, 11% free 11968K/13319K, paused 27ms+3ms
06-20 08:35:39.116 23408 23410 D dalvikvm: GC_CONCURRENT freed 867K, 10% free 12009K/13319K, paused 2ms+4ms
06-20 08:35:39.510 23550 23550 D dalvikvm: GC_EXPLICIT freed 354K, 7% free 9856K/10567K, paused 2ms+7ms
06-20 08:35:39.647 23408 23410 D dalvikvm: GC_CONCURRENT freed 1091K, 12% free 11834K/13319K, paused 2ms+7ms
06-20 08:35:42.897 22643 22663 D dalvikvm: GC_EXPLICIT freed 248K, 9% free 10381K/11399K, paused 13ms+3ms
06-20 08:35:43.233 24581 24588 I dalvikvm: Total arena pages for JIT: 18
06-20 08:35:43.288 24581 24583 D dalvikvm: GC_CONCURRENT freed 462K, 6% free 9943K/10503K, paused 28ms+2ms
06-20 08:35:44.757   342   342 D SAN_SERVICE: *******************************************
06-20 08:35:44.757   342   342 D SAN_SERVICE: DM App Phone Service State - 0
06-20 08:35:44.757   342   342 D SAN_SERVICE: *******************************************
06-20 08:35:44.944   342   342 D SAN_SERVICE: *******************************************
06-20 08:35:44.944   342   342 D SAN_SERVICE: DM App Phone Service State - 0
06-20 08:35:44.944   342   342 D SAN_SERVICE: *******************************************
06-20 08:35:45.065 23408 23410 D dalvikvm: GC_CONCURRENT freed 949K, 12% free 11793K/13319K, paused 1ms+3ms
06-20 08:35:45.499   342   342 D SAN_SERVICE: *******************************************
06-20 08:35:45.499   342   342 D SAN_SERVICE: DM App Phone Service State - 0
06-20 08:35:45.499   342   342 D SAN_SERVICE: *******************************************
06-20 08:35:49.233 23408 23410 D dalvikvm: GC_CONCURRENT freed 895K, 12% free 11767K/13319K, paused 2ms+3ms
06-20 08:35:50.358   142   916 I ActivityManager: Start proc android.process.acore for content provider com.android.providers.contacts/.ContactsProvider2: pid=24704 uid=10000 gids={3003, 1015}
06-20 08:35:50.807 24704 24704 I ActivityThread: Pub call_log: com.android.providers.contacts.CallLogProvider
06-20 08:35:50.917 24704 24704 I ActivityThread: Pub com.android.voicemail: com.android.providers.contacts.VoicemailContentProvider
06-20 08:35:50.936 24704 24704 I ActivityThread: Pub user_dictionary: com.android.providers.userdictionary.UserDictionaryProvider
06-20 08:35:50.987 24704 24704 I ActivityThread: Pub com.android.social: com.android.providers.contacts.SocialProvider
06-20 08:35:51.003 24704 24704 I ActivityThread: Pub applications: com.android.providers.applications.ApplicationsProvider
06-20 08:35:51.206 24704 24704 I ActivityThread: Pub contacts;com.android.contacts: com.android.providers.contacts.ContactsProvider2
06-20 08:35:51.225 24704 24705 D dalvikvm: GC_CONCURRENT freed 350K, 5% free 9186K/9607K, paused 15ms+6ms
06-20 08:35:51.249   142   366 I ActivityManager: Process com.google.android.apps.googlevoice (pid 22046) has died.
06-20 08:35:51.300   142   366 W ActivityManager: Scheduling restart of crashed service com.google.android.apps.googlevoice/.UpdateService in 5000ms
06-20 08:35:51.300   142   366 W ActivityManager: Scheduling restart of crashed service com.google.android.apps.googlevoice/.CallLogService in 15000ms
06-20 08:35:52.167   142   294 I ActivityManager: Process com.twitter.android (pid 24563) has died.
06-20 08:35:52.503 24704 24705 D dalvikvm: GC_CONCURRENT freed 234K, 4% free 9366K/9735K, paused 185ms+2ms
06-20 08:35:52.671 23550 24722 D MediaPlayer: Couldn't open file on client side, trying server side
06-20 08:35:52.686    82   123 E MediaPlayerService: Couldn't open fd for content://settings/system/notification_sound
06-20 08:35:52.686 23550 24722 E MediaPlayer: Unable to to create media player
06-20 08:35:52.698 23550 24722 W AsyncPlayer: error loading sound for content://settings/system/notification_sound
06-20 08:35:52.698 23550 24722 W AsyncPlayer: java.io.IOException: setDataSource failed.: status=0x80000000
06-20 08:35:52.698 23550 24722 W AsyncPlayer: 	at android.media.MediaPlayer._setDataSource(Native Method)
06-20 08:35:52.698 23550 24722 W AsyncPlayer: 	at android.media.MediaPlayer.setDataSource(MediaPlayer.java:844)
06-20 08:35:52.698 23550 24722 W AsyncPlayer: 	at android.media.MediaPlayer.setDataSource(MediaPlayer.java:806)
06-20 08:35:52.698 23550 24722 W AsyncPlayer: 	at android.media.MediaPlayer.setDataSource(MediaPlayer.java:761)
06-20 08:35:52.698 23550 24722 W AsyncPlayer: 	at android.media.AsyncPlayer.startSound(AsyncPlayer.java:62)
06-20 08:35:52.698 23550 24722 W AsyncPlayer: 	at android.media.AsyncPlayer.access$200(AsyncPlayer.java:33)
06-20 08:35:52.698 23550 24722 W AsyncPlayer: 	at android.media.AsyncPlayer$Thread.run(AsyncPlayer.java:97)
06-20 08:35:53.038 22871 22895 I System.out: 08:35:53 AM SENT (1095121392): <iq id="ping" type="get"><ping xmlns="urn:xmpp:ping"/></iq>
06-20 08:35:53.397   213   215 D dalvikvm: GC_CONCURRENT freed 222K, 58% free 9983K/23687K, paused 20ms+12ms
06-20 08:35:53.417 22871 22894 I System.out: 08:35:53 AM RCV  (1095121392): <iq to='lokeshmandvekar@jabber.org/android9e7FLMWG' type='result' id='ping'/>
06-20 08:35:53.780   142   145 D dalvikvm: GC_CONCURRENT freed 1980K, 25% free 20131K/26823K, paused 172ms+10ms
06-20 08:35:55.143 23408 23410 D dalvikvm: GC_CONCURRENT freed 779K, 12% free 11836K/13319K, paused 2ms+3ms
06-20 08:35:55.319 24704 24705 D dalvikvm: GC_CONCURRENT freed 243K, 4% free 9550K/9927K, paused 2ms+3ms
06-20 08:35:56.378   142   159 I ActivityManager: Start proc com.google.android.apps.googlevoice for service com.google.android.apps.googlevoice/.UpdateService: pid=24727 uid=10056 gids={3003, 1015}
06-20 08:35:56.491   142   921 I ActivityManager: Process android.process.acore (pid 24704) has died.
06-20 08:35:56.675 23408 23410 D dalvikvm: GC_CONCURRENT freed 954K, 12% free 11816K/13319K, paused 2ms+3ms
06-20 08:35:57.100 24727 24728 D dalvikvm: GC_CONCURRENT freed 237K, 4% free 9288K/9607K, paused 29ms+15ms
06-20 08:35:57.257   142   142 I ActivityManager: Start proc android.process.acore for content provider com.android.providers.contacts/.VoicemailContentProvider: pid=24743 uid=10000 gids={3003, 1015}
06-20 08:35:57.331 24743 24743 I ActivityThread: Pub call_log: com.android.providers.contacts.CallLogProvider
06-20 08:35:57.409 24743 24743 I ActivityThread: Pub com.android.voicemail: com.android.providers.contacts.VoicemailContentProvider
06-20 08:35:57.428 24743 24743 I ActivityThread: Pub user_dictionary: com.android.providers.userdictionary.UserDictionaryProvider
06-20 08:35:57.467 24743 24743 I ActivityThread: Pub com.android.social: com.android.providers.contacts.SocialProvider
06-20 08:35:57.467 24743 24743 I ActivityThread: Pub applications: com.android.providers.applications.ApplicationsProvider
06-20 08:35:57.714 24743 24745 D dalvikvm: GC_CONCURRENT freed 338K, 5% free 9150K/9607K, paused 9ms+2ms
06-20 08:35:57.729 24743 24743 I ActivityThread: Pub contacts;com.android.contacts: com.android.providers.contacts.ContactsProvider2
06-20 08:35:58.772 24743 24745 D dalvikvm: GC_CONCURRENT freed 208K, 4% free 9332K/9671K, paused 2ms+2ms
06-20 08:35:58.780 24727 24728 D dalvikvm: GC_CONCURRENT freed 427K, 6% free 9405K/9927K, paused 10ms+3ms
06-20 08:35:58.780 24727 24735 W CursorWrapperInner: Cursor finalized without prior close()
06-20 08:35:58.780 24727 24735 W CursorWrapperInner: Cursor finalized without prior close()
06-20 08:35:58.780 24727 24735 W CursorWrapperInner: Cursor finalized without prior close()
06-20 08:35:59.042 24727 24728 D dalvikvm: GC_CONCURRENT freed 313K, 5% free 9486K/9927K, paused 4ms+21ms
06-20 08:35:59.155   142   366 D CountryDetector: The first listener is added
06-20 08:35:59.460 24743 24745 D dalvikvm: GC_CONCURRENT freed 163K, 3% free 9692K/9927K, paused 43ms+4ms
06-20 08:36:00.671   142   142 D dalvikvm: GC_EXPLICIT freed 640K, 26% free 20089K/26823K, paused 7ms+20ms
06-20 08:36:01.694 23408 23410 D dalvikvm: GC_CONCURRENT freed 894K, 12% free 11812K/13319K, paused 2ms+4ms
06-20 08:36:01.944 24743 24745 D dalvikvm: GC_CONCURRENT freed 392K, 5% free 9848K/10311K, paused 4ms+3ms
06-20 08:36:02.319 24743 24745 D dalvikvm: GC_CONCURRENT freed 327K, 5% free 10006K/10439K, paused 2ms+25ms
06-20 08:36:02.444 24727 24767 D dalvikvm: GC_FOR_ALLOC freed 165K, 5% free 9673K/10119K, paused 42ms
06-20 08:36:02.553 24743 24755 D dalvikvm: GC_EXPLICIT freed 243K, 6% free 9902K/10439K, paused 2ms+5ms
06-20 08:36:02.612 23550 24774 W AsyncPlayer: STOP command without a player
06-20 08:36:03.280   142   921 I ActivityManager: Process android.process.acore (pid 24743) has died.
06-20 08:36:03.300   142   918 D CountryDetector: No listener is left
06-20 08:36:14.557 23064 23064 D dalvikvm: GC_EXPLICIT freed 370K, 14% free 9168K/10631K, paused 15ms+2ms
06-20 08:36:15.385 23408 23410 D dalvikvm: GC_CONCURRENT freed 591K, 10% free 12033K/13319K, paused 14ms+4ms
06-20 08:36:24.147 22871 22895 I System.out: 08:36:24 AM SENT (1095121392): <iq id="ping" type="get"><ping xmlns="urn:xmpp:ping"/></iq>
06-20 08:36:24.522 22871 22894 I System.out: 08:36:24 AM RCV  (1095121392): <iq to='lokeshmandvekar@jabber.org/android9e7FLMWG' type='result' id='ping'/>
06-20 08:36:25.811   342   342 D SAN_SERVICE: *******************************************
06-20 08:36:25.811   342   342 D SAN_SERVICE: DM App Phone Service State - 0
06-20 08:36:25.811   342   342 D SAN_SERVICE: *******************************************
06-20 08:36:25.960   342   342 D SAN_SERVICE: *******************************************
06-20 08:36:25.960   342   342 D SAN_SERVICE: DM App Phone Service State - 0
06-20 08:36:25.960   342   342 D SAN_SERVICE: *******************************************
06-20 08:36:32.507 11148 11148 D dalvikvm: GC_EXPLICIT freed 44K, 7% free 10274K/11015K, paused 25ms+3ms
06-20 08:36:32.776 23408 23410 D dalvikvm: GC_CONCURRENT freed 843K, 10% free 12076K/13319K, paused 13ms+6ms
06-20 08:36:32.784   142   294 I ActivityManager: Process com.google.android.apps.maps:LocationFriendService (pid 24581) has died.
06-20 08:36:32.928   142   145 D dalvikvm: GC_CONCURRENT freed 1965K, 26% free 20090K/26823K, paused 8ms+8ms
06-20 08:36:39.342   357   357 D dalvikvm: GC_EXPLICIT freed <1K, 6% free 9102K/9607K, paused 2ms+3ms
06-20 08:36:42.846 23408 23410 D dalvikvm: GC_CONCURRENT freed 950K, 10% free 12024K/13319K, paused 14ms+5ms
06-20 08:36:44.272   142   370 I ActivityManager: Start proc com.google.android.apps.maps:LocationFriendService for service com.google.android.apps.maps/com.google.googlenav.friend.reporting.LocationReceiverService: pid=24807 uid=10057 gids={3003, 1015}
06-20 08:36:44.635 24807 24808 D dalvikvm: GC_CONCURRENT freed 173K, 3% free 9363K/9607K, paused 10ms+2ms
06-20 08:36:45.276 24807 24808 D dalvikvm: GC_CONCURRENT freed 159K, 3% free 9658K/9927K, paused 16ms+21ms
06-20 08:36:45.780 24807 24808 D dalvikvm: GC_CONCURRENT freed 236K, 4% free 9916K/10247K, paused 2ms+2ms
06-20 08:36:53.522 23408 23410 D dalvikvm: GC_CONCURRENT freed 1067K, 11% free 11881K/13319K, paused 1ms+4ms
06-20 08:36:53.538   142   366 I ActivityManager: Process com.google.android.apps.maps:LocationFriendService (pid 24807) has died.
06-20 08:36:55.260 22871 22895 I System.out: 08:36:55 AM SENT (1095121392): <iq id="ping" type="get"><ping xmlns="urn:xmpp:ping"/></iq>
06-20 08:36:55.530 22871 22894 I System.out: 08:36:55 AM RCV  (1095121392): <iq to='lokeshmandvekar@jabber.org/android9e7FLMWG' type='result' id='ping'/>
06-20 08:36:58.616 18154 18154 D dalvikvm: GC_EXPLICIT freed <1K, 8% free 11662K/12551K, paused 2ms+7ms
06-20 08:36:58.983   142   145 D dalvikvm: GC_CONCURRENT freed 1773K, 25% free 20338K/26823K, paused 3ms+8ms
06-20 08:36:59.014   142 24831 I ActivityManager: Applications Memory Usage (kB):
06-20 08:36:59.014   142 24831 I ActivityManager: Uptime: 672659150 Realtime: 833088369
06-20 08:36:59.014   142 24831 I ActivityManager: Total PSS by OOM adjustment:
06-20 08:36:59.014   142 24831 I ActivityManager:     35975 kB: System
06-20 08:36:59.014   142 24831 I ActivityManager:                35975 kB: system (pid 142)
06-20 08:36:59.014   142 24831 I ActivityManager:     30274 kB: Persistent
06-20 08:36:59.014   142 24831 I ActivityManager:                13248 kB: com.android.phone (pid 342)
06-20 08:36:59.014   142 24831 I ActivityManager:                12870 kB: com.android.systemui (pid 213)
06-20 08:36:59.014   142 24831 I ActivityManager:                 4156 kB: com.android.nfc (pid 357)
06-20 08:36:59.014   142 24831 I ActivityManager:     24602 kB: Foreground
06-20 08:36:59.014   142 24831 I ActivityManager:                24602 kB: com.android.launcher (pid 12326)
06-20 08:36:59.014   142 24831 I ActivityManager:      9060 kB: Visible
06-20 08:36:59.014   142 24831 I ActivityManager:                 6192 kB: com.google.android.gsf.login (pid 12011)
06-20 08:36:59.014   142 24831 I ActivityManager:                 2868 kB: com.android.smspush (pid 428)
06-20 08:36:59.014   142 24831 I ActivityManager:     43684 kB: Perceptible
06-20 08:36:59.014   142 24831 I ActivityManager:                25765 kB: hr.podlanica (pid 18154)
06-20 08:36:59.014   142 24831 I ActivityManager:                17919 kB: com.android.inputmethod.latin (pid 30115)
06-20 08:36:59.014   142 24831 I ActivityManager:     32521 kB: A Services
06-20 08:36:59.014   142 24831 I ActivityManager:                10919 kB: com.google.process.gapps (pid 11148)
06-20 08:36:59.014   142 24831 I ActivityManager:                 7833 kB: com.google.android.apps.googlevoice (pid 24727)
06-20 08:36:59.014   142 24831 I ActivityManager:                 7487 kB: com.google.android.apps.maps:NetworkLocationService (pid 22643)
06-20 08:36:59.014   142 24831 I ActivityManager:                 6282 kB: com.whatsapp (pid 23550)
06-20 08:36:59.014   142 24831 I ActivityManager:     10716 kB: Previous
06-20 08:36:59.014   142 24831 I ActivityManager:                10716 kB: com.google.android.apps.genie.geniewidget (pid 23408)
06-20 08:36:59.014   142 24831 I ActivityManager:     32821 kB: B Services
06-20 08:36:59.014   142 24831 I ActivityManager:                10212 kB: com.spotify.mobile.android.service (pid 22748)
06-20 08:36:59.014   142 24831 I ActivityManager:                 9096 kB: com.facebook.orca (pid 22897)
06-20 08:36:59.014   142 24831 I ActivityManager:                 6452 kB: com.xabber.android (pid 22871)
06-20 08:36:59.014   142 24831 I ActivityManager:                 4387 kB: edu.buffalo.cse.phonelab.phonelabservices (pid 23064)
06-20 08:36:59.014   142 24831 I ActivityManager:                 2674 kB: com.android.sprintmenu (pid 23048)
06-20 08:36:59.014   142 24831 I ActivityManager: 
06-20 08:36:59.014   142 24831 I ActivityManager: Total PSS: 219653 kB
06-20 08:36:59.014   142 24831 I ActivityManager:   PID      Vss      Rss      Pss      Uss  cmdline
06-20 08:36:59.014   142 24831 I ActivityManager:   142   54784K   54760K   36077K   31828K  system_server
06-20 08:36:59.014   142 24831 I ActivityManager: 18154   40944K   40860K   25836K   24916K  hr.podlanica
06-20 08:36:59.014   142 24831 I ActivityManager: 12326   45960K   45876K   24705K   21856K  com.android.launcher
06-20 08:36:59.014   142 24831 I ActivityManager: 30115   35900K   35812K   17999K   16852K  com.android.inputmethod.latin
06-20 08:36:59.014   142 24831 I ActivityManager:    79   26580K   23580K   15239K    7720K  /system/bin/surfaceflinger
06-20 08:36:59.014   142 24831 I ActivityManager:   342   28060K   27976K   13293K   12488K  com.android.phone
06-20 08:36:59.014   142 24831 I ActivityManager:   213   31972K   31904K   12917K    8704K  com.android.systemui
06-20 08:36:59.014   142 24831 I ActivityManager: 11148   28180K   28096K   10968K    9924K  com.google.process.gapps
06-20 08:36:59.014   142 24831 I ActivityManager: 23408   29376K   29312K   10796K    9488K  com.google.android.apps.genie.geniewidget
06-20 08:36:59.014   142 24831 I ActivityManager: 22748   26668K   26580K   10260K    9308K  com.spotify.mobile.android.service
06-20 08:36:59.014   142 24831 I ActivityManager: 22897   27272K   27168K    9145K    8028K  com.facebook.orca
06-20 08:36:59.014   142 24831 I ActivityManager: 24727   27504K   27440K    7882K    6068K  com.google.android.apps.googlevoice
06-20 08:36:59.014   142 24831 I ActivityManager: 22643   25876K   25784K    7537K    6344K  com.google.android.apps.maps:NetworkLocationService
06-20 08:36:59.014   142 24831 I ActivityManager: 22871   25236K   25144K    6500K    5284K  com.xabber.android
06-20 08:36:59.014   142 24831 I ActivityManager: 23550   25620K   25528K    6334K    4740K  com.whatsapp
06-20 08:36:59.014   142 24831 I ActivityManager: 12011   22356K   22256K    6239K    5340K  com.google.android.gsf.login
06-20 08:36:59.014   142 24831 I ActivityManager: 23064   22692K   22596K    4436K    3280K  edu.buffalo.cse.phonelab.phonelabservices
06-20 08:36:59.014   142 24831 I ActivityManager:   357   19452K   19356K    4205K    3364K  com.android.nfc
06-20 08:36:59.014   142 24831 I ActivityManager: 18802   17804K   17700K    3376K    2544K  com.spotify.mobile.android.ui
06-20 08:36:59.014   142 24831 I ActivityManager:   428   18472K   18360K    2916K    1968K  com.android.smspush
06-20 08:36:59.014   142 24831 I ActivityManager: 23048   21284K   21180K    2722K    1524K  com.android.sprintmenu
06-20 08:36:59.014   142 24831 I ActivityManager:    80   19592K   19464K    2267K    1076K  zygote
06-20 08:36:59.014   142 24831 I ActivityManager:    82    2320K    2320K    2057K    2036K  /system/bin/mediaserver
06-20 08:36:59.014   142 24831 I ActivityManager: 30294    2104K    2100K    1961K    1956K  logcat
06-20 08:36:59.014   142 24831 I ActivityManager:    81    1020K    1020K     881K     876K  /system/bin/drmserver
06-20 08:36:59.014   142 24831 I ActivityManager:    78    1108K    1108K     832K     816K  /system/bin/rild
06-20 08:36:59.014   142 24831 I ActivityManager:    88     832K     832K     816K     816K  /sbin/adbd
06-20 08:36:59.014   142 24831 I ActivityManager: 24835     804K     796K     671K     668K  procrank
06-20 08:36:59.014   142 24831 I ActivityManager: 10596     644K     640K     453K     440K  /system/bin/netd
06-20 08:36:59.014   142 24831 I ActivityManager: 18659     560K     556K     412K     408K  /system/bin/wpa_supplicant
06-20 08:36:59.014   142 24831 I ActivityManager:   298     336K     336K     316K     316K  /system/bin/bluetoothd
06-20 08:36:59.014   142 24831 I ActivityManager:    73     380K     376K     290K     284K  /system/bin/vold
06-20 08:36:59.014   142 24831 I ActivityManager:    86     444K     440K     290K     284K  /system/vendor/bin/gpsd
06-20 08:36:59.014   142 24831 I ActivityManager:    85     420K     384K     251K     244K  /system/bin/keystore
06-20 08:36:59.014   142 24831 I ActivityManager:    83     224K     216K     200K     200K  /system/bin/dbus-daemon
06-20 08:36:59.014   142 24831 I ActivityManager: 21297     340K     336K     182K     176K  /system/bin/dhcpcd
06-20 08:36:59.014   142 24831 I ActivityManager:   200     176K     168K     148K     148K  /system/bin/brcm_patchram_plus
06-20 08:36:59.014   142 24831 I ActivityManager:     1     204K     204K     138K     100K  /init
06-20 08:36:59.014   142 24831 I ActivityManager:    84     248K     240K     123K     
06-20 08:37:01.557   342   342 D SAN_SERVICE: *******************************************
06-20 08:37:01.557   342   342 D SAN_SERVICE: DM App Phone Service State - 0
06-20 08:37:01.557   342   342 D SAN_SERVICE: *******************************************
06-20 08:37:01.827   342   342 D SAN_SERVICE: *******************************************
06-20 08:37:01.827   342   342 D SAN_SERVICE: DM App Phone Service State - 0
06-20 08:37:01.827   342   342 D SAN_SERVICE: *******************************************
06-20 08:37:02.600 23408 23410 D dalvikvm: GC_CONCURRENT freed 743K, 11% free 11987K/13319K, paused 14ms+4ms
06-20 08:37:09.268 23408 23410 D dalvikvm: GC_CONCURRENT freed 863K, 10% free 12014K/13319K, paused 2ms+4ms
06-20 08:37:11.491 12326 12326 D dalvikvm: GC_EXPLICIT freed 76K, 25% free 11293K/14919K, paused 2ms+2ms
06-20 08:37:14.280 23064 23077 I PhoneLab-: Service Running
06-20 08:37:14.393 23064 23077 I PhoneLab-LoggerService: app_38    30294 1     2548   2100  c00f181c 400107b4 S logcat
06-20 08:37:14.393 23064 23077 I PhoneLab-LoggerService: Logcat pid from database 30294
06-20 08:37:14.393 23064 23077 I PhoneLab-LoggerService: Logcat process found 30294
06-20 08:37:14.393 23064 23077 I PhoneLab-LoggerService: Checking Threshold
06-20 08:37:14.397 23064 23077 I PhoneLab-LoggerService: Starting to rename files
06-20 08:37:14.397 23064 23077 I PhoneLab-LoggerService: Files found .. 2
06-20 08:37:14.675 23408 23410 D dalvikvm: GC_CONCURRENT freed 966K, 11% free 11981K/13319K, paused 2ms+7ms
06-20 08:37:16.635   142   158 D dalvikvm: GC_EXPLICIT freed 692K, 26% free 20058K/26823K, paused 29ms+10ms
06-20 08:37:21.546   213   213 D dalvikvm: GC_EXPLICIT freed 26K, 58% free 9975K/23687K, paused 16ms+3ms
06-20 08:37:22.737 23408 23410 D dalvikvm: GC_CONCURRENT freed 778K, 10% free 12077K/13319K, paused 14ms+4ms
06-20 08:37:26.331 22871 22895 I System.out: 08:37:26 AM SENT (1095121392): <iq id="ping" type="get"><ping xmlns="urn:xmpp:ping"/></iq>
06-20 08:37:26.600   342   342 D dalvikvm: GC_EXPLICIT freed 488K, 19% free 12346K/15175K, paused 19ms+3ms
06-20 08:37:26.635 22871 22894 I System.out: 08:37:26 AM RCV  (1095121392): <iq to='lokeshmandvekar@jabber.org/android9e7FLMWG' type='result' id='
06-20 08:37:26.635 22871 22894 I System.out: 08:37:26 AM RCV  (1095121392): ping'/>
06-20 08:37:33.331 23408 23410 D dalvikvm: GC_CONCURRENT freed 780K, 9% free 12202K/13319K, paused 24ms+3ms
06-20 08:37:36.202   142   197 D DhcpInfoInternal: makeLinkProperties with empty dns2!
06-20 08:37:36.206   142   197 D DhcpInfoInternal: makeLinkProperties with empty dns2!
06-20 08:37:40.362   428   428 D dalvikvm: GC_EXPLICIT freed <1K, 4% free 9038K/9347K, paused 14ms+2ms
06-20 08:37:44.050 23408 23410 D dalvikvm: GC_CONCURRENT freed 1066K, 9% free 12133K/13319K, paused 13ms+4ms
06-20 08:37:44.175   142   916 I ActivityManager: Start proc com.google.android.apps.maps:LocationFriendService for service com.google.android.apps.maps/com.google.googlenav.friend.reporting.LocationReceiverService: pid=24907 uid=10057 gids={3003, 1015}
06-20 08:37:44.354 22643 22644 D dalvikvm: GC_CONCURRENT freed 503K, 9% free 10386K/11399K, paused 1ms+5ms
06-20 08:37:44.471 24907 24910 D dalvikvm: GC_CONCURRENT freed 176K, 3% free 9360K/9607K, paused 8ms+3ms
06-20 08:37:44.749 11148 11276 D dalvikvm: GC_EXPLICIT freed 23K, 7% free 10282K/11015K, paused 9ms+2ms
06-20 08:37:45.003 24907 24910 D dalvikvm: GC_CONCURRENT freed 155K, 3% free 9660K/9927K, paused 17ms+6ms
06-20 08:37:45.753 24907 24910 D dalvikvm: GC_CONCURRENT freed 272K, 4% free 9901K/10247K, paused 3ms+4ms
06-20 08:37:47.702   342   342 D SAN_SERVICE: *******************************************
06-20 08:37:47.702   342   342 D SAN_SERVICE: DM App Phone Service State - 0
06-20 08:37:47.702   342   342 D SAN_SERVICE: *******************************************
06-20 08:37:50.616 23408 23410 D dalvikvm: GC_CONCURRENT freed 982K, 10% free 12085K/13319K, paused 17ms+4ms
06-20 08:37:52.776 12011 12011 D dalvikvm: GC_EXPLICIT freed <1K, 7% free 9609K/10311K, paused 7ms+2ms
06-20 08:37:54.436   342   342 D SAN_SERVICE: *******************************************
06-20 08:37:54.436   342   342 D SAN_SERVICE: DM App Phone Service State - 0
06-20 08:37:54.436   342   342 D SAN_SERVICE: *******************************************
06-20 08:37:55.190 23408 23410 D dalvikvm: GC_CONCURRENT freed 990K, 10% free 12007K/13319K, paused 1ms+4ms
06-20 08:37:55.780 23408 23410 D dalvikvm: GC_CONCURRENT freed 1096K, 12% free 11825K/13319K, paused 2ms+4ms
06-20 08:37:57.413 22871 22895 I System.out: 08:37:57 AM SENT (1095121392): <iq id="ping" type="get"><ping xmlns="urn:xmpp:ping"/></iq>
06-20 08:37:57.671 22871 22894 I System.out: 08:37:57 AM RCV  (1095121392): <iq to='lokeshmandvekar@jabber.org/android9e7FLMWG' type='result' id='ping'/>
06-20 08:38:02.784 23408 23410 D dalvikvm: GC_CONCURRENT freed 892K, 12% free 11809K/13319K, paused 2ms+4ms
06-20 08:38:05.768 30115 30115 D dalvikvm: GC_EXPLICIT freed <1K, 17% free 11195K/13447K, paused 16ms+4ms
06-20 08:38:10.260 23408 23410 D dalvikvm: GC_CONCURRENT freed 697K, 11% free 11930K/13319K, paused 14ms+3ms
06-20 08:38:10.768 22643 22643 D dalvikvm: GC_EXPLICIT freed 16K, 9% free 10376K/11399K, paused 16ms+2ms
06-20 08:38:15.757 22748 22748 D dalvikvm: GC_EXPLICIT freed 28K, 13% free 9302K/10631K, paused 22ms+2ms
06-20 08:38:18.405 23408 23410 D dalvikvm: GC_CONCURRENT freed 769K, 10% free 12005K/13319K, paused 25ms+3ms
06-20 08:38:20.827 22871 22871 D dalvikvm: GC_EXPLICIT freed 38K, 6% free 10424K/11079K, paused 28ms+2ms
06-20 08:38:23.171 23408 23410 D dalvikvm: GC_CONCURRENT freed 973K, 11% free 11899K/13319K, paused 14ms+3ms
06-20 08:38:25.784 23048 23048 D dalvikvm: GC_EXPLICIT freed <1K, 4% free 9055K/9347K, paused 32ms+2ms
06-20 08:38:28.440 22871 22895 I System.out: 08:38:28 AM SENT (1095121392): <iq id="ping" type="get"><ping xmlns="urn:xmpp:ping"/></iq>
06-20 08:38:28.604   342   342 D SAN_SERVICE: *******************************************
06-20 08:38:28.604   342   342 D SAN_SERVICE: DM App Phone Service State - 0
06-20 08:38:28.604   342   342 D SAN_SERVICE: *******************************************
06-20 08:38:28.803   342   342 D SAN_SERVICE: *******************************************
06-20 08:38:28.803   342   342 D SAN_SERVICE: DM App Phone Service State - 0
06-20 08:38:28.803   342   342 D SAN_SERVICE: *******************************************
06-20 08:38:28.811 22871 22894 I System.out: 08:38:28 AM RCV  (1095121392): <iq to='lokeshmandvekar@jabber.org/android9e7FLMWG' type='result' id='ping'/>
06-20 08:38:31.772 23408 23410 D dalvikvm: GC_CONCURRENT freed 620K, 9% free 12124K/13319K, paused 13ms+4ms
06-20 08:38:33.995 22897 22897 D dalvikvm: GC_EXPLICIT freed <1K, 7% free 11278K/12039K, paused 28ms+3ms
06-20 08:38:38.300 23408 23410 D dalvikvm: GC_CONCURRENT freed 1108K, 11% free 11950K/13319K, paused 14ms+3ms
06-20 08:38:38.893 23408 23408 D dalvikvm: GC_EXPLICIT freed 421K, 12% free 11762K/13319K, paused 17ms+2ms
06-20 08:38:41.085 23408 23410 D dalvikvm: GC_CONCURRENT freed 762K, 12% free 11796K/13319K, paused 14ms+3ms
06-20 08:38:43.983   342   342 D SAN_SERVICE: *******************************************
06-20 08:38:43.983   342   342 D SAN_SERVICE: DM App Phone Service State - 0
06-20 08:38:43.983   342   342 D SAN_SERVICE: *******************************************
06-20 08:38:44.182   342   342 D SAN_SERVICE: *******************************************
06-20 08:38:44.182   342   342 D SAN_SERVICE: DM App Phone Service State - 0
06-20 08:38:44.182   342   342 D SAN_SERVICE: *******************************************
06-20 08:38:44.303 24907 24915 I dalvikvm: Total arena pages for JIT: 11
06-20 08:38:44.303 24907 24915 I dalvikvm: Total arena pages for JIT: 12
06-20 08:38:44.303 24907 24915 I dalvikvm: Total arena pages for JIT: 13
06-20 08:38:44.307 24907 24915 I dalvikvm: Total arena pages for JIT: 14
06-20 08:38:44.307 24907 24915 I dalvikvm: Total arena pages for JIT: 15
06-20 08:38:44.307 24907 24915 I dalvikvm: Total arena pages for JIT: 16
06-20 08:38:44.307 24907 24915 I dalvikvm: Total arena pages for JIT: 17
06-20 08:38:44.413 24907 24910 D dalvikvm: GC_CONCURRENT freed 406K, 5% free 9983K/10503K, paused 10ms+3ms
06-20 08:38:49.311 23064 23064 D dalvikvm: GC_EXPLICIT freed 58K, 14% free 9163K/10631K, paused 15ms+2ms
06-20 08:38:53.460 23408 23410 D dalvikvm: GC_CONCURRENT freed 651K, 11% free 11956K/13319K, paused 14ms+4ms
06-20 08:38:54.245   342   342 D SAN_SERVICE: *******************************************
06-20 08:38:54.245   342   342 D SAN_SERVICE: DM App Phone Service State - 0
06-20 08:38:54.245   342   342 D SAN_SERVICE: *******************************************
06-20 08:38:54.323 23550 23559 W MediaPlayer-JNI: MediaPlayer finalized without being released
06-20 08:38:54.323 23550 23550 D dalvikvm: GC_EXPLICIT freed 256K, 7% free 9894K/10567K, paused 2ms+4ms
06-20 08:38:54.460   342   342 D SAN_SERVICE: *******************************************
06-20 08:38:54.460   342   342 D SAN_SERVICE: DM App Phone Service State - 0
06-20 08:38:54.460   342   342 D SAN_SERVICE: *******************************************
06-20 08:38:55.225   342   342 D SAN_SERVICE: *******************************************
06-20 08:38:55.225   342   342 D SAN_SERVICE: DM App Phone Service State - 0
06-20 08:38:55.225   342   342 D SAN_SERVICE: *******************************************
06-20 08:38:59.464 22871 22895 I System.out: 08:38:59 AM SENT (1095121392): <iq id="ping" type="get"><ping xmlns="urn:xmpp:ping"/></iq>
06-20 08:38:59.776 22871 22894 I System.out: 08:38:59 AM RCV  (1095121392): <iq to='lokeshmandvekar@jabber.org/android9e7FLMWG' type='result' id='ping'/>
06-20 08:39:00.292   142   145 D dalvikvm: GC_CONCURRENT freed 1979K, 25% free 20119K/26823K, paused 128ms+10ms
06-20 08:39:04.311 23408 23410 D dalvikvm: GC_CONCURRENT freed 822K, 10% free 12059K/13319K, paused 3ms+5ms
06-20 08:39:07.284 23408 23410 D dalvikvm: GC_CONCURRENT freed 1172K, 12% free 11772K/13319K, paused 15ms+4ms
06-20 08:39:09.335 11148 11148 D dalvikvm: GC_EXPLICIT freed 30K, 7% free 10280K/11015K, paused 17ms+3ms
06-20 08:39:12.370 23408 23410 D dalvikvm: GC_CONCURRENT freed 772K, 12% free 11829K/13319K, paused 1ms+4ms
06-20 08:39:14.292 23064 23077 I PhoneLab-: Service Running
06-20 08:39:14.374 23064 23077 I PhoneLab-LoggerService: app_38    30294 1     2548   2100  c00f181c 400107b4 S logcat
06-20 08:39:14.374 23064 23077 I PhoneLab-LoggerService: Logcat pid from database 30294
06-20 08:39:14.374 23064 23077 I PhoneLab-LoggerService: Logcat process found 30294
06-20 08:39:14.374 23064 23077 I PhoneLab-LoggerService: Checking Threshold
06-20 08:39:14.378 23064 23077 I PhoneLab-LoggerService: Starting to rename files
06-20 08:39:14.378 23064 23077 I PhoneLab-LoggerService: Files found .. 2
06-20 08:39:15.671 23408 23410 D dalvikvm: GC_CONCURRENT freed 950K, 12% free 11808K/13319K, paused 4ms+4ms
06-20 08:39:15.885 23408 23410 D dalvikvm: GC_CONCURRENT freed 939K, 12% free 11794K/13319K, paused 1ms+3ms
06-20 08:39:17.671   142   166 I ActivityManager: Start proc com.google.android.apps.currents for service com.google.android.apps.currents/com.google.apps.dots.android.app.service.SyncService: pid=25035 uid=10080 gids={3003, 1015}
06-20 08:39:17.706    80    80 D dalvikvm: GC_EXPLICIT freed 38K, 4% free 9031K/9347K, paused 15ms+3ms
06-20 08:39:17.737 25035 25035 I dalvikvm: Turning on JNI app bug workarounds for target SDK version 12...
06-20 08:39:17.749    80    80 D dalvikvm: GC_EXPLICIT freed <1K, 4% free 9031K/9347K, paused 1ms+3ms
06-20 08:39:17.776    80    80 D dalvikvm: GC_EXPLICIT freed <1K, 4% free 9031K/9347K, paused 2ms+2ms
06-20 08:39:18.159 25035 25035 I ActivityThread: Pub com.google.apps.dots.android.app.provider.SuggestionProvider: com.google.apps.dots.android.app.provider.SuggestionProvider
06-20 08:39:18.194 25035 25035 I ActivityThread: Pub com.google.android.apps.currents: com.google.apps.dots.android.app.provider.DotsContentProvider
06-20 08:39:18.342 25035 25038 D dalvikvm: GC_CONCURRENT freed 188K, 3% free 9348K/9607K, paused 3ms+1ms
06-20 08:39:18.413 25035 25038 D dalvikvm: GC_CONCURRENT freed 267K, 5% free 9590K/9991K, paused 1ms+2ms
06-20 08:39:18.538 25035 25038 D dalvikvm: GC_CONCURRENT freed 222K, 4% free 9838K/10183K, paused 1ms+2ms
06-20 08:39:18.768 25035 25038 D dalvikvm: GC_CONCURRENT freed 254K, 4% free 10112K/10439K, paused 2ms+2ms
06-20 08:39:18.823 25035 25035 I DotsContentUris: content://com.google.android.apps.currents
06-20 08:39:18.909 25035 25035 I DotsApplication: Application starting up...
06-20 08:39:18.917 25035 25035 D DotsApplication: Setting dependencies...
06-20 08:39:18.979   142 12773 I ActivityManager: Process com.google.android.apps.maps:LocationFriendService (pid 24907) has died.
06-20 08:39:19.229 25035 25038 D dalvikvm: GC_CONCURRENT freed 370K, 5% free 10153K/10631K, paused 3ms+4ms
06-20 08:39:19.229 25035 25035 I FileSynchronizer: Computed hash for file: trending_icon.png, checksum: 2767806511
06-20 08:39:19.229 25035 25035 I FileSynchronizer: Computed hash for file: article-base.css, checksum: 987244234
06-20 08:39:19.229 25035 25035 I FileSynchronizer: Computed hash for file: expandMini.png, checksum: 3330832892
06-20 08:39:19.229 25035 25035 I FileSynchronizer: Computed hash for file: fonts.css, checksum: 339439600
06-20 08:39:19.233 25035 25035 I FileSynchronizer: Computed hash for file: shop.png, checksum: 4118474238
06-20 08:39:19.249 25035 25035 I FileSynchronizer: Computed hash for file: video.png, checksum: 2276045029
06-20 08:39:19.260 25035 25035 I FileSynchronizer: Computed hash for file: generatedLayoutEngine.js, checksum: 2307145830
06-20 08:39:19.260 25035 25035 I FileSynchronizer: Computed hash for file: social-template-bg-120.png, checksum: 3055211616
06-20 08:39:19.260 25035 25035 I FileSynchronizer: Computed hash for file: webview.html, checksum: 177848542
06-20 08:39:19.264 25035 25035 I FileSynchronizer: Computed hash for file: webview.js, checksum: 1510508547
06-20 08:39:19.581 25035 25035 D DotsApplication: Creating application...
06-20 08:39:19.612 25035 25035 D DotsApplication: Setting custom uncaught exception handler...
06-20 08:39:19.620 25035 25035 D DotsApplication: Starting services...
06-20 08:39:19.745   142   916 D dalvikvm: GC_EXPLICIT freed 971K, 26% free 20072K/26823K, paused 4ms+9ms
06-20 08:39:19.749 25035 25035 D DotsApplication: Initializing caches...
06-20 08:39:19.749 25035 25035 I AttachmentViewCacheManager: Device memory class: 48, cache scale: 2.0
06-20 08:39:19.749 25035 25035 I AttachmentViewCacheManager: Creating cache: POST_TILE, cache size: 4000000
06-20 08:39:19.749 25035 25035 I AttachmentViewCacheManager: Creating cache: TOC_TILE, cache size: 3000000
06-20 08:39:19.749 25035 25035 I AttachmentViewCacheManager: Creating cache: GOTO_MENU, cache size: 1000000
06-20 08:39:19.749 25035 25035 I AttachmentViewCacheManager: Creating cache: HOME_WIDGET, cache size: 900000
06-20 08:39:19.749 25035 25035 I AttachmentViewCacheManager: Creating cache: MAGAZINES_HOME_WIDGET, cache size: 5000000
06-20 08:39:19.831 25035 25035 D DotsApplication: Application is started
06-20 08:39:19.846 25035 25038 D dalvikvm: GC_CONCURRENT freed 334K, 4% free 10332K/10759K, paused 2ms+3ms
06-20 08:39:19.885 23408 23410 D dalvikvm: GC_CONCURRENT freed 836K, 12% free 11827K/13319K, paused 10ms+4ms
06-20 08:39:19.928   142   918 D SyncManager: setSyncAutomatically: , provider com.google.android.apps.currents -> true
06-20 08:39:19.928   142   918 D SyncManager: setSyncAutomatically: already set to true, doing nothing
06-20 08:39:20.167 25035 25056 I DotsSqliteDatabase: Creating DotsSqliteDatabase at path: /data/data/com.google.android.apps.currents/databases/currents_-577763198_120
06-20 08:39:23.780 12011 12022 V GoogleLoginService: Returning error intent with: ComponentInfo{com.google.android.gsf.login/com.google.android.gsf.login.LoginActivity}
06-20 08:39:23.800 25035 25056 W SyncService: sync service error (7)
06-20 08:39:24.565   357   357 D dalvikvm: GC_EXPLICIT freed <1K, 6% free 9102K/9607K, paused 16ms+2ms
06-20 08:39:24.901   342   342 D SAN_SERVICE: *******************************************
06-20 08:39:24.901   342   342 D SAN_SERVICE: DM App Phone Service State - 0
06-20 08:39:24.901   342   342 D SAN_SERVICE: *******************************************
06-20 08:39:25.221   342   342 D SAN_SERVICE: *******************************************
06-20 08:39:25.221   342   342 D SAN_SERVICE: DM App Phone Service State - 0
06-20 08:39:25.221   342   342 D SAN_SERVICE: *******************************************
06-20 08:39:25.237 12011 12023 V GoogleLoginService: Returning error intent with: ComponentInfo{com.google.android.gsf.login/com.google.android.gsf.login.LoginActivity}
06-20 08:39:25.260 12011 12013 D dalvikvm: GC_CONCURRENT freed 317K, 7% free 9681K/10311K, paused 1ms+2ms
06-20 08:39:25.710   342   342 D SAN_SERVICE: *******************************************
06-20 08:39:25.710   342   342 D SAN_SERVICE: DM App Phone Service State - 0
06-20 08:39:25.710   342   342 D SAN_SERVICE: *******************************************
06-20 08:39:26.186   342   342 D SAN_SERVICE: *******************************************
06-20 08:39:26.186   342   342 D SAN_SERVICE: DM App Phone Service State - 0
06-20 08:39:26.186   342   342 D SAN_SERVICE: *******************************************
06-20 08:39:29.237 23408 23410 D dalvikvm: GC_CONCURRENT freed 764K, 11% free 11950K/13319K, paused 1ms+4ms
06-20 08:39:30.264 12011 12026 V GoogleLoginService: Returning error intent with: ComponentInfo{com.google.android.gsf.login/com.google.android.gsf.login.LoginActivity}
06-20 08:39:30.292   342   342 D SAN_SERVICE: *******************************************
06-20 08:39:30.292   342   342 D SAN_SERVICE: DM App Phone Service State - 0
06-20 08:39:30.292   342   342 D SAN_SERVICE: *******************************************
06-20 08:39:30.565   342   342 D SAN_SERVICE: *******************************************
06-20 08:39:30.565   342   342 D SAN_SERVICE: DM App Phone Service State - 0
06-20 08:39:30.565   342   342 D SAN_SERVICE: *******************************************
06-20 08:39:30.573 22871 22895 I System.out: 08:39:30 AM SENT (1095121392): <iq id="ping" type="get"><ping xmlns="urn:xmpp:ping"/></iq>
06-20 08:39:30.878 22871 22894 I System.out: 08:39:30 AM RCV  (1095121392): <iq to='lokeshmandvekar@jabber.org/android9e7FLMWG' type='result' id='ping'/>
06-20 08:39:31.300   342   342 D SAN_SERVICE: *******************************************
06-20 08:39:31.300   342   342 D SAN_SERVICE: DM App Phone Service State - 0
06-20 08:39:31.300   342   342 D SAN_SERVICE: *******************************************
06-20 08:39:32.624 23408 23410 D dalvikvm: GC_CONCURRENT freed 1072K, 12% free 11817K/13319K, paused 2ms+3ms
06-20 08:39:35.280 12011 22835 V GoogleLoginService: Returning error intent with: ComponentInfo{com.google.android.gsf.login/com.google.android.gsf.login.LoginActivity}
06-20 08:39:35.425 23408 23410 D dalvikvm: GC_CONCURRENT freed 908K, 12% free 11796K/13319K, paused 2ms+4ms
06-20 08:39:35.663 23408 23410 D dalvikvm: GC_CONCURRENT freed 921K, 12% free 11752K/13319K, paused 1ms+4ms
06-20 08:39:40.331 12011 21910 V GoogleLoginService: Returning error intent with: ComponentInfo{com.google.android.gsf.login/com.google.android.gsf.login.LoginActivity}
06-20 08:39:40.370 18154 18154 D dalvikvm: GC_EXPLICIT freed <1K, 8% free 11662K/12551K, paused 2ms+2ms
06-20 08:39:44.385 22643 22644 D dalvikvm: GC_CONCURRENT freed 493K, 9% free 10394K/11399K, paused 1ms+7ms
06-20 08:39:44.409   142   602 I ActivityManager: Start proc com.google.android.apps.maps:LocationFriendService for service com.google.android.apps.maps/com.google.googlenav.friend.reporting.LocationReceiverService: pid=25079 uid=10057 gids={3003, 1015}
06-20 08:39:44.573 25079 25081 D dalvikvm: GC_CONCURRENT freed 153K, 3% free 9383K/9607K, paused 7ms+2ms
06-20 08:39:44.987 25079 25081 D dalvikvm: GC_CONCURRENT freed 146K, 3% free 9662K/9927K, paused 8ms+8ms
06-20 08:39:45.268 12011 12022 V GoogleLoginService: Returning error intent with: ComponentInfo{com.google.android.gsf.login/com.google.android.gsf.login.LoginActivity}
06-20 08:39:45.296 12011 12013 D dalvikvm: GC_CONCURRENT freed 419K, 6% free 9707K/10311K, paused 6ms+2ms
06-20 08:39:45.331   342   342 D SAN_SERVICE: *******************************************
06-20 08:39:45.331   342   342 D SAN_SERVICE: DM App Phone Service State - 0
06-20 08:39:45.331   342   342 D SAN_SERVICE: *******************************************
06-20 08:39:45.686 25079 25081 D dalvikvm: GC_CONCURRENT freed 243K, 4% free 9872K/10247K, paused 1ms+2ms
06-20 08:39:45.749 25079 25086 I dalvikvm: Total arena pages for JIT: 11
06-20 08:39:45.749 25079 25086 I dalvikvm: Total arena pages for JIT: 12
06-20 08:39:45.753 25079 25086 I dalvikvm: Total arena pages for JIT: 13
06-20 08:39:45.753 25079 25086 I dalvikvm: Total arena pages for JIT: 14
06-20 08:39:45.757 25079 25086 I dalvikvm: Total arena pages for JIT: 15
06-20 08:39:45.757 25079 25086 I dalvikvm: Total arena pages for JIT: 16
06-20 08:39:45.757 25079 25086 I dalvikvm: Total arena pages for JIT: 17
06-20 08:39:45.846   342   342 D SAN_SERVICE: *******************************************
06-20 08:39:45.846   342   342 D SAN_SERVICE: DM App Phone Service State - 0
06-20 08:39:45.846   342   342 D SAN_SERVICE: *******************************************
06-20 08:39:46.878   142   172 I ActivityManager: Start proc com.twitter.android for service com.twitter.android/.client.AppService: pid=25102 uid=10068 gids={3003, 1015}
06-20 08:39:46.885 25102 25102 I dalvikvm: Turning on JNI app bug workarounds for target SDK version 11...
06-20 08:39:46.901   142   368 I ActivityManager: Process com.google.android.apps.maps:LocationFriendService (pid 25079) has died.
06-20 08:39:47.069 25102 25102 I ActivityThread: Pub com.twitter.android.provider.GlobalDatabaseProvider: com.twitter.android.provider.GlobalDatabaseProvider
06-20 08:39:47.073 25102 25102 I ActivityThread: Pub com.twitter.android.provider.TwitterProvider: com.twitter.android.provider.TwitterProvider
06-20 08:39:47.397 25102 25104 D dalvikvm: GC_CONCURRENT freed 205K, 4% free 9270K/9607K, paused 1ms+3ms
06-20 08:39:47.671 25102 25104 D dalvikvm: GC_CONCURRENT freed 174K, 4% free 9499K/9799K, paused 1ms+2ms
06-20 08:39:47.835 25102 25104 D dalvikvm: GC_CONCURRENT freed 297K, 5% free 9637K/10055K, paused 1ms+2ms
06-20 08:39:47.956 25102 25104 D dalvikvm: GC_CONCURRENT freed 312K, 5% free 9763K/10183K, paused 1ms+2ms
06-20 08:39:48.108 25102 25104 D dalvikvm: GC_CONCURRENT freed 299K, 5% free 9887K/10311K, paused 2ms+2ms
06-20 08:39:48.225 25102 25104 D dalvikvm: GC_CONCURRENT freed 309K, 5% free 10019K/10439K, paused 1ms+1ms
06-20 08:39:48.342 25102 25104 D dalvikvm: GC_CONCURRENT freed 293K, 4% free 10147K/10567K, paused 2ms+2ms
06-20 08:39:48.487 25102 25104 D dalvikvm: GC_CONCURRENT freed 308K, 4% free 10281K/10695K, paused 1ms+1ms
06-20 08:39:48.671 25102 25104 D dalvikvm: GC_CONCURRENT freed 477K, 6% free 10220K/10823K, paused 2ms+4ms
06-20 08:39:48.796 25102 25104 D dalvikvm: GC_CONCURRENT freed 324K, 5% free 10296K/10823K, paused 1ms+2ms
06-20 08:39:48.925 25102 25104 D dalvikvm: GC_CONCURRENT freed 321K, 5% free 10385K/10823K, paused 2ms+2ms
06-20 08:39:49.053 25102 25104 D dalvikvm: GC_CONCURRENT freed 371K, 5% free 10475K/10951K, paused 2ms+2ms
06-20 08:39:49.171 25102 25104 D dalvikvm: GC_CONCURRENT freed 356K, 5% free 10559K/11015K, paused 2ms+2ms
06-20 08:39:49.350 25102 25104 D dalvikvm: GC_CONCURRENT freed 322K, 4% free 10638K/11079K, paused 1ms+3ms
06-20 08:39:49.475 25102 25104 D dalvikvm: GC_CONCURRENT freed 375K, 5% free 10726K/11207K, paused 2ms+1ms
06-20 08:39:49.612 25102 25104 D dalvikvm: GC_CONCURRENT freed 406K, 5% free 10822K/11335K, paused 1ms+2ms
06-20 08:39:49.651 23408 23410 D dalvikvm: GC_CONCURRENT freed 531K, 10% free 12011K/13319K, paused 2ms+6ms
06-20 08:39:50.018 25035 25038 D dalvikvm: GC_CONCURRENT freed 311K, 5% free 10443K/10887K, paused 34ms+2ms
06-20 08:39:50.987 12011 12023 V GoogleLoginService: Returning error intent with: ComponentInfo{com.google.android.gsf.login/com.google.android.gsf.login.LoginActivity}
06-20 08:39:51.796 25102 25104 D dalvikvm: GC_CONCURRENT freed 329K, 5% free 11002K/11463K, paused 46ms+2ms
06-20 08:39:54.257 25102 25104 D dalvikvm: GC_CONCURRENT freed 419K, 5% free 11229K/11783K, paused 4ms+6ms
06-20 08:39:54.542 23408 23410 D dalvikvm: GC_CONCURRENT freed 1160K, 12% free 11829K/13319K, paused 2ms+3ms
06-20 08:39:54.780 23408 23410 D dalvikvm: GC_CONCURRENT freed 980K, 12% free 11762K/13319K, paused 2ms+3ms
06-20 08:39:54.999 23408 23410 D dalvikvm: GC_CONCURRENT freed 881K, 12% free 11761K/13319K, paused 2ms+3ms
06-20 08:39:55.491 12011 12026 V GoogleLoginService: Returning error intent with: ComponentInfo{com.google.android.gsf.login/com.google.android.gsf.login.LoginActivity}
06-20 08:39:59.452 12326 12326 D dalvikvm: GC_EXPLICIT freed 30K, 25% free 11293K/14919K, paused 1ms+5ms
06-20 08:40:00.260 12011 22835 V GoogleLoginService: Returning error intent with: ComponentInfo{com.google.android.gsf.login/com.google.android.gsf.login.LoginActivity}
06-20 08:40:01.100   142   197 D DhcpInfoInternal: makeLinkProperties with empty dns2!
06-20 08:40:01.104   142   197 D DhcpInfoInternal: makeLinkProperties with empty dns2!
06-20 08:40:01.620 22871 22895 I System.out: 08:40:01 AM SENT (1095121392): <iq id="ping" type="get"><ping xmlns="urn:xmpp:ping"/></iq>
06-20 08:40:01.885 22871 22894 I System.out: 08:40:01 AM RCV  (1095121392): <iq to='lokeshmandvekar@jabber.org/android9e7FLMWG' type='result' id='ping'/>
06-20 08:40:05.327 12011 21910 V GoogleLoginService: Returning error intent with: ComponentInfo{com.google.android.gsf.login/com.google.android.gsf.login.LoginActivity}
06-20 08:40:05.366 12011 12013 D dalvikvm: GC_CONCURRENT freed 407K, 6% free 9701K/10311K, paused 2ms+4ms
06-20 08:40:05.471   142   158 D dalvikvm: GC_EXPLICIT freed 1585K, 25% free 20119K/26823K, paused 74ms+10ms
06-20 08:40:10.007 23408 23410 D dalvikvm: GC_CONCURRENT freed 512K, 10% free 12045K/13319K, paused 6ms+4ms
06-20 08:40:10.057   142   370 I ActivityManager: Process com.twitter.android (pid 25102) has died.
06-20 08:40:10.354 12011 12022 V GoogleLoginService: Returning error intent with: ComponentInfo{com.google.android.gsf.login/com.google.android.gsf.login.LoginActivity}
06-20 08:40:14.967 23408 23410 D dalvikvm: GC_CONCURRENT freed 1030K, 11% free 11914K/13319K, paused 42ms+4ms
06-20 08:40:15.264   213   213 D dalvikvm: GC_EXPLICIT freed 35K, 58% free 9975K/23687K, paused 30ms+4ms
06-20 08:40:15.319 12011 12023 V GoogleLoginService: Returning error intent with: ComponentInfo{com.google.android.gsf.login/com.google.android.gsf.login.LoginActivity}
06-20 08:40:16.124   342   342 D SAN_SERVICE: *******************************************
06-20 08:40:16.124   342   342 D SAN_SERVICE: DM App Phone Service State - 0
06-20 08:40:16.124   342   342 D SAN_SERVICE: *******************************************
06-20 08:40:16.335   342   342 D SAN_SERVICE: *******************************************
06-20 08:40:16.335   342   342 D SAN_SERVICE: DM App Phone Service State - 0
06-20 08:40:16.335   342   342 D SAN_SERVICE: *******************************************
06-20 08:40:16.862   342   342 D SAN_SERVICE: *******************************************
06-20 08:40:16.862   342   342 D SAN_SERVICE: DM App Phone Service State - 0
06-20 08:40:16.862   342   342 D SAN_SERVICE: *******************************************
06-20 08:40:20.292 12011 12026 V GoogleLoginService: Returning error intent with: ComponentInfo{com.google.android.gsf.login/com.google.android.gsf.login.LoginActivity}
06-20 08:40:25.288 12011 22835 V GoogleLoginService: Returning error intent with: ComponentInfo{com.google.android.gsf.login/com.google.android.gsf.login.LoginActivity}
06-20 08:40:25.303 12011 12013 D dalvikvm: GC_CONCURRENT freed 394K, 6% free 9705K/10311K, paused 2ms+2ms
06-20 08:40:30.007 23408 23410 D dalvikvm: GC_CONCURRENT freed 749K, 10% free 12028K/13319K, paused 2ms+4ms
06-20 08:40:30.432 12011 21910 V GoogleLoginService: Returning error intent with: ComponentInfo{com.google.android.gsf.login/com.google.android.gsf.login.LoginActivity}
06-20 08:40:31.116   342   342 D dalvikvm: GC_EXPLICIT freed 383K, 19% free 12346K/15175K, paused 29ms+3ms
06-20 08:40:32.655 22871 22895 I System.out: 08:40:32 AM SENT (1095121392): <iq id="ping" type="get"><ping xmlns="urn:xmpp:ping"/></iq>
06-20 08:40:32.925 22871 22894 I System.out: 08:40:32 AM RCV  (1095121392): <iq to='lokeshmandvekar@jabber.org/android9e7FLMWG' type='result' id='ping'/>
06-20 08:40:35.319 12011 12022 V GoogleLoginService: Returning error intent with: ComponentInfo{com.google.android.gsf.login/com.google.android.gsf.login.LoginActivity}
06-20 08:40:36.065   428   428 D dalvikvm: GC_EXPLICIT freed <1K, 4% free 9038K/9347K, paused 25ms+2ms
06-20 08:40:36.128 23408 23410 D dalvikvm: GC_CONCURRENT freed 967K, 11% free 11951K/13319K, paused 1ms+4ms
06-20 08:40:36.600   342   342 D SAN_SERVICE: *******************************************
06-20 08:40:36.600   342   342 D SAN_SERVICE: DM App Phone Service State - 0
06-20 08:40:36.600   342   342 D SAN_SERVICE: *******************************************
06-20 08:40:36.792   342   342 D SAN_SERVICE: *******************************************
06-20 08:40:36.792   342   342 D SAN_SERVICE: DM App Phone Service State - 0
06-20 08:40:36.792   342   342 D SAN_SERVICE: *******************************************
06-20 08:40:37.092   342   342 D SAN_SERVICE: *******************************************
06-20 08:40:37.092   342   342 D SAN_SERVICE: DM App Phone Service State - 0
06-20 08:40:37.092   342   342 D SAN_SERVICE: *******************************************
06-20 08:40:40.331 12011 12023 V GoogleLoginService: Returning error intent with: ComponentInfo{com.google.android.gsf.login/com.google.android.gsf.login.LoginActivity}
06-20 08:40:42.647 23408 23410 D dalvikvm: GC_CONCURRENT freed 797K, 10% free 12027K/13319K, paused 15ms+4ms
06-20 08:40:44.776   142   916 I ActivityManager: Start proc com.google.android.apps.maps:LocationFriendService for service com.google.android.apps.maps/com.google.googlenav.friend.reporting.LocationReceiverService: pid=25185 uid=10057 gids={3003, 1015}
06-20 08:40:45.335 12011 12026 V GoogleLoginService: Returning error intent with: ComponentInfo{com.google.android.gsf.login/com.google.android.gsf.login.LoginActivity}
06-20 08:40:45.393 12011 12013 D dalvikvm: GC_CONCURRENT freed 398K, 6% free 9708K/10311K, paused 3ms+7ms
06-20 08:40:45.585 25185 25186 D dalvikvm: GC_CONCURRENT freed 158K, 3% free 9378K/9607K, paused 80ms+2ms
06-20 08:40:46.260 25185 25186 D dalvikvm: GC_CONCURRENT freed 152K, 3% free 9661K/9927K, paused 21ms+2ms
06-20 08:40:46.807   342   342 D SAN_SERVICE: *******************************************
06-20 08:40:46.807   342   342 D SAN_SERVICE: DM App Phone Service State - 0
06-20 08:40:46.807   342   342 D SAN_SERVICE: *******************************************
06-20 08:40:46.870 25185 25186 D dalvikvm: GC_CONCURRENT freed 236K, 4% free 9916K/10247K, paused 3ms+2ms
06-20 08:40:48.159 23408 23410 D dalvikvm: GC_CONCURRENT freed 1131K, 12% free 11844K/13319K, paused 2ms+3ms
06-20 08:40:48.401 23408 23410 D dalvikvm: GC_CONCURRENT freed 976K, 12% free 11804K/13319K, paused 2ms+3ms
06-20 08:40:49.538 23408 23410 D dalvikvm: GC_CONCURRENT freed 869K, 12% free 11747K/13319K, paused 6ms+4ms
06-20 08:40:50.260 12011 22835 V GoogleLoginService: Returning error intent with: ComponentInfo{com.google.android.gsf.login/com.google.android.gsf.login.LoginActivity}
06-20 08:40:51.831 12011 12011 D dalvikvm: GC_EXPLICIT freed 173K, 7% free 9633K/10311K, paused 1ms+2ms
06-20 08:40:52.964 23408 23410 D dalvikvm: GC_CONCURRENT freed 746K, 12% free 11797K/13319K, paused 2ms+4ms
06-20 08:40:55.288 12011 12022 V GoogleLoginService: Returning error intent with: ComponentInfo{com.google.android.gsf.login/com.google.android.gsf.login.LoginActivity}
06-20 08:40:56.885 30115 30115 D dalvikvm: GC_EXPLICIT freed <1K, 17% free 11195K/13447K, paused 26ms+4ms
06-20 08:40:59.073 23408 23410 D dalvikvm: GC_CONCURRENT freed 811K, 11% free 11869K/13319K, paused 1ms+4ms
06-20 08:41:00.288 12011 12023 V GoogleLoginService: Returning error intent with: ComponentInfo{com.google.android.gsf.login/com.google.android.gsf.login.LoginActivity}
06-20 08:41:03.682 22871 22895 I System.out: 08:41:03 AM SENT (1095121392): <iq id="ping" type="get"><ping xmlns="urn:xmpp:ping"/></iq>
06-20 08:41:03.983 22871 22894 I System.out: 08:41:03 AM RCV  (1095121392): <iq to='lokeshmandvekar@jabber.org/android9e7FLMWG' type='result' id='ping'/>
06-20 08:41:05.339 12011 12026 V GoogleLoginService: Returning error intent with: ComponentInfo{com.google.android.gsf.login/com.google.android.gsf.login.LoginActivity}
06-20 08:41:05.385 24727 24727 D dalvikvm: GC_EXPLICIT freed 103K, 6% free 9694K/10247K, paused 6ms+2ms
06-20 08:41:06.483 23408 23410 D dalvikvm: GC_CONCURRENT freed 992K, 12% free 11813K/13319K, paused 2ms+3ms
06-20 08:41:06.671 23408 23410 D dalvikvm: GC_CONCURRENT freed 954K, 12% free 11788K/13319K, paused 1ms+3ms
06-20 08:41:06.854 23408 23410 D dalvikvm: GC_CONCURRENT freed 917K, 12% free 11758K/13319K, paused 2ms+4ms
06-20 08:41:07.077 23408 23410 D dalvikvm: GC_CONCURRENT freed 854K, 12% free 11777K/13319K, paused 1ms+5ms
06-20 08:41:07.221   342   342 D SAN_SERVICE: *******************************************
06-20 08:41:07.221   342   342 D SAN_SERVICE: DM App Phone Service State - 0
06-20 08:41:07.221   342   342 D SAN_SERVICE: *******************************************
06-20 08:41:07.288 23408 23410 D dalvikvm: GC_CONCURRENT freed 931K, 12% free 11768K/13319K, paused 8ms+3ms
06-20 08:41:07.550   342   342 D SAN_SERVICE: *******************************************
06-20 08:41:07.550   342   342 D SAN_SERVICE: DM App Phone Service State - 0
06-20 08:41:07.550   342   342 D SAN_SERVICE: *******************************************
06-20 08:41:07.803   342   342 D SAN_SERVICE: *******************************************
06-20 08:41:07.803   342   342 D SAN_SERVICE: DM App Phone Service State - 0
06-20 08:41:07.803   342   342 D SAN_SERVICE: *******************************************
06-20 08:41:10.245 12011 22835 V GoogleLoginService: Returning error intent with: ComponentInfo{com.google.android.gsf.login/com.google.android.gsf.login.LoginActivity}
06-20 08:41:10.268 12011 12013 D dalvikvm: GC_CONCURRENT freed 324K, 6% free 9701K/10311K, paused 9ms+2ms
06-20 08:41:11.909 23408 23410 D dalvikvm: GC_CONCURRENT freed 749K, 11% free 11890K/13319K, paused 2ms+4ms
06-20 08:41:12.893 22643 22643 D dalvikvm: GC_EXPLICIT freed 284K, 9% free 10391K/11399K, paused 36ms+2ms
06-20 08:41:14.280 23064 23077 I PhoneLab-: Service Running
06-20 08:41:14.378 23064 23077 I PhoneLab-LoggerService: app_38    30294 1     2548   2100  c00f181c 400107b4 S logcat
06-20 08:41:14.378 23064 23077 I PhoneLab-LoggerService: Logcat pid from database 30294
06-20 08:41:14.378 23064 23077 I PhoneLab-LoggerService: Logcat process found 30294
06-20 08:41:14.378 23064 23077 I PhoneLab-LoggerService: Checking Threshold
06-20 08:41:14.378 23064 23077 I PhoneLab-LoggerService: Starting to rename files
06-20 08:41:14.378 23064 23077 I PhoneLab-LoggerService: Files found .. 2
06-20 08:41:14.510 23408 23410 D dalvikvm: GC_CONCURRENT freed 980K, 12% free 11830K/13319K, paused 2ms+4ms
06-20 08:41:14.729 23408 23410 D dalvikvm: GC_CONCURRENT freed 980K, 12% free 11748K/13319K, paused 2ms+4ms
06-20 08:41:15.139   142   145 D dalvikvm: GC_CONCURRENT freed 1925K, 26% free 20115K/26823K, paused 56ms+10ms
06-20 08:41:15.229   142   153 D dalvikvm: GC_EXPLICIT freed 48K, 26% free 20066K/26823K, paused 3ms+9ms
06-20 08:41:15.577 12011 21910 V GoogleLoginService: Returning error intent with: ComponentInfo{com.google.android.gsf.login/com.google.android.gsf.login.LoginActivity}
06-20 08:41:17.542   342   342 D SAN_SERVICE: *******************************************
06-20 08:41:17.542   342   342 D SAN_SERVICE: DM App Phone Service State - 0
06-20 08:41:17.542   342   342 D SAN_SERVICE: *******************************************
06-20 08:41:17.936 23408 23410 D dalvikvm: GC_CONCURRENT freed 752K, 12% free 11799K/13319K, paused 13ms+3ms
06-20 08:41:20.280 12011 12022 V GoogleLoginService: Returning error intent with: ComponentInfo{com.google.android.gsf.login/com.google.android.gsf.login.LoginActivity}
06-20 08:41:22.581 22748 22748 D dalvikvm: GC_EXPLICIT freed <1K, 13% free 9302K/10631K, paused 2ms+2ms
06-20 08:41:25.307 12011 12023 V GoogleLoginService: Returning error intent with: ComponentInfo{com.google.android.gsf.login/com.google.android.gsf.login.LoginActivity}
06-20 08:41:25.983 23408 23410 D dalvikvm: GC_CONCURRENT freed 631K, 11% free 11987K/13319K, paused 15ms+3ms
06-20 08:41:27.764   342   342 D SAN_SERVICE: *******************************************
06-20 08:41:27.764   342   342 D SAN_SERVICE: DM App Phone Service State - 0
06-20 08:41:27.764   342   342 D SAN_SERVICE: *******************************************
06-20 08:41:27.776 22871 22871 D dalvikvm: GC_EXPLICIT freed 36K, 6% free 10424K/11079K, paused 28ms+2ms
06-20 08:41:28.065   342   342 D SAN_SERVICE: *******************************************
06-20 08:41:28.065   342   342 D SAN_SERVICE: DM App Phone Service State - 0
06-20 08:41:28.065   342   342 D SAN_SERVICE: *******************************************
06-20 08:41:28.561   342   342 D SAN_SERVICE: *******************************************
06-20 08:41:28.561   342   342 D SAN_SERVICE: DM App Phone Service State - 0
06-20 08:41:28.561   342   342 D SAN_SERVICE: *******************************************
06-20 08:41:30.354 12011 12026 V GoogleLoginService: Returning error intent with: ComponentInfo{com.google.android.gsf.login/com.google.android.gsf.login.LoginActivity}
06-20 08:41:30.382 12011 12013 D dalvikvm: GC_CONCURRENT freed 390K, 6% free 9709K/10311K, paused 14ms+2ms
06-20 08:41:32.507 23408 23410 D dalvikvm: GC_CONCURRENT freed 837K, 10% free 12038K/13319K, paused 14ms+3ms
06-20 08:41:33.354 23408 23410 D dalvikvm: GC_CONCURRENT freed 1214K, 12% free 11838K/13319K, paused 2ms+4ms
06-20 08:41:33.667 23048 23048 D dalvikvm: GC_EXPLICIT freed <1K, 4% free 9055K/9347K, paused 42ms+2ms
06-20 08:41:34.776 22871 22895 I System.out: 08:41:34 AM SENT (1095121392): <iq id="ping" type="get"><ping xmlns="urn:xmpp:ping"/></iq>
06-20 08:41:35.346 12011 22835 V GoogleLoginService: Returning error intent with: ComponentInfo{com.google.android.gsf.login/com.google.android.gsf.login.LoginActivity}
06-20 08:41:35.346 22871 22894 I System.out: 08:41:35 AM RCV  (1095121392): <iq to='lokeshmandvekar@jabber.org/android9e7FLMWG' type='result' id='ping'/>
06-20 08:41:39.546 23408 23410 D dalvikvm: GC_CONCURRENT freed 851K, 11% free 11890K/13319K, paused 2ms+4ms
06-20 08:41:40.354 12011 21910 V GoogleLoginService: Returning error intent with: ComponentInfo{com.google.android.gsf.login/com.google.android.gsf.login.LoginActivity}
06-20 08:41:43.132   342   342 D SAN_SERVICE: *******************************************
06-20 08:41:43.132   342   342 D SAN_SERVICE: DM App Phone Service State - 0
06-20 08:41:43.132   342   342 D SAN_SERVICE: *******************************************
06-20 08:41:43.260 22897 22897 D dalvikvm: GC_EXPLICIT freed <1K, 7% free 11278K/12039K, paused 7ms+6ms
06-20 08:41:43.362 23408 23410 D dalvikvm: GC_CONCURRENT freed 1006K, 12% free 11808K/13319K, paused 2ms+3ms
06-20 08:41:43.905   342   342 D SAN_SERVICE: *******************************************
06-20 08:41:43.905   342   342 D SAN_SERVICE: DM App Phone Service State - 0
06-20 08:41:43.905   342   342 D SAN_SERVICE: *******************************************
06-20 08:41:44.542 25185 25189 I dalvikvm: Total arena pages for JIT: 11
06-20 08:41:44.542 25185 25189 I dalvikvm: Total arena pages for JIT: 12
06-20 08:41:44.542 25185 25189 I dalvikvm: Total arena pages for JIT: 13
06-20 08:41:44.542 25185 25189 I dalvikvm: Total arena pages for JIT: 14
06-20 08:41:44.542 25185 25189 I dalvikvm: Total arena pages for JIT: 15
06-20 08:41:44.542 25185 25189 I dalvikvm: Total arena pages for JIT: 16
06-20 08:41:44.542 25185 25189 I dalvikvm: Total arena pages for JIT: 17
06-20 08:41:44.581 25185 25189 I dalvikvm: Total arena pages for JIT: 18
06-20 08:41:44.682 25185 25186 D dalvikvm: GC_CONCURRENT freed 437K, 6% free 9954K/10503K, paused 15ms+3ms
06-20 08:41:45.253 12011 12022 V GoogleLoginService: Returning error intent with: ComponentInfo{com.google.android.gsf.login/com.google.android.gsf.login.LoginActivity}
06-20 08:41:49.448 23408 23408 D dalvikvm: GC_EXPLICIT freed 314K, 11% free 11880K/13319K, paused 17ms+3ms
06-20 08:41:50.331 12011 12023 V GoogleLoginService: Returning error intent with: ComponentInfo{com.google.android.gsf.login/com.google.android.gsf.login.LoginActivity}
06-20 08:41:50.350 12011 12013 D dalvikvm: GC_CONCURRENT freed 401K, 6% free 9708K/10311K, paused 11ms+2ms
06-20 08:41:54.467 23064 23064 D dalvikvm: GC_EXPLICIT freed 105K, 14% free 9164K/10631K, paused 16ms+2ms
06-20 08:41:55.300 12011 12026 V GoogleLoginService: Returning error intent with: ComponentInfo{com.google.android.gsf.login/com.google.android.gsf.login.LoginActivity}
06-20 08:41:59.514 23550 23550 D dalvikvm: GC_EXPLICIT freed 39K, 7% free 9876K/10567K, paused 17ms+2ms
06-20 08:42:00.315 12011 22835 V GoogleLoginService: Returning error intent with: ComponentInfo{com.google.android.gsf.login/com.google.android.gsf.login.LoginActivity}
06-20 08:42:00.725 23408 23410 D dalvikvm: GC_CONCURRENT freed 652K, 9% free 12166K/13319K, paused 13ms+4ms
06-20 08:42:03.128 23408 23410 D dalvikvm: GC_CONCURRENT freed 1246K, 11% free 11868K/13319K, paused 32ms+4ms
06-20 08:42:05.237 11148 11148 D dalvikvm: GC_EXPLICIT freed 67K, 7% free 10294K/11015K, paused 14ms+11ms
06-20 08:42:05.284 12011 21910 V GoogleLoginService: Returning error intent with: ComponentInfo{com.google.android.gsf.login/com.google.android.gsf.login.LoginActivity}
06-20 08:42:05.296   142   172 I ActivityManager: Start proc com.google.android.gm for service com.google.android.gm/.provider.MailIndexerService: pid=25289 uid=10019 gids={3003, 1015}
06-20 08:42:05.315   142   172 I ActivityManager: Start proc com.google.android.apps.maps for service com.google.android.apps.maps/com.google.googlenav.prefetch.android.PrefetcherService: pid=25300 uid=10057 gids={3003, 1015}
06-20 08:42:05.335   142   172 I ActivityManager: Start proc com.google.android.apps.plus for service com.google.android.apps.plus/.service.EsService: pid=25311 uid=10058 gids={3003, 3002, 1015, 1006}
06-20 08:42:05.842 22871 22895 I System.out: 08:42:05 AM SENT (1095121392): <iq id="ping" type="get"><ping xmlns="urn:xmpp:ping"/></iq>
06-20 08:42:05.846   142   172 I ActivityManager: Start proc com.google.android.maps.mytracks for service com.google.android.maps.mytracks/com.google.android.apps.mytracks.services.RemoveTempFilesService: pid=25328 uid=10059 gids={3003, 3002, 3001, 1015}
06-20 08:42:05.967   142   421 I ActivityManager: Process com.google.android.apps.maps:LocationFriendService (pid 25185) has died.
06-20 08:42:06.081 25328 25328 I dalvikvm: Turning on JNI app bug workarounds for target SDK version 7...
06-20 08:42:06.100 25289 25289 I ActivityThread: Pub gmail-ls: com.google.android.gm.provider.MailProvider
06-20 08:42:06.135 25300 25303 D dalvikvm: GC_CONCURRENT freed 159K, 3% free 9377K/9607K, paused 92ms+5ms
06-20 08:42:06.143 25311 25314 D dalvikvm: GC_CONCURRENT freed 162K, 3% free 9374K/9607K, paused 74ms+5ms
06-20 08:42:06.303 22871 22894 I System.out: 08:42:06 AM RCV  (1095121392): <iq to='lokeshmandvekar@jabber.org/android9e7FLMWG' type='result' id='ping'/>
06-20 08:42:06.323 25289 25289 I ActivityThread: Pub com.google.android.gm: com.google.android.gm.provider.PublicContentProvider
06-20 08:42:06.534 25300 25300 I ActivityThread: Pub com.google.android.maps.SearchHistoryProvider: com.google.googlenav.provider.SearchHistoryProvider
06-20 08:42:06.569 25300 25300 I ActivityThread: Pub com.google.android.maps.SuggestionProvider: com.google.googlenav.suggest.android.SuggestContentProvider
06-20 08:42:06.596 25300 25300 I ActivityThread: Pub com.google.android.maps.LayerInfoProvider: com.google.googlenav.layer.LayerInfoProvider
06-20 08:42:06.663 25289 25289 I ActivityThread: Pub com.google.android.gmail.SuggestionProvider: com.google.android.gm.SuggestionsProvider
06-20 08:42:06.678 25311 25311 I ActivityThread: Pub com.google.android.apps.plus.content.ApiProvider: com.google.android.apps.plus.content.EsApiProvider
06-20 08:42:06.706 25328 25328 I ActivityThread: Pub com.google.android.maps.mytracks.search: com.google.android.apps.mytracks.content.SearchEngineProvider
06-20 08:42:06.721 25328 25328 I ActivityThread: Pub com.google.android.maps.mytracks: com.google.android.apps.mytracks.content.MyTracksProvider
06-20 08:42:06.753 25311 25311 I ActivityThread: Pub com.google.android.apps.plus.content.EsGooglePhotoProvider: com.google.android.picasasync.PicasaContentProvider
06-20 08:42:06.987 25300 25300 I ActivityThread: Pub com.google.android.maps.TrafficAppWidgetProvider: com.google.googlenav.appwidget.traffic.TrafficAppWidgetProvider
06-20 08:42:06.991 25300 25300 I ActivityThread: Pub com.google.android.maps.LocalActivePlacesProvider: com.google.googlenav.provider.LocalActivePlacesProvider
06-20 08:42:06.991 25300 25300 I ActivityThread: Pub com.google.android.maps.StarredItemProvider: com.google.googlenav.provider.StarredItemProvider
06-20 08:42:07.120 25311 25314 D dalvikvm: GC_CONCURRENT freed 480K, 6% free 9435K/9991K, paused 25ms+3ms
06-20 08:42:07.120 25311 25311 I ActivityThread: Pub com.google.android.apps.plus.content.EsPicasaStoreProvider: com.google.android.picasastore.PicasaPhotoContentProvider
06-20 08:42:07.132 25311 25311 I ActivityThread: Pub com.google.plus.platform: com.google.android.apps.plus.content.AdsProvider
06-20 08:42:07.182 25300 25303 D dalvikvm: GC_CONCURRENT freed 194K, 4% free 9676K/9991K, paused 1ms+2ms
06-20 08:42:07.257 25311 25311 I ActivityThread: Pub com.google.android.apps.plus.iu.EsGoogleIuProvider: com.google.android.apps.plus.iu.InstantUploadProvider
06-20 08:42:07.339 25311 25311 I ActivityThread: Pub com.google.android.apps.plus.content.EsProvider: com.google.android.apps.plus.content.EsProvider
06-20 08:42:07.350   142   142 I ActivityManager: Process com.facebook.orca (pid 22897) has died.
06-20 08:42:07.350   142   142 W ActivityManager: Scheduling restart of crashed service com.facebook.orca/.push.mqtt.MqttPushService in 5000ms
06-20 08:42:07.507 25311 25314 D dalvikvm: GC_CONCURRENT freed 422K, 6% free 9551K/10055K, paused 12ms+2ms
06-20 08:42:07.655 25300 25300 I ActivityThread: Pub com.google.android.maps.LocalSuggestionProvider: com.google.googlenav.provider.LocalSuggestionProvider
06-20 08:42:07.655 25300 25300 I ActivityThread: Pub com.google.android.maps.NavigationAvailabilityProvider: com.google.googlenav.provider.NavigationAvailabilityProvider
06-20 08:42:07.862 25300 25303 D dalvikvm: GC_CONCURRENT freed 244K, 4% free 9985K/10311K, paused 2ms+16ms
06-20 08:42:08.405   142   370 I ActivityManager: Start proc android.process.media for content provider com.android.providers.media/.MediaProvider: pid=25372 uid=10012 gids={1015, 1023, 1024, 2001, 3003, 3007}
06-20 08:42:08.534 25372 25372 I ActivityThread: Pub downloads: com.android.providers.downloads.DownloadProvider
06-20 08:42:08.612 25372 25372 I ActivityThread: Pub drm: com.android.providers.drm.DrmProvider
06-20 08:42:08.616 25372 25385 I DownloadManager: in removeSpuriousFiles
06-20 08:42:08.655 25372 25385 I DownloadManager: deleting spurious file /cache/backup
06-20 08:42:08.663 25372 25372 I ActivityThread: Pub media: com.android.providers.media.MediaProvider
06-20 08:42:08.710   342   342 D SAN_SERVICE: *******************************************
06-20 08:42:08.710   342   342 D SAN_SERVICE: DM App Phone Service State - 0
06-20 08:42:08.710   342   342 D SAN_SERVICE: *******************************************
06-20 08:42:08.975   342   342 D SAN_SERVICE: *******************************************
06-20 08:42:08.975   342   342 D SAN_SERVICE: DM App Phone Service State - 0
06-20 08:42:08.975   342   342 D SAN_SERVICE: *******************************************
06-20 08:42:08.979 25372 25373 D dalvikvm: GC_CONCURRENT freed 369K, 5% free 9165K/9607K, paused 11ms+2ms
06-20 08:42:09.991 25289 25371 W Gmail   : No MailEngine for account: lokeshmandvekar@gmail.com
06-20 08:42:10.374   342   342 D SAN_SERVICE: *******************************************
06-20 08:42:10.374   342   342 D SAN_SERVICE: DM App Phone Service State - 0
06-20 08:42:10.374   342   342 D SAN_SERVICE: *******************************************
06-20 08:42:10.854 12011 12022 V GoogleLoginService: Returning error intent with: ComponentInfo{com.google.android.gsf.login/com.google.android.gsf.login.LoginActivity}
06-20 08:42:10.870 12011 12013 D dalvikvm: GC_CONCURRENT freed 396K, 6% free 9707K/10311K, paused 2ms+2ms
06-20 08:42:11.135 25300 25303 D dalvikvm: GC_CONCURRENT freed 227K, 4% free 10226K/10631K, paused 159ms+261ms
06-20 08:42:11.870   142   921 I ActivityManager: Process com.google.android.maps.mytracks (pid 25328) has died.
06-20 08:42:12.385   142   159 I ActivityManager: Start proc com.facebook.orca for service com.facebook.orca/.push.mqtt.MqttPushService: pid=25391 uid=10061 gids={3003, 1015, 1006}
06-20 08:42:12.401 25391 25391 I dalvikvm: Turning on JNI app bug workarounds for target SDK version 10...
06-20 08:42:12.589 25391 25391 I ActivityThread: Pub com.facebook.orca.notify.MessengerLoggedInUserProvider: com.facebook.orca.notify.MessengerLoggedInUserProvider
06-20 08:42:12.589   142   370 I ActivityManager: Process com.google.android.gm (pid 25289) has died.
06-20 08:42:12.612 25391 25391 I ActivityThread: Pub com.facebook.orca.notify.MessengerForegroundProvider: com.facebook.orca.notify.MessengerForegroundProvider
06-20 08:42:12.643 25391 25391 V orca:OrcaApplication: Forcing initialization of AsyncTask
06-20 08:42:12.749 25391 25393 D dalvikvm: GC_CONCURRENT freed 230K, 4% free 9306K/9607K, paused 2ms+2ms
06-20 08:42:12.780 25391 25391 I Finalizer: Couldn't access Thread.inheritableThreadLocals. Reference finalizer threads will inherit thread local values.
06-20 08:42:12.999 25391 25393 D dalvikvm: GC_CONCURRENT freed 390K, 5% free 9466K/9927K, paused 2ms+3ms
06-20 08:42:13.143 25391 25391 W OrcaGuiceModule: Sig: ijxLJi1yGs1JpL-X1SExmchvork
06-20 08:42:13.366 25391 25393 D dalvikvm: GC_CONCURRENT freed 281K, 5% free 9591K/9991K, paused 11ms+2ms
06-20 08:42:13.741 25391 25406 W Resources: Converting to string: TypedValue{t=0x10/d=0xffffffff a=-1}
06-20 08:42:13.792 25311 25346 D PicasaPhotoCP: set fsid first time:-1
06-20 08:42:13.901 25311 25314 D dalvikvm: GC_CONCURRENT freed 191K, 3% free 9912K/10183K, paused 201ms+7ms
06-20 08:42:13.999 25391 25393 D dalvikvm: GC_CONCURRENT freed 267K, 4% free 9844K/10183K, paused 15ms+5ms
06-20 08:42:14.053   142 25342 I ActivityManager: Applications Memory Usage (kB):
06-20 08:42:14.053   142 25342 I ActivityManager: Uptime: 672971903 Realtime: 833401122
06-20 08:42:14.053   142 25342 I ActivityManager: Total PSS by OOM adjustment:
06-20 08:42:14.053   142 25342 I ActivityManager:     35503 kB: System
06-20 08:42:14.053   142 25342 I ActivityManager:                35503 kB: system (pid 142)
06-20 08:42:14.053   142 25342 I ActivityManager:     29496 kB: Persistent
06-20 08:42:14.053   142 25342 I ActivityManager:                13125 kB: com.android.phone (pid 342)
06-20 08:42:14.053   142 25342 I ActivityManager:                12368 kB: com.android.systemui (pid 213)
06-20 08:42:14.053   142 25342 I ActivityManager:                 4003 kB: com.android.nfc (pid 357)
06-20 08:42:14.053   142 25342 I ActivityManager:     42999 kB: Foreground
06-20 08:42:14.053   142 25342 I ActivityManager:                24420 kB: com.android.launcher (pid 12326)
06-20 08:42:14.053   142 25342 I ActivityManager:                10519 kB: com.google.process.gapps (pid 11148)
06-20 08:42:14.053   142 25342 I ActivityManager:                 5335 kB: com.google.android.gm (pid 25289)
06-20 08:42:14.053   142 25342 I ActivityManager:                 2725 kB: com.google.android.maps.mytracks (pid 25328)
06-20 08:42:14.053   142 25342 I ActivityManager:      9009 kB: Visible
06-20 08:42:14.053   142 25342 I ActivityManager:                 6295 kB: com.google.android.gsf.login (pid 12011)
06-20 08:42:14.053   142 25342 I ActivityManager:                 2714 kB: com.android.smspush (pid 428)
06-20 08:42:14.053   142 25342 I ActivityManager:     43370 kB: Perceptible
06-20 08:42:14.053   142 25342 I ActivityManager:                25642 kB: hr.podlanica (pid 18154)
06-20 08:42:14.053   142 25342 I ActivityManager:                17728 kB: com.android.inputmethod.latin (pid 30115)
06-20 08:42:14.053   142 25342 I ActivityManager:     22594 kB: A Services
06-20 08:42:14.053   142 25342 I ActivityManager:                 8975 kB: com.google.android.apps.maps (pid 25300)
06-20 08:42:14.053   142 25342 I ActivityManager:                 7091 kB: com.google.android.apps.maps:NetworkLocationService (pid 22643)
06-20 08:42:14.053   142 25342 I ActivityManager:                 6528 kB: com.google.android.apps.plus (pid 25311)
06-20 08:42:14.053   142 25342 I ActivityManager:     10462 kB: Previous
06-20 08:42:14.053   142 25342 I ActivityManager:                10462 kB: com.google.android.apps.genie.geniewidget (pid 23408)
06-20 08:42:14.053   142 25342 I ActivityManager:     40270 kB: B Services
06-20 08:42:14.053   142 25342 I ActivityManager:                10034 kB: com.spotify.mobile.android.service (pid 22748)
06-20 08:42:14.053   142 25342 I ActivityManager:                 6948 kB: com.google.android.apps.currents (pid 25035)
06-20 08:42:14.053   142 25342 I ActivityManager:                 6188 kB: com.xabber.android (pid 22871)
06-20 08:42:14.053   142 25342 I ActivityManager:                 5735 kB: com.whatsapp (pid 23550)
06-20 08:42:14.053   142 25342 I ActivityManager:                 4832 kB: com.google.android.apps.googlevoice (pid 24727)
06-20 08:42:14.053   142 25342 I ActivityManager:                 4088 kB: edu.buffalo.cse.phonelab.phonelabservices (pid 23064)
06-20 08:42:14.053   142 25342 I ActivityManager:                 2445 kB: com.android.sprintmenu (pid 23048)
06-20 08:42:14.053   142 25342 I ActivityManager: 
06-20 08:42:14.053   142 25342 I ActivityManager: Total PSS: 233703 kB
06-20 08:42:14.053   142 25342 I ActivityManager:   PID      Vss      Rss      Pss      Uss  cmdline
06-20 08:42:14.053   142 25342 I ActivityManager:   142   54336K   54280K   35611K   31708K  system_server
06-20 08:42:14.053   142 25342 I ActivityManager: 18154   40940K   40856K   25705K   24908K  hr.podlanica
06-20 08:42:14.053   142 25342 I ActivityManager: 12326   45928K   45844K   24545K   21904K  com.android.launcher
06-20 08:42:14.053   142 25342 I ActivityManager: 30115   35792K   35704K   17824K   16852K  com.android.inputmethod.latin
06-20 08:42:14.053   142 25342 I ActivityManager:    79   26580K   23580K   15237K    7720K  /system/bin/surfaceflinger
06-20 08:42:14.053   142 25342 I ActivityManager:   342   28052K   27968K   13143K   12468K  com.android.phone
06-20 08:42:14.053   142 25342 I ActivityManager:   213   31400K   31300K   12457K    8656K  com.android.systemui
06-20 08:42:14.053   142 25342 I ActivityManager: 11148   27764K   27680K   10508K    9680K  com.google.process.gapps
06-20 08:42:14.053   142 25342 I ActivityManager: 23408   29100K   29036K   10463K    9380K  com.google.android.apps.genie.geniewidget
06-20 08:42:14.053   142 25342 I ActivityManager: 22748   26540K   26456K   10073K    9300K  com.spotify.mobile.android.service
06-20 08:42:14.053   142 25342 I ActivityManager: 25391   29596K   29520K    8244K    6424K  com.facebook.orca
06-20 08:42:14.053   142 25342 I ActivityManager: 22643   25452K   25360K    7052K    6084K  com.google.android.apps.maps:NetworkLocationService
06-20 08:42:14.053   142 25342 I ActivityManager: 25035   26948K   26892K    7032K    5820K  com.google.android.apps.currents
06-20 08:42:14.053   142 25342 I ActivityManager: 25300   28120K   28056K    6956K    5296K  com.google.android.apps.maps
06-20 08:42:14.053   142 25342 I ActivityManager: 12011   23452K   23384K    6561K    5696K  com.google.android.gsf.login
06-20 08:42:14.053   142 25342 I ActivityManager: 25311   27044K   26968K    6262K    4664K  com.google.android.apps.plus
06-20 08:42:14.053   142 25342 I ActivityManager: 22871   24896K   24804K    6119K    5136K  com.xabber.android
06-20 08:42:14.053   142 25342 I ActivityManager: 23550   24936K   24844K    5738K    4728K  com.whatsapp
06-20 08:42:14.053   142 25342 I ActivityManager: 24727   24692K   24592K    4916K    3820K  com.google.android.apps.googlevoice
06-20 08:42:14.053   142 25342 I ActivityManager: 25372   25992K   25924K    4771K    3076K  android.process.media
06-20 08:42:14.053   142 25342 I ActivityManager: 23064   22480K   22384K    4129K    3220K  edu.buffalo.cse.phonelab.phonelabservices
06-20 08:42:14.053   142 25342 I ActivityManager:   357   19424K   19328K    4042K    3344K  com.android.nfc
06-20 08:42:14.053   142 25342 I ActivityManager: 18802   17804K   17700K    3225K    2544K  com.spotify.mobile.android.ui
06-20 08:42:14.053   142 25342 I ActivityManager:   428   18480K   18368K    2762K    1968K  com.android.smspush
06-20 08:42:14.053   142 25342 I ActivityManager: 23048   21172K   21068K    2482K    1524K  com.android.sprintmenu
06-20 08:42:14.053   142 25342 I ActivityManager:    82    2320K    2320K    2056K    2036K  /system/bin/mediaserver
06-20 08:42:14.053   142 25342 I ActivityManager: 30294    2104K    2100K    1961K    1956K  logcat
06-20 08:42:14.053   142 25342 I ActivityManager:    80   19604K   19476K    1811K     800K  zygote
06-20 08:42:14.053   142 25342 I ActivityManager:    81    1020K    1020K     880K     876K  /system/bin/drmserver
06-20 08:42:14.053   142 25342 I ActivityManager:    78    1096K    1096K     828K     816K  /system/bin/rild
06-20 08:42:14.053   142 25342 I ActivityManager:    88     832K     832K     816K     816K  /sbin/adbd
06-20 08:42:14.053   142 25342 I ActivityManager: 25390     868K     860K     731K     728K  procrank
06-20 08:42:14.053   142 25342 I ActivityManager: 10596     644K     640K     451K     440K  /system/bin/netd
06-20 08:42:14.053   142 25342 I ActivityManager: 18659     560K     556K     412K     408K  /system/bin/
06-20 08:42:14.186   142   145 D dalvikvm: GC_CONCURRENT freed 1656K, 25% free 20364K/26823K, paused 21ms+11ms
06-20 08:42:14.276 25391 25393 D dalvikvm: GC_CONCURRENT freed 279K, 4% free 10036K/10439K, paused 14ms+2ms
06-20 08:42:14.300 25391 25406 D dalvikvm: GC_FOR_ALLOC freed 64K, 5% free 10098K/10567K, paused 19ms
06-20 08:42:14.311 25391 25391 D ACRA    : Retrieve application default SharedPreferences.
06-20 08:42:14.311 25391 25391 D ACRA    : Set OnSharedPreferenceChangeListener.
06-20 08:42:14.311 25391 25391 D ACRA    : ACRA is enabled for com.facebook.orca, intializing...
06-20 08:42:14.342 25391 25406 D dalvikvm: GC_FOR_ALLOC freed 192K, 5% free 10128K/10631K, paused 23ms
06-20 08:42:14.374   142   422 I ActivityManager: Process android.process.media (pid 25372) has died.
06-20 08:42:14.432 25391 25406 D dalvikvm: GC_FOR_ALLOC freed 263K, 5% free 10237K/10759K, paused 37ms
06-20 08:42:14.432 25391 25391 D ACRA    : Looking for error files in /data/data/com.facebook.orca/app_acra-reports
06-20 08:42:14.460 25391 25406 D dalvikvm: GC_FOR_ALLOC freed 82K, 5% free 10294K/10759K, paused 20ms
06-20 08:42:14.561 25311 25314 D dalvikvm: GC_CONCURRENT freed 288K, 4% free 10121K/10503K, paused 2ms+2ms
06-20 08:42:14.604 25311 25351 D dalvikvm: GC_FOR_ALLOC freed 126K, 5% free 10249K/10759K, paused 41ms
06-20 08:42:14.694 25311 25351 D dalvikvm: GC_FOR_ALLOC freed 373K, 6% free 10251K/10887K, paused 54ms
06-20 08:42:14.725 25391 25393 D dalvikvm: GC_CONCURRENT freed 329K, 4% free 10487K/10887K, paused 2ms+7ms
06-20 08:42:14.749 25311 25351 D dalvikvm: GC_FOR_ALLOC freed 126K, 5% free 10378K/10887K, paused 53ms
06-20 08:42:14.823 25311 25351 D dalvikvm: GC_FOR_ALLOC freed 369K, 6% free 10378K/11015K, paused 51ms
06-20 08:42:14.882 25311 25351 D dalvikvm: GC_FOR_ALLOC freed 126K, 5% free 10506K/11015K, paused 58ms
06-20 08:42:14.940 25391 25393 D dalvikvm: GC_CONCURRENT freed 165K, 3% free 10842K/11079K, paused 2ms+10ms
06-20 08:42:15.124 25311 25314 D dalvikvm: GC_CONCURRENT freed 345K, 4% free 10742K/11143K, paused 1ms+3ms
06-20 08:42:15.241 12011 12023 V GoogleLoginService: Returning error intent with: ComponentInfo{com.google.android.gsf.login/com.google.android.gsf.login.LoginActivity}
06-20 08:42:15.327 25311 25314 D dalvikvm: GC_CONCURRENT freed 130K, 2% free 11198K/11399K, paused 2ms+4ms
06-20 08:42:15.460 23408 23410 D dalvikvm: GC_CONCURRENT freed 679K, 10% free 12012K/13319K, paused 2ms+16ms
06-20 08:42:15.467 25391 25393 D dalvikvm: GC_CONCURRENT freed 459K, 5% free 10997K/11527K, paused 2ms+11ms
06-20 08:42:15.768 25311 25314 D dalvikvm: GC_CONCURRENT freed 433K, 5% free 11535K/12039K, paused 2ms+3ms
06-20 08:42:15.788 25391 25393 D dalvikvm: GC_CONCURRENT freed 352K, 4% free 11360K/11783K, paused 2ms+3ms
06-20 08:42:16.928   142   142 I ActivityManager: Start proc android.process.media for service com.android.providers.media/.MediaScannerService: pid=25424 uid=10012 gids={1015, 1023, 1024, 2001, 3003, 3007}
06-20 08:42:17.292 25424 25424 I ActivityThread: Pub downloads: com.android.providers.downloads.DownloadProvider
06-20 08:42:17.592 25424 25424 I ActivityThread: Pub drm: com.android.providers.drm.DrmProvider
06-20 08:42:17.592 25424 25437 I DownloadManager: in removeSpuriousFiles
06-20 08:42:17.624 25424 25424 I ActivityThread: Pub media: com.android.providers.media.MediaProvider
06-20 08:42:17.862 25424 25437 I DownloadManager: deleting spurious file /cache/backup
06-20 08:42:18.471 25424 25425 D dalvikvm: GC_CONCURRENT freed 319K, 5% free 9198K/9607K, paused 30ms+11ms
06-20 08:42:19.112   142   153 D dalvikvm: GC_EXPLICIT freed 533K, 26% free 20104K/26823K, paused 17ms+11ms
06-20 08:42:19.327   342   342 D SAN_SERVICE: *******************************************
06-20 08:42:19.327   342   342 D SAN_SERVICE: DM App Phone Service State - 0
06-20 08:42:19.327   342   342 D SAN_SERVICE: *******************************************
06-20 08:42:19.721   342   342 D SAN_SERVICE: *******************************************
06-20 08:42:19.721   342   342 D SAN_SERVICE: DM App Phone Service State - 0
06-20 08:42:19.721   342   342 D SAN_SERVICE: *******************************************
06-20 08:42:20.581 12011 12026 V GoogleLoginService: Returning error intent with: ComponentInfo{com.google.android.gsf.login/com.google.android.gsf.login.LoginActivity}
06-20 08:42:22.284   142   918 I ActivityManager: Process android.process.media (pid 25424) has died.
06-20 08:42:24.190   142   421 I ActivityManager: Process com.google.android.apps.plus (pid 25311) has died.
06-20 08:42:24.733 23408 23410 D dalvikvm: GC_CONCURRENT freed 834K, 10% free 12072K/13319K, paused 14ms+4ms
06-20 08:42:25.296 12011 22835 V GoogleLoginService: Returning error intent with: ComponentInfo{com.google.android.gsf.login/com.google.android.gsf.login.LoginActivity}
06-20 08:42:26.042   142   197 D DhcpInfoInternal: makeLinkProperties with empty dns2!
06-20 08:42:26.042   142   197 D DhcpInfoInternal: makeLinkProperties with empty dns2!
06-20 08:42:30.202 12011 21910 V GoogleLoginService: Returning error intent with: ComponentInfo{com.google.android.gsf.login/com.google.android.gsf.login.LoginActivity}
06-20 08:42:30.241 12011 12013 D dalvikvm: GC_CONCURRENT freed 400K, 6% free 9703K/10311K, paused 1ms+7ms
06-20 08:42:30.245   357   357 D dalvikvm: GC_EXPLICIT freed <1K, 6% free 9102K/9607K, paused 2ms+5ms
06-20 08:42:30.862   142   159 I ActivityManager: Start proc com.google.android.apps.plus for broadcast com.google.android.apps.plus/.service.CameraMonitor: pid=25472 uid=10058 gids={3003, 3002, 1015, 1006}
06-20 08:42:30.921    80    80 D dalvikvm: GC_EXPLICIT freed 38K, 4% free 9031K/9347K, paused 8ms+3ms
06-20 08:42:30.964    80    80 D dalvikvm: GC_EXPLICIT freed <1K, 4% free 9031K/9347K, paused 2ms+7ms
06-20 08:42:31.003    80    80 D dalvikvm: GC_EXPLICIT freed <1K, 4% free 9031K/9347K, paused 2ms+1ms
06-20 08:42:31.034   142   366 I ActivityManager: Process com.google.android.apps.maps (pid 25300) has died.
06-20 08:42:31.096 25472 25473 D dalvikvm: GC_CONCURRENT freed 175K, 3% free 9361K/9607K, paused 23ms+2ms
06-20 08:42:31.155 25472 25472 I ActivityThread: Pub com.google.android.apps.plus.content.ApiProvider: com.google.android.apps.plus.content.EsApiProvider
06-20 08:42:31.233 25472 25472 I ActivityThread: Pub com.google.android.apps.plus.content.EsGooglePhotoProvider: com.google.android.picasasync.PicasaContentProvider
06-20 08:42:31.413 25472 25472 I ActivityThread: Pub com.google.android.apps.plus.content.EsPicasaStoreProvider: com.google.android.picasastore.PicasaPhotoContentProvider
06-20 08:42:31.417 25472 25473 D dalvikvm: GC_CONCURRENT freed 481K, 6% free 9470K/9991K, paused 2ms+2ms
06-20 08:42:31.421 25472 25472 I ActivityThread: Pub com.google.plus.platform: com.google.android.apps.plus.content.AdsProvider
06-20 08:42:31.436 25472 25472 I ActivityThread: Pub com.google.android.apps.plus.iu.EsGoogleIuProvider: com.google.android.apps.plus.iu.InstantUploadProvider
06-20 08:42:31.499   142   153 I ActivityManager: Start proc android.process.media for content provider com.android.providers.media/.MediaProvider: pid=25487 uid=10012 gids={1015, 1023, 1024, 2001, 3003, 3007}
06-20 08:42:31.503 25472 25472 I ActivityThread: Pub com.google.android.apps.plus.content.EsProvider: com.google.android.apps.plus.content.EsProvider
06-20 08:42:31.530 25487 25487 I ActivityThread: Pub downloads: com.android.providers.downloads.DownloadProvider
06-20 08:42:31.577   142   917 I ActivityManager: Process com.spotify.mobile.android.service (pid 22748) has died.
06-20 08:42:31.577   142   917 W ActivityManager: Scheduling restart of crashed service com.spotify.mobile.android.ui/com.spotify.mobile.android.service.SpotifyService in 5000ms
06-20 08:42:31.581   142   370 W AudioService:   RemoteControlClient died
06-20 08:42:31.678 25472 25473 D dalvikvm: GC_CONCURRENT freed 417K, 6% free 9551K/10055K, paused 2ms+9ms
06-20 08:42:31.678 25487 25487 I ActivityThread: Pub drm: com.android.providers.drm.DrmProvider
06-20 08:42:31.682 25487 25501 I DownloadManager: in removeSpuriousFiles
06-20 08:42:31.702 25487 25501 I DownloadManager: deleting spurious file /cache/backup
06-20 08:42:31.768 25487 25487 I ActivityThread: Pub media: com.android.providers.media.MediaProvider
06-20 08:42:31.979 25472 25473 D dalvikvm: GC_CONCURRENT freed 161K, 3% free 9837K/10119K, paused 2ms+2ms
06-20 08:42:32.249 25487 25489 D dalvikvm: GC_CONCURRENT freed 307K, 5% free 9182K/9607K, paused 49ms+2ms
06-20 08:42:32.311 25472 25473 D dalvikvm: GC_CONCURRENT freed 252K, 4% free 10057K/10439K, paused 74ms+2ms
06-20 08:42:32.331 25472 25486 D PicasaPhotoCP: set fsid first time:-1
06-20 08:42:32.366 25472 25500 D dalvikvm: GC_FOR_ALLOC freed 188K, 5% free 10250K/10695K, paused 16ms
06-20 08:42:32.389 25472 25500 D dalvikvm: GC_FOR_ALLOC freed 374K, 6% free 10250K/10823K, paused 17ms
06-20 08:42:32.409 25472 25500 D dalvikvm: GC_FOR_ALLOC freed 126K, 5% free 10378K/10823K, paused 17ms
06-20 08:42:32.428 25472 25500 D dalvikvm: GC_FOR_ALLOC freed 369K, 6% free 10378K/10951K, paused 16ms
06-20 08:42:32.448 25472 25500 D dalvikvm: GC_FOR_ALLOC freed 126K, 5% free 10506K/10951K, paused 18ms
06-20 08:42:32.546 25472 25473 D dalvikvm: GC_CONCURRENT freed 327K, 4% free 10647K/11079K, paused 1ms+2ms
06-20 08:42:32.671 25472 25473 D dalvikvm: GC_CONCURRENT freed 97K, 2% free 10999K/11207K, paused 2ms+2ms
06-20 08:42:32.854 25472 25473 D dalvikvm: GC_CONCURRENT freed 389K, 5% free 11210K/11719K, paused 2ms+2ms
06-20 08:42:33.046 25472 25473 D dalvikvm: GC_CONCURRENT freed 147K, 3% free 11716K/11975K, paused 2ms+2ms
06-20 08:42:33.163   142   142 I ActivityManager: Process com.google.android.apps.plus (pid 25472) has died.
06-20 08:42:33.960 23408 23410 D dalvikvm: GC_CONCURRENT freed 1070K, 11% free 11914K/13319K, paused 14ms+4ms
06-20 08:42:34.335   342   342 D SAN_SERVICE: *******************************************
06-20 08:42:34.335   342   342 D SAN_SERVICE: DM App Phone Service State - 0
06-20 08:42:34.335   342   342 D SAN_SERVICE: *******************************************
06-20 08:42:35.112   342   342 D SAN_SERVICE: *******************************************
06-20 08:42:35.112   342   342 D SAN_SERVICE: DM App Phone Service State - 0
06-20 08:42:35.112   342   342 D SAN_SERVICE: *******************************************
06-20 08:42:35.225 12011 12022 V GoogleLoginService: Returning error intent with: ComponentInfo{com.google.android.gsf.login/com.google.android.gsf.login.LoginActivity}
06-20 08:42:36.038 23408 23410 D dalvikvm: GC_CONCURRENT freed 1034K, 12% free 11771K/13319K, paused 2ms+4ms
06-20 08:42:36.643   142   159 I ActivityManager: Start proc com.spotify.mobile.android.service for service com.spotify.mobile.android.ui/com.spotify.mobile.android.service.SpotifyService: pid=25517 uid=10055 gids={3003, 1015}
06-20 08:42:36.729 25517 25517 D dalvikvm: Trying to load lib /data/data/com.spotify.mobile.android.ui/lib/liborbit-jni-spotify.so 0x4130b080
06-20 08:42:36.784 25517 25517 D dalvikvm: Added shared lib /data/data/com.spotify.mobile.android.ui/lib/liborbit-jni-spotify.so 0x4130b080
06-20 08:42:37.175 22871 22895 I System.out: 08:42:37 AM SENT (1095121392): <iq id="ping" type="get"><ping xmlns="urn:xmpp:ping"/></iq>
06-20 08:42:37.382   142   916 I ActivityManager: Process com.spotify.mobile.android.service (pid 25517) has died.
06-20 08:42:37.385   142   916 W ActivityManager: Scheduling restart of crashed service com.spotify.mobile.android.ui/com.spotify.mobile.android.service.SpotifyService in 20000ms
06-20 08:42:37.448 22871 22894 I System.out: 08:42:37 AM RCV  (1095121392): <iq to='lokeshmandvekar@jabber.org/android9e7FLMWG' type='result' id='ping'/>
06-20 08:42:40.264 12011 12023 V GoogleLoginService: Returning error intent with: ComponentInfo{com.google.android.gsf.login/com.google.android.gsf.login.LoginActivity}
06-20 08:42:42.546 18154 18154 D dalvikvm: GC_EXPLICIT freed <1K, 8% free 11662K/12551K, paused 62ms+3ms
06-20 08:42:44.690 22643 22644 D dalvikvm: GC_CONCURRENT freed 500K, 9% free 10402K/11399K, paused 2ms+3ms
06-20 08:42:44.702   142   142 I ActivityManager: Start proc com.google.android.apps.maps:LocationFriendService for service com.google.android.apps.maps/com.google.googlenav.friend.reporting.LocationReceiverService: pid=25539 uid=10057 gids={3003, 1015}
06-20 08:42:44.874 25539 25541 D dalvikvm: GC_CONCURRENT freed 158K, 3% free 9378K/9607K, paused 7ms+2ms
06-20 08:42:45.268 12011 12026 V GoogleLoginService: Returning error intent with: ComponentInfo{com.google.android.gsf.login/com.google.android.gsf.login.LoginActivity}
06-20 08:42:45.362 25539 25541 D dalvikvm: GC_CONCURRENT freed 178K, 3% free 9632K/9927K, paused 6ms+2ms
06-20 08:42:46.077 25539 25541 D dalvikvm: GC_CONCURRENT freed 211K, 4% free 9875K/10183K, paused 2ms+44ms
06-20 08:42:46.198 25539 25546 I dalvikvm: Total arena pages for JIT: 11
06-20 08:42:46.198 25539 25546 I dalvikvm: Total arena pages for JIT: 12
06-20 08:42:46.206 25539 25546 I dalvikvm: Total arena pages for JIT: 13
06-20 08:42:46.206 25539 25546 I dalvikvm: Total arena pages for JIT: 14
06-20 08:42:46.206 25539 25546 I dalvikvm: Total arena pages for JIT: 15
06-20 08:42:46.210 25539 25546 I dalvikvm: Total arena pages for JIT: 16
06-20 08:42:46.210 25539 25546 I dalvikvm: Total arena pages for JIT: 17
06-20 08:42:46.237 23408 23410 D dalvikvm: GC_CONCURRENT freed 709K, 12% free 11853K/13319K, paused 2ms+13ms
06-20 08:42:47.807 23408 23410 D dalvikvm: GC_CONCURRENT freed 971K, 12% free 11769K/13319K, paused 2ms+4ms
06-20 08:42:49.753   342   342 D SAN_SERVICE: *******************************************
06-20 08:42:49.753   342   342 D SAN_SERVICE: DM App Phone Service State - 0
06-20 08:42:49.753   342   342 D SAN_SERVICE: *******************************************
06-20 08:42:49.964   342   342 D SAN_SERVICE: *******************************************
06-20 08:42:49.964   342   342 D SAN_SERVICE: DM App Phone Service State - 0
06-20 08:42:49.964   342   342 D SAN_SERVICE: *******************************************
06-20 08:42:50.225   342   342 D SAN_SERVICE: *******************************************
06-20 08:42:50.225   342   342 D SAN_SERVICE: DM App Phone Service State - 0
06-20 08:42:50.225   342   342 D SAN_SERVICE: *******************************************
06-20 08:42:50.253 12011 22835 V GoogleLoginService: Returning error intent with: ComponentInfo{com.google.android.gsf.login/com.google.android.gsf.login.LoginActivity}
06-20 08:42:50.280 12011 12013 D dalvikvm: GC_CONCURRENT freed 396K, 6% free 9708K/10311K, paused 1ms+3ms
06-20 08:42:55.288 12011 21910 V GoogleLoginService: Returning error intent with: ComponentInfo{com.google.android.gsf.login/com.google.android.gsf.login.LoginActivity}
06-20 08:42:55.319 12326 12326 D dalvikvm: GC_EXPLICIT freed 122K, 25% free 11293K/14919K, paused 23ms+2ms
06-20 08:42:57.464   142   159 I ActivityManager: Start proc com.spotify.mobile.android.service for service com.spotify.mobile.android.ui/com.spotify.mobile.android.service.SpotifyService: pid=25569 uid=10055 gids={3003, 1015}
06-20 08:42:57.538 25569 25569 D dalvikvm: Trying to load lib /data/data/com.spotify.mobile.android.ui/lib/liborbit-jni-spotify.so 0x4130dd50
06-20 08:42:57.608 25569 25569 D dalvikvm: Added shared lib /data/data/com.spotify.mobile.android.ui/lib/liborbit-jni-spotify.so 0x4130dd50
06-20 08:42:58.085   142   421 I ActivityManager: Process android.process.media (pid 25487) has died.
06-20 08:42:58.378   142   366 I ActivityManager: Process com.google.android.apps.maps:LocationFriendService (pid 25539) has died.
06-20 08:42:58.819 23408 23410 D dalvikvm: GC_CONCURRENT freed 539K, 10% free 12044K/13319K, paused 15ms+4ms
06-20 08:42:59.964   342   342 D SAN_SERVICE: *******************************************
06-20 08:42:59.964   342   342 D SAN_SERVICE: DM App Phone Service State - 0
06-20 08:42:59.964   342   342 D SAN_SERVICE: *******************************************
06-20 08:43:00.503 12011 12022 V GoogleLoginService: Returning error intent with: ComponentInfo{com.google.android.gsf.login/com.google.android.gsf.login.LoginActivity}
06-20 08:43:02.405 25569 25583 W dalvikvm: dvmFindClassByName rejecting 'com/spotify/mobile/android/core/internal/HttpConnection'
06-20 08:43:03.425 25569 25572 D dalvikvm: GC_CONCURRENT freed 274K, 5% free 9212K/9607K, paused 8ms+5ms
06-20 08:43:03.581   142   368 I ActivityManager: Process com.spotify.mobile.android.service (pid 25569) has died.
06-20 08:43:03.585   142   368 W ActivityManager: Scheduling restart of crashed service com.spotify.mobile.android.ui/com.spotify.mobile.android.service.SpotifyService in 80000ms
06-20 08:43:05.339 12011 12023 V GoogleLoginService: Returning error intent with: ComponentInfo{com.google.android.gsf.login/com.google.android.gsf.login.LoginActivity}
06-20 08:43:07.823 23408 23410 D dalvikvm: GC_CONCURRENT freed 858K, 10% free 12079K/13319K, paused 13ms+3ms
06-20 08:43:08.303 22871 22895 I System.out: 08:43:08 AM SENT (1095121392): <iq id="ping" type="get"><ping xmlns="urn:xmpp:ping"/></iq>
06-20 08:43:08.702 22871 22894 I System.out: 08:43:08 AM RCV  (1095121392): <iq to='lokeshmandvekar@jabber.org/android9e7FLMWG' type='result' id='ping'/>
06-20 08:43:08.831   142   158 D dalvikvm: GC_EXPLICIT freed 1846K, 25% free 20133K/26823K, paused 54ms+10ms
06-20 08:43:09.714 23408 23410 D dalvikvm: GC_CONCURRENT freed 1140K, 12% free 11842K/13319K, paused 14ms+3ms
06-20 08:43:10.237   342   342 D SAN_SERVICE: *******************************************
06-20 08:43:10.237   342   342 D SAN_SERVICE: DM App Phone Service State - 0
06-20 08:43:10.237   342   342 D SAN_SERVICE: *******************************************
06-20 08:43:10.257 12011 12026 V GoogleLoginService: Returning error intent with: ComponentInfo{com.google.android.gsf.login/com.google.android.gsf.login.LoginActivity}
06-20 08:43:10.276 12011 12013 D dalvikvm: GC_CONCURRENT freed 396K, 6% free 9709K/10311K, paused 2ms+3ms
06-20 08:43:10.460   342   342 D SAN_SERVICE: *******************************************
06-20 08:43:10.460   342   342 D SAN_SERVICE: DM App Phone Service State - 0
06-20 08:43:10.460   342   342 D SAN_SERVICE: *******************************************
06-20 08:43:11.217   342   342 D SAN_SERVICE: *******************************************
06-20 08:43:11.217   342   342 D SAN_SERVICE: DM App Phone Service State - 0
06-20 08:43:11.217   342   342 D SAN_SERVICE: *******************************************
06-20 08:43:14.284 23064 23077 I PhoneLab-: Service Running
06-20 08:43:14.401 23064 23077 I PhoneLab-LoggerService: app_38    30294 1     2548   2100  c00f181c 400107b4 S logcat
06-20 08:43:14.401 23064 23077 I PhoneLab-LoggerService: Logcat pid from database 30294
06-20 08:43:14.401 23064 23077 I PhoneLab-LoggerService: Logcat process found 30294
06-20 08:43:14.401 23064 23077 I PhoneLab-LoggerService: Checking Threshold
06-20 08:43:14.405 23064 23077 I PhoneLab-LoggerService: Starting to rename files
06-20 08:43:14.405 23064 23077 I PhoneLab-LoggerService: Files found .. 2
06-20 08:43:15.233 12011 22835 V GoogleLoginService: Returning error intent with: ComponentInfo{com.google.android.gsf.login/com.google.android.gsf.login.LoginActivity}
06-20 08:43:16.323   213   213 D dalvikvm: GC_EXPLICIT freed 40K, 58% free 9975K/23687K, paused 16ms+3ms
06-20 08:43:17.178 23408 23410 D dalvikvm: GC_CONCURRENT freed 669K, 10% free 12012K/13319K, paused 2ms+4ms
06-20 08:43:20.288 12011 21910 V GoogleLoginService: Returning error intent with: ComponentInfo{com.google.android.gsf.login/com.google.android.gsf.login.LoginActivity}
06-20 08:43:21.358   342   342 D dalvikvm: GC_EXPLICIT freed 434K, 19% free 12347K/15175K, paused 18ms+4ms
06-20 08:43:24.647 23408 23410 D dalvikvm: GC_CONCURRENT freed 834K, 10% free 12073K/13319K, paused 14ms+3ms
06-20 08:43:25.327 12011 12022 V GoogleLoginService: Returning error intent with: ComponentInfo{com.google.android.gsf.login/com.google.android.gsf.login.LoginActivity}
06-20 08:43:26.303   428   428 D dalvikvm: GC_EXPLICIT freed <1K, 4% free 9038K/9347K, paused 13ms+2ms
06-20 08:43:30.342 12011 12023 V GoogleLoginService: Returning error intent with: ComponentInfo{com.google.android.gsf.login/com.google.android.gsf.login.LoginActivity}
06-20 08:43:30.362 12011 12013 D dalvikvm: GC_CONCURRENT freed 398K, 6% free 9709K/10311K, paused 1ms+2ms
06-20 08:43:30.663 23408 23410 D dalvikvm: GC_CONCURRENT freed 1068K, 11% free 11915K/13319K, paused 14ms+3ms
06-20 08:43:31.311 12011 12011 D dalvikvm: GC_EXPLICIT freed 97K, 7% free 9612K/10311K, paused 14ms+4ms
06-20 08:43:35.249 12011 22835 V GoogleLoginService: Returning error intent with: ComponentInfo{com.google.android.gsf.login/com.google.android.gsf.login.LoginActivity}
06-20 08:43:35.839   342   342 D SAN_SERVICE: *******************************************
06-20 08:43:35.839   342   342 D SAN_SERVICE: DM App Phone Service State - 0
06-20 08:43:35.839   342   342 D SAN_SERVICE: *******************************************
06-20 08:43:38.241 23408 23410 D dalvikvm: GC_CONCURRENT freed 770K, 10% free 11993K/13319K, paused 14ms+4ms
06-20 08:43:39.378 22871 22895 I System.out: 08:43:39 AM SENT (1095121392): <iq id="ping" type="get"><ping xmlns="urn:xmpp:ping"/></iq>
06-20 08:43:39.714 22871 22894 I System.out: 08:43:39 AM RCV  (1095121392): <iq to='lokeshmandvekar@jabber.org/android9e7FLMWG' type='result' id='ping'/>
06-20 08:43:40.257 12011 21910 V GoogleLoginService: Returning error intent with: ComponentInfo{com.google.android.gsf.login/com.google.android.gsf.login.LoginActivity}
06-20 08:43:40.882 30115 30115 D dalvikvm: GC_EXPLICIT freed <1K, 17% free 11195K/13447K, paused 2ms+5ms
06-20 08:43:43.925 23408 23410 D dalvikvm: GC_CONCURRENT freed 1037K, 11% free 11927K/13319K, paused 14ms+4ms
06-20 08:43:44.675   142   916 I ActivityManager: Start proc com.google.android.apps.maps:LocationFriendService for service com.google.android.apps.maps/com.google.googlenav.friend.reporting.LocationReceiverService: pid=25664 uid=10057 gids={3003, 1015}
06-20 08:43:44.878 25664 25667 D dalvikvm: GC_CONCURRENT freed 163K, 3% free 9373K/9607K, paused 7ms+2ms
06-20 08:43:45.217 25664 25667 D dalvikvm: GC_CONCURRENT freed 151K, 3% free 9658K/9927K, paused 20ms+2ms
06-20 08:43:45.366 12011 12022 V GoogleLoginService: Returning error intent with: ComponentInfo{com.google.android.gsf.login/com.google.android.gsf.login.LoginActivity}
06-20 08:43:45.436 23408 23434 W ResponseProcessCookies: Cookie rejected: "BasicClientCookie[version=0,name=admobuu,domain=.wordpress.com,path=/,expiry=Thu Dec 31 19:00:00 EST 2037]". Illegal domain attribute "wordpress.com". Domain of origin: "healthland.time.com"
06-20 08:43:45.932 23408 23410 D dalvikvm: GC_CONCURRENT freed 1062K, 12% free 11808K/13319K, paused 13ms+15ms
06-20 08:43:45.948 25664 25667 D dalvikvm: GC_CONCURRENT freed 242K, 4% free 9872K/10247K, paused 1ms+3ms
06-20 08:43:46.026 25664 25671 I dalvikvm: Total arena pages for JIT: 11
06-20 08:43:46.026 25664 25671 I dalvikvm: Total arena pages for JIT: 12
06-20 08:43:46.026 25664 25671 I dalvikvm: Total arena pages for JIT: 13
06-20 08:43:46.026 25664 25671 I dalvikvm: Total arena pages for JIT: 14
06-20 08:43:46.026 25664 25671 I dalvikvm: Total arena pages for JIT: 15
06-20 08:43:46.026 25664 25671 I dalvikvm: Total arena pages for JIT: 16
06-20 08:43:46.034 25664 25671 I dalvikvm: Total arena pages for JIT: 17
06-20 08:43:46.057 22871 22894 I System.out: 08:43:45 AM RCV  (1095121392): <presence from='lokeshmandvekar@gmail.com/android_talk7682aaea69df' to='lokeshmandvekar@jabber.org'><status/><priority>24</priority><caps:c node="http://www.android.com/gtalk/client/caps" ext="pmuc-v1 voice-v1 video-v1 camera-v1" ver="1.1" xmlns:caps="http://jabber.org/protocol/caps"/><show>away</show><x xmlns="vcard-temp:x:update"><photo>6945890ca62afb71694b3e6141fc3b93d2556f1f</photo></x></presence><presence from='lokeshmandvekar@gmail.com/bitlbeeCF5449BB' to='lokeshmandvekar@jabber.org'><priority>24</priority><show>xa</show><c node="http://bitlbee.org/xmpp/caps" ver="3.0.5-1+aptbuild6" xmlns="http://jabber.org/protocol/caps"/><x xmlns="vcard-temp:x:update"><photo>6945890ca62afb71694b3e6141fc3b93d2556f1f</photo></x></presence>
06-20 08:43:46.214 22871 22886 I com.xabber.android.data.roster.SyncManager@41437ab0: Insert presences 1
06-20 08:43:46.214 22871 22886 I com.xabber.android.data.roster.SyncManager$4@413f3180: Presence changed
06-20 08:43:46.214 22871 22886 I com.xabber.android.data.roster.SyncManager@41437ab0: Insert presences 1
06-20 08:43:46.217 22871 22886 I com.xabber.android.data.roster.SyncManager$4@413ab158: Presence changed
06-20 08:43:46.397 22871 22894 I System.out: 08:43:46 AM RCV  (1095121392): <presence from='lokeshmandvekar@gmail.com/android_talk7682aaea69df' to='lokeshmandvekar@jabber.org'><status/><priority>24</priority><caps:c node="http://www.android.com/gtalk/client/caps" ext="pmuc-v1 voice-v1 video-v1 camera-v1" ver="1.1" xmlns:caps="http://jabber.org/protocol/caps"/><show>away</show><x xmlns="vcard-temp:x:update"><photo>10787dcb9604f48a6fc4f42908a91dfd12a1d753</photo></x></presence>
06-20 08:43:46.405 22871 22894 I System.out: 08:43:46 AM RCV  (1095121392): <presence from='lokeshmandvekar@gmail.com/bitlbeeCF5449BB' to='lokeshmandvekar@jabber.org'><priority>24</priority><show>xa</show><c node="http://bitlbee.org/xmpp/caps" ver="3.0.5-1+aptbuild6" xmlns="http://jabber.org/protocol/caps"/><x xmlns="vcard-temp:x:update"><photo>10787dcb9604f48a6fc4f42908a91dfd12a1d753</photo></x></presence>
06-20 08:43:46.569 22871 22886 I com.xabber.android.data.roster.SyncManager@41437ab0: Insert presences 1
06-20 08:43:46.569 22871 22886 I com.xabber.android.data.roster.SyncManager$4@41441158: Presence changed
06-20 08:43:46.776 22871 22886 I com.xabber.android.data.roster.SyncManager@41437ab0: Insert presences 1
06-20 08:43:46.776 22871 22886 I com.xabber.android.data.roster.SyncManager$4@41451a48: Presence changed
06-20 08:43:49.569 23408 23410 D dalvikvm: GC_CONCURRENT freed 770K, 11% free 11873K/13319K, paused 14ms+3ms
06-20 08:43:49.874 25035 25035 D dalvikvm: GC_EXPLICIT freed 103K, 4% free 10479K/10887K, paused 2ms+3ms
06-20 08:43:49.995   142   142 D dalvikvm: GC_EXPLICIT freed 379K, 26% free 20096K/26823K, paused 4ms+9ms
06-20 08:43:50.842 12011 12023 V GoogleLoginService: Returning error intent with: ComponentInfo{com.google.android.gsf.login/com.google.android.gsf.login.LoginActivity}
06-20 08:43:50.893 12011 12013 D dalvikvm: GC_CONCURRENT freed 307K, 6% free 9700K/10311K, paused 14ms+2ms
06-20 08:43:51.143   342   342 D SAN_SERVICE: *******************************************
06-20 08:43:51.143   342   342 D SAN_SERVICE: DM App Phone Service State - 0
06-20 08:43:51.143   342   342 D SAN_SERVICE: *******************************************
06-20 08:43:51.409   342   342 D SAN_SERVICE: *******************************************
06-20 08:43:51.409   342   342 D SAN_SERVICE: DM App Phone Service State - 0
06-20 08:43:51.409   342   342 D SAN_SERVICE: *******************************************
06-20 08:43:51.932   342   342 D SAN_SERVICE: *******************************************
06-20 08:43:51.932   342   342 D SAN_SERVICE: DM App Phone Service State - 0
06-20 08:43:51.932   342   342 D SAN_SERVICE: *******************************************
06-20 08:43:55.307 12011 12026 V GoogleLoginService: Returning error intent with: ComponentInfo{com.google.android.gsf.login/com.google.android.gsf.login.LoginActivity}
06-20 08:43:56.483   342   342 D SAN_SERVICE: *******************************************
06-20 08:43:56.483   342   342 D SAN_SERVICE: DM App Phone Service State - 0
06-20 08:43:56.483   342   342 D SAN_SERVICE: *******************************************
06-20 08:44:00.335 12011 22835 V GoogleLoginService: Returning error intent with: ComponentInfo{com.google.android.gsf.login/com.google.android.gsf.login.LoginActivity}
06-20 08:44:03.292 23408 23410 D dalvikvm: GC_CONCURRENT freed 954K, 12% free 11819K/13319K, paused 13ms+3ms
06-20 08:44:05.178 22643 22643 D dalvikvm: GC_EXPLICIT freed 275K, 9% free 10398K/11399K, paused 16ms+3ms
06-20 08:44:05.198 12011 21910 V GoogleLoginService: Returning error intent with: ComponentInfo{com.google.android.gsf.login/com.google.android.gsf.login.LoginActivity}
06-20 08:44:10.284 22871 22871 D dalvikvm: GC_EXPLICIT freed 68K, 6% free 10424K/11079K, paused 27ms+3ms
06-20 08:44:10.608 12011 12022 V GoogleLoginService: Returning error intent with: ComponentInfo{com.google.android.gsf.login/com.google.android.gsf.login.LoginActivity}
06-20 08:44:10.632 12011 12013 D dalvikvm: GC_CONCURRENT freed 397K, 6% free 9704K/10311K, paused 14ms+2ms
06-20 08:44:11.995   142   158 V BackupManagerService: Running a backup pass
06-20 08:44:12.007   142   212 V BackupManagerService: clearing pending backups
06-20 08:44:12.022   142   212 V PerformBackupTask: Beginning backup of 2 targets
06-20 08:44:12.260   142   212 V BackupServiceBinder: doBackup() invoked
06-20 08:44:12.260   142   212 D PerformBackupTask: processOneBackup doBackup() on @pm@
06-20 08:44:12.284   142   212 I PerformBackupTask: no backup data written; not calling transport
06-20 08:44:12.382   142   212 D PerformBackupTask: starting agent for backup of BackupRequest{pkg=com.android.inputmethod.latin}
06-20 08:44:12.405 30115 30115 V ActivityThread: handleCreateBackupAgent: CreateBackupAgentData{appInfo=ApplicationInfo{415fc938 com.android.inputmethod.latin} backupAgent=com.android.inputmethod.latin.BackupAgent mode=0}
06-20 08:44:12.405 30115 30115 V ActivityThread: Initializing agent class com.android.inputmethod.latin.BackupAgent
06-20 08:44:12.417   142   212 D BackupManagerService: awaiting agent for ApplicationInfo{414114b8 com.android.inputmethod.latin}
06-20 08:44:12.475   142   154 D BackupManagerService: agentConnected pkg=com.android.inputmethod.latin agent=android.os.BinderProxy@41679910
06-20 08:44:12.475   142   212 D PerformBackupTask: processOneBackup doBackup() on com.android.inputmethod.latin
06-20 08:44:12.491 30115  6786 V BackupServiceBinder: doBackup() invoked
06-20 08:44:12.491 30115  6786 D BackupHelperDispatcher: handling existing helper 'shared_pref' android.app.backup.SharedPreferencesBackupHelper@415d8138
06-20 08:44:12.510   142   212 V LocalTransport: performBackup() pkg=com.android.inputmethod.latin
06-20 08:44:12.510 30115 30115 V ActivityThread: handleDestroyBackupAgent: CreateBackupAgentData{appInfo=ApplicationInfo{415f3418 com.android.inputmethod.latin} backupAgent=com.android.inputmethod.latin.BackupAgent mode=0}
06-20 08:44:12.518   142   212 V LocalTransport: Got change set key=shared_pref:com.android.inputmethod.latin_preferences size=578 key64=c2hhcmVkX3ByZWY6Y29tLmFuZHJvaWQuaW5wdXRtZXRob2QubGF0aW5fcHJlZmVyZW5jZXM=
06-20 08:44:12.518   142   212 V LocalTransport:   data size 578
06-20 08:44:12.518   142   212 V LocalTransport: finishBackup()
06-20 08:44:12.522   142   212 D PerformBackupTask: starting agent for backup of BackupRequest{pkg=com.android.providers.settings}
06-20 08:44:12.522   142   158 V ActivityThread: handleCreateBackupAgent: CreateBackupAgentData{appInfo=ApplicationInfo{41493c58 com.android.providers.settings} backupAgent=com.android.providers.settings.SettingsBackupAgent mode=0}
06-20 08:44:12.522   142   158 V ActivityThread: Initializing agent class com.android.providers.settings.SettingsBackupAgent
06-20 08:44:12.522   142   212 D BackupManagerService: awaiting agent for ApplicationInfo{41493c58 com.android.providers.settings}
06-20 08:44:12.596   142   158 D SettingsBackupAgent: onCreate() invoked
06-20 08:44:12.620   142   158 D BackupManagerService: agentConnected pkg=com.android.providers.settings agent=android.app.backup.BackupAgent$BackupServiceBinder@419a8bf8
06-20 08:44:12.624   142   212 D PerformBackupTask: processOneBackup doBackup() on com.android.providers.settings
06-20 08:44:12.628   142   212 V BackupServiceBinder: doBackup() invoked
06-20 08:44:12.870   142   158 V ActivityThread: handleDestroyBackupAgent: CreateBackupAgentData{appInfo=ApplicationInfo{41493c58 com.android.providers.settings} backupAgent=com.android.providers.settings.SettingsBackupAgent mode=0}
06-20 08:44:12.870   142   212 I PerformBackupTask: no backup data written; not calling transport
06-20 08:44:12.878   142   212 I PerformBackupTask: Backup pass finished.
06-20 08:44:15.651 12011 12023 V GoogleLoginService: Returning error intent with: ComponentInfo{com.google.android.gsf.login/com.google.android.gsf.login.LoginActivity}
06-20 08:44:16.467 22871 22895 I System.out: 08:44:16 AM SENT (1095121392): <iq id="ping" type="get"><ping xmlns="urn:xmpp:ping"/></iq>
06-20 08:44:16.807   342   342 D SAN_SERVICE: *******************************************
06-20 08:44:16.807   342   342 D SAN_SERVICE: DM App Phone Service State - 0
06-20 08:44:16.807   342   342 D SAN_SERVICE: *******************************************
06-20 08:44:16.819 22871 22894 I System.out: 08:44:16 AM RCV  (1095121392): <iq to='lokeshmandvekar@jabber.org/android9e7FLMWG' type='result' id='ping'/>
06-20 08:44:17.026   342   342 D SAN_SERVICE: *******************************************
06-20 08:44:17.026   342   342 D SAN_SERVICE: DM App Phone Service State - 0
06-20 08:44:17.026   342   342 D SAN_SERVICE: *******************************************
06-20 08:44:17.776   342   342 D SAN_SERVICE: *******************************************
06-20 08:44:17.776   342   342 D SAN_SERVICE: DM App Phone Service State - 0
06-20 08:44:17.776   342   342 D SAN_SERVICE: *******************************************
06-20 08:44:19.319 11148 12965 I EventLogService: Aggregate from 1340194459151 (log), 1340194459151 (data)
06-20 08:44:20.300 12011 12026 V GoogleLoginService: Returning error intent with: ComponentInfo{com.google.android.gsf.login/com.google.android.gsf.login.LoginActivity}
06-20 08:44:23.651   142   159 I ActivityManager: Start proc com.spotify.mobile.android.service for service com.spotify.mobile.android.ui/com.spotify.mobile.android.service.SpotifyService: pid=25692 uid=10055 gids={3003, 1015}
06-20 08:44:23.807 25692 25692 D dalvikvm: Trying to load lib /data/data/com.spotify.mobile.android.ui/lib/liborbit-jni-spotify.so 0x4130f940
06-20 08:44:23.979 25692 25692 D dalvikvm: Added shared lib /data/data/com.spotify.mobile.android.ui/lib/liborbit-jni-spotify.so 0x4130f940
06-20 08:44:24.022   142   154 I ActivityManager: Process com.google.android.apps.maps:NetworkLocationService (pid 22643) has died.
06-20 08:44:24.022   142   154 W ActivityManager: Scheduling restart of crashed service com.google.android.apps.maps/com.google.android.location.internal.server.NetworkLocationService in 5000ms
06-20 08:44:24.538   142   422 I ActivityManager: Process com.xabber.android (pid 22871) has died.
06-20 08:44:24.538   142   422 W ActivityManager: Scheduling restart of crashed service com.xabber.android/.service.XMPPService in 14485ms
06-20 08:44:27.030   342   342 D SAN_SERVICE: *******************************************
06-20 08:44:27.030   342   342 D SAN_SERVICE: DM App Phone Service State - 0
06-20 08:44:27.030   342   342 D SAN_SERVICE: *******************************************
06-20 08:44:27.530 25692 25706 W dalvikvm: dvmFindClassByName rejecting 'com/spotify/mobile/android/core/internal/HttpConnection'
06-20 08:44:29.057   142   159 I ActivityManager: Start proc com.google.android.apps.maps:NetworkLocationService for service com.google.android.apps.maps/com.google.android.location.internal.server.NetworkLocationService: pid=25720 uid=10057 gids={3003, 1015}
06-20 08:44:29.241 25720 25722 D dalvikvm: GC_CONCURRENT freed 168K, 3% free 9368K/9607K, paused 2ms+2ms
06-20 08:44:29.378 25692 25694 D dalvikvm: GC_CONCURRENT freed 274K, 4% free 9262K/9607K, paused 59ms+4ms
06-20 08:44:29.436   142 12773 I ActivityManager: Process com.google.android.apps.currents (pid 25035) has died.
06-20 08:44:29.553 25720 25722 D dalvikvm: GC_CONCURRENT freed 163K, 3% free 9712K/9927K, paused 1ms+2ms
06-20 08:44:29.858 25692 25694 D dalvikvm: GC_CONCURRENT freed 429K, 6% free 9363K/9863K, paused 1ms+11ms
06-20 08:44:29.948 25720 25722 D dalvikvm: GC_CONCURRENT freed 168K, 3% free 10071K/10311K, paused 2ms+2ms
06-20 08:44:30.120 25720 25722 D dalvikvm: GC_CONCURRENT freed 662K, 8% free 9881K/10631K, paused 2ms+2ms
06-20 08:44:30.237   142   159 I ActivityManager: Start proc com.google.android.apps.maps:FriendService for broadcast com.google.android.apps.maps/com.google.googlenav.friend.android.ServiceReceiver: pid=25741 uid=10057 gids={3003, 1015}
06-20 08:44:30.346 25741 25744 D dalvikvm: GC_CONCURRENT freed 171K, 3% free 9365K/9607K, paused 2ms+3ms
06-20 08:44:30.487 25741 25744 D dalvikvm: GC_CONCURRENT freed 181K, 3% free 9663K/9927K, paused 1ms+2ms
06-20 08:44:30.589 25664 25671 I dalvikvm: Total arena pages for JIT: 18
06-20 08:44:30.714 25664 25667 D dalvikvm: GC_CONCURRENT freed 383K, 5% free 9922K/10439K, paused 4ms+18ms
06-20 08:44:30.737 25720 25727 I dalvikvm: Total arena pages for JIT: 11
06-20 08:44:30.741 25720 25727 I dalvikvm: Total arena pages for JIT: 12
06-20 08:44:30.741 25720 25727 I dalvikvm: Total arena pages for JIT: 13
06-20 08:44:30.741 25720 25727 I dalvikvm: Total arena pages for JIT: 14
06-20 08:44:30.741 25720 25727 I dalvikvm: Total arena pages for JIT: 15
06-20 08:44:30.741 25720 25727 I dalvikvm: Total arena pages for JIT: 16
06-20 08:44:30.745 25720 25727 I dalvikvm: Total arena pages for JIT: 17
06-20 08:44:30.901 25720 25722 D dalvikvm: GC_CONCURRENT freed 183K, 5% free 10139K/10631K, paused 2ms+3ms
06-20 08:44:30.952 25720 25727 I dalvikvm: Total arena pages for JIT: 18
06-20 08:44:31.296 25720 25722 D dalvikvm: GC_CONCURRENT freed 434K, 5% free 10162K/10695K, paused 4ms+3ms
06-20 08:44:31.882 25692 25715 D dalvikvm: GC_FOR_ALLOC freed 251K, 5% free 9508K/9991K, paused 30ms
06-20 08:44:32.714 25692 25715 D dalvikvm: GC_FOR_ALLOC freed 125K, 7% free 9456K/10119K, paused 26ms
06-20 08:44:32.714 25692 25715 I dalvikvm-heap: Grow heap (frag case) to 9.451MB for 154308-byte allocation
06-20 08:44:32.733 25692 25715 D dalvikvm: GC_FOR_ALLOC freed 72K, 8% free 9534K/10311K, paused 16ms
06-20 08:44:33.444 25692 25715 D dalvikvm: GC_FOR_ALLOC freed <1K, 8% free 9534K/10311K, paused 13ms
06-20 08:44:33.444 25692 25715 I dalvikvm-heap: Grow heap (frag case) to 9.674MB for 309316-byte allocation
06-20 08:44:33.460 25692 25715 D dalvikvm: GC_FOR_ALLOC freed 150K, 9% free 9686K/10631K, paused 13ms
06-20 08:44:37.307   342   342 D SAN_SERVICE: *******************************************
06-20 08:44:37.307   342   342 D SAN_SERVICE: DM App Phone Service State - 0
06-20 08:44:37.307   342   342 D SAN_SERVICE: *******************************************
06-20 08:44:37.339 23048 23048 D dalvikvm: GC_EXPLICIT freed <1K, 4% free 9055K/9347K, paused 47ms+2ms
06-20 08:44:37.483   342   342 D SAN_SERVICE: *******************************************
06-20 08:44:37.483   342   342 D SAN_SERVICE: DM App Phone Service State - 0
06-20 08:44:37.483   342   342 D SAN_SERVICE: *******************************************
06-20 08:44:38.260   342   342 D SAN_SERVICE: *******************************************
06-20 08:44:38.260   342   342 D SAN_SERVICE: DM App Phone Service State - 0
06-20 08:44:38.260   342   342 D SAN_SERVICE: *******************************************
06-20 08:44:39.104 25757 25757 D dalvikvm: Late-enabling CheckJNI
06-20 08:44:39.112   142   159 I ActivityManager: Start proc com.xabber.android for service com.xabber.android/.service.XMPPService: pid=25757 uid=10081 gids={3003, 1015}
06-20 08:44:39.151 25757 25757 I dalvikvm: Turning on JNI app bug workarounds for target SDK version 9...
06-20 08:44:39.479 25757 25759 D dalvikvm: GC_CONCURRENT freed 225K, 4% free 9310K/9607K, paused 11ms+4ms
06-20 08:44:39.507 25757 25757 D dalvikvm: GC_FOR_ALLOC freed 299K, 6% free 9425K/9927K, paused 13ms
06-20 08:44:39.620 25757 25759 D dalvikvm: GC_CONCURRENT freed 192K, 3% free 9771K/10055K, paused 2ms+3ms
06-20 08:44:39.753 25757 25759 D dalvikvm: GC_CONCURRENT freed 429K, 5% free 9875K/10375K, paused 2ms+16ms
06-20 08:44:39.885 25757 25757 I com.xabber.android.service.XMPPService@41347450: onCreate
06-20 08:44:39.889 25757 25757 I com.xabber.android.data.Application@4133ffb8: onStart
06-20 08:44:39.889 25757 25771 I com.xabber.android.data.LogManager@41350528: onLoad
06-20 08:44:39.889 25757 25771 I com.xabber.android.data.DatabaseManager@41351018: onLoad
06-20 08:44:39.905 25757 25771 I com.xabber.android.data.extension.AvatarStorage@413513f8: onLoad
06-20 08:44:39.909 25757 25771 I com.xabber.android.data.connection.AccountManager@41441740: onLoad
06-20 08:44:39.928 25757 25771 I com.xabber.android.data.message.MUCManager@413e7218: onLoad
06-20 08:44:39.928 25757 25771 I com.xabber.android.data.message.MessageManager@4132f5b0: onLoad
06-20 08:44:39.936 25757 25771 I com.xabber.android.data.message.ChatManager@4132d7a8: onLoad
06-20 08:44:39.940 25757 25771 I com.xabber.android.data.extension.VCardManager@41305ce0: onLoad
06-20 08:44:39.944 25757 25771 I com.xabber.android.data.extension.AvatarManager@413d7390: onLoad
06-20 08:44:39.995 25757 25759 D dalvikvm: GC_CONCURRENT freed 162K, 3% free 10146K/10439K, paused 2ms+3ms
06-20 08:44:39.999 25757 25771 I com.xabber.android.data.roster.GroupManager@413ac520: onLoad
06-20 08:44:40.014 25757 25771 I com.xabber.android.data.extension.CapabilitiesManager@413bbd90: onLoad
06-20 08:44:40.018 25757 25771 I com.xabber.android.data.roster.SyncManager@41437a58: onLoad
06-20 08:44:40.042   142   922 I ActivityManager: Start proc android.process.acore for content provider com.android.providers.contacts/.ContactsProvider2: pid=25773 uid=10000 gids={3003, 1015}
06-20 08:44:40.116 25773 25773 I ActivityThread: Pub call_log: com.android.providers.contacts.CallLogProvider
06-20 08:44:40.194 25773 25773 I ActivityThread: Pub com.android.voicemail: com.android.providers.contacts.VoicemailContentProvider
06-20 08:44:40.198 25773 25773 I ActivityThread: Pub user_dictionary: com.android.providers.userdictionary.UserDictionaryProvider
06-20 08:44:40.210 25773 25773 I ActivityThread: Pub com.android.social: com.android.providers.contacts.SocialProvider
06-20 08:44:40.210 25773 25773 I ActivityThread: Pub applications: com.android.providers.applications.ApplicationsProvider
06-20 08:44:40.303 25773 25775 D dalvikvm: GC_CONCURRENT freed 345K, 5% free 9152K/9607K, paused 2ms+4ms
06-20 08:44:40.303 25773 25773 I ActivityThread: Pub contacts;com.android.contacts: com.android.providers.contacts.ContactsProvider2
06-20 08:44:40.764 25773 25775 D dalvikvm: GC_CONCURRENT freed 202K, 4% free 9339K/9671K, paused 9ms+5ms
06-20 08:44:41.300 25757 25771 I com.xabber.android.data.roster.SyncManager@41437a58: Groups: 0
06-20 08:44:41.331 25757 25771 I com.xabber.android.data.roster.SyncManager@41437a58: Raw contacts: 2
06-20 08:44:42.487   142   919 I ActivityManager: Process com.spotify.mobile.android.service (pid 25692) has died.
06-20 08:44:42.487   142   919 W ActivityManager: Scheduling restart of crashed service com.spotify.mobile.android.ui/com.spotify.mobile.android.service.SpotifyService in 320000ms
06-20 08:44:42.971 25773 25775 D dalvikvm: GC_CONCURRENT freed 187K, 4% free 9543K/9863K, paused 6ms+6ms
06-20 08:44:43.089 25757 25771 W com.xabber.android.data.roster.SyncManager@41437a58: Remove structured name: 7708
06-20 08:44:43.112 25757 25771 I com.xabber.android.data.roster.SyncManager@41437a58: Jids: 2
06-20 08:44:43.112 25757 25771 I com.xabber.android.data.roster.SyncManager@41437a58: Emails: 2
06-20 08:44:43.112 25757 25771 I com.xabber.android.data.roster.SyncManager@41437a58: Names: 1
06-20 08:44:43.112 25757 25771 I com.xabber.android.data.roster.SyncManager@41437a58: Membership: 0
06-20 08:44:43.116 25757 25771 I com.xabber.android.data.roster.SyncManager@41437a58: Structureds: 1
06-20 08:44:43.120 25757 25771 I com.xabber.android.data.roster.SyncManager@41437a58: Contacts: 2
06-20 08:44:43.120 25757 25771 I com.xabber.android.data.roster.SyncManager@41437a58: Remove data
06-20 08:44:44.440 25757 25771 I com.xabber.android.data.roster.SyncManager@41437a58: Loaded
06-20 08:44:44.585 25757 25757 I com.xabber.android.data.SettingsManager@413415e8: onInitialized
06-20 08:44:44.686 25757 25757 I com.xabber.android.data.connection.ConnectionManager@41351ef0: onInitialized
06-20 08:44:44.776 25757 25757 I com.xabber.android.data.connection.ReconnectionManager@41440f30: onInitialized
06-20 08:44:44.776 25757 25757 I com.xabber.android.data.NotificationManager@4143ee98: onInitialized
06-20 08:44:44.835 25757 25757 I com.xabber.android.data.connection.NetworkManager@413bf4a0: onInitialized
06-20 08:44:44.944 25757 25757 I com.xabber.android.data.connection.NetworkManager@413bf4a0: Network: NetworkInfo: type: WIFI[], state: CONNECTED/CONNECTED, reason: (unspecified), extra: (none), roaming: false, failover: false, isAvailable: true, active: NetworkInfo: type: WIFI[], state: CONNECTED/CONNECTED, reason: (unspecified), extra: (none), roaming: false, failover: false, isAvailable: true
06-20 08:44:44.944 25757 25757 I com.xabber.android.data.connection.NetworkManager@413bf4a0: State does not changed.
06-20 08:44:45.132 23550 23551 D dalvikvm: GC_CONCURRENT freed 317K, 6% free 9944K/10567K, paused 106ms+3ms
06-20 08:44:45.901 25757 25797 I System.out: 08:44:45 AM SENT (1095117584): <stream:stream to="jabber.org" xmlns="jabber:client" xmlns:stream="http://etherx.jabber.org/streams" version="1.0">
06-20 08:44:45.932 25757 25759 D dalvikvm: GC_CONCURRENT freed 293K, 4% free 10271K/10695K, paused 3ms+11ms
06-20 08:44:46.260 25757 25798 I System.out: 08:44:46 AM RCV  (1095117584): <?xml version='1.0'?><stream:stream xmlns='jabber:client' xmlns:stream='http://etherx.jabber.org/streams' from='jabber.org' id='20986bade135695f' version='1.0'><stream:features><starttls xmlns='urn:ietf:params:xml:ns:xmpp-tls'/><mechanisms xmlns='urn:ietf:params:xml:ns:xmpp-sasl'><mechanism>CRAM-MD5</mechanism><mechanism>LOGIN</mechanism><mechanism>PLAIN</mechanism><mechanism>DIGEST-MD5</mechanism><mechanism>SCRAM-SHA-1</mechanism></mechanisms><compression xmlns='http://jabber.org/features/compress'><method>zlib</method></compression><ver xmlns='urn:xmpp:features:rosterver'><optional/></ver></stream:features>
06-20 08:44:46.296 25757 25798 I System.out: 08:44:46 AM SENT (1095117584): <starttls xmlns="urn:ietf:params:xml:ns:xmpp-tls"/>
06-20 08:44:46.573 25757 25798 I System.out: 08:44:46 AM RCV  (1095117584): <proceed xmlns='urn:ietf:params:xml:ns:xmpp-tls'/>
06-20 08:44:47.800 25757 25798 I System.out: 08:44:47 AM SENT (1095117584): <stream:stream to="jabber.org" xmlns="jabber:client" xmlns:stream="http://etherx.jabber.org/streams" version="1.0">
06-20 08:44:47.835 25757 25759 D dalvikvm: GC_CONCURRENT freed 351K, 5% free 10339K/10823K, paused 2ms+2ms
06-20 08:44:48.409 25757 25798 I System.out: 08:44:48 AM RCV  (1095117584): <?xml version='1.0'?><stream:stream xmlns='jabber:client' xmlns:stream='http://etherx.jabber.org/streams' from='jabber.org' id='59c0ef1357916665' version='1.0'><stream:features><mechanisms xmlns='urn:ietf:params:xml:ns:xmpp-sasl'><mechanism>CRAM-MD5</mechanism><mechanism>LOGIN</mechanism><mechanism>PLAIN</mechanism><mechanism>DIGEST-MD5</mechanism><mechanism>SCRAM-SHA-1</mechanism></mechanisms><compression xmlns='http://jabber.org/features/compress'><method>zlib</method></compression><ver xmlns='urn:xmpp:features:rosterver'><optional/></ver></stream:features>
06-20 08:44:48.526 25757 25797 I System.out: 08:44:48 AM SENT (1095117584): <auth mechanism="DIGEST-MD5" xmlns="urn:ietf:params:xml:ns:xmpp-sasl"></auth>
06-20 08:44:49.436 25757 25798 I System.out: 08:44:49 AM RCV  (1095117584): <challenge xmlns='urn:ietf:params:xml:ns:xmpp-sasl'>bm9uY2U9Im9KMEM4bVBkM09mcXEyVVJTNEFNY0VUeHNxWTRJQ3QvYUEvTEJ6bnZwVlk9IixyZWFsbT0iamFiYmVyLm9yZyIscW9wPSJhdXRoIixtYXhidWY9MTYzODQsY2hhcnNldD11dGYtOCxhbGdvcml0aG09bWQ1LXNlc3M=</challenge>
06-20 08:44:49.483 25757 25797 I System.out: 08:44:49 AM SENT (1095117584): <response xmlns="urn:ietf:params:xml:ns:xmpp-sasl">dXNlcm5hbWU9Imxva2VzaG1hbmR2ZWthciIscmVhbG09ImphYmJlci5vcmciLGNub25jZT0iYWE0MDE3N2E2YTExYTlkMTM0NzZhOTgzNzQwY2FiNWFlYjliMGExMGJkN2E5NWQ3ZmNmODcyMDdkMzg2MjYyNCIsbmM9MDAwMDAwMDEscW9wPWF1dGgsZGlnZXN0LXVyaT0ieG1wcC9qYWJiZXIub3JnIixyZXNwb25zZT1lNzE5MTZmNDBkZThmMTBkYmQ1ZWFkNTYzMzc4YTk1MixjaGFyc2V0PXV0Zi04LG5vbmNlPSJvSjBDOG1QZDNPZnFxMlVSUzRBTWNFVHhzcVk0SUN0L2FBL0xCem52cFZZPSI=</response>
06-20 08:44:49.741 25757 25798 I System.out: 08:44:49 AM RCV  (1095117584): <success xmlns='urn:ietf:params:xml:ns:xmpp-sasl'>cnNwYXV0aD1iYzFiNGEwNGQ1NTY0MDc0MDQzNjNjNmQ0MzU2NGFmOQ==</success>
06-20 08:44:49.757 25757 25798 I System.out: 08:44:49 AM SENT (1095117584): <stream:stream to="jabber.org" xmlns="jabber:client" xmlns:stream="http://etherx.jabber.org/streams" version="1.0">
06-20 08:44:49.960 23408 23408 D dalvikvm: GC_EXPLICIT freed 852K, 13% free 11716K/13319K, paused 17ms+3ms
06-20 08:44:50.108 25757 25798 I System.out: 08:44:50 AM RCV  (1095117584): <?xml version='1.0'?><stream:stream xmlns='jabber:client' xmlns:stream='http://etherx.jabber.org/streams' from='jabber.org' id='d030ee741bfc925c' version='1.0'><stream:features><bind xmlns='urn:ietf:params:xml:ns:xmpp-bind'><required/></bind><session xmlns='urn:ietf:params:xml:ns:xmpp-session'/><compression xmlns='http://jabber.org/features/compress'><method>zlib</method></compression><ver xmlns='urn:xmpp:features:rosterver'><optional/></ver></stream:features>
06-20 08:44:50.112 25757 25797 I System.out: 08:44:50 AM SENT (1095117584): <iq id="QM3P3-0" type="set"><bind xmlns="urn:ietf:params:xml:ns:xmpp-bind"><resource>android9e7FLMWG</resource></bind></iq>
06-20 08:44:50.870 25757 25798 I System.out: 08:44:50 AM RCV  (1095117584): <iq to='lokeshmandvekar@jabber.org/android9e7FLMWG' type='result' id='QM3P3-0'><bind xmlns='urn:ietf:params:xml:ns:xmpp-bind'><jid>lokeshmandvekar@jabber.org/android9e7FLMWG</jid></bind></iq>
06-20 08:44:50.878 25757 25797 I System.out: 08:44:50 AM SENT (1095117584): <iq id="QM3P3-1" type="set"><session xmlns="urn:ietf:params:xml:ns:xmpp-session"/></iq>
06-20 08:44:50.967 25757 25798 I System.out: 08:44:50 AM RCV  (1095117584): <iq from='jabber.org' type='result' id='QM3P3-1'/>
06-20 08:44:50.967 25757 25792 I System.out: User logged (1095117584): lokeshmandvekar@jabber.org@jabber.org:5222/android9e7FLMWG
06-20 08:44:50.971 25757 25757 I com.xabber.android.data.roster.RosterManager@413e56d8: onAuthorized: lokeshmandvekar@jabber.org/android9e7FLMWG
06-20 08:44:50.971 25757 25771 I com.xabber.android.data.roster.SyncManager@41437a58: Insert presences 0
06-20 08:44:50.971 25757 25771 I com.xabber.android.data.roster.SyncManager$4@4138a1c8: Presence changed
06-20 08:44:50.971 25757 25797 I System.out: 08:44:50 AM SENT (1095117584): <presence id="QM3P3-2"><status></status><priority>0</priority><show>xa</show><c xmlns='http://jabber.org/protocol/caps' hash='sha-1' node='http://www.igniterealtime.org/projects/smack/' ver='lEHWL/kB85mFknKkCncs7jfI5CY='/></presence>
06-20 08:44:50.979 25757 25797 I System.out: 08:44:50 AM SENT (1095117584): <iq id="QM3P3-3" type="get"><query xmlns="jabber:iq:roster" ></query></iq>
06-20 08:44:51.053 25757 25798 I System.out: 08:44:51 AM RCV  (1095117584): <presence from='ifte2000@jabber.org' to='lokeshmandvekar@jabber.org' type='unavailable'/><presence from='lokeshmandvekar@jabber.org/BitlBee' to='lokeshmandvekar@jabber.org/android9e7FLMWG'><priority>0</priority><show>xa</show><c xmlns="http://jabber.org/protocol/caps" node="http://bitlbee.org/xmpp/caps" ver="3.0.5-1+aptbuild6"/><delay xmlns='urn:xmpp:delay' stamp='2012-06-20T03:19:45Z' from='jabber.org'/></presence><presence from='lokeshmandvekar@jabber.org/android9e7FLMWG' to='lokeshmandvekar@jabber.org/android9e7FLMWG' id='QM3P3-2'><status></status><priority>0</priority><show>xa</show><c xmlns='http://jabber.org/protocol/caps' hash='sha-1' node='http://www.igniterealtime.org/projects/smack/' ver='lEHWL/kB85mFknKkCncs7jfI5CY='/></presence>
06-20 08:44:51.092 25757 25771 I com.xabber.android.data.roster.SyncManager@41437a58: Insert presences 1
06-20 08:44:51.139 25757 25798 I System.out: 08:44:51 AM RCV  (1095117584): <iq to='lokeshmandvekar@jabber.org/android9e7FLMWG' type='result' id='QM3P3-3'><query xmlns='jabber:iq:roster' ver='85'><item jid='lokeshmandvekar@gmail.com' subscription='both'/><item jid='ifte2000@jabber.org' name='Iftekhar Husain' subscription='both'/></query></iq>
06-20 08:44:51.163   142   197 D DhcpInfoInternal: makeLinkProperties with empty dns2!
06-20 08:44:51.163   142   197 D DhcpInfoInternal: makeLinkProperties with empty dns2!
06-20 08:44:51.421 25757 25759 D dalvikvm: GC_CONCURRENT freed 325K, 5% free 10433K/10887K, paused 17ms+2ms
06-20 08:44:51.421 25757 25797 I System.out: 08:44:51 AM SENT (1095117584): <iq id="QM3P3-4" to="lokeshmandvekar@jabber.org" type="get"><vCard xmlns="vcard-temp" /></iq>
06-20 08:44:51.456 25757 25771 I com.xabber.android.data.roster.SyncManager$4@414799a8: Presence changed
06-20 08:44:51.456 25757 25771 I com.xabber.android.data.roster.SyncManager@41437a58: Insert presences 0
06-20 08:44:51.456 25757 25771 I com.xabber.android.data.roster.SyncManager$3@414ad870: Roster updated
06-20 08:44:51.694 25757 25798 I System.out: 08:44:51 AM RCV  (1095117584): <presence from='lokeshmandvekar@gmail.com/android_talk7682aaea69df' to='lokeshmandvekar@jabber.org/android9e7FLMWG'><status/><priority>24</priority><caps:c node="http://www.android.com/gtalk/client/caps" ext="pmuc-v1 voice-v1 video-v1 camera-v1" ver="1.1" xmlns:caps="http://jabber.org/protocol/caps"/><show>away</show><x xmlns="vcard-temp:x:update"><photo>10787dcb9604f48a6fc4f42908a91dfd12a1d753</photo></x></presence><presence from='lokeshmandvekar@gmail.com/bitlbeeCF5449BB' to='lokeshmandvekar@jabber.org/android9e7FLMWG'><priority>24</priority><show>xa</show><c node="http://bitlbee.org/xmpp/caps" ver="3.0.5-1+aptbuild6" xmlns="http://jabber.org/protocol/caps"/><x xmlns="vcard-temp:x:update"><photo>10787dcb9604f48a6fc4f42908a91dfd12a1d753</photo></x></presence>
06-20 08:44:51.878 25757 25771 I com.xabber.android.data.roster.SyncManager@41437a58: Insert presences 1
06-20 08:44:52.124 25757 25771 I com.xabber.android.data.roster.SyncManager$4@41441a18: Presence changed
06-20 08:44:52.245 25757 25771 I com.xabber.android.data.roster.SyncManager@41437a58: Insert presences 1
06-20 08:44:52.249 25757 25771 I com.xabber.android.data.roster.SyncManager$4@4130cde0: Presence changed
06-20 08:44:52.620 25757 25798 I System.out: 08:44:52 AM RCV  (1095117584): <iq from='lokeshmandvekar@jabber.org' to='lokeshmandvekar@jabber.org/android9e7FLMWG' type='result' id='QM3P3-4'><vCard xmlns='vcard-temp'><FN>lokesh mandvekar</FN><N><GIVEN>lokesh</GIVEN><FAMILY>mandvekar</FAMILY></N><NICKNAME>lokesh</NICKNAME><BDAY>06/04/1986</BDAY><EMAIL><INTERNET/><WORK/><USERID>lokeshmandvekar@gmail.com</USERID></EMAIL><TEL><VOICE/><WORK/><NUMBER>7162010010</NUMBER></TEL><PHOTO><TYPE>image/png</TYPE><BINVAL>iVBORw0KGgoAAAANSUhEUgAAAGAAAABICAIAAACGBWc0AAAAA3NCSVQICAjb4U/gAAAgAElEQVR4nFy7Z6xlWXYettba4Zxz77nx5VevcleH6ekwM+wJYhiRQ5GyRYsyFWxTlAUIFgTLtgADAgz9cPjhAAP+YRiG/ccmJUOUDZimIckUJYqipZnhDGd6uns6h6quHF6+6cQd1vKP815107cKVQ+nbp2z9wrf+ta39sG/8R/8ba0NogIAAGAARBQRFGBEFhYABPz8h5kBQECEBQUEAVEhgkgUYRFEFAERYWE4/wiIAJxfRUQAjgxwdjcQIQABEAQWQRDmiMKIAKKIlAgiIRATkYgQsqsqjrF1jqW7Hy4Wi9nsONOmrFb9UR4BhYFZvPMh+BgjACBh5CAirmlXyyWwEFG3RETsVthts/tZW5sCgJw9AwgAEAVEUBCEsNsXnu1SBBGJiJkRCSAiomC3fRE4+yYzA4qIPL0tyFNLAXYL4u6SIIKIkCIJkUWAEBFEUAQQSFgAJMaIiBylc1V3f2aOMQICiIo+VPVKa9za3IzeRYht48lqjhIjxxiZI4B0t44hFsXKNS0IIMDZwj/3OVs6ACJqIiPCiNJtHgAiMyB02wYR6KIEz2x0Fj4iiN2upbPOuUUiAIkIAgCgCHfxCNBdOQtPAQEAIhKJXVQxMwgAni1XIiASiHTrRxTAzgkkZ8vv/hOHEOuyDN71+qlwiOyb6MgYjNLWjQgwSwxRaYoxeO+bpinLUlgQBOEsTJ4u7MyF50tFAA2MICgoAMAiAoCIDAJAAIgggH/MwN1uz1JDRAAZGOE8iEREGPHcaOfWeeoWRGSOgIAC8rnFMTMCdI/vbH6WlAIgwsIoQkTCIiTCjApZJIRQVxUCu7YaDvouxNVq5UV8iOy8i07OMhvEB+fcarX0PgAAylmifH5j53mCn7eXFvCAJICIJBC7zZwllpCQCLAAgbCwEJEIwx8PSwQAiIjntkOGs3ACAKCzfXdRI8zdOrpvds8iREIhVgHPLYmE0gUUA3Ds1g+AwCISQDhGbuo6hKAVBh9Y/LJYlHVdNw0zxxiY5dwpEmNsq7qua2Z+mgpPfdNFiwiLCGGXc+fOAtRFXSqtkRQppc4WCEgIAkB8hk4dUiCInIELnNlDzvKC8fxhCMCAIMydgUKMhF2MdAvq8EVEoIsz7hwAKPAZRp4HDyBiPAs9CIERCRiapuIYiYgIT08XTVuJcIgSQogxxBiYmVlQBARa58qi6BD6M6eem+mpjxkJELqiQkDn/kf99o/fIGW0NdrYRCmtNRFqbVBpADbGEmnSREiECIikqIP9DuqfYr6I4BmEMAA+RV9E6JxzFurS/WYUBgRgEQBGAaTuypkH5SyImRmQRbizWHCtCGtNvaxXFqsQnNaKW3Det63nyEFCB2lEFHwsi6J17v9nl8/HjpwVXemKDUi3r7MtAKC+c/sOIgoSiBCBIoWIhERaIYpWxthEaVKkFBEQklJKKerch6iUUkoBilZKa0NEpLRSikgprUgpRFFEBEhEiESEACwcAEG4QyogQsGIZxjYhfgZGDMzIjCz9845Z7Tt93taKw6+bdvVarUqlkE4xhg9d2jVkYuqrpqq6mIdAJTWWiEhEQFzh+/MzACCgAKQKNhcX8vznIU5SvAhhFAtVhpRuCuqQCFyYBERQqA2PjXweek5dy92CUWf4RlERLAmUVqDUqoLM0WktVKEiByZALKsp7XujNtZVhEZrbUxSqmOQHQm7ErIGYKE4FyLiEmaaJMAUuRYlsvFYlYUhbBI5LO07n5FLssyxigoIqwVJdYkadJLTS81aWK0NkZrrTULhxCd85Fhe2OtnyVaa6UUEhIoRerx+x9rASEkABIBDQAgDBEEO8Q4K8kdNoEQn9lIRADOsBMRkEBEvAsi0uXfWUzT2Q90lnRIpDrjdnEKhKRIK33GQQmVUgAgzN11pZTR2hijtSatjLWatNZwdPDEO6cUEpFSECOKxhDifLGoq/qM6DEYTdbqXqrzzPR7aZpoY5RWZKyy1hCRVhqIEEmRYRZjEmMsKiQkhZgq0te/+OUYOYTofYi+8W3FwTd11dZNh5IEIMxwFjgCTykgfC6koKvTdIYy56xH4hmd4qc26yjEGbFCwPg5UIDzagVE6qzQnjFHBAAhQEIEVCiDPFWKzjhTjCLCkUMMbV0jSJfMxlKW2ixJstT2M5WmiTFaa0WE1lprreowV2mtjdYWUSmySmnUwAJaohbRG7sXUKRuuQ6iNAfnNQA31ftv/hAknuMqdxtg4a4X6YiAAHeZwAyIdAbDcP7nOas6q3Qgn/uHM07cUajuW8yd489s24UZhxjjGSdAhigCAIlGop4xpjNNCB4ASCFEMIa00ok1SpHRoJS2JlFWgdFCSlAJKCStdKJNYhJrbUKkjbVGG60MolZkhGIUVt4pFu0CT4b5sllEou3JsKwbRFq6VggJBPi8IJ1Rly7vnlbHMzbNn2frf5y4y+fNBufwdd7swHnTQwoh4mf8SCJHAsHPiv6Zhc/rJkCHsiLStT4AoBQl1mRp2s8SrRWRsBBpbaxWRpPWWpvEWpvaNM2SJFXGaGu78FGkiRQiARIJsURFQqy0r4tlbIaJjSBNWTZNFUMMvlaEHWE8Tw0EEQL6rC8DPlv0Oak4Y09dhJzvB/+4xfAcjLrbPP3LaEtKAHhze21rZ0ujunvv/sHhMUcQQBEEUMJ8TjLPbNw1riKiFDIzIaGiNDE2sUlqtVYiWgCUIaOVJlLG2l5mE2OTXpLkyhhjjVaGlNZKAxJRx0KiZlERQEh/8OM/QiGNWpECTcoorSm0nhQqUqC6ndJZIDCD8HnxUnDemjGeawCE52WuQ5DzSIGOHz1Fn89oFBEqpXqZ2dycbu5sPffCc4xAIi+89OyTBw/eeP2Nk1l99tizju78hmeNCxOdsVBA0IRGK9KkjFLaIFoWQRQijUqRsUAWVaptj6whpZU2iIpIA6pOhEACeNp1xKh96xEpSCRAgXAGuQBIJECAQCCKzneJ0uWTgGBEZlZKMbNS5xY8X3tHJunM4U+BpQPmjm0qa22/n65Nxxcu7m5sbRTlMh8N948OppNpXVXW2hsvPHfhwuZ773385usfREBmARQWRiRFqDWygFIaQLwPXbXoyINRurMHaRujELBRqDUZrRUZRC1df4N0FuUISIQASMIcCRQpQCJB0NNhL4TIzDGKMHLH/gWEg4Awc2DBz9Kqi8CzvuhpNe/aAegadPisDzxXO7o8I0Ds8lxpvHRp9+VXvpjltqxXw9GQlFrWoQ11kpoYm/niaDAczVYcXXtpb2d7ffL6628eHtURUEgRkbUKgQlBkIRFkaBG8B1IoQgidHSVjEYFYLTRhqzNlDZECNCxbQE+I+0cgYgQuhUCxwgRMKL+4heu13XjXXA+OM8xhBAjc2SOHUmLkUPgc+1LYoxdbWcAZhYBFqZz5BbhjhOdxTxQ1zc/xWcRTq1+9UtfuHhpCym2oTVJkqRZURTDPAdlg/dlsQBpnjycjYZrw+E0ybJe5n/xF7/6e7/3xv7RCqCjl6QIWQCJIiMixygI4tpQ1XXj2qI
06-20 08:44:52.659 25757 25798 I System.out: 08:44:52 AM RCV  (1095117584): /O6aYKPAHx6fNjWdWSWKBGJFCvFUSRE0Ep1SpD3YBNQmn0QH8RYa1ww2iTWhsBnjRi0pKjD0xCCVkpZaxFRay2QkjIxOOdd3TSt8yLIrtPtz0kcIQArjTGctQXnZart9HvS0suyfq8nHK3pp0mvrtusZ5NUNrfW0lRZYxbzw0SXP//Nl156bmu6vlWofmrWo2TvHczmkmE6srqKPh0OcTrMt7e3fucPPvrwo5NVAWtrG8/cuHz44OFwkOe9XtM6rboOMlqrtJIYIgshCrFwFGGILIEiCImIUhIFSClqg9beWJ8kiTXRueg9a6O10qQ6lYJEIISgBnk/RomBQShGjIEAFALVTeucM6ZT5okICQBJkDrqqDoN5Uy1/jzTBp1akxrSCgN0EpZnjr1+Iipu7+7UdVO3h6++vPPq89f2Ni+YZBJ13rMDk44ezutokhTrZ9fVmooJEqo1pTT1sKqkaeTwdJlkuVGwuT7a2NhGJKWN0dpoPDned237+GAlgszwlMB35ZWFY4wCHGIMkUOMkdmHGCIzS/Ax+MhRQmDvYwg+hBhCXK1WejDQBlkUR3aoGUBiAOfiYnmSJmprbRRiFdhEJomhWFUCrLUCwcjCDIKsdSoizPGpFJZa8d5HFiRk0cJiUx18QE7ER2A/3h5s7+319DDROZqkF1sdVkXdbGR2RAlzHRwlIASBiJUZXNm6On+Onzw56efDqqmsota59997gyO16BQYAmQOVhvhyB2FJOQoJIIRleLP5DESiGyMYWaiELzzzhtj0iR4jqqTsQA4xtlsFiPr65NVAHSNR9AxICtwCErD9hgIJcsaFiQAgAbQcEBmVBqYwfvIFJyHtj4rGh1fHuW9XpoJYhsZIouEyDEiLety++J2G2JJ7c7ermTWGXDBYcOUQNmuCEZTdlHbR21ytBRDKtWJAd+Eqg9hO0+2RoObDysW3U8Ta83ho/3hZHZwCN4NQoDR1Ahxx90ACBiA4GxexKxUF/KotEbE2OmGiEjELCEE55xpGmttCKFaFUQ0nU6JSF9UOzzN23lF2khsHYR0NDo9nemsRxG8hAjRCqESs55dmOaCSgSix7Zpemt6vtRtBYlR8+UyAtVNk+eZgsgCSJBarRFEaUxtAGtTLdSCLXXGrMuV8CLAMB0kmWnAkQoZBMdB0MSobDZgODaZirHhNiiDg+EAuT44OBleuQCkpttzrSrf4HACRQmIuU7suZ8EADgynn/g6cTJeyLiGLteDom0FhFgZufc6ekpAIzyQZIkMUbnnBY1yS9cF7vQaVrOZj1rENCkaTox7bwc9bIa3TgdffKDH2wQxtAmaeacV2JGaJT4+VEZQ1LlJqhkOF2DsiJC9J58jK13tU8TBUb1xv1ZvXDNajodjNYow7LfE0pCYftKG1Sc5baXKiY1MlOxcafXV7ziRJe4ML2+LuvUWGMyEEShqmy03VguoC7K4USCX2R2uLG2e3xYnAkO5+Mm+ZwE2l0nJJHPhpbKaAAMIYYQqqoajUa9Xi+ytG3rfQAQPUc8ur0fUenGL06r2cPDjCixBByReU7kQB7YBSitR8P56eHWOC9nMyM4GfZufPHS4+NPPfQaK+z9MniHUrYhUXZ9faJJVacnKlZ5P22dq311eHw4XTfTsfFpcH17TPjeSZktYMtOLgzWt/Nk1JtWpQxjfHD/cLU8mm63/bUklC0MsktX9K0nefpB0ksVYUJkkiTLMyEJKBiAAVqjDZwreGcQDQKI59p2V0o4MpyPmyV679tOz00BqCpba1LfTYtj7dpGY762d/mCEHAM0+3m6rOXUViQfQgcQlkuEODwaC62r8b9cZgoL1994aVnLj9TFcXD5Swdb7k2Lk8PvA/a2hAiATbeNbkkWoe0359sJGlczQ+SxEQOs2K+N9rVa+tvPIix1lVLvKgnvnr5WjieDi5vtuLi4eHy6HHx1lvvV3E1WN/sjdeHO/FPfKn3wnPtj97oH5ws6hhff/eTcuHWhzsb05pQDo/D1m4vivuc+tI1x/Q06boWuuMkZ2o3MyBYa7t5Xy9NmDF6F4RjCGcE/b1P7v3Fr7w4GGZKWVQROQBAiFFCrKr63t2Pv/XzX93fPzo6mCUq+YkX863JMNWqKurT2XL/lOeOl1Udg/R7w34+CIEVgQD6wHWzRKTDOk4TFYnYM5IPpsLMfPDhnf16M3X90fIRzKvDunlv9nC6vU4vPbuVJao6bE7ubmYlKD0cZKITX+bvHLTPb0s/47zfR1IMvaBw1prqsHj1lec2Lud1Wa9Wd58qCufQI0/H2d2HBVHOpqZI1HFCZhbhGASE6joSCpFqnRdAPRyPkTmzyhjDjMwuhHj/9u3T2el0bT34ev/h/sHD+XiyvpYPlZd6Ud8/fHI0Pz1umvuHkvYH82KVZH1SZjicHJ/OXNsqpYaDQfRhPB0vluVstkQO1lpB3x8qrcPO1tQdJhObvHrpJ8dGp2H56OHNWvlVDDc2d8zsmNZGexvXN57/iao1JM13v/9PafuivjxdmzyGcFzHZntndzIZHxzPm3L0z/7FB03bkISL23mnmZ2ToDO196neDWcD8m56QnzeMQGCcIyBibRSmjl6H0JkQVJ/9i/98mtf/8bG9l7aH9skj8ooO37y+OGj+3eJrG99bPja3vPDbLhaLu4+enzn8f7hsjiuSq/TB7OmbT0SxiDEELyLHLc3t1mYEOuyKqqFVSr4JkIRIldlsXd1tPvs1LW9/r78pZ/4mcWD+cnx/F/7xV8wmuMwGU6m44FSgoNstHft5Ucn9Rt/9KOXvnBtk1bLVVOPNqvTQ1e7/SeHRdVOxlNxJgYeTOzGzjQCrk03Hj96/JlJuvkfCwF1HXqaGKXoM5UUkDqEilGg6+WBmX3gyNzJNPrFV54bTaapHSBRL00alhj4wYPbJ0/uXt27atBc2Fz3jh/uPz4ti5e+8a1ePwuuWq5Wt+7cf/fx6yeH+3k2IkCd2Lpt6qbp5VnTNr5p5idHgJQmqdWMOiirp6PtUT9dG/erIt+4tFceHTx3YSzJ9uP9h/NebxmrZ0dmaOh0nNio0a0u93HntRtJfXJtY3sr6z3EWe8LCZa+KfyHt4rlvAreuDZoUG15Am0oyhmqMym4gyBC4vMDAYgIRG3VEJmnemY3kiYiFgiRn0p9T4FM37z58T/5v/5xqlXe06jw5oPZ/btP/vVvvfbCC1/Z2thLlTqZH9y88+kHH75dR/1//O53MwtXdkfIoRUDISmXZagdohqMR9oYquuTo0MEdNXcqkLZ3DVlng6SZIC2vnFjL+uVQ52NN9cPx4Pa5OvSU4mtNH0y941CFxZtM1kwDnOVpskA++zx8dECB9uT9TpJar9ZJmVPq507DxYA6HybZhbDyc/9SYxN8vrrQZFm4PMJEnGUGAMACghHCGXTjYXhXCxWSsUYY4wM1I3nz0bR5xNT/entJ01V9dOYj9I6xGkanvnayy8990KSDpumOTg9evvDj+88vJvrOpGwPHgcMgMbGxw8y7Ct+hKhbktKTJxLlqRtWfroQMHawH/51csPD/zyeD4e6DLYPJOtzbyGqokmVThJtWR5mw6Gvfz28aOby9l4TI/aYpBOjkqOmUwxbk/HTPaZnbWIJ65foERYUDDTBwdzzHJKklhWVVW2df2H/3I1Hm8HaknFbibeGQg0GGtiYAFxzhPpGCNhRCSttZwd2YFOzeoOohB2J5OwG0xpHOQjk46zfuurk6P7X3/1G+PRRGParlb3H93/+O6j24+O68CtpgTgp3/qG20r89XB2vaVwOTLeZBWKewOmMS42tvoz07aQPLSF3ZefGHdZKrd3BScHpS6F04vbV24X1XlKUHqR4M4w+ph7f388Ek5h0RRkHxjb+/Scw8/uRd0nHueQkh6BtRC0yngkxEcflBOmmLBsqnSY9SitQxT6xvAub07O8UEEmMjAxISEjPE6EUQjQKOYLQPrBQp1cmy4nygjk+DIFJ3MkcrEqROV7XG6L/1N/+jzemuifKdf/a71dEhM9defL384KMP7
06-20 08:44:52.663 25757 25798 I System.out: 08:44:52 AM RCV  (1095117584): LUP3vj+6eFhlmRAZJIUlZAAEWhjvIsGCYVc7VuKEAV81BCNVAZZovKuVSDMwWg1zHsns+McskFvszfMdvXwaBmWLTiWwKFvzXSQbe4M66LIOJ30R7ujfj5MjUWN9ssvfeF0yYmG4Nu2DcyslCFCo8jEha6Ox317egInfWqK8uvfvN62u6PhFx8/fHLn4cevf/B7XC50Ori+c832aKzS42VcrRZVUzU++NYJmyANO1XHFbcUpQVCvXfl6p2T1d6zF2/ePK5np9HXPJoum0TBqmlPq8o3dbh248qP/+g71ape29xBhUqBMSyEwiJATdV67zGCUSaAAEaIIXAcW2PFM6vgKcbWWhOCI4HL62vX93aLtmXQqe4PNwdWNRtsly4G5/rWZmLpWE164/WtLOtlWZZYo4cKEoXP7Ox8VM9Mis5XgWPdeJskiSYXo9Lklo+K6TqXs0/efuve3dsn9a2ra/r//K3/28s2DvvGjCc5KMxdbIxkJ6vHd2/fKoqKtExGPTuxiQFFOYtoO1AESaJd2+g035xwr675z//KL/3vi+XsyK6aqK1hX5v+1np/Y2dr+0ff+2fHD2/tXH1elDYalAZjyDHXdWt06ppYrJbDtIdaEUpAAtYc4mQ6AAndu3IcmGMUZg5eG90zetLLIytq1GAwwGG5vrHB2PetT4xJlCad3qvbKsREaZVlQ5NskFiWYqofP1imvcHJPIC4pq54kLHoKGisOT3ZH4yf+8PvvVk8eGuSFz4dmBuvefNt5GQwGG5upX/5Vwbvvv7k3qP18vTkzt3bv/8v/0WS9Psp/sxPPrM+7fezhJ1jIGWh388QGFFr3/B6PpQcrE7+vX//1/7H/+k3y+NqqCmZpP3h9Ohk+cE7Pzh4eKdnE6W6c6CdrB3b2kfnDWgJrl7NUxCVSZrnvvVp0jMAG8MhASgkAmLhtnUh+BBcDzPTOg0KjPJE3iaIfdu3m5MNCSBRRKRWSkV/ZWPt8mCwrpMEUYFvm2rcj89d2/7k3mE+WF81oWyDZ46ukaistcyrVO6eOv70YPXlqVSlPTk6vD52Ri2SfpqNcZQ0Oxt0/169LI6i1KggRN+2cnRwkqVoSDVVIYjjZBp8sIpCCOq/+K//yxiCNcYoGA3S0cbehzcfVE3l29XpbPbg7ocnjz7yrkyH0+FoDCBaq8jeKPRNaKqmqVZVMWuqAjUNphMPwSrNLAOrLk7HKKi16V7yYuZVURR1mVjrm1anvZgk67vjyXoWORqyJkmyft5GrkJog7+Qj15cW9vqmzTPtEJSohRCCMXKPVnWw42ddDg9PDkVkBijVsZYvSwLlY6OKnd6+uijd5+ctnB5D75y/bKRYynvjka777/n3v+A94/S3auvLmfLjz/8BEAUwet/9PbjxzPnBcmYNDNaEYJSpIxS/8l//p8pUr7xiTURKelle5f33nn73dnx8uTJo3pxUJeVIAxGI5v2EdHaBJgTlOh9VbngY7WaAUMyGA3X1oHFmqSumo08W8szBtCKWCIi+shV284XC6MJe9n0hVdipqdTtb450hpdBI/oAi9YnCgj+sp0ME41oCJtJFHdCybi+f7MFZM17pG3yWhjuigD65y0MsZUZRMBKg6zJ8eOW5X2XFBXX/lKXS4urKVmtOXVdGP9ovdqsnFdQuXa46r2AHJ6clIXbjVfAUPeS9NENIlRXpNX//Hf/jupMU3VDPLU+ZBavTbqPXPtwne++8bpyWNuCle2Nkny0RqlKaASFojRAnMMbds2RRVaDwQbu7u9Xh69j6xiaHfWhhYZULrj96gIUKJ3y2WBKh1evXHlJ38qoSa3sZfb0SRnEJOmwRq2apqmV9YGk35CCoUAEUgTEqDASRlvBYrjvHGNzvu9jam3w2e/+nP9jT2yeVG6VVFv7uwezY9mp/sqyVbLWvft1csDOZl5NdBpHhkP53G6cfnZZzb+3X/nF2/evH26LGezRWwDCbZNu1zOo0jaSxILIq1u65hYUUQiopAIMEnUay9d/9Vf/aX/7r/9NLKYRCdZrk1mtAYUZsh6OUSHxEqRSVXwShTaxMYYUbBpmzyxedIT9izCjDFKQiQCYtJ09xqub9z42tcMelSQp1qis/nIoCKikTaKZEMlKQkpIxJJkZBCbQTRSbxZFCudK2wBg7KBNS/cymUZ9QbQn1y7cH15fFoV8/Hl+dH+MYBo5GJ5cvcJPbntC7l348bFi9vjyK6ufFMjAYxHab+fvvbVLy6OZ/tPjk4WKxf58GT1wQcPdnfX1taGelW0PsJglMbIrfPWJsygkH/pF3/yn/zjP/j+v7o/zDNlM1L67Dg5gU5tuWwCk+dYVsumrfvDCYs454gF2E0H64kyJMgSYxTArIYM+vlgbzrc2U2vrCVrbMu2JaVTbNpVdzjUsbdGJyAColSCOgEIaDUow5ErT+/ce3Q3cAODgW7YAGQ0L2alLwQCJWmbJjVbuDJeU/Tac9eHG9t33nqdT+6OgbZ6w1v1chX8b/0/313Le9ZOLlwjIFE2e/HFl+4dFFtr470LO9eedQcHh0eHCyBbN/TkIBal1651kRmVDIZJpoiQjUIlmKb6r/61f+tHP/i2SpUxiTJIipBM4CbEelWtytmyWc2jj1k2IKW71ysji9J6nPU1YFQaxPqkn27tDbcvkFlzGnGH1i+PYPWkaiKNN5/wQRY8QRjk2cHMNxKYxZhUD1PRCaoIKgOOT4ryzXsPZ2Wdjzd4McrZB2ha5qOjZdtwXbWZMsMMmroOOiuC9CbTn/7VX33t3/yl7/+D/2GcfajDfiUJRO+DOlpptK6J1Yc3j/7g2/9qsVzVDd++9X5dN6lRO5t2faJUb803/uDRo3LV0z9+8wcvvvTydD13PvTzNHZvIyNwlLYurDXd+JHOcjBK8McHp6enc2w9kNZZmvXzspgLCBIFiUmSVK7NxyMYDPtrO5PdZ2OvHxX5xkQoNrcg5UUmPTcwp1Tm6XZ1Ut2ZL3oDpdFy6yNHIA5tBAEQaqr209PZO0/mNUhuTPCTViWYjBwfFHXhOa7Kpm5cHau8nyWoArcmyyJhUbn+cPClf+MvLh788I47Glyd3X7nwyQfvfjiKzc/vRs5Llf+rY8PIDqIYbUo6iaE1uX90dpIh1htbu9onRwdnerg2tSmvpWkp6vGueh7SVKtyt/43/7Br//6b0oE7PWMMUTUtm2xqtumEpbUWOdZ6yTLB01ZdC9poyLbS1lptzOafPWVbLSdpGOGhGtiB4Gbwag1rhn0ksbaMrUoDaOoC88+YN8rZE0bzYSuTpKknSc6Tw/Lw9sHxwvEOoRUAmJ60vRUXj2pj7whJNV6JyRKoYfkqMLMGNauYUeA+WCwig1Mx+Xp2miydn0nW7/x0oc/+L5uVtvjoZC+8cy1l77wwvtvv/X4we0
06-20 08:44:52.917 25757 25798 I System.out: 08:44:52 AM RCV  (1095117584): DaE9OZzXrT++fFGv9Ye4X8/nmzjMvf/k1XbSwf7yi1CrbS5VF13739//p7/zO7/7h62/5qs6yHJFsmjGLRDDa6LTXFHXpnOnlaa/vmya0dZKlW4Okl9iCZe/VVy986Rnvs2ywbjgpGxYhZpekbd5z7F3rFPb7BnEgSnEo0DSU+6ZqHN4vgubeJ0uzmivI9rG3chFVdEYFq5TXo+BloBatXzUuelCDtcn9+w9irMH2wdhSWoAAKgWhwi2N4RY4JnkjgdLe5Lnn/uzzL374B79/8uO3CSL7hmM16Km1YQ99v8+hqqKHbHVazo9nKkkPTurR6Il+ePH57bTHjx7MXj96/ODmg5sfumrJrQffaKVRpzbrCQDHqJWpqiAtZHrc65laGhfaJrik30OuX1g3rz575TAfN5efqdAO7BgcOlExWB8ao5thHpQ4QV030ixmNskqbHuJ9DX4xunoixbKxkSfKrcFwrmptawSwCgoolW23vhEqaO6ntc+1oHRoJASjK6pkzRSqAHdeMxlbDhmtUfW6EGRtcIhWV/TaT+Aef6X/9y901PSmauq8vR+cXRanJ6ExnuQNAdVFXlfZkvdtjRfrk5Oaj1P0+1Lk8vS+81/9cM77/5Qi/fe3Xn0eFkUlI1RKWuTuq45RmCJMWT91JBpvecoPjBpEyW2lWvKZQtBb286awzkg6TXNjq0OgpErPp5S7gaDXolh6oNGLB2ZTLoN2i4qlKbcyi18lYLkSEg0EUUJxEwijFZmvarBkKotG7Lqm5aZEbFYo21qZovT3ZHmykp0cSNSXpJiaEBrovYS4ygYZPobKB0AqDUsHflG99UR9UAjyF9cvkL41W7e+vu48Vx3ZauEB2DGSdSk+pNposm6p+6ujZJ1UBlRbk6LYrlcn5wcnI8XzLZ9eEEFbF33btOUTgSt+Cb4ECAkRkisHdliRzn3izStSrNBXFtoBOpnFsLEIM402uiXkaNLgaQiISBnQAtnc/S1KJdLmpAlBAgtNs5iK+czkoAzAYGWXxbV40WsiBt2darkJossgeBJEmnG5Pj2f6la18gZSKppQpBB7Fcc9SKKMQ06YfWAWIvSZvFEofD7S9cl3duFSd0/fKV7fXEuXjjxubhwerguHjrvbv3H68KMC4w1uWXXviivj5MrMg//+ff/f73f3g0e7xaLtrWAZPp9XQ/d7Ur6yZNEqOMwYSJ29BKRE3a+zK0bXSNFrBJ//aieml9w0sQF7VkdW2qSgJHUSWapWMHQUMTWCIqYhYnITaFY++YQaWoNFEfsXEcR+PtsDKIjefSBa859pEIWAiFkP6/Gu5kR5KrCsDwme6NiMzKrKpOVxvaFhjLEiDB4yKxYcsGiedAYlhYbHGZxphWt6khIzLiDmdgUc17/P+HQiLknnJ44Jsf/fjvX9+DWqJwhJkuFVrVjpE5CzvvUmoLrMv5dHNqA8/1vIgeXh3+++/xh29zekutFkJYF/vw/vIwn9L+7tXRk7AQbK3LjvD7t//5zW9/9693961cXPWFatgfbliG3W4MDtPmGAFu6hiE6GVbtm0GAElDToNaS6e7MiYjQB2efzi6Dl1dY6bdTNxcgzhYIAwGkVJaAJK79xaBCD1MORzdVqen+UkrDcdK2NB9YEgMarY15SRBsJTS1K3U8SrngbL4fH7c3eaeEwBkzgBEJlERjQgZwPtl01KFMfpWt2WaeH97Ux8uiDhOqbeWxvj0zWc3p7vWeinruqxla2Wr8vCw/OH3f7y//0fXC39ESCINI6UBA5nQiDALhHm4MLvBcp7Ves6JWIhEzVvYF7/65UrO0qmT6pV7b9oNLwnOzAgaQyaIRoi1Nw9EJIQX+iiBdvcQQgqI6IiFB0jYMqIjToNoLy/JoLp/vBiNTMFdEf14yI+P7/iwrzYmYvGUurOnUB9pSFR67aWUp+eHNIBLibr6dG2ZwqL21lsNU1PXbrX2UmprrRat1Up1uf/m4eu//Zl0I/2Ie4lIIBAjhgKieQACM2FA3VbrPSUZ89jQVQ3dQ9vpdPzkzR3kQNTwvRkFVnelaSXCbWk3xwmRGMMNVD/SOREeHkiBRGatB2YkiD5IOCB7G9JYeq9qbiHBEuFBA6VWGwG5GxIA0PXN8d13333+1RdpMpDklfY+YVCHSpAZsK2Wr7SHLsuyybLNS4rxcHwFT4brhh4aEeQBFmFmvaz1fJ5LLaVV+ctf/wR1c++BwMgY4Bo8kLfWkCUnICTJgQDokjID9tY01BEQHMLD6s9+8WufEDDASCuhbQDs+Jj4Yt6Fo3bLgeOQm5oSAumL3EDx8gY7M3OAAGROgEqut5OsugJIwvCAgCAQgIFHq+tZLLkLwhDkKafL9g4r0Y4MHE0AoEIvZPsOYkNZ+u2XBz3my4f2dF6lRq2PV5HUfd162Vqrq7bWSttKK1tp3TwYQAhc/vntN+/fv3dTQkL0CMs5f/L6tDa3bgCIWSxCRITYtHXtHhEEOeVmDgBq+uXPv+oWow3zufDmiGq40ngB9N7btEtMoKZb9WaoH7+pQAAkRAwAYAAhwpdnIPwqY0J3d0JIbg1wc2BHjp6JiQcwF6QUrI7DmIB1fj4fbq4HDiChjhiYLXEjimQdZUo9+txLK42LadeNYH/Y57UzcUrsqjrqVGvb1VLXus/rupbCUssaYETQ1tXAGPD29vD69ent9+cI6Gr/H3XNTNV6IEpKBhHuCFBqeXV32t9ez82sYr0E1y6DhlSZ+mW7TBPvpiREW/Xq2BzcXyijF38BEQEjKEJNwQwFBSHcakcNoAgCrGoNaMd2mvpaNKArtcNwnYjUfdztPvv804eHD8ef/BTBmFm6sCJZLA26B7hs27KWx+oK6mCqDZ7cb69PNwZDyGW7PD/PJs20CZlZmeeny2WZ5+V/Io6VpsuvJpoAAAAASUVORK5CYII=</BINVAL></PHOTO></vCard></iq>
06-20 08:44:53.901   142   172 I ActivityManager: Start proc com.twitter.android for service com.twitter.android/.client.AppService: pid=25819 uid=10068 gids={3003, 1015}
06-20 08:44:53.921    80    80 D dalvikvm: GC_EXPLICIT freed 38K, 4% free 9031K/9347K, paused 1ms+2ms
06-20 08:44:53.940    80    80 D dalvikvm: GC_EXPLICIT freed <1K, 4% free 9031K/9347K, paused 1ms+2ms
06-20 08:44:53.960    80    80 D dalvikvm: GC_EXPLICIT freed <1K, 4% free 9031K/9347K, paused 1ms+1ms
06-20 08:44:53.979 25819 25819 I dalvikvm: Turning on JNI app bug workarounds for target SDK version 11...
06-20 08:44:53.979   142   919 I ActivityManager: Process com.google.android.apps.maps:FriendService (pid 25741) has died.
06-20 08:44:54.155 25819 25819 I ActivityThread: Pub com.twitter.android.provider.GlobalDatabaseProvider: com.twitter.android.provider.GlobalDatabaseProvider
06-20 08:44:54.163 25819 25819 I ActivityThread: Pub com.twitter.android.provider.TwitterProvider: com.twitter.android.provider.TwitterProvider
06-20 08:44:54.225   142   154 I ActivityManager: Process android.process.acore (pid 25773) has died.
06-20 08:44:54.307 25819 25820 D dalvikvm: GC_CONCURRENT freed 226K, 4% free 9267K/9607K, paused 3ms+2ms
06-20 08:44:54.546 25819 25820 D dalvikvm: GC_CONCURRENT freed 173K, 4% free 9495K/9799K, paused 6ms+1ms
06-20 08:44:54.690 25819 25820 D dalvikvm: GC_CONCURRENT freed 305K, 5% free 9626K/10055K, paused 1ms+2ms
06-20 08:44:54.815 25819 25820 D dalvikvm: GC_CONCURRENT freed 298K, 5% free 9772K/10183K, paused 2ms+2ms
06-20 08:44:54.944 25819 25820 D dalvikvm: GC_CONCURRENT freed 314K, 5% free 9887K/10311K, paused 1ms+2ms
06-20 08:44:55.061 25819 25820 D dalvikvm: GC_CONCURRENT freed 310K, 5% free 10021K/10439K, paused 2ms+2ms
06-20 08:44:55.186 25819 25820 D dalvikvm: GC_CONCURRENT freed 304K, 4% free 10155K/10567K, paused 1ms+2ms
06-20 08:44:55.303 25819 25820 D dalvikvm: GC_CONCURRENT freed 302K, 4% free 10283K/10695K, paused 2ms+2ms
06-20 08:44:55.471 25819 25820 D dalvikvm: GC_CONCURRENT freed 477K, 6% free 10224K/10823K, paused 2ms+2ms
06-20 08:44:55.589 25819 25820 D dalvikvm: GC_CONCURRENT freed 330K, 5% free 10299K/10823K, paused 1ms+3ms
06-20 08:44:55.725 25819 25820 D dalvikvm: GC_CONCURRENT freed 332K, 5% free 10390K/10823K, paused 1ms+2ms
06-20 08:44:55.866 25819 25820 D dalvikvm: GC_CONCURRENT freed 359K, 5% free 10476K/10951K, paused 2ms+2ms
06-20 08:44:55.991 25819 25820 D dalvikvm: GC_CONCURRENT freed 350K, 5% free 10559K/11015K, paused 2ms+2ms
06-20 08:44:56.112 25819 25820 D dalvikvm: GC_CONCURRENT freed 319K, 4% free 10641K/11079K, paused 1ms+3ms
06-20 08:44:56.249 25819 25820 D dalvikvm: GC_CONCURRENT freed 375K, 5% free 10725K/11207K, paused 1ms+2ms
06-20 08:44:56.378 25819 25820 D dalvikvm: GC_CONCURRENT freed 407K, 5% free 10823K/11335K, paused 2ms+2ms
06-20 08:44:56.401   142   921 I ActivityManager: Process com.google.android.apps.maps:LocationFriendService (pid 25664) has died.
06-20 08:44:56.550   142   145 D dalvikvm: GC_CONCURRENT freed 1934K, 25% free 20180K/26823K, paused 3ms+9ms
06-20 08:44:57.850 25819 25820 D dalvikvm: GC_CONCURRENT freed 344K, 4% free 11006K/11463K, paused 2ms+2ms
06-20 08:45:00.421 25819 25820 D dalvikvm: GC_CONCURRENT freed 395K, 5% free 11232K/11719K, paused 2ms+6ms
06-20 08:45:05.342   357   357 D dalvikvm: GC_EXPLICIT freed <1K, 6% free 9102K/9607K, paused 16ms+2ms
06-20 08:45:10.389 18154 18154 D dalvikvm: GC_EXPLICIT freed <1K, 8% free 11662K/12551K, paused 22ms+2ms
06-20 08:45:14.284 23064 23077 I PhoneLab-: Service Running
06-20 08:45:14.397 23064 23077 I PhoneLab-LoggerService: app_38    30294 1     2548   2100  c00f181c 400107b4 S logcat
06-20 08:45:14.397 23064 23077 I PhoneLab-LoggerService: Logcat pid from database 30294
06-20 08:45:14.397 23064 23077 I PhoneLab-LoggerService: Logcat process found 30294
06-20 08:45:14.397 23064 23077 I PhoneLab-LoggerService: Checking Threshold
06-20 08:45:14.397 23064 23077 I PhoneLab-LoggerService: Starting to rename files
06-20 08:45:14.397 23064 23077 I PhoneLab-LoggerService: Files found .. 2
06-20 08:45:15.350 12326 12326 D dalvikvm: GC_EXPLICIT freed 103K, 25% free 11293K/14919K, paused 15ms+3ms
06-20 08:45:17.823 23064 23064 I PhoneLab-Locks: wake lock acquired
06-20 08:45:17.846 23064 23064 I PhoneLab-StatusMonitor: Status Monitoring is started
06-20 08:45:17.952 23064 23066 D dalvikvm: GC_CONCURRENT freed 427K, 14% free 9249K/10631K, paused 2ms+5ms
06-20 08:45:17.995 23064 23064 I PhoneLab-StatusMonitor: Value: 10 - unit: min
06-20 08:45:17.995 23064 23064 I PhoneLab-StatusMonitor: Running interval: 600000
06-20 08:45:18.003 23064 23064 I PhoneLab-StatusMonitor: Rescheduling status monitoring...
06-20 08:45:18.007 23064 23064 I PhoneLab-Locks: wake lock released
06-20 08:45:18.010 23064 23064 I PhoneLab-StatusMonitorLocation: Learning Location
06-20 08:45:18.010 23064 23064 I PhoneLab-Locks: wake lock acquired
06-20 08:45:18.034 23064 23064 I PhoneLab-Locks: wake lock acquired
06-20 08:45:18.034 11148 11180 D androidNetworkLocationListeners: Still have listener com.google.android.location.internal.client.NetworkLocationClient$1@41366898
06-20 08:45:18.038 23064 23064 I PhoneLab-StatusMonitorLocation: Learning Signal Strgth
06-20 08:45:18.038 23064 23064 I PhoneLab-Locks: wake lock acquired
06-20 08:45:18.053 11148 11180 D androidNetworkLocationListeners: Still have listener com.google.android.location.internal.client.NetworkLocationClient$1@41366898
06-20 08:45:18.077 23064 23064 I PhoneLab-StatusMonitorBattery: Battery_level: 96
06-20 08:45:18.077 23064 23064 I PhoneLab-Locks: wake lock released
06-20 08:45:18.077 23064 23064 I PhoneLab-StatusMonitorSignal: Signal_Strength: -86 asu: 14
06-20 08:45:18.077 23064 23064 I PhoneLab-Locks: wake lock released
06-20 08:45:18.198   342   342 D SAN_SERVICE: *******************************************
06-20 08:45:18.198   342   342 D SAN_SERVICE: DM App Phone Service State - 0
06-20 08:45:18.198   342   342 D SAN_SERVICE: *******************************************
06-20 08:45:18.452   342   342 D SAN_SERVICE: *******************************************
06-20 08:45:18.452   342   342 D SAN_SERVICE: DM App Phone Service State - 0
06-20 08:45:18.452   342   342 D SAN_SERVICE: *******************************************
06-20 08:45:19.432 23064 23064 I PhoneLab-StatusMonitorLocation: Location_Latitude: 42.9620481 Longitude: -78.8170688 Accuracy: 60.0
06-20 08:45:19.432 23064 23064 I PhoneLab-Locks: wake lock released
06-20 08:45:19.436 11148 11180 D androidNetworkLocationListeners: Still have listener com.google.android.location.internal.client.NetworkLocationClient$1@41366898
06-20 08:45:19.518 11148 11150 D dalvikvm: GC_CONCURRENT freed 432K, 7% free 10319K/11015K, paused 5ms+4ms
06-20 08:45:19.518   142   330 I ActivityManager: Start proc com.google.android.apps.maps:LocationFriendService for service com.google.android.apps.maps/com.google.googlenav.friend.reporting.LocationReceiverService: pid=25845 uid=10057 gids={3003, 1015}
06-20 08:45:19.635   142   368 D dalvikvm: GC_EXPLICIT freed 231K, 26% free 20092K/26823K, paused 8ms+9ms
06-20 08:45:19.757 25845 25846 D dalvikvm: GC_CONCURRENT freed 151K, 3% free 9385K/9607K, paused 7ms+2ms
06-20 08:45:20.784 25845 25846 D dalvikvm: GC_CONCURRENT freed 184K, 4% free 9618K/9927K, paused 1ms+2ms
06-20 08:45:23.503 25757 25799 I System.out: 08:45:23 AM SENT (1095117584): <iq id="ping" type="get"><ping xmlns="urn:xmpp:ping"/></iq>
06-20 08:45:23.842 25757 25798 I System.out: 08:45:23 AM RCV  (1095117584): <iq to='lokeshmandvekar@jabber.org/android9e7FLMWG' type='result' id='ping'/>
06-20 08:45:25.042   342   342 D SAN_SERVICE: *******************************************
06-20 08:45:25.042   342   342 D SAN_SERVICE: DM App Phone Service State - 0
06-20 08:45:25.042   342   342 D SAN_SERVICE: *******************************************
06-20 08:45:30.241   142   158 D dalvikvm: GC_EXPLICIT freed 83K, 26% free 20083K/26823K, paused 26ms+9ms
06-20 08:45:31.467 25720 25722 D dalvikvm: GC_CONCURRENT freed 486K, 6% free 10191K/10759K, paused 2ms+14ms
06-20 08:45:32.089 25845 25846 D dalvikvm: GC_CONCURRENT freed 225K, 3% free 9879K/10183K, paused 7ms+4ms
06-20 08:45:33.585   342   342 D SAN_SERVICE: *******************************************
06-20 08:45:33.585   342   342 D SAN_SERVICE: DM App Phone Service State - 0
06-20 08:45:33.585   342   342 D SAN_SERVICE: *******************************************
06-20 08:45:38.698   213   213 D dalvikvm: GC_EXPLICIT freed 22K, 58% free 9975K/23687K, paused 15ms+4ms
06-20 08:45:43.729   342   342 D dalvikvm: GC_EXPLICIT freed 299K, 19% free 12346K/15175K, paused 30ms+3ms
06-20 08:45:48.663   428   428 D dalvikvm: GC_EXPLICIT freed <1K, 4% free 9038K/9347K, paused 14ms+2ms
06-20 08:45:48.925   342   342 D SAN_SERVICE: *******************************************
06-20 08:45:48.925   342   342 D SAN_SERVICE: DM App Phone Service State - 0
06-20 08:45:48.925   342   342 D SAN_SERVICE: *******************************************
06-20 08:45:49.663   342   342 D SAN_SERVICE: *******************************************
06-20 08:45:49.663   342   342 D SAN_SERVICE: DM App Phone Service State - 0
06-20 08:45:49.663   342   342 D SAN_SERVICE: *******************************************
06-20 08:45:54.546 25757 25799 I System.out: 08:45:54 AM SENT (1095117584): <iq id="ping" type="get"><ping xmlns="urn:xmpp:ping"/></iq>
06-20 08:45:54.745 12011 12011 D dalvikvm: GC_EXPLICIT freed 250K, 7% free 9653K/10311K, paused 14ms+3ms
06-20 08:45:54.870 25757 25798 I System.out: 08:45:54 AM RCV  (1095117584): <iq to='lokeshmandvekar@jabber.org/android9e7FLMWG' type='result' id='ping'/>
06-20 08:45:59.757 30115 30115 D dalvikvm: GC_EXPLICIT freed 11K, 17% free 11200K/13447K, paused 16ms+4ms
06-20 08:46:05.327 23048 23048 D dalvikvm: GC_EXPLICIT freed 2K, 4% free 9056K/9347K, paused 18ms+2ms
06-20 08:46:10.358 23408 23408 D dalvikvm: GC_EXPLICIT freed 1K, 13% free 11715K/13319K, paused 17ms+2ms
06-20 08:46:14.538   342   342 D SAN_SERVICE: *******************************************
06-20 08:46:14.538   342   342 D SAN_SERVICE: DM App Phone Service State - 0
06-20 08:46:14.538   342   342 D SAN_SERVICE: *******************************************
06-20 08:46:14.768   342   342 D SAN_SERVICE: *******************************************
06-20 08:46:14.768   342   342 D SAN_SERVICE: DM App Phone Service State - 0
06-20 08:46:14.768   342   342 D SAN_SERVICE: *******************************************
06-20 08:46:15.272   342   342 D SAN_SERVICE: *******************************************
06-20 08:46:15.276   342   342 D SAN_SERVICE: DM App Phone Service State - 0
06-20 08:46:15.276   342   342 D SAN_SERVICE: *******************************************
06-20 08:46:20.339 23064 23064 D dalvikvm: GC_EXPLICIT freed 212K, 14% free 9169K/10631K, paused 15ms+3ms
06-20 08:46:24.733   342   342 D SAN_SERVICE: *******************************************
06-20 08:46:24.733   342   342 D SAN_SERVICE: DM App Phone Service State - 0
06-20 08:46:24.733   342   342 D SAN_SERVICE: *******************************************
06-20 08:46:25.018   342   342 D SAN_SERVICE: *******************************************
06-20 08:46:25.018   342   342 D SAN_SERVICE: DM App Phone Service State - 0
06-20 08:46:25.018   342   342 D SAN_SERVICE: *******************************************
06-20 08:46:25.569 25757 25799 I System.out: 08:46:25 AM SENT (1095117584): <iq id="ping" type="get"><ping xmlns="urn:xmpp:ping"/></iq>
06-20 08:46:25.768   342   342 D SAN_SERVICE: *******************************************
06-20 08:46:25.768   342   342 D SAN_SERVICE: DM App Phone Service State - 0
06-20 08:46:25.768   342   342 D SAN_SERVICE: *******************************************
06-20 08:46:25.905 25757 25798 I System.out: 08:46:25 AM RCV  (1095117584): <iq to='lokeshmandvekar@jabber.org/android9e7FLMWG' type='result' id='ping'/>
06-20 08:46:30.842 23550 23550 D dalvikvm: GC_EXPLICIT freed 148K, 7% free 9915K/10567K, paused 17ms+3ms
06-20 08:46:32.729 25845 25851 I dalvikvm: Total arena pages for JIT: 11
06-20 08:46:32.733 25845 25851 I dalvikvm: Total arena pages for JIT: 12
06-20 08:46:32.733 25845 25851 I dalvikvm: Total arena pages for JIT: 13
06-20 08:46:32.733 25845 25851 I dalvikvm: Total arena pages for JIT: 14
06-20 08:46:32.733 25845 25851 I dalvikvm: Total arena pages for JIT: 15
06-20 08:46:32.733 25845 25851 I dalvikvm: Total arena pages for JIT: 16
06-20 08:46:32.733 25845 25851 I dalvikvm: Total arena pages for JIT: 17
06-20 08:46:32.811 25845 25846 D dalvikvm: GC_CONCURRENT freed 435K, 6% free 9952K/10503K, paused 9ms+3ms
06-20 08:46:34.979   342   342 D SAN_SERVICE: *******************************************
06-20 08:46:34.979   342   342 D SAN_SERVICE: DM App Phone Service State - 0
06-20 08:46:34.979   342   342 D SAN_SERVICE: *******************************************
06-20 08:46:40.069 24727 24727 D dalvikvm: GC_EXPLICIT freed 8K, 6% free 9686K/10247K, paused 15ms+3ms
06-20 08:46:45.112 11148 11148 D dalvikvm: GC_EXPLICIT freed 308K, 7% free 10285K/11015K, paused 17ms+3ms
06-20 08:46:45.198   342   342 D SAN_SERVICE: *******************************************
06-20 08:46:45.198   342   342 D SAN_SERVICE: DM App Phone Service State - 0
06-20 08:46:45.198   342   342 D SAN_SERVICE: *******************************************
06-20 08:46:45.491   342   342 D SAN_SERVICE: *******************************************
06-20 08:46:45.491   342   342 D SAN_SERVICE: DM App Phone Service State - 0
06-20 08:46:45.491   342   342 D SAN_SERVICE: *******************************************
06-20 08:46:46.108 25757 25797 I System.out: 08:46:46 AM SENT (1095117584): <presence id="QM3P3-5"><status></status><priority>0</priority><show>away</show><c xmlns='http://jabber.org/protocol/caps' hash='sha-1' node='http://www.igniterealtime.org/projects/smack/' ver='lEHWL/kB85mFknKkCncs7jfI5CY='/></presence>
06-20 08:46:46.190 25757 25759 D dalvikvm: GC_CONCURRENT freed 452K, 6% free 10430K/11079K, paused 7ms+3ms
06-20 08:46:46.202   342   342 D SAN_SERVICE: *******************************************
06-20 08:46:46.202   342   342 D SAN_SERVICE: DM App Phone Service State - 0
06-20 08:46:46.202   342   342 D SAN_SERVICE: *******************************************
06-20 08:46:46.382 25757 25798 I System.out: 08:46:46 AM RCV  (1095117584): <presence from='lokeshmandvekar@jabber.org/android9e7FLMWG' to='lokeshmandvekar@jabber.org/android9e7FLMWG' id='QM3P3-5'><status></status><priority>0</priority><show>away</show><c xmlns='http://jabber.org/protocol/caps' hash='sha-1' node='http://www.igniterealtime.org/projects/smack/' ver='lEHWL/kB85mFknKkCncs7jfI5CY='/></presence>
06-20 08:46:51.425 25391 25391 D dalvikvm: GC_EXPLICIT freed 688K, 7% free 11295K/12103K, paused 29ms+3ms
06-20 08:47:05.717   342   342 D SAN_SERVICE: *******************************************
06-20 08:47:05.717   342   342 D SAN_SERVICE: DM App Phone Service State - 0
06-20 08:47:05.717   342   342 D SAN_SERVICE: *******************************************
06-20 08:47:05.967   342   342 D SAN_SERVICE: *******************************************
06-20 08:47:05.967   342   342 D SAN_SERVICE: DM App Phone Service State - 0
06-20 08:47:05.967   342   342 D SAN_SERVICE: *******************************************
06-20 08:47:06.214   342   342 D SAN_SERVICE: *******************************************
06-20 08:47:06.214   342   342 D SAN_SERVICE: DM App Phone Service State - 0
06-20 08:47:06.214   342   342 D SAN_SERVICE: *******************************************
06-20 08:47:14.264 23064 23077 I PhoneLab-: Service Running
06-20 08:47:14.370 23064 23077 I PhoneLab-LoggerService: app_38    30294 1     2548   2100  c00f181c 400107b4 S logcat
06-20 08:47:14.370 23064 23077 I PhoneLab-LoggerService: Logcat pid from database 30294
06-20 08:47:14.370 23064 23077 I PhoneLab-LoggerService: Logcat process found 30294
06-20 08:47:14.370 23064 23077 I PhoneLab-LoggerService: Checking Threshold
06-20 08:47:14.370 23064 23077 I PhoneLab-LoggerService: Starting to rename files
06-20 08:47:14.370 23064 23077 I PhoneLab-LoggerService: Files found .. 2
06-20 08:47:15.932   342   342 D SAN_SERVICE: *******************************************
06-20 08:47:15.932   342   342 D SAN_SERVICE: DM App Phone Service State - 0
06-20 08:47:15.932   342   342 D SAN_SERVICE: *******************************************
06-20 08:47:16.057   142   197 D DhcpInfoInternal: makeLinkProperties with empty dns2!
06-20 08:47:16.061   142   197 D DhcpInfoInternal: makeLinkProperties with empty dns2!
06-20 08:47:16.612 25757 25799 I System.out: 08:47:16 AM SENT (1095117584): <iq id="ping" type="get"><ping xmlns="urn:xmpp:ping"/></iq>
06-20 08:47:16.897 25757 25798 I System.out: 08:47:16 AM RCV  (1095117584): <iq to='lokeshmandvekar@jabber.org/android9e7FLMWG' type='result' id='ping'/>
06-20 08:47:32.819 25720 25722 D dalvikvm: GC_CONCURRENT freed 503K, 6% free 10193K/10823K, paused 1ms+6ms
06-20 08:47:32.835 25845 25851 I dalvikvm: Total arena pages for JIT: 18
06-20 08:47:41.596   342   342 D SAN_SERVICE: *******************************************
06-20 08:47:41.596   342   342 D SAN_SERVICE: DM App Phone Service State - 0
06-20 08:47:41.596   342   342 D SAN_SERVICE: *******************************************
06-20 08:47:41.827   342   342 D SAN_SERVICE: *******************************************
06-20 08:47:41.827   342   342 D SAN_SERVICE: DM App Phone Service State - 0
06-20 08:47:41.827   342   342 D SAN_SERVICE: *******************************************
06-20 08:47:42.573   342   342 D SAN_SERVICE: *******************************************
06-20 08:47:42.573   342   342 D SAN_SERVICE: DM App Phone Service State - 0
06-20 08:47:42.573   342   342 D SAN_SERVICE: *******************************************
06-20 08:47:47.647 25757 25799 I System.out: 08:47:47 AM SENT (1095117584): <iq id="ping" type="get"><ping xmlns="urn:xmpp:ping"/></iq>
06-20 08:47:47.925 25757 25798 I System.out: 08:47:47 AM RCV  (1095117584): <iq to='lokeshmandvekar@jabber.org/android9e7FLMWG' type='result' id='ping'/>
06-20 08:47:51.839   342   342 D SAN_SERVICE: *******************************************
06-20 08:47:51.839   342   342 D SAN_SERVICE: DM App Phone Service State - 0
06-20 08:47:51.839   342   342 D SAN_SERVICE: *******************************************
06-20 08:47:52.065   342   342 D SAN_SERVICE: *******************************************
06-20 08:47:52.065   342   342 D SAN_SERVICE: DM App Phone Service State - 0
06-20 08:47:52.065   342   342 D SAN_SERVICE: *******************************************
06-20 08:47:52.815   342   342 D SAN_SERVICE: *******************************************
06-20 08:47:52.815   342   342 D SAN_SERVICE: DM App Phone Service State - 0
06-20 08:47:52.815   342   342 D SAN_SERVICE: *******************************************
06-20 08:48:08.858   342   342 D SAN_SERVICE: *******************************************
06-20 08:48:08.858   342   342 D SAN_SERVICE: DM App Phone Service State - 0
06-20 08:48:08.858   342   342 D SAN_SERVICE: *******************************************
06-20 08:48:09.374   342   342 D SAN_SERVICE: *******************************************
06-20 08:48:09.374   342   342 D SAN_SERVICE: DM App Phone Service State - 0
06-20 08:48:09.374   342   342 D SAN_SERVICE: *******************************************
06-20 08:48:18.741 25757 25799 I System.out: 08:48:18 AM SENT (1095117584): <iq id="ping" type="get"><ping xmlns="urn:xmpp:ping"/></iq>
06-20 08:48:19.671 25757 25798 I System.out: 08:48:19 AM RCV  (1095117584): <iq to='lokeshmandvekar@jabber.org/android9e7FLMWG' type='result' id='ping'/>
06-20 08:48:22.483   342   342 D SAN_SERVICE: *******************************************
06-20 08:48:22.483   342   342 D SAN_SERVICE: DM App Phone Service State - 0
06-20 08:48:22.483   342   342 D SAN_SERVICE: *******************************************
06-20 08:48:22.800   342   342 D SAN_SERVICE: *******************************************
06-20 08:48:22.800   342   342 D SAN_SERVICE: DM App Phone Service State - 0
06-20 08:48:22.800   342   342 D SAN_SERVICE: *******************************************
06-20 08:48:23.296   342   342 D SAN_SERVICE: *******************************************
06-20 08:48:23.296   342   342 D SAN_SERVICE: DM App Phone Service State - 0
06-20 08:48:23.296   342   342 D SAN_SERVICE: *******************************************
06-20 08:48:32.925 25845 25846 D dalvikvm: GC_CONCURRENT freed 489K, 6% free 9971K/10567K, paused 2ms+2ms
06-20 08:48:49.839 25757 25799 I System.out: 08:48:49 AM SENT (1095117584): <iq id="ping" type="get"><ping xmlns="urn:xmpp:ping"/></iq>
06-20 08:48:50.089 25757 25798 I System.out: 08:48:50 AM RCV  (1095117584): <iq to='lokeshmandvekar@jabber.org/android9e7FLMWG' type='result' id='ping'/>
06-20 08:49:08.589   342   342 D SAN_SERVICE: *******************************************
06-20 08:49:08.589   342   342 D SAN_SERVICE: DM App Phone Service State - 0
06-20 08:49:08.589   342   342 D SAN_SERVICE: *******************************************
06-20 08:49:08.874   342   342 D SAN_SERVICE: *******************************************
06-20 08:49:08.874   342   342 D SAN_SERVICE: DM App Phone Service State - 0
06-20 08:49:08.874   342   342 D SAN_SERVICE: *******************************************
06-20 08:49:09.620   342   342 D SAN_SERVICE: *******************************************
06-20 08:49:09.620   342   342 D SAN_SERVICE: DM App Phone Service State - 0
06-20 08:49:09.620   342   342 D SAN_SERVICE: *******************************************
06-20 08:49:14.264 23064 23077 I PhoneLab-: Service Running
06-20 08:49:14.354 23064 23077 I PhoneLab-LoggerService: app_38    30294 1     2548   2100  c00f181c 400107b4 S logcat
06-20 08:49:14.358 23064 23077 I PhoneLab-LoggerService: Logcat pid from database 30294
06-20 08:49:14.358 23064 23077 I PhoneLab-LoggerService: Logcat process found 30294
06-20 08:49:14.358 23064 23077 I PhoneLab-LoggerService: Checking Threshold
06-20 08:49:14.358 23064 23077 I PhoneLab-LoggerService: Starting to rename files
06-20 08:49:14.358 23064 23077 I PhoneLab-LoggerService: Files found .. 2
06-20 08:49:18.839   342   342 D SAN_SERVICE: *******************************************
06-20 08:49:18.839   342   342 D SAN_SERVICE: DM App Phone Service State - 0
06-20 08:49:18.839   342   342 D SAN_SERVICE: *******************************************
06-20 08:49:20.940 25757 25799 I System.out: 08:49:20 AM SENT (1095117584): <iq id="ping" type="get"><ping xmlns="urn:xmpp:ping"/></iq>
06-20 08:49:21.217 25757 25798 I System.out: 08:49:21 AM RCV  (1095117584): <iq to='lokeshmandvekar@jabber.org/android9e7FLMWG' type='result' id='ping'/>
06-20 08:49:30.803   342   342 D SAN_SERVICE: *******************************************
06-20 08:49:30.803   342   342 D SAN_SERVICE: DM App Phone Service State - 0
06-20 08:49:30.803   342   342 D SAN_SERVICE: *******************************************
06-20 08:49:31.534   342   342 D SAN_SERVICE: *******************************************
06-20 08:49:31.534   342   342 D SAN_SERVICE: DM App Phone Service State - 0
06-20 08:49:31.534   342   342 D SAN_SERVICE: *******************************************
06-20 08:49:32.885 25720 25722 D dalvikvm: GC_CONCURRENT freed 502K, 6% free 10200K/10823K, paused 2ms+2ms
06-20 08:49:40.960   142   197 D DhcpInfoInternal: makeLinkProperties with empty dns2!
06-20 08:49:40.971   142   197 D DhcpInfoInternal: makeLinkProperties with empty dns2!
06-20 08:49:44.467   342   342 D SAN_SERVICE: *******************************************
06-20 08:49:44.467   342   342 D SAN_SERVICE: DM App Phone Service State - 0
06-20 08:49:44.467   342   342 D SAN_SERVICE: *******************************************
06-20 08:49:45.175   342   342 D SAN_SERVICE: *******************************************
06-20 08:49:45.175   342   342 D SAN_SERVICE: DM App Phone Service State - 0
06-20 08:49:45.175   342   342 D SAN_SERVICE: *******************************************
06-20 08:49:52.057 25757 25799 I System.out: 08:49:52 AM SENT (1095117584): <iq id="ping" type="get"><ping xmlns="urn:xmpp:ping"/></iq>
06-20 08:49:52.342 25757 25798 I System.out: 08:49:52 AM RCV  (1095117584): <iq to='lokeshmandvekar@jabber.org/android9e7FLMWG' type='result' id='ping'/>
06-20 08:49:54.710   342   342 D SAN_SERVICE: *******************************************
06-20 08:49:54.710   342   342 D SAN_SERVICE: DM App Phone Service State - 0
06-20 08:49:54.710   342   342 D SAN_SERVICE: *******************************************
06-20 08:49:54.925   342   342 D SAN_SERVICE: *******************************************
06-20 08:49:54.925   342   342 D SAN_SERVICE: DM App Phone Service State - 0
06-20 08:49:54.925   342   342 D SAN_SERVICE: *******************************************
06-20 08:49:55.675   342   342 D SAN_SERVICE: *******************************************
06-20 08:49:55.675   342   342 D SAN_SERVICE: DM App Phone Service State - 0
06-20 08:49:55.675   342   342 D SAN_SERVICE: *******************************************
06-20 08:50:01.592 25819 25820 D dalvikvm: GC_CONCURRENT freed 549K, 6% free 11309K/11975K, paused 8ms+3ms
06-20 08:50:02.546   142   159 I ActivityManager: Start proc com.spotify.mobile.android.service for service com.spotify.mobile.android.ui/com.spotify.mobile.android.service.SpotifyService: pid=25918 uid=10055 gids={3003, 1015}
06-20 08:50:02.858 25918 25918 D dalvikvm: Trying to load lib /data/data/com.spotify.mobile.android.ui/lib/liborbit-jni-spotify.so 0x4130bd38
06-20 08:50:03.003 25918 25918 D dalvikvm: Added shared lib /data/data/com.spotify.mobile.android.ui/lib/liborbit-jni-spotify.so 0x4130bd38
06-20 08:50:03.999   142   421 I ActivityManager: Process edu.buffalo.cse.phonelab.phonelabservices (pid 23064) has died.
06-20 08:50:03.999   142   421 W ActivityManager: Scheduling restart of crashed service edu.buffalo.cse.phonelab.phonelabservices/edu.buffalo.cse.phonelab.datalogger.LoggerService in 5000ms
06-20 08:50:04.842   342   342 D SAN_SERVICE: *******************************************
06-20 08:50:04.842   342   342 D SAN_SERVICE: DM App Phone Service State - 0
06-20 08:50:04.842   342   342 D SAN_SERVICE: *******************************************
06-20 08:50:07.206 25918 25933 W dalvikvm: dvmFindClassByName rejecting 'com/spotify/mobile/android/core/internal/HttpConnection'
06-20 08:50:07.288   142   602 I ActivityManager: Process com.google.android.apps.maps:LocationFriendService (pid 25845) has died.
06-20 08:50:08.643 25918 25920 D dalvikvm: GC_CONCURRENT freed 267K, 4% free 9269K/9607K, paused 6ms+2ms
06-20 08:50:08.831 25918 25920 D dalvikvm: GC_CONCURRENT freed 367K, 5% free 9318K/9799K, paused 6ms+2ms
06-20 08:50:09.057   142   159 I ActivityManager: Start proc edu.buffalo.cse.phonelab.phonelabservices for service edu.buffalo.cse.phonelab.phonelabservices/edu.buffalo.cse.phonelab.datalogger.LoggerService: pid=25949 uid=10038 gids={3003, 1015, 1007, 2001}
06-20 08:50:09.112 25949 25949 I PhoneLab-LoggerService: Start Logger Service
06-20 08:50:09.155 25949 25962 I PhoneLab-: Service Running
06-20 08:50:09.257 25949 25962 I PhoneLab-LoggerService: app_38    30294 1     2548   2100  c00f181c 400107b4 S logcat
06-20 08:50:09.257 25949 25962 I PhoneLab-LoggerService: Logcat pid from database 30294
06-20 08:50:09.257 25949 25962 I PhoneLab-LoggerService: Logcat process found 30294
06-20 08:50:09.257 25949 25962 I PhoneLab-LoggerService: Checking Threshold
06-20 08:50:09.257 25949 25962 I PhoneLab-LoggerService: Starting to rename files
06-20 08:50:09.257 25949 25962 I PhoneLab-LoggerService: Files found .. 2
06-20 08:50:11.042 25918 25944 D dalvikvm: GC_FOR_ALLOC freed 200K, 5% free 9476K/9927K, paused 19ms
06-20 08:50:11.800 25918 25944 D dalvikvm: GC_FOR_ALLOC freed 133K, 7% free 9433K/10055K, paused 29ms
06-20 08:50:11.800 25918 25944 I dalvikvm-heap: Grow heap (frag case) to 9.461MB for 189748-byte allocation
06-20 08:50:11.819 25918 25944 D dalvikvm: GC_FOR_ALLOC freed 89K, 8% free 9528K/10247K, paused 18ms
06-20 08:50:12.370 25918 25944 D dalvikvm: GC_FOR_ALLOC freed 2K, 8% free 9528K/10247K, paused 41ms
06-20 08:50:12.370 25918 25944 I dalvikvm-heap: Grow heap (frag case) to 9.552MB for 187235-byte allocation
06-20 08:50:12.401 25918 25944 D dalvikvm: GC_FOR_ALLOC freed 193K, 9% free 9518K/10439K, paused 24ms
06-20 08:50:23.182 25757 25799 I System.out: 08:50:23 AM SENT (1095117584): <iq id="ping" type="get"><ping xmlns="urn:xmpp:ping"/></iq>
06-20 08:50:23.479 25757 25798 I System.out: 08:50:23 AM RCV  (1095117584): <iq to='lokeshmandvekar@jabber.org/android9e7FLMWG' type='result' id='ping'/>
06-20 08:50:30.487   342   342 D SAN_SERVICE: *******************************************
06-20 08:50:30.487   342   342 D SAN_SERVICE: DM App Phone Service State - 0
06-20 08:50:30.487   342   342 D SAN_SERVICE: *******************************************
06-20 08:50:31.229   342   342 D SAN_SERVICE: *******************************************
06-20 08:50:31.229   342   342 D SAN_SERVICE: DM App Phone Service State - 0
06-20 08:50:31.229   342   342 D SAN_SERVICE: *******************************************
06-20 08:50:32.901   142   368 I ActivityManager: Start proc com.google.android.apps.maps:LocationFriendService for service com.google.android.apps.maps/com.google.googlenav.friend.reporting.LocationReceiverService: pid=25966 uid=10057 gids={3003, 1015}
06-20 08:50:33.104 25966 25969 D dalvikvm: GC_CONCURRENT freed 161K, 3% free 9375K/9607K, paused 12ms+3ms
06-20 08:50:33.452 25966 25969 D dalvikvm: GC_CONCURRENT freed 154K, 3% free 9665K/9927K, paused 10ms+2ms
06-20 08:50:34.042 25966 25969 D dalvikvm: GC_CONCURRENT freed 236K, 4% free 9876K/10247K, paused 2ms+2ms
06-20 08:50:54.272 25757 25799 I System.out: 08:50:54 AM SENT (1095117584): <iq id="ping" type="get"><ping xmlns="urn:xmpp:ping"/></iq>
06-20 08:50:54.604 25757 25798 I System.out: 08:50:54 AM RCV  (1095117584): <iq to='lokeshmandvekar@jabber.org/android9e7FLMWG' type='result' id='ping'/>
06-20 08:51:16.585   342   342 D SAN_SERVICE: *******************************************
06-20 08:51:16.585   342   342 D SAN_SERVICE: DM App Phone Service State - 0
06-20 08:51:16.585   342   342 D SAN_SERVICE: *******************************************
06-20 08:51:16.870   342   342 D SAN_SERVICE: *******************************************
06-20 08:51:16.870   342   342 D SAN_SERVICE: DM App Phone Service State - 0
06-20 08:51:16.870   342   342 D SAN_SERVICE: *******************************************
06-20 08:51:17.616   342   342 D SAN_SERVICE: *******************************************
06-20 08:51:17.616   342   342 D SAN_SERVICE: DM App Phone Service State - 0
06-20 08:51:17.616   342   342 D SAN_SERVICE: *******************************************
06-20 08:51:25.374 25757 25799 I System.out: 08:51:25 AM SENT (1095117584): <iq id="ping" type="get"><ping xmlns="urn:xmpp:ping"/></iq>
06-20 08:51:25.632 25757 25798 I System.out: 08:51:25 AM RCV  (1095117584): <iq to='lokeshmandvekar@jabber.org/android9e7FLMWG' type='result' id='ping'/>
06-20 08:51:31.983   342   342 D SAN_SERVICE: *******************************************
06-20 08:51:31.983   342   342 D SAN_SERVICE: DM App Phone Service State - 0
06-20 08:51:31.983   342   342 D SAN_SERVICE: *******************************************
06-20 08:51:32.257   342   342 D SAN_SERVICE: *******************************************
06-20 08:51:32.257   342   342 D SAN_SERVICE: DM App Phone Service State - 0
06-20 08:51:32.257   342   342 D SAN_SERVICE: *******************************************
06-20 08:51:32.741   342   342 D SAN_SERVICE: *******************************************
06-20 08:51:32.741   342   342 D SAN_SERVICE: DM App Phone Service State - 0
06-20 08:51:32.741   342   342 D SAN_SERVICE: *******************************************
06-20 08:51:32.995   142   422 I ActivityManager: Process com.android.sprintmenu (pid 23048) has died.
06-20 08:51:32.995   142   422 W ActivityManager: Scheduling restart of crashed service com.android.sprintmenu/.HiddenPhoneService in 5000ms
06-20 08:51:33.057 11148 11164 D dalvikvm: GC_EXPLICIT freed 77K, 7% free 10295K/11015K, paused 3ms+6ms
06-20 08:51:33.069 25966 25973 I dalvikvm: Total arena pages for JIT: 11
06-20 08:51:33.069 25966 25973 I dalvikvm: Total arena pages for JIT: 12
06-20 08:51:33.069 25966 25973 I dalvikvm: Total arena pages for JIT: 13
06-20 08:51:33.069 25966 25973 I dalvikvm: Total arena pages for JIT: 14
06-20 08:51:33.073 25966 25973 I dalvikvm: Total arena pages for JIT: 15
06-20 08:51:33.073 25966 25973 I dalvikvm: Total arena pages for JIT: 16
06-20 08:51:33.073 25966 25973 I dalvikvm: Total arena pages for JIT: 17
06-20 08:51:33.116 25966 25973 I dalvikvm: Total arena pages for JIT: 18
06-20 08:51:33.120 25720 25722 D dalvikvm: GC_CONCURRENT freed 500K, 6% free 10204K/10823K, paused 2ms+7ms
06-20 08:51:33.194 25966 25969 D dalvikvm: GC_CONCURRENT freed 441K, 6% free 9967K/10503K, paused 2ms+2ms
06-20 08:51:38.089   142   159 I ActivityManager: Start proc com.android.sprintmenu for service com.android.sprintmenu/.HiddenPhoneService: pid=25991 uid=1001 gids={3002, 3001, 3003, 1015}
06-20 08:51:52.456   342   342 D SAN_SERVICE: *******************************************
06-20 08:51:52.456   342   342 D SAN_SERVICE: DM App Phone Service State - 0
06-20 08:51:52.456   342   342 D SAN_SERVICE: *******************************************
06-20 08:51:52.710   342   342 D SAN_SERVICE: *******************************************
06-20 08:51:52.710   342   342 D SAN_SERVICE: DM App Phone Service State - 0
06-20 08:51:52.710   342   342 D SAN_SERVICE: *******************************************
06-20 08:51:52.960   342   342 D SAN_SERVICE: *******************************************
06-20 08:51:52.960   342   342 D SAN_SERVICE: DM App Phone Service State - 0
06-20 08:51:52.960   342   342 D SAN_SERVICE: *******************************************
06-20 08:51:56.471 25757 25799 I System.out: 08:51:56 AM SENT (1095117584): <iq id="ping" type="get"><ping xmlns="urn:xmpp:ping"/></iq>
06-20 08:51:56.764 25757 25798 I System.out: 08:51:56 AM RCV  (1095117584): <iq to='lokeshmandvekar@jabber.org/android9e7FLMWG' type='result' id='ping'/>
06-20 08:52:05.874   142   197 D DhcpInfoInternal: makeLinkProperties with empty dns2!
06-20 08:52:05.878   142   197 D DhcpInfoInternal: makeLinkProperties with empty dns2!
06-20 08:52:09.159 25949 25962 I PhoneLab-: Service Running
06-20 08:52:09.260 25949 25962 I PhoneLab-LoggerService: app_38    30294 1     2548   2100  c00f181c 400107b4 S logcat
06-20 08:52:09.264 25949 25962 I PhoneLab-LoggerService: Logcat pid from database 30294
06-20 08:52:09.264 25949 25962 I PhoneLab-LoggerService: Logcat process found 30294
06-20 08:52:09.264 25949 25962 I PhoneLab-LoggerService: Checking Threshold
06-20 08:52:09.264 25949 25962 I PhoneLab-LoggerService: Starting to rename files
06-20 08:52:09.264 25949 25962 I PhoneLab-LoggerService: Files found .. 2
06-20 08:52:14.729   142   602 D dalvikvm: GC_EXPLICIT freed 1627K, 25% free 20226K/26823K, paused 28ms+11ms
06-20 08:52:14.780   342   342 D SAN_SERVICE: *******************************************
06-20 08:52:14.780   342   342 D SAN_SERVICE: DM App Phone Service State - 0
06-20 08:52:14.780   342   342 D SAN_SERVICE: *******************************************
06-20 08:52:14.846   342   342 D SAN_SERVICE: *******************************************
06-20 08:52:14.846   342   342 D SAN_SERVICE: DM App Phone Service State - 0
06-20 08:52:14.846   342   342 D SAN_SERVICE: *******************************************
06-20 08:52:27.561 25757 25799 I System.out: 08:52:27 AM SENT (1095117584): <iq id="ping" type="get"><ping xmlns="urn:xmpp:ping"/></iq>
06-20 08:52:27.893 25757 25798 I System.out: 08:52:27 AM RCV  (1095117584): <iq to='lokeshmandvekar@jabber.org/android9e7FLMWG' type='result' id='ping'/>
06-20 08:52:28.303   342   342 D SAN_SERVICE: *******************************************
06-20 08:52:28.307   342   342 D SAN_SERVICE: DM App Phone Service State - 0
06-20 08:52:28.307   342   342 D SAN_SERVICE: *******************************************
06-20 08:52:28.573   342   342 D SAN_SERVICE: *******************************************
06-20 08:52:28.573   342   342 D SAN_SERVICE: DM App Phone Service State - 0
06-20 08:52:28.573   342   342 D SAN_SERVICE: *******************************************
06-20 08:52:29.077   342   342 D SAN_SERVICE: *******************************************
06-20 08:52:29.077   342   342 D SAN_SERVICE: DM App Phone Service State - 0
06-20 08:52:29.077   342   342 D SAN_SERVICE: *******************************************
06-20 08:52:38.612   342   342 D SAN_SERVICE: *******************************************
06-20 08:52:38.612   342   342 D SAN_SERVICE: DM App Phone Service State - 0
06-20 08:52:38.612   342   342 D SAN_SERVICE: *******************************************
06-20 08:52:38.807   342   342 D SAN_SERVICE: *******************************************
06-20 08:52:38.807   342   342 D SAN_SERVICE: DM App Phone Service State - 0
06-20 08:52:38.807   342   342 D SAN_SERVICE: *******************************************
06-20 08:52:39.553   342   342 D SAN_SERVICE: *******************************************
06-20 08:52:39.553   342   342 D SAN_SERVICE: DM App Phone Service State - 0
06-20 08:52:39.553   342   342 D SAN_SERVICE: *******************************************
06-20 08:52:53.889   342   342 D SAN_SERVICE: *******************************************
06-20 08:52:53.889   342   342 D SAN_SERVICE: DM App Phone Service State - 0
06-20 08:52:53.889   342   342 D SAN_SERVICE: *******************************************
06-20 08:52:54.659   342   342 D SAN_SERVICE: *******************************************
06-20 08:52:54.659   342   342 D SAN_SERVICE: DM App Phone Service State - 0
06-20 08:52:54.659   342   342 D SAN_SERVICE: *******************************************
06-20 08:52:58.651 25757 25799 I System.out: 08:52:58 AM SENT (1095117584): <iq id="ping" type="get"><ping xmlns="urn:xmpp:ping"/></iq>
06-20 08:52:58.921 25757 25798 I System.out: 08:52:58 AM RCV  (1095117584): <iq to='lokeshmandvekar@jabber.org/android9e7FLMWG' type='result' id='ping'/>
06-20 08:53:04.143   342   342 D SAN_SERVICE: *******************************************
06-20 08:53:04.143   342   342 D SAN_SERVICE: DM App Phone Service State - 0
06-20 08:53:04.143   342   342 D SAN_SERVICE: *******************************************
06-20 08:53:04.370   342   342 D SAN_SERVICE: *******************************************
06-20 08:53:04.370   342   342 D SAN_SERVICE: DM App Phone Service State - 0
06-20 08:53:04.370   342   342 D SAN_SERVICE: *******************************************
06-20 08:53:04.421   342   345 D dalvikvm: GC_CONCURRENT freed 979K, 19% free 12349K/15175K, paused 8ms+4ms
06-20 08:53:05.073   342   342 D SAN_SERVICE: *******************************************
06-20 08:53:05.073   342   342 D SAN_SERVICE: DM App Phone Service State - 0
06-20 08:53:05.073   342   342 D SAN_SERVICE: *******************************************
06-20 08:53:29.733 25757 25799 I System.out: 08:53:29 AM SENT (1095117584): <iq id="ping" type="get"><ping xmlns="urn:xmpp:ping"/></iq>
06-20 08:53:30.053 25757 25798 I System.out: 08:53:30 AM RCV  (1095117584): <iq to='lokeshmandvekar@jabber.org/android9e7FLMWG' type='result' id='ping'/>
06-20 08:53:33.206 25720 25722 D dalvikvm: GC_CONCURRENT freed 500K, 6% free 10212K/10823K, paused 1ms+7ms
06-20 08:53:33.311 25966 25969 D dalvikvm: GC_CONCURRENT freed 504K, 6% free 9988K/10567K, paused 8ms+17ms
06-20 08:53:45.116   342   342 D SAN_SERVICE: *******************************************
06-20 08:53:45.116   342   342 D SAN_SERVICE: DM App Phone Service State - 0
06-20 08:53:45.116   342   342 D SAN_SERVICE: *******************************************
06-20 08:53:45.382   342   342 D SAN_SERVICE: *******************************************
06-20 08:53:45.382   342   342 D SAN_SERVICE: DM App Phone Service State - 0
06-20 08:53:45.382   342   342 D SAN_SERVICE: *******************************************
06-20 08:54:00.839 25757 25799 I System.out: 08:54:00 AM SENT (1095117584): <iq id="ping" type="get"><ping xmlns="urn:xmpp:ping"/></iq>
06-20 08:54:01.081 25757 25798 I System.out: 08:54:01 AM RCV  (1095117584): <iq to='lokeshmandvekar@jabber.org/android9e7FLMWG' type='result' id='ping'/>
06-20 08:54:09.155 25949 25962 I PhoneLab-: Service Running
06-20 08:54:09.257 25949 25962 I PhoneLab-LoggerService: app_38    30294 1     2548   2100  c00f181c 400107b4 S logcat
06-20 08:54:09.257 25949 25962 I PhoneLab-LoggerService: Logcat pid from database 30294
06-20 08:54:09.257 25949 25962 I PhoneLab-LoggerService: Logcat process found 30294
06-20 08:54:09.260 25949 25962 I PhoneLab-LoggerService: Checking Threshold
06-20 08:54:09.260 25949 25962 I PhoneLab-LoggerService: Starting to rename files
06-20 08:54:09.260 25949 25962 I PhoneLab-LoggerService: Files found .. 2
06-20 08:54:30.807   142   197 D DhcpInfoInternal: makeLinkProperties with empty dns2!
06-20 08:54:30.815   142   197 D DhcpInfoInternal: makeLinkProperties with empty dns2!
06-20 08:54:31.178   342   342 D SAN_SERVICE: *******************************************
06-20 08:54:31.178   342   342 D SAN_SERVICE: DM App Phone Service State - 0
06-20 08:54:31.178   342   342 D SAN_SERVICE: *******************************************
06-20 08:54:31.897   342   342 D SAN_SERVICE: *******************************************
06-20 08:54:31.897   342   342 D SAN_SERVICE: DM App Phone Service State - 0
06-20 08:54:31.897   342   342 D SAN_SERVICE: *******************************************
06-20 08:54:31.921 25757 25799 I System.out: 08:54:31 AM SENT (1095117584): <iq id="ping" type="get"><ping xmlns="urn:xmpp:ping"/></iq>
06-20 08:54:32.112 25757 25798 I System.out: 08:54:32 AM RCV  (1095117584): <iq to='lokeshmandvekar@jabber.org/android9e7FLMWG' type='result' id='ping'/>
06-20 08:54:34.167 25966 25969 D dalvikvm: GC_CONCURRENT freed 449K, 6% free 10036K/10567K, paused 18ms+4ms
06-20 08:54:34.233 25949 25949 I PhoneLab-Locks: wake lock acquired
06-20 08:54:34.253 25949 26056 I PhoneLab-PeriodicCheckService: User info is synched
06-20 08:54:34.264 25949 26056 I PhoneLab-PeriodicCheckService: Logger Service is running
06-20 08:54:34.268 25949 26056 I PhoneLab-Locks: wake lock acquired
06-20 08:54:34.272 25949 25949 I PhoneLab-UploadLogs: Transfering log files now
06-20 08:54:34.272 25949 26056 I PhoneLab-PeriodicCheckService: Rescheduling periodic checking...
06-20 08:54:34.323 25949 26056 I PhoneLab-Locks: wake lock released
06-20 08:54:34.483 25949 25952 D dalvikvm: GC_CONCURRENT freed 410K, 6% free 9126K/9607K, paused 8ms+2ms
06-20 08:54:34.542 25949 25949 D dalvikvm: GC_FOR_ALLOC freed 257K, 5% free 9194K/9671K, paused 14ms
06-20 08:54:34.557 25949 25949 D dalvikvm: GC_FOR_ALLOC freed 56K, 6% free 9258K/9799K, paused 13ms
06-20 08:54:34.557 25949 25949 I dalvikvm-heap: Grow heap (frag case) to 9.352MB for 254548-byte allocation
06-20 08:54:34.577 25949 25949 D dalvikvm: GC_FOR_ALLOC freed 120K, 7% free 9386K/10055K, paused 15ms
06-20 08:54:34.577 25949 25949 I dalvikvm-heap: Grow heap (frag case) to 9.727MB for 516692-byte allocation
06-20 08:54:34.604 25949 25952 D dalvikvm: GC_CONCURRENT freed 248K, 9% free 9641K/10567K, paused 2ms+2ms
06-20 08:54:34.628 25949 25949 I PhoneLab-UploadLogs: OnStartCommand
06-20 08:54:34.663 25966 25969 D dalvikvm: GC_CONCURRENT freed 206K, 4% free 10228K/10567K, paused 2ms+2ms
06-20 08:54:34.995 25949 26058 D dalvikvm: GC_FOR_ALLOC freed 383K, 9% free 9625K/10567K, paused 18ms
06-20 08:54:35.007 25949 26058 D dalvikvm: GC_FOR_ALLOC freed 301K, 9% free 9625K/10567K, paused 12ms
06-20 08:54:35.026 25949 26058 D dalvikvm: GC_FOR_ALLOC freed 301K, 9% free 9632K/10567K, paused 12ms
06-20 08:54:38.729 25949 25949 I PhoneLab-: 1340195115920.log is deleted
06-20 08:54:38.729 25949 25949 I PhoneLab-: Response: {"data": "done", "err": ""}
06-20 08:54:38.757 25949 25949 I PhoneLab-UploadLogs: No log files to transfer
06-20 08:54:38.757 25949 25949 I PhoneLab-Locks: wake lock released
06-20 08:54:46.530   342   342 D SAN_SERVICE: *******************************************
06-20 08:54:46.530   342   342 D SAN_SERVICE: DM App Phone Service State - 0
06-20 08:54:46.530   342   342 D SAN_SERVICE: *******************************************
06-20 08:54:46.800   342   342 D SAN_SERVICE: *******************************************
06-20 08:54:46.800   342   342 D SAN_SERVICE: DM App Phone Service State - 0
06-20 08:54:46.800   342   342 D SAN_SERVICE: *******************************************
06-20 08:54:47.303   342   342 D SAN_SERVICE: *******************************************
06-20 08:54:47.303   342   342 D SAN_SERVICE: DM App Phone Service State - 0
06-20 08:54:47.303   342   342 D SAN_SERVICE: *******************************************
06-20 08:54:56.792   342   342 D SAN_SERVICE: *******************************************
06-20 08:54:56.792   342   342 D SAN_SERVICE: DM App Phone Service State - 0
06-20 08:54:56.792   342   342 D SAN_SERVICE: *******************************************
06-20 08:55:02.936 25757 25799 I System.out: 08:55:02 AM SENT (1095117584): <iq id="ping" type="get"><ping xmlns="urn:xmpp:ping"/></iq>
06-20 08:55:03.241 25757 25798 I System.out: 08:55:03 AM RCV  (1095117584): <iq to='lokeshmandvekar@jabber.org/android9e7FLMWG' type='result' id='ping'/>
06-20 08:55:04.241   142   154 I ActivityManager: Process com.google.android.apps.maps:LocationFriendService (pid 25966) has died.
06-20 08:55:06.893 25819 25820 D dalvikvm: GC_CONCURRENT freed 585K, 6% free 11385K/12103K, paused 11ms+3ms
06-20 08:55:06.952   342   342 D SAN_SERVICE: *******************************************
06-20 08:55:06.952   342   342 D SAN_SERVICE: DM App Phone Service State - 0
06-20 08:55:06.952   342   342 D SAN_SERVICE: *******************************************
06-20 08:55:07.225   342   342 D SAN_SERVICE: *******************************************
06-20 08:55:07.225   342   342 D SAN_SERVICE: DM App Phone Service State - 0
06-20 08:55:07.225   342   342 D SAN_SERVICE: *******************************************
06-20 08:55:07.971   342   342 D SAN_SERVICE: *******************************************
06-20 08:55:07.971   342   342 D SAN_SERVICE: DM App Phone Service State - 0
06-20 08:55:07.971   342   342 D SAN_SERVICE: *******************************************
06-20 08:55:17.288   342   342 D SAN_SERVICE: *******************************************
06-20 08:55:17.288   342   342 D SAN_SERVICE: DM App Phone Service State - 0
06-20 08:55:17.288   342   342 D SAN_SERVICE: *******************************************
06-20 08:55:18.030 25949 25949 I PhoneLab-Locks: wake lock acquired
06-20 08:55:18.104 25949 25949 I PhoneLab-StatusMonitor: Status Monitoring is started
06-20 08:55:18.253 25949 25952 D dalvikvm: GC_CONCURRENT freed 959K, 14% free 9184K/10567K, paused 3ms+8ms
06-20 08:55:18.425 25949 25949 I PhoneLab-StatusMonitor: Value: 10 - unit: min
06-20 08:55:18.425 25949 25949 I PhoneLab-StatusMonitor: Running interval: 600000
06-20 08:55:18.444 25949 25949 I PhoneLab-StatusMonitor: Rescheduling status monitoring...
06-20 08:55:18.448 25949 25949 I PhoneLab-Locks: wake lock released
06-20 08:55:18.460 25949 25949 I PhoneLab-StatusMonitorLocation: Learning Location
06-20 08:55:18.460 25949 25949 I PhoneLab-Locks: wake lock acquired
06-20 08:55:18.491 25949 25952 D dalvikvm: GC_CONCURRENT freed 328K, 13% free 9260K/10567K, paused 3ms+6ms
06-20 08:55:18.624 25949 25949 I PhoneLab-Locks: wake lock acquired
06-20 08:55:18.632 11148 11180 D androidNetworkLocationListeners: Still have listener com.google.android.location.internal.client.NetworkLocationClient$1@41366898
06-20 08:55:18.667 11148 11180 D androidNetworkLocationListeners: Still have listener com.google.android.location.internal.client.NetworkLocationClient$1@41366898
06-20 08:55:18.710 25949 25949 I PhoneLab-StatusMonitorLocation: Learning Signal Strgth
06-20 08:55:18.710 25949 25949 I PhoneLab-Locks: wake lock acquired
06-20 08:55:18.776 25949 25949 I PhoneLab-StatusMonitorBattery: Battery_level: 96
06-20 08:55:18.776 25949 25949 I PhoneLab-Locks: wake lock released
06-20 08:55:18.784 25949 25949 I PhoneLab-StatusMonitorSignal: Signal_Strength: -96 asu: 9
06-20 08:55:18.784 25949 25949 I PhoneLab-Locks: wake lock released
06-20 08:55:19.960 25949 25949 I PhoneLab-StatusMonitorLocation: Location_Latitude: 42.9620974 Longitude: -78.8170674 Accuracy: 31.0
06-20 08:55:19.960 25949 25949 I PhoneLab-Locks: wake lock released
06-20 08:55:19.960 11148 11180 D androidNetworkLocationListeners: Still have listener com.google.android.location.internal.client.NetworkLocationClient$1@41366898
06-20 08:55:20.022   142   330 I ActivityManager: Start proc com.google.android.apps.maps:LocationFriendService for service com.google.android.apps.maps/com.google.googlenav.friend.reporting.LocationReceiverService: pid=26068 uid=10057 gids={3003, 1015}
06-20 08:55:20.245 26068 26070 D dalvikvm: GC_CONCURRENT freed 166K, 3% free 9370K/9607K, paused 15ms+2ms
06-20 08:55:20.620 26068 26070 D dalvikvm: GC_CONCURRENT freed 151K, 3% free 9644K/9927K, paused 10ms+3ms
06-20 08:55:21.401 11148 11150 D dalvikvm: GC_CONCURRENT freed 502K, 7% free 10305K/11015K, paused 5ms+4ms
06-20 08:55:27.534   342   342 D SAN_SERVICE: *******************************************
06-20 08:55:27.534   342   342 D SAN_SERVICE: DM App Phone Service State - 0
06-20 08:55:27.534   342   342 D SAN_SERVICE: *******************************************
06-20 08:55:32.018 25720 25722 D dalvikvm: GC_CONCURRENT freed 506K, 6% free 10218K/10823K, paused 1ms+2ms
06-20 08:55:32.581 26068 26070 D dalvikvm: GC_CONCURRENT freed 226K, 4% free 9841K/10183K, paused 1ms+3ms
06-20 08:55:33.991 25757 25799 I System.out: 08:55:33 AM SENT (1095117584): <iq id="ping" type="get"><ping xmlns="urn:xmpp:ping"/></iq>
06-20 08:55:34.272 25757 25798 I System.out: 08:55:34 AM RCV  (1095117584): <iq to='lokeshmandvekar@jab
06-20 08:55:34.284 25757 25798 I System.out: 08:55:34 AM RCV  (1095117584): ber.org/android9e7FLMWG' type='result' id='ping'/>
06-20 08:55:53.120   342   342 D SAN_SERVICE: *******************************************
06-20 08:55:53.120   342   342 D SAN_SERVICE: DM App Phone Service State - 0
06-20 08:55:53.120   342   342 D SAN_SERVICE: *******************************************
06-20 08:56:05.026 25757 25799 I System.out: 08:56:05 AM SENT (1095117584): <iq id="ping" type="get"><ping xmlns="urn:xmpp:ping"/></iq>
