07-10 08:45:07.621   262   262 I wpa_supplicant: wlan0: Trying to associate with 00:1a:1e:6b:66:b0 (SSID='TimHortons' freq=2462 MHz)
07-10 08:45:07.828   262   262 I wpa_supplicant: wlan0: Associated with 00:1a:1e:6b:66:b0
07-10 08:45:07.832   262   262 I wpa_supplicant: wlan0: CTRL-EVENT-CONNECTED - Connection to 00:1a:1e:6b:66:b0 completed (reauth) [id=3 id_str=]
07-10 08:45:08.621 25762 25764 D dalvikvm: GC_CONCURRENT freed 588K, 7% free 10480K/11207K, paused 1ms+2ms
07-10 08:45:14.847   144   200 D ConnectivityService: ConnectivityChange for WIFI: CONNECTED/CONNECTED
07-10 08:45:14.847   144   200 D ConnectivityService: Policy requires mobile teardown
07-10 08:45:14.875 18299 18299 I PhoneLab-WiFiReceiver: Wi-Fi is connected!
07-10 08:45:14.879 18299 18299 I PhoneLab-WiFiReceiver: SSID: TimHortons BSSID: 00:1a:1e:6b:66:b0 RSSI: -200 LinkSpeed: -1
07-10 08:45:14.879 18299 18299 I PhoneLab-Locks: wake lock acquired
07-10 08:45:14.879 18299 18299 I PhoneLab-UploadLogs: Transfering log files now
07-10 08:45:14.882 18299 18299 I PhoneLab-UploadLogs: No log files to transfer
07-10 08:45:14.882 18299 18299 I PhoneLab-Locks: wake lock released
07-10 08:45:14.886 18299 18299 I PhoneLab-UploadLogs: OnStartCommand
07-10 08:45:14.925   144   200 D ConnectivityService: ConnectivityChange for mobile: DISCONNECTED/DISCONNECTED
07-10 08:45:14.925   144   200 D ConnectivityService: Attempting to switch to WIFI
07-10 08:45:14.965   144   200 D ConnectivityService: Attempting to switch to WIMAX
07-10 08:45:14.965   144   200 D ConnectivityService: Attempting to switch to BLUETOOTH_TETHER
07-10 08:45:14.972   144   200 D NetUtils: android_net_utils_resetConnections in env=0x13390c8 clazz=0xcda00001 iface=rmnet0 mask=0x3
07-10 08:45:14.972   144   200 D ConnectivityService: resetConnections(rmnet0, 3)
07-10 08:45:14.984   144   195 W NetworkStats: dropping UID delta from unknown iface: iface=wlan0 uid=0 set=DEFAULT tag=0x0 rxBytes=4283 rxPackets=13 txBytes=252 txPackets=4 operations=0
07-10 08:45:15.160  5714 25738 W Smack/Packet: notify conn break (IOEx), close connection
07-10 08:45:15.343  5714 25738 I qtaguid : Failed write_ctrl(u 61) res=-1 errno=22
07-10 08:45:15.343  5714 25738 I qtaguid : Untagging socket 61 failed errno=-22
07-10 08:45:15.343  5714 25738 W NetworkManagementSocketTagger: untagSocket(61) failed with errno -22
07-10 08:45:15.371   144   200 D ConnectivityService: handleInetConditionChange: net=0 != default=1 - ignore
07-10 08:45:17.957   144   204 D Tethering: MasterInitialState.processMessage what=3
07-10 08:45:18.000  5714  5714 I GTalkService/c: [AndroidEndpoint@1094226184] connect: acct=1000000, state=CONNECTING
07-10 08:45:18.007  5714  5714 I GTalkService/c: [GTalkConnection@1094490160] connect: acct=1, state=CONNECTING
07-10 08:45:18.007   144   204 D Tethering: MasterInitialState.processMessage what=3
07-10 08:45:18.031   144   204 D Tethering: MasterInitialState.processMessage what=3
07-10 08:45:18.097 25623 25623 I MediaUploader: No need to wake up
07-10 08:45:18.156 23589 24141 D PicasaSyncManager: active network: NetworkInfo: type: WIFI[], state: CONNECTED/CONNECTED, reason: (unspecified), extra: (none), roaming: false, failover: false, isAvailable: true
07-10 08:45:18.156 23589 24141 D PicasaSyncManager: background data: true
07-10 08:45:18.238 25687 25687 W ContextScopeImpl: thread=1 tried to enter the scope of the application context. Ignored.
07-10 08:45:18.281 25623 25623 I MediaUploader: No need to wake up
07-10 08:45:18.382 25687 25687 W ContextScopeImpl: thread=1 tried to enter the scope of the application context. Ignored.
07-10 08:45:18.441 25623 25623 I MediaUploader: No need to wake up
07-10 08:45:18.523   144   147 D dalvikvm: GC_CONCURRENT freed 1958K, 17% free 17686K/21255K, paused 3ms+7ms
07-10 08:45:18.621 25687 25687 W ContextScopeImpl: thread=1 tried to enter the scope of the application context. Ignored.
07-10 08:45:18.652 23589 24141 D PicasaSyncManager: active network: NetworkInfo: type: WIFI[], state: CONNECTED/CONNECTED, reason: (unspecified), extra: (none), roaming: false, failover: false, isAvailable: true
07-10 08:45:18.652 23589 24141 D PicasaSyncManager: background data: true
07-10 08:45:18.660 23589 24141 D PicasaSyncManager: active network: NetworkInfo: type: WIFI[], state: CONNECTED/CONNECTED, reason: (unspecified), extra: (none), roaming: false, failover: false, isAvailable: true
07-10 08:45:18.664 23589 24141 D PicasaSyncManager: background data: true
07-10 08:45:18.668 25642 25644 D dalvikvm: GC_CONCURRENT freed 354K, 5% free 10410K/10887K, paused 14ms+3ms
07-10 08:45:28.777   214   216 D dalvikvm: GC_CONCURRENT freed 139K, 32% free 10002K/14663K, paused 2ms+3ms
07-10 08:45:28.851   214   216 D dalvikvm: GC_CONCURRENT freed 499K, 33% free 9926K/14663K, paused 2ms+2ms
07-10 08:45:31.757   214   216 D dalvikvm: GC_CONCURRENT freed 335K, 32% free 9989K/14663K, paused 3ms+6ms
07-10 08:46:08.488  7656  7659 D dalvikvm: GC_CONCURRENT freed 481K, 8% free 10389K/11271K, paused 1ms+3ms
07-10 08:46:24.773 18299 18312 I PhoneLab-: Service Running
07-10 08:46:24.843 18299 18312 I PhoneLab-LoggerService: app_37    1373  1     1440   1004  c00f181c 400107b4 S logcat
07-10 08:46:24.843 18299 18312 I PhoneLab-LoggerService: Logcat pid from database 1373
07-10 08:46:24.847 18299 18312 I PhoneLab-LoggerService: Logcat process found 1373
07-10 08:46:24.847 18299 18312 I PhoneLab-LoggerService: Checking Threshold
07-10 08:46:24.847 18299 18312 I PhoneLab-LoggerService: Starting to rename files
07-10 08:46:24.847 18299 18312 I PhoneLab-LoggerService: Files found .. 2
07-10 08:46:24.847 18299 18312 I PhoneLab-LoggerService: File 1 log.out.1
07-10 08:46:24.851 18299 18312 I PhoneLab-LoggerService: Renamed successfully
07-10 08:46:26.300 18299 18312 I PhoneLab-: Service Running
07-10 08:46:26.371 18299 18312 I PhoneLab-LoggerService: app_37    1373  1     1440   1004  c00f181c 400107b4 S logcat
07-10 08:46:26.371 18299 18312 I PhoneLab-LoggerService: Logcat pid from database 1373
07-10 08:46:26.371 18299 18312 I PhoneLab-LoggerService: Logcat process found 1373
07-10 08:46:26.371 18299 18312 I PhoneLab-LoggerService: Checking Threshold
07-10 08:46:26.371 18299 18312 I PhoneLab-LoggerService: Starting to rename files
07-10 08:46:26.371 18299 18312 I PhoneLab-LoggerService: Files found .. 2
07-10 08:46:54.879   344   344 D SAN_SERVICE: *******************************************
07-10 08:46:54.879   344   344 D SAN_SERVICE: DM App Phone Service State - 0
07-10 08:46:54.879   344   344 D SAN_SERVICE: *******************************************
07-10 08:46:55.586   144   156 W ActivityManager: finishReceiver called but no pending broadcasts
07-10 08:46:55.625   344   344 D SAN_SERVICE: *******************************************
07-10 08:46:55.625   344   344 D SAN_SERVICE: DM App Phone Service State - 0
07-10 08:46:55.625   344   344 D SAN_SERVICE: *******************************************
07-10 08:46:55.668 25762 25764 D dalvikvm: GC_CONCURRENT freed 359K, 6% free 10633K/11207K, paused 2ms+3ms
07-10 08:46:59.011   262   262 I wpa_supplicant: wlan0: CTRL-EVENT-DISCONNECTED bssid=00:1a:1e:6b:66:b0 reason=0
07-10 08:46:59.015    75   117 D CommandListener: Clearing all IP addresses on wlan0
07-10 08:46:59.027   144   200 D ConnectivityService: ConnectivityChange for WIFI: DISCONNECTED/DISCONNECTED
07-10 08:46:59.031   144   200 D ConnectivityService: Attempting to switch to mobile
07-10 08:46:59.031   144   200 D ConnectivityService: Attempting to switch to WIMAX
07-10 08:46:59.031   144   200 D ConnectivityService: Attempting to switch to BLUETOOTH_TETHER
07-10 08:46:59.039   144   200 E ConnectivityService: Exception trying to remove a route: java.lang.IllegalStateException: Unable to communicate with native dameon to add routes - com.android.server.NativeDaemonConnectorException: Cmd {interface route remove wlan0 default 10.3.1.1 32 0.0.0.0} failed with code 400 : {Failed to remove route from default table (No such process)}
07-10 08:46:59.047   144   200 E ConnectivityService: Exception trying to remove a route: java.lang.IllegalStateException: Unable to communicate with native dameon to add routes - com.android.server.NativeDaemonConnectorException: Cmd {interface route remove wlan0 default 0.0.0.0 0 10.3.1.1} failed with code 400 : {Failed to remove route from default table (No such process)}
07-10 08:46:59.050   144   200 D NetUtils: android_net_utils_resetConnections in env=0x13390c8 clazz=0xdcc00001 iface=wlan0 mask=0x3
07-10 08:46:59.050   144   200 D ConnectivityService: resetConnections(wlan0, 3)
07-10 08:46:59.215   214   214 D dalvikvm: GC_FOR_ALLOC freed 626K, 34% free 9733K/14663K, paused 31ms
07-10 08:46:59.238  5714  5732 E GTalkService: connectionClosed: no XMPPConnection - That's strange!
07-10 08:46:59.238   144   200 D ConnectivityService: handleInetConditionChange: no active default network - ignore
07-10 08:46:59.308   214   216 D dalvikvm: GC_CONCURRENT freed 360K, 33% free 9847K/14663K, paused 2ms+2ms
07-10 08:46:59.808   144  9084 D dalvikvm: GC_EXPLICIT freed 892K, 17% free 17665K/21255K, paused 3ms+7ms
07-10 08:46:59.808  5714  5732 E GTalkService: connectionClosed: no XMPPConnection - That's strange!
07-10 08:47:02.113   144   204 D Tethering: MasterInitialState.processMessage what=3
07-10 08:47:02.191 25623 25623 I MediaUploader: No need to wake up
07-10 08:47:02.195 18299 18299 I PhoneLab-WiFiReceiver: Wi-Fi is disconnected!
07-10 08:47:02.254 23589 24141 D PicasaSyncManager: active network: null
07-10 08:47:02.254 23589 24141 D PicasaSyncManager: background data: true
07-10 08:47:05.863   144   200 D ConnectivityService: ConnectivityChange for mobile: CONNECTED/CONNECTED
07-10 08:47:05.957   144   196 D NetworkPolicy: applying policy NetworkPolicy[NetworkTemplate: matchRule=MOBILE_ALL, subscriberId=valid]: cycleDay=20, warningBytes=2147483648, limitBytes=-1, lastSnooze=-1 to ifaces [rmnet0]
07-10 08:47:06.871   144   200 D ConnectivityService: NetTransition Wakelock for WifiStateMachine released by timeout
07-10 08:47:07.324 25762 25764 D dalvikvm: GC_CONCURRENT freed 715K, 8% free 10479K/11271K, paused 2ms+3ms
07-10 08:47:07.433  5714  5717 D dalvikvm: GC_CONCURRENT freed 456K, 7% free 10723K/11463K, paused 3ms+7ms
07-10 08:47:11.105   144   204 D Tethering: MasterInitialState.processMessage what=3
07-10 08:47:11.144  5714  5714 I GTalkService/c: [AndroidEndpoint@1094226184] connect: acct=1000000, state=CONNECTING
07-10 08:47:11.148  5714  5714 I GTalkService/c: [GTalkConnection@1094490160] connect: acct=1, state=CONNECTING
07-10 08:47:11.175 25623 25623 I MediaUploader: No need to wake up
07-10 08:47:11.246 23589 24141 D PicasaSyncManager: active network: NetworkInfo: type: mobile[CDMA - EvDo rev. A], state: CONNECTED/CONNECTED, reason: (unspecified), extra: , roaming: false, failover: true, isAvailable: true
07-10 08:47:11.250 23589 24141 D PicasaSyncManager: background data: true
07-10 08:47:11.293 25687 25687 W ContextScopeImpl: thread=1 tried to enter the scope of the application context. Ignored.
07-10 08:47:11.324 23397 23400 D dalvikvm: GC_CONCURRENT freed 516K, 6% free 10885K/11527K, paused 16ms+11ms
07-10 08:47:11.371 20203 20205 D dalvikvm: GC_CONCURRENT freed 737K, 9% free 11647K/12743K, paused 2ms+3ms
07-10 08:47:13.867   144   200 D ConnectivityService: handleInetConditionHoldEnd: net=0, condition=100, published condition=0
07-10 08:47:14.937  5714  5717 D dalvikvm: GC_CONCURRENT freed 442K, 7% free 10727K/11463K, paused 2ms+3ms
07-10 08:48:09.707 25762 25764 D dalvikvm: GC_CONCURRENT freed 465K, 7% free 10515K/11271K, paused 2ms+2ms
07-10 08:48:09.750  7656  7659 D dalvikvm: GC_CONCURRENT freed 519K, 8% free 10380K/11271K, paused 2ms+6ms
07-10 08:48:58.550   214   214 D dalvikvm: GC_FOR_ALLOC freed 442K, 34% free 9756K/14663K, paused 20ms
07-10 08:48:58.609   214   216 D dalvikvm: GC_CONCURRENT freed 348K, 33% free 9891K/14663K, paused 2ms+3ms
07-10 08:48:58.691   214   216 D dalvikvm: GC_CONCURRENT freed 461K, 33% free 9893K/14663K, paused 2ms+2ms
07-10 08:49:03.214  7656  7659 D dalvikvm: GC_CONCURRENT freed 429K, 9% free 10358K/11271K, paused 8ms+2ms
07-10 08:49:05.007  7656  7659 D dalvikvm: GC_CONCURRENT freed 460K, 8% free 10384K/11271K, paused 2ms+2ms
07-10 08:49:05.914 25762 25764 D dalvikvm: GC_CONCURRENT freed 173K, 5% free 10730K/11271K, paused 2ms+2ms
07-10 08:49:06.988  7656  7659 D dalvikvm: GC_CONCURRENT freed 518K, 9% free 10368K/11271K, paused 2ms+2ms
07-10 08:49:07.527   144   400 D dalvikvm: GC_EXPLICIT freed 1415K, 17% free 17700K/21255K, paused 2ms+9ms
07-10 08:49:08.148  7656  7659 D dalvikvm: GC_CONCURRENT freed 461K, 8% free 10410K/11271K, paused 2ms+13ms
07-10 08:49:08.546   144   200 D ConnectivityService: ConnectivityChange for WIMAX: DISCONNECTED/SCANNING
07-10 08:49:08.546   144   200 D ConnectivityService: Attempting to switch to mobile
07-10 08:49:08.546   144   200 D ConnectivityService: Attempting to switch to WIFI
07-10 08:49:08.546   144   200 D ConnectivityService: Attempting to switch to BLUETOOTH_TETHER
07-10 08:49:08.613   144   196 D NetworkPolicy: applying policy NetworkPolicy[NetworkTemplate: matchRule=MOBILE_ALL, subscriberId=valid]: cycleDay=20, warningBytes=2147483648, limitBytes=-1, lastSnooze=-1 to ifaces [rmnet0]
07-10 08:49:08.671   144   196 D NetworkPolicy: applying policy NetworkPolicy[NetworkTemplate: matchRule=MOBILE_ALL, subscriberId=valid]: cycleDay=20, warningBytes=2147483648, limitBytes=-1, lastSnooze=-1 to ifaces [rmnet0]
07-10 08:49:08.687   144  9084 W ActivityManager: finishReceiver called but no pending broadcasts
07-10 08:49:08.796   214   216 D dalvikvm: GC_CONCURRENT freed 585K, 34% free 9738K/14663K, paused 1ms+3ms
07-10 08:49:08.847   214   216 D dalvikvm: GC_CONCURRENT freed 462K, 34% free 9733K/14663K, paused 2ms+2ms
07-10 08:49:08.929   214   216 D dalvikvm: GC_CONCURRENT freed 386K, 34% free 9824K/14663K, paused 1ms+5ms
07-10 08:49:08.949 25762 25764 D dalvikvm: GC_CONCURRENT freed 436K, 5% free 10855K/11399K, paused 2ms+2ms
07-10 08:49:09.097 25762 25764 D dalvikvm: GC_CONCURRENT freed 608K, 6% free 10912K/11591K, paused 5ms+4ms
07-10 08:49:11.574   144   204 D Tethering: MasterInitialState.processMessage what=3
07-10 08:49:11.640   144   204 D Tethering: MasterInitialState.processMessage what=3
07-10 08:49:11.668 25623 25623 I MediaUploader: No need to wake up
07-10 08:49:11.711 23589 24141 D PicasaSyncManager: active network: NetworkInfo: type: mobile[CDMA - EvDo rev. A], state: CONNECTED/CONNECTED, reason: (unspecified), extra: , roaming: false, failover: false, isAvailable: true
07-10 08:49:11.711 23589 24141 D PicasaSyncManager: background data: true
07-10 08:49:11.738 25687 25687 W ContextScopeImpl: thread=1 tried to enter the scope of the application context. Ignored.
07-10 08:49:11.793 25623 25623 I MediaUploader: No need to wake up
07-10 08:49:11.836 23589 24141 D PicasaSyncManager: active network: NetworkInfo: type: mobile[CDMA - EvDo rev. A], state: CONNECTED/CONNECTED, reason: (unspecified), extra: , roaming: false, failover: false, isAvailable: true
07-10 08:49:11.855 23589 24141 D PicasaSyncManager: background data: true
07-10 08:49:11.859 25687 25687 W ContextScopeImpl: thread=1 tried to enter the scope of the application context. Ignored.
07-10 08:49:12.046 25405 25406 D dalvikvm: GC_CONCURRENT freed 308K, 5% free 9297K/9735K, paused 4ms+19ms
07-10 08:49:12.117   144   200 D ConnectivityService: handleInetConditionHoldEnd: net=0, condition=100, published condition=100
07-10 08:49:15.043   144   200 D ConnectivityService: ConnectivityChange for WIMAX: DISCONNECTED/SCANNING
07-10 08:49:15.046   144   200 D ConnectivityService: Attempting to switch to mobile
07-10 08:49:15.050   144   200 D ConnectivityService: Attempting to switch to WIFI
07-10 08:49:15.050   144   200 D ConnectivityService: Attempting to switch to BLUETOOTH_TETHER
07-10 08:49:15.148   144   196 D NetworkPolicy: applying policy NetworkPolicy[NetworkTemplate: matchRule=MOBILE_ALL, subscriberId=valid]: cycleDay=20, warningBytes=2147483648, limitBytes=-1, lastSnooze=-1 to ifaces [rmnet0]
07-10 08:49:15.199   144   196 D NetworkPolicy: applying policy NetworkPolicy[NetworkTemplate: matchRule=MOBILE_ALL, subscriberId=valid]: cycleDay=20, warningBytes=2147483648, limitBytes=-1, lastSnooze=-1 to ifaces [rmnet0]
07-10 08:49:18.105   144   204 D Tethering: MasterInitialState.processMessage what=3
07-10 08:49:18.144   144   204 D Tethering: MasterInitialState.processMessage what=3
07-10 08:49:18.191 25623 25623 I MediaUploader: No need to wake up
07-10 08:49:18.265 23589 24141 D PicasaSyncManager: active network: NetworkInfo: type: mobile[CDMA - EvDo rev. A], state: CONNECTED/CONNECTED, reason: (unspecified), extra: , roaming: false, failover: false, isAvailable: true
07-10 08:49:18.265 23589 24141 D PicasaSyncManager: background data: true
07-10 08:49:18.281 25687 25687 W ContextScopeImpl: thread=1 tried to enter the scope of the application context. Ignored.
07-10 08:49:18.332 25623 25623 I MediaUploader: No need to wake up
07-10 08:49:18.402 25687 25687 W ContextScopeImpl: thread=1 tried to enter the scope of the application context. Ignored.
07-10 08:49:18.410 23589 24141 D PicasaSyncManager: active network: NetworkInfo: type: mobile[CDMA - EvDo rev. A], state: CONNECTED/CONNECTED, reason: (unspecified), extra: , roaming: false, failover: false, isAvailable: true
07-10 08:49:18.410 23589 24141 D PicasaSyncManager: background data: true
07-10 08:49:18.441 25687 25690 D dalvikvm: GC_CONCURRENT freed 345K, 5% free 9874K/10311K, paused 18ms+2ms
07-10 08:49:18.496   344   344 D SAN_SERVICE: *******************************************
07-10 08:49:18.496   344   344 D SAN_SERVICE: DM App Phone Service State - 0
07-10 08:49:18.496   344   344 D SAN_SERVICE: *******************************************
07-10 08:49:18.640   144   200 D ConnectivityService: handleInetConditionHoldEnd: net=0, condition=100, published condition=100
07-10 08:49:18.918   344   344 D SAN_SERVICE: *******************************************
07-10 08:49:18.918   344   344 D SAN_SERVICE: DM App Phone Service State - 0
07-10 08:49:18.918   344   344 D SAN_SERVICE: *******************************************
07-10 08:49:59.492   144   380 W ActivityManager: finishReceiver called but no pending broadcasts
07-10 08:49:59.519   144   147 D dalvikvm: GC_CONCURRENT freed 1966K, 17% free 17658K/21255K, paused 2ms+6ms
07-10 08:49:59.617 25762 25764 D dalvikvm: GC_CONCURRENT freed 520K, 6% free 11058K/11655K, paused 2ms+6ms
07-10 08:50:09.113  7656  7659 D dalvikvm: GC_CONCURRENT freed 506K, 8% free 10378K/11271K, paused 1ms+3ms
07-10 08:50:41.308  8155  8157 D dalvikvm: GC_CONCURRENT freed 1426K, 17% free 13565K/16199K, paused 2ms+5ms
07-10 08:50:42.129  8155 25938 I DatabaseHelper: Begin cleanup.
07-10 08:50:43.679  8155 25938 I DatabaseHelper: Cleaned up: 174
07-10 08:51:07.590 25762 25764 D dalvikvm: GC_CONCURRENT freed 1133K, 11% free 10519K/11783K, paused 8ms+18ms
07-10 08:51:07.609  7656  7659 D dalvikvm: GC_CONCURRENT freed 479K, 8% free 10377K/11271K, paused 2ms+2ms
07-10 08:52:54.980   344   344 D SAN_SERVICE: *******************************************
07-10 08:52:54.984   344   344 D SAN_SERVICE: DM App Phone Service State - 0
07-10 08:52:54.984   344   344 D SAN_SERVICE: *******************************************
07-10 08:52:55.211   344   344 D SAN_SERVICE: *******************************************
07-10 08:52:55.211   344   344 D SAN_SERVICE: DM App Phone Service State - 0
07-10 08:52:55.211   344   344 D SAN_SERVICE: *******************************************
07-10 08:53:03.340   144   403 W ActivityManager: finishReceiver called but no pending broadcasts
07-10 08:53:03.418 25762 25764 D dalvikvm: GC_CONCURRENT freed 380K, 10% free 10650K/11783K, paused 2ms+2ms
07-10 08:53:12.234   144   400 D dalvikvm: GC_EXPLICIT freed 524K, 17% free 17661K/21255K, paused 3ms+6ms
07-10 08:53:12.234   144   403 W ActivityManager: finishReceiver called but no pending broadcasts
07-10 08:53:12.308 25762 25764 D dalvikvm: GC_CONCURRENT freed 547K, 10% free 10645K/11783K, paused 2ms+2ms
07-10 08:53:21.043   144   156 W ActivityManager: finishReceiver called but no pending broadcasts
07-10 08:53:21.117 25762 25764 D dalvikvm: GC_CONCURRENT freed 543K, 10% free 10642K/11783K, paused 2ms+3ms
07-10 08:53:25.820   262   262 I wpa_supplicant: wlan0: Trying to associate with 00:13:80:94:4a:a1 (SSID='UB_Secure' freq=2462 MHz)
07-10 08:53:29.847   144   402 W ActivityManager: finishReceiver called but no pending broadcasts
07-10 08:53:29.918 25762 25764 D dalvikvm: GC_CONCURRENT freed 540K, 10% free 10642K/11783K, paused 2ms+3ms
07-10 08:53:35.156 18299 18312 I PhoneLab-: Service Running
07-10 08:53:35.226 18299 18312 I PhoneLab-LoggerService: app_37    1373  1     1440   1004  c00f181c 400107b4 S logcat
07-10 08:53:35.230 18299 18312 I PhoneLab-LoggerService: Logcat pid from database 1373
07-10 08:53:35.230 18299 18312 I PhoneLab-LoggerService: Logcat process found 1373
07-10 08:53:35.230 18299 18312 I PhoneLab-LoggerService: Checking Threshold
07-10 08:53:35.230 18299 18312 I PhoneLab-LoggerService: Starting to rename files
07-10 08:53:35.230 18299 18312 I PhoneLab-LoggerService: Files found .. 2
07-10 08:53:35.230 18299 18312 I PhoneLab-: Service Running
07-10 08:53:35.257 18299 18301 D dalvikvm: GC_CONCURRENT freed 452K, 18% free 9149K/11143K, paused 2ms+5ms
07-10 08:53:35.281 18299 18312 I PhoneLab-LoggerService: app_37    1373  1     1440   1004  c00f181c 400107b4 S logcat
07-10 08:53:35.281 18299 18312 I PhoneLab-LoggerService: Logcat pid from database 1373
07-10 08:53:35.281 18299 18312 I PhoneLab-LoggerService: Logcat process found 1373
07-10 08:53:35.281 18299 18312 I PhoneLab-LoggerService: Checking Threshold
07-10 08:53:35.281 18299 18312 I PhoneLab-LoggerService: Starting to rename files
07-10 08:53:35.281 18299 18312 I PhoneLab-LoggerService: Files found .. 2
07-10 08:53:35.285 18299 18312 I PhoneLab-: Service Running
07-10 08:53:35.312 18299 18312 I PhoneLab-LoggerService: app_37    1373  1     1440   1004  c00f181c 400107b4 S logcat
07-10 08:53:35.312 18299 18312 I PhoneLab-LoggerService: Logcat pid from database 1373
07-10 08:53:35.312 18299 18312 I PhoneLab-LoggerService: Logcat process found 1373
07-10 08:53:35.316 18299 18312 I PhoneLab-LoggerService: Checking Threshold
07-10 08:53:35.316 18299 18312 I PhoneLab-LoggerService: Starting to rename files
07-10 08:53:35.316 18299 18312 I PhoneLab-LoggerService: Files found .. 2
07-10 08:53:38.640   144 10051 W ActivityManager: finishReceiver called but no pending broadcasts
07-10 08:53:38.711 25762 25764 D dalvikvm: GC_CONCURRENT freed 544K, 10% free 10638K/11783K, paused 2ms+3ms
07-10 08:53:43.554   262   262 I wpa_supplicant: wlan0: Authentication with 00:13:80:94:4a:a1 timed out.
07-10 08:53:45.312   214   216 D dalvikvm: GC_CONCURRENT freed 238K, 32% free 10002K/14663K, paused 2ms+3ms
07-10 08:53:45.445   214   216 D dalvikvm: GC_CONCURRENT freed 568K, 33% free 9916K/14663K, paused 3ms+4ms
07-10 08:53:47.386   144 10051 W ActivityManager: finishReceiver called but no pending broadcasts
07-10 08:53:47.461 25762 25764 D dalvikvm: GC_CONCURRENT freed 484K, 10% free 10691K/11783K, paused 2ms+3ms
07-10 08:53:56.191   144   376 W ActivityManager: finishReceiver called but no pending broadcasts
07-10 08:53:56.261 25762 25764 D dalvikvm: GC_CONCURRENT freed 558K, 10% free 10688K/11783K, paused 2ms+3ms
07-10 08:54:07.101 25762 25958 D dalvikvm: GC_EXPLICIT freed 423K, 11% free 10522K/11783K, paused 5ms+3ms
07-10 08:54:07.168   214   214 D dalvikvm: GC_FOR_ALLOC freed 277K, 32% free 9972K/14663K, paused 18ms
07-10 08:54:07.203   214   214 D dalvikvm: GC_FOR_ALLOC freed 370K, 33% free 9959K/14663K, paused 17ms
07-10 08:54:07.269   214   216 D dalvikvm: GC_CONCURRENT freed 320K, 32% free 10102K/14663K, paused 1ms+3ms
07-10 08:54:07.422   214   216 D dalvikvm: GC_CONCURRENT freed 516K, 32% free 9971K/14663K, paused 3ms+3ms
07-10 08:54:07.640   262   262 I wpa_supplicant: wlan0: Trying to associate with 00:14:a9:c8:31:11 (SSID='UB_Secure' freq=2412 MHz)
07-10 08:54:07.769   262   262 I wpa_supplicant: wlan0: Associated with 00:14:a9:c8:31:11
07-10 08:54:07.773   262   262 I wpa_supplicant: wlan0: CTRL-EVENT-EAP-STARTED EAP authentication started
07-10 08:54:07.777   262   262 I wpa_supplicant: wlan0: CTRL-EVENT-EAP-PROPOSED-METHOD vendor=0 method=4 -> NAK
07-10 08:54:07.781   262   262 I wpa_supplicant: wlan0: CTRL-EVENT-EAP-PROPOSED-METHOD vendor=0 method=25
07-10 08:54:07.800    75   114 D NetlinkEvent: Unexpected netlink message. type=0x0
07-10 08:54:07.816  7656  7659 D dalvikvm: GC_CONCURRENT freed 508K, 8% free 10380K/11271K, paused 2ms+3ms
07-10 08:54:07.824   262   262 I wpa_supplicant: wlan0: CTRL-EVENT-EAP-METHOD EAP vendor 0 method 25 (PEAP) selected
07-10 08:54:07.890   262   262 I wpa_supplicant: wlan0: CTRL-EVENT-EAP-PEER-CERT depth=2 subject='/C=US/O=Entrust.net/OU=www.entrust.net/CPS incorp. by ref. (limits liab.)/OU=(c) 1999 Entrust.net Limited/CN=Entrust.net Secure Server Certification Authority'
07-10 08:54:07.894   262   262 I wpa_supplicant: wlan0: CTRL-EVENT-EAP-PEER-CERT depth=2 subject='/C=US/O=Entrust.net/OU=www.entrust.net/CPS incorp. by ref. (limits liab.)/OU=(c) 1999 Entrust.net Limited/CN=Entrust.net Secure Server Certification Authority'
07-10 08:54:07.898   262   262 I wpa_supplicant: wlan0: CTRL-EVENT-EAP-PEER-CERT depth=1 subject='/C=US/ST=UT/L=Salt Lake City/O=The USERTRUST Network/CN=USERTrust Legacy Secure Server CA'
07-10 08:54:07.902   262   262 I wpa_supplicant: wlan0: CTRL-EVENT-EAP-PEER-CERT depth=0 subject='/C=US/postalCode=14260/ST=New York/L=Buffalo/street=305 Computing Center/O=SUNY AT BUFFALO/OU=Office of the President/OU=Issued through UNIVERSITY AT BUFFALO E-PKI Manager/OU=PremiumSSL Legacy/CN=ubsecure.acsu.buffalo.edu'
07-10 08:54:07.914  5714  5717 D dalvikvm: GC_CONCURRENT freed 421K, 7% free 10748K/11463K, paused 2ms+13ms
07-10 08:54:08.050   262   262 I wpa_supplicant: EAP-MSCHAPV2: Authentication succeeded
07-10 08:54:08.054   262   262 I wpa_supplicant: EAP-TLV: TLV Result - Success - EAP-TLV/Phase2 Completed
07-10 08:54:08.070   262   262 I wpa_supplicant: wlan0: CTRL-EVENT-EAP-SUCCESS EAP authentication completed successfully
07-10 08:54:08.121   262   262 I wpa_supplicant: wlan0: WPA: Key negotiation completed with 00:14:a9:c8:31:11 [PTK=CCMP GTK=TKIP]
07-10 08:54:08.121   262   262 I wpa_supplicant: wlan0: CTRL-EVENT-CONNECTED - Connection to 00:14:a9:c8:31:11 completed (reauth) [id=0 id_str=]
07-10 08:54:09.715 25762 25764 D dalvikvm: GC_CONCURRENT freed 278K, 10% free 10632K/11783K, paused 21ms+2ms
07-10 08:54:10.101  7656  7656 D dalvikvm: GC_EXPLICIT freed 208K, 9% free 10327K/11271K, paused 2ms+3ms
07-10 08:54:11.172  7656  7659 D dalvikvm: GC_CONCURRENT freed 462K, 9% free 10364K/11271K, paused 3ms+3ms
07-10 08:54:12.078  5714  8487 D dalvikvm: GC_EXPLICIT freed 57K, 7% free 10702K/11463K, paused 2ms+4ms
07-10 08:54:13.175  7656  7659 D dalvikvm: GC_CONCURRENT freed 480K, 8% free 10390K/11271K, paused 2ms+3ms
07-10 08:54:14.777   144   200 D ConnectivityService: ConnectivityChange for WIFI: CONNECTED/CONNECTED
07-10 08:54:14.777   144   200 D ConnectivityService: Policy requires mobile teardown
07-10 08:54:14.828 18299 18299 I PhoneLab-WiFiReceiver: Wi-Fi is connected!
07-10 08:54:14.832 18299 18299 I PhoneLab-WiFiReceiver: SSID: UB_Secure BSSID: 00:14:a9:c8:31:11 RSSI: -200 LinkSpeed: -1
07-10 08:54:14.832 18299 18299 I PhoneLab-Locks: wake lock acquired
07-10 08:54:14.840 18299 18299 I PhoneLab-UploadLogs: Transfering log files now
07-10 08:54:14.894   144   200 D ConnectivityService: ConnectivityChange for mobile: DISCONNECTED/DISCONNECTED
07-10 08:54:14.898   144   200 D ConnectivityService: Attempting to switch to WIFI
07-10 08:54:14.898   144   200 D ConnectivityService: Attempting to switch to WIMAX
07-10 08:54:14.898   144   200 D ConnectivityService: Attempting to switch to BLUETOOTH_TETHER
07-10 08:54:14.925   144   200 D NetUtils: android_net_utils_resetConnections in env=0x13390c8 clazz=0x1af00001 iface=rmnet0 mask=0x3
07-10 08:54:14.925   144   200 D ConnectivityService: resetConnections(rmnet0, 3)
07-10 08:54:14.933   144   195 W NetworkStats: dropping UID delta from unknown iface: iface=wlan0 uid=0 set=DEFAULT tag=0x0 rxBytes=736 rxPackets=3 txBytes=328 txPackets=5 operations=0
07-10 08:54:15.050 18299 18301 D dalvikvm: GC_CONCURRENT freed 419K, 18% free 9240K/11143K, paused 3ms+8ms
07-10 08:54:15.066   214   216 D dalvikvm: GC_CONCURRENT freed 232K, 31% free 10127K/14663K, paused 1ms+16ms
07-10 08:54:15.121 18299 18301 D dalvikvm: GC_CONCURRENT freed 242K, 16% free 9422K/11143K, paused 2ms+7ms
07-10 08:54:15.168 18299 18301 D dalvikvm: GC_CONCURRENT freed 254K, 14% free 9678K/11143K, paused 2ms+16ms
07-10 08:54:15.179 18299 18299 I PhoneLab-UploadLogs: OnStartCommand
07-10 08:54:15.316  5714 25895 W Smack/Packet: notify conn break (IOEx), close connection
07-10 08:54:15.332 18299 26005 D dalvikvm: GC_FOR_ALLOC freed 307K, 13% free 9698K/11143K, paused 88ms
07-10 08:54:15.351 18299 26005 D dalvikvm: GC_FOR_ALLOC freed 301K, 13% free 9698K/11143K, paused 16ms
07-10 08:54:15.371 18299 26005 D dalvikvm: GC_FOR_ALLOC freed 301K, 13% free 9699K/11143K, paused 16ms
07-10 08:54:15.480  5714 25895 I qtaguid : Failed write_ctrl(u 61) res=-1 errno=22
07-10 08:54:15.492  5714 25895 I qtaguid : Untagging socket 61 failed errno=-22
07-10 08:54:15.496  5714 25895 W NetworkManagementSocketTagger: untagSocket(61) failed with errno -22
07-10 08:54:15.519   144   200 D ConnectivityService: handleInetConditionChange: net=0 != default=1 - ignore
07-10 08:54:15.590  7656  7659 D dalvikvm: GC_CONCURRENT freed 500K, 9% free 10362K/11271K, paused 2ms+4ms
07-10 08:54:17.191 25762 25764 D dalvikvm: GC_CONCURRENT freed 107K, 8% free 10945K/11783K, paused 11ms+3ms
07-10 08:54:17.242  7656  7659 D dalvikvm: GC_CONCURRENT freed 489K, 9% free 10363K/11271K, paused 2ms+2ms
07-10 08:54:17.312 18299 18299 I PhoneLab-: 1341924384849.log is deleted
07-10 08:54:17.312 18299 18299 I PhoneLab-: Response: {"data": "done", "err": ""}
07-10 08:54:17.316 18299 18299 I PhoneLab-UploadLogs: No log files to transfer
07-10 08:54:17.316 18299 18299 I PhoneLab-Locks: wake lock released
07-10 08:54:17.765 25762 25764 D dalvikvm: GC_CONCURRENT freed 404K, 6% free 11165K/11783K, paused 2ms+2ms
07-10 08:54:17.949   144   204 D Tethering: MasterInitialState.processMessage what=3
07-10 08:54:18.007   144   204 D Tethering: MasterInitialState.processMessage what=3
07-10 08:54:18.011  5714  5714 I GTalkService/c: [AndroidEndpoint@1094226184] connect: acct=1000000, state=CONNECTING
07-10 08:54:18.015  5714  5714 I GTalkService/c: [GTalkConnection@1094490160] connect: acct=1, state=CONNECTING
07-10 08:54:18.031   144   204 D Tethering: MasterInitialState.processMessage what=3
07-10 08:54:18.066 25623 25623 I MediaUploader: No need to wake up
07-10 08:54:18.168 25687 25687 W ContextScopeImpl: thread=1 tried to enter the scope of the application context. Ignored.
07-10 08:54:18.242 23589 24141 D PicasaSyncManager: active network: NetworkInfo: type: WIFI[], state: CONNECTED/CONNECTED, reason: (unspecified), extra: (none), roaming: false, failover: false, isAvailable: true
07-10 08:54:18.242 23589 24141 D PicasaSyncManager: background data: true
07-10 08:54:18.273   144   147 D dalvikvm: GC_CONCURRENT freed 1902K, 17% free 17735K/21255K, paused 3ms+14ms
07-10 08:54:18.406   144   403 D dalvikvm: GC_EXPLICIT freed 90K, 17% free 17653K/21255K, paused 3ms+8ms
07-10 08:54:18.476 25623 25623 I MediaUploader: No need to wake up
07-10 08:54:18.558 25687 25687 W ContextScopeImpl: thread=1 tried to enter the scope of the application context. Ignored.
07-10 08:54:18.601 25623 25623 I MediaUploader: No need to wake up
07-10 08:54:18.679 25687 25687 W ContextScopeImpl: thread=1 tried to enter the scope of the application context. Ignored.
07-10 08:54:18.882 23589 24141 D PicasaSyncManager: active network: NetworkInfo: type: WIFI[], state: CONNECTED/CONNECTED, reason: (unspecified), extra: (none), roaming: false, failover: false, isAvailable: true
07-10 08:54:18.882 23589 24141 D PicasaSyncManager: background data: true
07-10 08:54:18.980 23589 23652 D dalvikvm: GC_EXPLICIT freed 356K, 19% free 13333K/16327K, paused 17ms+7ms
07-10 08:54:19.129  7656  7659 D dalvikvm: GC_CONCURRENT freed 436K, 8% free 10384K/11271K, paused 2ms+3ms
07-10 08:54:21.215  7656  7659 D dalvikvm: GC_CONCURRENT freed 458K, 8% free 10383K/11271K, paused 3ms+4ms
07-10 08:54:23.125  7656  7659 D dalvikvm: GC_CONCURRENT freed 457K, 8% free 10384K/11271K, paused 2ms+3ms
07-10 08:54:23.793  5714  5717 D dalvikvm: GC_CONCURRENT freed 388K, 7% free 10757K/11463K, paused 2ms+5ms
07-10 08:54:24.054   144  7984 I ActivityManager: Process com.google.android.gsf.login (pid 15100) has died.
07-10 08:54:24.062 24451 24451 W GoogleVoice: PhoneCallListActivity: unknown action, threading as Intent.ACTION_MAIN: null
07-10 08:54:24.183 24451 24468 I System.out: [INFO:4966411]: LogSource: Running flush
07-10 08:54:24.191 24451 24471 I System.out: [INFO:4966419]: LogSource: Sending payload [bytes=409]
07-10 08:54:24.340 24451 26043 D dalvikvm: GC_FOR_ALLOC freed 574K, 14% free 11902K/13703K, paused 68ms
07-10 08:54:24.593 16301 16318 D dalvikvm: GC_EXPLICIT freed 343K, 7% free 9792K/10439K, paused 4ms+15ms
07-10 08:54:24.609 24451 24458 I dalvikvm: Jit: resizing JitTable from 8192 to 16384
07-10 08:54:24.937 24451 26043 D dalvikvm: GC_FOR_ALLOC freed 597K, 14% free 11907K/13703K, paused 47ms
07-10 08:54:25.027 16301 16303 D dalvikvm: GC_CONCURRENT freed 350K, 6% free 9828K/10439K, paused 2ms+9ms
07-10 08:54:25.039 24451 24471 I System.out: [INFO:4967267]: LogSource: Response [http=200,length=254]
07-10 08:54:25.039 24451 24468 I System.out: [INFO:4967267]: LogSource: Read id 62, status code 200
07-10 08:54:25.129   144   326 D dalvikvm: GC_EXPLICIT freed 921K, 17% free 17669K/21255K, paused 5ms+11ms
07-10 08:54:25.332 25762 25764 D dalvikvm: GC_CONCURRENT freed 857K, 9% free 10988K/11975K, paused 3ms+5ms
07-10 08:54:25.468  7656  7659 D dalvikvm: GC_CONCURRENT freed 459K, 8% free 10385K/11271K, paused 2ms+3ms
07-10 08:54:25.824   144   200 D ConnectivityService: handleInetConditionHoldEnd: net=1, condition=100, published condition=0
07-10 08:54:26.218 18299 18299 I PhoneLab-Locks: wake lock acquired
07-10 08:54:26.254 18299 26051 I PhoneLab-PeriodicCheckService: User info is synched
07-10 08:54:26.257 18299 26051 I PhoneLab-PeriodicCheckService: Logger Service is running
07-10 08:54:26.261 18299 18299 I PhoneLab-Locks: wake lock acquired
07-10 08:54:26.269 18299 18299 I PhoneLab-StatusMonitor: Status Monitoring is started
07-10 08:54:26.281 18299 26051 I PhoneLab-Locks: wake lock acquired
07-10 08:54:26.285 18299 26051 I PhoneLab-PeriodicCheckService: Rescheduling periodic checking...
07-10 08:54:26.289 18299 26051 I PhoneLab-Locks: wake lock released
07-10 08:54:26.304 18299 18301 D dalvikvm: GC_CONCURRENT freed 932K, 18% free 9165K/11143K, paused 1ms+2ms
07-10 08:54:26.507 18299 18299 E PhoneLab-PhoneLabManifest: java.io.FileNotFoundException: /data/data/edu.buffalo.cse.phonelab.phonelabservices/files/manifest.xml: open failed: ENOENT (No such file or directory)
07-10 08:54:26.543 18299 18299 I PhoneLab-Locks: wake lock released
07-10 08:54:26.554 18299 18299 I PhoneLab-UploadLogs: Transfering log files now
07-10 08:54:26.554 18299 18299 I PhoneLab-UploadLogs: No log files to transfer
07-10 08:54:26.554 18299 18299 I PhoneLab-Locks: wake lock released
07-10 08:54:26.562 18299 18299 I PhoneLab-UploadLogs: OnStartCommand
07-10 08:54:27.160  7656  7659 D dalvikvm: GC_CONCURRENT freed 462K, 8% free 10383K/11271K, paused 2ms+3ms
07-10 08:54:27.445 25762 26012 D dalvikvm: GC_FOR_ALLOC freed 433K, 8% free 11076K/11975K, paused 28ms
07-10 08:54:27.476 25762 26012 D dalvikvm: GC_FOR_ALLOC freed 34K, 8% free 11074K/11975K, paused 26ms
07-10 08:54:27.519 25762 26012 D dalvikvm: GC_FOR_ALLOC freed 161K, 8% free 11039K/11975K, paused 26ms
07-10 08:54:29.172  7656  7659 D dalvikvm: GC_CONCURRENT freed 457K, 8% free 10383K/11271K, paused 1ms+3ms
07-10 08:54:31.136  7656  7659 D dalvikvm: GC_CONCURRENT freed 459K, 8% free 10384K/11271K, paused 3ms+3ms
07-10 08:54:32.824  5714  5717 D dalvikvm: GC_CONCURRENT freed 427K, 6% free 10784K/11463K, paused 2ms+4ms
07-10 08:54:32.949 25762 25764 D dalvikvm: GC_CONCURRENT freed 687K, 9% free 10899K/11975K, paused 4ms+4ms
07-10 08:54:33.132  7656  7659 D dalvikvm: GC_CONCURRENT freed 458K, 8% free 10384K/11271K, paused 1ms+3ms
07-10 08:54:35.121  7656  7659 D dalvikvm: GC_CONCURRENT freed 462K, 8% free 10384K/11271K, paused 2ms+4ms
07-10 08:54:36.082  7656 26071 D dalvikvm: GC_EXPLICIT freed 78K, 9% free 10324K/11271K, paused 3ms+2ms
07-10 08:54:37.203 25762 25764 D dalvikvm: GC_CONCURRENT freed 369K, 8% free 11135K/11975K, paused 3ms+17ms
07-10 08:54:37.265  7656  7659 D dalvikvm: GC_CONCURRENT freed 383K, 8% free 10380K/11271K, paused 2ms+10ms
07-10 08:54:37.300 25762 26012 D dalvikvm: GC_FOR_ALLOC freed 184K, 8% free 11105K/11975K, paused 38ms
07-10 08:54:37.300 25762 26012 I dalvikvm-heap: Grow heap (frag case) to 10.976MB for 64450-byte allocation
07-10 08:54:37.340 25762 25958 D dalvikvm: GC_FOR_ALLOC freed 31K, 8% free 11136K/12039K, paused 26ms
07-10 08:54:39.160  7656  7659 D dalvikvm: GC_CONCURRENT freed 497K, 9% free 10360K/11271K, paused 2ms+3ms
07-10 08:54:41.136   144  9084 D dalvikvm: GC_EXPLICIT freed 1136K, 18% free 17587K/21255K, paused 7ms+10ms
07-10 08:54:41.246  7656  7659 D dalvikvm: GC_CONCURRENT freed 475K, 9% free 10361K/11271K, paused 2ms+3ms
07-10 08:54:42.871 25762 25764 D dalvikvm: GC_CONCURRENT freed 824K, 10% free 10923K/12039K, paused 2ms+4ms
07-10 08:54:43.191  7656  7659 D dalvikvm: GC_CONCURRENT freed 455K, 8% free 10381K/11271K, paused 2ms+2ms
07-10 08:54:44.035 18299 18312 I PhoneLab-: Service Running
07-10 08:54:44.148 18299 18312 I PhoneLab-LoggerService: app_37    1373  1     1440   1004  c00f181c 400107b4 S logcat
07-10 08:54:44.148 18299 18312 I PhoneLab-LoggerService: Logcat pid from database 1373
07-10 08:54:44.152 18299 18312 I PhoneLab-LoggerService: Logcat process found 1373
07-10 08:54:44.152 18299 18312 I PhoneLab-LoggerService: Checking Threshold
07-10 08:54:45.113  7656  7659 D dalvikvm: GC_CONCURRENT freed 468K, 8% free 10386K/11271K, paused 2ms+3ms
07-10 08:54:46.765 25762 25764 D dalvikvm: GC_CONCURRENT freed 388K, 8% free 11141K/12039K, paused 3ms+3ms
07-10 08:54:46.832 25762 26012 D dalvikvm: GC_FOR_ALLOC freed 306K, 9% free 11069K/12039K, paused 29ms
07-10 08:54:47.156  7656  7659 D dalvikvm: GC_CONCURRENT freed 503K, 9% free 10360K/11271K, paused 2ms+2ms
07-10 08:54:49.152  7656  7659 D dalvikvm: GC_CONCURRENT freed 476K, 9% free 10361K/11271K, paused 3ms+3ms
07-10 08:54:51.136  7656  7659 D dalvikvm: GC_CONCURRENT freed 459K, 8% free 10378K/11271K, paused 2ms+4ms
07-10 08:54:52.074  5714  8487 D dalvikvm: GC_EXPLICIT freed 264K, 6% free 10847K/11463K, paused 3ms+6ms
07-10 08:54:52.832 25762 25764 D dalvikvm: GC_CONCURRENT freed 705K, 10% free 10930K/12039K, paused 2ms+4ms
07-10 08:54:53.203  7656  7659 D dalvikvm: GC_CONCURRENT freed 464K, 8% free 10389K/11271K, paused 3ms+3ms
07-10 08:54:55.117  7656  7659 D dalvikvm: GC_CONCURRENT freed 501K, 9% free 10364K/11271K, paused 2ms+4ms
07-10 08:54:56.578 25762 25764 D dalvikvm: GC_CONCURRENT freed 388K, 8% free 11187K/12039K, paused 2ms+3ms
07-10 08:54:56.621 25762 26012 D dalvikvm: GC_FOR_ALLOC freed 230K, 8% free 11084K/12039K, paused 28ms
07-10 08:54:57.140  7656  7659 D dalvikvm: GC_CONCURRENT freed 480K, 9% free 10360K/11271K, paused 2ms+3ms
07-10 08:54:59.148  7656  7659 D dalvikvm: GC_CONCURRENT freed 476K, 9% free 10361K/11271K, paused 2ms+2ms
07-10 08:55:01.117  7656  7659 D dalvikvm: GC_CONCURRENT freed 477K, 9% free 10361K/11271K, paused 2ms+3ms
07-10 08:55:01.644 25762 25764 D dalvikvm: GC_CONCURRENT freed 756K, 10% free 10889K/12039K, paused 2ms+4ms
07-10 08:55:03.195   144   323 D dalvikvm: GC_EXPLICIT freed 1229K, 17% free 17648K/21255K, paused 3ms+10ms
07-10 08:55:03.261  7656 26125 D dalvikvm: GC_EXPLICIT freed 273K, 9% free 10334K/11271K, paused 18ms+4ms
07-10 08:55:04.164  7656  7659 D dalvikvm: GC_CONCURRENT freed 416K, 8% free 10386K/11271K, paused 3ms+4ms
07-10 08:55:06.254 25762 25764 D dalvikvm: GC_CONCURRENT freed 363K, 8% free 11119K/12039K, paused 2ms+4ms
07-10 08:55:06.320  7656  7659 D dalvikvm: GC_CONCURRENT freed 472K, 8% free 10387K/11271K, paused 2ms+5ms
07-10 08:55:06.355 25762 26012 D dalvikvm: GC_FOR_ALLOC freed 250K, 8% free 11084K/12039K, paused 45ms
07-10 08:55:07.590 25762 25769 I dalvikvm: Jit: resizing JitTable from 4096 to 8192
07-10 08:55:07.898  7656  7659 D dalvikvm: GC_CONCURRENT freed 509K, 9% free 10361K/11271K, paused 2ms+3ms
07-10 08:55:07.933 25762 25764 D dalvikvm: GC_CONCURRENT freed 949K, 12% free 10696K/12039K, paused 2ms+3ms
07-10 08:55:09.179  7656  7659 D dalvikvm: GC_CONCURRENT freed 484K, 9% free 10359K/11271K, paused 3ms+3ms
07-10 08:55:11.113  7656  7659 D dalvikvm: GC_CONCURRENT freed 487K, 9% free 10361K/11271K, paused 2ms+2ms
07-10 08:55:13.129  7656  7659 D dalvikvm: GC_CONCURRENT freed 487K, 9% free 10362K/11271K, paused 3ms+3ms
07-10 08:55:13.675 25762 25764 D dalvikvm: GC_CONCURRENT freed 167K, 9% free 10964K/12039K, paused 22ms+3ms
07-10 08:55:15.156  7656  7659 D dalvikvm: GC_CONCURRENT freed 488K, 9% free 10362K/11271K, paused 2ms+3ms
07-10 08:55:15.976 25762 25764 D dalvikvm: GC_CONCURRENT freed 427K, 8% free 11127K/12039K, paused 2ms+4ms
07-10 08:55:17.125  7656  7659 D dalvikvm: GC_CONCURRENT freed 495K, 8% free 10394K/11271K, paused 2ms+3ms
07-10 08:55:19.140  7656  7659 D dalvikvm: GC_CONCURRENT freed 502K, 8% free 10395K/11271K, paused 3ms+3ms
07-10 08:55:20.531 25762 25764 D dalvikvm: GC_CONCURRENT freed 863K, 10% free 10844K/12039K, paused 20ms+4ms
07-10 08:55:21.121  7656  7659 D dalvikvm: GC_CONCURRENT freed 514K, 9% free 10369K/11271K, paused 2ms+3ms
07-10 08:55:23.179   144  7984 D dalvikvm: GC_EXPLICIT freed 1172K, 18% free 17634K/21255K, paused 3ms+10ms
07-10 08:55:23.277  7656  7659 D dalvikvm: GC_CONCURRENT freed 494K, 9% free 10365K/11271K, paused 1ms+3ms
07-10 08:55:24.023  5714  5717 D dalvikvm: GC_CONCURRENT freed 416K, 5% free 10977K/11527K, paused 2ms+10ms
07-10 08:55:25.121  7656  7659 D dalvikvm: GC_CONCURRENT freed 491K, 9% free 10363K/11271K, paused 2ms+3ms
07-10 08:55:25.621 25762 25764 D dalvikvm: GC_CONCURRENT freed 324K, 8% free 11108K/12039K, paused 2ms+4ms
07-10 08:55:25.711 25762 26012 D dalvikvm: GC_FOR_ALLOC freed 401K, 9% free 11059K/12039K, paused 28ms
07-10 08:55:27.160  7656  7659 D dalvikvm: GC_CONCURRENT freed 488K, 9% free 10363K/11271K, paused 2ms+3ms
07-10 08:55:29.117  7656  7656 D dalvikvm: GC_EXPLICIT freed 282K, 9% free 10332K/11271K, paused 2ms+2ms
07-10 08:55:30.152  7656  7659 D dalvikvm: GC_CONCURRENT freed 445K, 8% free 10398K/11271K, paused 1ms+2ms
07-10 08:55:31.965 25762 25764 D dalvikvm: GC_CONCURRENT freed 698K, 9% free 10958K/12039K, paused 2ms+5ms
07-10 08:55:32.156  7656  7659 D dalvikvm: GC_CONCURRENT freed 501K, 8% free 10409K/11271K, paused 3ms+4ms
07-10 08:55:34.136  7656  7659 D dalvikvm: GC_CONCURRENT freed 540K, 8% free 10380K/11271K, paused 2ms+3ms
07-10 08:55:34.746   262   262 I wpa_supplicant: wlan0: CTRL-EVENT-DISCONNECTED bssid=00:14:a9:c8:31:11 reason=0
07-10 08:55:34.789    75   117 D CommandListener: Clearing all IP addresses on wlan0
07-10 08:55:34.820   144   200 D ConnectivityService: ConnectivityChange for WIFI: DISCONNECTED/DISCONNECTED
07-10 08:55:34.824   144   200 D ConnectivityService: Attempting to switch to mobile
07-10 08:55:34.824   144   200 D ConnectivityService: Attempting to switch to WIMAX
07-10 08:55:34.824   144   200 D ConnectivityService: Attempting to switch to BLUETOOTH_TETHER
07-10 08:55:34.863   144   200 E ConnectivityService: Exception trying to remove a route: java.lang.IllegalStateException: Unable to communicate with native dameon to add routes - com.android.server.NativeDaemonConnectorException: Cmd {interface route remove wlan0 default 67.20.213.254 32 0.0.0.0} failed with code 400 : {Failed to remove route from default table (No such process)}
07-10 08:55:34.867   144   200 D NetUtils: android_net_utils_resetConnections in env=0x13390c8 clazz=0x2a900001 iface=wlan0 mask=0x3
07-10 08:55:34.867   144   200 E ConnectivityService: Exception trying to remove a route: java.lang.IllegalStateException: Unable to communicate with native dameon to add routes - com.android.server.NativeDaemonConnectorException: Cmd {interface route remove wlan0 default 0.0.0.0 0 67.20.213.254} failed with code 400 : {Failed to remove route from default table (No such process)}
07-10 08:55:34.867   144   200 D ConnectivityService: resetConnections(wlan0, 3)
07-10 08:55:35.011  5714 26040 W Smack/Packet: notify conn break (IOEx), close connection
07-10 08:55:35.179  5714 26040 I qtaguid : Failed write_ctrl(u 61) res=-1 errno=22
07-10 08:55:35.179  5714 26040 I qtaguid : Untagging socket 61 failed errno=-22
07-10 08:55:35.179  5714 26040 W NetworkManagementSocketTagger: untagSocket(61) failed with errno -22
07-10 08:55:35.187   144   200 D ConnectivityService: handleInetConditionChange: no active default network - ignore
07-10 08:55:35.363 25762 25764 D dalvikvm: GC_CONCURRENT freed 424K, 8% free 11157K/12039K, paused 2ms+4ms
07-10 08:55:35.402 25762 26012 D dalvikvm: GC_FOR_ALLOC freed 166K, 8% free 11086K/12039K, paused 35ms
07-10 08:55:35.504   262   262 I wpa_supplicant: wlan0: Trying to associate with 00:1a:a2:dc:8c:11 (SSID='UB_Secure' freq=2462 MHz)
07-10 08:55:35.632   262   262 I wpa_supplicant: wlan0: Associated with 00:1a:a2:dc:8c:11
07-10 08:55:35.632   262   262 I wpa_supplicant: wlan0: CTRL-EVENT-EAP-STARTED EAP authentication started
07-10 08:55:35.636   262   262 I wpa_supplicant: wlan0: CTRL-EVENT-EAP-PROPOSED-METHOD vendor=0 method=4 -> NAK
07-10 08:55:35.644   262   262 I wpa_supplicant: wlan0: CTRL-EVENT-EAP-PROPOSED-METHOD vendor=0 method=25
07-10 08:55:35.644   262   262 I wpa_supplicant: wlan0: CTRL-EVENT-EAP-METHOD EAP vendor 0 method 25 (PEAP) selected
07-10 08:55:35.695   262   262 I wpa_supplicant: wlan0: CTRL-EVENT-EAP-PEER-CERT depth=2 subject='/C=US/O=Entrust.net/OU=www.entrust.net/CPS incorp. by ref. (limits liab.)/OU=(c) 1999 Entrust.net Limited/CN=Entrust.net Secure Server Certification Authority'
07-10 08:55:35.695   262   262 I wpa_supplicant: wlan0: CTRL-EVENT-EAP-PEER-CERT depth=2 subject='/C=US/O=Entrust.net/OU=www.entrust.net/CPS incorp. by ref. (limits liab.)/OU=(c) 1999 Entrust.net Limited/CN=Entrust.net Secure Server Certification Authority'
07-10 08:55:35.695   262   262 I wpa_supplicant: wlan0: CTRL-EVENT-EAP-PEER-CERT depth=1 subject='/C=US/ST=UT/L=Salt Lake City/O=The USERTRUST Network/CN=USERTrust Legacy Secure Server CA'
07-10 08:55:35.699   262   262 I wpa_supplicant: wlan0: CTRL-EVENT-EAP-PEER-CERT depth=0 subject='/C=US/postalCode=14260/ST=New York/L=Buffalo/street=305 Computing Center/O=SUNY AT BUFFALO/OU=Office of the President/OU=Issued through UNIVERSITY AT BUFFALO E-PKI Manager/OU=PremiumSSL Legacy/CN=ubsecure.acsu.buffalo.edu'
07-10 08:55:35.851   262   262 I wpa_supplicant: EAP-MSCHAPV2: Authentication succeeded
07-10 08:55:35.855   262   262 I wpa_supplicant: EAP-TLV: TLV Result - Success - EAP-TLV/Phase2 Completed
07-10 08:55:35.863   262   262 I wpa_supplicant: wlan0: CTRL-EVENT-EAP-SUCCESS EAP authentication completed successfully
07-10 08:55:35.898   262   262 I wpa_supplicant: wlan0: WPA: Key negotiation completed with 00:1a:a2:dc:8c:11 [PTK=CCMP GTK=TKIP]
07-10 08:55:35.898   262   262 I wpa_supplicant: wlan0: CTRL-EVENT-CONNECTED - Connection to 00:1a:a2:dc:8c:11 completed (reauth) [id=0 id_str=]
07-10 08:55:36.277  7656  7659 D dalvikvm: GC_CONCURRENT freed 483K, 8% free 10408K/11271K, paused 2ms+3ms
07-10 08:55:36.535   144   200 D ConnectivityService: ConnectivityChange for WIFI: CONNECTED/CONNECTED
07-10 08:55:36.554 18299 18299 I PhoneLab-WiFiReceiver: Wi-Fi is connected!
07-10 08:55:36.554 18299 18299 I PhoneLab-WiFiReceiver: SSID: UB_Secure BSSID: 00:1a:a2:dc:8c:11 RSSI: -200 LinkSpeed: -1
07-10 08:55:36.554 18299 18299 I PhoneLab-Locks: wake lock acquired
07-10 08:55:36.566 18299 18299 I PhoneLab-UploadLogs: Transfering log files now
07-10 08:55:36.566 18299 18299 I PhoneLab-UploadLogs: No log files to transfer
07-10 08:55:36.566 18299 18299 I PhoneLab-Locks: wake lock released
07-10 08:55:36.570 18299 18299 I PhoneLab-UploadLogs: OnStartCommand
07-10 08:55:36.578   144   195 W NetworkStats: dropping UID delta from unknown iface: iface=wlan0 uid=0 set=DEFAULT tag=0x0 rxBytes=0 rxPackets=0 txBytes=152 txPackets=2 operations=0
07-10 08:55:37.539   144   200 D ConnectivityService: NetTransition Wakelock for WifiStateMachine released by timeout
07-10 08:55:37.894   144   204 D Tethering: MasterInitialState.processMessage what=3
07-10 08:55:37.953  5714  5714 I GTalkService/c: [AndroidEndpoint@1094226184] connect: acct=1000000, state=CONNECTING
07-10 08:55:37.957  5714  5714 I GTalkService/c: [GTalkConnection@1094490160] connect: acct=1, state=CONNECTING
07-10 08:55:37.992 25623 25623 I MediaUploader: No need to wake up
07-10 08:55:37.992 18299 18299 I PhoneLab-WiFiReceiver: Wi-Fi is disconnected!
07-10 08:55:38.070 25687 25687 W ContextScopeImpl: thread=1 tried to enter the scope of the application context. Ignored.
07-10 08:55:38.078 23589 24141 D PicasaSyncManager: active network: NetworkInfo: type: WIFI[], state: CONNECTED/CONNECTED, reason: (unspecified), extra: (none), roaming: false, failover: false, isAvailable: true
07-10 08:55:38.086 23589 24141 D PicasaSyncManager: background data: true
07-10 08:55:38.187  5714  5725 D dalvikvm: GC_EXPLICIT freed 440K, 7% free 10835K/11527K, paused 2ms+7ms
07-10 08:55:38.215   144   168 I ActivityManager: Start proc com.google.android.apps.currents for service com.google.android.apps.currents/com.google.apps.dots.android.app.service.SyncService: pid=26228 uid=10078 gids={3003, 1015}
07-10 08:55:38.382  7656  7659 D dalvikvm: GC_CONCURRENT freed 535K, 8% free 10385K/11271K, paused 3ms+37ms
07-10 08:55:38.672 26228 26228 I ActivityThread: Pub com.google.apps.dots.android.app.provider.SuggestionProvider: com.google.apps.dots.android.app.provider.SuggestionProvider
07-10 08:55:38.691 26228 26228 I ActivityThread: Pub com.google.android.apps.currents.exported: com.google.apps.dots.android.app.provider.ExportedContentProvider
07-10 08:55:38.773 26228 26231 D dalvikvm: GC_CONCURRENT freed 175K, 3% free 9361K/9607K, paused 19ms+3ms
07-10 08:55:38.836 26228 26231 D dalvikvm: GC_CONCURRENT freed 265K, 5% free 9586K/9991K, paused 1ms+2ms
07-10 08:55:39.031 26228 26231 D dalvikvm: GC_CONCURRENT freed 235K, 4% free 9850K/10183K, paused 2ms+3ms
07-10 08:55:39.058   144   147 D dalvikvm: GC_CONCURRENT freed 1881K, 17% free 17681K/21255K, paused 3ms+26ms
07-10 08:55:39.215 26228 26231 D dalvikvm: GC_CONCURRENT freed 238K, 4% free 10116K/10439K, paused 1ms+2ms
07-10 08:55:39.289 26228 26228 I DotsContentUris: content://com.google.android.apps.currents
07-10 08:55:39.308 26228 26228 I ActivityThread: Pub com.google.android.apps.currents: com.google.apps.dots.android.app.provider.DotsContentProvider
07-10 08:55:39.324 26228 26228 I DotsApplication: Starting up...
07-10 08:55:39.601   144   204 D Tethering: MasterInitialState.processMessage what=3
07-10 08:55:39.781   144   376 D dalvikvm: GC_EXPLICIT freed 290K, 18% free 17502K/21255K, paused 3ms+12ms
07-10 08:55:39.886 25623 25623 I MediaUploader: No need to wake up
07-10 08:55:39.984 23589 24141 D PicasaSyncManager: active network: NetworkInfo: type: WIFI[], state: CONNECTED/CONNECTED, reason: (unspecified), extra: (none), roaming: false, failover: false, isAvailable: true
07-10 08:55:40.004 25687 25687 W ContextScopeImpl: thread=1 tried to enter the scope of the application context. Ignored.
07-10 08:55:40.121   344   347 D dalvikvm: GC_CONCURRENT freed 779K, 14% free 11781K/13639K, paused 5ms+5ms
07-10 08:55:40.136   144   200 D ConnectivityService: handleInetConditionHoldEnd: net=1, condition=100, published condition=0
07-10 08:55:40.144 23589 24141 D PicasaSyncManager: background data: true
07-10 08:55:40.289 26228 26231 D dalvikvm: GC_CONCURRENT freed 433K, 6% free 10141K/10695K, paused 3ms+10ms
07-10 08:55:40.531  7656  7659 D dalvikvm: GC_CONCURRENT freed 513K, 8% free 10381K/11271K, paused 3ms+5ms
07-10 08:55:40.656 26228 26231 D dalvikvm: GC_CONCURRENT freed 262K, 4% free 10315K/10695K, paused 3ms+3ms
07-10 08:55:40.660 26228 26258 I SyncService: Starting sync (08:55:40)
07-10 08:55:41.066   144   200 D ConnectivityService: handleInetConditionHoldEnd: net=1, condition=100, published condition=100
07-10 08:55:41.687   144   200 D ConnectivityService: ConnectivityChange for mobile: CONNECTED/CONNECTED
07-10 08:55:41.804   144   200 D ConnectivityService: ConnectivityChange for mobile: DISCONNECTED/DISCONNECTED
07-10 08:55:41.804   144   200 D NetUtils: android_net_utils_resetConnections in env=0x13390c8 clazz=0x41200001 iface=rmnet0 mask=0x3
07-10 08:55:41.804   144   200 D ConnectivityService: Attempting to switch to WIFI
07-10 08:55:41.804   144   200 D ConnectivityService: Attempting to switch to WIMAX
07-10 08:55:41.804   144   200 D ConnectivityService: Attempting to switch to BLUETOOTH_TETHER
07-10 08:55:41.804   144   200 D ConnectivityService: resetConnections(rmnet0, 3)
07-10 08:55:42.101 25741 25744 D dalvikvm: GC_CONCURRENT freed 491K, 7% free 9370K/9991K, paused 129ms+22ms
07-10 08:55:42.164 25762 25764 D dalvikvm: GC_CONCURRENT freed 769K, 10% free 10929K/12039K, paused 3ms+266ms
07-10 08:55:42.234  5714  5717 D dalvikvm: GC_CONCURRENT freed 495K, 6% free 10836K/11527K, paused 245ms+4ms
07-10 08:55:42.382  7656  7659 D dalvikvm: GC_CONCURRENT freed 512K, 8% free 10380K/11271K, paused 2ms+4ms
07-10 08:55:44.230  7656  7659 D dalvikvm: GC_CONCURRENT freed 505K, 8% free 10386K/11271K, paused 2ms+4ms
07-10 08:55:44.289 26228 26231 D dalvikvm: GC_CONCURRENT freed 286K, 4% free 10467K/10887K, paused 4ms+3ms
07-10 08:55:44.570 26228 26231 D dalvikvm: GC_CONCURRENT freed 220K, 4% free 10662K/11015K, paused 2ms+2ms
07-10 08:55:44.683 26228 26231 D dalvikvm: GC_CONCURRENT freed 445K, 6% free 10708K/11335K, paused 2ms+2ms
07-10 08:55:44.918   144   204 D Tethering: MasterInitialState.processMessage what=3
07-10 08:55:44.961   144   204 D Tethering: MasterInitialState.processMessage what=3
07-10 08:55:45.004 25623 25623 I MediaUploader: No need to wake up
07-10 08:55:45.093 25687 25687 W ContextScopeImpl: thread=1 tried to enter the scope of the application context. Ignored.
07-10 08:55:45.125 23589 24141 D PicasaSyncManager: active network: NetworkInfo: type: WIFI[], state: CONNECTED/CONNECTED, reason: (unspecified), extra: (none), roaming: false, failover: false, isAvailable: true
07-10 08:55:45.148 23589 24141 D PicasaSyncManager: background data: true
07-10 08:55:45.293 25623 25623 I MediaUploader: No need to wake up
07-10 08:55:45.457 25687 25687 W ContextScopeImpl: thread=1 tried to enter the scope of the application context. Ignored.
07-10 08:55:45.468 23589 24141 D PicasaSyncManager: active network: NetworkInfo: type: WIFI[], state: CONNECTED/CONNECTED, reason: (unspecified), extra: (none), roaming: false, failover: false, isAvailable: true
07-10 08:55:45.468 23589 24141 D PicasaSyncManager: background data: true
07-10 08:55:45.468   144   200 D ConnectivityService: handleInetConditionHoldEnd: net=1, condition=100, published condition=100
07-10 08:55:45.640 25762 25764 D dalvikvm: GC_CONCURRENT freed 393K, 8% free 11157K/12039K, paused 2ms+3ms
07-10 08:55:45.699 25762 26012 D dalvikvm: GC_FOR_ALLOC freed 261K, 9% free 11068K/12039K, paused 31ms
07-10 08:55:45.847 26228 26231 D dalvikvm: GC_CONCURRENT freed 513K, 6% free 10689K/11335K, paused 2ms+3ms
07-10 08:55:45.914   144  9084 D SyncManager: setSyncAutomatically: , provider com.google.android.apps.currents -> true
07-10 08:55:45.914   144  9084 D SyncManager: setSyncAutomatically: already set to true, doing nothing
07-10 08:55:46.011   144   403 I ActivityManager: Process com.android.providers.calendar (pid 25605) has died.
07-10 08:55:46.015 24451 24451 W GoogleVoice: PhoneCallListActivity: unknown action, threading as Intent.ACTION_MAIN: null
07-10 08:55:46.109 24451 24468 I System.out: [INFO:5048339]: LogSource: Running flush
07-10 08:55:46.113 24451 24469 I System.out: [INFO:5048341]: LogSource: Sending payload [bytes=409]
07-10 08:55:46.254 24451 26283 D dalvikvm: GC_EXPLICIT freed 223K, 14% free 11882K/13703K, paused 18ms+6ms
07-10 08:55:46.375   144   147 D dalvikvm: GC_CONCURRENT freed 1796K, 17% free 17644K/21255K, paused 29ms+10ms
07-10 08:55:46.527 16301 16318 D dalvikvm: GC_EXPLICIT freed 348K, 7% free 9794K/10439K, paused 2ms+4ms
07-10 08:55:46.656 24451 24469 I System.out: [INFO:5048886]: LogSource: Response [http=200,length=254]
07-10 08:55:46.656 24451 24468 I System.out: [INFO:5048887]: LogSource: Read id 63, status code 200
07-10 08:55:46.715   144   323 D dalvikvm: GC_EXPLICIT freed 194K, 18% free 17521K/21255K, paused 3ms+6ms
07-10 08:55:47.011 16301 16303 D dalvikvm: GC_CONCURRENT freed 351K, 6% free 9829K/10439K, paused 8ms+4ms
07-10 08:55:47.140 24451 26283 D dalvikvm: GC_FOR_ALLOC freed 647K, 13% free 11944K/13703K, paused 36ms
07-10 08:55:47.277  7656  7659 D dalvikvm: GC_CONCURRENT freed 534K, 9% free 10364K/11271K, paused 2ms+3ms
07-10 08:55:47.531 26228 26231 D dalvikvm: GC_CONCURRENT freed 252K, 5% free 10869K/11335K, paused 2ms+3ms
07-10 08:55:47.703 26228 26231 D dalvikvm: GC_CONCURRENT freed 264K, 4% free 11131K/11527K, paused 3ms+3ms
07-10 08:55:47.922 26228 26231 D dalvikvm: GC_CONCURRENT freed 235K, 4% free 11480K/11847K, paused 2ms+3ms
07-10 08:55:48.125  7656  7659 D dalvikvm: GC_CONCURRENT freed 511K, 9% free 10363K/11271K, paused 2ms+2ms
07-10 08:55:48.300   144 10051 D dalvikvm: GC_EXPLICIT freed 240K, 18% free 17539K/21255K, paused 3ms+8ms
07-10 08:55:48.488 26228 26231 D dalvikvm: GC_CONCURRENT freed 1073K, 10% free 11152K/12359K, paused 3ms+3ms
07-10 08:55:48.910 26228 26231 D dalvikvm: GC_CONCURRENT freed 448K, 9% free 11286K/12359K, paused 2ms+4ms
07-10 08:55:50.172  7656  7659 D dalvikvm: GC_CONCURRENT freed 496K, 9% free 10359K/11271K, paused 3ms+4ms
07-10 08:55:50.254   144 10051 I ActivityManager: Process com.android.deskclock (pid 25593) has died.
07-10 08:55:50.257 24451 24451 W GoogleVoice: PhoneCallListActivity: unknown action, threading as Intent.ACTION_MAIN: null
07-10 08:55:50.273 24451 24468 I System.out: [INFO:5052503]: LogSource: Running flush
07-10 08:55:50.277 24451 24470 I System.out: [INFO:5052505]: LogSource: Sending payload [bytes=409]
07-10 08:55:50.422 26228 26231 D dalvikvm: GC_CONCURRENT freed 592K, 9% free 11320K/12359K, paused 2ms+4ms
07-10 08:55:50.550 24451 24470 I System.out: [INFO:5052780]: LogSource: Response [http=200,length=254]
07-10 08:55:50.554 24451 24468 I System.out: [INFO:5052782]: LogSource: Read id 64, status code 200
07-10 08:55:51.570 26228 26231 D dalvikvm: GC_CONCURRENT freed 597K, 9% free 11364K/12359K, paused 1ms+4ms
07-10 08:55:51.757 26228 26231 D dalvikvm: GC_CONCURRENT freed 680K, 9% free 11349K/12359K, paused 3ms+2ms
07-10 08:55:51.929 26228 26231 D dalvikvm: GC_CONCURRENT freed 627K, 8% free 11372K/12359K, paused 3ms+3ms
07-10 08:55:52.117 25762 25764 D dalvikvm: GC_CONCURRENT freed 696K, 10% free 10931K/12039K, paused 2ms+4ms
07-10 08:55:52.164  7656  7659 D dalvikvm: GC_CONCURRENT freed 492K, 9% free 10359K/11271K, paused 2ms+4ms
07-10 08:55:52.976 26228 26231 D dalvikvm: GC_CONCURRENT freed 713K, 9% free 11322K/12359K, paused 2ms+3ms
07-10 08:55:53.590 26228 26231 D dalvikvm: GC_CONCURRENT freed 639K, 9% free 11321K/12359K, paused 2ms+3ms
07-10 08:55:53.754 26228 26231 D dalvikvm: GC_CONCURRENT freed 595K, 8% free 11379K/12359K, paused 3ms+3ms
07-10 08:55:54.121  7656  7659 D dalvikvm: GC_CONCURRENT freed 491K, 9% free 10359K/11271K, paused 2ms+4ms
07-10 08:55:54.711 26228 26231 D dalvikvm: GC_CONCURRENT freed 706K, 9% free 11332K/12359K, paused 2ms+3ms
07-10 08:55:55.066 26228 26231 D dalvikvm: GC_CONCURRENT freed 627K, 9% free 11348K/12359K, paused 7ms+3ms
07-10 08:55:55.269 25762 25764 D dalvikvm: GC_CONCURRENT freed 430K, 8% free 11116K/12039K, paused 2ms+4ms
07-10 08:55:56.011 26228 26231 D dalvikvm: GC_CONCURRENT freed 631K, 8% free 11384K/12359K, paused 2ms+8ms
07-10 08:55:56.078   144   376 I ActivityManager: Process com.google.android.talk (pid 25741) has died.
07-10 08:55:56.086 24451 24451 W GoogleVoice: PhoneCallListActivity: unknown action, threading as Intent.ACTION_MAIN: null
07-10 08:55:56.097 24451 24468 I System.out: [INFO:5058328]: LogSource: Running flush
07-10 08:55:56.101 24451 24471 I System.out: [INFO:5058329]: LogSource: Sending payload [bytes=409]
07-10 08:55:56.250  7656 26305 D dalvikvm: GC_EXPLICIT freed 290K, 9% free 10334K/11271K, paused 2ms+3ms
07-10 08:55:56.285 24451 24471 I System.out: [INFO:5058515]: LogSource: Response [http=200,length=254]
07-10 08:55:56.289 24451 24468 I System.out: [INFO:5058516]: LogSource: Read id 65, status code 200
07-10 08:55:56.410   144   400 D dalvikvm: GC_EXPLICIT freed 924K, 18% free 17568K/21255K, paused 3ms+9ms
07-10 08:55:57.148  7656  7659 D dalvikvm: GC_CONCURRENT freed 419K, 8% free 10388K/11271K, paused 2ms+3ms
07-10 08:55:57.797 26228 26231 D dalvikvm: GC_CONCURRENT freed 676K, 8% free 11378K/12359K, paused 2ms+5ms
07-10 08:55:57.953 26228 26231 D dalvikvm: GC_CONCURRENT freed 675K, 8% free 11371K/12359K, paused 2ms+5ms
07-10 08:55:59.129  7656  7659 D dalvikvm: GC_CONCURRENT freed 514K, 9% free 10364K/11271K, paused 2ms+3ms
07-10 08:56:00.437 25762 25764 D dalvikvm: GC_CONCURRENT freed 840K, 10% free 10850K/12039K, paused 1ms+3ms
07-10 08:56:00.765 26228 26231 D dalvikvm: GC_CONCURRENT freed 647K, 8% free 11379K/12359K, paused 7ms+7ms
07-10 08:56:01.156  7656  7659 D dalvikvm: GC_CONCURRENT freed 496K, 9% free 10361K/11271K, paused 2ms+3ms
07-10 08:56:01.382 26228 26231 D dalvikvm: GC_CONCURRENT freed 670K, 8% free 11372K/12359K, paused 2ms+3ms
07-10 08:56:01.625 26228 26231 D dalvikvm: GC_CONCURRENT freed 621K, 8% free 11410K/12359K, paused 2ms+2ms
07-10 08:56:02.332 26228 26231 D dalvikvm: GC_CONCURRENT freed 692K, 8% free 11385K/12359K, paused 26ms+3ms
07-10 08:56:03.129  7656  7659 D dalvikvm: GC_CONCURRENT freed 491K, 9% free 10361K/11271K, paused 1ms+3ms
07-10 08:56:03.211 26228 26231 D dalvikvm: GC_CONCURRENT freed 656K, 8% free 11396K/12359K, paused 3ms+3ms
07-10 08:56:03.390 26228 26231 D dalvikvm: GC_CONCURRENT freed 642K, 8% free 11423K/12359K, paused 1ms+2ms
07-10 08:56:03.574 26228 26231 D dalvikvm: GC_CONCURRENT freed 655K, 8% free 11446K/12359K, paused 2ms+3ms
07-10 08:56:04.550 26228 26231 D dalvikvm: GC_CONCURRENT freed 760K, 9% free 11367K/12359K, paused 5ms+2ms
07-10 08:56:05.109 25762 25764 D dalvikvm: GC_CONCURRENT freed 331K, 8% free 11128K/12039K, paused 4ms+5ms
07-10 08:56:05.242  7656  7659 D dalvikvm: GC_CONCURRENT freed 491K, 9% free 10362K/11271K, paused 2ms+6ms
07-10 08:56:05.265 25762 26012 D dalvikvm: GC_FOR_ALLOC freed 342K, 9% free 11064K/12039K, paused 59ms
07-10 08:56:05.527  5714  5717 D dalvikvm: GC_CONCURRENT freed 413K, 6% free 10907K/11527K, paused 7ms+5ms
07-10 08:56:06.550 26228 26231 D dalvikvm: GC_CONCURRENT freed 618K, 8% free 11405K/12359K, paused 12ms+3ms
07-10 08:56:06.707 26228 26231 D dalvikvm: GC_CONCURRENT freed 629K, 8% free 11454K/12359K, paused 2ms+3ms
07-10 08:56:06.867 26228 26231 D dalvikvm: GC_CONCURRENT freed 652K, 8% free 11488K/12359K, paused 1ms+3ms
07-10 08:56:07.152  7656  7659 D dalvikvm: GC_CONCURRENT freed 491K, 9% free 10362K/11271K, paused 2ms+2ms
07-10 08:56:07.355   144   144 D dalvikvm: GC_EXPLICIT freed 815K, 18% free 17593K/21255K, paused 2ms+9ms
07-10 08:56:07.414 26228 26231 D dalvikvm: GC_CONCURRENT freed 644K, 7% free 11582K/12359K, paused 3ms+3ms
07-10 08:56:07.504 26228 26261 D dalvikvm: GC_EXPLICIT freed 122K, 7% free 11539K/12359K, paused 3ms+4ms
07-10 08:56:08.164  7656  7659 D dalvikvm: GC_CONCURRENT freed 497K, 9% free 10359K/11271K, paused 2ms+17ms
07-10 08:56:08.207 25762 25764 D dalvikvm: GC_CONCURRENT freed 865K, 11% free 10754K/12039K, paused 2ms+3ms
07-10 08:56:09.515 26228 26231 D dalvikvm: GC_CONCURRENT freed 864K, 9% free 11427K/12423K, paused 2ms+3ms
07-10 08:56:09.668 26228 26231 D dalvikvm: GC_CONCURRENT freed 637K, 8% free 11468K/12423K, paused 2ms+4ms
07-10 08:56:09.824 26228 26231 D dalvikvm: GC_CONCURRENT freed 662K, 8% free 11495K/12423K, paused 2ms+2ms
07-10 08:56:10.199  7656  7659 D dalvikvm: GC_CONCURRENT freed 496K, 9% free 10357K/11271K, paused 2ms+3ms
07-10 08:56:10.285 26228 26231 D dalvikvm: GC_CONCURRENT freed 664K, 8% free 11528K/12423K, paused 2ms+3ms
07-10 08:56:12.148   144   329 D dalvikvm: GC_EXPLICIT freed 618K, 18% free 17538K/21255K, paused 8ms+10ms
07-10 08:56:12.257  7656  7659 D dalvikvm: GC_CONCURRENT freed 494K, 9% free 10359K/11271K, paused 2ms+3ms
07-10 08:56:12.484 26228 26231 D dalvikvm: GC_CONCURRENT freed 813K, 8% free 11477K/12423K, paused 5ms+4ms
07-10 08:56:12.847 26228 26261 D dalvikvm: GC_FOR_ALLOC freed 562K, 8% free 11470K/12423K, paused 29ms
07-10 08:56:12.882 26228 26261 D dalvikvm: GC_FOR_ALLOC freed 34K, 8% free 11492K/12423K, paused 30ms
07-10 08:56:12.882 26228 26261 I dalvikvm-heap: Grow heap (frag case) to 11.403MB for 116092-byte allocation
07-10 08:56:12.910 26228 26261 D dalvikvm: GC_FOR_ALLOC freed 55K, 8% free 11549K/12551K, paused 27ms
07-10 08:56:12.945 26228 26261 D dalvikvm: GC_FOR_ALLOC freed 4K, 9% free 11545K/12551K, paused 27ms
07-10 08:56:12.945 26228 26261 I dalvikvm-heap: Grow heap (frag case) to 11.428MB for 87709-byte allocation
07-10 08:56:12.976 26228 26261 D dalvikvm: GC_FOR_ALLOC freed 113K, 10% free 11518K/12679K, paused 30ms
07-10 08:56:13.847 26228 26231 D dalvikvm: GC_CONCURRENT freed 842K, 11% free 11388K/12679K, paused 2ms+3ms
07-10 08:56:14.136  7656  7659 D dalvikvm: GC_CONCURRENT freed 497K, 9% free 10359K/11271K, paused 2ms+3ms
07-10 08:56:14.257 26228 26231 D dalvikvm: GC_CONCURRENT freed 672K, 11% free 11379K/12679K, paused 4ms+5ms
07-10 08:56:14.328 25762 25764 D dalvikvm: GC_CONCURRENT freed 168K, 9% free 11037K/12039K, paused 2ms+4ms
07-10 08:56:14.578 26228 26231 D dalvikvm: GC_CONCURRENT freed 580K, 10% free 11490K/12679K, paused 2ms+3ms
07-10 08:56:14.859 25762 25764 D dalvikvm: GC_CONCURRENT freed 530K, 9% free 11059K/12039K, paused 2ms+2ms
07-10 08:56:14.879 26228 26231 D dalvikvm: GC_CONCURRENT freed 549K, 8% free 11694K/12679K, paused 2ms+3ms
07-10 08:56:15.144 26228 26231 D dalvikvm: GC_CONCURRENT freed 574K, 7% free 11884K/12679K, paused 2ms+2ms
07-10 08:56:15.320 26228 26231 D dalvikvm: GC_CONCURRENT freed 1322K, 12% free 11420K/12871K, paused 2ms+3ms
07-10 08:56:15.457 26228 26231 D dalvikvm: GC_CONCURRENT freed 701K, 12% free 11413K/12871K, paused 2ms+4ms
07-10 08:56:16.183  7656  7659 D dalvikvm: GC_CONCURRENT freed 496K, 9% free 10359K/11271K, paused 1ms+3ms
07-10 08:56:17.304 26228 26258 I SyncService: sync service finished (08:56:17)
07-10 08:56:18.172  7656  7659 D dalvikvm: GC_CONCURRENT freed 497K, 9% free 10360K/11271K, paused 1ms+2ms
07-10 08:56:20.136  5714  5726 D dalvikvm: GC_EXPLICIT freed 274K, 6% free 10845K/11527K, paused 3ms+6ms
07-10 08:56:20.238  7656  7659 D dalvikvm: GC_CONCURRENT freed 496K, 9% free 10360K/11271K, paused 2ms+3ms
07-10 08:56:21.179 25762 25764 D dalvikvm: GC_CONCURRENT freed 702K, 10% free 10925K/12039K, paused 2ms+10ms
07-10 08:56:22.082  7656 26361 D dalvikvm: GC_EXPLICIT freed 285K, 9% free 10331K/11271K, paused 2ms+3ms
07-10 08:56:23.117  7656  7659 D dalvikvm: GC_CONCURRENT freed 463K, 9% free 10357K/11271K, paused 3ms+3ms
07-10 08:56:24.781 25762 25764 D dalvikvm: GC_CONCURRENT freed 368K, 8% free 11175K/12039K, paused 2ms+3ms
07-10 08:56:24.812 25762 26012 D dalvikvm: GC_FOR_ALLOC freed 213K, 9% free 11073K/12039K, paused 27ms
07-10 08:56:25.152  7656  7659 D dalvikvm: GC_CONCURRENT freed 494K, 9% free 10360K/11271K, paused 2ms+3ms
07-10 08:56:26.312 18299 18312 I PhoneLab-: Service Running
07-10 08:56:26.371 18299 18312 I PhoneLab-LoggerService: app_37    1373  1     1440   1000  c00f181c 400107b4 S logcat
07-10 08:56:26.371 18299 18312 I PhoneLab-LoggerService: Logcat pid from database 1373
07-10 08:56:26.371 18299 18312 I PhoneLab-LoggerService: Logcat process found 1373
07-10 08:56:26.371 18299 18312 I PhoneLab-LoggerService: Checking Threshold
07-10 08:56:27.187  7656  7659 D dalvikvm: GC_CONCURRENT freed 491K, 9% free 10365K/11271K, paused 3ms+4ms
07-10 08:56:29.152  7656  7659 D dalvikvm: GC_CONCURRENT freed 501K, 9% free 10361K/11271K, paused 1ms+2ms
07-10 08:56:30.879 25762 25764 D dalvikvm: GC_CONCURRENT freed 749K, 10% free 10917K/12039K, paused 64ms+4ms
07-10 08:56:31.187   144   403 D dalvikvm: GC_EXPLICIT freed 1008K, 17% free 17663K/21255K, paused 3ms+11ms
07-10 08:56:31.277  7656  7659 D dalvikvm: GC_CONCURRENT freed 496K, 9% free 10362K/11271K, paused 2ms+3ms
07-10 08:56:33.129  7656  7659 D dalvikvm: GC_CONCURRENT freed 493K, 9% free 10365K/11271K, paused 2ms+3ms
07-10 08:56:34.632 25762 25764 D dalvikvm: GC_CONCURRENT freed 356K, 8% free 11178K/12039K, paused 2ms+3ms
07-10 08:56:34.687 25762 26012 D dalvikvm: GC_FOR_ALLOC freed 280K, 9% free 11069K/12039K, paused 27ms
07-10 08:56:35.156  7656  7659 D dalvikvm: GC_CONCURRENT freed 495K, 9% free 10364K/11271K, paused 2ms+4ms
07-10 08:56:37.191  7656  7659 D dalvikvm: GC_CONCURRENT freed 501K, 9% free 10361K/11271K, paused 2ms+3ms
07-10 08:56:39.121  7656  7659 D dalvikvm: GC_CONCURRENT freed 493K, 9% free 10366K/11271K, paused 2ms+4ms
07-10 08:56:41.148 25762 25764 D dalvikvm: GC_CONCURRENT freed 689K, 10% free 10940K/12039K, paused 2ms+4ms
07-10 08:56:41.203  7656  7659 D dalvikvm: GC_CONCURRENT freed 515K, 9% free 10360K/11271K, paused 2ms+2ms
07-10 08:56:43.172  7656  7659 D dalvikvm: GC_CONCURRENT freed 476K, 8% free 10390K/11271K, paused 2ms+3ms
07-10 08:56:44.422 25762 25764 D dalvikvm: GC_CONCURRENT freed 407K, 8% free 11162K/12039K, paused 2ms+3ms
07-10 08:56:44.453 25762 26012 D dalvikvm: GC_FOR_ALLOC freed 172K, 8% free 11084K/12039K, paused 28ms
07-10 08:56:45.144  7656  7659 D dalvikvm: GC_CONCURRENT freed 516K, 8% free 10384K/11271K, paused 2ms+3ms
07-10 08:56:47.117  7656  7659 D dalvikvm: GC_CONCURRENT freed 497K, 8% free 10396K/11271K, paused 3ms+4ms
07-10 08:56:49.062  7656  7656 D dalvikvm: GC_EXPLICIT freed 364K, 9% free 10337K/11271K, paused 2ms+3ms
07-10 08:56:50.136  7656  7659 D dalvikvm: GC_CONCURRENT freed 474K, 8% free 10372K/11271K, paused 4ms+3ms
07-10 08:56:50.414 25762 25764 D dalvikvm: GC_CONCURRENT freed 753K, 10% free 10919K/12039K, paused 2ms+4ms
07-10 08:56:52.117  7656  7659 D dalvikvm: GC_CONCURRENT freed 503K, 8% free 10377K/11271K, paused 1ms+3ms
07-10 08:56:53.211   144 10051 D dalvikvm: GC_EXPLICIT freed 1092K, 17% free 17677K/21255K, paused 3ms+10ms
07-10 08:56:54.152  5714  5717 D dalvikvm: GC_CONCURRENT freed 401K, 6% free 10935K/11527K, paused 2ms+12ms
07-10 08:56:54.375 25762 25764 D dalvikvm: GC_CONCURRENT freed 396K, 8% free 11155K/12039K, paused 15ms+4ms
07-10 08:56:54.422  7656  7659 D dalvikvm: GC_CONCURRENT freed 515K, 8% free 10370K/11271K, paused 2ms+16ms
07-10 08:56:56.125  7656  7659 D dalvikvm: GC_CONCURRENT freed 499K, 8% free 10383K/11271K, paused 3ms+2ms
07-10 08:56:56.554    86   633 E GPSD    : ril_gps_wait_for_ril: Response already received.
07-10 08:56:58.203 25710 25713 D dalvikvm: GC_CONCURRENT freed 403K, 6% free 9065K/9543K, paused 24ms+2ms
07-10 08:56:58.222  7656  7659 D dalvikvm: GC_CONCURRENT freed 508K, 8% free 10387K/11271K, paused 5ms+3ms
07-10 08:56:58.898 25762 25764 D dalvikvm: GC_CONCURRENT freed 902K, 10% free 10839K/12039K, paused 23ms+3ms
07-10 08:57:00.136  7656  7659 D dalvikvm: GC_CONCURRENT freed 519K, 8% free 10379K/11271K, paused 1ms+3ms
07-10 08:57:02.113  7656  7659 D dalvikvm: GC_CONCURRENT freed 473K, 8% free 10416K/11271K, paused 2ms+4ms
07-10 08:57:04.019 25762 25764 D dalvikvm: GC_CONCURRENT freed 312K, 8% free 11117K/12039K, paused 2ms+8ms
07-10 08:57:04.160 25762 26012 D dalvikvm: GC_FOR_ALLOC freed 392K, 9% free 11075K/12039K, paused 71ms
07-10 08:57:04.207  7656  7659 D dalvikvm: GC_CONCURRENT freed 543K, 8% free 10383K/11271K, paused 1ms+4ms
07-10 08:57:06.136  7656  7659 D dalvikvm: GC_CONCURRENT freed 504K, 8% free 10388K/11271K, paused 2ms+3ms
07-10 08:57:07.828 25762 25764 D dalvikvm: GC_CONCURRENT freed 871K, 11% free 10806K/12039K, paused 2ms+3ms
07-10 08:57:07.867  7656  7659 D dalvikvm: GC_CONCURRENT freed 535K, 9% free 10364K/11271K, paused 3ms+3ms
07-10 08:57:09.136  5714  9089 D dalvikvm: GC_EXPLICIT freed 317K, 6% free 10847K/11527K, paused 2ms+5ms
07-10 08:57:09.222  7656  7659 D dalvikvm: GC_CONCURRENT freed 491K, 8% free 10377K/11271K, paused 2ms+3ms
07-10 08:57:10.175  7656  7659 D dalvikvm: GC_CONCURRENT freed 405K, 9% free 10365K/11271K, paused 2ms+4ms
07-10 08:57:10.261   144   175 I power   : *** set_screen_state 1
07-10 08:57:10.320 24451 24451 W GoogleVoice: PhoneCallListActivity: unknown action, threading as Intent.ACTION_MAIN: null
07-10 08:57:10.371   144   175 I WindowManager: Lock screen displayed!
07-10 08:57:10.429 24451 24468 I System.out: [INFO:5132658]: LogSource: Running flush
07-10 08:57:10.429 24451 24469 I System.out: [INFO:5132659]: LogSource: Sending payload [bytes=409]
07-10 08:57:10.457    78   120 D SurfaceFlinger: Screen about to return, flinger = 0x5b4918
07-10 08:57:10.597 24451 24469 I System.out: [INFO:5132825]: LogSource: Response [http=200,length=254]
07-10 08:57:10.597 24451 24468 I System.out: [INFO:5132825]: LogSource: Read id 66, status code 200
07-10 08:57:11.312   144   171 I power   : *** set_screen_state 0
07-10 08:57:11.359    78   120 D SurfaceFlinger: About to give-up screen, flinger = 0x5b4918
07-10 08:57:11.601   144   175 V TransportControlView: Create TCV com.android.internal.widget.TransportControlView@418cbaf0
07-10 08:57:12.136  7656  7659 D dalvikvm: GC_CONCURRENT freed 508K, 9% free 10361K/11271K, paused 2ms+3ms
07-10 08:57:12.644   144 24503 D dalvikvm: GC_EXPLICIT freed 1708K, 17% free 17800K/21255K, paused 3ms+10ms
07-10 08:57:13.793 25762 25764 D dalvikvm: GC_CONCURRENT freed 306K, 8% free 11094K/12039K, paused 2ms+4ms
07-10 08:57:13.898 25762 26012 D dalvikvm: GC_FOR_ALLOC freed 428K, 9% free 11067K/12039K, paused 28ms
07-10 08:57:14.132  7656 26472 D dalvikvm: GC_EXPLICIT freed 298K, 9% free 10335K/11271K, paused 2ms+3ms
07-10 08:57:15.113  7656  7659 D dalvikvm: GC_CONCURRENT freed 431K, 8% free 10388K/11271K, paused 1ms+2ms
07-10 08:57:17.129  7656  7659 D dalvikvm: GC_CONCURRENT freed 498K, 8% free 10393K/11271K, paused 3ms+3ms
07-10 08:57:19.156  7656  7659 D dalvikvm: GC_CONCURRENT freed 530K, 9% free 10365K/11271K, paused 1ms+3ms
07-10 08:57:20.582 25762 25764 D dalvikvm: GC_CONCURRENT freed 690K, 10% free 10933K/12039K, paused 2ms+4ms
07-10 08:57:21.164  7656  7659 D dalvikvm: GC_CONCURRENT freed 506K, 9% free 10361K/11271K, paused 3ms+3ms
07-10 08:57:23.125  7656  7659 D dalvikvm: GC_CONCURRENT freed 497K, 9% free 10366K/11271K, paused 1ms+4ms
07-10 08:57:23.664 25762 25764 D dalvikvm: GC_CONCURRENT freed 379K, 8% free 11189K/12039K, paused 2ms+4ms
07-10 08:57:23.722 25762 26012 D dalvikvm: GC_FOR_ALLOC freed 250K, 9% free 11063K/12039K, paused 27ms
07-10 08:57:25.125  7656  7659 D dalvikvm: GC_CONCURRENT freed 502K, 9% free 10367K/11271K, paused 2ms+3ms
07-10 08:57:27.183  7656  7659 D dalvikvm: GC_CONCURRENT freed 508K, 9% free 10363K/11271K, paused 2ms+3ms
07-10 08:57:29.148  7656  7659 D dalvikvm: GC_CONCURRENT freed 502K, 9% free 10363K/11271K, paused 2ms+3ms
07-10 08:57:30.613 25762 25764 D dalvikvm: GC_CONCURRENT freed 673K, 10% free 10948K/12039K, paused 21ms+3ms
07-10 08:57:31.121  7656  7659 D dalvikvm: GC_CONCURRENT freed 502K, 9% free 10363K/11271K, paused 2ms+2ms
07-10 08:57:33.129  7656  7659 D dalvikvm: GC_CONCURRENT freed 472K, 8% free 10394K/11271K, paused 1ms+4ms
07-10 08:57:33.566 25762 25764 D dalvikvm: GC_CONCURRENT freed 379K, 7% free 11202K/12039K, paused 2ms+3ms
07-10 08:57:33.593 25762 26012 D dalvikvm: GC_FOR_ALLOC freed 177K, 8% free 11088K/12039K, paused 28ms
07-10 08:57:34.152   144   424 D dalvikvm: GC_EXPLICIT freed 1105K, 17% free 17784K/21255K, paused 3ms+9ms
07-10 08:57:35.148  7656  7659 D dalvikvm: GC_CONCURRENT freed 533K, 9% free 10365K/11271K, paused 3ms+3ms
07-10 08:57:37.148  7656  7659 D dalvikvm: GC_CONCURRENT freed 505K, 9% free 10362K/11271K, paused 2ms+3ms
07-10 08:57:39.132  7656  7659 D dalvikvm: GC_CONCURRENT freed 475K, 8% free 10398K/11271K, paused 3ms+3ms
07-10 08:57:39.629 25762 25764 D dalvikvm: GC_CONCURRENT freed 745K, 10% free 10914K/12039K, paused 2ms+5ms
07-10 08:57:41.070  7656 26525 D dalvikvm: GC_EXPLICIT freed 362K, 9% free 10335K/11271K, paused 4ms+3ms
07-10 08:57:42.140  7656  7659 D dalvikvm: GC_CONCURRENT freed 469K, 9% free 10367K/11271K, paused 3ms+4ms
07-10 08:57:43.445 25762 25764 D dalvikvm: GC_CONCURRENT freed 334K, 7% free 11207K/12039K, paused 1ms+3ms
07-10 08:57:43.476 25762 26012 D dalvikvm: GC_FOR_ALLOC freed 234K, 8% free 11091K/12039K, paused 28ms
07-10 08:57:44.125  7656  7659 D dalvikvm: GC_CONCURRENT freed 485K, 8% free 10389K/11271K, paused 2ms+3ms
07-10 08:57:45.492   344   344 D SAN_SERVICE: *******************************************
07-10 08:57:45.492   344   344 D SAN_SERVICE: DM App Phone Service State - 0
07-10 08:57:45.492   344   344 D SAN_SERVICE: *******************************************
07-10 08:57:45.558   344   344 D SAN_SERVICE: *******************************************
07-10 08:57:45.558   344   344 D SAN_SERVICE: DM App Phone Service State - 0
07-10 08:57:45.558   344   344 D SAN_SERVICE: *******************************************
07-10 08:57:45.800   344   344 D SAN_SERVICE: *******************************************
07-10 08:57:45.800   344   344 D SAN_SERVICE: DM App Phone Service State - 0
07-10 08:57:45.800   344   344 D SAN_SERVICE: *******************************************
07-10 08:57:46.062   344   344 D SAN_SERVICE: *******************************************
07-10 08:57:46.062   344   344 D SAN_SERVICE: DM App Phone Service State - 0
07-10 08:57:46.062   344   344 D SAN_SERVICE: *******************************************
07-10 08:57:46.183  7656  7659 D dalvikvm: GC_CONCURRENT freed 530K, 9% free 10365K/11271K, paused 1ms+3ms
07-10 08:57:46.496    86   633 E GPSD    : ril_gps_wait_for_ril: Response already received.
07-10 08:57:46.847   344   344 D SAN_SERVICE: *******************************************
07-10 08:57:46.847   344   344 D SAN_SERVICE: DM App Phone Service State - 0
07-10 08:57:46.847   344   344 D SAN_SERVICE: *******************************************
07-10 08:57:48.132  7656  7659 D dalvikvm: GC_CONCURRENT freed 506K, 9% free 10366K/11271K, paused 2ms+2ms
07-10 08:57:49.472  5714  5717 D dalvikvm: GC_CONCURRENT freed 441K, 5% free 10957K/11527K, paused 6ms+6ms
07-10 08:57:50.160  7656  7659 D dalvikvm: GC_CONCURRENT freed 477K, 8% free 10394K/11271K, paused 2ms+3ms
07-10 08:57:50.222 25762 25764 D dalvikvm: GC_CONCURRENT freed 718K, 10% free 10937K/12039K, paused 2ms+3ms
07-10 08:57:50.300   344   344 D SAN_SERVICE: *******************************************
07-10 08:57:50.304   344   344 D SAN_SERVICE: DM App Phone Service State - 0
07-10 08:57:50.304   344   344 D SAN_SERVICE: *******************************************
07-10 08:57:50.840   344   344 D SAN_SERVICE: *******************************************
07-10 08:57:50.840   344   344 D SAN_SERVICE: DM App Phone Service State - 0
07-10 08:57:50.843   344   344 D SAN_SERVICE: *******************************************
07-10 08:57:52.148  7656  7659 D dalvikvm: GC_CONCURRENT freed 535K, 9% free 10365K/11271K, paused 2ms+3ms
07-10 08:57:53.281 25762 25764 D dalvikvm: GC_CONCURRENT freed 396K, 8% free 11170K/12039K, paused 2ms+3ms
07-10 08:57:53.308 25762 26012 D dalvikvm: GC_FOR_ALLOC freed 148K, 8% free 11085K/12039K, paused 28ms
07-10 08:57:54.121  7656  7659 D dalvikvm: GC_CONCURRENT freed 504K, 9% free 10367K/11271K, paused 2ms+3ms
07-10 08:57:55.140   144   403 D dalvikvm: GC_EXPLICIT freed 1074K, 17% free 17786K/21255K, paused 3ms+9ms
07-10 08:57:55.558   344   344 D SAN_SERVICE: *******************************************
07-10 08:57:55.558   344   344 D SAN_SERVICE: DM App Phone Service State - 0
07-10 08:57:55.558   344   344 D SAN_SERVICE: *******************************************
07-10 08:57:55.851   344   344 D SAN_SERVICE: *******************************************
07-10 08:57:55.851   344   344 D SAN_SERVICE: DM App Phone Service State - 0
07-10 08:57:55.851   344   344 D SAN_SERVICE: *******************************************
07-10 08:57:59.117  7656  7659 D dalvikvm: GC_CONCURRENT freed 486K, 8% free 10386K/11271K, paused 2ms+2ms
07-10 08:58:00.289 25762 25764 D dalvikvm: GC_CONCURRENT freed 706K, 10% free 10941K/12039K, paused 2ms+3ms
07-10 08:58:01.113  7656  7659 D dalvikvm: GC_CONCURRENT freed 527K, 9% free 10365K/11271K, paused 1ms+4ms
07-10 08:58:02.117  5714  6033 D dalvikvm: GC_EXPLICIT freed 299K, 7% free 10804K/11527K, paused 3ms+6ms
07-10 08:58:03.254 25762 25764 D dalvikvm: GC_CONCURRENT freed 396K, 8% free 11178K/12039K, paused 2ms+10ms
07-10 08:58:03.265  7656  7659 D dalvikvm: GC_CONCURRENT freed 512K, 9% free 10360K/11271K, paused 2ms+6ms
07-10 08:58:03.297 25762 26012 D dalvikvm: GC_FOR_ALLOC freed 153K, 8% free 11089K/12039K, paused 41ms
07-10 08:58:05.136  7656  7659 D dalvikvm: GC_CONCURRENT freed 488K, 8% free 10383K/11271K, paused 2ms+3ms
07-10 08:58:07.117  7656  7659 D dalvikvm: GC_CONCURRENT freed 497K, 8% free 10398K/11271K, paused 2ms+4ms
07-10 08:58:07.847 25762 25764 D dalvikvm: GC_CONCURRENT freed 948K, 11% free 10826K/12039K, paused 2ms+11ms
07-10 08:58:08.164  7656  7659 D dalvikvm: GC_CONCURRENT freed 517K, 8% free 10393K/11271K, paused 3ms+3ms
07-10 08:58:09.199  7656  7659 D dalvikvm: GC_CONCURRENT freed 430K, 9% free 10359K/11271K, paused 1ms+3ms
07-10 08:58:10.078  7656  7656 D dalvikvm: GC_EXPLICIT freed 37K, 9% free 10328K/11271K, paused 2ms+3ms
07-10 08:58:11.129  7656  7659 D dalvikvm: GC_CONCURRENT freed 468K, 9% free 10361K/11271K, paused 2ms+4ms
07-10 08:58:13.027 25762 25764 D dalvikvm: GC_CONCURRENT freed 288K, 8% free 11134K/12039K, paused 2ms+4ms
07-10 08:58:13.140 25762 26012 D dalvikvm: GC_FOR_ALLOC freed 324K, 8% free 11078K/12039K, paused 63ms
07-10 08:58:13.218  7656  7659 D dalvikvm: GC_CONCURRENT freed 489K, 8% free 10383K/11271K, paused 2ms+8ms
07-10 08:58:13.941   144   156 I ActivityManager: Process com.google.android.apps.maps:FriendService (pid 25785) has died.
07-10 08:58:13.945 24451 24451 W GoogleVoice: PhoneCallListActivity: unknown action, threading as Intent.ACTION_MAIN: null
07-10 08:58:13.957 24451 24468 I System.out: [INFO:5196184]: LogSource: Running flush
07-10 08:58:13.957 24451 24470 I System.out: [INFO:5196186]: LogSource: Sending payload [bytes=409]
07-10 08:58:14.734 24451 24470 I System.out: [INFO:5196964]: LogSource: Response [http=200,length=254]
07-10 08:58:14.746 24451 24468 I System.out: [INFO:5196974]: LogSource: Read id 67, status code 200
07-10 08:58:15.125  7656  7659 D dalvikvm: GC_CONCURRENT freed 487K, 8% free 10407K/11271K, paused 2ms+3ms
07-10 08:58:17.144   144   376 D dalvikvm: GC_EXPLICIT freed 1353K, 17% free 17662K/21255K, paused 3ms+10ms
07-10 08:58:17.246  7656  7659 D dalvikvm: GC_CONCURRENT freed 511K, 8% free 10401K/11271K, paused 2ms+3ms
07-10 08:58:18.144  7656  7659 D dalvikvm: GC_CONCURRENT freed 447K, 9% free 10359K/11271K, paused 3ms+3ms
07-10 08:58:19.433   144   175 I power   : *** set_screen_state 1
07-10 08:58:19.441 24451 24451 W GoogleVoice: PhoneCallListActivity: unknown action, threading as Intent.ACTION_MAIN: null
07-10 08:58:19.519   144   175 I WindowManager: Lock screen displayed!
07-10 08:58:19.566 24451 24468 I System.out: [INFO:5201796]: LogSource: Running flush
07-10 08:58:19.570 24451 24471 I System.out: [INFO:5201798]: LogSource: Sending payload [bytes=409]
07-10 08:58:19.625    78   120 D SurfaceFlinger: Screen about to return, flinger = 0x5b4918
07-10 08:58:19.687 25762 25764 D dalvikvm: GC_CONCURRENT freed 750K, 10% free 10910K/12039K, paused 6ms+3ms
07-10 08:58:19.730 24451 24471 I System.out: [INFO:5201959]: LogSource: Response [http=200,length=254]
07-10 08:58:19.730 24451 24468 I System.out: [INFO:5201960]: LogSource: Read id 68, status code 200
07-10 08:58:20.218  7656  7659 D dalvikvm: GC_CONCURRENT freed 492K, 8% free 10377K/11271K, paused 2ms+4ms
07-10 08:58:20.726   214   214 D PhoneStatusBar: disable: < expand icons alerts ticker system_info BACK HOME recent* CLOCK >
07-10 08:58:20.754   214   214 D PhoneStatusBar: disable: < expand icons alerts ticker system_info back* home* recent clock* >
07-10 08:58:20.765   144  9084 W InputManagerService: Window already focused, ignoring focus gain of: com.android.internal.view.IInputMethodClient$Stub$Proxy@416d3760
07-10 08:58:21.082   344   344 D SAN_SERVICE: *******************************************
07-10 08:58:21.082   344   344 D SAN_SERVICE: DM App Phone Service State - 0
07-10 08:58:21.082   344   344 D SAN_SERVICE: *******************************************
07-10 08:58:21.254  5714  5717 D dalvikvm: GC_CONCURRENT freed 361K, 6% free 10913K/11527K, paused 2ms+6ms
07-10 08:58:21.461 16301 16303 D dalvikvm: GC_CONCURRENT freed 341K, 6% free 9875K/10439K, paused 3ms+11ms
07-10 08:58:21.726 16301 16318 D dalvikvm: GC_EXPLICIT freed 445K, 7% free 9811K/10439K, paused 2ms+4ms
07-10 08:58:21.820   344   344 D SAN_SERVICE: *******************************************
07-10 08:58:21.820   344   344 D SAN_SERVICE: DM App Phone Service State - 0
07-10 08:58:21.820   344   344 D SAN_SERVICE: *******************************************
07-10 08:58:22.007   214   216 D dalvikvm: GC_CONCURRENT freed 668K, 33% free 9921K/14663K, paused 1ms+3ms
07-10 08:58:22.066   214   216 D dalvikvm: GC_CONCURRENT freed 491K, 33% free 9857K/14663K, paused 2ms+2ms
07-10 08:58:22.175   144   380 W InputManagerService: Starting input on non-focused client com.android.internal.view.IInputMethodClient$Stub$Proxy@418fa508 (uid=10054 pid=24451)
07-10 08:58:22.179 24451 24451 W IInputConnectionWrapper: showStatusIcon on inactive InputConnection
07-10 08:58:22.312 25762 25764 D dalvikvm: GC_CONCURRENT freed 480K, 9% free 11074K/12039K, paused 2ms+3ms
07-10 08:58:25.449   144   155 I ActivityManager: START {act=android.intent.action.MAIN cat=[android.intent.category.LAUNCHER] flg=0x10200000 cmp=com.google.android.talk/.SigningInActivity bnds=[96,706][192,802]} from pid 370
07-10 08:58:25.683   144   380 I ActivityManager: Start proc com.google.android.talk for activity com.google.android.talk/.SigningInActivity: pid=26603 uid=10045 gids={3003, 1015, 1006, 3002}
07-10 08:58:25.863   370   370 D OpenGLRenderer: Flushing caches (mode 1)
07-10 08:58:25.918   370   370 D OpenGLRenderer: Flushing caches (mode 0)
07-10 08:58:26.015 26603 26603 I ActivityThread: Pub com.google.android.talk.SuggestionProvider: com.google.android.talk.SuggestionsProvider
07-10 08:58:26.129 26603 26603 D vclib:CallStateClient: startListening
07-10 08:58:26.300 18299 18312 I PhoneLab-: Service Running
07-10 08:58:26.328   144   160 I Process : Sending signal. PID: 26603 SIG: 3
07-10 08:58:26.328 26603 26605 I dalvikvm: threadid=3: reacting to signal 3
07-10 08:58:26.382 26603 26605 I dalvikvm: Wrote stack traces to '/data/anr/traces.txt'
07-10 08:58:26.398   344   344 D SAN_SERVICE: *******************************************
07-10 08:58:26.398   344   344 D SAN_SERVICE: DM App Phone Service State - 0
07-10 08:58:26.398   344   344 D SAN_SERVICE: *******************************************
07-10 08:58:26.406 26603 26604 D dalvikvm: GC_CONCURRENT freed 162K, 3% free 9374K/9607K, paused 24ms+12ms
07-10 08:58:26.558 18299 18312 I PhoneLab-LoggerService: app_37    1373  1     1440   1000  c00ab7c8 40010474 D logcat
07-10 08:58:26.558 18299 18312 I PhoneLab-LoggerService: Logcat pid from database 1373
07-10 08:58:26.558 18299 18312 I PhoneLab-LoggerService: Logcat process found 1373
07-10 08:58:26.558 18299 18312 I PhoneLab-LoggerService: Checking Threshold
07-10 08:58:26.847   144   160 I Process : Sending signal. PID: 26603 SIG: 3
07-10 08:58:26.851 26603 26605 I dalvikvm: threadid=3: reacting to signal 3
07-10 08:58:26.867 26603 26605 I dalvikvm: Wrote stack traces to '/data/anr/traces.txt'
07-10 08:58:26.871   344   344 D SAN_SERVICE: *******************************************
07-10 08:58:26.871   344   344 D SAN_SERVICE: DM App Phone Service State - 0
07-10 08:58:26.871   344   344 D SAN_SERVICE: *******************************************
07-10 08:58:27.023 26603 26603 D vclib:CallStateClient: startListening
07-10 08:58:27.144 26603 26604 D dalvikvm: GC_CONCURRENT freed 262K, 4% free 9581K/9927K, paused 5ms+3ms
07-10 08:58:27.254 26603 26603 D libEGL  : loaded /system/lib/egl/libGLES_android.so
07-10 08:58:27.265 26603 26603 D libEGL  : loaded /vendor/lib/egl/libEGL_POWERVR_SGX540_120.so
07-10 08:58:27.297 26603 26603 D libEGL  : loaded /vendor/lib/egl/libGLESv1_CM_POWERVR_SGX540_120.so
07-10 08:58:27.300 26603 26603 D libEGL  : loaded /vendor/lib/egl/libGLESv2_POWERVR_SGX540_120.so
07-10 08:58:27.320   144   160 I Process : Sending signal. PID: 26603 SIG: 3
07-10 08:58:27.320 26603 26605 I dalvikvm: threadid=3: reacting to signal 3
07-10 08:58:27.332 26603 26605 I dalvikvm: Wrote stack traces to '/data/anr/traces.txt'
07-10 08:58:27.390 26603 26603 D OpenGLRenderer: Enabling debug mode 0
07-10 08:58:27.480 26603 26630 E talk    : [Databaseutils] pruneOldMessageHistory
07-10 08:58:27.679   144   174 I ActivityManager: Displayed com.google.android.talk/.SigningInActivity: +2s81ms
07-10 08:58:28.226   144  7984 D dalvikvm: GC_EXPLICIT freed 1065K, 18% free 17611K/21255K, paused 8ms+14ms
07-10 08:58:28.543   144   155 W InputManagerService: Window already focused, ignoring focus gain of: com.android.internal.view.IInputMethodClient$Stub$Proxy@416fce18
07-10 08:58:28.777 26603 26603 D vclib:CallStateClient: stopListening
07-10 08:58:28.777 26603 26603 D vclib:CallStateClient: startListening
07-10 08:58:28.988 26603 26604 D dalvikvm: GC_CONCURRENT freed 253K, 4% free 9825K/10183K, paused 2ms+3ms
07-10 08:58:29.043  5714  5820 D dalvikvm: GC_EXPLICIT freed 555K, 6% free 10861K/11527K, paused 23ms+5ms
07-10 08:58:29.160 26603 26604 D dalvikvm: GC_CONCURRENT freed 123K, 3% free 10160K/10375K, paused 1ms+3ms
07-10 08:58:30.636 26603 26604 D dalvikvm: GC_CONCURRENT freed 187K, 3% free 10390K/10695K, paused 1ms+6ms
07-10 08:58:31.402   344   344 D SAN_SERVICE: *******************************************
07-10 08:58:31.402   344   344 D SAN_SERVICE: DM App Phone Service State - 0
07-10 08:58:31.402   344   344 D SAN_SERVICE: *******************************************
07-10 08:58:31.836   344   344 D SAN_SERVICE: *******************************************
07-10 08:58:31.836   344   344 D SAN_SERVICE: DM App Phone Service State - 0
07-10 08:58:31.836   344   344 D SAN_SERVICE: *******************************************
07-10 08:58:32.367 26603 26603 D OpenGLRenderer: Flushing caches (mode 0)
07-10 08:58:32.402   320   324 D dalvikvm: GC_CONCURRENT freed 448K, 20% free 10035K/12487K, paused 2ms+12ms
07-10 08:58:32.414 26603 26603 D OpenGLRenderer: Flushing caches (mode 1)
07-10 08:58:32.445 26603 26603 D vclib:CallStateClient: stopListening
07-10 08:58:33.179   144 24503 I ActivityManager: START {act=android.intent.action.MAIN cat=[android.intent.category.LAUNCHER] flg=0x10200000 cmp=com.android.settings/.Settings bnds=[240,556][360,706]} from pid 370
07-10 08:58:33.468   144  7984 I ActivityManager: Start proc com.android.settings for activity com.android.settings/.Settings: pid=26640 uid=1000 gids={1015, 3002, 3001, 3003, 3007}
07-10 08:58:33.562   144   400 I ActivityManager: Process edu.buffalo.cse.phonelab.phonelabservices (pid 18299) has died.
07-10 08:58:33.566   144   400 W ActivityManager: Scheduling restart of crashed service edu.buffalo.cse.phonelab.phonelabservices/edu.buffalo.cse.phonelab.datalogger.LoggerService in 5000ms
07-10 08:58:33.613   370   370 D OpenGLRenderer: Flushing caches (mode 1)
07-10 08:58:33.625   370   370 D OpenGLRenderer: Flushing caches (mode 0)
07-10 08:58:33.804 26640 26640 W System.err: Removed 2131231170
07-10 08:58:33.808 26640 26640 W System.err: Removed 2131231177
07-10 08:58:33.945 26640 26640 D LocalBluetoothProfileManager: LocalBluetoothProfileManager construction complete
07-10 08:58:33.996 26640 26642 D dalvikvm: GC_CONCURRENT freed 151K, 3% free 9364K/9607K, paused 9ms+2ms
07-10 08:58:34.027 26640 26640 D libEGL  : loaded /system/lib/egl/libGLES_android.so
07-10 08:58:34.035 26640 26640 D libEGL  : loaded /vendor/lib/egl/libEGL_POWERVR_SGX540_120.so
07-10 08:58:34.039   144   160 I Process : Sending signal. PID: 26640 SIG: 3
07-10 08:58:34.039 26640 26645 I dalvikvm: threadid=3: reacting to signal 3
07-10 08:58:34.238 26640 26640 D libEGL  : loaded /vendor/lib/egl/libGLESv1_CM_POWERVR_SGX540_120.so
07-10 08:58:34.257 26640 26645 I dalvikvm: Wrote stack traces to '/data/anr/traces.txt'
07-10 08:58:34.261 26640 26640 D libEGL  : loaded /vendor/lib/egl/libGLESv2_POWERVR_SGX540_120.so
07-10 08:58:34.304 26640 26640 D OpenGLRenderer: Enabling debug mode 0
07-10 08:58:34.539   144   160 I Process : Sending signal. PID: 26640 SIG: 3
07-10 08:58:34.539 26640 26645 I dalvikvm: threadid=3: reacting to signal 3
07-10 08:58:34.547 26640 26645 I dalvikvm: Wrote stack traces to '/data/anr/traces.txt'
07-10 08:58:34.609   144   174 I ActivityManager: Displayed com.android.settings/.Settings: +1s164ms
07-10 08:58:34.617   144  7984 I ActivityManager: Process com.android.calendar (pid 25577) has died.
07-10 08:58:35.906   144   376 I ActivityManager: START {act=android.intent.action.MAIN cmp=com.android.settings/.SubSettings (has extras)} from pid 26640
07-10 08:58:36.246 26640 26642 D dalvikvm: GC_CONCURRENT freed 115K, 3% free 9691K/9927K, paused 2ms+9ms
07-10 08:58:36.441   144   174 I ActivityManager: Displayed com.android.settings/.SubSettings: +441ms
07-10 08:58:36.465   144 10051 I ActivityManager: Process com.google.android.apps.uploader (pid 25623) has died.
07-10 08:58:36.468 26640 26640 D OpenGLRenderer: Flushing caches (mode 0)
07-10 08:58:38.621   144   161 I ActivityManager: Start proc edu.buffalo.cse.phonelab.phonelabservices for service edu.buffalo.cse.phonelab.phonelabservices/edu.buffalo.cse.phonelab.datalogger.LoggerService: pid=26654 uid=10037 gids={3003, 1015, 1007, 2001}
07-10 08:58:38.652    79    79 D dalvikvm: GC_EXPLICIT freed 38K, 4% free 9031K/9347K, paused 2ms+2ms
07-10 08:58:38.699    79    79 D dalvikvm: GC_EXPLICIT freed <1K, 4% free 9031K/9347K, paused 3ms+2ms
07-10 08:58:38.699 26654 26654 I PhoneLab-LoggerService: Start Logger Service
07-10 08:58:38.722 26654 26667 I PhoneLab-: Service Running
07-10 08:58:38.734    79    79 D dalvikvm: GC_EXPLICIT freed <1K, 4% free 9031K/9347K, paused 2ms+2ms
07-10 08:58:38.785 26654 26667 I PhoneLab-LoggerService: app_37    1373  1     1440   1000  c00f181c 400107b4 S logcat
07-10 08:58:38.785 26654 26667 I PhoneLab-LoggerService: Logcat pid from database 1373
07-10 08:58:38.785 26654 26667 I PhoneLab-LoggerService: Logcat process found 1373
07-10 08:58:38.785 26654 26667 I PhoneLab-LoggerService: Checking Threshold
07-10 08:58:39.582 26640 26640 D OpenGLRenderer: Flushing caches (mode 0)
07-10 08:58:39.890   144  9303 W InputManagerService: Starting input on non-focused client com.android.internal.view.IInputMethodClient$Stub$Proxy@41761f80 (uid=1000 pid=26640)
07-10 08:58:39.941   370   375 D dalvikvm: GC_CONCURRENT freed 1018K, 33% free 11928K/17735K, paused 6ms+11ms
07-10 08:58:39.968 26640 26640 D OpenGLRenderer: Flushing caches (mode 0)
07-10 08:58:40.035   144   424 I ActivityManager: Process com.google.android.apps.plus (pid 23589) has died.
07-10 08:58:41.543   144   171 I power   : *** set_screen_state 0
07-10 08:58:41.597    78   120 D SurfaceFlinger: About to give-up screen, flinger = 0x5b4918
07-10 08:58:41.640 26640 26640 D OpenGLRenderer: Flushing caches (mode 1)
07-10 08:58:41.840   144   175 D dalvikvm: JIT code cache reset in 4 ms (1048516 bytes 14/0)
07-10 08:58:41.855   144   175 D dalvikvm: GC_FOR_ALLOC freed 1848K, 18% free 17539K/21255K, paused 98ms
07-10 08:58:41.890   144   175 V TransportControlView: Create TCV com.android.internal.widget.TransportControlView@4174bb20
07-10 08:58:41.965   144   175 I ActivityManager: Start proc com.google.android.gsf.login for service com.google.android.gsf.login/com.google.android.gsf.loginservice.GoogleLoginService: pid=26671 uid=10009 gids={3003, 1015, 1007, 2001, 3006}
07-10 08:58:41.972   214   214 D PhoneStatusBar: disable: < expand icons alerts ticker system_info back home RECENT* clock >
07-10 08:58:41.992   214   214 D PhoneStatusBar: disable: < expand icons alerts ticker system_info BACK* HOME* RECENT CLOCK* >
07-10 08:59:07.914  7656  7659 D dalvikvm: GC_CONCURRENT freed 504K, 8% free 10380K/11271K, paused 2ms+3ms
07-10 08:59:31.379  5714  7484 I EventLogService: Aggregate from 1341923371265 (log), 1341923371265 (data)
07-10 08:59:56.015   262   262 I wpa_supplicant: wlan0: CTRL-EVENT-DISCONNECTED bssid=00:1a:a2:dc:8c:11 reason=0
07-10 08:59:56.019    75   117 D CommandListener: Clearing all IP addresses on wlan0
07-10 08:59:56.039   144   200 D ConnectivityService: ConnectivityChange for WIFI: DISCONNECTED/DISCONNECTED
07-10 08:59:56.047   144   200 D ConnectivityService: Attempting to switch to mobile
07-10 08:59:56.050   144   200 D ConnectivityService: Attempting to switch to WIMAX
07-10 08:59:56.054   144   200 D ConnectivityService: Attempting to switch to BLUETOOTH_TETHER
07-10 08:59:56.058   144   200 E ConnectivityService: Exception trying to remove a route: java.lang.IllegalStateException: Unable to communicate with native dameon to add routes - com.android.server.NativeDaemonConnectorException: Cmd {interface route remove wlan0 default 67.20.213.254 32 0.0.0.0} failed with code 400 : {Failed to remove route from default table (No such process)}
07-10 08:59:56.074   144   200 E ConnectivityService: Exception trying to remove a route: java.lang.IllegalStateException: Unable to communicate with native dameon to add routes - com.android.server.NativeDaemonConnectorException: Cmd {interface route remove wlan0 default 0.0.0.0 0 67.20.213.254} failed with code 400 : {Failed to remove route from default table (No such process)}
07-10 08:59:56.078   144   200 D NetUtils: android_net_utils_resetConnections in env=0x13390c8 clazz=0x4f200001 iface=wlan0 mask=0x3
07-10 08:59:56.078   144   200 D ConnectivityService: resetConnections(wlan0, 3)
07-10 08:59:56.144  5714 26243 W Smack/Packet: notify conn break (IOEx), close connection
07-10 08:59:56.316  5714 26243 I qtaguid : Failed write_ctrl(u 61) res=-1 errno=22
07-10 08:59:56.316  5714 26243 I qtaguid : Untagging socket 61 failed errno=-22
07-10 08:59:56.316  5714 26243 W NetworkManagementSocketTagger: untagSocket(61) failed with errno -22
07-10 08:59:56.328   144   200 D ConnectivityService: handleInetConditionChange: no active default network - ignore
07-10 08:59:59.140   144   204 D Tethering: MasterInitialState.processMessage what=3
07-10 08:59:59.539   144   376 I ActivityManager: Start proc com.google.android.apps.uploader for broadcast com.google.android.apps.uploader/.ConnectivityBroadcastReceiver: pid=26694 uid=10030 gids={3003}
07-10 08:59:59.547 26694 26694 I dalvikvm: Turning on JNI app bug workarounds for target SDK version 11...
07-10 08:59:59.605 26694 26694 I ActivityThread: Pub com.google.android.apps.uploader: com.google.android.apps.uploader.UploadsContentProvider
07-10 08:59:59.609 26694 26694 I ActivityThread: Pub com.google.photos.provider.Album: com.google.android.apps.uploader.clients.picasa.AlbumProvider
07-10 08:59:59.613 26694 26694 D MediaUploader: UploaderApplication.onCreate
07-10 08:59:59.668 26694 26694 D MediaUploader: nonWifiLimit=20971520, default=20971520
07-10 08:59:59.675 26694 26694 I MediaUploader: No need to wake up
07-10 08:59:59.683 26654 26654 I PhoneLab-WiFiReceiver: Wi-Fi is disconnected!
07-10 08:59:59.789   144   326 I ActivityManager: Start proc com.google.android.apps.plus for broadcast com.google.android.apps.plus/com.google.android.picasasync.ConnectivityReceiver: pid=26710 uid=10060 gids={3003, 3002, 1015, 1006}
07-10 09:00:00.078 26710 26711 D dalvikvm: GC_CONCURRENT freed 154K, 3% free 9381K/9607K, paused 15ms+2ms
07-10 09:00:00.230 26710 26710 I ActivityThread: Pub com.google.android.apps.plus.content.ApiProvider: com.google.android.apps.plus.content.EsApiProvider
07-10 09:00:00.269 26710 26710 I ActivityThread: Pub com.google.android.apps.plus.content.EsGooglePhotoProvider: com.google.android.picasasync.PicasaContentProvider
07-10 09:00:00.484 26710 26711 D dalvikvm: GC_CONCURRENT freed 336K, 5% free 9580K/9991K, paused 7ms+4ms
07-10 09:00:00.507 26710 26710 I ActivityThread: Pub com.google.android.apps.plus.content.EsPicasaStoreProvider: com.google.android.picasastore.PicasaPhotoContentProvider
07-10 09:00:00.531 26710 26710 I ActivityThread: Pub com.google.plus.platform: com.google.android.apps.plus.content.AdsProvider
07-10 09:00:00.531 26710 26710 I ActivityThread: Pub com.google.android.apps.plus.iu.EsGoogleIuProvider: com.google.android.apps.plus.iu.InstantUploadProvider
07-10 09:00:00.539   144 10051 I ActivityManager: Process com.google.android.youtube (pid 25642) has died.
07-10 09:00:00.648 26710 26711 D dalvikvm: GC_CONCURRENT freed 501K, 6% free 9608K/10183K, paused 2ms+2ms
07-10 09:00:00.660 26710 26710 I ActivityThread: Pub com.google.android.apps.plus.content.EsProvider: com.google.android.apps.plus.content.EsProvider
07-10 09:00:00.746 26710 26724 D PicasaPhotoCP: set fsid first time:-1
07-10 09:00:00.761   144   156 I ActivityManager: Start proc com.google.android.youtube for broadcast com.google.android.youtube/.app.prefetch.PrefetchService$DeviceStateReceiver: pid=26729 uid=10057 gids={3003, 1015, 1006}
07-10 09:00:00.961 26710 26728 D PicasaSync: sync account database
07-10 09:00:00.968 26729 26731 D dalvikvm: GC_CONCURRENT freed 151K, 3% free 9360K/9607K, paused 2ms+1ms
07-10 09:00:01.004 26710 26711 D dalvikvm: GC_CONCURRENT freed 309K, 5% free 9837K/10247K, paused 56ms+7ms
07-10 09:00:01.043 26729 26729 I ActivityThread: Pub com.google.android.youtube.SuggestionProvider: com.google.android.youtube.core.suggest.SuggestionProvider
07-10 09:00:01.336 26710 26728 D PicasaSync: accounts in DB=1
07-10 09:00:01.398 26710 26728 D PicasaSyncManager: active network: null
07-10 09:00:01.398 26710 26728 D PicasaSyncManager: background data: true
07-10 09:00:01.504 26710 26728 D PicasaSyncManager: battery info: false
07-10 09:00:01.582 26729 26731 D dalvikvm: GC_CONCURRENT freed 355K, 5% free 9488K/9927K, paused 3ms+2ms
07-10 09:00:01.586 26729 26738 W CursorWrapperInner: Cursor finalized without prior close()
07-10 09:00:01.586 26729 26738 W CursorWrapperInner: Cursor finalized without prior close()
07-10 09:00:01.617   144   380 I ActivityManager: Process com.twitter.android (pid 8155) has died.
07-10 09:00:01.640 26710 26711 D dalvikvm: GC_CONCURRENT freed 174K, 3% free 10080K/10375K, paused 2ms+4ms
07-10 09:00:01.812 26729 26731 D dalvikvm: GC_CONCURRENT freed 285K, 4% free 9762K/10119K, paused 3ms+3ms
07-10 09:00:01.914 26729 26731 D dalvikvm: GC_CONCURRENT freed 381K, 5% free 9923K/10375K, paused 2ms+6ms
07-10 09:00:02.011 26729 26731 D dalvikvm: GC_CONCURRENT freed 368K, 5% free 10128K/10567K, paused 1ms+2ms
07-10 09:00:02.109 26710 26711 D dalvikvm: GC_CONCURRENT freed 146K, 3% free 10356K/10631K, paused 2ms+2ms
07-10 09:00:02.113 26729 26731 D dalvikvm: GC_CONCURRENT freed 477K, 6% free 10211K/10759K, paused 3ms+3ms
07-10 09:00:02.500 26729 26731 D dalvikvm: GC_CONCURRENT freed 333K, 5% free 10312K/10759K, paused 3ms+32ms
07-10 09:00:02.519 26710 26711 D dalvikvm: GC_CONCURRENT freed 293K, 5% free 10483K/10951K, paused 2ms+82ms
07-10 09:00:02.625 26710 26725 D dalvikvm: GC_FOR_ALLOC freed 0K, 5% free 10483K/10951K, paused 104ms
07-10 09:00:02.629 26710 26725 I dalvikvm-heap: Grow heap (frag case) to 10.553MB for 260112-byte allocation
07-10 09:00:02.789 26671 26683 I GLSUser : GLS error: NetworkError
07-10 09:00:02.800 26729 26773 E ApiaryPlusOneApi: Error fetching auth token: 
07-10 09:00:02.800 26729 26773 E ApiaryPlusOneApi: java.io.IOException
07-10 09:00:02.800 26729 26773 E ApiaryPlusOneApi: 	at android.accounts.AccountManager.convertErrorToException(AccountManager.java:1548)
07-10 09:00:02.800 26729 26773 E ApiaryPlusOneApi: 	at android.accounts.AccountManager.access$400(AccountManager.java:140)
07-10 09:00:02.800 26729 26773 E ApiaryPlusOneApi: 	at android.accounts.AccountManager$AmsTask$Response.onError(AccountManager.java:1409)
07-10 09:00:02.800 26729 26773 E ApiaryPlusOneApi: 	at android.accounts.IAccountManagerResponse$Stub.onTransact(IAccountManagerResponse.java:69)
07-10 09:00:02.800 26729 26773 E ApiaryPlusOneApi: 	at android.os.Binder.execTransact(Binder.java:338)
07-10 09:00:02.800 26729 26773 E ApiaryPlusOneApi: 	at dalvik.system.NativeStart.run(Native Method)
07-10 09:00:02.804 26710 26725 D dalvikvm: GC_FOR_ALLOC freed 126K, 6% free 10611K/11207K, paused 51ms
07-10 09:00:02.828 26671 26674 D dalvikvm: GC_CONCURRENT freed 308K, 5% free 9203K/9607K, paused 2ms+9ms
07-10 09:00:02.898 26710 26725 D dalvikvm: GC_FOR_ALLOC freed 311K, 6% free 10603K/11207K, paused 21ms
07-10 09:00:02.922 26710 26725 D dalvikvm: GC_FOR_ALLOC freed 62K, 5% free 10667K/11207K, paused 19ms
07-10 09:00:02.922 26729 26773 E PlusOneController: Error loading opted-in: Unable to resolve host "www.googleapis.com": No address associated with hostname
07-10 09:00:02.925 26710 26725 I dalvikvm-heap: Grow heap (frag case) to 10.734MB for 260112-byte allocation
07-10 09:00:02.945 26710 26725 D dalvikvm: GC_FOR_ALLOC freed 126K, 6% free 10795K/11463K, paused 18ms
07-10 09:00:02.968 26710 26725 D dalvikvm: GC_FOR_ALLOC freed 307K, 6% free 10787K/11463K, paused 18ms
07-10 09:00:02.988 26710 26725 D dalvikvm: GC_FOR_ALLOC freed 62K, 6% free 10851K/11463K, paused 18ms
07-10 09:00:02.988 26710 26725 I dalvikvm-heap: Grow heap (frag case) to 10.913MB for 260112-byte allocation
07-10 09:00:03.007 26710 26725 D dalvikvm: GC_FOR_ALLOC freed 126K, 7% free 10979K/11719K, paused 18ms
07-10 09:00:03.140 26710 26711 D dalvikvm: GC_CONCURRENT freed 336K, 5% free 11198K/11719K, paused 2ms+3ms
07-10 09:00:03.285 26710 26711 D dalvikvm: GC_CONCURRENT freed 142K, 3% free 11730K/11975K, paused 2ms+3ms
07-10 09:00:03.433 26710 26711 D dalvikvm: GC_CONCURRENT freed 546K, 6% free 12025K/12679K, paused 2ms+2ms
07-10 09:00:03.609 26710 26711 D dalvikvm: GC_CONCURRENT freed 209K, 3% free 12750K/13063K, paused 1ms+2ms
07-10 09:00:03.836 25405 25406 D dalvikvm: GC_CONCURRENT freed 408K, 6% free 9342K/9863K, paused 1ms+5ms
07-10 09:00:04.652   144   403 D dalvikvm: GC_EXPLICIT freed 1540K, 18% free 17597K/21255K, paused 3ms+7ms
07-10 09:00:05.652   144   200 D ConnectivityService: ConnectivityChange for mobile: CONNECTED/CONNECTED
07-10 09:00:05.777   144   196 D NetworkPolicy: applying policy NetworkPolicy[NetworkTemplate: matchRule=MOBILE_ALL, subscriberId=valid]: cycleDay=20, warningBytes=2147483648, limitBytes=-1, lastSnooze=-1 to ifaces [rmnet0]
07-10 09:00:05.820 25762 25764 D dalvikvm: GC_CONCURRENT freed 1074K, 13% free 10558K/12039K, paused 2ms+3ms
07-10 09:00:06.656   144   200 D ConnectivityService: NetTransition Wakelock for WifiStateMachine released by timeout
07-10 09:00:12.316   144   204 D Tethering: MasterInitialState.processMessage what=3
07-10 09:00:12.351  5714  5714 I GTalkService/c: [AndroidEndpoint@1094226184] connect: acct=1000000, state=CONNECTING
07-10 09:00:12.355  5714  5714 I GTalkService/c: [GTalkConnection@1094490160] connect: acct=1, state=CONNECTING
07-10 09:00:12.386 26694 26694 I MediaUploader: No need to wake up
07-10 09:00:12.433 26710 26728 D PicasaSyncManager: active network: NetworkInfo: type: mobile[CDMA - EvDo rev. A], state: CONNECTED/CONNECTED, reason: (unspecified), extra: , roaming: false, failover: true, isAvailable: true
07-10 09:00:12.457 26710 26728 D PicasaSyncManager: background data: true
07-10 09:00:12.691 25687 25687 W ContextScopeImpl: thread=1 tried to enter the scope of the application context. Ignored.
07-10 09:00:12.695  5714  5736 D dalvikvm: GC_FOR_ALLOC freed 539K, 8% free 10776K/11591K, paused 220ms
07-10 09:00:13.859   344   344 D SAN_SERVICE: *******************************************
07-10 09:00:13.859   344   344 D SAN_SERVICE: DM App Phone Service State - 0
07-10 09:00:13.859   344   344 D SAN_SERVICE: *******************************************
07-10 09:00:14.418   144   200 D ConnectivityService: handleInetConditionHoldEnd: net=0, condition=100, published condition=0
07-10 09:00:14.527   344   344 D SAN_SERVICE: *******************************************
07-10 09:00:14.527   344   344 D SAN_SERVICE: DM App Phone Service State - 0
07-10 09:00:14.527   344   344 D SAN_SERVICE: *******************************************
07-10 09:00:16.293   262   262 I wpa_supplicant: wlan0: Trying to associate with 00:13:80:94:4a:a1 (SSID='UB_Secure' freq=2462 MHz)
07-10 09:00:16.316   262   262 I wpa_supplicant: wlan0: Associated with 00:13:80:94:4a:a1
07-10 09:00:16.332   262   262 I wpa_supplicant: wlan0: CTRL-EVENT-EAP-STARTED EAP authentication started
07-10 09:00:16.336   262   262 I wpa_supplicant: wlan0: CTRL-EVENT-EAP-PROPOSED-METHOD vendor=0 method=4 -> NAK
07-10 09:00:16.343   262   262 I wpa_supplicant: wlan0: CTRL-EVENT-EAP-PROPOSED-METHOD vendor=0 method=25
07-10 09:00:16.347   262   262 I wpa_supplicant: wlan0: CTRL-EVENT-EAP-METHOD EAP vendor 0 method 25 (PEAP) selected
07-10 09:00:16.449   262   262 I wpa_supplicant: wlan0: CTRL-EVENT-EAP-PEER-CERT depth=2 subject='/C=US/O=Entrust.net/OU=www.entrust.net/CPS incorp. by ref. (limits liab.)/OU=(c) 1999 Entrust.net Limited/CN=Entrust.net Secure Server Certification Authority'
07-10 09:00:16.457   262   262 I wpa_supplicant: wlan0: CTRL-EVENT-EAP-PEER-CERT depth=2 subject='/C=US/O=Entrust.net/OU=www.entrust.net/CPS incorp. by ref. (limits liab.)/OU=(c) 1999 Entrust.net Limited/CN=Entrust.net Secure Server Certification Authority'
07-10 09:00:16.461   262   262 I wpa_supplicant: wlan0: CTRL-EVENT-EAP-PEER-CERT depth=1 subject='/C=US/ST=UT/L=Salt Lake City/O=The USERTRUST Network/CN=USERTrust Legacy Secure Server CA'
07-10 09:00:16.465   262   262 I wpa_supplicant: wlan0: CTRL-EVENT-EAP-PEER-CERT depth=0 subject='/C=US/postalCode=14260/ST=New York/L=Buffalo/street=305 Computing Center/O=SUNY AT BUFFALO/OU=Office of the President/OU=Issued through UNIVERSITY AT BUFFALO E-PKI Manager/OU=PremiumSSL Legacy/CN=ubsecure.acsu.buffalo.edu'
07-10 09:00:16.515   214   216 D dalvikvm: GC_CONCURRENT freed 495K, 34% free 9752K/14663K, paused 9ms+4ms
07-10 09:00:16.543  5714  5717 D dalvikvm: GC_CONCURRENT freed 476K, 8% free 10764K/11591K, paused 42ms+58ms
07-10 09:00:16.570   214   214 D dalvikvm: GC_FOR_ALLOC freed 361K, 34% free 9737K/14663K, paused 18ms
07-10 09:00:16.613   214   216 D dalvikvm: GC_CONCURRENT freed 306K, 33% free 9868K/14663K, paused 2ms+2ms
07-10 09:00:16.656   262   262 I wpa_supplicant: EAP-MSCHAPV2: Authentication succeeded
07-10 09:00:16.660   262   262 I wpa_supplicant: EAP-TLV: TLV Result - Success - EAP-TLV/Phase2 Completed
07-10 09:00:16.664   262   262 I wpa_supplicant: wlan0: CTRL-EVENT-EAP-SUCCESS EAP authentication completed successfully
07-10 09:00:16.679   262   262 I wpa_supplicant: wlan0: WPA: Key negotiation completed with 00:13:80:94:4a:a1 [PTK=CCMP GTK=TKIP]
07-10 09:00:16.679   262   262 I wpa_supplicant: wlan0: CTRL-EVENT-CONNECTED - Connection to 00:13:80:94:4a:a1 completed (reauth) [id=0 id_str=]
07-10 09:00:16.734   214   216 D dalvikvm: GC_CONCURRENT freed 491K, 34% free 9786K/14663K, paused 2ms+2ms
07-10 09:00:17.297   144   200 D ConnectivityService: ConnectivityChange for WIFI: CONNECTED/CONNECTED
07-10 09:00:17.297   144   200 D ConnectivityService: Policy requires mobile teardown
07-10 09:00:17.328 26654 26654 I PhoneLab-WiFiReceiver: Wi-Fi is connected!
07-10 09:00:17.336 26654 26654 I PhoneLab-WiFiReceiver: SSID: UB_Secure BSSID: 00:13:80:94:4a:a1 RSSI: -200 LinkSpeed: -1
07-10 09:00:17.340 26654 26654 I PhoneLab-Locks: wake lock acquired
07-10 09:00:17.359 26654 26654 I PhoneLab-UploadLogs: Transfering log files now
07-10 09:00:17.363 26654 26654 I PhoneLab-UploadLogs: No log files to transfer
07-10 09:00:17.367 26654 26654 I PhoneLab-Locks: wake lock released
07-10 09:00:17.375 26654 26654 I PhoneLab-UploadLogs: OnStartCommand
07-10 09:00:17.394   144   200 D ConnectivityService: ConnectivityChange for mobile: DISCONNECTED/DISCONNECTED
07-10 09:00:17.402   144   200 D ConnectivityService: Attempting to switch to WIFI
07-10 09:00:17.410   144   200 D ConnectivityService: Attempting to switch to WIMAX
07-10 09:00:17.410   144   200 D ConnectivityService: Attempting to switch to BLUETOOTH_TETHER
07-10 09:00:17.418   144   200 D NetUtils: android_net_utils_resetConnections in env=0x13390c8 clazz=0x72500001 iface=rmnet0 mask=0x3
07-10 09:00:17.418   144   200 D ConnectivityService: resetConnections(rmnet0, 3)
07-10 09:00:17.429   144   195 W NetworkStats: dropping UID delta from unknown iface: iface=wlan0 uid=0 set=DEFAULT tag=0x0 rxBytes=104 rxPackets=2 txBytes=140 txPackets=2 operations=0
07-10 09:00:17.472  5714 26791 W Smack/Packet: notify conn break (IOEx), close connection
07-10 09:00:17.683  5714 26791 I qtaguid : Failed write_ctrl(u 61) res=-1 errno=22
07-10 09:00:17.738  5714 26791 I qtaguid : Untagging socket 61 failed errno=-22
07-10 09:00:17.738  5714 26791 W NetworkManagementSocketTagger: untagSocket(61) failed with errno -22
07-10 09:00:17.742 20203 20205 D dalvikvm: GC_CONCURRENT freed 790K, 9% free 11638K/12743K, paused 20ms+124ms
07-10 09:00:17.746   144   200 D ConnectivityService: handleInetConditionChange: net=0 != default=1 - ignore
07-10 09:00:18.019 20203 20214 D dalvikvm: GC_EXPLICIT freed 33K, 9% free 11608K/12743K, paused 6ms+4ms
07-10 09:00:19.054   344   344 D SAN_SERVICE: *******************************************
07-10 09:00:19.054   344   344 D SAN_SERVICE: DM App Phone Service State - 0
07-10 09:00:19.058   344   344 D SAN_SERVICE: *******************************************
07-10 09:00:19.519   344   344 D SAN_SERVICE: *******************************************
07-10 09:00:19.519   344   344 D SAN_SERVICE: DM App Phone Service State - 0
07-10 09:00:19.519   344   344 D SAN_SERVICE: *******************************************
07-10 09:00:20.414   144   204 D Tethering: MasterInitialState.processMessage what=3
07-10 09:00:20.578  5714  5714 I GTalkService/c: [AndroidEndpoint@1094226184] connect: acct=1000000, state=CONNECTING
07-10 09:00:20.632   144   204 D Tethering: MasterInitialState.processMessage what=3
07-10 09:00:20.640   144   147 D dalvikvm: GC_CONCURRENT freed 1971K, 18% free 17593K/21255K, paused 25ms+6ms
07-10 09:00:20.672   144   204 D Tethering: MasterInitialState.processMessage what=3
07-10 09:00:20.687  5714  5714 I GTalkService/c: [GTalkConnection@1094490160] connect: acct=1, state=CONNECTING
07-10 09:00:20.718 26694 26694 I MediaUploader: No need to wake up
07-10 09:00:20.800 25687 25687 W ContextScopeImpl: thread=1 tried to enter the scope of the application context. Ignored.
07-10 09:00:20.828 26710 26728 D PicasaSyncManager: active network: NetworkInfo: type: WIFI[], state: CONNECTED/CONNECTED, reason: (unspecified), extra: (none), roaming: false, failover: false, isAvailable: true
07-10 09:00:20.843 26710 26728 D PicasaSyncManager: background data: true
07-10 09:00:20.910 26694 26694 I MediaUploader: No need to wake up
07-10 09:00:20.980 26603 26603 D OpenGLRenderer: Flushing caches (mode 2)
07-10 09:00:20.988 26640 26640 D OpenGLRenderer: Flushing caches (mode 2)
07-10 09:00:21.093 25687 25687 W ContextScopeImpl: thread=1 tried to enter the scope of the application context. Ignored.
07-10 09:00:21.183 26694 26694 I MediaUploader: No need to wake up
07-10 09:00:21.265 25687 25687 W ContextScopeImpl: thread=1 tried to enter the scope of the application context. Ignored.
07-10 09:00:21.332  7656  7659 D dalvikvm: GC_CONCURRENT freed 507K, 8% free 10398K/11271K, paused 2ms+9ms
07-10 09:00:21.367 26710 26728 D PicasaSyncManager: active network: NetworkInfo: type: WIFI[], state: CONNECTED/CONNECTED, reason: (unspecified), extra: (none), roaming: false, failover: false, isAvailable: true
07-10 09:00:21.371 26710 26728 D PicasaSyncManager: background data: true
07-10 09:00:21.871   144  7984 D dalvikvm: GC_EXPLICIT freed 578K, 18% free 17528K/21255K, paused 4ms+7ms
07-10 09:00:21.980   214   216 D dalvikvm: GC_CONCURRENT freed 461K, 34% free 9734K/14663K, paused 2ms+3ms
07-10 09:00:22.031   214   216 D dalvikvm: GC_CONCURRENT freed 462K, 34% free 9729K/14663K, paused 2ms+2ms
07-10 09:00:22.054  7656  7659 D dalvikvm: GC_CONCURRENT freed 495K, 8% free 10412K/11271K, paused 1ms+36ms
07-10 09:00:22.101   214   216 D dalvikvm: GC_CONCURRENT freed 386K, 34% free 9780K/14663K, paused 2ms+2ms
07-10 09:00:24.043   344   344 D SAN_SERVICE: *******************************************
07-10 09:00:24.043   344   344 D SAN_SERVICE: DM App Phone Service State - 0
07-10 09:00:24.043   344   344 D SAN_SERVICE: *******************************************
07-10 09:00:24.543   344   344 D SAN_SERVICE: *******************************************
07-10 09:00:24.543   344   344 D SAN_SERVICE: DM App Phone Service State - 0
07-10 09:00:24.543   344   344 D SAN_SERVICE: *******************************************
07-10 09:00:34.316   344   344 D SAN_SERVICE: *******************************************
07-10 09:00:34.316   344   344 D SAN_SERVICE: DM App Phone Service State - 0
07-10 09:00:34.316   344   344 D SAN_SERVICE: *******************************************
07-10 09:00:34.672   344   344 D SAN_SERVICE: *******************************************
07-10 09:00:34.672   344   344 D SAN_SERVICE: DM App Phone Service State - 0
07-10 09:00:34.672   344   344 D SAN_SERVICE: *******************************************
07-10 09:00:37.554  5714  5717 D dalvikvm: GC_CONCURRENT freed 438K, 7% free 10784K/11591K, paused 2ms+3ms
07-10 09:00:38.058   144   200 D ConnectivityService: handleInetConditionHoldEnd: net=1, condition=100, published condition=0
07-10 09:01:09.089 25762 25764 D dalvikvm: GC_CONCURRENT freed 508K, 13% free 10562K/12039K, paused 1ms+3ms
07-10 09:01:09.226  7656  7659 D dalvikvm: GC_CONCURRENT freed 421K, 8% free 10382K/11271K, paused 5ms+2ms
07-10 09:01:10.562 25762 25764 D dalvikvm: GC_CONCURRENT freed 488K, 13% free 10587K/12039K, paused 1ms+12ms
07-10 09:01:21.050   144   200 D ConnectivityService: ConnectivityChange for WIMAX: DISCONNECTED/SCANNING
07-10 09:01:21.054   144   200 D ConnectivityService: Attempting to switch to mobile
07-10 09:01:21.054   144   200 D ConnectivityService: Attempting to switch to WIFI
07-10 09:01:21.054   144   200 D ConnectivityService: Attempting to switch to BLUETOOTH_TETHER
07-10 09:01:21.195   344   347 D dalvikvm: GC_CONCURRENT freed 840K, 14% free 11777K/13639K, paused 2ms+11ms
07-10 09:01:22.031   144   173 I ActivityManager: Start proc com.twitter.android for service com.twitter.android/.client.AppService: pid=26854 uid=10064 gids={3003, 1015}
07-10 09:01:22.047 26854 26854 I dalvikvm: Turning on JNI app bug workarounds for target SDK version 11...
07-10 09:01:22.164 26854 26854 I ActivityThread: Pub com.twitter.android.provider.GlobalDatabaseProvider: com.twitter.android.provider.GlobalDatabaseProvider
07-10 09:01:22.172 26854 26854 I ActivityThread: Pub com.twitter.android.provider.TwitterProvider: com.twitter.android.provider.TwitterProvider
07-10 09:01:22.265 26854 26856 D dalvikvm: GC_CONCURRENT freed 204K, 3% free 9265K/9543K, paused 4ms+7ms
07-10 09:01:22.535 26854 26856 D dalvikvm: GC_CONCURRENT freed 173K, 4% free 9495K/9799K, paused 4ms+2ms
07-10 09:01:22.675 26854 26856 D dalvikvm: GC_CONCURRENT freed 304K, 5% free 9626K/10055K, paused 1ms+2ms
07-10 09:01:22.797 26854 26856 D dalvikvm: GC_CONCURRENT freed 313K, 5% free 9763K/10183K, paused 1ms+1ms
07-10 09:01:22.914 26854 26856 D dalvikvm: GC_CONCURRENT freed 310K, 5% free 9892K/10311K, paused 1ms+2ms
07-10 09:01:23.039 26854 26856 D dalvikvm: GC_CONCURRENT freed 306K, 4% free 10025K/10439K, paused 2ms+2ms
07-10 09:01:23.156 26854 26856 D dalvikvm: GC_CONCURRENT freed 305K, 4% free 10156K/10567K, paused 2ms+1ms
07-10 09:01:23.269 26854 26856 D dalvikvm: GC_CONCURRENT freed 292K, 4% free 10282K/10695K, paused 2ms+2ms
07-10 09:01:23.437 26854 26856 D dalvikvm: GC_CONCURRENT freed 487K, 6% free 10224K/10823K, paused 2ms+2ms
07-10 09:01:23.558 26854 26856 D dalvikvm: GC_CONCURRENT freed 327K, 5% free 10300K/10823K, paused 2ms+3ms
07-10 09:01:23.687 26854 26856 D dalvikvm: GC_CONCURRENT freed 315K, 5% free 10388K/10823K, paused 4ms+3ms
07-10 09:01:23.824 26854 26856 D dalvikvm: GC_CONCURRENT freed 356K, 5% free 10478K/10951K, paused 2ms+2ms
07-10 09:01:23.953 26854 26856 D dalvikvm: GC_CONCURRENT freed 343K, 5% free 10554K/11015K, paused 1ms+2ms
07-10 09:01:24.062   144   204 D Tethering: MasterInitialState.processMessage what=3
07-10 09:01:24.082   144   204 D Tethering: MasterInitialState.processMessage what=3
07-10 09:01:24.125 26694 26694 I MediaUploader: No need to wake up
07-10 09:01:24.164 26710 26728 D PicasaSyncManager: active network: NetworkInfo: type: WIFI[], state: CONNECTED/CONNECTED, reason: (unspecified), extra: (none), roaming: false, failover: false, isAvailable: true
07-10 09:01:24.164 26710 26728 D PicasaSyncManager: background data: true
07-10 09:01:24.222 25687 25687 W ContextScopeImpl: thread=1 tried to enter the scope of the application context. Ignored.
07-10 09:01:24.293 26729 26731 D dalvikvm: GC_CONCURRENT freed 354K, 5% free 10408K/10887K, paused 8ms+11ms
07-10 09:01:24.332 26854 26856 D dalvikvm: GC_CONCURRENT freed 337K, 4% free 10659K/11079K, paused 2ms+7ms
07-10 09:01:24.441   344   805 D dalvikvm: GC_EXPLICIT freed 45K, 14% free 11741K/13639K, paused 2ms+11ms
07-10 09:01:24.445  5714  5730 D dalvikvm: GC_EXPLICIT freed 249K, 8% free 10756K/11591K, paused 25ms+7ms
07-10 09:01:24.453 26694 26694 I MediaUploader: No need to wake up
07-10 09:01:24.523 25687 25687 W ContextScopeImpl: thread=1 tried to enter the scope of the application context. Ignored.
07-10 09:01:24.527 26710 26728 D PicasaSyncManager: active network: NetworkInfo: type: WIFI[], state: CONNECTED/CONNECTED, reason: (unspecified), extra: (none), roaming: false, failover: false, isAvailable: true
07-10 09:01:24.535 26710 26728 D PicasaSyncManager: background data: true
07-10 09:01:24.590   144   200 D ConnectivityService: handleInetConditionHoldEnd: net=1, condition=100, published condition=100
07-10 09:01:24.632 26854 26856 D dalvikvm: GC_CONCURRENT freed 425K, 5% free 10737K/11271K, paused 2ms+2ms
07-10 09:01:24.761 26854 26856 D dalvikvm: GC_CONCURRENT freed 391K, 5% free 10822K/11335K, paused 1ms+2ms
07-10 09:01:28.230   144   200 D ConnectivityService: ConnectivityChange for mobile: CONNECTED/CONNECTED
07-10 09:01:28.261   144   200 D NetUtils: android_net_utils_resetConnections in env=0x13390c8 clazz=0x90300001 iface=rmnet0 mask=0x3
07-10 09:01:28.261   144   200 D ConnectivityService: ConnectivityChange for mobile: DISCONNECTED/DISCONNECTED
07-10 09:01:28.261   144   200 D ConnectivityService: Attempting to switch to WIFI
07-10 09:01:28.261   144   200 D ConnectivityService: Attempting to switch to WIMAX
07-10 09:01:28.261   144   200 D ConnectivityService: Attempting to switch to BLUETOOTH_TETHER
07-10 09:01:28.261   144   200 D ConnectivityService: resetConnections(rmnet0, 3)
07-10 09:01:28.465   144   147 D dalvikvm: GC_CONCURRENT freed 1844K, 17% free 17731K/21255K, paused 3ms+9ms
07-10 09:01:31.320   144   204 D Tethering: MasterInitialState.processMessage what=3
07-10 09:01:31.351   144   204 D Tethering: MasterInitialState.processMessage what=3
07-10 09:01:31.418 26694 26694 I MediaUploader: No need to wake up
07-10 09:01:31.453 26710 26728 D PicasaSyncManager: active network: NetworkInfo: type: WIFI[], state: CONNECTED/CONNECTED, reason: (unspecified), extra: (none), roaming: false, failover: false, isAvailable: true
07-10 09:01:31.453 26710 26728 D PicasaSyncManager: background data: true
07-10 09:01:31.496 25687 25687 W ContextScopeImpl: thread=1 tried to enter the scope of the application context. Ignored.
07-10 09:01:31.539 26694 26694 I MediaUploader: No need to wake up
07-10 09:01:31.590 26710 26728 D PicasaSyncManager: active network: NetworkInfo: type: WIFI[], state: CONNECTED/CONNECTED, reason: (unspecified), extra: (none), roaming: false, failover: false, isAvailable: true
07-10 09:01:31.590 26710 26728 D PicasaSyncManager: background data: true
07-10 09:01:31.609 25687 25687 W ContextScopeImpl: thread=1 tried to enter the scope of the application context. Ignored.
07-10 09:01:31.715 25405 25406 D dalvikvm: GC_CONCURRENT freed 413K, 6% free 9325K/9863K, paused 8ms+3ms
07-10 09:01:31.871   144   200 D ConnectivityService: handleInetConditionHoldEnd: net=1, condition=100, published condition=100
07-10 09:01:42.476   344   344 D SAN_SERVICE: *******************************************
07-10 09:01:42.476   344   344 D SAN_SERVICE: DM App Phone Service State - 0
07-10 09:01:42.476   344   344 D SAN_SERVICE: *******************************************
07-10 09:01:42.718   344   344 D SAN_SERVICE: *******************************************
07-10 09:01:42.718   344   344 D SAN_SERVICE: DM App Phone Service State - 0
07-10 09:01:42.718   344   344 D SAN_SERVICE: *******************************************
07-10 09:01:46.480 26654 26667 I PhoneLab-: Service Running
07-10 09:01:46.558 26654 26667 I PhoneLab-LoggerService: app_37    1373  1     1440   1000  c00f181c 400107b4 S logcat
07-10 09:01:46.558 26654 26667 I PhoneLab-LoggerService: Logcat pid from database 1373
07-10 09:01:46.558 26654 26667 I PhoneLab-LoggerService: Logcat process found 1373
07-10 09:01:46.558 26654 26667 I PhoneLab-LoggerService: Checking Threshold
07-10 09:01:47.515   344   344 D SAN_SERVICE: *******************************************
07-10 09:01:47.515   344   344 D SAN_SERVICE: DM App Phone Service State - 0
07-10 09:01:47.515   344   344 D SAN_SERVICE: *******************************************
07-10 09:01:55.437 26854 26856 D dalvikvm: GC_CONCURRENT freed 335K, 4% free 11007K/11463K, paused 2ms+2ms
07-10 09:01:56.476 26854 26856 D dalvikvm: GC_CONCURRENT freed 443K, 5% free 11145K/11719K, paused 14ms+2ms
07-10 09:02:09.418  7656  7659 D dalvikvm: GC_CONCURRENT freed 535K, 9% free 10359K/11271K, paused 2ms+3ms
07-10 09:02:11.465   262   262 I wpa_supplicant: wlan0: CTRL-EVENT-DISCONNECTED bssid=00:13:80:94:4a:a1 reason=0
07-10 09:02:11.472    75   117 D CommandListener: Clearing all IP addresses on wlan0
07-10 09:02:11.523   144   200 D ConnectivityService: ConnectivityChange for WIFI: DISCONNECTED/DISCONNECTED
07-10 09:02:11.523   144   200 D ConnectivityService: Attempting to switch to mobile
07-10 09:02:11.523   144   200 D ConnectivityService: Attempting to switch to WIMAX
07-10 09:02:11.523   144   200 D ConnectivityService: Attempting to switch to BLUETOOTH_TETHER
07-10 09:02:11.562   144   200 E ConnectivityService: Exception trying to remove a route: java.lang.IllegalStateException: Unable to communicate with native dameon to add routes - com.android.server.NativeDaemonConnectorException: Cmd {interface route remove wlan0 default 67.20.213.254 32 0.0.0.0} failed with code 400 : {Failed to remove route from default table (No such process)}
07-10 09:02:11.562   144   200 D NetUtils: android_net_utils_resetConnections in env=0x13390c8 clazz=0x9ed00001 iface=wlan0 mask=0x3
07-10 09:02:11.562   144   200 E ConnectivityService: Exception trying to remove a route: java.lang.IllegalStateException: Unable to communicate with native dameon to add routes - com.android.server.NativeDaemonConnectorException: Cmd {interface route remove wlan0 default 0.0.0.0 0 67.20.213.254} failed with code 400 : {Failed to remove route from default table (No such process)}
07-10 09:02:11.562   144   200 D ConnectivityService: resetConnections(wlan0, 3)
07-10 09:02:11.578   144   200 D ConnectivityService: ConnectivityChange for WIMAX: DISCONNECTED/SCANNING
07-10 09:02:11.593   144   200 D ConnectivityService: Attempting to switch to mobile
07-10 09:02:11.593   144   200 D ConnectivityService: Attempting to switch to WIFI
07-10 09:02:11.593   144   200 D ConnectivityService: Attempting to switch to BLUETOOTH_TETHER
07-10 09:02:11.730  5714 26845 W Smack/Packet: notify conn break (IOEx), close connection
07-10 09:02:11.886  5714 26845 I qtaguid : Failed write_ctrl(u 61) res=-1 errno=22
07-10 09:02:11.886  5714 26845 I qtaguid : Untagging socket 61 failed errno=-22
07-10 09:02:11.890  5714 26845 W NetworkManagementSocketTagger: untagSocket(61) failed with errno -22
07-10 09:02:11.910   144   200 D ConnectivityService: handleInetConditionChange: no active default network - ignore
07-10 09:02:12.082   262   262 I wpa_supplicant: wlan0: Trying to associate with d0:c2:82:7e:30:a1 (SSID='UB_Secure' freq=2437 MHz)
07-10 09:02:12.179   262   262 I wpa_supplicant: wlan0: Associated with d0:c2:82:7e:30:a1
07-10 09:02:12.179   262   262 I wpa_supplicant: wlan0: CTRL-EVENT-EAP-STARTED EAP authentication started
07-10 09:02:12.183   262   262 I wpa_supplicant: wlan0: CTRL-EVENT-EAP-PROPOSED-METHOD vendor=0 method=4 -> NAK
07-10 09:02:12.187   262   262 I wpa_supplicant: wlan0: CTRL-EVENT-EAP-PROPOSED-METHOD vendor=0 method=25
07-10 09:02:12.187   262   262 I wpa_supplicant: wlan0: CTRL-EVENT-EAP-METHOD EAP vendor 0 method 25 (PEAP) selected
07-10 09:02:12.234   262   262 I wpa_supplicant: wlan0: CTRL-EVENT-EAP-PEER-CERT depth=2 subject='/C=US/O=Entrust.net/OU=www.entrust.net/CPS incorp. by ref. (limits liab.)/OU=(c) 1999 Entrust.net Limited/CN=Entrust.net Secure Server Certification Authority'
07-10 09:02:12.234   262   262 I wpa_supplicant: wlan0: CTRL-EVENT-EAP-PEER-CERT depth=2 subject='/C=US/O=Entrust.net/OU=www.entrust.net/CPS incorp. by ref. (limits liab.)/OU=(c) 1999 Entrust.net Limited/CN=Entrust.net Secure Server Certification Authority'
07-10 09:02:12.234   262   262 I wpa_supplicant: wlan0: CTRL-EVENT-EAP-PEER-CERT depth=1 subject='/C=US/ST=UT/L=Salt Lake City/O=The USERTRUST Network/CN=USERTrust Legacy Secure Server CA'
07-10 09:02:12.238   262   262 I wpa_supplicant: wlan0: CTRL-EVENT-EAP-PEER-CERT depth=0 subject='/C=US/postalCode=14260/ST=New York/L=Buffalo/street=305 Computing Center/O=SUNY AT BUFFALO/OU=Office of the President/OU=Issued through UNIVERSITY AT BUFFALO E-PKI Manager/OU=PremiumSSL Legacy/CN=ubsecure.acsu.buffalo.edu'
07-10 09:02:12.254   144   424 D dalvikvm: GC_EXPLICIT freed 1774K, 18% free 17640K/21255K, paused 4ms+10ms
07-10 09:02:12.418   262   262 I wpa_supplicant: EAP-MSCHAPV2: Authentication succeeded
07-10 09:02:12.422   262   262 I wpa_supplicant: EAP-TLV: TLV Result - Success - EAP-TLV/Phase2 Completed
07-10 09:02:12.429   262   262 I wpa_supplicant: wlan0: CTRL-EVENT-EAP-SUCCESS EAP authentication completed successfully
07-10 09:02:12.480   262   262 I wpa_supplicant: wlan0: WPA: Key negotiation completed with d0:c2:82:7e:30:a1 [PTK=CCMP GTK=TKIP]
07-10 09:02:12.480   262   262 I wpa_supplicant: wlan0: CTRL-EVENT-CONNECTED - Connection to d0:c2:82:7e:30:a1 completed (reauth) [id=0 id_str=]
07-10 09:02:13.105   144   200 D ConnectivityService: ConnectivityChange for WIFI: CONNECTED/CONNECTED
07-10 09:02:13.148 26654 26654 I PhoneLab-WiFiReceiver: Wi-Fi is connected!
07-10 09:02:13.148 26654 26654 I PhoneLab-WiFiReceiver: SSID: UB_Secure BSSID: d0:c2:82:7e:30:a1 RSSI: -200 LinkSpeed: -1
07-10 09:02:13.148 26654 26654 I PhoneLab-Locks: wake lock acquired
07-10 09:02:13.156 26654 26654 I PhoneLab-UploadLogs: Transfering log files now
07-10 09:02:13.156 26654 26654 I PhoneLab-UploadLogs: No log files to transfer
07-10 09:02:13.156 26654 26654 I PhoneLab-Locks: wake lock released
07-10 09:02:13.156 26654 26654 I PhoneLab-UploadLogs: OnStartCommand
07-10 09:02:13.175   144   195 W NetworkStats: dropping UID delta from unknown iface: iface=wlan0 uid=0 set=DEFAULT tag=0x0 rxBytes=0 rxPackets=0 txBytes=76 txPackets=1 operations=0
07-10 09:02:14.109   144   200 D ConnectivityService: NetTransition Wakelock for WifiStateMachine released by timeout
07-10 09:02:14.605   144   204 D Tethering: MasterInitialState.processMessage what=3
07-10 09:02:14.656  5714  5714 I GTalkService/c: [AndroidEndpoint@1094226184] connect: acct=1000000, state=CONNECTING
07-10 09:02:14.660  5714  5714 I GTalkService/c: [GTalkConnection@1094490160] connect: acct=1, state=CONNECTING
07-10 09:02:14.687 26694 26694 I MediaUploader: No need to wake up
07-10 09:02:14.691 26654 26654 I PhoneLab-WiFiReceiver: Wi-Fi is disconnected!
07-10 09:02:14.757 25687 25687 W ContextScopeImpl: thread=1 tried to enter the scope of the application context. Ignored.
07-10 09:02:14.785 26694 26694 I MediaUploader: No need to wake up
07-10 09:02:14.855 25687 25687 W ContextScopeImpl: thread=1 tried to enter the scope of the application context. Ignored.
07-10 09:02:14.863 26710 26728 D PicasaSyncManager: active network: NetworkInfo: type: WIFI[], state: CONNECTED/CONNECTED, reason: (unspecified), extra: (none), roaming: false, failover: false, isAvailable: true
07-10 09:02:14.867 26710 26728 D PicasaSyncManager: background data: true
07-10 09:02:14.879   144   204 D Tethering: MasterInitialState.processMessage what=3
07-10 09:02:15.129  5714  5717 D dalvikvm: GC_CONCURRENT freed 451K, 8% free 10758K/11591K, paused 8ms+3ms
07-10 09:02:16.039 26854 26856 D dalvikvm: GC_CONCURRENT freed 528K, 6% free 11270K/11911K, paused 2ms+3ms
07-10 09:02:16.183   144   204 D Tethering: MasterInitialState.processMessage what=3
07-10 09:02:16.218   144   200 D ConnectivityService: handleInetConditionHoldEnd: net=1, condition=100, published condition=0
07-10 09:02:16.300 26694 26694 I MediaUploader: No need to wake up
07-10 09:02:16.347 26710 26728 D PicasaSyncManager: active network: NetworkInfo: type: WIFI[], state: CONNECTED/CONNECTED, reason: (unspecified), extra: (none), roaming: false, failover: false, isAvailable: true
07-10 09:02:16.363 25687 25687 W ContextScopeImpl: thread=1 tried to enter the scope of the application context. Ignored.
07-10 09:02:16.375 26710 26728 D PicasaSyncManager: background data: true
07-10 09:02:17.613 16301 16303 D dalvikvm: GC_CONCURRENT freed 434K, 7% free 9760K/10439K, paused 2ms+4ms
07-10 09:02:28.429   144   200 D ConnectivityService: ConnectivityChange for mobile: CONNECTED/CONNECTED
07-10 09:02:28.457   144   200 D NetUtils: android_net_utils_resetConnections in env=0x13390c8 clazz=0xba600001 iface=rmnet0 mask=0x3
07-10 09:02:28.457   144   200 D ConnectivityService: ConnectivityChange for mobile: DISCONNECTED/DISCONNECTED
07-10 09:02:28.457   144   200 D ConnectivityService: Attempting to switch to WIFI
07-10 09:02:28.457   144   200 D ConnectivityService: Attempting to switch to WIMAX
07-10 09:02:28.457   144   200 D ConnectivityService: Attempting to switch to BLUETOOTH_TETHER
07-10 09:02:28.457   144   200 D ConnectivityService: resetConnections(rmnet0, 3)
07-10 09:02:33.011   144   204 D Tethering: MasterInitialState.processMessage what=3
07-10 09:02:33.031   144   204 D Tethering: MasterInitialState.processMessage what=3
07-10 09:02:33.097 26694 26694 I MediaUploader: No need to wake up
07-10 09:02:33.179 25687 25687 W ContextScopeImpl: thread=1 tried to enter the scope of the application context. Ignored.
07-10 09:02:33.234 26710 26728 D PicasaSyncManager: active network: NetworkInfo: type: WIFI[], state: CONNECTED/CONNECTED, reason: (unspecified), extra: (none), roaming: false, failover: false, isAvailable: true
07-10 09:02:33.238 26710 26728 D PicasaSyncManager: background data: true
07-10 09:02:33.277 26694 26694 I MediaUploader: No need to wake up
07-10 09:02:33.371 26710 26728 D PicasaSyncManager: active network: NetworkInfo: type: WIFI[], state: CONNECTED/CONNECTED, reason: (unspecified), extra: (none), roaming: false, failover: false, isAvailable: true
07-10 09:02:33.375 26710 26728 D PicasaSyncManager: background data: true
07-10 09:02:33.437 25687 25690 D dalvikvm: GC_CONCURRENT freed 383K, 5% free 9939K/10439K, paused 2ms+5ms
07-10 09:02:33.441 25687 25687 W ContextScopeImpl: thread=1 tried to enter the scope of the application context. Ignored.
07-10 09:02:33.453   144   147 D dalvikvm: GC_CONCURRENT freed 2002K, 17% free 17653K/21255K, paused 3ms+9ms
07-10 09:02:33.527   344   344 D SAN_SERVICE: *******************************************
07-10 09:02:33.527   344   344 D SAN_SERVICE: DM App Phone Service State - 0
07-10 09:02:33.527   344   344 D SAN_SERVICE: *******************************************
07-10 09:02:33.547   144   200 D ConnectivityService: handleInetConditionHoldEnd: net=1, condition=100, published condition=100
07-10 09:02:33.566  5714  5717 D dalvikvm: GC_CONCURRENT freed 506K, 8% free 10744K/11591K, paused 2ms+3ms
07-10 09:02:48.011   262   262 I wpa_supplicant: wlan0: CTRL-EVENT-DISCONNECTED bssid=d0:c2:82:7e:30:a1 reason=0
07-10 09:02:48.011    75   117 D CommandListener: Clearing all IP addresses on wlan0
07-10 09:02:48.031   144   200 D ConnectivityService: ConnectivityChange for WIFI: DISCONNECTED/DISCONNECTED
07-10 09:02:48.035   144   200 D ConnectivityService: Attempting to switch to mobile
07-10 09:02:48.035   144   200 D ConnectivityService: Attempting to switch to WIMAX
07-10 09:02:48.035   144   200 D ConnectivityService: Attempting to switch to BLUETOOTH_TETHER
07-10 09:02:48.047   144   200 E ConnectivityService: Exception trying to remove a route: java.lang.IllegalStateException: Unable to communicate with native dameon to add routes - com.android.server.NativeDaemonConnectorException: Cmd {interface route remove wlan0 default 67.20.213.254 32 0.0.0.0} failed with code 400 : {Failed to remove route from default table (No such process)}
07-10 09:02:48.054   144   200 E ConnectivityService: Exception trying to remove a route: java.lang.IllegalStateException: Unable to communicate with native dameon to add routes - com.android.server.NativeDaemonConnectorException: Cmd {interface route remove wlan0 default 0.0.0.0 0 67.20.213.254} failed with code 400 : {Failed to remove route from default table (No such process)}
07-10 09:02:48.058   144   200 D ConnectivityService: resetConnections(wlan0, 3)
07-10 09:02:48.066   144   200 D NetUtils: android_net_utils_resetConnections in env=0x13390c8 clazz=0xc8900001 iface=wlan0 mask=0x3
07-10 09:02:48.101   144   200 D ConnectivityService: ConnectivityChange for WIMAX: DISCONNECTED/SCANNING
07-10 09:02:48.105   144   200 D ConnectivityService: Attempting to switch to mobile
07-10 09:02:48.105   144   200 D ConnectivityService: Attempting to switch to WIFI
07-10 09:02:48.105   144   200 D ConnectivityService: Attempting to switch to BLUETOOTH_TETHER
07-10 09:02:48.168  5714 26928 W Smack/Packet: notify conn break (IOEx), close connection
07-10 09:02:48.324  5714 26928 I qtaguid : Failed write_ctrl(u 61) res=-1 errno=22
07-10 09:02:48.324  5714 26928 I qtaguid : Untagging socket 61 failed errno=-22
07-10 09:02:48.328  5714 26928 W NetworkManagementSocketTagger: untagSocket(61) failed with errno -22
07-10 09:02:48.351   144   200 D ConnectivityService: handleInetConditionChange: no active default network - ignore
07-10 09:02:48.683 25762 25764 D dalvikvm: GC_CONCURRENT freed 391K, 13% free 10590K/12039K, paused 1ms+2ms
07-10 09:02:51.121   144   204 D Tethering: MasterInitialState.processMessage what=3
07-10 09:02:51.164   144   204 D Tethering: MasterInitialState.processMessage what=3
07-10 09:02:51.215 26694 26694 I MediaUploader: No need to wake up
07-10 09:02:51.218 26654 26654 I PhoneLab-WiFiReceiver: Wi-Fi is disconnected!
07-10 09:02:51.293 26710 26728 D PicasaSyncManager: active network: null
07-10 09:02:51.293 26710 26728 D PicasaSyncManager: background data: true
07-10 09:02:51.363 26694 26694 I MediaUploader: No need to wake up
07-10 09:02:51.429 26710 26728 D PicasaSyncManager: active network: null
07-10 09:02:51.429 26710 26728 D PicasaSyncManager: background data: true
07-10 09:02:55.597   144   200 D ConnectivityService: ConnectivityChange for mobile: CONNECTED/CONNECTED
07-10 09:02:55.695   144   196 D NetworkPolicy: applying policy NetworkPolicy[NetworkTemplate: matchRule=MOBILE_ALL, subscriberId=valid]: cycleDay=20, warningBytes=2147483648, limitBytes=-1, lastSnooze=-1 to ifaces [rmnet0]
07-10 09:02:56.601   144   200 D ConnectivityService: NetTransition Wakelock for WifiStateMachine released by timeout
07-10 09:02:57.496  5714  5714 I GTalkService/c: [AndroidEndpoint@1094226184] connect: acct=1000000, state=CONNECTING
07-10 09:02:57.519  5714  5714 I GTalkService/c: [GTalkConnection@1094490160] connect: acct=1, state=CONNECTING
07-10 09:02:58.597 26654 26667 I PhoneLab-: Service Running
07-10 09:02:58.656   144   204 D Tethering: MasterInitialState.processMessage what=3
07-10 09:02:58.765 26654 26667 I PhoneLab-LoggerService: app_37    1373  1     1440   1000  c00f181c 400107b4 S logcat
07-10 09:02:58.769 26654 26667 I PhoneLab-LoggerService: Logcat pid from database 1373
07-10 09:02:58.773 26654 26667 I PhoneLab-LoggerService: Logcat process found 1373
07-10 09:02:58.773 26654 26667 I PhoneLab-LoggerService: Checking Threshold
07-10 09:02:58.785 26694 26694 I MediaUploader: No need to wake up
07-10 09:02:58.851 25687 25687 W ContextScopeImpl: thread=1 tried to enter the scope of the application context. Ignored.
07-10 09:02:58.859 26710 26728 D PicasaSyncManager: active network: NetworkInfo: type: mobile[CDMA - EvDo rev. A], state: CONNECTED/CONNECTED, reason: (unspecified), extra: , roaming: false, failover: true, isAvailable: true
07-10 09:02:58.867 26710 26728 D PicasaSyncManager: background data: true
07-10 09:02:58.906 26654 26657 D dalvikvm: GC_CONCURRENT freed 376K, 6% free 9104K/9607K, paused 4ms+7ms
07-10 09:02:58.925  5714  5717 D dalvikvm: GC_CONCURRENT freed 444K, 8% free 10767K/11591K, paused 10ms+3ms
07-10 09:02:59.035   144   480 D dalvikvm: GC_EXPLICIT freed 1757K, 18% free 17617K/21255K, paused 3ms+8ms
07-10 09:03:00.593   144   200 D ConnectivityService: handleInetConditionHoldEnd: net=0, condition=100, published condition=0
07-10 09:03:04.226   262   262 I wpa_supplicant: wlan0: Trying to associate with e8:ba:70:f9:e1:51 (SSID='UB_Secure' freq=2462 MHz)
07-10 09:03:04.355   262   262 I wpa_supplicant: wlan0: Associated with e8:ba:70:f9:e1:51
07-10 09:03:04.367   262   262 I wpa_supplicant: wlan0: CTRL-EVENT-EAP-STARTED EAP authentication started
07-10 09:03:04.375   262   262 I wpa_supplicant: wlan0: CTRL-EVENT-EAP-PROPOSED-METHOD vendor=0 method=4 -> NAK
07-10 09:03:04.379   262   262 I wpa_supplicant: wlan0: CTRL-EVENT-EAP-PROPOSED-METHOD vendor=0 method=25
07-10 09:03:04.379   262   262 I wpa_supplicant: wlan0: CTRL-EVENT-EAP-METHOD EAP vendor 0 method 25 (PEAP) selected
07-10 09:03:04.437   262   262 I wpa_supplicant: wlan0: CTRL-EVENT-EAP-PEER-CERT depth=2 subject='/C=US/O=Entrust.net/OU=www.entrust.net/CPS incorp. by ref. (limits liab.)/OU=(c) 1999 Entrust.net Limited/CN=Entrust.net Secure Server Certification Authority'
07-10 09:03:04.437   262   262 I wpa_supplicant: wlan0: CTRL-EVENT-EAP-PEER-CERT depth=2 subject='/C=US/O=Entrust.net/OU=www.entrust.net/CPS incorp. by ref. (limits liab.)/OU=(c) 1999 Entrust.net Limited/CN=Entrust.net Secure Server Certification Authority'
07-10 09:03:04.437   262   262 I wpa_supplicant: wlan0: CTRL-EVENT-EAP-PEER-CERT depth=1 subject='/C=US/ST=UT/L=Salt Lake City/O=The USERTRUST Network/CN=USERTrust Legacy Secure Server CA'
07-10 09:03:04.437   262   262 I wpa_supplicant: wlan0: CTRL-EVENT-EAP-PEER-CERT depth=0 subject='/C=US/postalCode=14260/ST=New York/L=Buffalo/street=305 Computing Center/O=SUNY AT BUFFALO/OU=Office of the President/OU=Issued through UNIVERSITY AT BUFFALO E-PKI Manager/OU=PremiumSSL Legacy/CN=ubsecure.acsu.buffalo.edu'
07-10 09:03:04.590   262   262 I wpa_supplicant: EAP-MSCHAPV2: Authentication succeeded
07-10 09:03:04.597   262   262 I wpa_supplicant: EAP-TLV: TLV Result - Success - EAP-TLV/Phase2 Completed
07-10 09:03:04.605   262   262 I wpa_supplicant: wlan0: CTRL-EVENT-EAP-SUCCESS EAP authentication completed successfully
07-10 09:03:04.691   262   262 I wpa_supplicant: wlan0: WPA: Key negotiation completed with e8:ba:70:f9:e1:51 [PTK=CCMP GTK=TKIP]
07-10 09:03:04.691   262   262 I wpa_supplicant: wlan0: CTRL-EVENT-CONNECTED - Connection to e8:ba:70:f9:e1:51 completed (reauth) [id=0 id_str=]
07-10 09:03:05.304   144   200 D ConnectivityService: ConnectivityChange for WIFI: CONNECTED/CONNECTED
07-10 09:03:05.308   144   200 D ConnectivityService: Policy requires mobile teardown
07-10 09:03:05.340 26654 26654 I PhoneLab-WiFiReceiver: Wi-Fi is connected!
07-10 09:03:05.340 26654 26654 I PhoneLab-WiFiReceiver: SSID: UB_Secure BSSID: e8:ba:70:f9:e1:51 RSSI: -200 LinkSpeed: -1
07-10 09:03:05.340 26654 26654 I PhoneLab-Locks: wake lock acquired
07-10 09:03:05.343 26654 26654 I PhoneLab-UploadLogs: Transfering log files now
07-10 09:03:05.343 26654 26654 I PhoneLab-UploadLogs: No log files to transfer
07-10 09:03:05.343 26654 26654 I PhoneLab-Locks: wake lock released
07-10 09:03:05.351 26654 26654 I PhoneLab-UploadLogs: OnStartCommand
07-10 09:03:05.386   144   200 D ConnectivityService: ConnectivityChange for mobile: DISCONNECTED/DISCONNECTED
07-10 09:03:05.390   144   200 D ConnectivityService: Attempting to switch to WIFI
07-10 09:03:05.390   144   200 D ConnectivityService: Attempting to switch to WIMAX
07-10 09:03:05.390   144   200 D ConnectivityService: Attempting to switch to BLUETOOTH_TETHER
07-10 09:03:05.406   144   200 D NetUtils: android_net_utils_resetConnections in env=0x13390c8 clazz=0xf0c00001 iface=rmnet0 mask=0x3
07-10 09:03:05.406   144   200 D ConnectivityService: resetConnections(rmnet0, 3)
07-10 09:03:05.414   144   195 W NetworkStats: dropping UID delta from unknown iface: iface=wlan0 uid=0 set=DEFAULT tag=0x0 rxBytes=0 rxPackets=0 txBytes=140 txPackets=2 operations=0
07-10 09:03:05.601  5714 26960 W Smack/Packet: notify conn break (IOEx), close connection
07-10 09:03:05.761  5714 26960 I qtaguid : Failed write_ctrl(u 61) res=-1 errno=22
07-10 09:03:05.761  5714 26960 I qtaguid : Untagging socket 61 failed errno=-22
07-10 09:03:05.761  5714 26960 W NetworkManagementSocketTagger: untagSocket(61) failed with errno -22
07-10 09:03:08.414   144   204 D Tethering: MasterInitialState.processMessage what=3
07-10 09:03:08.488   144   204 D Tethering: MasterInitialState.processMessage what=3
07-10 09:03:08.492   144   204 D Tethering: MasterInitialState.processMessage what=3
07-10 09:03:08.507  5714  5714 I GTalkService/c: [AndroidEndpoint@1094226184] connect: acct=1000000, state=CONNECTING
07-10 09:03:08.539 26694 26694 I MediaUploader: No need to wake up
07-10 09:03:08.597 25687 25687 W ContextScopeImpl: thread=1 tried to enter the scope of the application context. Ignored.
07-10 09:03:08.621 26710 26728 D PicasaSyncManager: active network: NetworkInfo: type: WIFI[], state: CONNECTED/CONNECTED, reason: (unspecified), extra: (none), roaming: false, failover: false, isAvailable: true
07-10 09:03:08.621 26710 26728 D PicasaSyncManager: background data: true
07-10 09:03:08.656 26694 26694 I MediaUploader: No need to wake up
07-10 09:03:08.746 25687 25687 W ContextScopeImpl: thread=1 tried to enter the scope of the application context. Ignored.
07-10 09:03:08.800 26694 26694 I MediaUploader: No need to wake up
07-10 09:03:08.879 25687 25687 W ContextScopeImpl: thread=1 tried to enter the scope of the application context. Ignored.
07-10 09:03:08.906 26710 26728 D PicasaSyncManager: active network: NetworkInfo: type: WIFI[], state: CONNECTED/CONNECTED, reason: (unspecified), extra: (none), roaming: false, failover: false, isAvailable: true
07-10 09:03:08.906 26710 26728 D PicasaSyncManager: background data: true
07-10 09:03:11.484   144   200 D ConnectivityService: handleInetConditionHoldEnd: net=1, condition=0, published condition=0
07-10 09:03:20.328  5714  5732 E GTalkService: connectionClosed: no XMPPConnection - That's strange!
07-10 09:03:20.355  5714  5732 E GTalkService: connectionClosed: no XMPPConnection - That's strange!
07-10 09:03:20.586  5714  5717 D dalvikvm: GC_CONCURRENT freed 478K, 8% free 10771K/11591K, paused 1ms+4ms
07-10 09:03:28.746   144   200 D ConnectivityService: handleInetConditionHoldEnd: net=1, condition=100, published condition=0
07-10 09:03:29.316  5714  5714 I GTalkService/c: [GTalkConnection@1094490160] connect: acct=1, state=CONNECTING
07-10 09:03:30.968 26603 26604 D dalvikvm: GC_CONCURRENT freed 451K, 6% free 10396K/10951K, paused 12ms+4ms
07-10 09:03:37.879   344   344 D SAN_SERVICE: *******************************************
07-10 09:03:37.879   344   344 D SAN_SERVICE: DM App Phone Service State - 0
07-10 09:03:37.879   344   344 D SAN_SERVICE: *******************************************
07-10 09:03:37.914   344   347 D dalvikvm: GC_CONCURRENT freed 726K, 14% free 11796K/13639K, paused 2ms+3ms
07-10 09:03:43.140   144   147 D dalvikvm: GC_CONCURRENT freed 2034K, 18% free 17630K/21255K, paused 3ms+7ms
07-10 09:03:43.640   144   323 D AlarmManagerService: Kernel timezone updated to 240 minutes west of GMT
07-10 09:03:43.644   344   344 D SystemClock: Setting time of day to sec=1341925424
07-10 09:03:44.064   144   161 I ActivityManager: Start proc com.android.calendar for broadcast com.android.calendar/.widget.CalendarAppWidgetService$CalendarFactory: pid=27012 uid=10005 gids={3003}
07-10 09:03:44.080   344   344 D SAN_SERVICE: *******************************************
07-10 09:03:44.080   344   344 D SAN_SERVICE: DM App Phone Service State - 0
07-10 09:03:44.080   344   344 D SAN_SERVICE: *******************************************
07-10 09:03:44.154 27012 27012 I ActivityThread: Pub com.android.calendar.CalendarRecentSuggestionsProvider: com.android.calendar.CalendarRecentSuggestionsProvider
07-10 09:03:44.248   144  9084 I ActivityManager: Start proc com.android.deskclock for broadcast com.android.deskclock/.AlarmInitReceiver: pid=27028 uid=10011 gids={}
07-10 09:03:44.291   144   144 I ActivityManager: Start proc com.android.providers.calendar for content provider com.android.providers.calendar/.CalendarProvider2: pid=27040 uid=10006 gids={3003, 1015}
07-10 09:03:44.349 27028 27028 I ActivityThread: Pub com.android.deskclock: com.android.deskclock.AlarmProvider
07-10 09:03:44.423 27040 27040 I ActivityThread: Pub com.android.calendar: com.android.providers.calendar.CalendarProvider2
07-10 09:03:44.470   144   424 I ActivityManager: No longer want com.google.android.apps.currents (pid 26228): hidden #16
07-10 09:03:44.537 27028 27053 V AlarmClock: AlarmInitReceiver finished
07-10 09:03:44.709   144   400 D dalvikvm: GC_EXPLICIT freed 444K, 18% free 17551K/21255K, paused 3ms+5ms
07-10 09:03:46.019   262   262 I wpa_supplicant: wlan0: CTRL-EVENT-DISCONNECTED bssid=e8:ba:70:f9:e1:51 reason=0
07-10 09:03:46.019    75   117 D CommandListener: Clearing all IP addresses on wlan0
07-10 09:03:46.035   144   200 D ConnectivityService: ConnectivityChange for WIFI: DISCONNECTED/DISCONNECTED
07-10 09:03:46.039   144   200 D ConnectivityService: Attempting to switch to mobile
07-10 09:03:46.039   144   200 D ConnectivityService: Attempting to switch to WIMAX
07-10 09:03:46.039   144   200 D ConnectivityService: Attempting to switch to BLUETOOTH_TETHER
07-10 09:03:46.046   144   200 D NetUtils: android_net_utils_resetConnections in env=0x13390c8 clazz=0x3e00001 iface=wlan0 mask=0x3
07-10 09:03:46.046   144   200 E ConnectivityService: Exception trying to remove a route: java.lang.IllegalStateException: Unable to communicate with native dameon to add routes - com.android.server.NativeDaemonConnectorException: Cmd {interface route remove wlan0 default 67.20.213.254 32 0.0.0.0} failed with code 400 : {Failed to remove route from default table (No such process)}
07-10 09:03:46.046   144   200 E ConnectivityService: Exception trying to remove a route: java.lang.IllegalStateException: Unable to communicate with native dameon to add routes - com.android.server.NativeDaemonConnectorException: Cmd {interface route remove wlan0 default 0.0.0.0 0 67.20.213.254} failed with code 400 : {Failed to remove route from default table (No such process)}
07-10 09:03:46.046   144   200 D ConnectivityService: resetConnections(wlan0, 3)
07-10 09:03:46.171   144   195 W NetworkStats: dropping UID delta from unknown iface: iface=wlan0 uid=0 set=DEFAULT tag=0x0 rxBytes=0 rxPackets=0 txBytes=72 txPackets=1 operations=0
07-10 09:03:46.211 27040 27040 I CalendarProvider2: Sending notification intent: Intent { act=android.intent.action.PROVIDER_CHANGED dat=content://com.android.calendar }
07-10 09:03:46.214 27040 27040 W ContentResolver: Failed to get type for: content://com.android.calendar (Unknown URL content://com.android.calendar)
07-10 09:03:46.230  5714 27009 W Smack/Packet: notify conn break (IOEx), close connection
07-10 09:03:46.281 20203 20205 D dalvikvm: GC_CONCURRENT freed 738K, 9% free 11635K/12743K, paused 2ms+3ms
07-10 09:03:46.379  5714 27009 I qtaguid : Failed write_ctrl(u 61) res=-1 errno=22
07-10 09:03:46.379  5714 27009 I qtaguid : Untagging socket 61 failed errno=-22
07-10 09:03:46.379  5714 27009 W NetworkManagementSocketTagger: untagSocket(61) failed with errno -22
07-10 09:03:46.386   144   200 D ConnectivityService: handleInetConditionChange: no active default network - ignore
07-10 09:03:46.601   262   262 I wpa_supplicant: wlan0: Trying to associate with d0:c2:82:2d:f2:a1 (SSID='UB_Secure' freq=2462 MHz)
07-10 09:03:46.621   262   262 I wpa_supplicant: wlan0: Associated with d0:c2:82:2d:f2:a1
07-10 09:03:46.625   262   262 I wpa_supplicant: wlan0: CTRL-EVENT-EAP-STARTED EAP authentication started
07-10 09:03:46.632   262   262 I wpa_supplicant: wlan0: CTRL-EVENT-EAP-PROPOSED-METHOD vendor=0 method=4 -> NAK
07-10 09:03:46.636   262   262 I wpa_supplicant: wlan0: CTRL-EVENT-EAP-PROPOSED-METHOD vendor=0 method=25
07-10 09:03:46.636   262   262 I wpa_supplicant: wlan0: CTRL-EVENT-EAP-METHOD EAP vendor 0 method 25 (PEAP) selected
07-10 09:03:46.683   262   262 I wpa_supplicant: wlan0: CTRL-EVENT-EAP-PEER-CERT depth=2 subject='/C=US/O=Entrust.net/OU=www.entrust.net/CPS incorp. by ref. (limits liab.)/OU=(c) 1999 Entrust.net Limited/CN=Entrust.net Secure Server Certification Authority'
07-10 09:03:46.683   262   262 I wpa_supplicant: wlan0: CTRL-EVENT-EAP-PEER-CERT depth=2 subject='/C=US/O=Entrust.net/OU=www.entrust.net/CPS incorp. by ref. (limits liab.)/OU=(c) 1999 Entrust.net Limited/CN=Entrust.net Secure Server Certification Authority'
07-10 09:03:46.683   262   262 I wpa_supplicant: wlan0: CTRL-EVENT-EAP-PEER-CERT depth=1 subject='/C=US/ST=UT/L=Salt Lake City/O=The USERTRUST Network/CN=USERTrust Legacy Secure Server CA'
07-10 09:03:46.687   262   262 I wpa_supplicant: wlan0: CTRL-EVENT-EAP-PEER-CERT depth=0 subject='/C=US/postalCode=14260/ST=New York/L=Buffalo/street=305 Computing Center/O=SUNY AT BUFFALO/OU=Office of the President/OU=Issued through UNIVERSITY AT BUFFALO E-PKI Manager/OU=PremiumSSL Legacy/CN=ubsecure.acsu.buffalo.edu'
07-10 09:03:46.832   262   262 I wpa_supplicant: EAP-MSCHAPV2: Authentication succeeded
07-10 09:03:46.836   262   262 I wpa_supplicant: EAP-TLV: TLV Result - Success - EAP-TLV/Phase2 Completed
07-10 09:03:46.839   262   262 I wpa_supplicant: wlan0: CTRL-EVENT-EAP-SUCCESS EAP authentication completed successfully
07-10 09:03:46.894   262   262 I wpa_supplicant: wlan0: WPA: Key negotiation completed with d0:c2:82:2d:f2:a1 [PTK=CCMP GTK=TKIP]
07-10 09:03:46.894   262   262 I wpa_supplicant: wlan0: CTRL-EVENT-CONNECTED - Connection to d0:c2:82:2d:f2:a1 completed (reauth) [id=0 id_str=]
07-10 09:03:47.511   144   200 D ConnectivityService: ConnectivityChange for WIFI: CONNECTED/CONNECTED
07-10 09:03:47.531 26654 26654 I PhoneLab-WiFiReceiver: Wi-Fi is connected!
07-10 09:03:47.531 26654 26654 I PhoneLab-WiFiReceiver: SSID: UB_Secure BSSID: d0:c2:82:2d:f2:a1 RSSI: -200 LinkSpeed: -1
07-10 09:03:47.531 26654 26654 I PhoneLab-Locks: wake lock acquired
07-10 09:03:47.535 26654 26654 I PhoneLab-UploadLogs: Transfering log files now
07-10 09:03:47.535 26654 26654 I PhoneLab-UploadLogs: No log files to transfer
07-10 09:03:47.535 26654 26654 I PhoneLab-Locks: wake lock released
07-10 09:03:47.539 26654 26654 I PhoneLab-UploadLogs: OnStartCommand
07-10 09:03:47.546   144   195 W NetworkStats: dropping UID delta from unknown iface: iface=wlan0 uid=0 set=DEFAULT tag=0x0 rxBytes=0 rxPackets=0 txBytes=136 txPackets=2 operations=0
07-10 09:03:47.589   344   344 D SAN_SERVICE: *******************************************
07-10 09:03:47.589   344   344 D SAN_SERVICE: DM App Phone Service State - 0
07-10 09:03:47.589   344   344 D SAN_SERVICE: *******************************************
07-10 09:03:48.132   344   344 D SAN_SERVICE: *******************************************
07-10 09:03:48.132   344   344 D SAN_SERVICE: DM App Phone Service State - 0
07-10 09:03:48.136   344   344 D SAN_SERVICE: *******************************************
07-10 09:03:48.375   344   344 D SAN_SERVICE: *******************************************
07-10 09:03:48.375   344   344 D SAN_SERVICE: DM App Phone Service State - 0
07-10 09:03:48.375   344   344 D SAN_SERVICE: *******************************************
07-10 09:03:48.496   344   344 D SAN_SERVICE: *******************************************
07-10 09:03:48.496   344   344 D SAN_SERVICE: DM App Phone Service State - 0
07-10 09:03:48.496   344   344 D SAN_SERVICE: *******************************************
07-10 09:03:48.515   144   200 D ConnectivityService: NetTransition Wakelock for WifiStateMachine released by timeout
07-10 09:03:49.105   144   204 D Tethering: MasterInitialState.processMessage what=3
07-10 09:03:49.144  5714  5714 I GTalkService/c: [AndroidEndpoint@1094226184] connect: acct=1000000, state=CONNECTING
07-10 09:03:49.160  5714  5714 I GTalkService/c: [GTalkConnection@1094490160] connect: acct=1, state=CONNECTING
07-10 09:03:49.187 26694 26694 I MediaUploader: No need to wake up
07-10 09:03:49.191 26654 26654 I PhoneLab-WiFiReceiver: Wi-Fi is disconnected!
07-10 09:03:49.254 26710 26728 D PicasaSyncManager: active network: NetworkInfo: type: WIFI[], state: CONNECTED/CONNECTED, reason: (unspecified), extra: (none), roaming: false, failover: false, isAvailable: true
07-10 09:03:49.254 26710 26728 D PicasaSyncManager: background data: true
07-10 09:03:49.257 25687 25687 W ContextScopeImpl: thread=1 tried to enter the scope of the application context. Ignored.
07-10 09:03:49.379  5714  5717 D dalvikvm: GC_CONCURRENT freed 507K, 8% free 10736K/11591K, paused 2ms+4ms
07-10 09:03:50.339   144   200 D ConnectivityService: handleInetConditionHoldEnd: net=1, condition=100, published condition=0
07-10 09:03:50.546   144   204 D Tethering: MasterInitialState.processMessage what=3
07-10 09:03:50.609 26694 26694 I MediaUploader: No need to wake up
07-10 09:03:50.664 26710 26728 D PicasaSyncManager: active network: NetworkInfo: type: WIFI[], state: CONNECTED/CONNECTED, reason: (unspecified), extra: (none), roaming: false, failover: false, isAvailable: true
07-10 09:03:50.675 25687 25687 W ContextScopeImpl: thread=1 tried to enter the scope of the application context. Ignored.
07-10 09:03:50.687 26710 26728 D PicasaSyncManager: background data: true
07-10 09:03:50.773 25405 25406 D dalvikvm: GC_CONCURRENT freed 381K, 6% free 9354K/9863K, paused 2ms+3ms
07-10 09:03:50.839   344   344 D SAN_SERVICE: *******************************************
07-10 09:03:50.839   344   344 D SAN_SERVICE: DM App Phone Service State - 0
07-10 09:03:50.839   344   344 D SAN_SERVICE: *******************************************
07-10 09:03:51.062  5714  5717 D dalvikvm: GC_CONCURRENT freed 443K, 8% free 10740K/11591K, paused 2ms+3ms
07-10 09:03:51.062   144   200 D ConnectivityService: handleInetConditionHoldEnd: net=1, condition=100, published condition=100
07-10 09:03:51.601   344   344 D SAN_SERVICE: *******************************************
07-10 09:03:51.605   344   344 D SAN_SERVICE: DM App Phone Service State - 0
07-10 09:03:51.605   344   344 D SAN_SERVICE: *******************************************
07-10 09:03:52.398   344   344 D SAN_SERVICE: *******************************************
07-10 09:03:52.398   344   344 D SAN_SERVICE: DM App Phone Service State - 0
07-10 09:03:52.398   344   344 D SAN_SERVICE: *******************************************
07-10 09:03:52.558   144   200 D ConnectivityService: ConnectivityChange for mobile: CONNECTED/CONNECTED
07-10 09:03:52.589   144   200 D NetUtils: android_net_utils_resetConnections in env=0x13390c8 clazz=0x1c200001 iface=rmnet0 mask=0x3
07-10 09:03:52.589   144   200 D ConnectivityService: ConnectivityChange for mobile: DISCONNECTED/DISCONNECTED
07-10 09:03:52.589   144   200 D ConnectivityService: Attempting to switch to WIFI
07-10 09:03:52.589   144   200 D ConnectivityService: Attempting to switch to WIMAX
07-10 09:03:52.589   144   200 D ConnectivityService: Attempting to switch to BLUETOOTH_TETHER
07-10 09:03:52.589   144   200 D ConnectivityService: resetConnections(rmnet0, 3)
07-10 09:03:52.656   344   344 D SAN_SERVICE: *******************************************
07-10 09:03:52.656   344   344 D SAN_SERVICE: DM App Phone Service State - 0
07-10 09:03:52.656   344   344 D SAN_SERVICE: *******************************************
07-10 09:03:52.793   144   147 D dalvikvm: GC_CONCURRENT freed 1932K, 17% free 17667K/21255K, paused 2ms+8ms
07-10 09:03:52.902 25762 25764 D dalvikvm: GC_CONCURRENT freed 401K, 13% free 10586K/12039K, paused 2ms+2ms
07-10 09:03:53.754   144   376 D AlarmManagerService: Kernel timezone updated to 240 minutes west of GMT
07-10 09:03:53.765   344   344 D SAN_SERVICE: *******************************************
07-10 09:03:53.765   344   344 D SAN_SERVICE: DM App Phone Service State - 0
07-10 09:03:53.765   344   344 D SAN_SERVICE: *******************************************
07-10 09:03:55.656   144   204 D Tethering: MasterInitialState.processMessage what=3
07-10 09:03:55.683   144   204 D Tethering: MasterInitialState.processMessage what=3
07-10 09:03:55.711 26694 26694 I MediaUploader: No need to wake up
07-10 09:03:55.777 25687 25687 W ContextScopeImpl: thread=1 tried to enter the scope of the application context. Ignored.
07-10 09:03:55.793 26710 26728 D PicasaSyncManager: active network: NetworkInfo: type: WIFI[], state: CONNECTED/CONNECTED, reason: (unspecified), extra: (none), roaming: false, failover: false, isAvailable: true
07-10 09:03:55.793 26710 26728 D PicasaSyncManager: background data: true
07-10 09:03:55.832 26694 26694 I MediaUploader: No need to wake up
07-10 09:03:55.902 25687 25687 W ContextScopeImpl: thread=1 tried to enter the scope of the application context. Ignored.
07-10 09:03:55.914 26710 26728 D PicasaSyncManager: active network: NetworkInfo: type: WIFI[], state: CONNECTED/CONNECTED, reason: (unspecified), extra: (none), roaming: false, failover: false, isAvailable: true
07-10 09:03:55.918 26710 26728 D PicasaSyncManager: background data: true
07-10 09:03:56.164   144   200 D ConnectivityService: handleInetConditionHoldEnd: net=1, condition=100, published condition=100
07-10 09:03:56.550 26710 26711 D dalvikvm: GC_CONCURRENT freed 1136K, 9% free 12768K/14023K, paused 3ms+4ms
07-10 09:03:56.597 26710 27111 I SqliteDatabaseCpp: sqlite returned: error code = 1, msg = no such column: wipeout_stats, db=/data/data/com.google.android.apps.plus/databases/picasa.db
07-10 09:03:56.601 26710 27111 W System.err: android.database.sqlite.SQLiteException: no such column: wipeout_stats: , while compiling: SELECT wipeout_stats  FROM account_status
07-10 09:03:56.613 26710 27111 W System.err: 	at android.database.sqlite.SQLiteCompiledSql.native_compile(Native Method)
07-10 09:03:56.613 26710 27111 W System.err: 	at android.database.sqlite.SQLiteCompiledSql.<init>(SQLiteCompiledSql.java:68)
07-10 09:03:56.613 26710 27111 W System.err: 	at android.database.sqlite.SQLiteProgram.compileSql(SQLiteProgram.java:143)
07-10 09:03:56.613 26710 27111 W System.err: 	at android.database.sqlite.SQLiteProgram.compileAndbindAllArgs(SQLiteProgram.java:361)
07-10 09:03:56.613 26710 27111 W System.err: 	at android.database.sqlite.SQLiteStatement.acquireAndLock(SQLiteStatement.java:260)
07-10 09:03:56.613 26710 27111 W System.err: 	at android.database.sqlite.SQLiteStatement.simpleQueryForLong(SQLiteStatement.java:137)
07-10 09:03:56.613 26710 27111 W System.err: 	at android.database.DatabaseUtils.longForQuery(DatabaseUtils.java:791)
07-10 09:03:56.613 26710 27111 W System.err: 	at android.database.DatabaseUtils.longForQuery(DatabaseUtils.java:779)
07-10 09:03:56.613 26710 27111 W System.err: 	at com.google.android.apps.plus.content.EsAccountsData.isContactsStatsWipeoutNeeded(EsAccountsData.java:641)
07-10 09:03:56.613 26710 27111 W System.err: 	at com.google.android.apps.plus.service.EsService.processIntent(EsService.java:4246)
07-10 09:03:56.613 26710 27111 W System.err: 	at com.google.android.apps.plus.service.ServiceThread$1.run(ServiceThread.java:50)
07-10 09:03:56.617 26710 27111 W System.err: 	at android.os.Handler.handleCallback(Handler.java:605)
07-10 09:03:56.617 26710 27111 W System.err: 	at android.os.Handler.dispatchMessage(Handler.java:92)
07-10 09:03:56.617 26710 27111 W System.err: 	at android.os.Looper.loop(Looper.java:137)
07-10 09:03:56.617 26710 27111 W System.err: 	at com.google.android.apps.plus.service.ServiceThread.run(ServiceThread.java:122)
07-10 09:03:59.261 26710 26711 D dalvikvm: GC_CONCURRENT freed 907K, 8% free 13017K/14023K, paused 4ms+3ms
07-10 09:04:01.187 26710 27112 E dalvikvm: Could not find class 'android.app.Notification$InboxStyle', referenced from method com.google.android.apps.plus.service.AndroidNotification.createDigestNotification
07-10 09:04:01.187 26710 27112 W dalvikvm: VFY: unable to resolve new-instance 41 (Landroid/app/Notification$InboxStyle;) in Lcom/google/android/apps/plus/service/AndroidNotification;
07-10 09:04:01.187 26710 27112 D dalvikvm: VFY: replacing opcode 0x22 at 0x0018
07-10 09:04:01.191 26710 27112 I dalvikvm: Could not find method android.app.Notification$Builder.setPriority, referenced from method com.google.android.apps.plus.service.AndroidNotification.createRichNotification
07-10 09:04:01.191 26710 27112 W dalvikvm: VFY: unable to resolve virtual method 162: Landroid/app/Notification$Builder;.setPriority (I)Landroid/app/Notification$Builder;
07-10 09:04:01.191 26710 27112 D dalvikvm: VFY: replacing opcode 0x6e at 0x00d5
07-10 09:04:01.203 26710 27112 D dalvikvm: DexOpt: unable to opt direct call 0x00a8 at 0x1a in Lcom/google/android/apps/plus/service/AndroidNotification;.createDigestNotification
07-10 09:04:01.203 26710 27112 D dalvikvm: DexOpt: unable to opt direct call 0x0091 at 0xf1 in Lcom/google/android/apps/plus/service/AndroidNotification;.createRichNotification
07-10 09:04:01.203 26710 27112 D dalvikvm: DexOpt: unable to opt direct call 0x0095 at 0x397 in Lcom/google/android/apps/plus/service/AndroidNotification;.createRichNotification
07-10 09:04:03.312 26710 26711 D dalvikvm: GC_CONCURRENT freed 1237K, 10% free 13050K/14407K, paused 2ms+3ms
07-10 09:04:05.464 26710 26711 D dalvikvm: GC_CONCURRENT freed 1075K, 9% free 13207K/14407K, paused 2ms+3ms
07-10 09:04:07.293 26710 26711 D dalvikvm: GC_CONCURRENT freed 1230K, 10% free 13307K/14663K, paused 2ms+4ms
07-10 09:04:07.664 26710 27116 D dalvikvm: GC_EXPLICIT freed 143K, 10% free 13323K/14663K, paused 3ms+9ms
07-10 09:04:07.828 26710 27112 D dalvikvm: GC_FOR_ALLOC freed 32K, 8% free 13606K/14663K, paused 40ms
07-10 09:04:07.875 26710 27112 D dalvikvm: GC_FOR_ALLOC freed 342K, 10% free 13604K/15047K, paused 41ms
07-10 09:04:07.875 26710 27112 I dalvikvm-heap: Grow heap (frag case) to 13.688MB for 349247-byte allocation
07-10 09:04:07.918 26710 27112 D dalvikvm: GC_FOR_ALLOC freed 0K, 10% free 13945K/15431K, paused 40ms
07-10 09:04:08.406   144  9303 D dalvikvm: GC_EXPLICIT freed 1239K, 18% free 17599K/21255K, paused 13ms+7ms
07-10 09:04:08.535  5714  8379 D dalvikvm: GC_EXPLICIT freed 159K, 8% free 10727K/11591K, paused 3ms+3ms
07-10 09:04:08.629  7656  7659 D dalvikvm: GC_CONCURRENT freed 516K, 9% free 10355K/11271K, paused 4ms+2ms
07-10 09:04:09.195 26710 26711 D dalvikvm: GC_CONCURRENT freed 1054K, 8% free 14446K/15623K, paused 2ms+3ms
07-10 09:04:11.140 26710 26711 D dalvikvm: GC_CONCURRENT freed 1691K, 12% free 14444K/16263K, paused 2ms+3ms
07-10 09:04:13.324 16301 16312 D dalvikvm: GC_EXPLICIT freed 361K, 7% free 9734K/10439K, paused 2ms+3ms
07-10 09:04:13.964 26710 26711 D dalvikvm: GC_CONCURRENT freed 2879K, 19% free 13253K/16263K, paused 2ms+3ms
07-10 09:04:14.218 26710 27112 I SqliteDatabaseCpp: sqlite returned: error code = 1, msg = no such column: last_stats_sync_time, db=/data/data/com.google.android.apps.plus/databases/picasa.db
07-10 09:04:14.257 26710 27112 E EsSyncAdapterService: Sync failure
07-10 09:04:14.257 26710 27112 E EsSyncAdapterService: android.database.sqlite.SQLiteException: no such column: last_stats_sync_time: , while compiling: SELECT last_stats_sync_time  FROM account_status
07-10 09:04:14.257 26710 27112 E EsSyncAdapterService: 	at android.database.sqlite.SQLiteCompiledSql.native_compile(Native Method)
07-10 09:04:14.257 26710 27112 E EsSyncAdapterService: 	at android.database.sqlite.SQLiteCompiledSql.<init>(SQLiteCompiledSql.java:68)
07-10 09:04:14.257 26710 27112 E EsSyncAdapterService: 	at android.database.sqlite.SQLiteProgram.compileSql(SQLiteProgram.java:143)
07-10 09:04:14.257 26710 27112 E EsSyncAdapterService: 	at android.database.sqlite.SQLiteProgram.compileAndbindAllArgs(SQLiteProgram.java:361)
07-10 09:04:14.257 26710 27112 E EsSyncAdapterService: 	at android.database.sqlite.SQLiteStatement.acquireAndLock(SQLiteStatement.java:260)
07-10 09:04:14.257 26710 27112 E EsSyncAdapterService: 	at android.database.sqlite.SQLiteStatement.simpleQueryForLong(SQLiteStatement.java:137)
07-10 09:04:14.257 26710 27112 E EsSyncAdapterService: 	at android.database.DatabaseUtils.longForQuery(DatabaseUtils.java:791)
07-10 09:04:14.257 26710 27112 E EsSyncAdapterService: 	at android.database.DatabaseUtils.longForQuery(DatabaseUtils.java:779)
07-10 09:04:14.257 26710 27112 E EsSyncAdapterService: 	at com.google.android.apps.plus.content.EsAccountsData.queryLastStatsSyncTimestamp(EsAccountsData.java:570)
07-10 09:04:14.257 26710 27112 E EsSyncAdapterService: 	at com.google.android.apps.plus.service.EsSyncAdapterService.syncContactsStatsIfNecessary(EsSyncAdapterService.java:670)
07-10 09:04:14.257 26710 27112 E EsSyncAdapterService: 	at com.google.android.apps.plus.service.EsSyncAdapterService.doFullSync(EsSyncAdapterService.java:633)
07-10 09:04:14.257 26710 27112 E EsSyncAdapterService: 	at com.google.android.apps.plus.service.EsSyncAdapterService.doSync(EsSyncAdapterService.java:566)
07-10 09:04:14.257 26710 27112 E EsSyncAdapterService: 	at com.google.android.apps.plus.service.EsSyncAdapterService.access$100(EsSyncAdapterService.java:52)
07-10 09:04:14.257 26710 27112 E EsSyncAdapterService: 	at com.google.android.apps.plus.service.EsSyncAdapterService$SyncAdapterImpl.onPerformSync(EsSyncAdapterService.java:408)
07-10 09:04:14.257 26710 27112 E EsSyncAdapterService: 	at android.content.AbstractThreadedSyncAdapter$SyncThread.run(AbstractThreadedSyncAdapter.java:247)
07-10 09:04:14.300   144   168 D SyncManager: failed sync operation lokeshmandvekar@gmail.com (com.google), com.google.android.apps.plus.content.EsProvider, SERVER, earliestRunTime 74700600, SyncResult: stats [ numParseExceptions: 1]
07-10 09:04:14.300   144   168 D SyncManager: not retrying sync operation because the error is a hard error: lokeshmandvekar@gmail.com (com.google), com.google.android.apps.plus.content.EsProvider, SERVER, earliestRunTime 74718305
07-10 09:04:21.011   262   262 I wpa_supplicant: wlan0: CTRL-EVENT-DISCONNECTED bssid=d0:c2:82:2d:f2:a1 reason=0
07-10 09:04:21.011    75   117 D CommandListener: Clearing all IP addresses on wlan0
07-10 09:04:21.027   144   200 D ConnectivityService: ConnectivityChange for WIFI: DISCONNECTED/DISCONNECTED
07-10 09:04:21.039   144   200 D ConnectivityService: Attempting to switch to mobile
07-10 09:04:21.039   144   200 D ConnectivityService: Attempting to switch to WIMAX
07-10 09:04:21.039   144   200 D ConnectivityService: Attempting to switch to BLUETOOTH_TETHER
07-10 09:04:21.043   144   200 E ConnectivityService: Exception trying to remove a route: java.lang.IllegalStateException: Unable to communicate with native dameon to add routes - com.android.server.NativeDaemonConnectorException: Cmd {interface route remove wlan0 default 67.20.213.254 32 0.0.0.0} failed with code 400 : {Failed to remove route from default table (No such process)}
07-10 09:04:21.050   144   200 E ConnectivityService: Exception trying to remove a route: java.lang.IllegalStateException: Unable to communicate with native dameon to add routes - com.android.server.NativeDaemonConnectorException: Cmd {interface route remove wlan0 default 0.0.0.0 0 67.20.213.254} failed with code 400 : {Failed to remove route from default table (No such process)}
07-10 09:04:21.050   144   200 D NetUtils: android_net_utils_resetConnections in env=0x13390c8 clazz=0x2a600001 iface=wlan0 mask=0x3
07-10 09:04:21.050   144   200 D ConnectivityService: resetConnections(wlan0, 3)
07-10 09:04:21.172  5714 27094 W Smack/Packet: notify conn break (IOEx), close connection
07-10 09:04:21.324  5714 27094 I qtaguid : Failed write_ctrl(u 61) res=-1 errno=22
07-10 09:04:21.324  5714 27094 I qtaguid : Untagging socket 61 failed errno=-22
07-10 09:04:21.324  5714 27094 W NetworkManagementSocketTagger: untagSocket(61) failed with errno -22
07-10 09:04:21.336   144   200 D ConnectivityService: handleInetConditionChange: no active default network - ignore
07-10 09:04:21.613   262   262 I wpa_supplicant: wlan0: Trying to associate with d0:c2:82:2d:f2:b1 (SSID='UB_Secure' freq=2437 MHz)
07-10 09:04:21.781   262   262 I wpa_supplicant: wlan0: Associated with d0:c2:82:2d:f2:b1
07-10 09:04:21.789   262   262 I wpa_supplicant: wlan0: CTRL-EVENT-EAP-STARTED EAP authentication started
07-10 09:04:21.800   262   262 I wpa_supplicant: wlan0: CTRL-EVENT-EAP-PROPOSED-METHOD vendor=0 method=4 -> NAK
07-10 09:04:21.808   262   262 I wpa_supplicant: wlan0: CTRL-EVENT-EAP-PROPOSED-METHOD vendor=0 method=25
07-10 09:04:21.808   262   262 I wpa_supplicant: wlan0: CTRL-EVENT-EAP-METHOD EAP vendor 0 method 25 (PEAP) selected
07-10 09:04:21.855   262   262 I wpa_supplicant: wlan0: CTRL-EVENT-EAP-PEER-CERT depth=2 subject='/C=US/O=Entrust.net/OU=www.entrust.net/CPS incorp. by ref. (limits liab.)/OU=(c) 1999 Entrust.net Limited/CN=Entrust.net Secure Server Certification Authority'
07-10 09:04:21.855   262   262 I wpa_supplicant: wlan0: CTRL-EVENT-EAP-PEER-CERT depth=2 subject='/C=US/O=Entrust.net/OU=www.entrust.net/CPS incorp. by ref. (limits liab.)/OU=(c) 1999 Entrust.net Limited/CN=Entrust.net Secure Server Certification Authority'
07-10 09:04:21.855   262   262 I wpa_supplicant: wlan0: CTRL-EVENT-EAP-PEER-CERT depth=1 subject='/C=US/ST=UT/L=Salt Lake City/O=The USERTRUST Network/CN=USERTrust Legacy Secure Server CA'
07-10 09:04:21.859   262   262 I wpa_supplicant: wlan0: CTRL-EVENT-EAP-PEER-CERT depth=0 subject='/C=US/postalCode=14260/ST=New York/L=Buffalo/street=305 Computing Center/O=SUNY AT BUFFALO/OU=Office of the President/OU=Issued through UNIVERSITY AT BUFFALO E-PKI Manager/OU=PremiumSSL Legacy/CN=ubsecure.acsu.buffalo.edu'
07-10 09:04:22.007   262   262 I wpa_supplicant: EAP-MSCHAPV2: Authentication succeeded
07-10 09:04:22.011   262   262 I wpa_supplicant: EAP-TLV: TLV Result - Success - EAP-TLV/Phase2 Completed
07-10 09:04:22.015   262   262 I wpa_supplicant: wlan0: CTRL-EVENT-EAP-SUCCESS EAP authentication completed successfully
07-10 09:04:22.054   262   262 I wpa_supplicant: wlan0: WPA: Key negotiation completed with d0:c2:82:2d:f2:b1 [PTK=CCMP GTK=TKIP]
07-10 09:04:22.054   262   262 I wpa_supplicant: wlan0: CTRL-EVENT-CONNECTED - Connection to d0:c2:82:2d:f2:b1 completed (reauth) [id=0 id_str=]
07-10 09:04:22.679   144   200 D ConnectivityService: ConnectivityChange for WIFI: CONNECTED/CONNECTED
07-10 09:04:22.707 26654 26654 I PhoneLab-WiFiReceiver: Wi-Fi is connected!
07-10 09:04:22.707 26654 26654 I PhoneLab-WiFiReceiver: SSID: UB_Secure BSSID: d0:c2:82:2d:f2:b1 RSSI: -200 LinkSpeed: -1
07-10 09:04:22.707 26654 26654 I PhoneLab-Locks: wake lock acquired
07-10 09:04:22.711 26654 26654 I PhoneLab-UploadLogs: Transfering log files now
07-10 09:04:22.711 26654 26654 I PhoneLab-UploadLogs: No log files to transfer
07-10 09:04:22.711 26654 26654 I PhoneLab-Locks: wake lock released
07-10 09:04:22.711 26654 26654 I PhoneLab-UploadLogs: OnStartCommand
07-10 09:04:22.730   144   195 W NetworkStats: dropping UID delta from unknown iface: iface=wlan0 uid=0 set=DEFAULT tag=0x0 rxBytes=0 rxPackets=0 txBytes=140 txPackets=2 operations=0
07-10 09:04:23.683   144   200 D ConnectivityService: NetTransition Wakelock for WifiStateMachine released by timeout
07-10 09:04:24.101   144   204 D Tethering: MasterInitialState.processMessage what=3
07-10 09:04:24.148  5714  5714 I GTalkService/c: [AndroidEndpoint@1094226184] connect: acct=1000000, state=CONNECTING
07-10 09:04:24.160  5714  5714 I GTalkService/c: [GTalkConnection@1094490160] connect: acct=1, state=CONNECTING
07-10 09:04:24.187 26694 26694 I MediaUploader: No need to wake up
07-10 09:04:24.191 26654 26654 I PhoneLab-WiFiReceiver: Wi-Fi is disconnected!
07-10 09:04:24.250 25687 25687 W ContextScopeImpl: thread=1 tried to enter the scope of the application context. Ignored.
07-10 09:04:24.265 26710 26728 D PicasaSyncManager: active network: NetworkInfo: type: WIFI[], state: CONNECTED/CONNECTED, reason: (unspecified), extra: (none), roaming: false, failover: false, isAvailable: true
07-10 09:04:24.269 26710 26728 D PicasaSyncManager: background data: true
07-10 09:04:25.230   144   200 D ConnectivityService: handleInetConditionHoldEnd: net=1, condition=100, published condition=0
07-10 09:04:25.734   144   204 D Tethering: MasterInitialState.processMessage what=3
07-10 09:04:25.808  5714  5717 D dalvikvm: GC_CONCURRENT freed 402K, 7% free 10795K/11591K, paused 2ms+3ms
07-10 09:04:25.836 26694 26694 I MediaUploader: No need to wake up
07-10 09:04:25.898 26710 26728 D PicasaSyncManager: active network: NetworkInfo: type: WIFI[], state: CONNECTED/CONNECTED, reason: (unspecified), extra: (none), roaming: false, failover: false, isAvailable: true
07-10 09:04:25.902 26710 26728 D PicasaSyncManager: background data: true
07-10 09:04:25.910 25687 25687 W ContextScopeImpl: thread=1 tried to enter the scope of the application context. Ignored.
07-10 09:04:26.254   144   200 D ConnectivityService: handleInetConditionHoldEnd: net=1, condition=100, published condition=100
07-10 09:04:26.324 26710 26711 D dalvikvm: GC_CONCURRENT freed 1293K, 19% free 13274K/16263K, paused 2ms+3ms
07-10 09:04:26.547 16301 16303 D dalvikvm: GC_CONCURRENT freed 361K, 7% free 9760K/10439K, paused 1ms+3ms
07-10 09:04:27.047   144   323 D dalvikvm: GC_EXPLICIT freed 1559K, 18% free 17568K/21255K, paused 3ms+7ms
07-10 09:04:29.394   144   200 D ConnectivityService: ConnectivityChange for mobile: CONNECTED/CONNECTED
07-10 09:04:29.425   144   200 D NetUtils: android_net_utils_resetConnections in env=0x13390c8 clazz=0x41400001 iface=rmnet0 mask=0x3
07-10 09:04:29.425   144   200 D ConnectivityService: ConnectivityChange for mobile: DISCONNECTED/DISCONNECTED
07-10 09:04:29.425   144   200 D ConnectivityService: Attempting to switch to WIFI
07-10 09:04:29.425   144   200 D ConnectivityService: Attempting to switch to WIMAX
07-10 09:04:29.425   144   200 D ConnectivityService: Attempting to switch to BLUETOOTH_TETHER
07-10 09:04:29.425   144   200 D ConnectivityService: resetConnections(rmnet0, 3)
07-10 09:04:32.468   144   204 D Tethering: MasterInitialState.processMessage what=3
07-10 09:04:32.523   144   204 D Tethering: MasterInitialState.processMessage what=3
07-10 09:04:32.554 26694 26694 I MediaUploader: No need to wake up
07-10 09:04:32.625 25687 25687 W ContextScopeImpl: thread=1 tried to enter the scope of the application context. Ignored.
07-10 09:04:32.664 25405 25417 D dalvikvm: GC_EXPLICIT freed 284K, 7% free 9247K/9863K, paused 7ms+3ms
07-10 09:04:32.683 26710 26728 D PicasaSyncManager: active network: NetworkInfo: type: WIFI[], state: CONNECTED/CONNECTED, reason: (unspecified), extra: (none), roaming: false, failover: false, isAvailable: true
07-10 09:04:32.683 26710 26728 D PicasaSyncManager: background data: true
07-10 09:04:32.707 26694 26694 I MediaUploader: No need to wake up
07-10 09:04:32.781 25687 25687 W ContextScopeImpl: thread=1 tried to enter the scope of the application context. Ignored.
07-10 09:04:32.785 26710 26728 D PicasaSyncManager: active network: NetworkInfo: type: WIFI[], state: CONNECTED/CONNECTED, reason: (unspecified), extra: (none), roaming: false, failover: false, isAvailable: true
07-10 09:04:32.785 26710 26728 D PicasaSyncManager: background data: true
07-10 09:04:32.840 26729 26731 D dalvikvm: GC_CONCURRENT freed 416K, 5% free 10413K/10951K, paused 2ms+3ms
07-10 09:04:33.023   144   200 D ConnectivityService: handleInetConditionHoldEnd: net=1, condition=100, published condition=100
07-10 09:04:40.074   344   344 D SAN_SERVICE: *******************************************
07-10 09:04:40.074   344   344 D SAN_SERVICE: DM App Phone Service State - 0
07-10 09:04:40.074   344   344 D SAN_SERVICE: *******************************************
07-10 09:04:50.011   262   262 I wpa_supplicant: wlan0: CTRL-EVENT-DISCONNECTED bssid=d0:c2:82:2d:f2:b1 reason=0
07-10 09:04:50.011    75   117 D CommandListener: Clearing all IP addresses on wlan0
07-10 09:04:50.027   144   200 D ConnectivityService: ConnectivityChange for WIFI: DISCONNECTED/DISCONNECTED
07-10 09:04:50.035   144   200 D ConnectivityService: Attempting to switch to mobile
07-10 09:04:50.035   144   200 D ConnectivityService: Attempting to switch to WIMAX
07-10 09:04:50.035   144   200 D ConnectivityService: Attempting to switch to BLUETOOTH_TETHER
07-10 09:04:50.039   144   200 E ConnectivityService: Exception trying to remove a route: java.lang.IllegalStateException: Unable to communicate with native dameon to add routes - com.android.server.NativeDaemonConnectorException: Cmd {interface route remove wlan0 default 67.20.213.254 32 0.0.0.0} failed with code 400 : {Failed to remove route from default table (No such process)}
07-10 09:04:50.039   144   200 E ConnectivityService: Exception trying to remove a route: java.lang.IllegalStateException: Unable to communicate with native dameon to add routes - com.android.server.NativeDaemonConnectorException: Cmd {interface route remove wlan0 default 0.0.0.0 0 67.20.213.254} failed with code 400 : {Failed to remove route from default table (No such process)}
07-10 09:04:50.047   144   200 D NetUtils: android_net_utils_resetConnections in env=0x13390c8 clazz=0x4da00001 iface=wlan0 mask=0x3
07-10 09:04:50.047   144   200 D ConnectivityService: resetConnections(wlan0, 3)
07-10 09:04:50.160  5714 27152 W Smack/Packet: notify conn break (IOEx), close connection
07-10 09:04:50.316  5714 27152 I qtaguid : Failed write_ctrl(u 61) res=-1 errno=22
07-10 09:04:50.320  5714 27152 I qtaguid : Untagging socket 61 failed errno=-22
07-10 09:04:50.320  5714 27152 W NetworkManagementSocketTagger: untagSocket(61) failed with errno -22
07-10 09:04:50.336   144   200 D ConnectivityService: handleInetConditionChange: no active default network - ignore
07-10 09:04:50.597   262   262 I wpa_supplicant: wlan0: Trying to associate with d0:c2:82:2d:ea:c1 (SSID='UB_Secure' freq=2462 MHz)
07-10 09:04:50.746   262   262 I wpa_supplicant: wlan0: Associated with d0:c2:82:2d:ea:c1
07-10 09:04:50.746   262   262 I wpa_supplicant: wlan0: CTRL-EVENT-EAP-STARTED EAP authentication started
07-10 09:04:50.750   262   262 I wpa_supplicant: wlan0: CTRL-EVENT-EAP-PROPOSED-METHOD vendor=0 method=4 -> NAK
07-10 09:04:50.754   262   262 I wpa_supplicant: wlan0: CTRL-EVENT-EAP-PROPOSED-METHOD vendor=0 method=25
07-10 09:04:50.754   262   262 I wpa_supplicant: wlan0: CTRL-EVENT-EAP-METHOD EAP vendor 0 method 25 (PEAP) selected
07-10 09:04:50.820   262   262 I wpa_supplicant: wlan0: CTRL-EVENT-EAP-PEER-CERT depth=2 subject='/C=US/O=Entrust.net/OU=www.entrust.net/CPS incorp. by ref. (limits liab.)/OU=(c) 1999 Entrust.net Limited/CN=Entrust.net Secure Server Certification Authority'
07-10 09:04:50.820   262   262 I wpa_supplicant: wlan0: CTRL-EVENT-EAP-PEER-CERT depth=2 subject='/C=US/O=Entrust.net/OU=www.entrust.net/CPS incorp. by ref. (limits liab.)/OU=(c) 1999 Entrust.net Limited/CN=Entrust.net Secure Server Certification Authority'
07-10 09:04:50.824   262   262 I wpa_supplicant: wlan0: CTRL-EVENT-EAP-PEER-CERT depth=1 subject='/C=US/ST=UT/L=Salt Lake City/O=The USERTRUST Network/CN=USERTrust Legacy Secure Server CA'
07-10 09:04:50.824   262   262 I wpa_supplicant: wlan0: CTRL-EVENT-EAP-PEER-CERT depth=0 subject='/C=US/postalCode=14260/ST=New York/L=Buffalo/street=305 Computing Center/O=SUNY AT BUFFALO/OU=Office of the President/OU=Issued through UNIVERSITY AT BUFFALO E-PKI Manager/OU=PremiumSSL Legacy/CN=ubsecure.acsu.buffalo.edu'
07-10 09:04:50.976   262   262 I wpa_supplicant: EAP-MSCHAPV2: Authentication succeeded
07-10 09:04:50.980   262   262 I wpa_supplicant: EAP-TLV: TLV Result - Success - EAP-TLV/Phase2 Completed
07-10 09:04:50.988   262   262 I wpa_supplicant: wlan0: CTRL-EVENT-EAP-SUCCESS EAP authentication completed successfully
07-10 09:04:51.054   262   262 I wpa_supplicant: wlan0: WPA: Key negotiation completed with d0:c2:82:2d:ea:c1 [PTK=CCMP GTK=TKIP]
07-10 09:04:51.054   262   262 I wpa_supplicant: wlan0: CTRL-EVENT-CONNECTED - Connection to d0:c2:82:2d:ea:c1 completed (reauth) [id=0 id_str=]
07-10 09:04:51.691   144   200 D ConnectivityService: ConnectivityChange for WIFI: CONNECTED/CONNECTED
07-10 09:04:51.711 26654 26654 I PhoneLab-WiFiReceiver: Wi-Fi is connected!
07-10 09:04:51.715 26654 26654 I PhoneLab-WiFiReceiver: SSID: UB_Secure BSSID: d0:c2:82:2d:ea:c1 RSSI: -200 LinkSpeed: -1
07-10 09:04:51.715 26654 26654 I PhoneLab-Locks: wake lock acquired
07-10 09:04:51.715 26654 26654 I PhoneLab-UploadLogs: Transfering log files now
07-10 09:04:51.718 26654 26654 I PhoneLab-UploadLogs: No log files to transfer
07-10 09:04:51.718 26654 26654 I PhoneLab-Locks: wake lock released
07-10 09:04:51.718 26654 26654 I PhoneLab-UploadLogs: OnStartCommand
07-10 09:04:51.738   144   195 W NetworkStats: dropping UID delta from unknown iface: iface=wlan0 uid=0 set=DEFAULT tag=0x0 rxBytes=0 rxPackets=0 txBytes=136 txPackets=2 operations=0
07-10 09:04:51.867   144   147 D dalvikvm: GC_CONCURRENT freed 1911K, 18% free 17577K/21255K, paused 2ms+6ms
07-10 09:04:52.695   144   200 D ConnectivityService: NetTransition Wakelock for WifiStateMachine released by timeout
07-10 09:04:54.011   144   204 D Tethering: MasterInitialState.processMessage what=3
07-10 09:04:54.035  5714  5714 I GTalkService/c: [AndroidEndpoint@1094226184] connect: acct=1000000, state=CONNECTING
07-10 09:04:54.039  5714  5714 I GTalkService/c: [GTalkConnection@1094490160] connect: acct=1, state=CONNECTING
07-10 09:04:54.086 26694 26694 I MediaUploader: No need to wake up
07-10 09:04:54.090 26654 26654 I PhoneLab-WiFiReceiver: Wi-Fi is disconnected!
07-10 09:04:54.156 25687 25687 W ContextScopeImpl: thread=1 tried to enter the scope of the application context. Ignored.
07-10 09:04:54.168 26710 26728 D PicasaSyncManager: active network: NetworkInfo: type: WIFI[], state: CONNECTED/CONNECTED, reason: (unspecified), extra: (none), roaming: false, failover: false, isAvailable: true
07-10 09:04:54.172 26710 26728 D PicasaSyncManager: background data: true
07-10 09:04:54.382  5714  5717 D dalvikvm: GC_CONCURRENT freed 517K, 8% free 10744K/11591K, paused 8ms+3ms
07-10 09:04:55.254   144   200 D ConnectivityService: handleInetConditionHoldEnd: net=1, condition=100, published condition=0
07-10 09:04:55.289   344   347 D dalvikvm: GC_CONCURRENT freed 820K, 14% free 11796K/13639K, paused 17ms+9ms
07-10 09:04:55.328   144   204 D Tethering: MasterInitialState.processMessage what=3
07-10 09:04:55.406 26694 26694 I MediaUploader: No need to wake up
07-10 09:04:55.480 25687 25687 W ContextScopeImpl: thread=1 tried to enter the scope of the application context. Ignored.
07-10 09:04:55.484 26710 26728 D PicasaSyncManager: active network: NetworkInfo: type: WIFI[], state: CONNECTED/CONNECTED, reason: (unspecified), extra: (none), roaming: false, failover: false, isAvailable: true
07-10 09:04:55.484 26710 26728 D PicasaSyncManager: background data: true
07-10 09:04:55.550 23397 23400 D dalvikvm: GC_CONCURRENT freed 478K, 6% free 10926K/11527K, paused 17ms+4ms
07-10 09:04:55.851   144   200 D ConnectivityService: handleInetConditionHoldEnd: net=1, condition=100, published condition=100
07-10 09:04:56.242 20203 20205 D dalvikvm: GC_CONCURRENT freed 666K, 9% free 11715K/12743K, paused 2ms+4ms
07-10 09:04:56.347 16301 16303 D dalvikvm: GC_CONCURRENT freed 390K, 7% free 9754K/10439K, paused 2ms+4ms
07-10 09:04:57.519 16301 16317 D dalvikvm: GC_EXPLICIT freed 198K, 8% free 9685K/10439K, paused 4ms+6ms
07-10 09:04:59.703   344   344 D SAN_SERVICE: *******************************************
07-10 09:04:59.703   344   344 D SAN_SERVICE: DM App Phone Service State - 0
07-10 09:04:59.703   344   344 D SAN_SERVICE: *******************************************
07-10 09:05:00.254   144 10051 D dalvikvm: GC_EXPLICIT freed 681K, 18% free 17505K/21255K, paused 3ms+7ms
07-10 09:05:00.777 20203 20205 D dalvikvm: GC_CONCURRENT freed 799K, 9% free 11704K/12743K, paused 2ms+3ms
07-10 09:05:01.441 20203 27220 D dalvikvm: GC_EXPLICIT freed 744K, 9% free 11706K/12743K, paused 2ms+4ms
07-10 09:05:02.144   344   344 D SAN_SERVICE: *******************************************
07-10 09:05:02.144   344   344 D SAN_SERVICE: DM App Phone Service State - 0
07-10 09:05:02.144   344   344 D SAN_SERVICE: *******************************************
07-10 09:05:05.929 26654 26667 I PhoneLab-: Service Running
07-10 09:05:06.125 26654 26667 I PhoneLab-LoggerService: app_37    1373  1     1440   1000  c00f181c 400107b4 S logcat
07-10 09:05:06.125 26654 26667 I PhoneLab-LoggerService: Logcat pid from database 1373
07-10 09:05:06.125 26654 26667 I PhoneLab-LoggerService: Logcat process found 1373
07-10 09:05:06.125 26654 26667 I PhoneLab-LoggerService: Checking Threshold
07-10 09:05:08.586 25762 25764 D dalvikvm: GC_CONCURRENT freed 515K, 13% free 10592K/12039K, paused 2ms+3ms
07-10 09:05:08.730  7656  7659 D dalvikvm: GC_CONCURRENT freed 437K, 9% free 10357K/11271K, paused 2ms+2ms
07-10 09:05:10.902   344   344 D SAN_SERVICE: *******************************************
07-10 09:05:10.902   344   344 D SAN_SERVICE: DM App Phone Service State - 0
07-10 09:05:10.902   344   344 D SAN_SERVICE: *******************************************
07-10 09:05:20.703   144   200 D NetUtils: android_net_utils_resetConnections in env=0x13390c8 clazz=0x67f00001 iface=rmnet0 mask=0x3
07-10 09:05:20.703   144   200 D ConnectivityService: ConnectivityChange for mobile: DISCONNECTED/DISCONNECTED
07-10 09:05:20.703   144   200 D ConnectivityService: Attempting to switch to WIFI
07-10 09:05:20.703   144   200 D ConnectivityService: Attempting to switch to WIMAX
07-10 09:05:20.703   144   200 D ConnectivityService: Attempting to switch to BLUETOOTH_TETHER
07-10 09:05:20.703   144   200 D ConnectivityService: resetConnections(rmnet0, 3)
07-10 09:05:20.726   344   344 D SAN_SERVICE: *******************************************
07-10 09:05:20.726   344   344 D SAN_SERVICE: DM App Phone Service State - 0
07-10 09:05:20.726   344   344 D SAN_SERVICE: *******************************************
07-10 09:05:20.863  5714  5717 D dalvikvm: GC_CONCURRENT freed 452K, 8% free 10739K/11591K, paused 2ms+3ms
07-10 09:05:23.164   144   147 D dalvikvm: GC_CONCURRENT freed 1966K, 18% free 17528K/21255K, paused 3ms+6ms
07-10 09:05:23.742   144   204 D Tethering: MasterInitialState.processMessage what=3
07-10 09:05:23.785   144   204 D Tethering: MasterInitialState.processMessage what=3
07-10 09:05:23.820 26694 26694 I MediaUploader: No need to wake up
07-10 09:05:23.902 25687 25687 W ContextScopeImpl: thread=1 tried to enter the scope of the application context. Ignored.
07-10 09:05:23.910 26710 26728 D PicasaSyncManager: active network: NetworkInfo: type: WIFI[], state: CONNECTED/CONNECTED, reason: (unspecified), extra: (none), roaming: false, failover: false, isAvailable: true
07-10 09:05:23.933 26710 26728 D PicasaSyncManager: background data: true
07-10 09:05:23.941 26694 26694 I MediaUploader: No need to wake up
07-10 09:05:23.980 26710 26728 D PicasaSyncManager: active network: NetworkInfo: type: WIFI[], state: CONNECTED/CONNECTED, reason: (unspecified), extra: (none), roaming: false, failover: false, isAvailable: true
07-10 09:05:24.007 26710 26728 D PicasaSyncManager: background data: true
07-10 09:05:24.015 25687 25687 W ContextScopeImpl: thread=1 tried to enter the scope of the application context. Ignored.
07-10 09:05:24.293   144   200 D ConnectivityService: handleInetConditionHoldEnd: net=1, condition=100, published condition=100
07-10 09:05:26.703   144   175 I power   : *** set_screen_state 1
07-10 09:05:26.828   144   175 I WindowManager: Lock screen displayed!
07-10 09:05:26.925    78   120 D SurfaceFlinger: Screen about to return, flinger = 0x5b4918
07-10 09:05:28.093   214   214 D PhoneStatusBar: disable: < expand icons alerts ticker system_info BACK HOME recent* CLOCK >
07-10 09:05:28.148   144 24503 W InputManagerService: Window already focused, ignoring focus gain of: com.android.internal.view.IInputMethodClient$Stub$Proxy@419ca148
07-10 09:05:28.152   214   214 D PhoneStatusBar: disable: < expand icons alerts ticker system_info back* home* recent clock* >
07-10 09:05:28.230   320   324 D dalvikvm: GC_CONCURRENT freed 384K, 20% free 10035K/12487K, paused 6ms+2ms
07-10 09:05:28.371  5714  5717 D dalvikvm: GC_CONCURRENT freed 364K, 7% free 10829K/11591K, paused 3ms+3ms
07-10 09:05:28.644 16301 16303 D dalvikvm: GC_CONCURRENT freed 287K, 7% free 9785K/10439K, paused 2ms+3ms
07-10 09:05:28.664 16301 16308 I dalvikvm: Jit: resizing JitTable from 4096 to 8192
07-10 09:05:29.332   344   344 D SAN_SERVICE: *******************************************
07-10 09:05:29.332   344   344 D SAN_SERVICE: DM App Phone Service State - 0
07-10 09:05:29.332   344   344 D SAN_SERVICE: *******************************************
07-10 09:05:30.754   344   344 D SAN_SERVICE: *******************************************
07-10 09:05:30.754   344   344 D SAN_SERVICE: DM App Phone Service State - 0
07-10 09:05:30.754   344   344 D SAN_SERVICE: *******************************************
07-10 09:05:34.367   144   200 D ConnectivityService: ConnectivityChange for mobile: CONNECTED/CONNECTED
07-10 09:05:34.398   144   200 D NetUtils: android_net_utils_resetConnections in env=0x13390c8 clazz=0x75700001 iface=rmnet0 mask=0x3
07-10 09:05:34.398   144   200 D ConnectivityService: ConnectivityChange for mobile: DISCONNECTED/DISCONNECTED
07-10 09:05:34.398   144   200 D ConnectivityService: Attempting to switch to WIFI
07-10 09:05:34.398   144   200 D ConnectivityService: Attempting to switch to WIMAX
07-10 09:05:34.398   144   200 D ConnectivityService: Attempting to switch to BLUETOOTH_TETHER
07-10 09:05:34.398   144   200 D ConnectivityService: resetConnections(rmnet0, 3)
07-10 09:05:35.347   144   402 D AlarmManagerService: Kernel timezone updated to 240 minutes west of GMT
07-10 09:05:37.453   144   204 D Tethering: MasterInitialState.processMessage what=3
07-10 09:05:37.488   144   204 D Tethering: MasterInitialState.processMessage what=3
07-10 09:05:37.625   144   323 D dalvikvm: GC_EXPLICIT freed 1288K, 18% free 17539K/21255K, paused 8ms+8ms
07-10 09:05:37.648 26694 26694 I MediaUploader: No need to wake up
07-10 09:05:37.734 25687 25687 W ContextScopeImpl: thread=1 tried to enter the scope of the application context. Ignored.
07-10 09:05:37.742 26710 26728 D PicasaSyncManager: active network: NetworkInfo: type: WIFI[], state: CONNECTED/CONNECTED, reason: (unspecified), extra: (none), roaming: false, failover: false, isAvailable: true
07-10 09:05:37.742 26710 26728 D PicasaSyncManager: background data: true
07-10 09:05:37.808 26694 26694 I MediaUploader: No need to wake up
07-10 09:05:37.882 25687 25687 W ContextScopeImpl: thread=1 tried to enter the scope of the application context. Ignored.
07-10 09:05:37.890 26710 26728 D PicasaSyncManager: active network: NetworkInfo: type: WIFI[], state: CONNECTED/CONNECTED, reason: (unspecified), extra: (none), roaming: false, failover: false, isAvailable: true
07-10 09:05:37.898 26710 26728 D PicasaSyncManager: background data: true
07-10 09:05:37.933 25687 25690 D dalvikvm: GC_CONCURRENT freed 408K, 5% free 9988K/10503K, paused 18ms+8ms
07-10 09:05:37.996   144   200 D ConnectivityService: handleInetConditionHoldEnd: net=1, condition=100, published condition=100
07-10 09:06:09.929 25762 25764 D dalvikvm: GC_CONCURRENT freed 436K, 13% free 10579K/12039K, paused 1ms+3ms
07-10 09:06:28.125   144   171 I power   : *** set_screen_state 0
07-10 09:06:28.187    78   120 D SurfaceFlinger: About to give-up screen, flinger = 0x5b4918
07-10 09:06:33.281   144   175 V TransportControlView: Create TCV com.android.internal.widget.TransportControlView@4135cbd0
07-10 09:06:33.320   214   214 D PhoneStatusBar: disable: < expand icons alerts ticker system_info back home RECENT* clock >
07-10 09:06:33.343   214   214 D PhoneStatusBar: disable: < expand icons alerts ticker system_info BACK* HOME* RECENT CLOCK* >
07-10 09:07:00.351 26854 26856 D dalvikvm: GC_CONCURRENT freed 572K, 6% free 11336K/12039K, paused 8ms+2ms
07-10 09:07:00.886 26654 26667 I PhoneLab-: Service Running
07-10 09:07:00.980 26654 26667 I PhoneLab-LoggerService: app_37    1373  1     1440   1000  c00f181c 400107b4 S logcat
07-10 09:07:00.980 26654 26667 I PhoneLab-LoggerService: Logcat pid from database 1373
07-10 09:07:00.980 26654 26667 I PhoneLab-LoggerService: Logcat process found 1373
07-10 09:07:00.980 26654 26667 I PhoneLab-LoggerService: Checking Threshold
07-10 09:07:10.011  7656  7659 D dalvikvm: GC_CONCURRENT freed 494K, 8% free 10413K/11271K, paused 2ms+3ms
07-10 09:08:08.675   214   216 D dalvikvm: GC_CONCURRENT freed 462K, 34% free 9705K/14663K, paused 2ms+3ms
07-10 09:08:09.984 25762 25764 D dalvikvm: GC_CONCURRENT freed 511K, 13% free 10587K/12039K, paused 2ms+3ms
07-10 09:09:10.070  7656  7659 D dalvikvm: GC_CONCURRENT freed 582K, 9% free 10343K/11271K, paused 4ms+3ms
07-10 09:10:08.129   144   147 D dalvikvm: GC_CONCURRENT freed 1770K, 17% free 17701K/21255K, paused 3ms+7ms
07-10 09:10:10.058 25762 25764 D dalvikvm: GC_CONCURRENT freed 526K, 13% free 10582K/12039K, paused 1ms+2ms
07-10 09:10:10.113  7656  7656 D dalvikvm: GC_EXPLICIT freed 239K, 9% free 10299K/11271K, paused 2ms+3ms
07-10 09:11:10.187  5714  5820 D dalvikvm: GC_EXPLICIT freed 463K, 7% free 10798K/11591K, paused 3ms+5ms
07-10 09:11:10.324  7656  7659 D dalvikvm: GC_CONCURRENT freed 438K, 9% free 10361K/11271K, paused 2ms+13ms
07-10 09:11:10.379   214   216 D dalvikvm: GC_CONCURRENT freed 231K, 33% free 9919K/14663K, paused 2ms+3ms
07-10 09:11:10.437   214   214 D dalvikvm: GC_FOR_ALLOC freed 637K, 34% free 9738K/14663K, paused 21ms
07-10 09:11:10.535   214   216 D dalvikvm: GC_CONCURRENT freed 407K, 34% free 9766K/14663K, paused 2ms+9ms
07-10 09:11:10.640  7656  7659 D dalvikvm: GC_CONCURRENT freed 263K, 7% free 10515K/11271K, paused 5ms+7ms
07-10 09:11:11.472  7656  7659 D dalvikvm: GC_CONCURRENT freed 362K, 6% free 10610K/11271K, paused 2ms+7ms
07-10 09:11:22.050 26654 26667 I PhoneLab-: Service Running
07-10 09:11:22.132 26654 26667 I PhoneLab-LoggerService: app_37    1373  1     1440   1000  c00f181c 400107b4 S logcat
07-10 09:11:22.132 26654 26667 I PhoneLab-LoggerService: Logcat pid from database 1373
07-10 09:11:22.132 26654 26667 I PhoneLab-LoggerService: Logcat process found 1373
07-10 09:11:22.132 26654 26667 I PhoneLab-LoggerService: Checking Threshold
07-10 09:11:22.132 26654 26667 I PhoneLab-: Service Running
07-10 09:11:22.160 26654 26667 I PhoneLab-LoggerService: app_37    1373  1     1440   1000  c00f181c 400107b4 S logcat
07-10 09:11:22.160 26654 26667 I PhoneLab-LoggerService: Logcat pid from database 1373
07-10 09:11:22.160 26654 26667 I PhoneLab-LoggerService: Logcat process found 1373
07-10 09:11:22.160 26654 26667 I PhoneLab-LoggerService: Checking Threshold
07-10 09:11:35.836 25762 25764 D dalvikvm: GC_CONCURRENT freed 400K, 13% free 10574K/12039K, paused 19ms+2ms
07-10 09:12:03.062 26854 26856 D dalvikvm: GC_CONCURRENT freed 652K, 7% free 11391K/12167K, paused 28ms+7ms
07-10 09:12:38.722 26654 26667 I PhoneLab-: Service Running
07-10 09:12:38.812 26654 26667 I PhoneLab-LoggerService: app_37    1373  1     1440   1000  c00f181c 400107b4 S logcat
07-10 09:12:38.812 26654 26667 I PhoneLab-LoggerService: Logcat pid from database 1373
07-10 09:12:38.812 26654 26667 I PhoneLab-LoggerService: Logcat process found 1373
07-10 09:12:38.812 26654 26667 I PhoneLab-LoggerService: Checking Threshold
07-10 09:12:54.785 25762 25764 D dalvikvm: GC_CONCURRENT freed 391K, 13% free 10573K/12039K, paused 17ms+2ms
07-10 09:13:10.289  7656  7659 D dalvikvm: GC_CONCURRENT freed 758K, 8% free 10377K/11271K, paused 2ms+3ms
07-10 09:13:10.472   214   216 D dalvikvm: GC_CONCURRENT freed 258K, 33% free 9915K/14663K, paused 2ms+5ms
07-10 09:13:10.554   214   216 D dalvikvm: GC_CONCURRENT freed 556K, 33% free 9830K/14663K, paused 2ms+3ms
07-10 09:14:10.351 25762 25764 D dalvikvm: GC_CONCURRENT freed 506K, 13% free 10584K/12039K, paused 2ms+2ms
07-10 09:14:10.461   144 10051 D dalvikvm: GC_EXPLICIT freed 1274K, 16% free 17856K/21255K, paused 2ms+10ms
07-10 09:14:10.582  7656  7659 D dalvikvm: GC_CONCURRENT freed 508K, 9% free 10339K/11271K, paused 6ms+3ms
07-10 09:15:40.011   144   144 D AlarmManagerService: Kernel timezone updated to 240 minutes west of GMT
07-10 09:15:40.015   344   344 D SystemClock: Setting time of day to sec=1341926140
07-10 09:15:40.127 27028 27053 V AlarmClock: AlarmInitReceiver finished
07-10 09:15:40.185 27040 27042 D dalvikvm: GC_CONCURRENT freed 323K, 5% free 9147K/9543K, paused 49ms+15ms
07-10 09:15:50.062   144   144 D AlarmManagerService: Kernel timezone updated to 240 minutes west of GMT
07-10 09:16:02.203   144   156 D AlarmManagerService: Kernel timezone updated to 240 minutes west of GMT
07-10 09:16:09.215   144  9303 D AlarmManagerService: Kernel timezone updated to 240 minutes west of GMT
07-10 09:16:09.449 25762 25764 D dalvikvm: GC_CONCURRENT freed 392K, 12% free 10603K/12039K, paused 2ms+2ms
07-10 09:16:10.578  7656  7659 D dalvikvm: GC_CONCURRENT freed 490K, 9% free 10352K/11271K, paused 2ms+3ms
07-10 09:16:43.379 26654 26667 I PhoneLab-: Service Running
07-10 09:16:43.457 26654 26667 I PhoneLab-LoggerService: app_37    1373  1     1440   1000  c00f181c 400107b4 S logcat
07-10 09:16:43.457 26654 26667 I PhoneLab-LoggerService: Logcat pid from database 1373
07-10 09:16:43.457 26654 26667 I PhoneLab-LoggerService: Logcat process found 1373
07-10 09:16:43.457 26654 26667 I PhoneLab-LoggerService: Checking Threshold
07-10 09:16:43.457 26654 26667 I PhoneLab-: Service Running
07-10 09:16:43.488 26654 26657 D dalvikvm: GC_CONCURRENT freed 445K, 6% free 9107K/9671K, paused 9ms+2ms
07-10 09:16:43.527 26654 26667 I PhoneLab-LoggerService: app_37    1373  1     1440   1000  c00f181c 400107b4 S logcat
07-10 09:16:43.527 26654 26667 I PhoneLab-LoggerService: Logcat pid from database 1373
07-10 09:16:43.527 26654 26667 I PhoneLab-LoggerService: Logcat process found 1373
07-10 09:16:43.527 26654 26667 I PhoneLab-LoggerService: Checking Threshold
07-10 09:16:54.039   144   200 D ConnectivityService: ConnectivityChange for WIMAX: DISCONNECTED/SCANNING
07-10 09:16:54.043   144   200 D ConnectivityService: Attempting to switch to mobile
07-10 09:16:54.043   144   200 D ConnectivityService: Attempting to switch to WIFI
07-10 09:16:54.043   144   200 D ConnectivityService: Attempting to switch to BLUETOOTH_TETHER
07-10 09:16:57.062   144   204 D Tethering: MasterInitialState.processMessage what=3
07-10 09:16:57.168 26694 26694 I MediaUploader: No need to wake up
07-10 09:16:57.246 25687 25687 W ContextScopeImpl: thread=1 tried to enter the scope of the application context. Ignored.
07-10 09:16:57.277 26694 26694 I MediaUploader: No need to wake up
07-10 09:16:57.355 25687 25687 W ContextScopeImpl: thread=1 tried to enter the scope of the application context. Ignored.
07-10 09:16:57.363 26710 26728 D PicasaSyncManager: active network: NetworkInfo: type: WIFI[], state: CONNECTED/CONNECTED, reason: (unspecified), extra: (none), roaming: false, failover: false, isAvailable: true
07-10 09:16:57.363 26710 26728 D PicasaSyncManager: background data: true
07-10 09:16:57.371   144   204 D Tethering: MasterInitialState.processMessage what=3
07-10 09:16:57.640   144   200 D ConnectivityService: handleInetConditionHoldEnd: net=1, condition=100, published condition=100
07-10 09:17:10.558 25762 25764 D dalvikvm: GC_CONCURRENT freed 542K, 13% free 10587K/12039K, paused 1ms+3ms
07-10 09:17:10.679  7656  7659 D dalvikvm: GC_CONCURRENT freed 487K, 8% free 10376K/11271K, paused 2ms+2ms
07-10 09:17:21.679   144   402 D AlarmManagerService: Kernel timezone updated to 240 minutes west of GMT
07-10 09:17:27.414   144   200 D NetUtils: android_net_utils_resetConnections in env=0x13390c8 clazz=0x9f600001 iface=rmnet0 mask=0x3
07-10 09:17:27.414   144   200 D ConnectivityService: ConnectivityChange for mobile: DISCONNECTED/DISCONNECTED
07-10 09:17:27.414   144   200 D ConnectivityService: Attempting to switch to WIFI
07-10 09:17:27.414   144   200 D ConnectivityService: Attempting to switch to WIMAX
07-10 09:17:27.414   144   200 D ConnectivityService: Attempting to switch to BLUETOOTH_TETHER
07-10 09:17:27.414   144   200 D ConnectivityService: resetConnections(rmnet0, 3)
07-10 09:17:27.625   144   147 D dalvikvm: GC_CONCURRENT freed 2137K, 17% free 17766K/21255K, paused 2ms+7ms
07-10 09:17:30.480   144   204 D Tethering: MasterInitialState.processMessage what=3
07-10 09:17:30.531   144   204 D Tethering: MasterInitialState.processMessage what=3
07-10 09:17:30.558 26694 26694 I MediaUploader: No need to wake up
07-10 09:17:30.601 26710 26728 D PicasaSyncManager: active network: NetworkInfo: type: WIFI[], state: CONNECTED/CONNECTED, reason: (unspecified), extra: (none), roaming: false, failover: false, isAvailable: true
07-10 09:17:30.636 25687 25687 W ContextScopeImpl: thread=1 tried to enter the scope of the application context. Ignored.
07-10 09:17:30.672 26710 26728 D PicasaSyncManager: background data: true
07-10 09:17:30.687 26694 26694 I MediaUploader: No need to wake up
07-10 09:17:30.754 25687 25687 W ContextScopeImpl: thread=1 tried to enter the scope of the application context. Ignored.
07-10 09:17:30.761 26710 26728 D PicasaSyncManager: active network: NetworkInfo: type: WIFI[], state: CONNECTED/CONNECTED, reason: (unspecified), extra: (none), roaming: false, failover: false, isAvailable: true
07-10 09:17:30.761 26710 26728 D PicasaSyncManager: background data: true
07-10 09:17:30.804 25405 25406 D dalvikvm: GC_CONCURRENT freed 316K, 6% free 9323K/9863K, paused 1ms+3ms
07-10 09:17:31.011   144   200 D ConnectivityService: handleInetConditionHoldEnd: net=1, condition=100, published condition=100
07-10 09:17:41.461   344   347 D dalvikvm: GC_CONCURRENT freed 828K, 14% free 11799K/13639K, paused 2ms+3ms
07-10 09:17:42.304   144  9303 D AlarmManagerService: Kernel timezone updated to 240 minutes west of GMT
07-10 09:17:56.027   144   200 D NetUtils: android_net_utils_resetConnections in env=0x13390c8 clazz=0xab200001 iface=rmnet0 mask=0x3
07-10 09:17:56.027   144   200 D ConnectivityService: ConnectivityChange for mobile: DISCONNECTED/DISCONNECTED
07-10 09:17:56.027   144   200 D ConnectivityService: Attempting to switch to WIFI
07-10 09:17:56.027   144   200 D ConnectivityService: Attempting to switch to WIMAX
07-10 09:17:56.027   144   200 D ConnectivityService: Attempting to switch to BLUETOOTH_TETHER
07-10 09:17:56.027   144   200 D ConnectivityService: resetConnections(rmnet0, 3)
07-10 09:17:59.058   144   204 D Tethering: MasterInitialState.processMessage what=3
07-10 09:17:59.078   144   204 D Tethering: MasterInitialState.processMessage what=3
07-10 09:17:59.113 26694 26694 I MediaUploader: No need to wake up
07-10 09:17:59.183 25687 25687 W ContextScopeImpl: thread=1 tried to enter the scope of the application context. Ignored.
07-10 09:17:59.211 26710 26728 D PicasaSyncManager: active network: NetworkInfo: type: WIFI[], state: CONNECTED/CONNECTED, reason: (unspecified), extra: (none), roaming: false, failover: false, isAvailable: true
07-10 09:17:59.214 26710 26728 D PicasaSyncManager: background data: true
07-10 09:17:59.238 26694 26694 I MediaUploader: No need to wake up
07-10 09:17:59.339 25687 25687 W ContextScopeImpl: thread=1 tried to enter the scope of the application context. Ignored.
07-10 09:17:59.343 26710 26728 D PicasaSyncManager: active network: NetworkInfo: type: WIFI[], state: CONNECTED/CONNECTED, reason: (unspecified), extra: (none), roaming: false, failover: false, isAvailable: true
07-10 09:17:59.343 26710 26728 D PicasaSyncManager: background data: true
07-10 09:17:59.379  5714  5717 D dalvikvm: GC_CONCURRENT freed 517K, 8% free 10755K/11591K, paused 2ms+3ms
07-10 09:17:59.582   144   200 D ConnectivityService: handleInetConditionHoldEnd: net=1, condition=100, published condition=100
07-10 09:18:09.418   144   403 D dalvikvm: GC_EXPLICIT freed 1863K, 17% free 17719K/21255K, paused 23ms+7ms
07-10 09:18:10.836  7656  7659 D dalvikvm: GC_CONCURRENT freed 454K, 9% free 10369K/11271K, paused 2ms+3ms
07-10 09:18:10.964  7656  7659 D dalvikvm: GC_CONCURRENT freed 283K, 7% free 10545K/11271K, paused 2ms+3ms
07-10 09:18:36.554   144   200 D NetUtils: android_net_utils_resetConnections in env=0x13390c8 clazz=0xb6c00001 iface=rmnet0 mask=0x3
07-10 09:18:36.554   144   200 D ConnectivityService: ConnectivityChange for mobile: DISCONNECTED/DISCONNECTED
07-10 09:18:36.554   144   200 D ConnectivityService: Attempting to switch to WIFI
07-10 09:18:36.554   144   200 D ConnectivityService: Attempting to switch to WIMAX
07-10 09:18:36.554   144   200 D ConnectivityService: Attempting to switch to BLUETOOTH_TETHER
07-10 09:18:36.554   144   200 D ConnectivityService: resetConnections(rmnet0, 3)
07-10 09:18:39.601   144   204 D Tethering: MasterInitialState.processMessage what=3
07-10 09:18:39.683 26694 26694 I MediaUploader: No need to wake up
07-10 09:18:39.754 25687 25687 W ContextScopeImpl: thread=1 tried to enter the scope of the application context. Ignored.
07-10 09:18:39.789 26694 26694 I MediaUploader: No need to wake up
07-10 09:18:39.859 25687 25687 W ContextScopeImpl: thread=1 tried to enter the scope of the application context. Ignored.
07-10 09:18:39.871 26710 26728 D PicasaSyncManager: active network: NetworkInfo: type: WIFI[], state: CONNECTED/CONNECTED, reason: (unspecified), extra: (none), roaming: false, failover: false, isAvailable: true
07-10 09:18:39.871 26710 26728 D PicasaSyncManager: background data: true
07-10 09:18:39.875   144   204 D Tethering: MasterInitialState.processMessage what=3
07-10 09:18:40.152   144   200 D ConnectivityService: handleInetConditionHoldEnd: net=1, condition=100, published condition=100
07-10 09:18:49.929   144   403 D AlarmManagerService: Kernel timezone updated to 240 minutes west of GMT
07-10 09:18:56.058 26710 27360 I SqliteDatabaseCpp: sqlite returned: error code = 1, msg = no such column: wipeout_stats, db=/data/data/com.google.android.apps.plus/databases/picasa.db
07-10 09:18:56.058 26710 27360 W System.err: android.database.sqlite.SQLiteException: no such column: wipeout_stats: , while compiling: SELECT wipeout_stats  FROM account_status
07-10 09:18:56.082 26710 27360 W System.err: 	at android.database.sqlite.SQLiteCompiledSql.native_compile(Native Method)
07-10 09:18:56.082 26710 27360 W System.err: 	at android.database.sqlite.SQLiteCompiledSql.<init>(SQLiteCompiledSql.java:68)
07-10 09:18:56.082 26710 27360 W System.err: 	at android.database.sqlite.SQLiteProgram.compileSql(SQLiteProgram.java:143)
07-10 09:18:56.082 26710 27360 W System.err: 	at android.database.sqlite.SQLiteProgram.compileAndbindAllArgs(SQLiteProgram.java:361)
07-10 09:18:56.082 26710 27360 W System.err: 	at android.database.sqlite.SQLiteStatement.acquireAndLock(SQLiteStatement.java:260)
07-10 09:18:56.082 26710 27360 W System.err: 	at android.database.sqlite.SQLiteStatement.simpleQueryForLong(SQLiteStatement.java:137)
07-10 09:18:56.082 26710 27360 W System.err: 	at android.database.DatabaseUtils.longForQuery(DatabaseUtils.java:791)
07-10 09:18:56.082 26710 27360 W System.err: 	at android.database.DatabaseUtils.longForQuery(DatabaseUtils.java:779)
07-10 09:18:56.082 26710 27360 W System.err: 	at com.google.android.apps.plus.content.EsAccountsData.isContactsStatsWipeoutNeeded(EsAccountsData.java:641)
07-10 09:18:56.082 26710 27360 W System.err: 	at com.google.android.apps.plus.service.EsService.processIntent(EsService.java:4246)
07-10 09:18:56.082 26710 27360 W System.err: 	at com.google.android.apps.plus.service.ServiceThread$1.run(ServiceThread.java:50)
07-10 09:18:56.082 26710 27360 W System.err: 	at android.os.Handler.handleCallback(Handler.java:605)
07-10 09:18:56.082 26710 27360 W System.err: 	at android.os.Handler.dispatchMessage(Handler.java:92)
07-10 09:18:56.082 26710 27360 W System.err: 	at android.os.Looper.loop(Looper.java:137)
07-10 09:18:56.082 26710 27360 W System.err: 	at com.google.android.apps.plus.service.ServiceThread.run(ServiceThread.java:122)
07-10 09:18:56.195   144   173 I ActivityManager: Start proc com.google.android.maps.mytracks for service com.google.android.maps.mytracks/com.google.android.apps.mytracks.services.RemoveTempFilesService: pid=27363 uid=10072 gids={3003, 3002, 3001, 1015}
07-10 09:18:56.296 27363 27363 I dalvikvm: Turning on JNI app bug workarounds for target SDK version 7...
07-10 09:18:56.562 27363 27363 I ActivityThread: Pub com.google.android.maps.mytracks.search: com.google.android.apps.mytracks.content.SearchEngineProvider
07-10 09:18:56.566 27363 27363 I ActivityThread: Pub com.google.android.maps.mytracks: com.google.android.apps.mytracks.content.MyTracksProvider
07-10 09:18:58.136 26710 26717 I dalvikvm: Jit: resizing JitTable from 4096 to 8192
07-10 09:18:58.906 26710 26711 D dalvikvm: GC_CONCURRENT freed 1186K, 18% free 13379K/16263K, paused 11ms+3ms
07-10 09:19:03.398 26710 26711 D dalvikvm: GC_CONCURRENT freed 1351K, 18% free 13362K/16263K, paused 24ms+4ms
07-10 09:19:06.527 26710 27362 D dalvikvm: GC_FOR_ALLOC freed 585K, 17% free 13661K/16263K, paused 84ms
07-10 09:19:06.527 26710 27362 I dalvikvm-heap: Grow heap (frag case) to 13.744MB for 349246-byte allocation
07-10 09:19:06.566 26710 27362 D dalvikvm: GC_FOR_ALLOC freed 21K, 17% free 13981K/16647K, paused 37ms
07-10 09:19:07.257 26710 26711 D dalvikvm: GC_CONCURRENT freed 1030K, 14% free 14479K/16647K, paused 2ms+3ms
07-10 09:19:09.070 26710 26711 D dalvikvm: GC_CONCURRENT freed 1695K, 14% free 14477K/16647K, paused 2ms+6ms
07-10 09:19:10.781 25762 25764 D dalvikvm: GC_CONCURRENT freed 512K, 12% free 10596K/12039K, paused 8ms+48ms
07-10 09:19:10.976 26710 26711 D dalvikvm: GC_CONCURRENT freed 2303K, 17% free 13869K/16647K, paused 22ms+3ms
07-10 09:19:10.996  7656  7659 D dalvikvm: GC_CONCURRENT freed 691K, 9% free 10365K/11271K, paused 2ms+9ms
07-10 09:19:11.390 26710 27362 I SqliteDatabaseCpp: sqlite returned: error code = 1, msg = no such column: last_stats_sync_time, db=/data/data/com.google.android.apps.plus/databases/picasa.db
07-10 09:19:11.449 26710 27362 E EsSyncAdapterService: Sync failure
07-10 09:19:11.449 26710 27362 E EsSyncAdapterService: android.database.sqlite.SQLiteException: no such column: last_stats_sync_time: , while compiling: SELECT last_stats_sync_time  FROM account_status
07-10 09:19:11.449 26710 27362 E EsSyncAdapterService: 	at android.database.sqlite.SQLiteCompiledSql.native_compile(Native Method)
07-10 09:19:11.449 26710 27362 E EsSyncAdapterService: 	at android.database.sqlite.SQLiteCompiledSql.<init>(SQLiteCompiledSql.java:68)
07-10 09:19:11.449 26710 27362 E EsSyncAdapterService: 	at android.database.sqlite.SQLiteProgram.compileSql(SQLiteProgram.java:143)
07-10 09:19:11.449 26710 27362 E EsSyncAdapterService: 	at android.database.sqlite.SQLiteProgram.compileAndbindAllArgs(SQLiteProgram.java:361)
07-10 09:19:11.449 26710 27362 E EsSyncAdapterService: 	at android.database.sqlite.SQLiteStatement.acquireAndLock(SQLiteStatement.java:260)
07-10 09:19:11.449 26710 27362 E EsSyncAdapterService: 	at android.database.sqlite.SQLiteStatement.simpleQueryForLong(SQLiteStatement.java:137)
07-10 09:19:11.449 26710 27362 E EsSyncAdapterService: 	at android.database.DatabaseUtils.longForQuery(DatabaseUtils.java:791)
07-10 09:19:11.449 26710 27362 E EsSyncAdapterService: 	at android.database.DatabaseUtils.longForQuery(DatabaseUtils.java:779)
07-10 09:19:11.449 26710 27362 E EsSyncAdapterService: 	at com.google.android.apps.plus.content.EsAccountsData.queryLastStatsSyncTimestamp(EsAccountsData.java:570)
07-10 09:19:11.449 26710 27362 E EsSyncAdapterService: 	at com.google.android.apps.plus.service.EsSyncAdapterService.syncContactsStatsIfNecessary(EsSyncAdapterService.java:670)
07-10 09:19:11.449 26710 27362 E EsSyncAdapterService: 	at com.google.android.apps.plus.service.EsSyncAdapterService.doFullSync(EsSyncAdapterService.java:633)
07-10 09:19:11.449 26710 27362 E EsSyncAdapterService: 	at com.google.android.apps.plus.service.EsSyncAdapterService.doSync(EsSyncAdapterService.java:566)
07-10 09:19:11.449 26710 27362 E EsSyncAdapterService: 	at com.google.android.apps.plus.service.EsSyncAdapterService.access$100(EsSyncAdapterService.java:52)
07-10 09:19:11.449 26710 27362 E EsSyncAdapterService: 	at com.google.android.apps.plus.service.EsSyncAdapterService$SyncAdapterImpl.onPerformSync(EsSyncAdapterService.java:408)
07-10 09:19:11.449 26710 27362 E EsSyncAdapterService: 	at android.content.AbstractThreadedSyncAdapter$SyncThread.run(AbstractThreadedSyncAdapter.java:247)
07-10 09:19:11.472   144   168 D SyncManager: failed sync operation lokeshmandvekar@gmail.com (com.google), com.google.android.apps.plus.content.EsProvider, SERVER, earliestRunTime 75600066, SyncResult: stats [ numParseExceptions: 1]
07-10 09:19:11.476   144   168 D SyncManager: not retrying sync operation because the error is a hard error: lokeshmandvekar@gmail.com (com.google), com.google.android.apps.plus.content.EsProvider, SERVER, earliestRunTime 75615484
07-10 09:19:12.882 16301 16303 D dalvikvm: GC_CONCURRENT freed 424K, 7% free 9751K/10439K, paused 3ms+3ms
07-10 09:19:13.097 26710 27116 D dalvikvm: GC_EXPLICIT freed 929K, 20% free 13327K/16647K, paused 10ms+3ms
07-10 09:19:18.015   144   155 I ActivityManager: No longer want com.google.android.apps.googlevoice (pid 24451): hidden #16
07-10 09:19:18.035   144   323 W ActivityManager: Scheduling restart of crashed service com.google.android.apps.googlevoice/.UpdateService in 5000ms
07-10 09:19:18.035   144   323 W ActivityManager: Scheduling restart of crashed service com.google.android.apps.googlevoice/.widget.WidgetService in 15000ms
07-10 09:19:18.035   144   323 W ActivityManager: Scheduling restart of crashed service com.google.android.apps.googlevoice/.CallLogService in 25000ms
07-10 09:19:18.804 26710 26711 D dalvikvm: GC_CONCURRENT freed 1360K, 21% free 13300K/16647K, paused 2ms+4ms
07-10 09:19:18.836 26654 26667 I PhoneLab-: Service Running
07-10 09:19:18.871 26654 26667 I PhoneLab-LoggerService: app_37    1373  1     1440   1000  c00f181c 400107b4 S logcat
07-10 09:19:18.875 26654 26667 I PhoneLab-LoggerService: Logcat pid from database 1373
07-10 09:19:18.875 26654 26667 I PhoneLab-LoggerService: Logcat process found 1373
07-10 09:19:18.875 26654 26667 I PhoneLab-LoggerService: Checking Threshold
07-10 09:19:25.300 16301 20877 D dalvikvm: GC_EXPLICIT freed 386K, 7% free 9746K/10439K, paused 2ms+4ms
07-10 09:19:25.789 20203 20205 D dalvikvm: GC_CONCURRENT freed 789K, 9% free 11712K/12743K, paused 2ms+12ms
07-10 09:19:26.765   144   156 D dalvikvm: GC_EXPLICIT freed 1922K, 18% free 17622K/21255K, paused 2ms+8ms
07-10 09:19:29.480   144   161 I ActivityManager: Start proc com.google.android.apps.googlevoice for service com.google.android.apps.googlevoice/.UpdateService: pid=27389 uid=10054 gids={3003, 1015}
07-10 09:19:29.945 27389 27392 D dalvikvm: GC_CONCURRENT freed 247K, 4% free 9289K/9607K, paused 23ms+10ms
07-10 09:19:29.996   144   200 D NetUtils: android_net_utils_resetConnections in env=0x13390c8 clazz=0xc3100001 iface=rmnet0 mask=0x3
07-10 09:19:29.996   144   200 D ConnectivityService: ConnectivityChange for mobile: DISCONNECTED/DISCONNECTED
07-10 09:19:29.996   144   200 D ConnectivityService: Attempting to switch to WIFI
07-10 09:19:29.996   144   200 D ConnectivityService: Attempting to switch to WIMAX
07-10 09:19:29.996   144   200 D ConnectivityService: Attempting to switch to BLUETOOTH_TETHER
07-10 09:19:29.996   144   200 D ConnectivityService: resetConnections(rmnet0, 3)
07-10 09:19:30.488 27389 27392 D dalvikvm: GC_CONCURRENT freed 420K, 5% free 9436K/9927K, paused 2ms+2ms
07-10 09:19:30.492 27389 27398 W CursorWrapperInner: Cursor finalized without prior close()
07-10 09:19:30.496 27389 27398 W CursorWrapperInner: Cursor finalized without prior close()
07-10 09:19:30.496 27389 27398 W CursorWrapperInner: Cursor finalized without prior close()
07-10 09:19:30.574 16301 16303 D dalvikvm: GC_CONCURRENT freed 418K, 7% free 9804K/10439K, paused 2ms+7ms
07-10 09:19:30.699 27389 27392 D dalvikvm: GC_CONCURRENT freed 310K, 5% free 9653K/10055K, paused 2ms+2ms
07-10 09:19:33.031   144   204 D Tethering: MasterInitialState.processMessage what=3
07-10 09:19:33.101   144   204 D Tethering: MasterInitialState.processMessage what=3
07-10 09:19:33.132 26694 26694 I MediaUploader: No need to wake up
07-10 09:19:33.171 26710 26728 D PicasaSyncManager: active network: NetworkInfo: type: WIFI[], state: CONNECTED/CONNECTED, reason: (unspecified), extra: (none), roaming: false, failover: false, isAvailable: true
07-10 09:19:33.171 26710 26728 D PicasaSyncManager: background data: true
07-10 09:19:33.207 25687 25687 W ContextScopeImpl: thread=1 tried to enter the scope of the application context. Ignored.
07-10 09:19:33.257 26694 26694 I MediaUploader: No need to wake up
07-10 09:19:33.320 25687 25687 W ContextScopeImpl: thread=1 tried to enter the scope of the application context. Ignored.
07-10 09:19:33.336 26710 26728 D PicasaSyncManager: active network: NetworkInfo: type: WIFI[], state: CONNECTED/CONNECTED, reason: (unspecified), extra: (none), roaming: false, failover: false, isAvailable: true
07-10 09:19:33.339 26710 26728 D PicasaSyncManager: background data: true
07-10 09:19:33.582   144   200 D ConnectivityService: handleInetConditionHoldEnd: net=1, condition=100, published condition=100
07-10 09:19:39.418   144 10051 D AlarmManagerService: Kernel timezone updated to 240 minutes west of GMT
07-10 09:19:39.461 27389 27389 W GoogleVoice: WidgetService: got a null intent
07-10 09:19:39.484 27389 27392 D dalvikvm: GC_CONCURRENT freed 235K, 4% free 9833K/10183K, paused 2ms+3ms
07-10 09:19:57.195 16301 16312 D dalvikvm: GC_EXPLICIT freed 370K, 7% free 9808K/10439K, paused 4ms+6ms
07-10 09:20:10.890   144   144 D dalvikvm: GC_EXPLICIT freed 1373K, 18% free 17565K/21255K, paused 2ms+7ms
07-10 09:20:10.953 25762 25764 D dalvikvm: GC_CONCURRENT freed 418K, 13% free 10581K/12039K, paused 2ms+10ms
07-10 09:21:01.156   144   200 D NetUtils: android_net_utils_resetConnections in env=0x13390c8 clazz=0xd0b00001 iface=rmnet0 mask=0x3
07-10 09:21:01.156   144   200 D ConnectivityService: ConnectivityChange for mobile: DISCONNECTED/DISCONNECTED
07-10 09:21:01.156   144   200 D ConnectivityService: Attempting to switch to WIFI
07-10 09:21:01.156   144   200 D ConnectivityService: Attempting to switch to WIMAX
07-10 09:21:01.156   144   200 D ConnectivityService: Attempting to switch to BLUETOOTH_TETHER
07-10 09:21:01.156   144   200 D ConnectivityService: resetConnections(rmnet0, 3)
07-10 09:21:04.191   144   204 D Tethering: MasterInitialState.processMessage what=3
07-10 09:21:04.230   144   204 D Tethering: MasterInitialState.processMessage what=3
07-10 09:21:04.277 26694 26694 I MediaUploader: No need to wake up
07-10 09:21:04.336 26710 26728 D PicasaSyncManager: active network: NetworkInfo: type: WIFI[], state: CONNECTED/CONNECTED, reason: (unspecified), extra: (none), roaming: false, failover: false, isAvailable: true
07-10 09:21:04.351 25687 25687 W ContextScopeImpl: thread=1 tried to enter the scope of the application context. Ignored.
07-10 09:21:04.402 26710 26728 D PicasaSyncManager: background data: true
07-10 09:21:04.433 26694 26694 I MediaUploader: No need to wake up
07-10 09:21:04.500 26710 26728 D PicasaSyncManager: active network: NetworkInfo: type: WIFI[], state: CONNECTED/CONNECTED, reason: (unspecified), extra: (none), roaming: false, failover: false, isAvailable: true
07-10 09:21:04.500 26710 26728 D PicasaSyncManager: background data: true
07-10 09:21:04.504 25687 25687 W ContextScopeImpl: thread=1 tried to enter the scope of the application context. Ignored.
07-10 09:21:04.531  5714  5717 D dalvikvm: GC_CONCURRENT freed 454K, 8% free 10767K/11591K, paused 2ms+4ms
07-10 09:21:04.589 26729 26731 D dalvikvm: GC_CONCURRENT freed 412K, 5% free 10411K/10951K, paused 10ms+6ms
07-10 09:21:04.734   144   200 D ConnectivityService: handleInetConditionHoldEnd: net=1, condition=100, published condition=100
07-10 09:21:10.898  7656  7659 D dalvikvm: GC_CONCURRENT freed 523K, 9% free 10339K/11271K, paused 2ms+3ms
07-10 09:21:14.777   144   380 D AlarmManagerService: Kernel timezone updated to 240 minutes west of GMT
07-10 09:21:37.269   144   144 D AlarmManagerService: Kernel timezone updated to 240 minutes west of GMT
07-10 09:22:05.836 26854 26856 D dalvikvm: GC_CONCURRENT freed 665K, 7% free 11442K/12231K, paused 15ms+3ms
07-10 09:22:10.953 25762 25764 D dalvikvm: GC_CONCURRENT freed 521K, 13% free 10580K/12039K, paused 2ms+3ms
07-10 09:22:11.031  7656  7659 D dalvikvm: GC_CONCURRENT freed 473K, 8% free 10373K/11271K, paused 2ms+2ms
07-10 09:22:11.132  7656  7659 D dalvikvm: GC_CONCURRENT freed 213K, 7% free 10548K/11271K, paused 1ms+2ms
07-10 09:22:12.164 26654 26667 I PhoneLab-: Service Running
07-10 09:22:12.254 26654 26667 I PhoneLab-LoggerService: app_37    1373  1     1440   1000  c00f181c 400107b4 S logcat
07-10 09:22:12.254 26654 26667 I PhoneLab-LoggerService: Logcat pid from database 1373
07-10 09:22:12.254 26654 26667 I PhoneLab-LoggerService: Logcat process found 1373
07-10 09:22:12.254 26654 26667 I PhoneLab-LoggerService: Checking Threshold
07-10 09:23:00.879 26654 26667 I PhoneLab-: Service Running
07-10 09:23:00.949 26654 26667 I PhoneLab-LoggerService: app_37    1373  1     1440   1000  c00f181c 400107b4 S logcat
07-10 09:23:00.949 26654 26667 I PhoneLab-LoggerService: Logcat pid from database 1373
07-10 09:23:00.949 26654 26667 I PhoneLab-LoggerService: Logcat process found 1373
07-10 09:23:00.949 26654 26667 I PhoneLab-LoggerService: Checking Threshold
07-10 09:23:11.109   214   214 D dalvikvm: GC_FOR_ALLOC freed 424K, 34% free 9753K/14663K, paused 20ms
07-10 09:23:11.164   214   216 D dalvikvm: GC_CONCURRENT freed 519K, 34% free 9738K/14663K, paused 2ms+2ms
07-10 09:23:11.175  7656  7659 D dalvikvm: GC_CONCURRENT freed 670K, 9% free 10341K/11271K, paused 2ms+2ms
07-10 09:23:11.230   214   216 D dalvikvm: GC_CONCURRENT freed 439K, 34% free 9807K/14663K, paused 2ms+3ms
07-10 09:23:57.023   144   200 D NetUtils: android_net_utils_resetConnections in env=0x13390c8 clazz=0xe0a00001 iface=rmnet0 mask=0x3
07-10 09:23:57.023   144   200 D ConnectivityService: ConnectivityChange for mobile: DISCONNECTED/DISCONNECTED
07-10 09:23:57.023   144   200 D ConnectivityService: Attempting to switch to WIFI
07-10 09:23:57.023   144   200 D ConnectivityService: Attempting to switch to WIMAX
07-10 09:23:57.023   144   200 D ConnectivityService: Attempting to switch to BLUETOOTH_TETHER
07-10 09:23:57.023   144   200 D ConnectivityService: resetConnections(rmnet0, 3)
07-10 09:23:57.187   144   147 D dalvikvm: GC_CONCURRENT freed 1911K, 17% free 17701K/21255K, paused 11ms+9ms
07-10 09:24:00.082   144   204 D Tethering: MasterInitialState.processMessage what=3
07-10 09:24:00.144   144   204 D Tethering: MasterInitialState.processMessage what=3
07-10 09:24:00.148 26694 26694 I MediaUploader: No need to wake up
07-10 09:24:00.214 26710 26728 D PicasaSyncManager: active network: NetworkInfo: type: WIFI[], state: CONNECTED/CONNECTED, reason: (unspecified), extra: (none), roaming: false, failover: false, isAvailable: true
07-10 09:24:00.214 26710 26728 D PicasaSyncManager: background data: true
07-10 09:24:00.222 25687 25687 W ContextScopeImpl: thread=1 tried to enter the scope of the application context. Ignored.
07-10 09:24:00.257 26694 26694 I MediaUploader: No need to wake up
07-10 09:24:00.308 26710 26728 D PicasaSyncManager: active network: NetworkInfo: type: WIFI[], state: CONNECTED/CONNECTED, reason: (unspecified), extra: (none), roaming: false, failover: false, isAvailable: true
07-10 09:24:00.308 26710 26728 D PicasaSyncManager: background data: true
07-10 09:24:00.332 25687 25687 W ContextScopeImpl: thread=1 tried to enter the scope of the application context. Ignored.
07-10 09:24:00.414 25405 25406 D dalvikvm: GC_CONCURRENT freed 396K, 6% free 9336K/9863K, paused 1ms+3ms
07-10 09:24:00.601   144   200 D ConnectivityService: handleInetConditionHoldEnd: net=1, condition=100, published condition=100
07-10 09:24:05.156   344   344 D SAN_SERVICE: *******************************************
07-10 09:24:05.156   344   344 D SAN_SERVICE: DM App Phone Service State - 0
07-10 09:24:05.156   344   344 D SAN_SERVICE: *******************************************
07-10 09:24:05.609   344   344 D SAN_SERVICE: *******************************************
07-10 09:24:05.609   344   344 D SAN_SERVICE: DM App Phone Service State - 0
07-10 09:24:05.609   344   344 D SAN_SERVICE: *******************************************
07-10 09:24:05.636   344   347 D dalvikvm: GC_CONCURRENT freed 799K, 14% free 11807K/13639K, paused 15ms+4ms
07-10 09:24:11.031 25762 25764 D dalvikvm: GC_CONCURRENT freed 447K, 12% free 10651K/12039K, paused 1ms+3ms
07-10 09:24:11.324  7656  7659 D dalvikvm: GC_CONCURRENT freed 424K, 9% free 10317K/11271K, paused 12ms+2ms
07-10 09:24:14.711   144   380 D AlarmManagerService: Kernel timezone updated to 240 minutes west of GMT
07-10 09:24:19.160   344   344 D SAN_SERVICE: *******************************************
07-10 09:24:19.160   344   344 D SAN_SERVICE: DM App Phone Service State - 0
07-10 09:24:19.160   344   344 D SAN_SERVICE: *******************************************
07-10 09:24:19.730   144   402 D AlarmManagerService: Kernel timezone updated to 240 minutes west of GMT
07-10 09:24:26.730 26654 26654 I PhoneLab-Locks: wake lock acquired
07-10 09:24:26.777 26654 27481 I PhoneLab-PeriodicCheckService: User info is synched
07-10 09:24:26.793 26654 27481 I PhoneLab-PeriodicCheckService: Logger Service is running
07-10 09:24:26.800 26654 26654 I PhoneLab-Locks: wake lock acquired
07-10 09:24:26.804 26654 26654 I PhoneLab-StatusMonitor: Status Monitoring is started
07-10 09:24:26.812 26654 27481 I PhoneLab-Locks: wake lock acquired
07-10 09:24:26.816 26654 27481 I PhoneLab-PeriodicCheckService: Rescheduling periodic checking...
07-10 09:24:26.820 26654 27481 I PhoneLab-Locks: wake lock released
07-10 09:24:26.847 26654 26654 E PhoneLab-PhoneLabManifest: java.io.FileNotFoundException: /data/data/edu.buffalo.cse.phonelab.phonelabservices/files/manifest.xml: open failed: ENOENT (No such file or directory)
07-10 09:24:26.882 26654 26654 I PhoneLab-Locks: wake lock released
07-10 09:24:26.886 26654 26654 I PhoneLab-UploadLogs: Transfering log files now
07-10 09:24:26.886 26654 26654 I PhoneLab-UploadLogs: No log files to transfer
07-10 09:24:26.886 26654 26654 I PhoneLab-Locks: wake lock released
07-10 09:24:26.886 26654 26654 I PhoneLab-UploadLogs: OnStartCommand
07-10 09:24:28.882   144   160 I power   : *** set_screen_state 1
07-10 09:24:28.925 26654 26654 I PhoneLab-PowerOnReceiver: Power is plugged in!
07-10 09:24:28.925 26654 26654 I PhoneLab-PowerOnReceiver: Rescheduling periodic checking...
07-10 09:24:28.929   214   214 W PowerUI : unknown intent: Intent { act=android.intent.action.ACTION_POWER_CONNECTED flg=0x10000010 }
07-10 09:24:28.945   144   175 I WindowManager: Lock screen displayed!
07-10 09:24:29.019 26654 26657 D dalvikvm: GC_CONCURRENT freed 451K, 6% free 9138K/9671K, paused 2ms+2ms
07-10 09:24:29.078    78   120 D SurfaceFlinger: Screen about to return, flinger = 0x5b4918
07-10 09:24:29.144 26654 26654 I PhoneLab-Locks: wake lock acquired
07-10 09:24:29.160 26654 26654 I PhoneLab-UploadLogs: Transfering log files now
07-10 09:24:29.160 26654 26654 I PhoneLab-UploadLogs: No log files to transfer
07-10 09:24:29.164 26654 26654 I PhoneLab-Locks: wake lock released
07-10 09:24:29.164 26654 26654 I PhoneLab-UploadLogs: OnStartCommand
07-10 09:24:29.574   144   147 D dalvikvm: GC_CONCURRENT freed 2055K, 18% free 17615K/21255K, paused 3ms+11ms
07-10 09:24:29.644   214   214 D dalvikvm: GC_FOR_ALLOC freed 445K, 34% free 9744K/14663K, paused 48ms
07-10 09:24:29.781   214   216 D dalvikvm: GC_CONCURRENT freed 490K, 34% free 9753K/14663K, paused 5ms+4ms
07-10 09:24:30.183   344   344 D SAN_SERVICE: *******************************************
07-10 09:24:30.183   344   344 D SAN_SERVICE: DM App Phone Service State - 0
07-10 09:24:30.183   344   344 D SAN_SERVICE: *******************************************
07-10 09:24:31.074 26729 26731 D dalvikvm: GC_CONCURRENT freed 335K, 4% free 10542K/10951K, paused 4ms+6ms
07-10 09:24:31.890 26729 26731 D dalvikvm: GC_CONCURRENT freed 330K, 4% free 10736K/11143K, paused 3ms+4ms
07-10 09:24:39.175 26654 26654 I PhoneLab-Locks: wake lock acquired
07-10 09:24:39.199 26654 27494 I PhoneLab-PeriodicCheckService: User info is synched
07-10 09:24:39.203 26654 27494 I PhoneLab-PeriodicCheckService: Logger Service is running
07-10 09:24:39.207 26654 26654 I PhoneLab-Locks: wake lock acquired
07-10 09:24:39.211 26654 26654 I PhoneLab-StatusMonitor: Status Monitoring is started
07-10 09:24:39.214 26654 26654 E PhoneLab-PhoneLabManifest: java.io.FileNotFoundException: /data/data/edu.buffalo.cse.phonelab.phonelabservices/files/manifest.xml: open failed: ENOENT (No such file or directory)
07-10 09:24:39.214 26654 26654 I PhoneLab-Locks: wake lock released
07-10 09:24:39.218 26654 27494 I PhoneLab-Locks: wake lock acquired
07-10 09:24:39.308   144   380 D dalvikvm: GC_EXPLICIT freed 289K, 18% free 17503K/21255K, paused 3ms+6ms
07-10 09:24:39.308 26654 26654 I PhoneLab-UploadLogs: Transfering log files now
07-10 09:24:39.308 26654 26654 I PhoneLab-UploadLogs: No log files to transfer
07-10 09:24:39.308 26654 26654 I PhoneLab-Locks: wake lock released
07-10 09:24:39.312 26654 27494 I PhoneLab-PeriodicCheckService: Rescheduling periodic checking...
07-10 09:24:39.328 26654 26654 I PhoneLab-UploadLogs: OnStartCommand
07-10 09:24:39.328 26654 27494 I PhoneLab-Locks: wake lock released
07-10 09:24:45.941 26654 26667 I PhoneLab-: Service Running
07-10 09:24:46.015 26654 26667 I PhoneLab-LoggerService: app_37    1373  1     1440   1000  c00f181c 400107b4 S logcat
07-10 09:24:46.015 26654 26667 I PhoneLab-LoggerService: Logcat pid from database 1373
07-10 09:24:46.015 26654 26667 I PhoneLab-LoggerService: Logcat process found 1373
07-10 09:24:46.015 26654 26667 I PhoneLab-LoggerService: Checking Threshold
07-10 09:24:53.066   144   200 D ConnectivityService: ConnectivityChange for mobile: DISCONNECTED/DISCONNECTED
07-10 09:24:53.066   144   200 D ConnectivityService: Attempting to switch to WIFI
07-10 09:24:53.066   144   200 D ConnectivityService: Attempting to switch to WIMAX
07-10 09:24:53.066   144   200 D ConnectivityService: Attempting to switch to BLUETOOTH_TETHER
07-10 09:24:53.070   144   200 D NetUtils: android_net_utils_resetConnections in env=0x13390c8 clazz=0xed300001 iface=rmnet0 mask=0x3
07-10 09:24:53.070   144   200 D ConnectivityService: resetConnections(rmnet0, 3)
07-10 09:24:53.105   344   344 D SAN_SERVICE: *******************************************
07-10 09:24:53.105   344   344 D SAN_SERVICE: DM App Phone Service State - 0
07-10 09:24:53.105   344   344 D SAN_SERVICE: *******************************************
07-10 09:24:56.121   144   204 D Tethering: MasterInitialState.processMessage what=3
07-10 09:24:56.175   144   204 D Tethering: MasterInitialState.processMessage what=3
07-10 09:24:56.226 26694 26694 I MediaUploader: No need to wake up
07-10 09:24:56.320 25687 25687 W ContextScopeImpl: thread=1 tried to enter the scope of the application context. Ignored.
07-10 09:24:56.347 26710 26728 D PicasaSyncManager: active network: NetworkInfo: type: WIFI[], state: CONNECTED/CONNECTED, reason: (unspecified), extra: (none), roaming: false, failover: false, isAvailable: true
07-10 09:24:56.351 26694 26694 I MediaUploader: No need to wake up
07-10 09:24:56.437 25687 25687 W ContextScopeImpl: thread=1 tried to enter the scope of the application context. Ignored.
07-10 09:24:56.449 26710 26728 D PicasaSyncManager: background data: true
07-10 09:24:56.476 26710 26728 D PicasaSyncManager: active network: NetworkInfo: type: WIFI[], state: CONNECTED/CONNECTED, reason: (unspecified), extra: (none), roaming: false, failover: false, isAvailable: true
07-10 09:24:56.480 26710 26728 D PicasaSyncManager: background data: true
07-10 09:24:56.675   144   200 D ConnectivityService: handleInetConditionHoldEnd: net=1, condition=100, published condition=100
07-10 09:25:11.101 25762 25764 D dalvikvm: GC_CONCURRENT freed 515K, 13% free 10587K/12039K, paused 1ms+6ms
07-10 09:25:11.136 25762 25784 D dalvikvm: GC_EXPLICIT freed 9K, 13% free 10578K/12039K, paused 2ms+3ms
07-10 09:26:09.839 25762 25764 D dalvikvm: GC_CONCURRENT freed 398K, 13% free 10575K/12039K, paused 3ms+2ms
07-10 09:26:11.183  7656  7659 D dalvikvm: GC_CONCURRENT freed 466K, 9% free 10356K/11271K, paused 1ms+3ms
07-10 09:26:16.902   214   214 D PhoneStatusBar: disable: < expand icons alerts ticker system_info BACK HOME recent* CLOCK >
07-10 09:26:16.937   144   156 W InputManagerService: Window already focused, ignoring focus gain of: com.android.internal.view.IInputMethodClient$Stub$Proxy@41ae1850
07-10 09:26:16.941   214   214 D PhoneStatusBar: disable: < expand icons alerts ticker system_info back* home* recent clock* >
07-10 09:26:17.160  5714  5717 D dalvikvm: GC_CONCURRENT freed 421K, 7% free 10805K/11591K, paused 2ms+4ms
07-10 09:26:17.445 16301 16303 D dalvikvm: GC_CONCURRENT freed 399K, 7% free 9792K/10439K, paused 3ms+3ms
07-10 09:26:18.226   144   402 I ActivityManager: START {act=android.intent.action.MAIN cat=[android.intent.category.LAUNCHER] flg=0x10200000 cmp=com.google.android.talk/.SigningInActivity bnds=[96,706][192,802]} from pid 370
07-10 09:26:18.429   370   370 D OpenGLRenderer: Flushing caches (mode 1)
07-10 09:26:18.445   370   370 D OpenGLRenderer: Flushing caches (mode 0)
07-10 09:26:18.484 26603 26603 D vclib:CallStateClient: startListening
07-10 09:26:18.574 26603 26604 D dalvikvm: GC_CONCURRENT freed 350K, 5% free 10468K/10951K, paused 7ms+10ms
07-10 09:26:18.597  5714  8379 D dalvikvm: GC_EXPLICIT freed 261K, 8% free 10768K/11591K, paused 4ms+4ms
07-10 09:26:18.601 26603 27508 E talk    : [Databaseutils] pruneOldMessageHistory
07-10 09:26:18.800   144   160 I Process : Sending signal. PID: 26603 SIG: 3
07-10 09:26:18.832 26603 26605 I dalvikvm: threadid=3: reacting to signal 3
07-10 09:26:18.894 26603 26605 I dalvikvm: Wrote stack traces to '/data/anr/traces.txt'
07-10 09:26:18.906   144   174 I ActivityManager: Displayed com.google.android.talk/.SigningInActivity: +633ms
07-10 09:26:19.355 26603 26603 D vclib:CallStateClient: stopListening
07-10 09:26:19.359 26603 26603 D vclib:CallStateClient: startListening
07-10 09:26:19.554 26603 26604 D dalvikvm: GC_CONCURRENT freed 178K, 3% free 10719K/11015K, paused 11ms+8ms
07-10 09:26:38.722 26654 26667 I PhoneLab-: Service Running
07-10 09:26:38.836 26654 26667 I PhoneLab-LoggerService: app_37    1373  1     1440   1000  c00f181c 400107b4 S logcat
07-10 09:26:38.839 26654 26667 I PhoneLab-LoggerService: Logcat pid from database 1373
07-10 09:26:38.839 26654 26667 I PhoneLab-LoggerService: Logcat process found 1373
07-10 09:26:38.839 26654 26667 I PhoneLab-LoggerService: Checking Threshold
07-10 09:27:00.164   144   147 D dalvikvm: GC_CONCURRENT freed 1856K, 18% free 17569K/21255K, paused 3ms+8ms
07-10 09:27:11.261 25762 25764 D dalvikvm: GC_CONCURRENT freed 505K, 13% free 10587K/12039K, paused 5ms+10ms
07-10 09:27:11.336  7656  7659 D dalvikvm: GC_CONCURRENT freed 460K, 9% free 10331K/11271K, paused 2ms+2ms
07-10 09:27:12.660 26854 26856 D dalvikvm: GC_CONCURRENT freed 700K, 7% free 11490K/12295K, paused 16ms+3ms
07-10 09:28:38.722 26654 26667 I PhoneLab-: Service Running
07-10 09:28:38.796 26654 26667 I PhoneLab-LoggerService: app_37    1373  1     1440   1000  c00f181c 400107b4 S logcat
07-10 09:28:38.796 26654 26667 I PhoneLab-LoggerService: Logcat pid from database 1373
07-10 09:28:38.796 26654 26667 I PhoneLab-LoggerService: Logcat process found 1373
07-10 09:28:38.796 26654 26667 I PhoneLab-LoggerService: Checking Threshold
07-10 09:28:52.554   144   160 V BackupManagerService: Running a backup pass
07-10 09:28:52.578   144   213 V BackupManagerService: Backup requested but nothing pending
07-10 09:29:00.023   144   161 I ActivityManager: No longer want com.android.sprintmenu (pid 25710): hidden #16
07-10 09:29:00.082   144   424 W ActivityManager: Scheduling restart of crashed service com.android.sprintmenu/.HiddenPhoneService in 5000ms
07-10 09:29:05.093   144   161 I ActivityManager: Start proc com.android.sprintmenu for service com.android.sprintmenu/.HiddenPhoneService: pid=27523 uid=1001 gids={3002, 3001, 3003, 1015}
07-10 09:29:05.121    79    79 D dalvikvm: GC_EXPLICIT freed 37K, 4% free 9031K/9347K, paused 2ms+3ms
07-10 09:29:05.168    79    79 D dalvikvm: GC_EXPLICIT freed <1K, 4% free 9031K/9347K, paused 2ms+2ms
07-10 09:29:05.199    79    79 D dalvikvm: GC_EXPLICIT freed <1K, 4% free 9031K/9347K, paused 3ms+2ms
07-10 09:29:10.086   144   403 D dalvikvm: GC_EXPLICIT freed 1240K, 21% free 16803K/21255K, paused 20ms+7ms
07-10 09:29:11.449 25762 25764 D dalvikvm: GC_CONCURRENT freed 519K, 13% free 10589K/12039K, paused 2ms+3ms
07-10 09:29:11.566  7656  7659 D dalvikvm: GC_CONCURRENT freed 492K, 9% free 10347K/11271K, paused 2ms+3ms
07-10 09:29:31.531  5714  5819 I EventLogService: Aggregate from 1341925171380 (log), 1341925171380 (data)
07-10 09:29:54.918   144   200 D NetUtils: android_net_utils_resetConnections in env=0x13390c8 clazz=0xf9100001 iface=rmnet0 mask=0x3
07-10 09:29:54.918   144   200 D ConnectivityService: ConnectivityChange for mobile: DISCONNECTED/DISCONNECTED
07-10 09:29:54.918   144   200 D ConnectivityService: Attempting to switch to WIFI
07-10 09:29:54.918   144   200 D ConnectivityService: Attempting to switch to WIMAX
07-10 09:29:54.918   144   200 D ConnectivityService: Attempting to switch to BLUETOOTH_TETHER
07-10 09:29:54.918   144   200 D ConnectivityService: resetConnections(rmnet0, 3)
07-10 09:29:54.929   344   344 D SAN_SERVICE: *******************************************
07-10 09:29:54.929   344   344 D SAN_SERVICE: DM App Phone Service State - 0
07-10 09:29:54.929   344   344 D SAN_SERVICE: *******************************************
07-10 09:29:56.816   344   344 D SAN_SERVICE: *******************************************
07-10 09:29:56.816   344   344 D SAN_SERVICE: DM App Phone Service State - 0
07-10 09:29:56.820   344   344 D SAN_SERVICE: *******************************************
07-10 09:29:57.953   144   204 D Tethering: MasterInitialState.processMessage what=3
07-10 09:29:57.964   144   204 D Tethering: MasterInitialState.processMessage what=3
07-10 09:29:58.039 26694 26694 I MediaUploader: No need to wake up
07-10 09:29:58.132 26710 26728 D PicasaSyncManager: active network: NetworkInfo: type: WIFI[], state: CONNECTED/CONNECTED, reason: (unspecified), extra: (none), roaming: false, failover: false, isAvailable: true
07-10 09:29:58.132 26710 26728 D PicasaSyncManager: background data: true
07-10 09:29:58.144 25687 25687 W ContextScopeImpl: thread=1 tried to enter the scope of the application context. Ignored.
07-10 09:29:58.191 26694 26694 I MediaUploader: No need to wake up
07-10 09:29:58.289 25687 25687 W ContextScopeImpl: thread=1 tried to enter the scope of the application context. Ignored.
07-10 09:29:58.296 26710 26728 D PicasaSyncManager: active network: NetworkInfo: type: WIFI[], state: CONNECTED/CONNECTED, reason: (unspecified), extra: (none), roaming: false, failover: false, isAvailable: true
07-10 09:29:58.300 26710 26728 D PicasaSyncManager: background data: true
07-10 09:29:58.418   144   147 D dalvikvm: GC_CONCURRENT freed 1795K, 21% free 16829K/21255K, paused 3ms+7ms
07-10 09:29:58.461   144   200 D ConnectivityService: handleInetConditionHoldEnd: net=1, condition=100, published condition=100
07-10 09:30:11.550  7656  7659 D dalvikvm: GC_CONCURRENT freed 462K, 9% free 10321K/11271K, paused 2ms+2ms
07-10 09:30:17.429   144  7984 D AlarmManagerService: Kernel timezone updated to 240 minutes west of GMT
07-10 09:30:17.433   344   344 D SystemClock: Setting time of day to sec=1341927017
07-10 09:30:17.122 27028 27053 V AlarmClock: AlarmInitReceiver finished
07-10 09:30:38.723 26654 26667 I PhoneLab-: Service Running
07-10 09:30:38.794 26654 26667 I PhoneLab-LoggerService: app_37    1373  1     1440   1000  c00f181c 400107b4 S logcat
07-10 09:30:38.794 26654 26667 I PhoneLab-LoggerService: Logcat pid from database 1373
07-10 09:30:38.794 26654 26667 I PhoneLab-LoggerService: Logcat process found 1373
07-10 09:30:38.794 26654 26667 I PhoneLab-LoggerService: Checking Threshold
07-10 09:31:06.946  5714  5717 D dalvikvm: GC_CONCURRENT freed 442K, 7% free 10793K/11591K, paused 14ms+8ms
07-10 09:31:11.118 25762 25764 D dalvikvm: GC_CONCURRENT freed 523K, 13% free 10589K/12039K, paused 2ms+3ms
07-10 09:31:42.782   144   168 I ActivityManager: Start proc com.google.android.gm for service com.google.android.gm/.provider.MailSyncAdapterService: pid=27561 uid=10075 gids={3003, 1015}
07-10 09:31:42.930 27561 27561 I ActivityThread: Pub gmail-ls: com.google.android.gm.provider.MailProvider
07-10 09:31:42.985 27561 27561 I ActivityThread: Pub com.google.android.gm: com.google.android.gm.provider.PublicContentProvider
07-10 09:31:42.997 27561 27561 I ActivityThread: Pub com.google.android.gmail.SuggestionProvider: com.google.android.gm.SuggestionsProvider
07-10 09:31:43.462 27561 27564 D dalvikvm: GC_CONCURRENT freed 203K, 4% free 9272K/9607K, paused 8ms+2ms
07-10 09:31:43.610 27561 27579 I Gmail   : calculateUnknownSyncRationalesAndPurgeInBackground: queueing
07-10 09:31:43.645 27561 27579 I Gmail   : calculateUnknownSyncRationalesAndPurgeInBackground: queueing
07-10 09:31:43.743 27561 27579 I Gmail   : calculateUnknownSyncRationalesAndPurgeInBackground: running
07-10 09:31:43.770 27561 27564 D dalvikvm: GC_CONCURRENT freed 241K, 4% free 9433K/9799K, paused 3ms+3ms
07-10 09:31:43.770 27561 27579 I Gmail   : calculateUnknownSyncRationalesAndPurgeInBackground: running
07-10 09:31:43.798 27561 27576 I Gmail   : MainSyncRequestProto: lowestBkwdConvoId: 0, highestHandledServerOp: 3303578, normalSync: true
07-10 09:31:44.333 27561 27564 D dalvikvm: GC_CONCURRENT freed 324K, 5% free 9548K/9991K, paused 2ms+3ms
07-10 09:31:44.969 27561 27564 D dalvikvm: GC_CONCURRENT freed 483K, 6% free 9517K/10119K, paused 2ms+2ms
07-10 09:31:45.165 27561 27576 D dalvikvm: GC_EXPLICIT freed 126K, 6% free 9541K/10119K, paused 2ms+3ms
07-10 09:31:45.169 27561 27576 I Gmail   : MainSyncRequestProto: lowestBkwdConvoId: 0, highestHandledServerOp: 3304090, normalSync: true
07-10 09:31:45.739 27561 27576 D dalvikvm: GC_EXPLICIT freed 220K, 6% free 9587K/10119K, paused 11ms+3ms
07-10 09:31:45.743 27561 27576 I Gmail   : MainSyncRequestProto: lowestBkwdConvoId: 0, highestHandledServerOp: 3304090, normalSync: true
07-10 09:31:45.747 27561 27576 I Gmail   : lowestBackward conversation id 0
07-10 09:31:45.762 27561 27576 W Gmail   : Scheduling index for 300000 ms from now
07-10 09:31:45.794 27561 27576 I Gmail   : Sending notification intent: Intent { act=android.intent.action.PROVIDER_CHANGED dat=content://gmail-ls/unread/^i (has extras) }
07-10 09:31:45.872 27561 27584 W Gmail   : Showing notification with unreadCount of 5 and unseenCount of 5
07-10 09:31:45.962   144  9084 I ActivityManager: No longer want com.google.android.apps.maps:NetworkLocationService (pid 25762): hidden #16
07-10 09:31:46.071   144   403 W ActivityManager: Scheduling restart of crashed service com.google.android.apps.maps/com.google.android.location.internal.server.NetworkLocationService in 5000ms
07-10 09:31:46.079   214   214 D dalvikvm: GC_FOR_ALLOC freed 254K, 33% free 9839K/14663K, paused 26ms
07-10 09:31:46.157   214   216 D dalvikvm: GC_CONCURRENT freed 342K, 33% free 9950K/14663K, paused 2ms+3ms
07-10 09:31:46.356   214   216 D dalvikvm: GC_CONCURRENT freed 358K, 32% free 9999K/14663K, paused 2ms+3ms
07-10 09:31:51.157   144   161 I ActivityManager: Start proc com.google.android.apps.maps:NetworkLocationService for service com.google.android.apps.maps/com.google.android.location.internal.server.NetworkLocationService: pid=27588 uid=10056 gids={3003, 1015}
07-10 09:31:51.333 27588 27590 D dalvikvm: GC_CONCURRENT freed 156K, 3% free 9380K/9607K, paused 2ms+2ms
07-10 09:31:51.876   144   156 D dalvikvm: GC_EXPLICIT freed 557K, 21% free 16836K/21255K, paused 4ms+7ms
07-10 09:31:51.876 27588 27590 D dalvikvm: GC_CONCURRENT freed 154K, 3% free 9681K/9927K, paused 2ms+2ms
07-10 09:31:52.133 27588 27590 D dalvikvm: GC_CONCURRENT freed 170K, 3% free 10070K/10311K, paused 2ms+3ms
07-10 09:31:52.317 27588 27590 D dalvikvm: GC_CONCURRENT freed 667K, 8% free 9887K/10631K, paused 2ms+2ms
07-10 09:31:52.446   144   161 I ActivityManager: Start proc com.google.android.apps.maps:FriendService for broadcast com.google.android.apps.maps/com.google.googlenav.friend.android.ServiceReceiver: pid=27609 uid=10056 gids={3003, 1015}
07-10 09:31:52.575 27609 27613 D dalvikvm: GC_CONCURRENT freed 158K, 3% free 9378K/9607K, paused 2ms+2ms
07-10 09:31:52.731 27609 27613 D dalvikvm: GC_CONCURRENT freed 194K, 4% free 9677K/9991K, paused 2ms+2ms
07-10 09:31:52.848   144  7984 I ActivityManager: No longer want com.android.settings (pid 26640): hidden #16
07-10 09:31:52.930  7656  7659 D dalvikvm: GC_CONCURRENT freed 431K, 9% free 10308K/11271K, paused 1ms+12ms
07-10 09:31:52.973 27588 27595 I dalvikvm: Total arena pages for JIT: 11
07-10 09:31:52.981 27588 27595 I dalvikvm: Total arena pages for JIT: 12
07-10 09:31:52.981 27588 27595 I dalvikvm: Total arena pages for JIT: 13
07-10 09:31:52.981 27588 27595 I dalvikvm: Total arena pages for JIT: 14
07-10 09:31:52.981 27588 27595 I dalvikvm: Total arena pages for JIT: 15
07-10 09:31:52.985 27588 27595 I dalvikvm: Total arena pages for JIT: 16
07-10 09:31:52.985 27588 27595 I dalvikvm: Total arena pages for JIT: 17
07-10 09:31:53.063 27588 27595 I dalvikvm: Total arena pages for JIT: 18
07-10 09:31:53.176 27588 27590 D dalvikvm: GC_CONCURRENT freed 209K, 5% free 10179K/10631K, paused 2ms+3ms
07-10 09:31:53.626 27588 27590 D dalvikvm: GC_CONCURRENT freed 410K, 5% free 10300K/10823K, paused 2ms+3ms
07-10 09:31:54.778 27588 27590 D dalvikvm: GC_CONCURRENT freed 419K, 5% free 10296K/10823K, paused 2ms+5ms
07-10 09:32:38.727 26654 26667 I PhoneLab-: Service Running
07-10 09:32:38.844 26654 26667 I PhoneLab-LoggerService: app_37    1373  1     1440   1000  c00f181c 400107b4 S logcat
07-10 09:32:38.844 26654 26667 I PhoneLab-LoggerService: Logcat pid from database 1373
07-10 09:32:38.844 26654 26667 I PhoneLab-LoggerService: Logcat process found 1373
07-10 09:32:38.844 26654 26667 I PhoneLab-LoggerService: Checking Threshold
07-10 09:32:55.215  7656  7659 D dalvikvm: GC_CONCURRENT freed 466K, 9% free 10353K/11271K, paused 2ms+3ms
07-10 09:33:23.848 26603 26604 D dalvikvm: GC_CONCURRENT freed 801K, 8% free 10463K/11335K, paused 15ms+7ms
07-10 09:33:55.294 27588 27590 D dalvikvm: GC_CONCURRENT freed 497K, 6% free 10312K/10887K, paused 2ms+3ms
07-10 09:33:55.368  5714  5725 D dalvikvm: GC_EXPLICIT freed 339K, 7% free 10829K/11591K, paused 2ms+6ms
07-10 09:33:55.419   144   380 I ActivityManager: START {act=android.intent.action.VIEW dat=content://gmail-ls/account/lokeshmandvekar@gmail.com/label/^i typ=application/gmail-ls flg=0x10008000 cmp=com.google.android.gm/.ConversationListActivityGmail bnds=[96,119][480,215] (has extras)} from pid -1
07-10 09:33:55.434  7656 27651 D dalvikvm: GC_EXPLICIT freed 191K, 9% free 10281K/11271K, paused 2ms+22ms
07-10 09:33:55.465   144   326 W KeyguardViewMediator: verifyUnlock called when not externally disabled
07-10 09:33:55.590 26603 26603 D OpenGLRenderer: Flushing caches (mode 1)
07-10 09:33:55.821   214   216 D dalvikvm: GC_CONCURRENT freed 547K, 33% free 9902K/14663K, paused 2ms+10ms
07-10 09:33:55.844 26603 26603 D OpenGLRenderer: Flushing caches (mode 0)
07-10 09:33:55.872 27561 27564 D dalvikvm: GC_CONCURRENT freed 297K, 4% free 9735K/10119K, paused 4ms+5ms
07-10 09:33:56.005   144   160 I Process : Sending signal. PID: 27561 SIG: 3
07-10 09:33:56.005 27561 27566 I dalvikvm: threadid=3: reacting to signal 3
07-10 09:33:56.051 27561 27566 I dalvikvm: Wrote stack traces to '/data/anr/traces.txt'
07-10 09:33:56.278 27561 27561 D libEGL  : loaded /system/lib/egl/libGLES_android.so
07-10 09:33:56.286 27561 27561 D libEGL  : loaded /vendor/lib/egl/libEGL_POWERVR_SGX540_120.so
07-10 09:33:56.305 27561 27561 D libEGL  : loaded /vendor/lib/egl/libGLESv1_CM_POWERVR_SGX540_120.so
07-10 09:33:56.305 27561 27561 D libEGL  : loaded /vendor/lib/egl/libGLESv2_POWERVR_SGX540_120.so
07-10 09:33:56.352 27561 27561 D OpenGLRenderer: Enabling debug mode 0
07-10 09:33:56.536   144   160 I Process : Sending signal. PID: 27561 SIG: 3
07-10 09:33:56.536 27561 27566 I dalvikvm: threadid=3: reacting to signal 3
07-10 09:33:56.559 27561 27566 I dalvikvm: Wrote stack traces to '/data/anr/traces.txt'
07-10 09:33:56.563   144   174 I ActivityManager: Displayed com.google.android.gm/.ConversationListActivityGmail: +1s59ms
07-10 09:33:56.602 26603 26603 D vclib:CallStateClient: stopListening
07-10 09:33:56.727 27561 27564 D dalvikvm: GC_CONCURRENT freed 194K, 3% free 10035K/10311K, paused 11ms+4ms
07-10 09:33:58.540 27561 27564 D dalvikvm: GC_CONCURRENT freed 291K, 4% free 10186K/10567K, paused 2ms+3ms
07-10 09:33:58.618 27561 27660 I Gmail   : Sending notification intent: Intent { act=android.intent.action.PROVIDER_CHANGED dat=content://gmail-ls/unread/^i (has extras) }
07-10 09:34:38.723 26654 26667 I PhoneLab-: Service Running
07-10 09:34:38.805 26654 26657 D dalvikvm: GC_CONCURRENT freed 432K, 6% free 9116K/9671K, paused 2ms+4ms
07-10 09:34:38.821 26654 26667 I PhoneLab-LoggerService: app_37    1373  1     1440   1000  c00f181c 400107b4 S logcat
07-10 09:34:38.821 26654 26667 I PhoneLab-LoggerService: Logcat pid from database 1373
07-10 09:34:38.821 26654 26667 I PhoneLab-LoggerService: Logcat process found 1373
07-10 09:34:38.821 26654 26667 I PhoneLab-LoggerService: Checking Threshold
07-10 09:34:55.352  7656  7659 D dalvikvm: GC_CONCURRENT freed 444K, 9% free 10345K/11271K, paused 2ms+3ms
07-10 09:35:55.395 27588 27590 D dalvikvm: GC_CONCURRENT freed 553K, 6% free 10319K/10951K, paused 1ms+3ms
07-10 09:35:55.516  7656  7659 D dalvikvm: GC_CONCURRENT freed 432K, 9% free 10327K/11271K, paused 2ms+2ms
07-10 09:36:10.516   144   403 D dalvikvm: GC_EXPLICIT freed 1754K, 21% free 16889K/21255K, paused 36ms+8ms
07-10 09:36:38.719 26654 26667 I PhoneLab-: Service Running
07-10 09:36:38.790 26654 26667 I PhoneLab-LoggerService: app_37    1373  1     1440   1000  c00f181c 400107b4 S logcat
07-10 09:36:38.790 26654 26667 I PhoneLab-LoggerService: Logcat pid from database 1373
07-10 09:36:38.790 26654 26667 I PhoneLab-LoggerService: Logcat process found 1373
07-10 09:36:38.790 26654 26667 I PhoneLab-LoggerService: Checking Threshold
07-10 09:37:14.688 26854 26856 D dalvikvm: GC_CONCURRENT freed 669K, 7% free 11559K/12359K, paused 2ms+4ms
07-10 09:37:19.821 16301 16303 D dalvikvm: GC_CONCURRENT freed 441K, 7% free 9740K/10439K, paused 4ms+4ms
07-10 09:37:55.446 27588 27590 D dalvikvm: GC_CONCURRENT freed 508K, 6% free 10323K/10951K, paused 2ms+3ms
07-10 09:37:55.583  7656  7659 D dalvikvm: GC_CONCURRENT freed 470K, 9% free 10367K/11271K, paused 5ms+4ms
07-10 09:38:38.723 26654 26667 I PhoneLab-: Service Running
07-10 09:38:38.790 26654 26667 I PhoneLab-LoggerService: app_37    1373  1     1440   1000  c00f181c 400107b4 S logcat
07-10 09:38:38.794 26654 26667 I PhoneLab-LoggerService: Logcat pid from database 1373
07-10 09:38:38.794 26654 26667 I PhoneLab-LoggerService: Logcat process found 1373
07-10 09:38:38.794 26654 26667 I PhoneLab-LoggerService: Checking Threshold
07-10 09:38:54.149   144   161 I ActivityManager: No longer want com.whatsapp (pid 20203): hidden #16
07-10 09:38:54.176   144   326 W ActivityManager: Scheduling restart of crashed service com.whatsapp/.messaging.MessageService in 5000ms
07-10 09:38:54.180   144   376 I WindowManager: WIN DEATH: Window{41689730 com.whatsapp/com.whatsapp.Conversation paused=false}
07-10 09:38:54.184   144  9084 I WindowManager: WIN DEATH: Window{4176a490 com.whatsapp/com.whatsapp.Conversations paused=false}
07-10 09:38:55.594  7656  7659 D dalvikvm: GC_CONCURRENT freed 464K, 9% free 10322K/11271K, paused 2ms+3ms
07-10 09:38:55.762  7656  7659 D dalvikvm: GC_CONCURRENT freed 263K, 7% free 10537K/11271K, paused 2ms+2ms
07-10 09:38:59.200   144   161 I ActivityManager: Start proc com.whatsapp for service com.whatsapp/.messaging.MessageService: pid=27682 uid=10068 gids={1015, 3003}
07-10 09:38:59.204 27682 27682 I dalvikvm: Turning on JNI app bug workarounds for target SDK version 7...
07-10 09:38:59.465 27682 27683 D dalvikvm: GC_CONCURRENT freed 164K, 3% free 9355K/9607K, paused 2ms+2ms
07-10 09:38:59.708 27682 27683 D dalvikvm: GC_CONCURRENT freed 277K, 5% free 9591K/9991K, paused 2ms+3ms
07-10 09:39:00.036 27682 27682 I dalvikvm: Could not find method android.media.MediaMetadataRetriever.captureFrame, referenced from method com.whatsapp.q3.a
07-10 09:39:00.036 27682 27682 W dalvikvm: VFY: unable to resolve virtual method 502: Landroid/media/MediaMetadataRetriever;.captureFrame ()Landroid/graphics/Bitmap;
07-10 09:39:00.036 27682 27682 D dalvikvm: VFY: replacing opcode 0x6e at 0x0134
07-10 09:39:00.231 27682 27683 D dalvikvm: GC_CONCURRENT freed 267K, 4% free 9813K/10183K, paused 2ms+3ms
07-10 09:39:00.348 27682 27683 D dalvikvm: GC_CONCURRENT freed 347K, 5% free 9971K/10439K, paused 2ms+3ms
07-10 09:39:02.426 27682 27683 D dalvikvm: GC_CONCURRENT freed 281K, 4% free 10151K/10567K, paused 53ms+4ms
07-10 09:39:04.173 27561 27568 D dalvikvm: null clazz in OP_INSTANCE_OF, single-stepping
07-10 09:39:15.989 27561 27564 D dalvikvm: GC_CONCURRENT freed 357K, 5% free 10336K/10823K, paused 9ms+6ms
07-10 09:39:16.258 27561 27564 D dalvikvm: GC_CONCURRENT freed 491K, 6% free 10320K/10887K, paused 2ms+4ms
07-10 09:39:16.579 27561 27712 I Gmail   : MainSyncRequestProto: lowestBkwdConvoId: 0, highestHandledServerOp: 3304090, normalSync: true
07-10 09:39:16.844 27561 27564 D dalvikvm: GC_CONCURRENT freed 385K, 5% free 10405K/10951K, paused 5ms+3ms
07-10 09:39:18.262 27561 27564 D dalvikvm: GC_CONCURRENT freed 445K, 6% free 10398K/10951K, paused 5ms+5ms
07-10 09:39:18.934 27561 27564 D dalvikvm: GC_CONCURRENT freed 504K, 6% free 10446K/11015K, paused 1ms+3ms
07-10 09:39:19.313 27561 27712 D dalvikvm: GC_EXPLICIT freed 149K, 7% free 10342K/11015K, paused 3ms+8ms
07-10 09:39:19.348 26603 26603 D vclib:CallStateClient: startListening
07-10 09:39:19.411 26603 27717 E talk    : [Databaseutils] pruneOldMessageHistory
07-10 09:39:19.423   144   155 W InputManagerService: Starting input on non-focused client com.android.internal.view.IInputMethodClient$Stub$Proxy@4162e1c8 (uid=10075 pid=27561)
07-10 09:39:19.462 27561 27561 D OpenGLRenderer: Flushing caches (mode 0)
07-10 09:39:19.540 27561 27712 I Gmail   : MainSyncRequestProto: lowestBkwdConvoId: 0, highestHandledServerOp: 3304150, normalSync: true
07-10 09:39:19.575 27561 27712 I Gmail   : lowestBackward conversation id 0
07-10 09:39:19.583 27561 27712 W Gmail   : Scheduling index for 300000 ms from now
07-10 09:39:19.798 26603 26603 D OpenGLRenderer: Flushing caches (mode 0)
07-10 09:39:19.821   144   326 I ActivityManager: No longer want com.google.android.maps.mytracks (pid 27363): hidden #16
07-10 09:39:19.825   320   324 D dalvikvm: GC_CONCURRENT freed 459K, 20% free 10035K/12487K, paused 2ms+5ms
07-10 09:39:19.829   144   326 I ActivityManager: No longer want android.process.media (pid 25405): hidden #16
07-10 09:39:19.880 27561 27561 D OpenGLRenderer: Flushing caches (mode 1)
07-10 09:39:19.887 26603 26603 D OpenGLRenderer: Flushing caches (mode 1)
07-10 09:39:19.923 26603 26603 D vclib:CallStateClient: stopListening
07-10 09:39:20.012 27561 27715 I Gmail   : MainSyncRequestProto: lowestBkwdConvoId: 0, highestHandledServerOp: 3304150, normalSync: true
07-10 09:39:20.809 27561 27564 D dalvikvm: GC_CONCURRENT freed 379K, 6% free 10401K/11015K, paused 67ms+3ms
07-10 09:39:21.329   144  9303 D dalvikvm: GC_EXPLICIT freed 1333K, 21% free 16850K/21255K, paused 2ms+8ms
07-10 09:39:21.426 27561 27564 D dalvikvm: GC_CONCURRENT freed 443K, 6% free 10387K/11015K, paused 3ms+3ms
07-10 09:39:22.239   144   171 I power   : *** set_screen_state 0
07-10 09:39:22.298    78   120 D SurfaceFlinger: About to give-up screen, flinger = 0x5b4918
07-10 09:39:22.723   144   175 V TransportControlView: Create TCV com.android.internal.widget.TransportControlView@4132a9b8
07-10 09:39:22.758   214   214 D PhoneStatusBar: disable: < expand icons alerts ticker system_info back home RECENT* clock >
07-10 09:39:22.798   214   214 D PhoneStatusBar: disable: < expand icons alerts ticker system_info BACK* HOME* RECENT CLOCK* >
07-10 09:39:22.844 27561 27715 D dalvikvm: GC_EXPLICIT freed 183K, 7% free 10315K/11015K, paused 3ms+3ms
07-10 09:39:22.848 27561 27715 I Gmail   : MainSyncRequestProto: lowestBkwdConvoId: 0, highestHandledServerOp: 3304164, normalSync: true
07-10 09:39:22.852 27561 27715 I Gmail   : lowestBackward conversation id 0
07-10 09:39:22.860 27561 27715 W Gmail   : Scheduling index for 300000 ms from now
07-10 09:39:32.559   344   344 D SAN_SERVICE: *******************************************
07-10 09:39:32.559   344   344 D SAN_SERVICE: DM App Phone Service State - 0
07-10 09:39:32.559   344   344 D SAN_SERVICE: *******************************************
07-10 09:39:32.618   144   402 D AlarmManagerService: Kernel timezone updated to 240 minutes west of GMT
07-10 09:39:32.782 27588 27590 D dalvikvm: GC_CONCURRENT freed 411K, 5% free 10407K/10951K, paused 2ms+3ms
07-10 09:39:34.669   144  7984 D AlarmManagerService: Kernel timezone updated to 240 minutes west of GMT
07-10 09:39:34.680   344   344 D SAN_SERVICE: *******************************************
07-10 09:39:34.680   344   344 D SAN_SERVICE: DM App Phone Service State - 0
07-10 09:39:34.680   344   344 D SAN_SERVICE: *******************************************
07-10 09:39:37.641   144  7984 D AlarmManagerService: Kernel timezone updated to 240 minutes west of GMT
07-10 09:39:38.200   344   344 D SAN_SERVICE: *******************************************
07-10 09:39:38.200   344   344 D SAN_SERVICE: DM App Phone Service State - 0
07-10 09:39:38.200   344   344 D SAN_SERVICE: *******************************************
07-10 09:39:38.715   344   344 D SAN_SERVICE: *******************************************
07-10 09:39:38.715   344   344 D SAN_SERVICE: DM App Phone Service State - 0
07-10 09:39:38.715   344   344 D SAN_SERVICE: *******************************************
07-10 09:39:39.559 27588 27590 D dalvikvm: GC_CONCURRENT freed 341K, 5% free 10564K/11015K, paused 2ms+2ms
07-10 09:39:39.614 27588 27723 D dalvikvm: GC_FOR_ALLOC freed 267K, 6% free 10568K/11207K, paused 20ms
07-10 09:39:39.669 27588 27724 D dalvikvm: GC_FOR_ALLOC freed 324K, 6% free 10544K/11207K, paused 20ms
07-10 09:39:39.704 27588 27724 D dalvikvm: GC_FOR_ALLOC freed 90K, 6% free 10646K/11207K, paused 19ms
07-10 09:39:39.704 27588 27724 I dalvikvm-heap: Grow heap (frag case) to 10.530MB for 68152-byte allocation
07-10 09:39:39.731 27588 27723 D dalvikvm: GC_FOR_ALLOC freed <1K, 6% free 10712K/11335K, paused 19ms
07-10 09:39:39.805 27588 27606 D dalvikvm: GC_FOR_ALLOC freed 429K, 7% free 10654K/11399K, paused 20ms
07-10 09:39:39.852 27588 27606 D dalvikvm: GC_FOR_ALLOC freed 377K, 7% free 10685K/11399K, paused 20ms
07-10 09:39:39.887 27588 27724 D dalvikvm: GC_FOR_ALLOC freed 219K, 6% free 10747K/11399K, paused 20ms
07-10 09:39:39.891 27588 27724 I dalvikvm-heap: Grow heap (frag case) to 10.628MB for 67906-byte allocation
07-10 09:39:39.919 27588 27723 D dalvikvm: GC_FOR_ALLOC freed <1K, 7% free 10812K/11527K, paused 19ms
07-10 09:39:39.989 27588 27605 D dalvikvm: GC_FOR_ALLOC freed 322K, 7% free 10799K/11527K, paused 21ms
07-10 09:39:40.040 27588 27723 D dalvikvm: GC_FOR_ALLOC freed 346K, 6% free 10846K/11527K, paused 21ms
07-10 09:39:40.153 27588 27590 D dalvikvm: GC_CONCURRENT freed 394K, 5% free 10999K/11527K, paused 2ms+7ms
07-10 09:39:40.227 27588 27590 D dalvikvm: GC_CONCURRENT freed 782K, 8% free 10908K/11783K, paused 2ms+3ms
07-10 09:39:40.333 27588 27590 D dalvikvm: GC_CONCURRENT freed 421K, 6% free 11116K/11783K, paused 2ms+4ms
07-10 09:39:40.383   344   344 D SAN_SERVICE: *******************************************
07-10 09:39:40.383   344   344 D SAN_SERVICE: DM App Phone Service State - 0
07-10 09:39:40.383   344   344 D SAN_SERVICE: *******************************************
07-10 09:39:40.458 27588 27590 D dalvikvm: GC_CONCURRENT freed 703K, 7% free 11126K/11911K, paused 2ms+2ms
07-10 09:39:40.559   344   344 D SAN_SERVICE: *******************************************
07-10 09:39:40.559   344   344 D SAN_SERVICE: DM App Phone Service State - 0
07-10 09:39:40.559   344   344 D SAN_SERVICE: *******************************************
07-10 09:39:40.563 27588 27590 D dalvikvm: GC_CONCURRENT freed 502K, 5% free 11320K/11911K, paused 2ms+3ms
07-10 09:39:40.622 27588 27723 D dalvikvm: GC_FOR_ALLOC freed 819K, 9% free 11153K/12167K, paused 22ms
07-10 09:39:40.630   144   400 D AlarmManagerService: Kernel timezone updated to 240 minutes west of GMT
07-10 09:39:40.719 27588 27590 D dalvikvm: GC_CONCURRENT freed 394K, 6% free 11467K/12167K, paused 2ms+4ms
07-10 09:39:40.825 27588 27590 D dalvikvm: GC_CONCURRENT freed 771K, 7% free 11507K/12359K, paused 2ms+3ms
07-10 09:39:40.919 27588 27590 D dalvikvm: GC_CONCURRENT freed 861K, 8% free 11465K/12423K, paused 1ms+3ms
07-10 09:39:41.024 27588 27590 D dalvikvm: GC_CONCURRENT freed 534K, 6% free 11732K/12423K, paused 2ms+3ms
07-10 09:39:41.126 27588 27590 D dalvikvm: GC_CONCURRENT freed 791K, 7% free 11861K/12743K, paused 2ms+2ms
07-10 09:39:41.204 27588 27723 D dalvikvm: GC_FOR_ALLOC freed 872K, 8% free 11862K/12871K, paused 28ms
07-10 09:39:41.301 27588 27590 D dalvikvm: GC_CONCURRENT freed 795K, 7% free 12049K/12935K, paused 2ms+3ms
07-10 09:39:41.512 27588 27724 D dalvikvm: GC_FOR_ALLOC freed 891K, 8% free 12098K/13127K, paused 27ms
07-10 09:39:41.856 27588 27607 D dalvikvm: GC_FOR_ALLOC freed 1069K, 10% free 11964K/13255K, paused 32ms
07-10 09:39:42.380 27588 27590 D dalvikvm: GC_CONCURRENT freed 985K, 10% free 11940K/13255K, paused 13ms+2ms
07-10 09:39:42.590 27588 27590 D dalvikvm: GC_CONCURRENT freed 935K, 11% free 11884K/13255K, paused 2ms+2ms
07-10 09:39:42.899 27588 27590 D dalvikvm: GC_CONCURRENT freed 1065K, 12% free 11736K/13255K, paused 2ms+3ms
07-10 09:39:43.403 27588 27590 D dalvikvm: GC_CONCURRENT freed 991K, 13% free 11646K/13255K, paused 2ms+2ms
07-10 09:39:43.653 27588 27590 D dalvikvm: GC_CONCURRENT freed 770K, 12% free 11705K/13255K, paused 2ms+3ms
07-10 09:39:43.919 27588 27590 D dalvikvm: GC_CONCURRENT freed 1145K, 14% free 11423K/13255K, paused 1ms+3ms
07-10 09:39:44.235 27588 27590 D dalvikvm: GC_CONCURRENT freed 864K, 15% free 11322K/13255K, paused 23ms+2ms
07-10 09:39:44.473 27588 27590 D dalvikvm: GC_CONCURRENT freed 738K, 16% free 11243K/13255K, paused 2ms+3ms
07-10 09:39:44.727 27588 27590 D dalvikvm: GC_CONCURRENT freed 737K, 16% free 11180K/13255K, paused 1ms+3ms
07-10 09:39:44.977 27588 27590 D dalvikvm: GC_CONCURRENT freed 751K, 17% free 11081K/13255K, paused 2ms+3ms
07-10 09:39:45.188 27588 27590 D dalvikvm: GC_CONCURRENT freed 732K, 17% free 11013K/13255K, paused 2ms+3ms
07-10 09:39:45.481 27588 27590 D dalvikvm: GC_CONCURRENT freed 680K, 18% free 10921K/13255K, paused 1ms+2ms
07-10 09:39:45.743 27588 27590 D dalvikvm: GC_CONCURRENT freed 665K, 19% free 10846K/13255K, paused 2ms+3ms
07-10 09:39:45.981 27588 27590 D dalvikvm: GC_CONCURRENT freed 638K, 19% free 10811K/13255K, paused 2ms+2ms
07-10 09:39:46.192 27588 27590 D dalvikvm: GC_CONCURRENT freed 472K, 19% free 10845K/13255K, paused 2ms+3ms
07-10 09:39:46.426 27588 27590 D dalvikvm: GC_CONCURRENT freed 683K, 19% free 10742K/13255K, paused 1ms+3ms
07-10 09:39:46.583 27561 27725 I Gmail   : MainSyncRequestProto: lowestBkwdConvoId: 0, highestHandledServerOp: 3304164, normalSync: true
07-10 09:39:46.587 27561 27725 I Gmail   : lowestBackward conversation id 0
07-10 09:39:46.594 27561 27725 W Gmail   : Scheduling index for 300000 ms from now
07-10 09:39:55.571 27588 27590 D dalvikvm: GC_CONCURRENT freed 640K, 21% free 10587K/13255K, paused 2ms+3ms
07-10 09:39:55.626  7656  7659 D dalvikvm: GC_CONCURRENT freed 706K, 9% free 10339K/11271K, paused 2ms+3ms
07-10 09:40:10.958 23397 23400 D dalvikvm: GC_CONCURRENT freed 526K, 6% free 10963K/11591K, paused 22ms+3ms
07-10 09:40:38.723 26654 26667 I PhoneLab-: Service Running
07-10 09:40:38.801 26654 26667 I PhoneLab-LoggerService: app_37    1373  1     1440   1000  c00f181c 400107b4 S logcat
07-10 09:40:38.805 26654 26667 I PhoneLab-LoggerService: Logcat pid from database 1373
07-10 09:40:38.805 26654 26667 I PhoneLab-LoggerService: Logcat process found 1373
07-10 09:40:38.805 26654 26667 I PhoneLab-LoggerService: Checking Threshold
07-10 09:40:48.430   144   200 D ConnectivityService: ConnectivityChange for mobile: CONNECTED/CONNECTED
07-10 09:40:48.454   144   200 D NetUtils: android_net_utils_resetConnections in env=0x13390c8 clazz=0x8c00001 iface=rmnet0 mask=0x3
07-10 09:40:48.454   144   200 D ConnectivityService: ConnectivityChange for mobile: DISCONNECTED/DISCONNECTED
07-10 09:40:48.454   144   200 D ConnectivityService: Attempting to switch to WIFI
07-10 09:40:48.454   144   200 D ConnectivityService: Attempting to switch to WIMAX
07-10 09:40:48.454   144   200 D ConnectivityService: Attempting to switch to BLUETOOTH_TETHER
07-10 09:40:48.454   144   200 D ConnectivityService: resetConnections(rmnet0, 3)
07-10 09:40:48.567   344   347 D dalvikvm: GC_CONCURRENT freed 839K, 14% free 11788K/13639K, paused 2ms+7ms
07-10 09:40:48.684   144   147 D dalvikvm: GC_CONCURRENT freed 1040K, 17% free 17770K/21255K, paused 2ms+9ms
07-10 09:40:51.481   144   204 D Tethering: MasterInitialState.processMessage what=3
07-10 09:40:51.520   144   161 I ActivityManager: Start proc android.process.media for broadcast com.android.providers.downloads/.DownloadReceiver: pid=27732 uid=10012 gids={1015, 1023, 1024, 2001, 3003, 3007}
07-10 09:40:51.567 27732 27732 I ActivityThread: Pub downloads: com.android.providers.downloads.DownloadProvider
07-10 09:40:51.587 27732 27732 I ActivityThread: Pub drm: com.android.providers.drm.DrmProvider
07-10 09:40:51.594 27732 27745 I DownloadManager: in removeSpuriousFiles
07-10 09:40:51.602 27732 27732 I ActivityThread: Pub media: com.android.providers.media.MediaProvider
07-10 09:40:51.618   144   204 D Tethering: MasterInitialState.processMessage what=3
07-10 09:40:51.645 27732 27745 I DownloadManager: in removeSpuriousFiles, preserving file /data/data/com.android.providers.downloads/cache/metadata.json
07-10 09:40:51.645 27732 27745 I DownloadManager: in removeSpuriousFiles, preserving file /data/data/com.android.providers.downloads/cache/en_general.htm
07-10 09:40:51.645 27732 27745 I DownloadManager: in removeSpuriousFiles, preserving file /mnt/sdcard/Download/img-thing.jpeg
07-10 09:40:51.649 27732 27745 I DownloadManager: in removeSpuriousFiles, preserving file /data/data/com.android.providers.downloads/cache/metadata-1.json
07-10 09:40:51.649 27732 27745 I DownloadManager: in removeSpuriousFiles, preserving file /data/data/com.android.providers.downloads/cache/downloadfile.jpeg
07-10 09:40:51.649 27732 27745 I DownloadManager: in removeSpuriousFiles, preserving file /data/data/com.android.providers.downloads/cache/metadata-2.json
07-10 09:40:51.649 27732 27745 I DownloadManager: in removeSpuriousFiles, preserving file /data/data/com.android.providers.downloads/cache/metadata-3.json
07-10 09:40:51.649 27732 27745 I DownloadManager: in removeSpuriousFiles, preserving file /data/data/com.android.providers.downloads/cache/downloadfile-1.jpeg
07-10 09:40:51.649 27732 27745 I DownloadManager: in removeSpuriousFiles, preserving file /data/data/com.android.providers.downloads/cache/downloadfile-2.jpeg
07-10 09:40:51.649 27732 27745 I DownloadManager: in removeSpuriousFiles, preserving file /data/data/com.android.providers.downloads/cache/metadata-4.json
07-10 09:40:51.649 27732 27745 I DownloadManager: deleting spurious file /cache/backup
07-10 09:40:52.075 27732 27735 D dalvikvm: GC_CONCURRENT freed 368K, 5% free 9167K/9607K, paused 13ms+2ms
07-10 09:40:52.079   144   200 D ConnectivityService: handleInetConditionHoldEnd: net=1, condition=100, published condition=100
07-10 09:40:52.180   144  9084 I ActivityManager: No longer want edu.buffalo.cse.phonelab.phonelabservices (pid 26654): hidden #16
07-10 09:40:52.184   144   402 W ActivityManager: Scheduling restart of crashed service edu.buffalo.cse.phonelab.phonelabservices/edu.buffalo.cse.phonelab.datalogger.LoggerService in 5000ms
07-10 09:40:52.235 26694 26694 I MediaUploader: No need to wake up
07-10 09:40:52.247   144   156 I ActivityManager: Start proc edu.buffalo.cse.phonelab.phonelabservices for broadcast edu.buffalo.cse.phonelab.phonelabservices/edu.buffalo.cse.phonelab.receivers.WiFiReceiver: pid=27749 uid=10037 gids={3003, 1015, 1007, 2001}
07-10 09:40:52.325   144  9303 I ActivityManager: No longer want com.google.android.apps.plus (pid 26710): hidden #16
07-10 09:40:52.368   144   400 D AlarmManagerService: Kernel timezone updated to 240 minutes west of GMT
07-10 09:40:52.407   144   161 I ActivityManager: Start proc com.google.android.apps.plus for broadcast com.google.android.apps.plus/.iu.ConnectivityReceiver: pid=27762 uid=10060 gids={3003, 3002, 1015, 1006}
07-10 09:40:52.423   344   344 D SystemClock: Setting time of day to sec=1341927652
07-10 09:40:52.346 27762 27765 D dalvikvm: GC_CONCURRENT freed 163K, 3% free 9373K/9607K, paused 2ms+2ms
07-10 09:40:52.479 27762 27762 I ActivityThread: Pub com.google.android.apps.plus.content.ApiProvider: com.google.android.apps.plus.content.EsApiProvider
07-10 09:40:52.514 27762 27762 I ActivityThread: Pub com.google.android.apps.plus.content.EsGooglePhotoProvider: com.google.android.picasasync.PicasaContentProvider
07-10 09:40:52.639 27762 27765 D dalvikvm: GC_CONCURRENT freed 336K, 5% free 9580K/9991K, paused 2ms+2ms
07-10 09:40:52.663 27762 27762 I ActivityThread: Pub com.google.android.apps.plus.content.EsPicasaStoreProvider: com.google.android.picasastore.PicasaPhotoContentProvider
07-10 09:40:52.671 27762 27762 I ActivityThread: Pub com.google.plus.platform: com.google.android.apps.plus.content.AdsProvider
07-10 09:40:52.671 27762 27762 I ActivityThread: Pub com.google.android.apps.plus.iu.EsGoogleIuProvider: com.google.android.apps.plus.iu.InstantUploadProvider
07-10 09:40:52.733 27762 27765 D dalvikvm: GC_CONCURRENT freed 499K, 6% free 9610K/10183K, paused 1ms+2ms
07-10 09:40:52.741 27762 27762 I ActivityThread: Pub com.google.android.apps.plus.content.EsProvider: com.google.android.apps.plus.content.EsProvider
07-10 09:40:52.784 27762 27776 D PicasaPhotoCP: set fsid first time:-1
07-10 09:40:52.831 25687 25687 W ContextScopeImpl: thread=1 tried to enter the scope of the application context. Ignored.
07-10 09:40:52.889 26694 26694 I MediaUploader: No need to wake up
07-10 09:40:52.964 27762 27765 D dalvikvm: GC_CONCURRENT freed 297K, 5% free 9830K/10247K, paused 1ms+3ms
07-10 09:40:53.038 25687 25687 W ContextScopeImpl: thread=1 tried to enter the scope of the application context. Ignored.
07-10 09:40:53.104 27028 27053 V AlarmClock: AlarmInitReceiver finished
07-10 09:40:53.143  5714  5717 D dalvikvm: GC_CONCURRENT freed 492K, 7% free 10842K/11591K, paused 5ms+5ms
07-10 09:40:53.198 27762 27784 D PicasaSync: sync account database
07-10 09:40:53.210 25687 25690 D dalvikvm: GC_CONCURRENT freed 410K, 5% free 10041K/10567K, paused 16ms+7ms
07-10 09:40:53.284 27762 27784 D PicasaSync: accounts in DB=1
07-10 09:40:53.288 27762 27784 D PicasaSyncManager: active network: NetworkInfo: type: WIFI[], state: CONNECTED/CONNECTED, reason: (unspecified), extra: (none), roaming: false, failover: false, isAvailable: true
07-10 09:40:53.292 27762 27784 D PicasaSyncManager: background data: true
07-10 09:40:53.339 27762 27784 D PicasaSyncManager: battery info: true
07-10 09:40:53.343   144   376 I ActivityManager: No longer want com.android.providers.calendar (pid 27040): hidden #16
07-10 09:40:53.444 27762 27765 D dalvikvm: GC_CONCURRENT freed 197K, 3% free 10084K/10375K, paused 2ms+2ms
07-10 09:40:53.542 27762 27765 D dalvikvm: GC_CONCURRENT freed 150K, 3% free 10360K/10631K, paused 2ms+2ms
07-10 09:40:53.628 27762 27765 D dalvikvm: GC_CONCURRENT freed 307K, 5% free 10484K/10951K, paused 1ms+2ms
07-10 09:40:53.663 27762 27777 D dalvikvm: GC_FOR_ALLOC freed 0K, 5% free 10484K/10951K, paused 21ms
07-10 09:40:53.667 27762 27777 I dalvikvm-heap: Grow heap (frag case) to 10.554MB for 260112-byte allocation
07-10 09:40:53.690 27762 27777 D dalvikvm: GC_FOR_ALLOC freed 126K, 6% free 10612K/11207K, paused 20ms
07-10 09:40:53.718 27762 27777 D dalvikvm: GC_FOR_ALLOC freed 311K, 6% free 10605K/11207K, paused 18ms
07-10 09:40:53.737 27762 27777 D dalvikvm: GC_FOR_ALLOC freed 62K, 5% free 10668K/11207K, paused 18ms
07-10 09:40:53.737 27762 27777 I dalvikvm-heap: Grow heap (frag case) to 10.735MB for 260112-byte allocation
07-10 09:40:53.757 27762 27777 D dalvikvm: GC_FOR_ALLOC freed 126K, 6% free 10796K/11463K, paused 18ms
07-10 09:40:53.780 27762 27777 D dalvikvm: GC_FOR_ALLOC freed 307K, 6% free 10788K/11463K, paused 18ms
07-10 09:40:53.803 27762 27777 D dalvikvm: GC_FOR_ALLOC freed 62K, 6% free 10852K/11463K, paused 19ms
07-10 09:40:53.803 27762 27777 I dalvikvm-heap: Grow heap (frag case) to 10.914MB for 260112-byte allocation
07-10 09:40:53.823 27762 27777 D dalvikvm: GC_FOR_ALLOC freed 126K, 7% free 10980K/11719K, paused 19ms
07-10 09:40:53.979 27762 27765 D dalvikvm: GC_CONCURRENT freed 336K, 5% free 11199K/11719K, paused 2ms+2ms
07-10 09:40:54.116 27762 27765 D dalvikvm: GC_CONCURRENT freed 141K, 3% free 11730K/11975K, paused 1ms+2ms
07-10 09:40:54.268 27762 27765 D dalvikvm: GC_CONCURRENT freed 546K, 6% free 12025K/12679K, paused 2ms+2ms
07-10 09:40:54.440 27762 27765 D dalvikvm: GC_CONCURRENT freed 209K, 3% free 12750K/13063K, paused 2ms+2ms
07-10 09:40:54.819   144   155 D dalvikvm: GC_EXPLICIT freed 1440K, 18% free 17570K/21255K, paused 3ms+7ms
07-10 09:40:55.303  7656  7659 D dalvikvm: GC_CONCURRENT freed 395K, 8% free 10385K/11271K, paused 1ms+3ms
07-10 09:40:55.956  7656  7659 D dalvikvm: GC_CONCURRENT freed 259K, 7% free 10556K/11271K, paused 5ms+3ms
07-10 09:40:56.889 27749 27749 I PhoneLab-LoggerService: Start Logger Service
07-10 09:40:56.917 27749 27793 I PhoneLab-: Service Running
07-10 09:40:56.983 27749 27793 I PhoneLab-LoggerService: app_37    1373  1     1440   1000  c00f181c 400107b4 S logcat
07-10 09:40:56.987 27749 27793 I PhoneLab-LoggerService: Logcat pid from database 1373
07-10 09:40:56.987 27749 27793 I PhoneLab-LoggerService: Logcat process found 1373
07-10 09:40:56.987 27749 27793 I PhoneLab-LoggerService: Checking Threshold
07-10 09:40:57.206   144   161 I ActivityManager: Start proc com.android.providers.calendar for broadcast com.android.providers.calendar/.CalendarProviderBroadcastReceiver: pid=27797 uid=10006 gids={3003, 1015}
07-10 09:40:57.264 27797 27797 I ActivityThread: Pub com.android.calendar: com.android.providers.calendar.CalendarProvider2
07-10 09:40:58.389 27797 27797 I CalendarProvider2: Sending notification intent: Intent { act=android.intent.action.PROVIDER_CHANGED dat=content://com.android.calendar }
07-10 09:40:58.405 27797 27797 W ContentResolver: Failed to get type for: content://com.android.calendar (Unknown URL content://com.android.calendar)
07-10 09:41:55.264 27588 27590 D dalvikvm: GC_CONCURRENT freed 511K, 21% free 10597K/13255K, paused 2ms+2ms
07-10 09:41:55.839   214   216 D dalvikvm: GC_CONCURRENT freed 359K, 33% free 9939K/14663K, paused 2ms+3ms
07-10 09:41:55.889   214   216 D dalvikvm: GC_CONCURRENT freed 664K, 34% free 9740K/14663K, paused 2ms+2ms
07-10 09:41:55.975   214   216 D dalvikvm: GC_CONCURRENT freed 321K, 33% free 9851K/14663K, paused 2ms+3ms
07-10 09:42:17.143 26854 26856 D dalvikvm: GC_CONCURRENT freed 703K, 7% free 11596K/12423K, paused 9ms+4ms
07-10 09:42:55.370  7656  7659 D dalvikvm: GC_CONCURRENT freed 689K, 8% free 10378K/11271K, paused 1ms+3ms
07-10 09:42:56.921 27749 27793 I PhoneLab-: Service Running
07-10 09:42:57.003 27749 27793 I PhoneLab-LoggerService: app_37    1373  1     1440   1000  c00f181c 400107b4 S logcat
07-10 09:42:57.003 27749 27793 I PhoneLab-LoggerService: Logcat pid from database 1373
07-10 09:42:57.003 27749 27793 I PhoneLab-LoggerService: Logcat process found 1373
07-10 09:42:57.003 27749 27793 I PhoneLab-LoggerService: Checking Threshold
07-10 09:42:57.675 27588 27590 D dalvikvm: GC_CONCURRENT freed 393K, 21% free 10602K/13255K, paused 14ms+2ms
07-10 09:43:41.432   144  9303 D AlarmManagerService: Kernel timezone updated to 240 minutes west of GMT
07-10 09:43:43.432   144 10051 D AlarmManagerService: Kernel timezone updated to 240 minutes west of GMT
07-10 09:43:45.690   344   344 D SAN_SERVICE: *******************************************
07-10 09:43:45.690   344   344 D SAN_SERVICE: DM App Phone Service State - 0
07-10 09:43:45.690   344   344 D SAN_SERVICE: *******************************************
07-10 09:43:46.448   344   344 D SAN_SERVICE: *******************************************
07-10 09:43:46.448   344   344 D SAN_SERVICE: DM App Phone Service State - 0
07-10 09:43:46.448   344   344 D SAN_SERVICE: *******************************************
07-10 09:43:48.444   144   326 D AlarmManagerService: Kernel timezone updated to 240 minutes west of GMT
07-10 09:43:48.452   344   344 D SAN_SERVICE: *******************************************
07-10 09:43:48.452   344   344 D SAN_SERVICE: DM App Phone Service State - 0
07-10 09:43:48.452   344   344 D SAN_SERVICE: *******************************************
07-10 09:43:55.421  7656  7659 D dalvikvm: GC_CONCURRENT freed 454K, 9% free 10333K/11271K, paused 2ms+2ms
07-10 09:43:55.999   214   216 D dalvikvm: GC_CONCURRENT freed 358K, 33% free 9918K/14663K, paused 2ms+2ms
07-10 09:43:56.061   214   216 D dalvikvm: GC_CONCURRENT freed 478K, 33% free 9867K/14663K, paused 2ms+3ms
07-10 09:44:40.710   144   380 D AlarmManagerService: Kernel timezone updated to 240 minutes west of GMT
07-10 09:44:49.921   344   344 D SAN_SERVICE: *******************************************
07-10 09:44:49.921   344   344 D SAN_SERVICE: DM App Phone Service State - 0
07-10 09:44:49.921   344   344 D SAN_SERVICE: *******************************************
07-10 09:44:50.190   144   376 D AlarmManagerService: Kernel timezone updated to 240 minutes west of GMT
07-10 09:44:50.218   344   344 D SAN_SERVICE: *******************************************
07-10 09:44:50.218   344   344 D SAN_SERVICE: DM App Phone Service State - 0
07-10 09:44:50.218   344   344 D SAN_SERVICE: *******************************************
07-10 09:44:55.425 27588 27590 D dalvikvm: GC_CONCURRENT freed 513K, 20% free 10616K/13255K, paused 2ms+2ms
07-10 09:44:55.569  7656  7659 D dalvikvm: GC_CONCURRENT freed 352K, 8% free 10394K/11271K, paused 1ms+2ms
07-10 09:44:56.405  7656  7659 D dalvikvm: GC_CONCURRENT freed 231K, 7% free 10560K/11271K, paused 1ms+2ms
07-10 09:44:56.921 27749 27793 I PhoneLab-: Service Running
07-10 09:44:56.987 27749 27793 I PhoneLab-LoggerService: app_37    1373  1     1440   1000  c00f181c 400107b4 S logcat
07-10 09:44:56.987 27749 27793 I PhoneLab-LoggerService: Logcat pid from database 1373
07-10 09:44:56.991 27749 27793 I PhoneLab-LoggerService: Logcat process found 1373
07-10 09:44:56.991 27749 27793 I PhoneLab-LoggerService: Checking Threshold
07-10 09:45:49.245   144 24503 D AlarmManagerService: Kernel timezone updated to 240 minutes west of GMT
07-10 09:46:00.085   214   216 D dalvikvm: GC_CONCURRENT freed 547K, 34% free 9704K/14663K, paused 1ms+2ms
07-10 09:46:55.503 27588 27590 D dalvikvm: GC_CONCURRENT freed 530K, 20% free 10616K/13255K, paused 2ms+3ms
07-10 09:46:55.624  7656  7659 D dalvikvm: GC_CONCURRENT freed 704K, 9% free 10369K/11271K, paused 1ms+3ms
07-10 09:46:56.921 27749 27793 I PhoneLab-: Service Running
07-10 09:46:57.014 27749 27793 I PhoneLab-LoggerService: app_37    1373  1     1440   1000  c00f181c 400107b4 S logcat
07-10 09:46:57.014 27749 27793 I PhoneLab-LoggerService: Logcat pid from database 1373
07-10 09:46:57.014 27749 27793 I PhoneLab-LoggerService: Logcat process found 1373
07-10 09:46:57.014 27749 27793 I PhoneLab-LoggerService: Checking Threshold
07-10 09:47:17.733   144   147 D dalvikvm: JIT code cache reset in 4 ms (1048520 bytes 15/0)
07-10 09:47:17.757   144   147 D dalvikvm: GC_CONCURRENT freed 1697K, 17% free 17797K/21255K, paused 2ms+17ms
07-10 09:47:55.667   144  7984 D dalvikvm: GC_EXPLICIT freed 380K, 18% free 17514K/21255K, paused 2ms+6ms
07-10 09:47:55.737  7656  7659 D dalvikvm: GC_CONCURRENT freed 426K, 9% free 10331K/11271K, paused 2ms+2ms
07-10 09:48:55.624 27588 27590 D dalvikvm: GC_CONCURRENT freed 532K, 20% free 10615K/13255K, paused 2ms+11ms
07-10 09:48:55.721 27561 27859 W Gmail   : Successful index run, cancel next scheduled index run
07-10 09:48:56.921 27749 27793 I PhoneLab-: Service Running
07-10 09:48:56.987 27749 27793 I PhoneLab-LoggerService: app_37    1373  1     1440   1000  c00f181c 400107b4 S logcat
07-10 09:48:56.987 27749 27793 I PhoneLab-LoggerService: Logcat pid from database 1373
07-10 09:48:56.987 27749 27793 I PhoneLab-LoggerService: Logcat process found 1373
07-10 09:48:56.987 27749 27793 I PhoneLab-LoggerService: Checking Threshold
07-10 09:49:18.413   262   262 I wpa_supplicant: wlan0: WPA: Group rekeying completed with d0:c2:82:2d:ea:c1 [GTK=TKIP]
07-10 09:49:55.729  7656  7659 D dalvikvm: GC_CONCURRENT freed 496K, 9% free 10347K/11271K, paused 1ms+3ms
07-10 09:50:55.741 27588 27590 D dalvikvm: GC_CONCURRENT freed 535K, 20% free 10612K/13255K, paused 2ms+3ms
07-10 09:50:56.921 27749 27793 I PhoneLab-: Service Running
07-10 09:50:56.999 27749 27751 D dalvikvm: GC_CONCURRENT freed 386K, 6% free 9104K/9607K, paused 2ms+2ms
07-10 09:50:57.007 27749 27793 I PhoneLab-LoggerService: app_37    1373  1     1440   1000  c00f181c 400107b4 S logcat
07-10 09:50:57.007 27749 27793 I PhoneLab-LoggerService: Logcat pid from database 1373
07-10 09:50:57.007 27749 27793 I PhoneLab-LoggerService: Logcat process found 1373
07-10 09:50:57.007 27749 27793 I PhoneLab-LoggerService: Checking Threshold
07-10 09:51:22.749 27561 27870 I Gmail   : MainSyncRequestProto: lowestBkwdConvoId: 0, highestHandledServerOp: 3304164, normalSync: true
07-10 09:51:23.089 27561 27564 D dalvikvm: GC_CONCURRENT freed 331K, 6% free 10380K/11015K, paused 2ms+6ms
07-10 09:51:23.737 27561 27870 D dalvikvm: GC_EXPLICIT freed 134K, 7% free 10347K/11015K, paused 18ms+3ms
07-10 09:51:23.741 27561 27870 I Gmail   : MainSyncRequestProto: lowestBkwdConvoId: 0, highestHandledServerOp: 3304204, normalSync: true
07-10 09:51:23.745 27561 27870 I Gmail   : lowestBackward conversation id 0
07-10 09:51:23.753 27561 27870 W Gmail   : Scheduling index for 300000 ms from now
07-10 09:51:52.768   144   161 I ActivityManager: No longer want com.google.android.apps.googlevoice (pid 27389): hidden #16
07-10 09:51:52.796   144   403 W ActivityManager: Scheduling restart of crashed service com.google.android.apps.googlevoice/.UpdateService in 5000ms
07-10 09:51:52.796   144   403 W ActivityManager: Scheduling restart of crashed service com.google.android.apps.googlevoice/.CallLogService in 15000ms
07-10 09:51:55.854  7656  7659 D dalvikvm: GC_CONCURRENT freed 529K, 9% free 10328K/11271K, paused 2ms+3ms
07-10 09:51:57.819   144   161 I ActivityManager: Start proc com.google.android.apps.googlevoice for service com.google.android.apps.googlevoice/.UpdateService: pid=27874 uid=10054 gids={3003, 1015}
07-10 09:51:58.233 27874 27877 D dalvikvm: GC_CONCURRENT freed 293K, 4% free 9242K/9607K, paused 7ms+4ms
07-10 09:51:58.854 27874 27877 D dalvikvm: GC_CONCURRENT freed 338K, 5% free 9442K/9863K, paused 2ms+3ms
07-10 09:51:58.854 27874 27883 W CursorWrapperInner: Cursor finalized without prior close()
07-10 09:51:58.854 27874 27883 W CursorWrapperInner: Cursor finalized without prior close()
07-10 09:51:58.854 27874 27883 W CursorWrapperInner: Cursor finalized without prior close()
07-10 09:51:59.050 27874 27877 D dalvikvm: GC_CONCURRENT freed 345K, 5% free 9638K/10055K, paused 4ms+2ms
07-10 09:51:59.081 16301 16303 D dalvikvm: GC_CONCURRENT freed 382K, 7% free 9807K/10439K, paused 2ms+3ms
07-10 09:51:59.167 16301 16313 D dalvikvm: GC_EXPLICIT freed 165K, 8% free 9675K/10439K, paused 1ms+12ms
07-10 09:52:05.948 27561 27899 I Gmail   : MainSyncRequestProto: lowestBkwdConvoId: 0, highestHandledServerOp: 3304204, normalSync: true
07-10 09:52:07.096 27561 27899 D dalvikvm: GC_EXPLICIT freed 181K, 6% free 10364K/11015K, paused 18ms+3ms
07-10 09:52:07.100 27561 27899 I Gmail   : MainSyncRequestProto: lowestBkwdConvoId: 0, highestHandledServerOp: 3304210, normalSync: true
07-10 09:52:07.616 27561 27899 D dalvikvm: GC_EXPLICIT freed 168K, 6% free 10361K/11015K, paused 17ms+3ms
07-10 09:52:07.620 27561 27899 I Gmail   : MainSyncRequestProto: lowestBkwdConvoId: 0, highestHandledServerOp: 3304210, normalSync: true
07-10 09:52:07.624 27561 27899 I Gmail   : lowestBackward conversation id 0
07-10 09:52:07.628 27561 27899 W Gmail   : Scheduling index for 300000 ms from now
07-10 09:52:19.436   144 10051 D dalvikvm: GC_EXPLICIT freed 900K, 18% free 17578K/21255K, paused 3ms+7ms
07-10 09:52:19.495 26854 26856 D dalvikvm: GC_CONCURRENT freed 722K, 7% free 11642K/12487K, paused 2ms+6ms
07-10 09:52:21.210 26854 27900 I DatabaseHelper: Begin cleanup.
07-10 09:52:21.288 26854 27900 I DatabaseHelper: Cleaned up: 0
07-10 09:52:21.690 26854 26856 D dalvikvm: GC_CONCURRENT freed 776K, 7% free 11699K/12551K, paused 2ms+3ms
07-10 09:52:46.792 27561 27904 I Gmail   : MainSyncRequestProto: lowestBkwdConvoId: 0, highestHandledServerOp: 3304210, normalSync: true
07-10 09:52:47.632 27561 27904 D dalvikvm: GC_EXPLICIT freed 185K, 6% free 10365K/11015K, paused 18ms+3ms
07-10 09:52:47.635 27561 27904 I Gmail   : MainSyncRequestProto: lowestBkwdConvoId: 0, highestHandledServerOp: 3304215, normalSync: true
07-10 09:52:48.206 27561 27904 D dalvikvm: GC_EXPLICIT freed 178K, 6% free 10362K/11015K, paused 4ms+3ms
07-10 09:52:48.210 27561 27904 I Gmail   : MainSyncRequestProto: lowestBkwdConvoId: 0, highestHandledServerOp: 3304215, normalSync: true
07-10 09:52:48.214 27561 27904 I Gmail   : lowestBackward conversation id 0
07-10 09:52:48.245 27561 27904 D dalvikvm: GC_EXPLICIT freed 31K, 7% free 10343K/11015K, paused 2ms+3ms
07-10 09:52:48.249 27561 27904 W Gmail   : Scheduling index for 300000 ms from now
07-10 09:52:55.803 27588 27590 D dalvikvm: GC_CONCURRENT freed 528K, 20% free 10612K/13255K, paused 1ms+2ms
07-10 09:52:55.925  7656  7659 D dalvikvm: GC_CONCURRENT freed 435K, 9% free 10341K/11271K, paused 1ms+2ms
07-10 09:52:56.921 27749 27793 I PhoneLab-: Service Running
07-10 09:52:56.987 27749 27793 I PhoneLab-LoggerService: app_37    1373  1     1440   1000  c00f181c 400107b4 S logcat
07-10 09:52:56.987 27749 27793 I PhoneLab-LoggerService: Logcat pid from database 1373
07-10 09:52:56.987 27749 27793 I PhoneLab-LoggerService: Logcat process found 1373
07-10 09:52:56.987 27749 27793 I PhoneLab-LoggerService: Checking Threshold
07-10 09:53:08.288 27561 27929 I Gmail   : MainSyncRequestProto: lowestBkwdConvoId: 0, highestHandledServerOp: 3304215, normalSync: true
07-10 09:53:10.815 27561 27929 D dalvikvm: GC_EXPLICIT freed 159K, 6% free 10362K/11015K, paused 17ms+3ms
07-10 09:53:10.819 27561 27929 I Gmail   : MainSyncRequestProto: lowestBkwdConvoId: 0, highestHandledServerOp: 3304220, normalSync: true
07-10 09:53:11.331 27561 27929 D dalvikvm: GC_EXPLICIT freed 166K, 6% free 10368K/11015K, paused 4ms+3ms
07-10 09:53:11.335 27561 27929 I Gmail   : MainSyncRequestProto: lowestBkwdConvoId: 0, highestHandledServerOp: 3304220, normalSync: true
07-10 09:53:11.339 27561 27929 I Gmail   : lowestBackward conversation id 0
07-10 09:53:11.343 27561 27929 W Gmail   : Scheduling index for 300000 ms from now
07-10 09:53:56.057 27561 27934 I Gmail   : MainSyncRequestProto: lowestBkwdConvoId: 0, highestHandledServerOp: 3304220, normalSync: true
07-10 09:53:56.846 27561 27934 D dalvikvm: GC_EXPLICIT freed 348K, 6% free 10362K/11015K, paused 2ms+4ms
07-10 09:53:56.850 27561 27934 I Gmail   : MainSyncRequestProto: lowestBkwdConvoId: 0, highestHandledServerOp: 3304233, normalSync: true
07-10 09:53:57.534 27561 27934 D dalvikvm: GC_EXPLICIT freed 173K, 6% free 10363K/11015K, paused 17ms+3ms
07-10 09:53:57.538 27561 27934 I Gmail   : MainSyncRequestProto: lowestBkwdConvoId: 0, highestHandledServerOp: 3304233, normalSync: true
07-10 09:53:57.538 27561 27934 I Gmail   : lowestBackward conversation id 0
07-10 09:53:57.546 27561 27934 W Gmail   : Scheduling index for 300000 ms from now
07-10 09:54:38.639 27749 27749 I PhoneLab-Locks: wake lock acquired
07-10 09:54:38.690 27749 27935 I PhoneLab-PeriodicCheckService: User info is synched
07-10 09:54:38.694 27749 27935 I PhoneLab-PeriodicCheckService: Logger Service is running
07-10 09:54:38.698 27749 27749 I PhoneLab-Locks: wake lock acquired
07-10 09:54:38.702 27749 27749 I PhoneLab-StatusMonitor: Status Monitoring is started
07-10 09:54:38.706 27749 27935 I PhoneLab-Locks: wake lock acquired
07-10 09:54:38.706 27749 27935 I PhoneLab-PeriodicCheckService: Rescheduling periodic checking...
07-10 09:54:38.710 27749 27935 I PhoneLab-Locks: wake lock released
07-10 09:54:38.721 27749 27749 E PhoneLab-PhoneLabManifest: java.io.FileNotFoundException: /data/data/edu.buffalo.cse.phonelab.phonelabservices/files/manifest.xml: open failed: ENOENT (No such file or directory)
07-10 09:54:38.768 27749 27749 I PhoneLab-Locks: wake lock released
07-10 09:54:38.768 27749 27749 I PhoneLab-UploadLogs: Transfering log files now
07-10 09:54:38.768 27749 27749 I PhoneLab-UploadLogs: No log files to transfer
07-10 09:54:38.768 27749 27749 I PhoneLab-Locks: wake lock released
07-10 09:54:38.776 27749 27749 I PhoneLab-UploadLogs: OnStartCommand
07-10 09:54:55.932 27588 27590 D dalvikvm: GC_CONCURRENT freed 531K, 20% free 10611K/13255K, paused 2ms+3ms
07-10 09:54:55.995  5714 26937 D dalvikvm: GC_EXPLICIT freed 423K, 7% free 10841K/11591K, paused 3ms+5ms
07-10 09:54:56.132   214   216 D dalvikvm: GC_CONCURRENT freed 252K, 33% free 9925K/14663K, paused 1ms+2ms
07-10 09:54:56.175   214   216 D dalvikvm: GC_CONCURRENT freed 633K, 34% free 9742K/14663K, paused 2ms+2ms
07-10 09:54:56.225  7656  7659 D dalvikvm: GC_CONCURRENT freed 500K, 9% free 10352K/11271K, paused 2ms+7ms
07-10 09:54:56.264   214   216 D dalvikvm: GC_CONCURRENT freed 428K, 34% free 9776K/14663K, paused 2ms+2ms
07-10 09:54:56.921 27749 27793 I PhoneLab-: Service Running
07-10 09:54:56.987 27749 27793 I PhoneLab-LoggerService: app_37    1373  1     1440   1000  c00f181c 400107b4 S logcat
07-10 09:54:56.987 27749 27793 I PhoneLab-LoggerService: Logcat pid from database 1373
07-10 09:54:56.987 27749 27793 I PhoneLab-LoggerService: Logcat process found 1373
07-10 09:54:56.987 27749 27793 I PhoneLab-LoggerService: Checking Threshold
07-10 09:55:56.046 27588 27590 D dalvikvm: GC_CONCURRENT freed 409K, 20% free 10605K/13255K, paused 1ms+6ms
07-10 09:56:38.503   144   168 I ActivityManager: Start proc com.google.android.apps.currents for service com.google.android.apps.currents/com.google.apps.dots.android.app.service.SyncService: pid=27941 uid=10078 gids={3003, 1015}
07-10 09:56:38.843 27941 27941 I ActivityThread: Pub com.google.apps.dots.android.app.provider.SuggestionProvider: com.google.apps.dots.android.app.provider.SuggestionProvider
07-10 09:56:38.854 27941 27941 I ActivityThread: Pub com.google.android.apps.currents.exported: com.google.apps.dots.android.app.provider.ExportedContentProvider
07-10 09:56:38.999 27941 27944 D dalvikvm: GC_CONCURRENT freed 180K, 3% free 9356K/9607K, paused 8ms+2ms
07-10 09:56:39.057 27941 27944 D dalvikvm: GC_CONCURRENT freed 267K, 5% free 9586K/9991K, paused 2ms+1ms
07-10 09:56:39.178 27941 27944 D dalvikvm: GC_CONCURRENT freed 232K, 4% free 9843K/10183K, paused 2ms+2ms
07-10 09:56:39.307 27941 27944 D dalvikvm: GC_CONCURRENT freed 235K, 4% free 10114K/10439K, paused 2ms+2ms
07-10 09:56:39.343 27941 27941 I DotsContentUris: content://com.google.android.apps.currents
07-10 09:56:39.354 27941 27941 I ActivityThread: Pub com.google.android.apps.currents: com.google.apps.dots.android.app.provider.DotsContentProvider
07-10 09:56:39.362 27941 27941 I DotsApplication: Starting up...
07-10 09:56:39.698 27941 27944 D dalvikvm: GC_CONCURRENT freed 480K, 6% free 10190K/10759K, paused 2ms+7ms
07-10 09:56:39.921 27941 27962 I SyncService: Starting sync (09:56:39)
07-10 09:56:40.057 27941 27944 D dalvikvm: GC_CONCURRENT freed 278K, 4% free 10352K/10759K, paused 53ms+4ms
07-10 09:56:41.885 27941 27944 D dalvikvm: GC_CONCURRENT freed 277K, 4% free 10476K/10887K, paused 4ms+6ms
07-10 09:56:42.112 27941 27944 D dalvikvm: GC_CONCURRENT freed 190K, 3% free 10779K/11079K, paused 2ms+3ms
07-10 09:56:42.225 27941 27944 D dalvikvm: GC_CONCURRENT freed 615K, 7% free 10661K/11399K, paused 2ms+2ms
07-10 09:56:42.483 27941 27944 D dalvikvm: GC_CONCURRENT freed 392K, 7% free 10691K/11399K, paused 8ms+3ms
07-10 09:56:42.526   144   402 D SyncManager: setSyncAutomatically: , provider com.google.android.apps.currents -> true
07-10 09:56:42.526   144   402 D SyncManager: setSyncAutomatically: already set to true, doing nothing
07-10 09:56:42.550   144   424 I ActivityManager: Process com.google.android.talk (pid 26603) has died.
07-10 09:56:42.749 27941 27944 D dalvikvm: GC_CONCURRENT freed 214K, 5% free 10907K/11399K, paused 4ms+2ms
07-10 09:56:42.913   144   326 D dalvikvm: GC_EXPLICIT freed 1654K, 17% free 17764K/21255K, paused 5ms+11ms
07-10 09:56:43.030 27941 27944 D dalvikvm: GC_CONCURRENT freed 276K, 4% free 11207K/11591K, paused 2ms+3ms
07-10 09:56:43.257 27941 27944 D dalvikvm: GC_CONCURRENT freed 310K, 4% free 11538K/11975K, paused 2ms+3ms
07-10 09:56:43.542 27941 27944 D dalvikvm: GC_CONCURRENT freed 1077K, 10% free 11268K/12423K, paused 2ms+4ms
07-10 09:56:44.026 27941 27944 D dalvikvm: GC_CONCURRENT freed 565K, 9% free 11325K/12423K, paused 2ms+2ms
07-10 09:56:44.577 27941 27944 D dalvikvm: GC_CONCURRENT freed 584K, 9% free 11392K/12423K, paused 2ms+3ms
07-10 09:56:44.628 27941 27964 D dalvikvm: GC_FOR_ALLOC freed 70K, 9% free 11374K/12423K, paused 29ms
07-10 09:56:44.628 27941 27964 I dalvikvm-heap: Grow heap (frag case) to 11.240MB for 67588-byte allocation
07-10 09:56:44.655 27941 27964 D dalvikvm: GC_FOR_ALLOC freed <1K, 9% free 11440K/12551K, paused 25ms
07-10 09:56:45.093 27941 27944 D dalvikvm: GC_CONCURRENT freed 627K, 9% free 11501K/12551K, paused 3ms+3ms
07-10 09:56:45.249 27941 27944 D dalvikvm: GC_CONCURRENT freed 684K, 9% free 11520K/12551K, paused 3ms+3ms
07-10 09:56:45.405 27941 27944 D dalvikvm: GC_CONCURRENT freed 676K, 8% free 11556K/12551K, paused 2ms+3ms
07-10 09:56:46.651 27941 27944 D dalvikvm: GC_CONCURRENT freed 738K, 9% free 11536K/12551K, paused 2ms+3ms
07-10 09:56:47.214 27941 27944 D dalvikvm: GC_CONCURRENT freed 734K, 9% free 11547K/12551K, paused 2ms+3ms
07-10 09:56:47.495 27941 27944 D dalvikvm: GC_CONCURRENT freed 630K, 8% free 11637K/12551K, paused 2ms+2ms
07-10 09:56:50.167 27941 27944 D dalvikvm: GC_CONCURRENT freed 723K, 7% free 11699K/12551K, paused 2ms+3ms
07-10 09:56:50.323 27941 27944 D dalvikvm: GC_CONCURRENT freed 734K, 7% free 11751K/12615K, paused 2ms+2ms
07-10 09:56:52.315 27941 27944 D dalvikvm: GC_CONCURRENT freed 751K, 7% free 11796K/12679K, paused 2ms+2ms
07-10 09:56:52.499 27941 27944 D dalvikvm: GC_CONCURRENT freed 787K, 8% free 11830K/12743K, paused 1ms+3ms
07-10 09:56:52.776 27941 27944 D dalvikvm: GC_CONCURRENT freed 827K, 8% free 11851K/12807K, paused 3ms+2ms
07-10 09:56:53.514 27941 27944 D dalvikvm: GC_CONCURRENT freed 812K, 8% free 11866K/12807K, paused 2ms+2ms
07-10 09:56:54.839   144   402 D dalvikvm: GC_EXPLICIT freed 614K, 18% free 17547K/21255K, paused 16ms+7ms
07-10 09:56:55.389 27941 27944 D dalvikvm: GC_CONCURRENT freed 836K, 8% free 11914K/12871K, paused 2ms+4ms
07-10 09:56:55.585 27941 27944 D dalvikvm: GC_CONCURRENT freed 907K, 9% free 11897K/12935K, paused 2ms+2ms
07-10 09:56:55.749 27941 27944 D dalvikvm: GC_CONCURRENT freed 814K, 8% free 11929K/12935K, paused 2ms+2ms
07-10 09:56:56.366  7656  7659 D dalvikvm: GC_CONCURRENT freed 519K, 9% free 10328K/11271K, paused 3ms+3ms
07-10 09:56:56.464   214   216 D dalvikvm: GC_CONCURRENT freed 445K, 34% free 9741K/14663K, paused 2ms+2ms
07-10 09:56:56.514   214   216 D dalvikvm: GC_CONCURRENT freed 457K, 34% free 9740K/14663K, paused 2ms+2ms
07-10 09:56:56.596   214   216 D dalvikvm: GC_CONCURRENT freed 435K, 34% free 9775K/14663K, paused 2ms+2ms
07-10 09:56:56.921 27749 27793 I PhoneLab-: Service Running
07-10 09:56:57.007 27749 27793 I PhoneLab-LoggerService: app_37    1373  1     1440   1000  c00f181c 400107b4 S logcat
07-10 09:56:57.007 27749 27793 I PhoneLab-LoggerService: Logcat pid from database 1373
07-10 09:56:57.007 27749 27793 I PhoneLab-LoggerService: Logcat process found 1373
07-10 09:56:57.007 27749 27793 I PhoneLab-LoggerService: Checking Threshold
07-10 09:56:57.885 27941 27944 D dalvikvm: GC_CONCURRENT freed 988K, 9% free 11842K/12935K, paused 2ms+3ms
07-10 09:56:58.046 27941 27944 D dalvikvm: GC_CONCURRENT freed 759K, 8% free 11920K/12935K, paused 1ms+3ms
07-10 09:56:58.417 27941 27944 D dalvikvm: GC_CONCURRENT freed 764K, 7% free 12038K/12935K, paused 2ms+3ms
07-10 09:56:59.760 27941 27944 D dalvikvm: GC_CONCURRENT freed 1036K, 9% free 11900K/13063K, paused 2ms+2ms
07-10 09:56:59.905 27941 27944 D dalvikvm: GC_CONCURRENT freed 813K, 9% free 11949K/13063K, paused 2ms+3ms
07-10 09:57:00.077 27941 27944 D dalvikvm: GC_CONCURRENT freed 825K, 9% free 11972K/13063K, paused 5ms+2ms
07-10 09:57:00.362 27941 27964 D dalvikvm: GC_EXPLICIT freed 232K, 9% free 11995K/13063K, paused 6ms+3ms
07-10 09:57:00.550   144   144 D dalvikvm: GC_EXPLICIT freed 351K, 18% free 17535K/21255K, paused 2ms+6ms
07-10 09:57:01.585 27941 27944 D dalvikvm: GC_CONCURRENT freed 943K, 9% free 11965K/13063K, paused 1ms+5ms
07-10 09:57:01.835 27941 27964 D dalvikvm: GC_FOR_ALLOC freed 437K, 9% free 11925K/13063K, paused 27ms
07-10 09:57:01.866 27941 27964 D dalvikvm: GC_FOR_ALLOC freed 18K, 9% free 11934K/13063K, paused 26ms
07-10 09:57:01.866 27941 27964 I dalvikvm-heap: Grow heap (frag case) to 11.782MB for 60466-byte allocation
07-10 09:57:01.889 27941 27964 D dalvikvm: GC_FOR_ALLOC freed 28K, 9% free 11965K/13127K, paused 25ms
07-10 09:57:01.921 27941 27964 D dalvikvm: GC_FOR_ALLOC freed <1K, 9% free 11965K/13127K, paused 26ms
07-10 09:57:01.921 27941 27964 I dalvikvm-heap: Grow heap (frag case) to 11.870MB for 121202-byte allocation
07-10 09:57:01.944 27941 27964 D dalvikvm: GC_FOR_ALLOC freed 59K, 10% free 12024K/13255K, paused 25ms
07-10 09:57:01.979 27941 27964 D dalvikvm: GC_FOR_ALLOC freed 122K, 10% free 11990K/13255K, paused 25ms
07-10 09:57:03.280 27941 27944 D dalvikvm: GC_CONCURRENT freed 967K, 10% free 11945K/13255K, paused 2ms+3ms
07-10 09:57:03.870 27941 27944 D dalvikvm: GC_CONCURRENT freed 939K, 11% free 11852K/13255K, paused 2ms+3ms
07-10 09:57:04.139 27941 27944 D dalvikvm: GC_CONCURRENT freed 845K, 11% free 11827K/13255K, paused 2ms+2ms
07-10 09:57:04.284 27941 27944 D dalvikvm: GC_CONCURRENT freed 812K, 11% free 11858K/13255K, paused 2ms+3ms
07-10 09:57:04.432 27941 27944 D dalvikvm: GC_CONCURRENT freed 745K, 10% free 11934K/13255K, paused 2ms+3ms
07-10 09:57:04.581 27941 27944 D dalvikvm: GC_CONCURRENT freed 1529K, 15% free 11306K/13255K, paused 3ms+3ms
07-10 09:57:06.073 27941 27962 I SyncService: sync service finished (09:57:06)
07-10 09:57:25.057 26854 27971 D dalvikvm: GC_FOR_ALLOC freed 332K, 8% free 11670K/12615K, paused 43ms
07-10 09:57:25.057 26854 27971 I dalvikvm-heap: Grow heap (frag case) to 11.545MB for 83790-byte allocation
07-10 09:57:25.096 26854 26863 D dalvikvm: GC_FOR_ALLOC freed 90K, 9% free 11661K/12743K, paused 29ms
07-10 09:57:56.202 27588 27590 D dalvikvm: GC_CONCURRENT freed 516K, 20% free 10617K/13255K, paused 1ms+2ms
07-10 09:57:56.409  7656  7659 D dalvikvm: GC_CONCURRENT freed 424K, 9% free 10354K/11271K, paused 1ms+17ms
07-10 09:57:56.643  7656  7659 D dalvikvm: GC_CONCURRENT freed 297K, 7% free 10541K/11271K, paused 2ms+3ms
07-10 09:58:24.983 27941 27944 D dalvikvm: GC_CONCURRENT freed 569K, 15% free 11371K/13255K, paused 21ms+3ms
07-10 09:58:56.370  7656  7659 D dalvikvm: GC_CONCURRENT freed 677K, 8% free 10376K/11271K, paused 1ms+3ms
