07-08 20:32:37.089  6078  6091 I PhoneLab-LoggerService: app_37    1296  1     1436   1000  c00f181c 400107b4 S logcat
07-08 20:32:37.089  6078  6091 I PhoneLab-LoggerService: Logcat pid from database 1296
07-08 20:32:37.089  6078  6091 I PhoneLab-LoggerService: Logcat process found 1296
07-08 20:32:37.089  6078  6091 I PhoneLab-LoggerService: Checking Threshold
07-08 20:32:37.097  6078  6091 I PhoneLab-LoggerService: Starting to rename files
07-08 20:32:37.101  6078  6091 I PhoneLab-LoggerService: Files found .. 2
07-08 20:32:37.101  6078  6091 I PhoneLab-LoggerService: File 1 log.out.1
07-08 20:32:37.179  6078  6081 D dalvikvm: GC_CONCURRENT freed 430K, 6% free 9120K/9671K, paused 2ms+6ms
07-08 20:32:37.191  6078  6091 I PhoneLab-LoggerService: Renamed successfully
07-08 20:32:37.203  6078  6091 I PhoneLab-: Service Running
07-08 20:32:37.285  6078  6091 I PhoneLab-LoggerService: app_37    1296  1     1436   1000  c00f181c 400107b4 S logcat
07-08 20:32:37.285  6078  6091 I PhoneLab-LoggerService: Logcat pid from database 1296
07-08 20:32:37.285  6078  6091 I PhoneLab-LoggerService: Logcat process found 1296
07-08 20:32:37.285  6078  6091 I PhoneLab-LoggerService: Checking Threshold
07-08 20:32:37.285  6078  6091 I PhoneLab-LoggerService: Starting to rename files
07-08 20:32:37.289  6078  6091 I PhoneLab-LoggerService: Files found .. 2
07-08 20:32:37.289  6078  6091 I PhoneLab-: Service Running
07-08 20:32:37.316  6078  6091 I PhoneLab-LoggerService: app_37    1296  1     1436   1000  c00f181c 400107b4 S logcat
07-08 20:32:37.316  6078  6091 I PhoneLab-LoggerService: Logcat pid from database 1296
07-08 20:32:37.316  6078  6091 I PhoneLab-LoggerService: Logcat process found 1296
07-08 20:32:37.316  6078  6091 I PhoneLab-LoggerService: Checking Threshold
07-08 20:32:37.320  6078  6091 I PhoneLab-LoggerService: Starting to rename files
07-08 20:32:37.320  6078  6091 I PhoneLab-LoggerService: Files found .. 2
07-08 20:32:41.136   143 11000 W ActivityManager: finishReceiver called but no pending broadcasts
07-08 20:32:41.203  6860  6861 D dalvikvm: GC_CONCURRENT freed 370K, 6% free 10519K/11143K, paused 2ms+3ms
07-08 20:33:15.093  6860  6861 D dalvikvm: GC_CONCURRENT freed 653K, 7% free 10378K/11143K, paused 2ms+2ms
07-08 20:33:15.203   659   661 D dalvikvm: GC_CONCURRENT freed 526K, 9% free 10327K/11271K, paused 2ms+3ms
07-08 20:33:25.859  5777  5779 D dalvikvm: GC_CONCURRENT freed 385K, 5% free 10830K/11335K, paused 51ms+4ms
07-08 20:33:48.250   143   200 D DhcpInfoInternal: makeLinkProperties with empty dns2!
07-08 20:33:48.254   143   200 D DhcpInfoInternal: makeLinkProperties with empty dns2!
07-08 20:34:15.203   659   661 D dalvikvm: GC_CONCURRENT freed 424K, 9% free 10312K/11271K, paused 3ms+2ms
07-08 20:35:15.355  6860  6861 D dalvikvm: GC_CONCURRENT freed 502K, 7% free 10387K/11143K, paused 1ms+2ms
07-08 20:35:44.921   143   387 W ActivityManager: finishReceiver called but no pending broadcasts
07-08 20:35:45.000  6860  6861 D dalvikvm: GC_CONCURRENT freed 395K, 6% free 10504K/11143K, paused 1ms+2ms
07-08 20:36:13.132   143   200 D DhcpInfoInternal: makeLinkProperties with empty dns2!
07-08 20:36:13.136   143   200 D DhcpInfoInternal: makeLinkProperties with empty dns2!
07-08 20:36:14.336   143   154 D dalvikvm: GC_EXPLICIT freed 1452K, 18% free 17405K/21127K, paused 116ms+10ms
07-08 20:36:15.703 22025 22026 D dalvikvm: GC_CONCURRENT freed 314K, 6% free 10793K/11463K, paused 2ms+8ms
07-08 20:36:15.793  6860  6861 D dalvikvm: GC_CONCURRENT freed 521K, 7% free 10383K/11143K, paused 2ms+2ms
07-08 20:36:15.824   659   661 D dalvikvm: GC_CONCURRENT freed 504K, 9% free 10320K/11271K, paused 1ms+3ms
07-08 20:38:15.820  6860  6861 D dalvikvm: GC_CONCURRENT freed 505K, 7% free 10389K/11143K, paused 2ms+2ms
07-08 20:38:15.925   659   661 D dalvikvm: GC_CONCURRENT freed 521K, 9% free 10310K/11271K, paused 1ms+3ms
07-08 20:38:37.937   143   200 D DhcpInfoInternal: makeLinkProperties with empty dns2!
07-08 20:38:37.937   143   200 D DhcpInfoInternal: makeLinkProperties with empty dns2!
07-08 20:38:48.722   143 24239 W ActivityManager: finishReceiver called but no pending broadcasts
07-08 20:38:48.800  6860  6861 D dalvikvm: GC_CONCURRENT freed 389K, 6% free 10512K/11143K, paused 1ms+3ms
07-08 20:39:11.781  6078  6078 I PhoneLab-Locks: wake lock acquired
07-08 20:39:11.797  6078  7042 I PhoneLab-PeriodicCheckService: User info is synched
07-08 20:39:11.800  6078  7042 I PhoneLab-PeriodicCheckService: Logger Service is running
07-08 20:39:11.804  6078  6078 I PhoneLab-Locks: wake lock acquired
07-08 20:39:11.808  6078  6078 I PhoneLab-StatusMonitor: Status Monitoring is started
07-08 20:39:11.812  6078  7042 I PhoneLab-Locks: wake lock acquired
07-08 20:39:11.812  6078  7042 I PhoneLab-PeriodicCheckService: Rescheduling periodic checking...
07-08 20:39:11.816  6078  7042 I PhoneLab-Locks: wake lock released
07-08 20:39:11.832  6078  6078 E PhoneLab-PhoneLabManifest: java.io.FileNotFoundException: /data/data/edu.buffalo.cse.phonelab.phonelabservices/files/manifest.xml: open failed: ENOENT (No such file or directory)
07-08 20:39:11.847  6078  6078 I PhoneLab-Locks: wake lock released
07-08 20:39:11.847  6078  6078 I PhoneLab-UploadLogs: Transfering log files now
07-08 20:39:12.062  6078  6081 D dalvikvm: GC_CONCURRENT freed 471K, 6% free 9193K/9735K, paused 3ms+5ms
07-08 20:39:12.105  6078  6078 D dalvikvm: GC_FOR_ALLOC freed 80K, 6% free 9214K/9799K, paused 17ms
07-08 20:39:12.109  6078  6078 I dalvikvm-heap: Grow heap (frag case) to 9.184MB for 123476-byte allocation
07-08 20:39:12.121  6078  6078 D dalvikvm: GC_FOR_ALLOC freed 56K, 7% free 9278K/9927K, paused 11ms
07-08 20:39:12.121  6078  6078 I dalvikvm-heap: Grow heap (frag case) to 9.372MB for 254548-byte allocation
07-08 20:39:12.136  6078  6078 D dalvikvm: GC_FOR_ALLOC freed 120K, 8% free 9406K/10183K, paused 12ms
07-08 20:39:12.136  6078  6078 I dalvikvm-heap: Grow heap (frag case) to 9.747MB for 516692-byte allocation
07-08 20:39:12.164  6078  6081 D dalvikvm: GC_CONCURRENT freed 248K, 10% free 9661K/10695K, paused 1ms+2ms
07-08 20:39:12.187  6078  6078 I PhoneLab-UploadLogs: OnStartCommand
07-08 20:39:12.535  6078  7044 D dalvikvm: GC_FOR_ALLOC freed 383K, 10% free 9646K/10695K, paused 23ms
07-08 20:39:12.547  6078  7044 D dalvikvm: GC_FOR_ALLOC freed 301K, 10% free 9646K/10695K, paused 12ms
07-08 20:39:12.566  6078  7044 D dalvikvm: GC_FOR_ALLOC freed 301K, 10% free 9652K/10695K, paused 12ms
07-08 20:39:12.574   143   155 I ActivityManager: Process com.android.sprintmenu (pid 5557) has died.
07-08 20:39:12.574   143   155 W ActivityManager: Scheduling restart of crashed service com.android.sprintmenu/.HiddenPhoneService in 5000ms
07-08 20:39:15.890   659   661 D dalvikvm: GC_CONCURRENT freed 433K, 9% free 10306K/11271K, paused 2ms+3ms
07-08 20:39:16.129  6078  6078 I PhoneLab-: 1341793957102.log is deleted
07-08 20:39:16.129  6078  6078 I PhoneLab-: Response: {"data": "done", "err": ""}
07-08 20:39:16.132  6078  6078 I PhoneLab-UploadLogs: No log files to transfer
07-08 20:39:16.132  6078  6078 I PhoneLab-Locks: wake lock released
07-08 20:39:19.019   143   160 I ActivityManager: Start proc com.android.sprintmenu for service com.android.sprintmenu/.HiddenPhoneService: pid=7048 uid=1001 gids={3002, 3001, 3003, 1015}
07-08 20:39:21.793  6078  6091 I PhoneLab-: Service Running
07-08 20:39:28.070  6078  6091 I PhoneLab-LoggerService: app_37    1296  1     1436   1000  c00f181c 400107b4 S logcat
07-08 20:39:28.074  6078  6091 I PhoneLab-LoggerService: Logcat pid from database 1296
07-08 20:39:28.074  6078  6091 I PhoneLab-LoggerService: Logcat process found 1296
07-08 20:39:28.074  6078  6091 I PhoneLab-LoggerService: Checking Threshold
07-08 20:39:28.074  6078  6091 I PhoneLab-: Service Running
07-08 20:39:28.113  6078  6081 D dalvikvm: GC_CONCURRENT freed 888K, 15% free 9182K/10695K, paused 1ms+5ms
07-08 20:39:28.125  6078  6091 I PhoneLab-LoggerService: app_37    1296  1     1436   1000  c00f181c 400107b4 S logcat
07-08 20:39:28.129  6078  6091 I PhoneLab-LoggerService: Logcat pid from database 1296
07-08 20:39:28.129  6078  6091 I PhoneLab-LoggerService: Logcat process found 1296
07-08 20:39:28.129  6078  6091 I PhoneLab-LoggerService: Checking Threshold
07-08 20:39:28.129  6078  6091 I PhoneLab-: Service Running
07-08 20:39:28.160  6078  6091 I PhoneLab-LoggerService: app_37    1296  1     1436   1000  c00f181c 400107b4 S logcat
07-08 20:39:28.160  6078  6091 I PhoneLab-LoggerService: Logcat pid from database 1296
07-08 20:39:28.160  6078  6091 I PhoneLab-LoggerService: Logcat process found 1296
07-08 20:39:28.160  6078  6091 I PhoneLab-LoggerService: Checking Threshold
07-08 20:39:29.054  6030  6031 D dalvikvm: GC_CONCURRENT freed 611K, 7% free 11492K/12231K, paused 11ms+4ms
07-08 20:40:15.875  6860  6861 D dalvikvm: GC_CONCURRENT freed 633K, 7% free 10390K/11143K, paused 1ms+2ms
07-08 20:40:15.929   659   672 D dalvikvm: GC_EXPLICIT freed 49K, 9% free 10257K/11271K, paused 2ms+4ms
07-08 20:41:02.847   143   200 D DhcpInfoInternal: makeLinkProperties with empty dns2!
07-08 20:41:02.859   143   200 D DhcpInfoInternal: makeLinkProperties with empty dns2!
07-08 20:41:16.019   659   661 D dalvikvm: GC_CONCURRENT freed 451K, 9% free 10318K/11271K, paused 2ms+3ms
07-08 20:41:49.257  6078  6091 I PhoneLab-: Service Running
07-08 20:41:49.339  6078  6091 I PhoneLab-LoggerService: app_37    1296  1     1436   1000  c00f181c 400107b4 S logcat
07-08 20:41:49.339  6078  6091 I PhoneLab-LoggerService: Logcat pid from database 1296
07-08 20:41:49.339  6078  6091 I PhoneLab-LoggerService: Logcat process found 1296
07-08 20:41:49.339  6078  6091 I PhoneLab-LoggerService: Checking Threshold
07-08 20:41:51.691  6860  6861 D dalvikvm: GC_CONCURRENT freed 353K, 7% free 10423K/11143K, paused 27ms+3ms
07-08 20:41:52.562   143   387 W ActivityManager: finishReceiver called but no pending broadcasts
07-08 20:42:14.070  6860  6861 D dalvikvm: GC_CONCURRENT freed 435K, 6% free 10497K/11143K, paused 2ms+3ms
07-08 20:42:16.566  6078  6091 I PhoneLab-: Service Running
07-08 20:42:16.636  6078  6091 I PhoneLab-LoggerService: app_37    1296  1     1436   1000  c00f181c 400107b4 S logcat
07-08 20:42:16.636  6078  6091 I PhoneLab-LoggerService: Logcat pid from database 1296
07-08 20:42:16.636  6078  6091 I PhoneLab-LoggerService: Logcat process found 1296
07-08 20:42:16.636  6078  6091 I PhoneLab-LoggerService: Checking Threshold
07-08 20:43:16.144  6860  6861 D dalvikvm: GC_CONCURRENT freed 616K, 7% free 10392K/11143K, paused 2ms+5ms
07-08 20:43:16.168   659   661 D dalvikvm: GC_CONCURRENT freed 507K, 9% free 10322K/11271K, paused 2ms+2ms
07-08 20:43:27.519   143   200 D DhcpInfoInternal: makeLinkProperties with empty dns2!
07-08 20:43:27.519   143   200 D DhcpInfoInternal: makeLinkProperties with empty dns2!
07-08 20:44:16.199   659   661 D dalvikvm: GC_CONCURRENT freed 447K, 9% free 10318K/11271K, paused 2ms+2ms
07-08 20:44:34.086  6030  6031 D dalvikvm: GC_CONCURRENT freed 710K, 7% free 11535K/12359K, paused 2ms+3ms
07-08 20:44:35.773   143   202 D ConnectivityService: ConnectivityChange for WIMAX: DISCONNECTED/SCANNING
07-08 20:44:35.777   143   202 D ConnectivityService: Attempting to switch to mobile
07-08 20:44:35.777   143   202 D ConnectivityService: Attempting to switch to WIFI
07-08 20:44:35.777   143   202 D ConnectivityService: Attempting to switch to BLUETOOTH_TETHER
07-08 20:44:38.156   143   145 D dalvikvm: GC_CONCURRENT freed 1911K, 18% free 17432K/21127K, paused 30ms+9ms
07-08 20:44:38.797   143   206 D Tethering: MasterInitialState.processMessage what=3
07-08 20:44:38.847   143   206 D Tethering: MasterInitialState.processMessage what=3
07-08 20:44:38.879  6163  6163 I MediaUploader: No need to wake up
07-08 20:44:38.890   221   223 D dalvikvm: GC_CONCURRENT freed 508K, 32% free 9694K/14215K, paused 5ms+5ms
07-08 20:44:39.043  5963  6185 D PicasaSyncManager: active network: NetworkInfo: type: WIFI[], state: CONNECTED/CONNECTED, reason: (unspecified), extra: (none), roaming: false, failover: false, isAvailable: true
07-08 20:44:39.047  5963  6185 D PicasaSyncManager: background data: true
07-08 20:44:39.054  6224  6224 W ContextScopeImpl: thread=1 tried to enter the scope of the application context. Ignored.
07-08 20:44:39.090  6163  6163 I MediaUploader: No need to wake up
07-08 20:44:39.160  6224  6224 W ContextScopeImpl: thread=1 tried to enter the scope of the application context. Ignored.
07-08 20:44:39.172  5963  6185 D PicasaSyncManager: active network: NetworkInfo: type: WIFI[], state: CONNECTED/CONNECTED, reason: (unspecified), extra: (none), roaming: false, failover: false, isAvailable: true
07-08 20:44:39.175  5963  6185 D PicasaSyncManager: background data: true
07-08 20:44:39.250   143   463 D dalvikvm: GC_EXPLICIT freed 448K, 19% free 17295K/21127K, paused 19ms+10ms
07-08 20:44:39.355   143   202 D ConnectivityService: handleInetConditionHoldEnd: net=1, condition=100, published condition=100
07-08 20:44:56.347   143   155 W ActivityManager: finishReceiver called but no pending broadcasts
07-08 20:44:56.414  6860  6861 D dalvikvm: GC_CONCURRENT freed 366K, 6% free 10537K/11143K, paused 1ms+3ms
07-08 20:45:16.359  6860  6861 D dalvikvm: GC_CONCURRENT freed 664K, 7% free 10384K/11143K, paused 1ms+3ms
07-08 20:45:52.171   143   200 D DhcpInfoInternal: makeLinkProperties with empty dns2!
07-08 20:45:52.171   143   200 D DhcpInfoInternal: makeLinkProperties with empty dns2!
07-08 20:46:16.418 22025 22100 D dalvikvm: GC_EXPLICIT freed 361K, 7% free 10712K/11463K, paused 2ms+4ms
07-08 20:46:16.500   659   661 D dalvikvm: GC_CONCURRENT freed 495K, 9% free 10334K/11271K, paused 2ms+2ms
07-08 20:47:16.629  6860  6861 D dalvikvm: GC_CONCURRENT freed 506K, 7% free 10390K/11143K, paused 2ms+2ms
07-08 20:47:16.754   659   661 D dalvikvm: GC_CONCURRENT freed 420K, 9% free 10309K/11271K, paused 2ms+2ms
07-08 20:48:00.117   143   311 W ActivityManager: finishReceiver called but no pending broadcasts
07-08 20:48:00.207  6860  6861 D dalvikvm: GC_CONCURRENT freed 393K, 6% free 10508K/11143K, paused 2ms+3ms
07-08 20:48:16.769   143   200 D DhcpInfoInternal: makeLinkProperties with empty dns2!
07-08 20:48:16.769   143   200 D DhcpInfoInternal: makeLinkProperties with empty dns2!
07-08 20:49:16.722  6860  6861 D dalvikvm: GC_CONCURRENT freed 625K, 7% free 10395K/11143K, paused 2ms+3ms
07-08 20:49:16.851   659   661 D dalvikvm: GC_CONCURRENT freed 482K, 9% free 10338K/11271K, paused 1ms+2ms
07-08 20:49:25.101   143   169 I ActivityManager: Start proc com.google.android.apps.currents for service com.google.android.apps.currents/com.google.apps.dots.android.app.service.SyncService: pid=7182 uid=10078 gids={3003, 1015}
07-08 20:49:25.445  7182  7182 I ActivityThread: Pub com.google.apps.dots.android.app.provider.SuggestionProvider: com.google.apps.dots.android.app.provider.SuggestionProvider
07-08 20:49:25.453  7182  7182 I ActivityThread: Pub com.google.android.apps.currents.exported: com.google.apps.dots.android.app.provider.ExportedContentProvider
07-08 20:49:25.519  7182  7184 D dalvikvm: GC_CONCURRENT freed 170K, 3% free 9365K/9607K, paused 4ms+3ms
07-08 20:49:25.578  7182  7184 D dalvikvm: GC_CONCURRENT freed 263K, 5% free 9585K/9991K, paused 2ms+2ms
07-08 20:49:25.726  7182  7184 D dalvikvm: GC_CONCURRENT freed 236K, 4% free 9858K/10183K, paused 2ms+3ms
07-08 20:49:25.898  7182  7184 D dalvikvm: GC_CONCURRENT freed 248K, 4% free 10156K/10503K, paused 1ms+2ms
07-08 20:49:25.949  7182  7182 I DotsContentUris: content://com.google.android.apps.currents
07-08 20:49:25.961  7182  7182 I ActivityThread: Pub com.google.android.apps.currents: com.google.apps.dots.android.app.provider.DotsContentProvider
07-08 20:49:25.976  7182  7182 I DotsApplication: Starting up...
07-08 20:49:26.152   143   387 I ActivityManager: Process android.process.acore (pid 4741) has died.
07-08 20:49:26.160   143   403 D CountryDetector: No listener is left
07-08 20:49:26.351  7182  7184 D dalvikvm: GC_CONCURRENT freed 450K, 6% free 10154K/10695K, paused 4ms+14ms
07-08 20:49:26.574  7182  7184 D dalvikvm: GC_CONCURRENT freed 260K, 4% free 10330K/10695K, paused 3ms+2ms
07-08 20:49:26.593  7182  7202 I SyncService: Starting sync (20:49:26)
07-08 20:49:29.754  7182  7184 D dalvikvm: GC_CONCURRENT freed 303K, 4% free 10476K/10887K, paused 2ms+2ms
07-08 20:49:30.000  7182  7184 D dalvikvm: GC_CONCURRENT freed 171K, 4% free 10711K/11079K, paused 2ms+3ms
07-08 20:49:30.113  7182  7184 D dalvikvm: GC_CONCURRENT freed 570K, 7% free 10656K/11399K, paused 2ms+3ms
07-08 20:49:30.382  7182  7184 D dalvikvm: GC_CONCURRENT freed 406K, 7% free 10692K/11399K, paused 2ms+8ms
07-08 20:49:31.265   143  1922 D SyncManager: setSyncAutomatically: , provider com.google.android.apps.currents -> true
07-08 20:49:31.265   143  1922 D SyncManager: setSyncAutomatically: already set to true, doing nothing
07-08 20:49:31.386  7182  7184 D dalvikvm: GC_CONCURRENT freed 404K, 6% free 10769K/11399K, paused 2ms+3ms
07-08 20:49:31.570  7182  7184 D dalvikvm: GC_CONCURRENT freed 235K, 4% free 11049K/11463K, paused 2ms+5ms
07-08 20:49:31.765  7182  7184 D dalvikvm: GC_CONCURRENT freed 274K, 4% free 11379K/11783K, paused 3ms+3ms
07-08 20:49:31.890   143   308 D dalvikvm: GC_EXPLICIT freed 873K, 18% free 17359K/21127K, paused 4ms+7ms
07-08 20:49:32.129  7182  7184 D dalvikvm: GC_CONCURRENT freed 939K, 9% free 11172K/12231K, paused 2ms+4ms
07-08 20:49:32.769  7182  7184 D dalvikvm: GC_CONCURRENT freed 506K, 8% free 11267K/12231K, paused 3ms+3ms
07-08 20:49:33.168  7182  7184 D dalvikvm: GC_CONCURRENT freed 596K, 8% free 11291K/12231K, paused 3ms+4ms
07-08 20:49:33.882  7182  7184 D dalvikvm: GC_CONCURRENT freed 616K, 8% free 11307K/12231K, paused 3ms+3ms
07-08 20:49:34.046  7182  7184 D dalvikvm: GC_CONCURRENT freed 620K, 8% free 11327K/12231K, paused 2ms+2ms
07-08 20:49:34.203  7182  7184 D dalvikvm: GC_CONCURRENT freed 612K, 8% free 11365K/12231K, paused 2ms+3ms
07-08 20:49:35.175  7182  7184 D dalvikvm: GC_CONCURRENT freed 730K, 8% free 11298K/12231K, paused 2ms+3ms
07-08 20:49:35.324  7182  7184 D dalvikvm: GC_CONCURRENT freed 626K, 8% free 11321K/12231K, paused 2ms+3ms
07-08 20:49:35.468  7182  7184 D dalvikvm: GC_CONCURRENT freed 629K, 8% free 11355K/12231K, paused 2ms+2ms
07-08 20:49:36.421  7182  7184 D dalvikvm: GC_CONCURRENT freed 703K, 8% free 11311K/12231K, paused 2ms+2ms
07-08 20:49:37.078  7182  7184 D dalvikvm: GC_CONCURRENT freed 639K, 8% free 11317K/12231K, paused 1ms+2ms
07-08 20:49:37.367  7182  7184 D dalvikvm: GC_CONCURRENT freed 636K, 8% free 11325K/12231K, paused 6ms+3ms
07-08 20:49:37.863  7182  7184 D dalvikvm: GC_CONCURRENT freed 645K, 8% free 11337K/12231K, paused 2ms+2ms
07-08 20:49:38.480  7182  7184 D dalvikvm: GC_CONCURRENT freed 656K, 8% free 11369K/12231K, paused 2ms+2ms
07-08 20:49:41.183  7182  7184 D dalvikvm: GC_CONCURRENT freed 662K, 8% free 11362K/12231K, paused 2ms+2ms
07-08 20:49:41.304  7182  7184 D dalvikvm: GC_CONCURRENT freed 648K, 8% free 11368K/12231K, paused 2ms+3ms
07-08 20:49:42.039  7182  7184 D dalvikvm: GC_CONCURRENT freed 660K, 8% free 11365K/12231K, paused 2ms+2ms
07-08 20:49:42.214  7182  7184 D dalvikvm: GC_CONCURRENT freed 643K, 7% free 11399K/12231K, paused 2ms+8ms
07-08 20:49:42.414  7182  7184 D dalvikvm: GC_CONCURRENT freed 707K, 7% free 11411K/12231K, paused 1ms+3ms
07-08 20:49:44.195  7182  7184 D dalvikvm: GC_CONCURRENT freed 742K, 8% free 11359K/12231K, paused 3ms+3ms
07-08 20:49:44.761  6078  6091 I PhoneLab-: Service Running
07-08 20:49:45.832  6078  6091 I PhoneLab-LoggerService: app_37    1296  1     1436   1000  c00f181c 400107b4 S logcat
07-08 20:49:45.832  6078  6091 I PhoneLab-LoggerService: Logcat pid from database 1296
07-08 20:49:45.832  6078  6091 I PhoneLab-LoggerService: Logcat process found 1296
07-08 20:49:45.832  6078  6091 I PhoneLab-LoggerService: Checking Threshold
07-08 20:49:45.832  6078  6091 I PhoneLab-: Service Running
07-08 20:49:45.863  6078  6091 I PhoneLab-LoggerService: app_37    1296  1     1436   1000  c00f181c 400107b4 S logcat
07-08 20:49:45.863  6078  6091 I PhoneLab-LoggerService: Logcat pid from database 1296
07-08 20:49:45.863  6078  6091 I PhoneLab-LoggerService: Logcat process found 1296
07-08 20:49:45.863  6078  6091 I PhoneLab-LoggerService: Checking Threshold
07-08 20:49:45.863  6078  6091 I PhoneLab-: Service Running
07-08 20:49:45.894  6078  6091 I PhoneLab-LoggerService: app_37    1296  1     1436   1000  c00f181c 400107b4 S logcat
07-08 20:49:45.894  6078  6091 I PhoneLab-LoggerService: Logcat pid from database 1296
07-08 20:49:45.894  6078  6091 I PhoneLab-LoggerService: Logcat process found 1296
07-08 20:49:45.894  6078  6091 I PhoneLab-LoggerService: Checking Threshold
07-08 20:49:46.234  7182  7184 D dalvikvm: GC_CONCURRENT freed 666K, 8% free 11343K/12231K, paused 2ms+2ms
07-08 20:49:46.390  7182  7184 D dalvikvm: GC_CONCURRENT freed 615K, 7% free 11386K/12231K, paused 2ms+3ms
07-08 20:49:47.117  7182  7184 D dalvikvm: GC_CONCURRENT freed 698K, 7% free 11401K/12231K, paused 2ms+3ms
07-08 20:49:47.277  7182  7184 D dalvikvm: GC_CONCURRENT freed 685K, 7% free 11439K/12231K, paused 2ms+2ms
07-08 20:49:47.515  7182  7184 D dalvikvm: GC_CONCURRENT freed 706K, 7% free 11457K/12295K, paused 2ms+2ms
07-08 20:49:49.351  7182  7184 D dalvikvm: GC_CONCURRENT freed 743K, 8% free 11418K/12295K, paused 2ms+3ms
07-08 20:49:50.195  7182  7184 D dalvikvm: GC_CONCURRENT freed 668K, 8% free 11426K/12295K, paused 2ms+2ms
07-08 20:49:50.343  7182  7184 D dalvikvm: GC_CONCURRENT freed 696K, 7% free 11472K/12295K, paused 1ms+2ms
07-08 20:49:51.156   143   387 D dalvikvm: GC_EXPLICIT freed 533K, 19% free 17300K/21127K, paused 42ms+7ms
07-08 20:49:51.296  7182  7184 D dalvikvm: GC_CONCURRENT freed 659K, 7% free 11565K/12359K, paused 2ms+3ms
07-08 20:49:51.406  7182  7205 D dalvikvm: GC_EXPLICIT freed 174K, 7% free 11537K/12359K, paused 2ms+3ms
07-08 20:49:52.773  7182  7184 D dalvikvm: GC_CONCURRENT freed 880K, 9% free 11410K/12423K, paused 2ms+2ms
07-08 20:49:52.918  7182  7184 D dalvikvm: GC_CONCURRENT freed 645K, 8% free 11457K/12423K, paused 2ms+3ms
07-08 20:49:53.074  7182  7184 D dalvikvm: GC_CONCURRENT freed 672K, 8% free 11475K/12423K, paused 2ms+3ms
07-08 20:49:53.382  7182  7184 D dalvikvm: GC_CONCURRENT freed 629K, 8% free 11537K/12423K, paused 2ms+4ms
07-08 20:49:55.242  7182  7184 D dalvikvm: GC_CONCURRENT freed 858K, 8% free 11459K/12423K, paused 2ms+3ms
07-08 20:49:55.332  7182  7205 D dalvikvm: GC_FOR_ALLOC freed 394K, 8% free 11467K/12423K, paused 26ms
07-08 20:49:55.332  7182  7205 I dalvikvm-heap: Grow heap (frag case) to 11.291MB for 23946-byte allocation
07-08 20:49:55.359  7182  7205 D dalvikvm: GC_FOR_ALLOC freed 17K, 9% free 11473K/12487K, paused 29ms
07-08 20:49:55.402  7182  7205 D dalvikvm: GC_FOR_ALLOC freed 24K, 8% free 11496K/12487K, paused 35ms
07-08 20:49:55.402  7182  7205 I dalvikvm-heap: Grow heap (frag case) to 11.391MB for 98810-byte allocation
07-08 20:49:55.406   143  1922 I ActivityManager: Process com.whatsapp (pid 5714) has died.
07-08 20:49:55.406   143  1922 W ActivityManager: Scheduling restart of crashed service com.whatsapp/.messaging.MessageService in 5000ms
07-08 20:49:55.464  7182  7205 D dalvikvm: GC_FOR_ALLOC freed 46K, 9% free 11546K/12615K, paused 58ms
07-08 20:49:55.504  7182  7205 D dalvikvm: GC_FOR_ALLOC freed 4K, 9% free 11542K/12615K, paused 35ms
07-08 20:49:55.504  7182  7205 I dalvikvm-heap: Grow heap (frag case) to 11.425MB for 87778-byte allocation
07-08 20:49:55.535  7182  7205 D dalvikvm: GC_FOR_ALLOC freed 96K, 10% free 11531K/12743K, paused 28ms
07-08 20:49:55.652  7182  7184 D dalvikvm: GC_CONCURRENT freed 748K, 10% free 11506K/12743K, paused 2ms+5ms
07-08 20:49:55.765  6078  6091 I PhoneLab-: Service Running
07-08 20:49:55.828  6078  6091 I PhoneLab-LoggerService: app_37    1296  1     1436   996   c00ab7c8 40010474 D logcat
07-08 20:49:55.828  6078  6091 I PhoneLab-LoggerService: Logcat pid from database 1296
07-08 20:49:55.828  6078  6091 I PhoneLab-LoggerService: Logcat process found 1296
07-08 20:49:55.828  6078  6091 I PhoneLab-LoggerService: Checking Threshold
07-08 20:49:55.855  6078  6081 D dalvikvm: GC_CONCURRENT freed 421K, 15% free 9150K/10695K, paused 2ms+2ms
07-08 20:49:56.984  7182  7184 D dalvikvm: GC_CONCURRENT freed 708K, 10% free 11518K/12743K, paused 2ms+2ms
07-08 20:49:57.054  7182  7205 D dalvikvm: GC_FOR_ALLOC freed 445K, 10% free 11590K/12743K, paused 25ms
07-08 20:49:57.191  7182  7184 D dalvikvm: GC_CONCURRENT freed 789K, 10% free 11564K/12743K, paused 2ms+3ms
07-08 20:49:58.371 27377 27379 D dalvikvm: GC_CONCURRENT freed 832K, 16% free 11892K/14023K, paused 10ms+19ms
07-08 20:49:58.476  7182  7184 D dalvikvm: GC_CONCURRENT freed 816K, 10% free 11487K/12743K, paused 2ms+2ms
07-08 20:49:58.746  7182  7184 D dalvikvm: GC_CONCURRENT freed 725K, 11% free 11468K/12743K, paused 3ms+3ms
07-08 20:49:59.000  7182  7184 D dalvikvm: GC_CONCURRENT freed 716K, 11% free 11452K/12743K, paused 2ms+4ms
07-08 20:49:59.140  7182  7184 D dalvikvm: GC_CONCURRENT freed 579K, 10% free 11564K/12743K, paused 1ms+2ms
07-08 20:49:59.265  7182  7184 D dalvikvm: GC_CONCURRENT freed 536K, 8% free 11781K/12743K, paused 2ms+3ms
07-08 20:49:59.398  7182  7184 D dalvikvm: GC_CONCURRENT freed 844K, 8% free 11769K/12743K, paused 3ms+2ms
07-08 20:49:59.531  7182  7184 D dalvikvm: GC_CONCURRENT freed 1326K, 12% free 11340K/12807K, paused 2ms+3ms
07-08 20:50:00.437   143   160 I ActivityManager: Start proc com.whatsapp for service com.whatsapp/.messaging.MessageService: pid=7213 uid=10068 gids={1015, 3003}
07-08 20:50:00.453  7213  7213 I dalvikvm: Turning on JNI app bug workarounds for target SDK version 7...
07-08 20:50:01.191  7213  7216 D dalvikvm: GC_CONCURRENT freed 168K, 3% free 9359K/9607K, paused 252ms+3ms
07-08 20:50:02.457  7182  7184 D dalvikvm: GC_CONCURRENT freed 503K, 11% free 11484K/12807K, paused 3ms+6ms
07-08 20:50:02.523  7213  7216 D dalvikvm: GC_CONCURRENT freed 264K, 4% free 9531K/9927K, paused 1ms+2ms
07-08 20:50:03.191  7182  7202 I SyncService: sync service finished (20:50:03)
07-08 20:50:03.570   143  2263 I ActivityManager: Start proc android.process.acore for content provider com.android.providers.contacts/.ContactsProvider2: pid=7233 uid=10000 gids={3003, 1015}
07-08 20:50:03.742   143 10999 D dalvikvm: GC_EXPLICIT freed 630K, 19% free 17302K/21127K, paused 13ms+9ms
07-08 20:50:03.757   143   154 I ActivityManager: Process com.google.android.apps.maps:FriendService (pid 6899) has died.
07-08 20:50:03.820  7233  7233 I ActivityThread: Pub call_log: com.android.providers.contacts.CallLogProvider
07-08 20:50:03.906  7213  7216 D dalvikvm: GC_CONCURRENT freed 245K, 4% free 9676K/10055K, paused 2ms+3ms
07-08 20:50:03.910  7233  7233 I ActivityThread: Pub com.android.voicemail: com.android.providers.contacts.VoicemailContentProvider
07-08 20:50:03.914  7233  7233 I ActivityThread: Pub user_dictionary: com.android.providers.userdictionary.UserDictionaryProvider
07-08 20:50:03.945   143   155 I ActivityManager: Process com.google.android.talk (pid 6291) has died.
07-08 20:50:03.961  7233  7233 I ActivityThread: Pub com.android.social: com.android.providers.contacts.SocialProvider
07-08 20:50:03.961  7233  7233 I ActivityThread: Pub applications: com.android.providers.applications.ApplicationsProvider
07-08 20:50:03.996  7213  7213 I dalvikvm: Could not find method android.media.MediaMetadataRetriever.captureFrame, referenced from method com.whatsapp.q3.a
07-08 20:50:03.996  7213  7213 W dalvikvm: VFY: unable to resolve virtual method 502: Landroid/media/MediaMetadataRetriever;.captureFrame ()Landroid/graphics/Bitmap;
07-08 20:50:03.996  7213  7213 D dalvikvm: VFY: replacing opcode 0x6e at 0x0134
07-08 20:50:04.136  7233  7233 I ActivityThread: Pub contacts;com.android.contacts: com.android.providers.contacts.ContactsProvider2
07-08 20:50:04.203  7233  7236 D dalvikvm: GC_CONCURRENT freed 355K, 5% free 9180K/9607K, paused 2ms+21ms
07-08 20:50:04.429  7213  7216 D dalvikvm: GC_CONCURRENT freed 337K, 5% free 9896K/10311K, paused 3ms+3ms
07-08 20:50:06.367  7233  7236 D dalvikvm: GC_CONCURRENT freed 157K, 3% free 9459K/9735K, paused 2ms+2ms
07-08 20:50:06.382  7213  7216 D dalvikvm: GC_CONCURRENT freed 217K, 4% free 10091K/10439K, paused 1ms+8ms
07-08 20:50:07.113  6030  6031 D dalvikvm: GC_CONCURRENT freed 681K, 7% free 11657K/12423K, paused 13ms+4ms
07-08 20:50:09.019  7233  7236 D dalvikvm: GC_CONCURRENT freed 273K, 5% free 9586K/9991K, paused 23ms+125ms
07-08 20:50:17.148  6860  6861 D dalvikvm: GC_CONCURRENT freed 395K, 7% free 10384K/11143K, paused 38ms+2ms
07-08 20:50:41.687   143   200 D DhcpInfoInternal: makeLinkProperties with empty dns2!
07-08 20:50:41.703   143   200 D DhcpInfoInternal: makeLinkProperties with empty dns2!
07-08 20:51:03.941   143   143 W ActivityManager: finishReceiver called but no pending broadcasts
07-08 20:51:04.027  6860  6861 D dalvikvm: GC_CONCURRENT freed 382K, 6% free 10514K/11143K, paused 2ms+2ms
07-08 20:51:16.984   659   661 D dalvikvm: GC_CONCURRENT freed 536K, 9% free 10313K/11271K, paused 7ms+8ms
07-08 20:52:16.937  6860  6861 D dalvikvm: GC_CONCURRENT freed 635K, 7% free 10390K/11143K, paused 2ms+2ms
07-08 20:52:17.058   659   661 D dalvikvm: GC_CONCURRENT freed 432K, 9% free 10306K/11271K, paused 1ms+3ms
07-08 20:53:06.578   143   200 D DhcpInfoInternal: makeLinkProperties with empty dns2!
07-08 20:53:06.582   143   200 D DhcpInfoInternal: makeLinkProperties with empty dns2!
07-08 20:54:07.586  6860  6861 D dalvikvm: GC_CONCURRENT freed 345K, 7% free 10430K/11143K, paused 43ms+2ms
07-08 20:54:07.796   143 24239 W ActivityManager: finishReceiver called but no pending broadcasts
07-08 20:54:15.062  6860  6861 D dalvikvm: GC_CONCURRENT freed 433K, 6% free 10496K/11143K, paused 2ms+8ms
07-08 20:54:17.121   659   661 D dalvikvm: GC_CONCURRENT freed 501K, 9% free 10317K/11271K, paused 1ms+2ms
07-08 20:55:11.453  6030  6031 D dalvikvm: GC_CONCURRENT freed 779K, 8% free 11652K/12551K, paused 10ms+3ms
07-08 20:55:17.125  6860  6861 D dalvikvm: GC_CONCURRENT freed 612K, 7% free 10395K/11143K, paused 1ms+8ms
07-08 20:55:31.230   143   200 D DhcpInfoInternal: makeLinkProperties with empty dns2!
07-08 20:55:31.230   143   200 D DhcpInfoInternal: makeLinkProperties with empty dns2!
07-08 20:56:17.136   659   661 D dalvikvm: GC_CONCURRENT freed 505K, 9% free 10318K/11271K, paused 11ms+7ms
07-08 20:57:11.617   143   403 W ActivityManager: finishReceiver called but no pending broadcasts
07-08 20:57:11.691  6860  6861 D dalvikvm: GC_CONCURRENT freed 370K, 6% free 10536K/11143K, paused 2ms+10ms
07-08 20:57:17.109  6860  6861 D dalvikvm: GC_CONCURRENT freed 655K, 7% free 10393K/11143K, paused 3ms+2ms
07-08 20:57:17.242   659   661 D dalvikvm: GC_CONCURRENT freed 446K, 9% free 10318K/11271K, paused 2ms+2ms
07-08 20:57:55.922   143   200 D DhcpInfoInternal: makeLinkProperties with empty dns2!
07-08 20:57:55.922   143   200 D DhcpInfoInternal: makeLinkProperties with empty dns2!
07-08 20:58:17.312   143 26971 D dalvikvm: JIT code cache reset in 4 ms (1048356 bytes 21/0)
07-08 20:58:17.339   143 26971 D dalvikvm: GC_EXPLICIT freed 1556K, 18% free 17410K/21127K, paused 15ms+15ms
07-08 20:59:13.648 22025 25183 I EventLogService: Aggregate from 1341793753484 (log), 1341793753484 (data)
07-08 20:59:17.222  6860  6861 D dalvikvm: GC_CONCURRENT freed 503K, 7% free 10401K/11143K, paused 2ms+3ms
07-08 20:59:17.367   659   661 D dalvikvm: GC_CONCURRENT freed 505K, 9% free 10324K/11271K, paused 2ms+10ms
07-08 20:59:20.027  6078  6091 I PhoneLab-: Service Running
07-08 20:59:20.086   143   143 I ActivityManager: Process android.process.media (pid 5927) has died.
07-08 20:59:20.148  6078  6091 I PhoneLab-LoggerService: app_37    1296  1     1436   996   c00f181c 400107b4 S logcat
07-08 20:59:20.148  6078  6091 I PhoneLab-LoggerService: Logcat pid from database 1296
07-08 20:59:20.148  6078  6091 I PhoneLab-LoggerService: Logcat process found 1296
07-08 20:59:20.152  6078  6091 I PhoneLab-LoggerService: Checking Threshold
07-08 20:59:20.156  6078  6091 I PhoneLab-: Service Running
07-08 20:59:20.183  6078  6091 I PhoneLab-LoggerService: app_37    1296  1     1436   996   c00f181c 400107b4 S logcat
07-08 20:59:20.183  6078  6091 I PhoneLab-LoggerService: Logcat pid from database 1296
07-08 20:59:20.187  6078  6091 I PhoneLab-LoggerService: Logcat process found 1296
07-08 20:59:20.187  6078  6091 I PhoneLab-LoggerService: Checking Threshold
07-08 20:59:20.187  6078  6091 I PhoneLab-: Service Running
07-08 20:59:20.214  6078  6091 I PhoneLab-LoggerService: app_37    1296  1     1436   996   c00f181c 400107b4 S logcat
07-08 20:59:20.214  6078  6091 I PhoneLab-LoggerService: Logcat pid from database 1296
07-08 20:59:20.214  6078  6091 I PhoneLab-LoggerService: Logcat process found 1296
07-08 20:59:20.214  6078  6091 I PhoneLab-LoggerService: Checking Threshold
07-08 20:59:20.214  6078  6091 I PhoneLab-: Service Running
07-08 20:59:20.242  6078  6091 I PhoneLab-LoggerService: app_37    1296  1     1436   996   c00f181c 400107b4 S logcat
07-08 20:59:20.246  6078  6091 I PhoneLab-LoggerService: Logcat pid from database 1296
07-08 20:59:20.246  6078  6091 I PhoneLab-LoggerService: Logcat process found 1296
07-08 20:59:20.246  6078  6091 I PhoneLab-LoggerService: Checking Threshold
07-08 21:00:15.492   143   143 W ActivityManager: finishReceiver called but no pending broadcasts
07-08 21:00:15.574  6860  6861 D dalvikvm: GC_CONCURRENT freed 411K, 6% free 10501K/11143K, paused 3ms+2ms
07-08 21:00:16.011  6030  6031 D dalvikvm: GC_CONCURRENT freed 746K, 8% free 11687K/12615K, paused 58ms+3ms
07-08 21:00:17.382  6860  6861 D dalvikvm: GC_CONCURRENT freed 521K, 7% free 10387K/11143K, paused 2ms+6ms
07-08 21:00:20.836   143   200 D DhcpInfoInternal: makeLinkProperties with empty dns2!
07-08 21:00:20.843   143   200 D DhcpInfoInternal: makeLinkProperties with empty dns2!
07-08 21:01:17.511   659   661 D dalvikvm: GC_CONCURRENT freed 524K, 9% free 10311K/11271K, paused 2ms+4ms
07-08 21:01:47.761  5963  7390 I SqliteDatabaseCpp: sqlite returned: error code = 1, msg = no such column: wipeout_stats, db=/data/data/com.google.android.apps.plus/databases/es0.db
07-08 21:01:47.761  5963  7390 W System.err: android.database.sqlite.SQLiteException: no such column: wipeout_stats: , while compiling: SELECT wipeout_stats  FROM account_status
07-08 21:01:47.828  5963  7390 W System.err: 	at android.database.sqlite.SQLiteCompiledSql.native_compile(Native Method)
07-08 21:01:47.828  5963  7390 W System.err: 	at android.database.sqlite.SQLiteCompiledSql.<init>(SQLiteCompiledSql.java:68)
07-08 21:01:47.828  5963  7390 W System.err: 	at android.database.sqlite.SQLiteProgram.compileSql(SQLiteProgram.java:143)
07-08 21:01:47.828  5963  7390 W System.err: 	at android.database.sqlite.SQLiteProgram.compileAndbindAllArgs(SQLiteProgram.java:361)
07-08 21:01:47.828  5963  7390 W System.err: 	at android.database.sqlite.SQLiteStatement.acquireAndLock(SQLiteStatement.java:260)
07-08 21:01:47.828  5963  7390 W System.err: 	at android.database.sqlite.SQLiteStatement.simpleQueryForLong(SQLiteStatement.java:137)
07-08 21:01:47.828  5963  7390 W System.err: 	at android.database.DatabaseUtils.longForQuery(DatabaseUtils.java:791)
07-08 21:01:47.828  5963  7390 W System.err: 	at android.database.DatabaseUtils.longForQuery(DatabaseUtils.java:779)
07-08 21:01:47.828  5963  7390 W System.err: 	at com.google.android.apps.plus.content.EsAccountsData.isContactsStatsWipeoutNeeded(EsAccountsData.java:641)
07-08 21:01:47.828  5963  7390 W System.err: 	at com.google.android.apps.plus.service.EsService.processIntent(EsService.java:4246)
07-08 21:01:47.828  5963  7390 W System.err: 	at com.google.android.apps.plus.service.ServiceThread$1.run(ServiceThread.java:50)
07-08 21:01:47.828  5963  7390 W System.err: 	at android.os.Handler.handleCallback(Handler.java:605)
07-08 21:01:47.828  5963  7390 W System.err: 	at android.os.Handler.dispatchMessage(Handler.java:92)
07-08 21:01:47.828  5963  7390 W System.err: 	at android.os.Looper.loop(Looper.java:137)
07-08 21:01:47.832  5963  7390 W System.err: 	at com.google.android.apps.plus.service.ServiceThread.run(ServiceThread.java:122)
07-08 21:01:50.703  5963  5966 D dalvikvm: GC_CONCURRENT freed 1166K, 18% free 13392K/16327K, paused 16ms+5ms
07-08 21:01:58.324  5963  5966 D dalvikvm: GC_CONCURRENT freed 1383K, 19% free 13355K/16327K, paused 7ms+4ms
07-08 21:01:59.132  6078  6091 I PhoneLab-: Service Running
07-08 21:01:59.234  6078  6091 I PhoneLab-LoggerService: app_37    1296  1     1436   996   c00f181c 400107b4 S logcat
07-08 21:01:59.234  6078  6091 I PhoneLab-LoggerService: Logcat pid from database 1296
07-08 21:01:59.234  6078  6091 I PhoneLab-LoggerService: Logcat process found 1296
07-08 21:01:59.234  6078  6091 I PhoneLab-LoggerService: Checking Threshold
07-08 21:01:59.234  6078  6091 I PhoneLab-: Service Running
07-08 21:01:59.265  6078  6091 I PhoneLab-LoggerService: app_37    1296  1     1436   996   c00f181c 400107b4 S logcat
07-08 21:01:59.265  6078  6091 I PhoneLab-LoggerService: Logcat pid from database 1296
07-08 21:01:59.265  6078  6091 I PhoneLab-LoggerService: Logcat process found 1296
07-08 21:01:59.265  6078  6091 I PhoneLab-LoggerService: Checking Threshold
07-08 21:02:07.601  5963  7391 D dalvikvm: GC_FOR_ALLOC freed 776K, 17% free 13697K/16327K, paused 52ms
07-08 21:02:07.640  5963  7391 D dalvikvm: GC_FOR_ALLOC freed 402K, 17% free 13634K/16327K, paused 40ms
07-08 21:02:07.644  5963  7391 I dalvikvm-heap: Grow heap (frag case) to 13.718MB for 348854-byte allocation
07-08 21:02:07.699  5963  7391 D dalvikvm: GC_FOR_ALLOC freed 0K, 17% free 13975K/16711K, paused 55ms
07-08 21:02:08.683  5963  5966 D dalvikvm: GC_CONCURRENT freed 966K, 13% free 14592K/16711K, paused 9ms+7ms
07-08 21:02:10.394  5963  5966 D dalvikvm: GC_CONCURRENT freed 1816K, 14% free 14506K/16711K, paused 2ms+2ms
07-08 21:02:15.265  5963  7391 I SqliteDatabaseCpp: sqlite returned: error code = 1, msg = no such column: last_stats_sync_time, db=/data/data/com.google.android.apps.plus/databases/es0.db
07-08 21:02:15.320  5963  7391 E EsSyncAdapterService: Sync failure
07-08 21:02:15.320  5963  7391 E EsSyncAdapterService: android.database.sqlite.SQLiteException: no such column: last_stats_sync_time: , while compiling: SELECT last_stats_sync_time  FROM account_status
07-08 21:02:15.320  5963  7391 E EsSyncAdapterService: 	at android.database.sqlite.SQLiteCompiledSql.native_compile(Native Method)
07-08 21:02:15.320  5963  7391 E EsSyncAdapterService: 	at android.database.sqlite.SQLiteCompiledSql.<init>(SQLiteCompiledSql.java:68)
07-08 21:02:15.320  5963  7391 E EsSyncAdapterService: 	at android.database.sqlite.SQLiteProgram.compileSql(SQLiteProgram.java:143)
07-08 21:02:15.320  5963  7391 E EsSyncAdapterService: 	at android.database.sqlite.SQLiteProgram.compileAndbindAllArgs(SQLiteProgram.java:361)
07-08 21:02:15.320  5963  7391 E EsSyncAdapterService: 	at android.database.sqlite.SQLiteStatement.acquireAndLock(SQLiteStatement.java:260)
07-08 21:02:15.320  5963  7391 E EsSyncAdapterService: 	at android.database.sqlite.SQLiteStatement.simpleQueryForLong(SQLiteStatement.java:137)
07-08 21:02:15.320  5963  7391 E EsSyncAdapterService: 	at android.database.DatabaseUtils.longForQuery(DatabaseUtils.java:791)
07-08 21:02:15.320  5963  7391 E EsSyncAdapterService: 	at android.database.DatabaseUtils.longForQuery(DatabaseUtils.java:779)
07-08 21:02:15.320  5963  7391 E EsSyncAdapterService: 	at com.google.android.apps.plus.content.EsAccountsData.queryLastStatsSyncTimestamp(EsAccountsData.java:570)
07-08 21:02:15.320  5963  7391 E EsSyncAdapterService: 	at com.google.android.apps.plus.service.EsSyncAdapterService.syncContactsStatsIfNecessary(EsSyncAdapterService.java:670)
07-08 21:02:15.320  5963  7391 E EsSyncAdapterService: 	at com.google.android.apps.plus.service.EsSyncAdapterService.doFullSync(EsSyncAdapterService.java:633)
07-08 21:02:15.320  5963  7391 E EsSyncAdapterService: 	at com.google.android.apps.plus.service.EsSyncAdapterService.doSync(EsSyncAdapterService.java:566)
07-08 21:02:15.320  5963  7391 E EsSyncAdapterService: 	at com.google.android.apps.plus.service.EsSyncAdapterService.access$100(EsSyncAdapterService.java:52)
07-08 21:02:15.320  5963  7391 E EsSyncAdapterService: 	at com.google.android.apps.plus.service.EsSyncAdapterService$SyncAdapterImpl.onPerformSync(EsSyncAdapterService.java:408)
07-08 21:02:15.320  5963  7391 E EsSyncAdapterService: 	at android.content.AbstractThreadedSyncAdapter$SyncThread.run(AbstractThreadedSyncAdapter.java:247)
07-08 21:02:15.347   143   169 D SyncManager: failed sync operation lokeshmandvekar@gmail.com (com.google), com.google.android.apps.plus.content.EsProvider, SERVER, earliestRunTime 96300394, SyncResult: stats [ numParseExceptions: 1]
07-08 21:02:15.351   143   169 D SyncManager: not retrying sync operation because the error is a hard error: lokeshmandvekar@gmail.com (com.google), com.google.android.apps.plus.content.EsProvider, SERVER, earliestRunTime 96328007
07-08 21:02:15.425  5963  5966 D dalvikvm: GC_CONCURRENT freed 2908K, 21% free 13301K/16711K, paused 3ms+3ms
07-08 21:02:17.410  6860  6861 D dalvikvm: GC_CONCURRENT freed 504K, 7% free 10395K/11143K, paused 10ms+2ms
07-08 21:02:17.535   659   661 D dalvikvm: GC_CONCURRENT freed 428K, 9% free 10313K/11271K, paused 2ms+2ms
07-08 21:02:23.648  7233  7236 D dalvikvm: GC_CONCURRENT freed 504K, 7% free 9485K/10119K, paused 2ms+3ms
07-08 21:02:24.027  5963  5966 D dalvikvm: GC_CONCURRENT freed 1319K, 21% free 13303K/16711K, paused 3ms+3ms
07-08 21:02:45.035  5963  5993 D dalvikvm: GC_EXPLICIT freed 501K, 21% free 13261K/16711K, paused 4ms+7ms
07-08 21:02:45.144  7213  7216 D dalvikvm: GC_CONCURRENT freed 515K, 7% free 9982K/10631K, paused 25ms+2ms
07-08 21:02:45.492   143   200 D DhcpInfoInternal: makeLinkProperties with empty dns2!
07-08 21:02:45.492   143   200 D DhcpInfoInternal: makeLinkProperties with empty dns2!
07-08 21:03:14.144  7233  7236 D dalvikvm: GC_CONCURRENT freed 315K, 6% free 9556K/10119K, paused 3ms+3ms
07-08 21:03:14.324   143   387 D dalvikvm: GC_EXPLICIT freed 1746K, 18% free 17353K/21127K, paused 12ms+7ms
07-08 21:03:15.297   143 11000 I ActivityManager: Start proc com.google.android.gsf.login for service com.google.android.gsf.login/com.google.android.gsf.loginservice.GoogleLoginService: pid=7422 uid=10009 gids={3003, 1015, 1007, 2001, 3006}
07-08 21:03:16.152  6860  6898 D dalvikvm: GC_EXPLICIT freed 55K, 7% free 10383K/11143K, paused 23ms+3ms
07-08 21:03:19.265   143   387 W ActivityManager: finishReceiver called but no pending broadcasts
07-08 21:03:19.371  6860  6861 D dalvikvm: GC_CONCURRENT freed 360K, 6% free 10535K/11143K, paused 14ms+4ms
07-08 21:03:44.597 22025 22026 D dalvikvm: GC_CONCURRENT freed 383K, 7% free 10767K/11463K, paused 9ms+8ms
07-08 21:03:44.964  7233  7246 D dalvikvm: GC_EXPLICIT freed 332K, 6% free 9517K/10119K, paused 24ms+3ms
07-08 21:04:14.117  7213  7216 D dalvikvm: GC_CONCURRENT freed 411K, 7% free 9966K/10631K, paused 67ms+8ms
07-08 21:04:17.484  6860  6861 D dalvikvm: GC_CONCURRENT freed 666K, 7% free 10380K/11143K, paused 1ms+2ms
07-08 21:04:17.621   659   661 D dalvikvm: GC_CONCURRENT freed 506K, 9% free 10319K/11271K, paused 7ms+4ms
07-08 21:04:48.574   143   159 V BackupManagerService: Running a backup pass
07-08 21:04:48.574   143   215 V BackupManagerService: Backup requested but nothing pending
07-08 21:05:10.433   143   200 D DhcpInfoInternal: makeLinkProperties with empty dns2!
07-08 21:05:10.433   143   200 D DhcpInfoInternal: makeLinkProperties with empty dns2!
07-08 21:06:17.539  6860  6861 D dalvikvm: GC_CONCURRENT freed 506K, 7% free 10386K/11143K, paused 2ms+3ms
07-08 21:06:17.582   659   661 D dalvikvm: GC_CONCURRENT freed 438K, 9% free 10270K/11271K, paused 2ms+2ms
07-08 21:06:17.625   659   659 D dalvikvm: GC_EXPLICIT freed 9K, 9% free 10260K/11271K, paused 10ms+2ms
07-08 21:06:23.160   143   143 W ActivityManager: finishReceiver called but no pending broadcasts
07-08 21:06:23.242  6860  6861 D dalvikvm: GC_CONCURRENT freed 394K, 6% free 10503K/11143K, paused 2ms+3ms
07-08 21:07:17.644   659   661 D dalvikvm: GC_CONCURRENT freed 423K, 9% free 10347K/11271K, paused 2ms+4ms
07-08 21:07:35.070   143   200 D DhcpInfoInternal: makeLinkProperties with empty dns2!
07-08 21:07:35.070   143   200 D DhcpInfoInternal: makeLinkProperties with empty dns2!
07-08 21:08:17.621  6860  6861 D dalvikvm: GC_CONCURRENT freed 628K, 7% free 10387K/11143K, paused 2ms+3ms
07-08 21:08:17.746   659   661 D dalvikvm: GC_CONCURRENT freed 444K, 9% free 10311K/11271K, paused 2ms+3ms
07-08 21:09:10.183   143   403 D dalvikvm: GC_EXPLICIT freed 977K, 19% free 17316K/21127K, paused 3ms+11ms
07-08 21:09:11.871  6078  6078 I PhoneLab-Locks: wake lock acquired
07-08 21:09:11.894  6078  7496 I PhoneLab-PeriodicCheckService: User info is synched
07-08 21:09:11.898  6078  7496 I PhoneLab-PeriodicCheckService: Logger Service is running
07-08 21:09:11.902  6078  6078 I PhoneLab-Locks: wake lock acquired
07-08 21:09:11.906  6078  6078 I PhoneLab-StatusMonitor: Status Monitoring is started
07-08 21:09:11.910  6078  7496 I PhoneLab-Locks: wake lock acquired
07-08 21:09:11.914  6078  7496 I PhoneLab-PeriodicCheckService: Rescheduling periodic checking...
07-08 21:09:11.914  6078  7496 I PhoneLab-Locks: wake lock released
07-08 21:09:11.929  6078  6078 E PhoneLab-PhoneLabManifest: java.io.FileNotFoundException: /data/data/edu.buffalo.cse.phonelab.phonelabservices/files/manifest.xml: open failed: ENOENT (No such file or directory)
07-08 21:09:11.945  6078  6078 I PhoneLab-Locks: wake lock released
07-08 21:09:11.945  6078  6078 I PhoneLab-UploadLogs: Transfering log files now
07-08 21:09:11.945  6078  6078 I PhoneLab-UploadLogs: No log files to transfer
07-08 21:09:11.945  6078  6078 I PhoneLab-Locks: wake lock released
07-08 21:09:11.949  6078  6078 I PhoneLab-UploadLogs: OnStartCommand
07-08 21:09:15.804 27032 27049 D ActivityThread: Loading provider com.spotify.mobile.android: com.spotify.mobile.android.provider.SpotifyProvider
07-08 21:09:16.136   221   223 D dalvikvm: GC_CONCURRENT freed 219K, 31% free 9925K/14215K, paused 10ms+3ms
07-08 21:09:16.226   221   223 D dalvikvm: GC_CONCURRENT freed 515K, 31% free 9876K/14215K, paused 2ms+4ms
07-08 21:09:16.531   221   223 D dalvikvm: GC_CONCURRENT freed 546K, 32% free 9726K/14215K, paused 2ms+3ms
07-08 21:09:16.589   221   223 D dalvikvm: GC_CONCURRENT freed 456K, 32% free 9725K/14215K, paused 1ms+3ms
07-08 21:09:16.695   221   223 D dalvikvm: GC_CONCURRENT freed 347K, 32% free 9803K/14215K, paused 2ms+3ms
07-08 21:09:23.816  6860  6861 D dalvikvm: GC_CONCURRENT freed 383K, 7% free 10389K/11143K, paused 39ms+2ms
07-08 21:09:26.922   143   400 W ActivityManager: finishReceiver called but no pending broadcasts
07-08 21:09:27.011  6860  6861 D dalvikvm: GC_CONCURRENT freed 403K, 6% free 10497K/11143K, paused 1ms+4ms
07-08 21:10:00.136   143   200 D DhcpInfoInternal: makeLinkProperties with empty dns2!
07-08 21:10:00.136   143   200 D DhcpInfoInternal: makeLinkProperties with empty dns2!
07-08 21:10:17.773   659   661 D dalvikvm: GC_CONCURRENT freed 492K, 9% free 10330K/11271K, paused 2ms+2ms
07-08 21:10:22.300  6030  6031 D dalvikvm: GC_CONCURRENT freed 803K, 8% free 11683K/12615K, paused 14ms+11ms
07-08 21:11:17.804  6860  6861 D dalvikvm: GC_CONCURRENT freed 624K, 7% free 10385K/11143K, paused 1ms+2ms
07-08 21:11:17.929   659   661 D dalvikvm: GC_CONCURRENT freed 429K, 9% free 10312K/11271K, paused 2ms+3ms
07-08 21:12:18.429  6078  6091 I PhoneLab-: Service Running
07-08 21:12:18.496  6078  6081 D dalvikvm: GC_CONCURRENT freed 408K, 15% free 9160K/10695K, paused 3ms+6ms
07-08 21:12:18.507  6078  6091 I PhoneLab-LoggerService: app_37    1296  1     1436   996   c00f181c 400107b4 S logcat
07-08 21:12:18.507  6078  6091 I PhoneLab-LoggerService: Logcat pid from database 1296
07-08 21:12:18.507  6078  6091 I PhoneLab-LoggerService: Logcat process found 1296
07-08 21:12:18.507  6078  6091 I PhoneLab-LoggerService: Checking Threshold
07-08 21:12:18.507  6078  6091 I PhoneLab-: Service Running
07-08 21:12:18.539  6078  6091 I PhoneLab-LoggerService: app_37    1296  1     1436   996   c00f181c 400107b4 S logcat
07-08 21:12:18.539  6078  6091 I PhoneLab-LoggerService: Logcat pid from database 1296
07-08 21:12:18.539  6078  6091 I PhoneLab-LoggerService: Logcat process found 1296
07-08 21:12:18.539  6078  6091 I PhoneLab-LoggerService: Checking Threshold
07-08 21:12:18.539  6078  6091 I PhoneLab-: Service Running
07-08 21:12:18.570  6078  6091 I PhoneLab-LoggerService: app_37    1296  1     1436   996   c00f181c 400107b4 S logcat
07-08 21:12:18.570  6078  6091 I PhoneLab-LoggerService: Logcat pid from database 1296
07-08 21:12:18.570  6078  6091 I PhoneLab-LoggerService: Logcat process found 1296
07-08 21:12:18.570  6078  6091 I PhoneLab-LoggerService: Checking Threshold
07-08 21:12:18.570  6078  6091 I PhoneLab-: Service Running
07-08 21:12:18.597  6078  6091 I PhoneLab-LoggerService: app_37    1296  1     1436   996   c00f181c 400107b4 S logcat
07-08 21:12:18.597  6078  6091 I PhoneLab-LoggerService: Logcat pid from database 1296
07-08 21:12:18.597  6078  6091 I PhoneLab-LoggerService: Logcat process found 1296
07-08 21:12:18.597  6078  6091 I PhoneLab-LoggerService: Checking Threshold
07-08 21:12:18.601  6078  6091 I PhoneLab-: Service Running
07-08 21:12:18.629  6078  6091 I PhoneLab-LoggerService: app_37    1296  1     1436   996   c00f181c 400107b4 S logcat
07-08 21:12:18.629  6078  6091 I PhoneLab-LoggerService: Logcat pid from database 1296
07-08 21:12:18.629  6078  6091 I PhoneLab-LoggerService: Logcat process found 1296
07-08 21:12:18.629  6078  6091 I PhoneLab-LoggerService: Checking Threshold
07-08 21:12:22.269 27032 27049 D ActivityThread: Loading provider com.spotify.mobile.android: com.spotify.mobile.android.provider.SpotifyProvider
07-08 21:12:22.355 27032 27049 D dalvikvm: GC_EXPLICIT freed 275K, 13% free 15143K/17223K, paused 2ms+3ms
07-08 21:12:22.410   221   223 D dalvikvm: GC_CONCURRENT freed 326K, 31% free 9924K/14215K, paused 2ms+3ms
07-08 21:12:22.511   221   223 D dalvikvm: GC_CONCURRENT freed 519K, 31% free 9882K/14215K, paused 2ms+5ms
07-08 21:12:23.074   221   223 D dalvikvm: GC_CONCURRENT freed 553K, 32% free 9727K/14215K, paused 2ms+2ms
07-08 21:12:23.125   221   223 D dalvikvm: GC_CONCURRENT freed 454K, 32% free 9726K/14215K, paused 1ms+2ms
07-08 21:12:23.211   221   223 D dalvikvm: GC_CONCURRENT freed 311K, 31% free 9861K/14215K, paused 1ms+3ms
07-08 21:12:25.023   143   200 D DhcpInfoInternal: makeLinkProperties with empty dns2!
07-08 21:12:25.031   143   200 D DhcpInfoInternal: makeLinkProperties with empty dns2!
07-08 21:12:30.746   143 24239 W ActivityManager: finishReceiver called but no pending broadcasts
07-08 21:12:30.816  6860  6861 D dalvikvm: GC_CONCURRENT freed 410K, 6% free 10486K/11143K, paused 7ms+4ms
07-08 21:13:17.890  6860  6861 D dalvikvm: GC_CONCURRENT freed 500K, 7% free 10382K/11143K, paused 1ms+2ms
07-08 21:13:18.074   659   661 D dalvikvm: GC_CONCURRENT freed 481K, 9% free 10339K/11271K, paused 2ms+3ms
07-08 21:14:18.070  6860  6861 D dalvikvm: GC_CONCURRENT freed 501K, 7% free 10392K/11143K, paused 2ms+4ms
07-08 21:14:18.230   659   661 D dalvikvm: GC_CONCURRENT freed 448K, 9% free 10308K/11271K, paused 2ms+2ms
07-08 21:14:18.328  6860  6861 D dalvikvm: GC_CONCURRENT freed 432K, 7% free 10427K/11143K, paused 1ms+2ms
07-08 21:14:49.480   143   200 D DhcpInfoInternal: makeLinkProperties with empty dns2!
07-08 21:14:49.480   143   200 D DhcpInfoInternal: makeLinkProperties with empty dns2!
07-08 21:15:25.281 27032 27049 D ActivityThread: Loading provider com.spotify.mobile.android: com.spotify.mobile.android.provider.SpotifyProvider
07-08 21:15:25.390   221   223 D dalvikvm: GC_CONCURRENT freed 407K, 31% free 9919K/14215K, paused 1ms+3ms
07-08 21:15:25.445   221   221 D dalvikvm: GC_FOR_ALLOC freed 626K, 32% free 9732K/14215K, paused 18ms
07-08 21:15:25.566   221   223 D dalvikvm: GC_CONCURRENT freed 375K, 32% free 9763K/14215K, paused 2ms+3ms
07-08 21:15:26.078   221   221 D dalvikvm: GC_FOR_ALLOC freed 398K, 32% free 9727K/14215K, paused 17ms
07-08 21:15:26.144   221   223 D dalvikvm: GC_CONCURRENT freed 313K, 31% free 9861K/14215K, paused 2ms+2ms
07-08 21:15:26.468   143   143 D dalvikvm: GC_EXPLICIT freed 1046K, 18% free 17345K/21127K, paused 3ms+9ms
07-08 21:15:34.629   143   400 W ActivityManager: finishReceiver called but no pending broadcasts
07-08 21:15:34.695  6860  6861 D dalvikvm: GC_CONCURRENT freed 402K, 6% free 10536K/11143K, paused 2ms+3ms
07-08 21:16:18.132  6860  6861 D dalvikvm: GC_CONCURRENT freed 666K, 7% free 10381K/11143K, paused 2ms+2ms
07-08 21:16:18.257   659   661 D dalvikvm: GC_CONCURRENT freed 475K, 9% free 10343K/11271K, paused 2ms+4ms
07-08 21:17:13.550  7213  7216 D dalvikvm: GC_CONCURRENT freed 418K, 7% free 9933K/10631K, paused 8ms+3ms
07-08 21:17:14.375   143   200 D DhcpInfoInternal: makeLinkProperties with empty dns2!
07-08 21:17:14.386   143   200 D DhcpInfoInternal: makeLinkProperties with empty dns2!
07-08 21:17:18.336   659   661 D dalvikvm: GC_CONCURRENT freed 469K, 9% free 10313K/11271K, paused 2ms+2ms
07-08 21:18:16.964   221   223 D dalvikvm: GC_CONCURRENT freed 552K, 32% free 9695K/14215K, paused 2ms+2ms
07-08 21:18:18.261  6860  6861 D dalvikvm: GC_CONCURRENT freed 507K, 7% free 10385K/11143K, paused 2ms+4ms
07-08 21:18:37.465 27032 27049 D ActivityThread: Loading provider com.spotify.mobile.android: com.spotify.mobile.android.provider.SpotifyProvider
07-08 21:18:37.586   221   223 D dalvikvm: GC_CONCURRENT freed 212K, 31% free 9912K/14215K, paused 1ms+4ms
07-08 21:18:37.640   221   223 D dalvikvm: GC_CONCURRENT freed 610K, 32% free 9732K/14215K, paused 2ms+3ms
07-08 21:18:37.781   221   223 D dalvikvm: GC_CONCURRENT freed 383K, 32% free 9734K/14215K, paused 2ms+3ms
07-08 21:18:38.273   221   221 D dalvikvm: GC_FOR_ALLOC freed 372K, 32% free 9726K/14215K, paused 17ms
07-08 21:18:38.343   221   223 D dalvikvm: GC_CONCURRENT freed 313K, 31% free 9859K/14215K, paused 2ms+3ms
07-08 21:18:38.683   143   400 W ActivityManager: finishReceiver called but no pending broadcasts
07-08 21:18:38.765  6860  6861 D dalvikvm: GC_CONCURRENT freed 396K, 6% free 10501K/11143K, paused 1ms+2ms
07-08 21:19:18.394 22025 22099 D dalvikvm: GC_EXPLICIT freed 308K, 7% free 10760K/11463K, paused 2ms+5ms
07-08 21:19:18.437  6860  6861 D dalvikvm: GC_CONCURRENT freed 522K, 7% free 10385K/11143K, paused 2ms+2ms
07-08 21:19:18.492   659   661 D dalvikvm: GC_CONCURRENT freed 497K, 9% free 10328K/11271K, paused 6ms+2ms
07-08 21:19:39.234   143   200 D DhcpInfoInternal: makeLinkProperties with empty dns2!
07-08 21:19:39.238   143   200 D DhcpInfoInternal: makeLinkProperties with empty dns2!
07-08 21:20:18.472   659   661 D dalvikvm: GC_CONCURRENT freed 453K, 9% free 10315K/11271K, paused 2ms+2ms
07-08 21:20:27.546  6030  6031 D dalvikvm: GC_CONCURRENT freed 788K, 8% free 11724K/12615K, paused 22ms+3ms
07-08 21:21:00.046  6078  6091 I PhoneLab-: Service Running
07-08 21:21:00.113  6078  6091 I PhoneLab-LoggerService: app_37    1296  1     1436   996   c00f181c 400107b4 S logcat
07-08 21:21:00.113  6078  6091 I PhoneLab-LoggerService: Logcat pid from database 1296
07-08 21:21:00.113  6078  6091 I PhoneLab-LoggerService: Logcat process found 1296
07-08 21:21:00.113  6078  6091 I PhoneLab-LoggerService: Checking Threshold
07-08 21:21:00.113  6078  6091 I PhoneLab-: Service Running
07-08 21:21:00.160  6078  6091 I PhoneLab-LoggerService: app_37    1296  1     1436   996   c00f181c 400107b4 S logcat
07-08 21:21:00.164  6078  6091 I PhoneLab-LoggerService: Logcat pid from database 1296
07-08 21:21:00.164  6078  6091 I PhoneLab-LoggerService: Logcat process found 1296
07-08 21:21:00.164  6078  6091 I PhoneLab-LoggerService: Checking Threshold
07-08 21:21:00.164  6078  6091 I PhoneLab-: Service Running
07-08 21:21:00.191  6078  6091 I PhoneLab-LoggerService: app_37    1296  1     1436   996   c00f181c 400107b4 S logcat
07-08 21:21:00.191  6078  6091 I PhoneLab-LoggerService: Logcat pid from database 1296
07-08 21:21:00.191  6078  6091 I PhoneLab-LoggerService: Logcat process found 1296
07-08 21:21:00.191  6078  6091 I PhoneLab-LoggerService: Checking Threshold
07-08 21:21:00.195  6078  6091 I PhoneLab-: Service Running
07-08 21:21:00.230  6078  6081 D dalvikvm: GC_CONCURRENT freed 416K, 15% free 9150K/10695K, paused 3ms+2ms
07-08 21:21:00.246  6078  6091 I PhoneLab-LoggerService: app_37    1296  1     1436   996   c00f181c 400107b4 S logcat
07-08 21:21:00.246  6078  6091 I PhoneLab-LoggerService: Logcat pid from database 1296
07-08 21:21:00.246  6078  6091 I PhoneLab-LoggerService: Logcat process found 1296
07-08 21:21:00.246  6078  6091 I PhoneLab-LoggerService: Checking Threshold
07-08 21:21:18.457  6860  6861 D dalvikvm: GC_CONCURRENT freed 507K, 7% free 10389K/11143K, paused 2ms+2ms
07-08 21:21:42.433 27032 27049 D ActivityThread: Loading provider com.spotify.mobile.android: com.spotify.mobile.android.provider.SpotifyProvider
07-08 21:21:42.492   143   154 W ActivityManager: finishReceiver called but no pending broadcasts
07-08 21:21:42.511   221   223 D dalvikvm: GC_CONCURRENT freed 535K, 32% free 9745K/14215K, paused 9ms+3ms
07-08 21:21:42.589   221   221 D dalvikvm: GC_FOR_ALLOC freed 366K, 32% free 9739K/14215K, paused 15ms
07-08 21:21:42.632   221   223 D dalvikvm: GC_CONCURRENT freed 474K, 32% free 9732K/14215K, paused 1ms+3ms
07-08 21:21:42.714   221   223 D dalvikvm: GC_CONCURRENT freed 414K, 31% free 9826K/14215K, paused 1ms+2ms
07-08 21:21:42.742  6860  6861 D dalvikvm: GC_CONCURRENT freed 392K, 6% free 10509K/11143K, paused 14ms+3ms
07-08 21:21:43.300   221   223 D dalvikvm: GC_CONCURRENT freed 512K, 32% free 9727K/14215K, paused 2ms+3ms
07-08 21:21:43.363   221   223 D dalvikvm: GC_CONCURRENT freed 315K, 31% free 9859K/14215K, paused 2ms+2ms
07-08 21:21:43.527   221   223 D dalvikvm: GC_CONCURRENT freed 506K, 32% free 9738K/14215K, paused 6ms+7ms
07-08 21:22:04.097   143   200 D DhcpInfoInternal: makeLinkProperties with empty dns2!
07-08 21:22:04.101   143   200 D DhcpInfoInternal: makeLinkProperties with empty dns2!
07-08 21:22:18.519   659   661 D dalvikvm: GC_CONCURRENT freed 481K, 9% free 10343K/11271K, paused 2ms+3ms
07-08 21:23:18.605  6860  6861 D dalvikvm: GC_CONCURRENT freed 630K, 7% free 10390K/11143K, paused 2ms+3ms
07-08 21:23:18.730   659   661 D dalvikvm: GC_CONCURRENT freed 452K, 9% free 10312K/11271K, paused 2ms+2ms
07-08 21:24:18.715   143   400 D dalvikvm: GC_EXPLICIT freed 1150K, 18% free 17363K/21127K, paused 3ms+8ms
07-08 21:24:28.980   143   200 D DhcpInfoInternal: makeLinkProperties with empty dns2!
07-08 21:24:28.992   143   200 D DhcpInfoInternal: makeLinkProperties with empty dns2!
07-08 21:24:44.597  6860  6861 D dalvikvm: GC_CONCURRENT freed 367K, 7% free 10409K/11143K, paused 31ms+2ms
07-08 21:24:46.519   143   387 W ActivityManager: finishReceiver called but no pending broadcasts
07-08 21:24:46.609  6860  6861 D dalvikvm: GC_CONCURRENT freed 428K, 6% free 10492K/11143K, paused 2ms+2ms
07-08 21:25:18.765   659   661 D dalvikvm: GC_CONCURRENT freed 485K, 9% free 10331K/11271K, paused 2ms+2ms
07-08 21:25:31.836  6030  6031 D dalvikvm: GC_CONCURRENT freed 814K, 8% free 11736K/12679K, paused 26ms+3ms
07-08 21:25:32.511  6030  7693 I DatabaseHelper: Begin cleanup.
07-08 21:25:32.554  6030  7693 I DatabaseHelper: Cleaned up: 0
07-08 21:26:04.125  6078  6091 I PhoneLab-: Service Running
07-08 21:26:04.168  6078  6091 I PhoneLab-LoggerService: app_37    1296  1     1436   996   c00f181c 400107b4 S logcat
07-08 21:26:04.168  6078  6091 I PhoneLab-LoggerService: Logcat pid from database 1296
07-08 21:26:04.168  6078  6091 I PhoneLab-LoggerService: Logcat process found 1296
07-08 21:26:04.168  6078  6091 I PhoneLab-LoggerService: Checking Threshold
07-08 21:26:04.168  6078  6091 I PhoneLab-: Service Running
07-08 21:26:04.203  6078  6091 I PhoneLab-LoggerService: app_37    1296  1     1436   996   c00f181c 400107b4 S logcat
07-08 21:26:04.203  6078  6091 I PhoneLab-LoggerService: Logcat pid from database 1296
07-08 21:26:04.203  6078  6091 I PhoneLab-LoggerService: Logcat process found 1296
07-08 21:26:04.203  6078  6091 I PhoneLab-LoggerService: Checking Threshold
07-08 21:26:04.203  6078  6091 I PhoneLab-: Service Running
07-08 21:26:04.234  6078  6091 I PhoneLab-LoggerService: app_37    1296  1     1436   996   c00f181c 400107b4 S logcat
07-08 21:26:04.234  6078  6091 I PhoneLab-LoggerService: Logcat pid from database 1296
07-08 21:26:04.234  6078  6091 I PhoneLab-LoggerService: Logcat process found 1296
07-08 21:26:04.234  6078  6091 I PhoneLab-LoggerService: Checking Threshold
07-08 21:26:18.777  6860  6861 D dalvikvm: GC_CONCURRENT freed 617K, 7% free 10387K/11143K, paused 2ms+3ms
07-08 21:26:18.902   659   661 D dalvikvm: GC_CONCURRENT freed 451K, 9% free 10311K/11271K, paused 3ms+2ms
07-08 21:26:53.687   143   200 D DhcpInfoInternal: makeLinkProperties with empty dns2!
07-08 21:26:53.687   143   200 D DhcpInfoInternal: makeLinkProperties with empty dns2!
07-08 21:27:19.172   659   661 D dalvikvm: GC_CONCURRENT freed 436K, 9% free 10345K/11271K, paused 13ms+2ms
07-08 21:27:49.312 27032 27049 D ActivityThread: Loading provider com.spotify.mobile.android: com.spotify.mobile.android.provider.SpotifyProvider
07-08 21:27:49.437   221   223 D dalvikvm: GC_CONCURRENT freed 277K, 31% free 9920K/14215K, paused 2ms+4ms
07-08 21:27:49.488   221   223 D dalvikvm: GC_CONCURRENT freed 614K, 32% free 9732K/14215K, paused 3ms+3ms
07-08 21:27:49.609   221   223 D dalvikvm: GC_CONCURRENT freed 368K, 32% free 9762K/14215K, paused 2ms+3ms
07-08 21:27:50.195   221   221 D dalvikvm: GC_FOR_ALLOC freed 400K, 32% free 9726K/14215K, paused 17ms
07-08 21:27:50.261   221   223 D dalvikvm: GC_CONCURRENT freed 313K, 31% free 9857K/14215K, paused 2ms+4ms
07-08 21:27:50.300   143   311 W ActivityManager: finishReceiver called but no pending broadcasts
07-08 21:27:50.379  6860  6861 D dalvikvm: GC_CONCURRENT freed 390K, 6% free 10508K/11143K, paused 2ms+3ms
07-08 21:28:18.906  6860  6861 D dalvikvm: GC_CONCURRENT freed 590K, 7% free 10429K/11143K, paused 8ms+2ms
07-08 21:28:19.035   659   661 D dalvikvm: GC_CONCURRENT freed 524K, 9% free 10332K/11271K, paused 2ms+3ms
07-08 21:29:13.828 22025 23031 I EventLogService: Aggregate from 1341795553653 (log), 1341795553653 (data)
07-08 21:29:18.277   143   200 D DhcpInfoInternal: makeLinkProperties with empty dns2!
07-08 21:29:18.277   143   200 D DhcpInfoInternal: makeLinkProperties with empty dns2!
07-08 21:29:19.007   659   661 D dalvikvm: GC_CONCURRENT freed 528K, 9% free 10312K/11271K, paused 2ms+2ms
07-08 21:30:18.125  6860  6861 D dalvikvm: GC_CONCURRENT freed 438K, 7% free 10379K/11143K, paused 2ms+2ms
07-08 21:30:19.492   659   661 D dalvikvm: GC_CONCURRENT freed 391K, 9% free 10318K/11271K, paused 2ms+2ms
07-08 21:30:54.148   143   155 W ActivityManager: finishReceiver called but no pending broadcasts
07-08 21:30:54.218  6860  6861 D dalvikvm: GC_CONCURRENT freed 355K, 6% free 10535K/11143K, paused 2ms+3ms
07-08 21:30:54.300 27032 27049 D ActivityThread: Loading provider com.spotify.mobile.android: com.spotify.mobile.android.provider.SpotifyProvider
07-08 21:30:54.363   221   223 D dalvikvm: GC_CONCURRENT freed 531K, 32% free 9740K/14215K, paused 2ms+3ms
07-08 21:30:54.449   221   221 D dalvikvm: GC_FOR_ALLOC freed 362K, 32% free 9739K/14215K, paused 18ms
07-08 21:30:54.507   221   223 D dalvikvm: GC_CONCURRENT freed 326K, 31% free 9873K/14215K, paused 2ms+4ms
07-08 21:30:54.609   221   223 D dalvikvm: GC_CONCURRENT freed 478K, 31% free 9809K/14215K, paused 2ms+5ms
07-08 21:30:55.172   221   221 D dalvikvm: GC_FOR_ALLOC freed 450K, 32% free 9727K/14215K, paused 16ms
07-08 21:30:55.230   221   223 D dalvikvm: GC_CONCURRENT freed 317K, 31% free 9863K/14215K, paused 2ms+3ms
07-08 21:31:18.074   221   223 D dalvikvm: GC_CONCURRENT freed 555K, 32% free 9695K/14215K, paused 6ms+4ms
07-08 21:31:19.390  6860  6861 D dalvikvm: GC_CONCURRENT freed 661K, 7% free 10385K/11143K, paused 1ms+2ms
07-08 21:31:19.464   659  1276 D dalvikvm: GC_EXPLICIT freed 69K, 9% free 10265K/11271K, paused 2ms+2ms
07-08 21:31:43.902   143   200 D DhcpInfoInternal: makeLinkProperties with empty dns2!
07-08 21:31:43.910   143   200 D DhcpInfoInternal: makeLinkProperties with empty dns2!
07-08 21:31:47.593   143   155 D dalvikvm: GC_EXPLICIT freed 1206K, 18% free 17379K/21127K, paused 7ms+8ms
07-08 21:31:47.824   659   661 D dalvikvm: GC_CONCURRENT freed 390K, 9% free 10281K/11271K, paused 2ms+6ms
07-08 21:31:50.738   659   661 D dalvikvm: GC_CONCURRENT freed 430K, 9% free 10361K/11271K, paused 1ms+3ms
07-08 21:31:50.785   659   670 E SQLiteDatabase: close() was never explicitly called on database '/data/data/com.google.android.apps.maps/databases/google_latitude_history.db' 
07-08 21:31:50.785   659   670 E SQLiteDatabase: android.database.sqlite.DatabaseObjectNotClosedException: Application did not close the cursor or database object that was opened here
07-08 21:31:50.785   659   670 E SQLiteDatabase: 	at android.database.sqlite.SQLiteDatabase.<init>(SQLiteDatabase.java:1943)
07-08 21:31:50.785   659   670 E SQLiteDatabase: 	at android.database.sqlite.SQLiteDatabase.openDatabase(SQLiteDatabase.java:1007)
07-08 21:31:50.785   659   670 E SQLiteDatabase: 	at android.database.sqlite.SQLiteDatabase.openDatabase(SQLiteDatabase.java:986)
07-08 21:31:50.785   659   670 E SQLiteDatabase: 	at android.database.sqlite.SQLiteDatabase.openOrCreateDatabase(SQLiteDatabase.java:1051)
07-08 21:31:50.785   659   670 E SQLiteDatabase: 	at android.app.ContextImpl.openOrCreateDatabase(ContextImpl.java:770)
07-08 21:31:50.785   659   670 E SQLiteDatabase: 	at android.content.ContextWrapper.openOrCreateDatabase(ContextWrapper.java:221)
07-08 21:31:50.785   659   670 E SQLiteDatabase: 	at android.database.sqlite.SQLiteOpenHelper.getWritableDatabase(SQLiteOpenHelper.java:157)
07-08 21:31:50.785   659   670 E SQLiteDatabase: 	at com.google.googlenav.friend.history.n.a(SourceFile:61)
07-08 21:31:50.785   659   670 E SQLiteDatabase: 	at com.google.googlenav.friend.reporting.LocationPrivacyService.a(SourceFile:180)
07-08 21:31:50.785   659   670 E SQLiteDatabase: 	at com.google.googlenav.friend.reporting.LocationPrivacyService.onHandleIntent(SourceFile:118)
07-08 21:31:50.785   659   670 E SQLiteDatabase: 	at android.app.IntentService$ServiceHandler.handleMessage(IntentService.java:65)
07-08 21:31:50.785   659   670 E SQLiteDatabase: 	at android.os.Handler.dispatchMessage(Handler.java:99)
07-08 21:31:50.785   659   670 E SQLiteDatabase: 	at android.os.Looper.loop(Looper.java:137)
07-08 21:31:50.785   659   670 E SQLiteDatabase: 	at android.os.HandlerThread.run(HandlerThread.java:60)
07-08 21:31:50.789   659   670 E System  : Uncaught exception thrown by finalizer
07-08 21:31:50.800   659   670 E System  : java.lang.IllegalStateException: Don't have database lock!
07-08 21:31:50.800   659   670 E System  : 	at android.database.sqlite.SQLiteDatabase.verifyLockOwner(SQLiteDatabase.java:2090)
07-08 21:31:50.800   659   670 E System  : 	at android.database.sqlite.SQLiteDatabase$1.entryRemoved(SQLiteDatabase.java:2182)
07-08 21:31:50.800   659   670 E System  : 	at android.database.sqlite.SQLiteDatabase$1.entryRemoved(SQLiteDatabase.java:2178)
07-08 21:31:50.800   659   670 E System  : 	at android.util.LruCache.trimToSize(LruCache.java:197)
07-08 21:31:50.800   659   670 E System  : 	at android.util.LruCache.evictAll(LruCache.java:285)
07-08 21:31:50.800   659   670 E System  : 	at android.database.sqlite.SQLiteDatabase.deallocCachedSqlStatements(SQLiteDatabase.java:2143)
07-08 21:31:50.800   659   670 E System  : 	at android.database.sqlite.SQLiteDatabase.closeClosable(SQLiteDatabase.java:1126)
07-08 21:31:50.800   659   670 E System  : 	at android.database.sqlite.SQLiteDatabase.finalize(SQLiteDatabase.java:1914)
07-08 21:31:50.800   659   670 E System  : 	at java.lang.Daemons$FinalizerDaemon.doFinalize(Daemons.java:182)
07-08 21:31:50.800   659   670 E System  : 	at java.lang.Daemons$FinalizerDaemon.run(Daemons.java:168)
07-08 21:31:50.800   659   670 E System  : 	at java.lang.Thread.run(Thread.java:856)
07-08 21:32:50.703  6860  6861 D dalvikvm: GC_CONCURRENT freed 506K, 7% free 10391K/11143K, paused 2ms+2ms
07-08 21:32:50.851   659   661 D dalvikvm: GC_CONCURRENT freed 488K, 8% free 10382K/11271K, paused 2ms+2ms
07-08 21:33:57.086  6860  6861 D dalvikvm: GC_CONCURRENT freed 358K, 7% free 10418K/11143K, paused 61ms+3ms
07-08 21:33:57.906   143 24239 W ActivityManager: finishReceiver called but no pending broadcasts
07-08 21:33:58.007  6860  6861 D dalvikvm: GC_CONCURRENT freed 435K, 6% free 10491K/11143K, paused 3ms+3ms
07-08 21:33:58.722 27032 27049 D ActivityThread: Loading provider com.spotify.mobile.android: com.spotify.mobile.android.provider.SpotifyProvider
07-08 21:33:58.863   221   223 D dalvikvm: GC_CONCURRENT freed 230K, 31% free 9915K/14215K, paused 1ms+3ms
07-08 21:33:58.922   221   221 D dalvikvm: GC_FOR_ALLOC freed 611K, 32% free 9732K/14215K, paused 21ms
07-08 21:33:59.039   221   223 D dalvikvm: GC_CONCURRENT freed 364K, 32% free 9762K/14215K, paused 2ms+5ms
07-08 21:33:59.554   221   221 D dalvikvm: GC_FOR_ALLOC freed 400K, 32% free 9726K/14215K, paused 15ms
07-08 21:33:59.621   221   223 D dalvikvm: GC_CONCURRENT freed 315K, 31% free 9861K/14215K, paused 2ms+8ms
07-08 21:34:08.793   143   200 D DhcpInfoInternal: makeLinkProperties with empty dns2!
07-08 21:34:08.797   143   200 D DhcpInfoInternal: makeLinkProperties with empty dns2!
07-08 21:34:50.871   659   661 D dalvikvm: GC_CONCURRENT freed 571K, 9% free 10322K/11271K, paused 8ms+4ms
07-08 21:35:35.898   143   387 I ActivityManager: Process com.google.android.apps.googlevoice (pid 5995) has died.
07-08 21:35:35.902   143   387 W ActivityManager: Scheduling restart of crashed service com.google.android.apps.googlevoice/.UpdateService in 5000ms
07-08 21:35:35.902  6030  6031 D dalvikvm: GC_CONCURRENT freed 860K, 8% free 11685K/12679K, paused 6ms+9ms
07-08 21:35:35.902   143   387 W ActivityManager: Scheduling restart of crashed service com.google.android.apps.googlevoice/.CallLogService in 14999ms
07-08 21:35:49.226   143   160 I ActivityManager: Start proc com.google.android.apps.googlevoice for service com.google.android.apps.googlevoice/.UpdateService: pid=7812 uid=10054 gids={3003, 1015}
07-08 21:35:49.945  7812  7813 D dalvikvm: GC_CONCURRENT freed 251K, 4% free 9285K/9607K, paused 46ms+2ms
07-08 21:35:50.418   143   154 D CountryDetector: The first listener is added
07-08 21:35:50.519  7812  7813 D dalvikvm: GC_CONCURRENT freed 401K, 5% free 9454K/9927K, paused 2ms+2ms
07-08 21:35:50.519  7812  7820 W CursorWrapperInner: Cursor finalized without prior close()
07-08 21:35:50.519  7812  7820 W CursorWrapperInner: Cursor finalized without prior close()
07-08 21:35:50.519  7812  7820 W CursorWrapperInner: Cursor finalized without prior close()
07-08 21:35:50.660  7233  7236 D dalvikvm: GC_CONCURRENT freed 327K, 5% free 9669K/10119K, paused 5ms+13ms
07-08 21:35:50.824  7812  7813 D dalvikvm: GC_CONCURRENT freed 331K, 5% free 9573K/9991K, paused 1ms+3ms
07-08 21:35:50.902  6860  6861 D dalvikvm: GC_CONCURRENT freed 613K, 7% free 10389K/11143K, paused 2ms+3ms
07-08 21:35:51.269   143   155 D dalvikvm: GC_EXPLICIT freed 1109K, 18% free 17332K/21127K, paused 3ms+8ms
07-08 21:35:51.324  7812  7835 D dalvikvm: GC_FOR_ALLOC freed 150K, 5% free 9686K/10183K, paused 35ms
07-08 21:35:51.324   659   661 D dalvikvm: GC_CONCURRENT freed 458K, 9% free 10353K/11271K, paused 2ms+7ms
07-08 21:35:51.375  7233  7236 D dalvikvm: GC_CONCURRENT freed 307K, 5% free 9807K/10247K, paused 2ms+5ms
07-08 21:35:51.496  7233  7397 D dalvikvm: GC_EXPLICIT freed 207K, 6% free 9694K/10247K, paused 1ms+3ms
07-08 21:35:59.492  6078  6091 I PhoneLab-: Service Running
07-08 21:35:59.550   143 11000 I ActivityManager: Process com.google.android.maps.mytracks (pid 6947) has died.
07-08 21:35:59.613  6078  6091 I PhoneLab-LoggerService: app_37    1296  1     1436   996   c00f181c 400107b4 S logcat
07-08 21:35:59.613  6078  6091 I PhoneLab-LoggerService: Logcat pid from database 1296
07-08 21:35:59.613  6078  6091 I PhoneLab-LoggerService: Logcat process found 1296
07-08 21:35:59.613  6078  6091 I PhoneLab-LoggerService: Checking Threshold
07-08 21:35:59.613  6078  6091 I PhoneLab-: Service Running
07-08 21:35:59.648  6078  6091 I PhoneLab-LoggerService: app_37    1296  1     1436   996   c00f181c 400107b4 S logcat
07-08 21:35:59.648  6078  6091 I PhoneLab-LoggerService: Logcat pid from database 1296
07-08 21:35:59.648  6078  6091 I PhoneLab-LoggerService: Logcat process found 1296
07-08 21:35:59.648  6078  6091 I PhoneLab-LoggerService: Checking Threshold
07-08 21:35:59.648  6078  6091 I PhoneLab-: Service Running
07-08 21:35:59.675  6078  6091 I PhoneLab-LoggerService: app_37    1296  1     1436   996   c00f181c 400107b4 S logcat
07-08 21:35:59.675  6078  6091 I PhoneLab-LoggerService: Logcat pid from database 1296
07-08 21:35:59.679  6078  6091 I PhoneLab-LoggerService: Logcat process found 1296
07-08 21:35:59.679  6078  6091 I PhoneLab-LoggerService: Checking Threshold
07-08 21:35:59.679  6078  6091 I PhoneLab-: Service Running
07-08 21:35:59.714  6078  6091 I PhoneLab-LoggerService: app_37    1296  1     1436   996   c00f181c 400107b4 S logcat
07-08 21:35:59.714  6078  6091 I PhoneLab-LoggerService: Logcat pid from database 1296
07-08 21:35:59.714  6078  6091 I PhoneLab-LoggerService: Logcat process found 1296
07-08 21:35:59.714  6078  6091 I PhoneLab-LoggerService: Checking Threshold
07-08 21:35:59.714  6078  6091 I PhoneLab-: Service Running
07-08 21:35:59.742  6078  6081 D dalvikvm: GC_CONCURRENT freed 392K, 15% free 9150K/10695K, paused 2ms+2ms
07-08 21:35:59.761  6078  6091 I PhoneLab-LoggerService: app_37    1296  1     1436   996   c00f181c 400107b4 S logcat
07-08 21:35:59.761  6078  6091 I PhoneLab-LoggerService: Logcat pid from database 1296
07-08 21:35:59.761  6078  6091 I PhoneLab-LoggerService: Logcat process found 1296
07-08 21:35:59.761  6078  6091 I PhoneLab-LoggerService: Checking Threshold
07-08 21:36:33.679   143   200 D DhcpInfoInternal: makeLinkProperties with empty dns2!
07-08 21:36:33.683   143   200 D DhcpInfoInternal: makeLinkProperties with empty dns2!
07-08 21:37:01.707   143 26971 W ActivityManager: finishReceiver called but no pending broadcasts
07-08 21:37:01.769  6860  6861 D dalvikvm: GC_CONCURRENT freed 373K, 6% free 10528K/11143K, paused 2ms+3ms
07-08 21:37:15.066   143   159 I power   : *** set_screen_state 1
07-08 21:37:15.093  6078  6078 I PhoneLab-PowerOnReceiver: Power is plugged in!
07-08 21:37:15.093  6078  6078 I PhoneLab-PowerOnReceiver: Rescheduling periodic checking...
07-08 21:37:15.179  6078  6078 I PhoneLab-Locks: wake lock acquired
07-08 21:37:15.214  6078  6078 I PhoneLab-UploadLogs: Transfering log files now
07-08 21:37:15.214  6078  6078 I PhoneLab-UploadLogs: No log files to transfer
07-08 21:37:15.214  6078  6078 I PhoneLab-Locks: wake lock released
07-08 21:37:15.218  6078  6078 I PhoneLab-UploadLogs: OnStartCommand
07-08 21:37:15.230   143   177 I WindowManager: Lock screen displayed!
07-08 21:37:15.265    78   121 D SurfaceFlinger: Screen about to return, flinger = 0x1ddb918
07-08 21:37:15.273   221   221 W PowerUI : unknown intent: Intent { act=android.intent.action.ACTION_POWER_CONNECTED flg=0x10000010 }
07-08 21:37:15.320   221   223 D dalvikvm: GC_CONCURRENT freed 551K, 32% free 9699K/14215K, paused 2ms+3ms
07-08 21:37:15.609   143   403 I ActivityManager: Start proc android.process.media for content provider com.android.providers.media/.MediaProvider: pid=7868 uid=10012 gids={1015, 1023, 1024, 2001, 3003, 3007}
07-08 21:37:15.660    79    79 D dalvikvm: GC_EXPLICIT freed 38K, 4% free 9031K/9347K, paused 2ms+2ms
07-08 21:37:15.832    79    79 D dalvikvm: GC_EXPLICIT freed <1K, 4% free 9031K/9347K, paused 2ms+10ms
07-08 21:37:15.894  7868  7868 I ActivityThread: Pub downloads: com.android.providers.downloads.DownloadProvider
07-08 21:37:15.929    79    79 D dalvikvm: GC_EXPLICIT freed <1K, 4% free 9031K/9347K, paused 9ms+3ms
07-08 21:37:16.078  7868  7868 I ActivityThread: Pub drm: com.android.providers.drm.DrmProvider
07-08 21:37:16.078  7868  7883 I DownloadManager: in removeSpuriousFiles
07-08 21:37:16.089  7868  7868 I ActivityThread: Pub media: com.android.providers.media.MediaProvider
07-08 21:37:16.148   221   221 D PhoneStatusBar: disable: < expand icons alerts ticker system_info BACK HOME recent* CLOCK >
07-08 21:37:16.164   143   387 I ActivityManager: Process com.google.android.apps.uploader (pid 6163) has died.
07-08 21:37:16.308   221   221 D PhoneStatusBar: disable: < expand icons alerts ticker system_info back* home* recent clock* >
07-08 21:37:16.339  7868  7883 I DownloadManager: in removeSpuriousFiles, preserving file /data/data/com.android.providers.downloads/cache/metadata.json
07-08 21:37:16.339  7868  7883 I DownloadManager: in removeSpuriousFiles, preserving file /data/data/com.android.providers.downloads/cache/en_general.htm
07-08 21:37:16.339  7868  7883 I DownloadManager: in removeSpuriousFiles, preserving file /mnt/sdcard/Download/img-thing.jpeg
07-08 21:37:16.339  7868  7883 I DownloadManager: in removeSpuriousFiles, preserving file /data/data/com.android.providers.downloads/cache/metadata-1.json
07-08 21:37:16.339  7868  7883 I DownloadManager: in removeSpuriousFiles, preserving file /data/data/com.android.providers.downloads/cache/downloadfile.jpeg
07-08 21:37:16.339  7868  7883 I DownloadManager: in removeSpuriousFiles, preserving file /data/data/com.android.providers.downloads/cache/metadata-2.json
07-08 21:37:16.339  7868  7883 I DownloadManager: in removeSpuriousFiles, preserving file /data/data/com.android.providers.downloads/cache/metadata-3.json
07-08 21:37:16.339  7868  7883 I DownloadManager: in removeSpuriousFiles, preserving file /data/data/com.android.providers.downloads/cache/downloadfile-1.jpeg
07-08 21:37:16.339  7868  7883 I DownloadManager: in removeSpuriousFiles, preserving file /data/data/com.android.providers.downloads/cache/downloadfile-2.jpeg
07-08 21:37:16.339  7868  7883 I DownloadManager: in removeSpuriousFiles, preserving file /data/data/com.android.providers.downloads/cache/metadata-4.json
07-08 21:37:16.339  7868  7883 I DownloadManager: in removeSpuriousFiles, preserving file /data/data/com.android.providers.downloads/cache/downloadfile-1.apk
07-08 21:37:16.343  7868  7883 I DownloadManager: deleting spurious file /cache/backup
07-08 21:37:16.421   143   155 W InputManagerService: Window already focused, ignoring focus gain of: com.android.internal.view.IInputMethodClient$Stub$Proxy@41743608
07-08 21:37:16.879  7868  7870 D dalvikvm: GC_CONCURRENT freed 329K, 5% free 9207K/9607K, paused 6ms+2ms
07-08 21:37:17.035 22025 22026 D dalvikvm: JIT code cache reset in 8 ms (1047356 bytes 1/0)
07-08 21:37:17.050 22025 22026 D dalvikvm: GC_CONCURRENT freed 386K, 6% free 10833K/11463K, paused 38ms+13ms
07-08 21:37:17.554   143   181 I ActivityManager: START {act=android.intent.action.MAIN cat=[android.intent.category.HOME] flg=0x10200000 cmp=com.android.launcher/com.android.launcher2.Launcher} from pid 143
07-08 21:37:17.711   143   181 I ActivityManager: START {act=android.intent.action.MAIN cat=[android.intent.category.HOME] flg=0x10200000 cmp=com.android.launcher/com.android.launcher2.Launcher} from pid 143
07-08 21:37:18.254  7233  7236 D dalvikvm: GC_CONCURRENT freed 293K, 5% free 9821K/10247K, paused 2ms+6ms
07-08 21:37:18.504   143   173 I power   : *** set_screen_state 0
07-08 21:37:18.562    78   121 D SurfaceFlinger: About to give-up screen, flinger = 0x1ddb918
07-08 21:37:18.605   143   177 V TransportControlView: Create TCV com.android.internal.widget.TransportControlView@4174cc58
07-08 21:37:18.675   221   221 D PhoneStatusBar: disable: < expand icons alerts ticker system_info back home RECENT* clock >
07-08 21:37:18.703   221   221 D PhoneStatusBar: disable: < expand icons alerts ticker system_info BACK* HOME* RECENT CLOCK* >
07-08 21:37:19.500  6182  6184 D dalvikvm: GC_CONCURRENT freed 365K, 5% free 10483K/10951K, paused 6ms+17ms
07-08 21:37:19.871 22025 22026 D dalvikvm: GC_CONCURRENT freed 548K, 6% free 10788K/11463K, paused 2ms+4ms
07-08 21:37:20.398   143 11000 D dalvikvm: GC_EXPLICIT freed 1019K, 16% free 17911K/21127K, paused 8ms+9ms
07-08 21:37:20.636  6182  6184 D dalvikvm: GC_CONCURRENT freed 327K, 4% free 10597K/11015K, paused 2ms+10ms
07-08 21:37:20.746  6860  6861 D dalvikvm: GC_CONCURRENT freed 538K, 7% free 10378K/11143K, paused 12ms+3ms
07-08 21:37:24.336   143   308 W ActivityManager: finishReceiver called but no pending broadcasts
07-08 21:37:24.421  6860  6861 D dalvikvm: GC_CONCURRENT freed 394K, 6% free 10495K/11143K, paused 2ms+2ms
07-08 21:37:25.207  6078  6078 I PhoneLab-Locks: wake lock acquired
07-08 21:37:25.261  6078  7898 I PhoneLab-PeriodicCheckService: User info is synched
07-08 21:37:25.261  6078  7898 I PhoneLab-PeriodicCheckService: Logger Service is running
07-08 21:37:25.265  6078  6078 I PhoneLab-Locks: wake lock acquired
07-08 21:37:25.269  6078  6078 I PhoneLab-StatusMonitor: Status Monitoring is started
07-08 21:37:25.273  6078  7898 I PhoneLab-Locks: wake lock acquired
07-08 21:37:25.273  6078  7898 I PhoneLab-PeriodicCheckService: Rescheduling periodic checking...
07-08 21:37:25.277  6078  7898 I PhoneLab-Locks: wake lock released
07-08 21:37:25.285  6078  6078 E PhoneLab-PhoneLabManifest: java.io.FileNotFoundException: /data/data/edu.buffalo.cse.phonelab.phonelabservices/files/manifest.xml: open failed: ENOENT (No such file or directory)
07-08 21:37:25.304  6078  6078 I PhoneLab-Locks: wake lock released
07-08 21:37:25.304  6078  6078 I PhoneLab-UploadLogs: Transfering log files now
07-08 21:37:25.304  6078  6078 I PhoneLab-UploadLogs: No log files to transfer
07-08 21:37:25.304  6078  6078 I PhoneLab-Locks: wake lock released
07-08 21:37:25.308  6078  6078 I PhoneLab-UploadLogs: OnStartCommand
07-08 21:37:50.972   659   661 D dalvikvm: GC_CONCURRENT freed 478K, 9% free 10347K/11271K, paused 1ms+3ms
07-08 21:38:24.179   143   177 I power   : *** set_screen_state 1
07-08 21:38:24.269   143   177 I WindowManager: Lock screen displayed!
07-08 21:38:24.382    78   121 D SurfaceFlinger: Screen about to return, flinger = 0x1ddb918
07-08 21:38:25.820   221   221 D PhoneStatusBar: disable: < expand icons alerts ticker system_info BACK HOME recent* CLOCK >
07-08 21:38:25.847   143  1922 W InputManagerService: Window already focused, ignoring focus gain of: com.android.internal.view.IInputMethodClient$Stub$Proxy@4179c8d8
07-08 21:38:25.867   221   221 D PhoneStatusBar: disable: < expand icons alerts ticker system_info back* home* recent clock* >
07-08 21:38:25.906   325   327 D dalvikvm: GC_CONCURRENT freed 391K, 16% free 10203K/12103K, paused 4ms+3ms
07-08 21:38:28.851   143   173 I power   : *** set_screen_state 0
07-08 21:38:28.902    78   121 D SurfaceFlinger: About to give-up screen, flinger = 0x1ddb918
07-08 21:38:29.019   143   177 V TransportControlView: Create TCV com.android.internal.widget.TransportControlView@415f5b48
07-08 21:38:29.062   221   221 D PhoneStatusBar: disable: < expand icons alerts ticker system_info back home RECENT* clock >
07-08 21:38:29.082   221   221 D PhoneStatusBar: disable: < expand icons alerts ticker system_info BACK* HOME* RECENT CLOCK* >
07-08 21:38:34.832   143 26971 W ActivityManager: finishReceiver called but no pending broadcasts
07-08 21:38:34.886  6860  6861 D dalvikvm: GC_CONCURRENT freed 530K, 6% free 10477K/11143K, paused 5ms+3ms
07-08 21:38:48.386  6078  6091 I PhoneLab-: Service Running
07-08 21:38:48.468  6078  6091 I PhoneLab-LoggerService: app_37    1296  1     1436   996   c00f181c 400107b4 S logcat
07-08 21:38:48.468  6078  6091 I PhoneLab-LoggerService: Logcat pid from database 1296
07-08 21:38:48.468  6078  6091 I PhoneLab-LoggerService: Logcat process found 1296
07-08 21:38:48.468  6078  6091 I PhoneLab-LoggerService: Checking Threshold
07-08 21:38:50.957  6860  6861 D dalvikvm: GC_CONCURRENT freed 607K, 7% free 10382K/11143K, paused 2ms+2ms
07-08 21:38:51.089   659   661 D dalvikvm: GC_CONCURRENT freed 479K, 9% free 10333K/11271K, paused 1ms+2ms
07-08 21:38:58.550   143   200 D DhcpInfoInternal: makeLinkProperties with empty dns2!
07-08 21:38:58.554   143   200 D DhcpInfoInternal: makeLinkProperties with empty dns2!
07-08 21:39:30.461 27377 27379 D dalvikvm: GC_CONCURRENT freed 829K, 16% free 11892K/14023K, paused 14ms+8ms
07-08 21:39:55.773  6078  6091 I PhoneLab-: Service Running
07-08 21:39:55.871  6078  6091 I PhoneLab-LoggerService: app_37    1296  1     1436   996   c00f181c 400107b4 S logcat
07-08 21:39:55.871  6078  6091 I PhoneLab-LoggerService: Logcat pid from database 1296
07-08 21:39:55.871  6078  6091 I PhoneLab-LoggerService: Logcat process found 1296
07-08 21:39:55.871  6078  6091 I PhoneLab-LoggerService: Checking Threshold
07-08 21:39:55.875  6078  6081 D dalvikvm: GC_CONCURRENT freed 405K, 15% free 9146K/10695K, paused 1ms+2ms
07-08 21:40:40.316  6030  6031 D dalvikvm: GC_CONCURRENT freed 743K, 8% free 11721K/12679K, paused 7ms+4ms
07-08 21:40:51.058  6860  6861 D dalvikvm: GC_CONCURRENT freed 510K, 7% free 10383K/11143K, paused 1ms+2ms
07-08 21:40:51.234   659   661 D dalvikvm: GC_CONCURRENT freed 494K, 9% free 10347K/11271K, paused 2ms+3ms
07-08 21:41:23.433   143   200 D DhcpInfoInternal: makeLinkProperties with empty dns2!
07-08 21:41:23.433   143   200 D DhcpInfoInternal: makeLinkProperties with empty dns2!
07-08 21:41:38.675   143   403 W ActivityManager: finishReceiver called but no pending broadcasts
07-08 21:41:38.754  6860  6861 D dalvikvm: GC_CONCURRENT freed 404K, 6% free 10491K/11143K, paused 1ms+3ms
07-08 21:41:51.214  6860  6861 D dalvikvm: GC_CONCURRENT freed 531K, 7% free 10380K/11143K, paused 3ms+3ms
07-08 21:41:51.269   659   661 D dalvikvm: GC_CONCURRENT freed 443K, 9% free 10334K/11271K, paused 2ms+2ms
07-08 21:41:51.453   659   661 D dalvikvm: GC_CONCURRENT freed 203K, 7% free 10548K/11271K, paused 1ms+3ms
07-08 21:41:55.769  6078  6091 I PhoneLab-: Service Running
07-08 21:41:55.863  6078  6091 I PhoneLab-LoggerService: app_37    1296  1     1436   996   c00f181c 400107b4 S logcat
07-08 21:41:55.863  6078  6091 I PhoneLab-LoggerService: Logcat pid from database 1296
07-08 21:41:55.863  6078  6091 I PhoneLab-LoggerService: Logcat process found 1296
07-08 21:41:55.867  6078  6091 I PhoneLab-LoggerService: Checking Threshold
07-08 21:42:51.312   143   145 D dalvikvm: GC_CONCURRENT freed 1674K, 15% free 18163K/21127K, paused 15ms+8ms
07-08 21:42:51.382   659   661 D dalvikvm: GC_CONCURRENT freed 669K, 8% free 10390K/11271K, paused 1ms+3ms
07-08 21:43:48.320   143   200 D DhcpInfoInternal: makeLinkProperties with empty dns2!
07-08 21:43:48.320   143   200 D DhcpInfoInternal: makeLinkProperties with empty dns2!
07-08 21:43:51.285  6860  6861 D dalvikvm: GC_CONCURRENT freed 502K, 7% free 10387K/11143K, paused 2ms+7ms
07-08 21:43:51.343   659   661 D dalvikvm: GC_CONCURRENT freed 492K, 9% free 10322K/11271K, paused 2ms+2ms
07-08 21:43:55.765  6078  6091 I PhoneLab-: Service Running
07-08 21:43:55.867  6078  6091 I PhoneLab-LoggerService: app_37    1296  1     1436   996   c00f181c 400107b4 S logcat
07-08 21:43:55.867  6078  6091 I PhoneLab-LoggerService: Logcat pid from database 1296
07-08 21:43:55.867  6078  6091 I PhoneLab-LoggerService: Logcat process found 1296
07-08 21:43:55.867  6078  6091 I PhoneLab-LoggerService: Checking Threshold
07-08 21:44:42.523   143 24239 W ActivityManager: finishReceiver called but no pending broadcasts
07-08 21:44:42.605  6860  6861 D dalvikvm: GC_CONCURRENT freed 394K, 6% free 10504K/11143K, paused 1ms+3ms
07-08 21:44:51.308   143 24239 D dalvikvm: GC_EXPLICIT freed 991K, 18% free 17398K/21127K, paused 3ms+7ms
07-08 21:45:43.164  6030  7980 D dalvikvm: GC_FOR_ALLOC freed 779K, 8% free 11757K/12743K, paused 37ms
07-08 21:45:43.164  6030  7980 I dalvikvm-heap: Grow heap (frag case) to 11.638MB for 92022-byte allocation
07-08 21:45:43.207  6030  6039 D dalvikvm: GC_FOR_ALLOC freed 100K, 9% free 11746K/12871K, paused 34ms
07-08 21:45:43.429  6030  7980 D dalvikvm: GC_FOR_ALLOC freed 44K, 10% free 11701K/12871K, paused 38ms
07-08 21:45:43.429  6030  7980 I dalvikvm-heap: Grow heap (frag case) to 11.671MB for 184246-byte allocation
07-08 21:45:43.468  6030  7980 D dalvikvm: GC_FOR_ALLOC freed 89K, 10% free 11791K/13063K, paused 33ms
07-08 21:45:51.332  6860  6861 D dalvikvm: GC_CONCURRENT freed 633K, 7% free 10383K/11143K, paused 1ms+2ms
07-08 21:45:51.449   659   661 D dalvikvm: GC_CONCURRENT freed 489K, 9% free 10343K/11271K, paused 2ms+2ms
07-08 21:45:51.609   143   143 I ActivityManager: Process com.google.android.apps.docs (pid 6224) has died.
07-08 21:45:55.765  6078  6091 I PhoneLab-: Service Running
07-08 21:45:55.843  6078  6091 I PhoneLab-LoggerService: app_37    1296  1     1436   996   c00f181c 400107b4 S logcat
07-08 21:45:55.843  6078  6091 I PhoneLab-LoggerService: Logcat pid from database 1296
07-08 21:45:55.843  6078  6091 I PhoneLab-LoggerService: Logcat process found 1296
07-08 21:45:55.843  6078  6091 I PhoneLab-LoggerService: Checking Threshold
07-08 21:46:13.156   143   400 I ActivityManager: Process com.google.android.apps.plus (pid 5963) has died.
07-08 21:46:13.191   143   200 D DhcpInfoInternal: makeLinkProperties with empty dns2!
07-08 21:46:13.191   143   200 D DhcpInfoInternal: makeLinkProperties with empty dns2!
07-08 21:46:47.394   143   175 I ActivityManager: Start proc com.google.android.maps.mytracks for service com.google.android.maps.mytracks/com.google.android.apps.mytracks.services.RemoveTempFilesService: pid=8003 uid=10072 gids={3003, 3002, 3001, 1015}
07-08 21:46:47.406  8003  8003 I dalvikvm: Turning on JNI app bug workarounds for target SDK version 7...
07-08 21:46:47.586  8003  8003 I ActivityThread: Pub com.google.android.maps.mytracks.search: com.google.android.apps.mytracks.content.SearchEngineProvider
07-08 21:46:47.625  8003  8003 I ActivityThread: Pub com.google.android.maps.mytracks: com.google.android.apps.mytracks.content.MyTracksProvider
07-08 21:46:51.421   659   661 D dalvikvm: GC_CONCURRENT freed 440K, 9% free 10326K/11271K, paused 1ms+4ms
07-08 21:47:46.347   143   143 W ActivityManager: finishReceiver called but no pending broadcasts
07-08 21:47:46.394  6860  6861 D dalvikvm: GC_CONCURRENT freed 417K, 6% free 10477K/11143K, paused 3ms+3ms
07-08 21:47:51.386  6860  6861 D dalvikvm: GC_CONCURRENT freed 606K, 7% free 10382K/11143K, paused 2ms+3ms
07-08 21:47:55.769  6078  6091 I PhoneLab-: Service Running
07-08 21:47:55.851  6078  6091 I PhoneLab-LoggerService: app_37    1296  1     1436   996   c00f181c 400107b4 S logcat
07-08 21:47:55.851  6078  6091 I PhoneLab-LoggerService: Logcat pid from database 1296
07-08 21:47:55.851  6078  6091 I PhoneLab-LoggerService: Logcat process found 1296
07-08 21:47:55.851  6078  6091 I PhoneLab-LoggerService: Checking Threshold
07-08 21:48:37.828   143   200 D DhcpInfoInternal: makeLinkProperties with empty dns2!
07-08 21:48:37.828   143   200 D DhcpInfoInternal: makeLinkProperties with empty dns2!
07-08 21:48:51.531  6860  6861 D dalvikvm: GC_CONCURRENT freed 391K, 7% free 10378K/11143K, paused 2ms+4ms
07-08 21:48:51.543   659   661 D dalvikvm: GC_CONCURRENT freed 469K, 9% free 10362K/11271K, paused 3ms+3ms
07-08 21:49:51.578   659   661 D dalvikvm: GC_CONCURRENT freed 463K, 9% free 10328K/11271K, paused 2ms+4ms
07-08 21:49:55.765  6078  6091 I PhoneLab-: Service Running
07-08 21:49:55.839  6078  6091 I PhoneLab-LoggerService: app_37    1296  1     1436   996   c00f181c 400107b4 S logcat
07-08 21:49:55.839  6078  6091 I PhoneLab-LoggerService: Logcat pid from database 1296
07-08 21:49:55.839  6078  6091 I PhoneLab-LoggerService: Logcat process found 1296
07-08 21:49:55.839  6078  6091 I PhoneLab-LoggerService: Checking Threshold
07-08 21:50:42.183  7182  8047 I SyncService: Starting sync (21:50:42)
07-08 21:50:44.769  6030  6031 D dalvikvm: GC_CONCURRENT freed 935K, 11% free 11669K/13063K, paused 2ms+3ms
07-08 21:50:44.996  7182  7184 D dalvikvm: GC_CONCURRENT freed 657K, 11% free 11524K/12807K, paused 7ms+3ms
07-08 21:50:45.211  7182  8050 D dalvikvm: GC_FOR_ALLOC freed 289K, 10% free 11640K/12807K, paused 32ms
07-08 21:50:45.211  7182  8050 I dalvikvm-heap: Grow heap (frag case) to 11.482MB for 46504-byte allocation
07-08 21:50:45.238  7182  8050 D dalvikvm: GC_FOR_ALLOC freed 3K, 10% free 11682K/12871K, paused 25ms
07-08 21:50:45.238  7182  8050 I dalvikvm-heap: Grow heap (frag case) to 11.523MB for 46494-byte allocation
07-08 21:50:45.265  7182  8050 D dalvikvm: GC_FOR_ALLOC freed 68K, 10% free 11659K/12935K, paused 25ms
07-08 21:50:45.589  7182  7184 D dalvikvm: GC_CONCURRENT freed 905K, 12% free 11512K/12935K, paused 6ms+3ms
07-08 21:50:46.511   143  2263 D SyncManager: setSyncAutomatically: , provider com.google.android.apps.currents -> true
07-08 21:50:46.511   143  2263 D SyncManager: setSyncAutomatically: already set to true, doing nothing
07-08 21:50:46.906  7182  7184 D dalvikvm: GC_CONCURRENT freed 541K, 10% free 11678K/12935K, paused 7ms+7ms
07-08 21:50:47.156  7182  7184 D dalvikvm: GC_CONCURRENT freed 559K, 9% free 11878K/12935K, paused 3ms+6ms
07-08 21:50:47.316   143 24239 D dalvikvm: GC_EXPLICIT freed 1285K, 18% free 17329K/21127K, paused 3ms+9ms
07-08 21:50:47.601  7182  7184 D dalvikvm: GC_CONCURRENT freed 1356K, 13% free 11350K/12935K, paused 2ms+4ms
07-08 21:50:48.207  7182  7184 D dalvikvm: GC_CONCURRENT freed 487K, 11% free 11516K/12935K, paused 2ms+5ms
07-08 21:50:49.234  7182  7184 D dalvikvm: GC_CONCURRENT freed 688K, 11% free 11532K/12935K, paused 3ms+4ms
07-08 21:50:50.136   143  1922 W ActivityManager: finishReceiver called but no pending broadcasts
07-08 21:50:50.207  6860  6861 D dalvikvm: GC_CONCURRENT freed 406K, 6% free 10483K/11143K, paused 2ms+4ms
07-08 21:50:50.273  6860  6898 D dalvikvm: GC_EXPLICIT freed 402K, 7% free 10370K/11143K, paused 3ms+2ms
07-08 21:50:50.351  7182  7184 D dalvikvm: GC_CONCURRENT freed 729K, 11% free 11518K/12935K, paused 2ms+3ms
07-08 21:50:50.754  7182  7184 D dalvikvm: GC_CONCURRENT freed 689K, 11% free 11536K/12935K, paused 8ms+3ms
07-08 21:50:51.632 22025 22100 D dalvikvm: GC_EXPLICIT freed 342K, 7% free 10753K/11463K, paused 2ms+4ms
07-08 21:50:54.160  7182  7184 D dalvikvm: GC_CONCURRENT freed 737K, 12% free 11509K/12935K, paused 17ms+3ms
07-08 21:50:54.996  7182  7184 D dalvikvm: GC_CONCURRENT freed 717K, 12% free 11501K/12935K, paused 2ms+2ms
07-08 21:50:55.558  7182  7184 D dalvikvm: GC_CONCURRENT freed 698K, 11% free 11519K/12935K, paused 2ms+3ms
07-08 21:50:56.464  7182  7184 D dalvikvm: GC_CONCURRENT freed 687K, 11% free 11551K/12935K, paused 2ms+3ms
07-08 21:50:56.597  7182  7184 D dalvikvm: GC_CONCURRENT freed 715K, 11% free 11558K/12935K, paused 1ms+2ms
07-08 21:50:57.242  7182  7184 D dalvikvm: GC_CONCURRENT freed 742K, 11% free 11537K/12935K, paused 2ms+3ms
07-08 21:50:57.968  7182  7184 D dalvikvm: GC_CONCURRENT freed 711K, 11% free 11536K/12935K, paused 2ms+2ms
07-08 21:50:58.687  7182  7184 D dalvikvm: GC_CONCURRENT freed 722K, 11% free 11531K/12935K, paused 2ms+2ms
07-08 21:51:00.316  7182  7184 D dalvikvm: GC_CONCURRENT freed 724K, 11% free 11523K/12935K, paused 2ms+3ms
07-08 21:51:00.992  7182  7189 I dalvikvm: Jit: resizing JitTable from 4096 to 8192
07-08 21:51:01.117  7182  7184 D dalvikvm: GC_CONCURRENT freed 656K, 11% free 11575K/12935K, paused 2ms+3ms
07-08 21:51:01.293  7182  7184 D dalvikvm: GC_CONCURRENT freed 690K, 11% free 11617K/12935K, paused 1ms+2ms
07-08 21:51:01.660   143  2263 D dalvikvm: GC_EXPLICIT freed 490K, 19% free 17257K/21127K, paused 3ms+7ms
07-08 21:51:01.746  7182  7184 D dalvikvm: GC_CONCURRENT freed 662K, 10% free 11692K/12935K, paused 3ms+4ms
07-08 21:51:01.789  7182  8050 D dalvikvm: GC_EXPLICIT freed 60K, 11% free 11631K/12935K, paused 2ms+3ms
07-08 21:51:02.714   143   200 D DhcpInfoInternal: makeLinkProperties with empty dns2!
07-08 21:51:02.714   143   200 D DhcpInfoInternal: makeLinkProperties with empty dns2!
07-08 21:51:05.398  7182  7184 D dalvikvm: GC_CONCURRENT freed 801K, 11% free 11578K/12935K, paused 2ms+6ms
07-08 21:51:05.535  7182  7184 D dalvikvm: GC_CONCURRENT freed 707K, 11% free 11609K/12935K, paused 2ms+3ms
07-08 21:51:05.679  7182  7184 D dalvikvm: GC_CONCURRENT freed 707K, 11% free 11638K/12935K, paused 1ms+2ms
07-08 21:51:05.937  7182  7184 D dalvikvm: GC_CONCURRENT freed 637K, 10% free 11750K/12935K, paused 2ms+3ms
07-08 21:51:07.718  7182  7184 D dalvikvm: GC_CONCURRENT freed 917K, 11% free 11628K/12935K, paused 2ms+3ms
07-08 21:51:07.816  7182  8050 D dalvikvm: GC_FOR_ALLOC freed 313K, 10% free 11651K/12935K, paused 29ms
07-08 21:51:07.816  7182  8050 I dalvikvm-heap: Grow heap (frag case) to 11.542MB for 98604-byte allocation
07-08 21:51:07.843  7182  8050 D dalvikvm: GC_FOR_ALLOC freed 51K, 11% free 11696K/13063K, paused 29ms
07-08 21:51:07.879  7182  8050 D dalvikvm: GC_FOR_ALLOC freed 101K, 11% free 11683K/13063K, paused 28ms
07-08 21:51:08.160  7182  7184 D dalvikvm: GC_CONCURRENT freed 844K, 12% free 11602K/13063K, paused 2ms+3ms
07-08 21:51:08.738  7182  8050 D dalvikvm: GC_FOR_ALLOC freed 534K, 11% free 11700K/13063K, paused 28ms
07-08 21:51:08.761  7182  8050 D dalvikvm: GC_FOR_ALLOC freed 124K, 11% free 11663K/13063K, paused 25ms
07-08 21:51:09.144  7182  7184 D dalvikvm: GC_CONCURRENT freed 788K, 11% free 11636K/13063K, paused 3ms+2ms
07-08 21:51:09.281  7182  7184 D dalvikvm: GC_CONCURRENT freed 716K, 11% free 11675K/13063K, paused 2ms+2ms
07-08 21:51:10.211  7182  7184 D dalvikvm: GC_CONCURRENT freed 841K, 12% free 11613K/13063K, paused 2ms+3ms
07-08 21:51:10.812  7182  7184 D dalvikvm: GC_CONCURRENT freed 788K, 12% free 11574K/13063K, paused 7ms+2ms
07-08 21:51:11.054  7182  7184 D dalvikvm: GC_CONCURRENT freed 686K, 11% free 11667K/13063K, paused 2ms+5ms
07-08 21:51:11.179  7182  7184 D dalvikvm: GC_CONCURRENT freed 665K, 10% free 11773K/13063K, paused 2ms+2ms
07-08 21:51:11.746  7182  7184 D dalvikvm: GC_CONCURRENT freed 761K, 10% free 11809K/13063K, paused 2ms+2ms
07-08 21:51:11.890  7182  7184 D dalvikvm: GC_CONCURRENT freed 1119K, 12% free 11517K/13063K, paused 2ms+3ms
07-08 21:51:12.019  7182  7184 D dalvikvm: GC_CONCURRENT freed 722K, 12% free 11537K/13063K, paused 2ms+3ms
07-08 21:51:13.054  7182  8047 I SyncService: sync service finished (21:51:13)
07-08 21:51:14.832  6030  8075 D dalvikvm: GC_FOR_ALLOC freed 388K, 10% free 11842K/13063K, paused 35ms
07-08 21:51:14.832  6030  8075 I dalvikvm-heap: Grow heap (frag case) to 11.791MB for 165007-byte allocation
07-08 21:51:14.875  6030  6039 D dalvikvm: GC_FOR_ALLOC freed 30K, 10% free 11972K/13255K, paused 32ms
07-08 21:51:15.074  6030  6037 I dalvikvm: Jit: resizing JitTable from 4096 to 8192
07-08 21:51:17.277  6030  6331 D dalvikvm: GC_EXPLICIT freed 1035K, 12% free 11684K/13255K, paused 9ms+6ms
07-08 21:51:51.664  6860  6861 D dalvikvm: GC_CONCURRENT freed 494K, 7% free 10387K/11143K, paused 2ms+2ms
07-08 21:51:51.757   143 11000 D dalvikvm: GC_EXPLICIT freed 462K, 19% free 17260K/21127K, paused 3ms+7ms
07-08 21:51:51.867   659   661 D dalvikvm: GC_CONCURRENT freed 490K, 9% free 10345K/11271K, paused 1ms+3ms
07-08 21:51:55.765  6078  6091 I PhoneLab-: Service Running
07-08 21:51:55.859  6078  6091 I PhoneLab-LoggerService: app_37    1296  1     1436   996   c00f181c 400107b4 S logcat
07-08 21:51:55.859  6078  6091 I PhoneLab-LoggerService: Logcat pid from database 1296
07-08 21:51:55.859  6078  6091 I PhoneLab-LoggerService: Logcat process found 1296
07-08 21:51:55.859  6078  6091 I PhoneLab-LoggerService: Checking Threshold
07-08 21:52:50.421   344   350 D dalvikvm: GC_CONCURRENT freed 386K, 7% free 9511K/10119K, paused 3ms+10ms
07-08 21:52:51.812   659   661 D dalvikvm: GC_CONCURRENT freed 442K, 9% free 10322K/11271K, paused 2ms+2ms
07-08 21:53:27.578   143   200 D DhcpInfoInternal: makeLinkProperties with empty dns2!
07-08 21:53:27.578   143   200 D DhcpInfoInternal: makeLinkProperties with empty dns2!
07-08 21:53:51.742  6860  6861 D dalvikvm: GC_CONCURRENT freed 492K, 7% free 10407K/11143K, paused 2ms+2ms
07-08 21:53:53.964   143   395 W ActivityManager: finishReceiver called but no pending broadcasts
07-08 21:53:54.050  6860  6861 D dalvikvm: GC_CONCURRENT freed 413K, 6% free 10506K/11143K, paused 1ms+2ms
07-08 21:53:55.765  6078  6091 I PhoneLab-: Service Running
07-08 21:53:55.836  6078  6091 I PhoneLab-LoggerService: app_37    1296  1     1436   996   c00f181c 400107b4 S logcat
07-08 21:53:55.836  6078  6091 I PhoneLab-LoggerService: Logcat pid from database 1296
07-08 21:53:55.836  6078  6091 I PhoneLab-LoggerService: Logcat process found 1296
07-08 21:53:55.839  6078  6091 I PhoneLab-LoggerService: Checking Threshold
07-08 21:54:51.851   659  3172 D dalvikvm: GC_EXPLICIT freed 377K, 9% free 10287K/11271K, paused 2ms+3ms
07-08 21:55:16.515 27377 27379 D dalvikvm: GC_CONCURRENT freed 829K, 16% free 11893K/14023K, paused 2ms+9ms
07-08 21:55:51.898  6860  6861 D dalvikvm: GC_CONCURRENT freed 632K, 7% free 10385K/11143K, paused 2ms+2ms
07-08 21:55:52.004   659   661 D dalvikvm: GC_CONCURRENT freed 471K, 9% free 10327K/11271K, paused 2ms+2ms
07-08 21:55:55.765  6078  6091 I PhoneLab-: Service Running
07-08 21:55:55.851  6078  6081 D dalvikvm: GC_CONCURRENT freed 395K, 15% free 9150K/10695K, paused 3ms+6ms
07-08 21:55:55.863  6078  6091 I PhoneLab-LoggerService: app_37    1296  1     1436   996   c00f181c 400107b4 S logcat
07-08 21:55:55.867  6078  6091 I PhoneLab-LoggerService: Logcat pid from database 1296
07-08 21:55:55.867  6078  6091 I PhoneLab-LoggerService: Logcat process found 1296
07-08 21:55:55.867  6078  6091 I PhoneLab-LoggerService: Checking Threshold
07-08 21:56:21.839   143  6698 E DhcpStateMachine: DHCP failed on wlan0: Timed out waiting for DHCP Renew to finish
07-08 21:56:22.070   143   200 E WifiStateMachine: IP configuration failed
07-08 21:56:22.117   291   291 I wpa_supplicant: wlan0: CTRL-EVENT-DISCONNECTED bssid=00:00:00:00:00:00 reason=0
07-08 21:56:22.121    75   117 D CommandListener: Clearing all IP addresses on wlan0
07-08 21:56:22.132   143   202 D ConnectivityService: ConnectivityChange for WIFI: DISCONNECTED/DISCONNECTED
07-08 21:56:22.144   143   202 D ConnectivityService: Attempting to switch to mobile
07-08 21:56:22.195   143   202 D ConnectivityService: Attempting to switch to WIMAX
07-08 21:56:22.203   143   202 D ConnectivityService: Attempting to switch to BLUETOOTH_TETHER
07-08 21:56:22.203   143   202 E ConnectivityService: Exception trying to remove a route: java.lang.IllegalStateException: Unable to communicate with native dameon to add routes - com.android.server.NativeDaemonConnectorException: Cmd {interface route remove wlan0 default 192.168.0.1 32 0.0.0.0} failed with code 400 : {Failed to remove route from default table (No such process)}
07-08 21:56:22.207   143   202 E ConnectivityService: Exception trying to remove a route: java.lang.IllegalStateException: Unable to communicate with native dameon to add routes - com.android.server.NativeDaemonConnectorException: Cmd {interface route remove wlan0 default 0.0.0.0 0 192.168.0.1} failed with code 400 : {Failed to remove route from default table (No such process)}
07-08 21:56:22.207   143   202 D NetUtils: android_net_utils_resetConnections in env=0x7a7aa0 clazz=0x22300001 iface=wlan0 mask=0x3
07-08 21:56:22.207   143   202 D ConnectivityService: resetConnections(wlan0, 3)
07-08 21:56:22.222   143   202 D ConnectivityService: ConnectivityChange for WIMAX: DISCONNECTED/SCANNING
07-08 21:56:22.222   143   202 D ConnectivityService: Attempting to switch to mobile
07-08 21:56:22.222   143   202 D ConnectivityService: Attempting to switch to WIFI
07-08 21:56:22.222   143   202 D ConnectivityService: Attempting to switch to BLUETOOTH_TETHER
07-08 21:56:22.238 22025  6741 W Smack/Packet: notify conn break (IOEx), close connection
07-08 21:56:22.445 22025  6741 I qtaguid : Failed write_ctrl(u 86) res=-1 errno=22
07-08 21:56:22.445 22025  6741 I qtaguid : Untagging socket 86 failed errno=-22
07-08 21:56:22.445 22025  6741 W NetworkManagementSocketTagger: untagSocket(86) failed with errno -22
07-08 21:56:22.464   143   202 D ConnectivityService: handleInetConditionChange: no active default network - ignore
07-08 21:56:22.640   291   291 I wpa_supplicant: wlan0: Trying to associate with 94:44:52:17:be:7d (SSID='raikiri' freq=2437 MHz)
07-08 21:56:22.671   291   291 I wpa_supplicant: wlan0: Associated with 94:44:52:17:be:7d
07-08 21:56:22.691   291   291 I wpa_supplicant: wlan0: CTRL-EVENT-EAP-SUCCESS EAP authentication completed successfully (based on lower layer success)
07-08 21:56:22.703   291   291 I wpa_supplicant: wlan0: WPA: Key negotiation completed with 94:44:52:17:be:7d [PTK=CCMP GTK=CCMP]
07-08 21:56:22.703   291   291 I wpa_supplicant: wlan0: CTRL-EVENT-CONNECTED - Connection to 94:44:52:17:be:7d completed (reauth) [id=2 id_str=]
07-08 21:56:23.328   143   200 D DhcpInfoInternal: makeLinkProperties with empty dns2!
07-08 21:56:23.328   143   200 D DhcpInfoInternal: makeLinkProperties with empty dns2!
07-08 21:56:23.336  6078  6078 I PhoneLab-WiFiReceiver: Wi-Fi is connected!
07-08 21:56:23.336   143   202 D ConnectivityService: ConnectivityChange for WIFI: CONNECTED/CONNECTED
07-08 21:56:23.343  6078  6078 I PhoneLab-WiFiReceiver: SSID: raikiri BSSID: 94:44:52:17:be:7d RSSI: -200 LinkSpeed: -1
07-08 21:56:23.343  6078  6078 I PhoneLab-Locks: wake lock acquired
07-08 21:56:23.347  6078  6078 I PhoneLab-UploadLogs: Transfering log files now
07-08 21:56:23.347  6078  6078 I PhoneLab-UploadLogs: No log files to transfer
07-08 21:56:23.347  6078  6078 I PhoneLab-Locks: wake lock released
07-08 21:56:23.351  6078  6078 I PhoneLab-UploadLogs: OnStartCommand
07-08 21:56:23.375   143   197 W NetworkStats: dropping UID delta from unknown iface: iface=wlan0 uid=0 set=DEFAULT tag=0x0 rxBytes=328 rxPackets=1 txBytes=76 txPackets=1 operations=0
07-08 21:56:24.339   143   202 D ConnectivityService: NetTransition Wakelock for WifiStateMachine released by timeout
07-08 21:56:25.254   143   206 D Tethering: MasterInitialState.processMessage what=3
07-08 21:56:25.312   143   206 D Tethering: MasterInitialState.processMessage what=3
07-08 21:56:25.316 22025 22025 I GTalkService/c: [AndroidEndpoint@1094432016] connect: acct=1000000, state=CONNECTING
07-08 21:56:25.320 22025 22025 I GTalkService/c: [GTalkConnection@1094626304] connect: acct=1, state=CONNECTING
07-08 21:56:25.488   143   308 I ActivityManager: Start proc com.google.android.apps.uploader for broadcast com.google.android.apps.uploader/.ConnectivityBroadcastReceiver: pid=8145 uid=10030 gids={3003}
07-08 21:56:25.504  8145  8145 I dalvikvm: Turning on JNI app bug workarounds for target SDK version 11...
07-08 21:56:25.562  8145  8145 I ActivityThread: Pub com.google.android.apps.uploader: com.google.android.apps.uploader.UploadsContentProvider
07-08 21:56:25.566  8145  8145 I ActivityThread: Pub com.google.photos.provider.Album: com.google.android.apps.uploader.clients.picasa.AlbumProvider
07-08 21:56:25.570  8145  8145 D MediaUploader: UploaderApplication.onCreate
07-08 21:56:25.781  8145  8145 D MediaUploader: nonWifiLimit=20971520, default=20971520
07-08 21:56:25.796  8145  8145 I MediaUploader: No need to wake up
07-08 21:56:25.800  6078  6078 I PhoneLab-WiFiReceiver: Wi-Fi is disconnected!
07-08 21:56:25.914   143 11000 I ActivityManager: Start proc com.google.android.apps.plus for broadcast com.google.android.apps.plus/com.google.android.picasasync.ConnectivityReceiver: pid=8162 uid=10060 gids={3003, 3002, 1015, 1006}
07-08 21:56:26.183  8162  8164 D dalvikvm: GC_CONCURRENT freed 154K, 3% free 9381K/9607K, paused 4ms+2ms
07-08 21:56:26.351  8162  8162 I ActivityThread: Pub com.google.android.apps.plus.content.ApiProvider: com.google.android.apps.plus.content.EsApiProvider
07-08 21:56:26.379  8162  8162 I ActivityThread: Pub com.google.android.apps.plus.content.EsGooglePhotoProvider: com.google.android.picasasync.PicasaContentProvider
07-08 21:56:26.461   143   206 D Tethering: MasterInitialState.processMessage what=3
07-08 21:56:26.687  8162  8164 D dalvikvm: GC_CONCURRENT freed 336K, 5% free 9580K/9991K, paused 114ms+2ms
07-08 21:56:26.711  8162  8162 I ActivityThread: Pub com.google.android.apps.plus.content.EsPicasaStoreProvider: com.google.android.picasastore.PicasaPhotoContentProvider
07-08 21:56:26.722  8162  8162 I ActivityThread: Pub com.google.plus.platform: com.google.android.apps.plus.content.AdsProvider
07-08 21:56:26.722  8162  8162 I ActivityThread: Pub com.google.android.apps.plus.iu.EsGoogleIuProvider: com.google.android.apps.plus.iu.InstantUploadProvider
07-08 21:56:26.800  8162  8164 D dalvikvm: GC_CONCURRENT freed 456K, 6% free 9652K/10183K, paused 2ms+2ms
07-08 21:56:26.812  8162  8162 I ActivityThread: Pub com.google.android.apps.plus.content.EsProvider: com.google.android.apps.plus.content.EsProvider
07-08 21:56:26.859  8162  8162 D dalvikvm: GC_FOR_ALLOC freed 177K, 5% free 9789K/10247K, paused 17ms
07-08 21:56:27.027   143   387 I ActivityManager: Start proc com.google.android.apps.docs for broadcast com.google.android.apps.docs/.receivers.NetworkChangeReceiver: pid=8181 uid=10077 gids={3003, 1015, 1006}
07-08 21:56:27.273  8162  8177 D PicasaPhotoCP: set fsid first time:-1
07-08 21:56:27.308  8162  8194 D PicasaSync: sync account database
07-08 21:56:27.371  8181  8181 I PackageInfoHelper: Provided clientMode=RELEASE, packageInfo=PackageInfo{4135f0c0 com.google.android.apps.docs}
07-08 21:56:27.371  8181  8181 I ActivityThread: Pub com.google.android.apps.docs.files: com.google.android.apps.docs.sync.filemanager.FileProvider
07-08 21:56:27.375  8181  8181 I ActivityThread: Pub com.google.android.apps.docs.doclist.search_suggest: com.google.android.apps.docs.doclist.DocListGlobalSearchSuggestionProvider
07-08 21:56:27.472  8162  8194 D PicasaSync: accounts in DB=1
07-08 21:56:27.476  8162  8194 D PicasaSyncManager: active network: NetworkInfo: type: WIFI[], state: CONNECTED/CONNECTED, reason: (unspecified), extra: (none), roaming: false, failover: false, isAvailable: true
07-08 21:56:27.480  8162  8194 D PicasaSyncManager: background data: true
07-08 21:56:27.531  8181  8184 D dalvikvm: GC_CONCURRENT freed 223K, 4% free 9313K/9607K, paused 2ms+2ms
07-08 21:56:27.648  8181  8184 D dalvikvm: GC_CONCURRENT freed 459K, 6% free 9394K/9927K, paused 2ms+2ms
07-08 21:56:27.754  8181  8184 D dalvikvm: GC_CONCURRENT freed 500K, 6% free 9417K/9991K, paused 2ms+2ms
07-08 21:56:27.832  8181  8184 D dalvikvm: GC_CONCURRENT freed 530K, 7% free 9449K/10055K, paused 2ms+2ms
07-08 21:56:27.902  8162  8164 D dalvikvm: GC_CONCURRENT freed 274K, 4% free 9926K/10311K, paused 60ms+3ms
07-08 21:56:27.914  8181  8184 D dalvikvm: GC_CONCURRENT freed 484K, 6% free 9477K/10055K, paused 2ms+2ms
07-08 21:56:27.968  8162  8194 D PicasaSyncManager: battery info: true
07-08 21:56:28.019  8181  8184 D dalvikvm: GC_CONCURRENT freed 505K, 6% free 9532K/10119K, paused 2ms+2ms
07-08 21:56:28.156  8181  8184 D dalvikvm: GC_CONCURRENT freed 371K, 5% free 9642K/10119K, paused 2ms+3ms
07-08 21:56:28.257  8181  8181 D ContextScopeImpl: in ContextScope.getContextOrDefault for thread=1
07-08 21:56:28.257  8181  8181 D ContextScopeImpl: returning application context for thread=1
07-08 21:56:28.277  8181  8184 D dalvikvm: GC_CONCURRENT freed 384K, 5% free 9761K/10247K, paused 2ms+7ms
07-08 21:56:28.277  8181  8181 I FeatureCheckerImpl: Configured disabled features: []
07-08 21:56:28.281  8181  8181 D ContextScopeImpl: in ContextScope.getContextOrDefault for thread=1
07-08 21:56:28.281  8181  8181 D ContextScopeImpl: returning application context for thread=1
07-08 21:56:28.386  8181  8181 D ContextScopeImpl: in ContextScope.enter for thread=1
07-08 21:56:28.386  8181  8181 W ContextScopeImpl: thread=1 tried to enter the scope of the application context. Ignored.
07-08 21:56:28.386  8181  8181 D ContextScopeImpl: in ContextScope.getContextOrDefault for thread=1
07-08 21:56:28.386  8181  8181 D ContextScopeImpl: returning application context for thread=1
07-08 21:56:28.386  8181  8181 D DocListDatabase: openHelper points on new database: DocList.db
07-08 21:56:28.386  8181  8181 D DocListDatabase: in openWriteDatabase
07-08 21:56:28.402  8181  8181 I ActivityThread: Pub com.google.android.apps.docs.doclist.account_suggest: com.google.android.apps.docs.doclist.DocListAccountSuggestionProvider
07-08 21:56:28.414  8181  8181 D ContextScopeImpl: in ContextScope.enter for thread=1
07-08 21:56:28.414  8181  8181 W ContextScopeImpl: thread=1 tried to enter the scope of the application context. Ignored.
07-08 21:56:28.414  8181  8181 I ActivityThread: Pub com.google.android.apps.docs: com.google.android.apps.docs.providers.DocListProvider
07-08 21:56:28.414  8181  8181 D ContextScopeImpl: in ContextScope.enter for thread=1
07-08 21:56:28.414  8181  8181 W ContextScopeImpl: thread=1 tried to enter the scope of the application context. Ignored.
07-08 21:56:28.421  8181  8181 W ContextScopeImpl: thread=1 tried to enter the scope of the application context. Ignored.
07-08 21:56:28.433  8181  8201 W ContextScopeImpl: thread=2595 tried to enter the scope of the application context. Ignored.
07-08 21:56:28.445  8162  8164 D dalvikvm: GC_CONCURRENT freed 152K, 3% free 10228K/10503K, paused 2ms+2ms
07-08 21:56:28.480  8181  8181 W ContextScopeImpl: thread=1 tried to enter the scope of the application context. Ignored.
07-08 21:56:28.644  8145  8145 I MediaUploader: No need to wake up
07-08 21:56:28.734  8162  8164 D dalvikvm: GC_CONCURRENT freed 274K, 4% free 10362K/10759K, paused 37ms+4ms
07-08 21:56:28.789  8181  8181 W ContextScopeImpl: thread=1 tried to enter the scope of the application context. Ignored.
07-08 21:56:28.839   143   145 D dalvikvm: GC_CONCURRENT freed 1907K, 18% free 17414K/21127K, paused 3ms+13ms
07-08 21:56:28.843  8162  8194 D PicasaSyncManager: active network: NetworkInfo: type: WIFI[], state: CONNECTED/CONNECTED, reason: (unspecified), extra: (none), roaming: false, failover: false, isAvailable: true
07-08 21:56:28.843  8162  8194 D PicasaSyncManager: background data: true
07-08 21:56:28.882 22025 22026 D dalvikvm: GC_CONCURRENT freed 489K, 7% free 10745K/11463K, paused 39ms+3ms
07-08 21:56:28.906  8145  8145 I MediaUploader: No need to wake up
07-08 21:56:29.004  6182  6184 D dalvikvm: GC_CONCURRENT freed 355K, 5% free 10678K/11207K, paused 12ms+13ms
07-08 21:56:29.007  8162  8194 D PicasaSyncManager: active network: NetworkInfo: type: WIFI[], state: CONNECTED/CONNECTED, reason: (unspecified), extra: (none), roaming: false, failover: false, isAvailable: true
07-08 21:56:29.007  8162  8194 D PicasaSyncManager: background data: true
07-08 21:56:29.050  8181  8181 W ContextScopeImpl: thread=1 tried to enter the scope of the application context. Ignored.
07-08 21:56:29.195   143 11000 D dalvikvm: GC_EXPLICIT freed 284K, 19% free 17280K/21127K, paused 3ms+7ms
07-08 21:56:29.257  8162  8178 D dalvikvm: GC_FOR_ALLOC freed 135K, 4% free 10484K/10887K, paused 21ms
07-08 21:56:29.257  8162  8178 I dalvikvm-heap: Grow heap (frag case) to 10.555MB for 260112-byte allocation
07-08 21:56:29.289  8162  8178 D dalvikvm: GC_FOR_ALLOC freed 127K, 5% free 10611K/11143K, paused 20ms
07-08 21:56:29.367  8162  8178 D dalvikvm: GC_FOR_ALLOC freed 373K, 6% free 10668K/11271K, paused 25ms
07-08 21:56:29.394  8162  8178 D dalvikvm: GC_FOR_ALLOC freed 126K, 5% free 10796K/11271K, paused 23ms
07-08 21:56:29.433  8162  8178 D dalvikvm: GC_FOR_ALLOC freed 369K, 5% free 10852K/11399K, paused 22ms
07-08 21:56:29.523  8162  8164 D dalvikvm: GC_CONCURRENT freed 405K, 6% free 10995K/11591K, paused 2ms+2ms
07-08 21:56:29.664  8162  8164 D dalvikvm: GC_CONCURRENT freed 135K, 3% free 11480K/11719K, paused 2ms+2ms
07-08 21:56:29.722   143   202 D ConnectivityService: handleInetConditionHoldEnd: net=1, condition=100, published condition=0
07-08 21:56:29.855  8162  8164 D dalvikvm: GC_CONCURRENT freed 165K, 3% free 12080K/12359K, paused 2ms+3ms
07-08 21:56:30.132   143   160 I ActivityManager: Start proc com.google.android.talk for broadcast com.google.android.talk/.ConnectionStateOnlineReceiver: pid=8212 uid=10045 gids={3003, 1015, 1006, 3002}
07-08 21:56:30.207  8162  8164 D dalvikvm: GC_CONCURRENT freed 571K, 6% free 12449K/13127K, paused 3ms+3ms
07-08 21:56:30.336  8212  8212 I ActivityThread: Pub com.google.android.talk.SuggestionProvider: com.google.android.talk.SuggestionsProvider
07-08 21:56:30.492  8212  8212 D vclib:CallStateClient: startListening
07-08 21:56:30.718  8212  8215 D dalvikvm: GC_CONCURRENT freed 128K, 3% free 9407K/9607K, paused 3ms+156ms
07-08 21:56:30.836   143 10999 I ActivityManager: Process com.android.sprintmenu (pid 7048) has died.
07-08 21:56:30.836   143 10999 W ActivityManager: Scheduling restart of crashed service com.android.sprintmenu/.HiddenPhoneService in 5000ms
07-08 21:56:31.660  8162  8164 D dalvikvm: GC_CONCURRENT freed 817K, 7% free 12688K/13639K, paused 16ms+2ms
07-08 21:56:35.921   143   160 I ActivityManager: Start proc com.android.sprintmenu for service com.android.sprintmenu/.HiddenPhoneService: pid=8238 uid=1001 gids={3002, 3001, 3003, 1015}
07-08 21:56:36.043   143   154 I ActivityManager: Process com.google.android.maps.mytracks (pid 8003) has died.
07-08 21:56:50.941   659   661 D dalvikvm: GC_CONCURRENT freed 393K, 9% free 10324K/11271K, paused 2ms+3ms
07-08 21:56:57.796   143   154 W ActivityManager: finishReceiver called but no pending broadcasts
07-08 21:56:57.851  6860  6861 D dalvikvm: GC_CONCURRENT freed 417K, 6% free 10480K/11143K, paused 2ms+9ms
07-08 21:57:52.027  6860  6861 D dalvikvm: GC_CONCURRENT freed 611K, 7% free 10381K/11143K, paused 7ms+2ms
07-08 21:57:55.781  6078  6091 I PhoneLab-: Service Running
07-08 21:57:55.961  6078  6091 I PhoneLab-LoggerService: app_37    1296  1     1436   996   c00f181c 400107b4 S logcat
07-08 21:57:55.961  6078  6091 I PhoneLab-LoggerService: Logcat pid from database 1296
07-08 21:57:55.961  6078  6091 I PhoneLab-LoggerService: Logcat process found 1296
07-08 21:57:55.961  6078  6091 I PhoneLab-LoggerService: Checking Threshold
07-08 21:58:48.214   143   200 D DhcpInfoInternal: makeLinkProperties with empty dns2!
07-08 21:58:48.226   143   200 D DhcpInfoInternal: makeLinkProperties with empty dns2!
07-08 21:58:52.148   659   661 D dalvikvm: GC_CONCURRENT freed 508K, 9% free 10327K/11271K, paused 2ms+3ms
07-08 21:59:14.129 22025 25183 I EventLogService: Aggregate from 1341797353833 (log), 1341797353833 (data)
07-08 21:59:14.277 22025 22851 D dalvikvm: GC_FOR_ALLOC freed 406K, 7% free 10719K/11463K, paused 38ms
07-08 21:59:52.160  6860  6861 D dalvikvm: GC_CONCURRENT freed 511K, 7% free 10381K/11143K, paused 2ms+3ms
07-08 21:59:52.410   659   661 D dalvikvm: GC_CONCURRENT freed 398K, 9% free 10313K/11271K, paused 7ms+2ms
07-08 21:59:52.476  6860  6861 D dalvikvm: GC_CONCURRENT freed 454K, 7% free 10421K/11143K, paused 7ms+2ms
07-08 21:59:55.769  6078  6091 I PhoneLab-: Service Running
07-08 21:59:55.871  6078  6091 I PhoneLab-LoggerService: app_37    1296  1     1436   996   c00f181c 400107b4 S logcat
07-08 21:59:55.871  6078  6091 I PhoneLab-LoggerService: Logcat pid from database 1296
07-08 21:59:55.871  6078  6091 I PhoneLab-LoggerService: Logcat process found 1296
07-08 21:59:55.871  6078  6091 I PhoneLab-LoggerService: Checking Threshold
07-08 22:00:01.609   143   143 W ActivityManager: finishReceiver called but no pending broadcasts
07-08 22:00:01.687  6860  6861 D dalvikvm: GC_CONCURRENT freed 432K, 6% free 10500K/11143K, paused 2ms+2ms
07-08 22:00:52.336   143   395 D dalvikvm: GC_EXPLICIT freed 1002K, 18% free 17343K/21127K, paused 3ms+11ms
07-08 22:01:12.882   143   200 D DhcpInfoInternal: makeLinkProperties with empty dns2!
07-08 22:01:12.882   143   200 D DhcpInfoInternal: makeLinkProperties with empty dns2!
07-08 22:01:21.293  6030  6031 D dalvikvm: GC_CONCURRENT freed 753K, 12% free 11737K/13255K, paused 11ms+9ms
07-08 22:01:47.488   143   160 I ActivityManager: Start proc com.facebook.orca for broadcast com.facebook.orca/.analytics.HoneyAnalyticsPeriodicReporter$ReporterBroadcastReceiver: pid=8308 uid=10062 gids={3003, 1015, 1006}
07-08 22:01:47.527  8308  8308 I dalvikvm: Turning on JNI app bug workarounds for target SDK version 10...
07-08 22:01:47.554   143 26971 I ActivityManager: Process com.google.android.apps.currents (pid 7182) has died.
07-08 22:01:47.617  6860  6861 D dalvikvm: GC_CONCURRENT freed 513K, 7% free 10373K/11143K, paused 5ms+8ms
07-08 22:01:47.648  8162  8321 I SqliteDatabaseCpp: sqlite returned: error code = 1, msg = no such column: wipeout_stats, db=/data/data/com.google.android.apps.plus/databases/picasa.db
07-08 22:01:47.757  8162  8321 W System.err: android.database.sqlite.SQLiteException: no such column: wipeout_stats: , while compiling: SELECT wipeout_stats  FROM account_status
07-08 22:01:47.918  8308  8308 I ActivityThread: Pub com.facebook.orca.notify.MessengerLoggedInUserProvider: com.facebook.orca.notify.MessengerLoggedInUserProvider
07-08 22:01:47.921  8162  8321 W System.err: 	at android.database.sqlite.SQLiteCompiledSql.native_compile(Native Method)
07-08 22:01:47.925  8162  8321 W System.err: 	at android.database.sqlite.SQLiteCompiledSql.<init>(SQLiteCompiledSql.java:68)
07-08 22:01:47.929  8162  8321 W System.err: 	at android.database.sqlite.SQLiteProgram.compileSql(SQLiteProgram.java:143)
07-08 22:01:47.929  8162  8321 W System.err: 	at android.database.sqlite.SQLiteProgram.compileAndbindAllArgs(SQLiteProgram.java:361)
07-08 22:01:47.929  8162  8321 W System.err: 	at android.database.sqlite.SQLiteStatement.acquireAndLock(SQLiteStatement.java:260)
07-08 22:01:47.929  8162  8321 W System.err: 	at android.database.sqlite.SQLiteStatement.simpleQueryForLong(SQLiteStatement.java:137)
07-08 22:01:47.929  8162  8321 W System.err: 	at android.database.DatabaseUtils.longForQuery(DatabaseUtils.java:791)
07-08 22:01:47.933  8162  8321 W System.err: 	at android.database.DatabaseUtils.longForQuery(DatabaseUtils.java:779)
07-08 22:01:47.945  8162  8321 W System.err: 	at com.google.android.apps.plus.content.EsAccountsData.isContactsStatsWipeoutNeeded(EsAccountsData.java:641)
07-08 22:01:47.945  8162  8321 W System.err: 	at com.google.android.apps.plus.service.EsService.processIntent(EsService.java:4246)
07-08 22:01:47.945  8162  8321 W System.err: 	at com.google.android.apps.plus.service.ServiceThread$1.run(ServiceThread.java:50)
07-08 22:01:47.949  8308  8308 I ActivityThread: Pub com.facebook.orca.notify.MessengerForegroundProvider: com.facebook.orca.notify.MessengerForegroundProvider
07-08 22:01:47.957  8162  8321 W System.err: 	at android.os.Handler.handleCallback(Handler.java:605)
07-08 22:01:47.968  8162  8321 W System.err: 	at android.os.Handler.dispatchMessage(Handler.java:92)
07-08 22:01:47.968  8162  8321 W System.err: 	at android.os.Looper.loop(Looper.java:137)
07-08 22:01:47.968  8308  8308 V orca:OrcaApplication: Forcing initialization of AsyncTask
07-08 22:01:47.968  8162  8321 W System.err: 	at com.google.android.apps.plus.service.ServiceThread.run(ServiceThread.java:122)
07-08 22:01:48.082  8308  8311 D dalvikvm: GC_CONCURRENT freed 223K, 4% free 9308K/9607K, paused 15ms+3ms
07-08 22:01:48.105  8308  8308 I Finalizer: Couldn't access Thread.inheritableThreadLocals. Reference finalizer threads will inherit thread local values.
07-08 22:01:48.398  8308  8311 D dalvikvm: GC_CONCURRENT freed 392K, 5% free 9464K/9927K, paused 2ms+2ms
07-08 22:01:48.488  8308  8308 W OrcaGuiceModule: Sig: ijxLJi1yGs1JpL-X1SExmchvork
07-08 22:01:48.601  8308  8311 D dalvikvm: GC_CONCURRENT freed 295K, 4% free 9657K/10055K, paused 23ms+3ms
07-08 22:01:49.332  8308  8328 W Resources: Converting to string: TypedValue{t=0x10/d=0xffffffff a=-1}
07-08 22:01:49.586  8308  8311 D dalvikvm: GC_CONCURRENT freed 317K, 4% free 9858K/10247K, paused 3ms+2ms
07-08 22:01:49.679  8308  8308 D ACRA    : Retrieve application default SharedPreferences.
07-08 22:01:49.679  8308  8308 D ACRA    : Set OnSharedPreferenceChangeListener.
07-08 22:01:49.679  8308  8308 D ACRA    : ACRA is enabled for com.facebook.orca, intializing...
07-08 22:01:49.726  8308  8308 D ACRA    : Looking for error files in /data/data/com.facebook.orca/app_acra-reports
07-08 22:01:49.800  8308  8311 D dalvikvm: GC_CONCURRENT freed 327K, 4% free 10101K/10503K, paused 5ms+2ms
07-08 22:01:49.824  8308  8328 D dalvikvm: GC_FOR_ALLOC freed 65K, 5% free 10161K/10631K, paused 20ms
07-08 22:01:49.882  8308  8328 D dalvikvm: GC_FOR_ALLOC freed 220K, 5% free 10188K/10695K, paused 22ms
07-08 22:01:49.941  8308  8328 D dalvikvm: GC_FOR_ALLOC freed 249K, 6% free 10248K/10823K, paused 25ms
07-08 22:01:49.984  8308  8328 D dalvikvm: GC_FOR_ALLOC freed 107K, 5% free 10347K/10823K, paused 24ms
07-08 22:01:50.175  8308  8311 D dalvikvm: GC_CONCURRENT freed 334K, 4% free 10546K/10951K, paused 2ms+4ms
07-08 22:01:50.379  8308  8311 D dalvikvm: GC_CONCURRENT freed 165K, 3% free 10907K/11143K, paused 43ms+8ms
07-08 22:01:50.527  8308  8311 D dalvikvm: GC_CONCURRENT freed 337K, 4% free 11246K/11655K, paused 2ms+3ms
07-08 22:01:52.254   659   661 D dalvikvm: GC_CONCURRENT freed 497K, 9% free 10327K/11271K, paused 2ms+3ms
07-08 22:01:53.148  8162  8164 D dalvikvm: GC_CONCURRENT freed 814K, 7% free 13030K/13959K, paused 2ms+3ms
07-08 22:01:55.660  8162  8324 E dalvikvm: Could not find class 'android.app.Notification$InboxStyle', referenced from method com.google.android.apps.plus.service.AndroidNotification.createDigestNotification
07-08 22:01:55.660  8162  8324 W dalvikvm: VFY: unable to resolve new-instance 41 (Landroid/app/Notification$InboxStyle;) in Lcom/google/android/apps/plus/service/AndroidNotification;
07-08 22:01:55.660  8162  8324 D dalvikvm: VFY: replacing opcode 0x22 at 0x0018
07-08 22:01:55.664  8162  8324 I dalvikvm: Could not find method android.app.Notification$Builder.setPriority, referenced from method com.google.android.apps.plus.service.AndroidNotification.createRichNotification
07-08 22:01:55.664  8162  8324 W dalvikvm: VFY: unable to resolve virtual method 162: Landroid/app/Notification$Builder;.setPriority (I)Landroid/app/Notification$Builder;
07-08 22:01:55.664  8162  8324 D dalvikvm: VFY: replacing opcode 0x6e at 0x00d5
07-08 22:01:55.691  8162  8324 D dalvikvm: DexOpt: unable to opt direct call 0x00a8 at 0x1a in Lcom/google/android/apps/plus/service/AndroidNotification;.createDigestNotification
07-08 22:01:55.695  8162  8324 D dalvikvm: DexOpt: unable to opt direct call 0x0091 at 0xf1 in Lcom/google/android/apps/plus/service/AndroidNotification;.createRichNotification
07-08 22:01:55.695  8162  8324 D dalvikvm: DexOpt: unable to opt direct call 0x0095 at 0x397 in Lcom/google/android/apps/plus/service/AndroidNotification;.createRichNotification
07-08 22:01:55.765  6078  6091 I PhoneLab-: Service Running
07-08 22:01:55.914  6078  6091 I PhoneLab-LoggerService: app_37    1296  1     1436   996   c00f181c 400107b4 S logcat
07-08 22:01:55.914  6078  6091 I PhoneLab-LoggerService: Logcat pid from database 1296
07-08 22:01:55.914  6078  6091 I PhoneLab-LoggerService: Logcat process found 1296
07-08 22:01:55.914  6078  6091 I PhoneLab-LoggerService: Checking Threshold
07-08 22:01:59.921  8162  8164 D dalvikvm: GC_CONCURRENT freed 1240K, 10% free 13043K/14407K, paused 2ms+9ms
07-08 22:02:02.421  8162  8164 D dalvikvm: GC_CONCURRENT freed 1145K, 9% free 13157K/14407K, paused 6ms+3ms
07-08 22:02:02.589  7233  7236 D dalvikvm: GC_CONCURRENT freed 481K, 6% free 9763K/10375K, paused 7ms+3ms
07-08 22:02:06.871  8162  8164 D dalvikvm: GC_CONCURRENT freed 1053K, 9% free 13413K/14599K, paused 10ms+6ms
07-08 22:02:07.230  8162  8324 D dalvikvm: GC_FOR_ALLOC freed 459K, 10% free 13581K/14983K, paused 45ms
07-08 22:02:07.230  8162  8324 I dalvikvm-heap: Grow heap (frag case) to 13.665MB for 348862-byte allocation
07-08 22:02:07.273  8162  8324 D dalvikvm: GC_FOR_ALLOC freed 2K, 10% free 13919K/15367K, paused 40ms
07-08 22:02:08.488  8162  8164 D dalvikvm: GC_CONCURRENT freed 993K, 8% free 14435K/15559K, paused 2ms+8ms
07-08 22:02:09.992   143  1922 I ActivityManager: Process com.whatsapp (pid 7213) has died.
07-08 22:02:09.992   143  1922 W ActivityManager: Scheduling restart of crashed service com.whatsapp/.messaging.MessageService in 5000ms
07-08 22:02:10.718  8162  8164 D dalvikvm: GC_CONCURRENT freed 1700K, 12% free 14430K/16263K, paused 2ms+3ms
07-08 22:02:14.437  8162  8164 D dalvikvm: GC_CONCURRENT freed 2444K, 16% free 13687K/16263K, paused 19ms+3ms
07-08 22:02:15.050   143   160 I ActivityManager: Start proc com.whatsapp for service com.whatsapp/.messaging.MessageService: pid=8345 uid=10068 gids={1015, 3003}
07-08 22:02:15.070  8345  8345 I dalvikvm: Turning on JNI app bug workarounds for target SDK version 7...
07-08 22:02:15.421  8345  8347 D dalvikvm: GC_CONCURRENT freed 173K, 3% free 9345K/9607K, paused 13ms+2ms
07-08 22:02:15.660  8162  8324 I SqliteDatabaseCpp: sqlite returned: error code = 1, msg = no such column: last_stats_sync_time, db=/data/data/com.google.android.apps.plus/databases/picasa.db
07-08 22:02:15.765  8162  8324 E EsSyncAdapterService: Sync failure
07-08 22:02:15.765  8162  8324 E EsSyncAdapterService: android.database.sqlite.SQLiteException: no such column: last_stats_sync_time: , while compiling: SELECT last_stats_sync_time  FROM account_status
07-08 22:02:15.765  8162  8324 E EsSyncAdapterService: 	at android.database.sqlite.SQLiteCompiledSql.native_compile(Native Method)
07-08 22:02:15.765  8162  8324 E EsSyncAdapterService: 	at android.database.sqlite.SQLiteCompiledSql.<init>(SQLiteCompiledSql.java:68)
07-08 22:02:15.765  8162  8324 E EsSyncAdapterService: 	at android.database.sqlite.SQLiteProgram.compileSql(SQLiteProgram.java:143)
07-08 22:02:15.765  8162  8324 E EsSyncAdapterService: 	at android.database.sqlite.SQLiteProgram.compileAndbindAllArgs(SQLiteProgram.java:361)
07-08 22:02:15.765  8162  8324 E EsSyncAdapterService: 	at android.database.sqlite.SQLiteStatement.acquireAndLock(SQLiteStatement.java:260)
07-08 22:02:15.765  8162  8324 E EsSyncAdapterService: 	at android.database.sqlite.SQLiteStatement.simpleQueryForLong(SQLiteStatement.java:137)
07-08 22:02:15.765  8162  8324 E EsSyncAdapterService: 	at android.database.DatabaseUtils.longForQuery(DatabaseUtils.java:791)
07-08 22:02:15.765  8162  8324 E EsSyncAdapterService: 	at android.database.DatabaseUtils.longForQuery(DatabaseUtils.java:779)
07-08 22:02:15.765  8162  8324 E EsSyncAdapterService: 	at com.google.android.apps.plus.content.EsAccountsData.queryLastStatsSyncTimestamp(EsAccountsData.java:570)
07-08 22:02:15.765  8162  8324 E EsSyncAdapterService: 	at com.google.android.apps.plus.service.EsSyncAdapterService.syncContactsStatsIfNecessary(EsSyncAdapterService.java:670)
07-08 22:02:15.765  8162  8324 E EsSyncAdapterService: 	at com.google.android.apps.plus.service.EsSyncAdapterService.doFullSync(EsSyncAdapterService.java:633)
07-08 22:02:15.765  8162  8324 E EsSyncAdapterService: 	at com.google.android.apps.plus.service.EsSyncAdapterService.doSync(EsSyncAdapterService.java:566)
07-08 22:02:15.765  8162  8324 E EsSyncAdapterService: 	at com.google.android.apps.plus.service.EsSyncAdapterService.access$100(EsSyncAdapterService.java:52)
07-08 22:02:15.765  8162  8324 E EsSyncAdapterService: 	at com.google.android.apps.plus.service.EsSyncAdapterService$SyncAdapterImpl.onPerformSync(EsSyncAdapterService.java:408)
07-08 22:02:15.765  8162  8324 E EsSyncAdapterService: 	at android.content.AbstractThreadedSyncAdapter$SyncThread.run(AbstractThreadedSyncAdapter.java:247)
07-08 22:02:15.992   143   169 D SyncManager: failed sync operation lokeshmandvekar@gmail.com (com.google), com.google.android.apps.plus.content.EsProvider, SERVER, earliestRunTime 99900302, SyncResult: stats [ numParseExceptions: 1]
07-08 22:02:16.000   143   169 D SyncManager: not retrying sync operation because the error is a hard error: lokeshmandvekar@gmail.com (com.google), com.google.android.apps.plus.content.EsProvider, SERVER, earliestRunTime 99928656
07-08 22:02:16.234  8345  8347 D dalvikvm: GC_CONCURRENT freed 290K, 4% free 9610K/9991K, paused 3ms+3ms
07-08 22:02:16.925  8345  8345 I dalvikvm: Could not find method android.media.MediaMetadataRetriever.captureFrame, referenced from method com.whatsapp.q3.a
07-08 22:02:16.925  8345  8345 W dalvikvm: VFY: unable to resolve virtual method 502: Landroid/media/MediaMetadataRetriever;.captureFrame ()Landroid/graphics/Bitmap;
07-08 22:02:16.925  8345  8345 D dalvikvm: VFY: replacing opcode 0x6e at 0x0134
07-08 22:02:17.136  8345  8347 D dalvikvm: GC_CONCURRENT freed 310K, 4% free 9863K/10247K, paused 8ms+6ms
07-08 22:02:17.343  8345  8347 D dalvikvm: GC_CONCURRENT freed 310K, 5% free 10015K/10439K, paused 5ms+4ms
07-08 22:02:18.230  7233  7236 D dalvikvm: GC_CONCURRENT freed 387K, 6% free 9761K/10375K, paused 39ms+179ms
07-08 22:02:18.906  8345  8347 D dalvikvm: GC_CONCURRENT freed 500K, 6% free 9935K/10567K, paused 4ms+2ms
07-08 22:02:19.558   143   143 I ActivityManager: Process com.google.android.apps.uploader (pid 8145) has died.
07-08 22:02:19.636  8345  8347 D dalvikvm: GC_CONCURRENT freed 439K, 7% free 9918K/10567K, paused 2ms+3ms
07-08 22:02:20.488  8162  8344 D dalvikvm: GC_EXPLICIT freed 1250K, 19% free 13254K/16263K, paused 2ms+3ms
07-08 22:02:20.839  7233  7396 D dalvikvm: GC_EXPLICIT freed 228K, 7% free 9686K/10375K, paused 2ms+3ms
07-08 22:02:20.996   143   400 D dalvikvm: GC_EXPLICIT freed 1541K, 18% free 17329K/21127K, paused 3ms+8ms
07-08 22:02:22.230  7233  7236 D dalvikvm: GC_CONCURRENT freed 315K, 6% free 9756K/10375K, paused 3ms+4ms
07-08 22:02:51.285  8345  8347 D dalvikvm: GC_CONCURRENT freed 358K, 6% free 9956K/10567K, paused 6ms+4ms
07-08 22:02:52.332  6860  6861 D dalvikvm: GC_CONCURRENT freed 495K, 7% free 10382K/11143K, paused 2ms+8ms
07-08 22:03:05.418   143   143 W ActivityManager: finishReceiver called but no pending broadcasts
07-08 22:03:05.500  6860  6861 D dalvikvm: GC_CONCURRENT freed 389K, 6% free 10505K/11143K, paused 2ms+3ms
07-08 22:03:37.800   143   200 D DhcpInfoInternal: makeLinkProperties with empty dns2!
07-08 22:03:37.804   143   200 D DhcpInfoInternal: makeLinkProperties with empty dns2!
07-08 22:03:52.406   659   661 D dalvikvm: GC_CONCURRENT freed 515K, 9% free 10323K/11271K, paused 2ms+2ms
07-08 22:03:55.773  6078  6091 I PhoneLab-: Service Running
07-08 22:03:55.832  6078  6091 I PhoneLab-LoggerService: app_37    1296  1     1436   996   c00f181c 400107b4 S logcat
07-08 22:03:55.836  6078  6091 I PhoneLab-LoggerService: Logcat pid from database 1296
07-08 22:03:55.836  6078  6091 I PhoneLab-LoggerService: Logcat process found 1296
07-08 22:03:55.836  6078  6091 I PhoneLab-LoggerService: Checking Threshold
07-08 22:04:52.379  6860  6861 D dalvikvm: GC_CONCURRENT freed 632K, 7% free 10384K/11143K, paused 2ms+3ms
07-08 22:04:52.535   659   661 D dalvikvm: GC_CONCURRENT freed 447K, 9% free 10332K/11271K, paused 2ms+2ms
07-08 22:05:55.765  6078  6091 I PhoneLab-: Service Running
07-08 22:05:55.851  6078  6091 I PhoneLab-LoggerService: app_37    1296  1     1436   996   c00f181c 400107b4 S logcat
07-08 22:05:55.851  6078  6091 I PhoneLab-LoggerService: Logcat pid from database 1296
07-08 22:05:55.851  6078  6091 I PhoneLab-LoggerService: Logcat process found 1296
07-08 22:05:55.851  6078  6091 I PhoneLab-LoggerService: Checking Threshold
07-08 22:06:02.687   143   200 D DhcpInfoInternal: makeLinkProperties with empty dns2!
07-08 22:06:02.703   143   200 D DhcpInfoInternal: makeLinkProperties with empty dns2!
07-08 22:06:09.250   143   143 W ActivityManager: finishReceiver called but no pending broadcasts
07-08 22:06:09.324  6860  6861 D dalvikvm: GC_CONCURRENT freed 396K, 6% free 10499K/11143K, paused 8ms+3ms
07-08 22:06:23.925  6030  6031 D dalvikvm: GC_CONCURRENT freed 849K, 12% free 11682K/13255K, paused 25ms+13ms
07-08 22:06:25.207  6030  6031 D dalvikvm: GC_CONCURRENT freed 404K, 10% free 12041K/13255K, paused 39ms+3ms
07-08 22:06:42.183   143   159 V BackupManagerService: Running a backup pass
07-08 22:06:42.211   143   215 V BackupManagerService: Backup requested but nothing pending
07-08 22:06:52.515  6860  6861 D dalvikvm: GC_CONCURRENT freed 630K, 7% free 10380K/11143K, paused 12ms+2ms
07-08 22:06:52.660   143 10999 D dalvikvm: GC_EXPLICIT freed 742K, 18% free 17345K/21127K, paused 8ms+10ms
07-08 22:06:52.750   659   661 D dalvikvm: GC_CONCURRENT freed 511K, 9% free 10332K/11271K, paused 4ms+3ms
07-08 22:07:25.312  6078  6078 I PhoneLab-Locks: wake lock acquired
07-08 22:07:25.339  6078  8435 I PhoneLab-PeriodicCheckService: User info is synched
07-08 22:07:25.343  6078  8435 I PhoneLab-PeriodicCheckService: Logger Service is running
07-08 22:07:25.347  6078  6078 I PhoneLab-Locks: wake lock acquired
07-08 22:07:25.347  6078  6078 I PhoneLab-StatusMonitor: Status Monitoring is started
07-08 22:07:25.351  6078  8435 I PhoneLab-Locks: wake lock acquired
07-08 22:07:25.355  6078  8435 I PhoneLab-PeriodicCheckService: Rescheduling periodic checking...
07-08 22:07:25.355  6078  8435 I PhoneLab-Locks: wake lock released
07-08 22:07:25.410  6078  6078 E PhoneLab-PhoneLabManifest: java.io.FileNotFoundException: /data/data/edu.buffalo.cse.phonelab.phonelabservices/files/manifest.xml: open failed: ENOENT (No such file or directory)
07-08 22:07:25.425  6078  6078 I PhoneLab-Locks: wake lock released
07-08 22:07:25.429  6078  6078 I PhoneLab-UploadLogs: Transfering log files now
07-08 22:07:25.429  6078  6078 I PhoneLab-UploadLogs: No log files to transfer
07-08 22:07:25.429  6078  6078 I PhoneLab-Locks: wake lock released
07-08 22:07:25.433  6078  6078 I PhoneLab-UploadLogs: OnStartCommand
07-08 22:07:55.769  6078  6091 I PhoneLab-: Service Running
07-08 22:07:55.832   143   308 I ActivityManager: Process com.google.android.apps.maps:NetworkLocationService (pid 6860) has died.
07-08 22:07:55.832   143   308 W ActivityManager: Scheduling restart of crashed service com.google.android.apps.maps/com.google.android.location.internal.server.NetworkLocationService in 5000ms
07-08 22:07:55.902  6078  6081 D dalvikvm: GC_CONCURRENT freed 408K, 15% free 9149K/10695K, paused 2ms+10ms
07-08 22:07:55.925  6078  6091 I PhoneLab-LoggerService: app_37    1296  1     1436   996   c00f181c 400107b4 S logcat
07-08 22:07:55.929  6078  6091 I PhoneLab-LoggerService: Logcat pid from database 1296
07-08 22:07:55.929  6078  6091 I PhoneLab-LoggerService: Logcat process found 1296
07-08 22:07:55.929  6078  6091 I PhoneLab-LoggerService: Checking Threshold
07-08 22:08:00.925   143   160 I ActivityManager: Start proc com.google.android.apps.maps:NetworkLocationService for service com.google.android.apps.maps/com.google.android.location.internal.server.NetworkLocationService: pid=8440 uid=10056 gids={3003, 1015}
07-08 22:08:01.242  8440  8441 D dalvikvm: GC_CONCURRENT freed 173K, 3% free 9362K/9607K, paused 9ms+3ms
07-08 22:08:01.820  8440  8441 D dalvikvm: GC_CONCURRENT freed 150K, 3% free 9673K/9927K, paused 2ms+5ms
07-08 22:08:02.043 22025 22036 D dalvikvm: GC_EXPLICIT freed 235K, 7% free 10740K/11463K, paused 6ms+5ms
07-08 22:08:02.375  8440  8441 D dalvikvm: GC_CONCURRENT freed 173K, 3% free 10066K/10311K, paused 1ms+3ms
07-08 22:08:02.566  8440  8441 D dalvikvm: GC_CONCURRENT freed 142K, 3% free 10420K/10695K, paused 2ms+2ms
07-08 22:08:02.687   143   160 I ActivityManager: Start proc com.google.android.apps.maps:FriendService for broadcast com.google.android.apps.maps/com.google.googlenav.friend.android.ServiceReceiver: pid=8461 uid=10056 gids={3003, 1015}
07-08 22:08:02.879  8461  8464 D dalvikvm: GC_CONCURRENT freed 176K, 3% free 9360K/9607K, paused 2ms+8ms
07-08 22:08:02.937   143 11000 I ActivityManager: Process com.google.android.youtube (pid 6182) has died.
07-08 22:08:03.058  8461  8464 D dalvikvm: GC_CONCURRENT freed 189K, 3% free 9653K/9927K, paused 2ms+2ms
07-08 22:08:03.179   659   661 D dalvikvm: GC_CONCURRENT freed 485K, 9% free 10308K/11271K, paused 2ms+3ms
07-08 22:08:03.234  8440  8444 I dalvikvm: Total arena pages for JIT: 11
07-08 22:08:03.242  8440  8444 I dalvikvm: Total arena pages for JIT: 12
07-08 22:08:03.242  8440  8444 I dalvikvm: Total arena pages for JIT: 13
07-08 22:08:03.242  8440  8444 I dalvikvm: Total arena pages for JIT: 14
07-08 22:08:03.246  8440  8444 I dalvikvm: Total arena pages for JIT: 15
07-08 22:08:03.246  8440  8444 I dalvikvm: Total arena pages for JIT: 16
07-08 22:08:03.246  8440  8444 I dalvikvm: Total arena pages for JIT: 17
07-08 22:08:03.339  8440  8444 I dalvikvm: Total arena pages for JIT: 18
07-08 22:08:03.480  8440  8441 D dalvikvm: GC_CONCURRENT freed 749K, 8% free 10236K/11015K, paused 2ms+3ms
07-08 22:08:03.832  8440  8441 D dalvikvm: GC_CONCURRENT freed 322K, 7% free 10329K/11015K, paused 2ms+2ms
07-08 22:08:03.992  8440  8460 D dalvikvm: GC_FOR_ALLOC freed 233K, 7% free 10343K/11015K, paused 20ms
07-08 22:08:04.019  8440  8460 D dalvikvm: GC_FOR_ALLOC freed 11K, 7% free 10345K/11015K, paused 19ms
07-08 22:08:04.043  8440  8460 D dalvikvm: GC_FOR_ALLOC freed 18K, 7% free 10351K/11015K, paused 18ms
07-08 22:08:04.043  8440  8460 I dalvikvm-heap: Grow heap (frag case) to 10.194MB for 16372-byte allocation
07-08 22:08:04.062  8440  8460 D dalvikvm: GC_FOR_ALLOC freed 12K, 7% free 10355K/11079K, paused 20ms
07-08 22:08:06.222  8440  8441 D dalvikvm: GC_CONCURRENT freed 420K, 7% free 10363K/11079K, paused 8ms+2ms
07-08 22:08:09.847   143 11000 W ActivityManager: finishReceiver called but no pending broadcasts
07-08 22:08:10.004  8440  8441 D dalvikvm: GC_CONCURRENT freed 381K, 6% free 10493K/11079K, paused 1ms+3ms
07-08 22:08:18.711   143 10999 W ActivityManager: finishReceiver called but no pending broadcasts
07-08 22:08:18.812  8440  8441 D dalvikvm: GC_CONCURRENT freed 506K, 6% free 10492K/11079K, paused 2ms+4ms
07-08 22:08:27.543   143  1922 W ActivityManager: finishReceiver called but no pending broadcasts
07-08 22:08:27.578   143   200 D DhcpInfoInternal: makeLinkProperties with empty dns2!
07-08 22:08:27.578   143   200 D DhcpInfoInternal: makeLinkProperties with empty dns2!
07-08 22:08:27.632  8440  8441 D dalvikvm: GC_CONCURRENT freed 509K, 6% free 10488K/11079K, paused 2ms+2ms
07-08 22:09:05.554  8440  8441 D dalvikvm: GC_CONCURRENT freed 515K, 7% free 10373K/11079K, paused 2ms+2ms
07-08 22:09:05.601   659   661 D dalvikvm: GC_CONCURRENT freed 486K, 9% free 10333K/11271K, paused 2ms+3ms
07-08 22:09:55.769  6078  6091 I PhoneLab-: Service Running
07-08 22:09:55.867  6078  6091 I PhoneLab-LoggerService: app_37    1296  1     1436   996   c00f181c 400107b4 S logcat
07-08 22:09:55.867  6078  6091 I PhoneLab-LoggerService: Logcat pid from database 1296
07-08 22:09:55.867  6078  6091 I PhoneLab-LoggerService: Logcat process found 1296
07-08 22:09:55.867  6078  6091 I PhoneLab-LoggerService: Checking Threshold
07-08 22:10:52.468   143   200 D DhcpInfoInternal: makeLinkProperties with empty dns2!
07-08 22:10:52.472   143   200 D DhcpInfoInternal: makeLinkProperties with empty dns2!
07-08 22:11:05.648  8440  8441 D dalvikvm: GC_CONCURRENT freed 504K, 7% free 10377K/11079K, paused 2ms+16ms
07-08 22:11:05.671   659   661 D dalvikvm: GC_CONCURRENT freed 508K, 9% free 10333K/11271K, paused 2ms+2ms
07-08 22:11:08.109 27377 27379 D dalvikvm: GC_CONCURRENT freed 826K, 16% free 11897K/14023K, paused 15ms+9ms
07-08 22:11:30.214  6030  6031 D dalvikvm: GC_CONCURRENT freed 1171K, 12% free 11757K/13255K, paused 13ms+4ms
07-08 22:11:31.359   143 24239 W ActivityManager: finishReceiver called but no pending broadcasts
07-08 22:11:31.445  8440  8441 D dalvikvm: GC_CONCURRENT freed 384K, 6% free 10504K/11079K, paused 2ms+2ms
07-08 22:11:55.765  6078  6091 I PhoneLab-: Service Running
07-08 22:11:55.832  6078  6091 I PhoneLab-LoggerService: app_37    1296  1     1436   996   c00f181c 400107b4 S logcat
07-08 22:11:55.836  6078  6091 I PhoneLab-LoggerService: Logcat pid from database 1296
07-08 22:11:55.836  6078  6091 I PhoneLab-LoggerService: Logcat process found 1296
07-08 22:11:55.836  6078  6091 I PhoneLab-LoggerService: Checking Threshold
07-08 22:12:05.726   659   661 D dalvikvm: GC_CONCURRENT freed 427K, 9% free 10324K/11271K, paused 1ms+2ms
07-08 22:12:38.511   143   177 I power   : *** set_screen_state 1
07-08 22:12:38.629   143   177 I WindowManager: Lock screen displayed!
07-08 22:12:38.742    78   121 D SurfaceFlinger: Screen about to return, flinger = 0x1ddb918
07-08 22:13:04.472   143 24239 D dalvikvm: GC_EXPLICIT freed 1347K, 18% free 17387K/21127K, paused 20ms+11ms
07-08 22:13:05.812  8440  8441 D dalvikvm: GC_CONCURRENT freed 675K, 7% free 10385K/11143K, paused 2ms+3ms
07-08 22:13:17.347   143   200 D DhcpInfoInternal: makeLinkProperties with empty dns2!
07-08 22:13:17.351   143   200 D DhcpInfoInternal: makeLinkProperties with empty dns2!
07-08 22:13:55.765  6078  6091 I PhoneLab-: Service Running
07-08 22:13:55.836  6078  6091 I PhoneLab-LoggerService: app_37    1296  1     1436   996   c00f181c 400107b4 S logcat
07-08 22:13:55.836  6078  6091 I PhoneLab-LoggerService: Logcat pid from database 1296
07-08 22:13:55.836  6078  6091 I PhoneLab-LoggerService: Logcat process found 1296
07-08 22:13:55.836  6078  6091 I PhoneLab-LoggerService: Checking Threshold
07-08 22:14:05.953   659   661 D dalvikvm: GC_CONCURRENT freed 497K, 9% free 10338K/11271K, paused 2ms+3ms
07-08 22:15:06.023  8440  8441 D dalvikvm: GC_CONCURRENT freed 507K, 7% free 10389K/11143K, paused 2ms+3ms
07-08 22:15:06.156   659   661 D dalvikvm: GC_CONCURRENT freed 423K, 9% free 10328K/11271K, paused 2ms+2ms
07-08 22:15:06.269   659   661 D dalvikvm: GC_CONCURRENT freed 172K, 7% free 10543K/11271K, paused 2ms+3ms
07-08 22:15:42.019   143   200 D DhcpInfoInternal: makeLinkProperties with empty dns2!
07-08 22:15:42.019   143   200 D DhcpInfoInternal: makeLinkProperties with empty dns2!
07-08 22:15:55.765  6078  6091 I PhoneLab-: Service Running
07-08 22:15:55.851  6078  6091 I PhoneLab-LoggerService: app_37    1296  1     1436   996   c00f181c 400107b4 S logcat
07-08 22:15:55.851  6078  6091 I PhoneLab-LoggerService: Logcat pid from database 1296
07-08 22:15:55.851  6078  6091 I PhoneLab-LoggerService: Logcat process found 1296
07-08 22:15:55.851  6078  6091 I PhoneLab-LoggerService: Checking Threshold
07-08 22:16:03.332   143   173 I power   : *** set_screen_state 0
07-08 22:16:03.379    78   121 D SurfaceFlinger: About to give-up screen, flinger = 0x1ddb918
07-08 22:16:03.480   143   177 V TransportControlView: Create TCV com.android.internal.widget.TransportControlView@41891c28
07-08 22:16:06.082   659   661 D dalvikvm: GC_CONCURRENT freed 737K, 9% free 10317K/11271K, paused 2ms+4ms
07-08 22:16:09.242   143 26971 W ActivityManager: finishReceiver called but no pending broadcasts
07-08 22:16:09.312  8440  8441 D dalvikvm: GC_CONCURRENT freed 392K, 6% free 10508K/11143K, paused 2ms+11ms
07-08 22:16:32.472  6030  6031 D dalvikvm: GC_CONCURRENT freed 813K, 12% free 11754K/13255K, paused 2ms+3ms
07-08 22:16:47.929  8162  8588 I SqliteDatabaseCpp: sqlite returned: error code = 1, msg = no such column: wipeout_stats, db=/data/data/com.google.android.apps.plus/databases/picasa.db
07-08 22:16:47.941  8162  8588 W System.err: android.database.sqlite.SQLiteException: no such column: wipeout_stats: , while compiling: SELECT wipeout_stats  FROM account_status
07-08 22:16:48.121  8162  8588 W System.err: 	at android.database.sqlite.SQLiteCompiledSql.native_compile(Native Method)
07-08 22:16:48.125  8162  8588 W System.err: 	at android.database.sqlite.SQLiteCompiledSql.<init>(SQLiteCompiledSql.java:68)
07-08 22:16:48.129  8162  8588 W System.err: 	at android.database.sqlite.SQLiteProgram.compileSql(SQLiteProgram.java:143)
07-08 22:16:48.132  8162  8588 W System.err: 	at android.database.sqlite.SQLiteProgram.compileAndbindAllArgs(SQLiteProgram.java:361)
07-08 22:16:48.136  8162  8588 W System.err: 	at android.database.sqlite.SQLiteStatement.acquireAndLock(SQLiteStatement.java:260)
07-08 22:16:48.140  8162  8588 W System.err: 	at android.database.sqlite.SQLiteStatement.simpleQueryForLong(SQLiteStatement.java:137)
07-08 22:16:48.144  8162  8588 W System.err: 	at android.database.DatabaseUtils.longForQuery(DatabaseUtils.java:791)
07-08 22:16:48.152  8162  8588 W System.err: 	at android.database.DatabaseUtils.longForQuery(DatabaseUtils.java:779)
07-08 22:16:48.156  8162  8588 W System.err: 	at com.google.android.apps.plus.content.EsAccountsData.isContactsStatsWipeoutNeeded(EsAccountsData.java:641)
07-08 22:16:48.171  8162  8588 W System.err: 	at com.google.android.apps.plus.service.EsService.processIntent(EsService.java:4246)
07-08 22:16:48.175  8162  8588 W System.err: 	at com.google.android.apps.plus.service.ServiceThread$1.run(ServiceThread.java:50)
07-08 22:16:48.222  8162  8588 W System.err: 	at android.os.Handler.handleCallback(Handler.java:605)
07-08 22:16:48.230  8162  8588 W System.err: 	at android.os.Handler.dispatchMessage(Handler.java:92)
07-08 22:16:48.254  8162  8588 W System.err: 	at android.os.Looper.loop(Looper.java:137)
07-08 22:16:48.273  8162  8588 W System.err: 	at com.google.android.apps.plus.service.ServiceThread.run(ServiceThread.java:122)
07-08 22:16:49.113  8308  8311 D dalvikvm: GC_CONCURRENT freed 712K, 7% free 11234K/12039K, paused 52ms+70ms
07-08 22:16:52.558  8162  8164 D dalvikvm: GC_CONCURRENT freed 1179K, 18% free 13395K/16263K, paused 23ms+4ms
07-08 22:17:00.148  8162  8164 D dalvikvm: GC_CONCURRENT freed 1411K, 19% free 13331K/16263K, paused 3ms+4ms
07-08 22:17:06.027  8440  8441 D dalvikvm: GC_CONCURRENT freed 629K, 7% free 10391K/11143K, paused 2ms+2ms
07-08 22:17:06.183   659   661 D dalvikvm: GC_CONCURRENT freed 434K, 9% free 10320K/11271K, paused 2ms+4ms
07-08 22:17:07.414  8162  8591 D dalvikvm: GC_FOR_ALLOC freed 715K, 16% free 13682K/16263K, paused 46ms
07-08 22:17:07.421  8162  8169 I dalvikvm: Jit: resizing JitTable from 4096 to 8192
07-08 22:17:07.921  8162  8164 D dalvikvm: GC_CONCURRENT freed 1047K, 14% free 14128K/16263K, paused 15ms+3ms
07-08 22:17:09.039  8162  8164 D dalvikvm: GC_CONCURRENT freed 1194K, 11% free 14508K/16263K, paused 2ms+3ms
07-08 22:17:11.164  8162  8164 D dalvikvm: GC_CONCURRENT freed 1735K, 12% free 14526K/16391K, paused 2ms+3ms
07-08 22:17:13.261  8162  8591 I SqliteDatabaseCpp: sqlite returned: error code = 1, msg = no such column: last_stats_sync_time, db=/data/data/com.google.android.apps.plus/databases/picasa.db
07-08 22:17:13.277  8162  8591 E EsSyncAdapterService: Sync failure
07-08 22:17:13.277  8162  8591 E EsSyncAdapterService: android.database.sqlite.SQLiteException: no such column: last_stats_sync_time: , while compiling: SELECT last_stats_sync_time  FROM account_status
07-08 22:17:13.277  8162  8591 E EsSyncAdapterService: 	at android.database.sqlite.SQLiteCompiledSql.native_compile(Native Method)
07-08 22:17:13.277  8162  8591 E EsSyncAdapterService: 	at android.database.sqlite.SQLiteCompiledSql.<init>(SQLiteCompiledSql.java:68)
07-08 22:17:13.277  8162  8591 E EsSyncAdapterService: 	at android.database.sqlite.SQLiteProgram.compileSql(SQLiteProgram.java:143)
07-08 22:17:13.277  8162  8591 E EsSyncAdapterService: 	at android.database.sqlite.SQLiteProgram.compileAndbindAllArgs(SQLiteProgram.java:361)
07-08 22:17:13.277  8162  8591 E EsSyncAdapterService: 	at android.database.sqlite.SQLiteStatement.acquireAndLock(SQLiteStatement.java:260)
07-08 22:17:13.277  8162  8591 E EsSyncAdapterService: 	at android.database.sqlite.SQLiteStatement.simpleQueryForLong(SQLiteStatement.java:137)
07-08 22:17:13.277  8162  8591 E EsSyncAdapterService: 	at android.database.DatabaseUtils.longForQuery(DatabaseUtils.java:791)
07-08 22:17:13.277  8162  8591 E EsSyncAdapterService: 	at android.database.DatabaseUtils.longForQuery(DatabaseUtils.java:779)
07-08 22:17:13.277  8162  8591 E EsSyncAdapterService: 	at com.google.android.apps.plus.content.EsAccountsData.queryLastStatsSyncTimestamp(EsAccountsData.java:570)
07-08 22:17:13.277  8162  8591 E EsSyncAdapterService: 	at com.google.android.apps.plus.service.EsSyncAdapterService.syncContactsStatsIfNecessary(EsSyncAdapterService.java:670)
07-08 22:17:13.277  8162  8591 E EsSyncAdapterService: 	at com.google.android.apps.plus.service.EsSyncAdapterService.doFullSync(EsSyncAdapterService.java:633)
07-08 22:17:13.277  8162  8591 E EsSyncAdapterService: 	at com.google.android.apps.plus.service.EsSyncAdapterService.doSync(EsSyncAdapterService.java:566)
07-08 22:17:13.277  8162  8591 E EsSyncAdapterService: 	at com.google.android.apps.plus.service.EsSyncAdapterService.access$100(EsSyncAdapterService.java:52)
07-08 22:17:13.277  8162  8591 E EsSyncAdapterService: 	at com.google.android.apps.plus.service.EsSyncAdapterService$SyncAdapterImpl.onPerformSync(EsSyncAdapterService.java:408)
07-08 22:17:13.277  8162  8591 E EsSyncAdapterService: 	at android.content.AbstractThreadedSyncAdapter$SyncThread.run(AbstractThreadedSyncAdapter.java:247)
07-08 22:17:13.293   143   169 D SyncManager: failed sync operation lokeshmandvekar@gmail.com (com.google), com.google.android.apps.plus.content.EsProvider, SERVER, earliestRunTime 100800549, SyncResult: stats [ numParseExceptions: 1]
07-08 22:17:13.300   143   169 D SyncManager: not retrying sync operation because the error is a hard error: lokeshmandvekar@gmail.com (com.google), com.google.android.apps.plus.content.EsProvider, SERVER, earliestRunTime 100825955
07-08 22:17:18.515  7233  7236 D dalvikvm: GC_CONCURRENT freed 388K, 6% free 9754K/10375K, paused 2ms+5ms
07-08 22:17:18.820  8162  8164 D dalvikvm: GC_CONCURRENT freed 2949K, 19% free 13315K/16391K, paused 3ms+4ms
07-08 22:17:19.593  8162  8344 D dalvikvm: GC_EXPLICIT freed 628K, 20% free 13268K/16391K, paused 4ms+7ms
07-08 22:17:19.648  7233  7397 D dalvikvm: GC_EXPLICIT freed 316K, 7% free 9748K/10375K, paused 5ms+9ms
07-08 22:17:19.879  8345  8347 D dalvikvm: GC_CONCURRENT freed 350K, 6% free 10016K/10567K, paused 1ms+3ms
07-08 22:17:20.945   143   154 D dalvikvm: GC_EXPLICIT freed 1508K, 18% free 17471K/21127K, paused 3ms+8ms
07-08 22:17:55.765  6078  6091 I PhoneLab-: Service Running
07-08 22:17:55.886  6078  6091 I PhoneLab-LoggerService: app_37    1296  1     1436   996   c00f181c 400107b4 S logcat
07-08 22:17:55.886  6078  6091 I PhoneLab-LoggerService: Logcat pid from database 1296
07-08 22:17:55.886  6078  6091 I PhoneLab-LoggerService: Logcat process found 1296
07-08 22:17:55.886  6078  6091 I PhoneLab-LoggerService: Checking Threshold
07-08 22:18:01.492  8345  8347 D dalvikvm: GC_CONCURRENT freed 435K, 6% free 10016K/10567K, paused 3ms+2ms
07-08 22:18:01.605  7233  7236 D dalvikvm: GC_CONCURRENT freed 366K, 6% free 9767K/10375K, paused 2ms+4ms
07-08 22:18:36.324   143  8119 E DhcpStateMachine: DHCP failed on wlan0: Timed out waiting for DHCP Renew to finish
07-08 22:18:36.550   143   200 E WifiStateMachine: IP configuration failed
07-08 22:18:36.625   291   291 I wpa_supplicant: wlan0: CTRL-EVENT-DISCONNECTED bssid=00:00:00:00:00:00 reason=0
07-08 22:18:36.636    75   117 D CommandListener: Clearing all IP addresses on wlan0
07-08 22:18:36.644   143   202 D ConnectivityService: ConnectivityChange for WIFI: DISCONNECTED/DISCONNECTED
07-08 22:18:36.656   143   202 D ConnectivityService: Attempting to switch to mobile
07-08 22:18:36.718   143   202 D ConnectivityService: Attempting to switch to WIMAX
07-08 22:18:36.718   143   202 D ConnectivityService: Attempting to switch to BLUETOOTH_TETHER
07-08 22:18:36.738   143   202 E ConnectivityService: Exception trying to remove a route: java.lang.IllegalStateException: Unable to communicate with native dameon to add routes - com.android.server.NativeDaemonConnectorException: Cmd {interface route remove wlan0 default 192.168.0.1 32 0.0.0.0} failed with code 400 : {Failed to remove route from default table (No such process)}
07-08 22:18:36.742   143   202 E ConnectivityService: Exception trying to remove a route: java.lang.IllegalStateException: Unable to communicate with native dameon to add routes - com.android.server.NativeDaemonConnectorException: Cmd {interface route remove wlan0 default 0.0.0.0 0 192.168.0.1} failed with code 400 : {Failed to remove route from default table (No such process)}
07-08 22:18:36.742   143   202 D ConnectivityService: resetConnections(wlan0, 3)
07-08 22:18:36.746   143   202 D NetUtils: android_net_utils_resetConnections in env=0x7a7aa0 clazz=0x41400001 iface=wlan0 mask=0x3
07-08 22:18:36.773   143   202 D ConnectivityService: ConnectivityChange for WIMAX: DISCONNECTED/SCANNING
07-08 22:18:36.781   143   202 D ConnectivityService: Attempting to switch to mobile
07-08 22:18:36.793   143   202 D ConnectivityService: Attempting to switch to WIFI
07-08 22:18:36.796   143   202 D ConnectivityService: Attempting to switch to BLUETOOTH_TETHER
07-08 22:18:37.078 22025  8197 W Smack/Packet: notify conn break (IOEx), close connection
07-08 22:18:37.113   291   291 I wpa_supplicant: wlan0: Trying to associate with 94:44:52:17:be:7d (SSID='raikiri' freq=2437 MHz)
07-08 22:18:37.136   291   291 I wpa_supplicant: wlan0: Associated with 94:44:52:17:be:7d
07-08 22:18:37.156   291   291 I wpa_supplicant: wlan0: CTRL-EVENT-EAP-SUCCESS EAP authentication completed successfully (based on lower layer success)
07-08 22:18:37.168   291   291 I wpa_supplicant: wlan0: WPA: Key negotiation completed with 94:44:52:17:be:7d [PTK=CCMP GTK=CCMP]
07-08 22:18:37.168   291   291 I wpa_supplicant: wlan0: CTRL-EVENT-CONNECTED - Connection to 94:44:52:17:be:7d completed (reauth) [id=2 id_str=]
07-08 22:18:37.238 22025  8197 I qtaguid : Failed write_ctrl(u 86) res=-1 errno=22
07-08 22:18:37.238 22025  8197 I qtaguid : Untagging socket 86 failed errno=-22
07-08 22:18:37.238 22025  8197 W NetworkManagementSocketTagger: untagSocket(86) failed with errno -22
07-08 22:18:37.277   143   202 D ConnectivityService: handleInetConditionChange: no active default network - ignore
07-08 22:18:38.507   143   200 D DhcpInfoInternal: makeLinkProperties with empty dns2!
07-08 22:18:38.515   143   200 D DhcpInfoInternal: makeLinkProperties with empty dns2!
07-08 22:18:38.539   143   202 D ConnectivityService: ConnectivityChange for WIFI: CONNECTED/CONNECTED
07-08 22:18:38.578   143   197 W NetworkStats: dropping UID delta from unknown iface: iface=wlan0 uid=0 set=DEFAULT tag=0x0 rxBytes=328 rxPackets=1 txBytes=140 txPackets=2 operations=0
07-08 22:18:38.648  6078  6078 I PhoneLab-WiFiReceiver: Wi-Fi is connected!
07-08 22:18:38.648  6078  6078 I PhoneLab-WiFiReceiver: SSID: raikiri BSSID: 94:44:52:17:be:7d RSSI: -200 LinkSpeed: -1
07-08 22:18:38.648  6078  6078 I PhoneLab-Locks: wake lock acquired
07-08 22:18:38.691  6078  6078 I PhoneLab-UploadLogs: Transfering log files now
07-08 22:18:38.695  6078  6078 I PhoneLab-UploadLogs: No log files to transfer
07-08 22:18:38.695  6078  6078 I PhoneLab-Locks: wake lock released
07-08 22:18:38.699  6078  6078 I PhoneLab-UploadLogs: OnStartCommand
07-08 22:18:39.539   143   202 D ConnectivityService: NetTransition Wakelock for WifiStateMachine released by timeout
07-08 22:18:39.800   143   206 D Tethering: MasterInitialState.processMessage what=3
07-08 22:18:39.882   143   206 D Tethering: MasterInitialState.processMessage what=3
07-08 22:18:39.886 22025 22025 I GTalkService/c: [AndroidEndpoint@1094432016] connect: acct=1000000, state=CONNECTING
07-08 22:18:39.886 22025 22025 I GTalkService/c: [GTalkConnection@1094626304] connect: acct=1, state=CONNECTING
07-08 22:18:40.105   143   154 I ActivityManager: Start proc com.google.android.apps.uploader for broadcast com.google.android.apps.uploader/.ConnectivityBroadcastReceiver: pid=8639 uid=10030 gids={3003}
07-08 22:18:40.140    79    79 D dalvikvm: GC_EXPLICIT freed 38K, 4% free 9031K/9347K, paused 1ms+3ms
07-08 22:18:40.175    79    79 D dalvikvm: GC_EXPLICIT freed <1K, 4% free 9031K/9347K, paused 2ms+3ms
07-08 22:18:40.222    79    79 D dalvikvm: GC_EXPLICIT freed <1K, 4% free 9031K/9347K, paused 2ms+1ms
07-08 22:18:40.222  8639  8639 I dalvikvm: Turning on JNI app bug workarounds for target SDK version 11...
07-08 22:18:40.496  8639  8639 I ActivityThread: Pub com.google.android.apps.uploader: com.google.android.apps.uploader.UploadsContentProvider
07-08 22:18:40.523  8639  8639 I ActivityThread: Pub com.google.photos.provider.Album: com.google.android.apps.uploader.clients.picasa.AlbumProvider
07-08 22:18:40.550  8639  8639 D MediaUploader: UploaderApplication.onCreate
07-08 22:18:40.718  8639  8639 D MediaUploader: nonWifiLimit=20971520, default=20971520
07-08 22:18:40.754  8639  8639 I MediaUploader: No need to wake up
07-08 22:18:40.757  6078  6078 I PhoneLab-WiFiReceiver: Wi-Fi is disconnected!
07-08 22:18:40.859  8162  8194 D PicasaSyncManager: active network: NetworkInfo: type: WIFI[], state: CONNECTED/CONNECTED, reason: (unspecified), extra: (none), roaming: false, failover: false, isAvailable: true
07-08 22:18:40.859  8162  8194 D PicasaSyncManager: background data: true
07-08 22:18:40.964   143 26971 I ActivityManager: Start proc com.google.android.youtube for broadcast com.google.android.youtube/.app.prefetch.PrefetchService$DeviceStateReceiver: pid=8658 uid=10057 gids={3003, 1015, 1006}
07-08 22:18:41.285  8658  8660 D dalvikvm: GC_CONCURRENT freed 143K, 3% free 9357K/9607K, paused 22ms+3ms
07-08 22:18:41.343  8658  8658 I ActivityThread: Pub com.google.android.youtube.SuggestionProvider: com.google.android.youtube.core.suggest.SuggestionProvider
07-08 22:18:41.586   143   206 D Tethering: MasterInitialState.processMessage what=3
07-08 22:18:41.933 22025 22026 D dalvikvm: GC_CONCURRENT freed 434K, 7% free 10760K/11463K, paused 6ms+5ms
07-08 22:18:42.156  8658  8660 D dalvikvm: GC_CONCURRENT freed 343K, 5% free 9493K/9927K, paused 3ms+11ms
07-08 22:18:42.156  8658  8667 W CursorWrapperInner: Cursor finalized without prior close()
07-08 22:18:42.156  8658  8667 W CursorWrapperInner: Cursor finalized without prior close()
07-08 22:18:42.398  8658  8660 D dalvikvm: GC_CONCURRENT freed 283K, 4% free 9764K/10119K, paused 2ms+3ms
07-08 22:18:42.476   143   395 I ActivityManager: Process com.google.android.apps.googlevoice (pid 7812) has died.
07-08 22:18:42.496   143   395 W ActivityManager: Scheduling restart of crashed service com.google.android.apps.googlevoice/.UpdateService in 5000ms
07-08 22:18:42.496   143   395 W ActivityManager: Scheduling restart of crashed service com.google.android.apps.googlevoice/.CallLogService in 15000ms
07-08 22:18:42.671  8658  8660 D dalvikvm: GC_CONCURRENT freed 388K, 5% free 9924K/10375K, paused 2ms+126ms
07-08 22:18:42.793  8658  8660 D dalvikvm: GC_CONCURRENT freed 352K, 5% free 10144K/10567K, paused 2ms+7ms
07-08 22:18:42.906  8658  8660 D dalvikvm: GC_CONCURRENT freed 471K, 6% free 10216K/10759K, paused 2ms+3ms
07-08 22:18:43.082   143   403 I ActivityManager: Process com.google.android.apps.docs (pid 8181) has died.
07-08 22:18:43.289  8658  8660 D dalvikvm: GC_CONCURRENT freed 354K, 5% free 10305K/10759K, paused 4ms+6ms
07-08 22:18:43.304   143 10999 I ActivityManager: Start proc com.google.android.apps.docs for broadcast com.google.android.apps.docs/.receivers.NetworkChangeReceiver: pid=8704 uid=10077 gids={3003, 1015, 1006}
07-08 22:18:43.648  8704  8704 I PackageInfoHelper: Provided clientMode=RELEASE, packageInfo=PackageInfo{4135d4b8 com.google.android.apps.docs}
07-08 22:18:43.648  8704  8704 I ActivityThread: Pub com.google.android.apps.docs.files: com.google.android.apps.docs.sync.filemanager.FileProvider
07-08 22:18:43.648  8704  8704 I ActivityThread: Pub com.google.android.apps.docs.doclist.search_suggest: com.google.android.apps.docs.doclist.DocListGlobalSearchSuggestionProvider
07-08 22:18:43.968  8704  8706 D dalvikvm: GC_CONCURRENT freed 215K, 4% free 9312K/9607K, paused 2ms+7ms
07-08 22:18:44.070  7422  7424 D dalvikvm: GC_CONCURRENT freed 314K, 5% free 9185K/9607K, paused 54ms+11ms
07-08 22:18:44.254  8704  8706 D dalvikvm: GC_CONCURRENT freed 460K, 6% free 9394K/9927K, paused 1ms+2ms
07-08 22:18:44.343  8704  8706 D dalvikvm: GC_CONCURRENT freed 500K, 6% free 9417K/9991K, paused 2ms+2ms
07-08 22:18:44.429  8704  8706 D dalvikvm: GC_CONCURRENT freed 530K, 7% free 9449K/10055K, paused 2ms+2ms
07-08 22:18:44.507  8704  8706 D dalvikvm: GC_CONCURRENT freed 484K, 6% free 9476K/10055K, paused 2ms+3ms
07-08 22:18:44.621  8704  8706 D dalvikvm: GC_CONCURRENT freed 513K, 6% free 9543K/10119K, paused 1ms+2ms
07-08 22:18:44.773   143   400 I ActivityManager: Process com.twitter.android (pid 6030) has died.
07-08 22:18:44.793  8704  8706 D dalvikvm: GC_CONCURRENT freed 370K, 5% free 9648K/10119K, paused 2ms+1ms
07-08 22:18:44.910   143   202 D ConnectivityService: handleInetConditionHoldEnd: net=1, condition=100, published condition=0
07-08 22:18:44.953  8704  8704 D ContextScopeImpl: in ContextScope.getContextOrDefault for thread=1
07-08 22:18:44.953  8704  8704 D ContextScopeImpl: returning application context for thread=1
07-08 22:18:44.976  8704  8706 D dalvikvm: GC_CONCURRENT freed 376K, 5% free 9755K/10247K, paused 2ms+11ms
07-08 22:18:44.996  8704  8704 I FeatureCheckerImpl: Configured disabled features: []
07-08 22:18:44.996  8704  8704 D ContextScopeImpl: in ContextScope.getContextOrDefault for thread=1
07-08 22:18:44.996  8704  8704 D ContextScopeImpl: returning application context for thread=1
07-08 22:18:45.011  8704  8704 D ContextScopeImpl: in ContextScope.enter for thread=1
07-08 22:18:45.011  8704  8704 W ContextScopeImpl: thread=1 tried to enter the scope of the application context. Ignored.
07-08 22:18:45.011  8704  8704 D ContextScopeImpl: in ContextScope.getContextOrDefault for thread=1
07-08 22:18:45.011  8704  8704 D ContextScopeImpl: returning application context for thread=1
07-08 22:18:45.011  8704  8704 D DocListDatabase: openHelper points on new database: DocList.db
07-08 22:18:45.011  8704  8704 D DocListDatabase: in openWriteDatabase
07-08 22:18:45.023  8704  8704 I ActivityThread: Pub com.google.android.apps.docs.doclist.account_suggest: com.google.android.apps.docs.doclist.DocListAccountSuggestionProvider
07-08 22:18:45.031  8704  8704 D ContextScopeImpl: in ContextScope.enter for thread=1
07-08 22:18:45.031  8704  8704 W ContextScopeImpl: thread=1 tried to enter the scope of the application context. Ignored.
07-08 22:18:45.031  8704  8704 I ActivityThread: Pub com.google.android.apps.docs: com.google.android.apps.docs.providers.DocListProvider
07-08 22:18:45.031  8704  8704 D ContextScopeImpl: in ContextScope.enter for thread=1
07-08 22:18:45.031  8704  8704 W ContextScopeImpl: thread=1 tried to enter the scope of the application context. Ignored.
07-08 22:18:45.043  8704  8704 W ContextScopeImpl: thread=1 tried to enter the scope of the application context. Ignored.
07-08 22:18:45.054   143   145 D dalvikvm: GC_CONCURRENT freed 2038K, 18% free 17473K/21127K, paused 6ms+22ms
07-08 22:18:45.054  8704  8722 W ContextScopeImpl: thread=2622 tried to enter the scope of the application context. Ignored.
07-08 22:18:45.136  8704  8704 W ContextScopeImpl: thread=1 tried to enter the scope of the application context. Ignored.
07-08 22:18:45.257  8639  8639 I MediaUploader: No need to wake up
07-08 22:18:45.519  8704  8704 W ContextScopeImpl: thread=1 tried to enter the scope of the application context. Ignored.
07-08 22:18:45.550  8162  8194 D PicasaSyncManager: active network: NetworkInfo: type: WIFI[], state: CONNECTED/CONNECTED, reason: (unspecified), extra: (none), roaming: false, failover: false, isAvailable: true
07-08 22:18:45.554  8162  8194 D PicasaSyncManager: background data: true
07-08 22:18:45.679   143 11000 D dalvikvm: GC_EXPLICIT freed 369K, 19% free 17275K/21127K, paused 4ms+9ms
07-08 22:18:45.730  8639  8639 I MediaUploader: No need to wake up
07-08 22:18:45.796  8704  8704 W ContextScopeImpl: thread=1 tried to enter the scope of the application context. Ignored.
07-08 22:18:45.808  8162  8194 D PicasaSyncManager: active network: NetworkInfo: type: WIFI[], state: CONNECTED/CONNECTED, reason: (unspecified), extra: (none), roaming: false, failover: false, isAvailable: true
07-08 22:18:45.808  8162  8194 D PicasaSyncManager: background data: true
07-08 22:18:46.066  7868  7870 D dalvikvm: GC_CONCURRENT freed 325K, 5% free 9279K/9735K, paused 19ms+3ms
07-08 22:18:46.222  8658  8660 D dalvikvm: GC_CONCURRENT freed 323K, 4% free 10463K/10887K, paused 8ms+3ms
07-08 22:18:46.312 22025 22073 D dalvikvm: GC_EXPLICIT freed 443K, 7% free 10721K/11463K, paused 4ms+6ms
07-08 22:18:47.269  8658  8660 D dalvikvm: GC_CONCURRENT freed 377K, 5% free 10597K/11079K, paused 9ms+43ms
07-08 22:18:47.589   143   160 I ActivityManager: Start proc com.google.android.apps.googlevoice for service com.google.android.apps.googlevoice/.UpdateService: pid=8740 uid=10054 gids={3003, 1015}
07-08 22:18:48.011  8740  8742 D dalvikvm: GC_CONCURRENT freed 243K, 4% free 9290K/9607K, paused 20ms+2ms
07-08 22:18:48.558  8740  8742 D dalvikvm: GC_CONCURRENT freed 408K, 5% free 9448K/9927K, paused 15ms+3ms
07-08 22:18:48.562  8740  8749 W CursorWrapperInner: Cursor finalized without prior close()
07-08 22:18:48.562  8740  8749 W CursorWrapperInner: Cursor finalized without prior close()
07-08 22:18:48.562  8740  8749 W CursorWrapperInner: Cursor finalized without prior close()
07-08 22:18:48.777  8740  8742 D dalvikvm: GC_CONCURRENT freed 285K, 5% free 9644K/10055K, paused 14ms+4ms
07-08 22:18:48.882  7233  7236 D dalvikvm: GC_CONCURRENT freed 388K, 6% free 9819K/10375K, paused 5ms+4ms
07-08 22:18:48.921  7233  7245 D dalvikvm: GC_EXPLICIT freed 148K, 7% free 9670K/10375K, paused 2ms+3ms
07-08 22:18:49.113  8740  8742 D dalvikvm: GC_CONCURRENT freed 239K, 5% free 9836K/10247K, paused 2ms+2ms
07-08 22:18:49.828  7422  7424 D dalvikvm: GC_CONCURRENT freed 326K, 5% free 9281K/9735K, paused 1ms+9ms
07-08 22:18:51.336  8658  8660 D dalvikvm: GC_CONCURRENT freed 390K, 5% free 10685K/11207K, paused 3ms+7ms
07-08 22:19:05.054  8440  8441 D dalvikvm: GC_CONCURRENT freed 481K, 7% free 10422K/11143K, paused 14ms+3ms
07-08 22:19:05.199   659  3173 D dalvikvm: GC_EXPLICIT freed 345K, 9% free 10276K/11271K, paused 2ms+4ms
07-08 22:19:13.121   143   403 W ActivityManager: finishReceiver called but no pending broadcasts
07-08 22:19:13.199  8440  8441 D dalvikvm: GC_CONCURRENT freed 428K, 6% free 10505K/11143K, paused 2ms+3ms
07-08 22:19:55.789  6078  6091 I PhoneLab-: Service Running
07-08 22:19:55.906  6078  6091 I PhoneLab-LoggerService: app_37    1296  1     1436   996   c00f181c 400107b4 S logcat
07-08 22:19:55.906  6078  6091 I PhoneLab-LoggerService: Logcat pid from database 1296
07-08 22:19:55.906  6078  6091 I PhoneLab-LoggerService: Logcat process found 1296
07-08 22:19:55.910  6078  6091 I PhoneLab-LoggerService: Checking Threshold
07-08 22:20:06.316  8440  8441 D dalvikvm: GC_CONCURRENT freed 520K, 7% free 10386K/11143K, paused 2ms+5ms
07-08 22:20:06.375   659   661 D dalvikvm: GC_CONCURRENT freed 467K, 9% free 10321K/11271K, paused 2ms+8ms
07-08 22:21:03.402   143   200 D DhcpInfoInternal: makeLinkProperties with empty dns2!
07-08 22:21:03.406   143   200 D DhcpInfoInternal: makeLinkProperties with empty dns2!
07-08 22:21:33.246   143   175 I ActivityManager: Start proc com.twitter.android for service com.twitter.android/.client.AppService: pid=8793 uid=10064 gids={3003, 1015}
07-08 22:21:33.254  8793  8793 I dalvikvm: Turning on JNI app bug workarounds for target SDK version 11...
07-08 22:21:33.355  8793  8793 I ActivityThread: Pub com.twitter.android.provider.GlobalDatabaseProvider: com.twitter.android.provider.GlobalDatabaseProvider
07-08 22:21:33.363  8793  8793 I ActivityThread: Pub com.twitter.android.provider.TwitterProvider: com.twitter.android.provider.TwitterProvider
07-08 22:21:33.566   143   169 D dalvikvm: GC_EXPLICIT freed 700K, 18% free 17327K/21127K, paused 6ms+8ms
07-08 22:21:33.609  8793  8795 D dalvikvm: GC_CONCURRENT freed 204K, 3% free 9266K/9543K, paused 1ms+1ms
07-08 22:21:33.632   143   311 I ActivityManager: Process com.facebook.orca (pid 8308) has died.
07-08 22:21:33.886  8793  8795 D dalvikvm: GC_CONCURRENT freed 174K, 4% free 9495K/9799K, paused 4ms+2ms
07-08 22:21:34.031  8793  8795 D dalvikvm: GC_CONCURRENT freed 298K, 5% free 9626K/10055K, paused 1ms+2ms
07-08 22:21:34.156  8793  8795 D dalvikvm: GC_CONCURRENT freed 310K, 5% free 9761K/10183K, paused 2ms+2ms
07-08 22:21:34.277  8793  8795 D dalvikvm: GC_CONCURRENT freed 302K, 5% free 9886K/10311K, paused 2ms+3ms
07-08 22:21:34.406  8793  8795 D dalvikvm: GC_CONCURRENT freed 311K, 5% free 10020K/10439K, paused 1ms+2ms
07-08 22:21:34.531  8793  8795 D dalvikvm: GC_CONCURRENT freed 296K, 4% free 10151K/10567K, paused 2ms+3ms
07-08 22:21:34.664  8793  8795 D dalvikvm: GC_CONCURRENT freed 307K, 4% free 10280K/10695K, paused 2ms+3ms
07-08 22:21:34.843  8793  8795 D dalvikvm: GC_CONCURRENT freed 492K, 6% free 10225K/10823K, paused 2ms+2ms
07-08 22:21:34.968  8793  8795 D dalvikvm: GC_CONCURRENT freed 331K, 5% free 10302K/10823K, paused 2ms+2ms
07-08 22:21:35.097  8793  8795 D dalvikvm: GC_CONCURRENT freed 313K, 5% free 10389K/10823K, paused 3ms+2ms
07-08 22:21:35.234  8793  8795 D dalvikvm: GC_CONCURRENT freed 359K, 5% free 10474K/10951K, paused 1ms+2ms
07-08 22:21:35.359  8793  8795 D dalvikvm: GC_CONCURRENT freed 345K, 5% free 10556K/11015K, paused 1ms+2ms
07-08 22:21:35.488  8793  8795 D dalvikvm: GC_CONCURRENT freed 327K, 4% free 10637K/11079K, paused 2ms+2ms
07-08 22:21:35.613  8793  8795 D dalvikvm: GC_CONCURRENT freed 363K, 5% free 10727K/11207K, paused 1ms+2ms
07-08 22:21:35.750  8793  8795 D dalvikvm: GC_CONCURRENT freed 396K, 5% free 10825K/11335K, paused 1ms+1ms
07-08 22:21:37.074  8793  8795 D dalvikvm: GC_CONCURRENT freed 349K, 5% free 11003K/11463K, paused 2ms+2ms
07-08 22:21:55.765  6078  6091 I PhoneLab-: Service Running
07-08 22:21:55.851  6078  6081 D dalvikvm: GC_CONCURRENT freed 402K, 15% free 9149K/10695K, paused 3ms+3ms
07-08 22:21:55.859  6078  6091 I PhoneLab-LoggerService: app_37    1296  1     1436   996   c00f181c 400107b4 S logcat
07-08 22:21:55.863  6078  6091 I PhoneLab-LoggerService: Logcat pid from database 1296
07-08 22:21:55.863  6078  6091 I PhoneLab-LoggerService: Logcat process found 1296
07-08 22:21:55.863  6078  6091 I PhoneLab-LoggerService: Checking Threshold
07-08 22:22:06.457  8440  8441 D dalvikvm: GC_CONCURRENT freed 495K, 7% free 10395K/11143K, paused 1ms+19ms
07-08 22:22:06.492   659   661 D dalvikvm: GC_CONCURRENT freed 521K, 9% free 10311K/11271K, paused 2ms+8ms
07-08 22:22:16.921   143  2263 W ActivityManager: finishReceiver called but no pending broadcasts
07-08 22:22:17.011  8440  8441 D dalvikvm: GC_CONCURRENT freed 385K, 6% free 10521K/11143K, paused 2ms+5ms
07-08 22:23:00.129   221   223 D dalvikvm: GC_CONCURRENT freed 385K, 32% free 9699K/14215K, paused 4ms+3ms
07-08 22:23:06.511   659   661 D dalvikvm: GC_CONCURRENT freed 420K, 9% free 10311K/11271K, paused 3ms+3ms
07-08 22:23:28.285   143   200 D DhcpInfoInternal: makeLinkProperties with empty dns2!
07-08 22:23:28.285   143   200 D DhcpInfoInternal: makeLinkProperties with empty dns2!
07-08 22:23:55.765  6078  6091 I PhoneLab-: Service Running
07-08 22:23:55.886  6078  6091 I PhoneLab-LoggerService: app_37    1296  1     1436   996   c00f181c 400107b4 S logcat
07-08 22:23:55.886  6078  6091 I PhoneLab-LoggerService: Logcat pid from database 1296
07-08 22:23:55.886  6078  6091 I PhoneLab-LoggerService: Logcat process found 1296
07-08 22:23:55.886  6078  6091 I PhoneLab-LoggerService: Checking Threshold
07-08 22:24:06.429  8440  8441 D dalvikvm: GC_CONCURRENT freed 634K, 7% free 10398K/11143K, paused 2ms+2ms
07-08 22:25:06.519   659   661 D dalvikvm: GC_CONCURRENT freed 495K, 9% free 10328K/11271K, paused 1ms+3ms
07-08 22:25:20.711   143 26971 W ActivityManager: finishReceiver called but no pending broadcasts
07-08 22:25:20.773  8440  8441 D dalvikvm: GC_CONCURRENT freed 389K, 6% free 10521K/11143K, paused 1ms+3ms
07-08 22:25:52.945   143   200 D DhcpInfoInternal: makeLinkProperties with empty dns2!
07-08 22:25:52.945   143   200 D DhcpInfoInternal: makeLinkProperties with empty dns2!
07-08 22:25:55.769  6078  6091 I PhoneLab-: Service Running
07-08 22:25:55.867  6078  6091 I PhoneLab-LoggerService: app_37    1296  1     1436   996   c00f181c 400107b4 S logcat
07-08 22:25:55.867  6078  6091 I PhoneLab-LoggerService: Logcat pid from database 1296
07-08 22:25:55.867  6078  6091 I PhoneLab-LoggerService: Logcat process found 1296
07-08 22:25:55.867  6078  6091 I PhoneLab-LoggerService: Checking Threshold
07-08 22:26:06.476  8440  8441 D dalvikvm: GC_CONCURRENT freed 636K, 7% free 10396K/11143K, paused 1ms+2ms
07-08 22:26:40.082  8793  8862 I DatabaseHelper: Begin cleanup.
07-08 22:26:41.281  8793  8862 I DatabaseHelper: Cleaned up: 351
07-08 22:26:49.425 27377 27379 D dalvikvm: GC_CONCURRENT freed 832K, 16% free 11895K/14023K, paused 15ms+8ms
07-08 22:27:06.566   659   661 D dalvikvm: GC_CONCURRENT freed 531K, 9% free 10308K/11271K, paused 2ms+2ms
07-08 22:27:55.765  6078  6091 I PhoneLab-: Service Running
07-08 22:27:55.871  6078  6091 I PhoneLab-LoggerService: app_37    1296  1     1436   996   c00f181c 400107b4 S logcat
07-08 22:27:55.871  6078  6091 I PhoneLab-LoggerService: Logcat pid from database 1296
07-08 22:27:55.871  6078  6091 I PhoneLab-LoggerService: Logcat process found 1296
07-08 22:27:55.871  6078  6091 I PhoneLab-LoggerService: Checking Threshold
07-08 22:28:05.468  8440  8441 D dalvikvm: GC_CONCURRENT freed 459K, 7% free 10448K/11143K, paused 7ms+12ms
07-08 22:28:06.640  8440  8441 D dalvikvm: GC_CONCURRENT freed 427K, 6% free 10523K/11143K, paused 2ms+7ms
07-08 22:28:06.703   659   661 D dalvikvm: GC_CONCURRENT freed 421K, 9% free 10316K/11271K, paused 1ms+2ms
07-08 22:28:17.847   143   200 D DhcpInfoInternal: makeLinkProperties with empty dns2!
07-08 22:28:17.855   143   200 D DhcpInfoInternal: makeLinkProperties with empty dns2!
07-08 22:28:24.531   143  2263 W ActivityManager: finishReceiver called but no pending broadcasts
07-08 22:28:24.609  8440  8441 D dalvikvm: GC_CONCURRENT freed 382K, 5% free 10652K/11143K, paused 2ms+3ms
07-08 22:29:14.390 22025 22846 I EventLogService: Aggregate from 1341799154135 (log), 1341799154135 (data)
07-08 22:29:55.765  6078  6091 I PhoneLab-: Service Running
07-08 22:29:55.843   143 24239 I ActivityManager: Process com.android.sprintmenu (pid 8238) has died.
07-08 22:29:55.843   143 24239 W ActivityManager: Scheduling restart of crashed service com.android.sprintmenu/.HiddenPhoneService in 5000ms
07-08 22:29:55.918  6078  6091 I PhoneLab-LoggerService: app_37    1296  1     1436   996   c00f181c 400107b4 S logcat
07-08 22:29:55.918  6078  6091 I PhoneLab-LoggerService: Logcat pid from database 1296
07-08 22:29:55.918  6078  6091 I PhoneLab-LoggerService: Logcat process found 1296
07-08 22:29:55.918  6078  6091 I PhoneLab-LoggerService: Checking Threshold
07-08 22:30:00.906   143   160 I ActivityManager: Start proc com.android.sprintmenu for service com.android.sprintmenu/.HiddenPhoneService: pid=8893 uid=1001 gids={3002, 3001, 3003, 1015}
07-08 22:30:06.671  8440  8441 D dalvikvm: GC_CONCURRENT freed 653K, 7% free 10536K/11271K, paused 2ms+3ms
07-08 22:30:06.793   659   661 D dalvikvm: GC_CONCURRENT freed 507K, 9% free 10321K/11271K, paused 6ms+3ms
07-08 22:30:42.707   143   200 D DhcpInfoInternal: makeLinkProperties with empty dns2!
07-08 22:30:42.711   143   200 D DhcpInfoInternal: makeLinkProperties with empty dns2!
07-08 22:31:24.800   143   143 D dalvikvm: GC_EXPLICIT freed 1432K, 18% free 17392K/21127K, paused 20ms+9ms
07-08 22:31:25.773  8440  8441 D dalvikvm: GC_CONCURRENT freed 376K, 7% free 10546K/11271K, paused 69ms+2ms
07-08 22:31:28.476   143   387 W ActivityManager: finishReceiver called but no pending broadcasts
07-08 22:31:28.562  8440  8441 D dalvikvm: GC_CONCURRENT freed 419K, 6% free 10639K/11271K, paused 2ms+2ms
07-08 22:31:42.648  8793  8795 D dalvikvm: GC_CONCURRENT freed 502K, 6% free 11110K/11719K, paused 5ms+2ms
07-08 22:31:45.089  8793  8795 D dalvikvm: GC_CONCURRENT freed 435K, 5% free 11286K/11847K, paused 13ms+3ms
07-08 22:31:55.785  6078  6091 I PhoneLab-: Service Running
07-08 22:31:55.847  6078  6091 I PhoneLab-LoggerService: app_37    1296  1     1436   996   c00f181c 400107b4 S logcat
07-08 22:31:55.847  6078  6091 I PhoneLab-LoggerService: Logcat pid from database 1296
07-08 22:31:55.847  6078  6091 I PhoneLab-LoggerService: Logcat process found 1296
07-08 22:31:55.847  6078  6091 I PhoneLab-LoggerService: Checking Threshold
07-08 22:32:06.859   659   661 D dalvikvm: GC_CONCURRENT freed 512K, 9% free 10320K/11271K, paused 1ms+4ms
07-08 22:33:07.203  8440  8441 D dalvikvm: GC_CONCURRENT freed 629K, 7% free 10537K/11271K, paused 1ms+11ms
07-08 22:33:07.203   143   311 I ActivityManager: Process com.whatsapp (pid 8345) has died.
07-08 22:33:07.203   143   311 W ActivityManager: Scheduling restart of crashed service com.whatsapp/.messaging.MessageService in 5000ms
07-08 22:33:07.273   659   661 D dalvikvm: GC_CONCURRENT freed 456K, 9% free 10347K/11271K, paused 6ms+3ms
07-08 22:33:09.382   659   661 D dalvikvm: GC_CONCURRENT freed 431K, 9% free 10303K/11271K, paused 5ms+3ms
07-08 22:33:12.265   143   160 I ActivityManager: Start proc com.whatsapp for service com.whatsapp/.messaging.MessageService: pid=8945 uid=10068 gids={1015, 3003}
07-08 22:33:12.273  8945  8945 I dalvikvm: Turning on JNI app bug workarounds for target SDK version 7...
07-08 22:33:12.550  8945  8947 D dalvikvm: GC_CONCURRENT freed 168K, 3% free 9364K/9607K, paused 3ms+5ms
07-08 22:33:13.062  8945  8947 D dalvikvm: GC_CONCURRENT freed 305K, 4% free 9611K/9991K, paused 2ms+3ms
07-08 22:33:13.343   143 11000 I ActivityManager: Process android.process.media (pid 7868) has died.
07-08 22:33:13.476  8945  8945 I dalvikvm: Could not find method android.media.MediaMetadataRetriever.captureFrame, referenced from method com.whatsapp.q3.a
07-08 22:33:13.476  8945  8945 W dalvikvm: VFY: unable to resolve virtual method 502: Landroid/media/MediaMetadataRetriever;.captureFrame ()Landroid/graphics/Bitmap;
07-08 22:33:13.476  8945  8945 D dalvikvm: VFY: replacing opcode 0x6e at 0x0134
07-08 22:33:13.660  8945  8947 D dalvikvm: GC_CONCURRENT freed 440K, 6% free 9730K/10247K, paused 6ms+3ms
07-08 22:33:13.886  8945  8947 D dalvikvm: GC_CONCURRENT freed 219K, 4% free 9993K/10311K, paused 5ms+4ms
07-08 22:33:25.629   143   169 I ActivityManager: Start proc com.google.android.gm for service com.google.android.gm/.provider.MailSyncAdapterService: pid=8974 uid=10075 gids={3003, 1015}
07-08 22:33:25.632   143   143 I ActivityManager: Process com.google.android.apps.maps:FriendService (pid 8461) has died.
07-08 22:33:25.793 22025 22026 D dalvikvm: GC_CONCURRENT freed 397K, 7% free 10764K/11463K, paused 10ms+6ms
07-08 22:33:25.871  8974  8974 I ActivityThread: Pub gmail-ls: com.google.android.gm.provider.MailProvider
07-08 22:33:25.941  8974  8974 I ActivityThread: Pub com.google.android.gm: com.google.android.gm.provider.PublicContentProvider
07-08 22:33:25.961  8974  8974 I ActivityThread: Pub com.google.android.gmail.SuggestionProvider: com.google.android.gm.SuggestionsProvider
07-08 22:33:26.191  8974  8977 D dalvikvm: GC_CONCURRENT freed 212K, 4% free 9263K/9607K, paused 4ms+4ms
07-08 22:33:26.707  8974  8993 I Gmail   : calculateUnknownSyncRationalesAndPurgeInBackground: queueing
07-08 22:33:26.761  8974  8993 I Gmail   : calculateUnknownSyncRationalesAndPurgeInBackground: queueing
07-08 22:33:26.820  8974  8977 D dalvikvm: GC_CONCURRENT freed 244K, 4% free 9434K/9799K, paused 3ms+3ms
07-08 22:33:26.847  8974  8990 I Gmail   : MainSyncRequestProto: lowestBkwdConvoId: 0, highestHandledServerOp: 3300441, normalSync: true
07-08 22:33:26.875  8974  8993 I Gmail   : calculateUnknownSyncRationalesAndPurgeInBackground: running
07-08 22:33:26.879  8974  8993 I Gmail   : calculateUnknownSyncRationalesAndPurgeInBackground: running
07-08 22:33:28.441  8974  8977 D dalvikvm: GC_CONCURRENT freed 326K, 5% free 9564K/9991K, paused 2ms+2ms
07-08 22:33:30.242  8974  8977 D dalvikvm: GC_CONCURRENT freed 459K, 6% free 9552K/10119K, paused 2ms+2ms
07-08 22:33:30.390  8974  8977 D dalvikvm: GC_CONCURRENT freed 451K, 6% free 9560K/10119K, paused 2ms+2ms
07-08 22:33:30.527  8974  8977 D dalvikvm: GC_CONCURRENT freed 447K, 6% free 9562K/10119K, paused 2ms+3ms
07-08 22:33:30.668  8974  8977 D dalvikvm: GC_CONCURRENT freed 447K, 6% free 9564K/10119K, paused 1ms+3ms
07-08 22:33:30.804  8974  8977 D dalvikvm: GC_CONCURRENT freed 448K, 6% free 9564K/10119K, paused 2ms+2ms
07-08 22:33:30.933  8974  8977 D dalvikvm: GC_CONCURRENT freed 447K, 6% free 9563K/10119K, paused 1ms+2ms
07-08 22:33:31.070  8974  8977 D dalvikvm: GC_CONCURRENT freed 447K, 6% free 9564K/10119K, paused 2ms+2ms
07-08 22:33:31.199  8974  8977 D dalvikvm: GC_CONCURRENT freed 447K, 6% free 9550K/10119K, paused 1ms+2ms
07-08 22:33:31.320  8974  8977 D dalvikvm: GC_CONCURRENT freed 448K, 6% free 9553K/10119K, paused 3ms+2ms
07-08 22:33:31.437  8974  8977 D dalvikvm: GC_CONCURRENT freed 447K, 6% free 9548K/10119K, paused 2ms+2ms
07-08 22:33:31.558  8974  8977 D dalvikvm: GC_CONCURRENT freed 448K, 6% free 9563K/10119K, paused 1ms+2ms
07-08 22:33:31.679  8974  8977 D dalvikvm: GC_CONCURRENT freed 448K, 6% free 9564K/10119K, paused 2ms+2ms
07-08 22:33:31.843  8974  8990 D dalvikvm: GC_EXPLICIT freed 259K, 6% free 9543K/10119K, paused 2ms+2ms
07-08 22:33:31.851  8974  8990 I Gmail   : MainSyncRequestProto: lowestBkwdConvoId: 0, highestHandledServerOp: 3300654, normalSync: true
07-08 22:33:33.062   143   400 I ActivityManager: Process edu.buffalo.cse.phonelab.phonelabservices (pid 6078) has died.
07-08 22:33:33.062   143   400 W ActivityManager: Scheduling restart of crashed service edu.buffalo.cse.phonelab.phonelabservices/edu.buffalo.cse.phonelab.datalogger.LoggerService in 5000ms
07-08 22:33:33.136  8974  8990 D dalvikvm: GC_EXPLICIT freed 271K, 6% free 9597K/10119K, paused 2ms+3ms
07-08 22:33:33.140  8974  8990 I Gmail   : MainSyncRequestProto: lowestBkwdConvoId: 0, highestHandledServerOp: 3300659, normalSync: true
07-08 22:33:33.144  8974  8990 I Gmail   : lowestBackward conversation id 0
07-08 22:33:33.160  8974  8990 W Gmail   : Scheduling index for 300000 ms from now
07-08 22:33:33.304  8974  8990 I Gmail   : Sending notification intent: Intent { act=android.intent.action.PROVIDER_CHANGED dat=content://gmail-ls/unread/^i (has extras) }
07-08 22:33:33.386  8974  8990 I Gmail   : Sending notification intent: Intent { act=android.intent.action.PROVIDER_CHANGED dat=content://gmail-ls/unread/^iim (has extras) }
07-08 22:33:33.398  8974  9000 W Gmail   : Showing notification with unreadCount of 1 and unseenCount of 1
07-08 22:33:33.652   143   155 I ActivityManager: Start proc android.process.media for content provider com.android.providers.downloads/.DownloadProvider: pid=9002 uid=10012 gids={1015, 1023, 1024, 2001, 3003, 3007}
07-08 22:33:33.722  9002  9002 I ActivityThread: Pub downloads: com.android.providers.downloads.DownloadProvider
07-08 22:33:33.750  9002  9002 I ActivityThread: Pub drm: com.android.providers.drm.DrmProvider
07-08 22:33:33.750  9002  9016 I DownloadManager: in removeSpuriousFiles
07-08 22:33:33.761  9002  9002 I ActivityThread: Pub media: com.android.providers.media.MediaProvider
07-08 22:33:33.804  9002  9016 I DownloadManager: in removeSpuriousFiles, preserving file /data/data/com.android.providers.downloads/cache/metadata.json
07-08 22:33:33.804  9002  9016 I DownloadManager: in removeSpuriousFiles, preserving file /data/data/com.android.providers.downloads/cache/en_general.htm
07-08 22:33:33.804  9002  9016 I DownloadManager: in removeSpuriousFiles, preserving file /mnt/sdcard/Download/img-thing.jpeg
07-08 22:33:33.804  9002  9016 I DownloadManager: in removeSpuriousFiles, preserving file /data/data/com.android.providers.downloads/cache/metadata-1.json
07-08 22:33:33.804  9002  9016 I DownloadManager: in removeSpuriousFiles, preserving file /data/data/com.android.providers.downloads/cache/downloadfile.jpeg
07-08 22:33:33.804  9002  9016 I DownloadManager: in removeSpuriousFiles, preserving file /data/data/com.android.providers.downloads/cache/metadata-2.json
07-08 22:33:33.804  9002  9016 I DownloadManager: in removeSpuriousFiles, preserving file /data/data/com.android.providers.downloads/cache/metadata-3.json
07-08 22:33:33.804  9002  9016 I DownloadManager: in removeSpuriousFiles, preserving file /data/data/com.android.providers.downloads/cache/downloadfile-1.jpeg
07-08 22:33:33.804  9002  9016 I DownloadManager: in removeSpuriousFiles, preserving file /data/data/com.android.providers.downloads/cache/downloadfile-2.jpeg
07-08 22:33:33.804  9002  9016 I DownloadManager: in removeSpuriousFiles, preserving file /data/data/com.android.providers.downloads/cache/metadata-4.json
07-08 22:33:33.804  9002  9016 I DownloadManager: in removeSpuriousFiles, preserving file /data/data/com.android.providers.downloads/cache/downloadfile-1.apk
07-08 22:33:33.808  9002  9016 I DownloadManager: deleting spurious file /cache/backup
07-08 22:33:33.879  8974  8977 D dalvikvm: GC_CONCURRENT freed 262K, 4% free 9726K/10119K, paused 3ms+3ms
07-08 22:33:34.343   221   223 D dalvikvm: GC_CONCURRENT freed 104K, 30% free 10009K/14215K, paused 2ms+2ms
07-08 22:33:34.515  9002  9005 D dalvikvm: GC_CONCURRENT freed 364K, 5% free 9171K/9607K, paused 2ms+2ms
07-08 22:33:35.433  9002  9021 I DownloadManager: Initiating request for download 735
07-08 22:33:36.273  9002  9005 D dalvikvm: GC_CONCURRENT freed 348K, 5% free 9263K/9735K, paused 2ms+2ms
07-08 22:33:37.043   143  8613 E DhcpStateMachine: DHCP failed on wlan0: Timed out waiting for DHCP Renew to finish
07-08 22:33:37.273   143   200 E WifiStateMachine: IP configuration failed
07-08 22:33:37.300   291   291 I wpa_supplicant: wlan0: CTRL-EVENT-DISCONNECTED bssid=00:00:00:00:00:00 reason=0
07-08 22:33:37.304   143   403 D dalvikvm: GC_EXPLICIT freed 1856K, 18% free 17397K/21127K, paused 3ms+14ms
07-08 22:33:37.308    75   117 D CommandListener: Clearing all IP addresses on wlan0
07-08 22:33:37.336   143   202 D ConnectivityService: ConnectivityChange for WIFI: DISCONNECTED/DISCONNECTED
07-08 22:33:37.359   143   202 D ConnectivityService: Attempting to switch to mobile
07-08 22:33:37.410   143   202 D ConnectivityService: Attempting to switch to WIMAX
07-08 22:33:37.410   143   202 D ConnectivityService: Attempting to switch to BLUETOOTH_TETHER
07-08 22:33:37.414   143   202 E ConnectivityService: Exception trying to remove a route: java.lang.IllegalStateException: Unable to communicate with native dameon to add routes - com.android.server.NativeDaemonConnectorException: Cmd {interface route remove wlan0 default 192.168.0.1 32 0.0.0.0} failed with code 400 : {Failed to remove route from default table (No such process)}
07-08 22:33:37.414   143   202 E ConnectivityService: Exception trying to remove a route: java.lang.IllegalStateException: Unable to communicate with native dameon to add routes - com.android.server.NativeDaemonConnectorException: Cmd {interface route remove wlan0 default 0.0.0.0 0 192.168.0.1} failed with code 400 : {Failed to remove route from default table (No such process)}
07-08 22:33:37.414   143   202 D NetUtils: android_net_utils_resetConnections in env=0x7a7aa0 clazz=0x60a00001 iface=wlan0 mask=0x3
07-08 22:33:37.414   143   202 D ConnectivityService: resetConnections(wlan0, 3)
07-08 22:33:37.437   221   223 D dalvikvm: GC_CONCURRENT freed 424K, 30% free 10012K/14215K, paused 2ms+7ms
07-08 22:33:37.441   143   160 I ActivityManager: Start proc edu.buffalo.cse.phonelab.phonelabservices for broadcast edu.buffalo.cse.phonelab.phonelabservices/edu.buffalo.cse.phonelab.receivers.WiFiReceiver: pid=9027 uid=10037 gids={3003, 1015, 1007, 2001}
07-08 22:33:37.484   143   202 D ConnectivityService: ConnectivityChange for WIMAX: DISCONNECTED/SCANNING
07-08 22:33:37.488   143   202 D ConnectivityService: Attempting to switch to mobile
07-08 22:33:37.488   143   202 D ConnectivityService: Attempting to switch to WIFI
07-08 22:33:37.488   143   202 D ConnectivityService: Attempting to switch to BLUETOOTH_TETHER
07-08 22:33:37.695 22025  8690 W Smack/Packet: notify conn break (IOEx), close connection
07-08 22:33:37.738  9002  9021 W DownloadManager: Aborting request for download 735: while trying to execute request: javax.net.ssl.SSLException: Read error: ssl=0x8114f0: I/O error during system call, Connection timed out
07-08 22:33:37.742 22025 22026 D dalvikvm: GC_CONCURRENT freed 460K, 7% free 10759K/11463K, paused 2ms+4ms
07-08 22:33:37.855 22025  8690 I qtaguid : Failed write_ctrl(u 84) res=-1 errno=22
07-08 22:33:37.855 22025  8690 I qtaguid : Untagging socket 84 failed errno=-22
07-08 22:33:37.855 22025  8690 W NetworkManagementSocketTagger: untagSocket(84) failed with errno -22
07-08 22:33:38.125   291   291 I wpa_supplicant: wlan0: Trying to associate with 94:44:52:17:be:7d (SSID='raikiri' freq=2437 MHz)
07-08 22:33:38.175  9027  9027 I PhoneLab-LoggerService: Start Logger Service
07-08 22:33:38.191   143   202 D ConnectivityService: handleInetConditionChange: no active default network - ignore
07-08 22:33:38.195   291   291 I wpa_supplicant: wlan0: Associated with 94:44:52:17:be:7d
07-08 22:33:38.195  9027  9046 I PhoneLab-: Service Running
07-08 22:33:38.214   291   291 I wpa_supplicant: wlan0: CTRL-EVENT-EAP-SUCCESS EAP authentication completed successfully (based on lower layer success)
07-08 22:33:38.226   291   291 I wpa_supplicant: wlan0: WPA: Key negotiation completed with 94:44:52:17:be:7d [PTK=CCMP GTK=CCMP]
07-08 22:33:38.226   291   291 I wpa_supplicant: wlan0: CTRL-EVENT-CONNECTED - Connection to 94:44:52:17:be:7d completed (reauth) [id=2 id_str=]
07-08 22:33:39.414   143   395 I ActivityManager: Process com.google.android.apps.plus (pid 8162) has died.
07-08 22:33:39.433  9027  9046 I PhoneLab-LoggerService: app_37    1296  1     1436   996   c00f181c 400107b4 S logcat
07-08 22:33:39.566  9027  9046 I PhoneLab-LoggerService: Logcat pid from database 1296
07-08 22:33:39.609  9027  9046 I PhoneLab-LoggerService: Logcat process found 1296
07-08 22:33:39.621  9027  9046 I PhoneLab-LoggerService: Checking Threshold
07-08 22:33:40.293   143   200 D DhcpInfoInternal: makeLinkProperties with empty dns2!
07-08 22:33:40.293   143   200 D DhcpInfoInternal: makeLinkProperties with empty dns2!
07-08 22:33:40.300   143   202 D ConnectivityService: ConnectivityChange for WIFI: CONNECTED/CONNECTED
07-08 22:33:40.339   143   197 W NetworkStats: dropping UID delta from unknown iface: iface=wlan0 uid=0 set=DEFAULT tag=0x0 rxBytes=328 rxPackets=1 txBytes=196 txPackets=3 operations=0
07-08 22:33:40.343  9027  9027 I PhoneLab-WiFiReceiver: Wi-Fi is connected!
07-08 22:33:40.355  9027  9027 I PhoneLab-WiFiReceiver: SSID: raikiri BSSID: 94:44:52:17:be:7d RSSI: -200 LinkSpeed: -1
07-08 22:33:40.355  9027  9027 I PhoneLab-Locks: wake lock acquired
07-08 22:33:40.363  9027  9027 I PhoneLab-UploadLogs: Transfering log files now
07-08 22:33:40.363  9027  9027 I PhoneLab-UploadLogs: No log files to transfer
07-08 22:33:40.363  9027  9027 I PhoneLab-Locks: wake lock released
07-08 22:33:40.367  9027  9027 I PhoneLab-UploadLogs: OnStartCommand
07-08 22:33:40.461   143   206 D Tethering: MasterInitialState.processMessage what=3
07-08 22:33:40.496 22025 22025 I GTalkService/c: [AndroidEndpoint@1094432016] connect: acct=1000000, state=CONNECTING
07-08 22:33:40.496   143   206 D Tethering: MasterInitialState.processMessage what=3
07-08 22:33:40.500 22025 22025 I GTalkService/c: [GTalkConnection@1094626304] connect: acct=1, state=CONNECTING
07-08 22:33:40.621  8945  8947 D dalvikvm: GC_CONCURRENT freed 558K, 7% free 9880K/10567K, paused 25ms+5ms
07-08 22:33:40.632  8639  8639 I MediaUploader: No need to wake up
07-08 22:33:40.636  9027  9027 I PhoneLab-WiFiReceiver: Wi-Fi is disconnected!
07-08 22:33:40.699   143   395 I ActivityManager: Start proc com.google.android.apps.plus for broadcast com.google.android.apps.plus/com.google.android.picasasync.ConnectivityReceiver: pid=9077 uid=10060 gids={3003, 3002, 1015, 1006}
07-08 22:33:40.988  9077  9079 D dalvikvm: GC_CONCURRENT freed 172K, 3% free 9363K/9607K, paused 1ms+4ms
07-08 22:33:41.160  9077  9077 I ActivityThread: Pub com.google.android.apps.plus.content.ApiProvider: com.google.android.apps.plus.content.EsApiProvider
07-08 22:33:41.199  9077  9077 I ActivityThread: Pub com.google.android.apps.plus.content.EsGooglePhotoProvider: com.google.android.picasasync.PicasaContentProvider
07-08 22:33:41.293  9077  9079 D dalvikvm: GC_CONCURRENT freed 337K, 5% free 9580K/9991K, paused 2ms+2ms
07-08 22:33:41.304   143   202 D ConnectivityService: NetTransition Wakelock for WifiStateMachine released by timeout
07-08 22:33:41.320  9077  9077 I ActivityThread: Pub com.google.android.apps.plus.content.EsPicasaStoreProvider: com.google.android.picasastore.PicasaPhotoContentProvider
07-08 22:33:41.328  9077  9077 I ActivityThread: Pub com.google.plus.platform: com.google.android.apps.plus.content.AdsProvider
07-08 22:33:41.328  9077  9077 I ActivityThread: Pub com.google.android.apps.plus.iu.EsGoogleIuProvider: com.google.android.apps.plus.iu.InstantUploadProvider
07-08 22:33:41.425  9077  9079 D dalvikvm: GC_CONCURRENT freed 457K, 6% free 9651K/10183K, paused 24ms+5ms
07-08 22:33:41.433  9077  9077 I ActivityThread: Pub com.google.android.apps.plus.content.EsProvider: com.google.android.apps.plus.content.EsProvider
07-08 22:33:41.562  9077  9091 D PicasaPhotoCP: set fsid first time:-1
07-08 22:33:41.652  9077  9095 D PicasaSync: sync account database
07-08 22:33:41.671  8704  8704 W ContextScopeImpl: thread=1 tried to enter the scope of the application context. Ignored.
07-08 22:33:41.718  8639  8639 I MediaUploader: No need to wake up
07-08 22:33:41.793  9077  9079 D dalvikvm: GC_CONCURRENT freed 339K, 5% free 9832K/10247K, paused 2ms+3ms
07-08 22:33:41.851  8704  8704 W ContextScopeImpl: thread=1 tried to enter the scope of the application context. Ignored.
07-08 22:33:41.996  9077  9095 D PicasaSync: accounts in DB=1
07-08 22:33:41.996  9077  9095 D PicasaSyncManager: active network: NetworkInfo: type: WIFI[], state: CONNECTED/CONNECTED, reason: (unspecified), extra: (none), roaming: false, failover: false, isAvailable: true
07-08 22:33:42.000  9077  9095 D PicasaSyncManager: background data: true
07-08 22:33:42.050  9077  9095 D PicasaSyncManager: battery info: true
07-08 22:33:42.160  9077  9079 D dalvikvm: GC_CONCURRENT freed 198K, 3% free 10089K/10375K, paused 2ms+2ms
07-08 22:33:42.359  9077  9079 D dalvikvm: GC_CONCURRENT freed 157K, 3% free 10373K/10631K, paused 2ms+2ms
07-08 22:33:42.449  9077  9092 D dalvikvm: GC_FOR_ALLOC freed 305K, 5% free 10483K/10951K, paused 22ms
07-08 22:33:42.453  9077  9092 I dalvikvm-heap: Grow heap (frag case) to 10.554MB for 260112-byte allocation
07-08 22:33:42.480  9077  9092 D dalvikvm: GC_FOR_ALLOC freed 126K, 6% free 10611K/11207K, paused 23ms
07-08 22:33:42.519  9077  9092 D dalvikvm: GC_FOR_ALLOC freed 311K, 6% free 10604K/11207K, paused 22ms
07-08 22:33:42.543  9077  9092 D dalvikvm: GC_FOR_ALLOC freed 62K, 5% free 10668K/11207K, paused 23ms
07-08 22:33:42.546  9077  9092 I dalvikvm-heap: Grow heap (frag case) to 10.735MB for 260112-byte allocation
07-08 22:33:42.570  9077  9092 D dalvikvm: GC_FOR_ALLOC freed 126K, 6% free 10796K/11463K, paused 21ms
07-08 22:33:42.601  9077  9092 D dalvikvm: GC_FOR_ALLOC freed 307K, 6% free 10787K/11463K, paused 22ms
07-08 22:33:42.629  9077  9092 D dalvikvm: GC_FOR_ALLOC freed 62K, 6% free 10851K/11463K, paused 20ms
07-08 22:33:42.629  9077  9092 I dalvikvm-heap: Grow heap (frag case) to 10.914MB for 260112-byte allocation
07-08 22:33:42.656  9077  9092 D dalvikvm: GC_FOR_ALLOC freed 126K, 7% free 10979K/11719K, paused 21ms
07-08 22:33:42.722  7233  7236 D dalvikvm: GC_CONCURRENT freed 240K, 6% free 9824K/10375K, paused 8ms+4ms
07-08 22:33:42.875  9077  9079 D dalvikvm: GC_CONCURRENT freed 335K, 5% free 11196K/11719K, paused 2ms+6ms
07-08 22:33:43.086  9077  9079 D dalvikvm: GC_CONCURRENT freed 142K, 3% free 11729K/11975K, paused 2ms+2ms
07-08 22:33:43.359   143   206 D Tethering: MasterInitialState.processMessage what=3
07-08 22:33:43.461  8639  8639 I MediaUploader: No need to wake up
07-08 22:33:43.558  9077  9079 D dalvikvm: GC_CONCURRENT freed 338K, 4% free 12206K/12679K, paused 6ms+2ms
07-08 22:33:43.562  9077  9095 D PicasaSyncManager: active network: NetworkInfo: type: WIFI[], state: CONNECTED/CONNECTED, reason: (unspecified), extra: (none), roaming: false, failover: false, isAvailable: true
07-08 22:33:43.593  9077  9095 D PicasaSyncManager: background data: true
07-08 22:33:43.601  8704  8704 W ContextScopeImpl: thread=1 tried to enter the scope of the application context. Ignored.
07-08 22:33:43.890  9077  9079 D dalvikvm: GC_CONCURRENT freed 440K, 5% free 12778K/13319K, paused 1ms+2ms
07-08 22:33:43.980  9002  9108 I DownloadManager: Initiating request for download 735
07-08 22:33:44.543   143   145 D dalvikvm: GC_CONCURRENT freed 1917K, 18% free 17402K/21127K, paused 19ms+13ms
07-08 22:33:45.023 22025  9004 D dalvikvm: GC_EXPLICIT freed 391K, 7% free 10699K/11463K, paused 2ms+4ms
07-08 22:33:45.175  9002  9005 D dalvikvm: GC_CONCURRENT freed 362K, 6% free 9308K/9799K, paused 4ms+8ms
07-08 22:33:45.418  8945  8947 D dalvikvm: GC_CONCURRENT freed 263K, 6% free 10002K/10567K, paused 2ms+2ms
07-08 22:33:46.609   143   155 D dalvikvm: GC_EXPLICIT freed 142K, 18% free 17336K/21127K, paused 2ms+8ms
07-08 22:33:47.031  8974  9122 I Gmail   : MainSyncRequestProto: lowestBkwdConvoId: 0, highestHandledServerOp: 3300659, normalSync: true
07-08 22:33:47.394   143   202 D ConnectivityService: handleInetConditionHoldEnd: net=1, condition=100, published condition=0
07-08 22:33:49.160  8212  8215 D dalvikvm: GC_CONCURRENT freed 440K, 6% free 9376K/9927K, paused 10ms+10ms
07-08 22:33:53.496  9002  9128 I DownloadManager: deleting /data/data/com.android.providers.downloads/cache/downloadfile-3.jpeg
07-08 22:33:53.504  9002  9129 I DownloadManager: Initiating request for download 736
07-08 22:33:53.550  8974  9122 D dalvikvm: GC_EXPLICIT freed 350K, 5% free 9695K/10119K, paused 3ms+3ms
07-08 22:33:53.554  8974  9122 I Gmail   : MainSyncRequestProto: lowestBkwdConvoId: 0, highestHandledServerOp: 3300659, normalSync: true
07-08 22:33:53.558  8974  9122 I Gmail   : lowestBackward conversation id 0
07-08 22:33:53.566  8974  9122 W Gmail   : Scheduling index for 300000 ms from now
07-08 22:33:54.214  9002  9005 D dalvikvm: GC_CONCURRENT freed 360K, 5% free 9378K/9863K, paused 3ms+3ms
07-08 22:34:04.957  9002  9005 D dalvikvm: GC_CONCURRENT freed 435K, 6% free 9371K/9927K, paused 12ms+3ms
07-08 22:34:05.707 22025 22026 D dalvikvm: GC_CONCURRENT freed 408K, 7% free 10723K/11463K, paused 6ms+4ms
07-08 22:34:17.015  9002  9149 I DownloadManager: deleting /data/data/com.android.providers.downloads/cache/downloadfile-3.jpeg
07-08 22:34:32.250   143   311 W ActivityManager: finishReceiver called but no pending broadcasts
07-08 22:34:32.351  8440  8441 D dalvikvm: GC_CONCURRENT freed 363K, 6% free 10685K/11271K, paused 18ms+4ms
07-08 22:35:07.019  8440  8441 D dalvikvm: GC_CONCURRENT freed 704K, 8% free 10530K/11335K, paused 1ms+2ms
07-08 22:35:07.043   659   661 D dalvikvm: GC_CONCURRENT freed 503K, 9% free 10311K/11271K, paused 5ms+3ms
07-08 22:35:38.211  9027  9046 I PhoneLab-: Service Running
07-08 22:35:38.296  9027  9046 I PhoneLab-LoggerService: app_37    1296  1     1436   996   c00f181c 400107b4 S logcat
07-08 22:35:38.296  9027  9046 I PhoneLab-LoggerService: Logcat pid from database 1296
07-08 22:35:38.296  9027  9046 I PhoneLab-LoggerService: Logcat process found 1296
07-08 22:35:38.296  9027  9046 I PhoneLab-LoggerService: Checking Threshold
07-08 22:36:05.199   143   200 D DhcpInfoInternal: makeLinkProperties with empty dns2!
07-08 22:36:05.211   143   200 D DhcpInfoInternal: makeLinkProperties with empty dns2!
07-08 22:36:07.113   143  1922 D dalvikvm: GC_EXPLICIT freed 982K, 18% free 17459K/21127K, paused 2ms+10ms
07-08 22:36:07.289   659   661 D dalvikvm: GC_CONCURRENT freed 482K, 9% free 10325K/11271K, paused 50ms+2ms
07-08 22:37:07.156  8440  8441 D dalvikvm: GC_CONCURRENT freed 503K, 8% free 10537K/11335K, paused 2ms+3ms
07-08 22:37:25.398  9027  9027 I PhoneLab-Locks: wake lock acquired
07-08 22:37:25.437  9027  9179 I PhoneLab-PeriodicCheckService: User info is synched
07-08 22:37:25.437  9027  9179 I PhoneLab-PeriodicCheckService: Logger Service is running
07-08 22:37:25.445  9027  9027 I PhoneLab-Locks: wake lock acquired
07-08 22:37:25.449  9027  9027 I PhoneLab-StatusMonitor: Status Monitoring is started
07-08 22:37:25.457  9027  9179 I PhoneLab-Locks: wake lock acquired
07-08 22:37:25.457  9027  9179 I PhoneLab-PeriodicCheckService: Rescheduling periodic checking...
07-08 22:37:25.461  9027  9179 I PhoneLab-Locks: wake lock released
07-08 22:37:25.492  9027  9027 E PhoneLab-PhoneLabManifest: java.io.FileNotFoundException: /data/data/edu.buffalo.cse.phonelab.phonelabservices/files/manifest.xml: open failed: ENOENT (No such file or directory)
07-08 22:37:25.539  9027  9027 I PhoneLab-Locks: wake lock released
07-08 22:37:25.539  9027  9027 I PhoneLab-UploadLogs: Transfering log files now
07-08 22:37:25.543  9027  9027 I PhoneLab-UploadLogs: No log files to transfer
07-08 22:37:25.543  9027  9027 I PhoneLab-Locks: wake lock released
07-08 22:37:25.546  9027  9027 I PhoneLab-UploadLogs: OnStartCommand
07-08 22:37:32.511  8440  9180 D dalvikvm: GC_EXPLICIT freed 27K, 8% free 10518K/11335K, paused 11ms+3ms
07-08 22:37:36.132   143 11000 W ActivityManager: finishReceiver called but no pending broadcasts
07-08 22:37:36.214  8440  8441 D dalvikvm: GC_CONCURRENT freed 376K, 7% free 10653K/11335K, paused 2ms+2ms
07-08 22:37:38.195  9027  9046 I PhoneLab-: Service Running
07-08 22:37:38.339  9027  9046 I PhoneLab-LoggerService: app_37    1296  1     1436   996   c00f181c 400107b4 S logcat
07-08 22:37:38.339  9027  9046 I PhoneLab-LoggerService: Logcat pid from database 1296
07-08 22:37:38.339  9027  9046 I PhoneLab-LoggerService: Logcat process found 1296
07-08 22:37:38.339  9027  9046 I PhoneLab-LoggerService: Checking Threshold
07-08 22:37:38.339   143 10999 I ActivityManager: Process com.google.android.youtube (pid 8658) has died.
07-08 22:37:38.406  9027  9029 D dalvikvm: GC_CONCURRENT freed 364K, 6% free 9112K/9607K, paused 1ms+2ms
07-08 22:38:07.187   659   661 D dalvikvm: GC_CONCURRENT freed 501K, 9% free 10335K/11271K, paused 5ms+4ms
07-08 22:38:29.871   143   200 D DhcpInfoInternal: makeLinkProperties with empty dns2!
07-08 22:38:29.871   143   200 D DhcpInfoInternal: makeLinkProperties with empty dns2!
07-08 22:39:07.234  8440  8441 D dalvikvm: GC_CONCURRENT freed 667K, 8% free 10525K/11335K, paused 1ms+5ms
07-08 22:39:38.195  9027  9046 I PhoneLab-: Service Running
07-08 22:39:38.293  9027  9046 I PhoneLab-LoggerService: app_37    1296  1     1436   996   c00f181c 400107b4 S logcat
07-08 22:39:38.293  9027  9046 I PhoneLab-LoggerService: Logcat pid from database 1296
07-08 22:39:38.293  9027  9046 I PhoneLab-LoggerService: Logcat process found 1296
07-08 22:39:38.293  9027  9046 I PhoneLab-LoggerService: Checking Threshold
07-08 22:40:07.304   659   661 D dalvikvm: GC_CONCURRENT freed 520K, 9% free 10324K/11271K, paused 2ms+3ms
07-08 22:40:39.929   143   387 W ActivityManager: finishReceiver called but no pending broadcasts
07-08 22:40:40.007  8440  8441 D dalvikvm: GC_CONCURRENT freed 360K, 6% free 10676K/11335K, paused 7ms+3ms
07-08 22:40:54.773   143   200 D DhcpInfoInternal: makeLinkProperties with empty dns2!
07-08 22:40:54.785   143   200 D DhcpInfoInternal: makeLinkProperties with empty dns2!
07-08 22:41:07.351  8440  8441 D dalvikvm: GC_CONCURRENT freed 692K, 8% free 10525K/11335K, paused 3ms+6ms
07-08 22:41:07.414   659   661 D dalvikvm: GC_CONCURRENT freed 404K, 9% free 10308K/11271K, paused 2ms+2ms
07-08 22:41:38.195  9027  9046 I PhoneLab-: Service Running
07-08 22:41:38.265  9027  9046 I PhoneLab-LoggerService: app_37    1296  1     1436   996   c00f181c 400107b4 S logcat
07-08 22:41:38.269  9027  9046 I PhoneLab-LoggerService: Logcat pid from database 1296
07-08 22:41:38.269  9027  9046 I PhoneLab-LoggerService: Logcat process found 1296
07-08 22:41:38.269  9027  9046 I PhoneLab-LoggerService: Checking Threshold
07-08 22:41:49.007  8793  8795 D dalvikvm: GC_CONCURRENT freed 607K, 7% free 11364K/12103K, paused 15ms+3ms
07-08 22:42:35.797 27377 27379 D dalvikvm: GC_CONCURRENT freed 831K, 16% free 11895K/14023K, paused 15ms+8ms
07-08 22:43:07.488  8440  8441 D dalvikvm: GC_CONCURRENT freed 502K, 8% free 10530K/11335K, paused 2ms+6ms
07-08 22:43:07.543   659   661 D dalvikvm: GC_CONCURRENT freed 508K, 9% free 10311K/11271K, paused 2ms+3ms
07-08 22:43:19.652   143   200 D DhcpInfoInternal: makeLinkProperties with empty dns2!
07-08 22:43:19.660   143   200 D DhcpInfoInternal: makeLinkProperties with empty dns2!
07-08 22:43:38.195  9027  9046 I PhoneLab-: Service Running
07-08 22:43:38.269  9027  9046 I PhoneLab-LoggerService: app_37    1296  1     1436   996   c00f181c 400107b4 S logcat
07-08 22:43:38.269  9027  9046 I PhoneLab-LoggerService: Logcat pid from database 1296
07-08 22:43:38.269  9027  9046 I PhoneLab-LoggerService: Logcat process found 1296
07-08 22:43:38.269  9027  9046 I PhoneLab-LoggerService: Checking Threshold
07-08 22:43:43.761   143  1922 W ActivityManager: finishReceiver called but no pending broadcasts
07-08 22:43:43.847  8440  8441 D dalvikvm: GC_CONCURRENT freed 384K, 6% free 10657K/11335K, paused 1ms+2ms
07-08 22:45:07.504  8440  8441 D dalvikvm: GC_CONCURRENT freed 669K, 8% free 10534K/11335K, paused 2ms+11ms
07-08 22:45:07.574   659  9259 D dalvikvm: GC_EXPLICIT freed 388K, 9% free 10275K/11271K, paused 2ms+3ms
07-08 22:45:38.195  9027  9046 I PhoneLab-: Service Running
07-08 22:45:38.293  9027  9046 I PhoneLab-LoggerService: app_37    1296  1     1436   996   c00f181c 400107b4 S logcat
07-08 22:45:38.293  9027  9046 I PhoneLab-LoggerService: Logcat pid from database 1296
07-08 22:45:38.293  9027  9046 I PhoneLab-LoggerService: Logcat process found 1296
07-08 22:45:38.293  9027  9046 I PhoneLab-LoggerService: Checking Threshold
07-08 22:45:44.531   143   200 D DhcpInfoInternal: makeLinkProperties with empty dns2!
07-08 22:45:44.531   143   200 D DhcpInfoInternal: makeLinkProperties with empty dns2!
07-08 22:46:07.679   659   661 D dalvikvm: GC_CONCURRENT freed 456K, 9% free 10329K/11271K, paused 2ms+3ms
07-08 22:46:44.027   143   311 D dalvikvm: GC_EXPLICIT freed 1559K, 18% free 17465K/21127K, paused 2ms+9ms
07-08 22:46:47.472  8974  9283 W Gmail   : Successful index run, cancel next scheduled index run
07-08 22:46:47.714   143   154 W ActivityManager: finishReceiver called but no pending broadcasts
07-08 22:46:47.781  8440  8441 D dalvikvm: GC_CONCURRENT freed 361K, 6% free 10684K/11335K, paused 1ms+3ms
07-08 22:47:07.613  8440  8441 D dalvikvm: GC_CONCURRENT freed 711K, 8% free 10526K/11335K, paused 1ms+4ms
07-08 22:47:38.195  9027  9046 I PhoneLab-: Service Running
07-08 22:47:38.254  9027  9046 I PhoneLab-LoggerService: app_37    1296  1     1436   996   c00f181c 400107b4 S logcat
07-08 22:47:38.254  9027  9046 I PhoneLab-LoggerService: Logcat pid from database 1296
07-08 22:47:38.254  9027  9046 I PhoneLab-LoggerService: Logcat process found 1296
07-08 22:47:38.257  9027  9046 I PhoneLab-LoggerService: Checking Threshold
07-08 22:48:07.726  8440  8441 D dalvikvm: GC_CONCURRENT freed 458K, 7% free 10547K/11335K, paused 2ms+3ms
07-08 22:48:07.761   659   661 D dalvikvm: GC_CONCURRENT freed 513K, 9% free 10328K/11271K, paused 2ms+3ms
07-08 22:48:09.207   143   200 D DhcpInfoInternal: makeLinkProperties with empty dns2!
07-08 22:48:09.207   143   200 D DhcpInfoInternal: makeLinkProperties with empty dns2!
07-08 22:49:02.277   143   169 I ActivityManager: Start proc com.google.android.apps.currents for service com.google.android.apps.currents/com.google.apps.dots.android.app.service.SyncService: pid=9313 uid=10078 gids={3003, 1015}
07-08 22:49:02.336    79    79 D dalvikvm: GC_EXPLICIT freed 38K, 4% free 9031K/9347K, paused 4ms+4ms
07-08 22:49:02.367    79    79 D dalvikvm: GC_EXPLICIT freed <1K, 4% free 9031K/9347K, paused 2ms+2ms
07-08 22:49:02.394    79    79 D dalvikvm: GC_EXPLICIT freed <1K, 4% free 9031K/9347K, paused 3ms+2ms
07-08 22:49:02.699  9313  9313 I ActivityThread: Pub com.google.apps.dots.android.app.provider.SuggestionProvider: com.google.apps.dots.android.app.provider.SuggestionProvider
07-08 22:49:02.718  9313  9313 I ActivityThread: Pub com.google.android.apps.currents.exported: com.google.apps.dots.android.app.provider.ExportedContentProvider
07-08 22:49:02.781  9313  9315 D dalvikvm: GC_CONCURRENT freed 182K, 3% free 9353K/9607K, paused 2ms+3ms
07-08 22:49:02.847  9313  9315 D dalvikvm: GC_CONCURRENT freed 268K, 5% free 9586K/9991K, paused 2ms+4ms
07-08 22:49:02.964  9313  9315 D dalvikvm: GC_CONCURRENT freed 225K, 4% free 9871K/10183K, paused 2ms+2ms
07-08 22:49:03.097  9313  9315 D dalvikvm: GC_CONCURRENT freed 257K, 4% free 10165K/10503K, paused 2ms+2ms
07-08 22:49:03.125  9313  9313 I DotsContentUris: content://com.google.android.apps.currents
07-08 22:49:03.136  9313  9313 I ActivityThread: Pub com.google.android.apps.currents: com.google.apps.dots.android.app.provider.DotsContentProvider
07-08 22:49:03.144  9313  9313 I DotsApplication: Starting up...
07-08 22:49:03.422  9313  9315 D dalvikvm: GC_CONCURRENT freed 446K, 5% free 10162K/10695K, paused 5ms+3ms
07-08 22:49:03.660  9313  9315 D dalvikvm: GC_CONCURRENT freed 255K, 4% free 10321K/10695K, paused 6ms+4ms
07-08 22:49:03.699  9313  9333 I SyncService: Starting sync (22:49:03)
07-08 22:49:07.183  9313  9315 D dalvikvm: GC_CONCURRENT freed 288K, 4% free 10469K/10887K, paused 7ms+3ms
07-08 22:49:07.757  9313  9315 D dalvikvm: GC_CONCURRENT freed 210K, 4% free 10676K/11015K, paused 2ms+2ms
07-08 22:49:07.879  9313  9315 D dalvikvm: GC_CONCURRENT freed 446K, 6% free 10729K/11335K, paused 2ms+2ms
07-08 22:49:08.066  9313  9315 D dalvikvm: GC_CONCURRENT freed 518K, 6% free 10693K/11335K, paused 2ms+3ms
07-08 22:49:09.507   143  2263 D SyncManager: setSyncAutomatically: , provider com.google.android.apps.currents -> true
07-08 22:49:09.507   143  2263 D SyncManager: setSyncAutomatically: already set to true, doing nothing
07-08 22:49:09.777  9313  9315 D dalvikvm: GC_CONCURRENT freed 389K, 6% free 10743K/11335K, paused 2ms+2ms
07-08 22:49:09.898  9313  9337 D dalvikvm: GC_FOR_ALLOC freed 191K, 4% free 10969K/11399K, paused 27ms
07-08 22:49:10.070  9313  9315 D dalvikvm: GC_CONCURRENT freed 267K, 4% free 11284K/11655K, paused 2ms+8ms
07-08 22:49:10.496  9313  9315 D dalvikvm: GC_CONCURRENT freed 571K, 6% free 11398K/12103K, paused 2ms+3ms
07-08 22:49:10.605   143   403 D dalvikvm: GC_EXPLICIT freed 704K, 18% free 17383K/21127K, paused 3ms+7ms
07-08 22:49:10.843  9313  9315 D dalvikvm: GC_CONCURRENT freed 828K, 8% free 11269K/12231K, paused 4ms+3ms
07-08 22:49:11.539  9313  9315 D dalvikvm: GC_CONCURRENT freed 590K, 8% free 11304K/12231K, paused 2ms+2ms
07-08 22:49:12.418  9313  9315 D dalvikvm: GC_CONCURRENT freed 625K, 8% free 11315K/12231K, paused 2ms+4ms
07-08 22:49:13.754  9313  9315 D dalvikvm: GC_CONCURRENT freed 641K, 8% free 11312K/12231K, paused 2ms+2ms
07-08 22:49:13.910  9313  9315 D dalvikvm: GC_CONCURRENT freed 630K, 8% free 11337K/12231K, paused 2ms+2ms
07-08 22:49:14.589  9313  9315 D dalvikvm: GC_CONCURRENT freed 651K, 8% free 11333K/12231K, paused 2ms+3ms
07-08 22:49:15.242   143   395 I ActivityManager: Process com.google.android.apps.maps:NetworkLocationService (pid 8440) has died.
07-08 22:49:15.242   143   395 W ActivityManager: Scheduling restart of crashed service com.google.android.apps.maps/com.google.android.location.internal.server.NetworkLocationService in 5000ms
07-08 22:49:15.285  9313  9315 D dalvikvm: GC_CONCURRENT freed 636K, 8% free 11347K/12231K, paused 15ms+3ms
07-08 22:49:15.871  9313  9315 D dalvikvm: GC_CONCURRENT freed 629K, 7% free 11378K/12231K, paused 2ms+2ms
07-08 22:49:16.773  9313  9315 D dalvikvm: GC_CONCURRENT freed 740K, 8% free 11368K/12231K, paused 2ms+3ms
07-08 22:49:17.906  9313  9315 D dalvikvm: GC_CONCURRENT freed 645K, 7% free 11377K/12231K, paused 2ms+2ms
07-08 22:49:18.047  9313  9315 D dalvikvm: GC_CONCURRENT freed 731K, 8% free 11429K/12295K, paused 2ms+2ms
07-08 22:49:18.851  9313  9315 D dalvikvm: GC_CONCURRENT freed 779K, 8% free 11386K/12295K, paused 4ms+3ms
07-08 22:49:19.179  9313  9315 D dalvikvm: GC_CONCURRENT freed 647K, 8% free 11399K/12295K, paused 2ms+6ms
07-08 22:49:19.629  9313  9315 D dalvikvm: GC_CONCURRENT freed 679K, 8% free 11410K/12295K, paused 1ms+2ms
07-08 22:49:20.254   143   160 I ActivityManager: Start proc com.google.android.apps.maps:NetworkLocationService for service com.google.android.apps.maps/com.google.android.location.internal.server.NetworkLocationService: pid=9343 uid=10056 gids={3003, 1015}
07-08 22:49:20.429  9343  9346 D dalvikvm: GC_CONCURRENT freed 153K, 3% free 9382K/9607K, paused 2ms+2ms
07-08 22:49:20.484  9313  9315 D dalvikvm: GC_CONCURRENT freed 685K, 8% free 11403K/12295K, paused 3ms+62ms
07-08 22:49:21.363  9343  9346 D dalvikvm: GC_CONCURRENT freed 152K, 3% free 9676K/9927K, paused 2ms+2ms
07-08 22:49:21.879  9343  9346 D dalvikvm: GC_CONCURRENT freed 177K, 3% free 10062K/10311K, paused 2ms+3ms
07-08 22:49:22.062  9343  9346 D dalvikvm: GC_CONCURRENT freed 661K, 8% free 9887K/10631K, paused 2ms+3ms
07-08 22:49:22.332   143   160 I ActivityManager: Start proc com.google.android.apps.maps:FriendService for broadcast com.google.android.apps.maps/com.google.googlenav.friend.android.ServiceReceiver: pid=9365 uid=10056 gids={3003, 1015}
07-08 22:49:22.468  9365  9368 D dalvikvm: GC_CONCURRENT freed 156K, 3% free 9380K/9607K, paused 2ms+2ms
07-08 22:49:22.621  9365  9368 D dalvikvm: GC_CONCURRENT freed 192K, 3% free 9706K/9991K, paused 2ms+4ms
07-08 22:49:22.777   659   661 D dalvikvm: GC_CONCURRENT freed 515K, 9% free 10293K/11271K, paused 6ms+2ms
07-08 22:49:22.839  9343  9350 I dalvikvm: Total arena pages for JIT: 11
07-08 22:49:22.847  9343  9350 I dalvikvm: Total arena pages for JIT: 12
07-08 22:49:22.847  9343  9350 I dalvikvm: Total arena pages for JIT: 13
07-08 22:49:22.851  9343  9350 I dalvikvm: Total arena pages for JIT: 14
07-08 22:49:22.851  9343  9350 I dalvikvm: Total arena pages for JIT: 15
07-08 22:49:22.851  9343  9350 I dalvikvm: Total arena pages for JIT: 16
07-08 22:49:22.851  9343  9350 I dalvikvm: Total arena pages for JIT: 17
07-08 22:49:22.922  9343  9350 I dalvikvm: Total arena pages for JIT: 18
07-08 22:49:23.027  9343  9346 D dalvikvm: GC_CONCURRENT freed 215K, 5% free 10181K/10631K, paused 2ms+3ms
07-08 22:49:23.468  9343  9346 D dalvikvm: GC_CONCURRENT freed 326K, 4% free 10331K/10759K, paused 3ms+2ms
07-08 22:49:23.484  9313  9315 D dalvikvm: GC_CONCURRENT freed 671K, 8% free 11408K/12295K, paused 2ms+2ms
07-08 22:49:23.722  9343  9346 D dalvikvm: GC_CONCURRENT freed 428K, 6% free 10327K/10887K, paused 2ms+2ms
07-08 22:49:24.765   143   387 D dalvikvm: GC_EXPLICIT freed 621K, 18% free 17364K/21127K, paused 5ms+7ms
07-08 22:49:24.839  9313  9315 D dalvikvm: GC_CONCURRENT freed 667K, 8% free 11410K/12295K, paused 2ms+2ms
07-08 22:49:25.429  9313  9315 D dalvikvm: GC_CONCURRENT freed 632K, 7% free 11447K/12295K, paused 2ms+2ms
07-08 22:49:25.589  9313  9315 D dalvikvm: GC_CONCURRENT freed 672K, 7% free 11491K/12295K, paused 1ms+4ms
07-08 22:49:26.179  9313  9315 D dalvikvm: GC_CONCURRENT freed 605K, 6% free 11620K/12359K, paused 2ms+6ms
07-08 22:49:29.156   143   403 I ActivityManager: Process com.google.android.apps.docs (pid 8704) has died.
07-08 22:49:29.175  9313  9315 D dalvikvm: GC_CONCURRENT freed 978K, 9% free 11447K/12551K, paused 4ms+3ms
07-08 22:49:29.343  9313  9315 D dalvikvm: GC_CONCURRENT freed 650K, 9% free 11487K/12551K, paused 2ms+3ms
07-08 22:49:29.492   143  1922 W ActivityManager: finishReceiver called but no pending broadcasts
07-08 22:49:29.523  9313  9315 D dalvikvm: GC_CONCURRENT freed 677K, 9% free 11515K/12551K, paused 2ms+2ms
07-08 22:49:29.601  9343  9346 D dalvikvm: GC_CONCURRENT freed 362K, 5% free 10509K/10951K, paused 3ms+3ms
07-08 22:49:29.769  9313  9337 D dalvikvm: GC_EXPLICIT freed 340K, 9% free 11498K/12551K, paused 7ms+3ms
07-08 22:49:31.011  9313  9315 D dalvikvm: GC_CONCURRENT freed 746K, 9% free 11457K/12551K, paused 2ms+3ms
07-08 22:49:31.871   143 10999 D dalvikvm: GC_EXPLICIT freed 481K, 18% free 17356K/21127K, paused 3ms+7ms
07-08 22:49:32.441  9313  9315 D dalvikvm: GC_CONCURRENT freed 699K, 9% free 11470K/12551K, paused 1ms+3ms
07-08 22:49:32.550  9313  9337 D dalvikvm: GC_FOR_ALLOC freed 464K, 9% free 11530K/12551K, paused 27ms
07-08 22:49:32.578  9313  9337 D dalvikvm: GC_FOR_ALLOC freed 52K, 8% free 11558K/12551K, paused 25ms
07-08 22:49:32.605  9313  9337 D dalvikvm: GC_FOR_ALLOC freed 80K, 9% free 11535K/12551K, paused 25ms
07-08 22:49:32.734  9313  9315 D dalvikvm: GC_CONCURRENT freed 686K, 8% free 11561K/12551K, paused 2ms+2ms
07-08 22:49:33.750  9313  9315 D dalvikvm: GC_CONCURRENT freed 779K, 9% free 11520K/12551K, paused 1ms+2ms
07-08 22:49:33.902  9313  9315 D dalvikvm: GC_CONCURRENT freed 737K, 9% free 11521K/12551K, paused 2ms+3ms
07-08 22:49:34.765  9313  9315 D dalvikvm: GC_CONCURRENT freed 830K, 10% free 11397K/12551K, paused 2ms+3ms
07-08 22:49:35.191  9313  9315 D dalvikvm: GC_CONCURRENT freed 675K, 10% free 11387K/12551K, paused 2ms+3ms
07-08 22:49:35.445  9313  9315 D dalvikvm: GC_CONCURRENT freed 670K, 10% free 11377K/12551K, paused 2ms+2ms
07-08 22:49:35.777  9313  9315 D dalvikvm: GC_CONCURRENT freed 546K, 9% free 11515K/12551K, paused 4ms+2ms
07-08 22:49:36.425  9313  9315 D dalvikvm: GC_CONCURRENT freed 495K, 7% free 11724K/12551K, paused 2ms+3ms
07-08 22:49:36.582  9313  9315 D dalvikvm: GC_CONCURRENT freed 739K, 7% free 11807K/12679K, paused 2ms+2ms
07-08 22:49:36.793  9313  9315 D dalvikvm: GC_CONCURRENT freed 1461K, 13% free 11211K/12807K, paused 3ms+3ms
07-08 22:49:37.007  9313  9315 D dalvikvm: GC_CONCURRENT freed 443K, 12% free 11370K/12807K, paused 2ms+7ms
07-08 22:49:39.222   143   400 W ActivityManager: finishReceiver called but no pending broadcasts
07-08 22:49:39.304  9343  9346 D dalvikvm: GC_CONCURRENT freed 559K, 6% free 10504K/11143K, paused 2ms+4ms
07-08 22:49:39.363  9027  9046 I PhoneLab-: Service Running
07-08 22:49:40.793  9027  9046 I PhoneLab-LoggerService: app_37    1296  1     1436   996   c00ab7c8 40010474 D logcat
07-08 22:49:40.793  9027  9046 I PhoneLab-LoggerService: Logcat pid from database 1296
07-08 22:49:40.793  9027  9046 I PhoneLab-LoggerService: Logcat process found 1296
07-08 22:49:40.793  9027  9046 I PhoneLab-LoggerService: Checking Threshold
07-08 22:49:41.343  9313  9333 I SyncService: sync service finished (22:49:41)
07-08 22:49:48.050   143 26971 W ActivityManager: finishReceiver called but no pending broadcasts
07-08 22:49:48.125  9343  9346 D dalvikvm: GC_CONCURRENT freed 503K, 6% free 10513K/11143K, paused 2ms+3ms
07-08 22:50:25.070  9343  9346 D dalvikvm: GC_CONCURRENT freed 654K, 7% free 10370K/11143K, paused 2ms+2ms
07-08 22:50:25.191   659   661 D dalvikvm: GC_CONCURRENT freed 483K, 9% free 10322K/11271K, paused 2ms+3ms
07-08 22:50:34.121   143   200 D DhcpInfoInternal: makeLinkProperties with empty dns2!
07-08 22:50:34.125   143   200 D DhcpInfoInternal: makeLinkProperties with empty dns2!
07-08 22:50:53.558   143   177 I power   : *** set_screen_state 1
07-08 22:50:53.695   143   177 I WindowManager: Lock screen displayed!
07-08 22:50:53.777    78   121 D SurfaceFlinger: Screen about to return, flinger = 0x1ddb918
07-08 22:50:54.941   221   221 D PhoneStatusBar: disable: < expand icons alerts ticker system_info BACK HOME recent* CLOCK >
07-08 22:50:54.996   143   311 W InputManagerService: Window already focused, ignoring focus gain of: com.android.internal.view.IInputMethodClient$Stub$Proxy@416b7c80
07-08 22:50:55.000   221   221 D PhoneStatusBar: disable: < expand icons alerts ticker system_info back* home* recent clock* >
07-08 22:50:55.515 22025 22026 D dalvikvm: GC_CONCURRENT freed 310K, 6% free 10862K/11463K, paused 5ms+6ms
07-08 22:50:55.984  7233  7236 D dalvikvm: GC_CONCURRENT freed 423K, 6% free 9822K/10375K, paused 7ms+3ms
07-08 22:50:56.355  7233  7236 D dalvikvm: GC_CONCURRENT freed 393K, 6% free 9852K/10375K, paused 2ms+4ms
07-08 22:50:59.066   143   400 W InputManagerService: Window already focused, ignoring focus gain of: com.android.internal.view.IInputMethodClient$Stub$Proxy@41601e40
07-08 22:50:59.160   221   221 D dalvikvm: GC_FOR_ALLOC freed 579K, 32% free 9767K/14215K, paused 47ms
07-08 22:50:59.222   221   223 D dalvikvm: GC_CONCURRENT freed 329K, 31% free 9885K/14215K, paused 2ms+4ms
07-08 22:51:38.195  9027  9046 I PhoneLab-: Service Running
07-08 22:51:38.289  9027  9046 I PhoneLab-LoggerService: app_37    1296  1     1436   996   c00f181c 400107b4 S logcat
07-08 22:51:38.289  9027  9046 I PhoneLab-LoggerService: Logcat pid from database 1296
07-08 22:51:38.293  9027  9046 I PhoneLab-LoggerService: Logcat process found 1296
07-08 22:51:38.293  9027  9046 I PhoneLab-LoggerService: Checking Threshold
07-08 22:51:52.886  8793  8795 D dalvikvm: GC_CONCURRENT freed 610K, 7% free 11425K/12167K, paused 6ms+4ms
07-08 22:52:00.129   221   223 D dalvikvm: GC_CONCURRENT freed 576K, 32% free 9694K/14215K, paused 17ms+3ms
07-08 22:52:25.242  9343  9346 D dalvikvm: GC_CONCURRENT freed 498K, 7% free 10383K/11143K, paused 2ms+9ms
07-08 22:52:25.379   659   661 D dalvikvm: GC_CONCURRENT freed 499K, 9% free 10331K/11271K, paused 7ms+4ms
07-08 22:52:58.988   143   200 D DhcpInfoInternal: makeLinkProperties with empty dns2!
07-08 22:52:59.007   143   200 D DhcpInfoInternal: makeLinkProperties with empty dns2!
07-08 22:53:24.113   143   403 D dalvikvm: GC_EXPLICIT freed 954K, 18% free 17395K/21127K, paused 10ms+21ms
07-08 22:53:25.531  9343  9346 D dalvikvm: GC_CONCURRENT freed 391K, 7% free 10378K/11143K, paused 5ms+5ms
07-08 22:53:25.589   659   661 D dalvikvm: GC_CONCURRENT freed 436K, 9% free 10312K/11271K, paused 2ms+2ms
07-08 22:53:38.195  9027  9046 I PhoneLab-: Service Running
07-08 22:53:38.277  9027  9046 I PhoneLab-LoggerService: app_37    1296  1     1436   996   c00f181c 400107b4 S logcat
07-08 22:53:38.277  9027  9046 I PhoneLab-LoggerService: Logcat pid from database 1296
07-08 22:53:38.277  9027  9046 I PhoneLab-LoggerService: Logcat process found 1296
07-08 22:53:38.277  9027  9046 I PhoneLab-LoggerService: Checking Threshold
07-08 22:54:55.179 22025  9120 D dalvikvm: GC_EXPLICIT freed 525K, 6% free 10800K/11463K, paused 2ms+7ms
07-08 22:55:23.894   143   200 D DhcpInfoInternal: makeLinkProperties with empty dns2!
07-08 22:55:23.898   143   200 D DhcpInfoInternal: makeLinkProperties with empty dns2!
07-08 22:55:25.578  9343  9346 D dalvikvm: GC_CONCURRENT freed 499K, 7% free 10390K/11143K, paused 3ms+4ms
07-08 22:55:25.699   659   661 D dalvikvm: GC_CONCURRENT freed 497K, 8% free 10382K/11271K, paused 2ms+3ms
07-08 22:55:38.195  9027  9046 I PhoneLab-: Service Running
07-08 22:55:38.316  9027  9029 D dalvikvm: GC_CONCURRENT freed 453K, 6% free 9117K/9671K, paused 11ms+2ms
07-08 22:55:38.320  9027  9046 I PhoneLab-LoggerService: app_37    1296  1     1436   996   c00f181c 400107b4 S logcat
07-08 22:55:38.320  9027  9046 I PhoneLab-LoggerService: Logcat pid from database 1296
07-08 22:55:38.320  9027  9046 I PhoneLab-LoggerService: Logcat process found 1296
07-08 22:55:38.320  9027  9046 I PhoneLab-LoggerService: Checking Threshold
07-08 22:56:57.132  8793  8795 D dalvikvm: GC_CONCURRENT freed 678K, 7% free 11505K/12295K, paused 46ms+4ms
07-08 22:57:25.738  9343  9346 D dalvikvm: GC_CONCURRENT freed 506K, 7% free 10395K/11143K, paused 1ms+2ms
07-08 22:57:25.847   659   661 D dalvikvm: GC_CONCURRENT freed 567K, 9% free 10326K/11271K, paused 2ms+3ms
07-08 22:57:38.195  9027  9046 I PhoneLab-: Service Running
07-08 22:57:38.293  9027  9046 I PhoneLab-LoggerService: app_37    1296  1     1436   996   c00f181c 400107b4 S logcat
07-08 22:57:38.293  9027  9046 I PhoneLab-LoggerService: Logcat pid from database 1296
07-08 22:57:38.293  9027  9046 I PhoneLab-LoggerService: Logcat process found 1296
07-08 22:57:38.293  9027  9046 I PhoneLab-LoggerService: Checking Threshold
07-08 22:57:41.757  7233  7236 D dalvikvm: GC_CONCURRENT freed 458K, 6% free 9784K/10375K, paused 1ms+3ms
07-08 22:57:48.761   143   200 D DhcpInfoInternal: makeLinkProperties with empty dns2!
07-08 22:57:48.773   143   200 D DhcpInfoInternal: makeLinkProperties with empty dns2!
07-08 22:58:25.839   659   661 D dalvikvm: GC_CONCURRENT freed 434K, 9% free 10310K/11271K, paused 2ms+4ms
07-08 22:58:27.390 27377 27379 D dalvikvm: GC_CONCURRENT freed 830K, 16% free 11895K/14023K, paused 16ms+9ms
07-08 22:59:14.504 22025 25095 I EventLogService: Aggregate from 1341800954394 (log), 1341800954394 (data)
07-08 22:59:25.820  9343  9346 D dalvikvm: GC_CONCURRENT freed 504K, 7% free 10403K/11143K, paused 2ms+3ms
07-08 22:59:38.195  9027  9046 I PhoneLab-: Service Running
07-08 22:59:38.273  9027  9046 I PhoneLab-LoggerService: app_37    1296  1     1436   996   c00f181c 400107b4 S logcat
07-08 22:59:38.273  9027  9046 I PhoneLab-LoggerService: Logcat pid from database 1296
07-08 22:59:38.273  9027  9046 I PhoneLab-LoggerService: Logcat process found 1296
07-08 22:59:38.273  9027  9046 I PhoneLab-LoggerService: Checking Threshold
07-08 23:00:13.660   143   200 D DhcpInfoInternal: makeLinkProperties with empty dns2!
07-08 23:00:13.668   143   200 D DhcpInfoInternal: makeLinkProperties with empty dns2!
07-08 23:00:25.964   659   661 D dalvikvm: GC_CONCURRENT freed 489K, 9% free 10332K/11271K, paused 2ms+3ms
07-08 23:01:25.961  9343  9346 D dalvikvm: GC_CONCURRENT freed 505K, 7% free 10410K/11143K, paused 1ms+3ms
07-08 23:01:26.129   659   661 D dalvikvm: GC_CONCURRENT freed 417K, 9% free 10319K/11271K, paused 2ms+2ms
07-08 23:01:38.199  9027  9046 I PhoneLab-: Service Running
07-08 23:01:38.285  9027  9046 I PhoneLab-LoggerService: app_37    1296  1     1436   996   c00f181c 400107b4 S logcat
07-08 23:01:38.285  9027  9046 I PhoneLab-LoggerService: Logcat pid from database 1296
07-08 23:01:38.289  9027  9046 I PhoneLab-LoggerService: Logcat process found 1296
07-08 23:01:38.289  9027  9046 I PhoneLab-LoggerService: Checking Threshold
07-08 23:01:47.355   143   175 I ActivityManager: Start proc com.google.android.maps.mytracks for service com.google.android.maps.mytracks/com.google.android.apps.mytracks.services.RemoveTempFilesService: pid=9521 uid=10072 gids={3003, 3002, 3001, 1015}
07-08 23:01:47.441  9521  9521 I dalvikvm: Turning on JNI app bug workarounds for target SDK version 7...
07-08 23:01:47.632  9521  9521 I ActivityThread: Pub com.google.android.maps.mytracks.search: com.google.android.apps.mytracks.content.SearchEngineProvider
07-08 23:01:47.644  9521  9521 I ActivityThread: Pub com.google.android.maps.mytracks: com.google.android.apps.mytracks.content.MyTracksProvider
07-08 23:01:48.144   143   400 D dalvikvm: GC_EXPLICIT freed 2642K, 22% free 16649K/21127K, paused 19ms+9ms
07-08 23:01:49.664  7233  7245 D dalvikvm: GC_EXPLICIT freed 170K, 7% free 9711K/10375K, paused 59ms+3ms
07-08 23:01:58.414  8793  8795 D dalvikvm: GC_CONCURRENT freed 680K, 7% free 11569K/12359K, paused 2ms+3ms
07-08 23:02:38.562   143   200 D DhcpInfoInternal: makeLinkProperties with empty dns2!
07-08 23:02:38.578   143   200 D DhcpInfoInternal: makeLinkProperties with empty dns2!
07-08 23:03:26.121  9343  9346 D dalvikvm: GC_CONCURRENT freed 510K, 7% free 10411K/11143K, paused 2ms+3ms
07-08 23:03:26.254   659   661 D dalvikvm: GC_CONCURRENT freed 500K, 9% free 10330K/11271K, paused 2ms+3ms
07-08 23:03:38.199  9027  9046 I PhoneLab-: Service Running
07-08 23:03:38.308  9027  9046 I PhoneLab-LoggerService: app_37    1296  1     1436   996   c00f181c 400107b4 S logcat
07-08 23:03:38.308  9027  9046 I PhoneLab-LoggerService: Logcat pid from database 1296
07-08 23:03:38.308  9027  9046 I PhoneLab-LoggerService: Logcat process found 1296
07-08 23:03:38.308  9027  9046 I PhoneLab-LoggerService: Checking Threshold
07-08 23:04:00.019   143   160 I ActivityManager: No longer want com.android.sprintmenu (pid 8893): hidden #16
07-08 23:04:00.019   143   160 I ActivityManager: No longer want com.google.android.apps.googlevoice (pid 8740): hidden #17
07-08 23:04:00.086   143   403 W ActivityManager: Scheduling restart of crashed service com.android.sprintmenu/.HiddenPhoneService in 5000ms
07-08 23:04:00.089   143   387 W ActivityManager: Scheduling restart of crashed service com.google.android.apps.googlevoice/.UpdateService in 14997ms
07-08 23:04:00.089   143   387 W ActivityManager: Scheduling restart of crashed service com.google.android.apps.googlevoice/.CallLogService in 24997ms
07-08 23:04:05.109   143   160 I ActivityManager: Start proc com.android.sprintmenu for service com.android.sprintmenu/.HiddenPhoneService: pid=9564 uid=1001 gids={3002, 3001, 3003, 1015}
07-08 23:04:15.168   143   160 I ActivityManager: Start proc com.google.android.apps.googlevoice for service com.google.android.apps.googlevoice/.UpdateService: pid=9580 uid=10054 gids={3003, 1015}
07-08 23:04:15.605  9580  9582 D dalvikvm: GC_CONCURRENT freed 231K, 4% free 9305K/9607K, paused 25ms+11ms
07-08 23:04:16.468  9580  9582 D dalvikvm: GC_CONCURRENT freed 407K, 5% free 9448K/9927K, paused 3ms+4ms
07-08 23:04:16.468  9580  9589 W CursorWrapperInner: Cursor finalized without prior close()
07-08 23:04:16.468  9580  9589 W CursorWrapperInner: Cursor finalized without prior close()
07-08 23:04:16.468  9580  9589 W CursorWrapperInner: Cursor finalized without prior close()
07-08 23:04:16.656  9580  9582 D dalvikvm: GC_CONCURRENT freed 332K, 5% free 9648K/10055K, paused 2ms+3ms
07-08 23:04:16.855  7233  7236 D dalvikvm: GC_CONCURRENT freed 318K, 5% free 9872K/10375K, paused 2ms+7ms
07-08 23:04:25.187  9580  9582 D dalvikvm: GC_CONCURRENT freed 226K, 5% free 9827K/10247K, paused 14ms+2ms
07-08 23:04:26.265   659   661 D dalvikvm: GC_CONCURRENT freed 439K, 9% free 10311K/11271K, paused 2ms+2ms
07-08 23:05:03.394   143   200 D DhcpInfoInternal: makeLinkProperties with empty dns2!
07-08 23:05:03.394   143   200 D DhcpInfoInternal: makeLinkProperties with empty dns2!
07-08 23:05:19.203 22025 22026 D dalvikvm: GC_CONCURRENT freed 549K, 6% free 10789K/11463K, paused 15ms+5ms
07-08 23:05:26.164  9343  9346 D dalvikvm: GC_CONCURRENT freed 516K, 7% free 10407K/11143K, paused 3ms+3ms
07-08 23:05:26.304   143   308 D dalvikvm: GC_EXPLICIT freed 660K, 22% free 16588K/21127K, paused 3ms+9ms
07-08 23:05:38.195  9027  9046 I PhoneLab-: Service Running
07-08 23:05:38.300  9027  9046 I PhoneLab-LoggerService: app_37    1296  1     1436   996   c00f181c 400107b4 S logcat
07-08 23:05:38.300  9027  9046 I PhoneLab-LoggerService: Logcat pid from database 1296
07-08 23:05:38.300  9027  9046 I PhoneLab-LoggerService: Logcat process found 1296
07-08 23:05:38.300  9027  9046 I PhoneLab-LoggerService: Checking Threshold
07-08 23:06:25.668  9343  9346 D dalvikvm: GC_CONCURRENT freed 305K, 6% free 10485K/11143K, paused 69ms+2ms
07-08 23:06:26.277  9343  9346 D dalvikvm: GC_CONCURRENT freed 382K, 6% free 10502K/11143K, paused 5ms+2ms
07-08 23:06:26.332   659   661 D dalvikvm: GC_CONCURRENT freed 493K, 9% free 10329K/11271K, paused 2ms+4ms
07-08 23:07:25.523  9027  9027 I PhoneLab-Locks: wake lock acquired
07-08 23:07:25.539  9027  9635 I PhoneLab-PeriodicCheckService: User info is synched
07-08 23:07:25.539  9027  9635 I PhoneLab-PeriodicCheckService: Logger Service is running
07-08 23:07:25.543  9027  9027 I PhoneLab-Locks: wake lock acquired
07-08 23:07:25.550  9027  9027 I PhoneLab-StatusMonitor: Status Monitoring is started
07-08 23:07:25.550  9027  9635 I PhoneLab-Locks: wake lock acquired
07-08 23:07:25.554  9027  9635 I PhoneLab-PeriodicCheckService: Rescheduling periodic checking...
07-08 23:07:25.558  9027  9635 I PhoneLab-Locks: wake lock released
07-08 23:07:25.574  9027  9027 E PhoneLab-PhoneLabManifest: java.io.FileNotFoundException: /data/data/edu.buffalo.cse.phonelab.phonelabservices/files/manifest.xml: open failed: ENOENT (No such file or directory)
07-08 23:07:25.593  9027  9027 I PhoneLab-Locks: wake lock released
07-08 23:07:25.593  9027  9027 I PhoneLab-UploadLogs: Transfering log files now
07-08 23:07:25.593  9027  9027 I PhoneLab-UploadLogs: No log files to transfer
07-08 23:07:25.593  9027  9027 I PhoneLab-Locks: wake lock released
07-08 23:07:25.597  9027  9027 I PhoneLab-UploadLogs: OnStartCommand
07-08 23:07:26.398   659   661 D dalvikvm: GC_CONCURRENT freed 409K, 9% free 10311K/11271K, paused 2ms+2ms
07-08 23:07:28.304   143   200 D DhcpInfoInternal: makeLinkProperties with empty dns2!
07-08 23:07:28.316   143   200 D DhcpInfoInternal: makeLinkProperties with empty dns2!
07-08 23:07:38.199  9027  9046 I PhoneLab-: Service Running
07-08 23:07:38.285  9027  9046 I PhoneLab-LoggerService: app_37    1296  1     1436   996   c00f181c 400107b4 S logcat
07-08 23:07:38.285  9027  9046 I PhoneLab-LoggerService: Logcat pid from database 1296
07-08 23:07:38.285  9027  9046 I PhoneLab-LoggerService: Logcat process found 1296
07-08 23:07:38.285  9027  9046 I PhoneLab-LoggerService: Checking Threshold
07-08 23:08:26.359  9343  9346 D dalvikvm: GC_CONCURRENT freed 472K, 6% free 10541K/11143K, paused 2ms+3ms
07-08 23:08:26.449   143   395 I ActivityManager: Process com.whatsapp (pid 8945) has died.
07-08 23:08:26.449   143   395 W ActivityManager: Scheduling restart of crashed service com.whatsapp/.messaging.MessageService in 5000ms
07-08 23:08:31.511   143   160 I ActivityManager: Start proc com.whatsapp for service com.whatsapp/.messaging.MessageService: pid=9660 uid=10068 gids={1015, 3003}
07-08 23:08:31.527  9660  9660 I dalvikvm: Turning on JNI app bug workarounds for target SDK version 7...
07-08 23:08:31.867  9660  9662 D dalvikvm: GC_CONCURRENT freed 167K, 3% free 9359K/9607K, paused 8ms+5ms
07-08 23:08:32.453  9660  9662 D dalvikvm: GC_CONCURRENT freed 292K, 4% free 9608K/9991K, paused 5ms+3ms
07-08 23:08:32.761  9660  9660 I dalvikvm: Could not find method android.media.MediaMetadataRetriever.captureFrame, referenced from method com.whatsapp.q3.a
07-08 23:08:32.761  9660  9660 W dalvikvm: VFY: unable to resolve virtual method 502: Landroid/media/MediaMetadataRetriever;.captureFrame ()Landroid/graphics/Bitmap;
07-08 23:08:32.761  9660  9660 D dalvikvm: VFY: replacing opcode 0x6e at 0x0134
07-08 23:08:32.968  9660  9662 D dalvikvm: GC_CONCURRENT freed 451K, 6% free 9721K/10247K, paused 3ms+2ms
07-08 23:08:33.168  9660  9662 D dalvikvm: GC_CONCURRENT freed 171K, 3% free 9990K/10247K, paused 2ms+4ms
07-08 23:08:35.797   143   159 V BackupManagerService: Running a backup pass
07-08 23:08:35.808   143   215 V BackupManagerService: Backup requested but nothing pending
07-08 23:08:37.199  7233  7245 D dalvikvm: GC_EXPLICIT freed 356K, 6% free 9808K/10375K, paused 41ms+4ms
07-08 23:08:37.265  9660  9662 D dalvikvm: GC_CONCURRENT freed 552K, 7% free 9880K/10567K, paused 8ms+5ms
07-08 23:08:37.527   143   143 I ActivityManager: START {act=android.intent.action.MAIN cat=[android.intent.category.LAUNCHER] flg=0x10000000 pkg=com.twitter.android cmp=com.twitter.android/.StartActivity bnds=[120,254][240,404]} from pid 24357
07-08 23:08:37.890 24357 24357 D OpenGLRenderer: Flushing caches (mode 1)
07-08 23:08:37.925  8793  8793 D dalvikvm: GC_FOR_ALLOC freed 476K, 6% free 11687K/12359K, paused 51ms
07-08 23:08:37.937  8793  8793 I dalvikvm-heap: Grow heap (frag case) to 14.026MB for 2668016-byte allocation
07-08 23:08:38.019  8793  8795 D dalvikvm: GC_CONCURRENT freed 24K, 5% free 14268K/14983K, paused 7ms+4ms
07-08 23:08:38.105   143   159 I Process : Sending signal. PID: 8793 SIG: 3
07-08 23:08:38.105  8793  8797 I dalvikvm: threadid=3: reacting to signal 3
07-08 23:08:38.105  8793  8793 D dalvikvm: GC_FOR_ALLOC freed 27K, 5% free 14241K/14983K, paused 39ms
07-08 23:08:38.144  8793  8793 I dalvikvm-heap: Grow heap (frag case) to 19.704MB for 6006016-byte allocation
07-08 23:08:38.148 24357 24357 D OpenGLRenderer: Flushing caches (mode 0)
07-08 23:08:38.226  8793  8797 I dalvikvm: Wrote stack traces to '/data/anr/traces.txt'
07-08 23:08:38.230   143   395 I ActivityManager: Process com.google.android.apps.uploader (pid 8639) has died.
07-08 23:08:38.285  8793  8795 D dalvikvm: GC_CONCURRENT freed 0K, 4% free 20106K/20871K, paused 2ms+4ms
07-08 23:08:38.422   143 24239 I ActivityManager: START {flg=0x4000000 cmp=com.twitter.android/.HomeTabActivity} from pid 8793
07-08 23:08:38.808   221   221 V PhoneStatusBar: setLightsOn(true)
07-08 23:08:38.832  8793  8793 D libEGL  : loaded /system/lib/egl/libGLES_android.so
07-08 23:08:38.836  8793  8793 D libEGL  : loaded /vendor/lib/egl/libEGL_POWERVR_SGX540_120.so
07-08 23:08:38.867  8793  8793 D libEGL  : loaded /vendor/lib/egl/libGLESv1_CM_POWERVR_SGX540_120.so
07-08 23:08:38.871  8793  8793 D libEGL  : loaded /vendor/lib/egl/libGLESv2_POWERVR_SGX540_120.so
07-08 23:08:38.929   143   159 I Process : Sending signal. PID: 8793 SIG: 3
07-08 23:08:38.929  8793  8797 I dalvikvm: threadid=3: reacting to signal 3
07-08 23:08:38.957  8793  8793 D OpenGLRenderer: Enabling debug mode 0
07-08 23:08:38.968  8793  8797 I dalvikvm: Wrote stack traces to '/data/anr/traces.txt'
07-08 23:08:39.050   143   176 I ActivityManager: Displayed com.twitter.android/.HomeTabActivity: +623ms (total +1s460ms)
07-08 23:08:39.070   143   143 I ActivityManager: Process com.facebook.katana (pid 5777) has died.
07-08 23:08:39.070   143   143 W ActivityManager: Scheduling restart of crashed service com.facebook.katana/.service.MediaUploadService in 5000ms
07-08 23:08:42.543  8793  8795 D dalvikvm: GC_CONCURRENT freed 3573K, 17% free 18533K/22215K, paused 13ms+13ms
07-08 23:08:44.132   143   160 I ActivityManager: Start proc com.facebook.katana for service com.facebook.katana/.service.MediaUploadService: pid=9702 uid=10071 gids={3003, 1006, 1015}
07-08 23:08:44.144  9702  9702 I dalvikvm: Turning on JNI app bug workarounds for target SDK version 7...
07-08 23:08:44.461  9702  9705 D dalvikvm: GC_CONCURRENT freed 163K, 3% free 9372K/9607K, paused 2ms+10ms
07-08 23:08:44.761  9702  9702 I ActivityThread: Pub com.facebook.katana.provider.LoggingProvider: com.facebook.katana.provider.LoggingProvider
07-08 23:08:44.789  9702  9702 I ActivityThread: Pub com.facebook.katana.provider.KeyValueProvider: com.facebook.katana.provider.KeyValueProvider
07-08 23:08:44.789  9702  9702 I ActivityThread: Pub com.facebook.katana.provider.CacheProvider: com.facebook.katana.provider.CacheProvider
07-08 23:08:44.793  9702  9702 I ActivityThread: Pub com.facebook.katana.provider.MailboxProvider: com.facebook.katana.provider.MailboxProvider
07-08 23:08:44.797  9702  9705 D dalvikvm: GC_CONCURRENT freed 131K, 3% free 9694K/9927K, paused 2ms+2ms
07-08 23:08:44.800  9702  9702 I ActivityThread: Pub com.facebook.katana.provider.UserStatusesProvider: com.facebook.katana.provider.UserStatusesProvider
07-08 23:08:44.808  9702  9702 I ActivityThread: Pub com.facebook.katana.provider.EventsProvider: com.facebook.katana.provider.EventsProvider
07-08 23:08:44.808  9702  9702 I ActivityThread: Pub com.facebook.katana.provider.NotificationsProvider: com.facebook.katana.provider.NotificationsProvider
07-08 23:08:44.816  9702  9702 I ActivityThread: Pub com.facebook.katana.provider.UserValuesProvider: com.facebook.katana.provider.UserValuesProvider
07-08 23:08:44.816  9702  9702 I ActivityThread: Pub com.facebook.katana.provider.PagesProvider: com.facebook.katana.provider.PagesProvider
07-08 23:08:44.816  9702  9702 I ActivityThread: Pub com.facebook.katana.provider.MobileEventLogProvider: com.facebook.katana.provider.MobileEventLogProvider
07-08 23:08:44.820  9702  9702 I ActivityThread: Pub com.facebook.katana.provider.PushNotificationsProvider: com.facebook.katana.provider.PushNotificationsProvider
07-08 23:08:44.820  9702  9702 I ActivityThread: Pub com.facebook.katana.provider.PhotosProvider: com.facebook.katana.provider.PhotosProvider
07-08 23:08:44.828  9702  9702 I ActivityThread: Pub com.facebook.katana.provider.ConnectionsProvider: com.facebook.katana.provider.ConnectionsProvider
07-08 23:08:44.843  9702  9702 I ActivityThread: Pub com.facebook.orca.notify.FbandroidMessagesForegroundProvider: com.facebook.orca.notify.FbandroidMessagesForegroundProvider
07-08 23:08:44.894  9702  9702 D ACRA    : Retrieve application default SharedPreferences.
07-08 23:08:44.937  9702  9702 D ACRA    : Set OnSharedPreferenceChangeListener.
07-08 23:08:44.957  9702  9702 D ACRA    : ACRA is enabled for com.facebook.katana, intializing...
07-08 23:08:45.007  9702  9702 D ACRA    : Looking for error files in /data/data/com.facebook.katana/app_acra-reports
07-08 23:08:45.172  9702  9702 W nalizableReferenceQueue: Could not load Finalizer in its own class loader.Loading Finalizer in the current class loader instead. As a result, you will not be ableto garbage collect this class loader. To support reclaiming this class loader, eitherresolve the underlying issue, or move Google Collections to your system class path.
07-08 23:08:45.172  9702  9702 W nalizableReferenceQueue: java.io.FileNotFoundException: com/google/common/base/internal/Finalizer.class
07-08 23:08:45.172  9702  9702 W nalizableReferenceQueue: 	at com.google.common.base.FinalizableReferenceQueue$DecoupledLoader.getBaseUrl(FinalizableReferenceQueue.java:243)
07-08 23:08:45.172  9702  9702 W nalizableReferenceQueue: 	at com.google.common.base.FinalizableReferenceQueue$DecoupledLoader.loadFinalizer(FinalizableReferenceQueue.java:227)
07-08 23:08:45.172  9702  9702 W nalizableReferenceQueue: 	at com.google.common.base.FinalizableReferenceQueue.loadFinalizer(FinalizableReferenceQueue.java:155)
07-08 23:08:45.172  9702  9702 W nalizableReferenceQueue: 	at com.google.common.base.FinalizableReferenceQueue.<clinit>(FinalizableReferenceQueue.java:84)
07-08 23:08:45.172  9702  9702 W nalizableReferenceQueue: 	at com.google.common.collect.CustomConcurrentHashMap$QueueHolder.<clinit>(CustomConcurrentHashMap.java:650)
07-08 23:08:45.172  9702  9702 W nalizableReferenceQueue: 	at com.google.common.collect.CustomConcurrentHashMap$WeakEntry.<init>(CustomConcurrentHashMap.java:1342)
07-08 23:08:45.172  9702  9702 W nalizableReferenceQueue: 	at com.google.common.collect.CustomConcurrentHashMap$EntryFactory$9.newEntry(CustomConcurrentHashMap.java:453)
07-08 23:08:45.172  9702  9702 W nalizableReferenceQueue: 	at com.google.common.collect.CustomConcurrentHashMap.a(CustomConcurrentHashMap.java:1715)
07-08 23:08:45.172  9702  9702 W nalizableReferenceQueue: 	at com.google.common.collect.ComputingConcurrentHashMap$ComputingSegment.a(ComputingConcurrentHashMap.java:123)
07-08 23:08:45.172  9702  9702 W nalizableReferenceQueue: 	at com.google.common.collect.ComputingConcurrentHashMap.apply(ComputingConcurrentHashMap.java:71)
07-08 23:08:45.172  9702  9702 W nalizableReferenceQueue: 	at com.google.common.collect.MapMaker$ComputingMapAdapter.get(MapMaker.java:848)
07-08 23:08:45.172  9702  9702 W nalizableReferenceQueue: 	at com.google.inject.internal.Annotations$AnnotationChecker.a(Annotations.java:94)
07-08 23:08:45.172  9702  9702 W nalizableReferenceQueue: 	at com.google.inject.internal.Annotations.c(Annotations.java:112)
07-08 23:08:45.172  9702  9702 W nalizableReferenceQueue: 	at com.google.inject.Key.d(Key.java:369)
07-08 23:08:45.172  9702  9702 W nalizableReferenceQueue: 	at com.google.inject.Key.b(Key.java:356)
07-08 23:08:45.172  9702  9702 W nalizableReferenceQueue: 	at com.google.inject.Key.a(Key.java:267)
07-08 23:08:45.172  9702  9702 W nalizableReferenceQueue: 	at com.facebook.orca.inject.binder.AnnotatedBindingBuilderImpl.a(AnnotatedBindingBuilderImpl.java:22)
07-08 23:08:45.172  9702  9702 W nalizableReferenceQueue: 	at com.facebook.orca.app.FbBaseModule.a(FbBaseModule.java:74)
07-08 23:08:45.172  9702  9702 W nalizableReferenceQueue: 	at com.facebook.orca.inject.AbstractModule.a(AbstractModule.java:19)
07-08 23:08:45.172  9702  9702 W nalizableReferenceQueue: 	at com.facebook.orca.inject.FbInjectorImpl.a(FbInjectorImpl.java:61)
07-08 23:08:45.172  9702  9702 W nalizableReferenceQueue: 	at com.facebook.orca.inject.FbInjectorImpl.<init>(FbInjectorImpl.java:41)
07-08 23:08:45.172  9702  9702 W nalizableReferenceQueue: 	at com.facebook.orca.inject.FbInjector.a(FbInjector.java:40)
07-08 23:08:45.172  9702  9702 W nalizableReferenceQueue: 	at com.facebook.katana.FacebookApplication.onCreate(FacebookApplication.java:86)
07-08 23:08:45.172  9702  9702 W nalizableReferenceQueue: 	at android.app.Instrumentation.callApplicationOnCreate(Instrumentation.java:969)
07-08 23:08:45.172  9702  9702 W nalizableReferenceQueue: 	at android.app.ActivityThread.handleBindApplication(ActivityThread.java:3954)
07-08 23:08:45.172  9702  9702 W nalizableReferenceQueue: 	at android.app.ActivityThread.access$1300(ActivityThread.java:123)
07-08 23:08:45.172  9702  9702 W nalizableReferenceQueue: 	at android.app.ActivityThread$H.handleMessage(ActivityThread.java:1185)
07-08 23:08:45.172  9702  9702 W nalizableReferenceQueue: 	at android.os.Handler.dispatchMessage(Handler.java:99)
07-08 23:08:45.172  9702  9702 W nalizableReferenceQueue: 	at android.os.Looper.loop(Looper.java:137)
07-08 23:08:45.172  9702  9702 W nalizableReferenceQueue: 	at android.app.ActivityThread.main(ActivityThread.java:4424)
07-08 23:08:45.172  9702  9702 W nalizableReferenceQueue: 	at java.lang.reflect.Method.invokeNative(Native Method)
07-08 23:08:45.172  9702  9702 W nalizableReferenceQueue: 	at java.lang.reflect.Method.invoke(Method.java:511)
07-08 23:08:45.172  9702  9702 W nalizableReferenceQueue: 	at com.android.internal.os.ZygoteInit$MethodAndArgsCaller.run(ZygoteInit.java:784)
07-08 23:08:45.172  9702  9702 W nalizableReferenceQueue: 	at com.android.internal.os.ZygoteInit.main(ZygoteInit.java:551)
07-08 23:08:45.172  9702  9702 W nalizableReferenceQueue: 	at dalvik.system.NativeStart.main(Native Method)
07-08 23:08:45.175  9702  9702 I Finalizer: Couldn't access Thread.inheritableThreadLocals. Reference finalizer threads will inherit thread local values.
07-08 23:08:45.230  9702  9705 D dalvikvm: GC_CONCURRENT freed 314K, 4% free 9847K/10247K, paused 3ms+2ms
07-08 23:08:45.394  9702  9705 D dalvikvm: GC_CONCURRENT freed 362K, 5% free 9971K/10439K, paused 2ms+4ms
07-08 23:08:45.601  9702  9705 D dalvikvm: GC_CONCURRENT freed 329K, 5% free 10057K/10503K, paused 3ms+2ms
07-08 23:08:46.113  9702  9705 D dalvikvm: GC_CONCURRENT freed 299K, 4% free 10348K/10695K, paused 70ms+9ms
07-08 23:08:46.121  9702  9718 W Resources: Converting to string: TypedValue{t=0x10/d=0xffffffff a=-1}
07-08 23:08:46.277   143   154 I ActivityManager: Process com.google.android.talk (pid 8212) has died.
07-08 23:08:46.484  9702  9705 D dalvikvm: GC_CONCURRENT freed 415K, 5% free 10432K/10951K, paused 2ms+4ms
07-08 23:08:46.656   143  2263 D dalvikvm: JIT code cache reset in 5 ms (1048496 bytes 22/0)
07-08 23:08:46.679   143  2263 D dalvikvm: GC_EXPLICIT freed 1108K, 22% free 16626K/21127K, paused 4ms+16ms
07-08 23:08:47.492  9702  9705 D dalvikvm: GC_CONCURRENT freed 334K, 5% free 10485K/10951K, paused 5ms+3ms
07-08 23:08:47.742  9702  9705 D dalvikvm: GC_CONCURRENT freed 317K, 5% free 10573K/11015K, paused 3ms+2ms
07-08 23:08:48.230  9702  9705 D dalvikvm: GC_CONCURRENT freed 352K, 5% free 10677K/11143K, paused 2ms+3ms
07-08 23:08:52.816   143   181 I ActivityManager: START {act=android.intent.action.MAIN cat=[android.intent.category.HOME] flg=0x10200000 cmp=com.android.launcher/com.android.launcher2.Launcher} from pid 143
07-08 23:08:52.984  8793  8793 D OpenGLRenderer: Flushing caches (mode 0)
07-08 23:08:53.019   143  2263 W InputManagerService: Starting input on non-focused client com.android.internal.view.IInputMethodClient$Stub$Proxy@4183d240 (uid=10064 pid=8793)
07-08 23:08:53.062  8793  8793 D OpenGLRenderer: Flushing caches (mode 1)
07-08 23:08:53.601   143   181 I ActivityManager: START {act=android.intent.action.MAIN cat=[android.intent.category.HOME] flg=0x10200000 cmp=com.android.launcher/com.android.launcher2.Launcher} from pid 143
07-08 23:08:53.621   143   387 I ActivityManager: Process com.spotify.mobile.android.service (pid 27032) has died.
07-08 23:08:53.621   143   387 W ActivityManager: Scheduling restart of crashed service com.spotify.mobile.android.ui/com.spotify.mobile.android.service.SpotifyService in 5000ms
07-08 23:08:53.644   143   387 W AudioService:   RemoteControlClient died
07-08 23:08:57.410  9702  9705 D dalvikvm: GC_CONCURRENT freed 476K, 6% free 10671K/11271K, paused 2ms+3ms
07-08 23:08:58.703   143   160 I ActivityManager: Start proc com.spotify.mobile.android.service for service com.spotify.mobile.android.ui/com.spotify.mobile.android.service.SpotifyService: pid=9738 uid=10055 gids={3003, 1015}
07-08 23:08:58.730   143   308 I ActivityManager: Process com.spotify.mobile.android.ui (pid 28580) has died.
07-08 23:08:58.734   143 24239 I WindowManager: WIN DEATH: Window{41760680 com.spotify.mobile.android.ui/com.spotify.mobile.android.ui.activity.MainActivity paused=false}
07-08 23:08:58.789  9738  9738 D dalvikvm: Trying to load lib /data/data/com.spotify.mobile.android.ui/lib/liborbit-jni-spotify.so 0x413228f0
07-08 23:08:58.851  9738  9738 D dalvikvm: Added shared lib /data/data/com.spotify.mobile.android.ui/lib/liborbit-jni-spotify.so 0x413228f0
07-08 23:08:59.047  9738  9738 D AndroidRuntime: Shutting down VM
07-08 23:08:59.047  9738  9738 W dalvikvm: threadid=1: thread exiting with uncaught exception (group=0x40a3f1f8)
07-08 23:08:59.062   143   160 I ActivityManager: Start proc com.spotify.mobile.android.ui for broadcast com.spotify.mobile.android.ui/.widget.SpotifyWidget: pid=9756 uid=10055 gids={3003, 1015}
07-08 23:08:59.062  9738  9738 E AndroidRuntime: FATAL EXCEPTION: main
07-08 23:08:59.062  9738  9738 E AndroidRuntime: java.lang.RuntimeException: Unable to stop service com.spotify.mobile.android.service.SpotifyService@4133f308: java.lang.IllegalArgumentException: Receiver not registered: com.spotify.mobile.android.a.f@41354b58
07-08 23:08:59.062  9738  9738 E AndroidRuntime: 	at android.app.ActivityThread.handleStopService(ActivityThread.java:2406)
07-08 23:08:59.062  9738  9738 E AndroidRuntime: 	at android.app.ActivityThread.access$2000(ActivityThread.java:123)
07-08 23:08:59.062  9738  9738 E AndroidRuntime: 	at android.app.ActivityThread$H.handleMessage(ActivityThread.java:1213)
07-08 23:08:59.062  9738  9738 E AndroidRuntime: 	at android.os.Handler.dispatchMessage(Handler.java:99)
07-08 23:08:59.062  9738  9738 E AndroidRuntime: 	at android.os.Looper.loop(Looper.java:137)
07-08 23:08:59.062  9738  9738 E AndroidRuntime: 	at android.app.ActivityThread.main(ActivityThread.java:4424)
07-08 23:08:59.062  9738  9738 E AndroidRuntime: 	at java.lang.reflect.Method.invokeNative(Native Method)
07-08 23:08:59.062  9738  9738 E AndroidRuntime: 	at java.lang.reflect.Method.invoke(Method.java:511)
07-08 23:08:59.062  9738  9738 E AndroidRuntime: 	at com.android.internal.os.ZygoteInit$MethodAndArgsCaller.run(ZygoteInit.java:784)
07-08 23:08:59.062  9738  9738 E AndroidRuntime: 	at com.android.internal.os.ZygoteInit.main(ZygoteInit.java:551)
07-08 23:08:59.062  9738  9738 E AndroidRuntime: 	at dalvik.system.NativeStart.main(Native Method)
07-08 23:08:59.062  9738  9738 E AndroidRuntime: Caused by: java.lang.IllegalArgumentException: Receiver not registered: com.spotify.mobile.android.a.f@41354b58
07-08 23:08:59.062  9738  9738 E AndroidRuntime: 	at android.app.LoadedApk.forgetReceiverDispatcher(LoadedApk.java:628)
07-08 23:08:59.062  9738  9738 E AndroidRuntime: 	at android.app.ContextImpl.unregisterReceiver(ContextImpl.java:1066)
07-08 23:08:59.062  9738  9738 E AndroidRuntime: 	at android.content.ContextWrapper.unregisterReceiver(ContextWrapper.java:354)
07-08 23:08:59.062  9738  9738 E AndroidRuntime: 	at com.spotify.mobile.android.a.z.a(SourceFile:227)
07-08 23:08:59.062  9738  9738 E AndroidRuntime: 	at com.spotify.mobile.android.service.SpotifyService.onDestroy(SourceFile:373)
07-08 23:08:59.062  9738  9738 E AndroidRuntime: 	at android.app.ActivityThread.handleStopService(ActivityThread.java:2389)
07-08 23:08:59.062  9738  9738 E AndroidRuntime: 	... 10 more
07-08 23:08:59.152  9756  9756 I ActivityThread: Pub com.spotify.mobile.android: com.spotify.mobile.android.provider.SpotifyProvider
07-08 23:08:59.156  9756  9756 I ActivityThread: Pub com.spotify.mobile.android.util.SpotifySuggestionProvider: com.spotify.mobile.android.util.SpotifySuggestionProvider
07-08 23:09:18.730   143   160 W ActivityManager: Timeout executing service: ServiceRecord{41854d28 com.spotify.mobile.android.ui/com.spotify.mobile.android.service.SpotifyService}
07-08 23:09:18.738   143   160 I ActivityManager: Crashing app skipping ANR: ProcessRecord{41643168 9738:com.spotify.mobile.android.service/10055} Executing service com.spotify.mobile.android.ui/com.spotify.mobile.android.service.SpotifyService
07-08 23:09:26.468   659  9774 D dalvikvm: GC_EXPLICIT freed 392K, 9% free 10277K/11271K, paused 5ms+3ms
07-08 23:09:38.195  9027  9046 I PhoneLab-: Service Running
07-08 23:09:38.265  9027  9046 I PhoneLab-LoggerService: app_37    1296  1     1436   996   c00f181c 400107b4 S logcat
07-08 23:09:38.265  9027  9046 I PhoneLab-LoggerService: Logcat pid from database 1296
07-08 23:09:38.265  9027  9046 I PhoneLab-LoggerService: Logcat process found 1296
07-08 23:09:38.269  9027  9046 I PhoneLab-LoggerService: Checking Threshold
07-08 23:09:38.304  9027  9029 D dalvikvm: GC_CONCURRENT freed 437K, 6% free 9117K/9671K, paused 7ms+7ms
07-08 23:09:53.207   143   200 D DhcpInfoInternal: makeLinkProperties with empty dns2!
07-08 23:09:53.218   143   200 D DhcpInfoInternal: makeLinkProperties with empty dns2!
07-08 23:10:00.156   143   400 I ActivityManager: START {act=android.intent.action.APP_ERROR flg=0x10000000 cmp=com.android.vending/com.google.android.finsky.activities.AppCrashProxy (has extras)} from pid 143
07-08 23:10:00.222  9738  9738 I Process : Sending signal. PID: 9738 SIG: 9
07-08 23:10:00.246   143   311 I ActivityManager: Start proc com.android.vending for activity com.android.vending/com.google.android.finsky.activities.AppCrashProxy: pid=9797 uid=10046 gids={3003, 1015}
07-08 23:10:00.246   143   387 I ActivityManager: Process com.spotify.mobile.android.service (pid 9738) has died.
07-08 23:10:00.250   143 26971 W InputManagerService: Window already focused, ignoring focus gain of: com.android.internal.view.IInputMethodClient$Stub$Proxy@41977ae8
07-08 23:10:00.453  9797  9797 I ActivityThread: Pub com.google.android.finsky.QSBSuggestionsProvider: com.google.android.finsky.providers.QSBSuggestionsProvider
07-08 23:10:00.476  9797  9797 I ActivityThread: Pub com.google.android.finsky.AppIconProvider: com.google.android.finsky.providers.AppIconProvider
07-08 23:10:00.480  9797  9797 I ActivityThread: Pub com.google.android.finsky.RecentSuggestionsProvider: com.google.android.finsky.providers.RecentSuggestionsProvider
07-08 23:10:00.734  9797  9800 D dalvikvm: GC_CONCURRENT freed 244K, 4% free 9292K/9607K, paused 4ms+3ms
07-08 23:10:00.765   143   159 I Process : Sending signal. PID: 9797 SIG: 3
07-08 23:10:00.765  9797  9802 I dalvikvm: threadid=3: reacting to signal 3
07-08 23:10:00.800  9797  9802 I dalvikvm: Wrote stack traces to '/data/anr/traces.txt'
07-08 23:10:00.937  9797  9800 D dalvikvm: GC_CONCURRENT freed 411K, 5% free 9445K/9927K, paused 2ms+3ms
07-08 23:10:00.941  9797  9797 D Finsky  : [1] DailyHygiene.goMakeHygieneIfDirty: No need to run daily hygiene.
07-08 23:10:01.218  9797  9800 D dalvikvm: GC_CONCURRENT freed 481K, 6% free 9503K/10055K, paused 3ms+3ms
07-08 23:10:01.261   143   403 I ActivityManager: START {act=android.intent.action.APP_ERROR flg=0x10000000 pkg=com.google.android.feedback cmp=com.google.android.feedback/.FeedbackActivity (has extras)} from pid 9797
07-08 23:10:01.304   143   159 I Process : Sending signal. PID: 9797 SIG: 3
07-08 23:10:01.304  9797  9802 I dalvikvm: threadid=3: reacting to signal 3
07-08 23:10:01.379  9797  9802 I dalvikvm: Wrote stack traces to '/data/anr/traces.txt'
07-08 23:10:01.464   143  1922 I ActivityManager: Start proc com.google.android.feedback for activity com.google.android.feedback/.FeedbackActivity: pid=9827 uid=10020 gids={1007, 3003}
07-08 23:10:01.504    79    79 D dalvikvm: GC_EXPLICIT freed 38K, 4% free 9031K/9347K, paused 4ms+11ms
07-08 23:10:01.586    79    79 D dalvikvm: GC_EXPLICIT freed <1K, 4% free 9031K/9347K, paused 7ms+6ms
07-08 23:10:01.632    79    79 D dalvikvm: GC_EXPLICIT freed <1K, 4% free 9031K/9347K, paused 5ms+2ms
07-08 23:10:01.648 24357 24357 D OpenGLRenderer: Flushing caches (mode 1)
07-08 23:10:01.738 24357 24357 D OpenGLRenderer: Flushing caches (mode 0)
07-08 23:10:01.894  9827  9841 D dalvikvm: GC_FOR_ALLOC freed 267K, 4% free 9268K/9607K, paused 42ms
07-08 23:10:01.980  9827  9830 D dalvikvm: GC_CONCURRENT freed 269K, 6% free 9354K/9863K, paused 2ms+8ms
07-08 23:10:01.984  9827  9827 D libEGL  : loaded /system/lib/egl/libGLES_android.so
07-08 23:10:01.996  9827  9827 D libEGL  : loaded /vendor/lib/egl/libEGL_POWERVR_SGX540_120.so
07-08 23:10:02.007   143   159 I Process : Sending signal. PID: 9827 SIG: 3
07-08 23:10:02.007  9827  9832 I dalvikvm: threadid=3: reacting to signal 3
07-08 23:10:02.011  9827  9827 D libEGL  : loaded /vendor/lib/egl/libGLESv1_CM_POWERVR_SGX540_120.so
07-08 23:10:02.023  9827  9827 D libEGL  : loaded /vendor/lib/egl/libGLESv2_POWERVR_SGX540_120.so
07-08 23:10:02.027  9827  9841 D dalvikvm: GC_FOR_ALLOC freed 1K, 6% free 9352K/9863K, paused 47ms
07-08 23:10:02.027  9827  9841 I dalvikvm-heap: Grow heap (frag case) to 9.349MB for 154070-byte allocation
07-08 23:10:02.058  9827  9832 I dalvikvm: Wrote stack traces to '/data/anr/traces.txt'
07-08 23:10:02.078  9827  9841 D dalvikvm: GC_FOR_ALLOC freed 100K, 7% free 9402K/10055K, paused 14ms
07-08 23:10:02.148  9827  9841 D dalvikvm: GC_FOR_ALLOC freed 61K, 7% free 9403K/10055K, paused 40ms
07-08 23:10:02.152  9827  9841 I dalvikvm-heap: Grow heap (frag case) to 9.471MB for 231100-byte allocation
07-08 23:10:02.179  9827  9827 D dalvikvm: GC_FOR_ALLOC freed 150K, 9% free 9478K/10311K, paused 17ms
07-08 23:10:02.226  9797  9797 D Finsky  : [1] 1.onPostExecute: Attempt recovery of content://downloads/my_downloads/733 200
07-08 23:10:02.230  9797  9797 D Finsky  : [1] 1.onPostExecute: Releasing content://downloads/my_downloads/733 200
07-08 23:10:02.250  9827  9841 D dalvikvm: GC_FOR_ALLOC freed 92K, 9% free 9478K/10311K, paused 48ms
07-08 23:10:02.250  9827  9841 I dalvikvm-heap: Grow heap (frag case) to 9.656MB for 346646-byte allocation
07-08 23:10:02.285  9827  9827 D dalvikvm: GC_FOR_ALLOC freed 225K, 11% free 9591K/10695K, paused 26ms
07-08 23:10:02.363  9827  9841 D dalvikvm: GC_FOR_ALLOC freed 137K, 11% free 9592K/10695K, paused 42ms
07-08 23:10:02.371  9827  9827 D OpenGLRenderer: Enabling debug mode 0
07-08 23:10:02.449  9827  9830 D dalvikvm: GC_CONCURRENT freed 340K, 9% free 9764K/10695K, paused 2ms+46ms
07-08 23:10:02.507   143   159 I Process : Sending signal. PID: 9827 SIG: 3
07-08 23:10:02.511  9827  9832 I dalvikvm: threadid=3: reacting to signal 3
07-08 23:10:02.515  9827  9832 I dalvikvm: Wrote stack traces to '/data/anr/traces.txt'
07-08 23:10:02.652   143   176 I ActivityManager: Displayed com.google.android.feedback/.FeedbackActivity: +1s258ms (total +2s437ms)
07-08 23:10:02.664  9827  9841 D dalvikvm: GC_FOR_ALLOC freed 223K, 9% free 9770K/10695K, paused 31ms
07-08 23:10:02.672  9827  9841 I dalvikvm-heap: Grow heap (frag case) to 10.354MB for 779942-byte allocation
07-08 23:10:02.703  9827  9827 D dalvikvm: GC_FOR_ALLOC freed 508K, 13% free 10023K/11463K, paused 24ms
07-08 23:10:02.714  9797  9797 D Finsky  : [1] 2.run: Loaded library for account: [JtI6dlYpn2C-CMu_fZTfqcPsfoA]
07-08 23:10:02.714  9797  9797 D Finsky  : [1] 2.run: Finished loading 1 libraries.
07-08 23:10:02.808  9827  9830 D dalvikvm: GC_CONCURRENT freed 44K, 13% free 10082K/11463K, paused 2ms+14ms
07-08 23:10:02.886  9827  9841 D dalvikvm: GC_FOR_ALLOC freed 283K, 13% free 10023K/11463K, paused 30ms
07-08 23:10:02.890  9827  9841 I dalvikvm-heap: Grow heap (frag case) to 10.973MB for 1169908-byte allocation
07-08 23:10:02.922  9827  9827 D dalvikvm: GC_FOR_ALLOC freed 761K, 18% free 10404K/12615K, paused 18ms
07-08 23:10:03.007  9827  9830 D dalvikvm: GC_CONCURRENT freed 247K, 18% free 10451K/12615K, paused 1ms+2ms
07-08 23:10:03.078  9827  9841 D dalvikvm: GC_FOR_ALLOC freed 225K, 18% free 10404K/12615K, paused 17ms
07-08 23:10:03.082  9827  9841 I dalvikvm-heap: Grow heap (frag case) to 11.333MB for 1158350-byte allocation
07-08 23:10:03.105  9827  9827 D dalvikvm: GC_FOR_ALLOC freed 0K, 17% free 11535K/13767K, paused 15ms
07-08 23:10:03.113  9797  9800 D dalvikvm: GC_CONCURRENT freed 429K, 5% free 9616K/10119K, paused 4ms+4ms
07-08 23:10:03.160  9827  9830 D dalvikvm: GC_CONCURRENT freed <1K, 17% free 11560K/13767K, paused 2ms+4ms
07-08 23:10:03.320  9827  9830 D dalvikvm: GC_CONCURRENT freed 1809K, 24% free 10596K/13767K, paused 1ms+8ms
07-08 23:10:03.410  9827  9830 D dalvikvm: GC_CONCURRENT freed 369K, 23% free 10698K/13767K, paused 2ms+4ms
07-08 23:10:03.472  9827  9830 D dalvikvm: GC_CONCURRENT freed 406K, 22% free 10850K/13767K, paused 2ms+3ms
07-08 23:10:03.511  9827  9841 D dalvikvm: GC_FOR_ALLOC freed 93K, 22% free 10850K/13767K, paused 30ms
07-08 23:10:03.515  9827  9841 I dalvikvm-heap: Grow heap (frag case) to 11.334MB for 702118-byte allocation
07-08 23:10:03.547  9827  9827 D dalvikvm: GC_FOR_ALLOC freed 457K, 20% free 11078K/13767K, paused 17ms
07-08 23:10:03.601  9827  9841 D dalvikvm: GC_FOR_ALLOC freed 229K, 20% free 11078K/13767K, paused 20ms
07-08 23:10:03.660  9827  9830 D dalvikvm: GC_CONCURRENT freed 1K, 15% free 11719K/13767K, paused 2ms+4ms
07-08 23:10:03.738   325   327 D dalvikvm: GC_CONCURRENT freed 390K, 16% free 10203K/12103K, paused 2ms+4ms
07-08 23:10:06.511  9827  9827 W IInputConnectionWrapper: showStatusIcon on inactive InputConnection
07-08 23:10:06.511   143   403 W InputManagerService: Starting input on non-focused client com.android.internal.view.IInputMethodClient$Stub$Proxy@41a910f8 (uid=10020 pid=9827)
07-08 23:10:06.562  9827  9827 D OpenGLRenderer: Flushing caches (mode 0)
07-08 23:10:06.597  9827  9827 D OpenGLRenderer: Flushing caches (mode 1)
07-08 23:10:06.890  9827  9848 D dalvikvm: GC_FOR_ALLOC freed 726K, 16% free 11584K/13767K, paused 17ms
07-08 23:10:07.160  9827  9827 D GoogleFeedbackSendService: starting report scan
07-08 23:10:07.328   143 26971 I ActivityManager: Process com.google.android.apps.plus (pid 9077) has died.
07-08 23:10:10.265  9827  9850 W GoogleFeedbackSendService: sending report status: 204
07-08 23:10:10.265  9827  9827 D GoogleFeedbackSendService: finished report scan: scanAgain: false networkError: false
07-08 23:10:26.461  9343  9346 D dalvikvm: GC_CONCURRENT freed 514K, 6% free 10539K/11143K, paused 2ms+2ms
07-08 23:10:26.601   659   661 D dalvikvm: GC_CONCURRENT freed 452K, 9% free 10337K/11271K, paused 2ms+8ms
07-08 23:10:35.808   143   173 I power   : *** set_screen_state 0
07-08 23:10:35.863    78   121 D SurfaceFlinger: About to give-up screen, flinger = 0x1ddb918
07-08 23:10:36.043   143   145 D dalvikvm: GC_CONCURRENT freed 1466K, 20% free 17064K/21127K, paused 10ms+9ms
07-08 23:10:36.117   143   177 V TransportControlView: Create TCV com.android.internal.widget.TransportControlView@41841e08
07-08 23:10:36.230   221   221 D PhoneStatusBar: disable: < expand icons alerts ticker system_info back home RECENT* clock >
07-08 23:10:36.281   221   221 D PhoneStatusBar: disable: < expand icons alerts ticker system_info BACK* HOME* RECENT CLOCK* >
07-08 23:11:38.195  9027  9046 I PhoneLab-: Service Running
07-08 23:11:38.281  9027  9046 I PhoneLab-LoggerService: app_37    1296  1     1436   996   c00f181c 400107b4 S logcat
07-08 23:11:38.281  9027  9046 I PhoneLab-LoggerService: Logcat pid from database 1296
07-08 23:11:38.281  9027  9046 I PhoneLab-LoggerService: Logcat process found 1296
07-08 23:11:38.281  9027  9046 I PhoneLab-LoggerService: Checking Threshold
07-08 23:12:18.105   143   200 D DhcpInfoInternal: makeLinkProperties with empty dns2!
07-08 23:12:18.109   143   200 D DhcpInfoInternal: makeLinkProperties with empty dns2!
07-08 23:12:26.632  9343  9346 D dalvikvm: GC_CONCURRENT freed 508K, 6% free 10542K/11143K, paused 8ms+3ms
07-08 23:12:26.761   659   661 D dalvikvm: GC_CONCURRENT freed 528K, 9% free 10320K/11271K, paused 2ms+3ms
07-08 23:12:26.797 22025 22026 D dalvikvm: GC_CONCURRENT freed 465K, 6% free 10788K/11463K, paused 2ms+15ms
07-08 23:13:26.746   659   661 D dalvikvm: GC_CONCURRENT freed 481K, 9% free 10343K/11271K, paused 1ms+3ms
07-08 23:13:38.195  9027  9046 I PhoneLab-: Service Running
07-08 23:13:38.297  9027  9046 I PhoneLab-LoggerService: app_37    1296  1     1436   996   c00f181c 400107b4 S logcat
07-08 23:13:38.297  9027  9046 I PhoneLab-LoggerService: Logcat pid from database 1296
07-08 23:13:38.297  9027  9046 I PhoneLab-LoggerService: Logcat process found 1296
07-08 23:13:38.297  9027  9046 I PhoneLab-LoggerService: Checking Threshold
07-08 23:14:14.105 27377 27379 D dalvikvm: GC_CONCURRENT freed 828K, 16% free 11898K/14023K, paused 2ms+9ms
07-08 23:14:26.726  9343  9346 D dalvikvm: GC_CONCURRENT freed 510K, 6% free 10543K/11143K, paused 6ms+3ms
07-08 23:14:27.015   659   661 D dalvikvm: GC_CONCURRENT freed 376K, 8% free 10373K/11271K, paused 2ms+4ms
07-08 23:14:27.988   659   661 D dalvikvm: GC_CONCURRENT freed 228K, 7% free 10559K/11271K, paused 1ms+6ms
07-08 23:14:42.984   143   200 D DhcpInfoInternal: makeLinkProperties with empty dns2!
07-08 23:14:42.992   143   200 D DhcpInfoInternal: makeLinkProperties with empty dns2!
07-08 23:14:51.113   143 11000 D dalvikvm: GC_EXPLICIT freed 677K, 18% free 17475K/21127K, paused 35ms+7ms
07-08 23:15:26.839   659   661 D dalvikvm: GC_CONCURRENT freed 692K, 9% free 10350K/11271K, paused 1ms+3ms
07-08 23:15:38.195  9027  9046 I PhoneLab-: Service Running
07-08 23:15:38.300  9027  9046 I PhoneLab-LoggerService: app_37    1296  1     1436   996   c00f181c 400107b4 S logcat
07-08 23:15:38.304  9027  9046 I PhoneLab-LoggerService: Logcat pid from database 1296
07-08 23:15:38.304  9027  9046 I PhoneLab-LoggerService: Logcat process found 1296
07-08 23:15:38.304  9027  9046 I PhoneLab-LoggerService: Checking Threshold
07-08 23:15:54.543  9343  9346 D dalvikvm: GC_CONCURRENT freed 394K, 6% free 10533K/11143K, paused 1ms+3ms
07-08 23:16:47.406   143   175 I ActivityManager: Start proc com.google.android.apps.plus for service com.google.android.apps.plus/.service.EsService: pid=9912 uid=10060 gids={3003, 3002, 1015, 1006}
07-08 23:16:47.902  9912  9915 D dalvikvm: GC_CONCURRENT freed 149K, 3% free 9386K/9607K, paused 2ms+14ms
07-08 23:16:48.082  9912  9912 I ActivityThread: Pub com.google.android.apps.plus.content.ApiProvider: com.google.android.apps.plus.content.EsApiProvider
07-08 23:16:48.113  9912  9912 I ActivityThread: Pub com.google.android.apps.plus.content.EsGooglePhotoProvider: com.google.android.picasasync.PicasaContentProvider
07-08 23:16:48.293  9912  9915 D dalvikvm: GC_CONCURRENT freed 336K, 5% free 9580K/9991K, paused 48ms+10ms
07-08 23:16:48.324  9912  9912 I ActivityThread: Pub com.google.android.apps.plus.content.EsPicasaStoreProvider: com.google.android.picasastore.PicasaPhotoContentProvider
07-08 23:16:48.379  9912  9912 I ActivityThread: Pub com.google.plus.platform: com.google.android.apps.plus.content.AdsProvider
07-08 23:16:48.379  9912  9912 I ActivityThread: Pub com.google.android.apps.plus.iu.EsGoogleIuProvider: com.google.android.apps.plus.iu.InstantUploadProvider
07-08 23:16:48.461  9912  9915 D dalvikvm: GC_CONCURRENT freed 501K, 6% free 9607K/10183K, paused 1ms+11ms
07-08 23:16:48.468  9912  9912 I ActivityThread: Pub com.google.android.apps.plus.content.EsProvider: com.google.android.apps.plus.content.EsProvider
07-08 23:16:49.757  9912  9931 D dalvikvm: GC_FOR_ALLOC freed 163K, 4% free 9854K/10247K, paused 373ms
07-08 23:16:49.785  9702  9705 D dalvikvm: GC_CONCURRENT freed 460K, 6% free 10762K/11335K, paused 66ms+3ms
07-08 23:16:49.793  9912  9927 D PicasaPhotoCP: set fsid first time:-1
07-08 23:16:49.980  9912  9915 D dalvikvm: GC_CONCURRENT freed 166K, 3% free 10109K/10375K, paused 1ms+3ms
07-08 23:16:50.105  9912  9915 D dalvikvm: GC_CONCURRENT freed 222K, 4% free 10327K/10695K, paused 3ms+2ms
07-08 23:16:50.172  9912  9929 D dalvikvm: GC_FOR_ALLOC freed 175K, 4% free 10455K/10887K, paused 25ms
07-08 23:16:50.172  9912  9929 I dalvikvm-heap: Grow heap (frag case) to 10.527MB for 260112-byte allocation
07-08 23:16:50.199  9912  9929 D dalvikvm: GC_FOR_ALLOC freed 126K, 6% free 10583K/11143K, paused 25ms
07-08 23:16:50.226  9912  9929 D dalvikvm: GC_FOR_ALLOC freed 311K, 6% free 10575K/11207K, paused 20ms
07-08 23:16:50.246  9912  9929 D dalvikvm: GC_FOR_ALLOC freed 62K, 6% free 10639K/11207K, paused 20ms
07-08 23:16:50.269  9912  9929 D dalvikvm: GC_FOR_ALLOC freed 126K, 4% free 10767K/11207K, paused 19ms
07-08 23:16:50.293  9912  9929 D dalvikvm: GC_FOR_ALLOC freed 307K, 6% free 10759K/11399K, paused 21ms
07-08 23:16:50.316  9912  9929 D dalvikvm: GC_FOR_ALLOC freed 62K, 6% free 10823K/11399K, paused 19ms
07-08 23:16:50.316  9912  9929 I dalvikvm-heap: Grow heap (frag case) to 10.886MB for 260112-byte allocation
07-08 23:16:50.339  9912  9929 D dalvikvm: GC_FOR_ALLOC freed 126K, 7% free 10951K/11655K, paused 20ms
07-08 23:16:50.480  9912  9915 D dalvikvm: GC_CONCURRENT freed 345K, 4% free 11207K/11655K, paused 1ms+2ms
07-08 23:16:50.648  9912  9915 D dalvikvm: GC_CONCURRENT freed 134K, 3% free 11710K/11975K, paused 15ms+3ms
07-08 23:16:50.808  9912  9915 D dalvikvm: GC_CONCURRENT freed 326K, 4% free 12175K/12615K, paused 2ms+2ms
07-08 23:16:50.976   143   143 I ActivityManager: Process com.google.android.apps.currents (pid 9313) has died.
07-08 23:16:51.058 24357 24360 D dalvikvm: GC_CONCURRENT freed 879K, 24% free 11743K/15303K, paused 21ms+6ms
07-08 23:16:51.113  9912  9915 D dalvikvm: GC_CONCURRENT freed 422K, 5% free 12701K/13255K, paused 2ms+2ms
07-08 23:16:51.418  9912  9930 I SqliteDatabaseCpp: sqlite returned: error code = 1, msg = no such column: wipeout_stats, db=/data/data/com.google.android.apps.plus/databases/es0.db
07-08 23:16:51.445  9912  9930 W System.err: android.database.sqlite.SQLiteException: no such column: wipeout_stats: , while compiling: SELECT wipeout_stats  FROM account_status
07-08 23:16:51.492  9912  9930 W System.err: 	at android.database.sqlite.SQLiteCompiledSql.native_compile(Native Method)
07-08 23:16:51.492  9912  9930 W System.err: 	at android.database.sqlite.SQLiteCompiledSql.<init>(SQLiteCompiledSql.java:68)
07-08 23:16:51.492  9912  9930 W System.err: 	at android.database.sqlite.SQLiteProgram.compileSql(SQLiteProgram.java:143)
07-08 23:16:51.492  9912  9930 W System.err: 	at android.database.sqlite.SQLiteProgram.compileAndbindAllArgs(SQLiteProgram.java:361)
07-08 23:16:51.492  9912  9930 W System.err: 	at android.database.sqlite.SQLiteStatement.acquireAndLock(SQLiteStatement.java:260)
07-08 23:16:51.492  9912  9930 W System.err: 	at android.database.sqlite.SQLiteStatement.simpleQueryForLong(SQLiteStatement.java:137)
07-08 23:16:51.492  9912  9930 W System.err: 	at android.database.DatabaseUtils.longForQuery(DatabaseUtils.java:791)
07-08 23:16:51.492  9912  9930 W System.err: 	at android.database.DatabaseUtils.longForQuery(DatabaseUtils.java:779)
07-08 23:16:51.492  9912  9930 W System.err: 	at com.google.android.apps.plus.content.EsAccountsData.isContactsStatsWipeoutNeeded(EsAccountsData.java:641)
07-08 23:16:51.492  9912  9930 W System.err: 	at com.google.android.apps.plus.service.EsService.processIntent(EsService.java:4246)
07-08 23:16:51.492  9912  9930 W System.err: 	at com.google.android.apps.plus.service.ServiceThread$1.run(ServiceThread.java:50)
07-08 23:16:51.492  9912  9930 W System.err: 	at android.os.Handler.handleCallback(Handler.java:605)
07-08 23:16:51.492  9912  9930 W System.err: 	at android.os.Handler.dispatchMessage(Handler.java:92)
07-08 23:16:51.492  9912  9930 W System.err: 	at android.os.Looper.loop(Looper.java:137)
07-08 23:16:51.492  9912  9930 W System.err: 	at com.google.android.apps.plus.service.ServiceThread.run(ServiceThread.java:122)
07-08 23:16:51.586  9002  9005 D dalvikvm: GC_CONCURRENT freed 402K, 6% free 9395K/9927K, paused 2ms+5ms
07-08 23:16:54.547  9912  9915 D dalvikvm: GC_CONCURRENT freed 1017K, 9% free 12815K/13959K, paused 5ms+3ms
07-08 23:16:56.871  9912  9915 D dalvikvm: GC_CONCURRENT freed 1053K, 9% free 12916K/14087K, paused 3ms+4ms
07-08 23:16:58.152  9912  9935 E dalvikvm: Could not find class 'android.app.Notification$InboxStyle', referenced from method com.google.android.apps.plus.service.AndroidNotification.createDigestNotification
07-08 23:16:58.152  9912  9935 W dalvikvm: VFY: unable to resolve new-instance 41 (Landroid/app/Notification$InboxStyle;) in Lcom/google/android/apps/plus/service/AndroidNotification;
07-08 23:16:58.152  9912  9935 D dalvikvm: VFY: replacing opcode 0x22 at 0x0018
07-08 23:16:58.152  9912  9935 I dalvikvm: Could not find method android.app.Notification$Builder.setPriority, referenced from method com.google.android.apps.plus.service.AndroidNotification.createRichNotification
07-08 23:16:58.152  9912  9935 W dalvikvm: VFY: unable to resolve virtual method 162: Landroid/app/Notification$Builder;.setPriority (I)Landroid/app/Notification$Builder;
07-08 23:16:58.156  9912  9935 D dalvikvm: VFY: replacing opcode 0x6e at 0x00d5
07-08 23:16:58.175  9912  9935 D dalvikvm: DexOpt: unable to opt direct call 0x00a8 at 0x1a in Lcom/google/android/apps/plus/service/AndroidNotification;.createDigestNotification
07-08 23:16:58.175  9912  9935 D dalvikvm: DexOpt: unable to opt direct call 0x0091 at 0xf1 in Lcom/google/android/apps/plus/service/AndroidNotification;.createRichNotification
07-08 23:16:58.179  9912  9935 D dalvikvm: DexOpt: unable to opt direct call 0x0095 at 0x397 in Lcom/google/android/apps/plus/service/AndroidNotification;.createRichNotification
07-08 23:17:05.937  9912  9915 D dalvikvm: GC_CONCURRENT freed 1133K, 9% free 13036K/14279K, paused 38ms+3ms
07-08 23:17:07.832   143   200 D DhcpInfoInternal: makeLinkProperties with empty dns2!
07-08 23:17:07.836   143   200 D DhcpInfoInternal: makeLinkProperties with empty dns2!
07-08 23:17:09.082  9912  9915 D dalvikvm: GC_CONCURRENT freed 1117K, 9% free 13161K/14407K, paused 4ms+2ms
07-08 23:17:12.492  9912  9915 D dalvikvm: GC_CONCURRENT freed 1213K, 10% free 13252K/14599K, paused 3ms+2ms
07-08 23:17:13.570  7233  7236 D dalvikvm: GC_CONCURRENT freed 417K, 6% free 9827K/10375K, paused 27ms+3ms
07-08 23:17:14.406   143 11000 D dalvikvm: GC_EXPLICIT freed 917K, 18% free 17379K/21127K, paused 3ms+8ms
07-08 23:17:14.640  9912  9935 D dalvikvm: GC_FOR_ALLOC freed 737K, 7% free 13618K/14599K, paused 54ms
07-08 23:17:14.687  9912  9935 D dalvikvm: GC_FOR_ALLOC freed 362K, 10% free 13597K/14983K, paused 41ms
07-08 23:17:14.687  9912  9935 I dalvikvm-heap: Grow heap (frag case) to 13.679MB for 348863-byte allocation
07-08 23:17:14.746  9912  9935 D dalvikvm: GC_FOR_ALLOC freed 0K, 10% free 13937K/15367K, paused 59ms
07-08 23:17:16.043  9660  9662 D dalvikvm: GC_CONCURRENT freed 276K, 6% free 9991K/10567K, paused 2ms+3ms
07-08 23:17:16.328  9912  9915 D dalvikvm: GC_CONCURRENT freed 1046K, 8% free 14445K/15623K, paused 2ms+3ms
07-08 23:17:18.754  9912  9915 D dalvikvm: GC_CONCURRENT freed 1697K, 12% free 14433K/16263K, paused 2ms+2ms
07-08 23:17:19.957  9660  9662 D dalvikvm: GC_CONCURRENT freed 427K, 6% free 10010K/10567K, paused 2ms+2ms
07-08 23:17:22.562  9912  9935 I SqliteDatabaseCpp: sqlite returned: error code = 1, msg = no such column: last_stats_sync_time, db=/data/data/com.google.android.apps.plus/databases/es0.db
07-08 23:17:22.644  9912  9935 E EsSyncAdapterService: Sync failure
07-08 23:17:22.644  9912  9935 E EsSyncAdapterService: android.database.sqlite.SQLiteException: no such column: last_stats_sync_time: , while compiling: SELECT last_stats_sync_time  FROM account_status
07-08 23:17:22.644  9912  9935 E EsSyncAdapterService: 	at android.database.sqlite.SQLiteCompiledSql.native_compile(Native Method)
07-08 23:17:22.644  9912  9935 E EsSyncAdapterService: 	at android.database.sqlite.SQLiteCompiledSql.<init>(SQLiteCompiledSql.java:68)
07-08 23:17:22.644  9912  9935 E EsSyncAdapterService: 	at android.database.sqlite.SQLiteProgram.compileSql(SQLiteProgram.java:143)
07-08 23:17:22.644  9912  9935 E EsSyncAdapterService: 	at android.database.sqlite.SQLiteProgram.compileAndbindAllArgs(SQLiteProgram.java:361)
07-08 23:17:22.644  9912  9935 E EsSyncAdapterService: 	at android.database.sqlite.SQLiteStatement.acquireAndLock(SQLiteStatement.java:260)
07-08 23:17:22.644  9912  9935 E EsSyncAdapterService: 	at android.database.sqlite.SQLiteStatement.simpleQueryForLong(SQLiteStatement.java:137)
07-08 23:17:22.644  9912  9935 E EsSyncAdapterService: 	at android.database.DatabaseUtils.longForQuery(DatabaseUtils.java:791)
07-08 23:17:22.644  9912  9935 E EsSyncAdapterService: 	at android.database.DatabaseUtils.longForQuery(DatabaseUtils.java:779)
07-08 23:17:22.644  9912  9935 E EsSyncAdapterService: 	at com.google.android.apps.plus.content.EsAccountsData.queryLastStatsSyncTimestamp(EsAccountsData.java:570)
07-08 23:17:22.644  9912  9935 E EsSyncAdapterService: 	at com.google.android.apps.plus.service.EsSyncAdapterService.syncContactsStatsIfNecessary(EsSyncAdapterService.java:670)
07-08 23:17:22.644  9912  9935 E EsSyncAdapterService: 	at com.google.android.apps.plus.service.EsSyncAdapterService.doFullSync(EsSyncAdapterService.java:633)
07-08 23:17:22.644  9912  9935 E EsSyncAdapterService: 	at com.google.android.apps.plus.service.EsSyncAdapterService.doSync(EsSyncAdapterService.java:566)
07-08 23:17:22.644  9912  9935 E EsSyncAdapterService: 	at com.google.android.apps.plus.service.EsSyncAdapterService.access$100(EsSyncAdapterService.java:52)
07-08 23:17:22.644  9912  9935 E EsSyncAdapterService: 	at com.google.android.apps.plus.service.EsSyncAdapterService$SyncAdapterImpl.onPerformSync(EsSyncAdapterService.java:408)
07-08 23:17:22.644  9912  9935 E EsSyncAdapterService: 	at android.content.AbstractThreadedSyncAdapter$SyncThread.run(AbstractThreadedSyncAdapter.java:247)
07-08 23:17:22.683   143   169 D SyncManager: failed sync operation lokeshmandvekar@gmail.com (com.google), com.google.android.apps.plus.content.EsProvider, SERVER, earliestRunTime 104404051, SyncResult: stats [ numParseExceptions: 1]
07-08 23:17:22.683   143   169 D SyncManager: not retrying sync operation because the error is a hard error: lokeshmandvekar@gmail.com (com.google), com.google.android.apps.plus.content.EsProvider, SERVER, earliestRunTime 104435340
07-08 23:17:26.902  9343  9346 D dalvikvm: GC_CONCURRENT freed 502K, 6% free 10543K/11143K, paused 2ms+8ms
07-08 23:17:27.043   659   661 D dalvikvm: GC_CONCURRENT freed 517K, 9% free 10340K/11271K, paused 5ms+8ms
07-08 23:17:27.578  9912  9915 D dalvikvm: GC_CONCURRENT freed 2866K, 19% free 13263K/16263K, paused 2ms+3ms
07-08 23:17:27.797  9912  9961 D dalvikvm: GC_EXPLICIT freed 196K, 19% free 13212K/16263K, paused 6ms+3ms
07-08 23:17:28.004  7233  7236 D dalvikvm: GC_CONCURRENT freed 446K, 6% free 9804K/10375K, paused 7ms+3ms
07-08 23:17:28.168  7233  7397 D dalvikvm: GC_EXPLICIT freed 155K, 7% free 9696K/10375K, paused 2ms+3ms
07-08 23:17:29.445  9660  9662 D dalvikvm: GC_CONCURRENT freed 440K, 6% free 10012K/10567K, paused 2ms+2ms
07-08 23:17:30.410  7233  7236 D dalvikvm: GC_CONCURRENT freed 274K, 6% free 9810K/10375K, paused 3ms+3ms
07-08 23:17:38.218  9027  9046 I PhoneLab-: Service Running
07-08 23:17:38.300  9027  9046 I PhoneLab-LoggerService: app_37    1296  1     1436   996   c00f181c 400107b4 S logcat
07-08 23:17:38.300  9027  9046 I PhoneLab-LoggerService: Logcat pid from database 1296
07-08 23:17:38.300  9027  9046 I PhoneLab-LoggerService: Logcat process found 1296
07-08 23:17:38.300  9027  9046 I PhoneLab-LoggerService: Checking Threshold
07-08 23:17:51.742 22025 22025 D dalvikvm: GC_EXPLICIT freed 181K, 7% free 10725K/11463K, paused 12ms+4ms
07-08 23:17:52.863  9660  9662 D dalvikvm: GC_CONCURRENT freed 507K, 6% free 9951K/10567K, paused 12ms+14ms
07-08 23:18:27.031   143   308 D dalvikvm: GC_EXPLICIT freed 444K, 18% free 17334K/21127K, paused 3ms+7ms
07-08 23:18:27.113   659   661 D dalvikvm: GC_CONCURRENT freed 448K, 9% free 10316K/11271K, paused 1ms+2ms
07-08 23:18:48.746  8793  8800 I dalvikvm: Jit: resizing JitTable from 4096 to 8192
07-08 23:18:52.207  8793  8795 D dalvikvm: GC_CONCURRENT freed 7708K, 43% free 12766K/22215K, paused 25ms+5ms
07-08 23:19:27.000  9343  9346 D dalvikvm: GC_CONCURRENT freed 511K, 6% free 10543K/11143K, paused 2ms+3ms
07-08 23:19:32.722   143   200 D DhcpInfoInternal: makeLinkProperties with empty dns2!
07-08 23:19:32.722   143   200 D DhcpInfoInternal: makeLinkProperties with empty dns2!
07-08 23:19:38.199  9027  9046 I PhoneLab-: Service Running
07-08 23:19:38.273  9027  9046 I PhoneLab-LoggerService: app_37    1296  1     1436   996   c00f181c 400107b4 S logcat
07-08 23:19:38.273  9027  9046 I PhoneLab-LoggerService: Logcat pid from database 1296
07-08 23:19:38.273  9027  9046 I PhoneLab-LoggerService: Logcat process found 1296
07-08 23:19:38.273  9027  9046 I PhoneLab-LoggerService: Checking Threshold
07-08 23:20:27.113   659   661 D dalvikvm: GC_CONCURRENT freed 494K, 9% free 10333K/11271K, paused 2ms+3ms
07-08 23:21:27.097  9343  9346 D dalvikvm: GC_CONCURRENT freed 509K, 6% free 10546K/11143K, paused 2ms+4ms
07-08 23:21:27.222   659   661 D dalvikvm: GC_CONCURRENT freed 420K, 9% free 10313K/11271K, paused 3ms+4ms
07-08 23:21:38.195  9027  9046 I PhoneLab-: Service Running
07-08 23:21:38.297  9027  9046 I PhoneLab-LoggerService: app_37    1296  1     1436   996   c00f181c 400107b4 S logcat
07-08 23:21:38.300  9027  9046 I PhoneLab-LoggerService: Logcat pid from database 1296
07-08 23:21:38.300  9027  9046 I PhoneLab-LoggerService: Logcat process found 1296
07-08 23:21:38.300  9027  9046 I PhoneLab-LoggerService: Checking Threshold
07-08 23:21:57.617   143   200 D DhcpInfoInternal: makeLinkProperties with empty dns2!
07-08 23:21:57.617   143   200 D DhcpInfoInternal: makeLinkProperties with empty dns2!
07-08 23:23:27.175  9343  9346 D dalvikvm: GC_CONCURRENT freed 512K, 6% free 10545K/11143K, paused 1ms+3ms
07-08 23:23:27.281   659   661 D dalvikvm: GC_CONCURRENT freed 486K, 9% free 10331K/11271K, paused 2ms+3ms
07-08 23:23:38.199  9027  9046 I PhoneLab-: Service Running
07-08 23:23:38.269  9027  9046 I PhoneLab-LoggerService: app_37    1296  1     1436   996   c00f181c 400107b4 S logcat
07-08 23:23:38.269  9027  9046 I PhoneLab-LoggerService: Logcat pid from database 1296
07-08 23:23:38.269  9027  9046 I PhoneLab-LoggerService: Logcat process found 1296
07-08 23:23:38.269  9027  9046 I PhoneLab-LoggerService: Checking Threshold
07-08 23:23:54.773  8793  8795 D dalvikvm: GC_CONCURRENT freed 1191K, 43% free 12736K/22215K, paused 24ms+5ms
07-08 23:24:22.289   143   200 D DhcpInfoInternal: makeLinkProperties with empty dns2!
07-08 23:24:22.289   143   200 D DhcpInfoInternal: makeLinkProperties with empty dns2!
07-08 23:24:27.281   659   661 D dalvikvm: GC_CONCURRENT freed 456K, 9% free 10317K/11271K, paused 1ms+2ms
07-08 23:25:27.300  9343  9346 D dalvikvm: GC_CONCURRENT freed 510K, 6% free 10547K/11143K, paused 1ms+2ms
07-08 23:25:27.543   659   661 D dalvikvm: GC_CONCURRENT freed 350K, 8% free 10377K/11271K, paused 2ms+3ms
07-08 23:25:28.519   659   661 D dalvikvm: GC_CONCURRENT freed 223K, 7% free 10563K/11271K, paused 5ms+6ms
07-08 23:25:38.199  9027  9046 I PhoneLab-: Service Running
07-08 23:25:38.281  9027  9046 I PhoneLab-LoggerService: app_37    1296  1     1436   996   c00f181c 400107b4 S logcat
07-08 23:25:38.281  9027  9046 I PhoneLab-LoggerService: Logcat pid from database 1296
07-08 23:25:38.281  9027  9046 I PhoneLab-LoggerService: Logcat process found 1296
07-08 23:25:38.281  9027  9046 I PhoneLab-LoggerService: Checking Threshold
07-08 23:26:27.398  9343  9346 D dalvikvm: GC_CONCURRENT freed 441K, 6% free 10563K/11143K, paused 2ms+2ms
07-08 23:26:27.464   659   661 D dalvikvm: GC_CONCURRENT freed 679K, 9% free 10360K/11271K, paused 2ms+3ms
07-08 23:26:47.191   143   200 D DhcpInfoInternal: makeLinkProperties with empty dns2!
07-08 23:26:47.203   143   200 D DhcpInfoInternal: makeLinkProperties with empty dns2!
07-08 23:27:35.312   221   223 D dalvikvm: GC_CONCURRENT freed 378K, 32% free 9737K/14215K, paused 47ms+8ms
07-08 23:27:35.664   221   223 D dalvikvm: GC_CONCURRENT freed 210K, 30% free 9979K/14215K, paused 4ms+2ms
07-08 23:27:38.195  9027  9046 I PhoneLab-: Service Running
07-08 23:27:38.320  9027  9046 I PhoneLab-LoggerService: app_37    1296  1     1436   996   c00f181c 400107b4 S logcat
07-08 23:27:38.320  9027  9046 I PhoneLab-LoggerService: Logcat pid from database 1296
07-08 23:27:38.320  9027  9046 I PhoneLab-LoggerService: Logcat process found 1296
07-08 23:27:38.320  9027  9046 I PhoneLab-LoggerService: Checking Threshold
07-08 23:27:38.328  9027  9029 D dalvikvm: GC_CONCURRENT freed 462K, 6% free 9118K/9671K, paused 8ms+1ms
07-08 23:27:38.562   221   223 D dalvikvm: GC_CONCURRENT freed 388K, 30% free 10014K/14215K, paused 31ms+8ms
07-08 23:27:38.617 22025  9118 D dalvikvm: GC_FOR_ALLOC freed 275K, 6% free 10811K/11463K, paused 51ms
07-08 23:28:27.570  9343  9346 D dalvikvm: GC_CONCURRENT freed 512K, 6% free 10563K/11207K, paused 2ms+4ms
07-08 23:28:27.625   659   661 D dalvikvm: GC_CONCURRENT freed 537K, 9% free 10334K/11271K, paused 4ms+2ms
07-08 23:28:56.515  8793 10092 I DatabaseHelper: Begin cleanup.
07-08 23:28:56.539  8793 10092 I DatabaseHelper: Cleaned up: 0
07-08 23:29:12.086   143   200 D DhcpInfoInternal: makeLinkProperties with empty dns2!
07-08 23:29:12.097   143   200 D DhcpInfoInternal: makeLinkProperties with empty dns2!
07-08 23:29:14.707   143  2263 D dalvikvm: GC_EXPLICIT freed 1322K, 18% free 17488K/21127K, paused 3ms+9ms
07-08 23:29:14.714 22025 22846 I EventLogService: Aggregate from 1341802754506 (log), 1341802754506 (data)
07-08 23:29:38.195  9027  9046 I PhoneLab-: Service Running
07-08 23:29:38.289  9027  9046 I PhoneLab-LoggerService: app_37    1296  1     1436   996   c00f181c 400107b4 S logcat
07-08 23:29:38.289  9027  9046 I PhoneLab-LoggerService: Logcat pid from database 1296
07-08 23:29:38.289  9027  9046 I PhoneLab-LoggerService: Logcat process found 1296
07-08 23:29:38.289  9027  9046 I PhoneLab-LoggerService: Checking Threshold
07-08 23:30:05.777 27377 27379 D dalvikvm: GC_CONCURRENT freed 833K, 16% free 11896K/14023K, paused 13ms+8ms
07-08 23:30:09.277   143   177 I power   : *** set_screen_state 1
07-08 23:30:09.418   143   177 I WindowManager: Lock screen displayed!
07-08 23:30:09.586    78   121 D SurfaceFlinger: Screen about to return, flinger = 0x1ddb918
07-08 23:30:10.445   221   221 D PhoneStatusBar: disable: < expand icons alerts ticker system_info BACK HOME recent* CLOCK >
07-08 23:30:10.476   143  2263 W InputManagerService: Window already focused, ignoring focus gain of: com.android.internal.view.IInputMethodClient$Stub$Proxy@4166e6e0
07-08 23:30:10.480   221   221 D PhoneStatusBar: disable: < expand icons alerts ticker system_info back* home* recent clock* >
07-08 23:30:11.132  7233  7236 D dalvikvm: GC_CONCURRENT freed 418K, 6% free 9827K/10375K, paused 9ms+47ms
07-08 23:30:27.734  9343  9346 D dalvikvm: GC_CONCURRENT freed 513K, 6% free 10564K/11207K, paused 1ms+12ms
07-08 23:30:27.757   659   661 D dalvikvm: GC_CONCURRENT freed 541K, 9% free 10305K/11271K, paused 2ms+3ms
07-08 23:30:27.996 22025 22026 D dalvikvm: GC_CONCURRENT freed 516K, 7% free 10815K/11527K, paused 11ms+4ms
07-08 23:31:27.761   659   661 D dalvikvm: GC_CONCURRENT freed 434K, 9% free 10321K/11271K, paused 1ms+3ms
07-08 23:31:36.976   143   200 D DhcpInfoInternal: makeLinkProperties with empty dns2!
07-08 23:31:36.984   143   200 D DhcpInfoInternal: makeLinkProperties with empty dns2!
07-08 23:31:38.195  9027  9046 I PhoneLab-: Service Running
07-08 23:31:38.269  9027  9046 I PhoneLab-LoggerService: app_37    1296  1     1436   996   c00f181c 400107b4 S logcat
07-08 23:31:38.269  9027  9046 I PhoneLab-LoggerService: Logcat pid from database 1296
07-08 23:31:38.269  9027  9046 I PhoneLab-LoggerService: Logcat process found 1296
07-08 23:31:38.269  9027  9046 I PhoneLab-LoggerService: Checking Threshold
07-08 23:31:47.433  9912 10141 I SqliteDatabaseCpp: sqlite returned: error code = 1, msg = no such column: wipeout_stats, db=/data/data/com.google.android.apps.plus/databases/es0.db
07-08 23:31:47.437  9912 10141 W System.err: android.database.sqlite.SQLiteException: no such column: wipeout_stats: , while compiling: SELECT wipeout_stats  FROM account_status
07-08 23:31:47.511  9912 10141 W System.err: 	at android.database.sqlite.SQLiteCompiledSql.native_compile(Native Method)
07-08 23:31:47.511  9912 10141 W System.err: 	at android.database.sqlite.SQLiteCompiledSql.<init>(SQLiteCompiledSql.java:68)
07-08 23:31:47.511  9912 10141 W System.err: 	at android.database.sqlite.SQLiteProgram.compileSql(SQLiteProgram.java:143)
07-08 23:31:47.519  9912 10141 W System.err: 	at android.database.sqlite.SQLiteProgram.compileAndbindAllArgs(SQLiteProgram.java:361)
07-08 23:31:47.519  9912 10141 W System.err: 	at android.database.sqlite.SQLiteStatement.acquireAndLock(SQLiteStatement.java:260)
07-08 23:31:47.523  9912 10141 W System.err: 	at android.database.sqlite.SQLiteStatement.simpleQueryForLong(SQLiteStatement.java:137)
07-08 23:31:47.527  9912 10141 W System.err: 	at android.database.DatabaseUtils.longForQuery(DatabaseUtils.java:791)
07-08 23:31:47.531  9912 10141 W System.err: 	at android.database.DatabaseUtils.longForQuery(DatabaseUtils.java:779)
07-08 23:31:47.535  9912 10141 W System.err: 	at com.google.android.apps.plus.content.EsAccountsData.isContactsStatsWipeoutNeeded(EsAccountsData.java:641)
07-08 23:31:47.539  9912 10141 W System.err: 	at com.google.android.apps.plus.service.EsService.processIntent(EsService.java:4246)
07-08 23:31:47.543  9912 10141 W System.err: 	at com.google.android.apps.plus.service.ServiceThread$1.run(ServiceThread.java:50)
07-08 23:31:47.547  9912 10141 W System.err: 	at android.os.Handler.handleCallback(Handler.java:605)
07-08 23:31:47.554  9912 10141 W System.err: 	at android.os.Handler.dispatchMessage(Handler.java:92)
07-08 23:31:47.586  9912 10141 W System.err: 	at android.os.Looper.loop(Looper.java:137)
07-08 23:31:47.586  9912 10141 W System.err: 	at com.google.android.apps.plus.service.ServiceThread.run(ServiceThread.java:122)
07-08 23:31:48.000   221   223 D dalvikvm: GC_CONCURRENT freed 476K, 30% free 9996K/14215K, paused 2ms+3ms
07-08 23:31:48.402   143 26971 W InputManagerService: Window already focused, ignoring focus gain of: com.android.internal.view.IInputMethodClient$Stub$Proxy@41d57020
07-08 23:31:48.535   221   223 D dalvikvm: GC_CONCURRENT freed 594K, 31% free 9904K/14215K, paused 1ms+2ms
07-08 23:31:48.656   221   223 D dalvikvm: GC_CONCURRENT freed 524K, 31% free 9820K/14215K, paused 2ms+3ms
07-08 23:31:50.101  9912  9915 D dalvikvm: GC_CONCURRENT freed 1144K, 18% free 13374K/16263K, paused 8ms+4ms
07-08 23:31:54.984  9912  9915 D dalvikvm: GC_CONCURRENT freed 1369K, 18% free 13343K/16263K, paused 2ms+3ms
07-08 23:31:57.652  9912  9919 I dalvikvm: Jit: resizing JitTable from 4096 to 8192
07-08 23:32:02.113  9912  9915 D dalvikvm: GC_CONCURRENT freed 620K, 14% free 14040K/16263K, paused 8ms+3ms
07-08 23:32:02.820  9912  9915 D dalvikvm: GC_CONCURRENT freed 1167K, 12% free 14452K/16263K, paused 2ms+3ms
07-08 23:32:05.062  9912  9915 D dalvikvm: GC_CONCURRENT freed 1723K, 12% free 14470K/16327K, paused 7ms+4ms
07-08 23:32:07.328  9912  9915 D dalvikvm: GC_CONCURRENT freed 2347K, 16% free 13855K/16327K, paused 3ms+4ms
07-08 23:32:10.000  9912 10143 I SqliteDatabaseCpp: sqlite returned: error code = 1, msg = no such column: last_stats_sync_time, db=/data/data/com.google.android.apps.plus/databases/es0.db
07-08 23:32:10.015  9912 10143 E EsSyncAdapterService: Sync failure
07-08 23:32:10.015  9912 10143 E EsSyncAdapterService: android.database.sqlite.SQLiteException: no such column: last_stats_sync_time: , while compiling: SELECT last_stats_sync_time  FROM account_status
07-08 23:32:10.015  9912 10143 E EsSyncAdapterService: 	at android.database.sqlite.SQLiteCompiledSql.native_compile(Native Method)
07-08 23:32:10.015  9912 10143 E EsSyncAdapterService: 	at android.database.sqlite.SQLiteCompiledSql.<init>(SQLiteCompiledSql.java:68)
07-08 23:32:10.015  9912 10143 E EsSyncAdapterService: 	at android.database.sqlite.SQLiteProgram.compileSql(SQLiteProgram.java:143)
07-08 23:32:10.015  9912 10143 E EsSyncAdapterService: 	at android.database.sqlite.SQLiteProgram.compileAndbindAllArgs(SQLiteProgram.java:361)
07-08 23:32:10.015  9912 10143 E EsSyncAdapterService: 	at android.database.sqlite.SQLiteStatement.acquireAndLock(SQLiteStatement.java:260)
07-08 23:32:10.015  9912 10143 E EsSyncAdapterService: 	at android.database.sqlite.SQLiteStatement.simpleQueryForLong(SQLiteStatement.java:137)
07-08 23:32:10.015  9912 10143 E EsSyncAdapterService: 	at android.database.DatabaseUtils.longForQuery(DatabaseUtils.java:791)
07-08 23:32:10.015  9912 10143 E EsSyncAdapterService: 	at android.database.DatabaseUtils.longForQuery(DatabaseUtils.java:779)
07-08 23:32:10.015  9912 10143 E EsSyncAdapterService: 	at com.google.android.apps.plus.content.EsAccountsData.queryLastStatsSyncTimestamp(EsAccountsData.java:570)
07-08 23:32:10.015  9912 10143 E EsSyncAdapterService: 	at com.google.android.apps.plus.service.EsSyncAdapterService.syncContactsStatsIfNecessary(EsSyncAdapterService.java:670)
07-08 23:32:10.015  9912 10143 E EsSyncAdapterService: 	at com.google.android.apps.plus.service.EsSyncAdapterService.doFullSync(EsSyncAdapterService.java:633)
07-08 23:32:10.015  9912 10143 E EsSyncAdapterService: 	at com.google.android.apps.plus.service.EsSyncAdapterService.doSync(EsSyncAdapterService.java:566)
07-08 23:32:10.015  9912 10143 E EsSyncAdapterService: 	at com.google.android.apps.plus.service.EsSyncAdapterService.access$100(EsSyncAdapterService.java:52)
07-08 23:32:10.015  9912 10143 E EsSyncAdapterService: 	at com.google.android.apps.plus.service.EsSyncAdapterService$SyncAdapterImpl.onPerformSync(EsSyncAdapterService.java:408)
07-08 23:32:10.015  9912 10143 E EsSyncAdapterService: 	at android.content.AbstractThreadedSyncAdapter$SyncThread.run(AbstractThreadedSyncAdapter.java:247)
07-08 23:32:10.047   143   169 D SyncManager: failed sync operation lokeshmandvekar@gmail.com (com.google), com.google.android.apps.plus.content.EsProvider, SERVER, earliestRunTime 105300088, SyncResult: stats [ numParseExceptions: 1]
07-08 23:32:10.050   143   169 D SyncManager: not retrying sync operation because the error is a hard error: lokeshmandvekar@gmail.com (com.google), com.google.android.apps.plus.content.EsProvider, SERVER, earliestRunTime 105322708
07-08 23:32:14.453  9912  9915 D dalvikvm: GC_CONCURRENT freed 1981K, 19% free 13357K/16327K, paused 3ms+3ms
07-08 23:32:15.242  7233  9965 D dalvikvm: GC_EXPLICIT freed 451K, 6% free 9786K/10375K, paused 2ms+4ms
07-08 23:32:15.773  9912  9961 D dalvikvm: GC_EXPLICIT freed 974K, 19% free 13297K/16327K, paused 3ms+4ms
07-08 23:32:15.929   143   155 D dalvikvm: GC_EXPLICIT freed 1589K, 18% free 17347K/21127K, paused 3ms+14ms
07-08 23:32:16.738  9660  9662 D dalvikvm: GC_CONCURRENT freed 315K, 6% free 10020K/10567K, paused 3ms+3ms
07-08 23:32:17.722  7233  7236 D dalvikvm: GC_CONCURRENT freed 361K, 6% free 9814K/10375K, paused 9ms+4ms
07-08 23:32:27.746  9343  9346 D dalvikvm: GC_CONCURRENT freed 513K, 6% free 10565K/11207K, paused 2ms+19ms
07-08 23:32:48.687  9660  9662 D dalvikvm: GC_CONCURRENT freed 415K, 6% free 10017K/10567K, paused 3ms+3ms
07-08 23:33:27.863   659   661 D dalvikvm: GC_CONCURRENT freed 489K, 9% free 10339K/11271K, paused 2ms+9ms
07-08 23:33:38.207  9027  9046 I PhoneLab-: Service Running
07-08 23:33:38.312  9027  9046 I PhoneLab-LoggerService: app_37    1296  1     1436   996   c00f181c 400107b4 S logcat
07-08 23:33:38.312  9027  9046 I PhoneLab-LoggerService: Logcat pid from database 1296
07-08 23:33:38.312  9027  9046 I PhoneLab-LoggerService: Logcat process found 1296
07-08 23:33:38.312  9027  9046 I PhoneLab-LoggerService: Checking Threshold
07-08 23:33:59.113  8793  8795 D dalvikvm: GC_CONCURRENT freed 1017K, 43% free 12852K/22215K, paused 20ms+5ms
07-08 23:34:01.863   143   200 D DhcpInfoInternal: makeLinkProperties with empty dns2!
07-08 23:34:01.890   143   200 D DhcpInfoInternal: makeLinkProperties with empty dns2!
07-08 23:34:25.918   221   223 D dalvikvm: GC_CONCURRENT freed 186K, 29% free 10162K/14215K, paused 1ms+4ms
07-08 23:34:26.160   221   223 D dalvikvm: GC_CONCURRENT freed 625K, 30% free 10009K/14215K, paused 4ms+2ms
07-08 23:34:26.504   143   154 I ActivityManager: No longer want com.google.android.apps.maps:NetworkLocationService (pid 9343): hidden #16
07-08 23:34:26.519   143   387 W ActivityManager: Scheduling restart of crashed service com.google.android.apps.maps/com.google.android.location.internal.server.NetworkLocationService in 5000ms
07-08 23:34:27.468 22025 22026 D dalvikvm: GC_CONCURRENT freed 484K, 7% free 10805K/11527K, paused 2ms+4ms
07-08 23:34:31.578   143   160 I ActivityManager: Start proc com.google.android.apps.maps:NetworkLocationService for service com.google.android.apps.maps/com.google.android.location.internal.server.NetworkLocationService: pid=10181 uid=10056 gids={3003, 1015}
07-08 23:34:31.910 10181 10183 D dalvikvm: GC_CONCURRENT freed 156K, 3% free 9380K/9607K, paused 6ms+2ms
07-08 23:34:32.500 10181 10183 D dalvikvm: GC_CONCURRENT freed 173K, 4% free 9690K/9991K, paused 2ms+2ms
07-08 23:34:32.972 10181 10183 D dalvikvm: GC_CONCURRENT freed 156K, 3% free 10082K/10311K, paused 4ms+4ms
07-08 23:34:33.168 10181 10183 D dalvikvm: GC_CONCURRENT freed 662K, 8% free 9886K/10631K, paused 2ms+2ms
07-08 23:34:33.492 10181 10188 I dalvikvm: Total arena pages for JIT: 11
07-08 23:34:33.496 10181 10188 I dalvikvm: Total arena pages for JIT: 12
07-08 23:34:33.500 10181 10188 I dalvikvm: Total arena pages for JIT: 13
07-08 23:34:33.500 10181 10188 I dalvikvm: Total arena pages for JIT: 14
07-08 23:34:33.500 10181 10188 I dalvikvm: Total arena pages for JIT: 15
07-08 23:34:33.504 10181 10188 I dalvikvm: Total arena pages for JIT: 16
07-08 23:34:33.504 10181 10188 I dalvikvm: Total arena pages for JIT: 17
07-08 23:34:33.593 10181 10188 I dalvikvm: Total arena pages for JIT: 18
07-08 23:34:33.730 10181 10183 D dalvikvm: GC_CONCURRENT freed 205K, 5% free 10165K/10631K, paused 2ms+2ms
07-08 23:34:34.039 10181 10183 D dalvikvm: GC_CONCURRENT freed 293K, 4% free 10329K/10695K, paused 2ms+3ms
07-08 23:34:34.398 10181 10183 D dalvikvm: GC_CONCURRENT freed 471K, 6% free 10329K/10887K, paused 2ms+2ms
07-08 23:34:35.449   143   403 D dalvikvm: GC_EXPLICIT freed 1450K, 22% free 16678K/21127K, paused 3ms+8ms
07-08 23:34:35.515 22025  6120 D dalvikvm: GC_EXPLICIT freed 96K, 7% free 10766K/11527K, paused 2ms+4ms
07-08 23:34:35.566   659  3173 D dalvikvm: GC_EXPLICIT freed 309K, 9% free 10276K/11271K, paused 2ms+5ms
07-08 23:34:35.832   659   661 D dalvikvm: GC_CONCURRENT freed 292K, 8% free 10370K/11271K, paused 2ms+3ms
07-08 23:34:36.117   659   661 D dalvikvm: GC_CONCURRENT freed 225K, 7% free 10560K/11271K, paused 2ms+5ms
07-08 23:34:45.875   221   223 D dalvikvm: GC_CONCURRENT freed 406K, 30% free 10023K/14215K, paused 2ms+10ms
07-08 23:35:35.894 10181 10183 D dalvikvm: GC_CONCURRENT freed 503K, 6% free 10366K/10951K, paused 1ms+8ms
07-08 23:35:36.031   659   661 D dalvikvm: GC_CONCURRENT freed 683K, 9% free 10344K/11271K, paused 2ms+3ms
07-08 23:35:38.203  9027  9046 I PhoneLab-: Service Running
07-08 23:35:38.257  9027  9046 I PhoneLab-LoggerService: app_37    1296  1     1436   996   c00f181c 400107b4 S logcat
07-08 23:35:38.257  9027  9046 I PhoneLab-LoggerService: Logcat pid from database 1296
07-08 23:35:38.257  9027  9046 I PhoneLab-LoggerService: Logcat process found 1296
07-08 23:35:38.261  9027  9046 I PhoneLab-LoggerService: Checking Threshold
07-08 23:36:26.765   143   200 D DhcpInfoInternal: makeLinkProperties with empty dns2!
07-08 23:36:26.793   143   200 D DhcpInfoInternal: makeLinkProperties with empty dns2!
07-08 23:36:31.894 22025 22026 D dalvikvm: GC_CONCURRENT freed 427K, 7% free 10799K/11527K, paused 36ms+3ms
07-08 23:37:25.632  9027  9027 I PhoneLab-Locks: wake lock acquired
07-08 23:37:25.656  9027 10230 I PhoneLab-PeriodicCheckService: User info is synched
07-08 23:37:25.656  9027 10230 I PhoneLab-PeriodicCheckService: Logger Service is running
07-08 23:37:25.660  9027  9027 I PhoneLab-Locks: wake lock acquired
07-08 23:37:25.664  9027  9027 I PhoneLab-StatusMonitor: Status Monitoring is started
07-08 23:37:25.668  9027 10230 I PhoneLab-Locks: wake lock acquired
07-08 23:37:25.672  9027 10230 I PhoneLab-PeriodicCheckService: Rescheduling periodic checking...
07-08 23:37:25.672  9027 10230 I PhoneLab-Locks: wake lock released
07-08 23:37:25.691  9027  9027 E PhoneLab-PhoneLabManifest: java.io.FileNotFoundException: /data/data/edu.buffalo.cse.phonelab.phonelabservices/files/manifest.xml: open failed: ENOENT (No such file or directory)
07-08 23:37:25.707  9027  9027 I PhoneLab-Locks: wake lock released
07-08 23:37:25.707  9027  9027 I PhoneLab-UploadLogs: Transfering log files now
07-08 23:37:25.707  9027  9027 I PhoneLab-UploadLogs: No log files to transfer
07-08 23:37:25.707  9027  9027 I PhoneLab-Locks: wake lock released
07-08 23:37:25.707  9027  9027 I PhoneLab-UploadLogs: OnStartCommand
07-08 23:37:30.226  7233  7236 D dalvikvm: GC_CONCURRENT freed 437K, 6% free 9806K/10375K, paused 2ms+4ms
07-08 23:37:35.933 10181 10183 D dalvikvm: GC_CONCURRENT freed 502K, 6% free 10368K/10951K, paused 3ms+3ms
07-08 23:37:36.043   659   661 D dalvikvm: GC_CONCURRENT freed 530K, 9% free 10325K/11271K, paused 2ms+3ms
07-08 23:37:38.195  9027  9046 I PhoneLab-: Service Running
07-08 23:37:38.328  9027  9046 I PhoneLab-LoggerService: app_37    1296  1     1436   996   c00f181c 400107b4 S logcat
07-08 23:37:38.332  9027  9046 I PhoneLab-LoggerService: Logcat pid from database 1296
07-08 23:37:38.332  9027  9046 I PhoneLab-LoggerService: Logcat process found 1296
07-08 23:37:38.332  9027  9046 I PhoneLab-LoggerService: Checking Threshold
07-08 23:38:36.047   659   661 D dalvikvm: GC_CONCURRENT freed 400K, 9% free 10315K/11271K, paused 6ms+2ms
