07-09 15:16:23.855  4356  4400 D PicasaSyncManager: active network: NetworkInfo: type: WIFI[], state: CONNECTED/CONNECTED, reason: (unspecified), extra: (none), roaming: false, failover: false, isAvailable: true
07-09 15:16:23.855  4356  4400 D PicasaSyncManager: background data: true
07-09 15:16:23.922   144   380 E JavaBinder: !!! FAILED BINDER TRANSACTION !!!
07-09 15:16:23.945   144   155 W ActivityManager: Scheduling restart of crashed service com.google.android.apps.maps/com.google.googlenav.friend.reporting.LocationReceiverService in 5000ms
07-09 15:16:23.957  4356  4358 D dalvikvm: GC_CONCURRENT freed 213K, 4% free 9844K/10247K, paused 4ms+3ms
07-09 15:16:24.019  4356  4400 D PicasaSyncManager: battery info: true
07-09 15:16:24.125  4356  4358 D dalvikvm: GC_CONCURRENT freed 129K, 3% free 10127K/10375K, paused 2ms+2ms
07-09 15:16:24.261   214   216 D dalvikvm: GC_CONCURRENT freed 279K, 31% free 9984K/14343K, paused 2ms+4ms
07-09 15:16:24.320  4356  4358 D dalvikvm: GC_CONCURRENT freed 258K, 4% free 10374K/10759K, paused 2ms+2ms
07-09 15:16:24.394  4356  4371 D dalvikvm: GC_FOR_ALLOC freed 158K, 4% free 10462K/10887K, paused 26ms
07-09 15:16:24.398  4356  4371 I dalvikvm-heap: Grow heap (frag case) to 10.534MB for 260112-byte allocation
07-09 15:16:24.441  4356  4371 D dalvikvm: GC_FOR_ALLOC freed 126K, 5% free 10590K/11143K, paused 32ms
07-09 15:16:24.484  4356  4371 D dalvikvm: GC_FOR_ALLOC freed 311K, 6% free 10583K/11143K, paused 25ms
07-09 15:16:24.519  4356  4371 D dalvikvm: GC_FOR_ALLOC freed 62K, 5% free 10647K/11143K, paused 27ms
07-09 15:16:24.523  4356  4371 I dalvikvm-heap: Grow heap (frag case) to 10.714MB for 260112-byte allocation
07-09 15:16:24.558  4356  4371 D dalvikvm: GC_FOR_ALLOC freed 126K, 6% free 10775K/11399K, paused 28ms
07-09 15:16:24.605  4356  4371 D dalvikvm: GC_FOR_ALLOC freed 307K, 6% free 10766K/11399K, paused 34ms
07-09 15:16:24.640  4356  4371 D dalvikvm: GC_FOR_ALLOC freed 62K, 5% free 10830K/11399K, paused 34ms
07-09 15:16:24.676  4356  4371 D dalvikvm: GC_FOR_ALLOC freed 126K, 4% free 10958K/11399K, paused 33ms
07-09 15:16:24.851  4356  4358 D dalvikvm: GC_CONCURRENT freed 339K, 4% free 11192K/11655K, paused 1ms+2ms
07-09 15:16:24.992  4356  4358 D dalvikvm: GC_CONCURRENT freed 139K, 3% free 11714K/11975K, paused 2ms+2ms
07-09 15:16:25.172  4356  4358 D dalvikvm: GC_CONCURRENT freed 547K, 6% free 12013K/12679K, paused 2ms+3ms
07-09 15:16:25.371  4356  4358 D dalvikvm: GC_CONCURRENT freed 210K, 3% free 12738K/13063K, paused 1ms+3ms
07-09 15:16:28.754   344   344 D SAN_SERVICE: *******************************************
07-09 15:16:28.754   344   344 D SAN_SERVICE: DM App Phone Service State - 0
07-09 15:16:28.754   344   344 D SAN_SERVICE: *******************************************
07-09 15:16:29.011   144   161 I ActivityManager: Start proc com.google.android.apps.maps:LocationFriendService for service com.google.android.apps.maps/com.google.googlenav.friend.reporting.LocationReceiverService: pid=4448 uid=10056 gids={3003, 1015}
07-09 15:16:29.121  4448  4451 D dalvikvm: GC_CONCURRENT freed 175K, 3% free 9361K/9607K, paused 2ms+2ms
07-09 15:16:29.402  4448  4451 D dalvikvm: GC_CONCURRENT freed 142K, 3% free 9677K/9927K, paused 14ms+3ms
07-09 15:16:29.832   307   769 D dalvikvm: GC_EXPLICIT freed 282K, 7% free 10336K/11015K, paused 3ms+3ms
07-09 15:16:29.926  4448  4451 D dalvikvm: GC_CONCURRENT freed 290K, 4% free 9849K/10247K, paused 2ms+2ms
07-09 15:16:29.992  4448  4455 I dalvikvm: Total arena pages for JIT: 11
07-09 15:16:29.992  4448  4455 I dalvikvm: Total arena pages for JIT: 12
07-09 15:16:29.992  4448  4455 I dalvikvm: Total arena pages for JIT: 13
07-09 15:16:29.996  4448  4455 I dalvikvm: Total arena pages for JIT: 14
07-09 15:16:29.996  4448  4455 I dalvikvm: Total arena pages for JIT: 15
07-09 15:16:29.996  4448  4455 I dalvikvm: Total arena pages for JIT: 16
07-09 15:16:29.996  4448  4455 I dalvikvm: Total arena pages for JIT: 17
07-09 15:16:30.101   144   376 I ActivityManager: No longer want com.android.keychain (pid 4309): hidden #16
07-09 15:16:30.125  4448  4451 D dalvikvm: GC_CONCURRENT freed 316K, 5% free 9948K/10375K, paused 2ms+2ms
07-09 15:16:36.066   144   403 I ActivityManager: Start proc com.google.android.gsf.login for service com.google.android.gsf.login/com.google.android.gsf.loginservice.GoogleLoginService: pid=4471 uid=10009 gids={3003, 1015, 1007, 2001, 3006}
07-09 15:16:36.105    79    79 D dalvikvm: GC_EXPLICIT freed 37K, 4% free 9031K/9347K, paused 1ms+5ms
07-09 15:16:36.148    79    79 D dalvikvm: GC_EXPLICIT freed <1K, 4% free 9031K/9347K, paused 1ms+5ms
07-09 15:16:36.203    79    79 D dalvikvm: GC_EXPLICIT freed <1K, 4% free 9031K/9347K, paused 2ms+2ms
07-09 15:16:36.226   144   155 I ActivityManager: No longer want com.metago.astro:remote (pid 4373): hidden #16
07-09 15:16:37.961  4020  4022 D dalvikvm: GC_CONCURRENT freed 1218K, 11% free 13612K/15239K, paused 2ms+9ms
07-09 15:16:38.082  4050  4052 D dalvikvm: GC_CONCURRENT freed 412K, 6% free 9318K/9863K, paused 2ms+3ms
07-09 15:16:38.480  4471  4473 D dalvikvm: GC_CONCURRENT freed 325K, 5% free 9172K/9607K, paused 2ms+5ms
07-09 15:16:45.222   344   344 D SAN_SERVICE: *******************************************
07-09 15:16:45.222   344   344 D SAN_SERVICE: DM App Phone Service State - 0
07-09 15:16:45.222   344   344 D SAN_SERVICE: *******************************************
07-09 15:16:45.472   344   344 D SAN_SERVICE: *******************************************
07-09 15:16:45.472   344   344 D SAN_SERVICE: DM App Phone Service State - 0
07-09 15:16:45.476   344   344 D SAN_SERVICE: *******************************************
07-09 15:16:49.890  4020  4037 D Volley  : [283] BasicNetwork.logSlowRequests: HTTP response for request=<[ ] https://android.clients.google.com/vending/api/ApiRequest NORMAL 66 ContentSyncRequestProto> [lifetime=11753], [size=36], [rc=200], [retryCount=0]
07-09 15:16:49.922  4020  4020 D Volley  : [1] Request.finish: 11786 ms: [ ] https://android.clients.google.com/vending/api/ApiRequest NORMAL 66 ContentSyncRequestProto
07-09 15:16:49.933  4020  4020 D Finsky  : [1] 5.onFinished: Installation state replication succeeded.
07-09 15:16:51.910   144   155 I ActivityManager: START {act=android.intent.action.MAIN cat=[android.intent.category.LAUNCHER] flg=0x10000000 pkg=hr.podlanica cmp=hr.podlanica/.Start} from pid 4020
07-09 15:16:52.043   214   214 D dalvikvm: GC_FOR_ALLOC freed 623K, 33% free 9731K/14343K, paused 32ms
07-09 15:16:52.090   144   147 D dalvikvm: GC_CONCURRENT freed 2004K, 15% free 15637K/18375K, paused 6ms+16ms
07-09 15:16:52.191   214   216 D dalvikvm: GC_CONCURRENT freed 364K, 32% free 9841K/14343K, paused 8ms+8ms
07-09 15:16:52.211   144   323 I ActivityManager: Start proc hr.podlanica for activity hr.podlanica/.Start: pid=4492 uid=10066 gids={3003}
07-09 15:16:52.226  4492  4492 I dalvikvm: Turning on JNI app bug workarounds for target SDK version 9...
07-09 15:16:52.301   144   424 I ActivityManager: START {cmp=hr.podlanica/.slider} from pid 4492
07-09 15:16:52.343  4492  4492 D dalvikvm: GC_FOR_ALLOC freed 41K, 3% free 9101K/9347K, paused 18ms
07-09 15:16:52.347  4492  4492 I dalvikvm-heap: Grow heap (frag case) to 9.750MB for 832016-byte allocation
07-09 15:16:52.379  4492  4494 D dalvikvm: GC_CONCURRENT freed <1K, 3% free 9912K/10183K, paused 1ms+1ms
07-09 15:16:52.547  4492  4492 I AppLovinSdk: [SettingsManager] Loading settings saved with the application...
07-09 15:16:52.554  4492  4492 I AppLovinSdk: [SettingsManager] Loading user-defined settings...
07-09 15:16:52.808   144   160 I Process : Sending signal. PID: 4492 SIG: 3
07-09 15:16:52.808  4492  4496 I dalvikvm: threadid=3: reacting to signal 3
07-09 15:16:52.851  4492  4496 I dalvikvm: Wrote stack traces to '/data/anr/traces.txt'
07-09 15:16:53.039  4492  4494 D dalvikvm: GC_CONCURRENT freed 242K, 4% free 10149K/10503K, paused 5ms+11ms
07-09 15:16:53.402   144   160 I Process : Sending signal. PID: 4492 SIG: 3
07-09 15:16:53.402  4492  4496 I dalvikvm: threadid=3: reacting to signal 3
07-09 15:16:53.824   144   160 I Process : Sending signal. PID: 4492 SIG: 3
07-09 15:16:54.625   144   160 I Process : Sending signal. PID: 4492 SIG: 3
07-09 15:16:54.629   344   344 D SAN_SERVICE: *******************************************
07-09 15:16:54.629   344   344 D SAN_SERVICE: DM App Phone Service State - 0
07-09 15:16:54.629   344   344 D SAN_SERVICE: *******************************************
07-09 15:16:54.679   214   214 D dalvikvm: GC_EXPLICIT freed 161K, 33% free 9685K/14343K, paused 743ms+3ms
07-09 15:16:55.133   344   344 D SAN_SERVICE: *******************************************
07-09 15:16:55.133   344   344 D SAN_SERVICE: DM App Phone Service State - 0
07-09 15:16:55.133   344   344 D SAN_SERVICE: *******************************************
07-09 15:16:55.136  4020  4020 D Finsky  : [1] 1.run: Referrer for hr.podlanica cleared
07-09 15:16:55.156  4492  4496 E dalvikvm: Unable to open stack trace file '/data/anr/traces.txt': Permission denied
07-09 15:16:55.156  4492  4496 I dalvikvm: threadid=3: reacting to signal 3
07-09 15:16:55.176   144   160 I Process : Sending signal. PID: 4492 SIG: 3
07-09 15:16:55.179   344   347 D dalvikvm: GC_CONCURRENT freed 768K, 11% free 11651K/12999K, paused 3ms+4ms
07-09 15:16:55.195  4492  4496 I dalvikvm: Wrote stack traces to '/data/anr/traces.txt'
07-09 15:16:55.203  4492  4496 I dalvikvm: threadid=3: reacting to signal 3
07-09 15:16:55.203   344   344 D SAN_SERVICE: *******************************************
07-09 15:16:55.203   344   344 D SAN_SERVICE: DM App Phone Service State - 0
07-09 15:16:55.203   344   344 D SAN_SERVICE: *******************************************
07-09 15:16:55.445  4492  4496 I dalvikvm: Wrote stack traces to '/data/anr/traces.txt'
07-09 15:16:55.695   144   160 I Process : Sending signal. PID: 4492 SIG: 3
07-09 15:16:55.695  4492  4496 I dalvikvm: threadid=3: reacting to signal 3
07-09 15:16:55.726  4492  4496 I dalvikvm: Wrote stack traces to '/data/anr/traces.txt'
07-09 15:16:55.773  4492  4510 E AppLovinSdk: [NotificationService] com.applovin.sdk.AppLovinPushReceiver is not in the AndroidManifest.xml. Push notifications will be disabled.
07-09 15:16:55.812  4492  4510 E AppLovinSdk: [NotificationService] com.applovin.sdk.AppLovinNotificationReceiver is not in the AndroidManifest.xml. Push notifications will be disabled.
07-09 15:16:56.023   144   144 D dalvikvm: GC_EXPLICIT freed 270K, 16% free 15613K/18375K, paused 65ms+6ms
07-09 15:16:56.043  4492  4494 D dalvikvm: GC_CONCURRENT freed 412K, 5% free 10275K/10759K, paused 2ms+122ms
07-09 15:16:56.140   144   160 I Process : Sending signal. PID: 4492 SIG: 3
07-09 15:16:56.140  4492  4496 I dalvikvm: threadid=3: reacting to signal 3
07-09 15:16:56.187  4492  4496 I dalvikvm: Wrote stack traces to '/data/anr/traces.txt'
07-09 15:16:56.289  4492  4492 D FlurryAgent: Initializing Flurry session
07-09 15:16:56.289  4492  4492 D FlurryAgent: New session
07-09 15:16:56.301  4492  4528 W Settings: Setting android_id has moved from android.provider.Settings.System to android.provider.Settings.Secure, returning read-only value.
07-09 15:16:56.301  4492  4528 I FlurryAgent: loading persistent data: /data/data/hr.podlanica/files/.flurryagent.5af2956f
07-09 15:16:56.304  4492  4528 D FlurryAgent: Loading API key: ****************W9W6
07-09 15:16:56.304  4492  4528 D FlurryAgent: Loading session reports
07-09 15:16:56.304  4492  4528 D FlurryAgent: Persistent file loaded
07-09 15:16:56.304  4492  4528 D FlurryAgent: generating report
07-09 15:16:56.308  4492  4528 D FlurryAgent: Sending report to: http://data.flurry.com/aap.do
07-09 15:16:56.605  4492  4494 D dalvikvm: GC_CONCURRENT freed 477K, 6% free 10338K/10887K, paused 8ms+4ms
07-09 15:16:56.640   144   160 I Process : Sending signal. PID: 4492 SIG: 3
07-09 15:16:56.640  4492  4496 I dalvikvm: threadid=3: reacting to signal 3
07-09 15:16:56.676  4492  4496 I dalvikvm: Wrote stack traces to '/data/anr/traces.txt'
07-09 15:16:56.875   214   214 V PhoneStatusBar: setLightsOn(true)
07-09 15:16:56.953   425  1656 D dalvikvm: GC_EXPLICIT freed 537K, 8% free 9920K/10695K, paused 2ms+4ms
07-09 15:16:56.988  4492  4528 D FlurryAgent: Report successful
07-09 15:16:56.988  4492  4528 D FlurryAgent: Processing report response
07-09 15:16:56.988  4492  4528 D FlurryAgent: Done sending initial agent report
07-09 15:16:57.140   144   160 I Process : Sending signal. PID: 4492 SIG: 3
07-09 15:16:57.140  4492  4496 I dalvikvm: threadid=3: reacting to signal 3
07-09 15:16:57.429  4492  4496 I dalvikvm: Wrote stack traces to '/data/anr/traces.txt'
07-09 15:16:57.511   320   324 D dalvikvm: GC_CONCURRENT freed 458K, 18% free 10329K/12487K, paused 2ms+5ms
07-09 15:16:57.527  4492  4494 D dalvikvm: GC_CONCURRENT freed 432K, 5% free 10447K/10951K, paused 5ms+9ms
07-09 15:16:57.582  4492  4492 D dalvikvm: GC_FOR_ALLOC freed 117K, 6% free 10388K/11015K, paused 21ms
07-09 15:16:57.582  4492  4492 I dalvikvm-heap: Grow heap (frag case) to 10.277MB for 67216-byte allocation
07-09 15:16:57.609  4492  4501 D dalvikvm: GC_FOR_ALLOC freed <1K, 7% free 10453K/11143K, paused 18ms
07-09 15:16:57.640   144   160 I Process : Sending signal. PID: 4492 SIG: 3
07-09 15:16:57.640  4492  4496 I dalvikvm: threadid=3: reacting to signal 3
07-09 15:16:57.668  4492  4492 D dalvikvm: GC_FOR_ALLOC freed 44K, 7% free 10463K/11143K, paused 22ms
07-09 15:16:57.668  4492  4492 I dalvikvm-heap: Grow heap (frag case) to 11.080MB for 832016-byte allocation
07-09 15:16:57.668  4492  4496 I dalvikvm: Wrote stack traces to '/data/anr/traces.txt'
07-09 15:16:57.699  4492  4510 D dalvikvm: GC_FOR_ALLOC freed 0K, 6% free 11275K/11975K, paused 18ms
07-09 15:16:57.828   425   437 D dalvikvm: GC_EXPLICIT freed 290K, 8% free 9944K/10695K, paused 3ms+5ms
07-09 15:16:57.961   144   174 I ActivityManager: Displayed hr.podlanica/.slider: +5s655ms (total +5s859ms)
07-09 15:16:57.988  4492  4494 D dalvikvm: GC_CONCURRENT freed 123K, 6% free 11292K/11975K, paused 2ms+4ms
07-09 15:16:58.015  4492  4523 D dalvikvm: GC_EXPLICIT freed 38K, 7% free 11253K/11975K, paused 2ms+3ms
07-09 15:16:58.293   144   155 D dalvikvm: GC_EXPLICIT freed 127K, 15% free 15620K/18375K, paused 2ms+9ms
07-09 15:16:58.531   425  1709 D dalvikvm: GC_EXPLICIT freed 319K, 7% free 9951K/10695K, paused 2ms+5ms
07-09 15:16:59.011   425   497 D dalvikvm: GC_EXPLICIT freed 317K, 8% free 9944K/10695K, paused 2ms+4ms
07-09 15:16:59.211  4492  4523 D dalvikvm: GC_EXPLICIT freed 1167K, 13% free 10491K/11975K, paused 2ms+12ms
07-09 15:16:59.449   144   403 D dalvikvm: GC_EXPLICIT freed 73K, 16% free 15608K/18375K, paused 3ms+6ms
07-09 15:16:59.722   425  1518 D dalvikvm: GC_EXPLICIT freed 310K, 7% free 9958K/10695K, paused 3ms+8ms
07-09 15:17:00.265   425   497 D dalvikvm: GC_EXPLICIT freed 339K, 7% free 9955K/10695K, paused 1ms+6ms
07-09 15:17:00.379   425   433 I dalvikvm: Jit: resizing JitTable from 4096 to 8192
07-09 15:17:00.433  4492  4523 D dalvikvm: GC_EXPLICIT freed 256K, 13% free 10537K/11975K, paused 2ms+10ms
07-09 15:17:00.668   144   376 D dalvikvm: GC_EXPLICIT freed 72K, 16% free 15609K/18375K, paused 2ms+8ms
07-09 15:17:00.879   425  1709 D dalvikvm: GC_EXPLICIT freed 309K, 7% free 9951K/10695K, paused 2ms+6ms
07-09 15:17:01.277   425  1709 D dalvikvm: GC_EXPLICIT freed 307K, 8% free 9936K/10695K, paused 1ms+7ms
07-09 15:17:01.465  4492  4494 D dalvikvm: GC_CONCURRENT freed 403K, 13% free 10537K/11975K, paused 2ms+6ms
07-09 15:17:01.500  4492  4523 D dalvikvm: GC_EXPLICIT freed 69K, 13% free 10468K/11975K, paused 2ms+3ms
07-09 15:17:01.711   144   403 D dalvikvm: GC_EXPLICIT freed 61K, 16% free 15605K/18375K, paused 3ms+7ms
07-09 15:17:01.949   425  1522 D dalvikvm: GC_EXPLICIT freed 290K, 7% free 9949K/10695K, paused 2ms+4ms
07-09 15:17:01.980   144   326 I ActivityManager: START {cmp=hr.podlanica/.EQ} from pid 4492
07-09 15:17:02.429   425  1561 D dalvikvm: GC_EXPLICIT freed 308K, 8% free 9939K/10695K, paused 3ms+6ms
07-09 15:17:02.465  4492  4492 D dalvikvm: GC_FOR_ALLOC freed 277K, 12% free 10565K/11975K, paused 20ms
07-09 15:17:02.468  4492  4492 I dalvikvm-heap: Grow heap (frag case) to 11.180MB for 832016-byte allocation
07-09 15:17:02.504  4492  4514 D dalvikvm: GC_FOR_ALLOC freed 85K, 6% free 11293K/11975K, paused 17ms
07-09 15:17:02.605   144   160 I Process : Sending signal. PID: 4492 SIG: 3
07-09 15:17:02.605  4492  4496 I dalvikvm: threadid=3: reacting to signal 3
07-09 15:17:02.644  4492  4496 I dalvikvm: Wrote stack traces to '/data/anr/traces.txt'
07-09 15:17:02.664  4492  4494 D dalvikvm: GC_CONCURRENT freed 37K, 6% free 11305K/11975K, paused 2ms+3ms
07-09 15:17:02.691  4492  4523 D dalvikvm: GC_EXPLICIT freed 8K, 6% free 11297K/11975K, paused 2ms+3ms
07-09 15:17:02.926   144   402 D dalvikvm: GC_EXPLICIT freed 221K, 16% free 15607K/18375K, paused 3ms+8ms
07-09 15:17:03.121   144   160 I Process : Sending signal. PID: 4492 SIG: 3
07-09 15:17:03.121  4492  4496 I dalvikvm: threadid=3: reacting to signal 3
07-09 15:17:03.164   425  1518 D dalvikvm: GC_EXPLICIT freed 291K, 7% free 9949K/10695K, paused 2ms+5ms
07-09 15:17:03.359  4492  4496 I dalvikvm: Wrote stack traces to '/data/anr/traces.txt'
07-09 15:17:03.609   144   160 I Process : Sending signal. PID: 4492 SIG: 3
07-09 15:17:03.609  4492  4496 I dalvikvm: threadid=3: reacting to signal 3
07-09 15:17:03.629  4492  4496 I dalvikvm: Wrote stack traces to '/data/anr/traces.txt'
07-09 15:17:03.648   425  1518 D dalvikvm: GC_EXPLICIT freed 316K, 8% free 9944K/10695K, paused 2ms+8ms
07-09 15:17:03.801  4492  4523 D dalvikvm: GC_EXPLICIT freed 283K, 4% free 11538K/11975K, paused 2ms+6ms
07-09 15:17:04.035   144   403 D dalvikvm: GC_EXPLICIT freed 78K, 16% free 15611K/18375K, paused 3ms+11ms
07-09 15:17:04.109   144   160 I Process : Sending signal. PID: 4492 SIG: 3
07-09 15:17:04.109  4492  4496 I dalvikvm: threadid=3: reacting to signal 3
07-09 15:17:04.301  4492  4496 I dalvikvm: Wrote stack traces to '/data/anr/traces.txt'
07-09 15:17:04.340   425  1708 D dalvikvm: GC_EXPLICIT freed 303K, 7% free 9953K/10695K, paused 2ms+12ms
07-09 15:17:04.543   144   161 E NotificationService: Ignoring notification with icon==0: Notification(contentView=null vibrate=null,sound=null,defaults=0x0,flags=0x62)
07-09 15:17:04.582  4492  4492 W Equalizer: WARNING: attaching an Equalizer to global output mix is deprecated!
07-09 15:17:04.613   144   160 I Process : Sending signal. PID: 4492 SIG: 3
07-09 15:17:04.613  4492  4496 I dalvikvm: threadid=3: reacting to signal 3
07-09 15:17:04.613  4492  4494 D dalvikvm: GC_CONCURRENT freed 771K, 7% free 11644K/12487K, paused 3ms+4ms
07-09 15:17:04.652  4492  4492 W BassBoost: WARNING: attaching a BassBoost to global output mix is deprecated!
07-09 15:17:04.664  4492  4496 I dalvikvm: Wrote stack traces to '/data/anr/traces.txt'
07-09 15:17:04.750   214   214 V PhoneStatusBar: setLightsOn(true)
07-09 15:17:04.804  4492  4492 D dalvikvm: GC_FOR_ALLOC freed 258K, 6% free 11891K/12615K, paused 20ms
07-09 15:17:05.047   425  1656 D dalvikvm: GC_EXPLICIT freed 317K, 8% free 9943K/10695K, paused 2ms+8ms
07-09 15:17:05.113   144   160 I Process : Sending signal. PID: 4492 SIG: 3
07-09 15:17:05.113  4492  4496 I dalvikvm: threadid=3: reacting to signal 3
07-09 15:17:05.148  4492  4496 I dalvikvm: Wrote stack traces to '/data/anr/traces.txt'
07-09 15:17:05.203  4492  4523 D dalvikvm: GC_EXPLICIT freed 182K, 6% free 11897K/12615K, paused 2ms+4ms
07-09 15:17:05.457   144   402 D dalvikvm: GC_EXPLICIT freed 102K, 16% free 15612K/18375K, paused 3ms+9ms
07-09 15:17:05.476  4492  4492 D dalvikvm: GC_FOR_ALLOC freed 73K, 6% free 11897K/12615K, paused 44ms
07-09 15:17:05.480  4492  4492 I dalvikvm-heap: Grow heap (frag case) to 12.139MB for 473776-byte allocation
07-09 15:17:05.508  4492  4523 D dalvikvm: GC_FOR_ALLOC freed 13K, 6% free 12346K/13127K, paused 18ms
07-09 15:17:05.613   144   160 I Process : Sending signal. PID: 4492 SIG: 3
07-09 15:17:05.613  4492  4496 I dalvikvm: threadid=3: reacting to signal 3
07-09 15:17:05.730  4492  4496 I dalvikvm: Wrote stack traces to '/data/anr/traces.txt'
07-09 15:17:05.750   425  1656 D dalvikvm: GC_EXPLICIT freed 305K, 8% free 9945K/10695K, paused 3ms+7ms
07-09 15:17:06.086   144   174 I ActivityManager: Displayed hr.podlanica/.EQ: +3s980ms
07-09 15:17:06.246   425  1656 D dalvikvm: GC_EXPLICIT freed 313K, 8% free 9943K/10695K, paused 2ms+7ms
07-09 15:17:06.398  4492  4523 D dalvikvm: GC_EXPLICIT freed 222K, 5% free 12672K/13255K, paused 3ms+7ms
07-09 15:17:06.633   144   155 D dalvikvm: GC_EXPLICIT freed 69K, 16% free 15611K/18375K, paused 3ms+9ms
07-09 15:17:06.863   425   437 D dalvikvm: GC_EXPLICIT freed 301K, 7% free 9949K/10695K, paused 2ms+7ms
07-09 15:17:07.304   425  1560 D dalvikvm: GC_EXPLICIT freed 310K, 8% free 9940K/10695K, paused 2ms+5ms
07-09 15:17:07.449  4492  4523 D dalvikvm: GC_EXPLICIT freed 1086K, 10% free 12022K/13255K, paused 2ms+5ms
07-09 15:17:07.691   144   144 D dalvikvm: GC_EXPLICIT freed 58K, 16% free 15610K/18375K, paused 3ms+11ms
07-09 15:17:07.937   425   494 D dalvikvm: GC_EXPLICIT freed 301K, 7% free 9956K/10695K, paused 2ms+7ms
07-09 15:17:08.254  4492  4492 D FlurryAgent: Ending session
07-09 15:17:08.414   425  1656 D dalvikvm: GC_EXPLICIT freed 320K, 8% free 9942K/10695K, paused 2ms+5ms
07-09 15:17:08.418  4492  4492 D webviewglue: nativeDestroy view: 0x14a3188
07-09 15:17:08.558  4492  4523 D dalvikvm: GC_EXPLICIT freed 376K, 10% free 12043K/13255K, paused 2ms+5ms
07-09 15:17:08.773   144   403 D dalvikvm: GC_EXPLICIT freed 77K, 16% free 15612K/18375K, paused 3ms+5ms
07-09 15:17:09.011   425  1708 D dalvikvm: GC_EXPLICIT freed 295K, 7% free 9948K/10695K, paused 2ms+4ms
07-09 15:17:09.433   425   437 D dalvikvm: GC_EXPLICIT freed 308K, 8% free 9940K/10695K, paused 3ms+5ms
07-09 15:17:09.558  4492  4523 D dalvikvm: GC_EXPLICIT freed 383K, 10% free 12054K/13255K, paused 3ms+4ms
07-09 15:17:09.761   144   155 D dalvikvm: GC_EXPLICIT freed 57K, 16% free 15612K/18375K, paused 3ms+7ms
07-09 15:17:10.000   425  1522 D dalvikvm: GC_EXPLICIT freed 290K, 7% free 9949K/10695K, paused 2ms+4ms
07-09 15:17:10.418   425  1560 D dalvikvm: GC_EXPLICIT freed 307K, 8% free 9939K/10695K, paused 2ms+4ms
07-09 15:17:10.562  4492  4523 D dalvikvm: GC_EXPLICIT freed 411K, 9% free 12073K/13255K, paused 4ms+4ms
07-09 15:17:10.593   144   376 I ActivityManager: No longer want com.google.android.apps.googlevoice (pid 3866): hidden #16
07-09 15:17:10.664   144   323 W ActivityManager: Scheduling restart of crashed service com.google.android.apps.googlevoice/.UpdateService in 5000ms
07-09 15:17:10.664   144   323 W ActivityManager: Scheduling restart of crashed service com.google.android.apps.googlevoice/.widget.WidgetService in 15000ms
07-09 15:17:10.664   144   323 W ActivityManager: Scheduling restart of crashed service com.google.android.apps.googlevoice/.CallLogService in 25000ms
07-09 15:17:10.664   144   323 I WindowManager: WIN DEATH: Window{41768e80 com.google.android.apps.googlevoice/com.google.android.apps.googlevoice.SplashActivity paused=false}
07-09 15:17:10.672   144   155 I WindowManager: WIN DEATH: Window{4176c860 com.google.android.apps.googlevoice/com.google.android.apps.googlevoice.activity.conversationlist.ConversationListActivity paused=false}
07-09 15:17:10.718  4492  4523 E AppLovinSdk: [CollectData] Unable to read phone's location: missing android.permission.ACCESS_COARSE_LOCATION
07-09 15:17:14.629   144   155 I ActivityManager: START {cmp=hr.podlanica/.slider} from pid 4492
07-09 15:17:14.761  4492  4494 D dalvikvm: GC_CONCURRENT freed 1276K, 11% free 11814K/13255K, paused 3ms+9ms
07-09 15:17:14.777  4492  4492 D FlurryAgent: Initializing Flurry session
07-09 15:17:14.777  4492  4492 D FlurryAgent: Continuing previous session
07-09 15:17:14.828   214   214 V PhoneStatusBar: setLightsOn(true)
07-09 15:17:14.898  4492  4492 D dalvikvm: GC_FOR_ALLOC freed 101K, 11% free 11904K/13255K, paused 19ms
07-09 15:17:14.902  4492  4492 I dalvikvm-heap: Grow heap (frag case) to 12.488MB for 832016-byte allocation
07-09 15:17:14.918  4492  4492 D dalvikvm: GC_FOR_ALLOC freed 3K, 10% free 12713K/14087K, paused 17ms
07-09 15:17:14.926   144   174 I ActivityManager: Displayed hr.podlanica/.slider: +271ms
07-09 15:17:15.144  4492  4492 D webviewglue: nativeDestroy view: 0x13fe6e8
07-09 15:17:15.406  4492  4510 D dalvikvm: GC_FOR_ALLOC freed 1737K, 16% free 11861K/14087K, paused 21ms
07-09 15:17:15.722   144   161 I ActivityManager: Start proc com.google.android.apps.googlevoice for service com.google.android.apps.googlevoice/.UpdateService: pid=4544 uid=10054 gids={3003, 1015}
07-09 15:17:15.968  4544  4546 D dalvikvm: GC_CONCURRENT freed 239K, 4% free 9291K/9607K, paused 10ms+2ms
07-09 15:17:16.515  4544  4546 D dalvikvm: GC_CONCURRENT freed 397K, 5% free 9437K/9927K, paused 2ms+3ms
07-09 15:17:16.515  4544  4553 W CursorWrapperInner: Cursor finalized without prior close()
07-09 15:17:16.515  4544  4553 W CursorWrapperInner: Cursor finalized without prior close()
07-09 15:17:16.515  4544  4553 W CursorWrapperInner: Cursor finalized without prior close()
07-09 15:17:16.609   144   402 D dalvikvm: GC_EXPLICIT freed 268K, 16% free 15618K/18375K, paused 3ms+13ms
07-09 15:17:16.754  4544  4546 D dalvikvm: GC_CONCURRENT freed 322K, 5% free 9643K/10055K, paused 2ms+3ms
07-09 15:17:16.961   425   428 D dalvikvm: GC_CONCURRENT freed 405K, 7% free 10045K/10695K, paused 2ms+4ms
07-09 15:17:17.043   425  1656 D dalvikvm: GC_EXPLICIT freed 210K, 8% free 9891K/10695K, paused 1ms+3ms
07-09 15:17:17.109  4544  4566 D dalvikvm: GC_FOR_ALLOC freed 203K, 5% free 9766K/10247K, paused 19ms
07-09 15:17:21.246   144   156 I ActivityManager: No longer want com.google.android.gallery3d (pid 4295): hidden #16
07-09 15:17:21.301  4492  4494 D dalvikvm: GC_CONCURRENT freed 55K, 10% free 12722K/14087K, paused 9ms+46ms
07-09 15:17:21.324  4492  4492 D FlurryAgent: Ending session
07-09 15:17:21.351  4492  4492 D webviewglue: nativeDestroy view: 0x15411e0
07-09 15:17:21.359  4492  4492 I InputQueue-JNI: Sending finished signal for input channel '417aa160 hr.podlanica/hr.podlanica.slider (client)' since it is being unregistered while an input message is still in progress.
07-09 15:17:21.363  4492  4492 I InputQueue-JNI: Ignoring finish signal on channel that is no longer registered.
07-09 15:17:24.441  4087  4090 D dalvikvm: GC_CONCURRENT freed 590K, 7% free 10288K/10951K, paused 17ms+4ms
07-09 15:17:24.609  4448  4455 I dalvikvm: Total arena pages for JIT: 18
07-09 15:17:25.750  4544  4544 W GoogleVoice: WidgetService: got a null intent
07-09 15:17:30.758   344   344 D SAN_SERVICE: *******************************************
07-09 15:17:30.758   344   344 D SAN_SERVICE: DM App Phone Service State - 0
07-09 15:17:30.758   344   344 D SAN_SERVICE: *******************************************
07-09 15:17:31.336  4492  4528 D FlurryAgent: generating report
07-09 15:17:31.347  4492  4528 D FlurryAgent: Sending report to: http://data.flurry.com/aap.do
07-09 15:17:31.808  4492  4528 D FlurryAgent: Report successful
07-09 15:17:31.808  4492  4528 D FlurryAgent: Processing report response
07-09 15:17:31.820  4492  4528 D FlurryAgent: Done sending agent report
07-09 15:17:35.711   344   344 D SAN_SERVICE: *******************************************
07-09 15:17:35.711   344   344 D SAN_SERVICE: DM App Phone Service State - 0
07-09 15:17:35.711   344   344 D SAN_SERVICE: *******************************************
07-09 15:17:51.683  4233  4248 I PhoneLab-: Service Running
07-09 15:17:51.765  4233  4248 I PhoneLab-LoggerService: app_37    1373  1     1440   1072  c00f181c 400107b4 S logcat
07-09 15:17:51.769  4233  4248 I PhoneLab-LoggerService: Logcat pid from database 1373
07-09 15:17:51.769  4233  4248 I PhoneLab-LoggerService: Logcat process found 1373
07-09 15:17:51.769  4233  4248 I PhoneLab-LoggerService: Checking Threshold
07-09 15:17:51.769  4233  4248 I PhoneLab-LoggerService: Starting to rename files
07-09 15:17:51.769  4233  4248 I PhoneLab-LoggerService: Files found .. 2
07-09 15:17:51.769  4233  4248 I PhoneLab-LoggerService: File 1 log.out.1
07-09 15:17:51.777  4233  4248 I PhoneLab-LoggerService: Renamed successfully
07-09 15:17:57.113   144   173 I ActivityManager: Start proc com.twitter.android for service com.twitter.android/.client.AppService: pid=4575 uid=10064 gids={3003, 1015}
07-09 15:17:57.121  4575  4575 I dalvikvm: Turning on JNI app bug workarounds for target SDK version 11...
07-09 15:17:57.215  4575  4575 I ActivityThread: Pub com.twitter.android.provider.GlobalDatabaseProvider: com.twitter.android.provider.GlobalDatabaseProvider
07-09 15:17:57.218  4575  4575 I ActivityThread: Pub com.twitter.android.provider.TwitterProvider: com.twitter.android.provider.TwitterProvider
07-09 15:17:57.367   144   380 I ActivityManager: No longer want com.google.android.partnersetup (pid 4387): hidden #16
07-09 15:17:57.426  4575  4578 D dalvikvm: GC_CONCURRENT freed 206K, 4% free 9273K/9607K, paused 2ms+2ms
07-09 15:17:57.629  4575  4578 D dalvikvm: GC_CONCURRENT freed 171K, 4% free 9497K/9799K, paused 2ms+2ms
07-09 15:17:57.926  4575  4578 D dalvikvm: GC_CONCURRENT freed 298K, 5% free 9628K/10055K, paused 10ms+4ms
07-09 15:17:58.195  4575  4578 D dalvikvm: GC_CONCURRENT freed 298K, 5% free 9757K/10183K, paused 2ms+5ms
07-09 15:17:58.351  4575  4578 D dalvikvm: GC_CONCURRENT freed 300K, 5% free 9881K/10311K, paused 2ms+2ms
07-09 15:17:58.476  4575  4578 D dalvikvm: GC_CONCURRENT freed 308K, 5% free 10015K/10439K, paused 1ms+2ms
07-09 15:17:58.633  4575  4578 D dalvikvm: GC_CONCURRENT freed 298K, 5% free 10141K/10567K, paused 5ms+2ms
07-09 15:17:58.797  4575  4578 D dalvikvm: GC_CONCURRENT freed 296K, 4% free 10271K/10695K, paused 5ms+2ms
07-09 15:17:58.957  4575  4578 D dalvikvm: GC_CONCURRENT freed 481K, 6% free 10218K/10823K, paused 1ms+5ms
07-09 15:17:59.105  4575  4578 D dalvikvm: GC_CONCURRENT freed 318K, 5% free 10291K/10823K, paused 2ms+2ms
07-09 15:17:59.277  4575  4578 D dalvikvm: GC_CONCURRENT freed 322K, 5% free 10380K/10823K, paused 2ms+7ms
07-09 15:17:59.410  4575  4578 D dalvikvm: GC_CONCURRENT freed 359K, 5% free 10466K/10951K, paused 2ms+3ms
07-09 15:17:59.539  4575  4578 D dalvikvm: GC_CONCURRENT freed 345K, 5% free 10553K/11015K, paused 2ms+2ms
07-09 15:17:59.660  4575  4578 D dalvikvm: GC_CONCURRENT freed 329K, 5% free 10629K/11079K, paused 2ms+2ms
07-09 15:17:59.789  4575  4578 D dalvikvm: GC_CONCURRENT freed 366K, 5% free 10715K/11207K, paused 2ms+3ms
07-09 15:17:59.926  4575  4578 D dalvikvm: GC_CONCURRENT freed 403K, 5% free 10819K/11335K, paused 2ms+3ms
07-09 15:18:00.824  4575  4578 D dalvikvm: GC_CONCURRENT freed 339K, 4% free 11005K/11463K, paused 4ms+2ms
07-09 15:18:02.867  4575  4578 D dalvikvm: GC_CONCURRENT freed 458K, 6% free 11194K/11783K, paused 2ms+7ms
07-09 15:18:07.496   344   344 D SAN_SERVICE: *******************************************
07-09 15:18:07.496   344   344 D SAN_SERVICE: DM App Phone Service State - 0
07-09 15:18:07.496   344   344 D SAN_SERVICE: *******************************************
07-09 15:18:14.265  4020  4020 D Finsky  : [1] DetailsDataBasedFragment.rebindViews: Page [class=DetailsFragment] loaded in [181 ms] (partial? false)
07-09 15:18:15.086  4020  4022 D dalvikvm: GC_CONCURRENT freed 1325K, 10% free 13775K/15239K, paused 6ms+5ms
07-09 15:18:15.312  4020  4020 D Finsky  : [1] DetailsDataBasedFragment.rebindViews: Page [class=DetailsFragment] loaded in [1225 ms] (partial? true)
07-09 15:18:15.523  4020  4043 D dalvikvm: GC_FOR_ALLOC freed 695K, 9% free 14069K/15303K, paused 42ms
07-09 15:18:15.750  4020  4041 D dalvikvm: GC_FOR_ALLOC freed 419K, 8% free 14616K/15879K, paused 41ms
07-09 15:18:20.355  4020  4020 D Finsky  : [1] DetailsDataBasedFragment.rebindViews: Page [class=DetailsFragment] loaded in [141756 ms] (partial? true)
07-09 15:18:20.508  4020  4022 D dalvikvm: GC_CONCURRENT freed 1510K, 10% free 14999K/16583K, paused 2ms+10ms
07-09 15:18:24.437   344   344 D SAN_SERVICE: *******************************************
07-09 15:18:24.441   344   344 D SAN_SERVICE: DM App Phone Service State - 0
07-09 15:18:24.441   344   344 D SAN_SERVICE: *******************************************
07-09 15:18:24.824  4448  4451 D dalvikvm: GC_CONCURRENT freed 503K, 6% free 9977K/10567K, paused 136ms+4ms
07-09 15:18:24.863  4087  4090 D dalvikvm: GC_CONCURRENT freed 465K, 6% free 10335K/10951K, paused 2ms+3ms
07-09 15:18:25.136   144   402 D AlarmManagerService: Kernel timezone updated to 240 minutes west of GMT
07-09 15:18:25.140   344   344 D SystemClock: Setting time of day to sec=1341861505
07-09 15:18:25.064   144   161 I ActivityManager: Start proc com.android.calendar for broadcast com.android.calendar/.widget.CalendarAppWidgetService$CalendarFactory: pid=4604 uid=10005 gids={3003}
07-09 15:18:25.166  4604  4604 I ActivityThread: Pub com.android.calendar.CalendarRecentSuggestionsProvider: com.android.calendar.CalendarRecentSuggestionsProvider
07-09 15:18:25.291   144   403 I ActivityManager: Start proc com.android.deskclock for broadcast com.android.deskclock/.AlarmInitReceiver: pid=4621 uid=10011 gids={}
07-09 15:18:25.447  4621  4621 I ActivityThread: Pub com.android.deskclock: com.android.deskclock.AlarmProvider
07-09 15:18:25.600  4621  4634 V AlarmClock: AlarmInitReceiver finished
07-09 15:18:25.709   144   147 D dalvikvm: GC_CONCURRENT freed 1573K, 15% free 15675K/18375K, paused 11ms+16ms
07-09 15:18:25.846   144   323 D dalvikvm: GC_EXPLICIT freed 72K, 16% free 15602K/18375K, paused 3ms+7ms
07-09 15:18:25.916   144   402 I ActivityManager: Start proc com.android.providers.calendar for content provider com.android.providers.calendar/.CalendarProvider2: pid=4636 uid=10006 gids={3003, 1015}
07-09 15:18:25.936   144   144 I ActivityManager: No longer want com.android.defcontainer (pid 4280): hidden #16
07-09 15:18:25.943   144   403 I ActivityManager: No longer want com.svox.pico (pid 4402): hidden #16
07-09 15:18:25.979  4636  4636 I ActivityThread: Pub com.android.calendar: com.android.providers.calendar.CalendarProvider2
07-09 15:18:26.010   144   403 D AlarmManagerService: Kernel timezone updated to 240 minutes west of GMT
07-09 15:18:26.498  4448  4451 D dalvikvm: GC_CONCURRENT freed 269K, 5% free 10098K/10567K, paused 7ms+7ms
07-09 15:18:26.838  4448  4451 D dalvikvm: GC_CONCURRENT freed 236K, 4% free 10261K/10631K, paused 6ms+5ms
07-09 15:18:27.287  4636  4636 I CalendarProvider2: Sending notification intent: Intent { act=android.intent.action.PROVIDER_CHANGED dat=content://com.android.calendar }
07-09 15:18:27.295  4636  4636 W ContentResolver: Failed to get type for: content://com.android.calendar (Unknown URL content://com.android.calendar)
07-09 15:18:27.912   144   155 I ActivityManager: No longer want com.android.voicedialer (pid 4339): hidden #16
07-09 15:18:29.088   144   403 D AlarmManagerService: Kernel timezone updated to 240 minutes west of GMT
07-09 15:18:29.100   344   344 D SAN_SERVICE: *******************************************
07-09 15:18:29.100   344   344 D SAN_SERVICE: DM App Phone Service State - 0
07-09 15:18:29.100   344   344 D SAN_SERVICE: *******************************************
07-09 15:18:32.326  4020  4020 D Finsky  : [1] DetailsDataBasedFragment.rebindViews: Page [class=DetailsFragment] loaded in [153726 ms] (partial? true)
07-09 15:18:32.397  4020  4027 I dalvikvm: Jit: resizing JitTable from 8192 to 16384
07-09 15:18:32.682  4020  4022 D dalvikvm: GC_CONCURRENT freed 1618K, 11% free 15308K/17031K, paused 3ms+17ms
07-09 15:18:34.014   144   380 D AlarmManagerService: Kernel timezone updated to 240 minutes west of GMT
07-09 15:18:35.295   344   344 D SAN_SERVICE: *******************************************
07-09 15:18:35.295   344   344 D SAN_SERVICE: DM App Phone Service State - 0
07-09 15:18:35.295   344   344 D SAN_SERVICE: *******************************************
07-09 15:18:35.424  4087  4090 D dalvikvm: GC_CONCURRENT freed 297K, 5% free 10426K/10951K, paused 3ms+3ms
07-09 15:18:36.037   344   344 D SAN_SERVICE: *******************************************
07-09 15:18:36.037   344   344 D SAN_SERVICE: DM App Phone Service State - 0
07-09 15:18:36.037   344   344 D SAN_SERVICE: *******************************************
07-09 15:18:39.115   144   380 D AlarmManagerService: Kernel timezone updated to 240 minutes west of GMT
07-09 15:18:39.131   344   344 D SAN_SERVICE: *******************************************
07-09 15:18:39.131   344   344 D SAN_SERVICE: DM App Phone Service State - 0
07-09 15:18:39.131   344   344 D SAN_SERVICE: *******************************************
07-09 15:18:47.814  4020  4022 D dalvikvm: GC_CONCURRENT freed 2234K, 14% free 15077K/17415K, paused 2ms+19ms
07-09 15:18:49.197   144   171 I power   : *** set_screen_state 0
07-09 15:18:49.244    78   120 D SurfaceFlinger: About to give-up screen, flinger = 0x5b4918
07-09 15:18:49.373   144   175 D dalvikvm: GC_FOR_ALLOC freed 264K, 13% free 16133K/18375K, paused 59ms
07-09 15:18:49.373   144   175 I dalvikvm-heap: Grow heap (frag case) to 15.928MB for 104992-byte allocation
07-09 15:18:49.467   144   160 D dalvikvm: GC_FOR_ALLOC freed 38K, 13% free 16197K/18503K, paused 81ms
07-09 15:18:49.557   144   175 D dalvikvm: GC_FOR_ALLOC freed 2K, 13% free 16199K/18503K, paused 69ms
07-09 15:18:49.557   144   175 I dalvikvm-heap: Grow heap (frag case) to 15.993MB for 104992-byte allocation
07-09 15:18:49.619   144   326 D dalvikvm: GC_FOR_ALLOC freed 1K, 13% free 16300K/18631K, paused 52ms
07-09 15:18:49.658   144   175 V TransportControlView: Create TCV com.android.internal.widget.TransportControlView@41635ac0
07-09 15:18:49.760   214   214 D PhoneStatusBar: disable: < expand icons alerts ticker system_info back home RECENT* clock >
07-09 15:18:49.814   214   214 D PhoneStatusBar: disable: < expand icons alerts ticker system_info BACK* HOME* RECENT CLOCK* >
07-09 15:18:55.889   144   323 D AlarmManagerService: Kernel timezone updated to 240 minutes west of GMT
07-09 15:18:57.502  4129  4131 D dalvikvm: GC_CONCURRENT freed 411K, 5% free 10770K/11271K, paused 8ms+2ms
07-09 15:19:00.775   344   344 D SAN_SERVICE: *******************************************
07-09 15:19:00.775   344   344 D SAN_SERVICE: DM App Phone Service State - 0
07-09 15:19:00.775   344   344 D SAN_SERVICE: *******************************************
07-09 15:19:24.377  4448  4451 D dalvikvm: GC_CONCURRENT freed 660K, 7% free 10133K/10887K, paused 2ms+3ms
07-09 15:19:25.100   344   344 D SAN_SERVICE: *******************************************
07-09 15:19:25.100   344   344 D SAN_SERVICE: DM App Phone Service State - 0
07-09 15:19:25.100   344   344 D SAN_SERVICE: *******************************************
07-09 15:19:40.467   144   323 D AlarmManagerService: Kernel timezone updated to 240 minutes west of GMT
07-09 15:19:40.729   344   344 D SAN_SERVICE: *******************************************
07-09 15:19:40.729   344   344 D SAN_SERVICE: DM App Phone Service State - 0
07-09 15:19:40.729   344   344 D SAN_SERVICE: *******************************************
07-09 15:19:41.498   344   344 D SAN_SERVICE: *******************************************
07-09 15:19:41.498   344   344 D SAN_SERVICE: DM App Phone Service State - 0
07-09 15:19:41.498   344   344 D SAN_SERVICE: *******************************************
07-09 15:19:42.623   344   344 D SAN_SERVICE: *******************************************
07-09 15:19:42.623   344   344 D SAN_SERVICE: DM App Phone Service State - 0
07-09 15:19:42.623   344   344 D SAN_SERVICE: *******************************************
07-09 15:19:51.662  4233  4248 I PhoneLab-: Service Running
07-09 15:19:51.732  4233  4248 I PhoneLab-LoggerService: app_37    1373  1     1440   1068  c00f181c 400107b4 S logcat
07-09 15:19:51.732  4233  4248 I PhoneLab-LoggerService: Logcat pid from database 1373
07-09 15:19:51.732  4233  4248 I PhoneLab-LoggerService: Logcat process found 1373
07-09 15:19:51.732  4233  4248 I PhoneLab-LoggerService: Checking Threshold
07-09 15:19:51.732  4233  4248 I PhoneLab-LoggerService: Starting to rename files
07-09 15:19:51.732  4233  4248 I PhoneLab-LoggerService: Files found .. 2
07-09 15:20:24.346  4087  4090 D dalvikvm: GC_CONCURRENT freed 505K, 6% free 10436K/11015K, paused 1ms+2ms
07-09 15:20:48.080   144   175 I power   : *** set_screen_state 1
07-09 15:20:48.166   144   175 I WindowManager: Lock screen displayed!
07-09 15:20:48.275    78   120 D SurfaceFlinger: Screen about to return, flinger = 0x5b4918
07-09 15:20:49.303   214   214 D PhoneStatusBar: disable: < expand icons alerts ticker system_info BACK HOME recent* CLOCK >
07-09 15:20:49.334   214   214 D PhoneStatusBar: disable: < expand icons alerts ticker system_info back* home* recent clock* >
07-09 15:20:49.350   144   155 W InputManagerService: Window already focused, ignoring focus gain of: com.android.internal.view.IInputMethodClient$Stub$Proxy@4166a9c8
07-09 15:20:49.514   307   309 D dalvikvm: GC_CONCURRENT freed 353K, 6% free 10379K/11015K, paused 5ms+7ms
07-09 15:20:51.080  4020  4020 D Finsky  : [1] DetailsDataBasedFragment.rebindViews: Page [class=DetailsFragment] loaded in [292483 ms] (partial? true)
07-09 15:20:51.619   144   326 D dalvikvm: GC_FOR_ALLOC freed 926K, 12% free 16415K/18631K, paused 63ms
07-09 15:20:51.725   144   376 W ActivityManager: Duplicate finish request for ActivityRecord{41941ab8 com.android.vending/com.google.android.finsky.activities.MainActivity}
07-09 15:20:51.822  4020  4020 D OpenGLRenderer: Flushing caches (mode 0)
07-09 15:20:52.006  4544  4546 D dalvikvm: GC_CONCURRENT freed 189K, 4% free 10033K/10375K, paused 8ms+3ms
07-09 15:20:52.010  4544  4560 W System.err: com.google.android.apps.googlevoice.net.VoiceServiceException: Voice service failed [INVALID_AUTH_TOKEN]
07-09 15:20:52.014  4544  4560 W System.err: 	at com.google.android.apps.googlevoice.net.masf.MASFVoiceService.checkCredentials(MASFVoiceService.java:107)
07-09 15:20:52.014  4544  4560 W System.err: 	at com.google.android.apps.googlevoice.net.masf.MASFVoiceService.getAuthToken(MASFVoiceService.java:95)
07-09 15:20:52.014  4544  4560 W System.err: 	at com.google.android.apps.googlevoice.net.masf.MASFUpdateSettingsRpc.createRequestPayload(MASFUpdateSettingsRpc.java:36)
07-09 15:20:52.014  4544  4560 W System.err: 	at com.google.android.apps.googlevoice.net.masf.MASFApiRpc.requestSubmit(MASFApiRpc.java:160)
07-09 15:20:52.025  4544  4560 W System.err: 	at com.google.android.apps.googlevoice.net.masf.MASFApiRpc.run(MASFApiRpc.java:141)
07-09 15:20:52.025  4544  4560 W System.err: 	at com.googlex.common.task.AbstractTask.run(Unknown Source)
07-09 15:20:52.025  4544  4560 W System.err: 	at com.googlex.common.task.AbstractTask.runInternal(Unknown Source)
07-09 15:20:52.025  4544  4560 W System.err: 	at com.googlex.common.task.TaskRunner.run(Unknown Source)
07-09 15:20:52.025  4544  4560 W System.err: 	at com.googlex.common.lang.BaseThreadFactory$ThreadImpl.run(Unknown Source)
07-09 15:20:52.139   144   160 I Process : Sending signal. PID: 4544 SIG: 3
07-09 15:20:52.139  4544  4548 I dalvikvm: threadid=3: reacting to signal 3
07-09 15:20:52.162  4544  4548 I dalvikvm: Wrote stack traces to '/data/anr/traces.txt'
07-09 15:20:52.279  4020  4022 D dalvikvm: GC_CONCURRENT freed 1930K, 14% free 15052K/17415K, paused 10ms+27ms
07-09 15:20:52.518   425   428 D dalvikvm: GC_CONCURRENT freed 327K, 7% free 10007K/10695K, paused 2ms+3ms
07-09 15:20:52.568  4544  4546 D dalvikvm: GC_CONCURRENT freed 182K, 3% free 10306K/10567K, paused 4ms+4ms
07-09 15:20:52.639   144   160 I Process : Sending signal. PID: 4544 SIG: 3
07-09 15:20:52.639  4544  4548 I dalvikvm: threadid=3: reacting to signal 3
07-09 15:20:52.662  4544  4548 I dalvikvm: Wrote stack traces to '/data/anr/traces.txt'
07-09 15:20:52.744   144   402 D dalvikvm: GC_FOR_ALLOC freed 1094K, 16% free 15688K/18631K, paused 59ms
07-09 15:20:52.811   320   324 D dalvikvm: GC_CONCURRENT freed 385K, 18% free 10329K/12487K, paused 2ms+2ms
07-09 15:20:52.916   144   174 I ActivityManager: Displayed com.google.android.apps.googlevoice/.activity.conversationlist.ConversationListActivity: +1s277ms
07-09 15:20:52.979  4471  4473 D dalvikvm: GC_CONCURRENT freed 318K, 5% free 9288K/9735K, paused 1ms+99ms
07-09 15:20:53.072   144   402 W ActivityManager: Duplicate finish request for ActivityRecord{416782c0 com.google.android.apps.googlevoice/.SplashActivity}
07-09 15:20:53.166   144   403 W InputManagerService: Starting input on non-focused client com.android.internal.view.IInputMethodClient$Stub$Proxy@416af8a0 (uid=10054 pid=4544)
07-09 15:20:53.178  4544  4561 I System.out: [INFO:216852]: LogSource: Running flush
07-09 15:20:53.225  4544  4562 I System.out: [INFO:216900]: LogSource: Sending payload [bytes=494]
07-09 15:20:53.564   144   400 D dalvikvm: GC_EXPLICIT freed 370K, 17% free 15501K/18631K, paused 3ms+42ms
07-09 15:20:53.650   144   160 I Process : Sending signal. PID: 370 SIG: 3
07-09 15:20:53.650   370   379 I dalvikvm: threadid=3: reacting to signal 3
07-09 15:20:53.658   370   379 I dalvikvm: Wrote stack traces to '/data/anr/traces.txt'
07-09 15:20:53.670  4544  4546 D dalvikvm: GC_CONCURRENT freed 311K, 4% free 10481K/10887K, paused 18ms+6ms
07-09 15:20:53.893  4544  4562 I System.out: [INFO:217566]: LogSource: Response [http=200,length=3097]
07-09 15:20:53.897  4544  4561 I System.out: [INFO:217571]: LogSource: Read id 3, status code 200
07-09 15:20:53.975  4544  4561 I System.out: [INFO:217651]: LogSource: Read id 1, status code 200
07-09 15:20:53.979  4544  4561 I System.out: [INFO:217654]: LogSource: Read id 2, status code 200
07-09 15:20:54.100  4020  4036 D dalvikvm: GC_FOR_ALLOC freed 975K, 18% free 14443K/17415K, paused 175ms
07-09 15:20:54.100  4020  4036 I dalvikvm-heap: Grow heap (frag case) to 14.223MB for 52078-byte allocation
07-09 15:20:54.150  4544  4544 W MessageQueue: Handler (android.os.Handler) {413c0e30} sending message to a Handler on a dead thread
07-09 15:20:54.150  4544  4544 W MessageQueue: java.lang.RuntimeException: Handler (android.os.Handler) {413c0e30} sending message to a Handler on a dead thread
07-09 15:20:54.150  4544  4544 W MessageQueue: 	at android.os.MessageQueue.enqueueMessage(MessageQueue.java:196)
07-09 15:20:54.150  4544  4544 W MessageQueue: 	at android.os.Handler.sendMessageAtTime(Handler.java:473)
07-09 15:20:54.150  4544  4544 W MessageQueue: 	at android.os.Handler.sendMessageDelayed(Handler.java:446)
07-09 15:20:54.150  4544  4544 W MessageQueue: 	at android.os.Handler.post(Handler.java:263)
07-09 15:20:54.150  4544  4544 W MessageQueue: 	at com.google.android.apps.googlevoice.AndroidBackgroundThread.runInBackground(AndroidBackgroundThread.java:94)
07-09 15:20:54.150  4544  4544 W MessageQueue: 	at com.google.android.apps.googlevoice.widget.WidgetServiceHandler.update(WidgetServiceHandler.java:243)
07-09 15:20:54.150  4544  4544 W MessageQueue: 	at com.google.android.apps.googlevoice.widget.WidgetServiceHandler.handleMessage(WidgetServiceHandler.java:93)
07-09 15:20:54.150  4544  4544 W MessageQueue: 	at com.google.android.apps.googlevoice.activity.MessageReceiverAsHandler.handleMessage(MessageReceiverAsHandler.java:26)
07-09 15:20:54.150  4544  4544 W MessageQueue: 	at android.os.Handler.dispatchMessage(Handler.java:99)
07-09 15:20:54.150  4544  4544 W MessageQueue: 	at android.os.Looper.loop(Looper.java:137)
07-09 15:20:54.150  4544  4544 W MessageQueue: 	at android.app.ActivityThread.main(ActivityThread.java:4424)
07-09 15:20:54.150  4544  4544 W MessageQueue: 	at java.lang.reflect.Method.invokeNative(Native Method)
07-09 15:20:54.150  4544  4544 W MessageQueue: 	at java.lang.reflect.Method.invoke(Method.java:511)
07-09 15:20:54.150  4544  4544 W MessageQueue: 	at com.android.internal.os.ZygoteInit$MethodAndArgsCaller.run(ZygoteInit.java:784)
07-09 15:20:54.150  4544  4544 W MessageQueue: 	at com.android.internal.os.ZygoteInit.main(ZygoteInit.java:551)
07-09 15:20:54.150  4544  4544 W MessageQueue: 	at dalvik.system.NativeStart.main(Native Method)
07-09 15:20:54.338  4020  4036 D dalvikvm: GC_FOR_ALLOC freed 79K, 18% free 14414K/17479K, paused 232ms
07-09 15:20:54.498  4544  4546 D dalvikvm: GC_CONCURRENT freed 334K, 4% free 10605K/11015K, paused 2ms+4ms
07-09 15:20:54.549   425   428 D dalvikvm: GC_CONCURRENT freed 386K, 6% free 10063K/10695K, paused 2ms+31ms
07-09 15:20:55.955   144   376 D AlarmManagerService: Kernel timezone updated to 240 minutes west of GMT
07-09 15:20:55.986   144   144 I ActivityManager: No longer want com.google.android.apps.maps:FriendService (pid 4113): hidden #16
07-09 15:20:55.986   144   144 I ActivityManager: No longer want com.android.musicfx (pid 4323): hidden #17
07-09 15:20:56.006  4020  4020 D OpenGLRenderer: Flushing caches (mode 1)
07-09 15:20:56.217   344   344 D SAN_SERVICE: *******************************************
07-09 15:20:56.217   344   344 D SAN_SERVICE: DM App Phone Service State - 0
07-09 15:20:56.217   344   344 D SAN_SERVICE: *******************************************
07-09 15:20:56.834   370   370 D dalvikvm: GC_FOR_ALLOC freed 679K, 9% free 11620K/12679K, paused 20ms
07-09 15:20:56.928   144   144 I ActivityManager: START {act=android.intent.action.MAIN cat=[android.intent.category.LAUNCHER] flg=0x10000000 pkg=com.instagram.android cmp=com.instagram.android/.activity.MainTabActivity bnds=[360,254][480,404]} from pid 370
07-09 15:20:57.092   144   326 I ActivityManager: Start proc com.instagram.android for activity com.instagram.android/.activity.MainTabActivity: pid=4699 uid=10083 gids={1006, 3003, 1015}
07-09 15:20:57.186   370   370 D OpenGLRenderer: Flushing caches (mode 1)
07-09 15:20:57.291   370   370 D OpenGLRenderer: Flushing caches (mode 0)
07-09 15:20:57.334  4699  4699 D dalvikvm: Trying to load lib /data/data/com.instagram.android/lib/libjni.so 0x413136a0
07-09 15:20:57.369  4699  4699 D dalvikvm: Added shared lib /data/data/com.instagram.android/lib/libjni.so 0x413136a0
07-09 15:20:57.490  4699  4701 D dalvikvm: GC_CONCURRENT freed 195K, 3% free 9332K/9607K, paused 5ms+2ms
07-09 15:20:57.627   144   160 I Process : Sending signal. PID: 4699 SIG: 3
07-09 15:20:57.627  4699  4703 I dalvikvm: threadid=3: reacting to signal 3
07-09 15:20:57.693  4699  4703 I dalvikvm: Wrote stack traces to '/data/anr/traces.txt'
07-09 15:20:58.135   144   160 I Process : Sending signal. PID: 4699 SIG: 3
07-09 15:20:58.139  4699  4703 I dalvikvm: threadid=3: reacting to signal 3
07-09 15:20:58.186  4699  4703 I dalvikvm: Wrote stack traces to '/data/anr/traces.txt'
07-09 15:20:58.541  4699  4701 D dalvikvm: GC_CONCURRENT freed 289K, 4% free 9571K/9927K, paused 15ms+2ms
07-09 15:20:58.627   144   160 I Process : Sending signal. PID: 4699 SIG: 3
07-09 15:20:58.627  4699  4703 I dalvikvm: threadid=3: reacting to signal 3
07-09 15:20:58.674  4699  4703 I dalvikvm: Wrote stack traces to '/data/anr/traces.txt'
07-09 15:20:58.697  4699  4701 D dalvikvm: GC_CONCURRENT freed 312K, 5% free 9707K/10119K, paused 7ms+2ms
07-09 15:20:58.877  4699  4701 D dalvikvm: GC_CONCURRENT freed 159K, 3% free 10080K/10311K, paused 2ms+3ms
07-09 15:20:59.068  4699  4701 D dalvikvm: GC_CONCURRENT freed 344K, 4% free 10279K/10695K, paused 2ms+5ms
07-09 15:20:59.127   144   160 I Process : Sending signal. PID: 4699 SIG: 3
07-09 15:20:59.127  4699  4703 I dalvikvm: threadid=3: reacting to signal 3
07-09 15:20:59.201  4699  4703 I dalvikvm: Wrote stack traces to '/data/anr/traces.txt'
07-09 15:20:59.525  4699  4699 D libEGL  : loaded /system/lib/egl/libGLES_android.so
07-09 15:20:59.537  4699  4699 D libEGL  : loaded /vendor/lib/egl/libEGL_POWERVR_SGX540_120.so
07-09 15:20:59.592  4699  4699 D libEGL  : loaded /vendor/lib/egl/libGLESv1_CM_POWERVR_SGX540_120.so
07-09 15:20:59.615  4699  4699 D libEGL  : loaded /vendor/lib/egl/libGLESv2_POWERVR_SGX540_120.so
07-09 15:20:59.627   144   160 I Process : Sending signal. PID: 4699 SIG: 3
07-09 15:20:59.627  4699  4703 I dalvikvm: threadid=3: reacting to signal 3
07-09 15:20:59.658  4699  4703 I dalvikvm: Wrote stack traces to '/data/anr/traces.txt'
07-09 15:20:59.686  4699  4701 D dalvikvm: GC_CONCURRENT freed 265K, 4% free 10494K/10823K, paused 9ms+2ms
07-09 15:20:59.791  4699  4699 D OpenGLRenderer: Enabling debug mode 0
07-09 15:20:59.936  4699  4701 D dalvikvm: GC_CONCURRENT freed 502K, 6% free 10509K/11079K, paused 2ms+3ms
07-09 15:21:00.127   144   160 I Process : Sending signal. PID: 4699 SIG: 3
07-09 15:21:00.127  4699  4703 I dalvikvm: threadid=3: reacting to signal 3
07-09 15:21:00.178  4699  4703 I dalvikvm: Wrote stack traces to '/data/anr/traces.txt'
07-09 15:21:00.189   307   309 D dalvikvm: GC_CONCURRENT freed 397K, 6% free 10377K/11015K, paused 2ms+4ms
07-09 15:21:00.338   344   344 D SAN_SERVICE: *******************************************
07-09 15:21:00.338   344   344 D SAN_SERVICE: DM App Phone Service State - 0
07-09 15:21:00.338   344   344 D SAN_SERVICE: *******************************************
07-09 15:21:00.365   144   174 I ActivityManager: Displayed com.instagram.android/.activity.MainTabActivity: +3s309ms (total +7s447ms)
07-09 15:21:00.404  4699  4701 D dalvikvm: GC_CONCURRENT freed 192K, 4% free 10758K/11143K, paused 7ms+10ms
07-09 15:21:01.002  4699  4701 D dalvikvm: GC_CONCURRENT freed 250K, 4% free 11087K/11463K, paused 3ms+11ms
07-09 15:21:01.166  4699  4734 D dalvikvm: GC_FOR_ALLOC freed 327K, 6% free 11233K/11847K, paused 26ms
07-09 15:21:01.389  4699  4701 D dalvikvm: GC_CONCURRENT freed 451K, 5% free 11518K/12103K, paused 8ms+3ms
07-09 15:21:02.057  4699  4701 D dalvikvm: GC_CONCURRENT freed 870K, 9% free 11367K/12359K, paused 3ms+4ms
07-09 15:21:02.229  4699  4737 D dalvikvm: GC_FOR_ALLOC freed 242K, 9% free 11286K/12359K, paused 29ms
07-09 15:21:02.522  4699  4701 D dalvikvm: GC_CONCURRENT freed 440K, 7% free 11569K/12359K, paused 2ms+4ms
07-09 15:21:02.596  4699  4737 D dalvikvm: GC_FOR_ALLOC freed 281K, 8% free 11542K/12487K, paused 25ms
07-09 15:21:02.596  4699  4737 I dalvikvm-heap: Grow heap (frag case) to 11.583MB for 253968-byte allocation
07-09 15:21:02.631  4699  4699 D dalvikvm: GC_FOR_ALLOC freed 123K, 9% free 11667K/12743K, paused 24ms
07-09 15:21:02.658  4699  4737 D dalvikvm: GC_FOR_ALLOC freed <1K, 9% free 11667K/12743K, paused 24ms
07-09 15:21:02.658  4699  4737 I dalvikvm-heap: Grow heap (frag case) to 11.616MB for 161263-byte allocation
07-09 15:21:02.693  4699  4720 D dalvikvm: GC_FOR_ALLOC freed 0K, 9% free 11824K/12935K, paused 22ms
07-09 15:21:03.689  4699  4701 D dalvikvm: GC_CONCURRENT freed 1081K, 11% free 11590K/12935K, paused 2ms+5ms
07-09 15:21:03.990  4699  4701 D dalvikvm: GC_CONCURRENT freed 586K, 10% free 11744K/12935K, paused 5ms+3ms
07-09 15:21:04.236  4699  4701 D dalvikvm: GC_CONCURRENT freed 724K, 9% free 11801K/12935K, paused 2ms+2ms
07-09 15:21:04.650  4699  4752 D dalvikvm: GC_FOR_ALLOC freed 763K, 9% free 11791K/12935K, paused 61ms
07-09 15:21:04.869  4699  4737 D dalvikvm: GC_FOR_ALLOC freed 379K, 9% free 11874K/12935K, paused 44ms
07-09 15:21:04.971  4699  4737 D dalvikvm: GC_FOR_ALLOC freed 116K, 8% free 12030K/12935K, paused 33ms
07-09 15:21:05.275  4699  4735 D dalvikvm: GC_FOR_ALLOC freed 831K, 10% free 11937K/13127K, paused 46ms
07-09 15:21:05.412  4699  4735 D dalvikvm: GC_FOR_ALLOC freed 251K, 8% free 12087K/13127K, paused 27ms
07-09 15:21:05.412  4699  4735 I dalvikvm-heap: Grow heap (frag case) to 12.019MB for 153478-byte allocation
07-09 15:21:05.439  4699  4735 D dalvikvm: GC_FOR_ALLOC freed 165K, 10% free 12072K/13319K, paused 27ms
07-09 15:21:05.729  4699  4737 D dalvikvm: GC_FOR_ALLOC freed 885K, 11% free 11937K/13319K, paused 81ms
07-09 15:21:06.010  4699  4701 D dalvikvm: GC_CONCURRENT freed 861K, 10% free 12008K/13319K, paused 4ms+5ms
07-09 15:21:06.814  4699  4701 D dalvikvm: GC_CONCURRENT freed 1122K, 12% free 11805K/13319K, paused 2ms+4ms
07-09 15:21:06.990  4699  4701 D dalvikvm: GC_CONCURRENT freed 741K, 11% free 11872K/13319K, paused 3ms+5ms
07-09 15:21:07.147  4699  4701 D dalvikvm: GC_CONCURRENT freed 584K, 9% free 12135K/13319K, paused 2ms+4ms
07-09 15:21:07.189  4699  4735 D dalvikvm: GC_FOR_ALLOC freed 237K, 9% free 12220K/13319K, paused 25ms
07-09 15:21:07.240  4699  4735 D dalvikvm: GC_FOR_ALLOC freed 66K, 8% free 12285K/13319K, paused 26ms
07-09 15:21:07.283  4699  4752 D dalvikvm: GC_FOR_ALLOC freed 415K, 11% free 12073K/13447K, paused 30ms
07-09 15:21:11.100  4699  4701 D dalvikvm: GC_CONCURRENT freed 1258K, 13% free 11707K/13447K, paused 26ms+4ms
07-09 15:21:11.744  4699  4701 D dalvikvm: GC_CONCURRENT freed 501K, 11% free 11990K/13447K, paused 3ms+5ms
07-09 15:21:12.127  4699  4701 D dalvikvm: GC_CONCURRENT freed 935K, 12% free 11928K/13447K, paused 2ms+4ms
07-09 15:21:12.447  4699  4701 D dalvikvm: GC_CONCURRENT freed 781K, 11% free 11992K/13447K, paused 2ms+4ms
07-09 15:21:15.197   144   402 D AlarmManagerService: Kernel timezone updated to 240 minutes west of GMT
07-09 15:21:16.283  4699  4706 I dalvikvm: Jit: resizing JitTable from 4096 to 8192
07-09 15:21:16.322  4699  4701 D dalvikvm: GC_CONCURRENT freed 872K, 10% free 12109K/13447K, paused 7ms+10ms
07-09 15:21:16.408   320   324 D dalvikvm: GC_CONCURRENT freed 389K, 17% free 10399K/12487K, paused 3ms+4ms
07-09 15:21:19.717   344   344 D SAN_SERVICE: *******************************************
07-09 15:21:19.717   344   344 D SAN_SERVICE: DM App Phone Service State - 0
07-09 15:21:19.717   344   344 D SAN_SERVICE: *******************************************
07-09 15:21:24.666  4448  4451 D dalvikvm: GC_CONCURRENT freed 494K, 7% free 10155K/10887K, paused 2ms+4ms
07-09 15:21:25.330   144   376 D AlarmManagerService: Kernel timezone updated to 240 minutes west of GMT
07-09 15:21:31.432   344   344 D SAN_SERVICE: *******************************************
07-09 15:21:31.432   344   344 D SAN_SERVICE: DM App Phone Service State - 0
07-09 15:21:31.432   344   344 D SAN_SERVICE: *******************************************
07-09 15:21:32.947  4699  4701 D dalvikvm: GC_CONCURRENT freed 587K, 8% free 12429K/13447K, paused 2ms+5ms
07-09 15:21:40.830  4699  4701 D dalvikvm: GC_CONCURRENT freed 614K, 6% free 12847K/13575K, paused 13ms+7ms
07-09 15:21:42.404  4699  4701 D dalvikvm: GC_CONCURRENT freed 1301K, 10% free 12738K/14151K, paused 3ms+6ms
07-09 15:21:43.154   144   380 I ActivityManager: Process android.process.media (pid 4050) has died.
07-09 15:21:43.740   144   400 I ActivityManager: Process com.google.android.googlequicksearchbox (pid 4417) has died.
07-09 15:21:44.123  4699  4701 D dalvikvm: GC_CONCURRENT freed 1105K, 10% free 12761K/14151K, paused 2ms+5ms
07-09 15:21:49.791   144   326 D AlarmManagerService: Kernel timezone updated to 240 minutes west of GMT
07-09 15:21:51.623   320   324 D dalvikvm: GC_CONCURRENT freed 528K, 18% free 10329K/12487K, paused 2ms+4ms
07-09 15:21:51.670  4233  4248 I PhoneLab-: Service Running
07-09 15:21:51.736  4233  4248 I PhoneLab-LoggerService: app_37    1373  1     1440   1068  c00f181c 400107b4 S logcat
07-09 15:21:51.760  4233  4248 I PhoneLab-LoggerService: Logcat pid from database 1373
07-09 15:21:51.760  4233  4248 I PhoneLab-LoggerService: Logcat process found 1373
07-09 15:21:51.760  4233  4248 I PhoneLab-LoggerService: Checking Threshold
07-09 15:21:51.760  4233  4248 I PhoneLab-LoggerService: Starting to rename files
07-09 15:21:51.764  4233  4248 I PhoneLab-LoggerService: Files found .. 2
07-09 15:21:51.791  4233  4236 D dalvikvm: GC_CONCURRENT freed 396K, 6% free 9078K/9607K, paused 9ms+2ms
07-09 15:21:52.990   144   424 I ActivityManager: Process com.android.quicksearchbox (pid 4431) has died.
07-09 15:21:53.545   144   403 D AlarmManagerService: Kernel timezone updated to 240 minutes west of GMT
07-09 15:21:54.553   344   344 D SAN_SERVICE: *******************************************
07-09 15:21:54.553   344   344 D SAN_SERVICE: DM App Phone Service State - 0
07-09 15:21:54.553   344   344 D SAN_SERVICE: *******************************************
07-09 15:22:02.963   344   344 D SAN_SERVICE: *******************************************
07-09 15:22:02.963   344   344 D SAN_SERVICE: DM App Phone Service State - 0
07-09 15:22:02.963   344   344 D SAN_SERVICE: *******************************************
07-09 15:22:11.533  4699  4701 D dalvikvm: GC_CONCURRENT freed 1130K, 10% free 12780K/14151K, paused 13ms+5ms
07-09 15:22:22.244   320   324 D dalvikvm: GC_CONCURRENT freed 459K, 18% free 10329K/12487K, paused 6ms+3ms
07-09 15:22:24.459  4087  4090 D dalvikvm: GC_CONCURRENT freed 561K, 6% free 10441K/11079K, paused 3ms+3ms
07-09 15:22:25.350  4699  4701 D dalvikvm: GC_CONCURRENT freed 1359K, 11% free 12624K/14151K, paused 4ms+11ms
07-09 15:22:26.381   144   144 W InputManagerService: Starting input on non-focused client com.android.internal.view.IInputMethodClient$Stub$Proxy@4157c360 (uid=10083 pid=4699)
07-09 15:22:26.447  4699  4699 D OpenGLRenderer: Flushing caches (mode 0)
07-09 15:22:26.522  4699  4699 D OpenGLRenderer: Flushing caches (mode 1)
07-09 15:22:26.639  4699  4699 D webviewglue: nativeDestroy view: 0x13ebfc0
07-09 15:22:26.647  4699  4699 D webviewglue: nativeDestroy view: 0x14f06e0
07-09 15:22:27.854   144   144 I ActivityManager: START {act=android.intent.action.MAIN cat=[android.intent.category.LAUNCHER] flg=0x10000000 pkg=com.instagram.android cmp=com.instagram.android/.activity.MainTabActivity bnds=[360,254][480,404]} from pid 370
07-09 15:22:28.213   144   147 D dalvikvm: GC_CONCURRENT freed 1319K, 16% free 15739K/18631K, paused 20ms+13ms
07-09 15:22:28.354   320   324 D dalvikvm: GC_CONCURRENT freed 458K, 18% free 10329K/12487K, paused 2ms+7ms
07-09 15:22:28.393   144   174 I ActivityManager: Displayed com.instagram.android/.activity.MainTabActivity: +450ms
07-09 15:22:28.463   370   370 D OpenGLRenderer: Flushing caches (mode 1)
07-09 15:22:28.467   370   370 D OpenGLRenderer: Flushing caches (mode 0)
07-09 15:22:29.615  4699  4701 D dalvikvm: GC_CONCURRENT freed 1056K, 11% free 12648K/14151K, paused 3ms+7ms
07-09 15:22:32.713  4699  4701 D dalvikvm: GC_CONCURRENT freed 975K, 10% free 12768K/14151K, paused 2ms+6ms
07-09 15:22:36.100  4699  4699 D dalvikvm: GC_FOR_ALLOC freed 827K, 12% free 12538K/14151K, paused 36ms
07-09 15:22:36.143  4699  4699 D dalvikvm: GC_FOR_ALLOC freed 24K, 12% free 12572K/14151K, paused 34ms
07-09 15:22:36.143  4699  4699 I dalvikvm-heap: Grow heap (frag case) to 12.369MB for 24496-byte allocation
07-09 15:22:36.178  4699  4699 D dalvikvm: GC_FOR_ALLOC freed 3K, 12% free 12592K/14215K, paused 33ms
07-09 15:22:37.998   344   344 D SAN_SERVICE: *******************************************
07-09 15:22:37.998   344   344 D SAN_SERVICE: DM App Phone Service State - 0
07-09 15:22:37.998   344   344 D SAN_SERVICE: *******************************************
07-09 15:22:39.248   144   380 I ActivityManager: START {cmp=com.instagram.android/.activity.SimpleWebViewActivity (has extras)} from pid 4699
07-09 15:22:39.443   144   174 I ActivityManager: Displayed com.instagram.android/.activity.SimpleWebViewActivity: +103ms
07-09 15:22:39.467  4699  4699 D OpenGLRenderer: Flushing caches (mode 0)
07-09 15:22:39.963   144   160 V BackupManagerService: Running a backup pass
07-09 15:22:39.979   144   213 V BackupManagerService: Backup requested but nothing pending
07-09 15:22:45.080  4699  4699 D OpenGLRenderer: Flushing caches (mode 0)
07-09 15:22:45.104  4699  4699 D webviewglue: nativeDestroy view: 0x180a840
07-09 15:22:45.588   344   344 D SAN_SERVICE: *******************************************
07-09 15:22:45.588   344   344 D SAN_SERVICE: DM App Phone Service State - 0
07-09 15:22:45.588   344   344 D SAN_SERVICE: *******************************************
07-09 15:22:50.904  4699  4699 D dalvikvm: GC_FOR_ALLOC freed 435K, 10% free 12812K/14215K, paused 98ms
07-09 15:22:50.904  4699  4699 I dalvikvm-heap: Grow heap (frag case) to 12.612MB for 32416-byte allocation
07-09 15:22:50.939  4699  4699 D dalvikvm: GC_FOR_ALLOC freed 64K, 11% free 12780K/14279K, paused 34ms
07-09 15:22:51.006   320   324 D dalvikvm: GC_CONCURRENT freed 459K, 18% free 10329K/12487K, paused 3ms+2ms
07-09 15:22:55.986   144   424 W InputManagerService: Starting input on non-focused client com.android.internal.view.IInputMethodClient$Stub$Proxy@4157c360 (uid=10083 pid=4699)
07-09 15:22:56.029  4699  4699 D OpenGLRenderer: Flushing caches (mode 0)
07-09 15:22:56.049  4699  4699 D OpenGLRenderer: Flushing caches (mode 1)
07-09 15:22:56.068  4699  4699 D webviewglue: nativeDestroy view: 0x16ec280
07-09 15:22:56.068  4699  4699 D webviewglue: nativeDestroy view: 0x17322b8
07-09 15:23:01.264   370   370 D dalvikvm: GC_FOR_ALLOC freed 509K, 11% free 11402K/12679K, paused 44ms
07-09 15:23:01.377   144   402 I ActivityManager: START {act=android.intent.action.MAIN cat=[android.intent.category.LAUNCHER] flg=0x10200000 cmp=com.android.vending/.AssetBrowserActivity bnds=[120,556][240,706]} from pid 370
07-09 15:23:01.537   370   370 D OpenGLRenderer: Flushing caches (mode 1)
07-09 15:23:01.541   370   370 D OpenGLRenderer: Flushing caches (mode 0)
07-09 15:23:01.678  4020  4020 D Finsky  : [1] SelfUpdateScheduler.checkForSelfUpdate: Skipping self-update check as there is an update already queued.
07-09 15:23:01.791   144   174 I ActivityManager: Displayed com.android.vending/.AssetBrowserActivity: +370ms
07-09 15:23:01.803   320   324 D dalvikvm: GC_CONCURRENT freed 459K, 18% free 10330K/12487K, paused 2ms+12ms
07-09 15:23:01.994  4020  4020 D dalvikvm: GC_FOR_ALLOC freed 2161K, 26% free 13058K/17479K, paused 40ms
07-09 15:23:01.998  4020  4020 I dalvikvm-heap: Grow heap (frag case) to 13.196MB for 392720-byte allocation
07-09 15:23:02.049  4020  4040 D dalvikvm: GC_FOR_ALLOC freed 38K, 25% free 13404K/17863K, paused 31ms
07-09 15:23:02.115  4020  4044 I ElegantRequestDirector: I/O exception (org.apache.http.NoHttpResponseException) caught when processing request: The target server failed to respond
07-09 15:23:02.115  4020  4044 I ElegantRequestDirector: Retrying request
07-09 15:23:02.150  4020  4042 I ElegantRequestDirector: I/O exception (org.apache.http.NoHttpResponseException) caught when processing request: The target server failed to respond
07-09 15:23:02.150  4020  4042 I ElegantRequestDirector: Retrying request
07-09 15:23:02.178  4020  4041 I ElegantRequestDirector: I/O exception (org.apache.http.NoHttpResponseException) caught when processing request: The target server failed to respond
07-09 15:23:02.182  4020  4041 I ElegantRequestDirector: Retrying request
07-09 15:23:02.498  4020  4022 D dalvikvm: GC_CONCURRENT freed 1123K, 24% free 13732K/17863K, paused 8ms+5ms
07-09 15:23:02.561  4020  4044 D dalvikvm: GC_FOR_ALLOC freed 92K, 24% free 13640K/17863K, paused 62ms
07-09 15:23:02.564  4020  4044 I dalvikvm-heap: Grow heap (frag case) to 13.886MB for 522256-byte allocation
07-09 15:23:02.604  4020  4041 D dalvikvm: GC_FOR_ALLOC freed <1K, 24% free 14149K/18375K, paused 24ms
07-09 15:23:02.670  4020  4042 D dalvikvm: GC_FOR_ALLOC freed 141K, 23% free 14220K/18375K, paused 24ms
07-09 15:23:02.670  4020  4042 I dalvikvm-heap: Grow heap (frag case) to 14.199MB for 256016-byte allocation
07-09 15:23:02.713  4020  4044 D dalvikvm: GC_FOR_ALLOC freed <1K, 23% free 14469K/18631K, paused 25ms
07-09 15:23:02.768  4020  4041 D dalvikvm: GC_FOR_ALLOC freed 53K, 23% free 14442K/18631K, paused 26ms
07-09 15:23:02.768  4020  4041 I dalvikvm-heap: Grow heap (frag case) to 14.670MB for 522256-byte allocation
07-09 15:23:02.932  4020  4042 D dalvikvm: GC_FOR_ALLOC freed 1K, 22% free 14950K/19143K, paused 145ms
07-09 15:23:02.990  4020  4043 D dalvikvm: GC_FOR_ALLOC freed 261K, 23% free 14926K/19143K, paused 27ms
07-09 15:23:02.994  4020  4043 I dalvikvm-heap: Grow heap (frag case) to 15.073MB for 449296-byte allocation
07-09 15:23:03.041  4020  4020 D dalvikvm: GC_FOR_ALLOC freed 2K, 22% free 15363K/19591K, paused 32ms
07-09 15:23:03.092  4020  4044 D dalvikvm: GC_FOR_ALLOC freed 8K, 22% free 15363K/19591K, paused 29ms
07-09 15:23:03.092  4020  4044 I dalvikvm-heap: Grow heap (frag case) to 15.570MB for 522256-byte allocation
07-09 15:23:03.135  4020  4042 D dalvikvm: GC_FOR_ALLOC freed <1K, 22% free 15873K/20103K, paused 24ms
07-09 15:23:03.186  4020  4042 D dalvikvm: GC_FOR_ALLOC freed 55K, 21% free 15886K/20103K, paused 31ms
07-09 15:23:03.186  4020  4042 I dalvikvm-heap: Grow heap (frag case) to 15.707MB for 130576-byte allocation
07-09 15:23:03.229  4020  4020 D dalvikvm: GC_FOR_ALLOC freed <1K, 21% free 16013K/20231K, paused 27ms
07-09 15:23:03.244  4020  4044 I ElegantRequestDirector: I/O exception (org.apache.http.NoHttpResponseException) caught when processing request: The target server failed to respond
07-09 15:23:03.248  4020  4044 I ElegantRequestDirector: Retrying request
07-09 15:23:03.580   320   324 D dalvikvm: GC_CONCURRENT freed 680K, 19% free 10124K/12487K, paused 7ms+8ms
07-09 15:23:03.596   320   320 D dalvikvm: GC_FOR_ALLOC freed 79K, 20% free 10045K/12487K, paused 15ms
07-09 15:23:03.600   320   320 I dalvikvm-heap: Grow heap (frag case) to 10.718MB for 885136-byte allocation
07-09 15:23:03.615   320   320 D dalvikvm: GC_FOR_ALLOC freed <1K, 13% free 10909K/12487K, paused 15ms
07-09 15:23:03.631  4020  4041 D dalvikvm: GC_FOR_ALLOC freed 312K, 22% free 15891K/20231K, paused 190ms
07-09 15:23:03.631  4020  4041 I dalvikvm-heap: Grow heap (frag case) to 15.695MB for 112336-byte allocation
07-09 15:23:03.775  4020  4041 D dalvikvm: GC_FOR_ALLOC freed 3K, 22% free 15998K/20359K, paused 136ms
07-09 15:23:03.830   214   216 D dalvikvm: GC_CONCURRENT freed 196K, 31% free 9904K/14343K, paused 1ms+11ms
07-09 15:23:03.873  4020  4044 D dalvikvm: GC_FOR_ALLOC freed 46K, 22% free 16002K/20359K, paused 58ms
07-09 15:23:03.873  4020  4044 I dalvikvm-heap: Grow heap (frag case) to 15.820MB for 130576-byte allocation
07-09 15:23:03.916   214   216 D dalvikvm: GC_CONCURRENT freed 564K, 32% free 9805K/14343K, paused 2ms+5ms
07-09 15:23:03.951  4020  4044 D dalvikvm: GC_FOR_ALLOC freed 1K, 22% free 16128K/20487K, paused 74ms
07-09 15:23:06.252   144   400 I ActivityManager: Process hr.podlanica (pid 4492) has died.
07-09 15:23:12.518   144   326 I ActivityManager: START {act=android.intent.action.SEARCH flg=0x10000000 cmp=com.android.vending/.AssetBrowserActivity (has extras)} from pid 4020
07-09 15:23:12.732   214   216 D dalvikvm: GC_CONCURRENT freed 426K, 32% free 9886K/14343K, paused 5ms+28ms
07-09 15:23:12.893   214   216 D dalvikvm: GC_CONCURRENT freed 573K, 33% free 9713K/14343K, paused 2ms+7ms
07-09 15:23:13.854  4020  4020 D dalvikvm: GC_FOR_ALLOC freed 1178K, 19% free 16696K/20487K, paused 37ms
07-09 15:23:16.865   144   400 D dalvikvm: GC_EXPLICIT freed 1221K, 16% free 15703K/18631K, paused 6ms+15ms
07-09 15:23:16.979  4020  4020 D Finsky  : [1] DetailsDataBasedFragment.rebindViews: Page [class=DetailsFragment] loaded in [347 ms] (partial? false)
07-09 15:23:17.686  4020  4022 D dalvikvm: GC_CONCURRENT freed 1222K, 15% free 17461K/20487K, paused 6ms+6ms
07-09 15:23:17.791  4020  4037 I ElegantRequestDirector: I/O exception (org.apache.http.NoHttpResponseException) caught when processing request: The target server failed to respond
07-09 15:23:17.791  4020  4037 I ElegantRequestDirector: Retrying request
07-09 15:23:17.830  4020  4020 D Finsky  : [1] DetailsDataBasedFragment.rebindViews: Page [class=DetailsFragment] loaded in [1198 ms] (partial? true)
07-09 15:23:18.037  4020  4042 D dalvikvm: GC_FOR_ALLOC freed 500K, 15% free 17585K/20487K, paused 40ms
07-09 15:23:18.037  4020  4042 I dalvikvm-heap: Grow heap (frag case) to 17.426MB for 194416-byte allocation
07-09 15:23:18.092  4020  4020 D dalvikvm: GC_FOR_ALLOC freed 139K, 15% free 17635K/20679K, paused 37ms
07-09 15:23:18.178  4020  4041 D dalvikvm: GC_FOR_ALLOC freed 105K, 15% free 17747K/20679K, paused 37ms
07-09 15:23:18.182  4020  4041 I dalvikvm-heap: Grow heap (frag case) to 17.585MB for 194416-byte allocation
07-09 15:23:18.232  4020  4042 D dalvikvm: GC_FOR_ALLOC freed 4K, 15% free 17933K/20871K, paused 37ms
07-09 15:23:18.732  4020  4044 D dalvikvm: GC_FOR_ALLOC freed 749K, 16% free 17681K/20871K, paused 74ms
07-09 15:23:18.822  4020  4043 D dalvikvm: GC_FOR_ALLOC freed 153K, 15% free 17908K/20871K, paused 38ms
07-09 15:23:18.822  4020  4043 I dalvikvm-heap: Grow heap (frag case) to 17.742MB for 194416-byte allocation
07-09 15:23:18.881  4020  4020 D dalvikvm: GC_FOR_ALLOC freed <1K, 15% free 18097K/21063K, paused 42ms
07-09 15:23:24.838  4448  4451 D dalvikvm: GC_CONCURRENT freed 584K, 8% free 10082K/10887K, paused 19ms+4ms
07-09 15:23:25.018   344   344 D SAN_SERVICE: *******************************************
07-09 15:23:25.018   344   344 D SAN_SERVICE: DM App Phone Service State - 0
07-09 15:23:25.018   344   344 D SAN_SERVICE: *******************************************
07-09 15:23:28.522   144   156 D AlarmManagerService: Kernel timezone updated to 240 minutes west of GMT
07-09 15:23:36.439  4020  4040 D dalvikvm: GC_FOR_ALLOC freed 3741K, 25% free 15861K/21063K, paused 39ms
07-09 15:23:36.564  4020  4040 D dalvikvm: GC_FOR_ALLOC freed 304K, 18% free 17391K/21063K, paused 35ms
07-09 15:23:37.736  4020  4020 W IInputConnectionWrapper: showStatusIcon on inactive InputConnection
07-09 15:23:37.818  4020  4020 D OpenGLRenderer: Flushing caches (mode 1)
07-09 15:23:39.236   144   380 D AlarmManagerService: Kernel timezone updated to 240 minutes west of GMT
07-09 15:23:45.334   370   375 D dalvikvm: GC_CONCURRENT freed 401K, 8% free 11704K/12679K, paused 4ms+4ms
07-09 15:23:45.584   370  4816 D dalvikvm: GC_FOR_ALLOC freed 86K, 7% free 11798K/12679K, paused 26ms
07-09 15:23:45.588   370  4816 I dalvikvm-heap: Grow heap (frag case) to 11.828MB for 253016-byte allocation
07-09 15:23:45.623   370   370 D dalvikvm: GC_FOR_ALLOC freed 7K, 7% free 12037K/12935K, paused 20ms
07-09 15:23:45.658   370  4816 D dalvikvm: GC_FOR_ALLOC freed 249K, 8% free 11905K/12935K, paused 22ms
07-09 15:23:45.709   370  4816 D dalvikvm: GC_FOR_ALLOC freed <1K, 6% free 12162K/12935K, paused 23ms
07-09 15:23:45.713   370  4816 I dalvikvm-heap: Grow heap (frag case) to 12.504MB for 589840-byte allocation
07-09 15:23:45.744   370   370 D dalvikvm: GC_FOR_ALLOC freed 0K, 7% free 12738K/13575K, paused 21ms
07-09 15:23:45.795   370  4816 D dalvikvm: GC_FOR_ALLOC freed 857K, 13% free 11930K/13575K, paused 20ms
07-09 15:23:45.869   370   375 D dalvikvm: GC_CONCURRENT freed 1K, 6% free 12835K/13575K, paused 1ms+7ms
07-09 15:23:45.990   370  4817 D dalvikvm: GC_FOR_ALLOC freed 915K, 12% free 12304K/13895K, paused 28ms
07-09 15:23:46.080   370  4817 D dalvikvm: GC_FOR_ALLOC freed 997K, 13% free 12191K/13895K, paused 29ms
07-09 15:23:46.295   144   156 I ActivityManager: START {act=android.intent.action.MAIN cat=[android.intent.category.LAUNCHER] flg=0x10200000 cmp=com.android.providers.downloads.ui/.DownloadList} from pid 370
07-09 15:23:46.494   144   323 I ActivityManager: Start proc android.process.media for activity com.android.providers.downloads.ui/.DownloadList: pid=4818 uid=10012 gids={1015, 1023, 1024, 2001, 3003, 3007}
07-09 15:23:46.561   370   370 D OpenGLRenderer: Flushing caches (mode 1)
07-09 15:23:46.576  4818  4818 I ActivityThread: Pub downloads: com.android.providers.downloads.DownloadProvider
07-09 15:23:46.615  4818  4818 I ActivityThread: Pub drm: com.android.providers.drm.DrmProvider
07-09 15:23:46.619  4818  4831 I DownloadManager: in removeSpuriousFiles
07-09 15:23:46.643  4818  4818 I ActivityThread: Pub media: com.android.providers.media.MediaProvider
07-09 15:23:46.647  4818  4831 I DownloadManager: in removeSpuriousFiles, preserving file /data/data/com.android.providers.downloads/cache/metadata.json
07-09 15:23:46.647  4818  4831 I DownloadManager: in removeSpuriousFiles, preserving file /data/data/com.android.providers.downloads/cache/en_general.htm
07-09 15:23:46.647  4818  4831 I DownloadManager: in removeSpuriousFiles, preserving file /mnt/sdcard/Download/img-thing.jpeg
07-09 15:23:46.650  4818  4831 I DownloadManager: in removeSpuriousFiles, preserving file /data/data/com.android.providers.downloads/cache/metadata-1.json
07-09 15:23:46.650  4818  4831 I DownloadManager: in removeSpuriousFiles, preserving file /data/data/com.android.providers.downloads/cache/downloadfile.jpeg
07-09 15:23:46.650  4818  4831 I DownloadManager: in removeSpuriousFiles, preserving file /data/data/com.android.providers.downloads/cache/metadata-2.json
07-09 15:23:46.650  4818  4831 I DownloadManager: in removeSpuriousFiles, preserving file /data/data/com.android.providers.downloads/cache/metadata-3.json
07-09 15:23:46.650  4818  4831 I DownloadManager: in removeSpuriousFiles, preserving file /data/data/com.android.providers.downloads/cache/downloadfile-1.jpeg
07-09 15:23:46.650  4818  4831 I DownloadManager: in removeSpuriousFiles, preserving file /data/data/com.android.providers.downloads/cache/downloadfile-2.jpeg
07-09 15:23:46.650  4818  4831 I DownloadManager: in removeSpuriousFiles, preserving file /data/data/com.android.providers.downloads/cache/metadata-4.json
07-09 15:23:46.654  4818  4831 I DownloadManager: deleting spurious file /cache/backup
07-09 15:23:46.654  4818  4831 I DownloadManager: deleting spurious file /data/data/com.android.providers.downloads/cache/downloadfile.apk
07-09 15:23:46.670   370   370 D OpenGLRenderer: Flushing caches (mode 0)
07-09 15:23:47.022  4818  4820 D dalvikvm: GC_CONCURRENT freed 324K, 5% free 9175K/9607K, paused 29ms+2ms
07-09 15:23:47.037   144   160 I Process : Sending signal. PID: 4818 SIG: 3
07-09 15:23:47.037  4818  4821 I dalvikvm: threadid=3: reacting to signal 3
07-09 15:23:47.061  4818  4821 I dalvikvm: Wrote stack traces to '/data/anr/traces.txt'
07-09 15:23:47.244   344   344 D SAN_SERVICE: *******************************************
07-09 15:23:47.244   344   344 D SAN_SERVICE: DM App Phone Service State - 0
07-09 15:23:47.244   344   344 D SAN_SERVICE: *******************************************
07-09 15:23:47.385  4818  4818 D libEGL  : loaded /system/lib/egl/libGLES_android.so
07-09 15:23:47.400  4818  4818 D libEGL  : loaded /vendor/lib/egl/libEGL_POWERVR_SGX540_120.so
07-09 15:23:47.420  4818  4818 D libEGL  : loaded /vendor/lib/egl/libGLESv1_CM_POWERVR_SGX540_120.so
07-09 15:23:47.432  4818  4818 D libEGL  : loaded /vendor/lib/egl/libGLESv2_POWERVR_SGX540_120.so
07-09 15:23:47.514  4818  4818 D OpenGLRenderer: Enabling debug mode 0
07-09 15:23:47.533   144   160 I Process : Sending signal. PID: 4818 SIG: 3
07-09 15:23:47.533  4818  4821 I dalvikvm: threadid=3: reacting to signal 3
07-09 15:23:47.533   144   380 W InputManagerService: Starting input on non-focused client com.android.internal.view.IInputMethodClient$Stub$Proxy@4177f7b8 (uid=10026 pid=370)
07-09 15:23:47.564  4818  4821 I dalvikvm: Wrote stack traces to '/data/anr/traces.txt'
07-09 15:23:47.678  4818  4820 D dalvikvm: GC_CONCURRENT freed 272K, 4% free 9366K/9735K, paused 3ms+6ms
07-09 15:23:47.857   144   174 I ActivityManager: Displayed com.android.providers.downloads.ui/.DownloadList: +1s469ms
07-09 15:23:50.463   144   156 W InputManagerService: Starting input on non-focused client com.android.internal.view.IInputMethodClient$Stub$Proxy@4165d4e0 (uid=10012 pid=4818)
07-09 15:23:50.529   320   324 D dalvikvm: GC_CONCURRENT freed 1435K, 20% free 10049K/12487K, paused 2ms+21ms
07-09 15:23:50.572   370   375 D dalvikvm: GC_CONCURRENT freed 1074K, 13% free 12170K/13895K, paused 1ms+4ms
07-09 15:23:50.635   370  4837 D dalvikvm: GC_FOR_ALLOC freed 281K, 13% free 12168K/13895K, paused 30ms
07-09 15:23:50.635   370  4837 I dalvikvm-heap: Grow heap (frag case) to 12.510MB for 589840-byte allocation
07-09 15:23:50.670   370   370 D dalvikvm: GC_FOR_ALLOC freed <1K, 13% free 12743K/14535K, paused 24ms
07-09 15:23:50.744   370  4837 D dalvikvm: GC_FOR_ALLOC freed 866K, 18% free 11929K/14535K, paused 20ms
07-09 15:23:50.818   144   160 I Process : Sending signal. PID: 370 SIG: 3
07-09 15:23:50.818   370   379 I dalvikvm: threadid=3: reacting to signal 3
07-09 15:23:50.826   370  4838 D dalvikvm: GC_FOR_ALLOC freed 1K, 12% free 12831K/14535K, paused 44ms
07-09 15:23:50.850   370   379 I dalvikvm: Wrote stack traces to '/data/anr/traces.txt'
07-09 15:23:50.850   144   144 I ActivityManager: Process com.google.android.apps.plus (pid 4356) has died.
07-09 15:23:50.936   370   375 D dalvikvm: GC_CONCURRENT freed 135K, 9% free 13256K/14535K, paused 2ms+4ms
07-09 15:23:50.971  4818  4818 D OpenGLRenderer: Flushing caches (mode 0)
07-09 15:23:51.022   370  4838 D dalvikvm: GC_FOR_ALLOC freed 907K, 16% free 12352K/14535K, paused 23ms
07-09 15:23:51.068  4818  4818 D OpenGLRenderer: Flushing caches (mode 1)
07-09 15:23:51.147   370   375 D dalvikvm: GC_CONCURRENT freed 903K, 14% free 12553K/14535K, paused 1ms+2ms
07-09 15:23:51.674  4233  4248 I PhoneLab-: Service Running
07-09 15:23:51.838  4233  4248 I PhoneLab-LoggerService: app_37    1373  1     1440   1068  c00f181c 400107b4 S logcat
07-09 15:23:51.838  4233  4248 I PhoneLab-LoggerService: Logcat pid from database 1373
07-09 15:23:51.842  4233  4248 I PhoneLab-LoggerService: Logcat process found 1373
07-09 15:23:51.842  4233  4248 I PhoneLab-LoggerService: Checking Threshold
07-09 15:23:51.842  4233  4248 I PhoneLab-LoggerService: Starting to rename files
07-09 15:23:51.842  4233  4248 I PhoneLab-LoggerService: Files found .. 2
07-09 15:24:01.010   144   323 I ActivityManager: START {act=android.intent.action.MAIN cat=[android.intent.category.LAUNCHER] flg=0x10200000 cmp=com.icenta.sudoku.ui/.SplashActivity} from pid 370
07-09 15:24:01.197   144   155 I ActivityManager: Start proc com.icenta.sudoku.ui for activity com.icenta.sudoku.ui/.SplashActivity: pid=4841 uid=10081 gids={1015, 3003}
07-09 15:24:01.225  4841  4841 I dalvikvm: Turning on JNI app bug workarounds for target SDK version 2...
07-09 15:24:01.275   144   156 I ActivityManager: Process com.android.calendar (pid 4604) has died.
07-09 15:24:01.283   370   370 D OpenGLRenderer: Flushing caches (mode 1)
07-09 15:24:01.287  4841  4841 I ActivityThread: Pub com.icenta.sudoku.ui.content.AdContentProvider: com.greystripe.android.sdk.AdContentProvider
07-09 15:24:01.330   370   370 D OpenGLRenderer: Flushing caches (mode 0)
07-09 15:24:01.373  4841  4841 D dalvikvm: GC_FOR_ALLOC freed 77K, 3% free 9103K/9347K, paused 19ms
07-09 15:24:01.377  4841  4841 I dalvikvm-heap: Grow heap (frag case) to 9.544MB for 614416-byte allocation
07-09 15:24:01.416  4841  4843 D dalvikvm: GC_CONCURRENT freed 1K, 3% free 9702K/9991K, paused 2ms+4ms
07-09 15:24:01.436  4841  4841 D dalvikvm: GC_FOR_ALLOC freed 0K, 3% free 9702K/9991K, paused 15ms
07-09 15:24:01.439  4841  4841 I dalvikvm-heap: Grow heap (frag case) to 10.862MB for 1382416-byte allocation
07-09 15:24:01.459  4841  4841 D dalvikvm: GC_FOR_ALLOC freed 0K, 4% free 11052K/11399K, paused 13ms
07-09 15:24:01.533   214   214 V PhoneStatusBar: setLightsOn(true)
07-09 15:24:01.537  4841  4841 D libEGL  : loaded /system/lib/egl/libGLES_android.so
07-09 15:24:01.541  4841  4841 D libEGL  : loaded /vendor/lib/egl/libEGL_POWERVR_SGX540_120.so
07-09 15:24:01.545  4841  4841 D libEGL  : loaded /vendor/lib/egl/libGLESv1_CM_POWERVR_SGX540_120.so
07-09 15:24:01.549  4841  4841 D libEGL  : loaded /vendor/lib/egl/libGLESv2_POWERVR_SGX540_120.so
07-09 15:24:01.607  4841  4841 D OpenGLRenderer: Enabling debug mode 0
07-09 15:24:01.682   144   174 I ActivityManager: Displayed com.icenta.sudoku.ui/.SplashActivity: +605ms
07-09 15:24:01.689   144   380 W InputManagerService: Starting input on non-focused client com.android.internal.view.IInputMethodClient$Stub$Proxy@4177f7b8 (uid=10026 pid=370)
07-09 15:24:06.022   144   424 I ActivityManager: START {cmp=com.icenta.sudoku.ui/.MobileSudoku} from pid 4841
07-09 15:24:06.041   144   424 W ActivityManager: Activity is launching as a new task, so cancelling activity result.
07-09 15:24:06.189  4841  4841 D HeyzapSDK: Tracking checkin-button-shown event.
07-09 15:24:06.354  4841  4843 D dalvikvm: GC_CONCURRENT freed 888K, 9% free 10888K/11847K, paused 3ms+3ms
07-09 15:24:06.397  4841  4841 W Resources: Converting to string: TypedValue{t=0x10/d=0xc18f a=-1}
07-09 15:24:06.397  4841  4841 W Resources: Converting to string: TypedValue{t=0x10/d=0x118aa a=-1}
07-09 15:24:06.397  4841  4841 I com.greystripe.android.sdk.GSSDKImpl: initialize(8f54f17e-3ff6-4bb5-8142-d54a34e8c84a)
07-09 15:24:06.463   144   403 I ActivityManager: START {flg=0x10000000 cmp=com.icenta.sudoku.ui/com.greystripe.android.sdk.AdView (has extras)} from pid 4841
07-09 15:24:06.768   144   160 I Process : Sending signal. PID: 4841 SIG: 3
07-09 15:24:06.768  4841  4845 I dalvikvm: threadid=3: reacting to signal 3
07-09 15:24:06.881  4841  4845 I dalvikvm: Wrote stack traces to '/data/anr/traces.txt'
07-09 15:24:06.967   144   160 I Process : Sending signal. PID: 4841 SIG: 3
07-09 15:24:06.967  4841  4845 I dalvikvm: threadid=3: reacting to signal 3
07-09 15:24:06.967   144   160 W ActivityManager: Activity pause timeout for ActivityRecord{4184f7a8 com.icenta.sudoku.ui/.MobileSudoku}
07-09 15:24:06.994  4841  4843 D dalvikvm: GC_CONCURRENT freed 275K, 6% free 11195K/11847K, paused 129ms+15ms
07-09 15:24:07.014  4841  4845 I dalvikvm: Wrote stack traces to '/data/anr/traces.txt'
07-09 15:24:07.311  4841  4841 D MoPub   : Failed to retrieve GPS location: access appears to be disabled.
07-09 15:24:07.311  4841  4841 D MoPub   : Failed to retrieve network location: access appears to be disabled.
07-09 15:24:07.326  4841  4841 D MoPub   : adWillLoad: http://ads.mopub.com/m/ad?v=6&id=agltb3B1Yi1pbmNyDQsSBFNpdGUYgtSjEww&nv=1.3.0.0&udid=sha:d6542c3a6e81cb101d355677cb92b5e9d605ff4a&z=-0400&o=p&sc_a=1.5
07-09 15:24:07.518  4841  4843 D dalvikvm: GC_CONCURRENT freed 352K, 4% free 11518K/11975K, paused 32ms+3ms
07-09 15:24:07.748   144   160 I Process : Sending signal. PID: 4841 SIG: 3
07-09 15:24:07.748  4841  4845 I dalvikvm: threadid=3: reacting to signal 3
07-09 15:24:07.803  4841  4845 I dalvikvm: Wrote stack traces to '/data/anr/traces.txt'
07-09 15:24:08.029   144   160 I Process : Sending signal. PID: 4841 SIG: 3
07-09 15:24:08.029  4841  4845 I dalvikvm: threadid=3: reacting to signal 3
07-09 15:24:08.080  4841  4845 I dalvikvm: Wrote stack traces to '/data/anr/traces.txt'
07-09 15:24:08.182   144   147 D dalvikvm: GC_CONCURRENT freed 1279K, 15% free 15985K/18631K, paused 35ms+18ms
07-09 15:24:08.326   144   402 I ActivityManager: Start proc com.google.android.apps.plus for content provider com.google.android.apps.plus/.content.AdsProvider: pid=4884 uid=10060 gids={3003, 3002, 1015, 1006}
07-09 15:24:08.334  4841  4887 I Ads     : To get test ads on this device, call adRequest.addTestDevice("EED68B218A5AD30445E1768D90BF33FD");
07-09 15:24:08.490  4841  4887 I Ads     : adRequestUrlHtml: <html><head><script src="http://media.admob.com/sdk-core-v40.js"></script><script>AFMA_buildAdURL({"kw":["community","puzzle","game","android","sudoku","mobile"],"preqs":0,"u_sd":1.5,"slotname":"a14cb619f8af8d9","u_w":320,"msid":"com.icenta.sudoku.ui","js":"afma-sdk-a-v4.3.1","mv":"8011015.com.android.vending","isu":"EED68B218A5AD30445E1768D90BF33FD","cipa":1,"format":"320x50_mb","net":"wi","app_name":"51.android.com.icenta.sudoku.ui","hl":"en","u_h":533,"u_audio":3});</script></head><body></body></html>
07-09 15:24:08.525   144   160 I Process : Sending signal. PID: 4841 SIG: 3
07-09 15:24:08.525  4841  4845 I dalvikvm: threadid=3: reacting to signal 3
07-09 15:24:08.564  4841  4841 I MillennialMediaSDK: No incomplete downloads.
07-09 15:24:08.568  4841  4845 I dalvikvm: Wrote stack traces to '/data/anr/traces.txt'
07-09 15:24:08.643  4841  4841 I MillennialMediaSDK: Last ad name is null. Call for new ad.
07-09 15:24:08.854  4841  4876 W Settings: Setting android_id has moved from android.provider.Settings.System to android.provider.Settings.Secure, returning read-only value.
07-09 15:24:08.881  4841  4905 I MillennialMediaSDK: Calling for an advertisement: http://androidsdk.ads.mp.mydas.mobi/getAd.php5?sdkapid=71850&hdid=mmh_07BCA9BC7BDC9400540F300500857BD4_BA379190A3B2CA930990BEE7373A1F5536BE7998&mmdid=mmh_EED68B218A5AD30445E1768D90BF33FD_D6542C3A6E81CB101D355677CB92B5E9D605FF4A&ua=Mozilla%2F5.0+%28Linux%3B+U%3B+Android+4.0.4%3B+en-us%3B+Full+Android+on+Crespo4G+Build%2FIMM76D%29+AppleWebKit%2F534.30+%28KHTML%2C+like+Gecko%29+Version%2F4.0+Mobile+Safari%2F534.30Full+Android+on+Crespo4G&dm=Full+Android+on+Crespo4G&dv=Android4.0.4&density=1.5&hpx=800&wpx=480&mmisdk=4.5.1-12.2.2.a&language=en&country=US&kw=sudoku%2Cpuzzle%2Cgame%2Candroid%2Cmobile%2Ccommunity&ar=manual&bl=94&plugged=true&space=9441415168&conn=wifi&video=true&cachedvideo=true&adtype=MMBannerAdTop
07-09 15:24:08.998  4884  4886 D dalvikvm: GC_CONCURRENT freed 172K, 3% free 9364K/9607K, paused 4ms+4ms
07-09 15:24:09.166   144   160 I Process : Sending signal. PID: 4841 SIG: 3
07-09 15:24:09.166  4841  4845 I dalvikvm: threadid=3: reacting to signal 3
07-09 15:24:09.299  4841  4845 I dalvikvm: Wrote stack traces to '/data/anr/traces.txt'
07-09 15:24:09.385  4884  4884 I ActivityThread: Pub com.google.android.apps.plus.content.ApiProvider: com.google.android.apps.plus.content.EsApiProvider
07-09 15:24:09.412  4884  4884 I ActivityThread: Pub com.google.android.apps.plus.content.EsGooglePhotoProvider: com.google.android.picasasync.PicasaContentProvider
07-09 15:24:09.553   144   160 I Process : Sending signal. PID: 4841 SIG: 3
07-09 15:24:09.553  4841  4845 I dalvikvm: threadid=3: reacting to signal 3
07-09 15:24:09.568  4884  4886 D dalvikvm: GC_CONCURRENT freed 339K, 5% free 9578K/9991K, paused 44ms+3ms
07-09 15:24:09.611  4841  4845 I dalvikvm: Wrote stack traces to '/data/anr/traces.txt'
07-09 15:24:09.631  4884  4884 I ActivityThread: Pub com.google.android.apps.plus.content.EsPicasaStoreProvider: com.google.android.picasastore.PicasaPhotoContentProvider
07-09 15:24:09.654  4884  4884 I ActivityThread: Pub com.google.plus.platform: com.google.android.apps.plus.content.AdsProvider
07-09 15:24:09.658  4884  4884 I ActivityThread: Pub com.google.android.apps.plus.iu.EsGoogleIuProvider: com.google.android.apps.plus.iu.InstantUploadProvider
07-09 15:24:09.768  4884  4886 D dalvikvm: GC_CONCURRENT freed 457K, 6% free 9651K/10183K, paused 4ms+4ms
07-09 15:24:09.775  4884  4884 I ActivityThread: Pub com.google.android.apps.plus.content.EsProvider: com.google.android.apps.plus.content.EsProvider
07-09 15:24:09.939   144   326 I ActivityManager: Process com.android.deskclock (pid 4621) has died.
07-09 15:24:10.014  4841  4843 D dalvikvm: GC_CONCURRENT freed 608K, 6% free 11697K/12423K, paused 67ms+45ms
07-09 15:24:10.025   144   160 I Process : Sending signal. PID: 4841 SIG: 3
07-09 15:24:10.025  4841  4845 I dalvikvm: threadid=3: reacting to signal 3
07-09 15:24:10.061  4884  4886 D dalvikvm: GC_CONCURRENT freed 216K, 4% free 9844K/10247K, paused 21ms+3ms
07-09 15:24:10.092  4841  4845 I dalvikvm: Wrote stack traces to '/data/anr/traces.txt'
07-09 15:24:10.111  4841  4915 I com.greystripe.android.sdk.GSSDKImpl: boot initialization attempt #0
07-09 15:24:10.205  4884  4911 D PicasaPhotoCP: set fsid first time:-1
07-09 15:24:10.229  4841  4841 E Ads     : An error occurred while loading data in AdWebView:
07-09 15:24:10.229  4841  4841 E Ads     : java.lang.NullPointerException
07-09 15:24:10.229  4841  4841 E Ads     : 	at android.webkit.WebView.loadDataWithBaseURL(WebView.java:2199)
07-09 15:24:10.229  4841  4841 E Ads     : 	at com.google.ads.h.loadDataWithBaseURL(SourceFile:128)
07-09 15:24:10.229  4841  4841 E Ads     : 	at com.google.ads.c$c.run(SourceFile:142)
07-09 15:24:10.229  4841  4841 E Ads     : 	at android.os.Handler.handleCallback(Handler.java:605)
07-09 15:24:10.229  4841  4841 E Ads     : 	at android.os.Handler.dispatchMessage(Handler.java:92)
07-09 15:24:10.229  4841  4841 E Ads     : 	at android.os.Looper.loop(Looper.java:137)
07-09 15:24:10.229  4841  4841 E Ads     : 	at android.app.ActivityThread.main(ActivityThread.java:4424)
07-09 15:24:10.229  4841  4841 E Ads     : 	at java.lang.reflect.Method.invokeNative(Native Method)
07-09 15:24:10.229  4841  4841 E Ads     : 	at java.lang.reflect.Method.invoke(Method.java:511)
07-09 15:24:10.229  4841  4841 E Ads     : 	at com.android.internal.os.ZygoteInit$MethodAndArgsCaller.run(ZygoteInit.java:784)
07-09 15:24:10.229  4841  4841 E Ads     : 	at com.android.internal.os.ZygoteInit.main(ZygoteInit.java:551)
07-09 15:24:10.229  4841  4841 E Ads     : 	at dalvik.system.NativeStart.main(Native Method)
07-09 15:24:10.244  4841  4841 D MoPub   : Ad Unit (agltb3B1Yi1pbmNyDQsSBFNpdGUYgtSjEww) going visible: enabling refresh
07-09 15:24:10.252  4841  4841 D MoPub   : Automatic refresh for agltb3B1Yi1pbmNyDQsSBFNpdGUYgtSjEww set to: true.
07-09 15:24:10.522   144   160 I Process : Sending signal. PID: 4841 SIG: 3
07-09 15:24:10.522  4841  4845 I dalvikvm: threadid=3: reacting to signal 3
07-09 15:24:10.568  4841  4845 I dalvikvm: Wrote stack traces to '/data/anr/traces.txt'
07-09 15:24:10.576  4841  4915 I com.greystripe.android.sdk.GSSDKImpl: client version is current: a1.6.3
07-09 15:24:10.600   144   326 I ActivityManager: Process com.android.providers.calendar (pid 4636) has died.
07-09 15:24:10.650  4841  4841 D dalvikvm: GC_FOR_ALLOC freed 441K, 7% free 11915K/12679K, paused 32ms
07-09 15:24:10.725  4841  4841 D dalvikvm: GC_FOR_ALLOC freed 88K, 7% free 12178K/12999K, paused 22ms
07-09 15:24:10.744   144   174 I ActivityManager: Displayed com.icenta.sudoku.ui/.MobileSudoku: +4s609ms
07-09 15:24:10.760   214   214 V PhoneStatusBar: setLightsOn(true)
07-09 15:24:11.072   144   160 W ActivityManager: Launch timeout has expired, giving up wake lock!
07-09 15:24:11.154  4841  4841 D OpenGLRenderer: Flushing caches (mode 0)
07-09 15:24:11.236   144   160 W ActivityManager: Activity idle timeout for ActivityRecord{41855970 com.icenta.sudoku.ui/.SplashActivity}
07-09 15:24:12.459  4884  4886 D dalvikvm: GC_CONCURRENT freed 148K, 3% free 10093K/10375K, paused 2ms+2ms
07-09 15:24:13.197  4884  4886 D dalvikvm: GC_CONCURRENT freed 178K, 3% free 10327K/10631K, paused 2ms+1ms
07-09 15:24:13.268  4884  4913 D dalvikvm: GC_FOR_ALLOC freed 225K, 4% free 10453K/10887K, paused 29ms
07-09 15:24:13.268  4884  4913 I dalvikvm-heap: Grow heap (frag case) to 10.525MB for 260112-byte allocation
07-09 15:24:13.295  4884  4913 D dalvikvm: GC_FOR_ALLOC freed 126K, 6% free 10581K/11143K, paused 20ms
07-09 15:24:13.322  4884  4913 D dalvikvm: GC_FOR_ALLOC freed 311K, 6% free 10574K/11207K, paused 20ms
07-09 15:24:13.346  4884  4913 D dalvikvm: GC_FOR_ALLOC freed 62K, 6% free 10638K/11207K, paused 20ms
07-09 15:24:13.369  4884  4913 D dalvikvm: GC_FOR_ALLOC freed 126K, 4% free 10766K/11207K, paused 21ms
07-09 15:24:13.408  4884  4913 D dalvikvm: GC_FOR_ALLOC freed 307K, 6% free 10757K/11399K, paused 20ms
07-09 15:24:13.432  4884  4913 D dalvikvm: GC_FOR_ALLOC freed 62K, 6% free 10821K/11399K, paused 21ms
07-09 15:24:13.432  4884  4913 I dalvikvm-heap: Grow heap (frag case) to 10.884MB for 260112-byte allocation
07-09 15:24:13.455  4884  4913 D dalvikvm: GC_FOR_ALLOC freed 126K, 7% free 10949K/11655K, paused 21ms
07-09 15:24:13.635  4884  4886 D dalvikvm: GC_CONCURRENT freed 339K, 5% free 11185K/11655K, paused 7ms+4ms
07-09 15:24:13.791  4884  4886 D dalvikvm: GC_CONCURRENT freed 139K, 3% free 11707K/11975K, paused 2ms+3ms
07-09 15:24:13.834   144   155 I ActivityManager: START {cmp=com.icenta.sudoku.ui/.Settings (has extras)} from pid 4841
07-09 15:24:14.064  4841  4841 W Resources: Converting to string: TypedValue{t=0x10/d=0x0 a=-1}
07-09 15:24:14.115  4841  4841 W Resources: Converting to string: TypedValue{t=0x10/d=0x2 a=-1}
07-09 15:24:14.115  4841  4841 W Resources: Converting to string: TypedValue{t=0x10/d=0x2 a=-1}
07-09 15:24:14.166   214   214 V PhoneStatusBar: setLightsOn(true)
07-09 15:24:14.252   144   144 I ActivityManager: Process com.google.android.apps.googlevoice (pid 4544) has died.
07-09 15:24:14.252   144   144 W ActivityManager: Scheduling restart of crashed service com.google.android.apps.googlevoice/.UpdateService in 5000ms
07-09 15:24:14.256   144   144 W ActivityManager: Scheduling restart of crashed service com.google.android.apps.googlevoice/.CallLogService in 15000ms
07-09 15:24:14.326  4841  4843 D dalvikvm: GC_CONCURRENT freed 1142K, 10% free 12018K/13255K, paused 3ms+4ms
07-09 15:24:14.397   144   160 I Process : Sending signal. PID: 4841 SIG: 3
07-09 15:24:14.397  4841  4845 I dalvikvm: threadid=3: reacting to signal 3
07-09 15:24:14.455  4841  4845 I dalvikvm: Wrote stack traces to '/data/anr/traces.txt'
07-09 15:24:14.518  4884  4886 D dalvikvm: GC_CONCURRENT freed 327K, 4% free 12174K/12615K, paused 2ms+4ms
07-09 15:24:14.580   144   174 I ActivityManager: Displayed com.icenta.sudoku.ui/.Settings: +686ms
07-09 15:24:14.588  4841  4841 D webviewglue: nativeDestroy view: 0x153f238
07-09 15:24:14.588  4841  4841 D MoPub   : Ad Unit (agltb3B1Yi1pbmNyDQsSBFNpdGUYgtSjEww) going invisible: disabling refresh
07-09 15:24:14.588  4841  4841 D MoPub   : Automatic refresh for agltb3B1Yi1pbmNyDQsSBFNpdGUYgtSjEww set to: false.
07-09 15:24:14.807  4884  4886 D dalvikvm: GC_CONCURRENT freed 426K, 5% free 12715K/13255K, paused 2ms+3ms
07-09 15:24:15.053  4020  4020 D OpenGLRenderer: Flushing caches (mode 1)
07-09 15:24:15.053   370   370 D OpenGLRenderer: Flushing caches (mode 1)
07-09 15:24:15.080  4699  4699 D OpenGLRenderer: Flushing caches (mode 2)
07-09 15:24:15.115  4699  4699 W ManagedEGLContext: doTerminate failed: EGL count is 2 but managed count is 1
07-09 15:24:15.154  4020  4020 D OpenGLRenderer: Flushing caches (mode 2)
07-09 15:24:15.670  4818  4818 D OpenGLRenderer: Flushing caches (mode 1)
07-09 15:24:19.346   144   161 I ActivityManager: Start proc com.google.android.apps.googlevoice for service com.google.android.apps.googlevoice/.UpdateService: pid=4929 uid=10054 gids={3003, 1015}
07-09 15:24:19.381    79    79 D dalvikvm: GC_EXPLICIT freed 37K, 4% free 9031K/9347K, paused 2ms+5ms
07-09 15:24:19.412    79    79 D dalvikvm: GC_EXPLICIT freed <1K, 4% free 9031K/9347K, paused 2ms+2ms
07-09 15:24:19.455    79    79 D dalvikvm: GC_EXPLICIT freed <1K, 4% free 9031K/9347K, paused 1ms+4ms
07-09 15:24:19.721  4929  4932 D dalvikvm: GC_CONCURRENT freed 253K, 4% free 9283K/9607K, paused 14ms+4ms
07-09 15:24:19.803  4818  4818 D OpenGLRenderer: Flushing caches (mode 1)
07-09 15:24:19.814  4699  4699 D OpenGLRenderer: Flushing caches (mode 2)
07-09 15:24:19.826  4699  4699 W ManagedEGLContext: doTerminate failed: EGL count is 2 but managed count is 1
07-09 15:24:19.838   370   370 D OpenGLRenderer: Flushing caches (mode 2)
07-09 15:24:19.854   370   370 D OpenGLRenderer: Flushing caches (mode 0)
07-09 15:24:20.330  4929  4932 D dalvikvm: GC_CONCURRENT freed 399K, 5% free 9457K/9927K, paused 2ms+3ms
07-09 15:24:20.334  4929  4938 W CursorWrapperInner: Cursor finalized without prior close()
07-09 15:24:20.334  4929  4938 W CursorWrapperInner: Cursor finalized without prior close()
07-09 15:24:20.334  4929  4938 W CursorWrapperInner: Cursor finalized without prior close()
07-09 15:24:20.486   425  1522 D dalvikvm: GC_EXPLICIT freed 315K, 8% free 9922K/10695K, paused 10ms+4ms
07-09 15:24:20.522  4841  4841 D MoPub   : Ad Unit (agltb3B1Yi1pbmNyDQsSBFNpdGUYgtSjEww) going visible: enabling refresh
07-09 15:24:20.522  4841  4841 D MoPub   : Automatic refresh for agltb3B1Yi1pbmNyDQsSBFNpdGUYgtSjEww set to: true.
07-09 15:24:20.525   214   214 V PhoneStatusBar: setLightsOn(true)
07-09 15:24:20.572  4929  4932 D dalvikvm: GC_CONCURRENT freed 343K, 5% free 9638K/10055K, paused 2ms+7ms
07-09 15:24:20.775  4841  4841 D OpenGLRenderer: Flushing caches (mode 0)
07-09 15:24:20.850   144   144 D dalvikvm: GC_EXPLICIT freed 621K, 15% free 15934K/18631K, paused 10ms+7ms
07-09 15:24:20.904  4818  4818 D OpenGLRenderer: Flushing caches (mode 1)
07-09 15:24:20.908  4699  4699 D OpenGLRenderer: Flushing caches (mode 2)
07-09 15:24:20.908  4699  4699 W ManagedEGLContext: doTerminate failed: EGL count is 2 but managed count is 1
07-09 15:24:20.959  4818  4818 D OpenGLRenderer: Flushing caches (mode 1)
07-09 15:24:20.967  4699  4699 D OpenGLRenderer: Flushing caches (mode 2)
07-09 15:24:20.967  4699  4699 W ManagedEGLContext: doTerminate failed: EGL count is 2 but managed count is 1
07-09 15:24:21.014  4818  4818 D OpenGLRenderer: Flushing caches (mode 1)
07-09 15:24:21.018  4699  4699 D OpenGLRenderer: Flushing caches (mode 2)
07-09 15:24:21.018  4699  4699 W ManagedEGLContext: doTerminate failed: EGL count is 2 but managed count is 1
07-09 15:24:21.041  4818  4818 D OpenGLRenderer: Flushing caches (mode 1)
07-09 15:24:21.045  4699  4699 D OpenGLRenderer: Flushing caches (mode 2)
07-09 15:24:21.045  4699  4699 W ManagedEGLContext: doTerminate failed: EGL count is 2 but managed count is 1
07-09 15:24:21.080  4818  4818 D OpenGLRenderer: Flushing caches (mode 1)
07-09 15:24:21.084  4699  4699 D OpenGLRenderer: Flushing caches (mode 2)
07-09 15:24:21.088  4699  4699 W ManagedEGLContext: doTerminate failed: EGL count is 2 but managed count is 1
07-09 15:24:21.119  4818  4818 D OpenGLRenderer: Flushing caches (mode 1)
07-09 15:24:21.123  4699  4699 D OpenGLRenderer: Flushing caches (mode 2)
07-09 15:24:21.123  4699  4699 W ManagedEGLContext: doTerminate failed: EGL count is 2 but managed count is 1
07-09 15:24:21.162  4929  4932 D dalvikvm: GC_CONCURRENT freed 259K, 4% free 9856K/10247K, paused 2ms+5ms
07-09 15:24:21.193   425   428 D dalvikvm: GC_CONCURRENT freed 339K, 7% free 10014K/10695K, paused 1ms+11ms
07-09 15:24:21.623  4841  4841 V HeyzapSDK: checkin-called
07-09 15:24:21.647  4841  4841 D HeyzapSDK: Tracking checkin-button-clicked event.
07-09 15:24:21.740  4841  4841 W ViewRootImpl: Window type can not be changed after the window is added; ignoring change of com.heyzap.sdk.PreMarketDialog@4137f7c8
07-09 15:24:23.256  4818  4818 D OpenGLRenderer: Flushing caches (mode 1)
07-09 15:24:23.264  4699  4699 D OpenGLRenderer: Flushing caches (mode 2)
07-09 15:24:23.264  4699  4699 W ManagedEGLContext: doTerminate failed: EGL count is 2 but managed count is 1
07-09 15:24:23.318  4087  4090 D dalvikvm: GC_CONCURRENT freed 392K, 6% free 10435K/11079K, paused 2ms+2ms
07-09 15:24:24.600  4818  4818 D OpenGLRenderer: Flushing caches (mode 1)
07-09 15:24:24.604  4699  4699 D OpenGLRenderer: Flushing caches (mode 2)
07-09 15:24:24.604  4699  4699 W ManagedEGLContext: doTerminate failed: EGL count is 2 but managed count is 1
07-09 15:24:24.772  4448  4451 D dalvikvm: GC_CONCURRENT freed 444K, 7% free 10142K/10887K, paused 7ms+3ms
07-09 15:24:27.385  4884  4886 D dalvikvm: GC_CONCURRENT freed 1134K, 9% free 12727K/13959K, paused 3ms+2ms
07-09 15:24:27.436  4699  4699 D OpenGLRenderer: Flushing caches (mode 2)
07-09 15:24:27.436  4699  4699 W ManagedEGLContext: doTerminate failed: EGL count is 2 but managed count is 1
07-09 15:24:27.471  4699  4699 D OpenGLRenderer: Flushing caches (mode 2)
07-09 15:24:27.471  4699  4699 W ManagedEGLContext: doTerminate failed: EGL count is 2 but managed count is 1
07-09 15:24:27.490  4699  4699 D OpenGLRenderer: Flushing caches (mode 2)
07-09 15:24:27.490  4699  4699 W ManagedEGLContext: doTerminate failed: EGL count is 2 but managed count is 1
07-09 15:24:27.514  4699  4699 D OpenGLRenderer: Flushing caches (mode 2)
07-09 15:24:27.514  4699  4699 W ManagedEGLContext: doTerminate failed: EGL count is 2 but managed count is 1
07-09 15:24:27.529  4699  4699 D OpenGLRenderer: Flushing caches (mode 2)
07-09 15:24:27.529  4699  4699 W ManagedEGLContext: doTerminate failed: EGL count is 2 but managed count is 1
07-09 15:24:29.697  4841  4843 D dalvikvm: GC_CONCURRENT freed 773K, 9% free 12138K/13255K, paused 6ms+18ms
07-09 15:24:29.725  4841  4850 W CursorWrapperInner: Cursor finalized without prior close()
07-09 15:24:33.049   144   326 W InputManagerService: Window already focused, ignoring focus gain of: com.android.internal.view.IInputMethodClient$Stub$Proxy@41815710
07-09 15:24:33.893   370   458 D dalvikvm: GC_FOR_ALLOC freed 1353K, 17% free 12206K/14535K, paused 36ms
07-09 15:24:34.045   144   160 I Process : Sending signal. PID: 370 SIG: 3
07-09 15:24:34.045   370   379 I dalvikvm: threadid=3: reacting to signal 3
07-09 15:24:34.080   370   379 I dalvikvm: Wrote stack traces to '/data/anr/traces.txt'
07-09 15:24:34.408   370   458 D dalvikvm: GC_FOR_ALLOC freed 901K, 18% free 11938K/14535K, paused 68ms
07-09 15:24:34.502   370   375 D dalvikvm: GC_CONCURRENT freed 1K, 12% free 12840K/14535K, paused 3ms+9ms
07-09 15:24:34.541   144   160 I Process : Sending signal. PID: 370 SIG: 3
07-09 15:24:34.541   370   379 I dalvikvm: threadid=3: reacting to signal 3
07-09 15:24:34.568   370   379 I dalvikvm: Wrote stack traces to '/data/anr/traces.txt'
07-09 15:24:34.682  4841  4841 D MoPub   : Ad Unit (agltb3B1Yi1pbmNyDQsSBFNpdGUYgtSjEww) going invisible: disabling refresh
07-09 15:24:34.682  4841  4841 D MoPub   : Automatic refresh for agltb3B1Yi1pbmNyDQsSBFNpdGUYgtSjEww set to: false.
07-09 15:24:34.869   144   400 I ActivityManager: Process com.instagram.android (pid 4699) has died.
07-09 15:24:34.932   370  4816 D dalvikvm: GC_FOR_ALLOC freed 1050K, 15% free 12370K/14535K, paused 24ms
07-09 15:24:35.158   320   324 D dalvikvm: GC_CONCURRENT freed 386K, 20% free 10046K/12487K, paused 8ms+5ms
07-09 15:24:35.162   370   375 D dalvikvm: GC_CONCURRENT freed 909K, 14% free 12572K/14535K, paused 3ms+10ms
07-09 15:24:37.346  4841  4841 D OpenGLRenderer: Flushing caches (mode 1)
07-09 15:24:37.350  4841  4841 D webviewglue: nativeDestroy view: 0x153a6c8
07-09 15:24:37.354  4841  4841 D MoPub   : Automatic refresh for agltb3B1Yi1pbmNyDQsSBFNpdGUYgtSjEww set to: false.
07-09 15:24:37.354  4841  4841 D webviewglue: nativeDestroy view: 0x15207a0
07-09 15:24:37.354  4841  4841 D webviewglue: nativeDestroy view: 0x153e210
07-09 15:24:37.361   144   402 I ActivityManager: START {act=android.intent.action.MAIN cat=[android.intent.category.LAUNCHER] flg=0x10200000 cmp=com.google.android.gm/.ConversationListActivityGmail bnds=[0,556][120,706]} from pid 370
07-09 15:24:37.502   144   424 I ActivityManager: Start proc com.google.android.gm for activity com.google.android.gm/.ConversationListActivityGmail: pid=4967 uid=10075 gids={3003, 1015}
07-09 15:24:37.643   370   370 D OpenGLRenderer: Flushing caches (mode 1)
07-09 15:24:37.678  4967  4967 I ActivityThread: Pub gmail-ls: com.google.android.gm.provider.MailProvider
07-09 15:24:37.682   370   370 D OpenGLRenderer: Flushing caches (mode 0)
07-09 15:24:37.709  4967  4967 I ActivityThread: Pub com.google.android.gm: com.google.android.gm.provider.PublicContentProvider
07-09 15:24:37.721  4967  4967 I ActivityThread: Pub com.google.android.gmail.SuggestionProvider: com.google.android.gm.SuggestionsProvider
07-09 15:24:37.881  4967  4969 D dalvikvm: GC_CONCURRENT freed 251K, 4% free 9284K/9607K, paused 3ms+8ms
07-09 15:24:37.893  4841  4966 I Process : Sending signal. PID: 4841 SIG: 9
07-09 15:24:37.939   144   144 I ActivityManager: Process com.icenta.sudoku.ui (pid 4841) has died.
07-09 15:24:37.939   144   144 I WindowManager: WIN DEATH: Window{417aa160  paused=false}
07-09 15:24:38.061   144   160 I Process : Sending signal. PID: 4967 SIG: 3
07-09 15:24:38.061  4967  4972 I dalvikvm: threadid=3: reacting to signal 3
07-09 15:24:38.166  4967  4972 I dalvikvm: Wrote stack traces to '/data/anr/traces.txt'
07-09 15:24:38.537  4967  4969 D dalvikvm: GC_CONCURRENT freed 237K, 4% free 9510K/9863K, paused 2ms+2ms
07-09 15:24:38.561   144   160 I Process : Sending signal. PID: 4967 SIG: 3
07-09 15:24:38.561  4967  4972 I dalvikvm: threadid=3: reacting to signal 3
07-09 15:24:38.588  4967  4972 I dalvikvm: Wrote stack traces to '/data/anr/traces.txt'
07-09 15:24:38.643  4967  4984 I Gmail   : calculateUnknownSyncRationalesAndPurgeInBackground: queueing
07-09 15:24:38.650  4967  4984 I Gmail   : calculateUnknownSyncRationalesAndPurgeInBackground: queueing
07-09 15:24:38.955  4818  4818 D OpenGLRenderer: Flushing caches (mode 1)
07-09 15:24:39.033  4967  4967 D libEGL  : loaded /system/lib/egl/libGLES_android.so
07-09 15:24:39.037  4967  4967 D libEGL  : loaded /vendor/lib/egl/libEGL_POWERVR_SGX540_120.so
07-09 15:24:39.049  4967  4969 D dalvikvm: GC_CONCURRENT freed 159K, 3% free 9772K/10055K, paused 3ms+4ms
07-09 15:24:39.061   144   160 I Process : Sending signal. PID: 4967 SIG: 3
07-09 15:24:39.061  4967  4972 I dalvikvm: threadid=3: reacting to signal 3
07-09 15:24:39.064  4967  4967 D libEGL  : loaded /vendor/lib/egl/libGLESv1_CM_POWERVR_SGX540_120.so
07-09 15:24:39.068  4967  4967 D libEGL  : loaded /vendor/lib/egl/libGLESv2_POWERVR_SGX540_120.so
07-09 15:24:39.080  4967  4972 I dalvikvm: Wrote stack traces to '/data/anr/traces.txt'
07-09 15:24:39.111  4967  4984 I Gmail   : calculateUnknownSyncRationalesAndPurgeInBackground: running
07-09 15:24:39.143  4967  4967 D OpenGLRenderer: Enabling debug mode 0
07-09 15:24:39.154  4818  4818 D OpenGLRenderer: Flushing caches (mode 1)
07-09 15:24:39.201  4967  4984 I Gmail   : calculateUnknownSyncRationalesAndPurgeInBackground: running
07-09 15:24:39.279   144   174 I ActivityManager: Displayed com.google.android.gm/.ConversationListActivityGmail: +1s804ms
07-09 15:24:39.314   370   370 D OpenGLRenderer: Flushing caches (mode 1)
07-09 15:24:39.373   370   370 D OpenGLRenderer: Flushing caches (mode 1)
07-09 15:24:39.377  4818  4818 D OpenGLRenderer: Flushing caches (mode 1)
07-09 15:24:39.400   307   309 D dalvikvm: GC_CONCURRENT freed 376K, 6% free 10386K/11015K, paused 6ms+5ms
07-09 15:24:39.752  4967  4969 D dalvikvm: GC_CONCURRENT freed 234K, 4% free 9991K/10311K, paused 2ms+4ms
07-09 15:24:41.330   144   155 W InputManagerService: Starting input on non-focused client com.android.internal.view.IInputMethodClient$Stub$Proxy@41506a18 (uid=10075 pid=4967)
07-09 15:24:41.365  4967  4967 D OpenGLRenderer: Flushing caches (mode 0)
07-09 15:24:41.393  4967  4967 D OpenGLRenderer: Flushing caches (mode 1)
07-09 15:24:44.342   144   380 I ActivityManager: START {act=android.intent.action.MAIN cat=[android.intent.category.LAUNCHER] flg=0x10200000 cmp=com.google.android.apps.genie.geniewidget/.activities.NewsActivity bnds=[360,103][480,253]} from pid 370
07-09 15:24:44.459   144   380 D dalvikvm: GC_FOR_ALLOC freed 829K, 15% free 15995K/18631K, paused 72ms
07-09 15:24:44.494   144   323 I ActivityManager: Start proc com.google.android.apps.genie.geniewidget for activity com.google.android.apps.genie.geniewidget/.activities.NewsActivity: pid=4996 uid=10017 gids={3003, 1015}
07-09 15:24:44.506  4996  4996 I dalvikvm: Turning on JNI app bug workarounds for target SDK version 11...
07-09 15:24:44.549   370   370 D OpenGLRenderer: Flushing caches (mode 1)
07-09 15:24:44.568   370   370 D OpenGLRenderer: Flushing caches (mode 0)
07-09 15:24:44.572  4996  4996 I ActivityThread: Pub com.google.android.apps.genie.geniewidget.weather: com.google.android.apps.genie.geniewidget.providers.WeatherProvider
07-09 15:24:44.580  4996  4996 I ActivityThread: Pub com.google.android.apps.genie.geniewidget.newsimage: com.google.android.apps.genie.geniewidget.providers.NewsImageProvider
07-09 15:24:44.959  4996  4998 D dalvikvm: GC_CONCURRENT freed 341K, 5% free 9192K/9607K, paused 5ms+5ms
07-09 15:24:44.975  4996  5005 W CursorWrapperInner: Cursor finalized without prior close()
07-09 15:24:44.990  4996  5005 W CursorWrapperInner: Cursor finalized without prior close()
07-09 15:24:44.994  4996  4996 W Genie   : Cache file not found: java.io.FileNotFoundException: /data/data/com.google.android.apps.genie.geniewidget/cache/genie_iconcache: open failed: ENOENT (No such file or directory)
07-09 15:24:45.014   144   160 I Process : Sending signal. PID: 4996 SIG: 3
07-09 15:24:45.014  4996  5001 I dalvikvm: threadid=3: reacting to signal 3
07-09 15:24:45.018  4996  5001 I dalvikvm: Wrote stack traces to '/data/anr/traces.txt'
07-09 15:24:45.064  4996  4998 D dalvikvm: GC_CONCURRENT freed 353K, 5% free 9323K/9799K, paused 1ms+3ms
07-09 15:24:45.135  4996  4996 I Genie   : refresh service retry #0, ignoreMASFCache = false
07-09 15:24:45.162   214   214 V PhoneStatusBar: setLightsOn(true)
07-09 15:24:45.240   144   174 I ActivityManager: Displayed com.google.android.apps.genie.geniewidget/.activities.NewsActivity: +757ms
07-09 15:24:46.104  4996  4998 D dalvikvm: GC_CONCURRENT freed 227K, 4% free 9525K/9863K, paused 2ms+2ms
07-09 15:24:46.670  4996  4998 D dalvikvm: GC_CONCURRENT freed 370K, 5% free 9580K/10055K, paused 3ms+3ms
07-09 15:24:47.064  4996  4998 D dalvikvm: GC_CONCURRENT freed 261K, 4% free 9817K/10183K, paused 2ms+3ms
07-09 15:24:47.107  4996  4996 D dalvikvm: GC_FOR_ALLOC freed 24K, 4% free 9807K/10183K, paused 17ms
07-09 15:24:47.111  4996  4996 I dalvikvm-heap: Grow heap (frag case) to 10.783MB for 1192336-byte allocation
07-09 15:24:47.147  4996  5009 D dalvikvm: GC_FOR_ALLOC freed 1K, 4% free 10970K/11399K, paused 17ms
07-09 15:24:47.217  4996  4998 D dalvikvm: GC_CONCURRENT freed 5K, 4% free 11127K/11527K, paused 2ms+3ms
07-09 15:24:47.666  4996  4998 D dalvikvm: GC_CONCURRENT freed 354K, 4% free 11446K/11911K, paused 5ms+3ms
07-09 15:24:47.772  4996  4996 D dalvikvm: GC_FOR_ALLOC freed 38K, 5% free 11435K/11911K, paused 20ms
07-09 15:24:47.772  4996  4996 I dalvikvm-heap: Grow heap (frag case) to 12.373MB for 1192336-byte allocation
07-09 15:24:47.791  4996  4996 D dalvikvm: GC_FOR_ALLOC freed 1K, 5% free 12598K/13127K, paused 19ms
07-09 15:24:47.885  4996  4998 D dalvikvm: GC_CONCURRENT freed 104K, 4% free 12616K/13127K, paused 2ms+5ms
07-09 15:24:48.584  4996  4998 D dalvikvm: GC_CONCURRENT freed 980K, 8% free 12749K/13831K, paused 7ms+5ms
07-09 15:24:49.643   344   344 D SAN_SERVICE: *******************************************
07-09 15:24:49.643   344   344 D SAN_SERVICE: DM App Phone Service State - 0
07-09 15:24:49.643   344   344 D SAN_SERVICE: *******************************************
07-09 15:24:49.693  4996  4998 D dalvikvm: GC_CONCURRENT freed 992K, 8% free 13023K/14087K, paused 2ms+5ms
07-09 15:24:50.959   344   344 D SAN_SERVICE: *******************************************
07-09 15:24:50.959   344   344 D SAN_SERVICE: DM App Phone Service State - 0
07-09 15:24:50.959   344   344 D SAN_SERVICE: *******************************************
07-09 15:24:51.049  4996  5003 I dalvikvm: Jit: resizing JitTable from 4096 to 8192
07-09 15:24:51.158  4996  4998 D dalvikvm: GC_CONCURRENT freed 1320K, 10% free 13045K/14471K, paused 2ms+4ms
07-09 15:24:52.725  4996  4998 D dalvikvm: GC_CONCURRENT freed 1268K, 11% free 12994K/14471K, paused 2ms+3ms
07-09 15:24:55.986  4996  4998 D dalvikvm: GC_CONCURRENT freed 1156K, 10% free 13050K/14471K, paused 21ms+3ms
07-09 15:24:57.705  4996  4998 D dalvikvm: GC_CONCURRENT freed 1236K, 10% free 13155K/14471K, paused 2ms+4ms
07-09 15:24:58.158  4996  4998 D dalvikvm: GC_CONCURRENT freed 2538K, 18% free 12029K/14663K, paused 2ms+4ms
07-09 15:24:58.475  4996  4998 D dalvikvm: GC_CONCURRENT freed 965K, 19% free 12017K/14663K, paused 2ms+4ms
07-09 15:24:59.572  4996  4998 D dalvikvm: GC_CONCURRENT freed 937K, 18% free 12076K/14663K, paused 2ms+5ms
07-09 15:24:59.854  4996  4998 D dalvikvm: GC_CONCURRENT freed 1048K, 18% free 12032K/14663K, paused 2ms+4ms
07-09 15:25:03.361  4996  4998 D dalvikvm: GC_CONCURRENT freed 874K, 18% free 12133K/14663K, paused 2ms+5ms
07-09 15:25:03.955  4996  4998 D dalvikvm: GC_CONCURRENT freed 1099K, 18% free 12032K/14663K, paused 1ms+5ms
07-09 15:25:04.490  4996  4998 D dalvikvm: GC_CONCURRENT freed 980K, 19% free 11993K/14663K, paused 2ms+3ms
07-09 15:25:05.967  4996  4998 D dalvikvm: GC_CONCURRENT freed 810K, 17% free 12173K/14663K, paused 2ms+3ms
07-09 15:25:09.178  4996  4998 D dalvikvm: GC_CONCURRENT freed 942K, 17% free 12282K/14663K, paused 2ms+4ms
07-09 15:25:10.768   144   380 I ActivityManager: START {act=android.intent.action.VIEW dat=http://www.csmonitor.com/USA/Latest-News-Wires/2012/0709/Romney-earns-35-million-more-than-Obama-in-June-with-help-of-rich-few cmp=org.mozilla.firefox_beta/.App (has extras)} from pid 4996
07-09 15:25:10.803   144   323 I ActivityManager: Start proc org.mozilla.firefox_beta for activity org.mozilla.firefox_beta/.App: pid=5047 uid=10061 gids={3003, 1015, 1006}
07-09 15:25:11.006  5047  5047 I ActivityThread: Pub org.mozilla.firefox_beta.db.browser: org.mozilla.firefox_beta.db.BrowserProvider
07-09 15:25:11.022  5047  5047 I ActivityThread: Pub org.mozilla.firefox_beta.db.formhistory: org.mozilla.firefox_beta.db.FormHistoryProvider
07-09 15:25:11.022  5047  5047 I ActivityThread: Pub org.mozilla.firefox_beta.db.tabs: org.mozilla.firefox_beta.db.TabsProvider
07-09 15:25:11.041  5047  5047 D dalvikvm: Trying to load lib /data/data/org.mozilla.firefox_beta/lib/libmozglue.so 0x41312090
07-09 15:25:11.049  5047  5047 D dalvikvm: Added shared lib /data/data/org.mozilla.firefox_beta/lib/libmozglue.so 0x41312090
07-09 15:25:11.049  5047  5047 D dalvikvm: No JNI_OnLoad found in /data/data/org.mozilla.firefox_beta/lib/libmozglue.so 0x41312090, skipping init
07-09 15:25:11.049  5047  5047 W GeckoApp: zerdatime 9445815 - onCreate
07-09 15:25:11.061  5047  5061 D GeckoProfile: Found profile dir: /data/data/org.mozilla.firefox_beta/files/mozilla/r0zhquk7.default
07-09 15:25:11.115  5047  5050 D dalvikvm: GC_CONCURRENT freed 196K, 4% free 9310K/9607K, paused 3ms+2ms
07-09 15:25:11.143  5047  5047 I GeckoViewsFactory: Creating custom Gecko view: FormAssistPopup
07-09 15:25:11.147  5047  5047 I GeckoViewsFactory: Creating custom Gecko view: AboutHomeContent
07-09 15:25:11.174  5047  5047 W GeckoApp: zerdatime 9445939 - onStart
07-09 15:25:11.174  5047  5047 I GeckoApp: start
07-09 15:25:11.182  5047  5047 W GeckoApp: zerdatime 9445947 - onNewIntent
07-09 15:25:11.182  5047  5047 I GeckoApp: resume
07-09 15:25:11.201  5047  5047 D libEGL  : loaded /system/lib/egl/libGLES_android.so
07-09 15:25:11.205  5047  5047 D libEGL  : loaded /vendor/lib/egl/libEGL_POWERVR_SGX540_120.so
07-09 15:25:11.209  5047  5047 D libEGL  : loaded /vendor/lib/egl/libGLESv1_CM_POWERVR_SGX540_120.so
07-09 15:25:11.213  5047  5047 D libEGL  : loaded /vendor/lib/egl/libGLESv2_POWERVR_SGX540_120.so
07-09 15:25:11.252  5047  5047 D OpenGLRenderer: Enabling debug mode 0
07-09 15:25:11.256  5047  5047 I GeckoToolbar: zerdatime 9446020 - Throbber start
07-09 15:25:11.256  5047  5061 I GeckoApp: Checking profile migration in: /data/data/org.mozilla.firefox_beta/files/mozilla/r0zhquk7.default
07-09 15:25:11.256  5047  5047 D GeckoFavicons: Creating Favicons instance
07-09 15:25:11.256  5047  5047 D GeckoFavicons: Creating DatabaseHelper
07-09 15:25:11.268  5047  5047 I GeckoAxis: Prefs: 0.85,0.97,10.0,0.012,0.04,0.3,0.5
07-09 15:25:11.272  5047  5063 W GeckoApp: zerdatime 9446038 - start of getPluginDirectories
07-09 15:25:11.272  5047  5063 W GeckoApp: zerdatime 9446038 - end of getPluginDirectories
07-09 15:25:11.279  5047  5063 I GeckoAppShell: env0: null
07-09 15:25:11.283  5047  5063 D dalvikvm: Trying to load lib /data/data/org.mozilla.firefox_beta/lib/libmozglue.so 0x41312090
07-09 15:25:11.283  5047  5063 D dalvikvm: Shared lib '/data/data/org.mozilla.firefox_beta/lib/libmozglue.so' already loaded in same CL 0x41312090
07-09 15:25:11.283  5047  5063 E GeckoLibLoad: Load sqlite start
07-09 15:25:11.299  5047  5050 D dalvikvm: GC_CONCURRENT freed 127K, 3% free 9647K/9863K, paused 2ms+6ms
07-09 15:25:11.326  5047  5047 W GeckoApp: zerdatime 9446092 - UI almost up
07-09 15:25:11.330  5047  5063 E GeckoLinker: /data/app/org.mozilla.firefox_beta-2.apk!/libmozsqlite3.so: Warning: relocation to NULL @0x00052db4
07-09 15:25:11.330  5047  5063 E GeckoLinker: /data/app/org.mozilla.firefox_beta-2.apk!/libmozsqlite3.so: Warning: relocation to NULL @0x00052cb0 for symbol "__cxa_begin_cleanup"
07-09 15:25:11.330  5047  5063 E GeckoLinker: /data/app/org.mozilla.firefox_beta-2.apk!/libmozsqlite3.so: Warning: relocation to NULL @0x00052d1c for symbol "__cxa_type_match"
07-09 15:25:11.338  5047  5063 E GeckoLibLoad: Load sqlite done
07-09 15:25:11.338  5047  5063 D dalvikvm: Trying to load lib /data/data/org.mozilla.firefox_beta/lib/libmozglue.so 0x41312090
07-09 15:25:11.338  5047  5063 D dalvikvm: Shared lib '/data/data/org.mozilla.firefox_beta/lib/libmozglue.so' already loaded in same CL 0x41312090
07-09 15:25:11.338  5047  5063 E GeckoLibLoad: Load nss start
07-09 15:25:11.385   144   160 I Process : Sending signal. PID: 5047 SIG: 3
07-09 15:25:11.385  5047  5052 I dalvikvm: threadid=3: reacting to signal 3
07-09 15:25:11.393  5047  5052 I dalvikvm: Wrote stack traces to '/data/anr/traces.txt'
07-09 15:25:11.420  5047  5063 E GeckoLinker: /data/app/org.mozilla.firefox_beta-2.apk!/libnspr4.so: Warning: relocation to NULL @0x00020de0
07-09 15:25:11.424  5047  5063 E GeckoLinker: /data/app/org.mozilla.firefox_beta-2.apk!/libnspr4.so: Warning: relocation to NULL @0x00020b98 for symbol "__cxa_begin_cleanup"
07-09 15:25:11.424  5047  5063 E GeckoLinker: /data/app/org.mozilla.firefox_beta-2.apk!/libnspr4.so: Warning: relocation to NULL @0x00020cb0 for symbol "__cxa_type_match"
07-09 15:25:11.432  5047  5063 E GeckoLibLoad: Load nss done
07-09 15:25:11.522   144   400 D dalvikvm: GC_EXPLICIT freed 1175K, 13% free 16342K/18631K, paused 3ms+12ms
07-09 15:25:11.549    78   139 W SurfaceTexture: [org.mozilla.firefox_beta/org.mozilla.firefox_beta.App] cancelBuffer: SurfaceTexture has been abandoned!
07-09 15:25:11.572  5047  5061 W GeckoApp: zerdatime 9446338 - pre checkLaunchState
07-09 15:25:11.635   144   174 I ActivityManager: Displayed org.mozilla.firefox_beta/.App: +845ms
07-09 15:25:12.877  5047  5063 E GeckoLinker: /data/app/org.mozilla.firefox_beta-2.apk!/libmozalloc.so: Warning: relocation to NULL @0x00003e2c
07-09 15:25:12.881  5047  5063 E GeckoLinker: /data/app/org.mozilla.firefox_beta-2.apk!/libmozalloc.so: Warning: relocation to NULL @0x00003db8 for symbol "__cxa_begin_cleanup"
07-09 15:25:12.881  5047  5063 E GeckoLinker: /data/app/org.mozilla.firefox_beta-2.apk!/libmozalloc.so: Warning: relocation to NULL @0x00003de0 for symbol "__cxa_type_match"
07-09 15:25:12.916  5047  5063 E GeckoLibLoad: Loaded libs in 1479ms total, 496ms user, 187ms system, 4 faults
07-09 15:25:12.916  5047  5063 W GeckoThread: zerdatime 9447681 - runGecko
07-09 15:25:12.916  5047  5063 I GeckoThread: RunGecko - URI = http://www.csmonitor.com/USA/Latest-News-Wires/2012/0709/Romney-earns-35-million-more-than-Obama-in-June-with-help-of-rich-few
07-09 15:25:12.916  5047  5063 I GeckoAppShell: post native init
07-09 15:25:12.920  5047  5063 I GeckoAppShell: setLayerClient called
07-09 15:25:13.143  5047  5063 E GeckoConsole: Could not read chrome manifest 'file:///data/data/org.mozilla.firefox_beta/chrome.manifest'.
07-09 15:25:13.420  4996  4998 D dalvikvm: GC_CONCURRENT freed 1089K, 17% free 12248K/14663K, paused 11ms+21ms
07-09 15:25:13.576  5047  5063 W ResourceType: Too many attribute references, stopped at: 0x01010099
07-09 15:25:13.850  5047  5063 E GeckoConsole: zerdatime 1341861913855 - browser chrome startup finished.
07-09 15:25:13.869  5047  5063 I GeckoApp: Got message: CharEncoding:State
07-09 15:25:13.936  5047  5063 I GeckoTabs: Got message: Session:RestoreBegin
07-09 15:25:13.939  5047  5063 I Gecko   : Detected osrelease `3.0.8-g6656123'
07-09 15:25:13.939  5047  5063 I Gecko   : JITs are not broken
07-09 15:25:13.990  5047  5063 I GeckoTabs: Got message: Tab:Added
07-09 15:25:13.990  5047  5063 I GeckoTabs: Received message from Gecko: 9448755 - Tab:Added
07-09 15:25:14.006  5047  5063 I GeckoTabs: Added a tab with id: 1
07-09 15:25:14.014  5047  5047 I GeckoToolbar: zerdatime 9448778 - Throbber start
07-09 15:25:14.022  5047  5047 I GeckoDoorHangerPopup: Showing all doorhangers for tab: 1
07-09 15:25:14.189  5047  5063 I GeckoApp: Got message: Content:StateChange
07-09 15:25:14.189  5047  5063 I GeckoApp: State - 983041
07-09 15:25:14.189  5047  5063 I GeckoApp: Got a document start
07-09 15:25:14.189  5047  5047 I GeckoToolbar: zerdatime 9448956 - Throbber start
07-09 15:25:14.240  5047  5063 I GeckoApp: Got message: Gecko:Ready
07-09 15:25:14.326  5047  5063 D GeckoLayerClient: Screen-size changed to (480,800)
07-09 15:25:14.330  5047  5063 D GeckoLayerClient: Window-size changed to (480,690)
07-09 15:25:14.334  5047  5063 I GeckoLayerClient: Showing checks: true
07-09 15:25:14.424  5047  5063 I GeckoTabs: Got message: Tab:Added
07-09 15:25:14.424  5047  5063 I GeckoTabs: Received message from Gecko: 9449189 - Tab:Added
07-09 15:25:14.424  5047  5063 I GeckoTabs: Added a tab with id: 2
07-09 15:25:14.432  5047  5063 I GeckoTabs: Got message: Session:RestoreEnd
07-09 15:25:14.451  5047  5063 I GeckoPanZoomController: Got message: Preferences:Data
07-09 15:25:14.455  5047  5063 I GeckoPanZoomController: Zoom animation frames: [0.0, 0.10211, 0.19864, 0.29043, 0.37816, 0.46155, 0.54054, 0.61496, 0.68467, 0.7491, 0.80794, 0.86069, 0.90651, 0.94471, 0.97401, 0.99309]
07-09 15:25:14.455  5047  5063 I GeckoAxis: Prefs: 0.85,0.97,10.0,0.012,0.04,0.3,0.5
07-09 15:25:14.522  5047  5063 I GeckoDisplayPortCalculator: Set strategy VelocityBiasStrategy mult=2.0, threshold=7.6800003, reverse=0.2, dangerBaseX=1.0, dangerBaseY=1.0, dangerIncrX=0.0, dangerIncrY=0.0
07-09 15:25:14.522  5047  5063 I PluginLayer: Using plugin placeholder: false
07-09 15:25:14.541  5047  5080 I Gecko   : Logging GL tracing output to /data/data/org.mozilla.firefox_beta/firefox.trace
07-09 15:25:14.541  5047  5080 I Gecko   : Attempting load of /data/local/egltrace.so
07-09 15:25:14.545  5047  5080 I Gecko   : Attempting load of libEGL.so
07-09 15:25:14.545  5047  5080 I Gecko   : Extensions: EGL_KHR_image EGL_KHR_image_base EGL_KHR_image_base EGL_KHR_gl_texture_2D_image EGL_KHR_gl_texture_cubemap_image EGL_KHR_gl_renderbuffer_image EGL_KHR_fence_sync EGL_ANDROID_image_native_buffer EGL_ANDROID_image_native_buffer  0x45
07-09 15:25:14.545  5047  5080 I Gecko   : Extensions length: 226
07-09 15:25:14.580  5047  5080 E GeckoConsole: OpenGL LayerManager Initialized Succesfully.
07-09 15:25:14.580  5047  5080 E GeckoConsole: Version: OpenGL ES 2.0 build 1.8@785978
07-09 15:25:14.580  5047  5080 E GeckoConsole: Vendor: Imagination Technologies
07-09 15:25:14.580  5047  5080 E GeckoConsole: Renderer: PowerVR SGX 540
07-09 15:25:14.580  5047  5080 E GeckoConsole: FBO Texture Target: TEXTURE_2D
07-09 15:25:14.584  5047  5080 D GeckoLayerView: LayerView paint state set to 1
07-09 15:25:14.596   144   424 I ActivityManager: Process com.android.vending (pid 4020) has died.
07-09 15:25:14.615  5047  5080 I GeckoAppShell: Taking whole-screen screenshot, viewport: ImmutableViewportMetrics v=(0.0,0.0,480.0,690.0) p=(0.0,0.0,480.0,690.0) c=(0.0,0.0,480.0,690.0) z=1.0
07-09 15:25:14.619  5047  5047 D GeckoPanZoomController: generating valid viewport using v=RectF(0.0, 0.0, 480.0, 690.0) p=RectF(0.0, 0.0, 480.0, 690.0) c=RectF(0.0, 0.0, 480.0, 690.0) z=1.0
07-09 15:25:14.619  5047  5047 D GeckoPanZoomController: generated valid viewport as v=RectF(0.0, 0.0, 480.0, 690.0) p=RectF(0.0, 0.0, 480.0, 690.0) c=RectF(0.0, 0.0, 480.0, 690.0) z=1.0
07-09 15:25:14.650  5047  5080 D GeckoLayerView: LayerView paint state set to 2
07-09 15:25:14.662  5047  5080 I Gecko   : Compositor: Composite took 80 ms.
07-09 15:25:14.693  5047  5061 D dalvikvm: GC_FOR_ALLOC freed 319K, 4% free 9717K/10119K, paused 37ms
07-09 15:25:14.701  5047  5061 I dalvikvm-heap: Grow heap (frag case) to 11.557MB for 2097168-byte allocation
07-09 15:25:14.729  5047  5080 D dalvikvm: GC_FOR_ALLOC freed 6K, 4% free 11758K/12231K, paused 17ms
07-09 15:25:14.729  5047  5063 I GeckoTabs: Got message: SessionHistory:New
07-09 15:25:14.756  5047  5080 I Gecko   : Compositor: Composite took 89 ms.
07-09 15:25:14.779  5047  5063 I GeckoApp: Got message: Content:LocationChange
07-09 15:25:14.779  5047  5063 I GeckoApp: URI - http://www.csmonitor.com/USA/Latest-News-Wires/2012/0709/Romney-earns-35-million-more-than-Obama-in-June-with-help-of-rich-few
07-09 15:25:14.783  5047  5063 I GeckoTab: Updated url: http://www.csmonitor.com/USA/Latest-News-Wires/2012/0709/Romney-earns-35-million-more-than-Obama-in-June-with-help-of-rich-few for tab with id: 1
07-09 15:25:14.783  5047  5063 I GeckoTab: Updated favicon for tab with id: 1
07-09 15:25:14.783  5047  5063 I GeckoTab: Updated favicon URL for tab with id: 1
07-09 15:25:14.787  5047  5047 I GeckoDoorHangerPopup: Showing all doorhangers for tab: 1
07-09 15:25:14.807  5047  5063 I GeckoApp: Got message: Content:SecurityChange
07-09 15:25:14.807  5047  5063 I GeckoApp: Security Mode - unknown
07-09 15:25:14.850  5047  5050 D dalvikvm: GC_CONCURRENT freed 16K, 4% free 11770K/12231K, paused 2ms+20ms
07-09 15:25:14.920  5047  5080 I Gecko   : Compositor: Composite took 130 ms.
07-09 15:25:15.006  5047  5063 I GeckoApp: Got message: DOMTitleChanged
07-09 15:25:15.006  5047  5063 I GeckoTab: Updated title: Romney earns $35 million more than Obama in June with help of rich few - CSMonitor.com for tab with id: 1
07-09 15:25:15.014  5047  5063 I GeckoApp: title - Romney earns $35 million more than Obama in June with help of rich few - CSMonitor.com
07-09 15:25:15.029  5047  5063 I GeckoApp: Got message: DOMLinkAdded
07-09 15:25:15.033  5047  5063 I GeckoApp: link rel - [home], href - http://www.csmonitor.com/
07-09 15:25:15.033  5047  5063 I GeckoApp: Got message: DOMLinkAdded
07-09 15:25:15.033  5047  5063 I GeckoApp: link rel - [index], href - http://www.csmonitor.com/
07-09 15:25:15.037  5047  5063 I GeckoApp: Got message: DOMLinkAdded
07-09 15:25:15.037  5047  5063 I GeckoApp: link rel - [top], href - http://www.csmonitor.com/
07-09 15:25:15.045  5047  5063 I GeckoApp: Got message: DOMLinkAdded
07-09 15:25:15.045  5047  5063 I GeckoApp: link rel - [search], href - http://www.csmonitor.com/content/search
07-09 15:25:15.049  5047  5063 I GeckoApp: Got message: DOMLinkAdded
07-09 15:25:15.049  5047  5063 I GeckoApp: link rel - [shortcut] [icon], href - http://www.csmonitor.com/extension/csm_base/design/csm_design/images/favicon.ico
07-09 15:25:15.049  5047  5063 I GeckoTab: Updated favicon URL for tab with id: 1
07-09 15:25:15.053  5047  5063 I GeckoApp: Got message: DOMLinkAdded
07-09 15:25:15.053  5047  5063 I GeckoApp: link rel - [canonical], href - http://www.csmonitor.com/USA/Latest-News-Wires/2012/0709/Romney-earns-35-million-more-than-Obama-in-June-with-help-of-rich-few
07-09 15:25:15.053  5047  5063 I GeckoApp: Got message: DOMLinkAdded
07-09 15:25:15.053  5047  5063 I GeckoApp: link rel - [syndication-source], href - http://hosted.ap.org/
07-09 15:25:15.057  5047  5063 I GeckoApp: Got message: DOMLinkAdded
07-09 15:25:15.057  5047  5063 I GeckoApp: link rel - [alternate], href - http://rss.csmonitor.com/feeds/usa
07-09 15:25:15.061  5047  5063 I GeckoApp: Got message: DOMLinkAdded
07-09 15:25:15.061  5047  5063 I GeckoApp: link rel - [alternate], href - http://rss.csmonitor.com/feeds/csm
07-09 15:25:15.182  5047  5063 E GeckoConsole: [JavaScript Warning: "Unknown property 'voice-family'.  Declaration dropped." {file: "http://www.csmonitor.com/extension/csm_base/design/csm_design/stylesheets/global_base.css" line: 36}]
07-09 15:25:15.182  5047  5063 E GeckoConsole: [JavaScript Warning: "Unknown property 'voice-family'.  Declaration dropped." {file: "http://www.csmonitor.com/extension/csm_base/design/csm_design/stylesheets/global_base.css" line: 37}]
07-09 15:25:15.182  5047  5063 E GeckoConsole: [JavaScript Warning: "Expected declaration but found '*'.  Skipped to next declaration." {file: "http://www.csmonitor.com/extension/csm_base/design/csm_design/stylesheets/global_base.css" line: 81}]
07-09 15:25:15.213  5047  5080 I Gecko   : Compositor: Composite took 54 ms.
07-09 15:25:15.326  5047  5063 E GeckoConsole: [JavaScript Warning: "Unknown property 'transition-duration'.  Declaration dropped." {file: "http://www.csmonitor.com/var/ezflow_site/cache/public/stylesheets/cac2799e8fdc0d380c62591c5323bc85_1341219860_all.css" line: 2}]
07-09 15:25:15.338  5047  5063 E GeckoConsole: [JavaScript Warning: "Error in parsing value for 'background'.  Declaration dropped." {file: "http://www.csmonitor.com/var/ezflow_site/cache/public/stylesheets/cac2799e8fdc0d380c62591c5323bc85_1341219860_all.css" line: 2}]
07-09 15:25:15.338  5047  5063 E GeckoConsole: [JavaScript Warning: "Error in parsing value for 'background'.  Declaration dropped." {file: "http://www.csmonitor.com/var/ezflow_site/cache/public/stylesheets/cac2799e8fdc0d380c62591c5323bc85_1341219860_all.css" line: 2}]
07-09 15:25:15.338  5047  5063 E GeckoConsole: [JavaScript Warning: "Error in parsing value for 'background'.  Declaration dropped." {file: "http://www.csmonitor.com/var/ezflow_site/cache/public/stylesheets/cac2799e8fdc0d380c62591c5323bc85_1341219860_all.css" line: 2}]
07-09 15:25:15.338  5047  5063 E GeckoConsole: [JavaScript Warning: "Error in parsing value for 'background'.  Declaration dropped." {file: "http://www.csmonitor.com/var/ezflow_site/cache/public/stylesheets/cac2799e8fdc0d380c62591c5323bc85_1341219860_all.css" line: 2}]
07-09 15:25:15.354  5047  5063 E GeckoConsole: [JavaScript Warning: "Unknown property '-moz-opacity'.  Declaration dropped." {file: "http://www.csmonitor.com/var/ezflow_site/cache/public/stylesheets/cac2799e8fdc0d380c62591c5323bc85_1341219860_all.css" line: 2}]
07-09 15:25:15.354  5047  5063 E GeckoConsole: [JavaScript Warning: "Error in parsing value for 'filter'.  Declaration dropped." {file: "http://www.csmonitor.com/var/ezflow_site/cache/public/stylesheets/cac2799e8fdc0d380c62591c5323bc85_1341219860_all.css" line: 2}]
07-09 15:25:15.397  5047  5063 E GeckoConsole: [JavaScript Warning: "Error in parsing value for 'filter'.  Declaration dropped." {file: "http://www.csmonitor.com/var/ezflow_site/cache/public/stylesheets/cac2799e8fdc0d380c62591c5323bc85_1341219860_all.css" line: 2}]
07-09 15:25:15.397  5047  5063 E GeckoConsole: [JavaScript Warning: "Unknown property 'zoom'.  Declaration dropped." {file: "http://www.csmonitor.com/var/ezflow_site/cache/public/stylesheets/cac2799e8fdc0d380c62591c5323bc85_1341219860_all.css" line: 2}]
07-09 15:25:15.397  5047  5063 E GeckoConsole: [JavaScript Warning: "Expected declaration but found '^'.  Skipped to next declaration." {file: "http://www.csmonitor.com/var/ezflow_site/cache/public/stylesheets/cac2799e8fdc0d380c62591c5323bc85_1341219860_all.css" line: 2}]
07-09 15:25:15.397  5047  5063 E GeckoConsole: [JavaScript Warning: "Unknown property '-moz-opacity'.  Declaration dropped." {file: "http://www.csmonitor.com/var/ezflow_site/cache/public/stylesheets/cac2799e8fdc0d380c62591c5323bc85_1341219860_all.css" line: 2}]
07-09 15:25:15.400  5047  5063 E GeckoConsole: [JavaScript Warning: "Error in parsing value for 'filter'.  Declaration dropped." {file: "http://www.csmonitor.com/var/ezflow_site/cache/public/stylesheets/cac2799e8fdc0d380c62591c5323bc85_1341219860_all.css" line: 2}]
07-09 15:25:15.400  5047  5063 E GeckoConsole: [JavaScript Warning: "Error in parsing value for 'filter'.  Declaration dropped." {file: "http://www.csmonitor.com/var/ezflow_site/cache/public/stylesheets/cac2799e8fdc0d380c62591c5323bc85_1341219860_all.css" line: 2}]
07-09 15:25:15.400  5047  5063 E GeckoConsole: [JavaScript Warning: "Unknown property 'zoom'.  Declaration dropped." {file: "http://www.csmonitor.com/var/ezflow_site/cache/public/stylesheets/cac2799e8fdc0d380c62591c5323bc85_1341219860_all.css" line: 2}]
07-09 15:25:15.408  5047  5063 E GeckoConsole: [JavaScript Warning: "Unknown property 'voice-family'.  Declaration dropped." {file: "http://www.csmonitor.com/var/ezflow_site/cache/public/stylesheets/cac2799e8fdc0d380c62591c5323bc85_1341219860_all.css" line: 2}]
07-09 15:25:15.408  5047  5063 E GeckoConsole: [JavaScript Warning: "Unknown property 'voice-family'.  Declaration dropped." {file: "http://www.csmonitor.com/var/ezflow_site/cache/public/stylesheets/cac2799e8fdc0d380c62591c5323bc85_1341219860_all.css" line: 2}]
07-09 15:25:15.412  5047  5063 E GeckoConsole: [JavaScript Warning: "Expected declaration but found '*'.  Skipped to next declaration." {file: "http://www.csmonitor.com/var/ezflow_site/cache/public/stylesheets/cac2799e8fdc0d380c62591c5323bc85_1341219860_all.css" line: 2}]
07-09 15:25:15.432  5047  5063 E GeckoConsole: [JavaScript Warning: "Expected declaration but found '*'.  Skipped to next declaration." {file: "http://www.csmonitor.com/var/ezflow_site/cache/public/stylesheets/cac2799e8fdc0d380c62591c5323bc85_1341219860_all.css" line: 2}]
07-09 15:25:15.439  5047  5063 E GeckoConsole: [JavaScript Warning: "Expected declaration but found '*'.  Skipped to next declaration." {file: "http://www.csmonitor.com/var/ezflow_site/cache/public/stylesheets/cac2799e8fdc0d380c62591c5323bc85_1341219860_all.css" line: 2}]
07-09 15:25:15.439  5047  5063 E GeckoConsole: [JavaScript Warning: "Expected declaration but found '*'.  Skipped to next declaration." {file: "http://www.csmonitor.com/var/ezflow_site/cache/public/stylesheets/cac2799e8fdc0d380c62591c5323bc85_1341219860_all.css" line: 2}]
07-09 15:25:15.439  5047  5063 E GeckoConsole: [JavaScript Warning: "Expected declaration but found '*'.  Skipped to next declaration." {file: "http://www.csmonitor.com/var/ezflow_site/cache/public/stylesheets/cac2799e8fdc0d380c62591c5323bc85_1341219860_all.css" line: 2}]
07-09 15:25:15.443  5047  5063 E GeckoConsole: [JavaScript Warning: "Expected declaration but found '*'.  Skipped to next declaration." {file: "http://www.csmonitor.com/var/ezflow_site/cache/public/stylesheets/cac2799e8fdc0d380c62591c5323bc85_1341219860_all.css" line: 2}]
07-09 15:25:15.447  5047  5063 E GeckoConsole: [JavaScript Warning: "Expected declaration but found '*'.  Skipped to next declaration." {file: "http://www.csmonitor.com/var/ezflow_site/cache/public/stylesheets/cac2799e8fdc0d380c62591c5323bc85_1341219860_all.css" line: 2}]
07-09 15:25:15.447  5047  5063 E GeckoConsole: [JavaScript Warning: "Expected declaration but found '*'.  Skipped to next declaration." {file: "http://www.csmonitor.com/var/ezflow_site/cache/public/stylesheets/cac2799e8fdc0d380c62591c5323bc85_1341219860_all.css" line: 2}]
07-09 15:25:15.447  5047  5063 E GeckoConsole: [JavaScript Warning: "Expected declaration but found '*'.  Skipped to next declaration." {file: "http://www.csmonitor.com/var/ezflow_site/cache/public/stylesheets/cac2799e8fdc0d380c62591c5323bc85_1341219860_all.css" line: 2}]
07-09 15:25:15.451  5047  5063 E GeckoConsole: [JavaScript Warning: "Expected declaration but found '*'.  Skipped to next declaration." {file: "http://www.csmonitor.com/var/ezflow_site/cache/public/stylesheets/cac2799e8fdc0d380c62591c5323bc85_1341219860_all.css" line: 2}]
07-09 15:25:15.451  5047  5063 E GeckoConsole: [JavaScript Warning: "Expected declaration but found '*'.  Skipped to next declaration." {file: "http://www.csmonitor.com/var/ezflow_site/cache/public/stylesheets/cac2799e8fdc0d380c62591c5323bc85_1341219860_all.css" line: 2}]
07-09 15:25:15.451  5047  5063 E GeckoConsole: [JavaScript Warning: "Expected declaration but found '*'.  Skipped to next declaration." {file: "http://www.csmonitor.com/var/ezflow_site/cache/public/stylesheets/cac2799e8fdc0d380c62591c5323bc85_1341219860_all.css" line: 2}]
07-09 15:25:15.451  5047  5063 E GeckoConsole: [JavaScript Warning: "Expected declaration but found '*'.  Skipped to next declaration." {file: "http://www.csmonitor.com/var/ezflow_site/cache/public/stylesheets/cac2799e8fdc0d380c62591c5323bc85_1341219860_all.css" line: 2}]
07-09 15:25:15.459  5047  5063 E GeckoConsole: [JavaScript Warning: "Expected declaration but found '*'.  Skipped to next declaration." {file: "http://www.csmonitor.com/var/ezflow_site/cache/public/stylesheets/cac2799e8fdc0d380c62591c5323bc85_1341219860_all.css" line: 2}]
07-09 15:25:15.463  5047  5063 E GeckoConsole: [JavaScript Warning: "Expected declaration but found '*'.  Skipped to next declaration." {file: "http://www.csmonitor.com/var/ezflow_site/cache/public/stylesheets/cac2799e8fdc0d380c62591c5323bc85_1341219860_all.css" line: 2}]
07-09 15:25:15.467  5047  5063 E GeckoConsole: [JavaScript Warning: "Error in parsing value for 'line-height'.  Declaration dropped." {file: "http://www.csmonitor.com/var/ezflow_site/cache/public/stylesheets/cac2799e8fdc0d380c62591c5323bc85_1341219860_all.css" line: 2}]
07-09 15:25:15.467  5047  5063 E GeckoConsole: [JavaScript Warning: "Expected declaration but found '*'.  Skipped to next declaration." {file: "http://www.csmonitor.com/var/ezflow_site/cache/public/stylesheets/cac2799e8fdc0d380c62591c5323bc85_1341219860_all.css" line: 2}]
07-09 15:25:15.467  5047  5063 E GeckoConsole: [JavaScript Warning: "Expected declaration but found '*'.  Skipped to next declaration." {file: "http://www.csmonitor.com/var/ezflow_site/cache/public/stylesheets/cac2799e8fdc0d380c62591c5323bc85_1341219860_all.css" line: 2}]
07-09 15:25:15.471  5047  5063 E GeckoConsole: [JavaScript Warning: "Expected declaration but found '*'.  Skipped to next declaration." {file: "http://www.csmonitor.com/var/ezflow_site/cache/public/stylesheets/cac2799e8fdc0d380c62591c5323bc85_1341219860_all.css" line: 2}]
07-09 15:25:15.471  5047  5063 E GeckoConsole: [JavaScript Warning: "Expected declaration but found '*'.  Skipped to next declaration." {file: "http://www.csmonitor.com/var/ezflow_site/cache/public/stylesheets/cac2799e8fdc0d380c62591c5323bc85_1341219860_all.css" line: 2}]
07-09 15:25:15.471  5047  5063 E GeckoConsole: [JavaScript Warning: "Unknown property '-moz-border-radius'.  Declaration dropped." {file: "http://www.csmonitor.com/var/ezflow_site/cache/public/stylesheets/cac2799e8fdc0d380c62591c5323bc85_1341219860_all.css" line: 2}]
07-09 15:25:15.471  5047  5063 E GeckoConsole: [JavaScript Warning: "Expected declaration but found '*'.  Skipped to next declaration." {file: "http://www.csmonitor.com/var/ezflow_site/cache/public/stylesheets/cac2799e8fdc0d380c62591c5323bc85_1341219860_all.css" line: 2}]
07-09 15:25:15.479  5047  5063 E GeckoConsole: [JavaScript Warning: "Error in parsing value for 'filter'.  Declaration dropped." {file: "http://www.csmonitor.com/var/ezflow_site/cache/public/stylesheets/cac2799e8fdc0d380c62591c5323bc85_1341219860_all.css" line: 2}]
07-09 15:25:15.479  5047  5063 E GeckoConsole: [JavaScript Warning: "Unknown property '-moz-opacity'.  Declaration dropped." {file: "http://www.csmonitor.com/var/ezflow_site/cache/public/stylesheets/cac2799e8fdc0d380c62591c5323bc85_1341219860_all.css" line: 2}]
07-09 15:25:15.479  5047  5063 E GeckoConsole: [JavaScript Warning: "Selector expected.  Ruleset ignored due to bad selector." {file: "http://www.csmonitor.com/var/ezflow_site/cache/public/stylesheets/cac2799e8fdc0d380c62591c5323bc85_1341219860_all.css" line: 2}]
07-09 15:25:15.482  5047  5063 E GeckoConsole: [JavaScript Warning: "Error in parsing value for 'background-image'.  Declaration dropped." {file: "http://www.csmonitor.com/var/ezflow_site/cache/public/stylesheets/cac2799e8fdc0d380c62591c5323bc85_1341219860_all.css" line: 2}]
07-09 15:25:15.482  5047  5063 E GeckoConsole: [JavaScript Warning: "Error in parsing value for 'background-image'.  Declaration dropped." {file: "http://www.csmonitor.com/var/ezflow_site/cache/public/stylesheets/cac2799e8fdc0d380c62591c5323bc85_1341219860_all.css" line: 2}]
07-09 15:25:15.482  5047  5063 E GeckoConsole: [JavaScript Warning: "Error in parsing value for 'background-image'.  Declaration dropped." {file: "http://www.csmonitor.com/var/ezflow_site/cache/public/stylesheets/cac2799e8fdc0d380c62591c5323bc85_1341219860_all.css" line: 2}]
07-09 15:25:15.482  5047  5063 E GeckoConsole: [JavaScript Warning: "Error in parsing value for 'background'.  Declaration dropped." {file: "http://www.csmonitor.com/var/ezflow_site/cache/public/stylesheets/cac2799e8fdc0d380c62591c5323bc85_1341219860_all.css" line: 2}]
07-09 15:25:15.482  5047  5063 E GeckoConsole: [JavaScript Warning: "Error in parsing value for 'background-image'.  Declaration dropped." {file: "http://www.csmonitor.com/var/ezflow_site/cache/public/stylesheets/cac2799e8fdc0d380c62591c5323bc85_1341219860_all.css" line: 2}]
07-09 15:25:15.482  5047  5063 E GeckoConsole: [JavaScript Warning: "Error in parsing value for 'background-image'.  Declaration dropped." {file: "http://www.csmonitor.com/var/ezflow_site/cache/public/stylesheets/cac2799e8fdc0d380c62591c5323bc85_1341219860_all.css" line: 2}]
07-09 15:25:15.482  5047  5063 E GeckoConsole: [JavaScript Warning: "Error in parsing value for 'background-image'.  Declaration dropped." {file: "http://www.csmonitor.com/var/ezflow_site/cache/public/stylesheets/cac2799e8fdc0d380c62591c5323bc85_1341219860_all.css" line: 2}]
07-09 15:25:15.498  5047  5063 E GeckoConsole: [JavaScript Warning: "Error in parsing value for 'filter'.  Declaration dropped." {file: "http://www.csmonitor.com/var/ezflow_site/cache/public/stylesheets/cac2799e8fdc0d380c62591c5323bc85_1341219860_all.css" line: 2}]
07-09 15:25:15.498  5047  5063 E GeckoConsole: [JavaScript Warning: "Unknown property '-moz-opacity'.  Declaration dropped." {file: "http://www.csmonitor.com/var/ezflow_site/cache/public/stylesheets/cac2799e8fdc0d380c62591c5323bc85_1341219860_all.css" line: 2}]
07-09 15:25:15.498  5047  5063 E GeckoConsole: [JavaScript Warning: "Error in parsing value for 'height'.  Declaration dropped." {file: "http://www.csmonitor.com/var/ezflow_site/cache/public/stylesheets/cac2799e8fdc0d380c62591c5323bc85_1341219860_all.css" line: 2}]
07-09 15:25:15.498  5047  5063 E GeckoConsole: [JavaScript Warning: "Error in parsing value for 'margin-top'.  Declaration dropped." {file: "http://www.csmonitor.com/var/ezflow_site/cache/public/stylesheets/cac2799e8fdc0d380c62591c5323bc85_1341219860_all.css" line: 2}]
07-09 15:25:15.498  5047  5063 E GeckoConsole: [JavaScript Warning: "Error in parsing value for 'margin-top'.  Declaration dropped." {file: "http://www.csmonitor.com/var/ezflow_site/cache/public/stylesheets/cac2799e8fdc0d380c62591c5323bc85_1341219860_all.css" line: 2}]
07-09 15:25:15.498  5047  5063 E GeckoConsole: [JavaScript Warning: "Error in parsing value for 'filter'.  Declaration dropped." {file: "http://www.csmonitor.com/var/ezflow_site/cache/public/stylesheets/cac2799e8fdc0d380c62591c5323bc85_1341219860_all.css" line: 2}]
07-09 15:25:15.502  5047  5063 E GeckoConsole: [JavaScript Warning: "Unknown property '-moz-opacity'.  Declaration dropped." {file: "http://www.csmonitor.com/var/ezflow_site/cache/public/stylesheets/cac2799e8fdc0d380c62591c5323bc85_1341219860_all.css" line: 2}]
07-09 15:25:15.502  5047  5063 E GeckoConsole: [JavaScript Warning: "Error in parsing value for 'height'.  Declaration dropped." {file: "http://www.csmonitor.com/var/ezflow_site/cache/public/stylesheets/cac2799e8fdc0d380c62591c5323bc85_1341219860_all.css" line: 2}]
07-09 15:25:15.666  4996  4998 D dalvikvm: GC_CONCURRENT freed 1091K, 17% free 12205K/14663K, paused 2ms+7ms
07-09 15:25:16.275  5047  5063 I GeckoApp: Got message: Content:PageShow
07-09 15:25:16.275  5047  5047 D GeckoFavicons: Creating LoadFaviconTask with URL = http://www.csmonitor.com/USA/Latest-News-Wires/2012/0709/Romney-earns-35-million-more-than-Obama-in-June-with-help-of-rich-few and favicon URL = http://www.csmonitor.com/extension/csm_base/design/csm_design/images/favicon.ico
07-09 15:25:16.283  5047  5047 D GeckoFavicons: Calling loadFavicon() with URL = http://www.csmonitor.com/USA/Latest-News-Wires/2012/0709/Romney-earns-35-million-more-than-Obama-in-June-with-help-of-rich-few and favicon URL = http://www.csmonitor.com/extension/csm_base/design/csm_design/images/favicon.ico (1)
07-09 15:25:16.334  5047  5063 I GeckoApp: Got message: Content:StateChange
07-09 15:25:16.334  5047  5063 I GeckoApp: State - 786448
07-09 15:25:16.334  5047  5063 I GeckoApp: Got a document stop
07-09 15:25:16.354  5047  5063 I GeckoApp: Got message: Content:StateChange
07-09 15:25:16.357  5047  5063 I GeckoApp: State - 983041
07-09 15:25:16.357  5047  5063 I GeckoApp: Got a document start
07-09 15:25:16.381  5047  5047 I GeckoToolbar: zerdatime 9451146 - Throbber stop
07-09 15:25:16.389  5047  5047 I GeckoToolbar: zerdatime 9451154 - Throbber start
07-09 15:25:16.408  5047  5088 D GeckoFavicons: Favicon URL is now: http://www.csmonitor.com/extension/csm_base/design/csm_design/images/favicon.ico
07-09 15:25:16.408  5047  5088 D GeckoFavicons: Calling getFaviconUrlForPageUrl() for http://www.csmonitor.com/USA/Latest-News-Wires/2012/0709/Romney-earns-35-million-more-than-Obama-in-June-with-help-of-rich-few
07-09 15:25:16.424  5047  5063 I GeckoApp: Got message: DOMContentLoaded
07-09 15:25:16.471  5047  5063 I GeckoApp: Got message: Tab:ViewportMetadata
07-09 15:25:16.479  5047  5047 D GeckoPanZoomController: generating valid viewport using v=RectF(0.0, 0.0, 480.0, 690.0) p=RectF(0.0, 0.0, 480.0, 690.0) c=RectF(0.0, 0.0, 980.0, 1408.75) z=0.4897959
07-09 15:25:16.482  5047  5080 I GeckoAppShell: Taking whole-screen screenshot, viewport: ImmutableViewportMetrics v=(0.0,0.0,480.0,690.0) p=(0.0,0.0,480.0,690.0) c=(0.0,0.0,980.0,1408.75) z=0.4897959
07-09 15:25:16.482  5047  5047 D GeckoPanZoomController: generated valid viewport as v=RectF(0.0, 0.0, 480.0, 690.0) p=RectF(0.0, 0.0, 480.0, 690.0) c=RectF(0.0, 0.0, 980.0, 1408.75) z=0.4897959
07-09 15:25:16.514  5047  5080 I Gecko   : Compositor: Composite took 34 ms.
07-09 15:25:16.936  5047  5063 I GeckoApp: Got message: Content:LocationChange
07-09 15:25:16.936  5047  5063 I GeckoApp: URI - http://m.csmonitor.com/USA/Latest-News-Wires/2012/0709/Romney-earns-35-million-more-than-Obama-in-June-with-help-of-rich-few
07-09 15:25:16.936  5047  5063 I GeckoTab: Updated url: http://m.csmonitor.com/USA/Latest-News-Wires/2012/0709/Romney-earns-35-million-more-than-Obama-in-June-with-help-of-rich-few for tab with id: 1
07-09 15:25:16.939  5047  5063 I GeckoTab: Updated favicon for tab with id: 1
07-09 15:25:16.939  5047  5063 I GeckoTab: Updated favicon URL for tab with id: 1
07-09 15:25:16.939  5047  5063 D GeckoFavicons: Requesting cancelation of favicon load (1)
07-09 15:25:16.939  5047  5063 D GeckoFavicons: Cancelling favicon load (1)
07-09 15:25:16.939  5047  5047 I GeckoDoorHangerPopup: Showing all doorhangers for tab: 1
07-09 15:25:16.951  5047  5063 I GeckoApp: Got message: Content:SecurityChange
07-09 15:25:16.951  5047  5063 I GeckoApp: Security Mode - unknown
07-09 15:25:17.014  5047  5061 D dalvikvm: GC_FOR_ALLOC freed 2261K, 21% free 9752K/12231K, paused 19ms
07-09 15:25:17.018  5047  5061 I dalvikvm-heap: Grow heap (frag case) to 11.592MB for 2097168-byte allocation
07-09 15:25:17.041  5047  5047 D dalvikvm: GC_FOR_ALLOC freed 12K, 4% free 11787K/12231K, paused 15ms
07-09 15:25:17.045  5047  5063 I GeckoApp: Got message: DOMTitleChanged
07-09 15:25:17.045  5047  5063 I GeckoTab: Updated title: Romney earns $35 million more than Obama in June with help of rich few - CSMonitor.com for tab with id: 1
07-09 15:25:17.045  5047  5063 I GeckoApp: title - Romney earns $35 million more than Obama in June with help of rich few - CSMonitor.com
07-09 15:25:17.064  5047  5080 I Gecko   : Compositor: Composite took 65 ms.
07-09 15:25:17.119  5047  5063 I GeckoApp: Got message: DOMLinkAdded
07-09 15:25:17.135  5047  5063 I GeckoApp: link rel - [shortcut] [icon], href - http://m.csmonitor.com/extension/csm_mobile/design/csm_mobile_design/images/favicon.ico
07-09 15:25:17.135  5047  5063 I GeckoTab: Updated favicon URL for tab with id: 1
07-09 15:25:17.143  5047  5063 I GeckoApp: Got message: DOMLinkAdded
07-09 15:25:17.143  5047  5063 I GeckoApp: link rel - [canonical], href - http://www.csmonitor.com/USA/Latest-News-Wires/2012/0709/Romney-earns-35-million-more-than-Obama-in-June-with-help-of-rich-few
07-09 15:25:17.154  5047  5063 I GeckoApp: Got message: DOMLinkAdded
07-09 15:25:17.154  5047  5063 I GeckoApp: link rel - [syndication-source], href - http://hosted.ap.org/
07-09 15:25:17.166  5047  5080 I Gecko   : Compositor: Composite took 41 ms.
07-09 15:25:17.170  5047  5050 D dalvikvm: GC_CONCURRENT freed 35K, 4% free 11791K/12231K, paused 2ms+6ms
07-09 15:25:17.279  5047  5047 D GeckoFavicons: LoadFaviconTask cancelled for URL = http://www.csmonitor.com/USA/Latest-News-Wires/2012/0709/Romney-earns-35-million-more-than-Obama-in-June-with-help-of-rich-few (1)
07-09 15:25:17.412  5047  5080 I Gecko   : Compositor: Composite took 36 ms.
07-09 15:25:17.467  5047  5061 W GeckoGlobalHistory: Rebuilding visited link set...
07-09 15:25:17.713  5047  5063 E GeckoConsole: [JavaScript Warning: "Expected color but found '#2052D87'.  Error in parsing value for 'color'.  Declaration dropped." {file: "http://m.csmonitor.com/var/ezflow_site/cache/public/stylesheets/261e7045a5d4b06940cfbdfefcd4671d_1339058939_all.css" line: 2}]
07-09 15:25:17.772  5047  5063 E GeckoConsole: [JavaScript Warning: "Expected end of value but found 'auto'.  Error in parsing value for 'padding'.  Declaration dropped." {file: "http://m.csmonitor.com/var/ezflow_site/cache/public/stylesheets/261e7045a5d4b06940cfbdfefcd4671d_1339058939_all.css" line: 2}]
07-09 15:25:18.029  5047  5050 D dalvikvm: GC_CONCURRENT freed 2128K, 18% free 10583K/12807K, paused 2ms+3ms
07-09 15:25:18.717  5047  5063 I GeckoApp: Got message: Tab:ViewportMetadata
07-09 15:25:18.725  5047  5080 I GeckoAppShell: Taking whole-screen screenshot, viewport: ImmutableViewportMetrics v=(0.0,0.0,480.0,690.0) p=(0.0,0.0,480.0,690.0) c=(0.0,0.0,320.0,460.0) z=1.5
07-09 15:25:18.725  5047  5047 D GeckoPanZoomController: generating valid viewport using v=RectF(0.0, 0.0, 480.0, 690.0) p=RectF(0.0, 0.0, 480.0, 690.0) c=RectF(0.0, 0.0, 320.0, 460.0) z=1.5
07-09 15:25:18.725  5047  5047 D GeckoPanZoomController: generated valid viewport as v=RectF(0.0, 0.0, 480.0, 690.0) p=RectF(0.0, 0.0, 480.0, 690.0) c=RectF(0.0, 0.0, 320.0, 460.0) z=1.5
07-09 15:25:18.772  5047  5061 D dalvikvm: GC_FOR_ALLOC freed 64K, 17% free 10632K/12807K, paused 25ms
07-09 15:25:18.779  5047  5061 I dalvikvm-heap: Grow heap (frag case) to 12.451MB for 2097168-byte allocation
07-09 15:25:18.807  5047  5047 D dalvikvm: GC_FOR_ALLOC freed <1K, 16% free 12679K/14919K, paused 19ms
07-09 15:25:18.861  5047  5050 D dalvikvm: GC_CONCURRENT freed <1K, 16% free 12679K/14919K, paused 1ms+6ms
07-09 15:25:19.272  5047  5080 I Gecko   : Compositor: Composite took 46 ms.
07-09 15:25:19.514  5047  5080 I Gecko   : Compositor: Composite took 53 ms.
07-09 15:25:19.869  5047  5080 I Gecko   : Compositor: Composite took 261 ms.
07-09 15:25:19.900  5047  5080 I Gecko   : Compositor: Composite took 30 ms.
07-09 15:25:20.244  4996  4998 D dalvikvm: GC_CONCURRENT freed 945K, 17% free 12307K/14663K, paused 2ms+5ms
07-09 15:25:22.033  5047  5080 I Gecko   : Compositor: Composite took 52 ms.
07-09 15:25:22.291   144   424 I ActivityManager: Process android.process.acore (pid 425) has died.
07-09 15:25:22.291   144   403 D CountryDetector: No listener is left
07-09 15:25:22.994  5047  5047 D GeckoPanZoomController: generating valid viewport using v=RectF(0.0, 0.0, 480.0, 690.0) p=RectF(0.0, 0.0, 480.0, 1239.0) c=RectF(0.0, 0.0, 320.0, 826.0) z=1.5
07-09 15:25:22.994  5047  5047 D GeckoPanZoomController: generated valid viewport as v=RectF(0.0, 0.0, 480.0, 690.0) p=RectF(0.0, 0.0, 480.0, 1239.0) c=RectF(0.0, 0.0, 320.0, 826.0) z=1.5
07-09 15:25:23.045  5047  5080 I Gecko   : Compositor: Composite took 50 ms.
07-09 15:25:23.068  5047  5063 E GeckoConsole: [JavaScript Warning: "Unknown property '-moz-outline-style'.  Declaration dropped." {file: "http://www.facebook.com/plugins/like.php?href=http%3A%2F%2Fwww.facebook.com%2FChristianScienceMonitor&send=false&layout=button_count&width=90&show_faces=false&action=like&colorscheme=light&font=arial&height=21" line: 9}]
07-09 15:25:23.068  5047  5063 E GeckoConsole: [JavaScript Warning: "Unknown property 'zoom'.  Declaration dropped." {file: "http://www.facebook.com/plugins/like.php?href=http%3A%2F%2Fwww.facebook.com%2FChristianScienceMonitor&send=false&layout=button_count&width=90&show_faces=false&action=like&colorscheme=light&font=arial&height=21" line: 19}]
07-09 15:25:23.303  4967  4967 D OpenGLRenderer: Flushing caches (mode 1)
07-09 15:25:23.303   370   370 D OpenGLRenderer: Flushing caches (mode 1)
07-09 15:25:23.576  5047  5080 I Gecko   : Compositor: Composite took 38 ms.
07-09 15:25:23.604  4818  4818 D OpenGLRenderer: Flushing caches (mode 2)
07-09 15:25:23.854  5047  5047 D GeckoPanZoomController: generating valid viewport using v=RectF(0.0, 0.0, 480.0, 690.0) p=RectF(0.0, 0.0, 495.0, 1637.0) c=RectF(0.0, 0.0, 330.0, 1091.0) z=1.5
07-09 15:25:23.854  5047  5047 D GeckoPanZoomController: generated valid viewport as v=RectF(0.0, 0.0, 480.0, 690.0) p=RectF(0.0, 0.0, 495.0, 1637.0) c=RectF(0.0, 0.0, 330.0, 1091.0) z=1.5
07-09 15:25:24.053  4996  4998 D dalvikvm: GC_CONCURRENT freed 1148K, 17% free 12231K/14663K, paused 3ms+7ms
07-09 15:25:24.400  5047  5080 I Gecko   : Compositor: Composite took 34 ms.
07-09 15:25:24.600  5047  5080 I Gecko   : Compositor: Composite took 31 ms.
07-09 15:25:24.799  5047  5080 I Gecko   : Compositor: Composite took 31 ms.
07-09 15:25:24.846  4087  4090 D dalvikvm: GC_CONCURRENT freed 497K, 6% free 10449K/11079K, paused 6ms+8ms
07-09 15:25:24.885   370   370 D OpenGLRenderer: Flushing caches (mode 2)
07-09 15:25:25.006   370   370 D OpenGLRenderer: Flushing caches (mode 0)
07-09 15:25:25.689  5047  5047 D GeckoPanZoomController: Finishing animation at ImmutableViewportMetrics v=(0.0,618.57043,480.0,1308.5706) p=(0.0,0.0,495.0,1637.0) c=(0.0,0.0,330.0,1091.0) z=1.5
07-09 15:25:25.775  4448  4451 D dalvikvm: GC_CONCURRENT freed 416K, 7% free 10173K/10887K, paused 2ms+17ms
07-09 15:25:25.807  4996  4998 D dalvikvm: GC_CONCURRENT freed 1059K, 17% free 12237K/14663K, paused 11ms+33ms
07-09 15:25:26.225  5047  5080 I Gecko   : Compositor: Composite took 30 ms.
07-09 15:25:26.686  5047  5047 D GeckoPanZoomController: generating valid viewport using v=RectF(0.0, 618.57043, 480.0, 1308.5706) p=RectF(0.0, 0.0, 495.0, 8114.0) c=RectF(0.0, 0.0, 330.0, 5409.0) z=1.5
07-09 15:25:26.686  5047  5047 D GeckoPanZoomController: generated valid viewport as v=RectF(0.0, 618.57043, 480.0, 1308.5706) p=RectF(0.0, 0.0, 495.0, 8114.0) c=RectF(0.0, 0.0, 330.0, 5409.0) z=1.5
07-09 15:25:26.725  5047  5080 I Gecko   : Compositor: Composite took 40 ms.
07-09 15:25:26.807  4448  4451 D dalvikvm: GC_CONCURRENT freed 256K, 6% free 10308K/10887K, paused 180ms+2ms
07-09 15:25:28.158  4996  4998 D dalvikvm: GC_CONCURRENT freed 1040K, 17% free 12234K/14663K, paused 2ms+5ms
07-09 15:25:28.643  5047  5080 I Gecko   : Compositor: Composite took 1454 ms.
07-09 15:25:28.920  5047  5063 E GeckoConsole: [JavaScript Warning: "Unknown property 'overflow-scroll'.  Declaration dropped." {file: "http://guide.radioloyalty.com/preroll/1.html?siteID=OMD_ON_2_83673906&creativeID=3&rgRef=http://ad.doubleclick.net/adi/OMD_ON_2/m.csmonitor.com;device=guide;sz=300x250;ord=3434881091193589?&adGroup=2" line: 16}]
07-09 15:25:28.920  5047  5063 E GeckoConsole: [JavaScript Warning: "Unknown property 'frameborder'.  Declaration dropped." {file: "http://guide.radioloyalty.com/preroll/1.html?siteID=OMD_ON_2_83673906&creativeID=3&rgRef=http://ad.doubleclick.net/adi/OMD_ON_2/m.csmonitor.com;device=guide;sz=300x250;ord=3434881091193589?&adGroup=2" line: 18}]
07-09 15:25:28.920  5047  5063 E GeckoConsole: [JavaScript Warning: "Unknown property 'marginheight'.  Declaration dropped." {file: "http://guide.radioloyalty.com/preroll/1.html?siteID=OMD_ON_2_83673906&creativeID=3&rgRef=http://ad.doubleclick.net/adi/OMD_ON_2/m.csmonitor.com;device=guide;sz=300x250;ord=3434881091193589?&adGroup=2" line: 19}]
07-09 15:25:28.920  5047  5063 E GeckoConsole: [JavaScript Warning: "Unknown property 'marginwidth'.  Declaration dropped." {file: "http://guide.radioloyalty.com/preroll/1.html?siteID=OMD_ON_2_83673906&creativeID=3&rgRef=http://ad.doubleclick.net/adi/OMD_ON_2/m.csmonitor.com;device=guide;sz=300x250;ord=3434881091193589?&adGroup=2" line: 20}]
07-09 15:25:28.920  5047  5063 E GeckoConsole: [JavaScript Warning: "Expected declaration but found '*'.  Skipped to next declaration." {file: "http://guide.radioloyalty.com/preroll/1.html?siteID=OMD_ON_2_83673906&creativeID=3&rgRef=http://ad.doubleclick.net/adi/OMD_ON_2/m.csmonitor.com;device=guide;sz=300x250;ord=3434881091193589?&adGroup=2" line: 21}]
07-09 15:25:28.920  5047  5063 E GeckoConsole: [JavaScript Warning: "Selector expected.  Ruleset ignored due to bad selector." {file: "http://guide.radioloyalty.com/preroll/1.html?siteID=OMD_ON_2_83673906&creativeID=3&rgRef=http://ad.doubleclick.net/adi/OMD_ON_2/m.csmonitor.com;device=guide;sz=300x250;ord=3434881091193589?&adGroup=2" line: 30}]
07-09 15:25:28.967  5047  5047 D GeckoPanZoomController: generating valid viewport using v=RectF(0.0, 618.57043, 480.0, 1308.5706) p=RectF(0.0, 0.0, 495.0, 8324.0) c=RectF(0.0, 0.0, 330.0, 5549.0) z=1.5
07-09 15:25:28.967  5047  5047 D GeckoPanZoomController: generated valid viewport as v=RectF(0.0, 618.57043, 480.0, 1308.5706) p=RectF(0.0, 0.0, 495.0, 8324.0) c=RectF(0.0, 0.0, 330.0, 5549.0) z=1.5
07-09 15:25:28.998  5047  5080 I Gecko   : Compositor: Composite took 32 ms.
07-09 15:25:29.416  4996  5023 W ResponseProcessCookies: Cookie rejected: "BasicClientCookie[version=0,name=JSESSIONID,domain=af.reuters.com,path=/rcom-af,expiry=null]". Illegal path attribute "/rcom-af". Path of origin: "/article/worldNews/idAFBRE86412I20120708"
07-09 15:25:29.615  5047  5063 I GeckoApp: Got message: DOMContentLoaded
07-09 15:25:30.080  5047  5080 I Gecko   : Compositor: Composite took 44 ms.
07-09 15:25:30.092  5047  5063 E GeckoConsole: [JavaScript Warning: "Unknown property '-moz-border-radius'.  Declaration dropped." {file: "http://s7.addthis.com/static/r07/widget086.css" line: 1}]
07-09 15:25:30.119  5047  5063 E GeckoConsole: [JavaScript Warning: "Unknown property '-moz-border-radius'.  Declaration dropped." {file: "http://s7.addthis.com/static/r07/widget086.css" line: 1}]
07-09 15:25:30.119  5047  5063 E GeckoConsole: [JavaScript Warning: "Unknown property '-moz-box-shadow'.  Declaration dropped." {file: "http://s7.addthis.com/static/r07/widget086.css" line: 1}]
07-09 15:25:30.123  5047  5063 E GeckoConsole: [JavaScript Warning: "Unknown property '-moz-box-shadow'.  Declaration dropped." {file: "http://s7.addthis.com/static/r07/widget086.css" line: 1}]
07-09 15:25:30.123  5047  5063 E GeckoConsole: [JavaScript Warning: "Unknown property '-moz-border-radius'.  Declaration dropped." {file: "http://s7.addthis.com/static/r07/widget086.css" line: 1}]
07-09 15:25:30.123  5047  5063 E GeckoConsole: [JavaScript Warning: "Unknown property '-moz-border-radius-topleft'.  Declaration dropped." {file: "http://s7.addthis.com/static/r07/widget086.css" line: 1}]
07-09 15:25:30.123  5047  5063 E GeckoConsole: [JavaScript Warning: "Unknown property '-moz-border-radius-topright'.  Declaration dropped." {file: "http://s7.addthis.com/static/r07/widget086.css" line: 1}]
07-09 15:25:30.127  5047  5063 E GeckoConsole: [JavaScript Warning: "Unknown property '-moz-border-radius'.  Declaration dropped." {file: "http://s7.addthis.com/static/r07/widget086.css" line: 1}]
07-09 15:25:30.127  5047  5063 E GeckoConsole: [JavaScript Warning: "Unknown property '-moz-box-shadow'.  Declaration dropped." {file: "http://s7.addthis.com/static/r07/widget086.css" line: 1}]
07-09 15:25:30.127  5047  5063 E GeckoConsole: [JavaScript Warning: "Unknown property 'zoom'.  Declaration dropped." {file: "http://s7.addthis.com/static/r07/widget086.css" line: 1}]
07-09 15:25:30.127  5047  5063 E GeckoConsole: [JavaScript Warning: "Error in parsing value for 'filter'.  Declaration dropped." {file: "http://s7.addthis.com/static/r07/widget086.css" line: 1}]
07-09 15:25:30.127  5047  5063 E GeckoConsole: [JavaScript Warning: "Unknown property '-moz-border-radius'.  Declaration dropped." {file: "http://s7.addthis.com/static/r07/widget086.css" line: 1}]
07-09 15:25:30.127  5047  5063 E GeckoConsole: [JavaScript Warning: "Unknown property '-moz-box-shadow'.  Declaration dropped." {file: "http://s7.addthis.com/static/r07/widget086.css" line: 1}]
07-09 15:25:30.549  5047  5047 D GeckoPanZoomController: generating valid viewport using v=RectF(0.0, 618.57043, 480.0, 1308.5706) p=RectF(0.0, 0.0, 495.0, 8355.0) c=RectF(0.0, 0.0, 330.0, 5570.0) z=1.5
07-09 15:25:30.549  5047  5047 D GeckoPanZoomController: generated valid viewport as v=RectF(0.0, 618.57043, 480.0, 1308.5706) p=RectF(0.0, 0.0, 495.0, 8355.0) c=RectF(0.0, 0.0, 330.0, 5570.0) z=1.5
07-09 15:25:30.670  5047  5063 E GeckoConsole: [JavaScript Warning: "Unknown property 'overflow-scroll'.  Declaration dropped." {file: "http://guide.radioloyalty.com/preroll/staticDisplay.html?siteID=OMD_ON_2_83673906&creativeID=3&resultID=undefined&adGroup=2&skipVideo=undefined&rgRef=http://ad.doubleclick.net/adi/OMD_ON_2/m.csmonitor.com;device&fv=0" line: 16}]
07-09 15:25:30.670  5047  5063 E GeckoConsole: [JavaScript Warning: "Unknown property 'frameborder'.  Declaration dropped." {file: "http://guide.radioloyalty.com/preroll/staticDisplay.html?siteID=OMD_ON_2_83673906&creativeID=3&resultID=undefined&adGroup=2&skipVideo=undefined&rgRef=http://ad.doubleclick.net/adi/OMD_ON_2/m.csmonitor.com;device&fv=0" line: 18}]
07-09 15:25:30.670  5047  5063 E GeckoConsole: [JavaScript Warning: "Unknown property 'marginheight'.  Declaration dropped." {file: "http://guide.radioloyalty.com/preroll/staticDisplay.html?siteID=OMD_ON_2_83673906&creativeID=3&resultID=undefined&adGroup=2&skipVideo=undefined&rgRef=http://ad.doubleclick.net/adi/OMD_ON_2/m.csmonitor.com;device&fv=0" line: 19}]
07-09 15:25:30.670  5047  5063 E GeckoConsole: [JavaScript Warning: "Unknown property 'marginwidth'.  Declaration dropped." {file: "http://guide.radioloyalty.com/preroll/staticDisplay.html?siteID=OMD_ON_2_83673906&creativeID=3&resultID=undefined&adGroup=2&skipVideo=undefined&rgRef=http://ad.doubleclick.net/adi/OMD_ON_2/m.csmonitor.com;device&fv=0" line: 20}]
07-09 15:25:30.670  5047  5063 E GeckoConsole: [JavaScript Warning: "Expected declaration but found '*'.  Skipped to next declaration." {file: "http://guide.radioloyalty.com/preroll/staticDisplay.html?siteID=OMD_ON_2_83673906&creativeID=3&resultID=undefined&adGroup=2&skipVideo=undefined&rgRef=http://ad.doubleclick.net/adi/OMD_ON_2/m.csmonitor.com;device&fv=0" line: 21}]
07-09 15:25:30.881  5047  5080 I Gecko   : Compositor: Composite took 39 ms.
07-09 15:25:31.291  5047  5080 I Gecko   : Compositor: Composite took 36 ms.
07-09 15:25:31.463  4996  4998 D dalvikvm: GC_CONCURRENT freed 1020K, 17% free 12195K/14663K, paused 4ms+4ms
07-09 15:25:33.260  5047  5063 I GeckoApp: Got message: Content:PageShow
07-09 15:25:33.260  5047  5047 D GeckoFavicons: Creating LoadFaviconTask with URL = http://m.csmonitor.com/USA/Latest-News-Wires/2012/0709/Romney-earns-35-million-more-than-Obama-in-June-with-help-of-rich-few and favicon URL = http://m.csmonitor.com/extension/csm_mobile/design/csm_mobile_design/images/favicon.ico
07-09 15:25:33.264  5047  5047 D GeckoFavicons: Calling loadFavicon() with URL = http://m.csmonitor.com/USA/Latest-News-Wires/2012/0709/Romney-earns-35-million-more-than-Obama-in-June-with-help-of-rich-few and favicon URL = http://m.csmonitor.com/extension/csm_mobile/design/csm_mobile_design/images/favicon.ico (2)
07-09 15:25:33.279  5047  5063 I GeckoApp: Got message: Content:StateChange
07-09 15:25:33.279  5047  5063 I GeckoApp: State - 786448
07-09 15:25:33.279  5047  5063 I GeckoApp: Got a document stop
07-09 15:25:33.279  5047  5047 I GeckoToolbar: zerdatime 9468046 - Throbber stop
07-09 15:25:33.318  5047  5110 D GeckoFavicons: Favicon URL is now: http://m.csmonitor.com/extension/csm_mobile/design/csm_mobile_design/images/favicon.ico
07-09 15:25:33.318  5047  5110 D GeckoFavicons: Calling getFaviconUrlForPageUrl() for http://m.csmonitor.com/USA/Latest-News-Wires/2012/0709/Romney-earns-35-million-more-than-Obama-in-June-with-help-of-rich-few
07-09 15:25:33.354  5047  5110 D GeckoFavicons: Downloading favicon for URL = http://m.csmonitor.com/USA/Latest-News-Wires/2012/0709/Romney-earns-35-million-more-than-Obama-in-June-with-help-of-rich-few with favicon URL = http://m.csmonitor.com/extension/csm_mobile/design/csm_mobile_design/images/favicon.ico
07-09 15:25:33.678   144   380 I ActivityManager: Process com.twitter.android (pid 4575) has died.
07-09 15:25:33.729  4996  4998 D dalvikvm: GC_CONCURRENT freed 1003K, 17% free 12198K/14663K, paused 32ms+4ms
07-09 15:25:33.795  5047  5061 I GeckoAppShell: Taking whole-screen screenshot, viewport: ImmutableViewportMetrics v=(0.0,618.57043,480.0,1308.5706) p=(0.0,0.0,495.0,8355.0) c=(0.0,0.0,330.0,5570.0) z=1.5
07-09 15:25:33.869  5047  5080 I Gecko   : Compositor: Composite took 30 ms.
07-09 15:25:34.045  5047  5080 I Gecko   : Compositor: Composite took 158 ms.
07-09 15:25:34.158  5047  5080 I Gecko   : Compositor: Composite took 33 ms.
07-09 15:25:34.346  5047  5080 I Gecko   : Compositor: Composite took 59 ms.
07-09 15:25:34.600  5047  5047 D GeckoPanZoomController: generating valid viewport using v=RectF(28.131186, 799.0262, 508.1312, 1489.0264) p=RectF(0.0, 0.0, 495.0, 8355.0) c=RectF(0.0, 0.0, 330.0, 5570.0) z=1.5
07-09 15:25:34.604  5047  5047 D GeckoPanZoomController: generated valid viewport as v=RectF(14.99999, 799.0262, 495.0, 1489.0264) p=RectF(0.0, 0.0, 495.0, 8355.0) c=RectF(0.0, 0.0, 330.0, 5570.0) z=1.5
07-09 15:25:34.623  5047  5050 D dalvikvm: GC_CONCURRENT freed 2991K, 28% free 10866K/14919K, paused 2ms+124ms
07-09 15:25:34.697  5047  5061 D dalvikvm: GC_FOR_ALLOC freed 111K, 28% free 10755K/14919K, paused 56ms
07-09 15:25:34.705  5047  5061 I dalvikvm-heap: Grow heap (frag case) to 12.572MB for 2097168-byte allocation
07-09 15:25:34.772  5047  5047 D dalvikvm: GC_FOR_ALLOC freed 11K, 15% free 12791K/14919K, paused 43ms
07-09 15:25:34.924  5047  5080 I Gecko   : Compositor: Composite took 77 ms.
07-09 15:25:34.994  5047  5080 I Gecko   : Compositor: Composite took 34 ms.
07-09 15:25:35.611  5047  5110 D GeckoFavicons: Downloaded favicon successfully for URL = http://m.csmonitor.com/USA/Latest-News-Wires/2012/0709/Romney-earns-35-million-more-than-Obama-in-June-with-help-of-rich-few
07-09 15:25:35.623  5047  5110 D GeckoFavicons: Saving favicon on browser database for URL = http://m.csmonitor.com/USA/Latest-News-Wires/2012/0709/Romney-earns-35-million-more-than-Obama-in-June-with-help-of-rich-few
07-09 15:25:35.713  4996  4998 D dalvikvm: GC_CONCURRENT freed 1085K, 18% free 12171K/14663K, paused 3ms+5ms
07-09 15:25:35.740  5047  5110 D GeckoFavicons: Saving favicon URL for URL = http://m.csmonitor.com/USA/Latest-News-Wires/2012/0709/Romney-earns-35-million-more-than-Obama-in-June-with-help-of-rich-few
07-09 15:25:35.744  5047  5110 D GeckoFavicons: Calling setFaviconUrlForPageUrl() for http://m.csmonitor.com/USA/Latest-News-Wires/2012/0709/Romney-earns-35-million-more-than-Obama-in-June-with-help-of-rich-few
07-09 15:25:35.885  5047  5047 D GeckoPanZoomController: generating valid viewport using v=RectF(-1.6192766, 799.0262, 478.38074, 1489.0264) p=RectF(0.0, 0.0, 495.0, 8355.0) c=RectF(0.0, 0.0, 330.0, 5570.0) z=1.5
07-09 15:25:35.889  5047  5047 D GeckoPanZoomController: generated valid viewport as v=RectF(0.0, 799.0262, 480.0, 1489.0264) p=RectF(0.0, 0.0, 495.0, 8355.0) c=RectF(0.0, 0.0, 330.0, 5570.0) z=1.5
07-09 15:25:35.916  5047  5080 I Gecko   : Compositor: Composite took 47 ms.
07-09 15:25:35.932  5047  5047 D GeckoFavicons: LoadFaviconTask finished for URL = http://m.csmonitor.com/USA/Latest-News-Wires/2012/0709/Romney-earns-35-million-more-than-Obama-in-June-with-help-of-rich-few (2)
07-09 15:25:35.936  5047  5047 I GeckoApp: Favicon successfully loaded for URL = http://m.csmonitor.com/USA/Latest-News-Wires/2012/0709/Romney-earns-35-million-more-than-Obama-in-June-with-help-of-rich-few
07-09 15:25:35.936  5047  5047 I GeckoApp: Favicon is for current URL = http://m.csmonitor.com/USA/Latest-News-Wires/2012/0709/Romney-earns-35-million-more-than-Obama-in-June-with-help-of-rich-few
07-09 15:25:35.936  5047  5047 I GeckoTab: Updated favicon for tab with id: 1
07-09 15:25:36.170  5047  5047 D GeckoPanZoomController: Finishing animation at ImmutableViewportMetrics v=(0.0,799.0262,480.0,1489.0264) p=(0.0,0.0,495.0,8355.0) c=(0.0,0.0,330.0,5570.0) z=1.5
07-09 15:25:36.600  5047  5080 I Gecko   : Compositor: Composite took 39 ms.
07-09 15:25:37.779  4996  4998 D dalvikvm: GC_CONCURRENT freed 884K, 17% free 12213K/14663K, paused 22ms+8ms
07-09 15:25:38.791  4996  4998 D dalvikvm: GC_CONCURRENT freed 936K, 17% free 12213K/14663K, paused 2ms+4ms
07-09 15:25:39.705  5047  5061 I GeckoAppShell: Taking whole-screen screenshot, viewport: ImmutableViewportMetrics v=(0.0,799.0262,480.0,1489.0264) p=(0.0,0.0,495.0,8355.0) c=(0.0,0.0,330.0,5570.0) z=1.5
07-09 15:25:39.830  5047  5061 D dalvikvm: GC_FOR_ALLOC freed 2438K, 28% free 10757K/14919K, paused 21ms
07-09 15:25:39.830  5047  5061 I dalvikvm-heap: Grow heap (frag case) to 12.574MB for 2097168-byte allocation
07-09 15:25:39.861  5047  5056 D dalvikvm: GC_FOR_ALLOC freed <1K, 15% free 12805K/14919K, paused 21ms
07-09 15:25:39.908  5047  5050 D dalvikvm: GC_CONCURRENT freed 20K, 15% free 12785K/14919K, paused 2ms+6ms
07-09 15:25:40.373  5047  5063 I GeckoTabs: Got message: SessionHistory:New
07-09 15:25:40.389  5047  5063 I GeckoApp: Got message: Content:SecurityChange
07-09 15:25:40.389  5047  5063 I GeckoApp: Security Mode - unknown
07-09 15:25:40.623  5047  5063 E GeckoConsole: [JavaScript Warning: "Error in parsing value for 'display'.  Declaration dropped." {file: "http://guide.radioloyalty.com/songs/staticsongs300x250.html?creativeID=3&siteID=OMD_ON_2_83673906" line: 0}]
07-09 15:25:40.623  5047  5063 E GeckoConsole: [JavaScript Warning: "Error in parsing value for 'display'.  Declaration dropped." {file: "http://guide.radioloyalty.com/songs/staticsongs300x250.html?creativeID=3&siteID=OMD_ON_2_83673906" line: 0}]
07-09 15:25:40.650  5047  5063 E GeckoConsole: [JavaScript Warning: "The character encoding of a framed document was not declared. The document may appear different if viewed without the document framing it." {file: "http://guide.radioloyalty.com/songs/staticsongs300x250.html?creativeID=3&siteID=OMD_ON_2_83673906" line: 0}]
07-09 15:25:40.752  4996  4998 D dalvikvm: GC_CONCURRENT freed 983K, 17% free 12256K/14663K, paused 38ms+4ms
07-09 15:25:40.889  5047  5080 I Gecko   : Compositor: Composite took 40 ms.
07-09 15:25:42.514  5047  5080 I Gecko   : Compositor: Composite took 31 ms.
07-09 15:25:42.908  5047  5080 I Gecko   : Compositor: Composite took 32 ms.
07-09 15:25:43.178  5047  5080 I Gecko   : Compositor: Composite took 31 ms.
07-09 15:25:43.623  5047  5080 I Gecko   : Compositor: Composite took 32 ms.
07-09 15:25:43.670  5047  5047 D GeckoPanZoomController: Finishing animation at ImmutableViewportMetrics v=(0.0,597.4637,480.0,1287.4639) p=(0.0,0.0,495.0,8355.0) c=(0.0,0.0,330.0,5570.0) z=1.5
07-09 15:25:43.744  5047  5080 I Gecko   : Compositor: Composite took 38 ms.
07-09 15:25:44.201  5047  5080 I Gecko   : Compositor: Composite took 40 ms.
07-09 15:25:45.514  5047  5080 I Gecko   : Compositor: Composite took 30 ms.
07-09 15:25:45.611  4996  4998 D dalvikvm: GC_CONCURRENT freed 1011K, 17% free 12273K/14663K, paused 2ms+5ms
07-09 15:25:45.670  5047  5080 I Gecko   : Compositor: Composite took 32 ms.
07-09 15:25:45.857  5047  5061 I GeckoAppShell: Taking whole-screen screenshot, viewport: ImmutableViewportMetrics v=(0.0,1545.2787,480.0,2235.279) p=(0.0,0.0,495.0,8355.0) c=(0.0,0.0,330.0,5570.0) z=1.5
07-09 15:25:45.998  5047  5061 D dalvikvm: GC_FOR_ALLOC freed 2653K, 29% free 10741K/14919K, paused 26ms
07-09 15:25:46.002  5047  5061 I dalvikvm-heap: Grow heap (frag case) to 12.557MB for 2097168-byte allocation
07-09 15:25:46.037  5047  5080 D dalvikvm: GC_FOR_ALLOC freed 28K, 15% free 12760K/14919K, paused 19ms
07-09 15:25:46.072  5047  5080 I Gecko   : Compositor: Composite took 100 ms.
07-09 15:25:46.123  5047  5050 D dalvikvm: GC_CONCURRENT freed 15K, 15% free 12764K/14919K, paused 2ms+9ms
07-09 15:25:46.150  5047  5080 I Gecko   : Compositor: Composite took 75 ms.
07-09 15:25:46.225  5047  5080 I Gecko   : Compositor: Composite took 30 ms.
07-09 15:25:46.334  5047  5080 I Gecko   : Compositor: Composite took 34 ms.
07-09 15:25:46.647  5047  5047 D GeckoPanZoomController: Finishing animation at ImmutableViewportMetrics v=(0.0,1784.728,480.0,2474.7278) p=(0.0,0.0,495.0,8355.0) c=(0.0,0.0,330.0,5570.0) z=1.5
07-09 15:25:46.775  4967  4967 D OpenGLRenderer: Flushing caches (mode 2)
07-09 15:25:46.889  5047  5080 I Gecko   : Compositor: Composite took 30 ms.
07-09 15:25:47.002  5047  5047 D SyncAdapter: AccountManager.get(org.mozilla.gecko.GeckoApplication@41331590)
07-09 15:25:47.104  5047  5080 I Gecko   : Compositor: Composite took 31 ms.
07-09 15:25:47.115  5047  5131 I SyncAdapter: Got onPerformSync. Extras bundle is Bundle[{upload=true}]
07-09 15:25:47.115  5047  5131 I SyncAdapter: Account name: lokeshmandvekar
07-09 15:25:47.115  5047  5131 D SyncAdapter: Invalidating auth token.
07-09 15:25:47.213  5047  5060 I SyncAuthService: AccountManager.get(org.mozilla.gecko.sync.setup.SyncAuthenticatorService@41510cb0)
07-09 15:25:47.221  5047  5060 I SyncAuthService: Setting username. Null? false
07-09 15:25:47.225  5047  5060 I SyncAuthService: Setting Sync Key. Null? false
07-09 15:25:47.264  5047  5080 I Gecko   : Compositor: Composite took 31 ms.
07-09 15:25:47.314  5047  5080 I Gecko   : Compositor: Composite took 50 ms.
07-09 15:25:47.326  5047  5131 I SyncAdapter: Waiting on sync monitor.
07-09 15:25:47.346  5047  5047 I SyncAdapter: AccountManagerCallback invoked.
07-09 15:25:47.346  5047  5047 D SyncAdapter: Username: lokeshmandvekar
07-09 15:25:47.346  5047  5047 D SyncAdapter: Server:   https://auth.services.mozilla.com/
07-09 15:25:47.346  5047  5047 D SyncAdapter: Password? true
07-09 15:25:47.346  5047  5047 D SyncAdapter: Key?      true
07-09 15:25:47.373  5047  5047 I SyncAdapter: Performing sync.
07-09 15:25:47.377  5047  5047 I GlobalSession: GlobalSession initialized with bundle Bundle[{upload=true}]
07-09 15:25:47.416  5047  5047 I SyncConfiguration: Set clusterURL from bundle: https://phx-sync128.services.mozilla.com/
07-09 15:25:47.416  5047  5047 I SyncConfiguration: Set syncID from bundle: SsvQEEWgXg7c
07-09 15:25:47.436  5047  5047 I SyncAdapter: Stage completed: idle
07-09 15:25:47.436  5047  5047 I GlobalSession: Running next stage checkPreconditions (org.mozilla.gecko.sync.stage.CheckPreconditionsStage@414b17e0)...
07-09 15:25:47.436  5047  5047 I SyncAdapter: Stage completed: checkPreconditions
07-09 15:25:47.436  5047  5047 I GlobalSession: Running next stage ensureClusterURL (org.mozilla.gecko.sync.stage.EnsureClusterURLStage@414b1b78)...
07-09 15:25:47.436  5047  5047 I EnsureClusterURLStage: Cluster URL is already set and not stale. Continuing with sync.
07-09 15:25:47.436  5047  5047 I SyncAdapter: Stage completed: ensureClusterURL
07-09 15:25:47.436  5047  5047 I GlobalSession: Running next stage fetchInfoCollections (org.mozilla.gecko.sync.stage.FetchInfoCollectionsStage@414b1ef0)...
07-09 15:25:47.795  5047  5047 D GeckoPanZoomController: Finishing animation at ImmutableViewportMetrics v=(0.0,1633.1655,480.0,2323.1653) p=(0.0,0.0,495.0,8355.0) c=(0.0,0.0,330.0,5570.0) z=1.5
07-09 15:25:47.865  4996  4998 D dalvikvm: GC_CONCURRENT freed 1093K, 17% free 12221K/14663K, paused 2ms+4ms
07-09 15:25:48.244  5047  5050 D dalvikvm: GC_CONCURRENT freed 2908K, 26% free 11090K/14919K, paused 4ms+8ms
07-09 15:25:48.572  5047  5080 I Gecko   : Compositor: Composite took 31 ms.
07-09 15:25:48.658  5047  5136 I InfoCollections: info/collections is {"history":1.34185922588E9,"adblockplus":1.34175876947E9,"bookmarks":1.34175860381E9,"prefs":1.34185241869E9,"passwords":1.34185465279E9,"addons":1.34176087222E9,"crypto":1.32370693163E9,"meta":1.33648557571E9,"forms":1.34184768919E9,"clients":1.3418524152E9,"tabs":1.34185922618E9}
07-09 15:25:48.662  5047  5136 I FetchInfoCollStage: Got timestamps: 
07-09 15:25:48.662  5047  5136 I SyncAdapter: Stage completed: fetchInfoCollections
07-09 15:25:48.662  5047  5136 I GlobalSession: Running next stage fetchMetaGlobal (org.mozilla.gecko.sync.stage.FetchMetaGlobalStage@414b22b8)...
07-09 15:25:48.662  5047  5136 I FetchMetaGlobalStage: Trying to use persisted meta/global for this session.
07-09 15:25:48.709  5047  5136 I MetaGlobal: meta/global is {"storageVersion":5,"engines":{"history":{"version":1,"syncID":"01-e95SthD5J"},"adblockplus":{"version":1,"syncID":"rGMG9HqQ8upG"},"bookmarks":{"version":2,"syncID":"DGxUQGK3Brjl"},"passwords":{"version":1,"syncID":"TSHU3rEev3hw"},"prefs":{"version":2,"syncID":"syRuG3i8nTfN"},"addons":{"version":1,"syncID":"EOfhOHDJ_kpO"},"forms":{"version":1,"syncID":"-CIEkGBGj2cs"},"clients":{"version":1,"syncID":"dMvGPkFS5Xgi"},"tabs":{"version":1,"syncID":"Gu-a_LMebMpU"}},"syncID":"SsvQEEWgXg7c"}
07-09 15:25:48.713  5047  5136 I FetchMetaGlobalStage: Using persisted meta/global for this session.
07-09 15:25:48.717  5047  5136 I SyncAdapter: Stage completed: fetchMetaGlobal
07-09 15:25:48.717  5047  5136 I GlobalSession: Running next stage ensureKeysStage (org.mozilla.gecko.sync.stage.EnsureCrypto5KeysStage@414b2990)...
07-09 15:25:48.717  5047  5136 I EnsureC5KeysStage: Trying to use persisted collection keys for this session.
07-09 15:25:48.748  5047  5136 I EnsureC5KeysStage: Using persisted collection keys for this session.
07-09 15:25:48.748  5047  5136 I SyncAdapter: Stage completed: ensureKeysStage
07-09 15:25:48.752  5047  5136 I GlobalSession: Running next stage syncClientsEngine (org.mozilla.gecko.sync.stage.SyncClientsEngineStage@414b2de0)...
07-09 15:25:49.154  5047  5050 D dalvikvm: GC_CONCURRENT freed 578K, 25% free 11199K/14919K, paused 4ms+6ms
07-09 15:25:49.420  4996  4998 D dalvikvm: GC_CONCURRENT freed 1014K, 17% free 12223K/14663K, paused 2ms+4ms
07-09 15:25:49.545  5047  5136 I SyncClientsEngineStage: Local client GUID exists on server and was downloaded
07-09 15:25:49.654  5047  5054 I dalvikvm: Total arena pages for JIT: 11
07-09 15:25:49.654  5047  5054 I dalvikvm: Total arena pages for JIT: 12
07-09 15:25:49.654  5047  5054 I dalvikvm: Total arena pages for JIT: 13
07-09 15:25:49.654  5047  5054 I dalvikvm: Total arena pages for JIT: 14
07-09 15:25:49.654  5047  5054 I dalvikvm: Total arena pages for JIT: 15
07-09 15:25:49.654  5047  5054 I dalvikvm: Total arena pages for JIT: 16
07-09 15:25:49.654  5047  5054 I dalvikvm: Total arena pages for JIT: 17
07-09 15:25:49.795  5047  5050 D dalvikvm: GC_CONCURRENT freed 717K, 25% free 11200K/14919K, paused 2ms+6ms
07-09 15:25:49.803  5047  5054 I dalvikvm: Total arena pages for JIT: 18
07-09 15:25:49.826  4996  4998 D dalvikvm: GC_CONCURRENT freed 1067K, 17% free 12178K/14663K, paused 2ms+5ms
07-09 15:25:50.096  5047  5136 I SyncAdapter: Stage completed: syncClientsEngine
07-09 15:25:50.104  5047  5136 I GlobalSession: Running next stage syncTabs (org.mozilla.gecko.sync.stage.FennecTabsServerSyncStage@414b3e20)...
07-09 15:25:50.174  5047  5136 I SynchronizerSession: Starting A to B flow. Channel is org.mozilla.gecko.sync.synchronizer.RecordsChannel@41636360
07-09 15:25:50.174  5047  5136 I RecordsChannel: Beginning source.
07-09 15:25:50.174  5047  5141 I RecordsChannel: Source session began. Beginning sink session.
07-09 15:25:50.174  5047  5142 I RecordsChannel: Sink session began. Beginning flow.
07-09 15:25:50.408  5047  5050 D dalvikvm: GC_CONCURRENT freed 674K, 25% free 11223K/14919K, paused 2ms+10ms
07-09 15:25:50.553  5047  5050 D dalvikvm: GC_CONCURRENT freed 731K, 25% free 11224K/14919K, paused 3ms+7ms
07-09 15:25:50.674  5047  5050 D dalvikvm: GC_CONCURRENT freed 736K, 25% free 11221K/14919K, paused 2ms+17ms
07-09 15:25:50.764  5047  5142 I RecordsChannel: onFetchCompleted. Stopping consumer once stores are done.
07-09 15:25:50.764  5047  5142 I RecordsChannel: Fetch timestamp is 1341861950400
07-09 15:25:50.768  5047  5136 I CRecordConsumer: Consumer is done. Processed 0 records.
07-09 15:25:51.080  5047  5061 I GeckoAppShell: Taking whole-screen screenshot, viewport: ImmutableViewportMetrics v=(0.0,1633.1655,480.0,2323.1653) p=(0.0,0.0,495.0,8355.0) c=(0.0,0.0,330.0,5570.0) z=1.5
07-09 15:25:51.182  5047  5061 D dalvikvm: GC_FOR_ALLOC freed 421K, 26% free 11153K/14919K, paused 22ms
07-09 15:25:51.186  5047  5061 I dalvikvm-heap: Grow heap (frag case) to 12.959MB for 2097168-byte allocation
07-09 15:25:51.221  5047  5050 D dalvikvm: GC_CONCURRENT freed 1K, 12% free 13199K/14919K, paused 2ms+6ms
07-09 15:25:51.322  4996  4998 D dalvikvm: GC_CONCURRENT freed 978K, 17% free 12253K/14663K, paused 2ms+5ms
07-09 15:25:51.697  4233  4248 I PhoneLab-: Service Running
07-09 15:25:51.830  4233  4248 I PhoneLab-LoggerService: app_37    1373  1     1440   1068  c00f181c 400107b4 S logcat
07-09 15:25:51.830  4233  4248 I PhoneLab-LoggerService: Logcat pid from database 1373
07-09 15:25:51.830  4233  4248 I PhoneLab-LoggerService: Logcat process found 1373
07-09 15:25:51.830  4233  4248 I PhoneLab-LoggerService: Checking Threshold
07-09 15:25:52.080  4233  4248 I PhoneLab-LoggerService: Starting to rename files
07-09 15:25:52.084  4233  4248 I PhoneLab-LoggerService: Files found .. 2
07-09 15:25:52.326  5047  5134 D class ch.boye.httpclientandroidlib.impl.conn.tsccm.ThreadSafeClientConnManager: Closing expired connections
07-09 15:25:52.326  5047  5134 D class ch.boye.httpclientandroidlib.impl.conn.tsccm.ConnPoolByRoute: Closing expired connections
07-09 15:25:52.994  4996  4998 D dalvikvm: GC_CONCURRENT freed 967K, 17% free 12243K/14663K, paused 3ms+4ms
07-09 15:25:53.658  5047  5080 I Gecko   : Compositor: Composite took 77 ms.
07-09 15:25:53.775  5047  5080 I Gecko   : Compositor: Composite took 34 ms.
07-09 15:25:53.986  5047  5080 I Gecko   : Compositor: Composite took 31 ms.
07-09 15:25:54.330  5047  5080 I Gecko   : Compositor: Composite took 30 ms.
07-09 15:25:54.760  5047  5080 I Gecko   : Compositor: Composite took 32 ms.
07-09 15:25:55.381  5047  5047 D GeckoPanZoomController: Finishing animation at ImmutableViewportMetrics v=(0.0,2022.2368,480.0,2712.2368) p=(0.0,0.0,495.0,8355.0) c=(0.0,0.0,330.0,5570.0) z=1.5
07-09 15:25:55.420  5047  5080 I Gecko   : Compositor: Composite took 52 ms.
07-09 15:25:55.486  5047  5143 I RecordsChannel: onStoreCompleted. Notifying delegate of onFlowCompleted. Fetch end is 1341861950400, store end is 1341861950770
07-09 15:25:55.486  5047  5143 I SynchronizerSession: First RecordsChannel onFlowCompleted.
07-09 15:25:55.486  5047  5143 I SynchronizerSession: Fetch end is 1341861950400. Store end is 1341861950770. Starting next.
07-09 15:25:55.486  5047  5143 I RecordsChannel: onFetchCompleted. Stopping consumer once stores are done.
07-09 15:25:55.486  5047  5143 I RecordsChannel: Fetch timestamp is 1341861955490
07-09 15:25:55.486  5047  5136 I CRecordConsumer: Consumer is done. Processed 0 records.
07-09 15:25:55.490  5047  5150 I RecordsChannel: onStoreCompleted. Notifying delegate of onFlowCompleted. Fetch end is 1341861955490, store end is 0
07-09 15:25:55.490  5047  5150 I SynchronizerSession: Second RecordsChannel onFlowCompleted.
07-09 15:25:55.490  5047  5150 I SynchronizerSession: Fetch end is 1341861955490. Store end is 0. Finishing.
07-09 15:25:55.490  5047  5150 I SynchronizerSession: onFinishSucceeded. Flows? true, true
07-09 15:25:55.490  5047  5150 I SynchronizerSession: onFinishSucceeded: bumping session A's timestamp to 1341861950400 or 0
07-09 15:25:55.490  5047  5150 D RepositorySessionBundle: Setting timestamp on RepositorySessionBundle to 1341861950400
07-09 15:25:55.490  5047  5150 I SynchronizerSession: Finishing session B.
07-09 15:25:55.494  5047  5142 I SynchronizerSession: onFinishSucceeded. Flows? true, true
07-09 15:25:55.494  5047  5142 I SynchronizerSession: onFinishSucceeded: bumping session B's timestamp to 1341861955490 or 1341861950770
07-09 15:25:55.494  5047  5142 D RepositorySessionBundle: Setting timestamp on RepositorySessionBundle to 1341861955490
07-09 15:25:55.494  5047  5142 I SynchronizerSession: Notifying delegate.onSynchronized.
07-09 15:25:55.494  5047  5142 D SyncDelSDelegate: Got onSynchronized.
07-09 15:25:55.494  5047  5142 D SyncDelSDelegate: Notifying SynchronizerDelegate.
07-09 15:25:55.502  5047  5150 I RepositorySession: Shutting down work queues.
07-09 15:25:55.502  5047  5150 I RepositorySession: Shutting down work queues.
07-09 15:25:55.525  5047  5142 I ServerSyncStage: Advancing session.
07-09 15:25:55.525  5047  5142 I SyncAdapter: Stage completed: syncTabs
07-09 15:25:55.525  5047  5142 I GlobalSession: Running next stage syncPasswords (org.mozilla.gecko.sync.stage.PasswordsServerSyncStage@414b4128)...
07-09 15:25:55.580   144   323 I ActivityManager: Start proc org.mozilla.firefox_beta.PasswordsProvider for content provider org.mozilla.firefox_beta/.db.PasswordsProvider: pid=5151 uid=10061 gids={3003, 1015, 1006}
07-09 15:25:55.713  5151  5151 I ActivityThread: Pub org.mozilla.firefox_beta.db.passwords: org.mozilla.firefox_beta.db.PasswordsProvider
07-09 15:25:55.717  5151  5151 D dalvikvm: Trying to load lib /data/data/org.mozilla.firefox_beta/lib/libmozglue.so 0x41310e68
07-09 15:25:55.721  5151  5151 D dalvikvm: Added shared lib /data/data/org.mozilla.firefox_beta/lib/libmozglue.so 0x41310e68
07-09 15:25:55.721  5151  5151 D dalvikvm: No JNI_OnLoad found in /data/data/org.mozilla.firefox_beta/lib/libmozglue.so 0x41310e68, skipping init
07-09 15:25:55.725  5047  5136 I SynchronizerSession: Starting A to B flow. Channel is org.mozilla.gecko.sync.synchronizer.RecordsChannel@4144ca28
07-09 15:25:55.725  5047  5136 I RecordsChannel: Beginning source.
07-09 15:25:55.725  5047  5164 I RecordsChannel: Source session began. Beginning sink session.
07-09 15:25:55.725  5047  5165 I RecordsChannel: Sink session began. Beginning flow.
07-09 15:25:56.045  5047  5165 I RecordsChannel: onFetchCompleted. Stopping consumer once stores are done.
07-09 15:25:56.045  5047  5165 I RecordsChannel: Fetch timestamp is 1341861955950
07-09 15:25:56.045  5047  5136 I CRecordConsumer: Consumer is done. Processed 0 records.
07-09 15:25:56.053  5047  5166 I RecordsChannel: onStoreCompleted. Notifying delegate of onFlowCompleted. Fetch end is 1341861955950, store end is 1341861956049
07-09 15:25:56.053  5047  5166 I SynchronizerSession: First RecordsChannel onFlowCompleted.
07-09 15:25:56.053  5047  5166 I SynchronizerSession: Fetch end is 1341861955950. Store end is 1341861956049. Starting next.
07-09 15:25:56.100  5151  5163 D GeckoProfile: Found profile dir: /data/data/org.mozilla.firefox_beta/files/mozilla/r0zhquk7.default
07-09 15:25:56.104  5151  5163 D dalvikvm: Trying to load lib /data/data/org.mozilla.firefox_beta/lib/libmozglue.so 0x41310e68
07-09 15:25:56.107  5151  5163 D dalvikvm: Shared lib '/data/data/org.mozilla.firefox_beta/lib/libmozglue.so' already loaded in same CL 0x41310e68
07-09 15:25:56.107  5151  5163 E GeckoLibLoad: Load sqlite start
07-09 15:25:56.147  5151  5163 E GeckoLinker: /data/app/org.mozilla.firefox_beta-2.apk!/libmozsqlite3.so: Warning: relocation to NULL @0x00052db4
07-09 15:25:56.147  5151  5163 E GeckoLinker: /data/app/org.mozilla.firefox_beta-2.apk!/libmozsqlite3.so: Warning: relocation to NULL @0x00052cb0 for symbol "__cxa_begin_cleanup"
07-09 15:25:56.150  5151  5163 E GeckoLinker: /data/app/org.mozilla.firefox_beta-2.apk!/libmozsqlite3.so: Warning: relocation to NULL @0x00052d1c for symbol "__cxa_type_match"
07-09 15:25:56.150  5151  5163 E GeckoLibLoad: Load sqlite done
07-09 15:25:56.150  5151  5163 D dalvikvm: Trying to load lib /data/data/org.mozilla.firefox_beta/lib/libmozglue.so 0x41310e68
07-09 15:25:56.150  5151  5163 D dalvikvm: Shared lib '/data/data/org.mozilla.firefox_beta/lib/libmozglue.so' already loaded in same CL 0x41310e68
07-09 15:25:56.150  5151  5163 E GeckoLibLoad: Load nss start
07-09 15:25:56.205  5151  5163 E GeckoLinker: /data/app/org.mozilla.firefox_beta-2.apk!/libnspr4.so: Warning: relocation to NULL @0x00020de0
07-09 15:25:56.205  5151  5163 E GeckoLinker: /data/app/org.mozilla.firefox_beta-2.apk!/libnspr4.so: Warning: relocation to NULL @0x00020b98 for symbol "__cxa_begin_cleanup"
07-09 15:25:56.213  5151  5163 E GeckoLinker: /data/app/org.mozilla.firefox_beta-2.apk!/libnspr4.so: Warning: relocation to NULL @0x00020cb0 for symbol "__cxa_type_match"
07-09 15:25:56.217  5151  5163 E GeckoLibLoad: Load nss done
07-09 15:25:56.252  5047  5165 I RecordsChannel: onFetchCompleted. Stopping consumer once stores are done.
07-09 15:25:56.252  5047  5165 I RecordsChannel: Fetch timestamp is 1341861956059
07-09 15:25:56.252  5047  5136 I CRecordConsumer: Consumer is done. Processed 0 records.
07-09 15:25:56.303  5047  5169 I RecordsChannel: onStoreCompleted. Notifying delegate of onFlowCompleted. Fetch end is 1341861956059, store end is 0
07-09 15:25:56.303  5047  5169 I SynchronizerSession: Second RecordsChannel onFlowCompleted.
07-09 15:25:56.303  5047  5169 I SynchronizerSession: Fetch end is 1341861956059. Store end is 0. Finishing.
07-09 15:25:56.303  5047  5169 I SynchronizerSession: onFinishSucceeded. Flows? true, true
07-09 15:25:56.303  5047  5169 I SynchronizerSession: onFinishSucceeded: bumping session A's timestamp to 1341861955950 or 0
07-09 15:25:56.303  5047  5169 D RepositorySessionBundle: Setting timestamp on RepositorySessionBundle to 1341861955950
07-09 15:25:56.303  5047  5169 I SynchronizerSession: Finishing session B.
07-09 15:25:56.303  5047  5165 I SynchronizerSession: onFinishSucceeded. Flows? true, true
07-09 15:25:56.303  5047  5165 I SynchronizerSession: onFinishSucceeded: bumping session B's timestamp to 1341861956059 or 1341861956049
07-09 15:25:56.303  5047  5165 D RepositorySessionBundle: Setting timestamp on RepositorySessionBundle to 1341861956059
07-09 15:25:56.303  5047  5165 I SynchronizerSession: Notifying delegate.onSynchronized.
07-09 15:25:56.303  5047  5165 D SyncDelSDelegate: Got onSynchronized.
07-09 15:25:56.303  5047  5165 D SyncDelSDelegate: Notifying SynchronizerDelegate.
07-09 15:25:56.314  5047  5169 I RepositorySession: Shutting down work queues.
07-09 15:25:56.314  5047  5169 I RepositorySession: Shutting down work queues.
07-09 15:25:56.326  5047  5165 I ServerSyncStage: Advancing session.
07-09 15:25:56.326  5047  5165 I SyncAdapter: Stage completed: syncPasswords
07-09 15:25:56.326  5047  5165 I GlobalSession: Running next stage syncBookmarks (org.mozilla.gecko.sync.stage.AndroidBrowserBookmarksServerSyncStage@414b45a0)...
07-09 15:25:56.365  5047  5136 I SynchronizerSession: Starting A to B flow. Channel is org.mozilla.gecko.sync.synchronizer.RecordsChannel@415aef78
07-09 15:25:56.365  5047  5136 I RecordsChannel: Beginning source.
07-09 15:25:56.373  5047  5171 I RecordsChannel: Source session began. Beginning sink session.
07-09 15:25:56.400  5047  5050 D dalvikvm: GC_CONCURRENT freed 3406K, 26% free 11185K/14919K, paused 1ms+8ms
07-09 15:25:56.412  5047  5080 I Gecko   : Compositor: Composite took 33 ms.
07-09 15:25:56.439  5047  5171 I BrowserRepoSession: BEGIN: checking database.
07-09 15:25:56.447  5047  5171 I BrowserRepoSession: END: checking database.
07-09 15:25:56.447  5047  5172 I RecordsChannel: Sink session began. Beginning flow.
07-09 15:25:56.537  4996  4998 D dalvikvm: GC_CONCURRENT freed 874K, 17% free 12317K/14663K, paused 3ms+3ms
07-09 15:25:56.697  5047  5172 I RecordsChannel: onFetchCompleted. Stopping consumer once stores are done.
07-09 15:25:56.705  5047  5172 I RecordsChannel: Fetch timestamp is 1341861956680
07-09 15:25:56.709  5047  5136 I CRecordConsumer: Consumer is done. Processed 0 records.
07-09 15:25:56.725  5047  5176 I RecordsChannel: onStoreCompleted. Notifying delegate of onFlowCompleted. Fetch end is 1341861956680, store end is 1341861956730
07-09 15:25:56.725  5047  5176 I SynchronizerSession: First RecordsChannel onFlowCompleted.
07-09 15:25:56.729  5047  5176 I SynchronizerSession: Fetch end is 1341861956680. Store end is 1341861956730. Starting next.
07-09 15:25:56.729  5047  5176 I BrowserRepoSession: Running fetchSince(1341858476390).
07-09 15:25:56.732  5047  5172 I RecordsChannel: onFetchCompleted. Stopping consumer once stores are done.
07-09 15:25:56.732  5047  5172 I RecordsChannel: Fetch timestamp is 1341861956731
07-09 15:25:56.732  5047  5136 I CRecordConsumer: Consumer is done. Processed 0 records.
07-09 15:25:56.732  5047  5177 I RecordsChannel: onStoreCompleted. Notifying delegate of onFlowCompleted. Fetch end is 1341861956731, store end is 0
07-09 15:25:56.732  5047  5177 I SynchronizerSession: Second RecordsChannel onFlowCompleted.
07-09 15:25:56.732  5047  5177 I SynchronizerSession: Fetch end is 1341861956731. Store end is 0. Finishing.
07-09 15:25:56.732  5047  5177 I SynchronizerSession: onFinishSucceeded. Flows? true, true
07-09 15:25:56.732  5047  5177 I SynchronizerSession: onFinishSucceeded: bumping session A's timestamp to 1341861956680 or 0
07-09 15:25:56.732  5047  5177 D RepositorySessionBundle: Setting timestamp on RepositorySessionBundle to 1341861956680
07-09 15:25:56.732  5047  5177 I SynchronizerSession: Finishing session B.
07-09 15:25:56.736  5047  5172 I SynchronizerSession: onFinishSucceeded. Flows? true, true
07-09 15:25:56.736  5047  5172 I SynchronizerSession: onFinishSucceeded: bumping session B's timestamp to 1341861956731 or 1341861956730
07-09 15:25:56.736  5047  5172 D RepositorySessionBundle: Setting timestamp on RepositorySessionBundle to 1341861956731
07-09 15:25:56.736  5047  5172 I SynchronizerSession: Notifying delegate.onSynchronized.
07-09 15:25:56.736  5047  5172 D SyncDelSDelegate: Got onSynchronized.
07-09 15:25:56.736  5047  5172 D SyncDelSDelegate: Notifying SynchronizerDelegate.
07-09 15:25:56.736  5047  5177 I RepositorySession: Shutting down work queues.
07-09 15:25:56.736  5047  5177 I RepositorySession: Shutting down work queues.
07-09 15:25:56.803  5047  5172 I ServerSyncStage: Advancing session.
07-09 15:25:56.803  5047  5172 I SyncAdapter: Stage completed: syncBookmarks
07-09 15:25:56.803  5047  5172 I GlobalSession: Running next stage syncHistory (org.mozilla.gecko.sync.stage.AndroidBrowserHistoryServerSyncStage@414b49b0)...
07-09 15:25:56.814  5047  5178 I SynchronizerSession: Starting A to B flow. Channel is org.mozilla.gecko.sync.synchronizer.RecordsChannel@415c0fc0
07-09 15:25:56.814  5047  5178 I RecordsChannel: Beginning source.
07-09 15:25:56.822  5047  5179 I RecordsChannel: Source session began. Beginning sink session.
07-09 15:25:57.201  5047  5179 I BrowserRepoSession: BEGIN: checking database.
07-09 15:25:57.205  5047  5179 I BrowserRepoSession: END: checking database.
07-09 15:25:57.209  5047  5180 I RecordsChannel: Sink session began. Beginning flow.
07-09 15:25:57.326  5047  5134 D class ch.boye.httpclientandroidlib.impl.conn.tsccm.ThreadSafeClientConnManager: Closing expired connections
07-09 15:25:57.326  5047  5134 D class ch.boye.httpclientandroidlib.impl.conn.tsccm.ConnPoolByRoute: Closing expired connections
07-09 15:25:57.693  5047  5181 I BrowserRepoSession: BEGIN: creating record -> GUID map.
07-09 15:25:57.732  5047  5050 D dalvikvm: GC_CONCURRENT freed 659K, 25% free 11242K/14919K, paused 2ms+14ms
07-09 15:25:57.846  5047  5050 D dalvikvm: GC_CONCURRENT freed 727K, 25% free 11229K/14919K, paused 2ms+12ms
07-09 15:25:57.971  5047  5050 D dalvikvm: GC_CONCURRENT freed 698K, 25% free 11263K/14919K, paused 2ms+19ms
07-09 15:25:58.072  5047  5050 D dalvikvm: GC_CONCURRENT freed 741K, 25% free 11268K/14919K, paused 2ms+7ms
07-09 15:25:58.178  5047  5050 D dalvikvm: GC_CONCURRENT freed 750K, 25% free 11266K/14919K, paused 2ms+6ms
07-09 15:25:58.186  5047  5180 I RecordsChannel: onFetchCompleted. Stopping consumer once stores are done.
07-09 15:25:58.186  5047  5180 I RecordsChannel: Fetch timestamp is 1341861957430
07-09 15:25:58.186  5047  5136 I CRecordConsumer: Consumer is done. Processed 0 records.
07-09 15:25:58.365  5047  5050 D dalvikvm: GC_CONCURRENT freed 645K, 24% free 11369K/14919K, paused 2ms+7ms
07-09 15:25:58.490   344   344 D SAN_SERVICE: *******************************************
07-09 15:25:58.490   344   344 D SAN_SERVICE: DM App Phone Service State - 0
07-09 15:25:58.490   344   344 D SAN_SERVICE: *******************************************
07-09 15:25:58.561  5047  5050 D dalvikvm: GC_CONCURRENT freed 598K, 23% free 11553K/14919K, paused 2ms+6ms
07-09 15:25:58.689  5047  5061 I GeckoAppShell: Taking whole-screen screenshot, viewport: ImmutableViewportMetrics v=(0.0,2022.2368,480.0,2712.2368) p=(0.0,0.0,495.0,8355.0) c=(0.0,0.0,330.0,5570.0) z=1.5
07-09 15:25:58.772  5047  5050 D dalvikvm: GC_CONCURRENT freed 664K, 22% free 11732K/14919K, paused 2ms+14ms
07-09 15:25:58.873  5047  5061 D dalvikvm: GC_FOR_ALLOC freed 164K, 22% free 11779K/14919K, paused 28ms
07-09 15:25:58.877  5047  5061 I dalvikvm-heap: Grow heap (frag case) to 13.572MB for 2097168-byte allocation
07-09 15:25:58.912  5047  5181 D dalvikvm: GC_FOR_ALLOC freed 0K, 8% free 13827K/14919K, paused 27ms
07-09 15:25:58.998  5047  5050 D dalvikvm: GC_CONCURRENT freed 108K, 7% free 13897K/14919K, paused 2ms+7ms
07-09 15:25:59.314  5047  5050 D dalvikvm: GC_CONCURRENT freed 3353K, 22% free 12190K/15623K, paused 3ms+6ms
07-09 15:25:59.420  5047  5181 I BrowserRepoSession: END: creating record -> GUID map.
07-09 15:25:59.545  5047  5054 I dalvikvm: Jit: resizing JitTable from 4096 to 8192
07-09 15:25:59.654  4996  4998 D dalvikvm: GC_CONCURRENT freed 1070K, 17% free 12313K/14663K, paused 3ms+5ms
07-09 15:26:00.002  4996  4998 D dalvikvm: GC_CONCURRENT freed 1200K, 17% free 12220K/14663K, paused 2ms+4ms
07-09 15:26:00.154  5047  5181 I RecordsChannel: onStoreCompleted. Notifying delegate of onFlowCompleted. Fetch end is 1341861957430, store end is 1341861960158
07-09 15:26:00.154  5047  5181 I SynchronizerSession: First RecordsChannel onFlowCompleted.
07-09 15:26:00.154  5047  5181 I SynchronizerSession: Fetch end is 1341861957430. Store end is 1341861960158. Starting next.
07-09 15:26:00.154  5047  5181 I BrowserRepoSession: Running fetchSince(1341858490753).
07-09 15:26:00.244  5047  5050 D dalvikvm: GC_CONCURRENT freed 766K, 21% free 12375K/15623K, paused 2ms+18ms
07-09 15:26:00.244  5047  5180 D ABHistoryRepoSess: Adding visits for GUID RrOoovASrWXc
07-09 15:26:00.268  5047  5180 D ABHistoryRepoSess: Adding visits for GUID _Eer9ty7IIn0
07-09 15:26:00.287  5047  5180 I RecordsChannel: onFetchCompleted. Stopping consumer once stores are done.
07-09 15:26:00.287  5047  5180 I RecordsChannel: Fetch timestamp is 1341861960158
07-09 15:26:00.291  5047  5136 I CRecordConsumer: Consumer is done. Processed 0 records.
07-09 15:26:00.291  5047  5136 I RecordUploadRunnable: Preparing record upload for 2 records (1374 bytes).
07-09 15:26:00.631  5047  5184 I RecordUploadRunnable: POST of 2 records done.
07-09 15:26:00.635  5047  5184 I RecordUploadRunnable: POST of 2 records handled.
07-09 15:26:00.635  5047  5184 I RecordsChannel: onStoreCompleted. Notifying delegate of onFlowCompleted. Fetch end is 1341861960158, store end is 1341861960520
07-09 15:26:00.635  5047  5184 I SynchronizerSession: Second RecordsChannel onFlowCompleted.
07-09 15:26:00.635  5047  5184 I SynchronizerSession: Fetch end is 1341861960158. Store end is 1341861960520. Finishing.
07-09 15:26:00.635  5047  5184 I SynchronizerSession: onFinishSucceeded. Flows? true, true
07-09 15:26:00.635  5047  5184 I SynchronizerSession: onFinishSucceeded: bumping session A's timestamp to 1341861957430 or 1341861960520
07-09 15:26:00.635  5047  5184 D RepositorySessionBundle: Setting timestamp on RepositorySessionBundle to 1341861960520
07-09 15:26:00.635  5047  5184 I SynchronizerSession: Finishing session B.
07-09 15:26:00.639  5047  5180 I SynchronizerSession: onFinishSucceeded. Flows? true, true
07-09 15:26:00.639  5047  5180 I SynchronizerSession: onFinishSucceeded: bumping session B's timestamp to 1341861960158 or 1341861960158
07-09 15:26:00.639  5047  5180 D RepositorySessionBundle: Setting timestamp on RepositorySessionBundle to 1341861960158
07-09 15:26:00.639  5047  5180 I SynchronizerSession: Notifying delegate.onSynchronized.
07-09 15:26:00.639  5047  5180 D SyncDelSDelegate: Got onSynchronized.
07-09 15:26:00.639  5047  5180 D SyncDelSDelegate: Notifying SynchronizerDelegate.
07-09 15:26:00.639  5047  5184 I RepositorySession: Shutting down work queues.
07-09 15:26:00.643  5047  5184 I RepositorySession: Shutting down work queues.
07-09 15:26:00.662  5047  5080 I Gecko   : Compositor: Composite took 47 ms.
07-09 15:26:00.795  5047  5180 I ServerSyncStage: Advancing session.
07-09 15:26:00.795  5047  5180 I SyncAdapter: Stage completed: syncHistory
07-09 15:26:00.799  5047  5180 I GlobalSession: Running next stage syncFormHistory (org.mozilla.gecko.sync.stage.FormHistoryServerSyncStage@414b4d38)...
07-09 15:26:00.838  5047  5180 I SynchronizerSession: Starting A to B flow. Channel is org.mozilla.gecko.sync.synchronizer.RecordsChannel@415e0510
07-09 15:26:00.838  5047  5180 I RecordsChannel: Beginning source.
07-09 15:26:00.838  5047  5186 I RecordsChannel: Source session began. Beginning sink session.
07-09 15:26:00.838  5047  5187 I RecordsChannel: Sink session began. Beginning flow.
07-09 15:26:01.080  5047  5187 I RecordsChannel: onFetchCompleted. Stopping consumer once stores are done.
07-09 15:26:01.080  5047  5187 I RecordsChannel: Fetch timestamp is 1341861961070
07-09 15:26:01.084  5047  5136 I CRecordConsumer: Consumer is done. Processed 0 records.
07-09 15:26:01.100  5047  5188 I RecordsChannel: onStoreCompleted. Notifying delegate of onFlowCompleted. Fetch end is 1341861961070, store end is 1341861961101
07-09 15:26:01.100  5047  5188 I SynchronizerSession: First RecordsChannel onFlowCompleted.
07-09 15:26:01.104  5047  5188 I SynchronizerSession: Fetch end is 1341861961070. Store end is 1341861961101. Starting next.
07-09 15:26:01.104  5047  5188 I FormHistoryRepoSess: Running fetchSince(1341858493153).
07-09 15:26:01.115  5047  5187 I RecordsChannel: onFetchCompleted. Stopping consumer once stores are done.
07-09 15:26:01.115  5047  5187 I RecordsChannel: Fetch timestamp is 1341861961106
07-09 15:26:01.115  5047  5136 I CRecordConsumer: Consumer is done. Processed 0 records.
07-09 15:26:01.115  5047  5189 I RecordsChannel: onStoreCompleted. Notifying delegate of onFlowCompleted. Fetch end is 1341861961106, store end is 0
07-09 15:26:01.115  5047  5189 I SynchronizerSession: Second RecordsChannel onFlowCompleted.
07-09 15:26:01.115  5047  5189 I SynchronizerSession: Fetch end is 1341861961106. Store end is 0. Finishing.
07-09 15:26:01.115  5047  5189 I SynchronizerSession: onFinishSucceeded. Flows? true, true
07-09 15:26:01.115  5047  5189 I SynchronizerSession: onFinishSucceeded: bumping session A's timestamp to 1341861961070 or 0
07-09 15:26:01.115  5047  5189 D RepositorySessionBundle: Setting timestamp on RepositorySessionBundle to 1341861961070
07-09 15:26:01.115  5047  5189 I SynchronizerSession: Finishing session B.
07-09 15:26:01.119  5047  5187 I SynchronizerSession: onFinishSucceeded. Flows? true, true
07-09 15:26:01.119  5047  5187 I SynchronizerSession: onFinishSucceeded: bumping session B's timestamp to 1341861961106 or 1341861961101
07-09 15:26:01.119  5047  5187 D RepositorySessionBundle: Setting timestamp on RepositorySessionBundle to 1341861961106
07-09 15:26:01.119  5047  5187 I SynchronizerSession: Notifying delegate.onSynchronized.
07-09 15:26:01.119  5047  5187 D SyncDelSDelegate: Got onSynchronized.
07-09 15:26:01.119  5047  5187 D SyncDelSDelegate: Notifying SynchronizerDelegate.
07-09 15:26:01.119  5047  5189 I RepositorySession: Shutting down work queues.
07-09 15:26:01.123  5047  5189 I RepositorySession: Shutting down work queues.
07-09 15:26:01.131  5047  5187 I ServerSyncStage: Advancing session.
07-09 15:26:01.131  5047  5187 I SyncAdapter: Stage completed: syncFormHistory
07-09 15:26:01.131  5047  5187 I GlobalSession: Running next stage uploadMetaGlobal (org.mozilla.gecko.sync.stage.UploadMetaGlobalStage@414b5098)...
07-09 15:26:01.135  5047  5187 I GlobalSession: Not uploading updated meta/global record since there are no engines requesting upload.
07-09 15:26:01.135  5047  5187 I SyncAdapter: Stage completed: uploadMetaGlobal
07-09 15:26:01.135  5047  5187 I GlobalSession: Running next stage completed (org.mozilla.gecko.sync.stage.CompletedStage@414b5380)...
07-09 15:26:01.135  5047  5187 I SyncAdapter: GlobalSession indicated success.
07-09 15:26:01.135  5047  5187 I SyncAdapter: Prefs target: sync.prefs.4z4c2c64wz4yf3ewnl5u6s4kngeylw6g
07-09 15:26:01.135  5047  5187 I SyncAdapter: Notifying sync monitor.
07-09 15:26:01.135  5047  5131 I SyncAdapter: Setting minimum next sync time to 1341862261138
07-09 15:26:01.150  5047  5134 D class ch.boye.httpclientandroidlib.impl.conn.tsccm.ThreadSafeClientConnManager: Closing expired connections
07-09 15:26:01.150  5047  5134 D class ch.boye.httpclientandroidlib.impl.conn.tsccm.ConnPoolByRoute: Closing expired connections
07-09 15:26:01.150  5047  5134 D class ch.boye.httpclientandroidlib.impl.conn.tsccm.ThreadSafeClientConnManager: Shutting down
07-09 15:26:01.150  5047  5134 D class ch.boye.httpclientandroidlib.impl.conn.DefaultClientConnection: Connection closed
07-09 15:26:05.627  5047  5061 I GeckoAppShell: Taking whole-screen screenshot, viewport: ImmutableViewportMetrics v=(0.0,2022.2368,480.0,2712.2368) p=(0.0,0.0,495.0,8355.0) c=(0.0,0.0,330.0,5570.0) z=1.5
07-09 15:26:05.775  5047  5056 D class ch.boye.httpclientandroidlib.impl.conn.tsccm.ThreadSafeClientConnManager: Shutting down
07-09 15:26:05.775  5047  5061 D dalvikvm: GC_FOR_ALLOC freed 1910K, 29% free 11158K/15623K, paused 31ms
07-09 15:26:05.779  5047  5061 I dalvikvm-heap: Grow heap (frag case) to 12.965MB for 2097168-byte allocation
07-09 15:26:05.814  5047  5056 D dalvikvm: GC_FOR_ALLOC freed 36K, 16% free 13170K/15623K, paused 23ms
07-09 15:26:05.865  5047  5050 D dalvikvm: GC_CONCURRENT freed 18K, 16% free 13152K/15623K, paused 2ms+7ms
07-09 15:26:06.639  5047  5080 I Gecko   : Compositor: Composite took 34 ms.
07-09 15:26:11.623  5047  5061 I GeckoAppShell: Taking whole-screen screenshot, viewport: ImmutableViewportMetrics v=(0.0,2022.2368,480.0,2712.2368) p=(0.0,0.0,495.0,8355.0) c=(0.0,0.0,330.0,5570.0) z=1.5
07-09 15:26:11.744  5047  5061 D dalvikvm: GC_FOR_ALLOC freed 2053K, 29% free 11104K/15623K, paused 21ms
07-09 15:26:11.744  5047  5061 I dalvikvm-heap: Grow heap (frag case) to 12.912MB for 2097168-byte allocation
07-09 15:26:11.779  5047  5050 D dalvikvm: GC_CONCURRENT freed <1K, 16% free 13151K/15623K, paused 2ms+6ms
07-09 15:26:12.670  5047  5080 I Gecko   : Compositor: Composite took 38 ms.
07-09 15:26:17.654  5047  5061 I GeckoAppShell: Taking whole-screen screenshot, viewport: ImmutableViewportMetrics v=(0.0,2022.2368,480.0,2712.2368) p=(0.0,0.0,495.0,8355.0) c=(0.0,0.0,330.0,5570.0) z=1.5
07-09 15:26:17.787  5047  5061 D dalvikvm: GC_FOR_ALLOC freed 2054K, 29% free 11104K/15623K, paused 22ms
07-09 15:26:17.787  5047  5061 I dalvikvm-heap: Grow heap (frag case) to 12.912MB for 2097168-byte allocation
07-09 15:26:17.822  5047  5050 D dalvikvm: GC_CONCURRENT freed <1K, 16% free 13151K/15623K, paused 3ms+6ms
07-09 15:26:18.701  5047  5080 I Gecko   : Compositor: Composite took 43 ms.
07-09 15:26:23.682  5047  5061 I GeckoAppShell: Taking whole-screen screenshot, viewport: ImmutableViewportMetrics v=(0.0,2022.2368,480.0,2712.2368) p=(0.0,0.0,495.0,8355.0) c=(0.0,0.0,330.0,5570.0) z=1.5
07-09 15:26:23.854  5047  5061 D dalvikvm: GC_FOR_ALLOC freed 2088K, 29% free 11105K/15623K, paused 26ms
07-09 15:26:23.854  5047  5061 I dalvikvm-heap: Grow heap (frag case) to 12.914MB for 2097168-byte allocation
07-09 15:26:23.904  5047  5047 D dalvikvm: GC_FOR_ALLOC freed 1K, 16% free 13152K/15623K, paused 30ms
07-09 15:26:23.955  5047  5080 I Gecko   : Compositor: Composite took 51 ms.
07-09 15:26:24.014  5047  5050 D dalvikvm: GC_CONCURRENT freed 12K, 16% free 13155K/15623K, paused 3ms+8ms
07-09 15:26:24.029  5047  5080 I Gecko   : Compositor: Composite took 75 ms.
07-09 15:26:24.639  5047  5047 D GeckoPanZoomController: Finishing animation at ImmutableViewportMetrics v=(0.0,2274.2751,480.0,2964.2751) p=(0.0,0.0,495.0,8355.0) c=(0.0,0.0,330.0,5570.0) z=1.5
07-09 15:26:24.650  5047  5080 I Gecko   : Compositor: Composite took 54 ms.
07-09 15:26:24.897  4448  4451 D dalvikvm: GC_CONCURRENT freed 654K, 8% free 10121K/10887K, paused 7ms+2ms
07-09 15:26:25.088  5047  5080 I Gecko   : Compositor: Composite took 39 ms.
07-09 15:26:25.369  5047  5080 I Gecko   : Compositor: Composite took 31 ms.
07-09 15:26:25.404  5047  5080 I Gecko   : Compositor: Composite took 30 ms.
07-09 15:26:26.127  5047  5047 D GeckoPanZoomController: Finishing animation at ImmutableViewportMetrics v=(0.0,2503.388,480.0,3193.388) p=(0.0,0.0,495.0,8355.0) c=(0.0,0.0,330.0,5570.0) z=1.5
07-09 15:26:26.443  5047  5080 I Gecko   : Compositor: Composite took 30 ms.
07-09 15:26:26.533  5047  5080 I Gecko   : Compositor: Composite took 30 ms.
07-09 15:26:26.713  5047  5080 I Gecko   : Compositor: Composite took 32 ms.
07-09 15:26:27.143  5047  5080 I Gecko   : Compositor: Composite took 30 ms.
07-09 15:26:27.193  5047  5047 D GeckoPanZoomController: Finishing animation at ImmutableViewportMetrics v=(0.0,2715.1067,480.0,3405.1067) p=(0.0,0.0,495.0,8355.0) c=(0.0,0.0,330.0,5570.0) z=1.5
07-09 15:26:27.725  5047  5080 I Gecko   : Compositor: Composite took 39 ms.
07-09 15:26:28.951  5047  5061 I GeckoAppShell: Taking whole-screen screenshot, viewport: ImmutableViewportMetrics v=(0.0,2715.1067,480.0,3405.1067) p=(0.0,0.0,495.0,8355.0) c=(0.0,0.0,330.0,5570.0) z=1.5
07-09 15:26:29.115  5047  5061 D dalvikvm: GC_FOR_ALLOC freed 2702K, 29% free 11137K/15623K, paused 25ms
07-09 15:26:29.115  5047  5061 I dalvikvm-heap: Grow heap (frag case) to 12.945MB for 2097168-byte allocation
07-09 15:26:29.150  5047  5050 D dalvikvm: GC_CONCURRENT freed 33K, 16% free 13151K/15623K, paused 2ms+7ms
07-09 15:26:33.479  4996  5023 W ResponseProcessCookies: Invalid cookie header: "Set-Cookie: mobile_session_key=03ddb6d8-9101-5d6e-85f6-711bac5535b4; Version=1; Max-Age=525600; Expires=Sun, 15-Jul-2012 21:26:32 GMT; Path=/". Unable to parse expires attribute: Sun
07-09 15:26:33.479  4996  5023 W ResponseProcessCookies: Invalid cookie header: "Set-Cookie: mobile_session_id=a84392c1-bee7-4295-967b-6527deafa251; Version=1; Max-Age=525600; Expires=Sun, 15-Jul-2012 21:26:32 GMT; Path=/". Unable to parse expires attribute: Sun
07-09 15:26:33.482  4996  5023 W ResponseProcessCookies: Invalid cookie header: "Set-Cookie: mobile_agent_id=685ebc9c-d2f6-4357-9d59-9b5cfece9722; Version=1; Max-Age=525600; Expires=Sun, 15-Jul-2012 21:26:32 GMT; Path=/". Unable to parse expires attribute: Sun
07-09 15:26:34.166  4996  4998 D dalvikvm: GC_CONCURRENT freed 971K, 17% free 12257K/14663K, paused 2ms+4ms
07-09 15:26:35.826  5047  5061 I GeckoAppShell: Taking whole-screen screenshot, viewport: ImmutableViewportMetrics v=(0.0,2715.1067,480.0,3405.1067) p=(0.0,0.0,495.0,8355.0) c=(0.0,0.0,330.0,5570.0) z=1.5
07-09 15:26:35.951  5047  5061 D dalvikvm: GC_FOR_ALLOC freed 2050K, 29% free 11104K/15623K, paused 21ms
07-09 15:26:35.951  5047  5061 I dalvikvm-heap: Grow heap (frag case) to 12.912MB for 2097168-byte allocation
07-09 15:26:35.986  5047  5050 D dalvikvm: GC_CONCURRENT freed <1K, 16% free 13151K/15623K, paused 2ms+7ms
07-09 15:26:36.518  4996  5023 W ResponseProcessCookies: Invalid cookie header: "Set-Cookie: mobile_session_key=629df892-0a3e-58e7-94f2-88250b009157; Version=1; Max-Age=525600; Expires=Sun, 15-Jul-2012 21:26:35 GMT; Path=/". Unable to parse expires attribute: Sun
07-09 15:26:36.518  4996  5023 W ResponseProcessCookies: Invalid cookie header: "Set-Cookie: mobile_session_id=af9f6145-5bff-46c9-a6c2-4c83d4bd6fc7; Version=1; Max-Age=525600; Expires=Sun, 15-Jul-2012 21:26:35 GMT; Path=/". Unable to parse expires attribute: Sun
07-09 15:26:36.522  4996  5023 W ResponseProcessCookies: Invalid cookie header: "Set-Cookie: mobile_agent_id=00fa9221-8609-4764-9985-9b86998be32a; Version=1; Max-Age=525600; Expires=Sun, 15-Jul-2012 21:26:35 GMT; Path=/". Unable to parse expires attribute: Sun
07-09 15:26:37.471  4996  4998 D dalvikvm: GC_CONCURRENT freed 1011K, 17% free 12212K/14663K, paused 1ms+4ms
07-09 15:26:39.080  4996  4998 D dalvikvm: GC_CONCURRENT freed 943K, 17% free 12214K/14663K, paused 22ms+4ms
07-09 15:26:40.162  5047  5080 I Gecko   : Compositor: Composite took 72 ms.
07-09 15:26:40.256  5047  5080 I Gecko   : Compositor: Composite took 30 ms.
07-09 15:26:40.303  5047  5080 I Gecko   : Compositor: Composite took 31 ms.
07-09 15:26:40.326  5047  5080 I Gecko   : Compositor: Composite took 34 ms.
07-09 15:26:40.416  5047  5080 I Gecko   : Compositor: Composite took 34 ms.
07-09 15:26:40.537  5047  5080 I Gecko   : Compositor: Composite took 30 ms.
07-09 15:26:40.549  5047  5047 D GeckoPanZoomController: generating valid viewport using v=RectF(30.516695, 2955.794, 510.5167, 3645.794) p=RectF(0.0, 0.0, 495.0, 8355.0) c=RectF(0.0, 0.0, 330.0, 5570.0) z=1.5
07-09 15:26:40.553  5047  5047 D GeckoPanZoomController: generated valid viewport as v=RectF(15.000002, 2955.794, 495.0, 3645.794) p=RectF(0.0, 0.0, 495.0, 8355.0) c=RectF(0.0, 0.0, 330.0, 5570.0) z=1.5
07-09 15:26:40.826  5047  5047 D GeckoPanZoomController: Finishing animation at ImmutableViewportMetrics v=(15.000002,2955.794,495.0,3645.794) p=(0.0,0.0,495.0,8355.0) c=(0.0,0.0,330.0,5570.0) z=1.5
07-09 15:26:40.904   344   344 D SAN_SERVICE: *******************************************
07-09 15:26:40.904   344   344 D SAN_SERVICE: DM App Phone Service State - 0
07-09 15:26:40.904   344   344 D SAN_SERVICE: *******************************************
07-09 15:26:41.100   344   347 D dalvikvm: GC_CONCURRENT freed 751K, 11% free 11658K/12999K, paused 13ms+7ms
07-09 15:26:41.150  5047  5080 I Gecko   : Compositor: Composite took 31 ms.
07-09 15:26:41.248   144   156 D AlarmManagerService: Kernel timezone updated to 240 minutes west of GMT
07-09 15:26:41.482  5047  5047 D GeckoPanZoomController: generating valid viewport using v=RectF(-5.0788674, 2955.794, 474.92114, 3645.794) p=RectF(0.0, 0.0, 495.0, 8355.0) c=RectF(0.0, 0.0, 330.0, 5570.0) z=1.5
07-09 15:26:41.482  5047  5047 D GeckoPanZoomController: generated valid viewport as v=RectF(0.0, 2955.794, 480.0, 3645.794) p=RectF(0.0, 0.0, 495.0, 8355.0) c=RectF(0.0, 0.0, 330.0, 5570.0) z=1.5
07-09 15:26:41.647  5047  5080 I Gecko   : Compositor: Composite took 31 ms.
07-09 15:26:41.654  4087  4090 D dalvikvm: GC_CONCURRENT freed 402K, 6% free 10467K/11079K, paused 22ms+11ms
07-09 15:26:41.744  5047  5047 D GeckoPanZoomController: Finishing animation at ImmutableViewportMetrics v=(0.0,2955.794,480.0,3645.794) p=(0.0,0.0,495.0,8355.0) c=(0.0,0.0,330.0,5570.0) z=1.5
07-09 15:26:41.799  4996  4998 D dalvikvm: GC_CONCURRENT freed 887K, 17% free 12268K/14663K, paused 2ms+6ms
07-09 15:26:41.881  5047  5061 I GeckoAppShell: Taking whole-screen screenshot, viewport: ImmutableViewportMetrics v=(0.0,2955.794,480.0,3645.794) p=(0.0,0.0,495.0,8355.0) c=(0.0,0.0,330.0,5570.0) z=1.5
07-09 15:26:42.014  5047  5061 D dalvikvm: GC_FOR_ALLOC freed 2469K, 29% free 11125K/15623K, paused 26ms
07-09 15:26:42.014  5047  5061 I dalvikvm-heap: Grow heap (frag case) to 12.932MB for 2097168-byte allocation
07-09 15:26:42.049  5047  5047 D dalvikvm: GC_FOR_ALLOC freed 21K, 16% free 13151K/15623K, paused 23ms
07-09 15:26:42.111  5047  5050 D dalvikvm: GC_CONCURRENT freed 2K, 16% free 13152K/15623K, paused 3ms+6ms
07-09 15:26:42.162  5047  5080 I Gecko   : Compositor: Composite took 34 ms.
07-09 15:26:42.240  5047  5080 I Gecko   : Compositor: Composite took 32 ms.
07-09 15:26:42.928  4996  4998 D dalvikvm: GC_CONCURRENT freed 1096K, 17% free 12259K/14663K, paused 5ms+6ms
07-09 15:26:42.975  5047  5080 I Gecko   : Compositor: Composite took 30 ms.
07-09 15:26:43.006   344   344 D SAN_SERVICE: *******************************************
07-09 15:26:43.006   344   344 D SAN_SERVICE: DM App Phone Service State - 0
07-09 15:26:43.006   344   344 D SAN_SERVICE: *******************************************
07-09 15:26:43.221  5047  5047 D GeckoPanZoomController: Finishing animation at ImmutableViewportMetrics v=(0.0,3081.5752,480.0,3771.5752) p=(0.0,0.0,495.0,8355.0) c=(0.0,0.0,330.0,5570.0) z=1.5
07-09 15:26:43.248   144   402 D AlarmManagerService: Kernel timezone updated to 240 minutes west of GMT
07-09 15:26:43.256   344   344 D SAN_SERVICE: *******************************************
07-09 15:26:43.256   344   344 D SAN_SERVICE: DM App Phone Service State - 0
07-09 15:26:43.256   344   344 D SAN_SERVICE: *******************************************
07-09 15:26:43.326  4996  4998 D dalvikvm: GC_CONCURRENT freed 1123K, 17% free 12196K/14663K, paused 28ms+4ms
07-09 15:26:43.650  5047  5080 I Gecko   : Compositor: Composite took 41 ms.
07-09 15:26:45.236   144   376 I ActivityManager: Start proc android.process.acore for content provider com.android.providers.contacts/.ContactsProvider2: pid=5212 uid=10000 gids={3003, 1015}
07-09 15:26:45.275  5212  5212 I ActivityThread: Pub call_log: com.android.providers.contacts.CallLogProvider
07-09 15:26:45.318  5212  5212 I ActivityThread: Pub com.android.voicemail: com.android.providers.contacts.VoicemailContentProvider
07-09 15:26:45.322  5212  5212 I ActivityThread: Pub user_dictionary: com.android.providers.userdictionary.UserDictionaryProvider
07-09 15:26:45.377  5212  5212 I ActivityThread: Pub com.android.social: com.android.providers.contacts.SocialProvider
07-09 15:26:45.381  5212  5212 I ActivityThread: Pub applications: com.android.providers.applications.ApplicationsProvider
07-09 15:26:45.561  5212  5212 I ActivityThread: Pub contacts;com.android.contacts: com.android.providers.contacts.ContactsProvider2
07-09 15:26:45.600  5212  5215 D dalvikvm: GC_CONCURRENT freed 347K, 5% free 9189K/9607K, paused 5ms+5ms
07-09 15:26:45.928  5212  5215 D dalvikvm: GC_CONCURRENT freed 223K, 4% free 9384K/9735K, paused 2ms+3ms
07-09 15:26:46.283   144   144 D AlarmManagerService: Kernel timezone updated to 240 minutes west of GMT
07-09 15:26:47.502  5212  5215 D dalvikvm: GC_CONCURRENT freed 193K, 4% free 9602K/9927K, paused 7ms+5ms
07-09 15:26:47.838  5047  5061 I GeckoAppShell: Taking whole-screen screenshot, viewport: ImmutableViewportMetrics v=(0.0,3081.5752,480.0,3771.5752) p=(0.0,0.0,495.0,8355.0) c=(0.0,0.0,330.0,5570.0) z=1.5
07-09 15:26:47.959  5047  5061 D dalvikvm: GC_FOR_ALLOC freed 2355K, 29% free 11119K/15623K, paused 30ms
07-09 15:26:47.963  5047  5061 I dalvikvm-heap: Grow heap (frag case) to 12.927MB for 2097168-byte allocation
07-09 15:26:48.002  5047  5050 D dalvikvm: GC_CONCURRENT freed 16K, 16% free 13151K/15623K, paused 3ms+6ms
07-09 15:26:48.275   144   424 D AlarmManagerService: Kernel timezone updated to 240 minutes west of GMT
07-09 15:26:49.080   344   344 D SAN_SERVICE: *******************************************
07-09 15:26:49.080   344   344 D SAN_SERVICE: DM App Phone Service State - 0
07-09 15:26:49.080   344   344 D SAN_SERVICE: *******************************************
07-09 15:26:49.303   344   344 D SAN_SERVICE: *******************************************
07-09 15:26:49.303   344   344 D SAN_SERVICE: DM App Phone Service State - 0
07-09 15:26:49.303   344   344 D SAN_SERVICE: *******************************************
07-09 15:26:50.092  4996  4998 D dalvikvm: GC_CONCURRENT freed 715K, 16% free 12416K/14663K, paused 4ms+19ms
07-09 15:26:52.139   144   156 I ActivityManager: Process com.google.android.apps.plus (pid 4884) has died.
07-09 15:26:52.533  4996  4998 D dalvikvm: GC_CONCURRENT freed 1250K, 17% free 12264K/14663K, paused 2ms+4ms
07-09 15:26:53.295   144   400 D AlarmManagerService: Kernel timezone updated to 240 minutes west of GMT
07-09 15:26:53.619   344   344 D SAN_SERVICE: *******************************************
07-09 15:26:53.619   344   344 D SAN_SERVICE: DM App Phone Service State - 0
07-09 15:26:53.619   344   344 D SAN_SERVICE: *******************************************
07-09 15:26:53.916  5047  5061 I GeckoAppShell: Taking whole-screen screenshot, viewport: ImmutableViewportMetrics v=(0.0,3081.5752,480.0,3771.5752) p=(0.0,0.0,495.0,8355.0) c=(0.0,0.0,330.0,5570.0) z=1.5
07-09 15:26:53.986  5047  5080 I Gecko   : Compositor: Composite took 56 ms.
07-09 15:26:54.092  5047  5061 D dalvikvm: GC_FOR_ALLOC freed 2081K, 29% free 11105K/15623K, paused 30ms
07-09 15:26:54.096  5047  5061 I dalvikvm-heap: Grow heap (frag case) to 12.913MB for 2097168-byte allocation
07-09 15:26:54.131  5047  5047 D dalvikvm: GC_FOR_ALLOC freed 1K, 16% free 13152K/15623K, paused 26ms
07-09 15:26:54.150  5047  5080 I Gecko   : Compositor: Composite took 104 ms.
07-09 15:26:54.189  5047  5080 I Gecko   : Compositor: Composite took 37 ms.
07-09 15:26:54.232  5047  5050 D dalvikvm: GC_CONCURRENT freed 11K, 16% free 13155K/15623K, paused 3ms+14ms
07-09 15:26:54.252  5047  5080 I Gecko   : Compositor: Composite took 61 ms.
07-09 15:26:54.342  5047  5080 I Gecko   : Compositor: Composite took 32 ms.
07-09 15:26:54.397  5047  5080 I Gecko   : Compositor: Composite took 32 ms.
07-09 15:26:54.451  5047  5080 I Gecko   : Compositor: Composite took 30 ms.
07-09 15:26:54.775  5047  5080 I Gecko   : Compositor: Composite took 31 ms.
07-09 15:26:54.916  5047  5080 I Gecko   : Compositor: Composite took 31 ms.
07-09 15:26:54.932  5047  5047 D GeckoPanZoomController: Finishing animation at ImmutableViewportMetrics v=(0.0,3453.974,480.0,4143.974) p=(0.0,0.0,495.0,8355.0) c=(0.0,0.0,330.0,5570.0) z=1.5
07-09 15:26:55.416  5047  5080 I Gecko   : Compositor: Composite took 44 ms.
07-09 15:26:56.775  4996  4998 D dalvikvm: GC_CONCURRENT freed 1068K, 17% free 12215K/14663K, paused 2ms+5ms
07-09 15:26:57.080  4996  4998 D dalvikvm: GC_CONCURRENT freed 1045K, 17% free 12214K/14663K, paused 2ms+5ms
07-09 15:26:57.397  4996  4998 D dalvikvm: GC_CONCURRENT freed 1010K, 17% free 12202K/14663K, paused 2ms+4ms
07-09 15:26:58.479  4996  4998 D dalvikvm: GC_CONCURRENT freed 976K, 17% free 12186K/14663K, paused 2ms+6ms
07-09 15:26:59.166  5047  5061 I GeckoAppShell: Taking whole-screen screenshot, viewport: ImmutableViewportMetrics v=(0.0,3453.974,480.0,4143.974) p=(0.0,0.0,495.0,8355.0) c=(0.0,0.0,330.0,5570.0) z=1.5
07-09 15:26:59.283  5047  5061 D dalvikvm: GC_FOR_ALLOC freed 2299K, 29% free 11117K/15623K, paused 23ms
07-09 15:26:59.287  5047  5061 I dalvikvm-heap: Grow heap (frag case) to 12.925MB for 2097168-byte allocation
07-09 15:26:59.322  5047  5050 D dalvikvm: GC_CONCURRENT freed 13K, 16% free 13151K/15623K, paused 3ms+6ms
07-09 15:27:05.760  4996  4998 D dalvikvm: GC_CONCURRENT freed 738K, 15% free 12483K/14663K, paused 2ms+4ms
07-09 15:27:05.975  5047  5061 I GeckoAppShell: Taking whole-screen screenshot, viewport: ImmutableViewportMetrics v=(0.0,3453.974,480.0,4143.974) p=(0.0,0.0,495.0,8355.0) c=(0.0,0.0,330.0,5570.0) z=1.5
07-09 15:27:06.092  5047  5061 D dalvikvm: GC_FOR_ALLOC freed 2051K, 29% free 11103K/15623K, paused 22ms
07-09 15:27:06.092  5047  5061 I dalvikvm-heap: Grow heap (frag case) to 12.911MB for 2097168-byte allocation
07-09 15:27:06.131  5047  5050 D dalvikvm: GC_CONCURRENT freed <1K, 16% free 13151K/15623K, paused 2ms+7ms
07-09 15:27:08.443  4996  4998 D dalvikvm: GC_CONCURRENT freed 1298K, 16% free 12330K/14663K, paused 22ms+4ms
07-09 15:27:10.494  4996  4998 D dalvikvm: GC_CONCURRENT freed 1160K, 17% free 12245K/14663K, paused 2ms+4ms
07-09 15:27:10.838   144   424 D AlarmManagerService: Kernel timezone updated to 240 minutes west of GMT
07-09 15:27:10.971   144   147 D dalvikvm: GC_CONCURRENT freed 1844K, 14% free 16203K/18631K, paused 11ms+7ms
07-09 15:27:11.803  4996  4998 D dalvikvm: GC_CONCURRENT freed 1000K, 17% free 12227K/14663K, paused 2ms+5ms
07-09 15:27:11.979  5047  5061 I GeckoAppShell: Taking whole-screen screenshot, viewport: ImmutableViewportMetrics v=(0.0,3453.974,480.0,4143.974) p=(0.0,0.0,495.0,8355.0) c=(0.0,0.0,330.0,5570.0) z=1.5
07-09 15:27:12.064  5047  5061 D dalvikvm: GC_FOR_ALLOC freed 2050K, 29% free 11103K/15623K, paused 22ms
07-09 15:27:12.068  5047  5061 I dalvikvm-heap: Grow heap (frag case) to 12.911MB for 2097168-byte allocation
07-09 15:27:12.100  5047  5050 D dalvikvm: GC_CONCURRENT freed 6K, 16% free 13145K/15623K, paused 2ms+6ms
07-09 15:27:12.143   344   344 D SAN_SERVICE: *******************************************
07-09 15:27:12.143   344   344 D SAN_SERVICE: DM App Phone Service State - 0
07-09 15:27:12.143   344   344 D SAN_SERVICE: *******************************************
07-09 15:27:14.154  4996  4998 D dalvikvm: GC_CONCURRENT freed 969K, 16% free 12331K/14663K, paused 1ms+4ms
07-09 15:27:14.479  4996  4998 D dalvikvm: GC_CONCURRENT freed 1200K, 17% free 12236K/14663K, paused 2ms+4ms
07-09 15:27:15.068  4996  5023 W ResponseProcessCookies: Cookie rejected: "BasicClientCookie[version=0,name=admobuu,domain=.wordpress.com,path=/,expiry=Thu Dec 31 19:00:00 EST 2037]". Illegal domain attribute "wordpress.com". Domain of origin: "tracking.si.com"
07-09 15:27:15.838  4996  4998 D dalvikvm: GC_CONCURRENT freed 973K, 17% free 12222K/14663K, paused 26ms+4ms
07-09 15:27:16.365   344   344 D SAN_SERVICE: *******************************************
07-09 15:27:16.365   344   344 D SAN_SERVICE: DM App Phone Service State - 0
07-09 15:27:16.365   344   344 D SAN_SERVICE: *******************************************
07-09 15:27:17.123  4996  4998 D dalvikvm: GC_CONCURRENT freed 1014K, 17% free 12252K/14663K, paused 2ms+3ms
07-09 15:27:17.990  5047  5061 I GeckoAppShell: Taking whole-screen screenshot, viewport: ImmutableViewportMetrics v=(0.0,3453.974,480.0,4143.974) p=(0.0,0.0,495.0,8355.0) c=(0.0,0.0,330.0,5570.0) z=1.5
07-09 15:27:18.131  5047  5061 D dalvikvm: GC_FOR_ALLOC freed 2050K, 29% free 11097K/15623K, paused 21ms
07-09 15:27:18.131  5047  5061 I dalvikvm-heap: Grow heap (frag case) to 12.905MB for 2097168-byte allocation
07-09 15:27:18.166  5047  5050 D dalvikvm: GC_CONCURRENT freed <1K, 16% free 13145K/15623K, paused 2ms+6ms
07-09 15:27:18.943  4996  5023 W ResponseProcessCookies: Cookie rejected: "BasicClientCookie[version=0,name=admobuu,domain=.wordpress.com,path=/,expiry=Thu Dec 31 19:00:00 EST 2037]". Illegal domain attribute "wordpress.com". Domain of origin: "tracking.si.com"
07-09 15:27:19.272  4996  4998 D dalvikvm: GC_CONCURRENT freed 996K, 17% free 12220K/14663K, paused 2ms+4ms
07-09 15:27:21.693  4996  4998 D dalvikvm: GC_CONCURRENT freed 930K, 17% free 12315K/14663K, paused 2ms+4ms
07-09 15:27:23.272  5047  5080 I Gecko   : Compositor: Composite took 47 ms.
07-09 15:27:23.318  5047  5080 I Gecko   : Compositor: Composite took 32 ms.
07-09 15:27:23.482  5047  5080 I Gecko   : Compositor: Composite took 68 ms.
07-09 15:27:23.947  5047  5080 I Gecko   : Compositor: Composite took 31 ms.
07-09 15:27:24.029  5047  5047 D GeckoPanZoomController: Finishing animation at ImmutableViewportMetrics v=(0.0,3712.5347,480.0,4402.534) p=(0.0,0.0,495.0,8355.0) c=(0.0,0.0,330.0,5570.0) z=1.5
07-09 15:27:24.033  5047  5061 I GeckoAppShell: Taking whole-screen screenshot, viewport: ImmutableViewportMetrics v=(0.0,3712.5347,480.0,4402.534) p=(0.0,0.0,495.0,8355.0) c=(0.0,0.0,330.0,5570.0) z=1.5
07-09 15:27:24.135  5047  5061 D dalvikvm: GC_FOR_ALLOC freed 2238K, 29% free 11105K/15623K, paused 28ms
07-09 15:27:24.135  5047  5061 I dalvikvm-heap: Grow heap (frag case) to 12.914MB for 2097168-byte allocation
07-09 15:27:24.170  5047  5080 D dalvikvm: GC_FOR_ALLOC freed 8K, 16% free 13145K/15623K, paused 21ms
07-09 15:27:24.201  5047  5080 I Gecko   : Compositor: Composite took 68 ms.
07-09 15:27:24.240  5047  5050 D dalvikvm: GC_CONCURRENT freed 2K, 16% free 13145K/15623K, paused 3ms+5ms
07-09 15:27:24.240  4996  4998 D dalvikvm: GC_CONCURRENT freed 1088K, 17% free 12317K/14663K, paused 2ms+26ms
07-09 15:27:24.322  5047  5080 I Gecko   : Compositor: Composite took 43 ms.
07-09 15:27:24.412  5047  5080 I Gecko   : Compositor: Composite took 30 ms.
07-09 15:27:24.662  5047  5080 I Gecko   : Compositor: Composite took 30 ms.
07-09 15:27:25.022  4087  4090 D dalvikvm: GC_CONCURRENT freed 392K, 6% free 10461K/11079K, paused 27ms+12ms
07-09 15:27:25.272  5047  5080 I Gecko   : Compositor: Composite took 32 ms.
07-09 15:27:25.342  5047  5047 D GeckoPanZoomController: Finishing animation at ImmutableViewportMetrics v=(0.0,3907.066,480.0,4597.0654) p=(0.0,0.0,495.0,8355.0) c=(0.0,0.0,330.0,5570.0) z=1.5
07-09 15:27:25.830  5047  5080 I Gecko   : Compositor: Composite took 38 ms.
07-09 15:27:26.381  4996  4998 D dalvikvm: GC_CONCURRENT freed 1082K, 17% free 12308K/14663K, paused 2ms+4ms
07-09 15:27:27.115  5047  5080 I Gecko   : Compositor: Composite took 31 ms.
07-09 15:27:27.193  5047  5080 I Gecko   : Compositor: Composite took 30 ms.
07-09 15:27:27.678  5047  5080 I Gecko   : Compositor: Composite took 31 ms.
07-09 15:27:27.818  5047  5080 I Gecko   : Compositor: Composite took 31 ms.
07-09 15:27:27.963  5047  5080 I Gecko   : Compositor: Composite took 32 ms.
07-09 15:27:28.182  5047  5047 D GeckoPanZoomController: Finishing animation at ImmutableViewportMetrics v=(0.0,4132.8115,480.0,4822.811) p=(0.0,0.0,495.0,8355.0) c=(0.0,0.0,330.0,5570.0) z=1.5
07-09 15:27:28.299  4996  4998 D dalvikvm: GC_CONCURRENT freed 1090K, 17% free 12302K/14663K, paused 2ms+4ms
07-09 15:27:28.701  5047  5080 I Gecko   : Compositor: Composite took 38 ms.
07-09 15:27:29.139  5047  5061 I GeckoAppShell: Taking whole-screen screenshot, viewport: ImmutableViewportMetrics v=(0.0,4132.8115,480.0,4822.811) p=(0.0,0.0,495.0,8355.0) c=(0.0,0.0,330.0,5570.0) z=1.5
07-09 15:27:29.303  5047  5061 D dalvikvm: GC_FOR_ALLOC freed 2709K, 29% free 11131K/15623K, paused 33ms
07-09 15:27:29.307  5047  5061 I dalvikvm-heap: Grow heap (frag case) to 12.938MB for 2097168-byte allocation
07-09 15:27:29.342  5047  5080 D dalvikvm: GC_FOR_ALLOC freed 34K, 16% free 13145K/15623K, paused 26ms
07-09 15:27:29.365  5047  5080 I Gecko   : Compositor: Composite took 67 ms.
07-09 15:27:29.404  5047  5050 D dalvikvm: GC_CONCURRENT freed 4K, 16% free 13145K/15623K, paused 2ms+6ms
07-09 15:27:30.033  4996  4998 D dalvikvm: GC_CONCURRENT freed 1039K, 17% free 12250K/14663K, paused 27ms+4ms
07-09 15:27:31.787  4996  4998 D dalvikvm: GC_CONCURRENT freed 1011K, 17% free 12289K/14663K, paused 2ms+5ms
07-09 15:27:36.092  5047  5061 I GeckoAppShell: Taking whole-screen screenshot, viewport: ImmutableViewportMetrics v=(0.0,4132.8115,480.0,4822.811) p=(0.0,0.0,495.0,8355.0) c=(0.0,0.0,330.0,5570.0) z=1.5
07-09 15:27:36.225  5047  5061 D dalvikvm: GC_FOR_ALLOC freed 2050K, 29% free 11097K/15623K, paused 22ms
07-09 15:27:36.229  5047  5061 I dalvikvm-heap: Grow heap (frag case) to 12.905MB for 2097168-byte allocation
07-09 15:27:36.264  5047  5050 D dalvikvm: GC_CONCURRENT freed 0K, 16% free 13145K/15623K, paused 3ms+6ms
07-09 15:27:36.311  4996  4998 D dalvikvm: GC_CONCURRENT freed 1025K, 17% free 12231K/14663K, paused 39ms+4ms
07-09 15:27:39.701  5047  5080 I Gecko   : Compositor: Composite took 47 ms.
07-09 15:27:39.744  5047  5080 I Gecko   : Compositor: Composite took 35 ms.
07-09 15:27:39.834  5047  5080 I Gecko   : Compositor: Composite took 30 ms.
07-09 15:27:40.084  5047  5080 I Gecko   : Compositor: Composite took 33 ms.
07-09 15:27:40.451  5047  5047 D GeckoPanZoomController: Finishing animation at ImmutableViewportMetrics v=(0.0,4293.6963,480.0,4983.696) p=(0.0,0.0,495.0,8355.0) c=(0.0,0.0,330.0,5570.0) z=1.5
07-09 15:27:41.205  5047  5080 I Gecko   : Compositor: Composite took 33 ms.
07-09 15:27:41.248  5047  5080 I Gecko   : Compositor: Composite took 30 ms.
07-09 15:27:41.400  5047  5080 I Gecko   : Compositor: Composite took 31 ms.
07-09 15:27:41.428  5047  5080 I Gecko   : Compositor: Composite took 30 ms.
07-09 15:27:41.518  5047  5080 I Gecko   : Compositor: Composite took 31 ms.
07-09 15:27:41.959  5047  5047 D GeckoPanZoomController: Finishing animation at ImmutableViewportMetrics v=(0.0,4512.484,480.0,5202.4834) p=(0.0,0.0,495.0,8355.0) c=(0.0,0.0,330.0,5570.0) z=1.5
07-09 15:27:42.107  5047  5061 I GeckoAppShell: Taking whole-screen screenshot, viewport: ImmutableViewportMetrics v=(0.0,4512.484,480.0,5202.4834) p=(0.0,0.0,495.0,8355.0) c=(0.0,0.0,330.0,5570.0) z=1.5
07-09 15:27:42.229  5047  5061 D dalvikvm: GC_FOR_ALLOC freed 2461K, 29% free 11117K/15623K, paused 25ms
07-09 15:27:42.232  5047  5061 I dalvikvm-heap: Grow heap (frag case) to 12.924MB for 2097168-byte allocation
07-09 15:27:42.264  5047  5047 D dalvikvm: GC_FOR_ALLOC freed 20K, 16% free 13145K/15623K, paused 23ms
07-09 15:27:42.326  5047  5050 D dalvikvm: GC_CONCURRENT freed 1K, 16% free 13145K/15623K, paused 2ms+6ms
07-09 15:27:42.393  5047  5080 I Gecko   : Compositor: Composite took 36 ms.
07-09 15:27:43.080  5047  5080 I Gecko   : Compositor: Composite took 32 ms.
07-09 15:27:43.291  5047  5080 I Gecko   : Compositor: Composite took 45 ms.
07-09 15:27:43.385  5047  5080 I Gecko   : Compositor: Composite took 31 ms.
07-09 15:27:43.709  5047  5080 I Gecko   : Compositor: Composite took 32 ms.
07-09 15:27:43.779  5047  5080 I Gecko   : Compositor: Composite took 30 ms.
07-09 15:27:43.897  5047  5047 D GeckoPanZoomController: Finishing animation at ImmutableViewportMetrics v=(0.0,4714.8276,480.0,5404.827) p=(0.0,0.0,495.0,8355.0) c=(0.0,0.0,330.0,5570.0) z=1.5
07-09 15:27:44.436  5047  5080 I Gecko   : Compositor: Composite took 38 ms.
07-09 15:27:47.928  5047  5061 I GeckoAppShell: Taking whole-screen screenshot, viewport: ImmutableViewportMetrics v=(0.0,4714.8276,480.0,5404.827) p=(0.0,0.0,495.0,8355.0) c=(0.0,0.0,330.0,5570.0) z=1.5
07-09 15:27:48.061  5047  5061 D dalvikvm: GC_FOR_ALLOC freed 2454K, 29% free 11117K/15623K, paused 24ms
07-09 15:27:48.061  5047  5061 I dalvikvm-heap: Grow heap (frag case) to 12.925MB for 2097168-byte allocation
07-09 15:27:48.096  5047  5050 D dalvikvm: GC_CONCURRENT freed 20K, 16% free 13145K/15623K, paused 2ms+6ms
07-09 15:27:51.689  4233  4248 I PhoneLab-: Service Running
07-09 15:27:51.822  4233  4248 I PhoneLab-LoggerService: app_37    1373  1     1440   1068  c00f181c 400107b4 S logcat
07-09 15:27:51.822  4233  4248 I PhoneLab-LoggerService: Logcat pid from database 1373
07-09 15:27:51.822  4233  4248 I PhoneLab-LoggerService: Logcat process found 1373
07-09 15:27:51.822  4233  4248 I PhoneLab-LoggerService: Checking Threshold
07-09 15:27:51.826  4233  4248 I PhoneLab-LoggerService: Starting to rename files
07-09 15:27:51.826  4233  4248 I PhoneLab-LoggerService: Files found .. 2
07-09 15:27:54.131  5047  5061 I GeckoAppShell: Taking whole-screen screenshot, viewport: ImmutableViewportMetrics v=(0.0,4714.8276,480.0,5404.827) p=(0.0,0.0,495.0,8355.0) c=(0.0,0.0,330.0,5570.0) z=1.5
07-09 15:27:54.244  5047  5061 D dalvikvm: GC_FOR_ALLOC freed 2050K, 29% free 11097K/15623K, paused 21ms
07-09 15:27:54.244  5047  5061 I dalvikvm-heap: Grow heap (frag case) to 12.905MB for 2097168-byte allocation
07-09 15:27:54.287  5047  5050 D dalvikvm: GC_CONCURRENT freed <1K, 16% free 13145K/15623K, paused 2ms+6ms
07-09 15:27:54.576   144   400 D AlarmManagerService: Kernel timezone updated to 240 minutes west of GMT
07-09 15:27:54.717   344   344 D SAN_SERVICE: *******************************************
07-09 15:27:54.717   344   344 D SAN_SERVICE: DM App Phone Service State - 0
07-09 15:27:54.717   344   344 D SAN_SERVICE: *******************************************
07-09 15:27:54.756   344   344 D SAN_SERVICE: *******************************************
07-09 15:27:54.756   344   344 D SAN_SERVICE: DM App Phone Service State - 0
07-09 15:27:54.756   344   344 D SAN_SERVICE: *******************************************
07-09 15:27:55.564   344   344 D SAN_SERVICE: *******************************************
07-09 15:27:55.564   344   344 D SAN_SERVICE: DM App Phone Service State - 0
07-09 15:27:55.564   344   344 D SAN_SERVICE: *******************************************
07-09 15:27:58.568   344   344 D SAN_SERVICE: *******************************************
07-09 15:27:58.568   344   344 D SAN_SERVICE: DM App Phone Service State - 0
07-09 15:27:58.568   344   344 D SAN_SERVICE: *******************************************
07-09 15:27:58.814  5047  5080 I Gecko   : Compositor: Composite took 46 ms.
07-09 15:27:58.873  5047  5080 I Gecko   : Compositor: Composite took 30 ms.
07-09 15:27:59.002  5047  5080 I Gecko   : Compositor: Composite took 43 ms.
07-09 15:27:59.611  5047  5080 I Gecko   : Compositor: Composite took 34 ms.
07-09 15:27:59.850  5047  5047 D GeckoPanZoomController: Finishing animation at ImmutableViewportMetrics v=(0.0,5192.488,480.0,5882.4873) p=(0.0,0.0,495.0,8355.0) c=(0.0,0.0,330.0,5570.0) z=1.5
07-09 15:28:00.131  5047  5061 I GeckoAppShell: Taking whole-screen screenshot, viewport: ImmutableViewportMetrics v=(0.0,5192.488,480.0,5882.4873) p=(0.0,0.0,495.0,8355.0) c=(0.0,0.0,330.0,5570.0) z=1.5
07-09 15:28:00.248  5047  5061 D dalvikvm: GC_FOR_ALLOC freed 2297K, 29% free 11108K/15623K, paused 23ms
07-09 15:28:00.252  5047  5061 I dalvikvm-heap: Grow heap (frag case) to 12.916MB for 2097168-byte allocation
07-09 15:28:00.287  5047  5050 D dalvikvm: GC_CONCURRENT freed 11K, 16% free 13145K/15623K, paused 2ms+5ms
07-09 15:28:00.299  5047  5080 I Gecko   : Compositor: Composite took 33 ms.
07-09 15:28:00.342  5047  5080 I Gecko   : Compositor: Composite took 38 ms.
07-09 15:28:00.955  5047  5080 I Gecko   : Compositor: Composite took 32 ms.
07-09 15:28:01.064  5047  5080 I Gecko   : Compositor: Composite took 33 ms.
07-09 15:28:01.455  5047  5080 I Gecko   : Compositor: Composite took 34 ms.
07-09 15:28:01.600  5047  5080 I Gecko   : Compositor: Composite took 30 ms.
07-09 15:28:01.967  5047  5047 D GeckoPanZoomController: Finishing animation at ImmutableViewportMetrics v=(0.0,5437.254,480.0,6127.2534) p=(0.0,0.0,495.0,8355.0) c=(0.0,0.0,330.0,5570.0) z=1.5
07-09 15:28:02.428  5047  5080 I Gecko   : Compositor: Composite took 38 ms.
07-09 15:28:04.592   144   424 D AlarmManagerService: Kernel timezone updated to 240 minutes west of GMT
07-09 15:28:04.857  5047  5080 I Gecko   : Compositor: Composite took 46 ms.
07-09 15:28:04.971  5047  5080 I Gecko   : Compositor: Composite took 35 ms.
07-09 15:28:05.045  5047  5047 D GeckoPanZoomController: Finishing animation at ImmutableViewportMetrics v=(0.0,5527.879,480.0,6217.8784) p=(0.0,0.0,495.0,8355.0) c=(0.0,0.0,330.0,5570.0) z=1.5
07-09 15:28:05.533   144   173 I ActivityManager: Start proc com.twitter.android for service com.twitter.android/.client.AppService: pid=5301 uid=10064 gids={3003, 1015}
07-09 15:28:05.607  5301  5301 I dalvikvm: Turning on JNI app bug workarounds for target SDK version 11...
07-09 15:28:05.678  5047  5080 I Gecko   : Compositor: Composite took 32 ms.
07-09 15:28:05.752  5047  5080 I Gecko   : Compositor: Composite took 74 ms.
07-09 15:28:05.787  5047  5080 I Gecko   : Compositor: Composite took 35 ms.
07-09 15:28:05.857  5047  5080 I Gecko   : Compositor: Composite took 31 ms.
07-09 15:28:05.947   144   376 D dalvikvm: GC_EXPLICIT freed 996K, 14% free 16065K/18631K, paused 2ms+23ms
07-09 15:28:05.951  5301  5301 I ActivityThread: Pub com.twitter.android.provider.GlobalDatabaseProvider: com.twitter.android.provider.GlobalDatabaseProvider
07-09 15:28:05.967  5301  5301 I ActivityThread: Pub com.twitter.android.provider.TwitterProvider: com.twitter.android.provider.TwitterProvider
07-09 15:28:05.971   344   344 D SAN_SERVICE: *******************************************
07-09 15:28:05.971   344   344 D SAN_SERVICE: DM App Phone Service State - 0
07-09 15:28:05.971   344   344 D SAN_SERVICE: *******************************************
07-09 15:28:06.006  5047  5080 I Gecko   : Compositor: Composite took 110 ms.
07-09 15:28:06.068  5047  5080 I Gecko   : Compositor: Composite took 33 ms.
07-09 15:28:06.123  5301  5303 D dalvikvm: GC_CONCURRENT freed 184K, 4% free 9290K/9607K, paused 14ms+2ms
07-09 15:28:06.135  5047  5061 I GeckoAppShell: Taking whole-screen screenshot, viewport: ImmutableViewportMetrics v=(0.0,5799.534,480.0,6489.5337) p=(0.0,0.0,495.0,8355.0) c=(0.0,0.0,330.0,5570.0) z=1.5
07-09 15:28:06.174  5047  5080 I Gecko   : Compositor: Composite took 30 ms.
07-09 15:28:06.291  5047  5061 D dalvikvm: GC_FOR_ALLOC freed 2651K, 29% free 11129K/15623K, paused 31ms
07-09 15:28:06.291  5047  5061 I dalvikvm-heap: Grow heap (frag case) to 12.937MB for 2097168-byte allocation
07-09 15:28:06.346  5047  5080 D dalvikvm: GC_FOR_ALLOC freed 31K, 16% free 13146K/15623K, paused 41ms
07-09 15:28:06.373  5047  5080 I Gecko   : Compositor: Composite took 108 ms.
07-09 15:28:06.432  5047  5047 D GeckoPanZoomController: Finishing animation at ImmutableViewportMetrics v=(0.0,5810.093,480.0,6500.0923) p=(0.0,0.0,495.0,8355.0) c=(0.0,0.0,330.0,5570.0) z=1.5
07-09 15:28:06.443  5047  5050 D dalvikvm: GC_CONCURRENT freed 21K, 16% free 13155K/15623K, paused 2ms+13ms
07-09 15:28:06.463  5047  5080 I Gecko   : Compositor: Composite took 76 ms.
07-09 15:28:06.525   144   402 D AlarmManagerService: Kernel timezone updated to 240 minutes west of GMT
07-09 15:28:06.693  5301  5303 D dalvikvm: GC_CONCURRENT freed 225K, 4% free 9509K/9863K, paused 1ms+2ms
07-09 15:28:06.826  5301  5303 D dalvikvm: GC_CONCURRENT freed 294K, 5% free 9633K/10055K, paused 1ms+2ms
07-09 15:28:07.080  5301  5303 D dalvikvm: GC_CONCURRENT freed 300K, 5% free 9763K/10183K, paused 2ms+35ms
07-09 15:28:07.268  5301  5303 D dalvikvm: GC_CONCURRENT freed 295K, 5% free 9889K/10311K, paused 5ms+2ms
07-09 15:28:07.436  5301  5303 D dalvikvm: GC_CONCURRENT freed 299K, 5% free 10017K/10439K, paused 2ms+2ms
07-09 15:28:07.564  5301  5303 D dalvikvm: GC_CONCURRENT freed 296K, 4% free 10146K/10567K, paused 1ms+2ms
07-09 15:28:07.686  5301  5303 D dalvikvm: GC_CONCURRENT freed 299K, 4% free 10271K/10695K, paused 2ms+1ms
07-09 15:28:07.873  5301  5303 D dalvikvm: GC_CONCURRENT freed 477K, 6% free 10217K/10823K, paused 2ms+2ms
07-09 15:28:07.998  5301  5303 D dalvikvm: GC_CONCURRENT freed 320K, 5% free 10291K/10823K, paused 5ms+3ms
07-09 15:28:08.158  5301  5303 D dalvikvm: GC_CONCURRENT freed 322K, 5% free 10381K/10823K, paused 2ms+2ms
07-09 15:28:08.287  5301  5303 D dalvikvm: GC_CONCURRENT freed 362K, 5% free 10466K/10951K, paused 2ms+2ms
07-09 15:28:08.420  5301  5303 D dalvikvm: GC_CONCURRENT freed 349K, 5% free 10548K/11015K, paused 2ms+2ms
07-09 15:28:08.553  5301  5303 D dalvikvm: GC_CONCURRENT freed 331K, 5% free 10631K/11079K, paused 1ms+2ms
07-09 15:28:08.682  5301  5303 D dalvikvm: GC_CONCURRENT freed 369K, 5% free 10719K/11207K, paused 1ms+2ms
07-09 15:28:08.814  5301  5303 D dalvikvm: GC_CONCURRENT freed 401K, 5% free 10814K/11335K, paused 1ms+2ms
07-09 15:28:09.197   320   324 D dalvikvm: GC_CONCURRENT freed 383K, 20% free 10047K/12487K, paused 12ms+3ms
07-09 15:28:09.213  5047  5063 I GeckoTabs: Got message: SessionHistory:Back
07-09 15:28:09.256  5047  5063 I GeckoApp: Got message: Content:SecurityChange
07-09 15:28:09.256  5047  5063 I GeckoApp: Security Mode - unknown
07-09 15:28:09.260  5047  5063 E GeckoConsole: [JavaScript Warning: "Unknown property 'overflow-scroll'.  Declaration dropped." {file: "http://guide.radioloyalty.com/preroll/staticDisplay.html?siteID=OMD_ON_2_83673906&creativeID=3&resultID=undefined&adGroup=2&skipVideo=undefined&rgRef=http://ad.doubleclick.net/adi/OMD_ON_2/m.csmonitor.com;device&fv=0" line: 16}]
07-09 15:28:09.264  5047  5063 E GeckoConsole: [JavaScript Warning: "Unknown property 'frameborder'.  Declaration dropped." {file: "http://guide.radioloyalty.com/preroll/staticDisplay.html?siteID=OMD_ON_2_83673906&creativeID=3&resultID=undefined&adGroup=2&skipVideo=undefined&rgRef=http://ad.doubleclick.net/adi/OMD_ON_2/m.csmonitor.com;device&fv=0" line: 18}]
07-09 15:28:09.264  5047  5063 E GeckoConsole: [JavaScript Warning: "Unknown property 'marginheight'.  Declaration dropped." {file: "http://guide.radioloyalty.com/preroll/staticDisplay.html?siteID=OMD_ON_2_83673906&creativeID=3&resultID=undefined&adGroup=2&skipVideo=undefined&rgRef=http://ad.doubleclick.net/adi/OMD_ON_2/m.csmonitor.com;device&fv=0" line: 19}]
07-09 15:28:09.264  5047  5063 E GeckoConsole: [JavaScript Warning: "Unknown property 'marginwidth'.  Declaration dropped." {file: "http://guide.radioloyalty.com/preroll/staticDisplay.html?siteID=OMD_ON_2_83673906&creativeID=3&resultID=undefined&adGroup=2&skipVideo=undefined&rgRef=http://ad.doubleclick.net/adi/OMD_ON_2/m.csmonitor.com;device&fv=0" line: 20}]
07-09 15:28:09.264  5047  5063 E GeckoConsole: [JavaScript Warning: "Expected declaration but found '*'.  Skipped to next declaration." {file: "http://guide.radioloyalty.com/preroll/staticDisplay.html?siteID=OMD_ON_2_83673906&creativeID=3&resultID=undefined&adGroup=2&skipVideo=undefined&rgRef=http://ad.doubleclick.net/adi/OMD_ON_2/m.csmonitor.com;device&fv=0" line: 21}]
07-09 15:28:10.143  5301  5303 D dalvikvm: GC_CONCURRENT freed 335K, 5% free 11001K/11463K, paused 5ms+3ms
07-09 15:28:11.494  5047  5061 I GeckoAppShell: Taking whole-screen screenshot, viewport: ImmutableViewportMetrics v=(0.0,5810.093,480.0,6500.0923) p=(0.0,0.0,495.0,8355.0) c=(0.0,0.0,330.0,5570.0) z=1.5
07-09 15:28:11.522   144   155 I ActivityManager: moveTaskToBack: 26
07-09 15:28:11.572  5047  5047 I GeckoApp: application paused
07-09 15:28:11.693  5047  5061 D dalvikvm: GC_FOR_ALLOC freed 2149K, 29% free 11105K/15623K, paused 51ms
07-09 15:28:11.717  5047  5061 I dalvikvm-heap: Grow heap (frag case) to 12.914MB for 2097168-byte allocation
07-09 15:28:11.729   144   380 I ActivityManager: Process android.process.media (pid 4818) has died.
07-09 15:28:11.764  5047  5047 D dalvikvm: GC_FOR_ALLOC freed 7K, 16% free 13146K/15623K, paused 33ms
07-09 15:28:11.811  5047  5050 D dalvikvm: GC_CONCURRENT freed <1K, 16% free 13146K/15623K, paused 2ms+6ms
07-09 15:28:11.838  5047  5047 D OpenGLRenderer: Flushing caches (mode 1)
07-09 15:28:11.900   214   214 V PhoneStatusBar: setLightsOn(true)
07-09 15:28:11.979  5047  5047 D OpenGLRenderer: Flushing caches (mode 0)
07-09 15:28:12.334  5047  5047 I GeckoApp: stop
07-09 15:28:12.350  5047  5047 D OpenGLRenderer: Flushing caches (mode 2)
07-09 15:28:12.354  5047  5047 D OpenGLRenderer: Flushing caches (mode 0)
07-09 15:28:12.354  5047  5047 W ManagedEGLContext: doTerminate failed: EGL count is 2 but managed count is 1
07-09 15:28:13.147  5301  5316 I DatabaseHelper: Begin cleanup.
07-09 15:28:14.982  5301  5316 I DatabaseHelper: Cleaned up: 349
07-09 15:28:15.729  5301  5303 D dalvikvm: GC_CONCURRENT freed 410K, 5% free 11256K/11783K, paused 19ms+22ms
07-09 15:28:16.604   144   402 D AlarmManagerService: Kernel timezone updated to 240 minutes west of GMT
07-09 15:28:20.541   144   155 D AlarmManagerService: Kernel timezone updated to 240 minutes west of GMT
07-09 15:28:20.932  4996  4998 D dalvikvm: GC_CONCURRENT freed 850K, 16% free 12335K/14663K, paused 6ms+5ms
07-09 15:28:21.596   344   344 D SAN_SERVICE: *******************************************
07-09 15:28:21.596   344   344 D SAN_SERVICE: DM App Phone Service State - 0
07-09 15:28:21.596   344   344 D SAN_SERVICE: *******************************************
07-09 15:28:21.768  4996  4998 D dalvikvm: GC_CONCURRENT freed 771K, 14% free 12667K/14663K, paused 2ms+5ms
07-09 15:28:22.600   144   323 D AlarmManagerService: Kernel timezone updated to 240 minutes west of GMT
07-09 15:28:23.564   144   376 D AlarmManagerService: Kernel timezone updated to 240 minutes west of GMT
07-09 15:28:28.701  4448  4451 D dalvikvm: GC_CONCURRENT freed 454K, 8% free 10118K/10887K, paused 5ms+3ms
07-09 15:28:33.627   144   402 D AlarmManagerService: Kernel timezone updated to 240 minutes west of GMT
07-09 15:28:33.627   344   344 D SystemClock: Setting time of day to sec=1341862113
07-09 15:28:33.088   144   161 I ActivityManager: Start proc com.android.calendar for broadcast com.android.calendar/.widget.CalendarAppWidgetService$CalendarFactory: pid=5338 uid=10005 gids={3003}
07-09 15:28:33.174  5338  5338 I ActivityThread: Pub com.android.calendar.CalendarRecentSuggestionsProvider: com.android.calendar.CalendarRecentSuggestionsProvider
07-09 15:28:33.299   144   402 I ActivityManager: Start proc com.android.deskclock for broadcast com.android.deskclock/.AlarmInitReceiver: pid=5354 uid=10011 gids={}
07-09 15:28:33.342   144   155 I ActivityManager: Start proc com.android.providers.calendar for content provider com.android.providers.calendar/.CalendarProvider2: pid=5367 uid=10006 gids={3003, 1015}
07-09 15:28:33.389  5354  5354 I ActivityThread: Pub com.android.deskclock: com.android.deskclock.AlarmProvider
07-09 15:28:33.467  5367  5367 I ActivityThread: Pub com.android.calendar: com.android.providers.calendar.CalendarProvider2
07-09 15:28:33.611  5354  5379 V AlarmClock: AlarmInitReceiver finished
07-09 15:28:33.779   307   307 D dalvikvm: GC_EXPLICIT freed 330K, 7% free 10345K/11015K, paused 17ms+11ms
07-09 15:28:34.092   344   344 D SAN_SERVICE: *******************************************
07-09 15:28:34.092   344   344 D SAN_SERVICE: DM App Phone Service State - 0
07-09 15:28:34.092   344   344 D SAN_SERVICE: *******************************************
07-09 15:28:34.678  5367  5367 I CalendarProvider2: Sending notification intent: Intent { act=android.intent.action.PROVIDER_CHANGED dat=content://com.android.calendar }
07-09 15:28:34.682  5367  5367 W ContentResolver: Failed to get type for: content://com.android.calendar (Unknown URL content://com.android.calendar)
07-09 15:28:35.080   144   144 D AlarmManagerService: Kernel timezone updated to 240 minutes west of GMT
07-09 15:28:44.584   144   376 I ActivityManager: START {act=android.intent.action.VIEW dat=http://www.pcworld.com/article/258967/samsung_tablets_not_cool_enough_to_infringe_apple_design_says_uk_judge.html cmp=org.mozilla.firefox_beta/.App (has extras)} from pid 4996
07-09 15:28:44.611  5047  5047 W GeckoApp: zerdatime 9659942 - onNewIntent
07-09 15:28:44.627  5047  5047 I GeckoApp: onNewIntent: http://www.pcworld.com/article/258967/samsung_tablets_not_cool_enough_to_infringe_apple_design_says_uk_judge.html
07-09 15:28:44.631  5047  5047 I GeckoApp: restart
07-09 15:28:44.631  5047  5047 W GeckoApp: zerdatime 9659963 - onStart
07-09 15:28:44.631  5047  5047 I GeckoApp: start
07-09 15:28:44.631  5047  5047 I GeckoApp: resume
07-09 15:28:44.631  5047  5047 I GeckoApp: application resumed
07-09 15:28:44.807  5047  5080 I Gecko   : Compositor: Composite took 140 ms.
07-09 15:28:44.846  5047  5063 I GeckoTabs: Got message: Tab:Added
07-09 15:28:44.846  5047  5063 I GeckoTabs: Received message from Gecko: 9660178 - Tab:Added
07-09 15:28:44.854   144   403 I ActivityManager: Process com.google.android.gsf.login (pid 4471) has died.
07-09 15:28:44.873  5047  5063 I GeckoTabs: Added a tab with id: 3
07-09 15:28:44.908  5047  5047 I GeckoToolbar: zerdatime 9660240 - Throbber start
07-09 15:28:44.912  5047  5047 I GeckoDoorHangerPopup: Showing all doorhangers for tab: 3
07-09 15:28:44.940  5047  5063 I GeckoApp: Got message: Content:LocationChange
07-09 15:28:44.940  5047  5063 I GeckoApp: URI - about:blank
07-09 15:28:44.940  5047  5063 I GeckoTab: Updated url: about:blank for tab with id: 3
07-09 15:28:44.944  5047  5063 I GeckoTab: Updated favicon for tab with id: 3
07-09 15:28:44.944  5047  5063 I GeckoTab: Updated favicon URL for tab with id: 3
07-09 15:28:44.947  5047  5063 I GeckoApp: Got message: Content:SecurityChange
07-09 15:28:44.947  5047  5063 I GeckoApp: Security Mode - unknown
07-09 15:28:44.959  5047  5063 I GeckoApp: Got message: Content:StateChange
07-09 15:28:44.959  5047  5063 I GeckoApp: State - 983041
07-09 15:28:44.959  5047  5063 I GeckoApp: Got a document start
07-09 15:28:44.975  5047  5047 I GeckoDoorHangerPopup: Showing all doorhangers for tab: 3
07-09 15:28:44.983  5047  5047 I GeckoToolbar: zerdatime 9660316 - Throbber start
07-09 15:28:45.002  5047  5080 I GeckoAppShell: Taking whole-screen screenshot, viewport: ImmutableViewportMetrics v=(0.0,0.0,480.0,690.0) p=(0.0,0.0,480.0,690.0) c=(0.0,0.0,480.0,690.0) z=1.0
07-09 15:28:45.018   144   155 D AlarmManagerService: Kernel timezone updated to 240 minutes west of GMT
07-09 15:28:45.065  5047  5061 D dalvikvm: GC_FOR_ALLOC freed 2102K, 29% free 11105K/15623K, paused 26ms
07-09 15:28:45.065  5047  5061 I dalvikvm-heap: Grow heap (frag case) to 12.914MB for 2097168-byte allocation
07-09 15:28:45.096  5047  5047 D dalvikvm: GC_FOR_ALLOC freed 2K, 16% free 13151K/15623K, paused 21ms
07-09 15:28:45.135  5047  5047 D GeckoPanZoomController: generating valid viewport using v=RectF(0.0, 0.0, 480.0, 690.0) p=RectF(0.0, 0.0, 480.0, 690.0) c=RectF(0.0, 0.0, 480.0, 690.0) z=1.0
07-09 15:28:45.139  5047  5047 D GeckoPanZoomController: generated valid viewport as v=RectF(0.0, 0.0, 480.0, 690.0) p=RectF(0.0, 0.0, 480.0, 690.0) c=RectF(0.0, 0.0, 480.0, 690.0) z=1.0
07-09 15:28:45.194  5047  5050 D dalvikvm: GC_CONCURRENT freed 8K, 16% free 13153K/15623K, paused 2ms+9ms
07-09 15:28:45.213  5047  5063 I GeckoTabs: Got message: SessionHistory:New
07-09 15:28:45.248  5047  5080 I Gecko   : Compositor: Composite took 109 ms.
07-09 15:28:45.268  5047  5063 I GeckoApp: Got message: Content:LocationChange
07-09 15:28:45.268  5047  5063 I GeckoApp: URI - http://www.pcworld.com/article/258967/samsung_tablets_not_cool_enough_to_infringe_apple_design_says_uk_judge.html
07-09 15:28:45.268  5047  5063 I GeckoTab: Updated url: http://www.pcworld.com/article/258967/samsung_tablets_not_cool_enough_to_infringe_apple_design_says_uk_judge.html for tab with id: 3
07-09 15:28:45.268  5047  5063 I GeckoTab: Updated favicon for tab with id: 3
07-09 15:28:45.268  5047  5063 I GeckoTab: Updated favicon URL for tab with id: 3
07-09 15:28:45.272  5047  5063 I GeckoApp: Got message: Content:SecurityChange
07-09 15:28:45.272  5047  5063 I GeckoApp: Security Mode - unknown
07-09 15:28:45.291  5047  5047 I GeckoDoorHangerPopup: Showing all doorhangers for tab: 3
07-09 15:28:45.498  5047  5063 I GeckoApp: Got message: DOMTitleChanged
07-09 15:28:45.502  5047  5063 I GeckoTab: Updated title: Samsung Tablets Not 'cool' Enough to Infringe Apple Design, Says UK Judge | PCWorld for tab with id: 3
07-09 15:28:45.510  5047  5063 I GeckoApp: title - Samsung Tablets Not 'cool' Enough to Infringe Apple Design, Says UK Judge | PCWorld
07-09 15:28:45.545  5047  5063 I GeckoApp: Got message: DOMLinkAdded
07-09 15:28:45.545  5047  5063 I GeckoApp: link rel - [canonical], href - http://www.pcworld.com/article/258967/samsung_tablets_not_cool_enough_to_infringe_apple_design_says_uk_judge.html
07-09 15:28:45.557  5047  5063 I GeckoApp: Got message: DOMLinkAdded
07-09 15:28:45.557  5047  5063 I GeckoApp: link rel - [shortcut] [icon], href - http://zapp3.staticworld.net/shared/graphics/favicon.ico
07-09 15:28:45.557  5047  5063 I GeckoTab: Updated favicon URL for tab with id: 3
07-09 15:28:45.569  5047  5063 I GeckoApp: Got message: DOMLinkAdded
07-09 15:28:45.569  5047  5063 I GeckoApp: link rel - [alternate], href - http://feeds.pcworld.com/pcworld/latestnews
07-09 15:28:46.276  5047  5063 E GeckoConsole: [JavaScript Warning: "Error in parsing value for 'background-image'.  Declaration dropped." {file: "http://static.pcworld.com/css/now.css" line: 36}]
07-09 15:28:46.276  5047  5063 E GeckoConsole: [JavaScript Warning: "Error in parsing value for 'background-image'.  Declaration dropped." {file: "http://static.pcworld.com/css/now.css" line: 37}]
07-09 15:28:46.276  5047  5063 E GeckoConsole: [JavaScript Warning: "Error in parsing value for 'background-image'.  Declaration dropped." {file: "http://static.pcworld.com/css/now.css" line: 39}]
07-09 15:28:46.283  5047  5063 E GeckoConsole: [JavaScript Warning: "Unknown property '-moz-border-radius'.  Declaration dropped." {file: "http://static.pcworld.com/css/now.css" line: 218}]
07-09 15:28:46.283  5047  5063 E GeckoConsole: [JavaScript Warning: "Error in parsing value for 'cursor'.  Declaration dropped." {file: "http://static.pcworld.com/css/now.css" line: 269}]
07-09 15:28:46.283  5047  5063 E GeckoConsole: [JavaScript Warning: "Error in parsing value for 'cursor'.  Declaration dropped." {file: "http://static.pcworld.com/css/now.css" line: 324}]
07-09 15:28:46.283  5047  5063 E GeckoConsole: [JavaScript Warning: "Unknown property '-moz-border-top-right-radius'.  Declaration dropped." {file: "http://static.pcworld.com/css/now.css" line: 339}]
07-09 15:28:46.283  5047  5063 E GeckoConsole: [JavaScript Warning: "Unknown property '-moz-border-top-left-radius'.  Declaration dropped." {file: "http://static.pcworld.com/css/now.css" line: 339}]
07-09 15:28:46.291  5047  5063 E GeckoConsole: [JavaScript Warning: "Error in parsing value for 'cursor'.  Declaration dropped." {file: "http://static.pcworld.com/css/now.css" line: 393}]
07-09 15:28:46.295  5047  5063 E GeckoConsole: [JavaScript Warning: "Error in parsing value for 'cursor'.  Declaration dropped." {file: "http://static.pcworld.com/css/now.css" line: 438}]
07-09 15:28:46.295  5047  5063 E GeckoConsole: [JavaScript Warning: "Error in parsing value for 'cursor'.  Declaration dropped." {file: "http://static.pcworld.com/css/now.css" line: 439}]
07-09 15:28:46.295  5047  5063 E GeckoConsole: [JavaScript Warning: "Error in parsing value for 'cursor'.  Declaration dropped." {file: "http://static.pcworld.com/css/now.css" line: 444}]
07-09 15:28:46.307  5047  5063 E GeckoConsole: [JavaScript Warning: "Error in parsing value for 'vertical-align'.  Declaration dropped." {file: "http://static.pcworld.com/css/now.css" line: 874}]
07-09 15:28:46.311  5047  5063 E GeckoConsole: [JavaScript Warning: "Error in parsing value for 'width'.  Declaration dropped." {file: "http://static.pcworld.com/css/now.css" line: 934}]
07-09 15:28:46.311  5047  5063 E GeckoConsole: [JavaScript Warning: "Expected end of value but found '30px	'.  Error in parsing value for 'padding'.  Declaration dropped." {file: "http://static.pcworld.com/css/now.css" line: 942}]
07-09 15:28:46.311  5047  5063 E GeckoConsole: [JavaScript Warning: "Unknown property '-moz-border-radius'.  Declaration dropped." {file: "http://static.pcworld.com/css/now.css" line: 991}]
07-09 15:28:46.311  5047  5063 E GeckoConsole: [JavaScript Warning: "Unknown property '-moz-border-radius'.  Declaration dropped." {file: "http://static.pcworld.com/css/now.css" line: 1045}]
07-09 15:28:46.326  5047  5063 E GeckoConsole: [JavaScript Warning: "Unknown property 'zoom'.  Declaration dropped." {file: "http://www.pcworld.com/styles/jquery.lightbox-0.5.css" line: 62}]
07-09 15:28:46.338  5047  5063 E GeckoConsole: [JavaScript Warning: "Unknown property '-moz-outline-style'.  Declaration dropped." {file: "http://www.pcworld.com/styles/structure.css" line: 38}]
07-09 15:28:46.338  5047  5063 E GeckoConsole: [JavaScript Warning: "Unknown property 'azimuth'.  Declaration dropped." {file: "http://www.pcworld.com/styles/structure.css" line: 55}]
07-09 15:28:46.338  5047  5063 E GeckoConsole: [JavaScript Warning: "Unknown property '-moz-border-radius'.  Declaration dropped." {file: "http://www.pcworld.com/styles/structure.css" line: 65}]
07-09 15:28:46.338  5047  5063 E GeckoConsole: [JavaScript Warning: "Unknown property '-moz-border-radius-topleft'.  Declaration dropped." {file: "http://www.pcworld.com/styles/structure.css" line: 66}]
07-09 15:28:46.338  5047  5063 E GeckoConsole: [JavaScript Warning: "Unknown property '-moz-border-radius-topright'.  Declaration dropped." {file: "http://www.pcworld.com/styles/structure.css" line: 66}]
07-09 15:28:46.338  5047  5063 E GeckoConsole: [JavaScript Warning: "Unknown property '-moz-border-radius-bottomleft'.  Declaration dropped." {file: "http://www.pcworld.com/styles/structure.css" line: 67}]
07-09 15:28:46.338  5047  5063 E GeckoConsole: [JavaScript Warning: "Unknown property '-moz-border-radius-bottomright'.  Declaration dropped." {file: "http://www.pcworld.com/styles/structure.css" line: 67}]
07-09 15:28:46.338  5047  5063 E GeckoConsole: [JavaScript Warning: "Unknown property '-moz-border-radius'.  Declaration dropped." {file: "http://www.pcworld.com/styles/structure.css" line: 69}]
07-09 15:28:46.338  5047  5063 E GeckoConsole: [JavaScript Warning: "Unknown property '-moz-border-radius-topleft'.  Declaration dropped." {file: "http://www.pcworld.com/styles/structure.css" line: 70}]
07-09 15:28:46.338  5047  5063 E GeckoConsole: [JavaScript Warning: "Unknown property '-moz-border-radius-topright'.  Declaration dropped." {file: "http://www.pcworld.com/styles/structure.css" line: 70}]
07-09 15:28:46.338  5047  5063 E GeckoConsole: [JavaScript Warning: "Unknown property '-moz-border-radius-bottomleft'.  Declaration dropped." {file: "http://www.pcworld.com/styles/structure.css" line: 71}]
07-09 15:28:46.338  5047  5063 E GeckoConsole: [JavaScript Warning: "Unknown property '-moz-border-radius-bottomright'.  Declaration dropped." {file: "http://www.pcworld.com/styles/structure.css" line: 71}]
07-09 15:28:46.338  5047  5063 E GeckoConsole: [JavaScript Warning: "Unknown property '-moz-border-radius'.  Declaration dropped." {file: "http://www.pcworld.com/styles/structure.css" line: 73}]
07-09 15:28:46.342  5047  5063 E GeckoConsole: [JavaScript Warning: "Unknown property '-moz-border-radius-topleft'.  Declaration dropped." {file: "http://www.pcworld.com/styles/structure.css" line: 74}]
07-09 15:28:46.342  5047  5063 E GeckoConsole: [JavaScript Warning: "Unknown property '-moz-border-radius-topright'.  Declaration dropped." {file: "http://www.pcworld.com/styles/structure.css" line: 74}]
07-09 15:28:46.342  5047  5063 E GeckoConsole: [JavaScript Warning: "Unknown property '-moz-border-radius-bottomleft'.  Declaration dropped." {file: "http://www.pcworld.com/styles/structure.css" line: 75}]
07-09 15:28:46.342  5047  5063 E GeckoConsole: [JavaScript Warning: "Unknown property '-moz-border-radius-bottomright'.  Declaration dropped." {file: "http://www.pcworld.com/styles/structure.css" line: 75}]
07-09 15:28:46.342  5047  5063 E GeckoConsole: [JavaScript Warning: "Unknown property '-moz-border-radius'.  Declaration dropped." {file: "http://www.pcworld.com/styles/structure.css" line: 177}]
07-09 15:28:46.346  5047  5063 E GeckoConsole: [JavaScript Warning: "Error in parsing value for 'display'.  Declaration dropped." {file: "http://www.pcworld.com/styles/structure.css" line: 188}]
07-09 15:28:46.346  5047  5063 E GeckoConsole: [JavaScript Warning: "Error in parsing value for 'display'.  Declaration dropped." {file: "http://www.pcworld.com/styles/structure.css" line: 189}]
07-09 15:28:46.346  5047  5063 E GeckoConsole: [JavaScript Warning: "Unknown property '-moz-border-radius-topright'.  Declaration dropped." {file: "http://www.pcworld.com/styles/structure.css" line: 193}]
07-09 15:28:46.346  5047  5063 E GeckoConsole: [JavaScript Warning: "Unknown property '-moz-border-radius-bottomright'.  Declaration dropped." {file: "http://www.pcworld.com/styles/structure.css" line: 193}]
07-09 15:28:46.346  5047  5063 E GeckoConsole: [JavaScript Warning: "Unknown property '-moz-border-radius-topleft'.  Declaration dropped." {file: "http://www.pcworld.com/styles/structure.css" line: 194}]
07-09 15:28:46.346  5047  5063 E GeckoConsole: [JavaScript Warning: "Unknown property '-moz-border-radius-bottomleft'.  Declaration dropped." {file: "http://www.pcworld.com/styles/structure.css" line: 194}]
07-09 15:28:46.346  5047  5063 E GeckoConsole: [JavaScript Warning: "Unknown property '-moz-box-shadow'.  Declaration dropped." {file: "http://www.pcworld.com/styles/structure.css" line: 220}]
07-09 15:28:46.350  5047  5063 E GeckoConsole: [JavaScript Warning: "Unknown property '-moz-border-radius-bottomright'.  Declaration dropped." {file: "http://www.pcworld.com/styles/structure.css" line: 308}]
07-09 15:28:46.350  5047  5063 E GeckoConsole: [JavaScript Warning: "Unknown property '-moz-border-radius-topright'.  Declaration dropped." {file: "http://www.pcworld.com/styles/structure.css" line: 308}]
07-09 15:28:46.354  5047  5063 E GeckoConsole: [JavaScript Warning: "Unknown property '-moz-border-radius-topleft'.  Declaration dropped." {file: "http://www.pcworld.com/styles/structure.css" line: 319}]
07-09 15:28:46.354  5047  5063 E GeckoConsole: [JavaScript Warning: "Unknown property '-moz-border-radius-topright'.  Declaration dropped." {file: "http://www.pcworld.com/styles/structure.css" line: 319}]
07-09 15:28:46.354  5047  5063 E GeckoConsole: [JavaScript Warning: "Unknown property '-moz-border-radius-topleft'.  Declaration dropped." {file: "http://www.pcworld.com/styles/structure.css" line: 324}]
07-09 15:28:46.354  5047  5063 E GeckoConsole: [JavaScript Warning: "Unknown property '-moz-border-radius-topright'.  Declaration dropped." {file: "http://www.pcworld.com/styles/structure.css" line: 324}]
07-09 15:28:46.354  5047  5063 E GeckoConsole: [JavaScript Warning: "Unknown property '-moz-border-radius'.  Declaration dropped." {file: "http://www.pcworld.com/styles/structure.css" line: 369}]
07-09 15:28:46.358  5047  5063 E GeckoConsole: [JavaScript Warning: "Unknown property '-moz-border-radius'.  Declaration dropped." {file: "http://www.pcworld.com/styles/structure.css" line: 370}]
07-09 15:28:46.358  5047  5063 E GeckoConsole: [JavaScript Warning: "Unknown property '-moz-border-radius'.  Declaration dropped." {file: "http://www.pcworld.com/styles/structure.css" line: 383}]
07-09 15:28:46.358  5047  5063 E GeckoConsole: [JavaScript Warning: "Unknown property '-moz-border-radius'.  Declaration dropped." {file: "http://www.pcworld.com/styles/structure.css" line: 384}]
07-09 15:28:46.358  5047  5063 E GeckoConsole: [JavaScript Warning: "Unknown property '-moz-border-radius'.  Declaration dropped." {file: "http://www.pcworld.com/styles/structure.css" line: 394}]
07-09 15:28:46.361  5047  5063 E GeckoConsole: [JavaScript Warning: "Unknown property '-moz-border-radius-topleft'.  Declaration dropped." {file: "http://www.pcworld.com/styles/structure.css" line: 480}]
07-09 15:28:46.361  5047  5063 E GeckoConsole: [JavaScript Warning: "Unknown property '-moz-border-radius-topright'.  Declaration dropped." {file: "http://www.pcworld.com/styles/structure.css" line: 480}]
07-09 15:28:46.373  5047  5063 E GeckoConsole: [JavaScript Warning: "Error in parsing value for 'line-height'.  Declaration dropped." {file: "http://www.pcworld.com/styles/structure.css" line: 838}]
07-09 15:28:46.373  5047  5063 E GeckoConsole: [JavaScript Warning: "Error in parsing value for 'line-height'.  Declaration dropped." {file: "http://www.pcworld.com/styles/structure.css" line: 853}]
07-09 15:28:46.377  5047  5063 E GeckoConsole: [JavaScript Warning: "Unknown property 'webkit-border-bottom-right-radius'.  Declaration dropped." {file: "http://www.pcworld.com/styles/structure.css" line: 988}]
07-09 15:28:46.377  5047  5063 E GeckoConsole: [JavaScript Warning: "Unknown property '-moz-border-radius-bottomright'.  Declaration dropped." {file: "http://www.pcworld.com/styles/structure.css" line: 988}]
07-09 15:28:46.377  5047  5063 E GeckoConsole: [JavaScript Warning: "Unknown property 'webkit-border-bottom-left-radius'.  Declaration dropped." {file: "http://www.pcworld.com/styles/structure.css" line: 988}]
07-09 15:28:46.377  5047  5063 E GeckoConsole: [JavaScript Warning: "Unknown property '-moz-border-radius-bottomleft'.  Declaration dropped." {file: "http://www.pcworld.com/styles/structure.css" line: 988}]
07-09 15:28:46.385  5047  5063 E GeckoConsole: [JavaScript Warning: "Unknown property '-moz-border-radius'.  Declaration dropped." {file: "http://www.pcworld.com/styles/content.css" line: 49}]
07-09 15:28:46.385  5047  5063 E GeckoConsole: [JavaScript Warning: "Unknown property '-moz-border-radius'.  Declaration dropped." {file: "http://www.pcworld.com/styles/content.css" line: 60}]
07-09 15:28:46.397  5047  5063 E GeckoConsole: [JavaScript Warning: "Error in parsing value for 'filter'.  Declaration dropped." {file: "http://www.pcworld.com/styles/content.css" line: 236}]
07-09 15:28:46.397  5047  5063 E GeckoConsole: [JavaScript Warning: "Unknown property 'zoom'.  Declaration dropped." {file: "http://www.pcworld.com/styles/content.css" line: 236}]
07-09 15:28:46.397  5047  5063 E GeckoConsole: [JavaScript Warning: "Error in parsing value for 'filter'.  Declaration dropped." {file: "http://www.pcworld.com/styles/content.css" line: 239}]
07-09 15:28:46.397  5047  5063 E GeckoConsole: [JavaScript Warning: "Unknown property 'zoom'.  Declaration dropped." {file: "http://www.pcworld.com/styles/content.css" line: 239}]
07-09 15:28:46.404  5047  5063 E GeckoConsole: [JavaScript Warning: "Unknown property '-moz-box-shadow'.  Declaration dropped." {file: "http://www.pcworld.com/styles/content.css" line: 334}]
07-09 15:28:46.412  5047  5063 E GeckoConsole: [JavaScript Warning: "Error in parsing value for 'font'.  Declaration dropped." {file: "http://www.pcworld.com/styles/content.css" line: 479}]
07-09 15:28:46.412  5047  5063 E GeckoConsole: [JavaScript Warning: "Expected end of value but found '0'.  Error in parsing value for 'padding-left'.  Declaration dropped." {file: "http://www.pcworld.com/styles/content.css" line: 485}]
07-09 15:28:46.412  5047  5063 E GeckoConsole: [JavaScript Warning: "Unknown property '-moz-border-radius'.  Declaration dropped." {file: "http://www.pcworld.com/styles/content.css" line: 503}]
07-09 15:28:46.416  5047  5063 E GeckoConsole: [JavaScript Warning: "Unknown property '-moz-border-radius'.  Declaration dropped." {file: "http://www.pcworld.com/styles/content.css" line: 543}]
07-09 15:28:46.416  5047  5063 E GeckoConsole: [JavaScript Warning: "Unknown property '-moz-border-radius'.  Declaration dropped." {file: "http://www.pcworld.com/styles/content.css" line: 544}]
07-09 15:28:46.424  5047  5063 E GeckoConsole: [JavaScript Warning: "Unknown property '-moz-border-radius'.  Declaration dropped." {file: "http://www.pcworld.com/styles/content.css" line: 815}]
07-09 15:28:46.424  5047  5063 E GeckoConsole: [JavaScript Warning: "Unknown property '-moz-border-radius'.  Declaration dropped." {file: "http://www.pcworld.com/styles/content.css" line: 826}]
07-09 15:28:46.424  5047  5063 E GeckoConsole: [JavaScript Warning: "Unknown property '-moz-border-radius'.  Declaration dropped." {file: "http://www.pcworld.com/styles/content.css" line: 829}]
07-09 15:28:46.428  5047  5063 E GeckoConsole: [JavaScript Warning: "Unknown property '-moz-box-shadow'.  Declaration dropped." {file: "http://www.pcworld.com/styles/content.css" line: 846}]
07-09 15:28:46.428  5047  5063 E GeckoConsole: [JavaScript Warning: "Unknown property '-moz-border-radius'.  Declaration dropped." {file: "http://www.pcworld.com/styles/content.css" line: 859}]
07-09 15:28:46.428  5047  5063 E GeckoConsole: [JavaScript Warning: "Unknown property '-moz-box-shadow'.  Declaration dropped." {file: "http://www.pcworld.com/styles/content.css" line: 876}]
07-09 15:28:46.432  5047  5063 E GeckoConsole: [JavaScript Warning: "Unknown property '-moz-box-shadow'.  Declaration dropped." {file: "http://www.pcworld.com/styles/content.css" line: 913}]
07-09 15:28:46.432  5047  5063 E GeckoConsole: [JavaScript Warning: "Unknown property 'zoom'.  Declaration dropped." {file: "http://www.pcworld.com/styles/content.css" line: 916}]
07-09 15:28:46.432  5047  5063 E GeckoConsole: [JavaScript Warning: "Expected declaration but found '*'.  Skipped to next declaration." {file: "http://www.pcworld.com/styles/content.css" line: 916}]
07-09 15:28:46.432  5047  5063 E GeckoConsole: [JavaScript Warning: "Unknown property '-moz-border-radius'.  Declaration dropped." {file: "http://www.pcworld.com/styles/content.css" line: 933}]
07-09 15:28:46.432  5047  5063 E GeckoConsole: [JavaScript Warning: "Unknown property '-moz-box-shadow'.  Declaration dropped." {file: "http://www.pcworld.com/styles/content.css" line: 934}]
07-09 15:28:46.432  5047  5063 E GeckoConsole: [JavaScript Warning: "Unknown property '-moz-box-shadow'.  Declaration dropped." {file: "http://www.pcworld.com/styles/content.css" line: 941}]
07-09 15:28:46.436  5047  5063 E GeckoConsole: [JavaScript Warning: "Unknown property '-moz-border-radius'.  Declaration dropped." {file: "http://www.pcworld.com/styles/content.css" line: 957}]
07-09 15:28:46.436  5047  5063 E GeckoConsole: [JavaScript Warning: "Unknown property '-moz-box-shadow'.  Declaration dropped." {file: "http://www.pcworld.com/styles/content.css" line: 958}]
07-09 15:28:46.436  5047  5063 E GeckoConsole: [JavaScript Warning: "Unknown property '-moz-border-radius'.  Declaration dropped." {file: "http://www.pcworld.com/styles/content.css" line: 960}]
07-09 15:28:46.436  5047  5063 E GeckoConsole: [JavaScript Warning: "Unknown property 'zoom'.  Declaration dropped." {file: "http://www.pcworld.com/styles/content.css" line: 963}]
07-09 15:28:46.436  5047  5063 E GeckoConsole: [JavaScript Warning: "Expected declaration but found '*'.  Skipped to next declaration." {file: "http://www.pcworld.com/styles/content.css" line: 963}]
07-09 15:28:46.436  5047  5063 E GeckoConsole: [JavaScript Warning: "Unknown property '-moz-border-radius'.  Declaration dropped." {file: "http://www.pcworld.com/styles/content.css" line: 964}]
07-09 15:28:46.436  5047  5063 E GeckoConsole: [JavaScript Warning: "Unknown property 'zoom'.  Declaration dropped." {file: "http://www.pcworld.com/styles/content.css" line: 964}]
07-09 15:28:46.436  5047  5063 E GeckoConsole: [JavaScript Warning: "Expected declaration but found '*'.  Skipped to next declaration." {file: "http://www.pcworld.com/styles/content.css" line: 964}]
07-09 15:28:46.436  5047  5063 E GeckoConsole: [JavaScript Warning: "Unknown property 'zoom'.  Declaration dropped." {file: "http://www.pcworld.com/styles/content.css" line: 965}]
07-09 15:28:46.436  5047  5063 E GeckoConsole: [JavaScript Warning: "Expected declaration but found '*'.  Skipped to next declaration." {file: "http://www.pcworld.com/styles/content.css" line: 965}]
07-09 15:28:46.436  5047  5063 E GeckoConsole: [JavaScript Warning: "Unknown property 'zoom'.  Declaration dropped." {file: "http://www.pcworld.com/styles/content.css" line: 968}]
07-09 15:28:46.436  5047  5063 E GeckoConsole: [JavaScript Warning: "Expected declaration but found '*'.  Skipped to next declaration." {file: "http://www.pcworld.com/styles/content.css" line: 968}]
07-09 15:28:46.436  5047  5063 E GeckoConsole: [JavaScript Warning: "Unknown property 'webkit-border-radius'.  Declaration dropped." {file: "http://www.pcworld.com/styles/content.css" line: 972}]
07-09 15:28:46.440  5047  5063 E GeckoConsole: [JavaScript Warning: "Unknown property '-moz-border-radius'.  Declaration dropped." {file: "http://www.pcworld.com/styles/content.css" line: 972}]
07-09 15:28:46.440  5047  5063 E GeckoConsole: [JavaScript Warning: "Unknown property 'zoom'.  Declaration dropped." {file: "http://www.pcworld.com/styles/content.css" line: 972}]
07-09 15:28:46.440  5047  5063 E GeckoConsole: [JavaScript Warning: "Expected declaration but found '*'.  Skipped to next declaration." {file: "http://www.pcworld.com/styles/content.css" line: 972}]
07-09 15:28:46.440  5047  5063 E GeckoConsole: [JavaScript Warning: "Unknown property '-moz-border-radius-bottomleft'.  Declaration dropped." {file: "http://www.pcworld.com/styles/content.css" line: 975}]
07-09 15:28:46.440  5047  5063 E GeckoConsole: [JavaScript Warning: "Unknown property '-moz-border-radius-bottomright'.  Declaration dropped." {file: "http://www.pcworld.com/styles/content.css" line: 975}]
07-09 15:28:46.440  5047  5063 E GeckoConsole: [JavaScript Warning: "Unknown property '-moz-box-shadow'.  Declaration dropped." {file: "http://www.pcworld.com/styles/content.css" line: 976}]
07-09 15:28:46.440  5047  5063 E GeckoConsole: [JavaScript Warning: "Unknown property 'zoom'.  Declaration dropped." {file: "http://www.pcworld.com/styles/content.css" line: 978}]
07-09 15:28:46.440  5047  5063 E GeckoConsole: [JavaScript Warning: "Expected declaration but found '*'.  Skipped to next declaration." {file: "http://www.pcworld.com/styles/content.css" line: 978}]
07-09 15:28:46.440  5047  5063 E GeckoConsole: [JavaScript Warning: "Unknown property 'zoom'.  Declaration dropped." {file: "http://www.pcworld.com/styles/content.css" line: 979}]
07-09 15:28:46.440  5047  5063 E GeckoConsole: [JavaScript Warning: "Expected declaration but found '*'.  Skipped to next declaration." {file: "http://www.pcworld.com/styles/content.css" line: 979}]
07-09 15:28:46.440  5047  5063 E GeckoConsole: [JavaScript Warning: "Unknown property 'zoom'.  Declaration dropped." {file: "http://www.pcworld.com/styles/content.css" line: 981}]
07-09 15:28:46.440  5047  5063 E GeckoConsole: [JavaScript Warning: "Expected declaration but found '*'.  Skipped to next declaration." {file: "http://www.pcworld.com/styles/content.css" line: 981}]
07-09 15:28:46.440  5047  5063 E GeckoConsole: [JavaScript Warning: "Unknown property 'zoom'.  Declaration dropped." {file: "http://www.pcworld.com/styles/content.css" line: 983}]
07-09 15:28:46.440  5047  5063 E GeckoConsole: [JavaScript Warning: "Expected declaration but found '*'.  Skipped to next declaration." {file: "http://www.pcworld.com/styles/content.css" line: 983}]
07-09 15:28:46.455  5047  5063 E GeckoConsole: [JavaScript Warning: "Unknown property '-moz-border-radius'.  Declaration dropped." {file: "http://www.pcworld.com/styles/adops.css" line: 47}]
07-09 15:28:46.459  5047  5063 E GeckoConsole: [JavaScript Warning: "Unknown property '-moz-border-radius-topleft'.  Declaration dropped." {file: "http://www.pcworld.com/styles/adops.css" line: 225}]
07-09 15:28:46.463  5047  5063 E GeckoConsole: [JavaScript Warning: "Unknown property '-moz-border-radius-topright'.  Declaration dropped." {file: "http://www.pcworld.com/styles/adops.css" line: 225}]
07-09 15:28:46.463  5047  5063 E GeckoConsole: [JavaScript Warning: "Unknown property '-moz-border-radius'.  Declaration dropped." {file: "http://www.pcworld.com/styles/adops.css" line: 246}]
07-09 15:28:46.467  5047  5063 E GeckoConsole: [JavaScript Warning: "Error in parsing value for 'cursor'.  Declaration dropped." {file: "http://www.pcworld.com/styles/adops.css" line: 434}]
07-09 15:28:46.471  5047  5063 E GeckoConsole: [JavaScript Warning: "Unknown property '-moz-border-radius'.  Declaration dropped." {file: "http://www.pcworld.com/styles/adops.css" line: 443}]
07-09 15:28:46.471  5047  5063 E GeckoConsole: [JavaScript Warning: "Unknown property '-moz-border-radius'.  Declaration dropped." {file: "http://www.pcworld.com/styles/adops.css" line: 444}]
07-09 15:28:46.471  5047  5063 E GeckoConsole: [JavaScript Warning: "Expected end of value but found 'auto'.  Error in parsing value for 'padding'.  Declaration dropped." {file: "http://www.pcworld.com/styles/adops.css" line: 448}]
07-09 15:28:46.479  5047  5063 E GeckoConsole: [JavaScript Warning: "Unknown property '-moz-border-radius'.  Declaration dropped." {file: "http://www.pcworld.com/styles/article.css" line: 36}]
07-09 15:28:46.479  5047  5063 E GeckoConsole: [JavaScript Warning: "Unknown property '-moz-box-shadow'.  Declaration dropped." {file: "http://www.pcworld.com/styles/article.css" line: 36}]
07-09 15:28:46.479  5047  5063 E GeckoConsole: [JavaScript Warning: "Error in parsing value for 'margin'.  Declaration dropped." {file: "http://www.pcworld.com/styles/article.css" line: 51}]
07-09 15:28:46.486  5047  5063 E GeckoConsole: [JavaScript Warning: "Error in parsing value for 'filter'.  Declaration dropped." {file: "http://www.pcworld.com/styles/article.css" line: 170}]
07-09 15:28:46.486  5047  5063 E GeckoConsole: [JavaScript Warning: "Unknown property 'zoom'.  Declaration dropped." {file: "http://www.pcworld.com/styles/article.css" line: 170}]
07-09 15:28:46.486  5047  5063 E GeckoConsole: [JavaScript Warning: "Error in parsing value for 'filter'.  Declaration dropped." {file: "http://www.pcworld.com/styles/article.css" line: 175}]
07-09 15:28:46.486  5047  5063 E GeckoConsole: [JavaScript Warning: "Unknown property 'zoom'.  Declaration dropped." {file: "http://www.pcworld.com/styles/article.css" line: 175}]
07-09 15:28:46.494  5047  5063 E GeckoConsole: [JavaScript Warning: "Unknown property '-moz-box-shadow'.  Declaration dropped." {file: "http://www.pcworld.com/styles/article.css" line: 220}]
07-09 15:28:46.494  5047  5063 E GeckoConsole: [JavaScript Warning: "Unknown property '-moz-border-radius-bottomleft'.  Declaration dropped." {file: "http://www.pcworld.com/styles/article.css" line: 220}]
07-09 15:28:46.494  5047  5063 E GeckoConsole: [JavaScript Warning: "Unknown property '-moz-border-radius-bottomright'.  Declaration dropped." {file: "http://www.pcworld.com/styles/article.css" line: 220}]
07-09 15:28:46.494  5047  5063 E GeckoConsole: [JavaScript Warning: "Unknown property '-moz-border-radius'.  Declaration dropped." {file: "http://www.pcworld.com/styles/article.css" line: 225}]
07-09 15:28:46.494  5047  5063 E GeckoConsole: [JavaScript Warning: "Unknown property '-moz-box-shadow'.  Declaration dropped." {file: "http://www.pcworld.com/styles/article.css" line: 232}]
07-09 15:28:46.498  5047  5063 E GeckoConsole: [JavaScript Warning: "Error in parsing value for 'padding-bottom'.  Declaration dropped." {file: "http://www.pcworld.com/styles/article.css" line: 293}]
07-09 15:28:46.498  5047  5063 E GeckoConsole: [JavaScript Warning: "Unknown property '-moz-border-radius-bottomleft'.  Declaration dropped." {file: "http://www.pcworld.com/styles/article.css" line: 343}]
07-09 15:28:46.498  5047  5063 E GeckoConsole: [JavaScript Warning: "Unknown property '-moz-border-radius-bottomright'.  Declaration dropped." {file: "http://www.pcworld.com/styles/article.css" line: 344}]
07-09 15:28:46.498  5047  5063 E GeckoConsole: [JavaScript Warning: "Unknown property '-moz-box-shadow'.  Declaration dropped." {file: "http://www.pcworld.com/styles/article.css" line: 345}]
07-09 15:28:46.502  5047  5063 E GeckoConsole: [JavaScript Warning: "Expected declaration but found '0'.  Skipped to next declaration." {file: "http://www.pcworld.com/styles/article.css" line: 405}]
07-09 15:28:46.502  5047  5063 E GeckoConsole: [JavaScript Warning: "Unknown property '-moz-border-radius-topleft'.  Declaration dropped." {file: "http://www.pcworld.com/styles/article.css" line: 440}]
07-09 15:28:46.502  5047  5063 E GeckoConsole: [JavaScript Warning: "Unknown property '-moz-border-radius-bottomleft'.  Declaration dropped." {file: "http://www.pcworld.com/styles/article.css" line: 440}]
07-09 15:28:46.506  5047  5063 E GeckoConsole: [JavaScript Warning: "Unknown property '-moz-box-shadow'.  Declaration dropped." {file: "http://www.pcworld.com/styles/article.css" line: 478}]
07-09 15:28:46.506  5047  5063 E GeckoConsole: [JavaScript Warning: "Unknown property '-moz-box-shadow'.  Declaration dropped." {file: "http://www.pcworld.com/styles/article.css" line: 485}]
07-09 15:28:46.506  5047  5063 E GeckoConsole: [JavaScript Warning: "Unknown property 'zoom'.  Declaration dropped." {file: "http://www.pcworld.com/styles/article.css" line: 505}]
07-09 15:28:46.506  5047  5063 E GeckoConsole: [JavaScript Warning: "Expected declaration but found '*'.  Skipped to next declaration." {file: "http://www.pcworld.com/styles/article.css" line: 505}]
07-09 15:28:46.506  5047  5063 E GeckoConsole: [JavaScript Warning: "Unknown property 'zoom'.  Declaration dropped." {file: "http://www.pcworld.com/styles/article.css" line: 516}]
07-09 15:28:46.506  5047  5063 E GeckoConsole: [JavaScript Warning: "Expected declaration but found '*'.  Skipped to next declaration." {file: "http://www.pcworld.com/styles/article.css" line: 516}]
07-09 15:28:46.736  5047  5063 I GeckoApp: Got message: DOMLinkAdded
07-09 15:28:46.736  5047  5063 I GeckoApp: link rel - [publisher], href - https://plus.google.com/110047318887201790750
07-09 15:28:47.131  5047  5063 I GeckoApp: Got message: Tab:ViewportMetadata
07-09 15:28:47.143  5047  5080 I GeckoAppShell: Taking whole-screen screenshot, viewport: ImmutableViewportMetrics v=(0.0,0.0,480.0,690.0) p=(0.0,0.0,480.0,690.0) c=(0.0,0.0,980.0,1408.75) z=0.4897959
07-09 15:28:47.143  5047  5047 D GeckoPanZoomController: generating valid viewport using v=RectF(0.0, 0.0, 480.0, 690.0) p=RectF(0.0, 0.0, 480.0, 690.0) c=RectF(0.0, 0.0, 980.0, 1408.75) z=0.4897959
07-09 15:28:47.143  5047  5047 D GeckoPanZoomController: generated valid viewport as v=RectF(0.0, 0.0, 480.0, 690.0) p=RectF(0.0, 0.0, 480.0, 690.0) c=RectF(0.0, 0.0, 980.0, 1408.75) z=0.4897959
07-09 15:28:47.194  5047  5061 D dalvikvm: GC_FOR_ALLOC freed 2215K, 29% free 11115K/15623K, paused 25ms
07-09 15:28:47.194  5047  5061 I dalvikvm-heap: Grow heap (frag case) to 12.923MB for 2097168-byte allocation
07-09 15:28:47.229  5047  5047 D dalvikvm: GC_FOR_ALLOC freed 10K, 16% free 13152K/15623K, paused 23ms
07-09 15:28:47.276  5047  5050 D dalvikvm: GC_CONCURRENT freed <1K, 16% free 13152K/15623K, paused 3ms+6ms
07-09 15:28:47.690  5047  5080 I Gecko   : Compositor: Composite took 45 ms.
07-09 15:28:47.838  5047  5080 I Gecko   : Compositor: Composite took 38 ms.
07-09 15:28:47.842   144   156 I ActivityManager: Process android.process.acore (pid 5212) has died.
07-09 15:28:48.131  5047  5063 E GeckoConsole: [JavaScript Warning: "Unknown property '-moz-border-radius'.  Declaration dropped." {file: "http://www.pcworld.com/article/258967/samsung_tablets_not_cool_enough_to_infringe_apple_design_says_uk_judge.html" line: 6}]
07-09 15:28:48.131  5047  5063 E GeckoConsole: [JavaScript Warning: "Error in parsing value for 'top'.  Declaration dropped." {file: "http://www.pcworld.com/article/258967/samsung_tablets_not_cool_enough_to_infringe_apple_design_says_uk_judge.html" line: 8}]
07-09 15:28:48.131  5047  5063 E GeckoConsole: [JavaScript Warning: "Error in parsing value for 'right'.  Declaration dropped." {file: "http://www.pcworld.com/article/258967/samsung_tablets_not_cool_enough_to_infringe_apple_design_says_uk_judge.html" line: 8}]
07-09 15:28:48.131  5047  5063 E GeckoConsole: [JavaScript Warning: "Error in parsing value for 'filter'.  Declaration dropped." {file: "http://www.pcworld.com/article/258967/samsung_tablets_not_cool_enough_to_infringe_apple_design_says_uk_judge.html" line: 25}]
07-09 15:28:48.135  5047  5063 E GeckoConsole: [JavaScript Warning: "Error in parsing value for 'background'.  Declaration dropped." {file: "http://www.pcworld.com/article/258967/samsung_tablets_not_cool_enough_to_infringe_apple_design_says_uk_judge.html" line: 46}]
07-09 15:28:48.135  5047  5063 E GeckoConsole: [JavaScript Warning: "Error in parsing value for 'background'.  Declaration dropped." {file: "http://www.pcworld.com/article/258967/samsung_tablets_not_cool_enough_to_infringe_apple_design_says_uk_judge.html" line: 53}]
07-09 15:28:48.135  5047  5063 E GeckoConsole: [JavaScript Warning: "Error in parsing value for 'display'.  Declaration dropped." {file: "http://www.pcworld.com/article/258967/samsung_tablets_not_cool_enough_to_infringe_apple_design_says_uk_judge.html" line: 63}]
07-09 15:28:48.139  5047  5063 E GeckoConsole: [JavaScript Warning: "Unknown property 'zoom'.  Declaration dropped." {file: "http://www.pcworld.com/article/258967/samsung_tablets_not_cool_enough_to_infringe_apple_design_says_uk_judge.html" line: 70}]
07-09 15:28:48.147  5047  5063 E GeckoConsole: [JavaScript Warning: "Error in parsing value for 'top'.  Declaration dropped." {file: "http://www.pcworld.com/article/258967/samsung_tablets_not_cool_enough_to_infringe_apple_design_says_uk_judge.html" line: 144}]
07-09 15:28:48.147  5047  5063 E GeckoConsole: [JavaScript Warning: "Expected declaration but found '*'.  Skipped to next declaration." {file: "http://www.pcworld.com/article/258967/samsung_tablets_not_cool_enough_to_infringe_apple_design_says_uk_judge.html" line: 152}]
07-09 15:28:48.526  5047  5063 E GeckoConsole: [JavaScript Warning: "Unknown property 'z-zindex'.  Declaration dropped." {file: "http://www.pcworld.com/article/258967/samsung_tablets_not_cool_enough_to_infringe_apple_design_says_uk_judge.html" line: 0}]
07-09 15:28:49.057  5047  5047 D GeckoPanZoomController: generating valid viewport using v=RectF(0.0, 0.0, 480.0, 690.0) p=RectF(0.0, 0.0, 522.0, 2939.0) c=RectF(0.0, 0.0, 1065.0, 5999.75) z=0.4897959
07-09 15:28:49.057  5047  5047 D GeckoPanZoomController: generated valid viewport as v=RectF(0.0, 0.0, 480.0, 690.0) p=RectF(0.0, 0.0, 522.0, 2939.0) c=RectF(0.0, 0.0, 1065.0, 5999.75) z=0.4897959
07-09 15:28:49.147  5047  5080 I Gecko   : Compositor: Composite took 90 ms.
07-09 15:28:49.877  5047  5063 E GeckoConsole: [JavaScript Warning: "Unknown property '-moz-border-radius'.  Declaration dropped." {file: "http://www.pcworld.com/article/258967/samsung_tablets_not_cool_enough_to_infringe_apple_design_says_uk_judge.html" line: 1}]
07-09 15:28:49.877  5047  5063 E GeckoConsole: [JavaScript Warning: "Expected declaration but found '*'.  Skipped to next declaration." {file: "http://www.pcworld.com/article/258967/samsung_tablets_not_cool_enough_to_infringe_apple_design_says_uk_judge.html" line: 1}]
07-09 15:28:49.881  5047  5063 E GeckoConsole: [JavaScript Warning: "Unknown property 'zoom'.  Declaration dropped." {file: "http://www.pcworld.com/article/258967/samsung_tablets_not_cool_enough_to_infringe_apple_design_says_uk_judge.html" line: 1}]
07-09 15:28:49.881  5047  5063 E GeckoConsole: [JavaScript Warning: "Expected declaration but found '*'.  Skipped to next declaration." {file: "http://www.pcworld.com/article/258967/samsung_tablets_not_cool_enough_to_infringe_apple_design_says_uk_judge.html" line: 1}]
07-09 15:28:49.881  5047  5063 E GeckoConsole: [JavaScript Warning: "Unknown property 'zoom'.  Declaration dropped." {file: "http://www.pcworld.com/article/258967/samsung_tablets_not_cool_enough_to_infringe_apple_design_says_uk_judge.html" line: 1}]
07-09 15:28:49.881  5047  5063 E GeckoConsole: [JavaScript Warning: "Expected declaration but found '*'.  Skipped to next declaration." {file: "http://www.pcworld.com/article/258967/samsung_tablets_not_cool_enough_to_infringe_apple_design_says_uk_judge.html" line: 1}]
07-09 15:28:49.881  5047  5063 E GeckoConsole: [JavaScript Warning: "Unknown property 'zoom'.  Declaration dropped." {file: "http://www.pcworld.com/article/258967/samsung_tablets_not_cool_enough_to_infringe_apple_design_says_uk_judge.html" line: 1}]
07-09 15:28:49.885  5047  5063 E GeckoConsole: [JavaScript Warning: "Expected declaration but found '*'.  Skipped to next declaration." {file: "http://www.pcworld.com/article/258967/samsung_tablets_not_cool_enough_to_infringe_apple_design_says_uk_judge.html" line: 1}]
07-09 15:28:49.885  5047  5063 E GeckoConsole: [JavaScript Warning: "Unknown property 'zoom'.  Declaration dropped." {file: "http://www.pcworld.com/article/258967/samsung_tablets_not_cool_enough_to_infringe_apple_design_says_uk_judge.html" line: 1}]
07-09 15:28:49.885  5047  5063 E GeckoConsole: [JavaScript Warning: "Error in parsing value for 'filter'.  Declaration dropped." {file: "http://www.pcworld.com/article/258967/samsung_tablets_not_cool_enough_to_infringe_apple_design_says_uk_judge.html" line: 1}]
07-09 15:28:49.885  5047  5063 E GeckoConsole: [JavaScript Warning: "Error in parsing value for 'background'.  Declaration dropped." {file: "http://www.pcworld.com/article/258967/samsung_tablets_not_cool_enough_to_infringe_apple_design_says_uk_judge.html" line: 1}]
07-09 15:28:49.885  5047  5063 E GeckoConsole: [JavaScript Warning: "Error in parsing value for 'filter'.  Declaration dropped." {file: "http://www.pcworld.com/article/258967/samsung_tablets_not_cool_enough_to_infringe_apple_design_says_uk_judge.html" line: 1}]
07-09 15:28:49.885  5047  5063 E GeckoConsole: [JavaScript Warning: "Error in parsing value for 'background'.  Declaration dropped." {file: "http://www.pcworld.com/article/258967/samsung_tablets_not_cool_enough_to_infringe_apple_design_says_uk_judge.html" line: 1}]
07-09 15:28:49.885  5047  5063 E GeckoConsole: [JavaScript Warning: "Expected ':' but found '='.  Declaration dropped." {file: "http://www.pcworld.com/article/258967/samsung_tablets_not_cool_enough_to_infringe_apple_design_says_uk_judge.html" line: 1}]
07-09 15:28:49.885  5047  5063 E GeckoConsole: [JavaScript Warning: "Unknown property 'zoom'.  Declaration dropped." {file: "http://www.pcworld.com/article/258967/samsung_tablets_not_cool_enough_to_infringe_apple_design_says_uk_judge.html" line: 1}]
07-09 15:28:49.885  5047  5063 E GeckoConsole: [JavaScript Warning: "Expected declaration but found '*'.  Skipped to next declaration." {file: "http://www.pcworld.com/article/258967/samsung_tablets_not_cool_enough_to_infringe_apple_design_says_uk_judge.html" line: 1}]
07-09 15:28:49.885  5047  5063 E GeckoConsole: [JavaScript Warning: "Unknown property 'zoom'.  Declaration dropped." {file: "http://www.pcworld.com/article/258967/samsung_tablets_not_cool_enough_to_infringe_apple_design_says_uk_judge.html" line: 1}]
07-09 15:28:50.135  5047  5063 E GeckoConsole: [JavaScript Warning: "Unknown property '-moz-border-radius'.  Declaration dropped." {file: "http://www.pcworld.com/article/258967/samsung_tablets_not_cool_enough_to_infringe_apple_design_says_uk_judge.html" line: 1}]
07-09 15:28:50.135  5047  5063 E GeckoConsole: [JavaScript Warning: "Unknown property 'zoom'.  Declaration dropped." {file: "http://www.pcworld.com/article/258967/samsung_tablets_not_cool_enough_to_infringe_apple_design_says_uk_judge.html" line: 1}]
07-09 15:28:50.135  5047  5063 E GeckoConsole: [JavaScript Warning: "Unknown property 'zoom'.  Declaration dropped." {file: "http://www.pcworld.com/article/258967/samsung_tablets_not_cool_enough_to_infringe_apple_design_says_uk_judge.html" line: 1}]
07-09 15:28:50.139  5047  5063 E GeckoConsole: [JavaScript Warning: "Unknown property 'zoom'.  Declaration dropped." {file: "http://www.pcworld.com/article/258967/samsung_tablets_not_cool_enough_to_infringe_apple_design_says_uk_judge.html" line: 1}]
07-09 15:28:50.139  5047  5063 E GeckoConsole: [JavaScript Warning: "Unknown property 'zoom'.  Declaration dropped." {file: "http://www.pcworld.com/article/258967/samsung_tablets_not_cool_enough_to_infringe_apple_design_says_uk_judge.html" line: 1}]
07-09 15:28:50.139  5047  5063 E GeckoConsole: [JavaScript Warning: "Error in parsing value for 'filter'.  Declaration dropped." {file: "http://www.pcworld.com/article/258967/samsung_tablets_not_cool_enough_to_infringe_apple_design_says_uk_judge.html" line: 1}]
07-09 15:28:50.139  5047  5063 E GeckoConsole: [JavaScript Warning: "Error in parsing value for 'background'.  Declaration dropped." {file: "http://www.pcworld.com/article/258967/samsung_tablets_not_cool_enough_to_infringe_apple_design_says_uk_judge.html" line: 1}]
07-09 15:28:50.139  5047  5063 E GeckoConsole: [JavaScript Warning: "Error in parsing value for 'filter'.  Declaration dropped." {file: "http://www.pcworld.com/article/258967/samsung_tablets_not_cool_enough_to_infringe_apple_design_says_uk_judge.html" line: 1}]
07-09 15:28:50.139  5047  5063 E GeckoConsole: [JavaScript Warning: "Error in parsing value for 'background'.  Declaration dropped." {file: "http://www.pcworld.com/article/258967/samsung_tablets_not_cool_enough_to_infringe_apple_design_says_uk_judge.html" line: 1}]
07-09 15:28:50.283  5047  5063 E GeckoConsole: [JavaScript Warning: "Unknown property 'zoom'.  Declaration dropped." {file: "http://www.pcworld.com/article/258967/samsung_tablets_not_cool_enough_to_infringe_apple_design_says_uk_judge.html" line: 0}]
07-09 15:28:50.283  5047  5063 E GeckoConsole: [JavaScript Warning: "Unknown property 'zoom'.  Declaration dropped." {file: "http://www.pcworld.com/article/258967/samsung_tablets_not_cool_enough_to_infringe_apple_design_says_uk_judge.html" line: 0}]
07-09 15:28:50.283  5047  5063 E GeckoConsole: [JavaScript Warning: "Unknown property 'zoom'.  Declaration dropped." {file: "http://www.pcworld.com/article/258967/samsung_tablets_not_cool_enough_to_infringe_apple_design_says_uk_judge.html" line: 0}]
07-09 15:28:50.283  5047  5063 E GeckoConsole: [JavaScript Warning: "Unknown property 'zoom'.  Declaration dropped." {file: "http://www.pcworld.com/article/258967/samsung_tablets_not_cool_enough_to_infringe_apple_design_says_uk_judge.html" line: 0}]
07-09 15:28:50.283  5047  5063 E GeckoConsole: [JavaScript Warning: "Unknown property 'zoom'.  Declaration dropped." {file: "http://www.pcworld.com/article/258967/samsung_tablets_not_cool_enough_to_infringe_apple_design_says_uk_judge.html" line: 0}]
07-09 15:28:50.283  5047  5063 E GeckoConsole: [JavaScript Warning: "Unknown property 'zoom'.  Declaration dropped." {file: "http://www.pcworld.com/article/258967/samsung_tablets_not_cool_enough_to_infringe_apple_design_says_uk_judge.html" line: 0}]
07-09 15:28:50.283  5047  5063 E GeckoConsole: [JavaScript Warning: "Unknown property 'zoom'.  Declaration dropped." {file: "http://www.pcworld.com/article/258967/samsung_tablets_not_cool_enough_to_infringe_apple_design_says_uk_judge.html" line: 0}]
07-09 15:28:50.287  5047  5063 E GeckoConsole: [JavaScript Warning: "Unknown property 'zoom'.  Declaration dropped." {file: "http://www.pcworld.com/article/258967/samsung_tablets_not_cool_enough_to_infringe_apple_design_says_uk_judge.html" line: 0}]
07-09 15:28:50.287  5047  5063 E GeckoConsole: [JavaScript Warning: "Unknown property 'zoom'.  Declaration dropped." {file: "http://www.pcworld.com/article/258967/samsung_tablets_not_cool_enough_to_infringe_apple_design_says_uk_judge.html" line: 0}]
07-09 15:28:50.287  5047  5063 E GeckoConsole: [JavaScript Warning: "Unknown property 'zoom'.  Declaration dropped." {file: "http://www.pcworld.com/article/258967/samsung_tablets_not_cool_enough_to_infringe_apple_design_says_uk_judge.html" line: 0}]
07-09 15:28:50.287  5047  5063 E GeckoConsole: [JavaScript Warning: "Unknown property 'zoom'.  Declaration dropped." {file: "http://www.pcworld.com/article/258967/samsung_tablets_not_cool_enough_to_infringe_apple_design_says_uk_judge.html" line: 0}]
07-09 15:28:50.377  5047  5063 E GeckoConsole: [JavaScript Warning: "Unknown property 'zoom'.  Declaration dropped." {file: "http://www.pcworld.com/article/258967/samsung_tablets_not_cool_enough_to_infringe_apple_design_says_uk_judge.html" line: 0}]
07-09 15:28:50.377  5047  5063 E GeckoConsole: [JavaScript Warning: "Unknown property 'zoom'.  Declaration dropped." {file: "http://www.pcworld.com/article/258967/samsung_tablets_not_cool_enough_to_infringe_apple_design_says_uk_judge.html" line: 0}]
07-09 15:28:50.377  5047  5063 E GeckoConsole: [JavaScript Warning: "Unknown property 'zoom'.  Declaration dropped." {file: "http://www.pcworld.com/article/258967/samsung_tablets_not_cool_enough_to_infringe_apple_design_says_uk_judge.html" line: 0}]
07-09 15:28:50.377  5047  5063 E GeckoConsole: [JavaScript Warning: "Unknown property 'zoom'.  Declaration dropped." {file: "http://www.pcworld.com/article/258967/samsung_tablets_not_cool_enough_to_infringe_apple_design_says_uk_judge.html" line: 0}]
07-09 15:28:50.377  5047  5063 E GeckoConsole: [JavaScript Warning: "Unknown property 'zoom'.  Declaration dropped." {file: "http://www.pcworld.com/article/258967/samsung_tablets_not_cool_enough_to_infringe_apple_design_says_uk_judge.html" line: 0}]
07-09 15:28:50.377  5047  5063 E GeckoConsole: [JavaScript Warning: "Unknown property 'zoom'.  Declaration dropped." {file: "http://www.pcworld.com/article/258967/samsung_tablets_not_cool_enough_to_infringe_apple_design_says_uk_judge.html" line: 0}]
07-09 15:28:50.377  5047  5063 E GeckoConsole: [JavaScript Warning: "Unknown property 'zoom'.  Declaration dropped." {file: "http://www.pcworld.com/article/258967/samsung_tablets_not_cool_enough_to_infringe_apple_design_says_uk_judge.html" line: 0}]
07-09 15:28:50.381  5047  5063 E GeckoConsole: [JavaScript Warning: "Unknown property 'zoom'.  Declaration dropped." {file: "http://www.pcworld.com/article/258967/samsung_tablets_not_cool_enough_to_infringe_apple_design_says_uk_judge.html" line: 0}]
07-09 15:28:50.381  5047  5063 E GeckoConsole: [JavaScript Warning: "Unknown property 'zoom'.  Declaration dropped." {file: "http://www.pcworld.com/article/258967/samsung_tablets_not_cool_enough_to_infringe_apple_design_says_uk_judge.html" line: 0}]
07-09 15:28:50.381  5047  5063 E GeckoConsole: [JavaScript Warning: "Unknown property 'zoom'.  Declaration dropped." {file: "http://www.pcworld.com/article/258967/samsung_tablets_not_cool_enough_to_infringe_apple_design_says_uk_judge.html" line: 0}]
07-09 15:28:50.381  5047  5063 E GeckoConsole: [JavaScript Warning: "Unknown property 'zoom'.  Declaration dropped." {file: "http://www.pcworld.com/article/258967/samsung_tablets_not_cool_enough_to_infringe_apple_design_says_uk_judge.html" line: 0}]
07-09 15:28:50.447  5047  5063 E GeckoConsole: [JavaScript Warning: "Use of attributes' nodeValue attribute is deprecated. Use value instead." {file: "http://cdn.gigya.com/js/gigya.services.socialize.plugins.min.js" line: 66}]
07-09 15:28:50.451  5047  5063 E GeckoConsole: [JavaScript Warning: "Use of attributes' nodeValue attribute is deprecated. Use value instead." {file: "http://cdn.gigya.com/js/gigya.services.socialize.plugins.min.js" line: 66}]
07-09 15:28:50.455  5047  5063 E GeckoConsole: [JavaScript Warning: "Use of attributes' nodeValue attribute is deprecated. Use value instead." {file: "http://cdn.gigya.com/js/gigya.services.socialize.plugins.min.js" line: 66}]
07-09 15:28:50.686  5047  5063 E GeckoConsole: [JavaScript Warning: "Unknown property 'zoom'.  Declaration dropped." {file: "http://www.pcworld.com/article/258967/samsung_tablets_not_cool_enough_to_infringe_apple_design_says_uk_judge.html" line: 0}]
07-09 15:28:50.690  5047  5063 E GeckoConsole: [JavaScript Warning: "Unknown property 'zoom'.  Declaration dropped." {file: "http://www.pcworld.com/article/258967/samsung_tablets_not_cool_enough_to_infringe_apple_design_says_uk_judge.html" line: 0}]
07-09 15:28:50.690  5047  5063 E GeckoConsole: [JavaScript Warning: "Unknown property 'zoom'.  Declaration dropped." {file: "http://www.pcworld.com/article/258967/samsung_tablets_not_cool_enough_to_infringe_apple_design_says_uk_judge.html" line: 0}]
07-09 15:28:50.690  5047  5063 E GeckoConsole: [JavaScript Warning: "Unknown property 'zoom'.  Declaration dropped." {file: "http://www.pcworld.com/article/258967/samsung_tablets_not_cool_enough_to_infringe_apple_design_says_uk_judge.html" line: 0}]
07-09 15:28:50.748  5047  5063 E GeckoConsole: [JavaScript Warning: "Use of attributes' nodeValue attribute is deprecated. Use value instead." {file: "http://cdn.gigya.com/js/gigya.services.socialize.plugins.min.js" line: 66}]
07-09 15:28:50.748  5047  5063 E GeckoConsole: [JavaScript Warning: "Use of attributes' nodeValue attribute is deprecated. Use value instead." {file: "http://cdn.gigya.com/js/gigya.services.socialize.plugins.min.js" line: 66}]
