07-07 15:46:44.031   936   939 D dalvikvm: GC_CONCURRENT freed 247K, 3% free 13061K/13383K, paused 1ms+3ms
07-07 15:46:44.148   936   936 D dalvikvm: Trying to load lib /data/data/com.google.android.apps.plus/lib/libgcomm_jni.so 0x41303fa0
07-07 15:46:44.523   936   936 D dalvikvm: Added shared lib /data/data/com.google.android.apps.plus/lib/libgcomm_jni.so 0x41303fa0
07-07 15:46:44.523   936   936 V gcomm_native: [static void util::JniHelper::SetJavaVm(JavaVM*) jni_helper.cpp(15) 400e3488] JavaVM 0x26e3e0
07-07 15:46:44.523   936   936 V gcomm_native: [jint JNI_OnLoad(JavaVM*, void*) jni_helper.cpp(97) 400e3488] JNI_OnLoad
07-07 15:46:44.523   936   936 I gcomm_native: [jboolean Java_com_google_android_apps_plus_hangout_GCommNativeWrapper_nativeStaticInitialize(JNIEnv*, _jclass*, _jobject*, _jstring*, _jstring*, _jstring*, jboolean, _jstring*, _jstring*) gcomm_native_wrapper.cpp(972) 400e3488] GComm Static Native initializing
07-07 15:46:46.816   145   145 D dalvikvm: GC_EXPLICIT freed 829K, 19% free 17208K/20999K, paused 11ms+8ms
07-07 15:46:59.679   145   174 I ActivityManager: Start proc com.twitter.android for service com.twitter.android/.client.AppService: pid=979 uid=10064 gids={3003, 1015}
07-07 15:46:59.699   979   979 I dalvikvm: Turning on JNI app bug workarounds for target SDK version 11...
07-07 15:46:59.836   979   979 I ActivityThread: Pub com.twitter.android.provider.GlobalDatabaseProvider: com.twitter.android.provider.GlobalDatabaseProvider
07-07 15:46:59.847   979   979 I ActivityThread: Pub com.twitter.android.provider.TwitterProvider: com.twitter.android.provider.TwitterProvider
07-07 15:47:01.050   979   982 D dalvikvm: GC_CONCURRENT freed 206K, 3% free 9262K/9543K, paused 13ms+3ms
07-07 15:47:01.097   145   913 I ActivityManager: Process com.android.sprintmenu (pid 32680) has died.
07-07 15:47:01.097   145   913 W ActivityManager: Scheduling restart of crashed service com.android.sprintmenu/.HiddenPhoneService in 5000ms
07-07 15:47:01.465   979   982 D dalvikvm: GC_CONCURRENT freed 174K, 4% free 9492K/9799K, paused 2ms+2ms
07-07 15:47:01.605   979   982 D dalvikvm: GC_CONCURRENT freed 298K, 5% free 9623K/10055K, paused 2ms+1ms
07-07 15:47:01.734   979   982 D dalvikvm: GC_CONCURRENT freed 312K, 5% free 9759K/10183K, paused 1ms+1ms
07-07 15:47:01.859   979   982 D dalvikvm: GC_CONCURRENT freed 297K, 5% free 9882K/10311K, paused 2ms+2ms
07-07 15:47:01.976   979   982 D dalvikvm: GC_CONCURRENT freed 307K, 5% free 10015K/10439K, paused 2ms+2ms
07-07 15:47:02.093   979   982 D dalvikvm: GC_CONCURRENT freed 296K, 4% free 10154K/10567K, paused 1ms+2ms
07-07 15:47:02.222   979   982 D dalvikvm: GC_CONCURRENT freed 310K, 4% free 10276K/10695K, paused 2ms+2ms
07-07 15:47:02.394   979   982 D dalvikvm: GC_CONCURRENT freed 479K, 6% free 10218K/10823K, paused 1ms+3ms
07-07 15:47:02.515   979   982 D dalvikvm: GC_CONCURRENT freed 325K, 5% free 10292K/10823K, paused 2ms+2ms
07-07 15:47:02.648   979   982 D dalvikvm: GC_CONCURRENT freed 320K, 5% free 10381K/10823K, paused 3ms+2ms
07-07 15:47:02.765   979   982 D dalvikvm: GC_CONCURRENT freed 370K, 5% free 10469K/10951K, paused 1ms+1ms
07-07 15:47:02.882   979   982 D dalvikvm: GC_CONCURRENT freed 353K, 5% free 10553K/11015K, paused 1ms+2ms
07-07 15:47:03.004   979   982 D dalvikvm: GC_CONCURRENT freed 333K, 5% free 10635K/11079K, paused 2ms+3ms
07-07 15:47:03.129   979   982 D dalvikvm: GC_CONCURRENT freed 366K, 5% free 10721K/11207K, paused 1ms+2ms
07-07 15:47:03.254   979   982 D dalvikvm: GC_CONCURRENT freed 406K, 5% free 10817K/11335K, paused 1ms+2ms
07-07 15:47:03.285   145   394 I ActivityManager: Process android.process.acore (pid 817) has died.
07-07 15:47:03.297   145  1185 D CountryDetector: No listener is left
07-07 15:47:04.136   979   982 D dalvikvm: GC_CONCURRENT freed 340K, 5% free 11000K/11463K, paused 2ms+2ms
07-07 15:47:06.062   979   982 D dalvikvm: GC_CONCURRENT freed 459K, 6% free 11123K/11719K, paused 2ms+2ms
07-07 15:47:06.105   145   162 I ActivityManager: Start proc com.android.sprintmenu for service com.android.sprintmenu/.HiddenPhoneService: pid=997 uid=1001 gids={3002, 3001, 3003, 1015}
07-07 15:47:28.836   554   555 D dalvikvm: GC_CONCURRENT freed 409K, 8% free 10115K/10951K, paused 7ms+3ms
07-07 15:48:28.757 32764 32767 D dalvikvm: GC_CONCURRENT freed 509K, 9% free 10545K/11527K, paused 1ms+2ms
07-07 15:48:29.062   554   555 D dalvikvm: GC_CONCURRENT freed 338K, 7% free 10205K/10951K, paused 13ms+2ms
07-07 15:48:29.218   554   555 D dalvikvm: GC_CONCURRENT freed 267K, 6% free 10343K/10951K, paused 1ms+2ms
07-07 15:48:35.140   435   456 I PhoneLab-: Service Running
07-07 15:48:35.273   435   456 I PhoneLab-LoggerService: app_37    1466  1     1436   996   c00f181c 400107b4 S logcat
07-07 15:48:35.273   435   456 I PhoneLab-LoggerService: Logcat pid from database 1466
07-07 15:48:35.277   435   456 I PhoneLab-LoggerService: Logcat process found 1466
07-07 15:48:35.277   435   456 I PhoneLab-LoggerService: Checking Threshold
07-07 15:48:40.023  1023  1023 D dalvikvm: Late-enabling CheckJNI
07-07 15:48:40.035   145   162 I ActivityManager: Start proc com.chess for broadcast com.chess/.backend.AlarmReceiver: pid=1023 uid=10079 gids={3003, 1015}
07-07 15:48:40.226  1023  1025 D dalvikvm: GC_CONCURRENT freed 162K, 3% free 9369K/9607K, paused 2ms+2ms
07-07 15:48:40.289   145  1186 I ActivityManager: Process com.google.android.apps.currents (pid 745) has died.
07-07 15:48:40.351  1023  1037 D GetStringObjTask: retrieving from url = http://www.chess.com/api/get_move_status?id=y3ICtufzg6w7rQqcD3KFujVaIanpYba4bIpaeKElV1LNz3Sz4Fk9Yh5CeWaj8h4bQ2RY0CxFVgA%2ByBE5DE%2B1cAuw4i%2Bp2GVj5RbuDPEUotReGbS25iAukuBsuUd%2Fl5dp
07-07 15:48:40.672  1023  1037 D GetStringObjTask: WebRequest SERVER RESPONSE: Success+0
07-07 15:49:28.890   554   555 D dalvikvm: GC_CONCURRENT freed 664K, 8% free 10121K/10951K, paused 2ms+2ms
07-07 15:50:28.898 32764 32767 D dalvikvm: GC_CONCURRENT freed 513K, 9% free 10544K/11527K, paused 1ms+3ms
07-07 15:50:28.968   554   554 D dalvikvm: GC_EXPLICIT freed 42K, 8% free 10085K/10951K, paused 22ms+3ms
07-07 15:50:35.140   435   456 I PhoneLab-: Service Running
07-07 15:50:35.230   435   456 I PhoneLab-LoggerService: app_37    1466  1     1436   996   c00f181c 400107b4 S logcat
07-07 15:50:35.230   435   456 I PhoneLab-LoggerService: Logcat pid from database 1466
07-07 15:50:35.230   435   456 I PhoneLab-LoggerService: Logcat process found 1466
07-07 15:50:35.230   435   456 I PhoneLab-LoggerService: Checking Threshold
07-07 15:50:35.238   435   438 D dalvikvm: GC_CONCURRENT freed 442K, 14% free 9132K/10567K, paused 9ms+2ms
07-07 15:51:29.015   554   555 D dalvikvm: GC_CONCURRENT freed 459K, 8% free 10133K/10951K, paused 2ms+3ms
07-07 15:52:07.297   979   982 D dalvikvm: GC_CONCURRENT freed 441K, 5% free 11274K/11847K, paused 19ms+2ms
07-07 15:52:28.996 32764 32767 D dalvikvm: GC_CONCURRENT freed 506K, 9% free 10549K/11527K, paused 1ms+3ms
07-07 15:52:29.132   554   555 D dalvikvm: GC_CONCURRENT freed 360K, 8% free 10165K/10951K, paused 1ms+3ms
07-07 15:52:29.636   554   555 D dalvikvm: GC_CONCURRENT freed 239K, 6% free 10355K/10951K, paused 1ms+3ms
07-07 15:52:35.140   435   456 I PhoneLab-: Service Running
07-07 15:52:35.207   435   456 I PhoneLab-LoggerService: app_37    1466  1     1436   996   c00f181c 400107b4 S logcat
07-07 15:52:35.207   435   456 I PhoneLab-LoggerService: Logcat pid from database 1466
07-07 15:52:35.211   435   456 I PhoneLab-LoggerService: Logcat process found 1466
07-07 15:52:35.211   435   456 I PhoneLab-LoggerService: Checking Threshold
07-07 15:53:40.023  1023  1077 D GetStringObjTask: retrieving from url = http://www.chess.com/api/get_move_status?id=y3ICtufzg6w7rQqcD3KFujVaIanpYba4bIpaeKElV1LNz3Sz4Fk9Yh5CeWaj8h4bQ2RY0CxFVgA%2ByBE5DE%2B1cAuw4i%2Bp2GVj5RbuDPEUotReGbS25iAukuBsuUd%2Fl5dp
07-07 15:53:40.257  1023  1077 D GetStringObjTask: WebRequest SERVER RESPONSE: Success+0
07-07 15:54:29.113 32764 32767 D dalvikvm: GC_CONCURRENT freed 512K, 9% free 10549K/11527K, paused 2ms+2ms
07-07 15:54:29.234   554   555 D dalvikvm: GC_CONCURRENT freed 700K, 8% free 10163K/10951K, paused 2ms+2ms
07-07 15:54:35.140   435   456 I PhoneLab-: Service Running
07-07 15:54:35.234   435   456 I PhoneLab-LoggerService: app_37    1466  1     1436   996   c00f181c 400107b4 S logcat
07-07 15:54:35.234   435   456 I PhoneLab-LoggerService: Logcat pid from database 1466
07-07 15:54:35.238   435   456 I PhoneLab-LoggerService: Logcat process found 1466
07-07 15:54:35.238   435   456 I PhoneLab-LoggerService: Checking Threshold
07-07 15:55:29.234   554   555 D dalvikvm: GC_CONCURRENT freed 387K, 7% free 10190K/10951K, paused 2ms+3ms
07-07 15:55:29.882   554   555 D dalvikvm: GC_CONCURRENT freed 239K, 6% free 10369K/10951K, paused 1ms+2ms
07-07 15:56:29.187 32764 32767 D dalvikvm: GC_CONCURRENT freed 512K, 9% free 10548K/11527K, paused 1ms+3ms
07-07 15:56:29.289   145  1189 D dalvikvm: GC_EXPLICIT freed 1464K, 18% free 17286K/20999K, paused 3ms+8ms
07-07 15:56:35.140   435   456 I PhoneLab-: Service Running
07-07 15:56:35.215   435   456 I PhoneLab-LoggerService: app_37    1466  1     1436   996   c00f181c 400107b4 S logcat
07-07 15:56:35.215   435   456 I PhoneLab-LoggerService: Logcat pid from database 1466
07-07 15:56:35.215   435   456 I PhoneLab-LoggerService: Logcat process found 1466
07-07 15:56:35.215   435   456 I PhoneLab-LoggerService: Checking Threshold
07-07 15:57:09.269   979   982 D dalvikvm: GC_CONCURRENT freed 595K, 7% free 11310K/12039K, paused 4ms+3ms
07-07 15:57:27.965 27212 27212 D OpenGLRenderer: Flushing caches (mode 2)
07-07 15:57:27.965 27212 27212 D OpenGLRenderer: Flushing caches (mode 0)
07-07 15:57:27.965 27212 27212 W ManagedEGLContext: doTerminate failed: EGL count is 2 but managed count is 1
07-07 15:57:29.234 27212 27212 D OpenGLRenderer: Flushing caches (mode 2)
07-07 15:57:29.234 27212 27212 D OpenGLRenderer: Flushing caches (mode 0)
07-07 15:57:29.234 27212 27212 W ManagedEGLContext: doTerminate failed: EGL count is 2 but managed count is 1
07-07 15:57:29.328   554   555 D dalvikvm: GC_CONCURRENT freed 796K, 8% free 10139K/11015K, paused 1ms+3ms
07-07 15:58:04.281   145  1185 I ActivityManager: Start proc com.facebook.orca for broadcast com.facebook.orca/.analytics.HoneyAnalyticsPeriodicReporter$ReporterBroadcastReceiver: pid=1096 uid=10062 gids={3003, 1015, 1006}
07-07 15:58:04.312  1096  1096 I dalvikvm: Turning on JNI app bug workarounds for target SDK version 10...
07-07 15:58:04.468   898   901 D dalvikvm: GC_CONCURRENT freed 1035K, 10% free 10997K/12103K, paused 8ms+17ms
07-07 15:58:04.527  1096  1096 I ActivityThread: Pub com.facebook.orca.notify.MessengerLoggedInUserProvider: com.facebook.orca.notify.MessengerLoggedInUserProvider
07-07 15:58:04.543  1096  1096 I ActivityThread: Pub com.facebook.orca.notify.MessengerForegroundProvider: com.facebook.orca.notify.MessengerForegroundProvider
07-07 15:58:04.547  1096  1096 V orca:OrcaApplication: Forcing initialization of AsyncTask
07-07 15:58:04.644  1096  1098 D dalvikvm: GC_CONCURRENT freed 223K, 4% free 9309K/9607K, paused 3ms+2ms
07-07 15:58:04.648  1096  1096 I Finalizer: Couldn't access Thread.inheritableThreadLocals. Reference finalizer threads will inherit thread local values.
07-07 15:58:04.812  1096  1098 D dalvikvm: GC_CONCURRENT freed 377K, 5% free 9456K/9927K, paused 2ms+2ms
07-07 15:58:04.890  1096  1096 W OrcaGuiceModule: Sig: ijxLJi1yGs1JpL-X1SExmchvork
07-07 15:58:04.965  1096  1098 D dalvikvm: GC_CONCURRENT freed 364K, 5% free 9607K/10055K, paused 2ms+4ms
07-07 15:58:05.246   898   901 D dalvikvm: GC_CONCURRENT freed 675K, 11% free 10862K/12103K, paused 2ms+12ms
07-07 15:58:05.375  1096  1112 W Resources: Converting to string: TypedValue{t=0x10/d=0xffffffff a=-1}
07-07 15:58:05.554  1096  1098 D dalvikvm: GC_CONCURRENT freed 271K, 4% free 9900K/10247K, paused 8ms+3ms
07-07 15:58:05.636  1096  1096 D ACRA    : Retrieve application default SharedPreferences.
07-07 15:58:05.636  1096  1096 D ACRA    : Set OnSharedPreferenceChangeListener.
07-07 15:58:05.636  1096  1096 D ACRA    : ACRA is enabled for com.facebook.orca, intializing...
07-07 15:58:05.672  1096  1096 D ACRA    : Looking for error files in /data/data/com.facebook.orca/app_acra-reports
07-07 15:58:05.672  1096  1098 D dalvikvm: GC_CONCURRENT freed 297K, 4% free 10115K/10503K, paused 2ms+2ms
07-07 15:58:05.812  1096  1112 D dalvikvm: GC_FOR_ALLOC freed 272K, 6% free 10176K/10759K, paused 54ms
07-07 15:58:05.867  1096  1112 D dalvikvm: GC_FOR_ALLOC freed 292K, 6% free 10268K/10823K, paused 22ms
07-07 15:58:05.914  1096  1112 D dalvikvm: GC_FOR_ALLOC freed 86K, 5% free 10339K/10823K, paused 27ms
07-07 15:58:06.082  1096  1098 D dalvikvm: GC_CONCURRENT freed 370K, 5% free 10506K/10951K, paused 2ms+3ms
07-07 15:58:06.211  1096  1098 D dalvikvm: GC_CONCURRENT freed 152K, 3% free 10916K/11143K, paused 2ms+3ms
07-07 15:58:06.351  1096  1098 D dalvikvm: GC_CONCURRENT freed 334K, 4% free 11246K/11655K, paused 2ms+3ms
07-07 15:58:08.332   145   384 I ActivityManager: Process com.google.android.apps.maps:NetworkLocationService (pid 32764) has died.
07-07 15:58:08.332   145   384 W ActivityManager: Scheduling restart of crashed service com.google.android.apps.maps/com.google.android.location.internal.server.NetworkLocationService in 5000ms
07-07 15:58:13.390   145   162 I ActivityManager: Start proc com.google.android.apps.maps:NetworkLocationService for service com.google.android.apps.maps/com.google.android.location.internal.server.NetworkLocationService: pid=1124 uid=10056 gids={3003, 1015}
07-07 15:58:13.550  1124  1126 D dalvikvm: GC_CONCURRENT freed 171K, 3% free 9361K/9607K, paused 2ms+2ms
07-07 15:58:14.105  1124  1126 D dalvikvm: GC_CONCURRENT freed 167K, 3% free 9697K/9991K, paused 2ms+3ms
07-07 15:58:14.379  1124  1126 D dalvikvm: GC_CONCURRENT freed 162K, 3% free 10073K/10311K, paused 2ms+3ms
07-07 15:58:14.547  1124  1126 D dalvikvm: GC_CONCURRENT freed 668K, 8% free 9883K/10631K, paused 1ms+2ms
07-07 15:58:14.656   145   162 I ActivityManager: Start proc com.google.android.apps.maps:FriendService for broadcast com.google.android.apps.maps/com.google.googlenav.friend.android.ServiceReceiver: pid=1145 uid=10056 gids={3003, 1015}
07-07 15:58:14.793  1145  1147 D dalvikvm: GC_CONCURRENT freed 173K, 3% free 9359K/9607K, paused 2ms+2ms
07-07 15:58:14.929  1145  1147 D dalvikvm: GC_CONCURRENT freed 199K, 4% free 9680K/9991K, paused 1ms+2ms
07-07 15:58:15.078 27783 29640 D dalvikvm: GC_EXPLICIT freed 249K, 6% free 10315K/10951K, paused 5ms+4ms
07-07 15:58:15.090  1124  1131 I dalvikvm: Total arena pages for JIT: 11
07-07 15:58:15.090  1124  1131 I dalvikvm: Total arena pages for JIT: 12
07-07 15:58:15.090  1124  1131 I dalvikvm: Total arena pages for JIT: 13
07-07 15:58:15.090  1124  1131 I dalvikvm: Total arena pages for JIT: 14
07-07 15:58:15.093  1124  1131 I dalvikvm: Total arena pages for JIT: 15
07-07 15:58:15.093  1124  1131 I dalvikvm: Total arena pages for JIT: 16
07-07 15:58:15.093  1124  1131 I dalvikvm: Total arena pages for JIT: 17
07-07 15:58:15.160  1124  1144 D dalvikvm: GC_FOR_ALLOC freed 131K, 6% free 10044K/10631K, paused 21ms
07-07 15:58:15.199   145   145 I ActivityManager: Process com.whatsapp (pid 359) has died.
07-07 15:58:15.199   145   145 W ActivityManager: Scheduling restart of crashed service com.whatsapp/.messaging.MessageService in 5000ms
07-07 15:58:15.234  1124  1131 I dalvikvm: Total arena pages for JIT: 18
07-07 15:58:15.484  1124  1126 D dalvikvm: GC_CONCURRENT freed 218K, 3% free 10332K/10631K, paused 1ms+3ms
07-07 15:58:15.879  1124  1126 D dalvikvm: GC_CONCURRENT freed 570K, 6% free 10305K/10951K, paused 2ms+5ms
07-07 15:58:16.277  1124  1126 D dalvikvm: GC_CONCURRENT freed 338K, 5% free 10430K/10951K, paused 2ms+2ms
07-07 15:58:16.910 27212 27212 D OpenGLRenderer: Flushing caches (mode 2)
07-07 15:58:16.918 27212 27212 D OpenGLRenderer: Flushing caches (mode 0)
07-07 15:58:16.918 27212 27212 W ManagedEGLContext: doTerminate failed: EGL count is 2 but managed count is 1
07-07 15:58:17.031  1124  1126 D dalvikvm: GC_CONCURRENT freed 423K, 5% free 10581K/11079K, paused 1ms+3ms
07-07 15:58:17.148   554   555 D dalvikvm: GC_CONCURRENT freed 384K, 8% free 10140K/11015K, paused 1ms+3ms
07-07 15:58:17.293   554   555 D dalvikvm: GC_CONCURRENT freed 180K, 6% free 10363K/11015K, paused 1ms+3ms
07-07 15:58:20.269   145   162 I ActivityManager: Start proc com.whatsapp for service com.whatsapp/.messaging.MessageService: pid=1163 uid=10068 gids={1015, 3003}
07-07 15:58:20.285  1163  1163 I dalvikvm: Turning on JNI app bug workarounds for target SDK version 7...
07-07 15:58:20.543  1163  1166 D dalvikvm: GC_CONCURRENT freed 177K, 3% free 9343K/9607K, paused 3ms+4ms
07-07 15:58:20.968  1163  1166 D dalvikvm: GC_CONCURRENT freed 291K, 4% free 9607K/9991K, paused 1ms+3ms
07-07 15:58:21.273   145   314 I ActivityManager: Start proc android.process.acore for content provider com.android.providers.contacts/.ContactsProvider2: pid=1182 uid=10000 gids={3003, 1015}
07-07 15:58:21.308    79    79 D dalvikvm: GC_EXPLICIT freed 38K, 4% free 9027K/9347K, paused 1ms+3ms
07-07 15:58:21.367    79    79 D dalvikvm: GC_EXPLICIT freed <1K, 4% free 9027K/9347K, paused 1ms+2ms
07-07 15:58:21.390    79    79 D dalvikvm: GC_EXPLICIT freed <1K, 4% free 9027K/9347K, paused 1ms+1ms
07-07 15:58:21.418   145  1185 I ActivityManager: Process com.google.android.gsf.login (pid 845) has died.
07-07 15:58:21.453  1182  1182 I ActivityThread: Pub call_log: com.android.providers.contacts.CallLogProvider
07-07 15:58:21.457 27212 27212 D OpenGLRenderer: Flushing caches (mode 2)
07-07 15:58:21.457 27212 27212 D OpenGLRenderer: Flushing caches (mode 0)
07-07 15:58:21.457 27212 27212 W ManagedEGLContext: doTerminate failed: EGL count is 2 but managed count is 1
07-07 15:58:21.515  1163  1163 I dalvikvm: Could not find method android.media.MediaMetadataRetriever.captureFrame, referenced from method com.whatsapp.q3.a
07-07 15:58:21.515  1163  1163 W dalvikvm: VFY: unable to resolve virtual method 502: Landroid/media/MediaMetadataRetriever;.captureFrame ()Landroid/graphics/Bitmap;
07-07 15:58:21.519  1163  1163 D dalvikvm: VFY: replacing opcode 0x6e at 0x0134
07-07 15:58:21.535  1182  1182 I ActivityThread: Pub com.android.voicemail: com.android.providers.contacts.VoicemailContentProvider
07-07 15:58:21.535  1182  1182 I ActivityThread: Pub user_dictionary: com.android.providers.userdictionary.UserDictionaryProvider
07-07 15:58:21.578  1182  1182 I ActivityThread: Pub com.android.social: com.android.providers.contacts.SocialProvider
07-07 15:58:21.578  1182  1182 I ActivityThread: Pub applications: com.android.providers.applications.ApplicationsProvider
07-07 15:58:21.742  1163  1166 D dalvikvm: GC_CONCURRENT freed 342K, 5% free 9827K/10247K, paused 2ms+2ms
07-07 15:58:21.757  1182  1182 I ActivityThread: Pub contacts;com.android.contacts: com.android.providers.contacts.ContactsProvider2
07-07 15:58:21.785  1182  1192 D dalvikvm: GC_CONCURRENT freed 362K, 5% free 9170K/9607K, paused 2ms+2ms
07-07 15:58:22.007  1163  1166 D dalvikvm: GC_CONCURRENT freed 290K, 4% free 9990K/10375K, paused 2ms+4ms
07-07 15:58:22.695   145   380 I ActivityManager: Process edu.buffalo.cse.phonelab.phonelabservices (pid 435) has died.
07-07 15:58:22.695   145   380 W ActivityManager: Scheduling restart of crashed service edu.buffalo.cse.phonelab.phonelabservices/edu.buffalo.cse.phonelab.datalogger.LoggerService in 5000ms
07-07 15:58:23.226  1182  1192 D dalvikvm: GC_CONCURRENT freed 249K, 4% free 9371K/9735K, paused 2ms+40ms
07-07 15:58:24.472   145  1187 I ActivityManager: Process android.process.media (pid 951) has died.
07-07 15:58:25.172  1182  1192 D dalvikvm: GC_CONCURRENT freed 176K, 4% free 9620K/9927K, paused 29ms+3ms
07-07 15:58:27.812   145   162 I ActivityManager: Start proc edu.buffalo.cse.phonelab.phonelabservices for service edu.buffalo.cse.phonelab.phonelabservices/edu.buffalo.cse.phonelab.datalogger.LoggerService: pid=1214 uid=10037 gids={3003, 1015, 1007, 2001}
07-07 15:58:28.222  1214  1214 I PhoneLab-LoggerService: Start Logger Service
07-07 15:58:28.254  1214  1227 I PhoneLab-: Service Running
07-07 15:58:28.418  1214  1227 I PhoneLab-LoggerService: app_37    1466  1     1436   996   c00f181c 400107b4 S logcat
07-07 15:58:28.422  1214  1227 I PhoneLab-LoggerService: Logcat pid from database 1466
07-07 15:58:28.422  1214  1227 I PhoneLab-LoggerService: Logcat process found 1466
07-07 15:58:28.422  1214  1227 I PhoneLab-LoggerService: Checking Threshold
07-07 15:58:29.804   145   145 I ActivityManager: Process com.twitter.android (pid 979) has died.
07-07 15:58:40.058  1023  1231 D GetStringObjTask: retrieving from url = http://www.chess.com/api/get_move_status?id=y3ICtufzg6w7rQqcD3KFujVaIanpYba4bIpaeKElV1LNz3Sz4Fk9Yh5CeWaj8h4bQ2RY0CxFVgA%2ByBE5DE%2B1cAuw4i%2Bp2GVj5RbuDPEUotReGbS25iAukuBsuUd%2Fl5dp
07-07 15:58:40.320  1023  1231 D GetStringObjTask: WebRequest SERVER RESPONSE: Success+0
07-07 15:59:00.230   215   217 D dalvikvm: GC_CONCURRENT freed 607K, 34% free 9697K/14663K, paused 70ms+6ms
07-07 15:59:01.691 27783 28081 I EventLogService: Aggregate from 1341689341497 (log), 1341689341497 (data)
07-07 15:59:17.379  1124  1126 D dalvikvm: GC_CONCURRENT freed 627K, 7% free 10452K/11207K, paused 12ms+8ms
07-07 15:59:17.468   554   555 D dalvikvm: GC_CONCURRENT freed 672K, 9% free 10132K/11015K, paused 7ms+2ms
07-07 16:00:17.402   145  1186 D dalvikvm: GC_EXPLICIT freed 1753K, 18% free 17262K/20999K, paused 6ms+8ms
07-07 16:00:17.554   554   555 D dalvikvm: GC_CONCURRENT freed 319K, 8% free 10221K/11015K, paused 2ms+2ms
07-07 16:00:28.254  1214  1227 I PhoneLab-: Service Running
07-07 16:00:28.359  1214  1227 I PhoneLab-LoggerService: app_37    1466  1     1436   996   c00f181c 400107b4 S logcat
07-07 16:00:28.359  1214  1227 I PhoneLab-LoggerService: Logcat pid from database 1466
07-07 16:00:28.359  1214  1227 I PhoneLab-LoggerService: Logcat process found 1466
07-07 16:00:28.359  1214  1227 I PhoneLab-LoggerService: Checking Threshold
07-07 16:01:17.457  1124  1126 D dalvikvm: GC_CONCURRENT freed 499K, 7% free 10455K/11207K, paused 2ms+22ms
07-07 16:01:17.480   554   555 D dalvikvm: GC_CONCURRENT freed 594K, 8% free 10138K/11015K, paused 2ms+2ms
07-07 16:01:35.527   145   161 V BackupManagerService: Running a backup pass
07-07 16:01:35.539   145   214 V BackupManagerService: Backup requested but nothing pending
07-07 16:02:05.043  1214  1214 I PhoneLab-Locks: wake lock acquired
07-07 16:02:05.074  1214  1261 I PhoneLab-PeriodicCheckService: User info is synched
07-07 16:02:05.078  1214  1261 I PhoneLab-PeriodicCheckService: Logger Service is running
07-07 16:02:05.086  1214  1214 I PhoneLab-Locks: wake lock acquired
07-07 16:02:05.090  1214  1214 I PhoneLab-StatusMonitor: Status Monitoring is started
07-07 16:02:05.093  1214  1261 I PhoneLab-Locks: wake lock acquired
07-07 16:02:05.097  1214  1261 I PhoneLab-PeriodicCheckService: Rescheduling periodic checking...
07-07 16:02:05.101  1214  1261 I PhoneLab-Locks: wake lock released
07-07 16:02:05.117  1214  1214 E PhoneLab-PhoneLabManifest: java.io.FileNotFoundException: /data/data/edu.buffalo.cse.phonelab.phonelabservices/files/manifest.xml: open failed: ENOENT (No such file or directory)
07-07 16:02:05.156  1214  1214 I PhoneLab-Locks: wake lock released
07-07 16:02:05.160  1214  1214 I PhoneLab-UploadLogs: Transfering log files now
07-07 16:02:05.160  1214  1214 I PhoneLab-UploadLogs: No log files to transfer
07-07 16:02:05.160  1214  1214 I PhoneLab-Locks: wake lock released
07-07 16:02:05.164  1214  1214 I PhoneLab-UploadLogs: OnStartCommand
07-07 16:02:09.562   145   174 I ActivityManager: Start proc com.twitter.android for service com.twitter.android/.client.AppService: pid=1262 uid=10064 gids={3003, 1015}
07-07 16:02:09.570  1262  1262 I dalvikvm: Turning on JNI app bug workarounds for target SDK version 11...
07-07 16:02:09.648  1262  1262 I ActivityThread: Pub com.twitter.android.provider.GlobalDatabaseProvider: com.twitter.android.provider.GlobalDatabaseProvider
07-07 16:02:09.660  1262  1262 I ActivityThread: Pub com.twitter.android.provider.TwitterProvider: com.twitter.android.provider.TwitterProvider
07-07 16:02:09.812  1262  1264 D dalvikvm: GC_CONCURRENT freed 201K, 3% free 9265K/9543K, paused 8ms+3ms
07-07 16:02:10.090  1262  1264 D dalvikvm: GC_CONCURRENT freed 172K, 4% free 9494K/9799K, paused 1ms+1ms
07-07 16:02:10.218  1262  1264 D dalvikvm: GC_CONCURRENT freed 307K, 5% free 9628K/10055K, paused 2ms+1ms
07-07 16:02:10.343  1262  1264 D dalvikvm: GC_CONCURRENT freed 311K, 5% free 9757K/10183K, paused 2ms+2ms
07-07 16:02:10.476  1262  1264 D dalvikvm: GC_CONCURRENT freed 308K, 5% free 9888K/10311K, paused 2ms+2ms
07-07 16:02:10.593  1262  1264 D dalvikvm: GC_CONCURRENT freed 294K, 4% free 10032K/10439K, paused 2ms+2ms
07-07 16:02:10.711  1262  1264 D dalvikvm: GC_CONCURRENT freed 294K, 5% free 10142K/10567K, paused 2ms+2ms
07-07 16:02:10.824  1262  1264 D dalvikvm: GC_CONCURRENT freed 308K, 4% free 10276K/10695K, paused 1ms+3ms
07-07 16:02:11.000  1262  1264 D dalvikvm: GC_CONCURRENT freed 486K, 6% free 10218K/10823K, paused 2ms+2ms
07-07 16:02:11.129  1262  1264 D dalvikvm: GC_CONCURRENT freed 323K, 5% free 10293K/10823K, paused 1ms+2ms
07-07 16:02:11.285  1262  1264 D dalvikvm: GC_CONCURRENT freed 316K, 5% free 10381K/10823K, paused 2ms+2ms
07-07 16:02:11.418  1262  1264 D dalvikvm: GC_CONCURRENT freed 372K, 5% free 10469K/10951K, paused 1ms+5ms
07-07 16:02:11.535  1262  1264 D dalvikvm: GC_CONCURRENT freed 344K, 5% free 10550K/11015K, paused 1ms+2ms
07-07 16:02:11.656  1262  1264 D dalvikvm: GC_CONCURRENT freed 339K, 5% free 10633K/11079K, paused 1ms+2ms
07-07 16:02:11.773  1262  1264 D dalvikvm: GC_CONCURRENT freed 367K, 5% free 10720K/11207K, paused 2ms+2ms
07-07 16:02:11.914  1262  1264 D dalvikvm: GC_CONCURRENT freed 407K, 5% free 10817K/11335K, paused 2ms+2ms
07-07 16:02:12.593   145  1185 I ActivityManager: Process com.facebook.orca (pid 1096) has died.
07-07 16:02:12.656  1262  1264 D dalvikvm: GC_CONCURRENT freed 336K, 4% free 11010K/11463K, paused 2ms+2ms
07-07 16:02:14.465  1262  1264 D dalvikvm: GC_CONCURRENT freed 418K, 5% free 11189K/11719K, paused 7ms+6ms
07-07 16:02:17.488   554   555 D dalvikvm: GC_CONCURRENT freed 393K, 8% free 10145K/11015K, paused 2ms+1ms
07-07 16:02:28.254  1214  1227 I PhoneLab-: Service Running
07-07 16:02:28.340  1214  1227 I PhoneLab-LoggerService: app_37    1466  1     1436   996   c00f181c 400107b4 S logcat
07-07 16:02:28.340  1214  1227 I PhoneLab-LoggerService: Logcat pid from database 1466
07-07 16:02:28.340  1214  1227 I PhoneLab-LoggerService: Logcat process found 1466
07-07 16:02:28.340  1214  1227 I PhoneLab-LoggerService: Checking Threshold
07-07 16:03:17.543  1124  1126 D dalvikvm: GC_CONCURRENT freed 499K, 7% free 10458K/11207K, paused 2ms+7ms
07-07 16:03:40.047  1023  1288 D GetStringObjTask: retrieving from url = http://www.chess.com/api/get_move_status?id=y3ICtufzg6w7rQqcD3KFujVaIanpYba4bIpaeKElV1LNz3Sz4Fk9Yh5CeWaj8h4bQ2RY0CxFVgA%2ByBE5DE%2B1cAuw4i%2Bp2GVj5RbuDPEUotReGbS25iAukuBsuUd%2Fl5dp
07-07 16:03:40.070  1023  1025 D dalvikvm: GC_CONCURRENT freed 341K, 5% free 9455K/9927K, paused 11ms+4ms
07-07 16:03:40.324  1023  1288 D GetStringObjTask: WebRequest SERVER RESPONSE: Success+0
07-07 16:04:17.625   554   555 D dalvikvm: GC_CONCURRENT freed 493K, 8% free 10164K/11015K, paused 1ms+2ms
07-07 16:04:28.254  1214  1227 I PhoneLab-: Service Running
07-07 16:04:28.336  1214  1227 I PhoneLab-LoggerService: app_37    1466  1     1436   996   c00f181c 400107b4 S logcat
07-07 16:04:28.336  1214  1227 I PhoneLab-LoggerService: Logcat pid from database 1466
07-07 16:04:28.336  1214  1227 I PhoneLab-LoggerService: Logcat process found 1466
07-07 16:04:28.336  1214  1227 I PhoneLab-LoggerService: Checking Threshold
07-07 16:05:17.664  1124  1126 D dalvikvm: GC_CONCURRENT freed 507K, 7% free 10462K/11207K, paused 2ms+7ms
07-07 16:05:17.746   554   555 D dalvikvm: GC_CONCURRENT freed 377K, 8% free 10196K/11015K, paused 2ms+3ms
07-07 16:05:17.906   554   555 D dalvikvm: GC_CONCURRENT freed 278K, 7% free 10341K/11015K, paused 2ms+7ms
07-07 16:06:16.379 27212 27212 W GeckoBatteryManager: When charging, level should increase!
07-07 16:06:17.765   554   555 D dalvikvm: GC_CONCURRENT freed 633K, 8% free 10187K/11015K, paused 1ms+2ms
07-07 16:06:28.254  1214  1227 I PhoneLab-: Service Running
07-07 16:06:28.359  1214  1215 D dalvikvm: GC_CONCURRENT freed 374K, 6% free 9109K/9607K, paused 2ms+2ms
07-07 16:06:28.363  1214  1227 I PhoneLab-LoggerService: app_37    1466  1     1436   996   c00f181c 400107b4 S logcat
07-07 16:06:28.363  1214  1227 I PhoneLab-LoggerService: Logcat pid from database 1466
07-07 16:06:28.367  1214  1227 I PhoneLab-LoggerService: Logcat process found 1466
07-07 16:06:28.367  1214  1227 I PhoneLab-LoggerService: Checking Threshold
07-07 16:07:16.429  1262  1264 D dalvikvm: GC_CONCURRENT freed 556K, 6% free 11293K/11975K, paused 2ms+2ms
07-07 16:07:16.457  1163  1166 D dalvikvm: GC_CONCURRENT freed 552K, 7% free 9878K/10567K, paused 12ms+12ms
07-07 16:07:17.726  1124  1126 D dalvikvm: GC_CONCURRENT freed 504K, 7% free 10469K/11207K, paused 1ms+6ms
07-07 16:08:17.797   554   555 D dalvikvm: GC_CONCURRENT freed 513K, 8% free 10180K/11015K, paused 1ms+7ms
07-07 16:08:28.254  1214  1227 I PhoneLab-: Service Running
07-07 16:08:28.336  1214  1227 I PhoneLab-LoggerService: app_37    1466  1     1436   996   c00f181c 400107b4 S logcat
07-07 16:08:28.336  1214  1227 I PhoneLab-LoggerService: Logcat pid from database 1466
07-07 16:08:28.336  1214  1227 I PhoneLab-LoggerService: Logcat process found 1466
07-07 16:08:28.336  1214  1227 I PhoneLab-LoggerService: Checking Threshold
07-07 16:08:40.027  1023  1310 D GetStringObjTask: retrieving from url = http://www.chess.com/api/get_move_status?id=y3ICtufzg6w7rQqcD3KFujVaIanpYba4bIpaeKElV1LNz3Sz4Fk9Yh5CeWaj8h4bQ2RY0CxFVgA%2ByBE5DE%2B1cAuw4i%2Bp2GVj5RbuDPEUotReGbS25iAukuBsuUd%2Fl5dp
07-07 16:08:40.246  1023  1310 D GetStringObjTask: WebRequest SERVER RESPONSE: Success+0
07-07 16:09:17.840  1124  1126 D dalvikvm: GC_CONCURRENT freed 507K, 7% free 10467K/11207K, paused 2ms+7ms
07-07 16:10:16.535 27212 27212 W GeckoBatteryManager: When charging, level should increase!
07-07 16:10:17.886   554   555 D dalvikvm: GC_CONCURRENT freed 466K, 8% free 10221K/11015K, paused 1ms+3ms
07-07 16:10:28.254  1214  1227 I PhoneLab-: Service Running
07-07 16:10:28.343  1214  1227 I PhoneLab-LoggerService: app_37    1466  1     1436   996   c00f181c 400107b4 S logcat
07-07 16:10:28.347  1214  1227 I PhoneLab-LoggerService: Logcat pid from database 1466
07-07 16:10:28.347  1214  1227 I PhoneLab-LoggerService: Logcat process found 1466
07-07 16:10:28.347  1214  1227 I PhoneLab-LoggerService: Checking Threshold
07-07 16:11:17.929  1124  1126 D dalvikvm: GC_CONCURRENT freed 505K, 7% free 10473K/11207K, paused 2ms+7ms
07-07 16:12:02.410   145   913 D dalvikvm: GC_EXPLICIT freed 1511K, 18% free 17319K/20999K, paused 30ms+8ms
07-07 16:12:17.965   554   555 D dalvikvm: GC_CONCURRENT freed 545K, 8% free 10187K/11015K, paused 2ms+3ms
07-07 16:12:28.254  1214  1227 I PhoneLab-: Service Running
07-07 16:12:28.343  1214  1227 I PhoneLab-LoggerService: app_37    1466  1     1436   996   c00f181c 400107b4 S logcat
07-07 16:12:28.343  1214  1227 I PhoneLab-LoggerService: Logcat pid from database 1466
07-07 16:12:28.343  1214  1227 I PhoneLab-LoggerService: Logcat process found 1466
07-07 16:12:28.347  1214  1227 I PhoneLab-LoggerService: Checking Threshold
07-07 16:13:04.023   145   162 I ActivityManager: Start proc com.facebook.orca for broadcast com.facebook.orca/.analytics.HoneyAnalyticsPeriodicReporter$ReporterBroadcastReceiver: pid=1345 uid=10062 gids={3003, 1015, 1006}
07-07 16:13:04.035  1345  1345 I dalvikvm: Turning on JNI app bug workarounds for target SDK version 10...
07-07 16:13:04.047   145   174 I ActivityManager: Start proc com.google.android.maps.mytracks for service com.google.android.maps.mytracks/com.google.android.apps.mytracks.services.RemoveTempFilesService: pid=1357 uid=10072 gids={3003, 3002, 3001, 1015}
07-07 16:13:04.066  1357  1357 I dalvikvm: Turning on JNI app bug workarounds for target SDK version 7...
07-07 16:13:04.179  1357  1357 I ActivityThread: Pub com.google.android.maps.mytracks.search: com.google.android.apps.mytracks.content.SearchEngineProvider
07-07 16:13:04.183  1357  1357 I ActivityThread: Pub com.google.android.maps.mytracks: com.google.android.apps.mytracks.content.MyTracksProvider
07-07 16:13:04.258  1345  1345 I ActivityThread: Pub com.facebook.orca.notify.MessengerLoggedInUserProvider: com.facebook.orca.notify.MessengerLoggedInUserProvider
07-07 16:13:04.289  1345  1345 I ActivityThread: Pub com.facebook.orca.notify.MessengerForegroundProvider: com.facebook.orca.notify.MessengerForegroundProvider
07-07 16:13:04.312  1345  1345 V orca:OrcaApplication: Forcing initialization of AsyncTask
07-07 16:13:04.406  1345  1347 D dalvikvm: GC_CONCURRENT freed 223K, 4% free 9309K/9607K, paused 3ms+2ms
07-07 16:13:04.406  1345  1345 I Finalizer: Couldn't access Thread.inheritableThreadLocals. Reference finalizer threads will inherit thread local values.
07-07 16:13:04.554  1345  1347 D dalvikvm: GC_CONCURRENT freed 343K, 5% free 9476K/9927K, paused 2ms+2ms
07-07 16:13:04.640  1345  1345 W OrcaGuiceModule: Sig: ijxLJi1yGs1JpL-X1SExmchvork
07-07 16:13:04.754  1345  1347 D dalvikvm: GC_CONCURRENT freed 329K, 5% free 9647K/10055K, paused 12ms+3ms
07-07 16:13:04.773   145   380 I ActivityManager: Process android.process.acore (pid 1182) has died.
07-07 16:13:05.183  1345  1374 W Resources: Converting to string: TypedValue{t=0x10/d=0xffffffff a=-1}
07-07 16:13:05.355  1345  1347 D dalvikvm: GC_CONCURRENT freed 311K, 4% free 9860K/10247K, paused 3ms+3ms
07-07 16:13:05.445  1345  1345 D ACRA    : Retrieve application default SharedPreferences.
07-07 16:13:05.465  1345  1345 D ACRA    : Set OnSharedPreferenceChangeListener.
07-07 16:13:05.465  1345  1345 D ACRA    : ACRA is enabled for com.facebook.orca, intializing...
07-07 16:13:05.480  1345  1345 D ACRA    : Looking for error files in /data/data/com.facebook.orca/app_acra-reports
07-07 16:13:05.508  1345  1347 D dalvikvm: GC_CONCURRENT freed 329K, 4% free 10096K/10503K, paused 2ms+2ms
07-07 16:13:05.543  1345  1374 D dalvikvm: GC_FOR_ALLOC freed 65K, 5% free 10156K/10631K, paused 34ms
07-07 16:13:05.609  1345  1374 D dalvikvm: GC_FOR_ALLOC freed 231K, 6% free 10184K/10759K, paused 22ms
07-07 16:13:05.656  1345  1374 D dalvikvm: GC_FOR_ALLOC freed 89K, 5% free 10256K/10759K, paused 21ms
07-07 16:13:05.711  1345  1374 D dalvikvm: GC_FOR_ALLOC freed 228K, 6% free 10285K/10887K, paused 18ms
07-07 16:13:05.843  1345  1347 D dalvikvm: GC_CONCURRENT freed 361K, 5% free 10436K/10887K, paused 2ms+3ms
07-07 16:13:05.996  1345  1347 D dalvikvm: GC_CONCURRENT freed 161K, 3% free 10843K/11079K, paused 2ms+3ms
07-07 16:13:06.148  1345  1347 D dalvikvm: GC_CONCURRENT freed 346K, 4% free 11106K/11527K, paused 8ms+3ms
07-07 16:13:18.011  1124  1126 D dalvikvm: GC_CONCURRENT freed 509K, 7% free 10475K/11207K, paused 1ms+9ms
07-07 16:13:18.129   554   555 D dalvikvm: GC_CONCURRENT freed 441K, 8% free 10171K/11015K, paused 2ms+2ms
07-07 16:13:40.039  1023  1037 D GetStringObjTask: retrieving from url = http://www.chess.com/api/get_move_status?id=y3ICtufzg6w7rQqcD3KFujVaIanpYba4bIpaeKElV1LNz3Sz4Fk9Yh5CeWaj8h4bQ2RY0CxFVgA%2ByBE5DE%2B1cAuw4i%2Bp2GVj5RbuDPEUotReGbS25iAukuBsuUd%2Fl5dp
07-07 16:13:40.273  1023  1037 D GetStringObjTask: WebRequest SERVER RESPONSE: Success+0
07-07 16:14:18.050   554  1388 D dalvikvm: GC_EXPLICIT freed 51K, 9% free 10127K/11015K, paused 4ms+3ms
07-07 16:14:28.254  1214  1227 I PhoneLab-: Service Running
07-07 16:14:28.347   145   314 I ActivityManager: Process com.twitter.android (pid 1262) has died.
07-07 16:14:28.402  1214  1227 I PhoneLab-LoggerService: app_37    1466  1     1436   996   c00f181c 400107b4 S logcat
07-07 16:14:28.402  1214  1227 I PhoneLab-LoggerService: Logcat pid from database 1466
07-07 16:14:28.402  1214  1227 I PhoneLab-LoggerService: Logcat process found 1466
07-07 16:14:28.402  1214  1227 I PhoneLab-LoggerService: Checking Threshold
07-07 16:15:18.082  1124  1126 D dalvikvm: GC_CONCURRENT freed 515K, 7% free 10471K/11207K, paused 2ms+3ms
07-07 16:15:18.199   554   555 D dalvikvm: GC_CONCURRENT freed 441K, 8% free 10194K/11015K, paused 2ms+3ms
07-07 16:16:28.254  1214  1227 I PhoneLab-: Service Running
07-07 16:16:28.343  1214  1227 I PhoneLab-LoggerService: app_37    1466  1     1436   996   c00f181c 400107b4 S logcat
07-07 16:16:28.343  1214  1227 I PhoneLab-LoggerService: Logcat pid from database 1466
07-07 16:16:28.347  1214  1227 I PhoneLab-LoggerService: Logcat process found 1466
07-07 16:16:28.347  1214  1227 I PhoneLab-LoggerService: Checking Threshold
07-07 16:17:02.937   145   171 V WiredAccessoryObserver: Headset UEVENT: {SUBSYSTEM=switch, SWITCH_STATE=1, DEVPATH=/devices/virtual/switch/h2w, SEQNUM=5113, ACTION=change, SWITCH_NAME=h2w}
07-07 16:17:02.941   145   171 V WiredAccessoryObserver: newState = 1, headsetState = 1,mHeadsetState = 0
07-07 16:17:02.957   145   181 D EventHub: No input device configuration file found for device 'sec_jack'.
07-07 16:17:02.961   145   161 V WiredAccessoryObserver: Intent.ACTION_HEADSET_PLUG: state: 1 name: h2w mic: 1
07-07 16:17:02.980   145   181 I EventHub: New device: id=8, fd=249, path='/dev/input/event7', name='sec_jack', classes=0x1, configuration='', keyLayout='/system/usr/keylayout/sec_jack.kl', keyCharacterMap='/system/usr/keychars/sec_jack.kcm', builtinKeyboard=false
07-07 16:17:02.980   145   181 I InputReader: Device added: id=8, name='sec_jack', sources=0x00000101
07-07 16:17:07.675   145   176 I power   : *** set_screen_state 1
07-07 16:17:07.847   145   176 I WindowManager: Lock screen displayed!
07-07 16:17:07.929    78   121 D SurfaceFlinger: Screen about to return, flinger = 0x1eda918
07-07 16:17:08.781   215   215 D PhoneStatusBar: disable: < expand icons alerts ticker system_info BACK HOME recent* CLOCK >
07-07 16:17:08.843   145   156 W InputManagerService: Window already focused, ignoring focus gain of: com.android.internal.view.IInputMethodClient$Stub$Proxy@4135e6e0
07-07 16:17:08.843   215   215 D PhoneStatusBar: disable: < expand icons alerts ticker system_info back* home* recent clock* >
07-07 16:17:08.929   323   325 D dalvikvm: GC_CONCURRENT freed 390K, 22% free 10100K/12807K, paused 4ms+2ms
07-07 16:17:09.047 27783 27785 D dalvikvm: GC_CONCURRENT freed 343K, 6% free 10375K/10951K, paused 6ms+5ms
07-07 16:17:09.304   145   329 I ActivityManager: Start proc android.process.acore for content provider com.android.providers.contacts/.ContactsProvider2: pid=1399 uid=10000 gids={3003, 1015}
07-07 16:17:09.359  1399  1399 I ActivityThread: Pub call_log: com.android.providers.contacts.CallLogProvider
07-07 16:17:09.402  1399  1399 I ActivityThread: Pub com.android.voicemail: com.android.providers.contacts.VoicemailContentProvider
07-07 16:17:09.406  1399  1399 I ActivityThread: Pub user_dictionary: com.android.providers.userdictionary.UserDictionaryProvider
07-07 16:17:09.429  1399  1399 I ActivityThread: Pub com.android.social: com.android.providers.contacts.SocialProvider
07-07 16:17:09.429  1399  1399 I ActivityThread: Pub applications: com.android.providers.applications.ApplicationsProvider
07-07 16:17:09.523  1399  1399 I ActivityThread: Pub contacts;com.android.contacts: com.android.providers.contacts.ContactsProvider2
07-07 16:17:09.554  1399  1400 D dalvikvm: GC_CONCURRENT freed 343K, 5% free 9188K/9607K, paused 2ms+3ms
07-07 16:17:09.804  1399  1400 D dalvikvm: GC_CONCURRENT freed 206K, 4% free 9397K/9735K, paused 3ms+2ms
07-07 16:17:10.406  1399  1400 D dalvikvm: GC_CONCURRENT freed 296K, 5% free 9498K/9927K, paused 6ms+2ms
07-07 16:17:10.906  1399  1400 D dalvikvm: GC_CONCURRENT freed 276K, 5% free 9651K/10055K, paused 73ms+3ms
07-07 16:17:11.675   145   394 I ActivityManager: START {act=android.intent.action.MAIN cat=[android.intent.category.LAUNCHER] flg=0x10000000 pkg=com.spotify.mobile.android.ui cmp=com.spotify.mobile.android.ui/.activity.MainActivity bnds=[288,706][384,802]} from pid 373
07-07 16:17:11.785   145   912 I ActivityManager: Start proc com.spotify.mobile.android.ui for activity com.spotify.mobile.android.ui/.activity.MainActivity: pid=1418 uid=10055 gids={3003, 1015}
07-07 16:17:11.914  1418  1418 I ActivityThread: Pub com.spotify.mobile.android: com.spotify.mobile.android.provider.SpotifyProvider
07-07 16:17:11.914   373   373 D OpenGLRenderer: Flushing caches (mode 1)
07-07 16:17:11.922   373   373 D OpenGLRenderer: Flushing caches (mode 0)
07-07 16:17:11.949  1418  1418 I ActivityThread: Pub com.spotify.mobile.android.util.SpotifySuggestionProvider: com.spotify.mobile.android.util.SpotifySuggestionProvider
07-07 16:17:12.343  1418  1418 D HockeyApp: Current handler class = com.android.internal.os.RuntimeInit$UncaughtHandler
07-07 16:17:12.414   145   161 I Process : Sending signal. PID: 1418 SIG: 3
07-07 16:17:12.414  1418  1422 I dalvikvm: threadid=3: reacting to signal 3
07-07 16:17:12.437  1418  1422 I dalvikvm: Wrote stack traces to '/data/anr/traces.txt'
07-07 16:17:12.457   145  1184 I ActivityManager: Start proc com.spotify.mobile.android.service for service com.spotify.mobile.android.ui/com.spotify.mobile.android.service.SpotifyService: pid=1433 uid=10055 gids={3003, 1015}
07-07 16:17:12.578  1433  1433 D dalvikvm: Trying to load lib /data/data/com.spotify.mobile.android.ui/lib/liborbit-jni-spotify.so 0x41305a08
07-07 16:17:12.648  1433  1433 D dalvikvm: Added shared lib /data/data/com.spotify.mobile.android.ui/lib/liborbit-jni-spotify.so 0x41305a08
07-07 16:17:12.672   145   394 D dalvikvm: GC_EXPLICIT freed 1609K, 18% free 17303K/20999K, paused 21ms+11ms
07-07 16:17:12.832   145   161 I Process : Sending signal. PID: 1418 SIG: 3
07-07 16:17:12.832  1418  1422 I dalvikvm: threadid=3: reacting to signal 3
07-07 16:17:13.070  1418  1418 D libEGL  : loaded /system/lib/egl/libGLES_android.so
07-07 16:17:13.082  1418  1422 I dalvikvm: Wrote stack traces to '/data/anr/traces.txt'
07-07 16:17:13.097  1418  1418 D libEGL  : loaded /vendor/lib/egl/libEGL_POWERVR_SGX540_120.so
07-07 16:17:13.097   145   380 I AudioService:   Remote Control   registerMediaButtonIntent() for PendingIntent{41897f00: PendingIntentRecord{41b0e2e8 com.spotify.mobile.android.ui broadcastIntent}}
07-07 16:17:13.164  1418  1418 D libEGL  : loaded /vendor/lib/egl/libGLESv1_CM_POWERVR_SGX540_120.so
07-07 16:17:13.179  1418  1418 D libEGL  : loaded /vendor/lib/egl/libGLESv2_POWERVR_SGX540_120.so
07-07 16:17:13.218   145   408 I ActivityManager: Process com.google.android.apps.googlevoice (pid 867) has died.
07-07 16:17:13.218   145   408 W ActivityManager: Scheduling restart of crashed service com.google.android.apps.googlevoice/.UpdateService in 5000ms
07-07 16:17:13.218   145   408 W ActivityManager: Scheduling restart of crashed service com.google.android.apps.googlevoice/.CallLogService in 14999ms
07-07 16:17:13.332   145   161 I Process : Sending signal. PID: 1418 SIG: 3
07-07 16:17:13.332  1418  1422 I dalvikvm: threadid=3: reacting to signal 3
07-07 16:17:13.351  1418  1422 I dalvikvm: Wrote stack traces to '/data/anr/traces.txt'
07-07 16:17:13.629  1418  1418 D OpenGLRenderer: Enabling debug mode 0
07-07 16:17:13.937   145   161 I Process : Sending signal. PID: 1418 SIG: 3
07-07 16:17:13.937  1418  1422 I dalvikvm: threadid=3: reacting to signal 3
07-07 16:17:14.011  1418  1422 I dalvikvm: Wrote stack traces to '/data/anr/traces.txt'
07-07 16:17:14.054   145   175 I ActivityManager: Displayed com.spotify.mobile.android.ui/.activity.MainActivity: +2s308ms
07-07 16:17:15.343  1418  1418 D dalvikvm: GC_FOR_ALLOC freed 186K, 3% free 9274K/9543K, paused 61ms
07-07 16:17:16.090  1418  1420 D dalvikvm: GC_CONCURRENT freed 56K, 2% free 9613K/9799K, paused 3ms+4ms
07-07 16:17:17.187   145   157 I ActivityManager: Process com.google.android.apps.plus (pid 936) has died.
07-07 16:17:17.187   145   157 W ActivityManager: Scheduling restart of crashed service com.google.android.apps.plus/.hangout.GCommService in 21032ms
07-07 16:17:17.324  1418  1420 D dalvikvm: GC_CONCURRENT freed 239K, 4% free 9819K/10183K, paused 8ms+12ms
07-07 16:17:18.207   145   174 I ActivityManager: Start proc com.twitter.android for service com.twitter.android/.client.AppService: pid=1495 uid=10064 gids={3003, 1015}
07-07 16:17:18.265  1495  1495 I dalvikvm: Turning on JNI app bug workarounds for target SDK version 11...
07-07 16:17:18.277   145   162 I ActivityManager: Start proc com.google.android.apps.googlevoice for service com.google.android.apps.googlevoice/.UpdateService: pid=1505 uid=10054 gids={3003, 1015}
07-07 16:17:18.472  1495  1495 I ActivityThread: Pub com.twitter.android.provider.GlobalDatabaseProvider: com.twitter.android.provider.GlobalDatabaseProvider
07-07 16:17:18.574  1495  1495 I ActivityThread: Pub com.twitter.android.provider.TwitterProvider: com.twitter.android.provider.TwitterProvider
07-07 16:17:18.812   145  1185 I ActivityManager: Process com.facebook.katana (pid 898) has died.
07-07 16:17:18.812   145  1185 W ActivityManager: Scheduling restart of crashed service com.facebook.katana/.service.MediaUploadService in 29407ms
07-07 16:17:18.855  1505  1509 D dalvikvm: GC_CONCURRENT freed 248K, 4% free 9283K/9607K, paused 8ms+73ms
07-07 16:17:18.949  1495  1497 D dalvikvm: GC_CONCURRENT freed 191K, 4% free 9286K/9607K, paused 4ms+3ms
07-07 16:17:18.992   373   373 D OpenGLRenderer: Flushing caches (mode 1)
07-07 16:17:19.035 27212 27212 D OpenGLRenderer: Flushing caches (mode 2)
07-07 16:17:19.039 27212 27212 D OpenGLRenderer: Flushing caches (mode 0)
07-07 16:17:19.043 27212 27212 W ManagedEGLContext: doTerminate failed: EGL count is 2 but managed count is 1
07-07 16:17:19.179  1124  1126 D dalvikvm: GC_CONCURRENT freed 510K, 7% free 10473K/11207K, paused 193ms+13ms
07-07 16:17:19.652   145  1189 D CountryDetector: The first listener is added
07-07 16:17:19.777  1505  1509 D dalvikvm: GC_CONCURRENT freed 396K, 6% free 9415K/9927K, paused 43ms+3ms
07-07 16:17:19.777  1505  1518 W CursorWrapperInner: Cursor finalized without prior close()
07-07 16:17:19.777  1505  1518 W CursorWrapperInner: Cursor finalized without prior close()
07-07 16:17:19.777  1505  1518 W CursorWrapperInner: Cursor finalized without prior close()
07-07 16:17:19.840  1399  1400 D dalvikvm: GC_CONCURRENT freed 569K, 7% free 9586K/10247K, paused 2ms+3ms
07-07 16:17:20.117  1505  1509 D dalvikvm: GC_CONCURRENT freed 358K, 5% free 9532K/9991K, paused 2ms+2ms
07-07 16:17:20.519   554   555 D dalvikvm: GC_CONCURRENT freed 450K, 8% free 10152K/11015K, paused 51ms+2ms
07-07 16:17:20.562   145  1189 D dalvikvm: GC_EXPLICIT freed 1177K, 22% free 16512K/20999K, paused 14ms+9ms
07-07 16:17:22.101  1418  1420 D dalvikvm: GC_CONCURRENT freed 362K, 5% free 9917K/10375K, paused 376ms+713ms
07-07 16:17:22.265  1433  1435 D dalvikvm: GC_CONCURRENT freed 311K, 5% free 9153K/9543K, paused 2ms+4ms
07-07 16:17:22.898  1399  1400 D dalvikvm: GC_CONCURRENT freed 274K, 6% free 9707K/10247K, paused 1ms+17ms
07-07 16:17:22.918  1505  1541 D dalvikvm: GC_FOR_ALLOC freed 113K, 5% free 9644K/10119K, paused 140ms
07-07 16:17:23.246   145   329 I ActivityManager: START {act=android.intent.action.VIEW dat=spotify:user:lsm5:playlist:59lxQ24bYrngOUKTYgsErT cmp=com.spotify.mobile.android.ui/.activity.MainActivity (has extras)} from pid 1418
07-07 16:17:23.312  1418  1418 D dalvikvm: GC_FOR_ALLOC freed 271K, 5% free 9871K/10375K, paused 24ms
07-07 16:17:23.316  1418  1418 I dalvikvm-heap: Grow heap (frag case) to 10.975MB for 1324816-byte allocation
07-07 16:17:23.367  1418  1420 D dalvikvm: GC_CONCURRENT freed 34K, 6% free 11129K/11719K, paused 2ms+6ms
07-07 16:17:23.441  1418  1418 D dalvikvm: GC_FOR_ALLOC freed <1K, 6% free 11130K/11719K, paused 31ms
07-07 16:17:23.449  1418  1418 I dalvikvm-heap: Grow heap (frag case) to 12.205MB for 1324816-byte allocation
07-07 16:17:23.476  1418  1418 D dalvikvm: GC_FOR_ALLOC freed 0K, 5% free 12424K/13063K, paused 24ms
07-07 16:17:23.492  1505  1541 D dalvikvm: GC_FOR_ALLOC freed 98K, 5% free 9768K/10247K, paused 211ms
07-07 16:17:23.574  1418  1420 D dalvikvm: GC_CONCURRENT freed 1313K, 15% free 11126K/13063K, paused 3ms+4ms
07-07 16:17:24.687  1418  1420 D dalvikvm: GC_CONCURRENT freed 477K, 14% free 11289K/13063K, paused 4ms+4ms
07-07 16:17:25.199   554   555 D dalvikvm: GC_CONCURRENT freed 381K, 7% free 10261K/11015K, paused 19ms+2ms
07-07 16:17:25.433  1495  1497 D dalvikvm: GC_CONCURRENT freed 225K, 4% free 9508K/9863K, paused 30ms+2ms
07-07 16:17:25.625  1495  1497 D dalvikvm: GC_CONCURRENT freed 294K, 5% free 9630K/10055K, paused 2ms+1ms
07-07 16:17:25.773  1495  1497 D dalvikvm: GC_CONCURRENT freed 299K, 5% free 9759K/10183K, paused 2ms+2ms
07-07 16:17:25.906  1495  1497 D dalvikvm: GC_CONCURRENT freed 301K, 5% free 9888K/10311K, paused 1ms+2ms
07-07 16:17:26.031  1495  1497 D dalvikvm: GC_CONCURRENT freed 298K, 5% free 10014K/10439K, paused 1ms+2ms
07-07 16:17:26.160  1495  1497 D dalvikvm: GC_CONCURRENT freed 296K, 5% free 10142K/10567K, paused 1ms+3ms
07-07 16:17:26.289  1495  1497 D dalvikvm: GC_CONCURRENT freed 299K, 4% free 10272K/10695K, paused 2ms+2ms
07-07 16:17:26.492  1495  1497 D dalvikvm: GC_CONCURRENT freed 478K, 6% free 10217K/10823K, paused 2ms+3ms
07-07 16:17:26.640  1495  1497 D dalvikvm: GC_CONCURRENT freed 320K, 5% free 10292K/10823K, paused 2ms+2ms
07-07 16:17:26.785  1495  1497 D dalvikvm: GC_CONCURRENT freed 325K, 5% free 10379K/10823K, paused 2ms+2ms
07-07 16:17:26.929  1495  1497 D dalvikvm: GC_CONCURRENT freed 360K, 5% free 10464K/10951K, paused 2ms+2ms
07-07 16:17:27.058  1495  1497 D dalvikvm: GC_CONCURRENT freed 342K, 5% free 10546K/11015K, paused 2ms+2ms
