06-29 16:27:29.802   269   269 I wpa_supplicant: wlan0: CTRL-EVENT-EAP-PROPOSED-METHOD vendor=0 method=25
06-29 16:27:29.802   269   269 I wpa_supplicant: wlan0: CTRL-EVENT-EAP-METHOD EAP vendor 0 method 25 (PEAP) selected
06-29 16:27:29.911   269   269 I wpa_supplicant: wlan0: CTRL-EVENT-EAP-PEER-CERT depth=2 subject='/C=US/O=Entrust.net/OU=www.entrust.net/CPS incorp. by ref. (limits liab.)/OU=(c) 1999 Entrust.net Limited/CN=Entrust.net Secure Server Certification Authority'
06-29 16:27:29.919   269   269 I wpa_supplicant: wlan0: CTRL-EVENT-EAP-PEER-CERT depth=2 subject='/C=US/O=Entrust.net/OU=www.entrust.net/CPS incorp. by ref. (limits liab.)/OU=(c) 1999 Entrust.net Limited/CN=Entrust.net Secure Server Certification Authority'
06-29 16:27:29.935   269   269 I wpa_supplicant: wlan0: CTRL-EVENT-EAP-PEER-CERT depth=1 subject='/C=US/ST=UT/L=Salt Lake City/O=The USERTRUST Network/CN=USERTrust Legacy Secure Server CA'
06-29 16:27:29.958   269   269 I wpa_supplicant: wlan0: CTRL-EVENT-EAP-PEER-CERT depth=0 subject='/C=US/postalCode=14260/ST=New York/L=Buffalo/street=305 Computing Center/O=SUNY AT BUFFALO/OU=Office of the President/OU=Issued through UNIVERSITY AT BUFFALO E-PKI Manager/OU=PremiumSSL Legacy/CN=ubsecure.acsu.buffalo.edu'
06-29 16:27:30.107   269   269 I wpa_supplicant: EAP-MSCHAPV2: Authentication succeeded
06-29 16:27:30.114   269   269 I wpa_supplicant: EAP-TLV: TLV Result - Success - EAP-TLV/Phase2 Completed
06-29 16:27:30.122   269   269 I wpa_supplicant: wlan0: CTRL-EVENT-EAP-SUCCESS EAP authentication completed successfully
06-29 16:27:30.181   269   269 I wpa_supplicant: wlan0: WPA: Key negotiation completed with d0:c2:82:2d:ea:c1 [PTK=CCMP GTK=TKIP]
06-29 16:27:30.181   269   269 I wpa_supplicant: wlan0: CTRL-EVENT-CONNECTED - Connection to d0:c2:82:2d:ea:c1 completed (reauth) [id=0 id_str=]
06-29 16:27:30.474   147   208 D Tethering: MasterInitialState.processMessage what=3
06-29 16:27:30.517   147   208 D Tethering: MasterInitialState.processMessage what=3
06-29 16:27:30.743  1139  1139 I MediaUploader: No need to wake up
06-29 16:27:30.755   147   149 D dalvikvm: GC_CONCURRENT freed 918K, 11% free 13746K/15431K, paused 3ms+7ms
06-29 16:27:30.767   504   504 I PhoneLab-WiFiReceiver: Wi-Fi is disconnected!
06-29 16:27:30.802   147   204 D ConnectivityService: ConnectivityChange for WIFI: CONNECTED/CONNECTED
06-29 16:27:30.833   147   199 W NetworkStats: dropping UID delta from unknown iface: iface=wlan0 uid=0 set=DEFAULT tag=0x0 rxBytes=100 rxPackets=2 txBytes=140 txPackets=2 operations=0
06-29 16:27:30.931  1255  1255 W ContextScopeImpl: thread=1 tried to enter the scope of the application context. Ignored.
06-29 16:27:30.993  1255  1257 D dalvikvm: GC_CONCURRENT freed 316K, 5% free 9879K/10311K, paused 3ms+3ms
06-29 16:27:31.013  1158  1192 D PicasaSyncManager: active network: NetworkInfo: type: WIFI[], state: CONNECTED/CONNECTED, reason: (unspecified), extra: (none), roaming: false, failover: false, isAvailable: true
06-29 16:27:31.017  1158  1192 D PicasaSyncManager: background data: true
06-29 16:27:31.067   147   385 D AlarmManagerService: Kernel timezone updated to 240 minutes west of GMT
06-29 16:27:31.095  1139  1139 I MediaUploader: No need to wake up
06-29 16:27:31.169  1255  1255 W ContextScopeImpl: thread=1 tried to enter the scope of the application context. Ignored.
06-29 16:27:31.192   504   504 I PhoneLab-WiFiReceiver: Wi-Fi is connected!
06-29 16:27:31.192   504   504 I PhoneLab-WiFiReceiver: SSID: UB_Secure BSSID: d0:c2:82:2d:ea:c1 RSSI: -72 LinkSpeed: 19
06-29 16:27:31.192   504   504 I PhoneLab-Locks: wake lock acquired
06-29 16:27:31.200   504   504 I PhoneLab-UploadLogs: Transfering log files now
06-29 16:27:31.290   504   506 D dalvikvm: GC_CONCURRENT freed 430K, 6% free 9234K/9735K, paused 2ms+3ms
06-29 16:27:31.310   504   504 D dalvikvm: GC_FOR_ALLOC freed 82K, 6% free 9281K/9863K, paused 14ms
06-29 16:27:31.310   504   504 I dalvikvm-heap: Grow heap (frag case) to 9.375MB for 254548-byte allocation
06-29 16:27:31.329   504   504 D dalvikvm: GC_FOR_ALLOC freed 120K, 8% free 9409K/10119K, paused 14ms
06-29 16:27:31.333   504   504 I dalvikvm-heap: Grow heap (frag case) to 9.750MB for 516692-byte allocation
06-29 16:27:31.337  1158  1192 D PicasaSyncManager: active network: NetworkInfo: type: WIFI[], state: CONNECTED/CONNECTED, reason: (unspecified), extra: (none), roaming: false, failover: false, isAvailable: true
06-29 16:27:31.360   504   506 D dalvikvm: GC_CONCURRENT freed 248K, 10% free 9664K/10631K, paused 2ms+2ms
06-29 16:27:31.400   504   504 I PhoneLab-UploadLogs: OnStartCommand
06-29 16:27:31.419  1158  1192 D PicasaSyncManager: background data: true
06-29 16:27:31.446  1124  1126 D dalvikvm: GC_CONCURRENT freed 307K, 5% free 9162K/9543K, paused 1ms+5ms
06-29 16:27:31.454   504  1584 D dalvikvm: GC_FOR_ALLOC freed 382K, 10% free 9649K/10631K, paused 35ms
06-29 16:27:31.478   504  1584 D dalvikvm: GC_FOR_ALLOC freed 301K, 10% free 9650K/10631K, paused 17ms
06-29 16:27:31.509   504  1584 D dalvikvm: GC_FOR_ALLOC freed 301K, 10% free 9656K/10631K, paused 21ms
06-29 16:27:31.732   504   504 I PhoneLab-: 1341001327183.log is deleted
06-29 16:27:31.735   504   504 I PhoneLab-: Response: {"data": "done", "err": ""}
06-29 16:27:31.739   504   504 I PhoneLab-UploadLogs: No log files to transfer
06-29 16:27:31.739   504   504 I PhoneLab-Locks: wake lock released
06-29 16:27:31.743   997   999 D dalvikvm: GC_CONCURRENT freed 456K, 6% free 10598K/11271K, paused 8ms+11ms
06-29 16:27:31.806   147   204 D ConnectivityService: NetTransition Wakelock for WifiStateMachine released by timeout
06-29 16:27:32.302   997  1589 W System.err: javax.net.ssl.SSLProtocolException: Read error: ssl=0x15f10f0: Failure in SSL library, usually a protocol error
06-29 16:27:32.310   997  1589 W System.err: 	at org.apache.harmony.xnet.provider.jsse.NativeCrypto.SSL_read(Native Method)
06-29 16:27:32.310   997  1589 W System.err: 	at org.apache.harmony.xnet.provider.jsse.OpenSSLSocketImpl$SSLInputStream.read(OpenSSLSocketImpl.java:671)
06-29 16:27:32.314   997  1589 W System.err: 	at java.io.InputStreamReader.read(InputStreamReader.java:244)
06-29 16:27:32.314   997  1589 W System.err: 	at java.io.BufferedReader.read(BufferedReader.java:310)
06-29 16:27:32.317   997  1589 W System.err: 	at org.jivesoftware.smack.XMPPConnection$AliveReader.read(XMPPConnection.java:1067)
06-29 16:27:32.321   997  1589 W System.err: 	at org.kxml2.io.KXmlParser.fillBuffer(KXmlParser.java:1496)
06-29 16:27:32.321   997  1589 W System.err: 	at org.kxml2.io.KXmlParser.peekType(KXmlParser.java:979)
06-29 16:27:32.325   997  1589 W System.err: 	at org.kxml2.io.KXmlParser.next(KXmlParser.java:346)
06-29 16:27:32.329   997  1589 W System.err: 	at org.kxml2.io.KXmlParser.next(KXmlParser.java:310)
06-29 16:27:32.329   997  1589 W System.err: 	at org.jivesoftware.smack.PacketReader.parsePackets(PacketReader.java:321)
06-29 16:27:32.333   997  1589 W System.err: 	at org.jivesoftware.smack.PacketReader.access$1(PacketReader.java:216)
06-29 16:27:32.333   997  1589 W System.err: 	at org.jivesoftware.smack.PacketReader$1.run(PacketReader.java:70)
06-29 16:27:33.880   147   208 D Tethering: MasterInitialState.processMessage what=3
06-29 16:27:33.896   314   314 I GTalkService/c: [AndroidEndpoint@1094364792] connect: acct=1000000, state=CONNECTING
06-29 16:27:33.896   314   314 I GTalkService/c: [GTalkConnection@1093824256] connect: acct=1, state=CONNECTING
06-29 16:27:33.985   314   317 D dalvikvm: GC_CONCURRENT freed 441K, 6% free 10085K/10631K, paused 2ms+6ms
06-29 16:27:34.013  1139  1139 I MediaUploader: No need to wake up
06-29 16:27:34.083  1255  1255 W ContextScopeImpl: thread=1 tried to enter the scope of the application context. Ignored.
06-29 16:27:34.153  1158  1192 D PicasaSyncManager: active network: NetworkInfo: type: WIFI[], state: CONNECTED/CONNECTED, reason: (unspecified), extra: (none), roaming: false, failover: false, isAvailable: true
06-29 16:27:34.153  1158  1192 D PicasaSyncManager: background data: true
06-29 16:27:35.212   147   204 D ConnectivityService: handleInetConditionHoldEnd: net=1, condition=100, published condition=0
06-29 16:27:35.466   964   966 D dalvikvm: GC_CONCURRENT freed 664K, 8% free 9898K/10695K, paused 2ms+3ms
06-29 16:27:35.911   314   317 D dalvikvm: GC_CONCURRENT freed 441K, 6% free 10063K/10631K, paused 7ms+3ms
06-29 16:27:36.739   346   346 D SAN_SERVICE: *******************************************
06-29 16:27:36.739   346   346 D SAN_SERVICE: DM App Phone Service State - 0
06-29 16:27:36.739   346   346 D SAN_SERVICE: *******************************************
06-29 16:27:40.958   448   453 D dalvikvm: GC_CONCURRENT freed 414K, 6% free 9577K/10119K, paused 2ms+4ms
06-29 16:27:41.466   147   158 D dalvikvm: GC_EXPLICIT freed 1177K, 12% free 13601K/15431K, paused 3ms+6ms
06-29 16:27:41.540   314   317 D dalvikvm: GC_CONCURRENT freed 371K, 5% free 10127K/10631K, paused 2ms+3ms
06-29 16:27:46.880   346   346 D SAN_SERVICE: *******************************************
06-29 16:27:46.880   346   346 D SAN_SERVICE: DM App Phone Service State - 0
06-29 16:27:46.880   346   346 D SAN_SERVICE: *******************************************
06-29 16:27:49.478   346   346 D SAN_SERVICE: *******************************************
06-29 16:27:49.478   346   346 D SAN_SERVICE: DM App Phone Service State - 0
06-29 16:27:49.478   346   346 D SAN_SERVICE: *******************************************
06-29 16:27:53.806   147   204 D ConnectivityService: ConnectivityChange for mobile: CONNECTED/CONNECTED
06-29 16:27:53.833   147   204 D NetUtils: android_net_utils_resetConnections in env=0x15722b8 clazz=0x7a000001 iface=rmnet0 mask=0x3
06-29 16:27:53.833   147   204 D ConnectivityService: ConnectivityChange for mobile: DISCONNECTED/DISCONNECTED
06-29 16:27:53.833   147   204 D ConnectivityService: Attempting to switch to WIFI
06-29 16:27:53.833   147   204 D ConnectivityService: Attempting to switch to WIMAX
06-29 16:27:53.833   147   204 D ConnectivityService: Attempting to switch to BLUETOOTH_TETHER
06-29 16:27:53.833   147   204 D ConnectivityService: resetConnections(rmnet0, 3)
06-29 16:27:54.005   346   350 D dalvikvm: GC_CONCURRENT freed 376K, 7% free 9508K/10119K, paused 2ms+2ms
06-29 16:27:55.083   147   337 D AlarmManagerService: Kernel timezone updated to 240 minutes west of GMT
06-29 16:27:56.853   147   208 D Tethering: MasterInitialState.processMessage what=3
06-29 16:27:56.888   147   208 D Tethering: MasterInitialState.processMessage what=3
06-29 16:27:56.888   147   382 D AlarmManagerService: Kernel timezone updated to 240 minutes west of GMT
06-29 16:27:56.915  1139  1139 I MediaUploader: No need to wake up
06-29 16:27:57.013  1255  1255 W ContextScopeImpl: thread=1 tried to enter the scope of the application context. Ignored.
06-29 16:27:57.056  1139  1139 I MediaUploader: No need to wake up
06-29 16:27:57.130  1255  1255 W ContextScopeImpl: thread=1 tried to enter the scope of the application context. Ignored.
06-29 16:27:57.153  1158  1192 D PicasaSyncManager: active network: NetworkInfo: type: WIFI[], state: CONNECTED/CONNECTED, reason: (unspecified), extra: (none), roaming: false, failover: false, isAvailable: true
06-29 16:27:57.157  1158  1192 D PicasaSyncManager: background data: true
06-29 16:27:57.165  1158  1192 D PicasaSyncManager: active network: NetworkInfo: type: WIFI[], state: CONNECTED/CONNECTED, reason: (unspecified), extra: (none), roaming: false, failover: false, isAvailable: true
06-29 16:27:57.169  1158  1192 D PicasaSyncManager: background data: true
06-29 16:27:57.388   147   204 D ConnectivityService: handleInetConditionHoldEnd: net=1, condition=100, published condition=100
06-29 16:28:01.341   147   382 D AlarmManagerService: Kernel timezone updated to 240 minutes west of GMT
06-29 16:28:01.341   346   346 D SAN_SERVICE: *******************************************
06-29 16:28:01.341   346   346 D SAN_SERVICE: DM App Phone Service State - 0
06-29 16:28:01.341   346   346 D SAN_SERVICE: *******************************************
06-29 16:28:06.673   504  1386 I PhoneLab-: Service Running
06-29 16:28:06.786   504  1386 I PhoneLab-LoggerService: app_37    1399  504   1440   1072  c00f181c 400107b4 S logcat
06-29 16:28:06.786   504  1386 I PhoneLab-LoggerService: Logcat pid from database 1399
06-29 16:28:06.786   504  1386 I PhoneLab-LoggerService: Logcat process found 1399
06-29 16:28:06.786   504  1386 I PhoneLab-LoggerService: Checking Threshold
06-29 16:28:06.786   504  1386 I PhoneLab-LoggerService: Starting to rename files
06-29 16:28:06.786   504  1386 I PhoneLab-LoggerService: Files found .. 2
06-29 16:28:06.786   504  1386 I PhoneLab-LoggerService: File 1 log.out.1
06-29 16:28:06.802   504   506 D dalvikvm: GC_CONCURRENT freed 877K, 14% free 9174K/10631K, paused 1ms+2ms
06-29 16:28:06.817   504  1386 I PhoneLab-LoggerService: Renamed successfully
06-29 16:28:07.314   147   149 D dalvikvm: GC_CONCURRENT freed 1011K, 12% free 13610K/15431K, paused 3ms+5ms
06-29 16:28:07.345  1359  1361 D dalvikvm: GC_CONCURRENT freed 389K, 7% free 10109K/10823K, paused 1ms+2ms
06-29 16:28:15.380   147   337 D AlarmManagerService: Kernel timezone updated to 240 minutes west of GMT
06-29 16:28:16.376   147   382 D AlarmManagerService: Kernel timezone updated to 240 minutes west of GMT
06-29 16:28:25.353   147   372 D AlarmManagerService: Kernel timezone updated to 240 minutes west of GMT
06-29 16:28:27.357   147   371 D AlarmManagerService: Kernel timezone updated to 240 minutes west of GMT
06-29 16:28:28.337   346   346 D SAN_SERVICE: *******************************************
06-29 16:28:28.337   346   346 D SAN_SERVICE: DM App Phone Service State - 0
06-29 16:28:28.337   346   346 D SAN_SERVICE: *******************************************
06-29 16:28:30.345   147   297 D AlarmManagerService: Kernel timezone updated to 240 minutes west of GMT
06-29 16:28:33.528   997   999 D dalvikvm: GC_CONCURRENT freed 426K, 7% free 10578K/11271K, paused 2ms+7ms
06-29 16:28:34.364   997   999 D dalvikvm: GC_CONCURRENT freed 404K, 6% free 10620K/11271K, paused 2ms+2ms
06-29 16:28:37.353   147   147 D AlarmManagerService: Kernel timezone updated to 240 minutes west of GMT
06-29 16:28:40.407   147   371 D AlarmManagerService: Kernel timezone updated to 240 minutes west of GMT
06-29 16:28:43.153   346   346 D SAN_SERVICE: *******************************************
06-29 16:28:43.153   346   346 D SAN_SERVICE: DM App Phone Service State - 0
06-29 16:28:43.153   346   346 D SAN_SERVICE: *******************************************
06-29 16:28:44.146   346   346 D SAN_SERVICE: *******************************************
06-29 16:28:44.146   346   346 D SAN_SERVICE: DM App Phone Service State - 0
06-29 16:28:44.146   346   346 D SAN_SERVICE: *******************************************
06-29 16:28:44.427   346   346 D SAN_SERVICE: *******************************************
06-29 16:28:44.427   346   346 D SAN_SERVICE: DM App Phone Service State - 0
06-29 16:28:44.427   346   346 D SAN_SERVICE: *******************************************
06-29 16:28:45.907   346   346 D SAN_SERVICE: *******************************************
06-29 16:28:45.907   346   346 D SAN_SERVICE: DM App Phone Service State - 0
06-29 16:28:45.907   346   346 D SAN_SERVICE: *******************************************
06-29 16:28:46.415   147   158 D AlarmManagerService: Kernel timezone updated to 240 minutes west of GMT
06-29 16:28:46.423   346   346 D SAN_SERVICE: *******************************************
06-29 16:28:46.423   346   346 D SAN_SERVICE: DM App Phone Service State - 0
06-29 16:28:46.423   346   346 D SAN_SERVICE: *******************************************
06-29 16:28:52.775   147   147 D AlarmManagerService: Kernel timezone updated to 240 minutes west of GMT
06-29 16:29:06.396   147   372 D AlarmManagerService: Kernel timezone updated to 240 minutes west of GMT
06-29 16:29:08.482   579   581 D dalvikvm: GC_CONCURRENT freed 502K, 6% free 10394K/11015K, paused 12ms+3ms
06-29 16:29:08.950   346   346 D SAN_SERVICE: *******************************************
06-29 16:29:08.950   346   346 D SAN_SERVICE: DM App Phone Service State - 0
06-29 16:29:08.950   346   346 D SAN_SERVICE: *******************************************
06-29 16:29:25.497   346   346 D SAN_SERVICE: *******************************************
06-29 16:29:25.497   346   346 D SAN_SERVICE: DM App Phone Service State - 0
06-29 16:29:25.497   346   346 D SAN_SERVICE: *******************************************
06-29 16:29:30.931   346   346 D SAN_SERVICE: *******************************************
06-29 16:29:30.931   346   346 D SAN_SERVICE: DM App Phone Service State - 0
06-29 16:29:30.931   346   346 D SAN_SERVICE: *******************************************
06-29 16:30:00.107   346   346 D SAN_SERVICE: *******************************************
06-29 16:30:00.107   346   346 D SAN_SERVICE: DM App Phone Service State - 0
06-29 16:30:00.107   346   346 D SAN_SERVICE: *******************************************
06-29 16:30:06.673   504  1386 I PhoneLab-: Service Running
06-29 16:30:06.775   504  1386 I PhoneLab-LoggerService: app_37    1399  504   1440   1072  c00f181c 400107b4 S logcat
06-29 16:30:06.778   504  1386 I PhoneLab-LoggerService: Logcat pid from database 1399
06-29 16:30:06.778   504  1386 I PhoneLab-LoggerService: Logcat process found 1399
06-29 16:30:06.778   504  1386 I PhoneLab-LoggerService: Checking Threshold
06-29 16:30:06.778   504  1386 I PhoneLab-LoggerService: Starting to rename files
06-29 16:30:06.778   504  1386 I PhoneLab-LoggerService: Files found .. 2
06-29 16:30:07.235   147   371 D AlarmManagerService: Kernel timezone updated to 240 minutes west of GMT
06-29 16:30:07.063   147   297 I ActivityManager: Start proc com.android.deskclock for broadcast com.android.deskclock/.AlarmInitReceiver: pid=1624 uid=10011 gids={}
06-29 16:30:07.239   346   346 D SystemClock: Setting time of day to sec=1341001807
06-29 16:30:07.110  1624  1624 I ActivityThread: Pub com.android.deskclock: com.android.deskclock.AlarmProvider
06-29 16:30:07.173  1624  1637 V AlarmClock: AlarmInitReceiver finished
06-29 16:30:08.055   147   337 D AlarmManagerService: Kernel timezone updated to 240 minutes west of GMT
06-29 16:30:08.317   147   147 D dalvikvm: GC_EXPLICIT freed 478K, 12% free 13616K/15431K, paused 3ms+6ms
06-29 16:30:08.399  1359  1361 D dalvikvm: GC_CONCURRENT freed 487K, 7% free 10117K/10823K, paused 2ms+3ms
06-29 16:30:09.872   346   346 D SAN_SERVICE: *******************************************
06-29 16:30:09.872   346   346 D SAN_SERVICE: DM App Phone Service State - 0
06-29 16:30:09.872   346   346 D SAN_SERVICE: *******************************************
06-29 16:30:10.051   147   382 D AlarmManagerService: Kernel timezone updated to 240 minutes west of GMT
06-29 16:30:10.091   579   581 D dalvikvm: GC_CONCURRENT freed 403K, 6% free 10382K/11015K, paused 3ms+2ms
06-29 16:30:16.051   147   159 D AlarmManagerService: Kernel timezone updated to 240 minutes west of GMT
06-29 16:30:20.110   346   346 D SAN_SERVICE: *******************************************
06-29 16:30:20.110   346   346 D SAN_SERVICE: DM App Phone Service State - 0
06-29 16:30:20.110   346   346 D SAN_SERVICE: *******************************************
06-29 16:30:21.137   346   350 D dalvikvm: GC_CONCURRENT freed 417K, 6% free 9524K/10119K, paused 2ms+2ms
06-29 16:30:21.145   346   346 D SAN_SERVICE: *******************************************
06-29 16:30:21.145   346   346 D SAN_SERVICE: DM App Phone Service State - 0
06-29 16:30:21.149   346   346 D SAN_SERVICE: *******************************************
06-29 16:30:23.106   147   385 D AlarmManagerService: Kernel timezone updated to 240 minutes west of GMT
06-29 16:30:23.376   346   346 D SAN_SERVICE: *******************************************
06-29 16:30:23.376   346   346 D SAN_SERVICE: DM App Phone Service State - 0
06-29 16:30:23.376   346   346 D SAN_SERVICE: *******************************************
06-29 16:30:24.153   346   346 D SAN_SERVICE: *******************************************
06-29 16:30:24.153   346   346 D SAN_SERVICE: DM App Phone Service State - 0
06-29 16:30:24.153   346   346 D SAN_SERVICE: *******************************************
06-29 16:30:43.028   147   382 D AlarmManagerService: Kernel timezone updated to 240 minutes west of GMT
06-29 16:30:50.036   346   346 D SAN_SERVICE: *******************************************
06-29 16:30:50.036   346   346 D SAN_SERVICE: DM App Phone Service State - 0
06-29 16:30:50.036   346   346 D SAN_SERVICE: *******************************************
06-29 16:30:53.438   346   346 D SAN_SERVICE: *******************************************
06-29 16:30:53.438   346   346 D SAN_SERVICE: DM App Phone Service State - 0
06-29 16:30:53.438   346   346 D SAN_SERVICE: *******************************************
06-29 16:31:08.376  1359  1361 D dalvikvm: GC_CONCURRENT freed 459K, 7% free 10168K/10823K, paused 2ms+3ms
06-29 16:31:17.587   346   346 D SAN_SERVICE: *******************************************
06-29 16:31:17.587   346   346 D SAN_SERVICE: DM App Phone Service State - 0
06-29 16:31:17.587   346   346 D SAN_SERVICE: *******************************************
06-29 16:31:27.399   346   346 D SAN_SERVICE: *******************************************
06-29 16:31:27.399   346   346 D SAN_SERVICE: DM App Phone Service State - 0
06-29 16:31:27.399   346   346 D SAN_SERVICE: *******************************************
06-29 16:31:36.290   346   346 D SAN_SERVICE: *******************************************
06-29 16:31:36.290   346   346 D SAN_SERVICE: DM App Phone Service State - 0
06-29 16:31:36.290   346   346 D SAN_SERVICE: *******************************************
06-29 16:32:06.673   504  1386 I PhoneLab-: Service Running
06-29 16:32:06.766   504  1386 I PhoneLab-LoggerService: app_37    1399  504   1440   1072  c00f181c 400107b4 S logcat
06-29 16:32:06.766   504  1386 I PhoneLab-LoggerService: Logcat pid from database 1399
06-29 16:32:06.766   504  1386 I PhoneLab-LoggerService: Logcat process found 1399
06-29 16:32:06.766   504  1386 I PhoneLab-LoggerService: Checking Threshold
06-29 16:32:06.766   504  1386 I PhoneLab-LoggerService: Starting to rename files
06-29 16:32:06.766   504  1386 I PhoneLab-LoggerService: Files found .. 2
06-29 16:32:08.407   579   581 D dalvikvm: GC_CONCURRENT freed 504K, 6% free 10389K/11015K, paused 2ms+2ms
06-29 16:32:08.540  1359  1361 D dalvikvm: GC_CONCURRENT freed 438K, 7% free 10125K/10823K, paused 2ms+2ms
06-29 16:32:24.352   147   158 D AlarmManagerService: Kernel timezone updated to 240 minutes west of GMT
06-29 16:32:24.743   346   346 D SAN_SERVICE: *******************************************
06-29 16:32:24.743   346   346 D SAN_SERVICE: DM App Phone Service State - 0
06-29 16:32:24.743   346   346 D SAN_SERVICE: *******************************************
06-29 16:32:24.782   346   346 D SAN_SERVICE: *******************************************
06-29 16:32:24.782   346   346 D SAN_SERVICE: DM App Phone Service State - 0
06-29 16:32:24.782   346   346 D SAN_SERVICE: *******************************************
06-29 16:32:25.305   346   346 D SAN_SERVICE: *******************************************
06-29 16:32:25.305   346   346 D SAN_SERVICE: DM App Phone Service State - 0
06-29 16:32:25.305   346   346 D SAN_SERVICE: *******************************************
06-29 16:32:29.313   346   346 D SAN_SERVICE: *******************************************
06-29 16:32:29.313   346   346 D SAN_SERVICE: DM App Phone Service State - 0
06-29 16:32:29.313   346   346 D SAN_SERVICE: *******************************************
06-29 16:32:30.325   147   372 D AlarmManagerService: Kernel timezone updated to 240 minutes west of GMT
06-29 16:32:39.356   147   297 D AlarmManagerService: Kernel timezone updated to 240 minutes west of GMT
06-29 16:32:44.384   147   158 D AlarmManagerService: Kernel timezone updated to 240 minutes west of GMT
06-29 16:32:51.384   346   346 D SAN_SERVICE: *******************************************
06-29 16:32:51.384   346   346 D SAN_SERVICE: DM App Phone Service State - 0
06-29 16:32:51.384   346   346 D SAN_SERVICE: *******************************************
06-29 16:33:08.540   579   581 D dalvikvm: GC_CONCURRENT freed 494K, 6% free 10402K/11015K, paused 2ms+7ms
06-29 16:33:08.641  1359  1361 D dalvikvm: GC_CONCURRENT freed 354K, 7% free 10160K/10823K, paused 2ms+2ms
06-29 16:33:08.794  1359  1361 D dalvikvm: GC_CONCURRENT freed 256K, 5% free 10292K/10823K, paused 2ms+2ms
06-29 16:33:42.598   346   346 D SAN_SERVICE: *******************************************
06-29 16:33:42.598   346   346 D SAN_SERVICE: DM App Phone Service State - 0
06-29 16:33:42.598   346   346 D SAN_SERVICE: *******************************************
06-29 16:34:06.673   504  1386 I PhoneLab-: Service Running
06-29 16:34:06.778   504  1386 I PhoneLab-LoggerService: app_37    1399  504   1440   1072  c00f181c 400107b4 S logcat
06-29 16:34:06.778   504  1386 I PhoneLab-LoggerService: Logcat pid from database 1399
06-29 16:34:06.778   504  1386 I PhoneLab-LoggerService: Logcat process found 1399
06-29 16:34:06.778   504  1386 I PhoneLab-LoggerService: Checking Threshold
06-29 16:34:06.778   504  1386 I PhoneLab-LoggerService: Starting to rename files
06-29 16:34:06.778   504  1386 I PhoneLab-LoggerService: Files found .. 2
06-29 16:34:07.313  1086  1658 W Gmail   : Successful index run, cancel next scheduled index run
06-29 16:34:07.337  1178  1181 D dalvikvm: GC_CONCURRENT freed 416K, 5% free 10655K/11143K, paused 2ms+4ms
06-29 16:34:08.587  1359  1361 D dalvikvm: GC_CONCURRENT freed 682K, 7% free 10133K/10887K, paused 2ms+2ms
06-29 16:34:10.962   346   346 D SAN_SERVICE: *******************************************
06-29 16:34:10.962   346   346 D SAN_SERVICE: DM App Phone Service State - 0
06-29 16:34:10.962   346   346 D SAN_SERVICE: *******************************************
06-29 16:34:11.028   147   149 D dalvikvm: GC_CONCURRENT freed 980K, 12% free 13663K/15431K, paused 3ms+6ms
06-29 16:34:14.200   346   346 D SAN_SERVICE: *******************************************
06-29 16:34:14.204   346   346 D SAN_SERVICE: DM App Phone Service State - 0
06-29 16:34:14.204   346   346 D SAN_SERVICE: *******************************************
06-29 16:34:28.466   314   317 D dalvikvm: GC_CONCURRENT freed 428K, 6% free 10134K/10695K, paused 3ms+10ms
06-29 16:34:28.524   448   453 D dalvikvm: GC_CONCURRENT freed 425K, 6% free 9565K/10119K, paused 2ms+2ms
06-29 16:34:36.399   346   346 D SAN_SERVICE: *******************************************
06-29 16:34:36.399   346   346 D SAN_SERVICE: DM App Phone Service State - 0
06-29 16:34:36.399   346   346 D SAN_SERVICE: *******************************************
06-29 16:34:46.649   346   346 D SAN_SERVICE: *******************************************
06-29 16:34:46.649   346   346 D SAN_SERVICE: DM App Phone Service State - 0
06-29 16:34:46.649   346   346 D SAN_SERVICE: *******************************************
06-29 16:35:08.579   579   581 D dalvikvm: GC_CONCURRENT freed 505K, 6% free 10409K/11015K, paused 2ms+3ms
06-29 16:35:08.716  1359  1361 D dalvikvm: GC_CONCURRENT freed 394K, 7% free 10151K/10887K, paused 2ms+2ms
06-29 16:35:11.676   346   346 D SAN_SERVICE: *******************************************
06-29 16:35:11.676   346   346 D SAN_SERVICE: DM App Phone Service State - 0
06-29 16:35:11.676   346   346 D SAN_SERVICE: *******************************************
06-29 16:35:15.321   346   346 D SAN_SERVICE: *******************************************
06-29 16:35:15.321   346   346 D SAN_SERVICE: DM App Phone Service State - 0
06-29 16:35:15.321   346   346 D SAN_SERVICE: *******************************************
06-29 16:36:06.673   504  1386 I PhoneLab-: Service Running
06-29 16:36:06.766   504  1386 I PhoneLab-LoggerService: app_37    1399  504   1440   1072  c00f181c 400107b4 S logcat
06-29 16:36:06.766   504  1386 I PhoneLab-LoggerService: Logcat pid from database 1399
06-29 16:36:06.766   504  1386 I PhoneLab-LoggerService: Logcat process found 1399
06-29 16:36:06.766   504  1386 I PhoneLab-LoggerService: Checking Threshold
06-29 16:36:06.766   504  1386 I PhoneLab-LoggerService: Starting to rename files
06-29 16:36:06.766   504  1386 I PhoneLab-LoggerService: Files found .. 2
06-29 16:37:00.098   224   227 D dalvikvm: GC_CONCURRENT freed 385K, 33% free 9870K/14599K, paused 4ms+3ms
06-29 16:37:08.716   579   581 D dalvikvm: GC_CONCURRENT freed 519K, 6% free 10402K/11015K, paused 2ms+3ms
06-29 16:37:08.833  1359  1361 D dalvikvm: GC_CONCURRENT freed 516K, 7% free 10146K/10887K, paused 2ms+3ms
06-29 16:38:06.673   504  1386 I PhoneLab-: Service Running
06-29 16:38:06.755   504  1386 I PhoneLab-LoggerService: app_37    1399  504   1440   1072  c00f181c 400107b4 S logcat
06-29 16:38:06.755   504  1386 I PhoneLab-LoggerService: Logcat pid from database 1399
06-29 16:38:06.755   504  1386 I PhoneLab-LoggerService: Logcat process found 1399
06-29 16:38:06.755   504  1386 I PhoneLab-LoggerService: Checking Threshold
06-29 16:38:06.755   504  1386 I PhoneLab-LoggerService: Starting to rename files
06-29 16:38:06.755   504  1386 I PhoneLab-LoggerService: Files found .. 2
06-29 16:38:08.786   314   335 D dalvikvm: GC_EXPLICIT freed 151K, 6% free 10078K/10695K, paused 3ms+4ms
06-29 16:38:08.841  1359  1370 D dalvikvm: GC_EXPLICIT freed 252K, 8% free 10085K/10887K, paused 2ms+3ms
06-29 16:38:08.919   147   385 D dalvikvm: GC_EXPLICIT freed 618K, 12% free 13618K/15431K, paused 3ms+6ms
06-29 16:38:24.239   346   346 D SAN_SERVICE: *******************************************
06-29 16:38:24.239   346   346 D SAN_SERVICE: DM App Phone Service State - 0
06-29 16:38:24.239   346   346 D SAN_SERVICE: *******************************************
06-29 16:38:35.235   346   346 D SAN_SERVICE: *******************************************
06-29 16:38:35.235   346   346 D SAN_SERVICE: DM App Phone Service State - 0
06-29 16:38:35.235   346   346 D SAN_SERVICE: *******************************************
06-29 16:38:38.692   346   346 D SAN_SERVICE: *******************************************
06-29 16:38:38.692   346   346 D SAN_SERVICE: DM App Phone Service State - 0
06-29 16:38:38.692   346   346 D SAN_SERVICE: *******************************************
06-29 16:38:38.708   346   350 D dalvikvm: GC_CONCURRENT freed 420K, 7% free 9497K/10119K, paused 16ms+3ms
06-29 16:38:52.516   314   678 I EventLogService: Aggregate from 1341000532296 (log), 1341000532296 (data)
06-29 16:39:01.735   346   346 D SAN_SERVICE: *******************************************
06-29 16:39:01.735   346   346 D SAN_SERVICE: DM App Phone Service State - 0
06-29 16:39:01.735   346   346 D SAN_SERVICE: *******************************************
06-29 16:39:08.860   579   581 D dalvikvm: GC_CONCURRENT freed 512K, 6% free 10401K/11015K, paused 2ms+2ms
06-29 16:39:08.977  1359  1361 D dalvikvm: GC_CONCURRENT freed 441K, 7% free 10149K/10887K, paused 2ms+3ms
06-29 16:39:12.809   346   346 D SAN_SERVICE: *******************************************
06-29 16:39:12.813   346   346 D SAN_SERVICE: DM App Phone Service State - 0
06-29 16:39:12.813   346   346 D SAN_SERVICE: *******************************************
06-29 16:39:17.110   346   346 D SAN_SERVICE: *******************************************
06-29 16:39:17.110   346   346 D SAN_SERVICE: DM App Phone Service State - 0
06-29 16:39:17.110   346   346 D SAN_SERVICE: *******************************************
06-29 16:40:06.673   504  1386 I PhoneLab-: Service Running
06-29 16:40:06.747   504  1386 I PhoneLab-LoggerService: app_37    1399  504   1440   1072  c00f181c 400107b4 S logcat
06-29 16:40:06.747   504  1386 I PhoneLab-LoggerService: Logcat pid from database 1399
06-29 16:40:06.747   504  1386 I PhoneLab-LoggerService: Logcat process found 1399
06-29 16:40:06.747   504  1386 I PhoneLab-LoggerService: Checking Threshold
06-29 16:40:06.747   504  1386 I PhoneLab-LoggerService: Starting to rename files
06-29 16:40:06.747   504  1386 I PhoneLab-LoggerService: Files found .. 2
06-29 16:40:09.016  1359  1361 D dalvikvm: GC_CONCURRENT freed 453K, 7% free 10185K/10887K, paused 2ms+3ms
06-29 16:40:09.180  1359  1361 D dalvikvm: GC_CONCURRENT freed 326K, 6% free 10338K/10887K, paused 2ms+2ms
06-29 16:41:08.969   579   581 D dalvikvm: GC_CONCURRENT freed 513K, 6% free 10400K/11015K, paused 2ms+2ms
06-29 16:41:09.071   314   317 D dalvikvm: GC_CONCURRENT freed 240K, 5% free 10225K/10695K, paused 2ms+8ms
06-29 16:41:09.141  1359  1361 D dalvikvm: GC_CONCURRENT freed 676K, 8% free 10170K/10951K, paused 1ms+2ms
06-29 16:42:06.673   504  1386 I PhoneLab-: Service Running
06-29 16:42:06.755   504  1386 I PhoneLab-LoggerService: app_37    1399  504   1440   1072  c00f181c 400107b4 S logcat
06-29 16:42:06.755   504  1386 I PhoneLab-LoggerService: Logcat pid from database 1399
06-29 16:42:06.755   504  1386 I PhoneLab-LoggerService: Logcat process found 1399
06-29 16:42:06.755   504  1386 I PhoneLab-LoggerService: Checking Threshold
06-29 16:42:06.759   504  1386 I PhoneLab-LoggerService: Starting to rename files
06-29 16:42:06.770   504  1386 I PhoneLab-LoggerService: Files found .. 2
06-29 16:42:06.786   504   506 D dalvikvm: GC_CONCURRENT freed 429K, 15% free 9129K/10631K, paused 2ms+2ms
06-29 16:42:41.751   147   172 I ActivityManager: Start proc com.google.android.apps.currents for service com.google.android.apps.currents/com.google.apps.dots.android.app.service.SyncService: pid=1706 uid=10078 gids={3003, 1015}
06-29 16:42:42.774  1706  1706 I ActivityThread: Pub com.google.apps.dots.android.app.provider.SuggestionProvider: com.google.apps.dots.android.app.provider.SuggestionProvider
06-29 16:42:42.778  1706  1706 I ActivityThread: Pub com.google.android.apps.currents.exported: com.google.apps.dots.android.app.provider.ExportedContentProvider
06-29 16:42:42.841  1706  1708 D dalvikvm: GC_CONCURRENT freed 175K, 3% free 9361K/9607K, paused 3ms+2ms
06-29 16:42:42.907  1706  1708 D dalvikvm: GC_CONCURRENT freed 264K, 5% free 9586K/9991K, paused 1ms+2ms
06-29 16:42:43.020  1706  1708 D dalvikvm: GC_CONCURRENT freed 232K, 4% free 9829K/10183K, paused 2ms+2ms
06-29 16:42:43.153  1706  1708 D dalvikvm: GC_CONCURRENT freed 237K, 4% free 10078K/10439K, paused 1ms+2ms
06-29 16:42:43.188  1706  1706 I DotsContentUris: content://com.google.android.apps.currents
06-29 16:42:43.196  1706  1706 I ActivityThread: Pub com.google.android.apps.currents: com.google.apps.dots.android.app.provider.DotsContentProvider
06-29 16:42:43.204  1706  1706 I DotsApplication: Starting up...
06-29 16:42:43.469  1706  1708 D dalvikvm: GC_CONCURRENT freed 436K, 5% free 10166K/10695K, paused 2ms+3ms
06-29 16:42:43.653  1706  1708 D dalvikvm: GC_CONCURRENT freed 275K, 4% free 10330K/10695K, paused 5ms+2ms
06-29 16:42:43.673  1706  1725 I SyncService: Starting sync (16:42:43)
06-29 16:42:45.157  1706  1708 D dalvikvm: GC_CONCURRENT freed 288K, 4% free 10473K/10887K, paused 2ms+2ms
06-29 16:42:45.423  1706  1708 D dalvikvm: GC_CONCURRENT freed 222K, 4% free 10664K/11015K, paused 2ms+3ms
06-29 16:42:45.528  1706  1708 D dalvikvm: GC_CONCURRENT freed 482K, 6% free 10656K/11335K, paused 2ms+3ms
06-29 16:42:45.782  1706  1708 D dalvikvm: GC_CONCURRENT freed 378K, 6% free 10695K/11335K, paused 2ms+3ms
06-29 16:42:46.637   147   154 I dalvikvm: Jit: resizing JitTable from 8192 to 16384
06-29 16:42:46.665   147   337 D SyncManager: setSyncAutomatically: , provider com.google.android.apps.currents -> true
06-29 16:42:46.665   147   337 D SyncManager: setSyncAutomatically: already set to true, doing nothing
06-29 16:42:46.759  1706  1708 D dalvikvm: GC_CONCURRENT freed 447K, 6% free 10678K/11335K, paused 3ms+2ms
06-29 16:42:46.930  1706  1708 D dalvikvm: GC_CONCURRENT freed 192K, 4% free 10914K/11335K, paused 2ms+4ms
06-29 16:42:47.102  1706  1708 D dalvikvm: GC_CONCURRENT freed 260K, 4% free 11204K/11591K, paused 2ms+3ms
06-29 16:42:47.368   147   464 D dalvikvm: GC_EXPLICIT freed 866K, 12% free 13641K/15431K, paused 3ms+6ms
06-29 16:42:47.442  1706  1708 D dalvikvm: GC_CONCURRENT freed 313K, 4% free 11540K/11975K, paused 2ms+3ms
06-29 16:42:47.751  1706  1708 D dalvikvm: GC_CONCURRENT freed 1076K, 10% free 11218K/12423K, paused 2ms+3ms
06-29 16:42:48.149  1706  1708 D dalvikvm: GC_CONCURRENT freed 549K, 10% free 11273K/12423K, paused 3ms+3ms
06-29 16:42:48.372  1706  1708 D dalvikvm: GC_CONCURRENT freed 598K, 10% free 11304K/12423K, paused 4ms+3ms
06-29 16:42:48.704  1706  1708 D dalvikvm: GC_CONCURRENT freed 569K, 9% free 11367K/12423K, paused 2ms+5ms
06-29 16:42:49.532  1706  1708 D dalvikvm: GC_CONCURRENT freed 733K, 10% free 11288K/12423K, paused 2ms+3ms
06-29 16:42:49.680  1706  1708 D dalvikvm: GC_CONCURRENT freed 619K, 10% free 11300K/12423K, paused 2ms+2ms
06-29 16:42:49.841  1706  1708 D dalvikvm: GC_CONCURRENT freed 607K, 9% free 11325K/12423K, paused 2ms+4ms
06-29 16:42:50.016  1706  1708 D dalvikvm: GC_CONCURRENT freed 607K, 9% free 11359K/12423K, paused 2ms+3ms
06-29 16:42:50.169  1706  1708 D dalvikvm: GC_CONCURRENT freed 627K, 9% free 11383K/12423K, paused 2ms+3ms
06-29 16:42:50.481   147   297 D dalvikvm: GC_EXPLICIT freed 255K, 12% free 13589K/15431K, paused 3ms+5ms
06-29 16:42:50.661  1706  1708 D dalvikvm: GC_CONCURRENT freed 589K, 8% free 11457K/12423K, paused 2ms+4ms
06-29 16:42:51.493  1706  1708 D dalvikvm: GC_CONCURRENT freed 837K, 9% free 11314K/12423K, paused 2ms+3ms
06-29 16:42:51.645  1706  1708 D dalvikvm: GC_CONCURRENT freed 607K, 9% free 11343K/12423K, paused 2ms+3ms
06-29 16:42:51.817  1706  1708 D dalvikvm: GC_CONCURRENT freed 626K, 9% free 11368K/12423K, paused 2ms+2ms
06-29 16:42:51.969  1706  1708 D dalvikvm: GC_CONCURRENT freed 641K, 9% free 11381K/12423K, paused 2ms+3ms
06-29 16:42:52.102  1706  1708 D dalvikvm: GC_CONCURRENT freed 630K, 9% free 11412K/12423K, paused 2ms+3ms
06-29 16:42:52.262  1706  1708 D dalvikvm: GC_CONCURRENT freed 657K, 9% free 11423K/12423K, paused 2ms+5ms
06-29 16:42:53.419  1706  1728 D dalvikvm: GC_EXPLICIT freed 304K, 8% free 11444K/12423K, paused 2ms+3ms
06-29 16:42:54.962  1706  1708 D dalvikvm: GC_CONCURRENT freed 849K, 10% free 11291K/12423K, paused 2ms+3ms
06-29 16:42:55.126  1706  1708 D dalvikvm: GC_CONCURRENT freed 630K, 10% free 11290K/12423K, paused 1ms+2ms
06-29 16:42:55.801  1706  1708 D dalvikvm: GC_CONCURRENT freed 595K, 9% free 11338K/12423K, paused 2ms+3ms
06-29 16:42:55.950  1706  1708 D dalvikvm: GC_CONCURRENT freed 664K, 9% free 11321K/12423K, paused 3ms+3ms
06-29 16:42:56.114  1706  1708 D dalvikvm: GC_CONCURRENT freed 620K, 9% free 11345K/12423K, paused 2ms+2ms
06-29 16:42:57.122  1706  1708 D dalvikvm: GC_CONCURRENT freed 686K, 9% free 11306K/12423K, paused 2ms+3ms
06-29 16:42:59.774  1706  1708 D dalvikvm: GC_CONCURRENT freed 669K, 10% free 11270K/12423K, paused 2ms+3ms
06-29 16:42:59.919  1706  1708 D dalvikvm: GC_CONCURRENT freed 546K, 9% free 11352K/12423K, paused 2ms+3ms
06-29 16:43:00.079  1706  1708 D dalvikvm: GC_CONCURRENT freed 616K, 9% free 11385K/12423K, paused 2ms+2ms
06-29 16:43:00.223  1706  1708 D dalvikvm: GC_CONCURRENT freed 636K, 9% free 11409K/12423K, paused 2ms+2ms
06-29 16:43:00.551   147   297 D dalvikvm: GC_EXPLICIT freed 449K, 12% free 13591K/15431K, paused 2ms+5ms
06-29 16:43:01.235  1706  1708 D dalvikvm: GC_CONCURRENT freed 714K, 9% free 11373K/12423K, paused 2ms+4ms
06-29 16:43:01.829  1706  1708 D dalvikvm: GC_CONCURRENT freed 695K, 9% free 11340K/12423K, paused 2ms+3ms
06-29 16:43:01.876  1706  1728 D dalvikvm: GC_FOR_ALLOC freed 78K, 9% free 11348K/12423K, paused 30ms
06-29 16:43:01.876  1706  1728 I dalvikvm-heap: Grow heap (frag case) to 11.216MB for 68080-byte allocation
06-29 16:43:01.907  1706  1728 D dalvikvm: GC_FOR_ALLOC freed 33K, 10% free 11381K/12551K, paused 29ms
06-29 16:43:02.032  1706  1708 D dalvikvm: GC_CONCURRENT freed 703K, 10% free 11351K/12551K, paused 2ms+2ms
06-29 16:43:02.364  1706  1708 D dalvikvm: GC_CONCURRENT freed 622K, 10% free 11383K/12551K, paused 2ms+2ms
06-29 16:43:03.137  1706  1708 D dalvikvm: GC_CONCURRENT freed 703K, 10% free 11340K/12551K, paused 2ms+2ms
06-29 16:43:03.290  1706  1708 D dalvikvm: GC_CONCURRENT freed 608K, 10% free 11388K/12551K, paused 2ms+3ms
06-29 16:43:03.454  1706  1708 D dalvikvm: GC_CONCURRENT freed 640K, 10% free 11410K/12551K, paused 2ms+3ms
06-29 16:43:04.216  1706  1708 D dalvikvm: GC_CONCURRENT freed 743K, 10% free 11341K/12551K, paused 2ms+3ms
06-29 16:43:04.368  1706  1708 D dalvikvm: GC_CONCURRENT freed 606K, 10% free 11380K/12551K, paused 2ms+2ms
06-29 16:43:04.497  1706  1708 D dalvikvm: GC_CONCURRENT freed 647K, 10% free 11409K/12551K, paused 2ms+3ms
06-29 16:43:04.747  1706  1708 D dalvikvm: GC_CONCURRENT freed 628K, 9% free 11452K/12551K, paused 1ms+3ms
06-29 16:43:05.602  1706  1708 D dalvikvm: GC_CONCURRENT freed 771K, 10% free 11368K/12551K, paused 2ms+3ms
06-29 16:43:05.747  1706  1708 D dalvikvm: GC_CONCURRENT freed 628K, 10% free 11395K/12551K, paused 2ms+3ms
06-29 16:43:06.911  1706  1708 D dalvikvm: GC_CONCURRENT freed 664K, 10% free 11401K/12551K, paused 2ms+3ms
06-29 16:43:07.341  1706  1708 D dalvikvm: GC_CONCURRENT freed 685K, 10% free 11384K/12551K, paused 3ms+2ms
06-29 16:43:07.509  1706  1708 D dalvikvm: GC_CONCURRENT freed 644K, 9% free 11425K/12551K, paused 2ms+3ms
06-29 16:43:07.665  1706  1708 D dalvikvm: GC_CONCURRENT freed 655K, 9% free 11443K/12551K, paused 2ms+2ms
06-29 16:43:08.262  1706  1708 D dalvikvm: GC_CONCURRENT freed 648K, 9% free 11476K/12551K, paused 2ms+3ms
06-29 16:43:09.083   579   581 D dalvikvm: GC_CONCURRENT freed 485K, 6% free 10426K/11015K, paused 2ms+7ms
06-29 16:43:09.212  1359  1361 D dalvikvm: GC_CONCURRENT freed 510K, 8% free 10168K/10951K, paused 2ms+4ms
06-29 16:43:09.313  1359  1361 D dalvikvm: GC_CONCURRENT freed 265K, 6% free 10301K/10951K, paused 2ms+3ms
06-29 16:43:09.825  1706  1708 D dalvikvm: GC_CONCURRENT freed 798K, 10% free 11371K/12551K, paused 2ms+3ms
06-29 16:43:10.899  1706  1708 D dalvikvm: GC_CONCURRENT freed 604K, 9% free 11433K/12551K, paused 2ms+3ms
06-29 16:43:11.044  1706  1708 D dalvikvm: GC_CONCURRENT freed 663K, 9% free 11447K/12551K, paused 2ms+3ms
06-29 16:43:11.321   147   337 D dalvikvm: GC_EXPLICIT freed 538K, 12% free 13599K/15431K, paused 3ms+6ms
06-29 16:43:11.458  1706  1708 D dalvikvm: GC_CONCURRENT freed 579K, 8% free 11549K/12551K, paused 2ms+3ms
06-29 16:43:14.751  1706  1708 D dalvikvm: GC_CONCURRENT freed 825K, 9% free 11439K/12551K, paused 2ms+3ms
06-29 16:43:14.887  1706  1708 D dalvikvm: GC_CONCURRENT freed 623K, 9% free 11494K/12551K, paused 2ms+3ms
06-29 16:43:15.044  1706  1708 D dalvikvm: GC_CONCURRENT freed 655K, 9% free 11540K/12551K, paused 2ms+3ms
06-29 16:43:15.204  1706  1708 D dalvikvm: GC_CONCURRENT freed 678K, 8% free 11575K/12551K, paused 2ms+3ms
06-29 16:43:15.364  1706  1708 D dalvikvm: GC_CONCURRENT freed 703K, 8% free 11609K/12551K, paused 2ms+2ms
06-29 16:43:15.516  1706  1708 D dalvikvm: GC_CONCURRENT freed 700K, 8% free 11643K/12551K, paused 1ms+3ms
06-29 16:43:15.778  1706  1728 D dalvikvm: GC_EXPLICIT freed 320K, 7% free 11685K/12551K, paused 3ms+3ms
06-29 16:43:16.063   147   159 D dalvikvm: GC_EXPLICIT freed 243K, 12% free 13588K/15431K, paused 3ms+6ms
06-29 16:43:16.204  1706  1708 D dalvikvm: GC_CONCURRENT freed 565K, 6% free 11916K/12615K, paused 2ms+4ms
06-29 16:43:18.501  1706  1708 D dalvikvm: GC_CONCURRENT freed 1385K, 12% free 11417K/12935K, paused 3ms+3ms
06-29 16:43:18.630  1706  1708 D dalvikvm: GC_CONCURRENT freed 599K, 12% free 11492K/12935K, paused 2ms+3ms
06-29 16:43:18.774  1706  1708 D dalvikvm: GC_CONCURRENT freed 661K, 11% free 11538K/12935K, paused 2ms+2ms
06-29 16:43:18.923  1706  1708 D dalvikvm: GC_CONCURRENT freed 692K, 11% free 11565K/12935K, paused 2ms+3ms
06-29 16:43:19.071  1706  1708 D dalvikvm: GC_CONCURRENT freed 710K, 11% free 11589K/12935K, paused 2ms+3ms
06-29 16:43:19.219  1706  1708 D dalvikvm: GC_CONCURRENT freed 692K, 11% free 11625K/12935K, paused 2ms+3ms
06-29 16:43:19.376  1706  1708 D dalvikvm: GC_CONCURRENT freed 709K, 10% free 11656K/12935K, paused 2ms+3ms
06-29 16:43:19.841   147   147 D dalvikvm: GC_EXPLICIT freed 341K, 12% free 13587K/15431K, paused 3ms+6ms
06-29 16:43:19.919  1706  1708 D dalvikvm: GC_CONCURRENT freed 515K, 9% free 11894K/12935K, paused 2ms+3ms
06-29 16:43:22.634  1706  1708 D dalvikvm: GC_CONCURRENT freed 1295K, 12% free 11429K/12935K, paused 2ms+2ms
06-29 16:43:23.903  1706  1708 D dalvikvm: GC_CONCURRENT freed 603K, 12% free 11502K/12935K, paused 2ms+2ms
06-29 16:43:24.247  1706  1708 D dalvikvm: GC_CONCURRENT freed 698K, 12% free 11502K/12935K, paused 1ms+2ms
06-29 16:43:24.395  1706  1708 D dalvikvm: GC_CONCURRENT freed 683K, 11% free 11521K/12935K, paused 2ms+2ms
06-29 16:43:25.145  1706  1708 D dalvikvm: GC_CONCURRENT freed 688K, 11% free 11538K/12935K, paused 2ms+2ms
06-29 16:43:25.286  1706  1708 D dalvikvm: GC_CONCURRENT freed 675K, 11% free 11588K/12935K, paused 2ms+3ms
06-29 16:43:26.235  1706  1708 D dalvikvm: GC_CONCURRENT freed 886K, 12% free 11431K/12935K, paused 3ms+3ms
06-29 16:43:26.430  1706  1708 D dalvikvm: GC_CONCURRENT freed 693K, 12% free 11417K/12935K, paused 2ms+3ms
06-29 16:43:26.657  1706  1708 D dalvikvm: GC_CONCURRENT freed 667K, 12% free 11423K/12935K, paused 2ms+3ms
06-29 16:43:26.829  1706  1708 D dalvikvm: GC_CONCURRENT freed 500K, 11% free 11623K/12935K, paused 2ms+3ms
06-29 16:43:26.954  1706  1708 D dalvikvm: GC_CONCURRENT freed 532K, 9% free 11832K/12935K, paused 2ms+2ms
06-29 16:43:27.098  1706  1708 D dalvikvm: GC_CONCURRENT freed 767K, 9% free 11877K/12935K, paused 2ms+2ms
06-29 16:43:27.235  1706  1708 D dalvikvm: GC_CONCURRENT freed 1375K, 13% free 11332K/12935K, paused 1ms+2ms
06-29 16:43:27.790  1706  1708 D dalvikvm: GC_CONCURRENT freed 544K, 12% free 11430K/12935K, paused 32ms+2ms
06-29 16:43:28.473  1706  1725 I SyncService: sync service finished (16:43:28)
06-29 16:43:34.887   346   346 D SAN_SERVICE: *******************************************
06-29 16:43:34.887   346   346 D SAN_SERVICE: DM App Phone Service State - 0
06-29 16:43:34.887   346   346 D SAN_SERVICE: *******************************************
06-29 16:43:42.747   346   346 D SAN_SERVICE: *******************************************
06-29 16:43:42.747   346   346 D SAN_SERVICE: DM App Phone Service State - 0
06-29 16:43:42.747   346   346 D SAN_SERVICE: *******************************************
06-29 16:43:47.493   346   346 D SAN_SERVICE: *******************************************
06-29 16:43:47.493   346   346 D SAN_SERVICE: DM App Phone Service State - 0
06-29 16:43:47.493   346   346 D SAN_SERVICE: *******************************************
06-29 16:44:06.673   504  1386 I PhoneLab-: Service Running
06-29 16:44:06.782   504  1386 I PhoneLab-LoggerService: app_37    1399  504   1440   1072  c00f181c 400107b4 S logcat
06-29 16:44:06.782   504  1386 I PhoneLab-LoggerService: Logcat pid from database 1399
06-29 16:44:06.782   504  1386 I PhoneLab-LoggerService: Logcat process found 1399
06-29 16:44:06.782   504  1386 I PhoneLab-LoggerService: Checking Threshold
06-29 16:44:06.782   504  1386 I PhoneLab-LoggerService: Starting to rename files
06-29 16:44:06.782   504  1386 I PhoneLab-LoggerService: Files found .. 2
06-29 16:44:09.169   579   581 D dalvikvm: GC_CONCURRENT freed 443K, 6% free 10396K/11015K, paused 2ms+4ms
06-29 16:44:09.219  1359  1361 D dalvikvm: GC_CONCURRENT freed 674K, 8% free 10138K/10951K, paused 2ms+2ms
06-29 16:44:16.173   346   346 D SAN_SERVICE: *******************************************
06-29 16:44:16.173   346   346 D SAN_SERVICE: DM App Phone Service State - 0
06-29 16:44:16.173   346   346 D SAN_SERVICE: *******************************************
06-29 16:44:19.348   346   346 D SAN_SERVICE: *******************************************
06-29 16:44:19.348   346   346 D SAN_SERVICE: DM App Phone Service State - 0
06-29 16:44:19.348   346   346 D SAN_SERVICE: *******************************************
06-29 16:46:06.426   269   269 I wpa_supplicant: wlan0: WPA: Group rekeying completed with d0:c2:82:2d:ea:c1 [GTK=TKIP]
06-29 16:46:06.673   504  1386 I PhoneLab-: Service Running
06-29 16:46:06.762   504  1386 I PhoneLab-LoggerService: app_37    1399  504   1440   1072  c00f181c 400107b4 S logcat
06-29 16:46:06.762   504  1386 I PhoneLab-LoggerService: Logcat pid from database 1399
06-29 16:46:06.762   504  1386 I PhoneLab-LoggerService: Logcat process found 1399
06-29 16:46:06.762   504  1386 I PhoneLab-LoggerService: Checking Threshold
06-29 16:46:06.762   504  1386 I PhoneLab-LoggerService: Starting to rename files
06-29 16:46:06.762   504  1386 I PhoneLab-LoggerService: Files found .. 2
06-29 16:46:09.251   579   581 D dalvikvm: GC_CONCURRENT freed 503K, 6% free 10405K/11015K, paused 2ms+3ms
06-29 16:46:09.341  1359  1361 D dalvikvm: GC_CONCURRENT freed 494K, 8% free 10127K/10951K, paused 2ms+3ms
06-29 16:47:09.403  1359  1361 D dalvikvm: GC_CONCURRENT freed 438K, 7% free 10196K/10951K, paused 3ms+3ms
06-29 16:48:00.145   147   149 D dalvikvm: GC_CONCURRENT freed 965K, 12% free 13638K/15431K, paused 3ms+6ms
06-29 16:48:06.673   504  1386 I PhoneLab-: Service Running
06-29 16:48:06.766   504  1386 I PhoneLab-LoggerService: app_37    1399  504   1440   1072  c00f181c 400107b4 S logcat
06-29 16:48:06.766   504  1386 I PhoneLab-LoggerService: Logcat pid from database 1399
06-29 16:48:06.766   504  1386 I PhoneLab-LoggerService: Logcat process found 1399
06-29 16:48:06.766   504  1386 I PhoneLab-LoggerService: Checking Threshold
06-29 16:48:06.766   504  1386 I PhoneLab-LoggerService: Starting to rename files
06-29 16:48:06.766   504  1386 I PhoneLab-LoggerService: Files found .. 2
06-29 16:48:09.403   579   581 D dalvikvm: GC_CONCURRENT freed 513K, 6% free 10403K/11015K, paused 2ms+3ms
06-29 16:48:13.833   346   346 D SAN_SERVICE: *******************************************
06-29 16:48:13.833   346   346 D SAN_SERVICE: DM App Phone Service State - 0
06-29 16:48:13.833   346   346 D SAN_SERVICE: *******************************************
06-29 16:48:28.520   147   337 I ActivityManager: No longer want com.google.android.apps.maps:FriendService (pid 1035): hidden #16
06-29 16:48:31.071   346   346 D SAN_SERVICE: *******************************************
06-29 16:48:31.071   346   346 D SAN_SERVICE: DM App Phone Service State - 0
06-29 16:48:31.071   346   346 D SAN_SERVICE: *******************************************
06-29 16:48:34.032   346   346 D SAN_SERVICE: *******************************************
06-29 16:48:34.032   346   346 D SAN_SERVICE: DM App Phone Service State - 0
06-29 16:48:34.032   346   346 D SAN_SERVICE: *******************************************
06-29 16:48:55.661   346   346 D SAN_SERVICE: *******************************************
06-29 16:48:55.661   346   346 D SAN_SERVICE: DM App Phone Service State - 0
06-29 16:48:55.661   346   346 D SAN_SERVICE: *******************************************
06-29 16:49:06.708   346   346 D SAN_SERVICE: *******************************************
06-29 16:49:06.708   346   346 D SAN_SERVICE: DM App Phone Service State - 0
06-29 16:49:06.708   346   346 D SAN_SERVICE: *******************************************
06-29 16:49:07.247  1310  1773 D dalvikvm: GC_FOR_ALLOC freed 126K, 4% free 10158K/10503K, paused 27ms
06-29 16:49:07.321  1310  1783 D dalvikvm: GC_FOR_ALLOC freed 40K, 3% free 10446K/10759K, paused 29ms
06-29 16:49:07.364  1310  1782 D dalvikvm: GC_FOR_ALLOC freed 107K, 4% free 10654K/11015K, paused 24ms
06-29 16:49:08.219   147   147 D dalvikvm: GC_EXPLICIT freed 355K, 12% free 13600K/15431K, paused 36ms+5ms
06-29 16:49:09.630  1359  1361 D dalvikvm: GC_CONCURRENT freed 547K, 8% free 10160K/10951K, paused 2ms+2ms
06-29 16:49:09.790  1359  1361 D dalvikvm: GC_CONCURRENT freed 350K, 6% free 10295K/10951K, paused 1ms+2ms
06-29 16:49:10.204   346   346 D SAN_SERVICE: *******************************************
06-29 16:49:10.204   346   346 D SAN_SERVICE: DM App Phone Service State - 0
06-29 16:49:10.204   346   346 D SAN_SERVICE: *******************************************
06-29 16:49:33.329   346   346 D SAN_SERVICE: *******************************************
06-29 16:49:33.329   346   346 D SAN_SERVICE: DM App Phone Service State - 0
06-29 16:49:33.329   346   346 D SAN_SERVICE: *******************************************
06-29 16:49:46.684   346   346 D SAN_SERVICE: *******************************************
06-29 16:49:46.684   346   346 D SAN_SERVICE: DM App Phone Service State - 0
06-29 16:49:46.684   346   346 D SAN_SERVICE: *******************************************
06-29 16:49:53.298   346   346 D SAN_SERVICE: *******************************************
06-29 16:49:53.298   346   346 D SAN_SERVICE: DM App Phone Service State - 0
06-29 16:49:53.298   346   346 D SAN_SERVICE: *******************************************
06-29 16:50:00.016   147   164 I ActivityManager: No longer want com.xabber.androiddev (pid 997): hidden #16
06-29 16:50:00.024   147   164 I ActivityManager: No longer want com.google.android.apps.googlevoice (pid 950): hidden #17
06-29 16:50:00.032   147   164 I ActivityManager: No longer want com.android.sprintmenu (pid 714): hidden #18
06-29 16:50:00.079   147   297 W ActivityManager: Scheduling restart of crashed service com.android.sprintmenu/.HiddenPhoneService in 5000ms
06-29 16:50:00.079   147   147 W ActivityManager: Scheduling restart of crashed service com.google.android.apps.googlevoice/.CallLogService in 14999ms
06-29 16:50:00.102   147   382 W ActivityManager: Scheduling restart of crashed service com.xabber.androiddev/com.xabber.android.service.XMPPService in 24976ms
06-29 16:50:05.094   147   164 I ActivityManager: Start proc com.android.sprintmenu for service com.android.sprintmenu/.HiddenPhoneService: pid=1794 uid=1001 gids={3002, 3001, 3003, 1015}
06-29 16:50:06.423   147   164 I ActivityManager: No longer want com.android.settings.wimax (pid 1111): hidden #16
06-29 16:50:06.438   147   164 I ActivityManager: No longer want com.google.android.apps.maps:NetworkLocationService (pid 579): hidden #17
06-29 16:50:06.462   504   504 I PhoneLab-Locks: wake lock acquired
06-29 16:50:06.485   504  1810 I PhoneLab-PeriodicCheckService: User info is synched
06-29 16:50:06.489   147   385 W ActivityManager: Scheduling restart of crashed service com.google.android.apps.maps/com.google.android.location.internal.server.NetworkLocationService in 28591ms
06-29 16:50:06.493   504  1810 I PhoneLab-PeriodicCheckService: Logger Service is running
06-29 16:50:06.497   504   504 I PhoneLab-Locks: wake lock acquired
06-29 16:50:06.501   504   504 I PhoneLab-StatusMonitor: Status Monitoring is started
06-29 16:50:06.505   504  1810 I PhoneLab-Locks: wake lock acquired
06-29 16:50:06.509   504  1810 I PhoneLab-PeriodicCheckService: Rescheduling periodic checking...
06-29 16:50:06.512   504  1810 I PhoneLab-Locks: wake lock released
06-29 16:50:06.532   504   504 E PhoneLab-PhoneLabManifest: java.io.FileNotFoundException: /data/data/edu.buffalo.cse.phonelab.phonelabservices/files/manifest.xml: open failed: ENOENT (No such file or directory)
06-29 16:50:06.548   504   504 I PhoneLab-Locks: wake lock released
06-29 16:50:06.548   504   504 I PhoneLab-UploadLogs: Transfering log files now
06-29 16:50:06.602   504   506 D dalvikvm: GC_CONCURRENT freed 429K, 14% free 9210K/10631K, paused 2ms+2ms
06-29 16:50:06.641   504   504 D dalvikvm: GC_FOR_ALLOC freed 286K, 12% free 9426K/10631K, paused 15ms
06-29 16:50:06.641   504   504 I dalvikvm-heap: Grow heap (frag case) to 9.766MB for 516692-byte allocation
06-29 16:50:06.669   504   506 D dalvikvm: GC_CONCURRENT freed 248K, 14% free 9681K/11143K, paused 1ms+2ms
06-29 16:50:06.673   504  1386 I PhoneLab-: Service Running
06-29 16:50:06.680   504   504 I PhoneLab-UploadLogs: OnStartCommand
06-29 16:50:06.716   504  1386 I PhoneLab-LoggerService: app_37    1399  504   1440   1072  c00f181c 400107b4 S logcat
06-29 16:50:06.716   504  1386 I PhoneLab-LoggerService: Logcat pid from database 1399
06-29 16:50:06.716   504  1386 I PhoneLab-LoggerService: Logcat process found 1399
06-29 16:50:06.716   504  1386 I PhoneLab-LoggerService: Checking Threshold
06-29 16:50:06.716   504  1386 I PhoneLab-LoggerService: Starting to rename files
06-29 16:50:06.716   504  1386 I PhoneLab-LoggerService: Files found .. 2
06-29 16:50:06.759   504  1812 D dalvikvm: GC_FOR_ALLOC freed 410K, 14% free 9660K/11143K, paused 14ms
06-29 16:50:06.790   504   506 D dalvikvm: GC_CONCURRENT freed 302K, 14% free 9659K/11143K, paused 2ms+2ms
06-29 16:50:06.805   504  1812 D dalvikvm: GC_FOR_ALLOC freed 301K, 14% free 9659K/11143K, paused 16ms
06-29 16:50:07.009   504   504 I PhoneLab-: 1341001686792.log is deleted
06-29 16:50:07.009   504   504 I PhoneLab-: Response: {"data": "done", "err": ""}
06-29 16:50:07.009   504   504 I PhoneLab-UploadLogs: No log files to transfer
06-29 16:50:07.009   504   504 I PhoneLab-Locks: wake lock released
06-29 16:50:07.012   147   464 I ActivityManager: No longer want com.whatsapp (pid 964): hidden #16
06-29 16:50:07.020   147   297 W ActivityManager: Scheduling restart of crashed service com.whatsapp/.ExternalMediaManager in 38058ms
06-29 16:50:07.020   147   297 W ActivityManager: Scheduling restart of crashed service com.whatsapp/.messaging.MessageService in 38057ms
06-29 16:50:13.329  1178  1181 D dalvikvm: GC_CONCURRENT freed 353K, 5% free 10722K/11207K, paused 8ms+4ms
06-29 16:50:15.149   147   164 I ActivityManager: Start proc com.google.android.apps.googlevoice for service com.google.android.apps.googlevoice/.CallLogService: pid=1816 uid=10054 gids={3003, 1015}
06-29 16:50:15.485  1816  1818 D dalvikvm: GC_CONCURRENT freed 247K, 4% free 9288K/9607K, paused 19ms+9ms
06-29 16:50:15.657   448   453 D dalvikvm: GC_CONCURRENT freed 437K, 6% free 9551K/10119K, paused 1ms+3ms
06-29 16:50:16.262   346   346 D SAN_SERVICE: *******************************************
06-29 16:50:16.262   346   346 D SAN_SERVICE: DM App Phone Service State - 0
06-29 16:50:16.262   346   346 D SAN_SERVICE: *******************************************
06-29 16:50:25.145  1837  1837 D dalvikvm: Late-enabling CheckJNI
06-29 16:50:25.149   147   164 I ActivityManager: Start proc com.xabber.androiddev for service com.xabber.androiddev/com.xabber.android.service.XMPPService: pid=1837 uid=10063 gids={3003, 1015}
06-29 16:50:25.173  1837  1837 I dalvikvm: Turning on JNI app bug workarounds for target SDK version 9...
06-29 16:50:25.188    79    79 D dalvikvm: GC_EXPLICIT freed 37K, 4% free 9031K/9347K, paused 1ms+5ms
06-29 16:50:25.231    79    79 D dalvikvm: GC_EXPLICIT freed <1K, 4% free 9031K/9347K, paused 3ms+4ms
06-29 16:50:25.274    79    79 D dalvikvm: GC_EXPLICIT freed <1K, 4% free 9031K/9347K, paused 1ms+3ms
06-29 16:50:25.348  1837  1840 D dalvikvm: GC_CONCURRENT freed 178K, 3% free 9357K/9607K, paused 3ms+3ms
06-29 16:50:25.376  1837  1837 D dalvikvm: GC_FOR_ALLOC freed 353K, 6% free 9427K/9991K, paused 14ms
06-29 16:50:25.489  1837  1840 D dalvikvm: GC_CONCURRENT freed 192K, 3% free 9774K/10055K, paused 1ms+2ms
06-29 16:50:25.606  1837  1840 D dalvikvm: GC_CONCURRENT freed 428K, 5% free 9876K/10375K, paused 2ms+2ms
06-29 16:50:25.673  1837  1837 I com.xabber.android.service.XMPPService@4134b1a8: onCreate
06-29 16:50:25.676  1837  1837 I com.xabber.android.data.Application@4134b988: onStart
06-29 16:50:25.688  1837  1851 I com.xabber.android.data.LogManager@41357410: onLoad
06-29 16:50:25.794  1837  1840 D dalvikvm: GC_CONCURRENT freed 168K, 3% free 10137K/10439K, paused 2ms+3ms
06-29 16:50:26.094   448   462 D dalvikvm: GC_EXPLICIT freed 140K, 7% free 9441K/10119K, paused 6ms+2ms
06-29 16:50:26.325  1837  1840 D dalvikvm: GC_CONCURRENT freed 279K, 4% free 10305K/10695K, paused 2ms+2ms
06-29 16:50:27.005  1837  1840 D dalvikvm: GC_CONCURRENT freed 295K, 4% free 10463K/10887K, paused 2ms+3ms
06-29 16:50:27.216   346   346 D SAN_SERVICE: *******************************************
06-29 16:50:27.216   346   346 D SAN_SERVICE: DM App Phone Service State - 0
06-29 16:50:27.216   346   346 D SAN_SERVICE: *******************************************
06-29 16:50:27.579  1837  1840 D dalvikvm: GC_CONCURRENT freed 366K, 5% free 10515K/11015K, paused 8ms+2ms
06-29 16:50:29.485   346   346 D SAN_SERVICE: *******************************************
06-29 16:50:29.485   346   346 D SAN_SERVICE: DM App Phone Service State - 0
06-29 16:50:29.485   346   346 D SAN_SERVICE: *******************************************
06-29 16:50:35.161   147   164 I ActivityManager: Start proc com.google.android.apps.maps:NetworkLocationService for service com.google.android.apps.maps/com.google.android.location.internal.server.NetworkLocationService: pid=1861 uid=10056 gids={3003, 1015}
06-29 16:50:35.301  1861  1864 D dalvikvm: GC_CONCURRENT freed 153K, 3% free 9383K/9607K, paused 2ms+2ms
06-29 16:50:35.626  1861  1864 D dalvikvm: GC_CONCURRENT freed 189K, 3% free 9704K/9991K, paused 2ms+3ms
06-29 16:50:35.825  1861  1864 D dalvikvm: GC_CONCURRENT freed 145K, 3% free 10091K/10311K, paused 2ms+2ms
06-29 16:50:36.001  1861  1864 D dalvikvm: GC_CONCURRENT freed 655K, 8% free 9886K/10631K, paused 2ms+2ms
06-29 16:50:36.071   147   164 I ActivityManager: Start proc com.google.android.apps.maps:FriendService for broadcast com.google.android.apps.maps/com.google.googlenav.friend.android.ServiceReceiver: pid=1882 uid=10056 gids={3003, 1015}
06-29 16:50:36.196  1882  1885 D dalvikvm: GC_CONCURRENT freed 156K, 3% free 9380K/9607K, paused 3ms+2ms
06-29 16:50:36.344  1882  1885 D dalvikvm: GC_CONCURRENT freed 201K, 3% free 9717K/9991K, paused 1ms+3ms
06-29 16:50:36.477  1359  1361 D dalvikvm: GC_CONCURRENT freed 595K, 8% free 10151K/10951K, paused 2ms+10ms
06-29 16:50:36.532  1861  1868 I dalvikvm: Total arena pages for JIT: 11
06-29 16:50:36.536  1861  1868 I dalvikvm: Total arena pages for JIT: 12
06-29 16:50:36.540  1861  1868 I dalvikvm: Total arena pages for JIT: 13
06-29 16:50:36.540  1861  1868 I dalvikvm: Total arena pages for JIT: 14
06-29 16:50:36.540  1861  1868 I dalvikvm: Total arena pages for JIT: 15
06-29 16:50:36.540  1861  1868 I dalvikvm: Total arena pages for JIT: 16
06-29 16:50:36.544  1861  1868 I dalvikvm: Total arena pages for JIT: 17
06-29 16:50:36.731  1861  1864 D dalvikvm: GC_CONCURRENT freed 197K, 5% free 10149K/10631K, paused 2ms+4ms
06-29 16:50:36.747  1861  1868 I dalvikvm: Total arena pages for JIT: 18
06-29 16:50:38.923  1861  1864 D dalvikvm: GC_CONCURRENT freed 388K, 5% free 10185K/10695K, paused 2ms+2ms
06-29 16:50:45.137   147   164 I ActivityManager: Start proc com.whatsapp for service com.whatsapp/.messaging.MessageService: pid=1897 uid=10068 gids={1015, 3003}
06-29 16:50:45.145  1897  1897 I dalvikvm: Turning on JNI app bug workarounds for target SDK version 7...
06-29 16:50:45.317  1897  1899 D dalvikvm: GC_CONCURRENT freed 163K, 3% free 9369K/9607K, paused 3ms+2ms
06-29 16:50:45.575  1897  1899 D dalvikvm: GC_CONCURRENT freed 288K, 4% free 9607K/9991K, paused 2ms+3ms
06-29 16:50:45.950  1897  1897 I dalvikvm: Could not find method android.media.MediaMetadataRetriever.captureFrame, referenced from method com.whatsapp.q3.a
06-29 16:50:45.950  1897  1897 W dalvikvm: VFY: unable to resolve virtual method 501: Landroid/media/MediaMetadataRetriever;.captureFrame ()Landroid/graphics/Bitmap;
06-29 16:50:45.950  1897  1897 D dalvikvm: VFY: replacing opcode 0x6e at 0x0134
06-29 16:50:46.102  1897  1899 D dalvikvm: GC_CONCURRENT freed 340K, 5% free 9834K/10247K, paused 2ms+4ms
06-29 16:50:46.321  1897  1899 D dalvikvm: GC_CONCURRENT freed 300K, 5% free 9995K/10439K, paused 3ms+4ms
06-29 16:50:51.747   346   346 D SAN_SERVICE: *******************************************
06-29 16:50:51.747   346   346 D SAN_SERVICE: DM App Phone Service State - 0
06-29 16:50:51.747   346   346 D SAN_SERVICE: *******************************************
06-29 16:51:03.434   346   346 D SAN_SERVICE: *******************************************
06-29 16:51:03.434   346   346 D SAN_SERVICE: DM App Phone Service State - 0
06-29 16:51:03.434   346   346 D SAN_SERVICE: *******************************************
06-29 16:51:05.329   346   346 D SAN_SERVICE: *******************************************
06-29 16:51:05.329   346   346 D SAN_SERVICE: DM App Phone Service State - 0
06-29 16:51:05.329   346   346 D SAN_SERVICE: *******************************************
06-29 16:51:11.973   314   317 D dalvikvm: GC_CONCURRENT freed 404K, 5% free 10229K/10759K, paused 6ms+6ms
06-29 16:51:30.985   346   346 D SAN_SERVICE: *******************************************
06-29 16:51:30.985   346   346 D SAN_SERVICE: DM App Phone Service State - 0
06-29 16:51:30.985   346   346 D SAN_SERVICE: *******************************************
06-29 16:51:36.173   147   149 D dalvikvm: GC_CONCURRENT freed 960K, 12% free 13662K/15431K, paused 5ms+5ms
06-29 16:51:38.317  1359  1361 D dalvikvm: GC_CONCURRENT freed 434K, 7% free 10216K/10951K, paused 2ms+3ms
06-29 16:51:43.274   346   346 D SAN_SERVICE: *******************************************
06-29 16:51:43.274   346   346 D SAN_SERVICE: DM App Phone Service State - 0
06-29 16:51:43.274   346   346 D SAN_SERVICE: *******************************************
06-29 16:51:45.466   346   346 D SAN_SERVICE: *******************************************
06-29 16:51:45.466   346   346 D SAN_SERVICE: DM App Phone Service State - 0
06-29 16:51:45.466   346   346 D SAN_SERVICE: *******************************************
06-29 16:51:46.555  1897  1899 D dalvikvm: GC_CONCURRENT freed 550K, 7% free 9884K/10567K, paused 3ms+2ms
06-29 16:52:00.122   224   227 D dalvikvm: GC_CONCURRENT freed 386K, 33% free 9869K/14599K, paused 1ms+2ms
06-29 16:52:06.673   504  1386 I PhoneLab-: Service Running
06-29 16:52:06.770   504  1386 I PhoneLab-LoggerService: app_37    1399  504   1440   1072  c00f181c 400107b4 S logcat
06-29 16:52:06.770   504  1386 I PhoneLab-LoggerService: Logcat pid from database 1399
06-29 16:52:06.770   504  1386 I PhoneLab-LoggerService: Logcat process found 1399
06-29 16:52:06.770   504  1386 I PhoneLab-LoggerService: Checking Threshold
06-29 16:52:08.614   147   158 D dalvikvm: GC_EXPLICIT freed 195K, 12% free 13600K/15431K, paused 31ms+5ms
06-29 16:52:08.630   346   346 D SAN_SERVICE: *******************************************
06-29 16:52:08.630   346   346 D SAN_SERVICE: DM App Phone Service State - 0
06-29 16:52:08.630   346   346 D SAN_SERVICE: *******************************************
06-29 16:52:08.680   346   350 D dalvikvm: GC_CONCURRENT freed 387K, 7% free 9495K/10119K, paused 6ms+3ms
06-29 16:52:16.540   346   346 D SAN_SERVICE: *******************************************
06-29 16:52:16.540   346   346 D SAN_SERVICE: DM App Phone Service State - 0
06-29 16:52:16.540   346   346 D SAN_SERVICE: *******************************************
06-29 16:52:22.993   346   346 D SAN_SERVICE: *******************************************
06-29 16:52:22.993   346   346 D SAN_SERVICE: DM App Phone Service State - 0
06-29 16:52:22.993   346   346 D SAN_SERVICE: *******************************************
06-29 16:52:38.344  1861  1864 D dalvikvm: GC_CONCURRENT freed 551K, 6% free 10198K/10823K, paused 2ms+5ms
06-29 16:52:38.419  1359  1361 D dalvikvm: GC_CONCURRENT freed 484K, 7% free 10186K/10951K, paused 2ms+2ms
06-29 16:52:46.852   346   346 D SAN_SERVICE: *******************************************
06-29 16:52:46.852   346   346 D SAN_SERVICE: DM App Phone Service State - 0
06-29 16:52:46.852   346   346 D SAN_SERVICE: *******************************************
06-29 16:52:56.958   346   346 D SAN_SERVICE: *******************************************
06-29 16:52:56.958   346   346 D SAN_SERVICE: DM App Phone Service State - 0
06-29 16:52:56.958   346   346 D SAN_SERVICE: *******************************************
06-29 16:53:00.598   346   346 D SAN_SERVICE: *******************************************
06-29 16:53:00.598   346   346 D SAN_SERVICE: DM App Phone Service State - 0
06-29 16:53:00.598   346   346 D SAN_SERVICE: *******************************************
06-29 16:53:22.770   346   346 D SAN_SERVICE: *******************************************
06-29 16:53:22.770   346   346 D SAN_SERVICE: DM App Phone Service State - 0
06-29 16:53:22.770   346   346 D SAN_SERVICE: *******************************************
06-29 16:53:33.969   346   346 D SAN_SERVICE: *******************************************
06-29 16:53:33.969   346   346 D SAN_SERVICE: DM App Phone Service State - 0
06-29 16:53:33.969   346   346 D SAN_SERVICE: *******************************************
06-29 16:53:36.387   346   346 D SAN_SERVICE: *******************************************
06-29 16:53:36.387   346   346 D SAN_SERVICE: DM App Phone Service State - 0
06-29 16:53:36.387   346   346 D SAN_SERVICE: *******************************************
06-29 16:53:38.438  1359  1361 D dalvikvm: GC_CONCURRENT freed 354K, 7% free 10245K/10951K, paused 2ms+2ms
06-29 16:53:38.571  1359  1361 D dalvikvm: GC_CONCURRENT freed 264K, 6% free 10366K/10951K, paused 2ms+3ms
06-29 16:53:58.641   346   346 D SAN_SERVICE: *******************************************
06-29 16:53:58.641   346   346 D SAN_SERVICE: DM App Phone Service State - 0
06-29 16:53:58.641   346   346 D SAN_SERVICE: *******************************************
06-29 16:54:06.673   504  1386 I PhoneLab-: Service Running
06-29 16:54:06.774   504   506 D dalvikvm: GC_CONCURRENT freed 888K, 18% free 9174K/11143K, paused 2ms+3ms
06-29 16:54:06.794   504  1386 I PhoneLab-LoggerService: app_37    1399  504   1440   1072  c00f181c 400107b4 S logcat
06-29 16:54:06.794   504  1386 I PhoneLab-LoggerService: Logcat pid from database 1399
06-29 16:54:06.794   504  1386 I PhoneLab-LoggerService: Logcat process found 1399
06-29 16:54:06.794   504  1386 I PhoneLab-LoggerService: Checking Threshold
06-29 16:54:08.786   346   346 D SAN_SERVICE: *******************************************
06-29 16:54:08.786   346   346 D SAN_SERVICE: DM App Phone Service State - 0
06-29 16:54:08.786   346   346 D SAN_SERVICE: *******************************************
06-29 16:54:12.196   346   346 D SAN_SERVICE: *******************************************
06-29 16:54:12.196   346   346 D SAN_SERVICE: DM App Phone Service State - 0
06-29 16:54:12.196   346   346 D SAN_SERVICE: *******************************************
06-29 16:54:38.341  1861  1864 D dalvikvm: GC_CONCURRENT freed 512K, 6% free 10197K/10823K, paused 2ms+3ms
06-29 16:54:38.469  1359  1361 D dalvikvm: GC_CONCURRENT freed 645K, 7% free 10218K/10951K, paused 2ms+3ms
06-29 16:56:06.673   504  1386 I PhoneLab-: Service Running
06-29 16:56:06.766   504  1386 I PhoneLab-LoggerService: app_37    1399  504   1440   1072  c00f181c 400107b4 S logcat
06-29 16:56:06.766   504  1386 I PhoneLab-LoggerService: Logcat pid from database 1399
06-29 16:56:06.766   504  1386 I PhoneLab-LoggerService: Logcat process found 1399
06-29 16:56:06.766   504  1386 I PhoneLab-LoggerService: Checking Threshold
06-29 16:56:09.540   346   346 D SAN_SERVICE: *******************************************
06-29 16:56:09.540   346   346 D SAN_SERVICE: DM App Phone Service State - 0
06-29 16:56:09.540   346   346 D SAN_SERVICE: *******************************************
06-29 16:56:20.848   346   346 D SAN_SERVICE: *******************************************
06-29 16:56:20.848   346   346 D SAN_SERVICE: DM App Phone Service State - 0
06-29 16:56:20.848   346   346 D SAN_SERVICE: *******************************************
06-29 16:56:23.727   346   346 D SAN_SERVICE: *******************************************
06-29 16:56:23.727   346   346 D SAN_SERVICE: DM App Phone Service State - 0
06-29 16:56:23.727   346   346 D SAN_SERVICE: *******************************************
06-29 16:56:38.567  1861  1864 D dalvikvm: GC_CONCURRENT freed 502K, 6% free 10207K/10823K, paused 2ms+2ms
06-29 16:56:38.692  1359  1361 D dalvikvm: GC_CONCURRENT freed 494K, 7% free 10224K/10951K, paused 2ms+3ms
06-29 16:56:38.801  1359  1361 D dalvikvm: GC_CONCURRENT freed 269K, 6% free 10356K/10951K, paused 2ms+8ms
06-29 16:56:47.501   346   346 D SAN_SERVICE: *******************************************
06-29 16:56:47.501   346   346 D SAN_SERVICE: DM App Phone Service State - 0
06-29 16:56:47.501   346   346 D SAN_SERVICE: *******************************************
06-29 16:56:57.747   346   346 D SAN_SERVICE: *******************************************
06-29 16:56:57.747   346   346 D SAN_SERVICE: DM App Phone Service State - 0
06-29 16:56:57.747   346   346 D SAN_SERVICE: *******************************************
06-29 16:57:01.212   346   346 D SAN_SERVICE: *******************************************
06-29 16:57:01.212   346   346 D SAN_SERVICE: DM App Phone Service State - 0
06-29 16:57:01.212   346   346 D SAN_SERVICE: *******************************************
06-29 16:57:23.544   346   346 D SAN_SERVICE: *******************************************
06-29 16:57:23.544   346   346 D SAN_SERVICE: DM App Phone Service State - 0
06-29 16:57:23.544   346   346 D SAN_SERVICE: *******************************************
06-29 16:57:37.606   346   346 D SAN_SERVICE: *******************************************
06-29 16:57:37.606   346   346 D SAN_SERVICE: DM App Phone Service State - 0
06-29 16:57:37.606   346   346 D SAN_SERVICE: *******************************************
06-29 16:57:38.680   147   149 D dalvikvm: GC_CONCURRENT freed 937K, 12% free 13689K/15431K, paused 2ms+6ms
06-29 16:57:38.778  1359  1361 D dalvikvm: GC_CONCURRENT freed 639K, 7% free 10227K/10951K, paused 2ms+3ms
06-29 16:57:41.868   346   346 D SAN_SERVICE: *******************************************
06-29 16:57:41.868   346   346 D SAN_SERVICE: DM App Phone Service State - 0
06-29 16:57:41.868   346   346 D SAN_SERVICE: *******************************************
06-29 16:58:00.016   147   164 I ActivityManager: No longer want com.google.android.talk (pid 1327): hidden #16
06-29 16:58:04.403   346   346 D SAN_SERVICE: *******************************************
06-29 16:58:04.403   346   346 D SAN_SERVICE: DM App Phone Service State - 0
06-29 16:58:04.403   346   346 D SAN_SERVICE: *******************************************
06-29 16:58:06.673   504  1386 I PhoneLab-: Service Running
06-29 16:58:06.759   504  1386 I PhoneLab-LoggerService: app_37    1399  504   1440   1072  c00f181c 400107b4 S logcat
06-29 16:58:06.762   504  1386 I PhoneLab-LoggerService: Logcat pid from database 1399
06-29 16:58:06.762   504  1386 I PhoneLab-LoggerService: Logcat process found 1399
06-29 16:58:06.762   504  1386 I PhoneLab-LoggerService: Checking Threshold
06-29 16:58:14.610   346   346 D SAN_SERVICE: *******************************************
06-29 16:58:14.610   346   346 D SAN_SERVICE: DM App Phone Service State - 0
06-29 16:58:14.610   346   346 D SAN_SERVICE: *******************************************
06-29 16:58:14.837  1861  1864 D dalvikvm: GC_CONCURRENT freed 390K, 6% free 10204K/10823K, paused 2ms+2ms
06-29 16:58:18.001   346   346 D SAN_SERVICE: *******************************************
06-29 16:58:18.001   346   346 D SAN_SERVICE: DM App Phone Service State - 0
06-29 16:58:18.001   346   346 D SAN_SERVICE: *******************************************
06-29 16:59:38.716  1861  1864 D dalvikvm: GC_CONCURRENT freed 498K, 6% free 10217K/10823K, paused 2ms+3ms
06-29 16:59:38.833  1359  1361 D dalvikvm: GC_CONCURRENT freed 509K, 7% free 10230K/10951K, paused 2ms+3ms
06-29 17:00:06.673   504  1386 I PhoneLab-: Service Running
06-29 17:00:06.747   504  1386 I PhoneLab-LoggerService: app_37    1399  504   1440   1072  c00f181c 400107b4 S logcat
06-29 17:00:06.747   504  1386 I PhoneLab-LoggerService: Logcat pid from database 1399
06-29 17:00:06.747   504  1386 I PhoneLab-LoggerService: Logcat process found 1399
06-29 17:00:06.747   504  1386 I PhoneLab-LoggerService: Checking Threshold
06-29 17:00:17.528   346   346 D SAN_SERVICE: *******************************************
06-29 17:00:17.528   346   346 D SAN_SERVICE: DM App Phone Service State - 0
06-29 17:00:17.532   346   346 D SAN_SERVICE: *******************************************
06-29 17:00:27.700   346   346 D SAN_SERVICE: *******************************************
06-29 17:00:27.700   346   346 D SAN_SERVICE: DM App Phone Service State - 0
06-29 17:00:27.700   346   346 D SAN_SERVICE: *******************************************
06-29 17:00:32.790   346   346 D SAN_SERVICE: *******************************************
06-29 17:00:32.790   346   346 D SAN_SERVICE: DM App Phone Service State - 0
06-29 17:00:32.790   346   346 D SAN_SERVICE: *******************************************
06-29 17:00:38.864   147   297 D dalvikvm: GC_EXPLICIT freed 529K, 12% free 13632K/15431K, paused 2ms+6ms
06-29 17:00:38.946  1359  1361 D dalvikvm: GC_CONCURRENT freed 442K, 7% free 10224K/10951K, paused 1ms+2ms
06-29 17:00:39.059  1359  1361 D dalvikvm: GC_CONCURRENT freed 187K, 5% free 10424K/10951K, paused 2ms+2ms
06-29 17:00:41.071   314   317 D dalvikvm: GC_CONCURRENT freed 414K, 6% free 10211K/10759K, paused 29ms+3ms
06-29 17:00:41.778   314  1603 D dalvikvm: GC_EXPLICIT freed 124K, 6% free 10156K/10759K, paused 25ms+3ms
06-29 17:00:41.809   314  1603 D dalvikvm: GC_FOR_ALLOC freed 16K, 6% free 10180K/10759K, paused 19ms
06-29 17:00:42.130   224   227 D dalvikvm: GC_CONCURRENT freed 239K, 32% free 10031K/14599K, paused 4ms+5ms
06-29 17:00:42.274   224   227 D dalvikvm: GC_CONCURRENT freed 359K, 31% free 10104K/14599K, paused 4ms+5ms
06-29 17:00:47.641   224   227 D dalvikvm: GC_CONCURRENT freed 254K, 30% free 10250K/14599K, paused 17ms+6ms
06-29 17:01:16.391   448   453 D dalvikvm: GC_CONCURRENT freed 291K, 6% free 9535K/10119K, paused 2ms+4ms
06-29 17:01:22.329   346   346 D SAN_SERVICE: *******************************************
06-29 17:01:22.329   346   346 D SAN_SERVICE: DM App Phone Service State - 0
06-29 17:01:22.329   346   346 D SAN_SERVICE: *******************************************
06-29 17:01:31.716   314  1601 D dalvikvm: GC_FOR_ALLOC freed 270K, 6% free 10217K/10823K, paused 32ms
06-29 17:01:33.063   346   346 D SAN_SERVICE: *******************************************
06-29 17:01:33.063   346   346 D SAN_SERVICE: DM App Phone Service State - 0
06-29 17:01:33.063   346   346 D SAN_SERVICE: *******************************************
06-29 17:01:35.997   346   346 D SAN_SERVICE: *******************************************
06-29 17:01:35.997   346   346 D SAN_SERVICE: DM App Phone Service State - 0
06-29 17:01:35.997   346   346 D SAN_SERVICE: *******************************************
06-29 17:01:36.024   346   350 D dalvikvm: GC_CONCURRENT freed 393K, 7% free 9494K/10119K, paused 51ms+3ms
06-29 17:01:38.852  1861  1864 D dalvikvm: GC_CONCURRENT freed 508K, 6% free 10220K/10823K, paused 2ms+2ms
06-29 17:02:06.399   314  1601 D dalvikvm: GC_FOR_ALLOC freed 304K, 6% free 10221K/10823K, paused 38ms
06-29 17:02:06.673   504  1386 I PhoneLab-: Service Running
06-29 17:02:06.751   504  1386 I PhoneLab-LoggerService: app_37    1399  504   1440   1072  c00f181c 400107b4 S logcat
06-29 17:02:06.751   504  1386 I PhoneLab-LoggerService: Logcat pid from database 1399
06-29 17:02:06.751   504  1386 I PhoneLab-LoggerService: Logcat process found 1399
06-29 17:02:06.751   504  1386 I PhoneLab-LoggerService: Checking Threshold
06-29 17:02:26.423   346   346 D SAN_SERVICE: *******************************************
06-29 17:02:26.423   346   346 D SAN_SERVICE: DM App Phone Service State - 0
06-29 17:02:26.423   346   346 D SAN_SERVICE: *******************************************
06-29 17:02:36.696   346   346 D SAN_SERVICE: *******************************************
06-29 17:02:36.696   346   346 D SAN_SERVICE: DM App Phone Service State - 0
06-29 17:02:36.696   346   346 D SAN_SERVICE: *******************************************
06-29 17:02:37.493   346   346 D SAN_SERVICE: *******************************************
06-29 17:02:37.493   346   346 D SAN_SERVICE: DM App Phone Service State - 0
06-29 17:02:37.493   346   346 D SAN_SERVICE: *******************************************
06-29 17:02:38.954  1359  1361 D dalvikvm: GC_CONCURRENT freed 727K, 8% free 10221K/11015K, paused 2ms+3ms
06-29 17:03:04.696   346   346 D SAN_SERVICE: *******************************************
06-29 17:03:04.696   346   346 D SAN_SERVICE: DM App Phone Service State - 0
06-29 17:03:04.696   346   346 D SAN_SERVICE: *******************************************
06-29 17:03:08.091   346   346 D SAN_SERVICE: *******************************************
06-29 17:03:08.091   346   346 D SAN_SERVICE: DM App Phone Service State - 0
06-29 17:03:08.091   346   346 D SAN_SERVICE: *******************************************
06-29 17:03:33.903   147   147 D AlarmManagerService: Kernel timezone updated to 240 minutes west of GMT
06-29 17:03:33.903   346   346 D SystemClock: Setting time of day to sec=1341003813
06-29 17:03:33.164  1624  1637 V AlarmClock: AlarmInitReceiver finished
06-29 17:03:33.219  1274  1276 D dalvikvm: GC_CONCURRENT freed 307K, 5% free 9170K/9607K, paused 6ms+2ms
06-29 17:03:38.055  1861  1864 D dalvikvm: GC_CONCURRENT freed 512K, 6% free 10220K/10823K, paused 2ms+3ms
06-29 17:03:38.129  1359  1359 D dalvikvm: GC_EXPLICIT freed 233K, 8% free 10152K/11015K, paused 2ms+2ms
06-29 17:03:38.250   346   346 D SAN_SERVICE: *******************************************
06-29 17:03:38.250   346   346 D SAN_SERVICE: DM App Phone Service State - 0
06-29 17:03:38.250   346   346 D SAN_SERVICE: *******************************************
06-29 17:03:44.067   147   337 D AlarmManagerService: Kernel timezone updated to 240 minutes west of GMT
06-29 17:04:01.110   147   372 D AlarmManagerService: Kernel timezone updated to 240 minutes west of GMT
06-29 17:04:06.348   147   149 D dalvikvm: GC_CONCURRENT freed 1024K, 11% free 13762K/15431K, paused 3ms+6ms
06-29 17:04:06.676   504  1386 I PhoneLab-: Service Running
06-29 17:04:06.758   504  1386 I PhoneLab-LoggerService: app_37    1399  504   1440   1072  c00f181c 400107b4 S logcat
06-29 17:04:06.762   504  1386 I PhoneLab-LoggerService: Logcat pid from database 1399
06-29 17:04:06.762   504  1386 I PhoneLab-LoggerService: Logcat process found 1399
06-29 17:04:06.762   504  1386 I PhoneLab-LoggerService: Checking Threshold
06-29 17:04:15.153   147   147 D AlarmManagerService: Kernel timezone updated to 240 minutes west of GMT
06-29 17:04:16.125   147   158 D AlarmManagerService: Kernel timezone updated to 240 minutes west of GMT
06-29 17:04:27.149   147   371 D AlarmManagerService: Kernel timezone updated to 240 minutes west of GMT
06-29 17:04:38.211   147   147 D dalvikvm: GC_EXPLICIT freed 280K, 12% free 13692K/15431K, paused 2ms+6ms
06-29 17:04:38.352  1861  1864 D dalvikvm: GC_CONCURRENT freed 416K, 6% free 10227K/10823K, paused 37ms+2ms
06-29 17:04:38.422  1359  1361 D dalvikvm: GC_CONCURRENT freed 457K, 8% free 10206K/11015K, paused 2ms+8ms
06-29 17:04:43.207   147   159 D AlarmManagerService: Kernel timezone updated to 240 minutes west of GMT
06-29 17:04:57.238   147   158 D AlarmManagerService: Kernel timezone updated to 240 minutes west of GMT
06-29 17:05:08.246   147   382 D AlarmManagerService: Kernel timezone updated to 240 minutes west of GMT
06-29 17:05:22.278   147   159 D AlarmManagerService: Kernel timezone updated to 240 minutes west of GMT
06-29 17:05:28.524   314   317 D dalvikvm: GC_CONCURRENT freed 374K, 6% free 10237K/10823K, paused 21ms+3ms
06-29 17:05:31.293   147   382 D AlarmManagerService: Kernel timezone updated to 240 minutes west of GMT
06-29 17:05:38.344  1861  1864 D dalvikvm: GC_CONCURRENT freed 502K, 6% free 10225K/10823K, paused 2ms+6ms
06-29 17:05:38.496  1359  1361 D dalvikvm: GC_CONCURRENT freed 414K, 8% free 10199K/11015K, paused 2ms+6ms
06-29 17:05:38.809  1861  1864 D dalvikvm: GC_CONCURRENT freed 311K, 5% free 10369K/10823K, paused 6ms+3ms
06-29 17:05:42.289   147   337 D AlarmManagerService: Kernel timezone updated to 240 minutes west of GMT
06-29 17:05:52.336   147   372 D AlarmManagerService: Kernel timezone updated to 240 minutes west of GMT
06-29 17:06:02.356   147   372 D AlarmManagerService: Kernel timezone updated to 240 minutes west of GMT
06-29 17:06:06.676   504  1386 I PhoneLab-: Service Running
06-29 17:06:06.758   504  1386 I PhoneLab-LoggerService: app_37    1399  504   1440   1072  c00f181c 400107b4 S logcat
06-29 17:06:06.762   504  1386 I PhoneLab-LoggerService: Logcat pid from database 1399
06-29 17:06:06.762   504  1386 I PhoneLab-LoggerService: Logcat process found 1399
06-29 17:06:06.762   504  1386 I PhoneLab-LoggerService: Checking Threshold
06-29 17:06:16.336   147   382 D AlarmManagerService: Kernel timezone updated to 240 minutes west of GMT
06-29 17:06:18.453  1837  1840 D dalvikvm: GC_CONCURRENT freed 407K, 5% free 10537K/11079K, paused 21ms+2ms
06-29 17:06:29.379   147   147 D AlarmManagerService: Kernel timezone updated to 240 minutes west of GMT
06-29 17:06:32.985   346   346 D SAN_SERVICE: *******************************************
06-29 17:06:32.985   346   346 D SAN_SERVICE: DM App Phone Service State - 0
06-29 17:06:32.985   346   346 D SAN_SERVICE: *******************************************
06-29 17:06:33.399   147   372 D AlarmManagerService: Kernel timezone updated to 240 minutes west of GMT
06-29 17:06:38.414  1359  1361 D dalvikvm: GC_CONCURRENT freed 345K, 7% free 10262K/11015K, paused 2ms+2ms
06-29 17:06:38.551  1359  1361 D dalvikvm: GC_CONCURRENT freed 259K, 6% free 10388K/11015K, paused 2ms+2ms
06-29 17:06:46.492   346   346 D SAN_SERVICE: *******************************************
06-29 17:06:46.492   346   346 D SAN_SERVICE: DM App Phone Service State - 0
06-29 17:06:46.492   346   346 D SAN_SERVICE: *******************************************
06-29 17:06:49.801   346   346 D SAN_SERVICE: *******************************************
06-29 17:06:49.801   346   346 D SAN_SERVICE: DM App Phone Service State - 0
06-29 17:06:49.801   346   346 D SAN_SERVICE: *******************************************
06-29 17:07:38.352  1861  1864 D dalvikvm: GC_CONCURRENT freed 519K, 6% free 10360K/10951K, paused 2ms+2ms
06-29 17:07:38.481  1359  1361 D dalvikvm: GC_CONCURRENT freed 648K, 8% free 10242K/11015K, paused 2ms+3ms
06-29 17:08:06.672   504  1386 I PhoneLab-: Service Running
06-29 17:08:06.770   504  1386 I PhoneLab-LoggerService: app_37    1399  504   1440   1072  c00f181c 400107b4 S logcat
06-29 17:08:06.770   504  1386 I PhoneLab-LoggerService: Logcat pid from database 1399
06-29 17:08:06.770   504  1386 I PhoneLab-LoggerService: Logcat process found 1399
06-29 17:08:06.770   504  1386 I PhoneLab-LoggerService: Checking Threshold
06-29 17:08:06.781   504   506 D dalvikvm: GC_CONCURRENT freed 409K, 18% free 9153K/11143K, paused 2ms+2ms
06-29 17:08:52.727   314   862 I EventLogService: Aggregate from 1341002332590 (log), 1341002332590 (data)
06-29 17:09:38.418  1861  1864 D dalvikvm: GC_CONCURRENT freed 515K, 6% free 10357K/10951K, paused 1ms+3ms
06-29 17:09:38.535  1359  1361 D dalvikvm: GC_CONCURRENT freed 521K, 8% free 10232K/11015K, paused 1ms+2ms
06-29 17:10:03.832   346   346 D SAN_SERVICE: *******************************************
06-29 17:10:03.832   346   346 D SAN_SERVICE: DM App Phone Service State - 0
06-29 17:10:03.832   346   346 D SAN_SERVICE: *******************************************
06-29 17:10:06.676   504  1386 I PhoneLab-: Service Running
06-29 17:10:06.762   504  1386 I PhoneLab-LoggerService: app_37    1399  504   1440   1072  c00f181c 400107b4 S logcat
06-29 17:10:06.762   504  1386 I PhoneLab-LoggerService: Logcat pid from database 1399
06-29 17:10:06.762   504  1386 I PhoneLab-LoggerService: Logcat process found 1399
06-29 17:10:06.762   504  1386 I PhoneLab-LoggerService: Checking Threshold
06-29 17:10:08.817   346   346 D SAN_SERVICE: *******************************************
06-29 17:10:08.817   346   346 D SAN_SERVICE: DM App Phone Service State - 0
06-29 17:10:08.817   346   346 D SAN_SERVICE: *******************************************
06-29 17:10:18.848   346   346 D SAN_SERVICE: *******************************************
06-29 17:10:18.848   346   346 D SAN_SERVICE: DM App Phone Service State - 0
06-29 17:10:18.848   346   346 D SAN_SERVICE: *******************************************
06-29 17:11:02.805   147   149 D dalvikvm: GC_CONCURRENT freed 948K, 11% free 13789K/15431K, paused 3ms+6ms
06-29 17:11:18.633   314   317 D dalvikvm: GC_CONCURRENT freed 352K, 6% free 10275K/10823K, paused 2ms+4ms
06-29 17:11:18.758   448   453 D dalvikvm: GC_CONCURRENT freed 387K, 6% free 9533K/10119K, paused 2ms+3ms
06-29 17:11:38.590  1861  1864 D dalvikvm: GC_CONCURRENT freed 506K, 6% free 10363K/10951K, paused 2ms+3ms
06-29 17:11:38.660  1359  1361 D dalvikvm: GC_CONCURRENT freed 447K, 8% free 10183K/11015K, paused 2ms+2ms
06-29 17:12:06.672   504  1386 I PhoneLab-: Service Running
06-29 17:12:06.750   504  1386 I PhoneLab-LoggerService: app_37    1399  504   1440   1072  c00f181c 400107b4 S logcat
06-29 17:12:06.750   504  1386 I PhoneLab-LoggerService: Logcat pid from database 1399
06-29 17:12:06.750   504  1386 I PhoneLab-LoggerService: Logcat process found 1399
06-29 17:12:06.750   504  1386 I PhoneLab-LoggerService: Checking Threshold
06-29 17:12:38.778   147   372 D dalvikvm: GC_EXPLICIT freed 317K, 12% free 13702K/15431K, paused 3ms+5ms
06-29 17:12:38.844  1359  1361 D dalvikvm: GC_CONCURRENT freed 438K, 7% free 10252K/11015K, paused 2ms+3ms
06-29 17:12:59.746   147   372 I ActivityManager: START {act=android.intent.action.MAIN cat=[android.intent.category.LAUNCHER] flg=0x10200000 cmp=com.google.android.talk/.SigningInActivity bnds=[96,706][192,802]} from pid 375
06-29 17:12:59.914   147   147 I ActivityManager: Start proc com.google.android.talk for activity com.google.android.talk/.SigningInActivity: pid=2041 uid=10045 gids={3003, 1015, 1006, 3002}
06-29 17:12:59.992   375   375 D OpenGLRenderer: Flushing caches (mode 1)
06-29 17:13:00.047   375   375 D OpenGLRenderer: Flushing caches (mode 0)
06-29 17:13:00.082  2041  2041 I ActivityThread: Pub com.google.android.talk.SuggestionProvider: com.google.android.talk.SuggestionsProvider
06-29 17:13:00.133  2041  2041 D vclib:CallStateClient: startListening
06-29 17:13:00.219  2041  2044 D dalvikvm: GC_CONCURRENT freed 144K, 3% free 9392K/9607K, paused 6ms+6ms
06-29 17:13:00.453   147   163 I Process : Sending signal. PID: 2041 SIG: 3
06-29 17:13:00.453  2041  2046 I dalvikvm: threadid=3: reacting to signal 3
06-29 17:13:00.906  2041  2046 I dalvikvm: Wrote stack traces to '/data/anr/traces.txt'
06-29 17:13:00.985   147   163 I Process : Sending signal. PID: 2041 SIG: 3
06-29 17:13:00.985  2041  2046 I dalvikvm: threadid=3: reacting to signal 3
06-29 17:13:01.043  2041  2046 I dalvikvm: Wrote stack traces to '/data/anr/traces.txt'
06-29 17:13:01.063  2041  2041 D vclib:CallStateClient: startListening
06-29 17:13:01.090  2041  2044 D dalvikvm: GC_CONCURRENT freed 288K, 5% free 9578K/9991K, paused 3ms+3ms
06-29 17:13:01.168  2041  2041 D libEGL  : loaded /system/lib/egl/libGLES_android.so
06-29 17:13:01.176  2041  2041 D libEGL  : loaded /vendor/lib/egl/libEGL_POWERVR_SGX540_120.so
06-29 17:13:01.184  2041  2041 D libEGL  : loaded /vendor/lib/egl/libGLESv1_CM_POWERVR_SGX540_120.so
06-29 17:13:01.188  2041  2041 D libEGL  : loaded /vendor/lib/egl/libGLESv2_POWERVR_SGX540_120.so
06-29 17:13:01.246  2041  2041 D OpenGLRenderer: Enabling debug mode 0
06-29 17:13:01.309  2041  2068 E talk    : [Databaseutils] pruneOldMessageHistory
06-29 17:13:01.430   147   178 I ActivityManager: Displayed com.google.android.talk/.SigningInActivity: +1s569ms
06-29 17:13:02.235   224   227 D dalvikvm: GC_CONCURRENT freed 627K, 31% free 10129K/14599K, paused 2ms+3ms
06-29 17:13:02.328   224   227 D dalvikvm: GC_CONCURRENT freed 574K, 32% free 10027K/14599K, paused 2ms+2ms
06-29 17:13:02.567   314  1376 D dalvikvm: GC_EXPLICIT freed 305K, 6% free 10276K/10823K, paused 5ms+4ms
06-29 17:13:02.594  2041  2041 D vclib:CallStateClient: stopListening
06-29 17:13:02.594  2041  2041 D vclib:CallStateClient: startListening
06-29 17:13:02.953  2041  2044 D dalvikvm: GC_CONCURRENT freed 262K, 4% free 9820K/10183K, paused 2ms+3ms
06-29 17:13:03.133  2041  2044 D dalvikvm: GC_CONCURRENT freed 118K, 2% free 10168K/10375K, paused 2ms+3ms
06-29 17:13:06.336  2041  2041 D talk    : [BuddyList] closeAllChats
06-29 17:13:06.473   147   385 W InputManagerService: Window already focused, ignoring focus gain of: com.android.internal.view.IInputMethodClient$Stub$Proxy@41867000
06-29 17:13:06.727  2041  2044 D dalvikvm: GC_CONCURRENT freed 348K, 5% free 10299K/10759K, paused 2ms+5ms
06-29 17:13:07.055  2041  2044 D dalvikvm: GC_CONCURRENT freed 404K, 5% free 10339K/10823K, paused 2ms+4ms
06-29 17:13:08.016  2041  2041 D dalvikvm: GC_FOR_ALLOC freed 128K, 5% free 10509K/10951K, paused 21ms
06-29 17:13:09.164  2041  2041 D dalvikvm: GC_FOR_ALLOC freed 71K, 4% free 10723K/11143K, paused 20ms
06-29 17:13:10.637  2041  2041 D dalvikvm: GC_FOR_ALLOC freed 332K, 6% free 10721K/11399K, paused 25ms
06-29 17:13:12.543  2041  2041 D dalvikvm: GC_FOR_ALLOC freed 326K, 6% free 10757K/11399K, paused 31ms
06-29 17:13:15.176  2041  2041 D dalvikvm: GC_FOR_ALLOC freed 411K, 7% free 10759K/11463K, paused 60ms
06-29 17:13:18.813  2041  2041 D dalvikvm: GC_FOR_ALLOC freed 387K, 7% free 10736K/11463K, paused 22ms
06-29 17:13:21.059  2041  2041 D vclib:CallStateClient: stopListening
06-29 17:13:21.160  2041  2044 D dalvikvm: GC_CONCURRENT freed 469K, 7% free 10765K/11463K, paused 2ms+4ms
06-29 17:13:21.172  2041  2041 D vclib:CallStateClient: startListening
06-29 17:13:24.180  2041  2041 D vclib:CallStateClient: stopListening
06-29 17:13:24.305  2041  2044 D dalvikvm: GC_CONCURRENT freed 772K, 9% free 10518K/11463K, paused 8ms+5ms
06-29 17:13:24.344  2041  2041 D vclib:CallStateClient: startListening
06-29 17:13:24.469   147   297 W InputManagerService: Window already focused, ignoring focus gain of: com.android.internal.view.IInputMethodClient$Stub$Proxy@416b36e8
06-29 17:13:24.637  2041  2041 D vclib:CallStateClient: stopListening
06-29 17:13:24.641  2041  2041 D vclib:CallStateClient: startListening
06-29 17:13:24.723  2041  2044 D dalvikvm: GC_CONCURRENT freed 386K, 8% free 10550K/11463K, paused 2ms+4ms
06-29 17:13:24.762  2041  2041 D dalvikvm: GC_FOR_ALLOC freed 81K, 9% free 10542K/11463K, paused 18ms
06-29 17:13:24.793  2041  2041 D dalvikvm: GC_FOR_ALLOC freed 54K, 8% free 10560K/11463K, paused 18ms
06-29 17:13:24.824  2041  2041 D dalvikvm: GC_FOR_ALLOC freed 53K, 8% free 10581K/11463K, paused 19ms
06-29 17:13:24.863  2041  2041 D dalvikvm: GC_FOR_ALLOC freed 71K, 8% free 10614K/11463K, paused 18ms
06-29 17:13:25.035  2041  2041 D dalvikvm: GC_FOR_ALLOC freed 195K, 8% free 10591K/11463K, paused 19ms
06-29 17:13:26.645  2041  2041 D dalvikvm: GC_FOR_ALLOC freed 186K, 7% free 10692K/11463K, paused 20ms
06-29 17:13:26.754  2041  2041 D dalvikvm: GC_FOR_ALLOC freed 103K, 7% free 10692K/11463K, paused 22ms
06-29 17:13:27.188  2041  2041 D dalvikvm: GC_FOR_ALLOC freed 106K, 7% free 10695K/11463K, paused 25ms
06-29 17:13:27.617  2041  2041 D dalvikvm: GC_FOR_ALLOC freed 106K, 7% free 10692K/11463K, paused 26ms
06-29 17:13:27.676  2041  2041 D dalvikvm: GC_FOR_ALLOC freed 57K, 7% free 10760K/11463K, paused 19ms
06-29 17:13:27.735  2041  2041 D dalvikvm: GC_FOR_ALLOC freed 83K, 7% free 10749K/11463K, paused 21ms
06-29 17:13:27.766  2041  2041 D dalvikvm: GC_FOR_ALLOC freed 67K, 7% free 10726K/11463K, paused 19ms
06-29 17:13:27.840  2041  2041 D dalvikvm: GC_FOR_ALLOC freed 81K, 7% free 10729K/11463K, paused 19ms
06-29 17:13:27.867  2041  2041 D dalvikvm: GC_FOR_ALLOC freed 48K, 7% free 10722K/11463K, paused 20ms
06-29 17:13:27.918  2041  2041 D dalvikvm: GC_FOR_ALLOC freed 48K, 7% free 10722K/11463K, paused 19ms
06-29 17:13:27.965  2041  2041 D dalvikvm: GC_FOR_ALLOC freed 46K, 7% free 10720K/11463K, paused 21ms
06-29 17:13:27.996   346   346 D SAN_SERVICE: *******************************************
06-29 17:13:27.996   346   346 D SAN_SERVICE: DM App Phone Service State - 0
06-29 17:13:27.996   346   346 D SAN_SERVICE: *******************************************
06-29 17:13:28.125  2041  2041 D dalvikvm: GC_FOR_ALLOC freed 76K, 7% free 10741K/11463K, paused 23ms
06-29 17:13:28.367  1861  1864 D dalvikvm: GC_CONCURRENT freed 407K, 6% free 10385K/10951K, paused 2ms+3ms
06-29 17:13:28.422  2041  2041 D dalvikvm: GC_FOR_ALLOC freed 80K, 7% free 10758K/11463K, paused 23ms
06-29 17:13:28.656  2041  2041 D dalvikvm: GC_FOR_ALLOC freed 52K, 7% free 10753K/11463K, paused 26ms
06-29 17:13:28.688   147   382 D AlarmManagerService: Kernel timezone updated to 240 minutes west of GMT
06-29 17:13:29.238  2041  2041 D dalvikvm: GC_FOR_ALLOC freed 47K, 7% free 10751K/11463K, paused 22ms
06-29 17:13:29.270  2041  2041 D dalvikvm: GC_FOR_ALLOC freed 43K, 7% free 10753K/11463K, paused 20ms
06-29 17:13:29.317  2041  2041 D dalvikvm: GC_FOR_ALLOC freed 44K, 7% free 10759K/11463K, paused 21ms
06-29 17:13:29.406  2041  2041 D dalvikvm: GC_FOR_ALLOC freed 44K, 7% free 10759K/11463K, paused 24ms
06-29 17:13:29.699   147   371 D AlarmManagerService: Kernel timezone updated to 240 minutes west of GMT
06-29 17:13:30.145  2041  2041 D dalvikvm: GC_FOR_ALLOC freed 55K, 7% free 10772K/11463K, paused 19ms
06-29 17:13:30.231  2041  2041 D dalvikvm: GC_FOR_ALLOC freed 50K, 7% free 10770K/11463K, paused 22ms
06-29 17:13:30.395  2041  2041 D dalvikvm: GC_FOR_ALLOC freed 95K, 6% free 10776K/11463K, paused 24ms
06-29 17:13:32.039  2041  2041 D dalvikvm: GC_FOR_ALLOC freed 215K, 6% free 10802K/11463K, paused 25ms
06-29 17:13:32.133  2041  2041 D dalvikvm: GC_FOR_ALLOC freed 256K, 7% free 10783K/11527K, paused 21ms
06-29 17:13:32.219  2041  2041 D dalvikvm: GC_FOR_ALLOC freed 177K, 7% free 10751K/11527K, paused 21ms
06-29 17:13:32.305  2041  2041 D dalvikvm: GC_FOR_ALLOC freed 159K, 7% free 10771K/11527K, paused 21ms
06-29 17:13:32.348  2041  2041 D dalvikvm: GC_FOR_ALLOC freed 150K, 7% free 10762K/11527K, paused 19ms
06-29 17:13:32.414  2041  2041 D dalvikvm: GC_FOR_ALLOC freed 142K, 7% free 10751K/11527K, paused 18ms
06-29 17:13:32.488  2041  2041 D dalvikvm: GC_FOR_ALLOC freed 165K, 7% free 10746K/11527K, paused 21ms
06-29 17:13:33.539   147   337 W InputManagerService: Starting input on non-focused client com.android.internal.view.IInputMethodClient$Stub$Proxy@4163a008 (uid=10045 pid=2041)
06-29 17:13:33.590   147   163 I ActivityManager: No longer want com.google.android.apps.uploader (pid 1139): hidden #16
06-29 17:13:33.625  2041  2041 D OpenGLRenderer: Flushing caches (mode 1)
06-29 17:13:33.684  2041  2041 D vclib:CallStateClient: stopListening
06-29 17:13:36.367   147   175 I power   : *** set_screen_state 0
06-29 17:13:36.418    78   122 D SurfaceFlinger: About to give-up screen, flinger = 0x1cc9918
06-29 17:13:36.516   147   176 D dalvikvm: GC_FOR_ALLOC freed 792K, 11% free 13862K/15431K, paused 65ms
06-29 17:13:36.672   147   179 D dalvikvm: GC_FOR_ALLOC freed 91K, 9% free 14176K/15431K, paused 76ms
06-29 17:13:36.727   147   179 D dalvikvm: GC_FOR_ALLOC freed 3K, 9% free 14276K/15559K, paused 51ms
06-29 17:13:36.742   147   337 D AlarmManagerService: Kernel timezone updated to 240 minutes west of GMT
06-29 17:13:36.750   346   346 D SystemClock: Setting time of day to sec=1341004418
06-29 17:13:38.180   147   179 D dalvikvm: GC_FOR_ALLOC freed 33K, 9% free 14386K/15687K, paused 53ms
06-29 17:13:38.195   359  2086 D NfcService: NFC-C OFF, disconnect
06-29 17:13:38.277   147   179 D dalvikvm: GC_FOR_ALLOC freed 25K, 9% free 14493K/15815K, paused 57ms
06-29 17:13:38.285   147   179 V TransportControlView: Create TCV com.android.internal.widget.TransportControlView@417d9530
06-29 17:13:38.324   224   224 D PhoneStatusBar: disable: < expand icons alerts ticker system_info back home RECENT* clock >
06-29 17:13:38.418   224   224 D PhoneStatusBar: disable: < expand icons alerts ticker system_info BACK* HOME* RECENT CLOCK* >
06-29 17:13:38.516   314   317 D dalvikvm: GC_CONCURRENT freed 401K, 5% free 10314K/10823K, paused 2ms+8ms
06-29 17:13:38.520  1624  1637 V AlarmClock: AlarmInitReceiver finished
06-29 17:13:39.117   346   346 D SAN_SERVICE: *******************************************
06-29 17:13:39.117   346   346 D SAN_SERVICE: DM App Phone Service State - 0
06-29 17:13:39.117   346   346 D SAN_SERVICE: *******************************************
06-29 17:13:39.129   346   350 D dalvikvm: GC_CONCURRENT freed 403K, 7% free 9505K/10119K, paused 3ms+6ms
06-29 17:13:40.192  1861  1864 D dalvikvm: GC_CONCURRENT freed 466K, 6% free 10375K/10951K, paused 2ms+2ms
06-29 17:13:40.250  1359  1361 D dalvikvm: GC_CONCURRENT freed 462K, 8% free 10220K/11015K, paused 2ms+2ms
06-29 17:13:42.051   147   337 D AlarmManagerService: Kernel timezone updated to 240 minutes west of GMT
06-29 17:13:42.567   346   346 D SAN_SERVICE: *******************************************
06-29 17:13:42.567   346   346 D SAN_SERVICE: DM App Phone Service State - 0
06-29 17:13:42.567   346   346 D SAN_SERVICE: *******************************************
06-29 17:13:43.094   346   346 D SAN_SERVICE: *******************************************
06-29 17:13:43.094   346   346 D SAN_SERVICE: DM App Phone Service State - 0
06-29 17:13:43.094   346   346 D SAN_SERVICE: *******************************************
06-29 17:13:43.219   147   385 D dalvikvm: GC_EXPLICIT freed 238K, 8% free 14709K/15943K, paused 3ms+11ms
06-29 17:13:44.090   147   464 W ActivityManager: finishReceiver called but no pending broadcasts
06-29 17:13:44.215  1861  1864 D dalvikvm: GC_CONCURRENT freed 425K, 5% free 10516K/11015K, paused 1ms+3ms
06-29 17:13:47.059   147   147 D AlarmManagerService: Kernel timezone updated to 240 minutes west of GMT
06-29 17:13:52.988   147   159 W ActivityManager: finishReceiver called but no pending broadcasts
06-29 17:13:53.090  1861  1864 D dalvikvm: GC_CONCURRENT freed 550K, 6% free 10518K/11143K, paused 2ms+3ms
06-29 17:13:53.770   346   346 D SAN_SERVICE: *******************************************
06-29 17:13:53.770   346   346 D SAN_SERVICE: DM App Phone Service State - 0
06-29 17:13:53.770   346   346 D SAN_SERVICE: *******************************************
06-29 17:14:01.824   147   385 W ActivityManager: finishReceiver called but no pending broadcasts
06-29 17:14:01.906  1861  1864 D dalvikvm: GC_CONCURRENT freed 516K, 6% free 10514K/11143K, paused 2ms+2ms
06-29 17:14:07.988   504  1386 I PhoneLab-: Service Running
06-29 17:14:08.133   504  1386 I PhoneLab-LoggerService: app_37    1399  504   1440   1072  c00f181c 400107b4 S logcat
06-29 17:14:08.133   504  1386 I PhoneLab-LoggerService: Logcat pid from database 1399
06-29 17:14:08.133   504  1386 I PhoneLab-LoggerService: Logcat process found 1399
06-29 17:14:08.133   504  1386 I PhoneLab-LoggerService: Checking Threshold
06-29 17:14:40.203  1861  1864 D dalvikvm: GC_CONCURRENT freed 519K, 7% free 10400K/11143K, paused 2ms+6ms
06-29 17:14:45.317   147   297 D AlarmManagerService: Kernel timezone updated to 240 minutes west of GMT
06-29 17:14:48.320   147   147 D AlarmManagerService: Kernel timezone updated to 240 minutes west of GMT
06-29 17:14:52.824   346   346 D SAN_SERVICE: *******************************************
06-29 17:14:52.824   346   346 D SAN_SERVICE: DM App Phone Service State - 0
06-29 17:14:52.824   346   346 D SAN_SERVICE: *******************************************
06-29 17:14:53.359   346   346 D SAN_SERVICE: *******************************************
06-29 17:14:53.359   346   346 D SAN_SERVICE: DM App Phone Service State - 0
06-29 17:14:53.359   346   346 D SAN_SERVICE: *******************************************
06-29 17:14:54.363   147   371 D AlarmManagerService: Kernel timezone updated to 240 minutes west of GMT
06-29 17:14:54.375   346   346 D SAN_SERVICE: *******************************************
06-29 17:14:54.375   346   346 D SAN_SERVICE: DM App Phone Service State - 0
06-29 17:14:54.375   346   346 D SAN_SERVICE: *******************************************
06-29 17:15:01.223   147   372 D AlarmManagerService: Kernel timezone updated to 240 minutes west of GMT
06-29 17:15:40.227  1359  1361 D dalvikvm: GC_CONCURRENT freed 476K, 7% free 10254K/11015K, paused 2ms+2ms
06-29 17:15:40.371  1359  1361 D dalvikvm: GC_CONCURRENT freed 378K, 6% free 10378K/11015K, paused 1ms+2ms
06-29 17:16:02.719   147   159 D AlarmManagerService: Kernel timezone updated to 240 minutes west of GMT
06-29 17:16:03.719   147   297 D AlarmManagerService: Kernel timezone updated to 240 minutes west of GMT
06-29 17:16:06.684   504  1386 I PhoneLab-: Service Running
06-29 17:16:06.719   147   158 D AlarmManagerService: Kernel timezone updated to 240 minutes west of GMT
06-29 17:16:06.746   504  1386 I PhoneLab-LoggerService: app_37    1399  504   1440   1072  c00f181c 400107b4 S logcat
06-29 17:16:06.750   504  1386 I PhoneLab-LoggerService: Logcat pid from database 1399
06-29 17:16:06.750   504  1386 I PhoneLab-LoggerService: Logcat process found 1399
06-29 17:16:06.750   504  1386 I PhoneLab-LoggerService: Checking Threshold
06-29 17:16:11.051   346   346 D SAN_SERVICE: *******************************************
06-29 17:16:11.051   346   346 D SAN_SERVICE: DM App Phone Service State - 0
06-29 17:16:11.051   346   346 D SAN_SERVICE: *******************************************
06-29 17:16:11.746   346   346 D SAN_SERVICE: *******************************************
06-29 17:16:11.746   346   346 D SAN_SERVICE: DM App Phone Service State - 0
06-29 17:16:11.746   346   346 D SAN_SERVICE: *******************************************
06-29 17:16:13.512   346   346 D SAN_SERVICE: *******************************************
06-29 17:16:13.512   346   346 D SAN_SERVICE: DM App Phone Service State - 0
06-29 17:16:13.512   346   346 D SAN_SERVICE: *******************************************
06-29 17:16:13.742   147   297 D AlarmManagerService: Kernel timezone updated to 240 minutes west of GMT
06-29 17:16:13.750   346   346 D SAN_SERVICE: *******************************************
06-29 17:16:13.750   346   346 D SAN_SERVICE: DM App Phone Service State - 0
06-29 17:16:13.750   346   346 D SAN_SERVICE: *******************************************
06-29 17:16:19.945   147   147 D AlarmManagerService: Kernel timezone updated to 240 minutes west of GMT
06-29 17:16:40.192  1861  1864 D dalvikvm: GC_CONCURRENT freed 507K, 7% free 10405K/11143K, paused 2ms+3ms
06-29 17:16:40.301  1359  1361 D dalvikvm: GC_CONCURRENT freed 636K, 7% free 10249K/11015K, paused 2ms+3ms
06-29 17:17:05.652   147   371 W ActivityManager: finishReceiver called but no pending broadcasts
06-29 17:17:05.727  1861  1864 D dalvikvm: GC_CONCURRENT freed 404K, 6% free 10512K/11143K, paused 2ms+2ms
06-29 17:17:19.563   147   385 D AlarmManagerService: Kernel timezone updated to 240 minutes west of GMT
06-29 17:17:40.363  1861  1864 D dalvikvm: GC_CONCURRENT freed 537K, 7% free 10397K/11143K, paused 2ms+9ms
06-29 17:17:40.414  1359  1361 D dalvikvm: GC_CONCURRENT freed 446K, 7% free 10255K/11015K, paused 2ms+2ms
06-29 17:18:06.672   504  1386 I PhoneLab-: Service Running
06-29 17:18:06.750   504  1386 I PhoneLab-LoggerService: app_37    1399  504   1440   1072  c00f181c 400107b4 S logcat
06-29 17:18:06.750   504  1386 I PhoneLab-LoggerService: Logcat pid from database 1399
06-29 17:18:06.750   504  1386 I PhoneLab-LoggerService: Logcat process found 1399
06-29 17:18:06.750   504  1386 I PhoneLab-LoggerService: Checking Threshold
06-29 17:18:21.176   147   337 D AlarmManagerService: Kernel timezone updated to 240 minutes west of GMT
06-29 17:18:23.180   147   147 D AlarmManagerService: Kernel timezone updated to 240 minutes west of GMT
06-29 17:18:25.500   346   346 D SAN_SERVICE: *******************************************
06-29 17:18:25.500   346   346 D SAN_SERVICE: DM App Phone Service State - 0
06-29 17:18:25.500   346   346 D SAN_SERVICE: *******************************************
06-29 17:18:25.508   346   350 D dalvikvm: GC_CONCURRENT freed 413K, 7% free 9500K/10119K, paused 1ms+2ms
06-29 17:18:26.211   346   346 D SAN_SERVICE: *******************************************
06-29 17:18:26.211   346   346 D SAN_SERVICE: DM App Phone Service State - 0
06-29 17:18:26.211   346   346 D SAN_SERVICE: *******************************************
06-29 17:18:33.192   147   372 D AlarmManagerService: Kernel timezone updated to 240 minutes west of GMT
06-29 17:18:33.965   346   346 D SAN_SERVICE: *******************************************
06-29 17:18:33.965   346   346 D SAN_SERVICE: DM App Phone Service State - 0
06-29 17:18:33.965   346   346 D SAN_SERVICE: *******************************************
06-29 17:18:34.215   346   346 D SAN_SERVICE: *******************************************
06-29 17:18:34.219   346   346 D SAN_SERVICE: DM App Phone Service State - 0
06-29 17:18:34.219   346   346 D SAN_SERVICE: *******************************************
06-29 17:18:36.195   147   337 D AlarmManagerService: Kernel timezone updated to 240 minutes west of GMT
06-29 17:18:36.953   346   346 D SAN_SERVICE: *******************************************
06-29 17:18:36.953   346   346 D SAN_SERVICE: DM App Phone Service State - 0
06-29 17:18:36.953   346   346 D SAN_SERVICE: *******************************************
06-29 17:18:41.203   147   385 D AlarmManagerService: Kernel timezone updated to 240 minutes west of GMT
06-29 17:18:46.301   346   346 D SAN_SERVICE: *******************************************
06-29 17:18:46.301   346   346 D SAN_SERVICE: DM App Phone Service State - 0
06-29 17:18:46.301   346   346 D SAN_SERVICE: *******************************************
06-29 17:19:40.387  1861  1864 D dalvikvm: GC_CONCURRENT freed 508K, 7% free 10401K/11143K, paused 2ms+2ms
06-29 17:19:40.504  1359  1361 D dalvikvm: GC_CONCURRENT freed 481K, 7% free 10278K/11015K, paused 1ms+2ms
06-29 17:20:05.793   147   147 I ActivityManager: No longer want com.google.android.apps.plus (pid 1158): hidden #16
06-29 17:20:06.672   504  1386 I PhoneLab-: Service Running
06-29 17:20:06.746   504  1386 I PhoneLab-LoggerService: app_37    1399  504   1440   1072  c00f181c 400107b4 S logcat
06-29 17:20:06.746   504  1386 I PhoneLab-LoggerService: Logcat pid from database 1399
06-29 17:20:06.746   504  1386 I PhoneLab-LoggerService: Logcat process found 1399
06-29 17:20:06.746   504  1386 I PhoneLab-LoggerService: Checking Threshold
06-29 17:20:07.020   504   504 I PhoneLab-Locks: wake lock acquired
06-29 17:20:07.039   504  2137 I PhoneLab-PeriodicCheckService: User info is synched
06-29 17:20:07.043   504  2137 I PhoneLab-PeriodicCheckService: Logger Service is running
06-29 17:20:07.047   504   504 I PhoneLab-Locks: wake lock acquired
06-29 17:20:07.051   504   504 I PhoneLab-StatusMonitor: Status Monitoring is started
06-29 17:20:07.051   504  2137 I PhoneLab-Locks: wake lock acquired
06-29 17:20:07.059   504  2137 I PhoneLab-PeriodicCheckService: Rescheduling periodic checking...
06-29 17:20:07.059   504   504 E PhoneLab-PhoneLabManifest: java.io.FileNotFoundException: /data/data/edu.buffalo.cse.phonelab.phonelabservices/files/manifest.xml: open failed: ENOENT (No such file or directory)
06-29 17:20:07.059   504   504 I PhoneLab-Locks: wake lock released
06-29 17:20:07.059   504   504 I PhoneLab-UploadLogs: Transfering log files now
06-29 17:20:07.059   504   504 I PhoneLab-UploadLogs: No log files to transfer
06-29 17:20:07.059   504   504 I PhoneLab-Locks: wake lock released
06-29 17:20:07.063   504   504 I PhoneLab-UploadLogs: OnStartCommand
06-29 17:20:07.067   504  2137 I PhoneLab-Locks: wake lock released
06-29 17:20:09.500   147   147 W ActivityManager: finishReceiver called but no pending broadcasts
06-29 17:20:09.578  1861  1864 D dalvikvm: GC_CONCURRENT freed 389K, 6% free 10523K/11143K, paused 1ms+2ms
06-29 17:20:39.094   147   164 I ActivityManager: No longer want com.google.android.apps.docs (pid 1255): hidden #16
06-29 17:20:39.098   147   164 I ActivityManager: No longer want com.google.android.youtube (pid 1211): hidden #17
06-29 17:20:39.125   147   371 I ActivityManager: No longer want com.android.sprintmenu (pid 1794): hidden #16
06-29 17:20:39.125   147   371 I ActivityManager: No longer want com.google.android.apps.currents (pid 1706): hidden #17
06-29 17:20:39.145   147   297 W ActivityManager: Scheduling restart of crashed service com.android.sprintmenu/.HiddenPhoneService in 5000ms
06-29 17:20:39.254   147   149 D dalvikvm: GC_CONCURRENT freed 1472K, 10% free 14661K/16263K, paused 2ms+7ms
06-29 17:20:40.492   147   159 D dalvikvm: GC_EXPLICIT freed 182K, 11% free 14501K/16263K, paused 2ms+5ms
06-29 17:20:40.637  1359  1361 D dalvikvm: GC_CONCURRENT freed 469K, 7% free 10306K/11015K, paused 1ms+8ms
06-29 17:20:40.699   224   227 D dalvikvm: GC_CONCURRENT freed 401K, 31% free 10110K/14599K, paused 2ms+3ms
06-29 17:20:40.750   224   227 D dalvikvm: GC_CONCURRENT freed 696K, 33% free 9907K/14599K, paused 1ms+2ms
06-29 17:20:40.820   224   227 D dalvikvm: GC_CONCURRENT freed 444K, 32% free 9971K/14599K, paused 1ms+2ms
06-29 17:20:40.953  1359  1361 D dalvikvm: GC_CONCURRENT freed 301K, 6% free 10400K/11015K, paused 2ms+2ms
06-29 17:20:42.399   147   382 D AlarmManagerService: Kernel timezone updated to 240 minutes west of GMT
06-29 17:20:42.442  1861  1864 D dalvikvm: GC_CONCURRENT freed 498K, 7% free 10409K/11143K, paused 1ms+2ms
06-29 17:20:44.152   147   164 I ActivityManager: Start proc com.android.sprintmenu for service com.android.sprintmenu/.HiddenPhoneService: pid=2147 uid=1001 gids={3002, 3001, 3003, 1015}
06-29 17:20:44.375   147   382 D AlarmManagerService: Kernel timezone updated to 240 minutes west of GMT
06-29 17:20:46.637   346   346 D SAN_SERVICE: *******************************************
06-29 17:20:46.637   346   346 D SAN_SERVICE: DM App Phone Service State - 0
06-29 17:20:46.637   346   346 D SAN_SERVICE: *******************************************
06-29 17:20:47.371   346   346 D SAN_SERVICE: *******************************************
06-29 17:20:47.371   346   346 D SAN_SERVICE: DM App Phone Service State - 0
06-29 17:20:47.371   346   346 D SAN_SERVICE: *******************************************
06-29 17:20:49.145   346   346 D SAN_SERVICE: *******************************************
06-29 17:20:49.145   346   346 D SAN_SERVICE: DM App Phone Service State - 0
06-29 17:20:49.145   346   346 D SAN_SERVICE: *******************************************
06-29 17:20:49.371   147   158 D AlarmManagerService: Kernel timezone updated to 240 minutes west of GMT
06-29 17:20:49.375   346   346 D SAN_SERVICE: *******************************************
06-29 17:20:49.375   346   346 D SAN_SERVICE: DM App Phone Service State - 0
06-29 17:20:49.375   346   346 D SAN_SERVICE: *******************************************
06-29 17:21:00.004   147   164 I ActivityManager: No longer want com.google.android.apps.googlevoice (pid 1816): hidden #16
06-29 17:21:00.063   147   372 W ActivityManager: Scheduling restart of crashed service com.google.android.apps.googlevoice/.CallLogService in 5000ms
06-29 17:21:05.098   147   164 I ActivityManager: Start proc com.google.android.apps.googlevoice for service com.google.android.apps.googlevoice/.CallLogService: pid=2163 uid=10054 gids={3003, 1015}
06-29 17:21:05.258  2163  2166 D dalvikvm: GC_CONCURRENT freed 259K, 4% free 9277K/9607K, paused 2ms+3ms
06-29 17:21:08.859   147   163 V BackupManagerService: Running a backup pass
06-29 17:21:08.887   147   218 V BackupManagerService: clearing pending backups
06-29 17:21:08.902   147   218 V PerformBackupTask: Beginning backup of 1 targets
06-29 17:21:09.047   147   218 D PerformBackupTask: processOneBackup doBackup() on @pm@
06-29 17:21:09.051   147   218 V BackupServiceBinder: doBackup() invoked
06-29 17:21:09.059   147   218 I PerformBackupTask: no backup data written; not calling transport
06-29 17:21:09.063   147   218 D PerformBackupTask: starting agent for backup of BackupRequest{pkg=com.android.providers.settings}
06-29 17:21:09.063   147   218 D BackupManagerService: awaiting agent for ApplicationInfo{414c7040 com.android.providers.settings}
06-29 17:21:09.063   147   163 V ActivityThread: handleCreateBackupAgent: CreateBackupAgentData{appInfo=ApplicationInfo{414c7040 com.android.providers.settings} backupAgent=com.android.providers.settings.SettingsBackupAgent mode=0}
06-29 17:21:09.063   147   163 V ActivityThread: Initializing agent class com.android.providers.settings.SettingsBackupAgent
06-29 17:21:09.067   147   163 D SettingsBackupAgent: onCreate() invoked
06-29 17:21:09.070   147   218 V BackupServiceBinder: doBackup() invoked
06-29 17:21:09.070   147   163 D BackupManagerService: agentConnected pkg=com.android.providers.settings agent=android.app.backup.BackupAgent$BackupServiceBinder@417de740
06-29 17:21:09.070   147   218 D PerformBackupTask: processOneBackup doBackup() on com.android.providers.settings
06-29 17:21:09.102   147   163 V ActivityThread: handleDestroyBackupAgent: CreateBackupAgentData{appInfo=ApplicationInfo{414c7040 com.android.providers.settings} backupAgent=com.android.providers.settings.SettingsBackupAgent mode=0}
06-29 17:21:09.102   147   218 I PerformBackupTask: no backup data written; not calling transport
06-29 17:21:09.106   147   218 I PerformBackupTask: Backup pass finished.
06-29 17:21:40.555  1359  1361 D dalvikvm: GC_CONCURRENT freed 646K, 7% free 10266K/11015K, paused 2ms+2ms
06-29 17:21:42.992   147   149 D dalvikvm: GC_CONCURRENT freed 1095K, 10% free 14650K/16263K, paused 18ms+6ms
06-29 17:21:56.988  1861  1864 D dalvikvm: GC_CONCURRENT freed 387K, 7% free 10406K/11143K, paused 20ms+2ms
06-29 17:22:06.672   504  1386 I PhoneLab-: Service Running
06-29 17:22:06.758   504   506 D dalvikvm: GC_CONCURRENT freed 405K, 18% free 9164K/11143K, paused 2ms+6ms
06-29 17:22:06.766   504  1386 I PhoneLab-LoggerService: app_37    1399  504   1440   1072  c00f181c 400107b4 S logcat
06-29 17:22:06.766   504  1386 I PhoneLab-LoggerService: Logcat pid from database 1399
06-29 17:22:06.766   504  1386 I PhoneLab-LoggerService: Logcat process found 1399
06-29 17:22:06.766   504  1386 I PhoneLab-LoggerService: Checking Threshold
06-29 17:22:40.629  1359  1361 D dalvikvm: GC_CONCURRENT freed 390K, 7% free 10264K/11015K, paused 1ms+2ms
06-29 17:22:40.813   224   227 D dalvikvm: GC_CONCURRENT freed 396K, 31% free 10085K/14599K, paused 2ms+3ms
06-29 17:22:40.883   224   227 D dalvikvm: GC_CONCURRENT freed 470K, 31% free 10113K/14599K, paused 2ms+3ms
06-29 17:22:50.473   147   372 D AlarmManagerService: Kernel timezone updated to 240 minutes west of GMT
06-29 17:22:51.473   147   371 D AlarmManagerService: Kernel timezone updated to 240 minutes west of GMT
06-29 17:22:54.742   346   346 D SAN_SERVICE: *******************************************
06-29 17:22:54.742   346   346 D SAN_SERVICE: DM App Phone Service State - 0
06-29 17:22:54.742   346   346 D SAN_SERVICE: *******************************************
06-29 17:22:55.520   346   346 D SAN_SERVICE: *******************************************
06-29 17:22:55.520   346   346 D SAN_SERVICE: DM App Phone Service State - 0
06-29 17:22:55.520   346   346 D SAN_SERVICE: *******************************************
06-29 17:22:56.492   147  2141 D AlarmManagerService: Kernel timezone updated to 240 minutes west of GMT
06-29 17:22:57.031   346   346 D SAN_SERVICE: *******************************************
06-29 17:22:57.031   346   346 D SAN_SERVICE: DM App Phone Service State - 0
06-29 17:22:57.031   346   346 D SAN_SERVICE: *******************************************
06-29 17:22:57.508   346   346 D SAN_SERVICE: *******************************************
06-29 17:22:57.508   346   346 D SAN_SERVICE: DM App Phone Service State - 0
06-29 17:22:57.508   346   346 D SAN_SERVICE: *******************************************
06-29 17:22:57.516   346   350 D dalvikvm: GC_CONCURRENT freed 400K, 7% free 9496K/10119K, paused 16ms+2ms
06-29 17:23:09.680  1861  2189 D dalvikvm: GC_EXPLICIT freed 377K, 7% free 10405K/11143K, paused 2ms+3ms
06-29 17:23:13.336   147   337 W ActivityManager: finishReceiver called but no pending broadcasts
06-29 17:23:13.418  1861  1864 D dalvikvm: GC_CONCURRENT freed 379K, 6% free 10537K/11143K, paused 2ms+2ms
06-29 17:23:48.547   147   385 D AlarmManagerService: Kernel timezone updated to 240 minutes west of GMT
06-29 17:23:48.134  1624  1637 V AlarmClock: AlarmInitReceiver finished
06-29 17:23:48.567   346   346 D SystemClock: Setting time of day to sec=1341005028
06-29 17:24:06.673   504  1386 I PhoneLab-: Service Running
06-29 17:24:06.767   504  1386 I PhoneLab-LoggerService: app_37    1399  504   1440   1072  c00f181c 400107b4 S logcat
06-29 17:24:06.771   504  1386 I PhoneLab-LoggerService: Logcat pid from database 1399
06-29 17:24:06.771   504  1386 I PhoneLab-LoggerService: Logcat process found 1399
06-29 17:24:06.771   504  1386 I PhoneLab-LoggerService: Checking Threshold
06-29 17:24:40.185  1861  1864 D dalvikvm: GC_CONCURRENT freed 641K, 7% free 10407K/11143K, paused 2ms+2ms
06-29 17:24:40.298  1359  1361 D dalvikvm: GC_CONCURRENT freed 470K, 7% free 10304K/11015K, paused 2ms+3ms
06-29 17:24:58.017   147   464 D AlarmManagerService: Kernel timezone updated to 240 minutes west of GMT
06-29 17:25:00.036   147   385 D AlarmManagerService: Kernel timezone updated to 240 minutes west of GMT
06-29 17:25:02.310   346   346 D SAN_SERVICE: *******************************************
06-29 17:25:02.310   346   346 D SAN_SERVICE: DM App Phone Service State - 0
06-29 17:25:02.310   346   346 D SAN_SERVICE: *******************************************
06-29 17:25:03.083   346   346 D SAN_SERVICE: *******************************************
06-29 17:25:03.083   346   346 D SAN_SERVICE: DM App Phone Service State - 0
06-29 17:25:03.083   346   346 D SAN_SERVICE: *******************************************
06-29 17:25:04.060   147   382 D AlarmManagerService: Kernel timezone updated to 240 minutes west of GMT
06-29 17:25:05.872   346   346 D SAN_SERVICE: *******************************************
06-29 17:25:05.872   346   346 D SAN_SERVICE: DM App Phone Service State - 0
06-29 17:25:05.872   346   346 D SAN_SERVICE: *******************************************
06-29 17:25:06.122   346   346 D SAN_SERVICE: *******************************************
06-29 17:25:06.122   346   346 D SAN_SERVICE: DM App Phone Service State - 0
06-29 17:25:06.122   346   346 D SAN_SERVICE: *******************************************
06-29 17:25:40.360  1359  1361 D dalvikvm: GC_CONCURRENT freed 493K, 7% free 10249K/11015K, paused 2ms+2ms
06-29 17:26:06.673   504  1386 I PhoneLab-: Service Running
06-29 17:26:06.759   504  1386 I PhoneLab-LoggerService: app_37    1399  504   1440   1072  c00f181c 400107b4 S logcat
06-29 17:26:06.759   504  1386 I PhoneLab-LoggerService: Logcat pid from database 1399
06-29 17:26:06.759   504  1386 I PhoneLab-LoggerService: Logcat process found 1399
06-29 17:26:06.759   504  1386 I PhoneLab-LoggerService: Checking Threshold
06-29 17:26:14.614  1861  1864 D dalvikvm: GC_CONCURRENT freed 370K, 7% free 10423K/11143K, paused 17ms+2ms
06-29 17:26:16.665   147   297 W ActivityManager: finishReceiver called but no pending broadcasts
06-29 17:26:16.743  1861  1864 D dalvikvm: GC_CONCURRENT freed 419K, 6% free 10516K/11143K, paused 2ms+2ms
06-29 17:26:40.450  1359  1361 D dalvikvm: GC_CONCURRENT freed 357K, 6% free 10385K/11015K, paused 3ms+3ms
06-29 17:26:40.571  1359  1361 D dalvikvm: GC_CONCURRENT freed 273K, 5% free 10518K/11015K, paused 1ms+2ms
06-29 17:27:02.157   147   179 I power   : *** set_screen_state 1
06-29 17:27:02.235   147   179 I WindowManager: Lock screen displayed!
06-29 17:27:02.353    78   122 D SurfaceFlinger: Screen about to return, flinger = 0x1cc9918
06-29 17:27:04.103   224   224 D PhoneStatusBar: disable: < expand icons alerts ticker system_info BACK HOME recent* CLOCK >
06-29 17:27:04.126   147   159 W InputManagerService: Window already focused, ignoring focus gain of: com.android.internal.view.IInputMethodClient$Stub$Proxy@417e0008
06-29 17:27:04.130   224   224 D PhoneStatusBar: disable: < expand icons alerts ticker system_info back* home* recent clock* >
06-29 17:27:04.150   359  2226 D NfcService: NFC-C ON
06-29 17:27:04.290   314   317 D dalvikvm: GC_CONCURRENT freed 434K, 6% free 10324K/10887K, paused 3ms+5ms
06-29 17:27:04.497   448   453 D dalvikvm: GC_CONCURRENT freed 380K, 6% free 9541K/10119K, paused 3ms+3ms
06-29 17:27:04.900   147   382 D dalvikvm: GC_EXPLICIT freed 1203K, 10% free 14684K/16263K, paused 31ms+10ms
06-29 17:27:06.357   147   371 D AlarmManagerService: Kernel timezone updated to 240 minutes west of GMT
06-29 17:27:09.653   346   346 D SAN_SERVICE: *******************************************
06-29 17:27:09.653   346   346 D SAN_SERVICE: DM App Phone Service State - 0
06-29 17:27:09.653   346   346 D SAN_SERVICE: *******************************************
06-29 17:27:10.392   346   346 D SAN_SERVICE: *******************************************
06-29 17:27:10.392   346   346 D SAN_SERVICE: DM App Phone Service State - 0
06-29 17:27:10.392   346   346 D SAN_SERVICE: *******************************************
06-29 17:27:11.431   147   297 D AlarmManagerService: Kernel timezone updated to 240 minutes west of GMT
06-29 17:27:12.536   346   346 D SAN_SERVICE: *******************************************
06-29 17:27:12.536   346   346 D SAN_SERVICE: DM App Phone Service State - 0
06-29 17:27:12.536   346   346 D SAN_SERVICE: *******************************************
06-29 17:27:13.079   346   346 D SAN_SERVICE: *******************************************
06-29 17:27:13.079   346   346 D SAN_SERVICE: DM App Phone Service State - 0
06-29 17:27:13.079   346   346 D SAN_SERVICE: *******************************************
06-29 17:27:13.603   504   504 I PhoneLab-PowerOnReceiver: Power is plugged off!
06-29 17:27:13.650   147   371 I ActivityManager: Start proc com.google.android.apps.plus for broadcast com.google.android.apps.plus/.iu.BatteryReceiver: pid=2228 uid=10060 gids={3003, 3002, 1015, 1006}
06-29 17:27:13.857  2228  2230 D dalvikvm: GC_CONCURRENT freed 164K, 3% free 9371K/9607K, paused 2ms+2ms
06-29 17:27:14.025  2228  2228 I ActivityThread: Pub com.google.android.apps.plus.content.ApiProvider: com.google.android.apps.plus.content.EsApiProvider
06-29 17:27:14.068  2228  2228 I ActivityThread: Pub com.google.android.apps.plus.content.EsGooglePhotoProvider: com.google.android.picasasync.PicasaContentProvider
06-29 17:27:14.232  2228  2230 D dalvikvm: GC_CONCURRENT freed 349K, 5% free 9567K/9991K, paused 2ms+3ms
06-29 17:27:14.255  2228  2228 I ActivityThread: Pub com.google.android.apps.plus.content.EsPicasaStoreProvider: com.google.android.picasastore.PicasaPhotoContentProvider
06-29 17:27:14.263  2228  2228 I ActivityThread: Pub com.google.plus.platform: com.google.android.apps.plus.content.AdsProvider
06-29 17:27:14.267  2228  2228 I ActivityThread: Pub com.google.android.apps.plus.iu.EsGoogleIuProvider: com.google.android.apps.plus.iu.InstantUploadProvider
06-29 17:27:14.333  2228  2230 D dalvikvm: GC_CONCURRENT freed 514K, 6% free 9595K/10183K, paused 2ms+2ms
06-29 17:27:14.337  2228  2228 I ActivityThread: Pub com.google.android.apps.plus.content.EsProvider: com.google.android.apps.plus.content.EsProvider
06-29 17:27:14.396  2228  2228 D dalvikvm: GC_FOR_ALLOC freed 106K, 5% free 9753K/10183K, paused 16ms
06-29 17:27:14.415  2228  2242 D PicasaPhotoCP: set fsid first time:-1
06-29 17:27:14.603  2228  2230 D dalvikvm: GC_CONCURRENT freed 255K, 4% free 9932K/10311K, paused 2ms+2ms
06-29 17:27:14.708  2228  2230 D dalvikvm: GC_CONCURRENT freed 137K, 3% free 10239K/10503K, paused 1ms+3ms
06-29 17:27:14.821  2228  2230 D dalvikvm: GC_CONCURRENT freed 270K, 4% free 10382K/10759K, paused 2ms+3ms
06-29 17:27:14.872  2228  2243 D dalvikvm: GC_FOR_ALLOC freed 188K, 5% free 10574K/11015K, paused 24ms
06-29 17:27:14.903  2228  2243 D dalvikvm: GC_FOR_ALLOC freed 373K, 6% free 10626K/11207K, paused 20ms
06-29 17:27:14.927  2228  2243 D dalvikvm: GC_FOR_ALLOC freed 126K, 5% free 10754K/11207K, paused 20ms
06-29 17:27:14.954  2228  2243 D dalvikvm: GC_FOR_ALLOC freed 369K, 6% free 10804K/11399K, paused 20ms
06-29 17:27:14.978  2228  2243 D dalvikvm: GC_FOR_ALLOC freed 126K, 5% free 10932K/11399K, paused 20ms
06-29 17:27:15.107  2228  2230 D dalvikvm: GC_CONCURRENT freed 334K, 4% free 11139K/11591K, paused 2ms+2ms
06-29 17:27:15.251  2228  2230 D dalvikvm: GC_CONCURRENT freed 136K, 3% free 11653K/11911K, paused 2ms+2ms
06-29 17:27:15.403  2228  2230 D dalvikvm: GC_CONCURRENT freed 321K, 4% free 12118K/12551K, paused 2ms+4ms
06-29 17:27:15.607  2228  2230 D dalvikvm: GC_CONCURRENT freed 418K, 4% free 12668K/13191K, paused 2ms+2ms
06-29 17:27:16.525   224   224 W PowerUI : unknown intent: Intent { act=android.intent.action.ACTION_POWER_CONNECTED flg=0x10000010 }
06-29 17:27:16.528   504   504 I PhoneLab-PowerOnReceiver: Power is plugged in!
06-29 17:27:16.528   504   504 I PhoneLab-PowerOnReceiver: Rescheduling periodic checking...
06-29 17:27:16.568   504   506 D dalvikvm: GC_CONCURRENT freed 417K, 18% free 9171K/11143K, paused 5ms+3ms
06-29 17:27:16.579   504   504 I PhoneLab-Locks: wake lock acquired
06-29 17:27:16.618   147   464 I ActivityManager: Start proc com.google.android.youtube for broadcast com.google.android.youtube/.app.prefetch.PrefetchService$DeviceStateReceiver: pid=2251 uid=10057 gids={3003, 1015, 1006}
06-29 17:27:16.626   504   504 I PhoneLab-UploadLogs: Transfering log files now
06-29 17:27:16.626   504   504 I PhoneLab-UploadLogs: No log files to transfer
06-29 17:27:16.626   504   504 I PhoneLab-Locks: wake lock released
06-29 17:27:16.630   504   504 I PhoneLab-UploadLogs: OnStartCommand
06-29 17:27:16.767  2251  2254 D dalvikvm: GC_CONCURRENT freed 166K, 3% free 9359K/9607K, paused 2ms+2ms
06-29 17:27:16.790  2251  2251 I ActivityThread: Pub com.google.android.youtube.SuggestionProvider: com.google.android.youtube.core.suggest.SuggestionProvider
06-29 17:27:16.868   314   979 D dalvikvm: GC_EXPLICIT freed 185K, 7% free 10220K/10887K, paused 2ms+3ms
06-29 17:27:17.110  2251  2254 D dalvikvm: GC_CONCURRENT freed 333K, 5% free 9544K/9991K, paused 2ms+4ms
06-29 17:27:17.110  2251  2260 W CursorWrapperInner: Cursor finalized without prior close()
06-29 17:27:17.110  2251  2260 W CursorWrapperInner: Cursor finalized without prior close()
06-29 17:27:17.220  2251  2254 D dalvikvm: GC_CONCURRENT freed 297K, 4% free 9815K/10183K, paused 2ms+3ms
06-29 17:27:17.306  2251  2254 D dalvikvm: GC_CONCURRENT freed 389K, 5% free 9979K/10439K, paused 4ms+3ms
06-29 17:27:17.685  2251  2254 D dalvikvm: GC_CONCURRENT freed 339K, 4% free 10148K/10567K, paused 4ms+4ms
06-29 17:27:17.759   147   159 I ActivityManager: START {act=android.intent.action.MAIN cat=[android.intent.category.LAUNCHER] flg=0x10200000 cmp=com.google.android.talk/.SigningInActivity bnds=[96,706][192,802]} from pid 375
06-29 17:27:17.825  2251  2284 D dalvikvm: GC_FOR_ALLOC freed 437K, 5% free 10250K/10759K, paused 48ms
06-29 17:27:17.896   147   159 D dalvikvm: JIT code cache reset in 8 ms (1048552 bytes 1/0)
06-29 17:27:17.896  2251  2254 D dalvikvm: GC_CONCURRENT freed 61K, 5% free 10289K/10759K, paused 2ms+8ms
06-29 17:27:17.919   147   159 D dalvikvm: GC_FOR_ALLOC freed 1560K, 16% free 13729K/16263K, paused 133ms
06-29 17:27:18.169  2041  2041 D vclib:CallStateClient: startListening
06-29 17:27:18.189  2041  2295 E talk    : [Databaseutils] pruneOldMessageHistory
06-29 17:27:18.282   147   178 I ActivityManager: Displayed com.google.android.talk/.SigningInActivity: +316ms
06-29 17:27:18.286  2041  2041 W IInputConnectionWrapper: showStatusIcon on inactive InputConnection
06-29 17:27:18.396   375   375 D OpenGLRenderer: Flushing caches (mode 1)
06-29 17:27:18.423   375   375 D OpenGLRenderer: Flushing caches (mode 0)
06-29 17:27:18.857  1124  1126 D dalvikvm: GC_CONCURRENT freed 359K, 5% free 9286K/9735K, paused 3ms+2ms
06-29 17:27:18.927  2251  2254 D dalvikvm: GC_CONCURRENT freed 397K, 5% free 10350K/10823K, paused 13ms+6ms
06-29 17:27:19.595  2251  2254 D dalvikvm: GC_CONCURRENT freed 347K, 5% free 10493K/10951K, paused 2ms+4ms
06-29 17:27:19.985  2251  2254 D dalvikvm: GC_CONCURRENT freed 320K, 4% free 10669K/11079K, paused 2ms+4ms
06-29 17:27:20.036  2041  2041 D vclib:CallStateClient: stopListening
06-29 17:27:20.036  2041  2041 D vclib:CallStateClient: startListening
06-29 17:27:20.161  2041  2044 D dalvikvm: GC_CONCURRENT freed 253K, 5% free 11017K/11527K, paused 2ms+6ms
06-29 17:27:20.810   147  2141 W InputManagerService: Window already focused, ignoring focus gain of: com.android.internal.view.IInputMethodClient$Stub$Proxy@41617178
06-29 17:27:23.177  2041  2044 D dalvikvm: GC_CONCURRENT freed 342K, 4% free 11274K/11719K, paused 3ms+8ms
06-29 17:27:26.579   504   504 I PhoneLab-Locks: wake lock acquired
06-29 17:27:26.599   504  2311 I PhoneLab-PeriodicCheckService: User info is synched
06-29 17:27:26.618   504  2311 I PhoneLab-PeriodicCheckService: Logger Service is running
06-29 17:27:26.626   504   504 I PhoneLab-Locks: wake lock acquired
06-29 17:27:26.634   504   504 I PhoneLab-StatusMonitor: Status Monitoring is started
06-29 17:27:26.638   504   504 E PhoneLab-PhoneLabManifest: java.io.FileNotFoundException: /data/data/edu.buffalo.cse.phonelab.phonelabservices/files/manifest.xml: open failed: ENOENT (No such file or directory)
06-29 17:27:26.642   504   504 I PhoneLab-Locks: wake lock released
06-29 17:27:26.657   504  2311 I PhoneLab-Locks: wake lock acquired
06-29 17:27:26.673   504   504 I PhoneLab-UploadLogs: Transfering log files now
06-29 17:27:26.673   504   504 I PhoneLab-UploadLogs: No log files to transfer
06-29 17:27:26.673   504   504 I PhoneLab-Locks: wake lock released
06-29 17:27:26.673   504  2311 I PhoneLab-PeriodicCheckService: Rescheduling periodic checking...
06-29 17:27:26.677   504  2311 I PhoneLab-Locks: wake lock released
06-29 17:27:26.677   504   504 I PhoneLab-UploadLogs: OnStartCommand
06-29 17:27:27.466  2041  2044 D dalvikvm: GC_CONCURRENT freed 455K, 6% free 11491K/12103K, paused 5ms+5ms
06-29 17:27:27.876   324   328 D dalvikvm: GC_CONCURRENT freed 286K, 28% free 9348K/12807K, paused 3ms+12ms
06-29 17:27:31.985  2041  2044 D dalvikvm: GC_CONCURRENT freed 705K, 7% free 11603K/12423K, paused 2ms+7ms
06-29 17:27:32.900  2041  2041 D dalvikvm: GC_FOR_ALLOC freed 811K, 9% free 11476K/12551K, paused 27ms
06-29 17:27:34.255  2041  2041 D OpenGLRenderer: Flushing caches (mode 0)
06-29 17:27:34.278   147   297 I ActivityManager: No longer want com.xabber.androiddev (pid 1837): hidden #16
06-29 17:27:34.286  2041  2041 D OpenGLRenderer: Flushing caches (mode 1)
06-29 17:27:34.298  2041  2041 D vclib:CallStateClient: stopListening
06-29 17:27:34.345  2041  2041 D dalvikvm: GC_EXPLICIT freed 241K, 10% free 11325K/12551K, paused 2ms+6ms
06-29 17:27:34.368   147  2141 W ActivityManager: Scheduling restart of crashed service com.xabber.androiddev/com.xabber.android.service.XMPPService in 5000ms
06-29 17:27:37.536   147   175 I power   : *** set_screen_state 0
06-29 17:27:37.579    78   122 D SurfaceFlinger: About to give-up screen, flinger = 0x1cc9918
06-29 17:27:37.693   147   179 D dalvikvm: GC_FOR_ALLOC freed 611K, 13% free 14158K/16263K, paused 50ms
06-29 17:27:37.775   147   179 V TransportControlView: Create TCV com.android.internal.widget.TransportControlView@41333fc8
06-29 17:27:37.782   359   427 D NfcService: NFC-C OFF, disconnect
06-29 17:27:37.818   224   224 D PhoneStatusBar: disable: < expand icons alerts ticker system_info back home RECENT* clock >
06-29 17:27:37.833   224   224 D PhoneStatusBar: disable: < expand icons alerts ticker system_info BACK* HOME* RECENT CLOCK* >
06-29 17:27:39.509  2318  2318 D dalvikvm: Late-enabling CheckJNI
06-29 17:27:39.509   147   164 I ActivityManager: Start proc com.xabber.androiddev for service com.xabber.androiddev/com.xabber.android.service.XMPPService: pid=2318 uid=10063 gids={3003, 1015}
06-29 17:27:39.525  2318  2318 I dalvikvm: Turning on JNI app bug workarounds for target SDK version 9...
06-29 17:27:39.653  2318  2320 D dalvikvm: GC_CONCURRENT freed 223K, 4% free 9313K/9607K, paused 2ms+2ms
06-29 17:27:39.677  2318  2318 D dalvikvm: GC_FOR_ALLOC freed 303K, 6% free 9427K/9927K, paused 13ms
06-29 17:27:39.790  2318  2320 D dalvikvm: GC_CONCURRENT freed 192K, 3% free 9774K/10055K, paused 2ms+5ms
06-29 17:27:39.903  2318  2320 D dalvikvm: GC_CONCURRENT freed 428K, 5% free 9876K/10375K, paused 2ms+3ms
06-29 17:27:39.958  2318  2318 I com.xabber.android.service.XMPPService@4135a540: onCreate
06-29 17:27:39.958  2318  2318 I com.xabber.android.data.Application@4134a058: onStart
06-29 17:27:39.970  2318  2333 I com.xabber.android.data.LogManager@4134ccb8: onLoad
06-29 17:27:40.056  2318  2320 D dalvikvm: GC_CONCURRENT freed 168K, 3% free 10137K/10439K, paused 2ms+3ms
06-29 17:27:40.290  1861  1864 D dalvikvm: GC_CONCURRENT freed 550K, 6% free 10523K/11143K, paused 1ms+3ms
06-29 17:27:40.380   147  2141 D dalvikvm: GC_EXPLICIT freed 206K, 11% free 14512K/16263K, paused 3ms+6ms
06-29 17:27:40.501  1359  1361 D dalvikvm: GC_CONCURRENT freed 764K, 8% free 10259K/11143K, paused 2ms+3ms
06-29 17:27:40.864  2318  2320 D dalvikvm: GC_CONCURRENT freed 276K, 4% free 10303K/10695K, paused 2ms+2ms
06-29 17:27:41.411  2318  2320 D dalvikvm: GC_CONCURRENT freed 269K, 4% free 10420K/10823K, paused 2ms+2ms
06-29 17:27:41.751  2318  2320 D dalvikvm: GC_CONCURRENT freed 314K, 5% free 10503K/10951K, paused 3ms+3ms
06-29 17:27:43.532   147  2141 W ActivityManager: finishReceiver called but no pending broadcasts
06-29 17:27:43.607  1861  1864 D dalvikvm: GC_CONCURRENT freed 513K, 6% free 10521K/11143K, paused 1ms+3ms
06-29 17:28:06.673   504  1386 I PhoneLab-: Service Running
06-29 17:28:06.751   504  1386 I PhoneLab-LoggerService: app_37    1399  504   1440   1072  c00f181c 400107b4 S logcat
06-29 17:28:06.751   504  1386 I PhoneLab-LoggerService: Logcat pid from database 1399
06-29 17:28:06.751   504  1386 I PhoneLab-LoggerService: Logcat process found 1399
06-29 17:28:06.751   504  1386 I PhoneLab-LoggerService: Checking Threshold
06-29 17:28:40.450  1861  1864 D dalvikvm: GC_CONCURRENT freed 515K, 7% free 10401K/11143K, paused 2ms+2ms
06-29 17:28:55.392   147   147 D AlarmManagerService: Kernel timezone updated to 240 minutes west of GMT
06-29 17:29:03.396   346   346 D SAN_SERVICE: *******************************************
06-29 17:29:03.396   346   346 D SAN_SERVICE: DM App Phone Service State - 0
06-29 17:29:03.396   346   346 D SAN_SERVICE: *******************************************
06-29 17:29:06.704   346   346 D SAN_SERVICE: *******************************************
06-29 17:29:06.704   346   346 D SAN_SERVICE: DM App Phone Service State - 0
06-29 17:29:06.704   346   346 D SAN_SERVICE: *******************************************
06-29 17:29:13.470   147   464 D AlarmManagerService: Kernel timezone updated to 240 minutes west of GMT
06-29 17:29:14.478   147   385 D AlarmManagerService: Kernel timezone updated to 240 minutes west of GMT
06-29 17:29:17.306   346   346 D SAN_SERVICE: *******************************************
06-29 17:29:17.306   346   346 D SAN_SERVICE: DM App Phone Service State - 0
06-29 17:29:17.306   346   346 D SAN_SERVICE: *******************************************
06-29 17:29:17.532   346   346 D SAN_SERVICE: *******************************************
06-29 17:29:17.532   346   346 D SAN_SERVICE: DM App Phone Service State - 0
06-29 17:29:17.532   346   346 D SAN_SERVICE: *******************************************
06-29 17:29:17.544   346   350 D dalvikvm: GC_CONCURRENT freed 389K, 7% free 9498K/10119K, paused 2ms+2ms
06-29 17:29:20.556   147   372 D AlarmManagerService: Kernel timezone updated to 240 minutes west of GMT
06-29 17:29:20.579   346   346 D SAN_SERVICE: *******************************************
06-29 17:29:20.579   346   346 D SAN_SERVICE: DM App Phone Service State - 0
06-29 17:29:20.579   346   346 D SAN_SERVICE: *******************************************
06-29 17:29:40.427  1359  1370 D dalvikvm: GC_EXPLICIT freed 362K, 9% free 10229K/11143K, paused 2ms+3ms
06-29 17:30:06.673   504  1386 I PhoneLab-: Service Running
06-29 17:30:06.775   504  1386 I PhoneLab-LoggerService: app_37    1399  504   1440   1072  c00f181c 400107b4 S logcat
06-29 17:30:06.775   504  1386 I PhoneLab-LoggerService: Logcat pid from database 1399
06-29 17:30:06.775   504  1386 I PhoneLab-LoggerService: Logcat process found 1399
06-29 17:30:06.775   504  1386 I PhoneLab-LoggerService: Checking Threshold
06-29 17:30:40.482  1861  1864 D dalvikvm: GC_CONCURRENT freed 505K, 7% free 10408K/11143K, paused 2ms+2ms
06-29 17:30:40.603  1359  1361 D dalvikvm: GC_CONCURRENT freed 441K, 8% free 10296K/11143K, paused 1ms+3ms
06-29 17:30:40.700  1359  1361 D dalvikvm: GC_CONCURRENT freed 269K, 7% free 10445K/11143K, paused 2ms+2ms
06-29 17:30:47.353   147  2141 W ActivityManager: finishReceiver called but no pending broadcasts
06-29 17:30:47.431  1861  1864 D dalvikvm: GC_CONCURRENT freed 392K, 6% free 10527K/11143K, paused 2ms+2ms
06-29 17:31:20.216   147   371 D AlarmManagerService: Kernel timezone updated to 240 minutes west of GMT
06-29 17:31:20.443   346   346 D SAN_SERVICE: *******************************************
06-29 17:31:20.443   346   346 D SAN_SERVICE: DM App Phone Service State - 0
06-29 17:31:20.443   346   346 D SAN_SERVICE: *******************************************
06-29 17:31:20.532   346   346 D SAN_SERVICE: *******************************************
06-29 17:31:20.532   346   346 D SAN_SERVICE: DM App Phone Service State - 0
06-29 17:31:20.532   346   346 D SAN_SERVICE: *******************************************
06-29 17:31:24.478   346   346 D SAN_SERVICE: *******************************************
06-29 17:31:24.478   346   346 D SAN_SERVICE: DM App Phone Service State - 0
06-29 17:31:24.478   346   346 D SAN_SERVICE: *******************************************
06-29 17:31:31.212   147   159 D AlarmManagerService: Kernel timezone updated to 240 minutes west of GMT
06-29 17:31:37.247   147   158 D AlarmManagerService: Kernel timezone updated to 240 minutes west of GMT
06-29 17:31:37.263   224   227 D dalvikvm: GC_CONCURRENT freed 622K, 33% free 9876K/14599K, paused 30ms+2ms
06-29 17:31:38.212   147   147 D AlarmManagerService: Kernel timezone updated to 240 minutes west of GMT
06-29 17:31:38.876  2318  2320 D dalvikvm: GC_CONCURRENT freed 406K, 5% free 10539K/11079K, paused 13ms+2ms
06-29 17:31:40.517  1861  1864 D dalvikvm: GC_CONCURRENT freed 617K, 7% free 10421K/11143K, paused 2ms+3ms
06-29 17:31:40.638  1359  1361 D dalvikvm: GC_CONCURRENT freed 636K, 8% free 10315K/11143K, paused 2ms+2ms
06-29 17:31:49.239   147   158 D AlarmManagerService: Kernel timezone updated to 240 minutes west of GMT
06-29 17:31:55.243   147   385 D AlarmManagerService: Kernel timezone updated to 240 minutes west of GMT
06-29 17:31:56.263   147   158 D AlarmManagerService: Kernel timezone updated to 240 minutes west of GMT
06-29 17:32:06.329   147   382 D AlarmManagerService: Kernel timezone updated to 240 minutes west of GMT
06-29 17:32:06.673   504  1386 I PhoneLab-: Service Running
06-29 17:32:06.763   504  1386 I PhoneLab-LoggerService: app_37    1399  504   1440   1072  c00f181c 400107b4 S logcat
06-29 17:32:06.763   504  1386 I PhoneLab-LoggerService: Logcat pid from database 1399
06-29 17:32:06.763   504  1386 I PhoneLab-LoggerService: Logcat process found 1399
06-29 17:32:06.763   504  1386 I PhoneLab-LoggerService: Checking Threshold
06-29 17:32:11.286   147   159 D AlarmManagerService: Kernel timezone updated to 240 minutes west of GMT
06-29 17:32:12.259   147  2141 D AlarmManagerService: Kernel timezone updated to 240 minutes west of GMT
06-29 17:32:23.337   147   159 D AlarmManagerService: Kernel timezone updated to 240 minutes west of GMT
06-29 17:32:30.314   147  2141 D AlarmManagerService: Kernel timezone updated to 240 minutes west of GMT
06-29 17:32:31.290   147   159 D AlarmManagerService: Kernel timezone updated to 240 minutes west of GMT
06-29 17:32:35.357   147  2141 D AlarmManagerService: Kernel timezone updated to 240 minutes west of GMT
06-29 17:32:40.677  1861  1864 D dalvikvm: GC_CONCURRENT freed 400K, 7% free 10416K/11143K, paused 2ms+6ms
06-29 17:32:40.708   224   227 D dalvikvm: GC_CONCURRENT freed 399K, 33% free 9911K/14599K, paused 1ms+2ms
06-29 17:32:40.755   224   227 D dalvikvm: GC_CONCURRENT freed 420K, 33% free 9905K/14599K, paused 2ms+3ms
06-29 17:32:40.888   224   227 D dalvikvm: GC_CONCURRENT freed 374K, 33% free 9918K/14599K, paused 2ms+3ms
06-29 17:32:49.439   346   346 D SAN_SERVICE: *******************************************
06-29 17:32:49.439   346   346 D SAN_SERVICE: DM App Phone Service State - 0
06-29 17:32:49.439   346   346 D SAN_SERVICE: *******************************************
06-29 17:33:19.532   346   346 D SAN_SERVICE: *******************************************
06-29 17:33:19.532   346   346 D SAN_SERVICE: DM App Phone Service State - 0
06-29 17:33:19.532   346   346 D SAN_SERVICE: *******************************************
06-29 17:33:22.802   346   346 D SAN_SERVICE: *******************************************
06-29 17:33:22.802   346   346 D SAN_SERVICE: DM App Phone Service State - 0
06-29 17:33:22.802   346   346 D SAN_SERVICE: *******************************************
06-29 17:33:32.400   147   149 D dalvikvm: GC_CONCURRENT freed 1057K, 10% free 14705K/16263K, paused 10ms+8ms
06-29 17:33:40.677  1359  1361 D dalvikvm: GC_CONCURRENT freed 527K, 8% free 10297K/11143K, paused 2ms+2ms
06-29 17:33:45.540   346   346 D SAN_SERVICE: *******************************************
06-29 17:33:45.540   346   346 D SAN_SERVICE: DM App Phone Service State - 0
06-29 17:33:45.540   346   346 D SAN_SERVICE: *******************************************
06-29 17:33:48.153  1861  1864 D dalvikvm: GC_CONCURRENT freed 372K, 7% free 10429K/11143K, paused 18ms+2ms
06-29 17:33:51.150   147   385 W ActivityManager: finishReceiver called but no pending broadcasts
06-29 17:33:51.235  1861  1864 D dalvikvm: GC_CONCURRENT freed 391K, 6% free 10549K/11143K, paused 2ms+2ms
06-29 17:34:06.669   504  1386 I PhoneLab-: Service Running
06-29 17:34:06.775   504  1386 I PhoneLab-LoggerService: app_37    1399  504   1440   1072  c00f181c 400107b4 S logcat
06-29 17:34:06.775   504  1386 I PhoneLab-LoggerService: Logcat pid from database 1399
06-29 17:34:06.775   504  1386 I PhoneLab-LoggerService: Logcat process found 1399
06-29 17:34:06.775   504  1386 I PhoneLab-LoggerService: Checking Threshold
06-29 17:34:07.298   147   177 I ActivityManager: Start proc com.google.android.maps.mytracks for service com.google.android.maps.mytracks/com.google.android.apps.mytracks.services.RemoveTempFilesService: pid=2367 uid=10072 gids={3003, 3002, 3001, 1015}
06-29 17:34:07.302  2367  2367 I dalvikvm: Turning on JNI app bug workarounds for target SDK version 7...
06-29 17:34:07.431  2367  2367 I ActivityThread: Pub com.google.android.maps.mytracks.search: com.google.android.apps.mytracks.content.SearchEngineProvider
06-29 17:34:07.431  2367  2367 I ActivityThread: Pub com.google.android.maps.mytracks: com.google.android.apps.mytracks.content.MyTracksProvider
06-29 17:34:07.489   147   382 I ActivityManager: No longer want com.google.android.apps.maps:NetworkLocationService (pid 1861): hidden #16
06-29 17:34:07.501   147   372 W ActivityManager: Scheduling restart of crashed service com.google.android.apps.maps/com.google.android.location.internal.server.NetworkLocationService in 5000ms
06-29 17:34:07.517   147   402 W GpsLocationProvider: Unneeded remove listener for uid 1000
06-29 17:34:07.603   147   372 D dalvikvm: GC_FOR_ALLOC freed 665K, 11% free 14593K/16263K, paused 56ms
06-29 17:34:07.603   147   372 I dalvikvm-heap: Grow heap (frag case) to 14.448MB for 129616-byte allocation
06-29 17:34:07.661   147   372 D dalvikvm: GC_FOR_ALLOC freed 71K, 11% free 14648K/16391K, paused 47ms
06-29 17:34:07.751   224   224 D dalvikvm: GC_FOR_ALLOC freed 396K, 33% free 9905K/14599K, paused 18ms
06-29 17:34:07.814   224   227 D dalvikvm: GC_CONCURRENT freed 315K, 32% free 10036K/14599K, paused 2ms+3ms
06-29 17:34:11.564   346   346 D SAN_SERVICE: *******************************************
06-29 17:34:11.564   346   346 D SAN_SERVICE: DM App Phone Service State - 0
06-29 17:34:11.564   346   346 D SAN_SERVICE: *******************************************
06-29 17:34:12.575   147   164 I ActivityManager: Start proc com.google.android.apps.maps:NetworkLocationService for service com.google.android.apps.maps/com.google.android.location.internal.server.NetworkLocationService: pid=2381 uid=10056 gids={3003, 1015}
06-29 17:34:12.614    79    79 D dalvikvm: GC_EXPLICIT freed 38K, 4% free 9031K/9347K, paused 2ms+2ms
06-29 17:34:12.657    79    79 D dalvikvm: GC_EXPLICIT freed <1K, 4% free 9031K/9347K, paused 1ms+1ms
06-29 17:34:12.696    79    79 D dalvikvm: GC_EXPLICIT freed <1K, 4% free 9031K/9347K, paused 1ms+5ms
06-29 17:34:12.739  2381  2382 D dalvikvm: GC_CONCURRENT freed 178K, 3% free 9357K/9607K, paused 2ms+2ms
06-29 17:34:13.079   147   385 D dalvikvm: GC_EXPLICIT freed 290K, 13% free 14396K/16391K, paused 3ms+5ms
06-29 17:34:13.122  2381  2382 D dalvikvm: GC_CONCURRENT freed 198K, 3% free 9704K/9991K, paused 2ms+4ms
06-29 17:34:13.302  2381  2382 D dalvikvm: GC_CONCURRENT freed 144K, 3% free 10092K/10311K, paused 2ms+2ms
06-29 17:34:13.462  2381  2382 D dalvikvm: GC_CONCURRENT freed 657K, 8% free 9887K/10631K, paused 1ms+2ms
06-29 17:34:13.650  2381  2388 I dalvikvm: Total arena pages for JIT: 11
06-29 17:34:13.653  2381  2388 I dalvikvm: Total arena pages for JIT: 12
06-29 17:34:13.653  2381  2388 I dalvikvm: Total arena pages for JIT: 13
06-29 17:34:13.653  2381  2388 I dalvikvm: Total arena pages for JIT: 14
06-29 17:34:13.657  2381  2388 I dalvikvm: Total arena pages for JIT: 15
06-29 17:34:13.657  2381  2388 I dalvikvm: Total arena pages for JIT: 16
06-29 17:34:13.657  2381  2388 I dalvikvm: Total arena pages for JIT: 17
06-29 17:34:13.747  2381  2388 I dalvikvm: Total arena pages for JIT: 18
06-29 17:34:13.860  2381  2382 D dalvikvm: GC_CONCURRENT freed 194K, 5% free 10178K/10631K, paused 2ms+2ms
06-29 17:34:14.860   346   346 D SAN_SERVICE: *******************************************
06-29 17:34:14.860   346   346 D SAN_SERVICE: DM App Phone Service State - 0
06-29 17:34:14.860   346   346 D SAN_SERVICE: *******************************************
06-29 17:34:15.439  1359  1361 D dalvikvm: GC_CONCURRENT freed 528K, 8% free 10280K/11143K, paused 2ms+2ms
06-29 17:34:15.571  2381  2382 D dalvikvm: GC_CONCURRENT freed 500K, 6% free 10243K/10823K, paused 2ms+2ms
06-29 17:34:19.661   147   147 W ActivityManager: finishReceiver called but no pending broadcasts
06-29 17:34:19.786  2381  2382 D dalvikvm: GC_CONCURRENT freed 489K, 6% free 10325K/10887K, paused 2ms+3ms
06-29 17:34:28.548   147   372 W ActivityManager: finishReceiver called but no pending broadcasts
06-29 17:34:28.650  2381  2382 D dalvikvm: GC_CONCURRENT freed 548K, 6% free 10327K/10951K, paused 2ms+3ms
06-29 17:34:36.583   346   346 D SAN_SERVICE: *******************************************
06-29 17:34:36.583   346   346 D SAN_SERVICE: DM App Phone Service State - 0
06-29 17:34:36.583   346   346 D SAN_SERVICE: *******************************************
06-29 17:34:37.403   147   382 W ActivityManager: finishReceiver called but no pending broadcasts
06-29 17:34:37.485  2381  2382 D dalvikvm: GC_CONCURRENT freed 516K, 6% free 10322K/10951K, paused 1ms+2ms
06-29 17:34:46.853   346   346 D SAN_SERVICE: *******************************************
06-29 17:34:46.853   346   346 D SAN_SERVICE: DM App Phone Service State - 0
06-29 17:34:46.853   346   346 D SAN_SERVICE: *******************************************
06-29 17:34:47.759   147   179 I power   : *** set_screen_state 1
06-29 17:34:47.841   147   179 I WindowManager: Lock screen displayed!
06-29 17:34:47.989    78   122 D SurfaceFlinger: Screen about to return, flinger = 0x1cc9918
06-29 17:34:49.376   224   224 D PhoneStatusBar: disable: < expand icons alerts ticker system_info BACK HOME recent* CLOCK >
06-29 17:34:49.380   359  2086 D NfcService: NFC-C ON
06-29 17:34:49.400   147   382 W InputManagerService: Window already focused, ignoring focus gain of: com.android.internal.view.IInputMethodClient$Stub$Proxy@41358be0
06-29 17:34:49.407   224   224 D PhoneStatusBar: disable: < expand icons alerts ticker system_info back* home* recent clock* >
06-29 17:34:49.544   314   317 D dalvikvm: GC_CONCURRENT freed 283K, 6% free 10325K/10887K, paused 3ms+5ms
06-29 17:34:50.673   375   377 D dalvikvm: GC_CONCURRENT freed 818K, 10% free 11330K/12487K, paused 8ms+4ms
06-29 17:34:50.755   346   346 D SAN_SERVICE: *******************************************
06-29 17:34:50.755   346   346 D SAN_SERVICE: DM App Phone Service State - 0
06-29 17:34:50.755   346   346 D SAN_SERVICE: *******************************************
06-29 17:34:51.896   375   377 D dalvikvm: GC_CONCURRENT freed 202K, 5% free 11894K/12487K, paused 4ms+6ms
06-29 17:34:51.954   375  2430 D dalvikvm: GC_FOR_ALLOC freed 264K, 7% free 12003K/12807K, paused 21ms
06-29 17:34:51.958   375  2430 I dalvikvm-heap: Grow heap (frag case) to 12.350MB for 589840-byte allocation
06-29 17:34:51.989   375   375 D dalvikvm: GC_FOR_ALLOC freed <1K, 7% free 12579K/13447K, paused 22ms
06-29 17:34:52.064   375  2430 D dalvikvm: GC_FOR_ALLOC freed 857K, 13% free 11774K/13447K, paused 23ms
06-29 17:34:52.150   375   377 D dalvikvm: GC_CONCURRENT freed 1K, 6% free 12677K/13447K, paused 2ms+5ms
06-29 17:34:52.364   375  2431 D dalvikvm: GC_FOR_ALLOC freed 1382K, 12% free 12213K/13831K, paused 30ms
06-29 17:35:01.556   346   346 D SAN_SERVICE: *******************************************
06-29 17:35:01.556   346   346 D SAN_SERVICE: DM App Phone Service State - 0
06-29 17:35:01.556   346   346 D SAN_SERVICE: *******************************************
06-29 17:35:01.603   224   227 D dalvikvm: GC_CONCURRENT freed 551K, 33% free 9871K/14599K, paused 2ms+3ms
06-29 17:35:01.962   147   385 D AlarmManagerService: Kernel timezone updated to 240 minutes west of GMT
06-29 17:35:01.966   346   346 D SystemClock: Setting time of day to sec=1341005702
06-29 17:35:02.148  1624  1637 V AlarmClock: AlarmInitReceiver finished
06-29 17:35:05.015   147   382 D AlarmManagerService: Kernel timezone updated to 240 minutes west of GMT
06-29 17:35:06.034   147   297 I ActivityManager: START {act=android.intent.action.MAIN cat=[android.intent.category.LAUNCHER] flg=0x10200000 cmp=com.android.email/.activity.Welcome} from pid 375
06-29 17:35:06.249   147   372 I ActivityManager: Start proc com.android.email for activity com.android.email/.activity.Welcome: pid=2432 uid=10013 gids={3003, 1015}
06-29 17:35:06.331   375   375 D OpenGLRenderer: Flushing caches (mode 1)
06-29 17:35:06.402  2432  2432 I ActivityThread: Pub com.android.email.provider;com.android.email.notifier: com.android.email.provider.EmailProvider
06-29 17:35:06.405   375   375 D OpenGLRenderer: Flushing caches (mode 0)
06-29 17:35:06.425  2432  2432 I ActivityThread: Pub com.android.email.attachmentprovider: com.android.email.provider.AttachmentProvider
06-29 17:35:06.480   147   147 I ActivityManager: Start proc com.android.exchange for service com.android.exchange/.ExchangeService: pid=2448 uid=10014 gids={3003, 1015}
06-29 17:35:06.577  2448  2448 I ActivityThread: Pub com.android.exchange.directory.provider: com.android.exchange.provider.ExchangeDirectoryProvider
06-29 17:35:06.612  2448  2448 D ExchangeService: !!! EAS ExchangeService, onStartCommand, startingUp = false, running = false
06-29 17:35:06.679   147   464 I ActivityManager: START {act=android.intent.action.MAIN cat=[android.intent.category.LAUNCHER] flg=0x10200000 cmp=com.google.android.apps.currents/com.google.apps.dots.android.app.activity.CurrentsStartActivity} from pid 375
06-29 17:35:06.827   147   163 I Process : Sending signal. PID: 2432 SIG: 3
06-29 17:35:06.827  2432  2436 I dalvikvm: threadid=3: reacting to signal 3
06-29 17:35:06.851  2432  2436 I dalvikvm: Wrote stack traces to '/data/anr/traces.txt'
06-29 17:35:07.323   147   163 W ActivityManager: Activity pause timeout for ActivityRecord{418de0a0 com.android.email/.activity.Welcome}
06-29 17:35:07.339   147   163 I Process : Sending signal. PID: 2432 SIG: 3
06-29 17:35:07.339  2432  2436 I dalvikvm: threadid=3: reacting to signal 3
06-29 17:35:07.390  2432  2436 I dalvikvm: Wrote stack traces to '/data/anr/traces.txt'
06-29 17:35:07.417   147   163 I ActivityManager: Start proc com.google.android.apps.currents for activity com.google.android.apps.currents/com.google.apps.dots.android.app.activity.CurrentsStartActivity: pid=2465 uid=10078 gids={3003, 1015}
06-29 17:35:07.421   147   163 I Process : Sending signal. PID: 2432 SIG: 3
06-29 17:35:07.421  2432  2436 I dalvikvm: threadid=3: reacting to signal 3
06-29 17:35:07.425  2432  2436 I dalvikvm: Wrote stack traces to '/data/anr/traces.txt'
06-29 17:35:07.511   346   346 D SAN_SERVICE: *******************************************
06-29 17:35:07.511   346   346 D SAN_SERVICE: DM App Phone Service State - 0
06-29 17:35:07.511   346   346 D SAN_SERVICE: *******************************************
06-29 17:35:07.562   346   350 D dalvikvm: GC_CONCURRENT freed 380K, 7% free 9505K/10119K, paused 8ms+7ms
06-29 17:35:07.573   147   464 I ActivityManager: START {flg=0x2000000 cmp=com.android.email/.activity.setup.AccountSetupBasics (has extras)} from pid 2432
06-29 17:35:07.601   147   464 I ActivityManager: No longer want com.whatsapp (pid 1897): hidden #16
06-29 17:35:07.648   147   149 D dalvikvm: GC_CONCURRENT freed 750K, 10% free 14895K/16391K, paused 3ms+9ms
06-29 17:35:07.687  2448  2461 D Eas Debug: Logging: 
06-29 17:35:07.698  2448  2463 D ExchangeService: Received deviceId from Email app: androidc160480999
06-29 17:35:07.698  2448  2463 D ExchangeService: Reconciling accounts...
06-29 17:35:07.710  2448  2448 D ExchangeService: !!! EAS ExchangeService, onStartCommand, startingUp = true, running = false
06-29 17:35:07.730  2448  2460 D Eas Debug: Logging: 
06-29 17:35:07.734   147   297 W ActivityManager: Scheduling restart of crashed service com.whatsapp/.messaging.MessageService in 5000ms
06-29 17:35:07.761   147   159 I ActivityManager: No longer want com.facebook.katana (pid 1178): hidden #16
06-29 17:35:07.784  2465  2465 I ActivityThread: Pub com.google.apps.dots.android.app.provider.SuggestionProvider: com.google.apps.dots.android.app.provider.SuggestionProvider
06-29 17:35:07.784   147   158 W ActivityManager: Scheduling restart of crashed service com.facebook.katana/.service.MediaUploadService in 14949ms
06-29 17:35:07.796  2465  2465 I ActivityThread: Pub com.google.android.apps.currents.exported: com.google.apps.dots.android.app.provider.ExportedContentProvider
06-29 17:35:07.862   346   346 D SAN_SERVICE: *******************************************
06-29 17:35:07.862   346   346 D SAN_SERVICE: DM App Phone Service State - 0
06-29 17:35:07.862   346   346 D SAN_SERVICE: *******************************************
06-29 17:35:07.874  2465  2467 D dalvikvm: GC_CONCURRENT freed 162K, 3% free 9373K/9607K, paused 2ms+2ms
06-29 17:35:07.913  2465  2465 D dalvikvm: GC_FOR_ALLOC freed 323K, 5% free 9523K/9991K, paused 15ms
06-29 17:35:07.948   147   163 I Process : Sending signal. PID: 2465 SIG: 3
06-29 17:35:07.948  2465  2469 I dalvikvm: threadid=3: reacting to signal 3
06-29 17:35:07.948  2432  2434 D dalvikvm: GC_CONCURRENT freed 238K, 4% free 9258K/9607K, paused 3ms+38ms
06-29 17:35:07.972  2465  2469 I dalvikvm: Wrote stack traces to '/data/anr/traces.txt'
06-29 17:35:08.007   147   464 D AlarmManagerService: Kernel timezone updated to 240 minutes west of GMT
06-29 17:35:08.073  2465  2467 D dalvikvm: GC_CONCURRENT freed 174K, 3% free 9859K/10119K, paused 1ms+2ms
06-29 17:35:08.206  2465  2467 D dalvikvm: GC_CONCURRENT freed 246K, 4% free 10148K/10503K, paused 2ms+2ms
06-29 17:35:08.230  2465  2465 I DotsContentUris: content://com.google.android.apps.currents
06-29 17:35:08.234  2465  2465 I ActivityThread: Pub com.google.android.apps.currents: com.google.apps.dots.android.app.provider.DotsContentProvider
06-29 17:35:08.245  2465  2465 I DotsApplication: Starting up...
06-29 17:35:08.448   147   163 I Process : Sending signal. PID: 2465 SIG: 3
06-29 17:35:08.448  2465  2469 I dalvikvm: threadid=3: reacting to signal 3
06-29 17:35:08.499  2465  2469 I dalvikvm: Wrote stack traces to '/data/anr/traces.txt'
06-29 17:35:08.527  2465  2467 D dalvikvm: GC_CONCURRENT freed 429K, 5% free 10169K/10695K, paused 2ms+3ms
06-29 17:35:08.663   147   464 I ActivityManager: START {cmp=com.google.android.apps.currents/com.google.apps.dots.android.app.activity.HomeActivity} from pid 2465
06-29 17:35:08.691  2465  2467 D dalvikvm: GC_CONCURRENT freed 289K, 4% free 10346K/10759K, paused 1ms+4ms
06-29 17:35:09.210   147   163 I Process : Sending signal. PID: 2465 SIG: 3
06-29 17:35:09.210  2465  2469 I dalvikvm: threadid=3: reacting to signal 3
06-29 17:35:09.335  2465  2469 I dalvikvm: Wrote stack traces to '/data/anr/traces.txt'
06-29 17:35:09.413  2465  2465 D libEGL  : loaded /system/lib/egl/libGLES_android.so
06-29 17:35:09.487  2465  2465 D libEGL  : loaded /vendor/lib/egl/libEGL_POWERVR_SGX540_120.so
06-29 17:35:09.519  2465  2465 D libEGL  : loaded /vendor/lib/egl/libGLESv1_CM_POWERVR_SGX540_120.so
06-29 17:35:09.530  2465  2465 D libEGL  : loaded /vendor/lib/egl/libGLESv2_POWERVR_SGX540_120.so
06-29 17:35:09.640  2465  2465 D OpenGLRenderer: Enabling debug mode 0
06-29 17:35:09.691  2465  2467 D dalvikvm: GC_CONCURRENT freed 163K, 3% free 10597K/10887K, paused 2ms+12ms
06-29 17:35:09.749   147   372 D dalvikvm: GC_FOR_ALLOC freed 982K, 15% free 14055K/16391K, paused 70ms
06-29 17:35:09.753   147   163 I Process : Sending signal. PID: 2465 SIG: 3
06-29 17:35:09.753  2465  2469 I dalvikvm: threadid=3: reacting to signal 3
06-29 17:35:09.765  2465  2469 I dalvikvm: Wrote stack traces to '/data/anr/traces.txt'
06-29 17:35:09.812   147   382 W InputManagerService: Starting input on non-focused client com.android.internal.view.IInputMethodClient$Stub$Proxy@417c17a8 (uid=10026 pid=375)
06-29 17:35:09.847   147   178 I ActivityManager: Displayed com.google.android.apps.currents/com.google.apps.dots.android.app.activity.HomeActivity: +1s156ms (total +3s673ms)
06-29 17:35:09.902  2432  2432 W ResourceType: Failure getting entry for 0x7f0b0023 (t=10 e=35) in package 0 (error -75)
06-29 17:35:09.902  2432  2432 W ResourceType: Failure getting entry for 0x7f0b0023 (t=10 e=35) in package 0 (error -75)
06-29 17:35:10.015   147   464 D dalvikvm: GC_EXPLICIT freed 209K, 15% free 13992K/16391K, paused 3ms+6ms
06-29 17:35:10.077  2432  2432 D libEGL  : loaded /system/lib/egl/libGLES_android.so
06-29 17:35:10.081  2432  2432 D libEGL  : loaded /vendor/lib/egl/libEGL_POWERVR_SGX540_120.so
06-29 17:35:10.081  2432  2432 D libEGL  : loaded /vendor/lib/egl/libGLESv1_CM_POWERVR_SGX540_120.so
06-29 17:35:10.085  2432  2432 D libEGL  : loaded /vendor/lib/egl/libGLESv2_POWERVR_SGX540_120.so
06-29 17:35:10.140  2432  2432 D OpenGLRenderer: Enabling debug mode 0
06-29 17:35:10.347   147   178 I ActivityManager: Displayed com.android.email/.activity.setup.AccountSetupBasics: +496ms
06-29 17:35:10.351  2465  2465 D OpenGLRenderer: Flushing caches (mode 0)
06-29 17:35:10.405  2465  2465 D OpenGLRenderer: Flushing caches (mode 1)
06-29 17:35:10.827  2432  2432 W IInputConnectionWrapper: showStatusIcon on inactive InputConnection
06-29 17:35:10.827   147   158 W InputManagerService: Starting input on non-focused client com.android.internal.view.IInputMethodClient$Stub$Proxy@4190fbf8 (uid=10013 pid=2432)
06-29 17:35:10.941   375   377 D dalvikvm: GC_CONCURRENT freed 1224K, 13% free 12035K/13831K, paused 2ms+5ms
06-29 17:35:10.995   375  2508 D dalvikvm: GC_FOR_ALLOC freed 279K, 14% free 12012K/13831K, paused 26ms
06-29 17:35:10.999   375  2508 I dalvikvm-heap: Grow heap (frag case) to 12.358MB for 589840-byte allocation
06-29 17:35:11.034   375   375 D dalvikvm: GC_FOR_ALLOC freed <1K, 14% free 12588K/14471K, paused 27ms
06-29 17:35:11.116   375  2508 D dalvikvm: GC_FOR_ALLOC freed 866K, 19% free 11772K/14471K, paused 25ms
06-29 17:35:11.120   375  2508 I dalvikvm-heap: Grow heap (frag case) to 12.444MB for 925072-byte allocation
06-29 17:35:11.159   147   163 I Process : Sending signal. PID: 375 SIG: 3
06-29 17:35:11.159   375   380 I dalvikvm: threadid=3: reacting to signal 3
06-29 17:35:11.214   375   380 I dalvikvm: Wrote stack traces to '/data/anr/traces.txt'
06-29 17:35:11.234   375   377 D dalvikvm: GC_CONCURRENT freed 1K, 18% free 12674K/15431K, paused 3ms+9ms
06-29 17:35:11.413  2432  2432 D OpenGLRenderer: Flushing caches (mode 0)
06-29 17:35:11.476   147   158 I ActivityManager: No longer want android.process.media (pid 324): hidden #16
06-29 17:35:11.515  2432  2432 D OpenGLRenderer: Flushing caches (mode 1)
06-29 17:35:11.601   375  2509 D dalvikvm: GC_FOR_ALLOC freed 1374K, 21% free 12219K/15431K, paused 23ms
06-29 17:35:11.655  2465  2467 D dalvikvm: GC_CONCURRENT freed 273K, 4% free 10739K/11143K, paused 2ms+3ms
06-29 17:35:12.109  2465  2467 D dalvikvm: GC_CONCURRENT freed 286K, 4% free 10918K/11335K, paused 2ms+4ms
06-29 17:35:12.300  2465  2467 D dalvikvm: GC_CONCURRENT freed 554K, 6% free 10904K/11591K, paused 2ms+7ms
06-29 17:35:12.460   147   158 D SyncManager: setSyncAutomatically: , provider com.google.android.apps.currents -> true
06-29 17:35:12.460   147   158 D SyncManager: setSyncAutomatically: already set to true, doing nothing
06-29 17:35:12.605   346   346 D SAN_SERVICE: *******************************************
06-29 17:35:12.605   346   346 D SAN_SERVICE: DM App Phone Service State - 0
06-29 17:35:12.605   346   346 D SAN_SERVICE: *******************************************
06-29 17:35:12.753   147   164 I ActivityManager: Start proc com.whatsapp for service com.whatsapp/.messaging.MessageService: pid=2510 uid=10068 gids={1015, 3003}
06-29 17:35:12.765  2510  2510 I dalvikvm: Turning on JNI app bug workarounds for target SDK version 7...
06-29 17:35:12.800  2465  2467 D dalvikvm: GC_CONCURRENT freed 445K, 5% free 11041K/11591K, paused 3ms+41ms
06-29 17:35:13.038  2510  2513 D dalvikvm: GC_CONCURRENT freed 169K, 3% free 9367K/9607K, paused 2ms+2ms
06-29 17:35:13.499  2510  2513 D dalvikvm: GC_CONCURRENT freed 297K, 4% free 9628K/9991K, paused 3ms+6ms
06-29 17:35:13.593  2465  2467 D dalvikvm: GC_CONCURRENT freed 329K, 4% free 11329K/11783K, paused 20ms+9ms
06-29 17:35:13.839  2510  2510 I dalvikvm: Could not find method android.media.MediaMetadataRetriever.captureFrame, referenced from method com.whatsapp.q3.a
06-29 17:35:13.839  2510  2510 W dalvikvm: VFY: unable to resolve virtual method 501: Landroid/media/MediaMetadataRetriever;.captureFrame ()Landroid/graphics/Bitmap;
06-29 17:35:13.839  2510  2510 D dalvikvm: VFY: replacing opcode 0x6e at 0x0134
06-29 17:35:14.097  2510  2513 D dalvikvm: GC_CONCURRENT freed 443K, 6% free 9729K/10247K, paused 2ms+9ms
06-29 17:35:14.202   147   147 I ActivityManager: START {act=android.intent.action.MAIN cat=[android.intent.category.LAUNCHER] flg=0x10200000 cmp=com.google.android.apps.currents/com.google.apps.dots.android.app.activity.CurrentsStartActivity} from pid 375
06-29 17:35:14.288   147   385 I ActivityManager: START {cmp=com.google.android.apps.currents/com.google.apps.dots.android.app.activity.HomeActivity} from pid 2465
06-29 17:35:14.597   147   178 I ActivityManager: Displayed com.google.android.apps.currents/com.google.apps.dots.android.app.activity.HomeActivity: +303ms (total +342ms)
06-29 17:35:14.616   375   375 D OpenGLRenderer: Flushing caches (mode 1)
06-29 17:35:14.737  2510  2513 D dalvikvm: GC_CONCURRENT freed 208K, 4% free 10000K/10311K, paused 3ms+4ms
06-29 17:35:14.765   147   385 W InputManagerService: Starting input on non-focused client com.android.internal.view.IInputMethodClient$Stub$Proxy@417c17a8 (uid=10026 pid=375)
06-29 17:35:14.769   375   375 D OpenGLRenderer: Flushing caches (mode 0)
06-29 17:35:16.460  2381  2382 D dalvikvm: GC_CONCURRENT freed 566K, 7% free 10207K/10951K, paused 2ms+32ms
06-29 17:35:16.542  1359  1361 D dalvikvm: GC_CONCURRENT freed 458K, 8% free 10284K/11143K, paused 2ms+3ms
06-29 17:35:16.780  2465  2467 D dalvikvm: GC_CONCURRENT freed 312K, 4% free 11722K/12167K, paused 2ms+4ms
06-29 17:35:17.030  2465  2467 D dalvikvm: GC_CONCURRENT freed 716K, 7% free 11832K/12679K, paused 2ms+3ms
06-29 17:35:17.558  2465  2467 D dalvikvm: GC_CONCURRENT freed 818K, 8% free 11957K/12871K, paused 3ms+16ms
06-29 17:35:17.827  2465  2497 D dalvikvm: GC_FOR_ALLOC freed 232K, 7% free 12029K/12871K, paused 42ms
06-29 17:35:17.831  2465  2497 I dalvikvm-heap: Grow heap (frag case) to 12.695MB for 921616-byte allocation
06-29 17:35:17.862  2465  2500 D dalvikvm: GC_FOR_ALLOC freed 9K, 7% free 12919K/13831K, paused 31ms
06-29 17:35:17.960  2465  2467 D dalvikvm: GC_CONCURRENT freed 4K, 7% free 12924K/13831K, paused 2ms+5ms
06-29 17:35:18.218   147   147 D dalvikvm: GC_EXPLICIT freed 786K, 15% free 14016K/16391K, paused 3ms+7ms
06-29 17:35:18.265   346   346 D SAN_SERVICE: *******************************************
06-29 17:35:18.265   346   346 D SAN_SERVICE: DM App Phone Service State - 0
06-29 17:35:18.265   346   346 D SAN_SERVICE: *******************************************
06-29 17:35:18.691  2465  2467 D dalvikvm: GC_CONCURRENT freed 1397K, 12% free 12757K/14343K, paused 2ms+4ms
06-29 17:35:18.913  2465  2497 D dalvikvm: GC_FOR_ALLOC freed 766K, 11% free 12858K/14343K, paused 35ms
06-29 17:35:19.175  2465  2497 D dalvikvm: GC_FOR_ALLOC freed 538K, 10% free 13010K/14343K, paused 32ms
06-29 17:35:19.351  2465  2497 D dalvikvm: GC_FOR_ALLOC freed 558K, 10% free 13120K/14471K, paused 60ms
06-29 17:35:19.445  2465  2497 D dalvikvm: GC_FOR_ALLOC freed 561K, 10% free 13265K/14599K, paused 31ms
06-29 17:35:19.448  2465  2497 I dalvikvm-heap: Grow heap (frag case) to 13.354MB for 347216-byte allocation
06-29 17:35:19.487  2465  2465 D dalvikvm: GC_FOR_ALLOC freed 8K, 10% free 13596K/14983K, paused 30ms
06-29 17:35:19.550  2465  2497 D dalvikvm: GC_FOR_ALLOC freed 203K, 10% free 13566K/14983K, paused 31ms
06-29 17:35:19.554  2465  2497 I dalvikvm-heap: Grow heap (frag case) to 14.310MB for 1041776-byte allocation
06-29 17:35:19.585  2465  2500 D dalvikvm: GC_FOR_ALLOC freed 6K, 9% free 14577K/16007K, paused 32ms
06-29 17:35:20.273   147   297 D SyncManager: setSyncAutomatically: , provider com.google.android.apps.currents -> true
06-29 17:35:20.273   147   297 D SyncManager: setSyncAutomatically: already set to true, doing nothing
06-29 17:35:20.429  2465  2467 D dalvikvm: GC_CONCURRENT freed 1583K, 11% free 14765K/16455K, paused 2ms+5ms
06-29 17:35:20.761  2465  2500 D dalvikvm: GC_EXPLICIT freed 1877K, 13% free 14436K/16455K, paused 3ms+5ms
06-29 17:35:20.839   147   337 D dalvikvm: GC_EXPLICIT freed 152K, 15% free 13969K/16391K, paused 3ms+6ms
06-29 17:35:22.152  2465  2467 D dalvikvm: GC_CONCURRENT freed 1457K, 11% free 14665K/16455K, paused 2ms+7ms
06-29 17:35:22.265  2465  2497 D dalvikvm: GC_FOR_ALLOC freed 1441K, 19% free 13394K/16455K, paused 36ms
06-29 17:35:22.366  2465  2497 D dalvikvm: GC_FOR_ALLOC freed 402K, 16% free 13916K/16455K, paused 38ms
06-29 17:35:22.366  2465  2497 I dalvikvm-heap: Grow heap (frag case) to 14.129MB for 492820-byte allocation
06-29 17:35:22.402  2465  2500 D dalvikvm: GC_FOR_ALLOC freed 3K, 16% free 14394K/16967K, paused 33ms
06-29 17:35:22.499  2465  2497 D dalvikvm: GC_FOR_ALLOC freed 697K, 18% free 13917K/16967K, paused 33ms
06-29 17:35:22.499  2465  2497 I dalvikvm-heap: Grow heap (frag case) to 14.511MB for 892060-byte allocation
06-29 17:35:22.534  2465  2500 D dalvikvm: GC_FOR_ALLOC freed 2K, 18% free 14786K/17863K, paused 33ms
06-29 17:35:22.749   147   164 I ActivityManager: Start proc com.facebook.katana for service com.facebook.katana/.service.MediaUploadService: pid=2549 uid=10071 gids={3003, 1006, 1015}
06-29 17:35:22.757  2549  2549 I dalvikvm: Turning on JNI app bug workarounds for target SDK version 7...
06-29 17:35:22.937  2549  2552 D dalvikvm: GC_CONCURRENT freed 158K, 3% free 9378K/9607K, paused 2ms+3ms
06-29 17:35:23.148  2549  2549 I ActivityThread: Pub com.facebook.katana.provider.LoggingProvider: com.facebook.katana.provider.LoggingProvider
06-29 17:35:23.343  2549  2552 D dalvikvm: GC_CONCURRENT freed 129K, 3% free 9681K/9927K, paused 23ms+4ms
06-29 17:35:23.347  2549  2549 I ActivityThread: Pub com.facebook.katana.provider.KeyValueProvider: com.facebook.katana.provider.KeyValueProvider
06-29 17:35:23.351  2549  2549 I ActivityThread: Pub com.facebook.katana.provider.CacheProvider: com.facebook.katana.provider.CacheProvider
06-29 17:35:23.362  2549  2549 I ActivityThread: Pub com.facebook.katana.provider.MailboxProvider: com.facebook.katana.provider.MailboxProvider
06-29 17:35:23.409  2549  2549 I ActivityThread: Pub com.facebook.katana.provider.UserStatusesProvider: com.facebook.katana.provider.UserStatusesProvider
06-29 17:35:23.413  2549  2549 I ActivityThread: Pub com.facebook.katana.provider.EventsProvider: com.facebook.katana.provider.EventsProvider
06-29 17:35:23.413  2549  2549 I ActivityThread: Pub com.facebook.katana.provider.NotificationsProvider: com.facebook.katana.provider.NotificationsProvider
06-29 17:35:23.417  2549  2549 I ActivityThread: Pub com.facebook.katana.provider.UserValuesProvider: com.facebook.katana.provider.UserValuesProvider
06-29 17:35:23.417  2549  2549 I ActivityThread: Pub com.facebook.katana.provider.PagesProvider: com.facebook.katana.provider.PagesProvider
06-29 17:35:23.417  2549  2549 I ActivityThread: Pub com.facebook.katana.provider.MobileEventLogProvider: com.facebook.katana.provider.MobileEventLogProvider
06-29 17:35:23.417  2549  2549 I ActivityThread: Pub com.facebook.katana.provider.PushNotificationsProvider: com.facebook.katana.provider.PushNotificationsProvider
06-29 17:35:23.421  2549  2549 I ActivityThread: Pub com.facebook.katana.provider.PhotosProvider: com.facebook.katana.provider.PhotosProvider
06-29 17:35:23.425  2549  2549 I ActivityThread: Pub com.facebook.katana.provider.ConnectionsProvider: com.facebook.katana.provider.ConnectionsProvider
06-29 17:35:23.515  2549  2549 I ActivityThread: Pub com.facebook.orca.notify.FbandroidMessagesForegroundProvider: com.facebook.orca.notify.FbandroidMessagesForegroundProvider
06-29 17:35:23.769  2549  2549 D ACRA    : Retrieve application default SharedPreferences.
06-29 17:35:23.769  2549  2549 D ACRA    : Set OnSharedPreferenceChangeListener.
06-29 17:35:23.777  2549  2549 D ACRA    : ACRA is enabled for com.facebook.katana, intializing...
06-29 17:35:23.796  2549  2549 D ACRA    : Looking for error files in /data/data/com.facebook.katana/app_acra-reports
06-29 17:35:24.155  2549  2549 W nalizableReferenceQueue: Could not load Finalizer in its own class loader.Loading Finalizer in the current class loader instead. As a result, you will not be ableto garbage collect this class loader. To support reclaiming this class loader, eitherresolve the underlying issue, or move Google Collections to your system class path.
06-29 17:35:24.155  2549  2549 W nalizableReferenceQueue: java.io.FileNotFoundException: com/google/common/base/internal/Finalizer.class
06-29 17:35:24.155  2549  2549 W nalizableReferenceQueue: 	at com.google.common.base.FinalizableReferenceQueue$DecoupledLoader.getBaseUrl(FinalizableReferenceQueue.java:243)
06-29 17:35:24.155  2549  2549 W nalizableReferenceQueue: 	at com.google.common.base.FinalizableReferenceQueue$DecoupledLoader.loadFinalizer(FinalizableReferenceQueue.java:227)
06-29 17:35:24.155  2549  2549 W nalizableReferenceQueue: 	at com.google.common.base.FinalizableReferenceQueue.loadFinalizer(FinalizableReferenceQueue.java:155)
06-29 17:35:24.155  2549  2549 W nalizableReferenceQueue: 	at com.google.common.base.FinalizableReferenceQueue.<clinit>(FinalizableReferenceQueue.java:84)
06-29 17:35:24.155  2549  2549 W nalizableReferenceQueue: 	at com.google.common.collect.CustomConcurrentHashMap$QueueHolder.<clinit>(CustomConcurrentHashMap.java:650)
06-29 17:35:24.155  2549  2549 W nalizableReferenceQueue: 	at com.google.common.collect.CustomConcurrentHashMap$WeakEntry.<init>(CustomConcurrentHashMap.java:1342)
06-29 17:35:24.155  2549  2549 W nalizableReferenceQueue: 	at com.google.common.collect.CustomConcurrentHashMap$EntryFactory$9.newEntry(CustomConcurrentHashMap.java:453)
06-29 17:35:24.155  2549  2549 W nalizableReferenceQueue: 	at com.google.common.collect.CustomConcurrentHashMap.a(CustomConcurrentHashMap.java:1715)
06-29 17:35:24.155  2549  2549 W nalizableReferenceQueue: 	at com.google.common.collect.ComputingConcurrentHashMap$ComputingSegment.a(ComputingConcurrentHashMap.java:123)
06-29 17:35:24.155  2549  2549 W nalizableReferenceQueue: 	at com.google.common.collect.ComputingConcurrentHashMap.apply(ComputingConcurrentHashMap.java:71)
06-29 17:35:24.155  2549  2549 W nalizableReferenceQueue: 	at com.google.common.collect.MapMaker$ComputingMapAdapter.get(MapMaker.java:848)
06-29 17:35:24.155  2549  2549 W nalizableReferenceQueue: 	at com.google.inject.internal.Annotations$AnnotationChecker.a(Annotations.java:94)
06-29 17:35:24.155  2549  2549 W nalizableReferenceQueue: 	at com.google.inject.internal.Annotations.c(Annotations.java:112)
06-29 17:35:24.155  2549  2549 W nalizableReferenceQueue: 	at com.google.inject.Key.d(Key.java:369)
06-29 17:35:24.155  2549  2549 W nalizableReferenceQueue: 	at com.google.inject.Key.b(Key.java:356)
06-29 17:35:24.155  2549  2549 W nalizableReferenceQueue: 	at com.google.inject.Key.a(Key.java:267)
06-29 17:35:24.155  2549  2549 W nalizableReferenceQueue: 	at com.facebook.orca.inject.binder.AnnotatedBindingBuilderImpl.a(AnnotatedBindingBuilderImpl.java:22)
06-29 17:35:24.155  2549  2549 W nalizableReferenceQueue: 	at com.facebook.orca.app.FbBaseModule.a(FbBaseModule.java:74)
06-29 17:35:24.155  2549  2549 W nalizableReferenceQueue: 	at com.facebook.orca.inject.AbstractModule.a(AbstractModule.java:19)
06-29 17:35:24.155  2549  2549 W nalizableReferenceQueue: 	at com.facebook.orca.inject.FbInjectorImpl.a(FbInjectorImpl.java:61)
06-29 17:35:24.155  2549  2549 W nalizableReferenceQueue: 	at com.facebook.orca.inject.FbInjectorImpl.<init>(FbInjectorImpl.java:41)
06-29 17:35:24.155  2549  2549 W nalizableReferenceQueue: 	at com.facebook.orca.inject.FbInjector.a(FbInjector.java:40)
06-29 17:35:24.155  2549  2549 W nalizableReferenceQueue: 	at com.facebook.katana.FacebookApplication.onCreate(FacebookApplication.java:86)
06-29 17:35:24.155  2549  2549 W nalizableReferenceQueue: 	at android.app.Instrumentation.callApplicationOnCreate(Instrumentation.java:969)
06-29 17:35:24.155  2549  2549 W nalizableReferenceQueue: 	at android.app.ActivityThread.handleBindApplication(ActivityThread.java:3954)
06-29 17:35:24.155  2549  2549 W nalizableReferenceQueue: 	at android.app.ActivityThread.access$1300(ActivityThread.java:123)
06-29 17:35:24.155  2549  2549 W nalizableReferenceQueue: 	at android.app.ActivityThread$H.handleMessage(ActivityThread.java:1185)
06-29 17:35:24.155  2549  2549 W nalizableReferenceQueue: 	at android.os.Handler.dispatchMessage(Handler.java:99)
06-29 17:35:24.155  2549  2549 W nalizableReferenceQueue: 	at android.os.Looper.loop(Looper.java:137)
06-29 17:35:24.155  2549  2549 W nalizableReferenceQueue: 	at android.app.ActivityThread.main(ActivityThread.java:4424)
06-29 17:35:24.155  2549  2549 W nalizableReferenceQueue: 	at java.lang.reflect.Method.invokeNative(Native Method)
06-29 17:35:24.155  2549  2549 W nalizableReferenceQueue: 	at java.lang.reflect.Method.invoke(Method.java:511)
06-29 17:35:24.155  2549  2549 W nalizableReferenceQueue: 	at com.android.internal.os.ZygoteInit$MethodAndArgsCaller.run(ZygoteInit.java:784)
06-29 17:35:24.155  2549  2549 W nalizableReferenceQueue: 	at com.android.internal.os.ZygoteInit.main(ZygoteInit.java:551)
06-29 17:35:24.155  2549  2549 W nalizableReferenceQueue: 	at dalvik.system.NativeStart.main(Native Method)
06-29 17:35:24.159  2549  2549 I Finalizer: Couldn't access Thread.inheritableThreadLocals. Reference finalizer threads will inherit thread local values.
06-29 17:35:24.265  2549  2552 D dalvikvm: GC_CONCURRENT freed 325K, 5% free 9862K/10311K, paused 2ms+6ms
06-29 17:35:24.425  2549  2552 D dalvikvm: GC_CONCURRENT freed 439K, 5% free 9983K/10503K, paused 1ms+6ms
06-29 17:35:24.691  2465  2497 D dalvikvm: GC_FOR_ALLOC freed 2698K, 25% free 13450K/17863K, paused 96ms
06-29 17:35:24.698  2549  2552 D dalvikvm: GC_CONCURRENT freed 383K, 5% free 10111K/10567K, paused 2ms+9ms
06-29 17:35:24.898  2465  2497 D dalvikvm: GC_FOR_ALLOC freed 208K, 20% free 14338K/17863K, paused 68ms
06-29 17:35:25.073  2549  2565 W Resources: Converting to string: TypedValue{t=0x10/d=0xffffffff a=-1}
06-29 17:35:25.273  2465  2467 D dalvikvm: GC_CONCURRENT freed 1380K, 18% free 14700K/17863K, paused 5ms+4ms
06-29 17:35:25.394  2549  2552 D dalvikvm: GC_CONCURRENT freed 313K, 4% free 10285K/10695K, paused 2ms+3ms
06-29 17:35:25.909  2465  2472 I dalvikvm: Jit: resizing JitTable from 4096 to 8192
06-29 17:35:26.003  2549  2552 D dalvikvm: GC_CONCURRENT freed 326K, 4% free 10396K/10823K, paused 6ms+4ms
06-29 17:35:26.288  2465  2467 D dalvikvm: GC_CONCURRENT freed 1061K, 14% free 15406K/17863K, paused 2ms+6ms
06-29 17:35:26.558  2549  2552 D dalvikvm: GC_CONCURRENT freed 327K, 5% free 10511K/10951K, paused 8ms+19ms
06-29 17:35:26.632  2465  2497 D dalvikvm: GC_FOR_ALLOC freed 1551K, 20% free 14440K/17863K, paused 34ms
06-29 17:35:26.874  2549  2552 D dalvikvm: GC_CONCURRENT freed 375K, 5% free 10591K/11079K, paused 2ms+2ms
06-29 17:35:27.183  2465  2467 D dalvikvm: GC_CONCURRENT freed 1163K, 17% free 14961K/17863K, paused 2ms+6ms
06-29 17:35:27.187  2549  2552 D dalvikvm: GC_CONCURRENT freed 315K, 4% free 10704K/11143K, paused 5ms+3ms
06-29 17:35:28.062  2465  2467 D dalvikvm: GC_CONCURRENT freed 1790K, 16% free 15041K/17863K, paused 2ms+4ms
06-29 17:35:30.027   147   385 D dalvikvm: GC_EXPLICIT freed 228K, 15% free 13988K/16391K, paused 4ms+6ms
06-29 17:35:30.777   147  2141 I ActivityManager: START {cmp=com.google.android.apps.currents/com.google.apps.dots.android.app.activity.EditionActivity (has extras)} from pid 2465
06-29 17:35:31.155  2465  2467 D dalvikvm: GC_CONCURRENT freed 1917K, 16% free 15090K/17863K, paused 75ms+7ms
06-29 17:35:31.429   147   163 I Process : Sending signal. PID: 2465 SIG: 3
06-29 17:35:31.429  2465  2469 I dalvikvm: threadid=3: reacting to signal 3
06-29 17:35:31.796  2465  2465 W ApplicationDesignCache: Section not found for appId: CAAqBggKMKWBATDBFw, sectionId: null
06-29 17:35:31.808   147   163 I Process : Sending signal. PID: 2465 SIG: 3
06-29 17:35:31.913  2465  2469 I dalvikvm: Wrote stack traces to '/data/anr/traces.txt'
06-29 17:35:31.913  2465  2469 I dalvikvm: threadid=3: reacting to signal 3
06-29 17:35:31.976  2465  2469 I dalvikvm: Wrote stack traces to '/data/anr/traces.txt'
06-29 17:35:32.046  2465  2465 W ApplicationDesignCache: Section not found for appId: CAAqBggKMKWBATDBFw, sectionId: null
06-29 17:35:32.378   147   163 I Process : Sending signal. PID: 2465 SIG: 3
06-29 17:35:32.378  2465  2469 I dalvikvm: threadid=3: reacting to signal 3
06-29 17:35:32.437  2465  2465 D OpenGLRenderer: Flushing caches (mode 0)
06-29 17:35:32.437  2465  2469 I dalvikvm: Wrote stack traces to '/data/anr/traces.txt'
06-29 17:35:32.445   147   178 I ActivityManager: Displayed com.google.android.apps.currents/com.google.apps.dots.android.app.activity.EditionActivity: +1s638ms
06-29 17:35:34.495  2465  2465 V DotsWebView: Viewport argument key "target-densitydpi:200" not recognized and ignored.
06-29 17:35:34.616  2465  2467 D dalvikvm: GC_CONCURRENT freed 1555K, 14% free 15442K/17863K, paused 2ms+4ms
06-29 17:35:34.960  2465  2497 D dalvikvm: GC_FOR_ALLOC freed 209K, 13% free 15575K/17863K, paused 140ms
06-29 17:35:34.995  2465  2497 I dalvikvm-heap: Grow heap (frag case) to 15.939MB for 691216-byte allocation
06-29 17:35:35.093  2465  2465 D dalvikvm: GC_FOR_ALLOC freed <1K, 13% free 16249K/18567K, paused 81ms
06-29 17:35:36.046  2465  2465 D dalvikvm: GC_FOR_ALLOC freed 1552K, 16% free 15654K/18567K, paused 74ms
06-29 17:35:36.261  2465  2465 D dalvikvm: GC_FOR_ALLOC freed 6K, 16% free 15780K/18567K, paused 215ms
06-29 17:35:36.269  2465  2465 I dalvikvm-heap: Grow heap (frag case) to 16.945MB for 1536016-byte allocation
06-29 17:35:36.304  2465  2465 D dalvikvm: GC_FOR_ALLOC freed 0K, 15% free 17280K/20103K, paused 37ms
06-29 17:35:36.359  2465  2465 D dalvikvm: GC_FOR_ALLOC freed 9K, 15% free 17274K/20103K, paused 36ms
06-29 17:35:36.366  2465  2465 I dalvikvm-heap: Grow heap (frag case) to 18.404MB for 1536016-byte allocation
06-29 17:35:36.402  2465  2465 D dalvikvm: GC_FOR_ALLOC freed 0K, 14% free 18774K/21639K, paused 38ms
06-29 17:35:36.480  2465  2465 D webviewglue: nativeDestroy view: 0x19d1fd8
06-29 17:35:36.527   147   385 I ActivityManager: Process com.google.android.youtube (pid 2251) has died.
06-29 17:35:37.831  2465  2467 D dalvikvm: GC_CONCURRENT freed 4195K, 24% free 16562K/21639K, paused 2ms+5ms
06-29 17:35:37.839  2465  2465 D webviewglue: nativeDestroy view: 0x1a0eda8
06-29 17:35:38.464  2465  2467 D dalvikvm: GC_CONCURRENT freed 1957K, 24% free 16534K/21639K, paused 3ms+5ms
06-29 17:35:39.456  2465  2465 V DotsWebView: Viewport argument key "target-densitydpi:200" not recognized and ignored.
06-29 17:35:39.562  2465  2497 D dalvikvm: GC_FOR_ALLOC freed 1373K, 23% free 16730K/21639K, paused 56ms
06-29 17:35:40.288  2465  2467 D dalvikvm: GC_CONCURRENT freed 684K, 17% free 18008K/21639K, paused 21ms+14ms
06-29 17:35:40.487  2465  2465 V DotsWebView: Viewport argument key "target-densitydpi:200" not recognized and ignored.
06-29 17:35:41.339   147   371 I ActivityManager: Process edu.buffalo.cse.phonelab.phonelabservices (pid 504) has died.
06-29 17:35:41.339   147   371 W ActivityManager: Scheduling restart of crashed service edu.buffalo.cse.phonelab.phonelabservices/edu.buffalo.cse.phonelab.datalogger.LoggerService in 5000ms
06-29 17:35:41.398  2465  2465 V DotsWebView: Viewport argument key "target-densitydpi:200" not recognized and ignored.
06-29 17:35:42.058  2465  2497 D dalvikvm: GC_FOR_ALLOC freed 1904K, 22% free 17078K/21639K, paused 51ms
06-29 17:35:42.073  2465  2497 I dalvikvm-heap: Grow heap (frag case) to 17.928MB for 1237616-byte allocation
06-29 17:35:42.116  2465  2594 D dalvikvm: GC_FOR_ALLOC freed 3K, 21% free 18284K/22855K, paused 45ms
06-29 17:35:42.257  2465  2497 D dalvikvm: GC_FOR_ALLOC freed 1463K, 26% free 17119K/22855K, paused 51ms
06-29 17:35:42.593  2465  2467 D dalvikvm: GC_CONCURRENT freed 1855K, 25% free 17252K/22855K, paused 3ms+5ms
06-29 17:35:43.476   147   464 I ActivityManager: Process com.google.android.talk (pid 2041) has died.
06-29 17:35:43.612  2465  2467 D dalvikvm: GC_CONCURRENT freed 1562K, 23% free 17612K/22855K, paused 2ms+6ms
06-29 17:35:44.921  2465  2467 D dalvikvm: GC_CONCURRENT freed 1907K, 23% free 17631K/22855K, paused 2ms+6ms
06-29 17:35:46.097  2465  2467 D dalvikvm: GC_CONCURRENT freed 1983K, 24% free 17576K/22855K, paused 2ms+6ms
06-29 17:35:46.370   147   164 I ActivityManager: Start proc edu.buffalo.cse.phonelab.phonelabservices for service edu.buffalo.cse.phonelab.phonelabservices/edu.buffalo.cse.phonelab.datalogger.LoggerService: pid=2595 uid=10037 gids={3003, 1015, 1007, 2001}
06-29 17:35:46.484  2595  2595 I PhoneLab-LoggerService: Start Logger Service
06-29 17:35:46.515  2595  2608 I PhoneLab-: Service Running
06-29 17:35:46.605  2595  2608 I PhoneLab-LoggerService: app_37    1399  1     1440   1068  c00f181c 400107b4 S logcat
06-29 17:35:46.605  2595  2608 I PhoneLab-LoggerService: Logcat pid from database 1399
06-29 17:35:46.605  2595  2608 I PhoneLab-LoggerService: Logcat process found 1399
06-29 17:35:46.605  2595  2608 I PhoneLab-LoggerService: Checking Threshold
06-29 17:35:47.128  2465  2467 D dalvikvm: GC_CONCURRENT freed 1854K, 23% free 17653K/22855K, paused 2ms+8ms
06-29 17:35:48.105   147   385 I ActivityManager: START {dat=http://www.androidcentral.com/google-nexus-7 cmp=com.google.android.apps.currents/com.google.apps.dots.android.app.activity.BrowserActivity} from pid 2465
06-29 17:35:48.859   147   163 I Process : Sending signal. PID: 2465 SIG: 3
06-29 17:35:48.859  2465  2469 I dalvikvm: threadid=3: reacting to signal 3
06-29 17:35:49.070  2465  2469 I dalvikvm: Wrote stack traces to '/data/anr/traces.txt'
06-29 17:35:49.081  2465  2465 D OpenGLRenderer: Flushing caches (mode 0)
06-29 17:35:49.136   147   178 I ActivityManager: Displayed com.google.android.apps.currents/com.google.apps.dots.android.app.activity.BrowserActivity: +1s12ms
06-29 17:35:50.355  2465  2467 D dalvikvm: GC_CONCURRENT freed 1753K, 22% free 17834K/22855K, paused 2ms+5ms
06-29 17:35:51.175  2465  2465 E Web Console: Viewport argument value "device-width;" for key "width" not recognized. Content ignored. at http://m.androidcentral.com/google-nexus-7:10
06-29 17:35:51.175  2465  2465 V Web Console: Viewport argument value "1.0;" for key "initial-scale" was truncated to its numeric prefix. at http://m.androidcentral.com/google-nexus-7:10
06-29 17:35:51.175  2465  2465 V Web Console: Viewport argument value "1.0;" for key "minimum-scale" was truncated to its numeric prefix. at http://m.androidcentral.com/google-nexus-7:10
06-29 17:35:51.175  2465  2465 V Web Console: Viewport argument value "4.0;" for key "maximum-scale" was truncated to its numeric prefix. at http://m.androidcentral.com/google-nexus-7:10
06-29 17:35:51.695  2465  2465 E Web Console: Uncaught ReferenceError: jQuery is not defined at http://cdn.androidcentral.com/sites/all/libraries/spe/spe-store.js:1
06-29 17:35:54.249  2465  2467 D dalvikvm: GC_CONCURRENT freed 1984K, 23% free 17796K/22855K, paused 3ms+7ms
06-29 17:35:54.562   147   337 D dalvikvm: GC_EXPLICIT freed 937K, 15% free 14008K/16391K, paused 3ms+7ms
06-29 17:35:56.089  2465  2467 D dalvikvm: GC_CONCURRENT freed 1906K, 23% free 17818K/22855K, paused 2ms+7ms
06-29 17:35:56.581  2465  2500 D dalvikvm: GC_EXPLICIT freed 1637K, 22% free 17870K/22855K, paused 3ms+6ms
06-29 17:35:59.237  2465  2467 D dalvikvm: GC_CONCURRENT freed 1916K, 22% free 17891K/22855K, paused 3ms+6ms
06-29 17:35:59.769   147   147 D dalvikvm: GC_EXPLICIT freed 265K, 15% free 13975K/16391K, paused 3ms+6ms
06-29 17:36:01.538  2465  2467 D dalvikvm: GC_CONCURRENT freed 1983K, 22% free 17829K/22855K, paused 3ms+6ms
06-29 17:36:04.269  2465  2467 D dalvikvm: GC_CONCURRENT freed 1916K, 22% free 17902K/22855K, paused 6ms+6ms
06-29 17:36:04.624  2465  2467 D dalvikvm: GC_CONCURRENT freed 1648K, 21% free 18191K/22855K, paused 3ms+6ms
06-29 17:36:10.347   147  2141 D AlarmManagerService: Kernel timezone updated to 240 minutes west of GMT
06-29 17:36:10.769   346   346 D dalvikvm: GC_EXPLICIT freed 93K, 7% free 9478K/10119K, paused 130ms+2ms
06-29 17:36:11.359   147   337 D AlarmManagerService: Kernel timezone updated to 240 minutes west of GMT
06-29 17:36:14.394   147   297 D AlarmManagerService: Kernel timezone updated to 240 minutes west of GMT
06-29 17:36:16.296  1359  1361 D dalvikvm: GC_CONCURRENT freed 481K, 8% free 10310K/11143K, paused 7ms+9ms
06-29 17:36:16.534  1359  1361 D dalvikvm: GC_CONCURRENT freed 313K, 7% free 10387K/11143K, paused 3ms+2ms
06-29 17:36:21.339   147   337 D AlarmManagerService: Kernel timezone updated to 240 minutes west of GMT
06-29 17:36:23.296  2465  2465 D OpenGLRenderer: Flushing caches (mode 0)
06-29 17:36:23.323  2465  2465 D webviewglue: nativeDestroy view: 0x1c35288
06-29 17:36:34.433   346   346 D SAN_SERVICE: *******************************************
06-29 17:36:34.433   346   346 D SAN_SERVICE: DM App Phone Service State - 0
06-29 17:36:34.433   346   346 D SAN_SERVICE: *******************************************
06-29 17:36:36.425   147   158 D AlarmManagerService: Kernel timezone updated to 240 minutes west of GMT
06-29 17:36:36.445   346   346 D SAN_SERVICE: *******************************************
06-29 17:36:36.445   346   346 D SAN_SERVICE: DM App Phone Service State - 0
06-29 17:36:36.445   346   346 D SAN_SERVICE: *******************************************
06-29 17:37:16.144  2381  2382 D dalvikvm: GC_CONCURRENT freed 506K, 7% free 10212K/10951K, paused 1ms+3ms
06-29 17:37:16.280  1359  1361 D dalvikvm: GC_CONCURRENT freed 581K, 8% free 10315K/11143K, paused 6ms+4ms
06-29 17:37:25.152   147   183 I ActivityManager: START {act=android.intent.action.MAIN cat=[android.intent.category.HOME] flg=0x10200000 cmp=com.android.launcher/com.android.launcher2.Launcher} from pid 147
06-29 17:37:25.362  2465  2465 D OpenGLRenderer: Flushing caches (mode 0)
06-29 17:37:25.421   147   337 W InputManagerService: Starting input on non-focused client com.android.internal.view.IInputMethodClient$Stub$Proxy@4164b4a8 (uid=10078 pid=2465)
06-29 17:37:25.441  2465  2465 D OpenGLRenderer: Flushing caches (mode 1)
06-29 17:37:26.722   147   158 I ActivityManager: START {act=android.intent.action.MAIN cat=[android.intent.category.LAUNCHER] flg=0x10200000 cmp=com.google.android.apps.googlevoice/.SplashActivity bnds=[360,556][480,706]} from pid 375
06-29 17:37:27.304   147   163 I Process : Sending signal. PID: 2163 SIG: 3
06-29 17:37:27.304  2163  2168 I dalvikvm: threadid=3: reacting to signal 3
06-29 17:37:27.316  2163  2168 I dalvikvm: Wrote stack traces to '/data/anr/traces.txt'
06-29 17:37:27.323   147   178 I ActivityManager: Displayed com.google.android.apps.googlevoice/.SplashActivity: +523ms
06-29 17:37:27.484   147   372 I ActivityManager: START {cmp=com.google.android.apps.googlevoice/.activity.conversationlist.ConversationListActivity (has extras)} from pid 2163
06-29 17:37:27.722   147   372 D dalvikvm: GC_FOR_ALLOC freed 744K, 14% free 14167K/16391K, paused 205ms
06-29 17:37:27.812  2163  2166 D dalvikvm: GC_CONCURRENT freed 325K, 5% free 9372K/9799K, paused 10ms+5ms
06-29 17:37:27.812  2163  2172 W CursorWrapperInner: Cursor finalized without prior close()
06-29 17:37:27.812  2163  2172 W CursorWrapperInner: Cursor finalized without prior close()
06-29 17:37:27.812  2163  2172 W CursorWrapperInner: Cursor finalized without prior close()
06-29 17:37:27.913   147   158 D CountryDetector: The first listener is added
06-29 17:37:28.167  2163  2166 D dalvikvm: GC_CONCURRENT freed 368K, 5% free 9549K/9991K, paused 24ms+2ms
06-29 17:37:28.179   448   453 D dalvikvm: GC_CONCURRENT freed 385K, 6% free 9672K/10183K, paused 25ms+15ms
06-29 17:37:28.226   147   163 W ActivityManager: Activity pause timeout for ActivityRecord{415dd658 com.google.android.apps.googlevoice/.SplashActivity}
06-29 17:37:28.230   147   163 I Process : Sending signal. PID: 2163 SIG: 3
06-29 17:37:28.230  2163  2168 I dalvikvm: threadid=3: reacting to signal 3
06-29 17:37:28.292  2163  2168 I dalvikvm: Wrote stack traces to '/data/anr/traces.txt'
06-29 17:37:28.472   375   375 D OpenGLRenderer: Flushing caches (mode 1)
06-29 17:37:28.562   448   462 D dalvikvm: GC_EXPLICIT freed 207K, 5% free 9717K/10183K, paused 3ms+4ms
06-29 17:37:28.573   375   375 D OpenGLRenderer: Flushing caches (mode 0)
06-29 17:37:28.616  2163  2179 I System.out: [INFO:983029]: LogSource: Running flush
06-29 17:37:28.695  2163  2182 I System.out: [INFO:983109]: LogSource: Sending payload [bytes=409]
06-29 17:37:28.757  2163  2179 I System.out: [INFO:983170]: LogSource: Running flush
06-29 17:37:28.765  2163  2166 D dalvikvm: GC_CONCURRENT freed 313K, 4% free 9809K/10183K, paused 6ms+11ms
06-29 17:37:28.777  2163  2180 I System.out: [INFO:983191]: LogSource: Sending payload [bytes=408]
06-29 17:37:28.796   147   163 I Process : Sending signal. PID: 2163 SIG: 3
06-29 17:37:28.796  2163  2168 I dalvikvm: threadid=3: reacting to signal 3
06-29 17:37:28.843  2163  2168 I dalvikvm: Wrote stack traces to '/data/anr/traces.txt'
06-29 17:37:29.167  2163  2179 I System.out: [INFO:983558]: LogSource: Running flush
06-29 17:37:29.167  2163  2181 I System.out: [INFO:983582]: LogSource: Sending payload [bytes=447]
06-29 17:37:29.237  2163  2166 D dalvikvm: GC_CONCURRENT freed 358K, 5% free 10010K/10439K, paused 2ms+6ms
06-29 17:37:29.296   147   163 I Process : Sending signal. PID: 2163 SIG: 3
06-29 17:37:29.296  2163  2168 I dalvikvm: threadid=3: reacting to signal 3
06-29 17:37:29.355  2163  2168 I dalvikvm: Wrote stack traces to '/data/anr/traces.txt'
06-29 17:37:29.398   448   453 D dalvikvm: GC_CONCURRENT freed 345K, 5% free 9855K/10311K, paused 2ms+4ms
06-29 17:37:29.609  2163  2182 I System.out: [INFO:984021]: LogSource: Response [http=200,length=254]
06-29 17:37:29.609  2163  2179 I System.out: [INFO:984022]: LogSource: Read id 1, status code 200
06-29 17:37:29.624  2163  2180 I System.out: [INFO:984037]: LogSource: Response [http=200,length=326]
06-29 17:37:29.628  2163  2179 I System.out: [INFO:984041]: LogSource: Read id 2, status code 200
06-29 17:37:29.691  2163  2181 I System.out: [INFO:984107]: LogSource: Response [http=200,length=271]
06-29 17:37:29.695  2163  2179 I System.out: [INFO:984107]: LogSource: Read id 4, status code 200
06-29 17:37:29.698  2163  2179 I System.out: [INFO:984114]: LogSource: Read id 3, status code 200
06-29 17:37:29.730  2163  2166 D dalvikvm: GC_CONCURRENT freed 314K, 5% free 10189K/10631K, paused 5ms+6ms
06-29 17:37:29.777   147   297 D dalvikvm: GC_EXPLICIT freed 269K, 14% free 14118K/16391K, paused 11ms+8ms
06-29 17:37:29.796   147   163 I Process : Sending signal. PID: 2163 SIG: 3
06-29 17:37:29.796  2163  2168 I dalvikvm: threadid=3: reacting to signal 3
06-29 17:37:29.835  2163  2168 I dalvikvm: Wrote stack traces to '/data/anr/traces.txt'
06-29 17:37:30.226  2163  2166 D dalvikvm: GC_CONCURRENT freed 199K, 3% free 10458K/10759K, paused 2ms+5ms
06-29 17:37:30.296   147   163 I Process : Sending signal. PID: 2163 SIG: 3
06-29 17:37:30.296  2163  2168 I dalvikvm: threadid=3: reacting to signal 3
06-29 17:37:30.331  2163  2168 I dalvikvm: Wrote stack traces to '/data/anr/traces.txt'
06-29 17:37:30.374   448   453 D dalvikvm: GC_CONCURRENT freed 343K, 5% free 9935K/10375K, paused 2ms+31ms
06-29 17:37:30.441   147   178 I ActivityManager: Displayed com.google.android.apps.googlevoice/.activity.conversationlist.ConversationListActivity: +2s146ms
06-29 17:37:30.456  2163  2163 D GoogleVoice: com.google.android.apps.googlevoice.vvm.service.GvVvmService$Handler Handling message 1001
06-29 17:37:30.480  2163  2163 D GoogleVoice: com.google.android.apps.googlevoice.vvm.service.GvVvmService$Handler Handling message 1011
06-29 17:37:30.487  2163  2179 I System.out: [INFO:984903]: LogSource: Running flush
06-29 17:37:30.491  2163  2182 I System.out: [INFO:984906]: LogSource: Sending payload [bytes=456]
06-29 17:37:30.511  2163  2646 I GoogleVoice: Deleting all voicemails
06-29 17:37:30.519   147   337 W AppWidgetService: updateAppWidgetProvider: provider doesn't exist: ComponentInfo{com.google.android.apps.googlevoice/com.google.android.apps.googlevoice.widget.WidgetSettingsProvider}
06-29 17:37:30.573   147   158 W AppWidgetService: updateAppWidgetProvider: provider doesn't exist: ComponentInfo{com.google.android.apps.googlevoice/com.google.android.apps.googlevoice.widget.WidgetInboxProvider}
06-29 17:37:30.581   147   147 D AlarmManagerService: Kernel timezone updated to 240 minutes west of GMT
06-29 17:37:31.112  2163  2182 I System.out: [INFO:985526]: LogSource: Response [http=200,length=6016]
06-29 17:37:31.116  2163  2179 I System.out: [INFO:985529]: LogSource: Read id 6, status code 200
06-29 17:37:31.179  2163  2179 I System.out: [INFO:985592]: LogSource: Read id 5, status code 200
06-29 17:37:31.261   147   382 W AppWidgetService: updateAppWidgetProvider: provider doesn't exist: ComponentInfo{com.google.android.apps.googlevoice/com.google.android.apps.googlevoice.widget.WidgetSettingsProvider}
06-29 17:37:31.265   147  2141 W AppWidgetService: updateAppWidgetProvider: provider doesn't exist: ComponentInfo{com.google.android.apps.googlevoice/com.google.android.apps.googlevoice.widget.WidgetInboxProvider}
06-29 17:37:31.335  2163  2166 D dalvikvm: GC_CONCURRENT freed 389K, 5% free 10588K/11079K, paused 2ms+4ms
06-29 17:37:31.480  2163  2643 D dalvikvm: GC_EXPLICIT freed 91K, 5% free 10573K/11079K, paused 3ms+6ms
06-29 17:37:31.581   448   988 D dalvikvm: GC_EXPLICIT freed 307K, 5% free 9871K/10375K, paused 2ms+10ms
06-29 17:37:36.987   147   464 I ActivityManager: START {dat=googlevoice://conversations/37c3bd72b05412a9ba2fb121e48ee131891a3af4 cmp=com.google.android.apps.googlevoice/.PhoneCallListActivity} from pid 2163
06-29 17:37:37.105   147   371 D AlarmManagerService: Kernel timezone updated to 240 minutes west of GMT
06-29 17:37:37.241  2163  2166 D dalvikvm: GC_CONCURRENT freed 354K, 4% free 10768K/11207K, paused 2ms+5ms
06-29 17:37:37.249  2163  2163 W GoogleVoice: PhoneCallListActivity: unknown action, threading as Intent.ACTION_MAIN: null
06-29 17:37:37.265  2163  2179 I System.out: [INFO:991677]: LogSource: Running flush
06-29 17:37:37.265  2163  2180 I System.out: [INFO:991679]: LogSource: Sending payload [bytes=448]
06-29 17:37:37.331  2163  2180 I System.out: [INFO:991746]: LogSource: Response [http=200,length=271]
06-29 17:37:37.331  2163  2179 I System.out: [INFO:991747]: LogSource: Read id 8, status code 200
06-29 17:37:37.335  2163  2179 I System.out: [INFO:991749]: LogSource: Read id 7, status code 200
06-29 17:37:37.581   147   163 I Process : Sending signal. PID: 2163 SIG: 3
06-29 17:37:37.581  2163  2168 I dalvikvm: threadid=3: reacting to signal 3
06-29 17:37:37.597  2163  2168 I dalvikvm: Wrote stack traces to '/data/anr/traces.txt'
06-29 17:37:37.659   147   178 I ActivityManager: Displayed com.google.android.apps.googlevoice/.PhoneCallListActivity: +583ms
06-29 17:37:38.695  2163  2179 I System.out: [INFO:993110]: LogSource: Running flush
06-29 17:37:38.702  2163  2181 I System.out: [INFO:993118]: LogSource: Sending payload [bytes=421]
06-29 17:37:38.827   299   302 D dalvikvm: GC_CONCURRENT freed 209K, 4% free 9926K/10247K, paused 3ms+5ms
06-29 17:37:38.878  2163  2181 I System.out: [INFO:993291]: LogSource: Response [http=200,length=79]
06-29 17:37:38.878  2163  2179 I System.out: [INFO:993292]: LogSource: Read id 9, status code 200
06-29 17:37:39.077   299   299 D dalvikvm: GC_FOR_ALLOC freed 359K, 6% free 9990K/10567K, paused 15ms
06-29 17:37:39.081   299   299 I dalvikvm-heap: Grow heap (frag case) to 10.526MB for 739216-byte allocation
06-29 17:37:39.140   299   302 D dalvikvm: GC_CONCURRENT freed 5K, 6% free 10706K/11335K, paused 2ms+11ms
06-29 17:37:39.320   224   227 D dalvikvm: GC_CONCURRENT freed 315K, 32% free 10065K/14599K, paused 2ms+3ms
06-29 17:37:41.948   299   299 V MultiLing!!!!!!!!!!!!!!!!!!!!: mPredicting1:false c:119
06-29 17:37:42.136   147   372 D AlarmManagerService: Kernel timezone updated to 240 minutes west of GMT
06-29 17:37:46.530  2595  2608 I PhoneLab-: Service Running
06-29 17:37:46.730  2595  2608 I PhoneLab-LoggerService: app_37    1399  1     1440   1068  c00f181c 400107b4 S logcat
06-29 17:37:46.730  2595  2608 I PhoneLab-LoggerService: Logcat pid from database 1399
06-29 17:37:46.734  2595  2608 I PhoneLab-LoggerService: Logcat process found 1399
06-29 17:37:46.734  2595  2608 I PhoneLab-LoggerService: Checking Threshold
06-29 17:38:16.343  1359  1361 D dalvikvm: GC_CONCURRENT freed 481K, 8% free 10319K/11143K, paused 10ms+3ms
06-29 17:38:34.527  2163  2166 D dalvikvm: GC_CONCURRENT freed 302K, 4% free 10979K/11399K, paused 25ms+4ms
06-29 17:38:34.632  2163  2163 D dalvikvm: GC_FOR_ALLOC freed 160K, 6% free 11066K/11655K, paused 28ms
06-29 17:38:36.351  2163  2163 D dalvikvm: GC_FOR_ALLOC freed 304K, 7% free 11066K/11847K, paused 39ms
06-29 17:38:38.023  2163  2163 D dalvikvm: GC_FOR_ALLOC freed 429K, 8% free 10947K/11847K, paused 22ms
06-29 17:38:42.616  2163  2163 D dalvikvm: GC_FOR_ALLOC freed 262K, 7% free 11067K/11847K, paused 30ms
06-29 17:38:42.616  2163  2163 I dalvikvm-heap: Grow heap (frag case) to 11.047MB for 174736-byte allocation
06-29 17:38:42.640  2163  2163 D dalvikvm: GC_FOR_ALLOC freed 1K, 7% free 11236K/12039K, paused 25ms
06-29 17:38:52.855   314  1347 I EventLogService: Aggregate from 1341004132731 (log), 1341004132731 (data)
06-29 17:38:58.550   224   224 D dalvikvm: GC_FOR_ALLOC freed 503K, 32% free 9929K/14599K, paused 67ms
06-29 17:38:58.581  2595  2595 I PhoneLab-PowerOnReceiver: Power is plugged off!
06-29 17:38:58.757   147  2141 I ActivityManager: Start proc android.process.media for content provider com.android.providers.media/.MediaProvider: pid=2654 uid=10012 gids={1015, 1023, 1024, 2001, 3003, 3007}
06-29 17:38:58.933  2654  2654 I ActivityThread: Pub downloads: com.android.providers.downloads.DownloadProvider
06-29 17:38:58.980  2654  2654 I ActivityThread: Pub drm: com.android.providers.drm.DrmProvider
06-29 17:38:58.980  2654  2668 I DownloadManager: in removeSpuriousFiles
06-29 17:38:58.991  2654  2654 I ActivityThread: Pub media: com.android.providers.media.MediaProvider
06-29 17:38:59.046  2654  2668 I DownloadManager: in removeSpuriousFiles, preserving file /data/data/com.android.providers.downloads/cache/metadata.json
06-29 17:38:59.046  2654  2668 I DownloadManager: in removeSpuriousFiles, preserving file /data/data/com.android.providers.downloads/cache/en_general.htm
06-29 17:38:59.046  2654  2668 I DownloadManager: in removeSpuriousFiles, preserving file /mnt/sdcard/Download/img-thing.jpeg
06-29 17:38:59.046  2654  2668 I DownloadManager: in removeSpuriousFiles, preserving file /data/data/com.android.providers.downloads/cache/metadata-1.json
06-29 17:38:59.046  2654  2668 I DownloadManager: in removeSpuriousFiles, preserving file /data/data/com.android.providers.downloads/cache/downloadfile.jpeg
06-29 17:38:59.046  2654  2668 I DownloadManager: in removeSpuriousFiles, preserving file /data/data/com.android.providers.downloads/cache/metadata-2.json
06-29 17:38:59.046  2654  2668 I DownloadManager: in removeSpuriousFiles, preserving file /data/data/com.android.providers.downloads/cache/metadata-3.json
06-29 17:38:59.050  2654  2668 I DownloadManager: deleting spurious file /cache/backup
06-29 17:39:00.073   147   175 I power   : *** set_screen_state 0
06-29 17:39:00.128    78   122 D SurfaceFlinger: About to give-up screen, flinger = 0x1cc9918
06-29 17:39:00.237  2654  2656 D dalvikvm: GC_CONCURRENT freed 307K, 5% free 9207K/9607K, paused 32ms+7ms
06-29 17:39:00.261   359  2225 D NfcService: NFC-C OFF, disconnect
06-29 17:39:00.499   147   149 D dalvikvm: GC_CONCURRENT freed 816K, 12% free 14578K/16391K, paused 34ms+17ms
06-29 17:39:00.558   147   179 D dalvikvm: GC_FOR_ALLOC freed 57K, 11% free 14624K/16391K, paused 56ms
06-29 17:39:00.558   147   179 I dalvikvm-heap: Grow heap (frag case) to 14.455MB for 104992-byte allocation
06-29 17:39:00.624   147   371 D dalvikvm: GC_FOR_ALLOC freed 5K, 11% free 14721K/16519K, paused 49ms
06-29 17:39:00.687   147   179 D dalvikvm: GC_FOR_ALLOC freed 17K, 11% free 14712K/16519K, paused 58ms
06-29 17:39:00.687   147   179 I dalvikvm-heap: Grow heap (frag case) to 14.541MB for 104992-byte allocation
06-29 17:39:00.753   147   371 D dalvikvm: GC_FOR_ALLOC freed 2K, 12% free 14812K/16647K, paused 55ms
06-29 17:39:00.769   147   179 V TransportControlView: Create TCV com.android.internal.widget.TransportControlView@41333fc8
06-29 17:39:00.796   224   224 D PhoneStatusBar: disable: < expand icons alerts ticker system_info back home RECENT* clock >
06-29 17:39:01.183   224   224 D PhoneStatusBar: disable: < expand icons alerts ticker system_info BACK* HOME* RECENT CLOCK* >
06-29 17:39:03.230  2381  2382 D dalvikvm: GC_CONCURRENT freed 376K, 7% free 10221K/10951K, paused 47ms+2ms
06-29 17:39:06.187   147   382 W ActivityManager: finishReceiver called but no pending broadcasts
06-29 17:39:06.269  2381  2382 D dalvikvm: GC_CONCURRENT freed 403K, 6% free 10329K/10951K, paused 2ms+2ms
06-29 17:39:14.957   147  2141 W ActivityManager: finishReceiver called but no pending broadcasts
06-29 17:39:15.035  2381  2382 D dalvikvm: GC_CONCURRENT freed 504K, 6% free 10337K/10951K, paused 2ms+2ms
06-29 17:39:16.336   147   337 D dalvikvm: GC_EXPLICIT freed 336K, 10% free 15029K/16647K, paused 2ms+5ms
06-29 17:39:23.929   147   385 W ActivityManager: finishReceiver called but no pending broadcasts
06-29 17:39:24.000  2381  2382 D dalvikvm: GC_CONCURRENT freed 534K, 6% free 10315K/10951K, paused 6ms+4ms
06-29 17:39:29.964  2381  2382 D dalvikvm: GC_CONCURRENT freed 478K, 7% free 10222K/10951K, paused 16ms+2ms
06-29 17:39:32.750   147   372 W ActivityManager: finishReceiver called but no pending broadcasts
06-29 17:39:32.832  2381  2382 D dalvikvm: GC_CONCURRENT freed 409K, 6% free 10325K/10951K, paused 2ms+2ms
06-29 17:39:41.539   147   159 W ActivityManager: finishReceiver called but no pending broadcasts
06-29 17:39:41.629  2381  2382 D dalvikvm: GC_CONCURRENT freed 496K, 6% free 10341K/10951K, paused 2ms+2ms
06-29 17:39:45.500   147   464 D AlarmManagerService: Kernel timezone updated to 240 minutes west of GMT
06-29 17:39:45.523   346   346 D SAN_SERVICE: *******************************************
06-29 17:39:45.523   346   346 D SAN_SERVICE: DM App Phone Service State - 0
06-29 17:39:45.523   346   346 D SAN_SERVICE: *******************************************
06-29 17:39:46.218  2381  2382 D dalvikvm: GC_CONCURRENT freed 459K, 6% free 10334K/10951K, paused 9ms+5ms
06-29 17:39:47.043   346   346 D SAN_SERVICE: *******************************************
06-29 17:39:47.043   346   346 D SAN_SERVICE: DM App Phone Service State - 0
06-29 17:39:47.043   346   346 D SAN_SERVICE: *******************************************
06-29 17:39:47.492   147   158 D AlarmManagerService: Kernel timezone updated to 240 minutes west of GMT
06-29 17:39:50.371   147   297 W ActivityManager: finishReceiver called but no pending broadcasts
06-29 17:39:50.445  2381  2382 D dalvikvm: GC_CONCURRENT freed 374K, 5% free 10471K/10951K, paused 2ms+2ms
06-29 17:39:52.238   346   346 D SAN_SERVICE: *******************************************
06-29 17:39:52.242   346   346 D SAN_SERVICE: DM App Phone Service State - 0
06-29 17:39:52.242   346   346 D SAN_SERVICE: *******************************************
06-29 17:39:58.339  2595  2608 I PhoneLab-: Service Running
06-29 17:39:58.445  2595  2596 D dalvikvm: GC_CONCURRENT freed 396K, 6% free 9090K/9607K, paused 18ms+3ms
06-29 17:39:58.468  2595  2608 I PhoneLab-LoggerService: app_37    1399  1     1440   1064  c00f181c 400107b4 S logcat
06-29 17:39:58.468  2595  2608 I PhoneLab-LoggerService: Logcat pid from database 1399
06-29 17:39:58.468  2595  2608 I PhoneLab-LoggerService: Logcat process found 1399
06-29 17:39:58.468  2595  2608 I PhoneLab-LoggerService: Checking Threshold
06-29 17:39:59.179   147   147 W ActivityManager: finishReceiver called but no pending broadcasts
06-29 17:39:59.250  2381  2382 D dalvikvm: GC_CONCURRENT freed 486K, 6% free 10518K/11079K, paused 1ms+4ms
06-29 17:40:00.097   147   402 W GpsLocationProvider: Duplicate add listener for uid 10056
06-29 17:40:00.191   224   227 D dalvikvm: GC_CONCURRENT freed 426K, 33% free 9911K/14599K, paused 17ms+4ms
06-29 17:40:00.308   224   224 D dalvikvm: GC_FOR_ALLOC freed 381K, 33% free 9910K/14599K, paused 19ms
06-29 17:40:00.375   224   227 D dalvikvm: GC_CONCURRENT freed 310K, 32% free 10035K/14599K, paused 2ms+3ms
06-29 17:40:00.535   224   227 D dalvikvm: GC_CONCURRENT freed 424K, 31% free 10088K/14599K, paused 5ms+4ms
06-29 17:40:02.714  2381  2382 D dalvikvm: GC_CONCURRENT freed 462K, 6% free 10546K/11143K, paused 7ms+3ms
06-29 17:40:06.804  2381  2382 D dalvikvm: GC_CONCURRENT freed 187K, 4% free 10792K/11143K, paused 2ms+3ms
06-29 17:40:09.929   314   317 D dalvikvm: GC_CONCURRENT freed 445K, 6% free 10342K/10887K, paused 10ms+9ms
06-29 17:40:10.097  2381  2382 D dalvikvm: GC_CONCURRENT freed 373K, 5% free 10997K/11463K, paused 2ms+3ms
06-29 17:40:12.535  2381  2382 D dalvikvm: GC_CONCURRENT freed 995K, 10% free 10628K/11719K, paused 2ms+4ms
06-29 17:40:15.277  2381  2382 D dalvikvm: GC_CONCURRENT freed 399K, 9% free 10747K/11719K, paused 2ms+3ms
06-29 17:40:15.312  1359  1361 D dalvikvm: GC_CONCURRENT freed 513K, 8% free 10316K/11143K, paused 2ms+3ms
06-29 17:40:19.257  2381  2382 D dalvikvm: GC_CONCURRENT freed 292K, 7% free 11008K/11719K, paused 2ms+3ms
06-29 17:40:21.402  2381  2382 D dalvikvm: GC_CONCURRENT freed 1012K, 11% free 10601K/11783K, paused 1ms+2ms
06-29 17:40:21.578   269   269 I wpa_supplicant: wlan0: CTRL-EVENT-DISCONNECTED bssid=d0:c2:82:2d:ea:c1 reason=0
06-29 17:40:21.609    75   117 D CommandListener: Clearing all IP addresses on wlan0
06-29 17:40:21.640   147   204 D ConnectivityService: ConnectivityChange for WIFI: DISCONNECTED/DISCONNECTED
06-29 17:40:21.644   147   204 D ConnectivityService: Attempting to switch to mobile
06-29 17:40:21.703   147   204 D ConnectivityService: Attempting to switch to WIMAX
06-29 17:40:21.703   147   204 D ConnectivityService: Attempting to switch to BLUETOOTH_TETHER
06-29 17:40:21.730   147   204 E ConnectivityService: Exception trying to remove a route: java.lang.IllegalStateException: Unable to communicate with native dameon to add routes - com.android.server.NativeDaemonConnectorException: Cmd {interface route remove wlan0 default 67.20.211.254 32 0.0.0.0} failed with code 400 : {Failed to remove route from default table (No such process)}
06-29 17:40:21.738   147   204 D NetUtils: android_net_utils_resetConnections in env=0x15722b8 clazz=0x90f00001 iface=wlan0 mask=0x3
06-29 17:40:21.738   147   204 E ConnectivityService: Exception trying to remove a route: java.lang.IllegalStateException: Unable to communicate with native dameon to add routes - com.android.server.NativeDaemonConnectorException: Cmd {interface route remove wlan0 default 0.0.0.0 0 67.20.211.254} failed with code 400 : {Failed to remove route from default table (No such process)}
06-29 17:40:21.738   147   204 D ConnectivityService: resetConnections(wlan0, 3)
06-29 17:40:21.836   147   204 D ConnectivityService: ConnectivityChange for WIMAX: DISCONNECTED/SCANNING
06-29 17:40:21.949   147   204 D ConnectivityService: Attempting to switch to mobile
06-29 17:40:21.949   147   204 D ConnectivityService: Attempting to switch to WIFI
06-29 17:40:21.949   147   204 D ConnectivityService: Attempting to switch to BLUETOOTH_TETHER
06-29 17:40:21.992   314  1601 W Smack/Packet: notify conn break (IOEx), close connection
06-29 17:40:22.011   147   149 D dalvikvm: GC_CONCURRENT freed 1111K, 8% free 15432K/16647K, paused 66ms+23ms
06-29 17:40:22.175   314  1601 I qtaguid : Failed write_ctrl(u 81) res=-1 errno=22
06-29 17:40:22.175   314  1601 I qtaguid : Untagging socket 81 failed errno=-22
06-29 17:40:22.175   314  1601 W NetworkManagementSocketTagger: untagSocket(81) failed with errno -22
06-29 17:40:22.195   147   204 D ConnectivityService: handleInetConditionChange: no active default network - ignore
06-29 17:40:22.222  2510  2513 D dalvikvm: GC_CONCURRENT freed 561K, 7% free 9891K/10567K, paused 13ms+6ms
06-29 17:40:22.277   314   927 D dalvikvm: GC_EXPLICIT freed 298K, 6% free 10311K/10887K, paused 4ms+5ms
06-29 17:40:22.461  2318  2341 W System.err: javax.net.ssl.SSLException: Write error: ssl=0x15dd200: I/O error during system call, Broken pipe
06-29 17:40:22.464  2318  2342 W System.err: javax.net.ssl.SSLException: Read error: ssl=0x15dd200: I/O error during system call, Connection timed out
06-29 17:40:22.531  2318  2342 W System.err: 	at org.apache.harmony.xnet.provider.jsse.NativeCrypto.SSL_read(Native Method)
06-29 17:40:22.531  2318  2341 W System.err: 	at 	at org.apache.harmony.xnet.provider.jsse.NativeCrypto.SSL_write(Native Method)
06-29 17:40:22.531  2318  2342 W System.err: 	at org.apache.harmony.xnet.provider.jsse.OpenSSLSocketImpl$SSLInputStream.read(OpenSSLSocketImpl.java:671)
06-29 17:40:22.531  2318  2342 W System.err: 	at java.io.InputStreamReader.read(InputStreamReader.java:244)
06-29 17:40:22.531  2318  2342 W System.err: 	at java.io.BufferedReader.read(BufferedReader.java:310)
06-29 17:40:22.531  2318  2342 W System.err: 	at org.jivesoftware.smack.XMPPConnection$AliveReader.read(XMPPConnection.java:1067)
06-29 17:40:22.531  2318  2341 W System.err: org.apache.harmony.xnet.provider.jsse.OpenSSLSocketImpl$SSLOutputStream.write(OpenSSLSocketImpl.java:713)
06-29 17:40:22.531  2318  2342 W System.err: 	at 	at org.kxml2.io.KXmlParser.fillBuffer(KXmlParser.java:1496)
06-29 17:40:22.531  2318  2342 W System.err: 	at org.kxml2.io.KXmlParser.peekType(KXmlParser.java:979)
06-29 17:40:22.531  2318  2342 W System.err: 	at org.kxml2.io.KXmlParser.next(KXmlParser.java:346)
06-29 17:40:22.531  2318  2342 W System.err: 	at org.kxml2.io.KXmlParser.next(KXmlParser.java:310)
06-29 17:40:22.535  2318  2342 W System.err: 	at org.jivesoftware.smack.PacketReader.parsePackets(PacketReader.java:321)
06-29 17:40:22.535  2318  2342 W System.err: 	at org.jivesoftware.smack.PacketReader.access$1(PacketReader.java:216)
06-29 17:40:22.535  2318  2342 W System.err: 	at org.jivesoftware.smack.PacketReader$1.run(PacketReader.java:70)
06-29 17:40:22.535  2318  2341 W System.err: java.io.OutputStreamWriter.flushBytes(OutputStreamWriter.java:167)
06-29 17:40:22.543  2318  2341 W System.err: 	at java.io.OutputStreamWriter.flush(OutputStreamWriter.java:158)
06-29 17:40:22.543  2318  2341 W System.err: 	at java.io.BufferedWriter.flush(BufferedWriter.java:124)
06-29 17:40:22.543  2318  2341 W System.err: 	at org.jivesoftware.smack.PacketWriter.writePackets(PacketWriter.java:285)
06-29 17:40:22.546  2318  2341 W System.err: 	at org.jivesoftware.smack.PacketWriter.access$12(PacketWriter.java:270)
06-29 17:40:22.550  2318  2341 W System.err: 	at org.jivesoftware.smack.PacketWriter$1.run(PacketWriter.java:137)
06-29 17:40:22.632   269   269 I wpa_supplicant: wlan0: Trying to associate with d0:c2:82:2d:e6:21 (SSID='UB_Secure' freq=2437 MHz)
06-29 17:40:24.843   147   208 D Tethering: MasterInitialState.processMessage what=3
06-29 17:40:24.929   147   337 I ActivityManager: Start proc com.google.android.apps.uploader for broadcast com.google.android.apps.uploader/.ConnectivityBroadcastReceiver: pid=2693 uid=10030 gids={3003}
06-29 17:40:24.964   147   208 D Tethering: MasterInitialState.processMessage what=3
06-29 17:40:25.132  2693  2693 I dalvikvm: Turning on JNI app bug workarounds for target SDK version 11...
06-29 17:40:25.273  2693  2693 I ActivityThread: Pub com.google.android.apps.uploader: com.google.android.apps.uploader.UploadsContentProvider
06-29 17:40:25.273  2693  2693 I ActivityThread: Pub com.google.photos.provider.Album: com.google.android.apps.uploader.clients.picasa.AlbumProvider
06-29 17:40:25.281  2693  2693 D MediaUploader: UploaderApplication.onCreate
06-29 17:40:25.339  2693  2693 D MediaUploader: nonWifiLimit=20971520, default=20971520
06-29 17:40:25.347   147   337 I ActivityManager: Process com.google.android.gm (pid 1086) has died.
06-29 17:40:25.351  2693  2693 I MediaUploader: No need to wake up
06-29 17:40:25.351   147   385 I WindowManager: WIN DEATH: Window{4179cba8 com.google.android.gm/com.google.android.gm.ConversationListActivityGmail paused=false}
06-29 17:40:25.367  2163  2163 W GoogleVoice: PhoneCallListActivity: unknown action, threading as Intent.ACTION_MAIN: null
06-29 17:40:25.390  2595  2595 I PhoneLab-WiFiReceiver: Wi-Fi is disconnected!
06-29 17:40:25.578  2163  2179 I System.out: [INFO:1159992]: LogSource: Running flush
06-29 17:40:25.625  2163  2182 I System.out: [INFO:1160039]: LogSource: Sending payload [bytes=409]
06-29 17:40:25.824  2163  2182 I System.out: [SEVERE:1160236]: LogSource: AsyncHttpRequestImpl.run(): exception thrown : Connection to https://www.google.com refused: org.apache.http.conn.HttpHostConnectException
06-29 17:40:25.824  2163  2179 I System.out: [INFO:1160238]: LogSource: Resending com.google.android.apps.googlevoice.net.masf.MASFPlainRequest@41471988
06-29 17:40:25.906   147   163 I Process : Sending signal. PID: 2163 SIG: 3
06-29 17:40:25.906  2163  2168 I dalvikvm: threadid=3: reacting to signal 3
06-29 17:40:25.933  2163  2168 I dalvikvm: Wrote stack traces to '/data/anr/traces.txt'
06-29 17:40:25.980   147   158 I ActivityManager: Start proc com.google.android.youtube for broadcast com.google.android.youtube/.app.prefetch.PrefetchService$DeviceStateReceiver: pid=2714 uid=10057 gids={3003, 1015, 1006}
06-29 17:40:26.211   147   337 D dalvikvm: GC_EXPLICIT freed 1114K, 11% free 14984K/16775K, paused 4ms+6ms
06-29 17:40:26.246  2714  2717 D dalvikvm: GC_CONCURRENT freed 168K, 3% free 9360K/9607K, paused 5ms+2ms
06-29 17:40:26.324  2714  2714 I ActivityThread: Pub com.google.android.youtube.SuggestionProvider: com.google.android.youtube.core.suggest.SuggestionProvider
06-29 17:40:26.445   448   453 D dalvikvm: GC_CONCURRENT freed 415K, 5% free 10029K/10503K, paused 2ms+17ms
06-29 17:40:26.691  2163  2166 D dalvikvm: GC_CONCURRENT freed 1063K, 11% free 10869K/12103K, paused 2ms+17ms
06-29 17:40:26.738   448   564 D dalvikvm: GC_EXPLICIT freed 355K, 7% free 9833K/10503K, paused 6ms+25ms
06-29 17:40:26.871  2228  2727 D PicasaSync: sync account database
06-29 17:40:27.082  2714  2717 D dalvikvm: GC_CONCURRENT freed 359K, 5% free 9561K/9991K, paused 162ms+3ms
06-29 17:40:27.082  2714  2723 W CursorWrapperInner: Cursor finalized without prior close()
06-29 17:40:27.082  2714  2723 W CursorWrapperInner: Cursor finalized without prior close()
06-29 17:40:27.179  2714  2717 D dalvikvm: GC_CONCURRENT freed 346K, 5% free 9766K/10183K, paused 2ms+3ms
06-29 17:40:27.296  2714  2717 D dalvikvm: GC_CONCURRENT freed 371K, 5% free 9933K/10375K, paused 2ms+3ms
06-29 17:40:27.355  2228  2727 D PicasaSync: accounts in DB=1
06-29 17:40:27.355  2228  2727 D PicasaSyncManager: active network: null
06-29 17:40:27.355  2228  2727 D PicasaSyncManager: background data: true
06-29 17:40:27.398  2714  2717 D dalvikvm: GC_CONCURRENT freed 409K, 5% free 10087K/10567K, paused 2ms+4ms
06-29 17:40:27.519  2714  2717 D dalvikvm: GC_CONCURRENT freed 409K, 5% free 10215K/10695K, paused 2ms+3ms
06-29 17:40:27.539  2228  2727 D PicasaSyncManager: battery info: false
06-29 17:40:27.629   147   464 I ActivityManager: Start proc com.google.android.apps.docs for broadcast com.google.android.apps.docs/.receivers.NetworkChangeReceiver: pid=2758 uid=10077 gids={3003, 1015, 1006}
06-29 17:40:27.812  2381  2382 D dalvikvm: GC_CONCURRENT freed 146K, 8% free 10857K/11783K, paused 2ms+4ms
06-29 17:40:27.824  2163  2179 I System.out: [INFO:1162238]: LogSource: Running delayed flush
06-29 17:40:27.836  2163  2179 I System.out: [INFO:1162249]: LogSource: Running flush
06-29 17:40:27.839  2163  2180 I System.out: [INFO:1162252]: LogSource: Sending payload [bytes=409]
06-29 17:40:27.847  2163  2180 I System.out: [SEVERE:1162262]: LogSource: AsyncHttpRequestImpl.run(): exception thrown : Connection to https://www.google.com refused: org.apache.http.conn.HttpHostConnectException
06-29 17:40:27.851  2163  2179 I System.out: [INFO:1162263]: LogSource: Resending com.google.android.apps.googlevoice.net.masf.MASFPlainRequest@41471988
06-29 17:40:27.906  2758  2758 I PackageInfoHelper: Provided clientMode=RELEASE, packageInfo=PackageInfo{4135d290 com.google.android.apps.docs}
06-29 17:40:27.906  2758  2758 I ActivityThread: Pub com.google.android.apps.docs.files: com.google.android.apps.docs.sync.filemanager.FileProvider
06-29 17:40:27.906  2758  2758 I ActivityThread: Pub com.google.android.apps.docs.doclist.search_suggest: com.google.android.apps.docs.doclist.DocListGlobalSearchSuggestionProvider
06-29 17:40:28.101  2758  2760 D dalvikvm: GC_CONCURRENT freed 181K, 4% free 9305K/9607K, paused 5ms+2ms
06-29 17:40:28.203  2758  2760 D dalvikvm: GC_CONCURRENT freed 478K, 6% free 9377K/9927K, paused 2ms+2ms
06-29 17:40:28.246  2714  2772 E PlusOneController: Error loading opted-in: Unable to resolve host "www.googleapis.com": No address associated with hostname
06-29 17:40:28.250  2714  2717 D dalvikvm: GC_CONCURRENT freed 356K, 5% free 10342K/10823K, paused 3ms+3ms
06-29 17:40:28.293  2758  2760 D dalvikvm: GC_CONCURRENT freed 508K, 6% free 9408K/9991K, paused 2ms+3ms
06-29 17:40:28.379  2758  2760 D dalvikvm: GC_CONCURRENT freed 473K, 6% free 9443K/9991K, paused 2ms+3ms
06-29 17:40:28.461  2758  2760 D dalvikvm: GC_CONCURRENT freed 505K, 6% free 9474K/10055K, paused 2ms+3ms
06-29 17:40:28.554  2758  2760 D dalvikvm: GC_CONCURRENT freed 536K, 7% free 9507K/10119K, paused 2ms+3ms
06-29 17:40:28.695  2758  2760 D dalvikvm: GC_CONCURRENT freed 362K, 5% free 9628K/10119K, paused 2ms+3ms
06-29 17:40:28.820  2758  2760 D dalvikvm: GC_CONCURRENT freed 421K, 5% free 9753K/10247K, paused 3ms+4ms
06-29 17:40:28.824  2758  2758 D ContextScopeImpl: in ContextScope.getContextOrDefault for thread=1
06-29 17:40:28.824  2758  2758 D ContextScopeImpl: returning application context for thread=1
06-29 17:40:28.843  2758  2758 I FeatureCheckerImpl: Configured disabled features: []
06-29 17:40:28.843  2758  2758 D ContextScopeImpl: in ContextScope.getContextOrDefault for thread=1
06-29 17:40:28.843  2758  2758 D ContextScopeImpl: returning application context for thread=1
06-29 17:40:28.855  2758  2758 D ContextScopeImpl: in ContextScope.enter for thread=1
06-29 17:40:28.855  2758  2758 W ContextScopeImpl: thread=1 tried to enter the scope of the application context. Ignored.
06-29 17:40:28.855  2758  2758 D ContextScopeImpl: in ContextScope.getContextOrDefault for thread=1
06-29 17:40:28.855  2758  2758 D ContextScopeImpl: returning application context for thread=1
06-29 17:40:28.859  2758  2758 D DocListDatabase: openHelper points on new database: DocList.db
06-29 17:40:28.859  2758  2758 D DocListDatabase: in openWriteDatabase
06-29 17:40:28.871  2758  2758 I ActivityThread: Pub com.google.android.apps.docs.doclist.account_suggest: com.google.android.apps.docs.doclist.DocListAccountSuggestionProvider
06-29 17:40:28.875  2758  2758 D ContextScopeImpl: in ContextScope.enter for thread=1
06-29 17:40:28.875  2758  2758 W ContextScopeImpl: thread=1 tried to enter the scope of the application context. Ignored.
06-29 17:40:28.875  2758  2758 I ActivityThread: Pub com.google.android.apps.docs: com.google.android.apps.docs.providers.DocListProvider
06-29 17:40:28.875  2758  2758 D ContextScopeImpl: in ContextScope.enter for thread=1
06-29 17:40:28.875  2758  2758 W ContextScopeImpl: thread=1 tried to enter the scope of the application context. Ignored.
06-29 17:40:28.879  2758  2758 W ContextScopeImpl: thread=1 tried to enter the scope of the application context. Ignored.
06-29 17:40:28.890  2758  2774 W ContextScopeImpl: thread=237 tried to enter the scope of the application context. Ignored.
06-29 17:40:28.972  2693  2693 I MediaUploader: No need to wake up
06-29 17:40:28.972   147   159 I ActivityManager: No longer want com.google.android.maps.mytracks (pid 2367): hidden #16
06-29 17:40:29.054  2228  2727 D PicasaSyncManager: active network: null
06-29 17:40:29.054  2228  2727 D PicasaSyncManager: background data: true
06-29 17:40:29.089  2163  2163 W GoogleVoice: PhoneCallListActivity: unknown action, threading as Intent.ACTION_MAIN: null
06-29 17:40:29.113  2163  2179 I System.out: [INFO:1163524]: LogSource: Running flush
06-29 17:40:29.148  2163  2181 I System.out: [INFO:1163559]: LogSource: Sending payload [bytes=409]
06-29 17:40:29.175  2163  2181 I System.out: [SEVERE:1163589]: LogSource: AsyncHttpRequestImpl.run(): exception thrown : Connection to https://www.google.com refused: org.apache.http.conn.HttpHostConnectException
06-29 17:40:29.175  2163  2179 I System.out: [INFO:1163589]: LogSource: Resending com.google.android.apps.googlevoice.net.masf.MASFPlainRequest@413bebe8
06-29 17:40:29.496  2381  2382 D dalvikvm: GC_CONCURRENT freed 395K, 7% free 11060K/11783K, paused 5ms+7ms
06-29 17:40:31.179  2163  2179 I System.out: [INFO:1165592]: LogSource: Running delayed flush
06-29 17:40:31.191  2163  2179 I System.out: [INFO:1165603]: LogSource: Running flush
06-29 17:40:31.211  2163  2182 I System.out: [INFO:1165622]: LogSource: Sending payload [bytes=409]
06-29 17:40:31.257  2163  2182 I System.out: [SEVERE:1165672]: LogSource: AsyncHttpRequestImpl.run(): exception thrown : Connection to https://www.google.com refused: org.apache.http.conn.HttpHostConnectException
06-29 17:40:31.261  2163  2179 I System.out: [INFO:1165673]: LogSource: Resending com.google.android.apps.googlevoice.net.masf.MASFPlainRequest@413bebe8
06-29 17:40:31.640   147   204 D ConnectivityService: ConnectivityChange for mobile: CONNECTED/CONNECTED
06-29 17:40:31.851  2163  2179 I System.out: [INFO:1166263]: LogSource: Running delayed flush
06-29 17:40:31.890  2163  2179 I System.out: [INFO:1166304]: LogSource: Running flush
06-29 17:40:31.890  2163  2180 I System.out: [INFO:1166305]: LogSource: Sending payload [bytes=409]
06-29 17:40:31.898   147   200 D NetworkPolicy: applying policy NetworkPolicy[NetworkTemplate: matchRule=MOBILE_ALL, subscriberId=valid]: cycleDay=20, warningBytes=2147483648, limitBytes=-1, lastSnooze=-1 to ifaces [rmnet0]
06-29 17:40:31.925   346   350 D dalvikvm: GC_CONCURRENT freed 372K, 7% free 9496K/10119K, paused 9ms+2ms
06-29 17:40:32.640   147   204 D ConnectivityService: NetTransition Wakelock for WifiStateMachine released by timeout
06-29 17:40:32.754   269   269 I wpa_supplicant: wlan0: Authentication with d0:c2:82:2d:e6:21 timed out.
06-29 17:40:33.355  2163  2180 I System.out: [INFO:1167767]: LogSource: Response [http=200,length=254]
06-29 17:40:33.359  2163  2179 I System.out: [INFO:1167773]: LogSource: Read id 10, status code 200
06-29 17:40:33.421   269   269 I wpa_supplicant: wlan0: Trying to associate with d0:c2:82:2d:e6:d1 (SSID='UB_Secure' freq=2462 MHz)
06-29 17:40:33.562   269   269 I wpa_supplicant: wlan0: Associated with d0:c2:82:2d:e6:d1
06-29 17:40:33.652   269   269 I wpa_supplicant: wlan0: CTRL-EVENT-EAP-STARTED EAP authentication started
06-29 17:40:33.656   269   269 I wpa_supplicant: wlan0: CTRL-EVENT-EAP-PROPOSED-METHOD vendor=0 method=4 -> NAK
06-29 17:40:33.660   269   269 I wpa_supplicant: wlan0: CTRL-EVENT-EAP-PROPOSED-METHOD vendor=0 method=25
06-29 17:40:33.660   269   269 I wpa_supplicant: wlan0: CTRL-EVENT-EAP-METHOD EAP vendor 0 method 25 (PEAP) selected
06-29 17:40:33.734   269   269 I wpa_supplicant: wlan0: CTRL-EVENT-EAP-PEER-CERT depth=2 subject='/C=US/O=Entrust.net/OU=www.entrust.net/CPS incorp. by ref. (limits liab.)/OU=(c) 1999 Entrust.net Limited/CN=Entrust.net Secure Server Certification Authority'
06-29 17:40:33.734   269   269 I wpa_supplicant: wlan0: CTRL-EVENT-EAP-PEER-CERT depth=2 subject='/C=US/O=Entrust.net/OU=www.entrust.net/CPS incorp. by ref. (limits liab.)/OU=(c) 1999 Entrust.net Limited/CN=Entrust.net Secure Server Certification Authority'
06-29 17:40:33.738   269   269 I wpa_supplicant: wlan0: CTRL-EVENT-EAP-PEER-CERT depth=1 subject='/C=US/ST=UT/L=Salt Lake City/O=The USERTRUST Network/CN=USERTrust Legacy Secure Server CA'
06-29 17:40:33.742   269   269 I wpa_supplicant: wlan0: CTRL-EVENT-EAP-PEER-CERT depth=0 subject='/C=US/postalCode=14260/ST=New York/L=Buffalo/street=305 Computing Center/O=SUNY AT BUFFALO/OU=Office of the President/OU=Issued through UNIVERSITY AT BUFFALO E-PKI Manager/OU=PremiumSSL Legacy/CN=ubsecure.acsu.buffalo.edu'
06-29 17:40:33.836   224   227 D dalvikvm: GC_CONCURRENT freed 214K, 29% free 10373K/14599K, paused 2ms+3ms
06-29 17:40:33.898   269   269 I wpa_supplicant: EAP-MSCHAPV2: Authentication succeeded
06-29 17:40:33.902   269   269 I wpa_supplicant: EAP-TLV: TLV Result - Success - EAP-TLV/Phase2 Completed
06-29 17:40:33.906   269   269 I wpa_supplicant: wlan0: CTRL-EVENT-EAP-SUCCESS EAP authentication completed successfully
06-29 17:40:33.921   269   269 I wpa_supplicant: wlan0: WPA: Key negotiation completed with d0:c2:82:2d:e6:d1 [PTK=CCMP GTK=TKIP]
06-29 17:40:33.921   269   269 I wpa_supplicant: wlan0: CTRL-EVENT-CONNECTED - Connection to d0:c2:82:2d:e6:d1 completed (reauth) [id=0 id_str=]
06-29 17:40:34.031   224   227 D dalvikvm: GC_CONCURRENT freed 457K, 29% free 10383K/14599K, paused 2ms+11ms
06-29 17:40:34.539   147   204 D ConnectivityService: ConnectivityChange for WIFI: CONNECTED/CONNECTED
06-29 17:40:34.539   147   204 D ConnectivityService: Policy requires mobile teardown
06-29 17:40:34.550  2595  2595 I PhoneLab-WiFiReceiver: Wi-Fi is connected!
06-29 17:40:34.586  2595  2595 I PhoneLab-WiFiReceiver: SSID: UB_Secure BSSID: d0:c2:82:2d:e6:d1 RSSI: -200 LinkSpeed: -1
06-29 17:40:34.589  2595  2595 I PhoneLab-Locks: wake lock acquired
06-29 17:40:34.601   147   204 D ConnectivityService: ConnectivityChange for mobile: DISCONNECTED/DISCONNECTED
06-29 17:40:34.601   147   204 D ConnectivityService: Attempting to switch to WIFI
06-29 17:40:34.601   147   204 D ConnectivityService: Attempting to switch to WIMAX
06-29 17:40:34.601   147   204 D ConnectivityService: Attempting to switch to BLUETOOTH_TETHER
06-29 17:40:34.613   147   199 W NetworkStats: dropping UID delta from unknown iface: iface=wlan0 uid=0 set=DEFAULT tag=0x0 rxBytes=0 rxPackets=0 txBytes=140 txPackets=2 operations=0
06-29 17:40:34.621  2595  2595 I PhoneLab-UploadLogs: Transfering log files now
06-29 17:40:34.625  2595  2595 I PhoneLab-UploadLogs: No log files to transfer
06-29 17:40:34.625  2595  2595 I PhoneLab-Locks: wake lock released
06-29 17:40:34.629   147   204 D NetUtils: android_net_utils_resetConnections in env=0x15722b8 clazz=0xb6900001 iface=rmnet0 mask=0x3
06-29 17:40:34.629   147   204 D ConnectivityService: resetConnections(rmnet0, 3)
06-29 17:40:34.648  2595  2595 I PhoneLab-UploadLogs: OnStartCommand
06-29 17:40:34.687   147   208 D Tethering: MasterInitialState.processMessage what=3
06-29 17:40:34.847   314   314 I GTalkService/c: [AndroidEndpoint@1094364792] connect: acct=1000000, state=CONNECTING
06-29 17:40:34.851   224   227 D dalvikvm: GC_CONCURRENT freed 630K, 31% free 10202K/14599K, paused 1ms+4ms
06-29 17:40:34.875   314   314 I GTalkService/c: [GTalkConnection@1093824256] connect: acct=1, state=CONNECTING
06-29 17:40:34.949  2693  2693 I MediaUploader: No need to wake up
06-29 17:40:35.035   147   149 D dalvikvm: GC_CONCURRENT freed 1401K, 11% free 15076K/16775K, paused 87ms+9ms
06-29 17:40:35.109  2228  2727 D PicasaSyncManager: active network: NetworkInfo: type: WIFI[], state: CONNECTED/CONNECTED, reason: (unspecified), extra: (none), roaming: false, failover: false, isAvailable: true
06-29 17:40:35.125  2228  2727 D PicasaSyncManager: background data: true
06-29 17:40:35.261  2163  2179 I System.out: [INFO:1169673]: LogSource: Running delayed flush
06-29 17:40:35.269  2163  2179 I System.out: [INFO:1169683]: LogSource: Running flush
06-29 17:40:35.273  2163  2181 I System.out: [INFO:1169685]: LogSource: Sending payload [bytes=409]
06-29 17:40:35.316  2758  2758 W ContextScopeImpl: thread=1 tried to enter the scope of the application context. Ignored.
06-29 17:40:35.445  2163  2166 D dalvikvm: GC_CONCURRENT freed 510K, 11% free 10874K/12103K, paused 10ms+6ms
06-29 17:40:35.550  2163  2181 I System.out: [INFO:1169961]: LogSource: Response [http=200,length=254]
06-29 17:40:35.550  2163  2179 I System.out: [INFO:1169962]: LogSource: Read id 11, status code 200
06-29 17:40:36.257   314   317 D dalvikvm: GC_CONCURRENT freed 477K, 6% free 10301K/10887K, paused 3ms+4ms
06-29 17:40:36.515   346   346 D SAN_SERVICE: *******************************************
06-29 17:40:36.515   346   346 D SAN_SERVICE: DM App Phone Service State - 0
06-29 17:40:36.515   346   346 D SAN_SERVICE: *******************************************
06-29 17:40:36.601   346   346 D SAN_SERVICE: *******************************************
06-29 17:40:36.601   346   346 D SAN_SERVICE: DM App Phone Service State - 0
06-29 17:40:36.601   346   346 D SAN_SERVICE: *******************************************
06-29 17:40:36.625  2318  2320 D dalvikvm: GC_CONCURRENT freed 335K, 5% free 10611K/11079K, paused 4ms+43ms
06-29 17:40:37.027   147   147 D dalvikvm: GC_EXPLICIT freed 529K, 11% free 15008K/16775K, paused 2ms+9ms
06-29 17:40:37.550   147   204 D ConnectivityService: handleInetConditionHoldEnd: net=1, condition=100, published condition=0
06-29 17:40:37.605   147   208 D Tethering: MasterInitialState.processMessage what=3
06-29 17:40:37.683   147   208 D Tethering: MasterInitialState.processMessage what=3
06-29 17:40:37.691   147   208 D Tethering: MasterInitialState.processMessage what=3
06-29 17:40:37.769  2693  2693 I MediaUploader: No need to wake up
06-29 17:40:37.820  2228  2727 D PicasaSyncManager: active network: NetworkInfo: type: WIFI[], state: CONNECTED/CONNECTED, reason: (unspecified), extra: (none), roaming: false, failover: false, isAvailable: true
06-29 17:40:37.820  2228  2727 D PicasaSyncManager: background data: true
06-29 17:40:37.824  2381  2382 D dalvikvm: GC_CONCURRENT freed 799K, 8% free 10866K/11783K, paused 9ms+4ms
06-29 17:40:37.867  2758  2758 W ContextScopeImpl: thread=1 tried to enter the scope of the application context. Ignored.
06-29 17:40:37.925  2693  2693 I MediaUploader: No need to wake up
06-29 17:40:37.988  2228  2727 D PicasaSyncManager: active network: NetworkInfo: type: WIFI[], state: CONNECTED/CONNECTED, reason: (unspecified), extra: (none), roaming: false, failover: false, isAvailable: true
06-29 17:40:38.004  2758  2758 W ContextScopeImpl: thread=1 tried to enter the scope of the application context. Ignored.
06-29 17:40:38.031  2228  2727 D PicasaSyncManager: background data: true
06-29 17:40:38.058  2693  2693 I MediaUploader: No need to wake up
06-29 17:40:38.129   147   204 D ConnectivityService: handleInetConditionHoldEnd: net=1, condition=100, published condition=100
06-29 17:40:38.152  2758  2758 W ContextScopeImpl: thread=1 tried to enter the scope of the application context. Ignored.
06-29 17:40:38.168  2228  2727 D PicasaSyncManager: active network: NetworkInfo: type: WIFI[], state: CONNECTED/CONNECTED, reason: (unspecified), extra: (none), roaming: false, failover: false, isAvailable: true
06-29 17:40:38.179  2228  2727 D PicasaSyncManager: background data: true
06-29 17:40:38.398   314   317 D dalvikvm: GC_CONCURRENT freed 398K, 6% free 10290K/10887K, paused 13ms+4ms
06-29 17:40:38.433   147   164 I ActivityManager: Start proc com.google.android.talk for broadcast com.google.android.talk/.ConnectionStateOnlineReceiver: pid=2841 uid=10045 gids={3003, 1015, 1006, 3002}
06-29 17:40:38.461    79    79 D dalvikvm: GC_EXPLICIT freed 37K, 4% free 9031K/9347K, paused 3ms+2ms
06-29 17:40:38.484    79    79 D dalvikvm: GC_EXPLICIT freed <1K, 4% free 9031K/9347K, paused 2ms+2ms
06-29 17:40:38.511    79    79 D dalvikvm: GC_EXPLICIT freed <1K, 4% free 9031K/9347K, paused 2ms+3ms
06-29 17:40:38.808  2841  2841 I ActivityThread: Pub com.google.android.talk.SuggestionProvider: com.google.android.talk.SuggestionsProvider
06-29 17:40:39.039  2841  2841 D vclib:CallStateClient: startListening
06-29 17:40:39.078  2841  2843 D dalvikvm: GC_CONCURRENT freed 186K, 3% free 9350K/9607K, paused 27ms+2ms
06-29 17:40:39.132   314   322 I dalvikvm: Jit: resizing JitTable from 4096 to 8192
06-29 17:40:39.453   147   371 I ActivityManager: No longer want com.google.android.apps.maps:FriendService (pid 1882): hidden #16
06-29 17:40:39.461  2163  2163 W GoogleVoice: PhoneCallListActivity: unknown action, threading as Intent.ACTION_MAIN: null
06-29 17:40:39.472  2163  2179 I System.out: [INFO:1173886]: LogSource: Running flush
06-29 17:40:39.476  2163  2182 I System.out: [INFO:1173888]: LogSource: Sending payload [bytes=409]
06-29 17:40:39.566  2163  2182 I System.out: [INFO:1173980]: LogSource: Response [http=200,length=254]
06-29 17:40:39.566  2163  2179 I System.out: [INFO:1173981]: LogSource: Read id 12, status code 200
06-29 17:40:39.941  2381  2382 D dalvikvm: GC_CONCURRENT freed 410K, 7% free 11042K/11783K, paused 2ms+3ms
06-29 17:40:39.980   147   163 I Process : Sending signal. PID: 2163 SIG: 3
06-29 17:40:39.980  2163  2168 I dalvikvm: threadid=3: reacting to signal 3
06-29 17:40:40.035   448   453 D dalvikvm: GC_CONCURRENT freed 364K, 6% free 9956K/10503K, paused 1ms+6ms
06-29 17:40:40.086  2163  2168 I dalvikvm: Wrote stack traces to '/data/anr/traces.txt'
06-29 17:40:40.168  2163  2865 D dalvikvm: GC_EXPLICIT freed 419K, 11% free 10884K/12103K, paused 2ms+4ms
06-29 17:40:40.336   448   462 D dalvikvm: GC_EXPLICIT freed 357K, 7% free 9851K/10503K, paused 3ms+6ms
06-29 17:40:40.468   147   297 D dalvikvm: GC_EXPLICIT freed 876K, 11% free 15051K/16775K, paused 2ms+7ms
06-29 17:40:42.445  2318  2816 W System.err: java.lang.InterruptedException
06-29 17:40:42.461  2318  2816 W System.err: 	at java.util.concurrent.locks.AbstractQueuedSynchronizer.acquireInterruptibly(AbstractQueuedSynchronizer.java:1198)
06-29 17:40:42.461  2318  2816 W System.err: 	at java.util.concurrent.locks.ReentrantLock.lockInterruptibly(ReentrantLock.java:311)
06-29 17:40:42.461  2318  2816 W System.err: 	at java.util.concurrent.LinkedBlockingQueue.put(LinkedBlockingQueue.java:309)
06-29 17:40:42.461  2318  2816 W System.err: 	at org.jivesoftware.smack.PacketWriter.sendPacket(PacketWriter.java:156)
06-29 17:40:42.461  2318  2816 W System.err: 	at org.jivesoftware.smack.XMPPConnection.shutdown(XMPPConnection.java:410)
06-29 17:40:42.461  2318  2816 W System.err: 	at org.jivesoftware.smack.XMPPConnection.disconnect(XMPPConnection.java:465)
06-29 17:40:42.461  2318  2816 W System.err: 	at org.jivesoftware.smack.Connection.disconnect(Connection.java:476)
06-29 17:40:42.461  2318  2816 W System.err: 	at com.xabber.android.data.connection.ConnectionThread.authorization(ConnectionThread.java:243)
06-29 17:40:42.461  2318  2816 W System.err: 	at com.xabber.android.data.connection.ConnectionThread.access$5(ConnectionThread.java:207)
06-29 17:40:42.461  2318  2816 W System.err: 	at com.xabber.android.data.connection.ConnectionThread$7.run(ConnectionThread.java:197)
06-29 17:40:42.464  2318  2816 W System.err: 	at com.xabber.android.data.connection.ConnectionThread$13.run(ConnectionThread.java:362)
06-29 17:40:42.464  2318  2816 W System.err: 	at java.util.concurrent.Executors$RunnableAdapter.call(Executors.java:442)
06-29 17:40:42.464  2318  2816 W System.err: 	at java.util.concurrent.FutureTask$Sync.innerRun(FutureTask.java:305)
06-29 17:40:42.464  2318  2816 W System.err: 	at java.util.concurrent.FutureTask.run(FutureTask.java:137)
06-29 17:40:42.468  2318  2816 W System.err: 	at java.util.concurrent.ThreadPoolExecutor.runWorker(ThreadPoolExecutor.java:1076)
06-29 17:40:42.468  2318  2816 W System.err: 	at java.util.concurrent.ThreadPoolExecutor$Worker.run(ThreadPoolExecutor.java:569)
06-29 17:40:42.468  2318  2816 W System.err: 	at java.lang.Thread.run(Thread.java:856)
06-29 17:40:45.195  2381  2382 D dalvikvm: GC_CONCURRENT freed 868K, 9% free 10787K/11847K, paused 21ms+3ms
06-29 17:40:45.464  2318  2320 D dalvikvm: GC_CONCURRENT freed 483K, 6% free 10591K/11207K, paused 2ms+34ms
06-29 17:40:47.058  2318  2320 D dalvikvm: GC_CONCURRENT freed 431K, 6% free 10592K/11207K, paused 25ms+8ms
06-29 17:40:47.086  2318  2871 D dalvikvm: GC_FOR_ALLOC freed 41K, 6% free 10587K/11207K, paused 26ms
06-29 17:40:49.136  2381  2382 D dalvikvm: GC_CONCURRENT freed 341K, 8% free 11005K/11847K, paused 2ms+3ms
06-29 17:40:49.191  2381  2689 D dalvikvm: GC_FOR_ALLOC freed 268K, 8% free 10952K/11847K, paused 26ms
06-29 17:40:51.890   314   317 D dalvikvm: GC_CONCURRENT freed 312K, 5% free 10372K/10887K, paused 6ms+4ms
06-29 17:40:53.570  2381  2382 D dalvikvm: GC_CONCURRENT freed 734K, 10% free 10737K/11847K, paused 21ms+3ms
06-29 17:40:58.750  2381  2382 D dalvikvm: GC_CONCURRENT freed 245K, 8% free 11008K/11847K, paused 2ms+8ms
06-29 17:40:58.855  2381  2689 D dalvikvm: GC_FOR_ALLOC freed 338K, 8% free 10992K/11847K, paused 29ms
06-29 17:40:58.855  2381  2689 I dalvikvm-heap: Grow heap (frag case) to 10.865MB for 64448-byte allocation
06-29 17:40:58.894  2381  2688 D dalvikvm: GC_FOR_ALLOC freed 31K, 8% free 11024K/11911K, paused 25ms
06-29 17:41:04.480  2381  2382 D dalvikvm: GC_CONCURRENT freed 775K, 10% free 10817K/11911K, paused 2ms+4ms
06-29 17:41:08.414  2381  2382 D dalvikvm: GC_CONCURRENT freed 359K, 8% free 11028K/11911K, paused 2ms+3ms
06-29 17:41:11.777  2381  2382 D dalvikvm: GC_CONCURRENT freed 915K, 11% free 10655K/11911K, paused 2ms+3ms
06-29 17:41:15.226  2381  2382 D dalvikvm: GC_CONCURRENT freed 362K, 10% free 10838K/11911K, paused 2ms+13ms
06-29 17:41:15.375  1359  1361 D dalvikvm: GC_CONCURRENT freed 474K, 8% free 10352K/11143K, paused 1ms+5ms
06-29 17:41:18.203  2381  2382 D dalvikvm: GC_CONCURRENT freed 363K, 8% free 11023K/11911K, paused 2ms+3ms
06-29 17:41:21.277  2381  2382 D dalvikvm: GC_CONCURRENT freed 883K, 11% free 10684K/11911K, paused 20ms+3ms
06-29 17:41:22.351   314   317 D dalvikvm: GC_CONCURRENT freed 331K, 5% free 10493K/10951K, paused 2ms+5ms
06-29 17:41:26.066  2381  2382 D dalvikvm: GC_CONCURRENT freed 201K, 9% free 10938K/11911K, paused 7ms+5ms
06-29 17:41:27.636  2381  2382 D dalvikvm: GC_CONCURRENT freed 479K, 8% free 11066K/11911K, paused 2ms+3ms
06-29 17:41:31.093   147   149 D dalvikvm: GC_CONCURRENT freed 1075K, 9% free 15370K/16775K, paused 11ms+11ms
06-29 17:41:33.105  2381  2382 D dalvikvm: GC_CONCURRENT freed 808K, 10% free 10816K/11911K, paused 21ms+6ms
06-29 17:41:37.179  2381  2382 D dalvikvm: GC_CONCURRENT freed 353K, 8% free 11025K/11911K, paused 3ms+3ms
06-29 17:41:38.949  2381  2382 D dalvikvm: GC_CONCURRENT freed 949K, 11% free 10618K/11911K, paused 3ms+7ms
06-29 17:41:43.921  2381  2382 D dalvikvm: GC_CONCURRENT freed 177K, 9% free 10871K/11911K, paused 2ms+4ms
06-29 17:41:45.125   314   317 D dalvikvm: GC_CONCURRENT freed 412K, 5% free 10473K/11015K, paused 2ms+4ms
06-29 17:41:46.679  2595  2608 I PhoneLab-: Service Running
06-29 17:41:46.750  2595  2608 I PhoneLab-LoggerService: app_37    1399  1     1440   1064  c00f181c 400107b4 S logcat
06-29 17:41:46.750  2595  2608 I PhoneLab-LoggerService: Logcat pid from database 1399
06-29 17:41:46.750  2595  2608 I PhoneLab-LoggerService: Logcat process found 1399
06-29 17:41:46.750  2595  2608 I PhoneLab-LoggerService: Checking Threshold
06-29 17:41:46.875  2381  2382 D dalvikvm: GC_CONCURRENT freed 400K, 8% free 11060K/11911K, paused 2ms+3ms
06-29 17:41:51.484  2381  2382 D dalvikvm: GC_CONCURRENT freed 857K, 10% free 10759K/11911K, paused 24ms+4ms
06-29 17:41:56.578  2381  2382 D dalvikvm: GC_CONCURRENT freed 289K, 8% free 11035K/11911K, paused 2ms+3ms
06-29 17:41:58.754  2381  2382 D dalvikvm: GC_CONCURRENT freed 960K, 11% free 10635K/11911K, paused 2ms+2ms
06-29 17:42:03.757  2381  2382 D dalvikvm: GC_CONCURRENT freed 150K, 9% free 10896K/11911K, paused 2ms+5ms
06-29 17:42:06.316  2381  2382 D dalvikvm: GC_CONCURRENT freed 432K, 8% free 11058K/11911K, paused 2ms+3ms
06-29 17:42:11.425  2381  2382 D dalvikvm: GC_CONCURRENT freed 818K, 10% free 10795K/11911K, paused 1ms+3ms
06-29 17:42:15.418  2381  2382 D dalvikvm: GC_CONCURRENT freed 425K, 9% free 10930K/11911K, paused 2ms+11ms
06-29 17:42:15.484  1359  1361 D dalvikvm: GC_CONCURRENT freed 447K, 8% free 10299K/11143K, paused 1ms+2ms
06-29 17:42:16.175   314   317 D dalvikvm: GC_CONCURRENT freed 401K, 5% free 10482K/11015K, paused 4ms+11ms
06-29 17:42:16.285  2381  2382 D dalvikvm: GC_CONCURRENT freed 479K, 8% free 11066K/11911K, paused 1ms+2ms
06-29 17:42:23.543  2381  2382 D dalvikvm: GC_CONCURRENT freed 756K, 9% free 10888K/11911K, paused 2ms+3ms
06-29 17:42:26.004  2381  2382 D dalvikvm: GC_CONCURRENT freed 451K, 8% free 11038K/11911K, paused 1ms+4ms
06-29 17:42:27.230   147   204 D ConnectivityService: ConnectivityChange for WIMAX: DISCONNECTED/SCANNING
06-29 17:42:27.230   147   204 D ConnectivityService: Attempting to switch to mobile
06-29 17:42:27.230   147   204 D ConnectivityService: Attempting to switch to WIFI
06-29 17:42:27.234   147   204 D ConnectivityService: Attempting to switch to BLUETOOTH_TETHER
06-29 17:42:27.457   147   149 D dalvikvm: GC_CONCURRENT freed 1584K, 10% free 15438K/17095K, paused 4ms+11ms
06-29 17:42:30.289   147   208 D Tethering: MasterInitialState.processMessage what=3
06-29 17:42:30.328   147   208 D Tethering: MasterInitialState.processMessage what=3
06-29 17:42:30.394  2693  2693 I MediaUploader: No need to wake up
06-29 17:42:30.480  2758  2758 W ContextScopeImpl: thread=1 tried to enter the scope of the application context. Ignored.
06-29 17:42:30.511  2228  2727 D PicasaSyncManager: active network: NetworkInfo: type: WIFI[], state: CONNECTED/CONNECTED, reason: (unspecified), extra: (none), roaming: false, failover: false, isAvailable: true
06-29 17:42:30.511  2228  2727 D PicasaSyncManager: background data: true
06-29 17:42:30.535  2693  2693 I MediaUploader: No need to wake up
06-29 17:42:30.617  2758  2758 W ContextScopeImpl: thread=1 tried to enter the scope of the application context. Ignored.
06-29 17:42:30.625  2228  2727 D PicasaSyncManager: active network: NetworkInfo: type: WIFI[], state: CONNECTED/CONNECTED, reason: (unspecified), extra: (none), roaming: false, failover: false, isAvailable: true
06-29 17:42:30.629  2228  2727 D PicasaSyncManager: background data: true
06-29 17:42:30.746   147   382 D dalvikvm: GC_EXPLICIT freed 858K, 12% free 15056K/17095K, paused 3ms+6ms
06-29 17:42:30.851   147   204 D ConnectivityService: handleInetConditionHoldEnd: net=1, condition=100, published condition=100
06-29 17:42:31.136  2381  2382 D dalvikvm: GC_CONCURRENT freed 825K, 10% free 10772K/11911K, paused 2ms+4ms
06-29 17:42:33.429   147   204 D ConnectivityService: ConnectivityChange for mobile: CONNECTED/CONNECTED
06-29 17:42:33.468   147   204 D ConnectivityService: ConnectivityChange for mobile: DISCONNECTED/DISCONNECTED
06-29 17:42:33.468   147   204 D ConnectivityService: Attempting to switch to WIFI
06-29 17:42:33.472   147   204 D NetUtils: android_net_utils_resetConnections in env=0x15722b8 clazz=0xd4f00001 iface=rmnet0 mask=0x3
06-29 17:42:33.472   147   204 D ConnectivityService: Attempting to switch to WIMAX
06-29 17:42:33.472   147   204 D ConnectivityService: Attempting to switch to BLUETOOTH_TETHER
06-29 17:42:33.472   147   204 D ConnectivityService: resetConnections(rmnet0, 3)
06-29 17:42:35.621  2381  2382 D dalvikvm: GC_CONCURRENT freed 328K, 8% free 10989K/11911K, paused 2ms+3ms
06-29 17:42:35.695  2381  2689 D dalvikvm: GC_FOR_ALLOC freed 288K, 8% free 10968K/11911K, paused 26ms
06-29 17:42:36.531   147   208 D Tethering: MasterInitialState.processMessage what=3
06-29 17:42:36.578   147   208 D Tethering: MasterInitialState.processMessage what=3
06-29 17:42:36.652   314   317 D dalvikvm: GC_CONCURRENT freed 467K, 6% free 10445K/11015K, paused 2ms+5ms
06-29 17:42:36.687  2693  2693 I MediaUploader: No need to wake up
06-29 17:42:36.761  2228  2727 D PicasaSyncManager: active network: NetworkInfo: type: WIFI[], state: CONNECTED/CONNECTED, reason: (unspecified), extra: (none), roaming: false, failover: false, isAvailable: true
06-29 17:42:36.765  2228  2727 D PicasaSyncManager: background data: true
06-29 17:42:36.793  2758  2758 W ContextScopeImpl: thread=1 tried to enter the scope of the application context. Ignored.
06-29 17:42:36.820   346   350 D dalvikvm: GC_CONCURRENT freed 377K, 7% free 9503K/10119K, paused 6ms+2ms
06-29 17:42:36.894  2693  2693 I MediaUploader: No need to wake up
06-29 17:42:36.976  2758  2758 W ContextScopeImpl: thread=1 tried to enter the scope of the application context. Ignored.
06-29 17:42:36.984  2228  2727 D PicasaSyncManager: active network: NetworkInfo: type: WIFI[], state: CONNECTED/CONNECTED, reason: (unspecified), extra: (none), roaming: false, failover: false, isAvailable: true
06-29 17:42:36.984  2228  2727 D PicasaSyncManager: background data: true
06-29 17:42:37.043  2758  2760 D dalvikvm: GC_CONCURRENT freed 310K, 5% free 9867K/10311K, paused 13ms+7ms
06-29 17:42:37.086   147   204 D ConnectivityService: handleInetConditionHoldEnd: net=1, condition=100, published condition=100
06-29 17:42:37.101  2654  2656 D dalvikvm: GC_CONCURRENT freed 332K, 5% free 9274K/9735K, paused 2ms+3ms
06-29 17:42:40.148   314   493 I System.out: [INFO:4983178]: LogSource: Running flush
06-29 17:42:40.148   314   497 I System.out: [INFO:4983179]: LogSource: Sending payload [bytes=265]
06-29 17:42:40.726   314   497 I System.out: [INFO:4983755]: LogSource: Response [http=200,length=206]
06-29 17:42:40.726   314   493 I System.out: [INFO:4983757]: LogSource: Read id 2, status code 200
06-29 17:42:41.027   147   464 I ActivityManager: Process com.android.calendar (pid 1274) has died.
06-29 17:42:41.031  2163  2163 W GoogleVoice: PhoneCallListActivity: unknown action, threading as Intent.ACTION_MAIN: null
06-29 17:42:41.043  2163  2179 I System.out: [INFO:1295457]: LogSource: Running flush
06-29 17:42:41.136  2163  2180 I System.out: [INFO:1295547]: LogSource: Sending payload [bytes=409]
06-29 17:42:41.144   147   464 D dalvikvm: GC_FOR_ALLOC freed 1062K, 12% free 15153K/17095K, paused 76ms
06-29 17:42:41.144   147   464 I dalvikvm-heap: Grow heap (frag case) to 14.996MB for 129616-byte allocation
06-29 17:42:41.218   147   198 D dalvikvm: GC_FOR_ALLOC freed 93K, 12% free 15186K/17223K, paused 58ms
06-29 17:42:41.226  2163  2180 I System.out: [INFO:1295638]: LogSource: Response [http=200,length=254]
06-29 17:42:41.226  2163  2179 I System.out: [INFO:1295638]: LogSource: Read id 13, status code 200
06-29 17:42:41.527   147   163 I Process : Sending signal. PID: 2163 SIG: 3
06-29 17:42:41.527  2163  2168 I dalvikvm: threadid=3: reacting to signal 3
06-29 17:42:41.554   448   453 D dalvikvm: GC_CONCURRENT freed 362K, 6% free 9937K/10503K, paused 2ms+6ms
06-29 17:42:41.586  2163  2168 I dalvikvm: Wrote stack traces to '/data/anr/traces.txt'
06-29 17:42:41.847  2163  2166 D dalvikvm: GC_CONCURRENT freed 484K, 10% free 10925K/12103K, paused 2ms+9ms
06-29 17:42:41.875   448   565 D dalvikvm: GC_EXPLICIT freed 350K, 7% free 9872K/10503K, paused 2ms+5ms
06-29 17:42:41.906  2163  2170 I dalvikvm: Jit: resizing JitTable from 4096 to 8192
06-29 17:42:41.988  2381  2382 D dalvikvm: GC_CONCURRENT freed 731K, 10% free 10827K/11911K, paused 2ms+5ms
06-29 17:42:45.527  2381  2689 D dalvikvm: GC_EXPLICIT freed 232K, 9% free 10949K/11911K, paused 4ms+4ms
06-29 17:42:45.629  2381  2689 D dalvikvm: GC_FOR_ALLOC freed 315K, 8% free 10985K/11911K, paused 26ms
06-29 17:42:50.539  2381  2382 D dalvikvm: GC_CONCURRENT freed 780K, 10% free 10768K/11911K, paused 2ms+4ms
06-29 17:42:51.859   314   317 D dalvikvm: GC_CONCURRENT freed 463K, 6% free 10427K/11079K, paused 2ms+4ms
06-29 17:42:55.136  2381  2382 D dalvikvm: GC_CONCURRENT freed 323K, 8% free 11012K/11911K, paused 2ms+3ms
06-29 17:42:55.203  2381  2689 D dalvikvm: GC_FOR_ALLOC freed 206K, 8% free 10993K/11911K, paused 27ms
06-29 17:42:55.203  2381  2689 I dalvikvm-heap: Grow heap (frag case) to 10.866MB for 64450-byte allocation
06-29 17:42:55.238  2381  2688 D dalvikvm: GC_FOR_ALLOC freed 31K, 8% free 11024K/11975K, paused 25ms
06-29 17:43:00.765  2381  2382 D dalvikvm: GC_CONCURRENT freed 764K, 10% free 10805K/11975K, paused 45ms+3ms
06-29 17:43:04.914  2381  2382 D dalvikvm: GC_CONCURRENT freed 343K, 8% free 11021K/11975K, paused 2ms+3ms
06-29 17:43:08.043  2381  2382 D dalvikvm: GC_CONCURRENT freed 912K, 11% free 10666K/11975K, paused 2ms+3ms
06-29 17:43:13.332  2381  2382 D dalvikvm: GC_CONCURRENT freed 172K, 9% free 10920K/11975K, paused 22ms+4ms
06-29 17:43:14.625  2381  2382 D dalvikvm: GC_CONCURRENT freed 451K, 8% free 11101K/11975K, paused 1ms+3ms
06-29 17:43:15.320   147   372 D dalvikvm: GC_EXPLICIT freed 814K, 12% free 15248K/17223K, paused 2ms+10ms
06-29 17:43:16.929   314   317 D dalvikvm: GC_CONCURRENT freed 367K, 6% free 10462K/11079K, paused 2ms+5ms
06-29 17:43:18.183  2381  2382 D dalvikvm: GC_CONCURRENT freed 1004K, 11% free 10701K/11975K, paused 3ms+4ms
06-29 17:43:20.015   346   346 D SAN_SERVICE: *******************************************
06-29 17:43:20.019   346   346 D SAN_SERVICE: DM App Phone Service State - 0
06-29 17:43:20.019   346   346 D SAN_SERVICE: *******************************************
06-29 17:43:24.390  2381  2382 D dalvikvm: GC_CONCURRENT freed 226K, 9% free 10956K/11975K, paused 2ms+3ms
06-29 17:43:24.535  2381  2689 D dalvikvm: GC_FOR_ALLOC freed 506K, 9% free 10950K/11975K, paused 27ms
06-29 17:43:25.011   346   346 D SAN_SERVICE: *******************************************
06-29 17:43:25.011   346   346 D SAN_SERVICE: DM App Phone Service State - 0
06-29 17:43:25.011   346   346 D SAN_SERVICE: *******************************************
06-29 17:43:25.730   346   346 D SAN_SERVICE: *******************************************
06-29 17:43:25.730   346   346 D SAN_SERVICE: DM App Phone Service State - 0
06-29 17:43:25.730   346   346 D SAN_SERVICE: *******************************************
06-29 17:43:28.101  2381  2388 I dalvikvm: Jit: resizing JitTable from 4096 to 8192
06-29 17:43:31.164  2381  2382 D dalvikvm: GC_CONCURRENT freed 673K, 10% free 10795K/11975K, paused 21ms+3ms
06-29 17:43:34.445  2381  2382 D dalvikvm: GC_CONCURRENT freed 327K, 8% free 11068K/11975K, paused 2ms+4ms
06-29 17:43:36.652  2465  2467 D dalvikvm: GC_CONCURRENT freed 2341K, 23% free 17774K/22855K, paused 5ms+8ms
06-29 17:43:36.699  2465  2905 I SyncService: Starting sync (17:43:36)
06-29 17:43:38.238   147   297 D SyncManager: setSyncAutomatically: , provider com.google.android.apps.currents -> true
06-29 17:43:38.238   147   297 D SyncManager: setSyncAutomatically: already set to true, doing nothing
06-29 17:43:38.468  2465  2467 D dalvikvm: GC_CONCURRENT freed 1817K, 22% free 17910K/22855K, paused 13ms+8ms
06-29 17:43:39.004   147   385 D dalvikvm: GC_EXPLICIT freed 717K, 12% free 15183K/17223K, paused 3ms+9ms
06-29 17:43:39.211  2381  2382 D dalvikvm: GC_CONCURRENT freed 902K, 11% free 10741K/11975K, paused 2ms+4ms
06-29 17:43:39.246  2465  2467 D dalvikvm: GC_CONCURRENT freed 2161K, 23% free 17677K/22855K, paused 3ms+10ms
06-29 17:43:44.097  2381  2382 D dalvikvm: GC_CONCURRENT freed 290K, 9% free 10998K/11975K, paused 2ms+3ms
06-29 17:43:44.195  2381  2689 D dalvikvm: GC_FOR_ALLOC freed 410K, 9% free 10943K/11975K, paused 27ms
06-29 17:43:46.515  2595  2608 I PhoneLab-: Service Running
06-29 17:43:46.566  2595  2608 I PhoneLab-LoggerService: app_37    1399  1     1440   1064  c00f181c 400107b4 S logcat
06-29 17:43:46.570  2595  2608 I PhoneLab-LoggerService: Logcat pid from database 1399
06-29 17:43:46.570  2595  2608 I PhoneLab-LoggerService: Logcat process found 1399
06-29 17:43:46.570  2595  2608 I PhoneLab-LoggerService: Checking Threshold
06-29 17:43:46.687  2465  2467 D dalvikvm: GC_CONCURRENT freed 1745K, 22% free 17869K/22855K, paused 3ms+13ms
06-29 17:43:47.164  2465  2467 D dalvikvm: GC_CONCURRENT freed 1749K, 22% free 18048K/22855K, paused 2ms+5ms
06-29 17:43:47.218   346   346 D SAN_SERVICE: *******************************************
06-29 17:43:47.218   346   346 D SAN_SERVICE: DM App Phone Service State - 0
06-29 17:43:47.218   346   346 D SAN_SERVICE: *******************************************
06-29 17:43:47.488  2465  2467 D dalvikvm: GC_CONCURRENT freed 2379K, 24% free 17595K/22855K, paused 4ms+5ms
06-29 17:43:47.781   346   346 D SAN_SERVICE: *******************************************
06-29 17:43:47.781   346   346 D SAN_SERVICE: DM App Phone Service State - 0
06-29 17:43:47.781   346   346 D SAN_SERVICE: *******************************************
06-29 17:43:47.996   346   346 D SAN_SERVICE: *******************************************
06-29 17:43:47.996   346   346 D SAN_SERVICE: DM App Phone Service State - 0
06-29 17:43:47.996   346   346 D SAN_SERVICE: *******************************************
06-29 17:43:48.035   147  2141 I ActivityManager: Process com.android.deskclock (pid 1624) has died.
06-29 17:43:48.043  2163  2163 W GoogleVoice: PhoneCallListActivity: unknown action, threading as Intent.ACTION_MAIN: null
06-29 17:43:48.054  2163  2179 I System.out: [INFO:1362468]: LogSource: Running flush
06-29 17:43:48.054  2163  2181 I System.out: [INFO:1362469]: LogSource: Sending payload [bytes=409]
06-29 17:43:48.195  2163  2181 I System.out: [INFO:1362608]: LogSource: Response [http=200,length=254]
06-29 17:43:48.195  2163  2179 I System.out: [INFO:1362609]: LogSource: Read id 14, status code 200
06-29 17:43:48.351  2465  2905 I SyncService: sync service finished (17:43:48)
06-29 17:43:48.796   346   346 D SAN_SERVICE: *******************************************
06-29 17:43:48.796   346   346 D SAN_SERVICE: DM App Phone Service State - 0
06-29 17:43:48.796   346   346 D SAN_SERVICE: *******************************************
06-29 17:43:48.964   346   346 D SAN_SERVICE: *******************************************
06-29 17:43:48.964   346   346 D SAN_SERVICE: DM App Phone Service State - 0
06-29 17:43:48.964   346   346 D SAN_SERVICE: *******************************************
06-29 17:43:49.472   346   346 D SAN_SERVICE: *******************************************
06-29 17:43:49.472   346   346 D SAN_SERVICE: DM App Phone Service State - 0
06-29 17:43:49.472   346   346 D SAN_SERVICE: *******************************************
06-29 17:43:49.781   346   346 D SAN_SERVICE: *******************************************
06-29 17:43:49.781   346   346 D SAN_SERVICE: DM App Phone Service State - 0
06-29 17:43:49.781   346   346 D SAN_SERVICE: *******************************************
06-29 17:43:49.961   346   346 D SAN_SERVICE: *******************************************
06-29 17:43:49.961   346   346 D SAN_SERVICE: DM App Phone Service State - 0
06-29 17:43:49.961   346   346 D SAN_SERVICE: *******************************************
06-29 17:43:50.070  2381  2382 D dalvikvm: GC_CONCURRENT freed 691K, 10% free 10790K/11975K, paused 2ms+4ms
06-29 17:43:51.312   314   317 D dalvikvm: GC_CONCURRENT freed 406K, 6% free 10449K/11079K, paused 2ms+6ms
06-29 17:43:54.078  2381  2382 D dalvikvm: GC_CONCURRENT freed 347K, 9% free 11000K/11975K, paused 1ms+3ms
06-29 17:43:57.457  2381  2382 D dalvikvm: GC_CONCURRENT freed 908K, 12% free 10648K/11975K, paused 1ms+3ms
06-29 17:44:03.324  2381  2382 D dalvikvm: GC_CONCURRENT freed 149K, 9% free 10915K/11975K, paused 3ms+8ms
06-29 17:44:03.898  2381  2382 D dalvikvm: GC_CONCURRENT freed 480K, 8% free 11057K/11975K, paused 1ms+6ms
06-29 17:44:11.191  2381  2382 D dalvikvm: GC_CONCURRENT freed 758K, 10% free 10878K/11975K, paused 2ms+4ms
06-29 17:44:13.746  2381  2382 D dalvikvm: GC_CONCURRENT freed 456K, 8% free 11018K/11975K, paused 1ms+3ms
06-29 17:44:15.597  2381  2382 D dalvikvm: GC_CONCURRENT freed 1030K, 12% free 10569K/11975K, paused 2ms+5ms
06-29 17:44:15.644  1359  1361 D dalvikvm: GC_CONCURRENT freed 492K, 8% free 10316K/11143K, paused 7ms+2ms
06-29 17:44:16.304   346   346 D SAN_SERVICE: *******************************************
06-29 17:44:16.304   346   346 D SAN_SERVICE: DM App Phone Service State - 0
06-29 17:44:16.304   346   346 D SAN_SERVICE: *******************************************
06-29 17:44:20.027  2381  2382 D dalvikvm: GC_CONCURRENT freed 149K, 10% free 10819K/11975K, paused 5ms+4ms
06-29 17:44:21.222   346   346 D SAN_SERVICE: *******************************************
06-29 17:44:21.222   346   346 D SAN_SERVICE: DM App Phone Service State - 0
06-29 17:44:21.222   346   346 D SAN_SERVICE: *******************************************
06-29 17:44:21.796   346   346 D SAN_SERVICE: *******************************************
06-29 17:44:21.796   346   346 D SAN_SERVICE: DM App Phone Service State - 0
06-29 17:44:21.796   346   346 D SAN_SERVICE: *******************************************
06-29 17:44:22.500   314   317 D dalvikvm: GC_CONCURRENT freed 397K, 6% free 10444K/11079K, paused 2ms+6ms
06-29 17:44:23.379  2381  2382 D dalvikvm: GC_CONCURRENT freed 355K, 9% free 10993K/11975K, paused 2ms+3ms
06-29 17:44:26.261  2381  2382 D dalvikvm: GC_CONCURRENT freed 896K, 12% free 10635K/11975K, paused 22ms+3ms
06-29 17:44:28.164   147   149 D dalvikvm: GC_CONCURRENT freed 1220K, 11% free 15382K/17223K, paused 3ms+10ms
06-29 17:44:31.027  2381  2382 D dalvikvm: GC_CONCURRENT freed 167K, 10% free 10882K/11975K, paused 21ms+3ms
06-29 17:44:32.886  2381  2382 D dalvikvm: GC_CONCURRENT freed 424K, 8% free 11067K/11975K, paused 2ms+4ms
06-29 17:44:37.074  2381  2382 D dalvikvm: GC_CONCURRENT freed 905K, 11% free 10756K/11975K, paused 1ms+3ms
06-29 17:44:40.621   269   269 I wpa_supplicant: wlan0: CTRL-EVENT-DISCONNECTED bssid=d0:c2:82:2d:e6:d1 reason=0
06-29 17:44:40.664    75   117 D CommandListener: Clearing all IP addresses on wlan0
06-29 17:44:40.687   147   204 D ConnectivityService: ConnectivityChange for WIFI: DISCONNECTED/DISCONNECTED
06-29 17:44:40.695   147   204 D ConnectivityService: Attempting to switch to mobile
06-29 17:44:40.722   147   204 D ConnectivityService: Attempting to switch to WIMAX
06-29 17:44:40.722   147   204 D ConnectivityService: Attempting to switch to BLUETOOTH_TETHER
06-29 17:44:40.734   147   204 E ConnectivityService: Exception trying to remove a route: java.lang.IllegalStateException: Unable to communicate with native dameon to add routes - com.android.server.NativeDaemonConnectorException: Cmd {interface route remove wlan0 default 67.20.211.254 32 0.0.0.0} failed with code 400 : {Failed to remove route from default table (No such process)}
06-29 17:44:40.746   147   204 D NetUtils: android_net_utils_resetConnections in env=0x15722b8 clazz=0xe3300001 iface=wlan0 mask=0x3
06-29 17:44:40.746   147   204 E ConnectivityService: Exception trying to remove a route: java.lang.IllegalStateException: Unable to communicate with native dameon to add routes - com.android.server.NativeDaemonConnectorException: Cmd {interface route remove wlan0 default 0.0.0.0 0 67.20.211.254} failed with code 400 : {Failed to remove route from default table (No such process)}
06-29 17:44:40.746   147   204 D ConnectivityService: resetConnections(wlan0, 3)
06-29 17:44:40.785   147   204 D ConnectivityService: ConnectivityChange for WIMAX: DISCONNECTED/SCANNING
06-29 17:44:40.789   147   204 D ConnectivityService: Attempting to switch to mobile
06-29 17:44:40.789   147   204 D ConnectivityService: Attempting to switch to WIFI
06-29 17:44:40.789   147   204 D ConnectivityService: Attempting to switch to BLUETOOTH_TETHER
06-29 17:44:40.945   314  2825 W Smack/Packet: notify conn break (IOEx), close connection
06-29 17:44:40.972  2318  2870 W System.err: javax.net.ssl.SSLException: Write error: ssl=0x15dd200: I/O error during system call, Broken pipe
06-29 17:44:40.988  2318  2870 W System.err: 	at org.apache.harmony.xnet.provider.jsse.NativeCrypto.SSL_write(Native Method)
06-29 17:44:40.988  2318  2870 W System.err: 	at org.apache.harmony.xnet.provider.jsse.OpenSSLSocketImpl$SSLOutputStream.write(OpenSSLSocketImpl.java:713)
06-29 17:44:40.988  2318  2870 W System.err: 	at java.io.OutputStreamWriter.flushBytes(OutputStreamWriter.java:167)
06-29 17:44:40.988  2318  2870 W System.err: 	at java.io.OutputStreamWriter.flush(OutputStreamWriter.java:158)
06-29 17:44:40.988  2318  2870 W System.err: 	at java.io.BufferedWriter.flush(BufferedWriter.java:124)
06-29 17:44:40.988  2318  2870 W System.err: 	at org.jivesoftware.smack.PacketWriter.writePackets(PacketWriter.java:302)
06-29 17:44:40.992  2318  2870 W System.err: 	at org.jivesoftware.smack.PacketWriter.access$12(PacketWriter.java:270)
06-29 17:44:40.992  2318  2870 W System.err: 	at org.jivesoftware.smack.PacketWriter$1.run(PacketWriter.java:137)
06-29 17:44:41.117   314  2825 I qtaguid : Failed write_ctrl(u 81) res=-1 errno=22
06-29 17:44:41.121   314  2825 I qtaguid : Untagging socket 81 failed errno=-22
06-29 17:44:41.121   314  2825 W NetworkManagementSocketTagger: untagSocket(81) failed with errno -22
06-29 17:44:41.160   147   204 D ConnectivityService: handleInetConditionChange: no active default network - ignore
06-29 17:44:41.164  2318  2871 W System.err: javax.net.ssl.SSLException: Read error: ssl=0x15dd200: I/O error during system call, Connection timed out
06-29 17:44:41.171  2318  2871 W System.err: 	at org.apache.harmony.xnet.provider.jsse.NativeCrypto.SSL_read(Native Method)
06-29 17:44:41.171  2318  2871 W System.err: 	at org.apache.harmony.xnet.provider.jsse.OpenSSLSocketImpl$SSLInputStream.read(OpenSSLSocketImpl.java:671)
06-29 17:44:41.171  2318  2871 W System.err: 	at java.io.InputStreamReader.read(InputStreamReader.java:244)
06-29 17:44:41.171  2318  2871 W System.err: 	at java.io.BufferedReader.read(BufferedReader.java:310)
06-29 17:44:41.171  2318  2871 W System.err: 	at org.jivesoftware.smack.XMPPConnection$AliveReader.read(XMPPConnection.java:1067)
06-29 17:44:41.171  2318  2871 W System.err: 	at org.kxml2.io.KXmlParser.fillBuffer(KXmlParser.java:1496)
06-29 17:44:41.175  2318  2871 W System.err: 	at org.kxml2.io.KXmlParser.peekType(KXmlParser.java:979)
06-29 17:44:41.175  2318  2871 W System.err: 	at org.kxml2.io.KXmlParser.next(KXmlParser.java:346)
06-29 17:44:41.175  2318  2871 W System.err: 	at org.kxml2.io.KXmlParser.next(KXmlParser.java:310)
06-29 17:44:41.175  2318  2871 W System.err: 	at org.jivesoftware.smack.PacketReader.parsePackets(PacketReader.java:321)
06-29 17:44:41.175  2318  2871 W System.err: 	at org.jivesoftware.smack.PacketReader.access$1(PacketReader.java:216)
06-29 17:44:41.175  2318  2871 W System.err: 	at org.jivesoftware.smack.PacketReader$1.run(PacketReader.java:70)
06-29 17:44:41.453   269   269 I wpa_supplicant: wlan0: Trying to associate with d0:c2:82:67:e7:61 (SSID='UB_Secure' freq=2437 MHz)
06-29 17:44:41.613   269   269 I wpa_supplicant: wlan0: Associated with d0:c2:82:67:e7:61
06-29 17:44:41.629   269   269 I wpa_supplicant: wlan0: CTRL-EVENT-EAP-STARTED EAP authentication started
06-29 17:44:41.632   269   269 I wpa_supplicant: wlan0: CTRL-EVENT-EAP-PROPOSED-METHOD vendor=0 method=4 -> NAK
06-29 17:44:41.636   269   269 I wpa_supplicant: wlan0: CTRL-EVENT-EAP-PROPOSED-METHOD vendor=0 method=25
06-29 17:44:41.636   269   269 I wpa_supplicant: wlan0: CTRL-EVENT-EAP-METHOD EAP vendor 0 method 25 (PEAP) selected
06-29 17:44:41.703   269   269 I wpa_supplicant: wlan0: CTRL-EVENT-EAP-PEER-CERT depth=2 subject='/C=US/O=Entrust.net/OU=www.entrust.net/CPS incorp. by ref. (limits liab.)/OU=(c) 1999 Entrust.net Limited/CN=Entrust.net Secure Server Certification Authority'
06-29 17:44:41.703   269   269 I wpa_supplicant: wlan0: CTRL-EVENT-EAP-PEER-CERT depth=2 subject='/C=US/O=Entrust.net/OU=www.entrust.net/CPS incorp. by ref. (limits liab.)/OU=(c) 1999 Entrust.net Limited/CN=Entrust.net Secure Server Certification Authority'
06-29 17:44:41.707   269   269 I wpa_supplicant: wlan0: CTRL-EVENT-EAP-PEER-CERT depth=1 subject='/C=US/ST=UT/L=Salt Lake City/O=The USERTRUST Network/CN=USERTrust Legacy Secure Server CA'
06-29 17:44:41.711   269   269 I wpa_supplicant: wlan0: CTRL-EVENT-EAP-PEER-CERT depth=0 subject='/C=US/postalCode=14260/ST=New York/L=Buffalo/street=305 Computing Center/O=SUNY AT BUFFALO/OU=Office of the President/OU=Issued through UNIVERSITY AT BUFFALO E-PKI Manager/OU=PremiumSSL Legacy/CN=ubsecure.acsu.buffalo.edu'
06-29 17:44:41.769   314   317 D dalvikvm: GC_CONCURRENT freed 396K, 6% free 10441K/11079K, paused 8ms+8ms
06-29 17:44:41.789  2381  2382 D dalvikvm: GC_CONCURRENT freed 251K, 9% free 10997K/11975K, paused 2ms+18ms
06-29 17:44:41.863   269   269 I wpa_supplicant: EAP-MSCHAPV2: Authentication succeeded
06-29 17:44:41.867   269   269 I wpa_supplicant: EAP-TLV: TLV Result - Success - EAP-TLV/Phase2 Completed
06-29 17:44:41.875   269   269 I wpa_supplicant: wlan0: CTRL-EVENT-EAP-SUCCESS EAP authentication completed successfully
06-29 17:44:41.918   269   269 I wpa_supplicant: wlan0: WPA: Key negotiation completed with d0:c2:82:67:e7:61 [PTK=CCMP GTK=TKIP]
06-29 17:44:41.918   269   269 I wpa_supplicant: wlan0: CTRL-EVENT-CONNECTED - Connection to d0:c2:82:67:e7:61 completed (reauth) [id=0 id_str=]
06-29 17:44:42.437  2381  2382 D dalvikvm: GC_CONCURRENT freed 605K, 9% free 10986K/11975K, paused 1ms+3ms
06-29 17:44:42.527   147   204 D ConnectivityService: ConnectivityChange for WIFI: CONNECTED/CONNECTED
06-29 17:44:42.539  2595  2595 I PhoneLab-WiFiReceiver: Wi-Fi is connected!
06-29 17:44:42.539  2595  2595 I PhoneLab-WiFiReceiver: SSID: UB_Secure BSSID: d0:c2:82:67:e7:61 RSSI: -200 LinkSpeed: -1
06-29 17:44:42.546  2595  2595 I PhoneLab-Locks: wake lock acquired
06-29 17:44:42.562   147   199 W NetworkStats: dropping UID delta from unknown iface: iface=wlan0 uid=0 set=DEFAULT tag=0x0 rxBytes=150 rxPackets=1 txBytes=180 txPackets=3 operations=0
06-29 17:44:42.570  2595  2595 I PhoneLab-UploadLogs: Transfering log files now
06-29 17:44:42.574  2595  2595 I PhoneLab-UploadLogs: No log files to transfer
06-29 17:44:42.574  2595  2595 I PhoneLab-Locks: wake lock released
06-29 17:44:42.574  2595  2595 I PhoneLab-UploadLogs: OnStartCommand
06-29 17:44:43.527   147   204 D ConnectivityService: NetTransition Wakelock for WifiStateMachine released by timeout
06-29 17:44:43.796   147   208 D Tethering: MasterInitialState.processMessage what=3
06-29 17:44:43.855   314   314 I GTalkService/c: [AndroidEndpoint@1094364792] connect: acct=1000000, state=CONNECTING
06-29 17:44:43.859   314   314 I GTalkService/c: [GTalkConnection@1093824256] connect: acct=1, state=CONNECTING
06-29 17:44:43.871   147   208 D Tethering: MasterInitialState.processMessage what=3
06-29 17:44:43.937  2693  2693 I MediaUploader: No need to wake up
06-29 17:44:43.941  2595  2595 I PhoneLab-WiFiReceiver: Wi-Fi is disconnected!
06-29 17:44:43.992  2228  2727 D PicasaSyncManager: active network: NetworkInfo: type: WIFI[], state: CONNECTED/CONNECTED, reason: (unspecified), extra: (none), roaming: false, failover: false, isAvailable: true
06-29 17:44:43.992  2228  2727 D PicasaSyncManager: background data: true
06-29 17:44:44.031  2758  2758 W ContextScopeImpl: thread=1 tried to enter the scope of the application context. Ignored.
06-29 17:44:44.078  2693  2693 I MediaUploader: No need to wake up
06-29 17:44:44.214  2758  2758 W ContextScopeImpl: thread=1 tried to enter the scope of the application context. Ignored.
06-29 17:44:44.242   147   149 D dalvikvm: GC_CONCURRENT freed 1649K, 11% free 15350K/17223K, paused 3ms+18ms
06-29 17:44:44.281  2228  2727 D PicasaSyncManager: active network: NetworkInfo: type: WIFI[], state: CONNECTED/CONNECTED, reason: (unspecified), extra: (none), roaming: false, failover: false, isAvailable: true
06-29 17:44:44.289  2228  2727 D PicasaSyncManager: background data: true
06-29 17:44:44.406  2318  2320 D dalvikvm: GC_CONCURRENT freed 346K, 6% free 10638K/11207K, paused 13ms+3ms
06-29 17:44:44.625   314   927 D dalvikvm: GC_EXPLICIT freed 387K, 7% free 10375K/11079K, paused 9ms+3ms
06-29 17:44:45.429   147   204 D ConnectivityService: handleInetConditionHoldEnd: net=1, condition=100, published condition=0
06-29 17:44:45.562   147   208 D Tethering: MasterInitialState.processMessage what=3
06-29 17:44:45.652   147   159 D dalvikvm: GC_EXPLICIT freed 389K, 13% free 15078K/17223K, paused 3ms+16ms
06-29 17:44:45.695  2693  2693 I MediaUploader: No need to wake up
06-29 17:44:45.773  2758  2758 W ContextScopeImpl: thread=1 tried to enter the scope of the application context. Ignored.
06-29 17:44:45.796  2228  2727 D PicasaSyncManager: active network: NetworkInfo: type: WIFI[], state: CONNECTED/CONNECTED, reason: (unspecified), extra: (none), roaming: false, failover: false, isAvailable: true
06-29 17:44:45.796  2228  2727 D PicasaSyncManager: background data: true
06-29 17:44:45.964   346   350 D dalvikvm: GC_CONCURRENT freed 409K, 7% free 9493K/10119K, paused 7ms+3ms
06-29 17:44:46.082   147   204 D ConnectivityService: handleInetConditionHoldEnd: net=1, condition=100, published condition=100
06-29 17:44:46.281  2318  2320 D dalvikvm: GC_CONCURRENT freed 464K, 6% free 10645K/11271K, paused 2ms+3ms
06-29 17:44:47.316   147   204 D ConnectivityService: ConnectivityChange for mobile: CONNECTED/CONNECTED
06-29 17:44:47.347   147   204 D NetUtils: android_net_utils_resetConnections in env=0x15722b8 clazz=0xff200001 iface=rmnet0 mask=0x3
06-29 17:44:47.347   147   204 D ConnectivityService: ConnectivityChange for mobile: DISCONNECTED/DISCONNECTED
06-29 17:44:47.347   147   204 D ConnectivityService: Attempting to switch to WIFI
06-29 17:44:47.347   147   204 D ConnectivityService: Attempting to switch to WIMAX
06-29 17:44:47.347   147   204 D ConnectivityService: Attempting to switch to BLUETOOTH_TETHER
06-29 17:44:47.347   147   204 D ConnectivityService: resetConnections(rmnet0, 3)
06-29 17:44:48.804  2381  2382 D dalvikvm: GC_CONCURRENT freed 680K, 10% free 10836K/11975K, paused 2ms+3ms
06-29 17:44:49.765   314   317 D dalvikvm: GC_CONCURRENT freed 367K, 7% free 10402K/11079K, paused 2ms+6ms
06-29 17:44:50.382   147   208 D Tethering: MasterInitialState.processMessage what=3
06-29 17:44:50.425   147   208 D Tethering: MasterInitialState.processMessage what=3
06-29 17:44:50.468  2693  2693 I MediaUploader: No need to wake up
06-29 17:44:50.566  2228  2727 D PicasaSyncManager: active network: NetworkInfo: type: WIFI[], state: CONNECTED/CONNECTED, reason: (unspecified), extra: (none), roaming: false, failover: false, isAvailable: true
06-29 17:44:50.570  2228  2727 D PicasaSyncManager: background data: true
06-29 17:44:50.589  2758  2758 W ContextScopeImpl: thread=1 tried to enter the scope of the application context. Ignored.
06-29 17:44:50.652  2693  2693 I MediaUploader: No need to wake up
06-29 17:44:50.742  2758  2758 W ContextScopeImpl: thread=1 tried to enter the scope of the application context. Ignored.
06-29 17:44:50.750  2228  2727 D PicasaSyncManager: active network: NetworkInfo: type: WIFI[], state: CONNECTED/CONNECTED, reason: (unspecified), extra: (none), roaming: false, failover: false, isAvailable: true
06-29 17:44:50.757  2228  2727 D PicasaSyncManager: background data: true
06-29 17:44:50.769  2549  2552 D dalvikvm: GC_CONCURRENT freed 491K, 6% free 10659K/11271K, paused 22ms+4ms
06-29 17:44:50.937   147   204 D ConnectivityService: handleInetConditionHoldEnd: net=1, condition=100, published condition=100
06-29 17:44:52.086  2381  2382 D dalvikvm: GC_CONCURRENT freed 340K, 8% free 11098K/11975K, paused 3ms+4ms
06-29 17:44:52.168  2381  2689 D dalvikvm: GC_FOR_ALLOC freed 477K, 9% free 10952K/11975K, paused 27ms
06-29 17:44:54.296   147   149 D dalvikvm: GC_CONCURRENT freed 1291K, 12% free 15197K/17223K, paused 3ms+9ms
06-29 17:44:57.488  2381  2382 D dalvikvm: GC_CONCURRENT freed 623K, 10% free 10849K/11975K, paused 21ms+4ms
06-29 17:45:00.234   147   297 W ActivityManager: finishReceiver called but no pending broadcasts
06-29 17:45:00.433   224   227 D dalvikvm: GC_CONCURRENT freed 707K, 33% free 9926K/14599K, paused 2ms+2ms
06-29 17:45:00.500   224   227 D dalvikvm: GC_CONCURRENT freed 454K, 33% free 9910K/14599K, paused 5ms+2ms
06-29 17:45:00.582  2381  2382 D dalvikvm: GC_CONCURRENT freed 413K, 8% free 11038K/11975K, paused 43ms+4ms
06-29 17:45:15.617  1359  1361 D dalvikvm: GC_CONCURRENT freed 449K, 7% free 10370K/11143K, paused 2ms+2ms
06-29 17:46:06.011   147   179 I power   : *** set_screen_state 1
06-29 17:46:06.019  2163  2163 W GoogleVoice: PhoneCallListActivity: unknown action, threading as Intent.ACTION_MAIN: null
06-29 17:46:06.050   147   179 I WindowManager: Lock screen displayed!
06-29 17:46:06.203    78   122 D SurfaceFlinger: Screen about to return, flinger = 0x1cc9918
06-29 17:46:06.425  2163  2179 I System.out: [INFO:1500839]: LogSource: Running flush
06-29 17:46:06.425  2163  2182 I System.out: [INFO:1500841]: LogSource: Sending payload [bytes=409]
06-29 17:46:06.515   147   163 I Process : Sending signal. PID: 2163 SIG: 3
06-29 17:46:06.515  2163  2168 I dalvikvm: threadid=3: reacting to signal 3
06-29 17:46:06.586  2163  2168 I dalvikvm: Wrote stack traces to '/data/anr/traces.txt'
06-29 17:46:06.957   448   453 D dalvikvm: GC_CONCURRENT freed 412K, 6% free 9971K/10503K, paused 5ms+14ms
06-29 17:46:07.105  2163  2166 D dalvikvm: GC_CONCURRENT freed 577K, 10% free 10912K/12103K, paused 14ms+14ms
06-29 17:46:07.214  2163  2975 D dalvikvm: GC_EXPLICIT freed 47K, 11% free 10865K/12103K, paused 2ms+17ms
06-29 17:46:07.312   269   269 I wpa_supplicant: wlan0: Associated with 0c:85:25:c7:2c:61
06-29 17:46:07.312   269   269 I wpa_supplicant: wlan0: CTRL-EVENT-EAP-STARTED EAP authentication started
06-29 17:46:07.320   269   269 I wpa_supplicant: wlan0: CTRL-EVENT-EAP-PROPOSED-METHOD vendor=0 method=4 -> NAK
06-29 17:46:07.328   269   269 I wpa_supplicant: wlan0: CTRL-EVENT-EAP-PROPOSED-METHOD vendor=0 method=25
06-29 17:46:07.328   269   269 I wpa_supplicant: wlan0: CTRL-EVENT-EAP-METHOD EAP vendor 0 method 25 (PEAP) selected
06-29 17:46:07.375   269   269 I wpa_supplicant: wlan0: CTRL-EVENT-EAP-PEER-CERT depth=2 subject='/C=US/O=Entrust.net/OU=www.entrust.net/CPS incorp. by ref. (limits liab.)/OU=(c) 1999 Entrust.net Limited/CN=Entrust.net Secure Server Certification Authority'
06-29 17:46:07.375   269   269 I wpa_supplicant: wlan0: CTRL-EVENT-EAP-PEER-CERT depth=2 subject='/C=US/O=Entrust.net/OU=www.entrust.net/CPS incorp. by ref. (limits liab.)/OU=(c) 1999 Entrust.net Limited/CN=Entrust.net Secure Server Certification Authority'
06-29 17:46:07.375   269   269 I wpa_supplicant: wlan0: CTRL-EVENT-EAP-PEER-CERT depth=1 subject='/C=US/ST=UT/L=Salt Lake City/O=The USERTRUST Network/CN=USERTrust Legacy Secure Server CA'
06-29 17:46:07.375   269   269 I wpa_supplicant: wlan0: CTRL-EVENT-EAP-PEER-CERT depth=0 subject='/C=US/postalCode=14260/ST=New York/L=Buffalo/street=305 Computing Center/O=SUNY AT BUFFALO/OU=Office of the President/OU=Issued through UNIVERSITY AT BUFFALO E-PKI Manager/OU=PremiumSSL Legacy/CN=ubsecure.acsu.buffalo.edu'
06-29 17:46:07.543   147   297 D dalvikvm: GC_EXPLICIT freed 614K, 13% free 15141K/17223K, paused 6ms+8ms
06-29 17:46:07.554   269   269 I wpa_supplicant: EAP-MSCHAPV2: Authentication succeeded
06-29 17:46:07.558   269   269 I wpa_supplicant: EAP-TLV: TLV Result - Success - EAP-TLV/Phase2 Completed
06-29 17:46:07.562   269   269 I wpa_supplicant: wlan0: CTRL-EVENT-EAP-SUCCESS EAP authentication completed successfully
06-29 17:46:07.578   269   269 I wpa_supplicant: wlan0: WPA: Key negotiation completed with 0c:85:25:c7:2c:61 [PTK=CCMP GTK=TKIP]
06-29 17:46:07.582   269   269 I wpa_supplicant: wlan0: CTRL-EVENT-CONNECTED - Connection to 0c:85:25:c7:2c:61 completed (reauth) [id=0 id_str=]
06-29 17:46:07.750   448  2737 D dalvikvm: GC_EXPLICIT freed 345K, 7% free 9839K/10503K, paused 4ms+5ms
06-29 17:46:07.968   147   175 I power   : *** set_screen_state 0
06-29 17:46:08.023    78   122 D SurfaceFlinger: About to give-up screen, flinger = 0x1cc9918
06-29 17:46:08.175   147   179 D dalvikvm: GC_FOR_ALLOC freed 164K, 12% free 15215K/17223K, paused 63ms
06-29 17:46:08.175   147   179 I dalvikvm-heap: Grow heap (frag case) to 15.032MB for 104992-byte allocation
06-29 17:46:08.238   147   158 D dalvikvm: GC_FOR_ALLOC freed 8K, 12% free 15309K/17351K, paused 51ms
06-29 17:46:08.343   147   179 D dalvikvm: GC_FOR_ALLOC freed 19K, 12% free 15310K/17351K, paused 59ms
06-29 17:46:08.343   147   179 I dalvikvm-heap: Grow heap (frag case) to 15.125MB for 104992-byte allocation
06-29 17:46:08.406   147   337 D dalvikvm: GC_FOR_ALLOC freed <1K, 12% free 15412K/17479K, paused 48ms
06-29 17:46:08.468   147   179 D dalvikvm: GC_FOR_ALLOC freed 1K, 12% free 15414K/17479K, paused 52ms
06-29 17:46:08.472   147   179 I dalvikvm-heap: Grow heap (frag case) to 15.227MB for 104992-byte allocation
06-29 17:46:08.480  2163  2182 I System.out: [INFO:1502894]: LogSource: Response [http=200,length=254]
06-29 17:46:08.480  2163  2179 I System.out: [INFO:1502895]: LogSource: Read id 15, status code 200
06-29 17:46:08.554   147   337 D dalvikvm: GC_FOR_ALLOC freed 2K, 12% free 15514K/17607K, paused 71ms
06-29 17:46:08.679   147   179 D dalvikvm: GC_FOR_ALLOC freed 12K, 12% free 15516K/17607K, paused 58ms
06-29 17:46:08.679   147   179 I dalvikvm-heap: Grow heap (frag case) to 15.326MB for 104992-byte allocation
06-29 17:46:08.734   147   179 D dalvikvm: GC_FOR_ALLOC freed 1K, 12% free 15617K/17735K, paused 49ms
06-29 17:46:08.738   147   179 V TransportControlView: Create TCV com.android.internal.widget.TransportControlView@41335b30
06-29 17:46:16.714  2381  2382 D dalvikvm: GC_CONCURRENT freed 1166K, 12% free 10609K/11975K, paused 8ms+4ms
06-29 17:46:16.832   314   317 D dalvikvm: GC_CONCURRENT freed 320K, 6% free 10467K/11079K, paused 2ms+8ms
06-29 17:46:44.539   346   346 D SAN_SERVICE: *******************************************
06-29 17:46:44.539   346   346 D SAN_SERVICE: DM App Phone Service State - 0
06-29 17:46:44.539   346   346 D SAN_SERVICE: *******************************************
06-29 17:46:44.773   346   346 D SAN_SERVICE: *******************************************
06-29 17:46:44.773   346   346 D SAN_SERVICE: DM App Phone Service State - 0
06-29 17:46:44.773   346   346 D SAN_SERVICE: *******************************************
06-29 17:46:45.328   346   346 D SAN_SERVICE: *******************************************
06-29 17:46:45.328   346   346 D SAN_SERVICE: DM App Phone Service State - 0
06-29 17:46:45.328   346   346 D SAN_SERVICE: *******************************************
06-29 17:46:49.961   224   227 D dalvikvm: GC_CONCURRENT freed 419K, 33% free 9879K/14599K, paused 27ms+4ms
06-29 17:47:02.004   147   179 I power   : *** set_screen_state 1
06-29 17:47:02.027  2163  2163 W GoogleVoice: PhoneCallListActivity: unknown action, threading as Intent.ACTION_MAIN: null
06-29 17:47:02.086   147   179 I WindowManager: Lock screen displayed!
06-29 17:47:02.172  2510  2513 D dalvikvm: GC_CONCURRENT freed 380K, 7% free 9895K/10567K, paused 3ms+3ms
06-29 17:47:02.250    78   122 D SurfaceFlinger: Screen about to return, flinger = 0x1cc9918
06-29 17:47:02.363  2163  2179 I System.out: [INFO:1556778]: LogSource: Running flush
06-29 17:47:02.367  2163  2180 I System.out: [INFO:1556779]: LogSource: Sending payload [bytes=409]
06-29 17:47:03.382   147   175 I power   : *** set_screen_state 0
06-29 17:47:03.437    78   122 D SurfaceFlinger: About to give-up screen, flinger = 0x1cc9918
06-29 17:47:03.492   147   176 D dalvikvm: GC_FOR_ALLOC freed 900K, 15% free 15100K/17735K, paused 66ms
06-29 17:47:03.617   147   179 D dalvikvm: GC_FOR_ALLOC freed 97K, 12% free 15718K/17735K, paused 53ms
06-29 17:47:03.617   147   179 I dalvikvm-heap: Grow heap (frag case) to 15.524MB for 104992-byte allocation
06-29 17:47:03.679   147   163 D dalvikvm: GC_FOR_ALLOC freed 4K, 12% free 15816K/17863K, paused 50ms
06-29 17:47:03.683   147   179 V TransportControlView: Create TCV com.android.internal.widget.TransportControlView@41338e50
06-29 17:47:05.011  2163  2180 I System.out: [INFO:1559425]: LogSource: Response [http=200,length=254]
06-29 17:47:05.011  2163  2179 I System.out: [INFO:1559426]: LogSource: Read id 16, status code 200
06-29 17:47:14.480  2595  2608 I PhoneLab-: Service Running
06-29 17:47:14.554  2595  2608 I PhoneLab-LoggerService: app_37    1399  1     1440   1064  c00f181c 400107b4 S logcat
06-29 17:47:14.554  2595  2608 I PhoneLab-LoggerService: Logcat pid from database 1399
06-29 17:47:14.554  2595  2608 I PhoneLab-LoggerService: Logcat process found 1399
06-29 17:47:14.554  2595  2608 I PhoneLab-LoggerService: Checking Threshold
06-29 17:47:16.824  2381  2382 D dalvikvm: GC_CONCURRENT freed 583K, 13% free 10426K/11975K, paused 5ms+9ms
06-29 17:47:16.840  1359  1361 D dalvikvm: GC_CONCURRENT freed 581K, 8% free 10301K/11143K, paused 2ms+9ms
06-29 17:47:28.011   269   269 I wpa_supplicant: wlan0: CTRL-EVENT-DISCONNECTED bssid=0c:85:25:c7:2c:61 reason=0
06-29 17:47:28.011    75   117 D CommandListener: Clearing all IP addresses on wlan0
06-29 17:47:28.031   147   204 D ConnectivityService: ConnectivityChange for WIFI: DISCONNECTED/DISCONNECTED
06-29 17:47:28.031   147   204 D ConnectivityService: Attempting to switch to mobile
06-29 17:47:28.035   147   204 D ConnectivityService: Attempting to switch to WIMAX
06-29 17:47:28.035   147   204 D ConnectivityService: Attempting to switch to BLUETOOTH_TETHER
06-29 17:47:28.050   147   204 E ConnectivityService: Exception trying to remove a route: java.lang.IllegalStateException: Unable to communicate with native dameon to add routes - com.android.server.NativeDaemonConnectorException: Cmd {interface route remove wlan0 default 67.20.211.254 32 0.0.0.0} failed with code 400 : {Failed to remove route from default table (No such process)}
06-29 17:47:28.054   147   204 D NetUtils: android_net_utils_resetConnections in env=0x15722b8 clazz=0x12500001 iface=wlan0 mask=0x3
06-29 17:47:28.054   147   204 E ConnectivityService: Exception trying to remove a route: java.lang.IllegalStateException: Unable to communicate with native dameon to add routes - com.android.server.NativeDaemonConnectorException: Cmd {interface route remove wlan0 default 0.0.0.0 0 67.20.211.254} failed with code 400 : {Failed to remove route from default table (No such process)}
06-29 17:47:28.054   147   204 D ConnectivityService: resetConnections(wlan0, 3)
06-29 17:47:28.101   147   204 D ConnectivityService: ConnectivityChange for WIMAX: DISCONNECTED/SCANNING
06-29 17:47:28.105   147   204 D ConnectivityService: Attempting to switch to mobile
06-29 17:47:28.109   147   204 D ConnectivityService: Attempting to switch to WIFI
06-29 17:47:28.109   147   204 D ConnectivityService: Attempting to switch to BLUETOOTH_TETHER
06-29 17:47:28.164  2318  2943 W System.err: javax.net.ssl.SSLException: Write error: ssl=0x1620e10: I/O error during system call, Broken pipe
06-29 17:47:28.179   314  2952 W Smack/Packet: notify conn break (IOEx), close connection
06-29 17:47:28.199  2318  2943 W System.err: 	at org.apache.harmony.xnet.provider.jsse.NativeCrypto.SSL_write(Native Method)
06-29 17:47:28.203  2318  2943 W System.err: 	at org.apache.harmony.xnet.provider.jsse.OpenSSLSocketImpl$SSLOutputStream.write(OpenSSLSocketImpl.java:713)
06-29 17:47:28.203  2318  2943 W System.err: 	at java.io.OutputStreamWriter.flushBytes(OutputStreamWriter.java:167)
06-29 17:47:28.203  2318  2943 W System.err: 	at java.io.OutputStreamWriter.flush(OutputStreamWriter.java:158)
06-29 17:47:28.203  2318  2943 W System.err: 	at java.io.BufferedWriter.flush(BufferedWriter.java:124)
06-29 17:47:28.203  2318  2943 W System.err: 	at org.jivesoftware.smack.PacketWriter.writePackets(PacketWriter.java:302)
06-29 17:47:28.203  2318  2943 W System.err: 	at org.jivesoftware.smack.PacketWriter.access$12(PacketWriter.java:270)
06-29 17:47:28.203  2318  2943 W System.err: 	at org.jivesoftware.smack.PacketWriter$1.run(PacketWriter.java:137)
06-29 17:47:28.308  2318  2944 W System.err: javax.net.ssl.SSLException: Read error: ssl=0x1620e10: I/O error during system call, Connection timed out
06-29 17:47:28.312  2318  2944 W System.err: 	at org.apache.harmony.xnet.provider.jsse.NativeCrypto.SSL_read(Native Method)
06-29 17:47:28.316  2318  2944 W System.err: 	at org.apache.harmony.xnet.provider.jsse.OpenSSLSocketImpl$SSLInputStream.read(OpenSSLSocketImpl.java:671)
06-29 17:47:28.316  2318  2944 W System.err: 	at java.io.InputStreamReader.read(InputStreamReader.java:244)
06-29 17:47:28.320  2318  2944 W System.err: 	at java.io.BufferedReader.read(BufferedReader.java:310)
06-29 17:47:28.320  2318  2944 W System.err: 	at org.jivesoftware.smack.XMPPConnection$AliveReader.read(XMPPConnection.java:1067)
06-29 17:47:28.320  2318  2944 W System.err: 	at org.kxml2.io.KXmlParser.fillBuffer(KXmlParser.java:1496)
06-29 17:47:28.324  2318  2944 W System.err: 	at org.kxml2.io.KXmlParser.peekType(KXmlParser.java:979)
06-29 17:47:28.324  2318  2944 W System.err: 	at org.kxml2.io.KXmlParser.next(KXmlParser.java:346)
06-29 17:47:28.328  2318  2944 W System.err: 	at org.kxml2.io.KXmlParser.next(KXmlParser.java:310)
06-29 17:47:28.328  2318  2944 W System.err: 	at org.jivesoftware.smack.PacketReader.parsePackets(PacketReader.java:321)
06-29 17:47:28.328  2318  2944 W System.err: 	at org.jivesoftware.smack.PacketReader.access$1(PacketReader.java:216)
06-29 17:47:28.332  2318  2944 W System.err: 	at org.jivesoftware.smack.PacketReader$1.run(PacketReader.java:70)
06-29 17:47:28.371   314  2952 I qtaguid : Failed write_ctrl(u 71) res=-1 errno=22
06-29 17:47:28.371   314  2952 I qtaguid : Untagging socket 71 failed errno=-22
06-29 17:47:28.371   314  2952 W NetworkManagementSocketTagger: untagSocket(71) failed with errno -22
06-29 17:47:28.375   147   204 D ConnectivityService: handleInetConditionChange: no active default network - ignore
06-29 17:47:28.621   269   269 I wpa_supplicant: wlan0: Trying to associate with d0:c2:82:67:f5:91 (SSID='UB_Secure' freq=2412 MHz)
06-29 17:47:28.644   269   269 I wpa_supplicant: wlan0: Associated with d0:c2:82:67:f5:91
06-29 17:47:28.644   269   269 I wpa_supplicant: wlan0: CTRL-EVENT-EAP-STARTED EAP authentication started
06-29 17:47:28.648   269   269 I wpa_supplicant: wlan0: CTRL-EVENT-EAP-PROPOSED-METHOD vendor=0 method=4 -> NAK
06-29 17:47:28.652   269   269 I wpa_supplicant: wlan0: CTRL-EVENT-EAP-PROPOSED-METHOD vendor=0 method=25
06-29 17:47:28.652   269   269 I wpa_supplicant: wlan0: CTRL-EVENT-EAP-METHOD EAP vendor 0 method 25 (PEAP) selected
06-29 17:47:28.699   269   269 I wpa_supplicant: wlan0: CTRL-EVENT-EAP-PEER-CERT depth=2 subject='/C=US/O=Entrust.net/OU=www.entrust.net/CPS incorp. by ref. (limits liab.)/OU=(c) 1999 Entrust.net Limited/CN=Entrust.net Secure Server Certification Authority'
06-29 17:47:28.699   269   269 I wpa_supplicant: wlan0: CTRL-EVENT-EAP-PEER-CERT depth=2 subject='/C=US/O=Entrust.net/OU=www.entrust.net/CPS incorp. by ref. (limits liab.)/OU=(c) 1999 Entrust.net Limited/CN=Entrust.net Secure Server Certification Authority'
06-29 17:47:28.699   269   269 I wpa_supplicant: wlan0: CTRL-EVENT-EAP-PEER-CERT depth=1 subject='/C=US/ST=UT/L=Salt Lake City/O=The USERTRUST Network/CN=USERTrust Legacy Secure Server CA'
06-29 17:47:28.699   269   269 I wpa_supplicant: wlan0: CTRL-EVENT-EAP-PEER-CERT depth=0 subject='/C=US/postalCode=14260/ST=New York/L=Buffalo/street=305 Computing Center/O=SUNY AT BUFFALO/OU=Office of the President/OU=Issued through UNIVERSITY AT BUFFALO E-PKI Manager/OU=PremiumSSL Legacy/CN=ubsecure.acsu.buffalo.edu'
06-29 17:47:28.851   269   269 I wpa_supplicant: EAP-MSCHAPV2: Authentication succeeded
06-29 17:47:28.855   269   269 I wpa_supplicant: EAP-TLV: TLV Result - Success - EAP-TLV/Phase2 Completed
06-29 17:47:28.863   269   269 I wpa_supplicant: wlan0: CTRL-EVENT-EAP-SUCCESS EAP authentication completed successfully
06-29 17:47:28.910   269   269 I wpa_supplicant: wlan0: WPA: Key negotiation completed with d0:c2:82:67:f5:91 [PTK=CCMP GTK=TKIP]
06-29 17:47:28.910   269   269 I wpa_supplicant: wlan0: CTRL-EVENT-CONNECTED - Connection to d0:c2:82:67:f5:91 completed (reauth) [id=0 id_str=]
06-29 17:47:29.527   147   204 D ConnectivityService: ConnectivityChange for WIFI: CONNECTED/CONNECTED
06-29 17:47:29.554  2595  2595 I PhoneLab-WiFiReceiver: Wi-Fi is connected!
06-29 17:47:29.554  2595  2595 I PhoneLab-WiFiReceiver: SSID: UB_Secure BSSID: d0:c2:82:67:f5:91 RSSI: -200 LinkSpeed: -1
06-29 17:47:29.554  2595  2595 I PhoneLab-Locks: wake lock acquired
06-29 17:47:29.558  2595  2595 I PhoneLab-UploadLogs: Transfering log files now
06-29 17:47:29.558  2595  2595 I PhoneLab-UploadLogs: No log files to transfer
06-29 17:47:29.558  2595  2595 I PhoneLab-Locks: wake lock released
06-29 17:47:29.562  2595  2595 I PhoneLab-UploadLogs: OnStartCommand
06-29 17:47:29.574   147   199 W NetworkStats: dropping UID delta from unknown iface: iface=wlan0 uid=0 set=DEFAULT tag=0x0 rxBytes=100 rxPackets=2 txBytes=72 txPackets=1 operations=0
06-29 17:47:30.531   147   204 D ConnectivityService: NetTransition Wakelock for WifiStateMachine released by timeout
06-29 17:47:31.117   147   208 D Tethering: MasterInitialState.processMessage what=3
06-29 17:47:31.187   147   208 D Tethering: MasterInitialState.processMessage what=3
06-29 17:47:31.195   314   314 I GTalkService/c: [AndroidEndpoint@1094364792] connect: acct=1000000, state=CONNECTING
06-29 17:47:31.195   314   314 I GTalkService/c: [GTalkConnection@1093824256] connect: acct=1, state=CONNECTING
06-29 17:47:31.234  2693  2693 I MediaUploader: No need to wake up
06-29 17:47:31.238  2595  2595 I PhoneLab-WiFiReceiver: Wi-Fi is disconnected!
06-29 17:47:31.300  2758  2758 W ContextScopeImpl: thread=1 tried to enter the scope of the application context. Ignored.
06-29 17:47:31.328  2693  2693 I MediaUploader: No need to wake up
06-29 17:47:31.351  2228  2727 D PicasaSyncManager: active network: NetworkInfo: type: WIFI[], state: CONNECTED/CONNECTED, reason: (unspecified), extra: (none), roaming: false, failover: false, isAvailable: true
06-29 17:47:31.351  2228  2727 D PicasaSyncManager: background data: true
06-29 17:47:31.386  2758  2758 W ContextScopeImpl: thread=1 tried to enter the scope of the application context. Ignored.
06-29 17:47:31.441  2228  2727 D PicasaSyncManager: active network: NetworkInfo: type: WIFI[], state: CONNECTED/CONNECTED, reason: (unspecified), extra: (none), roaming: false, failover: false, isAvailable: true
06-29 17:47:31.441  2228  2727 D PicasaSyncManager: background data: true
06-29 17:47:31.648   314   317 D dalvikvm: GC_CONCURRENT freed 436K, 6% free 10426K/11079K, paused 7ms+7ms
06-29 17:47:32.304  2318  2320 D dalvikvm: GC_CONCURRENT freed 489K, 6% free 10626K/11271K, paused 2ms+2ms
06-29 17:47:32.511   147   204 D ConnectivityService: handleInetConditionHoldEnd: net=1, condition=100, published condition=0
06-29 17:47:32.589   147   208 D Tethering: MasterInitialState.processMessage what=3
06-29 17:47:32.734  2693  2693 I MediaUploader: No need to wake up
06-29 17:47:32.816  2758  2758 W ContextScopeImpl: thread=1 tried to enter the scope of the application context. Ignored.
06-29 17:47:32.836  2228  2727 D PicasaSyncManager: active network: NetworkInfo: type: WIFI[], state: CONNECTED/CONNECTED, reason: (unspecified), extra: (none), roaming: false, failover: false, isAvailable: true
06-29 17:47:32.886   147   149 D dalvikvm: GC_CONCURRENT freed 2092K, 15% free 15308K/17863K, paused 3ms+7ms
06-29 17:47:32.914  2228  2727 D PicasaSyncManager: background data: true
06-29 17:47:32.957  2318  3020 W System.err: javax.net.ssl.SSLProtocolException: Read error: ssl=0x1620e10: Failure in SSL library, usually a protocol error
06-29 17:47:32.961  2318  3020 W System.err: 	at org.apache.harmony.xnet.provider.jsse.NativeCrypto.SSL_read(Native Method)
06-29 17:47:32.964  2318  3020 W System.err: 	at org.apache.harmony.xnet.provider.jsse.OpenSSLSocketImpl$SSLInputStream.read(OpenSSLSocketImpl.java:671)
06-29 17:47:32.968  2318  3020 W System.err: 	at java.io.InputStreamReader.read(InputStreamReader.java:244)
06-29 17:47:32.968  2318  3020 W System.err: 	at java.io.BufferedReader.read(BufferedReader.java:310)
06-29 17:47:32.972  2318  3020 W System.err: 	at org.jivesoftware.smack.XMPPConnection$AliveReader.read(XMPPConnection.java:1067)
06-29 17:47:32.972  2318  3020 W System.err: 	at org.kxml2.io.KXmlParser.fillBuffer(KXmlParser.java:1496)
06-29 17:47:32.976  2318  3020 W System.err: 	at org.kxml2.io.KXmlParser.peekType(KXmlParser.java:979)
06-29 17:47:32.976  2318  3020 W System.err: 	at org.kxml2.io.KXmlParser.next(KXmlParser.java:346)
06-29 17:47:32.976  2318  3020 W System.err: 	at org.kxml2.io.KXmlParser.next(KXmlParser.java:310)
06-29 17:47:32.976  2318  3020 W System.err: 	at org.jivesoftware.smack.PacketReader.parsePackets(PacketReader.java:321)
06-29 17:47:32.976  2318  3020 W System.err: 	at org.jivesoftware.smack.PacketReader.access$1(PacketReader.java:216)
06-29 17:47:32.976  2318  3020 W System.err: 	at org.jivesoftware.smack.PacketReader$1.run(PacketReader.java:70)
06-29 17:47:33.164   147   204 D ConnectivityService: handleInetConditionHoldEnd: net=1, condition=100, published condition=100
06-29 17:47:33.312   147   385 D dalvikvm: GC_EXPLICIT freed 242K, 15% free 15203K/17863K, paused 3ms+6ms
06-29 17:47:41.191   147   204 D ConnectivityService: ConnectivityChange for mobile: CONNECTED/CONNECTED
06-29 17:47:41.218   147   204 D NetUtils: android_net_utils_resetConnections in env=0x15722b8 clazz=0x2e700001 iface=rmnet0 mask=0x3
06-29 17:47:41.218   147   204 D ConnectivityService: ConnectivityChange for mobile: DISCONNECTED/DISCONNECTED
06-29 17:47:41.218   147   204 D ConnectivityService: Attempting to switch to WIFI
06-29 17:47:41.218   147   204 D ConnectivityService: Attempting to switch to WIMAX
06-29 17:47:41.218   147   204 D ConnectivityService: Attempting to switch to BLUETOOTH_TETHER
06-29 17:47:41.218   147   204 D ConnectivityService: resetConnections(rmnet0, 3)
06-29 17:47:41.316   346   350 D dalvikvm: GC_CONCURRENT freed 391K, 7% free 9502K/10119K, paused 2ms+6ms
06-29 17:47:46.894   147   208 D Tethering: MasterInitialState.processMessage what=3
06-29 17:47:46.929   147   208 D Tethering: MasterInitialState.processMessage what=3
06-29 17:47:46.988  2693  2693 I MediaUploader: No need to wake up
06-29 17:47:47.050  2228  2727 D PicasaSyncManager: active network: NetworkInfo: type: WIFI[], state: CONNECTED/CONNECTED, reason: (unspecified), extra: (none), roaming: false, failover: false, isAvailable: true
06-29 17:47:47.050  2228  2727 D PicasaSyncManager: background data: true
06-29 17:47:47.062  2758  2758 W ContextScopeImpl: thread=1 tried to enter the scope of the application context. Ignored.
06-29 17:47:47.097  2693  2693 I MediaUploader: No need to wake up
06-29 17:47:47.144  2228  2727 D PicasaSyncManager: active network: NetworkInfo: type: WIFI[], state: CONNECTED/CONNECTED, reason: (unspecified), extra: (none), roaming: false, failover: false, isAvailable: true
06-29 17:47:47.168  2758  2758 W ContextScopeImpl: thread=1 tried to enter the scope of the application context. Ignored.
06-29 17:47:47.175  2228  2727 D PicasaSyncManager: background data: true
06-29 17:47:49.004   147   204 D ConnectivityService: handleInetConditionHoldEnd: net=1, condition=100, published condition=100
06-29 17:47:49.019   314   317 D dalvikvm: GC_CONCURRENT freed 432K, 6% free 10417K/11079K, paused 2ms+4ms
06-29 17:48:08.000  2595  2608 I PhoneLab-: Service Running
06-29 17:48:08.070  2595  2608 I PhoneLab-LoggerService: app_37    1399  1     1440   1064  c00f181c 400107b4 S logcat
06-29 17:48:08.070  2595  2608 I PhoneLab-LoggerService: Logcat pid from database 1399
06-29 17:48:08.070  2595  2608 I PhoneLab-LoggerService: Logcat process found 1399
06-29 17:48:08.070  2595  2608 I PhoneLab-LoggerService: Checking Threshold
06-29 17:48:17.187  1359  1361 D dalvikvm: GC_CONCURRENT freed 516K, 8% free 10296K/11143K, paused 2ms+2ms
06-29 17:48:23.214  2318  2320 D dalvikvm: GC_CONCURRENT freed 414K, 6% free 10619K/11271K, paused 10ms+3ms
06-29 17:48:35.144  2318  3042 W System.err: java.lang.InterruptedException
06-29 17:48:35.164  2318  3042 W System.err: 	at java.util.concurrent.locks.AbstractQueuedSynchronizer.acquireInterruptibly(AbstractQueuedSynchronizer.java:1198)
06-29 17:48:35.168  2318  3042 W System.err: 	at java.util.concurrent.locks.ReentrantLock.lockInterruptibly(ReentrantLock.java:311)
06-29 17:48:35.168  2318  3042 W System.err: 	at java.util.concurrent.LinkedBlockingQueue.put(LinkedBlockingQueue.java:309)
06-29 17:48:35.172  2318  3042 W System.err: 	at org.jivesoftware.smack.PacketWriter.sendPacket(PacketWriter.java:156)
06-29 17:48:35.172  2318  3042 W System.err: 	at org.jivesoftware.smack.XMPPConnection.shutdown(XMPPConnection.java:410)
06-29 17:48:35.172  2318  3042 W System.err: 	at org.jivesoftware.smack.XMPPConnection.disconnect(XMPPConnection.java:465)
06-29 17:48:35.175  2318  3042 W System.err: 	at org.jivesoftware.smack.Connection.disconnect(Connection.java:476)
06-29 17:48:35.175  2318  3042 W System.err: 	at com.xabber.android.data.connection.ConnectionThread.authorization(ConnectionThread.java:243)
06-29 17:48:35.179  2318  3042 W System.err: 	at com.xabber.android.data.connection.ConnectionThread.access$5(ConnectionThread.java:207)
06-29 17:48:35.179  2318  3042 W System.err: 	at com.xabber.android.data.connection.ConnectionThread$7.run(ConnectionThread.java:197)
06-29 17:48:35.183  2318  3042 W System.err: 	at com.xabber.android.data.connection.ConnectionThread$13.run(ConnectionThread.java:362)
06-29 17:48:35.183  2318  3042 W System.err: 	at java.util.concurrent.Executors$RunnableAdapter.call(Executors.java:442)
06-29 17:48:35.187  2318  3042 W System.err: 	at java.util.concurrent.FutureTask$Sync.innerRun(FutureTask.java:305)
06-29 17:48:35.187  2318  3042 W System.err: 	at java.util.concurrent.FutureTask.run(FutureTask.java:137)
06-29 17:48:35.191  2318  3042 W System.err: 	at java.util.concurrent.ThreadPoolExecutor.runWorker(ThreadPoolExecutor.java:1076)
06-29 17:48:35.195  2318  3042 W System.err: 	at java.util.concurrent.ThreadPoolExecutor$Worker.run(ThreadPoolExecutor.java:569)
06-29 17:48:35.199  2318  3042 W System.err: 	at java.lang.Thread.run(Thread.java:856)
06-29 17:48:41.824   269   269 I wpa_supplicant: wlan0: CTRL-EVENT-DISCONNECTED bssid=d0:c2:82:67:f5:91 reason=0
06-29 17:48:41.840    75   117 D CommandListener: Clearing all IP addresses on wlan0
06-29 17:48:41.918   147   204 D ConnectivityService: ConnectivityChange for WIFI: DISCONNECTED/DISCONNECTED
06-29 17:48:41.922   147   204 D ConnectivityService: Attempting to switch to mobile
06-29 17:48:41.925   147   204 D ConnectivityService: Attempting to switch to WIMAX
06-29 17:48:41.925   147   204 D ConnectivityService: Attempting to switch to BLUETOOTH_TETHER
06-29 17:48:41.968   147   204 D NetUtils: android_net_utils_resetConnections in env=0x15722b8 clazz=0x3fc00001 iface=wlan0 mask=0x3
06-29 17:48:41.968   147   204 E ConnectivityService: Exception trying to remove a route: java.lang.IllegalStateException: Unable to communicate with native dameon to add routes - com.android.server.NativeDaemonConnectorException: Cmd {interface route remove wlan0 default 67.20.211.254 32 0.0.0.0} failed with code 400 : {Failed to remove route from default table (No such process)}
06-29 17:48:41.968   147   204 E ConnectivityService: Exception trying to remove a route: java.lang.IllegalStateException: Unable to communicate with native dameon to add routes - com.android.server.NativeDaemonConnectorException: Cmd {interface route remove wlan0 default 0.0.0.0 0 67.20.211.254} failed with code 400 : {Failed to remove route from default table (No such process)}
