07-02 07:26:01.260   145   157 W ActivityManager: Scheduling restart of crashed service com.google.android.apps.maps/com.google.android.location.internal.server.NetworkLocationService in 5000ms
07-02 07:26:01.428  6057  6059 D dalvikvm: GC_CONCURRENT freed 154K, 3% free 9381K/9607K, paused 65ms+2ms
07-02 07:26:01.557  6057  6072 D GetStringObjTask: retrieving from url = http://www.chess.com/api/get_move_status?id=y3ICtufzg6w7rQqcD3KFujVaIanpYba4bIpaeKElV1LNz3Sz4Fk9Yh5CeWaj8h4bQ2RY0CxFVgA%2ByBE5DE%2B1cAuw4i%2Bp2GVj5RbuDPEUotReGbS25iAukuBsuUd%2Fl5dp
07-02 07:26:02.033  6057  6072 D GetStringObjTask: WebRequest SERVER RESPONSE: Success+0
07-02 07:26:06.307   145   162 I ActivityManager: Start proc com.google.android.apps.maps:NetworkLocationService for service com.google.android.apps.maps/com.google.android.location.internal.server.NetworkLocationService: pid=6074 uid=10056 gids={3003, 1015}
07-02 07:26:06.475  6074  6077 D dalvikvm: GC_CONCURRENT freed 158K, 3% free 9377K/9607K, paused 2ms+2ms
07-02 07:26:07.053  6074  6077 D dalvikvm: GC_CONCURRENT freed 153K, 3% free 9677K/9927K, paused 2ms+3ms
07-02 07:26:07.389   345   345 D SAN_SERVICE: *******************************************
07-02 07:26:07.389   345   345 D SAN_SERVICE: DM App Phone Service State - 0
07-02 07:26:07.389   345   345 D SAN_SERVICE: *******************************************
07-02 07:26:07.525  6074  6077 D dalvikvm: GC_CONCURRENT freed 178K, 3% free 10062K/10311K, paused 2ms+3ms
07-02 07:26:07.725  6074  6077 D dalvikvm: GC_CONCURRENT freed 662K, 8% free 9887K/10631K, paused 2ms+2ms
07-02 07:26:07.850   145   162 I ActivityManager: Start proc com.google.android.apps.maps:FriendService for broadcast com.google.android.apps.maps/com.google.googlenav.friend.android.ServiceReceiver: pid=6095 uid=10056 gids={3003, 1015}
07-02 07:26:08.010  6095  6098 D dalvikvm: GC_CONCURRENT freed 161K, 3% free 9375K/9607K, paused 2ms+3ms
07-02 07:26:08.088   145   310 I ActivityManager: Process com.spotify.mobile.android.service (pid 5973) has died.
07-02 07:26:08.088   145   310 W ActivityManager: Scheduling restart of crashed service com.spotify.mobile.android.ui/com.spotify.mobile.android.service.SpotifyService in 5000ms
07-02 07:26:08.174  6095  6098 D dalvikvm: GC_CONCURRENT freed 189K, 3% free 9694K/9991K, paused 3ms+2ms
07-02 07:26:08.353  5637  5640 D dalvikvm: GC_CONCURRENT freed 405K, 7% free 9936K/10631K, paused 3ms+10ms
07-02 07:26:08.400  6074  6081 I dalvikvm: Total arena pages for JIT: 11
07-02 07:26:08.400  6074  6081 I dalvikvm: Total arena pages for JIT: 12
07-02 07:26:08.404  6074  6081 I dalvikvm: Total arena pages for JIT: 13
07-02 07:26:08.404  6074  6081 I dalvikvm: Total arena pages for JIT: 14
07-02 07:26:08.404  6074  6081 I dalvikvm: Total arena pages for JIT: 15
07-02 07:26:08.408  6074  6081 I dalvikvm: Total arena pages for JIT: 16
07-02 07:26:08.408  6074  6081 I dalvikvm: Total arena pages for JIT: 17
07-02 07:26:08.494  6074  6081 I dalvikvm: Total arena pages for JIT: 18
07-02 07:26:08.607  6074  6077 D dalvikvm: GC_CONCURRENT freed 200K, 5% free 10164K/10631K, paused 2ms+3ms
07-02 07:26:09.049  6074  6077 D dalvikvm: GC_CONCURRENT freed 417K, 6% free 10204K/10759K, paused 2ms+3ms
07-02 07:26:13.197   145   162 I ActivityManager: Start proc com.spotify.mobile.android.service for service com.spotify.mobile.android.ui/com.spotify.mobile.android.service.SpotifyService: pid=6110 uid=10055 gids={3003, 1015}
07-02 07:26:13.221   145   157 I ActivityManager: Process com.twitter.android (pid 5922) has died.
07-02 07:26:13.373  6110  6110 D dalvikvm: Trying to load lib /data/data/com.spotify.mobile.android.ui/lib/liborbit-jni-spotify.so 0x4133ea90
07-02 07:26:13.436  6110  6110 D dalvikvm: Added shared lib /data/data/com.spotify.mobile.android.ui/lib/liborbit-jni-spotify.so 0x4133ea90
07-02 07:26:27.893   345   345 D SAN_SERVICE: *******************************************
07-02 07:26:27.893   345   345 D SAN_SERVICE: DM App Phone Service State - 0
07-02 07:26:27.893   345   345 D SAN_SERVICE: *******************************************
07-02 07:26:28.389   345   345 D SAN_SERVICE: *******************************************
07-02 07:26:28.389   345   345 D SAN_SERVICE: DM App Phone Service State - 0
07-02 07:26:28.393   345   345 D SAN_SERVICE: *******************************************
07-02 07:27:08.787   345   345 D SAN_SERVICE: *******************************************
07-02 07:27:08.787   345   345 D SAN_SERVICE: DM App Phone Service State - 0
07-02 07:27:08.787   345   345 D SAN_SERVICE: *******************************************
07-02 07:27:09.096   345   345 D SAN_SERVICE: *******************************************
07-02 07:27:09.096   345   345 D SAN_SERVICE: DM App Phone Service State - 0
07-02 07:27:09.096   345   345 D SAN_SERVICE: *******************************************
07-02 07:27:09.311   145   200 D DhcpInfoInternal: makeLinkProperties with empty dns2!
07-02 07:27:09.311   145   200 D DhcpInfoInternal: makeLinkProperties with empty dns2!
07-02 07:27:09.361   345   345 D SAN_SERVICE: *******************************************
07-02 07:27:09.365   345   345 D SAN_SERVICE: DM App Phone Service State - 0
07-02 07:27:09.365   345   345 D SAN_SERVICE: *******************************************
07-02 07:27:10.400  6074  6077 D dalvikvm: GC_CONCURRENT freed 522K, 6% free 10225K/10823K, paused 2ms+3ms
07-02 07:27:10.525  5637  5640 D dalvikvm: GC_CONCURRENT freed 415K, 6% free 10008K/10631K, paused 2ms+4ms
07-02 07:27:29.010   145   181 I ActivityManager: START {act=android.intent.action.MAIN cat=[android.intent.category.HOME] flg=0x10200000 cmp=com.android.launcher/com.android.launcher2.Launcher} from pid 145
07-02 07:27:29.439   345   345 D SAN_SERVICE: *******************************************
07-02 07:27:29.439   345   345 D SAN_SERVICE: DM App Phone Service State - 0
07-02 07:27:29.439   345   345 D SAN_SERVICE: *******************************************
07-02 07:27:29.529   345   345 D SAN_SERVICE: *******************************************
07-02 07:27:29.529   345   345 D SAN_SERVICE: DM App Phone Service State - 0
07-02 07:27:29.529   345   345 D SAN_SERVICE: *******************************************
07-02 07:27:29.600   216   218 D dalvikvm: GC_CONCURRENT freed 536K, 30% free 10158K/14343K, paused 2ms+7ms
07-02 07:27:29.697   145   161 I Process : Sending signal. PID: 375 SIG: 3
07-02 07:27:29.697   375   382 I dalvikvm: threadid=3: reacting to signal 3
07-02 07:27:29.783   375   382 I dalvikvm: Wrote stack traces to '/data/anr/traces.txt'
07-02 07:27:29.791   345   345 D SAN_SERVICE: *******************************************
07-02 07:27:29.791   345   345 D SAN_SERVICE: DM App Phone Service State - 0
07-02 07:27:29.791   345   345 D SAN_SERVICE: *******************************************
07-02 07:27:29.908   145 28236 I ActivityManager: Process android.process.acore (pid 6011) has died.
07-02 07:27:30.010 10674 10676 D dalvikvm: GC_CONCURRENT freed 345K, 11% free 10866K/12167K, paused 2ms+3ms
07-02 07:27:30.029   145  1150 W InputManagerService: Starting input on non-focused client com.android.internal.view.IInputMethodClient$Stub$Proxy@41d227c8 (uid=10054 pid=3768)
07-02 07:27:30.103  3768  3768 W IInputConnectionWrapper: showStatusIcon on inactive InputConnection
07-02 07:27:39.303  5756  5769 I PhoneLab-: Service Running
07-02 07:27:39.385  5756  5769 I PhoneLab-LoggerService: app_37    1360  1     1436   1000  c00f181c 400107b4 S logcat
07-02 07:27:39.385  5756  5769 I PhoneLab-LoggerService: Logcat pid from database 1360
07-02 07:27:39.385  5756  5769 I PhoneLab-LoggerService: Logcat process found 1360
07-02 07:27:39.385  5756  5769 I PhoneLab-LoggerService: Checking Threshold
07-02 07:27:39.385  5756  5769 I PhoneLab-LoggerService: Starting to rename files
07-02 07:27:39.385  5756  5769 I PhoneLab-LoggerService: Files found .. 2
07-02 07:27:39.408  5756  5769 I PhoneLab-LoggerService: File 1 log.out.1
07-02 07:27:39.416  5756  5769 I PhoneLab-LoggerService: Renamed successfully
07-02 07:27:39.428  5756  5758 D dalvikvm: GC_CONCURRENT freed 403K, 6% free 9069K/9607K, paused 18ms+2ms
07-02 07:27:46.662   145   175 I ActivityManager: Start proc com.twitter.android for service com.twitter.android/.client.AppService: pid=6155 uid=10064 gids={3003, 1015}
07-02 07:27:46.670  6155  6155 I dalvikvm: Turning on JNI app bug workarounds for target SDK version 11...
07-02 07:27:46.795  6155  6155 I ActivityThread: Pub com.twitter.android.provider.GlobalDatabaseProvider: com.twitter.android.provider.GlobalDatabaseProvider
07-02 07:27:46.807  6155  6155 I ActivityThread: Pub com.twitter.android.provider.TwitterProvider: com.twitter.android.provider.TwitterProvider
07-02 07:27:46.947  6155  6157 D dalvikvm: GC_CONCURRENT freed 184K, 4% free 9293K/9607K, paused 11ms+2ms
07-02 07:27:47.264  6155  6157 D dalvikvm: GC_CONCURRENT freed 224K, 4% free 9508K/9863K, paused 2ms+2ms
07-02 07:27:47.404  6155  6157 D dalvikvm: GC_CONCURRENT freed 296K, 5% free 9634K/10055K, paused 3ms+3ms
07-02 07:27:47.537  6155  6157 D dalvikvm: GC_CONCURRENT freed 295K, 5% free 9762K/10183K, paused 2ms+2ms
07-02 07:27:47.670  6155  6157 D dalvikvm: GC_CONCURRENT freed 298K, 5% free 9885K/10311K, paused 2ms+3ms
07-02 07:27:47.807  6155  6157 D dalvikvm: GC_CONCURRENT freed 297K, 5% free 10015K/10439K, paused 1ms+2ms
07-02 07:27:47.928  6155  6157 D dalvikvm: GC_CONCURRENT freed 304K, 5% free 10143K/10567K, paused 4ms+2ms
07-02 07:27:47.982   145   361 I ActivityManager: Process org.mozilla.firefox_beta (pid 23141) has died.
07-02 07:27:47.982   145   361 I WindowManager: WIN DEATH: Window{41c3fb80 org.mozilla.firefox_beta/org.mozilla.firefox_beta.App paused=false}
07-02 07:27:47.982   145   361 W WindowManager: Force-removing child win Window{41858918 SurfaceView paused=false} from container Window{41c3fb80 org.mozilla.firefox_beta/org.mozilla.firefox_beta.App paused=false}
07-02 07:27:48.103  6155  6157 D dalvikvm: GC_CONCURRENT freed 299K, 4% free 10275K/10695K, paused 2ms+3ms
07-02 07:27:48.264  6155  6157 D dalvikvm: GC_CONCURRENT freed 481K, 6% free 10219K/10823K, paused 1ms+2ms
07-02 07:27:48.396  6155  6157 D dalvikvm: GC_CONCURRENT freed 324K, 5% free 10293K/10823K, paused 1ms+2ms
07-02 07:27:48.541  6155  6157 D dalvikvm: GC_CONCURRENT freed 317K, 5% free 10390K/10823K, paused 2ms+2ms
07-02 07:27:48.678  6155  6157 D dalvikvm: GC_CONCURRENT freed 363K, 5% free 10467K/10951K, paused 2ms+2ms
07-02 07:27:48.803  6155  6157 D dalvikvm: GC_CONCURRENT freed 343K, 5% free 10548K/11015K, paused 1ms+2ms
07-02 07:27:48.928  6155  6157 D dalvikvm: GC_CONCURRENT freed 330K, 5% free 10631K/11079K, paused 2ms+2ms
07-02 07:27:49.057  6155  6157 D dalvikvm: GC_CONCURRENT freed 370K, 5% free 10718K/11207K, paused 2ms+2ms
07-02 07:27:49.186  6155  6157 D dalvikvm: GC_CONCURRENT freed 400K, 5% free 10812K/11335K, paused 2ms+2ms
07-02 07:27:50.088  6155  6157 D dalvikvm: GC_CONCURRENT freed 338K, 5% free 11001K/11463K, paused 2ms+2ms
07-02 07:27:51.787  6155  6157 D dalvikvm: GC_CONCURRENT freed 411K, 5% free 11200K/11719K, paused 2ms+2ms
07-02 07:28:10.584  5637  5640 D dalvikvm: GC_CONCURRENT freed 454K, 7% free 9969K/10631K, paused 2ms+3ms
07-02 07:28:15.420   345   345 D SAN_SERVICE: *******************************************
07-02 07:28:15.420   345   345 D SAN_SERVICE: DM App Phone Service State - 0
07-02 07:28:15.420   345   345 D SAN_SERVICE: *******************************************
07-02 07:28:16.197   345   345 D SAN_SERVICE: *******************************************
07-02 07:28:16.197   345   345 D SAN_SERVICE: DM App Phone Service State - 0
07-02 07:28:16.197   345   345 D SAN_SERVICE: *******************************************
07-02 07:28:30.482   145   175 I ActivityManager: Start proc com.google.android.gm for service com.google.android.gm/.provider.MailIndexerService: pid=6177 uid=10075 gids={3003, 1015}
07-02 07:28:30.502   145   175 I ActivityManager: Start proc com.google.android.apps.plus for service com.google.android.apps.plus/.service.EsService: pid=6190 uid=10060 gids={3003, 3002, 1015, 1006}
07-02 07:28:30.740   345   345 D SAN_SERVICE: *******************************************
07-02 07:28:30.740   345   345 D SAN_SERVICE: DM App Phone Service State - 0
07-02 07:28:30.740   345   345 D SAN_SERVICE: *******************************************
07-02 07:28:30.994  6177  6177 I ActivityThread: Pub gmail-ls: com.google.android.gm.provider.MailProvider
07-02 07:28:31.025  6177  6177 I ActivityThread: Pub com.google.android.gm: com.google.android.gm.provider.PublicContentProvider
07-02 07:28:31.053  6177  6177 I ActivityThread: Pub com.google.android.gmail.SuggestionProvider: com.google.android.gm.SuggestionsProvider
07-02 07:28:31.139  6190  6193 D dalvikvm: GC_CONCURRENT freed 166K, 3% free 9369K/9607K, paused 2ms+5ms
07-02 07:28:31.221   145  9966 D dalvikvm: GC_EXPLICIT freed 1193K, 29% free 16817K/23367K, paused 104ms+20ms
07-02 07:28:31.361  6190  6190 I ActivityThread: Pub com.google.android.apps.plus.content.ApiProvider: com.google.android.apps.plus.content.EsApiProvider
07-02 07:28:31.385  6190  6190 I ActivityThread: Pub com.google.android.apps.plus.content.EsGooglePhotoProvider: com.google.android.picasasync.PicasaContentProvider
07-02 07:28:31.482   345   345 D SAN_SERVICE: *******************************************
07-02 07:28:31.482   345   345 D SAN_SERVICE: DM App Phone Service State - 0
07-02 07:28:31.482   345   345 D SAN_SERVICE: *******************************************
07-02 07:28:31.537  6190  6193 D dalvikvm: GC_CONCURRENT freed 336K, 5% free 9581K/9991K, paused 2ms+2ms
07-02 07:28:31.561  6190  6190 I ActivityThread: Pub com.google.android.apps.plus.content.EsPicasaStoreProvider: com.google.android.picasastore.PicasaPhotoContentProvider
07-02 07:28:31.568  6190  6190 I ActivityThread: Pub com.google.plus.platform: com.google.android.apps.plus.content.AdsProvider
07-02 07:28:31.568  6190  6190 I ActivityThread: Pub com.google.android.apps.plus.iu.EsGoogleIuProvider: com.google.android.apps.plus.iu.InstantUploadProvider
07-02 07:28:31.635  6190  6193 D dalvikvm: GC_CONCURRENT freed 456K, 6% free 9653K/10183K, paused 2ms+2ms
07-02 07:28:31.639  6190  6190 I ActivityThread: Pub com.google.android.apps.plus.content.EsProvider: com.google.android.apps.plus.content.EsProvider
07-02 07:28:31.674   145   348 I ActivityManager: Start proc android.process.media for content provider com.android.providers.media/.MediaProvider: pid=6210 uid=10012 gids={1015, 1023, 1024, 2001, 3003, 3007}
07-02 07:28:31.725  6210  6210 I ActivityThread: Pub downloads: com.android.providers.downloads.DownloadProvider
07-02 07:28:31.768  6210  6210 I ActivityThread: Pub drm: com.android.providers.drm.DrmProvider
07-02 07:28:31.768  6210  6227 I DownloadManager: in removeSpuriousFiles
07-02 07:28:31.775  6210  6210 I ActivityThread: Pub media: com.android.providers.media.MediaProvider
07-02 07:28:31.799  6210  6227 I DownloadManager: in removeSpuriousFiles, preserving file /data/data/com.android.providers.downloads/cache/metadata.json
07-02 07:28:31.799  6210  6227 I DownloadManager: in removeSpuriousFiles, preserving file /data/data/com.android.providers.downloads/cache/en_general.htm
07-02 07:28:31.803  6210  6227 I DownloadManager: in removeSpuriousFiles, preserving file /mnt/sdcard/Download/img-thing.jpeg
07-02 07:28:31.803  6210  6227 I DownloadManager: in removeSpuriousFiles, preserving file /data/data/com.android.providers.downloads/cache/metadata-1.json
07-02 07:28:31.803  6210  6227 I DownloadManager: in removeSpuriousFiles, preserving file /data/data/com.android.providers.downloads/cache/downloadfile.jpeg
07-02 07:28:31.803  6210  6227 I DownloadManager: in removeSpuriousFiles, preserving file /data/data/com.android.providers.downloads/cache/metadata-2.json
07-02 07:28:31.803  6210  6227 I DownloadManager: in removeSpuriousFiles, preserving file /data/data/com.android.providers.downloads/cache/metadata-3.json
07-02 07:28:31.807  6210  6227 I DownloadManager: deleting spurious file /cache/backup
07-02 07:28:31.853  6177  6179 D dalvikvm: GC_CONCURRENT freed 213K, 3% free 9258K/9543K, paused 9ms+2ms
07-02 07:28:31.877  6190  6226 D dalvikvm: GC_FOR_ALLOC freed 212K, 5% free 9818K/10247K, paused 24ms
07-02 07:28:32.068  5940  5942 D dalvikvm: GC_CONCURRENT freed 407K, 5% free 10625K/11143K, paused 3ms+22ms
07-02 07:28:32.205  6190  6193 D dalvikvm: GC_CONCURRENT freed 159K, 3% free 10082K/10375K, paused 2ms+3ms
07-02 07:28:32.299  6210  6212 D dalvikvm: GC_CONCURRENT freed 374K, 5% free 9162K/9607K, paused 1ms+2ms
07-02 07:28:32.361  6190  6208 D PicasaPhotoCP: set fsid first time:-1
07-02 07:28:32.381  6190  6193 D dalvikvm: GC_CONCURRENT freed 177K, 3% free 10346K/10631K, paused 23ms+2ms
07-02 07:28:32.553  6177  6209 I Gmail   : calculateUnknownSyncRationalesAndPurgeInBackground: queueing
07-02 07:28:32.561  6177  6209 I Gmail   : calculateUnknownSyncRationalesAndPurgeInBackground: queueing
07-02 07:28:32.600  6190  6224 D dalvikvm: GC_FOR_ALLOC freed 236K, 4% free 10461K/10887K, paused 21ms
07-02 07:28:32.600  6190  6224 I dalvikvm-heap: Grow heap (frag case) to 10.533MB for 260112-byte allocation
07-02 07:28:32.627  6190  6224 D dalvikvm: GC_FOR_ALLOC freed 126K, 5% free 10589K/11143K, paused 22ms
07-02 07:28:32.674  6177  6179 D dalvikvm: GC_CONCURRENT freed 256K, 4% free 9412K/9799K, paused 1ms+18ms
07-02 07:28:32.674  6190  6224 D dalvikvm: GC_FOR_ALLOC freed 311K, 6% free 10582K/11207K, paused 21ms
07-02 07:28:32.678  6177  6209 I Gmail   : calculateUnknownSyncRationalesAndPurgeInBackground: running
07-02 07:28:32.686  6177  6209 I Gmail   : calculateUnknownSyncRationalesAndPurgeInBackground: running
07-02 07:28:32.709  6190  6224 D dalvikvm: GC_FOR_ALLOC freed 62K, 6% free 10646K/11207K, paused 19ms
07-02 07:28:32.732  6190  6224 D dalvikvm: GC_FOR_ALLOC freed 126K, 4% free 10774K/11207K, paused 20ms
07-02 07:28:32.756  6190  6224 D dalvikvm: GC_FOR_ALLOC freed 307K, 6% free 10765K/11399K, paused 19ms
07-02 07:28:32.779  6190  6224 D dalvikvm: GC_FOR_ALLOC freed 62K, 6% free 10829K/11399K, paused 20ms
07-02 07:28:32.779  6190  6224 I dalvikvm-heap: Grow heap (frag case) to 10.892MB for 260112-byte allocation
07-02 07:28:32.803  6190  6224 D dalvikvm: GC_FOR_ALLOC freed 126K, 6% free 10957K/11655K, paused 20ms
07-02 07:28:32.932  6190  6193 D dalvikvm: GC_CONCURRENT freed 337K, 5% free 11184K/11655K, paused 1ms+3ms
07-02 07:28:33.076  6190  6193 D dalvikvm: GC_CONCURRENT freed 141K, 3% free 11713K/11975K, paused 2ms+2ms
07-02 07:28:33.240  6190  6193 D dalvikvm: GC_CONCURRENT freed 547K, 6% free 12011K/12679K, paused 2ms+2ms
07-02 07:28:33.432  6190  6193 D dalvikvm: GC_CONCURRENT freed 209K, 3% free 12732K/13063K, paused 1ms+2ms
07-02 07:28:33.623  6190  6225 I SqliteDatabaseCpp: sqlite returned: error code = 1, msg = no such column: wipeout_stats, db=/data/data/com.google.android.apps.plus/databases/es0.db
07-02 07:28:33.627  6190  6225 W System.err: android.database.sqlite.SQLiteException: no such column: wipeout_stats: , while compiling: SELECT wipeout_stats  FROM account_status
07-02 07:28:33.631  6190  6225 W System.err: 	at android.database.sqlite.SQLiteCompiledSql.native_compile(Native Method)
07-02 07:28:33.631  6190  6225 W System.err: 	at android.database.sqlite.SQLiteCompiledSql.<init>(SQLiteCompiledSql.java:68)
07-02 07:28:33.631  6190  6225 W System.err: 	at android.database.sqlite.SQLiteProgram.compileSql(SQLiteProgram.java:143)
07-02 07:28:33.631  6190  6225 W System.err: 	at android.database.sqlite.SQLiteProgram.compileAndbindAllArgs(SQLiteProgram.java:361)
07-02 07:28:33.631  6190  6225 W System.err: 	at android.database.sqlite.SQLiteStatement.acquireAndLock(SQLiteStatement.java:260)
07-02 07:28:33.631  6190  6225 W System.err: 	at android.database.sqlite.SQLiteStatement.simpleQueryForLong(SQLiteStatement.java:137)
07-02 07:28:33.635  6190  6225 W System.err: 	at android.database.DatabaseUtils.longForQuery(DatabaseUtils.java:791)
07-02 07:28:33.635  6190  6225 W System.err: 	at android.database.DatabaseUtils.longForQuery(DatabaseUtils.java:779)
07-02 07:28:33.635  6190  6225 W System.err: 	at com.google.android.apps.plus.content.EsAccountsData.isContactsStatsWipeoutNeeded(EsAccountsData.java:641)
07-02 07:28:33.635  6190  6225 W System.err: 	at com.google.android.apps.plus.service.EsService.processIntent(EsService.java:4246)
07-02 07:28:33.635  6190  6225 W System.err: 	at com.google.android.apps.plus.service.ServiceThread$1.run(ServiceThread.java:50)
07-02 07:28:33.635  6190  6225 W System.err: 	at android.os.Handler.handleCallback(Handler.java:605)
07-02 07:28:33.635  6190  6225 W System.err: 	at android.os.Handler.dispatchMessage(Handler.java:92)
07-02 07:28:33.635  6190  6225 W System.err: 	at android.os.Looper.loop(Looper.java:137)
07-02 07:28:33.635  6190  6225 W System.err: 	at com.google.android.apps.plus.service.ServiceThread.run(ServiceThread.java:122)
07-02 07:29:02.975   145   161 V BackupManagerService: Running a backup pass
07-02 07:29:02.998   145   215 V BackupManagerService: Backup requested but nothing pending
07-02 07:29:05.471   145   396 I ActivityManager: Start proc android.process.acore for content provider com.android.providers.contacts/.ContactsProvider2: pid=6239 uid=10000 gids={3003, 1015}
07-02 07:29:05.514  6239  6239 I ActivityThread: Pub call_log: com.android.providers.contacts.CallLogProvider
07-02 07:29:05.561  6239  6239 I ActivityThread: Pub com.android.voicemail: com.android.providers.contacts.VoicemailContentProvider
07-02 07:29:05.564  6239  6239 I ActivityThread: Pub user_dictionary: com.android.providers.userdictionary.UserDictionaryProvider
07-02 07:29:05.580  6239  6239 I ActivityThread: Pub com.android.social: com.android.providers.contacts.SocialProvider
07-02 07:29:05.584  6239  6239 I ActivityThread: Pub applications: com.android.providers.applications.ApplicationsProvider
07-02 07:29:05.709  6239  6239 I ActivityThread: Pub contacts;com.android.contacts: com.android.providers.contacts.ContactsProvider2
07-02 07:29:05.728  6239  6241 D dalvikvm: GC_CONCURRENT freed 359K, 5% free 9177K/9607K, paused 4ms+2ms
07-02 07:29:05.959  6239  6241 D dalvikvm: GC_CONCURRENT freed 239K, 4% free 9367K/9735K, paused 2ms+2ms
07-02 07:29:07.088  6239  6241 D dalvikvm: GC_CONCURRENT freed 226K, 4% free 9566K/9927K, paused 2ms+3ms
07-02 07:29:10.564  6074  6077 D dalvikvm: GC_CONCURRENT freed 506K, 6% free 10230K/10823K, paused 2ms+3ms
07-02 07:29:13.455   345   345 D SAN_SERVICE: *******************************************
07-02 07:29:13.455   345   345 D SAN_SERVICE: DM App Phone Service State - 0
07-02 07:29:13.455   345   345 D SAN_SERVICE: *******************************************
07-02 07:29:13.705   345   345 D SAN_SERVICE: *******************************************
07-02 07:29:13.705   345   345 D SAN_SERVICE: DM App Phone Service State - 0
07-02 07:29:13.705   345   345 D SAN_SERVICE: *******************************************
07-02 07:29:21.986   345   345 D SAN_SERVICE: *******************************************
07-02 07:29:21.986   345   345 D SAN_SERVICE: DM App Phone Service State - 0
07-02 07:29:21.986   345   345 D SAN_SERVICE: *******************************************
07-02 07:29:34.174   145   200 D DhcpInfoInternal: makeLinkProperties with empty dns2!
07-02 07:29:34.178   145   200 D DhcpInfoInternal: makeLinkProperties with empty dns2!
07-02 07:29:39.279  5756  5769 I PhoneLab-: Service Running
07-02 07:29:39.346  5756  5769 I PhoneLab-LoggerService: app_37    1360  1     1436   996   c00f181c 400107b4 S logcat
07-02 07:29:39.350  5756  5769 I PhoneLab-LoggerService: Logcat pid from database 1360
07-02 07:29:39.350  5756  5769 I PhoneLab-LoggerService: Logcat process found 1360
07-02 07:29:39.350  5756  5769 I PhoneLab-LoggerService: Checking Threshold
07-02 07:29:39.350  5756  5769 I PhoneLab-LoggerService: Starting to rename files
07-02 07:29:39.350  5756  5769 I PhoneLab-LoggerService: Files found .. 2
07-02 07:30:02.896  5756  5756 I PhoneLab-Locks: wake lock acquired
07-02 07:30:02.904  5756  6278 I PhoneLab-PeriodicCheckService: User info is synched
07-02 07:30:02.920  5756  6278 I PhoneLab-PeriodicCheckService: Logger Service is running
07-02 07:30:02.924  5756  5756 I PhoneLab-Locks: wake lock acquired
07-02 07:30:02.932  5756  5756 I PhoneLab-StatusMonitor: Status Monitoring is started
07-02 07:30:02.932  5756  6278 I PhoneLab-Locks: wake lock acquired
07-02 07:30:02.939  5756  5756 E PhoneLab-PhoneLabManifest: java.io.FileNotFoundException: /data/data/edu.buffalo.cse.phonelab.phonelabservices/files/manifest.xml: open failed: ENOENT (No such file or directory)
07-02 07:30:02.939  5756  6278 I PhoneLab-PeriodicCheckService: Rescheduling periodic checking...
07-02 07:30:02.943  5756  6278 I PhoneLab-Locks: wake lock released
07-02 07:30:02.982  5756  5756 I PhoneLab-Locks: wake lock released
07-02 07:30:02.986  5756  5756 I PhoneLab-UploadLogs: Transfering log files now
07-02 07:30:03.103  5756  5758 D dalvikvm: GC_CONCURRENT freed 385K, 5% free 9195K/9671K, paused 2ms+2ms
07-02 07:30:03.143  5756  5756 D dalvikvm: GC_FOR_ALLOC freed 119K, 6% free 9200K/9735K, paused 16ms
07-02 07:30:03.143  5756  5756 I dalvikvm-heap: Grow heap (frag case) to 9.171MB for 123476-byte allocation
07-02 07:30:03.158  5756  5756 D dalvikvm: GC_FOR_ALLOC freed 56K, 7% free 9264K/9863K, paused 15ms
07-02 07:30:03.158  5756  5756 I dalvikvm-heap: Grow heap (frag case) to 9.359MB for 254548-byte allocation
07-02 07:30:03.174  5756  5756 D dalvikvm: GC_FOR_ALLOC freed 120K, 8% free 9392K/10119K, paused 12ms
07-02 07:30:03.174  5756  5756 I dalvikvm-heap: Grow heap (frag case) to 9.734MB for 516692-byte allocation
07-02 07:30:03.205  5756  5758 D dalvikvm: GC_CONCURRENT freed 248K, 10% free 9648K/10631K, paused 1ms+2ms
07-02 07:30:03.209  5756  5756 I PhoneLab-UploadLogs: OnStartCommand
07-02 07:30:03.381  5756  6280 D dalvikvm: GC_FOR_ALLOC freed 384K, 10% free 9631K/10631K, paused 60ms
07-02 07:30:03.396  5756  6280 D dalvikvm: GC_FOR_ALLOC freed 301K, 10% free 9631K/10631K, paused 14ms
07-02 07:30:03.412  5756  6280 D dalvikvm: GC_FOR_ALLOC freed 301K, 10% free 9638K/10631K, paused 13ms
07-02 07:30:06.068  5756  5756 I PhoneLab-: 1341228459412.log is deleted
07-02 07:30:06.068  5756  5756 I PhoneLab-: Response: {"data": "done", "err": ""}
07-02 07:30:06.068  5756  5756 I PhoneLab-UploadLogs: No log files to transfer
07-02 07:30:06.068  5756  5756 I PhoneLab-Locks: wake lock released
07-02 07:30:10.713  5637  5640 D dalvikvm: GC_CONCURRENT freed 498K, 7% free 9981K/10631K, paused 8ms+3ms
07-02 07:30:35.377   345   345 D SAN_SERVICE: *******************************************
07-02 07:30:35.377   345   345 D SAN_SERVICE: DM App Phone Service State - 0
07-02 07:30:35.377   345   345 D SAN_SERVICE: *******************************************
07-02 07:30:35.643   345   345 D SAN_SERVICE: *******************************************
07-02 07:30:35.643   345   345 D SAN_SERVICE: DM App Phone Service State - 0
07-02 07:30:35.643   345   345 D SAN_SERVICE: *******************************************
07-02 07:30:49.072   345   345 D SAN_SERVICE: *******************************************
07-02 07:30:49.072   345   345 D SAN_SERVICE: DM App Phone Service State - 0
07-02 07:30:49.072   345   345 D SAN_SERVICE: *******************************************
07-02 07:30:49.811   345   345 D SAN_SERVICE: *******************************************
07-02 07:30:49.811   345   345 D SAN_SERVICE: DM App Phone Service State - 0
07-02 07:30:49.811   345   345 D SAN_SERVICE: *******************************************
07-02 07:31:01.225  6057  6283 D GetStringObjTask: retrieving from url = http://www.chess.com/api/get_move_status?id=y3ICtufzg6w7rQqcD3KFujVaIanpYba4bIpaeKElV1LNz3Sz4Fk9Yh5CeWaj8h4bQ2RY0CxFVgA%2ByBE5DE%2B1cAuw4i%2Bp2GVj5RbuDPEUotReGbS25iAukuBsuUd%2Fl5dp
07-02 07:31:01.568  6057  6283 D GetStringObjTask: WebRequest SERVER RESPONSE: Success+0
07-02 07:31:10.639  6074  6077 D dalvikvm: GC_CONCURRENT freed 506K, 6% free 10235K/10823K, paused 1ms+3ms
07-02 07:31:39.275  5756  5769 I PhoneLab-: Service Running
07-02 07:31:39.385  5756  5769 I PhoneLab-LoggerService: app_37    1360  1     1436   996   c00f181c 400107b4 S logcat
07-02 07:31:39.389  5756  5769 I PhoneLab-LoggerService: Logcat pid from database 1360
07-02 07:31:39.389  5756  5769 I PhoneLab-LoggerService: Logcat process found 1360
07-02 07:31:39.389  5756  5769 I PhoneLab-LoggerService: Checking Threshold
07-02 07:31:46.088  6177  6289 I Gmail   : MainSyncRequestProto: lowestBkwdConvoId: 0, highestHandledServerOp: 3286451, normalSync: true
07-02 07:31:46.166  4471  4473 D dalvikvm: GC_CONCURRENT freed 380K, 5% free 9990K/10503K, paused 3ms+4ms
07-02 07:31:46.381   145 28236 D dalvikvm: GC_EXPLICIT freed 1104K, 29% free 16775K/23367K, paused 7ms+8ms
07-02 07:31:47.115  6177  6179 D dalvikvm: GC_CONCURRENT freed 324K, 5% free 9537K/9991K, paused 6ms+3ms
07-02 07:31:48.006  6177  6179 D dalvikvm: GC_CONCURRENT freed 453K, 6% free 9540K/10119K, paused 2ms+2ms
07-02 07:31:48.353  6177  6289 D dalvikvm: GC_EXPLICIT freed 56K, 6% free 9555K/10119K, paused 24ms+3ms
07-02 07:31:48.361  6177  6289 I Gmail   : MainSyncRequestProto: lowestBkwdConvoId: 0, highestHandledServerOp: 3286688, normalSync: true
07-02 07:31:48.361  6177  6289 I Gmail   : lowestBackward conversation id 0
07-02 07:31:48.381  6177  6289 W Gmail   : Scheduling index for 300000 ms from now
07-02 07:31:48.518  6177  6289 I Gmail   : Sending notification intent: Intent { act=android.intent.action.PROVIDER_CHANGED dat=content://gmail-ls/unread/^i (has extras) }
07-02 07:31:48.627  6177  6293 W Gmail   : Showing notification with unreadCount of 2 and unseenCount of 2
07-02 07:31:48.783   216   218 D dalvikvm: GC_CONCURRENT freed 581K, 31% free 9972K/14343K, paused 21ms+11ms
07-02 07:31:59.068   145   200 D DhcpInfoInternal: makeLinkProperties with empty dns2!
07-02 07:31:59.072   145   200 D DhcpInfoInternal: makeLinkProperties with empty dns2!
07-02 07:32:10.791  5637  5640 D dalvikvm: GC_CONCURRENT freed 486K, 7% free 9970K/10631K, paused 2ms+2ms
07-02 07:32:42.865   145 28236 I ActivityManager: START {act=android.intent.action.VIEW dat=content://gmail-ls/account/lokeshmandvekar@gmail.com/label/^i typ=application/gmail-ls flg=0x10008000 cmp=com.google.android.gm/.ConversationListActivityGmail bnds=[96,119][480,215] (has extras)} from pid -1
07-02 07:32:42.900   145   348 W KeyguardViewMediator: verifyUnlock called when not externally disabled
07-02 07:32:42.975   375   375 D OpenGLRenderer: Flushing caches (mode 1)
07-02 07:32:43.213   375   375 D OpenGLRenderer: Flushing caches (mode 0)
07-02 07:32:43.283  6177  6179 D dalvikvm: GC_CONCURRENT freed 298K, 4% free 9743K/10119K, paused 9ms+2ms
07-02 07:32:43.408   145   161 I Process : Sending signal. PID: 6177 SIG: 3
07-02 07:32:43.408  6177  6182 I dalvikvm: threadid=3: reacting to signal 3
07-02 07:32:43.439  6177  6182 I dalvikvm: Wrote stack traces to '/data/anr/traces.txt'
07-02 07:32:43.568  6177  6177 D libEGL  : loaded /system/lib/egl/libGLES_android.so
07-02 07:32:43.576  6177  6177 D libEGL  : loaded /vendor/lib/egl/libEGL_POWERVR_SGX540_120.so
07-02 07:32:43.607  6177  6177 D libEGL  : loaded /vendor/lib/egl/libGLESv1_CM_POWERVR_SGX540_120.so
07-02 07:32:43.611  6177  6177 D libEGL  : loaded /vendor/lib/egl/libGLESv2_POWERVR_SGX540_120.so
07-02 07:32:43.670  6177  6177 D OpenGLRenderer: Enabling debug mode 0
07-02 07:32:43.830   145   176 I ActivityManager: Displayed com.google.android.gm/.ConversationListActivityGmail: +924ms
07-02 07:32:43.998  6177  6179 D dalvikvm: GC_CONCURRENT freed 171K, 3% free 10085K/10375K, paused 7ms+4ms
07-02 07:32:44.494  6177  6179 D dalvikvm: GC_CONCURRENT freed 349K, 5% free 10182K/10631K, paused 2ms+4ms
07-02 07:32:44.514  6177  6325 I Gmail   : Sending notification intent: Intent { act=android.intent.action.PROVIDER_CHANGED dat=content://gmail-ls/unread/^i (has extras) }
07-02 07:32:47.338  6177  6184 D dalvikvm: null clazz in OP_INSTANCE_OF, single-stepping
07-02 07:32:51.111  6177  6179 D dalvikvm: GC_CONCURRENT freed 369K, 5% free 10317K/10823K, paused 2ms+4ms
07-02 07:32:51.514  6177  6329 I Gmail   : MainSyncRequestProto: lowestBkwdConvoId: 0, highestHandledServerOp: 3286688, normalSync: true
07-02 07:32:51.893  6177  6179 D dalvikvm: GC_CONCURRENT freed 427K, 5% free 10363K/10887K, paused 2ms+4ms
07-02 07:32:54.861  6177  6179 D dalvikvm: GC_CONCURRENT freed 494K, 6% free 10385K/10951K, paused 2ms+4ms
07-02 07:32:54.978  6177  6329 D dalvikvm: GC_EXPLICIT freed 159K, 6% free 10310K/10951K, paused 2ms+3ms
07-02 07:32:54.986  6177  6329 I Gmail   : MainSyncRequestProto: lowestBkwdConvoId: 0, highestHandledServerOp: 3286716, normalSync: true
07-02 07:32:54.986  6177  6329 I Gmail   : lowestBackward conversation id 0
07-02 07:32:54.998  6177  6329 W Gmail   : Scheduling index for 300000 ms from now
07-02 07:32:56.189  6177  6179 D dalvikvm: GC_CONCURRENT freed 329K, 6% free 10397K/10951K, paused 2ms+4ms
07-02 07:32:57.092  6177  6179 D dalvikvm: GC_CONCURRENT freed 484K, 6% free 10337K/10951K, paused 18ms+3ms
07-02 07:32:59.588   145   395 W InputManagerService: Starting input on non-focused client com.android.internal.view.IInputMethodClient$Stub$Proxy@415f6ed0 (uid=10075 pid=6177)
07-02 07:32:59.619  6177  6177 D OpenGLRenderer: Flushing caches (mode 0)
07-02 07:32:59.693  6177  6177 D OpenGLRenderer: Flushing caches (mode 1)
07-02 07:33:10.830  6074  6077 D dalvikvm: GC_CONCURRENT freed 488K, 6% free 10258K/10823K, paused 1ms+2ms
07-02 07:33:10.971  5637  5640 D dalvikvm: GC_CONCURRENT freed 455K, 6% free 9997K/10631K, paused 2ms+7ms
07-02 07:33:21.471  6177  6336 I Gmail   : MainSyncRequestProto: lowestBkwdConvoId: 0, highestHandledServerOp: 3286716, normalSync: true
07-02 07:33:21.475  6177  6336 I Gmail   : lowestBackward conversation id 0
07-02 07:33:21.482  6177  6336 W Gmail   : Scheduling index for 300000 ms from now
07-02 07:33:39.275  5756  5769 I PhoneLab-: Service Running
07-02 07:33:39.420  5756  5758 D dalvikvm: GC_CONCURRENT freed 898K, 14% free 9155K/10631K, paused 6ms+2ms
07-02 07:33:39.436  5756  5769 I PhoneLab-LoggerService: app_37    1360  1     1436   996   c00f181c 400107b4 S logcat
07-02 07:33:39.436  5756  5769 I PhoneLab-LoggerService: Logcat pid from database 1360
07-02 07:33:39.436  5756  5769 I PhoneLab-LoggerService: Logcat process found 1360
07-02 07:33:39.436  5756  5769 I PhoneLab-LoggerService: Checking Threshold
07-02 07:34:23.951   145   200 D DhcpInfoInternal: makeLinkProperties with empty dns2!
07-02 07:34:23.963   145   200 D DhcpInfoInternal: makeLinkProperties with empty dns2!
07-02 07:34:45.920  6177  6359 I Gmail   : MainSyncRequestProto: lowestBkwdConvoId: 0, highestHandledServerOp: 3286716, normalSync: true
07-02 07:34:46.838  6177  6359 D dalvikvm: GC_EXPLICIT freed 281K, 7% free 10266K/10951K, paused 2ms+4ms
07-02 07:34:46.842  6177  6359 I Gmail   : MainSyncRequestProto: lowestBkwdConvoId: 0, highestHandledServerOp: 3286730, normalSync: true
07-02 07:34:46.846  6177  6359 I Gmail   : lowestBackward conversation id 0
07-02 07:34:46.857  6177  6359 W Gmail   : Scheduling index for 300000 ms from now
07-02 07:35:10.936  6074  6077 D dalvikvm: GC_CONCURRENT freed 563K, 6% free 10246K/10887K, paused 2ms+2ms
07-02 07:35:11.096   145   348 D dalvikvm: GC_EXPLICIT freed 1366K, 29% free 16776K/23367K, paused 3ms+10ms
07-02 07:35:11.178  5637  5640 D dalvikvm: GC_CONCURRENT freed 496K, 6% free 10011K/10631K, paused 2ms+3ms
07-02 07:35:39.275  5756  5769 I PhoneLab-: Service Running
07-02 07:35:39.357  5756  5769 I PhoneLab-LoggerService: app_37    1360  1     1436   996   c00f181c 400107b4 S logcat
07-02 07:35:39.357  5756  5769 I PhoneLab-LoggerService: Logcat pid from database 1360
07-02 07:35:39.357  5756  5769 I PhoneLab-LoggerService: Logcat process found 1360
07-02 07:35:39.357  5756  5769 I PhoneLab-LoggerService: Checking Threshold
07-02 07:36:01.154  6057  6364 D GetStringObjTask: retrieving from url = http://www.chess.com/api/get_move_status?id=y3ICtufzg6w7rQqcD3KFujVaIanpYba4bIpaeKElV1LNz3Sz4Fk9Yh5CeWaj8h4bQ2RY0CxFVgA%2ByBE5DE%2B1cAuw4i%2Bp2GVj5RbuDPEUotReGbS25iAukuBsuUd%2Fl5dp
07-02 07:36:01.475  6057  6364 D GetStringObjTask: WebRequest SERVER RESPONSE: Success+0
07-02 07:36:10.963  5637  5637 D dalvikvm: GC_EXPLICIT freed 187K, 7% free 9911K/10631K, paused 8ms+3ms
07-02 07:36:48.830   145   200 D DhcpInfoInternal: makeLinkProperties with empty dns2!
07-02 07:36:48.838   145   200 D DhcpInfoInternal: makeLinkProperties with empty dns2!
07-02 07:36:52.592   345   345 D SAN_SERVICE: *******************************************
07-02 07:36:52.592   345   345 D SAN_SERVICE: DM App Phone Service State - 0
07-02 07:36:52.592   345   345 D SAN_SERVICE: *******************************************
07-02 07:36:52.822   345   345 D SAN_SERVICE: *******************************************
07-02 07:36:52.822   345   345 D SAN_SERVICE: DM App Phone Service State - 0
07-02 07:36:52.822   345   345 D SAN_SERVICE: *******************************************
07-02 07:36:53.037   345   345 D SAN_SERVICE: *******************************************
07-02 07:36:53.037   345   345 D SAN_SERVICE: DM App Phone Service State - 0
07-02 07:36:53.037   345   345 D SAN_SERVICE: *******************************************
07-02 07:37:07.877   375   377 D dalvikvm: GC_CONCURRENT freed 437K, 20% free 11885K/14791K, paused 7ms+3ms
07-02 07:37:07.959   375 26845 D dalvikvm: GC_FOR_ALLOC freed 254K, 19% free 12059K/14791K, paused 20ms
07-02 07:37:08.076   375 26845 D dalvikvm: GC_FOR_ALLOC freed 858K, 21% free 11828K/14791K, paused 30ms
07-02 07:37:08.178   375   377 D dalvikvm: GC_CONCURRENT freed 1K, 14% free 12730K/14791K, paused 2ms+10ms
07-02 07:37:08.416   375 26846 D dalvikvm: GC_FOR_ALLOC freed 1883K, 21% free 11690K/14791K, paused 25ms
07-02 07:37:08.975   375   485 D dalvikvm: GC_FOR_ALLOC freed 757K, 22% free 11668K/14791K, paused 23ms
07-02 07:37:09.033   375   485 D dalvikvm: GC_FOR_ALLOC freed 261K, 19% free 12028K/14791K, paused 26ms
07-02 07:37:09.088   375   485 D dalvikvm: GC_FOR_ALLOC freed 857K, 21% free 11794K/14791K, paused 24ms
07-02 07:37:09.166   375   377 D dalvikvm: GC_CONCURRENT freed 3K, 15% free 12697K/14791K, paused 2ms+10ms
07-02 07:37:09.314   375 26685 D dalvikvm: GC_FOR_ALLOC freed 1376K, 18% free 12241K/14791K, paused 25ms
07-02 07:37:09.834   145   396 I ActivityManager: START {act=android.intent.action.MAIN cat=[android.intent.category.LAUNCHER] flg=0x10200000 cmp=com.facebook.katana/.LoginActivity} from pid 375
07-02 07:37:09.998   375   375 D OpenGLRenderer: Flushing caches (mode 1)
07-02 07:37:10.084  5940  5942 D dalvikvm: GC_CONCURRENT freed 384K, 5% free 10726K/11207K, paused 3ms+4ms
07-02 07:37:10.135   375   375 D OpenGLRenderer: Flushing caches (mode 0)
07-02 07:37:10.193  5940  5940 D dalvikvm: GC_FOR_ALLOC freed 39K, 4% free 10905K/11335K, paused 31ms
07-02 07:37:10.385   145   161 I Process : Sending signal. PID: 5940 SIG: 3
07-02 07:37:10.385  5940  5945 I dalvikvm: threadid=3: reacting to signal 3
07-02 07:37:10.412  5940  5945 I dalvikvm: Wrote stack traces to '/data/anr/traces.txt'
07-02 07:37:10.443  5940  5942 D dalvikvm: GC_CONCURRENT freed 242K, 3% free 11308K/11655K, paused 2ms+4ms
07-02 07:37:10.885   145   161 I Process : Sending signal. PID: 5940 SIG: 3
07-02 07:37:10.885  5940  5945 I dalvikvm: threadid=3: reacting to signal 3
07-02 07:37:10.924  5940  5945 I dalvikvm: Wrote stack traces to '/data/anr/traces.txt'
07-02 07:37:11.104  6074  6077 D dalvikvm: GC_CONCURRENT freed 480K, 6% free 10277K/10887K, paused 24ms+10ms
07-02 07:37:11.279  5637  5640 D dalvikvm: GC_CONCURRENT freed 449K, 7% free 9986K/10631K, paused 3ms+3ms
07-02 07:37:11.404   145   161 I Process : Sending signal. PID: 5940 SIG: 3
07-02 07:37:11.404  5940  5945 I dalvikvm: threadid=3: reacting to signal 3
07-02 07:37:11.529  5940  5945 I dalvikvm: Wrote stack traces to '/data/anr/traces.txt'
07-02 07:37:11.857  5940  5942 D dalvikvm: GC_CONCURRENT freed 523K, 5% free 11503K/12103K, paused 6ms+7ms
07-02 07:37:11.885   145   161 I Process : Sending signal. PID: 5940 SIG: 3
07-02 07:37:11.885  5940  5945 I dalvikvm: threadid=3: reacting to signal 3
07-02 07:37:11.908  5940  5945 I dalvikvm: Wrote stack traces to '/data/anr/traces.txt'
07-02 07:37:12.385   145   161 I Process : Sending signal. PID: 5940 SIG: 3
07-02 07:37:12.385  5940  5945 I dalvikvm: threadid=3: reacting to signal 3
07-02 07:37:12.416  5940  5945 I dalvikvm: Wrote stack traces to '/data/anr/traces.txt'
07-02 07:37:12.447  5940  5942 D dalvikvm: GC_CONCURRENT freed 789K, 8% free 11468K/12359K, paused 2ms+4ms
07-02 07:37:12.537  4471  4498 D androidNetworkLocationListeners: Still have listener com.google.android.location.internal.client.NetworkLocationClient$1@4133a8b8
07-02 07:37:12.549  4471  4498 D androidNetworkLocationListeners: Still have listener com.google.android.location.internal.client.NetworkLocationClient$1@4133a8b8
07-02 07:37:12.791   216   218 D dalvikvm: GC_CONCURRENT freed 626K, 32% free 9757K/14343K, paused 7ms+3ms
07-02 07:37:12.842   216   216 D dalvikvm: GC_FOR_ALLOC freed 376K, 33% free 9730K/14343K, paused 18ms
07-02 07:37:12.865  4471  4473 D dalvikvm: GC_CONCURRENT freed 511K, 7% free 9987K/10631K, paused 16ms+56ms
07-02 07:37:12.889   216   218 D dalvikvm: GC_CONCURRENT freed 317K, 32% free 9872K/14343K, paused 2ms+2ms
07-02 07:37:12.951   216   218 D dalvikvm: GC_CONCURRENT freed 589K, 32% free 9780K/14343K, paused 2ms+3ms
07-02 07:37:12.990   145   161 I Process : Sending signal. PID: 5940 SIG: 3
07-02 07:37:12.990  5940  5945 I dalvikvm: threadid=3: reacting to signal 3
07-02 07:37:13.014  5940  5945 I dalvikvm: Wrote stack traces to '/data/anr/traces.txt'
07-02 07:37:13.236   216   216 V PhoneStatusBar: setLightsOn(true)
07-02 07:37:13.248  5940  5940 D libEGL  : loaded /system/lib/egl/libGLES_android.so
07-02 07:37:13.260  5940  5940 D libEGL  : loaded /vendor/lib/egl/libEGL_POWERVR_SGX540_120.so
07-02 07:37:13.268  5940  5940 D libEGL  : loaded /vendor/lib/egl/libGLESv1_CM_POWERVR_SGX540_120.so
07-02 07:37:13.271  5940  5940 D libEGL  : loaded /vendor/lib/egl/libGLESv2_POWERVR_SGX540_120.so
07-02 07:37:13.326  5940  5940 D OpenGLRenderer: Enabling debug mode 0
07-02 07:37:13.459   145   176 I ActivityManager: Displayed com.facebook.katana/.activity.FbFragmentChromeActivity: +3s579ms
07-02 07:37:13.533   145   348 W InputManagerService: Starting input on non-focused client com.android.internal.view.IInputMethodClient$Stub$Proxy@417524f0 (uid=10026 pid=375)
07-02 07:37:13.643  5940  5942 D dalvikvm: GC_CONCURRENT freed 416K, 5% free 11753K/12359K, paused 6ms+6ms
07-02 07:37:14.084  5940  5942 D dalvikvm: GC_CONCURRENT freed 930K, 9% free 11683K/12743K, paused 3ms+15ms
07-02 07:37:14.127  4471  4483 D dalvikvm: GC_EXPLICIT freed 315K, 7% free 9915K/10631K, paused 17ms+3ms
07-02 07:37:14.623  5940  5942 D dalvikvm: GC_CONCURRENT freed 763K, 8% free 11807K/12743K, paused 3ms+5ms
07-02 07:37:16.389  5940  5942 D dalvikvm: GC_CONCURRENT freed 845K, 8% free 11859K/12807K, paused 2ms+11ms
07-02 07:37:24.619  4471  4498 D androidNetworkLocationListeners: Still have listener com.google.android.location.internal.client.NetworkLocationClient$1@4133a8b8
07-02 07:37:24.674  4471  4498 D androidNetworkLocationListeners: Still have listener com.google.android.location.internal.client.NetworkLocationClient$1@4133a8b8
07-02 07:37:24.697  4471  4498 D androidNetworkLocationListeners: Still have listener com.google.android.location.internal.client.NetworkLocationClient$1@4133a8b8
07-02 07:37:25.721  5637  5640 D dalvikvm: GC_CONCURRENT freed 510K, 7% free 9966K/10631K, paused 2ms+9ms
07-02 07:37:26.807   145  1149 D dalvikvm: GC_EXPLICIT freed 1145K, 29% free 16772K/23367K, paused 8ms+9ms
07-02 07:37:26.920  5637  5640 D dalvikvm: GC_CONCURRENT freed 457K, 7% free 9965K/10631K, paused 2ms+2ms
07-02 07:37:28.432  4471  4498 D androidNetworkLocationListeners: Still have listener com.google.android.location.internal.client.NetworkLocationClient$1@4133a8b8
07-02 07:37:28.701   216   216 D dalvikvm: GC_FOR_ALLOC freed 396K, 33% free 9726K/14343K, paused 30ms
07-02 07:37:28.775   216   218 D dalvikvm: GC_CONCURRENT freed 340K, 32% free 9870K/14343K, paused 2ms+4ms
07-02 07:37:28.885   216   218 D dalvikvm: GC_CONCURRENT freed 568K, 33% free 9729K/14343K, paused 2ms+7ms
07-02 07:37:28.955  5637  5640 D dalvikvm: GC_CONCURRENT freed 515K, 7% free 9961K/10631K, paused 39ms+3ms
07-02 07:37:29.822  4471  4473 D dalvikvm: GC_CONCURRENT freed 487K, 7% free 9926K/10631K, paused 2ms+4ms
07-02 07:37:31.979  6239  6241 D dalvikvm: GC_CONCURRENT freed 476K, 7% free 9509K/10119K, paused 7ms+6ms
07-02 07:37:39.275  5756  5769 I PhoneLab-: Service Running
07-02 07:37:39.369  5756  5769 I PhoneLab-LoggerService: app_37    1360  1     1436   996   c00f181c 400107b4 S logcat
07-02 07:37:39.369  5756  5769 I PhoneLab-LoggerService: Logcat pid from database 1360
07-02 07:37:39.369  5756  5769 I PhoneLab-LoggerService: Logcat process found 1360
07-02 07:37:39.373  5756  5769 I PhoneLab-LoggerService: Checking Threshold
07-02 07:37:50.975  6074  6077 D dalvikvm: GC_CONCURRENT freed 344K, 5% free 10384K/10887K, paused 26ms+19ms
07-02 07:37:55.303  6155  6157 D dalvikvm: GC_CONCURRENT freed 559K, 6% free 11295K/11975K, paused 5ms+3ms
07-02 07:38:07.760  5940  5947 I dalvikvm: Jit: resizing JitTable from 4096 to 8192
07-02 07:38:09.928  6074  6077 D dalvikvm: GC_CONCURRENT freed 484K, 6% free 10407K/11015K, paused 9ms+5ms
07-02 07:38:27.881   145   181 I ActivityManager: START {act=android.intent.action.MAIN cat=[android.intent.category.HOME] flg=0x10200000 cmp=com.android.launcher/com.android.launcher2.Launcher} from pid 145
07-02 07:38:28.053   145   181 I ActivityManager: START {act=android.intent.action.MAIN cat=[android.intent.category.HOME] flg=0x10200000 cmp=com.android.launcher/com.android.launcher2.Launcher} from pid 145
07-02 07:38:28.213  5940  5940 D OpenGLRenderer: Flushing caches (mode 0)
07-02 07:38:28.260   145   329 W InputManagerService: Starting input on non-focused client com.android.internal.view.IInputMethodClient$Stub$Proxy@416e8af8 (uid=10071 pid=5940)
07-02 07:38:28.451   145   181 I ActivityManager: START {act=android.intent.action.MAIN cat=[android.intent.category.HOME] flg=0x10200000 cmp=com.android.launcher/com.android.launcher2.Launcher} from pid 145
07-02 07:38:29.912  5940  5940 D OpenGLRenderer: Flushing caches (mode 1)
07-02 07:38:34.189  5940  5942 D dalvikvm: GC_CONCURRENT freed 802K, 7% free 12060K/12935K, paused 8ms+10ms
07-02 07:39:11.096  5637  5640 D dalvikvm: GC_CONCURRENT freed 479K, 7% free 9962K/10631K, paused 4ms+3ms
07-02 07:39:13.666   145   200 D DhcpInfoInternal: makeLinkProperties with empty dns2!
07-02 07:39:13.670   145   200 D DhcpInfoInternal: makeLinkProperties with empty dns2!
07-02 07:39:22.107  4471  6466 I EventLogService: Aggregate from 1341227361994 (log), 1341227361994 (data)
07-02 07:39:39.275  5756  5769 I PhoneLab-: Service Running
07-02 07:39:39.311  5756  5769 I PhoneLab-LoggerService: app_37    1360  1     1436   996   c00f181c 400107b4 S logcat
07-02 07:39:39.311  5756  5769 I PhoneLab-LoggerService: Logcat pid from database 1360
07-02 07:39:39.311  5756  5769 I PhoneLab-LoggerService: Logcat process found 1360
07-02 07:39:39.311  5756  5769 I PhoneLab-LoggerService: Checking Threshold
07-02 07:40:11.158  6074  6077 D dalvikvm: GC_CONCURRENT freed 505K, 6% free 10414K/11015K, paused 2ms+5ms
07-02 07:40:11.318  5637  5640 D dalvikvm: GC_CONCURRENT freed 462K, 7% free 9987K/10631K, paused 2ms+2ms
07-02 07:40:11.689  5637  5640 D dalvikvm: GC_CONCURRENT freed 253K, 5% free 10123K/10631K, paused 5ms+2ms
07-02 07:40:12.123  5637  5640 D dalvikvm: GC_CONCURRENT freed 326K, 5% free 10322K/10759K, paused 8ms+3ms
07-02 07:40:31.729  5940  5942 D dalvikvm: GC_CONCURRENT freed 885K, 8% free 12107K/13127K, paused 10ms+7ms
07-02 07:41:01.170  6057  6474 D GetStringObjTask: retrieving from url = http://www.chess.com/api/get_move_status?id=y3ICtufzg6w7rQqcD3KFujVaIanpYba4bIpaeKElV1LNz3Sz4Fk9Yh5CeWaj8h4bQ2RY0CxFVgA%2ByBE5DE%2B1cAuw4i%2Bp2GVj5RbuDPEUotReGbS25iAukuBsuUd%2Fl5dp
07-02 07:41:01.436  6057  6059 D dalvikvm: GC_CONCURRENT freed 330K, 5% free 9485K/9927K, paused 8ms+2ms
07-02 07:41:01.721  6057  6474 D GetStringObjTask: WebRequest SERVER RESPONSE: Success+0
07-02 07:41:38.521   145   200 D DhcpInfoInternal: makeLinkProperties with empty dns2!
07-02 07:41:38.521   145   200 D DhcpInfoInternal: makeLinkProperties with empty dns2!
07-02 07:41:39.275  5756  5769 I PhoneLab-: Service Running
07-02 07:41:39.311  5756  5769 I PhoneLab-LoggerService: app_37    1360  1     1436   996   c00f181c 400107b4 S logcat
07-02 07:41:39.311  5756  5769 I PhoneLab-LoggerService: Logcat pid from database 1360
07-02 07:41:39.311  5756  5769 I PhoneLab-LoggerService: Logcat process found 1360
07-02 07:41:39.311  5756  5769 I PhoneLab-LoggerService: Checking Threshold
07-02 07:42:11.131  6074  6077 D dalvikvm: GC_CONCURRENT freed 521K, 6% free 10405K/11015K, paused 2ms+6ms
07-02 07:42:11.271  5637  5640 D dalvikvm: GC_CONCURRENT freed 756K, 8% free 10118K/10951K, paused 2ms+5ms
07-02 07:42:58.912  6155  6157 D dalvikvm: GC_CONCURRENT freed 616K, 7% free 11352K/12103K, paused 2ms+2ms
07-02 07:43:11.189   145  1149 D dalvikvm: GC_EXPLICIT freed 1368K, 29% free 16784K/23367K, paused 3ms+9ms
07-02 07:43:30.553  6190  6508 I SqliteDatabaseCpp: sqlite returned: error code = 1, msg = no such column: wipeout_stats, db=/data/data/com.google.android.apps.plus/databases/es0.db
07-02 07:43:30.553  6190  6508 W System.err: android.database.sqlite.SQLiteException: no such column: wipeout_stats: , while compiling: SELECT wipeout_stats  FROM account_status
07-02 07:43:30.600  6190  6508 W System.err: 	at android.database.sqlite.SQLiteCompiledSql.native_compile(Native Method)
07-02 07:43:30.600  6190  6508 W System.err: 	at android.database.sqlite.SQLiteCompiledSql.<init>(SQLiteCompiledSql.java:68)
07-02 07:43:30.600  6190  6508 W System.err: 	at android.database.sqlite.SQLiteProgram.compileSql(SQLiteProgram.java:143)
07-02 07:43:30.600  6190  6508 W System.err: 	at android.database.sqlite.SQLiteProgram.compileAndbindAllArgs(SQLiteProgram.java:361)
07-02 07:43:30.600  6190  6508 W System.err: 	at android.database.sqlite.SQLiteStatement.acquireAndLock(SQLiteStatement.java:260)
07-02 07:43:30.600  6190  6508 W System.err: 	at android.database.sqlite.SQLiteStatement.simpleQueryForLong(SQLiteStatement.java:137)
07-02 07:43:30.600  6190  6508 W System.err: 	at android.database.DatabaseUtils.longForQuery(DatabaseUtils.java:791)
07-02 07:43:30.600  6190  6508 W System.err: 	at android.database.DatabaseUtils.longForQuery(DatabaseUtils.java:779)
07-02 07:43:30.600  6190  6508 W System.err: 	at com.google.android.apps.plus.content.EsAccountsData.isContactsStatsWipeoutNeeded(EsAccountsData.java:641)
07-02 07:43:30.600  6190  6508 W System.err: 	at com.google.android.apps.plus.service.EsService.processIntent(EsService.java:4246)
07-02 07:43:30.600  6190  6508 W System.err: 	at com.google.android.apps.plus.service.ServiceThread$1.run(ServiceThread.java:50)
07-02 07:43:30.600  6190  6508 W System.err: 	at android.os.Handler.handleCallback(Handler.java:605)
07-02 07:43:30.600  6190  6508 W System.err: 	at android.os.Handler.dispatchMessage(Handler.java:92)
07-02 07:43:30.600  6190  6508 W System.err: 	at android.os.Looper.loop(Looper.java:137)
07-02 07:43:30.600  6190  6508 W System.err: 	at com.google.android.apps.plus.service.ServiceThread.run(ServiceThread.java:122)
07-02 07:43:30.662  6177  6507 W Gmail   : Successful index run, cancel next scheduled index run
07-02 07:43:39.275  5756  5769 I PhoneLab-: Service Running
07-02 07:43:39.311  5756  5769 I PhoneLab-LoggerService: app_37    1360  1     1436   996   c00f181c 400107b4 S logcat
07-02 07:43:39.311  5756  5769 I PhoneLab-LoggerService: Logcat pid from database 1360
07-02 07:43:39.311  5756  5769 I PhoneLab-LoggerService: Logcat process found 1360
07-02 07:43:39.314  5756  5769 I PhoneLab-LoggerService: Checking Threshold
07-02 07:44:03.436   145   200 D DhcpInfoInternal: makeLinkProperties with empty dns2!
07-02 07:44:03.459   145   200 D DhcpInfoInternal: makeLinkProperties with empty dns2!
07-02 07:44:11.154  6074  6077 D dalvikvm: GC_CONCURRENT freed 509K, 6% free 10407K/11015K, paused 1ms+6ms
07-02 07:44:11.275  5637  5640 D dalvikvm: GC_CONCURRENT freed 493K, 8% free 10110K/10951K, paused 2ms+3ms
07-02 07:44:15.928  5940  5942 D dalvikvm: GC_CONCURRENT freed 916K, 8% free 12141K/13191K, paused 2ms+8ms
07-02 07:44:56.467  6190  6193 D dalvikvm: GC_CONCURRENT freed 1122K, 9% free 12770K/14023K, paused 7ms+5ms
07-02 07:44:58.998  6190  6193 D dalvikvm: GC_CONCURRENT freed 1030K, 9% free 12940K/14087K, paused 9ms+3ms
07-02 07:44:59.822  6190  6531 E dalvikvm: Could not find class 'android.app.Notification$InboxStyle', referenced from method com.google.android.apps.plus.service.AndroidNotification.createDigestNotification
07-02 07:44:59.822  6190  6531 W dalvikvm: VFY: unable to resolve new-instance 41 (Landroid/app/Notification$InboxStyle;) in Lcom/google/android/apps/plus/service/AndroidNotification;
07-02 07:44:59.822  6190  6531 D dalvikvm: VFY: replacing opcode 0x22 at 0x0018
07-02 07:44:59.822  6190  6531 I dalvikvm: Could not find method android.app.Notification$Builder.setPriority, referenced from method com.google.android.apps.plus.service.AndroidNotification.createRichNotification
07-02 07:44:59.822  6190  6531 W dalvikvm: VFY: unable to resolve virtual method 162: Landroid/app/Notification$Builder;.setPriority (I)Landroid/app/Notification$Builder;
07-02 07:44:59.822  6190  6531 D dalvikvm: VFY: replacing opcode 0x6e at 0x00d5
07-02 07:44:59.857  6190  6531 D dalvikvm: DexOpt: unable to opt direct call 0x00a8 at 0x1a in Lcom/google/android/apps/plus/service/AndroidNotification;.createDigestNotification
07-02 07:44:59.857  6190  6531 D dalvikvm: DexOpt: unable to opt direct call 0x0091 at 0xf1 in Lcom/google/android/apps/plus/service/AndroidNotification;.createRichNotification
07-02 07:44:59.857  6190  6531 D dalvikvm: DexOpt: unable to opt direct call 0x0095 at 0x397 in Lcom/google/android/apps/plus/service/AndroidNotification;.createRichNotification
07-02 07:45:03.459  6190  6193 D dalvikvm: GC_CONCURRENT freed 1075K, 9% free 13072K/14279K, paused 3ms+7ms
07-02 07:45:03.885  6190  6193 D dalvikvm: GC_CONCURRENT freed 1150K, 9% free 13197K/14471K, paused 3ms+3ms
07-02 07:45:06.025   145   365 I ActivityManager: Process com.whatsapp (pid 4960) has died.
07-02 07:45:06.029   145   365 W ActivityManager: Scheduling restart of crashed service com.whatsapp/.messaging.MessageService in 5000ms
07-02 07:45:06.033  6190  6531 D dalvikvm: GC_FOR_ALLOC freed 654K, 7% free 13601K/14471K, paused 196ms
07-02 07:45:06.979  6190  6193 D dalvikvm: GC_CONCURRENT freed 1098K, 9% free 13971K/15239K, paused 5ms+4ms
07-02 07:45:08.967  6190  6193 D dalvikvm: GC_CONCURRENT freed 1149K, 9% free 14407K/15687K, paused 6ms+9ms
07-02 07:45:11.045   145   162 I ActivityManager: Start proc com.whatsapp for service com.whatsapp/.messaging.MessageService: pid=6536 uid=10068 gids={1015, 3003}
07-02 07:45:11.072    79    79 D dalvikvm: GC_EXPLICIT freed 38K, 4% free 9031K/9347K, paused 2ms+3ms
07-02 07:45:11.104    79    79 D dalvikvm: GC_EXPLICIT freed <1K, 4% free 9031K/9347K, paused 1ms+2ms
07-02 07:45:11.111  6536  6536 I dalvikvm: Turning on JNI app bug workarounds for target SDK version 7...
07-02 07:45:11.139    79    79 D dalvikvm: GC_EXPLICIT freed <1K, 4% free 9031K/9347K, paused 3ms+2ms
07-02 07:45:11.408  6536  6537 D dalvikvm: GC_CONCURRENT freed 168K, 4% free 9318K/9607K, paused 19ms+2ms
07-02 07:45:11.795  5637  5640 D dalvikvm: GC_CONCURRENT freed 459K, 8% free 10157K/10951K, paused 22ms+186ms
07-02 07:45:11.990  6536  6537 D dalvikvm: GC_CONCURRENT freed 295K, 4% free 9558K/9927K, paused 5ms+2ms
07-02 07:45:12.311  6536  6536 I dalvikvm: Could not find method android.media.MediaMetadataRetriever.captureFrame, referenced from method com.whatsapp.q3.a
07-02 07:45:12.311  6536  6536 W dalvikvm: VFY: unable to resolve virtual method 501: Landroid/media/MediaMetadataRetriever;.captureFrame ()Landroid/graphics/Bitmap;
07-02 07:45:12.311  6536  6536 D dalvikvm: VFY: replacing opcode 0x6e at 0x0134
07-02 07:45:12.490  6536  6537 D dalvikvm: GC_CONCURRENT freed 248K, 4% free 9783K/10119K, paused 4ms+3ms
07-02 07:45:12.666  6536  6537 D dalvikvm: GC_CONCURRENT freed 337K, 5% free 9954K/10375K, paused 2ms+3ms
07-02 07:45:13.549  6536  6537 D dalvikvm: GC_CONCURRENT freed 282K, 4% free 10137K/10503K, paused 2ms+4ms
07-02 07:45:16.111  6190  6193 D dalvikvm: GC_CONCURRENT freed 2374K, 16% free 13769K/16263K, paused 8ms+3ms
07-02 07:45:17.799  6190  6531 I SqliteDatabaseCpp: sqlite returned: error code = 1, msg = no such column: last_stats_sync_time, db=/data/data/com.google.android.apps.plus/databases/es0.db
07-02 07:45:17.826  6190  6531 E EsSyncAdapterService: Sync failure
07-02 07:45:17.826  6190  6531 E EsSyncAdapterService: android.database.sqlite.SQLiteException: no such column: last_stats_sync_time: , while compiling: SELECT last_stats_sync_time  FROM account_status
07-02 07:45:17.826  6190  6531 E EsSyncAdapterService: 	at android.database.sqlite.SQLiteCompiledSql.native_compile(Native Method)
07-02 07:45:17.826  6190  6531 E EsSyncAdapterService: 	at android.database.sqlite.SQLiteCompiledSql.<init>(SQLiteCompiledSql.java:68)
07-02 07:45:17.826  6190  6531 E EsSyncAdapterService: 	at android.database.sqlite.SQLiteProgram.compileSql(SQLiteProgram.java:143)
07-02 07:45:17.826  6190  6531 E EsSyncAdapterService: 	at android.database.sqlite.SQLiteProgram.compileAndbindAllArgs(SQLiteProgram.java:361)
07-02 07:45:17.826  6190  6531 E EsSyncAdapterService: 	at android.database.sqlite.SQLiteStatement.acquireAndLock(SQLiteStatement.java:260)
07-02 07:45:17.826  6190  6531 E EsSyncAdapterService: 	at android.database.sqlite.SQLiteStatement.simpleQueryForLong(SQLiteStatement.java:137)
07-02 07:45:17.826  6190  6531 E EsSyncAdapterService: 	at android.database.DatabaseUtils.longForQuery(DatabaseUtils.java:791)
07-02 07:45:17.826  6190  6531 E EsSyncAdapterService: 	at android.database.DatabaseUtils.longForQuery(DatabaseUtils.java:779)
07-02 07:45:17.826  6190  6531 E EsSyncAdapterService: 	at com.google.android.apps.plus.content.EsAccountsData.queryLastStatsSyncTimestamp(EsAccountsData.java:570)
07-02 07:45:17.826  6190  6531 E EsSyncAdapterService: 	at com.google.android.apps.plus.service.EsSyncAdapterService.syncContactsStatsIfNecessary(EsSyncAdapterService.java:670)
07-02 07:45:17.826  6190  6531 E EsSyncAdapterService: 	at com.google.android.apps.plus.service.EsSyncAdapterService.doFullSync(EsSyncAdapterService.java:633)
07-02 07:45:17.826  6190  6531 E EsSyncAdapterService: 	at com.google.android.apps.plus.service.EsSyncAdapterService.doSync(EsSyncAdapterService.java:566)
07-02 07:45:17.826  6190  6531 E EsSyncAdapterService: 	at com.google.android.apps.plus.service.EsSyncAdapterService.access$100(EsSyncAdapterService.java:52)
07-02 07:45:17.826  6190  6531 E EsSyncAdapterService: 	at com.google.android.apps.plus.service.EsSyncAdapterService$SyncAdapterImpl.onPerformSync(EsSyncAdapterService.java:408)
07-02 07:45:17.826  6190  6531 E EsSyncAdapterService: 	at android.content.AbstractThreadedSyncAdapter$SyncThread.run(AbstractThreadedSyncAdapter.java:247)
07-02 07:45:17.951   145   169 D SyncManager: failed sync operation lokeshmandvekar@gmail.com (com.google), com.google.android.apps.plus.content.EsProvider, SERVER, earliestRunTime 117903737, SyncResult: stats [ numParseExceptions: 1]
07-02 07:45:17.963   145   169 D SyncManager: not retrying sync operation because the error is a hard error: lokeshmandvekar@gmail.com (com.google), com.google.android.apps.plus.content.EsProvider, SERVER, earliestRunTime 120707533
07-02 07:45:23.021  6239  6241 D dalvikvm: GC_CONCURRENT freed 371K, 6% free 9527K/10119K, paused 8ms+4ms
07-02 07:45:23.307  6190  6535 D dalvikvm: GC_EXPLICIT freed 1844K, 19% free 13215K/16263K, paused 3ms+4ms
07-02 07:45:23.564  6239  6250 D dalvikvm: GC_EXPLICIT freed 181K, 7% free 9461K/10119K, paused 2ms+4ms
07-02 07:45:24.846   145   329 D dalvikvm: GC_EXPLICIT freed 904K, 29% free 16709K/23367K, paused 8ms+8ms
07-02 07:45:25.350  6536  6537 D dalvikvm: GC_CONCURRENT freed 643K, 8% free 9918K/10695K, paused 3ms+4ms
07-02 07:45:26.127  6239  6241 D dalvikvm: GC_CONCURRENT freed 288K, 6% free 9556K/10119K, paused 2ms+7ms
07-02 07:45:39.307  5756  5769 I PhoneLab-: Service Running
07-02 07:45:39.424  5756  5769 I PhoneLab-LoggerService: app_37    1360  1     1436   996   c00f181c 400107b4 S logcat
07-02 07:45:39.424  5756  5769 I PhoneLab-LoggerService: Logcat pid from database 1360
07-02 07:45:39.424  5756  5769 I PhoneLab-LoggerService: Logcat process found 1360
07-02 07:45:39.424  5756  5769 I PhoneLab-LoggerService: Checking Threshold
07-02 07:45:55.986  4471  4473 D dalvikvm: GC_CONCURRENT freed 320K, 6% free 9996K/10631K, paused 5ms+7ms
07-02 07:45:57.225  6536  6537 D dalvikvm: GC_CONCURRENT freed 291K, 7% free 10011K/10695K, paused 2ms+3ms
07-02 07:45:59.096   145   348 I ActivityManager: Process com.google.android.apps.googlevoice (pid 3768) has died.
07-02 07:45:59.111   145   348 W ActivityManager: Scheduling restart of crashed service com.google.android.apps.googlevoice/.widget.WidgetService in 5000ms
07-02 07:45:59.111   145   348 W ActivityManager: Scheduling restart of crashed service com.google.android.apps.googlevoice/.CallLogService in 15000ms
07-02 07:45:59.111   145   348 W ActivityManager: Scheduling restart of crashed service com.google.android.apps.googlevoice/.UpdateService in 25000ms
07-02 07:45:59.127   145   181 W InputDispatcher: channel '416f3838 com.google.android.apps.googlevoice/com.google.android.apps.googlevoice.SplashActivity (server)' ~ Consumer closed input channel or an error occurred.  events=0x8
07-02 07:45:59.127   145   181 E InputDispatcher: channel '416f3838 com.google.android.apps.googlevoice/com.google.android.apps.googlevoice.SplashActivity (server)' ~ Channel is unrecoverably broken and will be disposed!
07-02 07:45:59.131   145   329 I WindowManager: WIN DEATH: Window{417b36a0 com.google.android.apps.googlevoice/com.google.android.apps.googlevoice.activity.conversationlist.ConversationListActivity paused=false}
07-02 07:45:59.150   145  1150 W InputDispatcher: Attempted to unregister already unregistered input channel '416f3838 com.google.android.apps.googlevoice/com.google.android.apps.googlevoice.SplashActivity (server)'
07-02 07:45:59.150   145  1150 I WindowManager: WIN DEATH: Window{416f3838 com.google.android.apps.googlevoice/com.google.android.apps.googlevoice.SplashActivity paused=false}
07-02 07:45:59.150   145   145 I WindowManager: WIN DEATH: Window{417e72d8 com.google.android.apps.googlevoice/com.google.android.apps.googlevoice.PhoneCallListActivity paused=false}
07-02 07:45:59.166   145   181 I WindowManager: WINDOW DIED Window{416f3838 com.google.android.apps.googlevoice/com.google.android.apps.googlevoice.SplashActivity paused=false}
07-02 07:46:01.139  6057  6577 D GetStringObjTask: retrieving from url = http://www.chess.com/api/get_move_status?id=y3ICtufzg6w7rQqcD3KFujVaIanpYba4bIpaeKElV1LNz3Sz4Fk9Yh5CeWaj8h4bQ2RY0CxFVgA%2ByBE5DE%2B1cAuw4i%2Bp2GVj5RbuDPEUotReGbS25iAukuBsuUd%2Fl5dp
07-02 07:46:01.525  6057  6577 D GetStringObjTask: WebRequest SERVER RESPONSE: Success+0
07-02 07:46:04.123   145   162 I ActivityManager: Start proc com.google.android.apps.googlevoice for service com.google.android.apps.googlevoice/.widget.WidgetService: pid=6578 uid=10054 gids={3003, 1015}
07-02 07:46:04.498  6578  6581 D dalvikvm: GC_CONCURRENT freed 235K, 4% free 9298K/9607K, paused 20ms+2ms
07-02 07:46:04.787   145  4009 D CountryDetector: The first listener is added
07-02 07:46:04.904  6578  6581 D dalvikvm: GC_CONCURRENT freed 443K, 6% free 9410K/9927K, paused 7ms+6ms
07-02 07:46:04.908  6578  6587 W CursorWrapperInner: Cursor finalized without prior close()
07-02 07:46:05.006  6239  6241 D dalvikvm: GC_CONCURRENT freed 414K, 5% free 9736K/10183K, paused 5ms+3ms
07-02 07:46:05.342  6578  6587 W CursorWrapperInner: Cursor finalized without prior close()
07-02 07:46:05.342  6578  6587 W CursorWrapperInner: Cursor finalized without prior close()
07-02 07:46:05.346  6578  6581 D dalvikvm: GC_CONCURRENT freed 298K, 5% free 9628K/10055K, paused 2ms+4ms
07-02 07:46:05.432  6239  6256 D dalvikvm: GC_EXPLICIT freed 329K, 5% free 9745K/10183K, paused 3ms+13ms
07-02 07:46:05.451  6578  6578 W GoogleVoice: WidgetService: got a null intent
07-02 07:46:05.783  6578  6581 D dalvikvm: GC_CONCURRENT freed 266K, 4% free 9839K/10183K, paused 7ms+5ms
07-02 07:46:11.189  6074  6077 D dalvikvm: GC_CONCURRENT freed 513K, 6% free 10406K/11015K, paused 1ms+5ms
07-02 07:46:11.342   145   310 D dalvikvm: GC_EXPLICIT freed 275K, 29% free 16681K/23367K, paused 5ms+7ms
07-02 07:46:11.643  5637  5640 D dalvikvm: GC_CONCURRENT freed 385K, 8% free 10158K/10951K, paused 16ms+5ms
07-02 07:46:11.896  5637  5640 D dalvikvm: GC_CONCURRENT freed 249K, 6% free 10389K/10951K, paused 2ms+3ms
07-02 07:46:22.131  6239  6241 D dalvikvm: GC_CONCURRENT freed 343K, 5% free 9836K/10311K, paused 2ms+4ms
07-02 07:46:28.275   145   200 D DhcpInfoInternal: makeLinkProperties with empty dns2!
07-02 07:46:28.275   145   200 D DhcpInfoInternal: makeLinkProperties with empty dns2!
07-02 07:47:35.252   145   169 I ActivityManager: Start proc com.google.android.apps.currents for service com.google.android.apps.currents/com.google.apps.dots.android.app.service.SyncService: pid=6629 uid=10078 gids={3003, 1015}
07-02 07:47:35.506  6629  6629 I ActivityThread: Pub com.google.apps.dots.android.app.provider.SuggestionProvider: com.google.apps.dots.android.app.provider.SuggestionProvider
07-02 07:47:35.529  6629  6629 I ActivityThread: Pub com.google.android.apps.currents.exported: com.google.apps.dots.android.app.provider.ExportedContentProvider
07-02 07:47:35.600  6629  6632 D dalvikvm: GC_CONCURRENT freed 160K, 3% free 9375K/9607K, paused 3ms+2ms
07-02 07:47:35.646  6629  6632 D dalvikvm: GC_CONCURRENT freed 322K, 5% free 9522K/9991K, paused 2ms+2ms
07-02 07:47:35.764  6629  6632 D dalvikvm: GC_CONCURRENT freed 174K, 3% free 9858K/10119K, paused 1ms+2ms
07-02 07:47:35.932  6629  6632 D dalvikvm: GC_CONCURRENT freed 254K, 4% free 10170K/10503K, paused 2ms+2ms
07-02 07:47:35.955  6629  6629 I DotsContentUris: content://com.google.android.apps.currents
07-02 07:47:35.982  6629  6629 I ActivityThread: Pub com.google.android.apps.currents: com.google.apps.dots.android.app.provider.DotsContentProvider
07-02 07:47:35.990  6629  6629 I DotsApplication: Starting up...
07-02 07:47:36.365  6629  6632 D dalvikvm: GC_CONCURRENT freed 443K, 6% free 10159K/10695K, paused 5ms+3ms
07-02 07:47:36.760  6629  6632 D dalvikvm: GC_CONCURRENT freed 252K, 4% free 10323K/10695K, paused 19ms+2ms
07-02 07:47:36.791  6629  6648 I SyncService: Starting sync (07:47:36)
07-02 07:47:39.291  5756  5769 I PhoneLab-: Service Running
07-02 07:47:39.400  5756  5769 I PhoneLab-LoggerService: app_37    1360  1     1436   996   c00f181c 400107b4 S logcat
07-02 07:47:39.400  5756  5769 I PhoneLab-LoggerService: Logcat pid from database 1360
07-02 07:47:39.404  5756  5769 I PhoneLab-LoggerService: Logcat process found 1360
07-02 07:47:39.404  5756  5769 I PhoneLab-LoggerService: Checking Threshold
07-02 07:47:40.518  6629  6632 D dalvikvm: GC_CONCURRENT freed 280K, 4% free 10473K/10887K, paused 2ms+3ms
07-02 07:47:40.943  6629  6632 D dalvikvm: GC_CONCURRENT freed 186K, 3% free 10703K/11015K, paused 2ms+2ms
07-02 07:47:41.084  6629  6632 D dalvikvm: GC_CONCURRENT freed 473K, 6% free 10679K/11335K, paused 2ms+2ms
07-02 07:47:41.307  6629  6632 D dalvikvm: GC_CONCURRENT freed 407K, 6% free 10696K/11335K, paused 2ms+2ms
07-02 07:47:42.068   145  1149 D SyncManager: setSyncAutomatically: , provider com.google.android.apps.currents -> true
07-02 07:47:42.068   145  1149 D SyncManager: setSyncAutomatically: already set to true, doing nothing
07-02 07:47:42.322  6629  6632 D dalvikvm: GC_CONCURRENT freed 376K, 5% free 10772K/11335K, paused 2ms+4ms
07-02 07:47:42.541  6629  6632 D dalvikvm: GC_CONCURRENT freed 236K, 4% free 11030K/11463K, paused 3ms+8ms
07-02 07:47:42.775  6629  6632 D dalvikvm: GC_CONCURRENT freed 248K, 4% free 11339K/11719K, paused 3ms+2ms
07-02 07:47:43.197  6629  6632 D dalvikvm: GC_CONCURRENT freed 716K, 7% free 11320K/12167K, paused 2ms+4ms
07-02 07:47:43.412   145  9966 D dalvikvm: GC_EXPLICIT freed 371K, 29% free 16689K/23367K, paused 4ms+9ms
07-02 07:47:43.600  6629  6632 D dalvikvm: GC_CONCURRENT freed 771K, 8% free 11209K/12167K, paused 2ms+3ms
07-02 07:47:44.275   145 21614 I ActivityManager: Process com.android.sprintmenu (pid 5494) has died.
07-02 07:47:44.303   145 21614 W ActivityManager: Scheduling restart of crashed service com.android.sprintmenu/.HiddenPhoneService in 5000ms
07-02 07:47:44.826  6629  6632 D dalvikvm: GC_CONCURRENT freed 568K, 8% free 11259K/12167K, paused 2ms+7ms
07-02 07:47:45.740  6629  6632 D dalvikvm: GC_CONCURRENT freed 601K, 8% free 11281K/12167K, paused 3ms+3ms
07-02 07:47:45.979  6629  6632 D dalvikvm: GC_CONCURRENT freed 642K, 8% free 11280K/12167K, paused 2ms+2ms
07-02 07:47:46.197  6629  6632 D dalvikvm: GC_CONCURRENT freed 614K, 8% free 11303K/12167K, paused 2ms+3ms
07-02 07:47:47.088  6629  6632 D dalvikvm: GC_CONCURRENT freed 692K, 8% free 11243K/12167K, paused 3ms+3ms
07-02 07:47:47.326  6629  6632 D dalvikvm: GC_CONCURRENT freed 572K, 8% free 11293K/12167K, paused 2ms+2ms
07-02 07:47:47.529  6629  6632 D dalvikvm: GC_CONCURRENT freed 614K, 8% free 11309K/12167K, paused 2ms+3ms
07-02 07:47:47.744  6629  6632 D dalvikvm: GC_CONCURRENT freed 610K, 7% free 11333K/12167K, paused 2ms+9ms
07-02 07:47:48.842  6629  6632 D dalvikvm: GC_CONCURRENT freed 757K, 8% free 11276K/12167K, paused 3ms+2ms
07-02 07:47:49.330   145   162 I ActivityManager: Start proc com.android.sprintmenu for service com.android.sprintmenu/.HiddenPhoneService: pid=6657 uid=1001 gids={3002, 3001, 3003, 1015}
07-02 07:47:49.428   145   145 I ActivityManager: Process com.google.android.apps.maps:FriendService (pid 6095) has died.
07-02 07:47:49.545  6629  6632 D dalvikvm: GC_CONCURRENT freed 607K, 8% free 11294K/12167K, paused 2ms+3ms
07-02 07:47:50.592  6629  6632 D dalvikvm: GC_CONCURRENT freed 637K, 8% free 11288K/12167K, paused 2ms+8ms
07-02 07:47:51.428  6629  6632 D dalvikvm: GC_CONCURRENT freed 634K, 8% free 11285K/12167K, paused 2ms+3ms
07-02 07:47:52.084  6629  6632 D dalvikvm: GC_CONCURRENT freed 606K, 8% free 11305K/12167K, paused 1ms+3ms
07-02 07:47:52.314  6629  6632 D dalvikvm: GC_CONCURRENT freed 632K, 8% free 11311K/12167K, paused 54ms+2ms
07-02 07:47:52.920  6629  6632 D dalvikvm: GC_CONCURRENT freed 646K, 8% free 11308K/12167K, paused 2ms+2ms
07-02 07:47:53.131  6629  6632 D dalvikvm: GC_CONCURRENT freed 611K, 7% free 11337K/12167K, paused 2ms+3ms
07-02 07:47:53.389  6629  6632 D dalvikvm: GC_CONCURRENT freed 665K, 7% free 11368K/12167K, paused 2ms+2ms
07-02 07:47:55.205  6629  6632 D dalvikvm: GC_CONCURRENT freed 731K, 8% free 11301K/12167K, paused 9ms+3ms
07-02 07:47:55.646  6629  6632 D dalvikvm: GC_CONCURRENT freed 600K, 7% free 11334K/12167K, paused 7ms+8ms
07-02 07:47:56.178  6629  6632 D dalvikvm: GC_CONCURRENT freed 690K, 7% free 11343K/12167K, paused 2ms+2ms
07-02 07:47:56.814  6629  6652 D dalvikvm: GC_FOR_ALLOC freed 629K, 8% free 11328K/12231K, paused 26ms
07-02 07:47:57.291  6629  6632 D dalvikvm: GC_CONCURRENT freed 616K, 8% free 11355K/12231K, paused 2ms+7ms
07-02 07:47:57.510  6629  6632 D dalvikvm: GC_CONCURRENT freed 626K, 7% free 11378K/12231K, paused 2ms+3ms
07-02 07:47:57.924  6629  6632 D dalvikvm: GC_CONCURRENT freed 690K, 7% free 11408K/12231K, paused 2ms+2ms
07-02 07:48:01.447  6629  6632 D dalvikvm: GC_CONCURRENT freed 739K, 8% free 11358K/12231K, paused 2ms+2ms
07-02 07:48:02.119  6629  6632 D dalvikvm: GC_CONCURRENT freed 629K, 7% free 11381K/12231K, paused 2ms+3ms
07-02 07:48:02.330  6629  6632 D dalvikvm: GC_CONCURRENT freed 680K, 7% free 11423K/12231K, paused 2ms+3ms
07-02 07:48:02.775   145   145 D dalvikvm: GC_EXPLICIT freed 748K, 29% free 16678K/23367K, paused 3ms+7ms
07-02 07:48:02.857  6629  6632 D dalvikvm: GC_CONCURRENT freed 573K, 6% free 11524K/12231K, paused 2ms+7ms
07-02 07:48:02.963  6629  6652 D dalvikvm: GC_EXPLICIT freed 108K, 7% free 11450K/12231K, paused 5ms+3ms
07-02 07:48:04.244  6629  6632 D dalvikvm: GC_CONCURRENT freed 800K, 8% free 11372K/12295K, paused 2ms+2ms
07-02 07:48:04.424  6629  6632 D dalvikvm: GC_CONCURRENT freed 627K, 8% free 11402K/12295K, paused 3ms+3ms
07-02 07:48:04.611  6629  6632 D dalvikvm: GC_CONCURRENT freed 643K, 8% free 11430K/12295K, paused 2ms+3ms
07-02 07:48:04.951  6629  6632 D dalvikvm: GC_CONCURRENT freed 674K, 7% free 11487K/12295K, paused 2ms+11ms
07-02 07:48:06.400  6629  6632 D dalvikvm: GC_CONCURRENT freed 812K, 8% free 11415K/12359K, paused 2ms+3ms
07-02 07:48:06.506  6629  6652 D dalvikvm: GC_FOR_ALLOC freed 295K, 8% free 11406K/12359K, paused 27ms
07-02 07:48:06.506  6629  6652 I dalvikvm-heap: Grow heap (frag case) to 11.256MB for 49294-byte allocation
07-02 07:48:06.533  6629  6652 D dalvikvm: GC_FOR_ALLOC freed 27K, 9% free 11427K/12423K, paused 27ms
07-02 07:48:06.584  6629  6652 D dalvikvm: GC_FOR_ALLOC freed <1K, 9% free 11427K/12423K, paused 25ms
07-02 07:48:06.584  6629  6652 I dalvikvm-heap: Grow heap (frag case) to 11.324MB for 99400-byte allocation
07-02 07:48:06.611  6629  6652 D dalvikvm: GC_FOR_ALLOC freed 48K, 9% free 11476K/12551K, paused 25ms
07-02 07:48:06.643  6629  6652 D dalvikvm: GC_FOR_ALLOC freed 4K, 9% free 11472K/12551K, paused 26ms
07-02 07:48:06.666  6629  6652 I dalvikvm-heap: Grow heap (frag case) to 11.357MB for 87547-byte allocation
07-02 07:48:06.693  6629  6652 D dalvikvm: GC_FOR_ALLOC freed 97K, 10% free 11460K/12679K, paused 25ms
07-02 07:48:09.299  6629  6632 D dalvikvm: GC_CONCURRENT freed 777K, 11% free 11386K/12679K, paused 2ms+3ms
07-02 07:48:09.377   145   310 I ActivityManager: Process com.spotify.mobile.android.service (pid 6110) has died.
07-02 07:48:09.377   145   310 W ActivityManager: Scheduling restart of crashed service com.spotify.mobile.android.ui/com.spotify.mobile.android.service.SpotifyService in 5000ms
07-02 07:48:09.822  6629  6632 D dalvikvm: GC_CONCURRENT freed 714K, 11% free 11344K/12679K, paused 9ms+4ms
07-02 07:48:10.037  6629  6632 D dalvikvm: GC_CONCURRENT freed 568K, 10% free 11432K/12679K, paused 2ms+3ms
07-02 07:48:10.213  6629  6632 D dalvikvm: GC_CONCURRENT freed 645K, 10% free 11473K/12679K, paused 2ms+3ms
07-02 07:48:11.279  6074  6077 D dalvikvm: GC_CONCURRENT freed 491K, 6% free 10426K/11015K, paused 7ms+2ms
07-02 07:48:11.361  5940  5940 D OpenGLRenderer: Flushing caches (mode 2)
07-02 07:48:11.365  6177  6177 D OpenGLRenderer: Flushing caches (mode 2)
07-02 07:48:11.416  5940  5940 D OpenGLRenderer: Flushing caches (mode 0)
07-02 07:48:11.459  5940  5940 W ManagedEGLContext: doTerminate failed: EGL count is 2 but managed count is 1
07-02 07:48:11.643  5637  5640 D dalvikvm: GC_CONCURRENT freed 816K, 9% free 10126K/11015K, paused 51ms+7ms
07-02 07:48:11.748  6629  6632 D dalvikvm: GC_CONCURRENT freed 775K, 11% free 11408K/12679K, paused 1ms+5ms
07-02 07:48:12.100  6629  6632 D dalvikvm: GC_CONCURRENT freed 705K, 11% free 11373K/12679K, paused 3ms+3ms
07-02 07:48:12.447  6629  6632 D dalvikvm: GC_CONCURRENT freed 650K, 11% free 11386K/12679K, paused 2ms+2ms
07-02 07:48:12.627  6629  6632 D dalvikvm: GC_CONCURRENT freed 451K, 9% free 11618K/12679K, paused 2ms+3ms
07-02 07:48:12.830  6629  6632 D dalvikvm: GC_CONCURRENT freed 603K, 8% free 11763K/12679K, paused 2ms+3ms
07-02 07:48:13.045  6629  6632 D dalvikvm: GC_CONCURRENT freed 792K, 8% free 11816K/12743K, paused 2ms+2ms
07-02 07:48:13.229  6629  6632 D dalvikvm: GC_CONCURRENT freed 1412K, 13% free 11261K/12807K, paused 2ms+2ms
07-02 07:48:14.021  6629  6648 I SyncService: sync service finished (07:48:14)
07-02 07:48:14.107  5940  5940 D OpenGLRenderer: Flushing caches (mode 2)
07-02 07:48:14.107  5940  5940 D OpenGLRenderer: Flushing caches (mode 0)
07-02 07:48:14.111  5940  5940 W ManagedEGLContext: doTerminate failed: EGL count is 2 but managed count is 1
07-02 07:48:14.400   145   162 I ActivityManager: Start proc com.spotify.mobile.android.service for service com.spotify.mobile.android.ui/com.spotify.mobile.android.service.SpotifyService: pid=6678 uid=10055 gids={3003, 1015}
07-02 07:48:14.490  6678  6678 D dalvikvm: Trying to load lib /data/data/com.spotify.mobile.android.ui/lib/liborbit-jni-spotify.so 0x4133dcc0
07-02 07:48:14.561  6678  6678 D dalvikvm: Added shared lib /data/data/com.spotify.mobile.android.ui/lib/liborbit-jni-spotify.so 0x4133dcc0
07-02 07:48:16.350  6155  6676 I DatabaseHelper: Begin cleanup.
07-02 07:48:16.447  6155  6676 I DatabaseHelper: Cleaned up: 0
07-02 07:48:16.564  6155  6157 D dalvikvm: GC_CONCURRENT freed 671K, 7% free 11405K/12167K, paused 3ms+10ms
07-02 07:48:53.127   145   200 D DhcpInfoInternal: makeLinkProperties with empty dns2!
07-02 07:48:53.127   145   200 D DhcpInfoInternal: makeLinkProperties with empty dns2!
07-02 07:49:11.432  6074  6077 D dalvikvm: GC_CONCURRENT freed 409K, 6% free 10401K/11015K, paused 6ms+13ms
07-02 07:49:11.514  5637  5640 D dalvikvm: GC_CONCURRENT freed 441K, 9% free 10119K/11015K, paused 7ms+2ms
07-02 07:49:13.002  5940  5942 D dalvikvm: GC_CONCURRENT freed 921K, 9% free 12136K/13191K, paused 9ms+8ms
07-02 07:49:39.283  5756  5769 I PhoneLab-: Service Running
07-02 07:49:39.373  5756  5758 D dalvikvm: GC_CONCURRENT freed 421K, 14% free 9147K/10631K, paused 2ms+2ms
07-02 07:49:39.404  5756  5769 I PhoneLab-LoggerService: app_37    1360  1     1436   996   c00f181c 400107b4 S logcat
07-02 07:49:39.404  5756  5769 I PhoneLab-LoggerService: Logcat pid from database 1360
07-02 07:49:39.404  5756  5769 I PhoneLab-LoggerService: Logcat process found 1360
07-02 07:49:39.404  5756  5769 I PhoneLab-LoggerService: Checking Threshold
07-02 07:50:11.447   145 21614 D dalvikvm: GC_EXPLICIT freed 713K, 29% free 16708K/23367K, paused 3ms+8ms
07-02 07:51:01.135  6057  6072 D GetStringObjTask: retrieving from url = http://www.chess.com/api/get_move_status?id=y3ICtufzg6w7rQqcD3KFujVaIanpYba4bIpaeKElV1LNz3Sz4Fk9Yh5CeWaj8h4bQ2RY0CxFVgA%2ByBE5DE%2B1cAuw4i%2Bp2GVj5RbuDPEUotReGbS25iAukuBsuUd%2Fl5dp
07-02 07:51:01.420  6057  6072 D GetStringObjTask: WebRequest SERVER RESPONSE: Success+0
07-02 07:51:11.330  6074  6077 D dalvikvm: GC_CONCURRENT freed 498K, 6% free 10415K/11015K, paused 2ms+3ms
07-02 07:51:11.486  5637  5640 D dalvikvm: GC_CONCURRENT freed 490K, 8% free 10140K/11015K, paused 2ms+5ms
07-02 07:51:17.760   145   200 D DhcpInfoInternal: makeLinkProperties with empty dns2!
07-02 07:51:17.760   145   200 D DhcpInfoInternal: makeLinkProperties with empty dns2!
07-02 07:51:25.725  4471  4473 D dalvikvm: GC_CONCURRENT freed 359K, 6% free 10023K/10631K, paused 24ms+6ms
07-02 07:51:39.275  5756  5769 I PhoneLab-: Service Running
07-02 07:51:39.381  5756  5769 I PhoneLab-LoggerService: app_37    1360  1     1436   996   c00f181c 400107b4 S logcat
07-02 07:51:39.381  5756  5769 I PhoneLab-LoggerService: Logcat pid from database 1360
07-02 07:51:39.385  5756  5769 I PhoneLab-LoggerService: Logcat process found 1360
07-02 07:51:39.385  5756  5769 I PhoneLab-LoggerService: Checking Threshold
07-02 07:52:11.486  5637  5640 D dalvikvm: GC_CONCURRENT freed 404K, 9% free 10127K/11015K, paused 2ms+6ms
07-02 07:53:11.350  6074  6077 D dalvikvm: GC_CONCURRENT freed 511K, 6% free 10415K/11015K, paused 2ms+8ms
07-02 07:53:11.416  5637  5637 D dalvikvm: GC_EXPLICIT freed 52K, 9% free 10080K/11015K, paused 2ms+3ms
07-02 07:53:11.451  4471  4483 D dalvikvm: GC_EXPLICIT freed 108K, 7% free 9962K/10631K, paused 2ms+3ms
07-02 07:53:39.275  5756  5769 I PhoneLab-: Service Running
07-02 07:53:39.369  5756  5769 I PhoneLab-LoggerService: app_37    1360  1     1436   996   c00f181c 400107b4 S logcat
07-02 07:53:39.369  5756  5769 I PhoneLab-LoggerService: Logcat pid from database 1360
07-02 07:53:39.369  5756  5769 I PhoneLab-LoggerService: Logcat process found 1360
07-02 07:53:39.369  5756  5769 I PhoneLab-LoggerService: Checking Threshold
07-02 07:53:42.615   145   200 D DhcpInfoInternal: makeLinkProperties with empty dns2!
07-02 07:53:42.615   145   200 D DhcpInfoInternal: makeLinkProperties with empty dns2!
07-02 07:54:11.510  5637  5640 D dalvikvm: GC_CONCURRENT freed 459K, 9% free 10132K/11015K, paused 2ms+7ms
07-02 07:54:12.627  5940  5942 D dalvikvm: GC_CONCURRENT freed 922K, 9% free 12134K/13191K, paused 2ms+9ms
07-02 07:55:11.385  6074  6077 D dalvikvm: GC_CONCURRENT freed 511K, 6% free 10416K/11015K, paused 2ms+4ms
07-02 07:55:11.561  5637  5640 D dalvikvm: GC_CONCURRENT freed 409K, 9% free 10129K/11015K, paused 2ms+6ms
07-02 07:55:39.275  5756  5769 I PhoneLab-: Service Running
07-02 07:55:39.322  5756  5769 I PhoneLab-LoggerService: app_37    1360  1     1436   996   c00f181c 400107b4 S logcat
07-02 07:55:39.322  5756  5769 I PhoneLab-LoggerService: Logcat pid from database 1360
07-02 07:55:39.326  5756  5769 I PhoneLab-LoggerService: Logcat process found 1360
07-02 07:55:39.326  5756  5769 I PhoneLab-LoggerService: Checking Threshold
07-02 07:56:01.111  6057  6283 D GetStringObjTask: retrieving from url = http://www.chess.com/api/get_move_status?id=y3ICtufzg6w7rQqcD3KFujVaIanpYba4bIpaeKElV1LNz3Sz4Fk9Yh5CeWaj8h4bQ2RY0CxFVgA%2ByBE5DE%2B1cAuw4i%2Bp2GVj5RbuDPEUotReGbS25iAukuBsuUd%2Fl5dp
07-02 07:56:01.615  6057  6283 D GetStringObjTask: WebRequest SERVER RESPONSE: Success+0
07-02 07:56:07.475   145   200 D DhcpInfoInternal: makeLinkProperties with empty dns2!
07-02 07:56:07.479   145   200 D DhcpInfoInternal: makeLinkProperties with empty dns2!
07-02 07:56:11.736  5637  5640 D dalvikvm: GC_CONCURRENT freed 403K, 9% free 10119K/11015K, paused 7ms+2ms
07-02 07:57:11.408  6074  6077 D dalvikvm: GC_CONCURRENT freed 478K, 6% free 10449K/11015K, paused 7ms+6ms
07-02 07:57:11.572  5637  5640 D dalvikvm: GC_CONCURRENT freed 454K, 8% free 10175K/11015K, paused 2ms+8ms
07-02 07:57:39.275  5756  5769 I PhoneLab-: Service Running
07-02 07:57:39.389  5756  5769 I PhoneLab-LoggerService: app_37    1360  1     1436   996   c00f181c 400107b4 S logcat
07-02 07:57:39.389  5756  5769 I PhoneLab-LoggerService: Logcat pid from database 1360
07-02 07:57:39.389  5756  5769 I PhoneLab-LoggerService: Logcat process found 1360
07-02 07:57:39.389  5756  5769 I PhoneLab-LoggerService: Checking Threshold
07-02 07:58:11.561  5637  5640 D dalvikvm: GC_CONCURRENT freed 468K, 8% free 10165K/11015K, paused 1ms+5ms
07-02 07:58:17.400   216   218 D dalvikvm: GC_CONCURRENT freed 415K, 33% free 9698K/14343K, paused 9ms+4ms
07-02 07:58:20.244  6155  6157 D dalvikvm: GC_CONCURRENT freed 692K, 7% free 11446K/12231K, paused 10ms+11ms
07-02 07:58:32.303   145   200 D DhcpInfoInternal: makeLinkProperties with empty dns2!
07-02 07:58:32.303   145   200 D DhcpInfoInternal: makeLinkProperties with empty dns2!
07-02 07:59:11.389   145   147 D dalvikvm: GC_CONCURRENT freed 1737K, 29% free 16771K/23367K, paused 16ms+9ms
07-02 07:59:11.545  6074  6077 D dalvikvm: GC_CONCURRENT freed 577K, 6% free 10423K/11079K, paused 2ms+2ms
07-02 07:59:11.670   145  1149 D dalvikvm: GC_EXPLICIT freed 142K, 29% free 16645K/23367K, paused 3ms+7ms
07-02 07:59:12.924  5940  5942 D dalvikvm: GC_CONCURRENT freed 919K, 8% free 12138K/13191K, paused 5ms+15ms
07-02 07:59:39.275  5756  5769 I PhoneLab-: Service Running
07-02 07:59:39.350  5756  5769 I PhoneLab-LoggerService: app_37    1360  1     1436   996   c00f181c 400107b4 S logcat
07-02 07:59:39.350  5756  5769 I PhoneLab-LoggerService: Logcat pid from database 1360
07-02 07:59:39.350  5756  5769 I PhoneLab-LoggerService: Logcat process found 1360
07-02 07:59:39.350  5756  5769 I PhoneLab-LoggerService: Checking Threshold
07-02 07:59:41.580  6239  6241 D dalvikvm: GC_CONCURRENT freed 497K, 6% free 9766K/10375K, paused 1ms+3ms
07-02 08:00:02.967  5756  5756 I PhoneLab-Locks: wake lock acquired
07-02 08:00:02.975  5756  6834 I PhoneLab-PeriodicCheckService: User info is synched
07-02 08:00:02.982  5756  6834 I PhoneLab-PeriodicCheckService: Logger Service is running
07-02 08:00:02.986  5756  5756 I PhoneLab-Locks: wake lock acquired
07-02 08:00:02.994  5756  5756 I PhoneLab-StatusMonitor: Status Monitoring is started
07-02 08:00:02.994  5756  6834 I PhoneLab-Locks: wake lock acquired
07-02 08:00:02.998  5756  6834 I PhoneLab-PeriodicCheckService: Rescheduling periodic checking...
07-02 08:00:02.998  5756  6834 I PhoneLab-Locks: wake lock released
07-02 08:00:03.014  5756  5756 E PhoneLab-PhoneLabManifest: java.io.FileNotFoundException: /data/data/edu.buffalo.cse.phonelab.phonelabservices/files/manifest.xml: open failed: ENOENT (No such file or directory)
07-02 08:00:03.033  5756  5756 I PhoneLab-Locks: wake lock released
07-02 08:00:03.033  5756  5756 I PhoneLab-UploadLogs: Transfering log files now
07-02 08:00:03.037  5756  5756 I PhoneLab-UploadLogs: No log files to transfer
07-02 08:00:03.037  5756  5756 I PhoneLab-Locks: wake lock released
07-02 08:00:03.037  5756  5756 I PhoneLab-UploadLogs: OnStartCommand
07-02 08:00:11.580  5637  5640 D dalvikvm: GC_CONCURRENT freed 501K, 8% free 10172K/11015K, paused 2ms+4ms
07-02 08:00:57.170   145   200 D DhcpInfoInternal: makeLinkProperties with empty dns2!
07-02 08:00:57.182   145   200 D DhcpInfoInternal: makeLinkProperties with empty dns2!
07-02 08:01:01.111  6057  6364 D GetStringObjTask: retrieving from url = http://www.chess.com/api/get_move_status?id=y3ICtufzg6w7rQqcD3KFujVaIanpYba4bIpaeKElV1LNz3Sz4Fk9Yh5CeWaj8h4bQ2RY0CxFVgA%2ByBE5DE%2B1cAuw4i%2Bp2GVj5RbuDPEUotReGbS25iAukuBsuUd%2Fl5dp
07-02 08:01:01.361  6057  6364 D GetStringObjTask: WebRequest SERVER RESPONSE: Success+0
07-02 08:01:11.467  6074  6077 D dalvikvm: GC_CONCURRENT freed 472K, 6% free 10463K/11079K, paused 10ms+3ms
07-02 08:01:11.646  5637  5640 D dalvikvm: GC_CONCURRENT freed 473K, 8% free 10166K/11015K, paused 1ms+5ms
07-02 08:01:39.275  5756  5769 I PhoneLab-: Service Running
07-02 08:01:39.350  5756  5769 I PhoneLab-LoggerService: app_37    1360  1     1436   996   c00f181c 400107b4 S logcat
07-02 08:01:39.350  5756  5769 I PhoneLab-LoggerService: Logcat pid from database 1360
07-02 08:01:39.350  5756  5769 I PhoneLab-LoggerService: Logcat process found 1360
07-02 08:01:39.350  5756  5769 I PhoneLab-LoggerService: Checking Threshold
07-02 08:01:39.373  5756  5758 D dalvikvm: GC_CONCURRENT freed 403K, 15% free 9135K/10631K, paused 2ms+2ms
07-02 08:02:11.643  6074  6077 D dalvikvm: GC_CONCURRENT freed 448K, 7% free 10413K/11079K, paused 6ms+10ms
07-02 08:02:39.889  4471  4473 D dalvikvm: GC_CONCURRENT freed 308K, 6% free 10041K/10631K, paused 2ms+12ms
07-02 08:03:11.697  5637  5640 D dalvikvm: GC_CONCURRENT freed 498K, 8% free 10170K/11015K, paused 5ms+7ms
07-02 08:03:12.076  6074  6077 D dalvikvm: GC_CONCURRENT freed 363K, 6% free 10438K/11079K, paused 7ms+10ms
07-02 08:03:21.955   145   200 D DhcpInfoInternal: makeLinkProperties with empty dns2!
07-02 08:03:21.955   145   200 D DhcpInfoInternal: makeLinkProperties with empty dns2!
07-02 08:03:24.412  6155  6157 D dalvikvm: GC_CONCURRENT freed 684K, 7% free 11492K/12295K, paused 7ms+7ms
07-02 08:03:39.275  5756  5769 I PhoneLab-: Service Running
07-02 08:03:39.357  5756  5769 I PhoneLab-LoggerService: app_37    1360  1     1436   996   c00f181c 400107b4 S logcat
07-02 08:03:39.357  5756  5769 I PhoneLab-LoggerService: Logcat pid from database 1360
07-02 08:03:39.357  5756  5769 I PhoneLab-LoggerService: Logcat process found 1360
07-02 08:03:39.357  5756  5769 I PhoneLab-LoggerService: Checking Threshold
07-02 08:04:11.744  5637  5640 D dalvikvm: GC_CONCURRENT freed 464K, 8% free 10204K/11015K, paused 2ms+9ms
07-02 08:04:12.006  5940  5942 D dalvikvm: GC_CONCURRENT freed 925K, 9% free 12132K/13191K, paused 4ms+14ms
07-02 08:05:11.572  6074  6077 D dalvikvm: GC_CONCURRENT freed 448K, 5% free 10541K/11079K, paused 2ms+3ms
07-02 08:05:39.275  5756  5769 I PhoneLab-: Service Running
07-02 08:05:39.311  5756  5769 I PhoneLab-LoggerService: app_37    1360  1     1436   996   c00f181c 400107b4 S logcat
07-02 08:05:39.311  5756  5769 I PhoneLab-LoggerService: Logcat pid from database 1360
07-02 08:05:39.311  5756  5769 I PhoneLab-LoggerService: Logcat process found 1360
07-02 08:05:39.311  5756  5769 I PhoneLab-LoggerService: Checking Threshold
07-02 08:05:46.584   145   200 D DhcpInfoInternal: makeLinkProperties with empty dns2!
07-02 08:05:46.584   145   200 D DhcpInfoInternal: makeLinkProperties with empty dns2!
07-02 08:06:01.123  6057  6474 D GetStringObjTask: retrieving from url = http://www.chess.com/api/get_move_status?id=y3ICtufzg6w7rQqcD3KFujVaIanpYba4bIpaeKElV1LNz3Sz4Fk9Yh5CeWaj8h4bQ2RY0CxFVgA%2ByBE5DE%2B1cAuw4i%2Bp2GVj5RbuDPEUotReGbS25iAukuBsuUd%2Fl5dp
07-02 08:06:01.455  6057  6474 D GetStringObjTask: WebRequest SERVER RESPONSE: Success+0
07-02 08:06:11.674  5637  5640 D dalvikvm: GC_CONCURRENT freed 536K, 8% free 10170K/11015K, paused 2ms+5ms
07-02 08:07:11.619  6074  6077 D dalvikvm: GC_CONCURRENT freed 632K, 7% free 10434K/11143K, paused 2ms+6ms
07-02 08:07:11.814  5637  5640 D dalvikvm: GC_CONCURRENT freed 493K, 8% free 10146K/11015K, paused 1ms+3ms
07-02 08:07:29.373  5940  5942 D dalvikvm: GC_CONCURRENT freed 939K, 9% free 12117K/13255K, paused 2ms+16ms
07-02 08:07:39.279  5756  5769 I PhoneLab-: Service Running
07-02 08:07:39.338  5756  5769 I PhoneLab-LoggerService: app_37    1360  1     1436   996   c00f181c 400107b4 S logcat
07-02 08:07:39.338  5756  5769 I PhoneLab-LoggerService: Logcat pid from database 1360
07-02 08:07:39.338  5756  5769 I PhoneLab-LoggerService: Logcat process found 1360
07-02 08:07:39.338  5756  5769 I PhoneLab-LoggerService: Checking Threshold
07-02 08:08:10.803   145   348 D dalvikvm: GC_EXPLICIT freed 1045K, 29% free 16754K/23367K, paused 16ms+9ms
07-02 08:08:11.330   145   200 D DhcpInfoInternal: makeLinkProperties with empty dns2!
07-02 08:08:11.330   145   200 D DhcpInfoInternal: makeLinkProperties with empty dns2!
07-02 08:09:11.580  6074  6077 D dalvikvm: GC_CONCURRENT freed 489K, 7% free 10457K/11143K, paused 6ms+2ms
07-02 08:09:11.717  5637  5640 D dalvikvm: GC_CONCURRENT freed 501K, 8% free 10156K/11015K, paused 3ms+3ms
07-02 08:09:22.205  4471  6943 I EventLogService: Aggregate from 1341229162112 (log), 1341229162112 (data)
07-02 08:09:39.275  5756  5769 I PhoneLab-: Service Running
07-02 08:09:39.322  5756  5769 I PhoneLab-LoggerService: app_37    1360  1     1436   996   c00f181c 400107b4 S logcat
07-02 08:09:39.322  5756  5769 I PhoneLab-LoggerService: Logcat pid from database 1360
07-02 08:09:39.322  5756  5769 I PhoneLab-LoggerService: Logcat process found 1360
07-02 08:09:39.322  5756  5769 I PhoneLab-LoggerService: Checking Threshold
07-02 08:10:11.607  4471  4473 D dalvikvm: GC_CONCURRENT freed 395K, 6% free 10039K/10631K, paused 4ms+20ms
07-02 08:10:11.744  6074  6077 D dalvikvm: GC_CONCURRENT freed 418K, 7% free 10425K/11143K, paused 5ms+4ms
07-02 08:10:11.811  5637  5640 D dalvikvm: GC_CONCURRENT freed 467K, 8% free 10173K/11015K, paused 2ms+3ms
07-02 08:10:35.986   145   200 D DhcpInfoInternal: makeLinkProperties with empty dns2!
07-02 08:10:35.986   145   200 D DhcpInfoInternal: makeLinkProperties with empty dns2!
07-02 08:11:01.111  6057  6577 D GetStringObjTask: retrieving from url = http://www.chess.com/api/get_move_status?id=y3ICtufzg6w7rQqcD3KFujVaIanpYba4bIpaeKElV1LNz3Sz4Fk9Yh5CeWaj8h4bQ2RY0CxFVgA%2ByBE5DE%2B1cAuw4i%2Bp2GVj5RbuDPEUotReGbS25iAukuBsuUd%2Fl5dp
07-02 08:11:01.561  6057  6577 D GetStringObjTask: WebRequest SERVER RESPONSE: Success+0
07-02 08:11:01.604  6057  6059 D dalvikvm: GC_CONCURRENT freed 438K, 6% free 9496K/10055K, paused 12ms+2ms
07-02 08:11:11.865  6074  6077 D dalvikvm: GC_CONCURRENT freed 451K, 6% free 10476K/11143K, paused 2ms+5ms
07-02 08:11:39.275  5756  5769 I PhoneLab-: Service Running
07-02 08:11:39.334   145  9966 I ActivityManager: Process com.xabber.androiddev (pid 5995) has died.
07-02 08:11:39.338   145  9966 W ActivityManager: Scheduling restart of crashed service com.xabber.androiddev/com.xabber.android.service.XMPPService in 5000ms
07-02 08:11:39.389  5756  5769 I PhoneLab-LoggerService: app_37    1360  1     1436   996   c00f181c 400107b4 S logcat
07-02 08:11:39.393  5756  5769 I PhoneLab-LoggerService: Logcat pid from database 1360
07-02 08:11:39.393  5756  5769 I PhoneLab-LoggerService: Logcat process found 1360
07-02 08:11:39.393  5756  5769 I PhoneLab-LoggerService: Checking Threshold
07-02 08:11:44.357  6970  6970 D dalvikvm: Late-enabling CheckJNI
07-02 08:11:44.365   145   162 I ActivityManager: Start proc com.xabber.androiddev for service com.xabber.androiddev/com.xabber.android.service.XMPPService: pid=6970 uid=10063 gids={3003, 1015}
07-02 08:11:44.482  6970  6970 I dalvikvm: Turning on JNI app bug workarounds for target SDK version 9...
07-02 08:11:44.822  6970  6971 D dalvikvm: GC_CONCURRENT freed 223K, 4% free 9312K/9607K, paused 2ms+2ms
07-02 08:11:44.850  6970  6970 D dalvikvm: GC_FOR_ALLOC freed 287K, 6% free 9427K/9927K, paused 16ms
07-02 08:11:44.967  6970  6971 D dalvikvm: GC_CONCURRENT freed 192K, 3% free 9774K/10055K, paused 1ms+3ms
07-02 08:11:45.076  6970  6971 D dalvikvm: GC_CONCURRENT freed 428K, 5% free 9875K/10375K, paused 2ms+2ms
07-02 08:11:45.193  6970  6970 I com.xabber.android.service.XMPPService@41377200: onCreate
07-02 08:11:45.193  6970  6970 I com.xabber.android.data.Application@4136c888: onStart
07-02 08:11:45.205  6970  6984 I com.xabber.android.data.LogManager@4136f4e8: onLoad
07-02 08:11:45.404  6970  6971 D dalvikvm: GC_CONCURRENT freed 169K, 3% free 10140K/10439K, paused 2ms+3ms
07-02 08:11:46.596  6239  6241 D dalvikvm: GC_CONCURRENT freed 402K, 7% free 9747K/10375K, paused 1ms+4ms
07-02 08:11:47.006  6970  6971 D dalvikvm: GC_CONCURRENT freed 270K, 4% free 10297K/10695K, paused 5ms+3ms
07-02 08:12:11.842  5637  5640 D dalvikvm: GC_CONCURRENT freed 505K, 8% free 10178K/11015K, paused 1ms+5ms
07-02 08:12:23.365  6239  6251 D dalvikvm: GC_EXPLICIT freed 123K, 7% free 9657K/10375K, paused 2ms+3ms
07-02 08:12:24.537  5940  5942 D dalvikvm: GC_CONCURRENT freed 896K, 9% free 12124K/13255K, paused 2ms+8ms
07-02 08:13:00.838   145   200 D DhcpInfoInternal: makeLinkProperties with empty dns2!
07-02 08:13:00.842   145   200 D DhcpInfoInternal: makeLinkProperties with empty dns2!
07-02 08:13:11.729  6074  6077 D dalvikvm: GC_CONCURRENT freed 553K, 7% free 10435K/11143K, paused 2ms+5ms
07-02 08:13:11.900  5637  5640 D dalvikvm: GC_CONCURRENT freed 494K, 8% free 10195K/11015K, paused 2ms+7ms
07-02 08:13:26.705  6155  6157 D dalvikvm: GC_CONCURRENT freed 695K, 7% free 11534K/12359K, paused 5ms+2ms
07-02 08:13:30.490   145   175 I ActivityManager: Start proc com.google.android.maps.mytracks for service com.google.android.maps.mytracks/com.google.android.apps.mytracks.services.RemoveTempFilesService: pid=7012 uid=10072 gids={3003, 3002, 3001, 1015}
07-02 08:13:30.529  7012  7012 I dalvikvm: Turning on JNI app bug workarounds for target SDK version 7...
07-02 08:13:30.756  7012  7012 I ActivityThread: Pub com.google.android.maps.mytracks.search: com.google.android.apps.mytracks.content.SearchEngineProvider
07-02 08:13:30.756  7012  7012 I ActivityThread: Pub com.google.android.maps.mytracks: com.google.android.apps.mytracks.content.MyTracksProvider
07-02 08:13:39.275  5756  5769 I PhoneLab-: Service Running
07-02 08:13:39.408  5756  5769 I PhoneLab-LoggerService: app_37    1360  1     1436   996   c00f181c 400107b4 S logcat
07-02 08:13:39.408  5756  5769 I PhoneLab-LoggerService: Logcat pid from database 1360
07-02 08:13:39.408  5756  5769 I PhoneLab-LoggerService: Logcat process found 1360
07-02 08:13:39.408  5756  5769 I PhoneLab-LoggerService: Checking Threshold
07-02 08:14:11.951   145  1149 D dalvikvm: GC_EXPLICIT freed 1228K, 29% free 16743K/23367K, paused 4ms+9ms
07-02 08:15:11.814  6074  6077 D dalvikvm: GC_CONCURRENT freed 510K, 7% free 10437K/11143K, paused 1ms+5ms
07-02 08:15:11.963  5637  5640 D dalvikvm: GC_CONCURRENT freed 537K, 8% free 10163K/11015K, paused 1ms+5ms
07-02 08:15:25.479   145   200 D DhcpInfoInternal: makeLinkProperties with empty dns2!
07-02 08:15:25.482   145   200 D DhcpInfoInternal: makeLinkProperties with empty dns2!
07-02 08:15:38.807  6578  6595 W System.err: com.google.android.apps.googlevoice.net.VoiceServiceException: Voice service failed [INVALID_AUTH_TOKEN]
07-02 08:15:38.807  6578  6595 W System.err: 	at com.google.android.apps.googlevoice.net.masf.MASFVoiceService.checkCredentials(MASFVoiceService.java:107)
07-02 08:15:38.807  6578  6595 W System.err: 	at com.google.android.apps.googlevoice.net.masf.MASFVoiceService.getAuthToken(MASFVoiceService.java:95)
07-02 08:15:38.807  6578  6595 W System.err: 	at com.google.android.apps.googlevoice.net.masf.MASFGetBackendInfoRpc.createRequestPayload(MASFGetBackendInfoRpc.java:34)
07-02 08:15:38.807  6578  6595 W System.err: 	at com.google.android.apps.googlevoice.net.masf.MASFApiRpc.requestSubmit(MASFApiRpc.java:160)
07-02 08:15:38.807  6578  6595 W System.err: 	at com.google.android.apps.googlevoice.net.masf.MASFApiRpc.run(MASFApiRpc.java:141)
07-02 08:15:38.807  6578  6595 W System.err: 	at com.googlex.common.task.AbstractTask.run(Unknown Source)
07-02 08:15:38.807  6578  6595 W System.err: 	at com.googlex.common.task.AbstractTask.runInternal(Unknown Source)
07-02 08:15:38.807  6578  6595 W System.err: 	at com.googlex.common.task.TaskRunner.run(Unknown Source)
07-02 08:15:38.807  6578  6595 W System.err: 	at com.googlex.common.lang.BaseThreadFactory$ThreadImpl.run(Unknown Source)
07-02 08:15:38.811  6578  6595 E GoogleVoice: ShadowNumberRefreshService: Failed to get backend info!
07-02 08:15:38.811  6578  6595 E GoogleVoice: com.google.android.apps.googlevoice.net.VoiceServiceException: Voice service failed [INVALID_AUTH_TOKEN]
07-02 08:15:38.811  6578  6595 E GoogleVoice: 	at com.google.android.apps.googlevoice.net.masf.MASFVoiceService.checkCredentials(MASFVoiceService.java:107)
07-02 08:15:38.811  6578  6595 E GoogleVoice: 	at com.google.android.apps.googlevoice.net.masf.MASFVoiceService.getAuthToken(MASFVoiceService.java:95)
07-02 08:15:38.811  6578  6595 E GoogleVoice: 	at com.google.android.apps.googlevoice.net.masf.MASFGetBackendInfoRpc.createRequestPayload(MASFGetBackendInfoRpc.java:34)
07-02 08:15:38.811  6578  6595 E GoogleVoice: 	at com.google.android.apps.googlevoice.net.masf.MASFApiRpc.requestSubmit(MASFApiRpc.java:160)
07-02 08:15:38.811  6578  6595 E GoogleVoice: 	at com.google.android.apps.googlevoice.net.masf.MASFApiRpc.run(MASFApiRpc.java:141)
07-02 08:15:38.811  6578  6595 E GoogleVoice: 	at com.googlex.common.task.AbstractTask.run(Unknown Source)
07-02 08:15:38.811  6578  6595 E GoogleVoice: 	at com.googlex.common.task.AbstractTask.runInternal(Unknown Source)
07-02 08:15:38.811  6578  6595 E GoogleVoice: 	at com.googlex.common.task.TaskRunner.run(Unknown Source)
07-02 08:15:38.811  6578  6595 E GoogleVoice: 	at com.googlex.common.lang.BaseThreadFactory$ThreadImpl.run(Unknown Source)
07-02 08:15:39.275  5756  5769 I PhoneLab-: Service Running
07-02 08:15:39.361  5756  5769 I PhoneLab-LoggerService: app_37    1360  1     1436   996   c00f181c 400107b4 S logcat
07-02 08:15:39.361  5756  5769 I PhoneLab-LoggerService: Logcat pid from database 1360
07-02 08:15:39.361  5756  5769 I PhoneLab-LoggerService: Logcat process found 1360
07-02 08:15:39.361  5756  5769 I PhoneLab-LoggerService: Checking Threshold
07-02 08:15:40.295  6536  6537 D dalvikvm: GC_CONCURRENT freed 458K, 8% free 9937K/10695K, paused 3ms+4ms
07-02 08:16:01.115  6057  6072 D GetStringObjTask: retrieving from url = http://www.chess.com/api/get_move_status?id=y3ICtufzg6w7rQqcD3KFujVaIanpYba4bIpaeKElV1LNz3Sz4Fk9Yh5CeWaj8h4bQ2RY0CxFVgA%2ByBE5DE%2B1cAuw4i%2Bp2GVj5RbuDPEUotReGbS25iAukuBsuUd%2Fl5dp
07-02 08:16:01.404  6057  6072 D GetStringObjTask: WebRequest SERVER RESPONSE: Success+0
07-02 08:16:11.959  5637  5640 D dalvikvm: GC_CONCURRENT freed 446K, 8% free 10174K/11015K, paused 2ms+2ms
07-02 08:16:12.178  5637  5640 D dalvikvm: GC_CONCURRENT freed 200K, 6% free 10364K/11015K, paused 2ms+2ms
07-02 08:17:11.795  6074  6077 D dalvikvm: GC_CONCURRENT freed 516K, 7% free 10432K/11143K, paused 1ms+5ms
07-02 08:17:11.951  5637  5640 D dalvikvm: GC_CONCURRENT freed 683K, 8% free 10191K/11015K, paused 10ms+2ms
07-02 08:17:20.068  5940  5942 D dalvikvm: GC_CONCURRENT freed 910K, 9% free 12120K/13255K, paused 2ms+8ms
07-02 08:17:39.275  5756  5769 I PhoneLab-: Service Running
07-02 08:17:39.314  5756  5769 I PhoneLab-LoggerService: app_37    1360  1     1436   996   c00f181c 400107b4 S logcat
07-02 08:17:39.318  5756  5769 I PhoneLab-LoggerService: Logcat pid from database 1360
07-02 08:17:39.322  5756  5769 I PhoneLab-LoggerService: Logcat process found 1360
07-02 08:17:39.322  5756  5769 I PhoneLab-LoggerService: Checking Threshold
07-02 08:17:39.357  5756  5758 D dalvikvm: GC_CONCURRENT freed 407K, 15% free 9136K/10631K, paused 2ms+5ms
07-02 08:17:50.123   145   200 D DhcpInfoInternal: makeLinkProperties with empty dns2!
07-02 08:17:50.127   145   200 D DhcpInfoInternal: makeLinkProperties with empty dns2!
07-02 08:18:11.865  5637  5649 D dalvikvm: GC_EXPLICIT freed 246K, 9% free 10129K/11015K, paused 16ms+3ms
07-02 08:18:31.506  6155  6157 D dalvikvm: GC_CONCURRENT freed 729K, 7% free 11576K/12423K, paused 2ms+3ms
07-02 08:18:35.416  4471  4473 D dalvikvm: GC_CONCURRENT freed 371K, 6% free 10056K/10631K, paused 6ms+11ms
07-02 08:19:10.611  6074  6077 D dalvikvm: GC_CONCURRENT freed 395K, 7% free 10426K/11143K, paused 2ms+2ms
07-02 08:19:11.912  5637  5640 D dalvikvm: GC_CONCURRENT freed 450K, 8% free 10189K/11015K, paused 2ms+3ms
07-02 08:19:39.275  5756  5769 I PhoneLab-: Service Running
07-02 08:19:39.326  5756  5769 I PhoneLab-LoggerService: app_37    1360  1     1436   996   c00f181c 400107b4 S logcat
07-02 08:19:39.326  5756  5769 I PhoneLab-LoggerService: Logcat pid from database 1360
07-02 08:19:39.326  5756  5769 I PhoneLab-LoggerService: Logcat process found 1360
07-02 08:19:39.326  5756  5769 I PhoneLab-LoggerService: Checking Threshold
07-02 08:20:11.924  6074  6077 D dalvikvm: GC_CONCURRENT freed 497K, 7% free 10441K/11143K, paused 2ms+5ms
07-02 08:20:12.092  5637  5640 D dalvikvm: GC_CONCURRENT freed 454K, 8% free 10180K/11015K, paused 2ms+3ms
07-02 08:20:14.775   145   200 D DhcpInfoInternal: makeLinkProperties with empty dns2!
07-02 08:20:14.775   145   200 D DhcpInfoInternal: makeLinkProperties with empty dns2!
07-02 08:21:01.115  6057  6283 D GetStringObjTask: retrieving from url = http://www.chess.com/api/get_move_status?id=y3ICtufzg6w7rQqcD3KFujVaIanpYba4bIpaeKElV1LNz3Sz4Fk9Yh5CeWaj8h4bQ2RY0CxFVgA%2ByBE5DE%2B1cAuw4i%2Bp2GVj5RbuDPEUotReGbS25iAukuBsuUd%2Fl5dp
07-02 08:21:01.400  6057  6283 D GetStringObjTask: WebRequest SERVER RESPONSE: Success+0
07-02 08:21:11.975  6074  6094 D dalvikvm: GC_EXPLICIT freed 297K, 7% free 10422K/11143K, paused 13ms+3ms
07-02 08:21:12.818   216   218 D dalvikvm: GC_CONCURRENT freed 386K, 33% free 9696K/14343K, paused 3ms+2ms
07-02 08:21:39.275  5756  5769 I PhoneLab-: Service Running
07-02 08:21:39.326  5756  5769 I PhoneLab-LoggerService: app_37    1360  1     1436   996   c00f181c 400107b4 S logcat
07-02 08:21:39.326  5756  5769 I PhoneLab-LoggerService: Logcat pid from database 1360
07-02 08:21:39.326  5756  5769 I PhoneLab-LoggerService: Logcat process found 1360
07-02 08:21:39.326  5756  5769 I PhoneLab-LoggerService: Checking Threshold
07-02 08:22:11.951  4471  4530 D dalvikvm: GC_EXPLICIT freed 148K, 6% free 10005K/10631K, paused 3ms+3ms
07-02 08:22:12.064  5637  5640 D dalvikvm: GC_CONCURRENT freed 502K, 8% free 10190K/11015K, paused 2ms+6ms
07-02 08:22:15.018  5940  5942 D dalvikvm: GC_CONCURRENT freed 889K, 9% free 12137K/13255K, paused 29ms+21ms
07-02 08:22:39.420   145   200 D DhcpInfoInternal: makeLinkProperties with empty dns2!
07-02 08:22:39.420   145   200 D DhcpInfoInternal: makeLinkProperties with empty dns2!
07-02 08:23:12.045  6074  6077 D dalvikvm: GC_CONCURRENT freed 503K, 7% free 10431K/11143K, paused 2ms+4ms
07-02 08:23:12.229  5637  5640 D dalvikvm: GC_CONCURRENT freed 469K, 8% free 10167K/11015K, paused 2ms+2ms
07-02 08:23:33.857  6155  6157 D dalvikvm: GC_CONCURRENT freed 760K, 8% free 11609K/12487K, paused 10ms+15ms
07-02 08:23:39.275  5756  5769 I PhoneLab-: Service Running
07-02 08:23:39.326  5756  5769 I PhoneLab-LoggerService: app_37    1360  1     1436   996   c00f181c 400107b4 S logcat
07-02 08:23:39.326  5756  5769 I PhoneLab-LoggerService: Logcat pid from database 1360
07-02 08:23:39.326  5756  5769 I PhoneLab-LoggerService: Logcat process found 1360
07-02 08:23:39.326  5756  5769 I PhoneLab-LoggerService: Checking Threshold
07-02 08:24:12.064   145  1150 D dalvikvm: GC_EXPLICIT freed 1406K, 29% free 16774K/23367K, paused 3ms+9ms
07-02 08:24:12.162  6074  6077 D dalvikvm: GC_CONCURRENT freed 469K, 7% free 10436K/11143K, paused 3ms+11ms
07-02 08:24:20.576  6239  6241 D dalvikvm: GC_CONCURRENT freed 300K, 7% free 9744K/10375K, paused 2ms+6ms
07-02 08:25:04.061   145   200 D DhcpInfoInternal: makeLinkProperties with empty dns2!
07-02 08:25:04.061   145   200 D DhcpInfoInternal: makeLinkProperties with empty dns2!
07-02 08:25:12.123  5637  5640 D dalvikvm: GC_CONCURRENT freed 490K, 8% free 10185K/11015K, paused 2ms+3ms
07-02 08:25:39.275  5756  5769 I PhoneLab-: Service Running
07-02 08:25:39.314  5756  5769 I PhoneLab-LoggerService: app_37    1360  1     1436   996   c00f181c 400107b4 S logcat
07-02 08:25:39.314  5756  5769 I PhoneLab-LoggerService: Logcat pid from database 1360
07-02 08:25:39.314  5756  5769 I PhoneLab-LoggerService: Logcat process found 1360
07-02 08:25:39.314  5756  5769 I PhoneLab-LoggerService: Checking Threshold
07-02 08:26:01.107  6057  6364 D GetStringObjTask: retrieving from url = http://www.chess.com/api/get_move_status?id=y3ICtufzg6w7rQqcD3KFujVaIanpYba4bIpaeKElV1LNz3Sz4Fk9Yh5CeWaj8h4bQ2RY0CxFVgA%2ByBE5DE%2B1cAuw4i%2Bp2GVj5RbuDPEUotReGbS25iAukuBsuUd%2Fl5dp
07-02 08:26:01.561  6057  6364 D GetStringObjTask: WebRequest SERVER RESPONSE: Success+0
07-02 08:26:12.064  6074  6077 D dalvikvm: GC_CONCURRENT freed 505K, 7% free 10442K/11143K, paused 2ms+7ms
07-02 08:26:12.229  5637  5640 D dalvikvm: GC_CONCURRENT freed 429K, 8% free 10177K/11015K, paused 1ms+2ms
07-02 08:27:11.451  5940  5942 D dalvikvm: GC_CONCURRENT freed 913K, 9% free 12135K/13255K, paused 26ms+21ms
07-02 08:27:28.740   145   200 D DhcpInfoInternal: makeLinkProperties with empty dns2!
07-02 08:27:28.740   145   200 D DhcpInfoInternal: makeLinkProperties with empty dns2!
07-02 08:27:39.275  5756  5769 I PhoneLab-: Service Running
07-02 08:27:39.307  5756  5769 I PhoneLab-LoggerService: app_37    1360  1     1436   996   c00f181c 400107b4 S logcat
07-02 08:27:39.311  5756  5769 I PhoneLab-LoggerService: Logcat pid from database 1360
07-02 08:27:39.311  5756  5769 I PhoneLab-LoggerService: Logcat process found 1360
07-02 08:27:39.311  5756  5769 I PhoneLab-LoggerService: Checking Threshold
07-02 08:28:12.041  6074  6077 D dalvikvm: GC_CONCURRENT freed 515K, 7% free 10438K/11143K, paused 2ms+2ms
07-02 08:28:12.182  5637  5640 D dalvikvm: GC_CONCURRENT freed 495K, 8% free 10189K/11015K, paused 2ms+5ms
07-02 08:28:31.162  5637  5640 D dalvikvm: GC_CONCURRENT freed 454K, 8% free 10180K/11015K, paused 2ms+3ms
07-02 08:28:32.779  5637  5640 D dalvikvm: GC_CONCURRENT freed 419K, 8% free 10212K/11015K, paused 3ms+4ms
07-02 08:28:32.811  5637  5646 E SQLiteDatabase: close() was never explicitly called on database '/data/data/com.google.android.apps.maps/databases/google_latitude_history.db' 
07-02 08:28:32.811  5637  5646 E SQLiteDatabase: android.database.sqlite.DatabaseObjectNotClosedException: Application did not close the cursor or database object that was opened here
07-02 08:28:32.811  5637  5646 E SQLiteDatabase: 	at android.database.sqlite.SQLiteDatabase.<init>(SQLiteDatabase.java:1943)
07-02 08:28:32.811  5637  5646 E SQLiteDatabase: 	at android.database.sqlite.SQLiteDatabase.openDatabase(SQLiteDatabase.java:1007)
07-02 08:28:32.811  5637  5646 E SQLiteDatabase: 	at android.database.sqlite.SQLiteDatabase.openDatabase(SQLiteDatabase.java:986)
07-02 08:28:32.811  5637  5646 E SQLiteDatabase: 	at android.database.sqlite.SQLiteDatabase.openOrCreateDatabase(SQLiteDatabase.java:1051)
07-02 08:28:32.811  5637  5646 E SQLiteDatabase: 	at android.app.ContextImpl.openOrCreateDatabase(ContextImpl.java:770)
07-02 08:28:32.811  5637  5646 E SQLiteDatabase: 	at android.content.ContextWrapper.openOrCreateDatabase(ContextWrapper.java:221)
07-02 08:28:32.811  5637  5646 E SQLiteDatabase: 	at android.database.sqlite.SQLiteOpenHelper.getWritableDatabase(SQLiteOpenHelper.java:157)
07-02 08:28:32.811  5637  5646 E SQLiteDatabase: 	at com.google.googlenav.friend.history.n.a(SourceFile:61)
07-02 08:28:32.811  5637  5646 E SQLiteDatabase: 	at com.google.googlenav.friend.reporting.LocationPrivacyService.a(SourceFile:180)
07-02 08:28:32.811  5637  5646 E SQLiteDatabase: 	at com.google.googlenav.friend.reporting.LocationPrivacyService.onHandleIntent(SourceFile:118)
07-02 08:28:32.811  5637  5646 E SQLiteDatabase: 	at android.app.IntentService$ServiceHandler.handleMessage(IntentService.java:65)
07-02 08:28:32.811  5637  5646 E SQLiteDatabase: 	at android.os.Handler.dispatchMessage(Handler.java:99)
07-02 08:28:32.811  5637  5646 E SQLiteDatabase: 	at android.os.Looper.loop(Looper.java:137)
07-02 08:28:32.811  5637  5646 E SQLiteDatabase: 	at android.os.HandlerThread.run(HandlerThread.java:60)
07-02 08:28:32.811  5637  5646 E System  : Uncaught exception thrown by finalizer
07-02 08:28:32.818  5637  5646 E System  : java.lang.IllegalStateException: Don't have database lock!
07-02 08:28:32.818  5637  5646 E System  : 	at android.database.sqlite.SQLiteDatabase.verifyLockOwner(SQLiteDatabase.java:2090)
07-02 08:28:32.818  5637  5646 E System  : 	at android.database.sqlite.SQLiteDatabase$1.entryRemoved(SQLiteDatabase.java:2182)
07-02 08:28:32.818  5637  5646 E System  : 	at android.database.sqlite.SQLiteDatabase$1.entryRemoved(SQLiteDatabase.java:2178)
07-02 08:28:32.818  5637  5646 E System  : 	at android.util.LruCache.trimToSize(LruCache.java:197)
07-02 08:28:32.818  5637  5646 E System  : 	at android.util.LruCache.evictAll(LruCache.java:285)
07-02 08:28:32.818  5637  5646 E System  : 	at android.database.sqlite.SQLiteDatabase.deallocCachedSqlStatements(SQLiteDatabase.java:2143)
07-02 08:28:32.818  5637  5646 E System  : 	at android.database.sqlite.SQLiteDatabase.closeClosable(SQLiteDatabase.java:1126)
07-02 08:28:32.818  5637  5646 E System  : 	at android.database.sqlite.SQLiteDatabase.finalize(SQLiteDatabase.java:1914)
07-02 08:28:32.818  5637  5646 E System  : 	at java.lang.Daemons$FinalizerDaemon.doFinalize(Daemons.java:182)
07-02 08:28:32.818  5637  5646 E System  : 	at java.lang.Daemons$FinalizerDaemon.run(Daemons.java:168)
07-02 08:28:32.818  5637  5646 E System  : 	at java.lang.Thread.run(Thread.java:856)
07-02 08:28:34.162  6155  7194 D dalvikvm: GC_FOR_ALLOC freed 382K, 8% free 11646K/12551K, paused 35ms
07-02 08:28:34.162  6155  7194 I dalvikvm-heap: Grow heap (frag case) to 11.527MB for 89132-byte allocation
07-02 08:28:34.213  6155  6164 D dalvikvm: GC_FOR_ALLOC freed 98K, 9% free 11635K/12679K, paused 37ms
07-02 08:28:34.252  6155  7194 D dalvikvm: GC_FOR_ALLOC freed 3K, 9% free 11632K/12679K, paused 32ms
07-02 08:28:34.260  6155  7194 I dalvikvm-heap: Grow heap (frag case) to 11.598MB for 179146-byte allocation
07-02 08:28:34.311  6155  7194 D dalvikvm: GC_FOR_ALLOC freed 87K, 9% free 11719K/12871K, paused 35ms
07-02 08:28:35.607  6155  6157 D dalvikvm: GC_CONCURRENT freed 884K, 10% free 11618K/12871K, paused 2ms+3ms
07-02 08:28:38.486  6578  6578 D GoogleVoice: A notification tickle arrived.
07-02 08:28:38.768  6578  6581 D dalvikvm: GC_CONCURRENT freed 436K, 6% free 9906K/10439K, paused 2ms+6ms
07-02 08:28:39.166  6578  6578 W MessageQueue: Handler (android.os.Handler) {413b1c40} sending message to a Handler on a dead thread
07-02 08:28:39.166  6578  6578 W MessageQueue: java.lang.RuntimeException: Handler (android.os.Handler) {413b1c40} sending message to a Handler on a dead thread
07-02 08:28:39.166  6578  6578 W MessageQueue: 	at android.os.MessageQueue.enqueueMessage(MessageQueue.java:196)
07-02 08:28:39.166  6578  6578 W MessageQueue: 	at android.os.Handler.sendMessageAtTime(Handler.java:473)
07-02 08:28:39.166  6578  6578 W MessageQueue: 	at android.os.Handler.sendMessageDelayed(Handler.java:446)
07-02 08:28:39.166  6578  6578 W MessageQueue: 	at android.os.Handler.post(Handler.java:263)
07-02 08:28:39.166  6578  6578 W MessageQueue: 	at com.google.android.apps.googlevoice.AndroidBackgroundThread.runInBackground(AndroidBackgroundThread.java:94)
07-02 08:28:39.166  6578  6578 W MessageQueue: 	at com.google.android.apps.googlevoice.widget.WidgetServiceHandler.update(WidgetServiceHandler.java:243)
07-02 08:28:39.166  6578  6578 W MessageQueue: 	at com.google.android.apps.googlevoice.widget.WidgetServiceHandler.handleMessage(WidgetServiceHandler.java:93)
07-02 08:28:39.166  6578  6578 W MessageQueue: 	at com.google.android.apps.googlevoice.activity.MessageReceiverAsHandler.handleMessage(MessageReceiverAsHandler.java:26)
07-02 08:28:39.166  6578  6578 W MessageQueue: 	at android.os.Handler.dispatchMessage(Handler.java:99)
07-02 08:28:39.166  6578  6578 W MessageQueue: 	at android.os.Looper.loop(Looper.java:137)
07-02 08:28:39.166  6578  6578 W MessageQueue: 	at android.app.ActivityThread.main(ActivityThread.java:4424)
07-02 08:28:39.166  6578  6578 W MessageQueue: 	at java.lang.reflect.Method.invokeNative(Native Method)
07-02 08:28:39.166  6578  6578 W MessageQueue: 	at java.lang.reflect.Method.invoke(Method.java:511)
07-02 08:28:39.166  6578  6578 W MessageQueue: 	at com.android.internal.os.ZygoteInit$MethodAndArgsCaller.run(ZygoteInit.java:784)
07-02 08:28:39.166  6578  6578 W MessageQueue: 	at com.android.internal.os.ZygoteInit.main(ZygoteInit.java:551)
07-02 08:28:39.166  6578  6578 W MessageQueue: 	at dalvik.system.NativeStart.main(Native Method)
07-02 08:28:39.369  6578  6578 D GoogleVoice: com.google.android.apps.googlevoice.vvm.service.GvVvmService$Handler Handling message 1001
07-02 08:28:39.369  6578  6595 W System.err: com.google.android.apps.googlevoice.net.VoiceServiceException: Voice service failed [INVALID_AUTH_TOKEN]
07-02 08:28:39.373  6578  6595 W System.err: 	at com.google.android.apps.googlevoice.net.masf.MASFVoiceService.checkCredentials(MASFVoiceService.java:107)
07-02 08:28:39.373  6578  6595 W System.err: 	at com.google.android.apps.googlevoice.net.masf.MASFVoiceService.getAuthToken(MASFVoiceService.java:95)
07-02 08:28:39.373  6578  6595 W System.err: 	at com.google.android.apps.googlevoice.net.masf.MASFCheckinRpc.createRequestPayload(MASFCheckinRpc.java:38)
07-02 08:28:39.373  6578  6595 W System.err: 	at com.google.android.apps.googlevoice.net.masf.MASFApiRpc.requestSubmit(MASFApiRpc.java:160)
07-02 08:28:39.373  6578  6595 W System.err: 	at com.google.android.apps.googlevoice.net.masf.MASFApiRpc.run(MASFApiRpc.java:141)
07-02 08:28:39.373  6578  6595 W System.err: 	at com.googlex.common.task.AbstractTask.run(Unknown Source)
07-02 08:28:39.373  6578  6595 W System.err: 	at com.googlex.common.task.AbstractTask.runInternal(Unknown Source)
07-02 08:28:39.373  6578  6595 W System.err: 	at com.googlex.common.task.TaskRunner.run(Unknown Source)
07-02 08:28:39.373  6578  6595 W System.err: 	at com.googlex.common.lang.BaseThreadFactory$ThreadImpl.run(Unknown Source)
07-02 08:28:39.486   216   218 D dalvikvm: GC_CONCURRENT freed 155K, 31% free 9997K/14343K, paused 2ms+4ms
07-02 08:28:39.580   216   218 D dalvikvm: GC_CONCURRENT freed 476K, 31% free 9985K/14343K, paused 2ms+3ms
07-02 08:28:39.709  6578  6597 I System.out: [INFO:2554482]: LogSource: Running flush
07-02 08:28:39.709   145   361 W AppWidgetService: updateAppWidgetProvider: provider doesn't exist: ComponentInfo{com.google.android.apps.googlevoice/com.google.android.apps.googlevoice.widget.WidgetSettingsProvider}
07-02 08:28:39.795  6578  6581 D dalvikvm: GC_CONCURRENT freed 372K, 5% free 10059K/10503K, paused 3ms+14ms
07-02 08:28:39.795  6578  6578 W GoogleVoice: CheckinHelper: ApiCheckin failed
07-02 08:28:39.799  6578  6578 D GoogleVoice: com.google.android.apps.googlevoice.vvm.service.GvVvmService$Handler Handling message 1011
07-02 08:28:39.811  6578  6600 I System.out: [INFO:2554582]: LogSource: Sending payload [bytes=409]
07-02 08:28:39.814   145 28236 W AppWidgetService: updateAppWidgetProvider: provider doesn't exist: ComponentInfo{com.google.android.apps.googlevoice/com.google.android.apps.googlevoice.widget.WidgetInboxProvider}
07-02 08:28:39.850  6578  7204 I GoogleVoice: Deleting all voicemails
07-02 08:28:39.861  6578  6597 I System.out: [INFO:2554635]: LogSource: Running flush
07-02 08:28:39.865  6578  6597 I System.out: [INFO:2554639]: LogSource: Running flush
07-02 08:28:39.869  6578  6598 I System.out: [INFO:2554641]: LogSource: Sending payload [bytes=849]
07-02 08:28:40.459  6578  6581 D dalvikvm: GC_CONCURRENT freed 500K, 6% free 10124K/10695K, paused 3ms+8ms
07-02 08:28:40.908  6578  6600 I System.out: [INFO:2555678]: LogSource: Response [http=200,length=254]
07-02 08:28:40.908  6578  6597 I System.out: [INFO:2555680]: LogSource: Read id 1, status code 200
07-02 08:28:41.709  6578  6598 I System.out: [INFO:2556481]: LogSource: Response [http=200,length=2508]
07-02 08:28:41.709  6578  6597 I System.out: [INFO:2556482]: LogSource: Read id 2, status code 200
07-02 08:28:41.756  6578  6597 I System.out: [INFO:2556526]: LogSource: Read id 3, status code 200
07-02 08:28:41.932  6578  6581 D dalvikvm: GC_CONCURRENT freed 440K, 5% free 10245K/10759K, paused 2ms+3ms
07-02 08:28:41.963   145   348 W AppWidgetService: updateAppWidgetProvider: provider doesn't exist: ComponentInfo{com.google.android.apps.googlevoice/com.google.android.apps.googlevoice.widget.WidgetSettingsProvider}
07-02 08:28:41.967   145  9966 W AppWidgetService: updateAppWidgetProvider: provider doesn't exist: ComponentInfo{com.google.android.apps.googlevoice/com.google.android.apps.googlevoice.widget.WidgetInboxProvider}
07-02 08:28:42.010  6578  6578 D GoogleVoice: com.google.android.apps.googlevoice.vvm.service.GvVvmService$Handler Handling message 1001
07-02 08:28:42.018  6578  6578 D GoogleVoice: com.google.android.apps.googlevoice.vvm.service.GvVvmService$Handler Handling message 1011
07-02 08:28:42.021   145 21614 W AppWidgetService: updateAppWidgetProvider: provider doesn't exist: ComponentInfo{com.google.android.apps.googlevoice/com.google.android.apps.googlevoice.widget.WidgetSettingsProvider}
07-02 08:28:42.025  6578  6597 I System.out: [INFO:2556799]: LogSource: Running flush
07-02 08:28:42.029  6578  6599 I System.out: [INFO:2556800]: LogSource: Sending payload [bytes=500]
07-02 08:28:42.041   145   365 W AppWidgetService: updateAppWidgetProvider: provider doesn't exist: ComponentInfo{com.google.android.apps.googlevoice/com.google.android.apps.googlevoice.widget.WidgetInboxProvider}
07-02 08:28:42.061  6578  7210 I GoogleVoice: Deleting all voicemails
07-02 08:28:42.061   145  1150 W AppWidgetService: updateAppWidgetProvider: provider doesn't exist: ComponentInfo{com.google.android.apps.googlevoice/com.google.android.apps.googlevoice.widget.WidgetSettingsProvider}
07-02 08:28:42.080   145  4009 W AppWidgetService: updateAppWidgetProvider: provider doesn't exist: ComponentInfo{com.google.android.apps.googlevoice/com.google.android.apps.googlevoice.widget.WidgetInboxProvider}
07-02 08:28:42.385  6578  6599 I System.out: [INFO:2557155]: LogSource: Response [http=200,length=22]
07-02 08:28:42.385  6578  6597 I System.out: [INFO:2557157]: LogSource: Read id 4, status code 200
07-02 08:28:42.631  6578  6581 D dalvikvm: GC_CONCURRENT freed 436K, 6% free 10262K/10823K, paused 2ms+7ms
07-02 08:29:32.705  6074  6077 D dalvikvm: GC_CONCURRENT freed 506K, 7% free 10444K/11143K, paused 1ms+4ms
07-02 08:29:39.275  5756  5769 I PhoneLab-: Service Running
07-02 08:29:39.326  5756  5769 I PhoneLab-LoggerService: app_37    1360  1     1436   996   c00f181c 400107b4 S logcat
07-02 08:29:39.326  5756  5769 I PhoneLab-LoggerService: Logcat pid from database 1360
07-02 08:29:39.330  5756  5769 I PhoneLab-LoggerService: Logcat process found 1360
07-02 08:29:39.330  5756  5769 I PhoneLab-LoggerService: Checking Threshold
07-02 08:29:48.084   145   171 V WiredAccessoryObserver: Headset UEVENT: {SUBSYSTEM=switch, SWITCH_STATE=0, DEVPATH=/devices/virtual/switch/h2w, SEQNUM=7529, ACTION=change, SWITCH_NAME=h2w}
07-02 08:29:48.084   145   171 V WiredAccessoryObserver: newState = 0, headsetState = 0,mHeadsetState = 2
07-02 08:29:48.111   145   162 I ActivityManager: Start proc com.android.music for broadcast com.android.music/.MediaButtonIntentReceiver: pid=7214 uid=10032 gids={3003, 1015}
07-02 08:29:48.158  7214  7214 I dalvikvm: Turning on JNI app bug workarounds for target SDK version 9...
07-02 08:29:48.256   145  1149 I AudioService:   Remote Control   registerMediaButtonIntent() for PendingIntent{41dec1c8: PendingIntentRecord{41868d98 com.android.music broadcastIntent}}
07-02 08:29:49.014   145   156 D dalvikvm: GC_EXPLICIT freed 1410K, 29% free 16771K/23367K, paused 3ms+9ms
07-02 08:29:49.107   145   161 V WiredAccessoryObserver: Intent.ACTION_HEADSET_PLUG: state: 0 name: h2w mic: 0
07-02 08:29:53.404   145   200 D DhcpInfoInternal: makeLinkProperties with empty dns2!
07-02 08:29:53.404   145   200 D DhcpInfoInternal: makeLinkProperties with empty dns2!
07-02 08:30:02.037   145   161 I power   : *** set_screen_state 1
07-02 08:30:02.037   145   177 I WindowManager: No lock screen!
07-02 08:30:02.064  5756  5756 I PhoneLab-PowerOnReceiver: Power is plugged off!
07-02 08:30:02.162  5756  5758 D dalvikvm: GC_CONCURRENT freed 467K, 14% free 9151K/10631K, paused 16ms+5ms
07-02 08:30:03.002  5756  5756 I PhoneLab-Locks: wake lock acquired
07-02 08:30:03.018  5756  7250 I PhoneLab-PeriodicCheckService: User info is synched
07-02 08:30:03.021  5756  7250 I PhoneLab-PeriodicCheckService: Logger Service is running
07-02 08:30:03.025  5756  5756 I PhoneLab-Locks: wake lock acquired
07-02 08:30:03.029  5756  5756 I PhoneLab-StatusMonitor: Status Monitoring is started
07-02 08:30:03.029  5756  7250 I PhoneLab-Locks: wake lock acquired
07-02 08:30:03.033  5756  7250 I PhoneLab-PeriodicCheckService: Rescheduling periodic checking...
07-02 08:30:03.041  5756  5756 E PhoneLab-PhoneLabManifest: java.io.FileNotFoundException: /data/data/edu.buffalo.cse.phonelab.phonelabservices/files/manifest.xml: open failed: ENOENT (No such file or directory)
07-02 08:30:03.041  5756  7250 I PhoneLab-Locks: wake lock released
07-02 08:30:03.057  5756  5756 I PhoneLab-Locks: wake lock released
07-02 08:30:03.057  5756  5756 I PhoneLab-UploadLogs: Transfering log files now
07-02 08:30:03.057  5756  5756 I PhoneLab-UploadLogs: No log files to transfer
07-02 08:30:03.057  5756  5756 I PhoneLab-Locks: wake lock released
07-02 08:30:03.061  5756  5756 I PhoneLab-UploadLogs: OnStartCommand
07-02 08:30:08.604   145   182 I InputReader: Dropping virtual key from device cypress-touchkey because virtual keys are temporarily disabled for the next 220.624ms.  keyCode=3, scanCode=102
07-02 08:30:09.057   145   173 I power   : *** set_screen_state 0
07-02 08:30:09.092   145   182 I InputReader: Dropping key up from device cypress-touchkey because the key was not down.  keyCode=3, scanCode=102
07-02 08:30:09.104    78   121 D SurfaceFlinger: About to give-up screen, flinger = 0x457918
07-02 08:30:09.166   145   177 V TransportControlView: Create TCV com.android.internal.widget.TransportControlView@419a3128
07-02 08:30:10.209   216   216 D PhoneStatusBar: disable: < expand icons alerts ticker system_info back home RECENT* clock >
07-02 08:30:10.354   362   772 D NfcService: NFC-C OFF, disconnect
07-02 08:30:10.475   216   216 D PhoneStatusBar: disable: < expand icons alerts ticker system_info BACK* HOME* RECENT CLOCK* >
07-02 08:30:16.299   145   395 W ActivityManager: finishReceiver called but no pending broadcasts
07-02 08:30:16.428  6074  6077 D dalvikvm: GC_CONCURRENT freed 393K, 6% free 10562K/11143K, paused 1ms+2ms
07-02 08:30:25.121   145   310 W ActivityManager: finishReceiver called but no pending broadcasts
07-02 08:30:25.226  6074  6077 D dalvikvm: GC_CONCURRENT freed 569K, 6% free 10560K/11207K, paused 2ms+3ms
07-02 08:30:32.800  6074  6077 D dalvikvm: GC_CONCURRENT freed 558K, 7% free 10487K/11207K, paused 2ms+14ms
07-02 08:30:32.816  5637  5640 D dalvikvm: GC_CONCURRENT freed 509K, 8% free 10213K/11015K, paused 2ms+7ms
07-02 08:30:33.129   345   345 D SAN_SERVICE: *******************************************
07-02 08:30:33.129   345   345 D SAN_SERVICE: DM App Phone Service State - 0
07-02 08:30:33.129   345   345 D SAN_SERVICE: *******************************************
07-02 08:30:33.148   216   218 D dalvikvm: GC_CONCURRENT freed 445K, 31% free 9924K/14343K, paused 14ms+3ms
07-02 08:30:33.211   345   345 D SAN_SERVICE: *******************************************
07-02 08:30:33.211   345   345 D SAN_SERVICE: DM App Phone Service State - 0
07-02 08:30:33.211   345   345 D SAN_SERVICE: *******************************************
07-02 08:30:33.945   145  4009 W ActivityManager: finishReceiver called but no pending broadcasts
07-02 08:30:34.086  6074  6077 D dalvikvm: GC_CONCURRENT freed 435K, 6% free 10564K/11207K, paused 2ms+3ms
07-02 08:30:36.144   306   306 I wpa_supplicant: wlan0: WPA: Group rekeying completed with 94:44:52:17:be:7d [GTK=CCMP]
07-02 08:30:42.707   145   348 W ActivityManager: finishReceiver called but no pending broadcasts
07-02 08:30:42.804  6074  6077 D dalvikvm: GC_CONCURRENT freed 498K, 6% free 10579K/11207K, paused 2ms+2ms
07-02 08:30:44.136   306   306 I wpa_supplicant: wlan0: WPA: Group rekeying completed with 94:44:52:17:be:7d [GTK=CCMP]
07-02 08:30:51.472   145   310 W ActivityManager: finishReceiver called but no pending broadcasts
07-02 08:30:51.586  6074  6077 D dalvikvm: GC_CONCURRENT freed 521K, 6% free 10577K/11207K, paused 2ms+2ms
07-02 08:30:58.476   345   345 D SAN_SERVICE: *******************************************
07-02 08:30:58.476   345   345 D SAN_SERVICE: DM App Phone Service State - 0
07-02 08:30:58.476   345   345 D SAN_SERVICE: *******************************************
07-02 08:30:59.234   345   345 D SAN_SERVICE: *******************************************
07-02 08:30:59.234   345   345 D SAN_SERVICE: DM App Phone Service State - 0
07-02 08:30:59.234   345   345 D SAN_SERVICE: *******************************************
07-02 08:31:00.269   145 21614 W ActivityManager: finishReceiver called but no pending broadcasts
07-02 08:31:00.379  6074  6077 D dalvikvm: GC_CONCURRENT freed 523K, 6% free 10571K/11207K, paused 2ms+7ms
07-02 08:31:05.125  6057  6474 D GetStringObjTask: retrieving from url = http://www.chess.com/api/get_move_status?id=y3ICtufzg6w7rQqcD3KFujVaIanpYba4bIpaeKElV1LNz3Sz4Fk9Yh5CeWaj8h4bQ2RY0CxFVgA%2ByBE5DE%2B1cAuw4i%2Bp2GVj5RbuDPEUotReGbS25iAukuBsuUd%2Fl5dp
07-02 08:31:05.402  6057  6474 D GetStringObjTask: WebRequest SERVER RESPONSE: Success+0
07-02 08:31:06.910   145 28236 I AudioService:  AudioFocus  abandonAudioFocus() from android.media.AudioManager@41353300com.android.music.MediaPlaybackService$3@413522a0
07-02 08:31:06.925   145   162 I ActivityManager: Start proc com.android.musicfx for broadcast com.android.musicfx/.ControlPanelReceiver: pid=7265 uid=10033 gids={3003, 3002}
07-02 08:31:07.011  7265  7265 V MusicFXControlPanelReceiver: onReceive
07-02 08:31:07.011  7265  7265 V MusicFXControlPanelReceiver: Action: android.media.action.CLOSE_AUDIO_EFFECT_CONTROL_SESSION
07-02 08:31:07.011  7265  7265 V MusicFXControlPanelReceiver: Package name: com.android.music
07-02 08:31:07.011  7265  7265 V MusicFXControlPanelReceiver: Audio session: 187
07-02 08:31:07.011  7265  7265 V MusicFXControlPanelEffect: closeSession(android.app.ReceiverRestrictedContext@413466e8, com.android.music, 187)
07-02 08:31:08.695   345   345 D SAN_SERVICE: *******************************************
07-02 08:31:08.695   345   345 D SAN_SERVICE: DM App Phone Service State - 0
07-02 08:31:08.695   345   345 D SAN_SERVICE: *******************************************
07-02 08:31:09.019   145   145 W ActivityManager: finishReceiver called but no pending broadcasts
07-02 08:31:09.105  6074  6077 D dalvikvm: GC_CONCURRENT freed 526K, 6% free 10562K/11207K, paused 2ms+3ms
07-02 08:31:32.824   145   147 D dalvikvm: GC_CONCURRENT freed 995K, 25% free 17603K/23367K, paused 17ms+7ms
07-02 08:31:32.867  6074  6077 D dalvikvm: GC_CONCURRENT freed 529K, 7% free 10456K/11207K, paused 2ms+127ms
07-02 08:31:32.976  5637  5640 D dalvikvm: GC_CONCURRENT freed 485K, 8% free 10221K/11015K, paused 2ms+6ms
07-02 08:31:46.113   145   177 I power   : *** set_screen_state 1
07-02 08:31:46.129   145   177 I WindowManager: Lock screen displayed!
07-02 08:31:46.324    78   121 D SurfaceFlinger: Screen about to return, flinger = 0x457918
07-02 08:31:47.851   216   216 D PhoneStatusBar: disable: < expand icons alerts ticker system_info BACK HOME recent* CLOCK >
07-02 08:31:47.871   145 28236 W InputManagerService: Window already focused, ignoring focus gain of: com.android.internal.view.IInputMethodClient$Stub$Proxy@418525d0
07-02 08:31:47.882   216   216 D PhoneStatusBar: disable: < expand icons alerts ticker system_info back* home* recent clock* >
07-02 08:31:47.902   362 12108 D NfcService: NFC-C ON
07-02 08:31:47.953 10674 10676 D dalvikvm: GC_CONCURRENT freed 1299K, 18% free 10086K/12167K, paused 5ms+2ms
07-02 08:31:48.078  4471  4473 D dalvikvm: GC_CONCURRENT freed 311K, 6% free 10084K/10631K, paused 6ms+3ms
07-02 08:31:49.125   345   345 D SAN_SERVICE: *******************************************
07-02 08:31:49.125   345   345 D SAN_SERVICE: DM App Phone Service State - 0
07-02 08:31:49.125   345   345 D SAN_SERVICE: *******************************************
07-02 08:31:49.402   345   345 D SAN_SERVICE: *******************************************
07-02 08:31:49.402   345   345 D SAN_SERVICE: DM App Phone Service State - 0
07-02 08:31:49.402   345   345 D SAN_SERVICE: *******************************************
07-02 08:31:52.656   145   157 W InputManagerService: Window already focused, ignoring focus gain of: com.android.internal.view.IInputMethodClient$Stub$Proxy@415db9c8
07-02 08:31:52.754   216   218 D dalvikvm: GC_CONCURRENT freed 407K, 31% free 9909K/14343K, paused 1ms+2ms
07-02 08:31:52.804   216   216 D dalvikvm: GC_FOR_ALLOC freed 598K, 33% free 9731K/14343K, paused 20ms
07-02 08:31:52.918   216   218 D dalvikvm: GC_CONCURRENT freed 387K, 32% free 9779K/14343K, paused 2ms+3ms
07-02 08:31:55.390   145   173 I power   : *** set_screen_state 0
07-02 08:31:55.437    78   121 D SurfaceFlinger: About to give-up screen, flinger = 0x457918
07-02 08:31:55.480   145   177 V TransportControlView: Create TCV com.android.internal.widget.TransportControlView@4182e980
07-02 08:31:55.519   216   216 D PhoneStatusBar: disable: < expand icons alerts ticker system_info back home RECENT* clock >
07-02 08:31:55.539   216   216 D PhoneStatusBar: disable: < expand icons alerts ticker system_info BACK* HOME* RECENT CLOCK* >
07-02 08:31:55.554   362 19018 D NfcService: NFC-C OFF, disconnect
07-02 08:31:59.398   345   345 D SAN_SERVICE: *******************************************
07-02 08:31:59.398   345   345 D SAN_SERVICE: DM App Phone Service State - 0
07-02 08:31:59.398   345   345 D SAN_SERVICE: *******************************************
07-02 08:31:59.625   345   345 D SAN_SERVICE: *******************************************
07-02 08:31:59.625   345   345 D SAN_SERVICE: DM App Phone Service State - 0
07-02 08:31:59.625   345   345 D SAN_SERVICE: *******************************************
07-02 08:32:00.402   345   345 D SAN_SERVICE: *******************************************
07-02 08:32:00.402   345   345 D SAN_SERVICE: DM App Phone Service State - 0
07-02 08:32:00.402   345   345 D SAN_SERVICE: *******************************************
07-02 08:32:01.125   145  1149 W ActivityManager: finishReceiver called but no pending broadcasts
07-02 08:32:01.246  6074  6077 D dalvikvm: GC_CONCURRENT freed 392K, 6% free 10575K/11207K, paused 2ms+9ms
07-02 08:32:06.695   345   345 D SAN_SERVICE: *******************************************
07-02 08:32:06.695   345   345 D SAN_SERVICE: DM App Phone Service State - 0
07-02 08:32:06.695   345   345 D SAN_SERVICE: *******************************************
07-02 08:32:07.488   345   345 D SAN_SERVICE: *******************************************
07-02 08:32:07.488   345   345 D SAN_SERVICE: DM App Phone Service State - 0
07-02 08:32:07.488   345   345 D SAN_SERVICE: *******************************************
07-02 08:32:09.922   145   348 W ActivityManager: finishReceiver called but no pending broadcasts
07-02 08:32:10.015  6074  6077 D dalvikvm: GC_CONCURRENT freed 524K, 6% free 10569K/11207K, paused 1ms+3ms
07-02 08:32:15.164   145   396 D dalvikvm: JIT code cache reset in 4 ms (1048560 bytes 25/0)
07-02 08:32:15.187   145   396 D dalvikvm: GC_EXPLICIT freed 632K, 23% free 18048K/23367K, paused 3ms+15ms
07-02 08:32:16.961   345   345 D SAN_SERVICE: *******************************************
07-02 08:32:16.961   345   345 D SAN_SERVICE: DM App Phone Service State - 0
07-02 08:32:16.961   345   345 D SAN_SERVICE: *******************************************
07-02 08:32:17.472   345   345 D SAN_SERVICE: *******************************************
07-02 08:32:17.472   345   345 D SAN_SERVICE: DM App Phone Service State - 0
07-02 08:32:17.472   345   345 D SAN_SERVICE: *******************************************
07-02 08:32:18.281   145   200 D DhcpInfoInternal: makeLinkProperties with empty dns2!
07-02 08:32:18.285   145   200 D DhcpInfoInternal: makeLinkProperties with empty dns2!
07-02 08:32:18.699   145 21614 W ActivityManager: finishReceiver called but no pending broadcasts
07-02 08:32:18.785  6074  6077 D dalvikvm: GC_CONCURRENT freed 523K, 6% free 10562K/11207K, paused 2ms+3ms
07-02 08:32:27.183   345   345 D SAN_SERVICE: *******************************************
07-02 08:32:27.183   345   345 D SAN_SERVICE: DM App Phone Service State - 0
07-02 08:32:27.183   345   345 D SAN_SERVICE: *******************************************
07-02 08:32:27.449   145  9966 W ActivityManager: finishReceiver called but no pending broadcasts
07-02 08:32:27.554  6074  6077 D dalvikvm: GC_CONCURRENT freed 468K, 6% free 10607K/11207K, paused 7ms+7ms
07-02 08:32:27.679   345   345 D SAN_SERVICE: *******************************************
07-02 08:32:27.679   345   345 D SAN_SERVICE: DM App Phone Service State - 0
07-02 08:32:27.679   345   345 D SAN_SERVICE: *******************************************
07-02 08:32:32.793   145   157 I ActivityManager: Process com.google.android.gm (pid 6177) has died.
07-02 08:32:32.832  6074  6077 D dalvikvm: GC_CONCURRENT freed 626K, 7% free 10453K/11207K, paused 2ms+13ms
07-02 08:32:36.218   145   395 W ActivityManager: finishReceiver called but no pending broadcasts
07-02 08:32:36.363  6074  6077 D dalvikvm: GC_CONCURRENT freed 382K, 6% free 10583K/11207K, paused 2ms+3ms
07-02 08:32:41.347   345   345 D SAN_SERVICE: *******************************************
07-02 08:32:41.347   345   345 D SAN_SERVICE: DM App Phone Service State - 0
07-02 08:32:41.347   345   345 D SAN_SERVICE: *******************************************
07-02 08:32:41.429   345   347 D dalvikvm: GC_CONCURRENT freed 934K, 13% free 12191K/13895K, paused 11ms+3ms
07-02 08:32:41.558   345   345 D SAN_SERVICE: *******************************************
07-02 08:32:41.558   345   345 D SAN_SERVICE: DM App Phone Service State - 0
07-02 08:32:41.558   345   345 D SAN_SERVICE: *******************************************
07-02 08:32:45.086   145  1149 W ActivityManager: finishReceiver called but no pending broadcasts
07-02 08:32:45.109  6074  6081 I dalvikvm: Jit: resizing JitTable from 4096 to 8192
07-02 08:32:45.148  5756  5769 I PhoneLab-: Service Running
07-02 08:32:45.222  6074  6077 D dalvikvm: GC_CONCURRENT freed 525K, 6% free 10578K/11207K, paused 2ms+2ms
07-02 08:32:45.250  5756  5769 I PhoneLab-LoggerService: app_37    1360  1     1436   996   c00f181c 400107b4 S logcat
07-02 08:32:45.250  5756  5769 I PhoneLab-LoggerService: Logcat pid from database 1360
07-02 08:32:45.250  5756  5769 I PhoneLab-LoggerService: Logcat process found 1360
07-02 08:32:45.250  5756  5769 I PhoneLab-LoggerService: Checking Threshold
07-02 08:32:53.988   145   310 W ActivityManager: finishReceiver called but no pending broadcasts
07-02 08:32:54.086  6074  6077 D dalvikvm: GC_CONCURRENT freed 522K, 6% free 10574K/11207K, paused 2ms+2ms
07-02 08:33:24.148   306   306 I wpa_supplicant: wlan0: WPA: Group rekeying completed with 94:44:52:17:be:7d [GTK=CCMP]
07-02 08:33:25.910   145   161 V BackupManagerService: Running a backup pass
07-02 08:33:25.910   145   215 V BackupManagerService: clearing pending backups
07-02 08:33:25.914   145   215 V PerformBackupTask: Beginning backup of 1 targets
07-02 08:33:26.058   145   215 D PerformBackupTask: processOneBackup doBackup() on @pm@
07-02 08:33:26.062   145   215 V BackupServiceBinder: doBackup() invoked
07-02 08:33:26.070   145   215 I PerformBackupTask: no backup data written; not calling transport
07-02 08:33:26.074   145   215 D PerformBackupTask: starting agent for backup of BackupRequest{pkg=com.android.providers.settings}
07-02 08:33:26.074   145   161 V ActivityThread: handleCreateBackupAgent: CreateBackupAgentData{appInfo=ApplicationInfo{414c0ca0 com.android.providers.settings} backupAgent=com.android.providers.settings.SettingsBackupAgent mode=0}
07-02 08:33:26.074   145   161 V ActivityThread: Initializing agent class com.android.providers.settings.SettingsBackupAgent
07-02 08:33:26.074   145   215 D BackupManagerService: awaiting agent for ApplicationInfo{414c0ca0 com.android.providers.settings}
07-02 08:33:26.078   145   161 D SettingsBackupAgent: onCreate() invoked
07-02 08:33:26.078   145   161 D BackupManagerService: agentConnected pkg=com.android.providers.settings agent=android.app.backup.BackupAgent$BackupServiceBinder@41dfd3e0
07-02 08:33:26.078   145   215 D PerformBackupTask: processOneBackup doBackup() on com.android.providers.settings
07-02 08:33:26.082   145   215 V BackupServiceBinder: doBackup() invoked
07-02 08:33:26.117   145   161 V ActivityThread: handleDestroyBackupAgent: CreateBackupAgentData{appInfo=ApplicationInfo{414c0ca0 com.android.providers.settings} backupAgent=com.android.providers.settings.SettingsBackupAgent mode=0}
07-02 08:33:26.117   145   215 I PerformBackupTask: no backup data written; not calling transport
07-02 08:33:26.121   145   215 I PerformBackupTask: Backup pass finished.
07-02 08:33:33.554  5637  5640 D dalvikvm: GC_CONCURRENT freed 493K, 8% free 10237K/11015K, paused 9ms+3ms
07-02 08:34:04.113   145   177 I power   : *** set_screen_state 1
07-02 08:34:04.148   145   177 I WindowManager: Lock screen displayed!
07-02 08:34:04.343    78   121 D SurfaceFlinger: Screen about to return, flinger = 0x457918
07-02 08:34:04.457   345   345 D SAN_SERVICE: *******************************************
07-02 08:34:04.457   345   345 D SAN_SERVICE: DM App Phone Service State - 0
07-02 08:34:04.457   345   345 D SAN_SERVICE: *******************************************
07-02 08:34:04.746   345   345 D SAN_SERVICE: *******************************************
07-02 08:34:04.746   345   345 D SAN_SERVICE: DM App Phone Service State - 0
07-02 08:34:04.746   345   345 D SAN_SERVICE: *******************************************
07-02 08:34:06.996   216   216 D PhoneStatusBar: disable: < expand icons alerts ticker system_info BACK HOME recent* CLOCK >
07-02 08:34:07.000   362   772 D NfcService: NFC-C ON
07-02 08:34:07.015   145   361 W InputManagerService: Window already focused, ignoring focus gain of: com.android.internal.view.IInputMethodClient$Stub$Proxy@41692be8
07-02 08:34:07.031   216   216 D PhoneStatusBar: disable: < expand icons alerts ticker system_info back* home* recent clock* >
07-02 08:34:07.386  6239  6241 D dalvikvm: GC_CONCURRENT freed 392K, 7% free 9741K/10375K, paused 2ms+4ms
07-02 08:34:11.711   145  4009 I ActivityManager: START {act=android.intent.action.MAIN cat=[android.intent.category.LAUNCHER] flg=0x10200000 cmp=com.google.android.talk/.SigningInActivity bnds=[96,706][192,802]} from pid 375
07-02 08:34:11.828   145  1149 I ActivityManager: Start proc com.google.android.talk for activity com.google.android.talk/.SigningInActivity: pid=7318 uid=10045 gids={3003, 1015, 1006, 3002}
07-02 08:34:12.000   375   375 D OpenGLRenderer: Flushing caches (mode 1)
07-02 08:34:12.011   375   375 D OpenGLRenderer: Flushing caches (mode 0)
07-02 08:34:12.027  7318  7318 I ActivityThread: Pub com.google.android.talk.SuggestionProvider: com.google.android.talk.SuggestionsProvider
07-02 08:34:12.183  7318  7318 D vclib:CallStateClient: startListening
07-02 08:34:12.195  7318  7320 D dalvikvm: GC_CONCURRENT freed 144K, 3% free 9353K/9607K, paused 7ms+2ms
07-02 08:34:12.468   145   161 I Process : Sending signal. PID: 7318 SIG: 3
07-02 08:34:12.468  7318  7323 I dalvikvm: threadid=3: reacting to signal 3
07-02 08:34:12.527  7318  7323 I dalvikvm: Wrote stack traces to '/data/anr/traces.txt'
07-02 08:34:12.777  7318  7318 D vclib:CallStateClient: startListening
07-02 08:34:12.824  7318  7320 D dalvikvm: GC_CONCURRENT freed 274K, 4% free 9579K/9927K, paused 7ms+3ms
07-02 08:34:12.890   145   161 I Process : Sending signal. PID: 7318 SIG: 3
07-02 08:34:12.890  7318  7323 I dalvikvm: threadid=3: reacting to signal 3
07-02 08:34:12.906  7318  7323 I dalvikvm: Wrote stack traces to '/data/anr/traces.txt'
07-02 08:34:12.961  7318  7318 D libEGL  : loaded /system/lib/egl/libGLES_android.so
07-02 08:34:12.972  7318  7318 D libEGL  : loaded /vendor/lib/egl/libEGL_POWERVR_SGX540_120.so
07-02 08:34:13.004  7318  7318 D libEGL  : loaded /vendor/lib/egl/libGLESv1_CM_POWERVR_SGX540_120.so
07-02 08:34:13.007  7318  7318 D libEGL  : loaded /vendor/lib/egl/libGLESv2_POWERVR_SGX540_120.so
07-02 08:34:13.058  7318  7318 D OpenGLRenderer: Enabling debug mode 0
07-02 08:34:13.121  7318  7346 E talk    : [Databaseutils] pruneOldMessageHistory
07-02 08:34:13.175   145   176 I ActivityManager: Displayed com.google.android.talk/.SigningInActivity: +1s374ms
07-02 08:34:14.125  7318  7318 D vclib:CallStateClient: stopListening
07-02 08:34:14.125  7318  7318 D vclib:CallStateClient: startListening
07-02 08:34:14.379  7318  7320 D dalvikvm: GC_CONCURRENT freed 267K, 4% free 9825K/10183K, paused 4ms+3ms
07-02 08:34:14.547  7318  7320 D dalvikvm: GC_CONCURRENT freed 120K, 3% free 10160K/10375K, paused 2ms+3ms
07-02 08:34:15.304   145   173 I power   : *** set_screen_state 0
07-02 08:34:15.351    78   121 D SurfaceFlinger: About to give-up screen, flinger = 0x457918
07-02 08:34:15.468   145   147 D dalvikvm: GC_CONCURRENT freed 2008K, 23% free 18087K/23367K, paused 6ms+8ms
07-02 08:34:15.558   145   177 V TransportControlView: Create TCV com.android.internal.widget.TransportControlView@415cc420
07-02 08:34:15.574  7318  7318 D vclib:CallStateClient: stopListening
07-02 08:34:15.605   216   216 D PhoneStatusBar: disable: < expand icons alerts ticker system_info back home RECENT* clock >
07-02 08:34:15.824   216   216 D PhoneStatusBar: disable: < expand icons alerts ticker system_info BACK* HOME* RECENT CLOCK* >
07-02 08:34:15.882   362  1930 D NfcService: NFC-C OFF, disconnect
07-02 08:34:17.621  6074  6077 D dalvikvm: GC_CONCURRENT freed 536K, 7% free 10449K/11207K, paused 4ms+2ms
07-02 08:34:18.136   345   345 D SAN_SERVICE: *******************************************
07-02 08:34:18.140   345   345 D SAN_SERVICE: DM App Phone Service State - 0
07-02 08:34:18.140   345   345 D SAN_SERVICE: *******************************************
07-02 08:34:18.922   345   345 D SAN_SERVICE: *******************************************
07-02 08:34:18.922   345   345 D SAN_SERVICE: DM App Phone Service State - 0
07-02 08:34:18.922   345   345 D SAN_SERVICE: *******************************************
07-02 08:34:21.207   145 22722 W ActivityManager: finishReceiver called but no pending broadcasts
07-02 08:34:21.308  6074  6077 D dalvikvm: GC_CONCURRENT freed 383K, 6% free 10578K/11207K, paused 2ms+2ms
07-02 08:34:26.437   145   396 D dalvikvm: GC_EXPLICIT freed 995K, 25% free 17538K/23367K, paused 4ms+8ms
07-02 08:34:29.984   145   329 W ActivityManager: finishReceiver called but no pending broadcasts
07-02 08:34:30.086  6074  6077 D dalvikvm: GC_CONCURRENT freed 521K, 6% free 10575K/11207K, paused 1ms+2ms
07-02 08:34:33.527  5637  5640 D dalvikvm: GC_CONCURRENT freed 458K, 8% free 10206K/11015K, paused 2ms+2ms
07-02 08:34:34.711  5940  5942 D dalvikvm: GC_CONCURRENT freed 913K, 9% free 12132K/13255K, paused 5ms+19ms
07-02 08:34:38.601  6074  6077 D dalvikvm: GC_CONCURRENT freed 474K, 7% free 10492K/11207K, paused 7ms+5ms
07-02 08:34:38.738   145   310 W ActivityManager: finishReceiver called but no pending broadcasts
07-02 08:34:42.164  6074  6077 D dalvikvm: GC_CONCURRENT freed 426K, 6% free 10556K/11207K, paused 2ms+7ms
07-02 08:34:43.109   145   200 D DhcpInfoInternal: makeLinkProperties with empty dns2!
07-02 08:34:43.109   145   200 D DhcpInfoInternal: makeLinkProperties with empty dns2!
07-02 08:34:43.703   345   345 D SAN_SERVICE: *******************************************
07-02 08:34:43.703   345   345 D SAN_SERVICE: DM App Phone Service State - 0
07-02 08:34:43.703   345   345 D SAN_SERVICE: *******************************************
07-02 08:34:43.734  4471  4473 D dalvikvm: GC_CONCURRENT freed 420K, 6% free 10077K/10631K, paused 1ms+4ms
07-02 08:34:43.992   345   345 D SAN_SERVICE: *******************************************
07-02 08:34:43.992   345   345 D SAN_SERVICE: DM App Phone Service State - 0
07-02 08:34:43.992   345   345 D SAN_SERVICE: *******************************************
07-02 08:34:47.011   145   177 I power   : *** set_screen_state 1
07-02 08:34:47.054   145   177 I WindowManager: Lock screen displayed!
07-02 08:34:47.113  7318  7318 D vclib:CallStateClient: startListening
07-02 08:34:47.168  4471  4530 D dalvikvm: GC_EXPLICIT freed 77K, 6% free 10004K/10631K, paused 3ms+3ms
07-02 08:34:47.172  7318  7380 E talk    : [Databaseutils] pruneOldMessageHistory
07-02 08:34:47.175  4471  4483 W GTalkService: onSentBatchPresenceRequest but user idle
07-02 08:34:47.211    78   121 D SurfaceFlinger: Screen about to return, flinger = 0x457918
07-02 08:34:47.508  7318  7318 D vclib:CallStateClient: stopListening
07-02 08:34:47.508  7318  7318 D vclib:CallStateClient: startListening
07-02 08:34:47.761  7318  7320 D dalvikvm: GC_CONCURRENT freed 423K, 5% free 10189K/10695K, paused 3ms+4ms
07-02 08:34:48.168   145   173 I power   : *** set_screen_state 0
07-02 08:34:48.222    78   121 D SurfaceFlinger: About to give-up screen, flinger = 0x457918
07-02 08:34:48.226  7318  7318 D vclib:CallStateClient: stopListening
07-02 08:34:48.312   145   177 V TransportControlView: Create TCV com.android.internal.widget.TransportControlView@4199f8c0
07-02 08:35:18.074  5756  5769 I PhoneLab-: Service Running
07-02 08:35:18.445  5756  5769 I PhoneLab-LoggerService: app_37    1360  1     1436   996   c00f181c 400107b4 S logcat
07-02 08:35:18.445  5756  5769 I PhoneLab-LoggerService: Logcat pid from database 1360
07-02 08:35:18.445  5756  5769 I PhoneLab-LoggerService: Logcat process found 1360
07-02 08:35:18.445  5756  5769 I PhoneLab-LoggerService: Checking Threshold
07-02 08:35:29.113   145   177 I power   : *** set_screen_state 1
07-02 08:35:29.136   145   177 I WindowManager: Lock screen displayed!
07-02 08:35:29.226  7318  7318 D vclib:CallStateClient: startListening
07-02 08:35:29.250  4471  7349 W GTalkService: onSentBatchPresenceRequest but user idle
07-02 08:35:29.250  7318  7389 E talk    : [Databaseutils] pruneOldMessageHistory
07-02 08:35:29.328    78   121 D SurfaceFlinger: Screen about to return, flinger = 0x457918
07-02 08:35:29.527  7318  7318 D vclib:CallStateClient: stopListening
07-02 08:35:29.527  7318  7318 D vclib:CallStateClient: startListening
07-02 08:35:29.711  7318  7320 D dalvikvm: GC_CONCURRENT freed 482K, 6% free 10193K/10759K, paused 24ms+5ms
07-02 08:35:31.234   216   216 D PhoneStatusBar: disable: < expand icons alerts ticker system_info BACK HOME recent* CLOCK >
07-02 08:35:31.254   145   156 W InputManagerService: Window already focused, ignoring focus gain of: com.android.internal.view.IInputMethodClient$Stub$Proxy@416f6798
07-02 08:35:31.273   216   216 D PhoneStatusBar: disable: < expand icons alerts ticker system_info back* home* recent clock* >
07-02 08:35:31.297   362   772 D NfcService: NFC-C ON
07-02 08:35:32.672   145   395 W InputManagerService: Starting input on non-focused client com.android.internal.view.IInputMethodClient$Stub$Proxy@4177fd30 (uid=10045 pid=7318)
07-02 08:35:32.695  7318  7318 D OpenGLRenderer: Flushing caches (mode 0)
07-02 08:35:32.726  7318  7318 D OpenGLRenderer: Flushing caches (mode 1)
07-02 08:35:32.738  7318  7318 D vclib:CallStateClient: stopListening
07-02 08:35:33.675  6074  6077 D dalvikvm: GC_CONCURRENT freed 532K, 7% free 10453K/11207K, paused 2ms+15ms
07-02 08:35:39.906   345   345 D SAN_SERVICE: *******************************************
07-02 08:35:39.906   345   345 D SAN_SERVICE: DM App Phone Service State - 0
07-02 08:35:39.910   345   345 D SAN_SERVICE: *******************************************
07-02 08:35:40.679   345   345 D SAN_SERVICE: *******************************************
07-02 08:35:40.679   345   345 D SAN_SERVICE: DM App Phone Service State - 0
07-02 08:35:40.679   345   345 D SAN_SERVICE: *******************************************
07-02 08:35:43.472   145 21614 I ActivityManager: START {act=android.intent.action.MAIN cat=[android.intent.category.LAUNCHER] flg=0x10200000 cmp=com.google.android.talk/.SigningInActivity bnds=[96,706][192,802]} from pid 375
07-02 08:35:43.644  7318  7318 D vclib:CallStateClient: startListening
07-02 08:35:43.687  7318  7398 E talk    : [Databaseutils] pruneOldMessageHistory
07-02 08:35:43.777   145   176 I ActivityManager: Displayed com.google.android.talk/.SigningInActivity: +256ms
07-02 08:35:43.797   145   329 I ActivityManager: Process com.whatsapp (pid 6536) has died.
07-02 08:35:43.797   145   329 W ActivityManager: Scheduling restart of crashed service com.whatsapp/.messaging.MessageService in 5000ms
07-02 08:35:43.804   375   375 D OpenGLRenderer: Flushing caches (mode 1)
07-02 08:35:43.828   375   375 D OpenGLRenderer: Flushing caches (mode 0)
07-02 08:35:44.457  7318  7320 D dalvikvm: GC_CONCURRENT freed 313K, 5% free 10312K/10759K, paused 2ms+7ms
07-02 08:35:44.593  7318  7318 D vclib:CallStateClient: stopListening
07-02 08:35:44.597  7318  7318 D vclib:CallStateClient: startListening
07-02 08:35:44.984  7318  7320 D dalvikvm: GC_CONCURRENT freed 654K, 8% free 10169K/10951K, paused 2ms+7ms
07-02 08:35:45.863  7318  7318 D dalvikvm: GC_FOR_ALLOC freed 172K, 6% free 10344K/10951K, paused 22ms
07-02 08:35:45.941  7318  7318 D dalvikvm: GC_FOR_ALLOC freed 34K, 6% free 10368K/10951K, paused 20ms
07-02 08:35:45.941  7318  7318 I dalvikvm-heap: Grow heap (frag case) to 10.229MB for 36880-byte allocation
07-02 08:35:45.961  7318  7318 D dalvikvm: GC_FOR_ALLOC freed 4K, 6% free 10399K/11015K, paused 18ms
07-02 08:35:46.047  7318  7318 D dalvikvm: GC_FOR_ALLOC freed 19K, 6% free 10438K/11015K, paused 21ms
07-02 08:35:46.273  7318  7318 D dalvikvm: GC_FOR_ALLOC freed 26K, 6% free 10514K/11079K, paused 23ms
07-02 08:35:46.359  7318  7318 D dalvikvm: GC_FOR_ALLOC freed 12K, 6% free 10560K/11143K, paused 20ms
07-02 08:35:46.847  7318  7318 D dalvikvm: GC_FOR_ALLOC freed 131K, 6% free 10561K/11207K, paused 21ms
07-02 08:35:46.980  7318  7318 D dalvikvm: GC_FOR_ALLOC freed 98K, 6% free 10560K/11207K, paused 21ms
07-02 08:35:47.101  7318  7318 D dalvikvm: GC_FOR_ALLOC freed 92K, 6% free 10560K/11207K, paused 21ms
07-02 08:35:47.332  7318  7318 D dalvikvm: GC_FOR_ALLOC freed 98K, 6% free 10587K/11207K, paused 20ms
07-02 08:35:47.945  7318  7318 D dalvikvm: GC_FOR_ALLOC freed 110K, 6% free 10593K/11207K, paused 20ms
07-02 08:35:48.007  7318  7318 D dalvikvm: GC_FOR_ALLOC freed 156K, 6% free 10550K/11207K, paused 21ms
07-02 08:35:48.043  7318  7318 D dalvikvm: GC_FOR_ALLOC freed 93K, 6% free 10545K/11207K, paused 18ms
07-02 08:35:48.132  7318  7318 D dalvikvm: GC_FOR_ALLOC freed 125K, 6% free 10560K/11207K, paused 18ms
07-02 08:35:48.152  5756  5769 I PhoneLab-: Service Running
07-02 08:35:48.222  7318  7318 D dalvikvm: GC_FOR_ALLOC freed 163K, 7% free 10525K/11207K, paused 19ms
07-02 08:35:48.332  7318  7318 D dalvikvm: GC_FOR_ALLOC freed 142K, 6% free 10544K/11207K, paused 18ms
07-02 08:35:48.367  7318  7318 D dalvikvm: GC_FOR_ALLOC freed 55K, 6% free 10557K/11207K, paused 19ms
07-02 08:35:48.480  7318  7318 D dalvikvm: GC_FOR_ALLOC freed 72K, 6% free 10582K/11207K, paused 21ms
07-02 08:35:48.511  7318  7318 D dalvikvm: GC_FOR_ALLOC freed 59K, 6% free 10589K/11207K, paused 18ms
07-02 08:35:48.562  7318  7318 D dalvikvm: GC_FOR_ALLOC freed 74K, 6% free 10565K/11207K, paused 19ms
07-02 08:35:48.589  7318  7318 D dalvikvm: GC_FOR_ALLOC freed 63K, 6% free 10545K/11207K, paused 18ms
07-02 08:35:48.640  7318  7318 D dalvikvm: GC_FOR_ALLOC freed 45K, 6% free 10556K/11207K, paused 19ms
07-02 08:35:48.668  7318  7318 D dalvikvm: GC_FOR_ALLOC freed 45K, 6% free 10555K/11207K, paused 20ms
07-02 08:35:48.714  7318  7318 D dalvikvm: GC_FOR_ALLOC freed 43K, 6% free 10556K/11207K, paused 19ms
07-02 08:35:48.785  7318  7318 D dalvikvm: GC_FOR_ALLOC freed 59K, 6% free 10573K/11207K, paused 19ms
07-02 08:35:48.820   145   162 I ActivityManager: Start proc com.whatsapp for service com.whatsapp/.messaging.MessageService: pid=7404 uid=10068 gids={1015, 3003}
07-02 08:35:48.843  7404  7404 I dalvikvm: Turning on JNI app bug workarounds for target SDK version 7...
07-02 08:35:48.882  7318  7318 D dalvikvm: GC_FOR_ALLOC freed 48K, 6% free 10576K/11207K, paused 37ms
07-02 08:35:49.152  7404  7407 D dalvikvm: GC_CONCURRENT freed 184K, 3% free 9352K/9607K, paused 2ms+7ms
07-02 08:35:49.179  7318  7318 D dalvikvm: GC_FOR_ALLOC freed 53K, 6% free 10578K/11207K, paused 46ms
07-02 08:35:49.336   145  1149 I ActivityManager: Process com.android.sprintmenu (pid 6657) has died.
07-02 08:35:49.336   145  1149 W ActivityManager: Scheduling restart of crashed service com.android.sprintmenu/.HiddenPhoneService in 5000ms
07-02 08:35:49.589  7404  7407 D dalvikvm: GC_CONCURRENT freed 302K, 4% free 9615K/9991K, paused 9ms+4ms
07-02 08:35:49.683  5756  5769 I PhoneLab-LoggerService: app_37    1360  1     1436   996   c00f181c 400107b4 S logcat
07-02 08:35:49.683  5756  5769 I PhoneLab-LoggerService: Logcat pid from database 1360
07-02 08:35:49.687  5756  5769 I PhoneLab-LoggerService: Logcat process found 1360
07-02 08:35:49.687  5756  5769 I PhoneLab-LoggerService: Checking Threshold
07-02 08:35:50.152   345   345 D SAN_SERVICE: *******************************************
07-02 08:35:50.152   345   345 D SAN_SERVICE: DM App Phone Service State - 0
07-02 08:35:50.152   345   345 D SAN_SERVICE: *******************************************
07-02 08:35:50.422   345   345 D SAN_SERVICE: *******************************************
07-02 08:35:50.422   345   345 D SAN_SERVICE: DM App Phone Service State - 0
07-02 08:35:50.422   345   345 D SAN_SERVICE: *******************************************
07-02 08:35:50.668  7404  7404 I dalvikvm: Could not find method android.media.MediaMetadataRetriever.captureFrame, referenced from method com.whatsapp.q3.a
07-02 08:35:50.668  7404  7404 W dalvikvm: VFY: unable to resolve virtual method 501: Landroid/media/MediaMetadataRetriever;.captureFrame ()Landroid/graphics/Bitmap;
07-02 08:35:50.668  7404  7404 D dalvikvm: VFY: replacing opcode 0x6e at 0x0134
07-02 08:35:50.996  7404  7407 D dalvikvm: GC_CONCURRENT freed 443K, 6% free 9730K/10247K, paused 2ms+5ms
07-02 08:35:51.168   345   345 D SAN_SERVICE: *******************************************
07-02 08:35:51.168   345   345 D SAN_SERVICE: DM App Phone Service State - 0
07-02 08:35:51.168   345   345 D SAN_SERVICE: *******************************************
07-02 08:35:51.386  7404  7407 D dalvikvm: GC_CONCURRENT freed 214K, 4% free 9995K/10311K, paused 2ms+5ms
07-02 08:35:52.593  7318  7318 D vclib:CallStateClient: stopListening
07-02 08:35:52.714  7318  7318 D vclib:CallStateClient: startListening
07-02 08:35:52.777  7318  7320 D dalvikvm: GC_CONCURRENT freed 433K, 6% free 10588K/11207K, paused 2ms+6ms
07-02 08:35:52.871 10674 10676 D dalvikvm: GC_CONCURRENT freed 391K, 18% free 10085K/12167K, paused 2ms+5ms
07-02 08:35:53.082  4471  4473 D dalvikvm: GC_CONCURRENT freed 309K, 6% free 10099K/10631K, paused 2ms+8ms
07-02 08:35:54.429   145   162 I ActivityManager: Start proc com.android.sprintmenu for service com.android.sprintmenu/.HiddenPhoneService: pid=7433 uid=1001 gids={3002, 3001, 3003, 1015}
07-02 08:35:54.500    79    79 D dalvikvm: GC_EXPLICIT freed 38K, 4% free 9031K/9347K, paused 5ms+6ms
07-02 08:35:54.547    79    79 D dalvikvm: GC_EXPLICIT freed <1K, 4% free 9031K/9347K, paused 2ms+5ms
07-02 08:35:54.574    79    79 D dalvikvm: GC_EXPLICIT freed <1K, 4% free 9031K/9347K, paused 1ms+3ms
07-02 08:35:54.687   145   348 I ActivityManager: Process com.google.android.apps.currents (pid 6629) has died.
07-02 08:35:55.031  7318  7320 D dalvikvm: GC_CONCURRENT freed 543K, 7% free 10470K/11207K, paused 6ms+4ms
07-02 08:35:55.547   345   345 D SAN_SERVICE: *******************************************
07-02 08:35:55.547   345   345 D SAN_SERVICE: DM App Phone Service State - 0
07-02 08:35:55.547   345   345 D SAN_SERVICE: *******************************************
07-02 08:35:56.132  7318  7318 D vclib:CallStateClient: stopListening
07-02 08:35:56.238  7318  7318 D dalvikvm: GC_EXPLICIT freed 252K, 7% free 10432K/11207K, paused 8ms+3ms
07-02 08:35:56.242  7318  7318 D vclib:CallStateClient: startListening
07-02 08:35:56.406   145   156 W InputManagerService: Window already focused, ignoring focus gain of: com.android.internal.view.IInputMethodClient$Stub$Proxy@41766180
07-02 08:35:56.550   145   396 D dalvikvm: GC_EXPLICIT freed 1944K, 26% free 17501K/23367K, paused 14ms+11ms
07-02 08:35:56.777  7318  7318 D vclib:CallStateClient: stopListening
07-02 08:35:56.777  7318  7318 D vclib:CallStateClient: startListening
07-02 08:35:56.843  7318  7318 D dalvikvm: GC_FOR_ALLOC freed 265K, 6% free 10542K/11207K, paused 20ms
07-02 08:35:56.879  7318  7318 D dalvikvm: GC_FOR_ALLOC freed 78K, 6% free 10537K/11207K, paused 20ms
07-02 08:35:56.910  7318  7318 D dalvikvm: GC_FOR_ALLOC freed 54K, 6% free 10569K/11207K, paused 17ms
07-02 08:35:56.961  7318  7318 D dalvikvm: GC_FOR_ALLOC freed 124K, 6% free 10609K/11207K, paused 18ms
07-02 08:35:57.308   145   396 W InputManagerService: Starting input on non-focused client com.android.internal.view.IInputMethodClient$Stub$Proxy@4177fd30 (uid=10045 pid=7318)
07-02 08:35:57.336  7318  7318 D OpenGLRenderer: Flushing caches (mode 0)
07-02 08:35:57.363  7318  7318 D OpenGLRenderer: Flushing caches (mode 1)
07-02 08:35:57.375  7318  7318 D vclib:CallStateClient: stopListening
07-02 08:36:00.476   375   377 D dalvikvm: GC_CONCURRENT freed 1513K, 22% free 11681K/14791K, paused 5ms+5ms
07-02 08:36:00.562   145   348 I ActivityManager: START {act=android.intent.action.MAIN cat=[android.intent.category.LAUNCHER] flg=0x10000000 pkg=com.whatsapp cmp=com.whatsapp/.Main bnds=[360,405][480,555]} from pid 375
07-02 08:36:00.695   145   396 I ActivityManager: START {cmp=com.whatsapp/.Conversations} from pid 7404
07-02 08:36:00.722   375   375 D OpenGLRenderer: Flushing caches (mode 1)
07-02 08:36:00.734   375   375 D OpenGLRenderer: Flushing caches (mode 0)
07-02 08:36:00.804  7404  7407 D dalvikvm: GC_CONCURRENT freed 534K, 7% free 9925K/10567K, paused 5ms+4ms
07-02 08:36:00.871  7404  7404 D dalvikvm: GC_FOR_ALLOC freed 11K, 6% free 10004K/10567K, paused 20ms
07-02 08:36:00.894  7404  7404 D dalvikvm: GC_FOR_ALLOC freed 3K, 6% free 10037K/10631K, paused 19ms
07-02 08:36:00.894  7404  7404 I dalvikvm-heap: Grow heap (frag case) to 10.058MB for 196256-byte allocation
07-02 08:36:00.922  7404  7404 D dalvikvm: GC_FOR_ALLOC freed <1K, 6% free 10229K/10823K, paused 20ms
07-02 08:36:00.949  7404  7404 D dalvikvm: GC_FOR_ALLOC freed 3K, 6% free 10237K/10823K, paused 19ms
07-02 08:36:00.949  7404  7404 I dalvikvm-heap: Grow heap (frag case) to 10.214MB for 155248-byte allocation
07-02 08:36:00.972  7404  7404 D dalvikvm: GC_FOR_ALLOC freed <1K, 6% free 10389K/11015K, paused 19ms
07-02 08:36:01.058   216   216 V PhoneStatusBar: setLightsOn(true)
07-02 08:36:01.195 10674 10676 D dalvikvm: GC_CONCURRENT freed 395K, 18% free 10074K/12167K, paused 2ms+8ms
07-02 08:36:01.203   145   161 I Process : Sending signal. PID: 7404 SIG: 3
07-02 08:36:01.203  7404  7409 I dalvikvm: threadid=3: reacting to signal 3
07-02 08:36:01.211  6057  6577 D GetStringObjTask: retrieving from url = http://www.chess.com/api/get_move_status?id=y3ICtufzg6w7rQqcD3KFujVaIanpYba4bIpaeKElV1LNz3Sz4Fk9Yh5CeWaj8h4bQ2RY0CxFVgA%2ByBE5DE%2B1cAuw4i%2Bp2GVj5RbuDPEUotReGbS25iAukuBsuUd%2Fl5dp
07-02 08:36:01.250  7404  7409 I dalvikvm: Wrote stack traces to '/data/anr/traces.txt'
07-02 08:36:01.265   145   176 I ActivityManager: Displayed com.whatsapp/.Conversations: +566ms (total +639ms)
07-02 08:36:01.742  6057  6577 D GetStringObjTask: WebRequest SERVER RESPONSE: Success+0
07-02 08:36:02.617   145   348 I ActivityManager: START {cmp=com.whatsapp/.ContactPicker} from pid 7404
07-02 08:36:02.718  7404  7404 D dalvikvm: GC_FOR_ALLOC freed 70K, 5% free 10569K/11015K, paused 22ms
07-02 08:36:02.804   216   216 V PhoneStatusBar: setLightsOn(true)
07-02 08:36:02.964   145   176 I ActivityManager: Displayed com.whatsapp/.ContactPicker: +326ms
07-02 08:36:03.156  7404  7407 D dalvikvm: GC_CONCURRENT freed 108K, 3% free 10907K/11207K, paused 2ms+4ms
07-02 08:36:03.750  7404  7407 D dalvikvm: GC_CONCURRENT freed 450K, 5% free 11063K/11591K, paused 2ms+6ms
07-02 08:36:05.523   345   345 D SAN_SERVICE: *******************************************
07-02 08:36:05.523   345   345 D SAN_SERVICE: DM App Phone Service State - 0
07-02 08:36:05.523   345   345 D SAN_SERVICE: *******************************************
07-02 08:36:05.554  7404  7407 D dalvikvm: GC_CONCURRENT freed 605K, 7% free 11058K/11783K, paused 2ms+4ms
07-02 08:36:05.726  6239  6255 D dalvikvm: GC_EXPLICIT freed 260K, 7% free 9717K/10375K, paused 2ms+4ms
07-02 08:36:05.855  7404  7456 D dalvikvm: GC_EXPLICIT freed 144K, 7% free 10963K/11783K, paused 3ms+24ms
07-02 08:36:05.961   145 28236 I ActivityManager: START {flg=0x14000000 cmp=com.whatsapp/.Conversation (has extras)} from pid 7404
07-02 08:36:06.011   216   216 V PhoneStatusBar: setLightsOn(true)
07-02 08:36:06.027   145   365 W InputManagerService: Focus gain on non-focused client com.android.internal.view.IInputMethodClient$Stub$Proxy@4180db20 (uid=10068 pid=7404)
07-02 08:36:06.148  7404  7404 D dalvikvm: GC_FOR_ALLOC freed 105K, 5% free 11278K/11783K, paused 24ms
07-02 08:36:06.183  7404  7404 D skia    : --- SkImageDecoder::Factory returned null
07-02 08:36:06.300   216   216 V PhoneStatusBar: setLightsOn(true)
07-02 08:36:06.359   145   176 I ActivityManager: Displayed com.whatsapp/.Conversation: +343ms
07-02 08:36:06.437 10674 10674 D dalvikvm: GC_FOR_ALLOC freed 195K, 18% free 10073K/12167K, paused 25ms
07-02 08:36:06.441 10674 10674 I dalvikvm-heap: Grow heap (frag case) to 10.612MB for 739216-byte allocation
07-02 08:36:06.500 10674 10676 D dalvikvm: GC_CONCURRENT freed 1K, 12% free 10794K/12167K, paused 2ms+4ms
07-02 08:36:06.703   216   218 D dalvikvm: GC_CONCURRENT freed 345K, 31% free 9904K/14343K, paused 2ms+3ms
07-02 08:36:06.769   216   218 D dalvikvm: GC_CONCURRENT freed 656K, 33% free 9730K/14343K, paused 2ms+3ms
07-02 08:36:07.668   216   218 D dalvikvm: GC_CONCURRENT freed 339K, 31% free 9902K/14343K, paused 2ms+2ms
07-02 08:36:07.734   216   218 D dalvikvm: GC_CONCURRENT freed 591K, 32% free 9821K/14343K, paused 1ms+2ms
07-02 08:36:08.117  7404  7407 D dalvikvm: GC_CONCURRENT freed 293K, 5% free 11671K/12167K, paused 9ms+5ms
07-02 08:36:08.222   216   216 V PhoneStatusBar: setLightsOn(true)
07-02 08:36:09.402  7404  7404 W IInputConnectionWrapper: showStatusIcon on inactive InputConnection
07-02 08:36:09.402   145  1149 W InputManagerService: Starting input on non-focused client com.android.internal.view.IInputMethodClient$Stub$Proxy@4180db20 (uid=10068 pid=7404)
07-02 08:36:09.507    78   132 E SurfaceTexture: [com.whatsapp/com.whatsapp.Conversations] drainQueueLocked: SurfaceTexture has been abandoned!
07-02 08:36:11.125   145   173 I power   : *** set_screen_state 0
07-02 08:36:11.172    78   121 D SurfaceFlinger: About to give-up screen, flinger = 0x457918
07-02 08:36:11.328   145   147 D dalvikvm: GC_CONCURRENT freed 2075K, 26% free 17420K/23367K, paused 2ms+7ms
07-02 08:36:11.339   145   177 V TransportControlView: Create TCV com.android.internal.widget.TransportControlView@418108e0
07-02 08:36:11.382   362  1930 D NfcService: NFC-C OFF, disconnect
07-02 08:36:11.441   216   216 D PhoneStatusBar: disable: < expand icons alerts ticker system_info back home RECENT* clock >
07-02 08:36:11.468   216   216 D PhoneStatusBar: disable: < expand icons alerts ticker system_info BACK* HOME* RECENT CLOCK* >
07-02 08:36:16.871   145   361 W ActivityManager: finishReceiver called but no pending broadcasts
07-02 08:36:16.988  6074  6077 D dalvikvm: GC_CONCURRENT freed 388K, 6% free 10577K/11207K, paused 2ms+7ms
07-02 08:36:21.007   345   345 D SAN_SERVICE: *******************************************
07-02 08:36:21.007   345   345 D SAN_SERVICE: DM App Phone Service State - 0
07-02 08:36:21.007   345   345 D SAN_SERVICE: *******************************************
07-02 08:36:21.257   345   345 D SAN_SERVICE: *******************************************
07-02 08:36:21.257   345   345 D SAN_SERVICE: DM App Phone Service State - 0
07-02 08:36:21.257   345   345 D SAN_SERVICE: *******************************************
07-02 08:36:21.757   345   345 D SAN_SERVICE: *******************************************
07-02 08:36:21.757   345   345 D SAN_SERVICE: DM App Phone Service State - 0
07-02 08:36:21.757   345   345 D SAN_SERVICE: *******************************************
07-02 08:36:25.617   145   348 W ActivityManager: finishReceiver called but no pending broadcasts
07-02 08:36:25.730  6074  6077 D dalvikvm: GC_CONCURRENT freed 524K, 6% free 10570K/11207K, paused 2ms+2ms
07-02 08:36:31.234   345   345 D SAN_SERVICE: *******************************************
07-02 08:36:31.234   345   345 D SAN_SERVICE: DM App Phone Service State - 0
07-02 08:36:31.234   345   345 D SAN_SERVICE: *******************************************
07-02 08:36:33.660  6074  6077 D dalvikvm: GC_CONCURRENT freed 533K, 7% free 10493K/11207K, paused 2ms+5ms
07-02 08:36:33.703  5637  5640 D dalvikvm: GC_CONCURRENT freed 506K, 8% free 10212K/11015K, paused 2ms+6ms
07-02 08:36:34.383   145 21614 W ActivityManager: finishReceiver called but no pending broadcasts
07-02 08:36:37.148  6074  6077 D dalvikvm: GC_CONCURRENT freed 434K, 6% free 10558K/11207K, paused 1ms+3ms
07-02 08:36:39.578   145  4009 D dalvikvm: GC_EXPLICIT freed 252K, 25% free 17562K/23367K, paused 4ms+7ms
07-02 08:36:41.496   345   345 D SAN_SERVICE: *******************************************
07-02 08:36:41.496   345   345 D SAN_SERVICE: DM App Phone Service State - 0
07-02 08:36:41.496   345   345 D SAN_SERVICE: *******************************************
07-02 08:36:41.750   345   345 D SAN_SERVICE: *******************************************
07-02 08:36:41.750   345   345 D SAN_SERVICE: DM App Phone Service State - 0
07-02 08:36:41.750   345   345 D SAN_SERVICE: *******************************************
07-02 08:36:42.492   345   345 D SAN_SERVICE: *******************************************
07-02 08:36:42.492   345   345 D SAN_SERVICE: DM App Phone Service State - 0
07-02 08:36:42.492   345   345 D SAN_SERVICE: *******************************************
07-02 08:36:43.199   145   329 W ActivityManager: finishReceiver called but no pending broadcasts
07-02 08:36:43.289  6074  6077 D dalvikvm: GC_CONCURRENT freed 489K, 6% free 10581K/11207K, paused 1ms+2ms
07-02 08:36:57.113   145   177 I power   : *** set_screen_state 1
07-02 08:36:57.133   145   177 I WindowManager: Lock screen displayed!
07-02 08:36:57.332    78   121 D SurfaceFlinger: Screen about to return, flinger = 0x457918
07-02 08:37:01.187   216   216 D PhoneStatusBar: disable: < expand icons alerts ticker system_info BACK HOME recent* CLOCK >
07-02 08:37:01.207   145 22722 W InputManagerService: Window already focused, ignoring focus gain of: com.android.internal.view.IInputMethodClient$Stub$Proxy@4179f240
07-02 08:37:01.218   216   216 D PhoneStatusBar: disable: < expand icons alerts ticker system_info back* home* recent clock* >
07-02 08:37:01.238   362 19018 D NfcService: NFC-C ON
07-02 08:37:01.816   345   345 D SAN_SERVICE: *******************************************
07-02 08:37:01.816   345   345 D SAN_SERVICE: DM App Phone Service State - 0
07-02 08:37:01.816   345   345 D SAN_SERVICE: *******************************************
07-02 08:37:02.125   345   345 D SAN_SERVICE: *******************************************
07-02 08:37:02.125   345   345 D SAN_SERVICE: DM App Phone Service State - 0
07-02 08:37:02.125   345   345 D SAN_SERVICE: *******************************************
07-02 08:37:03.086   145  9966 I ActivityManager: START {act=android.intent.action.MAIN cat=[android.intent.category.LAUNCHER] flg=0x10000000 pkg=com.twitter.android cmp=com.twitter.android/.StartActivity bnds=[120,254][240,404]} from pid 375
07-02 08:37:03.230   375   375 D OpenGLRenderer: Flushing caches (mode 1)
07-02 08:37:03.246   375   375 D OpenGLRenderer: Flushing caches (mode 0)
07-02 08:37:03.308  6155  6157 D dalvikvm: GC_CONCURRENT freed 631K, 9% free 11740K/12871K, paused 3ms+4ms
07-02 08:37:03.343  6155  6155 D dalvikvm: GC_FOR_ALLOC freed 54K, 10% free 11685K/12871K, paused 34ms
07-02 08:37:03.347  6155  6155 I dalvikvm-heap: Grow heap (frag case) to 14.025MB for 2668016-byte allocation
07-02 08:37:03.398  6155  6164 D dalvikvm: GC_FOR_ALLOC freed <1K, 8% free 14291K/15495K, paused 33ms
07-02 08:37:03.508  6155  6155 D dalvikvm: GC_FOR_ALLOC freed 45K, 9% free 14245K/15495K, paused 33ms
07-02 08:37:03.531  6155  6155 I dalvikvm-heap: Grow heap (frag case) to 19.708MB for 6006016-byte allocation
07-02 08:37:03.578  6155  6157 D dalvikvm: GC_CONCURRENT freed 0K, 6% free 20111K/21383K, paused 2ms+3ms
07-02 08:37:03.629   145   161 I Process : Sending signal. PID: 6155 SIG: 3
07-02 08:37:03.629  6155  6159 I dalvikvm: threadid=3: reacting to signal 3
07-02 08:37:03.660  6155  6159 I dalvikvm: Wrote stack traces to '/data/anr/traces.txt'
07-02 08:37:03.718   145  1149 I ActivityManager: START {flg=0x4000000 cmp=com.twitter.android/.HomeTabActivity} from pid 6155
07-02 08:37:04.086   216   216 V PhoneStatusBar: setLightsOn(true)
07-02 08:37:04.113  6155  6155 D libEGL  : loaded /system/lib/egl/libGLES_android.so
07-02 08:37:04.121  6155  6155 D libEGL  : loaded /vendor/lib/egl/libEGL_POWERVR_SGX540_120.so
07-02 08:37:04.140  6155  6155 D libEGL  : loaded /vendor/lib/egl/libGLESv1_CM_POWERVR_SGX540_120.so
07-02 08:37:04.164  6155  6155 D libEGL  : loaded /vendor/lib/egl/libGLESv2_POWERVR_SGX540_120.so
07-02 08:37:04.265   145   161 I Process : Sending signal. PID: 6155 SIG: 3
07-02 08:37:04.265  6155  6159 I dalvikvm: threadid=3: reacting to signal 3
07-02 08:37:04.340  6155  6159 I dalvikvm: Wrote stack traces to '/data/anr/traces.txt'
07-02 08:37:04.390  6155  6155 D OpenGLRenderer: Enabling debug mode 0
07-02 08:37:04.461   145   176 I ActivityManager: Displayed com.twitter.android/.HomeTabActivity: +694ms (total +1s332ms)
07-02 08:37:04.523   145  1149 I ActivityManager: Process com.spotify.mobile.android.service (pid 6678) has died.
07-02 08:37:04.523   145  1149 W ActivityManager: Scheduling restart of crashed service com.spotify.mobile.android.ui/com.spotify.mobile.android.service.SpotifyService in 5000ms
07-02 08:37:05.062   145   348 I ActivityManager: Process com.android.music (pid 7214) has died.
07-02 08:37:05.371  6155  6162 I dalvikvm: Jit: resizing JitTable from 4096 to 8192
07-02 08:37:05.746  6155  6157 D dalvikvm: GC_CONCURRENT freed 3618K, 17% free 18479K/22215K, paused 8ms+9ms
07-02 08:37:07.957   145   200 D DhcpInfoInternal: makeLinkProperties with empty dns2!
07-02 08:37:07.965   145   200 D DhcpInfoInternal: makeLinkProperties with empty dns2!
07-02 08:37:09.547   145   162 I ActivityManager: Start proc com.spotify.mobile.android.service for service com.spotify.mobile.android.ui/com.spotify.mobile.android.service.SpotifyService: pid=7502 uid=10055 gids={3003, 1015}
07-02 08:37:09.672  7502  7502 D dalvikvm: Trying to load lib /data/data/com.spotify.mobile.android.ui/lib/liborbit-jni-spotify.so 0x4133a6b8
07-02 08:37:09.738  7502  7502 D dalvikvm: Added shared lib /data/data/com.spotify.mobile.android.ui/lib/liborbit-jni-spotify.so 0x4133a6b8
07-02 08:37:09.984   145   361 I ActivityManager: Process com.google.android.apps.plus (pid 6190) has died.
07-02 08:37:12.086   345   345 D SAN_SERVICE: *******************************************
07-02 08:37:12.086   345   345 D SAN_SERVICE: DM App Phone Service State - 0
07-02 08:37:12.086   345   345 D SAN_SERVICE: *******************************************
07-02 08:37:12.343   345   345 D SAN_SERVICE: *******************************************
07-02 08:37:12.343   345   345 D SAN_SERVICE: DM App Phone Service State - 0
07-02 08:37:12.343   345   345 D SAN_SERVICE: *******************************************
07-02 08:37:13.097   345   345 D SAN_SERVICE: *******************************************
07-02 08:37:13.097   345   345 D SAN_SERVICE: DM App Phone Service State - 0
07-02 08:37:13.097   345   345 D SAN_SERVICE: *******************************************
07-02 08:37:16.781   145  9966 I ActivityManager: START {cmp=com.twitter.android/.TweetActivity (has extras)} from pid 6155
07-02 08:37:17.047   216   216 V PhoneStatusBar: setLightsOn(true)
07-02 08:37:17.234   145   176 I ActivityManager: Displayed com.twitter.android/.TweetActivity: +340ms
07-02 08:37:17.293  6155  6155 D OpenGLRenderer: Flushing caches (mode 0)
07-02 08:37:18.406   145   329 I ActivityManager: START {act=android.intent.action.VIEW dat=http://t.co/oRBZt6hx flg=0x10000000 cmp=org.mozilla.firefox_beta/.App} from pid 6155
07-02 08:37:18.535   145   145 I ActivityManager: Start proc org.mozilla.firefox_beta for activity org.mozilla.firefox_beta/.App: pid=7531 uid=10061 gids={3003, 1015, 1006}
07-02 08:37:18.613  6155  6155 D OpenGLRenderer: Flushing caches (mode 1)
07-02 08:37:18.668  6155  6155 D OpenGLRenderer: Flushing caches (mode 0)
07-02 08:37:18.699  7531  7531 I ActivityThread: Pub org.mozilla.firefox_beta.db.browser: org.mozilla.firefox_beta.db.BrowserProvider
07-02 08:37:18.715  7531  7531 I ActivityThread: Pub org.mozilla.firefox_beta.db.formhistory: org.mozilla.firefox_beta.db.FormHistoryProvider
07-02 08:37:18.715  7531  7531 I ActivityThread: Pub org.mozilla.firefox_beta.db.tabs: org.mozilla.firefox_beta.db.TabsProvider
07-02 08:37:18.758  7531  7531 D dalvikvm: Trying to load lib /data/data/org.mozilla.firefox_beta/lib/libmozglue.so 0x4133e140
07-02 08:37:18.769  7531  7531 D dalvikvm: Added shared lib /data/data/org.mozilla.firefox_beta/lib/libmozglue.so 0x4133e140
07-02 08:37:18.769  7531  7531 D dalvikvm: No JNI_OnLoad found in /data/data/org.mozilla.firefox_beta/lib/libmozglue.so 0x4133e140, skipping init
07-02 08:37:18.769  7531  7531 W GeckoApp: zerdatime 112819891 - onCreate
07-02 08:37:18.855  7531  7544 D GeckoProfile: Found profile dir: /data/data/org.mozilla.firefox_beta/files/mozilla/r0zhquk7.default
07-02 08:37:18.886  7531  7533 D dalvikvm: GC_CONCURRENT freed 193K, 3% free 9340K/9607K, paused 13ms+4ms
07-02 08:37:18.918  7531  7531 I GeckoViewsFactory: Creating custom Gecko view: FormAssistPopup
07-02 08:37:18.918  7531  7531 I GeckoViewsFactory: Creating custom Gecko view: AboutHomeContent
07-02 08:37:18.949  7531  7531 W GeckoApp: zerdatime 112820072 - onStart
07-02 08:37:18.949  7531  7531 I GeckoApp: start
07-02 08:37:18.980  7531  7531 W GeckoApp: zerdatime 112820102 - onNewIntent
07-02 08:37:18.980  7531  7531 I GeckoApp: resume
07-02 08:37:19.004  7531  7531 D libEGL  : loaded /system/lib/egl/libGLES_android.so
07-02 08:37:19.019  7531  7531 D libEGL  : loaded /vendor/lib/egl/libEGL_POWERVR_SGX540_120.so
07-02 08:37:19.023  7531  7531 D libEGL  : loaded /vendor/lib/egl/libGLESv1_CM_POWERVR_SGX540_120.so
07-02 08:37:19.027  7531  7531 D libEGL  : loaded /vendor/lib/egl/libGLESv2_POWERVR_SGX540_120.so
07-02 08:37:19.058   145   161 I Process : Sending signal. PID: 7531 SIG: 3
07-02 08:37:19.058  7531  7535 I dalvikvm: threadid=3: reacting to signal 3
07-02 08:37:19.062  7531  7535 I dalvikvm: Wrote stack traces to '/data/anr/traces.txt'
07-02 08:37:19.090  7531  7531 D OpenGLRenderer: Enabling debug mode 0
07-02 08:37:19.093  7531  7531 I GeckoToolbar: zerdatime 112820217 - Throbber start
07-02 08:37:19.093  7531  7544 I GeckoApp: Checking profile migration in: /data/data/org.mozilla.firefox_beta/files/mozilla/r0zhquk7.default
07-02 08:37:19.203  7531  7531 D GeckoFavicons: Creating Favicons instance
07-02 08:37:19.203  7531  7531 D GeckoFavicons: Creating DatabaseHelper
07-02 08:37:19.218  7531  7546 W GeckoApp: zerdatime 112820343 - start of getPluginDirectories
07-02 08:37:19.222  7531  7546 W GeckoApp: zerdatime 112820344 - end of getPluginDirectories
07-02 08:37:19.226  7531  7546 I GeckoAppShell: env0: null
07-02 08:37:19.234  7531  7546 D dalvikvm: Trying to load lib /data/data/org.mozilla.firefox_beta/lib/libmozglue.so 0x4133e140
07-02 08:37:19.234  7531  7546 D dalvikvm: Shared lib '/data/data/org.mozilla.firefox_beta/lib/libmozglue.so' already loaded in same CL 0x4133e140
07-02 08:37:19.238  7531  7546 E GeckoLibLoad: Load sqlite start
07-02 08:37:19.265  7531  7533 D dalvikvm: GC_CONCURRENT freed 117K, 3% free 9642K/9863K, paused 2ms+6ms
07-02 08:37:19.269  7531  7531 I GeckoAxis: Prefs: 0.85,0.97,10.0,0.012,0.04,0.3,0.5
07-02 08:37:19.297  7531  7546 E GeckoLinker: /data/app/org.mozilla.firefox_beta-1.apk!/libmozsqlite3.so: Warning: relocation to NULL @0x00052db4
07-02 08:37:19.300  7531  7546 E GeckoLinker: /data/app/org.mozilla.firefox_beta-1.apk!/libmozsqlite3.so: Warning: relocation to NULL @0x00052cb0 for symbol "__cxa_begin_cleanup"
07-02 08:37:19.300  7531  7546 E GeckoLinker: /data/app/org.mozilla.firefox_beta-1.apk!/libmozsqlite3.so: Warning: relocation to NULL @0x00052d1c for symbol "__cxa_type_match"
07-02 08:37:19.300  7531  7546 E GeckoLibLoad: Load sqlite done
07-02 08:37:19.300  7531  7546 D dalvikvm: Trying to load lib /data/data/org.mozilla.firefox_beta/lib/libmozglue.so 0x4133e140
07-02 08:37:19.300  7531  7546 D dalvikvm: Shared lib '/data/data/org.mozilla.firefox_beta/lib/libmozglue.so' already loaded in same CL 0x4133e140
07-02 08:37:19.300  7531  7546 E GeckoLibLoad: Load nss start
07-02 08:37:19.312  7531  7531 W GeckoApp: zerdatime 112820435 - UI almost up
07-02 08:37:19.375    78 25405 W SurfaceTexture: [org.mozilla.firefox_beta/org.mozilla.firefox_beta.App] cancelBuffer: SurfaceTexture has been abandoned!
07-02 08:37:19.375   145   145 W InputManagerService: Starting input on non-focused client com.android.internal.view.IInputMethodClient$Stub$Proxy@41877bb8 (uid=10064 pid=6155)
07-02 08:37:19.414  7531  7546 E GeckoLinker: /data/app/org.mozilla.firefox_beta-1.apk!/libnspr4.so: Warning: relocation to NULL @0x00020de0
07-02 08:37:19.414  7531  7546 E GeckoLinker: /data/app/org.mozilla.firefox_beta-1.apk!/libnspr4.so: Warning: relocation to NULL @0x00020b98 for symbol "__cxa_begin_cleanup"
07-02 08:37:19.414  7531  7546 E GeckoLinker: /data/app/org.mozilla.firefox_beta-1.apk!/libnspr4.so: Warning: relocation to NULL @0x00020cb0 for symbol "__cxa_type_match"
07-02 08:37:19.425  7531  7546 E GeckoLibLoad: Load nss done
07-02 08:37:19.496   145   176 I ActivityManager: Displayed org.mozilla.firefox_beta/.App: +1s71ms
07-02 08:37:19.648  7531  7531 W GeckoApp: zerdatime 112820771 - onNewIntent
07-02 08:37:19.648  7531  7531 D GeckoApp: EDIT
07-02 08:37:19.652  7531  7531 I GeckoApp: onNewIntent: http://www.smh.com.au/national/us-senator-calls-to-prosecute-assange-20120701-21b3n.html
07-02 08:37:19.652  7531  7544 W GeckoApp: zerdatime 112820775 - pre checkLaunchState
07-02 08:37:20.140   145  4009 I ActivityManager: Process com.google.android.maps.mytracks (pid 7012) has died.
07-02 08:37:20.144   145   181 W InputDispatcher: channel '41733d08 com.facebook.katana/com.facebook.katana.activity.FbFragmentChromeActivity (server)' ~ Consumer closed input channel or an error occurred.  events=0x8
07-02 08:37:20.144   145   181 E InputDispatcher: channel '41733d08 com.facebook.katana/com.facebook.katana.activity.FbFragmentChromeActivity (server)' ~ Channel is unrecoverably broken and will be disposed!
07-02 08:37:20.160   145   365 W InputDispatcher: Attempted to unregister already unregistered input channel '41733d08 com.facebook.katana/com.facebook.katana.activity.FbFragmentChromeActivity (server)'
07-02 08:37:20.160   145   365 I WindowManager: WIN DEATH: Window{41733d08 com.facebook.katana/com.facebook.katana.activity.FbFragmentChromeActivity paused=false}
07-02 08:37:20.328   145   181 I WindowManager: WINDOW DIED Window{41733d08 com.facebook.katana/com.facebook.katana.activity.FbFragmentChromeActivity paused=false}
07-02 08:37:20.386   145   145 I ActivityManager: Process com.facebook.katana (pid 5940) has died.
07-02 08:37:20.386   145   145 W ActivityManager: Scheduling restart of crashed service com.facebook.katana/.service.BackgroundDetectionService in 5000ms
07-02 08:37:20.394   145   145 W ActivityManager: Scheduling restart of crashed service com.facebook.katana/com.facebook.orca.push.mqtt.MqttPushService in 5000ms
07-02 08:37:20.394   145   145 W ActivityManager: Scheduling restart of crashed service com.facebook.katana/.service.FacebookService in 15000ms
07-02 08:37:20.398   145   145 W ActivityManager: Scheduling restart of crashed service com.facebook.katana/.service.MediaUploadService in 24999ms
07-02 08:37:20.582  7531  7546 E GeckoLinker: /data/app/org.mozilla.firefox_beta-1.apk!/libmozalloc.so: Warning: relocation to NULL @0x00003e2c
07-02 08:37:20.582  7531  7546 E GeckoLinker: /data/app/org.mozilla.firefox_beta-1.apk!/libmozalloc.so: Warning: relocation to NULL @0x00003db8 for symbol "__cxa_begin_cleanup"
07-02 08:37:20.582  7531  7546 E GeckoLinker: /data/app/org.mozilla.firefox_beta-1.apk!/libmozalloc.so: Warning: relocation to NULL @0x00003de0 for symbol "__cxa_type_match"
07-02 08:37:20.617  7531  7546 E GeckoLibLoad: Loaded libs in 1191ms total, 511ms user, 179ms system, 7 faults
07-02 08:37:20.672  7531  7546 W GeckoThread: zerdatime 112821795 - runGecko
07-02 08:37:20.672  7531  7546 I GeckoThread: RunGecko - URI = about:empty
07-02 08:37:20.769  7531  7546 I GeckoAppShell: post native init
07-02 08:37:20.773  7531  7546 I GeckoAppShell: setLayerClient called
07-02 08:37:21.191  7531  7546 E GeckoConsole: Could not read chrome manifest 'file:///data/data/org.mozilla.firefox_beta/chrome.manifest'.
07-02 08:37:21.273   145   348 I ActivityManager: Process android.process.media (pid 6210) has died.
07-02 08:37:21.539  7531  7546 W ResourceType: Too many attribute references, stopped at: 0x01010099
07-02 08:37:21.754   145   310 I ActivityManager: Process edu.buffalo.cse.phonelab.phonelabservices (pid 5756) has died.
07-02 08:37:21.754   145   310 W ActivityManager: Scheduling restart of crashed service edu.buffalo.cse.phonelab.phonelabservices/edu.buffalo.cse.phonelab.datalogger.LoggerService in 33642ms
07-02 08:37:21.851  7531  7546 E GeckoConsole: zerdatime 1341232641852 - browser chrome startup finished.
07-02 08:37:21.894  7531  7546 I GeckoApp: Got message: CharEncoding:State
07-02 08:37:22.039  7531  7546 I GeckoTabs: Got message: Session:RestoreBegin
07-02 08:37:22.039  7531  7546 I Gecko   : Detected osrelease `3.0.8-g6656123'
07-02 08:37:22.039  7531  7546 I Gecko   : JITs are not broken
07-02 08:37:22.090  7531  7546 I GeckoTabs: Got message: Tab:Added
07-02 08:37:22.090  7531  7546 I GeckoTabs: Received message from Gecko: 112823211 - Tab:Added
07-02 08:37:22.121  7531  7546 I GeckoTabs: Added a tab with id: 1
07-02 08:37:22.133  7531  7531 I GeckoToolbar: zerdatime 112823254 - Throbber start
07-02 08:37:22.136  7531  7531 I GeckoDoorHangerPopup: Showing all doorhangers for tab: 1
07-02 08:37:22.148  7531  7546 I GeckoApp: Got message: Content:StateChange
07-02 08:37:22.148  7531  7546 I GeckoApp: State - 983041
07-02 08:37:22.148  7531  7546 I GeckoApp: Got a document start
07-02 08:37:22.152  7531  7531 I GeckoToolbar: zerdatime 112823276 - Throbber start
07-02 08:37:22.172  7531  7546 I GeckoApp: Got message: Gecko:Ready
07-02 08:37:22.191  7531  7546 D GeckoLayerClient: Screen-size changed to (480,800)
07-02 08:37:22.191  7531  7546 D GeckoLayerClient: Window-size changed to (480,690)
07-02 08:37:22.195  7531  7546 I GeckoLayerClient: Showing checks: true
07-02 08:37:22.230  7531  7546 I GeckoApp: Got message: Content:LocationChange
07-02 08:37:22.230  7531  7546 I GeckoApp: URI - about:empty
07-02 08:37:22.230  7531  7546 I GeckoTab: Updated url: about:empty for tab with id: 1
07-02 08:37:22.234  7531  7546 I GeckoTab: Updated favicon for tab with id: 1
07-02 08:37:22.234  7531  7546 I GeckoTab: Updated favicon URL for tab with id: 1
07-02 08:37:22.258  7531  7531 I GeckoDoorHangerPopup: Showing all doorhangers for tab: 1
07-02 08:37:22.258  7531  7546 I GeckoApp: Got message: Content:SecurityChange
07-02 08:37:22.261  7531  7546 I GeckoApp: Security Mode - unknown
07-02 08:37:22.324  7531  7546 I GeckoTabs: Got message: Tab:Added
07-02 08:37:22.324  7531  7546 I GeckoTabs: Received message from Gecko: 112823447 - Tab:Added
07-02 08:37:22.324  7531  7546 I GeckoTabs: Added a tab with id: 2
07-02 08:37:22.355  7531  7546 I GeckoTabs: Got message: Tab:Added
07-02 08:37:22.355  7531  7546 I GeckoTabs: Received message from Gecko: 112823479 - Tab:Added
07-02 08:37:22.355  7531  7546 I GeckoTabs: Added a tab with id: 3
07-02 08:37:22.386  7531  7546 I GeckoTabs: Got message: Tab:Added
07-02 08:37:22.386  7531  7546 I GeckoTabs: Received message from Gecko: 112823510 - Tab:Added
07-02 08:37:22.390  7531  7546 I GeckoTabs: Added a tab with id: 4
07-02 08:37:22.425  7531  7546 I GeckoTabs: Got message: Tab:Added
07-02 08:37:22.425  7531  7546 I GeckoTabs: Received message from Gecko: 112823548 - Tab:Added
07-02 08:37:22.425  7531  7546 I GeckoTabs: Added a tab with id: 5
07-02 08:37:22.457  7531  7546 I GeckoTabs: Got message: Tab:Added
07-02 08:37:22.457  7531  7546 I GeckoTabs: Received message from Gecko: 112823579 - Tab:Added
07-02 08:37:22.457  7531  7546 I GeckoTabs: Added a tab with id: 6
07-02 08:37:22.465  7531  7546 I GeckoTabs: Got message: Session:RestoreEnd
07-02 08:37:23.586  7531  7546 I GeckoPanZoomController: Got message: Preferences:Data
07-02 08:37:23.933  7531  7546 I GeckoPanZoomController: Zoom animation frames: [0.0, 0.10211, 0.19864, 0.29043, 0.37816, 0.46155, 0.54054, 0.61496, 0.68467, 0.7491, 0.80794, 0.86069, 0.90651, 0.94471, 0.97401, 0.99309]
07-02 08:37:23.933  7531  7546 I GeckoAxis: Prefs: 0.85,0.97,10.0,0.012,0.04,0.3,0.5
07-02 08:37:24.508  7531  7546 I GeckoApp: Got message: Content:PageShow
07-02 08:37:24.527  7531  7531 D GeckoFavicons: Creating LoadFaviconTask with URL = about:empty and favicon URL = null
07-02 08:37:24.562  7531  7546 I GeckoApp: Got message: Content:StateChange
07-02 08:37:24.562  7531  7546 I GeckoApp: State - 786448
07-02 08:37:24.562  7531  7546 I GeckoApp: Got a document stop
07-02 08:37:24.605  7531  7531 D GeckoFavicons: Calling loadFavicon() with URL = about:empty and favicon URL = null (1)
07-02 08:37:24.617  7531  7533 D dalvikvm: GC_CONCURRENT freed 325K, 5% free 9745K/10183K, paused 5ms+7ms
07-02 08:37:24.765  7531  7531 I GeckoToolbar: zerdatime 112825888 - Throbber stop
07-02 08:37:24.828  7531  7558 D GeckoFavicons: The provided favicon URL is not valid: java.net.MalformedURLException: Unknown protocol: about
07-02 08:37:24.828  7531  7531 D GeckoFavicons: LoadFaviconTask finished for URL = about:empty (1)
07-02 08:37:24.875  7531  7546 I GeckoApp: Got message: Content:StateChange
07-02 08:37:24.875  7531  7546 I GeckoApp: State - 983041
07-02 08:37:24.875  7531  7546 I GeckoApp: Got a document start
07-02 08:37:24.883  7531  7531 I GeckoToolbar: zerdatime 112826003 - Throbber start
07-02 08:37:24.933  7531  7546 I GeckoDisplayPortCalculator: Set strategy VelocityBiasStrategy mult=2.0, threshold=7.6800003, reverse=0.2, dangerBaseX=1.0, dangerBaseY=1.0, dangerIncrX=0.0, dangerIncrY=0.0
07-02 08:37:24.933  7531  7546 I PluginLayer: Using plugin placeholder: false
07-02 08:37:24.937  7531  7562 I Gecko   : Logging GL tracing output to /data/data/org.mozilla.firefox_beta/firefox.trace
07-02 08:37:24.937  7531  7562 I Gecko   : Attempting load of /data/local/egltrace.so
07-02 08:37:24.945  7531  7562 I Gecko   : Attempting load of libEGL.so
07-02 08:37:24.945  7531  7562 I Gecko   : Extensions: EGL_KHR_image EGL_KHR_image_base EGL_KHR_image_base EGL_KHR_gl_texture_2D_image EGL_KHR_gl_texture_cubemap_image EGL_KHR_gl_renderbuffer_image EGL_KHR_fence_sync EGL_ANDROID_image_native_buffer EGL_ANDROID_image_native_buffer  0x45
07-02 08:37:24.945  7531  7562 I Gecko   : Extensions length: 226
07-02 08:37:25.000  7531  7562 E GeckoConsole: OpenGL LayerManager Initialized Succesfully.
07-02 08:37:25.000  7531  7562 E GeckoConsole: Version: OpenGL ES 2.0 build 1.8@785978
07-02 08:37:25.000  7531  7562 E GeckoConsole: Vendor: Imagination Technologies
07-02 08:37:25.000  7531  7562 E GeckoConsole: Renderer: PowerVR SGX 540
07-02 08:37:25.000  7531  7562 E GeckoConsole: FBO Texture Target: TEXTURE_2D
07-02 08:37:25.078  7531  7546 I GeckoApp: Got message: DOMTitleChanged
07-02 08:37:25.078  7531  7546 I GeckoTab: Updated title:  for tab with id: 1
07-02 08:37:25.078  7531  7546 I GeckoApp: title - 
07-02 08:37:25.082  7531  7546 I GeckoApp: Got message: DOMContentLoaded
07-02 08:37:25.082   145  4009 I ActivityManager: Process com.android.musicfx (pid 7265) has died.
07-02 08:37:25.101  7531  7562 D GeckoLayerView: LayerView paint state set to 1
07-02 08:37:25.101  7531  7562 I GeckoAppShell: Taking whole-screen screenshot, viewport: ImmutableViewportMetrics v=(0.0,0.0,480.0,690.0) p=(0.0,0.0,480.0,690.0) c=(0.0,0.0,480.0,690.0) z=1.0
07-02 08:37:25.121  7531  7531 D GeckoPanZoomController: generating valid viewport using v=RectF(0.0, 0.0, 480.0, 690.0) p=RectF(0.0, 0.0, 480.0, 690.0) c=RectF(0.0, 0.0, 480.0, 690.0) z=1.0
07-02 08:37:25.121  7531  7531 D GeckoPanZoomController: generated valid viewport as v=RectF(0.0, 0.0, 480.0, 690.0) p=RectF(0.0, 0.0, 480.0, 690.0) c=RectF(0.0, 0.0, 480.0, 690.0) z=1.0
07-02 08:37:25.164  7531  7562 D GeckoLayerView: LayerView paint state set to 2
07-02 08:37:25.172  7531  7562 I Gecko   : Compositor: Composite took 101 ms.
07-02 08:37:25.218  7531  7544 D dalvikvm: GC_FOR_ALLOC freed 119K, 4% free 9788K/10183K, paused 30ms
07-02 08:37:25.222  7531  7544 I dalvikvm-heap: Grow heap (frag case) to 11.627MB for 2097168-byte allocation
07-02 08:37:25.230   145   396 I ActivityManager: Process com.google.android.talk (pid 7318) has died.
07-02 08:37:25.250  7531  7546 D dalvikvm: GC_FOR_ALLOC freed 1K, 4% free 11835K/12295K, paused 17ms
07-02 08:37:25.269  7531  7546 I GeckoApp: Got message: Tab:ViewportMetadata
07-02 08:37:25.340  7531  7533 D dalvikvm: GC_CONCURRENT freed 56K, 4% free 11836K/12295K, paused 2ms+6ms
07-02 08:37:25.351  7531  7562 I GeckoAppShell: Taking whole-screen screenshot, viewport: ImmutableViewportMetrics v=(0.0,0.0,480.0,690.0) p=(0.0,0.0,235.0,338.0) c=(0.0,0.0,480.0,690.0) z=0.4897959
07-02 08:37:25.355  7531  7531 D GeckoPanZoomController: generating valid viewport using v=RectF(0.0, 0.0, 480.0, 690.0) p=RectF(0.0, 0.0, 235.0, 338.0) c=RectF(0.0, 0.0, 480.0, 690.0) z=0.4897959
07-02 08:37:25.355  7531  7531 D GeckoPanZoomController: generated valid viewport as v=RectF(0.0, 0.0, 480.0, 690.0) p=RectF(0.0, 0.0, 480.2084, 690.29956) c=RectF(0.0, 0.0, 480.0, 690.0) z=1.0004342
07-02 08:37:25.425  7531  7544 D dalvikvm: GC_FOR_ALLOC freed 2059K, 21% free 9787K/12295K, paused 34ms
07-02 08:37:25.425  7531  7544 I dalvikvm-heap: Grow heap (frag case) to 11.626MB for 2097168-byte allocation
07-02 08:37:25.429   145   162 I ActivityManager: Start proc com.facebook.katana for service com.facebook.katana/com.facebook.orca.push.mqtt.MqttPushService: pid=7565 uid=10071 gids={3003, 1006, 1015}
07-02 08:37:25.457  7565  7565 I dalvikvm: Turning on JNI app bug workarounds for target SDK version 7...
07-02 08:37:25.461  7531  7562 D dalvikvm: GC_FOR_ALLOC freed <1K, 4% free 11835K/12295K, paused 26ms
07-02 08:37:25.500   145 22722 I ActivityManager: Process com.whatsapp (pid 7404) has died.
07-02 08:37:25.500   145 22722 W ActivityManager: Scheduling restart of crashed service com.whatsapp/.messaging.MessageService in 39895ms
07-02 08:37:25.511  7531  7562 I Gecko   : Compositor: Composite took 161 ms.
07-02 08:37:25.554  7531  7533 D dalvikvm: GC_CONCURRENT freed 3K, 4% free 11836K/12295K, paused 2ms+4ms
07-02 08:37:25.554  6155  6155 D OpenGLRenderer: Flushing caches (mode 1)
07-02 08:37:25.570   375   375 D OpenGLRenderer: Flushing caches (mode 2)
07-02 08:37:25.590   375   375 D OpenGLRenderer: Flushing caches (mode 0)
07-02 08:37:25.832  7565  7568 D dalvikvm: GC_CONCURRENT freed 153K, 3% free 9382K/9607K, paused 5ms+5ms
07-02 08:37:26.035  7565  7565 I ActivityThread: Pub com.facebook.katana.provider.LoggingProvider: com.facebook.katana.provider.LoggingProvider
07-02 08:37:26.093  7565  7565 I ActivityThread: Pub com.facebook.katana.provider.KeyValueProvider: com.facebook.katana.provider.KeyValueProvider
07-02 08:37:26.101  7565  7565 I ActivityThread: Pub com.facebook.katana.provider.CacheProvider: com.facebook.katana.provider.CacheProvider
07-02 08:37:26.101  7565  7565 I ActivityThread: Pub com.facebook.katana.provider.MailboxProvider: com.facebook.katana.provider.MailboxProvider
07-02 08:37:26.113  7565  7565 I ActivityThread: Pub com.facebook.katana.provider.UserStatusesProvider: com.facebook.katana.provider.UserStatusesProvider
07-02 08:37:26.113  7565  7565 I ActivityThread: Pub com.facebook.katana.provider.EventsProvider: com.facebook.katana.provider.EventsProvider
07-02 08:37:26.117  7565  7565 I ActivityThread: Pub com.facebook.katana.provider.NotificationsProvider: com.facebook.katana.provider.NotificationsProvider
07-02 08:37:26.117  7565  7565 I ActivityThread: Pub com.facebook.katana.provider.UserValuesProvider: com.facebook.katana.provider.UserValuesProvider
07-02 08:37:26.121  7565  7565 I ActivityThread: Pub com.facebook.katana.provider.PagesProvider: com.facebook.katana.provider.PagesProvider
07-02 08:37:26.125  7565  7565 I ActivityThread: Pub com.facebook.katana.provider.MobileEventLogProvider: com.facebook.katana.provider.MobileEventLogProvider
07-02 08:37:26.133  7565  7565 I ActivityThread: Pub com.facebook.katana.provider.PushNotificationsProvider: com.facebook.katana.provider.PushNotificationsProvider
07-02 08:37:26.133  7565  7565 I ActivityThread: Pub com.facebook.katana.provider.PhotosProvider: com.facebook.katana.provider.PhotosProvider
07-02 08:37:26.140  7565  7565 I ActivityThread: Pub com.facebook.katana.provider.ConnectionsProvider: com.facebook.katana.provider.ConnectionsProvider
07-02 08:37:26.152  7565  7568 D dalvikvm: GC_CONCURRENT freed 157K, 3% free 9728K/9991K, paused 15ms+5ms
07-02 08:37:26.164  7531  7562 I Gecko   : Compositor: Composite took 149 ms.
07-02 08:37:26.172  7565  7565 I ActivityThread: Pub com.facebook.orca.notify.FbandroidMessagesForegroundProvider: com.facebook.orca.notify.FbandroidMessagesForegroundProvider
07-02 08:37:26.226  7565  7565 D ACRA    : Retrieve application default SharedPreferences.
07-02 08:37:26.234  7565  7565 D ACRA    : Set OnSharedPreferenceChangeListener.
07-02 08:37:26.277  7565  7565 D ACRA    : ACRA is enabled for com.facebook.katana, intializing...
07-02 08:37:26.386  7565  7565 D ACRA    : Looking for error files in /data/data/com.facebook.katana/app_acra-reports
07-02 08:37:26.402  7531  7546 I GeckoTabs: Got message: SessionHistory:New
07-02 08:37:26.472  7531  7546 I GeckoApp: Got message: Content:LocationChange
07-02 08:37:26.472  7531  7546 I GeckoApp: URI - http://www.smh.com.au/national/us-senator-calls-to-prosecute-assange-20120701-21b3n.html
07-02 08:37:26.472  7531  7546 I GeckoTab: Updated url: http://www.smh.com.au/national/us-senator-calls-to-prosecute-assange-20120701-21b3n.html for tab with id: 1
07-02 08:37:26.472  7531  7546 I GeckoTab: Updated favicon for tab with id: 1
07-02 08:37:26.472  7531  7546 I GeckoTab: Updated favicon URL for tab with id: 1
07-02 08:37:26.472  7531  7546 D GeckoFavicons: Requesting cancelation of favicon load (1)
07-02 08:37:26.476  7531  7531 I GeckoDoorHangerPopup: Showing all doorhangers for tab: 1
07-02 08:37:26.488  7531  7546 I GeckoApp: Got message: Content:SecurityChange
07-02 08:37:26.492  7531  7546 I GeckoApp: Security Mode - unknown
07-02 08:37:26.613  7565  7565 W nalizableReferenceQueue: Could not load Finalizer in its own class loader.Loading Finalizer in the current class loader instead. As a result, you will not be ableto garbage collect this class loader. To support reclaiming this class loader, eitherresolve the underlying issue, or move Google Collections to your system class path.
07-02 08:37:26.613  7565  7565 W nalizableReferenceQueue: java.io.FileNotFoundException: com/google/common/base/internal/Finalizer.class
07-02 08:37:26.613  7565  7565 W nalizableReferenceQueue: 	at com.google.common.base.FinalizableReferenceQueue$DecoupledLoader.getBaseUrl(FinalizableReferenceQueue.java:243)
07-02 08:37:26.613  7565  7565 W nalizableReferenceQueue: 	at com.google.common.base.FinalizableReferenceQueue$DecoupledLoader.loadFinalizer(FinalizableReferenceQueue.java:227)
07-02 08:37:26.613  7565  7565 W nalizableReferenceQueue: 	at com.google.common.base.FinalizableReferenceQueue.loadFinalizer(FinalizableReferenceQueue.java:155)
07-02 08:37:26.613  7565  7565 W nalizableReferenceQueue: 	at com.google.common.base.FinalizableReferenceQueue.<clinit>(FinalizableReferenceQueue.java:84)
07-02 08:37:26.613  7565  7565 W nalizableReferenceQueue: 	at com.google.common.collect.CustomConcurrentHashMap$QueueHolder.<clinit>(CustomConcurrentHashMap.java:650)
07-02 08:37:26.613  7565  7565 W nalizableReferenceQueue: 	at com.google.common.collect.CustomConcurrentHashMap$WeakEntry.<init>(CustomConcurrentHashMap.java:1342)
07-02 08:37:26.613  7565  7565 W nalizableReferenceQueue: 	at com.google.common.collect.CustomConcurrentHashMap$EntryFactory$9.newEntry(CustomConcurrentHashMap.java:453)
07-02 08:37:26.613  7565  7565 W nalizableReferenceQueue: 	at com.google.common.collect.CustomConcurrentHashMap.a(CustomConcurrentHashMap.java:1715)
07-02 08:37:26.613  7565  7565 W nalizableReferenceQueue: 	at com.google.common.collect.ComputingConcurrentHashMap$ComputingSegment.a(ComputingConcurrentHashMap.java:123)
07-02 08:37:26.613  7565  7565 W nalizableReferenceQueue: 	at com.google.common.collect.ComputingConcurrentHashMap.apply(ComputingConcurrentHashMap.java:71)
07-02 08:37:26.613  7565  7565 W nalizableReferenceQueue: 	at com.google.common.collect.MapMaker$ComputingMapAdapter.get(MapMaker.java:848)
07-02 08:37:26.613  7565  7565 W nalizableReferenceQueue: 	at com.google.inject.internal.Annotations$AnnotationChecker.a(Annotations.java:94)
07-02 08:37:26.613  7565  7565 W nalizableReferenceQueue: 	at com.google.inject.internal.Annotations.c(Annotations.java:112)
07-02 08:37:26.613  7565  7565 W nalizableReferenceQueue: 	at com.google.inject.Key.d(Key.java:369)
07-02 08:37:26.613  7565  7565 W nalizableReferenceQueue: 	at com.google.inject.Key.b(Key.java:356)
07-02 08:37:26.613  7565  7565 W nalizableReferenceQueue: 	at com.google.inject.Key.a(Key.java:267)
07-02 08:37:26.613  7565  7565 W nalizableReferenceQueue: 	at com.facebook.orca.inject.binder.AnnotatedBindingBuilderImpl.a(AnnotatedBindingBuilderImpl.java:22)
07-02 08:37:26.613  7565  7565 W nalizableReferenceQueue: 	at com.facebook.orca.app.FbBaseModule.a(FbBaseModule.java:74)
07-02 08:37:26.613  7565  7565 W nalizableReferenceQueue: 	at com.facebook.orca.inject.AbstractModule.a(AbstractModule.java:19)
07-02 08:37:26.613  7565  7565 W nalizableReferenceQueue: 	at com.facebook.orca.inject.FbInjectorImpl.a(FbInjectorImpl.java:61)
07-02 08:37:26.613  7565  7565 W nalizableReferenceQueue: 	at com.facebook.orca.inject.FbInjectorImpl.<init>(FbInjectorImpl.java:41)
07-02 08:37:26.613  7565  7565 W nalizableReferenceQueue: 	at com.facebook.orca.inject.FbInjector.a(FbInjector.java:40)
07-02 08:37:26.613  7565  7565 W nalizableReferenceQueue: 	at com.facebook.katana.FacebookApplication.onCreate(FacebookApplication.java:86)
07-02 08:37:26.613  7565  7565 W nalizableReferenceQueue: 	at android.app.Instrumentation.callApplicationOnCreate(Instrumentation.java:969)
07-02 08:37:26.613  7565  7565 W nalizableReferenceQueue: 	at android.app.ActivityThread.handleBindApplication(ActivityThread.java:3954)
07-02 08:37:26.613  7565  7565 W nalizableReferenceQueue: 	at android.app.ActivityThread.access$1300(ActivityThread.java:123)
07-02 08:37:26.613  7565  7565 W nalizableReferenceQueue: 	at android.app.ActivityThread$H.handleMessage(ActivityThread.java:1185)
07-02 08:37:26.613  7565  7565 W nalizableReferenceQueue: 	at android.os.Handler.dispatchMessage(Handler.java:99)
07-02 08:37:26.613  7565  7565 W nalizableReferenceQueue: 	at android.os.Looper.loop(Looper.java:137)
07-02 08:37:26.613  7565  7565 W nalizableReferenceQueue: 	at android.app.ActivityThread.main(ActivityThread.java:4424)
07-02 08:37:26.613  7565  7565 W nalizableReferenceQueue: 	at java.lang.reflect.Method.invokeNative(Native Method)
07-02 08:37:26.613  7565  7565 W nalizableReferenceQueue: 	at java.lang.reflect.Method.invoke(Method.java:511)
07-02 08:37:26.613  7565  7565 W nalizableReferenceQueue: 	at com.android.internal.os.ZygoteInit$MethodAndArgsCaller.run(ZygoteInit.java:784)
07-02 08:37:26.613  7565  7565 W nalizableReferenceQueue: 	at com.android.internal.os.ZygoteInit.main(ZygoteInit.java:551)
07-02 08:37:26.613  7565  7565 W nalizableReferenceQueue: 	at dalvik.system.NativeStart.main(Native Method)
07-02 08:37:26.613  7565  7565 I Finalizer: Couldn't access Thread.inheritableThreadLocals. Reference finalizer threads will inherit thread local values.
07-02 08:37:26.761  7565  7568 D dalvikvm: GC_CONCURRENT freed 306K, 5% free 9830K/10247K, paused 3ms+3ms
07-02 08:37:26.859  7531  7546 I GeckoApp: Got message: DOMTitleChanged
07-02 08:37:26.863  7531  7546 I GeckoTab: Updated title: US senator calls to prosecute Assange for tab with id: 1
07-02 08:37:26.871  7531  7546 I GeckoApp: title - US senator calls to prosecute Assange
07-02 08:37:26.894  7531  7546 I GeckoApp: Got message: DOMLinkAdded
07-02 08:37:26.894  7531  7546 I GeckoApp: link rel - [canonical], href - http://www.smh.com.au/national/us-senator-calls-to-prosecute-assange-20120701-21b3n.html
07-02 08:37:26.910  7531  7546 I GeckoApp: Got message: DOMLinkAdded
07-02 08:37:26.910  7531  7546 I GeckoApp: link rel - [shortcut] [icon], href - http://www.smh.com.au/favicon.ico
07-02 08:37:26.910  7531  7546 I GeckoTab: Updated favicon URL for tab with id: 1
07-02 08:37:26.976  7531  7546 E GeckoConsole: [JavaScript Warning: "Expected color but found 'transparent0'.  Error in parsing value for 'background'.  Declaration dropped." {file: "http://resources.smh.com.au/common/media-common-1.0/css/output/skin.promotions_min.css" line: 42}]
07-02 08:37:26.976  7531  7546 E GeckoConsole: [JavaScript Warning: "Error in parsing value for 'filter'.  Declaration dropped." {file: "http://resources.smh.com.au/common/media-common-1.0/css/output/skin.promotions_min.css" line: 43}]
07-02 08:37:26.984  7531  7546 E GeckoConsole: [JavaScript Warning: "Expected color but found 'transparent0'.  Error in parsing value for 'background'.  Declaration dropped." {file: "http://resources.smh.com.au/common/media-common-1.0/css/output/skin.promotions_min.css" line: 69}]
07-02 08:37:26.984  7531  7546 E GeckoConsole: [JavaScript Warning: "Error in parsing value for 'filter'.  Declaration dropped." {file: "http://resources.smh.com.au/common/media-common-1.0/css/output/skin.promotions_min.css" line: 70}]
07-02 08:37:26.984  7531  7546 E GeckoConsole: [JavaScript Warning: "Unknown property '-moz-box-shadow'.  Declaration dropped." {file: "http://resources.smh.com.au/common/media-common-1.0/css/output/skin.promotions_min.css" line: 82}]
07-02 08:37:26.988  7531  7546 E GeckoConsole: [JavaScript Warning: "Error in parsing value for 'filter'.  Declaration dropped." {file: "http://resources.smh.com.au/common/media-common-1.0/css/output/skin.promotions_min.css" line: 107}]
07-02 08:37:27.011  7531  7546 E GeckoConsole: [JavaScript Warning: "Unknown property '-moz-box-shadow'.  Declaration dropped." {file: "http://resources.smh.com.au/common/media-common-1.0/css/output/skin.promotions_min.css" line: 135}]
07-02 08:37:27.019  7531  7546 E GeckoConsole: [JavaScript Warning: "Unknown property '-moz-border-radius'.  Declaration dropped." {file: "http://resources.smh.com.au/common/media-common-1.0/css/output/skin.promotions_min.css" line: 135}]
07-02 08:37:27.019  7531  7546 E GeckoConsole: [JavaScript Warning: "Unknown property '-moz-box-shadow'.  Declaration dropped." {file: "http://resources.smh.com.au/common/media-common-1.0/css/output/skin.promotions_min.css" line: 136}]
07-02 08:37:27.050  7531  7546 E GeckoConsole: [JavaScript Warning: "Error in parsing value for 'background-image'.  Declaration dropped." {file: "http://resources.smh.com.au/common/media-common-1.0/css/output/common.skin.smh_min.css" line: 10}]
07-02 08:37:27.050  7531  7546 E GeckoConsole: [JavaScript Warning: "Error in parsing value for 'filter'.  Declaration dropped." {file: "http://resources.smh.com.au/common/media-common-1.0/css/output/common.skin.smh_min.css" line: 10}]
07-02 08:37:27.050  7531  7546 E GeckoConsole: [JavaScript Warning: "Error in parsing value for 'background-image'.  Declaration dropped." {file: "http://resources.smh.com.au/common/media-common-1.0/css/output/common.skin.smh_min.css" line: 11}]
07-02 08:37:27.050  7531  7546 E GeckoConsole: [JavaScript Warning: "Error in parsing value for 'filter'.  Declaration dropped." {file: "http://resources.smh.com.au/common/media-common-1.0/css/output/common.skin.smh_min.css" line: 11}]
07-02 08:37:27.050  7531  7546 E GeckoConsole: [JavaScript Warning: "Error in parsing value for 'background-image'.  Declaration dropped." {file: "http://resources.smh.com.au/common/media-common-1.0/css/output/common.skin.smh_min.css" line: 12}]
07-02 08:37:27.054  7531  7546 E GeckoConsole: [JavaScript Warning: "Error in parsing value for 'filter'.  Declaration dropped." {file: "http://resources.smh.com.au/common/media-common-1.0/css/output/common.skin.smh_min.css" line: 12}]
07-02 08:37:27.082  7565  7568 D dalvikvm: GC_CONCURRENT freed 382K, 5% free 9979K/10439K, paused 2ms+3ms
07-02 08:37:27.113  7531  7546 E GeckoConsole: [JavaScript Warning: "Error in parsing value for 'white-space'.  Declaration dropped." {file: "http://resources.smh.com.au/common/media-common-1.0/css/output/common.skin.news_min.css" line: 39}]
07-02 08:37:27.113  7531  7546 E GeckoConsole: [JavaScript Warning: "Error in parsing value for 'white-space'.  Declaration dropped." {file: "http://resources.smh.com.au/common/media-common-1.0/css/output/common.skin.news_min.css" line: 39}]
07-02 08:37:27.129  7531  7546 E GeckoConsole: [JavaScript Warning: "Error in parsing value for 'display'.  Declaration dropped." {file: "http://resources.smh.com.au/common/media-common-1.0/css/output/common.skin.news_min.css" line: 50}]
07-02 08:37:27.133  7531  7546 E GeckoConsole: [JavaScript Warning: "Unknown property 'behavior'.  Declaration dropped." {file: "http://resources.smh.com.au/common/media-common-1.0/css/output/common.skin.news_min.css" line: 63}]
07-02 08:37:27.133  7531  7546 E GeckoConsole: [JavaScript Warning: "Expected media feature name but found '-webkit-min-device-pixel-ratio'." {file: "http://resources.smh.com.au/common/media-common-1.0/css/output/common.skin.news_min.css" line: 64}]
07-02 08:37:27.183  7531  7546 E GeckoConsole: [JavaScript Warning: "Unknown property '-moz-border-radius'.  Declaration dropped." {file: "http://resources.smh.com.au/common/media-common-1.0/css/output/common.skin.news_min.css" line: 170}]
07-02 08:37:27.199  7531  7546 E GeckoConsole: [JavaScript Warning: "Error in parsing value for 'padding-right'.  Declaration dropped." {file: "http://resources.smh.com.au/common/media-common-1.0/css/output/common.skin.news_min.css" line: 212}]
07-02 08:37:27.199  7531  7546 E GeckoConsole: [JavaScript Warning: "Error in parsing value for 'background-position'.  Declaration dropped." {file: "http://resources.smh.com.au/common/media-common-1.0/css/output/common.skin.news_min.css" line: 212}]
07-02 08:37:27.199  7531  7546 E GeckoConsole: [JavaScript Warning: "Error in parsing value for 'margin-right'.  Declaration dropped." {file: "http://resources.smh.com.au/common/media-common-1.0/css/output/common.skin.news_min.css" line: 212}]
07-02 08:37:27.199  7531  7546 E GeckoConsole: [JavaScript Warning: "Error in parsing value for 'padding-right'.  Declaration dropped." {file: "http://resources.smh.com.au/common/media-common-1.0/css/output/common.skin.news_min.css" line: 212}]
07-02 08:37:27.199  7531  7546 E GeckoConsole: [JavaScript Warning: "Error in parsing value for 'background-position'.  Declaration dropped." {file: "http://resources.smh.com.au/common/media-common-1.0/css/output/common.skin.news_min.css" line: 212}]
07-02 08:37:27.215  7531  7546 E GeckoConsole: [JavaScript Warning: "Unknown property '-moz-border-radius'.  Declaration dropped." {file: "http://resources.smh.com.au/common/media-common-1.0/css/output/common.skin.news_min.css" line: 258}]
07-02 08:37:27.215  7531  7546 E GeckoConsole: [JavaScript Warning: "Unknown property '-moz-border-radius'.  Declaration dropped." {file: "http://resources.smh.com.au/common/media-common-1.0/css/output/common.skin.news_min.css" line: 267}]
07-02 08:37:27.242  7531  7546 E GeckoConsole: [JavaScript Warning: "Expected color but found 'transparent0'.  Error in parsing value for 'background'.  Declaration dropped." {file: "http://resources.smh.com.au/common/media-common-1.0/css/output/common.skin.news_min.css" line: 276}]
07-02 08:37:27.242  7531  7546 E GeckoConsole: [JavaScript Warning: "Expected media feature name but found '-webkit-min-device-pixel-ratio'." {file: "http://resources.smh.com.au/common/media-common-1.0/css/output/common.skin.news_min.css" line: 277}]
07-02 08:37:27.250  7531  7546 E GeckoConsole: [JavaScript Warning: "Unknown property 'border-raidus'.  Declaration dropped." {file: "http://resources.smh.com.au/common/media-common-1.0/css/output/common.skin.news_min.css" line: 308}]
07-02 08:37:27.258  7531  7546 E GeckoConsole: [JavaScript Warning: "Error in parsing value for 'font'.  Declaration dropped." {file: "http://resources.smh.com.au/common/media-common-1.0/css/output/common.skin.news_min.css" line: 320}]
07-02 08:37:27.285  7531  7546 E GeckoConsole: [JavaScript Warning: "Error in parsing value for 'filter'.  Declaration dropped." {file: "http://resources.smh.com.au/common/media-common-1.0/css/output/common.skin.news_min.css" line: 376}]
07-02 08:37:27.289  7531  7546 E GeckoConsole: [JavaScript Warning: "Error in parsing value for 'filter'.  Declaration dropped." {file: "http://resources.smh.com.au/common/media-common-1.0/css/output/common.skin.news_min.css" line: 376}]
07-02 08:37:27.289  7531  7546 E GeckoConsole: [JavaScript Warning: "Error in parsing value for 'filter'.  Declaration dropped." {file: "http://resources.smh.com.au/common/media-common-1.0/css/output/common.skin.news_min.css" line: 377}]
07-02 08:37:27.289  7531  7546 E GeckoConsole: [JavaScript Warning: "Error in parsing value for 'filter'.  Declaration dropped." {file: "http://resources.smh.com.au/common/media-common-1.0/css/output/common.skin.news_min.css" line: 378}]
07-02 08:37:27.289  7531  7546 E GeckoConsole: [JavaScript Warning: "Error in parsing value for 'filter'.  Declaration dropped." {file: "http://resources.smh.com.au/common/media-common-1.0/css/output/common.skin.news_min.css" line: 378}]
07-02 08:37:27.289  7531  7546 E GeckoConsole: [JavaScript Warning: "Expected color but found '#fff0'.  Error in parsing value for 'background-color'.  Declaration dropped." {file: "http://resources.smh.com.au/common/media-common-1.0/css/output/common.skin.news_min.css" line: 378}]
07-02 08:37:27.293  7531  7546 E GeckoConsole: [JavaScript Warning: "Error in parsing value for 'filter'.  Declaration dropped." {file: "http://resources.smh.com.au/common/media-common-1.0/css/output/common.skin.news_min.css" line: 379}]
07-02 08:37:27.297  7531  7546 E GeckoConsole: [JavaScript Warning: "Expected color but found '#fff0'.  Error in parsing value for 'background-color'.  Declaration dropped." {file: "http://resources.smh.com.au/common/media-common-1.0/css/output/common.skin.news_min.css" line: 379}]
07-02 08:37:27.328  7531  7546 E GeckoConsole: [JavaScript Warning: "Unknown property 'bcolor'.  Declaration dropped." {file: "http://resources.smh.com.au/common/media-common-1.0/css/output/common.skin.news_min.css" line: 441}]
07-02 08:37:27.336  7531  7546 E GeckoConsole: [JavaScript Warning: "Unknown property '-moz-box-shadow'.  Declaration dropped." {file: "http://resources.smh.com.au/common/media-common-1.0/css/output/common.skin.news_min.css" line: 456}]
07-02 08:37:27.336  7531  7546 E GeckoConsole: [JavaScript Warning: "Error in parsing value for 'filter'.  Declaration dropped." {file: "http://resources.smh.com.au/common/media-common-1.0/css/output/common.skin.news_min.css" line: 456}]
07-02 08:37:27.340  7531  7546 E GeckoConsole: [JavaScript Warning: "Unknown property 'zoom'.  Declaration dropped." {file: "http://resources.smh.com.au/common/media-common-1.0/css/output/common.skin.news_min.css" line: 461}]
07-02 08:37:27.359  7531  7546 E GeckoConsole: [JavaScript Warning: "Unknown property '-moz-border-radius'.  Declaration dropped." {file: "http://resources.smh.com.au/common/media-common-1.0/css/output/common.skin.news_min.css" line: 489}]
07-02 08:37:27.363  7531  7546 E GeckoConsole: [JavaScript Warning: "Unknown property 'zoom'.  Declaration dropped." {file: "http://resources.smh.com.au/common/media-common-1.0/css/output/common.skin.news_min.css" line: 497}]
07-02 08:37:27.367  7531  7546 E GeckoConsole: [JavaScript Warning: "Error in parsing value for 'margin-left'.  Declaration dropped." {file: "http://resources.smh.com.au/common/media-common-1.0/css/output/common.skin.news_min.css" line: 498}]
07-02 08:37:27.367  7531  7546 E GeckoConsole: [JavaScript Warning: "Error in parsing value for 'padding-left'.  Declaration dropped." {file: "http://resources.smh.com.au/common/media-common-1.0/css/output/common.skin.news_min.css" line: 498}]
07-02 08:37:27.367  7531  7546 E GeckoConsole: [JavaScript Warning: "Expected media feature name but found '-webkit-min-device-pixel-ratio'." {file: "http://resources.smh.com.au/common/media-common-1.0/css/output/common.skin.news_min.css" line: 499}]
07-02 08:37:27.371  7531  7546 E GeckoConsole: [JavaScript Warning: "Unknown property '-moz-border-radius'.  Declaration dropped." {file: "http://resources.smh.com.au/common/media-common-1.0/css/output/common.skin.news_min.css" line: 532}]
07-02 08:37:27.375  7531  7546 E GeckoConsole: [JavaScript Warning: "Unknown property '-moz-border-radius'.  Declaration dropped." {file: "http://resources.smh.com.au/common/media-common-1.0/css/output/common.skin.news_min.css" line: 533}]
07-02 08:37:27.390  7531  7546 E GeckoConsole: [JavaScript Warning: "Unknown property 'zoom'.  Declaration dropped." {file: "http://resources.smh.com.au/common/media-common-1.0/css/output/common.skin.news_min.css" line: 591}]
07-02 08:37:27.390  7531  7546 E GeckoConsole: [JavaScript Warning: "Unknown property 'quote'.  Declaration dropped." {file: "http://resources.smh.com.au/common/media-common-1.0/css/output/common.skin.news_min.css" line: 594}]
07-02 08:37:27.394  7531  7546 E GeckoConsole: [JavaScript Warning: "Expected ',' or '{' but found 'html'.  Ruleset ignored due to bad selector." {file: "http://resources.smh.com.au/common/media-common-1.0/css/output/common.skin.news_min.css" line: 599}]
07-02 08:37:27.394  7531  7546 E GeckoConsole: [JavaScript Warning: "Unknown property '-moz-border-radius'.  Declaration dropped." {file: "http://resources.smh.com.au/common/media-common-1.0/css/output/common.skin.news_min.css" line: 600}]
07-02 08:37:27.394  7531  7546 E GeckoConsole: [JavaScript Warning: "Unknown property '-moz-box-shadow'.  Declaration dropped." {file: "http://resources.smh.com.au/common/media-common-1.0/css/output/common.skin.news_min.css" line: 601}]
07-02 08:37:27.394  7531  7546 E GeckoConsole: [JavaScript Warning: "Unknown property '-moz-box-shadow'.  Declaration dropped." {file: "http://resources.smh.com.au/common/media-common-1.0/css/output/common.skin.news_min.css" line: 602}]
07-02 08:37:27.394  7531  7546 E GeckoConsole: [JavaScript Warning: "Unknown property '-moz-box-shadow'.  Declaration dropped." {file: "http://resources.smh.com.au/common/media-common-1.0/css/output/common.skin.news_min.css" line: 603}]
07-02 08:37:27.394  7531  7546 E GeckoConsole: [JavaScript Warning: "Unknown property 'zoom'.  Declaration dropped." {file: "http://resources.smh.com.au/common/media-common-1.0/css/output/common.skin.news_min.css" line: 611}]
07-02 08:37:27.394  7531  7546 E GeckoConsole: [JavaScript Warning: "Unknown property '-moz-border-radius'.  Declaration dropped." {file: "http://resources.smh.com.au/common/media-common-1.0/css/output/common.skin.news_min.css" line: 612}]
07-02 08:37:27.398  7531  7546 E GeckoConsole: [JavaScript Warning: "Unknown property '-moz-border-radius'.  Declaration dropped." {file: "http://resources.smh.com.au/common/media-common-1.0/css/output/common.skin.news_min.css" line: 615}]
07-02 08:37:27.398  7531  7546 E GeckoConsole: [JavaScript Warning: "Expected color but found 'soild'.  Expected end of value but found 'soild'.  Error in parsing value for 'border'.  Declaration dropped." {file: "http://resources.smh.com.au/common/media-common-1.0/css/output/common.skin.news_min.css" line: 624}]
07-02 08:37:27.398  7531  7546 E GeckoConsole: [JavaScript Warning: "Error in parsing value for 'margin-top'.  Declaration dropped." {file: "http://resources.smh.com.au/common/media-common-1.0/css/output/common.skin.news_min.css" line: 625}]
07-02 08:37:27.402  7531  7546 E GeckoConsole: [JavaScript Warning: "Expected color but found '#00548C0'.  Error in parsing value for 'color'.  Declaration dropped." {file: "http://resources.smh.com.au/common/media-common-1.0/css/output/common.skin.news_min.css" line: 639}]
07-02 08:37:27.402  7531  7546 E GeckoConsole: [JavaScript Warning: "Error in parsing value for 'text-decoration'.  Declaration dropped." {file: "http://resources.smh.com.au/common/media-common-1.0/css/output/common.skin.news_min.css" line: 639}]
07-02 08:37:27.402  7531  7546 E GeckoConsole: [JavaScript Warning: "Error in parsing value for 'cursor'.  Declaration dropped." {file: "http://resources.smh.com.au/common/media-common-1.0/css/output/common.skin.news_min.css" line: 639}]
07-02 08:37:27.402  7531  7546 E GeckoConsole: [JavaScript Warning: "Error in parsing value for 'position'.  Declaration dropped." {file: "http://resources.smh.com.au/common/media-common-1.0/css/output/common.skin.news_min.css" line: 651}]
07-02 08:37:27.410  7531  7546 E GeckoConsole: [JavaScript Warning: "Unknown property 'zoom'.  Declaration dropped." {file: "http://resources.smh.com.au/common/media-common-1.0/css/output/common.skin.news_min.css" line: 680}]
07-02 08:37:27.410  7531  7546 E GeckoConsole: [JavaScript Warning: "Unknown property '-moz-border-radius'.  Declaration dropped." {file: "http://resources.smh.com.au/common/media-common-1.0/css/output/common.skin.news_min.css" line: 686}]
07-02 08:37:27.410  7531  7546 E GeckoConsole: [JavaScript Warning: "Unknown property '-moz-box-shadow'.  Declaration dropped." {file: "http://resources.smh.com.au/common/media-common-1.0/css/output/common.skin.news_min.css" line: 686}]
07-02 08:37:27.410  7531  7546 E GeckoConsole: [JavaScript Warning: "Unknown property 'zoom'.  Declaration dropped." {file: "http://resources.smh.com.au/common/media-common-1.0/css/output/common.skin.news_min.css" line: 687}]
07-02 08:37:27.410  7531  7546 E GeckoConsole: [JavaScript Warning: "Expected end of value but found '6px	'.  Error in parsing value for 'padding'.  Declaration dropped." {file: "http://resources.smh.com.au/common/media-common-1.0/css/output/common.skin.news_min.css" line: 688}]
07-02 08:37:27.410  7531  7546 E GeckoConsole: [JavaScript Warning: "Error in parsing value for 'background'.  Declaration dropped." {file: "http://resources.smh.com.au/common/media-common-1.0/css/output/common.skin.news_min.css" line: 689}]
07-02 08:37:27.410  7531  7546 E GeckoConsole: [JavaScript Warning: "Error in parsing value for 'filter'.  Declaration dropped." {file: "http://resources.smh.com.au/common/media-common-1.0/css/output/common.skin.news_min.css" line: 689}]
07-02 08:37:27.410  7531  7546 E GeckoConsole: [JavaScript Warning: "Error in parsing value for 'background'.  Declaration dropped." {file: "http://resources.smh.com.au/common/media-common-1.0/css/output/common.skin.news_min.css" line: 690}]
07-02 08:37:27.410  7531  7546 E GeckoConsole: [JavaScript Warning: "Error in parsing value for 'filter'.  Declaration dropped." {file: "http://resources.smh.com.au/common/media-common-1.0/css/output/common.skin.news_min.css" line: 690}]
07-02 08:37:27.418  7531  7546 E GeckoConsole: [JavaScript Warning: "Unknown property '-moz-border-radius'.  Declaration dropped." {file: "http://resources.smh.com.au/common/media-common-1.0/css/output/common.skin.news_min.css" line: 699}]
07-02 08:37:27.418  7531  7546 E GeckoConsole: [JavaScript Warning: "Unknown property '-moz-border-radius'.  Declaration dropped." {file: "http://resources.smh.com.au/common/media-common-1.0/css/output/common.skin.news_min.css" line: 706}]
07-02 08:37:27.418  7531  7546 E GeckoConsole: [JavaScript Warning: "Unknown property '-moz-border-radius'.  Declaration dropped." {file: "http://resources.smh.com.au/common/media-common-1.0/css/output/common.skin.news_min.css" line: 709}]
07-02 08:37:27.418  7531  7546 E GeckoConsole: [JavaScript Warning: "Unknown property '-moz-border-radius'.  Declaration dropped." {file: "http://resources.smh.com.au/common/media-common-1.0/css/output/common.skin.news_min.css" line: 710}]
07-02 08:37:27.422  7531  7546 E GeckoConsole: [JavaScript Warning: "Error in parsing value for 'filter'.  Declaration dropped." {file: "http://resources.smh.com.au/common/media-common-1.0/css/output/common.skin.news_min.css" line: 716}]
07-02 08:37:27.422  7531  7546 E GeckoConsole: [JavaScript Warning: "Error in parsing value for 'filter'.  Declaration dropped." {file: "http://resources.smh.com.au/common/media-common-1.0/css/output/common.skin.news_min.css" line: 717}]
07-02 08:37:27.429  7531  7546 E GeckoConsole: [JavaScript Warning: "Error in parsing value for 'display'.  Declaration dropped." {file: "http://resources.smh.com.au/common/media-common-1.0/css/output/common.skin.news_min.css" line: 789}]
07-02 08:37:27.433  7531  7546 E GeckoConsole: [JavaScript Warning: "Error in parsing value for 'background'.  Declaration dropped." {file: "http://resources.smh.com.au/common/media-common-1.0/css/output/common.skin.news_min.css" line: 816}]
07-02 08:37:27.433  7531  7546 E GeckoConsole: [JavaScript Warning: "Error in parsing value for 'filter'.  Declaration dropped." {file: "http://resources.smh.com.au/common/media-common-1.0/css/output/common.skin.news_min.css" line: 816}]
07-02 08:37:27.441  7531  7546 E GeckoConsole: [JavaScript Warning: "Error in parsing value for 'background'.  Declaration dropped." {file: "http://resources.smh.com.au/common/media-common-1.0/css/output/common.skin.news_min.css" line: 824}]
07-02 08:37:27.441  7531  7546 E GeckoConsole: [JavaScript Warning: "Error in parsing value for 'filter'.  Declaration dropped." {file: "http://resources.smh.com.au/common/media-common-1.0/css/output/common.skin.news_min.css" line: 835}]
07-02 08:37:27.441  7531  7546 E GeckoConsole: [JavaScript Warning: "Error in parsing value for 'filter'.  Declaration dropped." {file: "http://resources.smh.com.au/common/media-common-1.0/css/output/common.skin.news_min.css" line: 837}]
07-02 08:37:27.441  7531  7546 E GeckoConsole: [JavaScript Warning: "Unknown property '-moz-border-radius'.  Declaration dropped." {file: "http://resources.smh.com.au/common/media-common-1.0/css/output/common.skin.news_min.css" line: 842}]
07-02 08:37:27.457  7531  7546 E GeckoConsole: [JavaScript Warning: "Unknown property 'box-sizing'.  Declaration dropped." {file: "http://resources.smh.com.au/common/media-common-1.0/css/output/common.skin.news_min.css" line: 908}]
07-02 08:37:27.457  7531  7546 E GeckoConsole: [JavaScript Warning: "Error in parsing value for 'filter'.  Declaration dropped." {file: "http://resources.smh.com.au/common/media-common-1.0/css/output/common.skin.news_min.css" line: 909}]
07-02 08:37:27.457  7531  7546 E GeckoConsole: [JavaScript Warning: "Error in parsing value for 'filter'.  Declaration dropped." {file: "http://resources.smh.com.au/common/media-common-1.0/css/output/common.skin.news_min.css" line: 909}]
07-02 08:37:27.457  7531  7546 E GeckoConsole: [JavaScript Warning: "Error in parsing value for 'padding-bottom'.  Declaration dropped." {file: "http://resources.smh.com.au/common/media-common-1.0/css/output/common.skin.news_min.css" line: 910}]
07-02 08:37:27.457  7531  7546 E GeckoConsole: [JavaScript Warning: "Expected ',' in media list but found 'and('." {file: "http://resources.smh.com.au/common/media-common-1.0/css/output/common.skin.news_min.css" line: 910}]
07-02 08:37:27.457  7531  7546 E GeckoConsole: [JavaScript Warning: "Expected end of value but found '0'.  Error in parsing value for 'padding-top'.  Declaration dropped." {file: "http://resources.smh.com.au/common/media-common-1.0/css/output/common.skin.news_min.css" line: 910}]
07-02 08:37:27.457  7531  7546 E GeckoConsole: [JavaScript Warning: "Expected end of value but found '0'.  Error in parsing value for 'padding-bottom'.  Declaration dropped." {file: "http://resources.smh.com.au/common/media-common-1.0/css/output/common.skin.news_min.css" line: 910}]
07-02 08:37:27.457  7531  7546 E GeckoConsole: [JavaScript Warning: "Expected media feature name but found '-webkit-min-device-pixel-ratio'." {file: "http://resources.smh.com.au/common/media-common-1.0/css/output/common.skin.news_min.css" line: 911}]
07-02 08:37:27.461  7531  7546 E GeckoConsole: [JavaScript Warning: "Error in parsing value for 'filter'.  Declaration dropped." {file: "http://resources.smh.com.au/common/media-common-1.0/css/output/common.skin.news_min.css" line: 922}]
07-02 08:37:27.461  7531  7546 E GeckoConsole: [JavaScript Warning: "Unknown property '-moz-border-radius'.  Declaration dropped." {file: "http://resources.smh.com.au/common/media-common-1.0/css/output/common.skin.news_min.css" line: 922}]
07-02 08:37:27.461  7531  7546 E GeckoConsole: [JavaScript Warning: "Unknown property '-moz-border-radius'.  Declaration dropped." {file: "http://resources.smh.com.au/common/media-common-1.0/css/output/common.skin.news_min.css" line: 924}]
07-02 08:37:27.461  7531  7546 E GeckoConsole: [JavaScript Warning: "Unknown property '-moz-border-radius'.  Declaration dropped." {file: "http://resources.smh.com.au/common/media-common-1.0/css/output/common.skin.news_min.css" line: 927}]
07-02 08:37:27.465  7531  7546 E GeckoConsole: [JavaScript Warning: "Unknown property '-moz-border-radius'.  Declaration dropped." {file: "http://resources.smh.com.au/common/media-common-1.0/css/output/common.skin.news_min.css" line: 928}]
07-02 08:37:27.465  7531  7546 E GeckoConsole: [JavaScript Warning: "Unknown property '-moz-border-radius'.  Declaration dropped." {file: "http://resources.smh.com.au/common/media-common-1.0/css/output/common.skin.news_min.css" line: 929}]
07-02 08:37:27.465  7531  7546 E GeckoConsole: [JavaScript Warning: "Error in parsing value for 'background'.  Declaration dropped." {file: "http://resources.smh.com.au/common/media-common-1.0/css/output/common.skin.news_min.css" line: 929}]
07-02 08:37:27.465  7531  7546 E GeckoConsole: [JavaScript Warning: "Error in parsing value for 'background'.  Declaration dropped." {file: "http://resources.smh.com.au/common/media-common-1.0/css/output/common.skin.news_min.css" line: 929}]
07-02 08:37:27.465  7531  7546 E GeckoConsole: [JavaScript Warning: "Error in parsing value for 'background'.  Declaration dropped." {file: "http://resources.smh.com.au/common/media-common-1.0/css/output/common.skin.news_min.css" line: 929}]
07-02 08:37:27.468  7531  7546 E GeckoConsole: [JavaScript Warning: "Error in parsing value for 'filter'.  Declaration dropped." {file: "http://resources.smh.com.au/common/media-common-1.0/css/output/common.skin.news_min.css" line: 929}]
07-02 08:37:27.468  7531  7546 E GeckoConsole: [JavaScript Warning: "Error in parsing value for 'background'.  Declaration dropped." {file: "http://resources.smh.com.au/common/media-common-1.0/css/output/common.skin.news_min.css" line: 929}]
07-02 08:37:27.472  7531  7546 E GeckoConsole: [JavaScript Warning: "Unknown property '-moz-border-radius'.  Declaration dropped." {file: "http://resources.smh.com.au/common/media-common-1.0/css/output/common.skin.news_min.css" line: 934}]
07-02 08:37:27.500  7531  7546 E GeckoConsole: [JavaScript Warning: "Unknown property '-moz-border-radius'.  Declaration dropped." {file: "http://resources.smh.com.au/common/media-common-1.0/css/output/common.skin.news_min.css" line: 961}]
07-02 08:37:27.500  7531  7546 E GeckoConsole: [JavaScript Warning: "Unknown property '-moz-border-radius'.  Declaration dropped." {file: "http://resources.smh.com.au/common/media-common-1.0/css/output/common.skin.news_min.css" line: 962}]
07-02 08:37:27.500  7531  7546 E GeckoConsole: [JavaScript Warning: "Unknown property '-moz-border-radius'.  Declaration dropped." {file: "http://resources.smh.com.au/common/media-common-1.0/css/output/common.skin.news_min.css" line: 963}]
07-02 08:37:27.515  7531  7546 E GeckoConsole: [JavaScript Warning: "Error in parsing value for 'white-space'.  Declaration dropped." {file: "http://resources.smh.com.au/common/media-common-1.0/css/output/common.skin.mysite_min.css" line: 8}]
07-02 08:37:27.515  7531  7546 E GeckoConsole: [JavaScript Warning: "Error in parsing value for 'white-space'.  Declaration dropped." {file: "http://resources.smh.com.au/common/media-common-1.0/css/output/common.skin.mysite_min.css" line: 8}]
07-02 08:37:27.515  7531  7546 E GeckoConsole: [JavaScript Warning: "Unknown property 'zoom'.  Declaration dropped." {file: "http://resources.smh.com.au/common/media-common-1.0/css/output/common.skin.mysite_min.css" line: 14}]
07-02 08:37:27.515  7531  7546 E GeckoConsole: [JavaScript Warning: "Unknown property 'zoom'.  Declaration dropped." {file: "http://resources.smh.com.au/common/media-common-1.0/css/output/common.skin.mysite_min.css" line: 14}]
07-02 08:37:27.519  7531  7546 E GeckoConsole: [JavaScript Warning: "Expected media feature name but found '-webkit-min-device-pixel-ratio'." {file: "http://resources.smh.com.au/common/media-common-1.0/css/output/common.skin.mysite_min.css" line: 20}]
07-02 08:37:27.531  7531  7546 E GeckoConsole: [JavaScript Warning: "Unknown property '-moz-border-radius'.  Declaration dropped." {file: "http://resources.smh.com.au/common/media-common-1.0/css/output/common.skin.mysite_min.css" line: 28}]
07-02 08:37:27.550   345   345 D SAN_SERVICE: *******************************************
07-02 08:37:27.550   345   345 D SAN_SERVICE: DM App Phone Service State - 0
07-02 08:37:27.550   345   345 D SAN_SERVICE: *******************************************
07-02 08:37:27.566  7531  7546 E GeckoConsole: [JavaScript Warning: "Expected media feature name but found '-webkit-min-device-pixel-ratio'." {file: "http://resources.smh.com.au/common/media-common-1.0/css/output/common.skin.mysite_min.css" line: 39}]
07-02 08:37:27.570  7531  7546 E GeckoConsole: [JavaScript Warning: "Error in parsing value for 'padding-top'.  Declaration dropped." {file: "http://resources.smh.com.au/common/media-common-1.0/css/output/common.skin.mysite_min.css" line: 46}]
07-02 08:37:27.574  7531  7546 E GeckoConsole: [JavaScript Warning: "Error in parsing value for 'height'.  Declaration dropped." {file: "http://resources.smh.com.au/common/media-common-1.0/css/output/common.skin.mysite_min.css" line: 46}]
07-02 08:37:27.574  7531  7546 E GeckoConsole: [JavaScript Warning: "Unknown property '-moz-box-shadow'.  Declaration dropped." {file: "http://resources.smh.com.au/common/media-common-1.0/css/output/common.skin.mysite_min.css" line: 46}]
07-02 08:37:27.578  7531  7546 E GeckoConsole: [JavaScript Warning: "Unknown property '-moz-border-radius'.  Declaration dropped." {file: "http://resources.smh.com.au/common/media-common-1.0/css/output/common.skin.mysite_min.css" line: 52}]
07-02 08:37:27.582  7531  7546 E GeckoConsole: [JavaScript Warning: "Expected media feature name but found '-webkit-min-device-pixel-ratio'." {file: "http://resources.smh.com.au/common/media-common-1.0/css/output/common.skin.mysite_min.css" line: 54}]
07-02 08:37:27.586  7531  7546 E GeckoConsole: [JavaScript Warning: "Error in parsing value for 'width'.  Declaration dropped." {file: "http://resources.smh.com.au/common/media-common-1.0/css/output/common.skin.mysite_min.css" line: 66}]
07-02 08:37:27.593  7531  7546 E GeckoConsole: [JavaScript Warning: "Error in parsing value for 'clip'.  Declaration dropped." {file: "http://resources.smh.com.au/common/media-common-1.0/css/output/common.skin.mysite_min.css" line: 84}]
07-02 08:37:27.593  7531  7546 E GeckoConsole: [JavaScript Warning: "Error in parsing value for 'clip'.  Declaration dropped." {file: "http://resources.smh.com.au/common/media-common-1.0/css/output/common.skin.mysite_min.css" line: 85}]
07-02 08:37:27.597  7531  7546 E GeckoConsole: [JavaScript Warning: "Error in parsing value for 'left'.  Declaration dropped." {file: "http://resources.smh.com.au/common/media-common-1.0/css/output/common.skin.mysite_min.css" line: 85}]
07-02 08:37:27.597  7531  7546 E GeckoConsole: [JavaScript Warning: "Expected ',' in media list but found 'and('." {file: "http://resources.smh.com.au/common/media-common-1.0/css/output/common.skin.mysite_min.css" line: 86}]
07-02 08:37:27.597  7531  7546 E GeckoConsole: [JavaScript Warning: "Expected end of value but found '0'.  Error in parsing value for 'top'.  Declaration dropped." {file: "http://resources.smh.com.au/common/media-common-1.0/css/output/common.skin.mysite_min.css" line: 86}]
07-02 08:37:27.597  7531  7546 E GeckoConsole: [JavaScript Warning: "Expected media feature name but found '-webkit-min-device-pixel-ratio'." {file: "http://resources.smh.com.au/common/media-common-1.0/css/output/common.skin.mysite_min.css" line: 86}]
07-02 08:37:27.601  7531  7546 E GeckoConsole: [JavaScript Warning: "Error in parsing value for 'clip'.  Declaration dropped." {file: "http://resources.smh.com.au/common/media-common-1.0/css/output/common.skin.mysite_min.css" line: 88}]
07-02 08:37:27.601  7531  7546 E GeckoConsole: [JavaScript Warning: "Unknown property 'box-sizing'.  Declaration dropped." {file: "http://resources.smh.com.au/common/media-common-1.0/css/output/common.skin.mysite_min.css" line: 88}]
07-02 08:37:27.605  7531  7546 E GeckoConsole: [JavaScript Warning: "Error in parsing value for 'clip'.  Declaration dropped." {file: "http://resources.smh.com.au/common/media-common-1.0/css/output/common.skin.mysite_min.css" line: 114}]
07-02 08:37:27.609  7531  7546 E GeckoConsole: [JavaScript Warning: "Error in parsing value for 'clip'.  Declaration dropped." {file: "http://resources.smh.com.au/common/media-common-1.0/css/output/common.skin.mysite_min.css" line: 114}]
07-02 08:37:27.609  7531  7546 E GeckoConsole: [JavaScript Warning: "Error in parsing value for 'margin-left'.  Declaration dropped." {file: "http://resources.smh.com.au/common/media-common-1.0/css/output/common.skin.mysite_min.css" line: 117}]
07-02 08:37:27.609  7531  7546 E GeckoConsole: [JavaScript Warning: "Expected ',' in media list but found 'and('." {file: "http://resources.smh.com.au/common/media-common-1.0/css/output/common.skin.mysite_min.css" line: 117}]
07-02 08:37:27.609  7531  7546 E GeckoConsole: [JavaScript Warning: "Expected end of value but found '0'.  Error in parsing value for 'margin-left'.  Declaration dropped." {file: "http://resources.smh.com.au/common/media-common-1.0/css/output/common.skin.mysite_min.css" line: 117}]
07-02 08:37:27.613  7531  7546 E GeckoConsole: [JavaScript Warning: "Unknown property '-moz-border-radius'.  Declaration dropped." {file: "http://resources.smh.com.au/common/media-common-1.0/css/output/common.skin.mysite_min.css" line: 122}]
07-02 08:37:27.617  7565  7568 D dalvikvm: GC_CONCURRENT freed 350K, 5% free 10094K/10567K, paused 2ms+7ms
07-02 08:37:27.621  7531  7546 E GeckoConsole: [JavaScript Warning: "Unknown property '-moz-border-radius'.  Declaration dropped." {file: "http://resources.smh.com.au/common/media-common-1.0/css/output/common.skin.mysite_min.css" line: 138}]
07-02 08:37:27.621  7531  7546 E GeckoConsole: [JavaScript Warning: "Unknown property '-moz-box-shadow'.  Declaration dropped." {file: "http://resources.smh.com.au/common/media-common-1.0/css/output/common.skin.mysite_min.css" line: 139}]
07-02 08:37:27.621  7531  7546 E GeckoConsole: [JavaScript Warning: "Unknown property '-moz-box-shadow'.  Declaration dropped." {file: "http://resources.smh.com.au/common/media-common-1.0/css/output/common.skin.mysite_min.css" line: 141}]
07-02 08:37:27.621  7531  7546 E GeckoConsole: [JavaScript Warning: "Unknown property '-moz-box-shadow'.  Declaration dropped." {file: "http://resources.smh.com.au/common/media-common-1.0/css/output/common.skin.mysite_min.css" line: 142}]
07-02 08:37:27.625  7531  7546 E GeckoConsole: [JavaScript Warning: "Unknown property '-moz-box-shadow'.  Declaration dropped." {file: "http://resources.smh.com.au/common/media-common-1.0/css/output/common.skin.mysite_min.css" line: 143}]
07-02 08:37:27.633  7531  7546 E GeckoConsole: [JavaScript Warning: "Unknown property '-moz-border-radius'.  Declaration dropped." {file: "http://resources.smh.com.au/common/media-common-1.0/css/output/common.skin.mysite_min.css" line: 151}]
07-02 08:37:27.633  7531  7546 E GeckoConsole: [JavaScript Warning: "Expected media feature name but found '-webkit-min-device-pixel-ratio'." {file: "http://resources.smh.com.au/common/media-common-1.0/css/output/common.skin.mysite_min.css" line: 158}]
07-02 08:37:27.636  7531  7546 E GeckoConsole: [JavaScript Warning: "Expected media feature name but found '-webkit-min-device-pixel-ratio'." {file: "http://resources.smh.com.au/common/media-common-1.0/css/output/common.skin.mysite_min.css" line: 160}]
07-02 08:37:27.640  7531  7546 E GeckoConsole: [JavaScript Warning: "Expected media feature name but found '-webkit-min-device-pixel-ratio'." {file: "http://resources.smh.com.au/common/media-common-1.0/css/output/common.skin.mysite_min.css" line: 164}]
07-02 08:37:27.644  7531  7546 E GeckoConsole: [JavaScript Warning: "Expected ',' in media list but found 'and('." {file: "http://resources.smh.com.au/common/media-common-1.0/css/output/common.skin.mysite_min.css" line: 165}]
07-02 08:37:27.644  7531  7546 E GeckoConsole: [JavaScript Warning: "Error in parsing value for 'padding-top'.  Declaration dropped." {file: "http://resources.smh.com.au/common/media-common-1.0/css/output/common.skin.mysite_min.css" line: 165}]
07-02 08:37:27.644  7531  7546 E GeckoConsole: [JavaScript Warning: "Error in parsing value for 'padding-left'.  Declaration dropped." {file: "http://resources.smh.com.au/common/media-common-1.0/css/output/common.skin.mysite_min.css" line: 165}]
07-02 08:37:27.648  7531  7546 E GeckoConsole: [JavaScript Warning: "Expected media feature name but found '-webkit-min-device-pixel-ratio'." {file: "http://resources.smh.com.au/common/media-common-1.0/css/output/common.skin.mysite_min.css" line: 171}]
07-02 08:37:27.648  7531  7546 E GeckoConsole: [JavaScript Warning: "Expected media feature name but found '-webkit-min-device-pixel-ratio'." {file: "http://resources.smh.com.au/common/media-common-1.0/css/output/common.skin.mysite_min.css" line: 172}]
07-02 08:37:27.648  7531  7546 E GeckoConsole: [JavaScript Warning: "Error in parsing value for 'margin-top'.  Declaration dropped." {file: "http://resources.smh.com.au/common/media-common-1.0/css/output/common.skin.mysite_min.css" line: 174}]
07-02 08:37:27.648  7531  7546 E GeckoConsole: [JavaScript Warning: "Error in parsing value for 'padding-top'.  Declaration dropped." {file: "http://resources.smh.com.au/common/media-common-1.0/css/output/common.skin.mysite_min.css" line: 174}]
07-02 08:37:27.648  7531  7546 E GeckoConsole: [JavaScript Warning: "Error in parsing value for 'padding-bottom'.  Declaration dropped." {file: "http://resources.smh.com.au/common/media-common-1.0/css/output/common.skin.mysite_min.css" line: 174}]
07-02 08:37:27.648  7531  7546 E GeckoConsole: [JavaScript Warning: "Expected media feature name but found '-webkit-min-device-pixel-ratio'." {file: "http://resources.smh.com.au/common/media-common-1.0/css/output/common.skin.mysite_min.css" line: 175}]
07-02 08:37:27.648  7531  7546 E GeckoConsole: [JavaScript Warning: "Error in parsing value for 'margin-right'.  Declaration dropped." {file: "http://resources.smh.com.au/common/media-common-1.0/css/output/common.skin.mysite_min.css" line: 178}]
07-02 08:37:27.648  7531  7546 E GeckoConsole: [JavaScript Warning: "Error in parsing value for 'top'.  Declaration dropped." {file: "http://resources.smh.com.au/common/media-common-1.0/css/output/common.skin.mysite_min.css" line: 183}]
07-02 08:37:27.648  7531  7546 E GeckoConsole: [JavaScript Warning: "Error in parsing value for 'left'.  Declaration dropped." {file: "http://resources.smh.com.au/common/media-common-1.0/css/output/common.skin.mysite_min.css" line: 183}]
07-02 08:37:27.648  7531  7546 E GeckoConsole: [JavaScript Warning: "Expected ',' in media list but found 'and('." {file: "http://resources.smh.com.au/common/media-common-1.0/css/output/common.skin.mysite_min.css" line: 184}]
07-02 08:37:27.652  7531  7546 E GeckoConsole: [JavaScript Warning: "Expected end of value but found '0'.  Error in parsing value for 'top'.  Declaration dropped." {file: "http://resources.smh.com.au/common/media-common-1.0/css/output/common.skin.mysite_min.css" line: 184}]
07-02 08:37:27.652  7531  7546 E GeckoConsole: [JavaScript Warning: "Expected end of value but found '0'.  Error in parsing value for 'left'.  Declaration dropped." {file: "http://resources.smh.com.au/common/media-common-1.0/css/output/common.skin.mysite_min.css" line: 184}]
07-02 08:37:27.652  7531  7546 E GeckoConsole: [JavaScript Warning: "Unknown property 'border-raidus'.  Declaration dropped." {file: "http://resources.smh.com.au/common/media-common-1.0/css/output/common.skin.mysite_min.css" line: 190}]
07-02 08:37:27.652  7531  7546 E GeckoConsole: [JavaScript Warning: "Unknown property '-moz-border-radius'.  Declaration dropped." {file: "http://resources.smh.com.au/common/media-common-1.0/css/output/common.skin.mysite_min.css" line: 191}]
07-02 08:37:27.726   345   345 D SAN_SERVICE: *******************************************
07-02 08:37:27.726   345   345 D SAN_SERVICE: DM App Phone Service State - 0
07-02 08:37:27.726   345   345 D SAN_SERVICE: *******************************************
07-02 08:37:27.957  7565  7584 W Resources: Converting to string: TypedValue{t=0x10/d=0xffffffff a=-1}
07-02 08:37:28.175  7565  7568 D dalvikvm: GC_CONCURRENT freed 279K, 4% free 10243K/10631K, paused 37ms+4ms
07-02 08:37:28.230   345   345 D SAN_SERVICE: *******************************************
07-02 08:37:28.230   345   345 D SAN_SERVICE: DM App Phone Service State - 0
07-02 08:37:28.230   345   345 D SAN_SERVICE: *******************************************
07-02 08:37:30.140  7531  7544 W GeckoGlobalHistory: Rebuilding visited link set...
07-02 08:37:30.668  7531  7544 I GeckoAppShell: Taking whole-screen screenshot, viewport: ImmutableViewportMetrics v=(0.0,0.0,480.0,690.0) p=(0.0,0.0,480.2084,690.29956) c=(0.0,0.0,480.0,690.0) z=1.0004342
07-02 08:37:31.054   145 21614 I ActivityManager: Process android.process.acore (pid 6239) has died.
07-02 08:37:31.054   145 22722 D CountryDetector: No listener is left
07-02 08:37:31.386  7531  7544 D dalvikvm: GC_FOR_ALLOC freed 2256K, 19% free 10300K/12679K, paused 20ms
07-02 08:37:31.386  7531  7544 I dalvikvm-heap: Grow heap (frag case) to 12.127MB for 2097168-byte allocation
07-02 08:37:31.429  7531  7531 D dalvikvm: GC_FOR_ALLOC freed 11K, 3% free 12337K/12679K, paused 31ms
07-02 08:37:31.504  7531  7533 D dalvikvm: GC_CONCURRENT freed <1K, 3% free 12337K/12679K, paused 7ms+9ms
07-02 08:37:32.359  6155  6155 D OpenGLRenderer: Flushing caches (mode 2)
07-02 08:37:32.718  7565  7568 D dalvikvm: GC_CONCURRENT freed 367K, 5% free 10413K/10887K, paused 3ms+36ms
07-02 08:37:32.925  6155  6155 D OpenGLRenderer: Flushing caches (mode 0)
07-02 08:37:32.929  6155  6155 D OpenGLRenderer: Flushing caches (mode 0)
07-02 08:37:33.855  7531  7546 I GeckoApp: Got message: Tab:ViewportMetadata
07-02 08:37:34.218  7531  7562 I GeckoAppShell: Taking whole-screen screenshot, viewport: ImmutableViewportMetrics v=(0.0,0.0,480.0,690.0) p=(0.0,0.0,500.0,2157.0) c=(0.0,0.0,1020.0,4403.25) z=0.4897959
07-02 08:37:34.218  7531  7531 D GeckoPanZoomController: generating valid viewport using v=RectF(0.0, 0.0, 480.0, 690.0) p=RectF(0.0, 0.0, 500.0, 2157.0) c=RectF(0.0, 0.0, 1020.0, 4403.25) z=0.4897959
07-02 08:37:34.218  7531  7531 D GeckoPanZoomController: generated valid viewport as v=RectF(0.0, 0.0, 480.0, 690.0) p=RectF(0.0, 0.0, 500.0, 2157.0) c=RectF(0.0, 0.0, 1020.0, 4403.25) z=0.4897959
07-02 08:37:34.277  7531  7562 I Gecko   : Compositor: Composite took 61 ms.
07-02 08:37:34.308  7531  7562 I Gecko   : Compositor: Composite took 30 ms.
07-02 08:37:34.617  7531  7544 D dalvikvm: GC_FOR_ALLOC freed 2083K, 19% free 10291K/12679K, paused 19ms
07-02 08:37:34.625  7531  7544 I dalvikvm-heap: Grow heap (frag case) to 12.119MB for 2097168-byte allocation
07-02 08:37:34.715  7531  7533 D dalvikvm: GC_CONCURRENT freed <1K, 3% free 12339K/12679K, paused 2ms+9ms
07-02 08:37:34.820  7531  7562 I Gecko   : Compositor: Composite took 75 ms.
07-02 08:37:34.883  7531  7562 I Gecko   : Compositor: Composite took 59 ms.
07-02 08:37:35.133  7531  7562 I Gecko   : Compositor: Composite took 47 ms.
07-02 08:37:35.316  7531  7562 I Gecko   : Compositor: Composite took 67 ms.
07-02 08:37:35.422  7531  7562 I Gecko   : Compositor: Composite took 33 ms.
07-02 08:37:35.523   145   145 I ActivityManager: Process com.spotify.mobile.android.service (pid 7502) has died.
07-02 08:37:35.523   145   145 W ActivityManager: Scheduling restart of crashed service com.spotify.mobile.android.ui/com.spotify.mobile.android.service.SpotifyService in 39874ms
07-02 08:37:35.972  7531  7546 E GeckoConsole: [JavaScript Warning: "Error in parsing value for 'background-image'.  Declaration dropped." {file: "http://cf.kampyle.com/k_button.css" line: 1}]
07-02 08:37:35.972  7531  7546 E GeckoConsole: [JavaScript Warning: "Unknown property 'box-sizing'.  Declaration dropped." {file: "http://cf.kampyle.com/k_button.css" line: 1}]
07-02 08:37:35.976  7531  7546 E GeckoConsole: [JavaScript Warning: "Expected declaration but found '#float'.  Skipped to next declaration." {file: "http://cf.kampyle.com/k_button.css" line: 1}]
07-02 08:37:35.984  7531  7546 E GeckoConsole: [JavaScript Warning: "Unknown property '-moz-border-radius-topright'.  Declaration dropped." {file: "http://mozo-widgets.f2.com.au/widgets/multiwidget3/SMH/FM-NEWS" line: 12}]
07-02 08:37:35.988  7531  7546 E GeckoConsole: [JavaScript Warning: "Unknown property '-moz-border-radius-bottomleft'.  Declaration dropped." {file: "http://mozo-widgets.f2.com.au/widgets/multiwidget3/SMH/FM-NEWS" line: 12}]
07-02 08:37:35.988  7531  7546 E GeckoConsole: [JavaScript Warning: "Unknown property '-moz-border-radius'.  Declaration dropped." {file: "http://mozo-widgets.f2.com.au/widgets/multiwidget3/SMH/FM-NEWS" line: 12}]
07-02 08:37:35.992  7531  7546 E GeckoConsole: [JavaScript Warning: "Unknown property '-moz-border-radius'.  Declaration dropped." {file: "http://mozo-widgets.f2.com.au/widgets/multiwidget3/SMH/FM-NEWS" line: 12}]
07-02 08:37:36.449  7531  7562 I Gecko   : Compositor: Composite took 37 ms.
07-02 08:37:36.742   145   348 I ActivityManager: Process com.google.android.apps.maps:LocationFriendService (pid 5637) has died.
07-02 08:37:37.090  7531  7562 I Gecko   : Compositor: Composite took 186 ms.
07-02 08:37:37.160  7531  7562 I Gecko   : Compositor: Composite took 30 ms.
07-02 08:37:37.250  7531  7562 I Gecko   : Compositor: Composite took 32 ms.
07-02 08:37:37.617  7531  7531 D GeckoPanZoomController: Finishing animation at ImmutableViewportMetrics v=(0.0,126.57462,480.0,816.57465) p=(0.0,0.0,499.5918,2361.4282) c=(0.0,0.0,1020.0,4821.25) z=0.4897959
07-02 08:37:37.675  7531  7546 E GeckoConsole: [JavaScript Warning: "Unknown property '-moz-outline-style'.  Declaration dropped." {file: "http://www.facebook.com/plugins/like.php?href=http%3A%2F%2Fwww.facebook.com%2FEssentialkids&send=false&layout=button_count&width=110&show_faces=false&action=like&colorscheme=light&font=arial&height=21" line: 9}]
07-02 08:37:37.675  7531  7546 E GeckoConsole: [JavaScript Warning: "Unknown property 'zoom'.  Declaration dropped." {file: "http://www.facebook.com/plugins/like.php?href=http%3A%2F%2Fwww.facebook.com%2FEssentialkids&send=false&layout=button_count&width=110&show_faces=false&action=like&colorscheme=light&font=arial&height=21" line: 19}]
07-02 08:37:37.804  7531  7531 D GeckoPanZoomController: generating valid viewport using v=RectF(0.0, 126.57462, 480.0, 816.57465) p=RectF(0.0, 0.0, 500.0, 2361.0) c=RectF(0.0, 0.0, 1020.0, 4821.25) z=0.4897959
07-02 08:37:37.804  7531  7531 D GeckoPanZoomController: generated valid viewport as v=RectF(0.0, 126.57462, 480.0, 816.57465) p=RectF(0.0, 0.0, 500.0, 2361.0) c=RectF(0.0, 0.0, 1020.0, 4821.25) z=0.4897959
07-02 08:37:37.840  7531  7562 I Gecko   : Compositor: Composite took 38 ms.
07-02 08:37:38.367  7565  7568 D dalvikvm: GC_CONCURRENT freed 369K, 5% free 10449K/10951K, paused 76ms+4ms
07-02 08:37:38.484   145 21614 I ActivityManager: Process com.chess (pid 6057) has died.
07-02 08:37:38.687  7531  7562 I Gecko   : Compositor: Composite took 92 ms.
07-02 08:37:38.859  7531  7544 I GeckoAppShell: Taking whole-screen screenshot, viewport: ImmutableViewportMetrics v=(0.0,126.57462,480.0,816.57465) p=(0.0,0.0,500.0,2361.0) c=(0.0,0.0,1020.0,4821.25) z=0.4897959
07-02 08:37:39.070  7531  7562 I Gecko   : Compositor: Composite took 62 ms.
07-02 08:37:40.531  7531  7544 D dalvikvm: GC_FOR_ALLOC freed 2403K, 20% free 10315K/12807K, paused 34ms
07-02 08:37:40.539  7531  7544 I dalvikvm-heap: Grow heap (frag case) to 12.142MB for 2097168-byte allocation
07-02 08:37:40.593  7531  7531 D dalvikvm: GC_FOR_ALLOC freed 19K, 4% free 12344K/12807K, paused 44ms
07-02 08:37:40.691  7531  7533 D dalvikvm: GC_CONCURRENT freed 1K, 4% free 12348K/12807K, paused 2ms+12ms
07-02 08:37:40.875   145   348 I ActivityManager: Process com.google.android.apps.googlevoice (pid 6578) has died.
07-02 08:37:40.875   145   348 W ActivityManager: Scheduling restart of crashed service com.google.android.apps.googlevoice/.CallLogService in 44521ms
07-02 08:37:40.875   145   348 W ActivityManager: Scheduling restart of crashed service com.google.android.apps.googlevoice/.UpdateService in 54521ms
07-02 08:37:40.875   145   348 W ActivityManager: Scheduling restart of crashed service com.google.android.apps.googlevoice/.ShadowNumberRefreshService in 64521ms
07-02 08:37:40.875   145   348 W ActivityManager: Scheduling restart of crashed service com.google.android.apps.googlevoice/.widget.WidgetService in 74521ms
07-02 08:37:41.457  7531  7562 I Gecko   : Compositor: Composite took 113 ms.
07-02 08:37:42.117  7531  7546 E GeckoConsole: There was an error while handling a listener: [Exception... "Could not convert JavaScript argument arg 0 [nsIDOMHTMLAnchorElement.appendChild]"  nsresult: "0x80570009 (NS_ERROR_XPC_BAD_CONVERT_JS)"  location: "JS frame :: http://resources.smh.com.au/common/media-common-1.0/js/fdjsf/output/fd.videoplayer_min.js :: <TOP_LEVEL> :: line 324"  data: no] function n() {if (b.getStatus() == f.loaderstatus.COMPLETE) {for (var u = 0; u < m.modes.length; u++) {if (m.modes[u].type && e.embed[m.modes[u].type]) {var j = m.modes[u].config;var x = m;if (j) {x = f.extend(f.clone(m), j);var y = ["file", "levels", "playlist"];for (var v = 0; v < y.length; v++) {var h = y[v];if (f.exists(j[h])) {for (var w = 0; w < y.length; w++) {if (w != v) {var k = y[w];if (f.exists(x[k]) && !f.exists(j[k])) {delete x[k];}}}}}}var g = new e.embed[m.modes[u].type](document.getElementById(c.id), m.modes[u], x, b, c);if (g.supportsConfig()) {g.embed();o(c, m.events);return c;}}}f.log("No suitable players found");new e.embed.logo(f.extend({hide:
07-02 08:37:42.371   145   147 D dalvikvm: GC_CONCURRENT freed 1987K, 25% free 17603K/23367K, paused 15ms+29ms
07-02 08:37:42.472   145   365 I ActivityManager: Process com.xabber.androiddev (pid 6970) has died.
07-02 08:37:42.472   145   365 W ActivityManager: Scheduling restart of crashed service com.xabber.androiddev/com.xabber.android.service.XMPPService in 82924ms
07-02 08:37:42.578  7531  7562 I Gecko   : Compositor: Composite took 38 ms.
07-02 08:37:42.656   145  7609 I ActivityManager: Applications Memory Usage (kB):
07-02 08:37:42.656   145  7609 I ActivityManager: Uptime: 112839707 Realtime: 123848154
07-02 08:37:42.656   145  7609 I ActivityManager: Total PSS by OOM adjustment:
07-02 08:37:42.656   145  7609 I ActivityManager:     27089 kB: System
07-02 08:37:42.656   145  7609 I ActivityManager:                27089 kB: system (pid 145)
07-02 08:37:42.656   145  7609 I ActivityManager:     28481 kB: Persistent
07-02 08:37:42.656   145  7609 I ActivityManager:                12569 kB: com.android.phone (pid 345)
07-02 08:37:42.656   145  7609 I ActivityManager:                11697 kB: com.android.systemui (pid 216)
07-02 08:37:42.656   145  7609 I ActivityManager:                 4215 kB: com.android.nfc (pid 362)
07-02 08:37:42.656   145  7609 I ActivityManager:    106390 kB: Foreground
07-02 08:37:42.656   145  7609 I ActivityManager:               106390 kB: org.mozilla.firefox_beta (pid 7531)
07-02 08:37:42.656   145  7609 I ActivityManager:      7697 kB: Visible
07-02 08:37:42.656   145  7609 I ActivityManager:                 4713 kB: com.google.android.gsf.login (pid 1401)
07-02 08:37:42.656   145  7609 I ActivityManager:                 2984 kB: com.android.smspush (pid 454)
07-02 08:37:42.656   145  7609 I ActivityManager:      7427 kB: Perceptible
07-02 08:37:42.656   145  7609 I ActivityManager:                 7427 kB: com.klye.ime.latin (pid 10674)
07-02 08:37:42.656   145  7609 I ActivityManager:     33896 kB: A Services
07-02 08:37:42.656   145  7609 I ActivityManager:                14479 kB: com.facebook.katana (pid 7565)
07-02 08:37:42.656   145  7609 I ActivityManager:                11310 kB: com.google.process.gapps (pid 4471)
07-02 08:37:42.656   145  7609 I ActivityManager:                 8107 kB: com.google.android.apps.maps:NetworkLocationService (pid 6074)
07-02 08:37:42.656   145  7609 I ActivityManager:     11886 kB: Home
07-02 08:37:42.656   145  7609 I ActivityManager:                11886 kB: com.android.launcher (pid 375)
07-02 08:37:42.656   145  7609 I ActivityManager:     23288 kB: Previous
07-02 08:37:42.656   145  7609 I ActivityManager:                23288 kB: com.twitter.android (pid 6155)
07-02 08:37:42.656   145  7609 I ActivityManager:     22576 kB: B Services
07-02 08:37:42.656   145  7609 I ActivityManager:                 7588 kB: com.google.android.apps.googlevoice (pid 6578)
07-02 08:37:42.656   145  7609 I ActivityManager:                 6279 kB: com.google.android.apps.maps (pid 4424)
07-02 08:37:42.656   145  7609 I ActivityManager:                 5739 kB: com.xabber.androiddev (pid 6970)
07-02 08:37:42.656   145  7609 I ActivityManager:                 2970 kB: com.android.sprintmenu (pid 7433)
07-02 08:37:42.656   145  7609 I ActivityManager: 
07-02 08:37:42.656   145  7609 I ActivityManager: Total PSS: 268730 kB
07-02 08:37:42.656   145  7609 I ActivityManager:   PID      Vss      Rss      Pss      Uss  cmdline
07-02 08:37:42.656   145  7609 I ActivityManager:  7531  136700K  136612K  113100K  107880K  org.mozilla.firefox_beta
07-02 08:37:42.656   145  7609 I ActivityManager:   145   43664K   43596K   27232K   25656K  system_server
07-02 08:37:42.656   145  7609 I ActivityManager:  6155   42756K   42600K   23454K   21104K  com.twitter.android
07-02 08:37:42.656   145  7609 I ActivityManager:  7565   34372K   34304K   14968K   12344K  com.facebook.katana
07-02 08:37:42.656   145  7609 I ActivityManager:   345   27816K   27768K   12657K   11616K  com.android.phone
07-02 08:37:42.656   145  7609 I ActivityManager:    78   25104K   18048K   12017K    6872K  /system/bin/surfaceflinger
07-02 08:37:42.656   145  7609 I ActivityManager:   375   28596K   28548K   11991K   10620K  com.android.launcher
07-02 08:37:42.656   145  7609 I ActivityManager:   216   31020K   30964K   11808K    7648K  com.android.systemui
07-02 08:37:42.656   145  7609 I ActivityManager:  4471   28608K   28556K   11434K   10080K  com.google.process.gapps
07-02 08:37:42.656   145  7609 I ActivityManager:  6074   25488K   25428K    8251K    6836K  com.google.android.apps.maps:NetworkLocationService
07-02 08:37:42.656   145  7609 I ActivityManager: 10674   23452K   23388K    7532K    6400K  com.klye.ime.latin
07-02 08:37:42.656   145  7609 I ActivityManager:  4424   23368K   23268K    6397K    5136K  com.google.android.apps.maps
07-02 08:37:42.656   145  7609 I ActivityManager:  6970   23932K   23868K    5895K    4364K  com.xabber.androiddev
07-02 08:37:42.656   145  7609 I ActivityManager:  1401   20320K   20220K    4817K    3764K  com.google.android.gsf.login
07-02 08:37:42.656   145  7609 I ActivityManager:   362   19628K   19536K    4278K    3248K  com.android.nfc
07-02 08:37:42.656   145  7609 I ActivityManager:  7433   20580K   20480K    3102K    1576K  com.android.sprintmenu
07-02 08:37:42.656   145  7609 I ActivityManager:   454   18752K   18640K    3088K    1940K  com.android.smspush
07-02 08:37:42.656   145  7609 I ActivityManager:    79   18712K   18584K    2588K    1240K  zygote
07-02 08:37:42.656   145  7609 I ActivityManager:    81    2636K    2636K    2212K    2176K  /system/bin/mediaserver
07-02 08:37:42.656   145  7609 I ActivityManager:    80    1184K    1184K     884K     872K  /system/bin/drmserver
07-02 08:37:42.656   145  7609 I ActivityManager:  1360    1000K     996K     848K     844K  logcat
07-02 08:37:42.656   145  7609 I ActivityManager:    77    1084K    1084K     758K     740K  /system/bin/rild
07-02 08:37:42.656   145  7609 I ActivityManager:  7611     716K     708K     532K     508K  procrank
07-02 08:37:42.656   145  7609 I ActivityManager:   306     736K     732K     529K     516K  /system/bin/wpa_supplicant
07-02 08:37:42.656   145  7609 I ActivityManager: 23821     628K     624K     424K     404K  /system/bin/netd
07-02 08:37:42.656   145  7609 I ActivityManager:    72     452K     448K     292K     284K  /system/bin/vold
07-02 08:37:42.656   145  7609 I ActivityManager:    86     492K     488K     283K     276K  /system/vendor/bin/gpsd
07-02 08:37:42.656   145  7609 I ActivityManager:   303     432K     432K     280K     276K  /system/bin/bluetoothd
07-02 08:37:42.656   145  7609 I ActivityManager:    88     256K     256K     240K     240K  /sbin/adbd
07-02 08:37:42.656   145  7609 I ActivityManager:  1512     352K     348K     196K     192K  /system/bin/dhcpcd
07-02 08:37:42.656   145  7609 I ActivityManager:    85     260K     252K     162K     160K  /system/bin/keystore
07-02 08:37:42.656   145  7609 I ActivityManager:    82     280K     272K     143K     140K  /system/bin/dbus-daemon
07-02 08:37:42.656   145  7609 I ActivityManager:     1     204K     204K     142K     104K  /init
07-02 08:37:42.656   145  7609 I ActivityManager:    61     160K     160K     122K      84K  /sbin/ueventd
07-02 08:37:42.656   145  7609 I ActivityManager:    87     212K     208K     106K     104K  /system/bin/sh
07-02 08:37:42.656   145  7609 I ActivityManager:    83     244K     236K     100K      96K  /system/bin/installd
07-02 08:37:42.656   145  7609 I ActivityManager:    71     208K     200K      95K      92K  /system/bin/servicemanager
07-02 08:37:42.656   145  7609 I ActivityManager:   203     216K     208K      91K      88K  /system/bin/brcm_patchram_plus
07-02 08:37:42.656   145  7609 I ActivityManager:  4400     192K     184K      75K      72K  /system/bin/debuggerd
07-02 08:37:42.656   145  7609 I ActivityManager:                           ------   ------  ------
07-02 08:37:42.656   145  7609 I ActivityManager:                          293142K  256592K  TOTAL
07-02 08:37:42.656   145  7609 I ActivityManager: RAM: 342896K total, 6256K free, 1984K buffers, 49880K cached, 18884K shmem, 9680K s
07-02 08:37:42.820   345   345 D SAN_SERVICE: *******************************************
07-02 08:37:42.820   345   345 D SAN_SERVICE: DM App Phone Service State - 0
07-02 08:37:42.820   345   345 D SAN_SERVICE: *******************************************
07-02 08:37:43.175  7531  7562 I Gecko   : Compositor: Composite took 55 ms.
07-02 08:37:43.332   145   156 D dalvikvm: GC_EXPLICIT freed 1445K, 30% free 16589K/23367K, paused 3ms+22ms
07-02 08:37:43.922  7565  7568 D dalvikvm: GC_CONCURRENT freed 314K, 5% free 10570K/11015K, paused 46ms+3ms
07-02 08:37:44.015  7531  7544 I GeckoAppShell: Taking whole-screen screenshot, viewport: ImmutableViewportMetrics v=(0.0,126.57462,480.0,816.57465) p=(0.0,0.0,500.0,2361.0) c=(0.0,0.0,1020.0,4821.25) z=0.4897959
07-02 08:37:44.285  7531  7544 D dalvikvm: GC_FOR_ALLOC freed 2082K, 20% free 10298K/12807K, paused 19ms
07-02 08:37:44.289  7531  7544 I dalvikvm-heap: Grow heap (frag case) to 12.125MB for 2097168-byte allocation
07-02 08:37:44.343  7531  7533 D dalvikvm: GC_CONCURRENT freed 1K, 4% free 12344K/12807K, paused 2ms+5ms
07-02 08:37:44.508  7531  7562 I Gecko   : Compositor: Composite took 56 ms.
07-02 08:37:45.433  7565  7568 D dalvikvm: GC_CONCURRENT freed 354K, 5% free 10670K/11143K, paused 6ms+68ms
07-02 08:37:47.761  7531  7546 E GeckoConsole: [JavaScript Warning: "An unbalanced tree was written using document.write() causing data from the network to be reparsed. For more information https://developer.mozilla.org/en/Optimizing_Your_Pages_for_Speculative_Parsing" {file: "http://ad.doubleclick.net/adi/N5398.CentroBL/B6578855.80;sz=300x250;click0=http://network.realmedia.com/RealMedia/ads/click_lx.ads/trpfairfaxaul2/ros/300x250/jx/ss/a/optimized-by.rubiconproject.com/L34/638975689/x15/USNetwork/BCN2012030801_005_Allstate/Allstate_AV_RON_300.html/512f667075452f786c686f414354385a?;ord=638975689?" line: 114}]
07-02 08:37:48.078   145   156 I ActivityManager: Process com.google.android.apps.maps (pid 4424) has died.
07-02 08:37:48.078   145   156 W ActivityManager: Scheduling restart of crashed service com.google.android.apps.maps/com.google.googlenav.prefetch.android.PrefetcherService in 87320ms
07-02 08:37:49.347  7531  7544 I GeckoAppShell: Taking whole-screen screenshot, viewport: ImmutableViewportMetrics v=(0.0,126.57462,480.0,816.57465) p=(0.0,0.0,500.0,2361.0) c=(0.0,0.0,1020.0,4821.25) z=0.4897959
07-02 08:37:49.609  7531  7544 D dalvikvm: GC_FOR_ALLOC freed 2078K, 20% free 10297K/12807K, paused 18ms
07-02 08:37:49.613  7531  7544 I dalvikvm-heap: Grow heap (frag case) to 12.125MB for 2097168-byte allocation
07-02 08:37:49.668  7531  7533 D dalvikvm: GC_CONCURRENT freed 1K, 4% free 12344K/12807K, paused 1ms+6ms
07-02 08:37:50.175  7531  7562 I Gecko   : Compositor: Composite took 93 ms.
07-02 08:37:50.441  7531  7546 E GeckoConsole: [JavaScript Warning: "Unknown property '-moz-border-radius'.  Declaration dropped." {file: "http://www.smh.com.au/national/us-senator-calls-to-prosecute-assange-20120701-21b3n.html" line: 6}]
07-02 08:37:50.441  7531  7546 E GeckoConsole: [JavaScript Warning: "Error in parsing value for 'top'.  Declaration dropped." {file: "http://www.smh.com.au/national/us-senator-calls-to-prosecute-assange-20120701-21b3n.html" line: 8}]
07-02 08:37:50.441  7531  7546 E GeckoConsole: [JavaScript Warning: "Error in parsing value for 'right'.  Declaration dropped." {file: "http://www.smh.com.au/national/us-senator-calls-to-prosecute-assange-20120701-21b3n.html" line: 8}]
07-02 08:37:50.441  7531  7546 E GeckoConsole: [JavaScript Warning: "Error in parsing value for 'filter'.  Declaration dropped." {file: "http://www.smh.com.au/national/us-senator-calls-to-prosecute-assange-20120701-21b3n.html" line: 25}]
07-02 08:37:50.441  7531  7546 E GeckoConsole: [JavaScript Warning: "Error in parsing value for 'background'.  Declaration dropped." {file: "http://www.smh.com.au/national/us-senator-calls-to-prosecute-assange-20120701-21b3n.html" line: 46}]
07-02 08:37:50.445  7531  7546 E GeckoConsole: [JavaScript Warning: "Error in parsing value for 'background'.  Declaration dropped." {file: "http://www.smh.com.au/national/us-senator-calls-to-prosecute-assange-20120701-21b3n.html" line: 53}]
07-02 08:37:50.445  7531  7546 E GeckoConsole: [JavaScript Warning: "Error in parsing value for 'display'.  Declaration dropped." {file: "http://www.smh.com.au/national/us-senator-calls-to-prosecute-assange-20120701-21b3n.html" line: 63}]
07-02 08:37:50.445  7531  7546 E GeckoConsole: [JavaScript Warning: "Unknown property 'zoom'.  Declaration dropped." {file: "http://www.smh.com.au/national/us-senator-calls-to-prosecute-assange-20120701-21b3n.html" line: 70}]
07-02 08:37:50.453  7531  7546 E GeckoConsole: [JavaScript Warning: "Error in parsing value for 'top'.  Declaration dropped." {file: "http://www.smh.com.au/national/us-senator-calls-to-prosecute-assange-20120701-21b3n.html" line: 144}]
07-02 08:37:50.457  7531  7546 E GeckoConsole: [JavaScript Warning: "Expected declaration but found '*'.  Skipped to next declaration." {file: "http://www.smh.com.au/national/us-senator-calls-to-prosecute-assange-20120701-21b3n.html" line: 152}]
07-02 08:37:50.523   145 21614 I ActivityManager: Process com.android.sprintmenu (pid 7433) has died.
07-02 08:37:50.523   145 21614 W ActivityManager: Scheduling restart of crashed service com.android.sprintmenu/.HiddenPhoneService in 94875ms
07-02 08:37:50.988  7531  7531 D GeckoPanZoomController: Finishing animation at ImmutableViewportMetrics v=(0.0,396.45282,480.0,1086.4529) p=(0.0,0.0,499.5918,2407.959) c=(0.0,0.0,1020.0,4916.25) z=0.4897959
07-02 08:37:51.109  7531  7531 D GeckoPanZoomController: generating valid viewport using v=RectF(0.0, 396.45282, 480.0, 1086.4529) p=RectF(0.0, 0.0, 500.0, 2408.0) c=RectF(0.0, 0.0, 1020.0, 4916.25) z=0.4897959
07-02 08:37:51.109  7531  7531 D GeckoPanZoomController: generated valid viewport as v=RectF(0.0, 396.45282, 480.0, 1086.4529) p=RectF(0.0, 0.0, 500.0, 2408.0) c=RectF(0.0, 0.0, 1020.0, 4916.25) z=0.4897959
07-02 08:37:51.152  7531  7562 I Gecko   : Compositor: Composite took 48 ms.
07-02 08:37:52.461  7531  7562 I Gecko   : Compositor: Composite took 39 ms.
07-02 08:37:53.160   145   156 I ActivityManager: Process com.twitter.android (pid 6155) has died.
07-02 08:37:53.160   145   156 I WindowManager: WIN DEATH: Window{41e12818 com.twitter.android/com.twitter.android.HomeTabActivity paused=false}
07-02 08:37:53.383  7531  7562 I Gecko   : Compositor: Composite took 36 ms.
07-02 08:37:53.453   145   181 W InputDispatcher: channel '41e12818 com.twitter.android/com.twitter.android.HomeTabActivity (server)' ~ Consumer closed input channel or an error occurred.  events=0x8
07-02 08:37:53.453   145   181 E InputDispatcher: channel '41e12818 com.twitter.android/com.twitter.android.HomeTabActivity (server)' ~ Channel is unrecoverably broken and will be disposed!
07-02 08:37:53.453   145   156 W InputDispatcher: Attempted to unregister already unregistered input channel '41e12818 com.twitter.android/com.twitter.android.HomeTabActivity (server)'
07-02 08:37:53.472   145  1149 I WindowManager: WIN DEATH: Window{416d85d0 com.twitter.android/com.twitter.android.TweetActivity paused=false}
07-02 08:37:53.476   145   181 I WindowManager: WINDOW DIED Window{41e12818 com.twitter.android/com.twitter.android.HomeTabActivity paused=false}
07-02 08:37:53.656  7531  7546 E GeckoConsole: Received message of type object from https://s-static.ak.facebook.com, expected a string
07-02 08:37:55.461   145   162 I ActivityManager: Start proc edu.buffalo.cse.phonelab.phonelabservices for service edu.buffalo.cse.phonelab.phonelabservices/edu.buffalo.cse.phonelab.datalogger.LoggerService: pid=7624 uid=10037 gids={3003, 1015, 1007, 2001}
07-02 08:37:56.043  7531  7551 E GeckoConsole: www.linkedin.com : server does not support RFC 5746, see CVE-2009-3555
07-02 08:37:56.117  7531  7544 I GeckoAppShell: Taking whole-screen screenshot, viewport: ImmutableViewportMetrics v=(0.0,431.60907,480.0,1121.6091) p=(0.0,0.0,500.0,2408.0) c=(0.0,0.0,1020.0,4916.25) z=0.4897959
07-02 08:37:56.273  7531  7562 I Gecko   : Compositor: Composite took 30 ms.
07-02 08:37:56.340  7624  7624 I PhoneLab-LoggerService: Start Logger Service
07-02 08:37:56.347  7531  7562 I Gecko   : Compositor: Composite took 31 ms.
07-02 08:37:56.410  7624  7638 I PhoneLab-: Service Running
07-02 08:37:56.722  7531  7562 I Gecko   : Compositor: Composite took 32 ms.
07-02 08:37:56.898  7531  7544 D dalvikvm: GC_FOR_ALLOC freed 2538K, 21% free 10322K/12935K, paused 24ms
07-02 08:37:56.902  7531  7544 I dalvikvm-heap: Grow heap (frag case) to 12.149MB for 2097168-byte allocation
07-02 08:37:56.945  7531  7562 D dalvikvm: GC_FOR_ALLOC freed 23K, 5% free 12346K/12935K, paused 25ms
07-02 08:37:56.988  7531  7562 I Gecko   : Compositor: Composite took 121 ms.
07-02 08:37:57.058  7531  7533 D dalvikvm: GC_CONCURRENT freed 20K, 5% free 12350K/12935K, paused 10ms+14ms
07-02 08:37:57.105  7531  7562 I Gecko   : Compositor: Composite took 98 ms.
07-02 08:37:57.152  7531  7562 I Gecko   : Compositor: Composite took 31 ms.
07-02 08:37:57.222  7531  7531 D GeckoPanZoomController: Finishing animation at ImmutableViewportMetrics v=(0.0,970.9041,480.0,1660.9043) p=(0.0,0.0,500.0,2408.0) c=(0.0,0.0,1020.0,4916.25) z=0.4897959
07-02 08:37:57.375  7531  7562 I Gecko   : Compositor: Composite took 59 ms.
07-02 08:37:57.414  7624  7638 I PhoneLab-LoggerService: app_37    1360  1     1436   996   c00f181c 400107b4 S logcat
07-02 08:37:57.418  7624  7638 I PhoneLab-LoggerService: Logcat pid from database 1360
07-02 08:37:57.418  7624  7638 I PhoneLab-LoggerService: Logcat process found 1360
07-02 08:37:57.418  7624  7638 I PhoneLab-LoggerService: Checking Threshold
07-02 08:37:57.422  7531  7562 I Gecko   : Compositor: Composite took 32 ms.
07-02 08:37:57.707  7531  7562 I Gecko   : Compositor: Composite took 30 ms.
07-02 08:37:57.871  7531  7562 I Gecko   : Compositor: Composite took 32 ms.
07-02 08:37:57.992  7531  7531 D GeckoPanZoomController: Finishing animation at ImmutableViewportMetrics v=(0.0,795.516,480.0,1485.5162) p=(0.0,0.0,500.0,2408.0) c=(0.0,0.0,1020.0,4916.25) z=0.4897959
07-02 08:37:58.183  7531  7562 I Gecko   : Compositor: Composite took 65 ms.
07-02 08:37:58.226   362   362 D dalvikvm: GC_EXPLICIT freed 10K, 6% free 9102K/9607K, paused 2ms+5ms
07-02 08:37:58.562  7531  7562 I Gecko   : Compositor: Composite took 69 ms.
07-02 08:37:58.797  7531  7546 E GeckoConsole: There was an error while handling a listener: [Exception... "Could not convert JavaScript argument arg 0 [nsIDOMHTMLAnchorElement.appendChild]"  nsresult: "0x80570009 (NS_ERROR_XPC_BAD_CONVERT_JS)"  location: "JS frame :: http://resources.smh.com.au/common/media-common-1.0/js/fdjsf/output/fd.videoplayer_min.js :: <TOP_LEVEL> :: line 324"  data: no] function n() {if (b.getStatus() == f.loaderstatus.COMPLETE) {for (var u = 0; u < m.modes.length; u++) {if (m.modes[u].type && e.embed[m.modes[u].type]) {var j = m.modes[u].config;var x = m;if (j) {x = f.extend(f.clone(m), j);var y = ["file", "levels", "playlist"];for (var v = 0; v < y.length; v++) {var h = y[v];if (f.exists(j[h])) {for (var w = 0; w < y.length; w++) {if (w != v) {var k = y[w];if (f.exists(x[k]) && !f.exists(j[k])) {delete x[k];}}}}}}var g = new e.embed[m.modes[u].type](document.getElementById(c.id), m.modes[u], x, b, c);if (g.supportsConfig()) {g.embed();o(c, m.events);return c;}}}f.log("No suitable players found");new e.embed.logo(f.extend({hide:
07-02 08:37:58.836  7531  7546 I GeckoApp: Got message: DOMContentLoaded
07-02 08:38:00.414  7531  7531 D GeckoPanZoomController: generating valid viewport using v=RectF(0.0, 795.516, 480.0, 1485.5162) p=RectF(0.0, 0.0, 500.0, 2407.0) c=RectF(0.0, 0.0, 1020.0, 4915.25) z=0.4897959
07-02 08:38:00.414  7531  7531 D GeckoPanZoomController: generated valid viewport as v=RectF(0.0, 795.516, 480.0, 1485.5162) p=RectF(0.0, 0.0, 500.0, 2407.0) c=RectF(0.0, 0.0, 1020.0, 4915.25) z=0.4897959
07-02 08:38:00.461  7531  7562 I Gecko   : Compositor: Composite took 49 ms.
07-02 08:38:00.480  7531  7546 E GeckoConsole: [JavaScript Warning: "An unbalanced tree was written using document.write() causing data from the network to be reparsed. For more information https://developer.mozilla.org/en/Optimizing_Your_Pages_for_Speculative_Parsing" {file: "http://ad.doubleclick.net/adi/N5398.CentroBL/B6578855.80;sz=300x250;click0=http://network.realmedia.com/RealMedia/ads/click_lx.ads/trpfairfaxaul2/ros/300x250/jx/ss/a/optimized-by.rubiconproject.com/L34/747850356/x15/USNetwork/BCN2012030801_005_Allstate/Allstate_AV_RON_300.html/512f667075452f786c686f414354385a?;ord=747850356?" line: 114}]
07-02 08:38:00.976  7531  7562 I Gecko   : Compositor: Composite took 38 ms.
07-02 08:38:01.293  7531  7546 E GeckoConsole: [JavaScript Warning: "An unbalanced tree was written using document.write() causing data from the network to be reparsed. For more information https://developer.mozilla.org/en/Optimizing_Your_Pages_for_Speculative_Parsing" {file: "http://ad.doubleclick.net/adi/N5398.CentroBL/B6578855.81;sz=728x90;click0=http://network.realmedia.com/RealMedia/ads/click_lx.ads/trpfairfaxaul/ros/728x90/jx/ss/a/L32/29519141/Top1/USNetwork/BCN2012030801_005_Allstate/Allstate_AV_RON_728.html/512f667075452f786c686f414354385a?;ord=29519141?" line: 114}]
07-02 08:38:01.730  7531  7546 E GeckoConsole: [JavaScript Warning: "Unknown property 'user-select'.  Declaration dropped." {file: "http://platform.twitter.com/widgets/tweet_button.1340179658.html#_=1341232679354&count=horizontal&id=twitter-widget-0&lang=en&original_referer=http%3A%2F%2Fwww.smh.com.au%2Fnational%2Fus-senator-calls-to-prosecute-assange-20120701-21b3n.html&size=m&text=US%20senator%20calls%20to%20prosecute%20Assange&url=http%3A%2F%2Fwww.smh.com.au%2Fnational%2Fus-senator-calls-to-prosecute-assange-20120701-21b3n.html&via=smh" line: 1}]
07-02 08:38:01.734  7531  7546 E GeckoConsole: [JavaScript Warning: "Unknown property 'zoom'.  Declaration dropped." {file: "http://platform.twitter.com/widgets/tweet_button.1340179658.html#_=1341232679354&count=horizontal&id=twitter-widget-0&lang=en&original_referer=http%3A%2F%2Fwww.smh.com.au%2Fnational%2Fus-senator-calls-to-prosecute-assange-20120701-21b3n.html&size=m&text=US%20senator%20calls%20to%20prosecute%20Assange&url=http%3A%2F%2Fwww.smh.com.au%2Fnational%2Fus-senator-calls-to-prosecute-assange-20120701-21b3n.html&via=smh" line: 1}]
07-02 08:38:01.734  7531  7546 E GeckoConsole: [JavaScript Warning: "Expected declaration but found '*'.  Skipped to next declaration." {file: "http://platform.twitter.com/widgets/tweet_button.1340179658.html#_=1341232679354&count=horizontal&id=twitter-widget-0&lang=en&original_referer=http%3A%2F%2Fwww.smh.com.au%2Fnational%2Fus-senator-calls-to-prosecute-assange-20120701-21b3n.html&size=m&text=US%20senator%20calls%20to%20prosecute%20Assange&url=http%3A%2F%2Fwww.smh.com.au%2Fnational%2Fus-senator-calls-to-prosecute-assange-20120701-21b3n.html&via=smh" line: 1}]
07-02 08:38:01.734  7531  7546 E GeckoConsole: [JavaScript Warning: "Error in parsing value for 'background-image'.  Declaration dropped." {file: "http://platform.twitter.com/widgets/tweet_button.1340179658.html#_=1341232679354&count=horizontal&id=twitter-widget-0&lang=en&original_referer=http%3A%2F%2Fwww.smh.com.au%2Fnational%2Fus-senator-calls-to-prosecute-assange-20120701-21b3n.html&size=m&text=US%20senator%20calls%20to%20prosecute%20Assange&url=http%3A%2F%2Fwww.smh.com.au%2Fnational%2Fus-senator-calls-to-prosecute-assange-20120701-21b3n.html&via=smh" line: 1}]
07-02 08:38:01.734  7531  7546 E GeckoConsole: [JavaScript Warning: "Error in parsing value for 'background-image'.  Declaration dropped." {file: "http://platform.twitter.com/widgets/tweet_button.1340179658.html#_=1341232679354&count=horizontal&id=twitter-widget-0&lang=en&original_referer=http%3A%2F%2Fwww.smh.com.au%2Fnational%2Fus-senator-calls-to-prosecute-assange-20120701-21b3n.html&size=m&text=US%20senator%20calls%20to%20prosecute%20Assange&url=http%3A%2F%2Fwww.smh.com.au%2Fnational%2Fus-senator-calls-to-prosecute-assange-20120701-21b3n.html&via=smh" line: 1}]
07-02 08:38:01.734  7531  7546 E GeckoConsole: [JavaScript Warning: "Error in parsing value for 'background-image'.  Declaration dropped." {file: "http://platform.twitter.com/widgets/tweet_button.1340179658.html#_=1341232679354&count=horizontal&id=twitter-widget-0&lang=en&original_referer=http%3A%2F%2Fwww.smh.com.au%2Fnational%2Fus-senator-calls-to-prosecute-assange-20120701-21b3n.html&size=m&text=US%20senator%20calls%20to%20prosecute%20Assange&url=http%3A%2F%2Fwww.smh.com.au%2Fnational%2Fus-senator-calls-to-prosecute-assange-20120701-21b3n.html&via=smh" line: 1}]
07-02 08:38:01.734  7531  7546 E GeckoConsole: [JavaScript Warning: "Error in parsing value for 'background-image'.  Declaration dropped." {file: "http://platform.twitter.com/widgets/tweet_button.1340179658.html#_=1341232679354&count=horizontal&id=twitter-widget-0&lang=en&original_referer=http%3A%2F%2Fwww.smh.com.au%2Fnational%2Fus-senator-calls-to-prosecute-assange-20120701-21b3n.html&size=m&text=US%20senator%20calls%20to%20prosecute%20Assange&url=http%3A%2F%2Fwww.smh.com.au%2Fnational%2Fus-senator-calls-to-prosecute-assange-20120701-21b3n.html&via=smh" line: 1}]
07-02 08:38:01.734  7531  7546 E GeckoConsole: [JavaScript Warning: "Unknown property '-moz-border-radius'.  Declaration dropped." {file: "http://platform.twitter.com/widgets/tweet_button.1340179658.html#_=1341232679354&count=horizontal&id=twitter-widget-0&lang=en&original_referer=http%3A%2F%2Fwww.smh.com.au%2Fnational%2Fus-senator-calls-to-prosecute-assange-20120701-21b3n.html&size=m&text=US%20senator%20calls%20to%20prosecute%20Assange&url=http%3A%2F%2Fwww.smh.com.au%2Fnational%2Fus-senator-calls-to-prosecute-assange-20120701-21b3n.html&via=smh" line: 1}]
07-02 08:38:01.734  7531  7546 E GeckoConsole: [JavaScript Warning: "Unknown property 'user-select'.  Declaration dropped." {file: "http://platform.twitter.com/widgets/tweet_button.1340179658.html#_=1341232679354&count=horizontal&id=twitter-widget-0&lang=en&original_referer=http%3A%2F%2Fwww.smh.com.au%2Fnational%2Fus-senator-calls-to-prosecute-assange-20120701-21b3n.html&size=m&text=US%20senator%20calls%20to%20prosecute%20Assange&url=http%3A%2F%2Fwww.smh.com.au%2Fnational%2Fus-senator-calls-to-prosecute-assange-20120701-21b3n.html&via=smh" line: 1}]
07-02 08:38:01.734  7531  7546 E GeckoConsole: [JavaScript Warning: "Error in parsing value for 'background-image'.  Declaration dropped." {file: "http://platform.twitter.com/widgets/tweet_button.1340179658.html#_=1341232679354&count=horizontal&id=twitter-widget-0&lang=en&original_referer=http%3A%2F%2Fwww.smh.com.au%2Fnational%2Fus-senator-calls-to-prosecute-assange-20120701-21b3n.html&size=m&text=US%20senator%20calls%20to%20prosecute%20Assange&url=http%3A%2F%2Fwww.smh.com.au%2Fnational%2Fus-senator-calls-to-prosecute-assange-20120701-21b3n.html&via=smh" line: 1}]
07-02 08:38:01.734  7531  7546 E GeckoConsole: [JavaScript Warning: "Error in parsing value for 'background-image'.  Declaration dropped." {file: "http://platform.twitter.com/widgets/tweet_button.1340179658.html#_=1341232679354&count=horizontal&id=twitter-widget-0&lang=en&original_referer=http%3A%2F%2Fwww.smh.com.au%2Fnational%2Fus-senator-calls-to-prosecute-assange-20120701-21b3n.html&size=m&text=US%20senator%20calls%20to%20prosecute%20Assange&url=http%3A%2F%2Fwww.smh.com.au%2Fnational%2Fus-senator-calls-to-prosecute-assange-20120701-21b3n.html&via=smh" line: 1}]
07-02 08:38:01.734  7531  7546 E GeckoConsole: [JavaScript Warning: "Error in parsing value for 'background-image'.  Declaration dropped." {file: "http://platform.twitter.com/widgets/tweet_button.1340179658.html#_=1341232679354&count=horizontal&id=twitter-widget-0&lang=en&original_referer=http%3A%2F%2Fwww.smh.com.au%2Fnational%2Fus-senator-calls-to-prosecute-assange-20120701-21b3n.html&size=m&text=US%20senator%20calls%20to%20prosecute%20Assange&url=http%3A%2F%2Fwww.smh.com.au%2Fnational%2Fus-senator-calls-to-prosecute-assange-20120701-21b3n.html&via=smh" line: 1}]
07-02 08:38:01.734  7531  7546 E GeckoConsole: [JavaScript Warning: "Error in parsing value for 'background-image'.  Declaration dropped." {file: "http://platform.twitter.com/widgets/tweet_button.1340179658.html#_=1341232679354&count=horizontal&id=twitter-widget-0&lang=en&original_referer=http%3A%2F%2Fwww.smh.com.au%2Fnational%2Fus-senator-calls-to-prosecute-assange-20120701-21b3n.html&size=m&text=US%20senator%20calls%20to%20prosecute%20Assange&url=http%3A%2F%2Fwww.smh.com.au%2Fnational%2Fus-senator-calls-to-prosecute-assange-20120701-21b3n.html&via=smh" line: 1}]
07-02 08:38:01.734  7531  7546 E GeckoConsole: [JavaScript Warning: "Unknown property '-moz-box-shadow'.  Declaration dropped." {file: "http://platform.twitter.com/widgets/tweet_button.1340179658.html#_=1341232679354&count=horizontal&id=twitter-widget-0&lang=en&original_referer=http%3A%2F%2Fwww.smh.com.au%2Fnational%2Fus-senator-calls-to-prosecute-assange-20120701-21b3n.html&size=m&text=US%20senator%20calls%20to%20prosecute%20Assange&url=http%3A%2F%2Fwww.smh.com.au%2Fnational%2Fus-senator-calls-to-prosecute-assange-20120701-21b3n.html&via=smh" line: 1}]
07-02 08:38:01.734  7531  7546 E GeckoConsole: [JavaScript Warning: "Unknown property '-moz-box-shadow'.  Declaration dropped." {file: "http://platform.twitter.com/widgets/tweet_button.1340179658.html#_=1341232679354&count=horizontal&id=twitter-widget-0&lang=en&original_referer=http%3A%2F%2Fwww.smh.com.au%2Fnational%2Fus-senator-calls-to-prosecute-assange-20120701-21b3n.html&size=m&text=US%20senator%20calls%20to%20prosecute%20Assange&url=http%3A%2F%2Fwww.smh.com.au%2Fnational%2Fus-senator-calls-to-prosecute-assange-20120701-21b3n.html&via=smh" line: 1}]
07-02 08:38:01.738  7531  7546 E GeckoConsole: [JavaScript Warning: "Unknown property '-moz-box-shadow'.  Declaration dropped." {file: "http://platform.twitter.com/widgets/tweet_button.1340179658.html#_=1341232679354&count=horizontal&id=twitter-widget-0&lang=en&original_referer=http%3A%2F%2Fwww.smh.com.au%2Fnational%2Fus-senator-calls-to-prosecute-assange-20120701-21b3n.html&size=m&text=US%20senator%20calls%20to%20prosecute%20Assange&url=http%3A%2F%2Fwww.smh.com.au%2Fnational%2Fus-senator-calls-to-prosecute-assange-20120701-21b3n.html&via=smh" line: 1}]
07-02 08:38:01.738  7531  7546 E GeckoConsole: [JavaScript Warning: "Expected declaration but found '*'.  Skipped to next declaration." {file: "http://platform.twitter.com/widgets/tweet_button.1340179658.html#_=1341232679354&count=horizontal&id=twitter-widget-0&lang=en&original_referer=http%3A%2F%2Fwww.smh.com.au%2Fnational%2Fus-senator-calls-to-prosecute-assange-20120701-21b3n.html&size=m&text=US%20senator%20calls%20to%20prosecute%20Assange&url=http%3A%2F%2Fwww.smh.com.au%2Fnational%2Fus-senator-calls-to-prosecute-assange-20120701-21b3n.html&via=smh" line: 1}]
07-02 08:38:01.738  7531  7546 E GeckoConsole: [JavaScript Warning: "Unknown property '-moz-border-radius'.  Declaration dropped." {file: "http://platform.twitter.com/widgets/tweet_button.1340179658.html#_=1341232679354&count=horizontal&id=twitter-widget-0&lang=en&original_referer=http%3A%2F%2Fwww.smh.com.au%2Fnational%2Fus-senator-calls-to-prosecute-assange-20120701-21b3n.html&size=m&text=US%20senator%20calls%20to%20prosecute%20Assange&url=http%3A%2F%2Fwww.smh.com.au%2Fnational%2Fus-senator-calls-to-prosecute-assange-20120701-21b3n.html&via=smh" line: 1}]
07-02 08:38:01.738  7531  7546 E GeckoConsole: [JavaScript Warning: "Expected media feature name but found '-webkit-min-device-pixel-ratio'." {file: "http://platform.twitter.com/widgets/tweet_button.1340179658.html#_=1341232679354&count=horizontal&id=twitter-widget-0&lang=en&original_referer=http%3A%2F%2Fwww.smh.com.au%2Fnational%2Fus-senator-calls-to-prosecute-assange-20120701-21b3n.html&size=m&text=US%20senator%20calls%20to%20prosecute%20Assange&url=http%3A%2F%2Fwww.smh.com.au%2Fnational%2Fus-senator-calls-to-prosecute-assange-20120701-21b3n.html&via=smh" line: 1}]
07-02 08:38:01.738  7531  7546 E GeckoConsole: [JavaScript Warning: "Unknown property '-moz-border-radius'.  Declaration dropped." {file: "http://platform.twitter.com/widgets/tweet_button.1340179658.html#_=1341232679354&count=horizontal&id=twitter-widget-0&lang=en&original_referer=http%3A%2F%2Fwww.smh.com.au%2Fnational%2Fus-senator-calls-to-prosecute-assange-20120701-21b3n.html&size=m&text=US%20senator%20calls%20to%20prosecute%20Assange&url=http%3A%2F%2Fwww.smh.com.au%2Fnational%2Fus-senator-calls-to-prosecute-assange-20120701-21b3n.html&via=smh" line: 1}]
07-02 08:38:01.742  7531  7546 E GeckoConsole: [JavaScript Warning: "Unknown property 'zoom'.  Declaration dropped." {file: "http://platform.twitter.com/widgets/tweet_button.1340179658.html#_=1341232679354&count=horizontal&id=twitter-widget-0&lang=en&original_referer=http%3A%2F%2Fwww.smh.com.au%2Fnational%2Fus-senator-calls-to-prosecute-assange-20120701-21b3n.html&size=m&text=US%20senator%20calls%20to%20prosecute%20Assange&url=http%3A%2F%2Fwww.smh.com.au%2Fnational%2Fus-senator-calls-to-prosecute-assange-20120701-21b3n.html&via=smh" line: 1}]
07-02 08:38:01.742  7531  7546 E GeckoConsole: [JavaScript Warning: "Unknown property '-moz-border-radius'.  Declaration dropped." {file: "http://platform.twitter.com/widgets/tweet_button.1340179658.html#_=1341232679354&count=horizontal&id=twitter-widget-0&lang=en&original_referer=http%3A%2F%2Fwww.smh.com.au%2Fnational%2Fus-senator-calls-to-prosecute-assange-20120701-21b3n.html&size=m&text=US%20senator%20calls%20to%20prosecute%20Assange&url=http%3A%2F%2Fwww.smh.com.au%2Fnational%2Fus-senator-calls-to-prosecute-assange-20120701-21b3n.html&via=smh" line: 1}]
07-02 08:38:01.742  7531  7546 E GeckoConsole: [JavaScript Warning: "Expected declaration but found '*'.  Skipped to next declaration." {file: "http://platform.twitter.com/widgets/tweet_button.1340179658.html#_=1341232679354&count=horizontal&id=twitter-widget-0&lang=en&original_referer=http%3A%2F%2Fwww.smh.com.au%2Fnational%2Fus-senator-calls-to-prosecute-assange-20120701-21b3n.html&size=m&text=US%20senator%20calls%20to%20prosecute%20Assange&url=http%3A%2F%2Fwww.smh.com.au%2Fnational%2Fus-senator-calls-to-prosecute-assange-20120701-21b3n.html&via=smh" line: 1}]
07-02 08:38:01.742  7531  7546 E GeckoConsole: [JavaScript Warning: "Unknown property 'box-sizing'.  Declaration dropped." {file: "http://platform.twitter.com/widgets/tweet_button.1340179658.html#_=1341232679354&count=horizontal&id=twitter-widget-0&lang=en&original_referer=http%3A%2F%2Fwww.smh.com.au%2Fnational%2Fus-senator-calls-to-prosecute-assange-20120701-21b3n.html&size=m&text=US%20senator%20calls%20to%20prosecute%20Assange&url=http%3A%2F%2Fwww.smh.com.au%2Fnational%2Fus-senator-calls-to-prosecute-assange-20120701-21b3n.html&via=smh" line: 1}]
07-02 08:38:02.054  7531  7562 I Gecko   : Compositor: Composite took 50 ms.
07-02 08:38:02.258  7531  7546 E GeckoConsole: [JavaScript Warning: "Unknown property '-moz-outline-style'.  Declaration dropped." {file: "http://www.facebook.com/plugins/like.php?action=recommend&api_key=263567390324418&channel_url=http%3A%2F%2Fstatic.ak.facebook.com%2Fconnect%2Fxd_arbiter.php%3Fversion%3D8%23cb%3Dfde198ab564d36%26origin%3Dhttp%253A%252F%252Fwww.smh.com.au%252Ff18f229d0781d96%26domain%3Dwww.smh.com.au%26relation%3Dparent.parent&extended_social_context=false&font=arial&href=http%3A%2F%2Fwww.smh.com.au%2Fnational%2Fus-senator-calls-to-prosecute-assange-20120701-21b3n.html&layout=button_count&locale=en_US&node_type=link&sdk=joey&send=false&show_faces=false&width=180" line: 8}]
07-02 08:38:02.258  7531  7546 E GeckoConsole: [JavaScript Warning: "Unknown property 'zoom'.  Declaration dropped." {file: "http://www.facebook.com/plugins/like.php?action=recommend&api_key=263567390324418&channel_url=http%3A%2F%2Fstatic.ak.facebook.com%2Fconnect%2Fxd_arbiter.php%3Fversion%3D8%23cb%3Dfde198ab564d36%26origin%3Dhttp%253A%252F%252Fwww.smh.com.au%252Ff18f229d0781d96%26domain%3Dwww.smh.com.au%26relation%3Dparent.parent&extended_social_context=false&font=arial&href=http%3A%2F%2Fwww.smh.com.au%2Fnational%2Fus-senator-calls-to-prosecute-assange-20120701-21b3n.html&layout=button_count&locale=en_US&node_type=link&sdk=joey&send=false&show_faces=false&width=180" line: 18}]
07-02 08:38:02.261  7531  7546 E GeckoConsole: [JavaScript Warning: "Unknown property 'zoom'.  Declaration dropped." {file: "http://www.facebook.com/plugins/like.php?action=recommend&api_key=263567390324418&channel_url=http%3A%2F%2Fstatic.ak.facebook.com%2Fconnect%2Fxd_arbiter.php%3Fversion%3D8%23cb%3Dfde198ab564d36%26origin%3Dhttp%253A%252F%252Fwww.smh.com.au%252Ff18f229d0781d96%26domain%3Dwww.smh.com.au%26relation%3Dparent.parent&extended_social_context=false&font=arial&href=http%3A%2F%2Fwww.smh.com.au%2Fnational%2Fus-senator-calls-to-prosecute-assange-20120701-21b3n.html&layout=button_count&locale=en_US&node_type=link&sdk=joey&send=false&show_faces=false&width=180" line: 46}]
07-02 08:38:02.261  7531  7546 E GeckoConsole: [JavaScript Warning: "Unknown property '-moz-border-radius'.  Declaration dropped." {file: "http://www.facebook.com/plugins/like.php?action=recommend&api_key=263567390324418&channel_url=http%3A%2F%2Fstatic.ak.facebook.com%2Fconnect%2Fxd_arbiter.php%3Fversion%3D8%23cb%3Dfde198ab564d36%26origin%3Dhttp%253A%252F%252Fwww.smh.com.au%252Ff18f229d0781d96%26domain%3Dwww.smh.com.au%26relation%3Dparent.parent&extended_social_context=false&font=arial&href=http%3A%2F%2Fwww.smh.com.au%2Fnational%2Fus-senator-calls-to-prosecute-assange-20120701-21b3n.html&layout=button_count&locale=en_US&node_type=link&sdk=joey&send=false&show_faces=false&width=180" line: 50}]
07-02 08:38:02.324  7531  7544 I GeckoAppShell: Taking whole-screen screenshot, viewport: ImmutableViewportMetrics v=(0.0,795.516,480.0,1485.5162) p=(0.0,0.0,500.0,2407.0) c=(0.0,0.0,1020.0,4915.25) z=0.4897959
07-02 08:38:02.828  7531  7544 D dalvikvm: GC_FOR_ALLOC freed 2495K, 21% free 10321K/12935K, paused 21ms
07-02 08:38:02.832  7531  7544 I dalvikvm-heap: Grow heap (frag case) to 12.148MB for 2097168-byte allocation
07-02 08:38:02.867  7531  7531 D dalvikvm: GC_FOR_ALLOC freed 24K, 5% free 12345K/12935K, paused 17ms
07-02 08:38:02.941  7531  7533 D dalvikvm: GC_CONCURRENT freed <1K, 5% free 12346K/12935K, paused 3ms+5ms
07-02 08:38:02.984  7531  7562 I Gecko   : Compositor: Composite took 66 ms.
07-02 08:38:04.629  7531  7546 E GeckoConsole: [JavaScript Warning: "Unknown property 'zoom'.  Declaration dropped." {file: "http://static.ak.fbcdn.net/rsrc.php/v2/y2/r/_pDzQ5Y_dET.css" line: 18}]
07-02 08:38:04.633  7531  7546 E GeckoConsole: [JavaScript Warning: "Unknown property 'zoom'.  Declaration dropped." {file: "http://static.ak.fbcdn.net/rsrc.php/v2/y2/r/_pDzQ5Y_dET.css" line: 40}]
07-02 08:38:04.879  7531  7562 I Gecko   : Compositor: Composite took 50 ms.
07-02 08:38:05.297   145   161 D dalvikvm: GC_EXPLICIT freed 303K, 30% free 16576K/23367K, paused 10ms+11ms
07-02 08:38:05.453   145   162 I ActivityManager: Start proc com.whatsapp for service com.whatsapp/.messaging.MessageService: pid=7649 uid=10068 gids={1015, 3003}
07-02 08:38:05.465  7649  7649 I dalvikvm: Turning on JNI app bug workarounds for target SDK version 7...
07-02 08:38:05.691   145   156 I ActivityManager: Process com.facebook.katana (pid 7565) has died.
07-02 08:38:05.691   145   156 W ActivityManager: Scheduling restart of crashed service com.facebook.katana/com.facebook.orca.push.mqtt.MqttPushService in 89704ms
07-02 08:38:05.691   145   156 W ActivityManager: Scheduling restart of crashed service com.facebook.katana/.service.MediaUploadService in 99704ms
07-02 08:38:05.808  7649  7651 D dalvikvm: GC_CONCURRENT freed 170K, 3% free 9365K/9607K, paused 19ms+2ms
07-02 08:38:06.218  7649  7651 D dalvikvm: GC_CONCURRENT freed 298K, 4% free 9605K/9991K, paused 3ms+6ms
07-02 08:38:06.625   145  1150 I ActivityManager: Start proc android.process.acore for content provider com.android.providers.contacts/.ContactsProvider2: pid=7669 uid=10000 gids={3003, 1015}
07-02 08:38:06.769  7669  7669 I ActivityThread: Pub call_log: com.android.providers.contacts.CallLogProvider
07-02 08:38:06.816  7669  7669 I ActivityThread: Pub com.android.voicemail: com.android.providers.contacts.VoicemailContentProvider
07-02 08:38:06.820  7669  7669 I ActivityThread: Pub user_dictionary: com.android.providers.userdictionary.UserDictionaryProvider
07-02 08:38:06.836  7669  7669 I ActivityThread: Pub com.android.social: com.android.providers.contacts.SocialProvider
07-02 08:38:06.840  7669  7669 I ActivityThread: Pub applications: com.android.providers.applications.ApplicationsProvider
07-02 08:38:06.867  7649  7649 I dalvikvm: Could not find method android.media.MediaMetadataRetriever.captureFrame, referenced from method com.whatsapp.q3.a
07-02 08:38:06.867  7649  7649 W dalvikvm: VFY: unable to resolve virtual method 501: Landroid/media/MediaMetadataRetriever;.captureFrame ()Landroid/graphics/Bitmap;
07-02 08:38:06.867  7649  7649 D dalvikvm: VFY: replacing opcode 0x6e at 0x0134
07-02 08:38:07.175  7669  7671 D dalvikvm: GC_CONCURRENT freed 332K, 5% free 9150K/9607K, paused 2ms+6ms
07-02 08:38:07.187  7649  7651 D dalvikvm: GC_CONCURRENT freed 363K, 5% free 9714K/10183K, paused 8ms+6ms
07-02 08:38:07.215  7531  7562 I Gecko   : Compositor: Composite took 108 ms.
07-02 08:38:07.226  7669  7669 I ActivityThread: Pub contacts;com.android.contacts: com.android.providers.contacts.ContactsProvider2
07-02 08:38:07.492  7649  7651 D dalvikvm: GC_CONCURRENT freed 190K, 3% free 9968K/10247K, paused 2ms+9ms
07-02 08:38:07.730   145  9966 I ActivityManager: Process com.google.process.gapps (pid 4471) has died.
07-02 08:38:07.730   145  9966 W ActivityManager: Scheduling restart of crashed service com.google.android.location/.internal.server.NetworkLocationService in 107668ms
07-02 08:38:07.730   145  9966 W ActivityManager: Scheduling restart of crashed service com.google.android.location/.NetworkLocationService in 117668ms
07-02 08:38:07.730   145  9966 W ActivityManager: Scheduling restart of crashed service com.google.android.gsf/.gtalkservice.service.GTalkService in 127668ms
07-02 08:38:07.730   145  9966 I ActivityManager: Kill com.google.android.apps.maps:NetworkLocationService (pid 6074): provider com.google.android.gsf.settings.GoogleSettingsProvider in dying process com.google.process.gapps
07-02 08:38:07.789   145   145 I ActivityManager: Process com.google.android.apps.maps:NetworkLocationService (pid 6074) has died.
07-02 08:38:07.793   145   145 W ActivityManager: Scheduling restart of crashed service com.google.android.apps.maps/com.google.android.location.internal.server.NetworkLocationService in 137606ms
07-02 08:38:07.890  7531  7562 I Gecko   : Compositor: Composite took 39 ms.
07-02 08:38:07.933  7531  7544 I GeckoAppShell: Taking whole-screen screenshot, viewport: ImmutableViewportMetrics v=(0.0,795.516,480.0,1485.5162) p=(0.0,0.0,500.0,2407.0) c=(0.0,0.0,1020.0,4915.25) z=0.4897959
07-02 08:38:08.179  7531  7544 D dalvikvm: GC_FOR_ALLOC freed 2085K, 21% free 10298K/12935K, paused 19ms
07-02 08:38:08.183  7531  7544 I dalvikvm-heap: Grow heap (frag case) to 12.125MB for 2097168-byte allocation
07-02 08:38:08.226  7531  7533 D dalvikvm: GC_CONCURRENT freed 1K, 5% free 12345K/12935K, paused 2ms+5ms
07-02 08:38:08.281  7531  7562 I Gecko   : Compositor: Composite took 59 ms.
07-02 08:38:08.347  7531  7531 D SyncAdapter: AccountManager.get(org.mozilla.gecko.GeckoApplication@4135d640)
07-02 08:38:08.816  7531  7546 I GeckoApp: Got message: Content:PageShow
07-02 08:38:08.816  7531  7531 D GeckoFavicons: Creating LoadFaviconTask with URL = http://www.smh.com.au/national/us-senator-calls-to-prosecute-assange-20120701-21b3n.html and favicon URL = http://www.smh.com.au/favicon.ico
07-02 08:38:08.824  7531  7531 D GeckoFavicons: Calling loadFavicon() with URL = http://www.smh.com.au/national/us-senator-calls-to-prosecute-assange-20120701-21b3n.html and favicon URL = http://www.smh.com.au/favicon.ico (2)
07-02 08:38:08.855  7531  7546 I GeckoApp: Got message: Content:StateChange
07-02 08:38:08.855  7531  7546 I GeckoApp: State - 786448
07-02 08:38:08.855  7531  7546 I GeckoApp: Got a document stop
07-02 08:38:08.890  7531  7531 I GeckoToolbar: zerdatime 112870014 - Throbber stop
07-02 08:38:09.367  7531  7544 I GeckoAppShell: Taking whole-screen screenshot, viewport: ImmutableViewportMetrics v=(0.0,795.516,480.0,1485.5162) p=(0.0,0.0,500.0,2407.0) c=(0.0,0.0,1020.0,4915.25) z=0.4897959
07-02 08:38:09.422  7531  7562 I Gecko   : Compositor: Composite took 184 ms.
07-02 08:38:09.425  7531  7691 D GeckoFavicons: Favicon URL is now: http://www.smh.com.au/favicon.ico
07-02 08:38:09.441  7531  7691 D GeckoFavicons: Calling getFaviconUrlForPageUrl() for http://www.smh.com.au/national/us-senator-calls-to-prosecute-assange-20120701-21b3n.html
07-02 08:38:09.871  7531  7544 D dalvikvm: GC_FOR_ALLOC freed 2347K, 21% free 10322K/12935K, paused 22ms
07-02 08:38:09.875  7531  7544 I dalvikvm-heap: Grow heap (frag case) to 12.149MB for 2097168-byte allocation
07-02 08:38:09.906  7531  7531 D dalvikvm: GC_FOR_ALLOC freed 1K, 5% free 12368K/12935K, paused 24ms
07-02 08:38:09.949  7531  7689 I SyncAdapter: Got onPerformSync. Extras bundle is Bundle[{upload=true}]
07-02 08:38:09.953  7531  7689 I SyncAdapter: Account name: lokeshmandvekar
07-02 08:38:09.957  7531  7689 D SyncAdapter: Invalidating auth token.
07-02 08:38:09.965  7531  7533 D dalvikvm: GC_CONCURRENT freed <1K, 5% free 12369K/12935K, paused 3ms+4ms
07-02 08:38:10.164  7531  7562 I Gecko   : Compositor: Composite took 44 ms.
07-02 08:38:10.172  7531  7691 D GeckoFavicons: Downloading favicon for URL = http://www.smh.com.au/national/us-senator-calls-to-prosecute-assange-20120701-21b3n.html with favicon URL = http://www.smh.com.au/favicon.ico
07-02 08:38:10.203  7531  7543 I SyncAuthService: AccountManager.get(org.mozilla.gecko.sync.setup.SyncAuthenticatorService@416a5d60)
07-02 08:38:10.207  7531  7543 I SyncAuthService: Setting username. Null? false
07-02 08:38:10.207  7531  7543 I SyncAuthService: Setting Sync Key. Null? false
07-02 08:38:10.211  7531  7689 I SyncAdapter: Waiting on sync monitor.
07-02 08:38:10.472  7531  7531 I SyncAdapter: AccountManagerCallback invoked.
07-02 08:38:10.472  7531  7531 D SyncAdapter: Username: lokeshmandvekar
07-02 08:38:10.472  7531  7531 D SyncAdapter: Server:   https://auth.services.mozilla.com/
07-02 08:38:10.472  7531  7531 D SyncAdapter: Password? true
07-02 08:38:10.476  7531  7531 D SyncAdapter: Key?      true
07-02 08:38:10.640  7531  7531 I SyncAdapter: Performing sync.
07-02 08:38:10.656  7531  7531 I GlobalSession: GlobalSession initialized with bundle Bundle[{upload=true}]
07-02 08:38:10.707  7531  7531 I SyncConfiguration: Set clusterURL from bundle: https://phx-sync128.services.mozilla.com/
07-02 08:38:10.707  7531  7531 I SyncConfiguration: Set syncID from bundle: SsvQEEWgXg7c
07-02 08:38:10.730  7531  7531 I SyncAdapter: Stage completed: idle
07-02 08:38:10.730  7531  7531 I GlobalSession: Running next stage checkPreconditions (org.mozilla.gecko.sync.stage.CheckPreconditionsStage@413e4998)...
07-02 08:38:10.730  7531  7531 I SyncAdapter: Stage completed: checkPreconditions
07-02 08:38:10.730  7531  7531 I GlobalSession: Running next stage ensureClusterURL (org.mozilla.gecko.sync.stage.EnsureClusterURLStage@414345b0)...
07-02 08:38:10.730  7531  7531 I EnsureClusterURLStage: Cluster URL is already set and not stale. Continuing with sync.
07-02 08:38:10.730  7531  7531 I SyncAdapter: Stage completed: ensureClusterURL
07-02 08:38:10.730  7531  7531 I GlobalSession: Running next stage fetchInfoCollections (org.mozilla.gecko.sync.stage.FetchInfoCollectionsStage@4142a140)...
07-02 08:38:10.898  7669  7671 D dalvikvm: GC_CONCURRENT freed 152K, 3% free 9402K/9671K, paused 83ms+3ms
07-02 08:38:10.965  7649  7651 D dalvikvm: GC_CONCURRENT freed 272K, 4% free 10158K/10567K, paused 7ms+4ms
07-02 08:38:11.457  7531  7533 D dalvikvm: GC_CONCURRENT freed 2649K, 21% free 10765K/13511K, paused 3ms+7ms
07-02 08:38:11.492  7531  7691 D skia    : --- decoder->decode returned false
07-02 08:38:11.496  7531  7531 D GeckoFavicons: LoadFaviconTask finished for URL = http://www.smh.com.au/national/us-senator-calls-to-prosecute-assange-20120701-21b3n.html (2)
07-02 08:38:11.531  7531  7699 I InfoCollections: info/collections is {"history":1.34122916142E9,"adblockplus":1.34064013879E9,"bookmarks":1.34076601014E9,"prefs":1.3409048978E9,"passwords":1.34119086665E9,"addons":1.33934421227E9,"crypto":1.32370693163E9,"meta":1.33648557571E9,"forms":1.34119267228E9,"clients":1.34122906775E9,"tabs":1.34122916283E9}
07-02 08:38:11.531  7531  7699 I FetchInfoCollStage: Got timestamps: 
07-02 08:38:11.531  7531  7699 I SyncAdapter: Stage completed: fetchInfoCollections
07-02 08:38:11.531  7531  7699 I GlobalSession: Running next stage fetchMetaGlobal (org.mozilla.gecko.sync.stage.FetchMetaGlobalStage@413de850)...
07-02 08:38:11.531  7531  7699 I FetchMetaGlobalStage: Trying to use persisted meta/global for this session.
07-02 08:38:11.554  7531  7699 I MetaGlobal: meta/global is {"storageVersion":5,"engines":{"history":{"version":1,"syncID":"01-e95SthD5J"},"adblockplus":{"version":1,"syncID":"rGMG9HqQ8upG"},"bookmarks":{"version":2,"syncID":"DGxUQGK3Brjl"},"passwords":{"version":1,"syncID":"TSHU3rEev3hw"},"prefs":{"version":2,"syncID":"syRuG3i8nTfN"},"addons":{"version":1,"syncID":"EOfhOHDJ_kpO"},"forms":{"version":1,"syncID":"-CIEkGBGj2cs"},"clients":{"version":1,"syncID":"dMvGPkFS5Xgi"},"tabs":{"version":1,"syncID":"Gu-a_LMebMpU"}},"syncID":"SsvQEEWgXg7c"}
07-02 08:38:11.558  7531  7699 I FetchMetaGlobalStage: Using persisted meta/global for this session.
07-02 08:38:11.558  7531  7699 I SyncAdapter: Stage completed: fetchMetaGlobal
07-02 08:38:11.558  7531  7699 I GlobalSession: Running next stage ensureKeysStage (org.mozilla.gecko.sync.stage.EnsureCrypto5KeysStage@413c4ab8)...
07-02 08:38:11.558  7531  7699 I EnsureC5KeysStage: Trying to use persisted collection keys for this session.
07-02 08:38:11.593  7531  7699 I EnsureC5KeysStage: Using persisted collection keys for this session.
07-02 08:38:11.593  7531  7699 I SyncAdapter: Stage completed: ensureKeysStage
07-02 08:38:11.593  7531  7699 I GlobalSession: Running next stage syncClientsEngine (org.mozilla.gecko.sync.stage.SyncClientsEngineStage@416a69c8)...
07-02 08:38:11.621  7531  7533 D dalvikvm: GC_CONCURRENT freed 517K, 21% free 10792K/13511K, paused 2ms+5ms
07-02 08:38:12.328  7531  7699 I SyncClientsEngineStage: Local client GUID exists on server and was downloaded
07-02 08:38:12.371  7531  7533 D dalvikvm: GC_CONCURRENT freed 529K, 21% free 10786K/13511K, paused 2ms+8ms
07-02 08:38:13.093  7531  7533 D dalvikvm: GC_CONCURRENT freed 493K, 21% free 10782K/13511K, paused 2ms+10ms
07-02 08:38:13.234  7531  7544 I GeckoAppShell: Taking whole-screen screenshot, viewport: ImmutableViewportMetrics v=(0.0,795.516,480.0,1485.5162) p=(0.0,0.0,500.0,2407.0) c=(0.0,0.0,1020.0,4915.25) z=0.4897959
07-02 08:38:13.261  7531  7699 I SyncAdapter: Stage completed: syncClientsEngine
07-02 08:38:13.261  7531  7699 I GlobalSession: Running next stage syncTabs (org.mozilla.gecko.sync.stage.FennecTabsServerSyncStage@4136e088)...
07-02 08:38:13.320  7531  7699 I SynchronizerSession: Starting A to B flow. Channel is org.mozilla.gecko.sync.synchronizer.RecordsChannel@413e56d0
07-02 08:38:13.320  7531  7699 I RecordsChannel: Beginning source.
07-02 08:38:13.332  7531  7705 I RecordsChannel: Source session began. Beginning sink session.
07-02 08:38:13.343  7531  7706 I RecordsChannel: Sink session began. Beginning flow.
07-02 08:38:13.383   216   216 D dalvikvm: GC_EXPLICIT freed 420K, 33% free 9701K/14343K, paused 4ms+6ms
07-02 08:38:13.590  7531  7533 D dalvikvm: GC_CONCURRENT freed 527K, 20% free 10840K/13511K, paused 2ms+7ms
