07-07 11:14:06.683   306   307 D dalvikvm: GC_CONCURRENT freed 369K, 7% free 10804K/11527K, paused 2ms+3ms
07-07 11:14:06.800 23877 23879 D dalvikvm: GC_CONCURRENT freed 359K, 6% free 9730K/10311K, paused 2ms+3ms
07-07 11:14:07.000 23877 23879 D dalvikvm: GC_CONCURRENT freed 410K, 6% free 9774K/10311K, paused 2ms+8ms
07-07 11:14:09.406   344   345 D dalvikvm: GC_CONCURRENT freed 846K, 8% free 11682K/12615K, paused 8ms+4ms
07-07 11:14:09.527 23604 23605 D dalvikvm: GC_CONCURRENT freed 440K, 20% free 10693K/13255K, paused 8ms+6ms
07-07 11:14:09.824 21943 21945 D dalvikvm: GC_CONCURRENT freed 447K, 7% free 10309K/11015K, paused 2ms+2ms
07-07 11:14:10.296   145   329 D AlarmManagerService: Kernel timezone updated to 240 minutes west of GMT
07-07 11:14:10.300   344   344 D SystemClock: Setting time of day to sec=1341674050
07-07 11:14:10.109   145  1185 I ActivityManager: Start proc com.android.deskclock for broadcast com.android.deskclock/.AlarmInitReceiver: pid=25046 uid=10011 gids={}
07-07 11:14:10.132   145  1187 I ActivityManager: Start proc com.android.providers.calendar for content provider com.android.providers.calendar/.CalendarProvider2: pid=25058 uid=10006 gids={3003, 1015}
07-07 11:14:10.183 25046 25046 I ActivityThread: Pub com.android.deskclock: com.android.deskclock.AlarmProvider
07-07 11:14:10.257   145   145 D dalvikvm: GC_EXPLICIT freed 888K, 20% free 16872K/20999K, paused 5ms+6ms
07-07 11:14:10.265   145   145 I ActivityManager: No longer want com.android.sprintmenu (pid 23485): hidden #16
07-07 11:14:10.320   145   329 W ActivityManager: Scheduling restart of crashed service com.android.sprintmenu/.HiddenPhoneService in 5000ms
07-07 11:14:10.331 24050 24050 D vclib:CallStateClient: startListening
07-07 11:14:10.339 25058 25058 I ActivityThread: Pub com.android.calendar: com.android.providers.calendar.CalendarProvider2
07-07 11:14:10.382 25046 25072 V AlarmClock: AlarmInitReceiver finished
07-07 11:14:10.386   145   913 I ActivityManager: No longer want com.google.android.apps.currents (pid 24384): hidden #16
07-07 11:14:10.519 24050 24050 D vclib:CallStateClient: stopListening
07-07 11:14:10.605 24050 24052 D dalvikvm: GC_CONCURRENT freed 610K, 7% free 11002K/11719K, paused 2ms+8ms
07-07 11:14:10.745 24050 24050 D vclib:CallStateClient: startListening
07-07 11:14:10.808 24050 24050 D vclib:CallStateClient: stopListening
07-07 11:14:10.820   145   161 I Process : Sending signal. PID: 24050 SIG: 3
07-07 11:14:10.820 24050 24055 I dalvikvm: threadid=3: reacting to signal 3
07-07 11:14:10.839 24050 24055 I dalvikvm: Wrote stack traces to '/data/anr/traces.txt'
07-07 11:14:12.011   145   161 I Process : Sending signal. PID: 24050 SIG: 3
07-07 11:14:12.011 24050 24055 I dalvikvm: threadid=3: reacting to signal 3
07-07 11:14:12.019 24050 24055 I dalvikvm: Wrote stack traces to '/data/anr/traces.txt'
07-07 11:14:12.355 25058 25058 I CalendarProvider2: Sending notification intent: Intent { act=android.intent.action.PROVIDER_CHANGED dat=content://com.android.calendar }
07-07 11:14:12.355 25058 25058 W ContentResolver: Failed to get type for: content://com.android.calendar (Unknown URL content://com.android.calendar)
07-07 11:14:14.586   145   201 D NetUtils: android_net_utils_resetConnections in env=0x3ee7b8 clazz=0x6d600001 iface=rmnet0 mask=0x3
07-07 11:14:14.586   145   201 D ConnectivityService: ConnectivityChange for mobile: DISCONNECTED/DISCONNECTED
07-07 11:14:14.586   145   201 D ConnectivityService: Attempting to switch to WIFI
07-07 11:14:14.586   145   201 D ConnectivityService: Attempting to switch to WIMAX
07-07 11:14:14.586   145   201 D ConnectivityService: Attempting to switch to BLUETOOTH_TETHER
07-07 11:14:14.586   145   201 D ConnectivityService: resetConnections(rmnet0, 3)
07-07 11:14:14.609   344   344 D SAN_SERVICE: *******************************************
07-07 11:14:14.609   344   344 D SAN_SERVICE: DM App Phone Service State - 0
07-07 11:14:14.609   344   344 D SAN_SERVICE: *******************************************
07-07 11:14:14.715   145   314 D AlarmManagerService: Kernel timezone updated to 240 minutes west of GMT
07-07 11:14:21.019   145   162 I ActivityManager: Start proc com.android.sprintmenu for service com.android.sprintmenu/.HiddenPhoneService: pid=25077 uid=1001 gids={3002, 3001, 3003, 1015}
07-07 11:14:22.117   145   205 D Tethering: MasterInitialState.processMessage what=3
07-07 11:14:22.195   145   205 D Tethering: MasterInitialState.processMessage what=3
07-07 11:14:22.218 23973 23973 I MediaUploader: No need to wake up
07-07 11:14:22.261 20364 20553 D PicasaSyncManager: active network: NetworkInfo: type: WIFI[], state: CONNECTED/CONNECTED, reason: (unspecified), extra: (none), roaming: false, failover: false, isAvailable: true
07-07 11:14:22.285 22250 22250 W ContextScopeImpl: thread=1 tried to enter the scope of the application context. Ignored.
07-07 11:14:22.293 20364 20553 D PicasaSyncManager: background data: true
07-07 11:14:22.328 23973 23973 I MediaUploader: No need to wake up
07-07 11:14:22.410 22250 22250 W ContextScopeImpl: thread=1 tried to enter the scope of the application context. Ignored.
07-07 11:14:22.418 20364 20553 D PicasaSyncManager: active network: NetworkInfo: type: WIFI[], state: CONNECTED/CONNECTED, reason: (unspecified), extra: (none), roaming: false, failover: false, isAvailable: true
07-07 11:14:22.445 20364 20553 D PicasaSyncManager: background data: true
07-07 11:14:22.457   145   201 D ConnectivityService: ConnectivityChange for mobile: CONNECTED/CONNECTED
07-07 11:14:22.488   145   201 D ConnectivityService: ConnectivityChange for mobile: DISCONNECTED/DISCONNECTED
07-07 11:14:22.492   145   201 D NetUtils: android_net_utils_resetConnections in env=0x3ee7b8 clazz=0x79e00001 iface=rmnet0 mask=0x3
07-07 11:14:22.492   145   201 D ConnectivityService: Attempting to switch to WIFI
07-07 11:14:22.492   145   201 D ConnectivityService: Attempting to switch to WIMAX
07-07 11:14:22.492   145   201 D ConnectivityService: Attempting to switch to BLUETOOTH_TETHER
07-07 11:14:22.492   145   201 D ConnectivityService: resetConnections(rmnet0, 3)
07-07 11:14:22.636   145   147 D dalvikvm: GC_CONCURRENT freed 2052K, 21% free 16787K/20999K, paused 3ms+6ms
07-07 11:14:22.679   145   201 D ConnectivityService: handleInetConditionHoldEnd: net=1, condition=100, published condition=100
07-07 11:14:22.773 22250 22252 D dalvikvm: GC_CONCURRENT freed 371K, 5% free 10139K/10631K, paused 2ms+148ms
07-07 11:14:26.351   145   205 D Tethering: MasterInitialState.processMessage what=3
07-07 11:14:26.418   145   205 D Tethering: MasterInitialState.processMessage what=3
07-07 11:14:26.461 23973 23973 I MediaUploader: No need to wake up
07-07 11:14:26.539 22250 22250 W ContextScopeImpl: thread=1 tried to enter the scope of the application context. Ignored.
07-07 11:14:26.578 20364 20553 D PicasaSyncManager: active network: NetworkInfo: type: WIFI[], state: CONNECTED/CONNECTED, reason: (unspecified), extra: (none), roaming: false, failover: false, isAvailable: true
07-07 11:14:26.589 20364 20553 D PicasaSyncManager: background data: true
07-07 11:14:26.589 23991 24191 D dalvikvm: GC_EXPLICIT freed 389K, 5% free 10415K/10951K, paused 2ms+3ms
07-07 11:14:26.648   306   307 D dalvikvm: GC_CONCURRENT freed 507K, 7% free 10788K/11527K, paused 2ms+4ms
07-07 11:14:26.660 23973 23973 I MediaUploader: No need to wake up
07-07 11:14:26.718 22250 22250 W ContextScopeImpl: thread=1 tried to enter the scope of the application context. Ignored.
07-07 11:14:26.730 20364 20553 D PicasaSyncManager: active network: NetworkInfo: type: WIFI[], state: CONNECTED/CONNECTED, reason: (unspecified), extra: (none), roaming: false, failover: false, isAvailable: true
07-07 11:14:26.734 20364 20553 D PicasaSyncManager: background data: true
07-07 11:14:26.785   306   306 D dalvikvm: GC_EXPLICIT freed 112K, 8% free 10716K/11527K, paused 3ms+3ms
07-07 11:14:26.906   145   201 D ConnectivityService: handleInetConditionHoldEnd: net=1, condition=100, published condition=100
07-07 11:14:50.031   275   275 I wpa_supplicant: wlan0: CTRL-EVENT-DISCONNECTED bssid=d0:c2:82:67:e7:61 reason=0
07-07 11:14:50.031    75   118 D CommandListener: Clearing all IP addresses on wlan0
07-07 11:14:50.046   145   201 D ConnectivityService: ConnectivityChange for WIFI: DISCONNECTED/DISCONNECTED
07-07 11:14:50.058   145   201 D ConnectivityService: Attempting to switch to mobile
07-07 11:14:50.058   145   201 D ConnectivityService: Attempting to switch to WIMAX
07-07 11:14:50.058   145   201 D ConnectivityService: Attempting to switch to BLUETOOTH_TETHER
07-07 11:14:50.070   145   201 E ConnectivityService: Exception trying to remove a route: java.lang.IllegalStateException: Unable to communicate with native dameon to add routes - com.android.server.NativeDaemonConnectorException: Cmd {interface route remove wlan0 default 67.20.213.254 32 0.0.0.0} failed with code 400 : {Failed to remove route from default table (No such process)}
07-07 11:14:50.074   145   201 D NetUtils: android_net_utils_resetConnections in env=0x3ee7b8 clazz=0x87800001 iface=wlan0 mask=0x3
07-07 11:14:50.074   145   201 E ConnectivityService: Exception trying to remove a route: java.lang.IllegalStateException: Unable to communicate with native dameon to add routes - com.android.server.NativeDaemonConnectorException: Cmd {interface route remove wlan0 default 0.0.0.0 0 67.20.213.254} failed with code 400 : {Failed to remove route from default table (No such process)}
07-07 11:14:50.074   145   201 D ConnectivityService: resetConnections(wlan0, 3)
07-07 11:14:50.199   306 25031 W Smack/Packet: notify conn break (IOEx), close connection
07-07 11:14:50.230 22106 22109 D dalvikvm: GC_CONCURRENT freed 445K, 7% free 9926K/10567K, paused 8ms+2ms
07-07 11:14:50.347   306 25031 I qtaguid : Failed write_ctrl(u 81) res=-1 errno=22
07-07 11:14:50.347   306 25031 I qtaguid : Untagging socket 81 failed errno=-22
07-07 11:14:50.355   306 25031 W NetworkManagementSocketTagger: untagSocket(81) failed with errno -22
07-07 11:14:50.375   145   201 D ConnectivityService: handleInetConditionChange: no active default network - ignore
07-07 11:14:51.785 21085 21112 I PhoneLab-: Service Running
07-07 11:14:51.898 21085 21112 I PhoneLab-LoggerService: app_37    1466  1     1436   996   c00f181c 400107b4 S logcat
07-07 11:14:51.898 21085 21112 I PhoneLab-LoggerService: Logcat pid from database 1466
07-07 11:14:51.898 21085 21112 I PhoneLab-LoggerService: Logcat process found 1466
07-07 11:14:51.898 21085 21112 I PhoneLab-LoggerService: Checking Threshold
07-07 11:14:53.125   145   205 D Tethering: MasterInitialState.processMessage what=3
07-07 11:14:53.207 23973 23973 I MediaUploader: No need to wake up
07-07 11:14:53.211 21085 21085 I PhoneLab-WiFiReceiver: Wi-Fi is disconnected!
07-07 11:14:53.269 20364 20553 D PicasaSyncManager: active network: null
07-07 11:14:53.273 20364 20553 D PicasaSyncManager: background data: true
07-07 11:14:53.781   344   344 D SAN_SERVICE: *******************************************
07-07 11:14:53.781   344   344 D SAN_SERVICE: DM App Phone Service State - 0
07-07 11:14:53.781   344   344 D SAN_SERVICE: *******************************************
07-07 11:14:54.058   344   344 D SAN_SERVICE: *******************************************
07-07 11:14:54.058   344   344 D SAN_SERVICE: DM App Phone Service State - 0
07-07 11:14:54.058   344   344 D SAN_SERVICE: *******************************************
07-07 11:14:54.535   344   344 D SAN_SERVICE: *******************************************
07-07 11:14:54.535   344   344 D SAN_SERVICE: DM App Phone Service State - 0
07-07 11:14:54.535   344   344 D SAN_SERVICE: *******************************************
07-07 11:15:04.382   344   344 D SAN_SERVICE: *******************************************
07-07 11:15:04.382   344   344 D SAN_SERVICE: DM App Phone Service State - 0
07-07 11:15:04.382   344   344 D SAN_SERVICE: *******************************************
07-07 11:15:05.566   145   147 D dalvikvm: GC_CONCURRENT freed 1871K, 21% free 16799K/20999K, paused 8ms+6ms
07-07 11:15:06.261   275   275 I wpa_supplicant: wlan0: Trying to associate with d0:c2:82:2d:ea:c1 (SSID='UB_Secure' freq=2462 MHz)
07-07 11:15:06.300   275   275 I wpa_supplicant: wlan0: Associated with d0:c2:82:2d:ea:c1
07-07 11:15:06.304   275   275 I wpa_supplicant: wlan0: CTRL-EVENT-EAP-STARTED EAP authentication started
07-07 11:15:06.308   275   275 I wpa_supplicant: wlan0: CTRL-EVENT-EAP-PROPOSED-METHOD vendor=0 method=4 -> NAK
07-07 11:15:06.312   275   275 I wpa_supplicant: wlan0: CTRL-EVENT-EAP-PROPOSED-METHOD vendor=0 method=25
07-07 11:15:06.312   275   275 I wpa_supplicant: wlan0: CTRL-EVENT-EAP-METHOD EAP vendor 0 method 25 (PEAP) selected
07-07 11:15:06.355   275   275 I wpa_supplicant: wlan0: CTRL-EVENT-EAP-PEER-CERT depth=2 subject='/C=US/O=Entrust.net/OU=www.entrust.net/CPS incorp. by ref. (limits liab.)/OU=(c) 1999 Entrust.net Limited/CN=Entrust.net Secure Server Certification Authority'
07-07 11:15:06.359   275   275 I wpa_supplicant: wlan0: CTRL-EVENT-EAP-PEER-CERT depth=2 subject='/C=US/O=Entrust.net/OU=www.entrust.net/CPS incorp. by ref. (limits liab.)/OU=(c) 1999 Entrust.net Limited/CN=Entrust.net Secure Server Certification Authority'
07-07 11:15:06.359   275   275 I wpa_supplicant: wlan0: CTRL-EVENT-EAP-PEER-CERT depth=1 subject='/C=US/ST=UT/L=Salt Lake City/O=The USERTRUST Network/CN=USERTrust Legacy Secure Server CA'
07-07 11:15:06.359   275   275 I wpa_supplicant: wlan0: CTRL-EVENT-EAP-PEER-CERT depth=0 subject='/C=US/postalCode=14260/ST=New York/L=Buffalo/street=305 Computing Center/O=SUNY AT BUFFALO/OU=Office of the President/OU=Issued through UNIVERSITY AT BUFFALO E-PKI Manager/OU=PremiumSSL Legacy/CN=ubsecure.acsu.buffalo.edu'
07-07 11:15:06.527   275   275 I wpa_supplicant: EAP-MSCHAPV2: Authentication succeeded
07-07 11:15:06.535   275   275 I wpa_supplicant: EAP-TLV: TLV Result - Success - EAP-TLV/Phase2 Completed
07-07 11:15:06.546   275   275 I wpa_supplicant: wlan0: CTRL-EVENT-EAP-SUCCESS EAP authentication completed successfully
07-07 11:15:06.609   275   275 I wpa_supplicant: wlan0: WPA: Key negotiation completed with d0:c2:82:2d:ea:c1 [PTK=CCMP GTK=TKIP]
07-07 11:15:06.609   275   275 I wpa_supplicant: wlan0: CTRL-EVENT-CONNECTED - Connection to d0:c2:82:2d:ea:c1 completed (reauth) [id=0 id_str=]
07-07 11:15:07.238   145   201 D ConnectivityService: ConnectivityChange for WIFI: CONNECTED/CONNECTED
07-07 11:15:07.261 21085 21085 I PhoneLab-WiFiReceiver: Wi-Fi is connected!
07-07 11:15:07.261 21085 21085 I PhoneLab-WiFiReceiver: SSID: UB_Secure BSSID: d0:c2:82:2d:ea:c1 RSSI: -200 LinkSpeed: -1
07-07 11:15:07.261 21085 21085 I PhoneLab-Locks: wake lock acquired
07-07 11:15:07.265 21085 21085 I PhoneLab-UploadLogs: Transfering log files now
07-07 11:15:07.265 21085 21085 I PhoneLab-UploadLogs: No log files to transfer
07-07 11:15:07.265 21085 21085 I PhoneLab-Locks: wake lock released
07-07 11:15:07.269 21085 21085 I PhoneLab-UploadLogs: OnStartCommand
07-07 11:15:07.285   145   196 W NetworkStats: dropping UID delta from unknown iface: iface=wlan0 uid=0 set=DEFAULT tag=0x0 rxBytes=0 rxPackets=0 txBytes=136 txPackets=2 operations=0
07-07 11:15:08.242   145   201 D ConnectivityService: NetTransition Wakelock for WifiStateMachine released by timeout
07-07 11:15:09.207 23604 23605 D dalvikvm: GC_CONCURRENT freed 460K, 20% free 10718K/13255K, paused 2ms+3ms
07-07 11:15:09.359 21943 21945 D dalvikvm: GC_CONCURRENT freed 418K, 7% free 10321K/11015K, paused 2ms+2ms
07-07 11:15:10.312   145   205 D Tethering: MasterInitialState.processMessage what=3
07-07 11:15:10.347   306   306 I GTalkService/c: [AndroidEndpoint@1093755088] connect: acct=1000000, state=CONNECTING
07-07 11:15:10.347   306   306 I GTalkService/c: [GTalkConnection@1094626240] connect: acct=1, state=CONNECTING
07-07 11:15:10.406 23973 23973 I MediaUploader: No need to wake up
07-07 11:15:10.472 22250 22250 W ContextScopeImpl: thread=1 tried to enter the scope of the application context. Ignored.
07-07 11:15:10.480 20364 20553 D PicasaSyncManager: active network: NetworkInfo: type: WIFI[], state: CONNECTED/CONNECTED, reason: (unspecified), extra: (none), roaming: false, failover: false, isAvailable: true
07-07 11:15:10.484 20364 20553 D PicasaSyncManager: background data: true
07-07 11:15:10.629 23925 23927 D dalvikvm: GC_CONCURRENT freed 270K, 6% free 9324K/9863K, paused 2ms+4ms
07-07 11:15:10.761   145   511 D dalvikvm: GC_EXPLICIT freed 781K, 21% free 16728K/20999K, paused 16ms+13ms
07-07 11:15:10.796   306   307 D dalvikvm: GC_CONCURRENT freed 417K, 7% free 10739K/11527K, paused 2ms+3ms
07-07 11:15:11.625   145   201 D ConnectivityService: handleInetConditionHoldEnd: net=1, condition=100, published condition=0
07-07 11:15:20.410 21085 21112 I PhoneLab-: Service Running
07-07 11:15:20.480 21085 21112 I PhoneLab-LoggerService: app_37    1466  1     1436   996   c00f181c 400107b4 S logcat
07-07 11:15:20.484 21085 21112 I PhoneLab-LoggerService: Logcat pid from database 1466
07-07 11:15:20.484 21085 21112 I PhoneLab-LoggerService: Logcat process found 1466
07-07 11:15:20.484 21085 21112 I PhoneLab-LoggerService: Checking Threshold
07-07 11:15:26.875   145   201 D NetUtils: android_net_utils_resetConnections in env=0x3ee7b8 clazz=0x9de00001 iface=rmnet0 mask=0x3
07-07 11:15:26.875   145   201 D ConnectivityService: ConnectivityChange for mobile: DISCONNECTED/DISCONNECTED
07-07 11:15:26.875   145   201 D ConnectivityService: Attempting to switch to WIFI
07-07 11:15:26.875   145   201 D ConnectivityService: Attempting to switch to WIMAX
07-07 11:15:26.875   145   201 D ConnectivityService: Attempting to switch to BLUETOOTH_TETHER
07-07 11:15:26.875   145   201 D ConnectivityService: resetConnections(rmnet0, 3)
07-07 11:15:26.906   344   344 D SAN_SERVICE: *******************************************
07-07 11:15:26.906   344   344 D SAN_SERVICE: DM App Phone Service State - 0
07-07 11:15:26.906   344   344 D SAN_SERVICE: *******************************************
07-07 11:15:27.929   145   145 D AlarmManagerService: Kernel timezone updated to 240 minutes west of GMT
07-07 11:15:31.015   145   205 D Tethering: MasterInitialState.processMessage what=3
07-07 11:15:31.027   145   205 D Tethering: MasterInitialState.processMessage what=3
07-07 11:15:31.152 23973 23973 I MediaUploader: No need to wake up
07-07 11:15:31.246 20364 20553 D PicasaSyncManager: active network: NetworkInfo: type: WIFI[], state: CONNECTED/CONNECTED, reason: (unspecified), extra: (none), roaming: false, failover: false, isAvailable: true
07-07 11:15:31.261 22250 22250 W ContextScopeImpl: thread=1 tried to enter the scope of the application context. Ignored.
07-07 11:15:31.285 20364 20553 D PicasaSyncManager: background data: true
07-07 11:15:31.308 23973 23973 I MediaUploader: No need to wake up
07-07 11:15:31.363 22250 22250 W ContextScopeImpl: thread=1 tried to enter the scope of the application context. Ignored.
07-07 11:15:31.382 20364 20553 D PicasaSyncManager: active network: NetworkInfo: type: WIFI[], state: CONNECTED/CONNECTED, reason: (unspecified), extra: (none), roaming: false, failover: false, isAvailable: true
07-07 11:15:31.386 20364 20553 D PicasaSyncManager: background data: true
07-07 11:15:31.527   145   201 D ConnectivityService: handleInetConditionHoldEnd: net=1, condition=100, published condition=100
07-07 11:16:05.699   145   384 D AlarmManagerService: Kernel timezone updated to 240 minutes west of GMT
07-07 11:16:10.593 23604 23605 D dalvikvm: GC_CONCURRENT freed 559K, 20% free 10678K/13255K, paused 2ms+5ms
07-07 11:16:10.656 21943 21945 D dalvikvm: GC_CONCURRENT freed 438K, 7% free 10316K/11015K, paused 2ms+2ms
07-07 11:16:12.011   275   275 I wpa_supplicant: wlan0: WPA: Group rekeying completed with d0:c2:82:2d:ea:c1 [GTK=TKIP]
07-07 11:16:21.035   145   201 D NetUtils: android_net_utils_resetConnections in env=0x3ee7b8 clazz=0xaba00001 iface=rmnet0 mask=0x3
07-07 11:16:21.035   145   201 D ConnectivityService: ConnectivityChange for mobile: DISCONNECTED/DISCONNECTED
07-07 11:16:21.035   145   201 D ConnectivityService: Attempting to switch to WIFI
07-07 11:16:21.035   145   201 D ConnectivityService: Attempting to switch to WIMAX
07-07 11:16:21.035   145   201 D ConnectivityService: Attempting to switch to BLUETOOTH_TETHER
07-07 11:16:21.035   145   201 D ConnectivityService: resetConnections(rmnet0, 3)
07-07 11:16:21.195   344   345 D dalvikvm: GC_CONCURRENT freed 792K, 8% free 11704K/12615K, paused 2ms+8ms
07-07 11:16:21.246   145   147 D dalvikvm: GC_CONCURRENT freed 1834K, 20% free 16825K/20999K, paused 3ms+8ms
07-07 11:16:24.070   145   205 D Tethering: MasterInitialState.processMessage what=3
07-07 11:16:24.140   145   205 D Tethering: MasterInitialState.processMessage what=3
07-07 11:16:24.168 23973 23973 I MediaUploader: No need to wake up
07-07 11:16:24.238 22250 22250 W ContextScopeImpl: thread=1 tried to enter the scope of the application context. Ignored.
07-07 11:16:24.246 20364 20553 D PicasaSyncManager: active network: NetworkInfo: type: WIFI[], state: CONNECTED/CONNECTED, reason: (unspecified), extra: (none), roaming: false, failover: false, isAvailable: true
07-07 11:16:24.246 20364 20553 D PicasaSyncManager: background data: true
07-07 11:16:24.296 23973 23973 I MediaUploader: No need to wake up
07-07 11:16:24.312   306   307 D dalvikvm: GC_CONCURRENT freed 470K, 7% free 10723K/11527K, paused 2ms+3ms
07-07 11:16:24.402 22250 22250 W ContextScopeImpl: thread=1 tried to enter the scope of the application context. Ignored.
07-07 11:16:24.414 20364 20553 D PicasaSyncManager: active network: NetworkInfo: type: WIFI[], state: CONNECTED/CONNECTED, reason: (unspecified), extra: (none), roaming: false, failover: false, isAvailable: true
07-07 11:16:24.418 20364 20553 D PicasaSyncManager: background data: true
07-07 11:16:24.472 19742 19745 D dalvikvm: GC_CONCURRENT freed 472K, 6% free 10729K/11335K, paused 13ms+7ms
07-07 11:16:24.621   145   201 D ConnectivityService: handleInetConditionHoldEnd: net=1, condition=100, published condition=100
07-07 11:16:32.589   344   344 D SAN_SERVICE: *******************************************
07-07 11:16:32.589   344   344 D SAN_SERVICE: DM App Phone Service State - 0
07-07 11:16:32.589   344   344 D SAN_SERVICE: *******************************************
07-07 11:16:36.921   145   201 D ConnectivityService: ConnectivityChange for mobile: CONNECTED/CONNECTED
07-07 11:16:36.949   145   201 D NetUtils: android_net_utils_resetConnections in env=0x3ee7b8 clazz=0xb8a00001 iface=rmnet0 mask=0x3
07-07 11:16:36.949   145   201 D ConnectivityService: ConnectivityChange for mobile: DISCONNECTED/DISCONNECTED
07-07 11:16:36.949   145   201 D ConnectivityService: Attempting to switch to WIFI
07-07 11:16:36.949   145   201 D ConnectivityService: Attempting to switch to WIMAX
07-07 11:16:36.949   145   201 D ConnectivityService: Attempting to switch to BLUETOOTH_TETHER
07-07 11:16:36.949   145   201 D ConnectivityService: resetConnections(rmnet0, 3)
07-07 11:16:42.722   145   205 D Tethering: MasterInitialState.processMessage what=3
07-07 11:16:42.769   145   205 D Tethering: MasterInitialState.processMessage what=3
07-07 11:16:42.816 23973 23973 I MediaUploader: No need to wake up
07-07 11:16:42.953 22250 22250 W ContextScopeImpl: thread=1 tried to enter the scope of the application context. Ignored.
07-07 11:16:43.019 20364 20553 D PicasaSyncManager: active network: NetworkInfo: type: WIFI[], state: CONNECTED/CONNECTED, reason: (unspecified), extra: (none), roaming: false, failover: false, isAvailable: true
07-07 11:16:43.023   145   147 D dalvikvm: GC_CONCURRENT freed 2002K, 21% free 16778K/20999K, paused 3ms+7ms
07-07 11:16:43.066 23973 23973 I MediaUploader: No need to wake up
07-07 11:16:43.086 20364 20553 D PicasaSyncManager: background data: true
07-07 11:16:43.121 20364 20553 D PicasaSyncManager: active network: NetworkInfo: type: WIFI[], state: CONNECTED/CONNECTED, reason: (unspecified), extra: (none), roaming: false, failover: false, isAvailable: true
07-07 11:16:43.144 22250 22250 W ContextScopeImpl: thread=1 tried to enter the scope of the application context. Ignored.
07-07 11:16:43.152 20364 20553 D PicasaSyncManager: background data: true
07-07 11:16:43.425   145   201 D ConnectivityService: handleInetConditionHoldEnd: net=1, condition=100, published condition=100
07-07 11:16:43.437   145   156 D AlarmManagerService: Kernel timezone updated to 240 minutes west of GMT
07-07 11:17:09.968 23693 23695 D dalvikvm: GC_CONCURRENT freed 686K, 7% free 11669K/12487K, paused 6ms+4ms
07-07 11:17:10.621 21943 21945 D dalvikvm: GC_CONCURRENT freed 400K, 7% free 10313K/11015K, paused 2ms+2ms
07-07 11:17:11.121   145  1189 D dalvikvm: GC_EXPLICIT freed 330K, 21% free 16745K/20999K, paused 11ms+6ms
07-07 11:17:25.937   145   176 I power   : *** set_screen_state 1
07-07 11:17:25.984 24050 24050 D vclib:CallStateClient: startListening
07-07 11:17:26.000   145   176 I WindowManager: Lock screen displayed!
07-07 11:17:26.160    78   121 D SurfaceFlinger: Screen about to return, flinger = 0x1eda918
07-07 11:17:27.050   145  1186 D AlarmManagerService: Kernel timezone updated to 240 minutes west of GMT
07-07 11:17:27.082   344   344 D SAN_SERVICE: *******************************************
07-07 11:17:27.082   344   344 D SAN_SERVICE: DM App Phone Service State - 0
07-07 11:17:27.086   344   344 D SAN_SERVICE: *******************************************
07-07 11:17:27.984   215   215 D PhoneStatusBar: disable: < expand icons alerts ticker system_info BACK HOME recent* CLOCK >
07-07 11:17:28.007   145  1186 W InputManagerService: Window already focused, ignoring focus gain of: com.android.internal.view.IInputMethodClient$Stub$Proxy@4137e970
07-07 11:17:28.031   215   215 D PhoneStatusBar: disable: < expand icons alerts ticker system_info back* home* recent clock* >
07-07 11:17:28.472   306   307 D dalvikvm: GC_CONCURRENT freed 377K, 7% free 10788K/11527K, paused 3ms+4ms
07-07 11:17:28.797 23877 23879 D dalvikvm: GC_CONCURRENT freed 431K, 6% free 9742K/10311K, paused 2ms+3ms
07-07 11:17:29.828 24050 24052 D dalvikvm: GC_CONCURRENT freed 532K, 7% free 11065K/11783K, paused 8ms+9ms
07-07 11:17:29.851 24050 24059 W CursorWrapperInner: Cursor finalized without prior close()
07-07 11:17:29.859 24050 24059 W CursorWrapperInner: Cursor finalized without prior close()
07-07 11:17:29.871 24050 24059 W CursorWrapperInner: Cursor finalized without prior close()
07-07 11:17:29.875 24050 24059 W CursorWrapperInner: Cursor finalized without prior close()
07-07 11:17:52.543 21085 21112 I PhoneLab-: Service Running
07-07 11:17:52.644 21085 21087 D dalvikvm: GC_CONCURRENT freed 402K, 14% free 9156K/10631K, paused 2ms+2ms
07-07 11:17:52.664 21085 21112 I PhoneLab-LoggerService: app_37    1466  1     1436   996   c00f181c 400107b4 S logcat
07-07 11:17:52.664 21085 21112 I PhoneLab-LoggerService: Logcat pid from database 1466
07-07 11:17:52.668 21085 21112 I PhoneLab-LoggerService: Logcat process found 1466
07-07 11:17:52.668 21085 21112 I PhoneLab-LoggerService: Checking Threshold
07-07 11:17:55.957   344   344 D SAN_SERVICE: *******************************************
07-07 11:17:55.957   344   344 D SAN_SERVICE: DM App Phone Service State - 0
07-07 11:17:55.957   344   344 D SAN_SERVICE: *******************************************
07-07 11:17:56.300 23604 23605 D dalvikvm: GC_CONCURRENT freed 470K, 20% free 10691K/13255K, paused 2ms+3ms
07-07 11:17:56.652   145   157 D AlarmManagerService: Kernel timezone updated to 240 minutes west of GMT
07-07 11:17:57.621   145   384 D AlarmManagerService: Kernel timezone updated to 240 minutes west of GMT
07-07 11:17:58.367   344   344 D SAN_SERVICE: *******************************************
07-07 11:17:58.367   344   344 D SAN_SERVICE: DM App Phone Service State - 0
07-07 11:17:58.367   344   344 D SAN_SERVICE: *******************************************
07-07 11:17:58.640   344   344 D SAN_SERVICE: *******************************************
07-07 11:17:58.640   344   344 D SAN_SERVICE: DM App Phone Service State - 0
07-07 11:17:58.640   344   344 D SAN_SERVICE: *******************************************
07-07 11:18:00.621   145  1187 D AlarmManagerService: Kernel timezone updated to 240 minutes west of GMT
07-07 11:18:01.890   344   344 D SAN_SERVICE: *******************************************
07-07 11:18:01.890   344   344 D SAN_SERVICE: DM App Phone Service State - 0
07-07 11:18:01.890   344   344 D SAN_SERVICE: *******************************************
07-07 11:18:02.648   344   344 D SAN_SERVICE: *******************************************
07-07 11:18:02.648   344   344 D SAN_SERVICE: DM App Phone Service State - 0
07-07 11:18:02.652   344   344 D SAN_SERVICE: *******************************************
07-07 11:18:03.644   145   384 D AlarmManagerService: Kernel timezone updated to 240 minutes west of GMT
07-07 11:18:04.172   145   181 I InputReader: Reconfiguring input devices.  changes=0x00000004
07-07 11:18:04.172   145   181 I InputReader: Device reconfigured: id=7, name='mxt224_ts_input', surface size is now 480x800, mode is 1
07-07 11:18:04.195   344   344 D SAN_SERVICE: *******************************************
07-07 11:18:04.195   344   344 D SAN_SERVICE: DM App Phone Service State - 0
07-07 11:18:04.195   344   344 D SAN_SERVICE: *******************************************
07-07 11:18:04.215   145   161 I ActivityManager: Config changed: {0.85 310mcc120mnc en_US layoutdir=0 sw320dp w533dp h294dp nrml long land finger -keyb/v/h -nav/h s.24}
07-07 11:18:04.261 24050 24050 D OpenGLRenderer: Flushing caches (mode 0)
07-07 11:18:04.324   323   325 D dalvikvm: GC_CONCURRENT freed 1156K, 18% free 10195K/12359K, paused 2ms+3ms
07-07 11:18:04.613   344   344 D SAN_SERVICE: *******************************************
07-07 11:18:04.613   344   344 D SAN_SERVICE: DM App Phone Service State - 0
07-07 11:18:04.617   344   344 D SAN_SERVICE: *******************************************
07-07 11:18:05.738 21085 21085 I PhoneLab-PowerOnReceiver: Power is plugged in!
07-07 11:18:05.738 21085 21085 I PhoneLab-PowerOnReceiver: Rescheduling periodic checking...
07-07 11:18:05.742   215   215 W PowerUI : unknown intent: Intent { act=android.intent.action.ACTION_POWER_CONNECTED flg=0x10000010 }
07-07 11:18:05.867 21085 21085 I PhoneLab-Locks: wake lock acquired
07-07 11:18:05.933 21085 21085 I PhoneLab-UploadLogs: Transfering log files now
07-07 11:18:05.933 21085 21085 I PhoneLab-UploadLogs: No log files to transfer
07-07 11:18:05.933 21085 21085 I PhoneLab-Locks: wake lock released
07-07 11:18:05.933 21085 21085 I PhoneLab-UploadLogs: OnStartCommand
07-07 11:18:06.394 23991 23994 D dalvikvm: GC_CONCURRENT freed 359K, 5% free 10473K/10951K, paused 7ms+5ms
07-07 11:18:06.726   145   175 D dalvikvm: GC_EXPLICIT freed 1196K, 21% free 16773K/20999K, paused 27ms+12ms
07-07 11:18:06.816   145   181 I InputReader: Reconfiguring input devices.  changes=0x00000004
07-07 11:18:06.816   145   181 I InputReader: Device reconfigured: id=7, name='mxt224_ts_input', surface size is now 480x800, mode is 1
07-07 11:18:06.863   145   161 I ActivityManager: Config changed: {0.85 310mcc120mnc en_US layoutdir=0 sw320dp w320dp h508dp nrml long port finger -keyb/v/h -nav/h s.25}
07-07 11:18:06.922 24050 24050 D OpenGLRenderer: Flushing caches (mode 0)
07-07 11:18:06.992   323   325 D dalvikvm: GC_CONCURRENT freed 486K, 18% free 10177K/12359K, paused 2ms+3ms
07-07 11:18:07.402 23991 23994 D dalvikvm: GC_CONCURRENT freed 305K, 4% free 10594K/11015K, paused 3ms+4ms
07-07 11:18:08.535 24050 24052 D dalvikvm: GC_CONCURRENT freed 566K, 6% free 11116K/11783K, paused 2ms+4ms
07-07 11:18:09.336   145   175 D dalvikvm: GC_EXPLICIT freed 856K, 24% free 15960K/20999K, paused 3ms+6ms
07-07 11:18:09.570 24050 24050 D vclib:CallStateClient: stopListening
07-07 11:18:09.613 24050 24050 D vclib:CallStateClient: startListening
07-07 11:18:09.836   145   408 W InputManagerService: Window already focused, ignoring focus gain of: com.android.internal.view.IInputMethodClient$Stub$Proxy@418f94e8
07-07 11:18:09.988 24050 24050 D vclib:CallStateClient: stopListening
07-07 11:18:09.988 24050 24050 D vclib:CallStateClient: startListening
07-07 11:18:10.172 24050 24052 D dalvikvm: GC_CONCURRENT freed 420K, 5% free 11339K/11847K, paused 6ms+7ms
07-07 11:18:10.183   306   307 D dalvikvm: GC_CONCURRENT freed 450K, 7% free 10803K/11527K, paused 2ms+4ms
07-07 11:18:10.582   145   145 D dalvikvm: GC_EXPLICIT freed 45K, 25% free 15954K/20999K, paused 3ms+6ms
07-07 11:18:10.636   306   914 D dalvikvm: GC_EXPLICIT freed 156K, 8% free 10703K/11527K, paused 2ms+3ms
07-07 11:18:10.738 21943 21945 D dalvikvm: GC_CONCURRENT freed 395K, 7% free 10308K/11015K, paused 2ms+2ms
07-07 11:18:14.390 24050 24052 D dalvikvm: GC_CONCURRENT freed 344K, 4% free 11701K/12167K, paused 2ms+6ms
07-07 11:18:15.867 21085 21085 I PhoneLab-Locks: wake lock acquired
07-07 11:18:15.922 21085 25214 I PhoneLab-PeriodicCheckService: User info is synched
07-07 11:18:15.933 21085 25214 I PhoneLab-PeriodicCheckService: Logger Service is running
07-07 11:18:15.968 21085 21085 I PhoneLab-Locks: wake lock acquired
07-07 11:18:15.972 21085 21085 I PhoneLab-StatusMonitor: Status Monitoring is started
07-07 11:18:15.972 21085 25214 I PhoneLab-Locks: wake lock acquired
07-07 11:18:15.980 21085 25214 I PhoneLab-PeriodicCheckService: Rescheduling periodic checking...
07-07 11:18:15.980 21085 21085 E PhoneLab-PhoneLabManifest: java.io.FileNotFoundException: /data/data/edu.buffalo.cse.phonelab.phonelabservices/files/manifest.xml: open failed: ENOENT (No such file or directory)
07-07 11:18:15.980 21085 21085 I PhoneLab-Locks: wake lock released
07-07 11:18:15.984 21085 21085 I PhoneLab-UploadLogs: Transfering log files now
07-07 11:18:15.984 21085 21085 I PhoneLab-UploadLogs: No log files to transfer
07-07 11:18:15.984 21085 21085 I PhoneLab-Locks: wake lock released
07-07 11:18:15.984 21085 21085 I PhoneLab-UploadLogs: OnStartCommand
07-07 11:18:15.988 21085 25214 I PhoneLab-Locks: wake lock released
07-07 11:18:16.621 24050 24052 D dalvikvm: GC_CONCURRENT freed 781K, 8% free 11716K/12679K, paused 5ms+6ms
07-07 11:18:20.054 24050 24050 D vclib:CallStateClient: stopListening
07-07 11:18:20.074 24050 24050 D vclib:CallStateClient: startListening
07-07 11:18:20.183 24050 25216 D dalvikvm: GC_EXPLICIT freed 679K, 8% free 11728K/12679K, paused 9ms+7ms
07-07 11:18:22.035 24050 24050 D vclib:CallStateClient: stopListening
07-07 11:18:22.093 24050 24050 D vclib:CallStateClient: startListening
07-07 11:18:22.207   145   913 W InputManagerService: Window already focused, ignoring focus gain of: com.android.internal.view.IInputMethodClient$Stub$Proxy@4189fa38
07-07 11:18:22.242   323   325 D dalvikvm: GC_CONCURRENT freed 443K, 19% free 10130K/12359K, paused 2ms+2ms
07-07 11:18:22.410 24050 24050 D vclib:CallStateClient: stopListening
07-07 11:18:22.414 24050 24050 D vclib:CallStateClient: startListening
07-07 11:18:22.547 24050 24052 D dalvikvm: GC_CONCURRENT freed 970K, 9% free 11693K/12743K, paused 3ms+7ms
07-07 11:18:23.527 24050 24050 D dalvikvm: GC_FOR_ALLOC freed 555K, 9% free 11678K/12743K, paused 27ms
07-07 11:18:23.652 24050 24050 D dalvikvm: GC_FOR_ALLOC freed 283K, 9% free 11710K/12743K, paused 25ms
07-07 11:18:23.754 24050 24050 D dalvikvm: GC_FOR_ALLOC freed 276K, 9% free 11717K/12743K, paused 23ms
07-07 11:18:23.914 24050 24050 D dalvikvm: GC_FOR_ALLOC freed 279K, 8% free 11738K/12743K, paused 25ms
07-07 11:18:24.019 24050 24050 D dalvikvm: GC_FOR_ALLOC freed 251K, 8% free 11760K/12743K, paused 26ms
07-07 11:18:24.668 24050 24050 D dalvikvm: GC_FOR_ALLOC freed 313K, 9% free 11774K/12807K, paused 31ms
07-07 11:18:25.629 24050 24050 D dalvikvm: GC_FOR_ALLOC freed 378K, 9% free 11754K/12807K, paused 25ms
07-07 11:18:25.824 24050 24050 D dalvikvm: GC_FOR_ALLOC freed 468K, 9% free 11760K/12807K, paused 26ms
07-07 11:18:26.191 24050 24050 D dalvikvm: GC_FOR_ALLOC freed 498K, 9% free 11763K/12807K, paused 27ms
07-07 11:18:28.562 24050 24050 D dalvikvm: GC_FOR_ALLOC freed 554K, 9% free 11774K/12807K, paused 31ms
07-07 11:18:30.058 24050 24050 D dalvikvm: GC_FOR_ALLOC freed 577K, 8% free 11789K/12807K, paused 28ms
07-07 11:18:30.558 24050 24050 D dalvikvm: GC_FOR_ALLOC freed 481K, 8% free 11813K/12807K, paused 27ms
07-07 11:18:30.836 24050 24050 D dalvikvm: GC_FOR_ALLOC freed 489K, 9% free 11784K/12871K, paused 27ms
07-07 11:18:31.019 24050 24050 D dalvikvm: GC_FOR_ALLOC freed 418K, 9% free 11774K/12871K, paused 27ms
07-07 11:18:31.410 24050 24050 D dalvikvm: GC_FOR_ALLOC freed 419K, 9% free 11784K/12871K, paused 31ms
07-07 11:18:33.867   145   913 W InputManagerService: Starting input on non-focused client com.android.internal.view.IInputMethodClient$Stub$Proxy@41618ae0 (uid=10045 pid=24050)
07-07 11:18:33.902 24050 24050 D OpenGLRenderer: Flushing caches (mode 0)
07-07 11:18:33.922   145   161 I ActivityManager: No longer want com.chess (pid 23672): hidden #16
07-07 11:18:33.922   145   161 I ActivityManager: No longer want com.google.android.maps.mytracks (pid 24944): hidden #17
07-07 11:18:33.941 24050 24050 D OpenGLRenderer: Flushing caches (mode 1)
07-07 11:18:33.961 24050 24050 D vclib:CallStateClient: stopListening
07-07 11:18:34.007 24050 24050 D dalvikvm: GC_EXPLICIT freed 352K, 10% free 11704K/12871K, paused 3ms+7ms
07-07 11:18:34.574   145   314 I ActivityManager: START {act=android.intent.action.MAIN cat=[android.intent.category.LAUNCHER] flg=0x10000000 pkg=com.whatsapp cmp=com.whatsapp/.Main bnds=[360,405][480,555]} from pid 373
07-07 11:18:34.734   373   373 D OpenGLRenderer: Flushing caches (mode 1)
07-07 11:18:34.750   373   373 D OpenGLRenderer: Flushing caches (mode 0)
07-07 11:18:34.789   145   408 I ActivityManager: START {cmp=com.whatsapp/.Conversations} from pid 22106
07-07 11:18:34.949 22106 22109 D dalvikvm: GC_CONCURRENT freed 306K, 5% free 10082K/10567K, paused 12ms+5ms
07-07 11:18:34.976 22106 22106 D dalvikvm: GC_FOR_ALLOC freed 15K, 5% free 10074K/10567K, paused 21ms
07-07 11:18:34.976 22106 22106 I dalvikvm-heap: Grow heap (frag case) to 10.098MB for 196256-byte allocation
07-07 11:18:35.007 22106 22106 D dalvikvm: GC_FOR_ALLOC freed <1K, 5% free 10265K/10759K, paused 19ms
07-07 11:18:35.047 22106 22106 D dalvikvm: GC_FOR_ALLOC freed 3K, 5% free 10273K/10759K, paused 19ms
07-07 11:18:35.047 22106 22106 I dalvikvm-heap: Grow heap (frag case) to 10.253MB for 155248-byte allocation
07-07 11:18:35.070 22106 22106 D dalvikvm: GC_FOR_ALLOC freed <1K, 5% free 10424K/10951K, paused 20ms
07-07 11:18:35.195   215   215 V PhoneStatusBar: setLightsOn(true)
07-07 11:18:35.297   145   161 I Process : Sending signal. PID: 22106 SIG: 3
07-07 11:18:35.297 22106 22111 I dalvikvm: threadid=3: reacting to signal 3
07-07 11:18:35.359 22106 22111 I dalvikvm: Wrote stack traces to '/data/anr/traces.txt'
07-07 11:18:35.539   145   175 I ActivityManager: Displayed com.whatsapp/.Conversations: +745ms (total +880ms)
07-07 11:18:35.590 23877 23892 D dalvikvm: GC_EXPLICIT freed 320K, 6% free 9694K/10311K, paused 29ms+4ms
07-07 11:18:35.722 22106 22109 D dalvikvm: GC_CONCURRENT freed 173K, 4% free 10640K/11015K, paused 6ms+3ms
07-07 11:18:35.785 22106 25223 D dalvikvm: GC_EXPLICIT freed 27K, 4% free 10618K/11015K, paused 3ms+3ms
07-07 11:18:37.836   145   380 I ActivityManager: START {cmp=com.whatsapp/.ContactPicker} from pid 22106
07-07 11:18:38.043   215   215 V PhoneStatusBar: setLightsOn(true)
07-07 11:18:38.168 22106 22109 D dalvikvm: GC_CONCURRENT freed 175K, 3% free 10933K/11207K, paused 3ms+4ms
07-07 11:18:38.273   145   175 I ActivityManager: Displayed com.whatsapp/.ContactPicker: +361ms
07-07 11:18:38.664 22106 22109 D dalvikvm: GC_CONCURRENT freed 394K, 5% free 11056K/11591K, paused 2ms+5ms
07-07 11:18:38.761 22106 22106 D dalvikvm: GC_FOR_ALLOC freed 95K, 5% free 11250K/11783K, paused 32ms
07-07 11:18:38.789 22106 22106 D dalvikvm: GC_FOR_ALLOC freed 1K, 5% free 11438K/11975K, paused 24ms
07-07 11:18:38.820 22106 22106 D dalvikvm: GC_FOR_ALLOC freed 0K, 5% free 11817K/12359K, paused 23ms
07-07 11:18:38.847 22106 22106 D dalvikvm: GC_FOR_ALLOC freed 0K, 5% free 12196K/12743K, paused 22ms
07-07 11:18:39.238 22106 22109 D dalvikvm: GC_CONCURRENT freed 518K, 5% free 12706K/13319K, paused 2ms+5ms
07-07 11:18:39.949 23877 23905 D dalvikvm: GC_EXPLICIT freed 252K, 6% free 9698K/10311K, paused 2ms+10ms
07-07 11:18:39.988 25226 25226 D dalvikvm: Late-enabling CheckJNI
07-07 11:18:39.996   145   162 I ActivityManager: Start proc com.chess for broadcast com.chess/.backend.AlarmReceiver: pid=25226 uid=10079 gids={3003, 1015}
07-07 11:18:40.297 25226 25228 D dalvikvm: GC_CONCURRENT freed 162K, 3% free 9370K/9607K, paused 9ms+2ms
07-07 11:18:40.425   145  1186 I ActivityManager: No longer want com.android.deskclock (pid 25046): hidden #16
07-07 11:18:40.515 25226 25240 D GetStringObjTask: retrieving from url = http://www.chess.com/api/get_move_status?id=y3ICtufzg6w7rQqcD3KFujVaIanpYba4bIpaeKElV1LNz3Sz4Fk9Yh5CeWaj8h4bQ2RY0CxFVgA%2ByBE5DE%2B1cAuw4i%2Bp2GVj5RbuDPEUotReGbS25iAukuBsuUd%2Fl5dp
07-07 11:18:40.550 22106 22106 D dalvikvm: GC_FOR_ALLOC freed 316K, 5% free 13364K/14023K, paused 27ms
07-07 11:18:40.828   145   145 D dalvikvm: GC_EXPLICIT freed 828K, 24% free 16011K/20999K, paused 4ms+18ms
07-07 11:18:40.890 22106 22113 I dalvikvm: Jit: resizing JitTable from 4096 to 8192
07-07 11:18:41.136 25226 25240 D GetStringObjTask: WebRequest SERVER RESPONSE: Success+0
07-07 11:18:41.324 22106 25225 D dalvikvm: GC_EXPLICIT freed 408K, 6% free 13537K/14343K, paused 3ms+5ms
07-07 11:18:42.511   145   314 I ActivityManager: START {flg=0x14000000 cmp=com.whatsapp/.Conversation (has extras)} from pid 22106
07-07 11:18:42.519   215   215 V PhoneStatusBar: setLightsOn(true)
07-07 11:18:42.547   145  1187 W InputManagerService: Focus gain on non-focused client com.android.internal.view.IInputMethodClient$Stub$Proxy@417e7598 (uid=10068 pid=22106)
07-07 11:18:42.691 22106 22106 D skia    : --- SkImageDecoder::Factory returned null
07-07 11:18:42.769 22106 22109 D dalvikvm: GC_CONCURRENT freed 667K, 6% free 14377K/15175K, paused 3ms+7ms
07-07 11:18:42.863   215   215 V PhoneStatusBar: setLightsOn(true)
07-07 11:18:42.996   145   175 I ActivityManager: Displayed com.whatsapp/.Conversation: +456ms
07-07 11:18:43.109   323   325 D dalvikvm: GC_CONCURRENT freed 512K, 19% free 10130K/12359K, paused 2ms+12ms
07-07 11:18:43.187   323   323 D dalvikvm: GC_FOR_ALLOC freed 170K, 19% free 10111K/12359K, paused 16ms
07-07 11:18:43.187   323   323 I dalvikvm-heap: Grow heap (frag case) to 10.653MB for 739216-byte allocation
07-07 11:18:43.211   323   323 D dalvikvm: GC_FOR_ALLOC freed 1K, 13% free 10831K/12359K, paused 22ms
07-07 11:18:43.398   215   215 D dalvikvm: GC_FOR_ALLOC freed 345K, 34% free 9748K/14663K, paused 31ms
07-07 11:18:43.457   215   217 D dalvikvm: GC_CONCURRENT freed 418K, 33% free 9828K/14663K, paused 1ms+3ms
07-07 11:18:43.511 23877 23892 D dalvikvm: GC_EXPLICIT freed 253K, 6% free 9702K/10311K, paused 7ms+8ms
07-07 11:18:43.601   215   217 D dalvikvm: GC_CONCURRENT freed 399K, 33% free 9898K/14663K, paused 3ms+2ms
07-07 11:18:44.765   215   215 D dalvikvm: GC_FOR_ALLOC freed 544K, 34% free 9707K/14663K, paused 23ms
07-07 11:18:44.824   215   217 D dalvikvm: GC_CONCURRENT freed 306K, 33% free 9838K/14663K, paused 2ms+2ms
07-07 11:18:44.937   215   217 D dalvikvm: GC_CONCURRENT freed 518K, 34% free 9733K/14663K, paused 1ms+3ms
07-07 11:18:45.781   215   215 V PhoneStatusBar: setLightsOn(true)
07-07 11:18:47.746   145   408 I ActivityManager: START {cmp=com.whatsapp/.ContactPicker} from pid 22106
07-07 11:18:47.914   215   215 V PhoneStatusBar: setLightsOn(true)
07-07 11:18:48.035   145   175 I ActivityManager: Displayed com.whatsapp/.ContactPicker: +211ms
07-07 11:18:48.379 22106 25242 D dalvikvm: GC_EXPLICIT freed 2954K, 21% free 12176K/15239K, paused 3ms+10ms
07-07 11:18:48.519 22106 22106 D dalvikvm: GC_FOR_ALLOC freed 1056K, 22% free 11998K/15239K, paused 29ms
07-07 11:18:48.793 22106 22109 D dalvikvm: GC_CONCURRENT freed 143K, 17% free 12728K/15239K, paused 5ms+4ms
07-07 11:18:50.757   145  1186 D dalvikvm: GC_EXPLICIT freed 822K, 24% free 15995K/20999K, paused 3ms+7ms
07-07 11:18:51.039 23877 23888 D dalvikvm: GC_EXPLICIT freed 260K, 6% free 9701K/10311K, paused 12ms+6ms
07-07 11:18:51.472 22106 22109 D dalvikvm: GC_CONCURRENT freed 977K, 16% free 12865K/15239K, paused 2ms+5ms
07-07 11:18:51.632   145   408 I ActivityManager: START {flg=0x14000000 cmp=com.whatsapp/.Conversation (has extras)} from pid 22106
07-07 11:18:51.679   215   215 V PhoneStatusBar: setLightsOn(true)
07-07 11:18:51.707   145  1188 W InputManagerService: Focus gain on non-focused client com.android.internal.view.IInputMethodClient$Stub$Proxy@417e7598 (uid=10068 pid=22106)
07-07 11:18:51.812 22106 22106 D skia    : --- SkImageDecoder::Factory returned null
07-07 11:18:51.875   215   215 V PhoneStatusBar: setLightsOn(true)
07-07 11:18:51.976   145   175 I ActivityManager: Displayed com.whatsapp/.Conversation: +277ms
07-07 11:18:52.047   323   323 D dalvikvm: GC_FOR_ALLOC freed 990K, 19% free 10111K/12359K, paused 16ms
07-07 11:18:52.050   323   323 I dalvikvm-heap: Grow heap (frag case) to 10.653MB for 739216-byte allocation
07-07 11:18:52.093   323   325 D dalvikvm: GC_CONCURRENT freed 1K, 13% free 10832K/12359K, paused 2ms+2ms
07-07 11:18:52.316   215   217 D dalvikvm: GC_CONCURRENT freed 245K, 33% free 9887K/14663K, paused 2ms+3ms
07-07 11:18:52.386   215   217 D dalvikvm: GC_CONCURRENT freed 611K, 34% free 9761K/14663K, paused 2ms+3ms
07-07 11:18:52.531 22106 22109 D dalvikvm: GC_CONCURRENT freed 2046K, 22% free 11986K/15239K, paused 3ms+4ms
07-07 11:18:53.812   215   217 D dalvikvm: GC_CONCURRENT freed 331K, 33% free 9886K/14663K, paused 2ms+2ms
07-07 11:18:53.859   215   217 D dalvikvm: GC_CONCURRENT freed 633K, 34% free 9707K/14663K, paused 2ms+2ms
07-07 11:18:53.937   215   217 D dalvikvm: GC_CONCURRENT freed 317K, 33% free 9874K/14663K, paused 3ms+3ms
07-07 11:18:54.734   215   215 V PhoneStatusBar: setLightsOn(true)
07-07 11:18:56.406 22106 22106 W IInputConnectionWrapper: showStatusIcon on inactive InputConnection
07-07 11:18:56.406   145   145 W InputManagerService: Starting input on non-focused client com.android.internal.view.IInputMethodClient$Stub$Proxy@417e7598 (uid=10068 pid=22106)
07-07 11:18:56.457   145  1188 I ActivityManager: No longer want com.android.providers.calendar (pid 25058): hidden #16
07-07 11:19:05.097   145   380 D AlarmManagerService: Kernel timezone updated to 240 minutes west of GMT
07-07 11:19:05.800   344   344 D SAN_SERVICE: *******************************************
07-07 11:19:05.800   344   344 D SAN_SERVICE: DM App Phone Service State - 0
07-07 11:19:05.800   344   344 D SAN_SERVICE: *******************************************
07-07 11:19:06.031   344   344 D SAN_SERVICE: *******************************************
07-07 11:19:06.031   344   344 D SAN_SERVICE: DM App Phone Service State - 0
07-07 11:19:06.031   344   344 D SAN_SERVICE: *******************************************
07-07 11:19:06.722 22106 22106 D dalvikvm: GC_EXPLICIT freed 288K, 23% free 11861K/15239K, paused 18ms+6ms
07-07 11:19:10.652 23604 23605 D dalvikvm: GC_CONCURRENT freed 568K, 20% free 10680K/13255K, paused 1ms+6ms
07-07 11:19:10.968 21943 21945 D dalvikvm: GC_CONCURRENT freed 396K, 6% free 10407K/11015K, paused 9ms+11ms
07-07 11:19:11.148 21943 21945 D dalvikvm: GC_CONCURRENT freed 279K, 5% free 10513K/11015K, paused 7ms+2ms
07-07 11:19:15.078   145   157 D AlarmManagerService: Kernel timezone updated to 240 minutes west of GMT
07-07 11:19:20.414 21085 21112 I PhoneLab-: Service Running
07-07 11:19:20.500 21085 21112 I PhoneLab-LoggerService: app_37    1466  1     1436   996   c00f181c 400107b4 S logcat
07-07 11:19:20.500 21085 21112 I PhoneLab-LoggerService: Logcat pid from database 1466
07-07 11:19:20.500 21085 21112 I PhoneLab-LoggerService: Logcat process found 1466
07-07 11:19:20.500 21085 21112 I PhoneLab-LoggerService: Checking Threshold
07-07 11:19:54.246   145   329 D AlarmManagerService: Kernel timezone updated to 240 minutes west of GMT
07-07 11:20:10.875 21943 21945 D dalvikvm: GC_CONCURRENT freed 688K, 7% free 10375K/11143K, paused 3ms+2ms
07-07 11:20:54.566   145   394 I ActivityManager: No longer want com.android.calendar (pid 23800): hidden #16
07-07 11:21:10.789 23604 23605 D dalvikvm: GC_CONCURRENT freed 548K, 20% free 10686K/13255K, paused 2ms+3ms
07-07 11:21:10.918 21943 21945 D dalvikvm: GC_CONCURRENT freed 452K, 8% free 10331K/11143K, paused 2ms+2ms
07-07 11:21:20.414 21085 21112 I PhoneLab-: Service Running
07-07 11:21:20.492 21085 21112 I PhoneLab-LoggerService: app_37    1466  1     1436   996   c00f181c 400107b4 S logcat
07-07 11:21:20.492 21085 21112 I PhoneLab-LoggerService: Logcat pid from database 1466
07-07 11:21:20.492 21085 21112 I PhoneLab-LoggerService: Logcat process found 1466
07-07 11:21:20.492 21085 21112 I PhoneLab-LoggerService: Checking Threshold
07-07 11:22:33.824   306   307 D dalvikvm: GC_CONCURRENT freed 348K, 7% free 10793K/11527K, paused 9ms+5ms
07-07 11:22:33.957   145   156 D dalvikvm: GC_EXPLICIT freed 1413K, 24% free 16063K/20999K, paused 5ms+11ms
07-07 11:23:10.965 23604 23605 D dalvikvm: GC_CONCURRENT freed 565K, 20% free 10674K/13255K, paused 2ms+8ms
07-07 11:23:10.988 21943 21945 D dalvikvm: GC_CONCURRENT freed 515K, 8% free 10322K/11143K, paused 4ms+2ms
07-07 11:23:20.410 21085 21112 I PhoneLab-: Service Running
07-07 11:23:20.500 21085 21087 D dalvikvm: GC_CONCURRENT freed 403K, 14% free 9155K/10631K, paused 2ms+3ms
07-07 11:23:20.507 21085 21112 I PhoneLab-LoggerService: app_37    1466  1     1436   996   c00f181c 400107b4 S logcat
07-07 11:23:20.511 21085 21112 I PhoneLab-LoggerService: Logcat pid from database 1466
