07-08 18:32:20.230   143   169 D SyncManager: failed sync operation lokeshmandvekar@gmail.com (com.google), com.google.android.apps.plus.content.EsProvider, SERVER, earliestRunTime 87300323, SyncResult: stats [ numParseExceptions: 1]
07-08 18:32:20.277   143   169 D SyncManager: not retrying sync operation because the error is a hard error: lokeshmandvekar@gmail.com (com.google), com.google.android.apps.plus.content.EsProvider, SERVER, earliestRunTime 87332932
07-08 18:32:25.109  4639  4641 D dalvikvm: GC_CONCURRENT freed 2016K, 19% free 13454K/16455K, paused 3ms+3ms
07-08 18:32:25.961  4639  4912 D dalvikvm: GC_EXPLICIT freed 394K, 19% free 13368K/16455K, paused 3ms+4ms
07-08 18:32:26.433  4741  4753 D dalvikvm: GC_EXPLICIT freed 349K, 7% free 9749K/10375K, paused 3ms+3ms
07-08 18:32:27.496  4722  4725 D dalvikvm: GC_CONCURRENT freed 303K, 7% free 10019K/10695K, paused 9ms+6ms
07-08 18:32:28.625  4741  4742 D dalvikvm: GC_CONCURRENT freed 381K, 7% free 9753K/10375K, paused 2ms+3ms
07-08 18:32:56.679   143   169 D dalvikvm: GC_EXPLICIT freed 1270K, 22% free 16547K/21127K, paused 3ms+8ms
07-08 18:32:57.480  4722  4725 D dalvikvm: GC_CONCURRENT freed 388K, 7% free 10016K/10695K, paused 3ms+3ms
07-08 18:33:17.367   659   661 D dalvikvm: GC_CONCURRENT freed 462K, 8% free 10381K/11207K, paused 1ms+3ms
07-08 18:33:18.078   659   661 D dalvikvm: GC_CONCURRENT freed 271K, 6% free 10573K/11207K, paused 1ms+8ms
07-08 18:33:21.820  4974  4987 I PhoneLab-: Service Running
07-08 18:33:21.984  4974  4977 D dalvikvm: GC_CONCURRENT freed 395K, 6% free 9091K/9607K, paused 24ms+2ms
07-08 18:33:21.988  4974  4987 I PhoneLab-LoggerService: app_37    1296  1     1436   1000  c00f181c 400107b4 S logcat
07-08 18:33:21.996  4974  4987 I PhoneLab-LoggerService: Logcat pid from database 1296
07-08 18:33:21.996  4974  4987 I PhoneLab-LoggerService: Logcat process found 1296
07-08 18:33:21.996  4974  4987 I PhoneLab-LoggerService: Checking Threshold
07-08 18:33:22.007  4974  4987 I PhoneLab-LoggerService: Starting to rename files
07-08 18:33:22.007  4974  4987 I PhoneLab-LoggerService: Files found .. 2
07-08 18:33:22.007  4974  4987 I PhoneLab-LoggerService: File 1 log.out.1
07-08 18:33:22.019  4974  4987 I PhoneLab-LoggerService: Renamed successfully
07-08 18:34:17.297  4566  4567 D dalvikvm: GC_CONCURRENT freed 511K, 6% free 10554K/11143K, paused 2ms+3ms
07-08 18:34:56.777  4741  4742 D dalvikvm: GC_CONCURRENT freed 366K, 6% free 9772K/10375K, paused 3ms+2ms
07-08 18:34:57.058 22025  4907 D dalvikvm: GC_EXPLICIT freed 440K, 7% free 10743K/11463K, paused 2ms+6ms
07-08 18:35:17.437  4566  4567 D dalvikvm: GC_CONCURRENT freed 398K, 6% free 10549K/11143K, paused 1ms+20ms
07-08 18:35:17.472   659   661 D dalvikvm: GC_CONCURRENT freed 727K, 8% free 10364K/11207K, paused 2ms+3ms
07-08 18:35:21.824  4974  4987 I PhoneLab-: Service Running
07-08 18:35:21.898  4974  4987 I PhoneLab-LoggerService: app_37    1296  1     1436   1000  c00f181c 400107b4 S logcat
07-08 18:35:21.898  4974  4987 I PhoneLab-LoggerService: Logcat pid from database 1296
07-08 18:35:21.902  4974  4987 I PhoneLab-LoggerService: Logcat process found 1296
07-08 18:35:21.902  4974  4987 I PhoneLab-LoggerService: Checking Threshold
07-08 18:35:21.902  4974  4987 I PhoneLab-LoggerService: Starting to rename files
07-08 18:35:21.902  4974  4987 I PhoneLab-LoggerService: Files found .. 2
07-08 18:35:32.039   143   395 I ActivityManager: START {act=android.intent.action.MAIN cat=[android.intent.category.LAUNCHER] flg=0x10200000 cmp=com.google.android.talk/.SigningInActivity bnds=[96,706][192,802]} from pid 24357
07-08 18:35:32.203   143   154 I ActivityManager: Start proc com.google.android.talk for activity com.google.android.talk/.SigningInActivity: pid=5083 uid=10045 gids={3003, 1015, 1006, 3002}
07-08 18:35:32.254    79    79 D dalvikvm: GC_EXPLICIT freed 38K, 4% free 9031K/9347K, paused 6ms+2ms
07-08 18:35:32.312    79    79 D dalvikvm: GC_EXPLICIT freed <1K, 4% free 9031K/9347K, paused 1ms+14ms
07-08 18:35:32.367    79    79 D dalvikvm: GC_EXPLICIT freed <1K, 4% free 9031K/9347K, paused 8ms+4ms
07-08 18:35:32.394 24357 24357 D OpenGLRenderer: Flushing caches (mode 1)
07-08 18:35:32.422 24357 24357 D OpenGLRenderer: Flushing caches (mode 0)
07-08 18:35:32.472  5083  5083 I ActivityThread: Pub com.google.android.talk.SuggestionProvider: com.google.android.talk.SuggestionsProvider
07-08 18:35:32.566  5083  5083 D vclib:CallStateClient: startListening
07-08 18:35:32.683  5083  5085 D dalvikvm: GC_CONCURRENT freed 146K, 3% free 9362K/9607K, paused 8ms+14ms
07-08 18:35:32.781   143   159 I Process : Sending signal. PID: 5083 SIG: 3
07-08 18:35:32.785  5083  5087 I dalvikvm: threadid=3: reacting to signal 3
07-08 18:35:32.879  5083  5087 I dalvikvm: Wrote stack traces to '/data/anr/traces.txt'
07-08 18:35:33.093   143   143 I ActivityManager: Start proc android.process.media for content provider com.android.providers.media/.MediaProvider: pid=5105 uid=10012 gids={1015, 1023, 1024, 2001, 3003, 3007}
07-08 18:35:33.293  5105  5105 I ActivityThread: Pub downloads: com.android.providers.downloads.DownloadProvider
07-08 18:35:33.300   143   159 I Process : Sending signal. PID: 5083 SIG: 3
07-08 18:35:33.300  5083  5087 I dalvikvm: threadid=3: reacting to signal 3
07-08 18:35:33.488  5083  5087 I dalvikvm: Wrote stack traces to '/data/anr/traces.txt'
07-08 18:35:33.496  5105  5105 I ActivityThread: Pub drm: com.android.providers.drm.DrmProvider
07-08 18:35:33.500  5105  5119 I DownloadManager: in removeSpuriousFiles
07-08 18:35:33.519  5105  5105 I ActivityThread: Pub media: com.android.providers.media.MediaProvider
07-08 18:35:33.652  5105  5119 I DownloadManager: in removeSpuriousFiles, preserving file /data/data/com.android.providers.downloads/cache/metadata.json
07-08 18:35:33.652  5105  5119 I DownloadManager: in removeSpuriousFiles, preserving file /data/data/com.android.providers.downloads/cache/en_general.htm
07-08 18:35:33.652  5105  5119 I DownloadManager: in removeSpuriousFiles, preserving file /mnt/sdcard/Download/img-thing.jpeg
07-08 18:35:33.652  5105  5119 I DownloadManager: in removeSpuriousFiles, preserving file /data/data/com.android.providers.downloads/cache/metadata-1.json
07-08 18:35:33.652  5105  5119 I DownloadManager: in removeSpuriousFiles, preserving file /data/data/com.android.providers.downloads/cache/downloadfile.jpeg
07-08 18:35:33.652  5105  5119 I DownloadManager: in removeSpuriousFiles, preserving file /data/data/com.android.providers.downloads/cache/metadata-2.json
07-08 18:35:33.652  5105  5119 I DownloadManager: in removeSpuriousFiles, preserving file /data/data/com.android.providers.downloads/cache/metadata-3.json
07-08 18:35:33.652  5105  5119 I DownloadManager: in removeSpuriousFiles, preserving file /data/data/com.android.providers.downloads/cache/downloadfile-1.jpeg
07-08 18:35:33.652  5105  5119 I DownloadManager: in removeSpuriousFiles, preserving file /data/data/com.android.providers.downloads/cache/downloadfile-2.jpeg
07-08 18:35:33.652  5105  5119 I DownloadManager: in removeSpuriousFiles, preserving file /data/data/com.android.providers.downloads/cache/metadata-4.json
07-08 18:35:33.652  5105  5119 I DownloadManager: in removeSpuriousFiles, preserving file /data/data/com.android.providers.downloads/cache/downloadfile-1.apk
07-08 18:35:33.656  5105  5119 I DownloadManager: deleting spurious file /cache/backup
07-08 18:35:33.820   143   159 I Process : Sending signal. PID: 5083 SIG: 3
07-08 18:35:33.820  5083  5087 I dalvikvm: threadid=3: reacting to signal 3
07-08 18:35:33.851  5083  5087 I dalvikvm: Wrote stack traces to '/data/anr/traces.txt'
07-08 18:35:33.859  5083  5083 D vclib:CallStateClient: startListening
07-08 18:35:33.863  5083  5085 D dalvikvm: GC_CONCURRENT freed 266K, 4% free 9551K/9927K, paused 124ms+10ms
07-08 18:35:34.144  5083  5083 D libEGL  : loaded /system/lib/egl/libGLES_android.so
07-08 18:35:34.168  5083  5083 D libEGL  : loaded /vendor/lib/egl/libEGL_POWERVR_SGX540_120.so
07-08 18:35:34.207  5083  5083 D libEGL  : loaded /vendor/lib/egl/libGLESv1_CM_POWERVR_SGX540_120.so
07-08 18:35:34.211  5083  5083 D libEGL  : loaded /vendor/lib/egl/libGLESv2_POWERVR_SGX540_120.so
07-08 18:35:34.222  5105  5107 D dalvikvm: GC_CONCURRENT freed 366K, 5% free 9166K/9607K, paused 2ms+39ms
07-08 18:35:34.277   143   159 I Process : Sending signal. PID: 5083 SIG: 3
07-08 18:35:34.277  5083  5087 I dalvikvm: threadid=3: reacting to signal 3
07-08 18:35:34.300  5083  5087 I dalvikvm: Wrote stack traces to '/data/anr/traces.txt'
07-08 18:35:34.355  5083  5083 D OpenGLRenderer: Enabling debug mode 0
07-08 18:35:34.382  5083  5125 E talk    : [Databaseutils] pruneOldMessageHistory
07-08 18:35:34.664   143   176 I ActivityManager: Displayed com.google.android.talk/.SigningInActivity: +2s584ms
07-08 18:35:34.722 24357 24357 D OpenGLRenderer: Flushing caches (mode 2)
07-08 18:35:34.754 24357 24357 D OpenGLRenderer: Flushing caches (mode 0)
07-08 18:35:35.386  5083  5083 D vclib:CallStateClient: stopListening
07-08 18:35:35.386  5083  5083 D vclib:CallStateClient: startListening
07-08 18:35:35.578  5083  5085 D dalvikvm: GC_CONCURRENT freed 273K, 4% free 9797K/10183K, paused 3ms+4ms
07-08 18:35:35.785  5083  5085 D dalvikvm: GC_CONCURRENT freed 122K, 2% free 10170K/10375K, paused 2ms+4ms
07-08 18:35:37.922  5083  5083 D OpenGLRenderer: Flushing caches (mode 0)
07-08 18:35:37.957  5083  5083 D OpenGLRenderer: Flushing caches (mode 1)
07-08 18:35:37.964  5083  5083 D vclib:CallStateClient: stopListening
07-08 18:35:54.847 24357 24360 D dalvikvm: GC_CONCURRENT freed 931K, 23% free 11794K/15303K, paused 27ms+3ms
07-08 18:35:54.918   143 24239 I ActivityManager: START {act=android.intent.action.MAIN cat=[android.intent.category.LAUNCHER] flg=0x10200000 cmp=com.google.android.talk/.SigningInActivity bnds=[96,706][192,802]} from pid 24357
07-08 18:35:55.109  5083  5083 D vclib:CallStateClient: startListening
07-08 18:35:55.148  5083  5135 E talk    : [Databaseutils] pruneOldMessageHistory
07-08 18:35:55.207 24357 24357 D OpenGLRenderer: Flushing caches (mode 1)
07-08 18:35:55.211 24357 24357 D OpenGLRenderer: Flushing caches (mode 0)
07-08 18:35:55.273  5083  5085 D dalvikvm: GC_CONCURRENT freed 235K, 4% free 10327K/10695K, paused 37ms+5ms
07-08 18:35:55.386   325   327 D dalvikvm: GC_CONCURRENT freed 391K, 16% free 10203K/12103K, paused 2ms+3ms
07-08 18:35:55.418   143   176 I ActivityManager: Displayed com.google.android.talk/.SigningInActivity: +457ms
07-08 18:35:55.500 24357 24357 D OpenGLRenderer: Flushing caches (mode 1)
07-08 18:35:55.941  5083  5083 D vclib:CallStateClient: stopListening
07-08 18:35:55.941  5083  5083 D vclib:CallStateClient: startListening
07-08 18:35:56.300  5083  5085 D dalvikvm: GC_CONCURRENT freed 242K, 3% free 10561K/10887K, paused 3ms+6ms
07-08 18:35:58.945  5083  5085 D dalvikvm: GC_CONCURRENT freed 582K, 7% free 10445K/11143K, paused 7ms+5ms
07-08 18:35:59.043  5083  5083 D dalvikvm: GC_FOR_ALLOC freed 53K, 6% free 10550K/11143K, paused 20ms
07-08 18:35:59.043  5083  5083 I dalvikvm-heap: Grow heap (frag case) to 10.408MB for 36880-byte allocation
07-08 18:35:59.058  5083  5083 D dalvikvm: GC_FOR_ALLOC freed 6K, 6% free 10580K/11207K, paused 18ms
07-08 18:35:59.121  5083  5083 D dalvikvm: GC_FOR_ALLOC freed 68K, 6% free 10590K/11207K, paused 19ms
07-08 18:35:59.164  5083  5083 D dalvikvm: GC_FOR_ALLOC freed 74K, 6% free 10583K/11207K, paused 19ms
07-08 18:35:59.183  5083  5083 D dalvikvm: GC_FOR_ALLOC freed 2K, 6% free 10603K/11207K, paused 18ms
07-08 18:35:59.183  5083  5083 I dalvikvm-heap: Grow heap (frag case) to 10.458MB for 36880-byte allocation
07-08 18:35:59.211  5083  5083 D dalvikvm: GC_FOR_ALLOC freed 0K, 6% free 10639K/11271K, paused 24ms
07-08 18:35:59.273  5083  5083 D dalvikvm: GC_FOR_ALLOC freed 127K, 7% free 10529K/11271K, paused 20ms
07-08 18:35:59.320  5083  5083 D dalvikvm: GC_FOR_ALLOC freed 106K, 7% free 10538K/11271K, paused 19ms
07-08 18:35:59.414  5083  5083 D dalvikvm: GC_FOR_ALLOC freed 101K, 7% free 10535K/11271K, paused 20ms
07-08 18:35:59.668  5083  5083 D dalvikvm: GC_FOR_ALLOC freed 129K, 7% free 10573K/11271K, paused 24ms
07-08 18:36:00.308  5083  5083 D dalvikvm: GC_FOR_ALLOC freed 111K, 7% free 10577K/11271K, paused 21ms
07-08 18:36:00.414  5083  5083 D dalvikvm: GC_FOR_ALLOC freed 97K, 7% free 10582K/11271K, paused 19ms
07-08 18:36:00.605  5083  5083 D dalvikvm: GC_FOR_ALLOC freed 89K, 7% free 10592K/11271K, paused 29ms
07-08 18:36:01.226  5083  5083 D dalvikvm: GC_FOR_ALLOC freed 104K, 6% free 10598K/11271K, paused 24ms
07-08 18:36:01.547  5083  5083 D dalvikvm: GC_FOR_ALLOC freed 102K, 6% free 10598K/11271K, paused 24ms
07-08 18:36:02.285  5083  5083 D dalvikvm: GC_FOR_ALLOC freed 111K, 6% free 10598K/11271K, paused 21ms
07-08 18:36:02.695  5083  5083 D dalvikvm: GC_FOR_ALLOC freed 157K, 7% free 10594K/11271K, paused 25ms
07-08 18:36:03.289  5083  5083 D dalvikvm: GC_FOR_ALLOC freed 123K, 6% free 10607K/11271K, paused 26ms
07-08 18:36:03.418  5083  5083 D dalvikvm: GC_FOR_ALLOC freed 90K, 6% free 10604K/11271K, paused 23ms
07-08 18:36:04.218  5083  5083 D dalvikvm: GC_FOR_ALLOC freed 98K, 6% free 10619K/11271K, paused 22ms
07-08 18:36:04.355  5083  5083 D dalvikvm: GC_FOR_ALLOC freed 107K, 6% free 10607K/11271K, paused 21ms
07-08 18:36:04.422  5083  5083 D dalvikvm: GC_FOR_ALLOC freed 90K, 6% free 10617K/11271K, paused 19ms
07-08 18:36:04.496  5083  5083 D dalvikvm: GC_FOR_ALLOC freed 102K, 6% free 10630K/11271K, paused 20ms
07-08 18:36:04.636  5083  5083 D dalvikvm: GC_FOR_ALLOC freed 105K, 6% free 10597K/11271K, paused 20ms
07-08 18:36:06.957   143 11000 D dalvikvm: GC_EXPLICIT freed 1297K, 22% free 16590K/21127K, paused 5ms+9ms
07-08 18:36:06.961  5083  5083 D vclib:CallStateClient: stopListening
07-08 18:36:07.062  5083  5083 D vclib:CallStateClient: startListening
07-08 18:36:07.074  5083  5085 D dalvikvm: GC_CONCURRENT freed 354K, 6% free 10708K/11271K, paused 2ms+5ms
07-08 18:36:07.277 22025 22026 D dalvikvm: GC_CONCURRENT freed 440K, 7% free 10759K/11463K, paused 3ms+4ms
07-08 18:36:09.785  5083  5083 D vclib:CallStateClient: stopListening
07-08 18:36:09.859  5083  5085 D dalvikvm: GC_CONCURRENT freed 732K, 8% free 10535K/11335K, paused 2ms+5ms
07-08 18:36:09.890  5083  5083 D vclib:CallStateClient: startListening
07-08 18:36:10.015   143 24239 W InputManagerService: Window already focused, ignoring focus gain of: com.android.internal.view.IInputMethodClient$Stub$Proxy@41885dd0
07-08 18:36:10.187  5083  5083 D vclib:CallStateClient: stopListening
07-08 18:36:10.191  5083  5083 D vclib:CallStateClient: startListening
07-08 18:36:10.285  5083  5085 D dalvikvm: GC_CONCURRENT freed 399K, 7% free 10551K/11335K, paused 2ms+5ms
07-08 18:36:10.347  5083  5083 D dalvikvm: GC_FOR_ALLOC freed 131K, 7% free 10595K/11335K, paused 19ms
07-08 18:36:10.382  5083  5083 D dalvikvm: GC_FOR_ALLOC freed 77K, 7% free 10592K/11335K, paused 19ms
07-08 18:36:10.418  5083  5083 D dalvikvm: GC_FOR_ALLOC freed 54K, 7% free 10621K/11335K, paused 23ms
07-08 18:36:10.457  5083  5083 D dalvikvm: GC_FOR_ALLOC freed 64K, 7% free 10643K/11335K, paused 20ms
07-08 18:36:10.699   143 26971 W InputManagerService: Starting input on non-focused client com.android.internal.view.IInputMethodClient$Stub$Proxy@41a16a60 (uid=10045 pid=5083)
07-08 18:36:10.738   325   327 D dalvikvm: GC_CONCURRENT freed 385K, 16% free 10203K/12103K, paused 1ms+2ms
07-08 18:36:10.769  5083  5083 D OpenGLRenderer: Flushing caches (mode 0)
07-08 18:36:11.445   143   395 I ActivityManager: Process com.twitter.android (pid 3686) has died.
07-08 18:36:11.464 22025 22036 D dalvikvm: GC_EXPLICIT freed 232K, 7% free 10706K/11463K, paused 5ms+15ms
07-08 18:36:11.832   143   173 I power   : *** set_screen_state 0
07-08 18:36:11.890    78   121 D SurfaceFlinger: About to give-up screen, flinger = 0x1ddb918
07-08 18:36:11.949  5083  5083 D OpenGLRenderer: Flushing caches (mode 1)
07-08 18:36:12.011  5083  5083 D vclib:CallStateClient: stopListening
07-08 18:36:12.031   143   177 V TransportControlView: Create TCV com.android.internal.widget.TransportControlView@4134b8a0
07-08 18:36:12.109   221   221 D PhoneStatusBar: disable: < expand icons alerts ticker system_info back home RECENT* clock >
07-08 18:36:12.179   221   221 D PhoneStatusBar: disable: < expand icons alerts ticker system_info BACK* HOME* RECENT CLOCK* >
07-08 18:36:17.679   659   661 D dalvikvm: GC_CONCURRENT freed 450K, 8% free 10394K/11207K, paused 7ms+20ms
07-08 18:36:17.820   659   661 D dalvikvm: GC_CONCURRENT freed 216K, 6% free 10562K/11207K, paused 2ms+7ms
07-08 18:36:17.996   143 10999 W ActivityManager: finishReceiver called but no pending broadcasts
07-08 18:36:18.082  4566  4567 D dalvikvm: GC_CONCURRENT freed 376K, 5% free 10684K/11143K, paused 6ms+9ms
07-08 18:36:19.148   143   175 I ActivityManager: Start proc com.twitter.android for service com.twitter.android/.client.AppService: pid=5173 uid=10064 gids={3003, 1015}
07-08 18:36:19.172  5173  5173 I dalvikvm: Turning on JNI app bug workarounds for target SDK version 11...
07-08 18:36:19.304  5173  5173 I ActivityThread: Pub com.twitter.android.provider.GlobalDatabaseProvider: com.twitter.android.provider.GlobalDatabaseProvider
07-08 18:36:19.312  5173  5173 I ActivityThread: Pub com.twitter.android.provider.TwitterProvider: com.twitter.android.provider.TwitterProvider
07-08 18:36:19.441  5083  5083 D OpenGLRenderer: Flushing caches (mode 1)
07-08 18:36:19.539  5173  5174 D dalvikvm: GC_CONCURRENT freed 202K, 3% free 9269K/9543K, paused 9ms+3ms
07-08 18:36:19.777  5173  5174 D dalvikvm: GC_CONCURRENT freed 172K, 4% free 9497K/9799K, paused 2ms+2ms
07-08 18:36:19.925  5173  5174 D dalvikvm: GC_CONCURRENT freed 297K, 5% free 9625K/10055K, paused 2ms+3ms
07-08 18:36:20.058  5173  5174 D dalvikvm: GC_CONCURRENT freed 314K, 5% free 9763K/10183K, paused 2ms+2ms
07-08 18:36:20.191  5173  5174 D dalvikvm: GC_CONCURRENT freed 298K, 5% free 9894K/10311K, paused 2ms+2ms
07-08 18:36:20.312  5173  5174 D dalvikvm: GC_CONCURRENT freed 310K, 5% free 10019K/10439K, paused 2ms+2ms
07-08 18:36:20.437  5173  5174 D dalvikvm: GC_CONCURRENT freed 297K, 4% free 10150K/10567K, paused 2ms+1ms
07-08 18:36:20.558  5173  5174 D dalvikvm: GC_CONCURRENT freed 293K, 4% free 10275K/10695K, paused 2ms+1ms
07-08 18:36:20.746  5173  5174 D dalvikvm: GC_CONCURRENT freed 491K, 6% free 10221K/10823K, paused 2ms+2ms
07-08 18:36:20.863  5173  5174 D dalvikvm: GC_CONCURRENT freed 319K, 5% free 10297K/10823K, paused 2ms+2ms
07-08 18:36:21.004  5173  5174 D dalvikvm: GC_CONCURRENT freed 320K, 5% free 10383K/10823K, paused 1ms+2ms
07-08 18:36:21.148  5173  5174 D dalvikvm: GC_CONCURRENT freed 361K, 5% free 10470K/10951K, paused 1ms+2ms
07-08 18:36:21.285  5173  5174 D dalvikvm: GC_CONCURRENT freed 357K, 5% free 10554K/11015K, paused 1ms+2ms
07-08 18:36:21.410  5173  5174 D dalvikvm: GC_CONCURRENT freed 333K, 5% free 10635K/11079K, paused 2ms+3ms
07-08 18:36:21.554  5173  5174 D dalvikvm: GC_CONCURRENT freed 369K, 5% free 10723K/11207K, paused 2ms+2ms
07-08 18:36:21.691  5173  5174 D dalvikvm: GC_CONCURRENT freed 395K, 5% free 10817K/11335K, paused 2ms+2ms
07-08 18:36:23.343  5173  5174 D dalvikvm: GC_CONCURRENT freed 343K, 5% free 11001K/11463K, paused 2ms+2ms
07-08 18:36:25.492  5173  5174 D dalvikvm: GC_CONCURRENT freed 459K, 5% free 11146K/11719K, paused 3ms+3ms
07-08 18:37:17.488  4566  4567 D dalvikvm: GC_CONCURRENT freed 703K, 7% free 10552K/11335K, paused 1ms+3ms
07-08 18:37:17.511  5083  5083 D OpenGLRenderer: Flushing caches (mode 1)
07-08 18:37:17.566   659  4341 D dalvikvm: GC_EXPLICIT freed 427K, 9% free 10302K/11207K, paused 2ms+3ms
07-08 18:37:21.851  4974  4987 I PhoneLab-: Service Running
07-08 18:37:21.937  4974  4987 I PhoneLab-LoggerService: app_37    1296  1     1436   996   c00f181c 400107b4 S logcat
07-08 18:37:21.937  4974  4987 I PhoneLab-LoggerService: Logcat pid from database 1296
07-08 18:37:21.941  4974  4987 I PhoneLab-LoggerService: Logcat process found 1296
07-08 18:37:21.941  4974  4987 I PhoneLab-LoggerService: Checking Threshold
07-08 18:37:21.941  4974  4987 I PhoneLab-LoggerService: Starting to rename files
07-08 18:37:21.941  4974  4987 I PhoneLab-LoggerService: Files found .. 2
07-08 18:37:35.800   143   177 I power   : *** set_screen_state 1
07-08 18:37:35.902   143   177 I WindowManager: Lock screen displayed!
07-08 18:37:35.996    78   121 D SurfaceFlinger: Screen about to return, flinger = 0x1ddb918
07-08 18:37:36.797   221   221 D PhoneStatusBar: disable: < expand icons alerts ticker system_info BACK HOME recent* CLOCK >
07-08 18:37:36.824   143   155 W InputManagerService: Window already focused, ignoring focus gain of: com.android.internal.view.IInputMethodClient$Stub$Proxy@41807e38
07-08 18:37:36.828   221   221 D PhoneStatusBar: disable: < expand icons alerts ticker system_info back* home* recent clock* >
07-08 18:37:36.992  5083  5083 D OpenGLRenderer: Flushing caches (mode 1)
07-08 18:37:38.261   143   173 I power   : *** set_screen_state 0
07-08 18:37:38.312    78   121 D SurfaceFlinger: About to give-up screen, flinger = 0x1ddb918
07-08 18:37:38.320   143   177 V TransportControlView: Create TCV com.android.internal.widget.TransportControlView@4196dd30
07-08 18:37:38.453   143   145 D dalvikvm: GC_CONCURRENT freed 998K, 18% free 17487K/21127K, paused 9ms+10ms
07-08 18:37:38.457  5083  5083 D OpenGLRenderer: Flushing caches (mode 1)
07-08 18:37:38.496   221   221 D PhoneStatusBar: disable: < expand icons alerts ticker system_info back home RECENT* clock >
07-08 18:37:38.570   221   221 D PhoneStatusBar: disable: < expand icons alerts ticker system_info BACK* HOME* RECENT CLOCK* >
07-08 18:37:44.375   143 11000 W ActivityManager: finishReceiver called but no pending broadcasts
07-08 18:37:44.453  4566  4567 D dalvikvm: GC_CONCURRENT freed 389K, 6% free 10674K/11335K, paused 1ms+3ms
07-08 18:38:17.550  5083  5083 D OpenGLRenderer: Flushing caches (mode 1)
07-08 18:38:17.648   659   661 D dalvikvm: GC_CONCURRENT freed 429K, 8% free 10384K/11207K, paused 2ms+4ms
07-08 18:39:11.394  4974  4974 I PhoneLab-Locks: wake lock acquired
07-08 18:39:11.406  4974  5200 I PhoneLab-PeriodicCheckService: User info is synched
07-08 18:39:11.418  4974  5200 I PhoneLab-PeriodicCheckService: Logger Service is running
07-08 18:39:11.422  4974  4974 I PhoneLab-Locks: wake lock acquired
07-08 18:39:11.425  4974  4974 I PhoneLab-StatusMonitor: Status Monitoring is started
07-08 18:39:11.429  4974  5200 I PhoneLab-Locks: wake lock acquired
07-08 18:39:11.433  4974  5200 I PhoneLab-PeriodicCheckService: Rescheduling periodic checking...
07-08 18:39:11.433  4974  5200 I PhoneLab-Locks: wake lock released
07-08 18:39:11.445  4974  4974 E PhoneLab-PhoneLabManifest: java.io.FileNotFoundException: /data/data/edu.buffalo.cse.phonelab.phonelabservices/files/manifest.xml: open failed: ENOENT (No such file or directory)
07-08 18:39:11.488  4974  4974 I PhoneLab-Locks: wake lock released
07-08 18:39:11.492  4974  4974 I PhoneLab-UploadLogs: Transfering log files now
07-08 18:39:11.707  4974  4977 D dalvikvm: GC_CONCURRENT freed 449K, 6% free 9214K/9735K, paused 3ms+4ms
07-08 18:39:11.738  4974  4974 D dalvikvm: GC_FOR_ALLOC freed 116K, 7% free 9199K/9799K, paused 13ms
07-08 18:39:11.738  4974  4974 I dalvikvm-heap: Grow heap (frag case) to 9.170MB for 123476-byte allocation
07-08 18:39:11.757  4974  4974 D dalvikvm: GC_FOR_ALLOC freed 56K, 7% free 9263K/9927K, paused 12ms
07-08 18:39:11.757  4974  4974 I dalvikvm-heap: Grow heap (frag case) to 9.358MB for 254548-byte allocation
07-08 18:39:11.773  4974  4974 D dalvikvm: GC_FOR_ALLOC freed 120K, 8% free 9391K/10183K, paused 14ms
07-08 18:39:11.777  4974  4974 I dalvikvm-heap: Grow heap (frag case) to 9.733MB for 516692-byte allocation
07-08 18:39:11.808  4974  4977 D dalvikvm: GC_CONCURRENT freed 248K, 10% free 9647K/10695K, paused 3ms+3ms
07-08 18:39:11.812  4974  4974 I PhoneLab-UploadLogs: OnStartCommand
07-08 18:39:12.308  4974  5202 D dalvikvm: GC_FOR_ALLOC freed 383K, 10% free 9631K/10695K, paused 34ms
07-08 18:39:12.324  4974  5202 D dalvikvm: GC_FOR_ALLOC freed 301K, 10% free 9631K/10695K, paused 12ms
07-08 18:39:12.343  4974  5202 D dalvikvm: GC_FOR_ALLOC freed 301K, 10% free 9638K/10695K, paused 12ms
07-08 18:39:15.160  4974  4974 I PhoneLab-: 1341786802011.log is deleted
07-08 18:39:15.160  4974  4974 I PhoneLab-: Response: {"data": "done", "err": ""}
07-08 18:39:15.160  4974  4974 I PhoneLab-UploadLogs: No log files to transfer
07-08 18:39:15.160  4974  4974 I PhoneLab-Locks: wake lock released
07-08 18:39:16.382   143  2263 D dalvikvm: GC_EXPLICIT freed 396K, 18% free 17391K/21127K, paused 29ms+6ms
07-08 18:39:17.703  4566  4567 D dalvikvm: GC_CONCURRENT freed 665K, 7% free 10559K/11335K, paused 2ms+4ms
07-08 18:39:17.730  5083  5083 D OpenGLRenderer: Flushing caches (mode 1)
07-08 18:39:17.843   659   661 D dalvikvm: GC_CONCURRENT freed 502K, 8% free 10377K/11207K, paused 2ms+3ms
07-08 18:39:21.816  4974  4987 I PhoneLab-: Service Running
07-08 18:39:21.894  4974  4987 I PhoneLab-LoggerService: app_37    1296  1     1436   996   c00f181c 400107b4 S logcat
07-08 18:39:21.894  4974  4987 I PhoneLab-LoggerService: Logcat pid from database 1296
07-08 18:39:21.898  4974  4987 I PhoneLab-LoggerService: Logcat process found 1296
07-08 18:39:21.898  4974  4987 I PhoneLab-LoggerService: Checking Threshold
07-08 18:40:17.797  5083  5083 D OpenGLRenderer: Flushing caches (mode 1)
07-08 18:40:44.683  4566  4567 D dalvikvm: GC_CONCURRENT freed 389K, 7% free 10553K/11335K, paused 11ms+2ms
07-08 18:40:48.226   143  1922 W ActivityManager: finishReceiver called but no pending broadcasts
07-08 18:40:48.312  4566  4567 D dalvikvm: GC_CONCURRENT freed 381K, 6% free 10684K/11335K, paused 2ms+2ms
07-08 18:41:17.804  5083  5083 D OpenGLRenderer: Flushing caches (mode 1)
07-08 18:41:17.902   659   661 D dalvikvm: GC_CONCURRENT freed 517K, 8% free 10370K/11207K, paused 1ms+2ms
07-08 18:41:21.820  4974  4987 I PhoneLab-: Service Running
07-08 18:41:21.906  4974  4977 D dalvikvm: GC_CONCURRENT freed 888K, 15% free 9155K/10695K, paused 2ms+6ms
07-08 18:41:21.922  4974  4987 I PhoneLab-LoggerService: app_37    1296  1     1436   996   c00f181c 400107b4 S logcat
07-08 18:41:21.922  4974  4987 I PhoneLab-LoggerService: Logcat pid from database 1296
07-08 18:41:21.922  4974  4987 I PhoneLab-LoggerService: Logcat process found 1296
07-08 18:41:21.922  4974  4987 I PhoneLab-LoggerService: Checking Threshold
07-08 18:41:25.644  5083  5083 D OpenGLRenderer: Flushing caches (mode 1)
07-08 18:41:25.757  5083  5083 D OpenGLRenderer: Flushing caches (mode 1)
07-08 18:41:36.211 27377 27379 D dalvikvm: GC_CONCURRENT freed 831K, 16% free 11895K/14023K, paused 14ms+8ms
07-08 18:42:17.867  4566  4567 D dalvikvm: GC_CONCURRENT freed 675K, 7% free 10562K/11335K, paused 2ms+3ms
07-08 18:42:17.890  5083  5083 D OpenGLRenderer: Flushing caches (mode 1)
07-08 18:42:17.992   659   661 D dalvikvm: GC_CONCURRENT freed 488K, 8% free 10394K/11207K, paused 2ms+2ms
07-08 18:42:46.023   143   177 I power   : *** set_screen_state 1
07-08 18:42:46.156   143   177 I WindowManager: Lock screen displayed!
07-08 18:42:46.222    78   121 D SurfaceFlinger: Screen about to return, flinger = 0x1ddb918
07-08 18:42:46.918   221   221 D PhoneStatusBar: disable: < expand icons alerts ticker system_info BACK HOME recent* CLOCK >
07-08 18:42:46.945   143 26971 W InputManagerService: Window already focused, ignoring focus gain of: com.android.internal.view.IInputMethodClient$Stub$Proxy@415fb8d0
07-08 18:42:46.953   221   221 D PhoneStatusBar: disable: < expand icons alerts ticker system_info back* home* recent clock* >
07-08 18:42:47.089  5083  5083 D OpenGLRenderer: Flushing caches (mode 1)
07-08 18:43:16.664   344   350 D dalvikvm: GC_CONCURRENT freed 372K, 6% free 9519K/10119K, paused 2ms+2ms
07-08 18:43:17.941  5083  5083 D OpenGLRenderer: Flushing caches (mode 1)
07-08 18:43:21.820  4974  4987 I PhoneLab-: Service Running
07-08 18:43:21.941  4974  4987 I PhoneLab-LoggerService: app_37    1296  1     1436   996   c00f181c 400107b4 S logcat
07-08 18:43:21.941  4974  4987 I PhoneLab-LoggerService: Logcat pid from database 1296
07-08 18:43:21.941  4974  4987 I PhoneLab-LoggerService: Logcat process found 1296
07-08 18:43:21.941  4974  4987 I PhoneLab-LoggerService: Checking Threshold
07-08 18:44:17.050  5083  5083 D OpenGLRenderer: Flushing caches (mode 1)
07-08 18:44:18.019  4566  4567 D dalvikvm: GC_CONCURRENT freed 516K, 7% free 10559K/11335K, paused 2ms+2ms
07-08 18:44:18.136   659   661 D dalvikvm: GC_CONCURRENT freed 535K, 8% free 10369K/11207K, paused 2ms+3ms
07-08 18:45:18.019  5083  5083 D OpenGLRenderer: Flushing caches (mode 1)
07-08 18:45:18.129   659   661 D dalvikvm: GC_CONCURRENT freed 488K, 8% free 10381K/11207K, paused 2ms+3ms
07-08 18:45:21.816  4974  4987 I PhoneLab-: Service Running
07-08 18:45:21.886  4974  4987 I PhoneLab-LoggerService: app_37    1296  1     1436   996   c00f181c 400107b4 S logcat
07-08 18:45:21.886  4974  4987 I PhoneLab-LoggerService: Logcat pid from database 1296
07-08 18:45:21.886  4974  4987 I PhoneLab-LoggerService: Logcat process found 1296
07-08 18:45:21.886  4974  4987 I PhoneLab-LoggerService: Checking Threshold
07-08 18:46:11.086   143   169 I ActivityManager: Start proc com.google.android.apps.currents for service com.google.android.apps.currents/com.google.apps.dots.android.app.service.SyncService: pid=5246 uid=10078 gids={3003, 1015}
07-08 18:46:11.437  5246  5246 I ActivityThread: Pub com.google.apps.dots.android.app.provider.SuggestionProvider: com.google.apps.dots.android.app.provider.SuggestionProvider
07-08 18:46:11.449  5246  5246 I ActivityThread: Pub com.google.android.apps.currents.exported: com.google.apps.dots.android.app.provider.ExportedContentProvider
07-08 18:46:11.586  5246  5249 D dalvikvm: GC_CONCURRENT freed 163K, 3% free 9373K/9607K, paused 4ms+3ms
07-08 18:46:11.648  5246  5249 D dalvikvm: GC_CONCURRENT freed 323K, 5% free 9522K/9991K, paused 1ms+2ms
07-08 18:46:11.765  5246  5249 D dalvikvm: GC_CONCURRENT freed 166K, 3% free 9839K/10119K, paused 3ms+2ms
07-08 18:46:11.945  5246  5249 D dalvikvm: GC_CONCURRENT freed 239K, 4% free 10073K/10439K, paused 1ms+2ms
07-08 18:46:11.996  5246  5246 I DotsContentUris: content://com.google.android.apps.currents
07-08 18:46:12.015  5246  5246 I ActivityThread: Pub com.google.android.apps.currents: com.google.apps.dots.android.app.provider.DotsContentProvider
07-08 18:46:12.031  5246  5246 I DotsApplication: Starting up...
07-08 18:46:12.339  5246  5249 D dalvikvm: GC_CONCURRENT freed 421K, 6% free 10154K/10695K, paused 4ms+3ms
07-08 18:46:12.586  5246  5249 D dalvikvm: GC_CONCURRENT freed 292K, 5% free 10324K/10759K, paused 4ms+3ms
07-08 18:46:12.632  5246  5265 I SyncService: Starting sync (18:46:12)
07-08 18:46:15.300  5246  5249 D dalvikvm: GC_CONCURRENT freed 285K, 4% free 10471K/10887K, paused 2ms+3ms
07-08 18:46:15.609  5246  5249 D dalvikvm: GC_CONCURRENT freed 219K, 4% free 10662K/11015K, paused 6ms+3ms
07-08 18:46:15.718  5246  5249 D dalvikvm: GC_CONCURRENT freed 430K, 6% free 10709K/11335K, paused 2ms+4ms
07-08 18:46:15.906  5246  5249 D dalvikvm: GC_CONCURRENT freed 505K, 6% free 10695K/11335K, paused 2ms+2ms
07-08 18:46:16.629   143   308 D SyncManager: setSyncAutomatically: , provider com.google.android.apps.currents -> true
07-08 18:46:16.629   143   308 D SyncManager: setSyncAutomatically: already set to true, doing nothing
07-08 18:46:16.929  5246  5249 D dalvikvm: GC_CONCURRENT freed 332K, 5% free 10796K/11335K, paused 3ms+3ms
07-08 18:46:17.097   143  1922 D dalvikvm: GC_EXPLICIT freed 1338K, 18% free 17350K/21127K, paused 3ms+9ms
07-08 18:46:17.218  5246  5249 D dalvikvm: GC_CONCURRENT freed 220K, 4% free 11047K/11463K, paused 2ms+4ms
07-08 18:46:17.445  5246  5249 D dalvikvm: GC_CONCURRENT freed 275K, 4% free 11373K/11783K, paused 18ms+8ms
07-08 18:46:17.781  5246  5249 D dalvikvm: GC_CONCURRENT freed 793K, 8% free 11241K/12167K, paused 2ms+4ms
07-08 18:46:18.062  4566  4567 D dalvikvm: GC_CONCURRENT freed 509K, 7% free 10562K/11335K, paused 2ms+2ms
07-08 18:46:18.414  5246  5249 D dalvikvm: GC_CONCURRENT freed 582K, 8% free 11287K/12167K, paused 14ms+3ms
07-08 18:46:18.871  5246  5249 D dalvikvm: GC_CONCURRENT freed 593K, 7% free 11320K/12167K, paused 2ms+3ms
07-08 18:46:19.320   143  2263 I ActivityManager: Process com.google.android.apps.plus (pid 4639) has died.
07-08 18:46:19.808   143 24239 I ActivityManager: Process com.google.android.apps.maps:NetworkLocationService (pid 4566) has died.
07-08 18:46:19.808   143 24239 W ActivityManager: Scheduling restart of crashed service com.google.android.apps.maps/com.google.android.location.internal.server.NetworkLocationService in 5000ms
07-08 18:46:19.996  5246  5249 D dalvikvm: GC_CONCURRENT freed 649K, 7% free 11347K/12167K, paused 2ms+3ms
07-08 18:46:20.187  5246  5249 D dalvikvm: GC_CONCURRENT freed 681K, 7% free 11353K/12167K, paused 2ms+2ms
07-08 18:46:20.531  5246  5249 D dalvikvm: GC_CONCURRENT freed 659K, 7% free 11373K/12167K, paused 3ms+3ms
07-08 18:46:21.332  5246  5249 D dalvikvm: GC_CONCURRENT freed 705K, 7% free 11328K/12167K, paused 2ms+3ms
07-08 18:46:21.527  5246  5249 D dalvikvm: GC_CONCURRENT freed 667K, 7% free 11366K/12167K, paused 2ms+4ms
07-08 18:46:21.714  5246  5249 D dalvikvm: GC_CONCURRENT freed 638K, 7% free 11395K/12167K, paused 2ms+2ms
07-08 18:46:22.664  5246  5249 D dalvikvm: GC_CONCURRENT freed 768K, 8% free 11330K/12231K, paused 4ms+3ms
07-08 18:46:22.898  5246  5249 D dalvikvm: GC_CONCURRENT freed 625K, 8% free 11347K/12231K, paused 3ms+4ms
07-08 18:46:23.437  5246  5249 D dalvikvm: GC_CONCURRENT freed 639K, 8% free 11364K/12231K, paused 2ms+3ms
07-08 18:46:24.086  5246  5249 D dalvikvm: GC_CONCURRENT freed 659K, 8% free 11360K/12231K, paused 2ms+3ms
07-08 18:46:25.023   143   160 I ActivityManager: Start proc com.google.android.apps.maps:NetworkLocationService for service com.google.android.apps.maps/com.google.android.location.internal.server.NetworkLocationService: pid=5275 uid=10056 gids={3003, 1015}
07-08 18:46:25.191  5083  5083 D OpenGLRenderer: Flushing caches (mode 2)
07-08 18:46:25.238  5275  5276 D dalvikvm: GC_CONCURRENT freed 161K, 3% free 9375K/9607K, paused 12ms+2ms
07-08 18:46:25.871   143   308 D dalvikvm: GC_EXPLICIT freed 1182K, 22% free 16508K/21127K, paused 3ms+7ms
07-08 18:46:26.043  5275  5276 D dalvikvm: GC_CONCURRENT freed 186K, 3% free 9708K/9991K, paused 1ms+10ms
07-08 18:46:26.078  5246  5249 D dalvikvm: GC_CONCURRENT freed 637K, 7% free 11383K/12231K, paused 2ms+3ms
07-08 18:46:26.246 22025 22026 D dalvikvm: GC_CONCURRENT freed 366K, 7% free 10774K/11463K, paused 2ms+17ms
07-08 18:46:26.343  5275  5276 D dalvikvm: GC_CONCURRENT freed 153K, 3% free 10083K/10311K, paused 2ms+4ms
07-08 18:46:26.543  5275  5276 D dalvikvm: GC_CONCURRENT freed 654K, 8% free 9886K/10631K, paused 2ms+2ms
07-08 18:46:26.632   143   160 I ActivityManager: Start proc com.google.android.apps.maps:FriendService for broadcast com.google.android.apps.maps/com.google.googlenav.friend.android.ServiceReceiver: pid=5296 uid=10056 gids={3003, 1015}
07-08 18:46:26.761  5296  5299 D dalvikvm: GC_CONCURRENT freed 163K, 3% free 9372K/9607K, paused 3ms+2ms
07-08 18:46:26.910  5296  5299 D dalvikvm: GC_CONCURRENT freed 197K, 4% free 9674K/9991K, paused 4ms+2ms
07-08 18:46:27.074   659   661 D dalvikvm: GC_CONCURRENT freed 521K, 8% free 10328K/11207K, paused 2ms+15ms
07-08 18:46:27.175  5275  5279 I dalvikvm: Total arena pages for JIT: 11
07-08 18:46:27.175  5275  5279 I dalvikvm: Total arena pages for JIT: 12
07-08 18:46:27.175  5275  5279 I dalvikvm: Total arena pages for JIT: 13
07-08 18:46:27.175  5275  5279 I dalvikvm: Total arena pages for JIT: 14
07-08 18:46:27.191  5275  5279 I dalvikvm: Total arena pages for JIT: 15
07-08 18:46:27.195  5275  5279 I dalvikvm: Total arena pages for JIT: 16
07-08 18:46:27.195  5275  5279 I dalvikvm: Total arena pages for JIT: 17
07-08 18:46:27.269  5275  5279 I dalvikvm: Total arena pages for JIT: 18
07-08 18:46:27.355  5275  5276 D dalvikvm: GC_CONCURRENT freed 216K, 5% free 10181K/10631K, paused 2ms+3ms
07-08 18:46:27.875  5275  5276 D dalvikvm: GC_CONCURRENT freed 366K, 5% free 10382K/10823K, paused 2ms+3ms
07-08 18:46:29.007  5275  5276 D dalvikvm: GC_CONCURRENT freed 595K, 7% free 10341K/11015K, paused 2ms+2ms
07-08 18:46:29.172  5246  5249 D dalvikvm: GC_CONCURRENT freed 713K, 7% free 11392K/12231K, paused 1ms+3ms
07-08 18:46:29.332  5246  5249 D dalvikvm: GC_CONCURRENT freed 716K, 7% free 11382K/12231K, paused 2ms+7ms
07-08 18:46:30.632  5246  5249 D dalvikvm: GC_CONCURRENT freed 748K, 8% free 11349K/12231K, paused 2ms+2ms
07-08 18:46:30.812  5246  5249 D dalvikvm: GC_CONCURRENT freed 595K, 7% free 11401K/12231K, paused 2ms+2ms
07-08 18:46:30.996  5246  5249 D dalvikvm: GC_CONCURRENT freed 668K, 7% free 11437K/12231K, paused 2ms+3ms
07-08 18:46:32.113  5246  5249 D dalvikvm: GC_CONCURRENT freed 790K, 8% free 11370K/12295K, paused 2ms+2ms
07-08 18:46:32.297  5246  5249 D dalvikvm: GC_CONCURRENT freed 617K, 8% free 11411K/12295K, paused 2ms+3ms
07-08 18:46:33.183  5246  5249 D dalvikvm: GC_CONCURRENT freed 666K, 8% free 11416K/12295K, paused 2ms+3ms
07-08 18:46:33.632  5246  5249 D dalvikvm: GC_CONCURRENT freed 671K, 8% free 11416K/12295K, paused 2ms+9ms
07-08 18:46:34.207  5246  5249 D dalvikvm: GC_CONCURRENT freed 663K, 8% free 11430K/12295K, paused 2ms+2ms
07-08 18:46:34.382  5246  5249 D dalvikvm: GC_CONCURRENT freed 704K, 7% free 11468K/12295K, paused 2ms+4ms
07-08 18:46:37.761  5246  5249 D dalvikvm: GC_CONCURRENT freed 775K, 8% free 11390K/12295K, paused 2ms+3ms
07-08 18:46:38.121  5246  5249 D dalvikvm: GC_CONCURRENT freed 624K, 7% free 11447K/12295K, paused 2ms+3ms
07-08 18:46:39.121  5246  5249 D dalvikvm: GC_CONCURRENT freed 690K, 7% free 11470K/12295K, paused 2ms+2ms
07-08 18:46:39.289  5246  5249 D dalvikvm: GC_CONCURRENT freed 671K, 7% free 11496K/12295K, paused 2ms+3ms
07-08 18:46:39.461  5246  5249 D dalvikvm: GC_CONCURRENT freed 695K, 7% free 11532K/12359K, paused 2ms+3ms
07-08 18:46:39.789  5246  5269 D dalvikvm: GC_EXPLICIT freed 365K, 7% free 11617K/12359K, paused 2ms+3ms
07-08 18:46:39.894   143  1922 D dalvikvm: GC_EXPLICIT freed 452K, 22% free 16522K/21127K, paused 3ms+7ms
07-08 18:46:41.504  5246  5249 D dalvikvm: GC_CONCURRENT freed 968K, 9% free 11450K/12551K, paused 2ms+3ms
07-08 18:46:41.656  5246  5249 D dalvikvm: GC_CONCURRENT freed 662K, 9% free 11487K/12551K, paused 2ms+3ms
07-08 18:46:41.808  5246  5249 D dalvikvm: GC_CONCURRENT freed 670K, 9% free 11511K/12551K, paused 2ms+3ms
07-08 18:46:42.050  5246  5249 D dalvikvm: GC_CONCURRENT freed 637K, 8% free 11577K/12551K, paused 3ms+3ms
07-08 18:46:43.433  5246  5249 D dalvikvm: GC_CONCURRENT freed 824K, 9% free 11482K/12551K, paused 2ms+3ms
07-08 18:46:43.500  5246  5269 D dalvikvm: GC_FOR_ALLOC freed 208K, 9% free 11477K/12551K, paused 28ms
07-08 18:46:43.500  5246  5269 I dalvikvm-heap: Grow heap (frag case) to 11.322MB for 45476-byte allocation
07-08 18:46:43.527  5246  5269 D dalvikvm: GC_FOR_ALLOC freed 23K, 9% free 11498K/12615K, paused 27ms
07-08 18:46:43.558  5246  5269 D dalvikvm: GC_FOR_ALLOC freed <1K, 9% free 11498K/12615K, paused 26ms
07-08 18:46:43.558  5246  5269 I dalvikvm-heap: Grow heap (frag case) to 11.388MB for 93548-byte allocation
07-08 18:46:43.586  5246  5269 D dalvikvm: GC_FOR_ALLOC freed 44K, 10% free 11545K/12743K, paused 27ms
07-08 18:46:43.621  5246  5269 D dalvikvm: GC_FOR_ALLOC freed 96K, 10% free 11537K/12743K, paused 26ms
07-08 18:46:44.343  5246  5249 D dalvikvm: GC_CONCURRENT freed 796K, 11% free 11455K/12743K, paused 7ms+2ms
07-08 18:46:44.507  5246  5249 D dalvikvm: GC_CONCURRENT freed 623K, 10% free 11517K/12743K, paused 2ms+2ms
07-08 18:46:44.730  5246  5249 D dalvikvm: GC_CONCURRENT freed 681K, 10% free 11542K/12743K, paused 2ms+3ms
07-08 18:46:45.941  5246  5249 D dalvikvm: GC_CONCURRENT freed 787K, 11% free 11468K/12743K, paused 2ms+5ms
07-08 18:46:46.191  5246  5249 D dalvikvm: GC_CONCURRENT freed 701K, 11% free 11456K/12743K, paused 2ms+5ms
07-08 18:46:46.418  5246  5249 D dalvikvm: GC_CONCURRENT freed 606K, 10% free 11536K/12743K, paused 2ms+2ms
07-08 18:46:46.527  5246  5249 D dalvikvm: GC_CONCURRENT freed 566K, 9% free 11688K/12743K, paused 2ms+3ms
07-08 18:46:46.672  5246  5249 D dalvikvm: GC_CONCURRENT freed 614K, 8% free 11838K/12743K, paused 2ms+2ms
07-08 18:46:46.824  5246  5249 D dalvikvm: GC_CONCURRENT freed 1320K, 12% free 11356K/12807K, paused 2ms+2ms
07-08 18:46:46.945  5246  5249 D dalvikvm: GC_CONCURRENT freed 608K, 11% free 11410K/12807K, paused 3ms+2ms
07-08 18:46:48.793  5246  5265 I SyncService: sync service finished (18:46:48)
07-08 18:46:50.410  5173  5174 D dalvikvm: GC_CONCURRENT freed 520K, 6% free 11291K/11911K, paused 14ms+5ms
07-08 18:47:21.859  4974  4987 I PhoneLab-: Service Running
07-08 18:47:21.964  4974  4987 I PhoneLab-LoggerService: app_37    1296  1     1436   996   c00f181c 400107b4 S logcat
07-08 18:47:21.964  4974  4987 I PhoneLab-LoggerService: Logcat pid from database 1296
07-08 18:47:21.964  4974  4987 I PhoneLab-LoggerService: Logcat process found 1296
07-08 18:47:21.964  4974  4987 I PhoneLab-LoggerService: Checking Threshold
07-08 18:47:29.597   659   661 D dalvikvm: GC_CONCURRENT freed 470K, 8% free 10369K/11207K, paused 1ms+3ms
07-08 18:48:00.105   221   223 D dalvikvm: GC_CONCURRENT freed 486K, 32% free 9697K/14215K, paused 1ms+3ms
07-08 18:48:24.433  4722  4733 D dalvikvm: GC_EXPLICIT freed 361K, 8% free 9921K/10695K, paused 4ms+11ms
07-08 18:48:29.570  5275  5276 D dalvikvm: GC_CONCURRENT freed 488K, 6% free 10365K/11015K, paused 2ms+2ms
07-08 18:48:29.714   659   661 D dalvikvm: GC_CONCURRENT freed 497K, 8% free 10382K/11207K, paused 2ms+3ms
07-08 18:49:21.820  4974  4987 I PhoneLab-: Service Running
07-08 18:49:22.007  4974  4987 I PhoneLab-LoggerService: app_37    1296  1     1436   996   c00f181c 400107b4 S logcat
07-08 18:49:22.007  4974  4987 I PhoneLab-LoggerService: Logcat pid from database 1296
07-08 18:49:22.007  4974  4987 I PhoneLab-LoggerService: Logcat process found 1296
07-08 18:49:22.007  4974  4987 I PhoneLab-LoggerService: Checking Threshold
07-08 18:49:29.812   659   661 D dalvikvm: GC_CONCURRENT freed 392K, 8% free 10396K/11207K, paused 10ms+2ms
07-08 18:49:30.312   659   661 D dalvikvm: GC_CONCURRENT freed 242K, 6% free 10594K/11207K, paused 7ms+5ms
07-08 18:49:49.480  4741  4742 D dalvikvm: GC_CONCURRENT freed 411K, 7% free 9749K/10375K, paused 2ms+4ms
07-08 18:49:50.984   143   143 D dalvikvm: GC_EXPLICIT freed 982K, 22% free 16552K/21127K, paused 6ms+9ms
07-08 18:50:29.656  5275  5276 D dalvikvm: GC_CONCURRENT freed 511K, 6% free 10365K/11015K, paused 2ms+3ms
07-08 18:50:29.808   659   661 D dalvikvm: GC_CONCURRENT freed 711K, 8% free 10402K/11207K, paused 3ms+3ms
07-08 18:51:14.781   143 11000 I ActivityManager: START {act=android.intent.action.MAIN cat=[android.intent.category.LAUNCHER] flg=0x10200000 cmp=com.google.android.talk/.SigningInActivity bnds=[96,706][192,802]} from pid 24357
07-08 18:51:15.007  5083  5083 D vclib:CallStateClient: startListening
07-08 18:51:15.031  5083  5331 E talk    : [Databaseutils] pruneOldMessageHistory
07-08 18:51:15.058 24357 24357 D OpenGLRenderer: Flushing caches (mode 1)
07-08 18:51:15.152  5083  5083 D dalvikvm: GC_EXPLICIT freed 195K, 5% free 10795K/11335K, paused 5ms+4ms
07-08 18:51:15.211 24357 24357 D OpenGLRenderer: Flushing caches (mode 0)
07-08 18:51:15.437   143   159 I Process : Sending signal. PID: 5083 SIG: 3
07-08 18:51:15.488  5083  5087 I dalvikvm: threadid=3: reacting to signal 3
07-08 18:51:15.562  5083  5087 I dalvikvm: Wrote stack traces to '/data/anr/traces.txt'
07-08 18:51:15.586   143   176 I ActivityManager: Displayed com.google.android.talk/.SigningInActivity: +749ms
07-08 18:51:15.789  5083  5083 D vclib:CallStateClient: stopListening
07-08 18:51:15.793  5083  5083 D vclib:CallStateClient: startListening
07-08 18:51:16.168  5083  5085 D dalvikvm: GC_CONCURRENT freed 226K, 3% free 11063K/11399K, paused 4ms+6ms
07-08 18:51:17.375   143   173 I power   : *** set_screen_state 0
07-08 18:51:17.441    78   121 D SurfaceFlinger: About to give-up screen, flinger = 0x1ddb918
07-08 18:51:17.472  5083  5083 D vclib:CallStateClient: stopListening
07-08 18:51:17.582   143   177 V TransportControlView: Create TCV com.android.internal.widget.TransportControlView@413621f8
07-08 18:51:17.636   221   221 D PhoneStatusBar: disable: < expand icons alerts ticker system_info back home RECENT* clock >
07-08 18:51:17.695   221   221 D PhoneStatusBar: disable: < expand icons alerts ticker system_info BACK* HOME* RECENT CLOCK* >
07-08 18:51:21.820  4974  4987 I PhoneLab-: Service Running
07-08 18:51:21.918  4974  4987 I PhoneLab-LoggerService: app_37    1296  1     1436   996   c00f181c 400107b4 S logcat
07-08 18:51:21.922  4974  4987 I PhoneLab-LoggerService: Logcat pid from database 1296
07-08 18:51:21.922  4974  4987 I PhoneLab-LoggerService: Logcat process found 1296
07-08 18:51:21.922  4974  4987 I PhoneLab-LoggerService: Checking Threshold
07-08 18:51:23.394   143   308 W ActivityManager: finishReceiver called but no pending broadcasts
07-08 18:51:23.507  5275  5276 D dalvikvm: GC_CONCURRENT freed 391K, 5% free 10486K/11015K, paused 4ms+3ms
07-08 18:51:29.773  5275  5276 D dalvikvm: GC_CONCURRENT freed 575K, 7% free 10399K/11079K, paused 2ms+5ms
07-08 18:51:32.277   143   311 W ActivityManager: finishReceiver called but no pending broadcasts
07-08 18:51:32.371  5275  5276 D dalvikvm: GC_CONCURRENT freed 418K, 6% free 10492K/11079K, paused 1ms+3ms
07-08 18:51:41.113   143   395 W ActivityManager: finishReceiver called but no pending broadcasts
07-08 18:51:41.199  5275  5276 D dalvikvm: GC_CONCURRENT freed 491K, 6% free 10508K/11079K, paused 2ms+3ms
07-08 18:51:49.929   143   395 W ActivityManager: finishReceiver called but no pending broadcasts
07-08 18:51:50.011  5275  5276 D dalvikvm: GC_CONCURRENT freed 555K, 6% free 10507K/11143K, paused 2ms+3ms
07-08 18:51:58.734   143  2263 W ActivityManager: finishReceiver called but no pending broadcasts
07-08 18:51:58.824  5275  5276 D dalvikvm: GC_CONCURRENT freed 515K, 6% free 10503K/11143K, paused 2ms+3ms
07-08 18:52:29.804   659   661 D dalvikvm: GC_CONCURRENT freed 541K, 8% free 10369K/11207K, paused 2ms+3ms
07-08 18:52:29.910   143   145 D dalvikvm: GC_CONCURRENT freed 861K, 18% free 17450K/21127K, paused 2ms+9ms
07-08 18:53:21.816  4974  4987 I PhoneLab-: Service Running
07-08 18:53:21.929  4974  4987 I PhoneLab-LoggerService: app_37    1296  1     1436   996   c00f181c 400107b4 S logcat
07-08 18:53:21.929  4974  4987 I PhoneLab-LoggerService: Logcat pid from database 1296
07-08 18:53:21.929  4974  4987 I PhoneLab-LoggerService: Logcat process found 1296
07-08 18:53:21.929  4974  4987 I PhoneLab-LoggerService: Checking Threshold
07-08 18:53:29.804  5275  5276 D dalvikvm: GC_CONCURRENT freed 624K, 7% free 10390K/11143K, paused 2ms+3ms
07-08 18:53:29.957   659   661 D dalvikvm: GC_CONCURRENT freed 488K, 8% free 10370K/11207K, paused 2ms+2ms
07-08 18:54:59.820  5275  5276 D dalvikvm: GC_CONCURRENT freed 376K, 7% free 10398K/11143K, paused 28ms+2ms
07-08 18:55:02.582   143   387 W ActivityManager: finishReceiver called but no pending broadcasts
07-08 18:55:02.668  5275  5276 D dalvikvm: GC_CONCURRENT freed 411K, 6% free 10499K/11143K, paused 1ms+2ms
07-08 18:55:21.816  4974  4987 I PhoneLab-: Service Running
07-08 18:55:21.890  4974  4987 I PhoneLab-LoggerService: app_37    1296  1     1436   996   c00f181c 400107b4 S logcat
07-08 18:55:21.894  4974  4987 I PhoneLab-LoggerService: Logcat pid from database 1296
07-08 18:55:21.894  4974  4987 I PhoneLab-LoggerService: Logcat process found 1296
07-08 18:55:21.906  4974  4987 I PhoneLab-LoggerService: Checking Threshold
07-08 18:55:21.929  4974  4977 D dalvikvm: GC_CONCURRENT freed 429K, 15% free 9111K/10695K, paused 13ms+2ms
07-08 18:55:29.968   143  1922 D dalvikvm: GC_EXPLICIT freed 319K, 18% free 17399K/21127K, paused 2ms+6ms
07-08 18:55:30.074   659   661 D dalvikvm: GC_CONCURRENT freed 500K, 8% free 10378K/11207K, paused 2ms+12ms
07-08 18:55:30.175   659   661 D dalvikvm: GC_CONCURRENT freed 286K, 7% free 10509K/11207K, paused 2ms+3ms
07-08 18:55:32.125   659   661 D dalvikvm: GC_CONCURRENT freed 316K, 6% free 10619K/11207K, paused 2ms+2ms
07-08 18:56:29.949  5275  5276 D dalvikvm: GC_CONCURRENT freed 614K, 7% free 10396K/11143K, paused 1ms+2ms
07-08 18:56:55.172  5173  5174 D dalvikvm: GC_CONCURRENT freed 646K, 7% free 11333K/12103K, paused 7ms+3ms
07-08 18:57:21.816  4974  4987 I PhoneLab-: Service Running
07-08 18:57:21.941  4974  4987 I PhoneLab-LoggerService: app_37    1296  1     1436   996   c00f181c 400107b4 S logcat
07-08 18:57:21.941  4974  4987 I PhoneLab-LoggerService: Logcat pid from database 1296
07-08 18:57:21.941  4974  4987 I PhoneLab-LoggerService: Logcat process found 1296
07-08 18:57:21.941  4974  4987 I PhoneLab-LoggerService: Checking Threshold
07-08 18:57:22.906 27377 27379 D dalvikvm: GC_CONCURRENT freed 830K, 16% free 11896K/14023K, paused 18ms+8ms
07-08 18:57:30.058   659   661 D dalvikvm: GC_CONCURRENT freed 837K, 9% free 10357K/11271K, paused 1ms+3ms
07-08 18:58:06.390   143 10999 W ActivityManager: finishReceiver called but no pending broadcasts
07-08 18:58:06.461  5275  5276 D dalvikvm: GC_CONCURRENT freed 392K, 6% free 10515K/11143K, paused 2ms+8ms
07-08 18:58:30.031  5275  5276 D dalvikvm: GC_CONCURRENT freed 578K, 6% free 10494K/11143K, paused 1ms+4ms
07-08 18:58:30.172   659   661 D dalvikvm: GC_CONCURRENT freed 431K, 9% free 10345K/11271K, paused 5ms+3ms
07-08 18:58:30.277   659   661 D dalvikvm: GC_CONCURRENT freed 169K, 7% free 10585K/11271K, paused 2ms+3ms
07-08 18:59:13.031 22025 25183 I EventLogService: Aggregate from 1341786552913 (log), 1341786552913 (data)
07-08 18:59:13.058 22025 22026 D dalvikvm: GC_CONCURRENT freed 460K, 7% free 10774K/11463K, paused 2ms+10ms
07-08 18:59:21.824  4974  4987 I PhoneLab-: Service Running
07-08 18:59:21.922  4974  4987 I PhoneLab-LoggerService: app_37    1296  1     1436   996   c00f181c 400107b4 S logcat
07-08 18:59:21.922  4974  4987 I PhoneLab-LoggerService: Logcat pid from database 1296
07-08 18:59:21.922  4974  4987 I PhoneLab-LoggerService: Logcat process found 1296
07-08 18:59:21.922  4974  4987 I PhoneLab-LoggerService: Checking Threshold
07-08 18:59:30.214   659   661 D dalvikvm: GC_CONCURRENT freed 653K, 9% free 10359K/11271K, paused 1ms+2ms
07-08 19:00:30.152  5275  5276 D dalvikvm: GC_CONCURRENT freed 602K, 7% free 10403K/11143K, paused 1ms+4ms
07-08 19:00:30.218 22025 25396 D dalvikvm: GC_EXPLICIT freed 187K, 7% free 10679K/11463K, paused 2ms+5ms
07-08 19:01:01.394   143   159 V BackupManagerService: Running a backup pass
07-08 19:01:01.398   143   215 V BackupManagerService: Backup requested but nothing pending
07-08 19:01:10.187   143   395 W ActivityManager: finishReceiver called but no pending broadcasts
07-08 19:01:10.273  5275  5276 D dalvikvm: GC_CONCURRENT freed 399K, 6% free 10515K/11143K, paused 3ms+2ms
07-08 19:01:21.820  4974  4987 I PhoneLab-: Service Running
07-08 19:01:21.890  4974  4987 I PhoneLab-LoggerService: app_37    1296  1     1436   996   c00f181c 400107b4 S logcat
07-08 19:01:21.890  4974  4987 I PhoneLab-LoggerService: Logcat pid from database 1296
07-08 19:01:21.890  4974  4987 I PhoneLab-LoggerService: Logcat process found 1296
07-08 19:01:21.890  4974  4987 I PhoneLab-LoggerService: Checking Threshold
07-08 19:01:30.304  5275  5276 D dalvikvm: GC_CONCURRENT freed 569K, 7% free 10457K/11143K, paused 2ms+2ms
07-08 19:01:30.328   659  5401 D dalvikvm: GC_EXPLICIT freed 384K, 9% free 10312K/11271K, paused 2ms+13ms
07-08 19:01:32.367  5275  5276 D dalvikvm: GC_CONCURRENT freed 311K, 6% free 10539K/11143K, paused 4ms+2ms
07-08 19:01:58.961  5173  5174 D dalvikvm: GC_CONCURRENT freed 657K, 7% free 11412K/12167K, paused 8ms+3ms
07-08 19:02:30.367   659   661 D dalvikvm: GC_CONCURRENT freed 433K, 8% free 10387K/11271K, paused 1ms+2ms
07-08 19:03:21.820  4974  4987 I PhoneLab-: Service Running
07-08 19:03:21.922  4974  4987 I PhoneLab-LoggerService: app_37    1296  1     1436   996   c00f181c 400107b4 S logcat
07-08 19:03:21.922  4974  4987 I PhoneLab-LoggerService: Logcat pid from database 1296
07-08 19:03:21.922  4974  4987 I PhoneLab-LoggerService: Logcat process found 1296
07-08 19:03:21.922  4974  4987 I PhoneLab-LoggerService: Checking Threshold
07-08 19:03:30.336  5275  5276 D dalvikvm: GC_CONCURRENT freed 508K, 6% free 10542K/11143K, paused 2ms+2ms
07-08 19:03:30.500   659   661 D dalvikvm: GC_CONCURRENT freed 490K, 8% free 10380K/11271K, paused 1ms+3ms
07-08 19:04:14.000   143   155 W ActivityManager: finishReceiver called but no pending broadcasts
07-08 19:04:14.086  5275  5276 D dalvikvm: GC_CONCURRENT freed 392K, 5% free 10662K/11143K, paused 2ms+2ms
07-08 19:05:21.820  4974  4987 I PhoneLab-: Service Running
07-08 19:05:21.898  4974  4987 I PhoneLab-LoggerService: app_37    1296  1     1436   996   c00f181c 400107b4 S logcat
07-08 19:05:21.898  4974  4987 I PhoneLab-LoggerService: Logcat pid from database 1296
07-08 19:05:21.898  4974  4987 I PhoneLab-LoggerService: Logcat process found 1296
07-08 19:05:21.898  4974  4987 I PhoneLab-LoggerService: Checking Threshold
07-08 19:05:29.230   143 10999 D dalvikvm: GC_EXPLICIT freed 1414K, 18% free 17521K/21127K, paused 20ms+9ms
07-08 19:05:30.629  5275  5276 D dalvikvm: GC_CONCURRENT freed 701K, 8% free 10540K/11335K, paused 2ms+2ms
07-08 19:05:30.679   659   661 D dalvikvm: GC_CONCURRENT freed 521K, 9% free 10369K/11271K, paused 2ms+2ms
07-08 19:06:30.730   659   661 D dalvikvm: GC_CONCURRENT freed 474K, 9% free 10357K/11271K, paused 2ms+3ms
07-08 19:07:17.812   143  1922 W ActivityManager: finishReceiver called but no pending broadcasts
07-08 19:07:17.882  5275  5276 D dalvikvm: GC_CONCURRENT freed 373K, 6% free 10678K/11335K, paused 2ms+2ms
07-08 19:07:21.820  4974  4987 I PhoneLab-: Service Running
07-08 19:07:21.906  4974  4987 I PhoneLab-LoggerService: app_37    1296  1     1436   996   c00f181c 400107b4 S logcat
07-08 19:07:21.906  4974  4987 I PhoneLab-LoggerService: Logcat pid from database 1296
07-08 19:07:21.906  4974  4987 I PhoneLab-LoggerService: Logcat process found 1296
07-08 19:07:21.906  4974  4987 I PhoneLab-LoggerService: Checking Threshold
07-08 19:07:30.718  5275  5276 D dalvikvm: GC_CONCURRENT freed 693K, 8% free 10536K/11335K, paused 1ms+2ms
07-08 19:07:30.859   659   661 D dalvikvm: GC_CONCURRENT freed 358K, 8% free 10407K/11271K, paused 1ms+3ms
07-08 19:07:32.039   659   661 D dalvikvm: GC_CONCURRENT freed 233K, 6% free 10600K/11271K, paused 2ms+6ms
07-08 19:08:30.824   659   661 D dalvikvm: GC_CONCURRENT freed 722K, 8% free 10391K/11271K, paused 2ms+2ms
07-08 19:09:11.480  4974  4974 I PhoneLab-Locks: wake lock acquired
07-08 19:09:11.504  4974  5456 I PhoneLab-PeriodicCheckService: User info is synched
07-08 19:09:11.507  4974  5456 I PhoneLab-PeriodicCheckService: Logger Service is running
07-08 19:09:11.511  4974  4974 I PhoneLab-Locks: wake lock acquired
07-08 19:09:11.515  4974  4974 I PhoneLab-StatusMonitor: Status Monitoring is started
07-08 19:09:11.515  4974  5456 I PhoneLab-Locks: wake lock acquired
07-08 19:09:11.519  4974  5456 I PhoneLab-PeriodicCheckService: Rescheduling periodic checking...
07-08 19:09:11.527  4974  5456 I PhoneLab-Locks: wake lock released
07-08 19:09:11.535  4974  4974 E PhoneLab-PhoneLabManifest: java.io.FileNotFoundException: /data/data/edu.buffalo.cse.phonelab.phonelabservices/files/manifest.xml: open failed: ENOENT (No such file or directory)
07-08 19:09:11.554  4974  4974 I PhoneLab-Locks: wake lock released
07-08 19:09:11.558  4974  4974 I PhoneLab-UploadLogs: Transfering log files now
07-08 19:09:11.558  4974  4974 I PhoneLab-UploadLogs: No log files to transfer
07-08 19:09:11.558  4974  4974 I PhoneLab-Locks: wake lock released
07-08 19:09:11.558  4974  4974 I PhoneLab-UploadLogs: OnStartCommand
07-08 19:09:21.820  4974  4987 I PhoneLab-: Service Running
07-08 19:09:21.933  4974  4977 D dalvikvm: GC_CONCURRENT freed 389K, 15% free 9134K/10695K, paused 2ms+6ms
07-08 19:09:21.941  4974  4987 I PhoneLab-LoggerService: app_37    1296  1     1436   996   c00f181c 400107b4 S logcat
07-08 19:09:21.941  4974  4987 I PhoneLab-LoggerService: Logcat pid from database 1296
07-08 19:09:21.941  4974  4987 I PhoneLab-LoggerService: Logcat process found 1296
07-08 19:09:21.941  4974  4987 I PhoneLab-LoggerService: Checking Threshold
07-08 19:09:30.816  5275  5276 D dalvikvm: GC_CONCURRENT freed 508K, 8% free 10540K/11335K, paused 2ms+2ms
07-08 19:09:30.953   659   661 D dalvikvm: GC_CONCURRENT freed 392K, 8% free 10415K/11271K, paused 1ms+3ms
07-08 19:09:31.625   659   661 D dalvikvm: GC_CONCURRENT freed 220K, 6% free 10598K/11271K, paused 6ms+5ms
07-08 19:10:21.648   143  1922 W ActivityManager: finishReceiver called but no pending broadcasts
07-08 19:10:21.746  5275  5276 D dalvikvm: GC_CONCURRENT freed 392K, 6% free 10660K/11335K, paused 2ms+7ms
07-08 19:10:40.437   143   177 I power   : *** set_screen_state 1
07-08 19:10:40.543   143   177 I WindowManager: Lock screen displayed!
07-08 19:10:40.593  5083  5083 D vclib:CallStateClient: startListening
07-08 19:10:40.609 22025 25396 W GTalkService: onSentBatchPresenceRequest but user idle
07-08 19:10:40.613  5083  5467 E talk    : [Databaseutils] pruneOldMessageHistory
07-08 19:10:40.656    78   121 D SurfaceFlinger: Screen about to return, flinger = 0x1ddb918
07-08 19:10:40.898  5083  5083 D vclib:CallStateClient: stopListening
07-08 19:10:40.902  5083  5083 D vclib:CallStateClient: startListening
07-08 19:10:41.535   221   221 D PhoneStatusBar: disable: < expand icons alerts ticker system_info BACK HOME recent* CLOCK >
07-08 19:10:41.554   143   308 W InputManagerService: Window already focused, ignoring focus gain of: com.android.internal.view.IInputMethodClient$Stub$Proxy@417f7be8
07-08 19:10:41.574   221   221 D PhoneStatusBar: disable: < expand icons alerts ticker system_info back* home* recent clock* >
07-08 19:10:41.683 22025 22026 D dalvikvm: GC_CONCURRENT freed 309K, 6% free 10796K/11463K, paused 6ms+6ms
07-08 19:10:42.062  4741  4742 D dalvikvm: GC_CONCURRENT freed 364K, 6% free 9771K/10375K, paused 2ms+4ms
07-08 19:10:42.144  5083  5085 D dalvikvm: GC_CONCURRENT freed 598K, 6% free 11104K/11783K, paused 6ms+5ms
07-08 19:10:43.492   143 10999 W InputManagerService: Starting input on non-focused client com.android.internal.view.IInputMethodClient$Stub$Proxy@41a16a60 (uid=10045 pid=5083)
07-08 19:10:43.523  5083  5083 D OpenGLRenderer: Flushing caches (mode 0)
07-08 19:10:43.554  5083  5083 D OpenGLRenderer: Flushing caches (mode 1)
07-08 19:10:43.566  5083  5083 D vclib:CallStateClient: stopListening
07-08 19:10:43.617  5083  5083 D dalvikvm: GC_EXPLICIT freed 165K, 7% free 11033K/11783K, paused 3ms+3ms
07-08 19:10:48.875   143   173 I power   : *** set_screen_state 0
07-08 19:10:48.918    78   121 D SurfaceFlinger: About to give-up screen, flinger = 0x1ddb918
07-08 19:10:48.996   143   177 V TransportControlView: Create TCV com.android.internal.widget.TransportControlView@41d522e8
07-08 19:10:49.039   221   221 D PhoneStatusBar: disable: < expand icons alerts ticker system_info back home RECENT* clock >
07-08 19:10:49.062   221   221 D PhoneStatusBar: disable: < expand icons alerts ticker system_info BACK* HOME* RECENT CLOCK* >
07-08 19:10:49.187   143   154 D dalvikvm: GC_EXPLICIT freed 1440K, 16% free 17952K/21127K, paused 6ms+10ms
07-08 19:10:54.757   143   311 W ActivityManager: finishReceiver called but no pending broadcasts
07-08 19:10:54.820  5275  5276 D dalvikvm: GC_CONCURRENT freed 569K, 7% free 10636K/11335K, paused 2ms+3ms
07-08 19:11:21.816  4974  4987 I PhoneLab-: Service Running
07-08 19:11:21.894  4974  4987 I PhoneLab-LoggerService: app_37    1296  1     1436   996   c00f181c 400107b4 S logcat
07-08 19:11:21.894  4974  4987 I PhoneLab-LoggerService: Logcat pid from database 1296
07-08 19:11:21.894  4974  4987 I PhoneLab-LoggerService: Logcat process found 1296
07-08 19:11:21.894  4974  4987 I PhoneLab-LoggerService: Checking Threshold
07-08 19:11:30.867  5275  5276 D dalvikvm: GC_CONCURRENT freed 636K, 8% free 10538K/11335K, paused 2ms+2ms
07-08 19:11:30.976   659   661 D dalvikvm: GC_CONCURRENT freed 757K, 9% free 10366K/11271K, paused 1ms+3ms
07-08 19:12:03.183  5173  5174 D dalvikvm: GC_CONCURRENT freed 672K, 7% free 11453K/12231K, paused 32ms+3ms
07-08 19:12:05.535  5173  5480 I DatabaseHelper: Begin cleanup.
07-08 19:12:05.605  5173  5480 I DatabaseHelper: Cleaned up: 0
07-08 19:12:31.089   659   661 D dalvikvm: GC_CONCURRENT freed 443K, 9% free 10358K/11271K, paused 2ms+6ms
07-08 19:13:20.101 27377 27379 D dalvikvm: GC_CONCURRENT freed 830K, 16% free 11897K/14023K, paused 7ms+8ms
07-08 19:13:21.820  4974  4987 I PhoneLab-: Service Running
07-08 19:13:21.894  4974  4987 I PhoneLab-LoggerService: app_37    1296  1     1436   996   c00f181c 400107b4 S logcat
07-08 19:13:21.894  4974  4987 I PhoneLab-LoggerService: Logcat pid from database 1296
07-08 19:13:21.894  4974  4987 I PhoneLab-LoggerService: Logcat process found 1296
07-08 19:13:21.894  4974  4987 I PhoneLab-LoggerService: Checking Threshold
07-08 19:13:30.988  5275  5276 D dalvikvm: GC_CONCURRENT freed 510K, 8% free 10540K/11335K, paused 2ms+2ms
07-08 19:13:31.136   659   661 D dalvikvm: GC_CONCURRENT freed 357K, 8% free 10415K/11271K, paused 2ms+2ms
07-08 19:13:32.164   659   661 D dalvikvm: GC_CONCURRENT freed 221K, 6% free 10600K/11271K, paused 3ms+2ms
07-08 19:13:58.601   143 10999 W ActivityManager: finishReceiver called but no pending broadcasts
07-08 19:13:58.679  5275  5276 D dalvikvm: GC_CONCURRENT freed 402K, 7% free 10650K/11335K, paused 2ms+4ms
07-08 19:14:29.742  5275  5295 D dalvikvm: GC_EXPLICIT freed 296K, 8% free 10516K/11335K, paused 7ms+2ms
07-08 19:15:21.816  4974  4987 I PhoneLab-: Service Running
07-08 19:15:21.910  4974  4987 I PhoneLab-LoggerService: app_37    1296  1     1436   996   c00f181c 400107b4 S logcat
07-08 19:15:21.910  4974  4987 I PhoneLab-LoggerService: Logcat pid from database 1296
07-08 19:15:21.910  4974  4987 I PhoneLab-LoggerService: Logcat process found 1296
07-08 19:15:21.910  4974  4987 I PhoneLab-LoggerService: Checking Threshold
07-08 19:15:31.117  5275  5276 D dalvikvm: GC_CONCURRENT freed 499K, 8% free 10528K/11335K, paused 1ms+3ms
07-08 19:15:31.152   659   661 D dalvikvm: GC_CONCURRENT freed 771K, 9% free 10351K/11271K, paused 5ms+2ms
07-08 19:16:29.765   143 24239 I ActivityManager: No longer want com.google.android.apps.googlevoice (pid 4791): hidden #16
07-08 19:16:29.781   143 10999 W ActivityManager: Scheduling restart of crashed service com.google.android.apps.googlevoice/.UpdateService in 5000ms
07-08 19:16:29.781   143 10999 W ActivityManager: Scheduling restart of crashed service com.google.android.apps.googlevoice/.CallLogService in 15000ms
07-08 19:16:31.179   659   661 D dalvikvm: GC_CONCURRENT freed 444K, 9% free 10354K/11271K, paused 2ms+4ms
07-08 19:16:34.761   143   154 W ActivityManager: finishReceiver called but no pending broadcasts
07-08 19:16:34.808   143   160 I ActivityManager: Start proc com.google.android.apps.googlevoice for service com.google.android.apps.googlevoice/.UpdateService: pid=5517 uid=10054 gids={3003, 1015}
07-08 19:16:34.875  5275  5276 D dalvikvm: GC_CONCURRENT freed 359K, 6% free 10681K/11335K, paused 10ms+12ms
07-08 19:16:35.394  5517  5518 D dalvikvm: GC_CONCURRENT freed 280K, 4% free 9254K/9607K, paused 23ms+5ms
07-08 19:16:35.984  5517  5518 D dalvikvm: GC_CONCURRENT freed 332K, 5% free 9406K/9863K, paused 2ms+2ms
07-08 19:16:35.984  5517  5524 W CursorWrapperInner: Cursor finalized without prior close()
07-08 19:16:35.984  5517  5524 W CursorWrapperInner: Cursor finalized without prior close()
07-08 19:16:35.984  5517  5524 W CursorWrapperInner: Cursor finalized without prior close()
07-08 19:16:36.132  4741  4750 D dalvikvm: GC_EXPLICIT freed 261K, 7% free 9742K/10375K, paused 2ms+17ms
07-08 19:16:36.183  5517  5518 D dalvikvm: GC_CONCURRENT freed 328K, 5% free 9590K/9991K, paused 2ms+2ms
07-08 19:16:36.359   143  1922 D dalvikvm: GC_EXPLICIT freed 1495K, 18% free 17333K/21127K, paused 4ms+7ms
07-08 19:16:36.453  5517  5540 D dalvikvm: GC_FOR_ALLOC freed 206K, 5% free 9761K/10183K, paused 15ms
07-08 19:16:47.422   143   175 I ActivityManager: Start proc com.google.android.maps.mytracks for service com.google.android.maps.mytracks/com.google.android.apps.mytracks.services.RemoveTempFilesService: pid=5542 uid=10072 gids={3003, 3002, 3001, 1015}
07-08 19:16:47.437  5542  5542 I dalvikvm: Turning on JNI app bug workarounds for target SDK version 7...
07-08 19:16:47.679  5542  5542 I ActivityThread: Pub com.google.android.maps.mytracks.search: com.google.android.apps.mytracks.content.SearchEngineProvider
07-08 19:16:47.687  5542  5542 I ActivityThread: Pub com.google.android.maps.mytracks: com.google.android.apps.mytracks.content.MyTracksProvider
07-08 19:16:47.836   143 24239 I ActivityManager: No longer want com.android.sprintmenu (pid 4826): hidden #16
07-08 19:16:47.910   143   143 W ActivityManager: Scheduling restart of crashed service com.android.sprintmenu/.HiddenPhoneService in 5000ms
07-08 19:16:52.988   143   160 I ActivityManager: Start proc com.android.sprintmenu for service com.android.sprintmenu/.HiddenPhoneService: pid=5557 uid=1001 gids={3002, 3001, 3003, 1015}
07-08 19:17:07.773  5173  5174 D dalvikvm: GC_CONCURRENT freed 653K, 7% free 11514K/12295K, paused 5ms+3ms
07-08 19:17:21.820  4974  4987 I PhoneLab-: Service Running
07-08 19:17:21.906  4974  4987 I PhoneLab-LoggerService: app_37    1296  1     1436   996   c00f181c 400107b4 S logcat
07-08 19:17:21.906  4974  4987 I PhoneLab-LoggerService: Logcat pid from database 1296
07-08 19:17:21.906  4974  4987 I PhoneLab-LoggerService: Logcat process found 1296
07-08 19:17:21.906  4974  4987 I PhoneLab-LoggerService: Checking Threshold
07-08 19:17:31.156  5275  5276 D dalvikvm: GC_CONCURRENT freed 699K, 8% free 10534K/11335K, paused 2ms+2ms
07-08 19:17:34.847   143   143 W ActivityManager: finishReceiver called but no pending broadcasts
07-08 19:17:34.933  5275  5276 D dalvikvm: GC_CONCURRENT freed 391K, 7% free 10655K/11335K, paused 1ms+3ms
07-08 19:18:31.332   659   661 D dalvikvm: GC_CONCURRENT freed 487K, 8% free 10379K/11271K, paused 1ms+3ms
07-08 19:19:21.816  4974  4987 I PhoneLab-: Service Running
07-08 19:19:21.906  4974  4987 I PhoneLab-LoggerService: app_37    1296  1     1436   996   c00f181c 400107b4 S logcat
07-08 19:19:21.906  4974  4987 I PhoneLab-LoggerService: Logcat pid from database 1296
07-08 19:19:21.906  4974  4987 I PhoneLab-LoggerService: Logcat process found 1296
07-08 19:19:21.906  4974  4987 I PhoneLab-LoggerService: Checking Threshold
07-08 19:19:31.297  5275  5276 D dalvikvm: GC_CONCURRENT freed 661K, 8% free 10538K/11335K, paused 2ms+3ms
07-08 19:19:31.449   659   661 D dalvikvm: GC_CONCURRENT freed 518K, 9% free 10328K/11271K, paused 2ms+2ms
07-08 19:20:12.367   291   291 I wpa_supplicant: wlan0: WPA: Group rekeying completed with d0:c2:82:67:2e:71 [GTK=TKIP]
07-08 19:20:31.488   659   661 D dalvikvm: GC_CONCURRENT freed 337K, 8% free 10406K/11271K, paused 2ms+3ms
07-08 19:20:32.543   659   661 D dalvikvm: GC_CONCURRENT freed 228K, 7% free 10595K/11271K, paused 2ms+12ms
07-08 19:20:38.664   143 26971 W ActivityManager: finishReceiver called but no pending broadcasts
07-08 19:20:38.726  5275  5276 D dalvikvm: GC_CONCURRENT freed 410K, 7% free 10639K/11335K, paused 2ms+4ms
07-08 19:20:52.781   143   177 I power   : *** set_screen_state 1
07-08 19:20:52.890   143   177 I WindowManager: Lock screen displayed!
07-08 19:20:52.992    78   121 D SurfaceFlinger: Screen about to return, flinger = 0x1ddb918
07-08 19:20:53.668   221   221 D PhoneStatusBar: disable: < expand icons alerts ticker system_info BACK HOME recent* CLOCK >
07-08 19:20:53.699   221   221 D PhoneStatusBar: disable: < expand icons alerts ticker system_info back* home* recent clock* >
07-08 19:20:53.711   143   403 W InputManagerService: Window already focused, ignoring focus gain of: com.android.internal.view.IInputMethodClient$Stub$Proxy@4175f4e8
07-08 19:20:53.800   325   327 D dalvikvm: GC_CONCURRENT freed 390K, 16% free 10203K/12103K, paused 2ms+4ms
07-08 19:20:54.019  4741  4742 D dalvikvm: GC_CONCURRENT freed 298K, 6% free 9832K/10375K, paused 2ms+6ms
07-08 19:20:54.468 22025 22026 D dalvikvm: GC_CONCURRENT freed 474K, 6% free 10790K/11463K, paused 8ms+5ms
07-08 19:20:55.015   143 10999 I ActivityManager: START {act=android.intent.action.MAIN cat=[android.intent.category.LAUNCHER] flg=0x10200000 cmp=com.google.android.talk/.SigningInActivity bnds=[96,706][192,802]} from pid 24357
07-08 19:20:55.218  5083  5083 D vclib:CallStateClient: startListening
07-08 19:20:55.246  5083  5593 E talk    : [Databaseutils] pruneOldMessageHistory
07-08 19:20:55.351   143   176 I ActivityManager: Displayed com.google.android.talk/.SigningInActivity: +295ms
07-08 19:20:55.410 24357 24357 D OpenGLRenderer: Flushing caches (mode 1)
07-08 19:20:55.422 24357 24357 D OpenGLRenderer: Flushing caches (mode 0)
07-08 19:20:55.871  5083  5083 D vclib:CallStateClient: stopListening
07-08 19:20:55.875  5083  5083 D vclib:CallStateClient: startListening
07-08 19:20:56.086  5083  5085 D dalvikvm: GC_CONCURRENT freed 212K, 4% free 11406K/11783K, paused 7ms+19ms
07-08 19:20:59.527  5083  5085 D dalvikvm: GC_CONCURRENT freed 900K, 9% free 11210K/12231K, paused 3ms+9ms
07-08 19:20:59.816  5083  5083 D dalvikvm: GC_FOR_ALLOC freed 234K, 7% free 11417K/12231K, paused 25ms
07-08 19:21:02.957  5083  5083 D dalvikvm: GC_FOR_ALLOC freed 327K, 7% free 11446K/12295K, paused 37ms
07-08 19:21:03.152  5083  5083 D dalvikvm: GC_FOR_ALLOC freed 348K, 8% free 11401K/12359K, paused 25ms
07-08 19:21:03.254  5083  5083 D dalvikvm: GC_FOR_ALLOC freed 313K, 8% free 11383K/12359K, paused 23ms
07-08 19:21:04.367  5083  5083 D OpenGLRenderer: Flushing caches (mode 0)
07-08 19:21:05.527   143   173 I power   : *** set_screen_state 0
07-08 19:21:05.578    78   121 D SurfaceFlinger: About to give-up screen, flinger = 0x1ddb918
07-08 19:21:05.664  5083  5083 D OpenGLRenderer: Flushing caches (mode 1)
07-08 19:21:05.769  5083  5083 D vclib:CallStateClient: stopListening
07-08 19:21:05.797   143   145 D dalvikvm: GC_CONCURRENT freed 1524K, 16% free 17814K/21127K, paused 2ms+9ms
07-08 19:21:05.812   143   177 V TransportControlView: Create TCV com.android.internal.widget.TransportControlView@4134b8a0
07-08 19:21:05.965   143   177 D dalvikvm: GC_EXPLICIT freed 832K, 18% free 17373K/21127K, paused 13ms+9ms
07-08 19:21:05.965   221   221 D PhoneStatusBar: disable: < expand icons alerts ticker system_info back home RECENT* clock >
07-08 19:21:05.988   221   221 D PhoneStatusBar: disable: < expand icons alerts ticker system_info BACK* HOME* RECENT CLOCK* >
07-08 19:21:06.035  5083  5083 D dalvikvm: GC_EXPLICIT freed 204K, 9% free 11326K/12359K, paused 11ms+6ms
07-08 19:21:08.086  5275  5276 D dalvikvm: GC_CONCURRENT freed 517K, 8% free 10534K/11335K, paused 41ms+2ms
07-08 19:21:11.414   143   387 W ActivityManager: finishReceiver called but no pending broadcasts
07-08 19:21:11.500  5275  5276 D dalvikvm: GC_CONCURRENT freed 382K, 6% free 10663K/11335K, paused 2ms+2ms
07-08 19:21:21.820  4974  4987 I PhoneLab-: Service Running
07-08 19:21:21.918  4974  4987 I PhoneLab-LoggerService: app_37    1296  1     1436   996   c00f181c 400107b4 S logcat
07-08 19:21:21.918  4974  4987 I PhoneLab-LoggerService: Logcat pid from database 1296
07-08 19:21:21.918  4974  4987 I PhoneLab-LoggerService: Logcat process found 1296
07-08 19:21:21.918  4974  4987 I PhoneLab-LoggerService: Checking Threshold
07-08 19:21:31.492   659   661 D dalvikvm: GC_CONCURRENT freed 693K, 8% free 10376K/11271K, paused 2ms+3ms
07-08 19:22:30.957  5275  5276 D dalvikvm: GC_CONCURRENT freed 593K, 7% free 10547K/11335K, paused 45ms+2ms
07-08 19:23:21.820  4974  4987 I PhoneLab-: Service Running
07-08 19:23:21.890  4974  4987 I PhoneLab-LoggerService: app_37    1296  1     1436   996   c00f181c 400107b4 S logcat
07-08 19:23:21.894  4974  4987 I PhoneLab-LoggerService: Logcat pid from database 1296
07-08 19:23:21.894  4974  4987 I PhoneLab-LoggerService: Logcat process found 1296
07-08 19:23:21.894  4974  4987 I PhoneLab-LoggerService: Checking Threshold
07-08 19:23:31.531  5275  5276 D dalvikvm: GC_CONCURRENT freed 509K, 7% free 10550K/11335K, paused 2ms+3ms
07-08 19:23:31.640   659   661 D dalvikvm: GC_CONCURRENT freed 529K, 9% free 10358K/11271K, paused 1ms+3ms
07-08 19:24:15.238   143 11000 W ActivityManager: finishReceiver called but no pending broadcasts
07-08 19:24:15.320  5275  5276 D dalvikvm: GC_CONCURRENT freed 396K, 6% free 10666K/11335K, paused 1ms+2ms
07-08 19:24:31.613 22025 22036 D dalvikvm: GC_EXPLICIT freed 257K, 7% free 10717K/11463K, paused 2ms+4ms
07-08 19:24:31.707   659   661 D dalvikvm: GC_CONCURRENT freed 450K, 9% free 10342K/11271K, paused 3ms+2ms
07-08 19:25:21.816  4974  4987 I PhoneLab-: Service Running
07-08 19:25:21.933  4974  4977 D dalvikvm: GC_CONCURRENT freed 425K, 15% free 9136K/10695K, paused 7ms+2ms
07-08 19:25:21.937  4974  4987 I PhoneLab-LoggerService: app_37    1296  1     1436   996   c00f181c 400107b4 S logcat
07-08 19:25:21.937  4974  4987 I PhoneLab-LoggerService: Logcat pid from database 1296
07-08 19:25:21.937  4974  4987 I PhoneLab-LoggerService: Logcat process found 1296
07-08 19:25:21.937  4974  4987 I PhoneLab-LoggerService: Checking Threshold
07-08 19:25:31.632  5275  5276 D dalvikvm: GC_CONCURRENT freed 665K, 7% free 10549K/11335K, paused 3ms+3ms
07-08 19:26:31.754   659   661 D dalvikvm: GC_CONCURRENT freed 475K, 8% free 10419K/11271K, paused 2ms+3ms
07-08 19:27:11.597  5173  5174 D dalvikvm: GC_CONCURRENT freed 673K, 7% free 11558K/12359K, paused 2ms+3ms
07-08 19:27:18.097  5275  5276 D dalvikvm: GC_CONCURRENT freed 352K, 7% free 10582K/11335K, paused 42ms+2ms
07-08 19:27:19.043   143  2263 W ActivityManager: finishReceiver called but no pending broadcasts
07-08 19:27:19.140  5275  5276 D dalvikvm: GC_CONCURRENT freed 438K, 6% free 10658K/11335K, paused 1ms+2ms
07-08 19:27:21.816  4974  4987 I PhoneLab-: Service Running
07-08 19:27:21.914  4974  4987 I PhoneLab-LoggerService: app_37    1296  1     1436   996   c00f181c 400107b4 S logcat
07-08 19:27:21.914  4974  4987 I PhoneLab-LoggerService: Logcat pid from database 1296
07-08 19:27:21.914  4974  4987 I PhoneLab-LoggerService: Logcat process found 1296
07-08 19:27:21.914  4974  4987 I PhoneLab-LoggerService: Checking Threshold
07-08 19:27:31.797   659   659 D dalvikvm: GC_EXPLICIT freed 212K, 9% free 10296K/11271K, paused 3ms+3ms
07-08 19:28:31.898  5275  5276 D dalvikvm: GC_CONCURRENT freed 646K, 7% free 10556K/11335K, paused 2ms+2ms
07-08 19:28:31.929   659   661 D dalvikvm: GC_CONCURRENT freed 443K, 9% free 10357K/11271K, paused 2ms+2ms
07-08 19:29:13.218 22025 23031 I EventLogService: Aggregate from 1341788353035 (log), 1341788353035 (data)
07-08 19:29:17.109 27377 27379 D dalvikvm: GC_CONCURRENT freed 829K, 16% free 11899K/14023K, paused 7ms+9ms
07-08 19:29:21.820  4974  4987 I PhoneLab-: Service Running
07-08 19:29:21.910  4974  4987 I PhoneLab-LoggerService: app_37    1296  1     1436   996   c00f181c 400107b4 S logcat
07-08 19:29:21.910  4974  4987 I PhoneLab-LoggerService: Logcat pid from database 1296
07-08 19:29:21.910  4974  4987 I PhoneLab-LoggerService: Logcat process found 1296
07-08 19:29:21.910  4974  4987 I PhoneLab-LoggerService: Checking Threshold
07-08 19:29:31.941   659   661 D dalvikvm: GC_CONCURRENT freed 451K, 8% free 10386K/11271K, paused 2ms+3ms
07-08 19:29:32.035   659   661 D dalvikvm: GC_CONCURRENT freed 208K, 7% free 10564K/11271K, paused 1ms+2ms
07-08 19:30:14.445   143   177 I power   : *** set_screen_state 1
07-08 19:30:14.562   143   177 I WindowManager: Lock screen displayed!
07-08 19:30:14.656    78   121 D SurfaceFlinger: Screen about to return, flinger = 0x1ddb918
07-08 19:30:15.867   221   221 D PhoneStatusBar: disable: < expand icons alerts ticker system_info BACK HOME recent* CLOCK >
07-08 19:30:15.890   143   387 W InputManagerService: Window already focused, ignoring focus gain of: com.android.internal.view.IInputMethodClient$Stub$Proxy@4131b2b8
07-08 19:30:15.902   221   221 D PhoneStatusBar: disable: < expand icons alerts ticker system_info back* home* recent clock* >
07-08 19:30:16.211   143   155 D dalvikvm: GC_EXPLICIT freed 1358K, 18% free 17405K/21127K, paused 9ms+9ms
07-08 19:30:17.195   143   173 I power   : *** set_screen_state 0
07-08 19:30:17.246    78   121 D SurfaceFlinger: About to give-up screen, flinger = 0x1ddb918
07-08 19:30:17.281   143   177 V TransportControlView: Create TCV com.android.internal.widget.TransportControlView@413513e8
07-08 19:30:17.375   221   221 D PhoneStatusBar: disable: < expand icons alerts ticker system_info back home RECENT* clock >
07-08 19:30:17.410   221   221 D PhoneStatusBar: disable: < expand icons alerts ticker system_info BACK* HOME* RECENT CLOCK* >
07-08 19:30:23.117   143  1922 W ActivityManager: finishReceiver called but no pending broadcasts
07-08 19:30:23.183  5275  5276 D dalvikvm: GC_CONCURRENT freed 395K, 6% free 10673K/11335K, paused 1ms+3ms
07-08 19:30:31.949  5275  5276 D dalvikvm: GC_CONCURRENT freed 675K, 7% free 10548K/11335K, paused 1ms+2ms
07-08 19:30:32.070   659   661 D dalvikvm: GC_CONCURRENT freed 681K, 8% free 10395K/11271K, paused 2ms+3ms
07-08 19:31:21.816  4974  4987 I PhoneLab-: Service Running
07-08 19:31:21.882   143   400 I ActivityManager: Process com.google.android.gm (pid 4943) has died.
07-08 19:31:21.933  4974  4987 I PhoneLab-LoggerService: app_37    1296  1     1436   996   c00f181c 400107b4 S logcat
07-08 19:31:21.937  4974  4987 I PhoneLab-LoggerService: Logcat pid from database 1296
07-08 19:31:21.937  4974  4987 I PhoneLab-LoggerService: Logcat process found 1296
07-08 19:31:21.937  4974  4987 I PhoneLab-LoggerService: Checking Threshold
07-08 19:31:32.164  5275  5276 D dalvikvm: GC_CONCURRENT freed 448K, 7% free 10612K/11335K, paused 5ms+4ms
07-08 19:31:32.183   659   661 D dalvikvm: GC_CONCURRENT freed 486K, 9% free 10348K/11271K, paused 2ms+8ms
07-08 19:31:32.261  5275  5295 D dalvikvm: GC_FOR_ALLOC freed 260K, 7% free 10575K/11335K, paused 22ms
07-08 19:31:47.422   143   175 I ActivityManager: Start proc com.google.android.apps.plus for service com.google.android.apps.plus/.service.EsService: pid=5666 uid=10060 gids={3003, 3002, 1015, 1006}
07-08 19:31:47.750  5666  5669 D dalvikvm: GC_CONCURRENT freed 169K, 3% free 9366K/9607K, paused 11ms+4ms
07-08 19:31:47.918  5666  5666 I ActivityThread: Pub com.google.android.apps.plus.content.ApiProvider: com.google.android.apps.plus.content.EsApiProvider
07-08 19:31:47.992  5666  5666 I ActivityThread: Pub com.google.android.apps.plus.content.EsGooglePhotoProvider: com.google.android.picasasync.PicasaContentProvider
07-08 19:31:48.172  5666  5669 D dalvikvm: GC_CONCURRENT freed 336K, 5% free 9580K/9991K, paused 1ms+2ms
07-08 19:31:48.199  5666  5666 I ActivityThread: Pub com.google.android.apps.plus.content.EsPicasaStoreProvider: com.google.android.picasastore.PicasaPhotoContentProvider
07-08 19:31:48.269  5666  5666 I ActivityThread: Pub com.google.plus.platform: com.google.android.apps.plus.content.AdsProvider
07-08 19:31:48.269  5666  5666 I ActivityThread: Pub com.google.android.apps.plus.iu.EsGoogleIuProvider: com.google.android.apps.plus.iu.InstantUploadProvider
07-08 19:31:48.359  5666  5669 D dalvikvm: GC_CONCURRENT freed 501K, 6% free 9608K/10183K, paused 2ms+2ms
07-08 19:31:48.367  5666  5666 I ActivityThread: Pub com.google.android.apps.plus.content.EsProvider: com.google.android.apps.plus.content.EsProvider
07-08 19:31:48.410  5666  5680 D PicasaPhotoCP: set fsid first time:-1
07-08 19:31:48.625  5666  5669 D dalvikvm: GC_CONCURRENT freed 198K, 4% free 9859K/10247K, paused 12ms+1ms
07-08 19:31:48.769  5666  5669 D dalvikvm: GC_CONCURRENT freed 167K, 3% free 10172K/10439K, paused 2ms+3ms
07-08 19:31:48.859  5666  5669 D dalvikvm: GC_CONCURRENT freed 260K, 4% free 10334K/10695K, paused 1ms+2ms
07-08 19:31:48.918  5666  5682 D dalvikvm: GC_FOR_ALLOC freed 114K, 4% free 10460K/10823K, paused 22ms
07-08 19:31:48.957  5666  5669 D dalvikvm: GC_CONCURRENT freed 129K, 3% free 10775K/11079K, paused 1ms+2ms
07-08 19:31:49.004  5666  5669 D dalvikvm: GC_CONCURRENT freed 495K, 7% free 10773K/11463K, paused 2ms+2ms
07-08 19:31:49.035  5666  5682 D dalvikvm: GC_FOR_ALLOC freed 369K, 6% free 10829K/11463K, paused 19ms
07-08 19:31:49.058  5666  5682 D dalvikvm: GC_FOR_ALLOC freed 126K, 5% free 10957K/11463K, paused 19ms
07-08 19:31:49.195  5666  5669 D dalvikvm: GC_CONCURRENT freed 344K, 4% free 11208K/11655K, paused 2ms+3ms
07-08 19:31:49.332  5666  5669 D dalvikvm: GC_CONCURRENT freed 140K, 3% free 11732K/11975K, paused 2ms+2ms
07-08 19:31:49.433   143   143 I ActivityManager: Process com.google.android.apps.maps:NetworkLocationService (pid 5275) has died.
07-08 19:31:49.433   143   143 W ActivityManager: Scheduling restart of crashed service com.google.android.apps.maps/com.google.android.location.internal.server.NetworkLocationService in 5000ms
07-08 19:31:49.535  5666  5669 D dalvikvm: GC_CONCURRENT freed 541K, 6% free 12007K/12679K, paused 3ms+2ms
07-08 19:31:49.718  5666  5669 D dalvikvm: GC_CONCURRENT freed 208K, 3% free 12728K/13063K, paused 2ms+2ms
07-08 19:31:49.996  5666  5683 I SqliteDatabaseCpp: sqlite returned: error code = 1, msg = no such column: wipeout_stats, db=/data/data/com.google.android.apps.plus/databases/es0.db
07-08 19:31:50.027  5666  5683 W System.err: android.database.sqlite.SQLiteException: no such column: wipeout_stats: , while compiling: SELECT wipeout_stats  FROM account_status
07-08 19:31:50.039  5666  5683 W System.err: 	at android.database.sqlite.SQLiteCompiledSql.native_compile(Native Method)
07-08 19:31:50.039  5666  5683 W System.err: 	at android.database.sqlite.SQLiteCompiledSql.<init>(SQLiteCompiledSql.java:68)
07-08 19:31:50.039  5666  5683 W System.err: 	at android.database.sqlite.SQLiteProgram.compileSql(SQLiteProgram.java:143)
07-08 19:31:50.039  5666  5683 W System.err: 	at android.database.sqlite.SQLiteProgram.compileAndbindAllArgs(SQLiteProgram.java:361)
07-08 19:31:50.043  5666  5683 W System.err: 	at android.database.sqlite.SQLiteStatement.acquireAndLock(SQLiteStatement.java:260)
07-08 19:31:50.043  5666  5683 W System.err: 	at android.database.sqlite.SQLiteStatement.simpleQueryForLong(SQLiteStatement.java:137)
07-08 19:31:50.043  5666  5683 W System.err: 	at android.database.DatabaseUtils.longForQuery(DatabaseUtils.java:791)
07-08 19:31:50.043  5666  5683 W System.err: 	at android.database.DatabaseUtils.longForQuery(DatabaseUtils.java:779)
07-08 19:31:50.043  5666  5683 W System.err: 	at com.google.android.apps.plus.content.EsAccountsData.isContactsStatsWipeoutNeeded(EsAccountsData.java:641)
07-08 19:31:50.043  5666  5683 W System.err: 	at com.google.android.apps.plus.service.EsService.processIntent(EsService.java:4246)
07-08 19:31:50.043  5666  5683 W System.err: 	at com.google.android.apps.plus.service.ServiceThread$1.run(ServiceThread.java:50)
07-08 19:31:50.043  5666  5683 W System.err: 	at android.os.Handler.handleCallback(Handler.java:605)
07-08 19:31:50.043  5666  5683 W System.err: 	at android.os.Handler.dispatchMessage(Handler.java:92)
07-08 19:31:50.043  5666  5683 W System.err: 	at android.os.Looper.loop(Looper.java:137)
07-08 19:31:50.043  5666  5683 W System.err: 	at com.google.android.apps.plus.service.ServiceThread.run(ServiceThread.java:122)
07-08 19:31:53.293  5666  5669 D dalvikvm: GC_CONCURRENT freed 1061K, 9% free 12838K/14023K, paused 7ms+2ms
07-08 19:31:54.453   143   160 I ActivityManager: Start proc com.google.android.apps.maps:NetworkLocationService for service com.google.android.apps.maps/com.google.android.location.internal.server.NetworkLocationService: pid=5689 uid=10056 gids={3003, 1015}
07-08 19:31:54.648  5689  5692 D dalvikvm: GC_CONCURRENT freed 176K, 3% free 9359K/9607K, paused 9ms+3ms
07-08 19:31:55.023   143   308 I ActivityManager: Process com.whatsapp (pid 4722) has died.
07-08 19:31:55.023   143   308 W ActivityManager: Scheduling restart of crashed service com.whatsapp/.messaging.MessageService in 5000ms
07-08 19:31:55.160   143 26971 I ActivityManager: Process com.google.android.apps.currents (pid 5246) has died.
07-08 19:31:55.187  5689  5692 D dalvikvm: GC_CONCURRENT freed 150K, 3% free 9656K/9927K, paused 11ms+2ms
07-08 19:31:55.461   143   145 D dalvikvm: GC_CONCURRENT freed 1554K, 16% free 17773K/21127K, paused 21ms+7ms
07-08 19:31:55.922  5689  5692 D dalvikvm: GC_CONCURRENT freed 161K, 3% free 10014K/10247K, paused 1ms+5ms
07-08 19:31:56.078  5689  5692 D dalvikvm: GC_CONCURRENT freed 155K, 3% free 10400K/10631K, paused 1ms+2ms
07-08 19:31:56.394  5689  5696 I dalvikvm: Total arena pages for JIT: 11
07-08 19:31:56.398  5689  5696 I dalvikvm: Total arena pages for JIT: 12
07-08 19:31:56.398  5689  5696 I dalvikvm: Total arena pages for JIT: 13
07-08 19:31:56.398  5689  5696 I dalvikvm: Total arena pages for JIT: 14
07-08 19:31:56.402  5689  5696 I dalvikvm: Total arena pages for JIT: 15
07-08 19:31:56.402  5689  5696 I dalvikvm: Total arena pages for JIT: 16
07-08 19:31:56.402  5689  5696 I dalvikvm: Total arena pages for JIT: 17
07-08 19:31:56.496  5689  5696 I dalvikvm: Total arena pages for JIT: 18
07-08 19:31:56.629  5689  5692 D dalvikvm: GC_CONCURRENT freed 738K, 8% free 10222K/11015K, paused 2ms+3ms
07-08 19:31:56.800  5689  5709 D dalvikvm: GC_FOR_ALLOC freed 246K, 7% free 10301K/11015K, paused 22ms
07-08 19:31:57.070  5689  5709 D dalvikvm: GC_FOR_ALLOC freed 233K, 7% free 10307K/11015K, paused 23ms
07-08 19:31:57.148  5689  5709 D dalvikvm: GC_FOR_ALLOC freed 82K, 7% free 10336K/11015K, paused 21ms
07-08 19:31:57.148  5689  5709 I dalvikvm-heap: Grow heap (frag case) to 10.175MB for 13101-byte allocation
07-08 19:31:57.168  5689  5709 D dalvikvm: GC_FOR_ALLOC freed 10K, 7% free 10339K/11079K, paused 21ms
07-08 19:31:57.207  5689  5709 D dalvikvm: GC_FOR_ALLOC freed 68K, 7% free 10344K/11079K, paused 21ms
07-08 19:31:58.336   659   661 D dalvikvm: GC_CONCURRENT freed 410K, 9% free 10354K/11271K, paused 3ms+3ms
07-08 19:31:58.730  5666  5686 E dalvikvm: Could not find class 'android.app.Notification$InboxStyle', referenced from method com.google.android.apps.plus.service.AndroidNotification.createDigestNotification
07-08 19:31:58.730  5666  5686 W dalvikvm: VFY: unable to resolve new-instance 41 (Landroid/app/Notification$InboxStyle;) in Lcom/google/android/apps/plus/service/AndroidNotification;
07-08 19:31:58.730  5666  5686 D dalvikvm: VFY: replacing opcode 0x22 at 0x0018
07-08 19:31:58.730  5666  5686 I dalvikvm: Could not find method android.app.Notification$Builder.setPriority, referenced from method com.google.android.apps.plus.service.AndroidNotification.createRichNotification
07-08 19:31:58.730  5666  5686 W dalvikvm: VFY: unable to resolve virtual method 162: Landroid/app/Notification$Builder;.setPriority (I)Landroid/app/Notification$Builder;
07-08 19:31:58.734  5666  5686 D dalvikvm: VFY: replacing opcode 0x6e at 0x00d5
07-08 19:31:58.761  5666  5686 D dalvikvm: DexOpt: unable to opt direct call 0x00a8 at 0x1a in Lcom/google/android/apps/plus/service/AndroidNotification;.createDigestNotification
07-08 19:31:58.761  5666  5686 D dalvikvm: DexOpt: unable to opt direct call 0x0091 at 0xf1 in Lcom/google/android/apps/plus/service/AndroidNotification;.createRichNotification
07-08 19:31:58.761  5666  5686 D dalvikvm: DexOpt: unable to opt direct call 0x0095 at 0x397 in Lcom/google/android/apps/plus/service/AndroidNotification;.createRichNotification
07-08 19:31:59.406  5689  5692 D dalvikvm: GC_CONCURRENT freed 395K, 7% free 10359K/11079K, paused 2ms+2ms
07-08 19:31:59.828  5666  5669 D dalvikvm: GC_CONCURRENT freed 1073K, 9% free 12947K/14151K, paused 2ms+2ms
07-08 19:32:00.062   143   160 I ActivityManager: Start proc com.whatsapp for service com.whatsapp/.messaging.MessageService: pid=5714 uid=10068 gids={1015, 3003}
07-08 19:32:00.097  5714  5714 I dalvikvm: Turning on JNI app bug workarounds for target SDK version 7...
07-08 19:32:00.152    79    79 D dalvikvm: GC_EXPLICIT freed 38K, 4% free 9031K/9347K, paused 4ms+27ms
07-08 19:32:00.195    79    79 D dalvikvm: GC_EXPLICIT freed <1K, 4% free 9031K/9347K, paused 4ms+6ms
07-08 19:32:00.226   221   223 D dalvikvm: GC_CONCURRENT freed 384K, 32% free 9700K/14215K, paused 2ms+3ms
07-08 19:32:00.265    79    79 D dalvikvm: GC_EXPLICIT freed <1K, 4% free 9031K/9347K, paused 2ms+2ms
07-08 19:32:00.371  5714  5716 D dalvikvm: GC_CONCURRENT freed 168K, 4% free 9304K/9607K, paused 2ms+2ms
07-08 19:32:00.851  5714  5716 D dalvikvm: GC_CONCURRENT freed 293K, 4% free 9559K/9927K, paused 3ms+4ms
07-08 19:32:01.234   143   387 D dalvikvm: GC_EXPLICIT freed 655K, 19% free 17275K/21127K, paused 3ms+7ms
07-08 19:32:01.281  5714  5714 I dalvikvm: Could not find method android.media.MediaMetadataRetriever.captureFrame, referenced from method com.whatsapp.q3.a
07-08 19:32:01.281  5714  5714 W dalvikvm: VFY: unable to resolve virtual method 502: Landroid/media/MediaMetadataRetriever;.captureFrame ()Landroid/graphics/Bitmap;
07-08 19:32:01.281  5714  5714 D dalvikvm: VFY: replacing opcode 0x6e at 0x0134
07-08 19:32:01.457  5714  5716 D dalvikvm: GC_CONCURRENT freed 257K, 4% free 9845K/10183K, paused 2ms+3ms
07-08 19:32:01.574  5714  5716 D dalvikvm: GC_CONCURRENT freed 338K, 5% free 9972K/10439K, paused 3ms+4ms
07-08 19:32:02.972   143   400 W ActivityManager: finishReceiver called but no pending broadcasts
07-08 19:32:03.117  5689  5692 D dalvikvm: GC_CONCURRENT freed 383K, 6% free 10488K/11079K, paused 2ms+5ms
07-08 19:32:04.172  5714  5716 D dalvikvm: GC_CONCURRENT freed 302K, 5% free 10135K/10567K, paused 2ms+6ms
07-08 19:32:06.734  5666  5669 D dalvikvm: GC_CONCURRENT freed 1099K, 9% free 13062K/14279K, paused 4ms+3ms
07-08 19:32:07.226  5666  5669 D dalvikvm: GC_CONCURRENT freed 1187K, 10% free 13161K/14471K, paused 4ms+3ms
07-08 19:32:11.863   143   311 W ActivityManager: finishReceiver called but no pending broadcasts
07-08 19:32:11.976  5689  5692 D dalvikvm: GC_CONCURRENT freed 514K, 6% free 10486K/11079K, paused 2ms+3ms
07-08 19:32:15.000  5666  5669 D dalvikvm: GC_CONCURRENT freed 1147K, 9% free 13317K/14599K, paused 10ms+4ms
07-08 19:32:15.246  4741  4742 D dalvikvm: GC_CONCURRENT freed 466K, 6% free 9775K/10375K, paused 2ms+3ms
07-08 19:32:15.816  5666  5686 D dalvikvm: GC_FOR_ALLOC freed 620K, 7% free 13607K/14599K, paused 47ms
07-08 19:32:15.867  5666  5686 D dalvikvm: GC_FOR_ALLOC freed 345K, 10% free 13602K/14983K, paused 47ms
07-08 19:32:15.871  5666  5686 I dalvikvm-heap: Grow heap (frag case) to 13.685MB for 348871-byte allocation
07-08 19:32:15.910  5666  5686 D dalvikvm: GC_FOR_ALLOC freed 11K, 10% free 13931K/15367K, paused 41ms
07-08 19:32:15.992  4741  4753 D dalvikvm: GC_EXPLICIT freed 186K, 7% free 9689K/10375K, paused 2ms+2ms
07-08 19:32:17.101  5666  5669 D dalvikvm: GC_CONCURRENT freed 1047K, 8% free 14444K/15623K, paused 2ms+4ms
07-08 19:32:19.394  5666  5669 D dalvikvm: GC_CONCURRENT freed 1691K, 12% free 14442K/16263K, paused 5ms+4ms
07-08 19:32:20.718   143 24239 W ActivityManager: finishReceiver called but no pending broadcasts
07-08 19:32:20.812  5689  5692 D dalvikvm: GC_CONCURRENT freed 513K, 6% free 10484K/11079K, paused 2ms+3ms
07-08 19:32:22.015  5666  5669 D dalvikvm: GC_CONCURRENT freed 2872K, 19% free 13262K/16263K, paused 2ms+3ms
07-08 19:32:22.632  5666  5746 D dalvikvm: GC_EXPLICIT freed 101K, 19% free 13226K/16263K, paused 17ms+7ms
07-08 19:32:22.863  4741  4742 D dalvikvm: GC_CONCURRENT freed 297K, 6% free 9776K/10375K, paused 7ms+3ms
07-08 19:32:22.965  5714  5716 D dalvikvm: GC_CONCURRENT freed 633K, 7% free 9949K/10695K, paused 6ms+3ms
07-08 19:32:28.289  5666  5686 I SqliteDatabaseCpp: sqlite returned: error code = 1, msg = no such column: last_stats_sync_time, db=/data/data/com.google.android.apps.plus/databases/es0.db
07-08 19:32:28.316  5666  5686 E EsSyncAdapterService: Sync failure
07-08 19:32:28.316  5666  5686 E EsSyncAdapterService: android.database.sqlite.SQLiteException: no such column: last_stats_sync_time: , while compiling: SELECT last_stats_sync_time  FROM account_status
07-08 19:32:28.316  5666  5686 E EsSyncAdapterService: 	at android.database.sqlite.SQLiteCompiledSql.native_compile(Native Method)
07-08 19:32:28.316  5666  5686 E EsSyncAdapterService: 	at android.database.sqlite.SQLiteCompiledSql.<init>(SQLiteCompiledSql.java:68)
07-08 19:32:28.316  5666  5686 E EsSyncAdapterService: 	at android.database.sqlite.SQLiteProgram.compileSql(SQLiteProgram.java:143)
07-08 19:32:28.316  5666  5686 E EsSyncAdapterService: 	at android.database.sqlite.SQLiteProgram.compileAndbindAllArgs(SQLiteProgram.java:361)
07-08 19:32:28.316  5666  5686 E EsSyncAdapterService: 	at android.database.sqlite.SQLiteStatement.acquireAndLock(SQLiteStatement.java:260)
07-08 19:32:28.316  5666  5686 E EsSyncAdapterService: 	at android.database.sqlite.SQLiteStatement.simpleQueryForLong(SQLiteStatement.java:137)
07-08 19:32:28.316  5666  5686 E EsSyncAdapterService: 	at android.database.DatabaseUtils.longForQuery(DatabaseUtils.java:791)
07-08 19:32:28.316  5666  5686 E EsSyncAdapterService: 	at android.database.DatabaseUtils.longForQuery(DatabaseUtils.java:779)
07-08 19:32:28.316  5666  5686 E EsSyncAdapterService: 	at com.google.android.apps.plus.content.EsAccountsData.queryLastStatsSyncTimestamp(EsAccountsData.java:570)
07-08 19:32:28.316  5666  5686 E EsSyncAdapterService: 	at com.google.android.apps.plus.service.EsSyncAdapterService.syncContactsStatsIfNecessary(EsSyncAdapterService.java:670)
07-08 19:32:28.316  5666  5686 E EsSyncAdapterService: 	at com.google.android.apps.plus.service.EsSyncAdapterService.doFullSync(EsSyncAdapterService.java:633)
07-08 19:32:28.316  5666  5686 E EsSyncAdapterService: 	at com.google.android.apps.plus.service.EsSyncAdapterService.doSync(EsSyncAdapterService.java:566)
07-08 19:32:28.316  5666  5686 E EsSyncAdapterService: 	at com.google.android.apps.plus.service.EsSyncAdapterService.access$100(EsSyncAdapterService.java:52)
07-08 19:32:28.316  5666  5686 E EsSyncAdapterService: 	at com.google.android.apps.plus.service.EsSyncAdapterService$SyncAdapterImpl.onPerformSync(EsSyncAdapterService.java:408)
07-08 19:32:28.316  5666  5686 E EsSyncAdapterService: 	at android.content.AbstractThreadedSyncAdapter$SyncThread.run(AbstractThreadedSyncAdapter.java:247)
07-08 19:32:28.340   143   169 D SyncManager: failed sync operation lokeshmandvekar@gmail.com (com.google), com.google.android.apps.plus.content.EsProvider, SERVER, earliestRunTime 90902645, SyncResult: stats [ numParseExceptions: 1]
07-08 19:32:28.515   143   169 D SyncManager: not retrying sync operation because the error is a hard error: lokeshmandvekar@gmail.com (com.google), com.google.android.apps.plus.content.EsProvider, SERVER, earliestRunTime 90941171
07-08 19:32:30.300  5173  5174 D dalvikvm: GC_CONCURRENT freed 713K, 7% free 11600K/12423K, paused 4ms+4ms
07-08 19:32:31.304   143   154 D dalvikvm: GC_EXPLICIT freed 562K, 19% free 17324K/21127K, paused 3ms+7ms
07-08 19:32:33.785  5666  5669 D dalvikvm: GC_CONCURRENT freed 1246K, 19% free 13259K/16263K, paused 2ms+3ms
07-08 19:32:34.086  4741  4742 D dalvikvm: GC_CONCURRENT freed 397K, 6% free 9766K/10375K, paused 1ms+3ms
07-08 19:32:34.953  5714  5716 D dalvikvm: GC_CONCURRENT freed 412K, 7% free 9955K/10695K, paused 2ms+2ms
07-08 19:32:36.164  4741  4742 D dalvikvm: GC_CONCURRENT freed 381K, 6% free 9770K/10375K, paused 2ms+3ms
07-08 19:32:52.593  4741  4770 D dalvikvm: GC_EXPLICIT freed 176K, 7% free 9673K/10375K, paused 2ms+4ms
07-08 19:32:52.754 22025 22026 D dalvikvm: GC_CONCURRENT freed 392K, 7% free 10765K/11463K, paused 2ms+6ms
07-08 19:32:52.875  5714  5716 D dalvikvm: GC_CONCURRENT freed 410K, 8% free 9946K/10695K, paused 2ms+3ms
07-08 19:32:57.882   143   177 I power   : *** set_screen_state 1
07-08 19:32:58.090    78   121 D SurfaceFlinger: Screen about to return, flinger = 0x1ddb918
07-08 19:32:58.175   143   177 I WindowManager: Lock screen displayed!
07-08 19:32:59.351   221   221 D PhoneStatusBar: disable: < expand icons alerts ticker system_info BACK HOME recent* CLOCK >
07-08 19:32:59.367  5689  5692 D dalvikvm: GC_CONCURRENT freed 524K, 7% free 10368K/11079K, paused 8ms+3ms
07-08 19:32:59.406   221   221 D PhoneStatusBar: disable: < expand icons alerts ticker system_info back* home* recent clock* >
07-08 19:32:59.425   143  2263 W InputManagerService: Window already focused, ignoring focus gain of: com.android.internal.view.IInputMethodClient$Stub$Proxy@4182c700
07-08 19:32:59.668   659   661 D dalvikvm: GC_CONCURRENT freed 498K, 9% free 10368K/11271K, paused 7ms+16ms
07-08 19:33:00.625   143   308 I ActivityManager: START {act=android.intent.action.MAIN cat=[android.intent.category.LAUNCHER] flg=0x10000000 pkg=com.twitter.android cmp=com.twitter.android/.StartActivity bnds=[120,254][240,404]} from pid 24357
07-08 19:33:00.797 24357 24357 D OpenGLRenderer: Flushing caches (mode 1)
07-08 19:33:00.808 24357 24357 D OpenGLRenderer: Flushing caches (mode 0)
07-08 19:33:01.187  5173  5173 D dalvikvm: GC_FOR_ALLOC freed 288K, 7% free 11605K/12423K, paused 83ms
07-08 19:33:01.195  5173  5173 I dalvikvm-heap: Grow heap (frag case) to 13.947MB for 2668016-byte allocation
07-08 19:33:01.203   143   159 I Process : Sending signal. PID: 5173 SIG: 3
07-08 19:33:01.203  5173  5175 I dalvikvm: threadid=3: reacting to signal 3
07-08 19:33:01.359  5173  5175 I dalvikvm: Wrote stack traces to '/data/anr/traces.txt'
07-08 19:33:01.379  5173  5174 D dalvikvm: GC_CONCURRENT freed 44K, 6% free 14166K/15047K, paused 2ms+12ms
07-08 19:33:01.500  5173  5173 D dalvikvm: GC_FOR_ALLOC freed <1K, 6% free 14166K/15047K, paused 33ms
07-08 19:33:01.523  5173  5173 I dalvikvm-heap: Grow heap (frag case) to 19.630MB for 6006016-byte allocation
07-08 19:33:01.570  5173  5174 D dalvikvm: GC_CONCURRENT freed 0K, 5% free 20031K/20935K, paused 2ms+2ms
07-08 19:33:01.691   143   159 I Process : Sending signal. PID: 5173 SIG: 3
07-08 19:33:01.691  5173  5175 I dalvikvm: threadid=3: reacting to signal 3
07-08 19:33:01.703  5173  5175 I dalvikvm: Wrote stack traces to '/data/anr/traces.txt'
07-08 19:33:01.742   143   154 I ActivityManager: START {flg=0x4000000 cmp=com.twitter.android/.HomeTabActivity} from pid 5173
07-08 19:33:02.234   221   221 V PhoneStatusBar: setLightsOn(true)
07-08 19:33:02.289  5173  5173 D libEGL  : loaded /system/lib/egl/libGLES_android.so
07-08 19:33:02.304  5173  5173 D libEGL  : loaded /vendor/lib/egl/libEGL_POWERVR_SGX540_120.so
07-08 19:33:02.324   143   159 I Process : Sending signal. PID: 5173 SIG: 3
07-08 19:33:02.324  5173  5175 I dalvikvm: threadid=3: reacting to signal 3
07-08 19:33:02.488  5173  5173 D libEGL  : loaded /vendor/lib/egl/libGLESv1_CM_POWERVR_SGX540_120.so
07-08 19:33:02.492  5173  5173 D libEGL  : loaded /vendor/lib/egl/libGLESv2_POWERVR_SGX540_120.so
07-08 19:33:02.543  5173  5175 I dalvikvm: Wrote stack traces to '/data/anr/traces.txt'
07-08 19:33:02.629  5173  5173 D OpenGLRenderer: Enabling debug mode 0
07-08 19:33:02.652   143  1922 I ActivityManager: Process com.facebook.katana (pid 4342) has died.
07-08 19:33:02.652   143  1922 W ActivityManager: Scheduling restart of crashed service com.facebook.katana/.service.MediaUploadService in 5000ms
07-08 19:33:02.707   143   176 I ActivityManager: Displayed com.twitter.android/.HomeTabActivity: +885ms (total +2s18ms)
07-08 19:33:02.742   143   143 I ActivityManager: Process com.google.android.talk (pid 5083) has died.
07-08 19:33:07.265  5173  5174 D dalvikvm: GC_CONCURRENT freed 3542K, 17% free 18439K/22087K, paused 5ms+13ms
07-08 19:33:07.343   325   327 D dalvikvm: GC_CONCURRENT freed 390K, 16% free 10203K/12103K, paused 1ms+3ms
07-08 19:33:07.695   143   160 I ActivityManager: Start proc com.facebook.katana for service com.facebook.katana/.service.MediaUploadService: pid=5777 uid=10071 gids={3003, 1006, 1015}
07-08 19:33:07.742  5777  5777 I dalvikvm: Turning on JNI app bug workarounds for target SDK version 7...
07-08 19:33:08.117 24357 24357 D OpenGLRenderer: Flushing caches (mode 1)
07-08 19:33:08.183  5777  5779 D dalvikvm: GC_CONCURRENT freed 148K, 3% free 9387K/9607K, paused 20ms+2ms
07-08 19:33:08.359   143   143 D dalvikvm: GC_EXPLICIT freed 715K, 19% free 17312K/21127K, paused 20ms+11ms
07-08 19:33:08.441  5777  5777 I ActivityThread: Pub com.facebook.katana.provider.LoggingProvider: com.facebook.katana.provider.LoggingProvider
07-08 19:33:08.492  5777  5777 I ActivityThread: Pub com.facebook.katana.provider.KeyValueProvider: com.facebook.katana.provider.KeyValueProvider
07-08 19:33:08.492  5777  5777 I ActivityThread: Pub com.facebook.katana.provider.CacheProvider: com.facebook.katana.provider.CacheProvider
07-08 19:33:08.496  5777  5777 I ActivityThread: Pub com.facebook.katana.provider.MailboxProvider: com.facebook.katana.provider.MailboxProvider
07-08 19:33:08.515  5777  5777 I ActivityThread: Pub com.facebook.katana.provider.UserStatusesProvider: com.facebook.katana.provider.UserStatusesProvider
07-08 19:33:08.515  5777  5777 I ActivityThread: Pub com.facebook.katana.provider.EventsProvider: com.facebook.katana.provider.EventsProvider
07-08 19:33:08.519  5777  5777 I ActivityThread: Pub com.facebook.katana.provider.NotificationsProvider: com.facebook.katana.provider.NotificationsProvider
07-08 19:33:08.531  5777  5777 I ActivityThread: Pub com.facebook.katana.provider.UserValuesProvider: com.facebook.katana.provider.UserValuesProvider
07-08 19:33:08.531  5777  5777 I ActivityThread: Pub com.facebook.katana.provider.PagesProvider: com.facebook.katana.provider.PagesProvider
07-08 19:33:08.535  5777  5777 I ActivityThread: Pub com.facebook.katana.provider.MobileEventLogProvider: com.facebook.katana.provider.MobileEventLogProvider
07-08 19:33:08.539  5777  5777 I ActivityThread: Pub com.facebook.katana.provider.PushNotificationsProvider: com.facebook.katana.provider.PushNotificationsProvider
07-08 19:33:08.543  5777  5777 I ActivityThread: Pub com.facebook.katana.provider.PhotosProvider: com.facebook.katana.provider.PhotosProvider
07-08 19:33:08.550  5777  5777 I ActivityThread: Pub com.facebook.katana.provider.ConnectionsProvider: com.facebook.katana.provider.ConnectionsProvider
07-08 19:33:08.550  5777  5779 D dalvikvm: GC_CONCURRENT freed 155K, 3% free 9728K/9991K, paused 5ms+4ms
07-08 19:33:08.570  5777  5777 I ActivityThread: Pub com.facebook.orca.notify.FbandroidMessagesForegroundProvider: com.facebook.orca.notify.FbandroidMessagesForegroundProvider
07-08 19:33:08.636  5777  5777 D ACRA    : Retrieve application default SharedPreferences.
07-08 19:33:08.640  5777  5777 D ACRA    : Set OnSharedPreferenceChangeListener.
07-08 19:33:08.648  5777  5777 D ACRA    : ACRA is enabled for com.facebook.katana, intializing...
07-08 19:33:08.668  5777  5777 D ACRA    : Looking for error files in /data/data/com.facebook.katana/app_acra-reports
07-08 19:33:08.730  5777  5777 W nalizableReferenceQueue: Could not load Finalizer in its own class loader.Loading Finalizer in the current class loader instead. As a result, you will not be ableto garbage collect this class loader. To support reclaiming this class loader, eitherresolve the underlying issue, or move Google Collections to your system class path.
07-08 19:33:08.730  5777  5777 W nalizableReferenceQueue: java.io.FileNotFoundException: com/google/common/base/internal/Finalizer.class
07-08 19:33:08.730  5777  5777 W nalizableReferenceQueue: 	at com.google.common.base.FinalizableReferenceQueue$DecoupledLoader.getBaseUrl(FinalizableReferenceQueue.java:243)
07-08 19:33:08.730  5777  5777 W nalizableReferenceQueue: 	at com.google.common.base.FinalizableReferenceQueue$DecoupledLoader.loadFinalizer(FinalizableReferenceQueue.java:227)
07-08 19:33:08.730  5777  5777 W nalizableReferenceQueue: 	at com.google.common.base.FinalizableReferenceQueue.loadFinalizer(FinalizableReferenceQueue.java:155)
07-08 19:33:08.730  5777  5777 W nalizableReferenceQueue: 	at com.google.common.base.FinalizableReferenceQueue.<clinit>(FinalizableReferenceQueue.java:84)
07-08 19:33:08.730  5777  5777 W nalizableReferenceQueue: 	at com.google.common.collect.CustomConcurrentHashMap$QueueHolder.<clinit>(CustomConcurrentHashMap.java:650)
07-08 19:33:08.730  5777  5777 W nalizableReferenceQueue: 	at com.google.common.collect.CustomConcurrentHashMap$WeakEntry.<init>(CustomConcurrentHashMap.java:1342)
07-08 19:33:08.730  5777  5777 W nalizableReferenceQueue: 	at com.google.common.collect.CustomConcurrentHashMap$EntryFactory$9.newEntry(CustomConcurrentHashMap.java:453)
07-08 19:33:08.730  5777  5777 W nalizableReferenceQueue: 	at com.google.common.collect.CustomConcurrentHashMap.a(CustomConcurrentHashMap.java:1715)
07-08 19:33:08.730  5777  5777 W nalizableReferenceQueue: 	at com.google.common.collect.ComputingConcurrentHashMap$ComputingSegment.a(ComputingConcurrentHashMap.java:123)
07-08 19:33:08.730  5777  5777 W nalizableReferenceQueue: 	at com.google.common.collect.ComputingConcurrentHashMap.apply(ComputingConcurrentHashMap.java:71)
07-08 19:33:08.730  5777  5777 W nalizableReferenceQueue: 	at com.google.common.collect.MapMaker$ComputingMapAdapter.get(MapMaker.java:848)
07-08 19:33:08.730  5777  5777 W nalizableReferenceQueue: 	at com.google.inject.internal.Annotations$AnnotationChecker.a(Annotations.java:94)
07-08 19:33:08.730  5777  5777 W nalizableReferenceQueue: 	at com.google.inject.internal.Annotations.c(Annotations.java:112)
07-08 19:33:08.730  5777  5777 W nalizableReferenceQueue: 	at com.google.inject.Key.d(Key.java:369)
07-08 19:33:08.730  5777  5777 W nalizableReferenceQueue: 	at com.google.inject.Key.b(Key.java:356)
07-08 19:33:08.730  5777  5777 W nalizableReferenceQueue: 	at com.google.inject.Key.a(Key.java:267)
07-08 19:33:08.730  5777  5777 W nalizableReferenceQueue: 	at com.facebook.orca.inject.binder.AnnotatedBindingBuilderImpl.a(AnnotatedBindingBuilderImpl.java:22)
07-08 19:33:08.730  5777  5777 W nalizableReferenceQueue: 	at com.facebook.orca.app.FbBaseModule.a(FbBaseModule.java:74)
07-08 19:33:08.730  5777  5777 W nalizableReferenceQueue: 	at com.facebook.orca.inject.AbstractModule.a(AbstractModule.java:19)
07-08 19:33:08.730  5777  5777 W nalizableReferenceQueue: 	at com.facebook.orca.inject.FbInjectorImpl.a(FbInjectorImpl.java:61)
07-08 19:33:08.730  5777  5777 W nalizableReferenceQueue: 	at com.facebook.orca.inject.FbInjectorImpl.<init>(FbInjectorImpl.java:41)
07-08 19:33:08.730  5777  5777 W nalizableReferenceQueue: 	at com.facebook.orca.inject.FbInjector.a(FbInjector.java:40)
07-08 19:33:08.730  5777  5777 W nalizableReferenceQueue: 	at com.facebook.katana.FacebookApplication.onCreate(FacebookApplication.java:86)
07-08 19:33:08.730  5777  5777 W nalizableReferenceQueue: 	at android.app.Instrumentation.callApplicationOnCreate(Instrumentation.java:969)
07-08 19:33:08.730  5777  5777 W nalizableReferenceQueue: 	at android.app.ActivityThread.handleBindApplication(ActivityThread.java:3954)
07-08 19:33:08.730  5777  5777 W nalizableReferenceQueue: 	at android.app.ActivityThread.access$1300(ActivityThread.java:123)
07-08 19:33:08.730  5777  5777 W nalizableReferenceQueue: 	at android.app.ActivityThread$H.handleMessage(ActivityThread.java:1185)
07-08 19:33:08.730  5777  5777 W nalizableReferenceQueue: 	at android.os.Handler.dispatchMessage(Handler.java:99)
07-08 19:33:08.730  5777  5777 W nalizableReferenceQueue: 	at android.os.Looper.loop(Looper.java:137)
07-08 19:33:08.730  5777  5777 W nalizableReferenceQueue: 	at android.app.ActivityThread.main(ActivityThread.java:4424)
07-08 19:33:08.730  5777  5777 W nalizableReferenceQueue: 	at java.lang.reflect.Method.invokeNative(Native Method)
07-08 19:33:08.730  5777  5777 W nalizableReferenceQueue: 	at java.lang.reflect.Method.invoke(Method.java:511)
07-08 19:33:08.730  5777  5777 W nalizableReferenceQueue: 	at com.android.internal.os.ZygoteInit$MethodAndArgsCaller.run(ZygoteInit.java:784)
07-08 19:33:08.730  5777  5777 W nalizableReferenceQueue: 	at com.android.internal.os.ZygoteInit.main(ZygoteInit.java:551)
07-08 19:33:08.730  5777  5777 W nalizableReferenceQueue: 	at dalvik.system.NativeStart.main(Native Method)
07-08 19:33:08.734  5777  5777 I Finalizer: Couldn't access Thread.inheritableThreadLocals. Reference finalizer threads will inherit thread local values.
07-08 19:33:08.812  5777  5779 D dalvikvm: GC_CONCURRENT freed 369K, 5% free 9870K/10311K, paused 2ms+4ms
07-08 19:33:08.961  5777  5779 D dalvikvm: GC_CONCURRENT freed 387K, 5% free 10017K/10503K, paused 2ms+3ms
07-08 19:33:09.332  5777  5779 D dalvikvm: GC_CONCURRENT freed 398K, 5% free 10161K/10631K, paused 48ms+7ms
07-08 19:33:10.289   143   159 W ActivityManager: Activity pause timeout for ActivityRecord{41705640 com.twitter.android/.HomeTabActivity}
07-08 19:33:10.601   143   159 I Process : Sending signal. PID: 5173 SIG: 3
07-08 19:33:10.601  5173  5175 I dalvikvm: threadid=3: reacting to signal 3
07-08 19:33:11.078  5173  5175 I dalvikvm: Wrote stack traces to '/data/anr/traces.txt'
07-08 19:33:11.152   143   173 I power   : *** set_screen_state 0
07-08 19:33:11.207    78   121 D SurfaceFlinger: About to give-up screen, flinger = 0x1ddb918
07-08 19:33:11.230  5173  5173 D OpenGLRenderer: Flushing caches (mode 1)
07-08 19:33:11.340  5777  5794 W Resources: Converting to string: TypedValue{t=0x10/d=0xffffffff a=-1}
07-08 19:33:11.511 24357 24357 W IInputConnectionWrapper: showStatusIcon on inactive InputConnection
07-08 19:33:11.636   143   177 V TransportControlView: Create TCV com.android.internal.widget.TransportControlView@419bb138
07-08 19:33:11.668   221   221 D PhoneStatusBar: disable: < expand icons alerts ticker system_info back home RECENT* clock >
07-08 19:33:11.734   221   221 D PhoneStatusBar: disable: < expand icons alerts ticker system_info BACK* HOME* RECENT CLOCK* >
07-08 19:33:11.761  5777  5779 D dalvikvm: GC_CONCURRENT freed 290K, 5% free 10285K/10759K, paused 3ms+16ms
07-08 19:33:12.117  5777  5779 D dalvikvm: GC_CONCURRENT freed 307K, 4% free 10406K/10823K, paused 2ms+3ms
07-08 19:33:13.457  5777  5779 D dalvikvm: GC_CONCURRENT freed 327K, 5% free 10497K/10951K, paused 3ms+4ms
07-08 19:33:14.535  5777  5779 D dalvikvm: GC_CONCURRENT freed 395K, 5% free 10562K/11079K, paused 2ms+8ms
07-08 19:33:17.207   143 26971 W ActivityManager: finishReceiver called but no pending broadcasts
07-08 19:33:17.297  5689  5692 D dalvikvm: GC_CONCURRENT freed 391K, 6% free 10488K/11079K, paused 1ms+4ms
07-08 19:33:18.746  5777  5779 D dalvikvm: GC_CONCURRENT freed 409K, 5% free 10603K/11143K, paused 2ms+2ms
07-08 19:33:21.828  4974  4987 I PhoneLab-: Service Running
07-08 19:33:21.953  4974  4987 I PhoneLab-LoggerService: app_37    1296  1     1436   996   c00f181c 400107b4 S logcat
07-08 19:33:21.953  4974  4987 I PhoneLab-LoggerService: Logcat pid from database 1296
07-08 19:33:21.953  4974  4987 I PhoneLab-LoggerService: Logcat process found 1296
07-08 19:33:21.953  4974  4987 I PhoneLab-LoggerService: Checking Threshold
07-08 19:33:23.554  5777  5779 D dalvikvm: GC_CONCURRENT freed 365K, 5% free 10660K/11143K, paused 2ms+3ms
07-08 19:34:03.472  5173  5177 I dalvikvm: Jit: resizing JitTable from 4096 to 8192
07-08 19:34:58.699  5689  5692 D dalvikvm: GC_CONCURRENT freed 623K, 7% free 10376K/11079K, paused 11ms+3ms
07-08 19:34:58.832   659   661 D dalvikvm: GC_CONCURRENT freed 537K, 9% free 10342K/11271K, paused 5ms+4ms
07-08 19:35:02.410   143   387 W ActivityManager: finishReceiver called but no pending broadcasts
07-08 19:35:02.488  5689  5692 D dalvikvm: GC_CONCURRENT freed 402K, 6% free 10485K/11079K, paused 1ms+2ms
07-08 19:35:21.820  4974  4987 I PhoneLab-: Service Running
07-08 19:35:21.886  4974  4987 I PhoneLab-LoggerService: app_37    1296  1     1436   996   c00f181c 400107b4 S logcat
07-08 19:35:21.890  4974  4987 I PhoneLab-LoggerService: Logcat pid from database 1296
07-08 19:35:21.890  4974  4987 I PhoneLab-LoggerService: Logcat process found 1296
07-08 19:35:21.890  4974  4987 I PhoneLab-LoggerService: Checking Threshold
07-08 19:35:58.859  5689  5692 D dalvikvm: GC_CONCURRENT freed 538K, 7% free 10380K/11079K, paused 1ms+8ms
07-08 19:35:58.918   659   661 D dalvikvm: GC_CONCURRENT freed 513K, 9% free 10341K/11271K, paused 4ms+2ms
07-08 19:35:59.066   659   661 D dalvikvm: GC_CONCURRENT freed 193K, 7% free 10538K/11271K, paused 5ms+3ms
07-08 19:36:02.449   143 10999 W ActivityManager: finishReceiver called but no pending broadcasts
07-08 19:36:02.550  5689  5692 D dalvikvm: GC_CONCURRENT freed 386K, 6% free 10505K/11079K, paused 2ms+3ms
07-08 19:36:58.937   659   661 D dalvikvm: GC_CONCURRENT freed 656K, 8% free 10390K/11271K, paused 7ms+3ms
07-08 19:37:21.820  4974  4987 I PhoneLab-: Service Running
07-08 19:37:21.933  4974  4987 I PhoneLab-LoggerService: app_37    1296  1     1436   996   c00f181c 400107b4 S logcat
07-08 19:37:21.933  4974  4987 I PhoneLab-LoggerService: Logcat pid from database 1296
07-08 19:37:21.933  4974  4987 I PhoneLab-LoggerService: Logcat process found 1296
07-08 19:37:21.933  4974  4987 I PhoneLab-LoggerService: Checking Threshold
07-08 19:37:26.843   143   177 I power   : *** set_screen_state 1
07-08 19:37:26.937   143   177 I WindowManager: Lock screen displayed!
07-08 19:37:27.050    78   121 D SurfaceFlinger: Screen about to return, flinger = 0x1ddb918
07-08 19:37:28.035   221   221 D PhoneStatusBar: disable: < expand icons alerts ticker system_info BACK HOME recent* CLOCK >
07-08 19:37:28.062   143  1922 W InputManagerService: Window already focused, ignoring focus gain of: com.android.internal.view.IInputMethodClient$Stub$Proxy@41786170
07-08 19:37:28.066   221   221 D PhoneStatusBar: disable: < expand icons alerts ticker system_info back* home* recent clock* >
07-08 19:37:29.906   143   173 I power   : *** set_screen_state 0
07-08 19:37:29.953    78   121 D SurfaceFlinger: About to give-up screen, flinger = 0x1ddb918
07-08 19:37:30.007   143   177 V TransportControlView: Create TCV com.android.internal.widget.TransportControlView@41709490
07-08 19:37:30.093   143   145 D dalvikvm: GC_CONCURRENT freed 1856K, 18% free 17503K/21127K, paused 17ms+8ms
07-08 19:37:30.300   221   221 D PhoneStatusBar: disable: < expand icons alerts ticker system_info back home RECENT* clock >
07-08 19:37:30.316   221   221 D PhoneStatusBar: disable: < expand icons alerts ticker system_info BACK* HOME* RECENT CLOCK* >
07-08 19:37:30.414   143  2263 D dalvikvm: GC_EXPLICIT freed 663K, 18% free 17381K/21127K, paused 8ms+8ms
07-08 19:37:35.961   143   403 W ActivityManager: finishReceiver called but no pending broadcasts
07-08 19:37:36.277  5689  5692 D dalvikvm: GC_CONCURRENT freed 544K, 6% free 10520K/11143K, paused 210ms+3ms
07-08 19:37:58.851  5689  5692 D dalvikvm: GC_CONCURRENT freed 653K, 7% free 10378K/11143K, paused 2ms+2ms
07-08 19:38:59.007   659   661 D dalvikvm: GC_CONCURRENT freed 565K, 9% free 10337K/11271K, paused 8ms+4ms
07-08 19:39:11.539  4974  4974 I PhoneLab-Locks: wake lock acquired
07-08 19:39:11.574  4974  5862 I PhoneLab-PeriodicCheckService: User info is synched
07-08 19:39:11.593  4974  5862 I PhoneLab-PeriodicCheckService: Logger Service is running
07-08 19:39:11.597  4974  4974 I PhoneLab-Locks: wake lock acquired
07-08 19:39:11.601  4974  4974 I PhoneLab-StatusMonitor: Status Monitoring is started
07-08 19:39:11.609  4974  5862 I PhoneLab-Locks: wake lock acquired
07-08 19:39:11.609  4974  5862 I PhoneLab-PeriodicCheckService: Rescheduling periodic checking...
07-08 19:39:11.613  4974  5862 I PhoneLab-Locks: wake lock released
07-08 19:39:11.629  4974  4974 E PhoneLab-PhoneLabManifest: java.io.FileNotFoundException: /data/data/edu.buffalo.cse.phonelab.phonelabservices/files/manifest.xml: open failed: ENOENT (No such file or directory)
07-08 19:39:11.644  4974  4974 I PhoneLab-Locks: wake lock released
07-08 19:39:11.644  4974  4974 I PhoneLab-UploadLogs: Transfering log files now
07-08 19:39:11.660  4974  4974 I PhoneLab-UploadLogs: No log files to transfer
07-08 19:39:11.660  4974  4974 I PhoneLab-Locks: wake lock released
07-08 19:39:11.660  4974  4974 I PhoneLab-UploadLogs: OnStartCommand
07-08 19:39:11.687  4974  4977 D dalvikvm: GC_CONCURRENT freed 407K, 15% free 9113K/10695K, paused 2ms+3ms
07-08 19:39:16.308   143   177 I power   : *** set_screen_state 1
07-08 19:39:16.418   143   177 I WindowManager: Lock screen displayed!
07-08 19:39:16.504    78   121 D SurfaceFlinger: Screen about to return, flinger = 0x1ddb918
07-08 19:39:17.250   221   221 D PhoneStatusBar: disable: < expand icons alerts ticker system_info BACK HOME recent* CLOCK >
07-08 19:39:17.277   143 10999 W InputManagerService: Window already focused, ignoring focus gain of: com.android.internal.view.IInputMethodClient$Stub$Proxy@41640d70
07-08 19:39:17.277   221   221 D PhoneStatusBar: disable: < expand icons alerts ticker system_info back* home* recent clock* >
07-08 19:39:18.406   143   173 I power   : *** set_screen_state 0
07-08 19:39:18.484    78   121 D SurfaceFlinger: About to give-up screen, flinger = 0x1ddb918
07-08 19:39:18.550   143   177 V TransportControlView: Create TCV com.android.internal.widget.TransportControlView@4134b8a0
07-08 19:39:18.582   221   221 D PhoneStatusBar: disable: < expand icons alerts ticker system_info back home RECENT* clock >
07-08 19:39:18.597   221   221 D PhoneStatusBar: disable: < expand icons alerts ticker system_info BACK* HOME* RECENT CLOCK* >
07-08 19:39:20.675  5689  5692 D dalvikvm: GC_CONCURRENT freed 392K, 7% free 10380K/11143K, paused 2ms+2ms
07-08 19:39:21.824  4974  4987 I PhoneLab-: Service Running
07-08 19:39:21.965   143   311 I ActivityManager: Process android.process.media (pid 5105) has died.
07-08 19:39:22.043  4974  4987 I PhoneLab-LoggerService: app_37    1296  1     1436   996   c00f181c 400107b4 S logcat
07-08 19:39:22.043  4974  4987 I PhoneLab-LoggerService: Logcat pid from database 1296
07-08 19:39:22.043  4974  4987 I PhoneLab-LoggerService: Logcat process found 1296
07-08 19:39:22.043  4974  4987 I PhoneLab-LoggerService: Checking Threshold
07-08 19:39:24.332   143   395 W ActivityManager: finishReceiver called but no pending broadcasts
07-08 19:39:24.457  5689  5692 D dalvikvm: GC_CONCURRENT freed 381K, 6% free 10511K/11143K, paused 2ms+2ms
07-08 19:39:59.004  5173  5173 D OpenGLRenderer: Flushing caches (mode 1)
07-08 19:39:59.105   659   661 D dalvikvm: GC_CONCURRENT freed 453K, 8% free 10390K/11271K, paused 2ms+3ms
07-08 19:40:59.062  5689  5692 D dalvikvm: GC_CONCURRENT freed 634K, 7% free 10388K/11143K, paused 1ms+2ms
07-08 19:40:59.082  5173  5173 D OpenGLRenderer: Flushing caches (mode 1)
07-08 19:41:21.820  4974  4987 I PhoneLab-: Service Running
07-08 19:41:21.898  4974  4987 I PhoneLab-LoggerService: app_37    1296  1     1436   996   c00f181c 400107b4 S logcat
07-08 19:41:21.898  4974  4987 I PhoneLab-LoggerService: Logcat pid from database 1296
07-08 19:41:21.898  4974  4987 I PhoneLab-LoggerService: Logcat process found 1296
07-08 19:41:21.898  4974  4987 I PhoneLab-LoggerService: Checking Threshold
07-08 19:41:44.023   143   177 I power   : *** set_screen_state 1
07-08 19:41:44.164   143   177 I WindowManager: Lock screen displayed!
07-08 19:41:44.234    78   121 D SurfaceFlinger: Screen about to return, flinger = 0x1ddb918
07-08 19:41:45.355   221   221 D PhoneStatusBar: disable: < expand icons alerts ticker system_info BACK HOME recent* CLOCK >
07-08 19:41:45.382   143   403 W InputManagerService: Window already focused, ignoring focus gain of: com.android.internal.view.IInputMethodClient$Stub$Proxy@417562c0
07-08 19:41:45.394   221   221 D PhoneStatusBar: disable: < expand icons alerts ticker system_info back* home* recent clock* >
07-08 19:41:46.664   143   173 I power   : *** set_screen_state 0
07-08 19:41:46.718    78   121 D SurfaceFlinger: About to give-up screen, flinger = 0x1ddb918
07-08 19:41:46.742   143   177 V TransportControlView: Create TCV com.android.internal.widget.TransportControlView@41a90340
07-08 19:41:46.785   221   221 D PhoneStatusBar: disable: < expand icons alerts ticker system_info back home RECENT* clock >
07-08 19:41:46.847  5173  5173 D OpenGLRenderer: Flushing caches (mode 1)
07-08 19:41:46.867   221   221 D PhoneStatusBar: disable: < expand icons alerts ticker system_info BACK* HOME* RECENT CLOCK* >
07-08 19:41:48.269   143   145 D dalvikvm: GC_CONCURRENT freed 1481K, 16% free 17823K/21127K, paused 5ms+11ms
07-08 19:41:52.578   143 26971 W ActivityManager: finishReceiver called but no pending broadcasts
07-08 19:41:52.660  5689  5692 D dalvikvm: GC_CONCURRENT freed 394K, 6% free 10505K/11143K, paused 2ms+2ms
07-08 19:41:59.121  5173  5173 D OpenGLRenderer: Flushing caches (mode 1)
07-08 19:41:59.230  5689  5692 D dalvikvm: GC_CONCURRENT freed 524K, 7% free 10386K/11143K, paused 2ms+15ms
07-08 19:41:59.246   659   661 D dalvikvm: GC_CONCURRENT freed 553K, 9% free 10349K/11271K, paused 4ms+4ms
07-08 19:42:59.125  5173  5173 D OpenGLRenderer: Flushing caches (mode 1)
07-08 19:42:59.226   659   661 D dalvikvm: GC_CONCURRENT freed 467K, 8% free 10392K/11271K, paused 2ms+3ms
07-08 19:43:21.816  4974  4987 I PhoneLab-: Service Running
07-08 19:43:21.886  4974  4987 I PhoneLab-LoggerService: app_37    1296  1     1436   996   c00f181c 400107b4 S logcat
07-08 19:43:21.890  4974  4987 I PhoneLab-LoggerService: Logcat pid from database 1296
07-08 19:43:21.890  4974  4987 I PhoneLab-LoggerService: Logcat process found 1296
07-08 19:43:21.890  4974  4987 I PhoneLab-LoggerService: Checking Threshold
07-08 19:43:59.211  5689  5692 D dalvikvm: GC_CONCURRENT freed 507K, 7% free 10391K/11143K, paused 2ms+6ms
07-08 19:43:59.222  5173  5173 D OpenGLRenderer: Flushing caches (mode 1)
07-08 19:43:59.351   659   661 D dalvikvm: GC_CONCURRENT freed 405K, 8% free 10402K/11271K, paused 2ms+3ms
07-08 19:44:00.390   659   661 D dalvikvm: GC_CONCURRENT freed 263K, 7% free 10593K/11271K, paused 1ms+2ms
07-08 19:44:08.054   143   177 I power   : *** set_screen_state 1
07-08 19:44:08.195   143   177 I WindowManager: Lock screen displayed!
07-08 19:44:08.265    78   121 D SurfaceFlinger: Screen about to return, flinger = 0x1ddb918
07-08 19:44:08.941   221   221 D PhoneStatusBar: disable: < expand icons alerts ticker system_info BACK HOME recent* CLOCK >
07-08 19:44:08.965   143 24239 W InputManagerService: Window already focused, ignoring focus gain of: com.android.internal.view.IInputMethodClient$Stub$Proxy@41970100
07-08 19:44:08.972   221   221 D PhoneStatusBar: disable: < expand icons alerts ticker system_info back* home* recent clock* >
07-08 19:44:09.152   143   403 D dalvikvm: GC_EXPLICIT freed 995K, 19% free 17320K/21127K, paused 7ms+13ms
07-08 19:44:09.300  5173  5173 D OpenGLRenderer: Flushing caches (mode 1)
07-08 19:44:09.597 22025 22026 D dalvikvm: GC_CONCURRENT freed 457K, 7% free 10764K/11463K, paused 7ms+6ms
07-08 19:44:12.136   143   400 I ActivityManager: START {act=android.intent.action.MAIN cat=[android.intent.category.LAUNCHER] flg=0x10200000 cmp=com.google.android.talk/.SigningInActivity bnds=[96,706][192,802]} from pid 24357
07-08 19:44:12.199 24357 24360 D dalvikvm: GC_CONCURRENT freed 825K, 23% free 11815K/15303K, paused 6ms+6ms
07-08 19:44:12.222   143   387 I ActivityManager: Start proc com.google.android.talk for activity com.google.android.talk/.SigningInActivity: pid=5904 uid=10045 gids={3003, 1015, 1006, 3002}
07-08 19:44:12.324 24357 24357 D OpenGLRenderer: Flushing caches (mode 1)
07-08 19:44:12.375 24357 24357 D OpenGLRenderer: Flushing caches (mode 0)
07-08 19:44:12.484  5904  5904 I ActivityThread: Pub com.google.android.talk.SuggestionProvider: com.google.android.talk.SuggestionsProvider
07-08 19:44:12.605  5904  5904 D vclib:CallStateClient: startListening
07-08 19:44:12.769  5904  5906 D dalvikvm: GC_CONCURRENT freed 173K, 3% free 9350K/9607K, paused 19ms+2ms
07-08 19:44:12.785   143   159 I Process : Sending signal. PID: 5904 SIG: 3
07-08 19:44:12.785  5904  5907 I dalvikvm: threadid=3: reacting to signal 3
07-08 19:44:12.800 22025 22750 D dalvikvm: GC_EXPLICIT freed 114K, 7% free 10671K/11463K, paused 3ms+5ms
07-08 19:44:12.820  5904  5907 I dalvikvm: Wrote stack traces to '/data/anr/traces.txt'
07-08 19:44:13.175   143   154 I ActivityManager: Start proc android.process.media for content provider com.android.providers.media/.MediaProvider: pid=5927 uid=10012 gids={1015, 1023, 1024, 2001, 3003, 3007}
07-08 19:44:13.285   143   159 I Process : Sending signal. PID: 5904 SIG: 3
07-08 19:44:13.285  5904  5907 I dalvikvm: threadid=3: reacting to signal 3
07-08 19:44:13.894  5904  5907 I dalvikvm: Wrote stack traces to '/data/anr/traces.txt'
07-08 19:44:13.906   143   159 I Process : Sending signal. PID: 5904 SIG: 3
07-08 19:44:13.906  5904  5907 I dalvikvm: threadid=3: reacting to signal 3
07-08 19:44:13.937  5927  5927 I ActivityThread: Pub downloads: com.android.providers.downloads.DownloadProvider
07-08 19:44:13.980  5904  5907 I dalvikvm: Wrote stack traces to '/data/anr/traces.txt'
07-08 19:44:13.992  5927  5927 I ActivityThread: Pub drm: com.android.providers.drm.DrmProvider
07-08 19:44:13.992  5927  5941 I DownloadManager: in removeSpuriousFiles
07-08 19:44:14.007  5927  5927 I ActivityThread: Pub media: com.android.providers.media.MediaProvider
07-08 19:44:14.175  5927  5941 I DownloadManager: in removeSpuriousFiles, preserving file /data/data/com.android.providers.downloads/cache/metadata.json
07-08 19:44:14.175  5927  5941 I DownloadManager: in removeSpuriousFiles, preserving file /data/data/com.android.providers.downloads/cache/en_general.htm
07-08 19:44:14.175  5927  5941 I DownloadManager: in removeSpuriousFiles, preserving file /mnt/sdcard/Download/img-thing.jpeg
07-08 19:44:14.175  5927  5941 I DownloadManager: in removeSpuriousFiles, preserving file /data/data/com.android.providers.downloads/cache/metadata-1.json
07-08 19:44:14.175  5927  5941 I DownloadManager: in removeSpuriousFiles, preserving file /data/data/com.android.providers.downloads/cache/downloadfile.jpeg
07-08 19:44:14.175  5927  5941 I DownloadManager: in removeSpuriousFiles, preserving file /data/data/com.android.providers.downloads/cache/metadata-2.json
07-08 19:44:14.175  5927  5941 I DownloadManager: in removeSpuriousFiles, preserving file /data/data/com.android.providers.downloads/cache/metadata-3.json
07-08 19:44:14.175  5927  5941 I DownloadManager: in removeSpuriousFiles, preserving file /data/data/com.android.providers.downloads/cache/downloadfile-1.jpeg
07-08 19:44:14.179  5927  5941 I DownloadManager: in removeSpuriousFiles, preserving file /data/data/com.android.providers.downloads/cache/downloadfile-2.jpeg
07-08 19:44:14.179  5927  5941 I DownloadManager: in removeSpuriousFiles, preserving file /data/data/com.android.providers.downloads/cache/metadata-4.json
07-08 19:44:14.179  5927  5941 I DownloadManager: in removeSpuriousFiles, preserving file /data/data/com.android.providers.downloads/cache/downloadfile-1.apk
07-08 19:44:14.179  5927  5941 I DownloadManager: deleting spurious file /cache/backup
07-08 19:44:14.265   143   403 I ActivityManager: Process com.google.android.apps.maps:FriendService (pid 5296) has died.
07-08 19:44:14.281   143   159 I Process : Sending signal. PID: 5904 SIG: 3
07-08 19:44:14.281  5904  5907 I dalvikvm: threadid=3: reacting to signal 3
07-08 19:44:14.300  5904  5907 I dalvikvm: Wrote stack traces to '/data/anr/traces.txt'
07-08 19:44:14.324  5904  5904 D vclib:CallStateClient: startListening
07-08 19:44:14.511  5173  5173 D OpenGLRenderer: Flushing caches (mode 1)
07-08 19:44:14.519  5904  5906 D dalvikvm: GC_CONCURRENT freed 262K, 4% free 9556K/9927K, paused 89ms+9ms
07-08 19:44:14.601  5927  5929 D dalvikvm: GC_CONCURRENT freed 309K, 5% free 9201K/9607K, paused 2ms+20ms
07-08 19:44:14.625  5904  5904 D libEGL  : loaded /system/lib/egl/libGLES_android.so
07-08 19:44:14.629  5904  5904 D libEGL  : loaded /vendor/lib/egl/libEGL_POWERVR_SGX540_120.so
07-08 19:44:14.648  5904  5904 D libEGL  : loaded /vendor/lib/egl/libGLESv1_CM_POWERVR_SGX540_120.so
07-08 19:44:14.652  5904  5904 D libEGL  : loaded /vendor/lib/egl/libGLESv2_POWERVR_SGX540_120.so
07-08 19:44:14.722  5904  5904 D OpenGLRenderer: Enabling debug mode 0
07-08 19:44:14.781   143   159 I Process : Sending signal. PID: 5904 SIG: 3
07-08 19:44:14.781  5904  5907 I dalvikvm: threadid=3: reacting to signal 3
07-08 19:44:14.816  5904  5948 E talk    : [Databaseutils] pruneOldMessageHistory
07-08 19:44:14.824  5904  5907 I dalvikvm: Wrote stack traces to '/data/anr/traces.txt'
07-08 19:44:14.867   143   176 I ActivityManager: Displayed com.google.android.talk/.SigningInActivity: +2s691ms
07-08 19:44:14.949 24357 24357 D OpenGLRenderer: Flushing caches (mode 1)
07-08 19:44:15.347  5904  5904 D vclib:CallStateClient: stopListening
07-08 19:44:15.351  5904  5904 D vclib:CallStateClient: startListening
07-08 19:44:15.500 24357 24357 D OpenGLRenderer: Flushing caches (mode 1)
07-08 19:44:15.500  5173  5173 D OpenGLRenderer: Flushing caches (mode 1)
07-08 19:44:15.613  5904  5906 D dalvikvm: GC_CONCURRENT freed 220K, 4% free 9854K/10183K, paused 4ms+3ms
07-08 19:44:15.859  5904  5906 D dalvikvm: GC_CONCURRENT freed 116K, 2% free 10172K/10375K, paused 2ms+4ms
07-08 19:44:16.261   143 10999 I ActivityManager: Process com.google.android.apps.plus (pid 5666) has died.
07-08 19:44:17.457  5904  5906 D dalvikvm: GC_CONCURRENT freed 207K, 4% free 10362K/10695K, paused 2ms+3ms
07-08 19:44:19.906  5173  5173 D OpenGLRenderer: Flushing caches (mode 1)
07-08 19:44:19.910 24357 24357 D OpenGLRenderer: Flushing caches (mode 1)
07-08 19:44:20.105   325   327 D dalvikvm: GC_CONCURRENT freed 389K, 16% free 10203K/12103K, paused 2ms+2ms
07-08 19:44:20.140  5904  5904 D OpenGLRenderer: Flushing caches (mode 0)
07-08 19:44:21.500  5904  5904 D OpenGLRenderer: Flushing caches (mode 1)
07-08 19:44:21.507  5904  5904 D vclib:CallStateClient: stopListening
07-08 19:44:22.168   143   173 I power   : *** set_screen_state 0
07-08 19:44:22.222    78   121 D SurfaceFlinger: About to give-up screen, flinger = 0x1ddb918
07-08 19:44:22.324   143   177 V TransportControlView: Create TCV com.android.internal.widget.TransportControlView@416caf68
07-08 19:44:22.351   221   221 D PhoneStatusBar: disable: < expand icons alerts ticker system_info back home RECENT* clock >
07-08 19:44:22.375   221   221 D PhoneStatusBar: disable: < expand icons alerts ticker system_info BACK* HOME* RECENT CLOCK* >
07-08 19:44:22.410  5173  5173 D OpenGLRenderer: Flushing caches (mode 2)
07-08 19:44:22.418  5904  5904 D OpenGLRenderer: Flushing caches (mode 1)
07-08 19:44:28.015   143   154 W ActivityManager: finishReceiver called but no pending broadcasts
07-08 19:44:28.101  5689  5692 D dalvikvm: GC_CONCURRENT freed 396K, 6% free 10507K/11143K, paused 2ms+2ms
07-08 19:44:59.246  5904  5904 D OpenGLRenderer: Flushing caches (mode 1)
07-08 19:44:59.351   659   661 D dalvikvm: GC_CONCURRENT freed 697K, 8% free 10400K/11271K, paused 2ms+4ms
07-08 19:45:08.894 27377 27379 D dalvikvm: GC_CONCURRENT freed 834K, 16% free 11896K/14023K, paused 7ms+8ms
07-08 19:45:21.820  4974  4987 I PhoneLab-: Service Running
07-08 19:45:21.910  4974  4987 I PhoneLab-LoggerService: app_37    1296  1     1436   996   c00f181c 400107b4 S logcat
07-08 19:45:21.910  4974  4987 I PhoneLab-LoggerService: Logcat pid from database 1296
07-08 19:45:21.910  4974  4987 I PhoneLab-LoggerService: Logcat process found 1296
07-08 19:45:21.910  4974  4987 I PhoneLab-LoggerService: Checking Threshold
07-08 19:45:59.308  5689  5692 D dalvikvm: GC_CONCURRENT freed 631K, 7% free 10387K/11143K, paused 2ms+2ms
07-08 19:45:59.332  5904  5904 D OpenGLRenderer: Flushing caches (mode 1)
07-08 19:46:47.422   143   175 I ActivityManager: Start proc com.google.android.apps.plus for service com.google.android.apps.plus/.service.EsService: pid=5963 uid=10060 gids={3003, 3002, 1015, 1006}
07-08 19:46:47.910  5963  5966 D dalvikvm: GC_CONCURRENT freed 157K, 3% free 9379K/9607K, paused 2ms+2ms
07-08 19:46:48.066  5963  5963 I ActivityThread: Pub com.google.android.apps.plus.content.ApiProvider: com.google.android.apps.plus.content.EsApiProvider
07-08 19:46:48.109  5963  5963 I ActivityThread: Pub com.google.android.apps.plus.content.EsGooglePhotoProvider: com.google.android.picasasync.PicasaContentProvider
07-08 19:46:48.254  5963  5966 D dalvikvm: GC_CONCURRENT freed 336K, 5% free 9580K/9991K, paused 2ms+4ms
07-08 19:46:48.277  5963  5963 I ActivityThread: Pub com.google.android.apps.plus.content.EsPicasaStoreProvider: com.google.android.picasastore.PicasaPhotoContentProvider
07-08 19:46:48.316  5963  5963 I ActivityThread: Pub com.google.plus.platform: com.google.android.apps.plus.content.AdsProvider
07-08 19:46:48.316  5963  5963 I ActivityThread: Pub com.google.android.apps.plus.iu.EsGoogleIuProvider: com.google.android.apps.plus.iu.InstantUploadProvider
07-08 19:46:48.382  5963  5966 D dalvikvm: GC_CONCURRENT freed 500K, 6% free 9608K/10183K, paused 6ms+2ms
07-08 19:46:48.386  5963  5963 I ActivityThread: Pub com.google.android.apps.plus.content.EsProvider: com.google.android.apps.plus.content.EsProvider
07-08 19:46:48.484  5777  5779 D dalvikvm: GC_CONCURRENT freed 398K, 5% free 10739K/11271K, paused 22ms+29ms
07-08 19:46:48.492  5963  5977 D PicasaPhotoCP: set fsid first time:-1
07-08 19:46:48.617  5963  5966 D dalvikvm: GC_CONCURRENT freed 254K, 4% free 9917K/10247K, paused 3ms+3ms
07-08 19:46:48.718  5963  5966 D dalvikvm: GC_CONCURRENT freed 145K, 3% free 10267K/10503K, paused 2ms+2ms
07-08 19:46:48.793  5963  5980 D dalvikvm: GC_FOR_ALLOC freed 270K, 4% free 10392K/10823K, paused 20ms
07-08 19:46:48.820  5963  5980 D dalvikvm: GC_FOR_ALLOC freed 62K, 4% free 10456K/10823K, paused 18ms
07-08 19:46:48.847  5963  5980 D dalvikvm: GC_FOR_ALLOC freed 126K, 5% free 10584K/11079K, paused 20ms
07-08 19:46:48.847  5963  5980 I dalvikvm-heap: Grow heap (frag case) to 10.583MB for 187514-byte allocation
07-08 19:46:48.871  5963  5980 D dalvikvm: GC_FOR_ALLOC freed 255K, 7% free 10512K/11271K, paused 20ms
07-08 19:46:48.898  5963  5980 D dalvikvm: GC_FOR_ALLOC freed 118K, 6% free 10641K/11271K, paused 18ms
07-08 19:46:48.898  5963  5980 I dalvikvm-heap: Grow heap (frag case) to 10.708MB for 260112-byte allocation
07-08 19:46:48.918  5963  5980 D dalvikvm: GC_FOR_ALLOC freed 126K, 7% free 10769K/11527K, paused 20ms
07-08 19:46:48.949  5963  5980 D dalvikvm: GC_FOR_ALLOC freed 369K, 7% free 10824K/11527K, paused 19ms
07-08 19:46:49.039  5963  5966 D dalvikvm: GC_CONCURRENT freed 399K, 5% free 10984K/11527K, paused 2ms+3ms
07-08 19:46:49.175  5963  5966 D dalvikvm: GC_CONCURRENT freed 151K, 2% free 11496K/11719K, paused 2ms+3ms
07-08 19:46:49.347  5963  5966 D dalvikvm: GC_CONCURRENT freed 176K, 3% free 12160K/12423K, paused 2ms+6ms
07-08 19:46:49.574  5963  5966 D dalvikvm: GC_CONCURRENT freed 610K, 6% free 12638K/13319K, paused 1ms+3ms
07-08 19:46:49.968  5963  5980 I SqliteDatabaseCpp: sqlite returned: error code = 1, msg = no such column: wipeout_stats, db=/data/data/com.google.android.apps.plus/databases/es0.db
07-08 19:46:49.968  5963  5980 W System.err: android.database.sqlite.SQLiteException: no such column: wipeout_stats: , while compiling: SELECT wipeout_stats  FROM account_status
07-08 19:46:49.984  5963  5980 W System.err: 	at android.database.sqlite.SQLiteCompiledSql.native_compile(Native Method)
07-08 19:46:49.984  5963  5980 W System.err: 	at android.database.sqlite.SQLiteCompiledSql.<init>(SQLiteCompiledSql.java:68)
07-08 19:46:49.984  5963  5980 W System.err: 	at android.database.sqlite.SQLiteProgram.compileSql(SQLiteProgram.java:143)
07-08 19:46:49.984  5963  5980 W System.err: 	at android.database.sqlite.SQLiteProgram.compileAndbindAllArgs(SQLiteProgram.java:361)
07-08 19:46:49.984  5963  5980 W System.err: 	at android.database.sqlite.SQLiteStatement.acquireAndLock(SQLiteStatement.java:260)
07-08 19:46:49.988  5963  5980 W System.err: 	at android.database.sqlite.SQLiteStatement.simpleQueryForLong(SQLiteStatement.java:137)
07-08 19:46:49.988  5963  5980 W System.err: 	at android.database.DatabaseUtils.longForQuery(DatabaseUtils.java:791)
07-08 19:46:49.988  5963  5980 W System.err: 	at android.database.DatabaseUtils.longForQuery(DatabaseUtils.java:779)
07-08 19:46:49.988  5963  5980 W System.err: 	at com.google.android.apps.plus.content.EsAccountsData.isContactsStatsWipeoutNeeded(EsAccountsData.java:641)
07-08 19:46:49.988  5963  5980 W System.err: 	at com.google.android.apps.plus.service.EsService.processIntent(EsService.java:4246)
07-08 19:46:49.988  5963  5980 W System.err: 	at com.google.android.apps.plus.service.ServiceThread$1.run(ServiceThread.java:50)
07-08 19:46:49.988  5963  5980 W System.err: 	at android.os.Handler.handleCallback(Handler.java:605)
07-08 19:46:49.988  5963  5980 W System.err: 	at android.os.Handler.dispatchMessage(Handler.java:92)
07-08 19:46:49.988  5963  5980 W System.err: 	at android.os.Looper.loop(Looper.java:137)
07-08 19:46:49.988  5963  5980 W System.err: 	at com.google.android.apps.plus.service.ServiceThread.run(ServiceThread.java:122)
07-08 19:46:52.257  5963  5966 D dalvikvm: GC_CONCURRENT freed 1016K, 9% free 12757K/13895K, paused 26ms+3ms
07-08 19:46:55.386  5963  5966 D dalvikvm: GC_CONCURRENT freed 982K, 8% free 12918K/14023K, paused 4ms+3ms
07-08 19:46:56.718  5963  5985 E dalvikvm: Could not find class 'android.app.Notification$InboxStyle', referenced from method com.google.android.apps.plus.service.AndroidNotification.createDigestNotification
07-08 19:46:56.718  5963  5985 W dalvikvm: VFY: unable to resolve new-instance 41 (Landroid/app/Notification$InboxStyle;) in Lcom/google/android/apps/plus/service/AndroidNotification;
07-08 19:46:56.718  5963  5985 D dalvikvm: VFY: replacing opcode 0x22 at 0x0018
07-08 19:46:56.722  5963  5985 I dalvikvm: Could not find method android.app.Notification$Builder.setPriority, referenced from method com.google.android.apps.plus.service.AndroidNotification.createRichNotification
07-08 19:46:56.722  5963  5985 W dalvikvm: VFY: unable to resolve virtual method 162: Landroid/app/Notification$Builder;.setPriority (I)Landroid/app/Notification$Builder;
07-08 19:46:56.722  5963  5985 D dalvikvm: VFY: replacing opcode 0x6e at 0x00d5
07-08 19:46:56.746  5963  5985 D dalvikvm: DexOpt: unable to opt direct call 0x00a8 at 0x1a in Lcom/google/android/apps/plus/service/AndroidNotification;.createDigestNotification
07-08 19:46:56.746  5963  5985 D dalvikvm: DexOpt: unable to opt direct call 0x0091 at 0xf1 in Lcom/google/android/apps/plus/service/AndroidNotification;.createRichNotification
07-08 19:46:56.746  5963  5985 D dalvikvm: DexOpt: unable to opt direct call 0x0095 at 0x397 in Lcom/google/android/apps/plus/service/AndroidNotification;.createRichNotification
07-08 19:46:59.472   143   145 D dalvikvm: JIT code cache reset in 4 ms (1048568 bytes 20/0)
07-08 19:46:59.496   143   145 D dalvikvm: GC_CONCURRENT freed 1081K, 15% free 18164K/21127K, paused 6ms+13ms
07-08 19:46:59.586   143  1922 D dalvikvm: GC_EXPLICIT freed 754K, 18% free 17409K/21127K, paused 3ms+12ms
07-08 19:46:59.691   659   661 D dalvikvm: GC_CONCURRENT freed 555K, 9% free 10357K/11271K, paused 3ms+9ms
07-08 19:47:02.211   143   387 I ActivityManager: Process com.google.android.apps.googlevoice (pid 5517) has died.
07-08 19:47:02.211   143   387 W ActivityManager: Scheduling restart of crashed service com.google.android.apps.googlevoice/.UpdateService in 5000ms
07-08 19:47:02.211   143   387 W ActivityManager: Scheduling restart of crashed service com.google.android.apps.googlevoice/.CallLogService in 15000ms
07-08 19:47:02.324  5963  5966 D dalvikvm: GC_CONCURRENT freed 1176K, 10% free 13047K/14343K, paused 26ms+3ms
07-08 19:47:02.867  5963  5966 D dalvikvm: GC_CONCURRENT freed 1129K, 9% free 13165K/14407K, paused 3ms+3ms
07-08 19:47:03.027  4741  4742 D dalvikvm: GC_CONCURRENT freed 311K, 6% free 9757K/10375K, paused 8ms+3ms
07-08 19:47:06.074  5963  5966 D dalvikvm: GC_CONCURRENT freed 1258K, 10% free 13270K/14663K, paused 4ms+4ms
07-08 19:47:07.175  5963  5985 D dalvikvm: GC_FOR_ALLOC freed 447K, 8% free 13586K/14663K, paused 42ms
07-08 19:47:07.230  5963  5985 D dalvikvm: GC_FOR_ALLOC freed 347K, 10% free 13580K/15047K, paused 54ms
07-08 19:47:07.230  5963  5985 I dalvikvm-heap: Grow heap (frag case) to 13.663MB for 348868-byte allocation
07-08 19:47:07.336   143   160 I ActivityManager: Start proc com.google.android.apps.googlevoice for service com.google.android.apps.googlevoice/.UpdateService: pid=5995 uid=10054 gids={3003, 1015}
07-08 19:47:07.359  5963  5985 D dalvikvm: GC_FOR_ALLOC freed 0K, 10% free 13920K/15431K, paused 109ms
07-08 19:47:08.043  5995  5996 D dalvikvm: GC_CONCURRENT freed 233K, 4% free 9302K/9607K, paused 51ms+5ms
07-08 19:47:08.254  4741  4742 D dalvikvm: GC_CONCURRENT freed 391K, 7% free 9752K/10375K, paused 8ms+5ms
07-08 19:47:08.472   143 26971 I ActivityManager: Process com.google.android.maps.mytracks (pid 5542) has died.
07-08 19:47:08.550  5904  5904 D OpenGLRenderer: Flushing caches (mode 1)
07-08 19:47:08.812  5995  5996 D dalvikvm: GC_CONCURRENT freed 370K, 5% free 9416K/9863K, paused 2ms+2ms
07-08 19:47:08.812  5995  6004 W CursorWrapperInner: Cursor finalized without prior close()
07-08 19:47:08.812  5995  6004 W CursorWrapperInner: Cursor finalized without prior close()
07-08 19:47:08.812  5995  6004 W CursorWrapperInner: Cursor finalized without prior close()
07-08 19:47:08.984  5995  5996 D dalvikvm: GC_CONCURRENT freed 357K, 5% free 9509K/9991K, paused 30ms+2ms
07-08 19:47:09.246  4741  4753 D dalvikvm: GC_EXPLICIT freed 211K, 7% free 9743K/10375K, paused 7ms+3ms
07-08 19:47:09.625  5995  6021 D dalvikvm: GC_FOR_ALLOC freed 143K, 5% free 9688K/10119K, paused 17ms
07-08 19:47:09.875  5714  5716 D dalvikvm: GC_CONCURRENT freed 338K, 7% free 10021K/10695K, paused 8ms+3ms
07-08 19:47:10.101  4741  4742 D dalvikvm: GC_CONCURRENT freed 295K, 6% free 9837K/10375K, paused 2ms+12ms
07-08 19:47:10.168  5963  5966 D dalvikvm: GC_CONCURRENT freed 1060K, 8% free 14430K/15623K, paused 2ms+4ms
07-08 19:47:11.707   143   403 D dalvikvm: GC_EXPLICIT freed 696K, 19% free 17293K/21127K, paused 3ms+7ms
07-08 19:47:12.656  5963  5966 D dalvikvm: GC_CONCURRENT freed 1711K, 12% free 14419K/16263K, paused 8ms+3ms
07-08 19:47:14.011  5904  5904 D OpenGLRenderer: Flushing caches (mode 1)
07-08 19:47:15.746  5963  5985 I SqliteDatabaseCpp: sqlite returned: error code = 1, msg = no such column: last_stats_sync_time, db=/data/data/com.google.android.apps.plus/databases/es0.db
07-08 19:47:15.859  5963  5985 E EsSyncAdapterService: Sync failure
07-08 19:47:15.859  5963  5985 E EsSyncAdapterService: android.database.sqlite.SQLiteException: no such column: last_stats_sync_time: , while compiling: SELECT last_stats_sync_time  FROM account_status
07-08 19:47:15.859  5963  5985 E EsSyncAdapterService: 	at android.database.sqlite.SQLiteCompiledSql.native_compile(Native Method)
07-08 19:47:15.859  5963  5985 E EsSyncAdapterService: 	at android.database.sqlite.SQLiteCompiledSql.<init>(SQLiteCompiledSql.java:68)
07-08 19:47:15.859  5963  5985 E EsSyncAdapterService: 	at android.database.sqlite.SQLiteProgram.compileSql(SQLiteProgram.java:143)
07-08 19:47:15.859  5963  5985 E EsSyncAdapterService: 	at android.database.sqlite.SQLiteProgram.compileAndbindAllArgs(SQLiteProgram.java:361)
07-08 19:47:15.859  5963  5985 E EsSyncAdapterService: 	at android.database.sqlite.SQLiteStatement.acquireAndLock(SQLiteStatement.java:260)
07-08 19:47:15.859  5963  5985 E EsSyncAdapterService: 	at android.database.sqlite.SQLiteStatement.simpleQueryForLong(SQLiteStatement.java:137)
07-08 19:47:15.859  5963  5985 E EsSyncAdapterService: 	at android.database.DatabaseUtils.longForQuery(DatabaseUtils.java:791)
07-08 19:47:15.859  5963  5985 E EsSyncAdapterService: 	at android.database.DatabaseUtils.longForQuery(DatabaseUtils.java:779)
07-08 19:47:15.859  5963  5985 E EsSyncAdapterService: 	at com.google.android.apps.plus.content.EsAccountsData.queryLastStatsSyncTimestamp(EsAccountsData.java:570)
07-08 19:47:15.859  5963  5985 E EsSyncAdapterService: 	at com.google.android.apps.plus.service.EsSyncAdapterService.syncContactsStatsIfNecessary(EsSyncAdapterService.java:670)
07-08 19:47:15.859  5963  5985 E EsSyncAdapterService: 	at com.google.android.apps.plus.service.EsSyncAdapterService.doFullSync(EsSyncAdapterService.java:633)
07-08 19:47:15.859  5963  5985 E EsSyncAdapterService: 	at com.google.android.apps.plus.service.EsSyncAdapterService.doSync(EsSyncAdapterService.java:566)
07-08 19:47:15.859  5963  5985 E EsSyncAdapterService: 	at com.google.android.apps.plus.service.EsSyncAdapterService.access$100(EsSyncAdapterService.java:52)
07-08 19:47:15.859  5963  5985 E EsSyncAdapterService: 	at com.google.android.apps.plus.service.EsSyncAdapterService$SyncAdapterImpl.onPerformSync(EsSyncAdapterService.java:408)
07-08 19:47:15.859  5963  5985 E EsSyncAdapterService: 	at android.content.AbstractThreadedSyncAdapter$SyncThread.run(AbstractThreadedSyncAdapter.java:247)
07-08 19:47:15.976   143   169 D SyncManager: failed sync operation lokeshmandvekar@gmail.com (com.google), com.google.android.apps.plus.content.EsProvider, SERVER, earliestRunTime 91802621, SyncResult: stats [ numParseExceptions: 1]
07-08 19:47:15.988   143   169 D SyncManager: not retrying sync operation because the error is a hard error: lokeshmandvekar@gmail.com (com.google), com.google.android.apps.plus.content.EsProvider, SERVER, earliestRunTime 91828644
07-08 19:47:20.757  5963  5966 D dalvikvm: GC_CONCURRENT freed 2908K, 19% free 13247K/16263K, paused 16ms+3ms
07-08 19:47:20.800  5904  5904 D OpenGLRenderer: Flushing caches (mode 1)
07-08 19:47:20.820  5904  5904 D OpenGLRenderer: Flushing caches (mode 1)
07-08 19:47:20.843  5904  5904 D OpenGLRenderer: Flushing caches (mode 1)
07-08 19:47:21.113  5963  5993 D dalvikvm: GC_EXPLICIT freed 166K, 19% free 13191K/16263K, paused 2ms+3ms
07-08 19:47:21.465  4741  6013 D dalvikvm: GC_EXPLICIT freed 445K, 6% free 9788K/10375K, paused 2ms+3ms
07-08 19:47:21.828  4974  4987 I PhoneLab-: Service Running
07-08 19:47:21.925  4974  4987 I PhoneLab-LoggerService: app_37    1296  1     1436   996   c00f181c 400107b4 S logcat
07-08 19:47:21.925  4974  4987 I PhoneLab-LoggerService: Logcat pid from database 1296
07-08 19:47:21.925  4974  4987 I PhoneLab-LoggerService: Logcat process found 1296
07-08 19:47:21.925  4974  4987 I PhoneLab-LoggerService: Checking Threshold
07-08 19:47:22.683  5714  5716 D dalvikvm: GC_CONCURRENT freed 402K, 7% free 10016K/10695K, paused 2ms+8ms
07-08 19:47:23.957  4741  4742 D dalvikvm: GC_CONCURRENT freed 412K, 6% free 9760K/10375K, paused 7ms+3ms
07-08 19:47:24.476   143   177 I power   : *** set_screen_state 1
07-08 19:47:24.675    78   121 D SurfaceFlinger: Screen about to return, flinger = 0x1ddb918
07-08 19:47:24.965   143   177 I WindowManager: Lock screen displayed!
07-08 19:47:25.035   143   400 I ActivityManager: Process com.twitter.android (pid 5173) has died.
07-08 19:47:25.773   221   221 D PhoneStatusBar: disable: < expand icons alerts ticker system_info BACK HOME recent* CLOCK >
07-08 19:47:25.820   221   221 D PhoneStatusBar: disable: < expand icons alerts ticker system_info back* home* recent clock* >
07-08 19:47:25.824   143   387 W InputManagerService: Window already focused, ignoring focus gain of: com.android.internal.view.IInputMethodClient$Stub$Proxy@417832d8
07-08 19:47:26.238  5904  5904 D OpenGLRenderer: Flushing caches (mode 2)
07-08 19:47:27.078   143   173 I power   : *** set_screen_state 0
07-08 19:47:27.132    78   121 D SurfaceFlinger: About to give-up screen, flinger = 0x1ddb918
07-08 19:47:27.187   143   177 V TransportControlView: Create TCV com.android.internal.widget.TransportControlView@413621f8
07-08 19:47:27.273   221   221 D PhoneStatusBar: disable: < expand icons alerts ticker system_info back home RECENT* clock >
07-08 19:47:27.300   221   221 D PhoneStatusBar: disable: < expand icons alerts ticker system_info BACK* HOME* RECENT CLOCK* >
07-08 19:47:29.394  5689  5692 D dalvikvm: GC_CONCURRENT freed 395K, 7% free 10383K/11143K, paused 12ms+2ms
07-08 19:47:32.972   143   143 W ActivityManager: finishReceiver called but no pending broadcasts
07-08 19:47:33.058  5689  5692 D dalvikvm: GC_CONCURRENT freed 382K, 6% free 10512K/11143K, paused 1ms+2ms
07-08 19:47:40.554   143   175 I ActivityManager: Start proc com.twitter.android for service com.twitter.android/.client.AppService: pid=6030 uid=10064 gids={3003, 1015}
07-08 19:47:40.570  6030  6030 I dalvikvm: Turning on JNI app bug workarounds for target SDK version 11...
07-08 19:47:40.761  6030  6030 I ActivityThread: Pub com.twitter.android.provider.GlobalDatabaseProvider: com.twitter.android.provider.GlobalDatabaseProvider
07-08 19:47:40.773  6030  6030 I ActivityThread: Pub com.twitter.android.provider.TwitterProvider: com.twitter.android.provider.TwitterProvider
07-08 19:47:41.066  6030  6031 D dalvikvm: GC_CONCURRENT freed 208K, 4% free 9265K/9607K, paused 149ms+3ms
07-08 19:47:41.632   143   159 D dalvikvm: GC_EXPLICIT freed 550K, 16% free 17915K/21127K, paused 3ms+8ms
07-08 19:47:41.754 22025 22026 D dalvikvm: GC_CONCURRENT freed 339K, 7% free 10758K/11463K, paused 6ms+5ms
07-08 19:47:41.851  5714  5716 D dalvikvm: GC_CONCURRENT freed 397K, 7% free 10016K/10695K, paused 2ms+3ms
07-08 19:47:42.711  6030  6031 D dalvikvm: GC_CONCURRENT freed 179K, 4% free 9498K/9799K, paused 6ms+2ms
07-08 19:47:42.859  6030  6031 D dalvikvm: GC_CONCURRENT freed 297K, 5% free 9625K/10055K, paused 2ms+2ms
07-08 19:47:42.980  6030  6031 D dalvikvm: GC_CONCURRENT freed 301K, 5% free 9758K/10183K, paused 1ms+2ms
07-08 19:47:43.117  6030  6031 D dalvikvm: GC_CONCURRENT freed 302K, 5% free 9881K/10311K, paused 1ms+1ms
07-08 19:47:43.234  6030  6031 D dalvikvm: GC_CONCURRENT freed 305K, 5% free 10014K/10439K, paused 1ms+2ms
07-08 19:47:43.367  6030  6031 D dalvikvm: GC_CONCURRENT freed 304K, 5% free 10143K/10567K, paused 3ms+2ms
07-08 19:47:43.504  6030  6031 D dalvikvm: GC_CONCURRENT freed 309K, 4% free 10280K/10695K, paused 1ms+1ms
07-08 19:47:43.679  6030  6031 D dalvikvm: GC_CONCURRENT freed 481K, 6% free 10222K/10823K, paused 2ms+2ms
07-08 19:47:43.800  6030  6031 D dalvikvm: GC_CONCURRENT freed 321K, 5% free 10309K/10823K, paused 1ms+2ms
07-08 19:47:43.949  6030  6031 D dalvikvm: GC_CONCURRENT freed 374K, 5% free 10397K/10887K, paused 1ms+2ms
07-08 19:47:44.074  6030  6031 D dalvikvm: GC_CONCURRENT freed 357K, 5% free 10480K/10951K, paused 2ms+2ms
07-08 19:47:44.191  6030  6031 D dalvikvm: GC_CONCURRENT freed 345K, 5% free 10562K/11015K, paused 2ms+2ms
07-08 19:47:44.336  6030  6031 D dalvikvm: GC_CONCURRENT freed 381K, 5% free 10657K/11143K, paused 1ms+2ms
07-08 19:47:44.472  6030  6031 D dalvikvm: GC_CONCURRENT freed 400K, 5% free 10752K/11271K, paused 2ms+3ms
07-08 19:47:44.664  6030  6031 D dalvikvm: GC_CONCURRENT freed 381K, 5% free 10892K/11399K, paused 6ms+2ms
07-08 19:47:46.754  6030  6031 D dalvikvm: GC_CONCURRENT freed 338K, 4% free 11091K/11527K, paused 1ms+2ms
07-08 19:47:50.031   143   169 I ActivityManager: Start proc com.google.android.apps.currents for service com.google.android.apps.currents/com.google.apps.dots.android.app.service.SyncService: pid=6051 uid=10078 gids={3003, 1015}
07-08 19:47:50.414  6051  6051 I ActivityThread: Pub com.google.apps.dots.android.app.provider.SuggestionProvider: com.google.apps.dots.android.app.provider.SuggestionProvider
07-08 19:47:50.422  6051  6051 I ActivityThread: Pub com.google.android.apps.currents.exported: com.google.apps.dots.android.app.provider.ExportedContentProvider
07-08 19:47:50.496  6051  6053 D dalvikvm: GC_CONCURRENT freed 173K, 3% free 9363K/9607K, paused 2ms+2ms
07-08 19:47:50.562  6051  6053 D dalvikvm: GC_CONCURRENT freed 264K, 5% free 9585K/9991K, paused 2ms+5ms
07-08 19:47:50.664   143  1922 I ActivityManager: Process edu.buffalo.cse.phonelab.phonelabservices (pid 4974) has died.
07-08 19:47:50.664   143  1922 W ActivityManager: Scheduling restart of crashed service edu.buffalo.cse.phonelab.phonelabservices/edu.buffalo.cse.phonelab.datalogger.LoggerService in 5000ms
07-08 19:47:50.765  6051  6053 D dalvikvm: GC_CONCURRENT freed 238K, 4% free 9874K/10183K, paused 2ms+2ms
07-08 19:47:50.933  6051  6053 D dalvikvm: GC_CONCURRENT freed 250K, 4% free 10176K/10503K, paused 1ms+2ms
07-08 19:47:50.957  6051  6051 I DotsContentUris: content://com.google.android.apps.currents
07-08 19:47:50.972  6051  6051 I ActivityThread: Pub com.google.android.apps.currents: com.google.apps.dots.android.app.provider.DotsContentProvider
07-08 19:47:50.984  6051  6051 I DotsApplication: Starting up...
07-08 19:47:51.351  6051  6053 D dalvikvm: GC_CONCURRENT freed 450K, 6% free 10157K/10695K, paused 10ms+12ms
07-08 19:47:51.582  6051  6053 D dalvikvm: GC_CONCURRENT freed 255K, 4% free 10335K/10695K, paused 2ms+3ms
07-08 19:47:51.601  6051  6074 I SyncService: Starting sync (19:47:51)
07-08 19:47:55.316  6051  6053 D dalvikvm: GC_CONCURRENT freed 286K, 4% free 10472K/10887K, paused 2ms+2ms
07-08 19:47:55.675   143   160 I ActivityManager: Start proc edu.buffalo.cse.phonelab.phonelabservices for service edu.buffalo.cse.phonelab.phonelabservices/edu.buffalo.cse.phonelab.datalogger.LoggerService: pid=6078 uid=10037 gids={3003, 1015, 1007, 2001}
07-08 19:47:55.726  6078  6078 I PhoneLab-LoggerService: Start Logger Service
07-08 19:47:55.765  6078  6091 I PhoneLab-: Service Running
07-08 19:47:55.773  6051  6053 D dalvikvm: GC_CONCURRENT freed 232K, 4% free 10672K/11015K, paused 4ms+2ms
07-08 19:47:55.840  6078  6091 I PhoneLab-LoggerService: app_37    1296  1     1436   996   c00f181c 400107b4 S logcat
07-08 19:47:55.840  6078  6091 I PhoneLab-LoggerService: Logcat pid from database 1296
07-08 19:47:55.840  6078  6091 I PhoneLab-LoggerService: Logcat process found 1296
07-08 19:47:55.840  6078  6091 I PhoneLab-LoggerService: Checking Threshold
07-08 19:47:55.914  6051  6053 D dalvikvm: GC_CONCURRENT freed 490K, 7% free 10655K/11335K, paused 1ms+2ms
07-08 19:47:56.222  6051  6053 D dalvikvm: GC_CONCURRENT freed 388K, 6% free 10696K/11335K, paused 2ms+2ms
07-08 19:47:57.351   143 24239 D SyncManager: setSyncAutomatically: , provider com.google.android.apps.currents -> true
07-08 19:47:57.351   143 24239 D SyncManager: setSyncAutomatically: already set to true, doing nothing
07-08 19:47:57.613  6051  6053 D dalvikvm: GC_CONCURRENT freed 423K, 6% free 10715K/11335K, paused 2ms+4ms
07-08 19:47:57.750  6051  6076 D dalvikvm: GC_FOR_ALLOC freed 194K, 4% free 10969K/11399K, paused 26ms
07-08 19:47:57.925  6051  6053 D dalvikvm: GC_CONCURRENT freed 292K, 4% free 11285K/11655K, paused 4ms+3ms
07-08 19:47:58.254  6051  6053 D dalvikvm: GC_CONCURRENT freed 570K, 6% free 11414K/12103K, paused 2ms+3ms
07-08 19:47:58.425   143 11000 D dalvikvm: GC_EXPLICIT freed 1127K, 19% free 17296K/21127K, paused 4ms+8ms
07-08 19:47:58.910  6051  6053 D dalvikvm: GC_CONCURRENT freed 850K, 9% free 11247K/12231K, paused 22ms+3ms
07-08 19:47:59.136  6051  6053 D dalvikvm: GC_CONCURRENT freed 581K, 8% free 11284K/12231K, paused 2ms+6ms
07-08 19:47:59.691   659   661 D dalvikvm: GC_CONCURRENT freed 516K, 9% free 10352K/11271K, paused 20ms+7ms
07-08 19:48:00.492  6051  6053 D dalvikvm: GC_CONCURRENT freed 626K, 8% free 11307K/12231K, paused 2ms+2ms
07-08 19:48:00.640  6051  6053 D dalvikvm: GC_CONCURRENT freed 625K, 8% free 11319K/12231K, paused 2ms+2ms
07-08 19:48:00.816  6051  6053 D dalvikvm: GC_CONCURRENT freed 631K, 8% free 11338K/12231K, paused 1ms+4ms
07-08 19:48:01.871  6051  6053 D dalvikvm: GC_CONCURRENT freed 692K, 8% free 11302K/12231K, paused 2ms+2ms
07-08 19:48:02.011  6051  6053 D dalvikvm: GC_CONCURRENT freed 618K, 8% free 11318K/12231K, paused 2ms+3ms
07-08 19:48:02.234  6051  6053 D dalvikvm: GC_CONCURRENT freed 623K, 8% free 11341K/12231K, paused 3ms+3ms
07-08 19:48:03.031  6051  6053 D dalvikvm: GC_CONCURRENT freed 685K, 8% free 11306K/12231K, paused 2ms+2ms
07-08 19:48:03.629  6051  6053 D dalvikvm: GC_CONCURRENT freed 639K, 8% free 11321K/12231K, paused 2ms+3ms
07-08 19:48:06.937  6051  6053 D dalvikvm: GC_CONCURRENT freed 647K, 8% free 11316K/12231K, paused 2ms+3ms
07-08 19:48:07.562  6051  6053 D dalvikvm: GC_CONCURRENT freed 636K, 8% free 11325K/12231K, paused 2ms+5ms
07-08 19:48:08.230  6051  6053 D dalvikvm: GC_CONCURRENT freed 617K, 8% free 11354K/12231K, paused 3ms+3ms
07-08 19:48:08.425  6051  6053 D dalvikvm: GC_CONCURRENT freed 655K, 8% free 11363K/12231K, paused 36ms+3ms
07-08 19:48:09.906  6051  6053 D dalvikvm: GC_CONCURRENT freed 684K, 8% free 11347K/12231K, paused 1ms+3ms
07-08 19:48:10.058  6051  6053 D dalvikvm: GC_CONCURRENT freed 609K, 7% free 11385K/12231K, paused 2ms+2ms
07-08 19:48:10.218  6051  6053 D dalvikvm: GC_CONCURRENT freed 683K, 7% free 11414K/12231K, paused 2ms+4ms
07-08 19:48:11.011  6051  6053 D dalvikvm: GC_CONCURRENT freed 759K, 8% free 11345K/12231K, paused 2ms+3ms
07-08 19:48:11.160  6051  6053 D dalvikvm: GC_CONCURRENT freed 624K, 7% free 11383K/12231K, paused 2ms+2ms
07-08 19:48:11.687  6051  6053 D dalvikvm: GC_CONCURRENT freed 726K, 8% free 11374K/12231K, paused 3ms+2ms
07-08 19:48:12.578  6051  6053 D dalvikvm: GC_CONCURRENT freed 655K, 7% free 11389K/12231K, paused 2ms+2ms
07-08 19:48:12.757  6051  6053 D dalvikvm: GC_CONCURRENT freed 675K, 7% free 11421K/12231K, paused 1ms+6ms
07-08 19:48:12.929  6051  6053 D dalvikvm: GC_CONCURRENT freed 659K, 7% free 11441K/12231K, paused 2ms+3ms
07-08 19:48:14.625  6051  6053 D dalvikvm: GC_CONCURRENT freed 813K, 8% free 11395K/12295K, paused 2ms+2ms
07-08 19:48:15.824  6051  6053 D dalvikvm: GC_CONCURRENT freed 642K, 7% free 11440K/12295K, paused 2ms+3ms
07-08 19:48:15.984  6051  6053 D dalvikvm: GC_CONCURRENT freed 695K, 7% free 11467K/12295K, paused 2ms+2ms
07-08 19:48:16.121  6051  6053 D dalvikvm: GC_CONCURRENT freed 665K, 7% free 11500K/12295K, paused 2ms+2ms
07-08 19:48:16.550   143   154 D dalvikvm: GC_EXPLICIT freed 535K, 19% free 17292K/21127K, paused 2ms+7ms
07-08 19:48:16.648  6051  6076 D dalvikvm: GC_EXPLICIT freed 391K, 6% free 11611K/12295K, paused 12ms+4ms
07-08 19:48:18.769  6051  6053 D dalvikvm: GC_CONCURRENT freed 976K, 9% free 11400K/12487K, paused 2ms+3ms
07-08 19:48:18.918  6051  6053 D dalvikvm: GC_CONCURRENT freed 653K, 9% free 11447K/12487K, paused 2ms+2ms
07-08 19:48:19.058  6051  6053 D dalvikvm: GC_CONCURRENT freed 673K, 9% free 11472K/12487K, paused 2ms+2ms
07-08 19:48:19.445  6051  6053 D dalvikvm: GC_CONCURRENT freed 630K, 8% free 11537K/12487K, paused 7ms+3ms
07-08 19:48:21.757  6051  6053 D dalvikvm: GC_CONCURRENT freed 811K, 9% free 11476K/12487K, paused 1ms+6ms
07-08 19:48:21.824  6051  6076 D dalvikvm: GC_FOR_ALLOC freed 172K, 9% free 11448K/12487K, paused 29ms
07-08 19:48:21.824  6051  6076 I dalvikvm-heap: Grow heap (frag case) to 11.308MB for 61366-byte allocation
07-08 19:48:21.871  6051  6076 D dalvikvm: GC_FOR_ALLOC freed 31K, 9% free 11476K/12551K, paused 46ms
07-08 19:48:21.902  6051  6076 D dalvikvm: GC_FOR_ALLOC freed <1K, 9% free 11476K/12551K, paused 27ms
07-08 19:48:21.902  6051  6076 I dalvikvm-heap: Grow heap (frag case) to 11.396MB for 124476-byte allocation
07-08 19:48:21.929  6051  6076 D dalvikvm: GC_FOR_ALLOC freed 59K, 10% free 11538K/12679K, paused 25ms
07-08 19:48:21.957  6051  6076 D dalvikvm: GC_FOR_ALLOC freed 126K, 10% free 11500K/12679K, paused 24ms
07-08 19:48:24.058  6051  6053 D dalvikvm: GC_CONCURRENT freed 824K, 11% free 11377K/12679K, paused 12ms+2ms
07-08 19:48:24.726  6051  6053 D dalvikvm: GC_CONCURRENT freed 641K, 11% free 11396K/12679K, paused 3ms+2ms
07-08 19:48:24.867  6051  6053 D dalvikvm: GC_CONCURRENT freed 590K, 10% free 11496K/12679K, paused 2ms+4ms
07-08 19:48:25.007  6051  6053 D dalvikvm: GC_CONCURRENT freed 692K, 9% free 11544K/12679K, paused 2ms+3ms
07-08 19:48:25.793  6051  6053 D dalvikvm: GC_CONCURRENT freed 740K, 10% free 11526K/12679K, paused 3ms+2ms
07-08 19:48:25.941  6051  6053 D dalvikvm: GC_CONCURRENT freed 695K, 9% free 11569K/12679K, paused 2ms+7ms
07-08 19:48:27.398  6051  6053 D dalvikvm: GC_CONCURRENT freed 809K, 10% free 11494K/12679K, paused 16ms+3ms
07-08 19:48:27.660  6051  6053 D dalvikvm: GC_CONCURRENT freed 717K, 10% free 11476K/12679K, paused 3ms+2ms
07-08 19:48:27.922  6051  6053 D dalvikvm: GC_CONCURRENT freed 708K, 10% free 11461K/12679K, paused 2ms+2ms
07-08 19:48:28.078  6051  6053 D dalvikvm: GC_CONCURRENT freed 599K, 9% free 11563K/12679K, paused 2ms+2ms
07-08 19:48:28.222  6051  6053 D dalvikvm: GC_CONCURRENT freed 529K, 8% free 11781K/12679K, paused 2ms+2ms
07-08 19:48:28.394  6051  6053 D dalvikvm: GC_CONCURRENT freed 722K, 7% free 11902K/12743K, paused 3ms+3ms
07-08 19:48:28.632  6051  6053 D dalvikvm: GC_CONCURRENT freed 1434K, 13% free 11316K/12871K, paused 26ms+2ms
07-08 19:48:30.972  6051  6053 D dalvikvm: GC_CONCURRENT freed 460K, 11% free 11492K/12871K, paused 1ms+2ms
07-08 19:48:31.367  6051  6074 I SyncService: sync service finished (19:48:31)
07-08 19:48:31.527   143  2263 I ActivityManager: Process com.google.android.talk (pid 5904) has died.
07-08 19:48:59.492  5689  5692 D dalvikvm: GC_CONCURRENT freed 637K, 7% free 10386K/11143K, paused 1ms+2ms
07-08 19:48:59.656   659   661 D dalvikvm: GC_CONCURRENT freed 488K, 9% free 10356K/11271K, paused 2ms+2ms
07-08 19:49:18.765   143   463 D GpsLocationProvider: NTP server returned: 1341791359295 (Sun Jul 08 19:49:19 EDT 2012) reference: 91951417 certainty: 151 system time offset: 531
07-08 19:49:55.789  6078  6091 I PhoneLab-: Service Running
07-08 19:49:55.898  6078  6091 I PhoneLab-LoggerService: app_37    1296  1     1436   996   c00f181c 400107b4 S logcat
07-08 19:49:55.898  6078  6091 I PhoneLab-LoggerService: Logcat pid from database 1296
07-08 19:49:55.898  6078  6091 I PhoneLab-LoggerService: Logcat process found 1296
07-08 19:49:55.898  6078  6091 I PhoneLab-LoggerService: Checking Threshold
07-08 19:49:59.738   659   661 D dalvikvm: GC_CONCURRENT freed 351K, 8% free 10395K/11271K, paused 4ms+7ms
07-08 19:50:00.425   659   661 D dalvikvm: GC_CONCURRENT freed 198K, 6% free 10604K/11271K, paused 2ms+15ms
07-08 19:50:24.175   143   177 I power   : *** set_screen_state 1
07-08 19:50:24.273   143   177 I WindowManager: Lock screen displayed!
07-08 19:50:24.382    78   121 D SurfaceFlinger: Screen about to return, flinger = 0x1ddb918
07-08 19:50:24.590   143  1922 D dalvikvm: GC_EXPLICIT freed 1059K, 19% free 17303K/21127K, paused 3ms+9ms
07-08 19:50:25.058   143   173 I power   : *** set_screen_state 0
07-08 19:50:25.105    78   121 D SurfaceFlinger: About to give-up screen, flinger = 0x1ddb918
07-08 19:50:25.281   143   177 V TransportControlView: Create TCV com.android.internal.widget.TransportControlView@418f8a38
07-08 19:50:25.328 27032 27033 D dalvikvm: GC_CONCURRENT freed 1918K, 12% free 15169K/17223K, paused 13ms+3ms
07-08 19:50:25.488   143   159 I power   : *** set_screen_state 1
07-08 19:50:25.531  6078  6078 I PhoneLab-PowerOnReceiver: Power is plugged off!
07-08 19:50:25.531   143   177 I WindowManager: Lock screen displayed!
07-08 19:50:25.683    78   121 D SurfaceFlinger: Screen about to return, flinger = 0x1ddb918
07-08 19:50:26.648   143   173 I power   : *** set_screen_state 0
07-08 19:50:26.695    78   121 D SurfaceFlinger: About to give-up screen, flinger = 0x1ddb918
07-08 19:50:26.754   143   177 V TransportControlView: Create TCV com.android.internal.widget.TransportControlView@418294a0
07-08 19:50:29.683  5689  5692 D dalvikvm: GC_CONCURRENT freed 381K, 7% free 10391K/11143K, paused 66ms+2ms
07-08 19:50:32.547   143  1922 W ActivityManager: finishReceiver called but no pending broadcasts
07-08 19:50:32.632  5689  5692 D dalvikvm: GC_CONCURRENT freed 412K, 6% free 10491K/11143K, paused 2ms+2ms
07-08 19:50:41.410   143   143 W ActivityManager: finishReceiver called but no pending broadcasts
07-08 19:50:41.492  5689  5692 D dalvikvm: GC_CONCURRENT freed 496K, 6% free 10506K/11143K, paused 2ms+2ms
07-08 19:50:50.289   143   395 W ActivityManager: finishReceiver called but no pending broadcasts
07-08 19:50:50.371  5689  5692 D dalvikvm: GC_CONCURRENT freed 513K, 6% free 10505K/11143K, paused 2ms+2ms
07-08 19:50:59.629   659  6115 D dalvikvm: GC_EXPLICIT freed 496K, 9% free 10323K/11271K, paused 2ms+3ms
07-08 19:51:59.664  5689  5692 D dalvikvm: GC_CONCURRENT freed 631K, 7% free 10386K/11143K, paused 6ms+3ms
07-08 19:51:59.777   659   661 D dalvikvm: GC_CONCURRENT freed 466K, 9% free 10367K/11271K, paused 1ms+3ms
07-08 19:52:42.007   143   177 I power   : *** set_screen_state 1
07-08 19:52:42.023   143   177 I WindowManager: Lock screen displayed!
07-08 19:52:42.195   143   145 D dalvikvm: GC_CONCURRENT freed 1929K, 19% free 17295K/21127K, paused 3ms+13ms
07-08 19:52:42.246    78   121 D SurfaceFlinger: Screen about to return, flinger = 0x1ddb918
07-08 19:52:43.078   221   221 D PhoneStatusBar: disable: < expand icons alerts ticker system_info BACK HOME recent* CLOCK >
07-08 19:52:43.109   221   221 D PhoneStatusBar: disable: < expand icons alerts ticker system_info back* home* recent clock* >
07-08 19:52:43.132   143 10999 W InputManagerService: Window already focused, ignoring focus gain of: com.android.internal.view.IInputMethodClient$Stub$Proxy@4175a620
07-08 19:52:43.425  4741  4742 D dalvikvm: GC_CONCURRENT freed 381K, 6% free 9769K/10375K, paused 3ms+9ms
07-08 19:52:46.527   143   173 I power   : *** set_screen_state 0
07-08 19:52:46.570    78   121 D SurfaceFlinger: About to give-up screen, flinger = 0x1ddb918
07-08 19:52:46.679   143   177 V TransportControlView: Create TCV com.android.internal.widget.TransportControlView@413621f8
07-08 19:52:46.707   221   221 D PhoneStatusBar: disable: < expand icons alerts ticker system_info back home RECENT* clock >
07-08 19:52:46.738   221   221 D PhoneStatusBar: disable: < expand icons alerts ticker system_info BACK* HOME* RECENT CLOCK* >
07-08 19:52:48.816  5689  6121 D dalvikvm: GC_EXPLICIT freed 173K, 7% free 10369K/11143K, paused 15ms+4ms
07-08 19:52:51.125  6030  6031 D dalvikvm: GC_CONCURRENT freed 498K, 6% free 11231K/11847K, paused 9ms+3ms
07-08 19:52:52.402   143   403 W ActivityManager: finishReceiver called but no pending broadcasts
07-08 19:52:52.488  5689  5692 D dalvikvm: GC_CONCURRENT freed 382K, 6% free 10498K/11143K, paused 2ms+2ms
07-08 19:52:59.812   659   661 D dalvikvm: GC_CONCURRENT freed 450K, 9% free 10355K/11271K, paused 7ms+2ms
07-08 19:53:01.214   143   155 W ActivityManager: finishReceiver called but no pending broadcasts
07-08 19:53:01.281  5689  5692 D dalvikvm: GC_CONCURRENT freed 505K, 6% free 10505K/11143K, paused 2ms+3ms
07-08 19:53:09.281  5689  5692 D dalvikvm: GC_CONCURRENT freed 487K, 7% free 10404K/11143K, paused 44ms+2ms
07-08 19:53:10.000   143   311 W ActivityManager: finishReceiver called but no pending broadcasts
07-08 19:53:10.097  5689  5692 D dalvikvm: GC_CONCURRENT freed 424K, 6% free 10478K/11143K, paused 1ms+2ms
07-08 19:53:18.808   143   395 W ActivityManager: finishReceiver called but no pending broadcasts
07-08 19:53:18.894  5689  5692 D dalvikvm: GC_CONCURRENT freed 489K, 6% free 10500K/11143K, paused 2ms+2ms
07-08 19:53:27.605   143   395 W ActivityManager: finishReceiver called but no pending broadcasts
07-08 19:53:27.691  5689  5692 D dalvikvm: GC_CONCURRENT freed 515K, 6% free 10496K/11143K, paused 2ms+4ms
07-08 19:53:32.836   143 11000 D dalvikvm: GC_EXPLICIT freed 525K, 15% free 18096K/21127K, paused 21ms+8ms
07-08 19:53:36.488   143   311 W ActivityManager: finishReceiver called but no pending broadcasts
07-08 19:53:36.597  5689  5692 D dalvikvm: GC_CONCURRENT freed 516K, 6% free 10492K/11143K, paused 3ms+3ms
07-08 19:53:38.418  6078  6091 I PhoneLab-: Service Running
07-08 19:53:38.515  6078  6081 D dalvikvm: GC_CONCURRENT freed 413K, 6% free 9090K/9607K, paused 9ms+2ms
07-08 19:53:38.515  6078  6091 I PhoneLab-LoggerService: app_37    1296  1     1436   996   c00f181c 400107b4 S logcat
07-08 19:53:38.519  6078  6091 I PhoneLab-LoggerService: Logcat pid from database 1296
07-08 19:53:38.519  6078  6091 I PhoneLab-LoggerService: Logcat process found 1296
07-08 19:53:38.519  6078  6091 I PhoneLab-LoggerService: Checking Threshold
07-08 19:53:45.316   143   403 W ActivityManager: finishReceiver called but no pending broadcasts
07-08 19:53:45.390  5689  5692 D dalvikvm: GC_CONCURRENT freed 522K, 6% free 10481K/11143K, paused 2ms+3ms
07-08 19:53:59.832  5689  5692 D dalvikvm: GC_CONCURRENT freed 519K, 7% free 10368K/11143K, paused 2ms+6ms
07-08 19:54:18.039   291   291 I wpa_supplicant: wlan0: CTRL-EVENT-DISCONNECTED bssid=d0:c2:82:67:2e:71 reason=0
07-08 19:54:18.054    75   117 D CommandListener: Clearing all IP addresses on wlan0
07-08 19:54:18.066   143   202 D ConnectivityService: ConnectivityChange for WIFI: DISCONNECTED/DISCONNECTED
07-08 19:54:18.070   143   202 D ConnectivityService: Attempting to switch to mobile
07-08 19:54:18.074   143   202 D ConnectivityService: Attempting to switch to WIMAX
07-08 19:54:18.078   143   202 D ConnectivityService: Attempting to switch to BLUETOOTH_TETHER
07-08 19:54:18.082   143   202 E ConnectivityService: Exception trying to remove a route: java.lang.IllegalStateException: Unable to communicate with native dameon to add routes - com.android.server.NativeDaemonConnectorException: Cmd {interface route remove wlan0 default 67.20.213.254 32 0.0.0.0} failed with code 400 : {Failed to remove route from default table (No such process)}
07-08 19:54:18.086   143   202 E ConnectivityService: Exception trying to remove a route: java.lang.IllegalStateException: Unable to communicate with native dameon to add routes - com.android.server.NativeDaemonConnectorException: Cmd {interface route remove wlan0 default 0.0.0.0 0 67.20.213.254} failed with code 400 : {Failed to remove route from default table (No such process)}
07-08 19:54:18.086   143   202 D NetUtils: android_net_utils_resetConnections in env=0x7a7aa0 clazz=0xff100001 iface=wlan0 mask=0x3
07-08 19:54:18.086   143   202 D ConnectivityService: resetConnections(wlan0, 3)
07-08 19:54:18.109   143   202 D ConnectivityService: ConnectivityChange for WIMAX: DISCONNECTED/SCANNING
07-08 19:54:18.113   143   202 D ConnectivityService: Attempting to switch to mobile
07-08 19:54:18.113   143   202 D ConnectivityService: Attempting to switch to WIFI
07-08 19:54:18.117   143   202 D ConnectivityService: Attempting to switch to BLUETOOTH_TETHER
07-08 19:54:18.371 22025  4905 W Smack/Packet: notify conn break (IOEx), close connection
07-08 19:54:18.554 22025  4905 I qtaguid : Failed write_ctrl(u 85) res=-1 errno=22
07-08 19:54:18.554 22025  4905 I qtaguid : Untagging socket 85 failed errno=-22
07-08 19:54:18.554 22025  4905 W NetworkManagementSocketTagger: untagSocket(85) failed with errno -22
07-08 19:54:18.586   143   202 D ConnectivityService: handleInetConditionChange: no active default network - ignore
07-08 19:54:18.672   291   291 I wpa_supplicant: wlan0: Trying to associate with d0:c2:82:2d:f2:a1 (SSID='UB_Secure' freq=2462 MHz)
07-08 19:54:18.812   291   291 I wpa_supplicant: wlan0: Associated with d0:c2:82:2d:f2:a1
07-08 19:54:18.816   291   291 I wpa_supplicant: wlan0: CTRL-EVENT-EAP-STARTED EAP authentication started
07-08 19:54:18.824   291   291 I wpa_supplicant: wlan0: CTRL-EVENT-EAP-PROPOSED-METHOD vendor=0 method=4 -> NAK
07-08 19:54:18.828   291   291 I wpa_supplicant: wlan0: CTRL-EVENT-EAP-PROPOSED-METHOD vendor=0 method=25
07-08 19:54:18.832   291   291 I wpa_supplicant: wlan0: CTRL-EVENT-EAP-METHOD EAP vendor 0 method 25 (PEAP) selected
07-08 19:54:19.558  6078  6091 I PhoneLab-: Service Running
07-08 19:54:19.648  6078  6091 I PhoneLab-LoggerService: app_37    1296  1     1436   996   c00f181c 400107b4 S logcat
07-08 19:54:19.648  6078  6091 I PhoneLab-LoggerService: Logcat pid from database 1296
07-08 19:54:19.652  6078  6091 I PhoneLab-LoggerService: Logcat process found 1296
07-08 19:54:19.652  6078  6091 I PhoneLab-LoggerService: Checking Threshold
07-08 19:54:21.144   143   206 D Tethering: MasterInitialState.processMessage what=3
07-08 19:54:21.304   143   206 D Tethering: MasterInitialState.processMessage what=3
07-08 19:54:21.433   143 24239 I ActivityManager: Start proc com.google.android.apps.uploader for broadcast com.google.android.apps.uploader/.ConnectivityBroadcastReceiver: pid=6163 uid=10030 gids={3003}
07-08 19:54:21.457  6163  6163 I dalvikvm: Turning on JNI app bug workarounds for target SDK version 11...
07-08 19:54:21.562  6163  6163 I ActivityThread: Pub com.google.android.apps.uploader: com.google.android.apps.uploader.UploadsContentProvider
07-08 19:54:21.566  6163  6163 I ActivityThread: Pub com.google.photos.provider.Album: com.google.android.apps.uploader.clients.picasa.AlbumProvider
07-08 19:54:21.578  6163  6163 D MediaUploader: UploaderApplication.onCreate
07-08 19:54:21.656  6163  6163 D MediaUploader: nonWifiLimit=20971520, default=20971520
07-08 19:54:21.664  6163  6163 I MediaUploader: No need to wake up
07-08 19:54:21.675  6078  6078 I PhoneLab-WiFiReceiver: Wi-Fi is disconnected!
07-08 19:54:21.914   143 26971 I ActivityManager: Start proc com.google.android.youtube for broadcast com.google.android.youtube/.app.prefetch.PrefetchService$DeviceStateReceiver: pid=6182 uid=10057 gids={3003, 1015, 1006}
07-08 19:54:22.090  5963  6185 D PicasaSync: sync account database
07-08 19:54:22.121  5963  6185 D PicasaSync: accounts in DB=1
07-08 19:54:22.152  5963  6185 D PicasaSyncManager: active network: null
07-08 19:54:22.152  5963  6185 D PicasaSyncManager: background data: true
07-08 19:54:22.164  6182  6184 D dalvikvm: GC_CONCURRENT freed 172K, 3% free 9360K/9607K, paused 13ms+2ms
07-08 19:54:22.187  5963  6185 D PicasaSyncManager: battery info: false
07-08 19:54:22.230  6182  6182 I ActivityThread: Pub com.google.android.youtube.SuggestionProvider: com.google.android.youtube.core.suggest.SuggestionProvider
07-08 19:54:22.492 22025  6120 D dalvikvm: GC_EXPLICIT freed 469K, 7% free 10686K/11463K, paused 6ms+6ms
07-08 19:54:22.828  6182  6184 D dalvikvm: GC_CONCURRENT freed 339K, 5% free 9470K/9927K, paused 2ms+3ms
07-08 19:54:22.828  6182  6192 W CursorWrapperInner: Cursor finalized without prior close()
07-08 19:54:22.828  6182  6192 W CursorWrapperInner: Cursor finalized without prior close()
07-08 19:54:22.949  6182  6184 D dalvikvm: GC_CONCURRENT freed 259K, 4% free 9724K/10055K, paused 2ms+3ms
07-08 19:54:23.062  6182  6184 D dalvikvm: GC_CONCURRENT freed 374K, 5% free 9866K/10311K, paused 1ms+8ms
07-08 19:54:23.199  6182  6184 D dalvikvm: GC_CONCURRENT freed 312K, 4% free 10119K/10503K, paused 1ms+3ms
07-08 19:54:23.300  6182  6184 D dalvikvm: GC_CONCURRENT freed 393K, 5% free 10294K/10759K, paused 2ms+3ms
07-08 19:54:23.441  6182  6184 D dalvikvm: GC_CONCURRENT freed 446K, 5% free 10290K/10823K, paused 2ms+4ms
07-08 19:54:23.668   143   387 I ActivityManager: Start proc com.google.android.apps.docs for broadcast com.google.android.apps.docs/.receivers.NetworkChangeReceiver: pid=6224 uid=10077 gids={3003, 1015, 1006}
07-08 19:54:23.750    79    79 D dalvikvm: GC_EXPLICIT freed 38K, 4% free 9031K/9347K, paused 10ms+5ms
07-08 19:54:23.808    79    79 D dalvikvm: GC_EXPLICIT freed <1K, 4% free 9031K/9347K, paused 1ms+7ms
07-08 19:54:23.894    79    79 D dalvikvm: GC_EXPLICIT freed <1K, 4% free 9031K/9347K, paused 5ms+6ms
07-08 19:54:24.144  6224  6224 I PackageInfoHelper: Provided clientMode=RELEASE, packageInfo=PackageInfo{41365200 com.google.android.apps.docs}
07-08 19:54:24.144  6224  6224 I ActivityThread: Pub com.google.android.apps.docs.files: com.google.android.apps.docs.sync.filemanager.FileProvider
07-08 19:54:24.148  6224  6224 I ActivityThread: Pub com.google.android.apps.docs.doclist.search_suggest: com.google.android.apps.docs.doclist.DocListGlobalSearchSuggestionProvider
07-08 19:54:24.199  3516  3527 I GLSUser : GLS error: NetworkError
07-08 19:54:24.211  6182  6239 E ApiaryPlusOneApi: Error fetching auth token: 
07-08 19:54:24.211  6182  6239 E ApiaryPlusOneApi: java.io.IOException
07-08 19:54:24.211  6182  6239 E ApiaryPlusOneApi: 	at android.accounts.AccountManager.convertErrorToException(AccountManager.java:1548)
07-08 19:54:24.211  6182  6239 E ApiaryPlusOneApi: 	at android.accounts.AccountManager.access$400(AccountManager.java:140)
07-08 19:54:24.211  6182  6239 E ApiaryPlusOneApi: 	at android.accounts.AccountManager$AmsTask$Response.onError(AccountManager.java:1409)
07-08 19:54:24.211  6182  6239 E ApiaryPlusOneApi: 	at android.accounts.IAccountManagerResponse$Stub.onTransact(IAccountManagerResponse.java:69)
07-08 19:54:24.211  6182  6239 E ApiaryPlusOneApi: 	at android.os.Binder.execTransact(Binder.java:338)
07-08 19:54:24.211  6182  6239 E ApiaryPlusOneApi: 	at dalvik.system.NativeStart.run(Native Method)
07-08 19:54:24.328  6224  6226 D dalvikvm: GC_CONCURRENT freed 228K, 4% free 9307K/9607K, paused 2ms+2ms
07-08 19:54:24.453  6224  6226 D dalvikvm: GC_CONCURRENT freed 477K, 6% free 9377K/9927K, paused 2ms+2ms
07-08 19:54:24.554  6224  6226 D dalvikvm: GC_CONCURRENT freed 501K, 6% free 9415K/9991K, paused 2ms+2ms
07-08 19:54:24.640  6224  6226 D dalvikvm: GC_CONCURRENT freed 541K, 7% free 9438K/10055K, paused 2ms+2ms
07-08 19:54:24.722  6224  6226 D dalvikvm: GC_CONCURRENT freed 474K, 6% free 9475K/10055K, paused 1ms+2ms
07-08 19:54:24.832  6224  6226 D dalvikvm: GC_CONCURRENT freed 506K, 6% free 9532K/10119K, paused 2ms+2ms
07-08 19:54:24.925  6182  6184 D dalvikvm: GC_CONCURRENT freed 340K, 5% free 10416K/10887K, paused 2ms+2ms
07-08 19:54:24.925  6182  6239 E PlusOneController: Error loading opted-in: Unable to resolve host "www.googleapis.com": No address associated with hostname
07-08 19:54:24.988  6224  6226 D dalvikvm: GC_CONCURRENT freed 361K, 5% free 9641K/10119K, paused 2ms+2ms
07-08 19:54:25.105  6224  6224 D ContextScopeImpl: in ContextScope.getContextOrDefault for thread=1
07-08 19:54:25.105  6224  6224 D ContextScopeImpl: returning application context for thread=1
07-08 19:54:25.113  6224  6226 D dalvikvm: GC_CONCURRENT freed 373K, 5% free 9774K/10247K, paused 2ms+3ms
07-08 19:54:25.125  6224  6224 I FeatureCheckerImpl: Configured disabled features: []
07-08 19:54:25.125  6224  6224 D ContextScopeImpl: in ContextScope.getContextOrDefault for thread=1
07-08 19:54:25.125  6224  6224 D ContextScopeImpl: returning application context for thread=1
07-08 19:54:25.140  6224  6224 D ContextScopeImpl: in ContextScope.enter for thread=1
07-08 19:54:25.140  6224  6224 W ContextScopeImpl: thread=1 tried to enter the scope of the application context. Ignored.
07-08 19:54:25.140  6224  6224 D ContextScopeImpl: in ContextScope.getContextOrDefault for thread=1
07-08 19:54:25.140  6224  6224 D ContextScopeImpl: returning application context for thread=1
07-08 19:54:25.144  6224  6224 D DocListDatabase: openHelper points on new database: DocList.db
07-08 19:54:25.144  6224  6224 D DocListDatabase: in openWriteDatabase
07-08 19:54:25.156  6224  6224 I ActivityThread: Pub com.google.android.apps.docs.doclist.account_suggest: com.google.android.apps.docs.doclist.DocListAccountSuggestionProvider
07-08 19:54:25.156  6224  6224 D ContextScopeImpl: in ContextScope.enter for thread=1
07-08 19:54:25.156  6224  6224 W ContextScopeImpl: thread=1 tried to enter the scope of the application context. Ignored.
07-08 19:54:25.156  6224  6224 I ActivityThread: Pub com.google.android.apps.docs: com.google.android.apps.docs.providers.DocListProvider
07-08 19:54:25.156  6224  6224 D ContextScopeImpl: in ContextScope.enter for thread=1
07-08 19:54:25.156  6224  6224 W ContextScopeImpl: thread=1 tried to enter the scope of the application context. Ignored.
07-08 19:54:25.164  6224  6224 W ContextScopeImpl: thread=1 tried to enter the scope of the application context. Ignored.
07-08 19:54:25.175  6224  6243 W ContextScopeImpl: thread=2550 tried to enter the scope of the application context. Ignored.
07-08 19:54:25.257  6163  6163 I MediaUploader: No need to wake up
07-08 19:54:25.379  5963  6185 D PicasaSyncManager: active network: null
07-08 19:54:25.379  5963  6185 D PicasaSyncManager: background data: true
07-08 19:54:41.785   291   291 I wpa_supplicant: wlan0: CTRL-EVENT-DISCONNECTED bssid=d0:c2:82:2d:f2:a1 reason=0
07-08 19:54:42.398   291   291 I wpa_supplicant: wlan0: Trying to associate with d0:c2:82:2d:ea:c1 (SSID='UB_Secure' freq=2462 MHz)
07-08 19:54:42.449   291   291 I wpa_supplicant: wlan0: Associated with d0:c2:82:2d:ea:c1
07-08 19:54:42.449   291   291 I wpa_supplicant: wlan0: CTRL-EVENT-EAP-STARTED EAP authentication started
07-08 19:54:42.453   291   291 I wpa_supplicant: wlan0: CTRL-EVENT-EAP-PROPOSED-METHOD vendor=0 method=4 -> NAK
07-08 19:54:42.457   291   291 I wpa_supplicant: wlan0: CTRL-EVENT-EAP-PROPOSED-METHOD vendor=0 method=25
07-08 19:54:42.465   291   291 I wpa_supplicant: wlan0: CTRL-EVENT-EAP-METHOD EAP vendor 0 method 25 (PEAP) selected
07-08 19:54:42.593   291   291 I wpa_supplicant: wlan0: CTRL-EVENT-EAP-PEER-CERT depth=2 subject='/C=US/O=Entrust.net/OU=www.entrust.net/CPS incorp. by ref. (limits liab.)/OU=(c) 1999 Entrust.net Limited/CN=Entrust.net Secure Server Certification Authority'
07-08 19:54:42.597   291   291 I wpa_supplicant: wlan0: CTRL-EVENT-EAP-PEER-CERT depth=2 subject='/C=US/O=Entrust.net/OU=www.entrust.net/CPS incorp. by ref. (limits liab.)/OU=(c) 1999 Entrust.net Limited/CN=Entrust.net Secure Server Certification Authority'
07-08 19:54:42.605   291   291 I wpa_supplicant: wlan0: CTRL-EVENT-EAP-PEER-CERT depth=1 subject='/C=US/ST=UT/L=Salt Lake City/O=The USERTRUST Network/CN=USERTrust Legacy Secure Server CA'
07-08 19:54:42.621   291   291 I wpa_supplicant: wlan0: CTRL-EVENT-EAP-PEER-CERT depth=0 subject='/C=US/postalCode=14260/ST=New York/L=Buffalo/street=305 Computing Center/O=SUNY AT BUFFALO/OU=Office of the President/OU=Issued through UNIVERSITY AT BUFFALO E-PKI Manager/OU=PremiumSSL Legacy/CN=ubsecure.acsu.buffalo.edu'
07-08 19:54:42.840   291   291 I wpa_supplicant: EAP-MSCHAPV2: Authentication succeeded
07-08 19:54:42.843   291   291 I wpa_supplicant: EAP-TLV: TLV Result - Success - EAP-TLV/Phase2 Completed
07-08 19:54:42.851   291   291 I wpa_supplicant: wlan0: CTRL-EVENT-EAP-SUCCESS EAP authentication completed successfully
07-08 19:54:42.898   291   291 I wpa_supplicant: wlan0: WPA: Key negotiation completed with d0:c2:82:2d:ea:c1 [PTK=CCMP GTK=TKIP]
07-08 19:54:42.898   291   291 I wpa_supplicant: wlan0: CTRL-EVENT-CONNECTED - Connection to d0:c2:82:2d:ea:c1 completed (reauth) [id=0 id_str=]
07-08 19:54:43.683   143   202 D ConnectivityService: ConnectivityChange for WIFI: CONNECTED/CONNECTED
07-08 19:54:43.750   143   197 W NetworkStats: dropping UID delta from unknown iface: iface=wlan0 uid=0 set=DEFAULT tag=0x0 rxBytes=0 rxPackets=0 txBytes=216 txPackets=3 operations=0
07-08 19:54:43.769  6078  6078 I PhoneLab-WiFiReceiver: Wi-Fi is connected!
07-08 19:54:43.773  6078  6078 I PhoneLab-WiFiReceiver: SSID: UB_Secure BSSID: d0:c2:82:2d:ea:c1 RSSI: -200 LinkSpeed: -1
07-08 19:54:43.773  6078  6078 I PhoneLab-Locks: wake lock acquired
07-08 19:54:43.781  6078  6078 I PhoneLab-UploadLogs: Transfering log files now
07-08 19:54:43.781  6078  6078 I PhoneLab-UploadLogs: No log files to transfer
07-08 19:54:43.781  6078  6078 I PhoneLab-Locks: wake lock released
07-08 19:54:43.785  6078  6078 I PhoneLab-UploadLogs: OnStartCommand
07-08 19:54:44.691   143   202 D ConnectivityService: NetTransition Wakelock for WifiStateMachine released by timeout
07-08 19:54:46.757   143   206 D Tethering: MasterInitialState.processMessage what=3
07-08 19:54:46.777 22025 22025 I GTalkService/c: [AndroidEndpoint@1094432016] connect: acct=1000000, state=CONNECTING
07-08 19:54:46.785 22025 22025 I GTalkService/c: [GTalkConnection@1094626304] connect: acct=1, state=CONNECTING
07-08 19:54:46.847  6163  6163 I MediaUploader: No need to wake up
07-08 19:54:47.234  5963  6185 D PicasaSyncManager: active network: NetworkInfo: type: WIFI[], state: CONNECTED/CONNECTED, reason: (unspecified), extra: (none), roaming: false, failover: false, isAvailable: true
07-08 19:54:47.269  6224  6224 W ContextScopeImpl: thread=1 tried to enter the scope of the application context. Ignored.
07-08 19:54:47.351   143   145 D dalvikvm: GC_CONCURRENT freed 2542K, 18% free 17489K/21127K, paused 15ms+13ms
07-08 19:54:47.504  5963  6185 D PicasaSyncManager: background data: true
07-08 19:54:55.324  5714  5716 D dalvikvm: GC_CONCURRENT freed 473K, 8% free 9931K/10695K, paused 16ms+4ms
07-08 19:54:55.515 22025 22026 D dalvikvm: GC_CONCURRENT freed 439K, 7% free 10680K/11463K, paused 5ms+3ms
07-08 19:54:55.695  5714  5725 D dalvikvm: GC_EXPLICIT freed 20K, 8% free 9914K/10695K, paused 16ms+3ms
07-08 19:54:56.109   143   202 D ConnectivityService: handleInetConditionHoldEnd: net=1, condition=100, published condition=0
07-08 19:54:56.750   143   160 I ActivityManager: Start proc com.google.android.talk for broadcast com.google.android.talk/.ConnectionStateOnlineReceiver: pid=6291 uid=10045 gids={3003, 1015, 1006, 3002}
07-08 19:54:57.101   143 10999 D dalvikvm: GC_EXPLICIT freed 205K, 18% free 17423K/21127K, paused 6ms+6ms
07-08 19:54:57.199  6291  6291 I ActivityThread: Pub com.google.android.talk.SuggestionProvider: com.google.android.talk.SuggestionsProvider
07-08 19:54:57.593  6291  6291 D vclib:CallStateClient: startListening
07-08 19:54:57.672  6291  6294 D dalvikvm: GC_CONCURRENT freed 108K, 3% free 9401K/9607K, paused 31ms+10ms
07-08 19:54:59.937   659   661 D dalvikvm: GC_CONCURRENT freed 499K, 9% free 10365K/11271K, paused 4ms+10ms
07-08 19:56:01.035  5689  5692 D dalvikvm: GC_CONCURRENT freed 502K, 7% free 10378K/11143K, paused 2ms+3ms
07-08 19:56:01.171   659   661 D dalvikvm: GC_CONCURRENT freed 469K, 9% free 10338K/11271K, paused 2ms+2ms
07-08 19:56:49.129   143 24239 W ActivityManager: finishReceiver called but no pending broadcasts
07-08 19:56:49.214  5689  5692 D dalvikvm: GC_CONCURRENT freed 393K, 6% free 10496K/11143K, paused 2ms+2ms
07-08 19:56:57.937   143   143 W ActivityManager: finishReceiver called but no pending broadcasts
07-08 19:56:58.019  5689  5692 D dalvikvm: GC_CONCURRENT freed 515K, 6% free 10492K/11143K, paused 1ms+3ms
07-08 19:57:03.136  5689  5692 D dalvikvm: GC_CONCURRENT freed 508K, 7% free 10374K/11143K, paused 7ms+2ms
07-08 19:57:06.742   143   143 W ActivityManager: finishReceiver called but no pending broadcasts
07-08 19:57:06.843  5689  5692 D dalvikvm: GC_CONCURRENT freed 397K, 6% free 10489K/11143K, paused 1ms+3ms
07-08 19:57:15.574   143   143 W ActivityManager: finishReceiver called but no pending broadcasts
07-08 19:57:15.660  5689  5692 D dalvikvm: GC_CONCURRENT freed 504K, 6% free 10497K/11143K, paused 3ms+2ms
07-08 19:57:24.398   143   308 W ActivityManager: finishReceiver called but no pending broadcasts
07-08 19:57:24.476  5689  5692 D dalvikvm: GC_CONCURRENT freed 512K, 6% free 10496K/11143K, paused 2ms+3ms
07-08 19:57:54.277  6030  6031 D dalvikvm: GC_CONCURRENT freed 554K, 6% free 11293K/11975K, paused 9ms+3ms
07-08 19:58:01.160   659   661 D dalvikvm: GC_CONCURRENT freed 479K, 8% free 10371K/11271K, paused 1ms+3ms
07-08 19:58:01.339   659   661 D dalvikvm: GC_CONCURRENT freed 252K, 7% free 10531K/11271K, paused 2ms+3ms
07-08 19:58:04.734  6078  6091 I PhoneLab-: Service Running
07-08 19:58:14.066  6078  6091 I PhoneLab-LoggerService: app_37    1296  1     1436   996   c00f181c 400107b4 S logcat
07-08 19:58:14.066  6078  6091 I PhoneLab-LoggerService: Logcat pid from database 1296
07-08 19:58:14.070  6078  6091 I PhoneLab-LoggerService: Logcat process found 1296
07-08 19:58:14.070  6078  6091 I PhoneLab-LoggerService: Checking Threshold
07-08 19:58:14.070  6078  6091 I PhoneLab-: Service Running
07-08 19:58:14.101  6078  6091 I PhoneLab-LoggerService: app_37    1296  1     1436   996   c00f181c 400107b4 S logcat
07-08 19:58:14.105  6078  6091 I PhoneLab-LoggerService: Logcat pid from database 1296
07-08 19:58:14.105  6078  6091 I PhoneLab-LoggerService: Logcat process found 1296
07-08 19:58:14.105  6078  6091 I PhoneLab-LoggerService: Checking Threshold
07-08 19:58:40.007   143   177 I power   : *** set_screen_state 1
07-08 19:58:40.066   143   177 I WindowManager: Lock screen displayed!
07-08 19:58:40.226    78   121 D SurfaceFlinger: Screen about to return, flinger = 0x1ddb918
07-08 19:58:40.953   143 11000 I ActivityManager: Process com.google.android.apps.currents (pid 6051) has died.
07-08 19:58:41.254   221   221 D PhoneStatusBar: disable: < expand icons alerts ticker system_info BACK HOME recent* CLOCK >
07-08 19:58:41.296   221   221 D PhoneStatusBar: disable: < expand icons alerts ticker system_info back* home* recent clock* >
07-08 19:58:41.320   143   308 W InputManagerService: Window already focused, ignoring focus gain of: com.android.internal.view.IInputMethodClient$Stub$Proxy@417a79e0
07-08 19:58:41.543 22025 22026 D dalvikvm: GC_CONCURRENT freed 378K, 7% free 10765K/11463K, paused 4ms+7ms
07-08 19:58:41.890  4741  4742 D dalvikvm: GC_CONCURRENT freed 377K, 6% free 9779K/10375K, paused 2ms+7ms
07-08 19:58:42.226  4741  4742 D dalvikvm: GC_CONCURRENT freed 368K, 6% free 9799K/10375K, paused 2ms+4ms
07-08 19:58:42.472  5689  5692 D dalvikvm: GC_CONCURRENT freed 519K, 7% free 10369K/11143K, paused 21ms+3ms
07-08 19:58:42.550   143   173 I power   : *** set_screen_state 0
07-08 19:58:42.597    78   121 D SurfaceFlinger: About to give-up screen, flinger = 0x1ddb918
07-08 19:58:42.683   143   177 V TransportControlView: Create TCV com.android.internal.widget.TransportControlView@419b6910
07-08 19:58:42.742   221   221 D PhoneStatusBar: disable: < expand icons alerts ticker system_info back home RECENT* clock >
07-08 19:58:42.765   221   221 D PhoneStatusBar: disable: < expand icons alerts ticker system_info BACK* HOME* RECENT CLOCK* >
07-08 19:58:43.105   143   403 D dalvikvm: GC_EXPLICIT freed 1030K, 15% free 17962K/21127K, paused 2ms+12ms
07-08 19:58:48.421   143 10999 W ActivityManager: finishReceiver called but no pending broadcasts
07-08 19:58:48.504  5689  5692 D dalvikvm: GC_CONCURRENT freed 381K, 6% free 10500K/11143K, paused 2ms+2ms
07-08 19:58:57.699   143   400 W ActivityManager: finishReceiver called but no pending broadcasts
07-08 19:58:57.789  5689  5692 D dalvikvm: GC_CONCURRENT freed 517K, 6% free 10494K/11143K, paused 1ms+2ms
07-08 19:59:01.207   659   661 D dalvikvm: GC_CONCURRENT freed 687K, 9% free 10346K/11271K, paused 2ms+3ms
07-08 19:59:04.351  5689  5692 D dalvikvm: GC_CONCURRENT freed 489K, 7% free 10391K/11143K, paused 39ms+2ms
07-08 19:59:06.464   143   308 W ActivityManager: finishReceiver called but no pending broadcasts
07-08 19:59:06.554  5689  5692 D dalvikvm: GC_CONCURRENT freed 415K, 6% free 10487K/11143K, paused 2ms+2ms
07-08 19:59:13.343 22025 25183 I EventLogService: Aggregate from 1341790153220 (log), 1341790153220 (data)
07-08 19:59:13.461 22025 22026 D dalvikvm: GC_CONCURRENT freed 469K, 7% free 10760K/11463K, paused 3ms+5ms
07-08 19:59:15.293   143   403 W ActivityManager: finishReceiver called but no pending broadcasts
07-08 19:59:15.375  5689  5692 D dalvikvm: GC_CONCURRENT freed 498K, 6% free 10500K/11143K, paused 1ms+2ms
07-08 19:59:24.101   143   387 W ActivityManager: finishReceiver called but no pending broadcasts
07-08 19:59:24.183  5689  5692 D dalvikvm: GC_CONCURRENT freed 516K, 6% free 10496K/11143K, paused 2ms+2ms
07-08 19:59:32.869   143 24239 W ActivityManager: finishReceiver called but no pending broadcasts
07-08 19:59:32.947  5689  5692 D dalvikvm: GC_CONCURRENT freed 514K, 6% free 10493K/11143K, paused 2ms+3ms
07-08 19:59:41.714   143   387 W ActivityManager: finishReceiver called but no pending broadcasts
07-08 19:59:41.793  5689  5692 D dalvikvm: GC_CONCURRENT freed 521K, 6% free 10483K/11143K, paused 2ms+4ms
07-08 20:00:01.238  5689  5692 D dalvikvm: GC_CONCURRENT freed 534K, 7% free 10370K/11143K, paused 1ms+6ms
07-08 20:00:01.293   659   661 D dalvikvm: GC_CONCURRENT freed 453K, 8% free 10372K/11271K, paused 2ms+3ms
07-08 20:00:06.007   143   177 I power   : *** set_screen_state 1
07-08 20:00:06.031   143   177 I WindowManager: Lock screen displayed!
07-08 20:00:06.238    78   121 D SurfaceFlinger: Screen about to return, flinger = 0x1ddb918
07-08 20:00:07.257   221   221 D PhoneStatusBar: disable: < expand icons alerts ticker system_info BACK HOME recent* CLOCK >
07-08 20:00:07.285   143   403 W InputManagerService: Window already focused, ignoring focus gain of: com.android.internal.view.IInputMethodClient$Stub$Proxy@41642f18
07-08 20:00:07.296   221   221 D PhoneStatusBar: disable: < expand icons alerts ticker system_info back* home* recent clock* >
07-08 20:00:09.109   143   173 I power   : *** set_screen_state 0
07-08 20:00:09.160    78   121 D SurfaceFlinger: About to give-up screen, flinger = 0x1ddb918
07-08 20:00:09.269   143   177 V TransportControlView: Create TCV com.android.internal.widget.TransportControlView@41714a88
07-08 20:00:09.296   221   221 D PhoneStatusBar: disable: < expand icons alerts ticker system_info back home RECENT* clock >
07-08 20:00:09.320   221   221 D PhoneStatusBar: disable: < expand icons alerts ticker system_info BACK* HOME* RECENT CLOCK* >
07-08 20:00:09.328   143  6348 I UsageStats: Deleting usage file : usage-20120704
07-08 20:00:11.386   143   143 D dalvikvm: GC_EXPLICIT freed 1507K, 15% free 18150K/21127K, paused 43ms+8ms
07-08 20:00:15.074   143   403 W ActivityManager: finishReceiver called but no pending broadcasts
07-08 20:00:15.156  5689  5692 D dalvikvm: GC_CONCURRENT freed 385K, 6% free 10496K/11143K, paused 1ms+3ms
07-08 20:00:23.906   143  2263 W ActivityManager: finishReceiver called but no pending broadcasts
07-08 20:00:23.984  5689  5692 D dalvikvm: GC_CONCURRENT freed 515K, 6% free 10492K/11143K, paused 2ms+2ms
07-08 20:00:32.730   143   387 W ActivityManager: finishReceiver called but no pending broadcasts
07-08 20:00:32.808  5689  5692 D dalvikvm: GC_CONCURRENT freed 520K, 6% free 10484K/11143K, paused 2ms+3ms
07-08 20:00:41.523   143 10999 W ActivityManager: finishReceiver called but no pending broadcasts
07-08 20:00:41.601  5689  5692 D dalvikvm: GC_CONCURRENT freed 513K, 6% free 10482K/11143K, paused 7ms+3ms
07-08 20:00:50.347   143  2263 W ActivityManager: finishReceiver called but no pending broadcasts
07-08 20:00:50.433  5689  5692 D dalvikvm: GC_CONCURRENT freed 466K, 6% free 10528K/11143K, paused 7ms+4ms
07-08 20:00:50.488  6078  6091 I PhoneLab-: Service Running
07-08 20:00:50.519  6078  6091 I PhoneLab-LoggerService: app_37    1296  1     1436   996   c00f181c 400107b4 S logcat
07-08 20:00:50.519  6078  6091 I PhoneLab-LoggerService: Logcat pid from database 1296
07-08 20:00:50.519  6078  6091 I PhoneLab-LoggerService: Logcat process found 1296
07-08 20:00:50.519  6078  6091 I PhoneLab-LoggerService: Checking Threshold
07-08 20:00:59.195   143   155 W ActivityManager: finishReceiver called but no pending broadcasts
07-08 20:00:59.265  5689  5692 D dalvikvm: GC_CONCURRENT freed 513K, 6% free 10526K/11143K, paused 2ms+6ms
07-08 20:01:01.203  5689  5692 D dalvikvm: GC_CONCURRENT freed 665K, 7% free 10373K/11143K, paused 2ms+2ms
07-08 20:01:08.004   143 24239 W ActivityManager: finishReceiver called but no pending broadcasts
07-08 20:01:08.086  5689  5692 D dalvikvm: GC_CONCURRENT freed 387K, 6% free 10498K/11143K, paused 1ms+3ms
07-08 20:01:47.566  5963  6361 I SqliteDatabaseCpp: sqlite returned: error code = 1, msg = no such column: wipeout_stats, db=/data/data/com.google.android.apps.plus/databases/es0.db
07-08 20:01:47.586  5963  6361 W System.err: android.database.sqlite.SQLiteException: no such column: wipeout_stats: , while compiling: SELECT wipeout_stats  FROM account_status
07-08 20:01:47.668  5963  6361 W System.err: 	at android.database.sqlite.SQLiteCompiledSql.native_compile(Native Method)
07-08 20:01:47.668  5963  6361 W System.err: 	at android.database.sqlite.SQLiteCompiledSql.<init>(SQLiteCompiledSql.java:68)
07-08 20:01:47.668  5963  6361 W System.err: 	at android.database.sqlite.SQLiteProgram.compileSql(SQLiteProgram.java:143)
07-08 20:01:47.668  5963  6361 W System.err: 	at android.database.sqlite.SQLiteProgram.compileAndbindAllArgs(SQLiteProgram.java:361)
07-08 20:01:47.668  5963  6361 W System.err: 	at android.database.sqlite.SQLiteStatement.acquireAndLock(SQLiteStatement.java:260)
07-08 20:01:47.668  5963  6361 W System.err: 	at android.database.sqlite.SQLiteStatement.simpleQueryForLong(SQLiteStatement.java:137)
07-08 20:01:47.668  5963  6361 W System.err: 	at android.database.DatabaseUtils.longForQuery(DatabaseUtils.java:791)
07-08 20:01:47.668  5963  6361 W System.err: 	at android.database.DatabaseUtils.longForQuery(DatabaseUtils.java:779)
07-08 20:01:47.668  5963  6361 W System.err: 	at com.google.android.apps.plus.content.EsAccountsData.isContactsStatsWipeoutNeeded(EsAccountsData.java:641)
07-08 20:01:47.672  5963  6361 W System.err: 	at com.google.android.apps.plus.service.EsService.processIntent(EsService.java:4246)
07-08 20:01:47.672  5963  6361 W System.err: 	at com.google.android.apps.plus.service.ServiceThread$1.run(ServiceThread.java:50)
07-08 20:01:47.672  5963  6361 W System.err: 	at android.os.Handler.handleCallback(Handler.java:605)
07-08 20:01:47.672  5963  6361 W System.err: 	at android.os.Handler.dispatchMessage(Handler.java:92)
07-08 20:01:47.672  5963  6361 W System.err: 	at android.os.Looper.loop(Looper.java:137)
07-08 20:01:47.675  5963  6361 W System.err: 	at com.google.android.apps.plus.service.ServiceThread.run(ServiceThread.java:122)
07-08 20:01:49.757  5963  5966 D dalvikvm: GC_CONCURRENT freed 1103K, 18% free 13362K/16263K, paused 18ms+4ms
07-08 20:01:57.175  5963  5966 D dalvikvm: GC_CONCURRENT freed 1372K, 19% free 13327K/16263K, paused 2ms+8ms
07-08 20:01:59.754  5963  5970 I dalvikvm: Jit: resizing JitTable from 4096 to 8192
07-08 20:02:01.281 22025 25396 D dalvikvm: GC_EXPLICIT freed 201K, 7% free 10690K/11463K, paused 6ms+4ms
07-08 20:02:01.375   659   661 D dalvikvm: GC_CONCURRENT freed 509K, 8% free 10371K/11271K, paused 2ms+3ms
07-08 20:02:03.273  5963  6362 D dalvikvm: GC_FOR_ALLOC freed 944K, 16% free 13678K/16263K, paused 42ms
07-08 20:02:03.863  5963  5966 D dalvikvm: GC_CONCURRENT freed 782K, 12% free 14346K/16263K, paused 3ms+3ms
07-08 20:02:05.586  5963  5966 D dalvikvm: GC_CONCURRENT freed 1523K, 11% free 14475K/16263K, paused 2ms+2ms
07-08 20:02:07.711  5963  5966 D dalvikvm: GC_CONCURRENT freed 2366K, 16% free 13852K/16327K, paused 2ms+3ms
07-08 20:02:09.250  5963  6362 I SqliteDatabaseCpp: sqlite returned: error code = 1, msg = no such column: last_stats_sync_time, db=/data/data/com.google.android.apps.plus/databases/es0.db
07-08 20:02:09.273  5963  6362 E EsSyncAdapterService: Sync failure
07-08 20:02:09.273  5963  6362 E EsSyncAdapterService: android.database.sqlite.SQLiteException: no such column: last_stats_sync_time: , while compiling: SELECT last_stats_sync_time  FROM account_status
07-08 20:02:09.273  5963  6362 E EsSyncAdapterService: 	at android.database.sqlite.SQLiteCompiledSql.native_compile(Native Method)
07-08 20:02:09.273  5963  6362 E EsSyncAdapterService: 	at android.database.sqlite.SQLiteCompiledSql.<init>(SQLiteCompiledSql.java:68)
07-08 20:02:09.273  5963  6362 E EsSyncAdapterService: 	at android.database.sqlite.SQLiteProgram.compileSql(SQLiteProgram.java:143)
07-08 20:02:09.273  5963  6362 E EsSyncAdapterService: 	at android.database.sqlite.SQLiteProgram.compileAndbindAllArgs(SQLiteProgram.java:361)
07-08 20:02:09.273  5963  6362 E EsSyncAdapterService: 	at android.database.sqlite.SQLiteStatement.acquireAndLock(SQLiteStatement.java:260)
07-08 20:02:09.273  5963  6362 E EsSyncAdapterService: 	at android.database.sqlite.SQLiteStatement.simpleQueryForLong(SQLiteStatement.java:137)
07-08 20:02:09.273  5963  6362 E EsSyncAdapterService: 	at android.database.DatabaseUtils.longForQuery(DatabaseUtils.java:791)
07-08 20:02:09.273  5963  6362 E EsSyncAdapterService: 	at android.database.DatabaseUtils.longForQuery(DatabaseUtils.java:779)
07-08 20:02:09.273  5963  6362 E EsSyncAdapterService: 	at com.google.android.apps.plus.content.EsAccountsData.queryLastStatsSyncTimestamp(EsAccountsData.java:570)
07-08 20:02:09.273  5963  6362 E EsSyncAdapterService: 	at com.google.android.apps.plus.service.EsSyncAdapterService.syncContactsStatsIfNecessary(EsSyncAdapterService.java:670)
07-08 20:02:09.273  5963  6362 E EsSyncAdapterService: 	at com.google.android.apps.plus.service.EsSyncAdapterService.doFullSync(EsSyncAdapterService.java:633)
07-08 20:02:09.273  5963  6362 E EsSyncAdapterService: 	at com.google.android.apps.plus.service.EsSyncAdapterService.doSync(EsSyncAdapterService.java:566)
07-08 20:02:09.273  5963  6362 E EsSyncAdapterService: 	at com.google.android.apps.plus.service.EsSyncAdapterService.access$100(EsSyncAdapterService.java:52)
07-08 20:02:09.273  5963  6362 E EsSyncAdapterService: 	at com.google.android.apps.plus.service.EsSyncAdapterService$SyncAdapterImpl.onPerformSync(EsSyncAdapterService.java:408)
07-08 20:02:09.273  5963  6362 E EsSyncAdapterService: 	at android.content.AbstractThreadedSyncAdapter$SyncThread.run(AbstractThreadedSyncAdapter.java:247)
07-08 20:02:09.336   143   169 D SyncManager: failed sync operation lokeshmandvekar@gmail.com (com.google), com.google.android.apps.plus.content.EsProvider, SERVER, earliestRunTime 92700208, SyncResult: stats [ numParseExceptions: 1]
07-08 20:02:09.355   143   169 D SyncManager: not retrying sync operation because the error is a hard error: lokeshmandvekar@gmail.com (com.google), com.google.android.apps.plus.content.EsProvider, SERVER, earliestRunTime 92722011
07-08 20:02:50.043  5963  5966 D dalvikvm: GC_CONCURRENT freed 2010K, 19% free 13327K/16327K, paused 6ms+4ms
07-08 20:02:50.187  4741  4753 D dalvikvm: GC_EXPLICIT freed 342K, 7% free 9723K/10375K, paused 2ms+3ms
07-08 20:02:50.547  5963  5993 D dalvikvm: GC_EXPLICIT freed 260K, 19% free 13269K/16327K, paused 2ms+4ms
07-08 20:02:54.172  4741  4742 D dalvikvm: GC_CONCURRENT freed 335K, 6% free 9773K/10375K, paused 1ms+2ms
07-08 20:02:54.265   143   155 D dalvikvm: GC_EXPLICIT freed 1912K, 18% free 17458K/21127K, paused 3ms+7ms
07-08 20:02:54.918  5714  5716 D dalvikvm: GC_CONCURRENT freed 288K, 7% free 10009K/10695K, paused 22ms+3ms
07-08 20:02:54.972   143   159 V BackupManagerService: Running a backup pass
07-08 20:02:54.972   143   215 V BackupManagerService: Backup requested but nothing pending
07-08 20:03:01.297  5689  5692 D dalvikvm: GC_CONCURRENT freed 627K, 7% free 10383K/11143K, paused 1ms+3ms
07-08 20:03:01.433   659   661 D dalvikvm: GC_CONCURRENT freed 438K, 9% free 10346K/11271K, paused 1ms+2ms
07-08 20:03:13.019   291   291 I wpa_supplicant: wlan0: CTRL-EVENT-DISCONNECTED bssid=d0:c2:82:2d:ea:c1 reason=0
07-08 20:03:13.019    75   117 D CommandListener: Clearing all IP addresses on wlan0
07-08 20:03:13.043   143   202 D ConnectivityService: ConnectivityChange for WIFI: DISCONNECTED/DISCONNECTED
07-08 20:03:13.062   143   202 D ConnectivityService: Attempting to switch to mobile
07-08 20:03:13.062   143   202 D ConnectivityService: Attempting to switch to WIMAX
07-08 20:03:13.066   143   202 D ConnectivityService: Attempting to switch to BLUETOOTH_TETHER
07-08 20:03:13.070   143   202 D NetUtils: android_net_utils_resetConnections in env=0x7a7aa0 clazz=0x28500001 iface=wlan0 mask=0x3
07-08 20:03:13.070   143   202 E ConnectivityService: Exception trying to remove a route: java.lang.IllegalStateException: Unable to communicate with native dameon to add routes - com.android.server.NativeDaemonConnectorException: Cmd {interface route remove wlan0 default 67.20.213.254 32 0.0.0.0} failed with code 400 : {Failed to remove route from default table (No such process)}
07-08 20:03:13.070   143   202 E ConnectivityService: Exception trying to remove a route: java.lang.IllegalStateException: Unable to communicate with native dameon to add routes - com.android.server.NativeDaemonConnectorException: Cmd {interface route remove wlan0 default 0.0.0.0 0 67.20.213.254} failed with code 400 : {Failed to remove route from default table (No such process)}
07-08 20:03:13.070   143   202 D ConnectivityService: resetConnections(wlan0, 3)
07-08 20:03:13.132 22025  6285 W Smack/Packet: notify conn break (IOEx), close connection
07-08 20:03:13.351 22025  6285 I qtaguid : Failed write_ctrl(u 86) res=-1 errno=22
07-08 20:03:13.351 22025  6285 I qtaguid : Untagging socket 86 failed errno=-22
07-08 20:03:13.355 22025  6285 W NetworkManagementSocketTagger: untagSocket(86) failed with errno -22
07-08 20:03:13.382   143   202 D ConnectivityService: handleInetConditionChange: no active default network - ignore
07-08 20:03:13.605   291   291 I wpa_supplicant: wlan0: Trying to associate with d0:c2:82:67:e7:61 (SSID='UB_Secure' freq=2437 MHz)
07-08 20:03:13.781   291   291 I wpa_supplicant: wlan0: Associated with d0:c2:82:67:e7:61
07-08 20:03:13.816   291   291 I wpa_supplicant: wlan0: CTRL-EVENT-EAP-STARTED EAP authentication started
07-08 20:03:13.824   291   291 I wpa_supplicant: wlan0: CTRL-EVENT-EAP-PROPOSED-METHOD vendor=0 method=4 -> NAK
07-08 20:03:13.828   291   291 I wpa_supplicant: wlan0: CTRL-EVENT-EAP-PROPOSED-METHOD vendor=0 method=25
07-08 20:03:13.832   291   291 I wpa_supplicant: wlan0: CTRL-EVENT-EAP-METHOD EAP vendor 0 method 25 (PEAP) selected
07-08 20:03:13.886   291   291 I wpa_supplicant: wlan0: CTRL-EVENT-EAP-PEER-CERT depth=2 subject='/C=US/O=Entrust.net/OU=www.entrust.net/CPS incorp. by ref. (limits liab.)/OU=(c) 1999 Entrust.net Limited/CN=Entrust.net Secure Server Certification Authority'
07-08 20:03:13.890   291   291 I wpa_supplicant: wlan0: CTRL-EVENT-EAP-PEER-CERT depth=2 subject='/C=US/O=Entrust.net/OU=www.entrust.net/CPS incorp. by ref. (limits liab.)/OU=(c) 1999 Entrust.net Limited/CN=Entrust.net Secure Server Certification Authority'
07-08 20:03:13.894   291   291 I wpa_supplicant: wlan0: CTRL-EVENT-EAP-PEER-CERT depth=1 subject='/C=US/ST=UT/L=Salt Lake City/O=The USERTRUST Network/CN=USERTrust Legacy Secure Server CA'
07-08 20:03:13.894   291   291 I wpa_supplicant: wlan0: CTRL-EVENT-EAP-PEER-CERT depth=0 subject='/C=US/postalCode=14260/ST=New York/L=Buffalo/street=305 Computing Center/O=SUNY AT BUFFALO/OU=Office of the President/OU=Issued through UNIVERSITY AT BUFFALO E-PKI Manager/OU=PremiumSSL Legacy/CN=ubsecure.acsu.buffalo.edu'
07-08 20:03:14.062   291   291 I wpa_supplicant: EAP-MSCHAPV2: Authentication succeeded
07-08 20:03:14.070   291   291 I wpa_supplicant: EAP-TLV: TLV Result - Success - EAP-TLV/Phase2 Completed
07-08 20:03:14.078   291   291 I wpa_supplicant: wlan0: CTRL-EVENT-EAP-SUCCESS EAP authentication completed successfully
07-08 20:03:14.129   291   291 I wpa_supplicant: wlan0: WPA: Key negotiation completed with d0:c2:82:67:e7:61 [PTK=CCMP GTK=TKIP]
07-08 20:03:14.129   291   291 I wpa_supplicant: wlan0: CTRL-EVENT-CONNECTED - Connection to d0:c2:82:67:e7:61 completed (reauth) [id=0 id_str=]
07-08 20:03:14.847   143   202 D ConnectivityService: ConnectivityChange for WIFI: CONNECTED/CONNECTED
07-08 20:03:14.859  6078  6078 I PhoneLab-WiFiReceiver: Wi-Fi is connected!
07-08 20:03:14.859  6078  6078 I PhoneLab-WiFiReceiver: SSID: UB_Secure BSSID: d0:c2:82:67:e7:61 RSSI: -200 LinkSpeed: -1
07-08 20:03:14.859  6078  6078 I PhoneLab-Locks: wake lock acquired
07-08 20:03:14.863  6078  6078 I PhoneLab-UploadLogs: Transfering log files now
07-08 20:03:14.863  6078  6078 I PhoneLab-UploadLogs: No log files to transfer
07-08 20:03:14.863  6078  6078 I PhoneLab-Locks: wake lock released
07-08 20:03:14.867  6078  6078 I PhoneLab-UploadLogs: OnStartCommand
07-08 20:03:14.882   143   197 W NetworkStats: dropping UID delta from unknown iface: iface=wlan0 uid=0 set=DEFAULT tag=0x0 rxBytes=0 rxPackets=0 txBytes=140 txPackets=2 operations=0
07-08 20:03:15.851   143   202 D ConnectivityService: NetTransition Wakelock for WifiStateMachine released by timeout
07-08 20:03:20.023   143   206 D Tethering: MasterInitialState.processMessage what=3
07-08 20:03:20.054 22025 22025 I GTalkService/c: [AndroidEndpoint@1094432016] connect: acct=1000000, state=CONNECTING
07-08 20:03:20.090 22025 22025 I GTalkService/c: [GTalkConnection@1094626304] connect: acct=1, state=CONNECTING
07-08 20:03:20.144  6163  6163 I MediaUploader: No need to wake up
07-08 20:03:20.152  6078  6078 I PhoneLab-WiFiReceiver: Wi-Fi is disconnected!
07-08 20:03:20.238  5963  6185 D PicasaSyncManager: active network: NetworkInfo: type: WIFI[], state: CONNECTED/CONNECTED, reason: (unspecified), extra: (none), roaming: false, failover: false, isAvailable: true
07-08 20:03:20.238  5963  6185 D PicasaSyncManager: background data: true
07-08 20:03:20.308  6224  6224 W ContextScopeImpl: thread=1 tried to enter the scope of the application context. Ignored.
07-08 20:03:21.281   143   206 D Tethering: MasterInitialState.processMessage what=3
07-08 20:03:21.402  6163  6163 I MediaUploader: No need to wake up
07-08 20:03:21.507  6224  6224 W ContextScopeImpl: thread=1 tried to enter the scope of the application context. Ignored.
07-08 20:03:21.558  5963  6185 D PicasaSyncManager: active network: NetworkInfo: type: WIFI[], state: CONNECTED/CONNECTED, reason: (unspecified), extra: (none), roaming: false, failover: false, isAvailable: true
07-08 20:03:21.562  5963  6185 D PicasaSyncManager: background data: true
07-08 20:03:21.777  5927  5929 D dalvikvm: GC_CONCURRENT freed 318K, 5% free 9289K/9735K, paused 58ms+4ms
07-08 20:03:22.144  5714  5716 D dalvikvm: GC_CONCURRENT freed 410K, 7% free 10029K/10695K, paused 3ms+3ms
07-08 20:03:22.941  6078  6091 I PhoneLab-: Service Running
07-08 20:03:22.949 22025 22026 D dalvikvm: GC_CONCURRENT freed 410K, 7% free 10716K/11463K, paused 2ms+3ms
07-08 20:03:23.019  6078  6091 I PhoneLab-LoggerService: app_37    1296  1     1436   996   c00f181c 400107b4 S logcat
07-08 20:03:23.019  6078  6091 I PhoneLab-LoggerService: Logcat pid from database 1296
07-08 20:03:23.019  6078  6091 I PhoneLab-LoggerService: Logcat process found 1296
07-08 20:03:23.019  6078  6091 I PhoneLab-LoggerService: Checking Threshold
07-08 20:03:24.343   143   202 D ConnectivityService: handleInetConditionHoldEnd: net=1, condition=100, published condition=0
07-08 20:03:26.890  4741  4742 D dalvikvm: GC_CONCURRENT freed 391K, 6% free 9766K/10375K, paused 2ms+4ms
07-08 20:03:26.980  5714  5716 D dalvikvm: GC_CONCURRENT freed 420K, 7% free 10009K/10695K, paused 2ms+3ms
07-08 20:04:01.828  5689  5692 D dalvikvm: GC_CONCURRENT freed 326K, 7% free 10470K/11143K, paused 12ms+7ms
07-08 20:04:09.156  5689  5692 D dalvikvm: GC_CONCURRENT freed 429K, 6% free 10553K/11143K, paused 3ms+3ms
07-08 20:04:09.304   143   308 D dalvikvm: GC_EXPLICIT freed 1610K, 18% free 17491K/21127K, paused 11ms+9ms
07-08 20:04:11.964   143   403 W ActivityManager: finishReceiver called but no pending broadcasts
07-08 20:04:12.062  5689  5692 D dalvikvm: GC_CONCURRENT freed 409K, 5% free 10654K/11143K, paused 2ms+3ms
07-08 20:04:54.011  6078  6091 I PhoneLab-: Service Running
07-08 20:04:54.062  6078  6091 I PhoneLab-LoggerService: app_37    1296  1     1436   996   c00f181c 400107b4 S logcat
07-08 20:04:54.066  6078  6091 I PhoneLab-LoggerService: Logcat pid from database 1296
07-08 20:04:54.066  6078  6091 I PhoneLab-LoggerService: Logcat process found 1296
07-08 20:04:54.066  6078  6091 I PhoneLab-LoggerService: Checking Threshold
07-08 20:05:01.527   659   661 D dalvikvm: GC_CONCURRENT freed 506K, 9% free 10352K/11271K, paused 2ms+2ms
07-08 20:05:33.019   291   291 I wpa_supplicant: wlan0: CTRL-EVENT-DISCONNECTED bssid=d0:c2:82:67:e7:61 reason=0
07-08 20:05:33.019    75   117 D CommandListener: Clearing all IP addresses on wlan0
07-08 20:05:33.039   143   202 D ConnectivityService: ConnectivityChange for WIFI: DISCONNECTED/DISCONNECTED
07-08 20:05:33.047   143   202 D ConnectivityService: Attempting to switch to mobile
07-08 20:05:33.047   143   202 D ConnectivityService: Attempting to switch to WIMAX
07-08 20:05:33.047   143   202 D ConnectivityService: Attempting to switch to BLUETOOTH_TETHER
07-08 20:05:33.050   143   202 E ConnectivityService: Exception trying to remove a route: java.lang.IllegalStateException: Unable to communicate with native dameon to add routes - com.android.server.NativeDaemonConnectorException: Cmd {interface route remove wlan0 default 67.20.213.254 32 0.0.0.0} failed with code 400 : {Failed to remove route from default table (No such process)}
07-08 20:05:33.054   143   202 E ConnectivityService: Exception trying to remove a route: java.lang.IllegalStateException: Unable to communicate with native dameon to add routes - com.android.server.NativeDaemonConnectorException: Cmd {interface route remove wlan0 default 0.0.0.0 0 67.20.213.254} failed with code 400 : {Failed to remove route from default table (No such process)}
07-08 20:05:33.058   143   202 D NetUtils: android_net_utils_resetConnections in env=0x7a7aa0 clazz=0x40200001 iface=wlan0 mask=0x3
07-08 20:05:33.058   143   202 D ConnectivityService: resetConnections(wlan0, 3)
07-08 20:05:33.125 22025  6423 W Smack/Packet: notify conn break (IOEx), close connection
07-08 20:05:33.316 22025  6423 I qtaguid : Failed write_ctrl(u 86) res=-1 errno=22
07-08 20:05:33.316 22025  6423 I qtaguid : Untagging socket 86 failed errno=-22
07-08 20:05:33.316 22025  6423 W NetworkManagementSocketTagger: untagSocket(86) failed with errno -22
07-08 20:05:33.320   143   202 D ConnectivityService: handleInetConditionChange: no active default network - ignore
07-08 20:05:33.636   291   291 I wpa_supplicant: wlan0: Trying to associate with d0:c2:82:66:5b:71 (SSID='UB_Secure' freq=2437 MHz)
07-08 20:05:33.679   291   291 I wpa_supplicant: wlan0: Associated with d0:c2:82:66:5b:71
07-08 20:05:33.679   291   291 I wpa_supplicant: wlan0: CTRL-EVENT-EAP-STARTED EAP authentication started
07-08 20:05:33.683   291   291 I wpa_supplicant: wlan0: CTRL-EVENT-EAP-PROPOSED-METHOD vendor=0 method=4 -> NAK
07-08 20:05:33.687   291   291 I wpa_supplicant: wlan0: CTRL-EVENT-EAP-PROPOSED-METHOD vendor=0 method=25
07-08 20:05:33.687   291   291 I wpa_supplicant: wlan0: CTRL-EVENT-EAP-METHOD EAP vendor 0 method 25 (PEAP) selected
07-08 20:05:33.734   291   291 I wpa_supplicant: wlan0: CTRL-EVENT-EAP-PEER-CERT depth=2 subject='/C=US/O=Entrust.net/OU=www.entrust.net/CPS incorp. by ref. (limits liab.)/OU=(c) 1999 Entrust.net Limited/CN=Entrust.net Secure Server Certification Authority'
07-08 20:05:33.734   291   291 I wpa_supplicant: wlan0: CTRL-EVENT-EAP-PEER-CERT depth=2 subject='/C=US/O=Entrust.net/OU=www.entrust.net/CPS incorp. by ref. (limits liab.)/OU=(c) 1999 Entrust.net Limited/CN=Entrust.net Secure Server Certification Authority'
07-08 20:05:33.734   291   291 I wpa_supplicant: wlan0: CTRL-EVENT-EAP-PEER-CERT depth=1 subject='/C=US/ST=UT/L=Salt Lake City/O=The USERTRUST Network/CN=USERTrust Legacy Secure Server CA'
07-08 20:05:33.738   291   291 I wpa_supplicant: wlan0: CTRL-EVENT-EAP-PEER-CERT depth=0 subject='/C=US/postalCode=14260/ST=New York/L=Buffalo/street=305 Computing Center/O=SUNY AT BUFFALO/OU=Office of the President/OU=Issued through UNIVERSITY AT BUFFALO E-PKI Manager/OU=PremiumSSL Legacy/CN=ubsecure.acsu.buffalo.edu'
07-08 20:05:33.894   291   291 I wpa_supplicant: EAP-MSCHAPV2: Authentication succeeded
07-08 20:05:33.898   291   291 I wpa_supplicant: EAP-TLV: TLV Result - Success - EAP-TLV/Phase2 Completed
07-08 20:05:33.906   291   291 I wpa_supplicant: wlan0: CTRL-EVENT-EAP-SUCCESS EAP authentication completed successfully
07-08 20:05:33.980   291   291 I wpa_supplicant: wlan0: WPA: Key negotiation completed with d0:c2:82:66:5b:71 [PTK=CCMP GTK=TKIP]
07-08 20:05:33.980   291   291 I wpa_supplicant: wlan0: CTRL-EVENT-CONNECTED - Connection to d0:c2:82:66:5b:71 completed (reauth) [id=0 id_str=]
07-08 20:05:34.683   143   202 D ConnectivityService: ConnectivityChange for WIFI: CONNECTED/CONNECTED
07-08 20:05:34.703  6078  6078 I PhoneLab-WiFiReceiver: Wi-Fi is connected!
07-08 20:05:34.703  6078  6078 I PhoneLab-WiFiReceiver: SSID: UB_Secure BSSID: d0:c2:82:66:5b:71 RSSI: -200 LinkSpeed: -1
07-08 20:05:34.703  6078  6078 I PhoneLab-Locks: wake lock acquired
07-08 20:05:34.715  6078  6078 I PhoneLab-UploadLogs: Transfering log files now
07-08 20:05:34.734   143   197 W NetworkStats: dropping UID delta from unknown iface: iface=wlan0 uid=0 set=DEFAULT tag=0x0 rxBytes=0 rxPackets=0 txBytes=136 txPackets=2 operations=0
07-08 20:05:35.175  6078  6078 I PhoneLab-UploadLogs: No log files to transfer
07-08 20:05:35.175  6078  6078 I PhoneLab-Locks: wake lock released
07-08 20:05:35.179  6078  6078 I PhoneLab-UploadLogs: OnStartCommand
07-08 20:05:35.687   143   202 D ConnectivityService: NetTransition Wakelock for WifiStateMachine released by timeout
07-08 20:05:36.086   143   206 D Tethering: MasterInitialState.processMessage what=3
07-08 20:05:36.105 22025 22025 I GTalkService/c: [AndroidEndpoint@1094432016] connect: acct=1000000, state=CONNECTING
07-08 20:05:36.109 22025 22025 I GTalkService/c: [GTalkConnection@1094626304] connect: acct=1, state=CONNECTING
07-08 20:05:36.160  6163  6163 I MediaUploader: No need to wake up
07-08 20:05:36.164  6078  6078 I PhoneLab-WiFiReceiver: Wi-Fi is disconnected!
07-08 20:05:36.492  5963  6185 D PicasaSyncManager: active network: NetworkInfo: type: WIFI[], state: CONNECTED/CONNECTED, reason: (unspecified), extra: (none), roaming: false, failover: false, isAvailable: true
07-08 20:05:36.492  5963  6185 D PicasaSyncManager: background data: true
07-08 20:05:36.617  6224  6224 W ContextScopeImpl: thread=1 tried to enter the scope of the application context. Ignored.
07-08 20:05:37.773   143   206 D Tethering: MasterInitialState.processMessage what=3
07-08 20:05:37.847 22025 22026 D dalvikvm: GC_CONCURRENT freed 479K, 7% free 10704K/11463K, paused 2ms+3ms
07-08 20:05:37.886  6163  6163 I MediaUploader: No need to wake up
07-08 20:05:37.965  6224  6224 W ContextScopeImpl: thread=1 tried to enter the scope of the application context. Ignored.
07-08 20:05:37.976  5963  6185 D PicasaSyncManager: active network: NetworkInfo: type: WIFI[], state: CONNECTED/CONNECTED, reason: (unspecified), extra: (none), roaming: false, failover: false, isAvailable: true
07-08 20:05:37.980  5963  6185 D PicasaSyncManager: background data: true
07-08 20:05:47.566   291   291 I wpa_supplicant: wlan0: CTRL-EVENT-DISCONNECTED bssid=d0:c2:82:66:5b:71 reason=0
07-08 20:05:47.590    75   117 D CommandListener: Clearing all IP addresses on wlan0
07-08 20:05:47.625   143   202 D ConnectivityService: ConnectivityChange for WIFI: DISCONNECTED/DISCONNECTED
07-08 20:05:47.629   143   202 D ConnectivityService: Attempting to switch to mobile
07-08 20:05:47.629   143   202 D ConnectivityService: Attempting to switch to WIMAX
07-08 20:05:47.629   143   202 D ConnectivityService: Attempting to switch to BLUETOOTH_TETHER
07-08 20:05:47.636   143   202 D NetUtils: android_net_utils_resetConnections in env=0x7a7aa0 clazz=0x54a00001 iface=wlan0 mask=0x3
07-08 20:05:47.636   143   202 E ConnectivityService: Exception trying to remove a route: java.lang.IllegalStateException: Unable to communicate with native dameon to add routes - com.android.server.NativeDaemonConnectorException: Cmd {interface route remove wlan0 default 67.20.213.254 32 0.0.0.0} failed with code 400 : {Failed to remove route from default table (No such process)}
07-08 20:05:47.636   143   202 E ConnectivityService: Exception trying to remove a route: java.lang.IllegalStateException: Unable to communicate with native dameon to add routes - com.android.server.NativeDaemonConnectorException: Cmd {interface route remove wlan0 default 0.0.0.0 0 67.20.213.254} failed with code 400 : {Failed to remove route from default table (No such process)}
07-08 20:05:47.636   143   202 D ConnectivityService: resetConnections(wlan0, 3)
07-08 20:05:47.679 22025 22073 E GTalkService: connectionClosed: no XMPPConnection - That's strange!
07-08 20:05:47.691   143   202 D ConnectivityService: handleInetConditionChange: no active default network - ignore
07-08 20:05:48.027 22025 22073 E GTalkService: connectionClosed: no XMPPConnection - That's strange!
07-08 20:05:48.195   291   291 I wpa_supplicant: wlan0: Trying to associate with d0:c2:82:67:2e:71 (SSID='UB_Secure' freq=2412 MHz)
07-08 20:05:48.312   291   291 I wpa_supplicant: wlan0: Associated with d0:c2:82:67:2e:71
07-08 20:05:48.312   291   291 I wpa_supplicant: wlan0: CTRL-EVENT-EAP-STARTED EAP authentication started
07-08 20:05:48.320   291   291 I wpa_supplicant: wlan0: CTRL-EVENT-EAP-PROPOSED-METHOD vendor=0 method=4 -> NAK
07-08 20:05:48.328   291   291 I wpa_supplicant: wlan0: CTRL-EVENT-EAP-PROPOSED-METHOD vendor=0 method=25
07-08 20:05:48.328   291   291 I wpa_supplicant: wlan0: CTRL-EVENT-EAP-METHOD EAP vendor 0 method 25 (PEAP) selected
07-08 20:05:48.379   291   291 I wpa_supplicant: wlan0: CTRL-EVENT-EAP-PEER-CERT depth=2 subject='/C=US/O=Entrust.net/OU=www.entrust.net/CPS incorp. by ref. (limits liab.)/OU=(c) 1999 Entrust.net Limited/CN=Entrust.net Secure Server Certification Authority'
07-08 20:05:48.379   291   291 I wpa_supplicant: wlan0: CTRL-EVENT-EAP-PEER-CERT depth=2 subject='/C=US/O=Entrust.net/OU=www.entrust.net/CPS incorp. by ref. (limits liab.)/OU=(c) 1999 Entrust.net Limited/CN=Entrust.net Secure Server Certification Authority'
07-08 20:05:48.379   291   291 I wpa_supplicant: wlan0: CTRL-EVENT-EAP-PEER-CERT depth=1 subject='/C=US/ST=UT/L=Salt Lake City/O=The USERTRUST Network/CN=USERTrust Legacy Secure Server CA'
07-08 20:05:48.379   291   291 I wpa_supplicant: wlan0: CTRL-EVENT-EAP-PEER-CERT depth=0 subject='/C=US/postalCode=14260/ST=New York/L=Buffalo/street=305 Computing Center/O=SUNY AT BUFFALO/OU=Office of the President/OU=Issued through UNIVERSITY AT BUFFALO E-PKI Manager/OU=PremiumSSL Legacy/CN=ubsecure.acsu.buffalo.edu'
07-08 20:05:48.527   291   291 I wpa_supplicant: EAP-MSCHAPV2: Authentication succeeded
07-08 20:05:48.531   291   291 I wpa_supplicant: EAP-TLV: TLV Result - Success - EAP-TLV/Phase2 Completed
07-08 20:05:48.535   291   291 I wpa_supplicant: wlan0: CTRL-EVENT-EAP-SUCCESS EAP authentication completed successfully
07-08 20:05:48.570   291   291 I wpa_supplicant: wlan0: WPA: Key negotiation completed with d0:c2:82:67:2e:71 [PTK=CCMP GTK=TKIP]
07-08 20:05:48.578   291   291 I wpa_supplicant: wlan0: CTRL-EVENT-CONNECTED - Connection to d0:c2:82:67:2e:71 completed (reauth) [id=0 id_str=]
07-08 20:05:49.324   143   202 D ConnectivityService: ConnectivityChange for WIFI: CONNECTED/CONNECTED
07-08 20:05:49.328  6078  6078 I PhoneLab-WiFiReceiver: Wi-Fi is connected!
07-08 20:05:49.332  6078  6078 I PhoneLab-WiFiReceiver: SSID: UB_Secure BSSID: d0:c2:82:67:2e:71 RSSI: -200 LinkSpeed: -1
07-08 20:05:49.332  6078  6078 I PhoneLab-Locks: wake lock acquired
07-08 20:05:49.351  6078  6078 I PhoneLab-UploadLogs: Transfering log files now
07-08 20:05:49.351  6078  6078 I PhoneLab-UploadLogs: No log files to transfer
07-08 20:05:49.351  6078  6078 I PhoneLab-Locks: wake lock released
07-08 20:05:49.355  6078  6078 I PhoneLab-UploadLogs: OnStartCommand
07-08 20:05:49.359   143   197 W NetworkStats: dropping UID delta from unknown iface: iface=wlan0 uid=0 set=DEFAULT tag=0x0 rxBytes=0 rxPackets=0 txBytes=136 txPackets=2 operations=0
07-08 20:05:49.390  6078  6081 D dalvikvm: GC_CONCURRENT freed 451K, 7% free 9086K/9671K, paused 2ms+1ms
07-08 20:05:49.515   143   145 D dalvikvm: GC_CONCURRENT freed 2020K, 18% free 17519K/21127K, paused 16ms+8ms
07-08 20:05:50.324   143   202 D ConnectivityService: NetTransition Wakelock for WifiStateMachine released by timeout
07-08 20:05:53.015   143   206 D Tethering: MasterInitialState.processMessage what=3
07-08 20:05:53.039 22025 22025 I GTalkService/c: [AndroidEndpoint@1094432016] connect: acct=1000000, state=CONNECTING
07-08 20:05:53.039 22025 22025 I GTalkService/c: [GTalkConnection@1094626304] connect: acct=1, state=CONNECTING
07-08 20:05:53.074  6163  6163 I MediaUploader: No need to wake up
07-08 20:05:53.078  6078  6078 I PhoneLab-WiFiReceiver: Wi-Fi is disconnected!
07-08 20:05:53.156  5963  6185 D PicasaSyncManager: active network: NetworkInfo: type: WIFI[], state: CONNECTED/CONNECTED, reason: (unspecified), extra: (none), roaming: false, failover: false, isAvailable: true
07-08 20:05:53.156  5963  6185 D PicasaSyncManager: background data: true
07-08 20:05:53.172  6224  6224 W ContextScopeImpl: thread=1 tried to enter the scope of the application context. Ignored.
07-08 20:05:54.375   143   206 D Tethering: MasterInitialState.processMessage what=3
07-08 20:05:54.465  6163  6163 I MediaUploader: No need to wake up
07-08 20:05:54.558  6224  6224 W ContextScopeImpl: thread=1 tried to enter the scope of the application context. Ignored.
07-08 20:05:54.586  5963  6185 D PicasaSyncManager: active network: NetworkInfo: type: WIFI[], state: CONNECTED/CONNECTED, reason: (unspecified), extra: (none), roaming: false, failover: false, isAvailable: true
07-08 20:05:54.586  5963  6185 D PicasaSyncManager: background data: true
07-08 20:05:55.539 22025 22026 D dalvikvm: GC_CONCURRENT freed 440K, 7% free 10701K/11463K, paused 4ms+201ms
07-08 20:05:56.218   143   202 D ConnectivityService: handleInetConditionHoldEnd: net=1, condition=100, published condition=0
07-08 20:05:57.375  4741  4769 D dalvikvm: GC_EXPLICIT freed 193K, 7% free 9684K/10375K, paused 1ms+3ms
07-08 20:05:57.574  6291  6294 D dalvikvm: GC_CONCURRENT freed 440K, 6% free 9371K/9927K, paused 26ms+2ms
07-08 20:06:00.132   221   223 D dalvikvm: GC_CONCURRENT freed 390K, 32% free 9696K/14215K, paused 15ms+2ms
07-08 20:06:00.254  5689  5692 D dalvikvm: GC_CONCURRENT freed 647K, 7% free 10542K/11271K, paused 1ms+2ms
07-08 20:06:00.367   143   311 D dalvikvm: GC_EXPLICIT freed 549K, 18% free 17462K/21127K, paused 2ms+6ms
07-08 20:06:00.492   659   661 D dalvikvm: GC_CONCURRENT freed 391K, 9% free 10348K/11271K, paused 2ms+2ms
07-08 20:07:01.539  5689  6522 D dalvikvm: GC_EXPLICIT freed 375K, 7% free 10526K/11271K, paused 6ms+7ms
07-08 20:07:04.160 27377 27379 D dalvikvm: GC_CONCURRENT freed 834K, 16% free 11893K/14023K, paused 17ms+9ms
07-08 20:07:05.191   143   308 W ActivityManager: finishReceiver called but no pending broadcasts
07-08 20:07:05.277  5689  5692 D dalvikvm: GC_CONCURRENT freed 380K, 6% free 10657K/11271K, paused 1ms+2ms
07-08 20:07:14.703   143   387 W ActivityManager: finishReceiver called but no pending broadcasts
07-08 20:07:19.070  5689  5692 D dalvikvm: GC_CONCURRENT freed 612K, 7% free 10632K/11335K, paused 2ms+2ms
07-08 20:07:23.457   143 11000 W ActivityManager: finishReceiver called but no pending broadcasts
07-08 20:07:23.558  5689  5692 D dalvikvm: GC_CONCURRENT freed 527K, 7% free 10640K/11335K, paused 2ms+2ms
07-08 20:07:23.847  6078  6091 I PhoneLab-: Service Running
07-08 20:07:23.945  6078  6091 I PhoneLab-LoggerService: app_37    1296  1     1436   996   c00f181c 400107b4 S logcat
07-08 20:07:23.945  6078  6091 I PhoneLab-LoggerService: Logcat pid from database 1296
07-08 20:07:23.945  6078  6091 I PhoneLab-LoggerService: Logcat process found 1296
07-08 20:07:23.945  6078  6091 I PhoneLab-LoggerService: Checking Threshold
07-08 20:07:32.289   143 10999 W ActivityManager: finishReceiver called but no pending broadcasts
07-08 20:07:32.390  5689  5692 D dalvikvm: GC_CONCURRENT freed 535K, 7% free 10645K/11335K, paused 2ms+2ms
07-08 20:07:54.019   291   291 I wpa_supplicant: wlan0: CTRL-EVENT-DISCONNECTED bssid=d0:c2:82:67:2e:71 reason=0
07-08 20:07:54.019    75   117 D CommandListener: Clearing all IP addresses on wlan0
07-08 20:07:54.035   143   202 D ConnectivityService: ConnectivityChange for WIFI: DISCONNECTED/DISCONNECTED
07-08 20:07:54.046   143   202 D ConnectivityService: Attempting to switch to mobile
07-08 20:07:54.046   143   202 D ConnectivityService: Attempting to switch to WIMAX
07-08 20:07:54.046   143   202 D ConnectivityService: Attempting to switch to BLUETOOTH_TETHER
07-08 20:07:54.050   143   202 E ConnectivityService: Exception trying to remove a route: java.lang.IllegalStateException: Unable to communicate with native dameon to add routes - com.android.server.NativeDaemonConnectorException: Cmd {interface route remove wlan0 default 67.20.213.254 32 0.0.0.0} failed with code 400 : {Failed to remove route from default table (No such process)}
07-08 20:07:54.054   143   202 E ConnectivityService: Exception trying to remove a route: java.lang.IllegalStateException: Unable to communicate with native dameon to add routes - com.android.server.NativeDaemonConnectorException: Cmd {interface route remove wlan0 default 0.0.0.0 0 67.20.213.254} failed with code 400 : {Failed to remove route from default table (No such process)}
07-08 20:07:54.054   143   202 D NetUtils: android_net_utils_resetConnections in env=0x7a7aa0 clazz=0x6c700001 iface=wlan0 mask=0x3
07-08 20:07:54.054   143   202 D ConnectivityService: resetConnections(wlan0, 3)
07-08 20:07:54.160 22025  6514 W Smack/Packet: notify conn break (IOEx), close connection
07-08 20:07:54.316 22025  6514 I qtaguid : Failed write_ctrl(u 86) res=-1 errno=22
07-08 20:07:54.316 22025  6514 I qtaguid : Untagging socket 86 failed errno=-22
07-08 20:07:54.332 22025  6514 W NetworkManagementSocketTagger: untagSocket(86) failed with errno -22
07-08 20:07:54.336   143   202 D ConnectivityService: handleInetConditionChange: no active default network - ignore
07-08 20:07:54.601   291   291 I wpa_supplicant: wlan0: Trying to associate with d0:c2:82:2d:ed:b1 (SSID='UB_Secure' freq=2412 MHz)
07-08 20:07:54.656   291   291 I wpa_supplicant: wlan0: Associated with d0:c2:82:2d:ed:b1
07-08 20:07:54.656   291   291 I wpa_supplicant: wlan0: CTRL-EVENT-EAP-STARTED EAP authentication started
07-08 20:07:54.664   291   291 I wpa_supplicant: wlan0: CTRL-EVENT-EAP-PROPOSED-METHOD vendor=0 method=4 -> NAK
07-08 20:07:54.668   291   291 I wpa_supplicant: wlan0: CTRL-EVENT-EAP-PROPOSED-METHOD vendor=0 method=25
07-08 20:07:54.668   291   291 I wpa_supplicant: wlan0: CTRL-EVENT-EAP-METHOD EAP vendor 0 method 25 (PEAP) selected
07-08 20:07:54.711   291   291 I wpa_supplicant: wlan0: CTRL-EVENT-EAP-PEER-CERT depth=2 subject='/C=US/O=Entrust.net/OU=www.entrust.net/CPS incorp. by ref. (limits liab.)/OU=(c) 1999 Entrust.net Limited/CN=Entrust.net Secure Server Certification Authority'
07-08 20:07:54.711   291   291 I wpa_supplicant: wlan0: CTRL-EVENT-EAP-PEER-CERT depth=2 subject='/C=US/O=Entrust.net/OU=www.entrust.net/CPS incorp. by ref. (limits liab.)/OU=(c) 1999 Entrust.net Limited/CN=Entrust.net Secure Server Certification Authority'
07-08 20:07:54.711   291   291 I wpa_supplicant: wlan0: CTRL-EVENT-EAP-PEER-CERT depth=1 subject='/C=US/ST=UT/L=Salt Lake City/O=The USERTRUST Network/CN=USERTrust Legacy Secure Server CA'
07-08 20:07:54.714   291   291 I wpa_supplicant: wlan0: CTRL-EVENT-EAP-PEER-CERT depth=0 subject='/C=US/postalCode=14260/ST=New York/L=Buffalo/street=305 Computing Center/O=SUNY AT BUFFALO/OU=Office of the President/OU=Issued through UNIVERSITY AT BUFFALO E-PKI Manager/OU=PremiumSSL Legacy/CN=ubsecure.acsu.buffalo.edu'
07-08 20:07:54.871   291   291 I wpa_supplicant: EAP-MSCHAPV2: Authentication succeeded
07-08 20:07:54.875   291   291 I wpa_supplicant: EAP-TLV: TLV Result - Success - EAP-TLV/Phase2 Completed
07-08 20:07:54.879   291   291 I wpa_supplicant: wlan0: CTRL-EVENT-EAP-SUCCESS EAP authentication completed successfully
07-08 20:07:54.914   291   291 I wpa_supplicant: wlan0: WPA: Key negotiation completed with d0:c2:82:2d:ed:b1 [PTK=CCMP GTK=TKIP]
07-08 20:07:54.914   291   291 I wpa_supplicant: wlan0: CTRL-EVENT-CONNECTED - Connection to d0:c2:82:2d:ed:b1 completed (reauth) [id=0 id_str=]
07-08 20:07:55.625   143   202 D ConnectivityService: ConnectivityChange for WIFI: CONNECTED/CONNECTED
07-08 20:07:55.629  6078  6078 I PhoneLab-WiFiReceiver: Wi-Fi is connected!
07-08 20:07:55.632  6078  6078 I PhoneLab-WiFiReceiver: SSID: UB_Secure BSSID: d0:c2:82:2d:ed:b1 RSSI: -200 LinkSpeed: -1
07-08 20:07:55.632  6078  6078 I PhoneLab-Locks: wake lock acquired
07-08 20:07:55.636  6078  6078 I PhoneLab-UploadLogs: Transfering log files now
07-08 20:07:55.656   143   197 W NetworkStats: dropping UID delta from unknown iface: iface=wlan0 uid=0 set=DEFAULT tag=0x0 rxBytes=0 rxPackets=0 txBytes=72 txPackets=1 operations=0
07-08 20:07:55.691  6078  6078 I PhoneLab-UploadLogs: No log files to transfer
07-08 20:07:55.691  6078  6078 I PhoneLab-Locks: wake lock released
07-08 20:07:55.695  6078  6078 I PhoneLab-UploadLogs: OnStartCommand
07-08 20:07:56.078 28580 28583 D dalvikvm: GC_CONCURRENT freed 628K, 22% free 11280K/14343K, paused 2ms+3ms
07-08 20:07:56.632   143   202 D ConnectivityService: NetTransition Wakelock for WifiStateMachine released by timeout
07-08 20:07:57.101   143   206 D Tethering: MasterInitialState.processMessage what=3
07-08 20:07:57.132 22025 22025 I GTalkService/c: [AndroidEndpoint@1094432016] connect: acct=1000000, state=CONNECTING
07-08 20:07:57.136 22025 22025 I GTalkService/c: [GTalkConnection@1094626304] connect: acct=1, state=CONNECTING
07-08 20:07:57.175  6163  6163 I MediaUploader: No need to wake up
07-08 20:07:57.191  6078  6078 I PhoneLab-WiFiReceiver: Wi-Fi is disconnected!
07-08 20:07:57.265  5963  6185 D PicasaSyncManager: active network: NetworkInfo: type: WIFI[], state: CONNECTED/CONNECTED, reason: (unspecified), extra: (none), roaming: false, failover: false, isAvailable: true
07-08 20:07:57.265  5963  6185 D PicasaSyncManager: background data: true
07-08 20:07:57.293  6224  6224 W ContextScopeImpl: thread=1 tried to enter the scope of the application context. Ignored.
07-08 20:07:57.492  6224  6226 D dalvikvm: GC_CONCURRENT freed 317K, 5% free 9869K/10311K, paused 17ms+3ms
07-08 20:07:58.632 22025 22026 D dalvikvm: GC_CONCURRENT freed 438K, 7% free 10707K/11463K, paused 3ms+3ms
07-08 20:07:58.656   143   206 D Tethering: MasterInitialState.processMessage what=3
07-08 20:07:58.722  6163  6163 I MediaUploader: No need to wake up
07-08 20:07:58.793  6224  6224 W ContextScopeImpl: thread=1 tried to enter the scope of the application context. Ignored.
07-08 20:07:58.800  5963  6185 D PicasaSyncManager: active network: NetworkInfo: type: WIFI[], state: CONNECTED/CONNECTED, reason: (unspecified), extra: (none), roaming: false, failover: false, isAvailable: true
07-08 20:07:58.800  5963  6185 D PicasaSyncManager: background data: true
07-08 20:07:58.855   344   350 D dalvikvm: GC_CONCURRENT freed 392K, 6% free 9513K/10119K, paused 6ms+2ms
07-08 20:08:00.300   659   661 D dalvikvm: GC_CONCURRENT freed 479K, 8% free 10380K/11271K, paused 2ms+2ms
07-08 20:08:00.339   143   202 D ConnectivityService: handleInetConditionHoldEnd: net=1, condition=100, published condition=0
07-08 20:08:25.019   291   291 I wpa_supplicant: wlan0: CTRL-EVENT-DISCONNECTED bssid=d0:c2:82:2d:ed:b1 reason=0
07-08 20:08:25.019    75   117 D CommandListener: Clearing all IP addresses on wlan0
07-08 20:08:25.035   143   202 D ConnectivityService: ConnectivityChange for WIFI: DISCONNECTED/DISCONNECTED
07-08 20:08:25.039   143   202 D ConnectivityService: Attempting to switch to mobile
07-08 20:08:25.039   143   202 D ConnectivityService: Attempting to switch to WIMAX
07-08 20:08:25.039   143   202 D ConnectivityService: Attempting to switch to BLUETOOTH_TETHER
07-08 20:08:25.043   143   202 E ConnectivityService: Exception trying to remove a route: java.lang.IllegalStateException: Unable to communicate with native dameon to add routes - com.android.server.NativeDaemonConnectorException: Cmd {interface route remove wlan0 default 67.20.213.254 32 0.0.0.0} failed with code 400 : {Failed to remove route from default table (No such process)}
07-08 20:08:25.046   143   202 D NetUtils: android_net_utils_resetConnections in env=0x7a7aa0 clazz=0x83000001 iface=wlan0 mask=0x3
07-08 20:08:25.046   143   202 E ConnectivityService: Exception trying to remove a route: java.lang.IllegalStateException: Unable to communicate with native dameon to add routes - com.android.server.NativeDaemonConnectorException: Cmd {interface route remove wlan0 default 0.0.0.0 0 67.20.213.254} failed with code 400 : {Failed to remove route from default table (No such process)}
07-08 20:08:25.046   143   202 D ConnectivityService: resetConnections(wlan0, 3)
07-08 20:08:25.140 22025  6564 W Smack/Packet: notify conn break (IOEx), close connection
07-08 20:08:25.250   143   145 D dalvikvm: GC_CONCURRENT freed 1916K, 17% free 17559K/21127K, paused 2ms+12ms
07-08 20:08:25.304 22025  6564 I qtaguid : Failed write_ctrl(u 86) res=-1 errno=22
07-08 20:08:25.304 22025  6564 I qtaguid : Untagging socket 86 failed errno=-22
07-08 20:08:25.304 22025  6564 W NetworkManagementSocketTagger: untagSocket(86) failed with errno -22
07-08 20:08:25.308   143   202 D ConnectivityService: handleInetConditionChange: no active default network - ignore
07-08 20:08:25.418   143   400 D dalvikvm: GC_EXPLICIT freed 111K, 18% free 17451K/21127K, paused 4ms+7ms
07-08 20:08:25.601   291   291 I wpa_supplicant: wlan0: Trying to associate with 58:35:d9:38:bc:11 (SSID='UB_Secure' freq=2412 MHz)
07-08 20:08:25.648   291   291 I wpa_supplicant: wlan0: Associated with 58:35:d9:38:bc:11
07-08 20:08:25.648   291   291 I wpa_supplicant: wlan0: CTRL-EVENT-EAP-STARTED EAP authentication started
07-08 20:08:25.652   291   291 I wpa_supplicant: wlan0: CTRL-EVENT-EAP-PROPOSED-METHOD vendor=0 method=4 -> NAK
07-08 20:08:25.656   291   291 I wpa_supplicant: wlan0: CTRL-EVENT-EAP-PROPOSED-METHOD vendor=0 method=25
07-08 20:08:25.656   291   291 I wpa_supplicant: wlan0: CTRL-EVENT-EAP-METHOD EAP vendor 0 method 25 (PEAP) selected
07-08 20:08:25.711   291   291 I wpa_supplicant: wlan0: CTRL-EVENT-EAP-PEER-CERT depth=2 subject='/C=US/O=Entrust.net/OU=www.entrust.net/CPS incorp. by ref. (limits liab.)/OU=(c) 1999 Entrust.net Limited/CN=Entrust.net Secure Server Certification Authority'
07-08 20:08:25.714   291   291 I wpa_supplicant: wlan0: CTRL-EVENT-EAP-PEER-CERT depth=2 subject='/C=US/O=Entrust.net/OU=www.entrust.net/CPS incorp. by ref. (limits liab.)/OU=(c) 1999 Entrust.net Limited/CN=Entrust.net Secure Server Certification Authority'
07-08 20:08:25.714   291   291 I wpa_supplicant: wlan0: CTRL-EVENT-EAP-PEER-CERT depth=1 subject='/C=US/ST=UT/L=Salt Lake City/O=The USERTRUST Network/CN=USERTrust Legacy Secure Server CA'
07-08 20:08:25.714   291   291 I wpa_supplicant: wlan0: CTRL-EVENT-EAP-PEER-CERT depth=0 subject='/C=US/postalCode=14260/ST=New York/L=Buffalo/street=305 Computing Center/O=SUNY AT BUFFALO/OU=Office of the President/OU=Issued through UNIVERSITY AT BUFFALO E-PKI Manager/OU=PremiumSSL Legacy/CN=ubsecure.acsu.buffalo.edu'
07-08 20:08:25.863   291   291 I wpa_supplicant: EAP-MSCHAPV2: Authentication succeeded
07-08 20:08:25.867   291   291 I wpa_supplicant: EAP-TLV: TLV Result - Success - EAP-TLV/Phase2 Completed
07-08 20:08:25.879   291   291 I wpa_supplicant: wlan0: CTRL-EVENT-EAP-SUCCESS EAP authentication completed successfully
07-08 20:08:25.914   291   291 I wpa_supplicant: wlan0: WPA: Key negotiation completed with 58:35:d9:38:bc:11 [PTK=CCMP GTK=TKIP]
07-08 20:08:25.914   291   291 I wpa_supplicant: wlan0: CTRL-EVENT-CONNECTED - Connection to 58:35:d9:38:bc:11 completed (reauth) [id=0 id_str=]
07-08 20:08:26.675   143   202 D ConnectivityService: ConnectivityChange for WIFI: CONNECTED/CONNECTED
07-08 20:08:26.683  6078  6078 I PhoneLab-WiFiReceiver: Wi-Fi is connected!
07-08 20:08:26.687  6078  6078 I PhoneLab-WiFiReceiver: SSID: UB_Secure BSSID: 58:35:d9:38:bc:11 RSSI: -200 LinkSpeed: -1
07-08 20:08:26.687  6078  6078 I PhoneLab-Locks: wake lock acquired
07-08 20:08:26.691  6078  6078 I PhoneLab-UploadLogs: Transfering log files now
07-08 20:08:26.691  6078  6078 I PhoneLab-UploadLogs: No log files to transfer
07-08 20:08:26.691  6078  6078 I PhoneLab-Locks: wake lock released
07-08 20:08:26.695  6078  6078 I PhoneLab-UploadLogs: OnStartCommand
07-08 20:08:26.711   143   197 W NetworkStats: dropping UID delta from unknown iface: iface=wlan0 uid=0 set=DEFAULT tag=0x0 rxBytes=0 rxPackets=0 txBytes=136 txPackets=2 operations=0
07-08 20:08:27.683   143   202 D ConnectivityService: NetTransition Wakelock for WifiStateMachine released by timeout
07-08 20:08:34.031   143   206 D Tethering: MasterInitialState.processMessage what=3
07-08 20:08:34.058 22025 22025 I GTalkService/c: [AndroidEndpoint@1094432016] connect: acct=1000000, state=CONNECTING
07-08 20:08:34.066 22025 22025 I GTalkService/c: [GTalkConnection@1094626304] connect: acct=1, state=CONNECTING
07-08 20:08:34.109  6163  6163 I MediaUploader: No need to wake up
07-08 20:08:34.113  6078  6078 I PhoneLab-WiFiReceiver: Wi-Fi is disconnected!
07-08 20:08:34.203  6224  6224 W ContextScopeImpl: thread=1 tried to enter the scope of the application context. Ignored.
07-08 20:08:34.226  5963  6185 D PicasaSyncManager: active network: NetworkInfo: type: WIFI[], state: CONNECTED/CONNECTED, reason: (unspecified), extra: (none), roaming: false, failover: false, isAvailable: true
07-08 20:08:34.226  5963  6185 D PicasaSyncManager: background data: true
07-08 20:08:34.273 22025 22026 D dalvikvm: GC_CONCURRENT freed 508K, 7% free 10680K/11463K, paused 2ms+6ms
07-08 20:08:34.312 22025 22846 D dalvikvm: GC_EXPLICIT freed 72K, 8% free 10609K/11463K, paused 2ms+3ms
07-08 20:08:35.347   143   206 D Tethering: MasterInitialState.processMessage what=3
07-08 20:08:35.418  6163  6163 I MediaUploader: No need to wake up
07-08 20:08:35.488  5963  6185 D PicasaSyncManager: active network: NetworkInfo: type: WIFI[], state: CONNECTED/CONNECTED, reason: (unspecified), extra: (none), roaming: false, failover: false, isAvailable: true
07-08 20:08:35.496  6224  6224 W ContextScopeImpl: thread=1 tried to enter the scope of the application context. Ignored.
07-08 20:08:35.511  5963  6185 D PicasaSyncManager: background data: true
07-08 20:08:35.847  6078  6091 I PhoneLab-: Service Running
07-08 20:08:35.925  6078  6091 I PhoneLab-LoggerService: app_37    1296  1     1436   996   c00f181c 400107b4 S logcat
07-08 20:08:35.925  6078  6091 I PhoneLab-LoggerService: Logcat pid from database 1296
07-08 20:08:35.925  6078  6091 I PhoneLab-LoggerService: Logcat process found 1296
07-08 20:08:35.925  6078  6091 I PhoneLab-LoggerService: Checking Threshold
07-08 20:08:38.441   143   395 I ActivityManager: Process com.google.android.gsf.login (pid 3516) has died.
07-08 20:08:42.918   291   291 I wpa_supplicant: wlan0: CTRL-EVENT-DISCONNECTED bssid=58:35:d9:38:bc:11 reason=0
07-08 20:08:42.922    75   117 D CommandListener: Clearing all IP addresses on wlan0
07-08 20:08:42.988   143   202 D ConnectivityService: ConnectivityChange for WIFI: DISCONNECTED/DISCONNECTED
07-08 20:08:42.992   143   202 D ConnectivityService: Attempting to switch to mobile
07-08 20:08:42.992   143   202 D ConnectivityService: Attempting to switch to WIMAX
07-08 20:08:42.992   143   202 D ConnectivityService: Attempting to switch to BLUETOOTH_TETHER
07-08 20:08:43.004   143   202 D NetUtils: android_net_utils_resetConnections in env=0x7a7aa0 clazz=0x97100001 iface=wlan0 mask=0x3
07-08 20:08:43.004   143   202 E ConnectivityService: Exception trying to remove a route: java.lang.IllegalStateException: Unable to communicate with native dameon to add routes - com.android.server.NativeDaemonConnectorException: Cmd {interface route remove wlan0 default 67.20.213.254 32 0.0.0.0} failed with code 400 : {Failed to remove route from default table (No such process)}
07-08 20:08:43.004   143   202 E ConnectivityService: Exception trying to remove a route: java.lang.IllegalStateException: Unable to communicate with native dameon to add routes - com.android.server.NativeDaemonConnectorException: Cmd {interface route remove wlan0 default 0.0.0.0 0 67.20.213.254} failed with code 400 : {Failed to remove route from default table (No such process)}
07-08 20:08:43.004   143   202 D ConnectivityService: resetConnections(wlan0, 3)
07-08 20:08:43.050 22025 22073 E GTalkService: connectionClosed: no XMPPConnection - That's strange!
07-08 20:08:43.066   143   202 D ConnectivityService: handleInetConditionChange: no active default network - ignore
07-08 20:08:43.422 22025 22073 E GTalkService: connectionClosed: no XMPPConnection - That's strange!
07-08 20:08:43.523   291   291 I wpa_supplicant: wlan0: Trying to associate with d0:c2:82:7e:30:a1 (SSID='UB_Secure' freq=2437 MHz)
07-08 20:08:43.656   291   291 I wpa_supplicant: wlan0: Associated with d0:c2:82:7e:30:a1
07-08 20:08:43.656   291   291 I wpa_supplicant: wlan0: CTRL-EVENT-EAP-STARTED EAP authentication started
07-08 20:08:43.664   291   291 I wpa_supplicant: wlan0: CTRL-EVENT-EAP-PROPOSED-METHOD vendor=0 method=4 -> NAK
07-08 20:08:43.668   291   291 I wpa_supplicant: wlan0: CTRL-EVENT-EAP-PROPOSED-METHOD vendor=0 method=25
07-08 20:08:43.668   291   291 I wpa_supplicant: wlan0: CTRL-EVENT-EAP-METHOD EAP vendor 0 method 25 (PEAP) selected
07-08 20:08:43.715   291   291 I wpa_supplicant: wlan0: CTRL-EVENT-EAP-PEER-CERT depth=2 subject='/C=US/O=Entrust.net/OU=www.entrust.net/CPS incorp. by ref. (limits liab.)/OU=(c) 1999 Entrust.net Limited/CN=Entrust.net Secure Server Certification Authority'
07-08 20:08:43.715   291   291 I wpa_supplicant: wlan0: CTRL-EVENT-EAP-PEER-CERT depth=2 subject='/C=US/O=Entrust.net/OU=www.entrust.net/CPS incorp. by ref. (limits liab.)/OU=(c) 1999 Entrust.net Limited/CN=Entrust.net Secure Server Certification Authority'
07-08 20:08:43.715   291   291 I wpa_supplicant: wlan0: CTRL-EVENT-EAP-PEER-CERT depth=1 subject='/C=US/ST=UT/L=Salt Lake City/O=The USERTRUST Network/CN=USERTrust Legacy Secure Server CA'
07-08 20:08:43.715   291   291 I wpa_supplicant: wlan0: CTRL-EVENT-EAP-PEER-CERT depth=0 subject='/C=US/postalCode=14260/ST=New York/L=Buffalo/street=305 Computing Center/O=SUNY AT BUFFALO/OU=Office of the President/OU=Issued through UNIVERSITY AT BUFFALO E-PKI Manager/OU=PremiumSSL Legacy/CN=ubsecure.acsu.buffalo.edu'
07-08 20:08:43.863   291   291 I wpa_supplicant: EAP-MSCHAPV2: Authentication succeeded
07-08 20:08:43.871   291   291 I wpa_supplicant: EAP-TLV: TLV Result - Success - EAP-TLV/Phase2 Completed
07-08 20:08:43.875   291   291 I wpa_supplicant: wlan0: CTRL-EVENT-EAP-SUCCESS EAP authentication completed successfully
07-08 20:08:43.914   291   291 I wpa_supplicant: wlan0: WPA: Key negotiation completed with d0:c2:82:7e:30:a1 [PTK=CCMP GTK=TKIP]
07-08 20:08:43.914   291   291 I wpa_supplicant: wlan0: CTRL-EVENT-CONNECTED - Connection to d0:c2:82:7e:30:a1 completed (reauth) [id=0 id_str=]
07-08 20:08:44.640   143   202 D ConnectivityService: ConnectivityChange for WIFI: CONNECTED/CONNECTED
07-08 20:08:44.672  6078  6078 I PhoneLab-WiFiReceiver: Wi-Fi is connected!
07-08 20:08:44.672  6078  6078 I PhoneLab-WiFiReceiver: SSID: UB_Secure BSSID: d0:c2:82:7e:30:a1 RSSI: -200 LinkSpeed: -1
07-08 20:08:44.672  6078  6078 I PhoneLab-Locks: wake lock acquired
07-08 20:08:44.675  6078  6078 I PhoneLab-UploadLogs: Transfering log files now
07-08 20:08:44.675  6078  6078 I PhoneLab-UploadLogs: No log files to transfer
07-08 20:08:44.675  6078  6078 I PhoneLab-Locks: wake lock released
07-08 20:08:44.679  6078  6078 I PhoneLab-UploadLogs: OnStartCommand
07-08 20:08:44.695   143   197 W NetworkStats: dropping UID delta from unknown iface: iface=wlan0 uid=0 set=DEFAULT tag=0x0 rxBytes=0 rxPackets=0 txBytes=136 txPackets=2 operations=0
07-08 20:08:45.644   143   202 D ConnectivityService: NetTransition Wakelock for WifiStateMachine released by timeout
07-08 20:08:46.050   143   206 D Tethering: MasterInitialState.processMessage what=3
07-08 20:08:46.105 22025 22025 I GTalkService/c: [AndroidEndpoint@1094432016] connect: acct=1000000, state=CONNECTING
07-08 20:08:46.113 22025 22025 I GTalkService/c: [GTalkConnection@1094626304] connect: acct=1, state=CONNECTING
07-08 20:08:46.140  6163  6163 I MediaUploader: No need to wake up
07-08 20:08:46.144  6078  6078 I PhoneLab-WiFiReceiver: Wi-Fi is disconnected!
07-08 20:08:46.308  6224  6224 W ContextScopeImpl: thread=1 tried to enter the scope of the application context. Ignored.
07-08 20:08:46.320  5963  6185 D PicasaSyncManager: active network: NetworkInfo: type: WIFI[], state: CONNECTED/CONNECTED, reason: (unspecified), extra: (none), roaming: false, failover: false, isAvailable: true
07-08 20:08:46.336   143   145 D dalvikvm: GC_CONCURRENT freed 1977K, 18% free 17464K/21127K, paused 3ms+12ms
07-08 20:08:46.371  5963  6185 D PicasaSyncManager: background data: true
07-08 20:08:47.238 22025 22026 D dalvikvm: GC_CONCURRENT freed 318K, 7% free 10702K/11463K, paused 6ms+4ms
07-08 20:08:47.707   143   206 D Tethering: MasterInitialState.processMessage what=3
07-08 20:08:47.777  6163  6163 I MediaUploader: No need to wake up
07-08 20:08:47.867  6224  6224 W ContextScopeImpl: thread=1 tried to enter the scope of the application context. Ignored.
07-08 20:08:47.902  5963  6185 D PicasaSyncManager: active network: NetworkInfo: type: WIFI[], state: CONNECTED/CONNECTED, reason: (unspecified), extra: (none), roaming: false, failover: false, isAvailable: true
07-08 20:08:47.902  5963  6185 D PicasaSyncManager: background data: true
07-08 20:08:47.961  5714  5716 D dalvikvm: GC_CONCURRENT freed 453K, 8% free 9941K/10695K, paused 19ms+11ms
07-08 20:08:48.218  5927  5929 D dalvikvm: GC_CONCURRENT freed 358K, 5% free 9373K/9863K, paused 100ms+16ms
07-08 20:08:48.238   143   202 D ConnectivityService: handleInetConditionHoldEnd: net=1, condition=100, published condition=0
07-08 20:08:48.765   143   202 D ConnectivityService: handleInetConditionHoldEnd: net=1, condition=100, published condition=100
07-08 20:09:03.375   291   291 I wpa_supplicant: wlan0: CTRL-EVENT-DISCONNECTED bssid=d0:c2:82:7e:30:a1 reason=0
07-08 20:09:03.382    75   117 D CommandListener: Clearing all IP addresses on wlan0
07-08 20:09:03.429   143   202 D ConnectivityService: ConnectivityChange for WIFI: DISCONNECTED/DISCONNECTED
07-08 20:09:03.433   143   202 D ConnectivityService: Attempting to switch to mobile
07-08 20:09:03.433   143   202 D ConnectivityService: Attempting to switch to WIMAX
07-08 20:09:03.433   143   202 D ConnectivityService: Attempting to switch to BLUETOOTH_TETHER
07-08 20:09:03.441   143   202 E ConnectivityService: Exception trying to remove a route: java.lang.IllegalStateException: Unable to communicate with native dameon to add routes - com.android.server.NativeDaemonConnectorException: Cmd {interface route remove wlan0 default 67.20.213.254 32 0.0.0.0} failed with code 400 : {Failed to remove route from default table (No such process)}
07-08 20:09:03.445   143   202 D NetUtils: android_net_utils_resetConnections in env=0x7a7aa0 clazz=0xae100001 iface=wlan0 mask=0x3
07-08 20:09:03.445   143   202 E ConnectivityService: Exception trying to remove a route: java.lang.IllegalStateException: Unable to communicate with native dameon to add routes - com.android.server.NativeDaemonConnectorException: Cmd {interface route remove wlan0 default 0.0.0.0 0 67.20.213.254} failed with code 400 : {Failed to remove route from default table (No such process)}
07-08 20:09:03.445   143   202 D ConnectivityService: resetConnections(wlan0, 3)
07-08 20:09:03.523 22025  6640 W Smack/Packet: notify conn break (IOEx), close connection
07-08 20:09:03.566  5689  5707 W System.err: org.apache.http.conn.HttpHostConnectException: Connection to https://www.google.com refused
07-08 20:09:03.683  5689  5692 D dalvikvm: GC_CONCURRENT freed 512K, 7% free 10561K/11335K, paused 6ms+61ms
07-08 20:09:03.687  5689  5707 W System.err: 	at org.apache.http.impl.conn.DefaultClientConnectionOperator.openConnection(DefaultClientConnectionOperator.java:183)
07-08 20:09:03.687  5689  5707 W System.err: 	at org.apache.http.impl.conn.AbstractPoolEntry.open(AbstractPoolEntry.java:164)
07-08 20:09:03.687  5689  5707 W System.err: 	at org.apache.http.impl.conn.AbstractPooledConnAdapter.open(AbstractPooledConnAdapter.java:119)
07-08 20:09:03.691  5689  5707 W System.err: 	at org.apache.http.impl.client.DefaultRequestDirector.execute(DefaultRequestDirector.java:452)
07-08 20:09:03.691  5689  5707 W System.err: 	at org.apache.http.impl.client.AbstractHttpClient.execute(AbstractHttpClient.java:555)
07-08 20:09:03.695  5689  5707 W System.err: 	at org.apache.http.impl.client.AbstractHttpClient.execute(AbstractHttpClient.java:487)
07-08 20:09:03.695  5689  5707 W System.err: 	at android.net.http.AndroidHttpClient.execute(AndroidHttpClient.java:257)
07-08 20:09:03.695  5689  5707 W System.err: 	at e.a.a(SourceFile:202)
07-08 20:09:03.695  5689  5707 W System.err: 	at e.a.execute(SourceFile:244)
07-08 20:09:03.699  5689  5707 W System.err: 	at e.a.execute(SourceFile:312)
07-08 20:09:03.699  5689  5707 W System.err: 	at am.c.a(SourceFile:126)
07-08 20:09:03.699  5689  5707 W System.err: 	at am.c.f(SourceFile:172)
07-08 20:09:03.699  5689  5707 W System.err: 	at p.d.run(SourceFile:419)
07-08 20:09:03.699  5689  5707 W System.err: 	at p.c.c(SourceFile:225)
07-08 20:09:03.699  5689  5707 W System.err: 	at p.c.run(SourceFile:199)
07-08 20:09:03.699  5689  5707 W System.err: 	at ao.c.run(SourceFile:96)
07-08 20:09:03.699  5689  5707 W System.err: Caused by: java.net.ConnectException: failed to connect to /173.194.73.106 (port 443) after 60000ms: connect failed: ENETUNREACH (Network is unreachable)
07-08 20:09:03.707 22025  6640 I qtaguid : Failed write_ctrl(u 86) res=-1 errno=22
07-08 20:09:03.718  5689  5707 W System.err: 	at libcore.io.IoBridge.connect(IoBridge.java:114)
07-08 20:09:03.722  5689  5707 W System.err: 	at java.net.PlainSocketImpl.connect(PlainSocketImpl.java:192)
07-08 20:09:03.722  5689  5707 W System.err: 	at java.net.PlainSocketImpl.connect(PlainSocketImpl.java:459)
07-08 20:09:03.722  5689  5707 W System.err: 	at java.net.Socket.connect(Socket.java:842)
07-08 20:09:03.722  5689  5707 W System.err: 	at org.apache.http.conn.scheme.PlainSocketFactory.connectSocket(PlainSocketFactory.java:119)
07-08 20:09:03.722  5689  5707 W System.err: 	at org.apache.http.impl.conn.DefaultClientConnectionOperator.openConnection(DefaultClientConnectionOperator.java:144)
07-08 20:09:03.722  5689  5707 W System.err: 	... 15 more
07-08 20:09:03.722  5689  5707 W System.err: Caused by: libcore.io.ErrnoException: connect failed: ENETUNREACH (Network is unreachable)
07-08 20:09:03.726  5689  5707 W System.err: 	at libcore.io.Posix.connect(Native Method)
07-08 20:09:03.726  5689  5707 W System.err: 	at libcore.io.BlockGuardOs.connect(BlockGuardOs.java:85)
07-08 20:09:03.726  5689  5707 W System.err: 	at libcore.io.IoBridge.connectErrno(IoBridge.java:138)
07-08 20:09:03.726  5689  5707 W System.err: 	at libcore.io.IoBridge.connect(IoBridge.java:112)
07-08 20:09:03.726  5689  5707 W System.err: 	... 20 more
07-08 20:09:03.726 22025  6640 I qtaguid : Untagging socket 86 failed errno=-22
07-08 20:09:03.726 22025  6640 W NetworkManagementSocketTagger: untagSocket(86) failed with errno -22
07-08 20:09:03.734   143   202 D ConnectivityService: handleInetConditionChange: no active default network - ignore
07-08 20:09:03.953   291   291 I wpa_supplicant: wlan0: Trying to associate with 00:21:56:ce:40:91 (SSID='UB_Secure' freq=2412 MHz)
07-08 20:09:06.500   143   206 D Tethering: MasterInitialState.processMessage what=3
07-08 20:09:06.597  6163  6163 I MediaUploader: No need to wake up
07-08 20:09:06.601  6078  6078 I PhoneLab-WiFiReceiver: Wi-Fi is disconnected!
07-08 20:09:06.664  5963  6185 D PicasaSyncManager: active network: null
07-08 20:09:06.664  5963  6185 D PicasaSyncManager: background data: true
07-08 20:09:06.789  6182  6184 D dalvikvm: GC_CONCURRENT freed 402K, 5% free 10415K/10951K, paused 50ms+5ms
07-08 20:09:10.429  5714  5725 D dalvikvm: GC_EXPLICIT freed 82K, 8% free 9923K/10695K, paused 9ms+3ms
07-08 20:09:10.437 22025 22026 D dalvikvm: GC_CONCURRENT freed 460K, 7% free 10674K/11463K, paused 4ms+38ms
07-08 20:09:10.836   143   308 D dalvikvm: GC_EXPLICIT freed 1195K, 18% free 17371K/21127K, paused 3ms+12ms
07-08 20:09:11.629  6078  6078 I PhoneLab-Locks: wake lock acquired
07-08 20:09:11.648  6078  6651 I PhoneLab-PeriodicCheckService: User info is synched
07-08 20:09:11.691  6078  6651 I PhoneLab-PeriodicCheckService: Logger Service is running
07-08 20:09:11.714  6078  6078 I PhoneLab-Locks: wake lock acquired
07-08 20:09:11.722  6078  6078 I PhoneLab-StatusMonitor: Status Monitoring is started
07-08 20:09:11.726  6078  6651 I PhoneLab-Locks: wake lock acquired
07-08 20:09:11.738  6078  6651 I PhoneLab-PeriodicCheckService: Rescheduling periodic checking...
07-08 20:09:11.742  6078  6651 I PhoneLab-Locks: wake lock released
07-08 20:09:11.765  6078  6078 E PhoneLab-PhoneLabManifest: java.io.FileNotFoundException: /data/data/edu.buffalo.cse.phonelab.phonelabservices/files/manifest.xml: open failed: ENOENT (No such file or directory)
07-08 20:09:11.816  6078  6078 I PhoneLab-Locks: wake lock released
07-08 20:09:11.820  6078  6078 I PhoneLab-UploadLogs: Transfering log files now
07-08 20:09:11.820  6078  6078 I PhoneLab-UploadLogs: No log files to transfer
07-08 20:09:11.820  6078  6078 I PhoneLab-Locks: wake lock released
07-08 20:09:11.824  6078  6078 I PhoneLab-UploadLogs: OnStartCommand
07-08 20:09:14.078   291   291 I wpa_supplicant: wlan0: Authentication with 00:21:56:ce:40:91 timed out.
07-08 20:09:47.129   221   221 D dalvikvm: GC_FOR_ALLOC freed 279K, 32% free 9797K/14215K, paused 41ms
07-08 20:09:47.312   221   221 D dalvikvm: GC_FOR_ALLOC freed 363K, 32% free 9784K/14215K, paused 34ms
07-08 20:09:58.382  6078  6091 I PhoneLab-: Service Running
07-08 20:09:58.457  6078  6091 I PhoneLab-LoggerService: app_37    1296  1     1436   996   c00f181c 400107b4 S logcat
07-08 20:09:58.457  6078  6091 I PhoneLab-LoggerService: Logcat pid from database 1296
07-08 20:09:58.457  6078  6091 I PhoneLab-LoggerService: Logcat process found 1296
07-08 20:09:58.457  6078  6091 I PhoneLab-LoggerService: Checking Threshold
07-08 20:10:00.425   659   661 D dalvikvm: GC_CONCURRENT freed 517K, 9% free 10354K/11271K, paused 3ms+2ms
07-08 20:10:03.445   143   202 D ConnectivityService: NetTransition Wakelock for WifiStateMachine released by timeout
07-08 20:10:35.113  5689  5692 D dalvikvm: GC_CONCURRENT freed 375K, 7% free 10573K/11335K, paused 32ms+2ms
07-08 20:10:36.113   143  2263 W ActivityManager: finishReceiver called but no pending broadcasts
07-08 20:10:59.054  5689  5692 D dalvikvm: GC_CONCURRENT freed 443K, 7% free 10638K/11335K, paused 2ms+4ms
07-08 20:10:59.918   221   223 D dalvikvm: GC_CONCURRENT freed 335K, 31% free 9899K/14215K, paused 2ms+3ms
07-08 20:10:59.984   221   223 D dalvikvm: GC_CONCURRENT freed 482K, 31% free 9837K/14215K, paused 2ms+3ms
07-08 20:13:39.879   143   387 W ActivityManager: finishReceiver called but no pending broadcasts
07-08 20:13:39.965  5689  5692 D dalvikvm: GC_CONCURRENT freed 522K, 7% free 10655K/11335K, paused 1ms+3ms
07-08 20:13:48.675   143 11000 W ActivityManager: finishReceiver called but no pending broadcasts
07-08 20:13:48.761  5689  5692 D dalvikvm: GC_CONCURRENT freed 545K, 7% free 10654K/11335K, paused 1ms+3ms
07-08 20:13:57.472   143   395 W ActivityManager: finishReceiver called but no pending broadcasts
07-08 20:13:57.574  5689  5692 D dalvikvm: GC_CONCURRENT freed 544K, 7% free 10653K/11335K, paused 1ms+3ms
07-08 20:14:00.476  5689  5706 W System.err: org.apache.http.conn.HttpHostConnectException: Connection to https://www.google.com refused
07-08 20:14:00.476  5689  5706 W System.err: 	at org.apache.http.impl.conn.DefaultClientConnectionOperator.openConnection(DefaultClientConnectionOperator.java:183)
07-08 20:14:00.476  5689  5706 W System.err: 	at org.apache.http.impl.conn.AbstractPoolEntry.open(AbstractPoolEntry.java:164)
07-08 20:14:00.476  5689  5706 W System.err: 	at org.apache.http.impl.conn.AbstractPooledConnAdapter.open(AbstractPooledConnAdapter.java:119)
07-08 20:14:00.476  5689  5706 W System.err: 	at org.apache.http.impl.client.DefaultRequestDirector.execute(DefaultRequestDirector.java:360)
07-08 20:14:00.476  5689  5706 W System.err: 	at org.apache.http.impl.client.AbstractHttpClient.execute(AbstractHttpClient.java:555)
07-08 20:14:00.476  5689  5706 W System.err: 	at org.apache.http.impl.client.AbstractHttpClient.execute(AbstractHttpClient.java:487)
07-08 20:14:00.476  5689  5706 W System.err: 	at android.net.http.AndroidHttpClient.execute(AndroidHttpClient.java:257)
07-08 20:14:00.476  5689  5706 W System.err: 	at e.a.a(SourceFile:202)
07-08 20:14:00.476  5689  5706 W System.err: 	at e.a.execute(SourceFile:244)
07-08 20:14:00.476  5689  5706 W System.err: 	at e.a.execute(SourceFile:312)
07-08 20:14:00.476  5689  5706 W System.err: 	at am.c.a(SourceFile:126)
07-08 20:14:00.476  5689  5706 W System.err: 	at am.c.f(SourceFile:172)
07-08 20:14:00.480  5689  5706 W System.err: 	at p.d.run(SourceFile:419)
07-08 20:14:00.480  5689  5706 W System.err: 	at p.c.c(SourceFile:225)
07-08 20:14:00.480  5689  5706 W System.err: 	at p.c.run(SourceFile:199)
07-08 20:14:00.480  5689  5706 W System.err: 	at ao.c.run(SourceFile:96)
07-08 20:14:00.480  5689  5706 W System.err: Caused by: java.net.ConnectException: failed to connect to /173.194.73.106 (port 443) after 60000ms: connect failed: ENETUNREACH (Network is unreachable)
07-08 20:14:00.480  5689  5706 W System.err: 	at libcore.io.IoBridge.connect(IoBridge.java:114)
07-08 20:14:00.480  5689  5706 W System.err: 	at java.net.PlainSocketImpl.connect(PlainSocketImpl.java:192)
07-08 20:14:00.488  5689  5706 W System.err: 	at java.net.PlainSocketImpl.connect(PlainSocketImpl.java:459)
07-08 20:14:00.488  5689  5706 W System.err: 	at java.net.Socket.connect(Socket.java:842)
07-08 20:14:00.488  5689  5706 W System.err: 	at org.apache.http.conn.scheme.PlainSocketFactory.connectSocket(PlainSocketFactory.java:119)
07-08 20:14:00.488  5689  5706 W System.err: 	at org.apache.http.impl.conn.DefaultClientConnectionOperator.openConnection(DefaultClientConnectionOperator.java:144)
07-08 20:14:00.488  5689  5706 W System.err: 	... 15 more
07-08 20:14:00.488  5689  5706 W System.err: Caused by: libcore.io.ErrnoException: connect failed: ENETUNREACH (Network is unreachable)
07-08 20:14:00.488  5689  5706 W System.err: 	at libcore.io.Posix.connect(Native Method)
07-08 20:14:00.488  5689  5706 W System.err: 	at libcore.io.BlockGuardOs.connect(BlockGuardOs.java:85)
07-08 20:14:00.492  5689  5706 W System.err: 	at libcore.io.IoBridge.connectErrno(IoBridge.java:138)
07-08 20:14:00.492  5689  5706 W System.err: 	at libcore.io.IoBridge.connect(IoBridge.java:112)
07-08 20:14:00.492  5689  5706 W System.err: 	... 20 more
07-08 20:16:01.183  5689  5696 I dalvikvm: Jit: resizing JitTable from 4096 to 8192
07-08 20:16:01.195  5689  5708 W System.err: org.apache.http.conn.HttpHostConnectException: Connection to https://www.google.com refused
07-08 20:16:01.195  5689  5708 W System.err: 	at org.apache.http.impl.conn.DefaultClientConnectionOperator.openConnection(DefaultClientConnectionOperator.java:183)
07-08 20:16:01.195  5689  5708 W System.err: 	at org.apache.http.impl.conn.AbstractPoolEntry.open(AbstractPoolEntry.java:164)
07-08 20:16:01.195  5689  5708 W System.err: 	at org.apache.http.impl.conn.AbstractPooledConnAdapter.open(AbstractPooledConnAdapter.java:119)
07-08 20:16:01.199  5689  5708 W System.err: 	at org.apache.http.impl.client.DefaultRequestDirector.execute(DefaultRequestDirector.java:360)
07-08 20:16:01.199  5689  5708 W System.err: 	at org.apache.http.impl.client.AbstractHttpClient.execute(AbstractHttpClient.java:555)
07-08 20:16:01.199  5689  5708 W System.err: 	at org.apache.http.impl.client.AbstractHttpClient.execute(AbstractHttpClient.java:487)
07-08 20:16:01.199  5689  5708 W System.err: 	at android.net.http.AndroidHttpClient.execute(AndroidHttpClient.java:257)
07-08 20:16:01.199  5689  5708 W System.err: 	at e.a.a(SourceFile:202)
07-08 20:16:01.199  5689  5708 W System.err: 	at e.a.execute(SourceFile:244)
07-08 20:16:01.199  5689  5708 W System.err: 	at e.a.execute(SourceFile:312)
07-08 20:16:01.199  5689  5708 W System.err: 	at am.c.a(SourceFile:126)
07-08 20:16:01.199  5689  5708 W System.err: 	at am.c.f(SourceFile:172)
07-08 20:16:01.199  5689  5708 W System.err: 	at p.d.run(SourceFile:419)
07-08 20:16:01.199  5689  5708 W System.err: 	at p.c.c(SourceFile:225)
07-08 20:16:01.199  5689  5708 W System.err: 	at p.c.run(SourceFile:199)
07-08 20:16:01.199  5689  5708 W System.err: 	at ao.c.run(SourceFile:96)
07-08 20:16:01.199  5689  5708 W System.err: Caused by: java.net.ConnectException: failed to connect to /173.194.73.106 (port 443) after 60000ms: connect failed: ENETUNREACH (Network is unreachable)
07-08 20:16:01.203  5689  5708 W System.err: 	at libcore.io.IoBridge.connect(IoBridge.java:114)
07-08 20:16:01.203  5689  5708 W System.err: 	at java.net.PlainSocketImpl.connect(PlainSocketImpl.java:192)
07-08 20:16:01.203  5689  5708 W System.err: 	at java.net.PlainSocketImpl.connect(PlainSocketImpl.java:459)
07-08 20:16:01.203  5689  5708 W System.err: 	at java.net.Socket.connect(Socket.java:842)
07-08 20:16:01.203  5689  5708 W System.err: 	at org.apache.http.conn.scheme.PlainSocketFactory.connectSocket(PlainSocketFactory.java:119)
07-08 20:16:01.203  5689  5708 W System.err: 	at org.apache.http.impl.conn.DefaultClientConnectionOperator.openConnection(DefaultClientConnectionOperator.java:144)
07-08 20:16:01.203  5689  5708 W System.err: 	... 15 more
07-08 20:16:01.203  5689  5708 W System.err: Caused by: libcore.io.ErrnoException: connect failed: ENETUNREACH (Network is unreachable)
07-08 20:16:01.207  5689  5708 W System.err: 	at libcore.io.Posix.connect(Native Method)
07-08 20:16:01.207  5689  5708 W System.err: 	at libcore.io.BlockGuardOs.connect(BlockGuardOs.java:85)
07-08 20:16:01.207  5689  5708 W System.err: 	at libcore.io.IoBridge.connectErrno(IoBridge.java:138)
07-08 20:16:01.207  5689  5708 W System.err: 	at libcore.io.IoBridge.connect(IoBridge.java:112)
07-08 20:16:01.207  5689  5708 W System.err: 	... 20 more
07-08 20:17:01.257  5689  5707 W System.err: org.apache.http.conn.HttpHostConnectException: Connection to https://www.google.com refused
07-08 20:17:01.257  5689  5707 W System.err: 	at org.apache.http.impl.conn.DefaultClientConnectionOperator.openConnection(DefaultClientConnectionOperator.java:183)
07-08 20:17:01.257  5689  5707 W System.err: 	at org.apache.http.impl.conn.AbstractPoolEntry.open(AbstractPoolEntry.java:164)
07-08 20:17:01.261  5689  5707 W System.err: 	at org.apache.http.impl.conn.AbstractPooledConnAdapter.open(AbstractPooledConnAdapter.java:119)
07-08 20:17:01.261  5689  5707 W System.err: 	at org.apache.http.impl.client.DefaultRequestDirector.execute(DefaultRequestDirector.java:360)
07-08 20:17:01.273   143   155 W ActivityManager: finishReceiver called but no pending broadcasts
07-08 20:17:01.277  5689  5707 W System.err: 	at org.apache.http.impl.client.AbstractHttpClient.execute(AbstractHttpClient.java:555)
07-08 20:17:01.277  5689  5707 W System.err: 	at org.apache.http.impl.client.AbstractHttpClient.execute(AbstractHttpClient.java:487)
07-08 20:17:01.277  5689  5707 W System.err: 	at android.net.http.AndroidHttpClient.execute(AndroidHttpClient.java:257)
07-08 20:17:01.277  5689  5707 W System.err: 	at e.a.a(SourceFile:202)
07-08 20:17:01.277  5689  5707 W System.err: 	at e.a.execute(SourceFile:244)
07-08 20:17:01.277  5689  5707 W System.err: 	at e.a.execute(SourceFile:312)
07-08 20:17:01.277  5689  5707 W System.err: 	at am.c.a(SourceFile:126)
07-08 20:17:01.277  5689  5707 W System.err: 	at am.c.f(SourceFile:172)
07-08 20:17:01.281  5689  5707 W System.err: 	at p.d.run(SourceFile:419)
07-08 20:17:01.281  5689  5707 W System.err: 	at p.c.c(SourceFile:225)
07-08 20:17:01.281  5689  5707 W System.err: 	at p.c.run(SourceFile:199)
07-08 20:17:01.281  5689  5707 W System.err: 	at ao.c.run(SourceFile:96)
07-08 20:17:01.285  5689  5707 W System.err: Caused by: java.net.ConnectException: failed to connect to /173.194.73.106 (port 443) after 60000ms: connect failed: ENETUNREACH (Network is unreachable)
07-08 20:17:01.285  5689  5707 W System.err: 	at libcore.io.IoBridge.connect(IoBridge.java:114)
07-08 20:17:01.289  5689  5707 W System.err: 	at java.net.PlainSocketImpl.connect(PlainSocketImpl.java:192)
07-08 20:17:01.289  5689  5707 W System.err: 	at java.net.PlainSocketImpl.connect(PlainSocketImpl.java:459)
07-08 20:17:01.289  5689  5707 W System.err: 	at java.net.Socket.connect(Socket.java:842)
07-08 20:17:01.289  5689  5707 W System.err: 	at org.apache.http.conn.scheme.PlainSocketFactory.connectSocket(PlainSocketFactory.java:119)
07-08 20:17:01.289  5689  5707 W System.err: 	at org.apache.http.impl.conn.DefaultClientConnectionOperator.openConnection(DefaultClientConnectionOperator.java:144)
07-08 20:17:01.289  5689  5707 W System.err: 	... 15 more
07-08 20:17:01.289  5689  5707 W System.err: Caused by: libcore.io.ErrnoException: connect failed: ENETUNREACH (Network is unreachable)
07-08 20:17:01.293  5689  5707 W System.err: 	at libcore.io.Posix.connect(Native Method)
07-08 20:17:01.293  5689  5707 W System.err: 	at libcore.io.BlockGuardOs.connect(BlockGuardOs.java:85)
07-08 20:17:01.293  5689  5707 W System.err: 	at libcore.io.IoBridge.connectErrno(IoBridge.java:138)
07-08 20:17:01.293  5689  5707 W System.err: 	at libcore.io.IoBridge.connect(IoBridge.java:112)
07-08 20:17:01.297  5689  5707 W System.err: 	... 20 more
07-08 20:17:01.328  5689  5692 D dalvikvm: GC_CONCURRENT freed 585K, 7% free 10612K/11335K, paused 2ms+2ms
07-08 20:17:01.496  5689  5692 D dalvikvm: GC_CONCURRENT freed 552K, 7% free 10580K/11335K, paused 11ms+2ms
07-08 20:18:01.355  5689  5706 W System.err: org.apache.http.conn.HttpHostConnectException: Connection to https://www.google.com refused
07-08 20:18:01.355  5689  5706 W System.err: 	at org.apache.http.impl.conn.DefaultClientConnectionOperator.openConnection(DefaultClientConnectionOperator.java:183)
07-08 20:18:01.355  5689  5706 W System.err: 	at org.apache.http.impl.conn.AbstractPoolEntry.open(AbstractPoolEntry.java:164)
07-08 20:18:01.355  5689  5706 W System.err: 	at org.apache.http.impl.conn.AbstractPooledConnAdapter.open(AbstractPooledConnAdapter.java:119)
07-08 20:18:01.359  5689  5706 W System.err: 	at org.apache.http.impl.client.DefaultRequestDirector.execute(DefaultRequestDirector.java:360)
07-08 20:18:01.359  5689  5706 W System.err: 	at org.apache.http.impl.client.AbstractHttpClient.execute(AbstractHttpClient.java:555)
07-08 20:18:01.359  5689  5706 W System.err: 	at org.apache.http.impl.client.AbstractHttpClient.execute(AbstractHttpClient.java:487)
07-08 20:18:01.359  5689  5706 W System.err: 	at android.net.http.AndroidHttpClient.execute(AndroidHttpClient.java:257)
07-08 20:18:01.359  5689  5706 W System.err: 	at e.a.a(SourceFile:202)
07-08 20:18:01.359  5689  5706 W System.err: 	at e.a.execute(SourceFile:244)
07-08 20:18:01.359  5689  5706 W System.err: 	at e.a.execute(SourceFile:312)
07-08 20:18:01.359  5689  5706 W System.err: 	at am.c.a(SourceFile:126)
07-08 20:18:01.359  5689  5706 W System.err: 	at am.c.f(SourceFile:172)
07-08 20:18:01.359  5689  5706 W System.err: 	at p.d.run(SourceFile:419)
07-08 20:18:01.363  5689  5706 W System.err: 	at p.c.c(SourceFile:225)
07-08 20:18:01.363  5689  5706 W System.err: 	at p.c.run(SourceFile:199)
07-08 20:18:01.363  5689  5706 W System.err: 	at ao.c.run(SourceFile:96)
07-08 20:18:01.363  5689  5706 W System.err: Caused by: java.net.ConnectException: failed to connect to /173.194.73.106 (port 443) after 60000ms: connect failed: ENETUNREACH (Network is unreachable)
07-08 20:18:01.363  5689  5706 W System.err: 	at libcore.io.IoBridge.connect(IoBridge.java:114)
07-08 20:18:01.363  5689  5706 W System.err: 	at java.net.PlainSocketImpl.connect(PlainSocketImpl.java:192)
07-08 20:18:01.363  5689  5706 W System.err: 	at java.net.PlainSocketImpl.connect(PlainSocketImpl.java:459)
07-08 20:18:01.363  5689  5706 W System.err: 	at java.net.Socket.connect(Socket.java:842)
07-08 20:18:01.367  5689  5706 W System.err: 	at org.apache.http.conn.scheme.PlainSocketFactory.connectSocket(PlainSocketFactory.java:119)
07-08 20:18:01.367  5689  5706 W System.err: 	at org.apache.http.impl.conn.DefaultClientConnectionOperator.openConnection(DefaultClientConnectionOperator.java:144)
07-08 20:18:01.367  5689  5706 W System.err: 	... 15 more
07-08 20:18:01.371  5689  5706 W System.err: Caused by: libcore.io.ErrnoException: connect failed: ENETUNREACH (Network is unreachable)
07-08 20:18:01.371  5689  5706 W System.err: 	at libcore.io.Posix.connect(Native Method)
07-08 20:18:01.371  5689  5706 W System.err: 	at libcore.io.BlockGuardOs.connect(BlockGuardOs.java:85)
07-08 20:18:01.371  5689  5706 W System.err: 	at libcore.io.IoBridge.connectErrno(IoBridge.java:138)
07-08 20:18:01.371  5689  5706 W System.err: 	at libcore.io.IoBridge.connect(IoBridge.java:112)
07-08 20:18:01.371  5689  5706 W System.err: 	... 20 more
07-08 20:18:01.398  5689  5692 D dalvikvm: GC_CONCURRENT freed 494K, 8% free 10531K/11335K, paused 2ms+2ms
07-08 20:18:24.070   143   202 D ConnectivityService: ConnectivityChange for WIMAX: DISCONNECTED/SCANNING
07-08 20:18:24.074   143   202 D ConnectivityService: Attempting to switch to mobile
07-08 20:18:24.074   143   202 D ConnectivityService: Attempting to switch to WIFI
07-08 20:18:24.074   143   202 D ConnectivityService: Attempting to switch to BLUETOOTH_TETHER
07-08 20:18:27.101   143   206 D Tethering: MasterInitialState.processMessage what=3
07-08 20:18:27.168  6163  6163 I MediaUploader: No need to wake up
07-08 20:18:27.254  5963  6185 D PicasaSyncManager: active network: null
07-08 20:18:27.254  5963  6185 D PicasaSyncManager: background data: true
07-08 20:18:30.566   143   202 D ConnectivityService: ConnectivityChange for WIMAX: DISCONNECTED/SCANNING
07-08 20:18:30.574   143   202 D ConnectivityService: Attempting to switch to mobile
07-08 20:18:30.578   143   202 D ConnectivityService: Attempting to switch to WIFI
07-08 20:18:30.578   143   202 D ConnectivityService: Attempting to switch to BLUETOOTH_TETHER
07-08 20:18:33.648   143   206 D Tethering: MasterInitialState.processMessage what=3
07-08 20:18:33.718  6163  6163 I MediaUploader: No need to wake up
07-08 20:18:33.797  5963  6185 D PicasaSyncManager: active network: null
07-08 20:18:33.797  5963  6185 D PicasaSyncManager: background data: true
07-08 20:19:00.824  5689  5708 W System.err: org.apache.http.conn.HttpHostConnectException: Connection to https://www.google.com refused
07-08 20:19:00.824  5689  5708 W System.err: 	at org.apache.http.impl.conn.DefaultClientConnectionOperator.openConnection(DefaultClientConnectionOperator.java:183)
07-08 20:19:00.824  5689  5708 W System.err: 	at org.apache.http.impl.conn.AbstractPoolEntry.open(AbstractPoolEntry.java:164)
07-08 20:19:00.824  5689  5708 W System.err: 	at org.apache.http.impl.conn.AbstractPooledConnAdapter.open(AbstractPooledConnAdapter.java:119)
07-08 20:19:00.824  5689  5708 W System.err: 	at org.apache.http.impl.client.DefaultRequestDirector.execute(DefaultRequestDirector.java:360)
07-08 20:19:00.824  5689  5708 W System.err: 	at org.apache.http.impl.client.AbstractHttpClient.execute(AbstractHttpClient.java:555)
07-08 20:19:00.824  5689  5708 W System.err: 	at org.apache.http.impl.client.AbstractHttpClient.execute(AbstractHttpClient.java:487)
07-08 20:19:00.824  5689  5708 W System.err: 	at android.net.http.AndroidHttpClient.execute(AndroidHttpClient.java:257)
07-08 20:19:00.824  5689  5708 W System.err: 	at e.a.a(SourceFile:202)
07-08 20:19:00.824  5689  5708 W System.err: 	at e.a.execute(SourceFile:244)
07-08 20:19:00.824  5689  5708 W System.err: 	at e.a.execute(SourceFile:312)
07-08 20:19:00.824  5689  5708 W System.err: 	at am.c.a(SourceFile:126)
07-08 20:19:00.824  5689  5708 W System.err: 	at am.c.f(SourceFile:172)
07-08 20:19:00.824  5689  5708 W System.err: 	at p.d.run(SourceFile:419)
07-08 20:19:00.824  5689  5708 W System.err: 	at p.c.c(SourceFile:225)
07-08 20:19:00.828  5689  5708 W System.err: 	at p.c.run(SourceFile:199)
07-08 20:19:00.828  5689  5708 W System.err: 	at ao.c.run(SourceFile:96)
07-08 20:19:00.828  5689  5708 W System.err: Caused by: java.net.ConnectException: failed to connect to /173.194.73.106 (port 443) after 60000ms: connect failed: ENETUNREACH (Network is unreachable)
07-08 20:19:00.828  5689  5708 W System.err: 	at libcore.io.IoBridge.connect(IoBridge.java:114)
07-08 20:19:00.828  5689  5708 W System.err: 	at java.net.PlainSocketImpl.connect(PlainSocketImpl.java:192)
07-08 20:19:00.828  5689  5708 W System.err: 	at java.net.PlainSocketImpl.connect(PlainSocketImpl.java:459)
07-08 20:19:00.828  5689  5708 W System.err: 	at java.net.Socket.connect(Socket.java:842)
07-08 20:19:00.828  5689  5708 W System.err: 	at org.apache.http.conn.scheme.PlainSocketFactory.connectSocket(PlainSocketFactory.java:119)
07-08 20:19:00.828  5689  5708 W System.err: 	at org.apache.http.impl.conn.DefaultClientConnectionOperator.openConnection(DefaultClientConnectionOperator.java:144)
07-08 20:19:00.828  5689  5708 W System.err: 	... 15 more
07-08 20:19:00.828  5689  5708 W System.err: Caused by: libcore.io.ErrnoException: connect failed: ENETUNREACH (Network is unreachable)
07-08 20:19:00.828  5689  5708 W System.err: 	at libcore.io.Posix.connect(Native Method)
07-08 20:19:00.828  5689  5708 W System.err: 	at libcore.io.BlockGuardOs.connect(BlockGuardOs.java:85)
07-08 20:19:00.828  5689  5708 W System.err: 	at libcore.io.IoBridge.connectErrno(IoBridge.java:138)
07-08 20:19:00.828  5689  5708 W System.err: 	at libcore.io.IoBridge.connect(IoBridge.java:112)
07-08 20:19:00.828  5689  5708 W System.err: 	... 20 more
07-08 20:20:01.203   143   145 D dalvikvm: GC_CONCURRENT freed 1969K, 18% free 17387K/21127K, paused 4ms+8ms
07-08 20:20:01.660  5689  5706 W System.err: org.apache.http.conn.HttpHostConnectException: Connection to https://www.google.com refused
07-08 20:20:01.660  5689  5706 W System.err: 	at org.apache.http.impl.conn.DefaultClientConnectionOperator.openConnection(DefaultClientConnectionOperator.java:183)
07-08 20:20:01.660  5689  5706 W System.err: 	at org.apache.http.impl.conn.AbstractPoolEntry.open(AbstractPoolEntry.java:164)
07-08 20:20:01.660  5689  5706 W System.err: 	at org.apache.http.impl.conn.AbstractPooledConnAdapter.open(AbstractPooledConnAdapter.java:119)
07-08 20:20:01.660  5689  5706 W System.err: 	at org.apache.http.impl.client.DefaultRequestDirector.execute(DefaultRequestDirector.java:360)
07-08 20:20:01.660  5689  5706 W System.err: 	at org.apache.http.impl.client.AbstractHttpClient.execute(AbstractHttpClient.java:555)
07-08 20:20:01.660  5689  5706 W System.err: 	at org.apache.http.impl.client.AbstractHttpClient.execute(AbstractHttpClient.java:487)
07-08 20:20:01.660  5689  5706 W System.err: 	at android.net.http.AndroidHttpClient.execute(AndroidHttpClient.java:257)
07-08 20:20:01.660  5689  5706 W System.err: 	at e.a.a(SourceFile:202)
07-08 20:20:01.664  5689  5706 W System.err: 	at e.a.execute(SourceFile:244)
07-08 20:20:01.664  5689  5706 W System.err: 	at e.a.execute(SourceFile:312)
07-08 20:20:01.664  5689  5706 W System.err: 	at am.c.a(SourceFile:126)
07-08 20:20:01.664  5689  5706 W System.err: 	at am.c.f(SourceFile:172)
07-08 20:20:01.664  5689  5706 W System.err: 	at p.d.run(SourceFile:419)
07-08 20:20:01.664  5689  5706 W System.err: 	at p.c.c(SourceFile:225)
07-08 20:20:01.664  5689  5706 W System.err: 	at p.c.run(SourceFile:199)
07-08 20:20:01.664  5689  5706 W System.err: 	at ao.c.run(SourceFile:96)
07-08 20:20:01.664  5689  5706 W System.err: Caused by: java.net.ConnectException: failed to connect to /173.194.73.106 (port 443) after 60000ms: connect failed: ENETUNREACH (Network is unreachable)
07-08 20:20:01.664  5689  5706 W System.err: 	at libcore.io.IoBridge.connect(IoBridge.java:114)
07-08 20:20:01.664  5689  5706 W System.err: 	at java.net.PlainSocketImpl.connect(PlainSocketImpl.java:192)
07-08 20:20:01.664  5689  5706 W System.err: 	at java.net.PlainSocketImpl.connect(PlainSocketImpl.java:459)
07-08 20:20:01.664  5689  5706 W System.err: 	at java.net.Socket.connect(Socket.java:842)
07-08 20:20:01.664  5689  5706 W System.err: 	at org.apache.http.conn.scheme.PlainSocketFactory.connectSocket(PlainSocketFactory.java:119)
07-08 20:20:01.664  5689  5706 W System.err: 	at org.apache.http.impl.conn.DefaultClientConnectionOperator.openConnection(DefaultClientConnectionOperator.java:144)
07-08 20:20:01.664  5689  5706 W System.err: 	... 15 more
07-08 20:20:01.664  5689  5706 W System.err: Caused by: libcore.io.ErrnoException: connect failed: ENETUNREACH (Network is unreachable)
07-08 20:20:01.668  5689  5706 W System.err: 	at libcore.io.Posix.connect(Native Method)
07-08 20:20:01.668  5689  5706 W System.err: 	at libcore.io.BlockGuardOs.connect(BlockGuardOs.java:85)
07-08 20:20:01.668  5689  5706 W System.err: 	at libcore.io.IoBridge.connectErrno(IoBridge.java:138)
07-08 20:20:01.668  5689  5706 W System.err: 	at libcore.io.IoBridge.connect(IoBridge.java:112)
07-08 20:20:01.668  5689  5706 W System.err: 	... 20 more
07-08 20:20:05.117   143   308 W ActivityManager: finishReceiver called but no pending broadcasts
07-08 20:20:05.191  5689  5692 D dalvikvm: GC_CONCURRENT freed 347K, 6% free 10695K/11335K, paused 2ms+3ms
07-08 20:20:13.894   143 24239 W ActivityManager: finishReceiver called but no pending broadcasts
07-08 20:20:13.968  5689  5692 D dalvikvm: GC_CONCURRENT freed 566K, 6% free 10686K/11335K, paused 2ms+3ms
07-08 20:20:22.714   143   400 W ActivityManager: finishReceiver called but no pending broadcasts
07-08 20:20:22.789  5689  5692 D dalvikvm: GC_CONCURRENT freed 553K, 6% free 10687K/11335K, paused 2ms+3ms
07-08 20:20:31.574   143   387 W ActivityManager: finishReceiver called but no pending broadcasts
07-08 20:20:31.644  5689  5692 D dalvikvm: GC_CONCURRENT freed 555K, 6% free 10688K/11335K, paused 2ms+2ms
07-08 20:21:01.172   143   311 D dalvikvm: GC_EXPLICIT freed 263K, 19% free 17292K/21127K, paused 23ms+7ms
07-08 20:21:01.203  5689  5708 W System.err: org.apache.http.conn.HttpHostConnectException: Connection to https://www.google.com refused
07-08 20:21:01.203  5689  5708 W System.err: 	at org.apache.http.impl.conn.DefaultClientConnectionOperator.openConnection(DefaultClientConnectionOperator.java:183)
07-08 20:21:01.207  5689  5708 W System.err: 	at org.apache.http.impl.conn.AbstractPoolEntry.open(AbstractPoolEntry.java:164)
07-08 20:21:01.207  5689  5708 W System.err: 	at org.apache.http.impl.conn.AbstractPooledConnAdapter.open(AbstractPooledConnAdapter.java:119)
07-08 20:21:01.207  5689  5708 W System.err: 	at org.apache.http.impl.client.DefaultRequestDirector.execute(DefaultRequestDirector.java:360)
07-08 20:21:01.207  5689  5708 W System.err: 	at org.apache.http.impl.client.AbstractHttpClient.execute(AbstractHttpClient.java:555)
07-08 20:21:01.207  5689  5708 W System.err: 	at org.apache.http.impl.client.AbstractHttpClient.execute(AbstractHttpClient.java:487)
07-08 20:21:01.207  5689  5708 W System.err: 	at android.net.http.AndroidHttpClient.execute(AndroidHttpClient.java:257)
07-08 20:21:01.207  5689  5708 W System.err: 	at e.a.a(SourceFile:202)
07-08 20:21:01.207  5689  5708 W System.err: 	at e.a.execute(SourceFile:244)
07-08 20:21:01.207  5689  5708 W System.err: 	at e.a.execute(SourceFile:312)
07-08 20:21:01.207  5689  5708 W System.err: 	at am.c.a(SourceFile:126)
07-08 20:21:01.207  5689  5708 W System.err: 	at am.c.f(SourceFile:172)
07-08 20:21:01.207  5689  5708 W System.err: 	at p.d.run(SourceFile:419)
07-08 20:21:01.207  5689  5708 W System.err: 	at p.c.c(SourceFile:225)
07-08 20:21:01.207  5689  5708 W System.err: 	at p.c.run(SourceFile:199)
07-08 20:21:01.207  5689  5708 W System.err: 	at ao.c.run(SourceFile:96)
07-08 20:21:01.207  5689  5708 W System.err: Caused by: java.net.ConnectException: failed to connect to /173.194.73.106 (port 443) after 60000ms: connect failed: ENETUNREACH (Network is unreachable)
07-08 20:21:01.211  5689  5708 W System.err: 	at libcore.io.IoBridge.connect(IoBridge.java:114)
07-08 20:21:01.211  5689  5708 W System.err: 	at java.net.PlainSocketImpl.connect(PlainSocketImpl.java:192)
07-08 20:21:01.211  5689  5708 W System.err: 	at java.net.PlainSocketImpl.connect(PlainSocketImpl.java:459)
07-08 20:21:01.211  5689  5708 W System.err: 	at java.net.Socket.connect(Socket.java:842)
07-08 20:21:01.211  5689  5708 W System.err: 	at org.apache.http.conn.scheme.PlainSocketFactory.connectSocket(PlainSocketFactory.java:119)
07-08 20:21:01.211  5689  5708 W System.err: 	at org.apache.http.impl.conn.DefaultClientConnectionOperator.openConnection(DefaultClientConnectionOperator.java:144)
07-08 20:21:01.211  5689  5708 W System.err: 	... 15 more
07-08 20:21:01.211  5689  5708 W System.err: Caused by: libcore.io.ErrnoException: connect failed: ENETUNREACH (Network is unreachable)
07-08 20:21:01.211  5689  5708 W System.err: 	at libcore.io.Posix.connect(Native Method)
07-08 20:21:01.211  5689  5708 W System.err: 	at libcore.io.BlockGuardOs.connect(BlockGuardOs.java:85)
07-08 20:21:01.211  5689  5708 W System.err: 	at libcore.io.IoBridge.connectErrno(IoBridge.java:138)
07-08 20:21:01.211  5689  5708 W System.err: 	at libcore.io.IoBridge.connect(IoBridge.java:112)
07-08 20:21:01.211  5689  5708 W System.err: 	... 20 more
07-08 20:22:01.839  5689  5709 I y       : Not returning location for the following outliers: [103111990273, 132696054640, 97227589790066]
07-08 20:23:01.961  5689  5692 D dalvikvm: GC_CONCURRENT freed 705K, 8% free 10538K/11335K, paused 8ms+3ms
07-08 20:23:02.097   659   661 D dalvikvm: GC_CONCURRENT freed 466K, 9% free 10355K/11271K, paused 2ms+2ms
07-08 20:23:05.672  6078  6091 I PhoneLab-: Service Running
07-08 20:23:05.773  6078  6091 I PhoneLab-LoggerService: app_37    1296  1     1436   996   c00f181c 400107b4 S logcat
07-08 20:23:05.773  6078  6091 I PhoneLab-LoggerService: Logcat pid from database 1296
07-08 20:23:05.777  6078  6091 I PhoneLab-LoggerService: Logcat process found 1296
07-08 20:23:05.777  6078  6091 I PhoneLab-LoggerService: Checking Threshold
07-08 20:23:05.781  6078  6091 I PhoneLab-: Service Running
07-08 20:23:05.804  6078  6081 D dalvikvm: GC_CONCURRENT freed 364K, 6% free 9115K/9671K, paused 4ms+2ms
07-08 20:23:05.828  6078  6091 I PhoneLab-LoggerService: app_37    1296  1     1436   996   c00f181c 400107b4 S logcat
07-08 20:23:05.828  6078  6091 I PhoneLab-LoggerService: Logcat pid from database 1296
07-08 20:23:05.828  6078  6091 I PhoneLab-LoggerService: Logcat process found 1296
07-08 20:23:05.832  6078  6091 I PhoneLab-LoggerService: Checking Threshold
07-08 20:23:05.832  6078  6091 I PhoneLab-: Service Running
07-08 20:23:05.859  6078  6091 I PhoneLab-LoggerService: app_37    1296  1     1436   996   c00f181c 400107b4 S logcat
07-08 20:23:05.859  6078  6091 I PhoneLab-LoggerService: Logcat pid from database 1296
07-08 20:23:05.859  6078  6091 I PhoneLab-LoggerService: Logcat process found 1296
07-08 20:23:05.859  6078  6091 I PhoneLab-LoggerService: Checking Threshold
07-08 20:23:05.859  6078  6091 I PhoneLab-: Service Running
07-08 20:23:05.890  6078  6091 I PhoneLab-LoggerService: app_37    1296  1     1436   996   c00f181c 400107b4 S logcat
07-08 20:23:05.890  6078  6091 I PhoneLab-LoggerService: Logcat pid from database 1296
07-08 20:23:05.890  6078  6091 I PhoneLab-LoggerService: Logcat process found 1296
07-08 20:23:05.890  6078  6091 I PhoneLab-LoggerService: Checking Threshold
07-08 20:23:05.890  6078  6091 I PhoneLab-: Service Running
07-08 20:23:05.918  6078  6091 I PhoneLab-LoggerService: app_37    1296  1     1436   996   c00f181c 400107b4 S logcat
07-08 20:23:05.918  6078  6091 I PhoneLab-LoggerService: Logcat pid from database 1296
07-08 20:23:05.918  6078  6091 I PhoneLab-LoggerService: Logcat process found 1296
07-08 20:23:05.918  6078  6091 I PhoneLab-LoggerService: Checking Threshold
07-08 20:23:05.918  6078  6091 I PhoneLab-: Service Running
07-08 20:23:05.949  6078  6091 I PhoneLab-LoggerService: app_37    1296  1     1436   996   c00f181c 400107b4 S logcat
07-08 20:23:05.949  6078  6091 I PhoneLab-LoggerService: Logcat pid from database 1296
07-08 20:23:05.949  6078  6091 I PhoneLab-LoggerService: Logcat process found 1296
07-08 20:23:05.949  6078  6091 I PhoneLab-LoggerService: Checking Threshold
07-08 20:23:35.398   143   395 W ActivityManager: finishReceiver called but no pending broadcasts
07-08 20:23:35.476  5689  5692 D dalvikvm: GC_CONCURRENT freed 407K, 7% free 10643K/11335K, paused 2ms+3ms
07-08 20:23:40.574   291   291 I wpa_supplicant: wlan0: Trying to associate with 94:44:52:17:be:7d (SSID='raikiri' freq=2437 MHz)
07-08 20:23:40.703   291   291 I wpa_supplicant: wlan0: Associated with 94:44:52:17:be:7d
07-08 20:23:40.711   291   291 I wpa_supplicant: wlan0: CTRL-EVENT-EAP-SUCCESS EAP authentication completed successfully (based on lower layer success)
07-08 20:23:40.730    75   114 D NetlinkEvent: Unexpected netlink message. type=0x0
07-08 20:23:40.738   291   291 I wpa_supplicant: wlan0: WPA: Key negotiation completed with 94:44:52:17:be:7d [PTK=CCMP GTK=CCMP]
07-08 20:23:40.738   291   291 I wpa_supplicant: wlan0: CTRL-EVENT-CONNECTED - Connection to 94:44:52:17:be:7d completed (reauth) [id=2 id_str=]
07-08 20:23:44.214   143   311 W ActivityManager: finishReceiver called but no pending broadcasts
07-08 20:23:44.293  5689  5692 D dalvikvm: GC_CONCURRENT freed 533K, 7% free 10650K/11335K, paused 1ms+3ms
07-08 20:23:53.097   143 10999 W ActivityManager: finishReceiver called but no pending broadcasts
07-08 20:23:53.187  5689  5692 D dalvikvm: GC_CONCURRENT freed 547K, 7% free 10645K/11335K, paused 2ms+2ms
07-08 20:24:01.527  5689  5692 D dalvikvm: GC_CONCURRENT freed 560K, 7% free 10579K/11335K, paused 1ms+7ms
07-08 20:24:01.582   659   661 D dalvikvm: GC_CONCURRENT freed 550K, 9% free 10313K/11271K, paused 2ms+3ms
07-08 20:24:01.937   143   403 W ActivityManager: finishReceiver called but no pending broadcasts
07-08 20:24:02.027  5689  5692 D dalvikvm: GC_CONCURRENT freed 429K, 7% free 10643K/11335K, paused 2ms+2ms
07-08 20:24:09.218   143   200 D DhcpInfoInternal: makeLinkProperties with empty dns2!
07-08 20:24:09.222   143   200 D DhcpInfoInternal: makeLinkProperties with empty dns2!
07-08 20:24:09.226   143   202 D ConnectivityService: ConnectivityChange for WIFI: CONNECTED/CONNECTED
07-08 20:24:09.250  6078  6078 I PhoneLab-WiFiReceiver: Wi-Fi is connected!
07-08 20:24:09.254  6078  6078 I PhoneLab-WiFiReceiver: SSID: raikiri BSSID: 94:44:52:17:be:7d RSSI: -200 LinkSpeed: -1
07-08 20:24:09.254  6078  6078 I PhoneLab-Locks: wake lock acquired
07-08 20:24:09.269  6078  6078 I PhoneLab-UploadLogs: Transfering log files now
07-08 20:24:09.269  6078  6078 I PhoneLab-UploadLogs: No log files to transfer
07-08 20:24:09.273  6078  6078 I PhoneLab-Locks: wake lock released
07-08 20:24:09.277  6078  6078 I PhoneLab-UploadLogs: OnStartCommand
07-08 20:24:09.316   143   197 W NetworkStats: dropping UID delta from unknown iface: iface=wlan0 uid=0 set=DEFAULT tag=0x0 rxBytes=656 rxPackets=2 txBytes=384 txPackets=6 operations=0
07-08 20:24:10.703   143 26971 W ActivityManager: finishReceiver called but no pending broadcasts
07-08 20:24:10.789  5689  5692 D dalvikvm: GC_CONCURRENT freed 536K, 7% free 10646K/11335K, paused 1ms+2ms
07-08 20:24:15.847   143   206 D Tethering: MasterInitialState.processMessage what=3
07-08 20:24:15.851 22025 22025 I GTalkService/c: [AndroidEndpoint@1094432016] connect: acct=1000000, state=CONNECTING
07-08 20:24:15.859 22025 22025 I GTalkService/c: [GTalkConnection@1094626304] connect: acct=1, state=CONNECTING
07-08 20:24:15.906  6163  6163 I MediaUploader: No need to wake up
07-08 20:24:15.984  5963  6185 D PicasaSyncManager: active network: NetworkInfo: type: WIFI[], state: CONNECTED/CONNECTED, reason: (unspecified), extra: (none), roaming: false, failover: false, isAvailable: true
07-08 20:24:15.984  5963  6185 D PicasaSyncManager: background data: true
07-08 20:24:16.011  6224  6224 W ContextScopeImpl: thread=1 tried to enter the scope of the application context. Ignored.
07-08 20:24:18.390  6030  6031 D dalvikvm: GC_CONCURRENT freed 622K, 7% free 11346K/12103K, paused 10ms+3ms
07-08 20:24:18.750 22025 22026 D dalvikvm: GC_CONCURRENT freed 460K, 7% free 10661K/11463K, paused 2ms+4ms
07-08 20:24:19.699   143 24239 W ActivityManager: finishReceiver called but no pending broadcasts
07-08 20:24:19.804  5689  5692 D dalvikvm: GC_CONCURRENT freed 520K, 6% free 10668K/11335K, paused 2ms+2ms
07-08 20:24:20.156   221   223 D dalvikvm: GC_CONCURRENT freed 510K, 32% free 9715K/14215K, paused 2ms+3ms
07-08 20:24:20.289   143   202 D ConnectivityService: handleInetConditionHoldEnd: net=1, condition=100, published condition=0
07-08 20:24:20.398   221   223 D dalvikvm: GC_CONCURRENT freed 202K, 31% free 9904K/14215K, paused 2ms+2ms
07-08 20:24:20.457   221   221 D dalvikvm: GC_FOR_ALLOC freed 620K, 32% free 9726K/14215K, paused 23ms
07-08 20:24:20.582   221   223 D dalvikvm: GC_CONCURRENT freed 394K, 32% free 9728K/14215K, paused 3ms+3ms
07-08 20:24:20.918  6030  6736 I DatabaseHelper: Begin cleanup.
07-08 20:24:21.261  6030  6736 I DatabaseHelper: Cleaned up: 0
07-08 20:24:21.527   143  2263 D dalvikvm: GC_EXPLICIT freed 1111K, 18% free 17385K/21127K, paused 68ms+11ms
07-08 20:24:26.468  5689  5692 D dalvikvm: GC_CONCURRENT freed 263K, 5% free 10835K/11335K, paused 9ms+3ms
07-08 20:24:30.066  6078  6091 I PhoneLab-: Service Running
07-08 20:24:30.183  6078  6091 I PhoneLab-LoggerService: app_37    1296  1     1436   996   c00f181c 400107b4 S logcat
07-08 20:24:30.183  6078  6091 I PhoneLab-LoggerService: Logcat pid from database 1296
07-08 20:24:30.183  6078  6091 I PhoneLab-LoggerService: Logcat process found 1296
07-08 20:24:30.183  6078  6091 I PhoneLab-LoggerService: Checking Threshold
07-08 20:24:30.894  5689  5692 D dalvikvm: GC_CONCURRENT freed 333K, 4% free 11096K/11527K, paused 2ms+2ms
07-08 20:24:38.117  5689  5692 D dalvikvm: GC_CONCURRENT freed 842K, 9% free 10874K/11847K, paused 8ms+3ms
07-08 20:24:41.207  5689  5692 D dalvikvm: GC_CONCURRENT freed 352K, 7% free 11092K/11847K, paused 4ms+2ms
07-08 20:24:48.992  5689  5692 D dalvikvm: GC_CONCURRENT freed 800K, 9% free 10916K/11911K, paused 24ms+3ms
07-08 20:24:51.445  5689  5692 D dalvikvm: GC_CONCURRENT freed 394K, 7% free 11128K/11911K, paused 2ms+2ms
07-08 20:24:59.613  5689  5692 D dalvikvm: GC_CONCURRENT freed 773K, 9% free 10932K/11911K, paused 9ms+3ms
07-08 20:25:01.726  5689  5692 D dalvikvm: GC_CONCURRENT freed 460K, 7% free 11080K/11911K, paused 2ms+3ms
07-08 20:25:01.789  5689  6749 D dalvikvm: GC_FOR_ALLOC freed 137K, 7% free 11089K/11911K, paused 28ms
07-08 20:25:01.789  5689  6749 I dalvikvm-heap: Grow heap (frag case) to 10.960MB for 64418-byte allocation
07-08 20:25:01.828  5689  6745 D dalvikvm: GC_FOR_ALLOC freed 31K, 8% free 11121K/11975K, paused 29ms
07-08 20:25:06.453 22025 22026 D dalvikvm: GC_CONCURRENT freed 400K, 7% free 10682K/11463K, paused 13ms+4ms
07-08 20:25:10.062  5689  5692 D dalvikvm: GC_CONCURRENT freed 764K, 9% free 10934K/11975K, paused 2ms+2ms
07-08 20:25:12.070  5689  5692 D dalvikvm: GC_CONCURRENT freed 388K, 7% free 11173K/11975K, paused 1ms+7ms
07-08 20:25:21.629  5689  5692 D dalvikvm: GC_CONCURRENT freed 775K, 9% free 10991K/11975K, paused 9ms+3ms
07-08 20:25:22.347  5689  6749 D dalvikvm: GC_FOR_ALLOC freed 347K, 8% free 11087K/11975K, paused 29ms
07-08 20:25:22.347  5689  6749 I dalvikvm-heap: Grow heap (frag case) to 10.958MB for 64418-byte allocation
07-08 20:25:22.386  5689  6745 D dalvikvm: GC_FOR_ALLOC freed 35K, 8% free 11115K/12039K, paused 29ms
07-08 20:25:29.941  5689  5692 D dalvikvm: GC_CONCURRENT freed 767K, 10% free 10923K/12039K, paused 9ms+3ms
07-08 20:25:32.558  5689  5692 D dalvikvm: GC_CONCURRENT freed 398K, 8% free 11138K/12039K, paused 2ms+4ms
07-08 20:25:40.211  5689  5692 D dalvikvm: GC_CONCURRENT freed 791K, 10% free 10928K/12039K, paused 9ms+4ms
07-08 20:25:42.699  5689  5692 D dalvikvm: GC_CONCURRENT freed 411K, 8% free 11146K/12039K, paused 2ms+3ms
07-08 20:25:49.793  5689  5692 D dalvikvm: GC_CONCURRENT freed 803K, 10% free 10929K/12039K, paused 5ms+3ms
07-08 20:25:52.812  5689  5692 D dalvikvm: GC_CONCURRENT freed 398K, 8% free 11120K/12039K, paused 2ms+3ms
07-08 20:25:55.765  6078  6091 I PhoneLab-: Service Running
07-08 20:25:55.863  6078  6091 I PhoneLab-LoggerService: app_37    1296  1     1436   996   c00f181c 400107b4 S logcat
07-08 20:25:55.863  6078  6091 I PhoneLab-LoggerService: Logcat pid from database 1296
07-08 20:25:55.863  6078  6091 I PhoneLab-LoggerService: Logcat process found 1296
07-08 20:25:55.863  6078  6091 I PhoneLab-LoggerService: Checking Threshold
07-08 20:25:59.332  5689  5692 D dalvikvm: GC_CONCURRENT freed 783K, 10% free 10914K/12039K, paused 2ms+3ms
07-08 20:26:01.609   659   661 D dalvikvm: GC_CONCURRENT freed 511K, 9% free 10308K/11271K, paused 8ms+3ms
07-08 20:26:02.914  5689  5692 D dalvikvm: GC_CONCURRENT freed 470K, 8% free 11089K/12039K, paused 2ms+2ms
07-08 20:26:04.207   659   661 D dalvikvm: GC_CONCURRENT freed 452K, 9% free 10283K/11271K, paused 2ms+2ms
07-08 20:26:05.988  5689  5692 D dalvikvm: GC_CONCURRENT freed 908K, 11% free 10750K/12039K, paused 15ms+4ms
07-08 20:26:06.132   659   661 D dalvikvm: GC_CONCURRENT freed 481K, 9% free 10311K/11271K, paused 3ms+3ms
07-08 20:26:07.039   659   673 D dalvikvm: GC_EXPLICIT freed 230K, 10% free 10231K/11271K, paused 2ms+3ms
07-08 20:26:07.183   143  1922 D dalvikvm: GC_EXPLICIT freed 1499K, 17% free 17677K/21127K, paused 3ms+17ms
07-08 20:26:08.113   659   661 D dalvikvm: GC_CONCURRENT freed 430K, 9% free 10310K/11271K, paused 2ms+6ms
07-08 20:26:09.164   659   661 D dalvikvm: GC_CONCURRENT freed 435K, 9% free 10278K/11271K, paused 1ms+3ms
07-08 20:26:11.148   659   661 D dalvikvm: GC_CONCURRENT freed 472K, 9% free 10315K/11271K, paused 3ms+3ms
07-08 20:26:12.093   659   661 D dalvikvm: GC_CONCURRENT freed 440K, 9% free 10279K/11271K, paused 3ms+3ms
07-08 20:26:12.859  5689  5692 D dalvikvm: GC_CONCURRENT freed 179K, 9% free 11059K/12039K, paused 6ms+17ms
07-08 20:26:13.566  5689  5692 D dalvikvm: GC_CONCURRENT freed 991K, 12% free 10624K/12039K, paused 13ms+3ms
07-08 20:26:14.074   659   661 D dalvikvm: GC_CONCURRENT freed 499K, 9% free 10292K/11271K, paused 4ms+3ms
07-08 20:26:16.097   659   661 D dalvikvm: GC_CONCURRENT freed 504K, 9% free 10297K/11271K, paused 1ms+4ms
07-08 20:26:16.422 22025 22026 D dalvikvm: GC_CONCURRENT freed 328K, 6% free 10779K/11463K, paused 6ms+5ms
07-08 20:26:17.129   659   661 D dalvikvm: GC_CONCURRENT freed 444K, 9% free 10288K/11271K, paused 3ms+3ms
07-08 20:26:19.132   659   661 D dalvikvm: GC_CONCURRENT freed 489K, 9% free 10328K/11271K, paused 2ms+6ms
07-08 20:26:19.648  5689  5692 D dalvikvm: GC_CONCURRENT freed 121K, 10% free 10914K/12039K, paused 15ms+3ms
07-08 20:26:21.097   659   661 D dalvikvm: GC_CONCURRENT freed 538K, 9% free 10289K/11271K, paused 2ms+3ms
07-08 20:26:22.148   659   661 D dalvikvm: GC_CONCURRENT freed 445K, 9% free 10286K/11271K, paused 2ms+2ms
07-08 20:26:22.886  5689  5692 D dalvikvm: GC_CONCURRENT freed 376K, 8% free 11159K/12039K, paused 2ms+5ms
07-08 20:26:24.132   659   661 D dalvikvm: GC_CONCURRENT freed 507K, 9% free 10291K/11271K, paused 2ms+3ms
07-08 20:26:25.027 22025 22750 D dalvikvm: GC_EXPLICIT freed 196K, 7% free 10676K/11463K, paused 3ms+4ms
07-08 20:26:25.312   659   661 D dalvikvm: GC_CONCURRENT freed 423K, 9% free 10269K/11271K, paused 11ms+7ms
07-08 20:26:27.144   659   661 D dalvikvm: GC_CONCURRENT freed 488K, 9% free 10293K/11271K, paused 2ms+3ms
07-08 20:26:29.148   143   155 D dalvikvm: GC_EXPLICIT freed 1378K, 18% free 17427K/21127K, paused 3ms+10ms
07-08 20:26:29.250   659   661 D dalvikvm: GC_CONCURRENT freed 508K, 9% free 10302K/11271K, paused 2ms+5ms
07-08 20:26:29.652  5689  5692 D dalvikvm: GC_CONCURRENT freed 829K, 10% free 10918K/12039K, paused 2ms+3ms
07-08 20:26:30.086   659   661 D dalvikvm: GC_CONCURRENT freed 433K, 9% free 10278K/11271K, paused 2ms+2ms
07-08 20:26:32.140   659   661 D dalvikvm: GC_CONCURRENT freed 493K, 9% free 10297K/11271K, paused 2ms+3ms
07-08 20:26:32.886  5689  5692 D dalvikvm: GC_CONCURRENT freed 354K, 8% free 11188K/12039K, paused 2ms+4ms
07-08 20:26:33.019   659  3172 D dalvikvm: GC_EXPLICIT freed 128K, 10% free 10229K/11271K, paused 5ms+3ms
07-08 20:26:34.011   143   200 D DhcpInfoInternal: makeLinkProperties with empty dns2!
07-08 20:26:34.011   143   200 D DhcpInfoInternal: makeLinkProperties with empty dns2!
07-08 20:26:34.129   659   661 D dalvikvm: GC_CONCURRENT freed 444K, 9% free 10297K/11271K, paused 1ms+5ms
07-08 20:26:36.082   659   661 D dalvikvm: GC_CONCURRENT freed 506K, 9% free 10342K/11271K, paused 4ms+3ms
07-08 20:26:38.132   659   661 D dalvikvm: GC_CONCURRENT freed 578K, 9% free 10276K/11271K, paused 3ms+3ms
07-08 20:26:39.125   659   661 D dalvikvm: GC_CONCURRENT freed 415K, 9% free 10280K/11271K, paused 2ms+2ms
07-08 20:26:39.625  5689  5692 D dalvikvm: GC_CONCURRENT freed 872K, 10% free 10933K/12039K, paused 2ms+3ms
07-08 20:26:41.129   659   661 D dalvikvm: GC_CONCURRENT freed 494K, 9% free 10298K/11271K, paused 2ms+3ms
07-08 20:26:42.886  5689  5692 D dalvikvm: GC_CONCURRENT freed 382K, 8% free 11156K/12039K, paused 2ms+3ms
07-08 20:26:43.090   659   661 D dalvikvm: GC_CONCURRENT freed 496K, 9% free 10307K/11271K, paused 2ms+14ms
07-08 20:26:44.121   659   661 D dalvikvm: GC_CONCURRENT freed 431K, 9% free 10281K/11271K, paused 2ms+2ms
07-08 20:26:46.144   659   661 D dalvikvm: GC_CONCURRENT freed 492K, 9% free 10301K/11271K, paused 4ms+4ms
07-08 20:26:46.445   143   395 I ActivityManager: Process com.google.android.apps.maps:NetworkLocationService (pid 5689) has died.
07-08 20:26:46.445   143   395 W ActivityManager: Scheduling restart of crashed service com.google.android.apps.maps/com.google.android.location.internal.server.NetworkLocationService in 5000ms
07-08 20:26:46.468   143   463 W GpsLocationProvider: Unneeded remove listener for uid 1000
07-08 20:26:46.722   221   223 D dalvikvm: GC_CONCURRENT freed 406K, 32% free 9722K/14215K, paused 6ms+2ms
07-08 20:26:46.785   221   223 D dalvikvm: GC_CONCURRENT freed 398K, 31% free 9816K/14215K, paused 2ms+3ms
07-08 20:28:57.043   143   160 I ActivityManager: Start proc com.google.android.apps.maps:NetworkLocationService for service com.google.android.apps.maps/com.google.android.location.internal.server.NetworkLocationService: pid=6860 uid=10056 gids={3003, 1015}
07-08 20:28:57.359  6860  6861 D dalvikvm: GC_CONCURRENT freed 156K, 3% free 9380K/9607K, paused 8ms+2ms
07-08 20:28:57.808  6860  6861 D dalvikvm: GC_CONCURRENT freed 153K, 3% free 9691K/9927K, paused 2ms+3ms
07-08 20:28:58.164  6860  6861 D dalvikvm: GC_CONCURRENT freed 169K, 3% free 10070K/10311K, paused 5ms+5ms
07-08 20:28:58.332  6860  6861 D dalvikvm: GC_CONCURRENT freed 669K, 8% free 9887K/10695K, paused 2ms+2ms
07-08 20:28:58.453   143   200 D DhcpInfoInternal: makeLinkProperties with empty dns2!
07-08 20:28:58.453   143   200 D DhcpInfoInternal: makeLinkProperties with empty dns2!
07-08 20:28:58.484   143   160 I ActivityManager: Start proc com.google.android.apps.maps:FriendService for broadcast com.google.android.apps.maps/com.google.googlenav.friend.android.ServiceReceiver: pid=6899 uid=10056 gids={3003, 1015}
07-08 20:28:58.617  6899  6902 D dalvikvm: GC_CONCURRENT freed 158K, 3% free 9377K/9607K, paused 2ms+2ms
07-08 20:28:58.765  6899  6902 D dalvikvm: GC_CONCURRENT freed 193K, 4% free 9660K/9991K, paused 1ms+2ms
07-08 20:28:58.898  6860  6867 I dalvikvm: Total arena pages for JIT: 11
07-08 20:28:58.941   143 10999 D dalvikvm: GC_EXPLICIT freed 1231K, 18% free 17413K/21127K, paused 3ms+8ms
07-08 20:28:58.968  6860  6867 I dalvikvm: Total arena pages for JIT: 12
07-08 20:28:58.968  6860  6867 I dalvikvm: Total arena pages for JIT: 13
07-08 20:28:58.968  6860  6867 I dalvikvm: Total arena pages for JIT: 14
07-08 20:28:58.968  6860  6867 I dalvikvm: Total arena pages for JIT: 15
07-08 20:28:58.968  6860  6867 I dalvikvm: Total arena pages for JIT: 16
07-08 20:28:58.972  6860  6867 I dalvikvm: Total arena pages for JIT: 17
07-08 20:28:59.074  6860  6867 I dalvikvm: Total arena pages for JIT: 18
07-08 20:28:59.207  6860  6861 D dalvikvm: GC_CONCURRENT freed 201K, 6% free 10157K/10695K, paused 2ms+2ms
07-08 20:29:13.164  6860  6861 D dalvikvm: GC_CONCURRENT freed 297K, 4% free 10332K/10759K, paused 619ms+3ms
07-08 20:29:13.480 22025 25175 I EventLogService: Aggregate from 1341791953351 (log), 1341791953351 (data)
07-08 20:29:13.507  6860  6861 D dalvikvm: GC_CONCURRENT freed 474K, 6% free 10328K/10887K, paused 2ms+2ms
07-08 20:29:14.554   659   661 D dalvikvm: GC_CONCURRENT freed 461K, 9% free 10298K/11271K, paused 3ms+3ms
07-08 20:29:19.730   143   400 W ActivityManager: finishReceiver called but no pending broadcasts
07-08 20:29:19.816  6860  6861 D dalvikvm: GC_CONCURRENT freed 371K, 5% free 10500K/10951K, paused 1ms+3ms
07-08 20:29:25.750  6030  6031 D dalvikvm: GC_CONCURRENT freed 629K, 7% free 11419K/12167K, paused 10ms+3ms
07-08 20:29:28.535   143 24239 W ActivityManager: finishReceiver called but no pending broadcasts
07-08 20:29:28.605  6860  6861 D dalvikvm: GC_CONCURRENT freed 561K, 6% free 10504K/11143K, paused 2ms+3ms
07-08 20:29:37.089  6860  6861 D dalvikvm: GC_CONCURRENT freed 482K, 7% free 10407K/11143K, paused 30ms+2ms
07-08 20:29:37.343   143   387 W ActivityManager: finishReceiver called but no pending broadcasts
07-08 20:29:37.457  6860  6861 D dalvikvm: GC_CONCURRENT freed 420K, 6% free 10476K/11143K, paused 2ms+2ms
07-08 20:30:15.035   659   661 D dalvikvm: GC_CONCURRENT freed 354K, 9% free 10352K/11271K, paused 2ms+2ms
07-08 20:30:16.214   659   661 D dalvikvm: GC_CONCURRENT freed 226K, 7% free 10530K/11271K, paused 1ms+6ms
07-08 20:31:14.949  6860  6861 D dalvikvm: GC_CONCURRENT freed 610K, 7% free 10377K/11143K, paused 1ms+2ms
07-08 20:31:15.082   659   661 D dalvikvm: GC_CONCURRENT freed 699K, 9% free 10343K/11271K, paused 2ms+2ms
07-08 20:31:23.359   143   200 D DhcpInfoInternal: makeLinkProperties with empty dns2!
07-08 20:31:23.367   143   200 D DhcpInfoInternal: makeLinkProperties with empty dns2!
07-08 20:31:47.390   143   175 I ActivityManager: Start proc com.google.android.maps.mytracks for service com.google.android.maps.mytracks/com.google.android.apps.mytracks.services.RemoveTempFilesService: pid=6947 uid=10072 gids={3003, 3002, 3001, 1015}
07-08 20:31:47.425  6947  6947 I dalvikvm: Turning on JNI app bug workarounds for target SDK version 7...
07-08 20:31:47.589  6947  6947 I ActivityThread: Pub com.google.android.maps.mytracks.search: com.google.android.apps.mytracks.content.SearchEngineProvider
07-08 20:31:47.605  6947  6947 I ActivityThread: Pub com.google.android.maps.mytracks: com.google.android.apps.mytracks.content.MyTracksProvider
07-08 20:32:37.023  6078  6091 I PhoneLab-: Service Running
