07-03 07:16:25.742  8272  8274 D dalvikvm: GC_CONCURRENT freed 469K, 8% free 10337K/11143K, paused 2ms+4ms
07-03 07:16:26.371   345   345 D SAN_SERVICE: *******************************************
07-03 07:16:26.371   345   345 D SAN_SERVICE: DM App Phone Service State - 0
07-03 07:16:26.371   345   345 D SAN_SERVICE: *******************************************
07-03 07:16:26.574   345   345 D SAN_SERVICE: *******************************************
07-03 07:16:26.574   345   345 D SAN_SERVICE: DM App Phone Service State - 0
07-03 07:16:26.574   345   345 D SAN_SERVICE: *******************************************
07-03 07:16:26.734  8272  8274 D dalvikvm: GC_CONCURRENT freed 435K, 8% free 10285K/11143K, paused 1ms+3ms
07-03 07:16:26.852 17606 17609 D dalvikvm: GC_CONCURRENT freed 790K, 10% free 10595K/11719K, paused 2ms+2ms
07-03 07:16:28.727   145  4009 D dalvikvm: GC_EXPLICIT freed 998K, 28% free 17692K/24455K, paused 3ms+11ms
07-03 07:16:28.836  8272  8274 D dalvikvm: GC_CONCURRENT freed 481K, 8% free 10314K/11143K, paused 2ms+3ms
07-03 07:16:30.668  8272  8274 D dalvikvm: GC_CONCURRENT freed 433K, 8% free 10266K/11143K, paused 2ms+3ms
07-03 07:16:31.344   345   345 D SAN_SERVICE: *******************************************
07-03 07:16:31.344   345   345 D SAN_SERVICE: DM App Phone Service State - 0
07-03 07:16:31.344   345   345 D SAN_SERVICE: *******************************************
07-03 07:16:31.590   345   345 D SAN_SERVICE: *******************************************
07-03 07:16:31.590   345   345 D SAN_SERVICE: DM App Phone Service State - 0
07-03 07:16:31.590   345   345 D SAN_SERVICE: *******************************************
07-03 07:16:31.719  8272  8274 D dalvikvm: GC_CONCURRENT freed 447K, 8% free 10330K/11143K, paused 3ms+4ms
07-03 07:16:32.231 17606 17609 D dalvikvm: GC_CONCURRENT freed 229K, 8% free 10874K/11719K, paused 2ms+3ms
07-03 07:16:32.324 17606 17775 D dalvikvm: GC_FOR_ALLOC freed 373K, 8% free 10852K/11719K, paused 26ms
07-03 07:16:33.688  8272  8274 D dalvikvm: GC_CONCURRENT freed 497K, 8% free 10342K/11143K, paused 2ms+3ms
07-03 07:16:35.668  8272  8274 D dalvikvm: GC_CONCURRENT freed 548K, 8% free 10303K/11143K, paused 5ms+3ms
07-03 07:16:36.699  8272 18162 D dalvikvm: GC_EXPLICIT freed 213K, 8% free 10259K/11143K, paused 1ms+3ms
07-03 07:16:37.734  8272  8274 D dalvikvm: GC_CONCURRENT freed 432K, 7% free 10368K/11143K, paused 2ms+2ms
07-03 07:16:38.805 17606 17609 D dalvikvm: GC_CONCURRENT freed 651K, 9% free 10685K/11719K, paused 2ms+7ms
07-03 07:16:39.766  8272  8274 D dalvikvm: GC_CONCURRENT freed 554K, 8% free 10324K/11143K, paused 2ms+17ms
07-03 07:16:41.594   345   345 D SAN_SERVICE: *******************************************
07-03 07:16:41.594   345   345 D SAN_SERVICE: DM App Phone Service State - 0
07-03 07:16:41.594   345   345 D SAN_SERVICE: *******************************************
07-03 07:16:41.731  8272  8274 D dalvikvm: GC_CONCURRENT freed 493K, 8% free 10336K/11143K, paused 2ms+3ms
07-03 07:16:42.399 17606 17609 D dalvikvm: GC_CONCURRENT freed 301K, 8% free 10893K/11719K, paused 2ms+3ms
07-03 07:16:42.461 17606 17775 D dalvikvm: GC_FOR_ALLOC freed 265K, 8% free 10857K/11719K, paused 25ms
07-03 07:16:42.707  8272  8274 D dalvikvm: GC_CONCURRENT freed 432K, 8% free 10287K/11143K, paused 4ms+2ms
07-03 07:16:44.731  8272  8274 D dalvikvm: GC_CONCURRENT freed 473K, 8% free 10325K/11143K, paused 2ms+3ms
07-03 07:16:46.711  8272  8274 D dalvikvm: GC_CONCURRENT freed 489K, 8% free 10338K/11143K, paused 2ms+5ms
07-03 07:16:46.844   345   345 D SAN_SERVICE: *******************************************
07-03 07:16:46.844   345   345 D SAN_SERVICE: DM App Phone Service State - 0
07-03 07:16:46.844   345   345 D SAN_SERVICE: *******************************************
07-03 07:16:47.574   345   345 D SAN_SERVICE: *******************************************
07-03 07:16:47.574   345   345 D SAN_SERVICE: DM App Phone Service State - 0
07-03 07:16:47.574   345   345 D SAN_SERVICE: *******************************************
07-03 07:16:47.699  8272  8274 D dalvikvm: GC_CONCURRENT freed 426K, 8% free 10296K/11143K, paused 2ms+2ms
07-03 07:16:49.649 17606 17609 D dalvikvm: GC_CONCURRENT freed 652K, 9% free 10706K/11719K, paused 9ms+4ms
07-03 07:16:49.817   145   396 D dalvikvm: GC_EXPLICIT freed 1024K, 28% free 17707K/24455K, paused 3ms+11ms
07-03 07:16:49.906  8272  8274 D dalvikvm: GC_CONCURRENT freed 502K, 8% free 10305K/11143K, paused 2ms+3ms
07-03 07:16:51.703  8272  8274 D dalvikvm: GC_CONCURRENT freed 482K, 8% free 10332K/11143K, paused 2ms+3ms
07-03 07:16:51.824   345   345 D SAN_SERVICE: *******************************************
07-03 07:16:51.824   345   345 D SAN_SERVICE: DM App Phone Service State - 0
07-03 07:16:51.824   345   345 D SAN_SERVICE: *******************************************
07-03 07:16:52.535 17606 17609 D dalvikvm: GC_CONCURRENT freed 329K, 7% free 10917K/11719K, paused 2ms+2ms
07-03 07:16:52.559   345   345 D SAN_SERVICE: *******************************************
07-03 07:16:52.559   345   345 D SAN_SERVICE: DM App Phone Service State - 0
07-03 07:16:52.559   345   345 D SAN_SERVICE: *******************************************
07-03 07:16:52.582 17606 17775 D dalvikvm: GC_FOR_ALLOC freed 56K, 8% free 10892K/11719K, paused 42ms
07-03 07:16:52.746  8272  8274 D dalvikvm: GC_CONCURRENT freed 429K, 8% free 10306K/11143K, paused 2ms+3ms
07-03 07:16:54.695  8272  8274 D dalvikvm: GC_CONCURRENT freed 494K, 8% free 10323K/11143K, paused 2ms+3ms
07-03 07:16:56.606 17443 17446 D dalvikvm: GC_CONCURRENT freed 405K, 6% free 9065K/9543K, paused 27ms+1ms
07-03 07:16:56.727  8272  8274 D dalvikvm: GC_CONCURRENT freed 501K, 8% free 10336K/11143K, paused 2ms+3ms
07-03 07:16:57.078   345   345 D SAN_SERVICE: *******************************************
07-03 07:16:57.078   345   345 D SAN_SERVICE: DM App Phone Service State - 0
07-03 07:16:57.078   345   345 D SAN_SERVICE: *******************************************
07-03 07:16:57.606   345   345 D SAN_SERVICE: *******************************************
07-03 07:16:57.606   345   345 D SAN_SERVICE: DM App Phone Service State - 0
07-03 07:16:57.606   345   345 D SAN_SERVICE: *******************************************
07-03 07:16:57.707 17606 17609 D dalvikvm: GC_CONCURRENT freed 782K, 10% free 10613K/11719K, paused 6ms+8ms
07-03 07:16:57.777  8272  8274 D dalvikvm: GC_CONCURRENT freed 432K, 8% free 10307K/11143K, paused 3ms+3ms
07-03 07:16:59.734  8272  8274 D dalvikvm: GC_CONCURRENT freed 515K, 8% free 10318K/11143K, paused 3ms+3ms
07-03 07:17:01.703  8272  8274 D dalvikvm: GC_CONCURRENT freed 480K, 8% free 10337K/11143K, paused 4ms+3ms
07-03 07:17:02.129   345   345 D SAN_SERVICE: *******************************************
07-03 07:17:02.129   345   345 D SAN_SERVICE: DM App Phone Service State - 0
07-03 07:17:02.129   345   345 D SAN_SERVICE: *******************************************
07-03 07:17:02.563   345   345 D SAN_SERVICE: *******************************************
07-03 07:17:02.563   345   345 D SAN_SERVICE: DM App Phone Service State - 0
07-03 07:17:02.563   345   345 D SAN_SERVICE: *******************************************
07-03 07:17:02.715 17606 17609 D dalvikvm: GC_CONCURRENT freed 254K, 8% free 10879K/11719K, paused 1ms+5ms
07-03 07:17:02.856  8272  8274 D dalvikvm: GC_CONCURRENT freed 431K, 8% free 10309K/11143K, paused 2ms+5ms
07-03 07:17:02.867 17606 17775 D dalvikvm: GC_FOR_ALLOC freed 328K, 8% free 10857K/11719K, paused 64ms
07-03 07:17:03.637  8272  8272 D dalvikvm: GC_EXPLICIT freed 51K, 8% free 10263K/11143K, paused 2ms+3ms
07-03 07:17:04.707  8272  8274 D dalvikvm: GC_CONCURRENT freed 468K, 8% free 10306K/11143K, paused 1ms+3ms
07-03 07:17:05.449 17606 17613 I dalvikvm: Jit: resizing JitTable from 4096 to 8192
07-03 07:17:06.734  8272  8274 D dalvikvm: GC_CONCURRENT freed 479K, 8% free 10336K/11143K, paused 2ms+3ms
07-03 07:17:07.082   345   345 D SAN_SERVICE: *******************************************
07-03 07:17:07.082   345   345 D SAN_SERVICE: DM App Phone Service State - 0
07-03 07:17:07.082   345   345 D SAN_SERVICE: *******************************************
07-03 07:17:07.567   345   345 D SAN_SERVICE: *******************************************
07-03 07:17:07.567   345   345 D SAN_SERVICE: DM App Phone Service State - 0
07-03 07:17:07.567   345   345 D SAN_SERVICE: *******************************************
07-03 07:17:07.692  8272  8274 D dalvikvm: GC_CONCURRENT freed 429K, 8% free 10310K/11143K, paused 2ms+2ms
07-03 07:17:09.711  8272  8274 D dalvikvm: GC_CONCURRENT freed 495K, 8% free 10327K/11143K, paused 1ms+3ms
07-03 07:17:09.746 17606 17609 D dalvikvm: GC_CONCURRENT freed 650K, 9% free 10693K/11719K, paused 2ms+5ms
07-03 07:17:10.785   145   395 D dalvikvm: GC_EXPLICIT freed 1053K, 28% free 17708K/24455K, paused 3ms+11ms
07-03 07:17:11.707 19717 19878 D dalvikvm: GC_EXPLICIT freed 430K, 7% free 10945K/11719K, paused 3ms+7ms
07-03 07:17:11.754 10148 10150 D dalvikvm: GC_CONCURRENT freed 457K, 7% free 9674K/10375K, paused 9ms+11ms
07-03 07:17:11.836  8272  8274 D dalvikvm: GC_CONCURRENT freed 501K, 8% free 10333K/11143K, paused 2ms+4ms
07-03 07:17:12.762  8272  8274 D dalvikvm: GC_CONCURRENT freed 437K, 8% free 10305K/11143K, paused 2ms+4ms
07-03 07:17:12.871 17606 17609 D dalvikvm: GC_CONCURRENT freed 324K, 7% free 10914K/11719K, paused 4ms+2ms
07-03 07:17:12.922 17606 17775 D dalvikvm: GC_FOR_ALLOC freed 214K, 8% free 10855K/11719K, paused 24ms
07-03 07:17:14.734  8272  8274 D dalvikvm: GC_CONCURRENT freed 492K, 8% free 10324K/11143K, paused 2ms+3ms
07-03 07:17:16.750  8272  8274 D dalvikvm: GC_CONCURRENT freed 508K, 8% free 10310K/11143K, paused 2ms+3ms
07-03 07:17:16.981 17606 17609 D dalvikvm: GC_CONCURRENT freed 828K, 10% free 10558K/11719K, paused 2ms+5ms
07-03 07:17:17.067  8272  8274 D dalvikvm: GC_CONCURRENT freed 453K, 8% free 10305K/11143K, paused 2ms+3ms
07-03 07:17:17.391   345   345 D SAN_SERVICE: *******************************************
07-03 07:17:17.391   345   345 D SAN_SERVICE: DM App Phone Service State - 0
07-03 07:17:17.391   345   345 D SAN_SERVICE: *******************************************
07-03 07:17:17.594   345   345 D SAN_SERVICE: *******************************************
07-03 07:17:17.594   345   345 D SAN_SERVICE: DM App Phone Service State - 0
07-03 07:17:17.594   345   345 D SAN_SERVICE: *******************************************
07-03 07:17:18.727  8272  8274 D dalvikvm: GC_CONCURRENT freed 497K, 8% free 10319K/11143K, paused 2ms+3ms
07-03 07:17:20.695  8272  8274 D dalvikvm: GC_CONCURRENT freed 494K, 8% free 10332K/11143K, paused 2ms+2ms
07-03 07:17:21.734  8272  8274 D dalvikvm: GC_CONCURRENT freed 435K, 8% free 10305K/11143K, paused 2ms+3ms
07-03 07:17:23.012 17606 17609 D dalvikvm: GC_CONCURRENT freed 224K, 8% free 10832K/11719K, paused 2ms+3ms
07-03 07:17:23.094 17606 17775 D dalvikvm: GC_FOR_ALLOC freed 279K, 8% free 10862K/11719K, paused 26ms
07-03 07:17:23.719  8272  8274 D dalvikvm: GC_CONCURRENT freed 495K, 8% free 10321K/11143K, paused 2ms+3ms
07-03 07:17:25.707  8272  8274 D dalvikvm: GC_CONCURRENT freed 497K, 8% free 10330K/11143K, paused 2ms+3ms
07-03 07:17:26.711  8272  8274 D dalvikvm: GC_CONCURRENT freed 433K, 8% free 10307K/11143K, paused 2ms+3ms
07-03 07:17:27.594   345   345 D SAN_SERVICE: *******************************************
07-03 07:17:27.594   345   345 D SAN_SERVICE: DM App Phone Service State - 0
07-03 07:17:27.594   345   345 D SAN_SERVICE: *******************************************
07-03 07:17:28.328 17657 17670 I PhoneLab-: Service Running
07-03 07:17:28.402 17657 17670 I PhoneLab-LoggerService: app_37    1360  1     1436   996   c00f181c 400107b4 S logcat
07-03 07:17:28.402 17657 17670 I PhoneLab-LoggerService: Logcat pid from database 1360
07-03 07:17:28.402 17657 17670 I PhoneLab-LoggerService: Logcat process found 1360
07-03 07:17:28.402 17657 17670 I PhoneLab-LoggerService: Checking Threshold
07-03 07:17:28.414 17657 17670 I PhoneLab-LoggerService: Starting to rename files
07-03 07:17:28.414 17657 17670 I PhoneLab-LoggerService: Files found .. 2
07-03 07:17:28.414 17657 17670 I PhoneLab-LoggerService: File 1 log.out.1
07-03 07:17:28.442 17657 17670 I PhoneLab-LoggerService: Renamed successfully
07-03 07:17:28.680  8272  8272 D dalvikvm: GC_EXPLICIT freed 330K, 8% free 10268K/11143K, paused 2ms+3ms
07-03 07:17:29.207 17606 17609 D dalvikvm: GC_CONCURRENT freed 704K, 10% free 10648K/11719K, paused 21ms+3ms
07-03 07:17:29.727  8272  8274 D dalvikvm: GC_CONCURRENT freed 451K, 8% free 10327K/11143K, paused 2ms+3ms
07-03 07:17:30.777   145   348 D dalvikvm: GC_EXPLICIT freed 979K, 28% free 17690K/24455K, paused 3ms+10ms
07-03 07:17:31.754  8272  8274 D dalvikvm: GC_CONCURRENT freed 500K, 7% free 10372K/11143K, paused 2ms+3ms
07-03 07:17:32.871   345   345 D SAN_SERVICE: *******************************************
07-03 07:17:32.871   345   345 D SAN_SERVICE: DM App Phone Service State - 0
07-03 07:17:32.871   345   345 D SAN_SERVICE: *******************************************
07-03 07:17:33.262 17606 17609 D dalvikvm: GC_CONCURRENT freed 292K, 8% free 10896K/11719K, paused 2ms+2ms
07-03 07:17:33.324 17606 17775 D dalvikvm: GC_FOR_ALLOC freed 275K, 8% free 10853K/11719K, paused 26ms
07-03 07:17:33.629   345   345 D SAN_SERVICE: *******************************************
07-03 07:17:33.629   345   345 D SAN_SERVICE: DM App Phone Service State - 0
07-03 07:17:33.629   345   345 D SAN_SERVICE: *******************************************
07-03 07:17:33.738  8272  8274 D dalvikvm: GC_CONCURRENT freed 585K, 8% free 10298K/11143K, paused 1ms+4ms
07-03 07:17:34.715  8272  8274 D dalvikvm: GC_CONCURRENT freed 421K, 8% free 10306K/11143K, paused 3ms+3ms
07-03 07:17:36.703  8272  8274 D dalvikvm: GC_CONCURRENT freed 497K, 8% free 10321K/11143K, paused 2ms+3ms
07-03 07:17:37.875   345   345 D SAN_SERVICE: *******************************************
07-03 07:17:37.875   345   345 D SAN_SERVICE: DM App Phone Service State - 0
07-03 07:17:37.875   345   345 D SAN_SERVICE: *******************************************
07-03 07:17:38.586   345   345 D SAN_SERVICE: *******************************************
07-03 07:17:38.586   345   345 D SAN_SERVICE: DM App Phone Service State - 0
07-03 07:17:38.586   345   345 D SAN_SERVICE: *******************************************
07-03 07:17:38.703  8272  8274 D dalvikvm: GC_CONCURRENT freed 503K, 7% free 10370K/11143K, paused 2ms+3ms
07-03 07:17:39.953 17606 17609 D dalvikvm: GC_CONCURRENT freed 649K, 9% free 10688K/11719K, paused 1ms+3ms
07-03 07:17:40.715  8272  8274 D dalvikvm: GC_CONCURRENT freed 579K, 8% free 10302K/11143K, paused 5ms+4ms
07-03 07:17:41.738  8272  8274 D dalvikvm: GC_CONCURRENT freed 421K, 8% free 10309K/11143K, paused 2ms+2ms
07-03 07:17:43.336 17606 17609 D dalvikvm: GC_CONCURRENT freed 295K, 7% free 10900K/11719K, paused 2ms+3ms
07-03 07:17:43.395 17606 17775 D dalvikvm: GC_FOR_ALLOC freed 269K, 8% free 10860K/11719K, paused 26ms
07-03 07:17:43.758  8272  8274 D dalvikvm: GC_CONCURRENT freed 497K, 8% free 10323K/11143K, paused 2ms+3ms
07-03 07:17:45.703  8272  8274 D dalvikvm: GC_CONCURRENT freed 498K, 7% free 10373K/11143K, paused 1ms+4ms
07-03 07:17:47.703  8272  8274 D dalvikvm: GC_CONCURRENT freed 562K, 8% free 10315K/11143K, paused 1ms+2ms
07-03 07:17:48.152   345   345 D SAN_SERVICE: *******************************************
07-03 07:17:48.152   345   345 D SAN_SERVICE: DM App Phone Service State - 0
07-03 07:17:48.152   345   345 D SAN_SERVICE: *******************************************
07-03 07:17:48.606   345   345 D SAN_SERVICE: *******************************************
07-03 07:17:48.606   345   345 D SAN_SERVICE: DM App Phone Service State - 0
07-03 07:17:48.606   345   345 D SAN_SERVICE: *******************************************
07-03 07:17:48.715  8272  8274 D dalvikvm: GC_CONCURRENT freed 441K, 8% free 10310K/11143K, paused 2ms+4ms
07-03 07:17:50.195 17606 17609 D dalvikvm: GC_CONCURRENT freed 652K, 9% free 10694K/11719K, paused 2ms+4ms
07-03 07:17:50.723  8272  8274 D dalvikvm: GC_CONCURRENT freed 495K, 8% free 10327K/11143K, paused 2ms+3ms
07-03 07:17:51.754   145   329 D dalvikvm: GC_EXPLICIT freed 1017K, 28% free 17702K/24455K, paused 2ms+10ms
07-03 07:17:52.758  8272  8274 D dalvikvm: GC_CONCURRENT freed 491K, 8% free 10340K/11143K, paused 1ms+3ms
07-03 07:17:53.344   345   345 D SAN_SERVICE: *******************************************
07-03 07:17:53.344   345   345 D SAN_SERVICE: DM App Phone Service State - 0
07-03 07:17:53.344   345   345 D SAN_SERVICE: *******************************************
07-03 07:17:53.477 17606 17609 D dalvikvm: GC_CONCURRENT freed 266K, 7% free 10909K/11719K, paused 1ms+2ms
07-03 07:17:53.520 17606 17775 D dalvikvm: GC_FOR_ALLOC freed 205K, 8% free 10872K/11719K, paused 28ms
07-03 07:17:53.609   345   345 D SAN_SERVICE: *******************************************
07-03 07:17:53.609   345   345 D SAN_SERVICE: DM App Phone Service State - 0
07-03 07:17:53.609   345   345 D SAN_SERVICE: *******************************************
07-03 07:17:53.719  8272  8274 D dalvikvm: GC_CONCURRENT freed 428K, 8% free 10307K/11143K, paused 1ms+3ms
07-03 07:17:54.649  8272 18323 D dalvikvm: GC_EXPLICIT freed 63K, 8% free 10263K/11143K, paused 3ms+3ms
07-03 07:17:55.742  8272  8274 D dalvikvm: GC_CONCURRENT freed 454K, 8% free 10320K/11143K, paused 2ms+3ms
07-03 07:17:57.766  8272  8274 D dalvikvm: GC_CONCURRENT freed 482K, 8% free 10349K/11143K, paused 2ms+3ms
07-03 07:17:59.453 17606 17609 D dalvikvm: GC_CONCURRENT freed 709K, 10% free 10656K/11719K, paused 22ms+3ms
07-03 07:17:59.723  8272  8274 D dalvikvm: GC_CONCURRENT freed 557K, 8% free 10304K/11143K, paused 2ms+3ms
07-03 07:18:00.192 19717 15062 D dalvikvm: GC_EXPLICIT freed 405K, 7% free 10931K/11719K, paused 3ms+6ms
07-03 07:18:00.711  8272  8274 D dalvikvm: GC_CONCURRENT freed 413K, 8% free 10309K/11143K, paused 1ms+3ms
07-03 07:18:02.707 16510 16512 D dalvikvm: GC_CONCURRENT freed 483K, 7% free 9181K/9799K, paused 2ms+3ms
07-03 07:18:02.774  8272  8274 D dalvikvm: GC_CONCURRENT freed 522K, 8% free 10297K/11143K, paused 3ms+4ms
07-03 07:18:03.602   345   345 D SAN_SERVICE: *******************************************
07-03 07:18:03.602   345   345 D SAN_SERVICE: DM App Phone Service State - 0
07-03 07:18:03.602   345   345 D SAN_SERVICE: *******************************************
07-03 07:18:03.660 17606 17609 D dalvikvm: GC_CONCURRENT freed 284K, 7% free 10916K/11719K, paused 3ms+4ms
07-03 07:18:03.797 17606 17775 D dalvikvm: GC_FOR_ALLOC freed 375K, 8% free 10832K/11719K, paused 55ms
07-03 07:18:04.703  8272  8274 D dalvikvm: GC_CONCURRENT freed 462K, 8% free 10330K/11143K, paused 2ms+4ms
07-03 07:18:05.684  8272  8274 D dalvikvm: GC_CONCURRENT freed 429K, 8% free 10303K/11143K, paused 1ms+2ms
07-03 07:18:06.984    86   591 E GPSD    : ril_gps_wait_for_ril: Response already received.
07-03 07:18:07.692  8272  8274 D dalvikvm: GC_CONCURRENT freed 511K, 8% free 10302K/11143K, paused 2ms+3ms
07-03 07:18:09.613  9453  9455 D dalvikvm: GC_CONCURRENT freed 390K, 11% free 9327K/10439K, paused 2ms+6ms
07-03 07:18:09.750  8272  8274 D dalvikvm: GC_CONCURRENT freed 467K, 8% free 10335K/11143K, paused 2ms+3ms
07-03 07:18:10.703  8272  8274 D dalvikvm: GC_CONCURRENT freed 427K, 8% free 10304K/11143K, paused 2ms+2ms
07-03 07:18:11.543 17606 17609 D dalvikvm: GC_CONCURRENT freed 577K, 9% free 10735K/11719K, paused 20ms+4ms
07-03 07:18:12.727   145   365 D dalvikvm: GC_EXPLICIT freed 1027K, 28% free 17697K/24455K, paused 3ms+10ms
07-03 07:18:12.840  8272  8274 D dalvikvm: GC_CONCURRENT freed 512K, 8% free 10302K/11143K, paused 2ms+3ms
07-03 07:18:13.774 17606 17609 D dalvikvm: GC_CONCURRENT freed 335K, 7% free 10935K/11719K, paused 2ms+3ms
07-03 07:18:13.859   345   345 D SAN_SERVICE: *******************************************
07-03 07:18:13.859   345   345 D SAN_SERVICE: DM App Phone Service State - 0
07-03 07:18:13.859   345   345 D SAN_SERVICE: *******************************************
07-03 07:18:14.609   345   345 D SAN_SERVICE: *******************************************
07-03 07:18:14.609   345   345 D SAN_SERVICE: DM App Phone Service State - 0
07-03 07:18:14.609   345   345 D SAN_SERVICE: *******************************************
07-03 07:18:14.711  8272  8274 D dalvikvm: GC_CONCURRENT freed 479K, 8% free 10334K/11143K, paused 2ms+3ms
07-03 07:18:15.707  8272  8274 D dalvikvm: GC_CONCURRENT freed 418K, 8% free 10301K/11143K, paused 2ms+20ms
07-03 07:18:16.930 17606 17626 D dalvikvm: GC_EXPLICIT freed 764K, 11% free 10515K/11719K, paused 12ms+3ms
07-03 07:18:17.125  8272  8274 D dalvikvm: GC_CONCURRENT freed 483K, 8% free 10328K/11143K, paused 2ms+3ms
07-03 07:18:18.719  8272  8274 D dalvikvm: GC_CONCURRENT freed 491K, 8% free 10339K/11143K, paused 2ms+3ms
07-03 07:18:19.606 17606 17609 D dalvikvm: GC_CONCURRENT freed 286K, 10% free 10617K/11719K, paused 2ms+3ms
07-03 07:18:19.734  8272  8274 D dalvikvm: GC_CONCURRENT freed 430K, 8% free 10304K/11143K, paused 2ms+3ms
07-03 07:18:20.629 16843 16846 D dalvikvm: GC_CONCURRENT freed 381K, 6% free 9795K/10311K, paused 3ms+4ms
07-03 07:18:20.668  8272  8272 D dalvikvm: GC_EXPLICIT freed 49K, 8% free 10260K/11143K, paused 2ms+3ms
07-03 07:18:21.715  8272  8274 D dalvikvm: GC_CONCURRENT freed 468K, 8% free 10302K/11143K, paused 2ms+4ms
07-03 07:18:22.711   145   200 D DhcpInfoInternal: makeLinkProperties with empty dns2!
07-03 07:18:22.711   145   200 D DhcpInfoInternal: makeLinkProperties with empty dns2!
07-03 07:18:23.719  8272  8274 D dalvikvm: GC_CONCURRENT freed 496K, 8% free 10334K/11143K, paused 2ms+3ms
07-03 07:18:23.871 17606 17609 D dalvikvm: GC_CONCURRENT freed 208K, 7% free 10901K/11719K, paused 2ms+3ms
07-03 07:18:23.953 17606 17775 D dalvikvm: GC_FOR_ALLOC freed 332K, 8% free 10842K/11719K, paused 26ms
07-03 07:18:25.703  8272  8274 D dalvikvm: GC_CONCURRENT freed 522K, 8% free 10321K/11143K, paused 2ms+3ms
07-03 07:18:27.695  8272  8274 D dalvikvm: GC_CONCURRENT freed 521K, 8% free 10312K/11143K, paused 1ms+4ms
07-03 07:18:29.129   345   345 D SAN_SERVICE: *******************************************
07-03 07:18:29.129   345   345 D SAN_SERVICE: DM App Phone Service State - 0
07-03 07:18:29.129   345   345 D SAN_SERVICE: *******************************************
07-03 07:18:29.613   345   345 D SAN_SERVICE: *******************************************
07-03 07:18:29.613   345   345 D SAN_SERVICE: DM App Phone Service State - 0
07-03 07:18:29.613   345   345 D SAN_SERVICE: *******************************************
07-03 07:18:29.707  8272  8274 D dalvikvm: GC_CONCURRENT freed 493K, 8% free 10329K/11143K, paused 2ms+3ms
07-03 07:18:31.649 17606 17609 D dalvikvm: GC_CONCURRENT freed 619K, 9% free 10705K/11719K, paused 4ms+3ms
07-03 07:18:31.785   145   361 D dalvikvm: GC_EXPLICIT freed 980K, 28% free 17689K/24455K, paused 4ms+11ms
07-03 07:18:31.883  8272  8274 D dalvikvm: GC_CONCURRENT freed 521K, 8% free 10319K/11143K, paused 2ms+4ms
07-03 07:18:33.699  8272  8274 D dalvikvm: GC_CONCURRENT freed 507K, 8% free 10324K/11143K, paused 3ms+2ms
07-03 07:18:34.090 17606 17609 D dalvikvm: GC_CONCURRENT freed 362K, 8% free 10884K/11719K, paused 5ms+2ms
07-03 07:18:35.703  8272  8274 D dalvikvm: GC_CONCURRENT freed 474K, 8% free 10361K/11143K, paused 2ms+4ms
07-03 07:18:37.703  8272  8274 D dalvikvm: GC_CONCURRENT freed 533K, 8% free 10356K/11143K, paused 2ms+3ms
07-03 07:18:39.324   145  4009 W ActivityManager: finishReceiver called but no pending broadcasts
07-03 07:18:39.371   345   345 D SAN_SERVICE: *******************************************
07-03 07:18:39.371   345   345 D SAN_SERVICE: DM App Phone Service State - 0
07-03 07:18:39.371   345   345 D SAN_SERVICE: *******************************************
07-03 07:18:39.488 17606 17609 D dalvikvm: GC_CONCURRENT freed 858K, 10% free 10641K/11719K, paused 25ms+3ms
07-03 07:18:39.524   216   218 D dalvikvm: GC_CONCURRENT freed 468K, 33% free 9738K/14343K, paused 2ms+2ms
07-03 07:18:39.570   216   218 D dalvikvm: GC_CONCURRENT freed 459K, 33% free 9732K/14343K, paused 1ms+2ms
07-03 07:18:39.621   345   345 D SAN_SERVICE: *******************************************
07-03 07:18:39.621   345   345 D SAN_SERVICE: DM App Phone Service State - 0
07-03 07:18:39.621   345   345 D SAN_SERVICE: *******************************************
07-03 07:18:39.656   216   218 D dalvikvm: GC_CONCURRENT freed 432K, 32% free 9768K/14343K, paused 2ms+3ms
07-03 07:19:17.160 17606 17609 D dalvikvm: GC_CONCURRENT freed 764K, 12% free 10353K/11719K, paused 2ms+2ms
07-03 07:19:17.195  8272  8274 D dalvikvm: GC_CONCURRENT freed 552K, 8% free 10316K/11143K, paused 2ms+3ms
07-03 07:19:25.402   345   345 D SAN_SERVICE: *******************************************
07-03 07:19:25.402   345   345 D SAN_SERVICE: DM App Phone Service State - 0
07-03 07:19:25.402   345   345 D SAN_SERVICE: *******************************************
07-03 07:19:25.684   345   345 D SAN_SERVICE: *******************************************
07-03 07:19:25.684   345   345 D SAN_SERVICE: DM App Phone Service State - 0
07-03 07:19:25.684   345   345 D SAN_SERVICE: *******************************************
07-03 07:19:25.750 17657 17657 I PhoneLab-Locks: wake lock acquired
07-03 07:19:25.785 17657 18438 I PhoneLab-PeriodicCheckService: User info is synched
07-03 07:19:25.805 17657 18438 I PhoneLab-PeriodicCheckService: Logger Service is running
07-03 07:19:25.817 17657 17657 I PhoneLab-Locks: wake lock acquired
07-03 07:19:25.828 17657 17657 I PhoneLab-StatusMonitor: Status Monitoring is started
07-03 07:19:25.828 17657 18438 I PhoneLab-Locks: wake lock acquired
07-03 07:19:25.840 17657 18438 I PhoneLab-PeriodicCheckService: Rescheduling periodic checking...
07-03 07:19:25.844 17657 18438 I PhoneLab-Locks: wake lock released
07-03 07:19:25.863 17657 17657 E PhoneLab-PhoneLabManifest: java.io.FileNotFoundException: /data/data/edu.buffalo.cse.phonelab.phonelabservices/files/manifest.xml: open failed: ENOENT (No such file or directory)
07-03 07:19:25.918 17657 17657 I PhoneLab-Locks: wake lock released
07-03 07:19:25.922 17657 17657 I PhoneLab-UploadLogs: Transfering log files now
07-03 07:19:26.195 17657 17659 D dalvikvm: GC_CONCURRENT freed 436K, 6% free 9163K/9671K, paused 7ms+2ms
07-03 07:19:26.234 17657 17657 D dalvikvm: GC_FOR_ALLOC freed 152K, 6% free 9201K/9735K, paused 13ms
07-03 07:19:26.234 17657 17657 I dalvikvm-heap: Grow heap (frag case) to 9.171MB for 123476-byte allocation
07-03 07:19:26.246 17657 17657 D dalvikvm: GC_FOR_ALLOC freed 56K, 7% free 9265K/9863K, paused 12ms
07-03 07:19:26.246 17657 17657 I dalvikvm-heap: Grow heap (frag case) to 9.359MB for 254548-byte allocation
07-03 07:19:26.262 17657 17657 D dalvikvm: GC_FOR_ALLOC freed 120K, 8% free 9393K/10119K, paused 12ms
07-03 07:19:26.262 17657 17657 I dalvikvm-heap: Grow heap (frag case) to 9.734MB for 516692-byte allocation
07-03 07:19:26.289 17657 17659 D dalvikvm: GC_CONCURRENT freed 248K, 10% free 9649K/10631K, paused 1ms+1ms
07-03 07:19:26.293 17657 17657 I PhoneLab-UploadLogs: OnStartCommand
07-03 07:19:26.402 17657 18440 D dalvikvm: GC_FOR_ALLOC freed 383K, 10% free 9633K/10631K, paused 24ms
07-03 07:19:26.422 17657 18440 D dalvikvm: GC_FOR_ALLOC freed 301K, 10% free 9633K/10631K, paused 17ms
07-03 07:19:26.438 17657 18440 D dalvikvm: GC_FOR_ALLOC freed 301K, 10% free 9640K/10631K, paused 12ms
07-03 07:19:29.094 17657 17657 I PhoneLab-: 1341314248416.log is deleted
07-03 07:19:29.094 17657 17657 I PhoneLab-: Response: {"data": "done", "err": ""}
07-03 07:19:29.109 17657 17657 I PhoneLab-UploadLogs: No log files to transfer
07-03 07:19:29.109 17657 17657 I PhoneLab-Locks: wake lock released
07-03 07:20:00.375   145   177 I power   : *** set_screen_state 1
07-03 07:20:00.516   145   177 I WindowManager: Lock screen displayed!
07-03 07:20:00.574    78   121 D SurfaceFlinger: Screen about to return, flinger = 0x457918
07-03 07:20:02.258   345   345 D SAN_SERVICE: *******************************************
07-03 07:20:02.258   345   345 D SAN_SERVICE: DM App Phone Service State - 0
07-03 07:20:02.258   345   345 D SAN_SERVICE: *******************************************
07-03 07:20:02.367   145   173 I power   : *** set_screen_state 0
07-03 07:20:02.418    78   121 D SurfaceFlinger: About to give-up screen, flinger = 0x457918
07-03 07:20:02.520   345   345 D SAN_SERVICE: *******************************************
07-03 07:20:02.520   345   345 D SAN_SERVICE: DM App Phone Service State - 0
07-03 07:20:02.520   345   345 D SAN_SERVICE: *******************************************
07-03 07:20:02.567   145   177 V TransportControlView: Create TCV com.android.internal.widget.TransportControlView@416f24b0
07-03 07:20:15.078 16421 16594 D GetStringObjTask: retrieving from url = http://www.chess.com/api/get_move_status?id=y3ICtufzg6w7rQqcD3KFujVaIanpYba4bIpaeKElV1LNz3Sz4Fk9Yh5CeWaj8h4bQ2RY0CxFVgA%2ByBE5DE%2B1cAuw4i%2Bp2GVj5RbuDPEUotReGbS25iAukuBsuUd%2Fl5dp
07-03 07:20:15.410   306   306 I wpa_supplicant: wlan0: CTRL-EVENT-DISCONNECTED bssid=94:44:52:17:be:7d reason=0
07-03 07:20:15.434 20701 20718 D CommandListener: Clearing all IP addresses on wlan0
07-03 07:20:15.457   145   202 D ConnectivityService: ConnectivityChange for WIFI: DISCONNECTED/DISCONNECTED
07-03 07:20:15.485   145   202 D ConnectivityService: Attempting to switch to mobile
07-03 07:20:15.567   145   202 D ConnectivityService: Attempting to switch to WIMAX
07-03 07:20:15.567   145   202 D ConnectivityService: Attempting to switch to BLUETOOTH_TETHER
07-03 07:20:15.570   145   202 E ConnectivityService: Exception trying to remove a route: java.lang.IllegalStateException: Unable to communicate with native dameon to add routes - com.android.server.NativeDaemonConnectorException: Cmd {interface route remove wlan0 default 192.168.0.1 32 0.0.0.0} failed with code 400 : {Failed to remove route from default table (No such process)}
07-03 07:20:15.578   145   202 E ConnectivityService: Exception trying to remove a route: java.lang.IllegalStateException: Unable to communicate with native dameon to add routes - com.android.server.NativeDaemonConnectorException: Cmd {interface route remove wlan0 default 0.0.0.0 0 192.168.0.1} failed with code 400 : {Failed to remove route from default table (No such process)}
07-03 07:20:15.578   145   202 D ConnectivityService: resetConnections(wlan0, 3)
07-03 07:20:15.586   145   202 D NetUtils: android_net_utils_resetConnections in env=0x9a76d8 clazz=0x91e00001 iface=wlan0 mask=0x3
07-03 07:20:15.633   345   347 D dalvikvm: GC_CONCURRENT freed 905K, 14% free 11986K/13895K, paused 3ms+4ms
07-03 07:20:15.660   145   202 D ConnectivityService: ConnectivityChange for WIMAX: DISCONNECTED/SCANNING
07-03 07:20:15.672   145   202 D ConnectivityService: Attempting to switch to mobile
07-03 07:20:15.672   145   202 D ConnectivityService: Attempting to switch to WIFI
07-03 07:20:15.672   145   202 D ConnectivityService: Attempting to switch to BLUETOOTH_TETHER
07-03 07:20:15.738 19717 15062 W Smack/Packet: notify conn break (IOEx), close connection
07-03 07:20:15.778   145   147 D dalvikvm: GC_CONCURRENT freed 1845K, 27% free 17892K/24455K, paused 22ms+10ms
07-03 07:20:15.922 16421 16594 E GetStringObjTask: I/O error while retrieving data from http://www.chess.com/api/get_move_status?id=y3ICtufzg6w7rQqcD3KFujVaIanpYba4bIpaeKElV1LNz3Sz4Fk9Yh5CeWaj8h4bQ2RY0CxFVgA%2ByBE5DE%2B1cAuw4i%2Bp2GVj5RbuDPEUotReGbS25iAukuBsuUd%2Fl5dp
07-03 07:20:15.922 16421 16594 E GetStringObjTask: org.apache.http.conn.ConnectTimeoutException: Connect to /65.121.209.67:80 timed out
07-03 07:20:15.922 16421 16594 E GetStringObjTask: 	at org.apache.http.conn.scheme.PlainSocketFactory.connectSocket(PlainSocketFactory.java:121)
07-03 07:20:15.922 16421 16594 E GetStringObjTask: 	at org.apache.http.impl.conn.DefaultClientConnectionOperator.openConnection(DefaultClientConnectionOperator.java:144)
07-03 07:20:15.922 16421 16594 E GetStringObjTask: 	at org.apache.http.impl.conn.AbstractPoolEntry.open(AbstractPoolEntry.java:164)
07-03 07:20:15.922 16421 16594 E GetStringObjTask: 	at org.apache.http.impl.conn.AbstractPooledConnAdapter.open(AbstractPooledConnAdapter.java:119)
07-03 07:20:15.922 16421 16594 E GetStringObjTask: 	at org.apache.http.impl.client.DefaultRequestDirector.execute(DefaultRequestDirector.java:360)
07-03 07:20:15.922 16421 16594 E GetStringObjTask: 	at org.apache.http.impl.client.AbstractHttpClient.execute(AbstractHttpClient.java:555)
07-03 07:20:15.922 16421 16594 E GetStringObjTask: 	at org.apache.http.impl.client.AbstractHttpClient.execute(AbstractHttpClient.java:487)
07-03 07:20:15.922 16421 16594 E GetStringObjTask: 	at org.apache.http.impl.client.AbstractHttpClient.execute(AbstractHttpClient.java:465)
07-03 07:20:15.922 16421 16594 E GetStringObjTask: 	at com.chess.backend.tasks.GetStringObjTask.getData(GetStringObjTask.java:52)
07-03 07:20:15.922 16421 16594 E GetStringObjTask: 	at com.chess.backend.tasks.GetStringObjTask.doTheTask(GetStringObjTask.java:34)
07-03 07:20:15.922 16421 16594 E GetStringObjTask: 	at com.chess.backend.tasks.GetStringObjTask.doTheTask(GetStringObjTask.java:21)
07-03 07:20:15.922 16421 16594 E GetStringObjTask: 	at com.chess.backend.tasks.AbstractUpdateTask.doInBackground(AbstractUpdateTask.java:34)
07-03 07:20:15.922 16421 16594 E GetStringObjTask: 	at com.chess.backend.tasks.AbstractUpdateTask.doInBackground(AbstractUpdateTask.java:10)
07-03 07:20:15.922 16421 16594 E GetStringObjTask: 	at android.os.AsyncTask$2.call(AsyncTask.java:264)
07-03 07:20:15.922 16421 16594 E GetStringObjTask: 	at java.util.concurrent.FutureTask$Sync.innerRun(FutureTask.java:305)
07-03 07:20:15.922 16421 16594 E GetStringObjTask: 	at java.util.concurrent.FutureTask.run(FutureTask.java:137)
07-03 07:20:15.922 16421 16594 E GetStringObjTask: 	at android.os.AsyncTask$SerialExecutor$1.run(AsyncTask.java:208)
07-03 07:20:15.922 16421 16594 E GetStringObjTask: 	at java.util.concurrent.ThreadPoolExecutor.runWorker(ThreadPoolExecutor.java:1076)
07-03 07:20:15.922 16421 16594 E GetStringObjTask: 	at java.util.concurrent.ThreadPoolExecutor$Worker.run(ThreadPoolExecutor.java:569)
07-03 07:20:15.922 16421 16594 E GetStringObjTask: 	at java.lang.Thread.run(Thread.java:856)
07-03 07:20:15.930 19717 15062 I qtaguid : Failed write_ctrl(u 62) res=-1 errno=22
07-03 07:20:15.930 19717 15062 I qtaguid : Untagging socket 62 failed errno=-22
07-03 07:20:15.930 19717 15062 W NetworkManagementSocketTagger: untagSocket(62) failed with errno -22
07-03 07:20:15.969   145   202 D ConnectivityService: handleInetConditionChange: no active default network - ignore
07-03 07:20:16.488   345   345 D SAN_SERVICE: *******************************************
07-03 07:20:16.488   345   345 D SAN_SERVICE: DM App Phone Service State - 0
07-03 07:20:16.488   345   345 D SAN_SERVICE: *******************************************
07-03 07:20:16.723   345   345 D SAN_SERVICE: *******************************************
07-03 07:20:16.723   345   345 D SAN_SERVICE: DM App Phone Service State - 0
07-03 07:20:16.723   345   345 D SAN_SERVICE: *******************************************
07-03 07:20:16.738 10148 10851 D dalvikvm: GC_EXPLICIT freed 282K, 7% free 9653K/10375K, paused 1ms+2ms
07-03 07:20:17.192   345   345 D SAN_SERVICE: *******************************************
07-03 07:20:17.192   345   345 D SAN_SERVICE: DM App Phone Service State - 0
07-03 07:20:17.192   345   345 D SAN_SERVICE: *******************************************
07-03 07:20:17.824 15416 18443 I DatabaseHelper: Begin cleanup.
07-03 07:20:17.852 15416 18443 I DatabaseHelper: Cleaned up: 0
07-03 07:20:18.727   145   206 D Tethering: MasterInitialState.processMessage what=3
07-03 07:20:18.758   145   206 D Tethering: MasterInitialState.processMessage what=3
07-03 07:20:18.914   145  4009 I ActivityManager: Start proc com.google.android.apps.uploader for broadcast com.google.android.apps.uploader/.ConnectivityBroadcastReceiver: pid=18452 uid=10030 gids={3003}
07-03 07:20:18.938 18452 18452 I dalvikvm: Turning on JNI app bug workarounds for target SDK version 11...
07-03 07:20:19.055 18452 18452 I ActivityThread: Pub com.google.android.apps.uploader: com.google.android.apps.uploader.UploadsContentProvider
07-03 07:20:19.059 18452 18452 I ActivityThread: Pub com.google.photos.provider.Album: com.google.android.apps.uploader.clients.picasa.AlbumProvider
07-03 07:20:19.070 18452 18452 D MediaUploader: UploaderApplication.onCreate
07-03 07:20:19.262 18452 18452 D MediaUploader: nonWifiLimit=20971520, default=20971520
07-03 07:20:19.262 18452 18452 I MediaUploader: No need to wake up
07-03 07:20:19.270 17657 17657 I PhoneLab-WiFiReceiver: Wi-Fi is disconnected!
07-03 07:20:19.422   145  4009 I ActivityManager: Start proc com.google.android.youtube for broadcast com.google.android.youtube/.app.prefetch.PrefetchService$DeviceStateReceiver: pid=18469 uid=10057 gids={3003, 1015, 1006}
07-03 07:20:19.465    79    79 D dalvikvm: GC_EXPLICIT freed 38K, 4% free 9031K/9347K, paused 16ms+2ms
07-03 07:20:19.504    79    79 D dalvikvm: GC_EXPLICIT freed <1K, 4% free 9031K/9347K, paused 2ms+2ms
07-03 07:20:19.528    79    79 D dalvikvm: GC_EXPLICIT freed <1K, 4% free 9031K/9347K, paused 2ms+3ms
07-03 07:20:19.680 18469 18471 D dalvikvm: GC_CONCURRENT freed 176K, 3% free 9360K/9607K, paused 4ms+2ms
07-03 07:20:19.766 18469 18469 I ActivityThread: Pub com.google.android.youtube.SuggestionProvider: com.google.android.youtube.core.suggest.SuggestionProvider
07-03 07:20:20.000 19717 26338 D dalvikvm: GC_EXPLICIT freed 553K, 8% free 10888K/11719K, paused 3ms+6ms
07-03 07:20:20.207   145   396 D dalvikvm: GC_EXPLICIT freed 744K, 28% free 17724K/24455K, paused 4ms+7ms
07-03 07:20:20.485 18469 18471 D dalvikvm: GC_CONCURRENT freed 334K, 4% free 9663K/9991K, paused 26ms+2ms
07-03 07:20:20.485 18469 18478 W CursorWrapperInner: Cursor finalized without prior close()
07-03 07:20:20.485 18469 18478 W CursorWrapperInner: Cursor finalized without prior close()
07-03 07:20:20.578 18469 18471 D dalvikvm: GC_CONCURRENT freed 405K, 5% free 9770K/10247K, paused 2ms+2ms
07-03 07:20:20.676 18469 18471 D dalvikvm: GC_CONCURRENT freed 348K, 5% free 9955K/10375K, paused 2ms+2ms
07-03 07:20:20.770 18469 18471 D dalvikvm: GC_CONCURRENT freed 437K, 5% free 10059K/10567K, paused 2ms+3ms
07-03 07:20:20.887 18469 18471 D dalvikvm: GC_CONCURRENT freed 354K, 5% free 10229K/10695K, paused 1ms+2ms
07-03 07:20:21.004   145  1150 I ActivityManager: Start proc com.google.android.apps.docs for broadcast com.google.android.apps.docs/.receivers.NetworkChangeReceiver: pid=18510 uid=10077 gids={3003, 1015, 1006}
07-03 07:20:21.082   145   395 I ActivityManager: Process com.google.android.apps.plus (pid 17281) has died.
07-03 07:20:21.363  1401  1413 I GLSUser : GLS error: NetworkError
07-03 07:20:21.367 18469 18524 E ApiaryPlusOneApi: Error fetching auth token: 
07-03 07:20:21.367 18469 18524 E ApiaryPlusOneApi: java.io.IOException
07-03 07:20:21.367 18469 18524 E ApiaryPlusOneApi: 	at android.accounts.AccountManager.convertErrorToException(AccountManager.java:1548)
07-03 07:20:21.367 18469 18524 E ApiaryPlusOneApi: 	at android.accounts.AccountManager.access$400(AccountManager.java:140)
07-03 07:20:21.367 18469 18524 E ApiaryPlusOneApi: 	at android.accounts.AccountManager$AmsTask$Response.onError(AccountManager.java:1409)
07-03 07:20:21.367 18469 18524 E ApiaryPlusOneApi: 	at android.accounts.IAccountManagerResponse$Stub.onTransact(IAccountManagerResponse.java:69)
07-03 07:20:21.367 18469 18524 E ApiaryPlusOneApi: 	at android.os.Binder.execTransact(Binder.java:338)
07-03 07:20:21.367 18469 18524 E ApiaryPlusOneApi: 	at dalvik.system.NativeStart.run(Native Method)
07-03 07:20:21.399 18510 18510 I PackageInfoHelper: Provided clientMode=RELEASE, packageInfo=PackageInfo{4137b6f0 com.google.android.apps.docs}
07-03 07:20:21.399 18510 18510 I ActivityThread: Pub com.google.android.apps.docs.files: com.google.android.apps.docs.sync.filemanager.FileProvider
07-03 07:20:21.403 18510 18510 I ActivityThread: Pub com.google.android.apps.docs.doclist.search_suggest: com.google.android.apps.docs.doclist.DocListGlobalSearchSuggestionProvider
07-03 07:20:21.574 18510 18512 D dalvikvm: GC_CONCURRENT freed 220K, 4% free 9315K/9607K, paused 5ms+2ms
07-03 07:20:21.660 18510 18512 D dalvikvm: GC_CONCURRENT freed 467K, 6% free 9387K/9927K, paused 1ms+2ms
07-03 07:20:21.738 18510 18512 D dalvikvm: GC_CONCURRENT freed 495K, 6% free 9422K/9991K, paused 2ms+2ms
07-03 07:20:21.820 18510 18512 D dalvikvm: GC_CONCURRENT freed 540K, 7% free 9438K/10055K, paused 2ms+2ms
07-03 07:20:21.895 18510 18512 D dalvikvm: GC_CONCURRENT freed 485K, 6% free 9465K/10055K, paused 2ms+2ms
07-03 07:20:21.977 18510 18512 D dalvikvm: GC_CONCURRENT freed 472K, 6% free 9505K/10055K, paused 1ms+2ms
07-03 07:20:22.098 18469 18471 D dalvikvm: GC_CONCURRENT freed 351K, 5% free 10337K/10823K, paused 2ms+2ms
07-03 07:20:22.098 18469 18524 E PlusOneController: Error loading opted-in: Unable to resolve host "www.googleapis.com": No address associated with hostname
07-03 07:20:22.113 18510 18512 D dalvikvm: GC_CONCURRENT freed 373K, 5% free 9639K/10119K, paused 2ms+2ms
07-03 07:20:22.215 18510 18510 D ContextScopeImpl: in ContextScope.getContextOrDefault for thread=1
07-03 07:20:22.215 18510 18510 D ContextScopeImpl: returning application context for thread=1
07-03 07:20:22.231 18510 18512 D dalvikvm: GC_CONCURRENT freed 394K, 5% free 9762K/10247K, paused 2ms+5ms
07-03 07:20:22.231 18510 18510 I FeatureCheckerImpl: Configured disabled features: []
07-03 07:20:22.231 18510 18510 D ContextScopeImpl: in ContextScope.getContextOrDefault for thread=1
07-03 07:20:22.231 18510 18510 D ContextScopeImpl: returning application context for thread=1
07-03 07:20:22.246 18510 18510 D ContextScopeImpl: in ContextScope.enter for thread=1
07-03 07:20:22.246 18510 18510 W ContextScopeImpl: thread=1 tried to enter the scope of the application context. Ignored.
07-03 07:20:22.246 18510 18510 D ContextScopeImpl: in ContextScope.getContextOrDefault for thread=1
07-03 07:20:22.246 18510 18510 D ContextScopeImpl: returning application context for thread=1
07-03 07:20:22.250 18510 18510 D DocListDatabase: openHelper points on new database: DocList.db
07-03 07:20:22.250 18510 18510 D DocListDatabase: in openWriteDatabase
07-03 07:20:22.258 18510 18510 I ActivityThread: Pub com.google.android.apps.docs.doclist.account_suggest: com.google.android.apps.docs.doclist.DocListAccountSuggestionProvider
07-03 07:20:22.262 18510 18510 D ContextScopeImpl: in ContextScope.enter for thread=1
07-03 07:20:22.262 18510 18510 W ContextScopeImpl: thread=1 tried to enter the scope of the application context. Ignored.
07-03 07:20:22.262 18510 18510 I ActivityThread: Pub com.google.android.apps.docs: com.google.android.apps.docs.providers.DocListProvider
07-03 07:20:22.262 18510 18510 D ContextScopeImpl: in ContextScope.enter for thread=1
07-03 07:20:22.262 18510 18510 W ContextScopeImpl: thread=1 tried to enter the scope of the application context. Ignored.
07-03 07:20:22.266 18510 18510 W ContextScopeImpl: thread=1 tried to enter the scope of the application context. Ignored.
07-03 07:20:22.274 18510 18527 W ContextScopeImpl: thread=9615 tried to enter the scope of the application context. Ignored.
07-03 07:20:22.305   145  4009 I ActivityManager: Start proc com.google.android.apps.plus for broadcast com.google.android.apps.plus/com.google.android.picasasync.ConnectivityReceiver: pid=18529 uid=10060 gids={3003, 3002, 1015, 1006}
07-03 07:20:22.606 18529 18531 D dalvikvm: GC_CONCURRENT freed 150K, 3% free 9386K/9607K, paused 3ms+2ms
07-03 07:20:22.770 18529 18529 I ActivityThread: Pub com.google.android.apps.plus.content.ApiProvider: com.google.android.apps.plus.content.EsApiProvider
07-03 07:20:22.809 18529 18529 I ActivityThread: Pub com.google.android.apps.plus.content.EsGooglePhotoProvider: com.google.android.picasasync.PicasaContentProvider
07-03 07:20:22.965 18529 18531 D dalvikvm: GC_CONCURRENT freed 324K, 5% free 9580K/9991K, paused 1ms+2ms
07-03 07:20:22.996 18529 18529 I ActivityThread: Pub com.google.android.apps.plus.content.EsPicasaStoreProvider: com.google.android.picasastore.PicasaPhotoContentProvider
07-03 07:20:23.035 18529 18529 I ActivityThread: Pub com.google.plus.platform: com.google.android.apps.plus.content.AdsProvider
07-03 07:20:23.035 18529 18529 I ActivityThread: Pub com.google.android.apps.plus.iu.EsGoogleIuProvider: com.google.android.apps.plus.iu.InstantUploadProvider
07-03 07:20:23.203 18529 18531 D dalvikvm: GC_CONCURRENT freed 501K, 6% free 9608K/10183K, paused 9ms+3ms
07-03 07:20:23.211 18529 18529 I ActivityThread: Pub com.google.android.apps.plus.content.EsProvider: com.google.android.apps.plus.content.EsProvider
07-03 07:20:23.246 18529 18543 D PicasaPhotoCP: set fsid first time:-1
07-03 07:20:23.332   145 28236 I ActivityManager: Process com.google.android.apps.maps:FriendService (pid 16843) has died.
07-03 07:20:23.430 18452 18452 I MediaUploader: No need to wake up
07-03 07:20:23.621 18529 18531 D dalvikvm: GC_CONCURRENT freed 327K, 4% free 9845K/10247K, paused 31ms+3ms
07-03 07:20:23.738 18529 18547 D PicasaSync: sync account database
07-03 07:20:23.945 18529 18547 D PicasaSync: accounts in DB=1
07-03 07:20:23.953 18529 18547 D PicasaSyncManager: active network: null
07-03 07:20:23.953 18529 18547 D PicasaSyncManager: background data: true
07-03 07:20:23.988 18529 18547 D PicasaSyncManager: battery info: false
07-03 07:20:24.094 18529 18531 D dalvikvm: GC_CONCURRENT freed 190K, 3% free 10089K/10375K, paused 2ms+2ms
07-03 07:20:24.227 18529 18531 D dalvikvm: GC_CONCURRENT freed 145K, 3% free 10380K/10631K, paused 2ms+9ms
07-03 07:20:24.285 18529 18544 D dalvikvm: GC_FOR_ALLOC freed 291K, 5% free 10484K/10951K, paused 19ms
07-03 07:20:24.285 18529 18544 I dalvikvm-heap: Grow heap (frag case) to 10.555MB for 260112-byte allocation
07-03 07:20:24.313 18529 18544 D dalvikvm: GC_FOR_ALLOC freed 126K, 6% free 10612K/11207K, paused 24ms
07-03 07:20:24.340 18529 18544 D dalvikvm: GC_FOR_ALLOC freed 311K, 6% free 10605K/11207K, paused 18ms
07-03 07:20:24.360 18529 18544 D dalvikvm: GC_FOR_ALLOC freed 62K, 5% free 10669K/11207K, paused 18ms
07-03 07:20:24.360 18529 18544 I dalvikvm-heap: Grow heap (frag case) to 10.736MB for 260112-byte allocation
07-03 07:20:24.379 18529 18544 D dalvikvm: GC_FOR_ALLOC freed 126K, 6% free 10797K/11463K, paused 18ms
07-03 07:20:24.406 18529 18544 D dalvikvm: GC_FOR_ALLOC freed 307K, 6% free 10788K/11463K, paused 18ms
07-03 07:20:24.426 18529 18544 D dalvikvm: GC_FOR_ALLOC freed 62K, 6% free 10852K/11463K, paused 19ms
07-03 07:20:24.426 18529 18544 I dalvikvm-heap: Grow heap (frag case) to 10.915MB for 260112-byte allocation
07-03 07:20:24.445 18529 18544 D dalvikvm: GC_FOR_ALLOC freed 126K, 7% free 10980K/11719K, paused 18ms
07-03 07:20:24.574 18529 18531 D dalvikvm: GC_CONCURRENT freed 336K, 5% free 11201K/11719K, paused 2ms+2ms
07-03 07:20:24.719 18529 18531 D dalvikvm: GC_CONCURRENT freed 141K, 3% free 11730K/11975K, paused 2ms+2ms
07-03 07:20:24.973 18529 18531 D dalvikvm: GC_CONCURRENT freed 545K, 6% free 12021K/12679K, paused 3ms+5ms
07-03 07:20:25.172 18529 18531 D dalvikvm: GC_CONCURRENT freed 210K, 3% free 12749K/13063K, paused 2ms+2ms
07-03 07:20:25.274   145   202 D ConnectivityService: ConnectivityChange for mobile: CONNECTED/CONNECTED
07-03 07:20:25.367   145   198 D NetworkPolicy: applying policy NetworkPolicy[NetworkTemplate: matchRule=MOBILE_ALL, subscriberId=valid]: cycleDay=20, warningBytes=2147483648, limitBytes=-1, lastSnooze=-1 to ifaces [rmnet0]
07-03 07:20:25.738   145   396 I ActivityManager: Process android.process.acore (pid 10148) has died.
07-03 07:20:25.742   145   156 D CountryDetector: No listener is left
07-03 07:20:26.278   145   202 D ConnectivityService: NetTransition Wakelock for WifiStateMachine released by timeout
07-03 07:20:37.199   345   345 D SAN_SERVICE: *******************************************
07-03 07:20:37.199   345   345 D SAN_SERVICE: DM App Phone Service State - 0
07-03 07:20:37.199   345   345 D SAN_SERVICE: *******************************************
07-03 07:20:37.727   145   206 D Tethering: MasterInitialState.processMessage what=3
07-03 07:20:37.762 19717 19717 I GTalkService/c: [AndroidEndpoint@1094222040] connect: acct=1000000, state=CONNECTING
07-03 07:20:37.766 19717 19717 I GTalkService/c: [GTalkConnection@1094322432] connect: acct=1, state=CONNECTING
07-03 07:20:37.809 18452 18452 I MediaUploader: No need to wake up
07-03 07:20:37.906   345   345 D SAN_SERVICE: *******************************************
07-03 07:20:37.906   345   345 D SAN_SERVICE: DM App Phone Service State - 0
07-03 07:20:37.906   345   345 D SAN_SERVICE: *******************************************
07-03 07:20:38.074 18510 18510 W ContextScopeImpl: thread=1 tried to enter the scope of the application context. Ignored.
07-03 07:20:38.156 18529 18547 D PicasaSyncManager: active network: NetworkInfo: type: mobile[CDMA - EvDo rev. A], state: CONNECTED/CONNECTED, reason: (unspecified), extra: , roaming: false, failover: true, isAvailable: true
07-03 07:20:38.156 18529 18547 D PicasaSyncManager: background data: true
07-03 07:20:40.559 17657 17670 I PhoneLab-: Service Running
07-03 07:20:40.680 17657 17659 D dalvikvm: GC_CONCURRENT freed 865K, 14% free 9159K/10631K, paused 7ms+1ms
07-03 07:20:40.680 17657 17670 I PhoneLab-LoggerService: app_37    1360  1     1436   992   c00f181c 400107b4 S logcat
07-03 07:20:40.750 17657 17670 I PhoneLab-LoggerService: Logcat pid from database 1360
07-03 07:20:40.750 17657 17670 I PhoneLab-LoggerService: Logcat process found 1360
07-03 07:20:40.750 17657 17670 I PhoneLab-LoggerService: Checking Threshold
07-03 07:20:40.992   145   395 I ActivityManager: Start proc android.process.acore for content provider com.android.providers.contacts/.ContactsProvider2: pid=18574 uid=10000 gids={3003, 1015}
07-03 07:20:41.074 18574 18574 I ActivityThread: Pub call_log: com.android.providers.contacts.CallLogProvider
07-03 07:20:41.125 18574 18574 I ActivityThread: Pub com.android.voicemail: com.android.providers.contacts.VoicemailContentProvider
07-03 07:20:41.137 18574 18574 I ActivityThread: Pub user_dictionary: com.android.providers.userdictionary.UserDictionaryProvider
07-03 07:20:41.211 18574 18574 I ActivityThread: Pub com.android.social: com.android.providers.contacts.SocialProvider
07-03 07:20:41.215 18574 18574 I ActivityThread: Pub applications: com.android.providers.applications.ApplicationsProvider
07-03 07:20:41.379 18574 18575 D dalvikvm: GC_CONCURRENT freed 322K, 5% free 9150K/9607K, paused 3ms+1ms
07-03 07:20:41.379 18574 18574 I ActivityThread: Pub contacts;com.android.contacts: com.android.providers.contacts.ContactsProvider2
07-03 07:20:41.457   145   202 D ConnectivityService: handleInetConditionHoldEnd: net=0, condition=100, published condition=0
07-03 07:20:41.957 18574 18575 D dalvikvm: GC_CONCURRENT freed 193K, 4% free 9343K/9671K, paused 3ms+4ms
07-03 07:20:42.625 18574 18575 D dalvikvm: GC_CONCURRENT freed 182K, 4% free 9546K/9863K, paused 2ms+2ms
07-03 07:20:44.090 19717 19720 D dalvikvm: GC_CONCURRENT freed 553K, 8% free 10833K/11719K, paused 66ms+3ms
07-03 07:20:44.449   145   162 I ActivityManager: Start proc com.google.android.talk for broadcast com.google.android.talk/.ConnectionStateOnlineReceiver: pid=18590 uid=10045 gids={3003, 1015, 1006, 3002}
07-03 07:20:44.789 18590 18590 I ActivityThread: Pub com.google.android.talk.SuggestionProvider: com.google.android.talk.SuggestionsProvider
07-03 07:20:44.957 18590 18590 D vclib:CallStateClient: startListening
07-03 07:20:45.035 18590 18592 D dalvikvm: GC_CONCURRENT freed 162K, 3% free 9352K/9607K, paused 20ms+2ms
07-03 07:20:45.531   145  4009 D dalvikvm: GC_EXPLICIT freed 1691K, 28% free 17674K/24455K, paused 6ms+8ms
07-03 07:21:17.301 17606 17609 D dalvikvm: GC_CONCURRENT freed 416K, 12% free 10408K/11719K, paused 20ms+8ms
07-03 07:21:17.496  8272  8274 D dalvikvm: GC_CONCURRENT freed 434K, 8% free 10273K/11143K, paused 7ms+14ms
07-03 07:21:18.020   216   218 D dalvikvm: GC_CONCURRENT freed 200K, 31% free 10005K/14343K, paused 1ms+7ms
07-03 07:21:18.094   216   218 D dalvikvm: GC_CONCURRENT freed 493K, 31% free 10009K/14343K, paused 2ms+3ms
07-03 07:21:18.113  8272  8274 D dalvikvm: GC_CONCURRENT freed 429K, 8% free 10299K/11143K, paused 1ms+20ms
07-03 07:22:17.801 17606 17626 I y       : Not returning location for the following outliers: [164864630225]
07-03 07:22:18.000 17606 17609 D dalvikvm: GC_CONCURRENT freed 530K, 12% free 10372K/11719K, paused 2ms+8ms
07-03 07:22:18.063  8272  8274 D dalvikvm: GC_CONCURRENT freed 472K, 8% free 10338K/11143K, paused 4ms+4ms
07-03 07:22:20.137 17606 17609 D dalvikvm: GC_CONCURRENT freed 285K, 11% free 10476K/11719K, paused 16ms+7ms
07-03 07:23:18.184 17606 17609 D dalvikvm: GC_CONCURRENT freed 378K, 11% free 10485K/11719K, paused 2ms+2ms
07-03 07:23:18.313  8272  8274 D dalvikvm: GC_CONCURRENT freed 435K, 8% free 10292K/11143K, paused 10ms+5ms
07-03 07:24:17.426   216   218 D dalvikvm: GC_CONCURRENT freed 474K, 31% free 9925K/14343K, paused 2ms+3ms
07-03 07:25:15.098 16421 16649 D GetStringObjTask: retrieving from url = http://www.chess.com/api/get_move_status?id=y3ICtufzg6w7rQqcD3KFujVaIanpYba4bIpaeKElV1LNz3Sz4Fk9Yh5CeWaj8h4bQ2RY0CxFVgA%2ByBE5DE%2B1cAuw4i%2Bp2GVj5RbuDPEUotReGbS25iAukuBsuUd%2Fl5dp
07-03 07:25:15.121   145   395 I ActivityManager: Process com.twitter.android (pid 15416) has died.
07-03 07:25:16.110 16421 16649 D GetStringObjTask: WebRequest SERVER RESPONSE: Success+0
07-03 07:25:17.594 17606 17609 D dalvikvm: GC_CONCURRENT freed 497K, 11% free 10500K/11719K, paused 2ms+2ms
07-03 07:25:17.699  8272  8274 D dalvikvm: GC_CONCURRENT freed 483K, 8% free 10320K/11143K, paused 2ms+4ms
07-03 07:25:17.918   145   175 I ActivityManager: Start proc com.twitter.android for service com.twitter.android/.client.AppService: pid=18635 uid=10064 gids={3003, 1015}
07-03 07:25:17.953 18635 18635 I dalvikvm: Turning on JNI app bug workarounds for target SDK version 11...
07-03 07:25:18.074 18635 18635 I ActivityThread: Pub com.twitter.android.provider.GlobalDatabaseProvider: com.twitter.android.provider.GlobalDatabaseProvider
07-03 07:25:18.078 18635 18635 I ActivityThread: Pub com.twitter.android.provider.TwitterProvider: com.twitter.android.provider.TwitterProvider
07-03 07:25:18.141 18635 18638 D dalvikvm: GC_CONCURRENT freed 180K, 3% free 9290K/9543K, paused 7ms+2ms
07-03 07:25:18.379 18635 18638 D dalvikvm: GC_CONCURRENT freed 224K, 4% free 9508K/9863K, paused 2ms+2ms
07-03 07:25:18.500 18635 18638 D dalvikvm: GC_CONCURRENT freed 293K, 5% free 9633K/10055K, paused 2ms+2ms
07-03 07:25:18.563   345   345 D SAN_SERVICE: *******************************************
07-03 07:25:18.563   345   345 D SAN_SERVICE: DM App Phone Service State - 0
07-03 07:25:18.563   345   345 D SAN_SERVICE: *******************************************
07-03 07:25:18.645 18635 18638 D dalvikvm: GC_CONCURRENT freed 302K, 5% free 9762K/10183K, paused 2ms+2ms
07-03 07:25:18.762 18635 18638 D dalvikvm: GC_CONCURRENT freed 300K, 5% free 9891K/10311K, paused 1ms+2ms
07-03 07:25:18.875 18635 18638 D dalvikvm: GC_CONCURRENT freed 303K, 5% free 10019K/10439K, paused 2ms+2ms
07-03 07:25:18.988 18635 18638 D dalvikvm: GC_CONCURRENT freed 304K, 4% free 10154K/10567K, paused 1ms+2ms
07-03 07:25:19.047   345   345 D SAN_SERVICE: *******************************************
07-03 07:25:19.047   345   345 D SAN_SERVICE: DM App Phone Service State - 0
07-03 07:25:19.047   345   345 D SAN_SERVICE: *******************************************
07-03 07:25:19.117 18635 18638 D dalvikvm: GC_CONCURRENT freed 301K, 4% free 10280K/10695K, paused 2ms+1ms
07-03 07:25:19.289 18635 18638 D dalvikvm: GC_CONCURRENT freed 477K, 6% free 10222K/10823K, paused 2ms+1ms
07-03 07:25:19.418 18635 18638 D dalvikvm: GC_CONCURRENT freed 335K, 5% free 10300K/10823K, paused 1ms+2ms
07-03 07:25:19.559 18635 18638 D dalvikvm: GC_CONCURRENT freed 320K, 5% free 10388K/10823K, paused 2ms+2ms
07-03 07:25:19.688 18635 18638 D dalvikvm: GC_CONCURRENT freed 366K, 5% free 10476K/10951K, paused 2ms+2ms
07-03 07:25:19.813 18635 18638 D dalvikvm: GC_CONCURRENT freed 350K, 5% free 10559K/11015K, paused 2ms+2ms
07-03 07:25:19.926 18635 18638 D dalvikvm: GC_CONCURRENT freed 334K, 4% free 10641K/11079K, paused 1ms+2ms
07-03 07:25:20.047 18635 18638 D dalvikvm: GC_CONCURRENT freed 370K, 5% free 10728K/11207K, paused 1ms+3ms
07-03 07:25:20.180 18635 18638 D dalvikvm: GC_CONCURRENT freed 407K, 5% free 10824K/11335K, paused 1ms+2ms
07-03 07:25:21.254 18635 18638 D dalvikvm: GC_CONCURRENT freed 341K, 4% free 11006K/11463K, paused 2ms+2ms
07-03 07:25:22.043 17657 17670 I PhoneLab-: Service Running
07-03 07:25:22.149 17657 17670 I PhoneLab-LoggerService: app_37    1360  1     1436   992   c00f181c 400107b4 S logcat
07-03 07:25:22.149 17657 17670 I PhoneLab-LoggerService: Logcat pid from database 1360
07-03 07:25:22.149 17657 17670 I PhoneLab-LoggerService: Logcat process found 1360
07-03 07:25:22.149 17657 17670 I PhoneLab-LoggerService: Checking Threshold
07-03 07:25:22.149 17657 17670 I PhoneLab-: Service Running
07-03 07:25:22.180 17657 17670 I PhoneLab-LoggerService: app_37    1360  1     1436   992   c00f181c 400107b4 S logcat
07-03 07:25:22.184 17657 17670 I PhoneLab-LoggerService: Logcat pid from database 1360
07-03 07:25:22.184 17657 17670 I PhoneLab-LoggerService: Logcat process found 1360
07-03 07:25:22.184 17657 17670 I PhoneLab-LoggerService: Checking Threshold
07-03 07:25:23.356   145  1149 I ActivityManager: Process com.spotify.mobile.android.service (pid 17980) has died.
07-03 07:25:23.356   145  1149 W ActivityManager: Scheduling restart of crashed service com.spotify.mobile.android.ui/com.spotify.mobile.android.service.SpotifyService in 5000ms
07-03 07:25:23.406 18635 18638 D dalvikvm: GC_CONCURRENT freed 419K, 5% free 11225K/11719K, paused 4ms+6ms
07-03 07:25:23.860   345   345 D SAN_SERVICE: *******************************************
07-03 07:25:23.860   345   345 D SAN_SERVICE: DM App Phone Service State - 0
07-03 07:25:23.860   345   345 D SAN_SERVICE: *******************************************
07-03 07:25:24.078   345   345 D SAN_SERVICE: *******************************************
07-03 07:25:24.078   345   345 D SAN_SERVICE: DM App Phone Service State - 0
07-03 07:25:24.078   345   345 D SAN_SERVICE: *******************************************
07-03 07:25:56.988 17657 17670 I PhoneLab-: Service Running
07-03 07:25:57.051   145   162 I ActivityManager: Start proc com.spotify.mobile.android.service for service com.spotify.mobile.android.ui/com.spotify.mobile.android.service.SpotifyService: pid=18659 uid=10055 gids={3003, 1015}
07-03 07:25:57.106 17657 17670 I PhoneLab-LoggerService: app_37    1360  1     1436   992   c00f181c 400107b4 S logcat
07-03 07:25:57.106 17657 17670 I PhoneLab-LoggerService: Logcat pid from database 1360
07-03 07:25:57.106 17657 17670 I PhoneLab-LoggerService: Logcat process found 1360
07-03 07:25:57.106 17657 17670 I PhoneLab-LoggerService: Checking Threshold
07-03 07:25:57.129 18659 18659 D dalvikvm: Trying to load lib /data/data/com.spotify.mobile.android.ui/lib/liborbit-jni-spotify.so 0x4133f820
07-03 07:25:57.180 18659 18659 D dalvikvm: Added shared lib /data/data/com.spotify.mobile.android.ui/lib/liborbit-jni-spotify.so 0x4133f820
07-03 07:26:01.524   216   216 D dalvikvm: GC_FOR_ALLOC freed 563K, 33% free 9736K/14343K, paused 16ms
07-03 07:26:01.594   216   218 D dalvikvm: GC_CONCURRENT freed 289K, 31% free 9932K/14343K, paused 2ms+3ms
07-03 07:26:17.703  8272  8272 D dalvikvm: GC_EXPLICIT freed 254K, 8% free 10261K/11143K, paused 4ms+2ms
07-03 07:27:18.258 17606 17609 D dalvikvm: GC_CONCURRENT freed 519K, 11% free 10492K/11719K, paused 2ms+3ms
07-03 07:27:18.375  8272  8274 D dalvikvm: GC_CONCURRENT freed 453K, 8% free 10317K/11143K, paused 2ms+3ms
07-03 07:28:18.844   345   345 D SAN_SERVICE: *******************************************
07-03 07:28:18.844   345   345 D SAN_SERVICE: DM App Phone Service State - 0
07-03 07:28:18.844   345   345 D SAN_SERVICE: *******************************************
07-03 07:28:19.336   345   345 D SAN_SERVICE: *******************************************
07-03 07:28:19.336   345   345 D SAN_SERVICE: DM App Phone Service State - 0
07-03 07:28:19.340   345   345 D SAN_SERVICE: *******************************************
07-03 07:28:22.844   345   345 D SAN_SERVICE: *******************************************
07-03 07:28:22.844   345   345 D SAN_SERVICE: DM App Phone Service State - 0
07-03 07:28:22.844   345   345 D SAN_SERVICE: *******************************************
07-03 07:28:23.371   345   345 D SAN_SERVICE: *******************************************
07-03 07:28:23.371   345   345 D SAN_SERVICE: DM App Phone Service State - 0
07-03 07:28:23.371   345   345 D SAN_SERVICE: *******************************************
07-03 07:28:36.961   145   175 I ActivityManager: Start proc com.google.android.maps.mytracks for service com.google.android.maps.mytracks/com.google.android.apps.mytracks.services.RemoveTempFilesService: pid=18688 uid=10072 gids={3003, 3002, 3001, 1015}
07-03 07:28:37.024 18688 18688 I dalvikvm: Turning on JNI app bug workarounds for target SDK version 7...
07-03 07:28:37.207 18688 18688 I ActivityThread: Pub com.google.android.maps.mytracks.search: com.google.android.apps.mytracks.content.SearchEngineProvider
07-03 07:28:37.215 18688 18688 I ActivityThread: Pub com.google.android.maps.mytracks: com.google.android.apps.mytracks.content.MyTracksProvider
07-03 07:29:18.301   306   306 I wpa_supplicant: wlan0: Trying to associate with 00:1b:2a:ac:3e:01 (SSID='UB_Secure' freq=2462 MHz)
07-03 07:29:18.692   145   147 D dalvikvm: GC_CONCURRENT freed 1857K, 28% free 17737K/24455K, paused 47ms+8ms
07-03 07:29:19.180   345   345 D SAN_SERVICE: *******************************************
07-03 07:29:19.180   345   345 D SAN_SERVICE: DM App Phone Service State - 0
07-03 07:29:19.180   345   345 D SAN_SERVICE: *******************************************
07-03 07:29:21.266 17606 17609 D dalvikvm: GC_CONCURRENT freed 477K, 11% free 10527K/11719K, paused 2ms+3ms
07-03 07:29:21.391  8272  8274 D dalvikvm: GC_CONCURRENT freed 526K, 8% free 10302K/11143K, paused 2ms+9ms
07-03 07:30:15.047 16421 16724 D GetStringObjTask: retrieving from url = http://www.chess.com/api/get_move_status?id=y3ICtufzg6w7rQqcD3KFujVaIanpYba4bIpaeKElV1LNz3Sz4Fk9Yh5CeWaj8h4bQ2RY0CxFVgA%2ByBE5DE%2B1cAuw4i%2Bp2GVj5RbuDPEUotReGbS25iAukuBsuUd%2Fl5dp
07-03 07:30:15.422 16421 16724 D GetStringObjTask: WebRequest SERVER RESPONSE: Success+0
07-03 07:30:15.477   306   306 I wpa_supplicant: wlan0: Authentication with 00:1b:2a:ac:3e:01 timed out.
07-03 07:30:15.789   345   345 D SAN_SERVICE: *******************************************
07-03 07:30:15.789   345   345 D SAN_SERVICE: DM App Phone Service State - 0
07-03 07:30:15.789   345   345 D SAN_SERVICE: *******************************************
07-03 07:30:16.539   345   345 D SAN_SERVICE: *******************************************
07-03 07:30:16.539   345   345 D SAN_SERVICE: DM App Phone Service State - 0
07-03 07:30:16.543   345   345 D SAN_SERVICE: *******************************************
07-03 07:30:17.879   145  9966 D dalvikvm: GC_EXPLICIT freed 309K, 28% free 17614K/24455K, paused 7ms+7ms
07-03 07:30:18.098  8272  8274 D dalvikvm: GC_CONCURRENT freed 467K, 8% free 10345K/11143K, paused 2ms+2ms
07-03 07:31:18.074 17606 17609 D dalvikvm: GC_CONCURRENT freed 526K, 11% free 10512K/11719K, paused 3ms+2ms
07-03 07:31:18.156   145   396 I ActivityManager: Process android.process.media (pid 16510) has died.
07-03 07:31:18.418  8272  8274 D dalvikvm: GC_CONCURRENT freed 530K, 8% free 10289K/11143K, paused 10ms+8ms
07-03 07:31:18.508   306   306 I wpa_supplicant: wlan0: Trying to associate with 00:1c:0e:26:9c:91 (SSID='UB_Secure' freq=2462 MHz)
07-03 07:31:18.524   306   306 I wpa_supplicant: wlan0: Associated with 00:1c:0e:26:9c:91
07-03 07:31:18.527   306   306 I wpa_supplicant: wlan0: CTRL-EVENT-EAP-STARTED EAP authentication started
07-03 07:31:18.531   306   306 I wpa_supplicant: wlan0: CTRL-EVENT-EAP-PROPOSED-METHOD vendor=0 method=4 -> NAK
07-03 07:31:18.535   306   306 I wpa_supplicant: wlan0: CTRL-EVENT-EAP-PROPOSED-METHOD vendor=0 method=25
07-03 07:31:18.539   306   306 I wpa_supplicant: wlan0: CTRL-EVENT-EAP-METHOD EAP vendor 0 method 25 (PEAP) selected
07-03 07:31:18.570 20701 20715 D NetlinkEvent: Unexpected netlink message. type=0x0
07-03 07:31:18.613   306   306 I wpa_supplicant: wlan0: CTRL-EVENT-EAP-PEER-CERT depth=2 subject='/C=US/O=Entrust.net/OU=www.entrust.net/CPS incorp. by ref. (limits liab.)/OU=(c) 1999 Entrust.net Limited/CN=Entrust.net Secure Server Certification Authority'
07-03 07:31:18.617   306   306 I wpa_supplicant: wlan0: CTRL-EVENT-EAP-PEER-CERT depth=2 subject='/C=US/O=Entrust.net/OU=www.entrust.net/CPS incorp. by ref. (limits liab.)/OU=(c) 1999 Entrust.net Limited/CN=Entrust.net Secure Server Certification Authority'
07-03 07:31:18.625   306   306 I wpa_supplicant: wlan0: CTRL-EVENT-EAP-PEER-CERT depth=1 subject='/C=US/ST=UT/L=Salt Lake City/O=The USERTRUST Network/CN=USERTrust Legacy Secure Server CA'
07-03 07:31:18.633   306   306 I wpa_supplicant: wlan0: CTRL-EVENT-EAP-PEER-CERT depth=0 subject='/C=US/postalCode=14260/ST=New York/L=Buffalo/street=305 Computing Center/O=SUNY AT BUFFALO/OU=Office of the President/OU=Issued through UNIVERSITY AT BUFFALO E-PKI Manager/OU=PremiumSSL Legacy/CN=ubsecure.acsu.buffalo.edu'
07-03 07:31:22.289   345   345 D SAN_SERVICE: *******************************************
07-03 07:31:22.289   345   345 D SAN_SERVICE: DM App Phone Service State - 0
07-03 07:31:22.289   345   345 D SAN_SERVICE: *******************************************
07-03 07:31:22.777   345   345 D SAN_SERVICE: *******************************************
07-03 07:31:22.777   345   345 D SAN_SERVICE: DM App Phone Service State - 0
07-03 07:31:22.777   345   345 D SAN_SERVICE: *******************************************
07-03 07:31:38.594   345   345 D SAN_SERVICE: *******************************************
07-03 07:31:38.594   345   345 D SAN_SERVICE: DM App Phone Service State - 0
07-03 07:31:38.594   345   345 D SAN_SERVICE: *******************************************
07-03 07:31:39.094   345   345 D SAN_SERVICE: *******************************************
07-03 07:31:39.094   345   345 D SAN_SERVICE: DM App Phone Service State - 0
07-03 07:31:39.094   345   345 D SAN_SERVICE: *******************************************
07-03 07:31:49.477   306   306 I wpa_supplicant: EAP-MSCHAPV2: Authentication succeeded
07-03 07:31:49.485   306   306 I wpa_supplicant: EAP-TLV: TLV Result - Success - EAP-TLV/Phase2 Completed
07-03 07:31:49.492   306   306 I wpa_supplicant: wlan0: CTRL-EVENT-EAP-SUCCESS EAP authentication completed successfully
07-03 07:31:49.551   306   306 I wpa_supplicant: wlan0: WPA: Key negotiation completed with 00:1c:0e:26:9c:91 [PTK=CCMP GTK=TKIP]
07-03 07:31:49.555   306   306 I wpa_supplicant: wlan0: CTRL-EVENT-CONNECTED - Connection to 00:1c:0e:26:9c:91 completed (reauth) [id=0 id_str=]
07-03 07:32:00.563   145   202 D ConnectivityService: ConnectivityChange for WIFI: CONNECTED/CONNECTED
07-03 07:32:00.563   145   202 D ConnectivityService: Policy requires mobile teardown
07-03 07:32:00.652   145   202 D ConnectivityService: ConnectivityChange for mobile: DISCONNECTED/DISCONNECTED
07-03 07:32:00.652   145   202 D ConnectivityService: Attempting to switch to WIFI
07-03 07:32:00.652   145   202 D ConnectivityService: Attempting to switch to WIMAX
07-03 07:32:00.656   145   202 D ConnectivityService: Attempting to switch to BLUETOOTH_TETHER
07-03 07:32:00.672   145   202 D ConnectivityService: resetConnections(rmnet0, 3)
07-03 07:32:00.676   145   202 D NetUtils: android_net_utils_resetConnections in env=0x9a76d8 clazz=0xc4600001 iface=rmnet0 mask=0x3
07-03 07:32:00.692   145   197 W NetworkStats: dropping UID delta from unknown iface: iface=wlan0 uid=0 set=DEFAULT tag=0x0 rxBytes=712 rxPackets=3 txBytes=272 txPackets=4 operations=0
07-03 07:32:00.703 17657 17657 I PhoneLab-WiFiReceiver: Wi-Fi is connected!
07-03 07:32:00.715 17657 17657 I PhoneLab-WiFiReceiver: SSID: UB_Secure BSSID: 00:1c:0e:26:9c:91 RSSI: -200 LinkSpeed: -1
07-03 07:32:00.715 17657 17657 I PhoneLab-Locks: wake lock acquired
07-03 07:32:00.719 17657 17657 I PhoneLab-UploadLogs: Transfering log files now
07-03 07:32:00.719 17657 17657 I PhoneLab-UploadLogs: No log files to transfer
07-03 07:32:00.719 17657 17657 I PhoneLab-Locks: wake lock released
07-03 07:32:00.723 17657 17657 I PhoneLab-UploadLogs: OnStartCommand
07-03 07:32:00.922 19717 18570 W Smack/Packet: notify conn break (IOEx), close connection
07-03 07:32:01.090 19717 18570 I qtaguid : Failed write_ctrl(u 83) res=-1 errno=22
07-03 07:32:01.090 19717 18570 I qtaguid : Untagging socket 83 failed errno=-22
07-03 07:32:01.090 19717 18570 W NetworkManagementSocketTagger: untagSocket(83) failed with errno -22
07-03 07:32:01.102   145   202 D ConnectivityService: handleInetConditionChange: net=0 != default=1 - ignore
07-03 07:32:03.688   145   206 D Tethering: MasterInitialState.processMessage what=3
07-03 07:32:03.738   145   162 I ActivityManager: Start proc android.process.media for broadcast com.android.providers.downloads/.DownloadReceiver: pid=18750 uid=10012 gids={1015, 1023, 1024, 2001, 3003, 3007}
07-03 07:32:03.809 19717 19717 I GTalkService/c: [AndroidEndpoint@1094222040] connect: acct=1000000, state=CONNECTING
07-03 07:32:03.813 19717 19717 I GTalkService/c: [GTalkConnection@1094322432] connect: acct=1, state=CONNECTING
07-03 07:32:03.891 18750 18750 I ActivityThread: Pub downloads: com.android.providers.downloads.DownloadProvider
07-03 07:32:03.891   145   206 D Tethering: MasterInitialState.processMessage what=3
07-03 07:32:03.895   145   206 D Tethering: MasterInitialState.processMessage what=3
07-03 07:32:03.910   145   145 I ActivityManager: Process com.google.android.youtube (pid 18469) has died.
07-03 07:32:04.012 18750 18750 I ActivityThread: Pub drm: com.android.providers.drm.DrmProvider
07-03 07:32:04.012 18750 18765 I DownloadManager: in removeSpuriousFiles
07-03 07:32:04.024 18750 18750 I ActivityThread: Pub media: com.android.providers.media.MediaProvider
07-03 07:32:04.027 17629 17631 D dalvikvm: GC_CONCURRENT freed 399K, 7% free 9885K/10567K, paused 58ms+13ms
07-03 07:32:04.184 17238 17241 D dalvikvm: GC_CONCURRENT freed 398K, 5% free 10320K/10823K, paused 88ms+2ms
07-03 07:32:04.266 18750 18765 I DownloadManager: in removeSpuriousFiles, preserving file /data/data/com.android.providers.downloads/cache/metadata.json
07-03 07:32:04.266 18750 18765 I DownloadManager: in removeSpuriousFiles, preserving file /data/data/com.android.providers.downloads/cache/en_general.htm
07-03 07:32:04.270 18750 18765 I DownloadManager: in removeSpuriousFiles, preserving file /mnt/sdcard/Download/img-thing.jpeg
07-03 07:32:04.270 18750 18765 I DownloadManager: in removeSpuriousFiles, preserving file /data/data/com.android.providers.downloads/cache/metadata-1.json
07-03 07:32:04.270 18750 18765 I DownloadManager: in removeSpuriousFiles, preserving file /data/data/com.android.providers.downloads/cache/downloadfile.jpeg
07-03 07:32:04.270 18750 18765 I DownloadManager: in removeSpuriousFiles, preserving file /data/data/com.android.providers.downloads/cache/metadata-2.json
07-03 07:32:04.270 18750 18765 I DownloadManager: in removeSpuriousFiles, preserving file /data/data/com.android.providers.downloads/cache/metadata-3.json
07-03 07:32:04.270 18750 18765 I DownloadManager: deleting spurious file /cache/backup
07-03 07:32:04.820 18750 18752 D dalvikvm: GC_CONCURRENT freed 361K, 5% free 9175K/9607K, paused 21ms+1ms
07-03 07:32:04.942 18452 18452 I MediaUploader: No need to wake up
07-03 07:32:04.981 19717 19720 D dalvikvm: GC_CONCURRENT freed 487K, 8% free 10871K/11719K, paused 2ms+8ms
07-03 07:32:05.031   145   156 I ActivityManager: Start proc com.google.android.youtube for broadcast com.google.android.youtube/.app.prefetch.PrefetchService$DeviceStateReceiver: pid=18770 uid=10057 gids={3003, 1015, 1006}
07-03 07:32:05.055   145   310 I ActivityManager: Process com.google.android.apps.docs (pid 18510) has died.
07-03 07:32:05.219 18770 18772 D dalvikvm: GC_CONCURRENT freed 169K, 3% free 9356K/9607K, paused 4ms+2ms
07-03 07:32:05.301 18770 18770 I ActivityThread: Pub com.google.android.youtube.SuggestionProvider: com.google.android.youtube.core.suggest.SuggestionProvider
07-03 07:32:05.586   145   147 D dalvikvm: GC_CONCURRENT freed 1847K, 28% free 17692K/24455K, paused 11ms+20ms
07-03 07:32:05.625 19717 19879 D dalvikvm: GC_EXPLICIT freed 148K, 9% free 10745K/11719K, paused 3ms+11ms
07-03 07:32:06.043 18770 18772 D dalvikvm: GC_CONCURRENT freed 354K, 5% free 9498K/9927K, paused 2ms+18ms
07-03 07:32:06.051 18770 18779 W CursorWrapperInner: Cursor finalized without prior close()
07-03 07:32:06.059 18770 18779 W CursorWrapperInner: Cursor finalized without prior close()
07-03 07:32:06.137 18770 18772 D dalvikvm: GC_CONCURRENT freed 285K, 4% free 9763K/10119K, paused 2ms+3ms
07-03 07:32:06.195   145 22722 I ActivityManager: Process com.google.android.apps.plus (pid 18529) has died.
07-03 07:32:06.258 18770 18772 D dalvikvm: GC_CONCURRENT freed 379K, 5% free 9924K/10375K, paused 2ms+3ms
07-03 07:32:06.352 18770 18770 D dalvikvm: GC_FOR_ALLOC freed 370K, 5% free 10126K/10567K, paused 19ms
07-03 07:32:06.465 18770 18772 D dalvikvm: GC_CONCURRENT freed 329K, 4% free 10359K/10759K, paused 2ms+6ms
07-03 07:32:06.567   145   348 I ActivityManager: Start proc com.google.android.apps.docs for broadcast com.google.android.apps.docs/.receivers.NetworkChangeReceiver: pid=18811 uid=10077 gids={3003, 1015, 1006}
07-03 07:32:06.828 18811 18811 I PackageInfoHelper: Provided clientMode=RELEASE, packageInfo=PackageInfo{41383448 com.google.android.apps.docs}
07-03 07:32:06.828 18811 18811 I ActivityThread: Pub com.google.android.apps.docs.files: com.google.android.apps.docs.sync.filemanager.FileProvider
07-03 07:32:06.832 18811 18811 I ActivityThread: Pub com.google.android.apps.docs.doclist.search_suggest: com.google.android.apps.docs.doclist.DocListGlobalSearchSuggestionProvider
07-03 07:32:06.988 18811 18813 D dalvikvm: GC_CONCURRENT freed 225K, 4% free 9311K/9607K, paused 4ms+4ms
07-03 07:32:07.090 18811 18813 D dalvikvm: GC_CONCURRENT freed 426K, 6% free 9422K/9927K, paused 2ms+3ms
07-03 07:32:07.176 18811 18813 D dalvikvm: GC_CONCURRENT freed 571K, 7% free 9409K/10055K, paused 2ms+2ms
07-03 07:32:07.262 18811 18813 D dalvikvm: GC_CONCURRENT freed 452K, 6% free 9468K/10055K, paused 1ms+2ms
07-03 07:32:07.352 18811 18813 D dalvikvm: GC_CONCURRENT freed 481K, 6% free 9499K/10055K, paused 1ms+2ms
07-03 07:32:07.438 18811 18813 D dalvikvm: GC_CONCURRENT freed 542K, 7% free 9502K/10119K, paused 1ms+2ms
07-03 07:32:07.555 18811 18813 D dalvikvm: GC_CONCURRENT freed 346K, 6% free 9611K/10119K, paused 2ms+2ms
07-03 07:32:07.680 18811 18813 D dalvikvm: GC_CONCURRENT freed 397K, 5% free 9778K/10247K, paused 2ms+2ms
07-03 07:32:07.680 18811 18811 D ContextScopeImpl: in ContextScope.getContextOrDefault for thread=1
07-03 07:32:07.680 18811 18811 D ContextScopeImpl: returning application context for thread=1
07-03 07:32:07.699 18811 18811 I FeatureCheckerImpl: Configured disabled features: []
07-03 07:32:07.699 18811 18811 D ContextScopeImpl: in ContextScope.getContextOrDefault for thread=1
07-03 07:32:07.699 18811 18811 D ContextScopeImpl: returning application context for thread=1
07-03 07:32:07.711 18811 18811 D ContextScopeImpl: in ContextScope.enter for thread=1
07-03 07:32:07.711 18811 18811 W ContextScopeImpl: thread=1 tried to enter the scope of the application context. Ignored.
07-03 07:32:07.715 18811 18811 D ContextScopeImpl: in ContextScope.getContextOrDefault for thread=1
07-03 07:32:07.715 18811 18811 D ContextScopeImpl: returning application context for thread=1
07-03 07:32:07.715 18811 18811 D DocListDatabase: openHelper points on new database: DocList.db
07-03 07:32:07.715 18811 18811 D DocListDatabase: in openWriteDatabase
07-03 07:32:07.727 18811 18811 I ActivityThread: Pub com.google.android.apps.docs.doclist.account_suggest: com.google.android.apps.docs.doclist.DocListAccountSuggestionProvider
07-03 07:32:07.731 18811 18811 D ContextScopeImpl: in ContextScope.enter for thread=1
07-03 07:32:07.731 18811 18811 W ContextScopeImpl: thread=1 tried to enter the scope of the application context. Ignored.
07-03 07:32:07.731 18811 18811 I ActivityThread: Pub com.google.android.apps.docs: com.google.android.apps.docs.providers.DocListProvider
07-03 07:32:07.731 18811 18811 D ContextScopeImpl: in ContextScope.enter for thread=1
07-03 07:32:07.731 18811 18811 W ContextScopeImpl: thread=1 tried to enter the scope of the application context. Ignored.
07-03 07:32:07.734 18811 18811 W ContextScopeImpl: thread=1 tried to enter the scope of the application context. Ignored.
07-03 07:32:07.746 18811 18827 W ContextScopeImpl: thread=9642 tried to enter the scope of the application context. Ignored.
07-03 07:32:07.781 18811 18811 W ContextScopeImpl: thread=1 tried to enter the scope of the application context. Ignored.
07-03 07:32:07.813   145   395 I ActivityManager: Start proc com.google.android.apps.plus for broadcast com.google.android.apps.plus/com.google.android.picasasync.ConnectivityReceiver: pid=18830 uid=10060 gids={3003, 3002, 1015, 1006}
07-03 07:32:07.848    79    79 D dalvikvm: GC_EXPLICIT freed 38K, 4% free 9031K/9347K, paused 6ms+2ms
07-03 07:32:07.902    79    79 D dalvikvm: GC_EXPLICIT freed <1K, 4% free 9031K/9347K, paused 5ms+2ms
07-03 07:32:07.930    79    79 D dalvikvm: GC_EXPLICIT freed <1K, 4% free 9031K/9347K, paused 2ms+1ms
07-03 07:32:08.211   345   345 D SAN_SERVICE: *******************************************
07-03 07:32:08.211   345   345 D SAN_SERVICE: DM App Phone Service State - 0
07-03 07:32:08.211   345   345 D SAN_SERVICE: *******************************************
07-03 07:32:08.219 18830 18832 D dalvikvm: GC_CONCURRENT freed 173K, 3% free 9363K/9607K, paused 2ms+3ms
07-03 07:32:08.410 18830 18830 I ActivityThread: Pub com.google.android.apps.plus.content.ApiProvider: com.google.android.apps.plus.content.EsApiProvider
07-03 07:32:08.442 18830 18830 I ActivityThread: Pub com.google.android.apps.plus.content.EsGooglePhotoProvider: com.google.android.picasasync.PicasaContentProvider
07-03 07:32:08.621 18830 18832 D dalvikvm: GC_CONCURRENT freed 337K, 5% free 9580K/9991K, paused 6ms+2ms
07-03 07:32:08.645 18830 18830 I ActivityThread: Pub com.google.android.apps.plus.content.EsPicasaStoreProvider: com.google.android.picasastore.PicasaPhotoContentProvider
07-03 07:32:08.660 18830 18830 I ActivityThread: Pub com.google.plus.platform: com.google.android.apps.plus.content.AdsProvider
07-03 07:32:08.664 18830 18830 I ActivityThread: Pub com.google.android.apps.plus.iu.EsGoogleIuProvider: com.google.android.apps.plus.iu.InstantUploadProvider
07-03 07:32:08.715 18830 18832 D dalvikvm: GC_CONCURRENT freed 500K, 6% free 9608K/10183K, paused 2ms+2ms
07-03 07:32:08.723 18830 18830 I ActivityThread: Pub com.google.android.apps.plus.content.EsProvider: com.google.android.apps.plus.content.EsProvider
07-03 07:32:08.754 18830 18845 D PicasaPhotoCP: set fsid first time:-1
07-03 07:32:08.832 18452 18452 I MediaUploader: No need to wake up
07-03 07:32:08.875 18811 18811 W ContextScopeImpl: thread=1 tried to enter the scope of the application context. Ignored.
07-03 07:32:08.930   345   345 D SAN_SERVICE: *******************************************
07-03 07:32:08.930   345   345 D SAN_SERVICE: DM App Phone Service State - 0
07-03 07:32:08.930   345   345 D SAN_SERVICE: *******************************************
07-03 07:32:08.949 18452 18452 I MediaUploader: No need to wake up
07-03 07:32:08.988 18811 18811 W ContextScopeImpl: thread=1 tried to enter the scope of the application context. Ignored.
07-03 07:32:09.051 18830 18849 D PicasaSync: sync account database
07-03 07:32:09.156 18830 18832 D dalvikvm: GC_CONCURRENT freed 333K, 4% free 9838K/10247K, paused 2ms+6ms
07-03 07:32:09.172 18830 18849 D PicasaSync: accounts in DB=1
07-03 07:32:09.176 18830 18849 D PicasaSyncManager: active network: NetworkInfo: type: WIFI[], state: CONNECTED/CONNECTED, reason: (unspecified), extra: (none), roaming: false, failover: false, isAvailable: true
07-03 07:32:09.180 18830 18849 D PicasaSyncManager: background data: true
07-03 07:32:09.234 18830 18849 D PicasaSyncManager: battery info: false
07-03 07:32:09.317 18830 18832 D dalvikvm: GC_CONCURRENT freed 175K, 3% free 10097K/10375K, paused 2ms+2ms
07-03 07:32:09.426 18830 18832 D dalvikvm: GC_CONCURRENT freed 145K, 3% free 10391K/10631K, paused 2ms+2ms
07-03 07:32:09.496 18830 18846 D dalvikvm: GC_FOR_ALLOC freed 294K, 5% free 10483K/10951K, paused 24ms
07-03 07:32:09.496 18830 18846 I dalvikvm-heap: Grow heap (frag case) to 10.554MB for 260112-byte allocation
07-03 07:32:09.520 18830 18846 D dalvikvm: GC_FOR_ALLOC freed 126K, 6% free 10611K/11207K, paused 20ms
07-03 07:32:09.547 18830 18846 D dalvikvm: GC_FOR_ALLOC freed 311K, 6% free 10604K/11207K, paused 19ms
07-03 07:32:09.567 18830 18846 D dalvikvm: GC_FOR_ALLOC freed 62K, 5% free 10668K/11207K, paused 19ms
07-03 07:32:09.570 18830 18846 I dalvikvm-heap: Grow heap (frag case) to 10.735MB for 260112-byte allocation
07-03 07:32:09.594 18830 18846 D dalvikvm: GC_FOR_ALLOC freed 126K, 6% free 10796K/11463K, paused 21ms
07-03 07:32:09.613 18830 18846 D dalvikvm: GC_FOR_ALLOC freed 307K, 6% free 10788K/11463K, paused 18ms
07-03 07:32:09.637 18830 18846 D dalvikvm: GC_FOR_ALLOC freed 62K, 6% free 10851K/11463K, paused 19ms
07-03 07:32:09.637 18830 18846 I dalvikvm-heap: Grow heap (frag case) to 10.914MB for 260112-byte allocation
07-03 07:32:09.656 18830 18846 D dalvikvm: GC_FOR_ALLOC freed 126K, 7% free 10979K/11719K, paused 19ms
07-03 07:32:09.774 18830 18832 D dalvikvm: GC_CONCURRENT freed 332K, 5% free 11187K/11719K, paused 2ms+2ms
07-03 07:32:09.910 18830 18832 D dalvikvm: GC_CONCURRENT freed 144K, 3% free 11727K/11975K, paused 2ms+4ms
07-03 07:32:10.078 18830 18832 D dalvikvm: GC_CONCURRENT freed 547K, 6% free 12025K/12679K, paused 2ms+2ms
07-03 07:32:10.266 18830 18832 D dalvikvm: GC_CONCURRENT freed 210K, 3% free 12749K/13063K, paused 2ms+2ms
07-03 07:32:10.520   145   156 I ActivityManager: Process android.process.acore (pid 18574) has died.
07-03 07:32:10.629   145 21614 D dalvikvm: GC_EXPLICIT freed 846K, 28% free 17620K/24455K, paused 5ms+8ms
07-03 07:32:15.012   306   306 I wpa_supplicant: wlan0: CTRL-EVENT-DISCONNECTED bssid=00:1c:0e:26:9c:91 reason=0
07-03 07:32:15.059 20701 20718 D CommandListener: Clearing all IP addresses on wlan0
07-03 07:32:15.070   145   202 D ConnectivityService: ConnectivityChange for WIFI: DISCONNECTED/DISCONNECTED
07-03 07:32:15.070   145   202 D ConnectivityService: Attempting to switch to mobile
07-03 07:32:15.094   145   202 D ConnectivityService: Attempting to switch to WIMAX
07-03 07:32:15.117   145   202 D ConnectivityService: Attempting to switch to BLUETOOTH_TETHER
07-03 07:32:15.141   145   202 E ConnectivityService: Exception trying to remove a route: java.lang.IllegalStateException: Unable to communicate with native dameon to add routes - com.android.server.NativeDaemonConnectorException: Cmd {interface route remove wlan0 default 128.205.83.254 32 0.0.0.0} failed with code 400 : {Failed to remove route from default table (No such process)}
07-03 07:32:15.152   145   202 E ConnectivityService: Exception trying to remove a route: java.lang.IllegalStateException: Unable to communicate with native dameon to add routes - com.android.server.NativeDaemonConnectorException: Cmd {interface route remove wlan0 default 0.0.0.0 0 128.205.83.254} failed with code 400 : {Failed to remove route from default table (No such process)}
07-03 07:32:15.152   145   202 D NetUtils: android_net_utils_resetConnections in env=0x9a76d8 clazz=0xd2900001 iface=wlan0 mask=0x3
07-03 07:32:15.152   145   202 D ConnectivityService: resetConnections(wlan0, 3)
07-03 07:32:15.227   345   345 D SAN_SERVICE: *******************************************
07-03 07:32:15.227   345   345 D SAN_SERVICE: DM App Phone Service State - 0
07-03 07:32:15.227   345   345 D SAN_SERVICE: *******************************************
07-03 07:32:16.813  1401  1419 I GLSUser : GLS error: NetworkError
07-03 07:32:16.848 18770 18825 E ApiaryPlusOneApi: Error fetching auth token: 
07-03 07:32:16.848 18770 18825 E ApiaryPlusOneApi: java.io.IOException
07-03 07:32:16.848 18770 18825 E ApiaryPlusOneApi: 	at android.accounts.AccountManager.convertErrorToException(AccountManager.java:1548)
07-03 07:32:16.848 18770 18825 E ApiaryPlusOneApi: 	at android.accounts.AccountManager.access$400(AccountManager.java:140)
07-03 07:32:16.848 18770 18825 E ApiaryPlusOneApi: 	at android.accounts.AccountManager$AmsTask$Response.onError(AccountManager.java:1409)
07-03 07:32:16.848 18770 18825 E ApiaryPlusOneApi: 	at android.accounts.IAccountManagerResponse$Stub.onTransact(IAccountManagerResponse.java:69)
07-03 07:32:16.848 18770 18825 E ApiaryPlusOneApi: 	at android.os.Binder.execTransact(Binder.java:338)
07-03 07:32:16.848 18770 18825 E ApiaryPlusOneApi: 	at dalvik.system.NativeStart.run(Native Method)
07-03 07:32:17.070 18770 18772 D dalvikvm: GC_CONCURRENT freed 509K, 6% free 10309K/10951K, paused 2ms+3ms
07-03 07:32:17.106 18770 18825 E PlusOneController: Error loading opted-in: Unable to resolve host "www.googleapis.com": No address associated with hostname
07-03 07:32:18.231   145   206 D Tethering: MasterInitialState.processMessage what=3
07-03 07:32:18.305 18452 18452 I MediaUploader: No need to wake up
07-03 07:32:18.309 17657 17657 I PhoneLab-WiFiReceiver: Wi-Fi is disconnected!
07-03 07:32:18.375 18830 18849 D PicasaSyncManager: active network: null
07-03 07:32:18.375 18830 18849 D PicasaSyncManager: background data: true
07-03 07:32:18.449  8272  8274 D dalvikvm: GC_CONCURRENT freed 382K, 8% free 10343K/11143K, paused 2ms+3ms
07-03 07:32:19.449 19717 19764 E GTalkService: connectionClosed: no XMPPConnection - That's strange!
07-03 07:32:19.461   145   202 D ConnectivityService: handleInetConditionChange: no active default network - ignore
07-03 07:32:19.488 17657 17670 I PhoneLab-: Service Running
07-03 07:32:20.117   345   345 D SAN_SERVICE: *******************************************
07-03 07:32:20.117   345   345 D SAN_SERVICE: DM App Phone Service State - 0
07-03 07:32:20.121   345   345 D SAN_SERVICE: *******************************************
07-03 07:32:20.188 17606 17609 D dalvikvm: GC_CONCURRENT freed 390K, 11% free 10507K/11719K, paused 3ms+2ms
07-03 07:32:20.231   145 28236 I ActivityManager: Start proc android.process.acore for content provider com.android.providers.contacts/.ContactsProvider2: pid=18869 uid=10000 gids={3003, 1015}
07-03 07:32:20.328 18869 18869 I ActivityThread: Pub call_log: com.android.providers.contacts.CallLogProvider
07-03 07:32:20.383 18869 18869 I ActivityThread: Pub com.android.voicemail: com.android.providers.contacts.VoicemailContentProvider
07-03 07:32:20.387 18869 18869 I ActivityThread: Pub user_dictionary: com.android.providers.userdictionary.UserDictionaryProvider
07-03 07:32:20.465 18869 18869 I ActivityThread: Pub com.android.social: com.android.providers.contacts.SocialProvider
07-03 07:32:20.465 18869 18869 I ActivityThread: Pub applications: com.android.providers.applications.ApplicationsProvider
07-03 07:32:20.473 17657 17670 I PhoneLab-LoggerService: app_37    1360  1     1436   992   c00f181c 400107b4 S logcat
07-03 07:32:20.473 17657 17670 I PhoneLab-LoggerService: Logcat pid from database 1360
07-03 07:32:20.473 17657 17670 I PhoneLab-LoggerService: Logcat process found 1360
07-03 07:32:20.473 17657 17670 I PhoneLab-LoggerService: Checking Threshold
07-03 07:32:20.473 17657 17670 I PhoneLab-: Service Running
07-03 07:32:20.531 17657 17670 I PhoneLab-LoggerService: app_37    1360  1     1436   992   c00ab7c8 40010474 D logcat
07-03 07:32:20.531 17657 17670 I PhoneLab-LoggerService: Logcat pid from database 1360
07-03 07:32:20.531 17657 17670 I PhoneLab-LoggerService: Logcat process found 1360
07-03 07:32:20.531 17657 17670 I PhoneLab-LoggerService: Checking Threshold
07-03 07:32:20.531 17657 17670 I PhoneLab-: Service Running
07-03 07:32:20.559 17657 17670 I PhoneLab-LoggerService: app_37    1360  1     1436   992   c00ab7c8 40010474 D logcat
07-03 07:32:20.559 17657 17670 I PhoneLab-LoggerService: Logcat pid from database 1360
07-03 07:32:20.559 17657 17670 I PhoneLab-LoggerService: Logcat process found 1360
07-03 07:32:20.559 17657 17670 I PhoneLab-LoggerService: Checking Threshold
07-03 07:32:20.699 18869 18869 I ActivityThread: Pub contacts;com.android.contacts: com.android.providers.contacts.ContactsProvider2
07-03 07:32:20.742 18869 18872 D dalvikvm: GC_CONCURRENT freed 348K, 5% free 9188K/9607K, paused 2ms+3ms
07-03 07:32:21.207 18869 18872 D dalvikvm: GC_CONCURRENT freed 230K, 4% free 9373K/9735K, paused 6ms+2ms
07-03 07:32:21.375   145   202 D ConnectivityService: ConnectivityChange for mobile: CONNECTED/CONNECTED
07-03 07:32:21.496   345   347 D dalvikvm: GC_CONCURRENT freed 868K, 14% free 12011K/13895K, paused 8ms+3ms
07-03 07:32:21.512   145   198 D NetworkPolicy: applying policy NetworkPolicy[NetworkTemplate: matchRule=MOBILE_ALL, subscriberId=valid]: cycleDay=20, warningBytes=2147483648, limitBytes=-1, lastSnooze=-1 to ifaces [rmnet0]
07-03 07:32:21.984   145   365 I ActivityManager: Process com.xabber.androiddev (pid 17238) has died.
07-03 07:32:21.984   145   365 W ActivityManager: Scheduling restart of crashed service com.xabber.androiddev/com.xabber.android.service.XMPPService in 5000ms
07-03 07:32:22.055 19717 19764 E GTalkService: connectionClosed: no XMPPConnection - That's strange!
07-03 07:32:22.379   145   202 D ConnectivityService: NetTransition Wakelock for WifiStateMachine released by timeout
07-03 07:32:23.649   345   345 D SAN_SERVICE: *******************************************
07-03 07:32:23.649   345   345 D SAN_SERVICE: DM App Phone Service State - 0
07-03 07:32:23.649   345   345 D SAN_SERVICE: *******************************************
07-03 07:32:23.750 18869 18872 D dalvikvm: GC_CONCURRENT freed 182K, 4% free 9616K/9927K, paused 6ms+4ms
07-03 07:32:24.164   345   345 D SAN_SERVICE: *******************************************
07-03 07:32:24.164   345   345 D SAN_SERVICE: DM App Phone Service State - 0
07-03 07:32:24.168   345   345 D SAN_SERVICE: *******************************************
07-03 07:32:24.559   145   206 D Tethering: MasterInitialState.processMessage what=3
07-03 07:32:24.563 19717 19717 I GTalkService/c: [AndroidEndpoint@1094222040] connect: acct=1000000, state=CONNECTING
07-03 07:32:24.563 19717 19717 I GTalkService/c: [GTalkConnection@1094322432] connect: acct=1, state=CONNECTING
07-03 07:32:24.832 18452 18452 I MediaUploader: No need to wake up
07-03 07:32:25.129 18811 18811 W ContextScopeImpl: thread=1 tried to enter the scope of the application context. Ignored.
07-03 07:32:25.250 18830 18849 D PicasaSyncManager: active network: NetworkInfo: type: mobile[CDMA - EvDo rev. A], state: CONNECTED/CONNECTED, reason: (unspecified), extra: , roaming: false, failover: true, isAvailable: true
07-03 07:32:25.250 18830 18849 D PicasaSyncManager: background data: true
07-03 07:32:25.781 19717 19720 D dalvikvm: GC_CONCURRENT freed 412K, 8% free 10807K/11719K, paused 10ms+5ms
07-03 07:32:27.039 18908 18908 D dalvikvm: Late-enabling CheckJNI
07-03 07:32:27.059   145   162 I ActivityManager: Start proc com.xabber.androiddev for service com.xabber.androiddev/com.xabber.android.service.XMPPService: pid=18908 uid=10063 gids={3003, 1015}
07-03 07:32:27.098 18908 18908 I dalvikvm: Turning on JNI app bug workarounds for target SDK version 9...
07-03 07:32:27.153   145   202 D ConnectivityService: handleInetConditionHoldEnd: net=0, condition=100, published condition=0
07-03 07:32:27.598 18908 18910 D dalvikvm: GC_CONCURRENT freed 221K, 4% free 9315K/9607K, paused 1ms+2ms
07-03 07:32:27.625 18908 18908 D dalvikvm: GC_FOR_ALLOC freed 279K, 6% free 9427K/9927K, paused 20ms
07-03 07:32:27.742   145  9966 I ActivityManager: Process com.google.android.talk (pid 18590) has died.
07-03 07:32:27.770 18908 18910 D dalvikvm: GC_CONCURRENT freed 192K, 3% free 9774K/10055K, paused 1ms+11ms
07-03 07:32:27.863 18830 18832 D dalvikvm: GC_CONCURRENT freed 1058K, 9% free 12837K/14023K, paused 46ms+3ms
07-03 07:32:27.914 18908 18910 D dalvikvm: GC_CONCURRENT freed 428K, 5% free 9875K/10375K, paused 1ms+2ms
07-03 07:32:27.953   145   162 I ActivityManager: Start proc com.google.android.talk for broadcast com.google.android.talk/.ConnectionStateOnlineReceiver: pid=18922 uid=10045 gids={3003, 1015, 1006, 3002}
07-03 07:32:28.094 18908 18908 I com.xabber.android.service.XMPPService@413730b8: onCreate
07-03 07:32:28.094 18908 18908 I com.xabber.android.data.Application@41369e90: onStart
07-03 07:32:28.102 18908 18935 I com.xabber.android.data.LogManager@4136caf0: onLoad
07-03 07:32:28.215   145  9966 I ActivityManager: Process com.google.android.apps.googlevoice (pid 17256) has died.
07-03 07:32:28.215   145  9966 W ActivityManager: Scheduling restart of crashed service com.google.android.apps.googlevoice/.CallLogService in 5000ms
07-03 07:32:28.215   145  9966 W ActivityManager: Scheduling restart of crashed service com.google.android.apps.googlevoice/.UpdateService in 15000ms
07-03 07:32:28.246 18922 18922 I ActivityThread: Pub com.google.android.talk.SuggestionProvider: com.google.android.talk.SuggestionsProvider
07-03 07:32:28.356   145   147 D dalvikvm: GC_CONCURRENT freed 1928K, 28% free 17688K/24455K, paused 3ms+9ms
07-03 07:32:28.496 18922 18922 D vclib:CallStateClient: startListening
07-03 07:32:28.656 18922 18925 D dalvikvm: GC_CONCURRENT freed 132K, 3% free 9347K/9607K, paused 31ms+49ms
07-03 07:32:28.719 18908 18910 D dalvikvm: GC_CONCURRENT freed 169K, 3% free 10140K/10439K, paused 2ms+2ms
07-03 07:32:33.074   145   329 D dalvikvm: GC_EXPLICIT freed 218K, 29% free 17588K/24455K, paused 3ms+7ms
07-03 07:32:33.235   145   162 I ActivityManager: Start proc com.google.android.apps.googlevoice for service com.google.android.apps.googlevoice/.CallLogService: pid=18951 uid=10054 gids={3003, 1015}
07-03 07:32:33.360   145 22722 I ActivityManager: Process com.spotify.mobile.android.service (pid 18659) has died.
07-03 07:32:33.360   145 22722 W ActivityManager: Scheduling restart of crashed service com.spotify.mobile.android.ui/com.spotify.mobile.android.service.SpotifyService in 19856ms
07-03 07:32:33.414 18830 18832 D dalvikvm: GC_CONCURRENT freed 1073K, 9% free 12971K/14151K, paused 6ms+12ms
07-03 07:32:33.715 18951 18953 D dalvikvm: GC_CONCURRENT freed 246K, 4% free 9289K/9607K, paused 4ms+7ms
07-03 07:32:33.723 18908 18910 D dalvikvm: GC_CONCURRENT freed 268K, 4% free 10300K/10695K, paused 47ms+6ms
07-03 07:32:34.320 18830 18894 E dalvikvm: Could not find class 'android.app.Notification$InboxStyle', referenced from method com.google.android.apps.plus.service.AndroidNotification.createDigestNotification
07-03 07:32:34.324 18830 18894 W dalvikvm: VFY: unable to resolve new-instance 41 (Landroid/app/Notification$InboxStyle;) in Lcom/google/android/apps/plus/service/AndroidNotification;
07-03 07:32:34.324 18830 18894 D dalvikvm: VFY: replacing opcode 0x22 at 0x0018
07-03 07:32:34.328 18830 18894 I dalvikvm: Could not find method android.app.Notification$Builder.setPriority, referenced from method com.google.android.apps.plus.service.AndroidNotification.createRichNotification
07-03 07:32:34.328 18830 18894 W dalvikvm: VFY: unable to resolve virtual method 162: Landroid/app/Notification$Builder;.setPriority (I)Landroid/app/Notification$Builder;
07-03 07:32:34.328 18830 18894 D dalvikvm: VFY: replacing opcode 0x6e at 0x00d5
07-03 07:32:34.391 18830 18894 D dalvikvm: DexOpt: unable to opt direct call 0x00a8 at 0x1a in Lcom/google/android/apps/plus/service/AndroidNotification;.createDigestNotification
07-03 07:32:34.391 18830 18894 D dalvikvm: DexOpt: unable to opt direct call 0x0091 at 0xf1 in Lcom/google/android/apps/plus/service/AndroidNotification;.createRichNotification
07-03 07:32:34.403 18830 18894 D dalvikvm: DexOpt: unable to opt direct call 0x0095 at 0x397 in Lcom/google/android/apps/plus/service/AndroidNotification;.createRichNotification
07-03 07:32:39.258   345   345 D SAN_SERVICE: *******************************************
07-03 07:32:39.258   345   345 D SAN_SERVICE: DM App Phone Service State - 0
07-03 07:32:39.258   345   345 D SAN_SERVICE: *******************************************
07-03 07:32:40.551 18830 18832 D dalvikvm: GC_CONCURRENT freed 1120K, 9% free 13106K/14343K, paused 26ms+3ms
07-03 07:32:40.820 18830 18832 D dalvikvm: GC_CONCURRENT freed 1253K, 10% free 13191K/14535K, paused 2ms+2ms
07-03 07:32:43.570   145   396 D CountryDetector: The first listener is added
07-03 07:32:43.668 18951 18953 D dalvikvm: GC_CONCURRENT freed 360K, 5% free 9404K/9863K, paused 114ms+2ms
07-03 07:32:43.668 18951 18960 W CursorWrapperInner: Cursor finalized without prior close()
07-03 07:32:43.668 18951 18960 W CursorWrapperInner: Cursor finalized without prior close()
07-03 07:32:43.668 18951 18960 W CursorWrapperInner: Cursor finalized without prior close()
07-03 07:32:43.766 18869 18872 D dalvikvm: GC_CONCURRENT freed 518K, 6% free 9657K/10247K, paused 12ms+3ms
07-03 07:32:44.016 18951 18953 D dalvikvm: GC_CONCURRENT freed 310K, 5% free 9526K/9927K, paused 75ms+3ms
07-03 07:32:44.395 18869 18872 D dalvikvm: GC_CONCURRENT freed 371K, 5% free 9797K/10247K, paused 3ms+5ms
07-03 07:32:44.465 18869 18946 D dalvikvm: GC_EXPLICIT freed 123K, 6% free 9719K/10247K, paused 11ms+3ms
07-03 07:32:44.594 18951 18953 D dalvikvm: GC_CONCURRENT freed 230K, 4% free 9742K/10119K, paused 3ms+2ms
07-03 07:32:44.770 18830 18894 D dalvikvm: GC_FOR_ALLOC freed 584K, 7% free 13641K/14599K, paused 55ms
07-03 07:32:44.817 18830 18894 D dalvikvm: GC_FOR_ALLOC freed 357K, 10% free 13618K/14983K, paused 40ms
07-03 07:32:44.820 18830 18894 I dalvikvm-heap: Grow heap (frag case) to 13.694MB for 342103-byte allocation
07-03 07:32:44.863 18830 18894 D dalvikvm: GC_FOR_ALLOC freed 0K, 10% free 13952K/15367K, paused 42ms
07-03 07:32:45.903 18830 18832 D dalvikvm: GC_CONCURRENT freed 1090K, 8% free 14408K/15623K, paused 3ms+5ms
07-03 07:32:47.879 18830 18832 D dalvikvm: GC_CONCURRENT freed 1719K, 12% free 14415K/16263K, paused 3ms+3ms
07-03 07:32:50.320 18830 18894 I SqliteDatabaseCpp: sqlite returned: error code = 1, msg = no such column: last_stats_sync_time, db=/data/data/com.google.android.apps.plus/databases/picasa.db
07-03 07:32:50.387 18830 18894 E EsSyncAdapterService: Sync failure
07-03 07:32:50.387 18830 18894 E EsSyncAdapterService: android.database.sqlite.SQLiteException: no such column: last_stats_sync_time: , while compiling: SELECT last_stats_sync_time  FROM account_status
07-03 07:32:50.387 18830 18894 E EsSyncAdapterService: 	at android.database.sqlite.SQLiteCompiledSql.native_compile(Native Method)
07-03 07:32:50.387 18830 18894 E EsSyncAdapterService: 	at android.database.sqlite.SQLiteCompiledSql.<init>(SQLiteCompiledSql.java:68)
07-03 07:32:50.387 18830 18894 E EsSyncAdapterService: 	at android.database.sqlite.SQLiteProgram.compileSql(SQLiteProgram.java:143)
07-03 07:32:50.387 18830 18894 E EsSyncAdapterService: 	at android.database.sqlite.SQLiteProgram.compileAndbindAllArgs(SQLiteProgram.java:361)
07-03 07:32:50.387 18830 18894 E EsSyncAdapterService: 	at android.database.sqlite.SQLiteStatement.acquireAndLock(SQLiteStatement.java:260)
07-03 07:32:50.387 18830 18894 E EsSyncAdapterService: 	at android.database.sqlite.SQLiteStatement.simpleQueryForLong(SQLiteStatement.java:137)
07-03 07:32:50.387 18830 18894 E EsSyncAdapterService: 	at android.database.DatabaseUtils.longForQuery(DatabaseUtils.java:791)
07-03 07:32:50.387 18830 18894 E EsSyncAdapterService: 	at android.database.DatabaseUtils.longForQuery(DatabaseUtils.java:779)
07-03 07:32:50.387 18830 18894 E EsSyncAdapterService: 	at com.google.android.apps.plus.content.EsAccountsData.queryLastStatsSyncTimestamp(EsAccountsData.java:570)
07-03 07:32:50.387 18830 18894 E EsSyncAdapterService: 	at com.google.android.apps.plus.service.EsSyncAdapterService.syncContactsStatsIfNecessary(EsSyncAdapterService.java:670)
07-03 07:32:50.387 18830 18894 E EsSyncAdapterService: 	at com.google.android.apps.plus.service.EsSyncAdapterService.doFullSync(EsSyncAdapterService.java:633)
07-03 07:32:50.387 18830 18894 E EsSyncAdapterService: 	at com.google.android.apps.plus.service.EsSyncAdapterService.doSync(EsSyncAdapterService.java:566)
07-03 07:32:50.387 18830 18894 E EsSyncAdapterService: 	at com.google.android.apps.plus.service.EsSyncAdapterService.access$100(EsSyncAdapterService.java:52)
07-03 07:32:50.387 18830 18894 E EsSyncAdapterService: 	at com.google.android.apps.plus.service.EsSyncAdapterService$SyncAdapterImpl.onPerformSync(EsSyncAdapterService.java:408)
07-03 07:32:50.387 18830 18894 E EsSyncAdapterService: 	at android.content.AbstractThreadedSyncAdapter$SyncThread.run(AbstractThreadedSyncAdapter.java:247)
07-03 07:32:50.461   145   169 D SyncManager: failed sync operation lokeshmandvekar@gmail.com (com.google), com.google.android.apps.plus.content.EsProvider, SERVER, earliestRunTime 204300296, SyncResult: stats [ numParseExceptions: 1]
07-03 07:32:50.465   145   169 D SyncManager: not retrying sync operation because the error is a hard error: lokeshmandvekar@gmail.com (com.google), com.google.android.apps.plus.content.EsProvider, SERVER, earliestRunTime 206353580
07-03 07:32:54.383   345   345 D SAN_SERVICE: *******************************************
07-03 07:32:54.383   345   345 D SAN_SERVICE: DM App Phone Service State - 0
07-03 07:32:54.383   345   345 D SAN_SERVICE: *******************************************
07-03 07:32:54.891   145   162 I ActivityManager: Start proc com.spotify.mobile.android.service for service com.spotify.mobile.android.ui/com.spotify.mobile.android.service.SpotifyService: pid=18981 uid=10055 gids={3003, 1015}
07-03 07:32:55.000 18981 18981 D dalvikvm: Trying to load lib /data/data/com.spotify.mobile.android.ui/lib/liborbit-jni-spotify.so 0x4133eaa8
07-03 07:32:55.067 18981 18981 D dalvikvm: Added shared lib /data/data/com.spotify.mobile.android.ui/lib/liborbit-jni-spotify.so 0x4133eaa8
07-03 07:32:55.141   345   345 D SAN_SERVICE: *******************************************
07-03 07:32:55.141   345   345 D SAN_SERVICE: DM App Phone Service State - 0
07-03 07:32:55.141   345   345 D SAN_SERVICE: *******************************************
07-03 07:32:57.106 18830 18832 D dalvikvm: GC_CONCURRENT freed 2919K, 19% free 13266K/16327K, paused 4ms+4ms
07-03 07:32:57.309 18830 18975 D dalvikvm: GC_EXPLICIT freed 246K, 20% free 13206K/16327K, paused 3ms+3ms
07-03 07:32:57.438 18869 18872 D dalvikvm: GC_CONCURRENT freed 321K, 5% free 9796K/10247K, paused 2ms+3ms
07-03 07:32:57.606   145   348 D dalvikvm: GC_EXPLICIT freed 440K, 28% free 17609K/24455K, paused 4ms+7ms
07-03 07:32:58.649   145   348 I ActivityManager: Process com.twitter.android (pid 18635) has died.
07-03 07:32:58.715 18869 18881 D dalvikvm: GC_EXPLICIT freed 408K, 6% free 9777K/10311K, paused 2ms+9ms
07-03 07:32:58.805 17629 17631 D dalvikvm: GC_CONCURRENT freed 303K, 6% free 9973K/10567K, paused 7ms+2ms
07-03 07:33:00.930   345   345 D SAN_SERVICE: *******************************************
07-03 07:33:00.930   345   345 D SAN_SERVICE: DM App Phone Service State - 0
07-03 07:33:00.930   345   345 D SAN_SERVICE: *******************************************
07-03 07:33:01.188   345   345 D SAN_SERVICE: *******************************************
07-03 07:33:01.188   345   345 D SAN_SERVICE: DM App Phone Service State - 0
07-03 07:33:01.188   345   345 D SAN_SERVICE: *******************************************
07-03 07:33:04.199 17629 17631 D dalvikvm: GC_CONCURRENT freed 415K, 6% free 9957K/10567K, paused 2ms+3ms
07-03 07:33:18.801  8272  8274 D dalvikvm: GC_CONCURRENT freed 493K, 8% free 10317K/11143K, paused 35ms+3ms
07-03 07:33:28.692 19717 19720 D dalvikvm: GC_CONCURRENT freed 427K, 8% free 10854K/11719K, paused 9ms+9ms
07-03 07:33:57.738   145   157 D AlarmManagerService: Kernel timezone updated to 240 minutes west of GMT
07-03 07:33:57.742   345   345 D SystemClock: Setting time of day to sec=1341315239
07-03 07:33:59.079   145   162 I ActivityManager: Start proc com.android.calendar for broadcast com.android.calendar/.widget.CalendarAppWidgetService$CalendarFactory: pid=19011 uid=10005 gids={3003}
07-03 07:33:59.232 19011 19011 I ActivityThread: Pub com.android.calendar.CalendarRecentSuggestionsProvider: com.android.calendar.CalendarRecentSuggestionsProvider
07-03 07:33:59.638  9453 11412 V AlarmClock: AlarmInitReceiver finished
07-03 07:33:59.681   145  9966 I ActivityManager: Start proc com.android.providers.calendar for content provider com.android.providers.calendar/.CalendarProvider2: pid=19028 uid=10006 gids={3003, 1015}
07-03 07:33:59.845 19028 19028 I ActivityThread: Pub com.android.calendar: com.android.providers.calendar.CalendarProvider2
07-03 07:34:19.426   345   345 D SAN_SERVICE: *******************************************
07-03 07:34:19.426   345   345 D SAN_SERVICE: DM App Phone Service State - 0
07-03 07:34:19.426   345   345 D SAN_SERVICE: *******************************************
07-03 07:34:19.473   145   348 I ActivityManager: Process android.process.media (pid 18750) has died.
07-03 07:34:19.481 19028 19028 I CalendarProvider2: Sending notification intent: Intent { act=android.intent.action.PROVIDER_CHANGED dat=content://com.android.calendar }
07-03 07:34:19.492 19028 19028 W ContentResolver: Failed to get type for: content://com.android.calendar (Unknown URL content://com.android.calendar)
07-03 07:34:22.586   345   345 D SAN_SERVICE: *******************************************
07-03 07:34:22.586   345   345 D SAN_SERVICE: DM App Phone Service State - 0
07-03 07:34:22.586   345   345 D SAN_SERVICE: *******************************************
07-03 07:34:23.567   345   345 D SAN_SERVICE: *******************************************
07-03 07:34:23.567   345   345 D SAN_SERVICE: DM App Phone Service State - 0
07-03 07:34:23.567   345   345 D SAN_SERVICE: *******************************************
07-03 07:34:23.738 17629 17631 D dalvikvm: GC_CONCURRENT freed 412K, 7% free 9929K/10567K, paused 111ms+4ms
07-03 07:34:24.860   345   345 D SAN_SERVICE: *******************************************
07-03 07:34:24.860   345   345 D SAN_SERVICE: DM App Phone Service State - 0
07-03 07:34:24.860   345   345 D SAN_SERVICE: *******************************************
07-03 07:34:25.610   345   345 D SAN_SERVICE: *******************************************
07-03 07:34:25.610   345   345 D SAN_SERVICE: DM App Phone Service State - 0
07-03 07:34:25.610   345   345 D SAN_SERVICE: *******************************************
07-03 07:34:28.602   345   345 D SAN_SERVICE: *******************************************
07-03 07:34:28.602   345   345 D SAN_SERVICE: DM App Phone Service State - 0
07-03 07:34:28.602   345   345 D SAN_SERVICE: *******************************************
07-03 07:34:33.102   345   345 D SAN_SERVICE: *******************************************
07-03 07:34:33.102   345   345 D SAN_SERVICE: DM App Phone Service State - 0
07-03 07:34:33.102   345   345 D SAN_SERVICE: *******************************************
07-03 07:34:34.598 17657 17670 I PhoneLab-: Service Running
07-03 07:34:34.731 17657 17659 D dalvikvm: GC_CONCURRENT freed 413K, 14% free 9149K/10631K, paused 2ms+2ms
07-03 07:34:34.785 17657 17670 I PhoneLab-LoggerService: app_37    1360  1     1436   992   c00f181c 400107b4 S logcat
07-03 07:34:34.789 17657 17670 I PhoneLab-LoggerService: Logcat pid from database 1360
07-03 07:34:34.789 17657 17670 I PhoneLab-LoggerService: Logcat process found 1360
07-03 07:34:34.789 17657 17670 I PhoneLab-LoggerService: Checking Threshold
07-03 07:34:34.789   145   156 I ActivityManager: Process com.chess (pid 16421) has died.
07-03 07:34:35.844 17606 17609 D dalvikvm: GC_CONCURRENT freed 402K, 11% free 10524K/11719K, paused 17ms+9ms
07-03 07:35:02.195   145   361 D AlarmManagerService: Kernel timezone updated to 240 minutes west of GMT
07-03 07:35:02.344   145 21614 D dalvikvm: GC_EXPLICIT freed 1330K, 28% free 17674K/24455K, paused 15ms+7ms
07-03 07:35:02.356   345   345 D SAN_SERVICE: *******************************************
07-03 07:35:02.356   345   345 D SAN_SERVICE: DM App Phone Service State - 0
07-03 07:35:02.356   345   345 D SAN_SERVICE: *******************************************
07-03 07:35:03.219   145   396 D AlarmManagerService: Kernel timezone updated to 240 minutes west of GMT
07-03 07:35:19.352 19051 19051 D dalvikvm: Late-enabling CheckJNI
07-03 07:35:19.356   145   162 I ActivityManager: Start proc com.chess for broadcast com.chess/.backend.AlarmReceiver: pid=19051 uid=10079 gids={3003, 1015}
07-03 07:35:19.528 19051 19053 D dalvikvm: GC_CONCURRENT freed 167K, 3% free 9368K/9607K, paused 5ms+3ms
07-03 07:35:19.719 19051 19065 D GetStringObjTask: retrieving from url = http://www.chess.com/api/get_move_status?id=y3ICtufzg6w7rQqcD3KFujVaIanpYba4bIpaeKElV1LNz3Sz4Fk9Yh5CeWaj8h4bQ2RY0CxFVgA%2ByBE5DE%2B1cAuw4i%2Bp2GVj5RbuDPEUotReGbS25iAukuBsuUd%2Fl5dp
07-03 07:35:19.809   145  4009 I ActivityManager: Process com.google.android.youtube (pid 18770) has died.
07-03 07:35:23.781   345   345 D SAN_SERVICE: *******************************************
07-03 07:35:23.781   345   345 D SAN_SERVICE: DM App Phone Service State - 0
07-03 07:35:23.781   345   345 D SAN_SERVICE: *******************************************
07-03 07:35:25.508   145   175 I ActivityManager: Start proc com.twitter.android for service com.twitter.android/.client.AppService: pid=19067 uid=10064 gids={3003, 1015}
07-03 07:35:28.348 19067 19067 I dalvikvm: Turning on JNI app bug workarounds for target SDK version 11...
07-03 07:35:28.465 19067 19067 I ActivityThread: Pub com.twitter.android.provider.GlobalDatabaseProvider: com.twitter.android.provider.GlobalDatabaseProvider
07-03 07:35:28.473 19067 19067 I ActivityThread: Pub com.twitter.android.provider.TwitterProvider: com.twitter.android.provider.TwitterProvider
07-03 07:35:28.547   345   345 D SAN_SERVICE: *******************************************
07-03 07:35:28.547   345   345 D SAN_SERVICE: DM App Phone Service State - 0
07-03 07:35:28.547   345   345 D SAN_SERVICE: *******************************************
07-03 07:35:28.672 19067 19069 D dalvikvm: GC_CONCURRENT freed 194K, 4% free 9290K/9607K, paused 20ms+74ms
07-03 07:35:28.934 19067 19069 D dalvikvm: GC_CONCURRENT freed 224K, 4% free 9507K/9863K, paused 6ms+2ms
07-03 07:35:29.070 19067 19069 D dalvikvm: GC_CONCURRENT freed 292K, 5% free 9633K/10055K, paused 2ms+2ms
07-03 07:35:29.188 19067 19069 D dalvikvm: GC_CONCURRENT freed 303K, 5% free 9762K/10183K, paused 2ms+3ms
07-03 07:35:29.305 19067 19069 D dalvikvm: GC_CONCURRENT freed 303K, 5% free 9892K/10311K, paused 2ms+2ms
07-03 07:35:29.418 19067 19069 D dalvikvm: GC_CONCURRENT freed 308K, 4% free 10025K/10439K, paused 2ms+1ms
07-03 07:35:29.535 19067 19069 D dalvikvm: GC_CONCURRENT freed 304K, 4% free 10155K/10567K, paused 2ms+2ms
07-03 07:35:29.645 19067 19069 D dalvikvm: GC_CONCURRENT freed 293K, 4% free 10280K/10695K, paused 1ms+2ms
07-03 07:35:29.824 19067 19069 D dalvikvm: GC_CONCURRENT freed 476K, 6% free 10248K/10823K, paused 1ms+1ms
07-03 07:35:29.957 19067 19069 D dalvikvm: GC_CONCURRENT freed 396K, 5% free 10312K/10823K, paused 2ms+2ms
07-03 07:35:30.094 19067 19069 D dalvikvm: GC_CONCURRENT freed 370K, 5% free 10413K/10887K, paused 2ms+2ms
07-03 07:35:30.207 19067 19069 D dalvikvm: GC_CONCURRENT freed 336K, 5% free 10493K/10951K, paused 1ms+2ms
07-03 07:35:30.320 19067 19069 D dalvikvm: GC_CONCURRENT freed 322K, 4% free 10577K/11015K, paused 2ms+1ms
07-03 07:35:30.442 19067 19069 D dalvikvm: GC_CONCURRENT freed 374K, 5% free 10662K/11143K, paused 2ms+2ms
07-03 07:35:30.567 19067 19069 D dalvikvm: GC_CONCURRENT freed 406K, 5% free 10758K/11271K, paused 2ms+2ms
07-03 07:35:30.723 19067 19069 D dalvikvm: GC_CONCURRENT freed 361K, 5% free 10909K/11399K, paused 2ms+2ms
07-03 07:35:33.594  8272  8274 D dalvikvm: GC_CONCURRENT freed 445K, 8% free 10303K/11143K, paused 6ms+3ms
07-03 07:35:35.137 19051 19065 D GetStringObjTask: WebRequest SERVER RESPONSE: Success+0
07-03 07:35:47.176 19067 19069 D dalvikvm: GC_CONCURRENT freed 367K, 5% free 11101K/11591K, paused 2ms+2ms
07-03 07:36:11.414   345   345 D SAN_SERVICE: *******************************************
07-03 07:36:11.414   345   345 D SAN_SERVICE: DM App Phone Service State - 0
07-03 07:36:11.414   345   345 D SAN_SERVICE: *******************************************
07-03 07:36:22.656   345   345 D SAN_SERVICE: *******************************************
07-03 07:36:22.656   345   345 D SAN_SERVICE: DM App Phone Service State - 0
07-03 07:36:22.656   345   345 D SAN_SERVICE: *******************************************
07-03 07:36:25.539 17657 17670 I PhoneLab-: Service Running
07-03 07:36:25.594   145   157 I ActivityManager: Process com.google.android.apps.docs (pid 18811) has died.
07-03 07:36:25.672 17657 17670 I PhoneLab-LoggerService: app_37    1360  1     1436   992   c00f181c 400107b4 S logcat
07-03 07:36:25.672 17657 17670 I PhoneLab-LoggerService: Logcat pid from database 1360
07-03 07:36:25.672 17657 17670 I PhoneLab-LoggerService: Logcat process found 1360
07-03 07:36:25.676 17657 17670 I PhoneLab-LoggerService: Checking Threshold
07-03 07:36:44.180   145   329 D AlarmManagerService: Kernel timezone updated to 240 minutes west of GMT
07-03 07:36:44.192   345   345 D SAN_SERVICE: *******************************************
07-03 07:36:44.192   345   345 D SAN_SERVICE: DM App Phone Service State - 0
07-03 07:36:44.192   345   345 D SAN_SERVICE: *******************************************
07-03 07:37:05.110   345   345 D SAN_SERVICE: *******************************************
07-03 07:37:05.110   345   345 D SAN_SERVICE: DM App Phone Service State - 0
07-03 07:37:05.110   345   345 D SAN_SERVICE: *******************************************
07-03 07:37:14.832   145   156 D AlarmManagerService: Kernel timezone updated to 240 minutes west of GMT
07-03 07:37:19.969  8272  8274 D dalvikvm: GC_CONCURRENT freed 433K, 8% free 10301K/11143K, paused 2ms+3ms
07-03 07:38:19.953   216   218 D dalvikvm: GC_CONCURRENT freed 607K, 33% free 9710K/14343K, paused 2ms+3ms
07-03 07:39:06.930   145   145 D AlarmManagerService: Kernel timezone updated to 240 minutes west of GMT
07-03 07:39:19.375   145   145 D AlarmManagerService: Kernel timezone updated to 240 minutes west of GMT
07-03 07:39:20.645  8272  8274 D dalvikvm: GC_CONCURRENT freed 431K, 8% free 10301K/11143K, paused 2ms+2ms
07-03 07:39:32.528 19717 21315 I EventLogService: Aggregate from 1341313772396 (log), 1341313772396 (data)
07-03 07:39:51.227   145   310 D AlarmManagerService: Kernel timezone updated to 240 minutes west of GMT
07-03 07:39:51.242   345   345 D SAN_SERVICE: *******************************************
07-03 07:39:51.242   345   345 D SAN_SERVICE: DM App Phone Service State - 0
07-03 07:39:51.242   345   345 D SAN_SERVICE: *******************************************
07-03 07:40:19.359 19051 19104 D GetStringObjTask: retrieving from url = http://www.chess.com/api/get_move_status?id=y3ICtufzg6w7rQqcD3KFujVaIanpYba4bIpaeKElV1LNz3Sz4Fk9Yh5CeWaj8h4bQ2RY0CxFVgA%2ByBE5DE%2B1cAuw4i%2Bp2GVj5RbuDPEUotReGbS25iAukuBsuUd%2Fl5dp
07-03 07:40:19.934   345   345 D SAN_SERVICE: *******************************************
07-03 07:40:19.934   345   345 D SAN_SERVICE: DM App Phone Service State - 0
07-03 07:40:19.934   345   345 D SAN_SERVICE: *******************************************
07-03 07:40:51.977   345   345 D SAN_SERVICE: *******************************************
07-03 07:40:51.977   345   345 D SAN_SERVICE: DM App Phone Service State - 1
07-03 07:40:51.977   345   345 D SAN_SERVICE: *******************************************
07-03 07:40:51.992   145   202 D ConnectivityService: ConnectivityChange for mobile: DISCONNECTED/DISCONNECTED
07-03 07:40:51.992   145   202 D ConnectivityService: Attempting to switch to WIFI
07-03 07:40:51.992   145   202 D ConnectivityService: Attempting to switch to WIMAX
07-03 07:40:51.992   145   202 D ConnectivityService: Attempting to switch to BLUETOOTH_TETHER
07-03 07:40:52.051   145   202 D NetUtils: android_net_utils_resetConnections in env=0x9a76d8 clazz=0xf3900001 iface=rmnet0 mask=0x3
07-03 07:40:52.051   145   202 D ConnectivityService: resetConnections(rmnet0, 3)
07-03 07:40:52.192 19051 19104 E GetStringObjTask: I/O error while retrieving data from http://www.chess.com/api/get_move_status?id=y3ICtufzg6w7rQqcD3KFujVaIanpYba4bIpaeKElV1LNz3Sz4Fk9Yh5CeWaj8h4bQ2RY0CxFVgA%2ByBE5DE%2B1cAuw4i%2Bp2GVj5RbuDPEUotReGbS25iAukuBsuUd%2Fl5dp
07-03 07:40:52.192 19051 19104 E GetStringObjTask: org.apache.http.conn.HttpHostConnectException: Connection to http://www.chess.com refused
07-03 07:40:52.192 19051 19104 E GetStringObjTask: 	at org.apache.http.impl.conn.DefaultClientConnectionOperator.openConnection(DefaultClientConnectionOperator.java:183)
07-03 07:40:52.192 19051 19104 E GetStringObjTask: 	at org.apache.http.impl.conn.AbstractPoolEntry.open(AbstractPoolEntry.java:164)
07-03 07:40:52.192 19051 19104 E GetStringObjTask: 	at org.apache.http.impl.conn.AbstractPooledConnAdapter.open(AbstractPooledConnAdapter.java:119)
07-03 07:40:52.192 19051 19104 E GetStringObjTask: 	at org.apache.http.impl.client.DefaultRequestDirector.execute(DefaultRequestDirector.java:360)
07-03 07:40:52.192 19051 19104 E GetStringObjTask: 	at org.apache.http.impl.client.AbstractHttpClient.execute(AbstractHttpClient.java:555)
07-03 07:40:52.192 19051 19104 E GetStringObjTask: 	at org.apache.http.impl.client.AbstractHttpClient.execute(AbstractHttpClient.java:487)
07-03 07:40:52.192 19051 19104 E GetStringObjTask: 	at org.apache.http.impl.client.AbstractHttpClient.execute(AbstractHttpClient.java:465)
07-03 07:40:52.192 19051 19104 E GetStringObjTask: 	at com.chess.backend.tasks.GetStringObjTask.getData(GetStringObjTask.java:52)
07-03 07:40:52.192 19051 19104 E GetStringObjTask: 	at com.chess.backend.tasks.GetStringObjTask.doTheTask(GetStringObjTask.java:34)
07-03 07:40:52.192 19051 19104 E GetStringObjTask: 	at com.chess.backend.tasks.GetStringObjTask.doTheTask(GetStringObjTask.java:21)
07-03 07:40:52.192 19051 19104 E GetStringObjTask: 	at com.chess.backend.tasks.AbstractUpdateTask.doInBackground(AbstractUpdateTask.java:34)
07-03 07:40:52.192 19051 19104 E GetStringObjTask: 	at com.chess.backend.tasks.AbstractUpdateTask.doInBackground(AbstractUpdateTask.java:10)
07-03 07:40:52.192 19051 19104 E GetStringObjTask: 	at android.os.AsyncTask$2.call(AsyncTask.java:264)
07-03 07:40:52.192 19051 19104 E GetStringObjTask: 	at java.util.concurrent.FutureTask$Sync.innerRun(FutureTask.java:305)
07-03 07:40:52.192 19051 19104 E GetStringObjTask: 	at java.util.concurrent.FutureTask.run(FutureTask.java:137)
07-03 07:40:52.192 19051 19104 E GetStringObjTask: 	at android.os.AsyncTask$SerialExecutor$1.run(AsyncTask.java:208)
07-03 07:40:52.192 19051 19104 E GetStringObjTask: 	at java.util.concurrent.ThreadPoolExecutor.runWorker(ThreadPoolExecutor.java:1076)
07-03 07:40:52.192 19051 19104 E GetStringObjTask: 	at java.util.concurrent.ThreadPoolExecutor$Worker.run(ThreadPoolExecutor.java:569)
07-03 07:40:52.192 19051 19104 E GetStringObjTask: 	at java.lang.Thread.run(Thread.java:856)
07-03 07:40:52.192 19051 19104 E GetStringObjTask: Caused by: java.net.ConnectException: failed to connect to /23.15.7.96 (port 80) after 10000ms: connect failed: ENETUNREACH (Network is unreachable)
07-03 07:40:52.192 19051 19104 E GetStringObjTask: 	at libcore.io.IoBridge.connect(IoBridge.java:114)
07-03 07:40:52.192 19051 19104 E GetStringObjTask: 	at java.net.PlainSocketImpl.connect(PlainSocketImpl.java:192)
07-03 07:40:52.192 19051 19104 E GetStringObjTask: 	at java.net.PlainSocketImpl.connect(PlainSocketImpl.java:459)
07-03 07:40:52.192 19051 19104 E GetStringObjTask: 	at java.net.Socket.connect(Socket.java:842)
07-03 07:40:52.192 19051 19104 E GetStringObjTask: 	at org.apache.http.conn.scheme.PlainSocketFactory.connectSocket(PlainSocketFactory.java:119)
07-03 07:40:52.192 19051 19104 E GetStringObjTask: 	at org.apache.http.impl.conn.DefaultClientConnectionOperator.openConnection(DefaultClientConnectionOperator.java:144)
07-03 07:40:52.192 19051 19104 E GetStringObjTask: 	... 18 more
07-03 07:40:52.192 19051 19104 E GetStringObjTask: Caused by: libcore.io.ErrnoException: connect failed: ENETUNREACH (Network is unreachable)
07-03 07:40:52.192 19051 19104 E GetStringObjTask: 	at libcore.io.Posix.connect(Native Method)
07-03 07:40:52.192 19051 19104 E GetStringObjTask: 	at libcore.io.BlockGuardOs.connect(BlockGuardOs.java:85)
07-03 07:40:52.192 19051 19104 E GetStringObjTask: 	at libcore.io.IoBridge.connectErrno(IoBridge.java:138)
07-03 07:40:52.192 19051 19104 E GetStringObjTask: 	at libcore.io.IoBridge.connect(IoBridge.java:112)
07-03 07:40:52.192 19051 19104 E GetStringObjTask: 	... 23 more
07-03 07:40:52.223 19717 18904 W Smack/Packet: notify conn break (IOEx), close connection
07-03 07:40:52.418 19717 18904 I qtaguid : Failed write_ctrl(u 62) res=-1 errno=22
07-03 07:40:52.418 19717 18904 I qtaguid : Untagging socket 62 failed errno=-22
07-03 07:40:52.430 19717 18904 W NetworkManagementSocketTagger: untagSocket(62) failed with errno -22
07-03 07:40:52.508 19067 19069 D dalvikvm: GC_CONCURRENT freed 476K, 6% free 11250K/11847K, paused 42ms+3ms
07-03 07:40:52.535   145   202 D ConnectivityService: handleInetConditionChange: no active default network - ignore
07-03 07:40:52.785 19717 19764 D dalvikvm: GC_EXPLICIT freed 271K, 8% free 10803K/11719K, paused 8ms+4ms
07-03 07:41:03.235   145   206 D Tethering: MasterInitialState.processMessage what=3
07-03 07:41:03.363   145   162 I ActivityManager: Start proc android.process.media for broadcast com.android.providers.downloads/.DownloadReceiver: pid=19112 uid=10012 gids={1015, 1023, 1024, 2001, 3003, 3007}
07-03 07:41:03.461 19112 19112 I ActivityThread: Pub downloads: com.android.providers.downloads.DownloadProvider
07-03 07:41:03.746 19112 19112 I ActivityThread: Pub drm: com.android.providers.drm.DrmProvider
07-03 07:41:03.750 19112 19125 I DownloadManager: in removeSpuriousFiles
07-03 07:41:03.762 19112 19112 I ActivityThread: Pub media: com.android.providers.media.MediaProvider
07-03 07:41:03.856 19112 19125 I DownloadManager: in removeSpuriousFiles, preserving file /data/data/com.android.providers.downloads/cache/metadata.json
07-03 07:41:03.856 19112 19125 I DownloadManager: in removeSpuriousFiles, preserving file /data/data/com.android.providers.downloads/cache/en_general.htm
07-03 07:41:03.856 19112 19125 I DownloadManager: in removeSpuriousFiles, preserving file /mnt/sdcard/Download/img-thing.jpeg
07-03 07:41:03.856 19112 19125 I DownloadManager: in removeSpuriousFiles, preserving file /data/data/com.android.providers.downloads/cache/metadata-1.json
07-03 07:41:03.856 19112 19125 I DownloadManager: in removeSpuriousFiles, preserving file /data/data/com.android.providers.downloads/cache/downloadfile.jpeg
07-03 07:41:03.856 19112 19125 I DownloadManager: in removeSpuriousFiles, preserving file /data/data/com.android.providers.downloads/cache/metadata-2.json
07-03 07:41:03.860 19112 19125 I DownloadManager: in removeSpuriousFiles, preserving file /data/data/com.android.providers.downloads/cache/metadata-3.json
07-03 07:41:03.860 19112 19125 I DownloadManager: deleting spurious file /cache/backup
07-03 07:41:03.922   345   345 D SAN_SERVICE: *******************************************
07-03 07:41:03.922   345   345 D SAN_SERVICE: DM App Phone Service State - 1
07-03 07:41:03.922   345   345 D SAN_SERVICE: *******************************************
07-03 07:41:04.242 19112 19115 D dalvikvm: GC_CONCURRENT freed 376K, 5% free 9160K/9607K, paused 2ms+2ms
07-03 07:41:04.352 18452 18452 I MediaUploader: No need to wake up
07-03 07:41:04.379   145   310 I ActivityManager: Process com.google.android.talk (pid 18922) has died.
07-03 07:41:04.520   145   157 I ActivityManager: Start proc com.google.android.youtube for broadcast com.google.android.youtube/.app.prefetch.PrefetchService$DeviceStateReceiver: pid=19130 uid=10057 gids={3003, 1015, 1006}
07-03 07:41:04.563   145   147 D dalvikvm: GC_CONCURRENT freed 1875K, 28% free 17745K/24455K, paused 4ms+25ms
07-03 07:41:04.574    79    79 D dalvikvm: GC_EXPLICIT freed 38K, 4% free 9031K/9347K, paused 2ms+14ms
07-03 07:41:04.617    79    79 D dalvikvm: GC_EXPLICIT freed <1K, 4% free 9031K/9347K, paused 1ms+3ms
07-03 07:41:04.664    79    79 D dalvikvm: GC_EXPLICIT freed <1K, 4% free 9031K/9347K, paused 2ms+2ms
07-03 07:41:04.738 19130 19132 D dalvikvm: GC_CONCURRENT freed 175K, 3% free 9356K/9607K, paused 1ms+2ms
07-03 07:41:04.809 19130 19130 I ActivityThread: Pub com.google.android.youtube.SuggestionProvider: com.google.android.youtube.core.suggest.SuggestionProvider
07-03 07:41:05.266 19130 19132 D dalvikvm: GC_CONCURRENT freed 353K, 5% free 9488K/9927K, paused 2ms+21ms
07-03 07:41:05.266 19130 19139 W CursorWrapperInner: Cursor finalized without prior close()
07-03 07:41:05.270 19130 19139 W CursorWrapperInner: Cursor finalized without prior close()
07-03 07:41:05.395 19130 19132 D dalvikvm: GC_CONCURRENT freed 334K, 5% free 9714K/10119K, paused 2ms+3ms
07-03 07:41:05.531 19130 19132 D dalvikvm: GC_CONCURRENT freed 403K, 5% free 9837K/10311K, paused 2ms+3ms
07-03 07:41:05.645   145  1150 D dalvikvm: GC_EXPLICIT freed 194K, 29% free 17585K/24455K, paused 3ms+7ms
07-03 07:41:05.703 19130 19132 D dalvikvm: GC_CONCURRENT freed 330K, 4% free 10038K/10439K, paused 2ms+3ms
07-03 07:41:05.813 19130 19161 D dalvikvm: GC_FOR_ALLOC freed 375K, 5% free 10184K/10631K, paused 21ms
07-03 07:41:05.887 19130 19132 D dalvikvm: GC_CONCURRENT freed 52K, 4% free 10258K/10631K, paused 2ms+4ms
07-03 07:41:05.914   145  1150 I ActivityManager: Process com.google.android.apps.plus (pid 18830) has died.
07-03 07:41:05.996   145 21614 I ActivityManager: Start proc com.google.android.apps.docs for broadcast com.google.android.apps.docs/.receivers.NetworkChangeReceiver: pid=19169 uid=10077 gids={3003, 1015, 1006}
07-03 07:41:06.246 19169 19169 I PackageInfoHelper: Provided clientMode=RELEASE, packageInfo=PackageInfo{4137b6f0 com.google.android.apps.docs}
07-03 07:41:06.246 19169 19169 I ActivityThread: Pub com.google.android.apps.docs.files: com.google.android.apps.docs.sync.filemanager.FileProvider
07-03 07:41:06.250 19169 19169 I ActivityThread: Pub com.google.android.apps.docs.doclist.search_suggest: com.google.android.apps.docs.doclist.DocListGlobalSearchSuggestionProvider
07-03 07:41:06.332  1401  1413 I GLSUser : GLS error: NetworkError
07-03 07:41:06.340 19130 19185 E ApiaryPlusOneApi: Error fetching auth token: 
07-03 07:41:06.340 19130 19185 E ApiaryPlusOneApi: java.io.IOException
07-03 07:41:06.340 19130 19185 E ApiaryPlusOneApi: 	at android.accounts.AccountManager.convertErrorToException(AccountManager.java:1548)
07-03 07:41:06.340 19130 19185 E ApiaryPlusOneApi: 	at android.accounts.AccountManager.access$400(AccountManager.java:140)
07-03 07:41:06.340 19130 19185 E ApiaryPlusOneApi: 	at android.accounts.AccountManager$AmsTask$Response.onError(AccountManager.java:1409)
07-03 07:41:06.340 19130 19185 E ApiaryPlusOneApi: 	at android.accounts.IAccountManagerResponse$Stub.onTransact(IAccountManagerResponse.java:69)
07-03 07:41:06.340 19130 19185 E ApiaryPlusOneApi: 	at android.os.Binder.execTransact(Binder.java:338)
07-03 07:41:06.340 19130 19185 E ApiaryPlusOneApi: 	at dalvik.system.NativeStart.run(Native Method)
07-03 07:41:06.473 19169 19173 D dalvikvm: GC_CONCURRENT freed 220K, 4% free 9315K/9607K, paused 4ms+2ms
07-03 07:41:06.559 19169 19173 D dalvikvm: GC_CONCURRENT freed 467K, 6% free 9387K/9927K, paused 2ms+2ms
07-03 07:41:06.641 19169 19173 D dalvikvm: GC_CONCURRENT freed 495K, 6% free 9422K/9991K, paused 2ms+2ms
07-03 07:41:06.723 19169 19173 D dalvikvm: GC_CONCURRENT freed 540K, 7% free 9438K/10055K, paused 2ms+2ms
07-03 07:41:06.797 19169 19173 D dalvikvm: GC_CONCURRENT freed 485K, 6% free 9465K/10055K, paused 2ms+3ms
07-03 07:41:06.895 19169 19173 D dalvikvm: GC_CONCURRENT freed 472K, 6% free 9505K/10055K, paused 1ms+6ms
07-03 07:41:06.910 19130 19185 E PlusOneController: Error loading opted-in: Unable to resolve host "www.googleapis.com": No address associated with hostname
07-03 07:41:06.977 19130 19132 D dalvikvm: GC_CONCURRENT freed 384K, 5% free 10340K/10823K, paused 2ms+35ms
07-03 07:41:07.039 19169 19173 D dalvikvm: GC_CONCURRENT freed 381K, 5% free 9672K/10119K, paused 1ms+2ms
07-03 07:41:07.125 19169 19169 D ContextScopeImpl: in ContextScope.getContextOrDefault for thread=1
07-03 07:41:07.125 19169 19169 D ContextScopeImpl: returning application context for thread=1
07-03 07:41:07.149 19169 19169 I FeatureCheckerImpl: Configured disabled features: []
07-03 07:41:07.149 19169 19169 D ContextScopeImpl: in ContextScope.getContextOrDefault for thread=1
07-03 07:41:07.153 19169 19169 D ContextScopeImpl: returning application context for thread=1
07-03 07:41:07.156 19169 19173 D dalvikvm: GC_CONCURRENT freed 379K, 5% free 9779K/10247K, paused 1ms+2ms
07-03 07:41:07.168 19169 19169 D ContextScopeImpl: in ContextScope.enter for thread=1
07-03 07:41:07.168 19169 19169 W ContextScopeImpl: thread=1 tried to enter the scope of the application context. Ignored.
07-03 07:41:07.168 19169 19169 D ContextScopeImpl: in ContextScope.getContextOrDefault for thread=1
07-03 07:41:07.168 19169 19169 D ContextScopeImpl: returning application context for thread=1
07-03 07:41:07.168 19169 19169 D DocListDatabase: openHelper points on new database: DocList.db
07-03 07:41:07.168 19169 19169 D DocListDatabase: in openWriteDatabase
07-03 07:41:07.180 19169 19169 I ActivityThread: Pub com.google.android.apps.docs.doclist.account_suggest: com.google.android.apps.docs.doclist.DocListAccountSuggestionProvider
07-03 07:41:07.184 19169 19169 D ContextScopeImpl: in ContextScope.enter for thread=1
07-03 07:41:07.184 19169 19169 W ContextScopeImpl: thread=1 tried to enter the scope of the application context. Ignored.
07-03 07:41:07.184 19169 19169 I ActivityThread: Pub com.google.android.apps.docs: com.google.android.apps.docs.providers.DocListProvider
07-03 07:41:07.184 19169 19169 D ContextScopeImpl: in ContextScope.enter for thread=1
07-03 07:41:07.184 19169 19169 W ContextScopeImpl: thread=1 tried to enter the scope of the application context. Ignored.
07-03 07:41:07.188 19169 19169 W ContextScopeImpl: thread=1 tried to enter the scope of the application context. Ignored.
07-03 07:41:07.199 19169 19188 W ContextScopeImpl: thread=9681 tried to enter the scope of the application context. Ignored.
07-03 07:41:07.246   145   145 I ActivityManager: Start proc com.google.android.apps.plus for broadcast com.google.android.apps.plus/com.google.android.picasasync.ConnectivityReceiver: pid=19190 uid=10060 gids={3003, 3002, 1015, 1006}
07-03 07:41:07.465 19190 19193 D dalvikvm: GC_CONCURRENT freed 152K, 3% free 9384K/9607K, paused 2ms+3ms
07-03 07:41:07.563   145   361 I ActivityManager: Process android.process.acore (pid 18869) has died.
07-03 07:41:07.606   145   365 D CountryDetector: No listener is left
07-03 07:41:07.660 19190 19190 I ActivityThread: Pub com.google.android.apps.plus.content.ApiProvider: com.google.android.apps.plus.content.EsApiProvider
07-03 07:41:07.684 19190 19190 I ActivityThread: Pub com.google.android.apps.plus.content.EsGooglePhotoProvider: com.google.android.picasasync.PicasaContentProvider
07-03 07:41:07.840 19190 19193 D dalvikvm: GC_CONCURRENT freed 309K, 4% free 9607K/9991K, paused 2ms+3ms
07-03 07:41:07.867 19190 19190 I ActivityThread: Pub com.google.android.apps.plus.content.EsPicasaStoreProvider: com.google.android.picasastore.PicasaPhotoContentProvider
07-03 07:41:07.875 19190 19190 I ActivityThread: Pub com.google.plus.platform: com.google.android.apps.plus.content.AdsProvider
07-03 07:41:07.875 19190 19190 I ActivityThread: Pub com.google.android.apps.plus.iu.EsGoogleIuProvider: com.google.android.apps.plus.iu.InstantUploadProvider
07-03 07:41:07.949 19190 19193 D dalvikvm: GC_CONCURRENT freed 564K, 7% free 9608K/10247K, paused 4ms+3ms
07-03 07:41:07.953 19190 19190 I ActivityThread: Pub com.google.android.apps.plus.content.EsProvider: com.google.android.apps.plus.content.EsProvider
07-03 07:41:07.981 19190 19204 D PicasaPhotoCP: set fsid first time:-1
07-03 07:41:08.000 19190 19190 D dalvikvm: GC_FOR_ALLOC freed 96K, 5% free 9766K/10247K, paused 15ms
07-03 07:41:08.133 19190 19209 D PicasaSync: sync account database
07-03 07:41:08.258 19190 19193 D dalvikvm: GC_CONCURRENT freed 272K, 4% free 9913K/10311K, paused 23ms+4ms
07-03 07:41:19.348   145   310 I ActivityManager: Start proc android.process.acore for content provider com.android.providers.contacts/.ContactsProvider2: pid=19212 uid=10000 gids={3003, 1015}
07-03 07:41:19.395 19212 19212 I ActivityThread: Pub call_log: com.android.providers.contacts.CallLogProvider
07-03 07:41:19.399 19190 19209 D PicasaSync: accounts in DB=1
07-03 07:41:19.402 19190 19209 D PicasaSyncManager: active network: null
07-03 07:41:19.402 19190 19209 D PicasaSyncManager: background data: true
07-03 07:41:19.434 19190 19209 D PicasaSyncManager: battery info: false
07-03 07:41:19.442 19212 19212 I ActivityThread: Pub com.android.voicemail: com.android.providers.contacts.VoicemailContentProvider
07-03 07:41:19.442 19212 19212 I ActivityThread: Pub user_dictionary: com.android.providers.userdictionary.UserDictionaryProvider
07-03 07:41:19.461 19212 19212 I ActivityThread: Pub com.android.social: com.android.providers.contacts.SocialProvider
07-03 07:41:19.465 19212 19212 I ActivityThread: Pub applications: com.android.providers.applications.ApplicationsProvider
07-03 07:41:19.555 19212 19214 D dalvikvm: GC_CONCURRENT freed 321K, 5% free 9149K/9543K, paused 1ms+2ms
07-03 07:41:19.563 19212 19212 I ActivityThread: Pub contacts;com.android.contacts: com.android.providers.contacts.ContactsProvider2
07-03 07:41:19.574 19190 19193 D dalvikvm: GC_CONCURRENT freed 130K, 3% free 10209K/10439K, paused 2ms+4ms
07-03 07:41:19.727 19190 19193 D dalvikvm: GC_CONCURRENT freed 275K, 4% free 10359K/10759K, paused 2ms+7ms
07-03 07:41:19.777 19190 19206 D dalvikvm: GC_FOR_ALLOC freed 114K, 4% free 10485K/10887K, paused 22ms
07-03 07:41:19.781 19190 19206 I dalvikvm-heap: Grow heap (frag case) to 10.556MB for 260112-byte allocation
07-03 07:41:19.809 19190 19206 D dalvikvm: GC_FOR_ALLOC freed 126K, 5% free 10613K/11143K, paused 24ms
07-03 07:41:19.852 19190 19206 D dalvikvm: GC_FOR_ALLOC freed 373K, 6% free 10670K/11271K, paused 22ms
07-03 07:41:19.875 19190 19206 D dalvikvm: GC_FOR_ALLOC freed 126K, 5% free 10797K/11271K, paused 24ms
07-03 07:41:19.910 19190 19206 D dalvikvm: GC_FOR_ALLOC freed 369K, 6% free 10853K/11463K, paused 20ms
07-03 07:41:19.938   345   345 D SAN_SERVICE: *******************************************
07-03 07:41:19.938   345   345 D SAN_SERVICE: DM App Phone Service State - 1
07-03 07:41:19.938   345   345 D SAN_SERVICE: *******************************************
07-03 07:41:19.953 19190 19206 D dalvikvm: GC_FOR_ALLOC freed 126K, 5% free 10981K/11463K, paused 36ms
07-03 07:41:20.145 17606 17609 D dalvikvm: GC_CONCURRENT freed 407K, 11% free 10515K/11719K, paused 18ms+6ms
07-03 07:41:20.195  8272  8274 D dalvikvm: GC_CONCURRENT freed 431K, 8% free 10302K/11143K, paused 7ms+3ms
07-03 07:41:20.254 19212 19214 D dalvikvm: GC_CONCURRENT freed 233K, 4% free 9370K/9735K, paused 5ms+2ms
07-03 07:41:20.332 19190 19193 D dalvikvm: GC_CONCURRENT freed 339K, 4% free 11213K/11655K, paused 1ms+3ms
07-03 07:41:20.504 19190 19193 D dalvikvm: GC_CONCURRENT freed 138K, 3% free 11733K/11975K, paused 2ms+3ms
07-03 07:41:20.563   145   396 I ActivityManager: Process com.spotify.mobile.android.service (pid 18981) has died.
07-03 07:41:20.563   145   396 W ActivityManager: Scheduling restart of crashed service com.spotify.mobile.android.ui/com.spotify.mobile.android.service.SpotifyService in 5000ms
07-03 07:41:20.899 19190 19193 D dalvikvm: GC_CONCURRENT freed 546K, 6% free 12029K/12679K, paused 5ms+2ms
07-03 07:41:21.129 19190 19193 D dalvikvm: GC_CONCURRENT freed 213K, 3% free 12765K/13063K, paused 1ms+2ms
07-03 07:41:33.528 19212 19214 D dalvikvm: GC_CONCURRENT freed 211K, 4% free 9592K/9927K, paused 28ms+3ms
07-03 07:42:16.360   145   162 I ActivityManager: Start proc com.spotify.mobile.android.service for service com.spotify.mobile.android.ui/com.spotify.mobile.android.service.SpotifyService: pid=19233 uid=10055 gids={3003, 1015}
07-03 07:42:16.434 19233 19233 D dalvikvm: Trying to load lib /data/data/com.spotify.mobile.android.ui/lib/liborbit-jni-spotify.so 0x4133dcf0
07-03 07:42:16.488 19233 19233 D dalvikvm: Added shared lib /data/data/com.spotify.mobile.android.ui/lib/liborbit-jni-spotify.so 0x4133dcf0
07-03 07:43:20.797  8272  8274 D dalvikvm: GC_CONCURRENT freed 433K, 8% free 10301K/11143K, paused 8ms+3ms
07-03 07:43:26.008 17657 17670 I PhoneLab-: Service Running
07-03 07:43:26.113 17657 17670 I PhoneLab-LoggerService: app_37    1360  1     1436   992   c00f181c 400107b4 S logcat
07-03 07:43:26.113 17657 17670 I PhoneLab-LoggerService: Logcat pid from database 1360
07-03 07:43:26.113 17657 17670 I PhoneLab-LoggerService: Logcat process found 1360
07-03 07:43:26.113 17657 17670 I PhoneLab-LoggerService: Checking Threshold
07-03 07:43:26.113 17657 17670 I PhoneLab-: Service Running
07-03 07:43:26.145 17657 17670 I PhoneLab-LoggerService: app_37    1360  1     1436   992   c00f181c 400107b4 S logcat
07-03 07:43:26.145 17657 17670 I PhoneLab-LoggerService: Logcat pid from database 1360
07-03 07:43:26.149 17657 17670 I PhoneLab-LoggerService: Logcat process found 1360
07-03 07:43:26.149 17657 17670 I PhoneLab-LoggerService: Checking Threshold
07-03 07:43:26.149 17657 17670 I PhoneLab-: Service Running
07-03 07:43:26.176 17657 17670 I PhoneLab-LoggerService: app_37    1360  1     1436   992   c00f181c 400107b4 S logcat
07-03 07:43:26.176 17657 17670 I PhoneLab-LoggerService: Logcat pid from database 1360
07-03 07:43:26.176 17657 17670 I PhoneLab-LoggerService: Logcat process found 1360
07-03 07:43:26.176 17657 17670 I PhoneLab-LoggerService: Checking Threshold
07-03 07:44:11.410 17657 17670 I PhoneLab-: Service Running
07-03 07:44:11.449 17657 17670 I PhoneLab-LoggerService: app_37    1360  1     1436   992   c00f181c 400107b4 S logcat
07-03 07:44:11.449 17657 17670 I PhoneLab-LoggerService: Logcat pid from database 1360
07-03 07:44:11.449 17657 17670 I PhoneLab-LoggerService: Logcat process found 1360
07-03 07:44:11.449 17657 17670 I PhoneLab-LoggerService: Checking Threshold
07-03 07:44:11.504 19190 19271 I SqliteDatabaseCpp: sqlite returned: error code = 1, msg = no such column: wipeout_stats, db=/data/data/com.google.android.apps.plus/databases/picasa.db
07-03 07:44:11.504 19190 19271 W System.err: android.database.sqlite.SQLiteException: no such column: wipeout_stats: , while compiling: SELECT wipeout_stats  FROM account_status
07-03 07:44:11.512 19190 19271 W System.err: 	at android.database.sqlite.SQLiteCompiledSql.native_compile(Native Method)
07-03 07:44:11.512 19190 19271 W System.err: 	at android.database.sqlite.SQLiteCompiledSql.<init>(SQLiteCompiledSql.java:68)
07-03 07:44:11.512 19190 19271 W System.err: 	at android.database.sqlite.SQLiteProgram.compileSql(SQLiteProgram.java:143)
07-03 07:44:11.512 19190 19271 W System.err: 	at android.database.sqlite.SQLiteProgram.compileAndbindAllArgs(SQLiteProgram.java:361)
07-03 07:44:11.512 19190 19271 W System.err: 	at android.database.sqlite.SQLiteStatement.acquireAndLock(SQLiteStatement.java:260)
07-03 07:44:11.512 19190 19271 W System.err: 	at android.database.sqlite.SQLiteStatement.simpleQueryForLong(SQLiteStatement.java:137)
07-03 07:44:11.512 19190 19271 W System.err: 	at android.database.DatabaseUtils.longForQuery(DatabaseUtils.java:791)
07-03 07:44:11.516 19190 19271 W System.err: 	at android.database.DatabaseUtils.longForQuery(DatabaseUtils.java:779)
07-03 07:44:11.516 19190 19271 W System.err: 	at com.google.android.apps.plus.content.EsAccountsData.isContactsStatsWipeoutNeeded(EsAccountsData.java:641)
07-03 07:44:11.516 19190 19271 W System.err: 	at com.google.android.apps.plus.service.EsService.processIntent(EsService.java:4246)
07-03 07:44:11.516 19190 19271 W System.err: 	at com.google.android.apps.plus.service.ServiceThread$1.run(ServiceThread.java:50)
07-03 07:44:11.516 19190 19271 W System.err: 	at android.os.Handler.handleCallback(Handler.java:605)
07-03 07:44:11.516 19190 19271 W System.err: 	at android.os.Handler.dispatchMessage(Handler.java:92)
07-03 07:44:11.516 19190 19271 W System.err: 	at android.os.Looper.loop(Looper.java:137)
07-03 07:44:11.516 19190 19271 W System.err: 	at com.google.android.apps.plus.service.ServiceThread.run(ServiceThread.java:122)
07-03 07:44:12.613   216   218 D dalvikvm: GC_CONCURRENT freed 268K, 31% free 9923K/14343K, paused 9ms+5ms
07-03 07:44:12.727   216   218 D dalvikvm: GC_CONCURRENT freed 543K, 32% free 9846K/14343K, paused 2ms+7ms
07-03 07:44:13.590   145   310 I ActivityManager: Process com.android.calendar (pid 19011) has died.
07-03 07:44:19.656 17606 17609 D dalvikvm: GC_CONCURRENT freed 201K, 9% free 10704K/11719K, paused 37ms+2ms
07-03 07:44:22.246   145 22722 W ActivityManager: finishReceiver called but no pending broadcasts
07-03 07:44:22.508 17606 17609 D dalvikvm: GC_CONCURRENT freed 330K, 8% free 10816K/11719K, paused 12ms+65ms
07-03 07:44:22.609   216   216 D dalvikvm: GC_FOR_ALLOC freed 479K, 33% free 9741K/14343K, paused 21ms
07-03 07:45:19.379   216   218 D dalvikvm: GC_CONCURRENT freed 326K, 32% free 9870K/14343K, paused 2ms+3ms
07-03 07:45:19.508 19051 19277 D GetStringObjTask: retrieving from url = http://www.chess.com/api/get_move_status?id=y3ICtufzg6w7rQqcD3KFujVaIanpYba4bIpaeKElV1LNz3Sz4Fk9Yh5CeWaj8h4bQ2RY0CxFVgA%2ByBE5DE%2B1cAuw4i%2Bp2GVj5RbuDPEUotReGbS25iAukuBsuUd%2Fl5dp
07-03 07:45:19.574 17606 17609 D dalvikvm: GC_CONCURRENT freed 440K, 7% free 10899K/11719K, paused 12ms+3ms
07-03 07:45:19.735 19051 19053 D dalvikvm: GC_CONCURRENT freed 319K, 5% free 9479K/9927K, paused 26ms+1ms
07-03 07:45:19.766 19051 19277 E GetStringObjTask: I/O error while retrieving data from http://www.chess.com/api/get_move_status?id=y3ICtufzg6w7rQqcD3KFujVaIanpYba4bIpaeKElV1LNz3Sz4Fk9Yh5CeWaj8h4bQ2RY0CxFVgA%2ByBE5DE%2B1cAuw4i%2Bp2GVj5RbuDPEUotReGbS25iAukuBsuUd%2Fl5dp
07-03 07:45:19.766 19051 19277 E GetStringObjTask: org.apache.http.conn.HttpHostConnectException: Connection to http://www.chess.com refused
07-03 07:45:19.766 19051 19277 E GetStringObjTask: 	at org.apache.http.impl.conn.DefaultClientConnectionOperator.openConnection(DefaultClientConnectionOperator.java:183)
07-03 07:45:19.766 19051 19277 E GetStringObjTask: 	at org.apache.http.impl.conn.AbstractPoolEntry.open(AbstractPoolEntry.java:164)
07-03 07:45:19.766 19051 19277 E GetStringObjTask: 	at org.apache.http.impl.conn.AbstractPooledConnAdapter.open(AbstractPooledConnAdapter.java:119)
07-03 07:45:19.766 19051 19277 E GetStringObjTask: 	at org.apache.http.impl.client.DefaultRequestDirector.execute(DefaultRequestDirector.java:360)
07-03 07:45:19.766 19051 19277 E GetStringObjTask: 	at org.apache.http.impl.client.AbstractHttpClient.execute(AbstractHttpClient.java:555)
07-03 07:45:19.766 19051 19277 E GetStringObjTask: 	at org.apache.http.impl.client.AbstractHttpClient.execute(AbstractHttpClient.java:487)
07-03 07:45:19.766 19051 19277 E GetStringObjTask: 	at org.apache.http.impl.client.AbstractHttpClient.execute(AbstractHttpClient.java:465)
07-03 07:45:19.766 19051 19277 E GetStringObjTask: 	at com.chess.backend.tasks.GetStringObjTask.getData(GetStringObjTask.java:52)
07-03 07:45:19.766 19051 19277 E GetStringObjTask: 	at com.chess.backend.tasks.GetStringObjTask.doTheTask(GetStringObjTask.java:34)
07-03 07:45:19.766 19051 19277 E GetStringObjTask: 	at com.chess.backend.tasks.GetStringObjTask.doTheTask(GetStringObjTask.java:21)
07-03 07:45:19.766 19051 19277 E GetStringObjTask: 	at com.chess.backend.tasks.AbstractUpdateTask.doInBackground(AbstractUpdateTask.java:34)
07-03 07:45:19.766 19051 19277 E GetStringObjTask: 	at com.chess.backend.tasks.AbstractUpdateTask.doInBackground(AbstractUpdateTask.java:10)
07-03 07:45:19.766 19051 19277 E GetStringObjTask: 	at android.os.AsyncTask$2.call(AsyncTask.java:264)
07-03 07:45:19.766 19051 19277 E GetStringObjTask: 	at java.util.concurrent.FutureTask$Sync.innerRun(FutureTask.java:305)
07-03 07:45:19.766 19051 19277 E GetStringObjTask: 	at java.util.concurrent.FutureTask.run(FutureTask.java:137)
07-03 07:45:19.766 19051 19277 E GetStringObjTask: 	at android.os.AsyncTask$SerialExecutor$1.run(AsyncTask.java:208)
07-03 07:45:19.766 19051 19277 E GetStringObjTask: 	at java.util.concurrent.ThreadPoolExecutor.runWorker(ThreadPoolExecutor.java:1076)
07-03 07:45:19.766 19051 19277 E GetStringObjTask: 	at java.util.concurrent.ThreadPoolExecutor$Worker.run(ThreadPoolExecutor.java:569)
07-03 07:45:19.766 19051 19277 E GetStringObjTask: 	at java.lang.Thread.run(Thread.java:856)
07-03 07:45:19.766 19051 19277 E GetStringObjTask: Caused by: java.net.ConnectException: failed to connect to /23.15.7.96 (port 80) after 10000ms: connect failed: ENETUNREACH (Network is unreachable)
07-03 07:45:19.766 19051 19277 E GetStringObjTask: 	at libcore.io.IoBridge.connect(IoBridge.java:114)
07-03 07:45:19.766 19051 19277 E GetStringObjTask: 	at java.net.PlainSocketImpl.connect(PlainSocketImpl.java:192)
07-03 07:45:19.766 19051 19277 E GetStringObjTask: 	at java.net.PlainSocketImpl.connect(PlainSocketImpl.java:459)
07-03 07:45:19.766 19051 19277 E GetStringObjTask: 	at java.net.Socket.connect(Socket.java:842)
07-03 07:45:19.766 19051 19277 E GetStringObjTask: 	at org.apache.http.conn.scheme.PlainSocketFactory.connectSocket(PlainSocketFactory.java:119)
07-03 07:45:19.766 19051 19277 E GetStringObjTask: 	at org.apache.http.impl.conn.DefaultClientConnectionOperator.openConnection(DefaultClientConnectionOperator.java:144)
07-03 07:45:19.766 19051 19277 E GetStringObjTask: 	... 18 more
07-03 07:45:19.766 19051 19277 E GetStringObjTask: Caused by: libcore.io.ErrnoException: connect failed: ENETUNREACH (Network is unreachable)
07-03 07:45:19.766 19051 19277 E GetStringObjTask: 	at libcore.io.Posix.connect(Native Method)
07-03 07:45:19.766 19051 19277 E GetStringObjTask: 	at libcore.io.BlockGuardOs.connect(BlockGuardOs.java:85)
07-03 07:45:19.766 19051 19277 E GetStringObjTask: 	at libcore.io.IoBridge.connectErrno(IoBridge.java:138)
07-03 07:45:19.766 19051 19277 E GetStringObjTask: 	at libcore.io.IoBridge.connect(IoBridge.java:112)
07-03 07:45:19.766 19051 19277 E GetStringObjTask: 	... 23 more
07-03 07:45:20.992   145   145 D dalvikvm: GC_EXPLICIT freed 1412K, 28% free 17674K/24455K, paused 6ms+8ms
07-03 07:45:21.067  8272  8274 D dalvikvm: GC_CONCURRENT freed 431K, 8% free 10301K/11143K, paused 2ms+3ms
07-03 07:47:20.723  8272  8274 D dalvikvm: GC_CONCURRENT freed 431K, 8% free 10301K/11143K, paused 1ms+2ms
07-03 07:49:21.383  8272  8274 D dalvikvm: GC_CONCURRENT freed 431K, 8% free 10302K/11143K, paused 7ms+2ms
07-03 07:49:27.172 17657 17657 I PhoneLab-Locks: wake lock acquired
07-03 07:49:27.227 17657 19294 I PhoneLab-PeriodicCheckService: User info is synched
07-03 07:49:27.231 17657 19294 I PhoneLab-PeriodicCheckService: Logger Service is running
07-03 07:49:27.234 17657 17657 I PhoneLab-Locks: wake lock acquired
07-03 07:49:27.238 17657 17657 I PhoneLab-StatusMonitor: Status Monitoring is started
07-03 07:49:27.242 17657 19294 I PhoneLab-Locks: wake lock acquired
07-03 07:49:27.246 17657 19294 I PhoneLab-PeriodicCheckService: Rescheduling periodic checking...
07-03 07:49:27.250 17657 19294 I PhoneLab-Locks: wake lock released
07-03 07:49:27.293 17657 17657 E PhoneLab-PhoneLabManifest: java.io.FileNotFoundException: /data/data/edu.buffalo.cse.phonelab.phonelabservices/files/manifest.xml: open failed: ENOENT (No such file or directory)
07-03 07:49:27.313 17657 17657 I PhoneLab-Locks: wake lock released
07-03 07:49:27.320 17657 17657 I PhoneLab-UploadLogs: Transfering log files now
07-03 07:49:27.324 17657 17657 I PhoneLab-UploadLogs: No log files to transfer
07-03 07:49:27.324 17657 17657 I PhoneLab-Locks: wake lock released
07-03 07:49:27.328 17657 17657 I PhoneLab-UploadLogs: OnStartCommand
07-03 07:49:57.645   145   365 D AlarmManagerService: Kernel timezone updated to 240 minutes west of GMT
07-03 07:49:57.649   345   345 D SystemClock: Setting time of day to sec=1341316198
07-03 07:49:58.145   145   162 I ActivityManager: Start proc com.android.calendar for broadcast com.android.calendar/.widget.CalendarAppWidgetService$CalendarFactory: pid=19295 uid=10005 gids={3003}
07-03 07:49:58.149   145  1150 I ActivityManager: Process com.twitter.android (pid 19067) has died.
07-03 07:49:58.434   145   202 D ConnectivityService: ConnectivityChange for mobile: CONNECTED/CONNECTED
07-03 07:49:58.524   345   345 D SAN_SERVICE: *******************************************
07-03 07:49:58.524   345   345 D SAN_SERVICE: DM App Phone Service State - 0
07-03 07:49:58.524   345   345 D SAN_SERVICE: *******************************************
07-03 07:49:58.587   345   345 D SAN_SERVICE: *******************************************
07-03 07:49:58.587   345   345 D SAN_SERVICE: DM App Phone Service State - 0
07-03 07:49:58.587   345   345 D SAN_SERVICE: *******************************************
07-03 07:49:58.614 19295 19295 I ActivityThread: Pub com.android.calendar.CalendarRecentSuggestionsProvider: com.android.calendar.CalendarRecentSuggestionsProvider
07-03 07:49:58.618   145   198 D NetworkPolicy: applying policy NetworkPolicy[NetworkTemplate: matchRule=MOBILE_ALL, subscriberId=valid]: cycleDay=20, warningBytes=2147483648, limitBytes=-1, lastSnooze=-1 to ifaces [rmnet0]
07-03 07:49:58.782  9453 11412 V AlarmClock: AlarmInitReceiver finished
07-03 07:49:58.856 19028 19030 D dalvikvm: GC_CONCURRENT freed 324K, 5% free 9145K/9543K, paused 2ms+4ms
07-03 07:50:02.766   345   345 D SAN_SERVICE: *******************************************
07-03 07:50:02.766   345   345 D SAN_SERVICE: DM App Phone Service State - 0
07-03 07:50:02.766   345   345 D SAN_SERVICE: *******************************************
07-03 07:50:21.352   145   206 D Tethering: MasterInitialState.processMessage what=3
07-03 07:50:21.477 18452 18452 I MediaUploader: No need to wake up
07-03 07:50:21.512 19320 19320 I dalvikvm: Turning on JNI app bug workarounds for target SDK version 11...
07-03 07:50:21.539   145   169 I ActivityManager: Start proc com.twitter.android for service com.twitter.android/.platform.TwitterDataSyncService: pid=19320 uid=10064 gids={3003, 1015}
07-03 07:50:21.539   145 28236 I ActivityManager: Process com.google.android.maps.mytracks (pid 18688) has died.
07-03 07:50:21.805 19320 19320 I ActivityThread: Pub com.twitter.android.provider.GlobalDatabaseProvider: com.twitter.android.provider.GlobalDatabaseProvider
07-03 07:50:21.809 19320 19320 I ActivityThread: Pub com.twitter.android.provider.TwitterProvider: com.twitter.android.provider.TwitterProvider
07-03 07:50:22.000 19320 19336 D dalvikvm: GC_FOR_ALLOC freed 135K, 3% free 9262K/9479K, paused 66ms
07-03 07:50:22.219 19169 19169 W ContextScopeImpl: thread=1 tried to enter the scope of the application context. Ignored.
07-03 07:50:22.297   145   202 D ConnectivityService: ConnectivityChange for WIMAX: DISCONNECTED/SCANNING
07-03 07:50:22.297   145   202 D ConnectivityService: Attempting to switch to mobile
07-03 07:50:22.348   145   202 D ConnectivityService: Attempting to switch to WIFI
07-03 07:50:22.348   145   202 D ConnectivityService: Attempting to switch to BLUETOOTH_TETHER
07-03 07:50:22.359   145 22722 I ActivityManager: Process android.process.acore (pid 19212) has died.
07-03 07:50:22.559 19190 19209 D PicasaSyncManager: active network: NetworkInfo: type: mobile[CDMA - 1xRTT], state: CONNECTED/CONNECTED, reason: (unspecified), extra: , roaming: false, failover: false, isAvailable: true
07-03 07:50:22.613 19051 19343 D GetStringObjTask: retrieving from url = http://www.chess.com/api/get_move_status?id=y3ICtufzg6w7rQqcD3KFujVaIanpYba4bIpaeKElV1LNz3Sz4Fk9Yh5CeWaj8h4bQ2RY0CxFVgA%2ByBE5DE%2B1cAuw4i%2Bp2GVj5RbuDPEUotReGbS25iAukuBsuUd%2Fl5dp
07-03 07:50:22.688 19190 19209 D PicasaSyncManager: background data: true
07-03 07:50:22.711   145   198 D NetworkPolicy: applying policy NetworkPolicy[NetworkTemplate: matchRule=MOBILE_ALL, subscriberId=valid]: cycleDay=20, warningBytes=2147483648, limitBytes=-1, lastSnooze=-1 to ifaces [rmnet0]
07-03 07:50:22.809   145   147 D dalvikvm: GC_CONCURRENT freed 2014K, 28% free 17707K/24455K, paused 59ms+8ms
07-03 07:50:22.856   145   198 D NetworkPolicy: applying policy NetworkPolicy[NetworkTemplate: matchRule=MOBILE_ALL, subscriberId=valid]: cycleDay=20, warningBytes=2147483648, limitBytes=-1, lastSnooze=-1 to ifaces [rmnet0]
07-03 07:50:22.930 19320 19323 D dalvikvm: GC_CONCURRENT freed 180K, 4% free 9494K/9799K, paused 4ms+2ms
07-03 07:50:23.078 19320 19323 D dalvikvm: GC_CONCURRENT freed 303K, 5% free 9627K/10055K, paused 2ms+3ms
07-03 07:50:23.199 19320 19323 D dalvikvm: GC_CONCURRENT freed 302K, 5% free 9753K/10183K, paused 2ms+1ms
07-03 07:50:23.328 19320 19323 D dalvikvm: GC_CONCURRENT freed 309K, 5% free 9885K/10311K, paused 2ms+1ms
07-03 07:50:23.449 19320 19323 D dalvikvm: GC_CONCURRENT freed 311K, 5% free 10018K/10439K, paused 1ms+2ms
07-03 07:50:23.563 19320 19323 D dalvikvm: GC_CONCURRENT freed 306K, 4% free 10153K/10567K, paused 2ms+1ms
07-03 07:50:23.695 19320 19323 D dalvikvm: GC_CONCURRENT freed 287K, 4% free 10277K/10695K, paused 1ms+1ms
07-03 07:50:23.863 19320 19323 D dalvikvm: GC_CONCURRENT freed 484K, 6% free 10222K/10823K, paused 1ms+1ms
07-03 07:50:23.996 19320 19323 D dalvikvm: GC_CONCURRENT freed 323K, 5% free 10304K/10823K, paused 1ms+2ms
07-03 07:50:24.129 19320 19323 D dalvikvm: GC_CONCURRENT freed 319K, 5% free 10382K/10823K, paused 4ms+2ms
07-03 07:50:24.254 19320 19323 D dalvikvm: GC_CONCURRENT freed 362K, 5% free 10473K/10951K, paused 2ms+2ms
07-03 07:50:24.375 19320 19323 D dalvikvm: GC_CONCURRENT freed 360K, 5% free 10550K/11015K, paused 2ms+2ms
07-03 07:50:24.496 19320 19323 D dalvikvm: GC_CONCURRENT freed 339K, 5% free 10634K/11079K, paused 1ms+2ms
07-03 07:50:24.617 19320 19323 D dalvikvm: GC_CONCURRENT freed 368K, 5% free 10720K/11207K, paused 1ms+2ms
07-03 07:50:24.754 19320 19323 D dalvikvm: GC_CONCURRENT freed 402K, 5% free 10815K/11335K, paused 1ms+7ms
07-03 07:50:25.426   145   206 D Tethering: MasterInitialState.processMessage what=3
07-03 07:50:25.461   145   206 D Tethering: MasterInitialState.processMessage what=3
07-03 07:50:25.504 18452 18452 I MediaUploader: No need to wake up
07-03 07:50:25.551 19169 19169 W ContextScopeImpl: thread=1 tried to enter the scope of the application context. Ignored.
07-03 07:50:25.652 19190 19209 D PicasaSyncManager: active network: NetworkInfo: type: mobile[CDMA - 1xRTT], state: CONNECTED/CONNECTED, reason: (unspecified), extra: , roaming: false, failover: false, isAvailable: true
07-03 07:50:25.656 18452 18452 I MediaUploader: No need to wake up
07-03 07:50:25.668 19190 19209 D PicasaSyncManager: background data: true
07-03 07:50:25.727 19169 19169 W ContextScopeImpl: thread=1 tried to enter the scope of the application context. Ignored.
07-03 07:50:25.762 19190 19209 D PicasaSyncManager: active network: NetworkInfo: type: mobile[CDMA - 1xRTT], state: CONNECTED/CONNECTED, reason: (unspecified), extra: , roaming: false, failover: false, isAvailable: true
07-03 07:50:25.766 19190 19209 D PicasaSyncManager: background data: true
07-03 07:50:28.774   145   202 D ConnectivityService: ConnectivityChange for WIMAX: DISCONNECTED/SCANNING
07-03 07:50:28.774   145   202 D ConnectivityService: Attempting to switch to mobile
07-03 07:50:28.777   145   202 D ConnectivityService: Attempting to switch to WIFI
07-03 07:50:28.777   145   202 D ConnectivityService: Attempting to switch to BLUETOOTH_TETHER
07-03 07:50:28.848   145   198 D NetworkPolicy: applying policy NetworkPolicy[NetworkTemplate: matchRule=MOBILE_ALL, subscriberId=valid]: cycleDay=20, warningBytes=2147483648, limitBytes=-1, lastSnooze=-1 to ifaces [rmnet0]
07-03 07:50:28.856   145   198 D NetworkPolicy: applying policy NetworkPolicy[NetworkTemplate: matchRule=MOBILE_ALL, subscriberId=valid]: cycleDay=20, warningBytes=2147483648, limitBytes=-1, lastSnooze=-1 to ifaces [rmnet0]
07-03 07:50:29.871 19717 19717 I GTalkService/c: [AndroidEndpoint@1094222040] connect: acct=1000000, state=CONNECTING
07-03 07:50:29.891 19717 19717 I GTalkService/c: [GTalkConnection@1094322432] connect: acct=1, state=CONNECTING
07-03 07:50:29.984 19717 19720 D dalvikvm: GC_CONCURRENT freed 482K, 8% free 10790K/11719K, paused 2ms+4ms
07-03 07:50:31.875   145   206 D Tethering: MasterInitialState.processMessage what=3
07-03 07:50:31.910   145   206 D Tethering: MasterInitialState.processMessage what=3
07-03 07:50:31.957   145   202 D ConnectivityService: ConnectivityChange for mobile: DISCONNECTED/DISCONNECTED
07-03 07:50:31.961   145   202 D ConnectivityService: Attempting to switch to WIFI
07-03 07:50:31.961   145   202 D ConnectivityService: Attempting to switch to WIMAX
07-03 07:50:31.961   145   202 D ConnectivityService: Attempting to switch to BLUETOOTH_TETHER
07-03 07:50:31.965   145   202 D NetUtils: android_net_utils_resetConnections in env=0x9a76d8 clazz=0x1f200001 iface=rmnet0 mask=0x3
07-03 07:50:31.965   145   202 D ConnectivityService: resetConnections(rmnet0, 3)
07-03 07:50:31.981 18452 18452 I MediaUploader: No need to wake up
07-03 07:50:31.992   345   345 D SAN_SERVICE: *******************************************
07-03 07:50:31.992   345   345 D SAN_SERVICE: DM App Phone Service State - 1
07-03 07:50:31.992   345   345 D SAN_SERVICE: *******************************************
07-03 07:50:32.102   345   347 D dalvikvm: GC_CONCURRENT freed 903K, 14% free 12000K/13895K, paused 3ms+3ms
07-03 07:50:32.246 18452 18452 I MediaUploader: No need to wake up
07-03 07:50:32.262 17606 17624 W System.err: org.apache.http.conn.HttpHostConnectException: Connection to https://www.google.com refused
07-03 07:50:32.293 19717 19764 E GTalkService: connectionClosed: no XMPPConnection - That's strange!
07-03 07:50:32.293 19190 19209 D PicasaSyncManager: active network: null
07-03 07:50:32.297 19190 19209 D PicasaSyncManager: background data: true
07-03 07:50:32.340 17606 17624 W System.err: 	at org.apache.http.impl.conn.DefaultClientConnectionOperator.openConnection(DefaultClientConnectionOperator.java:183)
07-03 07:50:32.348 17606 17624 W System.err: 	at org.apache.http.impl.conn.AbstractPoolEntry.open(AbstractPoolEntry.java:164)
07-03 07:50:32.352 17606 17624 W System.err: 	at org.apache.http.impl.conn.AbstractPooledConnAdapter.open(AbstractPooledConnAdapter.java:119)
07-03 07:50:32.359 17606 17624 W System.err: 	at org.apache.http.impl.client.DefaultRequestDirector.execute(DefaultRequestDirector.java:452)
07-03 07:50:32.363 17606 17624 W System.err: 	at org.apache.http.impl.client.AbstractHttpClient.execute(AbstractHttpClient.java:555)
07-03 07:50:32.367 17606 17624 W System.err: 	at org.apache.http.impl.client.AbstractHttpClient.execute(AbstractHttpClient.java:487)
07-03 07:50:32.375 17606 17624 W System.err: 	at android.net.http.AndroidHttpClient.execute(AndroidHttpClient.java:257)
07-03 07:50:32.379 17606 17624 W System.err: 	at e.a.a(SourceFile:202)
07-03 07:50:32.383 17606 17624 W System.err: 	at e.a.execute(SourceFile:244)
07-03 07:50:32.395   145   202 D ConnectivityService: handleInetConditionChange: no active default network - ignore
07-03 07:50:32.410   145   361 D dalvikvm: GC_EXPLICIT freed 1628K, 28% free 17651K/24455K, paused 4ms+9ms
07-03 07:50:32.438 19190 19209 D PicasaSyncManager: active network: null
07-03 07:50:32.438 19190 19209 D PicasaSyncManager: background data: true
07-03 07:50:32.438 17606 17624 W System.err: 	at e.a.execute(SourceFile:312)
07-03 07:50:32.438 17606 17624 W System.err: 	at am.c.a(SourceFile:126)
07-03 07:50:32.438 17606 17624 W System.err: 	at am.c.f(SourceFile:172)
07-03 07:50:32.438 17606 17624 W System.err: 	at p.d.run(SourceFile:419)
07-03 07:50:32.438 17606 17624 W System.err: 	at p.c.c(SourceFile:225)
07-03 07:50:32.442 17606 17624 W System.err: 	at p.c.run(SourceFile:199)
07-03 07:50:32.442 17606 17624 W System.err: 	at ao.c.run(SourceFile:96)
07-03 07:50:32.442 17606 17624 W System.err: Caused by: java.net.ConnectException: failed to connect to /173.194.73.147 (port 443) after 60000ms: connect failed: ENETUNREACH (Network is unreachable)
07-03 07:50:32.461 17606 17624 W System.err: 	at libcore.io.IoBridge.connect(IoBridge.java:114)
07-03 07:50:32.465 17606 17624 W System.err: 	at java.net.PlainSocketImpl.connect(PlainSocketImpl.java:192)
07-03 07:50:32.465 17606 17624 W System.err: 	at java.net.PlainSocketImpl.connect(PlainSocketImpl.java:459)
07-03 07:50:32.465 17606 17624 W System.err: 	at java.net.Socket.connect(Socket.java:842)
07-03 07:50:32.465 17606 17624 W System.err: 	at org.apache.http.conn.scheme.PlainSocketFactory.connectSocket(PlainSocketFactory.java:119)
07-03 07:50:32.465 17606 17624 W System.err: 	at org.apache.http.impl.conn.DefaultClientConnectionOperator.openConnection(DefaultClientConnectionOperator.java:144)
07-03 07:50:32.465 17606 17624 W System.err: 	... 15 more
07-03 07:50:32.465 17606 17624 W System.err: Caused by: libcore.io.ErrnoException: connect failed: ENETUNREACH (Network is unreachable)
07-03 07:50:32.469 17606 17624 W System.err: 	at libcore.io.Posix.connect(Native Method)
07-03 07:50:32.469 17606 17624 W System.err: 	at libcore.io.BlockGuardOs.connect(BlockGuardOs.java:85)
07-03 07:50:32.469 17606 17624 W System.err: 	at libcore.io.IoBridge.connectErrno(IoBridge.java:138)
07-03 07:50:32.469 17606 17624 W System.err: 	at libcore.io.IoBridge.connect(IoBridge.java:112)
07-03 07:50:32.473 17606 17624 W System.err: 	... 20 more
07-03 07:50:32.484 19051 19343 E GetStringObjTask: I/O error while retrieving data from http://www.chess.com/api/get_move_status?id=y3ICtufzg6w7rQqcD3KFujVaIanpYba4bIpaeKElV1LNz3Sz4Fk9Yh5CeWaj8h4bQ2RY0CxFVgA%2ByBE5DE%2B1cAuw4i%2Bp2GVj5RbuDPEUotReGbS25iAukuBsuUd%2Fl5dp
07-03 07:50:32.484 19051 19343 E GetStringObjTask: org.apache.http.conn.HttpHostConnectException: Connection to http://www.chess.com refused
07-03 07:50:32.484 19051 19343 E GetStringObjTask: 	at org.apache.http.impl.conn.DefaultClientConnectionOperator.openConnection(DefaultClientConnectionOperator.java:183)
07-03 07:50:32.484 19051 19343 E GetStringObjTask: 	at org.apache.http.impl.conn.AbstractPoolEntry.open(AbstractPoolEntry.java:164)
07-03 07:50:32.484 19051 19343 E GetStringObjTask: 	at org.apache.http.impl.conn.AbstractPooledConnAdapter.open(AbstractPooledConnAdapter.java:119)
07-03 07:50:32.484 19051 19343 E GetStringObjTask: 	at org.apache.http.impl.client.DefaultRequestDirector.execute(DefaultRequestDirector.java:360)
07-03 07:50:32.484 19051 19343 E GetStringObjTask: 	at org.apache.http.impl.client.AbstractHttpClient.execute(AbstractHttpClient.java:555)
07-03 07:50:32.484 19051 19343 E GetStringObjTask: 	at org.apache.http.impl.client.AbstractHttpClient.execute(AbstractHttpClient.java:487)
07-03 07:50:32.484 19051 19343 E GetStringObjTask: 	at org.apache.http.impl.client.AbstractHttpClient.execute(AbstractHttpClient.java:465)
07-03 07:50:32.484 19051 19343 E GetStringObjTask: 	at com.chess.backend.tasks.GetStringObjTask.getData(GetStringObjTask.java:52)
07-03 07:50:32.484 19051 19343 E GetStringObjTask: 	at com.chess.backend.tasks.GetStringObjTask.doTheTask(GetStringObjTask.java:34)
07-03 07:50:32.484 19051 19343 E GetStringObjTask: 	at com.chess.backend.tasks.GetStringObjTask.doTheTask(GetStringObjTask.java:21)
07-03 07:50:32.484 19051 19343 E GetStringObjTask: 	at com.chess.backend.tasks.AbstractUpdateTask.doInBackground(AbstractUpdateTask.java:34)
07-03 07:50:32.484 19051 19343 E GetStringObjTask: 	at com.chess.backend.tasks.AbstractUpdateTask.doInBackground(AbstractUpdateTask.java:10)
07-03 07:50:32.484 19051 19343 E GetStringObjTask: 	at android.os.AsyncTask$2.call(AsyncTask.java:264)
07-03 07:50:32.484 19051 19343 E GetStringObjTask: 	at java.util.concurrent.FutureTask$Sync.innerRun(FutureTask.java:305)
07-03 07:50:32.484 19051 19343 E GetStringObjTask: 	at java.util.concurrent.FutureTask.run(FutureTask.java:137)
07-03 07:50:32.484 19051 19343 E GetStringObjTask: 	at android.os.AsyncTask$SerialExecutor$1.run(AsyncTask.java:208)
07-03 07:50:32.484 19051 19343 E GetStringObjTask: 	at java.util.concurrent.ThreadPoolExecutor.runWorker(ThreadPoolExecutor.java:1076)
07-03 07:50:32.484 19051 19343 E GetStringObjTask: 	at java.util.concurrent.ThreadPoolExecutor$Worker.run(ThreadPoolExecutor.java:569)
07-03 07:50:32.484 19051 19343 E GetStringObjTask: 	at java.lang.Thread.run(Thread.java:856)
07-03 07:50:32.484 19051 19343 E GetStringObjTask: Caused by: java.net.ConnectException: failed to connect to /23.15.7.96 (port 80) after 10000ms: connect failed: ENETUNREACH (Network is unreachable)
07-03 07:50:32.484 19051 19343 E GetStringObjTask: 	at libcore.io.IoBridge.connect(IoBridge.java:114)
07-03 07:50:32.484 19051 19343 E GetStringObjTask: 	at java.net.PlainSocketImpl.connect(PlainSocketImpl.java:192)
07-03 07:50:32.484 19051 19343 E GetStringObjTask: 	at java.net.PlainSocketImpl.connect(PlainSocketImpl.java:459)
07-03 07:50:32.484 19051 19343 E GetStringObjTask: 	at java.net.Socket.connect(Socket.java:842)
07-03 07:50:32.484 19051 19343 E GetStringObjTask: 	at org.apache.http.conn.scheme.PlainSocketFactory.connectSocket(PlainSocketFactory.java:119)
07-03 07:50:32.484 19051 19343 E GetStringObjTask: 	at org.apache.http.impl.conn.DefaultClientConnectionOperator.openConnection(DefaultClientConnectionOperator.java:144)
07-03 07:50:32.484 19051 19343 E GetStringObjTask: 	... 18 more
07-03 07:50:32.484 19051 19343 E GetStringObjTask: Caused by: libcore.io.ErrnoException: connect failed: ENETUNREACH (Network is unreachable)
07-03 07:50:32.484 19051 19343 E GetStringObjTask: 	at libcore.io.Posix.connect(Native Method)
07-03 07:50:32.484 19051 19343 E GetStringObjTask: 	at libcore.io.BlockGuardOs.connect(BlockGuardOs.java:85)
07-03 07:50:32.484 19051 19343 E GetStringObjTask: 	at libcore.io.IoBridge.connectErrno(IoBridge.java:138)
07-03 07:50:32.484 19051 19343 E GetStringObjTask: 	at libcore.io.IoBridge.connect(IoBridge.java:112)
07-03 07:50:32.484 19051 19343 E GetStringObjTask: 	... 23 more
07-03 07:50:32.731   145   348 I ActivityManager: Start proc android.process.acore for content provider com.android.providers.contacts/.ContactsProvider2: pid=19359 uid=10000 gids={3003, 1015}
07-03 07:50:32.774 19359 19359 I ActivityThread: Pub call_log: com.android.providers.contacts.CallLogProvider
07-03 07:50:32.832 19359 19359 I ActivityThread: Pub com.android.voicemail: com.android.providers.contacts.VoicemailContentProvider
07-03 07:50:32.848 19359 19359 I ActivityThread: Pub user_dictionary: com.android.providers.userdictionary.UserDictionaryProvider
07-03 07:50:32.883 19359 19359 I ActivityThread: Pub com.android.social: com.android.providers.contacts.SocialProvider
07-03 07:50:32.887 19359 19359 I ActivityThread: Pub applications: com.android.providers.applications.ApplicationsProvider
07-03 07:50:32.965 19359 19359 I ActivityThread: Pub contacts;com.android.contacts: com.android.providers.contacts.ContactsProvider2
07-03 07:50:32.981 19359 19361 D dalvikvm: GC_CONCURRENT freed 349K, 5% free 9186K/9607K, paused 4ms+3ms
07-03 07:50:33.266 19359 19361 D dalvikvm: GC_CONCURRENT freed 239K, 4% free 9368K/9735K, paused 11ms+5ms
07-03 07:50:33.969 19717 19764 E GTalkService: connectionClosed: no XMPPConnection - That's strange!
07-03 07:50:34.074   145   157 I ActivityManager: Process com.spotify.mobile.android.service (pid 19233) has died.
07-03 07:50:34.078   145   157 W ActivityManager: Scheduling restart of crashed service com.spotify.mobile.android.ui/com.spotify.mobile.android.service.SpotifyService in 20000ms
07-03 07:50:35.043   145   206 D Tethering: MasterInitialState.processMessage what=3
07-03 07:50:35.090 18452 18452 I MediaUploader: No need to wake up
07-03 07:50:35.176 19190 19209 D PicasaSyncManager: active network: null
07-03 07:50:35.176 19190 19209 D PicasaSyncManager: background data: true
07-03 07:50:35.238 17657 17659 D dalvikvm: GC_CONCURRENT freed 410K, 15% free 9123K/10631K, paused 2ms+2ms
07-03 07:50:35.340 19359 19361 D dalvikvm: GC_CONCURRENT freed 233K, 4% free 9560K/9927K, paused 56ms+3ms
07-03 07:50:36.914   145   194 E NetdConnector: Communications error
07-03 07:50:36.914   145   194 E NetdConnector: java.io.IOException: Connection refused
07-03 07:50:36.914   145   194 E NetdConnector: 	at android.net.LocalSocketImpl.connectLocal(Native Method)
07-03 07:50:36.914   145   194 E NetdConnector: 	at android.net.LocalSocketImpl.connect(LocalSocketImpl.java:238)
07-03 07:50:36.914   145   194 E NetdConnector: 	at android.net.LocalSocket.connect(LocalSocket.java:98)
07-03 07:50:36.914   145   194 E NetdConnector: 	at com.android.server.NativeDaemonConnector.listenToSocket(NativeDaemonConnector.java:119)
07-03 07:50:36.914   145   194 E NetdConnector: 	at com.android.server.NativeDaemonConnector.run(NativeDaemonConnector.java:88)
07-03 07:50:36.914   145   194 E NetdConnector: 	at java.lang.Thread.run(Thread.java:856)
07-03 07:50:36.926   145   194 E NetdConnector: Error in NativeDaemonConnector
07-03 07:50:36.926   145   194 E NetdConnector: java.io.IOException: Connection refused
07-03 07:50:36.926   145   194 E NetdConnector: 	at android.net.LocalSocketImpl.connectLocal(Native Method)
07-03 07:50:36.926   145   194 E NetdConnector: 	at android.net.LocalSocketImpl.connect(LocalSocketImpl.java:238)
07-03 07:50:36.926   145   194 E NetdConnector: 	at android.net.LocalSocket.connect(LocalSocket.java:98)
07-03 07:50:36.926   145   194 E NetdConnector: 	at com.android.server.NativeDaemonConnector.listenToSocket(NativeDaemonConnector.java:119)
07-03 07:50:36.926   145   194 E NetdConnector: 	at com.android.server.NativeDaemonConnector.run(NativeDaemonConnector.java:88)
07-03 07:50:36.926   145   194 E NetdConnector: 	at java.lang.Thread.run(Thread.java:856)
07-03 07:50:37.145 19377 19377 I Netd    : Netd 1.0 starting
07-03 07:51:07.414   145   396 D AlarmManagerService: Kernel timezone updated to 240 minutes west of GMT
07-03 07:51:07.449   145   202 D ConnectivityService: ConnectivityChange for mobile: CONNECTED/CONNECTED
07-03 07:51:07.492   345   345 D SAN_SERVICE: *******************************************
07-03 07:51:07.492   345   345 D SAN_SERVICE: DM App Phone Service State - 0
07-03 07:51:07.492   345   345 D SAN_SERVICE: *******************************************
07-03 07:51:07.610   145   198 D NetworkPolicy: applying policy NetworkPolicy[NetworkTemplate: matchRule=MOBILE_ALL, subscriberId=valid]: cycleDay=20, warningBytes=2147483648, limitBytes=-1, lastSnooze=-1 to ifaces [rmnet0]
07-03 07:51:24.817   145   206 D Tethering: MasterInitialState.processMessage what=3
07-03 07:51:24.949 18452 18452 I MediaUploader: No need to wake up
07-03 07:51:25.008 19169 19169 W ContextScopeImpl: thread=1 tried to enter the scope of the application context. Ignored.
07-03 07:51:25.211 19190 19209 D PicasaSyncManager: active network: NetworkInfo: type: mobile[CDMA - 1xRTT], state: CONNECTED/CONNECTED, reason: (unspecified), extra: , roaming: true, failover: false, isAvailable: true
07-03 07:51:25.211 19190 19209 D PicasaSyncManager: background data: true
07-03 07:51:26.961   345   345 D SAN_SERVICE: *******************************************
07-03 07:51:26.961   345   345 D SAN_SERVICE: DM App Phone Service State - 0
07-03 07:51:26.961   345   345 D SAN_SERVICE: *******************************************
07-03 07:51:28.891   145  4009 D AlarmManagerService: Kernel timezone updated to 240 minutes west of GMT
07-03 07:51:33.199   145   162 I ActivityManager: Start proc com.spotify.mobile.android.service for service com.spotify.mobile.android.ui/com.spotify.mobile.android.service.SpotifyService: pid=19404 uid=10055 gids={3003, 1015}
07-03 07:51:33.270 19404 19404 D dalvikvm: Trying to load lib /data/data/com.spotify.mobile.android.ui/lib/liborbit-jni-spotify.so 0x413411a8
07-03 07:51:33.324 19404 19404 D dalvikvm: Added shared lib /data/data/com.spotify.mobile.android.ui/lib/liborbit-jni-spotify.so 0x413411a8
07-03 07:51:35.961 19717 19717 I GTalkService/c: [AndroidEndpoint@1094222040] connect: acct=1000000, state=CONNECTING
07-03 07:51:35.969 19717 19717 I GTalkService/c: [GTalkConnection@1094322432] connect: acct=1, state=CONNECTING
07-03 07:51:41.524 17657 17670 I PhoneLab-: Service Running
07-03 07:51:41.629 17657 17670 I PhoneLab-LoggerService: app_37    1360  1     1436   992   c00f181c 400107b4 S logcat
07-03 07:51:41.633 17657 17670 I PhoneLab-LoggerService: Logcat pid from database 1360
07-03 07:51:41.633 17657 17670 I PhoneLab-LoggerService: Logcat process found 1360
07-03 07:51:41.633 17657 17670 I PhoneLab-LoggerService: Checking Threshold
07-03 07:51:41.633 17657 17670 I PhoneLab-: Service Running
07-03 07:51:41.660 17657 17670 I PhoneLab-LoggerService: app_37    1360  1     1436   992   c00f181c 400107b4 S logcat
07-03 07:51:41.660 17657 17670 I PhoneLab-LoggerService: Logcat pid from database 1360
07-03 07:51:41.660 17657 17670 I PhoneLab-LoggerService: Logcat process found 1360
07-03 07:51:41.660 17657 17670 I PhoneLab-LoggerService: Checking Threshold
07-03 07:51:41.660 17657 17670 I PhoneLab-: Service Running
07-03 07:51:41.692 17657 17670 I PhoneLab-LoggerService: app_37    1360  1     1436   992   c00f181c 400107b4 S logcat
07-03 07:51:41.692 17657 17670 I PhoneLab-LoggerService: Logcat pid from database 1360
07-03 07:51:41.692 17657 17670 I PhoneLab-LoggerService: Logcat process found 1360
07-03 07:51:41.692 17657 17670 I PhoneLab-LoggerService: Checking Threshold
07-03 07:51:41.692 17657 17670 I PhoneLab-: Service Running
07-03 07:51:41.727 17657 17670 I PhoneLab-LoggerService: app_37    1360  1     1436   992   c00f181c 400107b4 S logcat
07-03 07:51:41.727 17657 17670 I PhoneLab-LoggerService: Logcat pid from database 1360
07-03 07:51:41.731 17657 17670 I PhoneLab-LoggerService: Logcat process found 1360
07-03 07:51:41.731 17657 17670 I PhoneLab-LoggerService: Checking Threshold
07-03 07:51:46.008   145   202 D ConnectivityService: ConnectivityChange for mobile: DISCONNECTED/DISCONNECTED
07-03 07:51:46.008   145   202 D ConnectivityService: Attempting to switch to WIFI
07-03 07:51:46.008   145   202 D ConnectivityService: Attempting to switch to WIMAX
07-03 07:51:46.008   145   202 D ConnectivityService: Attempting to switch to BLUETOOTH_TETHER
07-03 07:51:46.012   145   202 D NetUtils: android_net_utils_resetConnections in env=0x9a76d8 clazz=0x33c00001 iface=rmnet0 mask=0x3
07-03 07:51:46.012   145   202 D ConnectivityService: resetConnections(rmnet0, 3)
07-03 07:51:46.043   345   345 D SAN_SERVICE: *******************************************
07-03 07:51:46.043   345   345 D SAN_SERVICE: DM App Phone Service State - 1
07-03 07:51:46.043   345   345 D SAN_SERVICE: *******************************************
07-03 07:51:46.153 19717 19764 E GTalkService: connectionClosed: no XMPPConnection - That's strange!
07-03 07:51:46.231   145   202 D ConnectivityService: handleInetConditionChange: no active default network - ignore
07-03 07:51:46.285 19190 19401 E EsSyncAdapterService: Sync failure
07-03 07:51:46.332   145   169 D SyncManager: failed sync operation lokeshmandvekar@gmail.com (com.google), com.google.android.apps.plus.content.EsProvider, SERVER, earliestRunTime 207033310, SyncResult: stats [ numIoExceptions: 2]
07-03 07:51:46.422 19190 19193 D dalvikvm: GC_CONCURRENT freed 1093K, 9% free 12812K/14023K, paused 26ms+6ms
07-03 07:51:46.625 19717 19764 E GTalkService: connectionClosed: no XMPPConnection - That's strange!
07-03 07:51:55.028   345   345 D SAN_SERVICE: *******************************************
07-03 07:51:55.028   345   345 D SAN_SERVICE: DM App Phone Service State - 1
07-03 07:51:55.028   345   345 D SAN_SERVICE: *******************************************
07-03 07:51:55.809   145   206 D Tethering: MasterInitialState.processMessage what=3
07-03 07:51:55.906 18452 18452 I MediaUploader: No need to wake up
07-03 07:51:56.121 19190 19209 D PicasaSyncManager: active network: null
07-03 07:51:56.121 19190 19209 D PicasaSyncManager: background data: true
07-03 07:51:56.121 19717 19720 D dalvikvm: GC_CONCURRENT freed 552K, 9% free 10750K/11719K, paused 2ms+3ms
07-03 07:51:56.149   145   147 D dalvikvm: JIT code cache reset in 8 ms (1048496 bytes 45/0)
07-03 07:51:56.176   145   147 D dalvikvm: GC_CONCURRENT freed 1875K, 28% free 17739K/24455K, paused 15ms+22ms
07-03 07:52:23.453 17606 17623 W System.err: org.apache.http.conn.HttpHostConnectException: Connection to https://www.google.com refused
07-03 07:52:23.488 17606 17623 W System.err: 	at org.apache.http.impl.conn.DefaultClientConnectionOperator.openConnection(DefaultClientConnectionOperator.java:183)
07-03 07:52:23.492 17606 17623 W System.err: 	at org.apache.http.impl.conn.AbstractPoolEntry.open(AbstractPoolEntry.java:164)
07-03 07:52:23.492 17606 17623 W System.err: 	at org.apache.http.impl.conn.AbstractPooledConnAdapter.open(AbstractPooledConnAdapter.java:119)
07-03 07:52:23.492 17606 17623 W System.err: 	at org.apache.http.impl.client.DefaultRequestDirector.execute(DefaultRequestDirector.java:360)
07-03 07:52:23.492 17606 17623 W System.err: 	at org.apache.http.impl.client.AbstractHttpClient.execute(AbstractHttpClient.java:555)
07-03 07:52:23.492 17606 17623 W System.err: 	at org.apache.http.impl.client.AbstractHttpClient.execute(AbstractHttpClient.java:487)
07-03 07:52:23.492 17606 17623 W System.err: 	at android.net.http.AndroidHttpClient.execute(AndroidHttpClient.java:257)
07-03 07:52:23.492 17606 17623 W System.err: 	at e.a.a(SourceFile:202)
07-03 07:52:23.492 17606 17623 W System.err: 	at e.a.execute(SourceFile:244)
07-03 07:52:23.492 17606 17623 W System.err: 	at e.a.execute(SourceFile:312)
07-03 07:52:23.492 17606 17623 W System.err: 	at am.c.a(SourceFile:126)
07-03 07:52:23.496 17606 17623 W System.err: 	at am.c.f(SourceFile:172)
07-03 07:52:23.496 17606 17623 W System.err: 	at p.d.run(SourceFile:419)
07-03 07:52:23.496 17606 17623 W System.err: 	at p.c.c(SourceFile:225)
07-03 07:52:23.496 17606 17623 W System.err: 	at p.c.run(SourceFile:199)
07-03 07:52:23.496 17606 17623 W System.err: 	at ao.c.run(SourceFile:96)
07-03 07:52:23.496 17606 17623 W System.err: Caused by: java.net.ConnectException: failed to connect to /173.194.73.147 (port 443) after 60000ms: connect failed: ENETUNREACH (Network is unreachable)
07-03 07:52:23.520 17606 17623 W System.err: 	at libcore.io.IoBridge.connect(IoBridge.java:114)
07-03 07:52:23.520 17606 17623 W System.err: 	at java.net.PlainSocketImpl.connect(PlainSocketImpl.java:192)
07-03 07:52:23.520 17606 17623 W System.err: 	at java.net.PlainSocketImpl.connect(PlainSocketImpl.java:459)
07-03 07:52:23.520 17606 17623 W System.err: 	at java.net.Socket.connect(Socket.java:842)
07-03 07:52:23.520 17606 17623 W System.err: 	at org.apache.http.conn.scheme.PlainSocketFactory.connectSocket(PlainSocketFactory.java:119)
07-03 07:52:23.520 17606 17623 W System.err: 	at org.apache.http.impl.conn.DefaultClientConnectionOperator.openConnection(DefaultClientConnectionOperator.java:144)
07-03 07:52:23.520 17606 17623 W System.err: 	... 15 more
07-03 07:52:23.520 17606 17623 W System.err: Caused by: libcore.io.ErrnoException: connect failed: ENETUNREACH (Network is unreachable)
07-03 07:52:23.524 17606 17623 W System.err: 	at libcore.io.Posix.connect(Native Method)
07-03 07:52:23.524 17606 17623 W System.err: 	at libcore.io.BlockGuardOs.connect(BlockGuardOs.java:85)
07-03 07:52:23.524 17606 17623 W System.err: 	at libcore.io.IoBridge.connectErrno(IoBridge.java:138)
07-03 07:52:23.524 17606 17623 W System.err: 	at libcore.io.IoBridge.connect(IoBridge.java:112)
07-03 07:52:23.524 17606 17623 W System.err: 	... 20 more
07-03 07:52:23.527 17606 17609 D dalvikvm: GC_CONCURRENT freed 533K, 7% free 10910K/11719K, paused 7ms+7ms
07-03 07:52:37.285   145   202 D ConnectivityService: ConnectivityChange for mobile: CONNECTED/CONNECTED
07-03 07:52:37.324   345   345 D SAN_SERVICE: *******************************************
07-03 07:52:37.324   345   345 D SAN_SERVICE: DM App Phone Service State - 0
07-03 07:52:37.324   345   345 D SAN_SERVICE: *******************************************
07-03 07:52:37.481   145   198 D NetworkPolicy: applying policy NetworkPolicy[NetworkTemplate: matchRule=MOBILE_ALL, subscriberId=valid]: cycleDay=20, warningBytes=2147483648, limitBytes=-1, lastSnooze=-1 to ifaces [rmnet0]
07-03 07:52:37.906   345   345 D SAN_SERVICE: *******************************************
07-03 07:52:37.906   345   345 D SAN_SERVICE: DM App Phone Service State - 0
07-03 07:52:37.906   345   345 D SAN_SERVICE: *******************************************
07-03 07:52:40.777   145   206 D Tethering: MasterInitialState.processMessage what=3
07-03 07:52:40.899 18452 18452 I MediaUploader: No need to wake up
07-03 07:52:40.945 19169 19169 W ContextScopeImpl: thread=1 tried to enter the scope of the application context. Ignored.
07-03 07:52:40.996 19190 19209 D PicasaSyncManager: active network: NetworkInfo: type: mobile[CDMA - EvDo rev. A], state: CONNECTED/CONNECTED, reason: (unspecified), extra: , roaming: false, failover: false, isAvailable: true
07-03 07:52:40.996 19190 19209 D PicasaSyncManager: background data: true
07-03 07:52:41.109   145   169 I ActivityManager: Start proc com.google.android.apps.currents for service com.google.android.apps.currents/com.google.apps.dots.android.app.service.SyncService: pid=19440 uid=10078 gids={3003, 1015}
07-03 07:52:41.238 19112 19115 D dalvikvm: GC_CONCURRENT freed 301K, 5% free 9304K/9735K, paused 23ms+7ms
07-03 07:52:41.465 19440 19440 I ActivityThread: Pub com.google.apps.dots.android.app.provider.SuggestionProvider: com.google.apps.dots.android.app.provider.SuggestionProvider
07-03 07:52:41.492 19440 19440 I ActivityThread: Pub com.google.android.apps.currents.exported: com.google.apps.dots.android.app.provider.ExportedContentProvider
07-03 07:52:41.613 19440 19442 D dalvikvm: GC_CONCURRENT freed 177K, 3% free 9358K/9607K, paused 7ms+2ms
07-03 07:52:41.676 19440 19442 D dalvikvm: GC_CONCURRENT freed 265K, 5% free 9585K/9991K, paused 2ms+2ms
07-03 07:52:41.797 19440 19442 D dalvikvm: GC_CONCURRENT freed 235K, 4% free 9828K/10183K, paused 1ms+5ms
07-03 07:52:41.981 19440 19442 D dalvikvm: GC_CONCURRENT freed 244K, 4% free 10108K/10439K, paused 1ms+3ms
07-03 07:52:42.024 19440 19440 I DotsContentUris: content://com.google.android.apps.currents
07-03 07:52:42.035 19440 19440 I ActivityThread: Pub com.google.android.apps.currents: com.google.apps.dots.android.app.provider.DotsContentProvider
07-03 07:52:42.043 19440 19440 I DotsApplication: Starting up...
07-03 07:52:42.203 17629 17631 D dalvikvm: GC_CONCURRENT freed 366K, 6% free 9965K/10567K, paused 96ms+38ms
07-03 07:52:42.317 19440 19442 D dalvikvm: GC_CONCURRENT freed 404K, 5% free 10148K/10631K, paused 3ms+2ms
07-03 07:52:42.606 19440 19442 D dalvikvm: GC_CONCURRENT freed 297K, 5% free 10320K/10759K, paused 6ms+3ms
07-03 07:52:48.496 19190 19193 D dalvikvm: GC_CONCURRENT freed 930K, 8% free 13054K/14087K, paused 10ms+4ms
07-03 07:52:50.863 19190 19464 E dalvikvm: Could not find class 'android.app.Notification$InboxStyle', referenced from method com.google.android.apps.plus.service.AndroidNotification.createDigestNotification
07-03 07:52:50.863 19190 19464 W dalvikvm: VFY: unable to resolve new-instance 41 (Landroid/app/Notification$InboxStyle;) in Lcom/google/android/apps/plus/service/AndroidNotification;
07-03 07:52:50.867 19190 19464 D dalvikvm: VFY: replacing opcode 0x22 at 0x0018
07-03 07:52:50.867 19190 19464 I dalvikvm: Could not find method android.app.Notification$Builder.setPriority, referenced from method com.google.android.apps.plus.service.AndroidNotification.createRichNotification
07-03 07:52:50.867 19190 19464 W dalvikvm: VFY: unable to resolve virtual method 162: Landroid/app/Notification$Builder;.setPriority (I)Landroid/app/Notification$Builder;
07-03 07:52:50.867 19190 19464 D dalvikvm: VFY: replacing opcode 0x6e at 0x00d5
07-03 07:52:50.887 19190 19464 D dalvikvm: DexOpt: unable to opt direct call 0x00a8 at 0x1a in Lcom/google/android/apps/plus/service/AndroidNotification;.createDigestNotification
07-03 07:52:50.887 19190 19464 D dalvikvm: DexOpt: unable to opt direct call 0x0091 at 0xf1 in Lcom/google/android/apps/plus/service/AndroidNotification;.createRichNotification
07-03 07:52:50.887 19190 19464 D dalvikvm: DexOpt: unable to opt direct call 0x0095 at 0x397 in Lcom/google/android/apps/plus/service/AndroidNotification;.createRichNotification
07-03 07:52:54.188 19717 19717 I GTalkService/c: [AndroidEndpoint@1094222040] connect: acct=1000000, state=CONNECTING
07-03 07:52:54.192 19717 19717 I GTalkService/c: [GTalkConnection@1094322432] connect: acct=1, state=CONNECTING
07-03 07:52:56.734   145   348 D dalvikvm: GC_EXPLICIT freed 1100K, 28% free 17685K/24455K, paused 3ms+7ms
07-03 07:52:56.824 19190 19193 D dalvikvm: GC_CONCURRENT freed 1250K, 10% free 13038K/14407K, paused 10ms+3ms
07-03 07:52:57.246   145   202 D ConnectivityService: handleInetConditionHoldEnd: net=0, condition=100, published condition=0
07-03 07:52:57.621 19717 19764 D dalvikvm: GC_EXPLICIT freed 388K, 8% free 10799K/11719K, paused 66ms+5ms
07-03 07:52:57.656   145   162 I ActivityManager: Start proc com.google.android.talk for broadcast com.google.android.talk/.ConnectionStateOnlineReceiver: pid=19476 uid=10045 gids={3003, 1015, 1006, 3002}
07-03 07:52:58.086 19476 19476 I ActivityThread: Pub com.google.android.talk.SuggestionProvider: com.google.android.talk.SuggestionsProvider
07-03 07:52:58.645   145 22722 I ActivityManager: Process com.google.android.apps.maps:LocationFriendService (pid 8272) has died.
07-03 07:52:58.699 19476 19476 D vclib:CallStateClient: startListening
07-03 07:52:58.832 19476 19479 D dalvikvm: GC_CONCURRENT freed 133K, 3% free 9355K/9607K, paused 45ms+2ms
07-03 07:52:59.082 19190 19193 D dalvikvm: GC_CONCURRENT freed 1079K, 9% free 13203K/14407K, paused 3ms+2ms
07-03 07:53:02.559 19190 19475 D dalvikvm: GC_EXPLICIT freed 1146K, 9% free 13314K/14535K, paused 9ms+4ms
07-03 07:53:02.617 19359 19361 D dalvikvm: GC_CONCURRENT freed 482K, 7% free 9505K/10119K, paused 2ms+3ms
07-03 07:53:02.852   145   157 I ActivityManager: Process com.android.calendar (pid 19295) has died.
07-03 07:53:02.926   375   377 D dalvikvm: GC_CONCURRENT freed 721K, 22% free 11568K/14791K, paused 2ms+5ms
07-03 07:53:03.805 19190 19464 D dalvikvm: GC_FOR_ALLOC freed 525K, 7% free 13594K/14535K, paused 155ms
07-03 07:53:03.879 19190 19464 D dalvikvm: GC_FOR_ALLOC freed 345K, 9% free 13584K/14919K, paused 57ms
07-03 07:53:03.887 19190 19464 I dalvikvm-heap: Grow heap (frag case) to 13.662MB for 342104-byte allocation
07-03 07:53:03.934 19190 19190 D dalvikvm: GC_FOR_ALLOC freed 8K, 10% free 13909K/15303K, paused 37ms
07-03 07:53:05.156 17629 17631 D dalvikvm: GC_CONCURRENT freed 351K, 6% free 10023K/10567K, paused 100ms+317ms
07-03 07:53:05.711 19190 19193 D dalvikvm: GC_CONCURRENT freed 1014K, 8% free 14416K/15559K, paused 2ms+3ms
07-03 07:53:07.067 19359 19361 D dalvikvm: GC_CONCURRENT freed 325K, 6% free 9563K/10119K, paused 2ms+3ms
07-03 07:53:07.797 19190 19193 D dalvikvm: GC_CONCURRENT freed 1722K, 12% free 14408K/16263K, paused 10ms+3ms
07-03 07:53:09.512   216   218 D dalvikvm: GC_CONCURRENT freed 329K, 31% free 10007K/14343K, paused 7ms+3ms
07-03 07:53:09.649   216   218 D dalvikvm: GC_CONCURRENT freed 564K, 31% free 9913K/14343K, paused 2ms+3ms
07-03 07:53:10.313 19190 19464 I SqliteDatabaseCpp: sqlite returned: error code = 1, msg = no such column: last_stats_sync_time, db=/data/data/com.google.android.apps.plus/databases/picasa.db
07-03 07:53:10.340 19190 19464 E EsSyncAdapterService: Sync failure
07-03 07:53:10.340 19190 19464 E EsSyncAdapterService: android.database.sqlite.SQLiteException: no such column: last_stats_sync_time: , while compiling: SELECT last_stats_sync_time  FROM account_status
07-03 07:53:10.340 19190 19464 E EsSyncAdapterService: 	at android.database.sqlite.SQLiteCompiledSql.native_compile(Native Method)
07-03 07:53:10.340 19190 19464 E EsSyncAdapterService: 	at android.database.sqlite.SQLiteCompiledSql.<init>(SQLiteCompiledSql.java:68)
07-03 07:53:10.340 19190 19464 E EsSyncAdapterService: 	at android.database.sqlite.SQLiteProgram.compileSql(SQLiteProgram.java:143)
07-03 07:53:10.340 19190 19464 E EsSyncAdapterService: 	at android.database.sqlite.SQLiteProgram.compileAndbindAllArgs(SQLiteProgram.java:361)
07-03 07:53:10.340 19190 19464 E EsSyncAdapterService: 	at android.database.sqlite.SQLiteStatement.acquireAndLock(SQLiteStatement.java:260)
07-03 07:53:10.340 19190 19464 E EsSyncAdapterService: 	at android.database.sqlite.SQLiteStatement.simpleQueryForLong(SQLiteStatement.java:137)
07-03 07:53:10.340 19190 19464 E EsSyncAdapterService: 	at android.database.DatabaseUtils.longForQuery(DatabaseUtils.java:791)
07-03 07:53:10.340 19190 19464 E EsSyncAdapterService: 	at android.database.DatabaseUtils.longForQuery(DatabaseUtils.java:779)
07-03 07:53:10.340 19190 19464 E EsSyncAdapterService: 	at com.google.android.apps.plus.content.EsAccountsData.queryLastStatsSyncTimestamp(EsAccountsData.java:570)
07-03 07:53:10.340 19190 19464 E EsSyncAdapterService: 	at com.google.android.apps.plus.service.EsSyncAdapterService.syncContactsStatsIfNecessary(EsSyncAdapterService.java:670)
07-03 07:53:10.340 19190 19464 E EsSyncAdapterService: 	at com.google.android.apps.plus.service.EsSyncAdapterService.doFullSync(EsSyncAdapterService.java:633)
07-03 07:53:10.340 19190 19464 E EsSyncAdapterService: 	at com.google.android.apps.plus.service.EsSyncAdapterService.doSync(EsSyncAdapterService.java:566)
07-03 07:53:10.340 19190 19464 E EsSyncAdapterService: 	at com.google.android.apps.plus.service.EsSyncAdapterService.access$100(EsSyncAdapterService.java:52)
07-03 07:53:10.340 19190 19464 E EsSyncAdapterService: 	at com.google.android.apps.plus.service.EsSyncAdapterService$SyncAdapterImpl.onPerformSync(EsSyncAdapterService.java:408)
07-03 07:53:10.340 19190 19464 E EsSyncAdapterService: 	at android.content.AbstractThreadedSyncAdapter$SyncThread.run(AbstractThreadedSyncAdapter.java:247)
07-03 07:53:10.395   145   169 D SyncManager: failed sync operation lokeshmandvekar@gmail.com (com.google), com.google.android.apps.plus.content.EsProvider, SERVER, earliestRunTime 207487760, SyncResult: stats [ numParseExceptions: 1]
07-03 07:53:10.399   145   169 D SyncManager: not retrying sync operation because the error is a hard error: lokeshmandvekar@gmail.com (com.google), com.google.android.apps.plus.content.EsProvider, SERVER, earliestRunTime 207571817
07-03 07:53:24.238 19190 19193 D dalvikvm: GC_CONCURRENT freed 2881K, 19% free 13267K/16263K, paused 2ms+3ms
07-03 07:53:24.504 17606 17609 D dalvikvm: GC_CONCURRENT freed 933K, 11% free 10530K/11719K, paused 8ms+9ms
07-03 07:53:24.641 19359 19489 D dalvikvm: GC_EXPLICIT freed 278K, 7% free 9478K/10119K, paused 1ms+3ms
07-03 07:53:24.820   145   310 D dalvikvm: GC_EXPLICIT freed 815K, 28% free 17649K/24455K, paused 7ms+7ms
07-03 07:53:25.317   145   157 I ActivityManager: Start proc com.google.android.apps.maps:LocationFriendService for service com.google.android.apps.maps/com.google.googlenav.friend.reporting.LocationReceiverService: pid=19507 uid=10056 gids={3003, 1015}
07-03 07:53:25.348    79    79 D dalvikvm: GC_EXPLICIT freed 37K, 4% free 9031K/9347K, paused 3ms+7ms
07-03 07:53:25.395    79    79 D dalvikvm: GC_EXPLICIT freed <1K, 4% free 9031K/9347K, paused 4ms+3ms
07-03 07:53:25.426    79    79 D dalvikvm: GC_EXPLICIT freed <1K, 4% free 9031K/9347K, paused 2ms+2ms
07-03 07:53:25.547 19507 19508 D dalvikvm: GC_CONCURRENT freed 178K, 3% free 9358K/9607K, paused 12ms+2ms
07-03 07:53:26.090 19507 19508 D dalvikvm: GC_CONCURRENT freed 179K, 4% free 9620K/9927K, paused 1ms+2ms
07-03 07:53:26.156 17629 19521 D dalvikvm: GC_EXPLICIT freed 249K, 6% free 10007K/10567K, paused 6ms+3ms
07-03 07:53:26.176 19359 19361 D dalvikvm: GC_CONCURRENT freed 314K, 6% free 9548K/10119K, paused 2ms+4ms
07-03 07:53:26.871   145   145 I ActivityManager: Process com.android.providers.calendar (pid 19028) has died.
07-03 07:53:26.988 19507 19508 D dalvikvm: GC_CONCURRENT freed 273K, 4% free 9891K/10247K, paused 3ms+72ms
07-03 07:53:27.094 19507 19514 I dalvikvm: Total arena pages for JIT: 11
07-03 07:53:27.098 19507 19514 I dalvikvm: Total arena pages for JIT: 12
07-03 07:53:27.102 19507 19514 I dalvikvm: Total arena pages for JIT: 13
07-03 07:53:27.102 19507 19514 I dalvikvm: Total arena pages for JIT: 14
07-03 07:53:27.102 19507 19514 I dalvikvm: Total arena pages for JIT: 15
07-03 07:53:27.102 19507 19514 I dalvikvm: Total arena pages for JIT: 16
07-03 07:53:27.102 19507 19514 I dalvikvm: Total arena pages for JIT: 17
07-03 07:53:27.149   145   365 I ActivityManager: Process com.twitter.android (pid 19320) has died.
07-03 07:53:27.278 19507 19508 D dalvikvm: GC_CONCURRENT freed 353K, 5% free 9998K/10439K, paused 8ms+11ms
07-03 07:53:30.117 19507 19508 D dalvikvm: GC_CONCURRENT freed 421K, 6% free 10030K/10567K, paused 1ms+3ms
07-03 07:53:42.223 17629 17631 D dalvikvm: GC_CONCURRENT freed 425K, 6% free 10007K/10567K, paused 11ms+6ms
07-03 07:54:23.762 17606 17609 D dalvikvm: GC_CONCURRENT freed 378K, 10% free 10571K/11719K, paused 2ms+7ms
07-03 07:54:23.770   145  1149 D AlarmManagerService: Kernel timezone updated to 240 minutes west of GMT
07-03 07:54:24.668 19507 19514 I dalvikvm: Total arena pages for JIT: 18
07-03 07:55:22.414 19051 19546 D GetStringObjTask: retrieving from url = http://www.chess.com/api/get_move_status?id=y3ICtufzg6w7rQqcD3KFujVaIanpYba4bIpaeKElV1LNz3Sz4Fk9Yh5CeWaj8h4bQ2RY0CxFVgA%2ByBE5DE%2B1cAuw4i%2Bp2GVj5RbuDPEUotReGbS25iAukuBsuUd%2Fl5dp
07-03 07:55:24.414   216   218 D dalvikvm: GC_CONCURRENT freed 662K, 33% free 9744K/14343K, paused 1ms+3ms
07-03 07:55:24.461   216   218 D dalvikvm: GC_CONCURRENT freed 322K, 32% free 9869K/14343K, paused 2ms+3ms
07-03 07:55:24.570   216   218 D dalvikvm: GC_CONCURRENT freed 484K, 32% free 9817K/14343K, paused 1ms+3ms
07-03 07:55:27.899 17606 17609 D dalvikvm: GC_CONCURRENT freed 516K, 10% free 10572K/11719K, paused 13ms+2ms
07-03 07:55:28.004 19051 19546 D GetStringObjTask: WebRequest SERVER RESPONSE: Success+0
07-03 07:55:28.055 19507 19508 D dalvikvm: GC_CONCURRENT freed 487K, 6% free 10072K/10631K, paused 7ms+2ms
07-03 07:55:35.379   145   175 I ActivityManager: Start proc com.twitter.android for service com.twitter.android/.client.AppService: pid=19549 uid=10064 gids={3003, 1015}
07-03 07:55:40.352 19549 19549 I dalvikvm: Turning on JNI app bug workarounds for target SDK version 11...
07-03 07:55:40.371   145   156 D AlarmManagerService: Kernel timezone updated to 240 minutes west of GMT
07-03 07:55:40.484 19549 19549 I ActivityThread: Pub com.twitter.android.provider.GlobalDatabaseProvider: com.twitter.android.provider.GlobalDatabaseProvider
07-03 07:55:40.492 19549 19549 I ActivityThread: Pub com.twitter.android.provider.TwitterProvider: com.twitter.android.provider.TwitterProvider
07-03 07:55:40.660 19549 19550 D dalvikvm: GC_CONCURRENT freed 201K, 4% free 9271K/9607K, paused 2ms+2ms
07-03 07:55:40.832 19549 19550 D dalvikvm: GC_CONCURRENT freed 173K, 4% free 9498K/9799K, paused 2ms+13ms
07-03 07:55:40.965 19549 19550 D dalvikvm: GC_CONCURRENT freed 308K, 5% free 9633K/10055K, paused 1ms+2ms
07-03 07:55:41.094 19549 19550 D dalvikvm: GC_CONCURRENT freed 304K, 5% free 9762K/10183K, paused 2ms+2ms
07-03 07:55:41.211 19549 19550 D dalvikvm: GC_CONCURRENT freed 308K, 5% free 9893K/10311K, paused 2ms+1ms
07-03 07:55:41.332 19549 19550 D dalvikvm: GC_CONCURRENT freed 294K, 4% free 10040K/10439K, paused 1ms+3ms
07-03 07:55:41.449 19549 19550 D dalvikvm: GC_CONCURRENT freed 294K, 4% free 10146K/10567K, paused 2ms+1ms
07-03 07:55:41.563 19549 19550 D dalvikvm: GC_CONCURRENT freed 296K, 4% free 10276K/10695K, paused 1ms+2ms
07-03 07:55:41.727 19549 19550 D dalvikvm: GC_CONCURRENT freed 491K, 6% free 10221K/10823K, paused 2ms+6ms
07-03 07:55:41.852 19549 19550 D dalvikvm: GC_CONCURRENT freed 324K, 5% free 10296K/10823K, paused 1ms+1ms
07-03 07:55:41.988 19549 19550 D dalvikvm: GC_CONCURRENT freed 314K, 5% free 10384K/10823K, paused 1ms+2ms
07-03 07:55:42.106 19549 19550 D dalvikvm: GC_CONCURRENT freed 375K, 5% free 10472K/10951K, paused 1ms+2ms
07-03 07:55:42.227 19549 19550 D dalvikvm: GC_CONCURRENT freed 352K, 5% free 10557K/11015K, paused 2ms+2ms
07-03 07:55:42.344 19549 19550 D dalvikvm: GC_CONCURRENT freed 334K, 4% free 10639K/11079K, paused 1ms+2ms
07-03 07:55:42.469 19549 19550 D dalvikvm: GC_CONCURRENT freed 376K, 5% free 10727K/11207K, paused 2ms+2ms
07-03 07:55:42.598 19549 19550 D dalvikvm: GC_CONCURRENT freed 406K, 5% free 10822K/11335K, paused 1ms+2ms
07-03 07:55:44.363 19549 19550 D dalvikvm: GC_CONCURRENT freed 334K, 4% free 11005K/11463K, paused 2ms+2ms
07-03 07:55:45.192 19549 19550 D dalvikvm: GC_CONCURRENT freed 441K, 5% free 11145K/11719K, paused 1ms+3ms
07-03 07:55:47.828   145   365 I ActivityManager: Process com.spotify.mobile.android.service (pid 19404) has died.
07-03 07:55:47.828   145   365 W ActivityManager: Scheduling restart of crashed service com.spotify.mobile.android.ui/com.spotify.mobile.android.service.SpotifyService in 5000ms
07-03 07:55:47.922 19549 19550 D dalvikvm: GC_CONCURRENT freed 613K, 7% free 11244K/11975K, paused 2ms+12ms
07-03 07:56:21.020   145   162 I ActivityManager: Start proc com.spotify.mobile.android.service for service com.spotify.mobile.android.ui/com.spotify.mobile.android.service.SpotifyService: pid=19573 uid=10055 gids={3003, 1015}
07-03 07:56:21.094 19573 19573 D dalvikvm: Trying to load lib /data/data/com.spotify.mobile.android.ui/lib/liborbit-jni-spotify.so 0x4133b830
07-03 07:56:21.137 19573 19573 D dalvikvm: Added shared lib /data/data/com.spotify.mobile.android.ui/lib/liborbit-jni-spotify.so 0x4133b830
07-03 07:56:21.461   145   365 D dalvikvm: GC_EXPLICIT freed 1305K, 28% free 17675K/24455K, paused 50ms+20ms
07-03 07:56:21.469   145   396 I ActivityManager: Process com.google.android.apps.uploader (pid 18452) has died.
07-03 07:56:24.207   145   348 I ActivityManager: Process com.android.sprintmenu (pid 17443) has died.
07-03 07:56:24.207   145   348 W ActivityManager: Scheduling restart of crashed service com.android.sprintmenu/.HiddenPhoneService in 5000ms
07-03 07:56:24.274 17606 17609 D dalvikvm: GC_CONCURRENT freed 437K, 10% free 10568K/11719K, paused 1ms+54ms
07-03 07:56:28.774 17657 17670 I PhoneLab-: Service Running
07-03 07:56:28.867   145  1150 I ActivityManager: Process com.google.android.youtube (pid 19130) has died.
07-03 07:56:28.957 17657 17670 I PhoneLab-LoggerService: app_37    1360  1     1436   992   c00f181c 400107b4 S logcat
07-03 07:56:28.957 17657 17670 I PhoneLab-LoggerService: Logcat pid from database 1360
07-03 07:56:28.957 17657 17670 I PhoneLab-LoggerService: Logcat process found 1360
07-03 07:56:28.957 17657 17670 I PhoneLab-LoggerService: Checking Threshold
07-03 07:56:28.961 17657 17670 I PhoneLab-: Service Running
07-03 07:56:28.992 17657 17670 I PhoneLab-LoggerService: app_37    1360  1     1436   992   c00f181c 400107b4 S logcat
07-03 07:56:28.992 17657 17670 I PhoneLab-LoggerService: Logcat pid from database 1360
07-03 07:56:28.992 17657 17670 I PhoneLab-LoggerService: Logcat process found 1360
07-03 07:56:28.992 17657 17670 I PhoneLab-LoggerService: Checking Threshold
07-03 07:56:29.258   145   162 I ActivityManager: Start proc com.android.sprintmenu for service com.android.sprintmenu/.HiddenPhoneService: pid=19599 uid=1001 gids={3002, 3001, 3003, 1015}
07-03 07:57:25.520 19507 19508 D dalvikvm: GC_CONCURRENT freed 520K, 6% free 10098K/10695K, paused 22ms+49ms
07-03 07:58:24.555 17606 17609 D dalvikvm: GC_CONCURRENT freed 513K, 10% free 10571K/11719K, paused 2ms+2ms
07-03 07:58:24.692 19507 19508 D dalvikvm: GC_CONCURRENT freed 452K, 6% free 10060K/10695K, paused 1ms+2ms
07-03 07:58:38.883 19190 19619 I SqliteDatabaseCpp: sqlite returned: error code = 1, msg = no such column: wipeout_stats, db=/data/data/com.google.android.apps.plus/databases/picasa.db
07-03 07:58:38.887 19190 19619 W System.err: android.database.sqlite.SQLiteException: no such column: wipeout_stats: , while compiling: SELECT wipeout_stats  FROM account_status
07-03 07:58:38.981 19190 19619 W System.err: 	at android.database.sqlite.SQLiteCompiledSql.native_compile(Native Method)
07-03 07:58:38.981 19190 19619 W System.err: 	at android.database.sqlite.SQLiteCompiledSql.<init>(SQLiteCompiledSql.java:68)
07-03 07:58:38.981 19190 19619 W System.err: 	at android.database.sqlite.SQLiteProgram.compileSql(SQLiteProgram.java:143)
07-03 07:58:38.981 19190 19619 W System.err: 	at android.database.sqlite.SQLiteProgram.compileAndbindAllArgs(SQLiteProgram.java:361)
07-03 07:58:38.981 19190 19619 W System.err: 	at android.database.sqlite.SQLiteStatement.acquireAndLock(SQLiteStatement.java:260)
07-03 07:58:38.985 19190 19619 W System.err: 	at android.database.sqlite.SQLiteStatement.simpleQueryForLong(SQLiteStatement.java:137)
07-03 07:58:38.985 19190 19619 W System.err: 	at android.database.DatabaseUtils.longForQuery(DatabaseUtils.java:791)
07-03 07:58:38.985 19190 19619 W System.err: 	at android.database.DatabaseUtils.longForQuery(DatabaseUtils.java:779)
07-03 07:58:38.985 19190 19619 W System.err: 	at com.google.android.apps.plus.content.EsAccountsData.isContactsStatsWipeoutNeeded(EsAccountsData.java:641)
07-03 07:58:38.985 19190 19619 W System.err: 	at com.google.android.apps.plus.service.EsService.processIntent(EsService.java:4246)
07-03 07:58:38.985 19190 19619 W System.err: 	at com.google.android.apps.plus.service.ServiceThread$1.run(ServiceThread.java:50)
07-03 07:58:38.985 19190 19619 W System.err: 	at android.os.Handler.handleCallback(Handler.java:605)
07-03 07:58:38.988 19190 19619 W System.err: 	at android.os.Handler.dispatchMessage(Handler.java:92)
07-03 07:58:38.988 19190 19619 W System.err: 	at android.os.Looper.loop(Looper.java:137)
07-03 07:58:38.988 19190 19619 W System.err: 	at com.google.android.apps.plus.service.ServiceThread.run(ServiceThread.java:122)
07-03 07:58:41.981 19190 19193 D dalvikvm: GC_CONCURRENT freed 1186K, 18% free 13369K/16263K, paused 11ms+4ms
07-03 07:58:46.020 19190 19193 D dalvikvm: GC_CONCURRENT freed 1380K, 19% free 13328K/16263K, paused 2ms+3ms
07-03 07:58:51.059 19190 19197 I dalvikvm: Jit: resizing JitTable from 4096 to 8192
07-03 07:58:51.426 19190 19620 D dalvikvm: GC_FOR_ALLOC freed 804K, 16% free 13677K/16263K, paused 143ms
07-03 07:58:51.426 19190 19620 I dalvikvm-heap: Grow heap (frag case) to 13.752MB for 342091-byte allocation
07-03 07:58:51.461 19190 19620 D dalvikvm: GC_FOR_ALLOC freed 41K, 17% free 13969K/16647K, paused 37ms
07-03 07:58:52.453 19190 19193 D dalvikvm: GC_CONCURRENT freed 1040K, 14% free 14458K/16647K, paused 2ms+2ms
07-03 07:58:54.238 19190 19193 D dalvikvm: GC_CONCURRENT freed 1687K, 14% free 14455K/16647K, paused 2ms+2ms
07-03 07:58:56.758 19190 19620 I SqliteDatabaseCpp: sqlite returned: error code = 1, msg = no such column: last_stats_sync_time, db=/data/data/com.google.android.apps.plus/databases/picasa.db
07-03 07:58:56.778 19190 19620 E EsSyncAdapterService: Sync failure
07-03 07:58:56.778 19190 19620 E EsSyncAdapterService: android.database.sqlite.SQLiteException: no such column: last_stats_sync_time: , while compiling: SELECT last_stats_sync_time  FROM account_status
07-03 07:58:56.778 19190 19620 E EsSyncAdapterService: 	at android.database.sqlite.SQLiteCompiledSql.native_compile(Native Method)
07-03 07:58:56.778 19190 19620 E EsSyncAdapterService: 	at android.database.sqlite.SQLiteCompiledSql.<init>(SQLiteCompiledSql.java:68)
07-03 07:58:56.778 19190 19620 E EsSyncAdapterService: 	at android.database.sqlite.SQLiteProgram.compileSql(SQLiteProgram.java:143)
07-03 07:58:56.778 19190 19620 E EsSyncAdapterService: 	at android.database.sqlite.SQLiteProgram.compileAndbindAllArgs(SQLiteProgram.java:361)
07-03 07:58:56.778 19190 19620 E EsSyncAdapterService: 	at android.database.sqlite.SQLiteStatement.acquireAndLock(SQLiteStatement.java:260)
07-03 07:58:56.778 19190 19620 E EsSyncAdapterService: 	at android.database.sqlite.SQLiteStatement.simpleQueryForLong(SQLiteStatement.java:137)
07-03 07:58:56.778 19190 19620 E EsSyncAdapterService: 	at android.database.DatabaseUtils.longForQuery(DatabaseUtils.java:791)
07-03 07:58:56.778 19190 19620 E EsSyncAdapterService: 	at android.database.DatabaseUtils.longForQuery(DatabaseUtils.java:779)
07-03 07:58:56.778 19190 19620 E EsSyncAdapterService: 	at com.google.android.apps.plus.content.EsAccountsData.queryLastStatsSyncTimestamp(EsAccountsData.java:570)
07-03 07:58:56.778 19190 19620 E EsSyncAdapterService: 	at com.google.android.apps.plus.service.EsSyncAdapterService.syncContactsStatsIfNecessary(EsSyncAdapterService.java:670)
07-03 07:58:56.778 19190 19620 E EsSyncAdapterService: 	at com.google.android.apps.plus.service.EsSyncAdapterService.doFullSync(EsSyncAdapterService.java:633)
07-03 07:58:56.778 19190 19620 E EsSyncAdapterService: 	at com.google.android.apps.plus.service.EsSyncAdapterService.doSync(EsSyncAdapterService.java:566)
07-03 07:58:56.778 19190 19620 E EsSyncAdapterService: 	at com.google.android.apps.plus.service.EsSyncAdapterService.access$100(EsSyncAdapterService.java:52)
07-03 07:58:56.778 19190 19620 E EsSyncAdapterService: 	at com.google.android.apps.plus.service.EsSyncAdapterService$SyncAdapterImpl.onPerformSync(EsSyncAdapterService.java:408)
07-03 07:58:56.778 19190 19620 E EsSyncAdapterService: 	at android.content.AbstractThreadedSyncAdapter$SyncThread.run(AbstractThreadedSyncAdapter.java:247)
07-03 07:58:56.922   145   169 D SyncManager: failed sync operation lokeshmandvekar@gmail.com (com.google), com.google.android.apps.plus.content.EsProvider, SERVER, earliestRunTime 207900299, SyncResult: stats [ numParseExceptions: 1]
07-03 07:58:56.922   145   169 D SyncManager: not retrying sync operation because the error is a hard error: lokeshmandvekar@gmail.com (com.google), com.google.android.apps.plus.content.EsProvider, SERVER, earliestRunTime 207918341
07-03 07:58:57.129 19190 19193 D dalvikvm: GC_CONCURRENT freed 2845K, 21% free 13295K/16647K, paused 32ms+3ms
07-03 07:59:09.129 19359 19361 D dalvikvm: GC_CONCURRENT freed 428K, 6% free 9554K/10119K, paused 10ms+11ms
07-03 07:59:09.481 19190 19475 D dalvikvm: GC_EXPLICIT freed 1123K, 21% free 13305K/16647K, paused 2ms+3ms
07-03 07:59:09.539 19359 19526 D dalvikvm: GC_EXPLICIT freed 180K, 7% free 9452K/10119K, paused 2ms+2ms
07-03 07:59:23.992 17629 17631 D dalvikvm: GC_CONCURRENT freed 424K, 6% free 10009K/10567K, paused 7ms+2ms
07-03 07:59:24.715 17606 17609 D dalvikvm: GC_CONCURRENT freed 410K, 10% free 10587K/11719K, paused 1ms+6ms
07-03 07:59:25.371 19359 19361 D dalvikvm: GC_CONCURRENT freed 283K, 6% free 9557K/10119K, paused 1ms+3ms
07-03 07:59:45.367   145   177 I power   : *** set_screen_state 1
07-03 07:59:45.481   145   177 I WindowManager: Lock screen displayed!
07-03 07:59:45.567    78   121 D SurfaceFlinger: Screen about to return, flinger = 0x457918
07-03 07:59:46.918   145   173 I power   : *** set_screen_state 0
07-03 07:59:46.965    78   121 D SurfaceFlinger: About to give-up screen, flinger = 0x457918
07-03 07:59:47.555   145   147 D dalvikvm: GC_CONCURRENT freed 1597K, 27% free 18028K/24455K, paused 150ms+9ms
07-03 07:59:47.563   145   177 V TransportControlView: Create TCV com.android.internal.widget.TransportControlView@417da778
07-03 07:59:53.813   145   348 D dalvikvm: GC_EXPLICIT freed 610K, 28% free 17714K/24455K, paused 6ms+7ms
07-03 07:59:54.270 19717 19720 D dalvikvm: GC_CONCURRENT freed 379K, 8% free 10888K/11719K, paused 6ms+6ms
07-03 07:59:54.524 17657 17670 I PhoneLab-: Service Running
07-03 07:59:54.609 17657 17670 I PhoneLab-LoggerService: app_37    1360  1     1436   992   c00f181c 400107b4 S logcat
07-03 07:59:54.609 17657 17670 I PhoneLab-LoggerService: Logcat pid from database 1360
07-03 07:59:54.609 17657 17670 I PhoneLab-LoggerService: Logcat process found 1360
07-03 07:59:54.609 17657 17670 I PhoneLab-LoggerService: Checking Threshold
07-03 07:59:54.609 17657 17670 I PhoneLab-: Service Running
07-03 07:59:54.668 17629 17631 D dalvikvm: GC_CONCURRENT freed 425K, 6% free 10007K/10567K, paused 25ms+3ms
07-03 07:59:54.817 17657 17670 I PhoneLab-LoggerService: app_37    1360  1     1436   992   c00ab7c8 40010474 D logcat
07-03 07:59:54.828 17657 17670 I PhoneLab-LoggerService: Logcat pid from database 1360
07-03 07:59:54.828 17657 17670 I PhoneLab-LoggerService: Logcat process found 1360
07-03 07:59:54.828 17657 17670 I PhoneLab-LoggerService: Checking Threshold
07-03 07:59:54.871 17657 17659 D dalvikvm: GC_CONCURRENT freed 400K, 14% free 9149K/10631K, paused 127ms+2ms
07-03 08:00:23.418 19051 19065 D GetStringObjTask: retrieving from url = http://www.chess.com/api/get_move_status?id=y3ICtufzg6w7rQqcD3KFujVaIanpYba4bIpaeKElV1LNz3Sz4Fk9Yh5CeWaj8h4bQ2RY0CxFVgA%2ByBE5DE%2B1cAuw4i%2Bp2GVj5RbuDPEUotReGbS25iAukuBsuUd%2Fl5dp
07-03 08:00:24.172 19507 19508 D dalvikvm: GC_CONCURRENT freed 484K, 6% free 10071K/10695K, paused 4ms+4ms
07-03 08:00:25.016 19051 19065 D GetStringObjTask: WebRequest SERVER RESPONSE: Success+0
07-03 08:01:24.945 17606 17609 D dalvikvm: GC_CONCURRENT freed 531K, 10% free 10578K/11719K, paused 2ms+3ms
07-03 08:01:25.094 19507 19508 D dalvikvm: GC_CONCURRENT freed 430K, 6% free 10058K/10695K, paused 2ms+2ms
07-03 08:02:24.371 17606 17626 I y       : Ignoring computed location since accuracy too high: 47466000 mm.
07-03 08:02:24.477 17606 17626 I e       : Not returning location as no APs within 75 meters of location.
07-03 08:03:24.645 17606 17626 I y       : Ignoring computed location since accuracy too high: 47466000 mm.
07-03 08:03:24.707 17606 17609 D dalvikvm: GC_CONCURRENT freed 523K, 10% free 10573K/11719K, paused 2ms+2ms
07-03 08:03:24.711 17606 17626 I e       : Not returning location as no APs within 75 meters of location.
07-03 08:03:24.824 19507 19508 D dalvikvm: GC_CONCURRENT freed 439K, 6% free 10074K/10695K, paused 6ms+2ms
07-03 08:04:11.024 17328 17330 D dalvikvm: GC_CONCURRENT freed 415K, 5% free 10745K/11271K, paused 37ms+6ms
07-03 08:05:19.344   145   177 I power   : *** set_screen_state 1
07-03 08:05:19.379   145   177 I WindowManager: Lock screen displayed!
07-03 08:05:19.473 19051 19104 D GetStringObjTask: retrieving from url = http://www.chess.com/api/get_move_status?id=y3ICtufzg6w7rQqcD3KFujVaIanpYba4bIpaeKElV1LNz3Sz4Fk9Yh5CeWaj8h4bQ2RY0CxFVgA%2ByBE5DE%2B1cAuw4i%2Bp2GVj5RbuDPEUotReGbS25iAukuBsuUd%2Fl5dp
07-03 08:05:19.586    78   121 D SurfaceFlinger: Screen about to return, flinger = 0x457918
07-03 08:05:20.461 19051 19104 D GetStringObjTask: WebRequest SERVER RESPONSE: Success+0
07-03 08:05:21.008   145   173 I power   : *** set_screen_state 0
07-03 08:05:21.063    78   121 D SurfaceFlinger: About to give-up screen, flinger = 0x457918
07-03 08:05:21.184   145   177 V TransportControlView: Create TCV com.android.internal.widget.TransportControlView@41a6b218
07-03 08:06:23.473 19507 19508 D dalvikvm: GC_CONCURRENT freed 441K, 6% free 10054K/10695K, paused 9ms+2ms
07-03 08:06:24.344   145   147 D dalvikvm: GC_CONCURRENT freed 1843K, 28% free 17803K/24455K, paused 20ms+7ms
07-03 08:06:26.746 19549 19550 D dalvikvm: GC_CONCURRENT freed 603K, 7% free 11307K/12039K, paused 9ms+3ms
07-03 08:06:29.555 19549 19550 D dalvikvm: GC_CONCURRENT freed 635K, 7% free 11359K/12103K, paused 2ms+8ms
07-03 08:07:24.406 19507 19508 D dalvikvm: GC_CONCURRENT freed 420K, 6% free 10055K/10695K, paused 1ms+2ms
07-03 08:08:25.137   145   396 D dalvikvm: GC_EXPLICIT freed 408K, 28% free 17737K/24455K, paused 3ms+7ms
07-03 08:08:25.234   216   218 D dalvikvm: GC_CONCURRENT freed 258K, 31% free 10008K/14343K, paused 2ms+7ms
07-03 08:08:25.313   216   218 D dalvikvm: GC_CONCURRENT freed 519K, 31% free 9937K/14343K, paused 1ms+3ms
07-03 08:08:25.520   216   218 D dalvikvm: GC_CONCURRENT freed 347K, 31% free 9988K/14343K, paused 4ms+6ms
07-03 08:08:55.344   145   177 I power   : *** set_screen_state 1
07-03 08:08:55.371   145   177 I WindowManager: Lock screen displayed!
07-03 08:08:55.570    78   121 D SurfaceFlinger: Screen about to return, flinger = 0x457918
07-03 08:08:56.016 17606 17609 D dalvikvm: GC_CONCURRENT freed 387K, 10% free 10580K/11719K, paused 20ms+3ms
07-03 08:08:58.633   145   173 I power   : *** set_screen_state 0
07-03 08:08:58.695    78   121 D SurfaceFlinger: About to give-up screen, flinger = 0x457918
07-03 08:08:58.801   145   177 V TransportControlView: Create TCV com.android.internal.widget.TransportControlView@41b328d8
07-03 08:09:24.492 19507 19508 D dalvikvm: GC_CONCURRENT freed 422K, 6% free 10055K/10695K, paused 2ms+2ms
07-03 08:09:32.676 19717 21538 I EventLogService: Aggregate from 1341315572535 (log), 1341315572535 (data)
07-03 08:09:50.582   145   161 V BackupManagerService: Running a backup pass
07-03 08:09:50.590   145   215 V BackupManagerService: Backup requested but nothing pending
07-03 08:10:23.387 19051 19277 D GetStringObjTask: retrieving from url = http://www.chess.com/api/get_move_status?id=y3ICtufzg6w7rQqcD3KFujVaIanpYba4bIpaeKElV1LNz3Sz4Fk9Yh5CeWaj8h4bQ2RY0CxFVgA%2ByBE5DE%2B1cAuw4i%2Bp2GVj5RbuDPEUotReGbS25iAukuBsuUd%2Fl5dp
07-03 08:10:24.422 19051 19053 D dalvikvm: GC_CONCURRENT freed 415K, 6% free 9511K/10055K, paused 24ms+2ms
07-03 08:10:24.434 19051 19277 D GetStringObjTask: WebRequest SERVER RESPONSE: Success+0
07-03 08:10:25.383 17657 17670 I PhoneLab-: Service Running
07-03 08:10:25.461 17657 17670 I PhoneLab-LoggerService: app_37    1360  1     1436   992   c00f181c 400107b4 S logcat
07-03 08:10:25.461 17657 17670 I PhoneLab-LoggerService: Logcat pid from database 1360
07-03 08:10:25.461 17657 17670 I PhoneLab-LoggerService: Logcat process found 1360
07-03 08:10:25.461 17657 17670 I PhoneLab-LoggerService: Checking Threshold
07-03 08:10:25.465 17657 17670 I PhoneLab-: Service Running
07-03 08:10:25.488 17657 17670 I PhoneLab-LoggerService: app_37    1360  1     1436   992   c00f181c 400107b4 S logcat
07-03 08:10:25.492 17657 17670 I PhoneLab-LoggerService: Logcat pid from database 1360
07-03 08:10:25.492 17657 17670 I PhoneLab-LoggerService: Logcat process found 1360
07-03 08:10:25.492 17657 17670 I PhoneLab-LoggerService: Checking Threshold
07-03 08:10:25.492 17657 17670 I PhoneLab-: Service Running
07-03 08:10:25.516 17657 17670 I PhoneLab-LoggerService: app_37    1360  1     1436   992   c00f181c 400107b4 S logcat
07-03 08:10:25.520 17657 17670 I PhoneLab-LoggerService: Logcat pid from database 1360
07-03 08:10:25.520 17657 17670 I PhoneLab-LoggerService: Logcat process found 1360
07-03 08:10:25.520 17657 17670 I PhoneLab-LoggerService: Checking Threshold
07-03 08:10:25.520 17657 17670 I PhoneLab-: Service Running
07-03 08:10:25.547 17657 17670 I PhoneLab-LoggerService: app_37    1360  1     1436   992   c00f181c 400107b4 S logcat
07-03 08:10:25.547 17657 17670 I PhoneLab-LoggerService: Logcat pid from database 1360
07-03 08:10:25.547 17657 17670 I PhoneLab-LoggerService: Logcat process found 1360
07-03 08:10:25.547 17657 17670 I PhoneLab-LoggerService: Checking Threshold
07-03 08:10:25.547 17657 17670 I PhoneLab-: Service Running
07-03 08:10:25.574 17657 17670 I PhoneLab-LoggerService: app_37    1360  1     1436   992   c00f181c 400107b4 S logcat
07-03 08:10:25.574 17657 17670 I PhoneLab-LoggerService: Logcat pid from database 1360
07-03 08:10:25.574 17657 17670 I PhoneLab-LoggerService: Logcat process found 1360
07-03 08:10:25.574 17657 17670 I PhoneLab-LoggerService: Checking Threshold
07-03 08:11:25.110   216   218 D dalvikvm: GC_CONCURRENT freed 532K, 31% free 9911K/14343K, paused 2ms+2ms
07-03 08:11:25.180   216   218 D dalvikvm: GC_CONCURRENT freed 604K, 32% free 9798K/14343K, paused 2ms+3ms
07-03 08:11:25.242 19507 19508 D dalvikvm: GC_CONCURRENT freed 420K, 6% free 10055K/10695K, paused 1ms+2ms
07-03 08:11:31.195 19549 19679 D dalvikvm: GC_FOR_ALLOC freed 490K, 7% free 11417K/12231K, paused 94ms
07-03 08:11:31.250 19549 19679 D dalvikvm: GC_FOR_ALLOC freed 36K, 7% free 11439K/12231K, paused 29ms
07-03 08:11:31.289 19549 19679 D dalvikvm: GC_FOR_ALLOC freed 58K, 7% free 11499K/12359K, paused 33ms
07-03 08:11:31.289 19549 19679 I dalvikvm-heap: Grow heap (frag case) to 11.531MB for 243368-byte allocation
07-03 08:11:31.320 19549 19679 D dalvikvm: GC_FOR_ALLOC freed 118K, 8% free 11619K/12615K, paused 31ms
07-03 08:11:31.430 19549 19679 D dalvikvm: GC_FOR_ALLOC freed <1K, 8% free 11619K/12615K, paused 45ms
07-03 08:11:31.430 19549 19679 I dalvikvm-heap: Grow heap (frag case) to 11.880MB for 488072-byte allocation
07-03 08:11:31.461 19549 19679 D dalvikvm: GC_FOR_ALLOC freed 237K, 10% free 11858K/13127K, paused 28ms
07-03 08:11:31.840 19549 19550 D dalvikvm: GC_CONCURRENT freed 319K, 6% free 12362K/13127K, paused 2ms+3ms
07-03 08:13:25.313 19717 19729 D dalvikvm: GC_EXPLICIT freed 231K, 8% free 10825K/11719K, paused 3ms+4ms
07-03 08:13:25.395 19507 19508 D dalvikvm: GC_CONCURRENT freed 420K, 6% free 10055K/10695K, paused 2ms+2ms
07-03 08:13:46.199 19507 19508 D dalvikvm: GC_CONCURRENT freed 396K, 6% free 10097K/10695K, paused 12ms+27ms
07-03 08:13:46.336 19507 19507 D dalvikvm: GC_EXPLICIT freed 57K, 6% free 10056K/10695K, paused 4ms+2ms
07-03 08:14:47.051 19507 19508 D dalvikvm: GC_CONCURRENT freed 383K, 6% free 10098K/10695K, paused 13ms+2ms
07-03 08:14:47.090 19507 19516 E SQLiteDatabase: close() was never explicitly called on database '/data/data/com.google.android.apps.maps/databases/google_latitude_history.db' 
07-03 08:14:47.090 19507 19516 E SQLiteDatabase: android.database.sqlite.DatabaseObjectNotClosedException: Application did not close the cursor or database object that was opened here
07-03 08:14:47.090 19507 19516 E SQLiteDatabase: 	at android.database.sqlite.SQLiteDatabase.<init>(SQLiteDatabase.java:1943)
07-03 08:14:47.090 19507 19516 E SQLiteDatabase: 	at android.database.sqlite.SQLiteDatabase.openDatabase(SQLiteDatabase.java:1007)
07-03 08:14:47.090 19507 19516 E SQLiteDatabase: 	at android.database.sqlite.SQLiteDatabase.openDatabase(SQLiteDatabase.java:986)
07-03 08:14:47.090 19507 19516 E SQLiteDatabase: 	at android.database.sqlite.SQLiteDatabase.openOrCreateDatabase(SQLiteDatabase.java:1051)
07-03 08:14:47.090 19507 19516 E SQLiteDatabase: 	at android.app.ContextImpl.openOrCreateDatabase(ContextImpl.java:770)
07-03 08:14:47.090 19507 19516 E SQLiteDatabase: 	at android.content.ContextWrapper.openOrCreateDatabase(ContextWrapper.java:221)
07-03 08:14:47.090 19507 19516 E SQLiteDatabase: 	at android.database.sqlite.SQLiteOpenHelper.getWritableDatabase(SQLiteOpenHelper.java:157)
07-03 08:14:47.090 19507 19516 E SQLiteDatabase: 	at com.google.googlenav.friend.history.n.a(SourceFile:61)
07-03 08:14:47.090 19507 19516 E SQLiteDatabase: 	at com.google.googlenav.friend.reporting.LocationPrivacyService.a(SourceFile:180)
07-03 08:14:47.090 19507 19516 E SQLiteDatabase: 	at com.google.googlenav.friend.reporting.LocationPrivacyService.onHandleIntent(SourceFile:118)
07-03 08:14:47.090 19507 19516 E SQLiteDatabase: 	at android.app.IntentService$ServiceHandler.handleMessage(IntentService.java:65)
07-03 08:14:47.090 19507 19516 E SQLiteDatabase: 	at android.os.Handler.dispatchMessage(Handler.java:99)
07-03 08:14:47.090 19507 19516 E SQLiteDatabase: 	at android.os.Looper.loop(Looper.java:137)
07-03 08:14:47.090 19507 19516 E SQLiteDatabase: 	at android.os.HandlerThread.run(HandlerThread.java:60)
07-03 08:14:47.090 19507 19516 E System  : Uncaught exception thrown by finalizer
07-03 08:14:47.102 19507 19516 E System  : java.lang.IllegalStateException: Don't have database lock!
07-03 08:14:47.102 19507 19516 E System  : 	at android.database.sqlite.SQLiteDatabase.verifyLockOwner(SQLiteDatabase.java:2090)
07-03 08:14:47.102 19507 19516 E System  : 	at android.database.sqlite.SQLiteDatabase$1.entryRemoved(SQLiteDatabase.java:2182)
07-03 08:14:47.102 19507 19516 E System  : 	at android.database.sqlite.SQLiteDatabase$1.entryRemoved(SQLiteDatabase.java:2178)
07-03 08:14:47.102 19507 19516 E System  : 	at android.util.LruCache.trimToSize(LruCache.java:197)
07-03 08:14:47.102 19507 19516 E System  : 	at android.util.LruCache.evictAll(LruCache.java:285)
07-03 08:14:47.102 19507 19516 E System  : 	at android.database.sqlite.SQLiteDatabase.deallocCachedSqlStatements(SQLiteDatabase.java:2143)
07-03 08:14:47.102 19507 19516 E System  : 	at android.database.sqlite.SQLiteDatabase.closeClosable(SQLiteDatabase.java:1126)
07-03 08:14:47.102 19507 19516 E System  : 	at android.database.sqlite.SQLiteDatabase.finalize(SQLiteDatabase.java:1914)
07-03 08:14:47.102 19507 19516 E System  : 	at java.lang.Daemons$FinalizerDaemon.doFinalize(Daemons.java:182)
07-03 08:14:47.102 19507 19516 E System  : 	at java.lang.Daemons$FinalizerDaemon.run(Daemons.java:168)
07-03 08:14:47.102 19507 19516 E System  : 	at java.lang.Thread.run(Thread.java:856)
07-03 08:15:46.418 19051 19343 D GetStringObjTask: retrieving from url = http://www.chess.com/api/get_move_status?id=y3ICtufzg6w7rQqcD3KFujVaIanpYba4bIpaeKElV1LNz3Sz4Fk9Yh5CeWaj8h4bQ2RY0CxFVgA%2ByBE5DE%2B1cAuw4i%2Bp2GVj5RbuDPEUotReGbS25iAukuBsuUd%2Fl5dp
07-03 08:15:47.133 17606 17609 D dalvikvm: GC_CONCURRENT freed 484K, 10% free 10581K/11719K, paused 2ms+3ms
07-03 08:15:47.168 19051 19343 D GetStringObjTask: WebRequest SERVER RESPONSE: Success+0
07-03 08:15:47.594 19507 19508 D dalvikvm: GC_CONCURRENT freed 481K, 6% free 10093K/10695K, paused 1ms+2ms
07-03 08:16:33.481   145   147 D dalvikvm: GC_CONCURRENT freed 1837K, 28% free 17823K/24455K, paused 3ms+8ms
07-03 08:16:34.949 19549 19550 D dalvikvm: GC_CONCURRENT freed 1847K, 15% free 11534K/13511K, paused 6ms+8ms
07-03 08:17:10.762 17657 17670 I PhoneLab-: Service Running
07-03 08:17:10.840 17657 17670 I PhoneLab-LoggerService: app_37    1360  1     1436   992   c00f181c 400107b4 S logcat
07-03 08:17:10.840 17657 17670 I PhoneLab-LoggerService: Logcat pid from database 1360
07-03 08:17:10.840 17657 17670 I PhoneLab-LoggerService: Logcat process found 1360
07-03 08:17:10.840 17657 17670 I PhoneLab-LoggerService: Checking Threshold
07-03 08:17:10.840 17657 17670 I PhoneLab-: Service Running
07-03 08:17:10.867 17657 17670 I PhoneLab-LoggerService: app_37    1360  1     1436   992   c00f181c 400107b4 S logcat
07-03 08:17:10.867 17657 17670 I PhoneLab-LoggerService: Logcat pid from database 1360
07-03 08:17:10.867 17657 17670 I PhoneLab-LoggerService: Logcat process found 1360
07-03 08:17:10.867 17657 17670 I PhoneLab-LoggerService: Checking Threshold
07-03 08:17:10.867 17657 17670 I PhoneLab-: Service Running
07-03 08:17:10.910 17657 17670 I PhoneLab-LoggerService: app_37    1360  1     1436   992   c00f181c 400107b4 S logcat
07-03 08:17:10.910 17657 17670 I PhoneLab-LoggerService: Logcat pid from database 1360
07-03 08:17:10.910 17657 17670 I PhoneLab-LoggerService: Logcat process found 1360
07-03 08:17:10.910 17657 17670 I PhoneLab-LoggerService: Checking Threshold
07-03 08:17:10.914 17657 17659 D dalvikvm: GC_CONCURRENT freed 399K, 14% free 9164K/10631K, paused 11ms+5ms
07-03 08:17:46.727 19507 19508 D dalvikvm: GC_CONCURRENT freed 478K, 6% free 10126K/10695K, paused 2ms+3ms
07-03 08:18:36.465   145  1149 D dalvikvm: GC_EXPLICIT freed 372K, 28% free 17729K/24455K, paused 3ms+6ms
07-03 08:18:47.403 17606 17609 D dalvikvm: GC_CONCURRENT freed 516K, 10% free 10584K/11719K, paused 2ms+3ms
07-03 08:19:27.692 17657 17657 I PhoneLab-Locks: wake lock acquired
07-03 08:19:27.746 17657 19710 I PhoneLab-PeriodicCheckService: User info is synched
07-03 08:19:27.770 17657 19710 I PhoneLab-PeriodicCheckService: Logger Service is running
07-03 08:19:27.774 17657 17657 I PhoneLab-Locks: wake lock acquired
07-03 08:19:27.778 17657 17657 I PhoneLab-StatusMonitor: Status Monitoring is started
07-03 08:19:27.778 17657 19710 I PhoneLab-Locks: wake lock acquired
07-03 08:19:27.781 17657 19710 I PhoneLab-PeriodicCheckService: Rescheduling periodic checking...
07-03 08:19:27.781 17657 19710 I PhoneLab-Locks: wake lock released
07-03 08:19:27.797 17657 17657 E PhoneLab-PhoneLabManifest: java.io.FileNotFoundException: /data/data/edu.buffalo.cse.phonelab.phonelabservices/files/manifest.xml: open failed: ENOENT (No such file or directory)
07-03 08:19:27.817 17657 17657 I PhoneLab-Locks: wake lock released
07-03 08:19:27.817 17657 17657 I PhoneLab-UploadLogs: Transfering log files now
07-03 08:19:27.817 17657 17657 I PhoneLab-UploadLogs: No log files to transfer
07-03 08:19:27.817 17657 17657 I PhoneLab-Locks: wake lock released
07-03 08:19:27.820 17657 17657 I PhoneLab-UploadLogs: OnStartCommand
07-03 08:19:28.211 17657 17670 I PhoneLab-: Service Running
07-03 08:19:28.293 17657 17670 I PhoneLab-LoggerService: app_37    1360  1     1436   992   c00f181c 400107b4 S logcat
07-03 08:19:28.293 17657 17670 I PhoneLab-LoggerService: Logcat pid from database 1360
07-03 08:19:28.293 17657 17670 I PhoneLab-LoggerService: Logcat process found 1360
07-03 08:19:28.293 17657 17670 I PhoneLab-LoggerService: Checking Threshold
07-03 08:19:28.324 17657 17670 I PhoneLab-: Service Running
07-03 08:19:39.348   145   177 I power   : *** set_screen_state 1
07-03 08:19:39.383   145   177 I WindowManager: Lock screen displayed!
07-03 08:19:39.473 17657 17670 I PhoneLab-LoggerService: app_37    1360  1     1436   992   c00f181c 400107b4 S logcat
07-03 08:19:39.473 17657 17670 I PhoneLab-LoggerService: Logcat pid from database 1360
07-03 08:19:39.473 17657 17670 I PhoneLab-LoggerService: Logcat process found 1360
07-03 08:19:39.473 17657 17670 I PhoneLab-LoggerService: Checking Threshold
07-03 08:19:39.567    78   121 D SurfaceFlinger: Screen about to return, flinger = 0x457918
07-03 08:19:41.176   216   216 D PhoneStatusBar: disable: < expand icons alerts ticker system_info BACK HOME recent* CLOCK >
07-03 08:19:41.184   362 12108 D NfcService: NFC-C ON
07-03 08:19:41.242   216   216 D PhoneStatusBar: disable: < expand icons alerts ticker system_info back* home* recent clock* >
07-03 08:19:41.250   145   365 W InputManagerService: Window already focused, ignoring focus gain of: com.android.internal.view.IInputMethodClient$Stub$Proxy@41897f50
07-03 08:19:42.113 19359 19361 D dalvikvm: GC_CONCURRENT freed 394K, 6% free 9592K/10119K, paused 8ms+7ms
07-03 08:19:42.340 19359 19361 D dalvikvm: GC_CONCURRENT freed 402K, 6% free 9587K/10119K, paused 6ms+4ms
07-03 08:19:42.777 19717 19720 D dalvikvm: GC_CONCURRENT freed 414K, 8% free 10889K/11719K, paused 6ms+4ms
07-03 08:19:43.160 19440 19442 D dalvikvm: GC_CONCURRENT freed 411K, 5% free 10344K/10887K, paused 35ms+2ms
07-03 08:19:46.840 19507 19508 D dalvikvm: GC_CONCURRENT freed 514K, 6% free 10097K/10695K, paused 2ms+3ms
07-03 08:19:48.742   375   377 D dalvikvm: GC_CONCURRENT freed 257K, 19% free 12077K/14791K, paused 6ms+4ms
07-03 08:19:48.899   375   485 D dalvikvm: GC_FOR_ALLOC freed 1107K, 20% free 11852K/14791K, paused 29ms
07-03 08:19:48.992   375   377 D dalvikvm: GC_CONCURRENT freed 1K, 14% free 12754K/14791K, paused 2ms+6ms
07-03 08:19:49.309   375 26685 D dalvikvm: GC_FOR_ALLOC freed 1883K, 20% free 11858K/14791K, paused 29ms
07-03 08:19:49.781   375   377 D dalvikvm: GC_CONCURRENT freed 758K, 19% free 12034K/14791K, paused 1ms+3ms
07-03 08:19:49.883   375   377 D dalvikvm: GC_CONCURRENT freed 1118K, 21% free 11818K/14791K, paused 2ms+4ms
07-03 08:19:49.957   375   377 D dalvikvm: GC_CONCURRENT freed 4K, 14% free 12722K/14791K, paused 3ms+7ms
07-03 08:19:50.094   375 26845 D dalvikvm: GC_FOR_ALLOC freed 1375K, 18% free 12265K/14791K, paused 25ms
07-03 08:19:50.777   145   365 I ActivityManager: START {act=android.intent.action.MAIN cat=[android.intent.category.LAUNCHER] flg=0x10200000 cmp=com.android.deskclock/.DeskClock} from pid 375
07-03 08:19:51.031   375   375 D OpenGLRenderer: Flushing caches (mode 0)
07-03 08:19:51.192   145   396 W InputManagerService: Starting input on non-focused client com.android.internal.view.IInputMethodClient$Stub$Proxy@417524f0 (uid=10026 pid=375)
07-03 08:19:51.203   375   375 D OpenGLRenderer: Flushing caches (mode 1)
07-03 08:19:52.883   145 21614 I ActivityManager: START {cmp=com.android.deskclock/.AlarmClock} from pid 9453
07-03 08:19:53.242  9453  9453 D OpenGLRenderer: Flushing caches (mode 0)
07-03 08:19:53.246  9453  9455 D dalvikvm: GC_CONCURRENT freed 277K, 10% free 9452K/10439K, paused 7ms+6ms
07-03 08:19:53.352   145   176 I ActivityManager: Displayed com.android.deskclock/.AlarmClock: +393ms
07-03 08:19:54.609   145  1150 W BackupManagerService: dataChanged but no participant pkg='com.android.providers.settings' uid=10011
07-03 08:19:55.473 10674 10676 D dalvikvm: GC_CONCURRENT freed 390K, 18% free 10023K/12167K, paused 5ms+4ms
07-03 08:19:55.488  9453  9453 D OpenGLRenderer: Flushing caches (mode 0)
07-03 08:19:55.899   375   377 D dalvikvm: GC_CONCURRENT freed 1409K, 21% free 11831K/14791K, paused 1ms+7ms
07-03 08:19:56.016   375   377 D dalvikvm: GC_CONCURRENT freed 317K, 17% free 12394K/14791K, paused 2ms+4ms
07-03 08:19:56.059   375 26846 D dalvikvm: GC_FOR_ALLOC freed 578K, 21% free 11815K/14791K, paused 25ms
07-03 08:19:56.059   375 26846 I dalvikvm-heap: Grow heap (frag case) to 12.491MB for 925072-byte allocation
07-03 08:19:56.070   145   161 I Process : Sending signal. PID: 375 SIG: 3
07-03 08:19:56.070   375   382 I dalvikvm: threadid=3: reacting to signal 3
07-03 08:19:56.109   375   382 I dalvikvm: Wrote stack traces to '/data/anr/traces.txt'
07-03 08:19:56.145   375   375 D dalvikvm: GC_FOR_ALLOC freed <1K, 20% free 12718K/15751K, paused 40ms
07-03 08:19:56.215  9453  9453 D OpenGLRenderer: Flushing caches (mode 0)
07-03 08:19:56.356   375   485 D dalvikvm: GC_FOR_ALLOC freed 1382K, 23% free 12268K/15751K, paused 32ms
07-03 08:19:57.797  9453  9453 D OpenGLRenderer: Flushing caches (mode 1)
07-03 08:19:58.246   145   173 I power   : *** set_screen_state 0
07-03 08:19:58.332    78   121 D SurfaceFlinger: About to give-up screen, flinger = 0x457918
07-03 08:19:58.395   362 19018 D NfcService: NFC-C OFF, disconnect
07-03 08:19:58.516   145   147 D dalvikvm: GC_CONCURRENT freed 1597K, 27% free 18094K/24455K, paused 3ms+10ms
07-03 08:19:58.555   145   177 V TransportControlView: Create TCV com.android.internal.widget.TransportControlView@417b60b0
07-03 08:19:58.938   216   216 D PhoneStatusBar: disable: < expand icons alerts ticker system_info back home RECENT* clock >
07-03 08:19:58.961   216   216 D PhoneStatusBar: disable: < expand icons alerts ticker system_info BACK* HOME* RECENT CLOCK* >
07-03 08:20:24.375 19051 19546 D GetStringObjTask: retrieving from url = http://www.chess.com/api/get_move_status?id=y3ICtufzg6w7rQqcD3KFujVaIanpYba4bIpaeKElV1LNz3Sz4Fk9Yh5CeWaj8h4bQ2RY0CxFVgA%2ByBE5DE%2B1cAuw4i%2Bp2GVj5RbuDPEUotReGbS25iAukuBsuUd%2Fl5dp
07-03 08:20:24.852 19051 19546 D GetStringObjTask: WebRequest SERVER RESPONSE: Success+0
07-03 08:20:34.399   145   202 D ConnectivityService: ConnectivityChange for WIMAX: DISCONNECTED/SCANNING
07-03 08:20:34.399   145   202 D ConnectivityService: Attempting to switch to mobile
07-03 08:20:34.399   145   202 D ConnectivityService: Attempting to switch to WIFI
07-03 08:20:34.399   145   202 D ConnectivityService: Attempting to switch to BLUETOOTH_TETHER
07-03 08:20:34.461   145   198 D NetworkPolicy: applying policy NetworkPolicy[NetworkTemplate: matchRule=MOBILE_ALL, subscriberId=valid]: cycleDay=20, warningBytes=2147483648, limitBytes=-1, lastSnooze=-1 to ifaces [rmnet0]
07-03 08:20:34.516   145   198 D NetworkPolicy: applying policy NetworkPolicy[NetworkTemplate: matchRule=MOBILE_ALL, subscriberId=valid]: cycleDay=20, warningBytes=2147483648, limitBytes=-1, lastSnooze=-1 to ifaces [rmnet0]
07-03 08:20:37.442   145   206 D Tethering: MasterInitialState.processMessage what=3
07-03 08:20:37.516   145   206 D Tethering: MasterInitialState.processMessage what=3
07-03 08:20:37.567 18908 18910 D dalvikvm: GC_CONCURRENT freed 399K, 5% free 10299K/10823K, paused 2ms+3ms
07-03 08:20:37.645   145   157 I ActivityManager: Start proc com.google.android.apps.uploader for broadcast com.google.android.apps.uploader/.ConnectivityBroadcastReceiver: pid=19731 uid=10030 gids={3003}
07-03 08:20:37.703 19731 19731 I dalvikvm: Turning on JNI app bug workarounds for target SDK version 11...
07-03 08:20:37.828 19731 19731 I ActivityThread: Pub com.google.android.apps.uploader: com.google.android.apps.uploader.UploadsContentProvider
07-03 08:20:37.840 19731 19731 I ActivityThread: Pub com.google.photos.provider.Album: com.google.android.apps.uploader.clients.picasa.AlbumProvider
07-03 08:20:37.848 19731 19731 D MediaUploader: UploaderApplication.onCreate
07-03 08:20:37.973 19731 19731 D MediaUploader: nonWifiLimit=20971520, default=20971520
07-03 08:20:37.984 19731 19731 I MediaUploader: No need to wake up
07-03 08:20:38.070   145 28236 I ActivityManager: Start proc com.google.android.youtube for broadcast com.google.android.youtube/.app.prefetch.PrefetchService$DeviceStateReceiver: pid=19748 uid=10057 gids={3003, 1015, 1006}
07-03 08:20:38.070   145   202 D ConnectivityService: handleInetConditionHoldEnd: net=0, condition=100, published condition=100
07-03 08:20:38.500 19748 19751 D dalvikvm: GC_CONCURRENT freed 155K, 3% free 9360K/9607K, paused 24ms+3ms
07-03 08:20:38.524   145  9966 I ActivityManager: Process com.google.android.talk (pid 19476) has died.
07-03 08:20:38.578 19748 19748 I ActivityThread: Pub com.google.android.youtube.SuggestionProvider: com.google.android.youtube.core.suggest.SuggestionProvider
07-03 08:20:39.301   145 21614 D dalvikvm: GC_EXPLICIT freed 1987K, 28% free 17621K/24455K, paused 16ms+7ms
07-03 08:20:39.305   145   329 I ActivityManager: Process com.google.android.apps.docs (pid 19169) has died.
07-03 08:20:39.500 19748 19751 D dalvikvm: GC_CONCURRENT freed 329K, 5% free 9510K/9927K, paused 21ms+5ms
07-03 08:20:39.500 19748 19757 W CursorWrapperInner: Cursor finalized without prior close()
07-03 08:20:39.500 19748 19757 W CursorWrapperInner: Cursor finalized without prior close()
07-03 08:20:39.606 19748 19751 D dalvikvm: GC_CONCURRENT freed 294K, 4% free 9754K/10119K, paused 2ms+3ms
07-03 08:20:39.707 19748 19751 D dalvikvm: GC_CONCURRENT freed 389K, 5% free 9915K/10375K, paused 5ms+2ms
07-03 08:20:39.801 19748 19751 D dalvikvm: GC_CONCURRENT freed 414K, 5% free 10017K/10503K, paused 2ms+3ms
07-03 08:20:39.918 19748 19751 D dalvikvm: GC_CONCURRENT freed 355K, 5% free 10204K/10631K, paused 2ms+3ms
07-03 08:20:40.145   145 22722 I ActivityManager: Start proc com.google.android.apps.docs for broadcast com.google.android.apps.docs/.receivers.NetworkChangeReceiver: pid=19791 uid=10077 gids={3003, 1015, 1006}
07-03 08:20:40.188   145   348 I ActivityManager: Process com.google.android.apps.plus (pid 19190) has died.
07-03 08:20:40.426 19791 19791 I PackageInfoHelper: Provided clientMode=RELEASE, packageInfo=PackageInfo{4137fbb0 com.google.android.apps.docs}
07-03 08:20:40.430 19791 19791 I ActivityThread: Pub com.google.android.apps.docs.files: com.google.android.apps.docs.sync.filemanager.FileProvider
07-03 08:20:40.434 19791 19791 I ActivityThread: Pub com.google.android.apps.docs.doclist.search_suggest: com.google.android.apps.docs.doclist.DocListGlobalSearchSuggestionProvider
07-03 08:20:40.578 19791 19793 D dalvikvm: GC_CONCURRENT freed 226K, 4% free 9309K/9607K, paused 2ms+3ms
07-03 08:20:40.692 19791 19793 D dalvikvm: GC_CONCURRENT freed 405K, 5% free 9448K/9927K, paused 1ms+2ms
07-03 08:20:40.781 19791 19793 D dalvikvm: GC_CONCURRENT freed 566K, 7% free 9415K/10055K, paused 2ms+3ms
07-03 08:20:40.824   145   202 D ConnectivityService: ConnectivityChange for WIMAX: DISCONNECTED/SCANNING
07-03 08:20:40.824   145   202 D ConnectivityService: Attempting to switch to mobile
07-03 08:20:40.824   145   202 D ConnectivityService: Attempting to switch to WIFI
07-03 08:20:40.836   145   202 D ConnectivityService: Attempting to switch to BLUETOOTH_TETHER
07-03 08:20:40.891 19791 19793 D dalvikvm: GC_CONCURRENT freed 477K, 7% free 9449K/10055K, paused 1ms+2ms
07-03 08:20:40.934   145   198 D NetworkPolicy: applying policy NetworkPolicy[NetworkTemplate: matchRule=MOBILE_ALL, subscriberId=valid]: cycleDay=20, warningBytes=2147483648, limitBytes=-1, lastSnooze=-1 to ifaces [rmnet0]
07-03 08:20:41.016 19791 19793 D dalvikvm: GC_CONCURRENT freed 493K, 6% free 9468K/10055K, paused 1ms+2ms
07-03 08:20:41.031   145   198 D NetworkPolicy: applying policy NetworkPolicy[NetworkTemplate: matchRule=MOBILE_ALL, subscriberId=valid]: cycleDay=20, warningBytes=2147483648, limitBytes=-1, lastSnooze=-1 to ifaces [rmnet0]
07-03 08:20:41.125 19791 19793 D dalvikvm: GC_CONCURRENT freed 428K, 6% free 9552K/10055K, paused 2ms+2ms
07-03 08:20:41.246 19791 19793 D dalvikvm: GC_CONCURRENT freed 439K, 6% free 9614K/10183K, paused 2ms+2ms
07-03 08:20:41.406 19791 19793 D dalvikvm: GC_CONCURRENT freed 402K, 5% free 9750K/10247K, paused 2ms+3ms
07-03 08:20:41.414 19791 19791 D ContextScopeImpl: in ContextScope.getContextOrDefault for thread=1
07-03 08:20:41.414 19791 19791 D ContextScopeImpl: returning application context for thread=1
07-03 08:20:41.430 19791 19791 I FeatureCheckerImpl: Configured disabled features: []
07-03 08:20:41.430 19791 19791 D ContextScopeImpl: in ContextScope.getContextOrDefault for thread=1
07-03 08:20:41.430 19791 19791 D ContextScopeImpl: returning application context for thread=1
07-03 08:20:41.461 19791 19791 D ContextScopeImpl: in ContextScope.enter for thread=1
07-03 08:20:41.461 19791 19791 W ContextScopeImpl: thread=1 tried to enter the scope of the application context. Ignored.
07-03 08:20:41.461 19791 19791 D ContextScopeImpl: in ContextScope.getContextOrDefault for thread=1
07-03 08:20:41.461 19791 19791 D ContextScopeImpl: returning application context for thread=1
07-03 08:20:41.461 19791 19791 D DocListDatabase: openHelper points on new database: DocList.db
07-03 08:20:41.461 19791 19791 D DocListDatabase: in openWriteDatabase
07-03 08:20:41.488 19791 19791 I ActivityThread: Pub com.google.android.apps.docs.doclist.account_suggest: com.google.android.apps.docs.doclist.DocListAccountSuggestionProvider
07-03 08:20:41.488 19791 19791 D ContextScopeImpl: in ContextScope.enter for thread=1
07-03 08:20:41.488 19791 19791 W ContextScopeImpl: thread=1 tried to enter the scope of the application context. Ignored.
07-03 08:20:41.492 19791 19791 I ActivityThread: Pub com.google.android.apps.docs: com.google.android.apps.docs.providers.DocListProvider
07-03 08:20:41.492 19791 19791 D ContextScopeImpl: in ContextScope.enter for thread=1
07-03 08:20:41.492 19791 19791 W ContextScopeImpl: thread=1 tried to enter the scope of the application context. Ignored.
07-03 08:20:41.508 19791 19791 W ContextScopeImpl: thread=1 tried to enter the scope of the application context. Ignored.
07-03 08:20:41.512  1401  1404 D dalvikvm: GC_CONCURRENT freed 486K, 6% free 9654K/10247K, paused 2ms+3ms
07-03 08:20:41.531 19791 19807 W ContextScopeImpl: thread=9729 tried to enter the scope of the application context. Ignored.
07-03 08:20:41.570 19791 19791 W ContextScopeImpl: thread=1 tried to enter the scope of the application context. Ignored.
07-03 08:20:41.586   145   156 I ActivityManager: Start proc com.google.android.apps.plus for broadcast com.google.android.apps.plus/com.google.android.picasasync.ConnectivityReceiver: pid=19810 uid=10060 gids={3003, 3002, 1015, 1006}
07-03 08:20:41.902 19810 19812 D dalvikvm: GC_CONCURRENT freed 164K, 3% free 9371K/9607K, paused 2ms+1ms
07-03 08:20:42.133   145   396 I ActivityManager: Process com.spotify.mobile.android.service (pid 19573) has died.
07-03 08:20:42.133   145   396 W ActivityManager: Scheduling restart of crashed service com.spotify.mobile.android.ui/com.spotify.mobile.android.service.SpotifyService in 5000ms
07-03 08:20:42.223 19810 19810 I ActivityThread: Pub com.google.android.apps.plus.content.ApiProvider: com.google.android.apps.plus.content.EsApiProvider
07-03 08:20:42.313 19810 19810 I ActivityThread: Pub com.google.android.apps.plus.content.EsGooglePhotoProvider: com.google.android.picasasync.PicasaContentProvider
07-03 08:20:42.477 19810 19812 D dalvikvm: GC_CONCURRENT freed 337K, 5% free 9579K/9991K, paused 1ms+2ms
07-03 08:20:42.504 19810 19810 I ActivityThread: Pub com.google.android.apps.plus.content.EsPicasaStoreProvider: com.google.android.picasastore.PicasaPhotoContentProvider
07-03 08:20:42.512 19810 19810 I ActivityThread: Pub com.google.plus.platform: com.google.android.apps.plus.content.AdsProvider
07-03 08:20:42.512 19810 19810 I ActivityThread: Pub com.google.android.apps.plus.iu.EsGoogleIuProvider: com.google.android.apps.plus.iu.InstantUploadProvider
07-03 08:20:42.578 19810 19812 D dalvikvm: GC_CONCURRENT freed 501K, 6% free 9608K/10183K, paused 1ms+3ms
07-03 08:20:42.586 19810 19810 I ActivityThread: Pub com.google.android.apps.plus.content.EsProvider: com.google.android.apps.plus.content.EsProvider
07-03 08:20:42.785 19748 19751 D dalvikvm: GC_CONCURRENT freed 404K, 5% free 10311K/10823K, paused 9ms+13ms
07-03 08:20:42.859 19810 19829 D PicasaSync: sync account database
07-03 08:20:42.871 19810 19812 D dalvikvm: GC_CONCURRENT freed 227K, 4% free 9860K/10247K, paused 5ms+2ms
07-03 08:20:42.934 19731 19731 I MediaUploader: No need to wake up
07-03 08:20:42.942 19810 19825 D PicasaPhotoCP: set fsid first time:-1
07-03 08:20:42.984  9453  9453 D OpenGLRenderer: Flushing caches (mode 2)
07-03 08:20:43.121 19791 19791 W ContextScopeImpl: thread=1 tried to enter the scope of the application context. Ignored.
07-03 08:20:43.180 19810 19829 D PicasaSync: accounts in DB=1
07-03 08:20:43.192 19810 19829 D PicasaSyncManager: active network: NetworkInfo: type: mobile[CDMA - EvDo rev. A], state: CONNECTED/CONNECTED, reason: (unspecified), extra: , roaming: false, failover: false, isAvailable: true
07-03 08:20:43.192 19810 19829 D PicasaSyncManager: background data: true
07-03 08:20:43.227 19810 19829 D PicasaSyncManager: battery info: false
07-03 08:20:43.379 19810 19812 D dalvikvm: GC_CONCURRENT freed 270K, 4% free 10072K/10439K, paused 2ms+2ms
07-03 08:20:43.496 19810 19812 D dalvikvm: GC_CONCURRENT freed 143K, 3% free 10384K/10631K, paused 2ms+2ms
07-03 08:20:43.555 19810 19826 D dalvikvm: GC_FOR_ALLOC freed 301K, 5% free 10484K/10951K, paused 19ms
07-03 08:20:43.555 19810 19826 I dalvikvm-heap: Grow heap (frag case) to 10.555MB for 260112-byte allocation
07-03 08:20:43.578 19810 19826 D dalvikvm: GC_FOR_ALLOC freed 126K, 6% free 10612K/11207K, paused 18ms
07-03 08:20:43.602 19810 19826 D dalvikvm: GC_FOR_ALLOC freed 311K, 6% free 10605K/11207K, paused 18ms
07-03 08:20:43.625 19810 19826 D dalvikvm: GC_FOR_ALLOC freed 62K, 5% free 10669K/11207K, paused 18ms
07-03 08:20:43.625 19810 19826 I dalvikvm-heap: Grow heap (frag case) to 10.736MB for 260112-byte allocation
07-03 08:20:43.645 19810 19826 D dalvikvm: GC_FOR_ALLOC freed 126K, 6% free 10797K/11463K, paused 19ms
07-03 08:20:43.672 19810 19826 D dalvikvm: GC_FOR_ALLOC freed 369K, 6% free 10852K/11463K, paused 18ms
07-03 08:20:43.692 19810 19826 D dalvikvm: GC_FOR_ALLOC freed 126K, 5% free 10980K/11463K, paused 18ms
07-03 08:20:43.844   145   206 D Tethering: MasterInitialState.processMessage what=3
07-03 08:20:43.871   145   206 D Tethering: MasterInitialState.processMessage what=3
07-03 08:20:43.942 19731 19731 I MediaUploader: No need to wake up
07-03 08:20:43.984 19791 19791 W ContextScopeImpl: thread=1 tried to enter the scope of the application context. Ignored.
07-03 08:20:44.047 19748 19751 D dalvikvm: GC_CONCURRENT freed 371K, 5% free 10398K/10887K, paused 3ms+4ms
07-03 08:20:44.067 19810 19812 D dalvikvm: GC_CONCURRENT freed 334K, 4% free 11197K/11655K, paused 7ms+2ms
07-03 08:20:44.125 19810 19829 D PicasaSyncManager: active network: NetworkInfo: type: mobile[CDMA - EvDo rev. A], state: CONNECTED/CONNECTED, reason: (unspecified), extra: , roaming: false, failover: false, isAvailable: true
07-03 08:20:44.129 19731 19731 I MediaUploader: No need to wake up
07-03 08:20:44.152 19810 19829 D PicasaSyncManager: background data: true
07-03 08:20:44.176 19791 19791 W ContextScopeImpl: thread=1 tried to enter the scope of the application context. Ignored.
07-03 08:20:44.231 19810 19829 D PicasaSyncManager: active network: NetworkInfo: type: mobile[CDMA - EvDo rev. A], state: CONNECTED/CONNECTED, reason: (unspecified), extra: , roaming: false, failover: false, isAvailable: true
07-03 08:20:44.231 19810 19829 D PicasaSyncManager: background data: true
07-03 08:20:44.379 19810 19812 D dalvikvm: GC_CONCURRENT freed 165K, 3% free 11703K/11975K, paused 1ms+5ms
07-03 08:20:44.399   145   202 D ConnectivityService: handleInetConditionHoldEnd: net=0, condition=100, published condition=100
07-03 08:20:44.539 19810 19812 D dalvikvm: GC_CONCURRENT freed 337K, 4% free 12204K/12679K, paused 2ms+2ms
07-03 08:20:44.731 19810 19812 D dalvikvm: GC_CONCURRENT freed 435K, 5% free 12779K/13319K, paused 2ms+2ms
07-03 08:20:47.242   145   162 I ActivityManager: Start proc com.spotify.mobile.android.service for service com.spotify.mobile.android.ui/com.spotify.mobile.android.service.SpotifyService: pid=19848 uid=10055 gids={3003, 1015}
07-03 08:20:47.324   145   365 I ActivityManager: Process android.process.acore (pid 19359) has died.
07-03 08:20:47.340 19848 19848 D dalvikvm: Trying to load lib /data/data/com.spotify.mobile.android.ui/lib/liborbit-jni-spotify.so 0x413413b0
07-03 08:20:47.410 19848 19848 D dalvikvm: Added shared lib /data/data/com.spotify.mobile.android.ui/lib/liborbit-jni-spotify.so 0x413413b0
07-03 08:21:38.344   145   147 D dalvikvm: GC_CONCURRENT freed 1885K, 28% free 17661K/24455K, paused 359ms+7ms
07-03 08:21:38.406 19549 19550 D dalvikvm: GC_CONCURRENT freed 745K, 15% free 11522K/13511K, paused 25ms+3ms
07-03 08:21:39.266 19549 19871 I DatabaseHelper: Begin cleanup.
07-03 08:21:39.360 19549 19871 I DatabaseHelper: Cleaned up: 0
07-03 08:21:46.883 17606 17626 D dalvikvm: GC_EXPLICIT freed 117K, 10% free 10574K/11719K, paused 2ms+3ms
07-03 08:21:47.047 19507 19508 D dalvikvm: GC_CONCURRENT freed 433K, 6% free 10121K/10695K, paused 2ms+2ms
07-03 08:22:05.906   145   396 D AlarmManagerService: Kernel timezone updated to 240 minutes west of GMT
07-03 08:22:05.910   345   345 D SystemClock: Setting time of day to sec=1341318127
07-03 08:22:07.088   145   162 I ActivityManager: Start proc com.android.calendar for broadcast com.android.calendar/.widget.CalendarAppWidgetService$CalendarFactory: pid=19875 uid=10005 gids={3003}
07-03 08:22:07.178 19875 19875 I ActivityThread: Pub com.android.calendar.CalendarRecentSuggestionsProvider: com.android.calendar.CalendarRecentSuggestionsProvider
07-03 08:22:07.393  9453  9455 D dalvikvm: GC_CONCURRENT freed 449K, 11% free 9389K/10439K, paused 8ms+7ms
07-03 08:22:07.467   145 28236 D dalvikvm: GC_EXPLICIT freed 216K, 28% free 17617K/24455K, paused 10ms+7ms
07-03 08:22:07.490   145   157 I ActivityManager: Start proc com.android.providers.calendar for content provider com.android.providers.calendar/.CalendarProvider2: pid=19894 uid=10006 gids={3003, 1015}
07-03 08:22:07.494  9453 11412 V AlarmClock: AlarmInitReceiver finished
07-03 08:22:07.603 19894 19894 I ActivityThread: Pub com.android.calendar: com.android.providers.calendar.CalendarProvider2
07-03 08:22:07.697 19717 19720 D dalvikvm: GC_CONCURRENT freed 516K, 8% free 10878K/11719K, paused 2ms+14ms
07-03 08:22:12.363 19894 19894 I CalendarProvider2: Sending notification intent: Intent { act=android.intent.action.PROVIDER_CHANGED dat=content://com.android.calendar }
07-03 08:22:12.367 19894 19894 W ContentResolver: Failed to get type for: content://com.android.calendar (Unknown URL content://com.android.calendar)
07-03 08:22:30.348   145   177 I power   : *** set_screen_state 1
07-03 08:22:30.371   145   177 I WindowManager: Lock screen displayed!
07-03 08:22:30.551    78   121 D SurfaceFlinger: Screen about to return, flinger = 0x457918
07-03 08:22:31.613   362  1930 D NfcService: NFC-C ON
07-03 08:22:31.617   216   216 D PhoneStatusBar: disable: < expand icons alerts ticker system_info BACK HOME recent* CLOCK >
07-03 08:22:31.754   216   216 D PhoneStatusBar: disable: < expand icons alerts ticker system_info back* home* recent clock* >
07-03 08:22:31.754   145   310 W InputManagerService: Window already focused, ignoring focus gain of: com.android.internal.view.IInputMethodClient$Stub$Proxy@416909a0
07-03 08:22:32.410   145   348 I ActivityManager: Start proc android.process.acore for content provider com.android.providers.contacts/.ContactsProvider2: pid=19912 uid=10000 gids={3003, 1015}
07-03 08:22:32.465    79    79 D dalvikvm: GC_EXPLICIT freed 37K, 4% free 9031K/9347K, paused 1ms+2ms
07-03 08:22:32.512    79    79 D dalvikvm: GC_EXPLICIT freed <1K, 4% free 9031K/9347K, paused 1ms+5ms
07-03 08:22:32.563    79    79 D dalvikvm: GC_EXPLICIT freed <1K, 4% free 9031K/9347K, paused 2ms+3ms
07-03 08:22:32.567 19912 19912 I ActivityThread: Pub call_log: com.android.providers.contacts.CallLogProvider
07-03 08:22:32.609 19912 19912 I ActivityThread: Pub com.android.voicemail: com.android.providers.contacts.VoicemailContentProvider
07-03 08:22:32.613 19912 19912 I ActivityThread: Pub user_dictionary: com.android.providers.userdictionary.UserDictionaryProvider
07-03 08:22:32.633 19912 19912 I ActivityThread: Pub com.android.social: com.android.providers.contacts.SocialProvider
07-03 08:22:32.637 19912 19912 I ActivityThread: Pub applications: com.android.providers.applications.ApplicationsProvider
07-03 08:22:32.734 19912 19912 I ActivityThread: Pub contacts;com.android.contacts: com.android.providers.contacts.ContactsProvider2
07-03 08:22:32.742 19912 19915 D dalvikvm: GC_CONCURRENT freed 350K, 5% free 9183K/9607K, paused 2ms+2ms
07-03 08:22:32.981   145   361 I ActivityManager: Process com.google.android.youtube (pid 19748) has died.
07-03 08:22:33.078 19912 19915 D dalvikvm: GC_CONCURRENT freed 232K, 4% free 9372K/9735K, paused 7ms+3ms
07-03 08:22:33.402   145   156 I ActivityManager: START {act=android.intent.action.MAIN cat=[android.intent.category.LAUNCHER] flg=0x10200000 cmp=com.google.android.talk/.SigningInActivity bnds=[96,706][192,802]} from pid 375
07-03 08:22:33.586   145   157 I ActivityManager: Start proc com.google.android.talk for activity com.google.android.talk/.SigningInActivity: pid=19927 uid=10045 gids={3003, 1015, 1006, 3002}
07-03 08:22:33.707   375   375 D OpenGLRenderer: Flushing caches (mode 1)
07-03 08:22:33.774   375   375 D OpenGLRenderer: Flushing caches (mode 0)
07-03 08:22:33.902 19927 19927 I ActivityThread: Pub com.google.android.talk.SuggestionProvider: com.google.android.talk.SuggestionsProvider
07-03 08:22:34.332   145   161 I Process : Sending signal. PID: 19927 SIG: 3
07-03 08:22:34.336 19927 19932 I dalvikvm: threadid=3: reacting to signal 3
07-03 08:22:34.660   145   161 I Process : Sending signal. PID: 19927 SIG: 3
07-03 08:22:34.680 19927 19927 D vclib:CallStateClient: startListening
07-03 08:22:34.688 19927 19932 I dalvikvm: Wrote stack traces to '/data/anr/traces.txt'
07-03 08:22:34.688 19927 19932 I dalvikvm: threadid=3: reacting to signal 3
07-03 08:22:34.731 19927 19932 I dalvikvm: Wrote stack traces to '/data/anr/traces.txt'
07-03 08:22:35.063 19927 19929 D dalvikvm: GC_CONCURRENT freed 171K, 3% free 9364K/9607K, paused 5ms+153ms
07-03 08:22:35.160   145   161 I Process : Sending signal. PID: 19927 SIG: 3
07-03 08:22:35.160 19927 19932 I dalvikvm: threadid=3: reacting to signal 3
07-03 08:22:35.188 19717 24101 D dalvikvm: GC_EXPLICIT freed 136K, 8% free 10807K/11719K, paused 7ms+4ms
07-03 08:22:35.215 19927 19932 I dalvikvm: Wrote stack traces to '/data/anr/traces.txt'
07-03 08:22:35.883   145   161 I Process : Sending signal. PID: 19927 SIG: 3
07-03 08:22:35.883 19927 19932 I dalvikvm: threadid=3: reacting to signal 3
07-03 08:22:36.113 19927 19932 I dalvikvm: Wrote stack traces to '/data/anr/traces.txt'
07-03 08:22:36.160   145   161 I Process : Sending signal. PID: 19927 SIG: 3
07-03 08:22:36.160 19927 19932 I dalvikvm: threadid=3: reacting to signal 3
07-03 08:22:36.238 19927 19932 I dalvikvm: Wrote stack traces to '/data/anr/traces.txt'
07-03 08:22:36.660   145   161 I Process : Sending signal. PID: 19927 SIG: 3
07-03 08:22:36.660 19927 19932 I dalvikvm: threadid=3: reacting to signal 3
07-03 08:22:36.680 19927 19932 I dalvikvm: Wrote stack traces to '/data/anr/traces.txt'
07-03 08:22:36.684 19927 19927 D vclib:CallStateClient: startListening
07-03 08:22:36.762 19927 19929 D dalvikvm: GC_CONCURRENT freed 260K, 4% free 9555K/9927K, paused 3ms+3ms
07-03 08:22:36.875 19927 19927 D libEGL  : loaded /system/lib/egl/libGLES_android.so
07-03 08:22:36.883 19927 19927 D libEGL  : loaded /vendor/lib/egl/libEGL_POWERVR_SGX540_120.so
07-03 08:22:36.914 19927 19927 D libEGL  : loaded /vendor/lib/egl/libGLESv1_CM_POWERVR_SGX540_120.so
07-03 08:22:36.918 19927 19927 D libEGL  : loaded /vendor/lib/egl/libGLESv2_POWERVR_SGX540_120.so
07-03 08:22:37.016 19927 19927 D OpenGLRenderer: Enabling debug mode 0
07-03 08:22:37.074 19927 19966 E talk    : [Databaseutils] pruneOldMessageHistory
07-03 08:22:37.121 19912 19915 D dalvikvm: GC_CONCURRENT freed 201K, 4% free 9599K/9927K, paused 18ms+5ms
07-03 08:22:37.156   145   176 I ActivityManager: Displayed com.google.android.talk/.SigningInActivity: +3s585ms
07-03 08:22:38.215 19927 19927 D vclib:CallStateClient: stopListening
07-03 08:22:38.215 19927 19927 D vclib:CallStateClient: startListening
07-03 08:22:38.434 19927 19929 D dalvikvm: GC_CONCURRENT freed 219K, 3% free 9819K/10119K, paused 57ms+4ms
07-03 08:22:38.625 19927 19929 D dalvikvm: GC_CONCURRENT freed 125K, 3% free 10158K/10375K, paused 2ms+4ms
07-03 08:22:39.930 19927 19927 D OpenGLRenderer: Flushing caches (mode 0)
07-03 08:22:39.965 19927 19927 D OpenGLRenderer: Flushing caches (mode 1)
07-03 08:22:39.973 19927 19927 D vclib:CallStateClient: stopListening
07-03 08:22:42.496   145 22722 I ActivityManager: START {act=android.intent.action.MAIN cat=[android.intent.category.LAUNCHER] flg=0x10000000 pkg=com.twitter.android cmp=com.twitter.android/.StartActivity bnds=[120,254][240,404]} from pid 375
07-03 08:22:42.641   375   375 D OpenGLRenderer: Flushing caches (mode 1)
07-03 08:22:42.723   375   375 D OpenGLRenderer: Flushing caches (mode 0)
07-03 08:22:42.789 19549 19550 D dalvikvm: GC_CONCURRENT freed 362K, 12% free 11993K/13511K, paused 4ms+4ms
07-03 08:22:42.848   216   216 V PhoneStatusBar: setLightsOn(true)
07-03 08:22:42.859 19549 19549 D libEGL  : loaded /system/lib/egl/libGLES_android.so
07-03 08:22:42.867 19549 19549 D libEGL  : loaded /vendor/lib/egl/libEGL_POWERVR_SGX540_120.so
07-03 08:22:42.899 19549 19549 D libEGL  : loaded /vendor/lib/egl/libGLESv1_CM_POWERVR_SGX540_120.so
07-03 08:22:42.899 19549 19549 D libEGL  : loaded /vendor/lib/egl/libGLESv2_POWERVR_SGX540_120.so
07-03 08:22:42.949 19549 19549 D OpenGLRenderer: Enabling debug mode 0
07-03 08:22:43.035   145   161 I Process : Sending signal. PID: 19549 SIG: 3
07-03 08:22:43.047 19549 19552 I dalvikvm: threadid=3: reacting to signal 3
07-03 08:22:43.109 19549 19552 I dalvikvm: Wrote stack traces to '/data/anr/traces.txt'
07-03 08:22:43.305   145   176 I ActivityManager: Displayed com.twitter.android/.TweetActivity: +778ms
07-03 08:22:45.238 19549 19550 D dalvikvm: GC_CONCURRENT freed 683K, 10% free 12191K/13511K, paused 6ms+4ms
07-03 08:22:47.719 19549 19556 I dalvikvm: Jit: resizing JitTable from 4096 to 8192
07-03 08:22:47.777 19549 19550 D dalvikvm: GC_CONCURRENT freed 579K, 7% free 12664K/13511K, paused 2ms+12ms
07-03 08:22:47.785   145   161 I Process : Sending signal. PID: 19549 SIG: 3
07-03 08:22:47.785 19549 19552 I dalvikvm: threadid=3: reacting to signal 3
07-03 08:22:47.852 19549 19552 I dalvikvm: Wrote stack traces to '/data/anr/traces.txt'
07-03 08:22:47.930   216   216 V PhoneStatusBar: setLightsOn(true)
07-03 08:22:47.957 19549 19549 D OpenGLRenderer: Flushing caches (mode 0)
07-03 08:22:48.086   145   176 I ActivityManager: Displayed com.twitter.android/.HomeTabActivity: +802ms
07-03 08:22:48.188 10674 10676 D dalvikvm: GC_CONCURRENT freed 390K, 18% free 10024K/12167K, paused 1ms+3ms
07-03 08:22:48.379 17629 17631 D dalvikvm: GC_CONCURRENT freed 513K, 7% free 9919K/10567K, paused 13ms+28ms
07-03 08:22:48.418 17606 17609 D dalvikvm: GC_CONCURRENT freed 508K, 10% free 10580K/11719K, paused 2ms+9ms
07-03 08:22:48.969 19507 19508 D dalvikvm: GC_CONCURRENT freed 355K, 5% free 10206K/10695K, paused 5ms+3ms
07-03 08:22:50.129 19507 19508 D dalvikvm: GC_CONCURRENT freed 324K, 5% free 10379K/10823K, paused 79ms+10ms
07-03 08:22:50.918 19549 19550 D dalvikvm: GC_CONCURRENT freed 916K, 8% free 12913K/13959K, paused 8ms+34ms
07-03 08:22:53.094   145   145 I ActivityManager: Process com.google.android.apps.docs (pid 19791) has died.
07-03 08:22:59.590 17657 17670 I PhoneLab-: Service Running
07-03 08:22:59.672   145   348 I ActivityManager: Process com.chess (pid 19051) has died.
07-03 08:22:59.711 17657 17670 I PhoneLab-LoggerService: app_37    1360  1     1436   992   c00f181c 400107b4 S logcat
07-03 08:22:59.711 17657 17670 I PhoneLab-LoggerService: Logcat pid from database 1360
07-03 08:22:59.711 17657 17670 I PhoneLab-LoggerService: Logcat process found 1360
07-03 08:22:59.711 17657 17670 I PhoneLab-LoggerService: Checking Threshold
07-03 08:23:27.758 19549 19550 D dalvikvm: GC_CONCURRENT freed 1532K, 12% free 12655K/14279K, paused 3ms+7ms
07-03 08:23:28.324 17657 17670 I PhoneLab-: Service Running
07-03 08:23:28.391 17657 17670 I PhoneLab-LoggerService: app_37    1360  1     1436   992   c00f181c 400107b4 S logcat
07-03 08:23:28.391 17657 17670 I PhoneLab-LoggerService: Logcat pid from database 1360
07-03 08:23:28.391 17657 17670 I PhoneLab-LoggerService: Logcat process found 1360
07-03 08:23:28.391 17657 17670 I PhoneLab-LoggerService: Checking Threshold
07-03 08:23:34.277   145   348 I ActivityManager: START {cmp=com.twitter.android/.TweetActivity (has extras)} from pid 19549
07-03 08:23:34.625   216   216 V PhoneStatusBar: setLightsOn(true)
07-03 08:23:34.856   145   176 I ActivityManager: Displayed com.twitter.android/.TweetActivity: +416ms
07-03 08:23:34.910   145   147 D dalvikvm: GC_CONCURRENT freed 1827K, 28% free 17720K/24455K, paused 14ms+26ms
07-03 08:23:34.973 19549 19549 D OpenGLRenderer: Flushing caches (mode 0)
07-03 08:23:35.539 19549 19550 D dalvikvm: GC_CONCURRENT freed 690K, 9% free 13066K/14279K, paused 10ms+7ms
07-03 08:23:36.879 19549 19700 D dalvikvm: GC_FOR_ALLOC freed 538K, 9% free 13117K/14279K, paused 97ms
07-03 08:23:36.883 19549 19700 I dalvikvm-heap: Grow heap (frag case) to 14.709MB for 1920016-byte allocation
07-03 08:23:36.934 19549 19558 D dalvikvm: GC_FOR_ALLOC freed <1K, 8% free 14991K/16199K, paused 39ms
07-03 08:23:36.988 19549 19550 D dalvikvm: GC_CONCURRENT freed 12K, 8% free 14979K/16199K, paused 2ms+3ms
07-03 08:23:39.012   145   395 I ActivityManager: START {dat=https://p.twimg.com/Aw4MG9CCAAIA5pS.jpg cmp=com.twitter.android/.ImageActivity (has extras)} from pid 19549
07-03 08:23:39.074   145 28236 I ActivityManager: Process com.google.android.apps.uploader (pid 19731) has died.
07-03 08:23:39.106   216   216 V PhoneStatusBar: setLightsOn(true)
07-03 08:23:39.332   145   176 I ActivityManager: Displayed com.twitter.android/.ImageActivity: +284ms
07-03 08:23:39.344 19549 19549 D OpenGLRenderer: Flushing caches (mode 0)
07-03 08:23:40.234 19549 19660 D dalvikvm: GC_FOR_ALLOC freed 441K, 8% free 15015K/16199K, paused 48ms
07-03 08:23:40.238 19549 19660 I dalvikvm-heap: Grow heap (frag case) to 16.563MB for 1920016-byte allocation
07-03 08:23:40.313 19549 19660 D dalvikvm: GC_FOR_ALLOC freed 3K, 7% free 16886K/18119K, paused 37ms
07-03 08:23:43.918   216   216 V PhoneStatusBar: setLightsOn(true)
07-03 08:23:44.043 19549 19549 D OpenGLRenderer: Flushing caches (mode 0)
07-03 08:23:45.047   216   216 V PhoneStatusBar: setLightsOn(true)
07-03 08:23:45.121 19549 19549 D OpenGLRenderer: Flushing caches (mode 0)
07-03 08:23:45.125   145 21614 I ActivityManager: Process com.google.android.apps.plus (pid 19810) has died.
07-03 08:23:48.258 19927 19927 D OpenGLRenderer: Flushing caches (mode 1)
07-03 08:23:48.258   375   375 D OpenGLRenderer: Flushing caches (mode 1)
07-03 08:23:48.383   345   347 D dalvikvm: GC_CONCURRENT freed 860K, 14% free 12004K/13895K, paused 5ms+5ms
07-03 08:24:05.363   216   218 D dalvikvm: GC_CONCURRENT freed 397K, 32% free 9830K/14343K, paused 5ms+3ms
07-03 08:24:05.465   216   218 D dalvikvm: GC_CONCURRENT freed 402K, 31% free 9917K/14343K, paused 2ms+5ms
07-03 08:24:36.418   216   218 D dalvikvm: GC_CONCURRENT freed 473K, 31% free 9919K/14343K, paused 4ms+7ms
07-03 08:24:36.543   216   218 D dalvikvm: GC_CONCURRENT freed 471K, 32% free 9871K/14343K, paused 8ms+12ms
07-03 08:24:48.293   375   375 D OpenGLRenderer: Flushing caches (mode 1)
07-03 08:24:48.293 19927 19927 D OpenGLRenderer: Flushing caches (mode 1)
07-03 08:24:48.527 19507 19508 D dalvikvm: GC_CONCURRENT freed 773K, 8% free 10142K/11015K, paused 10ms+3ms
07-03 08:25:06.367   145   348 I ActivityManager: START {cmp=com.twitter.android/.TweetActivity (has extras)} from pid 19549
07-03 08:25:06.574 19549 19550 D dalvikvm: GC_CONCURRENT freed 3581K, 20% free 15363K/19015K, paused 3ms+12ms
07-03 08:25:06.688   145 22722 D dalvikvm: GC_EXPLICIT freed 1768K, 31% free 16890K/24455K, paused 3ms+7ms
07-03 08:25:06.711   216   216 V PhoneStatusBar: setLightsOn(true)
07-03 08:25:06.813   145   176 I ActivityManager: Displayed com.twitter.android/.TweetActivity: +341ms
07-03 08:25:06.867 19549 19549 D OpenGLRenderer: Flushing caches (mode 0)
07-03 08:25:09.527   216   216 V PhoneStatusBar: setLightsOn(true)
07-03 08:25:09.621 10674 10676 D dalvikvm: GC_CONCURRENT freed 389K, 18% free 10024K/12167K, paused 2ms+13ms
07-03 08:25:09.629 19549 19549 D OpenGLRenderer: Flushing caches (mode 0)
07-03 08:25:15.063 20016 20016 D dalvikvm: Late-enabling CheckJNI
07-03 08:25:15.074   145   162 I ActivityManager: Start proc com.chess for broadcast com.chess/.backend.AlarmReceiver: pid=20016 uid=10079 gids={3003, 1015}
07-03 08:25:15.348 20016 20017 D dalvikvm: GC_CONCURRENT freed 154K, 3% free 9381K/9607K, paused 2ms+3ms
07-03 08:25:15.504 20016 20030 D GetStringObjTask: retrieving from url = http://www.chess.com/api/get_move_status?id=y3ICtufzg6w7rQqcD3KFujVaIanpYba4bIpaeKElV1LNz3Sz4Fk9Yh5CeWaj8h4bQ2RY0CxFVgA%2ByBE5DE%2B1cAuw4i%2Bp2GVj5RbuDPEUotReGbS25iAukuBsuUd%2Fl5dp
07-03 08:25:16.082 20016 20030 D GetStringObjTask: WebRequest SERVER RESPONSE: Success+0
07-03 08:25:28.324 17657 17670 I PhoneLab-: Service Running
07-03 08:25:28.383   145   395 I ActivityManager: Process com.spotify.mobile.android.service (pid 19848) has died.
07-03 08:25:28.383   145   395 W ActivityManager: Scheduling restart of crashed service com.spotify.mobile.android.ui/com.spotify.mobile.android.service.SpotifyService in 5000ms
07-03 08:25:28.414 17657 17670 I PhoneLab-LoggerService: app_37    1360  1     1436   992   c00f181c 400107b4 S logcat
07-03 08:25:28.414 17657 17670 I PhoneLab-LoggerService: Logcat pid from database 1360
07-03 08:25:28.418 17657 17670 I PhoneLab-LoggerService: Logcat process found 1360
07-03 08:25:28.418 17657 17670 I PhoneLab-LoggerService: Checking Threshold
07-03 08:25:33.426   145   162 I ActivityManager: Start proc com.spotify.mobile.android.service for service com.spotify.mobile.android.ui/com.spotify.mobile.android.service.SpotifyService: pid=20033 uid=10055 gids={3003, 1015}
07-03 08:25:33.531 20033 20033 D dalvikvm: Trying to load lib /data/data/com.spotify.mobile.android.ui/lib/liborbit-jni-spotify.so 0x4133cee8
07-03 08:25:33.586 20033 20033 D dalvikvm: Added shared lib /data/data/com.spotify.mobile.android.ui/lib/liborbit-jni-spotify.so 0x4133cee8
07-03 08:25:37.262   145 21614 I ActivityManager: START {cmp=com.twitter.android/.TweetActivity (has extras)} from pid 19549
07-03 08:25:37.445   216   216 V PhoneStatusBar: setLightsOn(true)
07-03 08:25:37.570   145   176 I ActivityManager: Displayed com.twitter.android/.TweetActivity: +207ms
07-03 08:25:37.641 19549 19549 D OpenGLRenderer: Flushing caches (mode 0)
07-03 08:25:38.836 19549 19660 D dalvikvm: GC_FOR_ALLOC freed 3534K, 29% free 13559K/19015K, paused 50ms
07-03 08:25:43.848   216   216 V PhoneStatusBar: setLightsOn(true)
07-03 08:25:43.922 19549 19549 D OpenGLRenderer: Flushing caches (mode 0)
07-03 08:25:49.313 17606 17609 D dalvikvm: GC_CONCURRENT freed 493K, 10% free 10606K/11719K, paused 2ms+3ms
07-03 08:25:49.438 19507 19508 D dalvikvm: GC_CONCURRENT freed 416K, 8% free 10176K/11015K, paused 2ms+2ms
07-03 08:26:30.863 19549 19550 D dalvikvm: GC_CONCURRENT freed 1197K, 28% free 13769K/19015K, paused 4ms+6ms
07-03 08:27:28.324 17657 17670 I PhoneLab-: Service Running
07-03 08:27:28.442 17657 17670 I PhoneLab-LoggerService: app_37    1360  1     1436   992   c00f181c 400107b4 S logcat
07-03 08:27:28.442 17657 17670 I PhoneLab-LoggerService: Logcat pid from database 1360
07-03 08:27:28.442 17657 17670 I PhoneLab-LoggerService: Logcat process found 1360
07-03 08:27:28.445 17657 17670 I PhoneLab-LoggerService: Checking Threshold
07-03 08:27:28.469 17657 17659 D dalvikvm: GC_CONCURRENT freed 412K, 14% free 9149K/10631K, paused 14ms+2ms
07-03 08:27:46.719 19549 19550 D dalvikvm: GC_CONCURRENT freed 1332K, 27% free 13908K/19015K, paused 4ms+11ms
07-03 08:27:48.617 19507 19508 D dalvikvm: GC_CONCURRENT freed 428K, 8% free 10158K/11015K, paused 15ms+14ms
07-03 08:27:56.856   145   365 I ActivityManager: Process edu.buffalo.cse.phonelab.phonelabservices (pid 17657) has died.
07-03 08:27:56.856   145   365 W ActivityManager: Scheduling restart of crashed service edu.buffalo.cse.phonelab.phonelabservices/edu.buffalo.cse.phonelab.datalogger.LoggerService in 5000ms
07-03 08:28:01.902   145   162 I ActivityManager: Start proc edu.buffalo.cse.phonelab.phonelabservices for service edu.buffalo.cse.phonelab.phonelabservices/edu.buffalo.cse.phonelab.datalogger.LoggerService: pid=20076 uid=10037 gids={3003, 1015, 1007, 2001}
07-03 08:28:02.012 20076 20076 I PhoneLab-LoggerService: Start Logger Service
07-03 08:28:02.043 20076 20089 I PhoneLab-: Service Running
07-03 08:28:02.121 20076 20089 I PhoneLab-LoggerService: app_37    1360  1     1436   992   c00f181c 400107b4 S logcat
07-03 08:28:02.125 20076 20089 I PhoneLab-LoggerService: Logcat pid from database 1360
07-03 08:28:02.125 20076 20089 I PhoneLab-LoggerService: Logcat process found 1360
07-03 08:28:02.125 20076 20089 I PhoneLab-LoggerService: Checking Threshold
07-03 08:28:19.266   145   348 I ActivityManager: START {cmp=com.twitter.android/.TweetActivity (has extras)} from pid 19549
07-03 08:28:19.469   216   216 V PhoneStatusBar: setLightsOn(true)
07-03 08:28:19.645   145   176 I ActivityManager: Displayed com.twitter.android/.TweetActivity: +255ms
07-03 08:28:19.699 19549 19549 D OpenGLRenderer: Flushing caches (mode 0)
07-03 08:28:20.043 19549 19550 D dalvikvm: GC_CONCURRENT freed 1378K, 27% free 14040K/19015K, paused 2ms+7ms
07-03 08:28:22.414   145  1150 I ActivityManager: START {act=android.intent.action.VIEW dat=http://t.co/lgYROvKc flg=0x10000000 cmp=org.mozilla.firefox_beta/.App} from pid 19549
07-03 08:28:22.473   145   365 I ActivityManager: Start proc org.mozilla.firefox_beta for activity org.mozilla.firefox_beta/.App: pid=20099 uid=10061 gids={3003, 1015, 1006}
07-03 08:28:22.703 19549 19549 D OpenGLRenderer: Flushing caches (mode 1)
07-03 08:28:22.832   145   147 D dalvikvm: GC_CONCURRENT freed 1638K, 30% free 17195K/24455K, paused 7ms+11ms
07-03 08:28:22.840 20099 20099 I ActivityThread: Pub org.mozilla.firefox_beta.db.browser: org.mozilla.firefox_beta.db.BrowserProvider
07-03 08:28:22.863 20099 20099 I ActivityThread: Pub org.mozilla.firefox_beta.db.formhistory: org.mozilla.firefox_beta.db.FormHistoryProvider
07-03 08:28:22.863 20099 20099 I ActivityThread: Pub org.mozilla.firefox_beta.db.tabs: org.mozilla.firefox_beta.db.TabsProvider
07-03 08:28:22.891   145  1150 I ActivityManager: Process com.android.deskclock (pid 9453) has died.
07-03 08:28:22.953 20099 20099 D dalvikvm: Trying to load lib /data/data/org.mozilla.firefox_beta/lib/libmozglue.so 0x41340ba8
07-03 08:28:22.965 20099 20099 D dalvikvm: Added shared lib /data/data/org.mozilla.firefox_beta/lib/libmozglue.so 0x41340ba8
07-03 08:28:22.965 20099 20099 D dalvikvm: No JNI_OnLoad found in /data/data/org.mozilla.firefox_beta/lib/libmozglue.so 0x41340ba8, skipping init
07-03 08:28:22.965 20099 20099 W GeckoApp: zerdatime 192668759 - onCreate
07-03 08:28:23.000 20099 20112 D GeckoProfile: Found profile dir: /data/data/org.mozilla.firefox_beta/files/mozilla/r0zhquk7.default
07-03 08:28:23.024   145   161 I Process : Sending signal. PID: 20099 SIG: 3
07-03 08:28:23.024 20099 20103 I dalvikvm: threadid=3: reacting to signal 3
07-03 08:28:23.055 19549 19549 D OpenGLRenderer: Flushing caches (mode 0)
07-03 08:28:23.078 20099 20103 I dalvikvm: Wrote stack traces to '/data/anr/traces.txt'
07-03 08:28:23.156 20099 20101 D dalvikvm: GC_CONCURRENT freed 203K, 4% free 9309K/9607K, paused 14ms+3ms
07-03 08:28:23.188 20099 20099 I GeckoViewsFactory: Creating custom Gecko view: FormAssistPopup
07-03 08:28:23.192 20099 20099 I GeckoViewsFactory: Creating custom Gecko view: AboutHomeContent
07-03 08:28:23.227 20099 20099 W GeckoApp: zerdatime 192669021 - onStart
07-03 08:28:23.227 20099 20099 I GeckoApp: start
07-03 08:28:23.254 20099 20099 W GeckoApp: zerdatime 192669050 - onNewIntent
07-03 08:28:23.258 20099 20099 I GeckoApp: resume
07-03 08:28:23.297 20099 20099 D libEGL  : loaded /system/lib/egl/libGLES_android.so
07-03 08:28:23.305 20099 20099 D libEGL  : loaded /vendor/lib/egl/libEGL_POWERVR_SGX540_120.so
07-03 08:28:23.317 20099 20099 D libEGL  : loaded /vendor/lib/egl/libGLESv1_CM_POWERVR_SGX540_120.so
07-03 08:28:23.320 20099 20099 D libEGL  : loaded /vendor/lib/egl/libGLESv2_POWERVR_SGX540_120.so
07-03 08:28:23.375 20099 20099 D OpenGLRenderer: Enabling debug mode 0
07-03 08:28:23.379 20099 20099 I GeckoToolbar: zerdatime 192669174 - Throbber start
07-03 08:28:23.379 20099 20112 I GeckoApp: Checking profile migration in: /data/data/org.mozilla.firefox_beta/files/mozilla/r0zhquk7.default
07-03 08:28:23.406 20099 20099 D GeckoFavicons: Creating Favicons instance
07-03 08:28:23.422 20099 20099 D GeckoFavicons: Creating DatabaseHelper
07-03 08:28:23.434 20099 20114 W GeckoApp: zerdatime 192669229 - start of getPluginDirectories
07-03 08:28:23.438 20099 20114 W GeckoApp: zerdatime 192669230 - end of getPluginDirectories
07-03 08:28:23.445 20099 20114 I GeckoAppShell: env0: null
07-03 08:28:23.445 20099 20114 D dalvikvm: Trying to load lib /data/data/org.mozilla.firefox_beta/lib/libmozglue.so 0x41340ba8
07-03 08:28:23.445 20099 20114 D dalvikvm: Shared lib '/data/data/org.mozilla.firefox_beta/lib/libmozglue.so' already loaded in same CL 0x41340ba8
07-03 08:28:23.453 20099 20114 E GeckoLibLoad: Load sqlite start
07-03 08:28:23.457 20099 20099 I GeckoAxis: Prefs: 0.85,0.97,10.0,0.012,0.04,0.3,0.5
07-03 08:28:23.500 20099 20101 D dalvikvm: GC_CONCURRENT freed 121K, 3% free 9644K/9863K, paused 4ms+5ms
07-03 08:28:23.512   145   161 I Process : Sending signal. PID: 20099 SIG: 3
07-03 08:28:23.512 20099 20103 I dalvikvm: threadid=3: reacting to signal 3
07-03 08:28:23.547 20099 20103 I dalvikvm: Wrote stack traces to '/data/anr/traces.txt'
07-03 08:28:23.555 20099 20114 E GeckoLinker: /data/app/org.mozilla.firefox_beta-1.apk!/libmozsqlite3.so: Warning: relocation to NULL @0x00052db4
07-03 08:28:23.555 20099 20114 E GeckoLinker: /data/app/org.mozilla.firefox_beta-1.apk!/libmozsqlite3.so: Warning: relocation to NULL @0x00052cb0 for symbol "__cxa_begin_cleanup"
07-03 08:28:23.555 20099 20114 E GeckoLinker: /data/app/org.mozilla.firefox_beta-1.apk!/libmozsqlite3.so: Warning: relocation to NULL @0x00052d1c for symbol "__cxa_type_match"
07-03 08:28:23.559 20099 20114 E GeckoLibLoad: Load sqlite done
07-03 08:28:23.559 20099 20114 D dalvikvm: Trying to load lib /data/data/org.mozilla.firefox_beta/lib/libmozglue.so 0x41340ba8
07-03 08:28:23.559 20099 20114 D dalvikvm: Shared lib '/data/data/org.mozilla.firefox_beta/lib/libmozglue.so' already loaded in same CL 0x41340ba8
07-03 08:28:23.563 20099 20114 E GeckoLibLoad: Load nss start
07-03 08:28:23.563 20099 20099 W GeckoApp: zerdatime 192669358 - UI almost up
07-03 08:28:23.621   145   396 W InputManagerService: Starting input on non-focused client com.android.internal.view.IInputMethodClient$Stub$Proxy@4137ba18 (uid=10064 pid=19549)
07-03 08:28:23.637 20099 20114 E GeckoLinker: /data/app/org.mozilla.firefox_beta-1.apk!/libnspr4.so: Warning: relocation to NULL @0x00020de0
07-03 08:28:23.637 20099 20114 E GeckoLinker: /data/app/org.mozilla.firefox_beta-1.apk!/libnspr4.so: Warning: relocation to NULL @0x00020b98 for symbol "__cxa_begin_cleanup"
07-03 08:28:23.637 20099 20114 E GeckoLinker: /data/app/org.mozilla.firefox_beta-1.apk!/libnspr4.so: Warning: relocation to NULL @0x00020cb0 for symbol "__cxa_type_match"
07-03 08:28:23.645    78  1420 W SurfaceTexture: [org.mozilla.firefox_beta/org.mozilla.firefox_beta.App] cancelBuffer: SurfaceTexture has been abandoned!
07-03 08:28:23.656 20099 20114 E GeckoLibLoad: Load nss done
07-03 08:28:23.746   145   176 I ActivityManager: Displayed org.mozilla.firefox_beta/.App: +1s307ms
07-03 08:28:23.871 20099 20112 W GeckoApp: zerdatime 192669665 - pre checkLaunchState
07-03 08:28:23.871 20099 20099 W GeckoApp: zerdatime 192669665 - onNewIntent
07-03 08:28:23.875 20099 20099 D GeckoApp: EDIT
07-03 08:28:23.875 20099 20099 I GeckoApp: onNewIntent: http://instagr.am/p/MnPe6QmPop/
07-03 08:28:24.578 20099 20114 E GeckoLinker: /data/app/org.mozilla.firefox_beta-1.apk!/libmozalloc.so: Warning: relocation to NULL @0x00003e2c
07-03 08:28:24.582 20099 20114 E GeckoLinker: /data/app/org.mozilla.firefox_beta-1.apk!/libmozalloc.so: Warning: relocation to NULL @0x00003db8 for symbol "__cxa_begin_cleanup"
07-03 08:28:24.586 20099 20114 E GeckoLinker: /data/app/org.mozilla.firefox_beta-1.apk!/libmozalloc.so: Warning: relocation to NULL @0x00003de0 for symbol "__cxa_type_match"
07-03 08:28:24.625 20099 20114 E GeckoLibLoad: Loaded libs in 969ms total, 449ms user, 207ms system, 3 faults
07-03 08:28:24.625 20099 20114 W GeckoThread: zerdatime 192670419 - runGecko
07-03 08:28:24.625 20099 20114 I GeckoThread: RunGecko - URI = about:empty
07-03 08:28:24.629 20099 20114 I GeckoAppShell: post native init
07-03 08:28:24.629 20099 20114 I GeckoAppShell: setLayerClient called
07-03 08:28:24.637   145 21614 I ActivityManager: Process com.android.calendar (pid 19875) has died.
07-03 08:28:24.856 20099 20114 E GeckoConsole: Could not read chrome manifest 'file:///data/data/org.mozilla.firefox_beta/chrome.manifest'.
07-03 08:28:24.883   145   329 I ActivityManager: Process com.android.providers.calendar (pid 19894) has died.
07-03 08:28:24.949   145  1150 I ActivityManager: Process com.google.android.talk (pid 19927) has died.
07-03 08:28:25.164 20099 20114 W ResourceType: Too many attribute references, stopped at: 0x01010099
07-03 08:28:25.465   145   310 I ActivityManager: Process android.process.acore (pid 19912) has died.
07-03 08:28:25.477 20099 20114 E GeckoConsole: zerdatime 1341318505479 - browser chrome startup finished.
07-03 08:28:25.496 20099 20114 I GeckoApp: Got message: CharEncoding:State
07-03 08:28:25.570 20099 20114 I GeckoTabs: Got message: Session:RestoreBegin
07-03 08:28:25.570 20099 20114 I Gecko   : Detected osrelease `3.0.8-g6656123'
07-03 08:28:25.574 20099 20114 I Gecko   : JITs are not broken
07-03 08:28:25.629 20099 20114 I GeckoTabs: Got message: Tab:Added
07-03 08:28:25.629 20099 20114 I GeckoTabs: Received message from Gecko: 192671424 - Tab:Added
07-03 08:28:25.660 20099 20114 I GeckoTabs: Added a tab with id: 1
07-03 08:28:25.660 20099 20099 I GeckoToolbar: zerdatime 192671456 - Throbber start
07-03 08:28:25.664 20099 20099 I GeckoDoorHangerPopup: Showing all doorhangers for tab: 1
07-03 08:28:25.684 20099 20114 I GeckoApp: Got message: Content:StateChange
07-03 08:28:25.684 20099 20114 I GeckoApp: State - 983041
07-03 08:28:25.684 20099 20114 I GeckoApp: Got a document start
07-03 08:28:25.684 20099 20099 I GeckoToolbar: zerdatime 192671479 - Throbber start
07-03 08:28:25.707 20099 20114 I GeckoApp: Got message: Gecko:Ready
07-03 08:28:25.727 20099 20114 D GeckoLayerClient: Screen-size changed to (480,800)
07-03 08:28:25.727 20099 20114 D GeckoLayerClient: Window-size changed to (480,690)
07-03 08:28:25.734 20099 20114 I GeckoLayerClient: Showing checks: true
07-03 08:28:25.817 20099 20114 I GeckoApp: Got message: Content:LocationChange
07-03 08:28:25.817 20099 20114 I GeckoApp: URI - about:empty
07-03 08:28:25.895 20099 20114 I GeckoTab: Updated url: about:empty for tab with id: 1
07-03 08:28:25.902 20099 20114 I GeckoTab: Updated favicon for tab with id: 1
07-03 08:28:25.902 20099 20114 I GeckoTab: Updated favicon URL for tab with id: 1
07-03 08:28:25.930 20099 20114 I GeckoApp: Got message: Content:SecurityChange
07-03 08:28:25.930 20099 20114 I GeckoApp: Security Mode - unknown
07-03 08:28:25.942 20099 20099 I GeckoDoorHangerPopup: Showing all doorhangers for tab: 1
07-03 08:28:25.961 20099 20114 I GeckoPanZoomController: Got message: Preferences:Data
07-03 08:28:25.961 20099 20114 I GeckoPanZoomController: Zoom animation frames: [0.0, 0.10211, 0.19864, 0.29043, 0.37816, 0.46155, 0.54054, 0.61496, 0.68467, 0.7491, 0.80794, 0.86069, 0.90651, 0.94471, 0.97401, 0.99309]
07-03 08:28:25.961 20099 20114 I GeckoAxis: Prefs: 0.85,0.97,10.0,0.012,0.04,0.3,0.5
07-03 08:28:25.992 20099 20114 I GeckoApp: Got message: Content:PageShow
07-03 08:28:25.992 20099 20099 D GeckoFavicons: Creating LoadFaviconTask with URL = about:empty and favicon URL = null
07-03 08:28:25.996 20099 20099 D GeckoFavicons: Calling loadFavicon() with URL = about:empty and favicon URL = null (1)
07-03 08:28:26.000 20099 20126 D GeckoFavicons: The provided favicon URL is not valid: java.net.MalformedURLException: Unknown protocol: about
07-03 08:28:26.012 20099 20099 D GeckoFavicons: LoadFaviconTask finished for URL = about:empty (1)
07-03 08:28:26.020 20099 20114 I GeckoApp: Got message: Content:StateChange
07-03 08:28:26.024 20099 20114 I GeckoApp: State - 786448
07-03 08:28:26.024 20099 20114 I GeckoApp: Got a document stop
07-03 08:28:26.027 20099 20099 I GeckoToolbar: zerdatime 192671823 - Throbber stop
07-03 08:28:26.070   145   348 I ActivityManager: Start proc android.process.acore for content provider com.android.providers.contacts/.ContactsProvider2: pid=20128 uid=10000 gids={3003, 1015}
07-03 08:28:26.094 19549 19549 D OpenGLRenderer: Flushing caches (mode 1)
07-03 08:28:26.098   375   375 D OpenGLRenderer: Flushing caches (mode 2)
07-03 08:28:26.106   145  9966 I ActivityManager: Process android.process.media (pid 19112) has died.
07-03 08:28:26.121   375   375 D OpenGLRenderer: Flushing caches (mode 0)
07-03 08:28:26.379 20128 20128 I ActivityThread: Pub call_log: com.android.providers.contacts.CallLogProvider
07-03 08:28:26.430 20128 20128 I ActivityThread: Pub com.android.voicemail: com.android.providers.contacts.VoicemailContentProvider
07-03 08:28:26.434 20128 20128 I ActivityThread: Pub user_dictionary: com.android.providers.userdictionary.UserDictionaryProvider
07-03 08:28:26.473 20099 20114 I GeckoApp: Got message: Content:StateChange
07-03 08:28:26.473 20099 20114 I GeckoApp: State - 983041
07-03 08:28:26.477 20099 20114 I GeckoApp: Got a document start
07-03 08:28:26.477 20099 20099 I GeckoToolbar: zerdatime 192672272 - Throbber start
07-03 08:28:26.531 20099 20101 D dalvikvm: GC_CONCURRENT freed 327K, 5% free 9729K/10183K, paused 107ms+6ms
07-03 08:28:26.606 20099 20114 I GeckoTabs: Got message: Tab:Added
07-03 08:28:26.606 20099 20114 I GeckoTabs: Received message from Gecko: 192672399 - Tab:Added
07-03 08:28:26.606 20099 20114 I GeckoTabs: Added a tab with id: 2
07-03 08:28:26.609 20128 20128 I ActivityThread: Pub com.android.social: com.android.providers.contacts.SocialProvider
07-03 08:28:26.609 20128 20128 I ActivityThread: Pub applications: com.android.providers.applications.ApplicationsProvider
07-03 08:28:26.707 20099 20114 I GeckoTabs: Got message: Tab:Added
07-03 08:28:26.707 20099 20114 I GeckoTabs: Received message from Gecko: 192672500 - Tab:Added
07-03 08:28:26.707 20099 20114 I GeckoTabs: Added a tab with id: 3
07-03 08:28:26.738 20128 20128 I ActivityThread: Pub contacts;com.android.contacts: com.android.providers.contacts.ContactsProvider2
07-03 08:28:26.770 20128 20131 D dalvikvm: GC_CONCURRENT freed 350K, 5% free 9186K/9607K, paused 2ms+3ms
07-03 08:28:26.801 20099 20114 I GeckoTabs: Got message: Tab:Added
07-03 08:28:26.801 20099 20114 I GeckoTabs: Received message from Gecko: 192672595 - Tab:Added
07-03 08:28:26.805 20099 20114 I GeckoTabs: Added a tab with id: 4
07-03 08:28:26.820   145   145 I ActivityManager: Process com.google.android.apps.maps:LocationFriendService (pid 19507) has died.
07-03 08:28:26.848 20099 20114 I GeckoTabs: Got message: Tab:Added
07-03 08:28:26.848 20099 20114 I GeckoTabs: Received message from Gecko: 192672644 - Tab:Added
07-03 08:28:26.852 20099 20114 I GeckoTabs: Added a tab with id: 5
07-03 08:28:26.910 20099 20114 I GeckoTabs: Got message: Tab:Added
07-03 08:28:26.910 20099 20114 I GeckoTabs: Received message from Gecko: 192672705 - Tab:Added
07-03 08:28:26.910 20099 20114 I GeckoTabs: Added a tab with id: 6
07-03 08:28:26.942 20099 20114 I GeckoTabs: Got message: Tab:Added
07-03 08:28:26.942 20099 20114 I GeckoTabs: Received message from Gecko: 192672737 - Tab:Added
07-03 08:28:26.945 20099 20114 I GeckoTabs: Added a tab with id: 7
07-03 08:28:26.977 20099 20114 I GeckoTabs: Got message: Tab:Added
07-03 08:28:26.977 20099 20114 I GeckoTabs: Received message from Gecko: 192672771 - Tab:Added
07-03 08:28:26.977 20099 20114 I GeckoTabs: Added a tab with id: 8
07-03 08:28:27.016 20099 20114 I GeckoTabs: Got message: Tab:Added
07-03 08:28:27.016 20099 20114 I GeckoTabs: Received message from Gecko: 192672809 - Tab:Added
07-03 08:28:27.016 20099 20114 I GeckoTabs: Added a tab with id: 9
07-03 08:28:27.024 20099 20114 I GeckoTabs: Got message: Session:RestoreEnd
07-03 08:28:27.199 20099 20099 E GeckoEvent: Error creating motion point 0
07-03 08:28:27.199 20099 20099 E GeckoEvent: java.lang.NullPointerException
07-03 08:28:27.199 20099 20099 E GeckoEvent: 	at org.mozilla.gecko.gfx.LayerController.convertViewPointToLayerPoint(LayerController.java:320)
07-03 08:28:27.199 20099 20099 E GeckoEvent: 	at org.mozilla.gecko.GeckoEvent.addMotionPoint(GeckoEvent.java:257)
07-03 08:28:27.199 20099 20099 E GeckoEvent: 	at org.mozilla.gecko.GeckoEvent.initMotionEvent(GeckoEvent.java:238)
07-03 08:28:27.199 20099 20099 E GeckoEvent: 	at org.mozilla.gecko.GeckoEvent.createMotionEvent(GeckoEvent.java:214)
07-03 08:28:27.199 20099 20099 E GeckoEvent: 	at org.mozilla.gecko.GeckoApp$42.onTouch(GeckoApp.java:2966)
07-03 08:28:27.199 20099 20099 E GeckoEvent: 	at org.mozilla.gecko.gfx.TouchEventHandler.handleEvent(TouchEventHandler.java:193)
07-03 08:28:27.199 20099 20099 E GeckoEvent: 	at org.mozilla.gecko.gfx.LayerView.onTouchEvent(LayerView.java:116)
07-03 08:28:27.199 20099 20099 E GeckoEvent: 	at android.view.View.dispatchTouchEvent(View.java:5541)
07-03 08:28:27.199 20099 20099 E GeckoEvent: 	at android.view.ViewGroup.dispatchTransformedTouchEvent(ViewGroup.java:1957)
07-03 08:28:27.199 20099 20099 E GeckoEvent: 	at android.view.ViewGroup.dispatchTouchEvent(ViewGroup.java:1684)
07-03 08:28:27.199 20099 20099 E GeckoEvent: 	at android.view.ViewGroup.dispatchTransformedTouchEvent(ViewGroup.java:1957)
07-03 08:28:27.199 20099 20099 E GeckoEvent: 	at android.view.ViewGroup.dispatchTouchEvent(ViewGroup.java:1684)
07-03 08:28:27.199 20099 20099 E GeckoEvent: 	at android.view.ViewGroup.dispatchTransformedTouchEvent(ViewGroup.java:1957)
07-03 08:28:27.199 20099 20099 E GeckoEvent: 	at android.view.ViewGroup.dispatchTouchEvent(ViewGroup.java:1684)
07-03 08:28:27.199 20099 20099 E GeckoEvent: 	at android.view.ViewGroup.dispatchTransformedTouchEvent(ViewGroup.java:1957)
07-03 08:28:27.199 20099 20099 E GeckoEvent: 	at android.view.ViewGroup.dispatchTouchEvent(ViewGroup.java:1684)
07-03 08:28:27.199 20099 20099 E GeckoEvent: 	at android.view.ViewGroup.dispatchTransformedTouchEvent(ViewGroup.java:1957)
07-03 08:28:27.199 20099 20099 E GeckoEvent: 	at android.view.ViewGroup.dispatchTouchEvent(ViewGroup.java:1684)
07-03 08:28:27.199 20099 20099 E GeckoEvent: 	at com.android.internal.policy.impl.PhoneWindow$DecorView.superDispatchTouchEvent(PhoneWindow.java:1912)
07-03 08:28:27.199 20099 20099 E GeckoEvent: 	at com.android.internal.policy.impl.PhoneWindow.superDispatchTouchEvent(PhoneWindow.java:1371)
07-03 08:28:27.199 20099 20099 E GeckoEvent: 	at android.app.Activity.dispatchTouchEvent(Activity.java:2364)
07-03 08:28:27.199 20099 20099 E GeckoEvent: 	at com.android.internal.policy.impl.PhoneWindow$DecorView.dispatchTouchEvent(PhoneWindow.java:1860)
07-03 08:28:27.199 20099 20099 E GeckoEvent: 	at android.view.View.dispatchPointerEvent(View.java:5721)
07-03 08:28:27.199 20099 20099 E GeckoEvent: 	at android.view.ViewRootImpl.deliverPointerEvent(ViewRootImpl.java:2890)
07-03 08:28:27.199 20099 20099 E GeckoEvent: 	at android.view.ViewRootImpl.handleMessage(ViewRootImpl.java:2466)
07-03 08:28:27.199 20099 20099 E GeckoEvent: 	at android.view.ViewRootImpl.processInputEvents(ViewRootImpl.java:845)
07-03 08:28:27.199 20099 20099 E GeckoEvent: 	at android.view.ViewRootImpl.handleMessage(ViewRootImpl.java:2475)
07-03 08:28:27.199 20099 20099 E GeckoEvent: 	at android.os.Handler.dispatchMessage(Handler.java:99)
07-03 08:28:27.199 20099 20099 E GeckoEvent: 	at android.os.Looper.loop(Looper.java:137)
07-03 08:28:27.199 20099 20099 E GeckoEvent: 	at android.app.ActivityThread.main(ActivityThread.java:4424)
07-03 08:28:27.199 20099 20099 E GeckoEvent: 	at java.lang.reflect.Method.invokeNative(Native Method)
07-03 08:28:27.199 20099 20099 E GeckoEvent: 	at java.lang.reflect.Method.invoke(Method.java:511)
07-03 08:28:27.199 20099 20099 E GeckoEvent: 	at com.android.internal.os.ZygoteInit$MethodAndArgsCaller.run(ZygoteInit.java:784)
07-03 08:28:27.199 20099 20099 E GeckoEvent: 	at com.android.internal.os.ZygoteInit.main(ZygoteInit.java:551)
07-03 08:28:27.199 20099 20099 E GeckoEvent: 	at dalvik.system.NativeStart.main(Native Method)
07-03 08:28:27.203 20099 20114 I GeckoDisplayPortCalculator: Set strategy VelocityBiasStrategy mult=2.0, threshold=7.6800003, reverse=0.2, dangerBaseX=1.0, dangerBaseY=1.0, dangerIncrX=0.0, dangerIncrY=0.0
07-03 08:28:27.207 20099 20114 I PluginLayer: Using plugin placeholder: false
07-03 08:28:27.215 20099 20099 E GeckoEvent: Error creating motion point 0
07-03 08:28:27.215 20099 20099 E GeckoEvent: java.lang.NullPointerException
07-03 08:28:27.215 20099 20099 E GeckoEvent: 	at org.mozilla.gecko.gfx.LayerController.convertViewPointToLayerPoint(LayerController.java:320)
07-03 08:28:27.215 20099 20099 E GeckoEvent: 	at org.mozilla.gecko.GeckoEvent.addMotionPoint(GeckoEvent.java:257)
07-03 08:28:27.215 20099 20099 E GeckoEvent: 	at org.mozilla.gecko.GeckoEvent.initMotionEvent(GeckoEvent.java:238)
07-03 08:28:27.215 20099 20099 E GeckoEvent: 	at org.mozilla.gecko.GeckoEvent.createMotionEvent(GeckoEvent.java:214)
07-03 08:28:27.215 20099 20099 E GeckoEvent: 	at org.mozilla.gecko.GeckoApp$42.onTouch(GeckoApp.java:2966)
07-03 08:28:27.215 20099 20099 E GeckoEvent: 	at org.mozilla.gecko.gfx.TouchEventHandler.handleEvent(TouchEventHandler.java:193)
07-03 08:28:27.215 20099 20099 E GeckoEvent: 	at org.mozilla.gecko.gfx.LayerView.onTouchEvent(LayerView.java:116)
07-03 08:28:27.215 20099 20099 E GeckoEvent: 	at android.view.View.dispatchTouchEvent(View.java:5541)
07-03 08:28:27.215 20099 20099 E GeckoEvent: 	at android.view.ViewGroup.dispatchTransformedTouchEvent(ViewGroup.java:1957)
07-03 08:28:27.215 20099 20099 E GeckoEvent: 	at android.view.ViewGroup.dispatchTouchEvent(ViewGroup.java:1726)
07-03 08:28:27.215 20099 20099 E GeckoEvent: 	at android.view.ViewGroup.dispatchTransformedTouchEvent(ViewGroup.java:1957)
07-03 08:28:27.215 20099 20099 E GeckoEvent: 	at android.view.ViewGroup.dispatchTouchEvent(ViewGroup.java:1726)
07-03 08:28:27.215 20099 20099 E GeckoEvent: 	at android.view.ViewGroup.dispatchTransformedTouchEvent(ViewGroup.java:1957)
07-03 08:28:27.215 20099 20099 E GeckoEvent: 	at android.view.ViewGroup.dispatchTouchEvent(ViewGroup.java:1726)
07-03 08:28:27.215 20099 20099 E GeckoEvent: 	at android.view.ViewGroup.dispatchTransformedTouchEvent(ViewGroup.java:1957)
07-03 08:28:27.215 20099 20099 E GeckoEvent: 	at android.view.ViewGroup.dispatchTouchEvent(ViewGroup.java:1726)
07-03 08:28:27.215 20099 20099 E GeckoEvent: 	at android.view.ViewGroup.dispatchTransformedTouchEvent(ViewGroup.java:1957)
07-03 08:28:27.215 20099 20099 E GeckoEvent: 	at android.view.ViewGroup.dispatchTouchEvent(ViewGroup.java:1726)
07-03 08:28:27.215 20099 20099 E GeckoEvent: 	at com.android.internal.policy.impl.PhoneWindow$DecorView.superDispatchTouchEvent(PhoneWindow.java:1912)
07-03 08:28:27.215 20099 20099 E GeckoEvent: 	at com.android.internal.policy.impl.PhoneWindow.superDispatchTouchEvent(PhoneWindow.java:1371)
07-03 08:28:27.215 20099 20099 E GeckoEvent: 	at android.app.Activity.dispatchTouchEvent(Activity.java:2364)
07-03 08:28:27.215 20099 20099 E GeckoEvent: 	at com.android.internal.policy.impl.PhoneWindow$DecorView.dispatchTouchEvent(PhoneWindow.java:1860)
07-03 08:28:27.215 20099 20099 E GeckoEvent: 	at android.view.View.dispatchPointerEvent(View.java:5721)
07-03 08:28:27.215 20099 20099 E GeckoEvent: 	at android.view.ViewRootImpl.deliverPointerEvent(ViewRootImpl.java:2890)
07-03 08:28:27.215 20099 20099 E GeckoEvent: 	at android.view.ViewRootImpl.handleMessage(ViewRootImpl.java:2466)
07-03 08:28:27.215 20099 20099 E GeckoEvent: 	at android.view.ViewRootImpl.processInputEvents(ViewRootImpl.java:845)
07-03 08:28:27.215 20099 20099 E GeckoEvent: 	at android.view.ViewRootImpl.handleMessage(ViewRootImpl.java:2475)
07-03 08:28:27.215 20099 20099 E GeckoEvent: 	at android.os.Handler.dispatchMessage(Handler.java:99)
07-03 08:28:27.215 20099 20099 E GeckoEvent: 	at android.os.Looper.loop(Looper.java:137)
07-03 08:28:27.215 20099 20099 E GeckoEvent: 	at android.app.ActivityThread.main(ActivityThread.java:4424)
07-03 08:28:27.215 20099 20099 E GeckoEvent: 	at java.lang.reflect.Method.invokeNative(Native Method)
07-03 08:28:27.215 20099 20099 E GeckoEvent: 	at java.lang.reflect.Method.invoke(Method.java:511)
07-03 08:28:27.215 20099 20099 E GeckoEvent: 	at com.android.internal.os.ZygoteInit$MethodAndArgsCaller.run(ZygoteInit.java:784)
07-03 08:28:27.215 20099 20099 E GeckoEvent: 	at com.android.internal.os.ZygoteInit.main(ZygoteInit.java:551)
07-03 08:28:27.215 20099 20099 E GeckoEvent: 	at dalvik.system.NativeStart.main(Native Method)
07-03 08:28:27.219 20099 20145 I Gecko   : Logging GL tracing output to /data/data/org.mozilla.firefox_beta/firefox.trace
07-03 08:28:27.219 20099 20145 I Gecko   : Attempting load of /data/local/egltrace.so
07-03 08:28:27.219 20099 20145 I Gecko   : Attempting load of libEGL.so
07-03 08:28:27.223 20099 20145 I Gecko   : Extensions: EGL_KHR_image EGL_KHR_image_base EGL_KHR_image_base EGL_KHR_gl_texture_2D_image EGL_KHR_gl_texture_cubemap_image EGL_KHR_gl_renderbuffer_image EGL_KHR_fence_sync EGL_ANDROID_image_native_buffer EGL_ANDROID_image_native_buffer  0x45
07-03 08:28:27.223 20099 20145 I Gecko   : Extensions length: 226
07-03 08:28:27.250 20099 20099 E GeckoEvent: Error creating motion point 0
07-03 08:28:27.250 20099 20099 E GeckoEvent: java.lang.NullPointerException
07-03 08:28:27.250 20099 20099 E GeckoEvent: 	at org.mozilla.gecko.gfx.LayerController.convertViewPointToLayerPoint(LayerController.java:320)
07-03 08:28:27.250 20099 20099 E GeckoEvent: 	at org.mozilla.gecko.GeckoEvent.addMotionPoint(GeckoEvent.java:257)
07-03 08:28:27.250 20099 20099 E GeckoEvent: 	at org.mozilla.gecko.GeckoEvent.initMotionEvent(GeckoEvent.java:238)
07-03 08:28:27.250 20099 20099 E GeckoEvent: 	at org.mozilla.gecko.GeckoEvent.createMotionEvent(GeckoEvent.java:214)
07-03 08:28:27.250 20099 20099 E GeckoEvent: 	at org.mozilla.gecko.GeckoApp$42.onTouch(GeckoApp.java:2966)
07-03 08:28:27.250 20099 20099 E GeckoEvent: 	at org.mozilla.gecko.gfx.TouchEventHandler.handleEvent(TouchEventHandler.java:193)
07-03 08:28:27.250 20099 20099 E GeckoEvent: 	at org.mozilla.gecko.gfx.LayerView.onTouchEvent(LayerView.java:116)
07-03 08:28:27.250 20099 20099 E GeckoEvent: 	at android.view.View.dispatchTouchEvent(View.java:5541)
07-03 08:28:27.250 20099 20099 E GeckoEvent: 	at android.view.ViewGroup.dispatchTransformedTouchEvent(ViewGroup.java:1957)
07-03 08:28:27.250 20099 20099 E GeckoEvent: 	at android.view.ViewGroup.dispatchTouchEvent(ViewGroup.java:1726)
07-03 08:28:27.250 20099 20099 E GeckoEvent: 	at android.view.ViewGroup.dispatchTransformedTouchEvent(ViewGroup.java:1957)
07-03 08:28:27.250 20099 20099 E GeckoEvent: 	at android.view.ViewGroup.dispatchTouchEvent(ViewGroup.java:1726)
07-03 08:28:27.250 20099 20099 E GeckoEvent: 	at android.view.ViewGroup.dispatchTransformedTouchEvent(ViewGroup.java:1957)
07-03 08:28:27.250 20099 20099 E GeckoEvent: 	at android.view.ViewGroup.dispatchTouchEvent(ViewGroup.java:1726)
07-03 08:28:27.250 20099 20099 E GeckoEvent: 	at android.view.ViewGroup.dispatchTransformedTouchEvent(ViewGroup.java:1957)
07-03 08:28:27.250 20099 20099 E GeckoEvent: 	at android.view.ViewGroup.dispatchTouchEvent(ViewGroup.java:1726)
07-03 08:28:27.250 20099 20099 E GeckoEvent: 	at android.view.ViewGroup.dispatchTransformedTouchEvent(ViewGroup.java:1957)
07-03 08:28:27.250 20099 20099 E GeckoEvent: 	at android.view.ViewGroup.dispatchTouchEvent(ViewGroup.java:1726)
07-03 08:28:27.250 20099 20099 E GeckoEvent: 	at com.android.internal.policy.impl.PhoneWindow$DecorView.superDispatchTouchEvent(PhoneWindow.java:1912)
07-03 08:28:27.250 20099 20099 E GeckoEvent: 	at com.android.internal.policy.impl.PhoneWindow.superDispatchTouchEvent(PhoneWindow.java:1371)
07-03 08:28:27.250 20099 20099 E GeckoEvent: 	at android.app.Activity.dispatchTouchEvent(Activity.java:2364)
07-03 08:28:27.250 20099 20099 E GeckoEvent: 	at com.android.internal.policy.impl.PhoneWindow$DecorView.dispatchTouchEvent(PhoneWindow.java:1860)
07-03 08:28:27.250 20099 20099 E GeckoEvent: 	at android.view.View.dispatchPointerEvent(View.java:5721)
07-03 08:28:27.250 20099 20099 E GeckoEvent: 	at android.view.ViewRootImpl.deliverPointerEvent(ViewRootImpl.java:2890)
07-03 08:28:27.250 20099 20099 E GeckoEvent: 	at android.view.ViewRootImpl.handleMessage(ViewRootImpl.java:2466)
07-03 08:28:27.250 20099 20099 E GeckoEvent: 	at android.view.ViewRootImpl.processInputEvents(ViewRootImpl.java:845)
07-03 08:28:27.250 20099 20099 E GeckoEvent: 	at android.view.ViewRootImpl.performTraversals(ViewRootImpl.java:859)
07-03 08:28:27.250 20099 20099 E GeckoEvent: 	at android.view.ViewRootImpl.handleMessage(ViewRootImpl.java:2442)
07-03 08:28:27.250 20099 20099 E GeckoEvent: 	at android.os.Handler.dispatchMessage(Handler.java:99)
07-03 08:28:27.250 20099 20099 E GeckoEvent: 	at android.os.Looper.loop(Looper.java:137)
07-03 08:28:27.250 20099 20099 E GeckoEvent: 	at android.app.ActivityThread.main(ActivityThread.java:4424)
07-03 08:28:27.250 20099 20099 E GeckoEvent: 	at java.lang.reflect.Method.invokeNative(Native Method)
07-03 08:28:27.250 20099 20099 E GeckoEvent: 	at java.lang.reflect.Method.invoke(Method.java:511)
07-03 08:28:27.250 20099 20099 E GeckoEvent: 	at com.android.internal.os.ZygoteInit$MethodAndArgsCaller.run(ZygoteInit.java:784)
07-03 08:28:27.250 20099 20099 E GeckoEvent: 	at com.android.internal.os.ZygoteInit.main(ZygoteInit.java:551)
07-03 08:28:27.250 20099 20099 E GeckoEvent: 	at dalvik.system.NativeStart.main(Native Method)
07-03 08:28:27.293 20099 20145 E GeckoConsole: OpenGL LayerManager Initialized Succesfully.
07-03 08:28:27.293 20099 20145 E GeckoConsole: Version: OpenGL ES 2.0 build 1.8@785978
07-03 08:28:27.293 20099 20145 E GeckoConsole: Vendor: Imagination Technologies
07-03 08:28:27.293 20099 20145 E GeckoConsole: Renderer: PowerVR SGX 540
07-03 08:28:27.293 20099 20145 E GeckoConsole: FBO Texture Target: TEXTURE_2D
07-03 08:28:27.297 20099 20114 I GeckoApp: Got message: DOMTitleChanged
07-03 08:28:27.297 20099 20114 I GeckoTab: Updated title:  for tab with id: 1
07-03 08:28:27.297 20099 20114 I GeckoApp: title - 
07-03 08:28:27.301 20099 20114 I GeckoApp: Got message: DOMContentLoaded
07-03 08:28:27.328 20099 20114 I GeckoApp: Got message: Tab:ViewportMetadata
07-03 08:28:27.379   145 21614 I ActivityManager: Process com.spotify.mobile.android.service (pid 20033) has died.
07-03 08:28:27.379   145 21614 W ActivityManager: Scheduling restart of crashed service com.spotify.mobile.android.ui/com.spotify.mobile.android.service.SpotifyService in 5000ms
07-03 08:28:27.399 20099 20145 D GeckoLayerView: LayerView paint state set to 1
07-03 08:28:27.399 20099 20145 I GeckoAppShell: Taking whole-screen screenshot, viewport: ImmutableViewportMetrics v=(0.0,0.0,480.0,690.0) p=(0.0,0.0,235.0,338.0) c=(0.0,0.0,480.0,690.0) z=0.4897959
07-03 08:28:27.399 20099 20099 D GeckoPanZoomController: generating valid viewport using v=RectF(0.0, 0.0, 480.0, 690.0) p=RectF(0.0, 0.0, 235.0, 338.0) c=RectF(0.0, 0.0, 480.0, 690.0) z=0.4897959
07-03 08:28:27.399 20099 20099 D GeckoPanZoomController: generated valid viewport as v=RectF(0.0, 0.0, 480.0, 690.0) p=RectF(0.0, 0.0, 480.2084, 690.29956) c=RectF(0.0, 0.0, 480.0, 690.0) z=1.0004342
07-03 08:28:27.410 20099 20099 D GeckoPanZoomController: Finishing animation at ImmutableViewportMetrics v=(0.0,0.0,480.0,690.0) p=(0.0,0.0,480.2084,690.29956) c=(0.0,0.0,480.0,690.0) z=1.0004342
07-03 08:28:27.438 20099 20145 D GeckoLayerView: LayerView paint state set to 2
07-03 08:28:27.449 20099 20145 I Gecko   : Compositor: Composite took 66 ms.
07-03 08:28:27.449 20099 20114 E GeckoConsole: [JavaScript Error: "NS_ERROR_XPC_BAD_CONVERT_JS: Could not convert JavaScript argument arg 0 [inIDOMUtils.setContentState]" {file: "chrome://browser/content/browser.js" line: 2850}]
07-03 08:28:27.465 20099 20114 E GeckoConsole: [JavaScript Error: "NS_ERROR_INVALID_POINTER: Component returned failure code: 0x80004003 (NS_ERROR_INVALID_POINTER) [inIDOMUtils.setContentState]" {file: "chrome://browser/content/browser.js" line: 2855}]
07-03 08:28:27.473 20099 20101 D dalvikvm: GC_CONCURRENT freed 416K, 5% free 9797K/10311K, paused 2ms+4ms
07-03 08:28:27.477 20099 20099 D GeckoPanZoomController: generating valid viewport using v=RectF(0.0, 0.0, 480.0, 690.0) p=RectF(0.0, 0.0, 480.2084, 690.29956) c=RectF(0.0, 0.0, 480.0, 690.0) z=1.0004342
07-03 08:28:27.477 20099 20099 D GeckoPanZoomController: generated valid viewport as v=RectF(0.0, 0.0, 480.0, 690.0) p=RectF(0.0, 0.0, 480.2084, 690.29956) c=RectF(0.0, 0.0, 480.0, 690.0) z=1.0004342
07-03 08:28:27.524 20099 20112 D dalvikvm: GC_FOR_ALLOC freed 10K, 6% free 9794K/10311K, paused 17ms
07-03 08:28:27.527 20099 20112 I dalvikvm-heap: Grow heap (frag case) to 11.633MB for 2097168-byte allocation
07-03 08:28:27.555 20099 20099 D dalvikvm: GC_FOR_ALLOC freed <1K, 5% free 11842K/12423K, paused 16ms
07-03 08:28:27.613 20099 20101 D dalvikvm: GC_CONCURRENT freed 5K, 5% free 11846K/12423K, paused 2ms+4ms
07-03 08:28:27.883 20099 20114 I GeckoTabs: Got message: SessionHistory:New
07-03 08:28:27.891 20128 20131 D dalvikvm: GC_CONCURRENT freed 185K, 4% free 9435K/9735K, paused 2ms+2ms
07-03 08:28:27.918 20099 20114 I GeckoApp: Got message: Content:LocationChange
07-03 08:28:27.922 20099 20114 I GeckoApp: URI - http://instagram.com/p/MnPe6QmPop/
07-03 08:28:27.922 20099 20114 I GeckoTab: Updated url: http://instagram.com/p/MnPe6QmPop/ for tab with id: 1
07-03 08:28:27.922 20099 20114 I GeckoTab: Updated favicon for tab with id: 1
07-03 08:28:27.922 20099 20114 I GeckoTab: Updated favicon URL for tab with id: 1
07-03 08:28:27.926 20099 20114 D GeckoFavicons: Requesting cancelation of favicon load (1)
07-03 08:28:27.930 20099 20099 I GeckoDoorHangerPopup: Showing all doorhangers for tab: 1
07-03 08:28:27.934 20099 20114 I GeckoApp: Got message: Content:SecurityChange
07-03 08:28:27.942 20099 20114 I GeckoApp: Security Mode - unknown
07-03 08:28:28.027 20099 20145 I Gecko   : Compositor: Composite took 91 ms.
07-03 08:28:28.059 20099 20145 I Gecko   : Compositor: Composite took 31 ms.
07-03 08:28:28.082 20099 20114 I GeckoApp: Got message: DOMTitleChanged
07-03 08:28:28.086 20099 20114 I GeckoTab: Updated title: Instagram for tab with id: 1
07-03 08:28:28.094 20099 20114 I GeckoApp: title - Instagram
07-03 08:28:28.117   145 21614 I ActivityManager: Process com.chess (pid 20016) has died.
07-03 08:28:28.402 20099 20112 W GeckoGlobalHistory: Rebuilding visited link set...
07-03 08:28:28.961 20099 20114 I GeckoApp: Got message: Tab:ViewportMetadata
07-03 08:28:29.238 20099 20145 I GeckoAppShell: Taking whole-screen screenshot, viewport: ImmutableViewportMetrics v=(0.0,0.0,480.0,690.0) p=(0.0,0.0,480.0,779.0) c=(0.0,0.0,320.0,519.0) z=1.5
07-03 08:28:29.238 20099 20099 D GeckoPanZoomController: generating valid viewport using v=RectF(0.0, 0.0, 480.0, 690.0) p=RectF(0.0, 0.0, 480.0, 779.0) c=RectF(0.0, 0.0, 320.0, 519.0) z=1.5
07-03 08:28:29.238 20099 20099 D GeckoPanZoomController: generated valid viewport as v=RectF(0.0, 0.0, 480.0, 690.0) p=RectF(0.0, 0.0, 480.0, 779.0) c=RectF(0.0, 0.0, 320.0, 519.0) z=1.5
07-03 08:28:29.281 20099 20145 I Gecko   : Compositor: Composite took 45 ms.
07-03 08:28:29.555 20099 20112 D dalvikvm: GC_FOR_ALLOC freed 2238K, 19% free 10372K/12743K, paused 35ms
07-03 08:28:29.559 20099 20112 I dalvikvm-heap: Grow heap (frag case) to 12.198MB for 2097168-byte allocation
07-03 08:28:29.617 20099 20099 D dalvikvm: GC_FOR_ALLOC freed 12K, 3% free 12408K/12743K, paused 50ms
07-03 08:28:29.711 20099 20101 D dalvikvm: GC_CONCURRENT freed <1K, 3% free 12408K/12743K, paused 2ms+15ms
07-03 08:28:29.789 20099 20145 I Gecko   : Compositor: Composite took 45 ms.
07-03 08:28:29.859 20099 20145 I Gecko   : Compositor: Composite took 54 ms.
07-03 08:28:29.984 20099 20099 D GeckoPanZoomController: generating valid viewport using v=RectF(0.0, 0.0, 480.0, 690.0) p=RectF(0.0, 0.0, 480.0, 1229.0) c=RectF(0.0, 0.0, 320.0, 819.0) z=1.5
07-03 08:28:29.984 20099 20099 D GeckoPanZoomController: generated valid viewport as v=RectF(0.0, 0.0, 480.0, 690.0) p=RectF(0.0, 0.0, 480.0, 1229.0) c=RectF(0.0, 0.0, 320.0, 819.0) z=1.5
07-03 08:28:30.024 20099 20145 I Gecko   : Compositor: Composite took 45 ms.
07-03 08:28:30.305 20099 20099 D GeckoPanZoomController: generating valid viewport using v=RectF(0.0, 0.0, 480.0, 690.0) p=RectF(0.0, 0.0, 480.0, 1241.0) c=RectF(0.0, 0.0, 320.0, 827.0) z=1.5
07-03 08:28:30.305 20099 20099 D GeckoPanZoomController: generated valid viewport as v=RectF(0.0, 0.0, 480.0, 690.0) p=RectF(0.0, 0.0, 480.0, 1241.0) c=RectF(0.0, 0.0, 320.0, 827.0) z=1.5
07-03 08:28:30.328 20099 20114 I GeckoApp: Got message: DOMContentLoaded
07-03 08:28:30.359 20099 20145 I Gecko   : Compositor: Composite took 55 ms.
07-03 08:28:31.164 20099 20114 E GeckoConsole: [JavaScript Warning: "Unknown property '-moz-outline-style'.  Declaration dropped." {file: "http://www.facebook.com/plugins/like.php?href=http://instagram.com/p/MnPe6QmPop/&layout=button_count&show_faces=false&width=100&action=like&font=lucida+grande&colorscheme=light&height=21" line: 9}]
07-03 08:28:31.164 20099 20114 E GeckoConsole: [JavaScript Warning: "Unknown property 'zoom'.  Declaration dropped." {file: "http://www.facebook.com/plugins/like.php?href=http://instagram.com/p/MnPe6QmPop/&layout=button_count&show_faces=false&width=100&action=like&font=lucida+grande&colorscheme=light&height=21" line: 19}]
07-03 08:28:31.227 20099 20114 E GeckoConsole: [JavaScript Warning: "Unknown property 'user-select'.  Declaration dropped." {file: "http://platform.twitter.com/widgets/tweet_button.1340179658.html#_=1341318510560&count=horizontal&id=twitter-widget-0&lang=en&original_referer=http%3A%2F%2Finstagram.com%2Fp%2FMnPe6QmPop%2F&size=m&text=smoonstyle%27s%20photo&url=http%3A%2F%2Finstagram.com%2Fp%2FMnPe6QmPop%2F&via=instagram" line: 1}]
07-03 08:28:31.227 20099 20114 E GeckoConsole: [JavaScript Warning: "Unknown property 'zoom'.  Declaration dropped." {file: "http://platform.twitter.com/widgets/tweet_button.1340179658.html#_=1341318510560&count=horizontal&id=twitter-widget-0&lang=en&original_referer=http%3A%2F%2Finstagram.com%2Fp%2FMnPe6QmPop%2F&size=m&text=smoonstyle%27s%20photo&url=http%3A%2F%2Finstagram.com%2Fp%2FMnPe6QmPop%2F&via=instagram" line: 1}]
07-03 08:28:31.231 20099 20114 E GeckoConsole: [JavaScript Warning: "Expected declaration but found '*'.  Skipped to next declaration." {file: "http://platform.twitter.com/widgets/tweet_button.1340179658.html#_=1341318510560&count=horizontal&id=twitter-widget-0&lang=en&original_referer=http%3A%2F%2Finstagram.com%2Fp%2FMnPe6QmPop%2F&size=m&text=smoonstyle%27s%20photo&url=http%3A%2F%2Finstagram.com%2Fp%2FMnPe6QmPop%2F&via=instagram" line: 1}]
07-03 08:28:31.231 20099 20114 E GeckoConsole: [JavaScript Warning: "Error in parsing value for 'background-image'.  Declaration dropped." {file: "http://platform.twitter.com/widgets/tweet_button.1340179658.html#_=1341318510560&count=horizontal&id=twitter-widget-0&lang=en&original_referer=http%3A%2F%2Finstagram.com%2Fp%2FMnPe6QmPop%2F&size=m&text=smoonstyle%27s%20photo&url=http%3A%2F%2Finstagram.com%2Fp%2FMnPe6QmPop%2F&via=instagram" line: 1}]
07-03 08:28:31.231 20099 20114 E GeckoConsole: [JavaScript Warning: "Error in parsing value for 'background-image'.  Declaration dropped." {file: "http://platform.twitter.com/widgets/tweet_button.1340179658.html#_=1341318510560&count=horizontal&id=twitter-widget-0&lang=en&original_referer=http%3A%2F%2Finstagram.com%2Fp%2FMnPe6QmPop%2F&size=m&text=smoonstyle%27s%20photo&url=http%3A%2F%2Finstagram.com%2Fp%2FMnPe6QmPop%2F&via=instagram" line: 1}]
07-03 08:28:31.231 20099 20114 E GeckoConsole: [JavaScript Warning: "Error in parsing value for 'background-image'.  Declaration dropped." {file: "http://platform.twitter.com/widgets/tweet_button.1340179658.html#_=1341318510560&count=horizontal&id=twitter-widget-0&lang=en&original_referer=http%3A%2F%2Finstagram.com%2Fp%2FMnPe6QmPop%2F&size=m&text=smoonstyle%27s%20photo&url=http%3A%2F%2Finstagram.com%2Fp%2FMnPe6QmPop%2F&via=instagram" line: 1}]
