07-07 15:15:38.722 32565 32574 W CursorWrapperInner: Cursor finalized without prior close()
07-07 15:15:38.836 32565 32568 D dalvikvm: GC_CONCURRENT freed 309K, 4% free 9735K/10119K, paused 3ms+3ms
07-07 15:15:38.933 32565 32568 D dalvikvm: GC_CONCURRENT freed 377K, 5% free 9923K/10375K, paused 2ms+2ms
07-07 15:15:39.031 32565 32568 D dalvikvm: GC_CONCURRENT freed 417K, 5% free 10075K/10567K, paused 2ms+3ms
07-07 15:15:39.082   145   314 I ActivityManager: Start proc com.google.android.gsf.login for service com.google.android.gsf.login/com.google.android.gsf.loginservice.GoogleLoginService: pid=32600 uid=10009 gids={3003, 1015, 1007, 2001, 3006}
07-07 15:15:39.160 32565 32568 D dalvikvm: GC_CONCURRENT freed 397K, 5% free 10223K/10695K, paused 2ms+6ms
07-07 15:15:39.367   145   145 I ActivityManager: Start proc com.google.android.apps.docs for broadcast com.google.android.apps.docs/.receivers.NetworkChangeReceiver: pid=32621 uid=10077 gids={3003, 1015, 1006}
07-07 15:15:39.738 32621 32621 I PackageInfoHelper: Provided clientMode=RELEASE, packageInfo=PackageInfo{41341580 com.google.android.apps.docs}
07-07 15:15:39.742 32621 32621 I ActivityThread: Pub com.google.android.apps.docs.files: com.google.android.apps.docs.sync.filemanager.FileProvider
07-07 15:15:39.754 32621 32621 I ActivityThread: Pub com.google.android.apps.docs.doclist.search_suggest: com.google.android.apps.docs.doclist.DocListGlobalSearchSuggestionProvider
07-07 15:15:39.922 32621 32623 D dalvikvm: GC_CONCURRENT freed 221K, 4% free 9310K/9607K, paused 2ms+2ms
07-07 15:15:39.980   145   408 I ActivityManager: Process com.facebook.orca (pid 32413) has died.
07-07 15:15:40.019 32621 32623 D dalvikvm: GC_CONCURRENT freed 467K, 6% free 9383K/9927K, paused 1ms+2ms
07-07 15:15:40.121 32621 32623 D dalvikvm: GC_CONCURRENT freed 498K, 6% free 9415K/9991K, paused 1ms+2ms
07-07 15:15:40.203 32621 32623 D dalvikvm: GC_CONCURRENT freed 540K, 7% free 9435K/10055K, paused 2ms+3ms
07-07 15:15:40.281 32621 32623 D dalvikvm: GC_CONCURRENT freed 485K, 6% free 9462K/10055K, paused 2ms+3ms
07-07 15:15:40.363 32621 32623 D dalvikvm: GC_CONCURRENT freed 472K, 6% free 9501K/10055K, paused 1ms+2ms
07-07 15:15:40.504 32621 32623 D dalvikvm: GC_CONCURRENT freed 376K, 5% free 9638K/10119K, paused 2ms+2ms
07-07 15:15:40.605 32621 32621 D ContextScopeImpl: in ContextScope.getContextOrDefault for thread=1
07-07 15:15:40.605 32621 32621 D ContextScopeImpl: returning application context for thread=1
07-07 15:15:40.636 32565 32568 D dalvikvm: GC_CONCURRENT freed 379K, 5% free 10380K/10823K, paused 2ms+20ms
07-07 15:15:40.648 32621 32623 D dalvikvm: GC_CONCURRENT freed 389K, 5% free 9752K/10247K, paused 2ms+37ms
07-07 15:15:40.660 32621 32621 I FeatureCheckerImpl: Configured disabled features: []
07-07 15:15:40.660 32621 32621 D ContextScopeImpl: in ContextScope.getContextOrDefault for thread=1
07-07 15:15:40.660 32621 32621 D ContextScopeImpl: returning application context for thread=1
07-07 15:15:40.675 32621 32621 D ContextScopeImpl: in ContextScope.enter for thread=1
07-07 15:15:40.675 32621 32621 W ContextScopeImpl: thread=1 tried to enter the scope of the application context. Ignored.
07-07 15:15:40.675 32621 32621 D ContextScopeImpl: in ContextScope.getContextOrDefault for thread=1
07-07 15:15:40.675 32621 32621 D ContextScopeImpl: returning application context for thread=1
07-07 15:15:40.675 32621 32621 D DocListDatabase: openHelper points on new database: DocList.db
07-07 15:15:40.675 32621 32621 D DocListDatabase: in openWriteDatabase
07-07 15:15:40.687 32621 32621 I ActivityThread: Pub com.google.android.apps.docs.doclist.account_suggest: com.google.android.apps.docs.doclist.DocListAccountSuggestionProvider
07-07 15:15:40.691 32621 32621 D ContextScopeImpl: in ContextScope.enter for thread=1
07-07 15:15:40.691 32621 32621 W ContextScopeImpl: thread=1 tried to enter the scope of the application context. Ignored.
07-07 15:15:40.691 32621 32621 I ActivityThread: Pub com.google.android.apps.docs: com.google.android.apps.docs.providers.DocListProvider
07-07 15:15:40.691 32621 32621 D ContextScopeImpl: in ContextScope.enter for thread=1
07-07 15:15:40.691 32621 32621 W ContextScopeImpl: thread=1 tried to enter the scope of the application context. Ignored.
07-07 15:15:40.703 32621 32621 W ContextScopeImpl: thread=1 tried to enter the scope of the application context. Ignored.
07-07 15:15:40.711 32621 32639 W ContextScopeImpl: thread=1698 tried to enter the scope of the application context. Ignored.
07-07 15:15:40.750 32621 32621 W ContextScopeImpl: thread=1 tried to enter the scope of the application context. Ignored.
07-07 15:15:40.812 32546 32546 I MediaUploader: No need to wake up
07-07 15:15:40.898 32438 32564 D PicasaSyncManager: active network: NetworkInfo: type: WIFI[], state: CONNECTED/CONNECTED, reason: (unspecified), extra: (none), roaming: false, failover: false, isAvailable: true
07-07 15:15:40.910 32621 32621 W ContextScopeImpl: thread=1 tried to enter the scope of the application context. Ignored.
07-07 15:15:40.925 32438 32564 D PicasaSyncManager: background data: true
07-07 15:15:41.148 32565 32568 D dalvikvm: GC_CONCURRENT freed 395K, 5% free 10465K/10951K, paused 2ms+2ms
07-07 15:15:41.472 32565 32568 D dalvikvm: GC_CONCURRENT freed 336K, 5% free 10568K/11015K, paused 2ms+2ms
07-07 15:15:49.582 31152 31165 I PhoneLab-: Service Running
07-07 15:15:49.699 31152 31165 I PhoneLab-LoggerService: app_37    1466  1     1436   1000  c00f181c 400107b4 S logcat
07-07 15:15:49.703 31152 31165 I PhoneLab-LoggerService: Logcat pid from database 1466
07-07 15:15:49.703 31152 31165 I PhoneLab-LoggerService: Logcat process found 1466
07-07 15:15:49.703 31152 31165 I PhoneLab-LoggerService: Checking Threshold
07-07 15:15:49.707 31152 31165 I PhoneLab-LoggerService: Starting to rename files
07-07 15:15:49.707 31152 31165 I PhoneLab-LoggerService: Files found .. 2
07-07 15:15:49.707 31152 31165 I PhoneLab-LoggerService: File 1 log.out.1
07-07 15:15:49.777 31152 31165 I PhoneLab-LoggerService: Renamed successfully
07-07 15:16:36.808 32296 32299 D dalvikvm: GC_CONCURRENT freed 502K, 8% free 10104K/10951K, paused 6ms+9ms
07-07 15:16:39.347   145   174 I ActivityManager: Start proc com.twitter.android for service com.twitter.android/.client.AppService: pid=32659 uid=10064 gids={3003, 1015}
07-07 15:16:39.355 32659 32659 I dalvikvm: Turning on JNI app bug workarounds for target SDK version 11...
07-07 15:16:39.472 32659 32659 I ActivityThread: Pub com.twitter.android.provider.GlobalDatabaseProvider: com.twitter.android.provider.GlobalDatabaseProvider
07-07 15:16:39.484 32659 32659 I ActivityThread: Pub com.twitter.android.provider.TwitterProvider: com.twitter.android.provider.TwitterProvider
07-07 15:16:39.629 32659 32661 D dalvikvm: GC_CONCURRENT freed 208K, 4% free 9268K/9607K, paused 3ms+4ms
07-07 15:16:39.828   145  1186 I ActivityManager: Process com.chess (pid 32524) has died.
07-07 15:16:39.863 27212 27212 D OpenGLRenderer: Flushing caches (mode 2)
07-07 15:16:39.863 27212 27212 D OpenGLRenderer: Flushing caches (mode 0)
07-07 15:16:39.863 27212 27212 W ManagedEGLContext: doTerminate failed: EGL count is 2 but managed count is 1
07-07 15:16:39.949 32659 32661 D dalvikvm: GC_CONCURRENT freed 176K, 4% free 9494K/9799K, paused 2ms+2ms
07-07 15:16:40.090 32659 32661 D dalvikvm: GC_CONCURRENT freed 296K, 5% free 9624K/10055K, paused 2ms+1ms
07-07 15:16:40.226 32659 32661 D dalvikvm: GC_CONCURRENT freed 313K, 5% free 9758K/10183K, paused 1ms+2ms
07-07 15:16:40.351 32659 32661 D dalvikvm: GC_CONCURRENT freed 295K, 5% free 9888K/10311K, paused 2ms+2ms
07-07 15:16:40.476 32659 32661 D dalvikvm: GC_CONCURRENT freed 296K, 4% free 10027K/10439K, paused 1ms+2ms
07-07 15:16:40.593 32659 32661 D dalvikvm: GC_CONCURRENT freed 308K, 5% free 10141K/10567K, paused 1ms+3ms
07-07 15:16:40.711 32659 32661 D dalvikvm: GC_CONCURRENT freed 312K, 4% free 10277K/10695K, paused 1ms+2ms
07-07 15:16:40.875 32659 32661 D dalvikvm: GC_CONCURRENT freed 480K, 6% free 10219K/10823K, paused 1ms+2ms
07-07 15:16:40.996 32659 32661 D dalvikvm: GC_CONCURRENT freed 332K, 5% free 10295K/10823K, paused 2ms+2ms
07-07 15:16:41.132 32659 32661 D dalvikvm: GC_CONCURRENT freed 318K, 5% free 10384K/10823K, paused 4ms+1ms
07-07 15:16:41.265 32659 32661 D dalvikvm: GC_CONCURRENT freed 373K, 5% free 10472K/10951K, paused 2ms+2ms
07-07 15:16:41.379 32659 32661 D dalvikvm: GC_CONCURRENT freed 338K, 5% free 10553K/11015K, paused 1ms+1ms
07-07 15:16:41.496 32659 32661 D dalvikvm: GC_CONCURRENT freed 325K, 5% free 10633K/11079K, paused 1ms+2ms
07-07 15:16:41.617 32659 32661 D dalvikvm: GC_CONCURRENT freed 384K, 5% free 10725K/11207K, paused 2ms+2ms
07-07 15:16:41.742 32659 32661 D dalvikvm: GC_CONCURRENT freed 404K, 5% free 10820K/11335K, paused 1ms+2ms
07-07 15:16:42.160   145   394 I ActivityManager: Process com.android.sprintmenu (pid 29647) has died.
07-07 15:16:42.160   145   394 W ActivityManager: Scheduling restart of crashed service com.android.sprintmenu/.HiddenPhoneService in 5000ms
07-07 15:16:42.496 32659 32661 D dalvikvm: GC_CONCURRENT freed 339K, 5% free 11002K/11463K, paused 2ms+3ms
07-07 15:16:45.144 32659 32661 D dalvikvm: GC_CONCURRENT freed 428K, 5% free 11194K/11719K, paused 2ms+6ms
07-07 15:16:47.242   145   162 I ActivityManager: Start proc com.android.sprintmenu for service com.android.sprintmenu/.HiddenPhoneService: pid=32680 uid=1001 gids={3002, 3001, 3003, 1015}
07-07 15:16:47.843   145   408 I ActivityManager: Process android.process.media (pid 32453) has died.
07-07 15:17:19.047   275   275 I wpa_supplicant: wlan0: WPA: Group rekeying completed with d0:c2:82:2d:ea:c1 [GTK=TKIP]
07-07 15:17:36.769 31021 31022 D dalvikvm: GC_CONCURRENT freed 512K, 22% free 10570K/13383K, paused 3ms+11ms
07-07 15:17:36.843 32296 32299 D dalvikvm: GC_CONCURRENT freed 446K, 8% free 10112K/10951K, paused 3ms+2ms
07-07 15:17:37.156   215   217 D dalvikvm: GC_CONCURRENT freed 291K, 33% free 9918K/14663K, paused 1ms+2ms
07-07 15:17:37.207   215   217 D dalvikvm: GC_CONCURRENT freed 647K, 34% free 9725K/14663K, paused 6ms+2ms
07-07 15:17:37.293   215   217 D dalvikvm: GC_CONCURRENT freed 313K, 33% free 9860K/14663K, paused 2ms+3ms
07-07 15:17:49.582 31152 31165 I PhoneLab-: Service Running
07-07 15:17:49.679 31152 31165 I PhoneLab-LoggerService: app_37    1466  1     1436   1000  c00f181c 400107b4 S logcat
07-07 15:17:49.679 31152 31165 I PhoneLab-LoggerService: Logcat pid from database 1466
07-07 15:17:49.679 31152 31165 I PhoneLab-LoggerService: Logcat process found 1466
07-07 15:17:49.679 31152 31165 I PhoneLab-LoggerService: Checking Threshold
07-07 15:17:49.679 31152 31165 I PhoneLab-LoggerService: Starting to rename files
07-07 15:17:49.683 31152 31165 I PhoneLab-LoggerService: Files found .. 2
07-07 15:18:40.031 32702 32702 D dalvikvm: Late-enabling CheckJNI
07-07 15:18:40.039   145   162 I ActivityManager: Start proc com.chess for broadcast com.chess/.backend.AlarmReceiver: pid=32702 uid=10079 gids={3003, 1015}
07-07 15:18:40.148 32702 32704 D dalvikvm: GC_CONCURRENT freed 162K, 3% free 9370K/9607K, paused 2ms+2ms
07-07 15:18:40.316   145  1185 I ActivityManager: Process com.google.android.apps.docs (pid 32621) has died.
07-07 15:18:40.336 32702 32716 D GetStringObjTask: retrieving from url = http://www.chess.com/api/get_move_status?id=y3ICtufzg6w7rQqcD3KFujVaIanpYba4bIpaeKElV1LNz3Sz4Fk9Yh5CeWaj8h4bQ2RY0CxFVgA%2ByBE5DE%2B1cAuw4i%2Bp2GVj5RbuDPEUotReGbS25iAukuBsuUd%2Fl5dp
07-07 15:18:40.472   145   147 D dalvikvm: GC_CONCURRENT freed 1920K, 18% free 17349K/20999K, paused 2ms+7ms
07-07 15:18:40.535 32702 32716 D GetStringObjTask: WebRequest SERVER RESPONSE: Success+0
07-07 15:18:52.957 31021 31022 D dalvikvm: GC_CONCURRENT freed 396K, 22% free 10563K/13383K, paused 18ms+2ms
07-07 15:19:37.043   215   217 D dalvikvm: GC_CONCURRENT freed 537K, 34% free 9724K/14663K, paused 5ms+2ms
07-07 15:19:37.090   215   217 D dalvikvm: GC_CONCURRENT freed 455K, 34% free 9723K/14663K, paused 1ms+2ms
07-07 15:19:37.121 32296 32299 D dalvikvm: GC_CONCURRENT freed 493K, 8% free 10112K/10951K, paused 1ms+26ms
07-07 15:19:37.175   215   217 D dalvikvm: GC_CONCURRENT freed 439K, 34% free 9759K/14663K, paused 1ms+2ms
07-07 15:19:49.582 31152 31165 I PhoneLab-: Service Running
07-07 15:19:49.652 31152 31165 I PhoneLab-LoggerService: app_37    1466  1     1436   996   c00f181c 400107b4 S logcat
07-07 15:19:49.652 31152 31165 I PhoneLab-LoggerService: Logcat pid from database 1466
07-07 15:19:49.652 31152 31165 I PhoneLab-LoggerService: Logcat process found 1466
07-07 15:19:49.652 31152 31165 I PhoneLab-LoggerService: Checking Threshold
07-07 15:19:49.656 31152 31165 I PhoneLab-LoggerService: Starting to rename files
07-07 15:19:49.656 31152 31165 I PhoneLab-LoggerService: Files found .. 2
07-07 15:20:36.910 31021 31022 D dalvikvm: GC_CONCURRENT freed 501K, 21% free 10576K/13383K, paused 2ms+2ms
07-07 15:20:37.074 32296 32299 D dalvikvm: GC_CONCURRENT freed 440K, 8% free 10118K/10951K, paused 2ms+8ms
07-07 15:20:37.382 32296 32299 D dalvikvm: GC_CONCURRENT freed 304K, 6% free 10295K/10951K, paused 2ms+2ms
07-07 15:21:37.027   145   394 D dalvikvm: GC_EXPLICIT freed 709K, 18% free 17306K/20999K, paused 3ms+8ms
07-07 15:21:37.125 32296 32299 D dalvikvm: GC_CONCURRENT freed 664K, 8% free 10140K/10951K, paused 2ms+2ms
07-07 15:21:45.492 32659 32661 D dalvikvm: GC_CONCURRENT freed 559K, 6% free 11325K/11975K, paused 6ms+3ms
07-07 15:21:45.812 32659 32747 D dalvikvm: GC_FOR_ALLOC freed 142K, 7% free 11418K/12167K, paused 39ms
07-07 15:21:45.812 32659 32747 I dalvikvm-heap: Grow heap (frag case) to 11.458MB for 246504-byte allocation
07-07 15:21:45.847 32659 32747 D dalvikvm: GC_FOR_ALLOC freed 119K, 8% free 11540K/12423K, paused 33ms
07-07 15:21:45.882 32659 32747 D dalvikvm: GC_FOR_ALLOC freed <1K, 8% free 11540K/12423K, paused 27ms
07-07 15:21:45.886 32659 32747 I dalvikvm-heap: Grow heap (frag case) to 11.813MB for 493998-byte allocation
07-07 15:21:45.918 32659 32747 D dalvikvm: GC_FOR_ALLOC freed 240K, 9% free 11781K/12935K, paused 27ms
07-07 15:21:46.297 32659 32661 D dalvikvm: GC_CONCURRENT freed 296K, 6% free 12285K/12935K, paused 2ms+3ms
07-07 15:21:49.582 31152 31165 I PhoneLab-: Service Running
07-07 15:21:49.668 31152 31165 I PhoneLab-LoggerService: app_37    1466  1     1436   996   c00f181c 400107b4 S logcat
07-07 15:21:49.668 31152 31165 I PhoneLab-LoggerService: Logcat pid from database 1466
07-07 15:21:49.668 31152 31165 I PhoneLab-LoggerService: Logcat process found 1466
07-07 15:21:49.668 31152 31165 I PhoneLab-LoggerService: Checking Threshold
07-07 15:21:49.668 31152 31165 I PhoneLab-LoggerService: Starting to rename files
07-07 15:21:49.668 31152 31165 I PhoneLab-LoggerService: Files found .. 2
07-07 15:21:49.687 31152 31155 D dalvikvm: GC_CONCURRENT freed 463K, 6% free 9118K/9671K, paused 6ms+2ms
07-07 15:22:37.023 31021 31022 D dalvikvm: GC_CONCURRENT freed 524K, 22% free 10570K/13383K, paused 1ms+3ms
07-07 15:22:37.152 32296 32299 D dalvikvm: GC_CONCURRENT freed 443K, 8% free 10147K/10951K, paused 2ms+2ms
07-07 15:22:37.828 32296 32299 D dalvikvm: GC_CONCURRENT freed 259K, 6% free 10348K/10951K, paused 13ms+2ms
07-07 15:23:37.101 32296 32296 D dalvikvm: GC_EXPLICIT freed 291K, 9% free 10065K/10951K, paused 6ms+3ms
07-07 15:23:40.023 32702 32757 D GetStringObjTask: retrieving from url = http://www.chess.com/api/get_move_status?id=y3ICtufzg6w7rQqcD3KFujVaIanpYba4bIpaeKElV1LNz3Sz4Fk9Yh5CeWaj8h4bQ2RY0CxFVgA%2ByBE5DE%2B1cAuw4i%2Bp2GVj5RbuDPEUotReGbS25iAukuBsuUd%2Fl5dp
07-07 15:23:40.254 32702 32757 D GetStringObjTask: WebRequest SERVER RESPONSE: Success+0
07-07 15:23:49.582 31152 31165 I PhoneLab-: Service Running
07-07 15:23:49.672 31152 31165 I PhoneLab-LoggerService: app_37    1466  1     1436   996   c00f181c 400107b4 S logcat
07-07 15:23:49.675 31152 31165 I PhoneLab-LoggerService: Logcat pid from database 1466
07-07 15:23:49.675 31152 31165 I PhoneLab-LoggerService: Logcat process found 1466
07-07 15:23:49.675 31152 31165 I PhoneLab-LoggerService: Checking Threshold
07-07 15:23:49.675 31152 31165 I PhoneLab-LoggerService: Starting to rename files
07-07 15:23:49.675 31152 31165 I PhoneLab-LoggerService: Files found .. 2
07-07 15:24:37.168 31021 31022 D dalvikvm: GC_CONCURRENT freed 518K, 22% free 10570K/13383K, paused 2ms+3ms
07-07 15:24:37.320   215   217 D dalvikvm: GC_CONCURRENT freed 336K, 33% free 9912K/14663K, paused 1ms+2ms
07-07 15:24:37.363   215   217 D dalvikvm: GC_CONCURRENT freed 639K, 34% free 9725K/14663K, paused 2ms+3ms
07-07 15:24:37.398 32296 32299 D dalvikvm: GC_CONCURRENT freed 447K, 8% free 10125K/10951K, paused 2ms+8ms
07-07 15:24:37.437   215   217 D dalvikvm: GC_CONCURRENT freed 390K, 34% free 9776K/14663K, paused 2ms+2ms
07-07 15:25:37.277 31021 31022 D dalvikvm: GC_CONCURRENT freed 402K, 22% free 10572K/13383K, paused 2ms+5ms
07-07 15:25:37.336 32296 32299 D dalvikvm: GC_CONCURRENT freed 451K, 8% free 10121K/10951K, paused 2ms+3ms
07-07 15:25:49.582 31152 31165 I PhoneLab-: Service Running
07-07 15:25:49.656 31152 31165 I PhoneLab-LoggerService: app_37    1466  1     1436   996   c00f181c 400107b4 S logcat
07-07 15:25:49.656 31152 31165 I PhoneLab-LoggerService: Logcat pid from database 1466
07-07 15:25:49.656 31152 31165 I PhoneLab-LoggerService: Logcat process found 1466
07-07 15:25:49.656 31152 31165 I PhoneLab-LoggerService: Checking Threshold
07-07 15:25:49.656 31152 31165 I PhoneLab-LoggerService: Starting to rename files
07-07 15:25:49.656 31152 31165 I PhoneLab-LoggerService: Files found .. 2
07-07 15:26:17.898   145  1189 I ActivityManager: Process com.google.android.apps.maps:NetworkLocationService (pid 31021) has died.
07-07 15:26:17.898   145  1189 W ActivityManager: Scheduling restart of crashed service com.google.android.apps.maps/com.google.android.location.internal.server.NetworkLocationService in 5000ms
07-07 15:26:17.910   145   511 W GpsLocationProvider: Unneeded remove listener for uid 1000
07-07 15:26:17.925 27212 27212 D OpenGLRenderer: Flushing caches (mode 2)
07-07 15:26:17.925 27212 27212 D OpenGLRenderer: Flushing caches (mode 0)
07-07 15:26:17.929 27212 27212 W ManagedEGLContext: doTerminate failed: EGL count is 2 but managed count is 1
07-07 15:26:18.254   215   217 D dalvikvm: GC_CONCURRENT freed 323K, 33% free 9903K/14663K, paused 2ms+2ms
07-07 15:26:18.308   215   217 D dalvikvm: GC_CONCURRENT freed 601K, 34% free 9723K/14663K, paused 1ms+2ms
07-07 15:26:18.449   215   217 D dalvikvm: GC_CONCURRENT freed 376K, 34% free 9751K/14663K, paused 4ms+2ms
07-07 15:26:22.984   145   162 I ActivityManager: Start proc com.google.android.apps.maps:NetworkLocationService for service com.google.android.apps.maps/com.google.android.location.internal.server.NetworkLocationService: pid=32764 uid=10056 gids={3003, 1015}
07-07 15:26:23.109 32764 32767 D dalvikvm: GC_CONCURRENT freed 166K, 3% free 9366K/9607K, paused 2ms+2ms
07-07 15:26:23.504 32764 32767 D dalvikvm: GC_CONCURRENT freed 156K, 3% free 9673K/9927K, paused 2ms+2ms
07-07 15:26:23.797 32764 32767 D dalvikvm: GC_CONCURRENT freed 172K, 3% free 10063K/10311K, paused 1ms+3ms
07-07 15:26:23.984 32764 32767 D dalvikvm: GC_CONCURRENT freed 667K, 8% free 9883K/10631K, paused 3ms+2ms
07-07 15:26:24.093   145   162 I ActivityManager: Start proc com.google.android.apps.maps:FriendService for broadcast com.google.android.apps.maps/com.google.googlenav.friend.android.ServiceReceiver: pid=318 uid=10056 gids={3003, 1015}
07-07 15:26:24.183   145  1184 I ActivityManager: Process com.whatsapp (pid 31078) has died.
07-07 15:26:24.183   145  1184 W ActivityManager: Scheduling restart of crashed service com.whatsapp/.messaging.MessageService in 5000ms
07-07 15:26:24.238   318   321 D dalvikvm: GC_CONCURRENT freed 168K, 3% free 9364K/9607K, paused 2ms+2ms
07-07 15:26:24.390   318   321 D dalvikvm: GC_CONCURRENT freed 195K, 4% free 9671K/9991K, paused 1ms+2ms
07-07 15:26:24.550 32764   303 I dalvikvm: Total arena pages for JIT: 11
07-07 15:26:24.554 32764   303 I dalvikvm: Total arena pages for JIT: 12
07-07 15:26:24.558 32764   303 I dalvikvm: Total arena pages for JIT: 13
07-07 15:26:24.558 32764   303 I dalvikvm: Total arena pages for JIT: 14
07-07 15:26:24.562 32764   303 I dalvikvm: Total arena pages for JIT: 15
07-07 15:26:24.562 32764   303 I dalvikvm: Total arena pages for JIT: 16
07-07 15:26:24.562 32764   303 I dalvikvm: Total arena pages for JIT: 17
07-07 15:26:24.707 32764 32767 D dalvikvm: GC_CONCURRENT freed 207K, 5% free 10187K/10631K, paused 1ms+3ms
07-07 15:26:24.793 32764   303 I dalvikvm: Total arena pages for JIT: 18
07-07 15:26:25.109 32764 32767 D dalvikvm: GC_CONCURRENT freed 388K, 5% free 10359K/10823K, paused 2ms+3ms
07-07 15:26:25.480 32764 32767 D dalvikvm: GC_CONCURRENT freed 519K, 6% free 10349K/10951K, paused 2ms+3ms
07-07 15:26:26.125 32764 32767 D dalvikvm: GC_CONCURRENT freed 292K, 4% free 10569K/10951K, paused 1ms+3ms
07-07 15:26:26.410 32764 32767 D dalvikvm: GC_CONCURRENT freed 508K, 6% free 10555K/11207K, paused 2ms+2ms
07-07 15:26:26.433 32296 32299 D dalvikvm: GC_CONCURRENT freed 409K, 8% free 10137K/10951K, paused 2ms+2ms
07-07 15:26:29.257   145   162 I ActivityManager: Start proc com.whatsapp for service com.whatsapp/.messaging.MessageService: pid=359 uid=10068 gids={1015, 3003}
07-07 15:26:29.261   359   359 I dalvikvm: Turning on JNI app bug workarounds for target SDK version 7...
07-07 15:26:29.504   359   363 D dalvikvm: GC_CONCURRENT freed 174K, 3% free 9343K/9607K, paused 6ms+2ms
07-07 15:26:29.707   145   394 I ActivityManager: Process edu.buffalo.cse.phonelab.phonelabservices (pid 31152) has died.
07-07 15:26:29.707   145   394 W ActivityManager: Scheduling restart of crashed service edu.buffalo.cse.phonelab.phonelabservices/edu.buffalo.cse.phonelab.datalogger.LoggerService in 5000ms
07-07 15:26:29.742 27212 27212 D OpenGLRenderer: Flushing caches (mode 2)
07-07 15:26:29.742 27212 27212 D OpenGLRenderer: Flushing caches (mode 0)
07-07 15:26:29.746 27212 27212 W ManagedEGLContext: doTerminate failed: EGL count is 2 but managed count is 1
07-07 15:26:29.898   359   363 D dalvikvm: GC_CONCURRENT freed 292K, 4% free 9614K/9991K, paused 2ms+3ms
07-07 15:26:30.484   145  1188 I ActivityManager: Start proc android.process.acore for content provider com.android.providers.contacts/.ContactsProvider2: pid=405 uid=10000 gids={3003, 1015}
07-07 15:26:30.527   405   405 I ActivityThread: Pub call_log: com.android.providers.contacts.CallLogProvider
07-07 15:26:30.597   145  1185 I ActivityManager: Process com.google.android.apps.uploader (pid 32546) has died.
07-07 15:26:30.609   359   359 I dalvikvm: Could not find method android.media.MediaMetadataRetriever.captureFrame, referenced from method com.whatsapp.q3.a
07-07 15:26:30.609   359   359 W dalvikvm: VFY: unable to resolve virtual method 502: Landroid/media/MediaMetadataRetriever;.captureFrame ()Landroid/graphics/Bitmap;
07-07 15:26:30.609   359   359 D dalvikvm: VFY: replacing opcode 0x6e at 0x0134
07-07 15:26:30.652   405   405 I ActivityThread: Pub com.android.voicemail: com.android.providers.contacts.VoicemailContentProvider
07-07 15:26:30.652   405   405 I ActivityThread: Pub user_dictionary: com.android.providers.userdictionary.UserDictionaryProvider
07-07 15:26:30.668   405   405 I ActivityThread: Pub com.android.social: com.android.providers.contacts.SocialProvider
07-07 15:26:30.668   405   405 I ActivityThread: Pub applications: com.android.providers.applications.ApplicationsProvider
07-07 15:26:30.898   405   405 I ActivityThread: Pub contacts;com.android.contacts: com.android.providers.contacts.ContactsProvider2
07-07 15:26:30.937   405   409 D dalvikvm: GC_CONCURRENT freed 357K, 5% free 9174K/9607K, paused 2ms+10ms
07-07 15:26:30.945   359   363 D dalvikvm: GC_CONCURRENT freed 447K, 6% free 9721K/10247K, paused 2ms+8ms
07-07 15:26:31.070   145   147 D dalvikvm: GC_CONCURRENT freed 1878K, 17% free 17465K/20999K, paused 2ms+27ms
07-07 15:26:31.215   359   363 D dalvikvm: GC_CONCURRENT freed 164K, 3% free 9972K/10247K, paused 2ms+4ms
07-07 15:26:31.511   405   409 D dalvikvm: GC_CONCURRENT freed 245K, 4% free 9367K/9735K, paused 6ms+2ms
07-07 15:26:32.441   359   363 D dalvikvm: GC_CONCURRENT freed 501K, 6% free 9891K/10503K, paused 2ms+2ms
07-07 15:26:34.164   405   409 D dalvikvm: GC_CONCURRENT freed 186K, 4% free 9615K/9927K, paused 9ms+2ms
07-07 15:26:34.812   145   162 I ActivityManager: Start proc edu.buffalo.cse.phonelab.phonelabservices for service edu.buffalo.cse.phonelab.phonelabservices/edu.buffalo.cse.phonelab.datalogger.LoggerService: pid=435 uid=10037 gids={3003, 1015, 1007, 2001}
07-07 15:26:35.093   145   329 I ActivityManager: Process com.google.android.youtube (pid 32565) has died.
07-07 15:26:35.121   435   435 I PhoneLab-LoggerService: Start Logger Service
07-07 15:26:35.140   435   456 I PhoneLab-: Service Running
07-07 15:26:35.414   435   456 I PhoneLab-LoggerService: app_37    1466  1     1436   996   c00f181c 400107b4 S logcat
07-07 15:26:35.418   435   456 I PhoneLab-LoggerService: Logcat pid from database 1466
07-07 15:26:35.418   435   456 I PhoneLab-LoggerService: Logcat process found 1466
07-07 15:26:35.418   435   456 I PhoneLab-LoggerService: Checking Threshold
07-07 15:26:35.418   435   456 I PhoneLab-LoggerService: Starting to rename files
07-07 15:26:35.418   435   456 I PhoneLab-LoggerService: Files found .. 2
07-07 15:26:37.402   145  1189 D dalvikvm: GC_EXPLICIT freed 486K, 19% free 17201K/20999K, paused 3ms+5ms
07-07 15:26:48.933 32659 32661 D dalvikvm: GC_CONCURRENT freed 1897K, 15% free 11434K/13447K, paused 27ms+3ms
07-07 15:27:26.812   145   511 W GpsLocationProvider: Duplicate add listener for uid 10056
07-07 15:27:27.222   215   217 D dalvikvm: GC_CONCURRENT freed 264K, 33% free 9909K/14663K, paused 2ms+3ms
07-07 15:27:27.265   215   217 D dalvikvm: GC_CONCURRENT freed 613K, 34% free 9725K/14663K, paused 2ms+2ms
07-07 15:27:27.398   215   217 D dalvikvm: GC_CONCURRENT freed 368K, 34% free 9780K/14663K, paused 3ms+7ms
07-07 15:27:28.132   145  1186 I ActivityManager: Process com.chess (pid 32702) has died.
07-07 15:27:39.336 32764 32767 D dalvikvm: GC_CONCURRENT freed 470K, 7% free 10514K/11207K, paused 6ms+2ms
07-07 15:27:39.355 32764   476 D dalvikvm: GC_FOR_ALLOC freed 5K, 7% free 10508K/11207K, paused 19ms
07-07 15:27:39.355 32764   476 I dalvikvm-heap: Grow heap (frag case) to 10.353MB for 20106-byte allocation
07-07 15:27:39.382 32764   476 D dalvikvm: GC_FOR_ALLOC freed 39K, 7% free 10488K/11271K, paused 19ms
07-07 15:27:39.406 32764   476 D dalvikvm: GC_FOR_ALLOC freed 44K, 7% free 10539K/11271K, paused 19ms
07-07 15:27:39.425 32764   476 D dalvikvm: GC_FOR_ALLOC freed 69K, 7% free 10502K/11271K, paused 20ms
07-07 15:27:39.457 32764   476 D dalvikvm: GC_FOR_ALLOC freed 72K, 7% free 10532K/11271K, paused 19ms
07-07 15:27:39.476 32764   476 D dalvikvm: GC_FOR_ALLOC freed 13K, 7% free 10546K/11271K, paused 20ms
07-07 15:27:39.476 32764   476 I dalvikvm-heap: Grow heap (frag case) to 10.425MB for 57030-byte allocation
07-07 15:27:39.500 32764   476 D dalvikvm: GC_FOR_ALLOC freed 27K, 7% free 10575K/11335K, paused 22ms
07-07 15:27:39.527 32764   476 D dalvikvm: GC_FOR_ALLOC freed 139K, 8% free 10529K/11335K, paused 19ms
07-07 15:27:39.554 32764   476 D dalvikvm: GC_FOR_ALLOC freed 71K, 7% free 10569K/11335K, paused 19ms
07-07 15:27:39.582 32764   476 D dalvikvm: GC_FOR_ALLOC freed 133K, 8% free 10528K/11335K, paused 20ms
07-07 15:27:39.605 32764   476 D dalvikvm: GC_FOR_ALLOC freed 47K, 7% free 10544K/11335K, paused 19ms
07-07 15:27:39.625 32764   476 D dalvikvm: GC_FOR_ALLOC freed 129K, 8% free 10503K/11335K, paused 20ms
07-07 15:27:39.726 32764   477 D dalvikvm: GC_FOR_ALLOC freed 162K, 7% free 10600K/11335K, paused 31ms
07-07 15:27:39.761 32764   476 D dalvikvm: GC_FOR_ALLOC freed 74K, 7% free 10616K/11335K, paused 23ms
07-07 15:27:39.800 32764   477 D dalvikvm: GC_FOR_ALLOC freed 71K, 7% free 10655K/11335K, paused 23ms
07-07 15:27:39.800 32764   477 I dalvikvm-heap: Grow heap (frag case) to 10.515MB for 38637-byte allocation
07-07 15:27:39.836 32764   476 D dalvikvm: GC_FOR_ALLOC freed 30K, 7% free 10663K/11399K, paused 23ms
07-07 15:27:39.867 32764   477 D dalvikvm: GC_FOR_ALLOC freed <1K, 7% free 10663K/11399K, paused 23ms
07-07 15:27:39.867 32764   477 I dalvikvm-heap: Grow heap (frag case) to 10.549MB for 67372-byte allocation
07-07 15:27:39.902 32764   476 D dalvikvm: GC_FOR_ALLOC freed <1K, 7% free 10729K/11527K, paused 23ms
07-07 15:27:39.933 32764   477 D dalvikvm: GC_FOR_ALLOC freed 178K, 8% free 10681K/11527K, paused 23ms
07-07 15:27:39.976 32764   477 D dalvikvm: GC_FOR_ALLOC freed 217K, 8% free 10644K/11527K, paused 22ms
07-07 15:27:40.023 32764   476 D dalvikvm: GC_FOR_ALLOC freed 257K, 9% free 10603K/11527K, paused 27ms
07-07 15:27:40.090 32764   476 D dalvikvm: GC_FOR_ALLOC freed 256K, 8% free 10613K/11527K, paused 24ms
07-07 15:27:40.148 32764   476 D dalvikvm: GC_FOR_ALLOC freed 257K, 8% free 10621K/11527K, paused 31ms
07-07 15:27:40.187 32764   476 D dalvikvm: GC_FOR_ALLOC freed 223K, 8% free 10621K/11527K, paused 23ms
07-07 15:27:40.226 32764   476 D dalvikvm: GC_FOR_ALLOC freed 274K, 9% free 10577K/11527K, paused 19ms
07-07 15:27:40.269 32764   476 D dalvikvm: GC_FOR_ALLOC freed 268K, 9% free 10591K/11527K, paused 19ms
07-07 15:27:40.300 32764   476 D dalvikvm: GC_FOR_ALLOC freed 243K, 9% free 10602K/11527K, paused 20ms
07-07 15:27:40.332 32764   476 D dalvikvm: GC_FOR_ALLOC freed 222K, 8% free 10607K/11527K, paused 19ms
07-07 15:27:40.363 32764   476 D dalvikvm: GC_FOR_ALLOC freed 236K, 8% free 10606K/11527K, paused 19ms
07-07 15:27:40.394 32764   476 D dalvikvm: GC_FOR_ALLOC freed 231K, 9% free 10602K/11527K, paused 19ms
07-07 15:27:40.422 32764   476 D dalvikvm: GC_FOR_ALLOC freed 222K, 8% free 10606K/11527K, paused 19ms
07-07 15:27:40.453 32764   476 D dalvikvm: GC_FOR_ALLOC freed 233K, 8% free 10607K/11527K, paused 19ms
07-07 15:27:40.484 32764   476 D dalvikvm: GC_FOR_ALLOC freed 224K, 9% free 10591K/11527K, paused 19ms
07-07 15:27:40.515 32764   476 D dalvikvm: GC_FOR_ALLOC freed 233K, 8% free 10606K/11527K, paused 20ms
07-07 15:27:40.547 32764   476 D dalvikvm: GC_FOR_ALLOC freed 233K, 8% free 10606K/11527K, paused 19ms
07-07 15:27:40.574 32764   476 D dalvikvm: GC_FOR_ALLOC freed 233K, 8% free 10606K/11527K, paused 19ms
07-07 15:27:40.605 32764   476 D dalvikvm: GC_FOR_ALLOC freed 234K, 8% free 10607K/11527K, paused 19ms
07-07 15:27:40.640 32764   476 D dalvikvm: GC_FOR_ALLOC freed 233K, 8% free 10606K/11527K, paused 22ms
07-07 15:27:40.672 32764   476 D dalvikvm: GC_FOR_ALLOC freed 233K, 8% free 10606K/11527K, paused 21ms
07-07 15:27:40.703 32764   476 D dalvikvm: GC_FOR_ALLOC freed 234K, 8% free 10606K/11527K, paused 19ms
07-07 15:27:40.730 32764   476 D dalvikvm: GC_FOR_ALLOC freed 233K, 8% free 10606K/11527K, paused 19ms
07-07 15:27:40.761 32764   476 D dalvikvm: GC_FOR_ALLOC freed 232K, 8% free 10608K/11527K, paused 19ms
07-07 15:27:40.793 32764   476 D dalvikvm: GC_FOR_ALLOC freed 236K, 9% free 10603K/11527K, paused 19ms
07-07 15:27:40.820 32764   476 D dalvikvm: GC_FOR_ALLOC freed 219K, 9% free 10605K/11527K, paused 19ms
07-07 15:28:04.031   145   162 I ActivityManager: Start proc com.facebook.orca for broadcast com.facebook.orca/.analytics.HoneyAnalyticsPeriodicReporter$ReporterBroadcastReceiver: pid=478 uid=10062 gids={3003, 1015, 1006}
07-07 15:28:04.062    79    79 D dalvikvm: GC_EXPLICIT freed 38K, 4% free 9027K/9347K, paused 2ms+3ms
07-07 15:28:04.086    79    79 D dalvikvm: GC_EXPLICIT freed <1K, 4% free 9027K/9347K, paused 2ms+1ms
07-07 15:28:04.109    79    79 D dalvikvm: GC_EXPLICIT freed <1K, 4% free 9027K/9347K, paused 2ms+2ms
07-07 15:28:04.148   478   478 I dalvikvm: Turning on JNI app bug workarounds for target SDK version 10...
07-07 15:28:04.336 32438   495 I SqliteDatabaseCpp: sqlite returned: error code = 1, msg = no such column: wipeout_stats, db=/data/data/com.google.android.apps.plus/databases/iu.upload.db
07-07 15:28:04.340 32438   495 W System.err: android.database.sqlite.SQLiteException: no such column: wipeout_stats: , while compiling: SELECT wipeout_stats  FROM account_status
07-07 15:28:04.355 32438   495 W System.err: 	at android.database.sqlite.SQLiteCompiledSql.native_compile(Native Method)
07-07 15:28:04.355 32438   495 W System.err: 	at android.database.sqlite.SQLiteCompiledSql.<init>(SQLiteCompiledSql.java:68)
07-07 15:28:04.355 32438   495 W System.err: 	at android.database.sqlite.SQLiteProgram.compileSql(SQLiteProgram.java:143)
07-07 15:28:04.355 32438   495 W System.err: 	at android.database.sqlite.SQLiteProgram.compileAndbindAllArgs(SQLiteProgram.java:361)
07-07 15:28:04.355 32438   495 W System.err: 	at android.database.sqlite.SQLiteStatement.acquireAndLock(SQLiteStatement.java:260)
07-07 15:28:04.355 32438   495 W System.err: 	at android.database.sqlite.SQLiteStatement.simpleQueryForLong(SQLiteStatement.java:137)
07-07 15:28:04.359 32438   495 W System.err: 	at android.database.DatabaseUtils.longForQuery(DatabaseUtils.java:791)
07-07 15:28:04.359 32438   495 W System.err: 	at android.database.DatabaseUtils.longForQuery(DatabaseUtils.java:779)
07-07 15:28:04.359 32438   495 W System.err: 	at com.google.android.apps.plus.content.EsAccountsData.isContactsStatsWipeoutNeeded(EsAccountsData.java:641)
07-07 15:28:04.359 32438   495 W System.err: 	at com.google.android.apps.plus.service.EsService.processIntent(EsService.java:4246)
07-07 15:28:04.359 32438   495 W System.err: 	at com.google.android.apps.plus.service.ServiceThread$1.run(ServiceThread.java:50)
07-07 15:28:04.359 32438   495 W System.err: 	at android.os.Handler.handleCallback(Handler.java:605)
07-07 15:28:04.359 32438   495 W System.err: 	at android.os.Handler.dispatchMessage(Handler.java:92)
07-07 15:28:04.359 32438   495 W System.err: 	at android.os.Looper.loop(Looper.java:137)
07-07 15:28:04.359 32438   495 W System.err: 	at com.google.android.apps.plus.service.ServiceThread.run(ServiceThread.java:122)
07-07 15:28:04.531   478   478 I ActivityThread: Pub com.facebook.orca.notify.MessengerLoggedInUserProvider: com.facebook.orca.notify.MessengerLoggedInUserProvider
07-07 15:28:04.554   478   478 I ActivityThread: Pub com.facebook.orca.notify.MessengerForegroundProvider: com.facebook.orca.notify.MessengerForegroundProvider
07-07 15:28:04.578   478   478 V orca:OrcaApplication: Forcing initialization of AsyncTask
07-07 15:28:04.718   478   482 D dalvikvm: GC_CONCURRENT freed 232K, 4% free 9300K/9607K, paused 11ms+3ms
07-07 15:28:04.734   478   478 I Finalizer: Couldn't access Thread.inheritableThreadLocals. Reference finalizer threads will inherit thread local values.
07-07 15:28:04.789 27783 27785 D dalvikvm: GC_CONCURRENT freed 298K, 6% free 10380K/10951K, paused 7ms+6ms
07-07 15:28:04.945   478   482 D dalvikvm: GC_CONCURRENT freed 383K, 5% free 9458K/9927K, paused 2ms+2ms
07-07 15:28:05.031   478   478 W OrcaGuiceModule: Sig: ijxLJi1yGs1JpL-X1SExmchvork
07-07 15:28:05.117   478   482 D dalvikvm: GC_CONCURRENT freed 264K, 4% free 9667K/9991K, paused 18ms+3ms
07-07 15:28:05.863   478   500 W Resources: Converting to string: TypedValue{t=0x10/d=0xffffffff a=-1}
07-07 15:28:06.043   478   482 D dalvikvm: GC_CONCURRENT freed 369K, 5% free 9866K/10311K, paused 5ms+5ms
07-07 15:28:06.183   145   394 I ActivityManager: Process com.google.android.apps.maps:FriendService (pid 318) has died.
07-07 15:28:06.632   478   482 D dalvikvm: GC_CONCURRENT freed 286K, 4% free 10114K/10503K, paused 130ms+16ms
07-07 15:28:06.910   478   500 D dalvikvm: GC_FOR_ALLOC freed 271K, 6% free 10197K/10759K, paused 25ms
07-07 15:28:06.968   478   500 D dalvikvm: GC_FOR_ALLOC freed 180K, 6% free 10215K/10759K, paused 22ms
07-07 15:28:07.019   478   500 D dalvikvm: GC_FOR_ALLOC freed 62K, 5% free 10279K/10759K, paused 19ms
07-07 15:28:07.066   478   478 D ACRA    : Retrieve application default SharedPreferences.
07-07 15:28:07.066   478   478 D ACRA    : Set OnSharedPreferenceChangeListener.
07-07 15:28:07.066   478   478 D ACRA    : ACRA is enabled for com.facebook.orca, intializing...
07-07 15:28:07.191   478   478 D ACRA    : Looking for error files in /data/data/com.facebook.orca/app_acra-reports
07-07 15:28:08.062   478   482 D dalvikvm: GC_CONCURRENT freed 311K, 4% free 10500K/10887K, paused 2ms+3ms
07-07 15:28:08.250   478   482 D dalvikvm: GC_CONCURRENT freed 247K, 3% free 10821K/11143K, paused 9ms+8ms
07-07 15:28:08.414   478   482 D dalvikvm: GC_CONCURRENT freed 385K, 4% free 11067K/11527K, paused 3ms+4ms
07-07 15:28:08.656   478   482 D dalvikvm: GC_CONCURRENT freed 481K, 6% free 11174K/11783K, paused 7ms+3ms
07-07 15:28:09.820 32438 32441 D dalvikvm: GC_CONCURRENT freed 1250K, 10% free 12959K/14343K, paused 23ms+3ms
07-07 15:28:10.933   145   145 I ActivityManager: Process android.process.acore (pid 405) has died.
07-07 15:28:11.582 32438   496 E dalvikvm: Could not find class 'android.app.Notification$InboxStyle', referenced from method com.google.android.apps.plus.service.AndroidNotification.createDigestNotification
07-07 15:28:11.582 32438   496 W dalvikvm: VFY: unable to resolve new-instance 41 (Landroid/app/Notification$InboxStyle;) in Lcom/google/android/apps/plus/service/AndroidNotification;
07-07 15:28:11.582 32438   496 D dalvikvm: VFY: replacing opcode 0x22 at 0x0018
07-07 15:28:11.586 32438   496 I dalvikvm: Could not find method android.app.Notification$Builder.setPriority, referenced from method com.google.android.apps.plus.service.AndroidNotification.createRichNotification
07-07 15:28:11.586 32438   496 W dalvikvm: VFY: unable to resolve virtual method 162: Landroid/app/Notification$Builder;.setPriority (I)Landroid/app/Notification$Builder;
07-07 15:28:11.586 32438   496 D dalvikvm: VFY: replacing opcode 0x6e at 0x00d5
07-07 15:28:11.597 32438   496 D dalvikvm: DexOpt: unable to opt direct call 0x00a8 at 0x1a in Lcom/google/android/apps/plus/service/AndroidNotification;.createDigestNotification
07-07 15:28:11.597 32438   496 D dalvikvm: DexOpt: unable to opt direct call 0x0091 at 0xf1 in Lcom/google/android/apps/plus/service/AndroidNotification;.createRichNotification
07-07 15:28:11.597 32438   496 D dalvikvm: DexOpt: unable to opt direct call 0x0095 at 0x397 in Lcom/google/android/apps/plus/service/AndroidNotification;.createRichNotification
07-07 15:28:12.566 32438 32441 D dalvikvm: GC_CONCURRENT freed 1204K, 10% free 13048K/14343K, paused 2ms+4ms
07-07 15:28:14.304   145   380 I ActivityManager: Start proc android.process.acore for content provider com.android.providers.contacts/.ContactsProvider2: pid=518 uid=10000 gids={3003, 1015}
07-07 15:28:14.375   518   518 I ActivityThread: Pub call_log: com.android.providers.contacts.CallLogProvider
07-07 15:28:14.449   518   518 I ActivityThread: Pub com.android.voicemail: com.android.providers.contacts.VoicemailContentProvider
07-07 15:28:14.457   518   518 I ActivityThread: Pub user_dictionary: com.android.providers.userdictionary.UserDictionaryProvider
07-07 15:28:14.488   518   518 I ActivityThread: Pub com.android.social: com.android.providers.contacts.SocialProvider
07-07 15:28:14.492   518   518 I ActivityThread: Pub applications: com.android.providers.applications.ApplicationsProvider
07-07 15:28:14.679   518   518 I ActivityThread: Pub contacts;com.android.contacts: com.android.providers.contacts.ContactsProvider2
07-07 15:28:14.687   145   912 I ActivityManager: Process com.twitter.android (pid 32659) has died.
07-07 15:28:14.746   518   520 D dalvikvm: GC_CONCURRENT freed 347K, 5% free 9185K/9607K, paused 17ms+3ms
07-07 15:28:15.172   518   520 D dalvikvm: GC_CONCURRENT freed 231K, 4% free 9367K/9735K, paused 1ms+2ms
07-07 15:28:15.371 32438 32441 D dalvikvm: GC_CONCURRENT freed 1095K, 9% free 13185K/14407K, paused 3ms+3ms
07-07 15:28:15.504   145   329 I ActivityManager: Process com.google.android.apps.maps:LocationFriendService (pid 32296) has died.
07-07 15:28:15.906 32438 32441 D dalvikvm: GC_CONCURRENT freed 1238K, 10% free 13270K/14599K, paused 2ms+3ms
07-07 15:28:16.476   518   520 D dalvikvm: GC_CONCURRENT freed 185K, 4% free 9618K/9927K, paused 4ms+3ms
07-07 15:28:19.968 32438   496 D dalvikvm: GC_FOR_ALLOC freed 434K, 9% free 13539K/14791K, paused 48ms
07-07 15:28:20.019 32438   496 D dalvikvm: GC_FOR_ALLOC freed 19K, 9% free 13609K/14855K, paused 36ms
07-07 15:28:20.058 32438   496 D dalvikvm: GC_FOR_ALLOC freed 342K, 11% free 13607K/15239K, paused 36ms
07-07 15:28:20.058 32438   496 I dalvikvm-heap: Grow heap (frag case) to 13.693MB for 348873-byte allocation
07-07 15:28:20.097 32438   496 D dalvikvm: GC_FOR_ALLOC freed 0K, 11% free 13948K/15623K, paused 36ms
07-07 15:28:20.875 32438 32441 D dalvikvm: GC_CONCURRENT freed 1007K, 8% free 14503K/15623K, paused 10ms+4ms
07-07 15:28:22.277   145  1188 I ActivityManager: Process com.google.android.gsf.login (pid 32600) has died.
07-07 15:28:22.746 32438 32441 D dalvikvm: GC_CONCURRENT freed 1758K, 12% free 14496K/16391K, paused 17ms+3ms
07-07 15:28:28.543   145   912 I ActivityManager: Start proc com.google.android.apps.maps:LocationFriendService for service com.google.android.apps.maps/com.google.googlenav.friend.reporting.LocationReceiverService: pid=554 uid=10056 gids={3003, 1015}
07-07 15:28:28.562 32764 32767 D dalvikvm: GC_CONCURRENT freed 535K, 9% free 10533K/11527K, paused 15ms+18ms
07-07 15:28:28.875   554   555 D dalvikvm: GC_CONCURRENT freed 156K, 3% free 9376K/9607K, paused 61ms+2ms
07-07 15:28:28.988 32438 32441 D dalvikvm: GC_CONCURRENT freed 2965K, 19% free 13289K/16391K, paused 52ms+3ms
07-07 15:28:29.597   554   555 D dalvikvm: GC_CONCURRENT freed 150K, 3% free 9655K/9927K, paused 130ms+2ms
07-07 15:28:30.187   554   555 D dalvikvm: GC_CONCURRENT freed 250K, 4% free 9874K/10247K, paused 3ms+2ms
07-07 15:28:30.234   554   558 I dalvikvm: Total arena pages for JIT: 11
07-07 15:28:30.234   554   558 I dalvikvm: Total arena pages for JIT: 12
07-07 15:28:30.234   554   558 I dalvikvm: Total arena pages for JIT: 13
07-07 15:28:30.238   554   558 I dalvikvm: Total arena pages for JIT: 14
07-07 15:28:30.242   554   558 I dalvikvm: Total arena pages for JIT: 15
07-07 15:28:30.242   554   558 I dalvikvm: Total arena pages for JIT: 16
07-07 15:28:30.242   554   558 I dalvikvm: Total arena pages for JIT: 17
07-07 15:28:30.937   145   384 I ActivityManager: Process com.facebook.orca (pid 478) has died.
07-07 15:28:31.230   145   147 D dalvikvm: GC_CONCURRENT freed 1902K, 18% free 17347K/20999K, paused 21ms+8ms
07-07 15:28:31.886 32438   496 I SqliteDatabaseCpp: sqlite returned: error code = 1, msg = no such column: last_stats_sync_time, db=/data/data/com.google.android.apps.plus/databases/iu.upload.db
07-07 15:28:31.937 32438   496 E EsSyncAdapterService: Sync failure
07-07 15:28:31.937 32438   496 E EsSyncAdapterService: android.database.sqlite.SQLiteException: no such column: last_stats_sync_time: , while compiling: SELECT last_stats_sync_time  FROM account_status
07-07 15:28:31.937 32438   496 E EsSyncAdapterService: 	at android.database.sqlite.SQLiteCompiledSql.native_compile(Native Method)
07-07 15:28:31.937 32438   496 E EsSyncAdapterService: 	at android.database.sqlite.SQLiteCompiledSql.<init>(SQLiteCompiledSql.java:68)
07-07 15:28:31.937 32438   496 E EsSyncAdapterService: 	at android.database.sqlite.SQLiteProgram.compileSql(SQLiteProgram.java:143)
07-07 15:28:31.937 32438   496 E EsSyncAdapterService: 	at android.database.sqlite.SQLiteProgram.compileAndbindAllArgs(SQLiteProgram.java:361)
07-07 15:28:31.937 32438   496 E EsSyncAdapterService: 	at android.database.sqlite.SQLiteStatement.acquireAndLock(SQLiteStatement.java:260)
07-07 15:28:31.937 32438   496 E EsSyncAdapterService: 	at android.database.sqlite.SQLiteStatement.simpleQueryForLong(SQLiteStatement.java:137)
07-07 15:28:31.937 32438   496 E EsSyncAdapterService: 	at android.database.DatabaseUtils.longForQuery(DatabaseUtils.java:791)
07-07 15:28:31.937 32438   496 E EsSyncAdapterService: 	at android.database.DatabaseUtils.longForQuery(DatabaseUtils.java:779)
07-07 15:28:31.937 32438   496 E EsSyncAdapterService: 	at com.google.android.apps.plus.content.EsAccountsData.queryLastStatsSyncTimestamp(EsAccountsData.java:570)
07-07 15:28:31.937 32438   496 E EsSyncAdapterService: 	at com.google.android.apps.plus.service.EsSyncAdapterService.syncContactsStatsIfNecessary(EsSyncAdapterService.java:670)
07-07 15:28:31.937 32438   496 E EsSyncAdapterService: 	at com.google.android.apps.plus.service.EsSyncAdapterService.doFullSync(EsSyncAdapterService.java:633)
07-07 15:28:31.937 32438   496 E EsSyncAdapterService: 	at com.google.android.apps.plus.service.EsSyncAdapterService.doSync(EsSyncAdapterService.java:566)
07-07 15:28:31.937 32438   496 E EsSyncAdapterService: 	at com.google.android.apps.plus.service.EsSyncAdapterService.access$100(EsSyncAdapterService.java:52)
07-07 15:28:31.937 32438   496 E EsSyncAdapterService: 	at com.google.android.apps.plus.service.EsSyncAdapterService$SyncAdapterImpl.onPerformSync(EsSyncAdapterService.java:408)
07-07 15:28:31.937 32438   496 E EsSyncAdapterService: 	at android.content.AbstractThreadedSyncAdapter$SyncThread.run(AbstractThreadedSyncAdapter.java:247)
07-07 15:28:31.976   145   169 D SyncManager: failed sync operation lokeshmandvekar@gmail.com (com.google), com.google.android.apps.plus.content.EsProvider, SERVER, earliestRunTime 90000380, SyncResult: stats [ numParseExceptions: 1]
07-07 15:28:31.976   145   169 D SyncManager: not retrying sync operation because the error is a hard error: lokeshmandvekar@gmail.com (com.google), com.google.android.apps.plus.content.EsProvider, SERVER, earliestRunTime 90028026
07-07 15:28:35.160   435   456 I PhoneLab-: Service Running
07-07 15:28:35.289   435   456 I PhoneLab-LoggerService: app_37    1466  1     1436   996   c00f181c 400107b4 S logcat
07-07 15:28:35.289   435   456 I PhoneLab-LoggerService: Logcat pid from database 1466
07-07 15:28:35.289   435   456 I PhoneLab-LoggerService: Logcat process found 1466
07-07 15:28:35.289   435   456 I PhoneLab-LoggerService: Checking Threshold
07-07 15:28:35.297   435   456 I PhoneLab-LoggerService: Starting to rename files
07-07 15:28:35.297   435   456 I PhoneLab-LoggerService: Files found .. 2
07-07 15:28:35.925   518   520 D dalvikvm: GC_CONCURRENT freed 570K, 7% free 9488K/10183K, paused 7ms+4ms
07-07 15:28:36.355 32438   548 D dalvikvm: GC_EXPLICIT freed 1207K, 19% free 13286K/16391K, paused 11ms+3ms
07-07 15:28:36.722   145  1187 D dalvikvm: GC_EXPLICIT freed 301K, 19% free 17187K/20999K, paused 3ms+7ms
07-07 15:28:37.273   518   520 D dalvikvm: GC_CONCURRENT freed 345K, 7% free 9534K/10183K, paused 5ms+3ms
07-07 15:28:38.250   359   363 D dalvikvm: GC_CONCURRENT freed 285K, 5% free 9991K/10503K, paused 2ms+2ms
07-07 15:28:38.480   518   541 D dalvikvm: GC_EXPLICIT freed 217K, 7% free 9483K/10183K, paused 2ms+3ms
07-07 15:28:40.027   583   583 D dalvikvm: Late-enabling CheckJNI
07-07 15:28:40.039   145   162 I ActivityManager: Start proc com.chess for broadcast com.chess/.backend.AlarmReceiver: pid=583 uid=10079 gids={3003, 1015}
07-07 15:28:40.203   583   586 D dalvikvm: GC_CONCURRENT freed 157K, 3% free 9375K/9607K, paused 2ms+2ms
07-07 15:28:40.367   583   597 D GetStringObjTask: retrieving from url = http://www.chess.com/api/get_move_status?id=y3ICtufzg6w7rQqcD3KFujVaIanpYba4bIpaeKElV1LNz3Sz4Fk9Yh5CeWaj8h4bQ2RY0CxFVgA%2ByBE5DE%2B1cAuw4i%2Bp2GVj5RbuDPEUotReGbS25iAukuBsuUd%2Fl5dp
07-07 15:28:40.707   583   597 D GetStringObjTask: WebRequest SERVER RESPONSE: Success+0
07-07 15:29:01.496 27783 29781 I EventLogService: Aggregate from 1341687541199 (log), 1341687541199 (data)
07-07 15:29:07.797   145   380 I ActivityManager: Start proc com.google.android.gsf.login for service com.google.android.gsf.login/com.google.android.gsf.loginservice.GoogleLoginService: pid=602 uid=10009 gids={3003, 1015, 1007, 2001, 3006}
07-07 15:29:08.058   359   363 D dalvikvm: GC_CONCURRENT freed 424K, 6% free 10011K/10567K, paused 44ms+2ms
07-07 15:29:08.179 27783   599 D dalvikvm: GC_EXPLICIT freed 245K, 6% free 10304K/10951K, paused 6ms+4ms
07-07 15:29:27.297   215   215 D dalvikvm: GC_FOR_ALLOC freed 425K, 34% free 9724K/14663K, paused 21ms
07-07 15:29:27.355   215   217 D dalvikvm: GC_CONCURRENT freed 277K, 33% free 9916K/14663K, paused 2ms+2ms
07-07 15:29:27.816   554   558 I dalvikvm: Total arena pages for JIT: 18
07-07 15:29:27.863   554   555 D dalvikvm: GC_CONCURRENT freed 436K, 6% free 9960K/10503K, paused 20ms+3ms
07-07 15:29:28.359   554   555 D dalvikvm: GC_CONCURRENT freed 316K, 5% free 10058K/10503K, paused 6ms+8ms
07-07 15:29:28.558   554   555 D dalvikvm: GC_CONCURRENT freed 267K, 4% free 10229K/10631K, paused 2ms+2ms
07-07 15:30:27.718 32764 32767 D dalvikvm: GC_CONCURRENT freed 507K, 9% free 10537K/11527K, paused 2ms+3ms
07-07 15:30:27.871   554   555 D dalvikvm: GC_CONCURRENT freed 618K, 7% free 10105K/10823K, paused 2ms+2ms
07-07 15:30:35.140   435   456 I PhoneLab-: Service Running
07-07 15:30:35.230   435   456 I PhoneLab-LoggerService: app_37    1466  1     1436   996   c00f181c 400107b4 S logcat
07-07 15:30:35.230   435   456 I PhoneLab-LoggerService: Logcat pid from database 1466
07-07 15:30:35.230   435   456 I PhoneLab-LoggerService: Logcat process found 1466
07-07 15:30:35.230   435   456 I PhoneLab-LoggerService: Checking Threshold
07-07 15:30:35.234   435   456 I PhoneLab-LoggerService: Starting to rename files
07-07 15:30:35.234   435   456 I PhoneLab-LoggerService: Files found .. 2
07-07 15:31:28.004   554   555 D dalvikvm: GC_CONCURRENT freed 377K, 7% free 10145K/10823K, paused 51ms+5ms
07-07 15:31:28.695   554   555 D dalvikvm: GC_CONCURRENT freed 254K, 5% free 10318K/10823K, paused 4ms+2ms
07-07 15:31:51.379   145   174 I ActivityManager: Start proc com.twitter.android for service com.twitter.android/.client.AppService: pid=651 uid=10064 gids={3003, 1015}
07-07 15:31:51.410   651   651 I dalvikvm: Turning on JNI app bug workarounds for target SDK version 11...
07-07 15:31:51.531   651   651 I ActivityThread: Pub com.twitter.android.provider.GlobalDatabaseProvider: com.twitter.android.provider.GlobalDatabaseProvider
07-07 15:31:51.539   651   651 I ActivityThread: Pub com.twitter.android.provider.TwitterProvider: com.twitter.android.provider.TwitterProvider
07-07 15:31:51.699   651   654 D dalvikvm: GC_CONCURRENT freed 181K, 3% free 9286K/9543K, paused 9ms+3ms
07-07 15:31:51.980   651   654 D dalvikvm: GC_CONCURRENT freed 226K, 4% free 9505K/9863K, paused 3ms+1ms
07-07 15:31:52.105   651   654 D dalvikvm: GC_CONCURRENT freed 295K, 5% free 9631K/10055K, paused 2ms+1ms
07-07 15:31:52.226   651   654 D dalvikvm: GC_CONCURRENT freed 298K, 5% free 9759K/10183K, paused 1ms+2ms
07-07 15:31:52.355   651   654 D dalvikvm: GC_CONCURRENT freed 307K, 5% free 9890K/10311K, paused 2ms+2ms
07-07 15:31:52.484   651   654 D dalvikvm: GC_CONCURRENT freed 306K, 5% free 10021K/10439K, paused 1ms+2ms
07-07 15:31:52.617   651   654 D dalvikvm: GC_CONCURRENT freed 299K, 4% free 10149K/10567K, paused 1ms+2ms
07-07 15:31:52.730   651   654 D dalvikvm: GC_CONCURRENT freed 296K, 4% free 10278K/10695K, paused 1ms+2ms
07-07 15:31:52.879   651   654 D dalvikvm: GC_CONCURRENT freed 475K, 6% free 10236K/10823K, paused 2ms+2ms
07-07 15:31:52.996   651   654 D dalvikvm: GC_CONCURRENT freed 337K, 5% free 10295K/10823K, paused 1ms+1ms
07-07 15:31:53.121   651   654 D dalvikvm: GC_CONCURRENT freed 329K, 5% free 10387K/10823K, paused 2ms+2ms
07-07 15:31:53.246   651   654 D dalvikvm: GC_CONCURRENT freed 365K, 5% free 10473K/10951K, paused 1ms+2ms
07-07 15:31:53.359   651   654 D dalvikvm: GC_CONCURRENT freed 334K, 5% free 10555K/11015K, paused 1ms+2ms
07-07 15:31:53.480   651   654 D dalvikvm: GC_CONCURRENT freed 323K, 5% free 10632K/11079K, paused 2ms+2ms
07-07 15:31:53.609   651   654 D dalvikvm: GC_CONCURRENT freed 376K, 5% free 10720K/11207K, paused 1ms+2ms
07-07 15:31:53.734   651   654 D dalvikvm: GC_CONCURRENT freed 410K, 5% free 10817K/11335K, paused 2ms+2ms
07-07 15:31:54.535   651   654 D dalvikvm: GC_CONCURRENT freed 336K, 4% free 11007K/11463K, paused 2ms+2ms
07-07 15:31:56.691   651   654 D dalvikvm: GC_CONCURRENT freed 393K, 5% free 11196K/11719K, paused 2ms+2ms
07-07 15:32:04.910   435   435 I PhoneLab-Locks: wake lock acquired
07-07 15:32:04.980   435   672 I PhoneLab-PeriodicCheckService: User info is synched
07-07 15:32:05.000   435   672 I PhoneLab-PeriodicCheckService: Logger Service is running
07-07 15:32:05.004   435   435 I PhoneLab-Locks: wake lock acquired
07-07 15:32:05.007   435   435 I PhoneLab-StatusMonitor: Status Monitoring is started
07-07 15:32:05.007   435   672 I PhoneLab-Locks: wake lock acquired
07-07 15:32:05.011   435   672 I PhoneLab-PeriodicCheckService: Rescheduling periodic checking...
07-07 15:32:05.011   435   672 I PhoneLab-Locks: wake lock released
07-07 15:32:05.031   435   435 E PhoneLab-PhoneLabManifest: java.io.FileNotFoundException: /data/data/edu.buffalo.cse.phonelab.phonelabservices/files/manifest.xml: open failed: ENOENT (No such file or directory)
07-07 15:32:05.074   435   435 I PhoneLab-Locks: wake lock released
07-07 15:32:05.074   435   435 I PhoneLab-UploadLogs: Transfering log files now
07-07 15:32:05.187   435   438 D dalvikvm: GC_CONCURRENT freed 424K, 6% free 9102K/9607K, paused 4ms+5ms
07-07 15:32:05.273   435   435 D dalvikvm: GC_FOR_ALLOC freed 278K, 5% free 9196K/9671K, paused 15ms
07-07 15:32:05.289   435   435 D dalvikvm: GC_FOR_ALLOC freed 56K, 6% free 9260K/9799K, paused 14ms
07-07 15:32:05.289   435   435 I dalvikvm-heap: Grow heap (frag case) to 9.358MB for 254548-byte allocation
07-07 15:32:05.304   435   435 D dalvikvm: GC_FOR_ALLOC freed 120K, 7% free 9388K/10055K, paused 12ms
07-07 15:32:05.304   435   435 I dalvikvm-heap: Grow heap (frag case) to 9.733MB for 516692-byte allocation
07-07 15:32:05.332   435   438 D dalvikvm: GC_CONCURRENT freed 248K, 9% free 9643K/10567K, paused 2ms+1ms
07-07 15:32:05.437   435   435 I PhoneLab-UploadLogs: OnStartCommand
07-07 15:32:05.527   435   674 D dalvikvm: GC_FOR_ALLOC freed 383K, 9% free 9628K/10567K, paused 25ms
07-07 15:32:05.550   435   674 D dalvikvm: GC_FOR_ALLOC freed 301K, 9% free 9628K/10567K, paused 24ms
07-07 15:32:05.578   435   674 D dalvikvm: GC_FOR_ALLOC freed 301K, 9% free 9634K/10567K, paused 13ms
07-07 15:32:05.820   435   435 I PhoneLab-: 1341688549709.log is deleted
07-07 15:32:05.820   435   435 I PhoneLab-: Response: {"data": "done", "err": ""}
07-07 15:32:05.832   435   435 I PhoneLab-UploadLogs: No log files to transfer
07-07 15:32:05.832   435   435 I PhoneLab-Locks: wake lock released
07-07 15:32:27.867 32764 32767 D dalvikvm: GC_CONCURRENT freed 510K, 9% free 10539K/11527K, paused 2ms+2ms
07-07 15:32:28.035   145   913 D dalvikvm: GC_EXPLICIT freed 934K, 18% free 17325K/20999K, paused 11ms+11ms
07-07 15:32:35.140   435   456 I PhoneLab-: Service Running
07-07 15:32:35.215   435   456 I PhoneLab-LoggerService: app_37    1466  1     1436   996   c00f181c 400107b4 S logcat
07-07 15:32:35.215   435   456 I PhoneLab-LoggerService: Logcat pid from database 1466
07-07 15:32:35.215   435   456 I PhoneLab-LoggerService: Logcat process found 1466
07-07 15:32:35.215   435   456 I PhoneLab-LoggerService: Checking Threshold
07-07 15:33:28.031   554   555 D dalvikvm: GC_CONCURRENT freed 717K, 8% free 10147K/10951K, paused 2ms+3ms
07-07 15:33:40.035   583   683 D GetStringObjTask: retrieving from url = http://www.chess.com/api/get_move_status?id=y3ICtufzg6w7rQqcD3KFujVaIanpYba4bIpaeKElV1LNz3Sz4Fk9Yh5CeWaj8h4bQ2RY0CxFVgA%2ByBE5DE%2B1cAuw4i%2Bp2GVj5RbuDPEUotReGbS25iAukuBsuUd%2Fl5dp
07-07 15:33:40.890   583   683 D GetStringObjTask: WebRequest SERVER RESPONSE: Success+0
07-07 15:34:27.929 32764 32767 D dalvikvm: GC_CONCURRENT freed 506K, 9% free 10545K/11527K, paused 2ms+3ms
07-07 15:34:35.140   435   456 I PhoneLab-: Service Running
07-07 15:34:35.257   435   438 D dalvikvm: GC_CONCURRENT freed 887K, 14% free 9151K/10567K, paused 1ms+4ms
07-07 15:34:35.281   435   456 I PhoneLab-LoggerService: app_37    1466  1     1436   996   c00f181c 400107b4 S logcat
07-07 15:34:35.281   435   456 I PhoneLab-LoggerService: Logcat pid from database 1466
07-07 15:34:35.281   435   456 I PhoneLab-LoggerService: Logcat process found 1466
07-07 15:34:35.281   435   456 I PhoneLab-LoggerService: Checking Threshold
07-07 15:35:28.148   554   555 D dalvikvm: GC_CONCURRENT freed 505K, 8% free 10133K/10951K, paused 5ms+3ms
07-07 15:36:28.054 32764 32767 D dalvikvm: GC_CONCURRENT freed 506K, 9% free 10550K/11527K, paused 2ms+2ms
07-07 15:36:35.140   435   456 I PhoneLab-: Service Running
07-07 15:36:35.230   435   456 I PhoneLab-LoggerService: app_37    1466  1     1436   996   c00f181c 400107b4 S logcat
07-07 15:36:35.230   435   456 I PhoneLab-LoggerService: Logcat pid from database 1466
07-07 15:36:35.230   435   456 I PhoneLab-LoggerService: Logcat process found 1466
07-07 15:36:35.230   435   456 I PhoneLab-LoggerService: Checking Threshold
07-07 15:37:28.175   554   555 D dalvikvm: GC_CONCURRENT freed 522K, 8% free 10121K/10951K, paused 2ms+3ms
07-07 15:38:28.164 32764 32767 D dalvikvm: GC_CONCURRENT freed 515K, 9% free 10547K/11527K, paused 1ms+4ms
07-07 15:38:28.308   554   555 D dalvikvm: GC_CONCURRENT freed 475K, 8% free 10127K/10951K, paused 2ms+3ms
07-07 15:38:28.461   554   555 D dalvikvm: GC_CONCURRENT freed 269K, 7% free 10292K/10951K, paused 5ms+2ms
07-07 15:38:35.140   435   456 I PhoneLab-: Service Running
07-07 15:38:35.218   435   456 I PhoneLab-LoggerService: app_37    1466  1     1436   996   c00f181c 400107b4 S logcat
07-07 15:38:35.218   435   456 I PhoneLab-LoggerService: Logcat pid from database 1466
07-07 15:38:35.218   435   456 I PhoneLab-LoggerService: Logcat process found 1466
07-07 15:38:35.218   435   456 I PhoneLab-LoggerService: Checking Threshold
07-07 15:38:40.015   583   704 D GetStringObjTask: retrieving from url = http://www.chess.com/api/get_move_status?id=y3ICtufzg6w7rQqcD3KFujVaIanpYba4bIpaeKElV1LNz3Sz4Fk9Yh5CeWaj8h4bQ2RY0CxFVgA%2ByBE5DE%2B1cAuw4i%2Bp2GVj5RbuDPEUotReGbS25iAukuBsuUd%2Fl5dp
07-07 15:38:40.246   583   704 D GetStringObjTask: WebRequest SERVER RESPONSE: Success+0
07-07 15:39:28.297   554   555 D dalvikvm: GC_CONCURRENT freed 656K, 8% free 10132K/10951K, paused 2ms+3ms
07-07 15:40:28.312 32764 32767 D dalvikvm: GC_CONCURRENT freed 510K, 9% free 10548K/11527K, paused 1ms+3ms
07-07 15:40:35.140   435   456 I PhoneLab-: Service Running
07-07 15:40:35.238   435   456 I PhoneLab-LoggerService: app_37    1466  1     1436   996   c00f181c 400107b4 S logcat
07-07 15:40:35.238   435   456 I PhoneLab-LoggerService: Logcat pid from database 1466
07-07 15:40:35.238   435   456 I PhoneLab-LoggerService: Logcat process found 1466
07-07 15:40:35.242   435   456 I PhoneLab-LoggerService: Checking Threshold
07-07 15:40:59.140 29232 29234 D dalvikvm: GC_CONCURRENT freed 486K, 6% free 10731K/11335K, paused 12ms+46ms
07-07 15:41:28.422   554   555 D dalvikvm: GC_CONCURRENT freed 474K, 8% free 10157K/10951K, paused 2ms+2ms
07-07 15:41:58.058   651   654 D dalvikvm: GC_CONCURRENT freed 545K, 6% free 11294K/11975K, paused 2ms+3ms
07-07 15:41:59.410   651   737 I DatabaseHelper: Begin cleanup.
07-07 15:41:59.496   651   737 I DatabaseHelper: Cleaned up: 0
07-07 15:42:28.386 32764 32767 D dalvikvm: GC_CONCURRENT freed 512K, 9% free 10548K/11527K, paused 2ms+2ms
07-07 15:42:28.519   554   555 D dalvikvm: GC_CONCURRENT freed 387K, 8% free 10155K/10951K, paused 1ms+2ms
07-07 15:42:29.117   554   555 D dalvikvm: GC_CONCURRENT freed 256K, 6% free 10344K/10951K, paused 20ms+2ms
07-07 15:42:35.140   435   456 I PhoneLab-: Service Running
07-07 15:42:35.242   435   456 I PhoneLab-LoggerService: app_37    1466  1     1436   996   c00f181c 400107b4 S logcat
07-07 15:42:35.242   435   456 I PhoneLab-LoggerService: Logcat pid from database 1466
07-07 15:42:35.242   435   456 I PhoneLab-LoggerService: Logcat process found 1466
07-07 15:42:35.242   435   456 I PhoneLab-LoggerService: Checking Threshold
07-07 15:42:58.148   145   169 I ActivityManager: Start proc com.google.android.apps.currents for service com.google.android.apps.currents/com.google.apps.dots.android.app.service.SyncService: pid=745 uid=10078 gids={3003, 1015}
07-07 15:42:58.519   745   745 I ActivityThread: Pub com.google.apps.dots.android.app.provider.SuggestionProvider: com.google.apps.dots.android.app.provider.SuggestionProvider
07-07 15:42:58.539   745   745 I ActivityThread: Pub com.google.android.apps.currents.exported: com.google.apps.dots.android.app.provider.ExportedContentProvider
07-07 15:42:58.664   745   748 D dalvikvm: GC_CONCURRENT freed 170K, 3% free 9362K/9607K, paused 12ms+4ms
07-07 15:42:58.730   745   748 D dalvikvm: GC_CONCURRENT freed 263K, 5% free 9582K/9991K, paused 1ms+3ms
07-07 15:42:58.840   745   748 D dalvikvm: GC_CONCURRENT freed 230K, 4% free 9829K/10183K, paused 1ms+2ms
07-07 15:42:58.968   745   748 D dalvikvm: GC_CONCURRENT freed 232K, 4% free 10102K/10439K, paused 2ms+2ms
07-07 15:42:59.000   745   745 I DotsContentUris: content://com.google.android.apps.currents
07-07 15:42:59.015   745   745 I ActivityThread: Pub com.google.android.apps.currents: com.google.apps.dots.android.app.provider.DotsContentProvider
07-07 15:42:59.023   745   745 I DotsApplication: Starting up...
07-07 15:42:59.269   745   748 D dalvikvm: GC_CONCURRENT freed 418K, 5% free 10131K/10631K, paused 2ms+3ms
07-07 15:42:59.562   145   329 I ActivityManager: Process com.google.android.gsf.login (pid 602) has died.
07-07 15:42:59.582   745   748 D dalvikvm: GC_CONCURRENT freed 308K, 4% free 10337K/10759K, paused 6ms+4ms
07-07 15:42:59.621   745   765 I SyncService: Starting sync (15:42:59)
07-07 15:43:00.586   145   408 D dalvikvm: GC_EXPLICIT freed 1504K, 18% free 17309K/20999K, paused 18ms+8ms
07-07 15:43:01.793   145  1186 I ActivityManager: Process android.process.acore (pid 518) has died.
07-07 15:43:01.871   745   748 D dalvikvm: GC_CONCURRENT freed 283K, 4% free 10466K/10887K, paused 8ms+2ms
07-07 15:43:02.140   745   748 D dalvikvm: GC_CONCURRENT freed 218K, 4% free 10662K/11015K, paused 2ms+2ms
07-07 15:43:02.250   745   748 D dalvikvm: GC_CONCURRENT freed 435K, 6% free 10719K/11335K, paused 2ms+6ms
07-07 15:43:02.547   745   748 D dalvikvm: GC_CONCURRENT freed 510K, 6% free 10692K/11335K, paused 2ms+3ms
07-07 15:43:02.582   145  1185 D SyncManager: setSyncAutomatically: , provider com.google.android.apps.currents -> true
07-07 15:43:02.582   145  1185 D SyncManager: setSyncAutomatically: already set to true, doing nothing
07-07 15:43:02.867   745   748 D dalvikvm: GC_CONCURRENT freed 253K, 5% free 10871K/11335K, paused 2ms+2ms
07-07 15:43:03.027   745   748 D dalvikvm: GC_CONCURRENT freed 273K, 4% free 11163K/11527K, paused 2ms+3ms
07-07 15:43:03.250   745   748 D dalvikvm: GC_CONCURRENT freed 282K, 4% free 11498K/11911K, paused 2ms+3ms
07-07 15:43:03.550   745   748 D dalvikvm: GC_CONCURRENT freed 1076K, 10% free 11191K/12359K, paused 2ms+3ms
07-07 15:43:03.941   745   748 D dalvikvm: GC_CONCURRENT freed 489K, 9% free 11303K/12359K, paused 2ms+2ms
07-07 15:43:03.972   145   162 I ActivityManager: Start proc com.facebook.orca for broadcast com.facebook.orca/.analytics.HoneyAnalyticsPeriodicReporter$ReporterBroadcastReceiver: pid=771 uid=10062 gids={3003, 1015, 1006}
07-07 15:43:03.988   771   771 I dalvikvm: Turning on JNI app bug workarounds for target SDK version 10...
07-07 15:43:04.074 32438   784 I SqliteDatabaseCpp: sqlite returned: error code = 1, msg = no such column: wipeout_stats, db=/data/data/com.google.android.apps.plus/databases/iu.upload.db
07-07 15:43:04.078 32438   784 W System.err: android.database.sqlite.SQLiteException: no such column: wipeout_stats: , while compiling: SELECT wipeout_stats  FROM account_status
07-07 15:43:04.207 32438   784 W System.err: 	at android.database.sqlite.SQLiteCompiledSql.native_compile(Native Method)
07-07 15:43:04.207 32438   784 W System.err: 	at android.database.sqlite.SQLiteCompiledSql.<init>(SQLiteCompiledSql.java:68)
07-07 15:43:04.207 32438   784 W System.err: 	at android.database.sqlite.SQLiteProgram.compileSql(SQLiteProgram.java:143)
07-07 15:43:04.207 32438   784 W System.err: 	at android.database.sqlite.SQLiteProgram.compileAndbindAllArgs(SQLiteProgram.java:361)
07-07 15:43:04.207 32438   784 W System.err: 	at android.database.sqlite.SQLiteStatement.acquireAndLock(SQLiteStatement.java:260)
07-07 15:43:04.207 32438   784 W System.err: 	at android.database.sqlite.SQLiteStatement.simpleQueryForLong(SQLiteStatement.java:137)
07-07 15:43:04.207 32438   784 W System.err: 	at android.database.DatabaseUtils.longForQuery(DatabaseUtils.java:791)
07-07 15:43:04.207 32438   784 W System.err: 	at android.database.DatabaseUtils.longForQuery(DatabaseUtils.java:779)
07-07 15:43:04.211 32438   784 W System.err: 	at com.google.android.apps.plus.content.EsAccountsData.isContactsStatsWipeoutNeeded(EsAccountsData.java:641)
07-07 15:43:04.211 32438   784 W System.err: 	at com.google.android.apps.plus.service.EsService.processIntent(EsService.java:4246)
07-07 15:43:04.211 32438   784 W System.err: 	at com.google.android.apps.plus.service.ServiceThread$1.run(ServiceThread.java:50)
07-07 15:43:04.211 32438   784 W System.err: 	at android.os.Handler.handleCallback(Handler.java:605)
07-07 15:43:04.211 32438   784 W System.err: 	at android.os.Handler.dispatchMessage(Handler.java:92)
07-07 15:43:04.211 32438   784 W System.err: 	at android.os.Looper.loop(Looper.java:137)
07-07 15:43:04.289 32438   784 W System.err: 	at com.google.android.apps.plus.service.ServiceThread.run(ServiceThread.java:122)
07-07 15:43:04.586   771   771 I ActivityThread: Pub com.facebook.orca.notify.MessengerLoggedInUserProvider: com.facebook.orca.notify.MessengerLoggedInUserProvider
07-07 15:43:04.609   771   771 I ActivityThread: Pub com.facebook.orca.notify.MessengerForegroundProvider: com.facebook.orca.notify.MessengerForegroundProvider
07-07 15:43:04.613   771   771 V orca:OrcaApplication: Forcing initialization of AsyncTask
07-07 15:43:04.832   771   774 D dalvikvm: GC_CONCURRENT freed 187K, 3% free 9328K/9607K, paused 4ms+2ms
07-07 15:43:04.863   771   771 I Finalizer: Couldn't access Thread.inheritableThreadLocals. Reference finalizer threads will inherit thread local values.
07-07 15:43:05.101   145   380 I ActivityManager: Process com.chess (pid 583) has died.
07-07 15:43:05.132   771   774 D dalvikvm: GC_CONCURRENT freed 380K, 5% free 9459K/9927K, paused 3ms+2ms
07-07 15:43:05.297   771   771 W OrcaGuiceModule: Sig: ijxLJi1yGs1JpL-X1SExmchvork
07-07 15:43:05.398   771   774 D dalvikvm: GC_CONCURRENT freed 335K, 5% free 9645K/10055K, paused 1ms+8ms
07-07 15:43:05.441   145   913 D dalvikvm: GC_EXPLICIT freed 576K, 19% free 17196K/20999K, paused 11ms+24ms
07-07 15:43:05.894   771   787 W Resources: Converting to string: TypedValue{t=0x10/d=0xffffffff a=-1}
07-07 15:43:06.093   771   774 D dalvikvm: GC_CONCURRENT freed 285K, 4% free 9885K/10247K, paused 3ms+4ms
07-07 15:43:06.191   771   787 D dalvikvm: GC_FOR_ALLOC freed 264K, 4% free 10030K/10439K, paused 21ms
07-07 15:43:06.199   745   748 D dalvikvm: GC_CONCURRENT freed 573K, 9% free 11362K/12359K, paused 7ms+3ms
07-07 15:43:06.230   771   787 D dalvikvm: GC_FOR_ALLOC freed 91K, 5% free 10112K/10567K, paused 21ms
07-07 15:43:06.304   771   787 D dalvikvm: GC_FOR_ALLOC freed 262K, 6% free 10209K/10759K, paused 29ms
07-07 15:43:06.308   771   771 D ACRA    : Retrieve application default SharedPreferences.
07-07 15:43:06.308   771   771 D ACRA    : Set OnSharedPreferenceChangeListener.
07-07 15:43:06.308   771   771 D ACRA    : ACRA is enabled for com.facebook.orca, intializing...
07-07 15:43:06.355   771   787 D dalvikvm: GC_FOR_ALLOC freed 205K, 5% free 10263K/10759K, paused 17ms
07-07 15:43:06.359   771   771 D ACRA    : Looking for error files in /data/data/com.facebook.orca/app_acra-reports
07-07 15:43:06.785   771   774 D dalvikvm: GC_CONCURRENT freed 270K, 4% free 10515K/10887K, paused 2ms+165ms
07-07 15:43:06.961   771   774 D dalvikvm: GC_CONCURRENT freed 307K, 4% free 10760K/11143K, paused 2ms+3ms
07-07 15:43:07.117   771   774 D dalvikvm: GC_CONCURRENT freed 377K, 4% free 11010K/11463K, paused 2ms+3ms
07-07 15:43:07.386   145   329 I ActivityManager: Process com.twitter.android (pid 651) has died.
07-07 15:43:07.406   771   774 D dalvikvm: GC_CONCURRENT freed 495K, 6% free 11175K/11783K, paused 7ms+3ms
07-07 15:43:08.332   745   748 D dalvikvm: GC_CONCURRENT freed 687K, 9% free 11348K/12359K, paused 1ms+3ms
07-07 15:43:08.504   745   748 D dalvikvm: GC_CONCURRENT freed 660K, 8% free 11372K/12359K, paused 2ms+3ms
07-07 15:43:08.660   745   748 D dalvikvm: GC_CONCURRENT freed 669K, 8% free 11386K/12359K, paused 2ms+2ms
07-07 15:43:10.031   745   748 D dalvikvm: GC_CONCURRENT freed 726K, 9% free 11332K/12359K, paused 2ms+2ms
07-07 15:43:10.187   745   748 D dalvikvm: GC_CONCURRENT freed 631K, 9% free 11348K/12359K, paused 2ms+3ms
07-07 15:43:10.332   745   748 D dalvikvm: GC_CONCURRENT freed 628K, 8% free 11383K/12359K, paused 2ms+3ms
07-07 15:43:10.703   745   748 D dalvikvm: GC_CONCURRENT freed 637K, 8% free 11406K/12359K, paused 4ms+5ms
07-07 15:43:11.410   745   748 D dalvikvm: GC_CONCURRENT freed 736K, 9% free 11341K/12359K, paused 2ms+2ms
07-07 15:43:12.027   745   748 D dalvikvm: GC_CONCURRENT freed 648K, 9% free 11348K/12359K, paused 2ms+2ms
07-07 15:43:13.207   745   748 D dalvikvm: GC_CONCURRENT freed 663K, 9% free 11357K/12359K, paused 2ms+2ms
07-07 15:43:13.972   745   748 D dalvikvm: GC_CONCURRENT freed 656K, 8% free 11384K/12359K, paused 2ms+3ms
07-07 15:43:14.847   745   748 D dalvikvm: GC_CONCURRENT freed 697K, 8% free 11388K/12359K, paused 2ms+3ms
07-07 15:43:14.988   745   748 D dalvikvm: GC_CONCURRENT freed 681K, 8% free 11409K/12359K, paused 2ms+3ms
07-07 15:43:17.074   745   748 D dalvikvm: GC_CONCURRENT freed 713K, 9% free 11365K/12359K, paused 2ms+2ms
07-07 15:43:18.160   745   748 D dalvikvm: GC_CONCURRENT freed 645K, 8% free 11407K/12359K, paused 2ms+2ms
07-07 15:43:18.828   745   748 D dalvikvm: GC_CONCURRENT freed 710K, 9% free 11369K/12359K, paused 2ms+3ms
07-07 15:43:19.386   745   748 D dalvikvm: GC_CONCURRENT freed 628K, 8% free 11403K/12359K, paused 3ms+3ms
07-07 15:43:19.734   745   748 D dalvikvm: GC_CONCURRENT freed 656K, 8% free 11429K/12359K, paused 2ms+2ms
07-07 15:43:20.382   745   748 D dalvikvm: GC_CONCURRENT freed 685K, 8% free 11441K/12359K, paused 1ms+3ms
07-07 15:43:20.523   745   748 D dalvikvm: GC_CONCURRENT freed 664K, 8% free 11469K/12359K, paused 2ms+2ms
07-07 15:43:21.445   745   748 D dalvikvm: GC_CONCURRENT freed 822K, 8% free 11420K/12359K, paused 2ms+2ms
07-07 15:43:22.535   745   748 D dalvikvm: GC_CONCURRENT freed 651K, 8% free 11444K/12359K, paused 2ms+4ms
07-07 15:43:23.625   745   748 D dalvikvm: GC_CONCURRENT freed 666K, 8% free 11460K/12359K, paused 2ms+3ms
07-07 15:43:23.761   745   748 D dalvikvm: GC_CONCURRENT freed 668K, 7% free 11501K/12359K, paused 2ms+3ms
07-07 15:43:23.914   745   748 D dalvikvm: GC_CONCURRENT freed 700K, 7% free 11534K/12359K, paused 2ms+7ms
07-07 15:43:24.191   745   768 D dalvikvm: GC_EXPLICIT freed 218K, 7% free 11576K/12359K, paused 5ms+3ms
07-07 15:43:24.320   145   380 D dalvikvm: GC_EXPLICIT freed 1276K, 19% free 17181K/20999K, paused 2ms+7ms
07-07 15:43:27.324   745   748 D dalvikvm: GC_CONCURRENT freed 878K, 9% free 11471K/12487K, paused 2ms+7ms
07-07 15:43:27.422   745   768 D dalvikvm: GC_FOR_ALLOC freed 489K, 9% free 11478K/12487K, paused 25ms
07-07 15:43:27.558   745   748 D dalvikvm: GC_CONCURRENT freed 670K, 8% free 11532K/12487K, paused 2ms+3ms
07-07 15:43:28.039   745   748 D dalvikvm: GC_CONCURRENT freed 692K, 8% free 11555K/12487K, paused 2ms+3ms
07-07 15:43:29.500   745   748 D dalvikvm: GC_CONCURRENT freed 796K, 9% free 11476K/12487K, paused 15ms+2ms
07-07 15:43:30.207   745   748 D dalvikvm: GC_CONCURRENT freed 745K, 9% free 11438K/12487K, paused 2ms+2ms
07-07 15:43:30.715   745   768 D dalvikvm: GC_FOR_ALLOC freed 315K, 8% free 11518K/12487K, paused 24ms
07-07 15:43:30.715   745   768 I dalvikvm-heap: Grow heap (frag case) to 11.399MB for 81400-byte allocation
07-07 15:43:30.742   745   768 D dalvikvm: GC_FOR_ALLOC freed 44K, 9% free 11553K/12615K, paused 27ms
07-07 15:43:30.769   745   768 D dalvikvm: GC_FOR_ALLOC freed <1K, 9% free 11553K/12615K, paused 23ms
07-07 15:43:30.769   745   768 I dalvikvm-heap: Grow heap (frag case) to 11.511MB for 162918-byte allocation
07-07 15:43:30.797   745   768 D dalvikvm: GC_FOR_ALLOC freed 79K, 10% free 11632K/12807K, paused 23ms
07-07 15:43:31.429   745   748 D dalvikvm: GC_CONCURRENT freed 946K, 11% free 11444K/12807K, paused 2ms+2ms
07-07 15:43:31.683   745   748 D dalvikvm: GC_CONCURRENT freed 705K, 11% free 11426K/12807K, paused 2ms+3ms
07-07 15:43:31.929   745   748 D dalvikvm: GC_CONCURRENT freed 707K, 12% free 11397K/12807K, paused 2ms+2ms
07-07 15:43:32.070   745   748 D dalvikvm: GC_CONCURRENT freed 498K, 10% free 11597K/12807K, paused 2ms+3ms
07-07 15:43:32.234   745   748 D dalvikvm: GC_CONCURRENT freed 520K, 8% free 11861K/12807K, paused 2ms+2ms
07-07 15:43:32.410   745   748 D dalvikvm: GC_CONCURRENT freed 954K, 9% free 11778K/12871K, paused 2ms+3ms
07-07 15:43:32.586   745   748 D dalvikvm: GC_CONCURRENT freed 1298K, 13% free 11278K/12871K, paused 2ms+3ms
07-07 15:43:33.519   745   765 I SyncService: sync service finished (15:43:33)
07-07 15:43:36.039 32438 32441 D dalvikvm: GC_CONCURRENT freed 1171K, 19% free 13414K/16391K, paused 21ms+4ms
07-07 15:43:39.386 32438 32441 D dalvikvm: GC_CONCURRENT freed 1379K, 19% free 13389K/16391K, paused 2ms+5ms
07-07 15:43:39.980   801   801 D dalvikvm: Late-enabling CheckJNI
07-07 15:43:39.984   145   162 I ActivityManager: Start proc com.chess for broadcast com.chess/.backend.AlarmReceiver: pid=801 uid=10079 gids={3003, 1015}
07-07 15:43:40.500   801   802 D dalvikvm: GC_CONCURRENT freed 169K, 3% free 9363K/9607K, paused 17ms+2ms
07-07 15:43:40.668   801   815 D GetStringObjTask: retrieving from url = http://www.chess.com/api/get_move_status?id=y3ICtufzg6w7rQqcD3KFujVaIanpYba4bIpaeKElV1LNz3Sz4Fk9Yh5CeWaj8h4bQ2RY0CxFVgA%2ByBE5DE%2B1cAuw4i%2Bp2GVj5RbuDPEUotReGbS25iAukuBsuUd%2Fl5dp
07-07 15:43:40.972   801   815 D GetStringObjTask: WebRequest SERVER RESPONSE: Success+0
07-07 15:43:42.453 32438 32441 D dalvikvm: GC_CONCURRENT freed 755K, 15% free 14085K/16391K, paused 5ms+3ms
07-07 15:43:43.511 32438 32441 D dalvikvm: GC_CONCURRENT freed 1144K, 12% free 14505K/16391K, paused 2ms+3ms
07-07 15:43:45.543 32438 32441 D dalvikvm: GC_CONCURRENT freed 1751K, 12% free 14503K/16391K, paused 2ms+3ms
07-07 15:43:46.500 32438 32445 I dalvikvm: Jit: resizing JitTable from 4096 to 8192
07-07 15:43:47.047   145  1184 I ActivityManager: Start proc android.process.acore for content provider com.android.providers.contacts/.ContactsProvider2: pid=817 uid=10000 gids={3003, 1015}
07-07 15:43:47.109   817   817 I ActivityThread: Pub call_log: com.android.providers.contacts.CallLogProvider
07-07 15:43:47.164   817   817 I ActivityThread: Pub com.android.voicemail: com.android.providers.contacts.VoicemailContentProvider
07-07 15:43:47.168   817   817 I ActivityThread: Pub user_dictionary: com.android.providers.userdictionary.UserDictionaryProvider
07-07 15:43:47.351   817   817 I ActivityThread: Pub com.android.social: com.android.providers.contacts.SocialProvider
07-07 15:43:47.355   817   817 I ActivityThread: Pub applications: com.android.providers.applications.ApplicationsProvider
07-07 15:43:47.535   817   819 D dalvikvm: GC_CONCURRENT freed 341K, 5% free 9148K/9607K, paused 4ms+4ms
07-07 15:43:47.535   817   817 I ActivityThread: Pub contacts;com.android.contacts: com.android.providers.contacts.ContactsProvider2
07-07 15:43:47.773   145  1186 I ActivityManager: Process com.facebook.orca (pid 771) has died.
07-07 15:43:48.640   817   819 D dalvikvm: GC_CONCURRENT freed 187K, 3% free 9392K/9671K, paused 2ms+3ms
07-07 15:43:48.949 32438   799 I SqliteDatabaseCpp: sqlite returned: error code = 1, msg = no such column: last_stats_sync_time, db=/data/data/com.google.android.apps.plus/databases/iu.upload.db
07-07 15:43:49.386 32438   799 E EsSyncAdapterService: Sync failure
07-07 15:43:49.386 32438   799 E EsSyncAdapterService: android.database.sqlite.SQLiteException: no such column: last_stats_sync_time: , while compiling: SELECT last_stats_sync_time  FROM account_status
07-07 15:43:49.386 32438   799 E EsSyncAdapterService: 	at android.database.sqlite.SQLiteCompiledSql.native_compile(Native Method)
07-07 15:43:49.386 32438   799 E EsSyncAdapterService: 	at android.database.sqlite.SQLiteCompiledSql.<init>(SQLiteCompiledSql.java:68)
07-07 15:43:49.386 32438   799 E EsSyncAdapterService: 	at android.database.sqlite.SQLiteProgram.compileSql(SQLiteProgram.java:143)
07-07 15:43:49.386 32438   799 E EsSyncAdapterService: 	at android.database.sqlite.SQLiteProgram.compileAndbindAllArgs(SQLiteProgram.java:361)
07-07 15:43:49.386 32438   799 E EsSyncAdapterService: 	at android.database.sqlite.SQLiteStatement.acquireAndLock(SQLiteStatement.java:260)
07-07 15:43:49.386 32438   799 E EsSyncAdapterService: 	at android.database.sqlite.SQLiteStatement.simpleQueryForLong(SQLiteStatement.java:137)
07-07 15:43:49.386 32438   799 E EsSyncAdapterService: 	at android.database.DatabaseUtils.longForQuery(DatabaseUtils.java:791)
07-07 15:43:49.386 32438   799 E EsSyncAdapterService: 	at android.database.DatabaseUtils.longForQuery(DatabaseUtils.java:779)
07-07 15:43:49.386 32438   799 E EsSyncAdapterService: 	at com.google.android.apps.plus.content.EsAccountsData.queryLastStatsSyncTimestamp(EsAccountsData.java:570)
07-07 15:43:49.386 32438   799 E EsSyncAdapterService: 	at com.google.android.apps.plus.service.EsSyncAdapterService.syncContactsStatsIfNecessary(EsSyncAdapterService.java:670)
07-07 15:43:49.386 32438   799 E EsSyncAdapterService: 	at com.google.android.apps.plus.service.EsSyncAdapterService.doFullSync(EsSyncAdapterService.java:633)
07-07 15:43:49.386 32438   799 E EsSyncAdapterService: 	at com.google.android.apps.plus.service.EsSyncAdapterService.doSync(EsSyncAdapterService.java:566)
07-07 15:43:49.386 32438   799 E EsSyncAdapterService: 	at com.google.android.apps.plus.service.EsSyncAdapterService.access$100(EsSyncAdapterService.java:52)
07-07 15:43:49.386 32438   799 E EsSyncAdapterService: 	at com.google.android.apps.plus.service.EsSyncAdapterService$SyncAdapterImpl.onPerformSync(EsSyncAdapterService.java:408)
07-07 15:43:49.386 32438   799 E EsSyncAdapterService: 	at android.content.AbstractThreadedSyncAdapter$SyncThread.run(AbstractThreadedSyncAdapter.java:247)
07-07 15:43:49.461   145   169 D SyncManager: failed sync operation lokeshmandvekar@gmail.com (com.google), com.google.android.apps.plus.content.EsProvider, SERVER, earliestRunTime 90900123, SyncResult: stats [ numParseExceptions: 1]
07-07 15:43:49.465   145   169 D SyncManager: not retrying sync operation because the error is a hard error: lokeshmandvekar@gmail.com (com.google), com.google.android.apps.plus.content.EsProvider, SERVER, earliestRunTime 90945514
07-07 15:43:50.511   817   819 D dalvikvm: GC_CONCURRENT freed 238K, 4% free 9598K/9927K, paused 23ms+9ms
07-07 15:43:52.195 32438 32441 D dalvikvm: GC_CONCURRENT freed 2920K, 19% free 13377K/16391K, paused 33ms+63ms
07-07 15:43:56.293   145   314 D dalvikvm: GC_EXPLICIT freed 715K, 19% free 17190K/20999K, paused 2ms+6ms
07-07 15:43:56.574 32438 32441 D dalvikvm: GC_CONCURRENT freed 1414K, 19% free 13365K/16391K, paused 8ms+5ms
07-07 15:43:56.886   817   819 D dalvikvm: GC_CONCURRENT freed 555K, 7% free 9503K/10183K, paused 4ms+13ms
07-07 15:43:57.804   359   363 D dalvikvm: GC_CONCURRENT freed 435K, 6% free 10014K/10567K, paused 2ms+7ms
07-07 15:43:59.050   817   819 D dalvikvm: GC_CONCURRENT freed 347K, 7% free 9541K/10183K, paused 8ms+3ms
07-07 15:44:27.863   145  1184 I ActivityManager: Start proc com.google.android.gsf.login for service com.google.android.gsf.login/com.google.android.gsf.loginservice.GoogleLoginService: pid=845 uid=10009 gids={3003, 1015, 1007, 2001, 3006}
07-07 15:44:28.066   359   363 D dalvikvm: GC_CONCURRENT freed 417K, 6% free 10013K/10567K, paused 49ms+5ms
07-07 15:44:28.625 32764 32767 D dalvikvm: GC_CONCURRENT freed 505K, 9% free 10554K/11527K, paused 5ms+3ms
07-07 15:44:28.992   554   555 D dalvikvm: GC_CONCURRENT freed 716K, 8% free 10141K/10951K, paused 125ms+11ms
07-07 15:44:35.160   435   456 I PhoneLab-: Service Running
07-07 15:44:35.289   435   456 I PhoneLab-LoggerService: app_37    1466  1     1436   996   c00f181c 400107b4 S logcat
07-07 15:44:35.289   435   456 I PhoneLab-LoggerService: Logcat pid from database 1466
07-07 15:44:35.289   435   456 I PhoneLab-LoggerService: Logcat process found 1466
07-07 15:44:35.289   435   456 I PhoneLab-LoggerService: Checking Threshold
07-07 15:44:43.250   817   834 D dalvikvm: GC_EXPLICIT freed 262K, 7% free 9479K/10183K, paused 2ms+3ms
07-07 15:45:28.629   145  1188 I ActivityManager: Process com.google.android.apps.googlevoice (pid 32477) has died.
07-07 15:45:28.629   145  1188 W ActivityManager: Scheduling restart of crashed service com.google.android.apps.googlevoice/.CallLogService in 5000ms
07-07 15:45:28.629   145  1188 W ActivityManager: Scheduling restart of crashed service com.google.android.apps.googlevoice/.UpdateService in 14999ms
07-07 15:45:33.711   145   162 I ActivityManager: Start proc com.google.android.apps.googlevoice for service com.google.android.apps.googlevoice/.CallLogService: pid=867 uid=10054 gids={3003, 1015}
07-07 15:45:33.734    79    79 D dalvikvm: GC_EXPLICIT freed 38K, 4% free 9027K/9347K, paused 2ms+2ms
07-07 15:45:33.773    79    79 D dalvikvm: GC_EXPLICIT freed <1K, 4% free 9027K/9347K, paused 8ms+2ms
07-07 15:45:33.793    79    79 D dalvikvm: GC_EXPLICIT freed <1K, 4% free 9027K/9347K, paused 1ms+2ms
07-07 15:45:34.191   867   870 D dalvikvm: GC_CONCURRENT freed 253K, 4% free 9279K/9607K, paused 34ms+7ms
07-07 15:45:43.867   145  1184 D CountryDetector: The first listener is added
07-07 15:45:43.925   867   870 D dalvikvm: GC_CONCURRENT freed 364K, 5% free 9375K/9863K, paused 2ms+2ms
07-07 15:45:43.929   867   876 W CursorWrapperInner: Cursor finalized without prior close()
07-07 15:45:43.929   867   876 W CursorWrapperInner: Cursor finalized without prior close()
07-07 15:45:43.929   867   876 W CursorWrapperInner: Cursor finalized without prior close()
07-07 15:45:44.132   817   819 D dalvikvm: GC_CONCURRENT freed 253K, 6% free 9630K/10183K, paused 2ms+2ms
07-07 15:45:44.183   867   870 D dalvikvm: GC_CONCURRENT freed 300K, 5% free 9521K/9927K, paused 2ms+2ms
07-07 15:45:44.445   867   870 D dalvikvm: GC_CONCURRENT freed 204K, 4% free 9715K/10119K, paused 2ms+2ms
07-07 15:45:44.570   145   145 D dalvikvm: GC_EXPLICIT freed 499K, 19% free 17201K/20999K, paused 8ms+7ms
07-07 15:45:44.754   817   819 D dalvikvm: GC_CONCURRENT freed 301K, 4% free 9852K/10247K, paused 1ms+4ms
07-07 15:46:28.683 32764 32767 D dalvikvm: GC_CONCURRENT freed 523K, 9% free 10543K/11527K, paused 2ms+3ms
07-07 15:46:28.820   145  1185 I ActivityManager: Process com.facebook.katana (pid 29232) has died.
07-07 15:46:28.820   145  1185 W ActivityManager: Scheduling restart of crashed service com.facebook.katana/.service.MediaUploadService in 5000ms
07-07 15:46:28.890 27783 27785 D dalvikvm: GC_CONCURRENT freed 312K, 6% free 10377K/10951K, paused 6ms+45ms
07-07 15:46:28.996   554   555 D dalvikvm: GC_CONCURRENT freed 516K, 8% free 10133K/10951K, paused 2ms+80ms
07-07 15:46:33.886   145   162 I ActivityManager: Start proc com.facebook.katana for service com.facebook.katana/.service.MediaUploadService: pid=898 uid=10071 gids={3003, 1006, 1015}
07-07 15:46:33.890   898   898 I dalvikvm: Turning on JNI app bug workarounds for target SDK version 7...
07-07 15:46:34.113   898   901 D dalvikvm: GC_CONCURRENT freed 148K, 3% free 9384K/9607K, paused 4ms+3ms
07-07 15:46:34.328   898   898 I ActivityThread: Pub com.facebook.katana.provider.LoggingProvider: com.facebook.katana.provider.LoggingProvider
07-07 15:46:34.422   898   898 I ActivityThread: Pub com.facebook.katana.provider.KeyValueProvider: com.facebook.katana.provider.KeyValueProvider
07-07 15:46:34.433   898   898 I ActivityThread: Pub com.facebook.katana.provider.CacheProvider: com.facebook.katana.provider.CacheProvider
07-07 15:46:34.449   898   898 I ActivityThread: Pub com.facebook.katana.provider.MailboxProvider: com.facebook.katana.provider.MailboxProvider
07-07 15:46:34.468   898   898 I ActivityThread: Pub com.facebook.katana.provider.UserStatusesProvider: com.facebook.katana.provider.UserStatusesProvider
07-07 15:46:34.472   898   898 I ActivityThread: Pub com.facebook.katana.provider.EventsProvider: com.facebook.katana.provider.EventsProvider
07-07 15:46:34.472   898   898 I ActivityThread: Pub com.facebook.katana.provider.NotificationsProvider: com.facebook.katana.provider.NotificationsProvider
07-07 15:46:34.472   898   901 D dalvikvm: GC_CONCURRENT freed 140K, 3% free 9706K/9991K, paused 11ms+2ms
07-07 15:46:34.480   898   898 I ActivityThread: Pub com.facebook.katana.provider.UserValuesProvider: com.facebook.katana.provider.UserValuesProvider
07-07 15:46:34.480   898   898 I ActivityThread: Pub com.facebook.katana.provider.PagesProvider: com.facebook.katana.provider.PagesProvider
07-07 15:46:34.480   898   898 I ActivityThread: Pub com.facebook.katana.provider.MobileEventLogProvider: com.facebook.katana.provider.MobileEventLogProvider
07-07 15:46:34.480   898   898 I ActivityThread: Pub com.facebook.katana.provider.PushNotificationsProvider: com.facebook.katana.provider.PushNotificationsProvider
07-07 15:46:34.480   898   898 I ActivityThread: Pub com.facebook.katana.provider.PhotosProvider: com.facebook.katana.provider.PhotosProvider
07-07 15:46:34.488   898   898 I ActivityThread: Pub com.facebook.katana.provider.ConnectionsProvider: com.facebook.katana.provider.ConnectionsProvider
07-07 15:46:34.504   898   898 I ActivityThread: Pub com.facebook.orca.notify.FbandroidMessagesForegroundProvider: com.facebook.orca.notify.FbandroidMessagesForegroundProvider
07-07 15:46:34.562   898   898 D ACRA    : Retrieve application default SharedPreferences.
07-07 15:46:34.566   898   898 D ACRA    : Set OnSharedPreferenceChangeListener.
07-07 15:46:34.570   898   898 D ACRA    : ACRA is enabled for com.facebook.katana, intializing...
07-07 15:46:34.613   898   898 D ACRA    : Looking for error files in /data/data/com.facebook.katana/app_acra-reports
07-07 15:46:34.730   898   898 W nalizableReferenceQueue: Could not load Finalizer in its own class loader.Loading Finalizer in the current class loader instead. As a result, you will not be ableto garbage collect this class loader. To support reclaiming this class loader, eitherresolve the underlying issue, or move Google Collections to your system class path.
07-07 15:46:34.730   898   898 W nalizableReferenceQueue: java.io.FileNotFoundException: com/google/common/base/internal/Finalizer.class
07-07 15:46:34.730   898   898 W nalizableReferenceQueue: 	at com.google.common.base.FinalizableReferenceQueue$DecoupledLoader.getBaseUrl(FinalizableReferenceQueue.java:243)
07-07 15:46:34.730   898   898 W nalizableReferenceQueue: 	at com.google.common.base.FinalizableReferenceQueue$DecoupledLoader.loadFinalizer(FinalizableReferenceQueue.java:227)
07-07 15:46:34.730   898   898 W nalizableReferenceQueue: 	at com.google.common.base.FinalizableReferenceQueue.loadFinalizer(FinalizableReferenceQueue.java:155)
07-07 15:46:34.730   898   898 W nalizableReferenceQueue: 	at com.google.common.base.FinalizableReferenceQueue.<clinit>(FinalizableReferenceQueue.java:84)
07-07 15:46:34.730   898   898 W nalizableReferenceQueue: 	at com.google.common.collect.CustomConcurrentHashMap$QueueHolder.<clinit>(CustomConcurrentHashMap.java:650)
07-07 15:46:34.730   898   898 W nalizableReferenceQueue: 	at com.google.common.collect.CustomConcurrentHashMap$WeakEntry.<init>(CustomConcurrentHashMap.java:1342)
07-07 15:46:34.730   898   898 W nalizableReferenceQueue: 	at com.google.common.collect.CustomConcurrentHashMap$EntryFactory$9.newEntry(CustomConcurrentHashMap.java:453)
07-07 15:46:34.730   898   898 W nalizableReferenceQueue: 	at com.google.common.collect.CustomConcurrentHashMap.a(CustomConcurrentHashMap.java:1715)
07-07 15:46:34.730   898   898 W nalizableReferenceQueue: 	at com.google.common.collect.ComputingConcurrentHashMap$ComputingSegment.a(ComputingConcurrentHashMap.java:123)
07-07 15:46:34.730   898   898 W nalizableReferenceQueue: 	at com.google.common.collect.ComputingConcurrentHashMap.apply(ComputingConcurrentHashMap.java:71)
07-07 15:46:34.730   898   898 W nalizableReferenceQueue: 	at com.google.common.collect.MapMaker$ComputingMapAdapter.get(MapMaker.java:848)
07-07 15:46:34.730   898   898 W nalizableReferenceQueue: 	at com.google.inject.internal.Annotations$AnnotationChecker.a(Annotations.java:94)
07-07 15:46:34.730   898   898 W nalizableReferenceQueue: 	at com.google.inject.internal.Annotations.c(Annotations.java:112)
07-07 15:46:34.730   898   898 W nalizableReferenceQueue: 	at com.google.inject.Key.d(Key.java:369)
07-07 15:46:34.730   898   898 W nalizableReferenceQueue: 	at com.google.inject.Key.b(Key.java:356)
07-07 15:46:34.730   898   898 W nalizableReferenceQueue: 	at com.google.inject.Key.a(Key.java:267)
07-07 15:46:34.730   898   898 W nalizableReferenceQueue: 	at com.facebook.orca.inject.binder.AnnotatedBindingBuilderImpl.a(AnnotatedBindingBuilderImpl.java:22)
07-07 15:46:34.730   898   898 W nalizableReferenceQueue: 	at com.facebook.orca.app.FbBaseModule.a(FbBaseModule.java:74)
07-07 15:46:34.730   898   898 W nalizableReferenceQueue: 	at com.facebook.orca.inject.AbstractModule.a(AbstractModule.java:19)
07-07 15:46:34.730   898   898 W nalizableReferenceQueue: 	at com.facebook.orca.inject.FbInjectorImpl.a(FbInjectorImpl.java:61)
07-07 15:46:34.730   898   898 W nalizableReferenceQueue: 	at com.facebook.orca.inject.FbInjectorImpl.<init>(FbInjectorImpl.java:41)
07-07 15:46:34.730   898   898 W nalizableReferenceQueue: 	at com.facebook.orca.inject.FbInjector.a(FbInjector.java:40)
07-07 15:46:34.730   898   898 W nalizableReferenceQueue: 	at com.facebook.katana.FacebookApplication.onCreate(FacebookApplication.java:86)
07-07 15:46:34.730   898   898 W nalizableReferenceQueue: 	at android.app.Instrumentation.callApplicationOnCreate(Instrumentation.java:969)
07-07 15:46:34.730   898   898 W nalizableReferenceQueue: 	at android.app.ActivityThread.handleBindApplication(ActivityThread.java:3954)
07-07 15:46:34.730   898   898 W nalizableReferenceQueue: 	at android.app.ActivityThread.access$1300(ActivityThread.java:123)
07-07 15:46:34.730   898   898 W nalizableReferenceQueue: 	at android.app.ActivityThread$H.handleMessage(ActivityThread.java:1185)
07-07 15:46:34.730   898   898 W nalizableReferenceQueue: 	at android.os.Handler.dispatchMessage(Handler.java:99)
07-07 15:46:34.730   898   898 W nalizableReferenceQueue: 	at android.os.Looper.loop(Looper.java:137)
07-07 15:46:34.730   898   898 W nalizableReferenceQueue: 	at android.app.ActivityThread.main(ActivityThread.java:4424)
07-07 15:46:34.730   898   898 W nalizableReferenceQueue: 	at java.lang.reflect.Method.invokeNative(Native Method)
07-07 15:46:34.730   898   898 W nalizableReferenceQueue: 	at java.lang.reflect.Method.invoke(Method.java:511)
07-07 15:46:34.730   898   898 W nalizableReferenceQueue: 	at com.android.internal.os.ZygoteInit$MethodAndArgsCaller.run(ZygoteInit.java:784)
07-07 15:46:34.730   898   898 W nalizableReferenceQueue: 	at com.android.internal.os.ZygoteInit.main(ZygoteInit.java:551)
07-07 15:46:34.730   898   898 W nalizableReferenceQueue: 	at dalvik.system.NativeStart.main(Native Method)
07-07 15:46:34.730   898   898 I Finalizer: Couldn't access Thread.inheritableThreadLocals. Reference finalizer threads will inherit thread local values.
07-07 15:46:34.902   898   901 D dalvikvm: GC_CONCURRENT freed 296K, 4% free 9860K/10247K, paused 4ms+18ms
07-07 15:46:35.086   898   901 D dalvikvm: GC_CONCURRENT freed 431K, 6% free 9968K/10503K, paused 2ms+3ms
07-07 15:46:35.140   435   456 I PhoneLab-: Service Running
07-07 15:46:35.300   898   901 D dalvikvm: GC_CONCURRENT freed 324K, 5% free 10142K/10567K, paused 15ms+3ms
07-07 15:46:35.461   435   456 I PhoneLab-LoggerService: app_37    1466  1     1436   996   c00f181c 400107b4 S logcat
07-07 15:46:35.465   435   456 I PhoneLab-LoggerService: Logcat pid from database 1466
07-07 15:46:35.465   435   456 I PhoneLab-LoggerService: Logcat process found 1466
07-07 15:46:35.465   435   456 I PhoneLab-LoggerService: Checking Threshold
07-07 15:46:35.644   145   314 I ActivityManager: Process com.chess (pid 801) has died.
07-07 15:46:36.093   898   916 W Resources: Converting to string: TypedValue{t=0x10/d=0xffffffff a=-1}
07-07 15:46:36.109   898   901 D dalvikvm: GC_CONCURRENT freed 377K, 5% free 10287K/10759K, paused 2ms+6ms
07-07 15:46:36.586   898   901 D dalvikvm: GC_CONCURRENT freed 347K, 5% free 10409K/10887K, paused 2ms+8ms
07-07 15:46:36.726   145   912 I ActivityManager: Process com.google.android.apps.plus (pid 32438) has died.
07-07 15:46:36.726   145   912 W ActivityManager: Scheduling restart of crashed service com.google.android.apps.plus/.hangout.GCommService in 5000ms
07-07 15:46:36.906   898   901 D dalvikvm: GC_CONCURRENT freed 318K, 5% free 10504K/10951K, paused 3ms+3ms
07-07 15:46:37.160   898   901 D dalvikvm: GC_CONCURRENT freed 382K, 5% free 10571K/11079K, paused 2ms+3ms
07-07 15:46:37.367   898   901 D dalvikvm: GC_CONCURRENT freed 331K, 4% free 10702K/11143K, paused 2ms+4ms
07-07 15:46:37.945   898   901 D dalvikvm: GC_CONCURRENT freed 519K, 6% free 10695K/11335K, paused 2ms+4ms
07-07 15:46:39.183   145   511 D GpsLocationProvider: NTP server returned: 1341690399317 (Sat Jul 07 15:46:39 EST 2012) reference: 91115232 certainty: 38 system time offset: 132
07-07 15:46:39.234   898   901 D dalvikvm: GC_CONCURRENT freed 206K, 4% free 10924K/11335K, paused 2ms+2ms
07-07 15:46:39.531   898   901 D dalvikvm: GC_CONCURRENT freed 233K, 4% free 11225K/11591K, paused 2ms+6ms
07-07 15:46:39.886   898   901 D dalvikvm: GC_CONCURRENT freed 566K, 6% free 11283K/11975K, paused 1ms+6ms
07-07 15:46:41.785   145   162 I ActivityManager: Start proc com.google.android.apps.plus for service com.google.android.apps.plus/.hangout.GCommService: pid=936 uid=10060 gids={3003, 3002, 1015, 1006}
07-07 15:46:42.031   936   939 D dalvikvm: GC_CONCURRENT freed 152K, 3% free 9380K/9607K, paused 1ms+2ms
07-07 15:46:42.191   936   936 I ActivityThread: Pub com.google.android.apps.plus.content.ApiProvider: com.google.android.apps.plus.content.EsApiProvider
07-07 15:46:42.234   936   936 I ActivityThread: Pub com.google.android.apps.plus.content.EsGooglePhotoProvider: com.google.android.picasasync.PicasaContentProvider
07-07 15:46:42.445   936   939 D dalvikvm: GC_CONCURRENT freed 337K, 5% free 9576K/9991K, paused 5ms+2ms
07-07 15:46:42.468   936   936 I ActivityThread: Pub com.google.android.apps.plus.content.EsPicasaStoreProvider: com.google.android.picasastore.PicasaPhotoContentProvider
07-07 15:46:42.476   936   936 I ActivityThread: Pub com.google.plus.platform: com.google.android.apps.plus.content.AdsProvider
07-07 15:46:42.476   936   936 I ActivityThread: Pub com.google.android.apps.plus.iu.EsGoogleIuProvider: com.google.android.apps.plus.iu.InstantUploadProvider
07-07 15:46:42.562   936   939 D dalvikvm: GC_CONCURRENT freed 485K, 6% free 9620K/10183K, paused 1ms+2ms
07-07 15:46:42.566   936   936 I ActivityThread: Pub com.google.android.apps.plus.content.EsProvider: com.google.android.apps.plus.content.EsProvider
07-07 15:46:42.632   145   912 I ActivityManager: Start proc android.process.media for content provider com.android.providers.media/.MediaProvider: pid=951 uid=10012 gids={1015, 1023, 1024, 2001, 3003, 3007}
07-07 15:46:42.722   936   939 D dalvikvm: GC_CONCURRENT freed 220K, 3% free 9947K/10247K, paused 4ms+3ms
07-07 15:46:42.761   951   951 I ActivityThread: Pub downloads: com.android.providers.downloads.DownloadProvider
07-07 15:46:42.832   951   951 I ActivityThread: Pub drm: com.android.providers.drm.DrmProvider
07-07 15:46:42.851   951   965 I DownloadManager: in removeSpuriousFiles
07-07 15:46:42.871   936   939 D dalvikvm: GC_CONCURRENT freed 155K, 3% free 10316K/10567K, paused 2ms+3ms
07-07 15:46:42.894   951   951 I ActivityThread: Pub media: com.android.providers.media.MediaProvider
07-07 15:46:43.004   951   965 I DownloadManager: in removeSpuriousFiles, preserving file /data/data/com.android.providers.downloads/cache/metadata.json
07-07 15:46:43.007   951   965 I DownloadManager: in removeSpuriousFiles, preserving file /data/data/com.android.providers.downloads/cache/en_general.htm
07-07 15:46:43.007   951   965 I DownloadManager: in removeSpuriousFiles, preserving file /mnt/sdcard/Download/img-thing.jpeg
07-07 15:46:43.007   951   965 I DownloadManager: in removeSpuriousFiles, preserving file /data/data/com.android.providers.downloads/cache/metadata-1.json
07-07 15:46:43.007   951   965 I DownloadManager: in removeSpuriousFiles, preserving file /data/data/com.android.providers.downloads/cache/downloadfile.jpeg
07-07 15:46:43.007   951   965 I DownloadManager: in removeSpuriousFiles, preserving file /data/data/com.android.providers.downloads/cache/metadata-2.json
07-07 15:46:43.007   951   965 I DownloadManager: in removeSpuriousFiles, preserving file /data/data/com.android.providers.downloads/cache/metadata-3.json
07-07 15:46:43.007   951   965 I DownloadManager: in removeSpuriousFiles, preserving file /data/data/com.android.providers.downloads/cache/downloadfile-1.jpeg
07-07 15:46:43.007   951   965 I DownloadManager: in removeSpuriousFiles, preserving file /data/data/com.android.providers.downloads/cache/downloadfile-2.jpeg
07-07 15:46:43.007   951   965 I DownloadManager: in removeSpuriousFiles, preserving file /data/data/com.android.providers.downloads/cache/metadata-4.json
07-07 15:46:43.011   951   965 I DownloadManager: deleting spurious file /cache/backup
07-07 15:46:43.031   936   939 D dalvikvm: GC_CONCURRENT freed 308K, 5% free 10442K/10951K, paused 2ms+2ms
07-07 15:46:43.050   936   936 D dalvikvm: GC_FOR_ALLOC freed 0K, 5% free 10442K/10951K, paused 21ms
07-07 15:46:43.050   936   936 I dalvikvm-heap: Grow heap (frag case) to 10.518MB for 260112-byte allocation
07-07 15:46:43.078   936   936 D dalvikvm: GC_FOR_ALLOC freed 126K, 6% free 10570K/11207K, paused 17ms
07-07 15:46:43.121   936   936 D dalvikvm: GC_FOR_ALLOC freed 311K, 6% free 10563K/11207K, paused 29ms
07-07 15:46:43.144   936   936 D dalvikvm: GC_FOR_ALLOC freed 62K, 6% free 10627K/11207K, paused 18ms
07-07 15:46:43.144   936   936 I dalvikvm-heap: Grow heap (frag case) to 10.699MB for 260112-byte allocation
07-07 15:46:43.164   936   936 D dalvikvm: GC_FOR_ALLOC freed 126K, 7% free 10755K/11463K, paused 18ms
07-07 15:46:43.187   936   936 D dalvikvm: GC_FOR_ALLOC freed 307K, 7% free 10747K/11463K, paused 18ms
07-07 15:46:43.238   936   936 D dalvikvm: GC_FOR_ALLOC freed 62K, 6% free 10811K/11463K, paused 48ms
07-07 15:46:43.238   936   936 I dalvikvm-heap: Grow heap (frag case) to 10.877MB for 260112-byte allocation
07-07 15:46:43.277   936   936 D dalvikvm: GC_FOR_ALLOC freed 126K, 7% free 10939K/11719K, paused 37ms
07-07 15:46:43.289   951   953 D dalvikvm: GC_CONCURRENT freed 326K, 5% free 9205K/9607K, paused 18ms+6ms
07-07 15:46:43.429   936   939 D dalvikvm: GC_CONCURRENT freed 352K, 5% free 11226K/11719K, paused 2ms+3ms
07-07 15:46:43.461   936   950 D PicasaPhotoCP: set fsid first time:-1
07-07 15:46:43.601   936   939 D dalvikvm: GC_CONCURRENT freed 157K, 2% free 11807K/12039K, paused 2ms+4ms
07-07 15:46:43.793   936   939 D dalvikvm: GC_CONCURRENT freed 583K, 6% free 12212K/12871K, paused 1ms+3ms
07-07 15:46:44.031   936   939 D dalvikvm: GC_CONCURRENT freed 247K, 3% free 13061K/13383K, paused 1ms+3ms
07-07 15:46:44.148   936   936 D dalvikvm: Trying to load lib /data/data/com.google.android.apps.plus/lib/libgcomm_jni.so 0x41303fa0
07-07 15:46:44.523   936   936 D dalvikvm: Added shared lib /data/data/com.google.android.apps.plus/lib/libgcomm_jni.so 0x41303fa0
07-07 15:46:44.523   936   936 V gcomm_native: [static void util::JniHelper::SetJavaVm(JavaVM*) jni_helper.cpp(15) 400e3488] JavaVM 0x26e3e0
07-07 15:46:44.523   936   936 V gcomm_native: [jint JNI_OnLoad(JavaVM*, void*) jni_helper.cpp(97) 400e3488] JNI_OnLoad
07-07 15:46:44.523   936   936 I gcomm_native: [jboolean Java_com_google_android_apps_plus_hangout_GCommNativeWrapper_nativeStaticInitialize(JNIEnv*, _jclass*, _jobject*, _jstring*, _jstring*, _jstring*, jboolean, _jstring*, _jstring*) gcomm_native_wrapper.cpp(972) 400e3488] GComm Static Native initializing
07-07 15:46:46.816   145   145 D dalvikvm: GC_EXPLICIT freed 829K, 19% free 17208K/20999K, paused 11ms+8ms
07-07 15:46:59.679   145   174 I ActivityManager: Start proc com.twitter.android for service com.twitter.android/.client.AppService: pid=979 uid=10064 gids={3003, 1015}
07-07 15:46:59.699   979   979 I dalvikvm: Turning on JNI app bug workarounds for target SDK version 11...
07-07 15:46:59.836   979   979 I ActivityThread: Pub com.twitter.android.provider.GlobalDatabaseProvider: com.twitter.android.provider.GlobalDatabaseProvider
07-07 15:46:59.847   979   979 I ActivityThread: Pub com.twitter.android.provider.TwitterProvider: com.twitter.android.provider.TwitterProvider
07-07 15:47:01.050   979   982 D dalvikvm: GC_CONCURRENT freed 206K, 3% free 9262K/9543K, paused 13ms+3ms
07-07 15:47:01.097   145   913 I ActivityManager: Process com.android.sprintmenu (pid 32680) has died.
07-07 15:47:01.097   145   913 W ActivityManager: Scheduling restart of crashed service com.android.sprintmenu/.HiddenPhoneService in 5000ms
07-07 15:47:01.465   979   982 D dalvikvm: GC_CONCURRENT freed 174K, 4% free 9492K/9799K, paused 2ms+2ms
07-07 15:47:01.605   979   982 D dalvikvm: GC_CONCURRENT freed 298K, 5% free 9623K/10055K, paused 2ms+1ms
07-07 15:47:01.734   979   982 D dalvikvm: GC_CONCURRENT freed 312K, 5% free 9759K/10183K, paused 1ms+1ms
07-07 15:47:01.859   979   982 D dalvikvm: GC_CONCURRENT freed 297K, 5% free 9882K/10311K, paused 2ms+2ms
07-07 15:47:01.976   979   982 D dalvikvm: GC_CONCURRENT freed 307K, 5% free 10015K/10439K, paused 2ms+2ms
07-07 15:47:02.093   979   982 D dalvikvm: GC_CONCURRENT freed 296K, 4% free 10154K/10567K, paused 1ms+2ms
07-07 15:47:02.222   979   982 D dalvikvm: GC_CONCURRENT freed 310K, 4% free 10276K/10695K, paused 2ms+2ms
07-07 15:47:02.394   979   982 D dalvikvm: GC_CONCURRENT freed 479K, 6% free 10218K/10823K, paused 1ms+3ms
07-07 15:47:02.515   979   982 D dalvikvm: GC_CONCURRENT freed 325K, 5% free 10292K/10823K, paused 2ms+2ms
07-07 15:47:02.648   979   982 D dalvikvm: GC_CONCURRENT freed 320K, 5% free 10381K/10823K, paused 3ms+2ms
07-07 15:47:02.765   979   982 D dalvikvm: GC_CONCURRENT freed 370K, 5% free 10469K/10951K, paused 1ms+1ms
07-07 15:47:02.882   979   982 D dalvikvm: GC_CONCURRENT freed 353K, 5% free 10553K/11015K, paused 1ms+2ms
07-07 15:47:03.004   979   982 D dalvikvm: GC_CONCURRENT freed 333K, 5% free 10635K/11079K, paused 2ms+3ms
07-07 15:47:03.129   979   982 D dalvikvm: GC_CONCURRENT freed 366K, 5% free 10721K/11207K, paused 1ms+2ms
07-07 15:47:03.254   979   982 D dalvikvm: GC_CONCURRENT freed 406K, 5% free 10817K/11335K, paused 1ms+2ms
07-07 15:47:03.285   145   394 I ActivityManager: Process android.process.acore (pid 817) has died.
07-07 15:47:03.297   145  1185 D CountryDetector: No listener is left
07-07 15:47:04.136   979   982 D dalvikvm: GC_CONCURRENT freed 340K, 5% free 11000K/11463K, paused 2ms+2ms
07-07 15:47:06.062   979   982 D dalvikvm: GC_CONCURRENT freed 459K, 6% free 11123K/11719K, paused 2ms+2ms
07-07 15:47:06.105   145   162 I ActivityManager: Start proc com.android.sprintmenu for service com.android.sprintmenu/.HiddenPhoneService: pid=997 uid=1001 gids={3002, 3001, 3003, 1015}
07-07 15:47:28.836   554   555 D dalvikvm: GC_CONCURRENT freed 409K, 8% free 10115K/10951K, paused 7ms+3ms
07-07 15:48:28.757 32764 32767 D dalvikvm: GC_CONCURRENT freed 509K, 9% free 10545K/11527K, paused 1ms+2ms
07-07 15:48:29.062   554   555 D dalvikvm: GC_CONCURRENT freed 338K, 7% free 10205K/10951K, paused 13ms+2ms
07-07 15:48:29.218   554   555 D dalvikvm: GC_CONCURRENT freed 267K, 6% free 10343K/10951K, paused 1ms+2ms
07-07 15:48:35.140   435   456 I PhoneLab-: Service Running
07-07 15:48:35.273   435   456 I PhoneLab-LoggerService: app_37    1466  1     1436   996   c00f181c 400107b4 S logcat
07-07 15:48:35.273   435   456 I PhoneLab-LoggerService: Logcat pid from database 1466
07-07 15:48:35.277   435   456 I PhoneLab-LoggerService: Logcat process found 1466
07-07 15:48:35.277   435   456 I PhoneLab-LoggerService: Checking Threshold
07-07 15:48:40.023  1023  1023 D dalvikvm: Late-enabling CheckJNI
07-07 15:48:40.035   145   162 I ActivityManager: Start proc com.chess for broadcast com.chess/.backend.AlarmReceiver: pid=1023 uid=10079 gids={3003, 1015}
07-07 15:48:40.226  1023  1025 D dalvikvm: GC_CONCURRENT freed 162K, 3% free 9369K/9607K, paused 2ms+2ms
07-07 15:48:40.289   145  1186 I ActivityManager: Process com.google.android.apps.currents (pid 745) has died.
07-07 15:48:40.351  1023  1037 D GetStringObjTask: retrieving from url = http://www.chess.com/api/get_move_status?id=y3ICtufzg6w7rQqcD3KFujVaIanpYba4bIpaeKElV1LNz3Sz4Fk9Yh5CeWaj8h4bQ2RY0CxFVgA%2ByBE5DE%2B1cAuw4i%2Bp2GVj5RbuDPEUotReGbS25iAukuBsuUd%2Fl5dp
07-07 15:48:40.672  1023  1037 D GetStringObjTask: WebRequest SERVER RESPONSE: Success+0
07-07 15:49:28.890   554   555 D dalvikvm: GC_CONCURRENT freed 664K, 8% free 10121K/10951K, paused 2ms+2ms
07-07 15:50:28.898 32764 32767 D dalvikvm: GC_CONCURRENT freed 513K, 9% free 10544K/11527K, paused 1ms+3ms
07-07 15:50:28.968   554   554 D dalvikvm: GC_EXPLICIT freed 42K, 8% free 10085K/10951K, paused 22ms+3ms
07-07 15:50:35.140   435   456 I PhoneLab-: Service Running
07-07 15:50:35.230   435   456 I PhoneLab-LoggerService: app_37    1466  1     1436   996   c00f181c 400107b4 S logcat
07-07 15:50:35.230   435   456 I PhoneLab-LoggerService: Logcat pid from database 1466
07-07 15:50:35.230   435   456 I PhoneLab-LoggerService: Logcat process found 1466
07-07 15:50:35.230   435   456 I PhoneLab-LoggerService: Checking Threshold
07-07 15:50:35.238   435   438 D dalvikvm: GC_CONCURRENT freed 442K, 14% free 9132K/10567K, paused 9ms+2ms
07-07 15:51:29.015   554   555 D dalvikvm: GC_CONCURRENT freed 459K, 8% free 10133K/10951K, paused 2ms+3ms
07-07 15:52:07.297   979   982 D dalvikvm: GC_CONCURRENT freed 441K, 5% free 11274K/11847K, paused 19ms+2ms
07-07 15:52:28.996 32764 32767 D dalvikvm: GC_CONCURRENT freed 506K, 9% free 10549K/11527K, paused 1ms+3ms
07-07 15:52:29.132   554   555 D dalvikvm: GC_CONCURRENT freed 360K, 8% free 10165K/10951K, paused 1ms+3ms
07-07 15:52:29.636   554   555 D dalvikvm: GC_CONCURRENT freed 239K, 6% free 10355K/10951K, paused 1ms+3ms
07-07 15:52:35.140   435   456 I PhoneLab-: Service Running
07-07 15:52:35.207   435   456 I PhoneLab-LoggerService: app_37    1466  1     1436   996   c00f181c 400107b4 S logcat
07-07 15:52:35.207   435   456 I PhoneLab-LoggerService: Logcat pid from database 1466
07-07 15:52:35.211   435   456 I PhoneLab-LoggerService: Logcat process found 1466
07-07 15:52:35.211   435   456 I PhoneLab-LoggerService: Checking Threshold
07-07 15:53:40.023  1023  1077 D GetStringObjTask: retrieving from url = http://www.chess.com/api/get_move_status?id=y3ICtufzg6w7rQqcD3KFujVaIanpYba4bIpaeKElV1LNz3Sz4Fk9Yh5CeWaj8h4bQ2RY0CxFVgA%2ByBE5DE%2B1cAuw4i%2Bp2GVj5RbuDPEUotReGbS25iAukuBsuUd%2Fl5dp
07-07 15:53:40.257  1023  1077 D GetStringObjTask: WebRequest SERVER RESPONSE: Success+0
07-07 15:54:29.113 32764 32767 D dalvikvm: GC_CONCURRENT freed 512K, 9% free 10549K/11527K, paused 2ms+2ms
07-07 15:54:29.234   554   555 D dalvikvm: GC_CONCURRENT freed 700K, 8% free 10163K/10951K, paused 2ms+2ms
07-07 15:54:35.140   435   456 I PhoneLab-: Service Running
07-07 15:54:35.234   435   456 I PhoneLab-LoggerService: app_37    1466  1     1436   996   c00f181c 400107b4 S logcat
07-07 15:54:35.234   435   456 I PhoneLab-LoggerService: Logcat pid from database 1466
07-07 15:54:35.238   435   456 I PhoneLab-LoggerService: Logcat process found 1466
07-07 15:54:35.238   435   456 I PhoneLab-LoggerService: Checking Threshold
07-07 15:55:29.234   554   555 D dalvikvm: GC_CONCURRENT freed 387K, 7% free 10190K/10951K, paused 2ms+3ms
07-07 15:55:29.882   554   555 D dalvikvm: GC_CONCURRENT freed 239K, 6% free 10369K/10951K, paused 1ms+2ms
07-07 15:56:29.187 32764 32767 D dalvikvm: GC_CONCURRENT freed 512K, 9% free 10548K/11527K, paused 1ms+3ms
07-07 15:56:29.289   145  1189 D dalvikvm: GC_EXPLICIT freed 1464K, 18% free 17286K/20999K, paused 3ms+8ms
07-07 15:56:35.140   435   456 I PhoneLab-: Service Running
07-07 15:56:35.215   435   456 I PhoneLab-LoggerService: app_37    1466  1     1436   996   c00f181c 400107b4 S logcat
07-07 15:56:35.215   435   456 I PhoneLab-LoggerService: Logcat pid from database 1466
07-07 15:56:35.215   435   456 I PhoneLab-LoggerService: Logcat process found 1466
07-07 15:56:35.215   435   456 I PhoneLab-LoggerService: Checking Threshold
07-07 15:57:09.269   979   982 D dalvikvm: GC_CONCURRENT freed 595K, 7% free 11310K/12039K, paused 4ms+3ms
07-07 15:57:27.965 27212 27212 D OpenGLRenderer: Flushing caches (mode 2)
07-07 15:57:27.965 27212 27212 D OpenGLRenderer: Flushing caches (mode 0)
07-07 15:57:27.965 27212 27212 W ManagedEGLContext: doTerminate failed: EGL count is 2 but managed count is 1
07-07 15:57:29.234 27212 27212 D OpenGLRenderer: Flushing caches (mode 2)
07-07 15:57:29.234 27212 27212 D OpenGLRenderer: Flushing caches (mode 0)
07-07 15:57:29.234 27212 27212 W ManagedEGLContext: doTerminate failed: EGL count is 2 but managed count is 1
07-07 15:57:29.328   554   555 D dalvikvm: GC_CONCURRENT freed 796K, 8% free 10139K/11015K, paused 1ms+3ms
07-07 15:58:04.281   145  1185 I ActivityManager: Start proc com.facebook.orca for broadcast com.facebook.orca/.analytics.HoneyAnalyticsPeriodicReporter$ReporterBroadcastReceiver: pid=1096 uid=10062 gids={3003, 1015, 1006}
07-07 15:58:04.312  1096  1096 I dalvikvm: Turning on JNI app bug workarounds for target SDK version 10...
07-07 15:58:04.468   898   901 D dalvikvm: GC_CONCURRENT freed 1035K, 10% free 10997K/12103K, paused 8ms+17ms
07-07 15:58:04.527  1096  1096 I ActivityThread: Pub com.facebook.orca.notify.MessengerLoggedInUserProvider: com.facebook.orca.notify.MessengerLoggedInUserProvider
07-07 15:58:04.543  1096  1096 I ActivityThread: Pub com.facebook.orca.notify.MessengerForegroundProvider: com.facebook.orca.notify.MessengerForegroundProvider
07-07 15:58:04.547  1096  1096 V orca:OrcaApplication: Forcing initialization of AsyncTask
07-07 15:58:04.644  1096  1098 D dalvikvm: GC_CONCURRENT freed 223K, 4% free 9309K/9607K, paused 3ms+2ms
07-07 15:58:04.648  1096  1096 I Finalizer: Couldn't access Thread.inheritableThreadLocals. Reference finalizer threads will inherit thread local values.
07-07 15:58:04.812  1096  1098 D dalvikvm: GC_CONCURRENT freed 377K, 5% free 9456K/9927K, paused 2ms+2ms
07-07 15:58:04.890  1096  1096 W OrcaGuiceModule: Sig: ijxLJi1yGs1JpL-X1SExmchvork
07-07 15:58:04.965  1096  1098 D dalvikvm: GC_CONCURRENT freed 364K, 5% free 9607K/10055K, paused 2ms+4ms
07-07 15:58:05.246   898   901 D dalvikvm: GC_CONCURRENT freed 675K, 11% free 10862K/12103K, paused 2ms+12ms
07-07 15:58:05.375  1096  1112 W Resources: Converting to string: TypedValue{t=0x10/d=0xffffffff a=-1}
07-07 15:58:05.554  1096  1098 D dalvikvm: GC_CONCURRENT freed 271K, 4% free 9900K/10247K, paused 8ms+3ms
07-07 15:58:05.636  1096  1096 D ACRA    : Retrieve application default SharedPreferences.
07-07 15:58:05.636  1096  1096 D ACRA    : Set OnSharedPreferenceChangeListener.
07-07 15:58:05.636  1096  1096 D ACRA    : ACRA is enabled for com.facebook.orca, intializing...
07-07 15:58:05.672  1096  1096 D ACRA    : Looking for error files in /data/data/com.facebook.orca/app_acra-reports
07-07 15:58:05.672  1096  1098 D dalvikvm: GC_CONCURRENT freed 297K, 4% free 10115K/10503K, paused 2ms+2ms
07-07 15:58:05.812  1096  1112 D dalvikvm: GC_FOR_ALLOC freed 272K, 6% free 10176K/10759K, paused 54ms
07-07 15:58:05.867  1096  1112 D dalvikvm: GC_FOR_ALLOC freed 292K, 6% free 10268K/10823K, paused 22ms
07-07 15:58:05.914  1096  1112 D dalvikvm: GC_FOR_ALLOC freed 86K, 5% free 10339K/10823K, paused 27ms
07-07 15:58:06.082  1096  1098 D dalvikvm: GC_CONCURRENT freed 370K, 5% free 10506K/10951K, paused 2ms+3ms
07-07 15:58:06.211  1096  1098 D dalvikvm: GC_CONCURRENT freed 152K, 3% free 10916K/11143K, paused 2ms+3ms
07-07 15:58:06.351  1096  1098 D dalvikvm: GC_CONCURRENT freed 334K, 4% free 11246K/11655K, paused 2ms+3ms
07-07 15:58:08.332   145   384 I ActivityManager: Process com.google.android.apps.maps:NetworkLocationService (pid 32764) has died.
07-07 15:58:08.332   145   384 W ActivityManager: Scheduling restart of crashed service com.google.android.apps.maps/com.google.android.location.internal.server.NetworkLocationService in 5000ms
07-07 15:58:13.390   145   162 I ActivityManager: Start proc com.google.android.apps.maps:NetworkLocationService for service com.google.android.apps.maps/com.google.android.location.internal.server.NetworkLocationService: pid=1124 uid=10056 gids={3003, 1015}
07-07 15:58:13.550  1124  1126 D dalvikvm: GC_CONCURRENT freed 171K, 3% free 9361K/9607K, paused 2ms+2ms
07-07 15:58:14.105  1124  1126 D dalvikvm: GC_CONCURRENT freed 167K, 3% free 9697K/9991K, paused 2ms+3ms
07-07 15:58:14.379  1124  1126 D dalvikvm: GC_CONCURRENT freed 162K, 3% free 10073K/10311K, paused 2ms+3ms
07-07 15:58:14.547  1124  1126 D dalvikvm: GC_CONCURRENT freed 668K, 8% free 9883K/10631K, paused 1ms+2ms
07-07 15:58:14.656   145   162 I ActivityManager: Start proc com.google.android.apps.maps:FriendService for broadcast com.google.android.apps.maps/com.google.googlenav.friend.android.ServiceReceiver: pid=1145 uid=10056 gids={3003, 1015}
07-07 15:58:14.793  1145  1147 D dalvikvm: GC_CONCURRENT freed 173K, 3% free 9359K/9607K, paused 2ms+2ms
07-07 15:58:14.929  1145  1147 D dalvikvm: GC_CONCURRENT freed 199K, 4% free 9680K/9991K, paused 1ms+2ms
07-07 15:58:15.078 27783 29640 D dalvikvm: GC_EXPLICIT freed 249K, 6% free 10315K/10951K, paused 5ms+4ms
07-07 15:58:15.090  1124  1131 I dalvikvm: Total arena pages for JIT: 11
07-07 15:58:15.090  1124  1131 I dalvikvm: Total arena pages for JIT: 12
07-07 15:58:15.090  1124  1131 I dalvikvm: Total arena pages for JIT: 13
07-07 15:58:15.090  1124  1131 I dalvikvm: Total arena pages for JIT: 14
07-07 15:58:15.093  1124  1131 I dalvikvm: Total arena pages for JIT: 15
07-07 15:58:15.093  1124  1131 I dalvikvm: Total arena pages for JIT: 16
07-07 15:58:15.093  1124  1131 I dalvikvm: Total arena pages for JIT: 17
07-07 15:58:15.160  1124  1144 D dalvikvm: GC_FOR_ALLOC freed 131K, 6% free 10044K/10631K, paused 21ms
07-07 15:58:15.199   145   145 I ActivityManager: Process com.whatsapp (pid 359) has died.
07-07 15:58:15.199   145   145 W ActivityManager: Scheduling restart of crashed service com.whatsapp/.messaging.MessageService in 5000ms
07-07 15:58:15.234  1124  1131 I dalvikvm: Total arena pages for JIT: 18
07-07 15:58:15.484  1124  1126 D dalvikvm: GC_CONCURRENT freed 218K, 3% free 10332K/10631K, paused 1ms+3ms
07-07 15:58:15.879  1124  1126 D dalvikvm: GC_CONCURRENT freed 570K, 6% free 10305K/10951K, paused 2ms+5ms
07-07 15:58:16.277  1124  1126 D dalvikvm: GC_CONCURRENT freed 338K, 5% free 10430K/10951K, paused 2ms+2ms
07-07 15:58:16.910 27212 27212 D OpenGLRenderer: Flushing caches (mode 2)
07-07 15:58:16.918 27212 27212 D OpenGLRenderer: Flushing caches (mode 0)
07-07 15:58:16.918 27212 27212 W ManagedEGLContext: doTerminate failed: EGL count is 2 but managed count is 1
07-07 15:58:17.031  1124  1126 D dalvikvm: GC_CONCURRENT freed 423K, 5% free 10581K/11079K, paused 1ms+3ms
07-07 15:58:17.148   554   555 D dalvikvm: GC_CONCURRENT freed 384K, 8% free 10140K/11015K, paused 1ms+3ms
07-07 15:58:17.293   554   555 D dalvikvm: GC_CONCURRENT freed 180K, 6% free 10363K/11015K, paused 1ms+3ms
07-07 15:58:20.269   145   162 I ActivityManager: Start proc com.whatsapp for service com.whatsapp/.messaging.MessageService: pid=1163 uid=10068 gids={1015, 3003}
07-07 15:58:20.285  1163  1163 I dalvikvm: Turning on JNI app bug workarounds for target SDK version 7...
07-07 15:58:20.543  1163  1166 D dalvikvm: GC_CONCURRENT freed 177K, 3% free 9343K/9607K, paused 3ms+4ms
07-07 15:58:20.968  1163  1166 D dalvikvm: GC_CONCURRENT freed 291K, 4% free 9607K/9991K, paused 1ms+3ms
07-07 15:58:21.273   145   314 I ActivityManager: Start proc android.process.acore for content provider com.android.providers.contacts/.ContactsProvider2: pid=1182 uid=10000 gids={3003, 1015}
07-07 15:58:21.308    79    79 D dalvikvm: GC_EXPLICIT freed 38K, 4% free 9027K/9347K, paused 1ms+3ms
07-07 15:58:21.367    79    79 D dalvikvm: GC_EXPLICIT freed <1K, 4% free 9027K/9347K, paused 1ms+2ms
07-07 15:58:21.390    79    79 D dalvikvm: GC_EXPLICIT freed <1K, 4% free 9027K/9347K, paused 1ms+1ms
07-07 15:58:21.418   145  1185 I ActivityManager: Process com.google.android.gsf.login (pid 845) has died.
07-07 15:58:21.453  1182  1182 I ActivityThread: Pub call_log: com.android.providers.contacts.CallLogProvider
07-07 15:58:21.457 27212 27212 D OpenGLRenderer: Flushing caches (mode 2)
07-07 15:58:21.457 27212 27212 D OpenGLRenderer: Flushing caches (mode 0)
07-07 15:58:21.457 27212 27212 W ManagedEGLContext: doTerminate failed: EGL count is 2 but managed count is 1
07-07 15:58:21.515  1163  1163 I dalvikvm: Could not find method android.media.MediaMetadataRetriever.captureFrame, referenced from method com.whatsapp.q3.a
07-07 15:58:21.515  1163  1163 W dalvikvm: VFY: unable to resolve virtual method 502: Landroid/media/MediaMetadataRetriever;.captureFrame ()Landroid/graphics/Bitmap;
07-07 15:58:21.519  1163  1163 D dalvikvm: VFY: replacing opcode 0x6e at 0x0134
07-07 15:58:21.535  1182  1182 I ActivityThread: Pub com.android.voicemail: com.android.providers.contacts.VoicemailContentProvider
07-07 15:58:21.535  1182  1182 I ActivityThread: Pub user_dictionary: com.android.providers.userdictionary.UserDictionaryProvider
07-07 15:58:21.578  1182  1182 I ActivityThread: Pub com.android.social: com.android.providers.contacts.SocialProvider
07-07 15:58:21.578  1182  1182 I ActivityThread: Pub applications: com.android.providers.applications.ApplicationsProvider
07-07 15:58:21.742  1163  1166 D dalvikvm: GC_CONCURRENT freed 342K, 5% free 9827K/10247K, paused 2ms+2ms
07-07 15:58:21.757  1182  1182 I ActivityThread: Pub contacts;com.android.contacts: com.android.providers.contacts.ContactsProvider2
07-07 15:58:21.785  1182  1192 D dalvikvm: GC_CONCURRENT freed 362K, 5% free 9170K/9607K, paused 2ms+2ms
07-07 15:58:22.007  1163  1166 D dalvikvm: GC_CONCURRENT freed 290K, 4% free 9990K/10375K, paused 2ms+4ms
07-07 15:58:22.695   145   380 I ActivityManager: Process edu.buffalo.cse.phonelab.phonelabservices (pid 435) has died.
07-07 15:58:22.695   145   380 W ActivityManager: Scheduling restart of crashed service edu.buffalo.cse.phonelab.phonelabservices/edu.buffalo.cse.phonelab.datalogger.LoggerService in 5000ms
07-07 15:58:23.226  1182  1192 D dalvikvm: GC_CONCURRENT freed 249K, 4% free 9371K/9735K, paused 2ms+40ms
07-07 15:58:24.472   145  1187 I ActivityManager: Process android.process.media (pid 951) has died.
07-07 15:58:25.172  1182  1192 D dalvikvm: GC_CONCURRENT freed 176K, 4% free 9620K/9927K, paused 29ms+3ms
07-07 15:58:27.812   145   162 I ActivityManager: Start proc edu.buffalo.cse.phonelab.phonelabservices for service edu.buffalo.cse.phonelab.phonelabservices/edu.buffalo.cse.phonelab.datalogger.LoggerService: pid=1214 uid=10037 gids={3003, 1015, 1007, 2001}
07-07 15:58:28.222  1214  1214 I PhoneLab-LoggerService: Start Logger Service
07-07 15:58:28.254  1214  1227 I PhoneLab-: Service Running
07-07 15:58:28.418  1214  1227 I PhoneLab-LoggerService: app_37    1466  1     1436   996   c00f181c 400107b4 S logcat
07-07 15:58:28.422  1214  1227 I PhoneLab-LoggerService: Logcat pid from database 1466
07-07 15:58:28.422  1214  1227 I PhoneLab-LoggerService: Logcat process found 1466
07-07 15:58:28.422  1214  1227 I PhoneLab-LoggerService: Checking Threshold
07-07 15:58:29.804   145   145 I ActivityManager: Process com.twitter.android (pid 979) has died.
07-07 15:58:40.058  1023  1231 D GetStringObjTask: retrieving from url = http://www.chess.com/api/get_move_status?id=y3ICtufzg6w7rQqcD3KFujVaIanpYba4bIpaeKElV1LNz3Sz4Fk9Yh5CeWaj8h4bQ2RY0CxFVgA%2ByBE5DE%2B1cAuw4i%2Bp2GVj5RbuDPEUotReGbS25iAukuBsuUd%2Fl5dp
07-07 15:58:40.320  1023  1231 D GetStringObjTask: WebRequest SERVER RESPONSE: Success+0
07-07 15:59:00.230   215   217 D dalvikvm: GC_CONCURRENT freed 607K, 34% free 9697K/14663K, paused 70ms+6ms
07-07 15:59:01.691 27783 28081 I EventLogService: Aggregate from 1341689341497 (log), 1341689341497 (data)
07-07 15:59:17.379  1124  1126 D dalvikvm: GC_CONCURRENT freed 627K, 7% free 10452K/11207K, paused 12ms+8ms
07-07 15:59:17.468   554   555 D dalvikvm: GC_CONCURRENT freed 672K, 9% free 10132K/11015K, paused 7ms+2ms
07-07 16:00:17.402   145  1186 D dalvikvm: GC_EXPLICIT freed 1753K, 18% free 17262K/20999K, paused 6ms+8ms
07-07 16:00:17.554   554   555 D dalvikvm: GC_CONCURRENT freed 319K, 8% free 10221K/11015K, paused 2ms+2ms
07-07 16:00:28.254  1214  1227 I PhoneLab-: Service Running
07-07 16:00:28.359  1214  1227 I PhoneLab-LoggerService: app_37    1466  1     1436   996   c00f181c 400107b4 S logcat
07-07 16:00:28.359  1214  1227 I PhoneLab-LoggerService: Logcat pid from database 1466
07-07 16:00:28.359  1214  1227 I PhoneLab-LoggerService: Logcat process found 1466
07-07 16:00:28.359  1214  1227 I PhoneLab-LoggerService: Checking Threshold
07-07 16:01:17.457  1124  1126 D dalvikvm: GC_CONCURRENT freed 499K, 7% free 10455K/11207K, paused 2ms+22ms
07-07 16:01:17.480   554   555 D dalvikvm: GC_CONCURRENT freed 594K, 8% free 10138K/11015K, paused 2ms+2ms
07-07 16:01:35.527   145   161 V BackupManagerService: Running a backup pass
07-07 16:01:35.539   145   214 V BackupManagerService: Backup requested but nothing pending
07-07 16:02:05.043  1214  1214 I PhoneLab-Locks: wake lock acquired
07-07 16:02:05.074  1214  1261 I PhoneLab-PeriodicCheckService: User info is synched
07-07 16:02:05.078  1214  1261 I PhoneLab-PeriodicCheckService: Logger Service is running
07-07 16:02:05.086  1214  1214 I PhoneLab-Locks: wake lock acquired
07-07 16:02:05.090  1214  1214 I PhoneLab-StatusMonitor: Status Monitoring is started
07-07 16:02:05.093  1214  1261 I PhoneLab-Locks: wake lock acquired
07-07 16:02:05.097  1214  1261 I PhoneLab-PeriodicCheckService: Rescheduling periodic checking...
07-07 16:02:05.101  1214  1261 I PhoneLab-Locks: wake lock released
07-07 16:02:05.117  1214  1214 E PhoneLab-PhoneLabManifest: java.io.FileNotFoundException: /data/data/edu.buffalo.cse.phonelab.phonelabservices/files/manifest.xml: open failed: ENOENT (No such file or directory)
07-07 16:02:05.156  1214  1214 I PhoneLab-Locks: wake lock released
07-07 16:02:05.160  1214  1214 I PhoneLab-UploadLogs: Transfering log files now
07-07 16:02:05.160  1214  1214 I PhoneLab-UploadLogs: No log files to transfer
07-07 16:02:05.160  1214  1214 I PhoneLab-Locks: wake lock released
07-07 16:02:05.164  1214  1214 I PhoneLab-UploadLogs: OnStartCommand
07-07 16:02:09.562   145   174 I ActivityManager: Start proc com.twitter.android for service com.twitter.android/.client.AppService: pid=1262 uid=10064 gids={3003, 1015}
07-07 16:02:09.570  1262  1262 I dalvikvm: Turning on JNI app bug workarounds for target SDK version 11...
07-07 16:02:09.648  1262  1262 I ActivityThread: Pub com.twitter.android.provider.GlobalDatabaseProvider: com.twitter.android.provider.GlobalDatabaseProvider
07-07 16:02:09.660  1262  1262 I ActivityThread: Pub com.twitter.android.provider.TwitterProvider: com.twitter.android.provider.TwitterProvider
07-07 16:02:09.812  1262  1264 D dalvikvm: GC_CONCURRENT freed 201K, 3% free 9265K/9543K, paused 8ms+3ms
07-07 16:02:10.090  1262  1264 D dalvikvm: GC_CONCURRENT freed 172K, 4% free 9494K/9799K, paused 1ms+1ms
07-07 16:02:10.218  1262  1264 D dalvikvm: GC_CONCURRENT freed 307K, 5% free 9628K/10055K, paused 2ms+1ms
07-07 16:02:10.343  1262  1264 D dalvikvm: GC_CONCURRENT freed 311K, 5% free 9757K/10183K, paused 2ms+2ms
07-07 16:02:10.476  1262  1264 D dalvikvm: GC_CONCURRENT freed 308K, 5% free 9888K/10311K, paused 2ms+2ms
07-07 16:02:10.593  1262  1264 D dalvikvm: GC_CONCURRENT freed 294K, 4% free 10032K/10439K, paused 2ms+2ms
07-07 16:02:10.711  1262  1264 D dalvikvm: GC_CONCURRENT freed 294K, 5% free 10142K/10567K, paused 2ms+2ms
07-07 16:02:10.824  1262  1264 D dalvikvm: GC_CONCURRENT freed 308K, 4% free 10276K/10695K, paused 1ms+3ms
07-07 16:02:11.000  1262  1264 D dalvikvm: GC_CONCURRENT freed 486K, 6% free 10218K/10823K, paused 2ms+2ms
07-07 16:02:11.129  1262  1264 D dalvikvm: GC_CONCURRENT freed 323K, 5% free 10293K/10823K, paused 1ms+2ms
07-07 16:02:11.285  1262  1264 D dalvikvm: GC_CONCURRENT freed 316K, 5% free 10381K/10823K, paused 2ms+2ms
07-07 16:02:11.418  1262  1264 D dalvikvm: GC_CONCURRENT freed 372K, 5% free 10469K/10951K, paused 1ms+5ms
07-07 16:02:11.535  1262  1264 D dalvikvm: GC_CONCURRENT freed 344K, 5% free 10550K/11015K, paused 1ms+2ms
07-07 16:02:11.656  1262  1264 D dalvikvm: GC_CONCURRENT freed 339K, 5% free 10633K/11079K, paused 1ms+2ms
07-07 16:02:11.773  1262  1264 D dalvikvm: GC_CONCURRENT freed 367K, 5% free 10720K/11207K, paused 2ms+2ms
07-07 16:02:11.914  1262  1264 D dalvikvm: GC_CONCURRENT freed 407K, 5% free 10817K/11335K, paused 2ms+2ms
07-07 16:02:12.593   145  1185 I ActivityManager: Process com.facebook.orca (pid 1096) has died.
07-07 16:02:12.656  1262  1264 D dalvikvm: GC_CONCURRENT freed 336K, 4% free 11010K/11463K, paused 2ms+2ms
07-07 16:02:14.465  1262  1264 D dalvikvm: GC_CONCURRENT freed 418K, 5% free 11189K/11719K, paused 7ms+6ms
07-07 16:02:17.488   554   555 D dalvikvm: GC_CONCURRENT freed 393K, 8% free 10145K/11015K, paused 2ms+1ms
07-07 16:02:28.254  1214  1227 I PhoneLab-: Service Running
07-07 16:02:28.340  1214  1227 I PhoneLab-LoggerService: app_37    1466  1     1436   996   c00f181c 400107b4 S logcat
07-07 16:02:28.340  1214  1227 I PhoneLab-LoggerService: Logcat pid from database 1466
07-07 16:02:28.340  1214  1227 I PhoneLab-LoggerService: Logcat process found 1466
07-07 16:02:28.340  1214  1227 I PhoneLab-LoggerService: Checking Threshold
07-07 16:03:17.543  1124  1126 D dalvikvm: GC_CONCURRENT freed 499K, 7% free 10458K/11207K, paused 2ms+7ms
07-07 16:03:40.047  1023  1288 D GetStringObjTask: retrieving from url = http://www.chess.com/api/get_move_status?id=y3ICtufzg6w7rQqcD3KFujVaIanpYba4bIpaeKElV1LNz3Sz4Fk9Yh5CeWaj8h4bQ2RY0CxFVgA%2ByBE5DE%2B1cAuw4i%2Bp2GVj5RbuDPEUotReGbS25iAukuBsuUd%2Fl5dp
07-07 16:03:40.070  1023  1025 D dalvikvm: GC_CONCURRENT freed 341K, 5% free 9455K/9927K, paused 11ms+4ms
07-07 16:03:40.324  1023  1288 D GetStringObjTask: WebRequest SERVER RESPONSE: Success+0
07-07 16:04:17.625   554   555 D dalvikvm: GC_CONCURRENT freed 493K, 8% free 10164K/11015K, paused 1ms+2ms
07-07 16:04:28.254  1214  1227 I PhoneLab-: Service Running
07-07 16:04:28.336  1214  1227 I PhoneLab-LoggerService: app_37    1466  1     1436   996   c00f181c 400107b4 S logcat
07-07 16:04:28.336  1214  1227 I PhoneLab-LoggerService: Logcat pid from database 1466
07-07 16:04:28.336  1214  1227 I PhoneLab-LoggerService: Logcat process found 1466
07-07 16:04:28.336  1214  1227 I PhoneLab-LoggerService: Checking Threshold
07-07 16:05:17.664  1124  1126 D dalvikvm: GC_CONCURRENT freed 507K, 7% free 10462K/11207K, paused 2ms+7ms
07-07 16:05:17.746   554   555 D dalvikvm: GC_CONCURRENT freed 377K, 8% free 10196K/11015K, paused 2ms+3ms
07-07 16:05:17.906   554   555 D dalvikvm: GC_CONCURRENT freed 278K, 7% free 10341K/11015K, paused 2ms+7ms
07-07 16:06:16.379 27212 27212 W GeckoBatteryManager: When charging, level should increase!
07-07 16:06:17.765   554   555 D dalvikvm: GC_CONCURRENT freed 633K, 8% free 10187K/11015K, paused 1ms+2ms
07-07 16:06:28.254  1214  1227 I PhoneLab-: Service Running
07-07 16:06:28.359  1214  1215 D dalvikvm: GC_CONCURRENT freed 374K, 6% free 9109K/9607K, paused 2ms+2ms
07-07 16:06:28.363  1214  1227 I PhoneLab-LoggerService: app_37    1466  1     1436   996   c00f181c 400107b4 S logcat
07-07 16:06:28.363  1214  1227 I PhoneLab-LoggerService: Logcat pid from database 1466
07-07 16:06:28.367  1214  1227 I PhoneLab-LoggerService: Logcat process found 1466
07-07 16:06:28.367  1214  1227 I PhoneLab-LoggerService: Checking Threshold
07-07 16:07:16.429  1262  1264 D dalvikvm: GC_CONCURRENT freed 556K, 6% free 11293K/11975K, paused 2ms+2ms
07-07 16:07:16.457  1163  1166 D dalvikvm: GC_CONCURRENT freed 552K, 7% free 9878K/10567K, paused 12ms+12ms
07-07 16:07:17.726  1124  1126 D dalvikvm: GC_CONCURRENT freed 504K, 7% free 10469K/11207K, paused 1ms+6ms
07-07 16:08:17.797   554   555 D dalvikvm: GC_CONCURRENT freed 513K, 8% free 10180K/11015K, paused 1ms+7ms
07-07 16:08:28.254  1214  1227 I PhoneLab-: Service Running
07-07 16:08:28.336  1214  1227 I PhoneLab-LoggerService: app_37    1466  1     1436   996   c00f181c 400107b4 S logcat
07-07 16:08:28.336  1214  1227 I PhoneLab-LoggerService: Logcat pid from database 1466
07-07 16:08:28.336  1214  1227 I PhoneLab-LoggerService: Logcat process found 1466
07-07 16:08:28.336  1214  1227 I PhoneLab-LoggerService: Checking Threshold
07-07 16:08:40.027  1023  1310 D GetStringObjTask: retrieving from url = http://www.chess.com/api/get_move_status?id=y3ICtufzg6w7rQqcD3KFujVaIanpYba4bIpaeKElV1LNz3Sz4Fk9Yh5CeWaj8h4bQ2RY0CxFVgA%2ByBE5DE%2B1cAuw4i%2Bp2GVj5RbuDPEUotReGbS25iAukuBsuUd%2Fl5dp
07-07 16:08:40.246  1023  1310 D GetStringObjTask: WebRequest SERVER RESPONSE: Success+0
07-07 16:09:17.840  1124  1126 D dalvikvm: GC_CONCURRENT freed 507K, 7% free 10467K/11207K, paused 2ms+7ms
07-07 16:10:16.535 27212 27212 W GeckoBatteryManager: When charging, level should increase!
07-07 16:10:17.886   554   555 D dalvikvm: GC_CONCURRENT freed 466K, 8% free 10221K/11015K, paused 1ms+3ms
07-07 16:10:28.254  1214  1227 I PhoneLab-: Service Running
07-07 16:10:28.343  1214  1227 I PhoneLab-LoggerService: app_37    1466  1     1436   996   c00f181c 400107b4 S logcat
07-07 16:10:28.347  1214  1227 I PhoneLab-LoggerService: Logcat pid from database 1466
07-07 16:10:28.347  1214  1227 I PhoneLab-LoggerService: Logcat process found 1466
07-07 16:10:28.347  1214  1227 I PhoneLab-LoggerService: Checking Threshold
07-07 16:11:17.929  1124  1126 D dalvikvm: GC_CONCURRENT freed 505K, 7% free 10473K/11207K, paused 2ms+7ms
07-07 16:12:02.410   145   913 D dalvikvm: GC_EXPLICIT freed 1511K, 18% free 17319K/20999K, paused 30ms+8ms
07-07 16:12:17.965   554   555 D dalvikvm: GC_CONCURRENT freed 545K, 8% free 10187K/11015K, paused 2ms+3ms
07-07 16:12:28.254  1214  1227 I PhoneLab-: Service Running
07-07 16:12:28.343  1214  1227 I PhoneLab-LoggerService: app_37    1466  1     1436   996   c00f181c 400107b4 S logcat
07-07 16:12:28.343  1214  1227 I PhoneLab-LoggerService: Logcat pid from database 1466
07-07 16:12:28.343  1214  1227 I PhoneLab-LoggerService: Logcat process found 1466
07-07 16:12:28.347  1214  1227 I PhoneLab-LoggerService: Checking Threshold
07-07 16:13:04.023   145   162 I ActivityManager: Start proc com.facebook.orca for broadcast com.facebook.orca/.analytics.HoneyAnalyticsPeriodicReporter$ReporterBroadcastReceiver: pid=1345 uid=10062 gids={3003, 1015, 1006}
07-07 16:13:04.035  1345  1345 I dalvikvm: Turning on JNI app bug workarounds for target SDK version 10...
07-07 16:13:04.047   145   174 I ActivityManager: Start proc com.google.android.maps.mytracks for service com.google.android.maps.mytracks/com.google.android.apps.mytracks.services.RemoveTempFilesService: pid=1357 uid=10072 gids={3003, 3002, 3001, 1015}
07-07 16:13:04.066  1357  1357 I dalvikvm: Turning on JNI app bug workarounds for target SDK version 7...
07-07 16:13:04.179  1357  1357 I ActivityThread: Pub com.google.android.maps.mytracks.search: com.google.android.apps.mytracks.content.SearchEngineProvider
07-07 16:13:04.183  1357  1357 I ActivityThread: Pub com.google.android.maps.mytracks: com.google.android.apps.mytracks.content.MyTracksProvider
07-07 16:13:04.258  1345  1345 I ActivityThread: Pub com.facebook.orca.notify.MessengerLoggedInUserProvider: com.facebook.orca.notify.MessengerLoggedInUserProvider
07-07 16:13:04.289  1345  1345 I ActivityThread: Pub com.facebook.orca.notify.MessengerForegroundProvider: com.facebook.orca.notify.MessengerForegroundProvider
07-07 16:13:04.312  1345  1345 V orca:OrcaApplication: Forcing initialization of AsyncTask
07-07 16:13:04.406  1345  1347 D dalvikvm: GC_CONCURRENT freed 223K, 4% free 9309K/9607K, paused 3ms+2ms
07-07 16:13:04.406  1345  1345 I Finalizer: Couldn't access Thread.inheritableThreadLocals. Reference finalizer threads will inherit thread local values.
07-07 16:13:04.554  1345  1347 D dalvikvm: GC_CONCURRENT freed 343K, 5% free 9476K/9927K, paused 2ms+2ms
07-07 16:13:04.640  1345  1345 W OrcaGuiceModule: Sig: ijxLJi1yGs1JpL-X1SExmchvork
07-07 16:13:04.754  1345  1347 D dalvikvm: GC_CONCURRENT freed 329K, 5% free 9647K/10055K, paused 12ms+3ms
07-07 16:13:04.773   145   380 I ActivityManager: Process android.process.acore (pid 1182) has died.
07-07 16:13:05.183  1345  1374 W Resources: Converting to string: TypedValue{t=0x10/d=0xffffffff a=-1}
07-07 16:13:05.355  1345  1347 D dalvikvm: GC_CONCURRENT freed 311K, 4% free 9860K/10247K, paused 3ms+3ms
07-07 16:13:05.445  1345  1345 D ACRA    : Retrieve application default SharedPreferences.
07-07 16:13:05.465  1345  1345 D ACRA    : Set OnSharedPreferenceChangeListener.
07-07 16:13:05.465  1345  1345 D ACRA    : ACRA is enabled for com.facebook.orca, intializing...
07-07 16:13:05.480  1345  1345 D ACRA    : Looking for error files in /data/data/com.facebook.orca/app_acra-reports
07-07 16:13:05.508  1345  1347 D dalvikvm: GC_CONCURRENT freed 329K, 4% free 10096K/10503K, paused 2ms+2ms
07-07 16:13:05.543  1345  1374 D dalvikvm: GC_FOR_ALLOC freed 65K, 5% free 10156K/10631K, paused 34ms
07-07 16:13:05.609  1345  1374 D dalvikvm: GC_FOR_ALLOC freed 231K, 6% free 10184K/10759K, paused 22ms
07-07 16:13:05.656  1345  1374 D dalvikvm: GC_FOR_ALLOC freed 89K, 5% free 10256K/10759K, paused 21ms
07-07 16:13:05.711  1345  1374 D dalvikvm: GC_FOR_ALLOC freed 228K, 6% free 10285K/10887K, paused 18ms
07-07 16:13:05.843  1345  1347 D dalvikvm: GC_CONCURRENT freed 361K, 5% free 10436K/10887K, paused 2ms+3ms
07-07 16:13:05.996  1345  1347 D dalvikvm: GC_CONCURRENT freed 161K, 3% free 10843K/11079K, paused 2ms+3ms
07-07 16:13:06.148  1345  1347 D dalvikvm: GC_CONCURRENT freed 346K, 4% free 11106K/11527K, paused 8ms+3ms
07-07 16:13:18.011  1124  1126 D dalvikvm: GC_CONCURRENT freed 509K, 7% free 10475K/11207K, paused 1ms+9ms
07-07 16:13:18.129   554   555 D dalvikvm: GC_CONCURRENT freed 441K, 8% free 10171K/11015K, paused 2ms+2ms
07-07 16:13:40.039  1023  1037 D GetStringObjTask: retrieving from url = http://www.chess.com/api/get_move_status?id=y3ICtufzg6w7rQqcD3KFujVaIanpYba4bIpaeKElV1LNz3Sz4Fk9Yh5CeWaj8h4bQ2RY0CxFVgA%2ByBE5DE%2B1cAuw4i%2Bp2GVj5RbuDPEUotReGbS25iAukuBsuUd%2Fl5dp
07-07 16:13:40.273  1023  1037 D GetStringObjTask: WebRequest SERVER RESPONSE: Success+0
07-07 16:14:18.050   554  1388 D dalvikvm: GC_EXPLICIT freed 51K, 9% free 10127K/11015K, paused 4ms+3ms
07-07 16:14:28.254  1214  1227 I PhoneLab-: Service Running
07-07 16:14:28.347   145   314 I ActivityManager: Process com.twitter.android (pid 1262) has died.
07-07 16:14:28.402  1214  1227 I PhoneLab-LoggerService: app_37    1466  1     1436   996   c00f181c 400107b4 S logcat
07-07 16:14:28.402  1214  1227 I PhoneLab-LoggerService: Logcat pid from database 1466
07-07 16:14:28.402  1214  1227 I PhoneLab-LoggerService: Logcat process found 1466
07-07 16:14:28.402  1214  1227 I PhoneLab-LoggerService: Checking Threshold
07-07 16:15:18.082  1124  1126 D dalvikvm: GC_CONCURRENT freed 515K, 7% free 10471K/11207K, paused 2ms+3ms
07-07 16:15:18.199   554   555 D dalvikvm: GC_CONCURRENT freed 441K, 8% free 10194K/11015K, paused 2ms+3ms
07-07 16:16:28.254  1214  1227 I PhoneLab-: Service Running
07-07 16:16:28.343  1214  1227 I PhoneLab-LoggerService: app_37    1466  1     1436   996   c00f181c 400107b4 S logcat
07-07 16:16:28.343  1214  1227 I PhoneLab-LoggerService: Logcat pid from database 1466
07-07 16:16:28.347  1214  1227 I PhoneLab-LoggerService: Logcat process found 1466
07-07 16:16:28.347  1214  1227 I PhoneLab-LoggerService: Checking Threshold
07-07 16:17:02.937   145   171 V WiredAccessoryObserver: Headset UEVENT: {SUBSYSTEM=switch, SWITCH_STATE=1, DEVPATH=/devices/virtual/switch/h2w, SEQNUM=5113, ACTION=change, SWITCH_NAME=h2w}
07-07 16:17:02.941   145   171 V WiredAccessoryObserver: newState = 1, headsetState = 1,mHeadsetState = 0
07-07 16:17:02.957   145   181 D EventHub: No input device configuration file found for device 'sec_jack'.
07-07 16:17:02.961   145   161 V WiredAccessoryObserver: Intent.ACTION_HEADSET_PLUG: state: 1 name: h2w mic: 1
07-07 16:17:02.980   145   181 I EventHub: New device: id=8, fd=249, path='/dev/input/event7', name='sec_jack', classes=0x1, configuration='', keyLayout='/system/usr/keylayout/sec_jack.kl', keyCharacterMap='/system/usr/keychars/sec_jack.kcm', builtinKeyboard=false
07-07 16:17:02.980   145   181 I InputReader: Device added: id=8, name='sec_jack', sources=0x00000101
07-07 16:17:07.675   145   176 I power   : *** set_screen_state 1
07-07 16:17:07.847   145   176 I WindowManager: Lock screen displayed!
07-07 16:17:07.929    78   121 D SurfaceFlinger: Screen about to return, flinger = 0x1eda918
07-07 16:17:08.781   215   215 D PhoneStatusBar: disable: < expand icons alerts ticker system_info BACK HOME recent* CLOCK >
07-07 16:17:08.843   145   156 W InputManagerService: Window already focused, ignoring focus gain of: com.android.internal.view.IInputMethodClient$Stub$Proxy@4135e6e0
07-07 16:17:08.843   215   215 D PhoneStatusBar: disable: < expand icons alerts ticker system_info back* home* recent clock* >
07-07 16:17:08.929   323   325 D dalvikvm: GC_CONCURRENT freed 390K, 22% free 10100K/12807K, paused 4ms+2ms
07-07 16:17:09.047 27783 27785 D dalvikvm: GC_CONCURRENT freed 343K, 6% free 10375K/10951K, paused 6ms+5ms
07-07 16:17:09.304   145   329 I ActivityManager: Start proc android.process.acore for content provider com.android.providers.contacts/.ContactsProvider2: pid=1399 uid=10000 gids={3003, 1015}
07-07 16:17:09.359  1399  1399 I ActivityThread: Pub call_log: com.android.providers.contacts.CallLogProvider
07-07 16:17:09.402  1399  1399 I ActivityThread: Pub com.android.voicemail: com.android.providers.contacts.VoicemailContentProvider
07-07 16:17:09.406  1399  1399 I ActivityThread: Pub user_dictionary: com.android.providers.userdictionary.UserDictionaryProvider
07-07 16:17:09.429  1399  1399 I ActivityThread: Pub com.android.social: com.android.providers.contacts.SocialProvider
07-07 16:17:09.429  1399  1399 I ActivityThread: Pub applications: com.android.providers.applications.ApplicationsProvider
07-07 16:17:09.523  1399  1399 I ActivityThread: Pub contacts;com.android.contacts: com.android.providers.contacts.ContactsProvider2
07-07 16:17:09.554  1399  1400 D dalvikvm: GC_CONCURRENT freed 343K, 5% free 9188K/9607K, paused 2ms+3ms
07-07 16:17:09.804  1399  1400 D dalvikvm: GC_CONCURRENT freed 206K, 4% free 9397K/9735K, paused 3ms+2ms
07-07 16:17:10.406  1399  1400 D dalvikvm: GC_CONCURRENT freed 296K, 5% free 9498K/9927K, paused 6ms+2ms
07-07 16:17:10.906  1399  1400 D dalvikvm: GC_CONCURRENT freed 276K, 5% free 9651K/10055K, paused 73ms+3ms
07-07 16:17:11.675   145   394 I ActivityManager: START {act=android.intent.action.MAIN cat=[android.intent.category.LAUNCHER] flg=0x10000000 pkg=com.spotify.mobile.android.ui cmp=com.spotify.mobile.android.ui/.activity.MainActivity bnds=[288,706][384,802]} from pid 373
07-07 16:17:11.785   145   912 I ActivityManager: Start proc com.spotify.mobile.android.ui for activity com.spotify.mobile.android.ui/.activity.MainActivity: pid=1418 uid=10055 gids={3003, 1015}
07-07 16:17:11.914  1418  1418 I ActivityThread: Pub com.spotify.mobile.android: com.spotify.mobile.android.provider.SpotifyProvider
07-07 16:17:11.914   373   373 D OpenGLRenderer: Flushing caches (mode 1)
07-07 16:17:11.922   373   373 D OpenGLRenderer: Flushing caches (mode 0)
07-07 16:17:11.949  1418  1418 I ActivityThread: Pub com.spotify.mobile.android.util.SpotifySuggestionProvider: com.spotify.mobile.android.util.SpotifySuggestionProvider
07-07 16:17:12.343  1418  1418 D HockeyApp: Current handler class = com.android.internal.os.RuntimeInit$UncaughtHandler
07-07 16:17:12.414   145   161 I Process : Sending signal. PID: 1418 SIG: 3
07-07 16:17:12.414  1418  1422 I dalvikvm: threadid=3: reacting to signal 3
07-07 16:17:12.437  1418  1422 I dalvikvm: Wrote stack traces to '/data/anr/traces.txt'
07-07 16:17:12.457   145  1184 I ActivityManager: Start proc com.spotify.mobile.android.service for service com.spotify.mobile.android.ui/com.spotify.mobile.android.service.SpotifyService: pid=1433 uid=10055 gids={3003, 1015}
07-07 16:17:12.578  1433  1433 D dalvikvm: Trying to load lib /data/data/com.spotify.mobile.android.ui/lib/liborbit-jni-spotify.so 0x41305a08
07-07 16:17:12.648  1433  1433 D dalvikvm: Added shared lib /data/data/com.spotify.mobile.android.ui/lib/liborbit-jni-spotify.so 0x41305a08
07-07 16:17:12.672   145   394 D dalvikvm: GC_EXPLICIT freed 1609K, 18% free 17303K/20999K, paused 21ms+11ms
07-07 16:17:12.832   145   161 I Process : Sending signal. PID: 1418 SIG: 3
07-07 16:17:12.832  1418  1422 I dalvikvm: threadid=3: reacting to signal 3
07-07 16:17:13.070  1418  1418 D libEGL  : loaded /system/lib/egl/libGLES_android.so
07-07 16:17:13.082  1418  1422 I dalvikvm: Wrote stack traces to '/data/anr/traces.txt'
07-07 16:17:13.097  1418  1418 D libEGL  : loaded /vendor/lib/egl/libEGL_POWERVR_SGX540_120.so
07-07 16:17:13.097   145   380 I AudioService:   Remote Control   registerMediaButtonIntent() for PendingIntent{41897f00: PendingIntentRecord{41b0e2e8 com.spotify.mobile.android.ui broadcastIntent}}
07-07 16:17:13.164  1418  1418 D libEGL  : loaded /vendor/lib/egl/libGLESv1_CM_POWERVR_SGX540_120.so
07-07 16:17:13.179  1418  1418 D libEGL  : loaded /vendor/lib/egl/libGLESv2_POWERVR_SGX540_120.so
07-07 16:17:13.218   145   408 I ActivityManager: Process com.google.android.apps.googlevoice (pid 867) has died.
07-07 16:17:13.218   145   408 W ActivityManager: Scheduling restart of crashed service com.google.android.apps.googlevoice/.UpdateService in 5000ms
07-07 16:17:13.218   145   408 W ActivityManager: Scheduling restart of crashed service com.google.android.apps.googlevoice/.CallLogService in 14999ms
07-07 16:17:13.332   145   161 I Process : Sending signal. PID: 1418 SIG: 3
07-07 16:17:13.332  1418  1422 I dalvikvm: threadid=3: reacting to signal 3
07-07 16:17:13.351  1418  1422 I dalvikvm: Wrote stack traces to '/data/anr/traces.txt'
07-07 16:17:13.629  1418  1418 D OpenGLRenderer: Enabling debug mode 0
07-07 16:17:13.937   145   161 I Process : Sending signal. PID: 1418 SIG: 3
07-07 16:17:13.937  1418  1422 I dalvikvm: threadid=3: reacting to signal 3
07-07 16:17:14.011  1418  1422 I dalvikvm: Wrote stack traces to '/data/anr/traces.txt'
07-07 16:17:14.054   145   175 I ActivityManager: Displayed com.spotify.mobile.android.ui/.activity.MainActivity: +2s308ms
07-07 16:17:15.343  1418  1418 D dalvikvm: GC_FOR_ALLOC freed 186K, 3% free 9274K/9543K, paused 61ms
07-07 16:17:16.090  1418  1420 D dalvikvm: GC_CONCURRENT freed 56K, 2% free 9613K/9799K, paused 3ms+4ms
07-07 16:17:17.187   145   157 I ActivityManager: Process com.google.android.apps.plus (pid 936) has died.
07-07 16:17:17.187   145   157 W ActivityManager: Scheduling restart of crashed service com.google.android.apps.plus/.hangout.GCommService in 21032ms
07-07 16:17:17.324  1418  1420 D dalvikvm: GC_CONCURRENT freed 239K, 4% free 9819K/10183K, paused 8ms+12ms
07-07 16:17:18.207   145   174 I ActivityManager: Start proc com.twitter.android for service com.twitter.android/.client.AppService: pid=1495 uid=10064 gids={3003, 1015}
07-07 16:17:18.265  1495  1495 I dalvikvm: Turning on JNI app bug workarounds for target SDK version 11...
07-07 16:17:18.277   145   162 I ActivityManager: Start proc com.google.android.apps.googlevoice for service com.google.android.apps.googlevoice/.UpdateService: pid=1505 uid=10054 gids={3003, 1015}
07-07 16:17:18.472  1495  1495 I ActivityThread: Pub com.twitter.android.provider.GlobalDatabaseProvider: com.twitter.android.provider.GlobalDatabaseProvider
07-07 16:17:18.574  1495  1495 I ActivityThread: Pub com.twitter.android.provider.TwitterProvider: com.twitter.android.provider.TwitterProvider
07-07 16:17:18.812   145  1185 I ActivityManager: Process com.facebook.katana (pid 898) has died.
07-07 16:17:18.812   145  1185 W ActivityManager: Scheduling restart of crashed service com.facebook.katana/.service.MediaUploadService in 29407ms
07-07 16:17:18.855  1505  1509 D dalvikvm: GC_CONCURRENT freed 248K, 4% free 9283K/9607K, paused 8ms+73ms
07-07 16:17:18.949  1495  1497 D dalvikvm: GC_CONCURRENT freed 191K, 4% free 9286K/9607K, paused 4ms+3ms
07-07 16:17:18.992   373   373 D OpenGLRenderer: Flushing caches (mode 1)
07-07 16:17:19.035 27212 27212 D OpenGLRenderer: Flushing caches (mode 2)
07-07 16:17:19.039 27212 27212 D OpenGLRenderer: Flushing caches (mode 0)
07-07 16:17:19.043 27212 27212 W ManagedEGLContext: doTerminate failed: EGL count is 2 but managed count is 1
07-07 16:17:19.179  1124  1126 D dalvikvm: GC_CONCURRENT freed 510K, 7% free 10473K/11207K, paused 193ms+13ms
07-07 16:17:19.652   145  1189 D CountryDetector: The first listener is added
07-07 16:17:19.777  1505  1509 D dalvikvm: GC_CONCURRENT freed 396K, 6% free 9415K/9927K, paused 43ms+3ms
07-07 16:17:19.777  1505  1518 W CursorWrapperInner: Cursor finalized without prior close()
07-07 16:17:19.777  1505  1518 W CursorWrapperInner: Cursor finalized without prior close()
07-07 16:17:19.777  1505  1518 W CursorWrapperInner: Cursor finalized without prior close()
07-07 16:17:19.840  1399  1400 D dalvikvm: GC_CONCURRENT freed 569K, 7% free 9586K/10247K, paused 2ms+3ms
07-07 16:17:20.117  1505  1509 D dalvikvm: GC_CONCURRENT freed 358K, 5% free 9532K/9991K, paused 2ms+2ms
07-07 16:17:20.519   554   555 D dalvikvm: GC_CONCURRENT freed 450K, 8% free 10152K/11015K, paused 51ms+2ms
07-07 16:17:20.562   145  1189 D dalvikvm: GC_EXPLICIT freed 1177K, 22% free 16512K/20999K, paused 14ms+9ms
07-07 16:17:22.101  1418  1420 D dalvikvm: GC_CONCURRENT freed 362K, 5% free 9917K/10375K, paused 376ms+713ms
07-07 16:17:22.265  1433  1435 D dalvikvm: GC_CONCURRENT freed 311K, 5% free 9153K/9543K, paused 2ms+4ms
07-07 16:17:22.898  1399  1400 D dalvikvm: GC_CONCURRENT freed 274K, 6% free 9707K/10247K, paused 1ms+17ms
07-07 16:17:22.918  1505  1541 D dalvikvm: GC_FOR_ALLOC freed 113K, 5% free 9644K/10119K, paused 140ms
07-07 16:17:23.246   145   329 I ActivityManager: START {act=android.intent.action.VIEW dat=spotify:user:lsm5:playlist:59lxQ24bYrngOUKTYgsErT cmp=com.spotify.mobile.android.ui/.activity.MainActivity (has extras)} from pid 1418
07-07 16:17:23.312  1418  1418 D dalvikvm: GC_FOR_ALLOC freed 271K, 5% free 9871K/10375K, paused 24ms
07-07 16:17:23.316  1418  1418 I dalvikvm-heap: Grow heap (frag case) to 10.975MB for 1324816-byte allocation
07-07 16:17:23.367  1418  1420 D dalvikvm: GC_CONCURRENT freed 34K, 6% free 11129K/11719K, paused 2ms+6ms
07-07 16:17:23.441  1418  1418 D dalvikvm: GC_FOR_ALLOC freed <1K, 6% free 11130K/11719K, paused 31ms
07-07 16:17:23.449  1418  1418 I dalvikvm-heap: Grow heap (frag case) to 12.205MB for 1324816-byte allocation
07-07 16:17:23.476  1418  1418 D dalvikvm: GC_FOR_ALLOC freed 0K, 5% free 12424K/13063K, paused 24ms
07-07 16:17:23.492  1505  1541 D dalvikvm: GC_FOR_ALLOC freed 98K, 5% free 9768K/10247K, paused 211ms
07-07 16:17:23.574  1418  1420 D dalvikvm: GC_CONCURRENT freed 1313K, 15% free 11126K/13063K, paused 3ms+4ms
07-07 16:17:24.687  1418  1420 D dalvikvm: GC_CONCURRENT freed 477K, 14% free 11289K/13063K, paused 4ms+4ms
07-07 16:17:25.199   554   555 D dalvikvm: GC_CONCURRENT freed 381K, 7% free 10261K/11015K, paused 19ms+2ms
07-07 16:17:25.433  1495  1497 D dalvikvm: GC_CONCURRENT freed 225K, 4% free 9508K/9863K, paused 30ms+2ms
07-07 16:17:25.625  1495  1497 D dalvikvm: GC_CONCURRENT freed 294K, 5% free 9630K/10055K, paused 2ms+1ms
07-07 16:17:25.773  1495  1497 D dalvikvm: GC_CONCURRENT freed 299K, 5% free 9759K/10183K, paused 2ms+2ms
07-07 16:17:25.906  1495  1497 D dalvikvm: GC_CONCURRENT freed 301K, 5% free 9888K/10311K, paused 1ms+2ms
07-07 16:17:26.031  1495  1497 D dalvikvm: GC_CONCURRENT freed 298K, 5% free 10014K/10439K, paused 1ms+2ms
07-07 16:17:26.160  1495  1497 D dalvikvm: GC_CONCURRENT freed 296K, 5% free 10142K/10567K, paused 1ms+3ms
07-07 16:17:26.289  1495  1497 D dalvikvm: GC_CONCURRENT freed 299K, 4% free 10272K/10695K, paused 2ms+2ms
07-07 16:17:26.492  1495  1497 D dalvikvm: GC_CONCURRENT freed 478K, 6% free 10217K/10823K, paused 2ms+3ms
07-07 16:17:26.640  1495  1497 D dalvikvm: GC_CONCURRENT freed 320K, 5% free 10292K/10823K, paused 2ms+2ms
07-07 16:17:26.785  1495  1497 D dalvikvm: GC_CONCURRENT freed 325K, 5% free 10379K/10823K, paused 2ms+2ms
07-07 16:17:26.929  1495  1497 D dalvikvm: GC_CONCURRENT freed 360K, 5% free 10464K/10951K, paused 2ms+2ms
07-07 16:17:27.058  1495  1497 D dalvikvm: GC_CONCURRENT freed 342K, 5% free 10546K/11015K, paused 2ms+2ms
07-07 16:17:27.183  1495  1497 D dalvikvm: GC_CONCURRENT freed 335K, 5% free 10628K/11079K, paused 1ms+3ms
07-07 16:17:28.097  1495  1497 D dalvikvm: GC_CONCURRENT freed 368K, 5% free 10720K/11207K, paused 7ms+3ms
07-07 16:17:28.281  1418  1420 D dalvikvm: GC_CONCURRENT freed 432K, 12% free 11546K/13063K, paused 3ms+5ms
07-07 16:17:28.707  1495  1497 D dalvikvm: GC_CONCURRENT freed 400K, 5% free 10810K/11335K, paused 2ms+2ms
07-07 16:17:29.527  1495  1497 D dalvikvm: GC_CONCURRENT freed 335K, 5% free 10998K/11463K, paused 3ms+3ms
07-07 16:17:31.238  1495  1497 D dalvikvm: GC_CONCURRENT freed 431K, 5% free 11213K/11783K, paused 3ms+2ms
07-07 16:17:32.234  1433  1447 W dalvikvm: dvmFindClassByName rejecting 'com/spotify/mobile/android/core/internal/SoundDriver'
07-07 16:17:32.273   145  1186 I AudioService:  AudioFocus  requestAudioFocus() from android.media.AudioManager@4132f648com.spotify.mobile.android.service.s@41337890
07-07 16:17:32.480   145  1184 D dalvikvm: GC_EXPLICIT freed 558K, 22% free 16487K/20999K, paused 7ms+9ms
07-07 16:17:32.508  1433  1450 D ActivityThread: Loading provider com.spotify.mobile.android: com.spotify.mobile.android.provider.SpotifyProvider
07-07 16:17:32.636  1433  1586 D dalvikvm: GC_FOR_ALLOC freed 317K, 5% free 9185K/9607K, paused 23ms
07-07 16:17:32.640  1433  1586 I dalvikvm-heap: Grow heap (frag case) to 9.385MB for 360016-byte allocation
07-07 16:17:32.695  1433  1445 D dalvikvm: GC_FOR_ALLOC freed 0K, 5% free 9536K/9991K, paused 52ms
07-07 16:17:32.758  1433  1433 D dalvikvm: GC_FOR_ALLOC freed <1K, 5% free 9538K/9991K, paused 22ms
07-07 16:17:32.758  1433  1433 I dalvikvm-heap: Grow heap (frag case) to 9.636MB for 262160-byte allocation
07-07 16:17:32.785  1433  1433 D dalvikvm: GC_FOR_ALLOC freed <1K, 6% free 9793K/10311K, paused 27ms
07-07 16:17:33.359    81   124 D AudioHardware: AudioStreamOutALSA::setParameters() routing=4
07-07 16:17:33.359    81   124 D AudioHardware: AudioHardware pcm playback is exiting standby.
07-07 16:17:33.359    81   124 D AudioHardware: openPcmOut_l() mPcmOpenCnt: 0
07-07 16:17:33.511  1418  1420 D dalvikvm: GC_CONCURRENT freed 641K, 11% free 11664K/13063K, paused 2ms+6ms
07-07 16:17:36.062   145   394 I ActivityManager: START {act=com.spotify.mobile.android.ui.action.player.SHOW cmp=com.spotify.mobile.android.ui/.activity.MainActivity} from pid 1418
07-07 16:17:36.363  1418  1418 W PlayerFragment: No song information associated with position: 0
07-07 16:17:36.660  1418  1564 D dalvikvm: GC_FOR_ALLOC freed 317K, 9% free 11893K/13063K, paused 30ms
07-07 16:17:36.660  1418  1564 I dalvikvm-heap: Grow heap (frag case) to 12.031MB for 360016-byte allocation
07-07 16:17:36.699  1418  1418 D dalvikvm: GC_FOR_ALLOC freed 24K, 10% free 12220K/13447K, paused 22ms
07-07 16:17:36.797  1418  1564 D dalvikvm: GC_FOR_ALLOC freed 14K, 9% free 12331K/13447K, paused 27ms
07-07 16:17:36.797  1418  1564 I dalvikvm-heap: Grow heap (frag case) to 12.458MB for 360016-byte allocation
07-07 16:17:36.840  1418  1418 D dalvikvm: GC_FOR_ALLOC freed 1K, 9% free 12681K/13831K, paused 27ms
07-07 16:17:36.929  1418  1564 D dalvikvm: GC_FOR_ALLOC freed 13K, 9% free 12701K/13831K, paused 31ms
07-07 16:17:36.929  1418  1564 I dalvikvm-heap: Grow heap (frag case) to 12.819MB for 360016-byte allocation
07-07 16:17:36.976  1418  1418 D dalvikvm: GC_FOR_ALLOC freed 4K, 9% free 13048K/14215K, paused 32ms
07-07 16:17:37.035  1418  1564 D dalvikvm: GC_FOR_ALLOC freed 3K, 9% free 13051K/14215K, paused 26ms
07-07 16:17:37.035  1418  1564 I dalvikvm-heap: Grow heap (frag case) to 13.161MB for 360016-byte allocation
07-07 16:17:37.086  1418  1418 D dalvikvm: GC_FOR_ALLOC freed 1K, 9% free 13401K/14599K, paused 28ms
07-07 16:17:37.101   145  1189 I ActivityManager: Process com.google.android.apps.maps:FriendService (pid 1145) has died.
07-07 16:17:37.140  1418  1564 D dalvikvm: GC_FOR_ALLOC freed 2K, 9% free 13403K/14599K, paused 23ms
07-07 16:17:37.144  1418  1564 I dalvikvm-heap: Grow heap (frag case) to 14.724MB for 1638416-byte allocation
07-07 16:17:37.211  1418  1420 D dalvikvm: GC_CONCURRENT freed 1K, 8% free 15002K/16263K, paused 2ms+12ms
07-07 16:17:37.304  1418  1564 D dalvikvm: GC_FOR_ALLOC freed 5K, 8% free 15357K/16647K, paused 25ms
07-07 16:17:37.308  1418  1564 I dalvikvm-heap: Grow heap (frag case) to 16.632MB for 1638416-byte allocation
07-07 16:17:37.379  1418  1564 D dalvikvm: GC_FOR_ALLOC freed 2K, 8% free 16954K/18311K, paused 36ms
07-07 16:17:37.429   145   145 I ActivityManager: Process com.android.sprintmenu (pid 997) has died.
07-07 16:17:37.429   145   145 W ActivityManager: Scheduling restart of crashed service com.android.sprintmenu/.HiddenPhoneService in 20789ms
07-07 16:17:37.504  1418  1564 D dalvikvm: GC_FOR_ALLOC freed 5K, 6% free 17310K/18311K, paused 38ms
07-07 16:17:37.508  1418  1564 I dalvikvm-heap: Grow heap (frag case) to 18.540MB for 1638416-byte allocation
07-07 16:17:37.574  1418  1564 D dalvikvm: GC_FOR_ALLOC freed 2K, 6% free 18908K/19975K, paused 28ms
07-07 16:17:38.258   145   162 I ActivityManager: Start proc com.google.android.apps.plus for service com.google.android.apps.plus/.hangout.GCommService: pid=1612 uid=10060 gids={3003, 3002, 1015, 1006}
07-07 16:17:38.285   145  1187 I ActivityManager: Process com.facebook.orca (pid 1345) has died.
07-07 16:17:38.300 27212 27212 D OpenGLRenderer: Flushing caches (mode 2)
07-07 16:17:38.300 27212 27212 D OpenGLRenderer: Flushing caches (mode 0)
07-07 16:17:38.300 27212 27212 W ManagedEGLContext: doTerminate failed: EGL count is 2 but managed count is 1
07-07 16:17:38.304   373   373 D OpenGLRenderer: Flushing caches (mode 2)
07-07 16:17:38.320   373   373 D OpenGLRenderer: Flushing caches (mode 0)
07-07 16:17:38.504  1612  1613 D dalvikvm: GC_CONCURRENT freed 172K, 3% free 9360K/9607K, paused 5ms+3ms
07-07 16:17:38.699  1612  1612 I ActivityThread: Pub com.google.android.apps.plus.content.ApiProvider: com.google.android.apps.plus.content.EsApiProvider
07-07 16:17:38.742  1612  1612 I ActivityThread: Pub com.google.android.apps.plus.content.EsGooglePhotoProvider: com.google.android.picasasync.PicasaContentProvider
07-07 16:17:38.902  1612  1613 D dalvikvm: GC_CONCURRENT freed 314K, 4% free 9599K/9991K, paused 4ms+11ms
07-07 16:17:38.933  1612  1612 I ActivityThread: Pub com.google.android.apps.plus.content.EsPicasaStoreProvider: com.google.android.picasastore.PicasaPhotoContentProvider
07-07 16:17:38.957  1612  1612 I ActivityThread: Pub com.google.plus.platform: com.google.android.apps.plus.content.AdsProvider
07-07 16:17:38.957  1612  1612 I ActivityThread: Pub com.google.android.apps.plus.iu.EsGoogleIuProvider: com.google.android.apps.plus.iu.InstantUploadProvider
07-07 16:17:39.082  1612  1613 D dalvikvm: GC_CONCURRENT freed 566K, 7% free 9603K/10247K, paused 2ms+6ms
07-07 16:17:39.086  1612  1612 I ActivityThread: Pub com.google.android.apps.plus.content.EsProvider: com.google.android.apps.plus.content.EsProvider
07-07 16:17:39.133   145   912 I ActivityManager: Start proc android.process.media for content provider com.android.providers.media/.MediaProvider: pid=1627 uid=10012 gids={1015, 1023, 1024, 2001, 3003, 3007}
07-07 16:17:39.211  1612  1612 D dalvikvm: GC_FOR_ALLOC freed 95K, 5% free 9773K/10247K, paused 61ms
07-07 16:17:39.218    79    79 D dalvikvm: GC_EXPLICIT freed 38K, 4% free 9027K/9347K, paused 4ms+4ms
07-07 16:17:39.258    79    79 D dalvikvm: GC_EXPLICIT freed <1K, 4% free 9027K/9347K, paused 5ms+2ms
07-07 16:17:39.285    79    79 D dalvikvm: GC_EXPLICIT freed <1K, 4% free 9027K/9347K, paused 4ms+2ms
07-07 16:17:39.289  1627  1627 I ActivityThread: Pub downloads: com.android.providers.downloads.DownloadProvider
07-07 16:17:39.343  1627  1627 I ActivityThread: Pub drm: com.android.providers.drm.DrmProvider
07-07 16:17:39.343  1627  1641 I DownloadManager: in removeSpuriousFiles
07-07 16:17:39.359  1627  1627 I ActivityThread: Pub media: com.android.providers.media.MediaProvider
07-07 16:17:39.398  1627  1641 I DownloadManager: in removeSpuriousFiles, preserving file /data/data/com.android.providers.downloads/cache/metadata.json
07-07 16:17:39.398  1627  1641 I DownloadManager: in removeSpuriousFiles, preserving file /data/data/com.android.providers.downloads/cache/en_general.htm
07-07 16:17:39.398  1627  1641 I DownloadManager: in removeSpuriousFiles, preserving file /mnt/sdcard/Download/img-thing.jpeg
07-07 16:17:39.398  1627  1641 I DownloadManager: in removeSpuriousFiles, preserving file /data/data/com.android.providers.downloads/cache/metadata-1.json
07-07 16:17:39.398  1627  1641 I DownloadManager: in removeSpuriousFiles, preserving file /data/data/com.android.providers.downloads/cache/downloadfile.jpeg
07-07 16:17:39.398  1627  1641 I DownloadManager: in removeSpuriousFiles, preserving file /data/data/com.android.providers.downloads/cache/metadata-2.json
07-07 16:17:39.398  1627  1641 I DownloadManager: in removeSpuriousFiles, preserving file /data/data/com.android.providers.downloads/cache/metadata-3.json
07-07 16:17:39.398  1627  1641 I DownloadManager: in removeSpuriousFiles, preserving file /data/data/com.android.providers.downloads/cache/downloadfile-1.jpeg
07-07 16:17:39.398  1627  1641 I DownloadManager: in removeSpuriousFiles, preserving file /data/data/com.android.providers.downloads/cache/downloadfile-2.jpeg
07-07 16:17:39.398  1627  1641 I DownloadManager: in removeSpuriousFiles, preserving file /data/data/com.android.providers.downloads/cache/metadata-4.json
07-07 16:17:39.402  1627  1641 I DownloadManager: deleting spurious file /cache/backup
07-07 16:17:39.422   145  1186 I ActivityManager: Process com.google.android.maps.mytracks (pid 1357) has died.
07-07 16:17:39.488  1612  1613 D dalvikvm: GC_CONCURRENT freed 151K, 3% free 10136K/10375K, paused 11ms+3ms
07-07 16:17:39.609  1612  1613 D dalvikvm: GC_CONCURRENT freed 291K, 4% free 10348K/10759K, paused 2ms+3ms
07-07 16:17:39.648  1612  1612 D dalvikvm: GC_FOR_ALLOC freed 92K, 5% free 10443K/10887K, paused 31ms
07-07 16:17:39.648  1612  1612 I dalvikvm-heap: Grow heap (frag case) to 10.519MB for 260112-byte allocation
07-07 16:17:39.675  1612  1612 D dalvikvm: GC_FOR_ALLOC freed 126K, 6% free 10571K/11143K, paused 19ms
07-07 16:17:39.754  1612  1612 D dalvikvm: GC_FOR_ALLOC freed 311K, 6% free 10564K/11143K, paused 56ms
07-07 16:17:39.800  1612  1612 D dalvikvm: GC_FOR_ALLOC freed 62K, 5% free 10628K/11143K, paused 41ms
07-07 16:17:39.804  1612  1612 I dalvikvm-heap: Grow heap (frag case) to 10.700MB for 260112-byte allocation
07-07 16:17:39.816  1627  1630 D dalvikvm: GC_CONCURRENT freed 326K, 5% free 9205K/9607K, paused 5ms+10ms
07-07 16:17:39.855  1612  1612 D dalvikvm: GC_FOR_ALLOC freed 126K, 6% free 10756K/11399K, paused 50ms
07-07 16:17:39.937  1612  1612 D dalvikvm: GC_FOR_ALLOC freed 369K, 6% free 10812K/11399K, paused 59ms
07-07 16:17:39.972  1612  1612 D dalvikvm: GC_FOR_ALLOC freed 127K, 5% free 10940K/11399K, paused 21ms
07-07 16:17:40.004  1612  1626 D PicasaPhotoCP: set fsid first time:-1
07-07 16:17:40.066   145   156 I ActivityManager: Process com.google.android.apps.maps:LocationFriendService (pid 554) has died.
07-07 16:17:40.133  1612  1613 D dalvikvm: GC_CONCURRENT freed 366K, 4% free 11278K/11719K, paused 2ms+4ms
07-07 16:17:40.355  1612  1613 D dalvikvm: GC_CONCURRENT freed 180K, 3% free 11911K/12167K, paused 2ms+3ms
07-07 16:17:40.621  1612  1613 D dalvikvm: GC_CONCURRENT freed 581K, 6% free 12343K/12999K, paused 2ms+2ms
07-07 16:17:40.879  1612  1612 D dalvikvm: Trying to load lib /data/data/com.google.android.apps.plus/lib/libgcomm_jni.so 0x4130af18
07-07 16:17:41.172  1612  1613 D dalvikvm: GC_CONCURRENT freed 759K, 7% free 12614K/13511K, paused 4ms+13ms
07-07 16:17:41.218  1612  1612 D dalvikvm: Added shared lib /data/data/com.google.android.apps.plus/lib/libgcomm_jni.so 0x4130af18
07-07 16:17:41.218  1612  1612 V gcomm_native: [static void util::JniHelper::SetJavaVm(JavaVM*) jni_helper.cpp(15) 400e3488] JavaVM 0x26e3e0
07-07 16:17:41.218  1612  1612 V gcomm_native: [jint JNI_OnLoad(JavaVM*, void*) jni_helper.cpp(97) 400e3488] JNI_OnLoad
07-07 16:17:41.218  1612  1612 I gcomm_native: [jboolean Java_com_google_android_apps_plus_hangout_GCommNativeWrapper_nativeStaticInitialize(JNIEnv*, _jclass*, _jobject*, _jstring*, _jstring*, _jstring*, jboolean, _jstring*, _jstring*) gcomm_native_wrapper.cpp(972) 400e3488] GComm Static Native initializing
07-07 16:17:45.961   275   275 I wpa_supplicant: wlan0: WPA: Group rekeying completed with d0:c2:82:2d:ea:c1 [GTK=TKIP]
07-07 16:17:48.246   145   162 I ActivityManager: Start proc com.facebook.katana for service com.facebook.katana/.service.MediaUploadService: pid=1651 uid=10071 gids={3003, 1006, 1015}
07-07 16:17:48.254  1651  1651 I dalvikvm: Turning on JNI app bug workarounds for target SDK version 7...
07-07 16:17:48.480  1651  1653 D dalvikvm: GC_CONCURRENT freed 148K, 3% free 9384K/9607K, paused 2ms+2ms
07-07 16:17:48.675  1651  1651 I ActivityThread: Pub com.facebook.katana.provider.LoggingProvider: com.facebook.katana.provider.LoggingProvider
07-07 16:17:48.769  1651  1651 I ActivityThread: Pub com.facebook.katana.provider.KeyValueProvider: com.facebook.katana.provider.KeyValueProvider
07-07 16:17:48.781  1651  1651 I ActivityThread: Pub com.facebook.katana.provider.CacheProvider: com.facebook.katana.provider.CacheProvider
07-07 16:17:48.781  1651  1651 I ActivityThread: Pub com.facebook.katana.provider.MailboxProvider: com.facebook.katana.provider.MailboxProvider
07-07 16:17:48.793  1651  1651 I ActivityThread: Pub com.facebook.katana.provider.UserStatusesProvider: com.facebook.katana.provider.UserStatusesProvider
07-07 16:17:48.793  1651  1651 I ActivityThread: Pub com.facebook.katana.provider.EventsProvider: com.facebook.katana.provider.EventsProvider
07-07 16:17:48.793  1651  1651 I ActivityThread: Pub com.facebook.katana.provider.NotificationsProvider: com.facebook.katana.provider.NotificationsProvider
07-07 16:17:48.797  1651  1651 I ActivityThread: Pub com.facebook.katana.provider.UserValuesProvider: com.facebook.katana.provider.UserValuesProvider
07-07 16:17:48.797  1651  1651 I ActivityThread: Pub com.facebook.katana.provider.PagesProvider: com.facebook.katana.provider.PagesProvider
07-07 16:17:48.800  1651  1651 I ActivityThread: Pub com.facebook.katana.provider.MobileEventLogProvider: com.facebook.katana.provider.MobileEventLogProvider
07-07 16:17:48.800  1651  1651 I ActivityThread: Pub com.facebook.katana.provider.PushNotificationsProvider: com.facebook.katana.provider.PushNotificationsProvider
07-07 16:17:48.800  1651  1651 I ActivityThread: Pub com.facebook.katana.provider.PhotosProvider: com.facebook.katana.provider.PhotosProvider
07-07 16:17:48.816  1651  1651 I ActivityThread: Pub com.facebook.katana.provider.ConnectionsProvider: com.facebook.katana.provider.ConnectionsProvider
07-07 16:17:48.820  1651  1653 D dalvikvm: GC_CONCURRENT freed 157K, 3% free 9722K/9991K, paused 9ms+2ms
07-07 16:17:48.840  1651  1651 I ActivityThread: Pub com.facebook.orca.notify.FbandroidMessagesForegroundProvider: com.facebook.orca.notify.FbandroidMessagesForegroundProvider
07-07 16:17:48.910  1651  1651 D ACRA    : Retrieve application default SharedPreferences.
07-07 16:17:48.914  1651  1651 D ACRA    : Set OnSharedPreferenceChangeListener.
07-07 16:17:48.922  1651  1651 D ACRA    : ACRA is enabled for com.facebook.katana, intializing...
07-07 16:17:49.000  1651  1651 D ACRA    : Looking for error files in /data/data/com.facebook.katana/app_acra-reports
07-07 16:17:49.093  1651  1651 W nalizableReferenceQueue: Could not load Finalizer in its own class loader.Loading Finalizer in the current class loader instead. As a result, you will not be ableto garbage collect this class loader. To support reclaiming this class loader, eitherresolve the underlying issue, or move Google Collections to your system class path.
07-07 16:17:49.093  1651  1651 W nalizableReferenceQueue: java.io.FileNotFoundException: com/google/common/base/internal/Finalizer.class
07-07 16:17:49.093  1651  1651 W nalizableReferenceQueue: 	at com.google.common.base.FinalizableReferenceQueue$DecoupledLoader.getBaseUrl(FinalizableReferenceQueue.java:243)
07-07 16:17:49.093  1651  1651 W nalizableReferenceQueue: 	at com.google.common.base.FinalizableReferenceQueue$DecoupledLoader.loadFinalizer(FinalizableReferenceQueue.java:227)
07-07 16:17:49.093  1651  1651 W nalizableReferenceQueue: 	at com.google.common.base.FinalizableReferenceQueue.loadFinalizer(FinalizableReferenceQueue.java:155)
07-07 16:17:49.093  1651  1651 W nalizableReferenceQueue: 	at com.google.common.base.FinalizableReferenceQueue.<clinit>(FinalizableReferenceQueue.java:84)
07-07 16:17:49.093  1651  1651 W nalizableReferenceQueue: 	at com.google.common.collect.CustomConcurrentHashMap$QueueHolder.<clinit>(CustomConcurrentHashMap.java:650)
07-07 16:17:49.093  1651  1651 W nalizableReferenceQueue: 	at com.google.common.collect.CustomConcurrentHashMap$WeakEntry.<init>(CustomConcurrentHashMap.java:1342)
07-07 16:17:49.093  1651  1651 W nalizableReferenceQueue: 	at com.google.common.collect.CustomConcurrentHashMap$EntryFactory$9.newEntry(CustomConcurrentHashMap.java:453)
07-07 16:17:49.093  1651  1651 W nalizableReferenceQueue: 	at com.google.common.collect.CustomConcurrentHashMap.a(CustomConcurrentHashMap.java:1715)
07-07 16:17:49.093  1651  1651 W nalizableReferenceQueue: 	at com.google.common.collect.ComputingConcurrentHashMap$ComputingSegment.a(ComputingConcurrentHashMap.java:123)
07-07 16:17:49.093  1651  1651 W nalizableReferenceQueue: 	at com.google.common.collect.ComputingConcurrentHashMap.apply(ComputingConcurrentHashMap.java:71)
07-07 16:17:49.093  1651  1651 W nalizableReferenceQueue: 	at com.google.common.collect.MapMaker$ComputingMapAdapter.get(MapMaker.java:848)
07-07 16:17:49.093  1651  1651 W nalizableReferenceQueue: 	at com.google.inject.internal.Annotations$AnnotationChecker.a(Annotations.java:94)
07-07 16:17:49.093  1651  1651 W nalizableReferenceQueue: 	at com.google.inject.internal.Annotations.c(Annotations.java:112)
07-07 16:17:49.093  1651  1651 W nalizableReferenceQueue: 	at com.google.inject.Key.d(Key.java:369)
07-07 16:17:49.093  1651  1651 W nalizableReferenceQueue: 	at com.google.inject.Key.b(Key.java:356)
07-07 16:17:49.093  1651  1651 W nalizableReferenceQueue: 	at com.google.inject.Key.a(Key.java:267)
07-07 16:17:49.093  1651  1651 W nalizableReferenceQueue: 	at com.facebook.orca.inject.binder.AnnotatedBindingBuilderImpl.a(AnnotatedBindingBuilderImpl.java:22)
07-07 16:17:49.093  1651  1651 W nalizableReferenceQueue: 	at com.facebook.orca.app.FbBaseModule.a(FbBaseModule.java:74)
07-07 16:17:49.093  1651  1651 W nalizableReferenceQueue: 	at com.facebook.orca.inject.AbstractModule.a(AbstractModule.java:19)
07-07 16:17:49.093  1651  1651 W nalizableReferenceQueue: 	at com.facebook.orca.inject.FbInjectorImpl.a(FbInjectorImpl.java:61)
07-07 16:17:49.093  1651  1651 W nalizableReferenceQueue: 	at com.facebook.orca.inject.FbInjectorImpl.<init>(FbInjectorImpl.java:41)
07-07 16:17:49.093  1651  1651 W nalizableReferenceQueue: 	at com.facebook.orca.inject.FbInjector.a(FbInjector.java:40)
07-07 16:17:49.093  1651  1651 W nalizableReferenceQueue: 	at com.facebook.katana.FacebookApplication.onCreate(FacebookApplication.java:86)
07-07 16:17:49.093  1651  1651 W nalizableReferenceQueue: 	at android.app.Instrumentation.callApplicationOnCreate(Instrumentation.java:969)
07-07 16:17:49.093  1651  1651 W nalizableReferenceQueue: 	at android.app.ActivityThread.handleBindApplication(ActivityThread.java:3954)
07-07 16:17:49.093  1651  1651 W nalizableReferenceQueue: 	at android.app.ActivityThread.access$1300(ActivityThread.java:123)
07-07 16:17:49.093  1651  1651 W nalizableReferenceQueue: 	at android.app.ActivityThread$H.handleMessage(ActivityThread.java:1185)
07-07 16:17:49.093  1651  1651 W nalizableReferenceQueue: 	at android.os.Handler.dispatchMessage(Handler.java:99)
07-07 16:17:49.093  1651  1651 W nalizableReferenceQueue: 	at android.os.Looper.loop(Looper.java:137)
07-07 16:17:49.093  1651  1651 W nalizableReferenceQueue: 	at android.app.ActivityThread.main(ActivityThread.java:4424)
07-07 16:17:49.093  1651  1651 W nalizableReferenceQueue: 	at java.lang.reflect.Method.invokeNative(Native Method)
07-07 16:17:49.093  1651  1651 W nalizableReferenceQueue: 	at java.lang.reflect.Method.invoke(Method.java:511)
07-07 16:17:49.093  1651  1651 W nalizableReferenceQueue: 	at com.android.internal.os.ZygoteInit$MethodAndArgsCaller.run(ZygoteInit.java:784)
07-07 16:17:49.093  1651  1651 W nalizableReferenceQueue: 	at com.android.internal.os.ZygoteInit.main(ZygoteInit.java:551)
07-07 16:17:49.093  1651  1651 W nalizableReferenceQueue: 	at dalvik.system.NativeStart.main(Native Method)
07-07 16:17:49.093  1651  1651 I Finalizer: Couldn't access Thread.inheritableThreadLocals. Reference finalizer threads will inherit thread local values.
07-07 16:17:49.187  1651  1653 D dalvikvm: GC_CONCURRENT freed 343K, 5% free 9841K/10311K, paused 3ms+2ms
07-07 16:17:49.324  1651  1653 D dalvikvm: GC_CONCURRENT freed 353K, 5% free 9977K/10439K, paused 2ms+3ms
07-07 16:17:49.832  1651  1653 D dalvikvm: GC_CONCURRENT freed 299K, 4% free 10087K/10503K, paused 2ms+20ms
07-07 16:17:50.129  1651  1669 W Resources: Converting to string: TypedValue{t=0x10/d=0xffffffff a=-1}
07-07 16:17:50.203  1651  1653 D dalvikvm: GC_CONCURRENT freed 300K, 4% free 10269K/10695K, paused 24ms+4ms
07-07 16:17:50.832  1651  1653 D dalvikvm: GC_CONCURRENT freed 307K, 4% free 10391K/10823K, paused 2ms+5ms
07-07 16:17:51.254  1651  1653 D dalvikvm: GC_CONCURRENT freed 364K, 5% free 10449K/10951K, paused 3ms+3ms
07-07 16:17:54.008   145   408 I ActivityManager: Process com.chess (pid 1023) has died.
07-07 16:17:54.062   145   145 D dalvikvm: GC_EXPLICIT freed 448K, 22% free 16498K/20999K, paused 9ms+7ms
07-07 16:17:58.281   145   162 I ActivityManager: Start proc com.android.sprintmenu for service com.android.sprintmenu/.HiddenPhoneService: pid=1685 uid=1001 gids={3002, 3001, 3003, 1015}
07-07 16:18:01.019  1651  1653 D dalvikvm: GC_CONCURRENT freed 382K, 5% free 10496K/11015K, paused 25ms+5ms
07-07 16:18:13.867  1399  1416 D dalvikvm: GC_EXPLICIT freed 296K, 5% free 9770K/10247K, paused 2ms+6ms
07-07 16:18:16.945 27212 27212 W GeckoBatteryManager: When charging, level should increase!
07-07 16:18:18.312 27783 27785 D dalvikvm: GC_CONCURRENT freed 489K, 6% free 10326K/10951K, paused 6ms+16ms
07-07 16:18:18.351   145  1187 I ActivityManager: Start proc com.google.android.apps.maps:LocationFriendService for service com.google.android.apps.maps/com.google.googlenav.friend.reporting.LocationReceiverService: pid=1705 uid=10056 gids={3003, 1015}
07-07 16:18:18.664  1705  1708 D dalvikvm: GC_CONCURRENT freed 158K, 3% free 9374K/9607K, paused 2ms+2ms
07-07 16:18:18.726   145   384 I ActivityManager: Process android.process.acore (pid 1399) has died.
07-07 16:18:18.738   145   384 D CountryDetector: No listener is left
07-07 16:18:19.129  1705  1708 D dalvikvm: GC_CONCURRENT freed 155K, 3% free 9657K/9927K, paused 8ms+3ms
07-07 16:18:20.609  1705  1708 D dalvikvm: GC_CONCURRENT freed 243K, 4% free 9879K/10247K, paused 429ms+51ms
07-07 16:18:20.660  1705  1712 I dalvikvm: Total arena pages for JIT: 11
07-07 16:18:20.660  1705  1712 I dalvikvm: Total arena pages for JIT: 12
07-07 16:18:20.660  1705  1712 I dalvikvm: Total arena pages for JIT: 13
07-07 16:18:20.660  1705  1712 I dalvikvm: Total arena pages for JIT: 14
07-07 16:18:20.660  1705  1712 I dalvikvm: Total arena pages for JIT: 15
07-07 16:18:20.664  1705  1712 I dalvikvm: Total arena pages for JIT: 16
07-07 16:18:20.664  1705  1712 I dalvikvm: Total arena pages for JIT: 17
07-07 16:18:28.265  1214  1227 I PhoneLab-: Service Running
07-07 16:18:28.410  1214  1227 I PhoneLab-LoggerService: app_37    1466  1     1436   996   c00f181c 400107b4 S logcat
07-07 16:18:28.410  1214  1227 I PhoneLab-LoggerService: Logcat pid from database 1466
07-07 16:18:28.410  1214  1227 I PhoneLab-LoggerService: Logcat process found 1466
07-07 16:18:28.410  1214  1227 I PhoneLab-LoggerService: Checking Threshold
07-07 16:18:40.039  1730  1730 D dalvikvm: Late-enabling CheckJNI
07-07 16:18:40.039   145   162 I ActivityManager: Start proc com.chess for broadcast com.chess/.backend.AlarmReceiver: pid=1730 uid=10079 gids={3003, 1015}
07-07 16:18:40.285  1730  1733 D dalvikvm: GC_CONCURRENT freed 159K, 3% free 9372K/9607K, paused 2ms+2ms
07-07 16:18:40.453  1730  1745 D GetStringObjTask: retrieving from url = http://www.chess.com/api/get_move_status?id=y3ICtufzg6w7rQqcD3KFujVaIanpYba4bIpaeKElV1LNz3Sz4Fk9Yh5CeWaj8h4bQ2RY0CxFVgA%2ByBE5DE%2B1cAuw4i%2Bp2GVj5RbuDPEUotReGbS25iAukuBsuUd%2Fl5dp
07-07 16:18:40.804  1730  1745 D GetStringObjTask: WebRequest SERVER RESPONSE: Success+0
07-07 16:19:18.183   145   394 I ActivityManager: Process com.twitter.android (pid 1495) has died.
07-07 16:19:18.340  1124  1126 D dalvikvm: GC_CONCURRENT freed 512K, 7% free 10473K/11207K, paused 2ms+3ms
07-07 16:19:18.465  1705  1712 I dalvikvm: Total arena pages for JIT: 18
07-07 16:19:18.531  1705  1708 D dalvikvm: GC_CONCURRENT freed 416K, 6% free 9965K/10503K, paused 6ms+3ms
07-07 16:20:18.484  1705  1708 D dalvikvm: GC_CONCURRENT freed 448K, 6% free 9940K/10503K, paused 1ms+2ms
07-07 16:20:25.304   145   408 I ActivityManager: Start proc android.process.acore for content provider com.android.providers.contacts/.ContactsProvider2: pid=1773 uid=10000 gids={3003, 1015}
07-07 16:20:25.351  1773  1773 I ActivityThread: Pub call_log: com.android.providers.contacts.CallLogProvider
07-07 16:20:25.394  1773  1773 I ActivityThread: Pub com.android.voicemail: com.android.providers.contacts.VoicemailContentProvider
07-07 16:20:25.398  1773  1773 I ActivityThread: Pub user_dictionary: com.android.providers.userdictionary.UserDictionaryProvider
07-07 16:20:25.433  1773  1773 I ActivityThread: Pub com.android.social: com.android.providers.contacts.SocialProvider
07-07 16:20:25.437  1773  1773 I ActivityThread: Pub applications: com.android.providers.applications.ApplicationsProvider
07-07 16:20:25.550  1773  1773 I ActivityThread: Pub contacts;com.android.contacts: com.android.providers.contacts.ContactsProvider2
07-07 16:20:25.582  1773  1775 D dalvikvm: GC_CONCURRENT freed 340K, 5% free 9182K/9607K, paused 3ms+7ms
07-07 16:20:25.925  1773  1775 D dalvikvm: GC_CONCURRENT freed 236K, 4% free 9361K/9735K, paused 2ms+17ms
07-07 16:20:27.304  1773  1775 D dalvikvm: GC_CONCURRENT freed 166K, 4% free 9624K/9927K, paused 7ms+3ms
07-07 16:20:28.281  1214  1227 I PhoneLab-: Service Running
07-07 16:20:28.468  1214  1227 I PhoneLab-LoggerService: app_37    1466  1     1436   996   c00f181c 400107b4 S logcat
07-07 16:20:28.468  1214  1227 I PhoneLab-LoggerService: Logcat pid from database 1466
07-07 16:20:28.468  1214  1227 I PhoneLab-LoggerService: Logcat process found 1466
07-07 16:20:28.468  1214  1227 I PhoneLab-LoggerService: Checking Threshold
07-07 16:20:31.672   145   314 I ActivityManager: Process android.process.media (pid 1627) has died.
07-07 16:21:04.847  1433  1579 D dalvikvm: GC_FOR_ALLOC freed 378K, 7% free 9797K/10439K, paused 98ms
07-07 16:21:05.390  1433  1433 D dalvikvm: GC_FOR_ALLOC freed 15K, 6% free 9889K/10439K, paused 19ms
07-07 16:21:05.390  1433  1433 I dalvikvm-heap: Grow heap (frag case) to 9.979MB for 262160-byte allocation
07-07 16:21:05.418  1433  1802 D dalvikvm: GC_FOR_ALLOC freed 1K, 6% free 10143K/10759K, paused 17ms
07-07 16:21:05.449  1433  1586 D dalvikvm: GC_FOR_ALLOC freed 18K, 6% free 10143K/10759K, paused 20ms
07-07 16:21:05.449  1433  1586 I dalvikvm-heap: Grow heap (frag case) to 10.321MB for 360016-byte allocation
07-07 16:21:05.480  1433  1433 D dalvikvm: GC_FOR_ALLOC freed 0K, 6% free 10495K/11143K, paused 13ms
07-07 16:21:05.586  1433  1433 D dalvikvm: GC_FOR_ALLOC freed 608K, 9% free 10239K/11143K, paused 42ms
07-07 16:21:05.961  1418  1564 D dalvikvm: GC_FOR_ALLOC freed 1188K, 7% free 19272K/20551K, paused 48ms
07-07 16:21:05.980  1418  1564 I dalvikvm-heap: Grow heap (frag case) to 20.456MB for 1638416-byte allocation
07-07 16:21:05.980   145   384 I ActivityManager: Process com.chess (pid 1730) has died.
07-07 16:21:06.027  1418  1418 D dalvikvm: GC_FOR_ALLOC freed 208K, 7% free 20664K/22215K, paused 26ms
07-07 16:21:06.246  1418  1432 D dalvikvm: GC_EXPLICIT freed 207K, 8% free 20498K/22215K, paused 7ms+6ms
07-07 16:21:06.336  1433  1435 D dalvikvm: GC_CONCURRENT freed 394K, 9% free 10236K/11143K, paused 4ms+2ms
07-07 16:21:18.488  1124  1126 D dalvikvm: GC_CONCURRENT freed 416K, 6% free 10555K/11207K, paused 8ms+2ms
07-07 16:22:15.590   145   157 I ActivityManager: Process android.process.acore (pid 1773) has died.
07-07 16:22:15.808   145  1187 I ActivityManager: Start proc android.process.acore for content provider com.android.providers.contacts/.ContactsProvider2: pid=1816 uid=10000 gids={3003, 1015}
07-07 16:22:16.000  1816  1816 I ActivityThread: Pub call_log: com.android.providers.contacts.CallLogProvider
07-07 16:22:16.101  1816  1816 I ActivityThread: Pub com.android.voicemail: com.android.providers.contacts.VoicemailContentProvider
07-07 16:22:16.109  1816  1816 I ActivityThread: Pub user_dictionary: com.android.providers.userdictionary.UserDictionaryProvider
07-07 16:22:16.140  1816  1816 I ActivityThread: Pub com.android.social: com.android.providers.contacts.SocialProvider
07-07 16:22:16.144  1816  1816 I ActivityThread: Pub applications: com.android.providers.applications.ApplicationsProvider
07-07 16:22:16.316  1816  1818 D dalvikvm: GC_CONCURRENT freed 332K, 5% free 9147K/9607K, paused 7ms+1ms
07-07 16:22:16.316  1816  1816 I ActivityThread: Pub contacts;com.android.contacts: com.android.providers.contacts.ContactsProvider2
07-07 16:22:16.648  1816  1818 D dalvikvm: GC_CONCURRENT freed 199K, 4% free 9349K/9671K, paused 6ms+3ms
07-07 16:22:17.574  1816  1818 D dalvikvm: GC_CONCURRENT freed 223K, 4% free 9592K/9927K, paused 43ms+3ms
07-07 16:22:18.652   145   394 D dalvikvm: GC_EXPLICIT freed 1174K, 22% free 16551K/20999K, paused 7ms+9ms
07-07 16:22:18.695  1124  1126 D dalvikvm: GC_CONCURRENT freed 488K, 7% free 10470K/11207K, paused 3ms+5ms
07-07 16:22:19.187  1705  1708 D dalvikvm: GC_CONCURRENT freed 545K, 6% free 9967K/10567K, paused 12ms+9ms
07-07 16:22:28.277  1214  1227 I PhoneLab-: Service Running
07-07 16:22:28.386  1214  1227 I PhoneLab-LoggerService: app_37    1466  1     1436   996   c00f181c 400107b4 S logcat
07-07 16:22:28.386  1214  1227 I PhoneLab-LoggerService: Logcat pid from database 1466
07-07 16:22:28.386  1214  1227 I PhoneLab-LoggerService: Logcat process found 1466
07-07 16:22:28.386  1214  1227 I PhoneLab-LoggerService: Checking Threshold
07-07 16:22:30.972  1838  1838 I dalvikvm: Turning on JNI app bug workarounds for target SDK version 11...
07-07 16:22:31.004   145   174 I ActivityManager: Start proc com.twitter.android for service com.twitter.android/.client.AppService: pid=1838 uid=10064 gids={3003, 1015}
07-07 16:22:31.019   145   145 I ActivityManager: Process android.process.acore (pid 1816) has died.
07-07 16:22:31.281  1838  1838 I ActivityThread: Pub com.twitter.android.provider.GlobalDatabaseProvider: com.twitter.android.provider.GlobalDatabaseProvider
07-07 16:22:31.300  1838  1838 I ActivityThread: Pub com.twitter.android.provider.TwitterProvider: com.twitter.android.provider.TwitterProvider
07-07 16:22:31.500  1838  1839 D dalvikvm: GC_CONCURRENT freed 187K, 4% free 9286K/9607K, paused 35ms+4ms
07-07 16:22:31.883  1838  1839 D dalvikvm: GC_CONCURRENT freed 228K, 4% free 9506K/9863K, paused 5ms+5ms
07-07 16:22:32.023  1838  1839 D dalvikvm: GC_CONCURRENT freed 291K, 5% free 9631K/10055K, paused 1ms+2ms
07-07 16:22:32.175  1838  1839 D dalvikvm: GC_CONCURRENT freed 296K, 5% free 9756K/10183K, paused 2ms+1ms
07-07 16:22:32.308  1838  1839 D dalvikvm: GC_CONCURRENT freed 297K, 5% free 9881K/10311K, paused 2ms+2ms
07-07 16:22:32.437  1838  1839 D dalvikvm: GC_CONCURRENT freed 296K, 5% free 10011K/10439K, paused 2ms+2ms
07-07 16:22:32.578  1838  1839 D dalvikvm: GC_CONCURRENT freed 298K, 5% free 10137K/10567K, paused 6ms+2ms
07-07 16:22:32.730  1838  1839 D dalvikvm: GC_CONCURRENT freed 301K, 4% free 10268K/10695K, paused 2ms+2ms
07-07 16:22:32.933  1838  1839 D dalvikvm: GC_CONCURRENT freed 478K, 6% free 10215K/10823K, paused 2ms+2ms
07-07 16:22:33.074  1838  1839 D dalvikvm: GC_CONCURRENT freed 324K, 5% free 10288K/10823K, paused 1ms+2ms
07-07 16:22:33.234  1838  1839 D dalvikvm: GC_CONCURRENT freed 320K, 5% free 10376K/10823K, paused 2ms+3ms
07-07 16:22:33.375  1838  1839 D dalvikvm: GC_CONCURRENT freed 358K, 5% free 10465K/10951K, paused 2ms+2ms
07-07 16:22:33.500  1838  1839 D dalvikvm: GC_CONCURRENT freed 348K, 5% free 10545K/11015K, paused 2ms+2ms
07-07 16:22:33.640  1838  1839 D dalvikvm: GC_CONCURRENT freed 328K, 5% free 10627K/11079K, paused 2ms+2ms
07-07 16:22:33.793  1838  1839 D dalvikvm: GC_CONCURRENT freed 372K, 5% free 10714K/11207K, paused 6ms+2ms
07-07 16:22:33.937  1838  1839 D dalvikvm: GC_CONCURRENT freed 400K, 5% free 10814K/11335K, paused 1ms+2ms
07-07 16:22:34.687  1838  1839 D dalvikvm: GC_CONCURRENT freed 342K, 5% free 10997K/11463K, paused 3ms+11ms
07-07 16:23:19.070  1705  1708 D dalvikvm: GC_CONCURRENT freed 355K, 6% free 10015K/10567K, paused 15ms+2ms
07-07 16:23:19.316  1705  1708 D dalvikvm: GC_CONCURRENT freed 287K, 4% free 10225K/10631K, paused 2ms+3ms
07-07 16:23:22.281  1433  1435 D dalvikvm: GC_CONCURRENT freed 399K, 8% free 10334K/11143K, paused 20ms+34ms
07-07 16:23:22.590  1433  1435 D dalvikvm: GC_CONCURRENT freed 466K, 8% free 10310K/11143K, paused 2ms+2ms
07-07 16:23:39.988  1883  1883 D dalvikvm: Late-enabling CheckJNI
07-07 16:23:40.054   145   162 I ActivityManager: Start proc com.chess for broadcast com.chess/.backend.AlarmReceiver: pid=1883 uid=10079 gids={3003, 1015}
07-07 16:23:40.242  1883  1885 D dalvikvm: GC_CONCURRENT freed 169K, 3% free 9363K/9607K, paused 6ms+3ms
07-07 16:23:40.300   145  1186 I ActivityManager: Process com.twitter.android (pid 1838) has died.
07-07 16:23:40.371  1883  1897 D GetStringObjTask: retrieving from url = http://www.chess.com/api/get_move_status?id=y3ICtufzg6w7rQqcD3KFujVaIanpYba4bIpaeKElV1LNz3Sz4Fk9Yh5CeWaj8h4bQ2RY0CxFVgA%2ByBE5DE%2B1cAuw4i%2Bp2GVj5RbuDPEUotReGbS25iAukuBsuUd%2Fl5dp
07-07 16:23:40.636  1883  1897 D GetStringObjTask: WebRequest SERVER RESPONSE: Success+0
07-07 16:23:44.172   145   394 I ActivityManager: Start proc android.process.acore for content provider com.android.providers.contacts/.ContactsProvider2: pid=1899 uid=10000 gids={3003, 1015}
07-07 16:23:44.215  1899  1899 I ActivityThread: Pub call_log: com.android.providers.contacts.CallLogProvider
07-07 16:23:44.265  1899  1899 I ActivityThread: Pub com.android.voicemail: com.android.providers.contacts.VoicemailContentProvider
07-07 16:23:44.269  1899  1899 I ActivityThread: Pub user_dictionary: com.android.providers.userdictionary.UserDictionaryProvider
07-07 16:23:44.340  1899  1899 I ActivityThread: Pub com.android.social: com.android.providers.contacts.SocialProvider
07-07 16:23:44.340  1899  1899 I ActivityThread: Pub applications: com.android.providers.applications.ApplicationsProvider
07-07 16:23:44.508  1899  1899 I ActivityThread: Pub contacts;com.android.contacts: com.android.providers.contacts.ContactsProvider2
07-07 16:23:44.531  1899  1901 D dalvikvm: GC_CONCURRENT freed 357K, 5% free 9175K/9607K, paused 4ms+3ms
07-07 16:23:44.761 27783 32258 D dalvikvm: GC_EXPLICIT freed 282K, 6% free 10315K/10951K, paused 11ms+16ms
07-07 16:23:44.863  1899  1901 D dalvikvm: GC_CONCURRENT freed 234K, 4% free 9367K/9735K, paused 8ms+3ms
07-07 16:23:44.906   145   912 I ActivityManager: Process com.google.android.apps.maps:LocationFriendService (pid 1705) has died.
07-07 16:23:46.265  1899  1901 D dalvikvm: GC_CONCURRENT freed 182K, 4% free 9610K/9927K, paused 6ms+3ms
07-07 16:24:11.066  1418  1420 D dalvikvm: GC_CONCURRENT freed 1711K, 9% free 20750K/22599K, paused 18ms+8ms
07-07 16:24:18.570  1124  1126 D dalvikvm: GC_CONCURRENT freed 502K, 7% free 10480K/11207K, paused 9ms+13ms
07-07 16:24:18.644   145   912 I ActivityManager: Start proc com.google.android.apps.maps:LocationFriendService for service com.google.android.apps.maps/com.google.googlenav.friend.reporting.LocationReceiverService: pid=1917 uid=10056 gids={3003, 1015}
07-07 16:24:18.828  1917  1918 D dalvikvm: GC_CONCURRENT freed 175K, 3% free 9357K/9607K, paused 7ms+3ms
07-07 16:24:19.254  1917  1918 D dalvikvm: GC_CONCURRENT freed 159K, 3% free 9660K/9927K, paused 5ms+8ms
07-07 16:24:19.750   145   912 I ActivityManager: Process android.process.acore (pid 1899) has died.
07-07 16:24:19.824  1917  1918 D dalvikvm: GC_CONCURRENT freed 249K, 4% free 9875K/10247K, paused 1ms+2ms
07-07 16:24:19.879  1917  1921 I dalvikvm: Total arena pages for JIT: 11
07-07 16:24:19.883  1917  1921 I dalvikvm: Total arena pages for JIT: 12
07-07 16:24:19.883  1917  1921 I dalvikvm: Total arena pages for JIT: 13
07-07 16:24:19.883  1917  1921 I dalvikvm: Total arena pages for JIT: 14
07-07 16:24:19.883  1917  1921 I dalvikvm: Total arena pages for JIT: 15
07-07 16:24:19.883  1917  1921 I dalvikvm: Total arena pages for JIT: 16
07-07 16:24:19.883  1917  1921 I dalvikvm: Total arena pages for JIT: 17
07-07 16:24:28.320  1214  1227 I PhoneLab-: Service Running
07-07 16:24:28.386  1214  1215 D dalvikvm: GC_CONCURRENT freed 456K, 6% free 9102K/9671K, paused 2ms+1ms
07-07 16:24:28.394  1214  1227 I PhoneLab-LoggerService: app_37    1466  1     1436   996   c00f181c 400107b4 S logcat
07-07 16:24:28.394  1214  1227 I PhoneLab-LoggerService: Logcat pid from database 1466
07-07 16:24:28.394  1214  1227 I PhoneLab-LoggerService: Logcat process found 1466
07-07 16:24:28.394  1214  1227 I PhoneLab-LoggerService: Checking Threshold
07-07 16:25:18.648  1917  1921 I dalvikvm: Total arena pages for JIT: 18
07-07 16:25:18.703  1917  1918 D dalvikvm: GC_CONCURRENT freed 436K, 6% free 9954K/10503K, paused 2ms+2ms
07-07 16:26:17.375   215   217 D dalvikvm: GC_CONCURRENT freed 392K, 34% free 9691K/14663K, paused 5ms+3ms
07-07 16:26:18.656  1124  1126 D dalvikvm: GC_CONCURRENT freed 511K, 7% free 10480K/11207K, paused 1ms+4ms
07-07 16:26:28.254  1214  1227 I PhoneLab-: Service Running
07-07 16:26:28.320  1214  1227 I PhoneLab-LoggerService: app_37    1466  1     1436   996   c00f181c 400107b4 S logcat
07-07 16:26:28.320  1214  1227 I PhoneLab-LoggerService: Logcat pid from database 1466
07-07 16:26:28.320  1214  1227 I PhoneLab-LoggerService: Logcat process found 1466
07-07 16:26:28.320  1214  1227 I PhoneLab-LoggerService: Checking Threshold
07-07 16:26:54.566   145   408 D dalvikvm: GC_EXPLICIT freed 1056K, 22% free 16537K/20999K, paused 4ms+9ms
07-07 16:26:54.648  1433  1435 D dalvikvm: GC_CONCURRENT freed 539K, 9% free 10242K/11143K, paused 2ms+5ms
07-07 16:26:54.758  1433  1435 D dalvikvm: GC_CONCURRENT freed 352K, 8% free 10326K/11143K, paused 2ms+4ms
07-07 16:27:18.800  1917  1918 D dalvikvm: GC_CONCURRENT freed 508K, 6% free 9952K/10567K, paused 7ms+2ms
07-07 16:27:35.519   145   174 I ActivityManager: Start proc com.twitter.android for service com.twitter.android/.client.AppService: pid=1965 uid=10064 gids={3003, 1015}
07-07 16:27:35.582    79    79 D dalvikvm: GC_EXPLICIT freed 37K, 4% free 9027K/9347K, paused 2ms+3ms
07-07 16:27:35.625    79    79 D dalvikvm: GC_EXPLICIT freed <1K, 4% free 9027K/9347K, paused 1ms+3ms
07-07 16:27:35.672    79    79 D dalvikvm: GC_EXPLICIT freed <1K, 4% free 9027K/9347K, paused 1ms+5ms
07-07 16:27:35.675  1965  1965 I dalvikvm: Turning on JNI app bug workarounds for target SDK version 11...
07-07 16:27:35.800  1965  1965 I ActivityThread: Pub com.twitter.android.provider.GlobalDatabaseProvider: com.twitter.android.provider.GlobalDatabaseProvider
07-07 16:27:35.808  1965  1965 I ActivityThread: Pub com.twitter.android.provider.TwitterProvider: com.twitter.android.provider.TwitterProvider
07-07 16:27:35.992  1965  1967 D dalvikvm: GC_CONCURRENT freed 201K, 4% free 9286K/9607K, paused 6ms+75ms
07-07 16:27:36.336  1433  1433 D dalvikvm: GC_FOR_ALLOC freed 350K, 9% free 10244K/11143K, paused 24ms
07-07 16:27:36.371  1433  1586 D dalvikvm: GC_FOR_ALLOC freed 4K, 6% free 10496K/11143K, paused 23ms
07-07 16:27:36.371  1433  1586 I dalvikvm-heap: Grow heap (frag case) to 10.666MB for 360016-byte allocation
07-07 16:27:36.414  1433  1433 D dalvikvm: GC_FOR_ALLOC freed 0K, 6% free 10848K/11527K, paused 24ms
07-07 16:27:36.500  1433  1433 D dalvikvm: GC_FOR_ALLOC freed 349K, 9% free 10590K/11527K, paused 26ms
07-07 16:27:36.539   145   380 I ActivityManager: Process com.google.android.apps.maps:LocationFriendService (pid 1917) has died.
07-07 16:27:36.675  1433  1435 D dalvikvm: GC_CONCURRENT freed 373K, 8% free 10659K/11527K, paused 1ms+3ms
07-07 16:27:36.746  1418  1420 D dalvikvm: GC_CONCURRENT freed 1912K, 9% free 20858K/22855K, paused 4ms+9ms
07-07 16:27:37.144  1418  1564 D dalvikvm: GC_FOR_ALLOC freed 659K, 10% free 20584K/22855K, paused 42ms
07-07 16:27:37.144  1418  1564 I dalvikvm-heap: Grow heap (frag case) to 20.518MB for 360016-byte allocation
07-07 16:27:37.187  1418  1418 D dalvikvm: GC_FOR_ALLOC freed 24K, 11% free 20910K/23239K, paused 25ms
07-07 16:27:37.300  1418  1564 D dalvikvm: GC_FOR_ALLOC freed 54K, 11% free 20865K/23239K, paused 26ms
07-07 16:27:37.304  1418  1564 I dalvikvm-heap: Grow heap (frag case) to 22.012MB for 1638416-byte allocation
07-07 16:27:37.371  1418  1564 D dalvikvm: GC_FOR_ALLOC freed 3K, 10% free 22462K/24903K, paused 28ms
07-07 16:27:37.496  1965  1967 D dalvikvm: GC_CONCURRENT freed 225K, 4% free 9503K/9863K, paused 12ms+2ms
07-07 16:27:37.656  1965  1967 D dalvikvm: GC_CONCURRENT freed 294K, 5% free 9629K/10055K, paused 2ms+1ms
07-07 16:27:37.793  1965  1967 D dalvikvm: GC_CONCURRENT freed 298K, 5% free 9756K/10183K, paused 2ms+2ms
07-07 16:27:37.918  1965  1967 D dalvikvm: GC_CONCURRENT freed 296K, 5% free 9881K/10311K, paused 1ms+1ms
07-07 16:27:38.047  1965  1967 D dalvikvm: GC_CONCURRENT freed 298K, 5% free 10012K/10439K, paused 1ms+1ms
07-07 16:27:38.203  1965  1967 D dalvikvm: GC_CONCURRENT freed 297K, 4% free 10151K/10567K, paused 2ms+2ms
07-07 16:27:38.336  1965  1967 D dalvikvm: GC_CONCURRENT freed 295K, 4% free 10278K/10695K, paused 1ms+2ms
07-07 16:27:38.550  1965  1967 D dalvikvm: GC_CONCURRENT freed 480K, 6% free 10213K/10823K, paused 2ms+2ms
07-07 16:27:38.691  1965  1967 D dalvikvm: GC_CONCURRENT freed 325K, 5% free 10288K/10823K, paused 7ms+3ms
07-07 16:27:38.843  1965  1967 D dalvikvm: GC_CONCURRENT freed 319K, 5% free 10377K/10823K, paused 2ms+2ms
07-07 16:27:38.988  1965  1967 D dalvikvm: GC_CONCURRENT freed 363K, 5% free 10463K/10951K, paused 12ms+2ms
07-07 16:27:39.133  1965  1967 D dalvikvm: GC_CONCURRENT freed 346K, 5% free 10544K/11015K, paused 2ms+2ms
07-07 16:27:39.269  1965  1967 D dalvikvm: GC_CONCURRENT freed 327K, 5% free 10627K/11079K, paused 1ms+3ms
07-07 16:27:39.410  1965  1967 D dalvikvm: GC_CONCURRENT freed 372K, 5% free 10715K/11207K, paused 2ms+3ms
07-07 16:27:39.547  1965  1967 D dalvikvm: GC_CONCURRENT freed 398K, 5% free 10809K/11335K, paused 2ms+2ms
07-07 16:27:40.242  1965  1967 D dalvikvm: GC_CONCURRENT freed 337K, 5% free 11002K/11463K, paused 2ms+2ms
07-07 16:27:40.664   145   145 I ActivityManager: Process com.chess (pid 1883) has died.
07-07 16:27:42.730   145  2002 I ActivityManager: Applications Memory Usage (kB):
07-07 16:27:42.730   145  2002 I ActivityManager: Uptime: 89550014 Realtime: 93576800
07-07 16:27:42.730   145  2002 I ActivityManager: Total PSS by OOM adjustment:
07-07 16:27:42.730   145  2002 I ActivityManager:     28983 kB: System
07-07 16:27:42.730   145  2002 I ActivityManager:                28983 kB: system (pid 145)
07-07 16:27:42.730   145  2002 I ActivityManager:     25473 kB: Persistent
07-07 16:27:42.730   145  2002 I ActivityManager:                11139 kB: com.android.systemui (pid 215)
07-07 16:27:42.730   145  2002 I ActivityManager:                10470 kB: com.android.phone (pid 344)
07-07 16:27:42.730   145  2002 I ActivityManager:                 3864 kB: com.android.nfc (pid 358)
07-07 16:27:42.730   145  2002 I ActivityManager:     39257 kB: Foreground
07-07 16:27:42.730   145  2002 I ActivityManager:                39257 kB: com.spotify.mobile.android.ui (pid 1418)
07-07 16:27:42.730   145  2002 I ActivityManager:     27030 kB: Visible
07-07 16:27:42.730   145  2002 I ActivityManager:                13043 kB: com.spotify.mobile.android.service (pid 1433)
07-07 16:27:42.730   145  2002 I ActivityManager:                11308 kB: com.twitter.android (pid 1965)
07-07 16:27:42.730   145  2002 I ActivityManager:                 2679 kB: com.android.smspush (pid 442)
07-07 16:27:42.730   145  2002 I ActivityManager:      6834 kB: Perceptible
07-07 16:27:42.730   145  2002 I ActivityManager:                 6834 kB: com.klye.ime.latin (pid 323)
07-07 16:27:42.730   145  2002 I ActivityManager:     29892 kB: A Services
07-07 16:27:42.730   145  2002 I ActivityManager:                11478 kB: com.google.process.gapps (pid 27783)
07-07 16:27:42.730   145  2002 I ActivityManager:                 8179 kB: com.facebook.katana (pid 1651)
07-07 16:27:42.730   145  2002 I ActivityManager:                 7492 kB: com.google.android.apps.maps:NetworkLocationService (pid 1124)
07-07 16:27:42.730   145  2002 I ActivityManager:                 2743 kB: com.android.sprintmenu (pid 1685)
07-07 16:27:42.730   145  2002 I ActivityManager:     11473 kB: Home
07-07 16:27:42.730   145  2002 I ActivityManager:                11473 kB: com.android.launcher (pid 373)
07-07 16:27:42.730   145  2002 I ActivityManager:     62697 kB: Previous
07-07 16:27:42.730   145  2002 I ActivityManager:                62697 kB: org.mozilla.firefox_beta (pid 27212)
07-07 16:27:42.730   145  2002 I ActivityManager:     29792 kB: B Services
07-07 16:27:42.730   145  2002 I ActivityManager:                 9269 kB: com.google.android.apps.plus (pid 1612)
07-07 16:27:42.730   145  2002 I ActivityManager:                 6145 kB: com.google.android.apps.maps (pid 27668)
07-07 16:27:42.730   145  2002 I ActivityManager:                 5665 kB: com.whatsapp (pid 1163)
07-07 16:27:42.730   145  2002 I ActivityManager:                 5295 kB: com.google.android.apps.googlevoice (pid 1505)
07-07 16:27:42.730   145  2002 I ActivityManager:                 3418 kB: edu.buffalo.cse.phonelab.phonelabservices (pid 1214)
07-07 16:27:42.730   145  2002 I ActivityManager: 
07-07 16:27:42.730   145  2002 I ActivityManager: Total PSS: 261431 kB
07-07 16:27:42.730   145  2002 I ActivityManager:   PID      Vss      Rss      Pss      Uss  cmdline
07-07 16:27:42.730   145  2002 I ActivityManager: 27212   79136K   79092K   62782K   61808K  org.mozilla.firefox_beta
07-07 16:27:42.730   145  2002 I ActivityManager:  1418   60496K   60340K   39314K   36024K  com.spotify.mobile.android.ui
07-07 16:27:42.730   145  2002 I ActivityManager:   145   46084K   46008K   29139K   27792K  system_server
07-07 16:27:42.730   145  2002 I ActivityManager:  1433   31616K   31552K   13091K   11708K  com.spotify.mobile.android.service
07-07 16:27:42.730   145  2002 I ActivityManager:  1965   30588K   30528K   11552K    9892K  com.twitter.android
07-07 16:27:42.730   145  2002 I ActivityManager: 27783   28492K   28408K   11524K   10520K  com.google.process.gapps
07-07 16:27:42.730   145  2002 I ActivityManager:   373   27904K   27852K   11524K   10416K  com.android.launcher
07-07 16:27:42.730   145  2002 I ActivityManager:    78   19664K   16664K   11295K    6800K  /system/bin/surfaceflinger
07-07 16:27:42.730   145  2002 I ActivityManager:   215   30664K   30576K   11187K    7220K  com.android.systemui
07-07 16:27:42.730   145  2002 I ActivityManager:   344   26092K   26052K   10519K    9672K  com.android.phone
07-07 16:27:42.730   145  2002 I ActivityManager:  1612   27764K   27696K    9316K    8120K  com.google.android.apps.plus
07-07 16:27:42.730   145  2002 I ActivityManager:  1651   26920K   26852K    8234K    6896K  com.facebook.katana
07-07 16:27:42.730   145  2002 I ActivityManager:  1124   25232K   25172K    7540K    6396K  com.google.android.apps.maps:NetworkLocationService
07-07 16:27:42.730   145  2002 I ActivityManager:   323   22824K   22764K    6883K    6008K  com.klye.ime.latin
07-07 16:27:42.730   145  2002 I ActivityManager: 27668   22660K   22596K    6195K    5292K  com.google.android.apps.maps
07-07 16:27:42.730   145  2002 I ActivityManager:  1163   23788K   23720K    5717K    4612K  com.whatsapp
07-07 16:27:42.730   145  2002 I ActivityManager:  1505   23844K   23780K    5347K    4160K  com.google.android.apps.googlevoice
07-07 16:27:42.730   145  2002 I ActivityManager:   358   19716K   19656K    3911K    3060K  com.android.nfc
07-07 16:27:42.730   145  2002 I ActivityManager:  1214   21588K   21520K    3465K    2352K  edu.buffalo.cse.phonelab.phonelabservices
07-07 16:27:42.730   145  2002 I ActivityManager:  1685   20768K   20664K    2797K    1616K  com.android.sprintmenu
07-07 16:27:42.730   145  2002 I ActivityManager:   442   18880K   18768K    2728K    1752K  com.android.smspush
07-07 16:27:42.730   145  2002 I ActivityManager:    79   19296K   19168K    2431K    1308K  zygote
07-07 16:27:42.730   145  2002 I ActivityManager:    81    2580K    2580K    2032K    1904K  /system/bin/mediaserver
07-07 16:27:42.730   145  2002 I ActivityManager:    80    1220K    1220K     887K     876K  /system/bin/drmserver
07-07 16:27:42.730   145  2002 I ActivityManager:  1466    1000K     996K     848K     844K  logcat
07-07 16:27:42.730   145  2002 I ActivityManager:    77     968K     968K     629K     612K  /system/bin/rild
07-07 16:27:42.730   145  2002 I ActivityManager:    75     808K     804K     600K     584K  /system/bin/netd
07-07 16:27:42.730   145  2002 I ActivityManager:   275     940K     936K     559K     512K  /system/bin/wpa_supplicant
07-07 16:27:42.730   145  2002 I ActivityManager:  2004     716K     708K     547K     532K  procrank
07-07 16:27:42.730   145  2002 I ActivityManager:    86     552K     548K     328K     320K  /system/vendor/bin/gpsd
07-07 16:27:42.730   145  2002 I ActivityManager:    72     456K     452K     292K     284K  /system/bin/vold
07-07 16:27:42.730   145  2002 I ActivityManager:   298     436K     436K     280K     276K  /system/bin/bluetoothd
07-07 16:27:42.730   145  2002 I ActivityManager:    88     200K     200K     184K     184K  /sbin/adbd
07-07 16:27:42.730   145  2002 I ActivityManager: 32220     336K     332K     180K     176K  /system/bin/dhcpcd
07-07 16:27:42.730   145  2002 I ActivityManager:    85     264K     256K     162K     160K  /system/bin/keystore
07-07 16:27:42.730   145  2002 I ActivityManager:    82     284K     276K     143K     140K  /system/bin/dbus-daemon
07-07 16:27:42.730   145  2002 I ActivityManager:     1     204K     204K     142K     104K  /init
07-07 16:27:42.730   145  2002 I ActivityManager:    61     160K     160K     122K      84K  /sbin/ueventd
07-07 16:27:42.730   145  2002 I ActivityManager:   
07-07 16:27:43.633  1965  1967 D dalvikvm: GC_CONCURRENT freed 457K, 6% free 11190K/11783K, paused 4ms+6ms
07-07 16:27:48.429   358   358 D dalvikvm: GC_EXPLICIT freed 248K, 6% free 9101K/9607K, paused 70ms+2ms
07-07 16:27:53.410  1418  1418 D dalvikvm: GC_EXPLICIT freed 1133K, 15% free 21408K/24903K, paused 28ms+4ms
07-07 16:27:58.371  1433  1433 D dalvikvm: GC_EXPLICIT freed 261K, 9% free 10580K/11527K, paused 41ms+2ms
07-07 16:28:04.277   145   156 I ActivityManager: Start proc com.facebook.orca for broadcast com.facebook.orca/.analytics.HoneyAnalyticsPeriodicReporter$ReporterBroadcastReceiver: pid=2008 uid=10062 gids={3003, 1015, 1006}
07-07 16:28:04.312  2008  2008 I dalvikvm: Turning on JNI app bug workarounds for target SDK version 10...
07-07 16:28:04.496  2008  2008 I ActivityThread: Pub com.facebook.orca.notify.MessengerLoggedInUserProvider: com.facebook.orca.notify.MessengerLoggedInUserProvider
07-07 16:28:04.523  2008  2008 I ActivityThread: Pub com.facebook.orca.notify.MessengerForegroundProvider: com.facebook.orca.notify.MessengerForegroundProvider
07-07 16:28:04.531  2008  2008 V orca:OrcaApplication: Forcing initialization of AsyncTask
07-07 16:28:04.644  2008  2008 I Finalizer: Couldn't access Thread.inheritableThreadLocals. Reference finalizer threads will inherit thread local values.
07-07 16:28:04.648  2008  2010 D dalvikvm: GC_CONCURRENT freed 218K, 4% free 9313K/9607K, paused 3ms+2ms
07-07 16:28:04.691   145   157 I ActivityManager: Process com.twitter.android (pid 1965) has died.
07-07 16:28:04.820  1651  1653 D dalvikvm: GC_CONCURRENT freed 338K, 5% free 10629K/11079K, paused 19ms+25ms
07-07 16:28:04.875  2008  2010 D dalvikvm: GC_CONCURRENT freed 373K, 5% free 9456K/9927K, paused 2ms+2ms
07-07 16:28:04.961  2008  2008 W OrcaGuiceModule: Sig: ijxLJi1yGs1JpL-X1SExmchvork
07-07 16:28:05.058  2008  2010 D dalvikvm: GC_CONCURRENT freed 345K, 5% free 9605K/10055K, paused 2ms+9ms
07-07 16:28:05.648  2008  2023 W Resources: Converting to string: TypedValue{t=0x10/d=0xffffffff a=-1}
07-07 16:28:05.859  2008  2010 D dalvikvm: GC_CONCURRENT freed 293K, 4% free 9879K/10247K, paused 3ms+3ms
07-07 16:28:05.992  2008  2008 D ACRA    : Retrieve application default SharedPreferences.
07-07 16:28:05.992  2008  2008 D ACRA    : Set OnSharedPreferenceChangeListener.
07-07 16:28:05.996  2008  2008 D ACRA    : ACRA is enabled for com.facebook.orca, intializing...
07-07 16:28:06.035  2008  2010 D dalvikvm: GC_CONCURRENT freed 271K, 4% free 10119K/10503K, paused 2ms+3ms
07-07 16:28:06.039  2008  2008 D ACRA    : Looking for error files in /data/data/com.facebook.orca/app_acra-reports
07-07 16:28:06.082  2008  2023 D dalvikvm: GC_FOR_ALLOC freed 276K, 6% free 10174K/10759K, paused 37ms
07-07 16:28:06.160  2008  2023 D dalvikvm: GC_FOR_ALLOC freed 263K, 6% free 10263K/10823K, paused 26ms
07-07 16:28:06.707  2008  2023 D dalvikvm: GC_FOR_ALLOC freed 98K, 5% free 10332K/10823K, paused 476ms
07-07 16:28:07.406  2008  2010 D dalvikvm: GC_CONCURRENT freed 356K, 4% free 10520K/10951K, paused 2ms+3ms
07-07 16:28:07.574  2008  2010 D dalvikvm: GC_CONCURRENT freed 177K, 3% free 10893K/11143K, paused 2ms+3ms
07-07 16:28:07.773  2008  2010 D dalvikvm: GC_CONCURRENT freed 390K, 4% free 11190K/11655K, paused 3ms+3ms
07-07 16:28:10.601   145   157 I ActivityManager: Start proc android.process.acore for content provider com.android.providers.contacts/.ContactsProvider2: pid=2036 uid=10000 gids={3003, 1015}
07-07 16:28:10.695  2036  2036 I ActivityThread: Pub call_log: com.android.providers.contacts.CallLogProvider
07-07 16:28:10.769  2036  2036 I ActivityThread: Pub com.android.voicemail: com.android.providers.contacts.VoicemailContentProvider
07-07 16:28:10.781  2036  2036 I ActivityThread: Pub user_dictionary: com.android.providers.userdictionary.UserDictionaryProvider
07-07 16:28:10.812  2036  2036 I ActivityThread: Pub com.android.social: com.android.providers.contacts.SocialProvider
07-07 16:28:10.816  2036  2036 I ActivityThread: Pub applications: com.android.providers.applications.ApplicationsProvider
07-07 16:28:11.008  2036  2038 D dalvikvm: GC_CONCURRENT freed 329K, 5% free 9136K/9543K, paused 3ms+2ms
07-07 16:28:11.008  2036  2036 I ActivityThread: Pub contacts;com.android.contacts: com.android.providers.contacts.ContactsProvider2
07-07 16:28:11.062   145  1189 I ActivityManager: Process com.facebook.orca (pid 2008) has died.
07-07 16:28:11.277  2036  2038 D dalvikvm: GC_CONCURRENT freed 197K, 4% free 9354K/9671K, paused 2ms+2ms
07-07 16:28:12.285  2036  2038 D dalvikvm: GC_CONCURRENT freed 228K, 4% free 9568K/9927K, paused 2ms+2ms
07-07 16:28:16.293   145   161 D dalvikvm: GC_EXPLICIT freed 1530K, 22% free 16534K/20999K, paused 10ms+8ms
07-07 16:28:16.308   145   380 I ActivityManager: Process android.process.acore (pid 2036) has died.
07-07 16:28:18.718  1124  1126 D dalvikvm: GC_CONCURRENT freed 505K, 7% free 10486K/11207K, paused 2ms+3ms
07-07 16:28:18.758   145   913 I ActivityManager: Start proc com.google.android.apps.maps:LocationFriendService for service com.google.android.apps.maps/com.google.googlenav.friend.reporting.LocationReceiverService: pid=2075 uid=10056 gids={3003, 1015}
07-07 16:28:18.898  2075  2078 D dalvikvm: GC_CONCURRENT freed 158K, 3% free 9374K/9607K, paused 8ms+4ms
07-07 16:28:19.324  2075  2078 D dalvikvm: GC_CONCURRENT freed 155K, 3% free 9661K/9927K, paused 10ms+3ms
07-07 16:28:19.992  2075  2078 D dalvikvm: GC_CONCURRENT freed 274K, 4% free 9846K/10247K, paused 2ms+3ms
07-07 16:28:20.203   145  1186 D dalvikvm: GC_EXPLICIT freed 124K, 22% free 16490K/20999K, paused 4ms+7ms
07-07 16:28:20.258  2075  2082 I dalvikvm: Total arena pages for JIT: 11
07-07 16:28:20.258  2075  2082 I dalvikvm: Total arena pages for JIT: 12
07-07 16:28:20.258  2075  2082 I dalvikvm: Total arena pages for JIT: 13
07-07 16:28:20.258  2075  2082 I dalvikvm: Total arena pages for JIT: 14
07-07 16:28:20.261  2075  2082 I dalvikvm: Total arena pages for JIT: 15
07-07 16:28:20.261  2075  2082 I dalvikvm: Total arena pages for JIT: 16
07-07 16:28:20.261  2075  2082 I dalvikvm: Total arena pages for JIT: 17
07-07 16:28:20.367  2075  2078 D dalvikvm: GC_CONCURRENT freed 374K, 5% free 9989K/10439K, paused 5ms+3ms
07-07 16:28:20.410  2075  2082 I dalvikvm: Total arena pages for JIT: 18
07-07 16:28:20.906  2075  2078 D dalvikvm: GC_CONCURRENT freed 435K, 6% free 10010K/10567K, paused 3ms+5ms
07-07 16:28:24.054   215   215 D dalvikvm: GC_EXPLICIT freed 73K, 34% free 9684K/14663K, paused 4ms+3ms
07-07 16:28:28.289  1214  1227 I PhoneLab-: Service Running
07-07 16:28:28.379  1214  1227 I PhoneLab-LoggerService: app_37    1466  1     1436   996   c00f181c 400107b4 S logcat
07-07 16:28:28.379  1214  1227 I PhoneLab-LoggerService: Logcat pid from database 1466
07-07 16:28:28.379  1214  1227 I PhoneLab-LoggerService: Logcat process found 1466
07-07 16:28:28.379  1214  1227 I PhoneLab-LoggerService: Checking Threshold
07-07 16:28:29.136   344   344 D dalvikvm: GC_EXPLICIT freed 519K, 8% free 11810K/12743K, paused 9ms+4ms
07-07 16:28:34.047   442   442 D dalvikvm: GC_EXPLICIT freed 61K, 4% free 9035K/9347K, paused 3ms+2ms
07-07 16:28:39.054   323   323 D dalvikvm: GC_EXPLICIT freed 133K, 22% free 10099K/12807K, paused 2ms+4ms
07-07 16:28:40.027  2105  2105 D dalvikvm: Late-enabling CheckJNI
07-07 16:28:40.027   145   162 I ActivityManager: Start proc com.chess for broadcast com.chess/.backend.AlarmReceiver: pid=2105 uid=10079 gids={3003, 1015}
07-07 16:28:40.187   145   157 I ActivityManager: Process com.google.android.apps.maps:NetworkLocationService (pid 1124) has died.
07-07 16:28:40.187   145   157 W ActivityManager: Scheduling restart of crashed service com.google.android.apps.maps/com.google.android.location.internal.server.NetworkLocationService in 5000ms
07-07 16:28:40.226  2105  2108 D dalvikvm: GC_CONCURRENT freed 159K, 3% free 9373K/9607K, paused 3ms+2ms
07-07 16:28:40.359  2105  2119 D GetStringObjTask: retrieving from url = http://www.chess.com/api/get_move_status?id=y3ICtufzg6w7rQqcD3KFujVaIanpYba4bIpaeKElV1LNz3Sz4Fk9Yh5CeWaj8h4bQ2RY0CxFVgA%2ByBE5DE%2B1cAuw4i%2Bp2GVj5RbuDPEUotReGbS25iAukuBsuUd%2Fl5dp
07-07 16:28:40.617  2105  2119 D GetStringObjTask: WebRequest SERVER RESPONSE: Success+0
07-07 16:28:45.258   145   162 I ActivityManager: Start proc com.google.android.apps.maps:NetworkLocationService for service com.google.android.apps.maps/com.google.android.location.internal.server.NetworkLocationService: pid=2121 uid=10056 gids={3003, 1015}
07-07 16:28:45.343   145  1187 I ActivityManager: Process com.whatsapp (pid 1163) has died.
07-07 16:28:45.343   145  1187 W ActivityManager: Scheduling restart of crashed service com.whatsapp/.messaging.MessageService in 5000ms
07-07 16:28:45.383  2121  2123 D dalvikvm: GC_CONCURRENT freed 163K, 3% free 9369K/9607K, paused 2ms+2ms
07-07 16:28:45.699   373   373 D dalvikvm: GC_EXPLICIT freed 592K, 22% free 11717K/14983K, paused 2ms+25ms
07-07 16:28:45.722  2121  2123 D dalvikvm: GC_CONCURRENT freed 162K, 3% free 9679K/9927K, paused 1ms+3ms
07-07 16:28:45.980  2121  2123 D dalvikvm: GC_CONCURRENT freed 166K, 3% free 10069K/10311K, paused 2ms+5ms
07-07 16:28:46.203  2121  2123 D dalvikvm: GC_CONCURRENT freed 666K, 8% free 9883K/10631K, paused 2ms+1ms
07-07 16:28:46.269   145   162 I ActivityManager: Start proc com.google.android.apps.maps:FriendService for broadcast com.google.android.apps.maps/com.google.googlenav.friend.android.ServiceReceiver: pid=2142 uid=10056 gids={3003, 1015}
07-07 16:28:46.402  2142  2145 D dalvikvm: GC_CONCURRENT freed 165K, 3% free 9366K/9607K, paused 2ms+2ms
07-07 16:28:46.547  2142  2145 D dalvikvm: GC_CONCURRENT freed 202K, 3% free 9712K/9991K, paused 1ms+3ms
07-07 16:28:46.711  2121  2128 I dalvikvm: Total arena pages for JIT: 11
07-07 16:28:46.711  2121  2128 I dalvikvm: Total arena pages for JIT: 12
07-07 16:28:46.715  2121  2128 I dalvikvm: Total arena pages for JIT: 13
07-07 16:28:46.715  2121  2128 I dalvikvm: Total arena pages for JIT: 14
07-07 16:28:46.715  2121  2128 I dalvikvm: Total arena pages for JIT: 15
07-07 16:28:46.718  2121  2128 I dalvikvm: Total arena pages for JIT: 16
07-07 16:28:46.718  2121  2128 I dalvikvm: Total arena pages for JIT: 17
07-07 16:28:46.828  2121  2128 I dalvikvm: Total arena pages for JIT: 18
07-07 16:28:46.949  2121  2123 D dalvikvm: GC_CONCURRENT freed 205K, 5% free 10189K/10631K, paused 1ms+8ms
07-07 16:28:47.429  2121  2123 D dalvikvm: GC_CONCURRENT freed 387K, 5% free 10356K/10823K, paused 1ms+3ms
07-07 16:28:47.750  2121  2123 D dalvikvm: GC_CONCURRENT freed 517K, 6% free 10350K/10951K, paused 3ms+9ms
07-07 16:28:47.816   145  1189 I ActivityManager: Process com.chess (pid 2105) has died.
07-07 16:28:48.582  2121  2123 D dalvikvm: GC_CONCURRENT freed 395K, 5% free 10466K/10951K, paused 2ms+3ms
07-07 16:28:48.840  2075  2078 D dalvikvm: GC_CONCURRENT freed 402K, 5% free 10125K/10631K, paused 2ms+3ms
07-07 16:28:48.965  2121  2123 D dalvikvm: GC_CONCURRENT freed 406K, 5% free 10559K/11079K, paused 2ms+4ms
07-07 16:28:50.425   145   162 I ActivityManager: Start proc com.whatsapp for service com.whatsapp/.messaging.MessageService: pid=2159 uid=10068 gids={1015, 3003}
07-07 16:28:50.433  2159  2159 I dalvikvm: Turning on JNI app bug workarounds for target SDK version 7...
07-07 16:28:50.668  2159  2161 D dalvikvm: GC_CONCURRENT freed 170K, 3% free 9349K/9607K, paused 2ms+3ms
07-07 16:28:50.754   145   329 I ActivityManager: Process edu.buffalo.cse.phonelab.phonelabservices (pid 1214) has died.
07-07 16:28:50.754   145   329 W ActivityManager: Scheduling restart of crashed service edu.buffalo.cse.phonelab.phonelabservices/edu.buffalo.cse.phonelab.datalogger.LoggerService in 5000ms
07-07 16:28:50.984  2159  2161 D dalvikvm: GC_CONCURRENT freed 294K, 4% free 9616K/9991K, paused 3ms+4ms
07-07 16:28:51.238   145  1188 I ActivityManager: Start proc android.process.acore for content provider com.android.providers.contacts/.ContactsProvider2: pid=2179 uid=10000 gids={3003, 1015}
07-07 16:28:51.293   145   384 I ActivityManager: Process com.google.android.apps.maps:LocationFriendService (pid 2075) has died.
07-07 16:28:51.312  2179  2179 I ActivityThread: Pub call_log: com.android.providers.contacts.CallLogProvider
07-07 16:28:51.359  2179  2179 I ActivityThread: Pub com.android.voicemail: com.android.providers.contacts.VoicemailContentProvider
07-07 16:28:51.359  2179  2179 I ActivityThread: Pub user_dictionary: com.android.providers.userdictionary.UserDictionaryProvider
07-07 16:28:51.402  2179  2179 I ActivityThread: Pub com.android.social: com.android.providers.contacts.SocialProvider
07-07 16:28:51.402  2179  2179 I ActivityThread: Pub applications: com.android.providers.applications.ApplicationsProvider
07-07 16:28:51.476  2159  2159 I dalvikvm: Could not find method android.media.MediaMetadataRetriever.captureFrame, referenced from method com.whatsapp.q3.a
07-07 16:28:51.476  2159  2159 W dalvikvm: VFY: unable to resolve virtual method 502: Landroid/media/MediaMetadataRetriever;.captureFrame ()Landroid/graphics/Bitmap;
07-07 16:28:51.476  2159  2159 D dalvikvm: VFY: replacing opcode 0x6e at 0x0134
07-07 16:28:51.590  2179  2179 I ActivityThread: Pub contacts;com.android.contacts: com.android.providers.contacts.ContactsProvider2
07-07 16:28:51.652  2179  2181 D dalvikvm: GC_CONCURRENT freed 352K, 5% free 9180K/9607K, paused 2ms+8ms
07-07 16:28:51.730  2159  2161 D dalvikvm: GC_CONCURRENT freed 446K, 6% free 9722K/10247K, paused 5ms+5ms
07-07 16:28:51.965  2159  2161 D dalvikvm: GC_CONCURRENT freed 172K, 4% free 9997K/10311K, paused 2ms+5ms
07-07 16:28:52.300  2179  2181 D dalvikvm: GC_CONCURRENT freed 238K, 4% free 9362K/9735K, paused 2ms+2ms
07-07 16:28:53.843   145   156 I ActivityManager: Process com.google.android.apps.maps:FriendService (pid 2142) has died.
07-07 16:28:55.078  2179  2181 D dalvikvm: GC_CONCURRENT freed 206K, 4% free 9586K/9927K, paused 26ms+3ms
07-07 16:28:55.800   145   162 I ActivityManager: Start proc edu.buffalo.cse.phonelab.phonelabservices for service edu.buffalo.cse.phonelab.phonelabservices/edu.buffalo.cse.phonelab.datalogger.LoggerService: pid=2206 uid=10037 gids={3003, 1015, 1007, 2001}
07-07 16:28:55.922  2206  2206 I PhoneLab-LoggerService: Start Logger Service
07-07 16:28:55.961  2206  2219 I PhoneLab-: Service Running
07-07 16:28:56.398  2206  2219 I PhoneLab-LoggerService: app_37    1466  1     1436   996   c00f181c 400107b4 S logcat
07-07 16:28:56.398  2206  2219 I PhoneLab-LoggerService: Logcat pid from database 1466
07-07 16:28:56.398  2206  2219 I PhoneLab-LoggerService: Logcat process found 1466
07-07 16:28:56.398  2206  2219 I PhoneLab-LoggerService: Checking Threshold
07-07 16:28:58.910   358   358 D dalvikvm: GC_EXPLICIT freed 2K, 6% free 9098K/9607K, paused 4ms+5ms
07-07 16:29:01.836 27783 28495 I EventLogService: Aggregate from 1341691141693 (log), 1341691141693 (data)
07-07 16:29:07.074  1418  1418 D dalvikvm: GC_EXPLICIT freed 274K, 14% free 21474K/24903K, paused 55ms+6ms
07-07 16:29:07.742  2159  2161 D dalvikvm: GC_CONCURRENT freed 548K, 7% free 9880K/10567K, paused 622ms+3ms
07-07 16:29:12.058  1433  1433 D dalvikvm: GC_EXPLICIT freed 2K, 9% free 10578K/11527K, paused 2ms+3ms
07-07 16:29:17.238   145   161 D dalvikvm: GC_EXPLICIT freed 540K, 22% free 16527K/20999K, paused 37ms+7ms
07-07 16:29:22.062   215   215 D dalvikvm: GC_EXPLICIT freed 36K, 34% free 9680K/14663K, paused 2ms+3ms
07-07 16:29:27.203   344   344 D dalvikvm: GC_EXPLICIT freed 37K, 8% free 11778K/12743K, paused 83ms+4ms
07-07 16:29:32.121   442   442 D dalvikvm: GC_EXPLICIT freed 1K, 4% free 9033K/9347K, paused 10ms+2ms
07-07 16:29:37.086   323   323 D dalvikvm: GC_EXPLICIT freed <1K, 22% free 10098K/12807K, paused 2ms+4ms
07-07 16:29:42.101 27212 27212 E GeckoApp: low memory
07-07 16:29:42.199 27212 27212 D dalvikvm: GC_EXPLICIT freed 338K, 21% free 10830K/13703K, paused 7ms+7ms
07-07 16:29:48.988   145  1184 I ActivityManager: Start proc com.google.android.apps.maps:LocationFriendService for service com.google.android.apps.maps/com.google.googlenav.friend.reporting.LocationReceiverService: pid=2223 uid=10056 gids={3003, 1015}
07-07 16:29:49.172  2223  2226 D dalvikvm: GC_CONCURRENT freed 175K, 3% free 9356K/9607K, paused 3ms+3ms
07-07 16:29:49.621  2223  2226 D dalvikvm: GC_CONCURRENT freed 161K, 3% free 9658K/9927K, paused 40ms+2ms
07-07 16:29:50.222  2223  2226 D dalvikvm: GC_CONCURRENT freed 272K, 4% free 9893K/10247K, paused 4ms+2ms
07-07 16:29:50.371   145   394 I ActivityManager: Process android.process.acore (pid 2179) has died.
07-07 16:29:53.859 27668 27668 D dalvikvm: GC_EXPLICIT freed 138K, 4% free 10918K/11271K, paused 2ms+3ms
07-07 16:30:01.582    81   124 W AudioTrack: stepServer() could not lock cblk
07-07 16:30:05.082   373   373 D dalvikvm: GC_EXPLICIT freed 2K, 22% free 11714K/14983K, paused 3ms+5ms
07-07 16:30:10.168  1505  1505 D dalvikvm: GC_EXPLICIT freed 92K, 5% free 9809K/10311K, paused 64ms+3ms
07-07 16:30:15.183  1612  1612 D dalvikvm: GC_EXPLICIT freed 341K, 7% free 12693K/13511K, paused 13ms+3ms
07-07 16:30:20.082  1685  1685 D dalvikvm: GC_EXPLICIT freed 46K, 4% free 9052K/9347K, paused 4ms+3ms
07-07 16:30:25.199  1651  1651 D dalvikvm: GC_EXPLICIT freed 143K, 5% free 10623K/11079K, paused 12ms+4ms
07-07 16:30:30.156 27783 27783 D dalvikvm: GC_EXPLICIT freed 326K, 6% free 10341K/10951K, paused 25ms+12ms
07-07 16:30:49.027  2121  2123 D dalvikvm: GC_CONCURRENT freed 637K, 7% free 10461K/11207K, paused 2ms+5ms
07-07 16:30:49.035  2223  2230 I dalvikvm: Total arena pages for JIT: 11
07-07 16:30:49.035  2223  2230 I dalvikvm: Total arena pages for JIT: 12
07-07 16:30:49.039  2223  2230 I dalvikvm: Total arena pages for JIT: 13
07-07 16:30:49.043  2223  2230 I dalvikvm: Total arena pages for JIT: 14
07-07 16:30:49.043  2223  2230 I dalvikvm: Total arena pages for JIT: 15
07-07 16:30:49.043  2223  2230 I dalvikvm: Total arena pages for JIT: 16
07-07 16:30:49.043  2223  2230 I dalvikvm: Total arena pages for JIT: 17
07-07 16:30:49.125  2223  2226 D dalvikvm: GC_CONCURRENT freed 442K, 5% free 9984K/10503K, paused 2ms+3ms
07-07 16:30:55.961  2206  2219 I PhoneLab-: Service Running
07-07 16:30:56.082  2206  2219 I PhoneLab-LoggerService: app_37    1466  1     1436   996   c00f181c 400107b4 S logcat
07-07 16:30:56.082  2206  2219 I PhoneLab-LoggerService: Logcat pid from database 1466
07-07 16:30:56.082  2206  2219 I PhoneLab-LoggerService: Logcat process found 1466
07-07 16:30:56.082  2206  2219 I PhoneLab-LoggerService: Checking Threshold
07-07 16:31:49.066  2223  2230 I dalvikvm: Total arena pages for JIT: 18
07-07 16:32:05.140  2206  2206 I PhoneLab-Locks: wake lock acquired
07-07 16:32:05.152  2206  2252 I PhoneLab-PeriodicCheckService: User info is synched
07-07 16:32:05.156  2206  2252 I PhoneLab-PeriodicCheckService: Logger Service is running
07-07 16:32:05.164  2206  2206 I PhoneLab-Locks: wake lock acquired
07-07 16:32:05.168  2206  2206 I PhoneLab-StatusMonitor: Status Monitoring is started
07-07 16:32:05.175  2206  2252 I PhoneLab-Locks: wake lock acquired
07-07 16:32:05.175  2206  2252 I PhoneLab-PeriodicCheckService: Rescheduling periodic checking...
07-07 16:32:05.179  2206  2252 I PhoneLab-Locks: wake lock released
07-07 16:32:05.207  2206  2206 E PhoneLab-PhoneLabManifest: java.io.FileNotFoundException: /data/data/edu.buffalo.cse.phonelab.phonelabservices/files/manifest.xml: open failed: ENOENT (No such file or directory)
07-07 16:32:05.250  2206  2206 I PhoneLab-Locks: wake lock released
07-07 16:32:05.254  2206  2206 I PhoneLab-UploadLogs: Transfering log files now
07-07 16:32:05.254  2206  2206 I PhoneLab-UploadLogs: No log files to transfer
07-07 16:32:05.254  2206  2206 I PhoneLab-Locks: wake lock released
07-07 16:32:05.254  2206  2206 I PhoneLab-UploadLogs: OnStartCommand
07-07 16:32:13.929   145   314 I ActivityManager: Start proc android.process.acore for content provider com.android.providers.contacts/.ContactsProvider2: pid=2253 uid=10000 gids={3003, 1015}
07-07 16:32:13.988    79    79 D dalvikvm: GC_EXPLICIT freed 38K, 4% free 9027K/9347K, paused 2ms+10ms
07-07 16:32:14.019    79    79 D dalvikvm: GC_EXPLICIT freed <1K, 4% free 9027K/9347K, paused 3ms+2ms
07-07 16:32:14.043    79    79 D dalvikvm: GC_EXPLICIT freed <1K, 4% free 9027K/9347K, paused 1ms+2ms
07-07 16:32:14.117  2253  2253 I ActivityThread: Pub call_log: com.android.providers.contacts.CallLogProvider
07-07 16:32:14.242  2253  2253 I ActivityThread: Pub com.android.voicemail: com.android.providers.contacts.VoicemailContentProvider
07-07 16:32:14.254  2253  2253 I ActivityThread: Pub user_dictionary: com.android.providers.userdictionary.UserDictionaryProvider
07-07 16:32:14.336  2253  2253 I ActivityThread: Pub com.android.social: com.android.providers.contacts.SocialProvider
07-07 16:32:14.336  2253  2253 I ActivityThread: Pub applications: com.android.providers.applications.ApplicationsProvider
07-07 16:32:14.562  2253  2255 D dalvikvm: GC_CONCURRENT freed 349K, 5% free 9148K/9607K, paused 1ms+3ms
07-07 16:32:14.593  2253  2253 I ActivityThread: Pub contacts;com.android.contacts: com.android.providers.contacts.ContactsProvider2
07-07 16:32:14.890  2253  2255 D dalvikvm: GC_CONCURRENT freed 197K, 4% free 9342K/9671K, paused 3ms+2ms
07-07 16:32:15.375   145   156 I ActivityManager: Process com.google.android.apps.maps:LocationFriendService (pid 2223) has died.
07-07 16:32:16.359  2253  2255 D dalvikvm: GC_CONCURRENT freed 212K, 4% free 9577K/9927K, paused 25ms+2ms
07-07 16:32:16.433   145   314 D dalvikvm: GC_EXPLICIT freed 536K, 22% free 16528K/20999K, paused 20ms+8ms
07-07 16:32:20.461   358   358 D dalvikvm: GC_EXPLICIT freed <1K, 6% free 9098K/9607K, paused 2ms+3ms
07-07 16:32:24.043   145   180 I ActivityManager: START {act=android.intent.action.MAIN cat=[android.intent.category.HOME] flg=0x10200000 cmp=com.android.launcher/com.android.launcher2.Launcher} from pid 145
07-07 16:32:24.488   145   157 I ActivityManager: Process android.process.acore (pid 2253) has died.
07-07 16:32:24.691  1418  1418 D OpenGLRenderer: Flushing caches (mode 0)
07-07 16:32:24.715   145   145 W InputManagerService: Starting input on non-focused client com.android.internal.view.IInputMethodClient$Stub$Proxy@41333408 (uid=10055 pid=1418)
07-07 16:32:24.980  1418  1418 D OpenGLRenderer: Flushing caches (mode 1)
07-07 16:32:25.031  1418  1418 D OpenGLRenderer: Flushing caches (mode 2)
07-07 16:32:25.039  1418  1418 D OpenGLRenderer: Flushing caches (mode 0)
07-07 16:32:25.582   145   145 I ActivityManager: START {act=android.intent.action.MAIN cat=[android.intent.category.LAUNCHER] flg=0x10000000 pkg=com.whatsapp cmp=com.whatsapp/.Main bnds=[360,405][480,555]} from pid 373
07-07 16:32:25.781   373   373 D OpenGLRenderer: Flushing caches (mode 1)
07-07 16:32:25.789   373   373 D OpenGLRenderer: Flushing caches (mode 0)
07-07 16:32:25.843   145   384 I ActivityManager: START {cmp=com.whatsapp/.Conversations} from pid 2159
07-07 16:32:25.984   215   217 D dalvikvm: GC_CONCURRENT freed 117K, 32% free 10006K/14663K, paused 89ms+5ms
07-07 16:32:26.144  2159  2159 D dalvikvm: GC_FOR_ALLOC freed 61K, 5% free 10041K/10567K, paused 46ms
07-07 16:32:26.144  2159  2159 I dalvikvm-heap: Grow heap (frag case) to 10.066MB for 196256-byte allocation
07-07 16:32:26.187  2159  2159 D dalvikvm: GC_FOR_ALLOC freed 2K, 5% free 10231K/10759K, paused 30ms
07-07 16:32:26.230  2159  2159 D dalvikvm: GC_FOR_ALLOC freed 3K, 5% free 10239K/10759K, paused 28ms
07-07 16:32:26.230  2159  2159 I dalvikvm-heap: Grow heap (frag case) to 10.219MB for 155248-byte allocation
07-07 16:32:26.258  2159  2159 D dalvikvm: GC_FOR_ALLOC freed <1K, 6% free 10390K/10951K, paused 25ms
07-07 16:32:26.371   145   161 I Process : Sending signal. PID: 2159 SIG: 3
07-07 16:32:26.371  2159  2164 I dalvikvm: threadid=3: reacting to signal 3
07-07 16:32:26.468  2159  2164 I dalvikvm: Wrote stack traces to '/data/anr/traces.txt'
07-07 16:32:26.484   215   215 V PhoneStatusBar: setLightsOn(true)
07-07 16:32:26.664   145   912 I ActivityManager: Start proc android.process.acore for content provider com.android.providers.contacts/.ContactsProvider2: pid=2271 uid=10000 gids={3003, 1015}
07-07 16:32:26.828  2271  2271 I ActivityThread: Pub call_log: com.android.providers.contacts.CallLogProvider
07-07 16:32:26.836   145   175 I ActivityManager: Displayed com.whatsapp/.Conversations: +986ms (total +1s175ms)
07-07 16:32:26.855   373   373 D OpenGLRenderer: Flushing caches (mode 2)
07-07 16:32:26.871   373   373 D OpenGLRenderer: Flushing caches (mode 0)
07-07 16:32:26.886  2271  2271 I ActivityThread: Pub com.android.voicemail: com.android.providers.contacts.VoicemailContentProvider
07-07 16:32:26.890  2271  2271 I ActivityThread: Pub user_dictionary: com.android.providers.userdictionary.UserDictionaryProvider
07-07 16:32:26.906  2271  2271 I ActivityThread: Pub com.android.social: com.android.providers.contacts.SocialProvider
07-07 16:32:26.906  2271  2271 I ActivityThread: Pub applications: com.android.providers.applications.ApplicationsProvider
07-07 16:32:26.961  2271  2271 I ActivityThread: Pub contacts;com.android.contacts: com.android.providers.contacts.ContactsProvider2
07-07 16:32:27.004  2271  2275 D dalvikvm: GC_CONCURRENT freed 347K, 5% free 9185K/9607K, paused 1ms+2ms
07-07 16:32:27.265  2271  2275 D dalvikvm: GC_CONCURRENT freed 239K, 4% free 9370K/9735K, paused 2ms+2ms
07-07 16:32:27.832  2159  2270 D dalvikvm: GC_FOR_ALLOC freed 89K, 4% free 10611K/11015K, paused 32ms
07-07 16:32:28.300   145   913 I ActivityManager: START {flg=0x14000000 cmp=com.whatsapp/.Conversation (has extras)} from pid 2159
07-07 16:32:28.476  2271  2275 D dalvikvm: GC_CONCURRENT freed 166K, 4% free 9625K/9927K, paused 5ms+9ms
07-07 16:32:28.601  2159  2159 D dalvikvm: GC_FOR_ALLOC freed 128K, 4% free 10918K/11271K, paused 50ms
07-07 16:32:28.672  2159  2159 D skia    : --- SkImageDecoder::Factory returned null
07-07 16:32:28.855   145   161 I Process : Sending signal. PID: 2159 SIG: 3
07-07 16:32:28.855  2159  2164 I dalvikvm: threadid=3: reacting to signal 3
07-07 16:32:28.933  2159  2164 I dalvikvm: Wrote stack traces to '/data/anr/traces.txt'
07-07 16:32:29.183   215   215 V PhoneStatusBar: setLightsOn(true)
07-07 16:32:29.289  2159  2161 D dalvikvm: GC_CONCURRENT freed 153K, 3% free 11318K/11591K, paused 26ms+46ms
07-07 16:32:29.355   145   161 I Process : Sending signal. PID: 2159 SIG: 3
07-07 16:32:29.355  2159  2164 I dalvikvm: threadid=3: reacting to signal 3
07-07 16:32:29.422  2159  2164 I dalvikvm: Wrote stack traces to '/data/anr/traces.txt'
07-07 16:32:29.609   145   175 I ActivityManager: Displayed com.whatsapp/.Conversation: +1s255ms
07-07 16:32:31.422   215   215 V PhoneStatusBar: setLightsOn(true)
07-07 16:32:34.742   145  1186 I ActivityManager: START {cmp=com.whatsapp/.ContactPicker} from pid 2159
07-07 16:32:34.976  2159  2161 D dalvikvm: GC_CONCURRENT freed 416K, 5% free 11602K/12103K, paused 9ms+9ms
07-07 16:32:35.246   215   215 V PhoneStatusBar: setLightsOn(true)
07-07 16:32:35.285   145   161 I Process : Sending signal. PID: 2159 SIG: 3
07-07 16:32:35.285  2159  2164 I dalvikvm: threadid=3: reacting to signal 3
07-07 16:32:35.293  2159  2164 I dalvikvm: Wrote stack traces to '/data/anr/traces.txt'
07-07 16:32:35.527   145   175 I ActivityManager: Displayed com.whatsapp/.ContactPicker: +746ms
07-07 16:32:35.855  2159  2292 D dalvikvm: GC_EXPLICIT freed 1013K, 9% free 11074K/12167K, paused 3ms+4ms
07-07 16:32:35.972  2271  2275 D dalvikvm: GC_CONCURRENT freed 553K, 7% free 9493K/10183K, paused 7ms+3ms
07-07 16:32:36.066  2271  2291 D dalvikvm: GC_EXPLICIT freed 105K, 8% free 9404K/10183K, paused 2ms+3ms
07-07 16:32:36.175  2159  2159 D dalvikvm: GC_FOR_ALLOC freed 141K, 6% free 11475K/12167K, paused 37ms
07-07 16:32:36.211  2159  2159 D dalvikvm: GC_FOR_ALLOC freed 15K, 6% free 11653K/12359K, paused 28ms
07-07 16:32:36.242  2159  2159 D dalvikvm: GC_FOR_ALLOC freed <1K, 6% free 11842K/12551K, paused 30ms
07-07 16:32:36.269  2159  2159 D dalvikvm: GC_FOR_ALLOC freed 0K, 6% free 12032K/12743K, paused 25ms
07-07 16:32:36.300  2159  2159 D dalvikvm: GC_FOR_ALLOC freed 0K, 6% free 12411K/13127K, paused 23ms
07-07 16:32:37.312  2159  2159 D dalvikvm: GC_FOR_ALLOC freed 670K, 6% free 12735K/13511K, paused 28ms
07-07 16:32:37.980  2159  2159 D dalvikvm: GC_FOR_ALLOC freed 267K, 6% free 13152K/13959K, paused 28ms
07-07 16:32:38.711   145   912 D dalvikvm: GC_EXPLICIT freed 1128K, 21% free 16591K/20999K, paused 17ms+16ms
07-07 16:32:39.203   145   384 I ActivityManager: START {flg=0x14000000 cmp=com.whatsapp/.Conversation (has extras)} from pid 2159
07-07 16:32:39.211   215   215 V PhoneStatusBar: setLightsOn(true)
07-07 16:32:39.226   145  1189 W InputManagerService: Focus gain on non-focused client com.android.internal.view.IInputMethodClient$Stub$Proxy@41512a60 (uid=10068 pid=2159)
07-07 16:32:39.351  2159  2159 D dalvikvm: GC_FOR_ALLOC freed 550K, 6% free 13899K/14663K, paused 33ms
07-07 16:32:39.386  2159  2159 D skia    : --- SkImageDecoder::Factory returned null
07-07 16:32:39.461   215   215 V PhoneStatusBar: setLightsOn(true)
07-07 16:32:39.496  2271  2291 D dalvikvm: GC_EXPLICIT freed 235K, 7% free 9485K/10183K, paused 56ms+5ms
07-07 16:32:39.543   323   325 D dalvikvm: GC_CONCURRENT freed 386K, 22% free 10100K/12807K, paused 7ms+4ms
07-07 16:32:39.558   145   175 I ActivityManager: Displayed com.whatsapp/.Conversation: +344ms
07-07 16:32:39.718   323   323 D dalvikvm: GC_FOR_ALLOC freed 66K, 22% free 10098K/12807K, paused 20ms
07-07 16:32:39.722   323   323 I dalvikvm-heap: Grow heap (frag case) to 10.640MB for 739216-byte allocation
07-07 16:32:39.812   323   325 D dalvikvm: GC_CONCURRENT freed <1K, 16% free 10820K/12807K, paused 3ms+9ms
07-07 16:32:39.976   215   217 D dalvikvm: GC_CONCURRENT freed 347K, 31% free 10166K/14663K, paused 2ms+3ms
07-07 16:32:41.504   215   217 D dalvikvm: GC_CONCURRENT freed 406K, 31% free 10146K/14663K, paused 3ms+3ms
07-07 16:32:41.586   215   217 D dalvikvm: GC_CONCURRENT freed 466K, 31% free 10167K/14663K, paused 2ms+3ms
07-07 16:32:42.246   215   215 V PhoneStatusBar: setLightsOn(true)
07-07 16:32:43.570   145   174 I ActivityManager: Start proc com.twitter.android for service com.twitter.android/.client.AppService: pid=2294 uid=10064 gids={3003, 1015}
07-07 16:32:43.605  2294  2294 I dalvikvm: Turning on JNI app bug workarounds for target SDK version 11...
07-07 16:32:43.781  2294  2294 I ActivityThread: Pub com.twitter.android.provider.GlobalDatabaseProvider: com.twitter.android.provider.GlobalDatabaseProvider
07-07 16:32:43.797  2294  2294 I ActivityThread: Pub com.twitter.android.provider.TwitterProvider: com.twitter.android.provider.TwitterProvider
07-07 16:32:44.047  2294  2296 D dalvikvm: GC_CONCURRENT freed 203K, 3% free 9265K/9543K, paused 10ms+5ms
07-07 16:32:44.343  2294  2296 D dalvikvm: GC_CONCURRENT freed 172K, 4% free 9493K/9799K, paused 2ms+1ms
07-07 16:32:44.488  2294  2296 D dalvikvm: GC_CONCURRENT freed 298K, 5% free 9622K/10055K, paused 2ms+1ms
07-07 16:32:44.629  2294  2296 D dalvikvm: GC_CONCURRENT freed 298K, 5% free 9766K/10183K, paused 2ms+2ms
07-07 16:32:44.765  2294  2296 D dalvikvm: GC_CONCURRENT freed 303K, 5% free 9877K/10311K, paused 2ms+2ms
07-07 16:32:44.894  2294  2296 D dalvikvm: GC_CONCURRENT freed 304K, 5% free 10007K/10439K, paused 2ms+2ms
07-07 16:32:45.039  2294  2296 D dalvikvm: GC_CONCURRENT freed 297K, 5% free 10140K/10567K, paused 2ms+2ms
07-07 16:32:45.179  2294  2296 D dalvikvm: GC_CONCURRENT freed 305K, 4% free 10269K/10695K, paused 2ms+2ms
07-07 16:32:45.418  2294  2296 D dalvikvm: GC_CONCURRENT freed 481K, 6% free 10214K/10823K, paused 2ms+2ms
07-07 16:32:45.547  2294  2296 D dalvikvm: GC_CONCURRENT freed 319K, 5% free 10288K/10823K, paused 2ms+2ms
07-07 16:32:45.695  2294  2296 D dalvikvm: GC_CONCURRENT freed 318K, 5% free 10376K/10823K, paused 4ms+3ms
07-07 16:32:45.840  2294  2296 D dalvikvm: GC_CONCURRENT freed 359K, 5% free 10461K/10951K, paused 2ms+2ms
07-07 16:32:45.972  2294  2296 D dalvikvm: GC_CONCURRENT freed 345K, 5% free 10543K/11015K, paused 2ms+2ms
07-07 16:32:46.109  2294  2296 D dalvikvm: GC_CONCURRENT freed 327K, 5% free 10625K/11079K, paused 5ms+2ms
07-07 16:32:46.261  2294  2296 D dalvikvm: GC_CONCURRENT freed 370K, 5% free 10715K/11207K, paused 2ms+2ms
07-07 16:32:46.418  2294  2296 D dalvikvm: GC_CONCURRENT freed 401K, 5% free 10819K/11335K, paused 2ms+2ms
07-07 16:32:47.047   145  1189 I ActivityManager: START {flg=0x14000000 cmp=com.whatsapp/.Conversation (has extras)} from pid 2159
07-07 16:32:47.183  2159  2159 D skia    : --- SkImageDecoder::Factory returned null
07-07 16:32:47.254   215   215 V PhoneStatusBar: setLightsOn(true)
07-07 16:32:47.457   145   175 I ActivityManager: Displayed com.whatsapp/.Conversation: +355ms
07-07 16:32:47.593   145  1185 I WindowManager: WIN DEATH: Window{41762388 SurfaceView paused=false}
07-07 16:32:47.593   145   394 I ActivityManager: Process org.mozilla.firefox_beta (pid 27212) has died.
07-07 16:32:47.597   145   408 I WindowManager: WIN DEATH: Window{41bdb6e8 org.mozilla.firefox_beta/org.mozilla.firefox_beta.App paused=false}
07-07 16:32:48.773  2294  2296 D dalvikvm: GC_CONCURRENT freed 339K, 5% free 10997K/11463K, paused 40ms+16ms
07-07 16:32:49.445   145  2313 I ActivityManager: Applications Memory Usage (kB):
07-07 16:32:49.445   145  2313 I ActivityManager: Uptime: 89856870 Realtime: 93883657
07-07 16:32:49.445   145  2313 I ActivityManager: Total PSS by OOM adjustment:
07-07 16:32:49.445   145  2313 I ActivityManager:     28513 kB: System
07-07 16:32:49.445   145  2313 I ActivityManager:                28513 kB: system (pid 145)
07-07 16:32:49.445   145  2313 I ActivityManager:     26247 kB: Persistent
07-07 16:32:49.445   145  2313 I ActivityManager:                11853 kB: com.android.systemui (pid 215)
07-07 16:32:49.445   145  2313 I ActivityManager:                10450 kB: com.android.phone (pid 344)
07-07 16:32:49.445   145  2313 I ActivityManager:                 3944 kB: com.android.nfc (pid 358)
07-07 16:32:49.445   145  2313 I ActivityManager:     26304 kB: Foreground
07-07 16:32:49.445   145  2313 I ActivityManager:                18039 kB: com.whatsapp (pid 2159)
07-07 16:32:49.445   145  2313 I ActivityManager:                 8265 kB: android.process.acore (pid 2271)
07-07 16:32:49.445   145  2313 I ActivityManager:     12994 kB: Visible
07-07 16:32:49.445   145  2313 I ActivityManager:                10199 kB: com.twitter.android (pid 2294)
07-07 16:32:49.445   145  2313 I ActivityManager:                 2795 kB: com.android.smspush (pid 442)
07-07 16:32:49.445   145  2313 I ActivityManager:     20205 kB: Perceptible
07-07 16:32:49.445   145  2313 I ActivityManager:                12379 kB: com.spotify.mobile.android.service (pid 1433)
07-07 16:32:49.445   145  2313 I ActivityManager:                 7826 kB: com.klye.ime.latin (pid 323)
07-07 16:32:49.445   145  2313 I ActivityManager:     23308 kB: A Services
07-07 16:32:49.445   145  2313 I ActivityManager:                11359 kB: com.google.process.gapps (pid 27783)
07-07 16:32:49.445   145  2313 I ActivityManager:                 8402 kB: com.google.android.apps.maps:NetworkLocationService (pid 2121)
07-07 16:32:49.445   145  2313 I ActivityManager:                 3547 kB: edu.buffalo.cse.phonelab.phonelabservices (pid 2206)
07-07 16:32:49.445   145  2313 I ActivityManager:     12398 kB: Home
07-07 16:32:49.445   145  2313 I ActivityManager:                12398 kB: com.android.launcher (pid 373)
07-07 16:32:49.445   145  2313 I ActivityManager:     23629 kB: Previous
07-07 16:32:49.445   145  2313 I ActivityManager:                23629 kB: com.spotify.mobile.android.ui (pid 1418)
07-07 16:32:49.445   145  2313 I ActivityManager:     31701 kB: B Services
07-07 16:32:49.445   145  2313 I ActivityManager:                 9119 kB: com.google.android.apps.plus (pid 1612)
07-07 16:32:49.445   145  2313 I ActivityManager:                 8348 kB: com.facebook.katana (pid 1651)
07-07 16:32:49.445   145  2313 I ActivityManager:                 6232 kB: com.google.android.apps.maps (pid 27668)
07-07 16:32:49.445   145  2313 I ActivityManager:                 5204 kB: com.google.android.apps.googlevoice (pid 1505)
07-07 16:32:49.445   145  2313 I ActivityManager:                 2798 kB: com.android.sprintmenu (pid 1685)
07-07 16:32:49.445   145  2313 I ActivityManager: 
07-07 16:32:49.445   145  2313 I ActivityManager: Total PSS: 205299 kB
07-07 16:32:49.445   145  2313 I ActivityManager:   PID      Vss      Rss      Pss      Uss  cmdline
07-07 16:32:49.445   145  2313 I ActivityManager:   145   46184K   46112K   28561K   27148K  system_server
07-07 16:32:49.445   145  2313 I ActivityManager:  1418   43000K   42788K   23682K   22084K  com.spotify.mobile.android.ui
07-07 16:32:49.445   145  2313 I ActivityManager:  2159   40764K   40648K   18147K   14380K  com.whatsapp
07-07 16:32:49.445   145  2313 I ActivityManager:   373   29716K   29632K   12448K   11212K  com.android.launcher
07-07 16:32:49.445   145  2313 I ActivityManager:  1433   31180K   31080K   12429K   11136K  com.spotify.mobile.android.service
07-07 16:32:49.445   145  2313 I ActivityManager:   215   32552K   32468K   11908K    7700K  com.android.systemui
07-07 16:32:49.445   145  2313 I ActivityManager: 27783   28312K   28228K   11430K   10472K  com.google.process.gapps
07-07 16:32:49.445   145  2313 I ActivityManager:    78   19680K   16680K   11342K    6836K  /system/bin/surfaceflinger
07-07 16:32:49.445   145  2313 I ActivityManager:   344   26452K   26380K   10500K    9640K  com.android.phone
07-07 16:32:49.445   145  2313 I ActivityManager:  2294   29944K   29884K   10062K    8332K  com.twitter.android
07-07 16:32:49.445   145  2313 I ActivityManager:  1612   27200K   27100K    9169K    8132K  com.google.android.apps.plus
07-07 16:32:49.445   145  2313 I ActivityManager:  2121   27800K   27740K    8461K    6744K  com.google.android.apps.maps:NetworkLocationService
07-07 16:32:49.445   145  2313 I ActivityManager:  1651   27124K   27028K    8403K    7200K  com.facebook.katana
07-07 16:32:49.445   145  2313 I ActivityManager:  2271   28528K   28428K    8319K    6692K  android.process.acore
07-07 16:32:49.445   145  2313 I ActivityManager:   323   24520K   24460K    7877K    6900K  com.klye.ime.latin
07-07 16:32:49.445   145  2313 I ActivityManager: 27668   23332K   23232K    6282K    5328K  com.google.android.apps.maps
07-07 16:32:49.445   145  2313 I ActivityManager:  1505   23512K   23416K    5255K    4184K  com.google.android.apps.googlevoice
07-07 16:32:49.445   145  2313 I ActivityManager:   358   20496K   20404K    3994K    3112K  com.android.nfc
07-07 16:32:49.445   145  2313 I ActivityManager:  2206   22540K   22440K    3600K    2288K  edu.buffalo.cse.phonelab.phonelabservices
07-07 16:32:49.445   145  2313 I ActivityManager:  1685   20900K   20796K    2850K    1736K  com.android.sprintmenu
07-07 16:32:49.445   145  2313 I ActivityManager:   442   19676K   19564K    2843K    1844K  com.android.smspush
07-07 16:32:49.445   145  2313 I ActivityManager:    79   19224K   19096K    2420K    1320K  zygote
07-07 16:32:49.445   145  2313 I ActivityManager:    81    2544K    2544K    1996K    1868K  /system/bin/mediaserver
07-07 16:32:49.445   145  2313 I ActivityManager:    80    1220K    1220K     887K     876K  /system/bin/drmserver
07-07 16:32:49.445   145  2313 I ActivityManager:  1466    1000K     996K     848K     844K  logcat
07-07 16:32:49.445   145  2313 I ActivityManager:    77     968K     968K     629K     612K  /system/bin/rild
07-07 16:32:49.445   145  2313 I ActivityManager:    75     808K     804K     601K     584K  /system/bin/netd
07-07 16:32:49.445   145  2313 I ActivityManager:  2314     720K     712K     560K     548K  procrank
07-07 16:32:49.445   145  2313 I ActivityManager:   275     820K     816K     541K     512K  /system/bin/wpa_supplicant
07-07 16:32:49.445   145  2313 I ActivityManager:    86     552K     548K     328K     320K  /system/vendor/bin/gpsd
07-07 16:32:49.445   145  2313 I ActivityManager:    72     456K     452K     292K     284K  /system/bin/vold
07-07 16:32:49.445   145  2313 I ActivityManager:   298     436K     436K     280K     276K  /system/bin/bluetoothd
07-07 16:32:49.445   145  2313 I ActivityManager:    88     200K     200K     184K     184K  /sbin/adbd
07-07 16:32:49.445   145  2313 I ActivityManager: 32220     340K     336K     184K     180K  /system/bin/dhcpcd
07-07 16:32:49.445   145  2313 I ActivityManager:    85     264K     256K     162K     160K  /system/bin/keystore
07-07 16:32:49.445   145  2313 I ActivityManager:    82     284K     276K     143K     140K  /system/bin/dbus-daemon
07-07 16:32:49.445   145  2313 I ActivityManager:     1     204K     204K     142K     104K  /init
07-07 16:32:49.445   145  2313 I ActivityManager:    61     160K     160K     122K      84K  /sbin/ueventd
07-07 16:32:49.445   145  2313 I ActivityManager:    87    
07-07 16:32:49.496  2121  2123 D dalvikvm: GC_CONCURRENT freed 505K, 7% free 10468K/11207K, paused 2ms+10ms
07-07 16:32:49.511   145  1187 I ActivityManager: Start proc com.google.android.apps.maps:LocationFriendService for service com.google.android.apps.maps/com.google.googlenav.friend.reporting.LocationReceiverService: pid=2315 uid=10056 gids={3003, 1015}
07-07 16:32:49.672  2159  2312 D dalvikvm: GC_EXPLICIT freed 2927K, 21% free 12181K/15239K, paused 3ms+104ms
07-07 16:32:49.675  2315  2318 D dalvikvm: GC_CONCURRENT freed 158K, 3% free 9374K/9607K, paused 6ms+3ms
07-07 16:32:50.000  2315  2318 D dalvikvm: GC_CONCURRENT freed 161K, 3% free 9674K/9927K, paused 22ms+3ms
07-07 16:32:50.203  2294  2308 D dalvikvm: GC_FOR_ALLOC freed 288K, 5% free 11215K/11783K, paused 75ms
07-07 16:32:50.203  2294  2308 I dalvikvm-heap: Grow heap (frag case) to 11.352MB for 343038-byte allocation
07-07 16:32:50.304  2294  2308 D dalvikvm: GC_FOR_ALLOC freed 168K, 7% free 11382K/12167K, paused 57ms
07-07 16:32:50.351  2315  2322 I dalvikvm: Total arena pages for JIT: 11
07-07 16:32:50.351  2315  2322 I dalvikvm: Total arena pages for JIT: 12
07-07 16:32:50.355  2315  2322 I dalvikvm: Total arena pages for JIT: 13
07-07 16:32:50.355  2315  2322 I dalvikvm: Total arena pages for JIT: 14
07-07 16:32:50.355  2315  2322 I dalvikvm: Total arena pages for JIT: 15
07-07 16:32:50.355  2315  2322 I dalvikvm: Total arena pages for JIT: 16
07-07 16:32:50.355  2315  2322 I dalvikvm: Total arena pages for JIT: 17
07-07 16:32:50.367  2315  2318 D dalvikvm: GC_CONCURRENT freed 327K, 4% free 9908K/10311K, paused 1ms+5ms
07-07 16:32:50.914  2294  2296 D dalvikvm: GC_CONCURRENT freed 245K, 4% free 11852K/12231K, paused 2ms+3ms
07-07 16:32:53.933  2294  2296 D dalvikvm: GC_CONCURRENT freed 1551K, 13% free 11235K/12871K, paused 2ms+5ms
07-07 16:32:55.961  2206  2219 I PhoneLab-: Service Running
07-07 16:32:56.008  2206  2219 I PhoneLab-LoggerService: app_37    1466  1     1436   996   c00f181c 400107b4 S logcat
07-07 16:32:56.008  2206  2219 I PhoneLab-LoggerService: Logcat pid from database 1466
07-07 16:32:56.008  2206  2219 I PhoneLab-LoggerService: Logcat process found 1466
07-07 16:32:56.008  2206  2219 I PhoneLab-LoggerService: Checking Threshold
07-07 16:32:58.843   215   215 V PhoneStatusBar: setLightsOn(true)
07-07 16:32:58.992  1418  1418 D dalvikvm: GC_EXPLICIT freed 859K, 14% free 21634K/24903K, paused 46ms+7ms
07-07 16:32:59.875  2159  2159 W IInputConnectionWrapper: showStatusIcon on inactive InputConnection
07-07 16:32:59.875   145  1188 W InputManagerService: Starting input on non-focused client com.android.internal.view.IInputMethodClient$Stub$Proxy@41512a60 (uid=10068 pid=2159)
07-07 16:33:01.664   145   912 I ActivityManager: START {act=android.intent.action.MAIN cat=[android.intent.category.LAUNCHER] flg=0x10200000 cmp=com.google.android.talk/.SigningInActivity bnds=[96,706][192,802]} from pid 373
07-07 16:33:01.824   145   380 I ActivityManager: Start proc com.google.android.talk for activity com.google.android.talk/.SigningInActivity: pid=2341 uid=10045 gids={3003, 1015, 1006, 3002}
07-07 16:33:02.043   145   147 D dalvikvm: GC_CONCURRENT freed 1652K, 20% free 16800K/20999K, paused 6ms+18ms
07-07 16:33:02.062  2341  2341 I ActivityThread: Pub com.google.android.talk.SuggestionProvider: com.google.android.talk.SuggestionsProvider
07-07 16:33:02.093   373   373 D OpenGLRenderer: Flushing caches (mode 1)
07-07 16:33:02.117   373   373 D OpenGLRenderer: Flushing caches (mode 0)
07-07 16:33:02.133  2341  2341 D vclib:CallStateClient: startListening
07-07 16:33:02.265  2341  2343 D dalvikvm: GC_CONCURRENT freed 189K, 3% free 9336K/9607K, paused 3ms+8ms
07-07 16:33:02.379   145   161 I Process : Sending signal. PID: 2341 SIG: 3
07-07 16:33:02.379  2341  2345 I dalvikvm: threadid=3: reacting to signal 3
07-07 16:33:02.461  2341  2345 I dalvikvm: Wrote stack traces to '/data/anr/traces.txt'
07-07 16:33:02.867   145   156 I ActivityManager: Start proc android.process.media for content provider com.android.providers.media/.MediaProvider: pid=2363 uid=10012 gids={1015, 1023, 1024, 2001, 3003, 3007}
07-07 16:33:03.004   145   161 I Process : Sending signal. PID: 2341 SIG: 3
07-07 16:33:03.019  2341  2345 I dalvikvm: threadid=3: reacting to signal 3
07-07 16:33:03.078  2341  2345 I dalvikvm: Wrote stack traces to '/data/anr/traces.txt'
07-07 16:33:03.144  2363  2363 I ActivityThread: Pub downloads: com.android.providers.downloads.DownloadProvider
07-07 16:33:03.207  2341  2343 D dalvikvm: GC_CONCURRENT freed 237K, 4% free 9532K/9863K, paused 2ms+7ms
07-07 16:33:03.207  2341  2341 D vclib:CallStateClient: startListening
07-07 16:33:03.211  2363  2363 I ActivityThread: Pub drm: com.android.providers.drm.DrmProvider
07-07 16:33:03.218  2363  2378 I DownloadManager: in removeSpuriousFiles
07-07 16:33:03.226  2363  2363 I ActivityThread: Pub media: com.android.providers.media.MediaProvider
07-07 16:33:03.258  2363  2378 I DownloadManager: in removeSpuriousFiles, preserving file /data/data/com.android.providers.downloads/cache/metadata.json
07-07 16:33:03.258  2363  2378 I DownloadManager: in removeSpuriousFiles, preserving file /data/data/com.android.providers.downloads/cache/en_general.htm
07-07 16:33:03.261  2363  2378 I DownloadManager: in removeSpuriousFiles, preserving file /mnt/sdcard/Download/img-thing.jpeg
07-07 16:33:03.261  2363  2378 I DownloadManager: in removeSpuriousFiles, preserving file /data/data/com.android.providers.downloads/cache/metadata-1.json
07-07 16:33:03.261  2363  2378 I DownloadManager: in removeSpuriousFiles, preserving file /data/data/com.android.providers.downloads/cache/downloadfile.jpeg
07-07 16:33:03.261  2363  2378 I DownloadManager: in removeSpuriousFiles, preserving file /data/data/com.android.providers.downloads/cache/metadata-2.json
07-07 16:33:03.261  2363  2378 I DownloadManager: in removeSpuriousFiles, preserving file /data/data/com.android.providers.downloads/cache/metadata-3.json
07-07 16:33:03.261  2363  2378 I DownloadManager: in removeSpuriousFiles, preserving file /data/data/com.android.providers.downloads/cache/downloadfile-1.jpeg
07-07 16:33:03.261  2363  2378 I DownloadManager: in removeSpuriousFiles, preserving file /data/data/com.android.providers.downloads/cache/downloadfile-2.jpeg
07-07 16:33:03.261  2363  2378 I DownloadManager: in removeSpuriousFiles, preserving file /data/data/com.android.providers.downloads/cache/metadata-4.json
07-07 16:33:03.269  2363  2378 I DownloadManager: deleting spurious file /cache/backup
07-07 16:33:03.343  2341  2341 D libEGL  : loaded /system/lib/egl/libGLES_android.so
07-07 16:33:03.351  2341  2341 D libEGL  : loaded /vendor/lib/egl/libEGL_POWERVR_SGX540_120.so
07-07 16:33:03.379   145   161 I Process : Sending signal. PID: 2341 SIG: 3
07-07 16:33:03.379  2341  2345 I dalvikvm: threadid=3: reacting to signal 3
07-07 16:33:03.394  2341  2345 I dalvikvm: Wrote stack traces to '/data/anr/traces.txt'
07-07 16:33:03.402  2341  2341 D libEGL  : loaded /vendor/lib/egl/libGLESv1_CM_POWERVR_SGX540_120.so
07-07 16:33:03.406  2341  2341 D libEGL  : loaded /vendor/lib/egl/libGLESv2_POWERVR_SGX540_120.so
07-07 16:33:03.554  2341  2341 D OpenGLRenderer: Enabling debug mode 0
07-07 16:33:03.629  2363  2366 D dalvikvm: GC_CONCURRENT freed 370K, 5% free 9161K/9607K, paused 3ms+4ms
07-07 16:33:03.695 27783 27794 D dalvikvm: GC_EXPLICIT freed 195K, 7% free 10291K/10951K, paused 7ms+7ms
07-07 16:33:03.715  2341  2384 E talk    : [Databaseutils] pruneOldMessageHistory
07-07 16:33:03.777   145   175 I ActivityManager: Displayed com.google.android.talk/.SigningInActivity: +2s45ms
07-07 16:33:03.820   373   373 D OpenGLRenderer: Flushing caches (mode 1)
07-07 16:33:04.453  2341  2341 D vclib:CallStateClient: stopListening
07-07 16:33:04.453  2341  2341 D vclib:CallStateClient: startListening
07-07 16:33:04.609  2341  2343 D dalvikvm: GC_CONCURRENT freed 254K, 4% free 9765K/10119K, paused 2ms+3ms
07-07 16:33:04.855   373   373 D OpenGLRenderer: Flushing caches (mode 2)
07-07 16:33:04.902   373   373 D OpenGLRenderer: Flushing caches (mode 0)
07-07 16:33:05.082  2341  2343 D dalvikvm: GC_CONCURRENT freed 131K, 3% free 10112K/10375K, paused 2ms+179ms
07-07 16:33:05.535   145   913 D dalvikvm: GC_EXPLICIT freed 413K, 22% free 16556K/20999K, paused 3ms+7ms
07-07 16:33:08.648  2341  2343 D dalvikvm: GC_CONCURRENT freed 203K, 3% free 10392K/10695K, paused 2ms+8ms
07-07 16:33:08.863  1433  1433 D dalvikvm: GC_EXPLICIT freed 46K, 9% free 10580K/11527K, paused 2ms+4ms
07-07 16:33:09.933  2341  2343 D dalvikvm: GC_CONCURRENT freed 288K, 5% free 10557K/11015K, paused 3ms+12ms
07-07 16:33:11.582  2341  2343 D dalvikvm: GC_CONCURRENT freed 462K, 6% free 10575K/11207K, paused 2ms+4ms
07-07 16:33:12.914  2341  2343 D dalvikvm: GC_CONCURRENT freed 400K, 6% free 10584K/11207K, paused 2ms+7ms
07-07 16:33:13.996   145   161 D dalvikvm: GC_EXPLICIT freed 32K, 22% free 16548K/20999K, paused 4ms+11ms
07-07 16:33:15.312  2341  2343 D dalvikvm: GC_CONCURRENT freed 403K, 6% free 10608K/11207K, paused 3ms+7ms
07-07 16:33:16.832  2341  2341 D dalvikvm: GC_FOR_ALLOC freed 407K, 6% free 10619K/11271K, paused 23ms
07-07 16:33:18.246  2341  2341 D vclib:CallStateClient: stopListening
07-07 16:33:18.308  2341  2341 D vclib:CallStateClient: startListening
07-07 16:33:18.504   323   325 D dalvikvm: GC_CONCURRENT freed 1243K, 22% free 10101K/12807K, paused 2ms+3ms
07-07 16:33:18.922  2341  2343 D dalvikvm: GC_CONCURRENT freed 731K, 8% free 10379K/11271K, paused 2ms+4ms
07-07 16:33:19.101   215   215 D dalvikvm: GC_EXPLICIT freed 451K, 33% free 9943K/14663K, paused 2ms+19ms
07-07 16:33:21.500  2341  2341 D vclib:CallStateClient: stopListening
07-07 16:33:21.621  2341  2343 D dalvikvm: GC_CONCURRENT freed 341K, 8% free 10470K/11271K, paused 2ms+4ms
07-07 16:33:21.640  2341  2341 D vclib:CallStateClient: startListening
07-07 16:33:21.722 27783 27785 D dalvikvm: GC_CONCURRENT freed 334K, 6% free 10345K/10951K, paused 6ms+3ms
07-07 16:33:21.812   145   384 W InputManagerService: Window already focused, ignoring focus gain of: com.android.internal.view.IInputMethodClient$Stub$Proxy@4183f540
07-07 16:33:21.968  2341  2341 D vclib:CallStateClient: stopListening
07-07 16:33:21.968  2341  2341 D vclib:CallStateClient: startListening
07-07 16:33:22.058  2341  2343 D dalvikvm: GC_CONCURRENT freed 319K, 7% free 10538K/11271K, paused 2ms+3ms
07-07 16:33:22.148  2341  2341 D dalvikvm: GC_FOR_ALLOC freed 204K, 7% free 10561K/11271K, paused 25ms
07-07 16:33:22.359  2341  2341 D dalvikvm: GC_FOR_ALLOC freed 239K, 7% free 10577K/11271K, paused 26ms
07-07 16:33:23.847   145  1189 W InputManagerService: Starting input on non-focused client com.android.internal.view.IInputMethodClient$Stub$Proxy@4186c780 (uid=10045 pid=2341)
07-07 16:33:23.961  2341  2341 D OpenGLRenderer: Flushing caches (mode 0)
07-07 16:33:25.070   145   172 I power   : *** set_screen_state 0
07-07 16:33:25.117    78   121 D SurfaceFlinger: About to give-up screen, flinger = 0x1eda918
07-07 16:33:25.211  2341  2341 D OpenGLRenderer: Flushing caches (mode 1)
07-07 16:33:25.250   145   176 V TransportControlView: Create TCV com.android.internal.widget.TransportControlView@418e36d0
07-07 16:33:25.254  2341  2341 D vclib:CallStateClient: stopListening
07-07 16:33:25.308   145   176 I ActivityManager: Start proc com.google.android.gsf.login for service com.google.android.gsf.login/com.google.android.gsf.loginservice.GoogleLoginService: pid=2402 uid=10009 gids={3003, 1015, 1007, 2001, 3006}
07-07 16:33:25.324   215   215 D PhoneStatusBar: disable: < expand icons alerts ticker system_info back home RECENT* clock >
07-07 16:33:25.472   215   215 D PhoneStatusBar: disable: < expand icons alerts ticker system_info BACK* HOME* RECENT CLOCK* >
07-07 16:33:25.586   215   215 D PhoneStatusBar: disable: < expand icons alerts ticker system_info BACK HOME RECENT clock* >
07-07 16:33:31.238   145  1184 W ActivityManager: finishReceiver called but no pending broadcasts
07-07 16:33:31.379  2121  2123 D dalvikvm: GC_CONCURRENT freed 381K, 6% free 10599K/11207K, paused 2ms+3ms
07-07 16:33:36.316   344   344 D dalvikvm: GC_EXPLICIT freed 12K, 8% free 11778K/12743K, paused 27ms+3ms
07-07 16:33:39.996  2422  2422 D dalvikvm: Late-enabling CheckJNI
07-07 16:33:40.004   145   162 I ActivityManager: Start proc com.chess for broadcast com.chess/.backend.AlarmReceiver: pid=2422 uid=10079 gids={3003, 1015}
07-07 16:33:40.164  2422  2425 D dalvikvm: GC_CONCURRENT freed 167K, 3% free 9365K/9607K, paused 2ms+3ms
07-07 16:33:40.343   145  1186 W ActivityManager: finishReceiver called but no pending broadcasts
07-07 16:33:40.390  2422  2436 D GetStringObjTask: retrieving from url = http://www.chess.com/api/get_move_status?id=y3ICtufzg6w7rQqcD3KFujVaIanpYba4bIpaeKElV1LNz3Sz4Fk9Yh5CeWaj8h4bQ2RY0CxFVgA%2ByBE5DE%2B1cAuw4i%2Bp2GVj5RbuDPEUotReGbS25iAukuBsuUd%2Fl5dp
07-07 16:33:40.437  2121  2123 D dalvikvm: GC_CONCURRENT freed 524K, 6% free 10597K/11207K, paused 1ms+2ms
07-07 16:33:41.558  2422  2436 D GetStringObjTask: WebRequest SERVER RESPONSE: Success+0
07-07 16:33:45.425   442   442 D dalvikvm: GC_EXPLICIT freed <1K, 4% free 9033K/9347K, paused 13ms+2ms
07-07 16:33:49.082   145   394 W ActivityManager: finishReceiver called but no pending broadcasts
07-07 16:33:49.125  2341  2341 D OpenGLRenderer: Flushing caches (mode 1)
07-07 16:33:49.199  2315  2322 I dalvikvm: Total arena pages for JIT: 18
07-07 16:33:49.222  2121  2123 D dalvikvm: GC_CONCURRENT freed 569K, 6% free 10542K/11207K, paused 2ms+5ms
07-07 16:33:49.363  2315  2318 D dalvikvm: GC_CONCURRENT freed 458K, 6% free 9966K/10503K, paused 2ms+2ms
07-07 16:33:49.386  2121  2123 D dalvikvm: GC_CONCURRENT freed 400K, 6% free 10591K/11207K, paused 2ms+2ms
07-07 16:33:54.144   323   323 D dalvikvm: GC_EXPLICIT freed 198K, 22% free 10099K/12807K, paused 16ms+3ms
07-07 16:34:05.222  2121  2121 D dalvikvm: GC_EXPLICIT freed 126K, 7% free 10464K/11207K, paused 69ms+2ms
07-07 16:34:10.215  2159  2159 D dalvikvm: GC_EXPLICIT freed 843K, 25% free 11564K/15239K, paused 22ms+4ms
07-07 16:34:13.449  1433  1586 D dalvikvm: GC_FOR_ALLOC freed 8K, 6% free 10844K/11527K, paused 26ms
07-07 16:34:13.449  1433  1586 I dalvikvm-heap: Grow heap (frag case) to 11.006MB for 360016-byte allocation
07-07 16:34:13.484  1433  1433 D dalvikvm: GC_FOR_ALLOC freed 1K, 7% free 11194K/11911K, paused 17ms
07-07 16:34:13.566   145  1188 D dalvikvm: GC_FOR_ALLOC freed 542K, 16% free 17738K/20999K, paused 67ms
07-07 16:34:13.664  1433  1433 D dalvikvm: GC_FOR_ALLOC freed 386K, 9% free 10937K/11911K, paused 65ms
07-07 16:34:21.011 27668 27668 D dalvikvm: GC_EXPLICIT freed 3K, 4% free 10914K/11271K, paused 4ms+2ms
07-07 16:34:26.023   373   373 D dalvikvm: GC_EXPLICIT freed 442K, 23% free 11669K/14983K, paused 37ms+4ms
07-07 16:34:31.058  1505  1505 D dalvikvm: GC_EXPLICIT freed 9K, 5% free 9799K/10311K, paused 23ms+2ms
07-07 16:34:36.043  1612  1612 D dalvikvm: GC_EXPLICIT freed 33K, 7% free 12662K/13511K, paused 5ms+2ms
07-07 16:34:41.027  1685  1685 D dalvikvm: GC_EXPLICIT freed 1K, 4% free 9051K/9347K, paused 30ms+2ms
07-07 16:34:46.062  1651  1651 D dalvikvm: GC_EXPLICIT freed 9K, 5% free 10613K/11079K, paused 7ms+3ms
07-07 16:34:49.144  2341  2341 D OpenGLRenderer: Flushing caches (mode 2)
07-07 16:34:54.144 27783 27783 D dalvikvm: GC_EXPLICIT freed 195K, 7% free 10290K/10951K, paused 24ms+3ms
07-07 16:34:55.961  2206  2219 I PhoneLab-: Service Running
07-07 16:34:56.125  2206  2219 I PhoneLab-LoggerService: app_37    1466  1     1436   996   c00f181c 400107b4 S logcat
07-07 16:34:56.125  2206  2219 I PhoneLab-LoggerService: Logcat pid from database 1466
07-07 16:34:56.125  2206  2219 I PhoneLab-LoggerService: Logcat process found 1466
07-07 16:34:56.125  2206  2219 I PhoneLab-LoggerService: Checking Threshold
07-07 16:34:56.160  2206  2209 D dalvikvm: GC_CONCURRENT freed 377K, 6% free 9097K/9607K, paused 7ms+2ms
07-07 16:34:59.097  2206  2206 D dalvikvm: GC_EXPLICIT freed 41K, 6% free 9057K/9607K, paused 4ms+4ms
07-07 16:35:39.550   145   176 I power   : *** set_screen_state 1
07-07 16:35:39.652   145   176 I WindowManager: Lock screen displayed!
07-07 16:35:39.758    78   121 D SurfaceFlinger: Screen about to return, flinger = 0x1eda918
07-07 16:35:40.871   215   215 D PhoneStatusBar: disable: < expand icons alerts ticker system_info BACK HOME recent* clock >
07-07 16:35:40.890   145   394 W InputManagerService: Window already focused, ignoring focus gain of: com.android.internal.view.IInputMethodClient$Stub$Proxy@4161b9b0
07-07 16:35:40.902   215   215 D PhoneStatusBar: disable: < expand icons alerts ticker system_info back* home* recent clock >
07-07 16:35:43.425   145   384 I ActivityManager: START {act=android.intent.action.MAIN cat=[android.intent.category.LAUNCHER] flg=0x10200000 cmp=com.google.android.talk/.SigningInActivity bnds=[96,706][192,802]} from pid 373
07-07 16:35:43.644  2341  2341 D vclib:CallStateClient: startListening
07-07 16:35:43.672  2341  2451 E talk    : [Databaseutils] pruneOldMessageHistory
07-07 16:35:43.804   373   373 D OpenGLRenderer: Flushing caches (mode 1)
07-07 16:35:43.824   145   175 I ActivityManager: Displayed com.google.android.talk/.SigningInActivity: +326ms
07-07 16:35:43.863   373   373 D OpenGLRenderer: Flushing caches (mode 0)
07-07 16:35:43.925   373   373 D OpenGLRenderer: Flushing caches (mode 1)
07-07 16:35:44.082  2341  2343 D dalvikvm: GC_CONCURRENT freed 212K, 5% free 10757K/11271K, paused 2ms+3ms
07-07 16:35:44.472  2341  2341 D vclib:CallStateClient: stopListening
07-07 16:35:44.472  2341  2341 D vclib:CallStateClient: startListening
07-07 16:35:45.922  2341  2343 D dalvikvm: GC_CONCURRENT freed 301K, 4% free 11009K/11399K, paused 2ms+12ms
07-07 16:35:47.281  2341  2343 D dalvikvm: GC_CONCURRENT freed 414K, 5% free 11210K/11783K, paused 2ms+7ms
07-07 16:35:48.062   145   380 D dalvikvm: GC_EXPLICIT freed 1608K, 17% free 17601K/20999K, paused 4ms+17ms
07-07 16:35:49.121  2341  2343 D dalvikvm: GC_CONCURRENT freed 497K, 6% free 11370K/12039K, paused 3ms+10ms
07-07 16:35:49.519  2121  2123 D dalvikvm: GC_CONCURRENT freed 498K, 7% free 10477K/11207K, paused 6ms+3ms
07-07 16:35:49.886  2315  2318 D dalvikvm: GC_CONCURRENT freed 521K, 6% free 9957K/10567K, paused 2ms+3ms
07-07 16:35:53.617  2341  2343 D dalvikvm: GC_CONCURRENT freed 653K, 7% free 11385K/12167K, paused 4ms+5ms
07-07 16:35:59.203  2341  2343 D dalvikvm: GC_CONCURRENT freed 713K, 7% free 11424K/12231K, paused 2ms+5ms
07-07 16:36:00.109  2341  2343 D dalvikvm: GC_CONCURRENT freed 845K, 9% free 11355K/12359K, paused 1ms+3ms
07-07 16:36:00.394  2341  2343 D dalvikvm: GC_CONCURRENT freed 655K, 9% free 11353K/12359K, paused 5ms+5ms
07-07 16:36:05.453  2341  2341 D OpenGLRenderer: Flushing caches (mode 0)
07-07 16:36:05.492  2341  2341 D OpenGLRenderer: Flushing caches (mode 1)
07-07 16:36:05.504  2341  2341 D vclib:CallStateClient: stopListening
07-07 16:36:05.554  2341  2341 D dalvikvm: GC_EXPLICIT freed 575K, 9% free 11296K/12359K, paused 2ms+5ms
07-07 16:36:06.769   145   145 I ActivityManager: START {act=android.intent.action.MAIN cat=[android.intent.category.LAUNCHER] flg=0x10000000 pkg=com.google.android.stardroid cmp=com.google.android.stardroid/.activities.SplashScreenActivity bnds=[120,103][240,253]} from pid 373
07-07 16:36:06.855   145   384 I ActivityManager: Start proc com.google.android.stardroid for activity com.google.android.stardroid/.activities.SplashScreenActivity: pid=2459 uid=10058 gids={3003, 1015}
07-07 16:36:06.879  2459  2459 I dalvikvm: Turning on JNI app bug workarounds for target SDK version 3...
07-07 16:36:06.918   373   373 D OpenGLRenderer: Flushing caches (mode 1)
07-07 16:36:06.925   145   157 W WindowManager: Layout repeat skipped after too many iterations
07-07 16:36:06.925   145   157 W WindowManager: Layout repeat skipped after too many iterations
07-07 16:36:06.925   145   157 W WindowManager: Layout repeat skipped after too many iterations
07-07 16:36:06.933   373   373 D OpenGLRenderer: Flushing caches (mode 0)
07-07 16:36:06.937   145   157 W WindowManager: Animation repeat aborted after too many iterations
07-07 16:36:06.996  2459  2459 I ActivityThread: Pub com.google.android.stardroid.searchterms: com.google.android.stardroid.search.SearchTermsProvider
07-07 16:36:06.996  2459  2459 I Stardroid.StardroidApplication: Initializing LayerManager
07-07 16:36:07.023  2459  2473 D Stardroid.AbstractFileBasedLayer: Loading Proto File: stars.binary...
07-07 16:36:07.062  2459  2459 D Stardroid.Planet: Lunar phase = 127.210915
07-07 16:36:07.062  2459  2459 D Stardroid.Planet: Tomorrow's phase = 116.2568
07-07 16:36:07.093  2459  2459 W Stardroid.AbstractLayer: Renderer not set - aborting: PlanetsLayer
07-07 16:36:07.144  2459  2460 D dalvikvm: GC_CONCURRENT freed 225K, 4% free 9307K/9607K, paused 2ms+8ms
07-07 16:36:07.215  2459  2459 W Stardroid.AbstractLayer: Renderer not set - aborting: MeteorShowerLayer
07-07 16:36:07.234  2459  2459 W Stardroid.AbstractLayer: Renderer not set - aborting: GridLayer
07-07 16:36:07.238  2459  2459 W Stardroid.AbstractLayer: Renderer not set - aborting: HorizonLayer
07-07 16:36:07.238  2459  2459 W Stardroid.AbstractLayer: Renderer not set - aborting: EclipticLayer
07-07 16:36:07.242  2459  2459 D Stardroid.StardroidApplication: StardroidApplication: onCreate
07-07 16:36:07.242  2459  2459 I Stardroid.StardroidApplication: OS Version: 4.0.4(15)
07-07 16:36:07.246  2459  2459 I Stardroid.StardroidApplication: Sky Map version 1.6.4 build 1112
07-07 16:36:07.285  2459  2459 I Stardroid.StardroidApplication: LayerManager already initialized.
07-07 16:36:07.285  2459  2459 D Stardroid.Analytics: Setting custom variable ANDROID_OS to 15
07-07 16:36:07.285  2459  2459 D Stardroid.Analytics: Setting custom variable SKYMAP_VERSION to 1.6.4
07-07 16:36:07.285  2459  2459 D Stardroid.Analytics: Setting custom variable DEVICE_NAME to Full Android on Crespo4G
07-07 16:36:07.285  2459  2459 D Stardroid.Analytics: Enabling stats collection
07-07 16:36:07.285  2459  2459 D Stardroid.Analytics: Enabling analytics
07-07 16:36:07.312  2459  2460 D dalvikvm: GC_CONCURRENT freed 172K, 3% free 9680K/9927K, paused 4ms+2ms
07-07 16:36:07.347  2459  2459 D Stardroid.Analytics: Logging page /ApplicationCreate
07-07 16:36:07.375  2459  2473 D Stardroid.AbstractFileBasedLayer: Found: 1603 sources
07-07 16:36:07.375  2459  2473 D Brent: Stardroid.NewStarsLayer: Finished Loading: stars.binary > 00m 00s 353ms | Found 1603 sourcs.
07-07 16:36:07.375  2459  2473 W Stardroid.AbstractLayer: Renderer not set - aborting: NewStarsLayer
07-07 16:36:07.390   145   161 I Process : Sending signal. PID: 2459 SIG: 3
07-07 16:36:07.390  2459  2462 I dalvikvm: threadid=3: reacting to signal 3
07-07 16:36:07.504  2459  2462 I dalvikvm: Wrote stack traces to '/data/anr/traces.txt'
07-07 16:36:07.558  2459  2459 D PersistentEventStore/putEvent: Row ID: 160, Event ID: 160
07-07 16:36:07.613  2459  2459 D Stardroid.Analytics: Logging event Start up hour (General) label 16h value 0
07-07 16:36:07.617  2459  2459 D PersistentEventStore/putEvent: Row ID: 161, Event ID: 161
07-07 16:36:07.664  2459  2460 D dalvikvm: GC_CONCURRENT freed 245K, 4% free 9969K/10311K, paused 1ms+2ms
07-07 16:36:07.707  2459  2459 D Stardroid.StardroidApplication: StardroidApplication: -onCreate
07-07 16:36:07.707  2459  2459 D Stardroid.SplashScreenActivity: SplashScreen onCreate
07-07 16:36:07.754  2459  2459 D dalvikvm: GC_FOR_ALLOC freed 184K, 4% free 10018K/10375K, paused 28ms
07-07 16:36:07.758  2459  2459 I dalvikvm-heap: Grow heap (frag case) to 10.449MB for 622760-byte allocation
07-07 16:36:07.800  2459  2473 D dalvikvm: GC_FOR_ALLOC freed 1K, 4% free 10625K/11015K, paused 28ms
07-07 16:36:07.890   145   161 I Process : Sending signal. PID: 2459 SIG: 3
07-07 16:36:07.890  2459  2462 I dalvikvm: threadid=3: reacting to signal 3
07-07 16:36:07.890  2459  2460 D dalvikvm: GC_CONCURRENT freed 120K, 3% free 10686K/11015K, paused 2ms+7ms
07-07 16:36:07.922  2459  2462 I dalvikvm: Wrote stack traces to '/data/anr/traces.txt'
07-07 16:36:07.961  2459  2459 D dalvikvm: GC_FOR_ALLOC freed 21K, 4% free 10665K/11015K, paused 32ms
07-07 16:36:07.965  2459  2459 I dalvikvm-heap: Grow heap (frag case) to 11.825MB for 1402636-byte allocation
07-07 16:36:08.000  2459  2473 D dalvikvm: GC_FOR_ALLOC freed 0K, 4% free 12035K/12423K, paused 26ms
07-07 16:36:08.050  2459  2459 D Stardroid.Analytics: Logging page /SplashScreen
07-07 16:36:08.054  2459  2459 D PersistentEventStore/putEvent: Row ID: 162, Event ID: 162
07-07 16:36:08.086  2459  2473 W Stardroid.AbstractLayer: Renderer not set - aborting: NewStarsLayer
07-07 16:36:08.086  2459  2473 D Stardroid.AbstractFileBasedLayer: Loading Proto File: messier.binary...
07-07 16:36:08.097   215   215 V PhoneStatusBar: setLightsOn(true)
07-07 16:36:08.101   215   215 V PhoneStatusBar: setLightsOn(true)
07-07 16:36:08.144  2459  2459 D Stardroid.SplashScreenActivity: SplashScreen.Animcation onAnimationStart
07-07 16:36:08.164  2459  2473 D Stardroid.AbstractFileBasedLayer: Found: 114 sources
07-07 16:36:08.168  2459  2473 D Brent: Stardroid.NewMessierLayer: Finished Loading: messier.binary > 00m 00s 083ms | Found 114 sourcs.
07-07 16:36:08.168  2459  2473 W Stardroid.AbstractLayer: Renderer not set - aborting: NewMessierLayer
07-07 16:36:08.195   145   175 I ActivityManager: Displayed com.google.android.stardroid/.activities.SplashScreenActivity: +1s352ms
07-07 16:36:08.363  2459  2473 W Stardroid.AbstractLayer: Renderer not set - aborting: NewMessierLayer
07-07 16:36:08.363  2459  2473 D Stardroid.AbstractFileBasedLayer: Loading Proto File: constellations.binary...
07-07 16:36:08.496  2459  2473 D Stardroid.AbstractFileBasedLayer: Found: 42 sources
07-07 16:36:08.500  2459  2473 D Brent: Stardroid.NewConstellationsLayer: Finished Loading: constellations.binary > 00m 00s 134ms | Found 42 sourcs.
07-07 16:36:08.500  2459  2473 W Stardroid.AbstractLayer: Renderer not set - aborting: NewConstellationsLayer
07-07 16:36:08.621  2459  2473 W Stardroid.AbstractLayer: Renderer not set - aborting: NewConstellationsLayer
07-07 16:36:08.679  2459  2460 D dalvikvm: GC_CONCURRENT freed 1046K, 9% free 11909K/13063K, paused 2ms+5ms
07-07 16:36:11.152  2459  2459 D Stardroid.SplashScreenActivity: SplashScreen.Animation onAnimationEnd
07-07 16:36:11.152  2459  2459 D Stardroid.SplashScreenActivity: SplashScreen finish called
07-07 16:36:11.156   145  1185 I ActivityManager: START {cmp=com.google.android.stardroid/.activities.DynamicStarMapActivity} from pid 2459
07-07 16:36:11.246  2459  2459 D Stardroid.SplashScreenActivity: SplashScreen onPause
07-07 16:36:11.258  2459  2459 D Stardroid.DynamicStarMapActivity: onCreate at 1341693371260
07-07 16:36:11.355  2459  2459 I Stardroid.StardroidApplication: LayerManager already initialized.
07-07 16:36:11.355  2459  2459 I Stardroid.DynamicStarMapActivity: Initializing Model, View and Controller @ 1341693371357
07-07 16:36:11.425  2459  2459 D Stardroid.PreferencesButton: Preference key is source_provider.0
07-07 16:36:11.425  2459  2459 D Stardroid.PreferencesButton: Setting initial value of preference source_provider.0 to true
07-07 16:36:11.429  2459  2459 D Stardroid.PreferencesButton: Preference key is source_provider.1
07-07 16:36:11.429  2459  2459 D Stardroid.PreferencesButton: Setting initial value of preference source_provider.1 to true
07-07 16:36:11.433  2459  2459 D Stardroid.PreferencesButton: Preference key is source_provider.2
07-07 16:36:11.433  2459  2459 D Stardroid.PreferencesButton: Setting initial value of preference source_provider.2 to true
07-07 16:36:11.437  2459  2459 D Stardroid.PreferencesButton: Preference key is source_provider.3
07-07 16:36:11.437  2459  2459 D Stardroid.PreferencesButton: Setting initial value of preference source_provider.3 to true
07-07 16:36:11.441  2459  2459 D Stardroid.PreferencesButton: Preference key is source_provider.6
07-07 16:36:11.441  2459  2459 D Stardroid.PreferencesButton: Setting initial value of preference source_provider.6 to true
07-07 16:36:11.465  2459  2459 D Stardroid.PreferencesButton: Preference key is source_provider.4
07-07 16:36:11.465  2459  2459 D Stardroid.PreferencesButton: Setting initial value of preference source_provider.4 to true
07-07 16:36:11.500  2459  2460 D dalvikvm: GC_CONCURRENT freed 280K, 5% free 12526K/13063K, paused 2ms+3ms
07-07 16:36:11.500  2459  2459 D Stardroid.PreferencesButton: Preference key is source_provider.5
07-07 16:36:11.500  2459  2459 D Stardroid.PreferencesButton: Setting initial value of preference source_provider.5 to true
07-07 16:36:11.508  2459  2459 D Stardroid.PreferencesButton: Preference key is auto_mode
07-07 16:36:11.508  2459  2459 D Stardroid.PreferencesButton: Setting initial value of preference auto_mode to true
07-07 16:36:11.593  2459  2459 D SkyBox  : Vertices: 80
07-07 16:36:11.601  2459  2459 D SkyBox  : Indices: 420
07-07 16:36:11.601  2459  2459 D SkyRenderer: SkyRenderer::SkyRenderer()
07-07 16:36:11.613  2459  2459 I Stardroid.DynamicStarMapActivity: Setting layers @ 1341693371617
07-07 16:36:11.711  2459  2459 D Stardroid.SkyGradientLayer: Setting showSkyGradient true
07-07 16:36:11.711  2459  2459 I Stardroid.DynamicStarMapActivity: Set up controllers @ 1341693371712
07-07 16:36:11.718  2459  2459 D Stardroid.LocationController: Got location Manager
07-07 16:36:11.730  2459  2459 D Stardroid.AbstractController: Disabling controller com.google.android.stardroid.control.ManualOrientationController@4174b430
07-07 16:36:11.730  2459  2459 D Stardroid.AbstractController: Enabling controller com.google.android.stardroid.control.SensorOrientationController@41746f00
07-07 16:36:11.730  2459  2459 I Stardroid.ControllerGroup: Setting model
07-07 16:36:11.742  2459  2459 I Stardroid.MapMover: Screen height is 800 pixels.
07-07 16:36:11.750   145   161 I Process : Sending signal. PID: 2459 SIG: 3
07-07 16:36:11.750  2459  2462 I dalvikvm: threadid=3: reacting to signal 3
07-07 16:36:11.777  2459  2462 I dalvikvm: Wrote stack traces to '/data/anr/traces.txt'
07-07 16:36:11.793  2459  2459 D Stardroid.DynamicStarMapActivity: Initializing TimePlayer UI.
07-07 16:36:11.804  2459  2459 D Stardroid.AbstractController: Disabling controller com.google.android.stardroid.control.ManualOrientationController@4174b430
07-07 16:36:11.808  2459  2459 D Stardroid.AbstractController: Enabling controller com.google.android.stardroid.control.SensorOrientationController@41746f00
07-07 16:36:11.812  2459  2459 D Stardroid.DynamicStarMapActivity: Intent received: Intent { cmp=com.google.android.stardroid/.activities.DynamicStarMapActivity }
07-07 16:36:11.812  2459  2459 D Stardroid.DynamicStarMapActivity: -onCreate at 1341693371813
07-07 16:36:11.812  2459  2459 D Stardroid.Analytics: Logging page /MainPage
07-07 16:36:11.816  2459  2459 D PersistentEventStore/putEvent: Row ID: 163, Event ID: 163
07-07 16:36:11.843  2459  2478 I PointObjectManager: Vertices: 148, Indices: 222
07-07 16:36:11.843  2459  2459 D Stardroid.DynamicStarMapActivity: onResume at 1341693371847
07-07 16:36:11.843  2459  2459 I Stardroid.DynamicStarMapActivity: Resuming
07-07 16:36:11.847  2459  2459 I Stardroid.DynamicStarMapActivity: Starting view
07-07 16:36:11.847  2459  2459 I Stardroid.DynamicStarMapActivity: Starting controller
07-07 16:36:11.847  2459  2459 I Stardroid.ControllerGroup: Starting controllers
07-07 16:36:11.847  2459  2459 D Stardroid.LocationController: LocationController start
07-07 16:36:11.847  2459  2459 D Stardroid.LocationController: User has elected to set location manually.
07-07 16:36:11.847  2459  2459 D Stardroid.LocationController: Latitude 10.383333
07-07 16:36:11.847  2459  2459 D Stardroid.LocationController: Longitude 43.716667
07-07 16:36:11.847  2459  2459 D Stardroid.LocationController: Informing user of change of location
07-07 16:36:11.847  2459  2459 D Stardroid.LocationController: Reverse geocoding location
07-07 16:36:11.855  2459  2478 I PointObjectManager: Vertices: 124, Indices: 186
07-07 16:36:11.875  2459  2478 I PointObjectManager: Vertices: 272, Indices: 408
07-07 16:36:11.883  2459  2478 I PointObjectManager: Vertices: 160, Indices: 240
07-07 16:36:11.886 27783 27872 I System.out: [INFO:13244601]: LogSource: Running flush
07-07 16:36:11.894  2459  2478 I PointObjectManager: Vertices: 192, Indices: 288
07-07 16:36:11.918  2459  2478 I PointObjectManager: Vertices: 288, Indices: 432
07-07 16:36:11.925  2459  2478 I PointObjectManager: Vertices: 352, Indices: 528
07-07 16:36:11.929  2459  2478 I PointObjectManager: Vertices: 160, Indices: 240
07-07 16:36:11.929 27783 27874 I System.out: [INFO:13244647]: LogSource: Sending payload [bytes=286]
07-07 16:36:11.929  2459  2478 I PointObjectManager: Vertices: 136, Indices: 204
07-07 16:36:11.953  2459  2478 I PointObjectManager: Vertices: 260, Indices: 390
07-07 16:36:11.957  2459  2478 I PointObjectManager: Vertices: 136, Indices: 204
07-07 16:36:11.965  2459  2478 I PointObjectManager: Vertices: 160, Indices: 240
07-07 16:36:11.976  2459  2478 I PointObjectManager: Vertices: 152, Indices: 228
07-07 16:36:11.984  2459  2478 I PointObjectManager: Vertices: 176, Indices: 264
07-07 16:36:11.992  2459  2478 I PointObjectManager: Vertices: 264, Indices: 396
07-07 16:36:12.000  2459  2478 I PointObjectManager: Vertices: 120, Indices: 180
07-07 16:36:12.015  2459  2478 I PointObjectManager: Vertices: 404, Indices: 606
07-07 16:36:12.035  2459  2478 I PointObjectManager: Vertices: 196, Indices: 294
07-07 16:36:12.043  2459  2460 D dalvikvm: GC_CONCURRENT freed 532K, 5% free 13187K/13831K, paused 3ms+3ms
07-07 16:36:12.047  2459  2478 I PointObjectManager: Vertices: 172, Indices: 258
07-07 16:36:12.050  2459  2478 I PointObjectManager: Vertices: 188, Indices: 282
07-07 16:36:12.066  2459  2478 I PointObjectManager: Vertices: 228, Indices: 342
07-07 16:36:12.078  2459  2478 I PointObjectManager: Vertices: 368, Indices: 552
07-07 16:36:12.082  2459  2478 I PointObjectManager: Vertices: 296, Indices: 444
07-07 16:36:12.086  2459  2478 I PointObjectManager: Vertices: 192, Indices: 288
07-07 16:36:12.090  2459  2478 I PointObjectManager: Vertices: 120, Indices: 180
07-07 16:36:12.093  2459  2478 I PointObjectManager: Vertices: 152, Indices: 228
07-07 16:36:12.097  2459  2478 I PointObjectManager: Vertices: 116, Indices: 174
07-07 16:36:12.105  2459  2478 I PointObjectManager: Vertices: 208, Indices: 312
07-07 16:36:12.109  2459  2478 I PointObjectManager: Vertices: 240, Indices: 360
07-07 16:36:12.113  2459  2478 I PointObjectManager: Vertices: 164, Indices: 246
07-07 16:36:12.117  2459  2478 I PointObjectManager: Vertices: 128, Indices: 192
07-07 16:36:12.121  2459  2478 I PointObjectManager: Vertices: 140, Indices: 210
07-07 16:36:12.148  2459  2478 I PointObjectManager: Vertices: 456, Indices: 684
07-07 16:36:12.246   145   161 I Process : Sending signal. PID: 2459 SIG: 3
07-07 16:36:12.250  2459  2462 I dalvikvm: threadid=3: reacting to signal 3
07-07 16:36:12.281  2459  2462 I dalvikvm: Wrote stack traces to '/data/anr/traces.txt'
07-07 16:36:12.558 27783 27874 I System.out: [INFO:13245275]: LogSource: Response [http=200,length=222]
07-07 16:36:12.558 27783 27872 I System.out: [INFO:13245277]: LogSource: Read id 2, status code 200
07-07 16:36:12.566  2459  2459 D Stardroid.LocationController: Location set to Pisa
07-07 16:36:12.582  2459  2459 D Stardroid.LocationController: LocationController -start
07-07 16:36:12.582  2459  2459 D Stardroid.SensorOrientationController: Exponentially weighted smoothers used
07-07 16:36:12.582  2459  2459 D Stardroid.SensorOrientationController: Sensor damping preference HIGH
07-07 16:36:12.582  2459  2459 D Stardroid.SensorOrientationController: Sensor speed preference FAST
07-07 16:36:12.590  2459  2459 D Stardroid.SensorOrientationController: Registered sensor listener
07-07 16:36:12.590  2459  2459 D Stardroid.OsVersions: Setting button brightness
07-07 16:36:12.590  2459  2459 D Stardroid.DynamicStarMapActivity: -onResume at 1341693372592
07-07 16:36:12.726   215   215 V PhoneStatusBar: setLightsOn(true)
07-07 16:36:12.726   215   215 V PhoneStatusBar: setLightsOn(true)
07-07 16:36:12.750   145   161 I Process : Sending signal. PID: 2459 SIG: 3
07-07 16:36:12.750  2459  2462 I dalvikvm: threadid=3: reacting to signal 3
07-07 16:36:12.750  2459  2478 D libEGL  : loaded /system/lib/egl/libGLES_android.so
07-07 16:36:12.765  2459  2462 I dalvikvm: Wrote stack traces to '/data/anr/traces.txt'
07-07 16:36:12.769  2459  2478 D libEGL  : loaded /vendor/lib/egl/libEGL_POWERVR_SGX540_120.so
07-07 16:36:12.777  2459  2478 D libEGL  : loaded /vendor/lib/egl/libGLESv1_CM_POWERVR_SGX540_120.so
07-07 16:36:12.812  2459  2478 D libEGL  : loaded /vendor/lib/egl/libGLESv2_POWERVR_SGX540_120.so
07-07 16:36:12.836   145   175 I ActivityManager: Displayed com.google.android.stardroid/.activities.DynamicStarMapActivity: +1s588ms
07-07 16:36:12.914  2459  2459 D Stardroid.SplashScreenActivity: SplashScreen onDestroy
07-07 16:36:12.957  2459  2478 D SkyRenderer: surfaceCreated
07-07 16:36:12.965  2459  2478 I SkyRenderer: GL extensions: GL_OES_byte_coordinates GL_OES_fixed_point GL_OES_single_precision GL_OES_matrix_get GL_OES_read_format GL_OES_compressed_paletted_texture GL_OES_point_sprite GL_OES_point_size_array GL_OES_matrix_palette GL_OES_draw_texture GL_OES_query_matrix GL_OES_texture_env_crossbar GL_OES_texture_mirrored_repeat GL_OES_texture_cube_map GL_OES_blend_subtract GL_OES_blend_func_separate GL_OES_blend_equation_separate GL_OES_stencil_wrap GL_OES_extended_matrix_palette GL_OES_framebuffer_object GL_OES_rgb8_rgba8 GL_OES_depth24 GL_OES_stencil8 GL_OES_compressed_ETC1_RGB8_texture GL_OES_mapbuffer GL_OES_EGL_image GL_OES_EGL_image_external GL_EXT_multi_draw_arrays GL_OES_required_internalformat GL_IMG_read_format GL_IMG_texture_compression_pvrtc GL_IMG_texture_format_BGRA8888 GL_EXT_texture_format_BGRA8888 GL_OES_egl_sync GL_IMG_vertex_array_object
07-07 16:36:12.965  2459  2478 I SkyRenderer: Model: Full Android on Crespo4G
07-07 16:36:12.965  2459  2478 I SkyRenderer: VBOs disabled
07-07 16:36:13.035  2459  2478 D dalvikvm: GC_FOR_ALLOC freed 2016K, 15% free 12145K/14279K, paused 34ms
07-07 16:36:13.125  2459  2478 D dalvikvm: GC_FOR_ALLOC freed 520K, 15% free 12157K/14279K, paused 30ms
07-07 16:36:13.277  2459  2460 D dalvikvm: GC_CONCURRENT freed 934K, 15% free 12267K/14279K, paused 2ms+3ms
07-07 16:36:13.285  2459  2478 D SkyRenderer: Starting sizeChanged, size = (480, 800)
07-07 16:36:13.285  2459  2478 D SkyRenderer: Changing viewport size
07-07 16:36:13.285  2459  2478 D SkyRenderer: Done with sizeChanged
07-07 16:36:13.351  2459  2478 D dalvikvm: GC_FOR_ALLOC freed 673K, 15% free 12205K/14279K, paused 35ms
07-07 16:36:13.433  2459  2460 D dalvikvm: GC_CONCURRENT freed 551K, 11% free 12716K/14279K, paused 2ms+3ms
07-07 16:36:13.527  2459  2478 D dalvikvm: GC_FOR_ALLOC freed 1350K, 15% free 12204K/14279K, paused 31ms
07-07 16:36:13.832  2459  2460 D dalvikvm: GC_CONCURRENT freed 964K, 15% free 12217K/14279K, paused 2ms+3ms
07-07 16:36:15.179  2459  2460 D dalvikvm: GC_CONCURRENT freed 986K, 15% free 12222K/14279K, paused 3ms+3ms
07-07 16:36:16.050  2459  2459 D Stardroid.DynamicStarMapActivity: Key: KeyEvent { action=ACTION_DOWN, keyCode=KEYCODE_MENU, scanCode=139, metaState=0, flags=0x48, repeatCount=0, eventTime=90065289, downTime=90065289, deviceId=2, source=0x101 }
07-07 16:36:16.429  2459  2460 D dalvikvm: GC_CONCURRENT freed 876K, 14% free 12348K/14279K, paused 4ms+5ms
07-07 16:36:17.386  2459  2475 D NetworkRequestUtil/ConstructPageviewRequestPath: /__utm.gif?utmwv=4.5ma&utmn=657546029&utme=8(1!ANDROID_OS*2!SKYMAP_VERSION*3!DEVICE_NAME)9(1!15*2!1.6.4*3!Full%20Android%20on%20Crespo4G)11(1!1*2!1*3!1)&utmcs=UTF-8&utmsr=480x800&utmul=en-US&utmp=%2FApplicationCreate&utmac=UA-520332-6&utmcc=__utma%3D999.72055653.1340221202.1341443710.1341693367.15
07-07 16:36:17.433  2459  2475 D NetworkRequestUtil/ConstructEventRequestPath: /__utm.gif?utmwv=4.5ma&utmn=482370707&utmt=event&utme=5(General*Start%20up%20hour*16h)(0)&utmcs=UTF-8&utmsr=480x800&utmul=en-US&utmac=UA-520332-6&utmcc=__utma%3D999.72055653.1340221202.1341443710.1341693367.15
07-07 16:36:17.433  2459  2475 D NetworkRequestUtil/ConstructPageviewRequestPath: /__utm.gif?utmwv=4.5ma&utmn=2048091989&utmcs=UTF-8&utmsr=480x800&utmul=en-US&utmp=%2FSplashScreen&utmac=UA-520332-6&utmcc=__utma%3D999.72055653.1340221202.1341443710.1341693367.15
07-07 16:36:17.437  2459  2475 D NetworkRequestUtil/ConstructPageviewRequestPath: /__utm.gif?utmwv=4.5ma&utmn=669760062&utmcs=UTF-8&utmsr=480x800&utmul=en-US&utmp=%2FMainPage&utmac=UA-520332-6&utmcc=__utma%3D999.72055653.1340221202.1341443710.1341693367.15
07-07 16:36:17.754  2459  2460 D dalvikvm: GC_CONCURRENT freed 1008K, 14% free 12387K/14279K, paused 2ms+6ms
07-07 16:36:17.836  2459  2459 D Stardroid.DynamicStarMapActivity: Settings
07-07 16:36:17.836  2459  2459 D Stardroid.Analytics: Logging event Pressed Menu Item (User Action) label Settings Opened value 1
07-07 16:36:17.843  2459  2459 D PersistentEventStore/putEvent: Row ID: 164, Event ID: 164
07-07 16:36:17.941   145  1185 I ActivityManager: START {cmp=com.google.android.stardroid/.activities.EditSettingsActivity} from pid 2459
07-07 16:36:17.965  2459  2459 D Stardroid.DynamicStarMapActivity: DynamicStarMap onSaveInstanceState
07-07 16:36:17.965  2459  2459 D Stardroid.DynamicStarMapActivity: DynamicStarMap onPause
07-07 16:36:17.968  2459  2459 I Stardroid.ControllerGroup: Stopping controllers
07-07 16:36:17.968  2459  2459 D Stardroid.LocationController: LocationController stop
07-07 16:36:17.968  2459  2459 D Stardroid.LocationController: LocationController -stop
07-07 16:36:17.968  2459  2459 D Stardroid.SensorOrientationController: Unregistering sensor listeners
07-07 16:36:18.008  2459  2459 D Stardroid.DynamicStarMapActivity: DynamicStarMap -onPause
07-07 16:36:18.097  2459  2459 W Resources: Converting to string: TypedValue{t=0x4/d=0x422eddde a=-1}
07-07 16:36:18.101  2459  2459 W Resources: Converting to string: TypedValue{t=0x4/d=0x41262222 a=-1}
07-07 16:36:18.105  2459  2459 D Stardroid.Analytics: Logging page /MainPage/EditSettings
07-07 16:36:18.109  2459  2459 D PersistentEventStore/putEvent: Row ID: 165, Event ID: 165
07-07 16:36:18.300  2459  2459 D Stardroid.OsVersions: Setting button brightness
07-07 16:36:18.324   215   215 V PhoneStatusBar: setLightsOn(true)
07-07 16:36:18.484   323   325 D dalvikvm: GC_CONCURRENT freed 389K, 22% free 10100K/12807K, paused 2ms+5ms
07-07 16:36:18.511   145   161 I Process : Sending signal. PID: 2459 SIG: 3
07-07 16:36:18.511  2459  2462 I dalvikvm: threadid=3: reacting to signal 3
07-07 16:36:18.523  2459  2462 I dalvikvm: Wrote stack traces to '/data/anr/traces.txt'
07-07 16:36:18.527   145   175 I ActivityManager: Displayed com.google.android.stardroid/.activities.EditSettingsActivity: +519ms
07-07 16:36:18.625  2459  2459 D Stardroid.Analytics: Logging event Session length bucket (General) label LESS_THAN_TEN_SECS value 6
07-07 16:36:18.629  2459  2459 D PersistentEventStore/putEvent: Row ID: 166, Event ID: 166
07-07 16:36:19.800  2459  2460 D dalvikvm: GC_CONCURRENT freed 259K, 8% free 13213K/14279K, paused 2ms+3ms
07-07 16:36:19.843  2459  2459 D dalvikvm: GC_FOR_ALLOC freed 29K, 8% free 13544K/14663K, paused 37ms
07-07 16:36:19.922  2459  2459 D dalvikvm: GC_FOR_ALLOC freed 1K, 8% free 13986K/15047K, paused 35ms
07-07 16:36:25.941  2459  2459 D Stardroid.PreferenceChangeAnalyticsTracker: Logging pref change no_auto_locate
07-07 16:36:25.941  2459  2459 D Stardroid.Analytics: Logging event Preference toggled (User Action) label Preference:no_auto_locate value 0
07-07 16:36:25.976  2459  2459 D PersistentEventStore/putEvent: Row ID: 167, Event ID: 167
07-07 16:36:26.168  2459  2459 D Stardroid.DynamicStarMapActivity: Preferences changed: key=no_auto_locate
07-07 16:36:27.453  2459  2475 D NetworkRequestUtil/ConstructEventRequestPath: /__utm.gif?utmwv=4.5ma&utmn=616233734&utmt=event&utme=5(User%20Action*Pressed%20Menu%20Item*Settings%20Opened)(1)&utmcs=UTF-8&utmsr=480x800&utmul=en-US&utmac=UA-520332-6&utmcc=__utma%3D999.72055653.1340221202.1341443710.1341693367.15
07-07 16:36:27.472  2459  2475 D NetworkRequestUtil/ConstructPageviewRequestPath: /__utm.gif?utmwv=4.5ma&utmn=946438579&utmcs=UTF-8&utmsr=480x800&utmul=en-US&utmp=%2FMainPage%2FEditSettings&utmac=UA-520332-6&utmcc=__utma%3D999.72055653.1340221202.1341443710.1341693367.15
07-07 16:36:27.472  2459  2475 D NetworkRequestUtil/ConstructEventRequestPath: /__utm.gif?utmwv=4.5ma&utmn=1382728683&utmt=event&utme=5(General*Session%20length%20bucket*LESS_THAN_TEN_SECS)(6)&utmcs=UTF-8&utmsr=480x800&utmul=en-US&utmac=UA-520332-6&utmcc=__utma%3D999.72055653.1340221202.1341443710.1341693367.15
07-07 16:36:27.476  2459  2475 D NetworkRequestUtil/ConstructEventRequestPath: /__utm.gif?utmwv=4.5ma&utmn=1731009650&utmt=event&utme=5(User%20Action*Preference%20toggled*Preference%3Ano_auto_locate)(0)&utmcs=UTF-8&utmsr=480x800&utmul=en-US&utmac=UA-520332-6&utmcc=__utma%3D999.72055653.1340221202.1341443710.1341693367.15
07-07 16:36:38.422   145  1187 W InputManagerService: Window already focused, ignoring focus gain of: com.android.internal.view.IInputMethodClient$Stub$Proxy@41782338
07-07 16:36:40.027   145   145 W InputManagerService: Window already focused, ignoring focus gain of: com.android.internal.view.IInputMethodClient$Stub$Proxy@417d3578
07-07 16:36:41.465  2459  2459 D Stardroid.EditSettingsActivity: Updating preferences
07-07 16:36:41.465  2459  2459 D Stardroid.Analytics: Enabling stats collection
07-07 16:36:41.472  2459  2459 D Stardroid.Analytics: Logging page /MainPage
07-07 16:36:41.472  2459  2459 D PersistentEventStore/putEvent: Row ID: 168, Event ID: 168
07-07 16:36:41.566  2459  2459 D Stardroid.DynamicStarMapActivity: onResume at 1341693401567
07-07 16:36:41.566  2459  2459 I Stardroid.DynamicStarMapActivity: Resuming
07-07 16:36:41.570  2459  2459 I Stardroid.DynamicStarMapActivity: Starting view
07-07 16:36:41.570  2459  2459 I Stardroid.DynamicStarMapActivity: Starting controller
07-07 16:36:41.570  2459  2459 I Stardroid.ControllerGroup: Starting controllers
07-07 16:36:41.570  2459  2459 D Stardroid.LocationController: LocationController start
07-07 16:36:41.605  2459  2459 D Stardroid.LocationController: Got location provider gps
07-07 16:36:41.617  2459  2459 D Stardroid.LocationController: Informing user of change of location
07-07 16:36:41.617  2459  2459 D Stardroid.LocationController: Reverse geocoding location
07-07 16:36:41.633 27783 27872 I System.out: [INFO:13274348]: LogSource: Running flush
07-07 16:36:41.633 27783 27873 I System.out: [INFO:13274350]: LogSource: Sending payload [bytes=286]
07-07 16:36:41.726   215   217 D dalvikvm: GC_CONCURRENT freed 283K, 32% free 10047K/14663K, paused 2ms+6ms
07-07 16:36:41.781   215   215 D dalvikvm: GC_FOR_ALLOC freed 388K, 32% free 10018K/14663K, paused 18ms
07-07 16:36:41.793 27783 27873 I System.out: [INFO:13274510]: LogSource: Response [http=200,length=195]
07-07 16:36:41.793 27783 27872 I System.out: [INFO:13274511]: LogSource: Read id 3, status code 200
07-07 16:36:41.836   215   217 D dalvikvm: GC_CONCURRENT freed 306K, 31% free 10149K/14663K, paused 2ms+3ms
07-07 16:36:41.879  2459  2459 D Stardroid.LocationController: Location set to Buffalo
07-07 16:36:41.890  2459  2459 D Stardroid.LocationController: LocationController -start
07-07 16:36:41.890  2459  2459 D Stardroid.SensorOrientationController: Exponentially weighted smoothers used
07-07 16:36:41.890  2459  2459 D Stardroid.SensorOrientationController: Sensor damping preference HIGH
07-07 16:36:41.890  2459  2459 D Stardroid.SensorOrientationController: Sensor speed preference FAST
07-07 16:36:41.894  2459  2459 D Stardroid.SensorOrientationController: Registered sensor listener
07-07 16:36:41.894  2459  2459 D Stardroid.OsVersions: Setting button brightness
07-07 16:36:41.894  2459  2459 D Stardroid.DynamicStarMapActivity: -onResume at 1341693401897
07-07 16:36:41.965   145   161 I Process : Sending signal. PID: 2459 SIG: 3
07-07 16:36:41.965  2459  2462 I dalvikvm: threadid=3: reacting to signal 3
07-07 16:36:41.968  2459  2462 D dalvikvm: ExtrMon: insns 0x6 not valid (0x0 - 0x0)
07-07 16:36:41.972  2459  2462 I dalvikvm: Wrote stack traces to '/data/anr/traces.txt'
07-07 16:36:42.000  2459  2478 D SkyRenderer: surfaceCreated
07-07 16:36:42.000  2459  2478 I SkyRenderer: GL extensions: GL_OES_byte_coordinates GL_OES_fixed_point GL_OES_single_precision GL_OES_matrix_get GL_OES_read_format GL_OES_compressed_paletted_texture GL_OES_point_sprite GL_OES_point_size_array GL_OES_matrix_palette GL_OES_draw_texture GL_OES_query_matrix GL_OES_texture_env_crossbar GL_OES_texture_mirrored_repeat GL_OES_texture_cube_map GL_OES_blend_subtract GL_OES_blend_func_separate GL_OES_blend_equation_separate GL_OES_stencil_wrap GL_OES_extended_matrix_palette GL_OES_framebuffer_object GL_OES_rgb8_rgba8 GL_OES_depth24 GL_OES_stencil8 GL_OES_compressed_ETC1_RGB8_texture GL_OES_mapbuffer GL_OES_EGL_image GL_OES_EGL_image_external GL_EXT_multi_draw_arrays GL_OES_required_internalformat GL_IMG_read_format GL_IMG_texture_compression_pvrtc GL_IMG_texture_format_BGRA8888 GL_EXT_texture_format_BGRA8888 GL_OES_egl_sync GL_IMG_vertex_array_object
07-07 16:36:42.000  2459  2478 I SkyRenderer: Model: Full Android on Crespo4G
07-07 16:36:42.000  2459  2478 I SkyRenderer: VBOs disabled
07-07 16:36:42.008   215   217 D dalvikvm: GC_CONCURRENT freed 515K, 32% free 10023K/14663K, paused 2ms+8ms
07-07 16:36:42.082  2459  2478 D dalvikvm: GC_FOR_ALLOC freed 2050K, 16% free 13029K/15431K, paused 42ms
07-07 16:36:42.168  2459  2478 D dalvikvm: GC_FOR_ALLOC freed 1134K, 16% free 12977K/15431K, paused 43ms
07-07 16:36:42.207  2459  2478 D SkyRenderer: Starting sizeChanged, size = (480, 800)
07-07 16:36:42.207  2459  2478 D SkyRenderer: Changing viewport size
07-07 16:36:42.207  2459  2478 D SkyRenderer: Done with sizeChanged
07-07 16:36:42.258  2459  2478 D SkyRenderer: Starting sizeChanged, size = (480, 800)
07-07 16:36:42.258  2459  2478 D SkyRenderer: Changing viewport size
07-07 16:36:42.258  2459  2478 D SkyRenderer: Done with sizeChanged
07-07 16:36:42.273   215   215 V PhoneStatusBar: setLightsOn(true)
07-07 16:36:42.578 27783 27785 D dalvikvm: GC_CONCURRENT freed 359K, 6% free 10326K/10951K, paused 2ms+14ms
07-07 16:36:43.312  2459  2460 D dalvikvm: GC_CONCURRENT freed 1504K, 18% free 12733K/15431K, paused 2ms+6ms
07-07 16:36:44.961  2459  2460 D dalvikvm: GC_CONCURRENT freed 1498K, 20% free 12407K/15431K, paused 2ms+5ms
07-07 16:36:46.465  2459  2460 D dalvikvm: GC_CONCURRENT freed 1063K, 20% free 12400K/15431K, paused 2ms+3ms
07-07 16:36:47.293  2459  2466 I dalvikvm: Jit: resizing JitTable from 4096 to 8192
07-07 16:36:47.961  2459  2460 D dalvikvm: GC_CONCURRENT freed 1054K, 20% free 12397K/15431K, paused 4ms+3ms
07-07 16:36:49.402  2459  2460 D dalvikvm: GC_CONCURRENT freed 1037K, 20% free 12402K/15431K, paused 7ms+4ms
07-07 16:36:49.656   373   373 D OpenGLRenderer: Flushing caches (mode 1)
07-07 16:36:49.660  2341  2341 D OpenGLRenderer: Flushing caches (mode 1)
07-07 16:36:50.633  2459  2459 D Stardroid.DynamicStarMapActivity: In search mode false
07-07 16:36:50.633  2459  2459 D Stardroid.DynamicStarMapActivity: Key: KeyEvent { action=ACTION_DOWN, keyCode=KEYCODE_BACK, scanCode=158, metaState=0, flags=0x48, repeatCount=0, eventTime=90099894, downTime=90099894, deviceId=2, source=0x101 }
07-07 16:36:50.672  2459  2459 D Stardroid.DynamicStarMapActivity: DynamicStarMap onPause
07-07 16:36:50.672  2459  2459 I Stardroid.ControllerGroup: Stopping controllers
07-07 16:36:50.672  2459  2459 D Stardroid.LocationController: LocationController stop
07-07 16:36:50.675  2459  2459 D Stardroid.LocationController: LocationController -stop
07-07 16:36:50.675  2459  2459 D Stardroid.SensorOrientationController: Unregistering sensor listeners
07-07 16:36:50.707  2459  2459 D Stardroid.DynamicStarMapActivity: DynamicStarMap -onPause
07-07 16:36:50.836   323   325 D dalvikvm: GC_CONCURRENT freed 389K, 22% free 10101K/12807K, paused 1ms+20ms
07-07 16:36:50.918  2459  2459 D Stardroid.Analytics: Logging event Session length bucket (General) label LESS_THAN_TEN_SECS value 9
07-07 16:36:50.918  2459  2459 D PersistentEventStore/putEvent: Row ID: 169, Event ID: 169
07-07 16:36:50.957  2459  2459 D Stardroid.DynamicStarMapActivity: DynamicStarMap onDestroy
07-07 16:36:50.972   215   217 D dalvikvm: GC_CONCURRENT freed 505K, 32% free 10017K/14663K, paused 7ms+4ms
07-07 16:36:51.590  2459  2475 D NetworkRequestUtil/ConstructPageviewRequestPath: /__utm.gif?utmwv=4.5ma&utmn=524986230&utmcs=UTF-8&utmsr=480x800&utmul=en-US&utmp=%2FMainPage&utmac=UA-520332-6&utmcc=__utma%3D999.72055653.1340221202.1341443710.1341693367.15
07-07 16:36:51.625  2459  2475 D NetworkRequestUtil/ConstructEventRequestPath: /__utm.gif?utmwv=4.5ma&utmn=1656284670&utmt=event&utme=5(General*Session%20length%20bucket*LESS_THAN_TEN_SECS)(9)&utmcs=UTF-8&utmsr=480x800&utmul=en-US&utmac=UA-520332-6&utmcc=__utma%3D999.72055653.1340221202.1341443710.1341693367.15
07-07 16:36:53.644   145  1186 I ActivityManager: START {act=android.intent.action.MAIN cat=[android.intent.category.LAUNCHER] flg=0x10200000 cmp=com.android.contacts/.activities.PeopleActivity bnds=[0,405][120,555]} from pid 373
07-07 16:36:53.800   145   314 I ActivityManager: Start proc com.android.contacts for activity com.android.contacts/.activities.PeopleActivity: pid=2489 uid=10000 gids={3003, 1015}
07-07 16:36:53.883   373   373 D OpenGLRenderer: Flushing caches (mode 1)
07-07 16:36:53.906   373   373 D OpenGLRenderer: Flushing caches (mode 0)
07-07 16:36:54.031  2489  2489 I ContactsIntentResolver: Called with action: android.intent.action.MAIN
07-07 16:36:54.058  2489  2503 D AccountTypeManager: Registering external account type=com.whatsapp, packageName=com.whatsapp
07-07 16:36:54.093  2489  2503 W ResourceType: getEntry failing because entryIndex 606 is beyond type entryCount 189
07-07 16:36:54.093  2489  2503 W ResourceType: Failure getting entry for 0x7f02025e (t=1 e=606) in package 0 (error -2147483647)
07-07 16:36:54.093  2489  2503 D AccountTypeManager: Registering external account type=com.xabber.androiddev, packageName=com.xabber.androiddev
07-07 16:36:54.136  2489  2503 D AccountTypeManager: Registering external account type=com.facebook.auth.login, packageName=com.facebook.katana
07-07 16:36:54.160  2489  2491 D dalvikvm: GC_CONCURRENT freed 216K, 4% free 9316K/9607K, paused 7ms+3ms
07-07 16:36:54.242  2489  2503 W ResourceType: getEntry failing because entryIndex 344 is beyond type entryCount 189
07-07 16:36:54.242  2489  2503 W ResourceType: Failure getting entry for 0x7f020158 (t=1 e=344) in package 0 (error -2147483647)
07-07 16:36:54.242  2489  2503 D AccountTypeManager: Registering 1 extension packages
07-07 16:36:54.304  2489  2489 I ContactPhotoManager: Cache adj: 0.5
07-07 16:36:54.347   145   161 I Process : Sending signal. PID: 2489 SIG: 3
07-07 16:36:54.347  2489  2493 I dalvikvm: threadid=3: reacting to signal 3
07-07 16:36:54.410  2489  2493 I dalvikvm: Wrote stack traces to '/data/anr/traces.txt'
07-07 16:36:54.433  2489  2503 E ExternalAccountType: Unsupported attribute readOnly
07-07 16:36:54.437  2489  2503 W ResourceType: getEntry failing because entryIndex 422 is beyond type entryCount 189
07-07 16:36:54.437  2489  2503 W ResourceType: Failure getting entry for 0x7f0201a6 (t=1 e=422) in package 0 (error -2147483647)
07-07 16:36:54.496  2489  2503 D AccountTypeManager: Registering extension package account type=com.google, dataSet=plus, packageName=com.google.android.apps.plus
07-07 16:36:54.531  2489  2503 I AccountTypeManager: Loaded meta-data for 6 account types, 5 accounts in 516ms(wall) 85ms(cpu)
07-07 16:36:54.750  2489  2489 D libEGL  : loaded /system/lib/egl/libGLES_android.so
07-07 16:36:54.761  2489  2489 D libEGL  : loaded /vendor/lib/egl/libEGL_POWERVR_SGX540_120.so
07-07 16:36:54.769  2489  2491 D dalvikvm: GC_CONCURRENT freed 191K, 4% free 9552K/9863K, paused 3ms+8ms
07-07 16:36:54.773  2489  2489 D libEGL  : loaded /vendor/lib/egl/libGLESv1_CM_POWERVR_SGX540_120.so
07-07 16:36:54.781  2489  2489 D libEGL  : loaded /vendor/lib/egl/libGLESv2_POWERVR_SGX540_120.so
07-07 16:36:54.836  2489  2489 D OpenGLRenderer: Enabling debug mode 0
07-07 16:36:54.843   145   161 I Process : Sending signal. PID: 2489 SIG: 3
07-07 16:36:54.843  2489  2493 I dalvikvm: threadid=3: reacting to signal 3
07-07 16:36:54.883  2489  2493 I dalvikvm: Wrote stack traces to '/data/anr/traces.txt'
07-07 16:36:54.937  2271  2275 D dalvikvm: GC_CONCURRENT freed 357K, 7% free 9512K/10183K, paused 2ms+3ms
07-07 16:36:55.058   145   175 I ActivityManager: Displayed com.android.contacts/.activities.PeopleActivity: +1s300ms
07-07 16:36:55.414  2489  2504 D dalvikvm: GC_FOR_ALLOC freed 89K, 2% free 9809K/9991K, paused 18ms
07-07 16:36:55.515  2489  2491 D dalvikvm: GC_CONCURRENT freed 76K, 3% free 10228K/10439K, paused 9ms+2ms
07-07 16:36:55.633  2489  2491 D dalvikvm: GC_CONCURRENT freed 131K, 3% free 10549K/10823K, paused 3ms+3ms
07-07 16:36:55.683  2489  2504 D dalvikvm: GC_FOR_ALLOC freed 104K, 3% free 10583K/10887K, paused 36ms
07-07 16:36:55.824  2489  2491 D dalvikvm: GC_CONCURRENT freed 321K, 5% free 10708K/11207K, paused 2ms+3ms
07-07 16:36:56.027  2206  2219 I PhoneLab-: Service Running
07-07 16:36:56.074  2206  2219 I PhoneLab-LoggerService: app_37    1466  1     1436   996   c00f181c 400107b4 S logcat
07-07 16:36:56.074  2206  2219 I PhoneLab-LoggerService: Logcat pid from database 1466
07-07 16:36:56.074  2206  2219 I PhoneLab-LoggerService: Logcat process found 1466
07-07 16:36:56.074  2206  2219 I PhoneLab-LoggerService: Checking Threshold
07-07 16:36:58.027  2489  2504 V ContactPhotoManager: Preloaded 25 photos.  Cached bytes: 205533
07-07 16:36:58.121   145   913 I ActivityManager: START {act=android.intent.action.VIEW dat=content://com.android.contacts/contacts/lookup/profile/9223372034707292161 cmp=com.android.contacts/.activities.ContactDetailActivity} from pid 2489
07-07 16:36:58.363   145   147 D dalvikvm: GC_CONCURRENT freed 2430K, 19% free 17139K/20999K, paused 3ms+16ms
07-07 16:36:58.590  2489  2489 I ContactDetailActivity: content://com.android.contacts/contacts/lookup/profile/9223372034707292161
07-07 16:36:58.691  2489  2491 D dalvikvm: GC_CONCURRENT freed 244K, 3% free 11008K/11335K, paused 9ms+4ms
07-07 16:36:58.738   145   161 I Process : Sending signal. PID: 2489 SIG: 3
07-07 16:36:58.738  2489  2493 I dalvikvm: threadid=3: reacting to signal 3
07-07 16:36:58.773  2489  2493 I dalvikvm: Wrote stack traces to '/data/anr/traces.txt'
07-07 16:36:58.812   145   175 I ActivityManager: Displayed com.android.contacts/.activities.ContactDetailActivity: +576ms
07-07 16:36:58.824  2489  2489 D OpenGLRenderer: Flushing caches (mode 0)
07-07 16:36:58.976  2489  2489 I ContactLoader: Registering content observer for content://com.android.contacts/contacts/lookup/profile/9223372034707292161
07-07 16:36:59.312  2489  2504 V ContactPhotoManager: Preloaded 25 photos.  Cached bytes: 336277
07-07 16:36:59.324  2489  2489 W AccountTypeManager: Unknown type=com.google, mime=vnd.android.cursor.item/identity
07-07 16:36:59.429  2489  2491 D dalvikvm: GC_CONCURRENT freed 143K, 2% free 11486K/11719K, paused 3ms+2ms
07-07 16:36:59.781  2489  2491 D dalvikvm: GC_CONCURRENT freed 656K, 6% free 11692K/12423K, paused 58ms+5ms
07-07 16:37:00.402  2489  2504 V ContactPhotoManager: Preloaded 25 photos.  Cached bytes: 470246
07-07 16:37:00.484  2341  2341 D OpenGLRenderer: Flushing caches (mode 1)
07-07 16:37:00.484   373   373 D OpenGLRenderer: Flushing caches (mode 1)
07-07 16:37:00.832  2489  2504 D dalvikvm: GC_FOR_ALLOC freed 354K, 4% free 12086K/12551K, paused 27ms
07-07 16:37:01.918  2489  2504 V ContactPhotoManager: Preloaded 25 photos.  Cached bytes: 623475
07-07 16:37:03.754  2271  2283 D dalvikvm: GC_EXPLICIT freed 339K, 7% free 9553K/10183K, paused 14ms+13ms
07-07 16:37:03.812  2489  2489 I ContactLoader: Registering content observer for content://com.android.contacts/contacts/lookup/profile/9223372034707292161
07-07 16:37:03.886  2489  2489 W AccountTypeManager: Unknown type=com.google, mime=vnd.android.cursor.item/identity
07-07 16:37:04.004  2489  2491 D dalvikvm: GC_CONCURRENT freed 241K, 4% free 12776K/13191K, paused 9ms+9ms
07-07 16:37:04.093   145  1185 I ActivityManager: Process com.whatsapp (pid 2159) has died.
07-07 16:37:04.093   145  1185 W ActivityManager: Scheduling restart of crashed service com.whatsapp/.messaging.MessageService in 5000ms
07-07 16:37:09.164   145   162 I ActivityManager: Start proc com.whatsapp for service com.whatsapp/.messaging.MessageService: pid=2518 uid=10068 gids={1015, 3003}
07-07 16:37:09.172  2518  2518 I dalvikvm: Turning on JNI app bug workarounds for target SDK version 7...
07-07 16:37:09.187   373   373 D OpenGLRenderer: Flushing caches (mode 1)
07-07 16:37:09.195  2341  2341 D OpenGLRenderer: Flushing caches (mode 2)
07-07 16:37:09.472  2518  2519 D dalvikvm: GC_CONCURRENT freed 179K, 3% free 9353K/9607K, paused 13ms+2ms
07-07 16:37:09.824  2518  2519 D dalvikvm: GC_CONCURRENT freed 292K, 4% free 9603K/9991K, paused 2ms+3ms
07-07 16:37:10.109   145   408 D dalvikvm: GC_EXPLICIT freed 665K, 20% free 16869K/20999K, paused 4ms+8ms
07-07 16:37:10.160  2518  2518 I dalvikvm: Could not find method android.media.MediaMetadataRetriever.captureFrame, referenced from method com.whatsapp.q3.a
07-07 16:37:10.160  2518  2518 W dalvikvm: VFY: unable to resolve virtual method 502: Landroid/media/MediaMetadataRetriever;.captureFrame ()Landroid/graphics/Bitmap;
07-07 16:37:10.160  2518  2518 D dalvikvm: VFY: replacing opcode 0x6e at 0x0134
07-07 16:37:10.332  2518  2519 D dalvikvm: GC_CONCURRENT freed 307K, 4% free 9862K/10247K, paused 2ms+4ms
07-07 16:37:10.601  2518  2519 D dalvikvm: GC_CONCURRENT freed 339K, 5% free 9998K/10439K, paused 4ms+5ms
07-07 16:37:14.933   145   394 I ActivityManager: START {act=android.intent.action.EDIT dat=content://com.android.contacts/contacts/lookup/profile/9223372034707292161 cmp=com.android.contacts/.activities.ContactEditorActivity (has extras)} from pid 2489
07-07 16:37:15.234   145   175 I ActivityManager: Displayed com.android.contacts/.activities.ContactEditorActivity: +228ms
07-07 16:37:15.242  2489  2489 D OpenGLRenderer: Flushing caches (mode 0)
07-07 16:37:15.285  2489  2489 I ContactLoader: Registering content observer for content://com.android.contacts/contacts/lookup/profile/9223372034707292161
07-07 16:37:15.297  2489  2489 V ContactEditorFragment: Time needed for loading: 163
07-07 16:37:15.617  2489  2489 V ContactEditorFragment: Time needed for setting UI: 320
07-07 16:37:20.230  2489  2491 D dalvikvm: GC_CONCURRENT freed 856K, 7% free 13127K/14087K, paused 2ms+6ms
07-07 16:37:21.425   145   913 W InputManagerService: Window already focused, ignoring focus gain of: com.android.internal.view.IInputMethodClient$Stub$Proxy@41813f30
07-07 16:37:31.914  2489  2489 D ContactEditorFragment: onSaveCompleted(0, content://com.android.contacts/contacts/lookup/profile/9223372034707292161
07-07 16:37:32.148   323   325 D dalvikvm: GC_CONCURRENT freed 391K, 22% free 10101K/12807K, paused 4ms+10ms
07-07 16:37:32.152  2489  2489 D OpenGLRenderer: Flushing caches (mode 0)
07-07 16:37:35.172   145   157 I ActivityManager: START {act=android.intent.action.EDIT dat=content://com.android.contacts/contacts/lookup/profile/9223372034707292161 cmp=com.android.contacts/.activities.ContactEditorActivity (has extras)} from pid 2489
07-07 16:37:35.375   145   175 I ActivityManager: Displayed com.android.contacts/.activities.ContactEditorActivity: +108ms
07-07 16:37:35.383  2489  2489 D OpenGLRenderer: Flushing caches (mode 0)
07-07 16:37:35.429  2489  2489 I ContactLoader: Registering content observer for content://com.android.contacts/contacts/lookup/profile/9223372034707292161
07-07 16:37:35.437  2489  2489 V ContactEditorFragment: Time needed for loading: 130
07-07 16:37:35.605  2489  2489 V ContactEditorFragment: Time needed for setting UI: 168
07-07 16:37:37.117  2489  2489 D ContactEditorFragment: onSaveCompleted(0, content://com.android.contacts/contacts/lookup/profile/9223372034707292161
07-07 16:37:37.265  2489  2489 D OpenGLRenderer: Flushing caches (mode 0)
07-07 16:37:37.390  2489  2489 D dalvikvm: GC_EXPLICIT freed 635K, 6% free 13456K/14215K, paused 5ms+24ms
07-07 16:37:37.558  1433  1433 D dalvikvm: GC_FOR_ALLOC freed 395K, 9% free 10940K/11911K, paused 29ms
07-07 16:37:37.621  1433  1586 D dalvikvm: GC_FOR_ALLOC freed 259K, 8% free 11029K/11911K, paused 25ms
07-07 16:37:37.625  1433  1586 I dalvikvm-heap: Grow heap (frag case) to 11.187MB for 360016-byte allocation
07-07 16:37:37.668  1433  1433 D dalvikvm: GC_FOR_ALLOC freed <1K, 8% free 11380K/12295K, paused 29ms
07-07 16:37:37.890   215   217 D dalvikvm: GC_CONCURRENT freed 365K, 32% free 10104K/14663K, paused 2ms+3ms
