07-06 14:29:06.146  1198  1253 D PicasaSyncManager: active network: NetworkInfo: type: mobile[CDMA - EvDo rev. A], state: CONNECTED/CONNECTED, reason: (unspecified), extra: , roaming: false, failover: false, isAvailable: true
07-06 14:29:06.146  1198  1253 D PicasaSyncManager: background data: true
07-06 14:29:06.240  1198  1200 D dalvikvm: GC_CONCURRENT freed 274K, 4% free 9919K/10311K, paused 5ms+2ms
07-06 14:29:06.240  1198  1253 D PicasaSyncManager: reject MetadataSyncTask (lokeshmandvekar@gmail.com) for non-wifi connection
07-06 14:29:06.240  1151  1153 D dalvikvm: GC_CONCURRENT freed 387K, 5% free 10426K/10951K, paused 3ms+2ms
07-06 14:29:06.295  1239  1239 I ActivityThread: Pub com.google.android.apps.currents.exported: com.google.apps.dots.android.app.provider.ExportedContentProvider
07-06 14:29:06.338   637   639 D dalvikvm: GC_CONCURRENT freed 79K, 3% free 11696K/11975K, paused 2ms+4ms
07-06 14:29:06.381  1255  1255 I ActivityThread: Pub com.google.android.youtube.SuggestionProvider: com.google.android.youtube.core.suggest.SuggestionProvider
07-06 14:29:06.424  1239  1242 D dalvikvm: GC_CONCURRENT freed 165K, 3% free 9366K/9607K, paused 3ms+2ms
07-06 14:29:06.549  1198  1200 D dalvikvm: GC_CONCURRENT freed 146K, 3% free 10238K/10503K, paused 1ms+2ms
07-06 14:29:06.775   637   642 I dalvikvm: Wrote stack traces to '/data/anr/traces.txt'
07-06 14:29:06.822   145   380 I ActivityManager: No longer want com.android.voicedialer (pid 884): hidden #16
07-06 14:29:06.846   145   161 I Process : Sending signal. PID: 637 SIG: 3
07-06 14:29:06.846   637   642 I dalvikvm: threadid=3: reacting to signal 3
07-06 14:29:06.853   637   642 I dalvikvm: Wrote stack traces to '/data/anr/traces.txt'
07-06 14:29:06.877   145   205 D Tethering: MasterInitialState.processMessage what=3
07-06 14:29:06.885   145   205 D Tethering: MasterInitialState.processMessage what=3
07-06 14:29:06.912  1239  1242 D dalvikvm: GC_CONCURRENT freed 261K, 5% free 9582K/9991K, paused 2ms+5ms
07-06 14:29:07.076  1239  1242 D dalvikvm: GC_CONCURRENT freed 238K, 4% free 9861K/10183K, paused 2ms+2ms
07-06 14:29:07.158  1198  1253 D PicasaSyncManager: battery info: true
07-06 14:29:07.186  1225  1263 I DownloadManager: in removeSpuriousFiles, preserving file /data/data/com.android.providers.downloads/cache/metadata.json
07-06 14:29:07.186  1225  1263 I DownloadManager: in removeSpuriousFiles, preserving file /data/data/com.android.providers.downloads/cache/en_general.htm
07-06 14:29:07.186  1225  1263 I DownloadManager: in removeSpuriousFiles, preserving file /mnt/sdcard/Download/img-thing.jpeg
07-06 14:29:07.186  1225  1263 I DownloadManager: in removeSpuriousFiles, preserving file /data/data/com.android.providers.downloads/cache/metadata-1.json
07-06 14:29:07.186  1225  1263 I DownloadManager: in removeSpuriousFiles, preserving file /data/data/com.android.providers.downloads/cache/downloadfile.jpeg
07-06 14:29:07.186  1225  1263 I DownloadManager: in removeSpuriousFiles, preserving file /data/data/com.android.providers.downloads/cache/metadata-2.json
07-06 14:29:07.186  1225  1263 I DownloadManager: in removeSpuriousFiles, preserving file /data/data/com.android.providers.downloads/cache/metadata-3.json
07-06 14:29:07.186  1225  1263 I DownloadManager: in removeSpuriousFiles, preserving file /data/data/com.android.providers.downloads/cache/downloadfile-1.jpeg
07-06 14:29:07.186  1225  1263 I DownloadManager: in removeSpuriousFiles, preserving file /data/data/com.android.providers.downloads/cache/downloadfile-2.jpeg
07-06 14:29:07.186  1225  1263 I DownloadManager: in removeSpuriousFiles, preserving file /data/data/com.android.providers.downloads/cache/metadata-4.json
07-06 14:29:07.236   145   199 D DhcpInfoInternal: makeLinkProperties with empty dns2!
07-06 14:29:07.236   145   199 D DhcpInfoInternal: makeLinkProperties with empty dns2!
07-06 14:29:07.252   145   201 D ConnectivityService: ConnectivityChange for WIFI: CONNECTED/CONNECTED
07-06 14:29:07.252   145   201 D ConnectivityService: Policy requires mobile teardown
07-06 14:29:07.275  1239  1242 D dalvikvm: GC_CONCURRENT freed 254K, 4% free 10172K/10503K, paused 2ms+4ms
07-06 14:29:07.369  1239  1239 I DotsContentUris: content://com.google.android.apps.currents
07-06 14:29:07.393  1239  1239 I ActivityThread: Pub com.google.android.apps.currents: com.google.apps.dots.android.app.provider.DotsContentProvider
07-06 14:29:07.537   145   161 I Process : Sending signal. PID: 637 SIG: 3
07-06 14:29:07.537   637   642 I dalvikvm: threadid=3: reacting to signal 3
07-06 14:29:07.576   145   145 D dalvikvm: GC_EXPLICIT freed 1003K, 12% free 13858K/15623K, paused 5ms+12ms
07-06 14:29:07.580  1225  1263 I DownloadManager: deleting spurious file /cache/backup
07-06 14:29:07.584   637   642 I dalvikvm: Wrote stack traces to '/data/anr/traces.txt'
07-06 14:29:07.592  1198  1253 D PicasaSyncManager: reject MetadataSyncTask (lokeshmandvekar@gmail.com) for non-wifi connection
07-06 14:29:07.607   145   201 D ConnectivityService: ConnectivityChange for mobile: DISCONNECTED/DISCONNECTED
07-06 14:29:07.607   145   201 D ConnectivityService: Attempting to switch to WIFI
07-06 14:29:07.607   145   201 D ConnectivityService: Attempting to switch to WIMAX
07-06 14:29:07.607   145   201 D ConnectivityService: Attempting to switch to BLUETOOTH_TETHER
07-06 14:29:07.615   145   196 W NetworkStats: dropping UID delta from unknown iface: iface=wlan0 uid=0 set=DEFAULT tag=0x0 rxBytes=656 rxPackets=2 txBytes=196 txPackets=3 operations=0
07-06 14:29:07.615   145   196 W NetworkStats: dropping UID delta from unknown iface: iface=wlan0 uid=10071 set=DEFAULT tag=0x0 rxBytes=168 rxPackets=3 txBytes=336 txPackets=6 operations=0
07-06 14:29:07.619  1239  1239 I DotsApplication: Starting up...
07-06 14:29:07.627   145   201 D NetUtils: android_net_utils_resetConnections in env=0x3ee7b8 clazz=0x58e00001 iface=rmnet0 mask=0x3
07-06 14:29:07.627   145   201 D ConnectivityService: resetConnections(rmnet0, 3)
07-06 14:29:07.654   145   201 D ConnectivityService: handleInetConditionHoldEnd: net=0, condition=100, published condition=0
07-06 14:29:07.654   145   201 D ConnectivityService: handleInetConditionHoldEnd: event hold for obsolete network - ignoring
07-06 14:29:07.689   344   344 D SAN_SERVICE: *******************************************
07-06 14:29:07.689   344   344 D SAN_SERVICE: DM App Phone Service State - 0
07-06 14:29:07.689   344   344 D SAN_SERVICE: *******************************************
07-06 14:29:07.705   344   344 D SAN_SERVICE: *******************************************
07-06 14:29:07.705   344   344 D SAN_SERVICE: DM App Phone Service State - 0
07-06 14:29:07.705   344   344 D SAN_SERVICE: *******************************************
07-06 14:29:07.850   986  1082 W System.err: javax.net.ssl.SSLException: SSL handshake aborted: ssl=0x404fe8: I/O error during system call, Connection timed out
07-06 14:29:07.853   986  1082 W System.err: 	at org.apache.harmony.xnet.provider.jsse.NativeCrypto.SSL_do_handshake(Native Method)
07-06 14:29:07.853   986  1082 W System.err: 	at org.apache.harmony.xnet.provider.jsse.OpenSSLSocketImpl.startHandshake(OpenSSLSocketImpl.java:410)
07-06 14:29:07.853   986  1082 W System.err: 	at org.apache.harmony.xnet.provider.jsse.OpenSSLSocketImpl.startHandshake(OpenSSLSocketImpl.java:257)
07-06 14:29:07.853   986  1082 W System.err: 	at android.net.SSLCertificateSocketFactory.verifyHostname(SSLCertificateSocketFactory.java:191)
07-06 14:29:07.853   986  1082 W System.err: 	at android.net.SSLCertificateSocketFactory.createSocket(SSLCertificateSocketFactory.java:276)
07-06 14:29:07.853   986  1082 W System.err: 	at org.apache.http.conn.ssl.SSLSocketFactory.createSocket(SSLSocketFactory.java:375)
07-06 14:29:07.853   986  1082 W System.err: 	at e.d.createSocket(SourceFile:159)
07-06 14:29:07.853   986  1082 W System.err: 	at org.apache.http.impl.conn.DefaultClientConnectionOperator.openConnection(DefaultClientConnectionOperator.java:165)
07-06 14:29:07.853   986  1082 W System.err: 	at org.apache.http.impl.conn.AbstractPoolEntry.open(AbstractPoolEntry.java:164)
07-06 14:29:07.853   986  1082 W System.err: 	at org.apache.http.impl.conn.AbstractPooledConnAdapter.open(AbstractPooledConnAdapter.java:119)
07-06 14:29:07.853   986  1082 W System.err: 	at org.apache.http.impl.client.DefaultRequestDirector.execute(DefaultRequestDirector.java:360)
07-06 14:29:07.853   986  1082 W System.err: 	at org.apache.http.impl.client.AbstractHttpClient.execute(AbstractHttpClient.java:555)
07-06 14:29:07.853   986  1082 W System.err: 	at org.apache.http.impl.client.AbstractHttpClient.execute(AbstractHttpClient.java:487)
07-06 14:29:07.853   986  1082 W System.err: 	at android.net.http.AndroidHttpClient.execute(AndroidHttpClient.java:257)
07-06 14:29:07.857   986  1082 W System.err: 	at e.a.a(SourceFile:202)
07-06 14:29:07.857   986  1082 W System.err: 	at e.a.execute(SourceFile:244)
07-06 14:29:07.857   986  1082 W System.err: 	at e.a.execute(SourceFile:312)
07-06 14:29:07.857   986  1082 W System.err: 	at am.c.a(SourceFile:126)
07-06 14:29:07.857   986  1082 W System.err: 	at am.c.f(SourceFile:172)
07-06 14:29:07.857   986  1082 W System.err: 	at p.d.run(SourceFile:419)
07-06 14:29:07.857   986  1082 W System.err: 	at p.c.c(SourceFile:225)
07-06 14:29:07.857   986  1082 W System.err: 	at p.c.run(SourceFile:199)
07-06 14:29:07.857   986  1082 W System.err: 	at ao.c.run(SourceFile:96)
07-06 14:29:07.877  1198  1200 D dalvikvm: GC_CONCURRENT freed 319K, 5% free 10424K/10887K, paused 7ms+3ms
07-06 14:29:08.041   145   161 I Process : Sending signal. PID: 637 SIG: 3
07-06 14:29:08.041   637   642 I dalvikvm: threadid=3: reacting to signal 3
07-06 14:29:08.068  1225  1227 D dalvikvm: GC_CONCURRENT freed 370K, 5% free 9162K/9607K, paused 2ms+12ms
07-06 14:29:08.107  1255  1257 D dalvikvm: GC_CONCURRENT freed 337K, 5% free 9465K/9927K, paused 3ms+6ms
07-06 14:29:08.107  1255  1265 W CursorWrapperInner: Cursor finalized without prior close()
07-06 14:29:08.107  1255  1265 W CursorWrapperInner: Cursor finalized without prior close()
07-06 14:29:08.166  1198  1237 D dalvikvm: GC_FOR_ALLOC freed 70K, 4% free 10488K/10887K, paused 64ms
07-06 14:29:08.166  1198  1237 I dalvikvm-heap: Grow heap (frag case) to 10.563MB for 260112-byte allocation
07-06 14:29:08.201   637   642 I dalvikvm: Wrote stack traces to '/data/anr/traces.txt'
07-06 14:29:08.283  1198  1237 D dalvikvm: GC_FOR_ALLOC freed 131K, 5% free 10611K/11143K, paused 97ms
07-06 14:29:08.361  1255  1257 D dalvikvm: GC_CONCURRENT freed 220K, 3% free 9760K/10055K, paused 3ms+4ms
07-06 14:29:08.436  1255  1257 D dalvikvm: GC_CONCURRENT freed 315K, 4% free 9985K/10375K, paused 2ms+2ms
07-06 14:29:08.502  1198  1217 D PicasaPhotoCP: set fsid first time:-1
07-06 14:29:08.521  1255  1257 D dalvikvm: GC_CONCURRENT freed 442K, 5% free 10114K/10631K, paused 2ms+2ms
07-06 14:29:08.541   145   161 I Process : Sending signal. PID: 637 SIG: 3
07-06 14:29:08.541   637   642 I dalvikvm: threadid=3: reacting to signal 3
07-06 14:29:08.635  1255  1257 D dalvikvm: GC_CONCURRENT freed 424K, 5% free 10260K/10759K, paused 2ms+3ms
07-06 14:29:08.732   637   642 I dalvikvm: Wrote stack traces to '/data/anr/traces.txt'
07-06 14:29:08.783   344   344 D SAN_SERVICE: *******************************************
07-06 14:29:08.783   344   344 D SAN_SERVICE: DM App Phone Service State - 0
07-06 14:29:08.783   344   344 D SAN_SERVICE: *******************************************
07-06 14:29:08.838  1198  1237 D dalvikvm: GC_FOR_ALLOC freed 375K, 6% free 10669K/11271K, paused 153ms
07-06 14:29:08.853   344   345 D dalvikvm: GC_CONCURRENT freed 360K, 5% free 9512K/9991K, paused 4ms+12ms
07-06 14:29:08.916  1239  1242 D dalvikvm: GC_CONCURRENT freed 475K, 6% free 10152K/10759K, paused 13ms+4ms
07-06 14:29:08.951   145   394 I ActivityManager: Start proc com.google.android.apps.docs for broadcast com.google.android.apps.docs/.receivers.NetworkChangeReceiver: pid=1334 uid=10077 gids={3003, 1015, 1006}
07-06 14:29:08.975  1198  1237 D dalvikvm: GC_FOR_ALLOC freed 127K, 5% free 10796K/11271K, paused 78ms
07-06 14:29:09.041   145   161 I Process : Sending signal. PID: 637 SIG: 3
07-06 14:29:09.041   637   642 I dalvikvm: threadid=3: reacting to signal 3
07-06 14:29:09.150  1255  1257 D dalvikvm: GC_CONCURRENT freed 396K, 5% free 10290K/10823K, paused 2ms+4ms
07-06 14:29:09.174  1334  1334 I PackageInfoHelper: Provided clientMode=RELEASE, packageInfo=PackageInfo{41344c98 com.google.android.apps.docs}
07-06 14:29:09.174  1334  1334 I ActivityThread: Pub com.google.android.apps.docs.files: com.google.android.apps.docs.sync.filemanager.FileProvider
07-06 14:29:09.174  1334  1334 I ActivityThread: Pub com.google.android.apps.docs.doclist.search_suggest: com.google.android.apps.docs.doclist.DocListGlobalSearchSuggestionProvider
07-06 14:29:09.221  1198  1237 D dalvikvm: GC_FOR_ALLOC freed 369K, 5% free 10851K/11399K, paused 37ms
07-06 14:29:09.447  1334  1337 D dalvikvm: GC_CONCURRENT freed 227K, 4% free 9305K/9607K, paused 3ms+3ms
07-06 14:29:09.537   145   147 D dalvikvm: GC_CONCURRENT freed 1071K, 11% free 13906K/15623K, paused 3ms+12ms
07-06 14:29:09.541   145   161 I Process : Sending signal. PID: 637 SIG: 3
07-06 14:29:09.619  1334  1337 D dalvikvm: GC_CONCURRENT freed 474K, 6% free 9377K/9927K, paused 2ms+2ms
07-06 14:29:09.709  1334  1337 D dalvikvm: GC_CONCURRENT freed 507K, 6% free 9406K/9991K, paused 2ms+2ms
07-06 14:29:09.760   145   912 D AlarmManagerService: Kernel timezone updated to 240 minutes west of GMT
07-06 14:29:09.803   145   201 D ConnectivityService: handleInetConditionChange: net=0 != default=1 - ignore
07-06 14:29:09.853  1334  1337 D dalvikvm: GC_CONCURRENT freed 523K, 7% free 9452K/10055K, paused 2ms+7ms
07-06 14:29:09.986  1334  1337 D dalvikvm: GC_CONCURRENT freed 500K, 6% free 9463K/10055K, paused 2ms+2ms
07-06 14:29:10.033   306   307 D dalvikvm: GC_CONCURRENT freed 372K, 5% free 10015K/10503K, paused 2ms+119ms
07-06 14:29:10.041   145   161 I Process : Sending signal. PID: 637 SIG: 3
07-06 14:29:10.080  1334  1337 D dalvikvm: GC_CONCURRENT freed 465K, 6% free 9510K/10055K, paused 1ms+11ms
07-06 14:29:10.154   262   265 D dalvikvm: GC_CONCURRENT freed 325K, 5% free 9272K/9671K, paused 6ms+2ms
07-06 14:29:10.322  1334  1337 D dalvikvm: GC_CONCURRENT freed 368K, 5% free 9639K/10119K, paused 1ms+3ms
07-06 14:29:10.447  1334  1334 D ContextScopeImpl: in ContextScope.getContextOrDefault for thread=1
07-06 14:29:10.451  1334  1334 D ContextScopeImpl: returning application context for thread=1
07-06 14:29:10.459  1334  1337 D dalvikvm: GC_CONCURRENT freed 397K, 5% free 9751K/10247K, paused 2ms+3ms
07-06 14:29:10.482  1334  1334 I FeatureCheckerImpl: Configured disabled features: []
07-06 14:29:10.482  1334  1334 D ContextScopeImpl: in ContextScope.getContextOrDefault for thread=1
07-06 14:29:10.482  1334  1334 D ContextScopeImpl: returning application context for thread=1
07-06 14:29:10.482  1334  1334 D ContextScopeImpl: in ContextScope.enter for thread=1
07-06 14:29:10.482  1334  1334 W ContextScopeImpl: thread=1 tried to enter the scope of the application context. Ignored.
07-06 14:29:10.482  1334  1334 D ContextScopeImpl: in ContextScope.getContextOrDefault for thread=1
07-06 14:29:10.482  1334  1334 D ContextScopeImpl: returning application context for thread=1
07-06 14:29:10.486  1334  1334 D DocListDatabase: openHelper points on new database: DocList.db
07-06 14:29:10.486  1334  1334 D DocListDatabase: in openWriteDatabase
07-06 14:29:10.541   145   161 I Process : Sending signal. PID: 637 SIG: 3
07-06 14:29:10.553   637   642 I dalvikvm: Wrote stack traces to '/data/anr/traces.txt'
07-06 14:29:10.557   637   642 I dalvikvm: threadid=3: reacting to signal 3
07-06 14:29:10.615   145   205 D Tethering: MasterInitialState.processMessage what=3
07-06 14:29:10.639   215   217 D dalvikvm: GC_CONCURRENT freed 537K, 32% free 10117K/14663K, paused 2ms+2ms
07-06 14:29:10.682   145   205 D Tethering: MasterInitialState.processMessage what=3
07-06 14:29:10.709   145   205 D Tethering: MasterInitialState.processMessage what=3
07-06 14:29:10.721   215   217 D dalvikvm: GC_CONCURRENT freed 557K, 32% free 10031K/14663K, paused 1ms+3ms
07-06 14:29:10.779   306   306 I GTalkService/c: [AndroidEndpoint@1093755088] connect: acct=1000000, state=CONNECTING
07-06 14:29:10.826   455   477 D dalvikvm: GC_EXPLICIT freed 187K, 7% free 9476K/10119K, paused 230ms+32ms
07-06 14:29:10.928  1198  1200 D dalvikvm: GC_CONCURRENT freed 404K, 6% free 10996K/11591K, paused 2ms+3ms
07-06 14:29:11.088   145   161 I Process : Sending signal. PID: 637 SIG: 3
07-06 14:29:11.162  1151  1153 D dalvikvm: GC_CONCURRENT freed 192K, 3% free 10628K/10951K, paused 3ms+6ms
07-06 14:29:11.201  1198  1200 D dalvikvm: GC_CONCURRENT freed 133K, 3% free 11474K/11719K, paused 1ms+2ms
07-06 14:29:11.420  1198  1200 D dalvikvm: GC_CONCURRENT freed 166K, 3% free 12076K/12359K, paused 2ms+2ms
07-06 14:29:11.600  1198  1200 D dalvikvm: GC_CONCURRENT freed 566K, 6% free 12464K/13127K, paused 2ms+3ms
07-06 14:29:11.760  1334  1334 I ActivityThread: Pub com.google.android.apps.docs.doclist.account_suggest: com.google.android.apps.docs.doclist.DocListAccountSuggestionProvider
07-06 14:29:11.768  1334  1334 D ContextScopeImpl: in ContextScope.enter for thread=1
07-06 14:29:11.768  1334  1334 W ContextScopeImpl: thread=1 tried to enter the scope of the application context. Ignored.
07-06 14:29:11.768  1334  1334 I ActivityThread: Pub com.google.android.apps.docs: com.google.android.apps.docs.providers.DocListProvider
07-06 14:29:11.768  1334  1334 D ContextScopeImpl: in ContextScope.enter for thread=1
07-06 14:29:11.768  1334  1334 W ContextScopeImpl: thread=1 tried to enter the scope of the application context. Ignored.
07-06 14:29:12.088  1151  1153 D dalvikvm: GC_CONCURRENT freed 372K, 5% free 10703K/11207K, paused 3ms+3ms
07-06 14:29:12.443  1151  1153 D dalvikvm: GC_CONCURRENT freed 505K, 6% free 10723K/11335K, paused 2ms+4ms
07-06 14:29:12.611  1151  1153 D dalvikvm: GC_CONCURRENT freed 273K, 4% free 10926K/11335K, paused 2ms+3ms
07-06 14:29:13.139   637   642 I dalvikvm: Wrote stack traces to '/data/anr/traces.txt'
07-06 14:29:13.139   637   642 I dalvikvm: threadid=3: reacting to signal 3
07-06 14:29:13.143   145   161 I Process : Sending signal. PID: 637 SIG: 3
07-06 14:29:13.158   637   642 I dalvikvm: Wrote stack traces to '/data/anr/traces.txt'
07-06 14:29:13.178   637   642 I dalvikvm: threadid=3: reacting to signal 3
07-06 14:29:13.186  1334  1334 W ContextScopeImpl: thread=1 tried to enter the scope of the application context. Ignored.
07-06 14:29:13.205   637   642 I dalvikvm: Wrote stack traces to '/data/anr/traces.txt'
07-06 14:29:13.209  1334  1359 W ContextScopeImpl: thread=159 tried to enter the scope of the application context. Ignored.
07-06 14:29:13.338  1334  1334 W ContextScopeImpl: thread=1 tried to enter the scope of the application context. Ignored.
07-06 14:29:13.381   145  1188 I ActivityManager: Start proc com.google.android.talk for broadcast com.google.android.talk/.McsConnectionStartedReceiver: pid=1368 uid=10045 gids={3003, 1015, 1006, 3002}
07-06 14:29:13.572  1368  1368 I ActivityThread: Pub com.google.android.talk.SuggestionProvider: com.google.android.talk.SuggestionsProvider
07-06 14:29:13.619  1239  1381 I SyncService: Starting sync (14:29:13)
07-06 14:29:13.654  1239  1242 D dalvikvm: GC_CONCURRENT freed 234K, 5% free 10323K/10759K, paused 3ms+2ms
07-06 14:29:13.658  1120  1122 D dalvikvm: GC_CONCURRENT freed 340K, 5% free 9149K/9607K, paused 3ms+5ms
07-06 14:29:13.721   145   161 I Process : Sending signal. PID: 637 SIG: 3
07-06 14:29:13.721   637   642 I dalvikvm: threadid=3: reacting to signal 3
07-06 14:29:13.764   145   201 D ConnectivityService: handleInetConditionHoldEnd: net=1, condition=0, published condition=0
07-06 14:29:13.799   637   642 I dalvikvm: Wrote stack traces to '/data/anr/traces.txt'
07-06 14:29:13.803   306  1181 W Smack/Packet: notify conn break (IOEx), close connection
07-06 14:29:14.057  1368  1368 D vclib:CallStateClient: startListening
07-06 14:29:14.127   145   314 I ActivityManager: No longer want hr.podlanica (pid 958): hidden #16
07-06 14:29:14.189   145   161 I Process : Sending signal. PID: 637 SIG: 3
07-06 14:29:14.189   637   642 I dalvikvm: threadid=3: reacting to signal 3
07-06 14:29:14.279   145   329 D dalvikvm: GC_EXPLICIT freed 470K, 12% free 13901K/15623K, paused 3ms+7ms
07-06 14:29:14.287  1368  1393 I talk    : onMcsConnectionStarted
07-06 14:29:14.299  1368  1370 D dalvikvm: GC_CONCURRENT freed 126K, 3% free 9361K/9607K, paused 2ms+2ms
07-06 14:29:14.365   637   642 I dalvikvm: Wrote stack traces to '/data/anr/traces.txt'
07-06 14:29:14.369   145   161 W ActivityManager: Launch timeout has expired, giving up wake lock!
07-06 14:29:14.381   145   161 W ActivityManager: Activity idle timeout for ActivityRecord{41865ee8 com.whatsapp/.Conversation}
07-06 14:29:14.506  1135  1135 I MediaUploader: No need to wake up
07-06 14:29:14.568   215   215 V PhoneStatusBar: setLightsOn(true)
07-06 14:29:14.611   637   639 D dalvikvm: GC_CONCURRENT freed 575K, 6% free 11934K/12615K, paused 22ms+15ms
07-06 14:29:14.654  1255  1257 D dalvikvm: GC_CONCURRENT freed 349K, 5% free 10420K/10887K, paused 3ms+81ms
07-06 14:29:15.041  1334  1334 W ContextScopeImpl: thread=1 tried to enter the scope of the application context. Ignored.
07-06 14:29:15.053  1198  1253 D PicasaSyncManager: active network: NetworkInfo: type: WIFI[], state: CONNECTED/CONNECTED, reason: (unspecified), extra: (none), roaming: false, failover: false, isAvailable: true
07-06 14:29:15.053  1198  1253 D PicasaSyncManager: background data: true
07-06 14:29:15.197  1198  1200 D dalvikvm: GC_CONCURRENT freed 833K, 7% free 12690K/13639K, paused 9ms+5ms
07-06 14:29:15.295   306   809 D dalvikvm: GC_EXPLICIT freed 408K, 6% free 10034K/10567K, paused 3ms+9ms
07-06 14:29:15.412  1135  1135 I MediaUploader: No need to wake up
07-06 14:29:15.463   145   380 I ActivityManager: No longer want com.google.android.apps.maps:FriendService (pid 973): hidden #16
07-06 14:29:15.514   145   175 I ActivityManager: Displayed com.whatsapp/.Conversation: +11s227ms
07-06 14:29:15.603  1198  1253 D PicasaSyncManager: request sync for MetadataSyncTask (lokeshmandvekar@gmail.com)
07-06 14:29:16.037  1198  1253 D PicasaSyncManager: active network: NetworkInfo: type: WIFI[], state: CONNECTED/CONNECTED, reason: (unspecified), extra: (none), roaming: false, failover: false, isAvailable: true
07-06 14:29:16.037  1198  1253 D PicasaSyncManager: background data: true
07-06 14:29:16.053  1334  1334 W ContextScopeImpl: thread=1 tried to enter the scope of the application context. Ignored.
07-06 14:29:16.100  1135  1135 I MediaUploader: No need to wake up
07-06 14:29:16.170  1255  1257 D dalvikvm: GC_CONCURRENT freed 384K, 5% free 10555K/11015K, paused 61ms+3ms
07-06 14:29:16.205  1334  1334 W ContextScopeImpl: thread=1 tried to enter the scope of the application context. Ignored.
07-06 14:29:16.275   145  1189 I ActivityManager: Start proc com.google.android.apps.maps:LocationFriendService for broadcast com.google.android.apps.maps/com.google.googlenav.friend.reporting.LocationReportingIntentReceiver: pid=1412 uid=10056 gids={3003, 1015}
07-06 14:29:16.400  1412  1414 D dalvikvm: GC_CONCURRENT freed 170K, 3% free 9361K/9607K, paused 3ms+2ms
07-06 14:29:16.408  1198  1253 D PicasaSyncManager: active network: NetworkInfo: type: WIFI[], state: CONNECTED/CONNECTED, reason: (unspecified), extra: (none), roaming: false, failover: false, isAvailable: true
07-06 14:29:16.408  1198  1253 D PicasaSyncManager: background data: true
07-06 14:29:16.584  1412  1414 D dalvikvm: GC_CONCURRENT freed 218K, 4% free 9675K/9991K, paused 2ms+3ms
07-06 14:29:16.865   145   913 I ActivityManager: No longer want com.google.android.maps.mytracks (pid 993): hidden #16
07-06 14:29:16.912   145   913 I ActivityManager: No longer want com.google.android.apps.unveil (pid 1013): hidden #16
07-06 14:29:16.936   427   427 I PhoneLab-Locks: wake lock acquired
07-06 14:29:16.959   145  1184 I ActivityManager: Start proc com.google.android.apps.maps:FriendService for broadcast com.google.android.apps.maps/com.google.googlenav.friend.android.ServiceReceiver: pid=1441 uid=10056 gids={3003, 1015}
07-06 14:29:16.971   145   201 D ConnectivityService: handleInetConditionHoldEnd: net=1, condition=100, published condition=0
07-06 14:29:17.084  1441  1443 D dalvikvm: GC_CONCURRENT freed 173K, 3% free 9359K/9607K, paused 3ms+2ms
07-06 14:29:17.240  1441  1443 D dalvikvm: GC_CONCURRENT freed 207K, 3% free 9707K/9991K, paused 2ms+4ms
07-06 14:29:17.283  1225  1225 D MediaScannerReceiver: action: android.intent.action.MEDIA_MOUNTED path: /mnt/sdcard
07-06 14:29:17.291  1135  1135 I MediaUploader: No need to wake up
07-06 14:29:17.322   427  1440 I PhoneLab-PeriodicCheckService: User info is synched
07-06 14:29:17.373   427  1440 W PhoneLab-PeriodicCheckService: Logger Service is not running starting now...
07-06 14:29:17.400   427  1440 I PhoneLab-Locks: wake lock acquired
07-06 14:29:17.400   427  1440 I PhoneLab-PeriodicCheckService: Rescheduling periodic checking...
07-06 14:29:17.404   427  1440 I PhoneLab-Locks: wake lock released
07-06 14:29:17.408   427   427 I PhoneLab-LoggerService: Start Logger Service
07-06 14:29:17.408   427   427 I PhoneLab-UploadLogs: Transfering log files now
07-06 14:29:17.408   427  1461 I PhoneLab-: Service Running
07-06 14:29:17.615   427   430 D dalvikvm: GC_CONCURRENT freed 359K, 5% free 9173K/9607K, paused 2ms+4ms
07-06 14:29:17.615   427  1461 I PhoneLab-LoggerService: Logcat pid from database 1360
07-06 14:29:17.615   427  1461 I PhoneLab-LoggerService: Logcat process not found, starting process
07-06 14:29:17.619   427  1461 I System.out: /mnt/sdcard/.log/
07-06 14:29:17.736   427   427 D dalvikvm: GC_FOR_ALLOC freed 249K, 6% free 9260K/9799K, paused 45ms
07-06 14:29:17.736   427   427 I dalvikvm-heap: Grow heap (frag case) to 9.358MB for 254548-byte allocation
07-06 14:29:17.771   427  1461 D dalvikvm: GC_FOR_ALLOC freed 120K, 7% free 9388K/10055K, paused 22ms
07-06 14:29:17.799   427   427 D dalvikvm: GC_FOR_ALLOC freed 0K, 7% free 9388K/10055K, paused 19ms
07-06 14:29:17.807   427   427 I dalvikvm-heap: Grow heap (frag case) to 9.733MB for 516692-byte allocation
07-06 14:29:17.842   427  1461 D dalvikvm: GC_FOR_ALLOC freed 248K, 9% free 9644K/10567K, paused 17ms
07-06 14:29:17.861   427  1461 I PhoneLab-LoggerService: app_37    1466  427   1436   1068  00000000 40001666 R logcat
07-06 14:29:17.869   427   427 I PhoneLab-UploadLogs: OnStartCommand
07-06 14:29:17.881  1412  1414 D dalvikvm: GC_CONCURRENT freed 226K, 4% free 9912K/10247K, paused 1ms+244ms
07-06 14:29:17.932   637   649 D dalvikvm: GC_EXPLICIT freed 404K, 4% free 12381K/12871K, paused 3ms+9ms
07-06 14:29:17.959   427   430 D dalvikvm: GC_CONCURRENT freed 72K, 9% free 9660K/10567K, paused 2ms+14ms
07-06 14:29:18.178   427  1468 D dalvikvm: GC_FOR_ALLOC freed 367K, 9% free 9650K/10567K, paused 131ms
07-06 14:29:18.182   427   427 I PhoneLab-WiFiReceiver: Wi-Fi is connected!
07-06 14:29:18.201   427  1468 D dalvikvm: GC_FOR_ALLOC freed 327K, 9% free 9636K/10567K, paused 20ms
07-06 14:29:18.209   427   427 I PhoneLab-WiFiReceiver: SSID: raikiri BSSID: 94:44:52:17:be:7d RSSI: -38 LinkSpeed: 72
07-06 14:29:18.209   427   427 I PhoneLab-Locks: wake lock acquired
07-06 14:29:18.240   427   427 I PhoneLab-UploadLogs: OnStartCommand
07-06 14:29:18.244   427  1461 I PhoneLab-LoggerService: PID to db1466
07-06 14:29:18.303  1135  1135 I MediaUploader: No need to wake up
07-06 14:29:18.322   427  1468 D dalvikvm: GC_FOR_ALLOC freed 310K, 9% free 9643K/10567K, paused 74ms
07-06 14:29:18.322   427   427 I PhoneLab-WiFiReceiver: Wi-Fi is disconnected!
07-06 14:29:18.471   986   988 D dalvikvm: GC_CONCURRENT freed 400K, 5% free 10372K/10887K, paused 23ms+18ms
07-06 14:29:18.576   145   147 D dalvikvm: GC_CONCURRENT freed 1062K, 11% free 13935K/15623K, paused 3ms+7ms
07-06 14:29:18.615  1198  1253 D PicasaSyncManager: request sync for MetadataSyncTask (lokeshmandvekar@gmail.com)
07-06 14:29:18.623  1255  1257 D dalvikvm: GC_CONCURRENT freed 339K, 5% free 10608K/11143K, paused 3ms+116ms
07-06 14:29:18.725  1151  1153 D dalvikvm: GC_CONCURRENT freed 508K, 6% free 10950K/11591K, paused 3ms+4ms
07-06 14:29:18.826  1334  1334 W ContextScopeImpl: thread=1 tried to enter the scope of the application context. Ignored.
07-06 14:29:18.881  1135  1135 I MediaUploader: No need to wake up
07-06 14:29:18.889  1198  1253 D PicasaSyncManager: active network: NetworkInfo: type: WIFI[], state: CONNECTED/CONNECTED, reason: (unspecified), extra: (none), roaming: false, failover: false, isAvailable: true
07-06 14:29:18.900  1198  1253 D PicasaSyncManager: background data: true
07-06 14:29:19.014  1334  1334 W ContextScopeImpl: thread=1 tried to enter the scope of the application context. Ignored.
07-06 14:29:19.096  1135  1135 I MediaUploader: No need to wake up
07-06 14:29:19.131  1198  1253 D PicasaSyncManager: active network: NetworkInfo: type: WIFI[], state: CONNECTED/CONNECTED, reason: (unspecified), extra: (none), roaming: false, failover: false, isAvailable: true
07-06 14:29:19.139  1198  1253 D PicasaSyncManager: background data: true
07-06 14:29:19.205  1334  1334 W ContextScopeImpl: thread=1 tried to enter the scope of the application context. Ignored.
07-06 14:29:19.217  1198  1253 D PicasaSyncManager: active network: NetworkInfo: type: WIFI[], state: CONNECTED/CONNECTED, reason: (unspecified), extra: (none), roaming: false, failover: false, isAvailable: true
07-06 14:29:19.225  1198  1253 D PicasaSyncManager: background data: true
07-06 14:29:19.236   306  1403 I GTalkService/c: [GTalkConnection@1094626240] connect: acct=1, state=CONNECTING
07-06 14:29:19.260  1135  1135 I MediaUploader: No need to wake up
07-06 14:29:19.338  1198  1253 D PicasaSyncManager: active network: NetworkInfo: type: WIFI[], state: CONNECTED/CONNECTED, reason: (unspecified), extra: (none), roaming: false, failover: false, isAvailable: true
07-06 14:29:19.373  1334  1334 W ContextScopeImpl: thread=1 tried to enter the scope of the application context. Ignored.
07-06 14:29:19.428   306   307 D dalvikvm: GC_CONCURRENT freed 430K, 6% free 10035K/10567K, paused 14ms+3ms
07-06 14:29:19.486  1198  1253 D PicasaSyncManager: background data: true
07-06 14:29:19.596  1135  1135 I MediaUploader: No need to wake up
07-06 14:29:19.725   145  1184 D dalvikvm: GC_EXPLICIT freed 785K, 11% free 13931K/15623K, paused 2ms+6ms
07-06 14:29:19.756  1334  1334 W ContextScopeImpl: thread=1 tried to enter the scope of the application context. Ignored.
07-06 14:29:19.846  1198  1253 D PicasaSyncManager: active network: NetworkInfo: type: WIFI[], state: CONNECTED/CONNECTED, reason: (unspecified), extra: (none), roaming: false, failover: false, isAvailable: true
07-06 14:29:19.853  1198  1253 D PicasaSyncManager: background data: true
07-06 14:29:19.924   427   427 I PhoneLab-Locks: wake lock acquired
07-06 14:29:19.932   427   427 I PhoneLab-StatusMonitor: Status Monitoring is started
07-06 14:29:19.943   427   427 E PhoneLab-PhoneLabManifest: java.io.FileNotFoundException: /data/data/edu.buffalo.cse.phonelab.phonelabservices/files/manifest.xml: open failed: ENOENT (No such file or directory)
07-06 14:29:19.990   427   427 I PhoneLab-Locks: wake lock released
07-06 14:29:20.103   145   913 D CountryDetector: The first listener is added
07-06 14:29:20.346   897   899 D dalvikvm: GC_CONCURRENT freed 366K, 5% free 9675K/10119K, paused 2ms+5ms
07-06 14:29:20.365   455   458 D dalvikvm: GC_CONCURRENT freed 269K, 5% free 9646K/10119K, paused 2ms+8ms
07-06 14:29:20.541   986   988 D dalvikvm: GC_CONCURRENT freed 403K, 5% free 10537K/11015K, paused 6ms+9ms
07-06 14:29:20.588   897   897 D GoogleVoice: A notification tickle arrived.
07-06 14:29:20.732   897   899 D dalvikvm: GC_CONCURRENT freed 383K, 5% free 9809K/10311K, paused 2ms+4ms
07-06 14:29:20.881   145  1497 D MediaPlayer: Couldn't open file on client side, trying server side
07-06 14:29:20.893    81   125 E MediaPlayerService: Couldn't open fd for content://settings/system/notification_sound
07-06 14:29:20.893   145  1497 E MediaPlayer: Unable to to create media player
07-06 14:29:20.896   145  1497 W NotificationService: error loading sound for content://settings/system/notification_sound
07-06 14:29:20.896   145  1497 W NotificationService: java.io.IOException: setDataSource failed.: status=0x80000000
07-06 14:29:20.896   145  1497 W NotificationService: 	at android.media.MediaPlayer._setDataSource(Native Method)
07-06 14:29:20.896   145  1497 W NotificationService: 	at android.media.MediaPlayer.setDataSource(MediaPlayer.java:844)
07-06 14:29:20.896   145  1497 W NotificationService: 	at android.media.MediaPlayer.setDataSource(MediaPlayer.java:806)
07-06 14:29:20.896   145  1497 W NotificationService: 	at android.media.MediaPlayer.setDataSource(MediaPlayer.java:761)
07-06 14:29:20.896   145  1497 W NotificationService: 	at com.android.server.NotificationPlayer$CreationAndCompletionThread.run(NotificationPlayer.java:88)
07-06 14:29:21.033   897   939 I System.out: [INFO:27149]: LogSource: Running flush
07-06 14:29:21.033   897   942 I System.out: [INFO:27151]: LogSource: Sending payload [bytes=791]
07-06 14:29:21.041   215   215 D dalvikvm: GC_FOR_ALLOC freed 339K, 32% free 10039K/14663K, paused 59ms
07-06 14:29:21.049   897   897 D GoogleVoice: com.google.android.apps.googlevoice.vvm.service.GvVvmService$Handler Handling message 1001
07-06 14:29:21.053   897   939 I System.out: [INFO:27170]: LogSource: Running flush
07-06 14:29:21.061   897   939 I System.out: [INFO:27180]: LogSource: Running flush
07-06 14:29:21.064   897   940 I System.out: [INFO:27182]: LogSource: Sending payload [bytes=850]
07-06 14:29:21.143   427   427 I PhoneLab-: 1341551490603.log is deleted
07-06 14:29:21.143   427   427 I PhoneLab-: Response: {"data": "done", "err": ""}
07-06 14:29:21.146   427   427 I PhoneLab-UploadLogs: No log files to transfer
07-06 14:29:21.146   427   427 I PhoneLab-Locks: wake lock released
07-06 14:29:21.193   215   217 D dalvikvm: GC_CONCURRENT freed 368K, 32% free 10078K/14663K, paused 4ms+4ms
07-06 14:29:21.232   897   897 D GoogleVoice: com.google.android.apps.googlevoice.vvm.service.GvVvmService$Handler Handling message 1011
07-06 14:29:21.291   897  1501 I GoogleVoice: Deleting all voicemails
07-06 14:29:21.357   897   939 I System.out: [INFO:27473]: LogSource: Running flush
07-06 14:29:21.357   897   941 I System.out: [INFO:27475]: LogSource: Sending payload [bytes=498]
07-06 14:29:21.389   323   325 D dalvikvm: GC_CONCURRENT freed 80K, 2% free 10007K/10183K, paused 2ms+2ms
07-06 14:29:21.650   323   323 D dalvikvm: GC_FOR_ALLOC freed 298K, 5% free 10015K/10439K, paused 17ms
07-06 14:29:21.650   323   323 I dalvikvm-heap: Grow heap (frag case) to 10.554MB for 739216-byte allocation
07-06 14:29:21.709   323   325 D dalvikvm: GC_CONCURRENT freed 4K, 5% free 10732K/11207K, paused 2ms+6ms
07-06 14:29:21.865   427   430 D dalvikvm: GC_CONCURRENT freed 383K, 9% free 9660K/10567K, paused 2ms+36ms
07-06 14:29:21.893   215   217 D dalvikvm: GC_CONCURRENT freed 154K, 30% free 10364K/14663K, paused 2ms+3ms
07-06 14:29:21.994   215   217 D dalvikvm: GC_CONCURRENT freed 544K, 30% free 10278K/14663K, paused 8ms+3ms
07-06 14:29:22.135   897   899 D dalvikvm: GC_CONCURRENT freed 413K, 5% free 9951K/10439K, paused 4ms+23ms
07-06 14:29:22.389   986   988 D dalvikvm: GC_CONCURRENT freed 650K, 7% free 10418K/11143K, paused 1ms+5ms
07-06 14:29:22.596  1412  1419 I dalvikvm: Total arena pages for JIT: 11
07-06 14:29:22.596  1412  1419 I dalvikvm: Total arena pages for JIT: 12
07-06 14:29:22.603  1412  1419 I dalvikvm: Total arena pages for JIT: 13
07-06 14:29:22.603  1412  1419 I dalvikvm: Total arena pages for JIT: 14
07-06 14:29:22.607  1412  1419 I dalvikvm: Total arena pages for JIT: 15
07-06 14:29:22.607  1412  1419 I dalvikvm: Total arena pages for JIT: 16
07-06 14:29:22.611  1412  1419 I dalvikvm: Total arena pages for JIT: 17
07-06 14:29:22.646   145   329 I ActivityManager: Start proc com.facebook.orca for content provider com.facebook.orca/.notify.MessengerLoggedInUserProvider: pid=1506 uid=10062 gids={3003, 1015, 1006}
07-06 14:29:22.654  1506  1506 I dalvikvm: Turning on JNI app bug workarounds for target SDK version 10...
07-06 14:29:22.709   897   942 I System.out: [INFO:28828]: LogSource: Response [http=200,length=11313]
07-06 14:29:22.728   897   939 I System.out: [INFO:28846]: LogSource: Read id 2, status code 200
07-06 14:29:22.807   897   939 I System.out: [INFO:28925]: LogSource: Read id 3, status code 200
07-06 14:29:22.834   897   940 I System.out: [INFO:28951]: LogSource: Response [http=200,length=1987]
07-06 14:29:22.838   897   939 I System.out: [INFO:28956]: LogSource: Read id 4, status code 200
07-06 14:29:22.853  1506  1506 I ActivityThread: Pub com.facebook.orca.notify.MessengerLoggedInUserProvider: com.facebook.orca.notify.MessengerLoggedInUserProvider
07-06 14:29:22.877  1506  1506 I ActivityThread: Pub com.facebook.orca.notify.MessengerForegroundProvider: com.facebook.orca.notify.MessengerForegroundProvider
07-06 14:29:22.881  1506  1506 V orca:OrcaApplication: Forcing initialization of AsyncTask
07-06 14:29:22.889   897   939 I System.out: [INFO:29005]: LogSource: Read id 5, status code 200
07-06 14:29:22.920   897   899 D dalvikvm: GC_CONCURRENT freed 462K, 6% free 10026K/10567K, paused 9ms+12ms
07-06 14:29:22.967  1506  1508 D dalvikvm: GC_CONCURRENT freed 230K, 4% free 9301K/9607K, paused 2ms+3ms
07-06 14:29:22.975  1506  1506 I Finalizer: Couldn't access Thread.inheritableThreadLocals. Reference finalizer threads will inherit thread local values.
07-06 14:29:23.064   897   941 I System.out: [INFO:29180]: LogSource: Response [http=200,length=22]
07-06 14:29:23.064   897   939 I System.out: [INFO:29183]: LogSource: Read id 6, status code 200
07-06 14:29:23.182  1506  1508 D dalvikvm: GC_CONCURRENT freed 382K, 5% free 9453K/9927K, paused 1ms+3ms
07-06 14:29:23.260  1506  1506 W OrcaGuiceModule: Sig: ijxLJi1yGs1JpL-X1SExmchvork
07-06 14:29:23.318  1506  1508 D dalvikvm: GC_CONCURRENT freed 329K, 5% free 9593K/10055K, paused 2ms+2ms
07-06 14:29:23.357  1412  1414 D dalvikvm: GC_CONCURRENT freed 415K, 5% free 10013K/10503K, paused 2ms+3ms
07-06 14:29:23.404  1412  1419 I dalvikvm: Total arena pages for JIT: 18
07-06 14:29:23.611   897   939 I System.out: [INFO:29730]: LogSource: Running flush
07-06 14:29:23.615   897   942 I System.out: [INFO:29731]: LogSource: Sending payload [bytes=449]
07-06 14:29:23.689   897   939 I System.out: [INFO:29807]: LogSource: Running flush
07-06 14:29:23.693   897   939 I System.out: [INFO:29812]: LogSource: Running flush
07-06 14:29:23.697   897   940 I System.out: [INFO:29814]: LogSource: Sending payload [bytes=790]
07-06 14:29:23.721   897   897 D GoogleVoice: com.google.android.apps.googlevoice.vvm.service.GvVvmService$Handler Handling message 1001
07-06 14:29:23.752   897   942 I System.out: [INFO:29871]: LogSource: Response [http=200,length=271]
07-06 14:29:23.756   897   897 D GoogleVoice: com.google.android.apps.googlevoice.vvm.service.GvVvmService$Handler Handling message 1011
07-06 14:29:23.760   897   939 I System.out: [INFO:29877]: LogSource: Read id 8, status code 200
07-06 14:29:23.760   897   939 I System.out: [INFO:29878]: LogSource: Read id 7, status code 200
07-06 14:29:23.775   897  1535 D GoogleVoice: Failed to start full sync.
07-06 14:29:23.924   145  1536 W NotificationService: STOP command without a player
07-06 14:29:23.990   897   939 I System.out: [INFO:30107]: LogSource: Running flush
07-06 14:29:24.002   897   940 I System.out: [INFO:30119]: LogSource: Response [http=200,length=17381]
07-06 14:29:24.006   897   941 I System.out: [INFO:30124]: LogSource: Sending payload [bytes=500]
07-06 14:29:24.143   897   899 D dalvikvm: GC_CONCURRENT freed 516K, 6% free 9985K/10567K, paused 3ms+118ms
07-06 14:29:24.205   897   939 I System.out: [INFO:30318]: LogSource: Read id 9, status code 200
07-06 14:29:24.268   145   912 W AppWidgetService: updateAppWidgetProvider: provider doesn't exist: ComponentInfo{com.google.android.apps.googlevoice/com.google.android.apps.googlevoice.widget.WidgetSettingsProvider}
07-06 14:29:24.295   897   939 I System.out: [INFO:30412]: LogSource: Read id 10, status code 200
07-06 14:29:24.436  1506  1527 W Resources: Converting to string: TypedValue{t=0x10/d=0xffffffff a=-1}
07-06 14:29:24.478   897   938 D dalvikvm: GC_FOR_ALLOC freed 162K, 7% free 9989K/10631K, paused 97ms
07-06 14:29:24.482   897   939 I System.out: [INFO:30601]: LogSource: Running flush
07-06 14:29:24.486   897   942 I System.out: [INFO:30604]: LogSource: Sending payload [bytes=418]
07-06 14:29:24.490   897   941 I System.out: [INFO:30608]: LogSource: Response [http=200,length=22]
07-06 14:29:24.494   897   939 I System.out: [INFO:30611]: LogSource: Read id 11, status code 200
07-06 14:29:24.529  1412  1414 D dalvikvm: GC_CONCURRENT freed 463K, 6% free 10035K/10631K, paused 4ms+12ms
07-06 14:29:24.568   897   938 D dalvikvm: GC_FOR_ALLOC freed 66K, 6% free 10017K/10631K, paused 52ms
07-06 14:29:24.607   145   394 W AppWidgetService: updateAppWidgetProvider: provider doesn't exist: ComponentInfo{com.google.android.apps.googlevoice/com.google.android.apps.googlevoice.widget.WidgetInboxProvider}
07-06 14:29:24.646  1506  1506 D ACRA    : Retrieve application default SharedPreferences.
07-06 14:29:24.646  1506  1506 D ACRA    : Set OnSharedPreferenceChangeListener.
07-06 14:29:24.646  1506  1506 D ACRA    : ACRA is enabled for com.facebook.orca, intializing...
07-06 14:29:24.693  1506  1506 D ACRA    : Looking for error files in /data/data/com.facebook.orca/app_acra-reports
07-06 14:29:24.721  1506  1508 D dalvikvm: GC_CONCURRENT freed 250K, 4% free 9857K/10183K, paused 3ms+3ms
07-06 14:29:24.756   897   942 I System.out: [INFO:30872]: LogSource: Response [http=200,length=1572]
07-06 14:29:24.764   897   939 I System.out: [INFO:30880]: LogSource: Read id 12, status code 200
07-06 14:29:24.783  1506  1527 D dalvikvm: GC_FOR_ALLOC freed 241K, 4% free 10046K/10439K, paused 21ms
07-06 14:29:24.881  1506  1527 D dalvikvm: GC_FOR_ALLOC freed 250K, 5% free 10129K/10631K, paused 51ms
07-06 14:29:24.916  1506  1527 D dalvikvm: GC_FOR_ALLOC freed 241K, 6% free 10211K/10759K, paused 22ms
07-06 14:29:25.064  1506  1508 D dalvikvm: GC_CONCURRENT freed 226K, 3% free 10522K/10823K, paused 2ms+3ms
07-06 14:29:25.143   637   639 D dalvikvm: JIT unchain all for threadid=23
07-06 14:29:25.217  1506  1508 D dalvikvm: GC_CONCURRENT freed 305K, 4% free 10762K/11143K, paused 2ms+4ms
07-06 14:29:25.357   897  1490 D dalvikvm: GC_FOR_ALLOC freed 154K, 6% free 10032K/10631K, paused 188ms
07-06 14:29:25.357   897  1490 I dalvikvm-heap: Grow heap (frag case) to 9.905MB for 36880-byte allocation
07-06 14:29:25.393   897   938 D dalvikvm: GC_FOR_ALLOC freed <1K, 6% free 10067K/10695K, paused 22ms
07-06 14:29:25.443  1506  1508 D dalvikvm: GC_CONCURRENT freed 373K, 5% free 10922K/11399K, paused 2ms+2ms
07-06 14:29:25.467   637   639 D dalvikvm: GC_CONCURRENT freed 700K, 6% free 12828K/13639K, paused 3ms+4ms
07-06 14:29:25.615   897  1490 D dalvikvm: GC_FOR_ALLOC freed 71K, 6% free 10107K/10695K, paused 47ms
07-06 14:29:25.615   897  1490 I dalvikvm-heap: Grow heap (frag case) to 9.978MB for 36880-byte allocation
07-06 14:29:25.650   897   938 D dalvikvm: GC_FOR_ALLOC freed 3K, 6% free 10140K/10759K, paused 23ms
07-06 14:29:25.728   145   912 W AppWidgetService: updateAppWidgetProvider: provider doesn't exist: ComponentInfo{com.google.android.apps.googlevoice/com.google.android.apps.googlevoice.widget.WidgetSettingsProvider}
07-06 14:29:25.740   145   329 W AppWidgetService: updateAppWidgetProvider: provider doesn't exist: ComponentInfo{com.google.android.apps.googlevoice/com.google.android.apps.googlevoice.widget.WidgetInboxProvider}
07-06 14:29:25.822   145  1186 I ActivityManager: No longer want com.android.settings (pid 1052): hidden #16
07-06 14:29:25.830   145   314 W AppWidgetService: updateAppWidgetProvider: provider doesn't exist: ComponentInfo{com.google.android.apps.googlevoice/com.google.android.apps.googlevoice.widget.WidgetSettingsProvider}
07-06 14:29:25.857   145   329 I ActivityManager: START {dat=googlevoice://conversations/2da49a5279512bc6f82a361cdfe50e7ae328b441 flg=0x4000000 cmp=com.google.android.apps.googlevoice/.PhoneCallListActivity bnds=[0,216][480,312]} from pid -1
07-06 14:29:25.857   145   329 W ActivityManager: startActivity called from non-Activity context; forcing Intent.FLAG_ACTIVITY_NEW_TASK for: Intent { dat=googlevoice://conversations/2da49a5279512bc6f82a361cdfe50e7ae328b441 flg=0x4000000 cmp=com.google.android.apps.googlevoice/.PhoneCallListActivity bnds=[0,216][480,312] }
07-06 14:29:25.869   897   897 D GoogleVoice: com.google.android.apps.googlevoice.vvm.service.GvVvmService$Handler Handling message 1001
07-06 14:29:25.869   897   897 D GoogleVoice: com.google.android.apps.googlevoice.vvm.service.GvVvmService$Handler Handling message 1011
07-06 14:29:25.936   897  1490 D dalvikvm: GC_FOR_ALLOC freed 189K, 5% free 10240K/10759K, paused 33ms
07-06 14:29:25.936   897  1546 I GoogleVoice: Deleting all voicemails
07-06 14:29:25.943   145  1189 W AppWidgetService: updateAppWidgetProvider: provider doesn't exist: ComponentInfo{com.google.android.apps.googlevoice/com.google.android.apps.googlevoice.widget.WidgetInboxProvider}
07-06 14:29:25.990   145   157 W KeyguardViewMediator: verifyUnlock called when not externally disabled
07-06 14:29:26.553   215   217 D dalvikvm: GC_CONCURRENT freed 405K, 30% free 10315K/14663K, paused 2ms+6ms
07-06 14:29:26.693   897   899 D dalvikvm: GC_CONCURRENT freed 422K, 5% free 10379K/10887K, paused 2ms+2ms
07-06 14:29:26.697   897   897 W GoogleVoice: PhoneCallListActivity: unknown action, threading as Intent.ACTION_MAIN: null
07-06 14:29:26.713   897   939 I System.out: [INFO:32829]: LogSource: Running flush
07-06 14:29:26.713   897   940 I System.out: [INFO:32831]: LogSource: Sending payload [bytes=489]
07-06 14:29:26.811   145  1187 W AppWidgetService: updateAppWidgetProvider: provider doesn't exist: ComponentInfo{com.google.android.apps.googlevoice/com.google.android.apps.googlevoice.widget.WidgetSettingsProvider}
07-06 14:29:26.830   145   394 W AppWidgetService: updateAppWidgetProvider: provider doesn't exist: ComponentInfo{com.google.android.apps.googlevoice/com.google.android.apps.googlevoice.widget.WidgetInboxProvider}
07-06 14:29:26.846   215   217 D dalvikvm: GC_CONCURRENT freed 655K, 32% free 10115K/14663K, paused 2ms+3ms
07-06 14:29:26.850   897   940 I System.out: [INFO:32967]: LogSource: Response [http=200,length=288]
07-06 14:29:26.850   897   939 I System.out: [INFO:32968]: LogSource: Read id 15, status code 200
07-06 14:29:26.850   897   939 I System.out: [INFO:32969]: LogSource: Read id 13, status code 200
07-06 14:29:26.861   897   939 I System.out: [INFO:32977]: LogSource: Read id 14, status code 200
07-06 14:29:26.893   145   161 I Process : Sending signal. PID: 897 SIG: 3
07-06 14:29:26.896   897   902 I dalvikvm: threadid=3: reacting to signal 3
07-06 14:29:26.982  1151  1153 D dalvikvm: GC_CONCURRENT freed 564K, 6% free 10961K/11655K, paused 107ms+19ms
07-06 14:29:27.014   897   902 I dalvikvm: Wrote stack traces to '/data/anr/traces.txt'
07-06 14:29:27.096   897   939 I System.out: [INFO:33212]: LogSource: Running flush
07-06 14:29:27.096   897   939 I System.out: [INFO:33214]: LogSource: Running flush
07-06 14:29:27.100   897   941 I System.out: [INFO:33217]: LogSource: Sending payload [bytes=798]
07-06 14:29:27.318   145   161 I Process : Sending signal. PID: 897 SIG: 3
07-06 14:29:27.318   897   902 I dalvikvm: threadid=3: reacting to signal 3
07-06 14:29:27.381   215   215 D dalvikvm: GC_FOR_ALLOC freed 534K, 33% free 9955K/14663K, paused 34ms
07-06 14:29:27.475   215   217 D dalvikvm: GC_CONCURRENT freed 198K, 31% free 10186K/14663K, paused 2ms+2ms
07-06 14:29:27.541   897   902 I dalvikvm: Wrote stack traces to '/data/anr/traces.txt'
07-06 14:29:27.553   145   154 W MediaPlayer-JNI: MediaPlayer finalized without being released
07-06 14:29:27.557   145   314 D dalvikvm: GC_EXPLICIT freed 779K, 10% free 14204K/15623K, paused 7ms+21ms
07-06 14:29:27.670   897   941 I System.out: [INFO:33788]: LogSource: Response [http=200,length=274]
07-06 14:29:27.670   897   939 I System.out: [INFO:33788]: LogSource: Read id 16, status code 200
07-06 14:29:27.674   897   939 I System.out: [INFO:33793]: LogSource: Read id 17, status code 200
07-06 14:29:27.709   897   939 I System.out: [INFO:33828]: LogSource: Running flush
07-06 14:29:27.713   897   940 I System.out: [INFO:33829]: LogSource: Sending payload [bytes=408]
07-06 14:29:27.752   897   899 D dalvikvm: GC_CONCURRENT freed 376K, 5% free 10520K/11015K, paused 2ms+9ms
07-06 14:29:27.811   215   217 D dalvikvm: GC_CONCURRENT freed 507K, 31% free 10188K/14663K, paused 2ms+9ms
07-06 14:29:27.842   897   940 I System.out: [INFO:33960]: LogSource: Response [http=200,length=324]
07-06 14:29:27.842   897   939 I System.out: [INFO:33961]: LogSource: Read id 18, status code 200
07-06 14:29:27.861   897   939 I System.out: [INFO:33978]: LogSource: Running flush
07-06 14:29:27.861   897   939 I System.out: [INFO:33979]: LogSource: Running flush
07-06 14:29:27.865   897   942 I System.out: [INFO:33982]: LogSource: Sending payload [bytes=1476]
07-06 14:29:27.900   455   458 D dalvikvm: GC_CONCURRENT freed 279K, 5% free 9770K/10183K, paused 2ms+12ms
07-06 14:29:28.107   145  1185 W InputManagerService: Starting input on non-focused client com.android.internal.view.IInputMethodClient$Stub$Proxy@4166b608 (uid=10068 pid=637)
07-06 14:29:28.119   145   161 I Process : Sending signal. PID: 897 SIG: 3
07-06 14:29:28.119   897   902 I dalvikvm: threadid=3: reacting to signal 3
07-06 14:29:28.186   897   942 I System.out: [INFO:34303]: LogSource: Response [http=200,length=13207]
07-06 14:29:28.186   897   939 I System.out: [INFO:34303]: LogSource: Read id 19, status code 200
07-06 14:29:28.197   897   899 D dalvikvm: GC_CONCURRENT freed 287K, 4% free 10711K/11143K, paused 5ms+3ms
07-06 14:29:28.213   897   939 I System.out: [INFO:34331]: LogSource: Read id 20, status code 200
07-06 14:29:28.225   897   939 I System.out: [INFO:34343]: LogSource: Read id 21, status code 200
07-06 14:29:28.232   897   939 I System.out: [INFO:34351]: LogSource: Read id 22, status code 200
07-06 14:29:28.303   145  1188 W AppWidgetService: updateAppWidgetProvider: provider doesn't exist: ComponentInfo{com.google.android.apps.googlevoice/com.google.android.apps.googlevoice.widget.WidgetSettingsProvider}
07-06 14:29:28.307   145   408 W AppWidgetService: updateAppWidgetProvider: provider doesn't exist: ComponentInfo{com.google.android.apps.googlevoice/com.google.android.apps.googlevoice.widget.WidgetInboxProvider}
07-06 14:29:28.326   897   902 I dalvikvm: Wrote stack traces to '/data/anr/traces.txt'
07-06 14:29:28.330   145   175 I ActivityManager: Displayed com.google.android.apps.googlevoice/.PhoneCallListActivity: +2s13ms
07-06 14:29:28.365   344   344 D SAN_SERVICE: *******************************************
07-06 14:29:28.365   344   344 D SAN_SERVICE: DM App Phone Service State - 0
07-06 14:29:28.365   344   344 D SAN_SERVICE: *******************************************
07-06 14:29:28.412   344   344 D SAN_SERVICE: *******************************************
07-06 14:29:28.412   344   344 D SAN_SERVICE: DM App Phone Service State - 0
07-06 14:29:28.412   344   344 D SAN_SERVICE: *******************************************
07-06 14:29:28.439   897   899 D dalvikvm: GC_CONCURRENT freed 511K, 6% free 10717K/11399K, paused 3ms+3ms
07-06 14:29:28.467   897   897 D GoogleVoice: com.google.android.apps.googlevoice.vvm.service.GvVvmService$Handler Handling message 1001
07-06 14:29:28.467   145  1185 W AppWidgetService: updateAppWidgetProvider: provider doesn't exist: ComponentInfo{com.google.android.apps.googlevoice/com.google.android.apps.googlevoice.widget.WidgetSettingsProvider}
07-06 14:29:28.471   145   394 W AppWidgetService: updateAppWidgetProvider: provider doesn't exist: ComponentInfo{com.google.android.apps.googlevoice/com.google.android.apps.googlevoice.widget.WidgetInboxProvider}
07-06 14:29:28.486   145   408 W AppWidgetService: updateAppWidgetProvider: provider doesn't exist: ComponentInfo{com.google.android.apps.googlevoice/com.google.android.apps.googlevoice.widget.WidgetSettingsProvider}
07-06 14:29:28.494   145  1187 W AppWidgetService: updateAppWidgetProvider: provider doesn't exist: ComponentInfo{com.google.android.apps.googlevoice/com.google.android.apps.googlevoice.widget.WidgetInboxProvider}
07-06 14:29:28.510   897   897 D GoogleVoice: com.google.android.apps.googlevoice.vvm.service.GvVvmService$Handler Handling message 1011
07-06 14:29:28.510   897  1553 I GoogleVoice: Deleting all voicemails
07-06 14:29:28.639   637   639 D dalvikvm: GC_CONCURRENT freed 573K, 5% free 13471K/14151K, paused 158ms+10ms
07-06 14:29:29.377  1225  1227 D dalvikvm: GC_CONCURRENT freed 298K, 5% free 9308K/9735K, paused 7ms+3ms
07-06 14:29:29.482   455   476 D dalvikvm: GC_EXPLICIT freed 227K, 5% free 9700K/10183K, paused 8ms+5ms
07-06 14:29:29.889   897  1490 D dalvikvm: GC_EXPLICIT freed 443K, 7% free 10701K/11399K, paused 2ms+6ms
07-06 14:29:30.103   897   897 D dalvikvm: GC_FOR_ALLOC freed 298K, 7% free 10686K/11399K, paused 22ms
07-06 14:29:30.166  1225  1227 D dalvikvm: GC_CONCURRENT freed 148K, 3% free 9592K/9863K, paused 62ms+3ms
07-06 14:29:30.518  1225  1227 D dalvikvm: GC_CONCURRENT freed 21K, 2% free 9976K/10119K, paused 2ms+2ms
07-06 14:29:30.623  1151  1153 D dalvikvm: GC_CONCURRENT freed 435K, 5% free 11091K/11655K, paused 2ms+7ms
07-06 14:29:31.025   897  1557 D dalvikvm: GC_FOR_ALLOC freed 177K, 6% free 10747K/11399K, paused 27ms
07-06 14:29:31.064   306   307 D dalvikvm: GC_CONCURRENT freed 255K, 5% free 10176K/10631K, paused 2ms+74ms
07-06 14:29:31.197   455   458 D dalvikvm: GC_CONCURRENT freed 362K, 5% free 9869K/10311K, paused 2ms+9ms
07-06 14:29:31.217   897  1557 D dalvikvm: GC_FOR_ALLOC freed 88K, 7% free 10750K/11463K, paused 53ms
07-06 14:29:31.268   897  1557 D dalvikvm: GC_FOR_ALLOC freed 71K, 7% free 10745K/11463K, paused 21ms
07-06 14:29:31.318   897  1557 D dalvikvm: GC_FOR_ALLOC freed 72K, 7% free 10737K/11463K, paused 21ms
07-06 14:29:31.361   455   477 D dalvikvm: GC_EXPLICIT freed 247K, 7% free 9689K/10311K, paused 2ms+3ms
07-06 14:29:31.424   897  1557 D dalvikvm: GC_FOR_ALLOC freed 69K, 7% free 10741K/11463K, paused 21ms
07-06 14:29:31.471   897  1557 D dalvikvm: GC_FOR_ALLOC freed 31K, 7% free 10774K/11463K, paused 20ms
07-06 14:29:31.471   897  1557 I dalvikvm-heap: Grow heap (frag case) to 10.634MB for 36880-byte allocation
07-06 14:29:31.494   897  1557 D dalvikvm: GC_FOR_ALLOC freed 2K, 7% free 10808K/11527K, paused 21ms
07-06 14:29:31.650   145  1186 D dalvikvm: GC_EXPLICIT freed 488K, 10% free 14083K/15623K, paused 3ms+6ms
07-06 14:29:31.705   897  1557 D dalvikvm: GC_FOR_ALLOC freed 136K, 7% free 10782K/11527K, paused 21ms
07-06 14:29:31.799   897   897 D dalvikvm: GC_FOR_ALLOC freed 204K, 8% free 10633K/11527K, paused 21ms
07-06 14:29:31.857  1225  1227 D dalvikvm: GC_CONCURRENT freed 26K, 2% free 10352K/10503K, paused 2ms+3ms
07-06 14:29:32.053  1225  1227 D dalvikvm: GC_CONCURRENT freed 18K, 2% free 10754K/10887K, paused 1ms+2ms
07-06 14:29:32.361   455   458 D dalvikvm: GC_CONCURRENT freed 306K, 4% free 9904K/10311K, paused 2ms+6ms
07-06 14:29:32.447   897  1559 D dalvikvm: GC_EXPLICIT freed 151K, 7% free 10733K/11527K, paused 2ms+3ms
07-06 14:29:32.549   455  1541 D dalvikvm: GC_EXPLICIT freed 289K, 6% free 9739K/10311K, paused 2ms+5ms
07-06 14:29:32.627   897  1559 D dalvikvm: GC_FOR_ALLOC freed 175K, 7% free 10784K/11527K, paused 21ms
07-06 14:29:32.760   897  1559 D dalvikvm: GC_FOR_ALLOC freed 148K, 7% free 10782K/11527K, paused 21ms
07-06 14:29:32.857   897   897 D dalvikvm: GC_FOR_ALLOC freed 201K, 8% free 10633K/11527K, paused 21ms
07-06 14:29:32.939  1225  1227 D dalvikvm: GC_CONCURRENT freed 35K, 2% free 11235K/11399K, paused 2ms+3ms
07-06 14:29:33.213   344   344 D SAN_SERVICE: *******************************************
07-06 14:29:33.213   344   344 D SAN_SERVICE: DM App Phone Service State - 0
07-06 14:29:33.213   344   344 D SAN_SERVICE: *******************************************
07-06 14:29:33.268  1225  1457 W MediaScanner: Error opening directory '/mnt/sdcard/.android_secure/', skipping: Permission denied.
07-06 14:29:33.439  1151  1153 D dalvikvm: GC_CONCURRENT freed 503K, 6% free 11205K/11847K, paused 2ms+4ms
07-06 14:29:33.592   748   775 D ExchangeService: Received deviceId from Email app: androidc160480999
07-06 14:29:33.600   748   775 D ExchangeService: Reconciling accounts...
07-06 14:29:33.643   145   156 I ActivityManager: Start proc com.android.email for service com.android.email/.service.AccountService: pid=1563 uid=10013 gids={3003, 1015}
07-06 14:29:33.674    79    79 D dalvikvm: GC_EXPLICIT freed 38K, 4% free 9027K/9347K, paused 3ms+3ms
07-06 14:29:33.732    79    79 D dalvikvm: GC_EXPLICIT freed <1K, 4% free 9027K/9347K, paused 5ms+3ms
07-06 14:29:33.752   344   344 D SAN_SERVICE: *******************************************
07-06 14:29:33.752   344   344 D SAN_SERVICE: DM App Phone Service State - 0
07-06 14:29:33.752   344   344 D SAN_SERVICE: *******************************************
07-06 14:29:33.787    79    79 D dalvikvm: GC_EXPLICIT freed <1K, 4% free 9027K/9347K, paused 1ms+2ms
07-06 14:29:33.834  1563  1563 I ActivityThread: Pub com.android.email.provider;com.android.email.notifier: com.android.email.provider.EmailProvider
07-06 14:29:33.857  1563  1563 I ActivityThread: Pub com.android.email.attachmentprovider: com.android.email.provider.AttachmentProvider
07-06 14:29:33.861   637   639 D dalvikvm: GC_CONCURRENT freed 988K, 8% free 13854K/14983K, paused 5ms+6ms
07-06 14:29:33.939   748   760 D Eas Debug: Logging: 
07-06 14:29:34.119   637   645 I dalvikvm: Jit: resizing JitTable from 4096 to 8192
07-06 14:29:34.279  1225  1227 D dalvikvm: GC_CONCURRENT freed 87K, 2% free 11815K/12039K, paused 2ms+2ms
07-06 14:29:34.650  1151  1153 D dalvikvm: GC_CONCURRENT freed 327K, 4% free 11510K/11975K, paused 2ms+7ms
07-06 14:29:34.697  1239  1242 D dalvikvm: GC_CONCURRENT freed 285K, 4% free 10477K/10887K, paused 2ms+9ms
07-06 14:29:34.783   306   307 D dalvikvm: GC_CONCURRENT freed 438K, 6% free 10185K/10759K, paused 2ms+3ms
07-06 14:29:34.967   145   380 I ActivityManager: No longer want com.google.android.apps.maps (pid 1066): hidden #16
07-06 14:29:35.162   145   157 I ActivityManager: No longer want com.android.exchange (pid 748): hidden #16
07-06 14:29:35.182  1563  1566 D dalvikvm: GC_CONCURRENT freed 258K, 4% free 9243K/9607K, paused 2ms+3ms
07-06 14:29:35.545   145  1185 I ActivityManager: No longer want com.android.settings.wimax (pid 1088): hidden #16
07-06 14:29:35.896  1239  1242 D dalvikvm: GC_CONCURRENT freed 218K, 4% free 10661K/11015K, paused 2ms+2ms
07-06 14:29:36.014  1151  1153 D dalvikvm: GC_CONCURRENT freed 672K, 7% free 11548K/12359K, paused 4ms+11ms
07-06 14:29:36.232  1239  1242 D dalvikvm: GC_CONCURRENT freed 442K, 6% free 10704K/11335K, paused 2ms+3ms
07-06 14:29:36.643   455   458 D dalvikvm: GC_CONCURRENT freed 353K, 5% free 9862K/10311K, paused 2ms+7ms
07-06 14:29:36.721   145   912 D dalvikvm: GC_EXPLICIT freed 292K, 11% free 14060K/15623K, paused 3ms+6ms
07-06 14:29:36.850   897  1591 D dalvikvm: GC_FOR_ALLOC freed 223K, 7% free 10756K/11527K, paused 21ms
07-06 14:29:36.904   455   503 D dalvikvm: GC_EXPLICIT freed 295K, 6% free 9733K/10311K, paused 2ms+4ms
07-06 14:29:37.064   897  1591 D dalvikvm: GC_FOR_ALLOC freed 180K, 7% free 10788K/11527K, paused 22ms
07-06 14:29:37.162   897  1591 D dalvikvm: GC_EXPLICIT freed 144K, 7% free 10757K/11527K, paused 2ms+4ms
07-06 14:29:37.232   897   897 D dalvikvm: GC_FOR_ALLOC freed 134K, 8% free 10630K/11527K, paused 20ms
07-06 14:29:37.420  1239  1242 D dalvikvm: GC_CONCURRENT freed 508K, 6% free 10689K/11335K, paused 2ms+2ms
07-06 14:29:38.193   306   307 D dalvikvm: GC_CONCURRENT freed 563K, 7% free 10068K/10759K, paused 2ms+4ms
07-06 14:29:38.338   344   344 D SAN_SERVICE: *******************************************
07-06 14:29:38.338   344   344 D SAN_SERVICE: DM App Phone Service State - 0
07-06 14:29:38.338   344   344 D SAN_SERVICE: *******************************************
07-06 14:29:38.904   455   458 D dalvikvm: GC_CONCURRENT freed 313K, 5% free 9860K/10311K, paused 2ms+4ms
07-06 14:29:40.154   455   458 D dalvikvm: GC_CONCURRENT freed 503K, 6% free 9820K/10439K, paused 2ms+4ms
07-06 14:29:40.361  1239  1242 D dalvikvm: GC_CONCURRENT freed 347K, 5% free 10771K/11335K, paused 2ms+2ms
07-06 14:29:40.850   897  1592 D dalvikvm: GC_FOR_ALLOC freed 208K, 7% free 10756K/11527K, paused 22ms
07-06 14:29:40.920   455   503 D dalvikvm: GC_EXPLICIT freed 326K, 7% free 9769K/10439K, paused 2ms+4ms
07-06 14:29:41.115   145   912 D dalvikvm: GC_EXPLICIT freed 260K, 11% free 14047K/15623K, paused 2ms+6ms
07-06 14:29:41.166   897  1592 D dalvikvm: GC_FOR_ALLOC freed 179K, 7% free 10789K/11527K, paused 27ms
07-06 14:29:41.295   897   897 D dalvikvm: GC_FOR_ALLOC freed 276K, 8% free 10635K/11527K, paused 22ms
07-06 14:29:43.037   145   384 D SyncManager: setSyncAutomatically: , provider com.google.android.apps.currents -> true
07-06 14:29:43.041   145   384 D SyncManager: setSyncAutomatically: already set to true, doing nothing
07-06 14:29:44.158  1239  1242 D dalvikvm: GC_CONCURRENT freed 409K, 5% free 10857K/11399K, paused 225ms+3ms
07-06 14:29:45.939  1239  1242 D dalvikvm: GC_CONCURRENT freed 270K, 5% free 11119K/11591K, paused 3ms+3ms
07-06 14:29:46.943   145   180 I ActivityManager: START {act=android.intent.action.MAIN cat=[android.intent.category.HOME] flg=0x10200000 cmp=com.android.launcher/com.android.launcher2.Launcher} from pid 145
07-06 14:29:47.174  1239  1242 D dalvikvm: GC_CONCURRENT freed 236K, 4% free 11479K/11847K, paused 2ms+2ms
07-06 14:29:47.451   145   912 W InputManagerService: Starting input on non-focused client com.android.internal.view.IInputMethodClient$Stub$Proxy@417ceb70 (uid=10054 pid=897)
07-06 14:29:47.482   145   329 I ActivityManager: No longer want com.android.providers.calendar (pid 1120): hidden #16
07-06 14:29:48.436   145   329 D dalvikvm: GC_EXPLICIT freed 493K, 11% free 14057K/15623K, paused 3ms+7ms
07-06 14:29:49.428  1239  1242 D dalvikvm: GC_CONCURRENT freed 1050K, 10% free 11172K/12359K, paused 11ms+3ms
07-06 14:29:50.748  1239  1242 D dalvikvm: GC_CONCURRENT freed 609K, 10% free 11165K/12359K, paused 2ms+5ms
07-06 14:29:51.350  1239  1242 D dalvikvm: GC_CONCURRENT freed 546K, 10% free 11211K/12359K, paused 3ms+2ms
07-06 14:29:51.564  1239  1242 D dalvikvm: GC_CONCURRENT freed 576K, 10% free 11239K/12359K, paused 15ms+3ms
07-06 14:29:51.760  1239  1242 D dalvikvm: GC_CONCURRENT freed 595K, 9% free 11256K/12359K, paused 3ms+3ms
07-06 14:29:52.201  1239  1242 D dalvikvm: GC_CONCURRENT freed 590K, 9% free 11284K/12359K, paused 2ms+2ms
07-06 14:29:52.896  1239  1242 D dalvikvm: GC_CONCURRENT freed 531K, 8% free 11382K/12359K, paused 3ms+3ms
07-06 14:29:53.256   145  1189 D dalvikvm: GC_EXPLICIT freed 210K, 11% free 14045K/15623K, paused 3ms+6ms
07-06 14:29:53.553  1225  1227 D dalvikvm: GC_CONCURRENT freed 767K, 8% free 11902K/12807K, paused 2ms+2ms
07-06 14:29:53.592  1239  1434 D dalvikvm: GC_EXPLICIT freed 333K, 8% free 11443K/12359K, paused 90ms+4ms
07-06 14:29:55.498  1239  1242 D dalvikvm: GC_CONCURRENT freed 1006K, 11% free 11117K/12359K, paused 2ms+3ms
07-06 14:29:55.709  1239  1242 D dalvikvm: GC_CONCURRENT freed 474K, 10% free 11215K/12359K, paused 2ms+2ms
07-06 14:29:56.240  1239  1242 D dalvikvm: GC_CONCURRENT freed 541K, 9% free 11286K/12359K, paused 2ms+3ms
07-06 14:29:56.400  1239  1242 D dalvikvm: GC_CONCURRENT freed 601K, 9% free 11313K/12359K, paused 1ms+3ms
07-06 14:29:56.541  1239  1242 D dalvikvm: GC_CONCURRENT freed 636K, 9% free 11319K/12359K, paused 2ms+3ms
07-06 14:29:57.557  1239  1242 D dalvikvm: GC_CONCURRENT freed 630K, 9% free 11329K/12359K, paused 2ms+3ms
07-06 14:29:57.721  1239  1242 D dalvikvm: GC_CONCURRENT freed 619K, 9% free 11353K/12359K, paused 2ms+3ms
07-06 14:29:57.850  1239  1242 D dalvikvm: GC_CONCURRENT freed 638K, 9% free 11367K/12359K, paused 2ms+2ms
07-06 14:29:57.967  1239  1242 D dalvikvm: GC_CONCURRENT freed 648K, 8% free 11379K/12359K, paused 2ms+3ms
07-06 14:29:58.123  1239  1434 D dalvikvm: GC_FOR_ALLOC freed 130K, 9% free 11358K/12359K, paused 43ms
07-06 14:29:58.123  1239  1434 I dalvikvm-heap: Grow heap (frag case) to 11.230MB for 67588-byte allocation
07-06 14:29:58.150  1239  1434 D dalvikvm: GC_FOR_ALLOC freed 1K, 9% free 11422K/12487K, paused 29ms
07-06 14:29:58.432   344   344 D SAN_SERVICE: *******************************************
07-06 14:29:58.432   344   344 D SAN_SERVICE: DM App Phone Service State - 0
07-06 14:29:58.432   344   344 D SAN_SERVICE: *******************************************
07-06 14:29:58.678   145   912 D AlarmManagerService: Kernel timezone updated to 240 minutes west of GMT
07-06 14:29:58.686   344   344 D SAN_SERVICE: *******************************************
07-06 14:29:58.686   344   344 D SAN_SERVICE: DM App Phone Service State - 0
07-06 14:29:58.686   344   344 D SAN_SERVICE: *******************************************
07-06 14:29:58.752  1239  1242 D dalvikvm: GC_CONCURRENT freed 593K, 8% free 11503K/12487K, paused 2ms+3ms
07-06 14:29:58.994   344   344 D SAN_SERVICE: *******************************************
07-06 14:29:58.994   344   344 D SAN_SERVICE: DM App Phone Service State - 0
07-06 14:29:58.994   344   344 D SAN_SERVICE: *******************************************
07-06 14:29:59.740   344   344 D SAN_SERVICE: *******************************************
07-06 14:29:59.740   344   344 D SAN_SERVICE: DM App Phone Service State - 0
07-06 14:29:59.740   344   344 D SAN_SERVICE: *******************************************
07-06 14:30:00.725  1239  1242 D dalvikvm: GC_CONCURRENT freed 911K, 10% free 11294K/12487K, paused 3ms+2ms
07-06 14:30:00.920   145   156 D AlarmManagerService: Kernel timezone updated to 240 minutes west of GMT
07-06 14:30:01.037  1239  1242 D dalvikvm: GC_CONCURRENT freed 592K, 10% free 11336K/12487K, paused 1ms+5ms
07-06 14:30:01.186  1239  1242 D dalvikvm: GC_CONCURRENT freed 574K, 9% free 11410K/12487K, paused 2ms+3ms
07-06 14:30:01.498  1239  1242 D dalvikvm: GC_CONCURRENT freed 632K, 9% free 11447K/12487K, paused 3ms+2ms
07-06 14:30:01.760  1239  1242 D dalvikvm: GC_CONCURRENT freed 670K, 9% free 11461K/12487K, paused 3ms+3ms
07-06 14:30:02.029  1239  1242 D dalvikvm: GC_CONCURRENT freed 660K, 9% free 11488K/12487K, paused 2ms+8ms
07-06 14:30:02.217  1239  1242 D dalvikvm: GC_CONCURRENT freed 691K, 8% free 11493K/12487K, paused 4ms+3ms
07-06 14:30:02.486  1239  1242 D dalvikvm: GC_CONCURRENT freed 680K, 8% free 11510K/12487K, paused 2ms+4ms
07-06 14:30:02.838  1239  1242 D dalvikvm: GC_CONCURRENT freed 679K, 8% free 11539K/12487K, paused 2ms+3ms
07-06 14:30:03.115  1239  1242 D dalvikvm: GC_CONCURRENT freed 685K, 8% free 11567K/12487K, paused 2ms+3ms
07-06 14:30:03.279  1239  1242 D dalvikvm: GC_CONCURRENT freed 772K, 8% free 11577K/12487K, paused 2ms+4ms
07-06 14:30:03.541  1239  1242 D dalvikvm: GC_CONCURRENT freed 739K, 8% free 11610K/12487K, paused 6ms+2ms
07-06 14:30:03.693  1239  1242 D dalvikvm: GC_CONCURRENT freed 725K, 7% free 11635K/12487K, paused 2ms+3ms
07-06 14:30:03.752   344   344 D SAN_SERVICE: *******************************************
07-06 14:30:03.752   344   344 D SAN_SERVICE: DM App Phone Service State - 0
07-06 14:30:03.752   344   344 D SAN_SERVICE: *******************************************
07-06 14:30:03.943  1239  1242 D dalvikvm: GC_CONCURRENT freed 757K, 8% free 11662K/12551K, paused 2ms+3ms
07-06 14:30:04.002   344   344 D SAN_SERVICE: *******************************************
07-06 14:30:04.002   344   344 D SAN_SERVICE: DM App Phone Service State - 0
07-06 14:30:04.002   344   344 D SAN_SERVICE: *******************************************
07-06 14:30:04.139  1239  1242 D dalvikvm: GC_CONCURRENT freed 809K, 8% free 11673K/12615K, paused 2ms+6ms
07-06 14:30:04.330  1239  1242 D dalvikvm: GC_CONCURRENT freed 789K, 8% free 11690K/12615K, paused 2ms+4ms
07-06 14:30:05.260   145  1188 D dalvikvm: GC_EXPLICIT freed 945K, 10% free 14094K/15623K, paused 3ms+6ms
07-06 14:30:05.447  1239  1242 D dalvikvm: GC_CONCURRENT freed 685K, 7% free 11791K/12615K, paused 2ms+4ms
07-06 14:30:05.830   145   157 D dalvikvm: GC_EXPLICIT freed 173K, 10% free 14080K/15623K, paused 4ms+6ms
07-06 14:30:06.158  1239  1434 D dalvikvm: GC_EXPLICIT freed 561K, 6% free 11961K/12615K, paused 3ms+5ms
07-06 14:30:06.471  1239  1242 D dalvikvm: GC_CONCURRENT freed 917K, 9% free 11944K/12999K, paused 2ms+3ms
07-06 14:30:10.611  1239  1434 D dalvikvm: GC_FOR_ALLOC freed 1420K, 14% free 11281K/12999K, paused 53ms
07-06 14:30:10.740  1239  1242 D dalvikvm: GC_CONCURRENT freed 597K, 13% free 11314K/12999K, paused 2ms+2ms
07-06 14:30:11.873  1239  1242 D dalvikvm: GC_CONCURRENT freed 597K, 13% free 11355K/12999K, paused 2ms+2ms
07-06 14:30:13.475  1239  1242 D dalvikvm: GC_CONCURRENT freed 621K, 13% free 11387K/12999K, paused 2ms+2ms
07-06 14:30:13.752  1239  1242 D dalvikvm: GC_CONCURRENT freed 602K, 12% free 11456K/12999K, paused 2ms+2ms
07-06 14:30:13.924  1239  1242 D dalvikvm: GC_CONCURRENT freed 663K, 12% free 11477K/12999K, paused 3ms+3ms
07-06 14:30:14.178  1239  1242 D dalvikvm: GC_CONCURRENT freed 684K, 12% free 11487K/12999K, paused 2ms+3ms
07-06 14:30:14.529  1239  1242 D dalvikvm: GC_CONCURRENT freed 684K, 12% free 11498K/12999K, paused 2ms+3ms
07-06 14:30:14.682  1239  1242 D dalvikvm: GC_CONCURRENT freed 689K, 12% free 11568K/12999K, paused 2ms+4ms
07-06 14:30:15.080  1239  1242 D dalvikvm: GC_CONCURRENT freed 746K, 12% free 11546K/12999K, paused 2ms+2ms
07-06 14:30:15.682  1239  1242 D dalvikvm: GC_CONCURRENT freed 665K, 11% free 11599K/12999K, paused 2ms+3ms
07-06 14:30:15.795   145   912 D dalvikvm: GC_EXPLICIT freed 549K, 10% free 14081K/15623K, paused 2ms+5ms
07-06 14:30:19.045  1239  1242 D dalvikvm: GC_CONCURRENT freed 923K, 13% free 11439K/12999K, paused 2ms+4ms
07-06 14:30:19.408  1239  1242 D dalvikvm: GC_CONCURRENT freed 695K, 13% free 11423K/12999K, paused 2ms+3ms
07-06 14:30:20.385  1239  1242 D dalvikvm: GC_CONCURRENT freed 622K, 12% free 11478K/12999K, paused 3ms+2ms
07-06 14:30:20.654  1239  1242 D dalvikvm: GC_CONCURRENT freed 630K, 12% free 11553K/12999K, paused 2ms+3ms
07-06 14:30:20.822  1239  1242 D dalvikvm: GC_CONCURRENT freed 694K, 11% free 11583K/12999K, paused 3ms+2ms
07-06 14:30:21.010  1239  1242 D dalvikvm: GC_CONCURRENT freed 700K, 11% free 11623K/12999K, paused 2ms+3ms
07-06 14:30:21.189  1239  1242 D dalvikvm: GC_CONCURRENT freed 728K, 11% free 11638K/12999K, paused 2ms+5ms
07-06 14:30:22.084  1239  1242 D dalvikvm: GC_CONCURRENT freed 728K, 11% free 11680K/12999K, paused 2ms+3ms
07-06 14:30:22.475   986   988 D dalvikvm: GC_CONCURRENT freed 518K, 7% free 10411K/11143K, paused 2ms+3ms
07-06 14:30:22.603   306   307 D dalvikvm: GC_CONCURRENT freed 351K, 7% free 10109K/10759K, paused 85ms+25ms
07-06 14:30:22.791  1239  1242 D dalvikvm: GC_CONCURRENT freed 743K, 11% free 11698K/12999K, paused 3ms+3ms
07-06 14:30:22.908  1412  1414 D dalvikvm: GC_CONCURRENT freed 384K, 6% free 10067K/10631K, paused 2ms+3ms
07-06 14:30:23.463  1239  1242 D dalvikvm: GC_CONCURRENT freed 706K, 10% free 11757K/12999K, paused 2ms+3ms
07-06 14:30:23.705   145   329 D dalvikvm: GC_EXPLICIT freed 373K, 10% free 14086K/15623K, paused 2ms+5ms
07-06 14:30:23.877  1239  1242 D dalvikvm: GC_CONCURRENT freed 643K, 9% free 11901K/12999K, paused 2ms+3ms
07-06 14:30:26.072  1225  1227 D dalvikvm: GC_CONCURRENT freed 820K, 8% free 11979K/12935K, paused 7ms+3ms
07-06 14:30:26.178  1239  1242 D dalvikvm: GC_CONCURRENT freed 1222K, 12% free 11516K/12999K, paused 2ms+3ms
07-06 14:30:27.291  1239  1242 D dalvikvm: GC_CONCURRENT freed 676K, 12% free 11549K/12999K, paused 2ms+3ms
07-06 14:30:28.564  1239  1242 D dalvikvm: GC_CONCURRENT freed 758K, 12% free 11521K/12999K, paused 2ms+3ms
07-06 14:30:28.721  1239  1242 D dalvikvm: GC_CONCURRENT freed 696K, 12% free 11532K/12999K, paused 2ms+3ms
07-06 14:30:28.994  1239  1434 D dalvikvm: GC_EXPLICIT freed 234K, 12% free 11517K/12999K, paused 3ms+3ms
07-06 14:30:29.975  1239  1242 D dalvikvm: GC_CONCURRENT freed 636K, 11% free 11593K/12999K, paused 2ms+3ms
07-06 14:30:30.162  1239  1242 D dalvikvm: GC_CONCURRENT freed 708K, 11% free 11618K/12999K, paused 2ms+2ms
07-06 14:30:30.646  1239  1242 D dalvikvm: GC_CONCURRENT freed 713K, 11% free 11647K/12999K, paused 2ms+3ms
07-06 14:30:31.596  1239  1242 D dalvikvm: GC_CONCURRENT freed 727K, 11% free 11668K/12999K, paused 5ms+2ms
07-06 14:30:31.994  1239  1242 D dalvikvm: GC_CONCURRENT freed 728K, 10% free 11703K/12999K, paused 2ms+2ms
07-06 14:30:34.158   145   380 D dalvikvm: GC_EXPLICIT freed 444K, 10% free 14080K/15623K, paused 3ms+6ms
07-06 14:30:34.236  1239  1242 D dalvikvm: GC_CONCURRENT freed 650K, 10% free 11826K/12999K, paused 1ms+3ms
07-06 14:30:36.268  1239  1242 D dalvikvm: GC_CONCURRENT freed 1012K, 11% free 11622K/12999K, paused 2ms+2ms
07-06 14:30:36.408  1239  1242 D dalvikvm: GC_CONCURRENT freed 670K, 11% free 11694K/12999K, paused 2ms+2ms
07-06 14:30:36.893  1239  1242 D dalvikvm: GC_CONCURRENT freed 736K, 10% free 11725K/12999K, paused 2ms+3ms
07-06 14:30:37.068  1239  1242 D dalvikvm: GC_CONCURRENT freed 759K, 10% free 11749K/12999K, paused 2ms+2ms
07-06 14:30:37.221  1239  1242 D dalvikvm: GC_CONCURRENT freed 785K, 10% free 11750K/12999K, paused 2ms+3ms
07-06 14:30:37.416  1239  1242 D dalvikvm: GC_CONCURRENT freed 747K, 10% free 11789K/12999K, paused 2ms+3ms
07-06 14:30:37.689  1239  1242 D dalvikvm: GC_CONCURRENT freed 766K, 10% free 11829K/12999K, paused 2ms+3ms
07-06 14:30:38.268  1239  1242 D dalvikvm: GC_CONCURRENT freed 658K, 8% free 11983K/12999K, paused 2ms+4ms
07-06 14:30:40.146  1239  1242 D dalvikvm: GC_CONCURRENT freed 1200K, 11% free 11662K/12999K, paused 2ms+2ms
07-06 14:30:40.322  1239  1242 D dalvikvm: GC_CONCURRENT freed 727K, 11% free 11690K/12999K, paused 2ms+3ms
07-06 14:30:40.678  1239  1242 D dalvikvm: GC_CONCURRENT freed 750K, 10% free 11705K/12999K, paused 2ms+3ms
07-06 14:30:41.166  1239  1242 D dalvikvm: GC_CONCURRENT freed 682K, 10% free 11793K/12999K, paused 2ms+3ms
07-06 14:30:44.584  1239  1242 D dalvikvm: GC_CONCURRENT freed 904K, 10% free 11730K/12999K, paused 3ms+3ms
07-06 14:30:44.963   145   912 D dalvikvm: GC_EXPLICIT freed 526K, 10% free 14080K/15623K, paused 3ms+6ms
07-06 14:30:45.963  1239  1242 D dalvikvm: GC_CONCURRENT freed 798K, 10% free 11710K/12999K, paused 2ms+3ms
07-06 14:30:46.525  1239  1242 D dalvikvm: GC_CONCURRENT freed 745K, 10% free 11742K/12999K, paused 2ms+4ms
07-06 14:30:46.877  1239  1242 D dalvikvm: GC_CONCURRENT freed 757K, 10% free 11766K/12999K, paused 2ms+3ms
07-06 14:30:47.115  1239  1242 D dalvikvm: GC_CONCURRENT freed 752K, 10% free 11805K/12999K, paused 4ms+3ms
07-06 14:30:47.541  1239  1434 D dalvikvm: GC_EXPLICIT freed 376K, 9% free 11837K/12999K, paused 2ms+3ms
07-06 14:30:49.768  1239  1242 D dalvikvm: GC_CONCURRENT freed 893K, 10% free 11756K/12999K, paused 3ms+3ms
07-06 14:30:49.908  1239  1242 D dalvikvm: GC_CONCURRENT freed 752K, 10% free 11790K/12999K, paused 2ms+3ms
07-06 14:30:50.033  1239  1434 D dalvikvm: GC_FOR_ALLOC freed 753K, 10% free 11823K/12999K, paused 31ms
07-06 14:30:55.674  1225  1227 D dalvikvm: GC_CONCURRENT freed 823K, 8% free 12043K/12999K, paused 3ms+2ms
07-06 14:30:56.045  1239  1242 D dalvikvm: GC_CONCURRENT freed 829K, 10% free 11805K/12999K, paused 2ms+3ms
07-06 14:30:56.264  1239  1242 D dalvikvm: GC_CONCURRENT freed 779K, 9% free 11837K/12999K, paused 2ms+3ms
07-06 14:30:56.459  1239  1242 D dalvikvm: GC_CONCURRENT freed 768K, 9% free 11884K/12999K, paused 3ms+4ms
07-06 14:30:56.771  1239  1242 D dalvikvm: GC_CONCURRENT freed 793K, 9% free 11930K/12999K, paused 2ms+3ms
07-06 14:30:57.209   145   201 D ConnectivityService: ConnectivityChange for WIMAX: DISCONNECTED/SCANNING
07-06 14:30:57.256   145   201 D ConnectivityService: Attempting to switch to mobile
07-06 14:30:57.256   145   201 D ConnectivityService: Attempting to switch to WIFI
07-06 14:30:57.256   145   201 D ConnectivityService: Attempting to switch to BLUETOOTH_TETHER
07-06 14:30:57.475  1239  1242 D dalvikvm: GC_CONCURRENT freed 820K, 9% free 11955K/12999K, paused 3ms+3ms
07-06 14:30:57.709  1239  1242 D dalvikvm: GC_CONCURRENT freed 870K, 8% free 11996K/12999K, paused 2ms+3ms
07-06 14:30:58.428   145   156 D dalvikvm: GC_EXPLICIT freed 955K, 10% free 14105K/15623K, paused 4ms+6ms
07-06 14:30:59.010  1239  1242 D dalvikvm: GC_CONCURRENT freed 641K, 6% free 12285K/13063K, paused 2ms+4ms
07-06 14:31:00.291   145   205 D Tethering: MasterInitialState.processMessage what=3
07-06 14:31:00.338   145   205 D Tethering: MasterInitialState.processMessage what=3
07-06 14:31:00.494  1135  1135 I MediaUploader: No need to wake up
07-06 14:31:00.553  1198  1253 D PicasaSyncManager: active network: NetworkInfo: type: WIFI[], state: CONNECTED/CONNECTED, reason: (unspecified), extra: (none), roaming: false, failover: false, isAvailable: true
07-06 14:31:00.553  1198  1253 D PicasaSyncManager: background data: true
07-06 14:31:00.842   145   201 D ConnectivityService: handleInetConditionHoldEnd: net=1, condition=100, published condition=100
07-06 14:31:01.365  1334  1334 W ContextScopeImpl: thread=1 tried to enter the scope of the application context. Ignored.
07-06 14:31:01.463  1135  1135 I MediaUploader: No need to wake up
07-06 14:31:01.576  1198  1253 D PicasaSyncManager: active network: NetworkInfo: type: WIFI[], state: CONNECTED/CONNECTED, reason: (unspecified), extra: (none), roaming: false, failover: false, isAvailable: true
07-06 14:31:01.580  1198  1253 D PicasaSyncManager: background data: true
07-06 14:31:01.627  1334  1337 D dalvikvm: GC_CONCURRENT freed 315K, 5% free 9888K/10311K, paused 29ms+63ms
07-06 14:31:01.627  1334  1334 W ContextScopeImpl: thread=1 tried to enter the scope of the application context. Ignored.
07-06 14:31:04.244  1239  1242 D dalvikvm: GC_CONCURRENT freed 1547K, 13% free 11777K/13447K, paused 2ms+297ms
07-06 14:31:04.396  1239  1242 D dalvikvm: GC_CONCURRENT freed 717K, 12% free 11856K/13447K, paused 2ms+3ms
07-06 14:31:04.561  1239  1242 D dalvikvm: GC_CONCURRENT freed 777K, 12% free 11903K/13447K, paused 2ms+3ms
07-06 14:31:04.736  1239  1242 D dalvikvm: GC_CONCURRENT freed 797K, 12% free 11942K/13447K, paused 2ms+2ms
07-06 14:31:04.908  1239  1242 D dalvikvm: GC_CONCURRENT freed 804K, 11% free 11985K/13447K, paused 2ms+2ms
07-06 14:31:05.353   145  1189 D dalvikvm: GC_EXPLICIT freed 825K, 10% free 14114K/15623K, paused 3ms+5ms
07-06 14:31:05.603   145   201 D ConnectivityService: ConnectivityChange for mobile: CONNECTED/CONNECTED
07-06 14:31:05.795   145   201 D NetUtils: android_net_utils_resetConnections in env=0x3ee7b8 clazz=0x77c00001 iface=rmnet0 mask=0x3
07-06 14:31:05.795   145   201 D ConnectivityService: ConnectivityChange for mobile: DISCONNECTED/DISCONNECTED
07-06 14:31:05.795   145   201 D ConnectivityService: Attempting to switch to WIFI
07-06 14:31:05.795   145   201 D ConnectivityService: Attempting to switch to WIMAX
07-06 14:31:05.795   145   201 D ConnectivityService: Attempting to switch to BLUETOOTH_TETHER
07-06 14:31:05.795   145   201 D ConnectivityService: resetConnections(rmnet0, 3)
07-06 14:31:05.889   344   345 D dalvikvm: GC_CONCURRENT freed 440K, 6% free 9505K/10055K, paused 108ms+3ms
07-06 14:31:06.111  1239  1242 D dalvikvm: GC_CONCURRENT freed 712K, 10% free 12135K/13447K, paused 2ms+3ms
07-06 14:31:06.322  1239  1434 D dalvikvm: GC_EXPLICIT freed 201K, 11% free 12083K/13447K, paused 3ms+4ms
07-06 14:31:06.686  1239  1242 D dalvikvm: GC_CONCURRENT freed 746K, 10% free 12234K/13447K, paused 2ms+3ms
07-06 14:31:08.869   145   205 D Tethering: MasterInitialState.processMessage what=3
07-06 14:31:08.904   145   205 D Tethering: MasterInitialState.processMessage what=3
07-06 14:31:08.943  1135  1135 I MediaUploader: No need to wake up
07-06 14:31:09.045  1334  1334 W ContextScopeImpl: thread=1 tried to enter the scope of the application context. Ignored.
07-06 14:31:09.139  1198  1253 D PicasaSyncManager: active network: NetworkInfo: type: WIFI[], state: CONNECTED/CONNECTED, reason: (unspecified), extra: (none), roaming: false, failover: false, isAvailable: true
07-06 14:31:09.139  1198  1253 D PicasaSyncManager: background data: true
07-06 14:31:09.166   145   147 D dalvikvm: GC_CONCURRENT freed 1135K, 10% free 14135K/15623K, paused 13ms+7ms
07-06 14:31:09.264   145  1187 D dalvikvm: GC_EXPLICIT freed 44K, 10% free 14098K/15623K, paused 2ms+5ms
07-06 14:31:09.326  1135  1135 I MediaUploader: No need to wake up
07-06 14:31:09.369  1198  1253 D PicasaSyncManager: active network: NetworkInfo: type: WIFI[], state: CONNECTED/CONNECTED, reason: (unspecified), extra: (none), roaming: false, failover: false, isAvailable: true
07-06 14:31:09.400  1334  1334 W ContextScopeImpl: thread=1 tried to enter the scope of the application context. Ignored.
07-06 14:31:09.408  1198  1253 D PicasaSyncManager: background data: true
07-06 14:31:09.408   145   201 D ConnectivityService: handleInetConditionHoldEnd: net=1, condition=100, published condition=100
07-06 14:31:13.771  1239  1242 D dalvikvm: GC_CONCURRENT freed 1374K, 13% free 11805K/13447K, paused 2ms+4ms
07-06 14:31:13.959  1239  1242 D dalvikvm: GC_CONCURRENT freed 766K, 12% free 11854K/13447K, paused 2ms+2ms
07-06 14:31:14.143  1239  1242 D dalvikvm: GC_CONCURRENT freed 784K, 12% free 11898K/13447K, paused 2ms+4ms
07-06 14:31:14.330  1239  1242 D dalvikvm: GC_CONCURRENT freed 802K, 12% free 11946K/13447K, paused 2ms+2ms
07-06 14:31:14.510  1239  1242 D dalvikvm: GC_CONCURRENT freed 829K, 11% free 11974K/13447K, paused 2ms+3ms
07-06 14:31:16.467  1239  1242 D dalvikvm: GC_CONCURRENT freed 800K, 11% free 12035K/13447K, paused 1ms+3ms
07-06 14:31:16.893   145   912 D dalvikvm: GC_EXPLICIT freed 386K, 10% free 14118K/15623K, paused 3ms+6ms
07-06 14:31:17.064  1239  1242 D dalvikvm: GC_CONCURRENT freed 640K, 9% free 12274K/13447K, paused 2ms+5ms
07-06 14:31:17.752   427  1461 I PhoneLab-: Service Running
07-06 14:31:18.506   427  1461 I PhoneLab-LoggerService: app_37    1466  427   1436   1064  c00f181c 400107b4 S logcat
07-06 14:31:18.506   427  1461 I PhoneLab-LoggerService: Logcat pid from database 1466
07-06 14:31:18.506   427  1461 I PhoneLab-LoggerService: Logcat process found 1466
07-06 14:31:18.510   427  1461 I PhoneLab-LoggerService: Checking Threshold
07-06 14:31:18.510   427  1461 I PhoneLab-LoggerService: Starting to rename files
07-06 14:31:18.510   427  1461 I PhoneLab-LoggerService: Files found .. 2
07-06 14:31:18.510   427  1461 I PhoneLab-LoggerService: File 1 log.out.1
07-06 14:31:18.576   427  1461 I PhoneLab-LoggerService: Renamed successfully
07-06 14:31:19.389  1225  1227 D dalvikvm: GC_CONCURRENT freed 786K, 8% free 12144K/13063K, paused 4ms+3ms
07-06 14:31:19.455  1239  1242 D dalvikvm: GC_CONCURRENT freed 1422K, 13% free 11815K/13447K, paused 2ms+3ms
07-06 14:31:19.900  1239  1242 D dalvikvm: GC_CONCURRENT freed 800K, 13% free 11823K/13447K, paused 2ms+3ms
07-06 14:31:20.975  1239  1242 D dalvikvm: GC_CONCURRENT freed 789K, 12% free 11844K/13447K, paused 2ms+2ms
07-06 14:31:23.408  1239  1242 D dalvikvm: GC_CONCURRENT freed 793K, 12% free 11865K/13447K, paused 2ms+3ms
07-06 14:31:24.396  1239  1242 D dalvikvm: GC_CONCURRENT freed 813K, 12% free 11875K/13447K, paused 2ms+3ms
07-06 14:31:24.752  1239  1242 D dalvikvm: GC_CONCURRENT freed 793K, 12% free 11906K/13447K, paused 2ms+2ms
07-06 14:31:25.603  1239  1242 D dalvikvm: GC_CONCURRENT freed 878K, 12% free 11872K/13447K, paused 2ms+29ms
07-06 14:31:25.896   344   344 D SAN_SERVICE: *******************************************
07-06 14:31:25.896   344   344 D SAN_SERVICE: DM App Phone Service State - 0
07-06 14:31:25.896   344   344 D SAN_SERVICE: *******************************************
07-06 14:31:26.197   344   344 D SAN_SERVICE: *******************************************
07-06 14:31:26.197   344   344 D SAN_SERVICE: DM App Phone Service State - 0
07-06 14:31:26.197   344   344 D SAN_SERVICE: *******************************************
07-06 14:31:26.908  1239  1242 D dalvikvm: GC_CONCURRENT freed 789K, 12% free 11910K/13447K, paused 3ms+3ms
07-06 14:31:27.850  1239  1242 D dalvikvm: GC_CONCURRENT freed 817K, 12% free 11943K/13447K, paused 2ms+3ms
07-06 14:31:29.596   344   344 D SAN_SERVICE: *******************************************
07-06 14:31:29.596   344   344 D SAN_SERVICE: DM App Phone Service State - 0
07-06 14:31:29.596   344   344 D SAN_SERVICE: *******************************************
07-06 14:31:29.865   344   344 D SAN_SERVICE: *******************************************
07-06 14:31:29.865   344   344 D SAN_SERVICE: DM App Phone Service State - 0
07-06 14:31:29.865   344   344 D SAN_SERVICE: *******************************************
07-06 14:31:30.424  1239  1242 D dalvikvm: GC_CONCURRENT freed 921K, 12% free 11870K/13447K, paused 2ms+3ms
07-06 14:31:30.600   344   344 D SAN_SERVICE: *******************************************
07-06 14:31:30.600   344   344 D SAN_SERVICE: DM App Phone Service State - 0
07-06 14:31:30.600   344   344 D SAN_SERVICE: *******************************************
07-06 14:31:32.268   145   199 D DhcpInfoInternal: makeLinkProperties with empty dns2!
07-06 14:31:32.275   145   199 D DhcpInfoInternal: makeLinkProperties with empty dns2!
07-06 14:31:34.713   344   344 D SAN_SERVICE: *******************************************
07-06 14:31:34.713   344   344 D SAN_SERVICE: DM App Phone Service State - 0
07-06 14:31:34.713   344   344 D SAN_SERVICE: *******************************************
07-06 14:31:35.010   344   344 D SAN_SERVICE: *******************************************
07-06 14:31:35.010   344   344 D SAN_SERVICE: DM App Phone Service State - 0
07-06 14:31:35.010   344   344 D SAN_SERVICE: *******************************************
07-06 14:31:35.232  1239  1242 D dalvikvm: GC_CONCURRENT freed 810K, 12% free 11888K/13447K, paused 2ms+3ms
07-06 14:31:35.350  1239  1246 I dalvikvm: Jit: resizing JitTable from 4096 to 8192
07-06 14:31:36.353  1239  1242 D dalvikvm: GC_CONCURRENT freed 866K, 12% free 11861K/13447K, paused 2ms+3ms
07-06 14:31:37.393  1239  1242 D dalvikvm: GC_CONCURRENT freed 882K, 13% free 11806K/13447K, paused 34ms+3ms
07-06 14:31:38.619  1239  1242 D dalvikvm: GC_CONCURRENT freed 740K, 12% free 11867K/13447K, paused 2ms+2ms
07-06 14:31:38.807  1239  1242 D dalvikvm: GC_CONCURRENT freed 1444K, 17% free 11246K/13447K, paused 3ms+3ms
07-06 14:31:40.377   145   384 I ActivityManager: START {act=android.intent.action.VIEW dat=fb://messaging/thread/thread?id=t_id.275548119169204 flg=0x4000000 cmp=com.facebook.katana/.IntentUriHandler bnds=[0,119][480,215] (has extras)} from pid -1
07-06 14:31:40.455   145   384 W ActivityManager: startActivity called from non-Activity context; forcing Intent.FLAG_ACTIVITY_NEW_TASK for: Intent { act=android.intent.action.VIEW dat=fb://messaging/thread/thread?id=t_id.275548119169204 flg=0x4000000 cmp=com.facebook.katana/.IntentUriHandler bnds=[0,119][480,215] (has extras) }
07-06 14:31:40.478  1239  1242 D dalvikvm: GC_CONCURRENT freed 452K, 16% free 11422K/13447K, paused 3ms+5ms
07-06 14:31:40.494   145   156 W KeyguardViewMediator: verifyUnlock called when not externally disabled
07-06 14:31:40.736   373   373 D OpenGLRenderer: Flushing caches (mode 1)
07-06 14:31:40.861   373   373 D OpenGLRenderer: Flushing caches (mode 0)
07-06 14:31:40.912   145  1186 I ActivityManager: START {act=android.intent.action.VIEW cmp=com.facebook.katana/com.facebook.orca.threadview.ThreadViewActivity (has extras)} from pid 1151
07-06 14:31:41.072  1151  1153 D dalvikvm: GC_CONCURRENT freed 1146K, 11% free 11157K/12423K, paused 16ms+7ms
07-06 14:31:41.103   145   161 I Process : Sending signal. PID: 1151 SIG: 3
07-06 14:31:41.103  1151  1155 I dalvikvm: threadid=3: reacting to signal 3
07-06 14:31:41.115  1151  1151 D dalvikvm: GC_FOR_ALLOC freed 7K, 11% free 11149K/12423K, paused 33ms
07-06 14:31:41.115  1151  1151 I dalvikvm-heap: Grow heap (frag case) to 11.139MB for 187996-byte allocation
07-06 14:31:41.311   145   152 I dalvikvm: Jit: resizing JitTable from 8192 to 16384
07-06 14:31:41.334  1151  1155 I dalvikvm: Wrote stack traces to '/data/anr/traces.txt'
07-06 14:31:41.400  1151  1151 D dalvikvm: GC_FOR_ALLOC freed 154K, 12% free 11178K/12615K, paused 32ms
07-06 14:31:41.420   145   161 W ActivityManager: Activity pause timeout for ActivityRecord{4181f5c0 com.facebook.katana/.IntentUriHandler}
07-06 14:31:41.424   145   161 I Process : Sending signal. PID: 1151 SIG: 3
07-06 14:31:41.424  1151  1155 I dalvikvm: threadid=3: reacting to signal 3
07-06 14:31:41.455  1151  1155 I dalvikvm: Wrote stack traces to '/data/anr/traces.txt'
07-06 14:31:41.721  1151  1153 D dalvikvm: GC_CONCURRENT freed 485K, 10% free 11388K/12615K, paused 2ms+6ms
07-06 14:31:41.963   145   161 I Process : Sending signal. PID: 1151 SIG: 3
07-06 14:31:41.963  1151  1155 I dalvikvm: threadid=3: reacting to signal 3
07-06 14:31:42.006  1151  1155 I dalvikvm: Wrote stack traces to '/data/anr/traces.txt'
07-06 14:31:42.100  1151  1151 D dalvikvm: GC_FOR_ALLOC freed 307K, 10% free 11473K/12615K, paused 37ms
07-06 14:31:42.103  1151  1151 I dalvikvm-heap: Grow heap (frag case) to 11.504MB for 239516-byte allocation
07-06 14:31:42.139  1151  1151 D dalvikvm: GC_FOR_ALLOC freed 12K, 10% free 11694K/12871K, paused 29ms
07-06 14:31:42.248  1151  1151 D dalvikvm: GC_FOR_ALLOC freed 43K, 8% free 11904K/12871K, paused 35ms
07-06 14:31:42.545   145   161 I Process : Sending signal. PID: 1151 SIG: 3
07-06 14:31:42.553  1151  1155 I dalvikvm: threadid=3: reacting to signal 3
07-06 14:31:42.654  1151  1155 I dalvikvm: Wrote stack traces to '/data/anr/traces.txt'
07-06 14:31:42.686   215   215 D dalvikvm: GC_FOR_ALLOC freed 592K, 33% free 9948K/14663K, paused 18ms
07-06 14:31:42.752   215   217 D dalvikvm: GC_CONCURRENT freed 340K, 32% free 10073K/14663K, paused 2ms+3ms
07-06 14:31:42.881   215   217 D dalvikvm: GC_CONCURRENT freed 525K, 33% free 9959K/14663K, paused 2ms+3ms
07-06 14:31:42.963   145   161 I Process : Sending signal. PID: 1151 SIG: 3
07-06 14:31:42.963  1151  1155 I dalvikvm: threadid=3: reacting to signal 3
07-06 14:31:42.990  1151  1155 I dalvikvm: Wrote stack traces to '/data/anr/traces.txt'
07-06 14:31:43.221  1151  1153 D dalvikvm: GC_CONCURRENT freed 605K, 6% free 12218K/12935K, paused 2ms+4ms
07-06 14:31:43.506   145   161 I Process : Sending signal. PID: 1151 SIG: 3
07-06 14:31:43.506  1151  1155 I dalvikvm: threadid=3: reacting to signal 3
07-06 14:31:43.541  1151  1155 I dalvikvm: Wrote stack traces to '/data/anr/traces.txt'
07-06 14:31:43.658   215   215 V PhoneStatusBar: setLightsOn(true)
07-06 14:31:43.697  1151  1151 D libEGL  : loaded /system/lib/egl/libGLES_android.so
07-06 14:31:43.705  1151  1151 D libEGL  : loaded /vendor/lib/egl/libEGL_POWERVR_SGX540_120.so
07-06 14:31:43.725  1151  1151 D libEGL  : loaded /vendor/lib/egl/libGLESv1_CM_POWERVR_SGX540_120.so
07-06 14:31:43.732  1151  1151 D libEGL  : loaded /vendor/lib/egl/libGLESv2_POWERVR_SGX540_120.so
07-06 14:31:43.975   145   161 I Process : Sending signal. PID: 1151 SIG: 3
07-06 14:31:43.982  1151  1155 I dalvikvm: threadid=3: reacting to signal 3
07-06 14:31:43.986  1151  1155 I dalvikvm: Wrote stack traces to '/data/anr/traces.txt'
07-06 14:31:44.080  1151  1151 D OpenGLRenderer: Enabling debug mode 0
07-06 14:31:44.486   145   161 I Process : Sending signal. PID: 1151 SIG: 3
07-06 14:31:44.490  1151  1155 I dalvikvm: threadid=3: reacting to signal 3
07-06 14:31:44.537  1151  1155 I dalvikvm: Wrote stack traces to '/data/anr/traces.txt'
07-06 14:31:44.893   344   344 D SAN_SERVICE: *******************************************
07-06 14:31:44.893   344   344 D SAN_SERVICE: DM App Phone Service State - 0
07-06 14:31:44.893   344   344 D SAN_SERVICE: *******************************************
07-06 14:31:44.975   145   147 D dalvikvm: GC_CONCURRENT freed 955K, 9% free 14317K/15623K, paused 2ms+8ms
07-06 14:31:45.025   145   161 I Process : Sending signal. PID: 1151 SIG: 3
07-06 14:31:45.025  1151  1155 I dalvikvm: threadid=3: reacting to signal 3
07-06 14:31:45.088  1151  1155 I dalvikvm: Wrote stack traces to '/data/anr/traces.txt'
07-06 14:31:45.092   344   344 D SAN_SERVICE: *******************************************
07-06 14:31:45.092   344   344 D SAN_SERVICE: DM App Phone Service State - 0
07-06 14:31:45.092   344   344 D SAN_SERVICE: *******************************************
07-06 14:31:45.119  1151  1153 D dalvikvm: GC_CONCURRENT freed 898K, 8% free 12359K/13319K, paused 3ms+5ms
07-06 14:31:45.283   986   988 D dalvikvm: GC_CONCURRENT freed 389K, 7% free 10410K/11143K, paused 31ms+3ms
07-06 14:31:45.478   145   161 I Process : Sending signal. PID: 1151 SIG: 3
07-06 14:31:45.478  1151  1155 I dalvikvm: threadid=3: reacting to signal 3
07-06 14:31:45.525  1151  1155 I dalvikvm: Wrote stack traces to '/data/anr/traces.txt'
07-06 14:31:45.803  1239  1381 I SyncService: sync service finished (14:31:45)
07-06 14:31:45.912   145   913 D dalvikvm: GC_EXPLICIT freed 91K, 9% free 14281K/15623K, paused 3ms+6ms
07-06 14:31:45.971   145   161 I Process : Sending signal. PID: 1151 SIG: 3
07-06 14:31:45.971  1151  1155 I dalvikvm: threadid=3: reacting to signal 3
07-06 14:31:45.994  1151  1155 I dalvikvm: Wrote stack traces to '/data/anr/traces.txt'
07-06 14:31:46.268  1198  1641 D PicasaSyncService: start sync on lokeshmandvekar@gmail.com
07-06 14:31:46.303   145   175 I ActivityManager: Displayed com.facebook.katana/com.facebook.orca.threadview.ThreadViewActivity: +4s842ms (total +5s706ms)
07-06 14:31:46.521  1151  1153 D dalvikvm: GC_CONCURRENT freed 1199K, 10% free 12299K/13575K, paused 57ms+5ms
07-06 14:31:46.611  1198  1641 D PicasaSyncManager: perform sync task: MetadataSyncTask (lokeshmandvekar@gmail.com)
07-06 14:31:46.662  1151  1151 D dalvikvm: GC_FOR_ALLOC freed 157K, 10% free 12290K/13575K, paused 37ms
07-06 14:31:46.666  1151  1151 I dalvikvm-heap: Grow heap (frag case) to 12.119MB for 46672-byte allocation
07-06 14:31:46.709  1151  1166 D dalvikvm: GC_FOR_ALLOC freed 2K, 10% free 12334K/13639K, paused 33ms
07-06 14:31:46.756  1151  1151 D dalvikvm: GC_FOR_ALLOC freed 4K, 10% free 12337K/13639K, paused 33ms
07-06 14:31:46.756  1151  1151 I dalvikvm-heap: Grow heap (frag case) to 12.175MB for 57616-byte allocation
07-06 14:31:46.807  1151  1166 D dalvikvm: GC_FOR_ALLOC freed <1K, 10% free 12393K/13703K, paused 40ms
07-06 14:31:47.228  1151  1158 I dalvikvm: Jit: resizing JitTable from 4096 to 8192
07-06 14:31:47.850  1151  1153 D dalvikvm: GC_CONCURRENT freed 751K, 8% free 12737K/13703K, paused 31ms+5ms
07-06 14:31:48.186  1151  1153 D dalvikvm: GC_CONCURRENT freed 1170K, 10% free 12718K/14023K, paused 8ms+5ms
07-06 14:31:48.459  1151  1153 D dalvikvm: GC_CONCURRENT freed 1090K, 9% free 12799K/14023K, paused 3ms+5ms
07-06 14:31:48.963  1151  1153 D dalvikvm: GC_CONCURRENT freed 1032K, 9% free 12928K/14151K, paused 3ms+5ms
07-06 14:31:49.912  1151  1153 D dalvikvm: GC_CONCURRENT freed 1267K, 10% free 13018K/14343K, paused 3ms+7ms
07-06 14:31:49.978   145   157 I ActivityManager: START {act=android.intent.action.VIEW cmp=com.facebook.katana/com.facebook.orca.messageview.MessageViewActivity (has extras)} from pid 1151
07-06 14:31:50.123   145   157 D dalvikvm: GC_FOR_ALLOC freed 119K, 9% free 14265K/15623K, paused 128ms
07-06 14:31:50.123   145   157 I dalvikvm-heap: Grow heap (frag case) to 14.131MB for 129616-byte allocation
07-06 14:31:50.139  1198  1641 E PicasaAPI:     getAlbums fail - uri: https://picasaweb.google.com/data/feed/api/user/lokeshmandvekar?max-results=1000&imgmax=d&thumbsize=640u&visibility=visible&v=4&alt=json&fd=shapes&kind=album, status code: 403
07-06 14:31:50.361   145   157 D dalvikvm: GC_FOR_ALLOC freed 10K, 9% free 14381K/15751K, paused 236ms
07-06 14:31:50.678  1151  1153 D dalvikvm: GC_CONCURRENT freed 1149K, 9% free 13247K/14471K, paused 6ms+5ms
07-06 14:31:50.865   215   215 V PhoneStatusBar: setLightsOn(true)
07-06 14:31:51.076   145   161 I Process : Sending signal. PID: 1151 SIG: 3
07-06 14:31:51.076  1151  1155 I dalvikvm: threadid=3: reacting to signal 3
07-06 14:31:51.127  1151  1151 D OpenGLRenderer: Flushing caches (mode 0)
07-06 14:31:51.201  1151  1155 I dalvikvm: Wrote stack traces to '/data/anr/traces.txt'
07-06 14:31:51.205   145   175 I ActivityManager: Displayed com.facebook.katana/com.facebook.orca.messageview.MessageViewActivity: +788ms
07-06 14:31:51.264  1151  1640 D dalvikvm: GC_FOR_ALLOC freed 328K, 9% free 13500K/14791K, paused 96ms
07-06 14:31:52.088  1151  1153 D dalvikvm: GC_CONCURRENT freed 842K, 7% free 14073K/15047K, paused 3ms+5ms
07-06 14:31:52.092  1151  1160 W CursorWrapperInner: Cursor finalized without prior close()
07-06 14:31:52.213  1151  1646 D dalvikvm: GC_FOR_ALLOC freed 600K, 9% free 14378K/15687K, paused 48ms
07-06 14:31:52.334  1151  1646 D dalvikvm: GC_FOR_ALLOC freed 716K, 9% free 14706K/16071K, paused 48ms
07-06 14:31:52.518   145  1189 D dalvikvm: GC_FOR_ALLOC freed 226K, 10% free 14278K/15751K, paused 120ms
07-06 14:31:52.631   215   215 V PhoneStatusBar: setLightsOn(true)
07-06 14:31:52.826  1151  1151 D OpenGLRenderer: Flushing caches (mode 0)
07-06 14:31:53.096  1151  1153 D dalvikvm: GC_CONCURRENT freed 964K, 7% free 15705K/16711K, paused 3ms+8ms
07-06 14:31:53.639  1151  1153 D dalvikvm: GC_CONCURRENT freed 1128K, 7% free 16660K/17863K, paused 2ms+12ms
07-06 14:31:54.846  1151  1153 D dalvikvm: GC_CONCURRENT freed 2258K, 13% free 16490K/18823K, paused 3ms+6ms
07-06 14:31:55.416   323   325 D dalvikvm: GC_CONCURRENT freed 1184K, 12% free 10024K/11335K, paused 4ms+17ms
07-06 14:31:55.428   323   323 D dalvikvm: GC_FOR_ALLOC freed 0K, 12% free 10024K/11335K, paused 14ms
07-06 14:31:55.428   323   323 I dalvikvm-heap: Grow heap (frag case) to 10.563MB for 739216-byte allocation
07-06 14:31:55.443   323   323 D dalvikvm: GC_FOR_ALLOC freed 0K, 6% free 10746K/11335K, paused 14ms
07-06 14:31:55.728   215   217 D dalvikvm: GC_CONCURRENT freed 249K, 31% free 10221K/14663K, paused 3ms+3ms
07-06 14:31:55.924   215   217 D dalvikvm: GC_CONCURRENT freed 587K, 31% free 10123K/14663K, paused 2ms+5ms
07-06 14:31:56.385  1151  1153 D dalvikvm: GC_CONCURRENT freed 1988K, 13% free 16549K/18823K, paused 3ms+7ms
07-06 14:31:57.166  1225  1227 D dalvikvm: GC_CONCURRENT freed 943K, 9% free 12175K/13255K, paused 10ms+107ms
07-06 14:31:57.256   215   215 D dalvikvm: GC_FOR_ALLOC freed 540K, 33% free 9935K/14663K, paused 16ms
07-06 14:31:57.322   215   217 D dalvikvm: GC_CONCURRENT freed 314K, 32% free 10071K/14663K, paused 2ms+14ms
07-06 14:31:57.377  1151  1153 D dalvikvm: GC_CONCURRENT freed 1919K, 12% free 16678K/18823K, paused 5ms+11ms
07-06 14:31:58.385  1151  1153 D dalvikvm: GC_CONCURRENT freed 2168K, 13% free 16557K/18823K, paused 2ms+6ms
07-06 14:31:58.873  1151  1153 D dalvikvm: GC_CONCURRENT freed 2098K, 13% free 16507K/18823K, paused 3ms+7ms
07-06 14:31:59.006  1198  1641 V PicasaAPI:    etag: --> W/"D0UCQ3g6eyp7ImA9WhJSFEs.",entryCount=31
07-06 14:31:59.346  1151  1153 D dalvikvm: GC_CONCURRENT freed 2028K, 13% free 16527K/18823K, paused 4ms+7ms
07-06 14:31:59.838  1151  1153 D dalvikvm: GC_CONCURRENT freed 2046K, 13% free 16529K/18823K, paused 3ms+7ms
07-06 14:32:00.439   145   180 I ActivityManager: START {act=android.intent.action.MAIN cat=[android.intent.category.HOME] flg=0x10200000 cmp=com.android.launcher/com.android.launcher2.Launcher} from pid 145
07-06 14:32:00.518   145   180 D dalvikvm: GC_FOR_ALLOC freed 494K, 10% free 14287K/15751K, paused 61ms
07-06 14:32:00.619  1151  1151 D OpenGLRenderer: Flushing caches (mode 0)
07-06 14:32:00.658  1151  1151 W IInputConnectionWrapper: showStatusIcon on inactive InputConnection
07-06 14:32:00.658   145   394 W InputManagerService: Starting input on non-focused client com.android.internal.view.IInputMethodClient$Stub$Proxy@41795418 (uid=10071 pid=1151)
07-06 14:32:00.678  1151  1151 D OpenGLRenderer: Flushing caches (mode 1)
07-06 14:32:05.268  1198  1200 D dalvikvm: GC_CONCURRENT freed 953K, 8% free 12882K/13959K, paused 3ms+3ms
07-06 14:32:05.920  1198  1200 D dalvikvm: GC_CONCURRENT freed 1250K, 10% free 12832K/14215K, paused 2ms+6ms
07-06 14:32:06.506  1198  1200 D dalvikvm: GC_CONCURRENT freed 1149K, 10% free 12833K/14215K, paused 2ms+2ms
07-06 14:32:06.818   344   344 D SAN_SERVICE: *******************************************
07-06 14:32:06.818   344   344 D SAN_SERVICE: DM App Phone Service State - 0
07-06 14:32:06.818   344   344 D SAN_SERVICE: *******************************************
07-06 14:32:07.068  1198  1200 D dalvikvm: GC_CONCURRENT freed 1159K, 10% free 12839K/14215K, paused 2ms+2ms
07-06 14:32:07.607   344   344 D SAN_SERVICE: *******************************************
07-06 14:32:07.607   344   344 D SAN_SERVICE: DM App Phone Service State - 0
07-06 14:32:07.611   344   344 D SAN_SERVICE: *******************************************
07-06 14:32:07.744  1198  1200 D dalvikvm: GC_CONCURRENT freed 1157K, 10% free 12835K/14215K, paused 2ms+3ms
07-06 14:32:08.932  1198  1641 V PicasaAPI:    etag: --> W/"D0UCQ3g6eyp7ImA9WhJSFEs.",entryCount=384
07-06 14:32:14.588   373   373 D dalvikvm: GC_FOR_ALLOC freed 884K, 11% free 11466K/12743K, paused 123ms
07-06 14:32:14.611   145   329 I ActivityManager: START {act=android.intent.action.MAIN cat=[android.intent.category.LAUNCHER] flg=0x10200000 cmp=com.google.android.apps.googlevoice/.SplashActivity bnds=[360,556][480,706]} from pid 373
07-06 14:32:14.713   145   329 D dalvikvm: GC_FOR_ALLOC freed 421K, 10% free 14287K/15751K, paused 67ms
07-06 14:32:14.732   897   897 W GoogleVoice: PhoneCallListActivity: unknown action, threading as Intent.ACTION_MAIN: null
07-06 14:32:14.900   897   939 I System.out: [INFO:201019]: LogSource: Running flush
07-06 14:32:14.967   897   941 I System.out: [INFO:201084]: LogSource: Sending payload [bytes=565]
07-06 14:32:15.049   373   373 D OpenGLRenderer: Flushing caches (mode 1)
07-06 14:32:15.100   897   941 I System.out: [INFO:201216]: LogSource: Response [http=200,length=322]
07-06 14:32:15.100   897   939 I System.out: [INFO:201218]: LogSource: Read id 27, status code 200
07-06 14:32:15.139   373   373 D OpenGLRenderer: Flushing caches (mode 0)
07-06 14:32:15.248   897   939 I System.out: [INFO:201366]: LogSource: Read id 25, status code 200
07-06 14:32:15.260   897   939 I System.out: [INFO:201376]: LogSource: Read id 23, status code 200
07-06 14:32:15.260   897   939 I System.out: [INFO:201378]: LogSource: Read id 24, status code 200
07-06 14:32:15.287   897   939 I System.out: [INFO:201401]: LogSource: Read id 26, status code 200
07-06 14:32:15.326   455   458 D dalvikvm: GC_CONCURRENT freed 403K, 6% free 9877K/10439K, paused 2ms+14ms
07-06 14:32:15.471   897   897 D dalvikvm: GC_FOR_ALLOC freed 350K, 8% free 10640K/11527K, paused 103ms
07-06 14:32:15.627   455   477 D dalvikvm: GC_EXPLICIT freed 286K, 7% free 9735K/10439K, paused 2ms+3ms
07-06 14:32:15.701   897  1655 D dalvikvm: GC_FOR_ALLOC freed 213K, 7% free 10748K/11527K, paused 22ms
07-06 14:32:15.771   897  1655 D dalvikvm: GC_EXPLICIT freed 101K, 7% free 10752K/11527K, paused 2ms+2ms
07-06 14:32:15.971   897   897 D dalvikvm: GC_FOR_ALLOC freed 275K, 8% free 10636K/11527K, paused 22ms
07-06 14:32:17.580  1198  1641 D PicasaSyncManager: perform sync task: PrefetchFullImage (lokeshmandvekar@gmail.com)
07-06 14:32:17.791  1225  1227 D dalvikvm: GC_CONCURRENT freed 892K, 8% free 12227K/13255K, paused 21ms+4ms
07-06 14:32:18.232   145   394 D dalvikvm: GC_FOR_ALLOC freed 325K, 10% free 14258K/15751K, paused 54ms
07-06 14:32:18.736   145   161 I Process : Sending signal. PID: 897 SIG: 3
07-06 14:32:18.736   897   902 I dalvikvm: threadid=3: reacting to signal 3
07-06 14:32:18.736   145   161 W ActivityManager: Activity pause timeout for ActivityRecord{4186ac70 com.google.android.apps.googlevoice/.PhoneCallListActivity}
07-06 14:32:18.869   897   902 I dalvikvm: Wrote stack traces to '/data/anr/traces.txt'
07-06 14:32:18.963   145  1187 W InputManagerService: Starting input on non-focused client com.android.internal.view.IInputMethodClient$Stub$Proxy@417ceb70 (uid=10054 pid=897)
07-06 14:32:19.049  1198  1200 D dalvikvm: GC_CONCURRENT freed 1077K, 10% free 12904K/14215K, paused 16ms+3ms
07-06 14:32:20.150  1198  1641 D PicasaSyncManager: perform sync task: PrefetchAlbumCover (lokeshmandvekar@gmail.com)
07-06 14:32:20.607  1198  1641 D PicasaSyncManager: perform sync task: PrefetchScreenNail (lokeshmandvekar@gmail.com)
07-06 14:32:20.900  1198  1641 D PicasaSyncService: sync finished
07-06 14:32:20.908   145  1185 I ActivityManager: No longer want com.google.android.apps.maps:FriendService (pid 1441): hidden #16
07-06 14:32:21.521  1035  1658 I Gmail   : MainSyncRequestProto: lowestBkwdConvoId: 0, highestHandledServerOp: 3294889, normalSync: true
07-06 14:32:22.385   306   319 D dalvikvm: GC_EXPLICIT freed 363K, 7% free 10057K/10759K, paused 30ms+4ms
07-06 14:32:22.619   373   378 D dalvikvm: GC_CONCURRENT freed 401K, 8% free 11768K/12743K, paused 2ms+80ms
07-06 14:32:22.728   145   329 D dalvikvm: GC_EXPLICIT freed 327K, 10% free 14259K/15751K, paused 3ms+9ms
07-06 14:32:23.080   373  1663 D dalvikvm: GC_FOR_ALLOC freed 341K, 7% free 11976K/12743K, paused 28ms
07-06 14:32:23.127   373  1663 D dalvikvm: GC_FOR_ALLOC freed 10K, 5% free 12223K/12743K, paused 26ms
07-06 14:32:23.209   373  1663 D dalvikvm: GC_FOR_ALLOC freed 856K, 11% free 11990K/13383K, paused 29ms
07-06 14:32:23.213   373  1663 I dalvikvm-heap: Grow heap (frag case) to 12.661MB for 925072-byte allocation
07-06 14:32:23.260   373   373 D dalvikvm: GC_FOR_ALLOC freed 1K, 11% free 12892K/14343K, paused 34ms
07-06 14:32:23.385   373   378 D dalvikvm: GC_CONCURRENT freed 2K, 10% free 13008K/14343K, paused 2ms+4ms
07-06 14:32:23.506  1412  1414 D dalvikvm: GC_CONCURRENT freed 462K, 6% free 10082K/10631K, paused 103ms+4ms
07-06 14:32:23.912   373  1664 D dalvikvm: GC_FOR_ALLOC freed 1047K, 14% free 12420K/14343K, paused 35ms
07-06 14:32:24.103   373   378 D dalvikvm: GC_CONCURRENT freed 1173K, 14% free 12375K/14343K, paused 2ms+4ms
07-06 14:32:24.416  1035  1038 D dalvikvm: GC_CONCURRENT freed 313K, 5% free 9545K/9991K, paused 89ms+12ms
07-06 14:32:25.725   145   329 I ActivityManager: START {act=android.intent.action.MAIN cat=[android.intent.category.LAUNCHER] flg=0x10200000 cmp=com.facebook.orca/.auth.StartScreenActivity} from pid 373
07-06 14:32:26.002   373   373 D OpenGLRenderer: Flushing caches (mode 1)
07-06 14:32:26.064   373   373 D OpenGLRenderer: Flushing caches (mode 0)
07-06 14:32:26.436   145   161 I Process : Sending signal. PID: 1506 SIG: 3
07-06 14:32:26.436  1506  1511 I dalvikvm: threadid=3: reacting to signal 3
07-06 14:32:26.619  1506  1511 I dalvikvm: Wrote stack traces to '/data/anr/traces.txt'
07-06 14:32:26.936   145   161 I Process : Sending signal. PID: 1506 SIG: 3
07-06 14:32:26.936  1506  1511 I dalvikvm: threadid=3: reacting to signal 3
07-06 14:32:27.291  1506  1511 I dalvikvm: Wrote stack traces to '/data/anr/traces.txt'
07-06 14:32:27.318  1506  1508 D dalvikvm: GC_CONCURRENT freed 324K, 4% free 11138K/11591K, paused 2ms+14ms
07-06 14:32:27.451   145   161 I Process : Sending signal. PID: 1506 SIG: 3
07-06 14:32:27.455  1506  1511 I dalvikvm: threadid=3: reacting to signal 3
07-06 14:32:27.514  1506  1511 I dalvikvm: Wrote stack traces to '/data/anr/traces.txt'
07-06 14:32:27.521   215   215 V PhoneStatusBar: setLightsOn(true)
07-06 14:32:27.971   145   161 I Process : Sending signal. PID: 1506 SIG: 3
07-06 14:32:27.971  1506  1511 I dalvikvm: threadid=3: reacting to signal 3
07-06 14:32:28.228  1506  1506 D libEGL  : loaded /system/lib/egl/libGLES_android.so
07-06 14:32:28.248  1506  1511 I dalvikvm: Wrote stack traces to '/data/anr/traces.txt'
07-06 14:32:28.260  1506  1506 D libEGL  : loaded /vendor/lib/egl/libEGL_POWERVR_SGX540_120.so
07-06 14:32:28.264  1506  1506 D libEGL  : loaded /vendor/lib/egl/libGLESv1_CM_POWERVR_SGX540_120.so
07-06 14:32:28.268  1506  1506 D libEGL  : loaded /vendor/lib/egl/libGLESv2_POWERVR_SGX540_120.so
07-06 14:32:28.439   145   161 I Process : Sending signal. PID: 1506 SIG: 3
07-06 14:32:28.439  1506  1511 I dalvikvm: threadid=3: reacting to signal 3
07-06 14:32:28.600  1506  1511 I dalvikvm: Wrote stack traces to '/data/anr/traces.txt'
07-06 14:32:28.713  1506  1506 D OpenGLRenderer: Enabling debug mode 0
07-06 14:32:28.939   145   161 I Process : Sending signal. PID: 1506 SIG: 3
07-06 14:32:28.939  1506  1511 I dalvikvm: threadid=3: reacting to signal 3
07-06 14:32:28.943  1506  1511 I dalvikvm: Wrote stack traces to '/data/anr/traces.txt'
07-06 14:32:29.201   145   175 I ActivityManager: Displayed com.facebook.orca/.auth.StartScreenActivity: +3s270ms
07-06 14:32:29.213   145   145 W InputManagerService: Starting input on non-focused client com.android.internal.view.IInputMethodClient$Stub$Proxy@417e6ac0 (uid=10026 pid=373)
07-06 14:32:31.197  1035  1038 D dalvikvm: GC_CONCURRENT freed 448K, 6% free 9542K/10119K, paused 85ms+16ms
07-06 14:32:31.408  1035  1038 D dalvikvm: GC_CONCURRENT freed 453K, 6% free 9557K/10119K, paused 2ms+2ms
07-06 14:32:31.736  1506  1508 D dalvikvm: GC_CONCURRENT freed 534K, 6% free 11365K/11975K, paused 2ms+4ms
07-06 14:32:31.799  1035  1038 D dalvikvm: GC_CONCURRENT freed 449K, 6% free 9544K/10119K, paused 37ms+2ms
07-06 14:32:32.021  1035  1038 D dalvikvm: GC_CONCURRENT freed 448K, 6% free 9535K/10119K, paused 2ms+2ms
07-06 14:32:32.205  1035  1038 D dalvikvm: GC_CONCURRENT freed 449K, 6% free 9556K/10119K, paused 4ms+6ms
07-06 14:32:32.377  1035  1038 D dalvikvm: GC_CONCURRENT freed 448K, 6% free 9550K/10119K, paused 2ms+3ms
07-06 14:32:32.545  1035  1038 D dalvikvm: GC_CONCURRENT freed 448K, 6% free 9537K/10119K, paused 2ms+3ms
07-06 14:32:32.756  1035  1038 D dalvikvm: GC_CONCURRENT freed 449K, 6% free 9544K/10119K, paused 2ms+2ms
07-06 14:32:32.936  1035  1038 D dalvikvm: GC_CONCURRENT freed 448K, 6% free 9541K/10119K, paused 2ms+3ms
07-06 14:32:32.971   145   408 I ActivityManager: START {cmp=com.facebook.orca/.auth.SilentLoginActivity (has extras)} from pid 1506
07-06 14:32:33.049   145   408 D dalvikvm: GC_FOR_ALLOC freed 311K, 9% free 14414K/15751K, paused 59ms
07-06 14:32:33.248   215   215 V PhoneStatusBar: setLightsOn(true)
07-06 14:32:33.303  1035  1038 D dalvikvm: GC_CONCURRENT freed 448K, 6% free 9537K/10119K, paused 22ms+2ms
07-06 14:32:33.439  1035  1038 D dalvikvm: GC_CONCURRENT freed 448K, 6% free 9543K/10119K, paused 1ms+3ms
07-06 14:32:33.553   145   175 I ActivityManager: Displayed com.facebook.orca/.auth.SilentLoginActivity: +477ms
07-06 14:32:33.557  1506  1506 D OpenGLRenderer: Flushing caches (mode 0)
07-06 14:32:33.686  1035  1038 D dalvikvm: GC_CONCURRENT freed 448K, 6% free 9536K/10119K, paused 2ms+2ms
07-06 14:32:34.260  1035  1038 D dalvikvm: GC_CONCURRENT freed 396K, 6% free 9588K/10119K, paused 1ms+24ms
07-06 14:32:34.342  1035  1658 D dalvikvm: GC_EXPLICIT freed 91K, 6% free 9550K/10119K, paused 2ms+2ms
07-06 14:32:34.350  1035  1658 I Gmail   : MainSyncRequestProto: lowestBkwdConvoId: 0, highestHandledServerOp: 3295992, normalSync: true
07-06 14:32:35.994   344   344 D SAN_SERVICE: *******************************************
07-06 14:32:35.994   344   344 D SAN_SERVICE: DM App Phone Service State - 0
07-06 14:32:35.994   344   344 D SAN_SERVICE: *******************************************
07-06 14:32:36.143   344   344 D SAN_SERVICE: *******************************************
07-06 14:32:36.143   344   344 D SAN_SERVICE: DM App Phone Service State - 0
07-06 14:32:36.143   344   344 D SAN_SERVICE: *******************************************
07-06 14:32:36.486  1506  1508 D dalvikvm: GC_CONCURRENT freed 569K, 6% free 11548K/12231K, paused 2ms+4ms
07-06 14:32:36.619   344   344 D SAN_SERVICE: *******************************************
07-06 14:32:36.619   344   344 D SAN_SERVICE: DM App Phone Service State - 0
07-06 14:32:36.619   344   344 D SAN_SERVICE: *******************************************
07-06 14:32:36.865   145   380 I ActivityManager: START {flg=0x4010000 cmp=com.facebook.orca/.threadlist.ThreadListActivity} from pid 1506
07-06 14:32:36.994   145   380 D dalvikvm: GC_FOR_ALLOC freed 345K, 10% free 14399K/15879K, paused 110ms
07-06 14:32:37.338  1506  1508 D dalvikvm: GC_CONCURRENT freed 657K, 6% free 11756K/12487K, paused 55ms+30ms
07-06 14:32:37.377   215   215 V PhoneStatusBar: setLightsOn(true)
07-06 14:32:37.455   145   175 I ActivityManager: Displayed com.facebook.orca/.threadlist.ThreadListActivity: +454ms
07-06 14:32:37.521   323   325 D dalvikvm: GC_CONCURRENT freed 1187K, 12% free 10024K/11335K, paused 3ms+2ms
07-06 14:32:37.607  1506  1506 D OpenGLRenderer: Flushing caches (mode 0)
07-06 14:32:38.186  1035  1038 D dalvikvm: GC_CONCURRENT freed 362K, 6% free 9651K/10183K, paused 2ms+2ms
07-06 14:32:38.467  1506  1508 D dalvikvm: GC_CONCURRENT freed 890K, 8% free 11855K/12807K, paused 78ms+4ms
07-06 14:32:39.221  1035  1038 D dalvikvm: GC_CONCURRENT freed 432K, 6% free 9615K/10183K, paused 2ms+2ms
07-06 14:32:40.029  1506  1508 D dalvikvm: GC_CONCURRENT freed 809K, 7% free 12048K/12935K, paused 2ms+5ms
07-06 14:32:41.576  1035  1038 D dalvikvm: GC_CONCURRENT freed 435K, 6% free 9610K/10183K, paused 2ms+3ms
07-06 14:32:41.650  1506  1508 D dalvikvm: GC_CONCURRENT freed 1181K, 10% free 11826K/13127K, paused 2ms+4ms
07-06 14:32:42.791  1506  1508 D dalvikvm: GC_CONCURRENT freed 801K, 9% free 11960K/13127K, paused 2ms+6ms
07-06 14:32:43.084  1035  1038 D dalvikvm: GC_CONCURRENT freed 442K, 6% free 9603K/10183K, paused 3ms+5ms
07-06 14:32:43.533  1506  1508 D dalvikvm: GC_CONCURRENT freed 974K, 10% free 11863K/13127K, paused 3ms+4ms
07-06 14:32:44.057  1035  1038 D dalvikvm: GC_CONCURRENT freed 441K, 6% free 9604K/10183K, paused 2ms+7ms
07-06 14:32:44.439  1506  1508 D dalvikvm: GC_CONCURRENT freed 813K, 9% free 12007K/13127K, paused 3ms+4ms
07-06 14:32:44.943  1035  1658 D dalvikvm: GC_EXPLICIT freed 116K, 6% free 9586K/10183K, paused 2ms+3ms
07-06 14:32:44.947  1035  1658 I Gmail   : MainSyncRequestProto: lowestBkwdConvoId: 0, highestHandledServerOp: 3296000, normalSync: true
07-06 14:32:44.951  1035  1658 I Gmail   : lowestBackward conversation id 0
07-06 14:32:45.021  1035  1658 W Gmail   : Scheduling index for 300000 ms from now
07-06 14:32:45.174  1035  1658 I Gmail   : Sending notification intent: Intent { act=android.intent.action.PROVIDER_CHANGED dat=content://gmail-ls/unread/^i (has extras) }
07-06 14:32:45.283  1035  1658 I Gmail   : Sending notification intent: Intent { act=android.intent.action.PROVIDER_CHANGED dat=content://gmail-ls/unread/^iim (has extras) }
07-06 14:32:45.377  1035  1691 W Gmail   : Showing notification with unreadCount of 12 and unseenCount of 11
07-06 14:32:45.482   145  1693 D MediaPlayer: Couldn't open file on client side, trying server side
07-06 14:32:45.514    81   125 E MediaPlayerService: Couldn't open fd for content://settings/system/notification_sound
07-06 14:32:45.549   145  1693 E MediaPlayer: Unable to to create media player
07-06 14:32:45.557   145  1693 W NotificationService: error loading sound for content://settings/system/notification_sound
07-06 14:32:45.557   145  1693 W NotificationService: java.io.IOException: setDataSource failed.: status=0x80000000
07-06 14:32:45.557   145  1693 W NotificationService: 	at android.media.MediaPlayer._setDataSource(Native Method)
07-06 14:32:45.557   145  1693 W NotificationService: 	at android.media.MediaPlayer.setDataSource(MediaPlayer.java:844)
07-06 14:32:45.557   145  1693 W NotificationService: 	at android.media.MediaPlayer.setDataSource(MediaPlayer.java:806)
07-06 14:32:45.557   145  1693 W NotificationService: 	at android.media.MediaPlayer.setDataSource(MediaPlayer.java:761)
07-06 14:32:45.557   145  1693 W NotificationService: 	at com.android.server.NotificationPlayer$CreationAndCompletionThread.run(NotificationPlayer.java:88)
07-06 14:32:45.955   215   217 D dalvikvm: GC_CONCURRENT freed 486K, 32% free 9974K/14663K, paused 85ms+11ms
07-06 14:32:46.025  1506  1508 D dalvikvm: GC_CONCURRENT freed 962K, 9% free 12024K/13127K, paused 3ms+6ms
07-06 14:32:46.096   344   344 D SAN_SERVICE: *******************************************
07-06 14:32:46.096   344   344 D SAN_SERVICE: DM App Phone Service State - 0
07-06 14:32:46.096   344   344 D SAN_SERVICE: *******************************************
07-06 14:32:46.283   215   217 D dalvikvm: GC_CONCURRENT freed 243K, 31% free 10209K/14663K, paused 1ms+11ms
07-06 14:32:46.357   344   344 D SAN_SERVICE: *******************************************
07-06 14:32:46.357   344   344 D SAN_SERVICE: DM App Phone Service State - 0
07-06 14:32:46.357   344   344 D SAN_SERVICE: *******************************************
07-06 14:32:46.666  1506  1508 D dalvikvm: GC_CONCURRENT freed 1011K, 9% free 12014K/13127K, paused 2ms+4ms
07-06 14:32:46.775  1225  1227 D dalvikvm: GC_CONCURRENT freed 929K, 8% free 12259K/13319K, paused 480ms+4ms
07-06 14:32:47.123   344   344 D SAN_SERVICE: *******************************************
07-06 14:32:47.123   344   344 D SAN_SERVICE: DM App Phone Service State - 0
07-06 14:32:47.123   344   344 D SAN_SERVICE: *******************************************
07-06 14:32:47.932   455   458 D dalvikvm: GC_CONCURRENT freed 303K, 6% free 9830K/10439K, paused 3ms+5ms
07-06 14:32:48.213  1506  1508 D dalvikvm: GC_CONCURRENT freed 986K, 9% free 12035K/13127K, paused 3ms+4ms
07-06 14:32:50.693  1506  1513 I dalvikvm: Jit: resizing JitTable from 4096 to 8192
07-06 14:32:50.959  1506  1508 D dalvikvm: GC_CONCURRENT freed 983K, 9% free 12036K/13127K, paused 3ms+18ms
07-06 14:32:50.959  1506  1515 W CursorWrapperInner: Cursor finalized without prior close()
07-06 14:32:51.404  1506  1508 D dalvikvm: GC_CONCURRENT freed 1003K, 9% free 12029K/13127K, paused 2ms+4ms
07-06 14:32:51.838  1506  1508 D dalvikvm: GC_CONCURRENT freed 942K, 8% free 12093K/13127K, paused 2ms+3ms
07-06 14:32:52.318  1506  1508 D dalvikvm: GC_CONCURRENT freed 1085K, 9% free 12091K/13255K, paused 3ms+4ms
07-06 14:32:52.760  1506  1508 D dalvikvm: GC_CONCURRENT freed 961K, 9% free 12145K/13255K, paused 2ms+5ms
07-06 14:32:53.385  1506  1508 D dalvikvm: GC_CONCURRENT freed 1079K, 9% free 12139K/13319K, paused 2ms+5ms
07-06 14:32:53.799  1506  1508 D dalvikvm: GC_CONCURRENT freed 1127K, 10% free 12052K/13319K, paused 2ms+6ms
07-06 14:32:54.080  1506  1508 D dalvikvm: GC_CONCURRENT freed 1028K, 10% free 12036K/13319K, paused 2ms+3ms
07-06 14:32:54.353  1506  1508 D dalvikvm: GC_CONCURRENT freed 999K, 10% free 12042K/13319K, paused 2ms+4ms
07-06 14:32:54.639  1506  1508 D dalvikvm: GC_CONCURRENT freed 1013K, 10% free 12036K/13319K, paused 2ms+4ms
07-06 14:32:54.920  1506  1508 D dalvikvm: GC_CONCURRENT freed 1005K, 10% free 12036K/13319K, paused 2ms+7ms
07-06 14:32:55.197  1506  1508 D dalvikvm: GC_CONCURRENT freed 1002K, 10% free 12039K/13319K, paused 2ms+3ms
07-06 14:32:56.416   344   344 D SAN_SERVICE: *******************************************
07-06 14:32:56.416   344   344 D SAN_SERVICE: DM App Phone Service State - 0
07-06 14:32:56.416   344   344 D SAN_SERVICE: *******************************************
07-06 14:32:56.639   344   344 D SAN_SERVICE: *******************************************
07-06 14:32:56.643   344   344 D SAN_SERVICE: DM App Phone Service State - 0
07-06 14:32:56.643   344   344 D SAN_SERVICE: *******************************************
07-06 14:32:57.240   145  1695 W NotificationService: STOP command without a player
07-06 14:32:57.408   344   344 D SAN_SERVICE: *******************************************
07-06 14:32:57.408   344   344 D SAN_SERVICE: DM App Phone Service State - 0
07-06 14:32:57.408   344   344 D SAN_SERVICE: *******************************************
07-06 14:32:59.596   215   217 D dalvikvm: GC_CONCURRENT freed 532K, 31% free 10139K/14663K, paused 2ms+2ms
07-06 14:33:00.010   215   215 V PhoneStatusBar: setLightsOn(true)
07-06 14:33:00.010   145   329 W InputManagerService: Window already focused, ignoring focus gain of: com.android.internal.view.IInputMethodClient$Stub$Proxy@41852330
07-06 14:33:00.100   215   215 D dalvikvm: GC_FOR_ALLOC freed 590K, 33% free 9931K/14663K, paused 23ms
07-06 14:33:00.143   215   217 D dalvikvm: GC_CONCURRENT freed 538K, 33% free 9892K/14663K, paused 2ms+3ms
07-06 14:33:00.197   215   217 D dalvikvm: GC_CONCURRENT freed 495K, 33% free 9834K/14663K, paused 5ms+2ms
07-06 14:33:06.568   344   344 D SAN_SERVICE: *******************************************
07-06 14:33:06.572   344   344 D SAN_SERVICE: DM App Phone Service State - 0
07-06 14:33:06.572   344   344 D SAN_SERVICE: *******************************************
07-06 14:33:06.631  1225  1227 D dalvikvm: GC_CONCURRENT freed 969K, 9% free 12282K/13383K, paused 10ms+2ms
07-06 14:33:17.049  1225  1227 D dalvikvm: GC_CONCURRENT freed 1012K, 9% free 12235K/13383K, paused 4ms+13ms
07-06 14:33:17.603   427  1461 I PhoneLab-: Service Running
07-06 14:33:17.709   427  1461 I PhoneLab-LoggerService: app_37    1466  427   1436   1064  c00f181c 400107b4 S logcat
07-06 14:33:17.713   427  1461 I PhoneLab-LoggerService: Logcat pid from database 1466
07-06 14:33:17.713   427  1461 I PhoneLab-LoggerService: Logcat process found 1466
07-06 14:33:17.713   427  1461 I PhoneLab-LoggerService: Checking Threshold
07-06 14:33:17.779   427  1461 I PhoneLab-LoggerService: Starting to rename files
07-06 14:33:17.783   427  1461 I PhoneLab-LoggerService: Files found .. 2
07-06 14:33:18.502   344   344 D SAN_SERVICE: *******************************************
07-06 14:33:18.502   344   344 D SAN_SERVICE: DM App Phone Service State - 0
07-06 14:33:18.502   344   344 D SAN_SERVICE: *******************************************
07-06 14:33:18.553   344   345 D dalvikvm: GC_CONCURRENT freed 448K, 6% free 9487K/10055K, paused 3ms+5ms
07-06 14:33:19.283   344   344 D SAN_SERVICE: *******************************************
07-06 14:33:19.283   344   344 D SAN_SERVICE: DM App Phone Service State - 0
07-06 14:33:19.283   344   344 D SAN_SERVICE: *******************************************
07-06 14:33:21.525  1225  1457 D MediaProvider: object removed 1661
07-06 14:33:21.822  1225  1457 D MediaProvider: object removed 3502
07-06 14:33:22.287  1225  1457 D MediaProvider: object removed 2707
07-06 14:33:23.096   986   988 D dalvikvm: GC_CONCURRENT freed 502K, 7% free 10420K/11143K, paused 2ms+19ms
07-06 14:33:23.400  1225  1457 D MediaProvider: object removed 4000
07-06 14:33:23.795  1225  1457 D MediaProvider: object removed 2996
07-06 14:33:24.072  1225  1457 D MediaProvider: object removed 1398
07-06 14:33:24.127   986   988 D dalvikvm: GC_CONCURRENT freed 440K, 7% free 10447K/11143K, paused 2ms+3ms
07-06 14:33:24.350  1412  1414 D dalvikvm: GC_CONCURRENT freed 346K, 6% free 10152K/10695K, paused 97ms+2ms
07-06 14:33:24.416  1225  1457 D MediaProvider: object removed 3872
07-06 14:33:24.564  1225  1457 D MediaProvider: object removed 3259
07-06 14:33:24.846  1412  1414 D dalvikvm: GC_CONCURRENT freed 278K, 4% free 10407K/10759K, paused 2ms+2ms
07-06 14:33:24.877  1225  1457 D MediaProvider: object removed 5160
07-06 14:33:25.076  1225  1457 D MediaProvider: object removed 3067
07-06 14:33:25.350  1225  1457 D MediaProvider: object removed 2034
07-06 14:33:25.541  1225  1457 D MediaProvider: object removed 1369
07-06 14:33:25.740  1225  1457 D MediaProvider: object removed 3519
07-06 14:33:25.889  1225  1238 D dalvikvm: GC_EXPLICIT freed 714K, 9% free 12251K/13383K, paused 7ms+98ms
07-06 14:33:25.908  1225  1457 D MediaProvider: object removed 3532
07-06 14:33:26.182  1225  1457 D MediaProvider: object removed 2681
07-06 14:33:26.436   145   154 W MediaPlayer-JNI: MediaPlayer finalized without being released
07-06 14:33:26.436   145   147 D dalvikvm: GC_CONCURRENT freed 1180K, 10% free 14442K/15879K, paused 34ms+5ms
07-06 14:33:26.467  1225  1457 D MediaProvider: object removed 1757
07-06 14:33:26.482  1198  1269 D dalvikvm: GC_EXPLICIT freed 514K, 10% free 12889K/14215K, paused 152ms+295ms
07-06 14:33:26.623  1225  1457 D MediaProvider: object removed 2602
07-06 14:33:26.838  1225  1457 D MediaProvider: object removed 3511
07-06 14:33:27.037  1225  1457 D MediaProvider: object removed 2594
07-06 14:33:27.279  1225  1457 D MediaProvider: object removed 3490
07-06 14:33:27.756  1225  1457 D MediaProvider: object removed 3704
07-06 14:33:27.986   145   180 I ActivityManager: START {act=android.intent.action.MAIN cat=[android.intent.category.HOME] flg=0x10200000 cmp=com.android.launcher/com.android.launcher2.Launcher} from pid 145
07-06 14:33:28.010  1225  1457 D MediaProvider: object removed 2564
07-06 14:33:28.627  1506  1506 D OpenGLRenderer: Flushing caches (mode 1)
07-06 14:33:28.791   145   161 I Process : Sending signal. PID: 373 SIG: 3
07-06 14:33:28.791   373   382 I dalvikvm: threadid=3: reacting to signal 3
07-06 14:33:28.803  1506  1506 D OpenGLRenderer: Flushing caches (mode 0)
07-06 14:33:28.850   373   382 I dalvikvm: Wrote stack traces to '/data/anr/traces.txt'
07-06 14:33:28.889  1225  1457 D MediaProvider: object removed 7386
07-06 14:33:29.326  1225  1457 D MediaProvider: object removed 3728
07-06 14:33:29.580  1225  1457 D MediaProvider: object removed 2753
07-06 14:33:29.756  1225  1457 D MediaProvider: object removed 7396
07-06 14:33:30.014  1225  1457 D MediaProvider: object removed 6648
07-06 14:33:30.240  1225  1457 D MediaProvider: object removed 2649
07-06 14:33:30.971  1225  1457 D MediaProvider: object removed 2559
07-06 14:33:32.271   344   344 D SAN_SERVICE: *******************************************
07-06 14:33:32.271   344   344 D SAN_SERVICE: DM App Phone Service State - 0
07-06 14:33:32.271   344   344 D SAN_SERVICE: *******************************************
07-06 14:33:32.662   145  1187 D dalvikvm: GC_EXPLICIT freed 437K, 10% free 14402K/15879K, paused 75ms+6ms
07-06 14:33:32.693  1225  1457 D MediaProvider: object removed 2704
07-06 14:33:32.709   344   344 D SAN_SERVICE: *******************************************
07-06 14:33:32.709   344   344 D SAN_SERVICE: DM App Phone Service State - 0
07-06 14:33:32.709   344   344 D SAN_SERVICE: *******************************************
07-06 14:33:32.881  1225  1457 D MediaProvider: object removed 3244
07-06 14:33:33.021   344   344 D SAN_SERVICE: *******************************************
07-06 14:33:33.021   344   344 D SAN_SERVICE: DM App Phone Service State - 0
07-06 14:33:33.021   344   344 D SAN_SERVICE: *******************************************
07-06 14:33:33.115  1225  1457 D MediaProvider: object removed 1548
07-06 14:33:33.299  1225  1457 D MediaProvider: object removed 3022
07-06 14:33:33.518  1225  1408 D dalvikvm: GC_EXPLICIT freed 314K, 9% free 12252K/13383K, paused 3ms+4ms
07-06 14:33:33.549  1225  1457 D MediaProvider: object removed 1721
07-06 14:33:33.900  1225  1457 D MediaProvider: object removed 3032
07-06 14:33:34.135   145   156 I ActivityManager: START {act=android.intent.action.MAIN cat=[android.intent.category.LAUNCHER] flg=0x10000000 pkg=com.whatsapp cmp=com.whatsapp/.Main bnds=[360,405][480,555]} from pid 373
07-06 14:33:34.209  1506  1508 D dalvikvm: GC_CONCURRENT freed 902K, 10% free 12080K/13319K, paused 58ms+6ms
07-06 14:33:34.256   373   373 D OpenGLRenderer: Flushing caches (mode 1)
07-06 14:33:34.311  1225  1457 D MediaProvider: object removed 3460
07-06 14:33:34.670   145   161 I Process : Sending signal. PID: 637 SIG: 3
07-06 14:33:34.701   637   642 I dalvikvm: threadid=3: reacting to signal 3
07-06 14:33:34.760   637   642 I dalvikvm: Wrote stack traces to '/data/anr/traces.txt'
07-06 14:33:35.115  1225  1457 D MediaProvider: object removed 3091
07-06 14:33:35.170   145   161 I Process : Sending signal. PID: 637 SIG: 3
07-06 14:33:35.170   637   642 I dalvikvm: threadid=3: reacting to signal 3
07-06 14:33:35.385   637   642 I dalvikvm: Wrote stack traces to '/data/anr/traces.txt'
07-06 14:33:35.385   215   215 V PhoneStatusBar: setLightsOn(true)
07-06 14:33:35.408   373   373 D OpenGLRenderer: Flushing caches (mode 0)
07-06 14:33:35.611  1225  1457 D MediaProvider: object removed 1427
07-06 14:33:35.900  1225  1457 D MediaProvider: object removed 3315
07-06 14:33:36.084  1225  1457 D MediaProvider: object removed 2678
07-06 14:33:36.189  1198  1269 D dalvikvm: GC_EXPLICIT freed 275K, 10% free 12918K/14215K, paused 71ms+13ms
07-06 14:33:36.268  1225  1457 D MediaProvider: object removed 2630
07-06 14:33:36.490  1225  1457 D MediaProvider: object removed 2668
07-06 14:33:36.693  1225  1457 D MediaProvider: object removed 3123
07-06 14:33:36.850  1225  1457 D MediaProvider: object removed 3845
07-06 14:33:37.107  1225  1457 D MediaProvider: object removed 3308
07-06 14:33:37.330  1225  1457 D MediaProvider: object removed 2882
07-06 14:33:37.529  1225  1457 D MediaProvider: object removed 2634
07-06 14:33:37.775  1225  1457 D MediaProvider: object removed 1290
07-06 14:33:37.963  1225  1457 D MediaProvider: object removed 3213
07-06 14:33:38.150  1506  1671 W orca:OrcaServiceQueue: Exception during service
07-06 14:33:38.150  1506  1671 W orca:OrcaServiceQueue: java.net.SocketTimeoutException: Read timed out
07-06 14:33:38.150  1506  1671 W orca:OrcaServiceQueue: 	at org.apache.harmony.xnet.provider.jsse.NativeCrypto.SSL_read(Native Method)
07-06 14:33:38.150  1506  1671 W orca:OrcaServiceQueue: 	at org.apache.harmony.xnet.provider.jsse.OpenSSLSocketImpl$SSLInputStream.read(OpenSSLSocketImpl.java:671)
07-06 14:33:38.150  1506  1671 W orca:OrcaServiceQueue: 	at org.apache.http.impl.io.AbstractSessionInputBuffer.fillBuffer(AbstractSessionInputBuffer.java:103)
07-06 14:33:38.150  1506  1671 W orca:OrcaServiceQueue: 	at org.apache.http.impl.io.AbstractSessionInputBuffer.readLine(AbstractSessionInputBuffer.java:191)
07-06 14:33:38.150  1506  1671 W orca:OrcaServiceQueue: 	at org.apache.http.impl.conn.DefaultResponseParser.parseHead(DefaultResponseParser.java:82)
07-06 14:33:38.150  1506  1671 W orca:OrcaServiceQueue: 	at org.apache.http.impl.io.AbstractMessageParser.parse(AbstractMessageParser.java:174)
07-06 14:33:38.150  1506  1671 W orca:OrcaServiceQueue: 	at org.apache.http.impl.AbstractHttpClientConnection.receiveResponseHeader(AbstractHttpClientConnection.java:180)
07-06 14:33:38.150  1506  1671 W orca:OrcaServiceQueue: 	at org.apache.http.impl.conn.DefaultClientConnection.receiveResponseHeader(DefaultClientConnection.java:235)
07-06 14:33:38.150  1506  1671 W orca:OrcaServiceQueue: 	at org.apache.http.impl.conn.AbstractClientConnAdapter.receiveResponseHeader(AbstractClientConnAdapter.java:259)
07-06 14:33:38.150  1506  1671 W orca:OrcaServiceQueue: 	at org.apache.http.protocol.HttpRequestExecutor.doReceiveResponse(HttpRequestExecutor.java:279)
07-06 14:33:38.150  1506  1671 W orca:OrcaServiceQueue: 	at org.apache.http.protocol.HttpRequestExecutor.execute(HttpRequestExecutor.java:121)
07-06 14:33:38.150  1506  1671 W orca:OrcaServiceQueue: 	at org.apache.http.impl.client.DefaultRequestDirector.execute(DefaultRequestDirector.java:428)
07-06 14:33:38.150  1506  1671 W orca:OrcaServiceQueue: 	at org.apache.http.impl.client.AbstractHttpClient.execute(AbstractHttpClient.java:555)
07-06 14:33:38.150  1506  1671 W orca:OrcaServiceQueue: 	at com.facebook.orca.common.http.OrcaHttpClientImpl.execute(OrcaHttpClientImpl.java:292)
07-06 14:33:38.150  1506  1671 W orca:OrcaServiceQueue: 	at com.facebook.orca.common.http.OrcaHttpRequestProcessor.a(OrcaHttpRequestProcessor.java:99)
07-06 14:33:38.150  1506  1671 W orca:OrcaServiceQueue: 	at com.facebook.orca.protocol.base.SingleMethodRunner.a(SingleMethodRunner.java:147)
07-06 14:33:38.150  1506  1671 W orca:OrcaServiceQueue: 	at com.facebook.orca.protocol.base.SingleMethodRunner.a(SingleMethodRunner.java:84)
07-06 14:33:38.150  1506  1671 W orca:OrcaServiceQueue: 	at com.facebook.orca.protocol.WebServiceHandler.a(WebServiceHandler.java:290)
07-06 14:33:38.150  1506  1671 W orca:OrcaServiceQueue: 	at com.facebook.orca.server.AbstractOrcaServiceHandlerFilter.F(AbstractOrcaServiceHandlerFilter.java:32)
07-06 14:33:38.150  1506  1671 W orca:OrcaServiceQueue: 	at com.facebook.orca.server.FilterChainLink.a(FilterChainLink.java:17)
07-06 14:33:38.150  1506  1671 W orca:OrcaServiceQueue: 	at com.facebook.orca.database.DbServiceHandler.a(DbServiceHandler.java:253)
07-06 14:33:38.150  1506  1671 W orca:OrcaServiceQueue: 	at com.facebook.orca.server.AbstractOrcaServiceHandlerFilter.F(AbstractOrcaServiceHandlerFilter.java:32)
07-06 14:33:38.150  1506  1671 W orca:OrcaServiceQueue: 	at com.facebook.orca.server.FilterChainLink.a(FilterChainLink.java:17)
07-06 14:33:38.150  1506  1671 W orca:OrcaServiceQueue: 	at com.facebook.orca.cache.CacheServiceHandler.a(CacheServiceHandler.java:125)
07-06 14:33:38.150  1506  1671 W orca:OrcaServiceQueue: 	at com.facebook.orca.server.AbstractOrcaServiceHandlerFilter.F(AbstractOrcaServiceHandlerFilter.java:32)
07-06 14:33:38.150  1506  1671 W orca:OrcaServiceQueue: 	at com.facebook.orca.server.FilterChainLink.a(FilterChainLink.java:17)
07-06 14:33:38.150  1506  1671 W orca:OrcaServiceQueue: 	at com.facebook.orca.server.PreProcessingServiceHandler.F(PreProcessingServiceHandler.java:32)
07-06 14:33:38.150  1506  1671 W orca:OrcaServiceQueue: 	at com.facebook.orca.server.FilterChainLink.a(FilterChainLink.java:17)
07-06 14:33:38.150  1506  1671 W orca:OrcaServiceQueue: 	at com.facebook.orca.server.OrcaServiceQueue.d(OrcaServiceQueue.java:202)
07-06 14:33:38.150  1506  1671 W orca:OrcaServiceQueue: 	at com.facebook.orca.server.OrcaServiceQueue.d(OrcaServiceQueue.java:33)
07-06 14:33:38.150  1506  1671 W orca:OrcaServiceQueue: 	at com.facebook.orca.server.OrcaServiceQueue$3.run(OrcaServiceQueue.java:162)
07-06 14:33:38.150  1506  1671 W orca:OrcaServiceQueue: 	at android.os.Handler.handleCallback(Handler.java:605)
07-06 14:33:38.150  1506  1671 W orca:OrcaServiceQueue: 	at android.os.Handler.dispatchMessage(Handler.java:92)
07-06 14:33:38.150  1506  1671 W orca:OrcaServiceQueue: 	at android.os.Looper.loop(Looper.java:137)
07-06 14:33:38.150  1506  1671 W orca:OrcaServiceQueue: 	at android.os.HandlerThread.run(HandlerThread.java:60)
07-06 14:33:38.189  1225  1457 D MediaProvider: object removed 2503
07-06 14:33:38.666  1225  1457 D MediaProvider: object removed 3770
07-06 14:33:38.947  1225  1457 D MediaProvider: object removed 2591
07-06 14:33:39.103  1225  1457 D MediaProvider: object removed 2598
07-06 14:33:39.217  1506  1508 D dalvikvm: GC_CONCURRENT freed 827K, 8% free 12272K/13319K, paused 8ms+5ms
07-06 14:33:39.357  1225  1457 D MediaProvider: object removed 2610
07-06 14:33:39.889  1225  1457 D MediaProvider: object removed 2609
07-06 14:33:39.943  1225  1238 D dalvikvm: GC_EXPLICIT freed 334K, 9% free 12241K/13383K, paused 2ms+4ms
07-06 14:33:40.580  1225  1457 D MediaProvider: object removed 3429
07-06 14:33:40.920  1225  1457 D MediaProvider: object removed 2720
07-06 14:33:41.033  1506  1508 D dalvikvm: GC_CONCURRENT freed 1042K, 9% free 12284K/13447K, paused 17ms+5ms
07-06 14:33:41.100  1225  1457 D MediaProvider: object removed 3764
07-06 14:33:41.307  1225  1457 D MediaProvider: object removed 2473
07-06 14:33:41.482  1225  1457 D MediaProvider: object removed 2743
07-06 14:33:41.639  1225  1457 D MediaProvider: object removed 2536
07-06 14:33:41.936  1225  1457 D MediaProvider: object removed 2693
07-06 14:33:42.061  1225  1457 D MediaProvider: object removed 2539
07-06 14:33:42.236  1225  1457 D MediaProvider: object removed 7398
07-06 14:33:42.486  1225  1457 D MediaProvider: object removed 3594
07-06 14:33:42.896  1225  1457 D MediaProvider: object removed 2618
07-06 14:33:43.002  1198  1269 D dalvikvm: GC_EXPLICIT freed 300K, 10% free 12909K/14215K, paused 2ms+5ms
07-06 14:33:44.580   323   323 D dalvikvm: GC_FOR_ALLOC freed 206K, 12% free 10012K/11335K, paused 24ms
07-06 14:33:44.584   323   323 I dalvikvm-heap: Grow heap (frag case) to 10.551MB for 739216-byte allocation
07-06 14:33:44.643   323   325 D dalvikvm: GC_CONCURRENT freed 1K, 6% free 10733K/11335K, paused 2ms+5ms
07-06 14:33:44.799   215   217 D dalvikvm: GC_CONCURRENT freed 517K, 34% free 9712K/14663K, paused 16ms+3ms
07-06 14:33:44.869   215   215 D dalvikvm: GC_FOR_ALLOC freed 379K, 34% free 9687K/14663K, paused 17ms
07-06 14:33:44.908   215   217 D dalvikvm: GC_CONCURRENT freed 459K, 34% free 9683K/14663K, paused 2ms+5ms
07-06 14:33:44.920  1225  1457 D MediaProvider: object removed 2561
07-06 14:33:45.041   215   217 D dalvikvm: GC_CONCURRENT freed 413K, 34% free 9691K/14663K, paused 48ms+4ms
07-06 14:33:45.186  1225  1457 D MediaProvider: object removed 3550
07-06 14:33:45.350  1225  1457 D MediaProvider: object removed 3741
07-06 14:33:45.568  1225  1457 D MediaProvider: object removed 3049
07-06 14:33:45.795  1225  1457 D MediaProvider: object removed 2495
07-06 14:33:46.107  1225  1457 D MediaProvider: object removed 3889
07-06 14:33:46.283  1225  1457 D MediaProvider: object removed 2571
07-06 14:33:46.471  1225  1457 D MediaProvider: object removed 3087
07-06 14:33:46.643  1225  1457 D MediaProvider: object removed 3415
07-06 14:33:46.912  1225  1457 D MediaProvider: object removed 1571
07-06 14:33:47.096  1225  1457 D MediaProvider: object removed 2657
07-06 14:33:47.295  1225  1457 D MediaProvider: object removed 2456
07-06 14:33:47.346  1225  1236 D dalvikvm: GC_EXPLICIT freed 346K, 9% free 12228K/13383K, paused 3ms+5ms
07-06 14:33:47.416  1225  1457 D MediaProvider: object removed 3660
07-06 14:33:47.537   344   344 D SAN_SERVICE: *******************************************
07-06 14:33:47.537   344   344 D SAN_SERVICE: DM App Phone Service State - 0
07-06 14:33:47.537   344   344 D SAN_SERVICE: *******************************************
07-06 14:33:47.662  1225  1457 D MediaProvider: object removed 3950
07-06 14:33:47.795   344   344 D SAN_SERVICE: *******************************************
07-06 14:33:47.795   344   344 D SAN_SERVICE: DM App Phone Service State - 0
07-06 14:33:47.795   344   344 D SAN_SERVICE: *******************************************
07-06 14:33:47.916  1225  1457 D MediaProvider: object removed 3958
07-06 14:33:48.186  1225  1457 D MediaProvider: object removed 2701
07-06 14:33:48.338   344   344 D SAN_SERVICE: *******************************************
07-06 14:33:48.338   344   344 D SAN_SERVICE: DM App Phone Service State - 0
07-06 14:33:48.338   344   344 D SAN_SERVICE: *******************************************
07-06 14:33:48.381  1225  1457 D MediaProvider: object removed 2820
07-06 14:33:48.572  1225  1457 D MediaProvider: object removed 3671
07-06 14:33:48.709  1225  1457 D MediaProvider: object removed 3185
07-06 14:33:48.959  1225  1457 D MediaProvider: object removed 3996
07-06 14:33:49.092  1225  1457 D MediaProvider: object removed 2647
07-06 14:33:49.357  1225  1457 D MediaProvider: object removed 3871
07-06 14:33:49.541  1225  1457 D MediaProvider: object removed 3050
07-06 14:33:49.725  1225  1457 D MediaProvider: object removed 2764
07-06 14:33:49.924  1225  1457 D MediaProvider: object removed 2797
07-06 14:33:50.092  1225  1457 D MediaProvider: object removed 6703
07-06 14:33:50.244  1225  1457 D MediaProvider: object removed 3236
07-06 14:33:51.787  1225  1457 D MediaProvider: object removed 7417
07-06 14:33:51.975  1225  1457 D MediaProvider: object removed 2611
07-06 14:33:52.225  1225  1457 D MediaProvider: object removed 2627
07-06 14:33:52.228  1198  1272 D dalvikvm: GC_EXPLICIT freed 282K, 10% free 12909K/14215K, paused 2ms+4ms
07-06 14:33:52.353  1225  1457 D MediaProvider: object removed 3112
07-06 14:33:52.545  1225  1457 D MediaProvider: object removed 1908
07-06 14:33:52.705  1225  1457 D MediaProvider: object removed 2854
07-06 14:33:52.857  1225  1457 D MediaProvider: object removed 3788
07-06 14:33:53.029  1225  1457 D MediaProvider: object removed 1468
07-06 14:33:53.061  1225  1408 D dalvikvm: GC_EXPLICIT freed 348K, 9% free 12213K/13383K, paused 3ms+4ms
07-06 14:33:53.197  1225  1457 D MediaProvider: object removed 2819
07-06 14:33:53.381  1225  1457 D MediaProvider: object removed 3533
07-06 14:33:53.592  1225  1457 D MediaProvider: object removed 2527
07-06 14:33:53.834   145   147 D dalvikvm: GC_CONCURRENT freed 1212K, 10% free 14410K/15879K, paused 7ms+5ms
07-06 14:33:53.850  1225  1457 D MediaProvider: object removed 3972
07-06 14:33:53.971  1225  1457 D MediaProvider: object removed 2931
07-06 14:33:54.146  1225  1457 D MediaProvider: object removed 1304
07-06 14:33:54.545  1225  1457 D MediaProvider: object removed 6710
07-06 14:33:55.057  1225  1457 D MediaProvider: object removed 1741
07-06 14:33:55.299  1225  1457 D MediaProvider: object removed 2692
07-06 14:33:55.521  1225  1457 D MediaProvider: object removed 3285
07-06 14:33:55.732  1225  1457 D MediaProvider: object removed 3405
07-06 14:33:55.912  1225  1457 D MediaProvider: object removed 3145
07-06 14:33:56.123  1225  1457 D MediaProvider: object removed 1874
07-06 14:33:56.268  1225  1457 D MediaProvider: object removed 2475
07-06 14:33:56.603  1225  1457 D MediaProvider: object removed 3160
07-06 14:33:56.807  1225  1457 D MediaProvider: object removed 2811
07-06 14:33:57.037  1225  1457 D MediaProvider: object removed 1418
07-06 14:33:57.205   145   199 D DhcpInfoInternal: makeLinkProperties with empty dns2!
07-06 14:33:57.232   145   199 D DhcpInfoInternal: makeLinkProperties with empty dns2!
07-06 14:33:57.451  1225  1457 D MediaProvider: object removed 3455
07-06 14:33:57.826    81   124 D AudioHardware: AudioHardware pcm playback is exiting standby.
07-06 14:33:57.826    81   124 D AudioHardware: openPcmOut_l() mPcmOpenCnt: 0
07-06 14:33:57.943  1225  1457 D MediaProvider: object removed 3261
07-06 14:33:58.158  1225  1457 D MediaProvider: object removed 3446
07-06 14:33:58.326  1225  1457 D MediaProvider: object removed 2549
07-06 14:33:58.482  1225  1457 D MediaProvider: object removed 2846
07-06 14:33:58.674  1225  1457 D MediaProvider: object removed 2639
07-06 14:33:58.713  1198  1272 D dalvikvm: GC_EXPLICIT freed 282K, 10% free 12916K/14215K, paused 9ms+5ms
07-06 14:33:58.779  1225  1457 D MediaProvider: object removed 3448
07-06 14:33:58.795  1225  1473 D dalvikvm: GC_EXPLICIT freed 351K, 9% free 12203K/13383K, paused 2ms+5ms
07-06 14:33:58.986  1225  1457 D MediaProvider: object removed 3556
07-06 14:33:59.193  1225  1457 D MediaProvider: object removed 2716
07-06 14:33:59.334  1225  1457 D MediaProvider: object removed 3238
07-06 14:33:59.506   344   344 D SAN_SERVICE: *******************************************
07-06 14:33:59.506   344   344 D SAN_SERVICE: DM App Phone Service State - 0
07-06 14:33:59.506   344   344 D SAN_SERVICE: *******************************************
07-06 14:33:59.670  1225  1457 D MediaProvider: object removed 2744
07-06 14:33:59.834  1225  1457 D MediaProvider: object removed 2626
07-06 14:33:59.986  1225  1457 D MediaProvider: object removed 3221
07-06 14:34:00.213   344   344 D SAN_SERVICE: *******************************************
07-06 14:34:00.213   344   344 D SAN_SERVICE: DM App Phone Service State - 0
07-06 14:34:00.213   344   344 D SAN_SERVICE: *******************************************
07-06 14:34:00.244  1225  1457 D MediaProvider: object removed 1586
07-06 14:34:00.404  1225  1457 D MediaProvider: object removed 3973
07-06 14:34:00.650  1225  1457 D MediaProvider: object removed 1349
07-06 14:34:00.900  1225  1457 D MediaProvider: object removed 2759
07-06 14:34:01.072  1225  1457 D MediaProvider: object removed 6653
07-06 14:34:01.158    81   124 D AudioHardware: AudioHardware pcm playback is going to standby.
07-06 14:34:01.158    81   124 D AudioHardware: closePcmOut_l() mPcmOpenCnt: 1
07-06 14:34:01.303  1225  1457 D MediaProvider: object removed 3418
07-06 14:34:01.436  1225  1457 D MediaProvider: object removed 3862
07-06 14:34:03.127   637   639 D dalvikvm: GC_CONCURRENT freed 1333K, 10% free 14023K/15495K, paused 319ms+7ms
07-06 14:34:03.279  1225  1457 D MediaProvider: object removed 1779
07-06 14:34:03.459  1225  1457 D MediaProvider: object removed 2765
07-06 14:34:03.654  1225  1457 D MediaProvider: object removed 3275
07-06 14:34:03.768  1225  1457 D MediaProvider: object removed 3858
07-06 14:34:04.014  1225  1457 D MediaProvider: object removed 3370
07-06 14:34:04.178  1225  1457 D MediaProvider: object removed 3298
07-06 14:34:04.373  1225  1457 D MediaProvider: object removed 3860
07-06 14:34:04.545  1225  1457 D MediaProvider: object removed 2636
07-06 14:34:04.584   344   344 D SAN_SERVICE: *******************************************
07-06 14:34:04.584   344   344 D SAN_SERVICE: DM App Phone Service State - 0
07-06 14:34:04.584   344   344 D SAN_SERVICE: *******************************************
07-06 14:34:04.705  1225  1408 D dalvikvm: GC_EXPLICIT freed 348K, 10% free 12179K/13383K, paused 2ms+4ms
07-06 14:34:04.728  1225  1457 D MediaProvider: object removed 3347
07-06 14:34:04.842  1225  1457 D MediaProvider: object removed 2620
07-06 14:34:05.041  1225  1457 D MediaProvider: object removed 2646
07-06 14:34:05.268  1225  1457 D MediaProvider: object removed 3058
07-06 14:34:05.494  1225  1457 D MediaProvider: object removed 7414
07-06 14:34:05.502   145   314 D dalvikvm: GC_EXPLICIT freed 665K, 10% free 14398K/15879K, paused 3ms+6ms
07-06 14:34:05.697  1225  1457 D MediaProvider: object removed 2546
07-06 14:34:05.756  1198  1272 D dalvikvm: GC_EXPLICIT freed 293K, 10% free 12917K/14215K, paused 5ms+5ms
07-06 14:34:05.814  1225  1457 D MediaProvider: object removed 3134
07-06 14:34:06.061  1225  1457 D MediaProvider: object removed 1831
07-06 14:34:06.236  1225  1457 D MediaProvider: object removed 2544
07-06 14:34:06.416  1225  1457 D MediaProvider: object removed 1980
07-06 14:34:06.596  1225  1457 D MediaProvider: object removed 3222
07-06 14:34:06.826  1225  1457 D MediaProvider: object removed 2698
07-06 14:34:07.033  1225  1457 D MediaProvider: object removed 3478
07-06 14:34:07.213  1225  1457 D MediaProvider: object removed 1386
07-06 14:34:07.385  1225  1457 D MediaProvider: object removed 3177
07-06 14:34:07.674  1225  1457 D MediaProvider: object removed 3743
07-06 14:34:07.928  1225  1457 D MediaProvider: object removed 6704
07-06 14:34:08.111  1225  1457 D MediaProvider: object removed 5210
07-06 14:34:08.357  1225  1457 D MediaProvider: object removed 7387
07-06 14:34:08.549  1225  1457 D MediaProvider: object removed 3844
07-06 14:34:08.740  1225  1457 D MediaProvider: object removed 2808
07-06 14:34:08.908  1225  1457 D MediaProvider: object removed 2580
07-06 14:34:09.092  1225  1457 D MediaProvider: object removed 2446
07-06 14:34:09.240  1225  1457 D MediaProvider: object removed 3799
07-06 14:34:09.275  1225  1323 D dalvikvm: GC_EXPLICIT freed 340K, 10% free 12172K/13383K, paused 3ms+4ms
07-06 14:34:09.482  1225  1457 D MediaProvider: object removed 2886
07-06 14:34:09.736   344   344 D SAN_SERVICE: *******************************************
07-06 14:34:09.736   344   344 D SAN_SERVICE: DM App Phone Service State - 0
07-06 14:34:09.736   344   344 D SAN_SERVICE: *******************************************
07-06 14:34:10.076  1225  1457 D MediaProvider: object removed 2542
07-06 14:34:10.322  1225  1457 D MediaProvider: object removed 3805
07-06 14:34:10.537  1225  1457 D MediaProvider: object removed 3227
07-06 14:34:12.326  1225  1457 D MediaProvider: object removed 2635
07-06 14:34:12.693  1225  1457 D MediaProvider: object removed 3778
07-06 14:34:12.705  1506  1508 D dalvikvm: GC_CONCURRENT freed 1168K, 10% free 12267K/13511K, paused 5ms+5ms
07-06 14:34:13.115  1225  1457 D MediaProvider: object removed 1829
07-06 14:34:13.307  1225  1457 D MediaProvider: object removed 1452
07-06 14:34:13.490  1225  1457 D MediaProvider: object removed 2597
07-06 14:34:13.549  1198  1269 D dalvikvm: GC_EXPLICIT freed 293K, 10% free 12914K/14215K, paused 3ms+4ms
07-06 14:34:13.611  1225  1457 D MediaProvider: object removed 3842
07-06 14:34:13.885  1225  1457 D MediaProvider: object removed 2946
07-06 14:34:14.021  1225  1457 D MediaProvider: object removed 3730
07-06 14:34:14.197  1225  1457 D MediaProvider: object removed 2710
07-06 14:34:14.357  1225  1457 D MediaProvider: object removed 3495
07-06 14:34:14.611  1225  1457 D MediaProvider: object removed 2666
07-06 14:34:14.811  1225  1457 D MediaProvider: object removed 5357
07-06 14:34:14.986  1225  1457 D MediaProvider: object removed 1792
07-06 14:34:15.170  1225  1457 D MediaProvider: object removed 1532
07-06 14:34:15.404  1225  1457 D MediaProvider: object removed 2584
07-06 14:34:15.623  1225  1457 D MediaProvider: object removed 3970
07-06 14:34:15.857  1225  1457 D MediaProvider: object removed 3052
07-06 14:34:15.877  1225  1238 D dalvikvm: GC_EXPLICIT freed 337K, 10% free 12157K/13383K, paused 3ms+8ms
07-06 14:34:16.002  1225  1457 D MediaProvider: object removed 2480
07-06 14:34:16.217  1225  1457 D MediaProvider: object removed 2953
07-06 14:34:16.377  1225  1457 D MediaProvider: object removed 2773
07-06 14:34:16.619  1225  1457 D MediaProvider: object removed 5221
07-06 14:34:16.842  1225  1457 D MediaProvider: object removed 2733
07-06 14:34:17.045  1225  1457 D MediaProvider: object removed 6640
07-06 14:34:17.283  1225  1457 D MediaProvider: object removed 2735
07-06 14:34:17.463  1225  1457 D MediaProvider: object removed 3712
07-06 14:34:17.639  1225  1457 D MediaProvider: object removed 2768
07-06 14:34:17.857  1225  1457 D MediaProvider: object removed 3605
07-06 14:34:18.025  1225  1457 D MediaProvider: object removed 3082
07-06 14:34:18.143  1225  1457 D MediaProvider: object removed 2726
07-06 14:34:18.404  1225  1457 D MediaProvider: object removed 2464
07-06 14:34:18.576  1225  1457 D MediaProvider: object removed 3253
07-06 14:34:18.717  1225  1457 D MediaProvider: object removed 2553
07-06 14:34:18.978  1225  1457 D MediaProvider: object removed 3969
07-06 14:34:19.154  1225  1457 D MediaProvider: object removed 2786
07-06 14:34:19.209  1198  1272 D dalvikvm: GC_EXPLICIT freed 283K, 10% free 12907K/14215K, paused 4ms+5ms
07-06 14:34:19.268  1225  1457 D MediaProvider: object removed 2723
07-06 14:34:19.471  1225  1457 D MediaProvider: object removed 2991
07-06 14:34:19.978  1225  1457 D MediaProvider: object removed 3501
07-06 14:34:20.002   344   344 D SAN_SERVICE: *******************************************
07-06 14:34:20.002   344   344 D SAN_SERVICE: DM App Phone Service State - 0
07-06 14:34:20.002   344   344 D SAN_SERVICE: *******************************************
07-06 14:34:20.475   344   344 D SAN_SERVICE: *******************************************
07-06 14:34:20.475   344   344 D SAN_SERVICE: DM App Phone Service State - 0
07-06 14:34:20.475   344   344 D SAN_SERVICE: *******************************************
07-06 14:34:20.889  1225  1457 D MediaProvider: object removed 3197
07-06 14:34:21.010  1225  1457 D MediaProvider: object removed 3699
07-06 14:34:21.232  1225  1457 D MediaProvider: object removed 2745
07-06 14:34:21.271  1225  1473 D dalvikvm: GC_EXPLICIT freed 348K, 10% free 12142K/13383K, paused 4ms+4ms
07-06 14:34:21.420  1225  1457 D MediaProvider: object removed 2615
07-06 14:34:21.643  1225  1457 D MediaProvider: object removed 1945
07-06 14:34:21.811  1225  1457 D MediaProvider: object removed 2481
07-06 14:34:22.068  1225  1457 D MediaProvider: object removed 2512
07-06 14:34:22.260  1225  1457 D MediaProvider: object removed 3673
07-06 14:34:22.662  1225  1457 D MediaProvider: object removed 3162
07-06 14:34:22.744   986   988 D dalvikvm: GC_CONCURRENT freed 507K, 7% free 10452K/11143K, paused 2ms+5ms
07-06 14:34:22.982  1412  1414 D dalvikvm: GC_CONCURRENT freed 820K, 9% free 10117K/11015K, paused 12ms+5ms
07-06 14:34:23.025  1225  1457 D MediaProvider: object removed 2684
07-06 14:34:23.205  1225  1457 D MediaProvider: object removed 7415
07-06 14:34:23.603  1225  1457 D MediaProvider: object removed 3879
07-06 14:34:25.131   344   344 D SAN_SERVICE: *******************************************
07-06 14:34:25.131   344   344 D SAN_SERVICE: DM App Phone Service State - 0
07-06 14:34:25.131   344   344 D SAN_SERVICE: *******************************************
07-06 14:34:25.514  1225  1457 D MediaProvider: object removed 2463
07-06 14:34:25.662  1225  1457 D MediaProvider: object removed 2722
07-06 14:34:25.951  1225  1457 D MediaProvider: object removed 3856
07-06 14:34:26.119  1225  1457 D MediaProvider: object removed 7395
07-06 14:34:26.311  1225  1457 D MediaProvider: object removed 6695
07-06 14:34:26.580  1225  1457 D MediaProvider: object removed 2445
07-06 14:34:26.697  1225  1457 D MediaProvider: object removed 2757
07-06 14:34:26.850  1225  1457 D MediaProvider: object removed 2451
07-06 14:34:27.025  1225  1457 D MediaProvider: object removed 3249
07-06 14:34:27.139  1225  1457 D MediaProvider: object removed 3559
07-06 14:34:27.361  1225  1457 D MediaProvider: object removed 3786
07-06 14:34:27.545  1225  1457 D MediaProvider: object removed 2587
07-06 14:34:27.791   145   147 D dalvikvm: GC_CONCURRENT freed 1209K, 10% free 14410K/15879K, paused 3ms+5ms
07-06 14:34:27.811  1225  1457 D MediaProvider: object removed 3852
07-06 14:34:27.853  1198  1217 D dalvikvm: GC_EXPLICIT freed 276K, 10% free 12915K/14215K, paused 4ms+5ms
07-06 14:34:27.959  1225  1457 D MediaProvider: object removed 2676
07-06 14:34:28.002  1225  1473 D dalvikvm: GC_EXPLICIT freed 351K, 10% free 12126K/13383K, paused 9ms+6ms
07-06 14:34:28.084  1225  1457 D MediaProvider: object removed 3428
07-06 14:34:28.193  1225  1457 D MediaProvider: object removed 1832
07-06 14:34:28.502  1225  1457 D MediaProvider: object removed 2541
07-06 14:34:28.693  1225  1457 D MediaProvider: object removed 3819
07-06 14:34:28.936  1225  1457 D MediaProvider: object removed 3106
07-06 14:34:29.103  1225  1457 D MediaProvider: object removed 2718
07-06 14:34:29.236  1225  1457 D MediaProvider: object removed 2505
07-06 14:34:29.400  1225  1457 D MediaProvider: object removed 3449
07-06 14:34:29.584  1225  1457 D MediaProvider: object removed 3608
07-06 14:34:29.846  1225  1457 D MediaProvider: object removed 6696
07-06 14:34:30.025  1225  1457 D MediaProvider: object removed 2555
07-06 14:34:30.143  1225  1457 D MediaProvider: object removed 7411
07-06 14:34:30.299  1225  1457 D MediaProvider: object removed 3503
07-06 14:34:32.170  1225  1457 D MediaProvider: object removed 1415
07-06 14:34:32.932  1225  1457 D MediaProvider: object removed 2545
07-06 14:34:33.111  1225  1457 D MediaProvider: object removed 2490
07-06 14:34:33.334  1225  1457 D MediaProvider: object removed 2914
07-06 14:34:33.502  1225  1457 D MediaProvider: object removed 1381
07-06 14:34:33.682  1225  1457 D MediaProvider: object removed 2521
07-06 14:34:33.850  1225  1457 D MediaProvider: object removed 3310
07-06 14:34:34.045  1225  1457 D MediaProvider: object removed 3010
07-06 14:34:34.291  1225  1457 D MediaProvider: object removed 3444
07-06 14:34:34.490  1225  1473 D dalvikvm: GC_EXPLICIT freed 352K, 10% free 12105K/13383K, paused 12ms+4ms
07-06 14:34:34.506  1225  1457 D MediaProvider: object removed 3504
07-06 14:34:34.576  1225  1457 D MediaProvider: object removed 7402
07-06 14:34:34.853  1225  1457 D MediaProvider: object removed 3749
07-06 14:34:35.021  1225  1457 D MediaProvider: object removed 3522
07-06 14:34:35.139  1225  1457 D MediaProvider: object removed 2486
07-06 14:34:35.166  1198  1269 D dalvikvm: GC_EXPLICIT freed 294K, 10% free 12922K/14215K, paused 3ms+9ms
07-06 14:34:35.291   145   394 D dalvikvm: GC_EXPLICIT freed 389K, 10% free 14392K/15879K, paused 3ms+6ms
07-06 14:34:35.381  1225  1457 D MediaProvider: object removed 7428
07-06 14:34:35.561  1225  1457 D MediaProvider: object removed 1574
07-06 14:34:35.748  1225  1457 D MediaProvider: object removed 2655
07-06 14:34:35.896  1225  1457 D MediaProvider: object removed 2658
07-06 14:34:36.076  1225  1457 D MediaProvider: object removed 2691
07-06 14:34:36.271  1225  1457 D MediaProvider: object removed 3088
07-06 14:34:36.463  1225  1457 D MediaProvider: object removed 2712
07-06 14:34:36.689  1225  1457 D MediaProvider: object removed 3184
07-06 14:34:36.920  1225  1457 D MediaProvider: object removed 3171
07-06 14:34:37.045  1225  1457 D MediaProvider: object removed 3461
07-06 14:34:37.166  1225  1457 D MediaProvider: object removed 3753
07-06 14:34:37.385  1225  1457 D MediaProvider: object removed 2569
07-06 14:34:37.584  1225  1457 D MediaProvider: object removed 3341
07-06 14:34:37.865  1225  1457 D MediaProvider: object removed 3642
07-06 14:34:38.193    81   124 D AudioHardware: AudioHardware pcm playback is exiting standby.
07-06 14:34:38.193    81   124 D AudioHardware: openPcmOut_l() mPcmOpenCnt: 0
07-06 14:34:38.197  1225  1457 D MediaProvider: object removed 2515
07-06 14:34:38.404  1225  1457 D MediaProvider: object removed 1686
07-06 14:34:38.627  1225  1457 D MediaProvider: object removed 2717
07-06 14:34:38.912  1225  1457 D MediaProvider: object removed 2590
07-06 14:34:39.088  1225  1457 D MediaProvider: object removed 1772
07-06 14:34:39.123  1225  1473 D dalvikvm: GC_EXPLICIT freed 341K, 10% free 12098K/13383K, paused 3ms+5ms
07-06 14:34:39.275  1225  1457 D MediaProvider: object removed 2699
07-06 14:34:39.443  1225  1457 D MediaProvider: object removed 3329
07-06 14:34:39.631  1225  1457 D MediaProvider: object removed 1926
07-06 14:34:39.830  1225  1457 D MediaProvider: object removed 1725
07-06 14:34:40.100  1225  1457 D MediaProvider: object removed 3228
07-06 14:34:40.420  1225  1457 D MediaProvider: object removed 2891
07-06 14:34:40.537   145   180 I ActivityManager: START {act=android.intent.action.MAIN cat=[android.intent.category.HOME] flg=0x10200000 cmp=com.android.launcher/com.android.launcher2.Launcher} from pid 145
07-06 14:34:40.768   215   217 D dalvikvm: GC_CONCURRENT freed 235K, 33% free 9860K/14663K, paused 2ms+5ms
07-06 14:34:40.978   637   637 W IInputConnectionWrapper: showStatusIcon on inactive InputConnection
07-06 14:34:40.978   145  1188 W InputManagerService: Starting input on non-focused client com.android.internal.view.IInputMethodClient$Stub$Proxy@4166b608 (uid=10068 pid=637)
07-06 14:34:41.014  1225  1457 D MediaProvider: object removed 2690
07-06 14:34:41.537    81   124 D AudioHardware: AudioHardware pcm playback is going to standby.
07-06 14:34:41.537    81   124 D AudioHardware: closePcmOut_l() mPcmOpenCnt: 1
07-06 14:34:41.850  1506  1743 D dalvikvm: GC_FOR_ALLOC freed 788K, 9% free 12371K/13511K, paused 66ms
07-06 14:34:41.850  1506  1743 I dalvikvm-heap: Grow heap (frag case) to 12.218MB for 67950-byte allocation
07-06 14:34:41.904  1506  1743 D dalvikvm: GC_FOR_ALLOC freed 72K, 10% free 12366K/13639K, paused 53ms
07-06 14:34:42.365  1225  1457 D MediaProvider: object removed 1564
07-06 14:34:42.561  1198  1269 D dalvikvm: GC_EXPLICIT freed 298K, 10% free 12908K/14215K, paused 17ms+4ms
07-06 14:34:42.588  1225  1457 D MediaProvider: object removed 2574
07-06 14:34:42.885  1506  1508 D dalvikvm: GC_CONCURRENT freed 1212K, 11% free 12269K/13639K, paused 3ms+5ms
07-06 14:34:42.932  1225  1457 D MediaProvider: object removed 3913
07-06 14:34:43.213  1225  1457 D MediaProvider: object removed 2508
07-06 14:34:43.322  1506  1508 D dalvikvm: GC_CONCURRENT freed 1068K, 10% free 12284K/13639K, paused 3ms+5ms
07-06 14:34:43.459  1225  1457 D MediaProvider: object removed 2769
07-06 14:34:43.627  1225  1457 D MediaProvider: object removed 1886
07-06 14:34:43.791  1225  1457 D MediaProvider: object removed 2461
07-06 14:34:43.955  1225  1457 D MediaProvider: object removed 2868
07-06 14:34:44.135  1225  1457 D MediaProvider: object removed 3914
07-06 14:34:45.670  1225  1457 D MediaProvider: object removed 3935
07-06 14:34:45.904  1506  1508 D dalvikvm: GC_CONCURRENT freed 1039K, 10% free 12333K/13639K, paused 2ms+5ms
07-06 14:34:45.978  1225  1457 D MediaProvider: object removed 2529
07-06 14:34:46.271  1225  1457 D MediaProvider: object removed 2756
07-06 14:34:46.432  1225  1457 D MediaProvider: object removed 6912
07-06 14:34:46.705  1225  1323 D dalvikvm: GC_EXPLICIT freed 337K, 10% free 12080K/13383K, paused 25ms+5ms
07-06 14:34:46.748  1225  1457 D MediaProvider: object removed 6701
07-06 14:34:46.904  1225  1457 D MediaProvider: object removed 2531
07-06 14:34:47.092  1225  1457 D MediaProvider: object removed 3289
07-06 14:34:47.291  1225  1457 D MediaProvider: object removed 2509
07-06 14:34:47.521  1225  1457 D MediaProvider: object removed 2606
07-06 14:34:47.728  1225  1457 D MediaProvider: object removed 3811
07-06 14:34:47.814   373  1747 D dalvikvm: GC_FOR_ALLOC freed 1276K, 17% free 11999K/14343K, paused 30ms
07-06 14:34:47.936   373  1747 D dalvikvm: GC_FOR_ALLOC freed 336K, 14% free 12343K/14343K, paused 26ms
07-06 14:34:47.936   373  1747 I dalvikvm-heap: Grow heap (frag case) to 12.685MB for 589840-byte allocation
07-06 14:34:47.971   373   373 D dalvikvm: GC_FOR_ALLOC freed <1K, 14% free 12918K/14983K, paused 24ms
07-06 14:34:48.084  1506  1508 D dalvikvm: GC_CONCURRENT freed 913K, 9% free 12525K/13639K, paused 56ms+26ms
07-06 14:34:48.111   145   145 I ActivityManager: Process com.google.android.talk (pid 1368) has died.
07-06 14:34:48.154   373  1747 D dalvikvm: GC_FOR_ALLOC freed 908K, 20% free 12062K/14983K, paused 41ms
07-06 14:34:48.236   373   378 D dalvikvm: GC_CONCURRENT freed 1K, 14% free 12965K/14983K, paused 11ms+7ms
07-06 14:34:48.564  1225  1457 D MediaProvider: object removed 2465
07-06 14:34:48.807   373   475 D dalvikvm: GC_FOR_ALLOC freed 1506K, 20% free 12093K/14983K, paused 74ms
07-06 14:34:48.963   145   380 I ActivityManager: Process com.android.email (pid 1563) has died.
07-06 14:34:49.006   373   475 D dalvikvm: GC_FOR_ALLOC freed 880K, 20% free 12000K/14983K, paused 23ms
07-06 14:34:49.225   373   378 D dalvikvm: GC_CONCURRENT freed 466K, 17% free 12515K/14983K, paused 3ms+3ms
07-06 14:34:49.314   373   509 D dalvikvm: GC_FOR_ALLOC freed 1142K, 19% free 12252K/14983K, paused 26ms
07-06 14:34:49.451   373   378 D dalvikvm: GC_CONCURRENT freed 8K, 12% free 13272K/14983K, paused 2ms+4ms
07-06 14:34:49.498   373  1663 D dalvikvm: GC_FOR_ALLOC freed 904K, 15% free 12762K/14983K, paused 26ms
07-06 14:34:49.654   373   378 D dalvikvm: GC_CONCURRENT freed 1304K, 16% free 12679K/14983K, paused 3ms+3ms
07-06 14:34:49.693  1225  1457 D MediaProvider: object removed 3521
07-06 14:34:49.881  1506  1508 D dalvikvm: GC_CONCURRENT freed 1383K, 11% free 12373K/13831K, paused 8ms+18ms
07-06 14:34:50.135  1225  1457 D MediaProvider: object removed 2643
07-06 14:34:50.346  1225  1457 D MediaProvider: object removed 3547
07-06 14:34:50.549  1225  1457 D MediaProvider: object removed 2771
07-06 14:34:50.557   145   394 I ActivityManager: START {act=android.intent.action.MAIN cat=[android.intent.category.LAUNCHER] flg=0x10200000 cmp=com.facebook.orca/.auth.StartScreenActivity} from pid 373
07-06 14:34:50.764   145   394 D dalvikvm: GC_FOR_ALLOC freed 890K, 10% free 14404K/15879K, paused 168ms
07-06 14:34:50.955   145   314 I ActivityManager: Process com.google.android.youtube (pid 1255) has died.
07-06 14:34:51.182   373   373 D OpenGLRenderer: Flushing caches (mode 1)
07-06 14:34:51.283  1225  1457 D MediaProvider: object removed 2982
07-06 14:34:51.295   145   161 I Process : Sending signal. PID: 1506 SIG: 3
07-06 14:34:51.295  1506  1511 I dalvikvm: threadid=3: reacting to signal 3
07-06 14:34:51.654  1506  1506 D dalvikvm: GC_FOR_ALLOC freed 729K, 10% free 12538K/13831K, paused 60ms
07-06 14:34:51.654  1506  1506 I dalvikvm-heap: Grow heap (frag case) to 12.372MB for 57616-byte allocation
07-06 14:34:51.721  1506  1511 I dalvikvm: Wrote stack traces to '/data/anr/traces.txt'
07-06 14:34:51.756  1506  1749 D dalvikvm: GC_FOR_ALLOC freed 101K, 11% free 12493K/13895K, paused 90ms
07-06 14:34:51.768  1225  1457 D MediaProvider: object removed 3649
07-06 14:34:51.795   145   161 I Process : Sending signal. PID: 1506 SIG: 3
07-06 14:34:51.795  1506  1511 I dalvikvm: threadid=3: reacting to signal 3
07-06 14:34:51.943  1506  1506 D dalvikvm: GC_FOR_ALLOC freed 65K, 11% free 12465K/13895K, paused 46ms
07-06 14:34:51.943  1506  1506 I dalvikvm-heap: Grow heap (frag case) to 12.280MB for 36880-byte allocation
07-06 14:34:51.947  1506  1511 I dalvikvm: Wrote stack traces to '/data/anr/traces.txt'
07-06 14:34:52.002  1506  1506 D dalvikvm: GC_FOR_ALLOC freed 0K, 11% free 12501K/13959K, paused 46ms
07-06 14:34:52.283  1225  1457 D MediaProvider: object removed 2586
07-06 14:34:52.291   145   161 I Process : Sending signal. PID: 1506 SIG: 3
07-06 14:34:52.291  1506  1511 I dalvikvm: threadid=3: reacting to signal 3
07-06 14:34:52.455  1506  1511 I dalvikvm: Wrote stack traces to '/data/anr/traces.txt'
07-06 14:34:52.783   215   215 V PhoneStatusBar: setLightsOn(true)
07-06 14:34:52.787   373   373 D OpenGLRenderer: Flushing caches (mode 0)
07-06 14:34:52.994  1506  1508 D dalvikvm: GC_CONCURRENT freed 896K, 9% free 12765K/13959K, paused 2ms+6ms
07-06 14:34:53.037   145   384 W InputManagerService: Starting input on non-focused client com.android.internal.view.IInputMethodClient$Stub$Proxy@417e6ac0 (uid=10026 pid=373)
07-06 14:34:53.053  1225  1457 D MediaProvider: object removed 1477
07-06 14:34:53.115  1198  1272 D dalvikvm: GC_EXPLICIT freed 290K, 10% free 12919K/14215K, paused 189ms+8ms
07-06 14:34:53.287  1225  1457 D MediaProvider: object removed 1688
07-06 14:34:53.353  1506  1675 D dalvikvm: GC_FOR_ALLOC freed 389K, 9% free 12858K/14087K, paused 47ms
07-06 14:34:53.353  1506  1675 I dalvikvm-heap: Grow heap (frag case) to 12.774MB for 152656-byte allocation
07-06 14:34:53.412  1506  1751 D dalvikvm: GC_FOR_ALLOC freed 4K, 9% free 13002K/14279K, paused 49ms
07-06 14:34:53.611  1225  1457 D MediaProvider: object removed 3432
07-06 14:34:53.771  1506  1675 D dalvikvm: GC_FOR_ALLOC freed 387K, 10% free 13072K/14407K, paused 47ms
07-06 14:34:53.791  1225  1457 D MediaProvider: object removed 1843
07-06 14:34:53.947  1506  1676 D dalvikvm: GC_FOR_ALLOC freed 316K, 10% free 13103K/14535K, paused 66ms
07-06 14:34:54.002  1506  1686 D dalvikvm: GC_FOR_ALLOC freed 42K, 9% free 13319K/14535K, paused 40ms
07-06 14:34:54.061  1225  1457 D MediaProvider: object removed 2719
07-06 14:34:54.115  1506  1676 D dalvikvm: GC_FOR_ALLOC freed 202K, 10% free 13432K/14791K, paused 39ms
07-06 14:34:54.178   145   157 I ActivityManager: START {cmp=com.facebook.orca/.threadview.ThreadViewActivity (has extras)} from pid 1506
07-06 14:34:54.256   145   157 D dalvikvm: GC_FOR_ALLOC freed 346K, 10% free 14386K/15879K, paused 59ms
07-06 14:34:54.486  1506  1673 D dalvikvm: GC_FOR_ALLOC freed 548K, 10% free 13556K/14983K, paused 51ms
07-06 14:34:54.498  1225  1457 D MediaProvider: object removed 3614
07-06 14:34:54.596  1506  1506 D dalvikvm: GC_FOR_ALLOC freed 170K, 8% free 13834K/14983K, paused 41ms
07-06 14:34:54.693  1506  1677 D dalvikvm: GC_FOR_ALLOC freed 255K, 9% free 14208K/15495K, paused 49ms
07-06 14:34:54.779   145   161 I Process : Sending signal. PID: 1506 SIG: 3
07-06 14:34:54.779  1506  1511 I dalvikvm: threadid=3: reacting to signal 3
07-06 14:34:54.803  1506  1511 I dalvikvm: Wrote stack traces to '/data/anr/traces.txt'
07-06 14:34:54.814  1225  1457 D MediaProvider: object removed 2507
07-06 14:34:55.006  1225  1236 D dalvikvm: GC_EXPLICIT freed 332K, 10% free 12068K/13383K, paused 2ms+5ms
07-06 14:34:55.049   215   215 V PhoneStatusBar: setLightsOn(true)
07-06 14:34:55.143   145   175 I ActivityManager: Displayed com.facebook.orca/.threadview.ThreadViewActivity: +865ms
07-06 14:34:55.178  1506  1506 D OpenGLRenderer: Flushing caches (mode 0)
07-06 14:34:55.256  1225  1457 D MediaProvider: object removed 3463
07-06 14:34:55.498  1225  1457 D MediaProvider: object removed 1767
07-06 14:34:55.514  1506  1508 D dalvikvm: GC_CONCURRENT freed 1371K, 10% free 14509K/16007K, paused 3ms+5ms
07-06 14:34:55.768  1225  1457 D MediaProvider: object removed 3985
07-06 14:34:55.807   344   344 D SAN_SERVICE: *******************************************
07-06 14:34:55.807   344   344 D SAN_SERVICE: DM App Phone Service State - 0
07-06 14:34:55.807   344   344 D SAN_SERVICE: *******************************************
07-06 14:34:55.932  1506  1508 D dalvikvm: GC_CONCURRENT freed 1606K, 11% free 14655K/16391K, paused 3ms+12ms
07-06 14:34:56.064   344   344 D SAN_SERVICE: *******************************************
07-06 14:34:56.068   344   344 D SAN_SERVICE: DM App Phone Service State - 0
07-06 14:34:56.068   344   344 D SAN_SERVICE: *******************************************
07-06 14:34:56.170  1225  1457 D MediaProvider: object removed 6655
07-06 14:34:56.322  1506  1508 D dalvikvm: GC_CONCURRENT freed 1765K, 12% free 14681K/16583K, paused 3ms+5ms
07-06 14:34:56.369  1225  1457 D MediaProvider: object removed 3328
07-06 14:34:56.553  1225  1457 D MediaProvider: object removed 3763
07-06 14:34:56.830  1225  1457 D MediaProvider: object removed 3609
07-06 14:34:57.018  1225  1457 D MediaProvider: object removed 6685
07-06 14:34:57.189  1225  1457 D MediaProvider: object removed 2489
07-06 14:34:57.436  1225  1457 D MediaProvider: object removed 3907
07-06 14:34:57.721  1225  1457 D MediaProvider: object removed 3004
07-06 14:34:57.928  1225  1457 D MediaProvider: object removed 3192
07-06 14:34:58.111  1225  1457 D MediaProvider: object removed 6663
07-06 14:34:58.361  1225  1457 D MediaProvider: object removed 1370
07-06 14:34:58.545  1225  1457 D MediaProvider: object removed 1920
07-06 14:34:58.803  1225  1457 D MediaProvider: object removed 3796
07-06 14:34:58.998  1225  1457 D MediaProvider: object removed 1950
07-06 14:34:59.162  1225  1457 D MediaProvider: object removed 2930
07-06 14:34:59.416  1225  1457 D MediaProvider: object removed 3578
07-06 14:34:59.611  1198  1269 D dalvikvm: GC_EXPLICIT freed 298K, 10% free 12924K/14215K, paused 3ms+5ms
07-06 14:34:59.631  1225  1457 D MediaProvider: object removed 3874
07-06 14:34:59.818  1225  1457 D MediaProvider: object removed 2579
07-06 14:35:00.061  1225  1457 D MediaProvider: object removed 2617
07-06 14:35:00.123  1225  1236 D dalvikvm: GC_EXPLICIT freed 344K, 10% free 12052K/13383K, paused 4ms+5ms
07-06 14:35:00.197  1225  1457 D MediaProvider: object removed 1351
07-06 14:35:00.416  1225  1457 D MediaProvider: object removed 2702
07-06 14:35:00.627  1225  1457 D MediaProvider: object removed 3579
07-06 14:35:00.869  1225  1457 D MediaProvider: object removed 2749
07-06 14:35:00.959   344   344 D SAN_SERVICE: *******************************************
07-06 14:35:00.959   344   344 D SAN_SERVICE: DM App Phone Service State - 0
07-06 14:35:00.959   344   344 D SAN_SERVICE: *******************************************
07-06 14:35:01.580  1225  1457 D MediaProvider: object removed 3548
07-06 14:35:01.830  1225  1457 D MediaProvider: object removed 2724
07-06 14:35:02.232  1225  1457 D MediaProvider: object removed 1551
07-06 14:35:02.420  1225  1457 D MediaProvider: object removed 2449
07-06 14:35:03.010   145   157 D dalvikvm: GC_EXPLICIT freed 649K, 10% free 14375K/15879K, paused 3ms+6ms
07-06 14:35:03.010  1225  1457 D MediaProvider: object removed 2514
07-06 14:35:03.232  1506  1508 D dalvikvm: GC_CONCURRENT freed 1744K, 12% free 14747K/16583K, paused 21ms+7ms
07-06 14:35:03.365  1151  1153 D dalvikvm: GC_CONCURRENT freed 1867K, 12% free 16602K/18823K, paused 9ms+10ms
07-06 14:35:03.428  1225  1457 D MediaProvider: object removed 2466
07-06 14:35:03.764  1151  1158 I dalvikvm: Jit: resizing JitTable from 8192 to 16384
07-06 14:35:03.893  1225  1457 D MediaProvider: object removed 2471
07-06 14:35:04.092  1225  1457 D MediaProvider: object removed 7427
07-06 14:35:06.428  1225  1457 D MediaProvider: object removed 5897
07-06 14:35:06.549  1506  1508 D dalvikvm: GC_CONCURRENT freed 1951K, 13% free 14749K/16775K, paused 3ms+5ms
07-06 14:35:06.978  1506  1513 I dalvikvm: Jit: resizing JitTable from 8192 to 16384
07-06 14:35:07.064  1506  1676 D dalvikvm: GC_FOR_ALLOC freed 669K, 10% free 15108K/16775K, paused 47ms
07-06 14:35:07.135  1225  1457 D MediaProvider: object removed 2577
07-06 14:35:07.299  1225  1457 D MediaProvider: object removed 2640
07-06 14:35:07.596  1225  1457 D MediaProvider: object removed 3971
07-06 14:35:07.600  1506  1677 D dalvikvm: GC_FOR_ALLOC freed 553K, 12% free 15265K/17159K, paused 59ms
07-06 14:35:07.803  1225  1457 D MediaProvider: object removed 2687
07-06 14:35:08.014  1225  1457 D MediaProvider: object removed 2945
07-06 14:35:08.252  1225  1457 D MediaProvider: object removed 7418
07-06 14:35:08.400   323   325 D dalvikvm: GC_CONCURRENT freed 1189K, 12% free 10021K/11335K, paused 7ms+7ms
07-06 14:35:08.416   323   323 D dalvikvm: GC_FOR_ALLOC freed 2K, 12% free 10019K/11335K, paused 14ms
07-06 14:35:08.416   323   323 I dalvikvm-heap: Grow heap (frag case) to 10.558MB for 739216-byte allocation
07-06 14:35:08.432   323   323 D dalvikvm: GC_FOR_ALLOC freed <1K, 6% free 10740K/11335K, paused 15ms
07-06 14:35:08.650   215   215 D dalvikvm: GC_FOR_ALLOC freed 513K, 34% free 9706K/14663K, paused 38ms
07-06 14:35:08.666   306   516 D androidNetworkLocationListeners: Still have listener com.google.android.location.internal.client.NetworkLocationClient$1@41340d60
07-06 14:35:08.728   215   217 D dalvikvm: GC_CONCURRENT freed 336K, 34% free 9815K/14663K, paused 2ms+2ms
07-06 14:35:08.830  1506  1506 D dalvikvm: GC_FOR_ALLOC freed 379K, 12% free 15254K/17159K, paused 90ms
07-06 14:35:08.830  1506  1506 I dalvikvm-heap: Grow heap (frag case) to 15.324MB for 372256-byte allocation
07-06 14:35:08.838   306   516 D androidNetworkLocationListeners: Still have listener com.google.android.location.internal.client.NetworkLocationClient$1@41340d60
07-06 14:35:08.889   215   217 D dalvikvm: GC_CONCURRENT freed 390K, 33% free 9868K/14663K, paused 2ms+8ms
07-06 14:35:08.932  1506  1515 D dalvikvm: GC_FOR_ALLOC freed 40K, 12% free 15577K/17543K, paused 81ms
07-06 14:35:09.221   215   217 D dalvikvm: GC_CONCURRENT freed 195K, 32% free 10089K/14663K, paused 3ms+5ms
07-06 14:35:09.361   215   217 D dalvikvm: GC_CONCURRENT freed 546K, 33% free 9944K/14663K, paused 2ms+15ms
07-06 14:35:09.455  1225  1473 D dalvikvm: GC_EXPLICIT freed 328K, 11% free 12039K/13383K, paused 2ms+4ms
07-06 14:35:09.533   344   344 D SAN_SERVICE: *******************************************
07-06 14:35:09.533   344   344 D SAN_SERVICE: DM App Phone Service State - 0
07-06 14:35:09.533   344   344 D SAN_SERVICE: *******************************************
07-06 14:35:09.650  1225  1457 D MediaProvider: object removed 2524
07-06 14:35:09.818   344   344 D SAN_SERVICE: *******************************************
07-06 14:35:09.818   344   344 D SAN_SERVICE: DM App Phone Service State - 0
07-06 14:35:09.818   344   344 D SAN_SERVICE: *******************************************
07-06 14:35:09.959  1225  1457 D MediaProvider: object removed 2688
07-06 14:35:10.033   344   344 D SAN_SERVICE: *******************************************
07-06 14:35:10.033   344   344 D SAN_SERVICE: DM App Phone Service State - 0
07-06 14:35:10.037   344   344 D SAN_SERVICE: *******************************************
07-06 14:35:10.080   306   530 D WifiLocator: Too many cache  misses. Need server request. hasLocation=0 noLocation=0 cacheMiss=2
07-06 14:35:10.080   306   530 D CellLocator: Primary cell miss in cache. Need server request.
07-06 14:35:10.103   306   518 I System.out: [INFO:393564]: LogSource: Running flush
07-06 14:35:10.103   306   520 I System.out: [INFO:393566]: LogSource: Sending payload [bytes=465]
07-06 14:35:10.123  1225  1457 D MediaProvider: object removed 1982
07-06 14:35:10.334  1225  1457 D MediaProvider: object removed 2537
07-06 14:35:10.404  1198  1217 D dalvikvm: GC_EXPLICIT freed 311K, 10% free 12925K/14215K, paused 11ms+19ms
07-06 14:35:10.639   306   307 D dalvikvm: GC_CONCURRENT freed 318K, 6% free 10126K/10759K, paused 80ms+7ms
07-06 14:35:10.639  1225  1457 D MediaProvider: object removed 1983
07-06 14:35:10.807   306   520 I System.out: [INFO:394268]: LogSource: Response [http=200,length=163]
07-06 14:35:10.814   306   518 I System.out: [INFO:394275]: LogSource: Read id 2, status code 200
07-06 14:35:10.865  1225  1457 D MediaProvider: object removed 2455
07-06 14:35:10.967   306   516 D androidNetworkLocationListeners: Still have listener com.google.android.location.internal.client.NetworkLocationClient$1@41340d60
07-06 14:35:11.201   215   215 D dalvikvm: GC_FOR_ALLOC freed 397K, 33% free 9913K/14663K, paused 18ms
07-06 14:35:11.260   215   217 D dalvikvm: GC_CONCURRENT freed 332K, 32% free 10062K/14663K, paused 1ms+3ms
07-06 14:35:11.299  1225  1457 D MediaProvider: object removed 2599
07-06 14:35:11.346   215   217 D dalvikvm: GC_CONCURRENT freed 467K, 32% free 10100K/14663K, paused 2ms+4ms
07-06 14:35:11.475  1225  1457 D MediaProvider: object removed 3905
07-06 14:35:11.682  1225  1457 D MediaProvider: object removed 1805
07-06 14:35:11.842  1225  1457 D MediaProvider: object removed 3840
07-06 14:35:12.166  1506  1508 D dalvikvm: GC_CONCURRENT freed 1626K, 10% free 16034K/17735K, paused 2ms+8ms
07-06 14:35:12.353  1225  1457 D MediaProvider: object removed 2913
07-06 14:35:12.654   306   307 D dalvikvm: GC_CONCURRENT freed 522K, 6% free 10115K/10759K, paused 3ms+15ms
07-06 14:35:13.330  1225  1457 D MediaProvider: object removed 3928
07-06 14:35:13.674  1225  1457 D MediaProvider: object removed 3404
07-06 14:35:13.701  1506  1508 D dalvikvm: GC_CONCURRENT freed 2258K, 14% free 15803K/18183K, paused 3ms+6ms
07-06 14:35:13.873  1225  1457 D MediaProvider: object removed 1461
07-06 14:35:14.018  1225  1457 D MediaProvider: object removed 3701
07-06 14:35:14.271  1225  1457 D MediaProvider: object removed 2504
07-06 14:35:14.428  1225  1457 D MediaProvider: object removed 1759
07-06 14:35:14.682  1225  1457 D MediaProvider: object removed 2711
07-06 14:35:14.771   344   344 D SAN_SERVICE: *******************************************
07-06 14:35:14.771   344   344 D SAN_SERVICE: DM App Phone Service State - 0
07-06 14:35:14.771   344   344 D SAN_SERVICE: *******************************************
07-06 14:35:14.932  1225  1457 D MediaProvider: object removed 7394
07-06 14:35:15.014   344   344 D SAN_SERVICE: *******************************************
07-06 14:35:15.018   344   344 D SAN_SERVICE: DM App Phone Service State - 0
07-06 14:35:15.018   344   344 D SAN_SERVICE: *******************************************
07-06 14:35:15.084  1225  1457 D MediaProvider: object removed 2660
07-06 14:35:15.217  1225  1457 D MediaProvider: object removed 2956
07-06 14:35:15.475  1225  1457 D MediaProvider: object removed 2672
07-06 14:35:15.748  1225  1457 D MediaProvider: object removed 2715
07-06 14:35:15.791  1225  1236 D dalvikvm: GC_EXPLICIT freed 338K, 11% free 12032K/13383K, paused 14ms+6ms
07-06 14:35:16.053  1225  1457 D MediaProvider: object removed 3103
07-06 14:35:16.189  1225  1457 D MediaProvider: object removed 3231
07-06 14:35:16.342  1225  1457 D MediaProvider: object removed 3687
07-06 14:35:16.451  1225  1457 D MediaProvider: object removed 2502
07-06 14:35:16.787  1225  1457 D MediaProvider: object removed 2685
07-06 14:35:17.131  1225  1457 D MediaProvider: object removed 3952
07-06 14:35:17.326  1225  1457 D MediaProvider: object removed 3494
07-06 14:35:17.471   427  1461 I PhoneLab-: Service Running
07-06 14:35:17.549   427  1461 I PhoneLab-LoggerService: app_37    1466  427   1436   1056  c00f181c 400107b4 S logcat
07-06 14:35:17.553   427  1461 I PhoneLab-LoggerService: Logcat pid from database 1466
07-06 14:35:17.553   427  1461 I PhoneLab-LoggerService: Logcat process found 1466
07-06 14:35:17.553   427  1461 I PhoneLab-LoggerService: Checking Threshold
07-06 14:35:17.553   427  1461 I PhoneLab-LoggerService: Starting to rename files
07-06 14:35:17.553   427  1461 I PhoneLab-LoggerService: Files found .. 2
07-06 14:35:17.639  1198  1272 D dalvikvm: GC_EXPLICIT freed 307K, 10% free 12915K/14215K, paused 2ms+5ms
07-06 14:35:17.646  1225  1457 D MediaProvider: object removed 1625
07-06 14:35:17.893  1225  1457 D MediaProvider: object removed 2960
07-06 14:35:18.768  1225  1457 D MediaProvider: object removed 3787
07-06 14:35:18.986  1225  1457 D MediaProvider: object removed 3745
07-06 14:35:19.240  1225  1457 D MediaProvider: object removed 1479
07-06 14:35:19.447  1225  1457 D MediaProvider: object removed 3480
07-06 14:35:19.717  1225  1457 D MediaProvider: object removed 3789
07-06 14:35:19.928  1225  1457 D MediaProvider: object removed 3126
07-06 14:35:20.092  1225  1457 D MediaProvider: object removed 2682
07-06 14:35:20.264  1225  1457 D MediaProvider: object removed 2662
07-06 14:35:20.525  1225  1457 D MediaProvider: object removed 2940
07-06 14:35:20.811  1225  1457 D MediaProvider: object removed 2686
07-06 14:35:21.018  1225  1457 D MediaProvider: object removed 1445
07-06 14:35:21.279  1225  1457 D MediaProvider: object removed 1379
07-06 14:35:21.443   344   344 D SAN_SERVICE: *******************************************
07-06 14:35:21.443   344   344 D SAN_SERVICE: DM App Phone Service State - 0
07-06 14:35:21.443   344   344 D SAN_SERVICE: *******************************************
07-06 14:35:21.549   986   988 D dalvikvm: GC_CONCURRENT freed 384K, 7% free 10454K/11143K, paused 5ms+4ms
07-06 14:35:21.619  1225  1238 D dalvikvm: GC_EXPLICIT freed 340K, 11% free 12015K/13383K, paused 40ms+4ms
07-06 14:35:21.670  1225  1457 D MediaProvider: object removed 2937
07-06 14:35:21.674  1412  1414 D dalvikvm: GC_CONCURRENT freed 384K, 8% free 10140K/11015K, paused 7ms+2ms
07-06 14:35:21.955   344   344 D SAN_SERVICE: *******************************************
07-06 14:35:21.955   344   344 D SAN_SERVICE: DM App Phone Service State - 0
07-06 14:35:21.955   344   344 D SAN_SERVICE: *******************************************
07-06 14:35:21.959  1225  1457 D MediaProvider: object removed 3359
07-06 14:35:22.080  1225  1457 D MediaProvider: object removed 3864
07-06 14:35:22.639  1225  1457 D MediaProvider: object removed 2604
07-06 14:35:22.877  1225  1457 D MediaProvider: object removed 6709
07-06 14:35:23.084  1225  1457 D MediaProvider: object removed 3183
07-06 14:35:23.291  1225  1457 D MediaProvider: object removed 2560
07-06 14:35:23.490  1225  1457 D MediaProvider: object removed 2501
07-06 14:35:23.736  1225  1457 D MediaProvider: object removed 3604
07-06 14:35:23.916  1225  1457 D MediaProvider: object removed 3717
07-06 14:35:24.076  1225  1457 D MediaProvider: object removed 5896
07-06 14:35:24.350  1225  1457 D MediaProvider: object removed 3995
07-06 14:35:24.627  1225  1457 D MediaProvider: object removed 5356
07-06 14:35:24.850  1225  1457 D MediaProvider: object removed 3243
07-06 14:35:24.912  1198  1269 D dalvikvm: GC_EXPLICIT freed 297K, 10% free 12917K/14215K, paused 2ms+4ms
07-06 14:35:24.967  1225  1457 D MediaProvider: object removed 3038
07-06 14:35:25.119  1225  1457 D MediaProvider: object removed 3327
07-06 14:35:25.361  1225  1457 D MediaProvider: object removed 2993
07-06 14:35:25.541  1225  1457 D MediaProvider: object removed 2923
07-06 14:35:25.728  1225  1457 D MediaProvider: object removed 2608
07-06 14:35:25.893  1225  1457 D MediaProvider: object removed 3854
07-06 14:35:26.111  1225  1457 D MediaProvider: object removed 3891
07-06 14:35:26.311  1225  1457 D MediaProvider: object removed 2927
07-06 14:35:26.334   145   147 D dalvikvm: GC_CONCURRENT freed 1188K, 10% free 14403K/15879K, paused 3ms+6ms
07-06 14:35:26.564  1225  1457 D MediaProvider: object removed 3543
07-06 14:35:26.627  1225  1323 D dalvikvm: GC_EXPLICIT freed 348K, 11% free 12004K/13383K, paused 11ms+5ms
07-06 14:35:26.682  1225  1457 D MediaProvider: object removed 2834
07-06 14:35:28.166  1225  1457 D MediaProvider: object removed 3515
07-06 14:35:28.357  1225  1457 D MediaProvider: object removed 2621
07-06 14:35:28.596  1225  1457 D MediaProvider: object removed 2632
07-06 14:35:28.760  1225  1457 D MediaProvider: object removed 7026
07-06 14:35:28.932  1225  1457 D MediaProvider: object removed 3560
07-06 14:35:29.158  1225  1457 D MediaProvider: object removed 1914
07-06 14:35:29.342   145   384 D dalvikvm: GC_EXPLICIT freed 155K, 10% free 14358K/15879K, paused 3ms+6ms
07-06 14:35:29.353  1225  1457 D MediaProvider: object removed 3906
07-06 14:35:29.553  1225  1457 D MediaProvider: object removed 3477
07-06 14:35:29.732  1225  1457 D MediaProvider: object removed 2468
07-06 14:35:29.846  1225  1457 D MediaProvider: object removed 3434
07-06 14:35:29.986   344   344 D SAN_SERVICE: *******************************************
07-06 14:35:29.986   344   344 D SAN_SERVICE: DM App Phone Service State - 0
07-06 14:35:29.986   344   344 D SAN_SERVICE: *******************************************
07-06 14:35:30.037   344   345 D dalvikvm: GC_CONCURRENT freed 440K, 6% free 9482K/10055K, paused 14ms+2ms
07-06 14:35:30.143  1225  1457 D MediaProvider: object removed 1880
07-06 14:35:30.283   344   344 D SAN_SERVICE: *******************************************
07-06 14:35:30.283   344   344 D SAN_SERVICE: DM App Phone Service State - 0
07-06 14:35:30.283   344   344 D SAN_SERVICE: *******************************************
07-06 14:35:30.381  1225  1457 D MediaProvider: object removed 2955
07-06 14:35:30.537  1225  1457 D MediaProvider: object removed 5384
07-06 14:35:30.768  1225  1457 D MediaProvider: object removed 1616
07-06 14:35:30.971   344   344 D SAN_SERVICE: *******************************************
07-06 14:35:30.971   344   344 D SAN_SERVICE: DM App Phone Service State - 0
07-06 14:35:30.971   344   344 D SAN_SERVICE: *******************************************
07-06 14:35:30.975  1225  1457 D MediaProvider: object removed 2566
07-06 14:35:31.111  1225  1457 D MediaProvider: object removed 3655
07-06 14:35:31.307  1225  1457 D MediaProvider: object removed 2738
07-06 14:35:31.553  1225  1457 D MediaProvider: object removed 2588
07-06 14:35:31.701  1225  1457 D MediaProvider: object removed 1526
07-06 14:35:31.740  1198  1272 D dalvikvm: GC_EXPLICIT freed 292K, 10% free 12916K/14215K, paused 3ms+5ms
07-06 14:35:31.822  1225  1457 D MediaProvider: object removed 2623
07-06 14:35:32.072  1225  1457 D MediaProvider: object removed 3624
07-06 14:35:32.252  1225  1457 D MediaProvider: object removed 3018
07-06 14:35:32.311  1225  1323 D dalvikvm: GC_EXPLICIT freed 350K, 11% free 11982K/13383K, paused 2ms+3ms
07-06 14:35:32.357  1225  1457 D MediaProvider: object removed 3107
07-06 14:35:32.623  1225  1457 D MediaProvider: object removed 7425
07-06 14:35:32.791  1225  1457 D MediaProvider: object removed 1570
07-06 14:35:32.928  1225  1457 D MediaProvider: object removed 3384
07-06 14:35:33.100  1225  1457 D MediaProvider: object removed 2889
07-06 14:35:33.353  1225  1457 D MediaProvider: object removed 1478
07-06 14:35:33.529  1225  1457 D MediaProvider: object removed 1697
07-06 14:35:33.744  1225  1457 D MediaProvider: object removed 2737
07-06 14:35:33.916  1225  1457 D MediaProvider: object removed 3726
07-06 14:35:34.092  1225  1457 D MediaProvider: object removed 2734
07-06 14:35:34.408  1225  1457 D MediaProvider: object removed 3643
07-06 14:35:34.572  1225  1457 D MediaProvider: object removed 3288
07-06 14:35:34.822  1225  1457 D MediaProvider: object removed 2498
07-06 14:35:35.092  1225  1457 D MediaProvider: object removed 3688
07-06 14:35:36.686  1225  1457 D MediaProvider: object removed 2663
07-06 14:35:37.096  1225  1457 D MediaProvider: object removed 7406
07-06 14:35:37.545  1506  1508 D dalvikvm: GC_CONCURRENT freed 1954K, 13% free 15897K/18183K, paused 72ms+13ms
07-06 14:35:38.939  1225  1457 D MediaProvider: object removed 2694
07-06 14:35:39.170  1225  1457 D MediaProvider: object removed 2679
07-06 14:35:39.490  1225  1457 D MediaProvider: object removed 3274
07-06 14:35:39.732  1225  1457 D MediaProvider: object removed 1953
07-06 14:35:40.182  1506  1508 D dalvikvm: GC_CONCURRENT freed 1956K, 13% free 15918K/18183K, paused 2ms+6ms
07-06 14:35:40.225  1225  1457 D MediaProvider: object removed 2582
07-06 14:35:40.436  1225  1457 D MediaProvider: object removed 2664
07-06 14:35:40.471  1225  1408 D dalvikvm: GC_EXPLICIT freed 341K, 11% free 11967K/13383K, paused 3ms+4ms
07-06 14:35:40.643  1225  1457 D MediaProvider: object removed 3338
07-06 14:35:40.822  1225  1457 D MediaProvider: object removed 3523
07-06 14:35:40.998  1225  1457 D MediaProvider: object removed 2845
07-06 14:35:41.045  1198  1217 D dalvikvm: GC_EXPLICIT freed 287K, 10% free 12918K/14215K, paused 7ms+5ms
07-06 14:35:41.111  1225  1457 D MediaProvider: object removed 3161
07-06 14:35:41.303  1225  1457 D MediaProvider: object removed 2821
07-06 14:35:41.607  1225  1457 D MediaProvider: object removed 3646
07-06 14:35:41.943  1225  1457 D MediaProvider: object removed 1428
07-06 14:35:42.252  1225  1457 D MediaProvider: object removed 3412
07-06 14:35:42.482  1225  1457 D MediaProvider: object removed 1887
07-06 14:35:42.811  1225  1457 D MediaProvider: object removed 3419
07-06 14:35:42.955  1225  1457 D MediaProvider: object removed 3358
07-06 14:35:43.123  1225  1457 D MediaProvider: object removed 2479
07-06 14:35:43.361  1225  1457 D MediaProvider: object removed 2869
07-06 14:35:43.537  1225  1457 D MediaProvider: object removed 1882
07-06 14:35:43.705  1225  1457 D MediaProvider: object removed 2533
07-06 14:35:44.174  1225  1457 D MediaProvider: object removed 2839
07-06 14:35:44.541  1506  1508 D dalvikvm: GC_CONCURRENT freed 1982K, 13% free 15983K/18183K, paused 55ms+6ms
07-06 14:35:44.580  1225  1457 D MediaProvider: object removed 2637
07-06 14:35:44.768  1225  1457 D MediaProvider: object removed 3079
07-06 14:35:45.103  1225  1457 D MediaProvider: object removed 2631
07-06 14:35:45.271  1225  1457 D MediaProvider: object removed 3379
07-06 14:35:45.287   344   344 D SAN_SERVICE: *******************************************
07-06 14:35:45.287   344   344 D SAN_SERVICE: DM App Phone Service State - 0
07-06 14:35:45.287   344   344 D SAN_SERVICE: *******************************************
07-06 14:35:45.443  1225  1457 D MediaProvider: object removed 2457
07-06 14:35:45.568   344   344 D SAN_SERVICE: *******************************************
07-06 14:35:45.568   344   344 D SAN_SERVICE: DM App Phone Service State - 0
07-06 14:35:45.568   344   344 D SAN_SERVICE: *******************************************
07-06 14:35:45.654  1225  1236 D dalvikvm: GC_EXPLICIT freed 333K, 11% free 11962K/13383K, paused 4ms+5ms
07-06 14:35:46.146   344   344 D SAN_SERVICE: *******************************************
07-06 14:35:46.146   344   344 D SAN_SERVICE: DM App Phone Service State - 0
07-06 14:35:46.146   344   344 D SAN_SERVICE: *******************************************
07-06 14:35:46.213  1506  1751 D dalvikvm: GC_FOR_ALLOC freed 422K, 13% free 15994K/18183K, paused 51ms
07-06 14:35:46.213  1506  1751 I dalvikvm-heap: Grow heap (frag case) to 15.757MB for 68456-byte allocation
07-06 14:35:46.275  1506  1520 D dalvikvm: GC_FOR_ALLOC freed 44K, 13% free 16016K/18311K, paused 48ms
07-06 14:35:46.424  1225  1457 D MediaProvider: object removed 3529
07-06 14:35:47.123  1225  1457 D MediaProvider: object removed 3677
07-06 14:35:47.475  1506  1508 D dalvikvm: GC_CONCURRENT freed 2084K, 13% free 15959K/18311K, paused 5ms+6ms
07-06 14:35:47.580  1225  1457 D MediaProvider: object removed 2525
07-06 14:35:47.736  1225  1457 D MediaProvider: object removed 2855
07-06 14:35:47.920  1225  1457 D MediaProvider: object removed 2513
07-06 14:35:48.103  1225  1457 D MediaProvider: object removed 3339
07-06 14:35:48.275  1225  1457 D MediaProvider: object removed 2853
07-06 14:35:48.490  1225  1457 D MediaProvider: object removed 2844
07-06 14:35:48.568  1198  1272 D dalvikvm: GC_EXPLICIT freed 297K, 10% free 12912K/14215K, paused 2ms+5ms
07-06 14:35:48.611  1225  1457 D MediaProvider: object removed 2047
07-06 14:35:48.904  1225  1457 D MediaProvider: object removed 6662
07-06 14:35:49.256  1225  1457 D MediaProvider: object removed 3678
07-06 14:35:49.408  1506  1508 D dalvikvm: GC_CONCURRENT freed 1966K, 13% free 16040K/18311K, paused 2ms+5ms
07-06 14:35:49.686  1225  1457 D MediaProvider: object removed 3307
07-06 14:35:49.896  1225  1457 D MediaProvider: object removed 2777
07-06 14:35:50.119  1225  1457 D MediaProvider: object removed 3718
07-06 14:35:50.361  1225  1457 D MediaProvider: object removed 2629
07-06 14:35:50.564  1225  1457 D MediaProvider: object removed 3861
07-06 14:35:50.787  1225  1457 D MediaProvider: object removed 2467
07-06 14:35:50.959  1225  1457 D MediaProvider: object removed 3576
07-06 14:35:51.201  1225  1457 D MediaProvider: object removed 2762
07-06 14:35:51.432  1225  1457 D MediaProvider: object removed 2487
07-06 14:35:51.713  1225  1457 D MediaProvider: object removed 2470
07-06 14:35:52.217  1225  1457 D MediaProvider: object removed 2750
07-06 14:35:52.381  1225  1457 D MediaProvider: object removed 3957
07-06 14:35:52.549  1225  1408 D dalvikvm: GC_EXPLICIT freed 350K, 11% free 11948K/13383K, paused 4ms+5ms
07-06 14:35:52.572  1225  1457 D MediaProvider: object removed 2642
07-06 14:35:52.740  1225  1457 D MediaProvider: object removed 1517
07-06 14:35:53.146  1225  1457 D MediaProvider: object removed 7416
07-06 14:35:53.459  1225  1457 D MediaProvider: object removed 1554
07-06 14:35:53.584  1225  1457 D MediaProvider: object removed 2483
07-06 14:35:53.771  1225  1457 D MediaProvider: object removed 1372
07-06 14:35:54.018  1225  1457 D MediaProvider: object removed 1998
07-06 14:35:54.209  1225  1457 D MediaProvider: object removed 3302
07-06 14:35:54.447  1225  1457 D MediaProvider: object removed 2824
07-06 14:35:54.635   145   147 D dalvikvm: GC_CONCURRENT freed 1192K, 10% free 14378K/15879K, paused 9ms+5ms
07-06 14:35:54.861  1225  1457 D MediaProvider: object removed 7400
07-06 14:35:55.018  1506  1508 D dalvikvm: GC_CONCURRENT freed 1863K, 12% free 16225K/18311K, paused 2ms+8ms
07-06 14:35:55.209  1225  1457 D MediaProvider: object removed 3411
07-06 14:35:55.545   344   344 D SAN_SERVICE: *******************************************
07-06 14:35:55.545   344   344 D SAN_SERVICE: DM App Phone Service State - 0
07-06 14:35:55.545   344   344 D SAN_SERVICE: *******************************************
07-06 14:35:55.693  1225  1457 D MediaProvider: object removed 3524
07-06 14:35:56.217  1198  1272 D dalvikvm: GC_EXPLICIT freed 289K, 10% free 12917K/14215K, paused 4ms+5ms
07-06 14:35:57.033  1225  1457 D MediaProvider: object removed 3408
07-06 14:35:57.271  1225  1457 D MediaProvider: object removed 6706
07-06 14:35:57.557  1506  1508 D dalvikvm: GC_CONCURRENT freed 1956K, 12% free 16344K/18375K, paused 2ms+9ms
07-06 14:35:57.576  1225  1457 D MediaProvider: object removed 2000
07-06 14:35:57.818  1225  1457 D MediaProvider: object removed 3520
07-06 14:35:58.393  1225  1457 D MediaProvider: object removed 1444
07-06 14:35:58.619  1506  1508 D dalvikvm: GC_CONCURRENT freed 2181K, 13% free 16127K/18439K, paused 2ms+7ms
07-06 14:35:58.619  1225  1457 D MediaProvider: object removed 3623
07-06 14:35:58.818  1225  1457 D MediaProvider: object removed 3843
07-06 14:35:59.014  1225  1457 D MediaProvider: object removed 1844
07-06 14:35:59.170  1225  1457 D MediaProvider: object removed 2830
07-06 14:35:59.318  1225  1473 D dalvikvm: GC_EXPLICIT freed 335K, 11% free 11932K/13383K, paused 6ms+5ms
07-06 14:35:59.350  1225  1457 D MediaProvider: object removed 3634
07-06 14:35:59.592  1225  1457 D MediaProvider: object removed 3150
07-06 14:35:59.768  1225  1457 D MediaProvider: object removed 2990
07-06 14:35:59.951  1225  1457 D MediaProvider: object removed 2628
07-06 14:36:00.158  1225  1457 D MediaProvider: object removed 3964
07-06 14:36:00.557  1225  1457 D MediaProvider: object removed 3896
07-06 14:36:00.959  1506  1508 D dalvikvm: GC_CONCURRENT freed 1973K, 13% free 16150K/18439K, paused 2ms+15ms
07-06 14:36:01.018  1225  1457 D MediaProvider: object removed 2825
07-06 14:36:01.514  1225  1457 D MediaProvider: object removed 2516
07-06 14:36:01.787  1225  1457 D MediaProvider: object removed 3577
07-06 14:36:01.947  1225  1457 D MediaProvider: object removed 3552
07-06 14:36:02.084   145   394 D dalvikvm: GC_EXPLICIT freed 329K, 10% free 14364K/15879K, paused 3ms+6ms
07-06 14:36:02.182  1225  1457 D MediaProvider: object removed 6644
07-06 14:36:02.346   344   344 D SAN_SERVICE: *******************************************
07-06 14:36:02.346   344   344 D SAN_SERVICE: DM App Phone Service State - 0
07-06 14:36:02.346   344   344 D SAN_SERVICE: *******************************************
07-06 14:36:02.393  1225  1457 D MediaProvider: object removed 2488
07-06 14:36:02.650  1225  1457 D MediaProvider: object removed 2443
07-06 14:36:02.811  1225  1457 D MediaProvider: object removed 3546
07-06 14:36:02.986  1225  1457 D MediaProvider: object removed 2949
07-06 14:36:03.174  1225  1457 D MediaProvider: object removed 2973
07-06 14:36:03.420  1225  1457 D MediaProvider: object removed 6699
07-06 14:36:03.627  1225  1457 D MediaProvider: object removed 3651
07-06 14:36:03.822  1225  1457 D MediaProvider: object removed 2984
07-06 14:36:03.885  1198  1217 D dalvikvm: GC_EXPLICIT freed 294K, 10% free 12922K/14215K, paused 6ms+5ms
07-06 14:36:04.025  1225  1457 D MediaProvider: object removed 2831
07-06 14:36:04.275  1225  1457 D MediaProvider: object removed 3041
07-06 14:36:04.553  1225  1457 D MediaProvider: object removed 2713
07-06 14:36:04.768  1225  1457 D MediaProvider: object removed 3600
07-06 14:36:04.803  1225  1238 D dalvikvm: GC_EXPLICIT freed 350K, 11% free 11913K/13383K, paused 7ms+4ms
07-06 14:36:04.955  1225  1457 D MediaProvider: object removed 2484
07-06 14:36:05.174  1225  1457 D MediaProvider: object removed 3744
07-06 14:36:05.373  1225  1457 D MediaProvider: object removed 3000
07-06 14:36:05.615  1225  1457 D MediaProvider: object removed 3991
07-06 14:36:05.787  1225  1457 D MediaProvider: object removed 2556
07-06 14:36:05.959  1225  1457 D MediaProvider: object removed 5211
07-06 14:36:06.143  1225  1457 D MediaProvider: object removed 3567
07-06 14:36:06.416  1225  1457 D MediaProvider: object removed 3798
07-06 14:36:06.650  1225  1457 D MediaProvider: object removed 2818
07-06 14:36:07.311  1225  1457 D MediaProvider: object removed 2453
07-06 14:36:07.494   344   344 D SAN_SERVICE: *******************************************
07-06 14:36:07.494   344   344 D SAN_SERVICE: DM App Phone Service State - 0
07-06 14:36:07.494   344   344 D SAN_SERVICE: *******************************************
07-06 14:36:07.592  1225  1457 D MediaProvider: object removed 2703
07-06 14:36:07.756  1225  1457 D MediaProvider: object removed 1282
07-06 14:36:08.420  1225  1457 D MediaProvider: object removed 3846
07-06 14:36:10.639  1225  1457 D MediaProvider: object removed 3812
07-06 14:36:11.049  1225  1457 D MediaProvider: object removed 2500
07-06 14:36:11.213  1225  1457 D MediaProvider: object removed 1289
07-06 14:36:11.490  1225  1457 D MediaProvider: object removed 3104
07-06 14:36:12.283  1225  1457 D MediaProvider: object removed 1938
07-06 14:36:12.420  1506  1508 D dalvikvm: GC_CONCURRENT freed 1847K, 12% free 16351K/18439K, paused 3ms+14ms
07-06 14:36:12.830  1225  1457 D MediaProvider: object removed 2665
07-06 14:36:13.127  1225  1457 D MediaProvider: object removed 2538
07-06 14:36:13.295  1225  1238 D dalvikvm: GC_EXPLICIT freed 335K, 12% free 11895K/13383K, paused 4ms+28ms
07-06 14:36:13.303  1225  1457 D MediaProvider: object removed 2904
07-06 14:36:13.475  1225  1457 D MediaProvider: object removed 2447
07-06 14:36:13.627  1198  1217 D dalvikvm: GC_EXPLICIT freed 300K, 10% free 12921K/14215K, paused 7ms+4ms
07-06 14:36:13.834  1506  1508 D dalvikvm: GC_CONCURRENT freed 2184K, 13% free 16244K/18503K, paused 3ms+8ms
07-06 14:36:13.861  1225  1457 D MediaProvider: object removed 2583
07-06 14:36:14.260  1225  1457 D MediaProvider: object removed 2781
07-06 14:36:14.529  1225  1457 D MediaProvider: object removed 1291
07-06 14:36:14.725  1225  1457 D MediaProvider: object removed 3841
07-06 14:36:14.889  1225  1457 D MediaProvider: object removed 3278
07-06 14:36:15.064  1225  1457 D MediaProvider: object removed 1440
07-06 14:36:15.365  1225  1457 D MediaProvider: object removed 3510
07-06 14:36:16.240  1225  1457 D MediaProvider: object removed 2971
07-06 14:36:16.400  1225  1457 D MediaProvider: object removed 3143
07-06 14:36:16.580  1225  1457 D MediaProvider: object removed 1816
07-06 14:36:16.768  1225  1457 D MediaProvider: object removed 3738
07-06 14:36:16.994  1225  1457 D MediaProvider: object removed 3387
07-06 14:36:17.119  1225  1457 D MediaProvider: object removed 3816
07-06 14:36:17.287  1225  1457 D MediaProvider: object removed 2883
07-06 14:36:17.420  1225  1457 D MediaProvider: object removed 3406
07-06 14:36:17.561  1225  1457 D MediaProvider: object removed 2557
07-06 14:36:17.717   344   344 D SAN_SERVICE: *******************************************
07-06 14:36:17.717   344   344 D SAN_SERVICE: DM App Phone Service State - 0
07-06 14:36:17.717   344   344 D SAN_SERVICE: *******************************************
07-06 14:36:17.756  1225  1457 D MediaProvider: object removed 3886
07-06 14:36:18.006  1225  1457 D MediaProvider: object removed 2856
07-06 14:36:18.146  1225  1457 D MediaProvider: object removed 2570
07-06 14:36:18.295  1225  1457 D MediaProvider: object removed 3084
07-06 14:36:18.443  1225  1457 D MediaProvider: object removed 1327
07-06 14:36:18.646  1225  1457 D MediaProvider: object removed 1280
07-06 14:36:18.678  1225  1323 D dalvikvm: GC_EXPLICIT freed 341K, 12% free 11890K/13383K, paused 2ms+4ms
07-06 14:36:18.951  1225  1457 D MediaProvider: object removed 1758
07-06 14:36:19.131  1225  1457 D MediaProvider: object removed 3683
07-06 14:36:19.291  1225  1457 D MediaProvider: object removed 1575
07-06 14:36:19.557  1225  1457 D MediaProvider: object removed 2558
07-06 14:36:19.779  1225  1457 D MediaProvider: object removed 2708
07-06 14:36:19.912  1225  1457 D MediaProvider: object removed 3109
07-06 14:36:19.928  1198  1269 D dalvikvm: GC_EXPLICIT freed 297K, 10% free 12907K/14215K, paused 2ms+8ms
07-06 14:36:20.080  1225  1457 D MediaProvider: object removed 1636
07-06 14:36:20.350  1225  1457 D MediaProvider: object removed 2822
07-06 14:36:20.541  1225  1457 D MediaProvider: object removed 7392
07-06 14:36:20.725  1225  1457 D MediaProvider: object removed 6665
07-06 14:36:20.971  1225  1457 D MediaProvider: object removed 2543
07-06 14:36:21.189  1225  1457 D MediaProvider: object removed 2565
07-06 14:36:21.791  1225  1457 D MediaProvider: object removed 3558
07-06 14:36:22.107  1225  1457 D MediaProvider: object removed 3526
07-06 14:36:22.240   145   199 D DhcpInfoInternal: makeLinkProperties with empty dns2!
07-06 14:36:22.240   145   199 D DhcpInfoInternal: makeLinkProperties with empty dns2!
07-06 14:36:22.674  1225  1457 D MediaProvider: object removed 3582
07-06 14:36:22.971   344   344 D SAN_SERVICE: *******************************************
07-06 14:36:22.971   344   344 D SAN_SERVICE: DM App Phone Service State - 0
07-06 14:36:22.971   344   344 D SAN_SERVICE: *******************************************
07-06 14:36:23.049  1225  1457 D MediaProvider: object removed 3061
07-06 14:36:23.303  1225  1457 D MediaProvider: object removed 3652
07-06 14:36:23.482  1225  1457 D MediaProvider: object removed 2689
07-06 14:36:23.670  1225  1457 D MediaProvider: object removed 2534
07-06 14:36:26.088  1225  1457 D MediaProvider: object removed 3319
07-06 14:36:26.447  1225  1457 D MediaProvider: object removed 1281
07-06 14:36:26.932  1225  1473 D dalvikvm: GC_EXPLICIT freed 342K, 12% free 11874K/13383K, paused 44ms+4ms
07-06 14:36:26.955  1225  1457 D MediaProvider: object removed 1944
07-06 14:36:27.275  1506  1508 D dalvikvm: JIT code cache reset in 9 ms (1048504 bytes 1/0)
07-06 14:36:27.303   145   147 D dalvikvm: GC_CONCURRENT freed 1182K, 10% free 14398K/15879K, paused 10ms+10ms
07-06 14:36:27.346  1506  1508 D dalvikvm: GC_CONCURRENT freed 1929K, 12% free 16429K/18503K, paused 3ms+29ms
07-06 14:36:27.400  1225  1457 D MediaProvider: object removed 2494
07-06 14:36:27.678  1225  1457 D MediaProvider: object removed 2469
07-06 14:36:27.838  1225  1457 D MediaProvider: object removed 2459
07-06 14:36:27.990   344   344 D SAN_SERVICE: *******************************************
07-06 14:36:27.990   344   344 D SAN_SERVICE: DM App Phone Service State - 0
07-06 14:36:27.990   344   344 D SAN_SERVICE: *******************************************
07-06 14:36:28.428  1225  1457 D MediaProvider: object removed 2697
07-06 14:36:28.646   215   217 D dalvikvm: GC_CONCURRENT freed 685K, 33% free 9870K/14663K, paused 1ms+9ms
07-06 14:36:29.201  1225  1457 D MediaProvider: object removed 2736
07-06 14:36:29.252   215   215 V PhoneStatusBar: setLightsOn(true)
07-06 14:36:29.584  1506  1508 D dalvikvm: GC_CONCURRENT freed 2203K, 13% free 16289K/18567K, paused 55ms+8ms
07-06 14:36:29.666   323   325 D dalvikvm: GC_CONCURRENT freed 1220K, 12% free 10032K/11399K, paused 9ms+6ms
07-06 14:36:29.709  1506  1506 D OpenGLRenderer: Flushing caches (mode 0)
07-06 14:36:29.803  1225  1457 D MediaProvider: object removed 2001
07-06 14:36:30.244  1225  1457 D MediaProvider: object removed 1512
07-06 14:36:30.666  1506  1508 D dalvikvm: GC_CONCURRENT freed 2072K, 13% free 16264K/18567K, paused 2ms+13ms
07-06 14:36:31.014  1225  1457 D MediaProvider: object removed 2607
07-06 14:36:31.033   145  1188 D dalvikvm: GC_EXPLICIT freed 305K, 10% free 14372K/15879K, paused 8ms+6ms
07-06 14:36:31.287  1225  1457 D MediaProvider: object removed 3653
07-06 14:36:31.311  1198  1217 D dalvikvm: GC_EXPLICIT freed 293K, 10% free 12919K/14215K, paused 3ms+5ms
07-06 14:36:31.494  1225  1457 D MediaProvider: object removed 3204
07-06 14:36:31.529   145  1187 I ActivityManager: START {cmp=com.facebook.orca/.threadview.ThreadViewActivity (has extras)} from pid 1506
07-06 14:36:31.635   344   344 D SAN_SERVICE: *******************************************
07-06 14:36:31.635   344   344 D SAN_SERVICE: DM App Phone Service State - 0
07-06 14:36:31.635   344   344 D SAN_SERVICE: *******************************************
07-06 14:36:31.814   215   215 V PhoneStatusBar: setLightsOn(true)
07-06 14:36:32.150   145   161 I Process : Sending signal. PID: 1506 SIG: 3
07-06 14:36:32.150  1506  1511 I dalvikvm: threadid=3: reacting to signal 3
07-06 14:36:32.193  1225  1457 D MediaProvider: object removed 3727
07-06 14:36:32.338  1506  1511 I dalvikvm: Wrote stack traces to '/data/anr/traces.txt'
07-06 14:36:32.373  1506  1508 D dalvikvm: GC_CONCURRENT freed 1597K, 10% free 16715K/18567K, paused 3ms+13ms
07-06 14:36:32.564   145   175 I ActivityManager: Displayed com.facebook.orca/.threadview.ThreadViewActivity: +915ms
07-06 14:36:32.576  1506  1506 D OpenGLRenderer: Flushing caches (mode 0)
07-06 14:36:32.771  1225  1457 D MediaProvider: object removed 2497
07-06 14:36:33.080  1225  1457 D MediaProvider: object removed 7413
07-06 14:36:33.260  1225  1457 D MediaProvider: object removed 2916
07-06 14:36:33.447  1225  1457 D MediaProvider: object removed 3839
07-06 14:36:33.775  1225  1457 D MediaProvider: object removed 1449
07-06 14:36:33.936  1225  1457 D MediaProvider: object removed 3229
07-06 14:36:34.170  1225  1238 D dalvikvm: GC_EXPLICIT freed 318K, 12% free 11861K/13383K, paused 2ms+4ms
07-06 14:36:34.322  1225  1457 D MediaProvider: object removed 2918
07-06 14:36:34.725  1225  1457 D MediaProvider: object removed 2761
07-06 14:36:34.990  1225  1457 D MediaProvider: object removed 3215
07-06 14:36:35.896  1225  1457 D MediaProvider: object removed 2878
07-06 14:36:36.635  1225  1457 D MediaProvider: object removed 2776
07-06 14:36:36.818  1225  1457 D MediaProvider: object removed 3364
07-06 14:36:37.053  1225  1457 D MediaProvider: object removed 3679
07-06 14:36:37.287  1225  1457 D MediaProvider: object removed 3992
07-06 14:36:37.498  1225  1457 D MediaProvider: object removed 3422
07-06 14:36:37.689  1225  1457 D MediaProvider: object removed 3071
07-06 14:36:37.885   145  1189 D dalvikvm: GC_FOR_ALLOC freed 446K, 10% free 14367K/15879K, paused 67ms
07-06 14:36:37.924   215   215 V PhoneStatusBar: setLightsOn(true)
07-06 14:36:38.014  1506  1506 D OpenGLRenderer: Flushing caches (mode 0)
07-06 14:36:38.080  1225  1457 D MediaProvider: object removed 2595
07-06 14:36:38.322   145   157 D dalvikvm: GC_FOR_ALLOC freed 177K, 10% free 14362K/15879K, paused 63ms
07-06 14:36:38.498  1225  1457 D MediaProvider: object removed 3824
07-06 14:36:38.568   145   912 W InputManagerService: Starting input on non-focused client com.android.internal.view.IInputMethodClient$Stub$Proxy@417dc8c8 (uid=10062 pid=1506)
07-06 14:36:38.717   373  1664 D dalvikvm: GC_FOR_ALLOC freed 1284K, 19% free 12268K/14983K, paused 82ms
07-06 14:36:38.830   145   161 I Process : Sending signal. PID: 373 SIG: 3
07-06 14:36:38.830   373   382 I dalvikvm: threadid=3: reacting to signal 3
07-06 14:36:39.107  1225  1457 D MediaProvider: object removed 1305
07-06 14:36:39.139   373  1664 D dalvikvm: GC_FOR_ALLOC freed 896K, 20% free 11995K/14983K, paused 25ms
07-06 14:36:39.252   373   378 D dalvikvm: GC_CONCURRENT freed 2K, 14% free 12897K/14983K, paused 2ms+20ms
07-06 14:36:39.330   145   161 I Process : Sending signal. PID: 373 SIG: 3
07-06 14:36:39.666   373   382 I dalvikvm: Wrote stack traces to '/data/anr/traces.txt'
07-06 14:36:39.666   373   382 I dalvikvm: threadid=3: reacting to signal 3
07-06 14:36:39.795   373   382 I dalvikvm: Wrote stack traces to '/data/anr/traces.txt'
07-06 14:36:39.830   145   161 I Process : Sending signal. PID: 373 SIG: 3
07-06 14:36:39.830   373   382 I dalvikvm: threadid=3: reacting to signal 3
07-06 14:36:39.842   373   382 I dalvikvm: Wrote stack traces to '/data/anr/traces.txt'
07-06 14:36:39.857  1506  1506 D OpenGLRenderer: Flushing caches (mode 0)
07-06 14:36:39.947  1225  1457 D MediaProvider: object removed 7391
07-06 14:36:40.189   373  1747 D dalvikvm: GC_FOR_ALLOC freed 1044K, 18% free 12428K/14983K, paused 187ms
07-06 14:36:40.318  1225  1457 D MediaProvider: object removed 3497
07-06 14:36:40.330   145   314 I ActivityManager: Process com.android.calendar (pid 1101) has died.
07-06 14:36:40.381   373   378 D dalvikvm: GC_CONCURRENT freed 1177K, 18% free 12386K/14983K, paused 3ms+4ms
07-06 14:36:40.662  1225  1457 D MediaProvider: object removed 1545
07-06 14:36:40.842  1225  1457 D MediaProvider: object removed 3356
07-06 14:36:40.928  1198  1272 D dalvikvm: GC_EXPLICIT freed 306K, 10% free 12929K/14215K, paused 4ms+11ms
07-06 14:36:41.045  1225  1457 D MediaProvider: object removed 2548
07-06 14:36:41.178  1225  1457 D MediaProvider: object removed 5899
07-06 14:36:41.330  1225  1457 D MediaProvider: object removed 7401
07-06 14:36:41.506  1225  1457 D MediaProvider: object removed 2915
07-06 14:36:41.736  1506  1506 D OpenGLRenderer: Flushing caches (mode 1)
07-06 14:36:41.771  1225  1457 D MediaProvider: object removed 3672
07-06 14:36:41.842  1225  1473 D dalvikvm: GC_EXPLICIT freed 345K, 12% free 11847K/13383K, paused 4ms+4ms
07-06 14:36:41.881  1225  1457 D MediaProvider: object removed 1552
07-06 14:36:42.041  1225  1457 D MediaProvider: object removed 3737
07-06 14:36:42.283  1225  1457 D MediaProvider: object removed 2596
07-06 14:36:42.353   145   172 I power   : *** set_screen_state 0
07-06 14:36:42.424    78   121 D SurfaceFlinger: About to give-up screen, flinger = 0x1eda918
07-06 14:36:42.537   145   173 D dalvikvm: GC_FOR_ALLOC freed 379K, 10% free 14411K/15879K, paused 70ms
07-06 14:36:42.658   145   176 D dalvikvm: GC_FOR_ALLOC freed 38K, 9% free 14528K/15879K, paused 57ms
07-06 14:36:42.721   145   176 D dalvikvm: GC_FOR_ALLOC freed 3K, 9% free 14631K/16007K, paused 55ms
07-06 14:36:42.744  1225  1457 D MediaProvider: object removed 3385
07-06 14:36:42.916   145   176 D dalvikvm: GC_FOR_ALLOC freed 12K, 9% free 14738K/16135K, paused 110ms
07-06 14:36:43.006   145   176 D dalvikvm: GC_FOR_ALLOC freed 4K, 9% free 14839K/16263K, paused 83ms
07-06 14:36:43.076   145   176 D dalvikvm: GC_FOR_ALLOC freed 1K, 9% free 15046K/16391K, paused 59ms
07-06 14:36:43.096   145   176 V TransportControlView: Create TCV com.android.internal.widget.TransportControlView@418b4398
07-06 14:36:43.146   215   215 D PhoneStatusBar: disable: < expand icons alerts ticker system_info back home RECENT* clock >
07-06 14:36:43.162   215   215 D PhoneStatusBar: disable: < expand icons alerts ticker system_info BACK* HOME* RECENT CLOCK* >
07-06 14:36:43.506  1225  1457 D MediaProvider: object removed 3260
07-06 14:36:43.912  1225  1457 D MediaProvider: object removed 6689
07-06 14:36:44.088  1225  1457 D MediaProvider: object removed 1451
07-06 14:36:44.275  1225  1457 D MediaProvider: object removed 3263
07-06 14:36:44.436  1225  1457 D MediaProvider: object removed 2799
07-06 14:36:44.572  1225  1457 D MediaProvider: object removed 3821
07-06 14:36:45.033  1225  1457 D MediaProvider: object removed 3713
07-06 14:36:45.268  1225  1457 D MediaProvider: object removed 2450
07-06 14:36:45.455  1225  1457 D MediaProvider: object removed 2758
07-06 14:36:45.725  1225  1457 D MediaProvider: object removed 1714
07-06 14:36:45.850  1225  1457 D MediaProvider: object removed 3235
07-06 14:36:46.123  1225  1457 D MediaProvider: object removed 2472
07-06 14:36:46.396  1225  1457 D MediaProvider: object removed 3855
07-06 14:36:47.939  1225  1457 D MediaProvider: object removed 2848
07-06 14:36:48.166  1225  1457 D MediaProvider: object removed 7426
07-06 14:36:48.377  1225  1457 D MediaProvider: object removed 6916
07-06 14:36:48.576  1225  1457 D MediaProvider: object removed 3281
07-06 14:36:48.744  1225  1473 D dalvikvm: GC_EXPLICIT freed 337K, 12% free 11828K/13383K, paused 2ms+3ms
07-06 14:36:48.775  1225  1457 D MediaProvider: object removed 2600
07-06 14:36:48.951  1225  1457 D MediaProvider: object removed 1845
07-06 14:36:48.990  1198  1217 D dalvikvm: GC_EXPLICIT freed 300K, 10% free 12915K/14215K, paused 2ms+5ms
07-06 14:36:49.119  1225  1457 D MediaProvider: object removed 1821
07-06 14:36:49.299  1225  1457 D MediaProvider: object removed 2860
07-06 14:36:49.471  1225  1457 D MediaProvider: object removed 2519
07-06 14:36:49.650  1225  1457 D MediaProvider: object removed 3797
07-06 14:36:49.896  1225  1457 D MediaProvider: object removed 2654
07-06 14:36:50.100  1225  1457 D MediaProvider: object removed 3479
07-06 14:36:50.240  1225  1457 D MediaProvider: object removed 6680
07-06 14:36:50.424  1225  1457 D MediaProvider: object removed 2874
07-06 14:36:50.654  1225  1457 D MediaProvider: object removed 2948
07-06 14:36:50.822  1225  1457 D MediaProvider: object removed 3895
07-06 14:36:51.092  1225  1457 D MediaProvider: object removed 3234
07-06 14:36:51.275  1225  1457 D MediaProvider: object removed 3264
07-06 14:36:51.400  1225  1457 D MediaProvider: object removed 2474
07-06 14:36:51.682  1225  1457 D MediaProvider: object removed 7407
07-06 14:36:51.889  1225  1457 D MediaProvider: object removed 6688
07-06 14:36:52.150  1225  1457 D MediaProvider: object removed 3016
07-06 14:36:52.303  1225  1457 D MediaProvider: object removed 1353
07-06 14:36:52.486  1225  1457 D MediaProvider: object removed 3994
07-06 14:36:52.643  1225  1457 D MediaProvider: object removed 3030
07-06 14:36:52.900  1225  1457 D MediaProvider: object removed 2732
07-06 14:36:53.068  1225  1457 D MediaProvider: object removed 2675
07-06 14:36:53.365  1225  1238 D dalvikvm: GC_EXPLICIT freed 341K, 12% free 11822K/13383K, paused 2ms+4ms
07-06 14:36:53.408  1225  1457 D MediaProvider: object removed 3580
07-06 14:36:53.674  1225  1457 D MediaProvider: object removed 2747
07-06 14:36:53.881  1225  1457 D MediaProvider: object removed 1946
07-06 14:36:54.053  1225  1457 D MediaProvider: object removed 6657
07-06 14:36:54.603  1225  1457 D MediaProvider: object removed 7424
07-06 14:36:54.885  1225  1457 D MediaProvider: object removed 6692
07-06 14:36:55.072  1198  1217 D dalvikvm: GC_EXPLICIT freed 287K, 10% free 12907K/14215K, paused 2ms+4ms
07-06 14:36:55.092  1225  1457 D MediaProvider: object removed 2572
07-06 14:36:55.256  1225  1457 D MediaProvider: object removed 3392
07-06 14:36:56.533  1225  1457 D MediaProvider: object removed 3654
07-06 14:36:57.408  1225  1457 D MediaProvider: object removed 6913
07-06 14:36:57.646  1225  1457 D MediaProvider: object removed 1556
07-06 14:36:57.853  1225  1457 D MediaProvider: object removed 3142
07-06 14:36:57.990  1225  1457 D MediaProvider: object removed 2551
07-06 14:36:58.166  1225  1457 D MediaProvider: object removed 2624
07-06 14:36:58.490  1225  1457 D MediaProvider: object removed 3450
07-06 14:36:58.654  1225  1457 D MediaProvider: object removed 3904
07-06 14:36:58.850  1225  1457 D MediaProvider: object removed 3397
07-06 14:36:59.021  1225  1457 D MediaProvider: object removed 3007
07-06 14:36:59.225  1225  1457 D MediaProvider: object removed 1825
07-06 14:37:00.084  1225  1457 D MediaProvider: object removed 3276
07-06 14:37:00.248  1225  1457 D MediaProvider: object removed 2727
07-06 14:37:00.447  1225  1457 D MediaProvider: object removed 6915
07-06 14:37:00.619  1225  1457 D MediaProvider: object removed 3125
07-06 14:37:00.861  1225  1473 D dalvikvm: GC_EXPLICIT freed 349K, 12% free 11806K/13383K, paused 2ms+4ms
07-06 14:37:00.893  1225  1457 D MediaProvider: object removed 2709
07-06 14:37:01.025  1225  1457 D MediaProvider: object removed 3435
07-06 14:37:01.213  1225  1457 D MediaProvider: object removed 3152
07-06 14:37:01.404  1225  1457 D MediaProvider: object removed 2867
07-06 14:37:01.666  1225  1457 D MediaProvider: object removed 2838
07-06 14:37:01.908  1225  1457 D MediaProvider: object removed 2460
07-06 14:37:02.174  1225  1457 D MediaProvider: object removed 2478
07-06 14:37:02.357  1225  1457 D MediaProvider: object removed 3930
07-06 14:37:02.529  1225  1457 D MediaProvider: object removed 2454
07-06 14:37:02.799  1225  1457 D MediaProvider: object removed 3583
07-06 14:37:03.053  1225  1457 D MediaProvider: object removed 3337
07-06 14:37:03.221  1198  1217 D dalvikvm: GC_EXPLICIT freed 276K, 10% free 12911K/14215K, paused 2ms+4ms
07-06 14:37:03.264  1225  1457 D MediaProvider: object removed 3357
07-06 14:37:03.389   145  1184 D dalvikvm: GC_EXPLICIT freed 1008K, 8% free 15231K/16519K, paused 3ms+6ms
07-06 14:37:03.459  1225  1457 D MediaProvider: object removed 2919
07-06 14:37:03.646  1225  1457 D MediaProvider: object removed 3584
07-06 14:37:03.853  1225  1457 D MediaProvider: object removed 2554
07-06 14:37:04.064  1225  1457 D MediaProvider: object removed 3193
07-06 14:37:04.291  1225  1457 D MediaProvider: object removed 3029
07-06 14:37:04.478  1225  1457 D MediaProvider: object removed 1316
07-06 14:37:04.732  1225  1457 D MediaProvider: object removed 3060
07-06 14:37:04.998  1225  1457 D MediaProvider: object removed 2528
07-06 14:37:05.232  1225  1457 D MediaProvider: object removed 3172
07-06 14:37:05.494  1225  1457 D MediaProvider: object removed 7410
07-06 14:37:05.678  1225  1457 D MediaProvider: object removed 1872
07-06 14:37:05.775  1225  1236 D dalvikvm: GC_EXPLICIT freed 347K, 12% free 11790K/13383K, paused 2ms+5ms
07-06 14:37:06.701  1225  1457 D MediaProvider: object removed 3813
07-06 14:37:06.881  1225  1457 D MediaProvider: object removed 3585
07-06 14:37:07.053  1225  1457 D MediaProvider: object removed 1939
07-06 14:37:07.248  1225  1457 D MediaProvider: object removed 2458
07-06 14:37:07.502  1225  1457 D MediaProvider: object removed 2648
07-06 14:37:07.744  1225  1457 D MediaProvider: object removed 7419
07-06 14:37:07.939  1225  1457 D MediaProvider: object removed 5898
07-06 14:37:08.166  1225  1457 D MediaProvider: object removed 2575
07-06 14:37:08.369  1225  1457 D MediaProvider: object removed 3212
07-06 14:37:08.580  1225  1457 D MediaProvider: object removed 7412
07-06 14:37:08.771  1225  1457 D MediaProvider: object removed 3944
07-06 14:37:10.088  1225  1457 D MediaProvider: object removed 3628
07-06 14:37:10.268  1225  1457 D MediaProvider: object removed 3166
07-06 14:37:10.443  1225  1457 D MediaProvider: object removed 3386
07-06 14:37:10.689  1225  1457 D MediaProvider: object removed 3373
07-06 14:37:10.896  1225  1457 D MediaProvider: object removed 2616
07-06 14:37:11.057  1198  1272 D dalvikvm: GC_EXPLICIT freed 273K, 10% free 12912K/14215K, paused 2ms+4ms
07-06 14:37:11.088  1225  1457 D MediaProvider: object removed 2917
07-06 14:37:11.228  1225  1457 D MediaProvider: object removed 1417
07-06 14:37:11.471  1225  1457 D MediaProvider: object removed 2535
07-06 14:37:11.646  1225  1457 D MediaProvider: object removed 5177
07-06 14:37:11.838  1225  1457 D MediaProvider: object removed 1716
07-06 14:37:12.021  1225  1457 D MediaProvider: object removed 2645
07-06 14:37:12.311  1225  1457 D MediaProvider: object removed 3399
07-06 14:37:12.353  1225  1794 D dalvikvm: GC_EXPLICIT freed 352K, 13% free 11772K/13383K, paused 8ms+4ms
07-06 14:37:12.420  1225  1457 D MediaProvider: object removed 3447
07-06 14:37:12.607  1225  1457 D MediaProvider: object removed 3851
07-06 14:37:12.830  1225  1457 D MediaProvider: object removed 3286
07-06 14:37:12.998  1225  1457 D MediaProvider: object removed 1689
07-06 14:37:13.170  1225  1457 D MediaProvider: object removed 1710
07-06 14:37:13.404  1225  1457 D MediaProvider: object removed 1541
07-06 14:37:13.615  1225  1457 D MediaProvider: object removed 2924
07-06 14:37:13.869  1225  1457 D MediaProvider: object removed 2462
07-06 14:37:14.080  1225  1457 D MediaProvider: object removed 2522
07-06 14:37:14.275  1225  1457 D MediaProvider: object removed 2947
07-06 14:37:14.478  1225  1457 D MediaProvider: object removed 1537
07-06 14:37:14.736  1225  1457 D MediaProvider: object removed 3734
07-06 14:37:14.994  1225  1457 D MediaProvider: object removed 7403
07-06 14:37:15.213  1225  1457 D MediaProvider: object removed 2644
07-06 14:37:15.416  1225  1457 D MediaProvider: object removed 1629
07-06 14:37:15.623  1225  1457 D MediaProvider: object removed 2625
07-06 14:37:15.838  1225  1457 D MediaProvider: object removed 2741
07-06 14:37:17.295  1225  1457 D MediaProvider: object removed 1711
07-06 14:37:17.459   427  1461 I PhoneLab-: Service Running
07-06 14:37:17.502   344   344 D SAN_SERVICE: *******************************************
07-06 14:37:17.502   344   344 D SAN_SERVICE: DM App Phone Service State - 0
07-06 14:37:17.502   344   344 D SAN_SERVICE: *******************************************
07-06 14:37:17.533  1225  1457 D MediaProvider: object removed 3625
07-06 14:37:17.764   344   344 D SAN_SERVICE: *******************************************
07-06 14:37:17.764   344   344 D SAN_SERVICE: DM App Phone Service State - 0
07-06 14:37:17.764   344   344 D SAN_SERVICE: *******************************************
07-06 14:37:17.814   427  1461 I PhoneLab-LoggerService: app_37    1466  427   1436   1056  c00f181c 400107b4 S logcat
07-06 14:37:17.814   427  1461 I PhoneLab-LoggerService: Logcat pid from database 1466
07-06 14:37:17.814   427  1461 I PhoneLab-LoggerService: Logcat process found 1466
07-06 14:37:17.814   427  1461 I PhoneLab-LoggerService: Checking Threshold
07-06 14:37:17.818   427  1461 I PhoneLab-LoggerService: Starting to rename files
07-06 14:37:17.818   427  1461 I PhoneLab-LoggerService: Files found .. 2
07-06 14:37:17.846  1225  1457 D MediaProvider: object removed 2729
07-06 14:37:18.010  1225  1457 D MediaProvider: object removed 1677
07-06 14:37:18.228  1198  1217 D dalvikvm: GC_EXPLICIT freed 282K, 10% free 12914K/14215K, paused 2ms+4ms
07-06 14:37:18.260  1225  1457 D MediaProvider: object removed 6677
07-06 14:37:18.451  1225  1408 D dalvikvm: GC_EXPLICIT freed 348K, 13% free 11760K/13383K, paused 5ms+4ms
07-06 14:37:18.475   344   344 D SAN_SERVICE: *******************************************
07-06 14:37:18.475   344   344 D SAN_SERVICE: DM App Phone Service State - 0
07-06 14:37:18.475   344   344 D SAN_SERVICE: *******************************************
07-06 14:37:18.478  1225  1457 D MediaProvider: object removed 7404
07-06 14:37:19.791  1225  1457 D MediaProvider: object removed 3742
07-06 14:37:19.967  1225  1457 D MediaProvider: object removed 2939
07-06 14:37:20.139  1225  1457 D MediaProvider: object removed 2661
07-06 14:37:20.412  1225  1457 D MediaProvider: object removed 2700
07-06 14:37:20.592  1225  1457 D MediaProvider: object removed 2995
07-06 14:37:21.803  1225  1457 D MediaProvider: object removed 3890
07-06 14:37:22.100  1225  1457 D MediaProvider: object removed 3831
07-06 14:37:22.303  1225  1457 D MediaProvider: object removed 2695
07-06 14:37:22.537  1225  1457 D MediaProvider: object removed 3144
07-06 14:37:22.768  1225  1457 D MediaProvider: object removed 2652
07-06 14:37:23.006  1225  1457 D MediaProvider: object removed 1806
07-06 14:37:23.025   986   988 D dalvikvm: GC_CONCURRENT freed 503K, 7% free 10463K/11143K, paused 2ms+3ms
07-06 14:37:23.396  1412  1414 D dalvikvm: GC_CONCURRENT freed 487K, 8% free 10157K/11015K, paused 16ms+25ms
07-06 14:37:23.428  1225  1457 D MediaProvider: object removed 2444
07-06 14:37:23.678  1225  1457 D MediaProvider: object removed 2677
07-06 14:37:23.853  1225  1457 D MediaProvider: object removed 3400
07-06 14:37:24.041  1225  1457 D MediaProvider: object removed 1576
07-06 14:37:24.252  1225  1457 D MediaProvider: object removed 3847
07-06 14:37:24.275   344   344 D SAN_SERVICE: *******************************************
07-06 14:37:24.275   344   344 D SAN_SERVICE: DM App Phone Service State - 0
07-06 14:37:24.275   344   344 D SAN_SERVICE: *******************************************
07-06 14:37:24.455  1225  1457 D MediaProvider: object removed 2573
07-06 14:37:24.662  1225  1457 D MediaProvider: object removed 2938
07-06 14:37:24.893  1225  1457 D MediaProvider: object removed 3284
07-06 14:37:25.045  1225  1457 D MediaProvider: object removed 2568
07-06 14:37:25.232  1225  1457 D MediaProvider: object removed 3396
07-06 14:37:25.428  1225  1457 D MediaProvider: object removed 2493
07-06 14:37:25.459  1225  1408 D dalvikvm: GC_EXPLICIT freed 345K, 13% free 11739K/13383K, paused 6ms+4ms
07-06 14:37:25.967  1225  1457 D MediaProvider: object removed 3881
07-06 14:37:26.232  1225  1457 D MediaProvider: object removed 2985
07-06 14:37:26.408  1225  1457 D MediaProvider: object removed 3019
07-06 14:37:26.588  1225  1457 D MediaProvider: object removed 1380
07-06 14:37:26.627  1198  1217 D dalvikvm: GC_EXPLICIT freed 279K, 10% free 12922K/14215K, paused 2ms+5ms
07-06 14:37:26.760  1225  1457 D MediaProvider: object removed 2767
07-06 14:37:26.978  1225  1457 D MediaProvider: object removed 2721
07-06 14:37:27.166  1225  1457 D MediaProvider: object removed 6914
07-06 14:37:27.385  1225  1457 D MediaProvider: object removed 2452
07-06 14:37:27.596  1225  1457 D MediaProvider: object removed 3300
07-06 14:37:28.256   145   384 I ActivityManager: Process android.process.media (pid 1225) has died.
07-06 14:37:28.424   145   314 I ActivityManager: Start proc android.process.media for content provider com.android.providers.media/.MediaProvider: pid=1798 uid=10012 gids={1015, 1023, 1024, 2001, 3003, 3007}
07-06 14:37:28.572   145   176 I power   : *** set_screen_state 1
07-06 14:37:28.795    78   121 D SurfaceFlinger: Screen about to return, flinger = 0x1eda918
07-06 14:37:28.826  1798  1798 I ActivityThread: Pub downloads: com.android.providers.downloads.DownloadProvider
07-06 14:37:28.896   145   176 I WindowManager: Lock screen displayed!
07-06 14:37:28.936  1798  1798 I ActivityThread: Pub drm: com.android.providers.drm.DrmProvider
07-06 14:37:28.936  1798  1813 I DownloadManager: in removeSpuriousFiles
07-06 14:37:28.994  1798  1813 I DownloadManager: in removeSpuriousFiles, preserving file /data/data/com.android.providers.downloads/cache/metadata.json
07-06 14:37:28.998  1798  1813 I DownloadManager: in removeSpuriousFiles, preserving file /data/data/com.android.providers.downloads/cache/en_general.htm
07-06 14:37:28.998  1798  1813 I DownloadManager: in removeSpuriousFiles, preserving file /mnt/sdcard/Download/img-thing.jpeg
07-06 14:37:28.998  1798  1813 I DownloadManager: in removeSpuriousFiles, preserving file /data/data/com.android.providers.downloads/cache/metadata-1.json
07-06 14:37:28.998  1798  1813 I DownloadManager: in removeSpuriousFiles, preserving file /data/data/com.android.providers.downloads/cache/downloadfile.jpeg
07-06 14:37:28.998  1798  1813 I DownloadManager: in removeSpuriousFiles, preserving file /data/data/com.android.providers.downloads/cache/metadata-2.json
07-06 14:37:28.998  1798  1813 I DownloadManager: in removeSpuriousFiles, preserving file /data/data/com.android.providers.downloads/cache/metadata-3.json
07-06 14:37:28.998  1798  1813 I DownloadManager: in removeSpuriousFiles, preserving file /data/data/com.android.providers.downloads/cache/downloadfile-1.jpeg
07-06 14:37:28.998  1798  1813 I DownloadManager: in removeSpuriousFiles, preserving file /data/data/com.android.providers.downloads/cache/downloadfile-2.jpeg
07-06 14:37:28.998  1798  1813 I DownloadManager: in removeSpuriousFiles, preserving file /data/data/com.android.providers.downloads/cache/metadata-4.json
07-06 14:37:29.002  1798  1798 I ActivityThread: Pub media: com.android.providers.media.MediaProvider
07-06 14:37:29.010  1798  1813 I DownloadManager: deleting spurious file /cache/backup
07-06 14:37:29.385  1798  1799 D dalvikvm: GC_CONCURRENT freed 368K, 5% free 9163K/9607K, paused 9ms+8ms
07-06 14:37:29.748   215   215 D PhoneStatusBar: disable: < expand icons alerts ticker system_info BACK HOME recent* CLOCK >
07-06 14:37:29.771   215   215 D PhoneStatusBar: disable: < expand icons alerts ticker system_info back* home* recent clock* >
07-06 14:37:29.795   145   145 W InputManagerService: Window already focused, ignoring focus gain of: com.android.internal.view.IInputMethodClient$Stub$Proxy@41a74520
07-06 14:37:30.146   145   147 D dalvikvm: GC_CONCURRENT freed 1559K, 11% free 15139K/16839K, paused 3ms+6ms
07-06 14:37:32.834   344   344 D SAN_SERVICE: *******************************************
07-06 14:37:32.838   344   344 D SAN_SERVICE: DM App Phone Service State - 0
07-06 14:37:32.838   344   344 D SAN_SERVICE: *******************************************
07-06 14:37:39.912   145  1188 D dalvikvm: GC_EXPLICIT freed 102K, 11% free 15093K/16839K, paused 4ms+7ms
07-06 14:37:43.139   344   344 D SAN_SERVICE: *******************************************
07-06 14:37:43.139   344   344 D SAN_SERVICE: DM App Phone Service State - 0
07-06 14:37:43.139   344   344 D SAN_SERVICE: *******************************************
07-06 14:37:43.373   344   344 D SAN_SERVICE: *******************************************
07-06 14:37:43.373   344   344 D SAN_SERVICE: DM App Phone Service State - 0
07-06 14:37:43.373   344   344 D SAN_SERVICE: *******************************************
07-06 14:37:44.103   344   344 D SAN_SERVICE: *******************************************
07-06 14:37:44.103   344   344 D SAN_SERVICE: DM App Phone Service State - 0
07-06 14:37:44.103   344   344 D SAN_SERVICE: *******************************************
07-06 14:37:53.346   344   344 D SAN_SERVICE: *******************************************
07-06 14:37:53.346   344   344 D SAN_SERVICE: DM App Phone Service State - 0
07-06 14:37:53.346   344   344 D SAN_SERVICE: *******************************************
07-06 14:37:53.627   344   344 D SAN_SERVICE: *******************************************
07-06 14:37:53.627   344   344 D SAN_SERVICE: DM App Phone Service State - 0
07-06 14:37:53.627   344   344 D SAN_SERVICE: *******************************************
07-06 14:37:54.408   344   344 D SAN_SERVICE: *******************************************
07-06 14:37:54.408   344   344 D SAN_SERVICE: DM App Phone Service State - 0
07-06 14:37:54.408   344   344 D SAN_SERVICE: *******************************************
07-06 14:38:10.389   344   344 D SAN_SERVICE: *******************************************
07-06 14:38:10.389   344   344 D SAN_SERVICE: DM App Phone Service State - 0
07-06 14:38:10.389   344   344 D SAN_SERVICE: *******************************************
07-06 14:38:11.170   344   345 D dalvikvm: GC_CONCURRENT freed 439K, 6% free 9482K/10055K, paused 46ms+2ms
07-06 14:38:11.182   344   344 D SAN_SERVICE: *******************************************
07-06 14:38:11.182   344   344 D SAN_SERVICE: DM App Phone Service State - 0
07-06 14:38:11.182   344   344 D SAN_SERVICE: *******************************************
07-06 14:38:20.635   344   344 D SAN_SERVICE: *******************************************
07-06 14:38:20.635   344   344 D SAN_SERVICE: DM App Phone Service State - 0
07-06 14:38:20.635   344   344 D SAN_SERVICE: *******************************************
07-06 14:38:21.174   344   344 D SAN_SERVICE: *******************************************
07-06 14:38:21.174   344   344 D SAN_SERVICE: DM App Phone Service State - 0
07-06 14:38:21.178   344   344 D SAN_SERVICE: *******************************************
07-06 14:38:23.182  1412  1414 D dalvikvm: GC_CONCURRENT freed 364K, 8% free 10177K/11015K, paused 8ms+2ms
07-06 14:38:23.377  1412  1414 D dalvikvm: GC_CONCURRENT freed 201K, 6% free 10373K/11015K, paused 10ms+2ms
07-06 14:38:30.896   344   344 D SAN_SERVICE: *******************************************
07-06 14:38:30.896   344   344 D SAN_SERVICE: DM App Phone Service State - 0
07-06 14:38:30.896   344   344 D SAN_SERVICE: *******************************************
07-06 14:38:31.439   344   344 D SAN_SERVICE: *******************************************
07-06 14:38:31.439   344   344 D SAN_SERVICE: DM App Phone Service State - 0
07-06 14:38:31.439   344   344 D SAN_SERVICE: *******************************************
07-06 14:38:35.963   344   344 D SAN_SERVICE: *******************************************
07-06 14:38:35.963   344   344 D SAN_SERVICE: DM App Phone Service State - 0
07-06 14:38:35.967   344   344 D SAN_SERVICE: *******************************************
07-06 14:38:46.228   344   344 D SAN_SERVICE: *******************************************
07-06 14:38:46.228   344   344 D SAN_SERVICE: DM App Phone Service State - 0
07-06 14:38:46.232   344   344 D SAN_SERVICE: *******************************************
07-06 14:38:46.736   344   344 D SAN_SERVICE: *******************************************
07-06 14:38:46.736   344   344 D SAN_SERVICE: DM App Phone Service State - 0
07-06 14:38:46.736   344   344 D SAN_SERVICE: *******************************************
07-06 14:38:47.135   145   199 D DhcpInfoInternal: makeLinkProperties with empty dns2!
07-06 14:38:47.139   145   199 D DhcpInfoInternal: makeLinkProperties with empty dns2!
07-06 14:38:51.311   344   344 D SAN_SERVICE: *******************************************
07-06 14:38:51.311   344   344 D SAN_SERVICE: DM App Phone Service State - 0
07-06 14:38:51.311   344   344 D SAN_SERVICE: *******************************************
07-06 14:38:56.443   344   344 D SAN_SERVICE: *******************************************
07-06 14:38:56.447   344   344 D SAN_SERVICE: DM App Phone Service State - 0
07-06 14:38:56.447   344   344 D SAN_SERVICE: *******************************************
07-06 14:39:06.725   344   344 D SAN_SERVICE: *******************************************
07-06 14:39:06.725   344   344 D SAN_SERVICE: DM App Phone Service State - 0
07-06 14:39:06.725   344   344 D SAN_SERVICE: *******************************************
07-06 14:39:06.764   986   988 D dalvikvm: GC_CONCURRENT freed 396K, 7% free 10456K/11143K, paused 2ms+3ms
07-06 14:39:15.271   344   344 D SAN_SERVICE: *******************************************
07-06 14:39:15.271   344   344 D SAN_SERVICE: DM App Phone Service State - 0
07-06 14:39:15.271   344   344 D SAN_SERVICE: *******************************************
07-06 14:39:15.549   344   344 D SAN_SERVICE: *******************************************
07-06 14:39:15.549   344   344 D SAN_SERVICE: DM App Phone Service State - 0
07-06 14:39:15.549   344   344 D SAN_SERVICE: *******************************************
07-06 14:39:16.287   344   344 D SAN_SERVICE: *******************************************
07-06 14:39:16.287   344   344 D SAN_SERVICE: DM App Phone Service State - 0
07-06 14:39:16.287   344   344 D SAN_SERVICE: *******************************************
07-06 14:39:17.408   427  1461 I PhoneLab-: Service Running
07-06 14:39:17.510   427  1461 I PhoneLab-LoggerService: app_37    1466  427   1436   1056  c00f181c 400107b4 S logcat
07-06 14:39:17.510   427  1461 I PhoneLab-LoggerService: Logcat pid from database 1466
07-06 14:39:17.510   427  1461 I PhoneLab-LoggerService: Logcat process found 1466
07-06 14:39:17.510   427  1461 I PhoneLab-LoggerService: Checking Threshold
07-06 14:39:17.510   427  1461 I PhoneLab-LoggerService: Starting to rename files
07-06 14:39:17.510   427  1461 I PhoneLab-LoggerService: Files found .. 2
07-06 14:39:22.951  1412  1414 D dalvikvm: GC_CONCURRENT freed 648K, 9% free 10129K/11015K, paused 2ms+3ms
07-06 14:39:25.514   344   344 D SAN_SERVICE: *******************************************
07-06 14:39:25.514   344   344 D SAN_SERVICE: DM App Phone Service State - 0
07-06 14:39:25.514   344   344 D SAN_SERVICE: *******************************************
07-06 14:39:25.807   344   344 D SAN_SERVICE: *******************************************
07-06 14:39:25.807   344   344 D SAN_SERVICE: DM App Phone Service State - 0
07-06 14:39:25.807   344   344 D SAN_SERVICE: *******************************************
07-06 14:39:26.545   344   344 D SAN_SERVICE: *******************************************
07-06 14:39:26.545   344   344 D SAN_SERVICE: DM App Phone Service State - 0
07-06 14:39:26.545   344   344 D SAN_SERVICE: *******************************************
07-06 14:40:06.475   344   344 D SAN_SERVICE: *******************************************
07-06 14:40:06.475   344   344 D SAN_SERVICE: DM App Phone Service State - 0
07-06 14:40:06.475   344   344 D SAN_SERVICE: *******************************************
07-06 14:40:06.744   344   344 D SAN_SERVICE: *******************************************
07-06 14:40:06.744   344   344 D SAN_SERVICE: DM App Phone Service State - 0
07-06 14:40:06.744   344   344 D SAN_SERVICE: *******************************************
07-06 14:40:07.018   344   344 D SAN_SERVICE: *******************************************
07-06 14:40:07.018   344   344 D SAN_SERVICE: DM App Phone Service State - 0
07-06 14:40:07.018   344   344 D SAN_SERVICE: *******************************************
07-06 14:40:21.889   344   344 D SAN_SERVICE: *******************************************
07-06 14:40:21.889   344   344 D SAN_SERVICE: DM App Phone Service State - 0
07-06 14:40:21.889   344   344 D SAN_SERVICE: *******************************************
07-06 14:40:22.158   344   344 D SAN_SERVICE: *******************************************
07-06 14:40:22.158   344   344 D SAN_SERVICE: DM App Phone Service State - 0
07-06 14:40:22.158   344   344 D SAN_SERVICE: *******************************************
07-06 14:40:22.619   344   344 D SAN_SERVICE: *******************************************
07-06 14:40:22.619   344   344 D SAN_SERVICE: DM App Phone Service State - 0
07-06 14:40:22.619   344   344 D SAN_SERVICE: *******************************************
07-06 14:40:22.939   986   988 D dalvikvm: GC_CONCURRENT freed 501K, 7% free 10467K/11143K, paused 2ms+3ms
07-06 14:40:32.021   344   344 D SAN_SERVICE: *******************************************
07-06 14:40:32.021   344   344 D SAN_SERVICE: DM App Phone Service State - 0
07-06 14:40:32.021   344   344 D SAN_SERVICE: *******************************************
07-06 14:40:37.420   344   344 D SAN_SERVICE: *******************************************
07-06 14:40:37.420   344   344 D SAN_SERVICE: DM App Phone Service State - 0
07-06 14:40:37.420   344   344 D SAN_SERVICE: *******************************************
07-06 14:40:49.123   344   344 D SAN_SERVICE: *******************************************
07-06 14:40:49.123   344   344 D SAN_SERVICE: DM App Phone Service State - 0
07-06 14:40:49.123   344   344 D SAN_SERVICE: *******************************************
07-06 14:40:49.143   344   345 D dalvikvm: GC_CONCURRENT freed 440K, 6% free 9484K/10055K, paused 2ms+2ms
07-06 14:40:49.928   344   344 D SAN_SERVICE: *******************************************
07-06 14:40:49.928   344   344 D SAN_SERVICE: DM App Phone Service State - 0
07-06 14:40:49.932   344   344 D SAN_SERVICE: *******************************************
07-06 14:40:57.658   344   344 D SAN_SERVICE: *******************************************
07-06 14:40:57.658   344   344 D SAN_SERVICE: DM App Phone Service State - 0
07-06 14:40:57.658   344   344 D SAN_SERVICE: *******************************************
07-06 14:40:57.959   344   344 D SAN_SERVICE: *******************************************
07-06 14:40:57.959   344   344 D SAN_SERVICE: DM App Phone Service State - 0
07-06 14:40:57.959   344   344 D SAN_SERVICE: *******************************************
07-06 14:40:58.689   344   344 D SAN_SERVICE: *******************************************
07-06 14:40:58.689   344   344 D SAN_SERVICE: DM App Phone Service State - 0
07-06 14:40:58.689   344   344 D SAN_SERVICE: *******************************************
07-06 14:41:07.916   344   344 D SAN_SERVICE: *******************************************
07-06 14:41:07.916   344   344 D SAN_SERVICE: DM App Phone Service State - 0
07-06 14:41:07.916   344   344 D SAN_SERVICE: *******************************************
07-06 14:41:08.178   344   344 D SAN_SERVICE: *******************************************
07-06 14:41:08.178   344   344 D SAN_SERVICE: DM App Phone Service State - 0
07-06 14:41:08.182   344   344 D SAN_SERVICE: *******************************************
07-06 14:41:08.955   344   344 D SAN_SERVICE: *******************************************
07-06 14:41:08.955   344   344 D SAN_SERVICE: DM App Phone Service State - 0
07-06 14:41:08.955   344   344 D SAN_SERVICE: *******************************************
07-06 14:41:12.021   145   199 D DhcpInfoInternal: makeLinkProperties with empty dns2!
07-06 14:41:12.029   145   199 D DhcpInfoInternal: makeLinkProperties with empty dns2!
07-06 14:41:17.408   427  1461 I PhoneLab-: Service Running
07-06 14:41:17.494   427  1461 I PhoneLab-LoggerService: app_37    1466  427   1436   1056  c00f181c 400107b4 S logcat
07-06 14:41:17.498   427  1461 I PhoneLab-LoggerService: Logcat pid from database 1466
07-06 14:41:17.498   427  1461 I PhoneLab-LoggerService: Logcat process found 1466
07-06 14:41:17.498   427  1461 I PhoneLab-LoggerService: Checking Threshold
07-06 14:41:17.498   427  1461 I PhoneLab-LoggerService: Starting to rename files
07-06 14:41:17.498   427  1461 I PhoneLab-LoggerService: Files found .. 2
07-06 14:41:23.119  1412  1414 D dalvikvm: GC_CONCURRENT freed 483K, 9% free 10132K/11015K, paused 2ms+3ms
07-06 14:41:23.463   986   988 D dalvikvm: GC_CONCURRENT freed 372K, 6% free 10491K/11143K, paused 2ms+4ms
07-06 14:41:28.467   344   344 D SAN_SERVICE: *******************************************
07-06 14:41:28.467   344   344 D SAN_SERVICE: DM App Phone Service State - 0
07-06 14:41:28.467   344   344 D SAN_SERVICE: *******************************************
07-06 14:41:28.928   344   344 D SAN_SERVICE: *******************************************
07-06 14:41:28.928   344   344 D SAN_SERVICE: DM App Phone Service State - 0
07-06 14:41:28.928   344   344 D SAN_SERVICE: *******************************************
07-06 14:41:38.631   344   344 D SAN_SERVICE: *******************************************
07-06 14:41:38.631   344   344 D SAN_SERVICE: DM App Phone Service State - 0
07-06 14:41:38.631   344   344 D SAN_SERVICE: *******************************************
07-06 14:41:38.924   344   344 D SAN_SERVICE: *******************************************
07-06 14:41:38.924   344   344 D SAN_SERVICE: DM App Phone Service State - 0
07-06 14:41:38.924   344   344 D SAN_SERVICE: *******************************************
07-06 14:41:39.666   344   344 D SAN_SERVICE: *******************************************
07-06 14:41:39.666   344   344 D SAN_SERVICE: DM App Phone Service State - 0
07-06 14:41:39.666   344   344 D SAN_SERVICE: *******************************************
07-06 14:41:48.877   344   344 D SAN_SERVICE: *******************************************
07-06 14:41:48.877   344   344 D SAN_SERVICE: DM App Phone Service State - 0
07-06 14:41:48.877   344   344 D SAN_SERVICE: *******************************************
07-06 14:41:49.182   344   344 D SAN_SERVICE: *******************************************
07-06 14:41:49.182   344   344 D SAN_SERVICE: DM App Phone Service State - 0
07-06 14:41:49.182   344   344 D SAN_SERVICE: *******************************************
07-06 14:41:49.924   344   344 D SAN_SERVICE: *******************************************
07-06 14:41:49.924   344   344 D SAN_SERVICE: DM App Phone Service State - 0
07-06 14:41:49.924   344   344 D SAN_SERVICE: *******************************************
07-06 14:41:59.178   344   344 D SAN_SERVICE: *******************************************
07-06 14:41:59.178   344   344 D SAN_SERVICE: DM App Phone Service State - 0
07-06 14:41:59.178   344   344 D SAN_SERVICE: *******************************************
07-06 14:41:59.416   344   344 D SAN_SERVICE: *******************************************
07-06 14:41:59.416   344   344 D SAN_SERVICE: DM App Phone Service State - 0
07-06 14:41:59.416   344   344 D SAN_SERVICE: *******************************************
07-06 14:42:00.178   344   344 D SAN_SERVICE: *******************************************
07-06 14:42:00.178   344   344 D SAN_SERVICE: DM App Phone Service State - 0
07-06 14:42:00.182   344   344 D SAN_SERVICE: *******************************************
07-06 14:42:09.369   344   344 D SAN_SERVICE: *******************************************
07-06 14:42:09.369   344   344 D SAN_SERVICE: DM App Phone Service State - 0
07-06 14:42:09.369   344   344 D SAN_SERVICE: *******************************************
07-06 14:42:09.635   344   344 D SAN_SERVICE: *******************************************
07-06 14:42:09.635   344   344 D SAN_SERVICE: DM App Phone Service State - 0
07-06 14:42:09.635   344   344 D SAN_SERVICE: *******************************************
07-06 14:42:10.412   344   344 D SAN_SERVICE: *******************************************
07-06 14:42:10.412   344   344 D SAN_SERVICE: DM App Phone Service State - 0
07-06 14:42:10.412   344   344 D SAN_SERVICE: *******************************************
07-06 14:42:19.600   344   344 D SAN_SERVICE: *******************************************
07-06 14:42:19.600   344   344 D SAN_SERVICE: DM App Phone Service State - 0
07-06 14:42:19.600   344   344 D SAN_SERVICE: *******************************************
07-06 14:42:19.889   344   344 D SAN_SERVICE: *******************************************
07-06 14:42:19.889   344   344 D SAN_SERVICE: DM App Phone Service State - 0
07-06 14:42:19.889   344   344 D SAN_SERVICE: *******************************************
07-06 14:42:20.639   344   344 D SAN_SERVICE: *******************************************
07-06 14:42:20.639   344   344 D SAN_SERVICE: DM App Phone Service State - 0
07-06 14:42:20.639   344   344 D SAN_SERVICE: *******************************************
07-06 14:42:23.084   986   988 D dalvikvm: GC_CONCURRENT freed 518K, 6% free 10485K/11143K, paused 2ms+3ms
07-06 14:42:23.217  1412  1414 D dalvikvm: GC_CONCURRENT freed 458K, 8% free 10159K/11015K, paused 2ms+2ms
07-06 14:42:29.857   344   344 D SAN_SERVICE: *******************************************
07-06 14:42:29.857   344   344 D SAN_SERVICE: DM App Phone Service State - 0
07-06 14:42:29.857   344   344 D SAN_SERVICE: *******************************************
07-06 14:42:40.061   344   344 D SAN_SERVICE: *******************************************
07-06 14:42:40.061   344   344 D SAN_SERVICE: DM App Phone Service State - 0
07-06 14:42:40.061   344   344 D SAN_SERVICE: *******************************************
07-06 14:42:50.318   344   344 D SAN_SERVICE: *******************************************
07-06 14:42:50.318   344   344 D SAN_SERVICE: DM App Phone Service State - 0
07-06 14:42:50.318   344   344 D SAN_SERVICE: *******************************************
07-06 14:42:50.357   344   345 D dalvikvm: GC_CONCURRENT freed 436K, 6% free 9484K/10055K, paused 7ms+2ms
07-06 14:42:50.588   344   344 D SAN_SERVICE: *******************************************
07-06 14:42:50.588   344   344 D SAN_SERVICE: DM App Phone Service State - 0
07-06 14:42:50.588   344   344 D SAN_SERVICE: *******************************************
07-06 14:42:51.357   344   344 D SAN_SERVICE: *******************************************
07-06 14:42:51.357   344   344 D SAN_SERVICE: DM App Phone Service State - 0
07-06 14:42:51.357   344   344 D SAN_SERVICE: *******************************************
07-06 14:43:00.818   344   344 D SAN_SERVICE: *******************************************
07-06 14:43:00.818   344   344 D SAN_SERVICE: DM App Phone Service State - 0
07-06 14:43:00.818   344   344 D SAN_SERVICE: *******************************************
07-06 14:43:01.600   344   344 D SAN_SERVICE: *******************************************
07-06 14:43:01.600   344   344 D SAN_SERVICE: DM App Phone Service State - 0
07-06 14:43:01.600   344   344 D SAN_SERVICE: *******************************************
07-06 14:43:05.834   145   147 D dalvikvm: GC_CONCURRENT freed 2094K, 14% free 14520K/16839K, paused 9ms+7ms
07-06 14:43:06.162  1035  1877 W Gmail   : Successful index run, cancel next scheduled index run
07-06 14:43:10.807   344   344 D SAN_SERVICE: *******************************************
07-06 14:43:10.807   344   344 D SAN_SERVICE: DM App Phone Service State - 0
07-06 14:43:10.807   344   344 D SAN_SERVICE: *******************************************
07-06 14:43:10.857   306   307 D dalvikvm: GC_CONCURRENT freed 344K, 6% free 10156K/10759K, paused 9ms+3ms
07-06 14:43:17.408   427  1461 I PhoneLab-: Service Running
07-06 14:43:17.521   427  1461 I PhoneLab-LoggerService: app_37    1466  427   1436   1056  c00f181c 400107b4 S logcat
07-06 14:43:17.521   427  1461 I PhoneLab-LoggerService: Logcat pid from database 1466
07-06 14:43:17.525   427  1461 I PhoneLab-LoggerService: Logcat process found 1466
07-06 14:43:17.525   427  1461 I PhoneLab-LoggerService: Checking Threshold
07-06 14:43:17.525   427  1461 I PhoneLab-LoggerService: Starting to rename files
07-06 14:43:17.525   427  1461 I PhoneLab-LoggerService: Files found .. 2
07-06 14:43:17.553   427   430 D dalvikvm: GC_CONCURRENT freed 882K, 14% free 9172K/10567K, paused 11ms+2ms
07-06 14:43:21.908   145  1186 D dalvikvm: GC_EXPLICIT freed 504K, 15% free 14385K/16839K, paused 11ms+6ms
07-06 14:43:31.311   344   344 D SAN_SERVICE: *******************************************
07-06 14:43:31.311   344   344 D SAN_SERVICE: DM App Phone Service State - 0
07-06 14:43:31.311   344   344 D SAN_SERVICE: *******************************************
07-06 14:43:31.537   344   344 D SAN_SERVICE: *******************************************
07-06 14:43:31.537   344   344 D SAN_SERVICE: DM App Phone Service State - 0
07-06 14:43:31.537   344   344 D SAN_SERVICE: *******************************************
07-06 14:43:31.783   344   344 D SAN_SERVICE: *******************************************
07-06 14:43:31.783   344   344 D SAN_SERVICE: DM App Phone Service State - 0
07-06 14:43:31.783   344   344 D SAN_SERVICE: *******************************************
07-06 14:43:36.896   145   199 D DhcpInfoInternal: makeLinkProperties with empty dns2!
07-06 14:43:36.908   145   199 D DhcpInfoInternal: makeLinkProperties with empty dns2!
07-06 14:43:46.619   344   344 D SAN_SERVICE: *******************************************
07-06 14:43:46.619   344   344 D SAN_SERVICE: DM App Phone Service State - 0
07-06 14:43:46.619   344   344 D SAN_SERVICE: *******************************************
07-06 14:43:46.936   344   344 D SAN_SERVICE: *******************************************
07-06 14:43:46.936   344   344 D SAN_SERVICE: DM App Phone Service State - 0
07-06 14:43:46.936   344   344 D SAN_SERVICE: *******************************************
07-06 14:43:47.436   344   344 D SAN_SERVICE: *******************************************
07-06 14:43:47.436   344   344 D SAN_SERVICE: DM App Phone Service State - 0
07-06 14:43:47.436   344   344 D SAN_SERVICE: *******************************************
07-06 14:44:02.014   344   344 D SAN_SERVICE: *******************************************
07-06 14:44:02.014   344   344 D SAN_SERVICE: DM App Phone Service State - 0
07-06 14:44:02.014   344   344 D SAN_SERVICE: *******************************************
07-06 14:44:02.240   344   344 D SAN_SERVICE: *******************************************
07-06 14:44:02.240   344   344 D SAN_SERVICE: DM App Phone Service State - 0
07-06 14:44:02.240   344   344 D SAN_SERVICE: *******************************************
07-06 14:44:02.779   344   344 D SAN_SERVICE: *******************************************
07-06 14:44:02.779   344   344 D SAN_SERVICE: DM App Phone Service State - 0
07-06 14:44:02.779   344   344 D SAN_SERVICE: *******************************************
07-06 14:44:12.221   344   344 D SAN_SERVICE: *******************************************
07-06 14:44:12.221   344   344 D SAN_SERVICE: DM App Phone Service State - 0
07-06 14:44:12.221   344   344 D SAN_SERVICE: *******************************************
07-06 14:44:12.510   344   344 D SAN_SERVICE: *******************************************
07-06 14:44:12.510   344   344 D SAN_SERVICE: DM App Phone Service State - 0
07-06 14:44:12.510   344   344 D SAN_SERVICE: *******************************************
07-06 14:44:13.252   344   344 D SAN_SERVICE: *******************************************
07-06 14:44:13.252   344   344 D SAN_SERVICE: DM App Phone Service State - 0
07-06 14:44:13.252   344   344 D SAN_SERVICE: *******************************************
07-06 14:44:22.037   986   988 D dalvikvm: GC_CONCURRENT freed 402K, 6% free 10492K/11143K, paused 18ms+2ms
07-06 14:44:23.326  1412  1904 D dalvikvm: GC_EXPLICIT freed 333K, 9% free 10093K/11015K, paused 2ms+3ms
07-06 14:44:27.623   344   344 D SAN_SERVICE: *******************************************
07-06 14:44:27.623   344   344 D SAN_SERVICE: DM App Phone Service State - 0
07-06 14:44:27.623   344   344 D SAN_SERVICE: *******************************************
07-06 14:44:27.889   344   344 D SAN_SERVICE: *******************************************
07-06 14:44:27.889   344   344 D SAN_SERVICE: DM App Phone Service State - 0
07-06 14:44:27.889   344   344 D SAN_SERVICE: *******************************************
07-06 14:44:28.393   344   344 D SAN_SERVICE: *******************************************
07-06 14:44:28.393   344   344 D SAN_SERVICE: DM App Phone Service State - 0
07-06 14:44:28.393   344   344 D SAN_SERVICE: *******************************************
07-06 14:44:42.975   344   344 D SAN_SERVICE: *******************************************
07-06 14:44:42.975   344   344 D SAN_SERVICE: DM App Phone Service State - 0
07-06 14:44:42.975   344   344 D SAN_SERVICE: *******************************************
07-06 14:44:43.244   344   344 D SAN_SERVICE: *******************************************
07-06 14:44:43.244   344   344 D SAN_SERVICE: DM App Phone Service State - 0
07-06 14:44:43.244   344   344 D SAN_SERVICE: *******************************************
07-06 14:44:43.736   344   344 D SAN_SERVICE: *******************************************
07-06 14:44:43.736   344   344 D SAN_SERVICE: DM App Phone Service State - 0
07-06 14:44:43.736   344   344 D SAN_SERVICE: *******************************************
07-06 14:44:53.209   344   344 D SAN_SERVICE: *******************************************
07-06 14:44:53.209   344   344 D SAN_SERVICE: DM App Phone Service State - 0
07-06 14:44:53.209   344   344 D SAN_SERVICE: *******************************************
07-06 14:44:53.494   344   344 D SAN_SERVICE: *******************************************
07-06 14:44:53.494   344   344 D SAN_SERVICE: DM App Phone Service State - 0
07-06 14:44:53.494   344   344 D SAN_SERVICE: *******************************************
07-06 14:44:54.244   344   344 D SAN_SERVICE: *******************************************
07-06 14:44:54.244   344   344 D SAN_SERVICE: DM App Phone Service State - 0
07-06 14:44:54.244   344   344 D SAN_SERVICE: *******************************************
07-06 14:45:03.455   344   344 D SAN_SERVICE: *******************************************
07-06 14:45:03.455   344   344 D SAN_SERVICE: DM App Phone Service State - 0
07-06 14:45:03.455   344   344 D SAN_SERVICE: *******************************************
07-06 14:45:03.748   344   344 D SAN_SERVICE: *******************************************
07-06 14:45:03.748   344   344 D SAN_SERVICE: DM App Phone Service State - 0
07-06 14:45:03.748   344   344 D SAN_SERVICE: *******************************************
07-06 14:45:04.494   344   344 D SAN_SERVICE: *******************************************
07-06 14:45:04.494   344   344 D SAN_SERVICE: DM App Phone Service State - 0
07-06 14:45:04.494   344   344 D SAN_SERVICE: *******************************************
07-06 14:45:04.510   344   345 D dalvikvm: GC_CONCURRENT freed 448K, 6% free 9483K/10055K, paused 34ms+2ms
07-06 14:45:13.689   344   344 D SAN_SERVICE: *******************************************
07-06 14:45:13.689   344   344 D SAN_SERVICE: DM App Phone Service State - 0
07-06 14:45:13.689   344   344 D SAN_SERVICE: *******************************************
07-06 14:45:17.408   427  1461 I PhoneLab-: Service Running
07-06 14:45:17.494   427  1461 I PhoneLab-LoggerService: app_37    1466  427   1436   1056  c00f181c 400107b4 S logcat
07-06 14:45:17.494   427  1461 I PhoneLab-LoggerService: Logcat pid from database 1466
07-06 14:45:17.494   427  1461 I PhoneLab-LoggerService: Logcat process found 1466
07-06 14:45:17.494   427  1461 I PhoneLab-LoggerService: Checking Threshold
07-06 14:45:17.498   427  1461 I PhoneLab-LoggerService: Starting to rename files
07-06 14:45:17.498   427  1461 I PhoneLab-LoggerService: Files found .. 2
07-06 14:45:23.365   986   988 D dalvikvm: GC_CONCURRENT freed 525K, 6% free 10478K/11143K, paused 2ms+3ms
07-06 14:45:23.486  1412  1414 D dalvikvm: GC_CONCURRENT freed 414K, 8% free 10145K/11015K, paused 1ms+3ms
07-06 14:45:23.928   344   344 D SAN_SERVICE: *******************************************
07-06 14:45:23.928   344   344 D SAN_SERVICE: DM App Phone Service State - 0
07-06 14:45:23.928   344   344 D SAN_SERVICE: *******************************************
07-06 14:45:24.197   344   344 D SAN_SERVICE: *******************************************
07-06 14:45:24.197   344   344 D SAN_SERVICE: DM App Phone Service State - 0
07-06 14:45:24.197   344   344 D SAN_SERVICE: *******************************************
07-06 14:45:24.943   344   344 D SAN_SERVICE: *******************************************
07-06 14:45:24.943   344   344 D SAN_SERVICE: DM App Phone Service State - 0
07-06 14:45:24.943   344   344 D SAN_SERVICE: *******************************************
07-06 14:45:34.162   344   344 D SAN_SERVICE: *******************************************
07-06 14:45:34.162   344   344 D SAN_SERVICE: DM App Phone Service State - 0
07-06 14:45:34.162   344   344 D SAN_SERVICE: *******************************************
07-06 14:45:34.475   344   344 D SAN_SERVICE: *******************************************
07-06 14:45:34.475   344   344 D SAN_SERVICE: DM App Phone Service State - 0
07-06 14:45:34.475   344   344 D SAN_SERVICE: *******************************************
07-06 14:45:35.178   344   344 D SAN_SERVICE: *******************************************
07-06 14:45:35.178   344   344 D SAN_SERVICE: DM App Phone Service State - 0
07-06 14:45:35.178   344   344 D SAN_SERVICE: *******************************************
07-06 14:45:49.545   344   344 D SAN_SERVICE: *******************************************
07-06 14:45:49.545   344   344 D SAN_SERVICE: DM App Phone Service State - 0
07-06 14:45:49.545   344   344 D SAN_SERVICE: *******************************************
07-06 14:45:49.818   344   344 D SAN_SERVICE: *******************************************
07-06 14:45:49.818   344   344 D SAN_SERVICE: DM App Phone Service State - 0
07-06 14:45:49.818   344   344 D SAN_SERVICE: *******************************************
07-06 14:45:50.311   344   344 D SAN_SERVICE: *******************************************
07-06 14:45:50.311   344   344 D SAN_SERVICE: DM App Phone Service State - 0
07-06 14:45:50.311   344   344 D SAN_SERVICE: *******************************************
07-06 14:45:59.869   344   344 D SAN_SERVICE: *******************************************
07-06 14:45:59.869   344   344 D SAN_SERVICE: DM App Phone Service State - 0
07-06 14:45:59.869   344   344 D SAN_SERVICE: *******************************************
07-06 14:46:00.045   344   344 D SAN_SERVICE: *******************************************
07-06 14:46:00.045   344   344 D SAN_SERVICE: DM App Phone Service State - 0
07-06 14:46:00.045   344   344 D SAN_SERVICE: *******************************************
07-06 14:46:00.822   344   344 D SAN_SERVICE: *******************************************
07-06 14:46:00.826   344   344 D SAN_SERVICE: DM App Phone Service State - 0
07-06 14:46:00.826   344   344 D SAN_SERVICE: *******************************************
07-06 14:46:00.853   215   217 D dalvikvm: GC_CONCURRENT freed 575K, 34% free 9679K/14663K, paused 49ms+3ms
07-06 14:46:01.752   145   199 D DhcpInfoInternal: makeLinkProperties with empty dns2!
07-06 14:46:01.760   145   199 D DhcpInfoInternal: makeLinkProperties with empty dns2!
07-06 14:46:10.018   344   344 D SAN_SERVICE: *******************************************
07-06 14:46:10.018   344   344 D SAN_SERVICE: DM App Phone Service State - 0
07-06 14:46:10.018   344   344 D SAN_SERVICE: *******************************************
07-06 14:46:10.295   344   344 D SAN_SERVICE: *******************************************
07-06 14:46:10.295   344   344 D SAN_SERVICE: DM App Phone Service State - 0
07-06 14:46:10.295   344   344 D SAN_SERVICE: *******************************************
07-06 14:46:11.045   344   344 D SAN_SERVICE: *******************************************
07-06 14:46:11.045   344   344 D SAN_SERVICE: DM App Phone Service State - 0
07-06 14:46:11.045   344   344 D SAN_SERVICE: *******************************************
07-06 14:46:16.834   344   344 D SAN_SERVICE: *******************************************
07-06 14:46:16.834   344   344 D SAN_SERVICE: DM App Phone Service State - 0
07-06 14:46:16.834   344   344 D SAN_SERVICE: *******************************************
07-06 14:46:25.357   344   344 D SAN_SERVICE: *******************************************
07-06 14:46:25.357   344   344 D SAN_SERVICE: DM App Phone Service State - 0
07-06 14:46:25.357   344   344 D SAN_SERVICE: *******************************************
07-06 14:46:25.654   344   344 D SAN_SERVICE: *******************************************
07-06 14:46:25.654   344   344 D SAN_SERVICE: DM App Phone Service State - 0
07-06 14:46:25.654   344   344 D SAN_SERVICE: *******************************************
07-06 14:46:26.353   344   344 D SAN_SERVICE: *******************************************
07-06 14:46:26.357   344   344 D SAN_SERVICE: DM App Phone Service State - 0
07-06 14:46:26.357   344   344 D SAN_SERVICE: *******************************************
07-06 14:46:35.603   344   344 D SAN_SERVICE: *******************************************
07-06 14:46:35.603   344   344 D SAN_SERVICE: DM App Phone Service State - 0
07-06 14:46:35.603   344   344 D SAN_SERVICE: *******************************************
07-06 14:46:56.170   344   344 D SAN_SERVICE: *******************************************
07-06 14:46:56.170   344   344 D SAN_SERVICE: DM App Phone Service State - 0
07-06 14:46:56.170   344   344 D SAN_SERVICE: *******************************************
07-06 14:46:56.623   344   344 D SAN_SERVICE: *******************************************
07-06 14:46:56.623   344   344 D SAN_SERVICE: DM App Phone Service State - 0
07-06 14:46:56.623   344   344 D SAN_SERVICE: *******************************************
07-06 14:47:16.592   344   344 D SAN_SERVICE: *******************************************
07-06 14:47:16.592   344   344 D SAN_SERVICE: DM App Phone Service State - 0
07-06 14:47:16.592   344   344 D SAN_SERVICE: *******************************************
07-06 14:47:16.826   344   344 D SAN_SERVICE: *******************************************
07-06 14:47:16.826   344   344 D SAN_SERVICE: DM App Phone Service State - 0
07-06 14:47:16.826   344   344 D SAN_SERVICE: *******************************************
07-06 14:47:17.068   344   344 D SAN_SERVICE: *******************************************
07-06 14:47:17.068   344   344 D SAN_SERVICE: DM App Phone Service State - 0
07-06 14:47:17.068   344   344 D SAN_SERVICE: *******************************************
07-06 14:47:17.408   427  1461 I PhoneLab-: Service Running
07-06 14:47:17.502   427  1461 I PhoneLab-LoggerService: app_37    1466  427   1436   1056  c00f181c 400107b4 S logcat
07-06 14:47:17.502   427  1461 I PhoneLab-LoggerService: Logcat pid from database 1466
07-06 14:47:17.502   427  1461 I PhoneLab-LoggerService: Logcat process found 1466
07-06 14:47:17.502   427  1461 I PhoneLab-LoggerService: Checking Threshold
07-06 14:47:17.502   427  1461 I PhoneLab-LoggerService: Starting to rename files
07-06 14:47:17.502   427  1461 I PhoneLab-LoggerService: Files found .. 2
07-06 14:47:23.588   986   988 D dalvikvm: GC_CONCURRENT freed 505K, 6% free 10484K/11143K, paused 2ms+3ms
07-06 14:47:23.728  1412  1414 D dalvikvm: GC_CONCURRENT freed 512K, 8% free 10139K/11015K, paused 2ms+3ms
07-06 14:47:26.826   344   344 D SAN_SERVICE: *******************************************
07-06 14:47:26.826   344   344 D SAN_SERVICE: DM App Phone Service State - 0
07-06 14:47:26.826   344   344 D SAN_SERVICE: *******************************************
07-06 14:47:26.846   344   345 D dalvikvm: GC_CONCURRENT freed 440K, 6% free 9482K/10055K, paused 7ms+3ms
07-06 14:47:27.092   344   344 D SAN_SERVICE: *******************************************
07-06 14:47:27.092   344   344 D SAN_SERVICE: DM App Phone Service State - 0
07-06 14:47:27.092   344   344 D SAN_SERVICE: *******************************************
07-06 14:47:27.830   344   344 D SAN_SERVICE: *******************************************
07-06 14:47:27.830   344   344 D SAN_SERVICE: DM App Phone Service State - 0
07-06 14:47:27.830   344   344 D SAN_SERVICE: *******************************************
07-06 14:47:32.080   145  1188 I ActivityManager: START {act=android.intent.action.MAIN cat=[android.intent.category.LAUNCHER] flg=0x10000000 pkg=com.whatsapp cmp=com.whatsapp/.Main bnds=[360,405][480,555]} from pid 373
07-06 14:47:32.279   373   373 D OpenGLRenderer: Flushing caches (mode 0)
07-06 14:47:32.279   215   215 V PhoneStatusBar: setLightsOn(true)
07-06 14:47:32.436   373   373 D OpenGLRenderer: Flushing caches (mode 1)
07-06 14:47:35.029   323   325 D dalvikvm: GC_CONCURRENT freed 473K, 12% free 10033K/11399K, paused 6ms+6ms
07-06 14:47:35.080   323   323 D dalvikvm: GC_FOR_ALLOC freed 61K, 13% free 10031K/11399K, paused 21ms
07-06 14:47:35.080   323   323 I dalvikvm-heap: Grow heap (frag case) to 10.570MB for 739216-byte allocation
07-06 14:47:35.100   323   323 D dalvikvm: GC_FOR_ALLOC freed <1K, 6% free 10752K/11399K, paused 20ms
07-06 14:47:35.346   215   217 D dalvikvm: GC_CONCURRENT freed 225K, 33% free 9892K/14663K, paused 2ms+5ms
07-06 14:47:35.439   215   217 D dalvikvm: GC_CONCURRENT freed 553K, 34% free 9795K/14663K, paused 2ms+3ms
07-06 14:47:36.135   215   217 D dalvikvm: GC_CONCURRENT freed 360K, 33% free 9887K/14663K, paused 2ms+5ms
07-06 14:47:36.213   215   217 D dalvikvm: GC_CONCURRENT freed 679K, 34% free 9708K/14663K, paused 1ms+5ms
07-06 14:47:38.260   215   215 V PhoneStatusBar: setLightsOn(true)
07-06 14:47:39.639   637   637 D dalvikvm: GC_FOR_ALLOC freed 1277K, 11% free 14117K/15687K, paused 53ms
07-06 14:47:39.701   637   637 D dalvikvm: GC_FOR_ALLOC freed 242K, 12% free 14064K/15879K, paused 39ms
07-06 14:47:39.756   637   637 D dalvikvm: GC_FOR_ALLOC freed 1K, 11% free 14252K/15879K, paused 36ms
07-06 14:47:39.811   637   637 D dalvikvm: GC_FOR_ALLOC freed 815K, 16% free 13629K/16071K, paused 36ms
07-06 14:47:39.853   637   637 D dalvikvm: GC_FOR_ALLOC freed 12K, 15% free 13805K/16071K, paused 35ms
07-06 14:47:39.853   637   637 I dalvikvm-heap: Grow heap (frag case) to 13.745MB for 193936-byte allocation
07-06 14:47:39.885   637   637 D dalvikvm: GC_FOR_ALLOC freed 29K, 15% free 13965K/16263K, paused 34ms
07-06 14:47:39.924   637   637 D dalvikvm: GC_FOR_ALLOC freed <1K, 15% free 13965K/16263K, paused 35ms
07-06 14:47:39.924   637   637 I dalvikvm-heap: Grow heap (frag case) to 13.901MB for 193936-byte allocation
07-06 14:47:39.959   637   637 D dalvikvm: GC_FOR_ALLOC freed 0K, 14% free 14155K/16455K, paused 33ms
07-06 14:47:39.998   637   637 D dalvikvm: GC_FOR_ALLOC freed 0K, 14% free 14155K/16455K, paused 34ms
07-06 14:47:39.998   637   637 I dalvikvm-heap: Grow heap (frag case) to 14.086MB for 193936-byte allocation
07-06 14:47:40.033   637   637 D dalvikvm: GC_FOR_ALLOC freed 0K, 14% free 14344K/16647K, paused 34ms
07-06 14:47:40.447   455  1541 D dalvikvm: GC_EXPLICIT freed 374K, 7% free 9760K/10439K, paused 2ms+4ms
07-06 14:47:41.029   145   147 D dalvikvm: GC_CONCURRENT freed 1086K, 14% free 14517K/16839K, paused 2ms+18ms
07-06 14:47:41.603   145  1189 D dalvikvm: GC_EXPLICIT freed 153K, 15% free 14370K/16839K, paused 3ms+15ms
07-06 14:47:41.678   637   637 D dalvikvm: GC_FOR_ALLOC freed 667K, 14% free 14425K/16647K, paused 37ms
07-06 14:47:41.678   637   637 I dalvikvm-heap: Grow heap (frag case) to 14.395MB for 241936-byte allocation
07-06 14:47:41.713   637   637 D dalvikvm: GC_FOR_ALLOC freed 114K, 14% free 14546K/16903K, paused 34ms
07-06 14:47:42.896   637   962 D dalvikvm: GC_EXPLICIT freed 529K, 14% free 14620K/16903K, paused 2ms+4ms
07-06 14:47:42.936   455   503 D dalvikvm: GC_EXPLICIT freed 288K, 7% free 9734K/10439K, paused 2ms+4ms
07-06 14:47:44.260   637   637 D dalvikvm: GC_FOR_ALLOC freed 386K, 14% free 14637K/16903K, paused 44ms
07-06 14:47:44.260   637   637 I dalvikvm-heap: Grow heap (frag case) to 14.556MB for 193936-byte allocation
07-06 14:47:44.299   637   637 D dalvikvm: GC_FOR_ALLOC freed 23K, 14% free 14803K/17095K, paused 36ms
07-06 14:47:46.287   455  1539 D dalvikvm: GC_EXPLICIT freed 257K, 7% free 9734K/10439K, paused 2ms+41ms
07-06 14:47:46.631   637   962 D dalvikvm: GC_EXPLICIT freed 800K, 13% free 14926K/17095K, paused 2ms+6ms
07-06 14:47:47.264   344   344 D SAN_SERVICE: *******************************************
07-06 14:47:47.264   344   344 D SAN_SERVICE: DM App Phone Service State - 0
07-06 14:47:47.264   344   344 D SAN_SERVICE: *******************************************
07-06 14:47:47.303   145   408 I ActivityManager: START {flg=0x14000000 cmp=com.whatsapp/.Conversation (has extras)} from pid 637
07-06 14:47:47.385   215   215 V PhoneStatusBar: setLightsOn(true)
07-06 14:47:47.416   145   380 W InputManagerService: Focus gain on non-focused client com.android.internal.view.IInputMethodClient$Stub$Proxy@4166b608 (uid=10068 pid=637)
07-06 14:47:47.514   344   344 D SAN_SERVICE: *******************************************
07-06 14:47:47.514   344   344 D SAN_SERVICE: DM App Phone Service State - 0
07-06 14:47:47.514   344   344 D SAN_SERVICE: *******************************************
07-06 14:47:47.557   637   637 D dalvikvm: GC_FOR_ALLOC freed 331K, 12% free 15187K/17095K, paused 37ms
07-06 14:47:47.592   637   637 D skia    : --- SkImageDecoder::Factory returned null
07-06 14:47:47.654   215   215 V PhoneStatusBar: setLightsOn(true)
07-06 14:47:47.701   145   175 I ActivityManager: Displayed com.whatsapp/.Conversation: +297ms
07-06 14:47:47.783   323   323 D dalvikvm: GC_FOR_ALLOC freed 1001K, 13% free 10021K/11399K, paused 21ms
07-06 14:47:47.783   323   323 I dalvikvm-heap: Grow heap (frag case) to 10.560MB for 739216-byte allocation
07-06 14:47:47.850   323   325 D dalvikvm: GC_CONCURRENT freed 1K, 6% free 10741K/11399K, paused 2ms+2ms
07-06 14:47:47.994   145   394 D dalvikvm: GC_EXPLICIT freed 394K, 15% free 14396K/16839K, paused 3ms+6ms
07-06 14:47:48.096   215   217 D dalvikvm: GC_CONCURRENT freed 456K, 34% free 9727K/14663K, paused 2ms+4ms
07-06 14:47:48.139   215   215 D dalvikvm: GC_FOR_ALLOC freed 491K, 34% free 9712K/14663K, paused 16ms
07-06 14:47:48.209   215   217 D dalvikvm: GC_CONCURRENT freed 450K, 34% free 9712K/14663K, paused 2ms+2ms
07-06 14:47:48.353   215   217 D dalvikvm: GC_CONCURRENT freed 205K, 33% free 9893K/14663K, paused 2ms+5ms
07-06 14:48:07.811   344   344 D SAN_SERVICE: *******************************************
07-06 14:48:07.811   344   344 D SAN_SERVICE: DM App Phone Service State - 0
07-06 14:48:07.811   344   344 D SAN_SERVICE: *******************************************
07-06 14:48:07.982   344   344 D SAN_SERVICE: *******************************************
07-06 14:48:07.982   344   344 D SAN_SERVICE: DM App Phone Service State - 0
07-06 14:48:07.982   344   344 D SAN_SERVICE: *******************************************
07-06 14:48:08.295   344   344 D SAN_SERVICE: *******************************************
07-06 14:48:08.295   344   344 D SAN_SERVICE: DM App Phone Service State - 0
07-06 14:48:08.295   344   344 D SAN_SERVICE: *******************************************
07-06 14:48:16.518    81   124 D AudioHardware: AudioHardware pcm playback is exiting standby.
07-06 14:48:16.518    81   124 D AudioHardware: openPcmOut_l() mPcmOpenCnt: 0
07-06 14:48:18.045   344   344 D SAN_SERVICE: *******************************************
07-06 14:48:18.045   344   344 D SAN_SERVICE: DM App Phone Service State - 0
07-06 14:48:18.045   344   344 D SAN_SERVICE: *******************************************
07-06 14:48:18.311   344   344 D SAN_SERVICE: *******************************************
07-06 14:48:18.311   344   344 D SAN_SERVICE: DM App Phone Service State - 0
07-06 14:48:18.311   344   344 D SAN_SERVICE: *******************************************
07-06 14:48:18.537   344   344 D SAN_SERVICE: *******************************************
07-06 14:48:18.537   344   344 D SAN_SERVICE: DM App Phone Service State - 0
07-06 14:48:18.537   344   344 D SAN_SERVICE: *******************************************
07-06 14:48:19.850    81   124 D AudioHardware: AudioHardware pcm playback is going to standby.
07-06 14:48:19.850    81   124 D AudioHardware: closePcmOut_l() mPcmOpenCnt: 1
07-06 14:48:26.623   145   199 D DhcpInfoInternal: makeLinkProperties with empty dns2!
07-06 14:48:26.639   145   199 D DhcpInfoInternal: makeLinkProperties with empty dns2!
07-06 14:48:28.326   344   344 D SAN_SERVICE: *******************************************
07-06 14:48:28.330   344   344 D SAN_SERVICE: DM App Phone Service State - 0
07-06 14:48:28.330   344   344 D SAN_SERVICE: *******************************************
07-06 14:48:38.482   344   344 D SAN_SERVICE: *******************************************
07-06 14:48:38.482   344   344 D SAN_SERVICE: DM App Phone Service State - 0
07-06 14:48:38.482   344   344 D SAN_SERVICE: *******************************************
07-06 14:49:17.408   427  1461 I PhoneLab-: Service Running
07-06 14:49:17.494   427  1461 I PhoneLab-LoggerService: app_37    1466  427   1436   1056  c00f181c 400107b4 S logcat
07-06 14:49:17.494   427  1461 I PhoneLab-LoggerService: Logcat pid from database 1466
07-06 14:49:17.494   427  1461 I PhoneLab-LoggerService: Logcat process found 1466
07-06 14:49:17.498   427  1461 I PhoneLab-LoggerService: Checking Threshold
07-06 14:49:17.498   427  1461 I PhoneLab-LoggerService: Starting to rename files
07-06 14:49:17.498   427  1461 I PhoneLab-LoggerService: Files found .. 2
07-06 14:49:23.646   986   988 D dalvikvm: GC_CONCURRENT freed 508K, 6% free 10488K/11143K, paused 2ms+3ms
07-06 14:49:23.783  1412  1414 D dalvikvm: GC_CONCURRENT freed 503K, 8% free 10146K/11015K, paused 2ms+2ms
07-06 14:50:00.416   344   344 D SAN_SERVICE: *******************************************
07-06 14:50:00.416   344   344 D SAN_SERVICE: DM App Phone Service State - 0
07-06 14:50:00.416   344   344 D SAN_SERVICE: *******************************************
07-06 14:50:00.650   344   344 D SAN_SERVICE: *******************************************
07-06 14:50:00.650   344   344 D SAN_SERVICE: DM App Phone Service State - 0
07-06 14:50:00.650   344   344 D SAN_SERVICE: *******************************************
07-06 14:50:01.424   344   344 D SAN_SERVICE: *******************************************
07-06 14:50:01.424   344   344 D SAN_SERVICE: DM App Phone Service State - 0
07-06 14:50:01.424   344   344 D SAN_SERVICE: *******************************************
07-06 14:50:23.846  1412  1414 D dalvikvm: GC_CONCURRENT freed 352K, 8% free 10177K/11015K, paused 5ms+2ms
07-06 14:50:24.100  1412  1414 D dalvikvm: GC_CONCURRENT freed 236K, 6% free 10371K/11015K, paused 2ms+4ms
07-06 14:50:41.346   344   344 D SAN_SERVICE: *******************************************
07-06 14:50:41.346   344   344 D SAN_SERVICE: DM App Phone Service State - 0
07-06 14:50:41.346   344   344 D SAN_SERVICE: *******************************************
07-06 14:50:41.588   344   344 D SAN_SERVICE: *******************************************
07-06 14:50:41.588   344   344 D SAN_SERVICE: DM App Phone Service State - 0
07-06 14:50:41.588   344   344 D SAN_SERVICE: *******************************************
07-06 14:50:51.502   145   199 D DhcpInfoInternal: makeLinkProperties with empty dns2!
07-06 14:50:51.514   145   199 D DhcpInfoInternal: makeLinkProperties with empty dns2!
07-06 14:51:03.568   344   344 D SAN_SERVICE: *******************************************
07-06 14:51:03.568   344   344 D SAN_SERVICE: DM App Phone Service State - 0
07-06 14:51:03.572   344   344 D SAN_SERVICE: *******************************************
07-06 14:51:03.607   986   988 D dalvikvm: GC_CONCURRENT freed 394K, 6% free 10480K/11143K, paused 3ms+2ms
07-06 14:51:04.314   344   344 D SAN_SERVICE: *******************************************
07-06 14:51:04.314   344   344 D SAN_SERVICE: DM App Phone Service State - 0
07-06 14:51:04.314   344   344 D SAN_SERVICE: *******************************************
07-06 14:51:12.178   344   344 D SAN_SERVICE: *******************************************
07-06 14:51:12.178   344   344 D SAN_SERVICE: DM App Phone Service State - 0
07-06 14:51:12.178   344   344 D SAN_SERVICE: *******************************************
07-06 14:51:12.646   344   344 D SAN_SERVICE: *******************************************
07-06 14:51:12.646   344   344 D SAN_SERVICE: DM App Phone Service State - 0
07-06 14:51:12.646   344   344 D SAN_SERVICE: *******************************************
07-06 14:51:17.408   427  1461 I PhoneLab-: Service Running
07-06 14:51:17.478   427  1461 I PhoneLab-LoggerService: app_37    1466  427   1436   1056  c00f181c 400107b4 S logcat
07-06 14:51:17.478   427  1461 I PhoneLab-LoggerService: Logcat pid from database 1466
07-06 14:51:17.478   427  1461 I PhoneLab-LoggerService: Logcat process found 1466
07-06 14:51:17.478   427  1461 I PhoneLab-LoggerService: Checking Threshold
07-06 14:51:17.478   427  1461 I PhoneLab-LoggerService: Starting to rename files
07-06 14:51:17.478   427  1461 I PhoneLab-LoggerService: Files found .. 2
07-06 14:51:23.803   306   914 D dalvikvm: GC_EXPLICIT freed 260K, 6% free 10177K/10759K, paused 2ms+4ms
07-06 14:51:23.916  1412  1414 D dalvikvm: GC_CONCURRENT freed 667K, 8% free 10157K/11015K, paused 8ms+3ms
07-06 14:51:42.853   344   344 D SAN_SERVICE: *******************************************
07-06 14:51:42.853   344   344 D SAN_SERVICE: DM App Phone Service State - 0
07-06 14:51:42.853   344   344 D SAN_SERVICE: *******************************************
07-06 14:51:43.053   344   344 D SAN_SERVICE: *******************************************
07-06 14:51:43.053   344   344 D SAN_SERVICE: DM App Phone Service State - 0
07-06 14:51:43.057   344   344 D SAN_SERVICE: *******************************************
07-06 14:51:43.830   344   344 D SAN_SERVICE: *******************************************
07-06 14:51:43.830   344   344 D SAN_SERVICE: DM App Phone Service State - 0
07-06 14:51:43.830   344   344 D SAN_SERVICE: *******************************************
07-06 14:51:56.728   145   161 V BackupManagerService: Running a backup pass
07-06 14:51:56.752   145   214 V BackupManagerService: Backup requested but nothing pending
07-06 14:52:23.885   986   988 D dalvikvm: GC_CONCURRENT freed 498K, 6% free 10494K/11143K, paused 2ms+3ms
07-06 14:52:24.037  1412  1414 D dalvikvm: GC_CONCURRENT freed 334K, 8% free 10219K/11015K, paused 2ms+2ms
07-06 14:53:16.381   145   199 D DhcpInfoInternal: makeLinkProperties with empty dns2!
07-06 14:53:16.385   145   199 D DhcpInfoInternal: makeLinkProperties with empty dns2!
07-06 14:53:17.408   427  1461 I PhoneLab-: Service Running
07-06 14:53:17.494   427  1461 I PhoneLab-LoggerService: app_37    1466  427   1436   1056  c00f181c 400107b4 S logcat
07-06 14:53:17.494   427  1461 I PhoneLab-LoggerService: Logcat pid from database 1466
07-06 14:53:17.498   427  1461 I PhoneLab-LoggerService: Logcat process found 1466
07-06 14:53:17.498   427  1461 I PhoneLab-LoggerService: Checking Threshold
07-06 14:53:17.498   427  1461 I PhoneLab-LoggerService: Starting to rename files
07-06 14:53:17.498   427  1461 I PhoneLab-LoggerService: Files found .. 2
07-06 14:53:23.951  1412  1414 D dalvikvm: GC_CONCURRENT freed 555K, 8% free 10147K/11015K, paused 2ms+2ms
07-06 14:53:35.459   344   344 D SAN_SERVICE: *******************************************
07-06 14:53:35.459   344   344 D SAN_SERVICE: DM App Phone Service State - 0
07-06 14:53:35.459   344   344 D SAN_SERVICE: *******************************************
07-06 14:53:35.728   344   344 D SAN_SERVICE: *******************************************
07-06 14:53:35.728   344   344 D SAN_SERVICE: DM App Phone Service State - 0
07-06 14:53:35.728   344   344 D SAN_SERVICE: *******************************************
07-06 14:53:36.447   344   344 D SAN_SERVICE: *******************************************
07-06 14:53:36.447   344   344 D SAN_SERVICE: DM App Phone Service State - 0
07-06 14:53:36.447   344   344 D SAN_SERVICE: *******************************************
07-06 14:54:21.525   344   344 D SAN_SERVICE: *******************************************
07-06 14:54:21.529   344   344 D SAN_SERVICE: DM App Phone Service State - 0
07-06 14:54:21.529   344   344 D SAN_SERVICE: *******************************************
07-06 14:54:21.834   344   344 D SAN_SERVICE: *******************************************
07-06 14:54:21.834   344   344 D SAN_SERVICE: DM App Phone Service State - 0
07-06 14:54:21.834   344   344 D SAN_SERVICE: *******************************************
07-06 14:54:21.853   344   345 D dalvikvm: GC_CONCURRENT freed 446K, 6% free 9484K/10055K, paused 19ms+2ms
07-06 14:54:22.619   344   344 D SAN_SERVICE: *******************************************
07-06 14:54:22.619   344   344 D SAN_SERVICE: DM App Phone Service State - 0
07-06 14:54:22.619   344   344 D SAN_SERVICE: *******************************************
07-06 14:54:23.939   986   988 D dalvikvm: GC_CONCURRENT freed 510K, 6% free 10495K/11143K, paused 2ms+2ms
07-06 14:54:24.061  1412  1414 D dalvikvm: GC_CONCURRENT freed 398K, 8% free 10144K/11015K, paused 2ms+2ms
07-06 14:54:28.357   344   344 D SAN_SERVICE: *******************************************
07-06 14:54:28.357   344   344 D SAN_SERVICE: DM App Phone Service State - 0
07-06 14:54:28.357   344   344 D SAN_SERVICE: *******************************************
07-06 14:54:36.967   344   344 D SAN_SERVICE: *******************************************
07-06 14:54:36.967   344   344 D SAN_SERVICE: DM App Phone Service State - 0
07-06 14:54:36.967   344   344 D SAN_SERVICE: *******************************************
07-06 14:54:37.068   344   344 D SAN_SERVICE: *******************************************
07-06 14:54:37.068   344   344 D SAN_SERVICE: DM App Phone Service State - 0
07-06 14:54:37.068   344   344 D SAN_SERVICE: *******************************************
07-06 14:54:37.865   344   344 D SAN_SERVICE: *******************************************
07-06 14:54:37.865   344   344 D SAN_SERVICE: DM App Phone Service State - 0
07-06 14:54:37.865   344   344 D SAN_SERVICE: *******************************************
07-06 14:54:52.256   344   344 D SAN_SERVICE: *******************************************
07-06 14:54:52.256   344   344 D SAN_SERVICE: DM App Phone Service State - 0
07-06 14:54:52.256   344   344 D SAN_SERVICE: *******************************************
07-06 14:54:53.049   344   344 D SAN_SERVICE: *******************************************
07-06 14:54:53.049   344   344 D SAN_SERVICE: DM App Phone Service State - 0
07-06 14:54:53.049   344   344 D SAN_SERVICE: *******************************************
07-06 14:55:17.408   427  1461 I PhoneLab-: Service Running
07-06 14:55:17.471   427  1461 I PhoneLab-LoggerService: app_37    1466  427   1436   1056  c00f181c 400107b4 S logcat
07-06 14:55:17.471   427  1461 I PhoneLab-LoggerService: Logcat pid from database 1466
07-06 14:55:17.475   427  1461 I PhoneLab-LoggerService: Logcat process found 1466
07-06 14:55:17.475   427  1461 I PhoneLab-LoggerService: Checking Threshold
07-06 14:55:17.475   427  1461 I PhoneLab-LoggerService: Starting to rename files
07-06 14:55:17.475   427  1461 I PhoneLab-LoggerService: Files found .. 2
07-06 14:55:22.748   145   147 D dalvikvm: JIT code cache reset in 5 ms (1048416 bytes 1/0)
07-06 14:55:22.771   145   147 D dalvikvm: GC_CONCURRENT freed 1102K, 14% free 14513K/16839K, paused 2ms+13ms
07-06 14:55:24.084   145  1189 D dalvikvm: GC_EXPLICIT freed 159K, 15% free 14385K/16839K, paused 3ms+5ms
07-06 14:55:41.088   145   199 D DhcpInfoInternal: makeLinkProperties with empty dns2!
07-06 14:55:41.088   145   199 D DhcpInfoInternal: makeLinkProperties with empty dns2!
07-06 14:55:48.561   344   344 D SAN_SERVICE: *******************************************
07-06 14:55:48.561   344   344 D SAN_SERVICE: DM App Phone Service State - 0
07-06 14:55:48.561   344   344 D SAN_SERVICE: *******************************************
07-06 14:55:48.853   344   344 D SAN_SERVICE: *******************************************
07-06 14:55:48.853   344   344 D SAN_SERVICE: DM App Phone Service State - 0
07-06 14:55:48.853   344   344 D SAN_SERVICE: *******************************************
07-06 14:55:49.061   344   344 D SAN_SERVICE: *******************************************
07-06 14:55:49.061   344   344 D SAN_SERVICE: DM App Phone Service State - 0
07-06 14:55:49.064   344   344 D SAN_SERVICE: *******************************************
07-06 14:55:58.818   344   344 D SAN_SERVICE: *******************************************
07-06 14:55:58.818   344   344 D SAN_SERVICE: DM App Phone Service State - 0
07-06 14:55:58.818   344   344 D SAN_SERVICE: *******************************************
07-06 14:56:09.064   344   344 D SAN_SERVICE: *******************************************
07-06 14:56:09.064   344   344 D SAN_SERVICE: DM App Phone Service State - 0
07-06 14:56:09.064   344   344 D SAN_SERVICE: *******************************************
07-06 14:56:24.033   986   988 D dalvikvm: GC_CONCURRENT freed 512K, 6% free 10495K/11143K, paused 2ms+3ms
07-06 14:56:24.174  1412  1414 D dalvikvm: GC_CONCURRENT freed 490K, 8% free 10158K/11015K, paused 2ms+2ms
07-06 14:57:17.408   427  1461 I PhoneLab-: Service Running
07-06 14:57:17.471   427  1461 I PhoneLab-LoggerService: app_37    1466  427   1436   1056  c00f181c 400107b4 S logcat
07-06 14:57:17.471   427  1461 I PhoneLab-LoggerService: Logcat pid from database 1466
07-06 14:57:17.471   427  1461 I PhoneLab-LoggerService: Logcat process found 1466
07-06 14:57:17.471   427  1461 I PhoneLab-LoggerService: Checking Threshold
07-06 14:57:17.475   427  1461 I PhoneLab-LoggerService: Starting to rename files
07-06 14:57:17.475   427  1461 I PhoneLab-LoggerService: Files found .. 2
07-06 14:57:27.084   455   458 D dalvikvm: GC_CONCURRENT freed 354K, 7% free 9767K/10439K, paused 2ms+4ms
07-06 14:57:46.385   344   344 D SAN_SERVICE: *******************************************
07-06 14:57:46.385   344   344 D SAN_SERVICE: DM App Phone Service State - 0
07-06 14:57:46.385   344   344 D SAN_SERVICE: *******************************************
07-06 14:57:46.603   344   344 D SAN_SERVICE: *******************************************
07-06 14:57:46.603   344   344 D SAN_SERVICE: DM App Phone Service State - 0
07-06 14:57:46.603   344   344 D SAN_SERVICE: *******************************************
07-06 14:58:05.619   145   174 I ActivityManager: Start proc com.google.android.apps.maps for service com.google.android.apps.maps/com.google.googlenav.prefetch.android.PrefetcherService: pid=2044 uid=10056 gids={3003, 1015}
07-06 14:58:05.783  2044  2046 D dalvikvm: GC_CONCURRENT freed 152K, 3% free 9380K/9607K, paused 2ms+4ms
07-06 14:58:05.904  2044  2044 I ActivityThread: Pub com.google.android.maps.SearchHistoryProvider: com.google.googlenav.provider.SearchHistoryProvider
07-06 14:58:05.916  2044  2044 I ActivityThread: Pub com.google.android.maps.SuggestionProvider: com.google.googlenav.suggest.android.SuggestContentProvider
07-06 14:58:05.947  2044  2044 I ActivityThread: Pub com.google.android.maps.LayerInfoProvider: com.google.googlenav.layer.LayerInfoProvider
07-06 14:58:05.951   145   199 D DhcpInfoInternal: makeLinkProperties with empty dns2!
07-06 14:58:05.951   145   199 D DhcpInfoInternal: makeLinkProperties with empty dns2!
07-06 14:58:05.971  2044  2044 I ActivityThread: Pub com.google.android.maps.TrafficAppWidgetProvider: com.google.googlenav.appwidget.traffic.TrafficAppWidgetProvider
07-06 14:58:05.975  2044  2044 I ActivityThread: Pub com.google.android.maps.LocalActivePlacesProvider: com.google.googlenav.provider.LocalActivePlacesProvider
07-06 14:58:05.975  2044  2044 I ActivityThread: Pub com.google.android.maps.StarredItemProvider: com.google.googlenav.provider.StarredItemProvider
07-06 14:58:06.131  2044  2046 D dalvikvm: GC_CONCURRENT freed 167K, 4% free 9686K/9991K, paused 4ms+3ms
07-06 14:58:06.303  2044  2044 I ActivityThread: Pub com.google.android.maps.LocalSuggestionProvider: com.google.googlenav.provider.LocalSuggestionProvider
07-06 14:58:06.303  2044  2044 I ActivityThread: Pub com.google.android.maps.NavigationAvailabilityProvider: com.google.googlenav.provider.NavigationAvailabilityProvider
07-06 14:58:06.412  2044  2046 D dalvikvm: GC_CONCURRENT freed 246K, 4% free 9934K/10311K, paused 3ms+2ms
07-06 14:58:06.451  2044  2078 D dalvikvm: GC_FOR_ALLOC freed 60K, 4% free 10146K/10567K, paused 21ms
07-06 14:58:06.451  2044  2078 I dalvikvm-heap: Grow heap (frag case) to 10.176MB for 204816-byte allocation
07-06 14:58:06.478  2044  2079 D dalvikvm: GC_FOR_ALLOC freed <1K, 5% free 10346K/10823K, paused 17ms
07-06 14:58:06.533  2044  2087 D dalvikvm: GC_FOR_ALLOC freed 134K, 4% free 10439K/10823K, paused 20ms
07-06 14:58:06.568  2044  2088 D dalvikvm: GC_FOR_ALLOC freed 26K, 4% free 10644K/11079K, paused 19ms
07-06 14:58:06.568  2044  2088 I dalvikvm-heap: Grow heap (frag case) to 10.663MB for 204816-byte allocation
07-06 14:58:06.600  2044  2089 D dalvikvm: GC_FOR_ALLOC freed <1K, 5% free 10844K/11335K, paused 22ms
07-06 14:58:12.057   344   344 D SAN_SERVICE: *******************************************
07-06 14:58:12.057   344   344 D SAN_SERVICE: DM App Phone Service State - 0
07-06 14:58:12.057   344   344 D SAN_SERVICE: *******************************************
07-06 14:58:12.287   344   344 D SAN_SERVICE: *******************************************
07-06 14:58:12.287   344   344 D SAN_SERVICE: DM App Phone Service State - 0
07-06 14:58:12.287   344   344 D SAN_SERVICE: *******************************************
07-06 14:58:12.541   344   344 D SAN_SERVICE: *******************************************
07-06 14:58:12.541   344   344 D SAN_SERVICE: DM App Phone Service State - 0
07-06 14:58:12.541   344   344 D SAN_SERVICE: *******************************************
07-06 14:58:24.189   986   988 D dalvikvm: GC_CONCURRENT freed 514K, 6% free 10492K/11143K, paused 1ms+3ms
07-06 14:58:24.326  1412  1414 D dalvikvm: GC_CONCURRENT freed 507K, 8% free 10162K/11015K, paused 2ms+4ms
07-06 14:58:34.178   344   344 D SAN_SERVICE: *******************************************
07-06 14:58:34.182   344   344 D SAN_SERVICE: DM App Phone Service State - 0
07-06 14:58:34.182   344   344 D SAN_SERVICE: *******************************************
07-06 14:58:34.369   344   344 D SAN_SERVICE: *******************************************
07-06 14:58:34.369   344   344 D SAN_SERVICE: DM App Phone Service State - 0
07-06 14:58:34.369   344   344 D SAN_SERVICE: *******************************************
07-06 14:58:42.697   344   344 D SAN_SERVICE: *******************************************
07-06 14:58:42.701   344   344 D SAN_SERVICE: DM App Phone Service State - 0
07-06 14:58:42.701   344   344 D SAN_SERVICE: *******************************************
07-06 14:58:52.346   306   697 I EventLogService: Aggregate from 1341599330215 (log), 1341599330215 (data)
07-06 14:58:58.041   344   344 D SAN_SERVICE: *******************************************
07-06 14:58:58.041   344   344 D SAN_SERVICE: DM App Phone Service State - 0
07-06 14:58:58.041   344   344 D SAN_SERVICE: *******************************************
07-06 14:58:58.283   344   344 D SAN_SERVICE: *******************************************
07-06 14:58:58.283   344   344 D SAN_SERVICE: DM App Phone Service State - 0
07-06 14:58:58.283   344   344 D SAN_SERVICE: *******************************************
07-06 14:58:58.783   344   344 D SAN_SERVICE: *******************************************
07-06 14:58:58.783   344   344 D SAN_SERVICE: DM App Phone Service State - 0
07-06 14:58:58.783   344   344 D SAN_SERVICE: *******************************************
07-06 14:59:17.408   427  1461 I PhoneLab-: Service Running
07-06 14:59:17.475   427   427 I PhoneLab-Locks: wake lock acquired
07-06 14:59:17.541   427  1461 I PhoneLab-LoggerService: app_37    1466  427   1436   1056  c00f181c 400107b4 S logcat
07-06 14:59:17.541   427  1461 I PhoneLab-LoggerService: Logcat pid from database 1466
07-06 14:59:17.545   427  1461 I PhoneLab-LoggerService: Logcat process found 1466
07-06 14:59:17.545   427  1461 I PhoneLab-LoggerService: Checking Threshold
07-06 14:59:17.545   427  1461 I PhoneLab-LoggerService: Starting to rename files
07-06 14:59:17.545   427  2103 I PhoneLab-PeriodicCheckService: User info is synched
07-06 14:59:17.545   427  1461 I PhoneLab-LoggerService: Files found .. 2
07-06 14:59:17.549   427  2103 I PhoneLab-PeriodicCheckService: Logger Service is running
07-06 14:59:17.557   427   427 I PhoneLab-Locks: wake lock acquired
07-06 14:59:17.561   427   427 I PhoneLab-StatusMonitor: Status Monitoring is started
07-06 14:59:17.561   427  2103 I PhoneLab-Locks: wake lock acquired
07-06 14:59:17.568   427  2103 I PhoneLab-PeriodicCheckService: Rescheduling periodic checking...
07-06 14:59:17.568   427  2103 I PhoneLab-Locks: wake lock released
07-06 14:59:17.584   427   427 E PhoneLab-PhoneLabManifest: java.io.FileNotFoundException: /data/data/edu.buffalo.cse.phonelab.phonelabservices/files/manifest.xml: open failed: ENOENT (No such file or directory)
07-06 14:59:17.588   427   430 D dalvikvm: GC_CONCURRENT freed 477K, 14% free 9189K/10567K, paused 2ms+4ms
07-06 14:59:17.611   427   427 I PhoneLab-Locks: wake lock released
07-06 14:59:17.611   427   427 I PhoneLab-UploadLogs: Transfering log files now
07-06 14:59:17.678   427   430 D dalvikvm: GC_CONCURRENT freed 364K, 13% free 9235K/10567K, paused 2ms+2ms
07-06 14:59:17.697   427   427 D dalvikvm: GC_FOR_ALLOC freed 185K, 11% free 9419K/10567K, paused 13ms
07-06 14:59:17.701   427   427 I dalvikvm-heap: Grow heap (frag case) to 9.763MB for 516692-byte allocation
07-06 14:59:17.725   427   427 D dalvikvm: GC_FOR_ALLOC freed 252K, 13% free 9670K/11079K, paused 14ms
07-06 14:59:17.728   427   427 I PhoneLab-UploadLogs: OnStartCommand
07-06 14:59:17.846   427  2106 D dalvikvm: GC_FOR_ALLOC freed 353K, 13% free 9651K/11079K, paused 38ms
07-06 14:59:17.857   427  2106 D dalvikvm: GC_FOR_ALLOC freed 301K, 13% free 9651K/11079K, paused 13ms
07-06 14:59:17.877   427  2106 D dalvikvm: GC_FOR_ALLOC freed 301K, 13% free 9652K/11079K, paused 14ms
07-06 14:59:20.498   427   427 I PhoneLab-: 1341599478514.log is deleted
07-06 14:59:20.498   427   427 I PhoneLab-: Response: {"data": "done", "err": ""}
07-06 14:59:20.506   427   427 I PhoneLab-UploadLogs: No log files to transfer
07-06 14:59:20.506   427   427 I PhoneLab-Locks: wake lock released
07-06 14:59:20.521   145   156 I ActivityManager: No longer want com.android.sprintmenu (pid 703): hidden #16
07-06 14:59:20.549   145  1187 W ActivityManager: Scheduling restart of crashed service com.android.sprintmenu/.HiddenPhoneService in 5000ms
07-06 14:59:25.603   145   162 I ActivityManager: Start proc com.android.sprintmenu for service com.android.sprintmenu/.HiddenPhoneService: pid=2109 uid=1001 gids={3002, 3001, 3003, 1015}
07-06 14:59:28.799   344   344 D SAN_SERVICE: *******************************************
07-06 14:59:28.799   344   344 D SAN_SERVICE: DM App Phone Service State - 0
07-06 14:59:28.799   344   344 D SAN_SERVICE: *******************************************
07-06 14:59:28.982   344   344 D SAN_SERVICE: *******************************************
07-06 14:59:28.982   344   344 D SAN_SERVICE: DM App Phone Service State - 0
07-06 14:59:28.982   344   344 D SAN_SERVICE: *******************************************
07-06 14:59:29.510   344   344 D SAN_SERVICE: *******************************************
07-06 14:59:29.510   344   344 D SAN_SERVICE: DM App Phone Service State - 0
07-06 14:59:29.514   344   344 D SAN_SERVICE: *******************************************
07-06 14:59:41.361  1035  2126 I Gmail   : MainSyncRequestProto: lowestBkwdConvoId: 0, highestHandledServerOp: 3296000, normalSync: true
07-06 14:59:42.037  1035  1038 D dalvikvm: GC_CONCURRENT freed 289K, 5% free 9686K/10183K, paused 10ms+3ms
07-06 14:59:44.381  1035  1038 D dalvikvm: GC_CONCURRENT freed 483K, 7% free 9628K/10247K, paused 2ms+3ms
07-06 14:59:44.924  1035  2126 D dalvikvm: GC_EXPLICIT freed 176K, 7% free 9632K/10247K, paused 2ms+3ms
07-06 14:59:44.932  1035  2126 I Gmail   : MainSyncRequestProto: lowestBkwdConvoId: 0, highestHandledServerOp: 3296071, normalSync: true
07-06 14:59:45.760  1035  2126 D dalvikvm: GC_EXPLICIT freed 210K, 6% free 9659K/10247K, paused 2ms+3ms
07-06 14:59:45.764  1035  2126 I Gmail   : MainSyncRequestProto: lowestBkwdConvoId: 0, highestHandledServerOp: 3296071, normalSync: true
07-06 14:59:45.768  1035  2126 I Gmail   : lowestBackward conversation id 0
07-06 14:59:45.775  1035  2126 W Gmail   : Scheduling index for 300000 ms from now
07-06 14:59:45.811  1035  2126 I Gmail   : Sending notification intent: Intent { act=android.intent.action.PROVIDER_CHANGED dat=content://gmail-ls/unread/^i (has extras) }
07-06 14:59:45.990  1035  2126 I Gmail   : Sending notification intent: Intent { act=android.intent.action.PROVIDER_CHANGED dat=content://gmail-ls/unread/^iim (has extras) }
07-06 14:59:46.002  1035  2129 W Gmail   : Showing notification with unreadCount of 13 and unseenCount of 12
07-06 14:59:46.018   145  2131 D MediaPlayer: Couldn't open file on client side, trying server side
07-06 14:59:46.053    81  1727 E MediaPlayerService: Couldn't open fd for content://settings/system/notification_sound
07-06 14:59:46.053   145  2131 E MediaPlayer: Unable to to create media player
07-06 14:59:46.061   145  2131 W NotificationService: error loading sound for content://settings/system/notification_sound
07-06 14:59:46.061   145  2131 W NotificationService: java.io.IOException: setDataSource failed.: status=0x80000000
07-06 14:59:46.061   145  2131 W NotificationService: 	at android.media.MediaPlayer._setDataSource(Native Method)
07-06 14:59:46.061   145  2131 W NotificationService: 	at android.media.MediaPlayer.setDataSource(MediaPlayer.java:844)
07-06 14:59:46.061   145  2131 W NotificationService: 	at android.media.MediaPlayer.setDataSource(MediaPlayer.java:806)
07-06 14:59:46.061   145  2131 W NotificationService: 	at android.media.MediaPlayer.setDataSource(MediaPlayer.java:761)
07-06 14:59:46.061   145  2131 W NotificationService: 	at com.android.server.NotificationPlayer$CreationAndCompletionThread.run(NotificationPlayer.java:88)
07-06 14:59:46.119   215   215 D dalvikvm: GC_FOR_ALLOC freed 208K, 32% free 10035K/14663K, paused 17ms
07-06 14:59:46.193   215   217 D dalvikvm: GC_CONCURRENT freed 356K, 31% free 10165K/14663K, paused 3ms+3ms
07-06 14:59:46.416   215   217 D dalvikvm: GC_CONCURRENT freed 366K, 31% free 10200K/14663K, paused 4ms+4ms
07-06 14:59:46.803  1798  2134 I DownloadManager: Initiating request for download 713
07-06 14:59:47.150  1798  1799 D dalvikvm: GC_CONCURRENT freed 323K, 5% free 9284K/9735K, paused 7ms+5ms
07-06 14:59:48.373   145   156 D dalvikvm: GC_EXPLICIT freed 1027K, 14% free 14510K/16839K, paused 4ms+7ms
07-06 14:59:48.377   145   154 W MediaPlayer-JNI: MediaPlayer finalized without being released
07-06 14:59:48.795  1798  2141 I DownloadManager: deleting /data/data/com.android.providers.downloads/cache/downloadfile.pdf
07-06 14:59:54.654   344   344 D SAN_SERVICE: *******************************************
07-06 14:59:54.654   344   344 D SAN_SERVICE: DM App Phone Service State - 0
07-06 14:59:54.654   344   344 D SAN_SERVICE: *******************************************
07-06 14:59:54.732   215   217 D dalvikvm: GC_CONCURRENT freed 522K, 32% free 10116K/14663K, paused 1ms+8ms
07-06 14:59:54.740   344   345 D dalvikvm: GC_CONCURRENT freed 441K, 6% free 9483K/10055K, paused 2ms+12ms
07-06 14:59:54.764   215   215 V PhoneStatusBar: setLightsOn(true)
07-06 14:59:54.943   637   637 W IInputConnectionWrapper: showStatusIcon on inactive InputConnection
07-06 14:59:54.943   145  1186 W InputManagerService: Starting input on non-focused client com.android.internal.view.IInputMethodClient$Stub$Proxy@4166b608 (uid=10068 pid=637)
07-06 14:59:54.998   145   380 I ActivityManager: No longer want com.google.android.apps.maps:NetworkLocationService (pid 986): hidden #16
07-06 14:59:55.014   145  1184 W ActivityManager: Scheduling restart of crashed service com.google.android.apps.maps/com.google.android.location.internal.server.NetworkLocationService in 5000ms
07-06 14:59:56.928   145   172 I power   : *** set_screen_state 0
07-06 14:59:56.990    78   121 D SurfaceFlinger: About to give-up screen, flinger = 0x1eda918
07-06 14:59:57.143   145   176 D dalvikvm: GC_FOR_ALLOC freed 485K, 11% free 15031K/16839K, paused 66ms
07-06 14:59:57.182   145   176 V TransportControlView: Create TCV com.android.internal.widget.TransportControlView@418a7470
07-06 14:59:57.221   215   215 D PhoneStatusBar: disable: < expand icons alerts ticker system_info back home RECENT* clock >
07-06 14:59:57.256   215   215 D PhoneStatusBar: disable: < expand icons alerts ticker system_info BACK* HOME* RECENT CLOCK* >
07-06 15:00:00.096   145   162 I ActivityManager: Start proc com.google.android.apps.maps:NetworkLocationService for service com.google.android.apps.maps/com.google.android.location.internal.server.NetworkLocationService: pid=2146 uid=10056 gids={3003, 1015}
07-06 15:00:00.236  2146  2148 D dalvikvm: GC_CONCURRENT freed 161K, 3% free 9371K/9607K, paused 6ms+2ms
07-06 15:00:00.627  2146  2148 D dalvikvm: GC_CONCURRENT freed 155K, 3% free 9672K/9927K, paused 1ms+2ms
07-06 15:00:00.920  2146  2148 D dalvikvm: GC_CONCURRENT freed 173K, 3% free 10063K/10311K, paused 2ms+3ms
07-06 15:00:01.088  2146  2148 D dalvikvm: GC_CONCURRENT freed 666K, 8% free 9883K/10631K, paused 2ms+2ms
07-06 15:00:01.178   145   162 I ActivityManager: Start proc com.google.android.apps.maps:FriendService for broadcast com.google.android.apps.maps/com.google.googlenav.friend.android.ServiceReceiver: pid=2167 uid=10056 gids={3003, 1015}
07-06 15:00:01.299  2167  2169 D dalvikvm: GC_CONCURRENT freed 163K, 3% free 9369K/9607K, paused 2ms+2ms
07-06 15:00:01.459  2167  2169 D dalvikvm: GC_CONCURRENT freed 201K, 3% free 9749K/9991K, paused 1ms+3ms
07-06 15:00:01.541   145  1185 I ActivityManager: No longer want com.google.android.apps.uploader (pid 1135): hidden #16
07-06 15:00:01.635   145  1188 D dalvikvm: GC_FOR_ALLOC freed 178K, 10% free 15305K/16839K, paused 61ms
07-06 15:00:01.693  2146  2153 I dalvikvm: Total arena pages for JIT: 11
07-06 15:00:01.697  2146  2153 I dalvikvm: Total arena pages for JIT: 12
07-06 15:00:01.697  2146  2153 I dalvikvm: Total arena pages for JIT: 13
07-06 15:00:01.701  2146  2153 I dalvikvm: Total arena pages for JIT: 14
07-06 15:00:01.701  2146  2153 I dalvikvm: Total arena pages for JIT: 15
07-06 15:00:01.701  1412  1414 D dalvikvm: GC_CONCURRENT freed 428K, 9% free 10122K/11015K, paused 4ms+8ms
07-06 15:00:01.705  2146  2153 I dalvikvm: Total arena pages for JIT: 16
07-06 15:00:01.705  2146  2153 I dalvikvm: Total arena pages for JIT: 17
07-06 15:00:01.861  2146  2148 D dalvikvm: GC_CONCURRENT freed 175K, 5% free 10131K/10631K, paused 1ms+2ms
07-06 15:00:01.885  2146  2153 I dalvikvm: Total arena pages for JIT: 18
07-06 15:00:02.170  2146  2148 D dalvikvm: GC_CONCURRENT freed 345K, 5% free 10313K/10759K, paused 2ms+3ms
07-06 15:00:02.225   306   307 D dalvikvm: GC_CONCURRENT freed 399K, 5% free 10230K/10759K, paused 5ms+12ms
