07-12 23:26:07.495  6706  6766 D dalvikvm: GC_FOR_ALLOC freed 400K, 8% free 10560K/11399K, paused 21ms
07-12 23:26:08.131  6706  6709 D dalvikvm: GC_CONCURRENT freed 203K, 6% free 10751K/11399K, paused 3ms+2ms
07-12 23:26:09.233  6706  6766 D dalvikvm: GC_FOR_ALLOC freed 400K, 8% free 10560K/11399K, paused 21ms
07-12 23:26:09.878  6706  6709 D dalvikvm: GC_CONCURRENT freed 207K, 6% free 10749K/11399K, paused 2ms+2ms
07-12 23:26:10.893  6706  6766 D dalvikvm: GC_FOR_ALLOC freed 404K, 8% free 10560K/11399K, paused 21ms
07-12 23:26:10.987  6547  6560 I PhoneLab-: Service Running
07-12 23:26:11.081  6547  6560 I PhoneLab-LoggerService: app_37    1373  1     1440   1004  c00f181c 400107b4 S logcat
07-12 23:26:11.081  6547  6560 I PhoneLab-LoggerService: Logcat pid from database 1373
07-12 23:26:11.081  6547  6560 I PhoneLab-LoggerService: Logcat process found 1373
07-12 23:26:11.081  6547  6560 I PhoneLab-LoggerService: Checking Threshold
07-12 23:26:11.081  6547  6560 I PhoneLab-LoggerService: Starting to rename files
07-12 23:26:11.081  6547  6560 I PhoneLab-LoggerService: Files found .. 2
07-12 23:26:11.088  6547  6560 I PhoneLab-LoggerService: File 1 log.out.1
07-12 23:26:11.096  6547  6560 I PhoneLab-LoggerService: Renamed successfully
07-12 23:26:11.522  6706  6709 D dalvikvm: GC_CONCURRENT freed 203K, 6% free 10749K/11399K, paused 2ms+2ms
07-12 23:26:12.620  6706  6766 D dalvikvm: GC_FOR_ALLOC freed 405K, 8% free 10560K/11399K, paused 21ms
07-12 23:26:13.167  6706  6709 D dalvikvm: GC_CONCURRENT freed 207K, 6% free 10749K/11399K, paused 2ms+2ms
07-12 23:26:14.264  6706  6766 D dalvikvm: GC_FOR_ALLOC freed 400K, 8% free 10560K/11399K, paused 21ms
07-12 23:26:14.924  6706  6709 D dalvikvm: GC_CONCURRENT freed 381K, 8% free 10578K/11399K, paused 2ms+3ms
07-12 23:26:16.030  6706  6709 D dalvikvm: GC_CONCURRENT freed 235K, 6% free 10751K/11399K, paused 2ms+2ms
07-12 23:26:16.600  6706  6766 D dalvikvm: GC_FOR_ALLOC freed 204K, 7% free 10686K/11399K, paused 53ms
07-12 23:26:16.811   144   147 D dalvikvm: GC_CONCURRENT freed 2093K, 26% free 17606K/23623K, paused 2ms+8ms
07-12 23:26:17.643  6706  6766 D dalvikvm: GC_FOR_ALLOC freed 400K, 8% free 10560K/11399K, paused 21ms
07-12 23:26:18.284  6706  6709 D dalvikvm: GC_CONCURRENT freed 203K, 6% free 10751K/11399K, paused 2ms+3ms
07-12 23:26:19.413  6706  6766 D dalvikvm: GC_FOR_ALLOC freed 400K, 8% free 10560K/11399K, paused 23ms
07-12 23:26:19.948  6706  6709 D dalvikvm: GC_CONCURRENT freed 339K, 7% free 10626K/11399K, paused 2ms+2ms
07-12 23:26:19.987   144   198 D DhcpInfoInternal: makeLinkProperties with empty dns2!
07-12 23:26:19.991   144   198 D DhcpInfoInternal: makeLinkProperties with empty dns2!
07-12 23:26:21.026  6706  6766 D dalvikvm: GC_FOR_ALLOC freed 277K, 7% free 10622K/11399K, paused 21ms
07-12 23:26:22.159  6706  6766 D dalvikvm: GC_FOR_ALLOC freed 408K, 8% free 10560K/11399K, paused 21ms
07-12 23:26:22.799  6706  6709 D dalvikvm: GC_CONCURRENT freed 203K, 6% free 10751K/11399K, paused 3ms+2ms
07-12 23:26:24.249  6706  6766 D dalvikvm: GC_FOR_ALLOC freed 410K, 8% free 10560K/11399K, paused 94ms
07-12 23:26:24.405  6706  6709 D dalvikvm: GC_CONCURRENT freed 378K, 8% free 10572K/11399K, paused 4ms+3ms
07-12 23:26:25.542  6706  6766 D dalvikvm: GC_FOR_ALLOC freed 326K, 7% free 10618K/11399K, paused 23ms
07-12 23:26:26.206  6706  6766 D dalvikvm: GC_FOR_ALLOC freed 207K, 7% free 10688K/11399K, paused 44ms
07-12 23:26:26.663  6706  6766 D dalvikvm: GC_FOR_ALLOC freed 204K, 7% free 10686K/11399K, paused 21ms
07-12 23:26:27.276  6706  6766 D dalvikvm: GC_FOR_ALLOC freed 199K, 7% free 10688K/11399K, paused 21ms
07-12 23:26:28.487  6706  6766 D dalvikvm: GC_FOR_ALLOC freed 400K, 8% free 10560K/11399K, paused 21ms
07-12 23:26:28.936  6706  6709 D dalvikvm: GC_CONCURRENT freed 219K, 6% free 10751K/11399K, paused 3ms+2ms
07-12 23:26:29.569  6706  6766 D dalvikvm: GC_FOR_ALLOC freed 201K, 7% free 10674K/11399K, paused 23ms
07-12 23:26:29.620  6652  6655 D dalvikvm: GC_CONCURRENT freed 534K, 6% free 10406K/11015K, paused 16ms+4ms
07-12 23:26:29.655  5358  5358 D OpenGLRenderer: Flushing caches (mode 2)
07-12 23:26:29.655  5358  5358 D OpenGLRenderer: Flushing caches (mode 0)
07-12 23:26:29.659  5358  5358 W ManagedEGLContext: doTerminate failed: EGL count is 2 but managed count is 1
07-12 23:26:30.807  3358  3360 D dalvikvm: GC_CONCURRENT freed 510K, 7% free 10215K/10951K, paused 2ms+3ms
07-12 23:26:30.862  6706  6766 D dalvikvm: GC_FOR_ALLOC freed 368K, 8% free 10560K/11399K, paused 22ms
07-12 23:26:31.815  6706  6766 D dalvikvm: GC_FOR_ALLOC freed 200K, 7% free 10689K/11399K, paused 51ms
07-12 23:26:31.866  6706  6766 D dalvikvm: GC_FOR_ALLOC freed 197K, 7% free 10689K/11399K, paused 21ms
07-12 23:26:32.889  6706  6766 D dalvikvm: GC_FOR_ALLOC freed 197K, 7% free 10689K/11399K, paused 127ms
07-12 23:26:32.944  6706  6766 D dalvikvm: GC_FOR_ALLOC freed 196K, 7% free 10689K/11399K, paused 21ms
07-12 23:26:33.811  6706  6766 D dalvikvm: GC_FOR_ALLOC freed 197K, 7% free 10689K/11399K, paused 47ms
07-12 23:26:34.807  6706  6766 D dalvikvm: GC_FOR_ALLOC freed 395K, 8% free 10560K/11399K, paused 72ms
07-12 23:26:35.389  6706  6709 D dalvikvm: GC_CONCURRENT freed 225K, 6% free 10733K/11399K, paused 2ms+2ms
07-12 23:26:36.280  6706  6766 D dalvikvm: GC_FOR_ALLOC freed 395K, 8% free 10560K/11399K, paused 22ms
07-12 23:26:37.256  6706  6709 D dalvikvm: GC_CONCURRENT freed 377K, 8% free 10581K/11399K, paused 21ms+2ms
07-12 23:26:37.932  6706  6709 D dalvikvm: GC_CONCURRENT freed 271K, 6% free 10723K/11399K, paused 3ms+2ms
07-12 23:26:39.065  6706  6766 D dalvikvm: GC_FOR_ALLOC freed 429K, 8% free 10560K/11399K, paused 22ms
07-12 23:26:39.905  6706  6709 D dalvikvm: GC_CONCURRENT freed 382K, 8% free 10582K/11399K, paused 21ms+2ms
07-12 23:26:40.796  6706  6766 D dalvikvm: GC_FOR_ALLOC freed 236K, 7% free 10673K/11399K, paused 21ms
07-12 23:26:41.823  6706  6766 D dalvikvm: GC_FOR_ALLOC freed 405K, 8% free 10560K/11399K, paused 21ms
07-12 23:26:42.448  6706  6709 D dalvikvm: GC_CONCURRENT freed 210K, 6% free 10749K/11399K, paused 2ms+3ms
07-12 23:26:42.940  6706  6766 D dalvikvm: GC_FOR_ALLOC freed 202K, 7% free 10686K/11399K, paused 22ms
07-12 23:26:44.069  6706  6766 D dalvikvm: GC_FOR_ALLOC freed 400K, 8% free 10560K/11399K, paused 21ms
07-12 23:26:44.850  6706  6709 D dalvikvm: GC_CONCURRENT freed 205K, 6% free 10749K/11399K, paused 10ms+2ms
07-12 23:26:45.796  6706  6766 D dalvikvm: GC_FOR_ALLOC freed 400K, 8% free 10560K/11399K, paused 23ms
07-12 23:26:46.354  6706  6709 D dalvikvm: GC_CONCURRENT freed 210K, 6% free 10749K/11399K, paused 2ms+3ms
07-12 23:26:46.944  6706  6766 D dalvikvm: GC_FOR_ALLOC freed 202K, 7% free 10686K/11399K, paused 21ms
07-12 23:26:48.151  6706  6766 D dalvikvm: GC_FOR_ALLOC freed 404K, 8% free 10560K/11399K, paused 23ms
07-12 23:26:48.612  6706  6709 D dalvikvm: GC_CONCURRENT freed 210K, 6% free 10743K/11399K, paused 2ms+3ms
07-12 23:26:49.678  6706  6766 D dalvikvm: GC_FOR_ALLOC freed 410K, 8% free 10560K/11399K, paused 29ms
07-12 23:26:49.870  5358  5358 D OpenGLRenderer: Flushing caches (mode 2)
07-12 23:26:49.870  5358  5358 D OpenGLRenderer: Flushing caches (mode 0)
07-12 23:26:49.870  5358  5358 W ManagedEGLContext: doTerminate failed: EGL count is 2 but managed count is 1
07-12 23:26:50.342  6706  6709 D dalvikvm: GC_CONCURRENT freed 210K, 6% free 10749K/11399K, paused 2ms+3ms
07-12 23:26:50.838  6706  6766 D dalvikvm: GC_FOR_ALLOC freed 202K, 7% free 10678K/11399K, paused 21ms
07-12 23:26:52.010  6706  6766 D dalvikvm: GC_FOR_ALLOC freed 415K, 8% free 10560K/11399K, paused 22ms
07-12 23:26:52.588  6706  6709 D dalvikvm: GC_CONCURRENT freed 210K, 6% free 10749K/11399K, paused 2ms+3ms
07-12 23:26:53.081  6706  6766 D dalvikvm: GC_FOR_ALLOC freed 202K, 7% free 10686K/11399K, paused 22ms
07-12 23:26:54.198  6706  6766 D dalvikvm: GC_FOR_ALLOC freed 400K, 8% free 10560K/11399K, paused 23ms
07-12 23:26:54.960  6706  6709 D dalvikvm: GC_CONCURRENT freed 210K, 6% free 10749K/11399K, paused 3ms+2ms
07-12 23:26:55.335  6706  6766 D dalvikvm: GC_FOR_ALLOC freed 202K, 7% free 10686K/11399K, paused 22ms
07-12 23:26:56.467  6706  6766 D dalvikvm: GC_FOR_ALLOC freed 402K, 8% free 10562K/11399K, paused 22ms
07-12 23:26:57.096  6706  6709 D dalvikvm: GC_CONCURRENT freed 207K, 6% free 10749K/11399K, paused 2ms+2ms
07-12 23:26:58.198  6706  6766 D dalvikvm: GC_FOR_ALLOC freed 400K, 8% free 10560K/11399K, paused 21ms
07-12 23:26:58.741  6706  6709 D dalvikvm: GC_CONCURRENT freed 205K, 6% free 10749K/11399K, paused 2ms+4ms
07-12 23:26:59.838  6706  6766 D dalvikvm: GC_FOR_ALLOC freed 400K, 8% free 10560K/11399K, paused 21ms
07-12 23:27:00.467  6706  6709 D dalvikvm: GC_CONCURRENT freed 205K, 6% free 10749K/11399K, paused 2ms+2ms
07-12 23:27:01.581  6706  6766 D dalvikvm: GC_FOR_ALLOC freed 400K, 8% free 10560K/11399K, paused 22ms
07-12 23:27:02.120  6706  6709 D dalvikvm: GC_CONCURRENT freed 205K, 6% free 10749K/11399K, paused 2ms+2ms
07-12 23:27:03.202  6706  6766 D dalvikvm: GC_FOR_ALLOC freed 400K, 8% free 10560K/11399K, paused 21ms
07-12 23:27:03.858  6706  6709 D dalvikvm: GC_CONCURRENT freed 205K, 6% free 10749K/11399K, paused 2ms+2ms
07-12 23:27:05.077  6706  6766 D dalvikvm: GC_FOR_ALLOC freed 405K, 8% free 10560K/11399K, paused 21ms
07-12 23:27:05.506  6706  6709 D dalvikvm: GC_CONCURRENT freed 372K, 8% free 10591K/11399K, paused 2ms+2ms
07-12 23:27:06.628  6706  6709 D dalvikvm: GC_CONCURRENT freed 246K, 6% free 10749K/11399K, paused 2ms+2ms
07-12 23:27:07.725  6706  6766 D dalvikvm: GC_FOR_ALLOC freed 400K, 8% free 10560K/11399K, paused 21ms
07-12 23:27:08.362  6706  6709 D dalvikvm: GC_CONCURRENT freed 205K, 6% free 10749K/11399K, paused 2ms+2ms
07-12 23:27:09.460  6706  6766 D dalvikvm: GC_FOR_ALLOC freed 400K, 8% free 10560K/11399K, paused 21ms
07-12 23:27:09.999  6706  6709 D dalvikvm: GC_CONCURRENT freed 205K, 6% free 10749K/11399K, paused 2ms+2ms
07-12 23:27:11.092  6706  6766 D dalvikvm: GC_FOR_ALLOC freed 400K, 8% free 10560K/11399K, paused 21ms
07-12 23:27:11.733  6706  6709 D dalvikvm: GC_CONCURRENT freed 205K, 6% free 10749K/11399K, paused 2ms+3ms
07-12 23:27:12.846  6706  6766 D dalvikvm: GC_FOR_ALLOC freed 400K, 8% free 10560K/11399K, paused 23ms
07-12 23:27:13.378  6706  6709 D dalvikvm: GC_CONCURRENT freed 210K, 6% free 10749K/11399K, paused 2ms+3ms
07-12 23:27:14.588  6706  6766 D dalvikvm: GC_FOR_ALLOC freed 405K, 8% free 10560K/11399K, paused 21ms
07-12 23:27:15.018  6706  6709 D dalvikvm: GC_CONCURRENT freed 208K, 6% free 10749K/11399K, paused 2ms+3ms
07-12 23:27:16.221  6706  6766 D dalvikvm: GC_FOR_ALLOC freed 400K, 8% free 10560K/11399K, paused 21ms
07-12 23:27:16.756  6706  6709 D dalvikvm: GC_CONCURRENT freed 205K, 6% free 10749K/11399K, paused 2ms+3ms
07-12 23:27:17.858  6706  6766 D dalvikvm: GC_FOR_ALLOC freed 400K, 8% free 10560K/11399K, paused 21ms
07-12 23:27:18.139  5358  5358 D OpenGLRenderer: Flushing caches (mode 2)
07-12 23:27:18.143  5358  5358 D OpenGLRenderer: Flushing caches (mode 0)
07-12 23:27:18.143  5358  5358 W ManagedEGLContext: doTerminate failed: EGL count is 2 but managed count is 1
07-12 23:27:18.432  6706  6709 D dalvikvm: GC_CONCURRENT freed 334K, 7% free 10625K/11399K, paused 2ms+3ms
07-12 23:27:18.749  6268  6269 D dalvikvm: GC_CONCURRENT freed 1107K, 9% free 12733K/13959K, paused 10ms+2ms
07-12 23:27:19.503  6706  6766 D dalvikvm: GC_FOR_ALLOC freed 295K, 7% free 10687K/11399K, paused 22ms
07-12 23:27:20.221  6706  6766 D dalvikvm: GC_FOR_ALLOC freed 202K, 7% free 10686K/11399K, paused 22ms
07-12 23:27:20.729  6706  6766 D dalvikvm: GC_FOR_ALLOC freed 202K, 7% free 10686K/11399K, paused 22ms
07-12 23:27:21.756  6706  6766 D dalvikvm: GC_FOR_ALLOC freed 410K, 8% free 10560K/11399K, paused 51ms
07-12 23:27:22.331  6268  6269 D dalvikvm: GC_CONCURRENT freed 900K, 8% free 13013K/14023K, paused 4ms+3ms
07-12 23:27:22.417  6706  6709 D dalvikvm: GC_CONCURRENT freed 318K, 7% free 10641K/11399K, paused 2ms+2ms
07-12 23:27:23.467  6706  6766 D dalvikvm: GC_FOR_ALLOC freed 460K, 8% free 10560K/11399K, paused 23ms
07-12 23:27:24.635  6268  7018 E dalvikvm: Could not find class 'android.app.Notification$InboxStyle', referenced from method com.google.android.apps.plus.service.AndroidNotification.createDigestNotification
07-12 23:27:24.639  6268  7018 W dalvikvm: VFY: unable to resolve new-instance 41 (Landroid/app/Notification$InboxStyle;) in Lcom/google/android/apps/plus/service/AndroidNotification;
07-12 23:27:24.639  6268  7018 D dalvikvm: VFY: replacing opcode 0x22 at 0x0018
07-12 23:27:24.643  6268  7018 I dalvikvm: Could not find method android.app.Notification$Builder.setPriority, referenced from method com.google.android.apps.plus.service.AndroidNotification.createRichNotification
07-12 23:27:24.643  6268  7018 W dalvikvm: VFY: unable to resolve virtual method 162: Landroid/app/Notification$Builder;.setPriority (I)Landroid/app/Notification$Builder;
07-12 23:27:24.643  6268  7018 D dalvikvm: VFY: replacing opcode 0x6e at 0x00d5
07-12 23:27:24.655  6706  6709 D dalvikvm: GC_CONCURRENT freed 273K, 6% free 10749K/11399K, paused 2ms+3ms
07-12 23:27:24.674  6268  7018 D dalvikvm: DexOpt: unable to opt direct call 0x00a8 at 0x1a in Lcom/google/android/apps/plus/service/AndroidNotification;.createDigestNotification
07-12 23:27:24.674  6268  7018 D dalvikvm: DexOpt: unable to opt direct call 0x0091 at 0xf1 in Lcom/google/android/apps/plus/service/AndroidNotification;.createRichNotification
07-12 23:27:24.678  6268  7018 D dalvikvm: DexOpt: unable to opt direct call 0x0095 at 0x397 in Lcom/google/android/apps/plus/service/AndroidNotification;.createRichNotification
07-12 23:27:25.694  6706  6766 D dalvikvm: GC_FOR_ALLOC freed 523K, 8% free 10561K/11399K, paused 27ms
07-12 23:27:26.874  6706  6709 D dalvikvm: GC_CONCURRENT freed 341K, 7% free 10623K/11399K, paused 2ms+3ms
07-12 23:27:27.983  6706  6766 D dalvikvm: GC_FOR_ALLOC freed 433K, 8% free 10560K/11399K, paused 21ms
07-12 23:27:28.503  6706  6709 D dalvikvm: GC_CONCURRENT freed 376K, 8% free 10571K/11399K, paused 3ms+3ms
07-12 23:27:29.651 30387 30389 D dalvikvm: GC_CONCURRENT freed 432K, 6% free 10322K/10887K, paused 8ms+41ms
07-12 23:27:29.713  6706  6709 D dalvikvm: GC_CONCURRENT freed 334K, 7% free 10632K/11399K, paused 2ms+2ms
07-12 23:27:29.936  3358  7023 D dalvikvm: GC_EXPLICIT freed 163K, 8% free 10154K/10951K, paused 2ms+3ms
07-12 23:27:30.546  6268  6269 D dalvikvm: GC_CONCURRENT freed 1265K, 10% free 13016K/14407K, paused 24ms+3ms
07-12 23:27:30.760  6706  6766 D dalvikvm: GC_FOR_ALLOC freed 420K, 8% free 10560K/11399K, paused 22ms
07-12 23:27:31.362  6706  6709 D dalvikvm: GC_CONCURRENT freed 378K, 8% free 10571K/11399K, paused 3ms+2ms
07-12 23:27:32.116  6268  6269 D dalvikvm: GC_CONCURRENT freed 1119K, 9% free 13159K/14407K, paused 3ms+2ms
07-12 23:27:32.499  6706  6709 D dalvikvm: GC_CONCURRENT freed 345K, 7% free 10642K/11399K, paused 7ms+3ms
07-12 23:27:33.014  6706  6766 D dalvikvm: GC_FOR_ALLOC freed 178K, 7% free 10687K/11399K, paused 23ms
07-12 23:27:33.628  6706  6766 D dalvikvm: GC_FOR_ALLOC freed 206K, 7% free 10686K/11399K, paused 22ms
07-12 23:27:34.131  6706  6766 D dalvikvm: GC_FOR_ALLOC freed 201K, 7% free 10687K/11399K, paused 25ms
07-12 23:27:34.405  5658  5660 D dalvikvm: GC_CONCURRENT freed 344K, 8% free 9846K/10695K, paused 10ms+7ms
07-12 23:27:35.085  6268  6269 D dalvikvm: GC_CONCURRENT freed 1150K, 9% free 13345K/14599K, paused 5ms+3ms
07-12 23:27:35.272  6706  6766 D dalvikvm: GC_FOR_ALLOC freed 534K, 8% free 10573K/11399K, paused 27ms
07-12 23:27:35.358  6268  7018 D dalvikvm: GC_FOR_ALLOC freed 65K, 7% free 13587K/14599K, paused 46ms
07-12 23:27:35.401  6268  7018 D dalvikvm: GC_FOR_ALLOC freed 345K, 10% free 13583K/14983K, paused 41ms
07-12 23:27:35.405  6268  7018 I dalvikvm-heap: Grow heap (frag case) to 13.666MB for 349238-byte allocation
07-12 23:27:35.448  6268  7018 D dalvikvm: GC_FOR_ALLOC freed 0K, 10% free 13924K/15367K, paused 42ms
07-12 23:27:36.268  6268  6269 D dalvikvm: GC_CONCURRENT freed 1065K, 8% free 14435K/15623K, paused 2ms+3ms
07-12 23:27:36.354  6706  6709 D dalvikvm: GC_CONCURRENT freed 379K, 8% free 10589K/11399K, paused 3ms+2ms
07-12 23:27:37.467  6706  6709 D dalvikvm: GC_CONCURRENT freed 427K, 8% free 10596K/11399K, paused 3ms+4ms
07-12 23:27:38.163  6706  6709 D dalvikvm: GC_CONCURRENT freed 418K, 8% free 10576K/11399K, paused 3ms+2ms
07-12 23:27:38.303  6268  6269 D dalvikvm: GC_CONCURRENT freed 1672K, 12% free 14460K/16263K, paused 2ms+3ms
07-12 23:27:39.268  6706  6709 D dalvikvm: GC_CONCURRENT freed 383K, 8% free 10600K/11399K, paused 2ms+3ms
07-12 23:27:40.561  6706  6766 D dalvikvm: GC_FOR_ALLOC freed 346K, 7% free 10611K/11399K, paused 26ms
07-12 23:27:41.581  6706  6766 D dalvikvm: GC_FOR_ALLOC freed 428K, 8% free 10560K/11399K, paused 24ms
07-12 23:27:42.796   144   147 D dalvikvm: GC_CONCURRENT freed 2016K, 26% free 17616K/23623K, paused 3ms+9ms
07-12 23:27:42.827  6706  6709 D dalvikvm: GC_CONCURRENT freed 382K, 7% free 10623K/11399K, paused 3ms+6ms
07-12 23:27:42.842  6268  6269 D dalvikvm: GC_CONCURRENT freed 2968K, 19% free 13237K/16327K, paused 9ms+79ms
07-12 23:27:43.120  6268  7018 I SqliteDatabaseCpp: sqlite returned: error code = 1, msg = no such column: last_stats_sync_time, db=/data/data/com.google.android.apps.plus/databases/es0.db
07-12 23:27:43.139  6268  7018 E EsSyncAdapterService: Sync failure
07-12 23:27:43.139  6268  7018 E EsSyncAdapterService: android.database.sqlite.SQLiteException: no such column: last_stats_sync_time: , while compiling: SELECT last_stats_sync_time  FROM account_status
07-12 23:27:43.139  6268  7018 E EsSyncAdapterService: 	at android.database.sqlite.SQLiteCompiledSql.native_compile(Native Method)
07-12 23:27:43.139  6268  7018 E EsSyncAdapterService: 	at android.database.sqlite.SQLiteCompiledSql.<init>(SQLiteCompiledSql.java:68)
07-12 23:27:43.139  6268  7018 E EsSyncAdapterService: 	at android.database.sqlite.SQLiteProgram.compileSql(SQLiteProgram.java:143)
07-12 23:27:43.139  6268  7018 E EsSyncAdapterService: 	at android.database.sqlite.SQLiteProgram.compileAndbindAllArgs(SQLiteProgram.java:361)
07-12 23:27:43.139  6268  7018 E EsSyncAdapterService: 	at android.database.sqlite.SQLiteStatement.acquireAndLock(SQLiteStatement.java:260)
07-12 23:27:43.139  6268  7018 E EsSyncAdapterService: 	at android.database.sqlite.SQLiteStatement.simpleQueryForLong(SQLiteStatement.java:137)
07-12 23:27:43.139  6268  7018 E EsSyncAdapterService: 	at android.database.DatabaseUtils.longForQuery(DatabaseUtils.java:791)
07-12 23:27:43.139  6268  7018 E EsSyncAdapterService: 	at android.database.DatabaseUtils.longForQuery(DatabaseUtils.java:779)
07-12 23:27:43.139  6268  7018 E EsSyncAdapterService: 	at com.google.android.apps.plus.content.EsAccountsData.queryLastStatsSyncTimestamp(EsAccountsData.java:570)
07-12 23:27:43.139  6268  7018 E EsSyncAdapterService: 	at com.google.android.apps.plus.service.EsSyncAdapterService.syncContactsStatsIfNecessary(EsSyncAdapterService.java:670)
07-12 23:27:43.139  6268  7018 E EsSyncAdapterService: 	at com.google.android.apps.plus.service.EsSyncAdapterService.doFullSync(EsSyncAdapterService.java:633)
07-12 23:27:43.139  6268  7018 E EsSyncAdapterService: 	at com.google.android.apps.plus.service.EsSyncAdapterService.doSync(EsSyncAdapterService.java:566)
07-12 23:27:43.139  6268  7018 E EsSyncAdapterService: 	at com.google.android.apps.plus.service.EsSyncAdapterService.access$100(EsSyncAdapterService.java:52)
07-12 23:27:43.139  6268  7018 E EsSyncAdapterService: 	at com.google.android.apps.plus.service.EsSyncAdapterService$SyncAdapterImpl.onPerformSync(EsSyncAdapterService.java:408)
07-12 23:27:43.139  6268  7018 E EsSyncAdapterService: 	at android.content.AbstractThreadedSyncAdapter$SyncThread.run(AbstractThreadedSyncAdapter.java:247)
07-12 23:27:43.155   144   168 D SyncManager: failed sync operation lokeshmandvekar@gmail.com (com.google), com.google.android.apps.plus.content.EsProvider, SERVER, earliestRunTime 296107985, SyncResult: stats [ numParseExceptions: 1]
07-12 23:27:43.163   144   168 D SyncManager: not retrying sync operation because the error is a hard error: lokeshmandvekar@gmail.com (com.google), com.google.android.apps.plus.content.EsProvider, SERVER, earliestRunTime 299322764
07-12 23:27:43.733  6706  6709 D dalvikvm: GC_CONCURRENT freed 457K, 8% free 10574K/11399K, paused 4ms+4ms
07-12 23:27:43.897  6485  6486 D dalvikvm: GC_CONCURRENT freed 269K, 6% free 9995K/10567K, paused 2ms+3ms
07-12 23:27:44.913  6706  6709 D dalvikvm: GC_CONCURRENT freed 406K, 8% free 10566K/11399K, paused 2ms+3ms
07-12 23:27:45.631  6706  6709 D dalvikvm: GC_CONCURRENT freed 250K, 6% free 10716K/11399K, paused 24ms+2ms
07-12 23:27:47.753  6706  6766 D dalvikvm: GC_FOR_ALLOC freed 353K, 8% free 10560K/11399K, paused 32ms
07-12 23:27:48.186   144 10051 D dalvikvm: GC_EXPLICIT freed 97K, 26% free 17579K/23623K, paused 3ms+7ms
07-12 23:27:48.374  5658  5660 D dalvikvm: GC_CONCURRENT freed 372K, 8% free 9858K/10695K, paused 2ms+4ms
07-12 23:27:48.467  6268  7025 D dalvikvm: GC_EXPLICIT freed 784K, 20% free 13217K/16327K, paused 7ms+4ms
07-12 23:27:48.674  6706  6766 D dalvikvm: GC_FOR_ALLOC freed 200K, 7% free 10689K/11399K, paused 22ms
07-12 23:27:48.753  6706  6766 D dalvikvm: GC_FOR_ALLOC freed 196K, 7% free 10689K/11399K, paused 26ms
07-12 23:27:48.913  5658  5710 D dalvikvm: GC_EXPLICIT freed 194K, 9% free 9771K/10695K, paused 2ms+3ms
07-12 23:27:49.678  6706  6766 D dalvikvm: GC_FOR_ALLOC freed 197K, 7% free 10689K/11399K, paused 23ms
07-12 23:27:49.749  6706  6766 D dalvikvm: GC_FOR_ALLOC freed 197K, 7% free 10689K/11399K, paused 23ms
07-12 23:27:49.889  5358  5358 D OpenGLRenderer: Flushing caches (mode 2)
07-12 23:27:49.893  5358  5358 D OpenGLRenderer: Flushing caches (mode 0)
07-12 23:27:49.893  5358  5358 W ManagedEGLContext: doTerminate failed: EGL count is 2 but managed count is 1
07-12 23:27:50.311  5658  5660 D dalvikvm: GC_CONCURRENT freed 301K, 8% free 9856K/10695K, paused 1ms+3ms
07-12 23:27:50.385  6485  6486 D dalvikvm: GC_CONCURRENT freed 425K, 6% free 10007K/10567K, paused 4ms+3ms
07-12 23:27:50.397  5358  5358 D OpenGLRenderer: Flushing caches (mode 2)
07-12 23:27:50.401  5358  5358 D OpenGLRenderer: Flushing caches (mode 0)
07-12 23:27:50.401  5358  5358 W ManagedEGLContext: doTerminate failed: EGL count is 2 but managed count is 1
07-12 23:27:50.655  5358  5358 D OpenGLRenderer: Flushing caches (mode 2)
07-12 23:27:50.655  5358  5358 D OpenGLRenderer: Flushing caches (mode 0)
07-12 23:27:50.655  5358  5358 W ManagedEGLContext: doTerminate failed: EGL count is 2 but managed count is 1
07-12 23:27:50.686  6706  6766 D dalvikvm: GC_FOR_ALLOC freed 197K, 7% free 10689K/11399K, paused 27ms
07-12 23:27:50.749  6706  6766 D dalvikvm: GC_FOR_ALLOC freed 196K, 7% free 10689K/11399K, paused 23ms
07-12 23:27:50.870  5358  5358 D OpenGLRenderer: Flushing caches (mode 2)
07-12 23:27:50.874  5358  5358 D OpenGLRenderer: Flushing caches (mode 0)
07-12 23:27:50.874  5358  5358 W ManagedEGLContext: doTerminate failed: EGL count is 2 but managed count is 1
07-12 23:27:51.706  6706  6766 D dalvikvm: GC_FOR_ALLOC freed 197K, 7% free 10689K/11399K, paused 23ms
07-12 23:27:51.764  6706  6766 D dalvikvm: GC_FOR_ALLOC freed 196K, 7% free 10689K/11399K, paused 22ms
07-12 23:27:52.780  6706  6766 D dalvikvm: GC_FOR_ALLOC freed 197K, 7% free 10689K/11399K, paused 23ms
07-12 23:27:52.835  6706  6766 D dalvikvm: GC_FOR_ALLOC freed 198K, 7% free 10691K/11399K, paused 21ms
07-12 23:27:53.737  6706  6766 D dalvikvm: GC_FOR_ALLOC freed 198K, 7% free 10689K/11399K, paused 46ms
07-12 23:27:53.909  6706  6766 D dalvikvm: GC_FOR_ALLOC freed 197K, 7% free 10689K/11399K, paused 66ms
07-12 23:27:54.737  6706  6766 D dalvikvm: GC_FOR_ALLOC freed 197K, 7% free 10689K/11399K, paused 46ms
07-12 23:27:54.897  6706  6766 D dalvikvm: GC_FOR_ALLOC freed 197K, 7% free 10689K/11399K, paused 71ms
07-12 23:27:55.733  6706  6766 D dalvikvm: GC_FOR_ALLOC freed 197K, 7% free 10689K/11399K, paused 39ms
07-12 23:27:55.862  6706  6766 D dalvikvm: GC_FOR_ALLOC freed 197K, 7% free 10689K/11399K, paused 45ms
07-12 23:27:56.737  6706  6766 D dalvikvm: GC_FOR_ALLOC freed 197K, 7% free 10689K/11399K, paused 40ms
07-12 23:27:56.901  6706  6766 D dalvikvm: GC_FOR_ALLOC freed 197K, 7% free 10689K/11399K, paused 72ms
07-12 23:27:57.788  6706  6766 D dalvikvm: GC_FOR_ALLOC freed 197K, 7% free 10689K/11399K, paused 21ms
07-12 23:27:57.838  6706  6766 D dalvikvm: GC_FOR_ALLOC freed 196K, 7% free 10689K/11399K, paused 21ms
07-12 23:27:58.741  6706  6766 D dalvikvm: GC_FOR_ALLOC freed 197K, 7% free 10689K/11399K, paused 47ms
07-12 23:27:58.975  6706  6766 D dalvikvm: GC_FOR_ALLOC freed 197K, 7% free 10689K/11399K, paused 22ms
07-12 23:27:59.749  6706  6766 D dalvikvm: GC_FOR_ALLOC freed 197K, 7% free 10689K/11399K, paused 48ms
07-12 23:28:00.104  6706  6766 D dalvikvm: GC_FOR_ALLOC freed 210K, 7% free 10684K/11399K, paused 30ms
07-12 23:28:01.178  6706  6766 D dalvikvm: GC_FOR_ALLOC freed 397K, 8% free 10562K/11399K, paused 25ms
07-12 23:28:01.803  6706  6709 D dalvikvm: GC_CONCURRENT freed 193K, 6% free 10753K/11399K, paused 22ms+2ms
07-12 23:28:02.792  6706  6766 D dalvikvm: GC_FOR_ALLOC freed 404K, 8% free 10599K/11463K, paused 26ms
07-12 23:28:03.956  6706  6709 D dalvikvm: GC_CONCURRENT freed 409K, 8% free 10623K/11463K, paused 2ms+3ms
07-12 23:28:05.077  6706  6766 D dalvikvm: GC_FOR_ALLOC freed 404K, 8% free 10623K/11463K, paused 21ms
07-12 23:28:06.194  6706  6766 D dalvikvm: GC_FOR_ALLOC freed 403K, 8% free 10623K/11463K, paused 21ms
07-12 23:28:07.319  6706  6766 D dalvikvm: GC_FOR_ALLOC freed 403K, 8% free 10623K/11463K, paused 21ms
07-12 23:28:08.268  5358  5358 D OpenGLRenderer: Flushing caches (mode 2)
07-12 23:28:08.272  5358  5358 D OpenGLRenderer: Flushing caches (mode 0)
07-12 23:28:08.272  5358  5358 W ManagedEGLContext: doTerminate failed: EGL count is 2 but managed count is 1
07-12 23:28:08.421  6706  6709 D dalvikvm: GC_CONCURRENT freed 442K, 8% free 10594K/11463K, paused 2ms+2ms
07-12 23:28:08.737  5358  5358 D OpenGLRenderer: Flushing caches (mode 2)
07-12 23:28:08.737  5358  5358 D OpenGLRenderer: Flushing caches (mode 0)
07-12 23:28:08.737  5358  5358 W ManagedEGLContext: doTerminate failed: EGL count is 2 but managed count is 1
07-12 23:28:08.764  5358  5358 D OpenGLRenderer: Flushing caches (mode 2)
07-12 23:28:08.764  5358  5358 D OpenGLRenderer: Flushing caches (mode 0)
07-12 23:28:08.764  5358  5358 W ManagedEGLContext: doTerminate failed: EGL count is 2 but managed count is 1
07-12 23:28:08.815  6485  6486 D dalvikvm: GC_CONCURRENT freed 429K, 6% free 10010K/10567K, paused 2ms+2ms
07-12 23:28:08.897  5358  5358 D OpenGLRenderer: Flushing caches (mode 2)
07-12 23:28:08.901  5358  5358 D OpenGLRenderer: Flushing caches (mode 0)
07-12 23:28:08.901  5358  5358 W ManagedEGLContext: doTerminate failed: EGL count is 2 but managed count is 1
07-12 23:28:09.151  5358  5358 D OpenGLRenderer: Flushing caches (mode 2)
07-12 23:28:09.151  5358  5358 D OpenGLRenderer: Flushing caches (mode 0)
07-12 23:28:09.151  5358  5358 W ManagedEGLContext: doTerminate failed: EGL count is 2 but managed count is 1
07-12 23:28:09.190  5358  5358 D OpenGLRenderer: Flushing caches (mode 2)
07-12 23:28:09.190  5358  5358 D OpenGLRenderer: Flushing caches (mode 0)
07-12 23:28:09.190  5358  5358 W ManagedEGLContext: doTerminate failed: EGL count is 2 but managed count is 1
07-12 23:28:09.694  6706  6766 D dalvikvm: GC_FOR_ALLOC freed 380K, 8% free 10560K/11463K, paused 57ms
07-12 23:28:10.245  6706  6709 D dalvikvm: GC_CONCURRENT freed 209K, 7% free 10745K/11463K, paused 2ms+2ms
07-12 23:28:10.995  6547  6560 I PhoneLab-: Service Running
07-12 23:28:11.159  6547  6560 I PhoneLab-LoggerService: app_37    1373  1     1440   1004  c00f181c 400107b4 S logcat
07-12 23:28:11.159  6547  6560 I PhoneLab-LoggerService: Logcat pid from database 1373
07-12 23:28:11.159  6547  6560 I PhoneLab-LoggerService: Logcat process found 1373
07-12 23:28:11.159  6547  6560 I PhoneLab-LoggerService: Checking Threshold
07-12 23:28:11.159  6547  6560 I PhoneLab-LoggerService: Starting to rename files
07-12 23:28:11.159  6547  6560 I PhoneLab-LoggerService: Files found .. 2
07-12 23:28:11.288  6706  6766 D dalvikvm: GC_FOR_ALLOC freed 456K, 8% free 10598K/11463K, paused 24ms
07-12 23:28:12.077  6106  6108 D dalvikvm: GC_CONCURRENT freed 794K, 8% free 11781K/12679K, paused 8ms+7ms
07-12 23:28:12.405  6706  6709 D dalvikvm: GC_CONCURRENT freed 431K, 8% free 10574K/11463K, paused 3ms+4ms
07-12 23:28:12.975  6706  6709 D dalvikvm: GC_CONCURRENT freed 395K, 8% free 10571K/11463K, paused 2ms+2ms
07-12 23:28:14.100  6706  6709 D dalvikvm: GC_CONCURRENT freed 241K, 7% free 10749K/11463K, paused 2ms+3ms
07-12 23:28:15.198  6706  6766 D dalvikvm: GC_FOR_ALLOC freed 400K, 8% free 10560K/11463K, paused 22ms
07-12 23:28:15.835  6706  6709 D dalvikvm: GC_CONCURRENT freed 205K, 7% free 10749K/11463K, paused 2ms+2ms
07-12 23:28:18.370  5358  5358 D OpenGLRenderer: Flushing caches (mode 2)
07-12 23:28:18.374  5358  5358 D OpenGLRenderer: Flushing caches (mode 0)
07-12 23:28:18.374  5358  5358 W ManagedEGLContext: doTerminate failed: EGL count is 2 but managed count is 1
07-12 23:28:18.780 30387  7040 D dalvikvm: GC_EXPLICIT freed 226K, 6% free 10254K/10887K, paused 10ms+3ms
07-12 23:28:18.921  6706  6766 D dalvikvm: GC_FOR_ALLOC freed 513K, 8% free 10578K/11463K, paused 26ms
07-12 23:28:18.928  5658  5660 D dalvikvm: GC_CONCURRENT freed 386K, 8% free 9859K/10695K, paused 4ms+21ms
07-12 23:28:20.034  6706  6709 D dalvikvm: GC_CONCURRENT freed 363K, 7% free 10706K/11463K, paused 2ms+2ms
07-12 23:28:20.991  6706  6766 D dalvikvm: GC_FOR_ALLOC freed 396K, 8% free 10608K/11463K, paused 22ms
07-12 23:28:22.065  6706  6709 D dalvikvm: GC_CONCURRENT freed 402K, 8% free 10608K/11463K, paused 8ms+2ms
07-12 23:28:23.069  6706  6766 D dalvikvm: GC_FOR_ALLOC freed 399K, 8% free 10608K/11463K, paused 21ms
07-12 23:28:24.046  6706  6766 D dalvikvm: GC_FOR_ALLOC freed 399K, 8% free 10608K/11463K, paused 70ms
07-12 23:28:25.061  6706  6766 D dalvikvm: GC_FOR_ALLOC freed 399K, 8% free 10608K/11463K, paused 86ms
07-12 23:28:26.034  6706  6766 D dalvikvm: GC_FOR_ALLOC freed 399K, 8% free 10608K/11463K, paused 58ms
07-12 23:28:27.077  6706  6766 D dalvikvm: GC_FOR_ALLOC freed 399K, 8% free 10608K/11463K, paused 20ms
07-12 23:28:28.046  6706  6766 D dalvikvm: GC_FOR_ALLOC freed 399K, 8% free 10608K/11463K, paused 61ms
07-12 23:28:29.073  6706  6766 D dalvikvm: GC_FOR_ALLOC freed 399K, 8% free 10608K/11463K, paused 71ms
07-12 23:28:29.870  6652  6655 D dalvikvm: GC_CONCURRENT freed 513K, 6% free 10404K/11015K, paused 3ms+3ms
07-12 23:28:29.917  5358  5358 D OpenGLRenderer: Flushing caches (mode 2)
07-12 23:28:29.917  5358  5358 D OpenGLRenderer: Flushing caches (mode 0)
07-12 23:28:29.917  5358  5358 W ManagedEGLContext: doTerminate failed: EGL count is 2 but managed count is 1
07-12 23:28:30.038  6706  6709 D dalvikvm: GC_CONCURRENT freed 407K, 8% free 10608K/11463K, paused 2ms+3ms
07-12 23:28:30.049  3358  3360 D dalvikvm: GC_CONCURRENT freed 451K, 7% free 10214K/10951K, paused 2ms+3ms
07-12 23:28:31.128  6706  6709 D dalvikvm: GC_CONCURRENT freed 404K, 8% free 10656K/11463K, paused 21ms+2ms
07-12 23:28:32.104  6706  6766 D dalvikvm: GC_FOR_ALLOC freed 407K, 8% free 10657K/11463K, paused 21ms
07-12 23:28:33.186  6706  6766 D dalvikvm: GC_FOR_ALLOC freed 404K, 8% free 10657K/11463K, paused 74ms
07-12 23:28:34.151  6706  6766 D dalvikvm: GC_FOR_ALLOC freed 404K, 8% free 10657K/11463K, paused 40ms
07-12 23:28:35.174  6706  6709 D dalvikvm: GC_CONCURRENT freed 428K, 8% free 10657K/11463K, paused 4ms+3ms
07-12 23:28:36.171  6706  6766 D dalvikvm: GC_FOR_ALLOC freed 409K, 8% free 10657K/11463K, paused 45ms
07-12 23:28:37.221  6706  6766 D dalvikvm: GC_FOR_ALLOC freed 404K, 8% free 10660K/11463K, paused 21ms
07-12 23:28:38.245  6706  6766 D dalvikvm: GC_FOR_ALLOC freed 407K, 8% free 10611K/11463K, paused 25ms
07-12 23:28:39.381  6706  6709 D dalvikvm: GC_CONCURRENT freed 411K, 8% free 10622K/11463K, paused 3ms+2ms
07-12 23:28:40.596  6706  6766 D dalvikvm: GC_FOR_ALLOC freed 404K, 8% free 10560K/11463K, paused 22ms
07-12 23:28:41.237  6706  6709 D dalvikvm: GC_CONCURRENT freed 205K, 7% free 10749K/11463K, paused 10ms+2ms
07-12 23:28:42.237  6706  6766 D dalvikvm: GC_FOR_ALLOC freed 400K, 8% free 10623K/11463K, paused 22ms
07-12 23:28:43.370  6706  6766 D dalvikvm: GC_FOR_ALLOC freed 404K, 8% free 10560K/11463K, paused 21ms
07-12 23:28:44.006  6706  6709 D dalvikvm: GC_CONCURRENT freed 205K, 7% free 10749K/11463K, paused 2ms+2ms
07-12 23:28:44.956   144   198 D DhcpInfoInternal: makeLinkProperties with empty dns2!
07-12 23:28:44.956   144   198 D DhcpInfoInternal: makeLinkProperties with empty dns2!
07-12 23:28:45.046  6706  6766 D dalvikvm: GC_FOR_ALLOC freed 400K, 8% free 10623K/11463K, paused 45ms
07-12 23:28:46.128  6706  6766 D dalvikvm: GC_FOR_ALLOC freed 404K, 8% free 10623K/11463K, paused 23ms
07-12 23:28:47.241  6706  6766 D dalvikvm: GC_FOR_ALLOC freed 404K, 8% free 10623K/11463K, paused 22ms
07-12 23:28:48.389  6706  6709 D dalvikvm: GC_CONCURRENT freed 407K, 8% free 10623K/11463K, paused 2ms+2ms
07-12 23:28:49.635  6706  6766 D dalvikvm: GC_FOR_ALLOC freed 404K, 8% free 10623K/11463K, paused 32ms
07-12 23:28:50.631  6706  6766 D dalvikvm: GC_FOR_ALLOC freed 403K, 8% free 10623K/11463K, paused 22ms
07-12 23:28:51.760  6706  6766 D dalvikvm: GC_FOR_ALLOC freed 404K, 8% free 10623K/11463K, paused 21ms
07-12 23:28:52.878  6706  6766 D dalvikvm: GC_FOR_ALLOC freed 404K, 8% free 10623K/11463K, paused 22ms
07-12 23:28:54.014  6706  6766 D dalvikvm: GC_FOR_ALLOC freed 404K, 8% free 10623K/11463K, paused 21ms
07-12 23:28:55.346  6706  6766 D dalvikvm: GC_FOR_ALLOC freed 404K, 8% free 10623K/11463K, paused 91ms
07-12 23:28:56.276  6706  6766 D dalvikvm: GC_FOR_ALLOC freed 403K, 8% free 10623K/11463K, paused 21ms
07-12 23:28:57.503  6706  6709 D dalvikvm: GC_CONCURRENT freed 407K, 8% free 10621K/11463K, paused 2ms+3ms
07-12 23:28:58.526  6706  6709 D dalvikvm: GC_CONCURRENT freed 413K, 8% free 10621K/11463K, paused 2ms+3ms
07-12 23:28:59.655  6706  6709 D dalvikvm: GC_CONCURRENT freed 424K, 8% free 10623K/11463K, paused 2ms+2ms
07-12 23:29:00.756  6706  6766 D dalvikvm: GC_FOR_ALLOC freed 404K, 8% free 10560K/11463K, paused 22ms
07-12 23:29:01.397  6706  6709 D dalvikvm: GC_CONCURRENT freed 205K, 7% free 10749K/11463K, paused 2ms+2ms
07-12 23:29:02.503  6706  6766 D dalvikvm: GC_FOR_ALLOC freed 400K, 8% free 10623K/11463K, paused 22ms
07-12 23:29:03.647  6706  6766 D dalvikvm: GC_FOR_ALLOC freed 404K, 8% free 10623K/11463K, paused 21ms
07-12 23:29:04.753  6706  6766 D dalvikvm: GC_FOR_ALLOC freed 404K, 8% free 10623K/11463K, paused 21ms
07-12 23:29:05.881  6706  6766 D dalvikvm: GC_FOR_ALLOC freed 404K, 8% free 10623K/11463K, paused 22ms
07-12 23:29:07.026  6706  6709 D dalvikvm: GC_CONCURRENT freed 407K, 8% free 10623K/11463K, paused 2ms+2ms
07-12 23:29:08.143  6706  6766 D dalvikvm: GC_FOR_ALLOC freed 404K, 8% free 10623K/11463K, paused 22ms
07-12 23:29:09.268  6706  6766 D dalvikvm: GC_FOR_ALLOC freed 404K, 8% free 10623K/11463K, paused 22ms
07-12 23:29:10.057   144   147 D dalvikvm: GC_CONCURRENT freed 1997K, 26% free 17630K/23623K, paused 9ms+8ms
07-12 23:29:10.151   144   196 D dalvikvm: GC_EXPLICIT freed 61K, 26% free 17578K/23623K, paused 4ms+7ms
07-12 23:29:10.393  6706  6766 D dalvikvm: GC_FOR_ALLOC freed 404K, 8% free 10623K/11463K, paused 22ms
07-12 23:29:11.526  6706  6766 D dalvikvm: GC_FOR_ALLOC freed 404K, 8% free 10623K/11463K, paused 22ms
07-12 23:29:12.749  6706  6766 D dalvikvm: GC_FOR_ALLOC freed 404K, 8% free 10623K/11463K, paused 22ms
07-12 23:29:13.780  6706  6766 D dalvikvm: GC_FOR_ALLOC freed 403K, 8% free 10623K/11463K, paused 22ms
07-12 23:29:14.905  6706  6766 D dalvikvm: GC_FOR_ALLOC freed 404K, 8% free 10623K/11463K, paused 22ms
07-12 23:29:16.034  6706  6709 D dalvikvm: GC_CONCURRENT freed 407K, 8% free 10623K/11463K, paused 3ms+3ms
07-12 23:29:17.186  6706  6766 D dalvikvm: GC_FOR_ALLOC freed 404K, 8% free 10623K/11463K, paused 23ms
07-12 23:29:18.268  6706  6766 D dalvikvm: GC_FOR_ALLOC freed 404K, 8% free 10623K/11463K, paused 22ms
07-12 23:29:19.405  6706  6766 D dalvikvm: GC_FOR_ALLOC freed 404K, 8% free 10623K/11463K, paused 22ms
07-12 23:29:20.542  6706  6766 D dalvikvm: GC_FOR_ALLOC freed 404K, 8% free 10623K/11463K, paused 21ms
07-12 23:29:21.561  6706  6766 D dalvikvm: GC_FOR_ALLOC freed 403K, 8% free 10623K/11463K, paused 21ms
07-12 23:29:22.686  6706  6766 D dalvikvm: GC_FOR_ALLOC freed 404K, 8% free 10623K/11463K, paused 22ms
07-12 23:29:23.815  6706  6766 D dalvikvm: GC_FOR_ALLOC freed 404K, 8% free 10623K/11463K, paused 21ms
07-12 23:29:25.046  6706  6709 D dalvikvm: GC_CONCURRENT freed 407K, 8% free 10623K/11463K, paused 2ms+2ms
07-12 23:29:26.065  6706  6766 D dalvikvm: GC_FOR_ALLOC freed 403K, 8% free 10623K/11463K, paused 22ms
07-12 23:29:27.225  6706  6766 D dalvikvm: GC_FOR_ALLOC freed 404K, 8% free 10623K/11463K, paused 32ms
07-12 23:29:28.338  6706  6766 D dalvikvm: GC_FOR_ALLOC freed 404K, 8% free 10623K/11463K, paused 21ms
07-12 23:29:29.460  6706  6709 D dalvikvm: GC_CONCURRENT freed 413K, 8% free 10623K/11463K, paused 2ms+2ms
07-12 23:29:29.573  5358  5358 D OpenGLRenderer: Flushing caches (mode 2)
07-12 23:29:29.573  5358  5358 D OpenGLRenderer: Flushing caches (mode 0)
07-12 23:29:29.573  5358  5358 W ManagedEGLContext: doTerminate failed: EGL count is 2 but managed count is 1
07-12 23:29:30.577  6706  6709 D dalvikvm: GC_CONCURRENT freed 409K, 8% free 10623K/11463K, paused 1ms+3ms
07-12 23:29:31.702  6706  6766 D dalvikvm: GC_FOR_ALLOC freed 404K, 8% free 10560K/11463K, paused 21ms
07-12 23:29:32.335  6706  6709 D dalvikvm: GC_CONCURRENT freed 348K, 8% free 10610K/11463K, paused 2ms+2ms
07-12 23:29:33.467  6706  6709 D dalvikvm: GC_CONCURRENT freed 265K, 7% free 10749K/11463K, paused 2ms+3ms
07-12 23:29:34.561  6706  6766 D dalvikvm: GC_FOR_ALLOC freed 404K, 8% free 10560K/11463K, paused 21ms
07-12 23:29:35.100  6706  6709 D dalvikvm: GC_CONCURRENT freed 205K, 7% free 10749K/11463K, paused 2ms+3ms
07-12 23:29:36.213  6706  6766 D dalvikvm: GC_FOR_ALLOC freed 401K, 8% free 10624K/11463K, paused 22ms
07-12 23:29:37.327  6706  6766 D dalvikvm: GC_FOR_ALLOC freed 404K, 8% free 10560K/11463K, paused 21ms
07-12 23:29:38.034  6706  6709 D dalvikvm: GC_CONCURRENT freed 209K, 7% free 10749K/11463K, paused 2ms+2ms
07-12 23:29:39.061  6706  6766 D dalvikvm: GC_FOR_ALLOC freed 428K, 7% free 10666K/11463K, paused 23ms
07-12 23:29:41.061  6706  6766 D dalvikvm: GC_FOR_ALLOC freed 406K, 8% free 10560K/11463K, paused 72ms
07-12 23:29:41.139  6706  6709 D dalvikvm: GC_CONCURRENT freed 200K, 7% free 10749K/11463K, paused 2ms+3ms
07-12 23:29:42.120  6706  6766 D dalvikvm: GC_FOR_ALLOC freed 395K, 8% free 10623K/11463K, paused 25ms
07-12 23:29:43.116  6706  6766 D dalvikvm: GC_FOR_ALLOC freed 399K, 8% free 10623K/11463K, paused 21ms
07-12 23:29:44.116  6706  6766 D dalvikvm: GC_FOR_ALLOC freed 402K, 8% free 10623K/11463K, paused 21ms
07-12 23:29:45.178  6706  6709 D dalvikvm: GC_CONCURRENT freed 466K, 8% free 10570K/11463K, paused 3ms+3ms
07-12 23:29:46.350  6706  6709 D dalvikvm: GC_CONCURRENT freed 371K, 8% free 10623K/11463K, paused 2ms+3ms
07-12 23:29:47.456  6706  6766 D dalvikvm: GC_FOR_ALLOC freed 404K, 8% free 10560K/11463K, paused 21ms
07-12 23:29:48.108  6706  6709 D dalvikvm: GC_CONCURRENT freed 205K, 7% free 10749K/11463K, paused 2ms+3ms
07-12 23:29:49.213  6706  6766 D dalvikvm: GC_FOR_ALLOC freed 400K, 8% free 10623K/11463K, paused 21ms
07-12 23:29:50.979  6706  6766 D dalvikvm: GC_FOR_ALLOC freed 404K, 8% free 10560K/11463K, paused 22ms
07-12 23:29:51.061  6706  6709 D dalvikvm: GC_CONCURRENT freed 200K, 7% free 10749K/11463K, paused 2ms+2ms
07-12 23:29:52.030  6706  6766 D dalvikvm: GC_FOR_ALLOC freed 395K, 8% free 10623K/11463K, paused 21ms
07-12 23:29:53.116  6706  6766 D dalvikvm: GC_FOR_ALLOC freed 398K, 8% free 10624K/11463K, paused 21ms
07-12 23:29:54.249  6706  6709 D dalvikvm: GC_CONCURRENT freed 424K, 8% free 10638K/11463K, paused 21ms+3ms
07-12 23:29:55.354  6706  6766 D dalvikvm: GC_FOR_ALLOC freed 397K, 8% free 10623K/11463K, paused 22ms
07-12 23:29:56.503  6706  6766 D dalvikvm: GC_FOR_ALLOC freed 399K, 8% free 10560K/11463K, paused 22ms
07-12 23:29:56.932 30387   439 I EventLogService: Aggregate from 1342148396780 (log), 1342148396780 (data)
07-12 23:29:57.514  6706  6709 D dalvikvm: GC_CONCURRENT freed 205K, 7% free 10749K/11463K, paused 21ms+2ms
07-12 23:29:58.475  6706  6766 D dalvikvm: GC_FOR_ALLOC freed 400K, 8% free 10623K/11463K, paused 92ms
07-12 23:29:59.424  6706  6766 D dalvikvm: GC_FOR_ALLOC freed 404K, 8% free 10623K/11463K, paused 45ms
07-12 23:30:00.467  6706  6709 D dalvikvm: GC_CONCURRENT freed 404K, 8% free 10625K/11463K, paused 2ms+3ms
07-12 23:30:01.522  6706  6766 D dalvikvm: GC_FOR_ALLOC freed 371K, 8% free 10602K/11463K, paused 43ms
07-12 23:30:02.612  6706  6709 D dalvikvm: GC_CONCURRENT freed 443K, 8% free 10566K/11463K, paused 6ms+2ms
07-12 23:30:03.608  6706  6709 D dalvikvm: GC_CONCURRENT freed 371K, 8% free 10585K/11463K, paused 20ms+2ms
07-12 23:30:04.604  6706  6709 D dalvikvm: GC_CONCURRENT freed 403K, 8% free 10586K/11463K, paused 32ms+3ms
07-12 23:30:05.534  6706  6709 D dalvikvm: GC_CONCURRENT freed 404K, 8% free 10586K/11463K, paused 2ms+2ms
07-12 23:30:06.760  6706  6709 D dalvikvm: GC_CONCURRENT freed 404K, 8% free 10586K/11463K, paused 2ms+2ms
07-12 23:30:07.815  6706  6709 D dalvikvm: GC_CONCURRENT freed 404K, 8% free 10585K/11463K, paused 2ms+3ms
07-12 23:30:08.917  6706  6709 D dalvikvm: GC_CONCURRENT freed 403K, 8% free 10586K/11463K, paused 2ms+2ms
07-12 23:30:10.042  6706  6709 D dalvikvm: GC_CONCURRENT freed 409K, 8% free 10585K/11463K, paused 2ms+3ms
07-12 23:30:10.991  6547  6560 I PhoneLab-: Service Running
07-12 23:30:11.487  6547  6560 I PhoneLab-LoggerService: app_37    1373  1     1440   1000  c00f181c 400107b4 S logcat
07-12 23:30:11.487  6547  6560 I PhoneLab-LoggerService: Logcat pid from database 1373
07-12 23:30:11.487  6547  6560 I PhoneLab-LoggerService: Logcat process found 1373
07-12 23:30:11.487  6547  6560 I PhoneLab-LoggerService: Checking Threshold
07-12 23:30:11.487  6547  6560 I PhoneLab-LoggerService: Starting to rename files
07-12 23:30:11.487  6547  6560 I PhoneLab-LoggerService: Files found .. 2
07-12 23:30:11.506  6706  6709 D dalvikvm: GC_CONCURRENT freed 407K, 8% free 10585K/11463K, paused 2ms+3ms
07-12 23:30:12.268  6706  6709 D dalvikvm: GC_CONCURRENT freed 280K, 7% free 10730K/11463K, paused 2ms+3ms
07-12 23:30:13.374  6706  6766 D dalvikvm: GC_FOR_ALLOC freed 411K, 8% free 10614K/11463K, paused 21ms
07-12 23:30:13.995  6706  6709 D dalvikvm: GC_CONCURRENT freed 450K, 8% free 10574K/11463K, paused 2ms+2ms
07-12 23:30:15.038  6706  6709 D dalvikvm: GC_CONCURRENT freed 228K, 7% free 10749K/11463K, paused 2ms+3ms
07-12 23:30:16.213  6706  6766 D dalvikvm: GC_FOR_ALLOC freed 405K, 8% free 10623K/11463K, paused 52ms
07-12 23:30:17.268  6706  6766 D dalvikvm: GC_FOR_ALLOC freed 404K, 8% free 10560K/11463K, paused 22ms
07-12 23:30:18.014  6706  6709 D dalvikvm: GC_CONCURRENT freed 205K, 7% free 10749K/11463K, paused 2ms+2ms
07-12 23:30:19.026  6706  6766 D dalvikvm: GC_FOR_ALLOC freed 400K, 8% free 10623K/11463K, paused 21ms
07-12 23:30:20.362  6706  6709 D dalvikvm: GC_CONCURRENT freed 405K, 8% free 10624K/11463K, paused 3ms+2ms
07-12 23:30:21.378  6706  6766 D dalvikvm: GC_FOR_ALLOC freed 405K, 8% free 10623K/11463K, paused 21ms
07-12 23:30:22.389  6706  6766 D dalvikvm: GC_FOR_ALLOC freed 404K, 8% free 10623K/11463K, paused 22ms
07-12 23:30:23.514  6706  6766 D dalvikvm: GC_FOR_ALLOC freed 404K, 8% free 10623K/11463K, paused 22ms
07-12 23:30:24.643  6706  6766 D dalvikvm: GC_FOR_ALLOC freed 404K, 8% free 10623K/11463K, paused 22ms
07-12 23:30:25.776  6706  6766 D dalvikvm: GC_FOR_ALLOC freed 404K, 8% free 10623K/11463K, paused 21ms
07-12 23:30:26.885  6706  6766 D dalvikvm: GC_FOR_ALLOC freed 404K, 8% free 10623K/11463K, paused 21ms
07-12 23:30:28.010  6706  6766 D dalvikvm: GC_FOR_ALLOC freed 404K, 8% free 10623K/11463K, paused 21ms
07-12 23:30:29.253  6706  6709 D dalvikvm: GC_CONCURRENT freed 408K, 8% free 10623K/11463K, paused 3ms+3ms
07-12 23:30:29.749  6652  6655 D dalvikvm: GC_CONCURRENT freed 508K, 6% free 10407K/11015K, paused 1ms+4ms
07-12 23:30:29.784  5358  5358 D OpenGLRenderer: Flushing caches (mode 2)
07-12 23:30:29.788  5358  5358 D OpenGLRenderer: Flushing caches (mode 0)
07-12 23:30:29.788  5358  5358 W ManagedEGLContext: doTerminate failed: EGL count is 2 but managed count is 1
07-12 23:30:29.924  3358  3360 D dalvikvm: GC_CONCURRENT freed 509K, 7% free 10207K/10951K, paused 1ms+3ms
07-12 23:30:30.260  6706  6766 D dalvikvm: GC_FOR_ALLOC freed 403K, 8% free 10560K/11463K, paused 22ms
07-12 23:30:30.838  6706  6709 D dalvikvm: GC_CONCURRENT freed 376K, 8% free 10600K/11463K, paused 2ms+3ms
07-12 23:30:31.936  6706  6709 D dalvikvm: GC_CONCURRENT freed 266K, 7% free 10749K/11463K, paused 2ms+3ms
07-12 23:30:33.034  6706  6766 D dalvikvm: GC_FOR_ALLOC freed 400K, 8% free 10597K/11463K, paused 24ms
07-12 23:30:33.889  6706  6709 D dalvikvm: GC_CONCURRENT freed 430K, 8% free 10595K/11463K, paused 2ms+3ms
07-12 23:30:34.811  6706  6709 D dalvikvm: GC_CONCURRENT freed 406K, 8% free 10639K/11463K, paused 2ms+3ms
07-12 23:30:35.917  6706  6709 D dalvikvm: GC_CONCURRENT freed 480K, 8% free 10571K/11463K, paused 2ms+2ms
07-12 23:30:36.546  6706  6709 D dalvikvm: GC_CONCURRENT freed 400K, 8% free 10644K/11463K, paused 4ms+2ms
07-12 23:30:37.600  6706  6709 D dalvikvm: GC_CONCURRENT freed 378K, 7% free 10679K/11463K, paused 2ms+2ms
07-12 23:30:38.678  6706  6766 D dalvikvm: GC_FOR_ALLOC freed 476K, 8% free 10603K/11463K, paused 21ms
07-12 23:30:39.835  6706  6709 D dalvikvm: GC_CONCURRENT freed 444K, 8% free 10566K/11463K, paused 6ms+3ms
07-12 23:30:40.944  6706  6709 D dalvikvm: GC_CONCURRENT freed 317K, 7% free 10674K/11463K, paused 2ms+2ms
07-12 23:30:42.253  6706  6766 D dalvikvm: GC_FOR_ALLOC freed 398K, 8% free 10560K/11463K, paused 21ms
07-12 23:30:43.299  6706  6709 D dalvikvm: GC_CONCURRENT freed 205K, 7% free 10753K/11463K, paused 2ms+3ms
07-12 23:30:44.264  6706  6766 D dalvikvm: GC_FOR_ALLOC freed 395K, 8% free 10560K/11463K, paused 83ms
07-12 23:30:44.510  6706  6709 D dalvikvm: GC_CONCURRENT freed 383K, 8% free 10567K/11463K, paused 6ms+6ms
07-12 23:30:45.456  6706  6709 D dalvikvm: GC_CONCURRENT freed 338K, 8% free 10621K/11463K, paused 2ms+3ms
07-12 23:30:46.604  6706  6709 D dalvikvm: GC_CONCURRENT freed 451K, 8% free 10595K/11463K, paused 2ms+2ms
07-12 23:30:47.901  6706  6709 D dalvikvm: GC_CONCURRENT freed 319K, 7% free 10677K/11463K, paused 3ms+2ms
07-12 23:30:48.874  6706  6766 D dalvikvm: GC_FOR_ALLOC freed 417K, 8% free 10639K/11463K, paused 22ms
07-12 23:30:49.928  6706  6766 D dalvikvm: GC_FOR_ALLOC freed 409K, 8% free 10639K/11463K, paused 22ms
07-12 23:30:51.374  6706  6766 D dalvikvm: GC_FOR_ALLOC freed 405K, 8% free 10624K/11463K, paused 59ms
07-12 23:30:52.397  6706  6766 D dalvikvm: GC_FOR_ALLOC freed 408K, 8% free 10560K/11463K, paused 84ms
07-12 23:30:52.717  6706  6709 D dalvikvm: GC_CONCURRENT freed 205K, 7% free 10753K/11463K, paused 2ms+2ms
07-12 23:30:53.932  6706  6766 D dalvikvm: GC_FOR_ALLOC freed 400K, 8% free 10560K/11463K, paused 21ms
07-12 23:30:54.592   144   147 D dalvikvm: GC_CONCURRENT freed 2018K, 26% free 17607K/23623K, paused 3ms+8ms
07-12 23:30:54.647  6706  6709 D dalvikvm: GC_CONCURRENT freed 205K, 7% free 10753K/11463K, paused 3ms+2ms
07-12 23:30:55.557  6706  6766 D dalvikvm: GC_FOR_ALLOC freed 405K, 8% free 10606K/11463K, paused 24ms
07-12 23:30:56.655  6706  6709 D dalvikvm: GC_CONCURRENT freed 443K, 8% free 10570K/11463K, paused 3ms+3ms
07-12 23:30:57.831  6706  6709 D dalvikvm: GC_CONCURRENT freed 397K, 8% free 10564K/11463K, paused 2ms+3ms
07-12 23:30:58.616  6706  6709 D dalvikvm: GC_CONCURRENT freed 205K, 7% free 10753K/11463K, paused 21ms+2ms
07-12 23:30:59.491  6706  6766 D dalvikvm: GC_FOR_ALLOC freed 400K, 8% free 10560K/11463K, paused 24ms
07-12 23:31:00.120  6706  6709 D dalvikvm: GC_CONCURRENT freed 209K, 7% free 10749K/11463K, paused 2ms+2ms
07-12 23:31:01.721  6706  6766 D dalvikvm: GC_FOR_ALLOC freed 440K, 8% free 10560K/11463K, paused 57ms
07-12 23:31:01.803  6706  6709 D dalvikvm: GC_CONCURRENT freed 200K, 7% free 10749K/11463K, paused 2ms+2ms
07-12 23:31:02.827  6706  6766 D dalvikvm: GC_FOR_ALLOC freed 510K, 8% free 10573K/11463K, paused 32ms
07-12 23:31:04.092  6706  6709 D dalvikvm: GC_CONCURRENT freed 322K, 7% free 10681K/11463K, paused 2ms+4ms
07-12 23:31:05.260  6706  6709 D dalvikvm: GC_CONCURRENT freed 546K, 8% free 10565K/11463K, paused 6ms+2ms
07-12 23:31:05.889  6706  6709 D dalvikvm: GC_CONCURRENT freed 387K, 8% free 10576K/11463K, paused 3ms+3ms
07-12 23:31:06.963  6706  6709 D dalvikvm: GC_CONCURRENT freed 382K, 8% free 10604K/11463K, paused 3ms+2ms
07-12 23:31:07.979  6706  6709 D dalvikvm: GC_CONCURRENT freed 441K, 8% free 10587K/11463K, paused 3ms+2ms
07-12 23:31:09.178  6706  6709 D dalvikvm: GC_CONCURRENT freed 406K, 8% free 10575K/11463K, paused 15ms+2ms
07-12 23:31:09.745   144   198 D DhcpInfoInternal: makeLinkProperties with empty dns2!
07-12 23:31:09.753   144   198 D DhcpInfoInternal: makeLinkProperties with empty dns2!
07-12 23:31:10.241  6706  6709 D dalvikvm: GC_CONCURRENT freed 330K, 7% free 10685K/11463K, paused 2ms+3ms
07-12 23:31:10.788  6706  6709 D dalvikvm: GC_CONCURRENT freed 556K, 8% free 10564K/11463K, paused 2ms+3ms
07-12 23:31:11.960  6706  6709 D dalvikvm: GC_CONCURRENT freed 225K, 7% free 10749K/11463K, paused 10ms+2ms
07-12 23:31:12.983  6706  6766 D dalvikvm: GC_FOR_ALLOC freed 452K, 8% free 10584K/11463K, paused 26ms
07-12 23:31:13.631  6706  6709 D dalvikvm: GC_CONCURRENT freed 419K, 8% free 10567K/11463K, paused 3ms+2ms
07-12 23:31:14.741  6706  6709 D dalvikvm: GC_CONCURRENT freed 286K, 7% free 10753K/11463K, paused 2ms+3ms
07-12 23:31:15.842  6706  6766 D dalvikvm: GC_FOR_ALLOC freed 413K, 8% free 10619K/11463K, paused 22ms
07-12 23:31:17.046  6706  6709 D dalvikvm: GC_CONCURRENT freed 409K, 8% free 10623K/11463K, paused 2ms+2ms
07-12 23:31:18.096  6706  6766 D dalvikvm: GC_FOR_ALLOC freed 403K, 8% free 10560K/11463K, paused 22ms
07-12 23:31:18.635  6706  6709 D dalvikvm: GC_CONCURRENT freed 210K, 7% free 10749K/11463K, paused 2ms+3ms
07-12 23:31:19.741  6706  6766 D dalvikvm: GC_FOR_ALLOC freed 400K, 8% free 10560K/11463K, paused 21ms
07-12 23:31:20.370  6706  6709 D dalvikvm: GC_CONCURRENT freed 205K, 7% free 10749K/11463K, paused 2ms+3ms
07-12 23:31:21.827  6706  6766 D dalvikvm: GC_FOR_ALLOC freed 400K, 8% free 10623K/11463K, paused 81ms
07-12 23:31:22.831  6706  6709 D dalvikvm: GC_CONCURRENT freed 413K, 8% free 10623K/11463K, paused 22ms+2ms
07-12 23:31:23.835  6706  6709 D dalvikvm: GC_CONCURRENT freed 409K, 8% free 10623K/11463K, paused 9ms+2ms
07-12 23:31:24.854  6706  6766 D dalvikvm: GC_FOR_ALLOC freed 407K, 8% free 10560K/11463K, paused 21ms
07-12 23:31:25.393  6706  6709 D dalvikvm: GC_CONCURRENT freed 209K, 7% free 10745K/11463K, paused 2ms+2ms
07-12 23:31:26.506  6706  6766 D dalvikvm: GC_FOR_ALLOC freed 400K, 8% free 10621K/11463K, paused 21ms
07-12 23:31:27.612  6706  6766 D dalvikvm: GC_FOR_ALLOC freed 404K, 8% free 10621K/11463K, paused 21ms
07-12 23:31:28.846  6706  6709 D dalvikvm: GC_CONCURRENT freed 460K, 8% free 10578K/11463K, paused 6ms+3ms
07-12 23:31:29.065  5358  5358 D OpenGLRenderer: Flushing caches (mode 2)
07-12 23:31:29.065  5358  5358 D OpenGLRenderer: Flushing caches (mode 0)
07-12 23:31:29.065  5358  5358 W ManagedEGLContext: doTerminate failed: EGL count is 2 but managed count is 1
07-12 23:31:29.741  5358  5358 D OpenGLRenderer: Flushing caches (mode 2)
07-12 23:31:29.745  5358  5358 D OpenGLRenderer: Flushing caches (mode 0)
07-12 23:31:29.745  5358  5358 W ManagedEGLContext: doTerminate failed: EGL count is 2 but managed count is 1
07-12 23:31:29.858  3358  3360 D dalvikvm: GC_CONCURRENT freed 435K, 7% free 10204K/10951K, paused 12ms+4ms
07-12 23:31:29.870  6706  6709 D dalvikvm: GC_CONCURRENT freed 398K, 8% free 10613K/11463K, paused 4ms+2ms
07-12 23:31:31.003  6706  6709 D dalvikvm: GC_CONCURRENT freed 436K, 8% free 10624K/11463K, paused 2ms+2ms
07-12 23:31:32.143  6706  6766 D dalvikvm: GC_FOR_ALLOC freed 457K, 8% free 10560K/11463K, paused 22ms
07-12 23:31:33.276  6706  6709 D dalvikvm: GC_CONCURRENT freed 370K, 7% free 10691K/11463K, paused 2ms+3ms
07-12 23:31:34.374  6706  6766 D dalvikvm: GC_FOR_ALLOC freed 412K, 8% free 10560K/11463K, paused 21ms
07-12 23:31:34.913  6706  6709 D dalvikvm: GC_CONCURRENT freed 207K, 7% free 10749K/11463K, paused 2ms+3ms
07-12 23:31:36.112  6706  6766 D dalvikvm: GC_FOR_ALLOC freed 405K, 8% free 10623K/11463K, paused 21ms
07-12 23:31:37.143  6706  6766 D dalvikvm: GC_FOR_ALLOC freed 404K, 8% free 10623K/11463K, paused 22ms
07-12 23:31:38.288  6706  6766 D dalvikvm: GC_FOR_ALLOC freed 404K, 8% free 10619K/11463K, paused 21ms
07-12 23:31:39.506  6706  6709 D dalvikvm: GC_CONCURRENT freed 409K, 8% free 10623K/11463K, paused 2ms+3ms
07-12 23:31:40.542  6706  6766 D dalvikvm: GC_FOR_ALLOC freed 403K, 8% free 10560K/11463K, paused 33ms
07-12 23:31:41.151  6706  6709 D dalvikvm: GC_CONCURRENT freed 203K, 7% free 10751K/11463K, paused 2ms+2ms
07-12 23:31:42.256  6706  6766 D dalvikvm: GC_FOR_ALLOC freed 400K, 8% free 10623K/11463K, paused 22ms
07-12 23:31:43.413  6706  6709 D dalvikvm: GC_CONCURRENT freed 407K, 8% free 10623K/11463K, paused 2ms+2ms
07-12 23:31:44.503  6706  6766 D dalvikvm: GC_FOR_ALLOC freed 404K, 8% free 10616K/11463K, paused 22ms
07-12 23:31:45.651  6706  6709 D dalvikvm: GC_CONCURRENT freed 413K, 8% free 10623K/11463K, paused 2ms+2ms
07-12 23:31:46.792  6706  6766 D dalvikvm: GC_FOR_ALLOC freed 404K, 8% free 10560K/11463K, paused 22ms
07-12 23:31:47.307  6706  6709 D dalvikvm: GC_CONCURRENT freed 207K, 7% free 10749K/11463K, paused 2ms+3ms
07-12 23:31:48.397  6706  6766 D dalvikvm: GC_FOR_ALLOC freed 400K, 8% free 10601K/11463K, paused 24ms
07-12 23:31:49.538  6706  6709 D dalvikvm: GC_CONCURRENT freed 413K, 8% free 10623K/11463K, paused 2ms+2ms
07-12 23:31:50.647  6706  6766 D dalvikvm: GC_FOR_ALLOC freed 404K, 8% free 10560K/11463K, paused 21ms
07-12 23:31:51.303  6706  6709 D dalvikvm: GC_CONCURRENT freed 203K, 7% free 10751K/11463K, paused 2ms+2ms
07-12 23:31:52.405  6706  6766 D dalvikvm: GC_FOR_ALLOC freed 404K, 8% free 10623K/11463K, paused 22ms
07-12 23:31:53.518  6706  6766 D dalvikvm: GC_FOR_ALLOC freed 404K, 8% free 10623K/11463K, paused 22ms
07-12 23:31:54.643  6706  6766 D dalvikvm: GC_FOR_ALLOC freed 404K, 8% free 10623K/11463K, paused 22ms
07-12 23:31:55.776  6706  6766 D dalvikvm: GC_FOR_ALLOC freed 404K, 8% free 10623K/11463K, paused 21ms
07-12 23:31:56.901  6706  6766 D dalvikvm: GC_FOR_ALLOC freed 404K, 8% free 10623K/11463K, paused 22ms
07-12 23:31:58.018  6706  6766 D dalvikvm: GC_FOR_ALLOC freed 404K, 8% free 10623K/11463K, paused 21ms
07-12 23:31:59.155  6706  6766 D dalvikvm: GC_FOR_ALLOC freed 404K, 8% free 10623K/11463K, paused 21ms
07-12 23:32:00.280  6706  6766 D dalvikvm: GC_FOR_ALLOC freed 466K, 8% free 10560K/11463K, paused 22ms
07-12 23:32:01.823  6706  6709 D dalvikvm: GC_CONCURRENT freed 357K, 7% free 10689K/11463K, paused 37ms+4ms
07-12 23:32:02.799  6706  6766 D dalvikvm: GC_FOR_ALLOC freed 401K, 8% free 10623K/11463K, paused 94ms
07-12 23:32:03.788  6706  6766 D dalvikvm: GC_FOR_ALLOC freed 404K, 8% free 10623K/11463K, paused 83ms
07-12 23:32:04.792  6706  6766 D dalvikvm: GC_FOR_ALLOC freed 404K, 8% free 10623K/11463K, paused 21ms
07-12 23:32:05.928  6706  6709 D dalvikvm: GC_CONCURRENT freed 458K, 8% free 10624K/11463K, paused 2ms+2ms
07-12 23:32:07.577  6706  6766 D dalvikvm: GC_FOR_ALLOC freed 418K, 8% free 10560K/11463K, paused 21ms
07-12 23:32:08.569  6706  6709 D dalvikvm: GC_CONCURRENT freed 200K, 7% free 10753K/11463K, paused 21ms+2ms
07-12 23:32:09.510  6706  6766 D dalvikvm: GC_FOR_ALLOC freed 390K, 8% free 10560K/11463K, paused 60ms
07-12 23:32:09.760  6706  6709 D dalvikvm: GC_CONCURRENT freed 385K, 8% free 10566K/11463K, paused 2ms+3ms
07-12 23:32:10.745  6706  6709 D dalvikvm: GC_CONCURRENT freed 227K, 7% free 10732K/11463K, paused 22ms+3ms
07-12 23:32:10.987  6547  6560 I PhoneLab-: Service Running
07-12 23:32:11.065  6547  6560 I PhoneLab-LoggerService: app_37    1373  1     1440   1000  c00f181c 400107b4 S logcat
07-12 23:32:11.065  6547  6560 I PhoneLab-LoggerService: Logcat pid from database 1373
07-12 23:32:11.065  6547  6560 I PhoneLab-LoggerService: Logcat process found 1373
07-12 23:32:11.065  6547  6560 I PhoneLab-LoggerService: Checking Threshold
07-12 23:32:11.065  6547  6560 I PhoneLab-LoggerService: Starting to rename files
07-12 23:32:11.065  6547  6560 I PhoneLab-LoggerService: Files found .. 2
07-12 23:32:11.905  6706  6766 D dalvikvm: GC_FOR_ALLOC freed 410K, 8% free 10617K/11463K, paused 51ms
07-12 23:32:12.956  6706  6709 D dalvikvm: GC_CONCURRENT freed 423K, 8% free 10617K/11463K, paused 21ms+3ms
07-12 23:32:13.956  6706  6709 D dalvikvm: GC_CONCURRENT freed 409K, 8% free 10617K/11463K, paused 24ms+2ms
07-12 23:32:14.889  6706  6709 D dalvikvm: GC_CONCURRENT freed 409K, 8% free 10617K/11463K, paused 2ms+3ms
07-12 23:32:15.956  6706  6766 D dalvikvm: GC_FOR_ALLOC freed 392K, 8% free 10616K/11463K, paused 23ms
07-12 23:32:17.081  6706  6766 D dalvikvm: GC_FOR_ALLOC freed 409K, 8% free 10560K/11463K, paused 21ms
07-12 23:32:17.721  6706  6709 D dalvikvm: GC_CONCURRENT freed 205K, 7% free 10749K/11463K, paused 2ms+3ms
07-12 23:32:18.823  6706  6766 D dalvikvm: GC_FOR_ALLOC freed 400K, 8% free 10623K/11463K, paused 21ms
07-12 23:32:19.960  6706  6709 D dalvikvm: GC_CONCURRENT freed 407K, 8% free 10623K/11463K, paused 2ms+2ms
07-12 23:32:21.069  6706  6766 D dalvikvm: GC_FOR_ALLOC freed 404K, 8% free 10623K/11463K, paused 21ms
07-12 23:32:22.155  6706  6766 D dalvikvm: GC_FOR_ALLOC freed 407K, 8% free 10616K/11463K, paused 26ms
07-12 23:32:23.342  6706  6709 D dalvikvm: GC_CONCURRENT freed 410K, 8% free 10623K/11463K, paused 2ms+2ms
07-12 23:32:24.448  6706  6766 D dalvikvm: GC_FOR_ALLOC freed 404K, 8% free 10560K/11463K, paused 21ms
07-12 23:32:24.987  6706  6709 D dalvikvm: GC_CONCURRENT freed 205K, 7% free 10742K/11463K, paused 2ms+2ms
07-12 23:32:26.128  6706  6766 D dalvikvm: GC_FOR_ALLOC freed 405K, 8% free 10623K/11463K, paused 22ms
07-12 23:32:26.182   344   344 D SAN_SERVICE: *******************************************
07-12 23:32:26.182   344   344 D SAN_SERVICE: DM App Phone Service State - 0
07-12 23:32:26.182   344   344 D SAN_SERVICE: *******************************************
07-12 23:32:27.323  6706  6766 D dalvikvm: GC_FOR_ALLOC freed 404K, 8% free 10560K/11463K, paused 21ms
07-12 23:32:27.874  6706  6709 D dalvikvm: GC_CONCURRENT freed 205K, 7% free 10747K/11463K, paused 2ms+2ms
07-12 23:32:28.956  6706  6766 D dalvikvm: GC_FOR_ALLOC freed 407K, 8% free 10622K/11463K, paused 25ms
07-12 23:32:29.799  6652  6655 D dalvikvm: GC_CONCURRENT freed 511K, 6% free 10408K/11015K, paused 2ms+3ms
07-12 23:32:29.874  5358  5358 D OpenGLRenderer: Flushing caches (mode 2)
07-12 23:32:29.874  5358  5358 D OpenGLRenderer: Flushing caches (mode 0)
07-12 23:32:29.874  5358  5358 W ManagedEGLContext: doTerminate failed: EGL count is 2 but managed count is 1
07-12 23:32:30.104  6706  6709 D dalvikvm: GC_CONCURRENT freed 410K, 8% free 10623K/11463K, paused 2ms+2ms
07-12 23:32:31.217  6706  6766 D dalvikvm: GC_FOR_ALLOC freed 404K, 8% free 10560K/11463K, paused 21ms
07-12 23:32:32.178  6706  6709 D dalvikvm: GC_CONCURRENT freed 205K, 7% free 10749K/11463K, paused 25ms+3ms
07-12 23:32:33.131  6706  6709 D dalvikvm: GC_CONCURRENT freed 595K, 7% free 10688K/11463K, paused 22ms+3ms
07-12 23:32:34.100  6706  6766 D dalvikvm: GC_FOR_ALLOC freed 406K, 8% free 10560K/11463K, paused 67ms
07-12 23:32:34.624  6706  6709 D dalvikvm: GC_CONCURRENT freed 205K, 7% free 10749K/11463K, paused 2ms+3ms
07-12 23:32:35.737  6706  6766 D dalvikvm: GC_FOR_ALLOC freed 463K, 7% free 10687K/11463K, paused 22ms
07-12 23:32:36.917  6706  6766 D dalvikvm: GC_FOR_ALLOC freed 406K, 8% free 10560K/11463K, paused 40ms
07-12 23:32:37.389  6706  6709 D dalvikvm: GC_CONCURRENT freed 205K, 7% free 10749K/11463K, paused 2ms+3ms
07-12 23:32:38.491  6706  6766 D dalvikvm: GC_FOR_ALLOC freed 404K, 8% free 10623K/11463K, paused 21ms
07-12 23:32:39.213   144   147 D dalvikvm: GC_CONCURRENT freed 1921K, 26% free 17618K/23623K, paused 2ms+8ms
07-12 23:32:39.600  6706  6766 D dalvikvm: GC_FOR_ALLOC freed 404K, 8% free 10623K/11463K, paused 21ms
07-12 23:32:40.733  6706  6766 D dalvikvm: GC_FOR_ALLOC freed 404K, 8% free 10623K/11463K, paused 21ms
07-12 23:32:42.272  6706  6709 D dalvikvm: GC_CONCURRENT freed 408K, 8% free 10623K/11463K, paused 22ms+2ms
07-12 23:32:43.256  6706  6709 D dalvikvm: GC_CONCURRENT freed 433K, 8% free 10623K/11463K, paused 21ms+2ms
07-12 23:32:44.237  6706  6709 D dalvikvm: GC_CONCURRENT freed 409K, 8% free 10623K/11463K, paused 8ms+2ms
07-12 23:32:45.237  6706  6766 D dalvikvm: GC_FOR_ALLOC freed 404K, 8% free 10560K/11463K, paused 21ms
07-12 23:32:45.893  6706  6709 D dalvikvm: GC_CONCURRENT freed 395K, 8% free 10564K/11463K, paused 2ms+2ms
07-12 23:32:48.112  6706  6709 D dalvikvm: GC_CONCURRENT freed 218K, 7% free 10753K/11463K, paused 45ms+3ms
07-12 23:32:48.174  6706  6766 D dalvikvm: GC_FOR_ALLOC freed 198K, 7% free 10691K/11463K, paused 24ms
07-12 23:32:49.229  6706  6766 D dalvikvm: GC_FOR_ALLOC freed 392K, 8% free 10560K/11463K, paused 21ms
07-12 23:32:50.108  6706  6709 D dalvikvm: GC_CONCURRENT freed 200K, 7% free 10753K/11463K, paused 21ms+3ms
07-12 23:32:51.053  6706  6766 D dalvikvm: GC_FOR_ALLOC freed 395K, 8% free 10560K/11463K, paused 89ms
07-12 23:32:51.284  6706  6709 D dalvikvm: GC_CONCURRENT freed 200K, 7% free 10749K/11463K, paused 22ms+2ms
07-12 23:32:52.194  6706  6766 D dalvikvm: GC_FOR_ALLOC freed 400K, 8% free 10623K/11463K, paused 39ms
07-12 23:32:53.253  6706  6766 D dalvikvm: GC_FOR_ALLOC freed 404K, 8% free 10623K/11463K, paused 95ms
07-12 23:32:54.249  6706  6766 D dalvikvm: GC_FOR_ALLOC freed 404K, 8% free 10621K/11463K, paused 22ms
07-12 23:32:55.385  6706  6709 D dalvikvm: GC_CONCURRENT freed 409K, 8% free 10623K/11463K, paused 2ms+3ms
07-12 23:32:56.561  6706  6766 D dalvikvm: GC_FOR_ALLOC freed 404K, 8% free 10560K/11463K, paused 39ms
07-12 23:32:57.331  6706  6709 D dalvikvm: GC_CONCURRENT freed 208K, 7% free 10749K/11463K, paused 24ms+3ms
07-12 23:32:58.245  6706  6766 D dalvikvm: GC_FOR_ALLOC freed 400K, 8% free 10623K/11463K, paused 22ms
07-12 23:32:59.249  6706  6766 D dalvikvm: GC_FOR_ALLOC freed 404K, 8% free 10611K/11463K, paused 25ms
07-12 23:33:00.397  6706  6709 D dalvikvm: GC_CONCURRENT freed 409K, 8% free 10623K/11463K, paused 2ms+2ms
07-12 23:33:01.526  6706  6766 D dalvikvm: GC_FOR_ALLOC freed 408K, 8% free 10560K/11463K, paused 22ms
07-12 23:33:02.155  6706  6709 D dalvikvm: GC_CONCURRENT freed 205K, 7% free 10749K/11463K, paused 2ms+3ms
07-12 23:33:03.260  6706  6766 D dalvikvm: GC_FOR_ALLOC freed 400K, 8% free 10623K/11463K, paused 21ms
07-12 23:33:04.389  6706  6766 D dalvikvm: GC_FOR_ALLOC freed 404K, 8% free 10623K/11463K, paused 22ms
07-12 23:33:05.495  6706  6766 D dalvikvm: GC_FOR_ALLOC freed 409K, 8% free 10602K/11463K, paused 25ms
07-12 23:33:06.444  5358  5358 D OpenGLRenderer: Flushing caches (mode 2)
07-12 23:33:06.444  5358  5358 D OpenGLRenderer: Flushing caches (mode 0)
07-12 23:33:06.444  5358  5358 W ManagedEGLContext: doTerminate failed: EGL count is 2 but managed count is 1
07-12 23:33:06.643  6706  6766 D dalvikvm: GC_FOR_ALLOC freed 412K, 8% free 10560K/11463K, paused 23ms
07-12 23:33:07.385  6706  6709 D dalvikvm: GC_CONCURRENT freed 196K, 7% free 10753K/11463K, paused 21ms+2ms
07-12 23:33:08.389  6706  6766 D dalvikvm: GC_FOR_ALLOC freed 400K, 8% free 10560K/11463K, paused 21ms
07-12 23:33:08.948  6706  6709 D dalvikvm: GC_CONCURRENT freed 367K, 8% free 10596K/11463K, paused 2ms+2ms
07-12 23:33:10.053  6706  6709 D dalvikvm: GC_CONCURRENT freed 245K, 7% free 10749K/11463K, paused 2ms+3ms
07-12 23:33:11.143  6706  6766 D dalvikvm: GC_FOR_ALLOC freed 395K, 8% free 10622K/11463K, paused 21ms
07-12 23:33:11.647  5358  5358 D OpenGLRenderer: Flushing caches (mode 2)
07-12 23:33:11.651  5358  5358 D OpenGLRenderer: Flushing caches (mode 0)
07-12 23:33:11.651  5358  5358 W ManagedEGLContext: doTerminate failed: EGL count is 2 but managed count is 1
07-12 23:33:12.245  5358  5358 D OpenGLRenderer: Flushing caches (mode 2)
07-12 23:33:12.245  5358  5358 D OpenGLRenderer: Flushing caches (mode 0)
07-12 23:33:12.249  5358  5358 W ManagedEGLContext: doTerminate failed: EGL count is 2 but managed count is 1
07-12 23:33:12.272  6706  6766 D dalvikvm: GC_FOR_ALLOC freed 394K, 8% free 10621K/11463K, paused 24ms
07-12 23:33:13.405  6706  6766 D dalvikvm: GC_FOR_ALLOC freed 399K, 8% free 10621K/11463K, paused 26ms
07-12 23:33:14.159  6106  6108 D dalvikvm: GC_CONCURRENT freed 793K, 8% free 11822K/12743K, paused 11ms+9ms
07-12 23:33:14.526  6706  6766 D dalvikvm: GC_FOR_ALLOC freed 399K, 8% free 10621K/11463K, paused 22ms
07-12 23:33:15.647  6706  6766 D dalvikvm: GC_FOR_ALLOC freed 402K, 8% free 10621K/11463K, paused 24ms
07-12 23:33:16.159  6706  6709 D dalvikvm: GC_CONCURRENT freed 470K, 8% free 10563K/11463K, paused 3ms+5ms
07-12 23:33:17.323  6706  6709 D dalvikvm: GC_CONCURRENT freed 270K, 7% free 10682K/11463K, paused 2ms+3ms
07-12 23:33:18.413  6706  6766 D dalvikvm: GC_FOR_ALLOC freed 403K, 8% free 10560K/11463K, paused 22ms
07-12 23:33:19.069  6706  6709 D dalvikvm: GC_CONCURRENT freed 368K, 8% free 10587K/11463K, paused 2ms+2ms
07-12 23:33:20.182  6706  6709 D dalvikvm: GC_CONCURRENT freed 274K, 7% free 10716K/11463K, paused 2ms+2ms
07-12 23:33:21.385  5358  5358 D OpenGLRenderer: Flushing caches (mode 2)
07-12 23:33:21.385  5358  5358 D OpenGLRenderer: Flushing caches (mode 0)
07-12 23:33:21.389  5358  5358 W ManagedEGLContext: doTerminate failed: EGL count is 2 but managed count is 1
07-12 23:33:21.389  6706  6766 D dalvikvm: GC_FOR_ALLOC freed 370K, 8% free 10625K/11463K, paused 29ms
07-12 23:33:22.514  6706  6766 D dalvikvm: GC_FOR_ALLOC freed 405K, 8% free 10560K/11463K, paused 23ms
07-12 23:33:23.171  6706  6709 D dalvikvm: GC_CONCURRENT freed 210K, 7% free 10749K/11463K, paused 21ms+2ms
07-12 23:33:24.057  6706  6766 D dalvikvm: GC_FOR_ALLOC freed 405K, 8% free 10623K/11463K, paused 21ms
07-12 23:33:25.276  6706  6766 D dalvikvm: GC_FOR_ALLOC freed 407K, 8% free 10602K/11463K, paused 24ms
07-12 23:33:26.331  6706  6709 D dalvikvm: GC_CONCURRENT freed 408K, 8% free 10602K/11463K, paused 11ms+2ms
07-12 23:33:27.436  6706  6709 D dalvikvm: GC_CONCURRENT freed 409K, 8% free 10623K/11463K, paused 2ms+3ms
07-12 23:33:28.585  6706  6709 D dalvikvm: GC_CONCURRENT freed 408K, 8% free 10623K/11463K, paused 3ms+3ms
07-12 23:33:29.694  6706  6709 D dalvikvm: GC_CONCURRENT freed 413K, 8% free 10623K/11463K, paused 2ms+3ms
07-12 23:33:29.823  5358  5358 D OpenGLRenderer: Flushing caches (mode 2)
07-12 23:33:29.823  5358  5358 D OpenGLRenderer: Flushing caches (mode 0)
07-12 23:33:29.823  5358  5358 W ManagedEGLContext: doTerminate failed: EGL count is 2 but managed count is 1
07-12 23:33:29.889  3358  3360 D dalvikvm: GC_CONCURRENT freed 501K, 7% free 10210K/10951K, paused 2ms+3ms
07-12 23:33:30.827  6706  6709 D dalvikvm: GC_CONCURRENT freed 409K, 8% free 10622K/11463K, paused 2ms+2ms
07-12 23:33:32.061  6706  6709 D dalvikvm: GC_CONCURRENT freed 409K, 8% free 10623K/11463K, paused 2ms+2ms
07-12 23:33:33.061  6706  6766 D dalvikvm: GC_FOR_ALLOC freed 403K, 8% free 10611K/11463K, paused 24ms
07-12 23:33:34.135  6706  6709 D dalvikvm: GC_CONCURRENT freed 412K, 8% free 10623K/11463K, paused 3ms+2ms
07-12 23:33:34.616   144   198 D DhcpInfoInternal: makeLinkProperties with empty dns2!
07-12 23:33:34.616   144   198 D DhcpInfoInternal: makeLinkProperties with empty dns2!
07-12 23:33:35.526  6706  6709 D dalvikvm: GC_CONCURRENT freed 444K, 8% free 10584K/11463K, paused 21ms+2ms
07-12 23:33:36.339  6706  6709 D dalvikvm: GC_CONCURRENT freed 419K, 8% free 10567K/11463K, paused 21ms+2ms
07-12 23:33:37.053  6706  6709 D dalvikvm: GC_CONCURRENT freed 239K, 7% free 10719K/11463K, paused 4ms+5ms
07-12 23:33:37.385   344   344 D SAN_SERVICE: *******************************************
07-12 23:33:37.385   344   344 D SAN_SERVICE: DM App Phone Service State - 0
07-12 23:33:37.385   344   344 D SAN_SERVICE: *******************************************
07-12 23:33:38.174   344   344 D SAN_SERVICE: *******************************************
07-12 23:33:38.174   344   344 D SAN_SERVICE: DM App Phone Service State - 0
07-12 23:33:38.174   344   344 D SAN_SERVICE: *******************************************
07-12 23:33:38.190  6706  6766 D dalvikvm: GC_FOR_ALLOC freed 465K, 8% free 10614K/11463K, paused 33ms
07-12 23:33:39.210  6706  6766 D dalvikvm: GC_FOR_ALLOC freed 424K, 8% free 10560K/11463K, paused 21ms
07-12 23:33:39.846  6706  6709 D dalvikvm: GC_CONCURRENT freed 220K, 7% free 10749K/11463K, paused 2ms+2ms
07-12 23:33:41.049  6706  6766 D dalvikvm: GC_FOR_ALLOC freed 405K, 8% free 10560K/11463K, paused 22ms
07-12 23:33:41.514  6706  6709 D dalvikvm: GC_CONCURRENT freed 385K, 8% free 10579K/11463K, paused 2ms+2ms
07-12 23:33:42.628  6706  6709 D dalvikvm: GC_CONCURRENT freed 398K, 8% free 10589K/11463K, paused 2ms+2ms
07-12 23:33:43.741  6706  6709 D dalvikvm: GC_CONCURRENT freed 247K, 7% free 10739K/11463K, paused 2ms+3ms
07-12 23:33:44.846  6706  6766 D dalvikvm: GC_FOR_ALLOC freed 405K, 8% free 10560K/11463K, paused 21ms
07-12 23:33:45.483  6706  6709 D dalvikvm: GC_CONCURRENT freed 205K, 7% free 10749K/11463K, paused 3ms+2ms
07-12 23:33:46.585  6706  6766 D dalvikvm: GC_FOR_ALLOC freed 400K, 8% free 10623K/11463K, paused 21ms
07-12 23:33:48.026  6706  6766 D dalvikvm: GC_FOR_ALLOC freed 404K, 8% free 10623K/11463K, paused 21ms
07-12 23:33:49.026  6706  6766 D dalvikvm: GC_FOR_ALLOC freed 403K, 8% free 10623K/11463K, paused 21ms
07-12 23:33:50.069  6706  6766 D dalvikvm: GC_FOR_ALLOC freed 404K, 8% free 10613K/11463K, paused 23ms
07-12 23:33:51.108  6706  6709 D dalvikvm: GC_CONCURRENT freed 408K, 8% free 10613K/11463K, paused 2ms+2ms
07-12 23:33:52.229  6706  6709 D dalvikvm: GC_CONCURRENT freed 409K, 8% free 10615K/11463K, paused 2ms+2ms
07-12 23:33:52.768   344   344 D SAN_SERVICE: *******************************************
07-12 23:33:52.768   344   344 D SAN_SERVICE: DM App Phone Service State - 0
07-12 23:33:52.768   344   344 D SAN_SERVICE: *******************************************
07-12 23:33:53.350  6706  6766 D dalvikvm: GC_FOR_ALLOC freed 412K, 8% free 10560K/11463K, paused 22ms
07-12 23:33:53.460   344   344 D SAN_SERVICE: *******************************************
07-12 23:33:53.460   344   344 D SAN_SERVICE: DM App Phone Service State - 0
07-12 23:33:53.460   344   344 D SAN_SERVICE: *******************************************
07-12 23:33:53.897  6706  6709 D dalvikvm: GC_CONCURRENT freed 347K, 8% free 10612K/11463K, paused 2ms+3ms
07-12 23:33:55.026  6706  6709 D dalvikvm: GC_CONCURRENT freed 453K, 8% free 10573K/11463K, paused 2ms+3ms
07-12 23:33:56.139  6706  6709 D dalvikvm: GC_CONCURRENT freed 232K, 7% free 10749K/11463K, paused 2ms+2ms
07-12 23:33:57.233  6706  6766 D dalvikvm: GC_FOR_ALLOC freed 410K, 8% free 10620K/11463K, paused 22ms
07-12 23:33:58.467  6706  6709 D dalvikvm: GC_CONCURRENT freed 414K, 8% free 10620K/11463K, paused 2ms+2ms
07-12 23:33:59.585  6706  6766 D dalvikvm: GC_FOR_ALLOC freed 409K, 8% free 10560K/11463K, paused 23ms
07-12 23:34:00.147  6706  6709 D dalvikvm: GC_CONCURRENT freed 210K, 7% free 10749K/11463K, paused 2ms+2ms
07-12 23:34:00.663   144   147 D dalvikvm: GC_CONCURRENT freed 2033K, 26% free 17633K/23623K, paused 4ms+8ms
07-12 23:34:01.225  6706  6766 D dalvikvm: GC_FOR_ALLOC freed 405K, 8% free 10616K/11463K, paused 23ms
07-12 23:34:02.358  6706  6709 D dalvikvm: GC_CONCURRENT freed 417K, 8% free 10617K/11463K, paused 2ms+2ms
07-12 23:34:03.479  6706  6766 D dalvikvm: GC_FOR_ALLOC freed 419K, 8% free 10560K/11463K, paused 22ms
07-12 23:34:04.018  6706  6709 D dalvikvm: GC_CONCURRENT freed 210K, 7% free 10737K/11463K, paused 2ms+3ms
07-12 23:34:05.214  6706  6766 D dalvikvm: GC_FOR_ALLOC freed 410K, 8% free 10619K/11463K, paused 22ms
07-12 23:34:06.225  6706  6766 D dalvikvm: GC_FOR_ALLOC freed 408K, 8% free 10607K/11463K, paused 24ms
07-12 23:34:07.362  6706  6766 D dalvikvm: GC_FOR_ALLOC freed 409K, 8% free 10560K/11463K, paused 22ms
07-12 23:34:08.014  6706  6709 D dalvikvm: GC_CONCURRENT freed 380K, 8% free 10582K/11463K, paused 2ms+2ms
07-12 23:34:09.241  6706  6709 D dalvikvm: GC_CONCURRENT freed 253K, 7% free 10749K/11463K, paused 2ms+3ms
07-12 23:34:09.620  6706  6766 D dalvikvm: GC_FOR_ALLOC freed 202K, 7% free 10686K/11463K, paused 22ms
07-12 23:34:10.745  6706  6766 D dalvikvm: GC_FOR_ALLOC freed 409K, 8% free 10612K/11463K, paused 24ms
07-12 23:34:10.987  6547  6560 I PhoneLab-: Service Running
07-12 23:34:11.116  6547  6549 D dalvikvm: GC_CONCURRENT freed 460K, 15% free 9136K/10631K, paused 7ms+2ms
07-12 23:34:11.116  6547  6560 I PhoneLab-LoggerService: app_37    1373  1     1440   1000  c00f181c 400107b4 S logcat
07-12 23:34:11.116  6547  6560 I PhoneLab-LoggerService: Logcat pid from database 1373
07-12 23:34:11.116  6547  6560 I PhoneLab-LoggerService: Logcat process found 1373
07-12 23:34:11.116  6547  6560 I PhoneLab-LoggerService: Checking Threshold
07-12 23:34:11.120  6547  6560 I PhoneLab-LoggerService: Starting to rename files
07-12 23:34:11.120  6547  6560 I PhoneLab-LoggerService: Files found .. 2
07-12 23:34:12.042  6706  6709 D dalvikvm: GC_CONCURRENT freed 414K, 8% free 10623K/11463K, paused 21ms+2ms
07-12 23:34:12.991  6706  6766 D dalvikvm: GC_FOR_ALLOC freed 404K, 8% free 10560K/11463K, paused 21ms
07-12 23:34:13.635  6706  6709 D dalvikvm: GC_CONCURRENT freed 205K, 7% free 10749K/11463K, paused 2ms+3ms
07-12 23:34:14.635  6706  6766 D dalvikvm: GC_FOR_ALLOC freed 400K, 8% free 10623K/11463K, paused 22ms
07-12 23:34:15.870  6706  6766 D dalvikvm: GC_FOR_ALLOC freed 404K, 8% free 10620K/11463K, paused 22ms
07-12 23:34:16.956  6706  6709 D dalvikvm: GC_CONCURRENT freed 413K, 8% free 10623K/11463K, paused 2ms+2ms
07-12 23:34:18.069  6706  6766 D dalvikvm: GC_FOR_ALLOC freed 404K, 8% free 10560K/11463K, paused 43ms
07-12 23:34:18.756  6706  6709 D dalvikvm: GC_CONCURRENT freed 205K, 7% free 10749K/11463K, paused 2ms+4ms
07-12 23:34:19.753  6706  6766 D dalvikvm: GC_FOR_ALLOC freed 402K, 8% free 10622K/11463K, paused 22ms
07-12 23:34:20.885  6706  6709 D dalvikvm: GC_CONCURRENT freed 414K, 8% free 10630K/11463K, paused 2ms+2ms
07-12 23:34:21.456  6706  6709 D dalvikvm: GC_CONCURRENT freed 474K, 8% free 10582K/11463K, paused 2ms+3ms
07-12 23:34:22.897  6706  6709 D dalvikvm: GC_CONCURRENT freed 243K, 7% free 10749K/11463K, paused 3ms+3ms
07-12 23:34:23.878  6706  6766 D dalvikvm: GC_FOR_ALLOC freed 395K, 8% free 10560K/11463K, paused 21ms
07-12 23:34:24.842  6706  6709 D dalvikvm: GC_CONCURRENT freed 205K, 7% free 10753K/11463K, paused 2ms+3ms
07-12 23:34:25.889  6706  6766 D dalvikvm: GC_FOR_ALLOC freed 395K, 8% free 10623K/11463K, paused 123ms
07-12 23:34:26.831  6706  6766 D dalvikvm: GC_FOR_ALLOC freed 399K, 8% free 10623K/11463K, paused 65ms
07-12 23:34:27.792  6706  6766 D dalvikvm: GC_FOR_ALLOC freed 399K, 8% free 10623K/11463K, paused 26ms
07-12 23:34:28.874  6706  6766 D dalvikvm: GC_FOR_ALLOC freed 389K, 8% free 10609K/11463K, paused 21ms
07-12 23:34:30.003  6652  6655 D dalvikvm: GC_CONCURRENT freed 509K, 6% free 10411K/11015K, paused 22ms+2ms
07-12 23:34:30.128  6706  6709 D dalvikvm: GC_CONCURRENT freed 442K, 8% free 10624K/11463K, paused 2ms+6ms
07-12 23:34:30.171  3358  3360 D dalvikvm: GC_CONCURRENT freed 402K, 7% free 10198K/10951K, paused 2ms+3ms
07-12 23:34:31.108  6706  6766 D dalvikvm: GC_FOR_ALLOC freed 394K, 8% free 10560K/11463K, paused 89ms
07-12 23:34:31.870  6706  6709 D dalvikvm: GC_CONCURRENT freed 200K, 7% free 10753K/11463K, paused 23ms+3ms
07-12 23:34:32.819  6706  6766 D dalvikvm: GC_FOR_ALLOC freed 390K, 8% free 10560K/11463K, paused 96ms
07-12 23:34:33.296  6706  6709 D dalvikvm: GC_CONCURRENT freed 200K, 7% free 10753K/11463K, paused 2ms+2ms
07-12 23:34:34.393  6706  6766 D dalvikvm: GC_FOR_ALLOC freed 395K, 8% free 10560K/11463K, paused 24ms
07-12 23:34:34.952  6706  6709 D dalvikvm: GC_CONCURRENT freed 326K, 8% free 10632K/11463K, paused 2ms+2ms
07-12 23:34:36.647  6706  6766 D dalvikvm: GC_FOR_ALLOC freed 471K, 8% free 10560K/11463K, paused 21ms
07-12 23:34:37.202  6706  6709 D dalvikvm: GC_CONCURRENT freed 326K, 8% free 10632K/11463K, paused 2ms+2ms
07-12 23:34:38.905  6706  6766 D dalvikvm: GC_FOR_ALLOC freed 474K, 8% free 10560K/11463K, paused 22ms
07-12 23:34:39.460  6706  6709 D dalvikvm: GC_CONCURRENT freed 331K, 8% free 10632K/11463K, paused 2ms+3ms
07-12 23:34:41.151  6706  6766 D dalvikvm: GC_FOR_ALLOC freed 476K, 8% free 10560K/11463K, paused 24ms
07-12 23:34:41.710  6706  6709 D dalvikvm: GC_CONCURRENT freed 331K, 8% free 10632K/11463K, paused 2ms+3ms
07-12 23:34:43.397  6706  6766 D dalvikvm: GC_FOR_ALLOC freed 476K, 8% free 10560K/11463K, paused 24ms
07-12 23:34:43.960  6706  6709 D dalvikvm: GC_CONCURRENT freed 331K, 8% free 10632K/11463K, paused 2ms+2ms
07-12 23:34:45.756  6706  6766 D dalvikvm: GC_FOR_ALLOC freed 476K, 8% free 10560K/11463K, paused 23ms
07-12 23:34:46.214  6706  6709 D dalvikvm: GC_CONCURRENT freed 331K, 8% free 10632K/11463K, paused 2ms+2ms
07-12 23:34:48.034  6706  6709 D dalvikvm: GC_CONCURRENT freed 483K, 8% free 10584K/11463K, paused 2ms+2ms
07-12 23:34:49.065  6706  6709 D dalvikvm: GC_CONCURRENT freed 403K, 8% free 10585K/11463K, paused 2ms+3ms
07-12 23:34:50.182  6706  6709 D dalvikvm: GC_CONCURRENT freed 403K, 8% free 10585K/11463K, paused 2ms+3ms
07-12 23:34:51.303  6706  6709 D dalvikvm: GC_CONCURRENT freed 404K, 8% free 10585K/11463K, paused 2ms+2ms
07-12 23:34:52.444  6706  6709 D dalvikvm: GC_CONCURRENT freed 403K, 8% free 10585K/11463K, paused 27ms+2ms
07-12 23:34:53.573  6706  6709 D dalvikvm: GC_CONCURRENT freed 403K, 8% free 10585K/11463K, paused 2ms+2ms
07-12 23:34:54.690  6706  6709 D dalvikvm: GC_CONCURRENT freed 404K, 8% free 10585K/11463K, paused 2ms+3ms
07-12 23:34:55.831  6706  6709 D dalvikvm: GC_CONCURRENT freed 404K, 8% free 10585K/11463K, paused 2ms+3ms
07-12 23:34:56.846  6706  6709 D dalvikvm: GC_CONCURRENT freed 408K, 8% free 10584K/11463K, paused 3ms+3ms
07-12 23:34:58.073  6706  6709 D dalvikvm: GC_CONCURRENT freed 403K, 8% free 10585K/11463K, paused 2ms+3ms
07-12 23:34:59.307  6706  6709 D dalvikvm: GC_CONCURRENT freed 403K, 8% free 10585K/11463K, paused 2ms+3ms
07-12 23:35:00.163  6706  6709 D dalvikvm: GC_CONCURRENT freed 415K, 8% free 10574K/11463K, paused 2ms+4ms
07-12 23:35:01.358  6706  6709 D dalvikvm: GC_CONCURRENT freed 405K, 8% free 10626K/11463K, paused 42ms+2ms
07-12 23:35:02.565  6706  6766 D dalvikvm: GC_FOR_ALLOC freed 407K, 8% free 10560K/11463K, paused 22ms
07-12 23:35:03.108  6706  6709 D dalvikvm: GC_CONCURRENT freed 239K, 7% free 10715K/11463K, paused 2ms+2ms
07-12 23:35:04.206  6706  6766 D dalvikvm: GC_FOR_ALLOC freed 371K, 8% free 10620K/11463K, paused 22ms
07-12 23:35:05.335  6706  6766 D dalvikvm: GC_FOR_ALLOC freed 409K, 8% free 10560K/11463K, paused 23ms
07-12 23:35:05.874  6706  6709 D dalvikvm: GC_CONCURRENT freed 212K, 7% free 10750K/11463K, paused 2ms+2ms
07-12 23:35:07.100  6706  6766 D dalvikvm: GC_FOR_ALLOC freed 406K, 8% free 10560K/11463K, paused 45ms
07-12 23:35:07.616  6706  6709 D dalvikvm: GC_CONCURRENT freed 205K, 7% free 10749K/11463K, paused 2ms+3ms
07-12 23:35:08.702  6706  6766 D dalvikvm: GC_FOR_ALLOC freed 405K, 8% free 10619K/11463K, paused 22ms
07-12 23:35:09.940  6706  6709 D dalvikvm: GC_CONCURRENT freed 418K, 8% free 10613K/11463K, paused 3ms+2ms
07-12 23:35:10.979  6706  6709 D dalvikvm: GC_CONCURRENT freed 409K, 8% free 10613K/11463K, paused 1ms+3ms
07-12 23:35:12.104  6706  6709 D dalvikvm: GC_CONCURRENT freed 414K, 8% free 10623K/11463K, paused 2ms+2ms
07-12 23:35:13.221  6706  6766 D dalvikvm: GC_FOR_ALLOC freed 404K, 8% free 10560K/11463K, paused 21ms
07-12 23:35:13.756  6706  6709 D dalvikvm: GC_CONCURRENT freed 205K, 7% free 10749K/11463K, paused 2ms+3ms
07-12 23:35:14.854  6706  6766 D dalvikvm: GC_FOR_ALLOC freed 405K, 8% free 10617K/11463K, paused 23ms
07-12 23:35:15.991  6706  6709 D dalvikvm: GC_CONCURRENT freed 412K, 8% free 10623K/11463K, paused 2ms+2ms
07-12 23:35:17.108  6706  6766 D dalvikvm: GC_FOR_ALLOC freed 404K, 8% free 10560K/11463K, paused 22ms
07-12 23:35:17.749  6706  6709 D dalvikvm: GC_CONCURRENT freed 210K, 7% free 10744K/11463K, paused 2ms+3ms
07-12 23:35:18.850  6706  6766 D dalvikvm: GC_FOR_ALLOC freed 410K, 8% free 10623K/11463K, paused 21ms
07-12 23:35:19.971  6706  6766 D dalvikvm: GC_FOR_ALLOC freed 409K, 8% free 10608K/11463K, paused 25ms
07-12 23:35:21.202  6706  6766 D dalvikvm: GC_FOR_ALLOC freed 409K, 8% free 10560K/11463K, paused 23ms
07-12 23:35:21.643  6706  6709 D dalvikvm: GC_CONCURRENT freed 210K, 7% free 10737K/11463K, paused 3ms+3ms
07-12 23:35:22.842  6706  6766 D dalvikvm: GC_FOR_ALLOC freed 410K, 8% free 10623K/11463K, paused 22ms
07-12 23:35:23.866  6706  6766 D dalvikvm: GC_FOR_ALLOC freed 408K, 8% free 10560K/11463K, paused 23ms
07-12 23:35:24.780  6706  6709 D dalvikvm: GC_CONCURRENT freed 382K, 8% free 10585K/11463K, paused 2ms+2ms
07-12 23:35:25.784  6706  6709 D dalvikvm: GC_CONCURRENT freed 409K, 8% free 10585K/11463K, paused 2ms+3ms
07-12 23:35:26.780  6706  6709 D dalvikvm: GC_CONCURRENT freed 409K, 8% free 10585K/11463K, paused 2ms+2ms
07-12 23:35:27.932  6706  6709 D dalvikvm: GC_CONCURRENT freed 240K, 7% free 10749K/11463K, paused 3ms+2ms
07-12 23:35:28.108   144   147 D dalvikvm: GC_CONCURRENT freed 1973K, 26% free 17601K/23623K, paused 3ms+7ms
07-12 23:35:29.085  6706  6766 D dalvikvm: GC_FOR_ALLOC freed 427K, 8% free 10617K/11463K, paused 21ms
07-12 23:35:30.065 30387 30389 D dalvikvm: GC_CONCURRENT freed 349K, 6% free 10302K/10887K, paused 5ms+33ms
07-12 23:35:30.155  6706  6709 D dalvikvm: GC_CONCURRENT freed 454K, 7% free 10752K/11463K, paused 2ms+3ms
07-12 23:35:31.241  6706  6766 D dalvikvm: GC_FOR_ALLOC freed 463K, 8% free 10619K/11463K, paused 23ms
07-12 23:35:32.358  6706  6766 D dalvikvm: GC_FOR_ALLOC freed 409K, 8% free 10560K/11463K, paused 21ms
07-12 23:35:32.921  6706  6709 D dalvikvm: GC_CONCURRENT freed 210K, 7% free 10749K/11463K, paused 2ms+2ms
07-12 23:35:33.995  6706  6766 D dalvikvm: GC_FOR_ALLOC freed 409K, 8% free 10603K/11463K, paused 24ms
07-12 23:35:35.135  6706  6709 D dalvikvm: GC_CONCURRENT freed 414K, 8% free 10615K/11463K, paused 3ms+2ms
07-12 23:35:36.256  6706  6709 D dalvikvm: GC_CONCURRENT freed 409K, 8% free 10615K/11463K, paused 3ms+2ms
07-12 23:35:37.385  6706  6709 D dalvikvm: GC_CONCURRENT freed 452K, 7% free 10687K/11463K, paused 3ms+3ms
07-12 23:35:38.499  6706  6766 D dalvikvm: GC_FOR_ALLOC freed 401K, 8% free 10560K/11463K, paused 22ms
07-12 23:35:39.112  6706  6709 D dalvikvm: GC_CONCURRENT freed 370K, 8% free 10583K/11463K, paused 2ms+3ms
07-12 23:35:40.171  6706  6709 D dalvikvm: GC_CONCURRENT freed 248K, 7% free 10749K/11463K, paused 2ms+3ms
07-12 23:35:41.276  6706  6766 D dalvikvm: GC_FOR_ALLOC freed 400K, 8% free 10623K/11463K, paused 21ms
07-12 23:35:42.397  6706  6766 D dalvikvm: GC_FOR_ALLOC freed 404K, 8% free 10623K/11463K, paused 22ms
07-12 23:35:43.538  6706  6709 D dalvikvm: GC_CONCURRENT freed 407K, 8% free 10623K/11463K, paused 3ms+3ms
07-12 23:35:44.753  6706  6766 D dalvikvm: GC_FOR_ALLOC freed 404K, 8% free 10623K/11463K, paused 22ms
07-12 23:35:45.323   344   344 D SAN_SERVICE: *******************************************
07-12 23:35:45.323   344   344 D SAN_SERVICE: DM App Phone Service State - 0
07-12 23:35:45.323   344   344 D SAN_SERVICE: *******************************************
07-12 23:35:45.401  6652  6655 D dalvikvm: GC_CONCURRENT freed 396K, 6% free 10398K/11015K, paused 2ms+2ms
07-12 23:35:45.659   344   344 D SAN_SERVICE: *******************************************
07-12 23:35:45.659   344   344 D SAN_SERVICE: DM App Phone Service State - 0
07-12 23:35:45.659   344   344 D SAN_SERVICE: *******************************************
07-12 23:35:45.796  6706  6766 D dalvikvm: GC_FOR_ALLOC freed 403K, 8% free 10613K/11463K, paused 61ms
07-12 23:35:47.186  6706  6709 D dalvikvm: GC_CONCURRENT freed 409K, 8% free 10623K/11463K, paused 20ms+2ms
07-12 23:35:48.131  6706  6766 D dalvikvm: GC_FOR_ALLOC freed 403K, 8% free 10560K/11463K, paused 59ms
07-12 23:35:48.772  6706  6709 D dalvikvm: GC_CONCURRENT freed 382K, 8% free 10577K/11463K, paused 2ms+2ms
07-12 23:35:49.792  6706  6709 D dalvikvm: GC_CONCURRENT freed 231K, 7% free 10749K/11463K, paused 2ms+3ms
07-12 23:35:50.901  6706  6766 D dalvikvm: GC_FOR_ALLOC freed 400K, 8% free 10623K/11463K, paused 22ms
07-12 23:35:52.229  6706  6709 D dalvikvm: GC_CONCURRENT freed 406K, 8% free 10624K/11463K, paused 2ms+3ms
07-12 23:35:53.253  6706  6766 D dalvikvm: GC_FOR_ALLOC freed 405K, 8% free 10623K/11463K, paused 82ms
07-12 23:35:54.264  6706  6766 D dalvikvm: GC_FOR_ALLOC freed 404K, 8% free 10621K/11463K, paused 22ms
07-12 23:35:55.409  6706  6709 D dalvikvm: GC_CONCURRENT freed 409K, 8% free 10623K/11463K, paused 2ms+3ms
07-12 23:35:56.538  6706  6709 D dalvikvm: GC_CONCURRENT freed 408K, 8% free 10623K/11463K, paused 2ms+2ms
07-12 23:35:57.643  6706  6766 D dalvikvm: GC_FOR_ALLOC freed 404K, 8% free 10560K/11463K, paused 22ms
07-12 23:35:58.456  6706  6709 D dalvikvm: GC_CONCURRENT freed 210K, 7% free 10749K/11463K, paused 21ms+2ms
07-12 23:35:59.362  6706  6766 D dalvikvm: GC_FOR_ALLOC freed 400K, 8% free 10560K/11463K, paused 30ms
07-12 23:35:59.510   144   198 D DhcpInfoInternal: makeLinkProperties with empty dns2!
07-12 23:35:59.518   144   198 D DhcpInfoInternal: makeLinkProperties with empty dns2!
07-12 23:35:59.936  6706  6709 D dalvikvm: GC_CONCURRENT freed 205K, 7% free 10740K/11463K, paused 2ms+2ms
07-12 23:36:01.038  6706  6766 D dalvikvm: GC_FOR_ALLOC freed 410K, 8% free 10616K/11463K, paused 23ms
07-12 23:36:02.346  6706  6709 D dalvikvm: GC_CONCURRENT freed 417K, 8% free 10623K/11463K, paused 21ms+2ms
07-12 23:36:03.288  6706  6766 D dalvikvm: GC_FOR_ALLOC freed 404K, 8% free 10560K/11463K, paused 23ms
07-12 23:36:03.784  6706  6709 D dalvikvm: GC_CONCURRENT freed 384K, 8% free 10565K/11463K, paused 2ms+4ms
07-12 23:36:04.940  6706  6709 D dalvikvm: GC_CONCURRENT freed 321K, 7% free 10686K/11463K, paused 2ms+3ms
07-12 23:36:06.053  6706  6766 D dalvikvm: GC_FOR_ALLOC freed 400K, 8% free 10560K/11463K, paused 21ms
07-12 23:36:06.792  6706  6709 D dalvikvm: GC_CONCURRENT freed 205K, 7% free 10749K/11463K, paused 2ms+3ms
07-12 23:36:07.815  6706  6766 D dalvikvm: GC_FOR_ALLOC freed 400K, 8% free 10623K/11463K, paused 30ms
07-12 23:36:08.905  6706  6766 D dalvikvm: GC_FOR_ALLOC freed 409K, 8% free 10610K/11463K, paused 24ms
07-12 23:36:10.155  6706  6709 D dalvikvm: GC_CONCURRENT freed 414K, 8% free 10623K/11463K, paused 2ms+3ms
07-12 23:36:10.987  6547  6560 I PhoneLab-: Service Running
07-12 23:36:11.065  6547  6560 I PhoneLab-LoggerService: app_37    1373  1     1440   1000  c00f181c 400107b4 S logcat
07-12 23:36:11.065  6547  6560 I PhoneLab-LoggerService: Logcat pid from database 1373
07-12 23:36:11.065  6547  6560 I PhoneLab-LoggerService: Logcat process found 1373
07-12 23:36:11.065  6547  6560 I PhoneLab-LoggerService: Checking Threshold
07-12 23:36:11.065  6547  6560 I PhoneLab-LoggerService: Starting to rename files
07-12 23:36:11.069  6547  6560 I PhoneLab-LoggerService: Files found .. 2
07-12 23:36:11.171  6706  6766 D dalvikvm: GC_FOR_ALLOC freed 412K, 8% free 10608K/11463K, paused 49ms
07-12 23:36:12.303  6706  6766 D dalvikvm: GC_FOR_ALLOC freed 409K, 8% free 10560K/11463K, paused 22ms
07-12 23:36:12.858  6706  6709 D dalvikvm: GC_CONCURRENT freed 351K, 8% free 10608K/11463K, paused 2ms+2ms
07-12 23:36:14.038  6706  6709 D dalvikvm: GC_CONCURRENT freed 418K, 8% free 10598K/11463K, paused 2ms+2ms
07-12 23:36:15.264  6706  6766 D dalvikvm: GC_FOR_ALLOC freed 253K, 7% free 10686K/11463K, paused 21ms
07-12 23:36:16.174   344   344 D SAN_SERVICE: *******************************************
07-12 23:36:16.174   344   344 D SAN_SERVICE: DM App Phone Service State - 0
07-12 23:36:16.174   344   344 D SAN_SERVICE: *******************************************
07-12 23:36:16.264  6706  6766 D dalvikvm: GC_FOR_ALLOC freed 405K, 8% free 10560K/11463K, paused 24ms
07-12 23:36:16.835   344   344 D SAN_SERVICE: *******************************************
07-12 23:36:16.835   344   344 D SAN_SERVICE: DM App Phone Service State - 0
07-12 23:36:16.835   344   344 D SAN_SERVICE: *******************************************
07-12 23:36:16.850  6706  6709 D dalvikvm: GC_CONCURRENT freed 205K, 7% free 10749K/11463K, paused 2ms+3ms
07-12 23:36:17.936  6706  6766 D dalvikvm: GC_FOR_ALLOC freed 405K, 8% free 10620K/11463K, paused 22ms
07-12 23:36:19.178  6706  6709 D dalvikvm: GC_CONCURRENT freed 407K, 8% free 10623K/11463K, paused 2ms+3ms
07-12 23:36:20.190  6706  6766 D dalvikvm: GC_FOR_ALLOC freed 407K, 8% free 10560K/11463K, paused 41ms
07-12 23:36:20.729  6706  6709 D dalvikvm: GC_CONCURRENT freed 207K, 7% free 10749K/11463K, paused 2ms+3ms
07-12 23:36:21.831  6706  6766 D dalvikvm: GC_FOR_ALLOC freed 410K, 8% free 10623K/11463K, paused 21ms
07-12 23:36:22.948  6706  6766 D dalvikvm: GC_FOR_ALLOC freed 404K, 8% free 10618K/11463K, paused 22ms
07-12 23:36:24.073  6706  6766 D dalvikvm: GC_FOR_ALLOC freed 409K, 8% free 10612K/11463K, paused 24ms
07-12 23:36:25.217  6706  6709 D dalvikvm: GC_CONCURRENT freed 413K, 8% free 10613K/11463K, paused 2ms+2ms
07-12 23:36:26.342  6706  6709 D dalvikvm: GC_CONCURRENT freed 414K, 8% free 10623K/11463K, paused 2ms+2ms
07-12 23:36:27.460  6706  6766 D dalvikvm: GC_FOR_ALLOC freed 404K, 8% free 10560K/11463K, paused 23ms
07-12 23:36:28.096  6706  6709 D dalvikvm: GC_CONCURRENT freed 208K, 7% free 10751K/11463K, paused 2ms+2ms
07-12 23:36:29.186  6706  6766 D dalvikvm: GC_FOR_ALLOC freed 404K, 8% free 10560K/11463K, paused 21ms
07-12 23:36:29.846  6706  6709 D dalvikvm: GC_CONCURRENT freed 303K, 7% free 10668K/11463K, paused 3ms+2ms
07-12 23:36:30.100   144 10051 D dalvikvm: GC_EXPLICIT freed 1113K, 26% free 17609K/23623K, paused 3ms+7ms
07-12 23:36:30.202  3358  3360 D dalvikvm: GC_CONCURRENT freed 493K, 7% free 10216K/10951K, paused 2ms+3ms
07-12 23:36:30.835  6706  6766 D dalvikvm: GC_FOR_ALLOC freed 332K, 7% free 10664K/11463K, paused 23ms
07-12 23:36:31.967  6706  6766 D dalvikvm: GC_FOR_ALLOC freed 405K, 8% free 10560K/11463K, paused 21ms
07-12 23:36:32.526  6706  6709 D dalvikvm: GC_CONCURRENT freed 380K, 8% free 10579K/11463K, paused 2ms+2ms
07-12 23:36:33.639  6706  6709 D dalvikvm: GC_CONCURRENT freed 236K, 7% free 10751K/11463K, paused 2ms+3ms
07-12 23:36:34.721  6706  6766 D dalvikvm: GC_FOR_ALLOC freed 410K, 8% free 10608K/11463K, paused 25ms
07-12 23:36:35.862  6706  6709 D dalvikvm: GC_CONCURRENT freed 438K, 8% free 10618K/11463K, paused 2ms+2ms
07-12 23:36:36.995  6706  6709 D dalvikvm: GC_CONCURRENT freed 414K, 8% free 10623K/11463K, paused 2ms+3ms
07-12 23:36:38.092  6706  6766 D dalvikvm: GC_FOR_ALLOC freed 405K, 8% free 10562K/11463K, paused 28ms
07-12 23:36:38.760  6706  6709 D dalvikvm: GC_CONCURRENT freed 219K, 7% free 10749K/11463K, paused 2ms+2ms
07-12 23:36:39.842  6706  6766 D dalvikvm: GC_FOR_ALLOC freed 405K, 8% free 10560K/11463K, paused 23ms
07-12 23:36:40.389  6706  6709 D dalvikvm: GC_CONCURRENT freed 208K, 7% free 10742K/11463K, paused 2ms+3ms
07-12 23:36:41.491  6706  6766 D dalvikvm: GC_FOR_ALLOC freed 410K, 8% free 10560K/11463K, paused 21ms
07-12 23:36:43.030  6706  6709 D dalvikvm: GC_CONCURRENT freed 212K, 7% free 10753K/11463K, paused 22ms+2ms
07-12 23:36:43.975  6706  6766 D dalvikvm: GC_FOR_ALLOC freed 395K, 8% free 10560K/11463K, paused 72ms
07-12 23:36:44.206  6706  6709 D dalvikvm: GC_CONCURRENT freed 200K, 7% free 10749K/11463K, paused 21ms+2ms
07-12 23:36:45.147  6706  6766 D dalvikvm: GC_FOR_ALLOC freed 395K, 8% free 10623K/11463K, paused 80ms
07-12 23:36:46.100  6706  6766 D dalvikvm: GC_FOR_ALLOC freed 404K, 8% free 10623K/11463K, paused 37ms
07-12 23:36:47.128  6706  6766 D dalvikvm: GC_FOR_ALLOC freed 405K, 8% free 10604K/11463K, paused 64ms
07-12 23:36:48.260  6706  6709 D dalvikvm: GC_CONCURRENT freed 410K, 8% free 10602K/11463K, paused 2ms+2ms
07-12 23:36:49.381  6706  6709 D dalvikvm: GC_CONCURRENT freed 409K, 8% free 10623K/11463K, paused 2ms+2ms
07-12 23:36:50.495  6706  6766 D dalvikvm: GC_FOR_ALLOC freed 409K, 8% free 10560K/11463K, paused 22ms
07-12 23:36:51.135  6706  6709 D dalvikvm: GC_CONCURRENT freed 210K, 7% free 10743K/11463K, paused 2ms+2ms
07-12 23:36:52.245  6706  6766 D dalvikvm: GC_FOR_ALLOC freed 405K, 8% free 10560K/11463K, paused 22ms
07-12 23:36:52.780  6706  6709 D dalvikvm: GC_CONCURRENT freed 205K, 7% free 10749K/11463K, paused 2ms+2ms
07-12 23:36:53.878  6706  6766 D dalvikvm: GC_FOR_ALLOC freed 405K, 8% free 10623K/11463K, paused 22ms
07-12 23:36:55.061  6706  6766 D dalvikvm: GC_FOR_ALLOC freed 404K, 8% free 10623K/11463K, paused 31ms
07-12 23:36:56.147  6706  6709 D dalvikvm: GC_CONCURRENT freed 408K, 8% free 10623K/11463K, paused 2ms+3ms
07-12 23:36:57.428  6706  6709 D dalvikvm: GC_CONCURRENT freed 407K, 8% free 10623K/11463K, paused 21ms+2ms
07-12 23:36:58.381  6706  6766 D dalvikvm: GC_FOR_ALLOC freed 403K, 8% free 10623K/11463K, paused 21ms
07-12 23:36:59.499  6706  6766 D dalvikvm: GC_FOR_ALLOC freed 404K, 8% free 10623K/11463K, paused 22ms
07-12 23:37:00.628  6706  6766 D dalvikvm: GC_FOR_ALLOC freed 404K, 8% free 10623K/11463K, paused 22ms
07-12 23:37:01.768  6706  6709 D dalvikvm: GC_CONCURRENT freed 408K, 8% free 10623K/11463K, paused 2ms+2ms
07-12 23:37:02.901  6706  6709 D dalvikvm: GC_CONCURRENT freed 438K, 8% free 10617K/11463K, paused 2ms+3ms
07-12 23:37:04.026  6706  6709 D dalvikvm: GC_CONCURRENT freed 414K, 8% free 10623K/11463K, paused 2ms+2ms
07-12 23:37:05.139  6706  6766 D dalvikvm: GC_FOR_ALLOC freed 404K, 8% free 10560K/11463K, paused 22ms
07-12 23:37:05.682  6706  6709 D dalvikvm: GC_CONCURRENT freed 207K, 7% free 10751K/11463K, paused 2ms+2ms
07-12 23:37:06.796  6706  6766 D dalvikvm: GC_FOR_ALLOC freed 402K, 8% free 10623K/11463K, paused 32ms
07-12 23:37:07.909  6706  6766 D dalvikvm: GC_FOR_ALLOC freed 404K, 8% free 10623K/11463K, paused 21ms
07-12 23:37:09.081  6706  6709 D dalvikvm: GC_CONCURRENT freed 407K, 8% free 10626K/11463K, paused 58ms+2ms
07-12 23:37:10.151  6706  6766 D dalvikvm: GC_FOR_ALLOC freed 405K, 8% free 10607K/11463K, paused 25ms
07-12 23:37:11.292  6706  6766 D dalvikvm: GC_FOR_ALLOC freed 409K, 8% free 10560K/11463K, paused 22ms
07-12 23:37:11.928  6706  6709 D dalvikvm: GC_CONCURRENT freed 205K, 7% free 10749K/11463K, paused 2ms+3ms
07-12 23:37:13.026  6706  6766 D dalvikvm: GC_FOR_ALLOC freed 400K, 8% free 10614K/11463K, paused 23ms
07-12 23:37:14.256  6706  6709 D dalvikvm: GC_CONCURRENT freed 409K, 8% free 10623K/11463K, paused 2ms+2ms
07-12 23:37:15.381  6706  6766 D dalvikvm: GC_FOR_ALLOC freed 407K, 8% free 10560K/11463K, paused 22ms
07-12 23:37:15.815  6706  6709 D dalvikvm: GC_CONCURRENT freed 378K, 8% free 10575K/11463K, paused 2ms+3ms
07-12 23:37:16.940  6706  6709 D dalvikvm: GC_CONCURRENT freed 255K, 7% free 10749K/11463K, paused 2ms+3ms
07-12 23:37:18.120  6706  6766 D dalvikvm: GC_FOR_ALLOC freed 400K, 8% free 10600K/11463K, paused 23ms
07-12 23:37:19.186  6706  6709 D dalvikvm: GC_CONCURRENT freed 413K, 8% free 10621K/11463K, paused 2ms+2ms
07-12 23:37:20.397  6706  6766 D dalvikvm: GC_FOR_ALLOC freed 409K, 8% free 10560K/11463K, paused 21ms
07-12 23:37:21.096  6706  6709 D dalvikvm: GC_CONCURRENT freed 376K, 8% free 10623K/11463K, paused 3ms+3ms
07-12 23:37:22.178  6706  6709 D dalvikvm: GC_CONCURRENT freed 442K, 8% free 10609K/11463K, paused 3ms+2ms
07-12 23:37:23.167  6706  6766 D dalvikvm: GC_FOR_ALLOC freed 264K, 7% free 10687K/11463K, paused 21ms
07-12 23:37:24.280  6706  6766 D dalvikvm: GC_FOR_ALLOC freed 402K, 8% free 10610K/11463K, paused 26ms
07-12 23:37:25.428  6706  6709 D dalvikvm: GC_CONCURRENT freed 410K, 8% free 10615K/11463K, paused 2ms+2ms
07-12 23:37:26.557  6706  6709 D dalvikvm: GC_CONCURRENT freed 409K, 8% free 10623K/11463K, paused 2ms+3ms
07-12 23:37:27.663  6706  6766 D dalvikvm: GC_FOR_ALLOC freed 404K, 8% free 10560K/11463K, paused 22ms
07-12 23:37:28.206  6706  6709 D dalvikvm: GC_CONCURRENT freed 205K, 7% free 10749K/11463K, paused 2ms+3ms
07-12 23:37:29.303  6706  6766 D dalvikvm: GC_FOR_ALLOC freed 400K, 8% free 10606K/11463K, paused 21ms
07-12 23:37:30.171  6652  6655 D dalvikvm: GC_CONCURRENT freed 499K, 6% free 10411K/11015K, paused 2ms+3ms
07-12 23:37:30.444  6706  6709 D dalvikvm: GC_CONCURRENT freed 423K, 8% free 10615K/11463K, paused 2ms+2ms
07-12 23:37:31.546  6706  6766 D dalvikvm: GC_FOR_ALLOC freed 409K, 8% free 10560K/11463K, paused 21ms
07-12 23:37:32.288  6706  6709 D dalvikvm: GC_CONCURRENT freed 205K, 7% free 10749K/11463K, paused 3ms+5ms
07-12 23:37:33.296  6706  6766 D dalvikvm: GC_FOR_ALLOC freed 400K, 8% free 10623K/11463K, paused 21ms
07-12 23:37:34.436  6706  6709 D dalvikvm: GC_CONCURRENT freed 407K, 8% free 10623K/11463K, paused 2ms+2ms
07-12 23:37:35.553  6706  6766 D dalvikvm: GC_FOR_ALLOC freed 404K, 8% free 10623K/11463K, paused 22ms
07-12 23:37:36.678  6706  6766 D dalvikvm: GC_FOR_ALLOC freed 404K, 8% free 10623K/11463K, paused 21ms
07-12 23:37:37.839  6706  6709 D dalvikvm: GC_CONCURRENT freed 447K, 8% free 10608K/11463K, paused 24ms+2ms
07-12 23:37:38.495  6706  6709 D dalvikvm: GC_CONCURRENT freed 429K, 8% free 10593K/11463K, paused 2ms+2ms
07-12 23:37:39.467  6706  6709 D dalvikvm: GC_CONCURRENT freed 272K, 7% free 10719K/11463K, paused 2ms+3ms
07-12 23:37:40.577  6706  6766 D dalvikvm: GC_FOR_ALLOC freed 411K, 8% free 10560K/11463K, paused 22ms
07-12 23:37:41.202  6706  6709 D dalvikvm: GC_CONCURRENT freed 205K, 7% free 10749K/11463K, paused 2ms+3ms
07-12 23:37:42.569  6706  6766 D dalvikvm: GC_FOR_ALLOC freed 400K, 8% free 10623K/11463K, paused 58ms
07-12 23:37:43.608  6706  6709 D dalvikvm: GC_CONCURRENT freed 412K, 8% free 10623K/11463K, paused 24ms+2ms
07-12 23:37:44.561  6706  6709 D dalvikvm: GC_CONCURRENT freed 409K, 8% free 10623K/11463K, paused 4ms+6ms
07-12 23:37:45.585  6706  6766 D dalvikvm: GC_FOR_ALLOC freed 409K, 8% free 10610K/11463K, paused 24ms
07-12 23:37:46.928  6706  6709 D dalvikvm: GC_CONCURRENT freed 414K, 8% free 10615K/11463K, paused 2ms+2ms
07-12 23:37:47.960  6706  6766 D dalvikvm: GC_FOR_ALLOC freed 408K, 8% free 10560K/11463K, paused 63ms
07-12 23:37:48.471  6706  6709 D dalvikvm: GC_CONCURRENT freed 210K, 7% free 10749K/11463K, paused 2ms+3ms
07-12 23:37:49.569  6706  6766 D dalvikvm: GC_FOR_ALLOC freed 405K, 8% free 10623K/11463K, paused 21ms
07-12 23:37:50.702  6706  6766 D dalvikvm: GC_FOR_ALLOC freed 404K, 8% free 10560K/11463K, paused 21ms
07-12 23:37:51.241  6706  6709 D dalvikvm: GC_CONCURRENT freed 205K, 7% free 10749K/11463K, paused 2ms+3ms
07-12 23:37:52.643  6706  6766 D dalvikvm: GC_FOR_ALLOC freed 404K, 8% free 10623K/11463K, paused 55ms
07-12 23:37:53.690  6706  6709 D dalvikvm: GC_CONCURRENT freed 408K, 8% free 10623K/11463K, paused 20ms+2ms
07-12 23:37:54.604  6706  6766 D dalvikvm: GC_FOR_ALLOC freed 404K, 8% free 10560K/11463K, paused 21ms
07-12 23:37:55.249  6706  6709 D dalvikvm: GC_CONCURRENT freed 205K, 7% free 10749K/11463K, paused 2ms+2ms
07-12 23:37:56.339  6706  6766 D dalvikvm: GC_FOR_ALLOC freed 405K, 8% free 10623K/11463K, paused 22ms
07-12 23:37:57.506  6706  6709 D dalvikvm: GC_CONCURRENT freed 409K, 8% free 10623K/11463K, paused 2ms+2ms
07-12 23:37:58.592  6706  6766 D dalvikvm: GC_FOR_ALLOC freed 409K, 8% free 10560K/11463K, paused 22ms
07-12 23:37:59.155  6706  6709 D dalvikvm: GC_CONCURRENT freed 378K, 8% free 10586K/11463K, paused 2ms+2ms
07-12 23:38:00.264  6706  6709 D dalvikvm: GC_CONCURRENT freed 404K, 8% free 10608K/11463K, paused 2ms+3ms
07-12 23:38:01.389  6706  6709 D dalvikvm: GC_CONCURRENT freed 277K, 7% free 10745K/11463K, paused 2ms+2ms
07-12 23:38:02.698  6706  6766 D dalvikvm: GC_FOR_ALLOC freed 427K, 8% free 10623K/11463K, paused 81ms
07-12 23:38:03.671  6706  6709 D dalvikvm: GC_CONCURRENT freed 419K, 8% free 10623K/11463K, paused 2ms+6ms
07-12 23:38:04.788  6706  6766 D dalvikvm: GC_FOR_ALLOC freed 404K, 8% free 10560K/11463K, paused 30ms
07-12 23:38:04.944   144   147 D dalvikvm: GC_CONCURRENT freed 2015K, 26% free 17603K/23623K, paused 3ms+7ms
07-12 23:38:05.339  6706  6709 D dalvikvm: GC_CONCURRENT freed 384K, 8% free 10622K/11463K, paused 2ms+3ms
07-12 23:38:06.483  6706  6766 D dalvikvm: GC_FOR_ALLOC freed 336K, 7% free 10685K/11463K, paused 22ms
07-12 23:38:07.612  6706  6766 D dalvikvm: GC_FOR_ALLOC freed 410K, 8% free 10560K/11463K, paused 22ms
07-12 23:38:08.163  6706  6709 D dalvikvm: GC_CONCURRENT freed 357K, 8% free 10605K/11463K, paused 2ms+2ms
07-12 23:38:09.288  6706  6709 D dalvikvm: GC_CONCURRENT freed 441K, 8% free 10580K/11463K, paused 2ms+2ms
07-12 23:38:10.374  6706  6709 D dalvikvm: GC_CONCURRENT freed 411K, 8% free 10573K/11463K, paused 3ms+3ms
07-12 23:38:11.006  6547  6560 I PhoneLab-: Service Running
07-12 23:38:11.120  6547  6560 I PhoneLab-LoggerService: app_37    1373  1     1440   1000  c00f181c 400107b4 S logcat
07-12 23:38:11.124  6547  6560 I PhoneLab-LoggerService: Logcat pid from database 1373
07-12 23:38:11.124  6547  6560 I PhoneLab-LoggerService: Logcat process found 1373
07-12 23:38:11.124  6547  6560 I PhoneLab-LoggerService: Checking Threshold
07-12 23:38:11.124  6547  6560 I PhoneLab-LoggerService: Starting to rename files
07-12 23:38:11.124  6547  6560 I PhoneLab-LoggerService: Files found .. 2
07-12 23:38:11.612  6706  6766 D dalvikvm: GC_FOR_ALLOC freed 319K, 8% free 10623K/11463K, paused 26ms
07-12 23:38:12.893  6706  6766 D dalvikvm: GC_FOR_ALLOC freed 404K, 8% free 10560K/11463K, paused 79ms
07-12 23:38:13.284  6706  6709 D dalvikvm: GC_CONCURRENT freed 372K, 8% free 10587K/11463K, paused 2ms+3ms
07-12 23:38:14.393  6706  6709 D dalvikvm: GC_CONCURRENT freed 242K, 7% free 10749K/11463K, paused 2ms+2ms
07-12 23:38:15.491  6706  6766 D dalvikvm: GC_FOR_ALLOC freed 400K, 8% free 10623K/11463K, paused 21ms
07-12 23:38:16.702  6706  6766 D dalvikvm: GC_FOR_ALLOC freed 408K, 8% free 10604K/11463K, paused 22ms
07-12 23:38:17.143  6106  6108 D dalvikvm: GC_CONCURRENT freed 812K, 8% free 11865K/12807K, paused 101ms+3ms
07-12 23:38:17.206  6106  7145 D dalvikvm: GC_FOR_ALLOC freed 134K, 9% free 11826K/12935K, paused 37ms
07-12 23:38:17.206  6106  7145 I dalvikvm-heap: Grow heap (frag case) to 11.804MB for 195430-byte allocation
07-12 23:38:17.253  6106  7145 D dalvikvm: GC_FOR_ALLOC freed 95K, 10% free 11921K/13127K, paused 43ms
07-12 23:38:17.760  6706  6709 D dalvikvm: GC_CONCURRENT freed 422K, 8% free 10649K/11463K, paused 3ms+2ms
07-12 23:38:18.526  6106  6108 D dalvikvm: GC_CONCURRENT freed 834K, 10% free 11933K/13127K, paused 2ms+7ms
07-12 23:38:18.827  6706  6709 D dalvikvm: GC_CONCURRENT freed 500K, 8% free 10565K/11463K, paused 2ms+3ms
07-12 23:38:19.491  6706  6709 D dalvikvm: GC_CONCURRENT freed 385K, 8% free 10620K/11463K, paused 3ms+3ms
07-12 23:38:20.510  6706  6766 D dalvikvm: GC_FOR_ALLOC freed 310K, 7% free 10686K/11463K, paused 21ms
07-12 23:38:21.714  6706  6766 D dalvikvm: GC_FOR_ALLOC freed 410K, 8% free 10560K/11463K, paused 44ms
07-12 23:38:22.288  6706  6709 D dalvikvm: GC_CONCURRENT freed 205K, 7% free 10749K/11463K, paused 2ms+3ms
07-12 23:38:23.378  6706  6766 D dalvikvm: GC_FOR_ALLOC freed 405K, 8% free 10612K/11463K, paused 24ms
07-12 23:38:24.432   144   198 D DhcpInfoInternal: makeLinkProperties with empty dns2!
07-12 23:38:24.432   144   198 D DhcpInfoInternal: makeLinkProperties with empty dns2!
07-12 23:38:24.444  6706  6709 D dalvikvm: GC_CONCURRENT freed 409K, 8% free 10612K/11463K, paused 10ms+2ms
07-12 23:38:25.643  6706  6709 D dalvikvm: GC_CONCURRENT freed 409K, 8% free 10623K/11463K, paused 2ms+2ms
07-12 23:38:26.655  6706  6766 D dalvikvm: GC_FOR_ALLOC freed 404K, 8% free 10560K/11463K, paused 32ms
07-12 23:38:27.288  6706  6709 D dalvikvm: GC_CONCURRENT freed 205K, 7% free 10749K/11463K, paused 2ms+2ms
07-12 23:38:28.405  6706  6766 D dalvikvm: GC_FOR_ALLOC freed 405K, 8% free 10613K/11463K, paused 24ms
07-12 23:38:29.678  6706  6709 D dalvikvm: GC_CONCURRENT freed 412K, 8% free 10623K/11463K, paused 22ms+3ms
07-12 23:38:30.245  3358  3360 D dalvikvm: GC_CONCURRENT freed 521K, 7% free 10207K/10951K, paused 2ms+3ms
07-12 23:38:30.651  6706  6766 D dalvikvm: GC_FOR_ALLOC freed 408K, 8% free 10592K/11463K, paused 21ms
07-12 23:38:31.881  6706  6766 D dalvikvm: GC_FOR_ALLOC freed 409K, 8% free 10560K/11463K, paused 22ms
07-12 23:38:32.702  6706  6709 D dalvikvm: GC_CONCURRENT freed 377K, 8% free 10587K/11463K, paused 21ms+2ms
07-12 23:38:33.686  6706  6709 D dalvikvm: GC_CONCURRENT freed 418K, 8% free 10587K/11463K, paused 21ms+3ms
07-12 23:38:34.549  6706  6709 D dalvikvm: GC_CONCURRENT freed 276K, 7% free 10725K/11463K, paused 2ms+2ms
07-12 23:38:35.651  6706  6766 D dalvikvm: GC_FOR_ALLOC freed 406K, 8% free 10623K/11463K, paused 21ms
07-12 23:38:36.792  6706  6766 D dalvikvm: GC_FOR_ALLOC freed 409K, 8% free 10560K/11463K, paused 21ms
07-12 23:38:37.741  6706  6709 D dalvikvm: GC_CONCURRENT freed 205K, 7% free 10749K/11463K, paused 21ms+3ms
07-12 23:38:38.655  6706  6766 D dalvikvm: GC_FOR_ALLOC freed 404K, 8% free 10623K/11463K, paused 68ms
07-12 23:38:39.682  6706  6766 D dalvikvm: GC_FOR_ALLOC freed 404K, 8% free 10623K/11463K, paused 32ms
07-12 23:38:40.784  6706  6766 D dalvikvm: GC_FOR_ALLOC freed 404K, 8% free 10623K/11463K, paused 21ms
07-12 23:38:41.909  6706  6766 D dalvikvm: GC_FOR_ALLOC freed 404K, 8% free 10623K/11463K, paused 22ms
07-12 23:38:43.026  6706  6766 D dalvikvm: GC_FOR_ALLOC freed 404K, 8% free 10623K/11463K, paused 21ms
07-12 23:38:44.120  6706  6709 D dalvikvm: GC_CONCURRENT freed 462K, 8% free 10566K/11463K, paused 3ms+3ms
07-12 23:38:45.299  6706  6709 D dalvikvm: GC_CONCURRENT freed 385K, 7% free 10677K/11463K, paused 3ms+3ms
07-12 23:38:46.409  6706  6766 D dalvikvm: GC_FOR_ALLOC freed 408K, 8% free 10623K/11463K, paused 22ms
07-12 23:38:47.714  6706  6709 D dalvikvm: GC_CONCURRENT freed 417K, 8% free 10623K/11463K, paused 22ms+3ms
07-12 23:38:48.737  6706  6709 D dalvikvm: GC_CONCURRENT freed 461K, 8% free 10611K/11463K, paused 22ms+2ms
07-12 23:38:49.811  6706  6709 D dalvikvm: GC_CONCURRENT freed 444K, 7% free 10668K/11463K, paused 2ms+3ms
07-12 23:38:50.948  6706  6766 D dalvikvm: GC_FOR_ALLOC freed 426K, 8% free 10620K/11463K, paused 41ms
07-12 23:38:52.038  6706  6766 D dalvikvm: GC_FOR_ALLOC freed 419K, 8% free 10560K/11463K, paused 21ms
07-12 23:38:52.694  6706  6709 D dalvikvm: GC_CONCURRENT freed 210K, 7% free 10749K/11463K, paused 2ms+4ms
07-12 23:38:53.698  6706  6766 D dalvikvm: GC_FOR_ALLOC freed 400K, 8% free 10560K/11463K, paused 21ms
07-12 23:38:54.323  6706  6709 D dalvikvm: GC_CONCURRENT freed 205K, 7% free 10749K/11463K, paused 2ms+3ms
07-12 23:38:55.417  6706  6766 D dalvikvm: GC_FOR_ALLOC freed 400K, 8% free 10623K/11463K, paused 21ms
07-12 23:38:56.647  6706  6709 D dalvikvm: GC_CONCURRENT freed 412K, 8% free 10623K/11463K, paused 2ms+2ms
07-12 23:38:57.686  6706  6766 D dalvikvm: GC_FOR_ALLOC freed 404K, 8% free 10560K/11463K, paused 21ms
07-12 23:38:58.225  6706  6709 D dalvikvm: GC_CONCURRENT freed 205K, 7% free 10749K/11463K, paused 3ms+3ms
07-12 23:38:59.323  6706  6766 D dalvikvm: GC_FOR_ALLOC freed 400K, 8% free 10623K/11463K, paused 21ms
07-12 23:39:00.464  6706  6709 D dalvikvm: GC_CONCURRENT freed 408K, 8% free 10622K/11463K, paused 2ms+2ms
07-12 23:39:01.608  6706  6709 D dalvikvm: GC_CONCURRENT freed 409K, 8% free 10623K/11463K, paused 2ms+2ms
07-12 23:39:02.686  6706  6766 D dalvikvm: GC_FOR_ALLOC freed 404K, 8% free 10560K/11463K, paused 21ms
07-12 23:39:03.350  6706  6709 D dalvikvm: GC_CONCURRENT freed 205K, 7% free 10749K/11463K, paused 2ms+2ms
07-12 23:39:04.444  6706  6766 D dalvikvm: GC_FOR_ALLOC freed 400K, 8% free 10622K/11463K, paused 21ms
07-12 23:39:05.655  6706  6709 D dalvikvm: GC_CONCURRENT freed 426K, 8% free 10620K/11463K, paused 2ms+2ms
07-12 23:39:06.694  6706  6766 D dalvikvm: GC_FOR_ALLOC freed 395K, 8% free 10623K/11463K, paused 21ms
07-12 23:39:07.921  6706  6766 D dalvikvm: GC_FOR_ALLOC freed 404K, 8% free 10560K/11463K, paused 21ms
07-12 23:39:08.366  6706  6709 D dalvikvm: GC_CONCURRENT freed 205K, 7% free 10749K/11463K, paused 2ms+3ms
07-12 23:39:09.460  6706  6766 D dalvikvm: GC_FOR_ALLOC freed 400K, 8% free 10623K/11463K, paused 22ms
07-12 23:39:10.600  6706  6709 D dalvikvm: GC_CONCURRENT freed 408K, 8% free 10623K/11463K, paused 2ms+2ms
07-12 23:39:11.717  6706  6766 D dalvikvm: GC_FOR_ALLOC freed 404K, 8% free 10560K/11463K, paused 23ms
07-12 23:39:12.358  6706  6709 D dalvikvm: GC_CONCURRENT freed 210K, 7% free 10749K/11463K, paused 2ms+3ms
07-12 23:39:13.452  6706  6766 D dalvikvm: GC_FOR_ALLOC freed 400K, 8% free 10560K/11463K, paused 23ms
07-12 23:39:14.073  6706  6709 D dalvikvm: GC_CONCURRENT freed 210K, 7% free 10749K/11463K, paused 2ms+29ms
07-12 23:39:15.085  6706  6766 D dalvikvm: GC_FOR_ALLOC freed 409K, 8% free 10560K/11463K, paused 22ms
07-12 23:39:15.643  6706  6709 D dalvikvm: GC_CONCURRENT freed 355K, 8% free 10604K/11463K, paused 2ms+3ms
07-12 23:39:16.780  6706  6709 D dalvikvm: GC_CONCURRENT freed 443K, 8% free 10565K/11463K, paused 3ms+2ms
07-12 23:39:18.167  6706  6709 D dalvikvm: GC_CONCURRENT freed 240K, 7% free 10753K/11463K, paused 24ms+3ms
07-12 23:39:19.085  6706  6766 D dalvikvm: GC_FOR_ALLOC freed 430K, 8% free 10560K/11463K, paused 62ms
07-12 23:39:19.620  6706  6709 D dalvikvm: GC_CONCURRENT freed 209K, 7% free 10749K/11463K, paused 2ms+2ms
07-12 23:39:20.714  6706  6766 D dalvikvm: GC_FOR_ALLOC freed 395K, 8% free 10623K/11463K, paused 21ms
07-12 23:39:21.866  6706  6766 D dalvikvm: GC_FOR_ALLOC freed 404K, 8% free 10612K/11463K, paused 23ms
07-12 23:39:22.983  6706  6709 D dalvikvm: GC_CONCURRENT freed 409K, 8% free 10623K/11463K, paused 2ms+2ms
07-12 23:39:24.092  6706  6766 D dalvikvm: GC_FOR_ALLOC freed 407K, 8% free 10614K/11463K, paused 23ms
07-12 23:39:25.237  6706  6709 D dalvikvm: GC_CONCURRENT freed 408K, 8% free 10623K/11463K, paused 2ms+2ms
07-12 23:39:26.354  6706  6766 D dalvikvm: GC_FOR_ALLOC freed 403K, 8% free 10560K/11463K, paused 22ms
07-12 23:39:26.921  6706  6709 D dalvikvm: GC_CONCURRENT freed 373K, 8% free 10586K/11463K, paused 2ms+3ms
07-12 23:39:28.042  6706  6709 D dalvikvm: GC_CONCURRENT freed 403K, 8% free 10587K/11463K, paused 2ms+2ms
07-12 23:39:29.542  6706  6709 D dalvikvm: GC_CONCURRENT freed 407K, 8% free 10574K/11463K, paused 4ms+5ms
07-12 23:39:30.331  6652  6655 D dalvikvm: GC_CONCURRENT freed 510K, 6% free 10413K/11015K, paused 2ms+3ms
07-12 23:39:30.401  6706  6709 D dalvikvm: GC_CONCURRENT freed 308K, 7% free 10663K/11463K, paused 2ms+2ms
07-12 23:39:30.471  3358  3360 D dalvikvm: GC_CONCURRENT freed 467K, 7% free 10215K/10951K, paused 2ms+2ms
07-12 23:39:31.467  6706  6709 D dalvikvm: GC_CONCURRENT freed 424K, 7% free 10663K/11463K, paused 2ms+3ms
07-12 23:39:32.811  6706  6709 D dalvikvm: GC_CONCURRENT freed 494K, 7% free 10700K/11463K, paused 21ms+3ms
07-12 23:39:33.792  6706  6766 D dalvikvm: GC_FOR_ALLOC freed 410K, 8% free 10606K/11463K, paused 92ms
07-12 23:39:34.776  6706  6709 D dalvikvm: GC_CONCURRENT freed 404K, 8% free 10606K/11463K, paused 2ms+2ms
07-12 23:39:35.889  6706  6709 D dalvikvm: GC_CONCURRENT freed 412K, 8% free 10638K/11463K, paused 2ms+3ms
07-12 23:39:37.022  6706  6766 D dalvikvm: GC_FOR_ALLOC freed 410K, 8% free 10606K/11463K, paused 21ms
07-12 23:39:38.444  6706  6709 D dalvikvm: GC_CONCURRENT freed 412K, 8% free 10625K/11463K, paused 3ms+2ms
07-12 23:39:39.487  6706  6766 D dalvikvm: GC_FOR_ALLOC freed 410K, 8% free 10592K/11463K, paused 77ms
07-12 23:39:40.456  6706  6709 D dalvikvm: GC_CONCURRENT freed 414K, 8% free 10624K/11463K, paused 2ms+2ms
07-12 23:39:41.530  6706  6766 D dalvikvm: GC_FOR_ALLOC freed 414K, 8% free 10606K/11463K, paused 22ms
07-12 23:39:42.721  6706  6709 D dalvikvm: GC_CONCURRENT freed 407K, 8% free 10606K/11463K, paused 2ms+5ms
07-12 23:39:43.780  6706  6709 D dalvikvm: GC_CONCURRENT freed 403K, 8% free 10606K/11463K, paused 2ms+2ms
07-12 23:39:45.010  6706  6709 D dalvikvm: GC_CONCURRENT freed 404K, 8% free 10606K/11463K, paused 2ms+2ms
07-12 23:39:46.038  6706  6709 D dalvikvm: GC_CONCURRENT freed 408K, 8% free 10604K/11463K, paused 2ms+2ms
07-12 23:39:47.167  6706  6709 D dalvikvm: GC_CONCURRENT freed 414K, 8% free 10638K/11463K, paused 3ms+2ms
07-12 23:39:48.311  6706  6709 D dalvikvm: GC_CONCURRENT freed 412K, 8% free 10653K/11463K, paused 2ms+11ms
07-12 23:39:49.104   144   147 D dalvikvm: GC_CONCURRENT freed 2011K, 26% free 17639K/23623K, paused 8ms+7ms
07-12 23:39:49.405  6706  6766 D dalvikvm: GC_FOR_ALLOC freed 400K, 8% free 10606K/11463K, paused 22ms
07-12 23:39:50.530  6706  6709 D dalvikvm: GC_CONCURRENT freed 404K, 8% free 10606K/11463K, paused 2ms+2ms
07-12 23:39:51.667  6706  6709 D dalvikvm: GC_CONCURRENT freed 407K, 8% free 10606K/11463K, paused 2ms+2ms
07-12 23:39:52.819  6706  6709 D dalvikvm: GC_CONCURRENT freed 404K, 8% free 10606K/11463K, paused 4ms+3ms
07-12 23:39:52.831  5658  5660 D dalvikvm: GC_CONCURRENT freed 390K, 8% free 9854K/10695K, paused 2ms+6ms
07-12 23:39:53.272   144   376 I ActivityManager: No longer want android.process.media (pid 5195): hidden #16
07-12 23:39:53.921  6706  6709 D dalvikvm: GC_CONCURRENT freed 404K, 8% free 10606K/11463K, paused 2ms+3ms
07-12 23:39:55.049  6706  6709 D dalvikvm: GC_CONCURRENT freed 408K, 8% free 10606K/11463K, paused 2ms+3ms
07-12 23:39:56.280  6706  6709 D dalvikvm: GC_CONCURRENT freed 404K, 8% free 10606K/11463K, paused 2ms+2ms
07-12 23:39:57.299  6706  6709 D dalvikvm: GC_CONCURRENT freed 403K, 8% free 10606K/11463K, paused 2ms+2ms
07-12 23:39:58.424  6706  6709 D dalvikvm: GC_CONCURRENT freed 409K, 8% free 10605K/11463K, paused 3ms+2ms
07-12 23:39:59.546  6706  6709 D dalvikvm: GC_CONCURRENT freed 414K, 8% free 10606K/11463K, paused 3ms+2ms
07-12 23:40:00.014   144   161 I ActivityManager: No longer want com.whatsapp (pid 6485): hidden #16
07-12 23:40:00.131   144   376 W ActivityManager: Scheduling restart of crashed service com.whatsapp/.messaging.MessageService in 5000ms
07-12 23:40:00.885  6706  6709 D dalvikvm: GC_CONCURRENT freed 443K, 8% free 10619K/11463K, paused 7ms+3ms
07-12 23:40:01.858  6706  6709 D dalvikvm: GC_CONCURRENT freed 419K, 8% free 10619K/11463K, paused 3ms+3ms
07-12 23:40:02.932  6706  6709 D dalvikvm: GC_CONCURRENT freed 349K, 7% free 10678K/11463K, paused 2ms+2ms
07-12 23:40:04.096  6706  6766 D dalvikvm: GC_FOR_ALLOC freed 405K, 8% free 10560K/11463K, paused 22ms
07-12 23:40:04.569  6706  6709 D dalvikvm: GC_CONCURRENT freed 201K, 7% free 10749K/11463K, paused 2ms+3ms
07-12 23:40:05.167   144   161 I ActivityManager: Start proc com.whatsapp for service com.whatsapp/.messaging.MessageService: pid=7170 uid=10068 gids={1015, 3003}
07-12 23:40:05.241  7170  7170 I dalvikvm: Turning on JNI app bug workarounds for target SDK version 7...
07-12 23:40:05.651  6706  6766 D dalvikvm: GC_FOR_ALLOC freed 568K, 8% free 10561K/11463K, paused 33ms
07-12 23:40:05.710  7170  7171 D dalvikvm: GC_CONCURRENT freed 177K, 3% free 9358K/9607K, paused 18ms+3ms
07-12 23:40:06.124  7170  7171 D dalvikvm: GC_CONCURRENT freed 296K, 4% free 9606K/9991K, paused 4ms+3ms
07-12 23:40:06.581  7170  7170 I dalvikvm: Could not find method android.media.MediaMetadataRetriever.captureFrame, referenced from method com.whatsapp.q3.a
07-12 23:40:06.581  7170  7170 W dalvikvm: VFY: unable to resolve virtual method 502: Landroid/media/MediaMetadataRetriever;.captureFrame ()Landroid/graphics/Bitmap;
07-12 23:40:06.581  7170  7170 D dalvikvm: VFY: replacing opcode 0x6e at 0x0134
07-12 23:40:06.749  7170  7171 D dalvikvm: GC_CONCURRENT freed 300K, 5% free 9816K/10247K, paused 2ms+4ms
07-12 23:40:06.889  7170  7171 D dalvikvm: GC_CONCURRENT freed 291K, 4% free 9971K/10375K, paused 2ms+3ms
07-12 23:40:07.018  6706  6709 D dalvikvm: GC_CONCURRENT freed 347K, 8% free 10639K/11463K, paused 24ms+3ms
07-12 23:40:09.264  6706  6766 D dalvikvm: GC_FOR_ALLOC freed 358K, 8% free 10624K/11463K, paused 23ms
07-12 23:40:09.987  7170  7171 D dalvikvm: GC_CONCURRENT freed 292K, 5% free 10135K/10567K, paused 2ms+7ms
07-12 23:40:10.444  6706  6766 D dalvikvm: GC_FOR_ALLOC freed 393K, 8% free 10560K/11463K, paused 196ms
07-12 23:40:10.542  6706  6709 D dalvikvm: GC_CONCURRENT freed 200K, 7% free 10753K/11463K, paused 2ms+3ms
07-12 23:40:10.987  6547  6560 I PhoneLab-: Service Running
07-12 23:40:11.069  6547  6560 I PhoneLab-LoggerService: app_37    1373  1     1440   1000  c00f181c 400107b4 S logcat
07-12 23:40:11.069  6547  6560 I PhoneLab-LoggerService: Logcat pid from database 1373
07-12 23:40:11.069  6547  6560 I PhoneLab-LoggerService: Logcat process found 1373
07-12 23:40:11.069  6547  6560 I PhoneLab-LoggerService: Checking Threshold
07-12 23:40:11.069  6547  6560 I PhoneLab-LoggerService: Starting to rename files
07-12 23:40:11.069  6547  6560 I PhoneLab-LoggerService: Files found .. 2
07-12 23:40:11.569  6706  6766 D dalvikvm: GC_FOR_ALLOC freed 394K, 8% free 10560K/11463K, paused 73ms
07-12 23:40:12.464  6706  6709 D dalvikvm: GC_CONCURRENT freed 200K, 7% free 10753K/11463K, paused 2ms+3ms
07-12 23:40:13.549  6706  6766 D dalvikvm: GC_FOR_ALLOC freed 390K, 8% free 10560K/11463K, paused 130ms
07-12 23:40:13.733  6706  6709 D dalvikvm: GC_CONCURRENT freed 200K, 7% free 10753K/11463K, paused 11ms+2ms
07-12 23:40:14.678  6706  6766 D dalvikvm: GC_FOR_ALLOC freed 390K, 8% free 10560K/11463K, paused 21ms
07-12 23:40:15.569  6706  6709 D dalvikvm: GC_CONCURRENT freed 200K, 7% free 10753K/11463K, paused 22ms+3ms
07-12 23:40:16.440  6706  6766 D dalvikvm: GC_FOR_ALLOC freed 390K, 8% free 10560K/11463K, paused 23ms
07-12 23:40:16.788  6706  6709 D dalvikvm: GC_CONCURRENT freed 200K, 7% free 10753K/11463K, paused 21ms+2ms
07-12 23:40:17.885  6706  6766 D dalvikvm: GC_FOR_ALLOC freed 390K, 8% free 10560K/11463K, paused 54ms
07-12 23:40:18.581  6706  6709 D dalvikvm: GC_CONCURRENT freed 200K, 7% free 10753K/11463K, paused 21ms+2ms
07-12 23:40:19.514  6706  6766 D dalvikvm: GC_FOR_ALLOC freed 390K, 8% free 10560K/11463K, paused 92ms
07-12 23:40:19.936  6706  6709 D dalvikvm: GC_CONCURRENT freed 203K, 7% free 10742K/11463K, paused 2ms+2ms
07-12 23:40:20.944  6706  6766 D dalvikvm: GC_FOR_ALLOC freed 438K, 8% free 10608K/11463K, paused 21ms
07-12 23:40:22.081  6706  6709 D dalvikvm: GC_CONCURRENT freed 404K, 8% free 10611K/11463K, paused 3ms+2ms
07-12 23:40:23.198  6706  6709 D dalvikvm: GC_CONCURRENT freed 408K, 8% free 10604K/11463K, paused 2ms+3ms
07-12 23:40:24.335  6706  6709 D dalvikvm: GC_CONCURRENT freed 414K, 8% free 10611K/11463K, paused 2ms+3ms
07-12 23:40:25.659  6706  6709 D dalvikvm: GC_CONCURRENT freed 404K, 8% free 10611K/11463K, paused 2ms+2ms
07-12 23:40:26.698  6706  6709 D dalvikvm: GC_CONCURRENT freed 403K, 8% free 10611K/11463K, paused 21ms+2ms
07-12 23:40:27.901  6706  6709 D dalvikvm: GC_CONCURRENT freed 404K, 8% free 10611K/11463K, paused 21ms+2ms
07-12 23:40:28.967  6706  6709 D dalvikvm: GC_CONCURRENT freed 420K, 8% free 10606K/11463K, paused 6ms+2ms
07-12 23:40:30.038  6706  6766 D dalvikvm: GC_FOR_ALLOC freed 381K, 8% free 10623K/11463K, paused 21ms
07-12 23:40:31.077  6706  6709 D dalvikvm: GC_CONCURRENT freed 423K, 8% free 10623K/11463K, paused 2ms+2ms
07-12 23:40:32.198  6706  6766 D dalvikvm: GC_FOR_ALLOC freed 404K, 8% free 10560K/11463K, paused 21ms
07-12 23:40:32.921  6706  6709 D dalvikvm: GC_CONCURRENT freed 204K, 7% free 10750K/11463K, paused 20ms+2ms
07-12 23:40:33.827  6706  6766 D dalvikvm: GC_FOR_ALLOC freed 405K, 8% free 10623K/11463K, paused 21ms
07-12 23:40:34.967  6706  6766 D dalvikvm: GC_FOR_ALLOC freed 404K, 8% free 10623K/11463K, paused 21ms
07-12 23:40:36.092  6706  6766 D dalvikvm: GC_FOR_ALLOC freed 404K, 8% free 10623K/11463K, paused 21ms
07-12 23:40:37.210  6706  6766 D dalvikvm: GC_FOR_ALLOC freed 404K, 8% free 10623K/11463K, paused 21ms
07-12 23:40:38.362  6706  6709 D dalvikvm: GC_CONCURRENT freed 412K, 8% free 10620K/11463K, paused 2ms+2ms
07-12 23:40:39.479  6706  6709 D dalvikvm: GC_CONCURRENT freed 409K, 8% free 10623K/11463K, paused 2ms+2ms
07-12 23:40:40.585  6706  6766 D dalvikvm: GC_FOR_ALLOC freed 404K, 8% free 10560K/11463K, paused 22ms
07-12 23:40:41.393  6706  6709 D dalvikvm: GC_CONCURRENT freed 206K, 7% free 10749K/11463K, paused 2ms+2ms
07-12 23:40:42.401  6706  6766 D dalvikvm: GC_FOR_ALLOC freed 400K, 8% free 10623K/11463K, paused 75ms
07-12 23:40:43.362  6706  6766 D dalvikvm: GC_FOR_ALLOC freed 408K, 8% free 10615K/11463K, paused 23ms
07-12 23:40:44.506  6706  6709 D dalvikvm: GC_CONCURRENT freed 409K, 8% free 10623K/11463K, paused 2ms+2ms
07-12 23:40:45.616  6706  6766 D dalvikvm: GC_FOR_ALLOC freed 404K, 8% free 10560K/11463K, paused 22ms
07-12 23:40:46.315  6706  6709 D dalvikvm: GC_CONCURRENT freed 333K, 8% free 10631K/11463K, paused 2ms+2ms
07-12 23:40:47.358  6706  6766 D dalvikvm: GC_FOR_ALLOC freed 288K, 7% free 10687K/11463K, paused 21ms
07-12 23:40:48.487  6706  6766 D dalvikvm: GC_FOR_ALLOC freed 400K, 8% free 10560K/11463K, paused 22ms
07-12 23:40:49.280  6706  6709 D dalvikvm: GC_CONCURRENT freed 206K, 7% free 10749K/11463K, paused 2ms+2ms
07-12 23:40:49.319   144   198 D DhcpInfoInternal: makeLinkProperties with empty dns2!
07-12 23:40:49.319   144   198 D DhcpInfoInternal: makeLinkProperties with empty dns2!
07-12 23:40:50.292  6706  6766 D dalvikvm: GC_FOR_ALLOC freed 405K, 8% free 10623K/11463K, paused 87ms
07-12 23:40:51.256  6706  6766 D dalvikvm: GC_FOR_ALLOC freed 404K, 8% free 10623K/11463K, paused 21ms
07-12 23:40:52.378  6706  6766 D dalvikvm: GC_FOR_ALLOC freed 404K, 8% free 10623K/11463K, paused 22ms
07-12 23:40:53.530  6706  6709 D dalvikvm: GC_CONCURRENT freed 408K, 8% free 10623K/11463K, paused 2ms+3ms
07-12 23:40:54.628  6706  6766 D dalvikvm: GC_FOR_ALLOC freed 404K, 8% free 10560K/11463K, paused 22ms
07-12 23:40:55.276  6706  6709 D dalvikvm: GC_CONCURRENT freed 204K, 7% free 10750K/11463K, paused 2ms+3ms
07-12 23:40:56.354  6706  6766 D dalvikvm: GC_FOR_ALLOC freed 402K, 8% free 10609K/11463K, paused 24ms
07-12 23:40:57.491  6706  6766 D dalvikvm: GC_FOR_ALLOC freed 410K, 8% free 10560K/11463K, paused 22ms
07-12 23:40:58.038  6706  6709 D dalvikvm: GC_CONCURRENT freed 197K, 7% free 10753K/11463K, paused 3ms+3ms
07-12 23:40:59.167  6706  6709 D dalvikvm: GC_CONCURRENT freed 640K, 8% free 10561K/11463K, paused 3ms+2ms
07-12 23:41:00.241  6706  6709 D dalvikvm: GC_CONCURRENT freed 386K, 8% free 10569K/11463K, paused 4ms+3ms
07-12 23:41:01.413  6706  6709 D dalvikvm: GC_CONCURRENT freed 343K, 7% free 10685K/11463K, paused 2ms+3ms
07-12 23:41:02.889  6706  6766 D dalvikvm: GC_FOR_ALLOC freed 403K, 8% free 10560K/11463K, paused 74ms
07-12 23:41:03.354  6706  6709 D dalvikvm: GC_CONCURRENT freed 204K, 7% free 10750K/11463K, paused 2ms+2ms
07-12 23:41:04.378  6706  6766 D dalvikvm: GC_FOR_ALLOC freed 400K, 8% free 10623K/11463K, paused 67ms
07-12 23:41:05.374  6706  6766 D dalvikvm: GC_FOR_ALLOC freed 404K, 8% free 10619K/11463K, paused 22ms
07-12 23:41:06.514  6706  6709 D dalvikvm: GC_CONCURRENT freed 417K, 8% free 10616K/11463K, paused 3ms+3ms
07-12 23:41:07.811  6706  6709 D dalvikvm: GC_CONCURRENT freed 409K, 8% free 10623K/11463K, paused 21ms+2ms
07-12 23:41:08.764  6706  6766 D dalvikvm: GC_FOR_ALLOC freed 403K, 8% free 10560K/11463K, paused 21ms
07-12 23:41:09.303  6706  6709 D dalvikvm: GC_CONCURRENT freed 206K, 7% free 10749K/11463K, paused 2ms+2ms
07-12 23:41:10.405  6706  6766 D dalvikvm: GC_FOR_ALLOC freed 405K, 8% free 10623K/11463K, paused 22ms
07-12 23:41:11.538  6706  6709 D dalvikvm: GC_CONCURRENT freed 409K, 8% free 10623K/11463K, paused 2ms+2ms
07-12 23:41:13.104  6706  6766 D dalvikvm: GC_FOR_ALLOC freed 404K, 8% free 10560K/11463K, paused 79ms
07-12 23:41:13.249  6706  6709 D dalvikvm: GC_CONCURRENT freed 379K, 8% free 10571K/11463K, paused 3ms+4ms
07-12 23:41:14.393  6706  6709 D dalvikvm: GC_CONCURRENT freed 316K, 7% free 10664K/11463K, paused 3ms+2ms
07-12 23:41:15.413  6706  6766 D dalvikvm: GC_FOR_ALLOC freed 409K, 8% free 10611K/11463K, paused 21ms
07-12 23:41:16.315   144   147 D dalvikvm: GC_CONCURRENT freed 2085K, 26% free 17602K/23623K, paused 6ms+8ms
07-12 23:41:16.557  6706  6709 D dalvikvm: GC_CONCURRENT freed 409K, 8% free 10623K/11463K, paused 2ms+2ms
07-12 23:41:18.030  6706  6766 D dalvikvm: GC_FOR_ALLOC freed 404K, 8% free 10560K/11463K, paused 88ms
07-12 23:41:18.303  6706  6709 D dalvikvm: GC_CONCURRENT freed 205K, 7% free 10749K/11463K, paused 2ms+2ms
07-12 23:41:19.405  6706  6766 D dalvikvm: GC_FOR_ALLOC freed 400K, 8% free 10622K/11463K, paused 22ms
07-12 23:41:20.604  6706  6709 D dalvikvm: GC_CONCURRENT freed 409K, 8% free 10623K/11463K, paused 22ms+3ms
07-12 23:41:21.651  6706  6766 D dalvikvm: GC_FOR_ALLOC freed 403K, 8% free 10560K/11463K, paused 21ms
07-12 23:41:22.190  6706  6709 D dalvikvm: GC_CONCURRENT freed 205K, 7% free 10749K/11463K, paused 2ms+3ms
07-12 23:41:23.401  6706  6766 D dalvikvm: GC_FOR_ALLOC freed 400K, 8% free 10623K/11463K, paused 21ms
07-12 23:41:24.448  6706  6709 D dalvikvm: GC_CONCURRENT freed 412K, 8% free 10623K/11463K, paused 2ms+3ms
07-12 23:41:25.538  6706  6766 D dalvikvm: GC_FOR_ALLOC freed 404K, 8% free 10560K/11463K, paused 21ms
07-12 23:41:26.186  6706  6709 D dalvikvm: GC_CONCURRENT freed 205K, 7% free 10749K/11463K, paused 2ms+3ms
07-12 23:41:27.284  6706  6766 D dalvikvm: GC_FOR_ALLOC freed 400K, 8% free 10623K/11463K, paused 22ms
07-12 23:41:28.409  6706  6766 D dalvikvm: GC_FOR_ALLOC freed 404K, 8% free 10623K/11463K, paused 21ms
07-12 23:41:29.663  6706  6709 D dalvikvm: GC_CONCURRENT freed 408K, 8% free 10621K/11463K, paused 3ms+3ms
07-12 23:41:30.221  6652  6655 D dalvikvm: GC_CONCURRENT freed 508K, 6% free 10416K/11015K, paused 2ms+3ms
07-12 23:41:30.342  3358  3360 D dalvikvm: GC_CONCURRENT freed 497K, 7% free 10221K/10951K, paused 2ms+8ms
07-12 23:41:30.686  6706  6709 D dalvikvm: GC_CONCURRENT freed 413K, 8% free 10621K/11463K, paused 2ms+2ms
07-12 23:41:31.811  6706  6709 D dalvikvm: GC_CONCURRENT freed 472K, 8% free 10562K/11463K, paused 2ms+3ms
07-12 23:41:32.467  6706  6709 D dalvikvm: GC_CONCURRENT freed 383K, 8% free 10578K/11463K, paused 2ms+3ms
07-12 23:41:33.506  6706  6709 D dalvikvm: GC_CONCURRENT freed 241K, 7% free 10749K/11463K, paused 2ms+3ms
07-12 23:41:34.557  6706  6766 D dalvikvm: GC_FOR_ALLOC freed 400K, 8% free 10560K/11463K, paused 22ms
07-12 23:41:35.299  6706  6709 D dalvikvm: GC_CONCURRENT freed 205K, 7% free 10749K/11463K, paused 2ms+2ms
07-12 23:41:36.303  6706  6766 D dalvikvm: GC_FOR_ALLOC freed 400K, 8% free 10623K/11463K, paused 22ms
07-12 23:41:37.424  6706  6766 D dalvikvm: GC_FOR_ALLOC freed 404K, 8% free 10623K/11463K, paused 22ms
07-12 23:41:39.710  6706  6766 D dalvikvm: GC_FOR_ALLOC freed 399K, 8% free 10560K/11463K, paused 21ms
07-12 23:41:40.815  6706  6709 D dalvikvm: GC_CONCURRENT freed 200K, 7% free 10753K/11463K, paused 79ms+3ms
07-12 23:41:41.725  6706  6766 D dalvikvm: GC_FOR_ALLOC freed 390K, 8% free 10560K/11463K, paused 61ms
07-12 23:41:41.956  6706  6709 D dalvikvm: GC_CONCURRENT freed 200K, 7% free 10753K/11463K, paused 2ms+2ms
07-12 23:41:42.944  6706  6766 D dalvikvm: GC_FOR_ALLOC freed 390K, 8% free 10560K/11463K, paused 62ms
07-12 23:41:43.796  6706  6709 D dalvikvm: GC_CONCURRENT freed 203K, 7% free 10753K/11463K, paused 21ms+2ms
07-12 23:41:44.690  6706  6766 D dalvikvm: GC_FOR_ALLOC freed 390K, 8% free 10560K/11463K, paused 21ms
07-12 23:41:45.014  6706  6709 D dalvikvm: GC_CONCURRENT freed 200K, 7% free 10753K/11463K, paused 21ms+2ms
07-12 23:41:45.917  6706  6766 D dalvikvm: GC_FOR_ALLOC freed 390K, 8% free 10560K/11463K, paused 37ms
07-12 23:41:46.799  6706  6709 D dalvikvm: GC_CONCURRENT freed 200K, 7% free 10753K/11463K, paused 21ms+3ms
07-12 23:41:47.729  6706  6766 D dalvikvm: GC_FOR_ALLOC freed 390K, 8% free 10560K/11463K, paused 62ms
07-12 23:41:48.003  6706  6709 D dalvikvm: GC_CONCURRENT freed 200K, 7% free 10749K/11463K, paused 20ms+2ms
07-12 23:41:48.948  6706  6766 D dalvikvm: GC_FOR_ALLOC freed 395K, 8% free 10623K/11463K, paused 63ms
07-12 23:41:50.038  6706  6766 D dalvikvm: GC_FOR_ALLOC freed 404K, 8% free 10623K/11463K, paused 21ms
07-12 23:41:51.092  6706  6766 D dalvikvm: GC_FOR_ALLOC freed 404K, 8% free 10623K/11463K, paused 75ms
07-12 23:41:52.081  6706  6766 D dalvikvm: GC_FOR_ALLOC freed 407K, 8% free 10618K/11463K, paused 23ms
07-12 23:41:53.214  6706  6709 D dalvikvm: GC_CONCURRENT freed 409K, 8% free 10618K/11463K, paused 3ms+3ms
07-12 23:41:54.339  6706  6709 D dalvikvm: GC_CONCURRENT freed 409K, 8% free 10623K/11463K, paused 2ms+2ms
07-12 23:41:55.440  6706  6766 D dalvikvm: GC_FOR_ALLOC freed 408K, 8% free 10560K/11463K, paused 22ms
07-12 23:41:55.983  6706  6709 D dalvikvm: GC_CONCURRENT freed 205K, 7% free 10749K/11463K, paused 3ms+2ms
07-12 23:41:57.085  6706  6766 D dalvikvm: GC_FOR_ALLOC freed 405K, 8% free 10623K/11463K, paused 22ms
07-12 23:41:58.225  6706  6766 D dalvikvm: GC_FOR_ALLOC freed 404K, 8% free 10560K/11463K, paused 21ms
07-12 23:41:58.854  6706  6709 D dalvikvm: GC_CONCURRENT freed 205K, 7% free 10749K/11463K, paused 2ms+3ms
07-12 23:41:59.948  6706  6766 D dalvikvm: GC_FOR_ALLOC freed 400K, 8% free 10623K/11463K, paused 22ms
07-12 23:42:00.995  6706  6709 D dalvikvm: GC_CONCURRENT freed 405K, 8% free 10624K/11463K, paused 2ms+2ms
07-12 23:42:02.241  6706  6766 D dalvikvm: GC_FOR_ALLOC freed 404K, 8% free 10624K/11463K, paused 39ms
07-12 23:42:03.237  6706  6766 D dalvikvm: GC_FOR_ALLOC freed 405K, 8% free 10623K/11463K, paused 22ms
07-12 23:42:04.381  6706  6766 D dalvikvm: GC_FOR_ALLOC freed 404K, 8% free 10623K/11463K, paused 21ms
07-12 23:42:05.495  6706  6766 D dalvikvm: GC_FOR_ALLOC freed 404K, 8% free 10623K/11463K, paused 21ms
07-12 23:42:06.706  6706  6766 D dalvikvm: GC_FOR_ALLOC freed 404K, 8% free 10623K/11463K, paused 22ms
07-12 23:42:07.905  6706  6766 D dalvikvm: GC_FOR_ALLOC freed 404K, 8% free 10623K/11463K, paused 67ms
07-12 23:42:08.854  6706  6766 D dalvikvm: GC_FOR_ALLOC freed 403K, 8% free 10623K/11463K, paused 22ms
07-12 23:42:09.995  6706  6766 D dalvikvm: GC_FOR_ALLOC freed 404K, 8% free 10623K/11463K, paused 22ms
07-12 23:42:10.987  6547  6560 I PhoneLab-: Service Running
07-12 23:42:11.116  6706  6766 D dalvikvm: GC_FOR_ALLOC freed 407K, 8% free 10611K/11463K, paused 24ms
07-12 23:42:11.120  6547  6560 I PhoneLab-LoggerService: app_37    1373  1     1440   1000  c00f181c 400107b4 S logcat
07-12 23:42:11.120  6547  6560 I PhoneLab-LoggerService: Logcat pid from database 1373
07-12 23:42:11.120  6547  6560 I PhoneLab-LoggerService: Logcat process found 1373
07-12 23:42:11.120  6547  6560 I PhoneLab-LoggerService: Checking Threshold
07-12 23:42:11.124  6547  6560 I PhoneLab-LoggerService: Starting to rename files
07-12 23:42:11.124  6547  6560 I PhoneLab-LoggerService: Files found .. 2
07-12 23:42:12.256  6706  6709 D dalvikvm: GC_CONCURRENT freed 409K, 8% free 10623K/11463K, paused 2ms+2ms
07-12 23:42:13.374  6706  6766 D dalvikvm: GC_FOR_ALLOC freed 404K, 8% free 10560K/11463K, paused 21ms
07-12 23:42:14.010  6706  6709 D dalvikvm: GC_CONCURRENT freed 205K, 7% free 10749K/11463K, paused 2ms+3ms
07-12 23:42:15.108  6706  6766 D dalvikvm: GC_FOR_ALLOC freed 400K, 8% free 10623K/11463K, paused 21ms
07-12 23:42:16.225  6706  6766 D dalvikvm: GC_FOR_ALLOC freed 404K, 8% free 10623K/11463K, paused 22ms
07-12 23:42:17.354  6706  6766 D dalvikvm: GC_FOR_ALLOC freed 404K, 8% free 10623K/11463K, paused 22ms
07-12 23:42:18.487  6706  6766 D dalvikvm: GC_FOR_ALLOC freed 404K, 8% free 10623K/11463K, paused 22ms
07-12 23:42:19.624  6706  6709 D dalvikvm: GC_CONCURRENT freed 405K, 8% free 10624K/11463K, paused 2ms+2ms
07-12 23:42:20.745  6706  6766 D dalvikvm: GC_FOR_ALLOC freed 405K, 8% free 10623K/11463K, paused 22ms
07-12 23:42:21.866  6706  6766 D dalvikvm: GC_FOR_ALLOC freed 404K, 8% free 10623K/11463K, paused 21ms
07-12 23:42:22.995  6706  6766 D dalvikvm: GC_FOR_ALLOC freed 404K, 8% free 10623K/11463K, paused 21ms
07-12 23:42:24.116  6706  6766 D dalvikvm: GC_FOR_ALLOC freed 404K, 8% free 10623K/11463K, paused 22ms
07-12 23:42:25.237  6706  6766 D dalvikvm: GC_FOR_ALLOC freed 404K, 8% free 10623K/11463K, paused 22ms
07-12 23:42:26.370  6706  6766 D dalvikvm: GC_FOR_ALLOC freed 404K, 8% free 10623K/11463K, paused 22ms
07-12 23:42:27.491  6706  6766 D dalvikvm: GC_FOR_ALLOC freed 404K, 8% free 10623K/11463K, paused 21ms
07-12 23:42:28.624  6706  6766 D dalvikvm: GC_FOR_ALLOC freed 404K, 8% free 10623K/11463K, paused 21ms
07-12 23:42:29.764  6706  6709 D dalvikvm: GC_CONCURRENT freed 410K, 8% free 10638K/11463K, paused 2ms+2ms
07-12 23:42:30.409  3358  3360 D dalvikvm: GC_CONCURRENT freed 443K, 7% free 10202K/10951K, paused 1ms+3ms
07-12 23:42:30.885  6706  6709 D dalvikvm: GC_CONCURRENT freed 423K, 8% free 10638K/11463K, paused 2ms+2ms
07-12 23:42:32.003  6706  6766 D dalvikvm: GC_FOR_ALLOC freed 415K, 8% free 10623K/11463K, paused 21ms
07-12 23:42:33.139  6706  6709 D dalvikvm: GC_CONCURRENT freed 414K, 8% free 10623K/11463K, paused 1ms+3ms
07-12 23:42:34.249  6706  6766 D dalvikvm: GC_FOR_ALLOC freed 404K, 8% free 10560K/11463K, paused 25ms
07-12 23:42:34.803  6706  6709 D dalvikvm: GC_CONCURRENT freed 344K, 8% free 10620K/11463K, paused 2ms+3ms
07-12 23:42:35.897  6706  6766 D dalvikvm: GC_FOR_ALLOC freed 274K, 7% free 10686K/11463K, paused 21ms
07-12 23:42:37.022  6706  6766 D dalvikvm: GC_FOR_ALLOC freed 400K, 8% free 10560K/11463K, paused 21ms
07-12 23:42:37.674  6706  6709 D dalvikvm: GC_CONCURRENT freed 205K, 7% free 10749K/11463K, paused 2ms+3ms
07-12 23:42:38.768  6706  6766 D dalvikvm: GC_FOR_ALLOC freed 404K, 8% free 10623K/11463K, paused 22ms
07-12 23:42:39.792  6706  6766 D dalvikvm: GC_FOR_ALLOC freed 404K, 8% free 10623K/11463K, paused 22ms
07-12 23:42:40.909  6706  6766 D dalvikvm: GC_FOR_ALLOC freed 404K, 8% free 10623K/11463K, paused 22ms
07-12 23:42:42.061  6706  6766 D dalvikvm: GC_FOR_ALLOC freed 404K, 8% free 10623K/11463K, paused 21ms
07-12 23:42:43.225  6706  6766 D dalvikvm: GC_FOR_ALLOC freed 404K, 8% free 10623K/11463K, paused 44ms
07-12 23:42:44.296  6706  6766 D dalvikvm: GC_FOR_ALLOC freed 404K, 8% free 10623K/11463K, paused 22ms
07-12 23:42:45.421  6706  6766 D dalvikvm: GC_FOR_ALLOC freed 404K, 8% free 10623K/11463K, paused 22ms
07-12 23:42:46.655  6706  6766 D dalvikvm: GC_FOR_ALLOC freed 404K, 8% free 10623K/11463K, paused 22ms
07-12 23:42:47.682  6706  6709 D dalvikvm: GC_CONCURRENT freed 407K, 8% free 10623K/11463K, paused 2ms+3ms
07-12 23:42:48.811  6706  6709 D dalvikvm: GC_CONCURRENT freed 413K, 8% free 10623K/11463K, paused 2ms+3ms
07-12 23:42:49.928  6706  6766 D dalvikvm: GC_FOR_ALLOC freed 404K, 8% free 10560K/11463K, paused 21ms
07-12 23:42:50.565  6706  6709 D dalvikvm: GC_CONCURRENT freed 205K, 7% free 10749K/11463K, paused 2ms+3ms
07-12 23:42:51.667  6706  6766 D dalvikvm: GC_FOR_ALLOC freed 400K, 8% free 10611K/11463K, paused 24ms
07-12 23:42:53.010  6706  6709 D dalvikvm: GC_CONCURRENT freed 409K, 8% free 10623K/11463K, paused 20ms+2ms
07-12 23:42:53.928  6706  6766 D dalvikvm: GC_FOR_ALLOC freed 403K, 8% free 10560K/11463K, paused 21ms
07-12 23:42:54.456  6706  6709 D dalvikvm: GC_CONCURRENT freed 205K, 7% free 10742K/11463K, paused 2ms+3ms
07-12 23:42:55.565  6706  6766 D dalvikvm: GC_FOR_ALLOC freed 405K, 8% free 10623K/11463K, paused 22ms
07-12 23:42:56.698  6706  6766 D dalvikvm: GC_FOR_ALLOC freed 405K, 8% free 10562K/11463K, paused 24ms
07-12 23:42:57.335  6706  6709 D dalvikvm: GC_CONCURRENT freed 207K, 7% free 10749K/11463K, paused 2ms+3ms
07-12 23:42:58.428  6706  6766 D dalvikvm: GC_FOR_ALLOC freed 400K, 8% free 10623K/11463K, paused 21ms
07-12 23:42:59.663  6706  6766 D dalvikvm: GC_FOR_ALLOC freed 404K, 8% free 10623K/11463K, paused 21ms
07-12 23:43:00.725  6706  6766 D dalvikvm: GC_FOR_ALLOC freed 404K, 8% free 10623K/11463K, paused 32ms
07-12 23:43:01.038   144   147 D dalvikvm: GC_CONCURRENT freed 2048K, 26% free 17602K/23623K, paused 27ms+8ms
07-12 23:43:01.206  6706  6709 D dalvikvm: GC_CONCURRENT freed 469K, 8% free 10607K/11463K, paused 2ms+2ms
07-12 23:43:02.315  6706  6766 D dalvikvm: GC_FOR_ALLOC freed 261K, 7% free 10686K/11463K, paused 21ms
07-12 23:43:03.452  6706  6766 D dalvikvm: GC_FOR_ALLOC freed 400K, 8% free 10560K/11463K, paused 21ms
07-12 23:43:04.100  6706  6709 D dalvikvm: GC_CONCURRENT freed 205K, 7% free 10749K/11463K, paused 2ms+3ms
07-12 23:43:05.221  6706  6709 D dalvikvm: GC_CONCURRENT freed 628K, 8% free 10571K/11463K, paused 2ms+3ms
07-12 23:43:06.331  6706  6709 D dalvikvm: GC_CONCURRENT freed 263K, 7% free 10749K/11463K, paused 2ms+3ms
07-12 23:43:07.440  6706  6766 D dalvikvm: GC_FOR_ALLOC freed 405K, 8% free 10623K/11463K, paused 21ms
07-12 23:43:08.561  6706  6766 D dalvikvm: GC_FOR_ALLOC freed 404K, 8% free 10623K/11463K, paused 21ms
07-12 23:43:09.698  6706  6766 D dalvikvm: GC_FOR_ALLOC freed 404K, 8% free 10623K/11463K, paused 21ms
07-12 23:43:10.792  6706  6709 D dalvikvm: GC_CONCURRENT freed 429K, 8% free 10617K/11463K, paused 2ms+3ms
07-12 23:43:11.405  6706  6709 D dalvikvm: GC_CONCURRENT freed 463K, 8% free 10571K/11463K, paused 3ms+3ms
07-12 23:43:12.483  6706  6709 D dalvikvm: GC_CONCURRENT freed 231K, 7% free 10749K/11463K, paused 2ms+3ms
07-12 23:43:13.698  6706  6766 D dalvikvm: GC_FOR_ALLOC freed 400K, 8% free 10560K/11463K, paused 27ms
07-12 23:43:14.061   144   198 D DhcpInfoInternal: makeLinkProperties with empty dns2!
07-12 23:43:14.061   144   198 D DhcpInfoInternal: makeLinkProperties with empty dns2!
07-12 23:43:14.100  6706  6709 D dalvikvm: GC_CONCURRENT freed 205K, 7% free 10749K/11463K, paused 2ms+2ms
07-12 23:43:15.335  6706  6766 D dalvikvm: GC_FOR_ALLOC freed 402K, 8% free 10624K/11463K, paused 22ms
07-12 23:43:16.460  6706  6766 D dalvikvm: GC_FOR_ALLOC freed 405K, 8% free 10623K/11463K, paused 21ms
07-12 23:43:17.573  6706  6766 D dalvikvm: GC_FOR_ALLOC freed 404K, 8% free 10623K/11463K, paused 22ms
07-12 23:43:18.714  6706  6709 D dalvikvm: GC_CONCURRENT freed 433K, 8% free 10612K/11463K, paused 5ms+6ms
07-12 23:43:19.741  6706  6709 D dalvikvm: GC_CONCURRENT freed 387K, 8% free 10633K/11463K, paused 2ms+2ms
07-12 23:43:20.639  6106  6108 D dalvikvm: GC_CONCURRENT freed 940K, 9% free 11960K/13127K, paused 2ms+3ms
07-12 23:43:20.975  6106  7245 D dalvikvm: GC_FOR_ALLOC freed 120K, 10% free 11840K/13127K, paused 35ms
07-12 23:43:20.975  6106  7245 I dalvikvm-heap: Grow heap (frag case) to 11.785MB for 160846-byte allocation
07-12 23:43:21.042  6106  7245 D dalvikvm: GC_FOR_ALLOC freed 78K, 11% free 11918K/13319K, paused 38ms
07-12 23:43:21.046  6706  6709 D dalvikvm: GC_CONCURRENT freed 463K, 7% free 10672K/11463K, paused 2ms+2ms
07-12 23:43:21.092  6106  7245 D dalvikvm: GC_FOR_ALLOC freed <1K, 11% free 11918K/13319K, paused 34ms
07-12 23:43:21.096  6106  7245 I dalvikvm-heap: Grow heap (frag case) to 12.017MB for 324246-byte allocation
07-12 23:43:21.135  6106  7245 D dalvikvm: GC_FOR_ALLOC freed 157K, 12% free 12078K/13639K, paused 34ms
07-12 23:43:21.612  6106  6108 D dalvikvm: GC_CONCURRENT freed 324K, 8% free 12650K/13639K, paused 7ms+7ms
07-12 23:43:21.706  6106  6111 I dalvikvm: Jit: resizing JitTable from 4096 to 8192
07-12 23:43:21.971  6706  6766 D dalvikvm: GC_FOR_ALLOC freed 421K, 8% free 10615K/11463K, paused 22ms
07-12 23:43:23.573  6706  6766 D dalvikvm: GC_FOR_ALLOC freed 424K, 8% free 10560K/11463K, paused 75ms
07-12 23:43:23.710  6706  6709 D dalvikvm: GC_CONCURRENT freed 371K, 8% free 10575K/11463K, paused 3ms+2ms
07-12 23:43:24.936  6706  6709 D dalvikvm: GC_CONCURRENT freed 303K, 7% free 10666K/11463K, paused 10ms+2ms
07-12 23:43:25.967  6706  6766 D dalvikvm: GC_FOR_ALLOC freed 406K, 8% free 10560K/11463K, paused 21ms
07-12 23:43:27.116  6706  6709 D dalvikvm: GC_CONCURRENT freed 386K, 8% free 10583K/11463K, paused 2ms+2ms
07-12 23:43:28.253  6706  6709 D dalvikvm: GC_CONCURRENT freed 404K, 8% free 10583K/11463K, paused 2ms+2ms
07-12 23:43:29.124  6652  6652 D dalvikvm: GC_EXPLICIT freed 329K, 6% free 10397K/11015K, paused 12ms+2ms
07-12 23:43:29.221   144 24503 D dalvikvm: GC_EXPLICIT freed 510K, 26% free 17584K/23623K, paused 3ms+8ms
07-12 23:43:29.483  6706  6709 D dalvikvm: GC_CONCURRENT freed 404K, 8% free 10583K/11463K, paused 3ms+3ms
07-12 23:43:30.112  6706  6709 D dalvikvm: GC_CONCURRENT freed 370K, 8% free 10610K/11463K, paused 4ms+6ms
07-12 23:43:31.104  6706  6709 D dalvikvm: GC_CONCURRENT freed 424K, 8% free 10610K/11463K, paused 3ms+3ms
07-12 23:43:32.116  6706  6766 D dalvikvm: GC_FOR_ALLOC freed 269K, 7% free 10687K/11463K, paused 21ms
07-12 23:43:34.729  6706  6766 D dalvikvm: GC_FOR_ALLOC freed 400K, 8% free 10624K/11463K, paused 70ms
07-12 23:43:35.714  6706  6766 D dalvikvm: GC_FOR_ALLOC freed 397K, 8% free 10560K/11463K, paused 61ms
07-12 23:43:35.807  6706  6709 D dalvikvm: GC_CONCURRENT freed 200K, 7% free 10753K/11463K, paused 2ms+3ms
07-12 23:43:36.796  6706  6766 D dalvikvm: GC_FOR_ALLOC freed 390K, 8% free 10560K/11463K, paused 37ms
07-12 23:43:37.776  6706  6709 D dalvikvm: GC_CONCURRENT freed 200K, 7% free 10753K/11463K, paused 2ms+3ms
07-12 23:43:38.745  6706  6766 D dalvikvm: GC_FOR_ALLOC freed 390K, 8% free 10560K/11463K, paused 85ms
07-12 23:43:39.358  6706  6709 D dalvikvm: GC_CONCURRENT freed 200K, 7% free 10753K/11463K, paused 21ms+3ms
07-12 23:43:40.272  6706  6766 D dalvikvm: GC_FOR_ALLOC freed 390K, 8% free 10560K/11463K, paused 70ms
07-12 23:43:40.741  6706  6709 D dalvikvm: GC_CONCURRENT freed 200K, 7% free 10753K/11463K, paused 2ms+2ms
07-12 23:43:41.760  6706  6766 D dalvikvm: GC_FOR_ALLOC freed 390K, 8% free 10560K/11463K, paused 49ms
07-12 23:43:42.299  6706  6709 D dalvikvm: GC_CONCURRENT freed 200K, 7% free 10753K/11463K, paused 2ms+3ms
07-12 23:43:43.292  6706  6766 D dalvikvm: GC_FOR_ALLOC freed 395K, 8% free 10560K/11463K, paused 84ms
07-12 23:43:43.854  6706  6709 D dalvikvm: GC_CONCURRENT freed 208K, 7% free 10749K/11463K, paused 21ms+2ms
07-12 23:43:44.784  6706  6766 D dalvikvm: GC_FOR_ALLOC freed 400K, 8% free 10623K/11463K, paused 74ms
07-12 23:43:45.803  6706  6766 D dalvikvm: GC_FOR_ALLOC freed 404K, 8% free 10623K/11463K, paused 92ms
07-12 23:43:46.772  6706  6709 D dalvikvm: GC_CONCURRENT freed 408K, 8% free 10623K/11463K, paused 3ms+3ms
07-12 23:43:47.936  6706  6766 D dalvikvm: GC_FOR_ALLOC freed 404K, 8% free 10623K/11463K, paused 46ms
07-12 23:43:49.128  6706  6766 D dalvikvm: GC_FOR_ALLOC freed 404K, 8% free 10623K/11463K, paused 21ms
07-12 23:43:50.155  6706  6709 D dalvikvm: GC_CONCURRENT freed 408K, 8% free 10623K/11463K, paused 3ms+3ms
07-12 23:43:51.299  6706  6766 D dalvikvm: GC_FOR_ALLOC freed 404K, 8% free 10560K/11463K, paused 38ms
07-12 23:43:51.909  6706  6709 D dalvikvm: GC_CONCURRENT freed 205K, 7% free 10749K/11463K, paused 2ms+3ms
07-12 23:43:53.010  6706  6766 D dalvikvm: GC_FOR_ALLOC freed 404K, 8% free 10623K/11463K, paused 23ms
07-12 23:43:54.135  6706  6766 D dalvikvm: GC_FOR_ALLOC freed 404K, 8% free 10618K/11463K, paused 23ms
07-12 23:43:55.381  6706  6709 D dalvikvm: GC_CONCURRENT freed 438K, 8% free 10623K/11463K, paused 2ms+2ms
07-12 23:43:56.374  6706  6766 D dalvikvm: GC_FOR_ALLOC freed 409K, 8% free 10614K/11463K, paused 23ms
07-12 23:43:57.510  6706  6766 D dalvikvm: GC_FOR_ALLOC freed 409K, 8% free 10607K/11463K, paused 25ms
07-12 23:43:58.655  6706  6709 D dalvikvm: GC_CONCURRENT freed 413K, 8% free 10622K/11463K, paused 3ms+2ms
07-12 23:43:59.932  6706  6709 D dalvikvm: GC_CONCURRENT freed 467K, 8% free 10565K/11463K, paused 3ms+2ms
07-12 23:44:00.667  6706  6709 D dalvikvm: GC_CONCURRENT freed 355K, 8% free 10655K/11463K, paused 2ms+3ms
07-12 23:44:01.698  6706  6709 D dalvikvm: GC_CONCURRENT freed 457K, 8% free 10655K/11463K, paused 2ms+3ms
07-12 23:44:02.764  6706  6709 D dalvikvm: GC_CONCURRENT freed 434K, 8% free 10655K/11463K, paused 22ms+2ms
07-12 23:44:03.674  6706  6766 D dalvikvm: GC_FOR_ALLOC freed 410K, 8% free 10591K/11463K, paused 22ms
07-12 23:44:04.823  6706  6709 D dalvikvm: GC_CONCURRENT freed 363K, 7% free 10748K/11463K, paused 2ms+3ms
07-12 23:44:05.913  6706  6766 D dalvikvm: GC_FOR_ALLOC freed 406K, 8% free 10560K/11463K, paused 21ms
07-12 23:44:06.553  6706  6709 D dalvikvm: GC_CONCURRENT freed 203K, 7% free 10751K/11463K, paused 2ms+3ms
07-12 23:44:07.546  6706  6766 D dalvikvm: GC_FOR_ALLOC freed 400K, 8% free 10623K/11463K, paused 21ms
07-12 23:44:08.671  6706  6766 D dalvikvm: GC_FOR_ALLOC freed 404K, 8% free 10623K/11463K, paused 21ms
07-12 23:44:09.850  6706  6766 D dalvikvm: GC_FOR_ALLOC freed 403K, 8% free 10623K/11463K, paused 22ms
07-12 23:44:10.999  6547  6560 I PhoneLab-: Service Running
07-12 23:44:11.120  6547  6560 I PhoneLab-LoggerService: app_37    1373  1     1440   1000  c00f181c 400107b4 S logcat
07-12 23:44:11.120  6547  6560 I PhoneLab-LoggerService: Logcat pid from database 1373
07-12 23:44:11.120  6547  6560 I PhoneLab-LoggerService: Logcat process found 1373
07-12 23:44:11.120  6547  6560 I PhoneLab-LoggerService: Checking Threshold
07-12 23:44:11.120  6547  6560 I PhoneLab-LoggerService: Starting to rename files
07-12 23:44:11.120  6547  6560 I PhoneLab-LoggerService: Files found .. 2
07-12 23:44:11.128  6706  6709 D dalvikvm: GC_CONCURRENT freed 407K, 8% free 10623K/11463K, paused 2ms+3ms
07-12 23:44:12.085  6706  6766 D dalvikvm: GC_FOR_ALLOC freed 403K, 8% free 10623K/11463K, paused 22ms
07-12 23:44:13.186  6706  6709 D dalvikvm: GC_CONCURRENT freed 408K, 8% free 10623K/11463K, paused 2ms+2ms
07-12 23:44:14.303  6706  6766 D dalvikvm: GC_FOR_ALLOC freed 404K, 8% free 10560K/11463K, paused 21ms
07-12 23:44:15.046  6706  6709 D dalvikvm: GC_CONCURRENT freed 368K, 8% free 10598K/11463K, paused 2ms+2ms
07-12 23:44:16.077  6706  6709 D dalvikvm: GC_CONCURRENT freed 252K, 7% free 10749K/11463K, paused 2ms+3ms
07-12 23:44:17.182  6706  6766 D dalvikvm: GC_FOR_ALLOC freed 435K, 8% free 10560K/11463K, paused 23ms
07-12 23:44:17.710  6706  6709 D dalvikvm: GC_CONCURRENT freed 204K, 7% free 10751K/11463K, paused 2ms+3ms
07-12 23:44:18.815  6706  6766 D dalvikvm: GC_FOR_ALLOC freed 400K, 8% free 10623K/11463K, paused 21ms
07-12 23:44:19.948  6706  6709 D dalvikvm: GC_CONCURRENT freed 405K, 8% free 10625K/11463K, paused 2ms+2ms
07-12 23:44:21.065  6706  6766 D dalvikvm: GC_FOR_ALLOC freed 405K, 8% free 10623K/11463K, paused 21ms
07-12 23:44:22.186  6706  6766 D dalvikvm: GC_FOR_ALLOC freed 403K, 8% free 10623K/11463K, paused 22ms
07-12 23:44:23.319  6706  6766 D dalvikvm: GC_FOR_ALLOC freed 403K, 8% free 10619K/11463K, paused 23ms
07-12 23:44:24.464  6706  6709 D dalvikvm: GC_CONCURRENT freed 408K, 8% free 10623K/11463K, paused 2ms+2ms
07-12 23:44:25.569  6706  6766 D dalvikvm: GC_FOR_ALLOC freed 403K, 8% free 10614K/11463K, paused 24ms
07-12 23:44:26.714  6706  6709 D dalvikvm: GC_CONCURRENT freed 413K, 8% free 10623K/11463K, paused 3ms+3ms
07-12 23:44:27.835  6706  6766 D dalvikvm: GC_FOR_ALLOC freed 404K, 8% free 10560K/11463K, paused 24ms
07-12 23:44:28.569  6706  6709 D dalvikvm: GC_CONCURRENT freed 206K, 7% free 10749K/11463K, paused 2ms+2ms
07-12 23:44:29.569  6706  6766 D dalvikvm: GC_FOR_ALLOC freed 404K, 8% free 10622K/11463K, paused 22ms
07-12 23:44:30.678  6652  6655 D dalvikvm: GC_CONCURRENT freed 499K, 6% free 10409K/11015K, paused 1ms+13ms
07-12 23:44:30.881  3358  3360 D dalvikvm: GC_CONCURRENT freed 497K, 7% free 10217K/10951K, paused 5ms+8ms
07-12 23:44:30.889  6706  6709 D dalvikvm: GC_CONCURRENT freed 447K, 7% free 10681K/11463K, paused 8ms+6ms
07-12 23:44:31.842  6706  6766 D dalvikvm: GC_FOR_ALLOC freed 406K, 8% free 10620K/11463K, paused 24ms
07-12 23:44:31.921 30387 30389 D dalvikvm: GC_CONCURRENT freed 371K, 6% free 10321K/10887K, paused 3ms+8ms
07-12 23:44:33.221  6706  6709 D dalvikvm: GC_CONCURRENT freed 409K, 8% free 10623K/11463K, paused 22ms+3ms
07-12 23:44:34.159  6706  6766 D dalvikvm: GC_FOR_ALLOC freed 403K, 8% free 10560K/11463K, paused 46ms
07-12 23:44:34.620  6706  6709 D dalvikvm: GC_CONCURRENT freed 203K, 7% free 10751K/11463K, paused 5ms+2ms
07-12 23:44:35.702  6706  6766 D dalvikvm: GC_FOR_ALLOC freed 400K, 8% free 10618K/11463K, paused 22ms
07-12 23:44:36.846  6706  6709 D dalvikvm: GC_CONCURRENT freed 408K, 8% free 10623K/11463K, paused 2ms+2ms
07-12 23:44:38.276  6706  6766 D dalvikvm: GC_FOR_ALLOC freed 403K, 8% free 10560K/11463K, paused 80ms
07-12 23:44:38.604  6706  6709 D dalvikvm: GC_CONCURRENT freed 208K, 7% free 10749K/11463K, paused 2ms+2ms
07-12 23:44:39.327  6547  6547 I PhoneLab-Locks: wake lock acquired
07-12 23:44:39.381  6547  7253 I PhoneLab-PeriodicCheckService: User info is synched
07-12 23:44:39.385  6547  7253 I PhoneLab-PeriodicCheckService: Logger Service is running
07-12 23:44:39.389  6547  6547 I PhoneLab-Locks: wake lock acquired
07-12 23:44:39.393  6547  6547 I PhoneLab-StatusMonitor: Status Monitoring is started
07-12 23:44:39.393  6547  7253 I PhoneLab-Locks: wake lock acquired
07-12 23:44:39.397  6547  7253 I PhoneLab-PeriodicCheckService: Rescheduling periodic checking...
07-12 23:44:39.401  6547  7253 I PhoneLab-Locks: wake lock released
07-12 23:44:39.440  6547  6547 E PhoneLab-PhoneLabManifest: java.io.FileNotFoundException: /data/data/edu.buffalo.cse.phonelab.phonelabservices/files/manifest.xml: open failed: ENOENT (No such file or directory)
07-12 23:44:39.460  6547  6547 I PhoneLab-Locks: wake lock released
07-12 23:44:39.464  6547  6547 I PhoneLab-UploadLogs: Transfering log files now
07-12 23:44:39.553  6547  6549 D dalvikvm: GC_CONCURRENT freed 446K, 13% free 9268K/10631K, paused 7ms+5ms
07-12 23:44:39.714  6547  6547 D dalvikvm: GC_FOR_ALLOC freed 282K, 13% free 9280K/10631K, paused 40ms
07-12 23:44:39.733  6706  6766 D dalvikvm: GC_FOR_ALLOC freed 566K, 8% free 10561K/11463K, paused 64ms
07-12 23:44:39.741  6547  6547 D dalvikvm: GC_FOR_ALLOC freed 120K, 12% free 9408K/10631K, paused 21ms
07-12 23:44:39.764  6547  6547 I PhoneLab-UploadLogs: OnStartCommand
07-12 23:44:39.784  6547  6549 D dalvikvm: GC_CONCURRENT freed 294K, 10% free 9625K/10631K, paused 2ms+6ms
07-12 23:44:39.995  6547  7255 D dalvikvm: GC_FOR_ALLOC freed 311K, 10% free 9640K/10631K, paused 61ms
07-12 23:44:40.006  6547  7255 D dalvikvm: GC_FOR_ALLOC freed 301K, 10% free 9641K/10631K, paused 13ms
07-12 23:44:40.022  6547  7255 D dalvikvm: GC_FOR_ALLOC freed 301K, 10% free 9641K/10631K, paused 13ms
07-12 23:44:40.764  6706  6709 D dalvikvm: GC_CONCURRENT freed 293K, 7% free 10736K/11463K, paused 2ms+3ms
07-12 23:44:41.885  6706  6766 D dalvikvm: GC_FOR_ALLOC freed 405K, 8% free 10560K/11463K, paused 21ms
07-12 23:44:42.639  6706  6709 D dalvikvm: GC_CONCURRENT freed 203K, 7% free 10751K/11463K, paused 3ms+2ms
07-12 23:44:42.878  6547  6547 I PhoneLab-: 1342149971097.log is deleted
07-12 23:44:42.878  6547  6547 I PhoneLab-: Response: {"data": "done", "err": ""}
07-12 23:44:42.967  6547  6547 I PhoneLab-UploadLogs: No log files to transfer
07-12 23:44:42.967  6547  6547 I PhoneLab-Locks: wake lock released
07-12 23:44:43.596  6706  6766 D dalvikvm: GC_FOR_ALLOC freed 400K, 8% free 10623K/11463K, paused 22ms
07-12 23:44:44.714  6706  6766 D dalvikvm: GC_FOR_ALLOC freed 404K, 8% free 10623K/11463K, paused 22ms
07-12 23:44:45.850  6706  6766 D dalvikvm: GC_FOR_ALLOC freed 404K, 8% free 10619K/11463K, paused 23ms
07-12 23:44:46.987  6706  6766 D dalvikvm: GC_FOR_ALLOC freed 409K, 8% free 10612K/11463K, paused 24ms
07-12 23:44:48.682  6706  6709 D dalvikvm: GC_CONCURRENT freed 412K, 8% free 10624K/11463K, paused 23ms+2ms
07-12 23:44:49.682  6706  6766 D dalvikvm: GC_FOR_ALLOC freed 398K, 8% free 10560K/11463K, paused 87ms
07-12 23:44:49.772  6706  6709 D dalvikvm: GC_CONCURRENT freed 205K, 7% free 10751K/11463K, paused 2ms+3ms
07-12 23:44:50.858  6706  6766 D dalvikvm: GC_FOR_ALLOC freed 400K, 8% free 10597K/11463K, paused 22ms
07-12 23:44:51.995  6706  6766 D dalvikvm: GC_FOR_ALLOC freed 409K, 8% free 10560K/11463K, paused 22ms
07-12 23:44:52.643  6706  6709 D dalvikvm: GC_CONCURRENT freed 205K, 7% free 10751K/11463K, paused 2ms+2ms
07-12 23:44:53.745  6706  6766 D dalvikvm: GC_FOR_ALLOC freed 400K, 8% free 10623K/11463K, paused 21ms
07-12 23:44:54.964  6706  6766 D dalvikvm: GC_FOR_ALLOC freed 403K, 8% free 10619K/11463K, paused 23ms
07-12 23:44:56.003  6706  6709 D dalvikvm: GC_CONCURRENT freed 408K, 8% free 10619K/11463K, paused 2ms+2ms
07-12 23:44:57.131  6706  6709 D dalvikvm: GC_CONCURRENT freed 411K, 8% free 10624K/11463K, paused 3ms+2ms
07-12 23:44:58.905  6706  6766 D dalvikvm: GC_FOR_ALLOC freed 405K, 8% free 10560K/11463K, paused 21ms
07-12 23:44:58.983  6706  6709 D dalvikvm: GC_CONCURRENT freed 200K, 7% free 10751K/11463K, paused 3ms+2ms
07-12 23:44:59.620   144   147 D dalvikvm: GC_CONCURRENT freed 2014K, 26% free 17618K/23623K, paused 4ms+8ms
07-12 23:44:59.956  6706  6766 D dalvikvm: GC_FOR_ALLOC freed 395K, 8% free 10560K/11463K, paused 24ms
07-12 23:45:01.049  6706  6709 D dalvikvm: GC_CONCURRENT freed 205K, 7% free 10751K/11463K, paused 20ms+3ms
07-12 23:45:01.108  6706  6766 D dalvikvm: GC_FOR_ALLOC freed 194K, 7% free 10689K/11463K, paused 21ms
07-12 23:45:02.147  6706  6766 D dalvikvm: GC_FOR_ALLOC freed 395K, 8% free 10560K/11463K, paused 28ms
07-12 23:45:03.030  6706  6709 D dalvikvm: GC_CONCURRENT freed 207K, 7% free 10751K/11463K, paused 20ms+3ms
07-12 23:45:03.913  6706  6766 D dalvikvm: GC_FOR_ALLOC freed 395K, 8% free 10560K/11463K, paused 25ms
07-12 23:45:04.444  6706  6709 D dalvikvm: GC_CONCURRENT freed 368K, 8% free 10593K/11463K, paused 2ms+3ms
07-12 23:45:05.565  6706  6709 D dalvikvm: GC_CONCURRENT freed 418K, 8% free 10584K/11463K, paused 2ms+2ms
07-12 23:45:06.667  6706  6709 D dalvikvm: GC_CONCURRENT freed 250K, 7% free 10741K/11463K, paused 2ms+3ms
07-12 23:45:07.874  6706  6766 D dalvikvm: GC_FOR_ALLOC freed 400K, 8% free 10616K/11463K, paused 22ms
07-12 23:45:09.108  6706  6766 D dalvikvm: GC_FOR_ALLOC freed 393K, 8% free 10623K/11463K, paused 27ms
07-12 23:45:10.128  6706  6766 D dalvikvm: GC_FOR_ALLOC freed 398K, 8% free 10560K/11463K, paused 46ms
07-12 23:45:11.151  6706  6709 D dalvikvm: GC_CONCURRENT freed 205K, 7% free 10751K/11463K, paused 2ms+3ms
07-12 23:45:11.210  6706  6766 D dalvikvm: GC_FOR_ALLOC freed 194K, 7% free 10689K/11463K, paused 21ms
07-12 23:45:12.296  6706  6766 D dalvikvm: GC_FOR_ALLOC freed 395K, 8% free 10560K/11463K, paused 58ms
07-12 23:45:13.112  6706  6709 D dalvikvm: GC_CONCURRENT freed 207K, 7% free 10751K/11463K, paused 15ms+2ms
07-12 23:45:14.034  6706  6766 D dalvikvm: GC_FOR_ALLOC freed 395K, 8% free 10560K/11463K, paused 24ms
07-12 23:45:14.538  6706  6709 D dalvikvm: GC_CONCURRENT freed 197K, 7% free 10753K/11463K, paused 2ms+2ms
07-12 23:45:15.643  6706  6766 D dalvikvm: GC_FOR_ALLOC freed 395K, 8% free 10560K/11463K, paused 21ms
07-12 23:45:16.284  6706  6709 D dalvikvm: GC_CONCURRENT freed 211K, 7% free 10751K/11463K, paused 2ms+2ms
07-12 23:45:17.378  6706  6766 D dalvikvm: GC_FOR_ALLOC freed 395K, 8% free 10560K/11463K, paused 21ms
07-12 23:45:17.924  6706  6709 D dalvikvm: GC_CONCURRENT freed 197K, 7% free 10753K/11463K, paused 2ms+2ms
07-12 23:45:19.026  6706  6766 D dalvikvm: GC_FOR_ALLOC freed 395K, 8% free 10560K/11463K, paused 22ms
07-12 23:45:19.667  6706  6709 D dalvikvm: GC_CONCURRENT freed 207K, 7% free 10751K/11463K, paused 2ms+2ms
07-12 23:45:20.768  6706  6766 D dalvikvm: GC_FOR_ALLOC freed 395K, 8% free 10560K/11463K, paused 21ms
07-12 23:45:21.327  6706  6709 D dalvikvm: GC_CONCURRENT freed 383K, 8% free 10573K/11463K, paused 2ms+2ms
07-12 23:45:22.432  6706  6709 D dalvikvm: GC_CONCURRENT freed 233K, 7% free 10742K/11463K, paused 2ms+2ms
07-12 23:45:23.526  6706  6766 D dalvikvm: GC_FOR_ALLOC freed 405K, 8% free 10560K/11463K, paused 24ms
07-12 23:45:24.628  6706  6709 D dalvikvm: GC_CONCURRENT freed 345K, 8% free 10619K/11463K, paused 23ms+3ms
07-12 23:45:25.405  6706  6766 D dalvikvm: GC_FOR_ALLOC freed 404K, 8% free 10589K/11463K, paused 64ms
07-12 23:45:26.409  6706  6709 D dalvikvm: GC_CONCURRENT freed 298K, 7% free 10688K/11463K, paused 2ms+3ms
07-12 23:45:27.526  6706  6766 D dalvikvm: GC_FOR_ALLOC freed 396K, 8% free 10560K/11463K, paused 21ms
07-12 23:45:28.061  6706  6709 D dalvikvm: GC_CONCURRENT freed 197K, 7% free 10753K/11463K, paused 2ms+4ms
07-12 23:45:30.674  6706  6766 D dalvikvm: GC_FOR_ALLOC freed 197K, 7% free 10689K/11463K, paused 22ms
07-12 23:45:30.772  6652  6655 D dalvikvm: GC_CONCURRENT freed 449K, 6% free 10413K/11015K, paused 12ms+5ms
07-12 23:45:30.839  3358  3360 D dalvikvm: GC_CONCURRENT freed 410K, 7% free 10203K/10951K, paused 2ms+3ms
07-12 23:45:31.620  6706  6766 D dalvikvm: GC_FOR_ALLOC freed 390K, 8% free 10560K/11463K, paused 76ms
07-12 23:45:32.030  6706  6709 D dalvikvm: GC_CONCURRENT freed 200K, 7% free 10753K/11463K, paused 2ms+2ms
07-12 23:45:33.116  6706  6766 D dalvikvm: GC_FOR_ALLOC freed 390K, 8% free 10560K/11463K, paused 131ms
07-12 23:45:33.655  6706  6709 D dalvikvm: GC_CONCURRENT freed 200K, 7% free 10753K/11463K, paused 2ms+2ms
07-12 23:45:34.612  6706  6766 D dalvikvm: GC_FOR_ALLOC freed 390K, 8% free 10560K/11463K, paused 65ms
07-12 23:45:35.116  6706  6709 D dalvikvm: GC_CONCURRENT freed 200K, 7% free 10753K/11463K, paused 21ms+3ms
07-12 23:45:36.065  6706  6766 D dalvikvm: GC_FOR_ALLOC freed 394K, 8% free 10560K/11463K, paused 78ms
07-12 23:45:36.671  6706  6709 D dalvikvm: GC_CONCURRENT freed 200K, 7% free 10753K/11463K, paused 21ms+2ms
07-12 23:45:37.616  6706  6766 D dalvikvm: GC_FOR_ALLOC freed 390K, 8% free 10560K/11463K, paused 68ms
07-12 23:45:38.202  6706  6709 D dalvikvm: GC_CONCURRENT freed 200K, 7% free 10753K/11463K, paused 2ms+2ms
07-12 23:45:39.014   144   198 D DhcpInfoInternal: makeLinkProperties with empty dns2!
07-12 23:45:39.018   144   198 D DhcpInfoInternal: makeLinkProperties with empty dns2!
07-12 23:45:39.221  6706  6766 D dalvikvm: GC_FOR_ALLOC freed 390K, 8% free 10560K/11463K, paused 67ms
07-12 23:45:39.671  6706  6709 D dalvikvm: GC_CONCURRENT freed 200K, 7% free 10753K/11463K, paused 21ms+2ms
07-12 23:45:40.647  6706  6766 D dalvikvm: GC_FOR_ALLOC freed 390K, 8% free 10560K/11463K, paused 94ms
07-12 23:45:41.276  6706  6709 D dalvikvm: GC_CONCURRENT freed 200K, 7% free 10753K/11463K, paused 20ms+3ms
07-12 23:45:42.237  6706  6766 D dalvikvm: GC_FOR_ALLOC freed 390K, 8% free 10560K/11463K, paused 77ms
07-12 23:45:42.702  6706  6709 D dalvikvm: GC_CONCURRENT freed 200K, 7% free 10753K/11463K, paused 2ms+3ms
07-12 23:45:43.647  6706  6766 D dalvikvm: GC_FOR_ALLOC freed 390K, 8% free 10560K/11463K, paused 96ms
07-12 23:45:44.299  6706  6709 D dalvikvm: GC_CONCURRENT freed 200K, 7% free 10753K/11463K, paused 21ms+2ms
07-12 23:45:45.237  6706  6766 D dalvikvm: GC_FOR_ALLOC freed 394K, 8% free 10560K/11463K, paused 60ms
07-12 23:45:45.694  6706  6709 D dalvikvm: GC_CONCURRENT freed 200K, 7% free 10753K/11463K, paused 20ms+2ms
07-12 23:45:46.581  6706  6766 D dalvikvm: GC_FOR_ALLOC freed 390K, 8% free 10560K/11463K, paused 22ms
07-12 23:45:47.897  6706  6709 D dalvikvm: GC_CONCURRENT freed 367K, 8% free 10579K/11463K, paused 7ms+5ms
07-12 23:45:48.854  6706  6709 D dalvikvm: GC_CONCURRENT freed 378K, 8% free 10609K/11463K, paused 2ms+3ms
07-12 23:45:49.858  6706  6709 D dalvikvm: GC_CONCURRENT freed 429K, 8% free 10608K/11463K, paused 21ms+3ms
07-12 23:45:50.846  6706  6709 D dalvikvm: GC_CONCURRENT freed 424K, 8% free 10608K/11463K, paused 21ms+3ms
07-12 23:45:51.839  6706  6709 D dalvikvm: GC_CONCURRENT freed 429K, 8% free 10608K/11463K, paused 37ms+2ms
07-12 23:45:52.835  6706  6709 D dalvikvm: GC_CONCURRENT freed 346K, 7% free 10676K/11463K, paused 2ms+2ms
07-12 23:45:53.944  6706  6766 D dalvikvm: GC_FOR_ALLOC freed 414K, 8% free 10623K/11463K, paused 22ms
07-12 23:45:55.182  6706  6709 D dalvikvm: GC_CONCURRENT freed 409K, 8% free 10623K/11463K, paused 2ms+2ms
07-12 23:45:56.206  6706  6709 D dalvikvm: GC_CONCURRENT freed 413K, 8% free 10623K/11463K, paused 2ms+3ms
07-12 23:45:57.323  6706  6766 D dalvikvm: GC_FOR_ALLOC freed 404K, 8% free 10560K/11463K, paused 21ms
07-12 23:45:57.858  6706  6709 D dalvikvm: GC_CONCURRENT freed 205K, 7% free 10749K/11463K, paused 3ms+3ms
07-12 23:45:58.964  6706  6766 D dalvikvm: GC_FOR_ALLOC freed 400K, 8% free 10623K/11463K, paused 21ms
07-12 23:46:00.112  6706  6766 D dalvikvm: GC_FOR_ALLOC freed 404K, 8% free 10623K/11463K, paused 21ms
07-12 23:46:01.217  6706  6766 D dalvikvm: GC_FOR_ALLOC freed 404K, 8% free 10623K/11463K, paused 22ms
07-12 23:46:02.342  6706  6766 D dalvikvm: GC_FOR_ALLOC freed 404K, 8% free 10623K/11463K, paused 21ms
07-12 23:46:03.479  6706  6709 D dalvikvm: GC_CONCURRENT freed 407K, 8% free 10623K/11463K, paused 2ms+2ms
07-12 23:46:04.600  6706  6766 D dalvikvm: GC_FOR_ALLOC freed 404K, 8% free 10623K/11463K, paused 21ms
07-12 23:46:05.721  6706  6766 D dalvikvm: GC_FOR_ALLOC freed 404K, 8% free 10623K/11463K, paused 22ms
07-12 23:46:06.854  6706  6766 D dalvikvm: GC_FOR_ALLOC freed 404K, 8% free 10623K/11463K, paused 22ms
07-12 23:46:07.979  6706  6766 D dalvikvm: GC_FOR_ALLOC freed 404K, 8% free 10623K/11463K, paused 21ms
07-12 23:46:09.159  6706  6766 D dalvikvm: GC_FOR_ALLOC freed 404K, 8% free 10623K/11463K, paused 40ms
07-12 23:46:10.233  6706  6709 D dalvikvm: GC_CONCURRENT freed 457K, 8% free 10612K/11463K, paused 2ms+3ms
07-12 23:46:10.987  6547  6560 I PhoneLab-: Service Running
07-12 23:46:11.065  6547  6560 I PhoneLab-LoggerService: app_37    1373  1     1440   1000  c00f181c 400107b4 S logcat
07-12 23:46:11.065  6547  6560 I PhoneLab-LoggerService: Logcat pid from database 1373
07-12 23:46:11.065  6547  6560 I PhoneLab-LoggerService: Logcat process found 1373
07-12 23:46:11.065  6547  6560 I PhoneLab-LoggerService: Checking Threshold
07-12 23:46:11.370  6706  6766 D dalvikvm: GC_FOR_ALLOC freed 370K, 8% free 10615K/11463K, paused 23ms
07-12 23:46:12.483  6706  6766 D dalvikvm: GC_FOR_ALLOC freed 412K, 8% free 10560K/11463K, paused 22ms
07-12 23:46:13.046  6706  6709 D dalvikvm: GC_CONCURRENT freed 358K, 8% free 10601K/11463K, paused 2ms+2ms
07-12 23:46:14.171  6706  6709 D dalvikvm: GC_CONCURRENT freed 255K, 7% free 10749K/11463K, paused 2ms+2ms
07-12 23:46:15.256  6706  6766 D dalvikvm: GC_FOR_ALLOC freed 400K, 8% free 10560K/11463K, paused 21ms
07-12 23:46:15.893  6706  6709 D dalvikvm: GC_CONCURRENT freed 205K, 7% free 10749K/11463K, paused 2ms+2ms
07-12 23:46:16.991  6706  6766 D dalvikvm: GC_FOR_ALLOC freed 405K, 8% free 10623K/11463K, paused 22ms
07-12 23:46:18.112  6706  6766 D dalvikvm: GC_FOR_ALLOC freed 404K, 8% free 10560K/11463K, paused 21ms
07-12 23:46:18.745  6706  6709 D dalvikvm: GC_CONCURRENT freed 205K, 7% free 10749K/11463K, paused 3ms+6ms
07-12 23:46:19.760  6706  6766 D dalvikvm: GC_FOR_ALLOC freed 400K, 8% free 10623K/11463K, paused 21ms
07-12 23:46:20.589  6706  6709 D dalvikvm: GC_CONCURRENT freed 464K, 8% free 10566K/11463K, paused 21ms+3ms
07-12 23:46:21.631  6706  6709 D dalvikvm: GC_CONCURRENT freed 278K, 7% free 10729K/11463K, paused 2ms+3ms
07-12 23:46:22.612  6706  6766 D dalvikvm: GC_FOR_ALLOC freed 406K, 8% free 10560K/11463K, paused 21ms
07-12 23:46:23.155  6706  6709 D dalvikvm: GC_CONCURRENT freed 210K, 7% free 10749K/11463K, paused 2ms+3ms
07-12 23:46:24.253  6706  6766 D dalvikvm: GC_FOR_ALLOC freed 400K, 8% free 10560K/11463K, paused 21ms
07-12 23:46:25.092  6706  6709 D dalvikvm: GC_CONCURRENT freed 205K, 7% free 10749K/11463K, paused 22ms+2ms
07-12 23:46:25.995  6706  6766 D dalvikvm: GC_FOR_ALLOC freed 410K, 8% free 10623K/11463K, paused 21ms
07-12 23:46:27.112  6706  6766 D dalvikvm: GC_FOR_ALLOC freed 404K, 8% free 10623K/11463K, paused 22ms
07-12 23:46:28.237  6706  6766 D dalvikvm: GC_FOR_ALLOC freed 404K, 8% free 10623K/11463K, paused 22ms
07-12 23:46:29.374  6706  6766 D dalvikvm: GC_FOR_ALLOC freed 404K, 8% free 10623K/11463K, paused 21ms
07-12 23:46:30.510  6706  6709 D dalvikvm: GC_CONCURRENT freed 407K, 8% free 10623K/11463K, paused 2ms+3ms
07-12 23:46:31.631  6706  6766 D dalvikvm: GC_FOR_ALLOC freed 404K, 8% free 10623K/11463K, paused 21ms
07-12 23:46:32.749  6706  6766 D dalvikvm: GC_FOR_ALLOC freed 404K, 8% free 10623K/11463K, paused 22ms
07-12 23:46:33.878  6706  6766 D dalvikvm: GC_FOR_ALLOC freed 404K, 8% free 10623K/11463K, paused 22ms
07-12 23:46:35.003  6706  6766 D dalvikvm: GC_FOR_ALLOC freed 404K, 8% free 10623K/11463K, paused 22ms
07-12 23:46:36.139  6706  6766 D dalvikvm: GC_FOR_ALLOC freed 404K, 8% free 10619K/11463K, paused 22ms
07-12 23:46:37.268  6706  6709 D dalvikvm: GC_CONCURRENT freed 409K, 8% free 10623K/11463K, paused 2ms+2ms
07-12 23:46:39.190  6706  6766 D dalvikvm: GC_FOR_ALLOC freed 404K, 8% free 10560K/11463K, paused 21ms
07-12 23:46:39.268  6706  6709 D dalvikvm: GC_CONCURRENT freed 200K, 7% free 10749K/11463K, paused 2ms+2ms
07-12 23:46:40.249  6706  6766 D dalvikvm: GC_FOR_ALLOC freed 399K, 8% free 10623K/11463K, paused 21ms
07-12 23:46:41.436  6706  6766 D dalvikvm: GC_FOR_ALLOC freed 399K, 8% free 10623K/11463K, paused 22ms
07-12 23:46:42.495  6706  6766 D dalvikvm: GC_FOR_ALLOC freed 399K, 8% free 10623K/11463K, paused 78ms
07-12 23:46:43.385   144   424 I ActivityManager: Process com.google.android.apps.maps:NetworkLocationService (pid 6652) has died.
07-12 23:46:43.635   144   424 W ActivityManager: Scheduling restart of crashed service com.google.android.apps.maps/com.google.android.location.internal.server.NetworkLocationService in 5000ms
07-12 23:46:43.655  6706  6766 D dalvikvm: GC_FOR_ALLOC freed 402K, 8% free 10623K/11463K, paused 66ms
07-12 23:46:44.120   144   147 D dalvikvm: GC_CONCURRENT freed 1940K, 26% free 17610K/23623K, paused 3ms+8ms
07-12 23:46:44.628  6706  6766 D dalvikvm: GC_FOR_ALLOC freed 403K, 8% free 10596K/11463K, paused 51ms
07-12 23:46:45.651  6706  6766 D dalvikvm: GC_FOR_ALLOC freed 408K, 8% free 10560K/11463K, paused 21ms
07-12 23:46:46.296  6706  6709 D dalvikvm: GC_CONCURRENT freed 211K, 7% free 10749K/11463K, paused 2ms+3ms
07-12 23:46:47.393  6706  6766 D dalvikvm: GC_FOR_ALLOC freed 400K, 8% free 10623K/11463K, paused 22ms
07-12 23:46:48.792   144   161 I ActivityManager: Start proc com.google.android.apps.maps:NetworkLocationService for service com.google.android.apps.maps/com.google.android.location.internal.server.NetworkLocationService: pid=7280 uid=10056 gids={3003, 1015}
07-12 23:46:49.057  6706  6766 D dalvikvm: GC_FOR_ALLOC freed 404K, 8% free 10622K/11463K, paused 127ms
07-12 23:46:49.460  7280  7281 D dalvikvm: GC_CONCURRENT freed 176K, 3% free 9360K/9607K, paused 10ms+2ms
07-12 23:46:49.971  6706  6766 D dalvikvm: GC_FOR_ALLOC freed 402K, 8% free 10560K/11463K, paused 60ms
07-12 23:46:50.026  7280  7281 D dalvikvm: GC_CONCURRENT freed 150K, 3% free 9657K/9927K, paused 11ms+2ms
07-12 23:46:50.385  6706  6709 D dalvikvm: GC_CONCURRENT freed 300K, 8% free 10654K/11463K, paused 2ms+2ms
07-12 23:46:50.385  7280  7281 D dalvikvm: GC_CONCURRENT freed 164K, 3% free 10011K/10247K, paused 5ms+8ms
07-12 23:46:50.549  7280  7281 D dalvikvm: GC_CONCURRENT freed 151K, 3% free 10403K/10631K, paused 1ms+3ms
07-12 23:46:50.862  3358  3360 D dalvikvm: GC_CONCURRENT freed 447K, 8% free 10169K/10951K, paused 3ms+4ms
07-12 23:46:50.901  7280  7284 I dalvikvm: Total arena pages for JIT: 11
07-12 23:46:50.905  7280  7284 I dalvikvm: Total arena pages for JIT: 12
07-12 23:46:50.905  7280  7284 I dalvikvm: Total arena pages for JIT: 13
07-12 23:46:50.905  7280  7284 I dalvikvm: Total arena pages for JIT: 14
07-12 23:46:50.905  7280  7284 I dalvikvm: Total arena pages for JIT: 15
07-12 23:46:50.909  7280  7284 I dalvikvm: Total arena pages for JIT: 16
07-12 23:46:50.909  7280  7284 I dalvikvm: Total arena pages for JIT: 17
07-12 23:46:51.003  7280  7284 I dalvikvm: Total arena pages for JIT: 18
07-12 23:46:51.151  7280  7281 D dalvikvm: GC_CONCURRENT freed 742K, 8% free 10192K/11015K, paused 1ms+3ms
07-12 23:46:51.409  7280  7300 D dalvikvm: GC_FOR_ALLOC freed 226K, 8% free 10193K/11015K, paused 23ms
07-12 23:46:51.573  6706  6766 D dalvikvm: GC_FOR_ALLOC freed 404K, 8% free 10623K/11463K, paused 21ms
07-12 23:46:52.628  7280  7281 D dalvikvm: GC_CONCURRENT freed 411K, 8% free 10227K/11015K, paused 2ms+4ms
07-12 23:46:52.690  6706  6709 D dalvikvm: GC_CONCURRENT freed 408K, 8% free 10655K/11463K, paused 2ms+3ms
07-12 23:46:53.714  6706  6766 D dalvikvm: GC_FOR_ALLOC freed 381K, 8% free 10639K/11463K, paused 36ms
07-12 23:46:54.682  6706  6766 D dalvikvm: GC_FOR_ALLOC freed 400K, 8% free 10599K/11463K, paused 21ms
07-12 23:46:55.819  6706  6709 D dalvikvm: GC_CONCURRENT freed 412K, 8% free 10639K/11463K, paused 2ms+2ms
07-12 23:46:56.928  6706  6766 D dalvikvm: GC_FOR_ALLOC freed 409K, 8% free 10639K/11463K, paused 21ms
07-12 23:46:58.057  6706  6766 D dalvikvm: GC_FOR_ALLOC freed 402K, 8% free 10601K/11463K, paused 25ms
07-12 23:46:59.198  6706  6709 D dalvikvm: GC_CONCURRENT freed 405K, 8% free 10599K/11463K, paused 2ms+2ms
07-12 23:47:00.339  6706  6709 D dalvikvm: GC_CONCURRENT freed 405K, 8% free 10638K/11463K, paused 2ms+2ms
07-12 23:47:01.471  6706  6766 D dalvikvm: GC_FOR_ALLOC freed 406K, 8% free 10639K/11463K, paused 21ms
07-12 23:47:02.573  6706  6766 D dalvikvm: GC_FOR_ALLOC freed 403K, 8% free 10639K/11463K, paused 21ms
07-12 23:47:03.694  6706  6766 D dalvikvm: GC_FOR_ALLOC freed 403K, 8% free 10639K/11463K, paused 22ms
07-12 23:47:53.049  3358  3360 D dalvikvm: GC_CONCURRENT freed 448K, 7% free 10224K/10951K, paused 2ms+3ms
07-12 23:48:03.881   144   198 D DhcpInfoInternal: makeLinkProperties with empty dns2!
07-12 23:48:03.885   144   198 D DhcpInfoInternal: makeLinkProperties with empty dns2!
07-12 23:48:10.987  6547  6560 I PhoneLab-: Service Running
07-12 23:48:11.100  6547  6549 D dalvikvm: GC_CONCURRENT freed 898K, 14% free 9156K/10631K, paused 6ms+4ms
07-12 23:48:11.108  6547  6560 I PhoneLab-LoggerService: app_37    1373  1     1440   1000  c00f181c 400107b4 S logcat
07-12 23:48:11.108  6547  6560 I PhoneLab-LoggerService: Logcat pid from database 1373
07-12 23:48:11.108  6547  6560 I PhoneLab-LoggerService: Logcat process found 1373
07-12 23:48:11.108  6547  6560 I PhoneLab-LoggerService: Checking Threshold
07-12 23:48:25.671  6106  6108 D dalvikvm: GC_CONCURRENT freed 1905K, 15% free 11872K/13895K, paused 26ms+4ms
07-12 23:48:53.022  7280  7281 D dalvikvm: GC_CONCURRENT freed 499K, 8% free 10240K/11015K, paused 2ms+3ms
07-12 23:48:53.139  3358  3360 D dalvikvm: GC_CONCURRENT freed 429K, 7% free 10199K/10951K, paused 1ms+3ms
07-12 23:49:02.936   214   216 D dalvikvm: GC_CONCURRENT freed 389K, 57% free 9688K/22023K, paused 1ms+3ms
07-12 23:49:04.694   144   424 D dalvikvm: GC_EXPLICIT freed 1145K, 26% free 17626K/23623K, paused 33ms+9ms
07-12 23:50:10.987  6547  6560 I PhoneLab-: Service Running
07-12 23:50:11.061  6547  6560 I PhoneLab-LoggerService: app_37    1373  1     1440   1000  c00f181c 400107b4 S logcat
07-12 23:50:11.061  6547  6560 I PhoneLab-LoggerService: Logcat pid from database 1373
07-12 23:50:11.061  6547  6560 I PhoneLab-LoggerService: Logcat process found 1373
07-12 23:50:11.061  6547  6560 I PhoneLab-LoggerService: Checking Threshold
07-12 23:50:15.827   144   160 V BackupManagerService: Running a backup pass
07-12 23:50:15.846   144   213 V BackupManagerService: Backup requested but nothing pending
07-12 23:50:28.756   144   198 D DhcpInfoInternal: makeLinkProperties with empty dns2!
07-12 23:50:28.760   144   198 D DhcpInfoInternal: makeLinkProperties with empty dns2!
07-12 23:50:39.631 30387  1926 D dalvikvm: GC_EXPLICIT freed 305K, 6% free 10306K/10887K, paused 2ms+4ms
07-12 23:50:53.120  7280  7281 D dalvikvm: GC_CONCURRENT freed 506K, 7% free 10245K/11015K, paused 2ms+3ms
07-12 23:50:53.241  3358  3360 D dalvikvm: GC_CONCURRENT freed 500K, 7% free 10211K/10951K, paused 2ms+3ms
07-12 23:51:18.432  5658  5660 D dalvikvm: GC_CONCURRENT freed 398K, 8% free 9843K/10695K, paused 7ms+4ms
07-12 23:51:53.241  3358  3369 D dalvikvm: GC_EXPLICIT freed 148K, 8% free 10154K/10951K, paused 2ms+4ms
07-12 23:52:10.987  6547  6560 I PhoneLab-: Service Running
07-12 23:52:11.089  6547  6560 I PhoneLab-LoggerService: app_37    1373  1     1440   1000  c00f181c 400107b4 S logcat
07-12 23:52:11.089  6547  6560 I PhoneLab-LoggerService: Logcat pid from database 1373
07-12 23:52:11.089  6547  6560 I PhoneLab-LoggerService: Logcat process found 1373
07-12 23:52:11.089  6547  6560 I PhoneLab-LoggerService: Checking Threshold
07-12 23:52:53.335   144   198 D DhcpInfoInternal: makeLinkProperties with empty dns2!
07-12 23:52:53.339   144   198 D DhcpInfoInternal: makeLinkProperties with empty dns2!
07-12 23:52:53.397  7280  7281 D dalvikvm: GC_CONCURRENT freed 507K, 7% free 10250K/11015K, paused 2ms+2ms
07-12 23:52:53.522  3358  3360 D dalvikvm: GC_CONCURRENT freed 445K, 7% free 10220K/10951K, paused 2ms+3ms
07-12 23:53:25.585   344   344 D SAN_SERVICE: *******************************************
07-12 23:53:25.585   344   344 D SAN_SERVICE: DM App Phone Service State - 0
07-12 23:53:25.585   344   344 D SAN_SERVICE: *******************************************
07-12 23:53:28.424  6106  6108 D dalvikvm: GC_CONCURRENT freed 823K, 15% free 11875K/13895K, paused 2ms+5ms
07-12 23:54:10.987  6547  6560 I PhoneLab-: Service Running
07-12 23:54:11.089  6547  6560 I PhoneLab-LoggerService: app_37    1373  1     1440   1000  c00f181c 400107b4 S logcat
07-12 23:54:11.089  6547  6560 I PhoneLab-LoggerService: Logcat pid from database 1373
07-12 23:54:11.089  6547  6560 I PhoneLab-LoggerService: Logcat process found 1373
07-12 23:54:11.089  6547  6560 I PhoneLab-LoggerService: Checking Threshold
07-12 23:54:16.464   344   344 D SAN_SERVICE: *******************************************
07-12 23:54:16.464   344   344 D SAN_SERVICE: DM App Phone Service State - 0
07-12 23:54:16.464   344   344 D SAN_SERVICE: *******************************************
07-12 23:54:17.003   344   344 D SAN_SERVICE: *******************************************
07-12 23:54:17.003   344   344 D SAN_SERVICE: DM App Phone Service State - 0
07-12 23:54:17.003   344   344 D SAN_SERVICE: *******************************************
07-12 23:54:53.432  7280  7281 D dalvikvm: GC_CONCURRENT freed 505K, 7% free 10256K/11015K, paused 1ms+2ms
07-12 23:54:53.549  3358  3360 D dalvikvm: GC_CONCURRENT freed 515K, 7% free 10215K/10951K, paused 2ms+3ms
07-12 23:55:02.510   344   344 D SAN_SERVICE: *******************************************
07-12 23:55:02.510   344   344 D SAN_SERVICE: DM App Phone Service State - 0
07-12 23:55:02.514   344   344 D SAN_SERVICE: *******************************************
07-12 23:55:02.799   344   344 D SAN_SERVICE: *******************************************
07-12 23:55:02.799   344   344 D SAN_SERVICE: DM App Phone Service State - 0
07-12 23:55:02.799   344   344 D SAN_SERVICE: *******************************************
07-12 23:55:03.546   344   344 D SAN_SERVICE: *******************************************
07-12 23:55:03.546   344   344 D SAN_SERVICE: DM App Phone Service State - 0
07-12 23:55:03.546   344   344 D SAN_SERVICE: *******************************************
07-12 23:55:12.760   344   344 D SAN_SERVICE: *******************************************
07-12 23:55:12.760   344   344 D SAN_SERVICE: DM App Phone Service State - 0
07-12 23:55:12.760   344   344 D SAN_SERVICE: *******************************************
07-12 23:55:18.229   144   198 D DhcpInfoInternal: makeLinkProperties with empty dns2!
07-12 23:55:18.241   144   198 D DhcpInfoInternal: makeLinkProperties with empty dns2!
07-12 23:55:38.393   344   344 D SAN_SERVICE: *******************************************
07-12 23:55:38.393   344   344 D SAN_SERVICE: DM App Phone Service State - 0
07-12 23:55:38.393   344   344 D SAN_SERVICE: *******************************************
07-12 23:55:38.663   344   344 D SAN_SERVICE: *******************************************
07-12 23:55:38.663   344   344 D SAN_SERVICE: DM App Phone Service State - 0
07-12 23:55:38.663   344   344 D SAN_SERVICE: *******************************************
07-12 23:55:53.569  3358  3360 D dalvikvm: GC_CONCURRENT freed 466K, 7% free 10209K/10951K, paused 3ms+3ms
07-12 23:55:55.405   344   344 D SAN_SERVICE: *******************************************
07-12 23:55:55.405   344   344 D SAN_SERVICE: DM App Phone Service State - 0
07-12 23:55:55.405   344   344 D SAN_SERVICE: *******************************************
07-12 23:55:56.003   344   344 D SAN_SERVICE: *******************************************
07-12 23:55:56.003   344   344 D SAN_SERVICE: DM App Phone Service State - 0
07-12 23:55:56.003   344   344 D SAN_SERVICE: *******************************************
07-12 23:56:03.995   344   344 D SAN_SERVICE: *******************************************
07-12 23:56:03.995   344   344 D SAN_SERVICE: DM App Phone Service State - 0
07-12 23:56:03.995   344   344 D SAN_SERVICE: *******************************************
07-12 23:56:10.987  6547  6560 I PhoneLab-: Service Running
07-12 23:56:11.077  6547  6560 I PhoneLab-LoggerService: app_37    1373  1     1440   1000  c00f181c 400107b4 S logcat
07-12 23:56:11.077  6547  6560 I PhoneLab-LoggerService: Logcat pid from database 1373
07-12 23:56:11.077  6547  6560 I PhoneLab-LoggerService: Logcat process found 1373
07-12 23:56:11.077  6547  6560 I PhoneLab-LoggerService: Checking Threshold
07-12 23:56:53.546  7280  7281 D dalvikvm: GC_CONCURRENT freed 498K, 7% free 10270K/11015K, paused 2ms+2ms
07-12 23:57:42.909   144   198 D DhcpInfoInternal: makeLinkProperties with empty dns2!
07-12 23:57:42.909   144   198 D DhcpInfoInternal: makeLinkProperties with empty dns2!
07-12 23:57:53.655   144  7984 D dalvikvm: GC_EXPLICIT freed 1088K, 26% free 17699K/23623K, paused 3ms+9ms
07-12 23:57:53.760  3358  3360 D dalvikvm: GC_CONCURRENT freed 475K, 7% free 10240K/10951K, paused 2ms+3ms
07-12 23:58:10.987  6547  6560 I PhoneLab-: Service Running
07-12 23:58:11.089  6547  6560 I PhoneLab-LoggerService: app_37    1373  1     1440   1000  c00f181c 400107b4 S logcat
07-12 23:58:11.089  6547  6560 I PhoneLab-LoggerService: Logcat pid from database 1373
07-12 23:58:11.089  6547  6560 I PhoneLab-LoggerService: Logcat process found 1373
07-12 23:58:11.089  6547  6560 I PhoneLab-LoggerService: Checking Threshold
07-12 23:58:31.979  6106  6108 D dalvikvm: GC_CONCURRENT freed 830K, 15% free 11896K/13895K, paused 20ms+3ms
07-12 23:58:53.714  7280  7281 D dalvikvm: GC_CONCURRENT freed 442K, 6% free 10373K/11015K, paused 1ms+3ms
07-12 23:58:53.839  3358  3360 D dalvikvm: GC_CONCURRENT freed 461K, 7% free 10202K/10951K, paused 2ms+2ms
07-12 23:59:18.628   344   344 D SAN_SERVICE: *******************************************
07-12 23:59:18.628   344   344 D SAN_SERVICE: DM App Phone Service State - 0
07-12 23:59:18.628   344   344 D SAN_SERVICE: *******************************************
07-12 23:59:18.846   344   344 D SAN_SERVICE: *******************************************
07-12 23:59:18.846   344   344 D SAN_SERVICE: DM App Phone Service State - 0
07-12 23:59:18.846   344   344 D SAN_SERVICE: *******************************************
07-12 23:59:28.780   344   344 D SAN_SERVICE: *******************************************
07-12 23:59:28.780   344   344 D SAN_SERVICE: DM App Phone Service State - 0
07-12 23:59:28.784   344   344 D SAN_SERVICE: *******************************************
07-12 23:59:39.026   344   344 D SAN_SERVICE: *******************************************
07-12 23:59:39.026   344   344 D SAN_SERVICE: DM App Phone Service State - 0
07-12 23:59:39.026   344   344 D SAN_SERVICE: *******************************************
07-12 23:59:39.327   344   344 D SAN_SERVICE: *******************************************
07-12 23:59:39.327   344   344 D SAN_SERVICE: DM App Phone Service State - 0
07-12 23:59:39.327   344   344 D SAN_SERVICE: *******************************************
07-12 23:59:40.069   344   344 D SAN_SERVICE: *******************************************
07-12 23:59:40.069   344   344 D SAN_SERVICE: DM App Phone Service State - 0
07-12 23:59:40.069   344   344 D SAN_SERVICE: *******************************************
07-12 23:59:57.085 30387   466 I EventLogService: Aggregate from 1342150196940 (log), 1342150196940 (data)
07-13 00:00:00.085   144  9084 I ActivityManager: Start proc com.android.calendar for broadcast com.android.calendar/.widget.CalendarAppWidgetService$CalendarFactory: pid=7442 uid=10005 gids={3003}
07-13 00:00:00.128    79    79 D dalvikvm: GC_EXPLICIT freed 38K, 4% free 9031K/9347K, paused 3ms+2ms
07-13 00:00:00.174    79    79 D dalvikvm: GC_EXPLICIT freed <1K, 4% free 9031K/9347K, paused 3ms+3ms
07-13 00:00:00.217    79    79 D dalvikvm: GC_EXPLICIT freed <1K, 4% free 9031K/9347K, paused 1ms+2ms
07-13 00:00:00.296  7442  7442 I ActivityThread: Pub com.android.calendar.CalendarRecentSuggestionsProvider: com.android.calendar.CalendarRecentSuggestionsProvider
07-13 00:00:00.315  7170  7441 D dalvikvm: GC_FOR_ALLOC freed 451K, 7% free 10027K/10759K, paused 35ms
07-13 00:00:00.319  7170  7441 I dalvikvm-heap: Grow heap (frag case) to 9.985MB for 131088-byte allocation
07-13 00:00:00.409   144   156 I ActivityManager: Start proc com.android.providers.calendar for content provider com.android.providers.calendar/.CalendarProvider2: pid=7458 uid=10006 gids={3003, 1015}
07-13 00:00:00.475  7458  7458 I ActivityThread: Pub com.android.calendar: com.android.providers.calendar.CalendarProvider2
07-13 00:00:00.475  7170  7441 D dalvikvm: GC_FOR_ALLOC freed 138K, 9% free 10016K/10951K, paused 32ms
07-13 00:00:00.639  7170  7441 D dalvikvm: GC_FOR_ALLOC freed 257K, 9% free 10016K/10951K, paused 18ms
07-13 00:00:01.616  7458  7458 I CalendarProvider2: Sending notification intent: Intent { act=android.intent.action.PROVIDER_CHANGED dat=content://com.android.calendar }
07-13 00:00:01.616  7458  7458 W ContentResolver: Failed to get type for: content://com.android.calendar (Unknown URL content://com.android.calendar)
07-13 00:00:07.897   144   198 D DhcpInfoInternal: makeLinkProperties with empty dns2!
07-13 00:00:07.905   144   198 D DhcpInfoInternal: makeLinkProperties with empty dns2!
07-13 00:00:10.987  6547  6560 I PhoneLab-: Service Running
07-13 00:00:11.061  6547  6560 I PhoneLab-LoggerService: app_37    1373  1     1440   1000  c00f181c 400107b4 S logcat
07-13 00:00:11.065  6547  6560 I PhoneLab-LoggerService: Logcat pid from database 1373
07-13 00:00:11.065  6547  6560 I PhoneLab-LoggerService: Logcat process found 1373
07-13 00:00:11.065  6547  6560 I PhoneLab-LoggerService: Checking Threshold
07-13 00:00:20.038   344   344 D SAN_SERVICE: *******************************************
07-13 00:00:20.038   344   344 D SAN_SERVICE: DM App Phone Service State - 0
07-13 00:00:20.038   344   344 D SAN_SERVICE: *******************************************
07-13 00:00:20.272   344   344 D SAN_SERVICE: *******************************************
07-13 00:00:20.272   344   344 D SAN_SERVICE: DM App Phone Service State - 0
07-13 00:00:20.272   344   344 D SAN_SERVICE: *******************************************
07-13 00:00:30.233   344   344 D SAN_SERVICE: *******************************************
07-13 00:00:30.233   344   344 D SAN_SERVICE: DM App Phone Service State - 0
07-13 00:00:30.233   344   344 D SAN_SERVICE: *******************************************
07-13 00:00:40.506   344   344 D SAN_SERVICE: *******************************************
07-13 00:00:40.506   344   344 D SAN_SERVICE: DM App Phone Service State - 0
07-13 00:00:40.506   344   344 D SAN_SERVICE: *******************************************
07-13 00:00:52.483  7280  7281 D dalvikvm: GC_CONCURRENT freed 503K, 7% free 10255K/11015K, paused 2ms+2ms
07-13 00:00:53.862  3358  3360 D dalvikvm: GC_CONCURRENT freed 481K, 7% free 10228K/10951K, paused 2ms+3ms
07-13 00:00:55.827   344   344 D SAN_SERVICE: *******************************************
07-13 00:00:55.827   344   344 D SAN_SERVICE: DM App Phone Service State - 0
07-13 00:00:55.827   344   344 D SAN_SERVICE: *******************************************
07-13 00:00:56.604   344   344 D SAN_SERVICE: *******************************************
07-13 00:00:56.604   344   344 D SAN_SERVICE: DM App Phone Service State - 0
07-13 00:00:56.604   344   344 D SAN_SERVICE: *******************************************
07-13 00:00:56.671   344   347 D dalvikvm: GC_CONCURRENT freed 935K, 14% free 12217K/14087K, paused 14ms+4ms
07-13 00:01:06.096   344   344 D SAN_SERVICE: *******************************************
07-13 00:01:06.096   344   344 D SAN_SERVICE: DM App Phone Service State - 0
07-13 00:01:06.096   344   344 D SAN_SERVICE: *******************************************
07-13 00:01:16.327   344   344 D SAN_SERVICE: *******************************************
07-13 00:01:16.327   344   344 D SAN_SERVICE: DM App Phone Service State - 0
07-13 00:01:16.327   344   344 D SAN_SERVICE: *******************************************
07-13 00:01:44.022 30387 30389 D dalvikvm: GC_CONCURRENT freed 422K, 6% free 10331K/10887K, paused 9ms+10ms
07-13 00:01:44.671   214   216 D dalvikvm: GC_CONCURRENT freed 269K, 56% free 9840K/22023K, paused 4ms+3ms
07-13 00:01:44.784   214   216 D dalvikvm: GC_CONCURRENT freed 361K, 56% free 9902K/22023K, paused 2ms+5ms
07-13 00:01:49.589   214   216 D dalvikvm: GC_CONCURRENT freed 249K, 55% free 10059K/22023K, paused 2ms+3ms
07-13 00:01:52.710  7280  7281 D dalvikvm: GC_CONCURRENT freed 358K, 7% free 10323K/11015K, paused 2ms+2ms
07-13 00:01:53.874  7280  7281 D dalvikvm: GC_CONCURRENT freed 457K, 6% free 10378K/11015K, paused 7ms+4ms
07-13 00:01:54.030  3358  3360 D dalvikvm: GC_CONCURRENT freed 443K, 7% free 10204K/10951K, paused 2ms+2ms
07-13 00:02:10.987  6547  6560 I PhoneLab-: Service Running
07-13 00:02:11.096  6547  6560 I PhoneLab-LoggerService: app_37    1373  1     1440   1000  c00f181c 400107b4 S logcat
07-13 00:02:11.096  6547  6560 I PhoneLab-LoggerService: Logcat pid from database 1373
07-13 00:02:11.096  6547  6560 I PhoneLab-LoggerService: Logcat process found 1373
07-13 00:02:11.096  6547  6560 I PhoneLab-LoggerService: Checking Threshold
07-13 00:02:22.936   344   344 D SAN_SERVICE: *******************************************
07-13 00:02:22.936   344   344 D SAN_SERVICE: DM App Phone Service State - 0
07-13 00:02:22.936   344   344 D SAN_SERVICE: *******************************************
07-13 00:02:23.663   344   344 D SAN_SERVICE: *******************************************
07-13 00:02:23.663   344   344 D SAN_SERVICE: DM App Phone Service State - 0
07-13 00:02:23.663   344   344 D SAN_SERVICE: *******************************************
07-13 00:02:32.776   144   198 D DhcpInfoInternal: makeLinkProperties with empty dns2!
07-13 00:02:32.784   144   198 D DhcpInfoInternal: makeLinkProperties with empty dns2!
07-13 00:02:39.725 30387 30389 D dalvikvm: GC_CONCURRENT freed 406K, 6% free 10354K/10951K, paused 21ms+8ms
07-13 00:02:43.374   344   344 D SAN_SERVICE: *******************************************
07-13 00:02:43.374   344   344 D SAN_SERVICE: DM App Phone Service State - 0
07-13 00:02:43.374   344   344 D SAN_SERVICE: *******************************************
07-13 00:02:43.600   344   344 D SAN_SERVICE: *******************************************
07-13 00:02:43.600   344   344 D SAN_SERVICE: DM App Phone Service State - 0
07-13 00:02:43.600   344   344 D SAN_SERVICE: *******************************************
07-13 00:02:43.866   344   344 D SAN_SERVICE: *******************************************
07-13 00:02:43.866   344   344 D SAN_SERVICE: DM App Phone Service State - 0
07-13 00:02:43.866   344   344 D SAN_SERVICE: *******************************************
07-13 00:02:53.589   344   344 D SAN_SERVICE: *******************************************
07-13 00:02:53.589   344   344 D SAN_SERVICE: DM App Phone Service State - 0
07-13 00:02:53.589   344   344 D SAN_SERVICE: *******************************************
07-13 00:02:53.987  7280  7281 D dalvikvm: GC_CONCURRENT freed 368K, 6% free 10394K/11015K, paused 2ms+6ms
07-13 00:03:33.608   144   156 D dalvikvm: GC_EXPLICIT freed 1231K, 25% free 17749K/23623K, paused 3ms+9ms
07-13 00:03:35.397  6106  6108 D dalvikvm: GC_CONCURRENT freed 794K, 15% free 11944K/13895K, paused 2ms+3ms
07-13 00:03:47.483   144   168 I ActivityManager: Start proc com.google.android.apps.currents for service com.google.android.apps.currents/com.google.apps.dots.android.app.service.SyncService: pid=7525 uid=10078 gids={3003, 1015}
07-13 00:03:47.932  7525  7525 I ActivityThread: Pub com.google.apps.dots.android.app.provider.SuggestionProvider: com.google.apps.dots.android.app.provider.SuggestionProvider
07-13 00:03:47.936  7525  7525 I ActivityThread: Pub com.google.android.apps.currents.exported: com.google.apps.dots.android.app.provider.ExportedContentProvider
07-13 00:03:48.014  7525  7527 D dalvikvm: GC_CONCURRENT freed 160K, 3% free 9376K/9607K, paused 9ms+2ms
07-13 00:03:48.081  7525  7527 D dalvikvm: GC_CONCURRENT freed 322K, 5% free 9522K/9991K, paused 2ms+2ms
07-13 00:03:48.214  7525  7527 D dalvikvm: GC_CONCURRENT freed 166K, 3% free 9831K/10119K, paused 1ms+2ms
07-13 00:03:48.342  7525  7527 D dalvikvm: GC_CONCURRENT freed 237K, 4% free 10083K/10439K, paused 2ms+2ms
07-13 00:03:48.389  7525  7525 I DotsContentUris: content://com.google.android.apps.currents
07-13 00:03:48.417  7525  7525 I ActivityThread: Pub com.google.android.apps.currents: com.google.apps.dots.android.app.provider.DotsContentProvider
07-13 00:03:48.436  7525  7525 I DotsApplication: Starting up...
07-13 00:03:48.792  7525  7527 D dalvikvm: GC_CONCURRENT freed 417K, 6% free 10158K/10695K, paused 8ms+5ms
07-13 00:03:49.139  7525  7527 D dalvikvm: GC_CONCURRENT freed 309K, 4% free 10339K/10759K, paused 2ms+3ms
07-13 00:03:49.159  7525  7545 I SyncService: Starting sync (00:03:49)
07-13 00:03:51.960  7525  7527 D dalvikvm: GC_CONCURRENT freed 287K, 4% free 10472K/10887K, paused 2ms+4ms
07-13 00:03:52.401  7525  7527 D dalvikvm: GC_CONCURRENT freed 216K, 4% free 10666K/11015K, paused 2ms+3ms
07-13 00:03:52.514  7525  7527 D dalvikvm: GC_CONCURRENT freed 435K, 6% free 10709K/11335K, paused 3ms+3ms
07-13 00:03:52.733  7525  7527 D dalvikvm: GC_CONCURRENT freed 511K, 6% free 10690K/11335K, paused 2ms+2ms
07-13 00:03:54.284  3358  3360 D dalvikvm: GC_CONCURRENT freed 504K, 7% free 10211K/10951K, paused 1ms+3ms
07-13 00:03:54.335   144   144 D SyncManager: setSyncAutomatically: , provider com.google.android.apps.currents -> true
07-13 00:03:54.335   144   144 D SyncManager: setSyncAutomatically: already set to true, doing nothing
07-13 00:03:54.553  7525  7527 D dalvikvm: GC_CONCURRENT freed 397K, 6% free 10725K/11335K, paused 2ms+3ms
07-13 00:03:54.690  7525  7548 D dalvikvm: GC_FOR_ALLOC freed 176K, 4% free 10967K/11399K, paused 28ms
07-13 00:03:54.862  7525  7527 D dalvikvm: GC_CONCURRENT freed 267K, 4% free 11256K/11655K, paused 2ms+3ms
07-13 00:03:55.112  7525  7527 D dalvikvm: GC_CONCURRENT freed 416K, 5% free 11489K/12039K, paused 2ms+3ms
07-13 00:03:55.350   144   403 D dalvikvm: GC_EXPLICIT freed 439K, 26% free 17665K/23623K, paused 4ms+8ms
07-13 00:03:55.471  7525  7527 D dalvikvm: GC_CONCURRENT freed 1034K, 10% free 11191K/12359K, paused 2ms+4ms
07-13 00:03:56.233  7525  7527 D dalvikvm: GC_CONCURRENT freed 548K, 10% free 11240K/12359K, paused 3ms+3ms
07-13 00:03:57.717  7525  7527 D dalvikvm: GC_CONCURRENT freed 616K, 10% free 11245K/12359K, paused 2ms+3ms
07-13 00:03:58.202  7525  7527 D dalvikvm: GC_CONCURRENT freed 594K, 9% free 11265K/12359K, paused 2ms+8ms
07-13 00:03:58.405  7525  7527 D dalvikvm: GC_CONCURRENT freed 606K, 9% free 11281K/12359K, paused 3ms+3ms
07-13 00:03:59.124  7525  7527 D dalvikvm: GC_CONCURRENT freed 630K, 9% free 11280K/12359K, paused 2ms+3ms
07-13 00:03:59.682  7525  7527 D dalvikvm: GC_CONCURRENT freed 614K, 9% free 11301K/12359K, paused 2ms+3ms
07-13 00:04:00.362  7525  7527 D dalvikvm: GC_CONCURRENT freed 648K, 9% free 11292K/12359K, paused 2ms+2ms
07-13 00:04:00.506   144   326 I ActivityManager: Process com.android.sprintmenu (pid 6513) has died.
07-13 00:04:00.542   144   326 W ActivityManager: Scheduling restart of crashed service com.android.sprintmenu/.HiddenPhoneService in 5000ms
07-13 00:04:00.905  6268  7553 I SqliteDatabaseCpp: sqlite returned: error code = 1, msg = no such column: wipeout_stats, db=/data/data/com.google.android.apps.plus/databases/es0.db
07-13 00:04:00.917  6268  7553 W System.err: android.database.sqlite.SQLiteException: no such column: wipeout_stats: , while compiling: SELECT wipeout_stats  FROM account_status
07-13 00:04:01.225  6268  7553 W System.err: 	at android.database.sqlite.SQLiteCompiledSql.native_compile(Native Method)
07-13 00:04:01.225  6268  7553 W System.err: 	at android.database.sqlite.SQLiteCompiledSql.<init>(SQLiteCompiledSql.java:68)
07-13 00:04:01.225  6268  7553 W System.err: 	at android.database.sqlite.SQLiteProgram.compileSql(SQLiteProgram.java:143)
07-13 00:04:01.225  6268  7553 W System.err: 	at android.database.sqlite.SQLiteProgram.compileAndbindAllArgs(SQLiteProgram.java:361)
07-13 00:04:01.225  6268  7553 W System.err: 	at android.database.sqlite.SQLiteStatement.acquireAndLock(SQLiteStatement.java:260)
07-13 00:04:01.225  6268  7553 W System.err: 	at android.database.sqlite.SQLiteStatement.simpleQueryForLong(SQLiteStatement.java:137)
07-13 00:04:01.225  6268  7553 W System.err: 	at android.database.DatabaseUtils.longForQuery(DatabaseUtils.java:791)
07-13 00:04:01.225  6268  7553 W System.err: 	at android.database.DatabaseUtils.longForQuery(DatabaseUtils.java:779)
07-13 00:04:01.225  6268  7553 W System.err: 	at com.google.android.apps.plus.content.EsAccountsData.isContactsStatsWipeoutNeeded(EsAccountsData.java:641)
07-13 00:04:01.229  6268  7553 W System.err: 	at com.google.android.apps.plus.service.EsService.processIntent(EsService.java:4246)
07-13 00:04:01.229  6268  7553 W System.err: 	at com.google.android.apps.plus.service.ServiceThread$1.run(ServiceThread.java:50)
07-13 00:04:01.229  6268  7553 W System.err: 	at android.os.Handler.handleCallback(Handler.java:605)
07-13 00:04:01.229  6268  7553 W System.err: 	at android.os.Handler.dispatchMessage(Handler.java:92)
07-13 00:04:01.229  6268  7553 W System.err: 	at android.os.Looper.loop(Looper.java:137)
07-13 00:04:01.229  6268  7553 W System.err: 	at com.google.android.apps.plus.service.ServiceThread.run(ServiceThread.java:122)
07-13 00:04:01.815 30387 30389 D dalvikvm: GC_CONCURRENT freed 400K, 6% free 10338K/10951K, paused 11ms+13ms
07-13 00:04:01.924  7525  7548 D dalvikvm: GC_FOR_ALLOC freed 421K, 9% free 11327K/12359K, paused 34ms
07-13 00:04:01.928  7525  7548 I dalvikvm-heap: Grow heap (frag case) to 11.192MB for 65082-byte allocation
07-13 00:04:01.956  7525  7548 D dalvikvm: GC_FOR_ALLOC freed 36K, 9% free 11353K/12423K, paused 27ms
07-13 00:04:01.979  7525  7548 D dalvikvm: GC_FOR_ALLOC freed 67K, 9% free 11328K/12423K, paused 25ms
07-13 00:04:02.202  7525  7527 D dalvikvm: GC_CONCURRENT freed 659K, 9% free 11313K/12423K, paused 4ms+6ms
07-13 00:04:03.030  7525  7527 D dalvikvm: GC_CONCURRENT freed 649K, 10% free 11301K/12423K, paused 2ms+3ms
07-13 00:04:03.190  7525  7527 D dalvikvm: GC_CONCURRENT freed 617K, 9% free 11324K/12423K, paused 2ms+3ms
07-13 00:04:03.866  7525  7527 D dalvikvm: GC_CONCURRENT freed 631K, 9% free 11332K/12423K, paused 2ms+2ms
07-13 00:04:04.143  7525  7527 D dalvikvm: GC_CONCURRENT freed 617K, 9% free 11357K/12423K, paused 4ms+3ms
07-13 00:04:04.710  7525  7527 D dalvikvm: GC_CONCURRENT freed 671K, 9% free 11346K/12423K, paused 3ms+2ms
07-13 00:04:05.612   144   161 I ActivityManager: Start proc com.android.sprintmenu for service com.android.sprintmenu/.HiddenPhoneService: pid=7554 uid=1001 gids={3002, 3001, 3003, 1015}
07-13 00:04:06.792   144   155 I ActivityManager: Process com.google.android.maps.mytracks (pid 6530) has died.
07-13 00:04:06.975   344   344 D SAN_SERVICE: *******************************************
07-13 00:04:06.975   344   344 D SAN_SERVICE: DM App Phone Service State - 0
07-13 00:04:06.975   344   344 D SAN_SERVICE: *******************************************
07-13 00:04:07.014   344   344 D SAN_SERVICE: *******************************************
07-13 00:04:07.014   344   344 D SAN_SERVICE: DM App Phone Service State - 0
07-13 00:04:07.014   344   344 D SAN_SERVICE: *******************************************
07-13 00:04:08.237  7525  7527 D dalvikvm: GC_CONCURRENT freed 657K, 9% free 11339K/12423K, paused 3ms+3ms
07-13 00:04:09.233  7525  7527 D dalvikvm: GC_CONCURRENT freed 625K, 9% free 11362K/12423K, paused 2ms+3ms
07-13 00:04:09.378  7525  7527 D dalvikvm: GC_CONCURRENT freed 618K, 9% free 11396K/12423K, paused 2ms+3ms
07-13 00:04:09.538  7525  7527 D dalvikvm: GC_CONCURRENT freed 627K, 8% free 11431K/12423K, paused 3ms+2ms
07-13 00:04:09.995  7525  7527 D dalvikvm: GC_CONCURRENT freed 544K, 7% free 11563K/12423K, paused 2ms+3ms
07-13 00:04:11.003  6547  6560 I PhoneLab-: Service Running
07-13 00:04:11.073  6547  6549 D dalvikvm: GC_CONCURRENT freed 413K, 15% free 9136K/10631K, paused 2ms+4ms
07-13 00:04:11.100  6547  6560 I PhoneLab-LoggerService: app_37    1373  1     1440   1000  c00f181c 400107b4 S logcat
07-13 00:04:11.100  6547  6560 I PhoneLab-LoggerService: Logcat pid from database 1373
07-13 00:04:11.100  6547  6560 I PhoneLab-LoggerService: Logcat process found 1373
07-13 00:04:11.104  6547  6560 I PhoneLab-LoggerService: Checking Threshold
07-13 00:04:11.370   144 30930 D dalvikvm: GC_EXPLICIT freed 1127K, 26% free 17640K/23623K, paused 13ms+9ms
07-13 00:04:11.495  7525  7527 D dalvikvm: GC_CONCURRENT freed 902K, 9% free 11387K/12423K, paused 2ms+3ms
07-13 00:04:11.635  7525  7527 D dalvikvm: GC_CONCURRENT freed 628K, 9% free 11424K/12423K, paused 2ms+3ms
07-13 00:04:11.784  7525  7527 D dalvikvm: GC_CONCURRENT freed 646K, 8% free 11453K/12423K, paused 2ms+2ms
07-13 00:04:12.331  7525  7548 D dalvikvm: GC_EXPLICIT freed 166K, 8% free 11453K/12423K, paused 12ms+3ms
07-13 00:04:13.999  7525  7527 D dalvikvm: GC_CONCURRENT freed 757K, 9% free 11379K/12423K, paused 23ms+3ms
07-13 00:04:14.292  7525  7548 D dalvikvm: GC_FOR_ALLOC freed 317K, 9% free 11428K/12423K, paused 26ms
07-13 00:04:14.292  7525  7548 I dalvikvm-heap: Grow heap (frag case) to 11.278MB for 51303-byte allocation
07-13 00:04:14.323  7525  7548 D dalvikvm: GC_FOR_ALLOC freed 56K, 9% free 11421K/12487K, paused 30ms
07-13 00:04:14.510  7525  7548 D dalvikvm: GC_FOR_ALLOC freed 152K, 9% free 11374K/12487K, paused 25ms
07-13 00:04:14.932  7525  7527 D dalvikvm: GC_CONCURRENT freed 618K, 9% free 11413K/12487K, paused 2ms+3ms
07-13 00:04:15.381  7525  7527 D dalvikvm: GC_CONCURRENT freed 652K, 9% free 11431K/12487K, paused 3ms+2ms
07-13 00:04:15.460   344   344 D SAN_SERVICE: *******************************************
07-13 00:04:15.460   344   344 D SAN_SERVICE: DM App Phone Service State - 0
07-13 00:04:15.460   344   344 D SAN_SERVICE: *******************************************
07-13 00:04:15.553  7525  7527 D dalvikvm: GC_CONCURRENT freed 651K, 9% free 11457K/12487K, paused 2ms+3ms
07-13 00:04:16.292   344   344 D SAN_SERVICE: *******************************************
07-13 00:04:16.292   344   344 D SAN_SERVICE: DM App Phone Service State - 0
07-13 00:04:16.292   344   344 D SAN_SERVICE: *******************************************
07-13 00:04:17.944  7525  7527 D dalvikvm: GC_CONCURRENT freed 703K, 9% free 11442K/12487K, paused 2ms+3ms
07-13 00:04:18.081  7525  7527 D dalvikvm: GC_CONCURRENT freed 619K, 8% free 11504K/12487K, paused 2ms+2ms
07-13 00:04:18.190   144   380 I ActivityManager: Process com.facebook.katana (pid 6564) has died.
07-13 00:04:18.190   144   380 W ActivityManager: Scheduling restart of crashed service com.facebook.katana/.service.MediaUploadService in 5000ms
07-13 00:04:18.296  7525  7527 D dalvikvm: GC_CONCURRENT freed 676K, 8% free 11532K/12487K, paused 2ms+3ms
07-13 00:04:19.155  7525  7527 D dalvikvm: GC_CONCURRENT freed 809K, 9% free 11432K/12487K, paused 2ms+3ms
07-13 00:04:19.440  7525  7527 D dalvikvm: GC_CONCURRENT freed 713K, 9% free 11396K/12487K, paused 2ms+5ms
07-13 00:04:19.663  7525  7527 D dalvikvm: GC_CONCURRENT freed 600K, 9% free 11474K/12487K, paused 2ms+3ms
07-13 00:04:19.799  7525  7527 D dalvikvm: GC_CONCURRENT freed 510K, 7% free 11656K/12487K, paused 2ms+2ms
07-13 00:04:19.948  7525  7527 D dalvikvm: GC_CONCURRENT freed 513K, 6% free 11907K/12551K, paused 2ms+3ms
07-13 00:04:20.163  7525  7527 D dalvikvm: GC_CONCURRENT freed 1185K, 11% free 11615K/12935K, paused 3ms+4ms
07-13 00:04:20.319  7525  7527 D dalvikvm: GC_CONCURRENT freed 1015K, 13% free 11341K/12935K, paused 3ms+3ms
07-13 00:04:21.159  7525  7545 I SyncService: sync service finished (00:04:21)
07-13 00:04:23.237   144   161 I ActivityManager: Start proc com.facebook.katana for service com.facebook.katana/.service.MediaUploadService: pid=7571 uid=10071 gids={3003, 1006, 1015}
07-13 00:04:23.249  7571  7571 I dalvikvm: Turning on JNI app bug workarounds for target SDK version 10...
07-13 00:04:23.471  7571  7573 D dalvikvm: GC_CONCURRENT freed 154K, 3% free 9381K/9607K, paused 4ms+2ms
07-13 00:04:23.581  7571  7573 D dalvikvm: GC_CONCURRENT freed 122K, 3% free 9679K/9927K, paused 4ms+2ms
07-13 00:04:23.694  7571  7571 I ActivityThread: Pub com.facebook.katana.provider.LoggingProvider: com.facebook.katana.provider.LoggingProvider
07-13 00:04:23.753  7571  7571 I ActivityThread: Pub com.facebook.katana.provider.KeyValueProvider: com.facebook.katana.provider.KeyValueProvider
07-13 00:04:23.753  7571  7571 I ActivityThread: Pub com.facebook.katana.provider.CacheProvider: com.facebook.katana.provider.CacheProvider
07-13 00:04:23.756  7571  7571 I ActivityThread: Pub com.facebook.katana.provider.VaultImageProvider: com.facebook.katana.provider.VaultImageProvider
07-13 00:04:23.764  7571  7571 I ActivityThread: Pub com.facebook.katana.provider.MailboxProvider: com.facebook.katana.provider.MailboxProvider
07-13 00:04:23.780  7571  7571 I ActivityThread: Pub com.facebook.katana.provider.UserStatusesProvider: com.facebook.katana.provider.UserStatusesProvider
07-13 00:04:23.780  7571  7571 I ActivityThread: Pub com.facebook.katana.provider.EventsProvider: com.facebook.katana.provider.EventsProvider
07-13 00:04:23.784  7571  7571 I ActivityThread: Pub com.facebook.katana.provider.ObservedContactsProvider: com.facebook.katana.provider.ObservedContactsProvider
07-13 00:04:23.796  7571  7571 I ActivityThread: Pub com.facebook.katana.provider.NotificationsProvider: com.facebook.katana.provider.NotificationsProvider
07-13 00:04:23.803  7571  7571 I ActivityThread: Pub com.facebook.katana.provider.UserValuesProvider: com.facebook.katana.provider.UserValuesProvider
07-13 00:04:23.807  7571  7571 I ActivityThread: Pub com.facebook.katana.provider.PagesProvider: com.facebook.katana.provider.PagesProvider
07-13 00:04:23.811  7571  7571 I ActivityThread: Pub com.facebook.katana.provider.MobileEventLogProvider: com.facebook.katana.provider.MobileEventLogProvider
07-13 00:04:23.815  7571  7571 I ActivityThread: Pub com.facebook.katana.provider.PushNotificationsProvider: com.facebook.katana.provider.PushNotificationsProvider
07-13 00:04:23.819  7571  7571 I ActivityThread: Pub com.facebook.katana.provider.PhotosProvider: com.facebook.katana.provider.PhotosProvider
07-13 00:04:23.827  7571  7571 I ActivityThread: Pub com.facebook.katana.provider.ConnectionsProvider: com.facebook.katana.provider.ConnectionsProvider
07-13 00:04:23.874  7571  7571 I ActivityThread: Pub com.facebook.orca.notify.FbandroidMessagesForegroundProvider: com.facebook.orca.notify.FbandroidMessagesForegroundProvider
07-13 00:04:23.991  7571  7571 D ACRA    : Retrieve application default SharedPreferences.
07-13 00:04:24.049  7571  7571 D ACRA    : Set OnSharedPreferenceChangeListener.
07-13 00:04:24.069  7571  7571 D ACRA    : ACRA is enabled for com.facebook.katana, intializing...
07-13 00:04:24.190  7571  7571 D ACRA    : Looking for error files in /data/data/com.facebook.katana/app_acra-reports
07-13 00:04:24.339  7571  7571 W nalizableReferenceQueue: Could not load Finalizer in its own class loader.Loading Finalizer in the current class loader instead. As a result, you will not be ableto garbage collect this class loader. To support reclaiming this class loader, eitherresolve the underlying issue, or move Google Collections to your system class path.
07-13 00:04:24.339  7571  7571 W nalizableReferenceQueue: java.io.FileNotFoundException: com/google/common/base/internal/Finalizer.class
07-13 00:04:24.339  7571  7571 W nalizableReferenceQueue: 	at com.google.common.base.FinalizableReferenceQueue$DecoupledLoader.getBaseUrl(FinalizableReferenceQueue.java:243)
07-13 00:04:24.339  7571  7571 W nalizableReferenceQueue: 	at com.google.common.base.FinalizableReferenceQueue$DecoupledLoader.loadFinalizer(FinalizableReferenceQueue.java:227)
07-13 00:04:24.339  7571  7571 W nalizableReferenceQueue: 	at com.google.common.base.FinalizableReferenceQueue.loadFinalizer(FinalizableReferenceQueue.java:155)
07-13 00:04:24.339  7571  7571 W nalizableReferenceQueue: 	at com.google.common.base.FinalizableReferenceQueue.<clinit>(FinalizableReferenceQueue.java:84)
07-13 00:04:24.339  7571  7571 W nalizableReferenceQueue: 	at com.google.common.collect.CustomConcurrentHashMap$QueueHolder.<clinit>(CustomConcurrentHashMap.java:650)
07-13 00:04:24.339  7571  7571 W nalizableReferenceQueue: 	at com.google.common.collect.CustomConcurrentHashMap$WeakEntry.<init>(CustomConcurrentHashMap.java:1342)
07-13 00:04:24.339  7571  7571 W nalizableReferenceQueue: 	at com.google.common.collect.CustomConcurrentHashMap$EntryFactory$9.newEntry(CustomConcurrentHashMap.java:453)
07-13 00:04:24.339  7571  7571 W nalizableReferenceQueue: 	at com.google.common.collect.CustomConcurrentHashMap.a(CustomConcurrentHashMap.java:1715)
07-13 00:04:24.339  7571  7571 W nalizableReferenceQueue: 	at com.google.common.collect.ComputingConcurrentHashMap$ComputingSegment.a(ComputingConcurrentHashMap.java:123)
07-13 00:04:24.339  7571  7571 W nalizableReferenceQueue: 	at com.google.common.collect.ComputingConcurrentHashMap.apply(ComputingConcurrentHashMap.java:71)
07-13 00:04:24.339  7571  7571 W nalizableReferenceQueue: 	at com.google.common.collect.MapMaker$ComputingMapAdapter.get(MapMaker.java:848)
07-13 00:04:24.339  7571  7571 W nalizableReferenceQueue: 	at com.google.inject.internal.Annotations$AnnotationChecker.a(Annotations.java:90)
07-13 00:04:24.339  7571  7571 W nalizableReferenceQueue: 	at com.google.inject.internal.Annotations.c(Annotations.java:108)
07-13 00:04:24.339  7571  7571 W nalizableReferenceQueue: 	at com.google.inject.Key.d(Key.java:369)
07-13 00:04:24.339  7571  7571 W nalizableReferenceQueue: 	at com.google.inject.Key.b(Key.java:356)
07-13 00:04:24.339  7571  7571 W nalizableReferenceQueue: 	at com.google.inject.Key.a(Key.java:267)
07-13 00:04:24.339  7571  7571 W nalizableReferenceQueue: 	at com.facebook.orca.inject.binder.AnnotatedBindingBuilderImpl.a(AnnotatedBindingBuilderImpl.java:22)
07-13 00:04:24.339  7571  7571 W nalizableReferenceQueue: 	at com.facebook.orca.app.FbBaseModule.a(FbBaseModule.java:75)
07-13 00:04:24.339  7571  7571 W nalizableReferenceQueue: 	at com.facebook.orca.inject.AbstractModule.a(AbstractModule.java:19)
07-13 00:04:24.339  7571  7571 W nalizableReferenceQueue: 	at com.facebook.orca.inject.FbInjectorImpl.a(FbInjectorImpl.java:63)
07-13 00:04:24.339  7571  7571 W nalizableReferenceQueue: 	at com.facebook.orca.inject.FbInjectorImpl.<init>(FbInjectorImpl.java:41)
07-13 00:04:24.339  7571  7571 W nalizableReferenceQueue: 	at com.facebook.orca.inject.FbInjector.a(FbInjector.java:40)
07-13 00:04:24.339  7571  7571 W nalizableReferenceQueue: 	at com.facebook.katana.FacebookApplication.onCreate(FacebookApplication.java:102)
07-13 00:04:24.339  7571  7571 W nalizableReferenceQueue: 	at android.app.Instrumentation.callApplicationOnCreate(Instrumentation.java:969)
07-13 00:04:24.339  7571  7571 W nalizableReferenceQueue: 	at android.app.ActivityThread.handleBindApplication(ActivityThread.java:3954)
07-13 00:04:24.339  7571  7571 W nalizableReferenceQueue: 	at android.app.ActivityThread.access$1300(ActivityThread.java:123)
07-13 00:04:24.339  7571  7571 W nalizableReferenceQueue: 	at android.app.ActivityThread$H.handleMessage(ActivityThread.java:1185)
07-13 00:04:24.339  7571  7571 W nalizableReferenceQueue: 	at android.os.Handler.dispatchMessage(Handler.java:99)
07-13 00:04:24.339  7571  7571 W nalizableReferenceQueue: 	at android.os.Looper.loop(Looper.java:137)
07-13 00:04:24.339  7571  7571 W nalizableReferenceQueue: 	at android.app.ActivityThread.main(ActivityThread.java:4424)
07-13 00:04:24.339  7571  7571 W nalizableReferenceQueue: 	at java.lang.reflect.Method.invokeNative(Native Method)
07-13 00:04:24.339  7571  7571 W nalizableReferenceQueue: 	at java.lang.reflect.Method.invoke(Method.java:511)
07-13 00:04:24.339  7571  7571 W nalizableReferenceQueue: 	at com.android.internal.os.ZygoteInit$MethodAndArgsCaller.run(ZygoteInit.java:784)
07-13 00:04:24.339  7571  7571 W nalizableReferenceQueue: 	at com.android.internal.os.ZygoteInit.main(ZygoteInit.java:551)
07-13 00:04:24.339  7571  7571 W nalizableReferenceQueue: 	at dalvik.system.NativeStart.main(Native Method)
07-13 00:04:24.339  7571  7571 I Finalizer: Couldn't access Thread.inheritableThreadLocals. Reference finalizer threads will inherit thread local values.
07-13 00:04:24.389  7571  7573 D dalvikvm: GC_CONCURRENT freed 349K, 5% free 9871K/10311K, paused 6ms+2ms
07-13 00:04:24.565  7571  7573 D dalvikvm: GC_CONCURRENT freed 398K, 5% free 10011K/10503K, paused 2ms+3ms
07-13 00:04:24.776  7571  7573 D dalvikvm: GC_CONCURRENT freed 346K, 5% free 10096K/10567K, paused 5ms+5ms
07-13 00:04:25.022  7571  7573 D dalvikvm: GC_CONCURRENT freed 315K, 4% free 10274K/10695K, paused 2ms+4ms
07-13 00:04:25.928  7571  7588 W Resources: Converting to string: TypedValue{t=0x10/d=0xffffffff a=-1}
07-13 00:04:36.268  7571  7573 D dalvikvm: GC_CONCURRENT freed 352K, 4% free 10400K/10823K, paused 4ms+3ms
07-13 00:04:36.690  7571  7573 D dalvikvm: GC_CONCURRENT freed 398K, 5% free 10538K/11015K, paused 2ms+7ms
07-13 00:04:36.991   144  9303 D dalvikvm: GC_EXPLICIT freed 428K, 26% free 17641K/23623K, paused 3ms+9ms
07-13 00:04:37.460  7571  7573 D dalvikvm: GC_CONCURRENT freed 367K, 5% free 10585K/11079K, paused 4ms+5ms
07-13 00:04:37.671  7571  7573 D dalvikvm: GC_CONCURRENT freed 299K, 4% free 10713K/11143K, paused 6ms+4ms
07-13 00:04:38.085  7571  7573 D dalvikvm: GC_CONCURRENT freed 400K, 5% free 10821K/11335K, paused 2ms+4ms
07-13 00:04:38.432  7571  7573 D dalvikvm: GC_CONCURRENT freed 440K, 5% free 10916K/11463K, paused 3ms+3ms
07-13 00:04:39.131  7571  7573 D dalvikvm: GC_CONCURRENT freed 527K, 6% free 10980K/11591K, paused 2ms+4ms
07-13 00:04:54.026  7280  7281 D dalvikvm: GC_CONCURRENT freed 502K, 6% free 10404K/11015K, paused 1ms+2ms
07-13 00:04:54.206  3358  3360 D dalvikvm: GC_CONCURRENT freed 417K, 7% free 10198K/10951K, paused 8ms+2ms
07-13 00:04:57.479   144   380 I ActivityManager: Process com.google.android.youtube (pid 6706) has died.
07-13 00:04:57.663   144   198 D DhcpInfoInternal: makeLinkProperties with empty dns2!
07-13 00:04:57.663   144   198 D DhcpInfoInternal: makeLinkProperties with empty dns2!
07-13 00:05:06.776   344   344 D SAN_SERVICE: *******************************************
07-13 00:05:06.776   344   344 D SAN_SERVICE: DM App Phone Service State - 0
07-13 00:05:06.776   344   344 D SAN_SERVICE: *******************************************
07-13 00:05:07.514   344   344 D SAN_SERVICE: *******************************************
07-13 00:05:07.514   344   344 D SAN_SERVICE: DM App Phone Service State - 0
07-13 00:05:07.514   344   344 D SAN_SERVICE: *******************************************
07-13 00:05:09.487   214   216 D dalvikvm: GC_CONCURRENT freed 449K, 55% free 9994K/22023K, paused 41ms+3ms
07-13 00:05:22.108   344   344 D SAN_SERVICE: *******************************************
07-13 00:05:22.108   344   344 D SAN_SERVICE: DM App Phone Service State - 0
07-13 00:05:22.112   344   344 D SAN_SERVICE: *******************************************
07-13 00:05:22.807   344   344 D SAN_SERVICE: *******************************************
07-13 00:05:22.807   344   344 D SAN_SERVICE: DM App Phone Service State - 0
07-13 00:05:22.807   344   344 D SAN_SERVICE: *******************************************
07-13 00:05:54.428  3358  3360 D dalvikvm: GC_CONCURRENT freed 457K, 7% free 10227K/10951K, paused 19ms+3ms
07-13 00:06:04.967 30387 30389 D dalvikvm: GC_CONCURRENT freed 396K, 6% free 10329K/10951K, paused 2ms+3ms
07-13 00:06:05.104  5658  5699 D dalvikvm: GC_EXPLICIT freed 261K, 9% free 9807K/10695K, paused 2ms+3ms
07-13 00:06:10.987  6547  6560 I PhoneLab-: Service Running
07-13 00:06:11.057  6547  6560 I PhoneLab-LoggerService: app_37    1373  1     1440   1000  c00f181c 400107b4 S logcat
07-13 00:06:11.057  6547  6560 I PhoneLab-LoggerService: Logcat pid from database 1373
07-13 00:06:11.057  6547  6560 I PhoneLab-LoggerService: Logcat process found 1373
07-13 00:06:11.057  6547  6560 I PhoneLab-LoggerService: Checking Threshold
07-13 00:06:33.807   344   344 D SAN_SERVICE: *******************************************
07-13 00:06:33.807   344   344 D SAN_SERVICE: DM App Phone Service State - 0
07-13 00:06:33.807   344   344 D SAN_SERVICE: *******************************************
07-13 00:06:34.315   344   344 D SAN_SERVICE: *******************************************
07-13 00:06:34.315   344   344 D SAN_SERVICE: DM App Phone Service State - 0
07-13 00:06:34.315   344   344 D SAN_SERVICE: *******************************************
07-13 00:06:49.096   344   344 D SAN_SERVICE: *******************************************
07-13 00:06:49.100   344   344 D SAN_SERVICE: DM App Phone Service State - 0
07-13 00:06:49.100   344   344 D SAN_SERVICE: *******************************************
07-13 00:06:49.846   344   344 D SAN_SERVICE: *******************************************
07-13 00:06:49.846   344   344 D SAN_SERVICE: DM App Phone Service State - 0
07-13 00:06:49.846   344   344 D SAN_SERVICE: *******************************************
07-13 00:06:54.163  7280  7281 D dalvikvm: GC_CONCURRENT freed 513K, 6% free 10402K/11015K, paused 1ms+3ms
07-13 00:06:54.307  3358  3360 D dalvikvm: GC_CONCURRENT freed 509K, 7% free 10228K/10951K, paused 8ms+3ms
07-13 00:07:22.542   144   198 D DhcpInfoInternal: makeLinkProperties with empty dns2!
07-13 00:07:22.549   144   198 D DhcpInfoInternal: makeLinkProperties with empty dns2!
07-13 00:07:30.057   344   344 D SAN_SERVICE: *******************************************
07-13 00:07:30.057   344   344 D SAN_SERVICE: DM App Phone Service State - 0
07-13 00:07:30.057   344   344 D SAN_SERVICE: *******************************************
07-13 00:07:30.585   344   344 D SAN_SERVICE: *******************************************
07-13 00:07:30.585   344   344 D SAN_SERVICE: DM App Phone Service State - 0
07-13 00:07:30.585   344   344 D SAN_SERVICE: *******************************************
07-13 00:07:40.362   344   344 D SAN_SERVICE: *******************************************
07-13 00:07:40.362   344   344 D SAN_SERVICE: DM App Phone Service State - 0
07-13 00:07:40.366   344   344 D SAN_SERVICE: *******************************************
07-13 00:08:06.350 30387 30389 D dalvikvm: GC_CONCURRENT freed 388K, 6% free 10346K/10951K, paused 67ms+3ms
07-13 00:08:10.987  6547  6560 I PhoneLab-: Service Running
07-13 00:08:11.089  6547  6560 I PhoneLab-LoggerService: app_37    1373  1     1440   1000  c00f181c 400107b4 S logcat
07-13 00:08:11.089  6547  6560 I PhoneLab-LoggerService: Logcat pid from database 1373
07-13 00:08:11.089  6547  6560 I PhoneLab-LoggerService: Logcat process found 1373
07-13 00:08:11.089  6547  6560 I PhoneLab-LoggerService: Checking Threshold
07-13 00:08:39.163  6106  6108 D dalvikvm: GC_CONCURRENT freed 868K, 15% free 11922K/13895K, paused 15ms+4ms
07-13 00:08:54.272  7280  7281 D dalvikvm: GC_CONCURRENT freed 506K, 6% free 10407K/11015K, paused 1ms+2ms
07-13 00:08:54.378  3358  3360 D dalvikvm: GC_CONCURRENT freed 498K, 7% free 10231K/10951K, paused 2ms+2ms
07-13 00:09:17.655   344   344 D SAN_SERVICE: *******************************************
07-13 00:09:17.655   344   344 D SAN_SERVICE: DM App Phone Service State - 0
07-13 00:09:17.655   344   344 D SAN_SERVICE: *******************************************
07-13 00:09:17.881   344   344 D SAN_SERVICE: *******************************************
07-13 00:09:17.881   344   344 D SAN_SERVICE: DM App Phone Service State - 0
07-13 00:09:17.881   344   344 D SAN_SERVICE: *******************************************
07-13 00:09:33.003   344   344 D SAN_SERVICE: *******************************************
07-13 00:09:33.003   344   344 D SAN_SERVICE: DM App Phone Service State - 0
07-13 00:09:33.003   344   344 D SAN_SERVICE: *******************************************
07-13 00:09:33.792   144  7984 D dalvikvm: GC_EXPLICIT freed 901K, 26% free 17698K/23623K, paused 30ms+8ms
07-13 00:09:33.846   344   344 D SAN_SERVICE: *******************************************
07-13 00:09:33.846   344   344 D SAN_SERVICE: DM App Phone Service State - 0
07-13 00:09:33.846   344   344 D SAN_SERVICE: *******************************************
07-13 00:09:47.432   144   198 D DhcpInfoInternal: makeLinkProperties with empty dns2!
07-13 00:09:47.440   144   198 D DhcpInfoInternal: makeLinkProperties with empty dns2!
07-13 00:09:54.393  3358  3360 D dalvikvm: GC_CONCURRENT freed 472K, 7% free 10246K/10951K, paused 2ms+3ms
07-13 00:09:58.542   344   344 D SAN_SERVICE: *******************************************
07-13 00:09:58.542   344   344 D SAN_SERVICE: DM App Phone Service State - 0
07-13 00:09:58.542   344   344 D SAN_SERVICE: *******************************************
07-13 00:09:58.839   344   344 D SAN_SERVICE: *******************************************
07-13 00:09:58.839   344   344 D SAN_SERVICE: DM App Phone Service State - 0
07-13 00:09:58.839   344   344 D SAN_SERVICE: *******************************************
07-13 00:10:10.987  6547  6560 I PhoneLab-: Service Running
07-13 00:10:11.049  6547  6560 I PhoneLab-LoggerService: app_37    1373  1     1440   1000  c00f181c 400107b4 S logcat
07-13 00:10:11.049  6547  6560 I PhoneLab-LoggerService: Logcat pid from database 1373
07-13 00:10:11.049  6547  6560 I PhoneLab-LoggerService: Logcat process found 1373
07-13 00:10:11.049  6547  6560 I PhoneLab-LoggerService: Checking Threshold
07-13 00:10:22.413 30387 30389 D dalvikvm: GC_CONCURRENT freed 408K, 6% free 10326K/10951K, paused 31ms+3ms
07-13 00:10:24.167   344   344 D SAN_SERVICE: *******************************************
07-13 00:10:24.167   344   344 D SAN_SERVICE: DM App Phone Service State - 0
07-13 00:10:24.167   344   344 D SAN_SERVICE: *******************************************
07-13 00:10:24.210  7280  7281 D dalvikvm: GC_CONCURRENT freed 395K, 6% free 10398K/11015K, paused 2ms+3ms
07-13 00:10:44.698   344   344 D SAN_SERVICE: *******************************************
07-13 00:10:44.698   344   344 D SAN_SERVICE: DM App Phone Service State - 0
07-13 00:10:44.698   344   344 D SAN_SERVICE: *******************************************
07-13 00:10:45.202   344   344 D SAN_SERVICE: *******************************************
07-13 00:10:45.202   344   344 D SAN_SERVICE: DM App Phone Service State - 0
07-13 00:10:45.202   344   344 D SAN_SERVICE: *******************************************
07-13 00:11:05.073   344   344 D SAN_SERVICE: *******************************************
07-13 00:11:05.073   344   344 D SAN_SERVICE: DM App Phone Service State - 0
07-13 00:11:05.077   344   344 D SAN_SERVICE: *******************************************
07-13 00:11:05.397   344   344 D SAN_SERVICE: *******************************************
07-13 00:11:05.397   344   344 D SAN_SERVICE: DM App Phone Service State - 0
07-13 00:11:05.397   344   344 D SAN_SERVICE: *******************************************
07-13 00:11:54.397  7280  7281 D dalvikvm: GC_CONCURRENT freed 503K, 6% free 10406K/11015K, paused 2ms+3ms
07-13 00:11:54.518  3358  3360 D dalvikvm: GC_CONCURRENT freed 503K, 7% free 10249K/10951K, paused 1ms+3ms
07-13 00:12:10.987  6547  6560 I PhoneLab-: Service Running
07-13 00:12:11.096  6547  6560 I PhoneLab-LoggerService: app_37    1373  1     1440   1000  c00f181c 400107b4 S logcat
07-13 00:12:11.096  6547  6560 I PhoneLab-LoggerService: Logcat pid from database 1373
07-13 00:12:11.096  6547  6560 I PhoneLab-LoggerService: Logcat process found 1373
07-13 00:12:11.096  6547  6560 I PhoneLab-LoggerService: Checking Threshold
07-13 00:12:11.698   344   344 D SAN_SERVICE: *******************************************
07-13 00:12:11.698   344   344 D SAN_SERVICE: DM App Phone Service State - 0
07-13 00:12:11.698   344   344 D SAN_SERVICE: *******************************************
07-13 00:12:12.327   144   198 D DhcpInfoInternal: makeLinkProperties with empty dns2!
07-13 00:12:12.335   144   198 D DhcpInfoInternal: makeLinkProperties with empty dns2!
07-13 00:12:32.221   344   344 D SAN_SERVICE: *******************************************
07-13 00:12:32.221   344   344 D SAN_SERVICE: DM App Phone Service State - 0
07-13 00:12:32.221   344   344 D SAN_SERVICE: *******************************************
07-13 00:12:32.452   344   344 D SAN_SERVICE: *******************************************
07-13 00:12:32.452   344   344 D SAN_SERVICE: DM App Phone Service State - 0
07-13 00:12:32.456   344   344 D SAN_SERVICE: *******************************************
07-13 00:12:54.561  3358  3360 D dalvikvm: GC_CONCURRENT freed 453K, 7% free 10222K/10951K, paused 2ms+2ms
07-13 00:13:41.659  6106  7714 I DatabaseHelper: Begin cleanup.
07-13 00:13:41.729  6106  7714 I DatabaseHelper: Cleaned up: 0
07-13 00:13:41.940  6106  6108 D dalvikvm: GC_CONCURRENT freed 908K, 15% free 11932K/13895K, paused 4ms+4ms
07-13 00:13:54.549  7280  7281 D dalvikvm: GC_CONCURRENT freed 510K, 6% free 10408K/11015K, paused 2ms+2ms
07-13 00:14:10.987  6547  6560 I PhoneLab-: Service Running
07-13 00:14:11.053  6547  6560 I PhoneLab-LoggerService: app_37    1373  1     1440   1000  c00f181c 400107b4 S logcat
07-13 00:14:11.057  6547  6560 I PhoneLab-LoggerService: Logcat pid from database 1373
07-13 00:14:11.057  6547  6560 I PhoneLab-LoggerService: Logcat process found 1373
07-13 00:14:11.057  6547  6560 I PhoneLab-LoggerService: Checking Threshold
07-13 00:14:37.190   144   198 D DhcpInfoInternal: makeLinkProperties with empty dns2!
07-13 00:14:37.194   144   198 D DhcpInfoInternal: makeLinkProperties with empty dns2!
07-13 00:14:39.456  6547  6547 I PhoneLab-Locks: wake lock acquired
07-13 00:14:39.460  6547  7737 I PhoneLab-PeriodicCheckService: User info is synched
07-13 00:14:39.464  6547  7737 I PhoneLab-PeriodicCheckService: Logger Service is running
07-13 00:14:39.467  6547  6547 I PhoneLab-Locks: wake lock acquired
07-13 00:14:39.471  6547  6547 I PhoneLab-StatusMonitor: Status Monitoring is started
07-13 00:14:39.471  6547  7737 I PhoneLab-Locks: wake lock acquired
07-13 00:14:39.479  6547  7737 I PhoneLab-PeriodicCheckService: Rescheduling periodic checking...
07-13 00:14:39.479  6547  7737 I PhoneLab-Locks: wake lock released
07-13 00:14:39.491  6547  6547 E PhoneLab-PhoneLabManifest: java.io.FileNotFoundException: /data/data/edu.buffalo.cse.phonelab.phonelabservices/files/manifest.xml: open failed: ENOENT (No such file or directory)
07-13 00:14:39.506  6547  6547 I PhoneLab-Locks: wake lock released
07-13 00:14:39.506  6547  6547 I PhoneLab-UploadLogs: Transfering log files now
07-13 00:14:39.506  6547  6547 I PhoneLab-UploadLogs: No log files to transfer
07-13 00:14:39.506  6547  6547 I PhoneLab-Locks: wake lock released
07-13 00:14:39.510  6547  6547 I PhoneLab-UploadLogs: OnStartCommand
07-13 00:14:40.389   344   344 D SAN_SERVICE: *******************************************
07-13 00:14:40.389   344   344 D SAN_SERVICE: DM App Phone Service State - 0
07-13 00:14:40.389   344   344 D SAN_SERVICE: *******************************************
07-13 00:14:40.694   344   344 D SAN_SERVICE: *******************************************
07-13 00:14:40.694   344   344 D SAN_SERVICE: DM App Phone Service State - 0
07-13 00:14:40.694   344   344 D SAN_SERVICE: *******************************************
07-13 00:14:54.674  3358  3360 D dalvikvm: GC_CONCURRENT freed 495K, 7% free 10239K/10951K, paused 2ms+5ms
07-13 00:14:54.745 30387 30389 D dalvikvm: GC_CONCURRENT freed 378K, 6% free 10335K/10951K, paused 2ms+3ms
07-13 00:14:55.096 30387  1926 D dalvikvm: GC_EXPLICIT freed 63K, 7% free 10277K/10951K, paused 2ms+4ms
07-13 00:14:55.553   344   344 D SAN_SERVICE: *******************************************
07-13 00:14:55.553   344   344 D SAN_SERVICE: DM App Phone Service State - 0
07-13 00:14:55.553   344   344 D SAN_SERVICE: *******************************************
07-13 00:14:56.260   344   344 D SAN_SERVICE: *******************************************
07-13 00:14:56.260   344   344 D SAN_SERVICE: DM App Phone Service State - 0
07-13 00:14:56.260   344   344 D SAN_SERVICE: *******************************************
07-13 00:15:16.069   344   344 D SAN_SERVICE: *******************************************
07-13 00:15:16.069   344   344 D SAN_SERVICE: DM App Phone Service State - 0
07-13 00:15:16.069   344   344 D SAN_SERVICE: *******************************************
07-13 00:15:16.256   344   344 D SAN_SERVICE: *******************************************
07-13 00:15:16.256   344   344 D SAN_SERVICE: DM App Phone Service State - 0
07-13 00:15:16.256   344   344 D SAN_SERVICE: *******************************************
07-13 00:15:54.674  7280  7281 D dalvikvm: GC_CONCURRENT freed 512K, 6% free 10408K/11015K, paused 1ms+2ms
07-13 00:15:54.803  3358  3360 D dalvikvm: GC_CONCURRENT freed 420K, 7% free 10225K/10951K, paused 2ms+2ms
07-13 00:16:10.987  6547  6560 I PhoneLab-: Service Running
07-13 00:16:11.073  6547  6560 I PhoneLab-LoggerService: app_37    1373  1     1440   1000  c00f181c 400107b4 S logcat
07-13 00:16:11.073  6547  6560 I PhoneLab-LoggerService: Logcat pid from database 1373
07-13 00:16:11.073  6547  6560 I PhoneLab-LoggerService: Logcat process found 1373
07-13 00:16:11.073  6547  6560 I PhoneLab-LoggerService: Checking Threshold
07-13 00:16:11.077  6547  6549 D dalvikvm: GC_CONCURRENT freed 399K, 15% free 9135K/10631K, paused 2ms+2ms
07-13 00:16:54.803   144   156 D dalvikvm: GC_EXPLICIT freed 1160K, 25% free 17728K/23623K, paused 3ms+10ms
07-13 00:17:02.085   144   198 D DhcpInfoInternal: makeLinkProperties with empty dns2!
07-13 00:17:02.096   144   198 D DhcpInfoInternal: makeLinkProperties with empty dns2!
07-13 00:17:29.108   344   344 D SAN_SERVICE: *******************************************
07-13 00:17:29.112   344   344 D SAN_SERVICE: DM App Phone Service State - 0
07-13 00:17:29.116   344   344 D SAN_SERVICE: *******************************************
07-13 00:17:29.374   344   344 D SAN_SERVICE: *******************************************
07-13 00:17:29.374   344   344 D SAN_SERVICE: DM App Phone Service State - 0
07-13 00:17:29.374   344   344 D SAN_SERVICE: *******************************************
07-13 00:17:53.475  7280  7281 D dalvikvm: GC_CONCURRENT freed 391K, 6% free 10403K/11015K, paused 2ms+2ms
07-13 00:17:54.807  3358  3358 D dalvikvm: GC_EXPLICIT freed 354K, 8% free 10183K/10951K, paused 2ms+3ms
07-13 00:17:59.893   344   344 D SAN_SERVICE: *******************************************
07-13 00:17:59.893   344   344 D SAN_SERVICE: DM App Phone Service State - 0
07-13 00:17:59.893   344   344 D SAN_SERVICE: *******************************************
07-13 00:18:00.628   344   344 D SAN_SERVICE: *******************************************
07-13 00:18:00.628   344   344 D SAN_SERVICE: DM App Phone Service State - 0
07-13 00:18:00.628   344   344 D SAN_SERVICE: *******************************************
07-13 00:18:10.991  6547  6560 I PhoneLab-: Service Running
07-13 00:18:11.065  6547  6560 I PhoneLab-LoggerService: app_37    1373  1     1440   1000  c00f181c 400107b4 S logcat
07-13 00:18:11.065  6547  6560 I PhoneLab-LoggerService: Logcat pid from database 1373
07-13 00:18:11.065  6547  6560 I PhoneLab-LoggerService: Logcat process found 1373
07-13 00:18:11.069  6547  6560 I PhoneLab-LoggerService: Checking Threshold
07-13 00:18:35.753   344   344 D SAN_SERVICE: *******************************************
07-13 00:18:35.753   344   344 D SAN_SERVICE: DM App Phone Service State - 0
07-13 00:18:35.753   344   344 D SAN_SERVICE: *******************************************
07-13 00:18:36.217   344   344 D SAN_SERVICE: *******************************************
07-13 00:18:36.217   344   344 D SAN_SERVICE: DM App Phone Service State - 0
07-13 00:18:36.217   344   344 D SAN_SERVICE: *******************************************
07-13 00:18:42.268  6106  6117 D dalvikvm: GC_EXPLICIT freed 236K, 16% free 11790K/13895K, paused 6ms+4ms
07-13 00:18:45.948   344   344 D SAN_SERVICE: *******************************************
07-13 00:18:45.948   344   344 D SAN_SERVICE: DM App Phone Service State - 0
07-13 00:18:45.948   344   344 D SAN_SERVICE: *******************************************
07-13 00:18:54.850  7280  7281 D dalvikvm: GC_CONCURRENT freed 505K, 6% free 10410K/11015K, paused 2ms+2ms
07-13 00:18:54.979  3358  3360 D dalvikvm: GC_CONCURRENT freed 444K, 7% free 10248K/10951K, paused 2ms+2ms
07-13 00:18:56.178   344   344 D SAN_SERVICE: *******************************************
07-13 00:18:56.178   344   344 D SAN_SERVICE: DM App Phone Service State - 0
07-13 00:18:56.178   344   344 D SAN_SERVICE: *******************************************
07-13 00:19:00.452   144   173 I ActivityManager: Start proc com.google.android.maps.mytracks for service com.google.android.maps.mytracks/com.google.android.apps.mytracks.services.RemoveTempFilesService: pid=7774 uid=10072 gids={3002, 3001, 3003, 1015}
07-13 00:19:00.608   144   424 I ActivityManager: Process com.google.android.apps.googlevoice (pid 6770) has died.
07-13 00:19:00.608   144   424 W ActivityManager: Scheduling restart of crashed service com.google.android.apps.googlevoice/.UpdateService in 5000ms
07-13 00:19:00.608   144   424 W ActivityManager: Scheduling restart of crashed service com.google.android.apps.googlevoice/.CallLogService in 15000ms
07-13 00:19:00.819  7774  7774 I ActivityThread: Pub com.google.android.maps.mytracks.search: com.google.android.apps.mytracks.content.SearchEngineProvider
07-13 00:19:00.846  7774  7774 I ActivityThread: Pub com.google.android.maps.mytracks: com.google.android.apps.mytracks.content.MyTracksProvider
07-13 00:19:00.870  7774  7774 D MyTracks: Enabling strict mode
07-13 00:19:01.014  7774  7776 D dalvikvm: GC_CONCURRENT freed 327K, 5% free 9186K/9607K, paused 5ms+5ms
07-13 00:19:01.053  7774  7774 D StrictMode: StrictMode policy violation; ~duration=150 ms: android.os.StrictMode$StrictModeDiskWriteViolation: policy=21 violation=1
07-13 00:19:01.053  7774  7774 D StrictMode: 	at android.os.StrictMode$AndroidBlockGuardPolicy.onWriteToDisk(StrictMode.java:1063)
07-13 00:19:01.053  7774  7774 D StrictMode: 	at android.database.sqlite.SQLiteStatement.acquireAndLock(SQLiteStatement.java:226)
07-13 00:19:01.053  7774  7774 D StrictMode: 	at android.database.sqlite.SQLiteStatement.executeUpdateDelete(SQLiteStatement.java:84)
07-13 00:19:01.053  7774  7774 D StrictMode: 	at android.database.sqlite.SQLiteDatabase.executeSql(SQLiteDatabase.java:1899)
07-13 00:19:01.053  7774  7774 D StrictMode: 	at android.database.sqlite.SQLiteDatabase.execSQL(SQLiteDatabase.java:1839)
07-13 00:19:01.053  7774  7774 D StrictMode: 	at android.database.sqlite.SQLiteDatabase.setPageSize(SQLiteDatabase.java:1297)
07-13 00:19:01.053  7774  7774 D StrictMode: 	at android.database.sqlite.SQLiteDatabase.openDatabase(SQLiteDatabase.java:995)
07-13 00:19:01.053  7774  7774 D StrictMode: 	at android.database.sqlite.SQLiteDatabase.openOrCreateDatabase(SQLiteDatabase.java:1051)
07-13 00:19:01.053  7774  7774 D StrictMode: 	at android.app.ContextImpl.openOrCreateDatabase(ContextImpl.java:770)
07-13 00:19:01.053  7774  7774 D StrictMode: 	at android.content.ContextWrapper.openOrCreateDatabase(ContextWrapper.java:221)
07-13 00:19:01.053  7774  7774 D StrictMode: 	at android.database.sqlite.SQLiteOpenHelper.getWritableDatabase(SQLiteOpenHelper.java:157)
07-13 00:19:01.053  7774  7774 D StrictMode: 	at com.google.android.apps.analytics.v.<init>(Unknown Source)
07-13 00:19:01.053  7774  7774 D StrictMode: 	at com.google.android.apps.analytics.v.<init>(Unknown Source)
07-13 00:19:01.053  7774  7774 D StrictMode: 	at com.google.android.apps.analytics.i.a(Unknown Source)
07-13 00:19:01.053  7774  7774 D StrictMode: 	at com.google.android.apps.mytracks.b.a.a(MT:43)
07-13 00:19:01.053  7774  7774 D StrictMode: 	at com.google.android.apps.mytracks.MyTracksApplication.onCreate(MT:42)
07-13 00:19:01.053  7774  7774 D StrictMode: 	at android.app.Instrumentation.callApplicationOnCreate(Instrumentation.java:969)
07-13 00:19:01.053  7774  7774 D StrictMode: 	at android.app.ActivityThread.handleBindApplication(ActivityThread.java:3954)
07-13 00:19:01.053  7774  7774 D StrictMode: 	at android.app.ActivityThread.access$1300(ActivityThread.java:123)
07-13 00:19:01.053  7774  7774 D StrictMode: 	at android.app.ActivityThread$H.handleMessage(ActivityThread.java:1185)
07-13 00:19:01.053  7774  7774 D StrictMode: 	at android.os.Handler.dispatchMessage(Handler.java:99)
07-13 00:19:01.053  7774  7774 D StrictMode: 	at android.os.Looper.loop(Looper.java:137)
07-13 00:19:01.053  7774  7774 D StrictMode: 	at android.app.ActivityThread.main(ActivityThread.java:4424)
07-13 00:19:01.053  7774  7774 D StrictMode: 	at java.lang.reflect.Method.invokeNative(Native Method)
07-13 00:19:01.053  7774  7774 D StrictMode: 	at java.lang.reflect.Method.invoke(Method.java:511)
07-13 00:19:01.053  7774  7774 D StrictMode: 	at com.android.internal.os.ZygoteInit$MethodAndArgsCaller.run(ZygoteInit.java:784)
07-13 00:19:01.053  7774  7774 D StrictMode: 	at com.android.internal.os.ZygoteInit.main(ZygoteInit.java:551)
07-13 00:19:01.053  7774  7774 D StrictMode: 	at dalvik.system.NativeStart.main(Native Method)
07-13 00:19:01.053  7774  7774 D StrictMode: StrictMode policy violation; ~duration=110 ms: android.os.StrictMode$StrictModeDiskWriteViolation: policy=21 violation=1
07-13 00:19:01.053  7774  7774 D StrictMode: 	at android.os.StrictMode$AndroidBlockGuardPolicy.onWriteToDisk(StrictMode.java:1063)
07-13 00:19:01.053  7774  7774 D StrictMode: 	at android.database.sqlite.SQLiteStatement.acquireAndLock(SQLiteStatement.java:226)
07-13 00:19:01.053  7774  7774 D StrictMode: 	at android.database.sqlite.SQLiteStatement.executeUpdateDelete(SQLiteStatement.java:84)
07-13 00:19:01.053  7774  7774 D StrictMode: 	at android.database.sqlite.SQLiteDatabase.executeSql(SQLiteDatabase.java:1899)
07-13 00:19:01.053  7774  7774 D StrictMode: 	at android.database.sqlite.SQLiteDatabase.execSQL(SQLiteDatabase.java:1839)
07-13 00:19:01.053  7774  7774 D StrictMode: 	at android.database.sqlite.SQLiteDatabase.beginTransaction(SQLiteDatabase.java:659)
07-13 00:19:01.053  7774  7774 D StrictMode: 	at android.database.sqlite.SQLiteDatabase.beginTransaction(SQLiteDatabase.java:552)
07-13 00:19:01.053  7774  7774 D StrictMode: 	at com.google.android.apps.analytics.v.a(Unknown Source)
07-13 00:19:01.053  7774  7774 D StrictMode: 	at com.google.android.apps.analytics.i.a(Unknown Source)
07-13 00:19:01.053  7774  7774 D StrictMode: 	at com.google.android.apps.mytracks.b.a.a(MT:45)
07-13 00:19:01.053  7774  7774 D StrictMode: 	at com.google.android.apps.mytracks.MyTracksApplication.onCreate(MT:42)
07-13 00:19:01.053  7774  7774 D StrictMode: 	at android.app.Instrumentation.callApplicationOnCreate(Instrumentation.java:969)
07-13 00:19:01.053  7774  7774 D StrictMode: 	at android.app.ActivityThread.handleBindApplication(ActivityThread.java:3954)
07-13 00:19:01.053  7774  7774 D StrictMode: 	at android.app.ActivityThread.access$1300(ActivityThread.java:123)
07-13 00:19:01.053  7774  7774 D StrictMode: 	at android.app.ActivityThread$H.handleMessage(ActivityThread.java:1185)
07-13 00:19:01.053  7774  7774 D StrictMode: 	at android.os.Handler.dispatchMessage(Handler.java:99)
07-13 00:19:01.053  7774  7774 D StrictMode: 	at android.os.Looper.loop(Looper.java:137)
07-13 00:19:01.053  7774  7774 D StrictMode: 	at android.app.ActivityThread.main(ActivityThread.java:4424)
07-13 00:19:01.053  7774  7774 D StrictMode: 	at java.lang.reflect.Method.invokeNative(Native Method)
07-13 00:19:01.053  7774  7774 D StrictMode: 	at java.lang.reflect.Method.invoke(Method.java:511)
07-13 00:19:01.053  7774  7774 D StrictMode: 	at com.android.internal.os.ZygoteInit$MethodAndArgsCaller.run(ZygoteInit.java:784)
07-13 00:19:01.053  7774  7774 D StrictMode: 	at com.android.internal.os.ZygoteInit.main(ZygoteInit.java:551)
07-13 00:19:01.053  7774  7774 D StrictMode: 	at dalvik.system.NativeStart.main(Native Method)
07-13 00:19:01.053  7774  7774 D StrictMode: StrictMode policy violation; ~duration=107 ms: android.os.StrictMode$StrictModeDiskWriteViolation: policy=21 violation=1
07-13 00:19:01.053  7774  7774 D StrictMode: 	at android.os.StrictMode$AndroidBlockGuardPolicy.onWriteToDisk(StrictMode.java:1063)
07-13 00:19:01.053  7774  7774 D StrictMode: 	at android.database.sqlite.SQLiteStatement.acquireAndLock(SQLiteStatement.java:226)
07-13 00:19:01.053  7774  7774 D StrictMode: 	at android.database.sqlite.SQLiteStatement.executeUpdateDelete(SQLiteStatement.java:84)
07-13 00:19:01.053  7774  7774 D StrictMode: 	at android.database.sqlite.SQLiteDatabase.delete(SQLiteDatabase.java:1741)
07-13 00:19:01.053  7774  7774 D StrictMode: 	at com.google.android.apps.analytics.v.a(Unknown Source)
07-13 00:19:01.053  7774  7774 D StrictMode: 	at com.google.android.apps.analytics.i.a(Unknown Source)
07-13 00:19:01.053  7774  7774 D StrictMode: 	at com.google.android.apps.mytracks.b.a.a(MT:45)
07-13 00:19:01.053  7774  7774 D StrictMode: 	at com.google.android.apps.mytracks.MyTracksApplication.onCreate(MT:42)
07-13 00:19:01.053  7774  7774 D StrictMode: 	at android.app.Instrumentation.callApplicationOnCreate(Instrumentation.java:969)
07-13 00:19:01.053  7774  7774 D StrictMode: 	at android.app.ActivityThread.handleBindApplication(ActivityThread.java:3954)
07-13 00:19:01.053  7774  7774 D StrictMode: 	at android.app.ActivityThread.access$1300(ActivityThread.java:123)
07-13 00:19:01.053  7774  7774 D StrictMode: 	at android.app.ActivityThread$H.handleMessage(ActivityThread.java:1185)
07-13 00:19:01.053  7774  7774 D StrictMode: 	at android.os.Handler.dispatchMessage(Handler.java:99)
07-13 00:19:01.053  7774  7774 D StrictMode: 	at android.os.Looper.loop(Looper.java:137)
07-13 00:19:01.053  7774  7774 D StrictMode: 	at android.app.ActivityThread.main(ActivityThread.java:4424)
07-13 00:19:01.053  7774  7774 D StrictMode: 	at java.lang.reflect.Method.invokeNative(Native Method)
07-13 00:19:01.053  7774  7774 D StrictMode: 	at java.lang.reflect.Method.invoke(Method.java:511)
07-13 00:19:01.053  7774  7774 D StrictMode: 	at com.android.internal.os.ZygoteInit$MethodAndArgsCaller.run(ZygoteInit.java:784)
07-13 00:19:01.053  7774  7774 D StrictMode: 	at com.android.internal.os.ZygoteInit.main(ZygoteInit.java:551)
07-13 00:19:01.053  7774  7774 D StrictMode: 	at dalvik.system.NativeStart.main(Native Method)
07-13 00:19:01.065  7774  7774 D StrictMode: StrictMode policy violation; ~duration=102 ms: android.os.StrictMode$StrictModeDiskWriteViolation: policy=21 violation=1
07-13 00:19:01.065  7774  7774 D StrictMode: 	at android.os.StrictMode$AndroidBlockGuardPolicy.onWriteToDisk(StrictMode.java:1063)
07-13 00:19:01.065  7774  7774 D StrictMode: 	at android.database.sqlite.SQLiteStatement.acquireAndLock(SQLiteStatement.java:226)
07-13 00:19:01.065  7774  7774 D StrictMode: 	at android.database.sqlite.SQLiteStatement.executeInsert(SQLiteStatement.java:112)
07-13 00:19:01.065  7774  7774 D StrictMode: 	at android.database.sqlite.SQLiteDatabase.insertWithOnConflict(SQLiteDatabase.java:1718)
07-13 00:19:01.065  7774  7774 D StrictMode: 	at android.database.sqlite.SQLiteDatabase.insert(SQLiteDatabase.java:1591)
07-13 00:19:01.065  7774  7774 D StrictMode: 	at com.google.android.apps.analytics.v.a(Unknown Source)
07-13 00:19:01.065  7774  7774 D StrictMode: 	at com.google.android.apps.analytics.i.a(Unknown Source)
07-13 00:19:01.065  7774  7774 D StrictMode: 	at com.google.android.apps.mytracks.b.a.a(MT:45)
07-13 00:19:01.065  7774  7774 D StrictMode: 	at com.google.android.apps.mytracks.MyTracksApplication.onCreate(MT:42)
07-13 00:19:01.065  7774  7774 D StrictMode: 	at android.app.Instrumentation.callApplicationOnCreate(Instrumentation.java:969)
07-13 00:19:01.065  7774  7774 D StrictMode: 	at android.app.ActivityThread.handleBindApplication(ActivityThread.java:3954)
07-13 00:19:01.065  7774  7774 D StrictMode: 	at android.app.ActivityThread.access$1300(ActivityThread.java:123)
07-13 00:19:01.065  7774  7774 D StrictMode: 	at android.app.ActivityThread$H.handleMessage(ActivityThread.java:1185)
07-13 00:19:01.065  7774  7774 D StrictMode: 	at android.os.Handler.dispatchMessage(Handler.java:99)
07-13 00:19:01.065  7774  7774 D StrictMode: 	at android.os.Looper.loop(Looper.java:137)
07-13 00:19:01.065  7774  7774 D StrictMode: 	at android.app.ActivityThread.main(ActivityThread.java:4424)
07-13 00:19:01.065  7774  7774 D StrictMode: 	at java.lang.reflect.Method.invokeNative(Native Method)
07-13 00:19:01.065  7774  7774 D StrictMode: 	at java.lang.reflect.Method.invoke(Method.java:511)
07-13 00:19:01.065  7774  7774 D StrictMode: 	at com.android.internal.os.ZygoteInit$MethodAndArgsCaller.run(ZygoteInit.java:784)
07-13 00:19:01.065  7774  7774 D StrictMode: 	at com.android.internal.os.ZygoteInit.main(ZygoteInit.java:551)
07-13 00:19:01.065  7774  7774 D StrictMode: 	at dalvik.system.NativeStart.main(Native Method)
07-13 00:19:01.065  7774  7774 D StrictMode: StrictMode policy violation; ~duration=72 ms: android.os.StrictMode$StrictModeDiskWriteViolation: policy=21 violation=1
07-13 00:19:01.065  7774  7774 D StrictMode: 	at android.os.StrictMode$AndroidBlockGuardPolicy.onWriteToDisk(StrictMode.java:1063)
07-13 00:19:01.065  7774  7774 D StrictMode: 	at android.database.sqlite.SQLiteStatement.acquireAndLock(SQLiteStatement.java:226)
07-13 00:19:01.065  7774  7774 D StrictMode: 	at android.database.sqlite.SQLiteStatement.executeInsert(SQLiteStatement.java:112)
07-13 00:19:01.065  7774  7774 D StrictMode: 	at android.database.sqlite.SQLiteDatabase.insertWithOnConflict(SQLiteDatabase.java:1718)
07-13 00:19:01.065  7774  7774 D StrictMode: 	at android.database.sqlite.SQLiteDatabase.insert(SQLiteDatabase.java:1591)
07-13 00:19:01.065  7774  7774 D StrictMode: 	at com.google.android.apps.analytics.v.a(Unknown Source)
07-13 00:19:01.065  7774  7774 D StrictMode: 	at com.google.android.apps.analytics.v.a(Unknown Source)
07-13 00:19:01.065  7774  7774 D StrictMode: 	at com.google.android.apps.analytics.v.a(Unknown Source)
07-13 00:19:01.065  7774  7774 D StrictMode: 	at com.google.android.apps.analytics.i.a(Unknown Source)
07-13 00:19:01.065  7774  7774 D StrictMode: 	at com.google.android.apps.mytracks.b.a.a(MT:45)
07-13 00:19:01.065  7774  7774 D StrictMode: 	at com.google.android.apps.mytracks.MyTracksApplication.onCreate(MT:42)
07-13 00:19:01.065  7774  7774 D StrictMode: 	at android.app.Instrumentation.callApplicationOnCreate(Instrumentation.java:969)
07-13 00:19:01.065  7774  7774 D StrictMode: 	at android.app.ActivityThread.handleBindApplication(ActivityThread.java:3954)
07-13 00:19:01.065  7774  7774 D StrictMode: 	at android.app.ActivityThread.access$1300(ActivityThread.java:123)
07-13 00:19:01.065  7774  7774 D StrictMode: 	at android.app.ActivityThread$H.handleMessage(ActivityThread.java:1185)
07-13 00:19:01.065  7774  7774 D StrictMode: 	at android.os.Handler.dispatchMessage(Handler.java:99)
07-13 00:19:01.065  7774  7774 D StrictMode: 	at android.os.Looper.loop(Looper.java:137)
07-13 00:19:01.065  7774  7774 D StrictMode: 	at android.app.ActivityThread.main(ActivityThread.java:4424)
07-13 00:19:01.065  7774  7774 D StrictMode: 	at java.lang.reflect.Method.invokeNative(Native Method)
07-13 00:19:01.065  7774  7774 D StrictMode: 	at java.lang.reflect.Method.invoke(Method.java:511)
07-13 00:19:01.065  7774  7774 D StrictMode: 	at com.android.internal.os.ZygoteInit$MethodAndArgsCaller.run(ZygoteInit.java:784)
07-13 00:19:01.065  7774  7774 D StrictMode: 	at com.android.internal.os.ZygoteInit.main(ZygoteInit.java:551)
07-13 00:19:01.065  7774  7774 D StrictMode: 	at dalvik.system.NativeStart.main(Native Method)
07-13 00:19:01.065  7774  7774 D StrictMode: StrictMode policy violation; ~duration=68 ms: android.os.StrictMode$StrictModeDiskWriteViolation: policy=21 violation=1
07-13 00:19:01.065  7774  7774 D StrictMode: 	at android.os.StrictMode$AndroidBlockGuardPolicy.onWriteToDisk(StrictMode.java:1063)
07-13 00:19:01.065  7774  7774 D StrictMode: 	at android.database.sqlite.SQLiteStatement.acquireAndLock(SQLiteStatement.java:226)
07-13 00:19:01.065  7774  7774 D StrictMode: 	at android.database.sqlite.SQLiteStatement.executeUpdateDelete(SQLiteStatement.java:84)
07-13 00:19:01.065  7774  7774 D StrictMode: 	at android.database.sqlite.SQLiteDatabase.executeSql(SQLiteDatabase.java:1899)
07-13 00:19:01.065  7774  7774 D StrictMode: 	at android.database.sqlite.SQLiteDatabase.execSQL(SQLiteDatabase.java:1839)
07-13 00:19:01.065  7774  7774 D StrictMode: 	at android.database.sqlite.SQLiteDatabase.endTransaction(SQLiteDatabase.java:714)
07-13 00:19:01.065  7774  7774 D StrictMode: 	at com.google.android.apps.analytics.v.d(Unknown Source)
07-13 00:19:01.065  7774  7774 D StrictMode: 	at com.google.android.apps.analytics.v.a(Unknown Source)
07-13 00:19:01.065  7774  7774 D StrictMode: 	at com.google.android.apps.analytics.i.a(Unknown Source)
07-13 00:19:01.065  7774  7774 D StrictMode: 	at com.google.android.apps.mytracks.b.a.a(MT:45)
07-13 00:19:01.065  7774  7774 D StrictMode: 	at com.google.android.apps.mytracks.MyTracksApplication.onCreate(MT:42)
07-13 00:19:01.065  7774  7774 D StrictMode: 	at android.app.Instrumentation.callApplicationOnCreate(Instrumentation.java:969)
07-13 00:19:01.065  7774  7774 D StrictMode: 	at android.app.ActivityThread.handleBindApplication(ActivityThread.java:3954)
07-13 00:19:01.065  7774  7774 D StrictMode: 	at android.app.ActivityThread.access$1300(ActivityThread.java:123)
07-13 00:19:01.065  7774  7774 D StrictMode: 	at android.app.ActivityThread$H.handleMessage(ActivityThread.java:1185)
07-13 00:19:01.065  7774  7774 D StrictMode: 	at android.os.Handler.dispatchMessage(Handler.java:99)
07-13 00:19:01.065  7774  7774 D StrictMode: 	at android.os.Looper.loop(Looper.java:137)
07-13 00:19:01.065  7774  7774 D StrictMode: 	at android.app.ActivityThread.main(ActivityThread.java:4424)
07-13 00:19:01.065  7774  7774 D StrictMode: 	at java.lang.reflect.Method.invokeNative(Native Method)
07-13 00:19:01.065  7774  7774 D StrictMode: 	at java.lang.reflect.Method.invoke(Method.java:511)
07-13 00:19:01.065  7774  7774 D StrictMode: 	at com.android.internal.os.ZygoteInit$MethodAndArgsCaller.run(ZygoteInit.java:784)
07-13 00:19:01.065  7774  7774 D StrictMode: 	at com.android.internal.os.ZygoteInit.main(ZygoteInit.java:551)
07-13 00:19:01.065  7774  7774 D StrictMode: 	at dalvik.system.NativeStart.main(Native Method)
07-13 00:19:05.682   144   161 I ActivityManager: Start proc com.google.android.apps.googlevoice for service com.google.android.apps.googlevoice/.UpdateService: pid=7792 uid=10054 gids={3003, 1015}
07-13 00:19:06.221  7792  7794 D dalvikvm: GC_CONCURRENT freed 236K, 4% free 9299K/9607K, paused 30ms+2ms
07-13 00:19:06.702  7792  7794 D dalvikvm: GC_CONCURRENT freed 412K, 5% free 9443K/9927K, paused 5ms+2ms
07-13 00:19:06.702  7792  7801 W CursorWrapperInner: Cursor finalized without prior close()
07-13 00:19:06.702  7792  7801 W CursorWrapperInner: Cursor finalized without prior close()
07-13 00:19:06.702  7792  7801 W CursorWrapperInner: Cursor finalized without prior close()
07-13 00:19:06.850  5658  5660 D dalvikvm: GC_CONCURRENT freed 395K, 8% free 9942K/10695K, paused 4ms+10ms
07-13 00:19:06.944  7792  7794 D dalvikvm: GC_CONCURRENT freed 310K, 4% free 9658K/10055K, paused 1ms+8ms
07-13 00:19:07.198  5658  5712 D dalvikvm: GC_EXPLICIT freed 374K, 8% free 9917K/10695K, paused 2ms+5ms
07-13 00:19:15.741  7792  7794 D dalvikvm: GC_CONCURRENT freed 239K, 5% free 9815K/10247K, paused 19ms+2ms
07-13 00:19:27.159   144   198 D DhcpInfoInternal: makeLinkProperties with empty dns2!
07-13 00:19:27.174   144   198 D DhcpInfoInternal: makeLinkProperties with empty dns2!
07-13 00:19:54.995  3358  3360 D dalvikvm: GC_CONCURRENT freed 479K, 7% free 10235K/10951K, paused 2ms+3ms
07-13 00:20:10.987  6547  6560 I PhoneLab-: Service Running
07-13 00:20:11.061  6547  6560 I PhoneLab-LoggerService: app_37    1373  1     1440   1000  c00f181c 400107b4 S logcat
07-13 00:20:11.061  6547  6560 I PhoneLab-LoggerService: Logcat pid from database 1373
07-13 00:20:11.061  6547  6560 I PhoneLab-LoggerService: Logcat process found 1373
07-13 00:20:11.061  6547  6560 I PhoneLab-LoggerService: Checking Threshold
07-13 00:20:23.225   344   344 D SAN_SERVICE: *******************************************
07-13 00:20:23.229   344   344 D SAN_SERVICE: DM App Phone Service State - 0
07-13 00:20:23.229   344   344 D SAN_SERVICE: *******************************************
07-13 00:20:24.010   344   344 D SAN_SERVICE: *******************************************
07-13 00:20:24.014   344   344 D SAN_SERVICE: DM App Phone Service State - 0
07-13 00:20:24.014   344   344 D SAN_SERVICE: *******************************************
07-13 00:20:30.030   344   344 D SAN_SERVICE: *******************************************
07-13 00:20:30.030   344   344 D SAN_SERVICE: DM App Phone Service State - 0
07-13 00:20:30.030   344   344 D SAN_SERVICE: *******************************************
07-13 00:20:43.702   344   344 D SAN_SERVICE: *******************************************
07-13 00:20:43.702   344   344 D SAN_SERVICE: DM App Phone Service State - 0
07-13 00:20:43.702   344   344 D SAN_SERVICE: *******************************************
07-13 00:20:43.764   344   347 D dalvikvm: GC_CONCURRENT freed 942K, 14% free 12218K/14087K, paused 7ms+3ms
07-13 00:20:44.522   144  9303 D dalvikvm: GC_EXPLICIT freed 892K, 26% free 17686K/23623K, paused 31ms+9ms
07-13 00:20:44.569   344   344 D SAN_SERVICE: *******************************************
07-13 00:20:44.569   344   344 D SAN_SERVICE: DM App Phone Service State - 0
07-13 00:20:44.569   344   344 D SAN_SERVICE: *******************************************
07-13 00:20:53.647   144   144 I ActivityManager: Process com.whatsapp (pid 7170) has died.
07-13 00:20:53.647   144   144 W ActivityManager: Scheduling restart of crashed service com.whatsapp/.messaging.MessageService in 5000ms
07-13 00:20:53.932   344   344 D SAN_SERVICE: *******************************************
07-13 00:20:53.932   344   344 D SAN_SERVICE: DM App Phone Service State - 0
07-13 00:20:53.932   344   344 D SAN_SERVICE: *******************************************
07-13 00:20:54.975  7280  7281 D dalvikvm: GC_CONCURRENT freed 509K, 6% free 10412K/11015K, paused 2ms+3ms
07-13 00:20:58.694   144   161 I ActivityManager: Start proc com.whatsapp for service com.whatsapp/.messaging.MessageService: pid=7841 uid=10068 gids={1015, 3003}
07-13 00:20:58.698  7841  7841 I dalvikvm: Turning on JNI app bug workarounds for target SDK version 7...
07-13 00:20:58.881  7841  7843 D dalvikvm: GC_CONCURRENT freed 171K, 3% free 9349K/9607K, paused 2ms+2ms
07-13 00:20:59.311  7841  7843 D dalvikvm: GC_CONCURRENT freed 303K, 4% free 9600K/9991K, paused 4ms+3ms
07-13 00:20:59.671  7841  7841 I dalvikvm: Could not find method android.media.MediaMetadataRetriever.captureFrame, referenced from method com.whatsapp.q3.a
07-13 00:20:59.671  7841  7841 W dalvikvm: VFY: unable to resolve virtual method 502: Landroid/media/MediaMetadataRetriever;.captureFrame ()Landroid/graphics/Bitmap;
07-13 00:20:59.671  7841  7841 D dalvikvm: VFY: replacing opcode 0x6e at 0x0134
07-13 00:20:59.835  7841  7843 D dalvikvm: GC_CONCURRENT freed 235K, 4% free 9872K/10183K, paused 4ms+3ms
07-13 00:20:59.971  7841  7843 D dalvikvm: GC_CONCURRENT freed 349K, 5% free 9972K/10439K, paused 2ms+6ms
07-13 00:21:01.651   144   326 I ActivityManager: Process com.google.android.gsf.login (pid 6741) has died.
07-13 00:21:01.760  7841  7843 D dalvikvm: GC_CONCURRENT freed 293K, 5% free 10135K/10567K, paused 2ms+10ms
07-13 00:21:29.807   344   344 D SAN_SERVICE: *******************************************
07-13 00:21:29.807   344   344 D SAN_SERVICE: DM App Phone Service State - 0
07-13 00:21:29.807   344   344 D SAN_SERVICE: *******************************************
07-13 00:21:30.311   344   344 D SAN_SERVICE: *******************************************
07-13 00:21:30.311   344   344 D SAN_SERVICE: DM App Phone Service State - 0
07-13 00:21:30.311   344   344 D SAN_SERVICE: *******************************************
07-13 00:21:45.108   344   344 D SAN_SERVICE: *******************************************
07-13 00:21:45.108   344   344 D SAN_SERVICE: DM App Phone Service State - 0
07-13 00:21:45.108   344   344 D SAN_SERVICE: *******************************************
07-13 00:21:45.913   344   344 D SAN_SERVICE: *******************************************
07-13 00:21:45.913   344   344 D SAN_SERVICE: DM App Phone Service State - 0
07-13 00:21:45.913   344   344 D SAN_SERVICE: *******************************************
07-13 00:21:52.038   144   198 D DhcpInfoInternal: makeLinkProperties with empty dns2!
07-13 00:21:52.046   144   198 D DhcpInfoInternal: makeLinkProperties with empty dns2!
07-13 00:21:55.057 30387 30389 D dalvikvm: GC_CONCURRENT freed 325K, 6% free 10339K/10951K, paused 1ms+16ms
07-13 00:21:55.214  3358  3360 D dalvikvm: GC_CONCURRENT freed 481K, 7% free 10260K/10951K, paused 2ms+3ms
07-13 00:21:55.237  7280  7281 D dalvikvm: GC_CONCURRENT freed 401K, 6% free 10408K/11015K, paused 16ms+10ms
07-13 00:21:56.518  7280  7298 D dalvikvm: GC_FOR_ALLOC freed 109K, 6% free 10440K/11015K, paused 21ms
07-13 00:22:10.987  6547  6560 I PhoneLab-: Service Running
07-13 00:22:11.104  6547  6560 I PhoneLab-LoggerService: app_37    1373  1     1440   1000  c00f181c 400107b4 S logcat
07-13 00:22:11.104  6547  6560 I PhoneLab-LoggerService: Logcat pid from database 1373
07-13 00:22:11.104  6547  6560 I PhoneLab-LoggerService: Logcat process found 1373
07-13 00:22:11.104  6547  6560 I PhoneLab-LoggerService: Checking Threshold
07-13 00:22:21.010   344   344 D SAN_SERVICE: *******************************************
07-13 00:22:21.010   344   344 D SAN_SERVICE: DM App Phone Service State - 0
07-13 00:22:21.010   344   344 D SAN_SERVICE: *******************************************
07-13 00:22:21.510   344   344 D SAN_SERVICE: *******************************************
07-13 00:22:21.510   344   344 D SAN_SERVICE: DM App Phone Service State - 0
07-13 00:22:21.510   344   344 D SAN_SERVICE: *******************************************
07-13 00:22:31.210   344   344 D SAN_SERVICE: *******************************************
07-13 00:22:31.210   344   344 D SAN_SERVICE: DM App Phone Service State - 0
07-13 00:22:31.210   344   344 D SAN_SERVICE: *******************************************
07-13 00:22:51.753   344   344 D SAN_SERVICE: *******************************************
07-13 00:22:51.753   344   344 D SAN_SERVICE: DM App Phone Service State - 0
07-13 00:22:51.753   344   344 D SAN_SERVICE: *******************************************
07-13 00:22:52.210   344   344 D SAN_SERVICE: *******************************************
07-13 00:22:52.210   344   344 D SAN_SERVICE: DM App Phone Service State - 0
07-13 00:22:52.210   344   344 D SAN_SERVICE: *******************************************
07-13 00:22:55.163  3358  3360 D dalvikvm: GC_CONCURRENT freed 477K, 7% free 10225K/10951K, paused 2ms+2ms
07-13 00:23:07.135   344   344 D SAN_SERVICE: *******************************************
07-13 00:23:07.135   344   344 D SAN_SERVICE: DM App Phone Service State - 0
07-13 00:23:07.135   344   344 D SAN_SERVICE: *******************************************
07-13 00:23:07.870   344   344 D SAN_SERVICE: *******************************************
07-13 00:23:07.870   344   344 D SAN_SERVICE: DM App Phone Service State - 0
07-13 00:23:07.870   344   344 D SAN_SERVICE: *******************************************
07-13 00:23:46.792  6106  6108 D dalvikvm: GC_CONCURRENT freed 682K, 15% free 11915K/13895K, paused 32ms+8ms
07-13 00:23:55.186  7280  7281 D dalvikvm: GC_CONCURRENT freed 573K, 6% free 10431K/11079K, paused 2ms+3ms
07-13 00:24:10.987  6547  6560 I PhoneLab-: Service Running
07-13 00:24:11.065  6547  6560 I PhoneLab-LoggerService: app_37    1373  1     1440   1000  c00f181c 400107b4 S logcat
07-13 00:24:11.065  6547  6560 I PhoneLab-LoggerService: Logcat pid from database 1373
07-13 00:24:11.065  6547  6560 I PhoneLab-LoggerService: Logcat process found 1373
07-13 00:24:11.069  6547  6560 I PhoneLab-LoggerService: Checking Threshold
07-13 00:24:16.714   144   198 D DhcpInfoInternal: makeLinkProperties with empty dns2!
07-13 00:24:16.714   144   198 D DhcpInfoInternal: makeLinkProperties with empty dns2!
07-13 00:24:55.409  3358  3360 D dalvikvm: GC_CONCURRENT freed 476K, 7% free 10260K/10951K, paused 2ms+3ms
07-13 00:25:55.335  7280  7281 D dalvikvm: GC_CONCURRENT freed 511K, 6% free 10432K/11079K, paused 2ms+3ms
07-13 00:25:55.456   144   400 I ActivityManager: Process com.google.android.apps.maps:NetworkLocationService (pid 7280) has died.
07-13 00:25:55.456   144   400 W ActivityManager: Scheduling restart of crashed service com.google.android.apps.maps/com.google.android.location.internal.server.NetworkLocationService in 5000ms
07-13 00:25:55.483  3358  3360 D dalvikvm: GC_CONCURRENT freed 464K, 7% free 10220K/10951K, paused 2ms+2ms
07-13 00:26:00.131   214   216 D dalvikvm: GC_CONCURRENT freed 404K, 55% free 9975K/22023K, paused 9ms+3ms
07-13 00:26:00.522   144   161 I ActivityManager: Start proc com.google.android.apps.maps:NetworkLocationService for service com.google.android.apps.maps/com.google.android.location.internal.server.NetworkLocationService: pid=7921 uid=10056 gids={3003, 1015}
07-13 00:26:00.686  7921  7924 D dalvikvm: GC_CONCURRENT freed 171K, 3% free 9365K/9607K, paused 3ms+3ms
07-13 00:26:01.186   144   424 D dalvikvm: GC_EXPLICIT freed 1018K, 26% free 17712K/23623K, paused 4ms+9ms
07-13 00:26:01.272  7921  7924 D dalvikvm: GC_CONCURRENT freed 164K, 3% free 9686K/9927K, paused 2ms+4ms
07-13 00:26:01.573  7921  7924 D dalvikvm: GC_CONCURRENT freed 166K, 3% free 10074K/10311K, paused 2ms+3ms
07-13 00:26:01.760  7921  7924 D dalvikvm: GC_CONCURRENT freed 668K, 8% free 9887K/10631K, paused 1ms+2ms
07-13 00:26:01.831   144   155 I ActivityManager: Process com.google.android.apps.maps:FriendService (pid 6691) has died.
07-13 00:26:01.862   144   161 I ActivityManager: Start proc com.google.android.apps.maps:FriendService for broadcast com.google.android.apps.maps/com.google.googlenav.friend.android.ServiceReceiver: pid=7942 uid=10056 gids={3003, 1015}
07-13 00:26:01.991  7942  7945 D dalvikvm: GC_CONCURRENT freed 173K, 3% free 9363K/9607K, paused 2ms+2ms
07-13 00:26:02.139  7942  7945 D dalvikvm: GC_CONCURRENT freed 207K, 3% free 9700K/9991K, paused 1ms+3ms
07-13 00:26:02.280  7921  7928 I dalvikvm: Total arena pages for JIT: 11
07-13 00:26:02.280  7921  7928 I dalvikvm: Total arena pages for JIT: 12
07-13 00:26:02.284  7921  7928 I dalvikvm: Total arena pages for JIT: 13
07-13 00:26:02.284  7921  7928 I dalvikvm: Total arena pages for JIT: 14
07-13 00:26:02.288  7921  7928 I dalvikvm: Total arena pages for JIT: 15
07-13 00:26:02.288  7921  7928 I dalvikvm: Total arena pages for JIT: 16
07-13 00:26:02.288  7921  7928 I dalvikvm: Total arena pages for JIT: 17
07-13 00:26:02.374  7921  7928 I dalvikvm: Total arena pages for JIT: 18
07-13 00:26:02.483  7921  7924 D dalvikvm: GC_CONCURRENT freed 197K, 5% free 10169K/10631K, paused 2ms+2ms
07-13 00:26:02.889  7921  7924 D dalvikvm: GC_CONCURRENT freed 397K, 5% free 10204K/10695K, paused 2ms+2ms
07-13 00:26:04.026   144   402 I ActivityManager: Process com.google.android.apps.plus (pid 6268) has died.
07-13 00:26:04.100  3358  3360 D dalvikvm: GC_CONCURRENT freed 396K, 7% free 10228K/10951K, paused 1ms+2ms
07-13 00:26:10.987  6547  6560 I PhoneLab-: Service Running
07-13 00:26:11.089  6547  6560 I PhoneLab-LoggerService: app_37    1373  1     1440   1000  c00f181c 400107b4 S logcat
07-13 00:26:11.089  6547  6560 I PhoneLab-LoggerService: Logcat pid from database 1373
07-13 00:26:11.089  6547  6560 I PhoneLab-LoggerService: Logcat process found 1373
07-13 00:26:11.089  6547  6560 I PhoneLab-LoggerService: Checking Threshold
07-13 00:26:41.624   144   198 D DhcpInfoInternal: makeLinkProperties with empty dns2!
07-13 00:26:41.635   144   198 D DhcpInfoInternal: makeLinkProperties with empty dns2!
07-13 00:27:04.335  7921  7924 D dalvikvm: GC_CONCURRENT freed 512K, 6% free 10236K/10823K, paused 2ms+7ms
07-13 00:27:43.307   144   168 I ActivityManager: Start proc com.google.android.apps.plus for service com.google.android.apps.plus/.service.EsSyncAdapterService: pid=7979 uid=10060 gids={3003, 3002, 1015, 1006}
07-13 00:27:43.600  7979  7982 D dalvikvm: GC_CONCURRENT freed 171K, 3% free 9365K/9607K, paused 2ms+2ms
07-13 00:27:43.772  7979  7979 I ActivityThread: Pub com.google.android.apps.plus.content.ApiProvider: com.google.android.apps.plus.content.EsApiProvider
07-13 00:27:43.815  7979  7979 I ActivityThread: Pub com.google.android.apps.plus.content.EsGooglePhotoProvider: com.google.android.picasasync.PicasaContentProvider
07-13 00:27:43.964  7979  7982 D dalvikvm: GC_CONCURRENT freed 314K, 4% free 9603K/9991K, paused 1ms+2ms
07-13 00:27:43.995  7979  7979 I ActivityThread: Pub com.google.android.apps.plus.content.EsPicasaStoreProvider: com.google.android.picasastore.PicasaPhotoContentProvider
07-13 00:27:44.003  7979  7979 I ActivityThread: Pub com.google.plus.platform: com.google.android.apps.plus.content.AdsProvider
07-13 00:27:44.003  7979  7979 I ActivityThread: Pub com.google.android.apps.plus.iu.EsGoogleIuProvider: com.google.android.apps.plus.iu.InstantUploadProvider
07-13 00:27:44.108   144   326 I ActivityManager: Start proc android.process.media for content provider com.android.providers.media/.MediaProvider: pid=7995 uid=10012 gids={1015, 1023, 1024, 2001, 3003, 3007}
07-13 00:27:44.128  7979  7982 D dalvikvm: GC_CONCURRENT freed 566K, 7% free 9607K/10247K, paused 2ms+18ms
07-13 00:27:44.131  7979  7979 I ActivityThread: Pub com.google.android.apps.plus.content.EsProvider: com.google.android.apps.plus.content.EsProvider
07-13 00:27:44.167    79    79 D dalvikvm: GC_EXPLICIT freed 38K, 4% free 9031K/9347K, paused 2ms+6ms
07-13 00:27:44.237  7995  7995 I ActivityThread: Pub downloads: com.android.providers.downloads.DownloadProvider
07-13 00:27:44.241  7979  7979 D dalvikvm: GC_FOR_ALLOC freed 96K, 5% free 9763K/10247K, paused 53ms
07-13 00:27:44.249    79    79 D dalvikvm: GC_EXPLICIT freed <1K, 4% free 9031K/9347K, paused 1ms+9ms
07-13 00:27:44.307    79    79 D dalvikvm: GC_EXPLICIT freed <1K, 4% free 9031K/9347K, paused 4ms+4ms
07-13 00:27:44.307  7995  7995 I ActivityThread: Pub drm: com.android.providers.drm.DrmProvider
07-13 00:27:44.311  7995  8009 I DownloadManager: in removeSpuriousFiles
07-13 00:27:44.335  7995  8009 I DownloadManager: in removeSpuriousFiles, preserving file /data/data/com.android.providers.downloads/cache/metadata.json
07-13 00:27:44.335  7995  8009 I DownloadManager: in removeSpuriousFiles, preserving file /data/data/com.android.providers.downloads/cache/en_general.htm
07-13 00:27:44.335  7995  8009 I DownloadManager: in removeSpuriousFiles, preserving file /mnt/sdcard/Download/img-thing.jpeg
07-13 00:27:44.335  7995  8009 I DownloadManager: in removeSpuriousFiles, preserving file /data/data/com.android.providers.downloads/cache/metadata-1.json
07-13 00:27:44.335  7995  8009 I DownloadManager: in removeSpuriousFiles, preserving file /data/data/com.android.providers.downloads/cache/downloadfile.jpeg
07-13 00:27:44.335  7995  8009 I DownloadManager: in removeSpuriousFiles, preserving file /data/data/com.android.providers.downloads/cache/metadata-2.json
07-13 00:27:44.335  7995  8009 I DownloadManager: in removeSpuriousFiles, preserving file /data/data/com.android.providers.downloads/cache/metadata-3.json
07-13 00:27:44.335  7995  8009 I DownloadManager: in removeSpuriousFiles, preserving file /data/data/com.android.providers.downloads/cache/downloadfile-1.jpeg
07-13 00:27:44.335  7995  8009 I DownloadManager: in removeSpuriousFiles, preserving file /data/data/com.android.providers.downloads/cache/downloadfile-2.jpeg
07-13 00:27:44.335  7995  8009 I DownloadManager: in removeSpuriousFiles, preserving file /data/data/com.android.providers.downloads/cache/metadata-4.json
07-13 00:27:44.335  7995  8009 I DownloadManager: in removeSpuriousFiles, preserving file /data/data/com.android.providers.downloads/cache/metadata-5.json
07-13 00:27:44.335  7995  8009 I DownloadManager: in removeSpuriousFiles, preserving file /data/data/com.android.providers.downloads/cache/downloadfile.apk
07-13 00:27:44.335  7995  8009 I DownloadManager: deleting spurious file /cache/backup
07-13 00:27:44.354  7995  7995 I ActivityThread: Pub media: com.android.providers.media.MediaProvider
07-13 00:27:44.737  7979  7982 D dalvikvm: GC_CONCURRENT freed 156K, 3% free 10036K/10311K, paused 101ms+2ms
07-13 00:27:44.768  7995  7999 D dalvikvm: GC_CONCURRENT freed 328K, 5% free 9207K/9607K, paused 6ms+3ms
07-13 00:27:44.831  7979  7994 D PicasaPhotoCP: set fsid first time:-1
07-13 00:27:44.964  7979  7982 D dalvikvm: GC_CONCURRENT freed 124K, 3% free 10322K/10567K, paused 2ms+3ms
07-13 00:27:45.069  7979  7982 D dalvikvm: GC_CONCURRENT freed 313K, 5% free 10459K/10951K, paused 2ms+5ms
07-13 00:27:45.100  7979  8010 D dalvikvm: GC_FOR_ALLOC freed 0K, 5% free 10459K/10951K, paused 24ms
07-13 00:27:45.100  7979  8010 I dalvikvm-heap: Grow heap (frag case) to 10.530MB for 260112-byte allocation
07-13 00:27:45.139  7979  8010 D dalvikvm: GC_FOR_ALLOC freed 126K, 6% free 10587K/11207K, paused 23ms
07-13 00:27:45.167  7979  8010 D dalvikvm: GC_FOR_ALLOC freed 311K, 6% free 10580K/11207K, paused 19ms
07-13 00:27:45.190  7979  8010 D dalvikvm: GC_FOR_ALLOC freed 62K, 6% free 10644K/11207K, paused 20ms
07-13 00:27:45.190  7979  8010 I dalvikvm-heap: Grow heap (frag case) to 10.710MB for 260112-byte allocation
07-13 00:27:45.210  7979  8010 D dalvikvm: GC_FOR_ALLOC freed 126K, 7% free 10772K/11463K, paused 20ms
07-13 00:27:45.237  7979  8010 D dalvikvm: GC_FOR_ALLOC freed 369K, 6% free 10827K/11463K, paused 20ms
07-13 00:27:45.260  7979  8010 D dalvikvm: GC_FOR_ALLOC freed 126K, 5% free 10955K/11463K, paused 19ms
07-13 00:27:45.385   144  7984 I ActivityManager: Process com.android.providers.calendar (pid 7458) has died.
07-13 00:27:45.413  7979  7982 D dalvikvm: GC_CONCURRENT freed 339K, 4% free 11198K/11655K, paused 2ms+2ms
07-13 00:27:45.553  7979  7982 D dalvikvm: GC_CONCURRENT freed 141K, 3% free 11722K/11975K, paused 2ms+3ms
07-13 00:27:45.721  7979  7982 D dalvikvm: GC_CONCURRENT freed 546K, 6% free 12014K/12679K, paused 1ms+2ms
07-13 00:27:45.913  7979  7982 D dalvikvm: GC_CONCURRENT freed 209K, 3% free 12740K/13063K, paused 1ms+2ms
07-13 00:27:46.178   144   155 I ActivityManager: Process com.google.android.apps.currents (pid 7525) has died.
07-13 00:27:48.796   144   424 I ActivityManager: Start proc com.google.android.gsf.login for service com.google.android.gsf.login/com.google.android.gsf.loginservice.GoogleLoginService: pid=8020 uid=10009 gids={3003, 1015, 1007, 2001, 3006}
07-13 00:27:51.096  7979  7982 D dalvikvm: GC_CONCURRENT freed 1051K, 9% free 12841K/14023K, paused 3ms+14ms
07-13 00:27:54.518  7979  8010 E dalvikvm: Could not find class 'android.app.Notification$InboxStyle', referenced from method com.google.android.apps.plus.service.AndroidNotification.createDigestNotification
07-13 00:27:54.518  7979  8010 W dalvikvm: VFY: unable to resolve new-instance 41 (Landroid/app/Notification$InboxStyle;) in Lcom/google/android/apps/plus/service/AndroidNotification;
07-13 00:27:54.518  7979  8010 D dalvikvm: VFY: replacing opcode 0x22 at 0x0018
07-13 00:27:54.522  7979  8010 I dalvikvm: Could not find method android.app.Notification$Builder.setPriority, referenced from method com.google.android.apps.plus.service.AndroidNotification.createRichNotification
07-13 00:27:54.522  7979  8010 W dalvikvm: VFY: unable to resolve virtual method 162: Landroid/app/Notification$Builder;.setPriority (I)Landroid/app/Notification$Builder;
07-13 00:27:54.522  7979  8010 D dalvikvm: VFY: replacing opcode 0x6e at 0x00d5
07-13 00:27:54.604  7979  7982 D dalvikvm: GC_CONCURRENT freed 1111K, 9% free 12909K/14151K, paused 3ms+3ms
07-13 00:27:54.608  7979  8010 D dalvikvm: DexOpt: unable to opt direct call 0x00a8 at 0x1a in Lcom/google/android/apps/plus/service/AndroidNotification;.createDigestNotification
07-13 00:27:54.608  7979  8010 D dalvikvm: DexOpt: unable to opt direct call 0x0091 at 0xf1 in Lcom/google/android/apps/plus/service/AndroidNotification;.createRichNotification
07-13 00:27:54.608  7979  8010 D dalvikvm: DexOpt: unable to opt direct call 0x0095 at 0x397 in Lcom/google/android/apps/plus/service/AndroidNotification;.createRichNotification
07-13 00:27:58.667  7979  7982 D dalvikvm: GC_CONCURRENT freed 1062K, 9% free 13033K/14215K, paused 29ms+3ms
07-13 00:28:00.924  7979  7982 D dalvikvm: GC_CONCURRENT freed 1117K, 9% free 13162K/14407K, paused 3ms+3ms
07-13 00:28:03.499  5658  5660 D dalvikvm: GC_CONCURRENT freed 422K, 8% free 9880K/10695K, paused 4ms+6ms
07-13 00:28:03.604  7979  7982 D dalvikvm: GC_CONCURRENT freed 1206K, 10% free 13258K/14599K, paused 2ms+3ms
07-13 00:28:03.796   144   326 D dalvikvm: GC_EXPLICIT freed 671K, 26% free 17656K/23623K, paused 4ms+8ms
07-13 00:28:04.311  3358  3360 D dalvikvm: GC_CONCURRENT freed 500K, 7% free 10236K/10951K, paused 1ms+2ms
07-13 00:28:04.776  7979  8010 D dalvikvm: GC_FOR_ALLOC freed 792K, 7% free 13614K/14599K, paused 49ms
07-13 00:28:04.827  7979  8010 D dalvikvm: GC_FOR_ALLOC freed 354K, 10% free 13601K/14983K, paused 47ms
07-13 00:28:04.827  7979  8010 I dalvikvm-heap: Grow heap (frag case) to 13.684MB for 349232-byte allocation
07-13 00:28:04.870  7979  8010 D dalvikvm: GC_FOR_ALLOC freed 0K, 10% free 13942K/15367K, paused 42ms
07-13 00:28:05.909  7979  7982 D dalvikvm: GC_CONCURRENT freed 1040K, 8% free 14451K/15623K, paused 2ms+4ms
07-13 00:28:06.932  7841  7843 D dalvikvm: GC_CONCURRENT freed 560K, 7% free 10001K/10695K, paused 2ms+3ms
07-13 00:28:07.167  5658  5660 D dalvikvm: GC_CONCURRENT freed 393K, 8% free 9872K/10695K, paused 7ms+4ms
07-13 00:28:08.499  7979  7982 D dalvikvm: GC_CONCURRENT freed 1743K, 12% free 14449K/16327K, paused 2ms+5ms
07-13 00:28:10.991  6547  6560 I PhoneLab-: Service Running
07-13 00:28:11.057  6547  6560 I PhoneLab-LoggerService: app_37    1373  1     1440   1000  c00f181c 400107b4 S logcat
07-13 00:28:11.057  6547  6560 I PhoneLab-LoggerService: Logcat pid from database 1373
07-13 00:28:11.057  6547  6560 I PhoneLab-LoggerService: Logcat process found 1373
07-13 00:28:11.057  6547  6560 I PhoneLab-LoggerService: Checking Threshold
07-13 00:28:11.561  7979  8010 I SqliteDatabaseCpp: sqlite returned: error code = 1, msg = no such column: last_stats_sync_time, db=/data/data/com.google.android.apps.plus/databases/es0.db
07-13 00:28:11.600  7979  8010 E EsSyncAdapterService: Sync failure
07-13 00:28:11.600  7979  8010 E EsSyncAdapterService: android.database.sqlite.SQLiteException: no such column: last_stats_sync_time: , while compiling: SELECT last_stats_sync_time  FROM account_status
07-13 00:28:11.600  7979  8010 E EsSyncAdapterService: 	at android.database.sqlite.SQLiteCompiledSql.native_compile(Native Method)
07-13 00:28:11.600  7979  8010 E EsSyncAdapterService: 	at android.database.sqlite.SQLiteCompiledSql.<init>(SQLiteCompiledSql.java:68)
07-13 00:28:11.600  7979  8010 E EsSyncAdapterService: 	at android.database.sqlite.SQLiteProgram.compileSql(SQLiteProgram.java:143)
07-13 00:28:11.600  7979  8010 E EsSyncAdapterService: 	at android.database.sqlite.SQLiteProgram.compileAndbindAllArgs(SQLiteProgram.java:361)
07-13 00:28:11.600  7979  8010 E EsSyncAdapterService: 	at android.database.sqlite.SQLiteStatement.acquireAndLock(SQLiteStatement.java:260)
07-13 00:28:11.600  7979  8010 E EsSyncAdapterService: 	at android.database.sqlite.SQLiteStatement.simpleQueryForLong(SQLiteStatement.java:137)
07-13 00:28:11.600  7979  8010 E EsSyncAdapterService: 	at android.database.DatabaseUtils.longForQuery(DatabaseUtils.java:791)
07-13 00:28:11.600  7979  8010 E EsSyncAdapterService: 	at android.database.DatabaseUtils.longForQuery(DatabaseUtils.java:779)
07-13 00:28:11.600  7979  8010 E EsSyncAdapterService: 	at com.google.android.apps.plus.content.EsAccountsData.queryLastStatsSyncTimestamp(EsAccountsData.java:570)
07-13 00:28:11.600  7979  8010 E EsSyncAdapterService: 	at com.google.android.apps.plus.service.EsSyncAdapterService.syncContactsStatsIfNecessary(EsSyncAdapterService.java:670)
07-13 00:28:11.600  7979  8010 E EsSyncAdapterService: 	at com.google.android.apps.plus.service.EsSyncAdapterService.doFullSync(EsSyncAdapterService.java:633)
07-13 00:28:11.600  7979  8010 E EsSyncAdapterService: 	at com.google.android.apps.plus.service.EsSyncAdapterService.doSync(EsSyncAdapterService.java:566)
07-13 00:28:11.600  7979  8010 E EsSyncAdapterService: 	at com.google.android.apps.plus.service.EsSyncAdapterService.access$100(EsSyncAdapterService.java:52)
07-13 00:28:11.600  7979  8010 E EsSyncAdapterService: 	at com.google.android.apps.plus.service.EsSyncAdapterService$SyncAdapterImpl.onPerformSync(EsSyncAdapterService.java:408)
07-13 00:28:11.600  7979  8010 E EsSyncAdapterService: 	at android.content.AbstractThreadedSyncAdapter$SyncThread.run(AbstractThreadedSyncAdapter.java:247)
07-13 00:28:11.667   144   168 D SyncManager: failed sync operation lokeshmandvekar@gmail.com (com.google), com.google.android.apps.plus.content.EsProvider, SERVER, earliestRunTime 301500396, SyncResult: stats [ numParseExceptions: 1]
07-13 00:28:11.674   144   168 D SyncManager: not retrying sync operation because the error is a hard error: lokeshmandvekar@gmail.com (com.google), com.google.android.apps.plus.content.EsProvider, SERVER, earliestRunTime 302951276
07-13 00:28:16.585  7979  7982 D dalvikvm: GC_CONCURRENT freed 2919K, 19% free 13279K/16327K, paused 2ms+2ms
07-13 00:28:16.874  7979  8042 D dalvikvm: GC_EXPLICIT freed 154K, 20% free 13213K/16327K, paused 7ms+4ms
07-13 00:28:17.128  5658  5698 D dalvikvm: GC_EXPLICIT freed 359K, 9% free 9824K/10695K, paused 2ms+3ms
07-13 00:28:18.335  7841  7843 D dalvikvm: GC_CONCURRENT freed 375K, 7% free 10010K/10695K, paused 2ms+3ms
07-13 00:28:19.319  5658  5660 D dalvikvm: GC_CONCURRENT freed 342K, 8% free 9866K/10695K, paused 2ms+3ms
07-13 00:28:45.495   144   144 D dalvikvm: GC_EXPLICIT freed 431K, 26% free 17629K/23623K, paused 3ms+8ms
07-13 00:28:45.655 30387 30389 D dalvikvm: GC_CONCURRENT freed 377K, 6% free 10356K/10951K, paused 12ms+4ms
07-13 00:28:45.979  7841  7843 D dalvikvm: GC_CONCURRENT freed 384K, 7% free 10012K/10695K, paused 3ms+2ms
07-13 00:28:51.624  6106  6108 D dalvikvm: GC_CONCURRENT freed 878K, 15% free 11880K/13895K, paused 21ms+3ms
07-13 00:29:04.350  7921  7924 D dalvikvm: GC_CONCURRENT freed 507K, 6% free 10241K/10823K, paused 3ms+2ms
07-13 00:29:04.503  3358  3360 D dalvikvm: GC_CONCURRENT freed 453K, 7% free 10226K/10951K, paused 7ms+2ms
07-13 00:29:06.510   144   198 D DhcpInfoInternal: makeLinkProperties with empty dns2!
07-13 00:29:06.526   144   198 D DhcpInfoInternal: makeLinkProperties with empty dns2!
07-13 00:29:57.249 30387   721 I EventLogService: Aggregate from 1342151997092 (log), 1342151997092 (data)
07-13 00:30:11.003  6547  6560 I PhoneLab-: Service Running
07-13 00:30:11.108  6547  6560 I PhoneLab-LoggerService: app_37    1373  1     1440   1000  c00f181c 400107b4 S logcat
07-13 00:30:11.108  6547  6560 I PhoneLab-LoggerService: Logcat pid from database 1373
07-13 00:30:11.108  6547  6560 I PhoneLab-LoggerService: Logcat process found 1373
07-13 00:30:11.108  6547  6560 I PhoneLab-LoggerService: Checking Threshold
07-13 00:31:02.717  5658  5660 D dalvikvm: GC_CONCURRENT freed 387K, 8% free 9865K/10695K, paused 2ms+4ms
07-13 00:31:02.991 30387  1926 D dalvikvm: GC_EXPLICIT freed 267K, 6% free 10306K/10951K, paused 2ms+3ms
07-13 00:31:04.506  7921  7924 D dalvikvm: GC_CONCURRENT freed 505K, 6% free 10245K/10823K, paused 2ms+3ms
07-13 00:31:04.717  3358  3360 D dalvikvm: GC_CONCURRENT freed 486K, 7% free 10244K/10951K, paused 2ms+3ms
07-13 00:31:31.389   144   198 D DhcpInfoInternal: makeLinkProperties with empty dns2!
07-13 00:31:31.397   144   198 D DhcpInfoInternal: makeLinkProperties with empty dns2!
07-13 00:32:04.694  3358  3360 D dalvikvm: GC_CONCURRENT freed 461K, 7% free 10225K/10951K, paused 2ms+2ms
07-13 00:32:10.987  6547  6560 I PhoneLab-: Service Running
07-13 00:32:11.065  6547  6560 I PhoneLab-LoggerService: app_37    1373  1     1440   1000  c00f181c 400107b4 S logcat
07-13 00:32:11.065  6547  6560 I PhoneLab-LoggerService: Logcat pid from database 1373
07-13 00:32:11.065  6547  6560 I PhoneLab-LoggerService: Logcat process found 1373
07-13 00:32:11.065  6547  6560 I PhoneLab-LoggerService: Checking Threshold
07-13 00:32:11.081  6547  6549 D dalvikvm: GC_CONCURRENT freed 405K, 15% free 9136K/10631K, paused 2ms+3ms
07-13 00:33:04.710  7921  7924 D dalvikvm: GC_CONCURRENT freed 551K, 6% free 10251K/10887K, paused 2ms+6ms
07-13 00:33:52.381  6106  6108 D dalvikvm: GC_CONCURRENT freed 791K, 15% free 11916K/13895K, paused 2ms+4ms
07-13 00:33:56.245   144   198 D DhcpInfoInternal: makeLinkProperties with empty dns2!
07-13 00:33:56.256   144   198 D DhcpInfoInternal: makeLinkProperties with empty dns2!
07-13 00:34:00.522  7979  8133 I SqliteDatabaseCpp: sqlite returned: error code = 1, msg = no such column: wipeout_stats, db=/data/data/com.google.android.apps.plus/databases/es0.db
07-13 00:34:00.522  7979  8133 W System.err: android.database.sqlite.SQLiteException: no such column: wipeout_stats: , while compiling: SELECT wipeout_stats  FROM account_status
07-13 00:34:00.542  7979  8133 W System.err: 	at android.database.sqlite.SQLiteCompiledSql.native_compile(Native Method)
07-13 00:34:00.542  7979  8133 W System.err: 	at android.database.sqlite.SQLiteCompiledSql.<init>(SQLiteCompiledSql.java:68)
07-13 00:34:00.542  7979  8133 W System.err: 	at android.database.sqlite.SQLiteProgram.compileSql(SQLiteProgram.java:143)
07-13 00:34:00.542  7979  8133 W System.err: 	at android.database.sqlite.SQLiteProgram.compileAndbindAllArgs(SQLiteProgram.java:361)
07-13 00:34:00.542  7979  8133 W System.err: 	at android.database.sqlite.SQLiteStatement.acquireAndLock(SQLiteStatement.java:260)
07-13 00:34:00.542  7979  8133 W System.err: 	at android.database.sqlite.SQLiteStatement.simpleQueryForLong(SQLiteStatement.java:137)
07-13 00:34:00.542  7979  8133 W System.err: 	at android.database.DatabaseUtils.longForQuery(DatabaseUtils.java:791)
07-13 00:34:00.542  7979  8133 W System.err: 	at android.database.DatabaseUtils.longForQuery(DatabaseUtils.java:779)
07-13 00:34:00.542  7979  8133 W System.err: 	at com.google.android.apps.plus.content.EsAccountsData.isContactsStatsWipeoutNeeded(EsAccountsData.java:641)
07-13 00:34:00.542  7979  8133 W System.err: 	at com.google.android.apps.plus.service.EsService.processIntent(EsService.java:4246)
07-13 00:34:00.542  7979  8133 W System.err: 	at com.google.android.apps.plus.service.ServiceThread$1.run(ServiceThread.java:50)
07-13 00:34:00.542  7979  8133 W System.err: 	at android.os.Handler.handleCallback(Handler.java:605)
07-13 00:34:00.542  7979  8133 W System.err: 	at android.os.Handler.dispatchMessage(Handler.java:92)
07-13 00:34:00.542  7979  8133 W System.err: 	at android.os.Looper.loop(Looper.java:137)
07-13 00:34:00.542  7979  8133 W System.err: 	at com.google.android.apps.plus.service.ServiceThread.run(ServiceThread.java:122)
07-13 00:34:04.799  3358  3360 D dalvikvm: GC_CONCURRENT freed 487K, 7% free 10285K/10951K, paused 2ms+2ms
07-13 00:34:10.987  6547  6560 I PhoneLab-: Service Running
07-13 00:34:11.089  6547  6560 I PhoneLab-LoggerService: app_37    1373  1     1440   1000  c00f181c 400107b4 S logcat
07-13 00:34:11.089  6547  6560 I PhoneLab-LoggerService: Logcat pid from database 1373
07-13 00:34:11.089  6547  6560 I PhoneLab-LoggerService: Logcat process found 1373
07-13 00:34:11.089  6547  6560 I PhoneLab-LoggerService: Checking Threshold
07-13 00:35:04.799  7921  7924 D dalvikvm: GC_CONCURRENT freed 501K, 6% free 10261K/10887K, paused 2ms+2ms
07-13 00:35:04.917  3358  3360 D dalvikvm: GC_CONCURRENT freed 456K, 7% free 10224K/10951K, paused 2ms+2ms
07-13 00:36:03.698   144  9084 D dalvikvm: GC_EXPLICIT freed 1195K, 25% free 17722K/23623K, paused 49ms+8ms
07-13 00:36:10.987  6547  6560 I PhoneLab-: Service Running
07-13 00:36:11.057  6547  6560 I PhoneLab-LoggerService: app_37    1373  1     1440   1000  c00f181c 400107b4 S logcat
07-13 00:36:11.061  6547  6560 I PhoneLab-LoggerService: Logcat pid from database 1373
07-13 00:36:11.061  6547  6560 I PhoneLab-LoggerService: Logcat process found 1373
07-13 00:36:11.061  6547  6560 I PhoneLab-LoggerService: Checking Threshold
07-13 00:36:21.124   144   198 D DhcpInfoInternal: makeLinkProperties with empty dns2!
07-13 00:36:21.128   144   198 D DhcpInfoInternal: makeLinkProperties with empty dns2!
07-13 00:36:47.881  5358  8161 I Gmail   : MainSyncRequestProto: lowestBkwdConvoId: 0, highestHandledServerOp: 3310532, normalSync: true
07-13 00:36:49.846  5358  5360 D dalvikvm: GC_CONCURRENT freed 827K, 13% free 11404K/12999K, paused 8ms+5ms
07-13 00:36:50.006  5358  8161 D dalvikvm: GC_EXPLICIT freed 287K, 13% free 11395K/12999K, paused 2ms+4ms
07-13 00:36:50.042  5358  8161 I Gmail   : MainSyncRequestProto: lowestBkwdConvoId: 0, highestHandledServerOp: 3310637, normalSync: true
07-13 00:36:50.651  5358  8161 D dalvikvm: GC_EXPLICIT freed 51K, 13% free 11420K/12999K, paused 2ms+5ms
07-13 00:36:50.964  5358  8161 D dalvikvm: GC_EXPLICIT freed 152K, 13% free 11426K/12999K, paused 2ms+4ms
07-13 00:36:50.967  5358  8161 I Gmail   : MainSyncRequestProto: lowestBkwdConvoId: 0, highestHandledServerOp: 3310637, normalSync: true
07-13 00:36:50.971  5358  8161 I Gmail   : lowestBackward conversation id 0
07-13 00:36:50.987  5358  8161 W Gmail   : Scheduling index for 300000 ms from now
07-13 00:36:51.014  5358  8161 I Gmail   : Sending notification intent: Intent { act=android.intent.action.PROVIDER_CHANGED dat=content://gmail-ls/unread/^i (has extras) }
07-13 00:36:51.741  5358  8164 W Gmail   : Showing notification with unreadCount of 1 and unseenCount of 1
07-13 00:36:52.186   214   214 D dalvikvm: GC_FOR_ALLOC freed 197K, 54% free 10138K/22023K, paused 24ms
07-13 00:36:52.280   214   216 D dalvikvm: GC_CONCURRENT freed 318K, 54% free 10222K/22023K, paused 3ms+9ms
07-13 00:37:02.370   214   214 D dalvikvm: GC_FOR_ALLOC freed 509K, 55% free 10056K/22023K, paused 39ms
07-13 00:37:02.952   144   326 W InputManagerService: Window already focused, ignoring focus gain of: com.android.internal.view.IInputMethodClient$Stub$Proxy@417b6c10
07-13 00:37:02.987   214   214 D dalvikvm: GC_FOR_ALLOC freed 424K, 55% free 10005K/22023K, paused 21ms
07-13 00:37:03.014   214   214 D dalvikvm: GC_FOR_ALLOC freed 363K, 55% free 10002K/22023K, paused 17ms
07-13 00:37:03.057   214   216 D dalvikvm: GC_CONCURRENT freed 514K, 55% free 9970K/22023K, paused 2ms+3ms
07-13 00:37:03.112   214   216 D dalvikvm: GC_CONCURRENT freed 506K, 55% free 9916K/22023K, paused 2ms+3ms
07-13 00:37:05.174  7921  7924 D dalvikvm: GC_CONCURRENT freed 509K, 6% free 10263K/10887K, paused 2ms+2ms
07-13 00:37:05.303  3358  3360 D dalvikvm: GC_CONCURRENT freed 484K, 7% free 10244K/10951K, paused 4ms+3ms
07-13 00:38:05.292  3358  3360 D dalvikvm: GC_CONCURRENT freed 455K, 7% free 10233K/10951K, paused 2ms+2ms
07-13 00:38:10.987  6547  6560 I PhoneLab-: Service Running
07-13 00:38:11.077  6547  6560 I PhoneLab-LoggerService: app_37    1373  1     1440   1000  c00f181c 400107b4 S logcat
07-13 00:38:11.077  6547  6560 I PhoneLab-LoggerService: Logcat pid from database 1373
07-13 00:38:11.077  6547  6560 I PhoneLab-LoggerService: Logcat process found 1373
07-13 00:38:11.077  6547  6560 I PhoneLab-LoggerService: Checking Threshold
07-13 00:38:45.803   144   198 D DhcpInfoInternal: makeLinkProperties with empty dns2!
07-13 00:38:45.803   144   198 D DhcpInfoInternal: makeLinkProperties with empty dns2!
07-13 00:38:46.772   214   216 D dalvikvm: GC_CONCURRENT freed 599K, 56% free 9700K/22023K, paused 17ms+4ms
07-13 00:38:54.354  6106  6108 D dalvikvm: GC_CONCURRENT freed 812K, 15% free 11947K/13895K, paused 8ms+3ms
07-13 00:39:05.206  7921  7924 D dalvikvm: GC_CONCURRENT freed 513K, 6% free 10262K/10887K, paused 2ms+3ms
07-13 00:40:05.401  3358  3360 D dalvikvm: GC_CONCURRENT freed 510K, 7% free 10264K/10951K, paused 2ms+8ms
07-13 00:40:10.987  6547  6560 I PhoneLab-: Service Running
07-13 00:40:11.081  6547  6560 I PhoneLab-LoggerService: app_37    1373  1     1440   1000  c00f181c 400107b4 S logcat
07-13 00:40:11.081  6547  6560 I PhoneLab-LoggerService: Logcat pid from database 1373
07-13 00:40:11.081  6547  6560 I PhoneLab-LoggerService: Logcat process found 1373
07-13 00:40:11.081  6547  6560 I PhoneLab-LoggerService: Checking Threshold
07-13 00:41:04.253  7921  7924 D dalvikvm: GC_CONCURRENT freed 398K, 6% free 10320K/10887K, paused 5ms+3ms
07-13 00:41:05.393  7921  7924 D dalvikvm: GC_CONCURRENT freed 465K, 5% free 10415K/10951K, paused 2ms+3ms
07-13 00:41:05.546  3358  3360 D dalvikvm: GC_CONCURRENT freed 475K, 7% free 10224K/10951K, paused 2ms+2ms
07-13 00:41:10.686   144   198 D DhcpInfoInternal: makeLinkProperties with empty dns2!
07-13 00:41:10.698   144   198 D DhcpInfoInternal: makeLinkProperties with empty dns2!
07-13 00:41:41.225 30387 30389 D dalvikvm: GC_CONCURRENT freed 313K, 6% free 10381K/10951K, paused 7ms+5ms
07-13 00:42:05.464  3358  3358 D dalvikvm: GC_EXPLICIT freed 52K, 8% free 10177K/10951K, paused 5ms+2ms
07-13 00:42:10.987  6547  6560 I PhoneLab-: Service Running
07-13 00:42:11.065  6547  6560 I PhoneLab-LoggerService: app_37    1373  1     1440   1000  c00f181c 400107b4 S logcat
07-13 00:42:11.065  6547  6560 I PhoneLab-LoggerService: Logcat pid from database 1373
07-13 00:42:11.065  6547  6560 I PhoneLab-LoggerService: Logcat process found 1373
07-13 00:42:11.065  6547  6560 I PhoneLab-LoggerService: Checking Threshold
07-13 00:43:05.514  7921  7924 D dalvikvm: GC_CONCURRENT freed 534K, 6% free 10405K/11015K, paused 2ms+2ms
07-13 00:43:05.663   144   326 D dalvikvm: GC_EXPLICIT freed 1263K, 26% free 17691K/23623K, paused 3ms+10ms
07-13 00:43:05.757  3358  3360 D dalvikvm: GC_CONCURRENT freed 421K, 7% free 10266K/10951K, paused 2ms+3ms
07-13 00:43:35.573   144   198 D DhcpInfoInternal: makeLinkProperties with empty dns2!
07-13 00:43:35.577   144   198 D DhcpInfoInternal: makeLinkProperties with empty dns2!
07-13 00:43:56.858  6106  6108 D dalvikvm: GC_CONCURRENT freed 862K, 14% free 12056K/13895K, paused 20ms+3ms
07-13 00:43:57.565  6106  6108 D dalvikvm: GC_CONCURRENT freed 923K, 14% free 12032K/13895K, paused 2ms+4ms
07-13 00:44:05.635  3358  3360 D dalvikvm: GC_CONCURRENT freed 469K, 7% free 10223K/10951K, paused 2ms+2ms
07-13 00:44:10.987  6547  6560 I PhoneLab-: Service Running
07-13 00:44:11.132  6547  6560 I PhoneLab-LoggerService: app_37    1373  1     1440   1000  c00f181c 400107b4 S logcat
07-13 00:44:11.132  6547  6560 I PhoneLab-LoggerService: Logcat pid from database 1373
07-13 00:44:11.135  6547  6560 I PhoneLab-LoggerService: Logcat process found 1373
07-13 00:44:11.135  6547  6560 I PhoneLab-LoggerService: Checking Threshold
07-13 00:44:39.526  6547  6547 I PhoneLab-Locks: wake lock acquired
07-13 00:44:39.585  6547  8253 I PhoneLab-PeriodicCheckService: User info is synched
07-13 00:44:39.589  6547  8253 I PhoneLab-PeriodicCheckService: Logger Service is running
07-13 00:44:39.592  6547  6547 I PhoneLab-Locks: wake lock acquired
07-13 00:44:39.596  6547  6547 I PhoneLab-StatusMonitor: Status Monitoring is started
07-13 00:44:39.596  6547  8253 I PhoneLab-Locks: wake lock acquired
07-13 00:44:39.600  6547  8253 I PhoneLab-PeriodicCheckService: Rescheduling periodic checking...
07-13 00:44:39.604  6547  8253 I PhoneLab-Locks: wake lock released
07-13 00:44:39.632  6547  6547 E PhoneLab-PhoneLabManifest: java.io.FileNotFoundException: /data/data/edu.buffalo.cse.phonelab.phonelabservices/files/manifest.xml: open failed: ENOENT (No such file or directory)
07-13 00:44:39.655  6547  6547 I PhoneLab-Locks: wake lock released
07-13 00:44:39.655  6547  6547 I PhoneLab-UploadLogs: Transfering log files now
07-13 00:44:39.655  6547  6547 I PhoneLab-UploadLogs: No log files to transfer
07-13 00:44:39.655  6547  6547 I PhoneLab-Locks: wake lock released
07-13 00:44:39.655  6547  6547 I PhoneLab-UploadLogs: OnStartCommand
07-13 00:45:05.667  7921  7924 D dalvikvm: GC_CONCURRENT freed 511K, 6% free 10405K/11015K, paused 2ms+2ms
07-13 00:46:00.460   144   198 D DhcpInfoInternal: makeLinkProperties with empty dns2!
07-13 00:46:00.475   144   198 D DhcpInfoInternal: makeLinkProperties with empty dns2!
07-13 00:46:05.788  3358  3360 D dalvikvm: GC_CONCURRENT freed 481K, 7% free 10249K/10951K, paused 2ms+6ms
07-13 00:46:10.987  6547  6560 I PhoneLab-: Service Running
07-13 00:46:11.069  6547  6549 D dalvikvm: GC_CONCURRENT freed 399K, 14% free 9146K/10631K, paused 1ms+6ms
07-13 00:46:11.077  6547  6560 I PhoneLab-LoggerService: app_37    1373  1     1440   1000  c00f181c 400107b4 S logcat
07-13 00:46:11.077  6547  6560 I PhoneLab-LoggerService: Logcat pid from database 1373
07-13 00:46:11.085  6547  6560 I PhoneLab-LoggerService: Logcat process found 1373
07-13 00:46:11.085  6547  6560 I PhoneLab-LoggerService: Checking Threshold
07-13 00:46:48.061  5658  5660 D dalvikvm: GC_CONCURRENT freed 402K, 8% free 9858K/10695K, paused 2ms+4ms
07-13 00:47:05.764  7921  7924 D dalvikvm: GC_CONCURRENT freed 512K, 6% free 10405K/11015K, paused 8ms+3ms
07-13 00:47:05.893  3358  3360 D dalvikvm: GC_CONCURRENT freed 443K, 7% free 10222K/10951K, paused 2ms+2ms
07-13 00:48:05.944  7921  7924 D dalvikvm: GC_CONCURRENT freed 393K, 6% free 10397K/11015K, paused 2ms+6ms
07-13 00:48:10.987  6547  6560 I PhoneLab-: Service Running
07-13 00:48:11.065  6547  6560 I PhoneLab-LoggerService: app_37    1373  1     1440   1000  c00f181c 400107b4 S logcat
07-13 00:48:11.065  6547  6560 I PhoneLab-LoggerService: Logcat pid from database 1373
07-13 00:48:11.065  6547  6560 I PhoneLab-LoggerService: Logcat process found 1373
07-13 00:48:11.065  6547  6560 I PhoneLab-LoggerService: Checking Threshold
07-13 00:48:25.342   144   198 D DhcpInfoInternal: makeLinkProperties with empty dns2!
07-13 00:48:25.350   144   198 D DhcpInfoInternal: makeLinkProperties with empty dns2!
07-13 00:48:59.889  6106  6108 D dalvikvm: GC_CONCURRENT freed 949K, 14% free 11967K/13895K, paused 2ms+4ms
07-13 00:49:01.307  5358  8306 W Gmail   : Successful index run, cancel next scheduled index run
07-13 00:49:05.967  3358  3360 D dalvikvm: GC_CONCURRENT freed 482K, 7% free 10242K/10951K, paused 2ms+3ms
07-13 00:50:05.936  7921  7924 D dalvikvm: GC_CONCURRENT freed 502K, 6% free 10407K/11015K, paused 1ms+6ms
07-13 00:50:06.081  3358  3360 D dalvikvm: GC_CONCURRENT freed 489K, 7% free 10239K/10951K, paused 2ms+3ms
07-13 00:50:10.987  6547  6560 I PhoneLab-: Service Running
07-13 00:50:11.046  6547  6560 I PhoneLab-LoggerService: app_37    1373  1     1440   1000  c00f181c 400107b4 S logcat
07-13 00:50:11.046  6547  6560 I PhoneLab-LoggerService: Logcat pid from database 1373
07-13 00:50:11.049  6547  6560 I PhoneLab-LoggerService: Logcat process found 1373
07-13 00:50:11.049  6547  6560 I PhoneLab-LoggerService: Checking Threshold
07-13 00:50:36.538   144   160 V BackupManagerService: Running a backup pass
07-13 00:50:36.561   144   213 V BackupManagerService: Backup requested but nothing pending
07-13 00:50:50.229   144   198 D DhcpInfoInternal: makeLinkProperties with empty dns2!
07-13 00:50:50.245   144   198 D DhcpInfoInternal: makeLinkProperties with empty dns2!
07-13 00:52:00.147 30387 30389 D dalvikvm: GC_CONCURRENT freed 432K, 6% free 10387K/10951K, paused 2ms+3ms
07-13 00:52:00.522   144   403 D dalvikvm: GC_EXPLICIT freed 1567K, 26% free 17709K/23623K, paused 3ms+9ms
07-13 00:52:06.061  7921  7924 D dalvikvm: GC_CONCURRENT freed 511K, 6% free 10407K/11015K, paused 1ms+3ms
07-13 00:52:06.182  3358  3360 D dalvikvm: GC_CONCURRENT freed 485K, 7% free 10264K/10951K, paused 2ms+3ms
07-13 00:52:10.987  6547  6560 I PhoneLab-: Service Running
07-13 00:52:11.096  6547  6560 I PhoneLab-LoggerService: app_37    1373  1     1440   1000  c00f181c 400107b4 S logcat
07-13 00:52:11.096  6547  6560 I PhoneLab-LoggerService: Logcat pid from database 1373
07-13 00:52:11.100  6547  6560 I PhoneLab-LoggerService: Logcat process found 1373
07-13 00:52:11.100  6547  6560 I PhoneLab-LoggerService: Checking Threshold
07-13 00:53:06.182  3358  3360 D dalvikvm: GC_CONCURRENT freed 443K, 7% free 10218K/10951K, paused 1ms+2ms
07-13 00:53:15.096   144   198 D DhcpInfoInternal: makeLinkProperties with empty dns2!
07-13 00:53:15.108   144   198 D DhcpInfoInternal: makeLinkProperties with empty dns2!
07-13 00:54:03.272  6106  6108 D dalvikvm: GC_CONCURRENT freed 918K, 15% free 11950K/13895K, paused 9ms+4ms
07-13 00:54:05.643  6106  6108 D dalvikvm: GC_CONCURRENT freed 904K, 15% free 11917K/13895K, paused 20ms+3ms
07-13 00:54:06.132  7921  7924 D dalvikvm: GC_CONCURRENT freed 516K, 6% free 10403K/11015K, paused 2ms+3ms
07-13 00:54:10.987  6547  6560 I PhoneLab-: Service Running
07-13 00:54:11.065  6547  6560 I PhoneLab-LoggerService: app_37    1373  1     1440   1000  c00f181c 400107b4 S logcat
07-13 00:54:11.065  6547  6560 I PhoneLab-LoggerService: Logcat pid from database 1373
07-13 00:54:11.065  6547  6560 I PhoneLab-LoggerService: Logcat process found 1373
07-13 00:54:11.065  6547  6560 I PhoneLab-LoggerService: Checking Threshold
07-13 00:55:06.339  3358  3360 D dalvikvm: GC_CONCURRENT freed 485K, 7% free 10242K/10951K, paused 2ms+2ms
07-13 00:55:39.971   144   198 D DhcpInfoInternal: makeLinkProperties with empty dns2!
07-13 00:55:39.979   144   198 D DhcpInfoInternal: makeLinkProperties with empty dns2!
07-13 00:56:04.983   144  7984 I ActivityManager: No longer want com.android.calendar (pid 7442): hidden #16
07-13 00:56:06.323  7921  7924 D dalvikvm: GC_CONCURRENT freed 509K, 6% free 10405K/11015K, paused 2ms+3ms
07-13 00:56:06.452  3358  3360 D dalvikvm: GC_CONCURRENT freed 416K, 7% free 10220K/10951K, paused 1ms+2ms
07-13 00:56:10.987  6547  6560 I PhoneLab-: Service Running
07-13 00:56:11.077  6547  6560 I PhoneLab-LoggerService: app_37    1373  1     1440   1000  c00f181c 400107b4 S logcat
07-13 00:56:11.077  6547  6560 I PhoneLab-LoggerService: Logcat pid from database 1373
07-13 00:56:11.077  6547  6560 I PhoneLab-LoggerService: Logcat process found 1373
07-13 00:56:11.077  6547  6560 I PhoneLab-LoggerService: Checking Threshold
07-13 00:58:04.862   144   198 D DhcpInfoInternal: makeLinkProperties with empty dns2!
07-13 00:58:04.870   144   198 D DhcpInfoInternal: makeLinkProperties with empty dns2!
07-13 00:58:06.409  7921  7924 D dalvikvm: GC_CONCURRENT freed 507K, 6% free 10410K/11015K, paused 2ms+3ms
07-13 00:58:06.479 30387 30426 D dalvikvm: GC_EXPLICIT freed 313K, 6% free 10354K/10951K, paused 2ms+5ms
07-13 00:58:06.569  3358  3360 D dalvikvm: GC_CONCURRENT freed 492K, 7% free 10239K/10951K, paused 2ms+2ms
07-13 00:58:10.987  6547  6560 I PhoneLab-: Service Running
07-13 00:58:11.089  6547  6560 I PhoneLab-LoggerService: app_37    1373  1     1440   1000  c00f181c 400107b4 S logcat
07-13 00:58:11.089  6547  6560 I PhoneLab-LoggerService: Logcat pid from database 1373
07-13 00:58:11.089  6547  6560 I PhoneLab-LoggerService: Logcat process found 1373
07-13 00:58:11.089  6547  6560 I PhoneLab-LoggerService: Checking Threshold
07-13 00:59:06.475  3358  3360 D dalvikvm: GC_CONCURRENT freed 412K, 7% free 10225K/10951K, paused 2ms+2ms
07-13 00:59:06.956  6106  6108 D dalvikvm: GC_CONCURRENT freed 763K, 14% free 11995K/13895K, paused 2ms+4ms
07-13 00:59:57.350 30387  1209 I EventLogService: Aggregate from 1342153797254 (log), 1342153797254 (data)
07-13 01:00:02.901   214   216 D dalvikvm: GC_CONCURRENT freed 403K, 57% free 9681K/22023K, paused 18ms+3ms
07-13 01:00:06.514  7921  7924 D dalvikvm: GC_CONCURRENT freed 509K, 6% free 10412K/11015K, paused 2ms+3ms
07-13 01:00:10.987  6547  6560 I PhoneLab-: Service Running
07-13 01:00:11.065  6547  6560 I PhoneLab-LoggerService: app_37    1373  1     1440   1000  c00f181c 400107b4 S logcat
07-13 01:00:11.065  6547  6560 I PhoneLab-LoggerService: Logcat pid from database 1373
07-13 01:00:11.065  6547  6560 I PhoneLab-LoggerService: Logcat process found 1373
07-13 01:00:11.065  6547  6560 I PhoneLab-LoggerService: Checking Threshold
07-13 01:00:29.741   144   198 D DhcpInfoInternal: makeLinkProperties with empty dns2!
07-13 01:00:29.753   144   198 D DhcpInfoInternal: makeLinkProperties with empty dns2!
07-13 01:00:30.854  5658  5660 D dalvikvm: GC_CONCURRENT freed 402K, 8% free 9840K/10695K, paused 2ms+4ms
07-13 01:00:31.065   144   376 D dalvikvm: GC_EXPLICIT freed 1241K, 26% free 17707K/23623K, paused 7ms+10ms
07-13 01:01:06.710  3358  3360 D dalvikvm: GC_CONCURRENT freed 489K, 7% free 10242K/10951K, paused 2ms+3ms
07-13 01:01:06.717  7921  7924 D dalvikvm: GC_CONCURRENT freed 402K, 6% free 10413K/11015K, paused 2ms+8ms
07-13 01:01:42.495   144   168 I ActivityManager: Start proc com.whatsapp:contacts for service com.whatsapp/.accountsync.ContactsSyncAdapterService: pid=8441 uid=10068 gids={1015, 3003}
07-13 01:01:42.565  8441  8441 I dalvikvm: Turning on JNI app bug workarounds for target SDK version 7...
07-13 01:01:42.940  8441  8442 D dalvikvm: GC_CONCURRENT freed 154K, 3% free 9366K/9607K, paused 11ms+2ms
07-13 01:01:43.128   144  7984 I ActivityManager: No longer want com.android.sprintmenu (pid 7554): hidden #16
07-13 01:01:43.132   144   424 W ActivityManager: Scheduling restart of crashed service com.android.sprintmenu/.HiddenPhoneService in 5000ms
07-13 01:01:43.178   144   168 I ActivityManager: Start proc org.mozilla.firefox_beta for service org.mozilla.firefox_beta/org.mozilla.gecko.sync.syncadapter.SyncService: pid=8458 uid=10061 gids={3003, 1015, 1006}
07-13 01:01:43.296  8458  8458 I ActivityThread: Pub org.mozilla.firefox_beta.db.browser: org.mozilla.firefox_beta.db.BrowserProvider
07-13 01:01:43.315  8458  8458 I ActivityThread: Pub org.mozilla.firefox_beta.db.formhistory: org.mozilla.firefox_beta.db.FormHistoryProvider
07-13 01:01:43.319  8458  8458 I ActivityThread: Pub org.mozilla.firefox_beta.db.tabs: org.mozilla.firefox_beta.db.TabsProvider
07-13 01:01:43.335  7841  7843 D dalvikvm: GC_CONCURRENT freed 450K, 7% free 9947K/10695K, paused 6ms+5ms
07-13 01:01:43.342  8458  8458 D SyncAdapter: AccountManager.get(org.mozilla.gecko.GeckoApplication@41330e90)
07-13 01:01:43.370  8458  8471 D GeckoProfile: Found profile dir: /data/data/org.mozilla.firefox_beta/files/mozilla/r0zhquk7.default
07-13 01:01:43.374  8458  8473 I SyncAdapter: Syncing account named lokeshmandvekar for client named 'Firefox Beta on Full Android on Crespo4G' with client guid V94sXC9gK7ko (sync account has 6 clients).
07-13 01:01:43.378  8458  8473 I SyncAdapter: Got onPerformSync. Extras bundle is Bundle[{}]
07-13 01:01:43.378  8458  8473 I SyncAdapter: Account name: lokeshmandvekar
07-13 01:01:43.378  8458  8473 D SyncAdapter: Invalidating auth token.
07-13 01:01:43.417  5658  5954 D dalvikvm: GC_EXPLICIT freed 120K, 9% free 9755K/10695K, paused 2ms+2ms
07-13 01:01:43.507  8458  8473 I SyncAdapter: Waiting on sync monitor.
07-13 01:01:43.518  8458  8470 I SyncAuthService: AccountManager.get(org.mozilla.gecko.sync.setup.SyncAuthenticatorService@4135cca0)
07-13 01:01:43.526  8458  8470 I SyncAuthService: Setting username. Null? false
07-13 01:01:43.526  8458  8470 I SyncAuthService: Setting Sync Key. Null? false
07-13 01:01:43.674  8458  8458 I SyncAdapter: AccountManagerCallback invoked.
07-13 01:01:43.674  8458  8458 D SyncAdapter: Username: lokeshmandvekar
07-13 01:01:43.678  8458  8458 D SyncAdapter: Server:   https://auth.services.mozilla.com/
07-13 01:01:43.678  8458  8458 D SyncAdapter: Password? true
07-13 01:01:43.678  8458  8458 D SyncAdapter: Key?      true
07-13 01:01:43.706  8458  8458 I SyncAdapter: Performing sync.
07-13 01:01:43.757  8458  8458 I GlobalSession: GlobalSession initialized with bundle Bundle[{}]
07-13 01:01:43.835  8458  8458 I SyncConfiguration: Set clusterURL from bundle: https://phx-sync128.services.mozilla.com/
07-13 01:01:43.835  8458  8458 I SyncConfiguration: Set syncID from bundle: SsvQEEWgXg7c
07-13 01:01:43.839  8458  8461 D dalvikvm: GC_CONCURRENT freed 257K, 4% free 9273K/9607K, paused 7ms+3ms
07-13 01:01:43.862  8458  8458 I SyncAdapter: Stage completed: idle
07-13 01:01:43.862  8458  8458 I GlobalSession: Running next stage checkPreconditions (org.mozilla.gecko.sync.stage.CheckPreconditionsStage@41316ea8)...
07-13 01:01:43.862  8458  8458 I SyncAdapter: Stage completed: checkPreconditions
07-13 01:01:43.862  8458  8458 I GlobalSession: Running next stage ensureClusterURL (org.mozilla.gecko.sync.stage.EnsureClusterURLStage@413349f8)...
07-13 01:01:43.862  8458  8458 I EnsureClusterURLStage: Cluster URL is already set and not stale. Continuing with sync.
07-13 01:01:43.862  8458  8458 I SyncAdapter: Stage completed: ensureClusterURL
07-13 01:01:43.862  8458  8458 I GlobalSession: Running next stage fetchInfoCollections (org.mozilla.gecko.sync.stage.FetchInfoCollectionsStage@41336080)...
07-13 01:01:43.964  8458  8461 D dalvikvm: GC_CONCURRENT freed 241K, 4% free 9432K/9799K, paused 3ms+3ms
07-13 01:01:45.444  8458  8479 I InfoCollections: info/collections is {"history":1.3421473996E9,"adblockplus":1.34175876947E9,"bookmarks":1.34175860381E9,"prefs":1.34212304136E9,"passwords":1.34212101146E9,"addons":1.34176087222E9,"crypto":1.32370693163E9,"meta":1.33648557571E9,"forms":1.34212777587E9,"clients":1.34212767514E9,"tabs":1.34214740017E9}
07-13 01:01:45.444  8458  8479 I FetchInfoCollStage: Got timestamps: 
07-13 01:01:45.444  8458  8479 I SyncAdapter: Stage completed: fetchInfoCollections
07-13 01:01:45.444  8458  8479 I GlobalSession: Running next stage fetchMetaGlobal (org.mozilla.gecko.sync.stage.FetchMetaGlobalStage@41333608)...
07-13 01:01:45.444  8458  8479 I FetchMetaGlobalStage: Trying to use persisted meta/global for this session.
07-13 01:01:45.499  8458  8479 I MetaGlobal: meta/global is {"storageVersion":5,"engines":{"history":{"version":1,"syncID":"01-e95SthD5J"},"adblockplus":{"version":1,"syncID":"rGMG9HqQ8upG"},"bookmarks":{"version":2,"syncID":"DGxUQGK3Brjl"},"passwords":{"version":1,"syncID":"TSHU3rEev3hw"},"prefs":{"version":2,"syncID":"syRuG3i8nTfN"},"addons":{"version":1,"syncID":"EOfhOHDJ_kpO"},"forms":{"version":1,"syncID":"-CIEkGBGj2cs"},"clients":{"version":1,"syncID":"dMvGPkFS5Xgi"},"tabs":{"version":1,"syncID":"Gu-a_LMebMpU"}},"syncID":"SsvQEEWgXg7c"}
07-13 01:01:45.499  8458  8479 I FetchMetaGlobalStage: Using persisted meta/global for this session.
07-13 01:01:45.503  8458  8479 I SyncAdapter: Stage completed: fetchMetaGlobal
07-13 01:01:45.503  8458  8479 I GlobalSession: Running next stage ensureKeysStage (org.mozilla.gecko.sync.stage.EnsureCrypto5KeysStage@4132ce08)...
07-13 01:01:45.503  8458  8479 I EnsureC5KeysStage: Trying to use persisted collection keys for this session.
07-13 01:01:45.507  8458  8461 D dalvikvm: GC_CONCURRENT freed 350K, 5% free 9613K/10055K, paused 2ms+2ms
07-13 01:01:45.538  8458  8479 I EnsureC5KeysStage: Using persisted collection keys for this session.
07-13 01:01:45.538  8458  8479 I SyncAdapter: Stage completed: ensureKeysStage
07-13 01:01:45.538  8458  8479 I GlobalSession: Running next stage syncClientsEngine (org.mozilla.gecko.sync.stage.SyncClientsEngineStage@413291d8)...
07-13 01:01:45.893  8458  8479 D dalvikvm: GC_FOR_ALLOC freed 352K, 7% free 9629K/10247K, paused 15ms
07-13 01:01:46.151  8458  8479 I SyncClientsEngineStage: Local client GUID exists on server and was downloaded
07-13 01:01:46.272  8458  8479 D dalvikvm: GC_FOR_ALLOC freed 314K, 6% free 9638K/10247K, paused 35ms
07-13 01:01:46.471  8458  8479 D dalvikvm: GC_FOR_ALLOC freed 305K, 6% free 9637K/10247K, paused 15ms
07-13 01:01:46.741  8458  8479 I SyncAdapter: Stage completed: syncClientsEngine
07-13 01:01:46.741  8458  8479 I GlobalSession: Running next stage syncTabs (org.mozilla.gecko.sync.stage.FennecTabsServerSyncStage@413288e8)...
07-13 01:01:46.796  8458  8479 D dalvikvm: GC_FOR_ALLOC freed 348K, 7% free 9612K/10247K, paused 15ms
07-13 01:01:46.803  8458  8479 I SynchronizerSession: Starting A to B flow. Channel is org.mozilla.gecko.sync.synchronizer.RecordsChannel@41337590
07-13 01:01:46.803  8458  8479 I RecordsChannel: Beginning source.
07-13 01:01:46.807  8458  8481 I RecordsChannel: Source session began. Beginning sink session.
07-13 01:01:46.819  8458  8482 I RecordsChannel: Sink session began. Beginning flow.
07-13 01:01:47.135  8458  8461 D dalvikvm: GC_CONCURRENT freed 355K, 5% free 9739K/10247K, paused 2ms+3ms
07-13 01:01:47.155  8458  8465 I dalvikvm: Total arena pages for JIT: 11
07-13 01:01:47.155  8458  8465 I dalvikvm: Total arena pages for JIT: 12
07-13 01:01:47.155  8458  8465 I dalvikvm: Total arena pages for JIT: 13
07-13 01:01:47.155  8458  8465 I dalvikvm: Total arena pages for JIT: 14
07-13 01:01:47.155  8458  8465 I dalvikvm: Total arena pages for JIT: 15
07-13 01:01:47.155  8458  8465 I dalvikvm: Total arena pages for JIT: 16
07-13 01:01:47.155  8458  8465 I dalvikvm: Total arena pages for JIT: 17
07-13 01:01:47.210  8458  8465 I dalvikvm: Total arena pages for JIT: 18
07-13 01:01:47.260  8458  8482 D dalvikvm: GC_FOR_ALLOC freed 451K, 7% free 9687K/10375K, paused 18ms
07-13 01:01:47.530  8458  8461 D dalvikvm: GC_CONCURRENT freed 456K, 7% free 9725K/10375K, paused 3ms+2ms
07-13 01:01:47.596  8458  8461 D dalvikvm: GC_CONCURRENT freed 485K, 6% free 9753K/10375K, paused 2ms+3ms
07-13 01:01:47.643  8458  8482 I RecordsChannel: onFetchCompleted. Stopping consumer once stores are done.
