07-14 11:57:36.500   144  7984 W InputManagerService: Window already focused, ignoring focus gain of: com.android.internal.view.IInputMethodClient$Stub$Proxy@41634470
07-14 11:57:44.765 31752 31752 D !!!     : B | c4 : Rxh7#
07-14 11:57:45.793 31752 31752 D r6k/pp1b1R1p/2p1r3/4p3/8/3B2R1/PPP3PP/6K1 b - - 0 1: truetruetruetrue
07-14 11:57:45.812 31752 31752 D r6k/pp1b1R1p/2p1r3/4p3/8/3B2R1/PPP3PP/6K1 b - - 0 1: 0 7 7 56 62 63
07-14 11:57:45.922   144   403 W InputManagerService: Window already focused, ignoring focus gain of: com.android.internal.view.IInputMethodClient$Stub$Proxy@417b8238
07-14 11:57:50.394   344   344 D SAN_SERVICE: *******************************************
07-14 11:57:50.394   344   344 D SAN_SERVICE: DM App Phone Service State - 0
07-14 11:57:50.398   344   344 D SAN_SERVICE: *******************************************
07-14 11:57:51.347 31752 31752 D !!!     : R | d7 : Rxh7#
07-14 11:57:52.519 31752 31752 D r6k/pp1b1R1p/2p1r3/4p3/8/3B2R1/PPP3PP/6K1 b - - 0 1: truetruetruetrue
07-14 11:57:52.531 31752 31752 D r6k/pp1b1R1p/2p1r3/4p3/8/3B2R1/PPP3PP/6K1 b - - 0 1: 0 7 7 56 62 63
07-14 11:57:52.648   144   326 W InputManagerService: Window already focused, ignoring focus gain of: com.android.internal.view.IInputMethodClient$Stub$Proxy@41e99b08
07-14 11:57:58.109   144 10051 I ActivityManager: Process com.android.vending (pid 10614) has died.
07-14 11:57:58.125 31752 31791 D GetStringObjTask: retrieving from url = http://www.chess.com/api/get_move_status?id=5HHjW9WUGa%2Bcu1LUwnVJPxTIWxmEve4VdkRnRyg7b5Ch69JH2Z5aB%2B7eGuFw8K2uFx47KFsdE3JRdR3Mzv0PkZOj6eZ8N73BvxmEERrzXjMNRo80rkLyJAUTh0iqof4n
07-14 11:57:58.375 31752 31791 D GetStringObjTask: WebRequest SERVER RESPONSE: Success+0
07-14 11:57:59.140 31752 31752 D !!!     : R | g7 : Rxh7#
07-14 11:57:59.293   344   344 D SAN_SERVICE: *******************************************
07-14 11:57:59.293   344   344 D SAN_SERVICE: DM App Phone Service State - 0
07-14 11:57:59.293   344   344 D SAN_SERVICE: *******************************************
07-14 11:58:00.336 31752 31752 D r6k/pp1b1R1p/2p1r3/4p3/8/3B2R1/PPP3PP/6K1 b - - 0 1: truetruetruetrue
07-14 11:58:00.340 31752 31752 D r6k/pp1b1R1p/2p1r3/4p3/8/3B2R1/PPP3PP/6K1 b - - 0 1: 0 7 7 56 62 63
07-14 11:58:00.430   144   326 W InputManagerService: Window already focused, ignoring focus gain of: com.android.internal.view.IInputMethodClient$Stub$Proxy@41ad28d8
07-14 11:58:01.262 10589 10592 D dalvikvm: GC_CONCURRENT freed 490K, 6% free 9982K/10567K, paused 6ms+6ms
07-14 11:58:05.445   344   344 D SAN_SERVICE: *******************************************
07-14 11:58:05.445   344   344 D SAN_SERVICE: DM App Phone Service State - 0
07-14 11:58:05.445   344   344 D SAN_SERVICE: *******************************************
07-14 11:58:13.332 10172 10185 I PhoneLab-: Service Running
07-14 11:58:13.430 10172 10185 I PhoneLab-LoggerService: app_37    1373  1     1440   988   c00f181c 400107b4 S logcat
07-14 11:58:13.433 10172 10185 I PhoneLab-LoggerService: Logcat pid from database 1373
07-14 11:58:13.433 10172 10185 I PhoneLab-LoggerService: Logcat process found 1373
07-14 11:58:13.433 10172 10185 I PhoneLab-LoggerService: Checking Threshold
07-14 11:58:22.972 31752 31752 D !!!     : R | g7 : Rxh7#
07-14 11:58:24.144 31752 31752 D r6k/pp1b1R1p/2p1r3/4p3/8/3B2R1/PPP3PP/6K1 b - - 0 1: truetruetruetrue
07-14 11:58:24.152 31752 31752 D r6k/pp1b1R1p/2p1r3/4p3/8/3B2R1/PPP3PP/6K1 b - - 0 1: 0 7 7 56 62 63
07-14 11:58:24.273   144 10051 W InputManagerService: Window already focused, ignoring focus gain of: com.android.internal.view.IInputMethodClient$Stub$Proxy@41a61d88
07-14 11:58:35.207 31752 31752 D !!!     : B | f5 : Rxh7#
07-14 11:58:36.191 31752 31752 D r6k/pp1b1R1p/2p1r3/4p3/8/3B2R1/PPP3PP/6K1 b - - 0 1: truetruetruetrue
07-14 11:58:36.199 31752 31752 D r6k/pp1b1R1p/2p1r3/4p3/8/3B2R1/PPP3PP/6K1 b - - 0 1: 0 7 7 56 62 63
07-14 11:58:36.320   144  9084 W InputManagerService: Window already focused, ignoring focus gain of: com.android.internal.view.IInputMethodClient$Stub$Proxy@415d0da0
07-14 11:58:47.680 31752 31752 D r6k/pp1b1R1p/2p1r3/4p3/8/3B2R1/PPP3PP/6K1 b - - 0 1: truetruetruetrue
07-14 11:58:47.711 31752 31752 D r6k/pp1b1R1p/2p1r3/4p3/8/3B2R1/PPP3PP/6K1 b - - 0 1: 0 7 7 56 62 63
07-14 11:58:56.430 31752 31752 D !!!     : R | f3 : Rxh7#
07-14 11:58:56.430 31752 31752 D TEST    :  url for wrong tactics = http://www.chess.com/api/tactics_trainer?id=5HHjW9WUGa%2Bcu1LUwnVJPxTIWxmEve4VdkRnRyg7b5Ch69JH2Z5aB%2B7eGuFw8K2uFx47KFsdE3JRdR3Mzv0PkZOj6eZ8N73BvxmEERrzXjMNRo80rkLyJAUTh0iqof4n&tactics_id=77635&passed=0&correct_moves=0&seconds=11
07-14 11:58:56.457 31752 31780 D WebRequest: requesting url = http://www.chess.com/api/tactics_trainer?id=5HHjW9WUGa%2Bcu1LUwnVJPxTIWxmEve4VdkRnRyg7b5Ch69JH2Z5aB%2B7eGuFw8K2uFx47KFsdE3JRdR3Mzv0PkZOj6eZ8N73BvxmEERrzXjMNRo80rkLyJAUTh0iqof4n&tactics_id=77635&passed=0&correct_moves=0&seconds=11
07-14 11:58:56.762 31752 31780 D Web     : WebRequest SERVER RESPONSE: Success+||35061:1r3rk1/pb3p2/1n4p1/2p5/2P1p1qN/P1Q1P1PN/7P/1R3RK1 w - - 0 1:1. Rf6 Qxh3 :2097:1435:759:36
07-14 11:58:56.762 31752 31780 D Web     : Reason of response: OK
07-14 11:58:56.769 31752 31752 D TEST    : response for wrong tactics = Success+||35061:1r3rk1/pb3p2/1n4p1/2p5/2P1p1qN/P1Q1P1PN/7P/1R3RK1 w - - 0 1:1. Rf6 Qxh3 :2097:1435:759:36
07-14 11:58:56.789   144   155 W InputManagerService: Window already focused, ignoring focus gain of: com.android.internal.view.IInputMethodClient$Stub$Proxy@41d3ad48
07-14 11:59:01.203 10087 10089 D dalvikvm: GC_CONCURRENT freed 519K, 7% free 10269K/10951K, paused 6ms+3ms
07-14 11:59:01.371 10589 10592 D dalvikvm: GC_CONCURRENT freed 465K, 6% free 10024K/10567K, paused 2ms+13ms
07-14 11:59:04.551   144   144 I ActivityManager: START {flg=0x4000000 cmp=com.chess/.ui.activities.HomeScreenActivity} from pid 31752
07-14 11:59:04.687   144   424 W ActivityManager: Duplicate finish request for ActivityRecord{414fdf78 com.chess/.ui.activities.GameTacticsScreenActivity}
07-14 11:59:04.894   144   147 D dalvikvm: GC_CONCURRENT freed 2607K, 26% free 18394K/24711K, paused 25ms+10ms
07-14 11:59:05.058 31752 31752 D FlurryAgent: startSession called
07-14 11:59:05.258   144   174 I ActivityManager: Displayed com.chess/.ui.activities.HomeScreenActivity: +491ms
07-14 11:59:05.387 31752 31752 D OpenGLRenderer: Flushing caches (mode 0)
07-14 11:59:06.363   144 24503 I ActivityManager: START {cmp=com.chess/.ui.activities.GameTacticsScreenActivity (has extras)} from pid 31752
07-14 11:59:06.551 31752 31752 D rnbqkbnr/pppppppp/8/8/8/8/PPPPPPPP/RNBQKBNR: 0 4 7 56 60 63
07-14 11:59:06.566 31752 31752 D FlurryAgent: startSession called
07-14 11:59:06.582 31752 31752 D TEST    : onCreateOptionsMenu called 
07-14 11:59:06.773   144   174 I ActivityManager: Displayed com.chess/.ui.activities.GameTacticsScreenActivity: +323ms
07-14 11:59:06.832 31752 31752 D OpenGLRenderer: Flushing caches (mode 0)
07-14 11:59:07.867 31752 31786 D WebRequest: requesting url = http://www.chess.com/api/tactics_trainer?id=5HHjW9WUGa%2Bcu1LUwnVJPxTIWxmEve4VdkRnRyg7b5Ch69JH2Z5aB%2B7eGuFw8K2uFx47KFsdE3JRdR3Mzv0PkZOj6eZ8N73BvxmEERrzXjMNRo80rkLyJAUTh0iqof4n&tactics_id=
07-14 11:59:07.930 31752 31755 D dalvikvm: GC_CONCURRENT freed 1772K, 15% free 15843K/18439K, paused 63ms+15ms
07-14 11:59:08.308 31752 31786 D Web     : WebRequest SERVER RESPONSE: Success+||63625:3R1b1r/nkp1q1pp/1p3p2/3Bp3/4P1Q1/P1N4P/1PP2PP1/6K1 b - - 0 1:1... Nc6 2. Qc8+ :637:435:702:23
07-14 11:59:08.308 31752 31786 D Web     : Reason of response: OK
07-14 11:59:08.328 31752 31752 D 3R1b1r/nkp1q1pp/1p3p2/3Bp3/4P1Q1/P1N4P/1PP2PP1/6K1 b - - 0 1: truetruetruetrue
07-14 11:59:08.332 31752 31752 D 3R1b1r/nkp1q1pp/1p3p2/3Bp3/4P1Q1/P1N4P/1PP2PP1/6K1 b - - 0 1: 7 4 7 56 62 63
07-14 11:59:42.406 31752 31752 D !!!     : R | d7 : Qc8+
07-14 11:59:42.406 31752 31752 D TEST    :  url for wrong tactics = http://www.chess.com/api/tactics_trainer?id=5HHjW9WUGa%2Bcu1LUwnVJPxTIWxmEve4VdkRnRyg7b5Ch69JH2Z5aB%2B7eGuFw8K2uFx47KFsdE3JRdR3Mzv0PkZOj6eZ8N73BvxmEERrzXjMNRo80rkLyJAUTh0iqof4n&tactics_id=63625&passed=0&correct_moves=0&seconds=35
07-14 11:59:42.449 31752 31791 D WebRequest: requesting url = http://www.chess.com/api/tactics_trainer?id=5HHjW9WUGa%2Bcu1LUwnVJPxTIWxmEve4VdkRnRyg7b5Ch69JH2Z5aB%2B7eGuFw8K2uFx47KFsdE3JRdR3Mzv0PkZOj6eZ8N73BvxmEERrzXjMNRo80rkLyJAUTh0iqof4n&tactics_id=63625&passed=0&correct_moves=0&seconds=35
07-14 11:59:42.890 31752 31791 D Web     : WebRequest SERVER RESPONSE: Success+|0:-16:711:16:718|45549:r1bqk2r/p1p2ppp/1pnp4/2bN4/4PB2/P2B1N2/1PP2nPP/R2QK2R w KQkq - 0 1:1. Ke2 Nxd1 :324:240:679:14
07-14 11:59:42.890 31752 31791 D Web     : Reason of response: OK
07-14 11:59:42.894 31752 31752 D TEST    : response for wrong tactics = Success+|0:-16:711:16:718|45549:r1bqk2r/p1p2ppp/1pnp4/2bN4/4PB2/P2B1N2/1PP2nPP/R2QK2R w KQkq - 0 1:1. Ke2 Nxd1 :324:240:679:14
07-14 11:59:44.222 31752 31752 D 3R1b1r/nkp1q1pp/1p3p2/3Bp3/4P1Q1/P1N4P/1PP2PP1/6K1 b - - 0 1: truetruetruetrue
07-14 11:59:44.238 31752 31752 D 3R1b1r/nkp1q1pp/1p3p2/3Bp3/4P1Q1/P1N4P/1PP2PP1/6K1 b - - 0 1: 7 4 7 56 62 63
07-14 11:59:44.383   144  9303 W InputManagerService: Window already focused, ignoring focus gain of: com.android.internal.view.IInputMethodClient$Stub$Proxy@416fdab0
07-14 12:00:00.000   144   160 D AlarmManagerService: Kernel timezone updated to 240 minutes west of GMT
07-14 12:00:00.047   144   160 I ActivityManager: Start proc com.android.calendar for broadcast com.android.calendar/.widget.CalendarAppWidgetService$CalendarFactory: pid=10807 uid=10005 gids={3003}
07-14 12:00:00.176 10807 10807 I ActivityThread: Pub com.android.calendar.CalendarRecentSuggestionsProvider: com.android.calendar.CalendarRecentSuggestionsProvider
07-14 12:00:00.363   144   403 I ActivityManager: Start proc com.google.android.inputmethod.latin.dictionarypack for broadcast com.google.android.inputmethod.latin.dictionarypack/.UpdateHandler: pid=10823 uid=10025 gids={3003, 1015}
07-14 12:00:00.426   144   400 I ActivityManager: Start proc com.android.providers.calendar for content provider com.android.providers.calendar/.CalendarProvider2: pid=10836 uid=10006 gids={3003, 1015}
07-14 12:00:00.469 10823 10823 I ActivityThread: Pub com.android.inputmethod.latin.dictionarypack: com.google.android.inputmethod.latin.dictionarypack.DictionaryProvider
07-14 12:00:00.508    79    79 D dalvikvm: GC_EXPLICIT freed 37K, 4% free 9031K/9347K, paused 2ms+5ms
07-14 12:00:00.574    79    79 D dalvikvm: GC_EXPLICIT freed <1K, 4% free 9031K/9347K, paused 1ms+11ms
07-14 12:00:00.637    79    79 D dalvikvm: GC_EXPLICIT freed <1K, 4% free 9031K/9347K, paused 2ms+2ms
07-14 12:00:00.683   144   402 D dalvikvm: GC_EXPLICIT freed 564K, 27% free 18203K/24711K, paused 3ms+9ms
07-14 12:00:00.738 10836 10836 I ActivityThread: Pub com.android.calendar: com.android.providers.calendar.CalendarProvider2
07-14 12:00:00.785   144   155 I ActivityManager: Start proc com.koushikdutta.rommanager for broadcast com.koushikdutta.rommanager/.CheckinReceiver: pid=10851 uid=10076 gids={1015, 3003}
07-14 12:00:00.875   144 30930 I ActivityManager: Process com.android.quicksearchbox (pid 10575) has died.
07-14 12:00:00.949 10851 10851 D PurchasingManager: In App Purchasing SDK - Sandbox Mode: PurchasingObserver registered: com.clockworkmod.billing.b@41318ab8
07-14 12:00:00.957 10851 10866 I PurchasingManager: Purchasing Framework initialization complete. Build ID 1.0.3
07-14 12:00:00.961 10851 10866 D SandboxRequestHandler: In App Purchasing SDK - Sandbox Mode: sendGetUserIdRequest
07-14 12:00:00.996   144   380 W ActivityManager: Unable to start service Intent { act=com.amazon.testclient.iap.appUserId flg=0x10000000 (has extras) }: not found
07-14 12:00:01.148 10851 10851 W System.err: java.lang.Exception: no proof string
07-14 12:00:01.152 10851 10851 W System.err: 	at com.clockworkmod.billing.aa.a(Unknown Source)
07-14 12:00:01.152 10851 10851 W System.err: 	at com.clockworkmod.billing.aa.a(Unknown Source)
07-14 12:00:01.152 10851 10851 W System.err: 	at com.koushikdutta.rommanager.as.c(Unknown Source)
07-14 12:00:01.152 10851 10851 W System.err: 	at com.koushikdutta.rommanager.as.a(Unknown Source)
07-14 12:00:01.152 10851 10851 W System.err: 	at com.koushikdutta.rommanager.CheckinReceiver.onReceive(Unknown Source)
07-14 12:00:01.152 10851 10851 W System.err: 	at android.app.ActivityThread.handleReceiver(ActivityThread.java:2119)
07-14 12:00:01.152 10851 10851 W System.err: 	at android.app.ActivityThread.access$1500(ActivityThread.java:123)
07-14 12:00:01.152 10851 10851 W System.err: 	at android.app.ActivityThread$H.handleMessage(ActivityThread.java:1197)
07-14 12:00:01.152 10851 10851 W System.err: 	at android.os.Handler.dispatchMessage(Handler.java:99)
07-14 12:00:01.152 10851 10851 W System.err: 	at android.os.Looper.loop(Looper.java:137)
07-14 12:00:01.152 10851 10851 W System.err: 	at android.app.ActivityThread.main(ActivityThread.java:4424)
07-14 12:00:01.152 10851 10851 W System.err: 	at java.lang.reflect.Method.invokeNative(Native Method)
07-14 12:00:01.152 10851 10851 W System.err: 	at java.lang.reflect.Method.invoke(Method.java:511)
07-14 12:00:01.152 10851 10851 W System.err: 	at com.android.internal.os.ZygoteInit$MethodAndArgsCaller.run(ZygoteInit.java:784)
07-14 12:00:01.152 10851 10851 W System.err: 	at com.android.internal.os.ZygoteInit.main(ZygoteInit.java:551)
07-14 12:00:01.152 10851 10851 W System.err: 	at dalvik.system.NativeStart.main(Native Method)
07-14 12:00:01.336   144   403 I ActivityManager: Process android.process.media (pid 10435) has died.
07-14 12:00:01.933 10836 10836 I CalendarProvider2: Sending notification intent: Intent { act=android.intent.action.PROVIDER_CHANGED dat=content://com.android.calendar }
07-14 12:00:01.941 10836 10836 W ContentResolver: Failed to get type for: content://com.android.calendar (Unknown URL content://com.android.calendar)
07-14 12:00:03.926 31752 31752 D !!!     : Q | c8 : Qc8+
07-14 12:00:05.262 31752 31780 D WebRequest: requesting url = http://www.chess.com/api/tactics_trainer?id=5HHjW9WUGa%2Bcu1LUwnVJPxTIWxmEve4VdkRnRyg7b5Ch69JH2Z5aB%2B7eGuFw8K2uFx47KFsdE3JRdR3Mzv0PkZOj6eZ8N73BvxmEERrzXjMNRo80rkLyJAUTh0iqof4n&tactics_id=
07-14 12:00:05.656 31752 31780 D Web     : WebRequest SERVER RESPONSE: Success+||50581:r2q1r1k/3n1B1R/pnpp3P/4p2Q/4P3/2NPb3/1PP2P2/R3K3 b Q - 0 1:1... Kxh7 2. Qg6+ Kh8 3. Qg7# :645:329:679:58
07-14 12:00:05.664 31752 31780 D Web     : Reason of response: OK
07-14 12:00:05.683 31752 31752 D r2q1r1k/3n1B1R/pnpp3P/4p2Q/4P3/2NPb3/1PP2P2/R3K3 b Q - 0 1: truefalsetruetrue
07-14 12:00:05.695 31752 31752 D r2q1r1k/3n1B1R/pnpp3P/4p2Q/4P3/2NPb3/1PP2P2/R3K3 b Q - 0 1: 0 7 5 56 60 63
07-14 12:00:05.781   144   155 W InputManagerService: Window already focused, ignoring focus gain of: com.android.internal.view.IInputMethodClient$Stub$Proxy@415ed108
07-14 12:00:13.308 10172 10185 I PhoneLab-: Service Running
07-14 12:00:13.410 10172 10185 I PhoneLab-LoggerService: app_37    1373  1     1440   988   c00f181c 400107b4 S logcat
07-14 12:00:13.410 10172 10185 I PhoneLab-LoggerService: Logcat pid from database 1373
07-14 12:00:13.410 10172 10185 I PhoneLab-LoggerService: Logcat process found 1373
07-14 12:00:13.414 10172 10185 I PhoneLab-LoggerService: Checking Threshold
07-14 12:00:19.543 31752 31752 D !!!     : Q | g6 : Qg6+
07-14 12:00:32.226 31752 31752 D !!!     : Q | g7 : Qg7#
07-14 12:00:32.226 31752 31752 D TEST    :  url for correct tactics = http://www.chess.com/api/tactics_trainer?id=5HHjW9WUGa%2Bcu1LUwnVJPxTIWxmEve4VdkRnRyg7b5Ch69JH2Z5aB%2B7eGuFw8K2uFx47KFsdE3JRdR3Mzv0PkZOj6eZ8N73BvxmEERrzXjMNRo80rkLyJAUTh0iqof4n&tactics_id=50581&passed=1&correct_moves=2&seconds=27
07-14 12:00:32.277 31752 31792 D WebRequest: requesting url = http://www.chess.com/api/tactics_trainer?id=5HHjW9WUGa%2Bcu1LUwnVJPxTIWxmEve4VdkRnRyg7b5Ch69JH2Z5aB%2B7eGuFw8K2uFx47KFsdE3JRdR3Mzv0PkZOj6eZ8N73BvxmEERrzXjMNRo80rkLyJAUTh0iqof4n&tactics_id=50581&passed=1&correct_moves=2&seconds=27
07-14 12:00:32.719 31752 31792 D Web     : WebRequest SERVER RESPONSE: Success+|91.1:11:722:-11:668|39713:4r3/1R6/6k1/3B1p2/1P3Kp1/5nP1/5P2/8 b - - 0 1:1... Nd4 2. Bf7+ Kf6 3. Bxe8 :1043:672:713:25
07-14 12:00:32.719 31752 31792 D Web     : Reason of response: OK
07-14 12:00:32.726 31752 31752 D TEST    : response for correct tactics = Success+|91.1:11:722:-11:668|39713:4r3/1R6/6k1/3B1p2/1P3Kp1/5nP1/5P2/8 b - - 0 1:1... Nd4 2. Bf7+ Kf6 3. Bxe8 :1043:672:713:25
07-14 12:00:33.871 31752 31766 D WebRequest: requesting url = http://www.chess.com/api/tactics_trainer?id=5HHjW9WUGa%2Bcu1LUwnVJPxTIWxmEve4VdkRnRyg7b5Ch69JH2Z5aB%2B7eGuFw8K2uFx47KFsdE3JRdR3Mzv0PkZOj6eZ8N73BvxmEERrzXjMNRo80rkLyJAUTh0iqof4n&tactics_id=
07-14 12:00:34.265 31752 31766 D Web     : WebRequest SERVER RESPONSE: Success+||142790:3r2k1/6pp/4p3/pQp5/8/P1PPqPPP/1P3RK1/8 b - - 0 1:1... Rxd3 2. Qe8# :799:526:693:19
07-14 12:00:34.269 31752 31766 D Web     : Reason of response: OK
07-14 12:00:34.293 31752 31752 D 3r2k1/6pp/4p3/pQp5/8/P1PPqPPP/1P3RK1/8 b - - 0 1: truetruetruetrue
07-14 12:00:34.305 31752 31752 D 3r2k1/6pp/4p3/pQp5/8/P1PPqPPP/1P3RK1/8 b - - 0 1: 3 6 7 56 60 63
07-14 12:00:34.418   144  9303 W InputManagerService: Window already focused, ignoring focus gain of: com.android.internal.view.IInputMethodClient$Stub$Proxy@416ad890
07-14 12:00:58.906  5517  5543 I EventLogService: Aggregate from 1342279858826 (log), 1342279858826 (data)
07-14 12:00:59.801 31752 31752 D !!!     : Q | e8 : Qe8#
07-14 12:00:59.801 31752 31752 D TEST    :  url for correct tactics = http://www.chess.com/api/tactics_trainer?id=5HHjW9WUGa%2Bcu1LUwnVJPxTIWxmEve4VdkRnRyg7b5Ch69JH2Z5aB%2B7eGuFw8K2uFx47KFsdE3JRdR3Mzv0PkZOj6eZ8N73BvxmEERrzXjMNRo80rkLyJAUTh0iqof4n&tactics_id=142790&passed=1&correct_moves=1&seconds=26
07-14 12:00:59.851 31752 31786 D WebRequest: requesting url = http://www.chess.com/api/tactics_trainer?id=5HHjW9WUGa%2Bcu1LUwnVJPxTIWxmEve4VdkRnRyg7b5Ch69JH2Z5aB%2B7eGuFw8K2uFx47KFsdE3JRdR3Mzv0PkZOj6eZ8N73BvxmEERrzXjMNRo80rkLyJAUTh0iqof4n&tactics_id=142790&passed=1&correct_moves=1&seconds=26
07-14 12:01:00.160 31752 31786 D Web     : WebRequest SERVER RESPONSE: Success+|65.3:3:725:-3:690|50422:r1bq1b1r/ppp2k1p/4pnn1/3pN3/3P4/2N5/PPP2P1P/R1BQKB1R b KQ - 0 1:1... Nxe5 2. dxe5 :1421:896:675:59
07-14 12:01:00.160 31752 31786 D Web     : Reason of response: OK
07-14 12:01:00.172 31752 31752 D TEST    : response for correct tactics = Success+|65.3:3:725:-3:690|50422:r1bq1b1r/ppp2k1p/4pnn1/3pN3/3P4/2N5/PPP2P1P/R1BQKB1R b KQ - 0 1:1... Nxe5 2. dxe5 :1421:896:675:59
07-14 12:01:01.273 10087 10089 D dalvikvm: GC_CONCURRENT freed 509K, 7% free 10272K/10951K, paused 6ms+2ms
07-14 12:01:01.336 31752 31791 D WebRequest: requesting url = http://www.chess.com/api/tactics_trainer?id=5HHjW9WUGa%2Bcu1LUwnVJPxTIWxmEve4VdkRnRyg7b5Ch69JH2Z5aB%2B7eGuFw8K2uFx47KFsdE3JRdR3Mzv0PkZOj6eZ8N73BvxmEERrzXjMNRo80rkLyJAUTh0iqof4n&tactics_id=
07-14 12:01:01.476 10589 10592 D dalvikvm: GC_CONCURRENT freed 589K, 7% free 9972K/10631K, paused 3ms+9ms
07-14 12:01:01.730 31752 31791 D Web     : WebRequest SERVER RESPONSE: Success+||60939:rnb1kbnr/pp3Qpp/2p5/3Bp3/4P2q/8/PPPP1PPP/RNB1K1NR b KQkq - 0 1:1... Kd8 2. Qxf8+ Kc7 3. Qxg7+ :1402:483:680:170
07-14 12:01:01.730 31752 31791 D Web     : Reason of response: OK
07-14 12:01:01.730 31752 31752 D rnb1kbnr/pp3Qpp/2p5/3Bp3/4P2q/8/PPPP1PPP/RNB1K1NR b KQkq - 0 1: falsefalsefalsefalse
07-14 12:01:01.734 31752 31752 D rnb1kbnr/pp3Qpp/2p5/3Bp3/4P2q/8/PPPP1PPP/RNB1K1NR b KQkq - 0 1: 0 4 7 56 60 63
07-14 12:01:01.847   144   156 W InputManagerService: Window already focused, ignoring focus gain of: com.android.internal.view.IInputMethodClient$Stub$Proxy@41698d90
07-14 12:01:02.101 10589 10592 D dalvikvm: GC_CONCURRENT freed 319K, 6% free 10068K/10631K, paused 6ms+3ms
07-14 12:01:02.414 10589 10592 D dalvikvm: GC_CONCURRENT freed 278K, 4% free 10282K/10695K, paused 6ms+3ms
07-14 12:01:24.992 31752 31752 D !!!     : Q | f8 : Qxf8+
07-14 12:01:33.176 31752 31752 D !!!     : Q | g7 : Qxg7+
07-14 12:01:33.176 31752 31752 D TEST    :  url for correct tactics = http://www.chess.com/api/tactics_trainer?id=5HHjW9WUGa%2Bcu1LUwnVJPxTIWxmEve4VdkRnRyg7b5Ch69JH2Z5aB%2B7eGuFw8K2uFx47KFsdE3JRdR3Mzv0PkZOj6eZ8N73BvxmEERrzXjMNRo80rkLyJAUTh0iqof4n&tactics_id=60939&passed=1&correct_moves=2&seconds=32
07-14 12:01:33.226 31752 31780 D WebRequest: requesting url = http://www.chess.com/api/tactics_trainer?id=5HHjW9WUGa%2Bcu1LUwnVJPxTIWxmEve4VdkRnRyg7b5Ch69JH2Z5aB%2B7eGuFw8K2uFx47KFsdE3JRdR3Mzv0PkZOj6eZ8N73BvxmEERrzXjMNRo80rkLyJAUTh0iqof4n&tactics_id=60939&passed=1&correct_moves=2&seconds=32
07-14 12:01:33.535 31752 31780 D Web     : WebRequest SERVER RESPONSE: Success+|100:13:738:-13:667|54913:r3k1nr/pp3ppp/1qn1p3/1B1pPb2/2P5/P2p4/P3NPPP/R1BQK2R w KQkq - 0 1:1. Nd4 Qxd4 :711:492:779:21
07-14 12:01:33.535 31752 31780 D Web     : Reason of response: OK
07-14 12:01:33.558 31752 31752 D TEST    : response for correct tactics = Success+|100:13:738:-13:667|54913:r3k1nr/pp3ppp/1qn1p3/1B1pPb2/2P5/P2p4/P3NPPP/R1BQK2R w KQkq - 0 1:1. Nd4 Qxd4 :711:492:779:21
07-14 12:01:35.039 31752 31792 D WebRequest: requesting url = http://www.chess.com/api/tactics_trainer?id=5HHjW9WUGa%2Bcu1LUwnVJPxTIWxmEve4VdkRnRyg7b5Ch69JH2Z5aB%2B7eGuFw8K2uFx47KFsdE3JRdR3Mzv0PkZOj6eZ8N73BvxmEERrzXjMNRo80rkLyJAUTh0iqof4n&tactics_id=
07-14 12:01:35.168 31752 31755 D dalvikvm: GC_CONCURRENT freed 1880K, 14% free 15958K/18439K, paused 13ms+12ms
07-14 12:01:35.797 31752 31792 D Web     : WebRequest SERVER RESPONSE: Success+||174824:r2qk2r/pp2ppbp/3p2p1/n1pP4/2P1B1b1/4PN2/PP1B1PPP/R2QK2R b KQkq - 0 1:1... Nxc4 2. Qa4+ Qd7 3. Qxc4 :763:454:759:37
07-14 12:01:35.797 31752 31792 D Web     : Reason of response: OK
07-14 12:01:35.812 31752 31752 D r2qk2r/pp2ppbp/3p2p1/n1pP4/2P1B1b1/4PN2/PP1B1PPP/R2QK2R b KQkq - 0 1: falsefalsefalsefalse
07-14 12:01:35.824 31752 31752 D r2qk2r/pp2ppbp/3p2p1/n1pP4/2P1B1b1/4PN2/PP1B1PPP/R2QK2R b KQkq - 0 1: 0 4 7 56 60 63
07-14 12:01:35.937   144   156 W InputManagerService: Window already focused, ignoring focus gain of: com.android.internal.view.IInputMethodClient$Stub$Proxy@41683768
07-14 12:01:48.918 31752 31752 D !!!     : Q | a4 : Qa4+
07-14 12:01:56.402 10729 10732 D dalvikvm: GC_CONCURRENT freed 624K, 7% free 11412K/12167K, paused 7ms+3ms
07-14 12:02:01.422 10087 10089 D dalvikvm: GC_CONCURRENT freed 395K, 7% free 10262K/10951K, paused 1ms+2ms
07-14 12:02:01.469 10589 10592 D dalvikvm: GC_CONCURRENT freed 700K, 8% free 10110K/10887K, paused 1ms+3ms
07-14 12:02:06.140 31752 31752 D !!!     : Q | c4 : Qxc4
07-14 12:02:06.140 31752 31752 D TEST    :  url for correct tactics = http://www.chess.com/api/tactics_trainer?id=5HHjW9WUGa%2Bcu1LUwnVJPxTIWxmEve4VdkRnRyg7b5Ch69JH2Z5aB%2B7eGuFw8K2uFx47KFsdE3JRdR3Mzv0PkZOj6eZ8N73BvxmEERrzXjMNRo80rkLyJAUTh0iqof4n&tactics_id=174824&passed=1&correct_moves=2&seconds=31
07-14 12:02:06.160 31752 31766 D WebRequest: requesting url = http://www.chess.com/api/tactics_trainer?id=5HHjW9WUGa%2Bcu1LUwnVJPxTIWxmEve4VdkRnRyg7b5Ch69JH2Z5aB%2B7eGuFw8K2uFx47KFsdE3JRdR3Mzv0PkZOj6eZ8N73BvxmEERrzXjMNRo80rkLyJAUTh0iqof4n&tactics_id=174824&passed=1&correct_moves=2&seconds=31
07-14 12:02:06.480 31752 31766 D Web     : WebRequest SERVER RESPONSE: Success+|83.2:11:749:-11:748|96070:3q2Qk/5n2/p2pnN1b/1p6/4PP2/6R1/PPr3PP/5RK1 b - - 0 1:1... Qxg8 2. Rxg8# :506:349:746:14
07-14 12:02:06.480 31752 31766 D Web     : Reason of response: OK
07-14 12:02:06.484 31752 31752 D TEST    : response for correct tactics = Success+|83.2:11:749:-11:748|96070:3q2Qk/5n2/p2pnN1b/1p6/4PP2/6R1/PPr3PP/5RK1 b - - 0 1:1... Qxg8 2. Rxg8# :506:349:746:14
07-14 12:02:07.570 31752 31786 D WebRequest: requesting url = http://www.chess.com/api/tactics_trainer?id=5HHjW9WUGa%2Bcu1LUwnVJPxTIWxmEve4VdkRnRyg7b5Ch69JH2Z5aB%2B7eGuFw8K2uFx47KFsdE3JRdR3Mzv0PkZOj6eZ8N73BvxmEERrzXjMNRo80rkLyJAUTh0iqof4n&tactics_id=
07-14 12:02:07.961 31752 31786 D Web     : WebRequest SERVER RESPONSE: Success+||27274:1B6/5k2/8/1p6/1P5K/4n2P/4b1r1/4R3 w - - 0 1:1. Ba7 Nf5# :2856:1912:799:32
07-14 12:02:07.961 31752 31786 D Web     : Reason of response: OK
07-14 12:02:07.965 31752 31752 D 1B6/5k2/8/1p6/1P5K/4n2P/4b1r1/4R3 w - - 0 1: truetruetruetrue
07-14 12:02:07.969 31752 31752 D 1B6/5k2/8/1p6/1P5K/4n2P/4b1r1/4R3 w - - 0 1: 0 4 7 60 60 63
07-14 12:02:08.066   144   326 W InputManagerService: Window already focused, ignoring focus gain of: com.android.internal.view.IInputMethodClient$Stub$Proxy@41633d68
07-14 12:02:13.308 10172 10185 I PhoneLab-: Service Running
07-14 12:02:13.383 10172 10185 I PhoneLab-LoggerService: app_37    1373  1     1440   988   c00f181c 400107b4 S logcat
07-14 12:02:13.387 10172 10185 I PhoneLab-LoggerService: Logcat pid from database 1373
07-14 12:02:13.387 10172 10185 I PhoneLab-LoggerService: Logcat process found 1373
07-14 12:02:13.387 10172 10185 I PhoneLab-LoggerService: Checking Threshold
07-14 12:02:33.316 31752 31752 D !!!     : N | f5 : Nf5#
07-14 12:02:33.316 31752 31752 D TEST    :  url for correct tactics = http://www.chess.com/api/tactics_trainer?id=5HHjW9WUGa%2Bcu1LUwnVJPxTIWxmEve4VdkRnRyg7b5Ch69JH2Z5aB%2B7eGuFw8K2uFx47KFsdE3JRdR3Mzv0PkZOj6eZ8N73BvxmEERrzXjMNRo80rkLyJAUTh0iqof4n&tactics_id=27274&passed=1&correct_moves=1&seconds=26
07-14 12:02:33.336 31752 31791 D WebRequest: requesting url = http://www.chess.com/api/tactics_trainer?id=5HHjW9WUGa%2Bcu1LUwnVJPxTIWxmEve4VdkRnRyg7b5Ch69JH2Z5aB%2B7eGuFw8K2uFx47KFsdE3JRdR3Mzv0PkZOj6eZ8N73BvxmEERrzXjMNRo80rkLyJAUTh0iqof4n&tactics_id=27274&passed=1&correct_moves=1&seconds=26
07-14 12:02:33.773 31752 31791 D Web     : WebRequest SERVER RESPONSE: Success+|83.8:12:761:-12:787|116303:rr4k1/5ppp/4bn2/pPBpb3/P2P4/7P/R2N2P1/3K1B1R b - - 0 1:1... Bxd4 2. Bxd4 :546:389:738:24
07-14 12:02:33.773 31752 31791 D Web     : Reason of response: OK
07-14 12:02:33.785 31752 31752 D TEST    : response for correct tactics = Success+|83.8:12:761:-12:787|116303:rr4k1/5ppp/4bn2/pPBpb3/P2P4/7P/R2N2P1/3K1B1R b - - 0 1:1... Bxd4 2. Bxd4 :546:389:738:24
07-14 12:02:34.847 31752 31780 D WebRequest: requesting url = http://www.chess.com/api/tactics_trainer?id=5HHjW9WUGa%2Bcu1LUwnVJPxTIWxmEve4VdkRnRyg7b5Ch69JH2Z5aB%2B7eGuFw8K2uFx47KFsdE3JRdR3Mzv0PkZOj6eZ8N73BvxmEERrzXjMNRo80rkLyJAUTh0iqof4n&tactics_id=
07-14 12:02:35.234 31752 31780 D Web     : WebRequest SERVER RESPONSE: Success+||40022:rnbq1b1r/ppp1k1pp/3p4/8/3Pn3/8/PPP1QPPP/RNB1KB1R b KQ - 0 1:1... d5 2. Bg5+ Kd7 3. Bxd8 :1127:574:778:30
07-14 12:02:35.234 31752 31780 D Web     : Reason of response: OK
07-14 12:02:35.238 31752 31752 D rnbq1b1r/ppp1k1pp/3p4/8/3Pn3/8/PPP1QPPP/RNB1KB1R b KQ - 0 1: falsefalsetruetrue
07-14 12:02:35.242 31752 31752 D rnbq1b1r/ppp1k1pp/3p4/8/3Pn3/8/PPP1QPPP/RNB1KB1R b KQ - 0 1: 0 4 7 56 60 63
07-14 12:02:35.340   144  9084 W InputManagerService: Window already focused, ignoring focus gain of: com.android.internal.view.IInputMethodClient$Stub$Proxy@415da108
07-14 12:02:40.957   144   160 V BackupManagerService: Running a backup pass
07-14 12:02:40.976   144   213 V BackupManagerService: Backup requested but nothing pending
07-14 12:02:58.082 31752 31792 D GetStringObjTask: retrieving from url = http://www.chess.com/api/get_move_status?id=5HHjW9WUGa%2Bcu1LUwnVJPxTIWxmEve4VdkRnRyg7b5Ch69JH2Z5aB%2B7eGuFw8K2uFx47KFsdE3JRdR3Mzv0PkZOj6eZ8N73BvxmEERrzXjMNRo80rkLyJAUTh0iqof4n
07-14 12:02:58.308 31752 31792 D GetStringObjTask: WebRequest SERVER RESPONSE: Success+0
07-14 12:03:01.488 10589 10592 D dalvikvm: GC_CONCURRENT freed 407K, 7% free 10128K/10887K, paused 1ms+2ms
07-14 12:03:30.797 31752 31752 D !!!     :  | c4 : Bg5+
07-14 12:03:30.797 31752 31752 D TEST    :  url for wrong tactics = http://www.chess.com/api/tactics_trainer?id=5HHjW9WUGa%2Bcu1LUwnVJPxTIWxmEve4VdkRnRyg7b5Ch69JH2Z5aB%2B7eGuFw8K2uFx47KFsdE3JRdR3Mzv0PkZOj6eZ8N73BvxmEERrzXjMNRo80rkLyJAUTh0iqof4n&tactics_id=40022&passed=0&correct_moves=0&seconds=56
07-14 12:03:30.820 31752 31766 D WebRequest: requesting url = http://www.chess.com/api/tactics_trainer?id=5HHjW9WUGa%2Bcu1LUwnVJPxTIWxmEve4VdkRnRyg7b5Ch69JH2Z5aB%2B7eGuFw8K2uFx47KFsdE3JRdR3Mzv0PkZOj6eZ8N73BvxmEERrzXjMNRo80rkLyJAUTh0iqof4n&tactics_id=40022&passed=0&correct_moves=0&seconds=56
07-14 12:03:31.199 31752 31766 D Web     : WebRequest SERVER RESPONSE: Success+|0:-14:747:14:792|134850:rnbqk2r/p4pp1/2p2n1p/4p3/1bB3PP/2N2Q2/PPPP1P2/R1B1K1NR b KQkq h3 0 1:1... Nxg4 2. Qxf7# :582:401:725:14
07-14 12:03:31.199 31752 31766 D Web     : Reason of response: OK
07-14 12:03:31.222 31752 31752 D TEST    : response for wrong tactics = Success+|0:-14:747:14:792|134850:rnbqk2r/p4pp1/2p2n1p/4p3/1bB3PP/2N2Q2/PPPP1P2/R1B1K1NR b KQkq h3 0 1:1... Nxg4 2. Qxf7# :582:401:725:14
07-14 12:03:32.406 31752 31752 D rnbq1b1r/ppp1k1pp/3p4/8/3Pn3/8/PPP1QPPP/RNB1KB1R b KQ - 0 1: falsefalsetruetrue
07-14 12:03:32.426 31752 31752 D rnbq1b1r/ppp1k1pp/3p4/8/3Pn3/8/PPP1QPPP/RNB1KB1R b KQ - 0 1: 0 4 7 56 60 63
07-14 12:03:32.555   144   156 W InputManagerService: Window already focused, ignoring focus gain of: com.android.internal.view.IInputMethodClient$Stub$Proxy@41599a58
07-14 12:03:38.109 31752 31752 D !!!     :  | f3 : Bg5+
07-14 12:03:39.242 31752 31752 D rnbq1b1r/ppp1k1pp/3p4/8/3Pn3/8/PPP1QPPP/RNB1KB1R b KQ - 0 1: falsefalsetruetrue
07-14 12:03:39.258 31752 31752 D rnbq1b1r/ppp1k1pp/3p4/8/3Pn3/8/PPP1QPPP/RNB1KB1R b KQ - 0 1: 0 4 7 56 60 63
07-14 12:03:39.387   144   402 W InputManagerService: Window already focused, ignoring focus gain of: com.android.internal.view.IInputMethodClient$Stub$Proxy@4156e920
07-14 12:03:47.629 31752 31752 D !!!     : B | g5 : Bg5+
07-14 12:03:55.062 31752 31752 D !!!     : B | d8 : Bxd8
07-14 12:03:56.394 31752 31786 D WebRequest: requesting url = http://www.chess.com/api/tactics_trainer?id=5HHjW9WUGa%2Bcu1LUwnVJPxTIWxmEve4VdkRnRyg7b5Ch69JH2Z5aB%2B7eGuFw8K2uFx47KFsdE3JRdR3Mzv0PkZOj6eZ8N73BvxmEERrzXjMNRo80rkLyJAUTh0iqof4n&tactics_id=
07-14 12:03:56.676 31752 31786 D Web     : WebRequest SERVER RESPONSE: Success+||26970:r1b2rk1/ppp3bp/2n1p1p1/3p1n2/2PP1P1q/PP2P2N/4K1P1/RNBQ1B1R w - - 0 1:1. Nf2 Ng3+ :3265:2135:786:30
07-14 12:03:56.676 31752 31786 D Web     : Reason of response: OK
07-14 12:03:56.687 31752 31752 D r1b2rk1/ppp3bp/2n1p1p1/3p1n2/2PP1P1q/PP2P2N/4K1P1/RNBQ1B1R w - - 0 1: truetruetruetrue
07-14 12:03:56.695 31752 31752 D r1b2rk1/ppp3bp/2n1p1p1/3p1n2/2PP1P1q/PP2P2N/4K1P1/RNBQ1B1R w - - 0 1: 0 6 5 56 60 63
07-14 12:03:56.887 31752 31755 D dalvikvm: GC_CONCURRENT freed 2018K, 14% free 15887K/18439K, paused 11ms+17ms
07-14 12:03:56.933   144   376 W InputManagerService: Window already focused, ignoring focus gain of: com.android.internal.view.IInputMethodClient$Stub$Proxy@414ed988
07-14 12:03:56.969   144   424 I ActivityManager: Process com.google.android.apps.maps (pid 9839) has died.
07-14 12:03:56.969   144   424 W ActivityManager: Scheduling restart of crashed service com.google.android.apps.maps/com.google.googlenav.prefetch.android.PrefetcherService in 5000ms
07-14 12:04:01.426 10087 10089 D dalvikvm: GC_CONCURRENT freed 500K, 7% free 10274K/10951K, paused 2ms+3ms
07-14 12:04:01.574 10589 10592 D dalvikvm: GC_CONCURRENT freed 353K, 7% free 10159K/10887K, paused 2ms+2ms
07-14 12:04:02.043   144   161 I ActivityManager: Start proc com.google.android.apps.maps for service com.google.android.apps.maps/com.google.googlenav.prefetch.android.PrefetcherService: pid=10918 uid=10056 gids={3003, 1015}
07-14 12:04:02.219 10918 10920 D dalvikvm: GC_CONCURRENT freed 152K, 3% free 9384K/9607K, paused 2ms+2ms
07-14 12:04:02.277 10918 10918 I ActivityThread: Pub com.google.android.maps.SearchHistoryProvider: com.google.googlenav.provider.SearchHistoryProvider
07-14 12:04:02.285 10918 10918 I ActivityThread: Pub com.google.android.maps.SuggestionProvider: com.google.googlenav.suggest.android.SuggestContentProvider
07-14 12:04:02.293 10918 10918 I ActivityThread: Pub com.google.android.maps.LayerInfoProvider: com.google.googlenav.layer.LayerInfoProvider
07-14 12:04:02.301 10918 10918 I ActivityThread: Pub com.google.android.maps.TrafficAppWidgetProvider: com.google.googlenav.appwidget.traffic.TrafficAppWidgetProvider
07-14 12:04:02.305 10918 10918 I ActivityThread: Pub com.google.android.maps.LocalActivePlacesProvider: com.google.googlenav.provider.LocalActivePlacesProvider
07-14 12:04:02.305 10918 10918 I ActivityThread: Pub com.google.android.maps.StarredItemProvider: com.google.googlenav.provider.StarredItemProvider
07-14 12:04:02.367 10589 10592 D dalvikvm: GC_CONCURRENT freed 234K, 5% free 10363K/10887K, paused 34ms+25ms
07-14 12:04:02.383 10918 10920 D dalvikvm: GC_CONCURRENT freed 198K, 3% free 9710K/9991K, paused 2ms+3ms
07-14 12:04:02.480 10918 10918 I ActivityThread: Pub com.google.android.maps.LocalSuggestionProvider: com.google.googlenav.provider.LocalSuggestionProvider
07-14 12:04:02.480 10918 10918 I ActivityThread: Pub com.google.android.maps.NavigationAvailabilityProvider: com.google.googlenav.provider.NavigationAvailabilityProvider
07-14 12:04:02.555 10918 10920 D dalvikvm: GC_CONCURRENT freed 226K, 4% free 9937K/10247K, paused 2ms+3ms
07-14 12:04:02.609 10918 10933 D dalvikvm: GC_FOR_ALLOC freed 57K, 4% free 10152K/10567K, paused 21ms
07-14 12:04:02.609 10918 10933 I dalvikvm-heap: Grow heap (frag case) to 10.178MB for 204816-byte allocation
07-14 12:04:02.640 10918 10935 D dalvikvm: GC_FOR_ALLOC freed <1K, 5% free 10352K/10823K, paused 21ms
07-14 12:04:02.734 10918 10944 D dalvikvm: GC_FOR_ALLOC freed 139K, 4% free 10461K/10823K, paused 22ms
07-14 12:04:02.777 10918 10943 D dalvikvm: GC_FOR_ALLOC freed 53K, 4% free 10673K/11079K, paused 25ms
07-14 12:04:02.976   144 10051 I ActivityManager: Process android.process.acore (pid 10666) has died.
07-14 12:04:03.883 10703 10706 D dalvikvm: GC_CONCURRENT freed 304K, 5% free 9680K/10119K, paused 7ms+3ms
07-14 12:04:03.910 10703 10951 W Gmail   : Successful index run, cancel next scheduled index run
07-14 12:04:13.308 10172 10185 I PhoneLab-: Service Running
07-14 12:04:13.402 10172 10185 I PhoneLab-LoggerService: app_37    1373  1     1440   988   c00f181c 400107b4 S logcat
07-14 12:04:13.402 10172 10185 I PhoneLab-LoggerService: Logcat pid from database 1373
07-14 12:04:13.402 10172 10185 I PhoneLab-LoggerService: Logcat process found 1373
07-14 12:04:13.402 10172 10185 I PhoneLab-LoggerService: Checking Threshold
07-14 12:04:14.340 31752 31752 D !!!     : N | g3 : Ng3+
07-14 12:04:14.340 31752 31752 D TEST    :  url for correct tactics = http://www.chess.com/api/tactics_trainer?id=5HHjW9WUGa%2Bcu1LUwnVJPxTIWxmEve4VdkRnRyg7b5Ch69JH2Z5aB%2B7eGuFw8K2uFx47KFsdE3JRdR3Mzv0PkZOj6eZ8N73BvxmEERrzXjMNRo80rkLyJAUTh0iqof4n&tactics_id=26970&passed=1&correct_moves=1&seconds=18
07-14 12:04:14.359 31752 31791 D WebRequest: requesting url = http://www.chess.com/api/tactics_trainer?id=5HHjW9WUGa%2Bcu1LUwnVJPxTIWxmEve4VdkRnRyg7b5Ch69JH2Z5aB%2B7eGuFw8K2uFx47KFsdE3JRdR3Mzv0PkZOj6eZ8N73BvxmEERrzXjMNRo80rkLyJAUTh0iqof4n&tactics_id=26970&passed=1&correct_moves=1&seconds=18
07-14 12:04:14.879 31752 31791 D Web     : WebRequest SERVER RESPONSE: Success+|88:13:760:-13:773|112683:4rrk1/p4pp1/2pp3p/8/1Pq1n1Q1/P5P1/1BP2P1P/1R2R1K1 b - - 0 1:1... Qxc2 2. Qxg7# :637:418:720:21
07-14 12:04:14.879 31752 31791 D Web     : Reason of response: OK
07-14 12:04:14.887 31752 31752 D TEST    : response for correct tactics = Success+|88:13:760:-13:773|112683:4rrk1/p4pp1/2pp3p/8/1Pq1n1Q1/P5P1/1BP2P1P/1R2R1K1 b - - 0 1:1... Qxc2 2. Qxg7# :637:418:720:21
07-14 12:04:16.019 31752 31780 D WebRequest: requesting url = http://www.chess.com/api/tactics_trainer?id=5HHjW9WUGa%2Bcu1LUwnVJPxTIWxmEve4VdkRnRyg7b5Ch69JH2Z5aB%2B7eGuFw8K2uFx47KFsdE3JRdR3Mzv0PkZOj6eZ8N73BvxmEERrzXjMNRo80rkLyJAUTh0iqof4n&tactics_id=
07-14 12:04:16.301 31752 31780 D Web     : WebRequest SERVER RESPONSE: Success+||49826:r2qkbnr/1QB2pp1/2p1p2p/3p1b2/2nP4/1NP5/PP2PPPP/R3KB1R b KQk - 0 1:1... Ra7 2. Qxa7 :202:133:718:48
07-14 12:04:16.301 31752 31780 D Web     : Reason of response: OK
07-14 12:04:16.316 31752 31752 D r2qkbnr/1QB2pp1/2p1p2p/3p1b2/2nP4/1NP5/PP2PPPP/R3KB1R b KQk - 0 1: falsefalsefalsetrue
07-14 12:04:16.324 31752 31752 D r2qkbnr/1QB2pp1/2p1p2p/3p1b2/2nP4/1NP5/PP2PPPP/R3KB1R b KQk - 0 1: 0 4 7 56 60 63
07-14 12:04:16.433   144  7984 W InputManagerService: Window already focused, ignoring focus gain of: com.android.internal.view.IInputMethodClient$Stub$Proxy@41c00618
07-14 12:04:28.812   144   380 I ActivityManager: Start proc android.process.acore for content provider com.android.providers.contacts/.ContactsProvider2: pid=10957 uid=10000 gids={3003, 1015}
07-14 12:04:28.875 10957 10957 I ActivityThread: Pub call_log: com.android.providers.contacts.CallLogProvider
07-14 12:04:28.883 31752 31752 D !!!     : Q | a7 : Qxa7
07-14 12:04:28.883 31752 31752 D TEST    :  url for correct tactics = http://www.chess.com/api/tactics_trainer?id=5HHjW9WUGa%2Bcu1LUwnVJPxTIWxmEve4VdkRnRyg7b5Ch69JH2Z5aB%2B7eGuFw8K2uFx47KFsdE3JRdR3Mzv0PkZOj6eZ8N73BvxmEERrzXjMNRo80rkLyJAUTh0iqof4n&tactics_id=49826&passed=1&correct_moves=1&seconds=13
07-14 12:04:28.922 10957 10957 I ActivityThread: Pub com.android.voicemail: com.android.providers.contacts.VoicemailContentProvider
07-14 12:04:28.926 31752 31792 D WebRequest: requesting url = http://www.chess.com/api/tactics_trainer?id=5HHjW9WUGa%2Bcu1LUwnVJPxTIWxmEve4VdkRnRyg7b5Ch69JH2Z5aB%2B7eGuFw8K2uFx47KFsdE3JRdR3Mzv0PkZOj6eZ8N73BvxmEERrzXjMNRo80rkLyJAUTh0iqof4n&tactics_id=49826&passed=1&correct_moves=1&seconds=13
07-14 12:04:28.926 10957 10957 I ActivityThread: Pub user_dictionary: com.android.providers.userdictionary.UserDictionaryProvider
07-14 12:04:28.961 10957 10957 I ActivityThread: Pub com.android.social: com.android.providers.contacts.SocialProvider
07-14 12:04:28.961 10957 10957 I ActivityThread: Pub applications: com.android.providers.applications.ApplicationsProvider
07-14 12:04:29.097 10957 10959 D dalvikvm: GC_CONCURRENT freed 331K, 5% free 9142K/9607K, paused 3ms+2ms
07-14 12:04:29.097 10957 10957 I ActivityThread: Pub contacts;com.android.contacts: com.android.providers.contacts.ContactsProvider2
07-14 12:04:29.215 31752 31792 D Web     : WebRequest SERVER RESPONSE: Success+|97.6:12:772:-13:705|70634:rn5r/1qpn2kp/pp1BQ1p1/8/8/2NP4/PPP2PPP/R3R1K1 b - - 0 1:1... cxd6 2. Qe7+ Kg8 3. Qe8+ Nf8 4. Re7 Qxe7 5. Qxe7 :812:421:726:102
07-14 12:04:29.219 31752 31792 D Web     : Reason of response: OK
07-14 12:04:29.226 31752 31752 D TEST    : response for correct tactics = Success+|97.6:12:772:-13:705|70634:rn5r/1qpn2kp/pp1BQ1p1/8/8/2NP4/PPP2PPP/R3R1K1 b - - 0 1:1... cxd6 2. Qe7+ Kg8 3. Qe8+ Nf8 4. Re7 Qxe7 5. Qxe7 :812:421:726:102
07-14 12:04:29.461 10957 10959 D dalvikvm: GC_CONCURRENT freed 198K, 4% free 9357K/9671K, paused 2ms+2ms
07-14 12:04:29.949   144   403 I ActivityManager: Process com.koushikdutta.rommanager (pid 10851) has died.
07-14 12:04:30.000   144  9303 D dalvikvm: GC_EXPLICIT freed 1638K, 26% free 18380K/24711K, paused 4ms+13ms
07-14 12:04:30.269 31752 31766 D WebRequest: requesting url = http://www.chess.com/api/tactics_trainer?id=5HHjW9WUGa%2Bcu1LUwnVJPxTIWxmEve4VdkRnRyg7b5Ch69JH2Z5aB%2B7eGuFw8K2uFx47KFsdE3JRdR3Mzv0PkZOj6eZ8N73BvxmEERrzXjMNRo80rkLyJAUTh0iqof4n&tactics_id=
07-14 12:04:30.414 10957 10959 D dalvikvm: GC_CONCURRENT freed 205K, 4% free 9606K/9927K, paused 12ms+4ms
07-14 12:04:30.523 31752 31766 D Web     : WebRequest SERVER RESPONSE: Success+||63534:r2qr1k1/pp1bppbp/n1pp2p1/4P1Nn/2PP2P1/2N4P/PP2QPB1/R1B2RK1 b - - 0 1:1... Nf4 2. Bxf4 :786:534:804:32
07-14 12:04:30.523 31752 31766 D Web     : Reason of response: OK
07-14 12:04:30.527 31752 31752 D r2qr1k1/pp1bppbp/n1pp2p1/4P1Nn/2PP2P1/2N4P/PP2QPB1/R1B2RK1 b - - 0 1: truetruetruetrue
07-14 12:04:30.531 31752 31752 D r2qr1k1/pp1bppbp/n1pp2p1/4P1Nn/2PP2P1/2N4P/PP2QPB1/R1B2RK1 b - - 0 1: 0 6 4 56 62 61
07-14 12:04:30.660   144   323 W InputManagerService: Window already focused, ignoring focus gain of: com.android.internal.view.IInputMethodClient$Stub$Proxy@418c7f78
07-14 12:04:48.597 31752 31752 D !!!     : B | f4 : Bxf4
07-14 12:04:48.597 31752 31752 D TEST    :  url for correct tactics = http://www.chess.com/api/tactics_trainer?id=5HHjW9WUGa%2Bcu1LUwnVJPxTIWxmEve4VdkRnRyg7b5Ch69JH2Z5aB%2B7eGuFw8K2uFx47KFsdE3JRdR3Mzv0PkZOj6eZ8N73BvxmEERrzXjMNRo80rkLyJAUTh0iqof4n&tactics_id=63534&passed=1&correct_moves=1&seconds=19
07-14 12:04:48.617 31752 31786 D WebRequest: requesting url = http://www.chess.com/api/tactics_trainer?id=5HHjW9WUGa%2Bcu1LUwnVJPxTIWxmEve4VdkRnRyg7b5Ch69JH2Z5aB%2B7eGuFw8K2uFx47KFsdE3JRdR3Mzv0PkZOj6eZ8N73BvxmEERrzXjMNRo80rkLyJAUTh0iqof4n&tactics_id=63534&passed=1&correct_moves=1&seconds=19
07-14 12:04:49.039 31752 31786 D Web     : WebRequest SERVER RESPONSE: Success+|88.1:12:784:-13:791|137857:4rrk1/pp2qpp1/2p4p/3n4/1bNP1p2/1P1Q1N2/P1R2PPP/2B2K2 w - - 0 1:1. Bb2 Qe1+ 2. Nxe1 Rxe1# :730:461:805:34
07-14 12:04:49.039 31752 31786 D Web     : Reason of response: OK
07-14 12:04:49.043 31752 31752 D TEST    : response for correct tactics = Success+|88.1:12:784:-13:791|137857:4rrk1/pp2qpp1/2p4p/3n4/1bNP1p2/1P1Q1N2/P1R2PPP/2B2K2 w - - 0 1:1. Bb2 Qe1+ 2. Nxe1 Rxe1# :730:461:805:34
07-14 12:04:49.996 31752 31791 D WebRequest: requesting url = http://www.chess.com/api/tactics_trainer?id=5HHjW9WUGa%2Bcu1LUwnVJPxTIWxmEve4VdkRnRyg7b5Ch69JH2Z5aB%2B7eGuFw8K2uFx47KFsdE3JRdR3Mzv0PkZOj6eZ8N73BvxmEERrzXjMNRo80rkLyJAUTh0iqof4n&tactics_id=
07-14 12:04:50.273 31752 31791 D Web     : WebRequest SERVER RESPONSE: Success+||54381:r3k1nr/pppn1ppp/3p1q2/3Ppb2/2P5/4PN2/PP1Q1PPP/RN2KB1R w KQkq - 0 1:1. Bd3 e4 2. Be2 exf3 :2367:1490:832:37
07-14 12:04:50.273 31752 31791 D Web     : Reason of response: OK
07-14 12:04:50.289 31752 31752 D r3k1nr/pppn1ppp/3p1q2/3Ppb2/2P5/4PN2/PP1Q1PPP/RN2KB1R w KQkq - 0 1: falsefalsefalsefalse
07-14 12:04:50.305 31752 31752 D r3k1nr/pppn1ppp/3p1q2/3Ppb2/2P5/4PN2/PP1Q1PPP/RN2KB1R w KQkq - 0 1: 0 4 7 56 60 63
07-14 12:04:50.414   144   326 W InputManagerService: Window already focused, ignoring focus gain of: com.android.internal.view.IInputMethodClient$Stub$Proxy@41782c18
07-14 12:04:56.859  5517  5521 D dalvikvm: GC_CONCURRENT freed 344K, 7% free 10392K/11079K, paused 12ms+4ms
07-14 12:05:24.879 31752 31752 D !!!     : B | d3 : e4
07-14 12:05:24.879 31752 31752 D TEST    :  url for wrong tactics = http://www.chess.com/api/tactics_trainer?id=5HHjW9WUGa%2Bcu1LUwnVJPxTIWxmEve4VdkRnRyg7b5Ch69JH2Z5aB%2B7eGuFw8K2uFx47KFsdE3JRdR3Mzv0PkZOj6eZ8N73BvxmEERrzXjMNRo80rkLyJAUTh0iqof4n&tactics_id=54381&passed=0&correct_moves=0&seconds=35
07-14 12:05:24.930 31752 31780 D WebRequest: requesting url = http://www.chess.com/api/tactics_trainer?id=5HHjW9WUGa%2Bcu1LUwnVJPxTIWxmEve4VdkRnRyg7b5Ch69JH2Z5aB%2B7eGuFw8K2uFx47KFsdE3JRdR3Mzv0PkZOj6eZ8N73BvxmEERrzXjMNRo80rkLyJAUTh0iqof4n&tactics_id=54381&passed=0&correct_moves=0&seconds=35
07-14 12:05:25.480 31752 31780 D Web     : WebRequest SERVER RESPONSE: Success+|0:-13:771:13:845|170048:6k1/1p6/p2B4/2pP3p/2P4q/1P5R/6PK/8 b - - 0 1:1... Qg4 2. Rg3 Kf7 3. Rxg4 :724:474:799:28
07-14 12:05:25.480 31752 31780 D Web     : Reason of response: OK
07-14 12:05:25.508 31752 31752 D TEST    : response for wrong tactics = Success+|0:-13:771:13:845|170048:6k1/1p6/p2B4/2pP3p/2P4q/1P5R/6PK/8 b - - 0 1:1... Qg4 2. Rg3 Kf7 3. Rxg4 :724:474:799:28
07-14 12:05:26.453 31752 31752 D r3k1nr/pppn1ppp/3p1q2/3Ppb2/2P5/4PN2/PP1Q1PPP/RN2KB1R w KQkq - 0 1: falsefalsefalsefalse
07-14 12:05:26.469 31752 31752 D r3k1nr/pppn1ppp/3p1q2/3Ppb2/2P5/4PN2/PP1Q1PPP/RN2KB1R w KQkq - 0 1: 0 4 7 56 60 63
07-14 12:05:26.613   144   402 W InputManagerService: Window already focused, ignoring focus gain of: com.android.internal.view.IInputMethodClient$Stub$Proxy@416bc028
07-14 12:05:33.285 31752 31752 D !!!     : B | g4 : e4
07-14 12:05:34.312 31752 31752 D r3k1nr/pppn1ppp/3p1q2/3Ppb2/2P5/4PN2/PP1Q1PPP/RN2KB1R w KQkq - 0 1: falsefalsefalsefalse
07-14 12:05:34.328 31752 31752 D r3k1nr/pppn1ppp/3p1q2/3Ppb2/2P5/4PN2/PP1Q1PPP/RN2KB1R w KQkq - 0 1: 0 4 7 56 60 63
07-14 12:05:34.430   144 10051 W InputManagerService: Window already focused, ignoring focus gain of: com.android.internal.view.IInputMethodClient$Stub$Proxy@41601f10
07-14 12:05:41.648 31752 31752 D !!!     : B | e6 : e4
07-14 12:05:42.750 31752 31752 D r3k1nr/pppn1ppp/3p1q2/3Ppb2/2P5/4PN2/PP1Q1PPP/RN2KB1R w KQkq - 0 1: falsefalsefalsefalse
07-14 12:05:42.762 31752 31752 D r3k1nr/pppn1ppp/3p1q2/3Ppb2/2P5/4PN2/PP1Q1PPP/RN2KB1R w KQkq - 0 1: 0 4 7 56 60 63
07-14 12:05:42.879   144  7984 W InputManagerService: Window already focused, ignoring focus gain of: com.android.internal.view.IInputMethodClient$Stub$Proxy@414debf8
07-14 12:05:47.867 31752 31752 D !!!     : N | c5 : e4
07-14 12:05:48.105 31752 31755 D dalvikvm: GC_CONCURRENT freed 1896K, 14% free 15916K/18439K, paused 21ms+13ms
07-14 12:05:48.945 31752 31752 D r3k1nr/pppn1ppp/3p1q2/3Ppb2/2P5/4PN2/PP1Q1PPP/RN2KB1R w KQkq - 0 1: falsefalsefalsefalse
07-14 12:05:48.957 31752 31752 D r3k1nr/pppn1ppp/3p1q2/3Ppb2/2P5/4PN2/PP1Q1PPP/RN2KB1R w KQkq - 0 1: 0 4 7 56 60 63
07-14 12:05:49.082   144 30930 W InputManagerService: Window already focused, ignoring focus gain of: com.android.internal.view.IInputMethodClient$Stub$Proxy@41498f78
07-14 12:05:56.230 31752 31752 D !!!     : Q | h6 : e4
07-14 12:05:57.265 31752 31752 D r3k1nr/pppn1ppp/3p1q2/3Ppb2/2P5/4PN2/PP1Q1PPP/RN2KB1R w KQkq - 0 1: falsefalsefalsefalse
07-14 12:05:57.281 31752 31752 D r3k1nr/pppn1ppp/3p1q2/3Ppb2/2P5/4PN2/PP1Q1PPP/RN2KB1R w KQkq - 0 1: 0 4 7 56 60 63
07-14 12:05:57.371   144   155 W InputManagerService: Window already focused, ignoring focus gain of: com.android.internal.view.IInputMethodClient$Stub$Proxy@4148ced8
07-14 12:06:00.191 31752 31752 D !!!     : Q | g6 : e4
07-14 12:06:01.105 31752 31752 D r3k1nr/pppn1ppp/3p1q2/3Ppb2/2P5/4PN2/PP1Q1PPP/RN2KB1R w KQkq - 0 1: falsefalsefalsefalse
07-14 12:06:01.140 31752 31752 D r3k1nr/pppn1ppp/3p1q2/3Ppb2/2P5/4PN2/PP1Q1PPP/RN2KB1R w KQkq - 0 1: 0 4 7 56 60 63
07-14 12:06:01.222   144   402 W InputManagerService: Window already focused, ignoring focus gain of: com.android.internal.view.IInputMethodClient$Stub$Proxy@41448d28
07-14 12:06:01.469 10087 10089 D dalvikvm: GC_CONCURRENT freed 510K, 7% free 10276K/10951K, paused 2ms+2ms
07-14 12:06:01.621 10589 10592 D dalvikvm: GC_CONCURRENT freed 726K, 8% free 10145K/10951K, paused 5ms+4ms
07-14 12:06:09.183 31752 31752 D !!!     :  | g6 : e4
07-14 12:06:11.094 31752 31752 D r3k1nr/pppn1ppp/3p1q2/3Ppb2/2P5/4PN2/PP1Q1PPP/RN2KB1R w KQkq - 0 1: falsefalsefalsefalse
07-14 12:06:11.113 31752 31752 D r3k1nr/pppn1ppp/3p1q2/3Ppb2/2P5/4PN2/PP1Q1PPP/RN2KB1R w KQkq - 0 1: 0 4 7 56 60 63
07-14 12:06:11.222   144   144 W InputManagerService: Window already focused, ignoring focus gain of: com.android.internal.view.IInputMethodClient$Stub$Proxy@41746388
07-14 12:06:13.308 10172 10185 I PhoneLab-: Service Running
07-14 12:06:13.480 10172 10185 I PhoneLab-LoggerService: app_37    1373  1     1440   988   c00f181c 400107b4 S logcat
07-14 12:06:13.484 10172 10185 I PhoneLab-LoggerService: Logcat pid from database 1373
07-14 12:06:13.484 10172 10185 I PhoneLab-LoggerService: Logcat process found 1373
07-14 12:06:13.484 10172 10185 I PhoneLab-LoggerService: Checking Threshold
07-14 12:06:14.574 31752 31752 D !!!     : N | h6 : e4
07-14 12:06:15.441 31752 31752 D r3k1nr/pppn1ppp/3p1q2/3Ppb2/2P5/4PN2/PP1Q1PPP/RN2KB1R w KQkq - 0 1: falsefalsefalsefalse
07-14 12:06:15.461 31752 31752 D r3k1nr/pppn1ppp/3p1q2/3Ppb2/2P5/4PN2/PP1Q1PPP/RN2KB1R w KQkq - 0 1: 0 4 7 56 60 63
07-14 12:06:15.555   144   400 W InputManagerService: Window already focused, ignoring focus gain of: com.android.internal.view.IInputMethodClient$Stub$Proxy@4185c298
07-14 12:06:20.644 31752 31752 D !!!     : B | g4 : e4
07-14 12:06:21.629 31752 31752 D r3k1nr/pppn1ppp/3p1q2/3Ppb2/2P5/4PN2/PP1Q1PPP/RN2KB1R w KQkq - 0 1: falsefalsefalsefalse
07-14 12:06:21.644 31752 31752 D r3k1nr/pppn1ppp/3p1q2/3Ppb2/2P5/4PN2/PP1Q1PPP/RN2KB1R w KQkq - 0 1: 0 4 7 56 60 63
07-14 12:06:21.742   144   402 W InputManagerService: Window already focused, ignoring focus gain of: com.android.internal.view.IInputMethodClient$Stub$Proxy@418eeeb8
07-14 12:06:25.531 31752 31752 D !!!     : B | e4 : e4
07-14 12:06:26.590 31752 31752 D r3k1nr/pppn1ppp/3p1q2/3Ppb2/2P5/4PN2/PP1Q1PPP/RN2KB1R w KQkq - 0 1: falsefalsefalsefalse
07-14 12:06:26.605 31752 31752 D r3k1nr/pppn1ppp/3p1q2/3Ppb2/2P5/4PN2/PP1Q1PPP/RN2KB1R w KQkq - 0 1: 0 4 7 56 60 63
07-14 12:06:26.738   144  9303 W InputManagerService: Window already focused, ignoring focus gain of: com.android.internal.view.IInputMethodClient$Stub$Proxy@41af5658
07-14 12:06:38.351 31752 31752 D !!!     : N | c5 : e4
07-14 12:06:39.359 31752 31752 D r3k1nr/pppn1ppp/3p1q2/3Ppb2/2P5/4PN2/PP1Q1PPP/RN2KB1R w KQkq - 0 1: falsefalsefalsefalse
07-14 12:06:39.375 31752 31752 D r3k1nr/pppn1ppp/3p1q2/3Ppb2/2P5/4PN2/PP1Q1PPP/RN2KB1R w KQkq - 0 1: 0 4 7 56 60 63
07-14 12:06:39.469   144  7984 W InputManagerService: Window already focused, ignoring focus gain of: com.android.internal.view.IInputMethodClient$Stub$Proxy@4150f810
07-14 12:06:44.387 31752 31752 D !!!     : Q | g5 : e4
07-14 12:06:45.347 31752 31752 D r3k1nr/pppn1ppp/3p1q2/3Ppb2/2P5/4PN2/PP1Q1PPP/RN2KB1R w KQkq - 0 1: falsefalsefalsefalse
07-14 12:06:45.367 31752 31752 D r3k1nr/pppn1ppp/3p1q2/3Ppb2/2P5/4PN2/PP1Q1PPP/RN2KB1R w KQkq - 0 1: 0 4 7 56 60 63
07-14 12:06:45.480   144   144 W InputManagerService: Window already focused, ignoring focus gain of: com.android.internal.view.IInputMethodClient$Stub$Proxy@41af9898
07-14 12:06:48.930 31752 31752 D !!!     : Q | g6 : e4
07-14 12:06:49.793 31752 31752 D r3k1nr/pppn1ppp/3p1q2/3Ppb2/2P5/4PN2/PP1Q1PPP/RN2KB1R w KQkq - 0 1: falsefalsefalsefalse
07-14 12:06:49.808 31752 31752 D r3k1nr/pppn1ppp/3p1q2/3Ppb2/2P5/4PN2/PP1Q1PPP/RN2KB1R w KQkq - 0 1: 0 4 7 56 60 63
07-14 12:06:49.930   144   156 W InputManagerService: Window already focused, ignoring focus gain of: com.android.internal.view.IInputMethodClient$Stub$Proxy@416d16f8
07-14 12:06:58.847 10729 10732 D dalvikvm: GC_CONCURRENT freed 647K, 7% free 11476K/12231K, paused 10ms+3ms
07-14 12:06:59.453 10729 11013 I DatabaseHelper: Begin cleanup.
07-14 12:06:59.695 10729 11013 I DatabaseHelper: Cleaned up: 0
