07-12 09:56:27.312 12043 12054 D Finsky  : [3439] 1.packageInstalled: Package install status for "com.android.vending" is -104
07-12 09:56:27.312 12043 12054 W Finsky  : [3439] 1.packageInstalled: Package name mismatsch: ours:  package manager's: com.android.vending
07-12 09:56:27.312    83    83 I installd: free_cache(0) avail 445136896
07-12 09:56:28.707 12006 12008 D dalvikvm: GC_CONCURRENT freed 1869K, 39% free 12288K/20039K, paused 5ms+7ms
07-12 09:56:28.843 12184 12186 D dalvikvm: GC_CONCURRENT freed 312K, 4% free 10576K/11015K, paused 6ms+3ms
07-12 09:56:28.863 12228 12231 D dalvikvm: GC_CONCURRENT freed 196K, 4% free 9597K/9927K, paused 2ms+2ms
07-12 09:56:29.421 12184 12186 D dalvikvm: GC_CONCURRENT freed 342K, 5% free 10687K/11143K, paused 2ms+2ms
07-12 09:56:29.800   214   216 D dalvikvm: GC_CONCURRENT freed 565K, 56% free 9768K/22023K, paused 9ms+3ms
07-12 09:56:29.910   144   164 W ActivityManager: No content provider found for permission revoke: file:///data/data/com.android.providers.downloads/cache/downloadfile-1.apk
07-12 09:56:29.953   214   216 D dalvikvm: GC_CONCURRENT freed 218K, 55% free 9998K/22023K, paused 2ms+4ms
07-12 09:56:30.148   214   214 D dalvikvm: GC_FOR_ALLOC freed 524K, 56% free 9819K/22023K, paused 20ms
07-12 09:56:32.546   344   344 D SAN_SERVICE: *******************************************
07-12 09:56:32.546   344   344 D SAN_SERVICE: DM App Phone Service State - 0
07-12 09:56:32.546   344   344 D SAN_SERVICE: *******************************************
07-12 09:56:32.933   144   156 D AlarmManagerService: Kernel timezone updated to 240 minutes west of GMT
07-12 09:56:33.144   344   347 D dalvikvm: GC_CONCURRENT freed 964K, 14% free 12245K/14087K, paused 18ms+11ms
07-12 09:56:34.023 12228 12231 D dalvikvm: GC_CONCURRENT freed 334K, 5% free 9654K/10119K, paused 3ms+3ms
07-12 09:56:36.339   144   164 W ActivityManager: No content provider found for permission revoke: file:///data/data/com.android.providers.downloads/cache/downloadfile-1.apk
07-12 09:56:39.207   144   147 D dalvikvm: GC_CONCURRENT freed 2718K, 20% free 17914K/22343K, paused 3ms+7ms
07-12 09:56:39.472   144   147 D dalvikvm: GC_CONCURRENT freed 1982K, 20% free 17932K/22343K, paused 3ms+13ms
07-12 09:56:39.769   144   164 I PackageManager: Removing non-system package:org.mozilla.firefox_beta
07-12 09:56:39.769   144   161 I ActivityManager: Force stopping package org.mozilla.firefox_beta uid=10061
07-12 09:56:39.769   144   161 I ActivityManager:   Force finishing activity ActivityRecord{416b2c08 org.mozilla.firefox_beta/.App}
07-12 09:56:40.289   144   164 I PackageManager: Package org.mozilla.firefox_beta codePath changed from /data/app/org.mozilla.firefox_beta-2.apk to /data/app/org.mozilla.firefox_beta-1.apk; Retaining data and using new
07-12 09:56:40.664   144   164 I PackageManager: Running dexopt on: org.mozilla.firefox_beta
07-12 09:56:44.871  6644  6655 D dalvikvm: GC_EXPLICIT freed 572K, 9% free 10267K/11207K, paused 20ms+6ms
07-12 09:56:45.687 12276 12276 D dalvikvm: DexOpt: load 1364ms, verify+opt 997ms
07-12 09:56:45.953   144   161 I ActivityManager: Force stopping package org.mozilla.firefox_beta uid=10061
07-12 09:56:45.976   144   164 W PackageManager: Code path for pkg : org.mozilla.firefox_beta changing from /data/app/org.mozilla.firefox_beta-2.apk to /data/app/org.mozilla.firefox_beta-1.apk
07-12 09:56:45.976   144   164 W PackageManager: Resource path for pkg : org.mozilla.firefox_beta changing from /data/app/org.mozilla.firefox_beta-2.apk to /data/app/org.mozilla.firefox_beta-1.apk
07-12 09:56:46.679   144   164 D PackageManager: New package installed in /data/app/org.mozilla.firefox_beta-1.apk
07-12 09:56:46.699   144   164 W PackageManager: Unknown permission com.dsi.ant.permission.ANT in package com.google.android.maps.mytracks
07-12 09:56:46.703   144   164 W PackageManager: Unknown permission com.dsi.ant.permission.ANT_ADMIN in package com.google.android.maps.mytracks
07-12 09:56:46.707   144   164 W PackageManager: Unknown permission com.google.android.googleapps.permission.GOOGLE_AUTH.fusiontables in package com.google.android.maps.mytracks
07-12 09:56:46.718   144   164 W PackageManager: Unknown permission android.permission.ADD_SYSTEM_SERVICE in package com.android.phone
07-12 09:56:46.742   144   164 W PackageManager: Unknown permission com.android.vending.billing.IBillingAccountService.BIND2 in package com.google.android.gsf.login
07-12 09:56:46.746   144   164 W PackageManager: Not granting permission android.permission.SEND_DOWNLOAD_COMPLETED_INTENTS to package com.android.browser (protectionLevel=2 flags=0x9be45)
07-12 09:56:46.746   144   164 W PackageManager: Unknown permission android.permission.READ_OWNER_DATA in package com.google.android.setupwizard
07-12 09:56:46.746   144   164 W PackageManager: Unknown permission android.permission.WRITE_OWNER_DATA in package com.google.android.setupwizard
07-12 09:56:46.750   144   164 W PackageManager: Unknown permission android.permission.WRITE_CDMA_CARRIER_SETTINGS in package com.android.sprintmenu
07-12 09:56:46.750   144   164 W PackageManager: Unknown permission android.permission.CHANGE_DUN_STATE in package com.android.sprintmenu
07-12 09:56:46.750   144   164 W PackageManager: Unknown permission android.permission.READ_EXTERNAL_STORAGE in package com.android.videoeditor
07-12 09:56:46.753   144   164 W PackageManager: Unknown permission com.android.providers.im.permission.READ_ONLY in package com.google.android.apps.maps
07-12 09:56:46.753   144   164 W PackageManager: Not granting permission android.permission.ACCOUNT_MANAGER to package com.google.android.apps.docs (protectionLevel=2 flags=0x8be44)
07-12 09:56:46.753   144   164 W PackageManager: Unknown permission android.permission.WRITE_SYNC_STATS in package com.google.android.apps.docs
07-12 09:56:46.753   144   164 W PackageManager: Not granting permission com.google.android.googleapps.permission.GOOGLE_AUTH.ALL_SERVICES to package com.google.android.apps.docs (protectionLevel=2 flags=0x8be44)
07-12 09:56:46.757   144   164 W PackageManager: Not granting permission android.permission.ACCESS_CHECKIN_PROPERTIES to package com.google.android.apps.googlevoice (protectionLevel=3 flags=0x8be44)
07-12 09:56:46.757   144   164 W PackageManager: Unknown permission com.google.android.apps.googlevoice.REMOTE_INTENT in package com.google.android.apps.googlevoice
07-12 09:56:46.757   144   164 W PackageManager: Unknown permission com.google.android.permission.RECEIVE_DATA_MESSAGE in package com.google.android.apps.googlevoice
07-12 09:56:46.757   144   164 W PackageManager: Unknown permission com.google.android.permission.SEND_DATA_MESSAGE in package com.google.android.apps.googlevoice
07-12 09:56:46.757   144   164 W PackageManager: Unknown permission com.android.providers.voicemail.permission.READ_WRITE_ALL_VOICEMAIL in package com.google.android.apps.googlevoice
07-12 09:56:46.757   144   164 W PackageManager: Unknown permission com.android.providers.voicemail.permission.READ_WRITE_OWN_VOICEMAIL in package com.google.android.apps.googlevoice
07-12 09:56:46.757   144   164 W PackageManager: Unknown permission com.android.vending.permission.UPDATE_MARKET_FAILURE in package com.android.vending.updater
07-12 09:56:46.761   144   164 W PackageManager: Not granting permission android.permission.WRITE_SECURE_SETTINGS to package com.whatsapp (protectionLevel=3 flags=0xbe44)
07-12 09:56:46.761   144   164 W PackageManager: Unknown permission android.permission.READ_EXTERNAL_STORAGE in package com.android.vending
07-12 09:56:46.765   144   164 W PackageManager: Not granting permission com.google.android.voicesearch.AUDIO_FILE_ACCESS to package com.google.android.gm (protectionLevel=2 flags=0x9be64)
07-12 09:56:46.765   144   164 W PackageManager: Unknown permission com.sprint.internal.permission.CONNECTIONMANAGER in package com.samsung.update
07-12 09:56:46.765   144   164 W PackageManager: Unknown permission com.sprint.internal.permission.SYSTEMPROPERTIES in package com.samsung.update
07-12 09:56:46.765   144   164 W PackageManager: Unknown permission com.sprint.internal.permission.SYSTEMPROPERTIES_WRITE in package com.samsung.update
07-12 09:56:46.769   144   164 W PackageManager: Not granting permission android.permission.DEVICE_POWER to package com.android.deskclock (protectionLevel=2 flags=0x8be45)
07-12 09:56:46.773   144   164 W PackageManager: Unknown permission android.permission.FLAG_RECEIVER_REGISTERED_ONLY_BEFORE_BOOT in package com.samsung.wimax
07-12 09:56:47.164   144   164 I ActivityManager: Force stopping package org.mozilla.firefox_beta uid=10061
07-12 09:56:47.234   356   356 I RegisteredComponentCache: ComponentInfo: ResolveInfo{4133e7a8 com.android.apps.tag.TagViewer p=0 o=0 m=0x108000}, techs: android.nfc.tech.Ndef, 
07-12 09:56:47.234   144   161 I ActivityManager: Start proc com.google.android.apps.gesturesearch for broadcast com.google.android.apps.gesturesearch/.search.PackageReceiver: pid=12279 uid=10088 gids={3003}
07-12 09:56:47.246 12279 12279 I dalvikvm: Turning on JNI app bug workarounds for target SDK version 8...
07-12 09:56:47.289   356   356 I RegisteredComponentCache: ComponentInfo: ResolveInfo{41332718 com.android.apps.tag.TagViewer p=0 o=0 m=0x108000}, techs: android.nfc.tech.Ndef, 
07-12 09:56:47.468   144   160 D PackageManager: generateServicesMap(android.accounts.AccountAuthenticator): 8 services unchanged
07-12 09:56:47.515   144   164 D dalvikvm: GC_EXPLICIT freed 1750K, 20% free 17976K/22343K, paused 4ms+14ms
07-12 09:56:47.543   370   370 I Launcher: setLoadOnResume
07-12 09:56:47.613 12043 12054 D Finsky  : [3439] 1.packageInstalled: Package install status for "org.mozilla.firefox_beta" is 1
07-12 09:56:47.722 12279 12279 I ActivityThread: Pub com.google.android.apps.gesturesearch.history: com.google.android.apps.gesturesearch.data.QueryHistoryProvider
07-12 09:56:47.730 12279 12279 I ActivityThread: Pub com.google.android.apps.gesturesearch.index: com.google.android.apps.gesturesearch.data.IndexProvider
07-12 09:56:47.918   144  9303 I ActivityManager: Start proc com.google.android.gallery3d for broadcast com.google.android.gallery3d/com.android.gallery3d.app.PackagesMonitor: pid=12295 uid=10016 gids={3003, 1015}
07-12 09:56:48.121   370   375 D dalvikvm: GC_CONCURRENT freed 814K, 31% free 12271K/17735K, paused 16ms+7ms
07-12 09:56:48.300   144   160 D PackageManager: generateServicesMap(android.content.SyncAdapter): 22 services unchanged
07-12 09:56:48.312   144   160 D BackupManagerService: Received broadcast Intent { act=android.intent.action.PACKAGE_REMOVED dat=package:org.mozilla.firefox_beta flg=0x10000010 (has extras) }
07-12 09:56:48.339   144   160 D PackageManager: generateServicesMap(android.accounts.AccountAuthenticator): 8 services unchanged
07-12 09:56:48.351   144   160 D PackageManager: generateServicesMap(android.content.SyncAdapter): 22 services unchanged
07-12 09:56:48.418   144   160 W ResourceType: Failure getting entry for 0x7f060000 (t=5 e=0) in package 0 (error -75)
07-12 09:56:48.808   214   216 D dalvikvm: GC_CONCURRENT freed 192K, 55% free 10020K/22023K, paused 2ms+8ms
07-12 09:56:48.847   144   160 D BackupManagerService: Received broadcast Intent { act=android.intent.action.PACKAGE_ADDED dat=package:org.mozilla.firefox_beta flg=0x10000010 (has extras) }
07-12 09:56:48.847   144   160 V BackupManagerService: updatePackageParticipantsLocked: #1
07-12 09:56:48.910 12295 12295 I ActivityThread: Pub com.google.android.gallery3d.GooglePhotoProvider: com.google.android.picasasync.PicasaContentProvider
07-12 09:56:49.125 12295 12297 D dalvikvm: GC_CONCURRENT freed 418K, 6% free 9118K/9607K, paused 25ms+13ms
07-12 09:56:49.171 12295 12295 I ActivityThread: Pub com.google.android.gallery3d.provider: com.android.gallery3d.provider.GalleryProvider
07-12 09:56:49.242 12295 12297 D dalvikvm: GC_CONCURRENT freed 383K, 6% free 9154K/9671K, paused 2ms+24ms
07-12 09:56:49.269   144   400 D SyncManager: setIsSyncable: Account {name=lokeshmandvekar@gmail.com, type=com.google}, provider com.google.android.gallery3d.GooglePhotoProvider -> 0
07-12 09:56:49.269   144   400 D SyncManager: setIsSyncable: already set to 0, doing nothing
07-12 09:56:50.382   144 10051 I ActivityManager: Start proc com.android.browser for content provider com.android.browser/.provider.BrowserProvider2: pid=12309 uid=10003 gids={3003, 1015}
07-12 09:56:50.562   144   326 D SyncManager: setIsSyncable: Account {name=lokeshmandvekar@gmail.com, type=com.google}, provider com.google.android.gallery3d.GooglePhotoProvider -> 0
07-12 09:56:50.562   144   326 D SyncManager: setIsSyncable: already set to 0, doing nothing
07-12 09:56:50.632 12309 12309 I ActivityThread: Pub com.android.browser;browser: com.android.browser.provider.BrowserProvider2
07-12 09:56:50.664   144   155 I ActivityManager: Start proc com.android.keychain for broadcast com.android.keychain/.KeyChainBroadcastReceiver: pid=12322 uid=1000 gids={1015, 3002, 3001, 3003, 3007}
07-12 09:56:50.679 12309 12309 I ActivityThread: Pub com.android.browser.home: com.android.browser.homepages.HomeProvider
07-12 09:56:50.914 12309 12309 I ActivityThread: Pub com.android.browser.snapshots: com.android.browser.provider.SnapshotProvider
07-12 09:56:51.613   144   402 D dalvikvm: GC_EXPLICIT freed 1484K, 22% free 17539K/22343K, paused 9ms+15ms
07-12 09:56:51.652   144  9084 I ActivityManager: Start proc com.android.musicfx for broadcast com.android.musicfx/.Compatibility$Receiver: pid=12342 uid=10033 gids={3003, 3002}
07-12 09:56:51.773    79    79 D dalvikvm: GC_EXPLICIT freed 38K, 4% free 9031K/9347K, paused 7ms+35ms
07-12 09:56:51.863    79    79 D dalvikvm: GC_EXPLICIT freed <1K, 4% free 9031K/9347K, paused 3ms+4ms
07-12 09:56:51.910    79    79 D dalvikvm: GC_EXPLICIT freed <1K, 4% free 9031K/9347K, paused 2ms+4ms
07-12 09:56:52.222   214   216 D dalvikvm: GC_CONCURRENT freed 533K, 55% free 9928K/22023K, paused 2ms+4ms
07-12 09:56:52.320   214   216 D dalvikvm: GC_CONCURRENT freed 606K, 56% free 9822K/22023K, paused 2ms+3ms
07-12 09:56:52.453   144   156 I ActivityManager: Start proc com.android.voicedialer for broadcast com.android.voicedialer/.VoiceDialerReceiver: pid=12359 uid=10049 gids={3002}
07-12 09:56:52.480   144   160 D BackupManagerService: Received broadcast Intent { act=android.intent.action.PACKAGE_REPLACED dat=package:org.mozilla.firefox_beta flg=0x10000010 (has extras) }
07-12 09:56:52.480   144   160 V BackupManagerService: updatePackageParticipantsLocked: #1
07-12 09:56:52.652   144   144 I ActivityManager: Start proc com.google.android.apps.plus for broadcast com.google.android.apps.plus/.service.PackagesMediaMonitor: pid=12372 uid=10060 gids={3003, 3002, 1015, 1006}
07-12 09:56:52.804 12228 12231 D dalvikvm: GC_CONCURRENT freed 408K, 6% free 9642K/10183K, paused 91ms+4ms
07-12 09:56:52.910 12372 12374 D dalvikvm: GC_CONCURRENT freed 152K, 3% free 9384K/9607K, paused 7ms+2ms
07-12 09:56:53.152 12372 12372 I ActivityThread: Pub com.google.android.apps.plus.content.ApiProvider: com.google.android.apps.plus.content.EsApiProvider
07-12 09:56:53.175 12372 12372 I ActivityThread: Pub com.google.android.apps.plus.content.EsGooglePhotoProvider: com.google.android.picasasync.PicasaContentProvider
07-12 09:56:53.273 12372 12374 D dalvikvm: GC_CONCURRENT freed 335K, 5% free 9581K/9991K, paused 2ms+2ms
07-12 09:56:53.300 12372 12372 I ActivityThread: Pub com.google.android.apps.plus.content.EsPicasaStoreProvider: com.google.android.picasastore.PicasaPhotoContentProvider
07-12 09:56:53.308 12372 12372 I ActivityThread: Pub com.google.plus.platform: com.google.android.apps.plus.content.AdsProvider
07-12 09:56:53.308 12372 12372 I ActivityThread: Pub com.google.android.apps.plus.iu.EsGoogleIuProvider: com.google.android.apps.plus.iu.InstantUploadProvider
07-12 09:56:53.554 12372 12374 D dalvikvm: GC_CONCURRENT freed 456K, 6% free 9653K/10183K, paused 89ms+3ms
07-12 09:56:53.562 12372 12372 I ActivityThread: Pub com.google.android.apps.plus.content.EsProvider: com.google.android.apps.plus.content.EsProvider
07-12 09:56:53.679 12372 12372 D dalvikvm: GC_FOR_ALLOC freed 177K, 5% free 9791K/10247K, paused 63ms
07-12 09:56:53.859 12372 12386 D PicasaPhotoCP: set fsid first time:-1
07-12 09:56:53.890   144   400 I ActivityManager: Start proc com.metago.astro:remote for broadcast com.metago.astro/.receiver.PackageAddedReceiver: pid=12389 uid=10067 gids={3003, 1015}
07-12 09:56:53.902 12389 12389 I dalvikvm: Turning on JNI app bug workarounds for target SDK version 11...
07-12 09:56:53.992 12372 12402 D PicasaSync: sync account database
07-12 09:56:54.226 12372 12402 D PicasaSync: accounts in DB=1
07-12 09:56:54.265 12372 12402 D PicasaSyncManager: active network: NetworkInfo: type: WIFI[], state: CONNECTED/CONNECTED, reason: (unspecified), extra: (none), roaming: false, failover: false, isAvailable: true
07-12 09:56:54.265 12372 12402 D PicasaSyncManager: background data: true
07-12 09:56:54.332 12372 12402 D PicasaSyncManager: battery info: true
07-12 09:56:54.523 12279 12281 D dalvikvm: GC_CONCURRENT freed 235K, 4% free 9239K/9607K, paused 30ms+2ms
07-12 09:56:54.554 12372 12374 D dalvikvm: GC_CONCURRENT freed 157K, 3% free 10057K/10311K, paused 44ms+3ms
07-12 09:56:54.660 12295 12297 D dalvikvm: GC_CONCURRENT freed 403K, 6% free 9236K/9735K, paused 8ms+2ms
07-12 09:56:54.746 12372 12374 D dalvikvm: GC_CONCURRENT freed 159K, 3% free 10345K/10631K, paused 3ms+3ms
07-12 09:56:54.898 12372 12374 D dalvikvm: GC_CONCURRENT freed 300K, 5% free 10468K/10951K, paused 3ms+3ms
07-12 09:56:54.941 12372 12387 D dalvikvm: GC_FOR_ALLOC freed 0K, 5% free 10468K/10951K, paused 26ms
07-12 09:56:54.941 12372 12387 I dalvikvm-heap: Grow heap (frag case) to 10.539MB for 260112-byte allocation
07-12 09:56:54.968 12372 12387 D dalvikvm: GC_FOR_ALLOC freed 126K, 6% free 10596K/11207K, paused 23ms
07-12 09:56:55.066   144   326 D SyncManager: setIsSyncable: Account {name=lokeshmandvekar@gmail.com, type=com.google}, provider com.google.android.gallery3d.GooglePhotoProvider -> 0
07-12 09:56:55.066   144   326 D SyncManager: setIsSyncable: already set to 0, doing nothing
07-12 09:56:55.105   144   402 I ActivityManager: Start proc com.google.android.partnersetup for broadcast com.google.android.partnersetup/.RlzPingBroadcastReceiver: pid=12404 uid=10021 gids={3003}
07-12 09:56:55.183 12372 12387 D dalvikvm: GC_FOR_ALLOC freed 311K, 6% free 10589K/11207K, paused 21ms
07-12 09:56:55.207 12372 12387 D dalvikvm: GC_FOR_ALLOC freed 62K, 5% free 10653K/11207K, paused 20ms
07-12 09:56:55.207 12372 12387 I dalvikvm-heap: Grow heap (frag case) to 10.719MB for 260112-byte allocation
07-12 09:56:55.238 12372 12387 D dalvikvm: GC_FOR_ALLOC freed 126K, 6% free 10781K/11463K, paused 29ms
07-12 09:56:55.367 12404 12404 I ActivityThread: Pub com.google.android.partnersetup.rlzprovider: com.google.android.partnersetup.RlzProvider
07-12 09:56:55.378 12404 12404 I ActivityThread: Pub com.google.android.partnersetup.rlzappprovider: com.google.android.partnersetup.RlzAppProvider
07-12 09:56:55.476 12372 12387 D dalvikvm: GC_FOR_ALLOC freed 307K, 7% free 10772K/11463K, paused 70ms
07-12 09:56:55.539 12372 12387 D dalvikvm: GC_FOR_ALLOC freed 62K, 6% free 10836K/11463K, paused 58ms
07-12 09:56:55.539 12372 12387 I dalvikvm-heap: Grow heap (frag case) to 10.899MB for 260112-byte allocation
07-12 09:56:55.570 12372 12387 D dalvikvm: GC_FOR_ALLOC freed 126K, 7% free 10964K/11719K, paused 26ms
07-12 09:56:55.621   144   156 I ActivityManager: Start proc com.svox.pico for broadcast com.svox.pico/.VoiceDataInstallerReceiver: pid=12418 uid=10038 gids={1015}
07-12 09:56:55.871 12372 12374 D dalvikvm: GC_CONCURRENT freed 332K, 5% free 11167K/11719K, paused 3ms+2ms
07-12 09:56:55.921 12418 12418 I ActivityThread: Pub com.svox.pico.providers.SettingsProvider: com.svox.pico.providers.SettingsProvider
07-12 09:56:56.082 12372 12374 D dalvikvm: GC_CONCURRENT freed 132K, 3% free 11663K/11911K, paused 2ms+3ms
07-12 09:56:56.546   144  9084 I ActivityManager: Start proc com.google.android.apps.maps:FriendService for broadcast com.google.android.apps.maps/com.google.googlenav.friend.android.ServiceReceiver: pid=12433 uid=10056 gids={3003, 1015}
07-12 09:56:56.722 12433 12435 D dalvikvm: GC_CONCURRENT freed 165K, 3% free 9370K/9607K, paused 37ms+2ms
07-12 09:56:56.761   144   326 I ActivityManager: Process com.android.providers.calendar (pid 11346) has died.
07-12 09:56:57.218 12372 12387 D dalvikvm: GC_FOR_ALLOC freed 363K, 4% free 12013K/12487K, paused 93ms
07-12 09:56:57.250 12433 12435 D dalvikvm: GC_CONCURRENT freed 187K, 3% free 9650K/9927K, paused 2ms+20ms
07-12 09:56:57.437   144   156 I ActivityManager: Start proc org.mozilla.firefox_beta for broadcast org.mozilla.firefox_beta/org.mozilla.gecko.sync.receivers.UpgradeReceiver: pid=12446 uid=10061 gids={3003, 1015, 1006}
07-12 09:56:57.562 12446 12446 I ActivityThread: Pub org.mozilla.firefox_beta.db.browser: org.mozilla.firefox_beta.db.BrowserProvider
07-12 09:56:57.597 12446 12446 I ActivityThread: Pub org.mozilla.firefox_beta.db.formhistory: org.mozilla.firefox_beta.db.FormHistoryProvider
07-12 09:56:57.597 12446 12446 I ActivityThread: Pub org.mozilla.firefox_beta.db.tabs: org.mozilla.firefox_beta.db.TabsProvider
07-12 09:56:57.617 12372 12374 D dalvikvm: GC_CONCURRENT freed 388K, 4% free 12566K/13063K, paused 1ms+7ms
07-12 09:56:57.640   144   376 I ActivityManager: Start proc com.google.android.googlequicksearchbox for broadcast com.google.android.googlequicksearchbox/.SourceUpdateReceiver: pid=12462 uid=10022 gids={3003}
07-12 09:56:57.699   144   326 I ActivityManager: Process com.twitter.android (pid 12006) has died.
07-12 09:56:57.707 12446 12459 D GeckoProfile: Found profile dir: /data/data/org.mozilla.firefox_beta/files/mozilla/r0zhquk7.default
07-12 09:56:57.726   144   144 W AccountManagerService: caller uid 10061 is different than the authenticator's uid
07-12 09:56:57.726   144   323 I WindowManager: WIN DEATH: Window{41af8748 com.twitter.android/com.twitter.android.HomeTabActivity paused=false}
07-12 09:56:57.734   144   179 W InputDispatcher: channel '41af8748 com.twitter.android/com.twitter.android.HomeTabActivity (server)' ~ Consumer closed input channel or an error occurred.  events=0x8
07-12 09:56:57.734   144   179 E InputDispatcher: channel '41af8748 com.twitter.android/com.twitter.android.HomeTabActivity (server)' ~ Channel is unrecoverably broken and will be disposed!
07-12 09:56:57.734   144   323 W InputDispatcher: Attempted to unregister already unregistered input channel '41af8748 com.twitter.android/com.twitter.android.HomeTabActivity (server)'
07-12 09:56:57.832   144   179 I WindowManager: WINDOW DIED Window{41af8748 com.twitter.android/com.twitter.android.HomeTabActivity paused=false}
07-12 09:56:57.886 12462 12462 I ActivityThread: Pub com.google.android.googlequicksearchbox.shortcuts: com.google.android.googlequicksearchbox.WebHistoryProvider
07-12 09:56:57.890 12462 12462 I ActivityThread: Pub com.google.android.googlequicksearchbox.google: com.google.android.googlequicksearchbox.google.GoogleSuggestionProvider
07-12 09:56:57.996   144   144 I ActivityManager: Start proc com.android.quicksearchbox for broadcast com.android.quicksearchbox/.CorporaUpdateReceiver: pid=12476 uid=10040 gids={3003}
07-12 09:56:58.113 12476 12476 I ActivityThread: Pub com.android.quicksearchbox.google: com.android.quicksearchbox.google.GoogleSuggestionProvider
07-12 09:56:58.253 12476 12476 I ActivityThread: Pub com.android.quicksearchbox.shortcuts: com.android.quicksearchbox.ShortcutsProvider
07-12 09:56:58.730  6644  6647 D dalvikvm: GC_CONCURRENT freed 373K, 9% free 10296K/11207K, paused 2ms+75ms
07-12 09:56:58.953   144   424 I ActivityManager: No longer want com.android.deskclock (pid 11564): hidden #16
07-12 09:57:00.293   144 10051 D dalvikvm: GC_EXPLICIT freed 1245K, 22% free 17520K/22343K, paused 19ms+9ms
07-12 09:57:00.585   144 30930 I ActivityManager: No longer want com.google.android.gsf.login (pid 6786): hidden #16
07-12 09:57:00.621   144   155 I ActivityManager: No longer want com.android.defcontainer (pid 12158): hidden #16
07-12 09:57:00.632   144  9084 I ActivityManager: No longer want com.android.keychain (pid 12322): hidden #16
07-12 09:57:00.640   144   402 I ActivityManager: No longer want com.metago.astro:remote (pid 12389): hidden #16
07-12 09:57:02.996   144   156 I ActivityManager: Start proc com.google.android.gsf.login for service com.google.android.gsf.login/com.google.android.gsf.loginservice.GoogleLoginService: pid=12493 uid=10009 gids={3003, 1015, 1007, 2001, 3006}
07-12 09:57:03.269   144   323 I ActivityManager: No longer want com.google.android.apps.gesturesearch (pid 12279): hidden #16
07-12 09:57:04.203 11812 11815 D dalvikvm: GC_CONCURRENT freed 501K, 6% free 10460K/11079K, paused 6ms+3ms
07-12 09:57:11.441 12372 12374 D dalvikvm: GC_CONCURRENT freed 963K, 8% free 12678K/13767K, paused 7ms+7ms
07-12 09:57:11.691 12043 12045 D dalvikvm: GC_CONCURRENT freed 2313K, 12% free 18014K/20423K, paused 8ms+10ms
07-12 09:57:12.187 12043 12043 D Finsky  : [1] 5.onFinished: Installation state replication succeeded.
07-12 09:57:59.281  6644  6647 D dalvikvm: GC_CONCURRENT freed 466K, 8% free 10337K/11207K, paused 2ms+3ms
07-12 09:58:25.910 12250 12264 I PhoneLab-: Service Running
07-12 09:58:26.054 12250 12264 I PhoneLab-LoggerService: app_37    1373  1     1440   1000  c00f181c 400107b4 S logcat
07-12 09:58:26.054 12250 12264 I PhoneLab-LoggerService: Logcat pid from database 1373
07-12 09:58:26.054 12250 12264 I PhoneLab-LoggerService: Logcat process found 1373
07-12 09:58:26.054 12250 12264 I PhoneLab-LoggerService: Checking Threshold
07-12 09:58:26.058 12250 12264 I PhoneLab-LoggerService: Starting to rename files
07-12 09:58:26.062 12250 12264 I PhoneLab-LoggerService: Files found .. 2
07-12 09:58:26.062 12250 12264 I PhoneLab-LoggerService: File 1 log.out.1
07-12 09:58:26.070 12250 12264 I PhoneLab-LoggerService: Renamed successfully
07-12 09:58:57.386   144   168 I ActivityManager: Start proc com.google.android.apps.currents for service com.google.android.apps.currents/com.google.apps.dots.android.app.service.SyncService: pid=12517 uid=10078 gids={3003, 1015}
07-12 09:58:57.410    79    79 D dalvikvm: GC_EXPLICIT freed 37K, 4% free 9031K/9347K, paused 3ms+2ms
07-12 09:58:57.468    79    79 D dalvikvm: GC_EXPLICIT freed <1K, 4% free 9031K/9347K, paused 2ms+5ms
07-12 09:58:57.511    79    79 D dalvikvm: GC_EXPLICIT freed <1K, 4% free 9031K/9347K, paused 1ms+3ms
07-12 09:58:57.757 12517 12517 I ActivityThread: Pub com.google.apps.dots.android.app.provider.SuggestionProvider: com.google.apps.dots.android.app.provider.SuggestionProvider
07-12 09:58:57.769 12517 12517 I ActivityThread: Pub com.google.android.apps.currents.exported: com.google.apps.dots.android.app.provider.ExportedContentProvider
07-12 09:58:57.839 12517 12520 D dalvikvm: GC_CONCURRENT freed 182K, 3% free 9354K/9607K, paused 3ms+3ms
07-12 09:58:57.906 12517 12520 D dalvikvm: GC_CONCURRENT freed 267K, 5% free 9586K/9991K, paused 1ms+2ms
07-12 09:58:58.019 12517 12520 D dalvikvm: GC_CONCURRENT freed 231K, 4% free 9830K/10183K, paused 2ms+2ms
07-12 09:58:58.265 12517 12520 D dalvikvm: GC_CONCURRENT freed 238K, 4% free 10081K/10439K, paused 2ms+2ms
07-12 09:58:58.300 12517 12517 I DotsContentUris: content://com.google.android.apps.currents
07-12 09:58:58.308 12517 12517 I ActivityThread: Pub com.google.android.apps.currents: com.google.apps.dots.android.app.provider.DotsContentProvider
07-12 09:58:58.320 12517 12517 I DotsApplication: Starting up...
07-12 09:58:58.781 12517 12520 D dalvikvm: GC_CONCURRENT freed 412K, 5% free 10132K/10631K, paused 10ms+2ms
07-12 09:58:59.043 12517 12520 D dalvikvm: GC_CONCURRENT freed 301K, 4% free 10324K/10695K, paused 7ms+3ms
07-12 09:58:59.097 12517 12536 I SyncService: Starting sync (09:58:59)
07-12 09:59:00.418 12517 12520 D dalvikvm: GC_CONCURRENT freed 286K, 4% free 10471K/10887K, paused 5ms+2ms
07-12 09:59:00.421 11812 11815 D dalvikvm: GC_CONCURRENT freed 460K, 5% free 10580K/11079K, paused 7ms+3ms
07-12 09:59:00.574  6644  6647 D dalvikvm: GC_CONCURRENT freed 481K, 9% free 10307K/11207K, paused 3ms+2ms
07-12 09:59:00.980 12517 12520 D dalvikvm: GC_CONCURRENT freed 194K, 3% free 10687K/11015K, paused 2ms+2ms
07-12 09:59:01.082 12517 12520 D dalvikvm: GC_CONCURRENT freed 481K, 6% free 10658K/11335K, paused 2ms+2ms
07-12 09:59:01.246 12517 12520 D dalvikvm: GC_CONCURRENT freed 379K, 6% free 10698K/11335K, paused 2ms+2ms
07-12 09:59:01.296   144   403 D SyncManager: setSyncAutomatically: , provider com.google.android.apps.currents -> true
07-12 09:59:01.296   144   403 D SyncManager: setSyncAutomatically: already set to true, doing nothing
07-12 09:59:01.543 12517 12520 D dalvikvm: GC_CONCURRENT freed 324K, 5% free 10804K/11335K, paused 2ms+3ms
07-12 09:59:01.714 12517 12520 D dalvikvm: GC_CONCURRENT freed 249K, 4% free 11102K/11527K, paused 2ms+3ms
07-12 09:59:01.921 12517 12520 D dalvikvm: GC_CONCURRENT freed 269K, 4% free 11446K/11847K, paused 2ms+3ms
07-12 09:59:02.105   144   400 D dalvikvm: GC_EXPLICIT freed 813K, 22% free 17461K/22343K, paused 4ms+9ms
07-12 09:59:02.351 12517 12520 D dalvikvm: GC_CONCURRENT freed 1026K, 10% free 11146K/12295K, paused 3ms+18ms
07-12 09:59:02.503 12517 12520 D dalvikvm: GC_CONCURRENT freed 483K, 9% free 11243K/12295K, paused 5ms+3ms
07-12 09:59:03.085 12517 12520 D dalvikvm: GC_CONCURRENT freed 551K, 9% free 11305K/12295K, paused 3ms+3ms
07-12 09:59:04.957 12517 12520 D dalvikvm: GC_CONCURRENT freed 607K, 8% free 11333K/12295K, paused 2ms+3ms
07-12 09:59:05.132 12517 12520 D dalvikvm: GC_CONCURRENT freed 638K, 8% free 11337K/12295K, paused 2ms+3ms
07-12 09:59:05.304 12517 12520 D dalvikvm: GC_CONCURRENT freed 633K, 8% free 11351K/12295K, paused 2ms+2ms
07-12 09:59:06.257 12517 12520 D dalvikvm: GC_CONCURRENT freed 684K, 8% free 11316K/12295K, paused 2ms+3ms
07-12 09:59:06.410 12517 12520 D dalvikvm: GC_CONCURRENT freed 601K, 8% free 11353K/12295K, paused 2ms+3ms
07-12 09:59:06.570 12517 12520 D dalvikvm: GC_CONCURRENT freed 635K, 8% free 11370K/12295K, paused 2ms+3ms
07-12 09:59:06.722 12517 12520 D dalvikvm: GC_CONCURRENT freed 620K, 8% free 11410K/12295K, paused 2ms+3ms
07-12 09:59:07.070 12517 12520 D dalvikvm: GC_CONCURRENT freed 629K, 7% free 11450K/12295K, paused 2ms+3ms
07-12 09:59:08.519 12517 12520 D dalvikvm: GC_CONCURRENT freed 834K, 8% free 11330K/12295K, paused 2ms+8ms
07-12 09:59:08.960 12517 12520 D dalvikvm: GC_CONCURRENT freed 624K, 8% free 11351K/12295K, paused 2ms+3ms
07-12 09:59:09.089 12517 12520 D dalvikvm: GC_CONCURRENT freed 624K, 8% free 11377K/12295K, paused 2ms+3ms
07-12 09:59:09.527 12517 12520 D dalvikvm: GC_CONCURRENT freed 623K, 8% free 11412K/12295K, paused 2ms+3ms
07-12 09:59:10.593 12517 12520 D dalvikvm: GC_CONCURRENT freed 724K, 8% free 11373K/12295K, paused 2ms+7ms
07-12 09:59:11.210 12517 12520 D dalvikvm: GC_CONCURRENT freed 663K, 8% free 11383K/12295K, paused 2ms+7ms
07-12 09:59:12.847 12517 12520 D dalvikvm: GC_CONCURRENT freed 645K, 8% free 11397K/12295K, paused 2ms+3ms
07-12 09:59:13.601 12517 12520 D dalvikvm: GC_CONCURRENT freed 702K, 8% free 11362K/12295K, paused 2ms+2ms
07-12 09:59:13.656 12517 12539 D dalvikvm: GC_FOR_ALLOC freed 184K, 8% free 11389K/12295K, paused 26ms
07-12 09:59:13.656 12517 12539 I dalvikvm-heap: Grow heap (frag case) to 11.259MB for 71674-byte allocation
07-12 09:59:13.687 12517 12539 D dalvikvm: GC_FOR_ALLOC freed 33K, 9% free 11426K/12423K, paused 31ms
07-12 09:59:13.937 12517 12520 D dalvikvm: GC_CONCURRENT freed 721K, 9% free 11380K/12423K, paused 2ms+2ms
07-12 09:59:14.714 12517 12520 D dalvikvm: GC_CONCURRENT freed 651K, 9% free 11387K/12423K, paused 2ms+3ms
07-12 09:59:14.878 12517 12520 D dalvikvm: GC_CONCURRENT freed 644K, 9% free 11407K/12423K, paused 1ms+3ms
07-12 09:59:15.214 12517 12520 D dalvikvm: GC_CONCURRENT freed 644K, 8% free 11431K/12423K, paused 2ms+3ms
07-12 09:59:15.847 12517 12520 D dalvikvm: GC_CONCURRENT freed 729K, 9% free 11382K/12423K, paused 2ms+2ms
07-12 09:59:16.011 12517 12520 D dalvikvm: GC_CONCURRENT freed 618K, 9% free 11426K/12423K, paused 2ms+2ms
07-12 09:59:16.277   144   424 D dalvikvm: JIT code cache reset in 4 ms (1048484 bytes 41/0)
07-12 09:59:16.289   144   424 D dalvikvm: GC_EXPLICIT freed 519K, 23% free 17366K/22343K, paused 14ms+12ms
07-12 09:59:17.296 12517 12520 D dalvikvm: GC_CONCURRENT freed 699K, 9% free 11401K/12423K, paused 3ms+3ms
07-12 09:59:17.960 12517 12520 D dalvikvm: GC_CONCURRENT freed 666K, 9% free 11403K/12423K, paused 2ms+3ms
07-12 09:59:18.558 12517 12520 D dalvikvm: GC_CONCURRENT freed 658K, 9% free 11414K/12423K, paused 3ms+3ms
07-12 09:59:18.734 12517 12520 D dalvikvm: GC_CONCURRENT freed 651K, 8% free 11439K/12423K, paused 2ms+3ms
07-12 09:59:20.140 12517 12520 D dalvikvm: GC_CONCURRENT freed 657K, 8% free 11461K/12423K, paused 2ms+6ms
07-12 09:59:21.847 12517 12520 D dalvikvm: GC_CONCURRENT freed 755K, 9% free 11398K/12423K, paused 2ms+2ms
07-12 09:59:22.015 12517 12520 D dalvikvm: GC_CONCURRENT freed 627K, 8% free 11439K/12423K, paused 2ms+3ms
07-12 09:59:23.046 12517 12520 D dalvikvm: GC_CONCURRENT freed 656K, 8% free 11461K/12423K, paused 2ms+3ms
07-12 09:59:23.199 12517 12520 D dalvikvm: GC_CONCURRENT freed 672K, 8% free 11474K/12423K, paused 2ms+3ms
07-12 09:59:23.484 12517 12539 D dalvikvm: GC_EXPLICIT freed 218K, 8% free 11459K/12423K, paused 26ms+3ms
07-12 09:59:25.312 12517 12520 D dalvikvm: GC_CONCURRENT freed 685K, 8% free 11460K/12423K, paused 2ms+3ms
07-12 09:59:25.457 12517 12520 D dalvikvm: GC_CONCURRENT freed 676K, 8% free 11472K/12423K, paused 2ms+2ms
07-12 09:59:25.601 12517 12520 D dalvikvm: GC_CONCURRENT freed 663K, 8% free 11498K/12423K, paused 2ms+3ms
07-12 09:59:25.746 12517 12520 D dalvikvm: GC_CONCURRENT freed 669K, 8% free 11527K/12423K, paused 2ms+3ms
07-12 09:59:26.312   144   156 D dalvikvm: GC_EXPLICIT freed 338K, 23% free 17366K/22343K, paused 3ms+7ms
07-12 09:59:26.507 12517 12520 D dalvikvm: GC_CONCURRENT freed 715K, 7% free 11572K/12423K, paused 2ms+3ms
07-12 09:59:31.492 12517 12520 D dalvikvm: GC_CONCURRENT freed 958K, 10% free 11397K/12551K, paused 2ms+3ms
07-12 09:59:31.746 12517 12520 D dalvikvm: GC_CONCURRENT freed 681K, 10% free 11387K/12551K, paused 3ms+3ms
07-12 09:59:32.011 12517 12520 D dalvikvm: GC_CONCURRENT freed 645K, 10% free 11402K/12551K, paused 2ms+10ms
07-12 09:59:32.156 12517 12520 D dalvikvm: GC_CONCURRENT freed 451K, 8% free 11640K/12551K, paused 3ms+3ms
07-12 09:59:32.316 12517 12520 D dalvikvm: GC_CONCURRENT freed 564K, 6% free 11888K/12551K, paused 2ms+3ms
07-12 09:59:32.492 12517 12520 D dalvikvm: GC_CONCURRENT freed 1033K, 10% free 11704K/12871K, paused 2ms+4ms
07-12 09:59:32.668 12517 12520 D dalvikvm: GC_CONCURRENT freed 1090K, 12% free 11382K/12871K, paused 9ms+3ms
07-12 09:59:33.269 12517 12536 I SyncService: sync service finished (09:59:33)
07-12 09:59:51.320  5714  5990 I EventLogService: Aggregate from 1342099791154 (log), 1342099791154 (data)
07-12 10:00:00.859  6644  6647 D dalvikvm: GC_CONCURRENT freed 341K, 8% free 10354K/11207K, paused 20ms+6ms
07-12 10:00:01.054  6644  6647 D dalvikvm: GC_CONCURRENT freed 289K, 6% free 10546K/11207K, paused 2ms+2ms
07-12 10:00:25.910 12250 12264 I PhoneLab-: Service Running
07-12 10:00:26.035 12250 12264 I PhoneLab-LoggerService: app_37    1373  1     1440   1000  c00f181c 400107b4 S logcat
07-12 10:00:26.035 12250 12264 I PhoneLab-LoggerService: Logcat pid from database 1373
07-12 10:00:26.035 12250 12264 I PhoneLab-LoggerService: Logcat process found 1373
07-12 10:00:26.035 12250 12264 I PhoneLab-LoggerService: Checking Threshold
07-12 10:00:26.039 12250 12264 I PhoneLab-LoggerService: Starting to rename files
07-12 10:00:26.039 12250 12264 I PhoneLab-LoggerService: Files found .. 2
07-12 10:01:00.531 11812 11815 D dalvikvm: GC_CONCURRENT freed 672K, 7% free 10455K/11207K, paused 1ms+2ms
07-12 10:01:00.675  6644  6647 D dalvikvm: GC_CONCURRENT freed 691K, 8% free 10350K/11207K, paused 1ms+3ms
07-12 10:01:42.734  5714  5717 D dalvikvm: GC_CONCURRENT freed 589K, 8% free 11351K/12295K, paused 6ms+10ms
07-12 10:02:00.664  6644  6647 D dalvikvm: GC_CONCURRENT freed 497K, 8% free 10363K/11207K, paused 2ms+2ms
07-12 10:02:25.882 12250 12264 I PhoneLab-: Service Running
07-12 10:02:25.968 12250 12264 I PhoneLab-LoggerService: app_37    1373  1     1440   1000  c00f181c 400107b4 S logcat
07-12 10:02:25.968 12250 12264 I PhoneLab-LoggerService: Logcat pid from database 1373
07-12 10:02:25.968 12250 12264 I PhoneLab-LoggerService: Logcat process found 1373
07-12 10:02:25.968 12250 12264 I PhoneLab-LoggerService: Checking Threshold
07-12 10:02:25.968 12250 12264 I PhoneLab-LoggerService: Starting to rename files
07-12 10:02:25.968 12250 12264 I PhoneLab-LoggerService: Files found .. 2
07-12 10:03:00.628 11812 11815 D dalvikvm: GC_CONCURRENT freed 511K, 7% free 10455K/11207K, paused 1ms+2ms
07-12 10:03:57.394   144   161 I ActivityManager: No longer want com.whatsapp (pid 11757): hidden #16
07-12 10:03:57.441   144   400 W ActivityManager: Scheduling restart of crashed service com.whatsapp/.messaging.MessageService in 5000ms
07-12 10:03:59.128   144   424 I ActivityManager: No longer want com.android.browser (pid 12309): hidden #16
07-12 10:03:59.660 12184 12186 D dalvikvm: GC_CONCURRENT freed 491K, 6% free 10692K/11271K, paused 74ms+3ms
07-12 10:04:00.187 12184 12186 D dalvikvm: GC_CONCURRENT freed 357K, 5% free 10791K/11271K, paused 5ms+5ms
07-12 10:04:01.015  6644  6647 D dalvikvm: GC_CONCURRENT freed 566K, 9% free 10308K/11207K, paused 7ms+14ms
07-12 10:04:01.136 12184 12186 D dalvikvm: GC_CONCURRENT freed 399K, 5% free 10981K/11463K, paused 2ms+3ms
07-12 10:04:01.203  6644  6647 D dalvikvm: GC_CONCURRENT freed 282K, 8% free 10423K/11207K, paused 2ms+2ms
07-12 10:04:02.492   144   161 I ActivityManager: Start proc com.whatsapp for service com.whatsapp/.messaging.MessageService: pid=12590 uid=10068 gids={1015, 3003}
07-12 10:04:02.519 12590 12590 I dalvikvm: Turning on JNI app bug workarounds for target SDK version 7...
07-12 10:04:02.828 12590 12593 D dalvikvm: GC_CONCURRENT freed 156K, 3% free 9368K/9607K, paused 14ms+2ms
07-12 10:04:03.339 12590 12593 D dalvikvm: GC_CONCURRENT freed 275K, 4% free 9561K/9927K, paused 2ms+2ms
07-12 10:04:03.609 12590 12590 I dalvikvm: Could not find method android.media.MediaMetadataRetriever.captureFrame, referenced from method com.whatsapp.q3.a
07-12 10:04:03.609 12590 12590 W dalvikvm: VFY: unable to resolve virtual method 502: Landroid/media/MediaMetadataRetriever;.captureFrame ()Landroid/graphics/Bitmap;
07-12 10:04:03.609 12590 12590 D dalvikvm: VFY: replacing opcode 0x6e at 0x0134
07-12 10:04:03.796 12590 12593 D dalvikvm: GC_CONCURRENT freed 259K, 4% free 9814K/10183K, paused 6ms+4ms
07-12 10:04:03.914 12590 12593 D dalvikvm: GC_CONCURRENT freed 346K, 5% free 9970K/10439K, paused 2ms+9ms
07-12 10:04:05.585 12590 12593 D dalvikvm: GC_CONCURRENT freed 276K, 4% free 10154K/10567K, paused 2ms+5ms
07-12 10:04:25.882 12250 12264 I PhoneLab-: Service Running
07-12 10:04:26.007 12250 12264 I PhoneLab-LoggerService: app_37    1373  1     1440   1000  c00f181c 400107b4 S logcat
07-12 10:04:26.007 12250 12264 I PhoneLab-LoggerService: Logcat pid from database 1373
07-12 10:04:26.011 12250 12264 I PhoneLab-LoggerService: Logcat process found 1373
07-12 10:04:26.011 12250 12264 I PhoneLab-LoggerService: Checking Threshold
07-12 10:04:26.011 12250 12264 I PhoneLab-LoggerService: Starting to rename files
07-12 10:04:26.011 12250 12264 I PhoneLab-LoggerService: Files found .. 2
07-12 10:04:33.261   144   323 I ActivityManager: No longer want com.google.android.gallery3d (pid 12295): hidden #16
07-12 10:04:33.265   144   323 I ActivityManager: No longer want com.android.sprintmenu (pid 11796): hidden #17
07-12 10:04:33.293   144 24503 W ActivityManager: Scheduling restart of crashed service com.android.sprintmenu/.HiddenPhoneService in 5000ms
07-12 10:04:38.011 12250 12250 I PhoneLab-Locks: wake lock acquired
07-12 10:04:38.039 12250 12621 I PhoneLab-PeriodicCheckService: User info is synched
07-12 10:04:38.043 12250 12621 I PhoneLab-PeriodicCheckService: Logger Service is running
07-12 10:04:38.050 12250 12250 I PhoneLab-Locks: wake lock acquired
07-12 10:04:38.058 12250 12250 I PhoneLab-StatusMonitor: Status Monitoring is started
07-12 10:04:38.058 12250 12621 I PhoneLab-Locks: wake lock acquired
07-12 10:04:38.066 12250 12621 I PhoneLab-PeriodicCheckService: Rescheduling periodic checking...
07-12 10:04:38.066 12250 12621 I PhoneLab-Locks: wake lock released
07-12 10:04:38.093 12250 12252 D dalvikvm: GC_CONCURRENT freed 419K, 6% free 9081K/9607K, paused 5ms+3ms
07-12 10:04:38.121 12250 12250 E PhoneLab-PhoneLabManifest: java.io.FileNotFoundException: /data/data/edu.buffalo.cse.phonelab.phonelabservices/files/manifest.xml: open failed: ENOENT (No such file or directory)
07-12 10:04:38.160 12250 12250 I PhoneLab-Locks: wake lock released
07-12 10:04:38.164 12250 12250 I PhoneLab-UploadLogs: Transfering log files now
07-12 10:04:38.367   144   161 I ActivityManager: Start proc com.android.sprintmenu for service com.android.sprintmenu/.HiddenPhoneService: pid=12623 uid=1001 gids={3002, 3001, 3003, 1015}
07-12 10:04:38.375 12250 12252 D dalvikvm: GC_CONCURRENT freed 378K, 5% free 9207K/9671K, paused 2ms+2ms
07-12 10:04:38.390 12250 12250 D dalvikvm: GC_FOR_ALLOC freed 63K, 6% free 9264K/9799K, paused 15ms
07-12 10:04:38.390 12250 12250 I dalvikvm-heap: Grow heap (frag case) to 9.358MB for 254548-byte allocation
07-12 10:04:38.433 12250 12259 D dalvikvm: GC_FOR_ALLOC freed 120K, 7% free 9392K/10055K, paused 22ms
07-12 10:04:38.468 12250 12250 D dalvikvm: GC_FOR_ALLOC freed 0K, 7% free 9392K/10055K, paused 16ms
07-12 10:04:38.468 12250 12250 I dalvikvm-heap: Grow heap (frag case) to 9.733MB for 516692-byte allocation
07-12 10:04:38.496 12250 12252 D dalvikvm: GC_CONCURRENT freed 249K, 9% free 9648K/10567K, paused 2ms+2ms
07-12 10:04:38.511 12250 12250 I PhoneLab-UploadLogs: OnStartCommand
07-12 10:04:38.683   144 10051 D dalvikvm: GC_EXPLICIT freed 1758K, 23% free 17422K/22343K, paused 3ms+9ms
07-12 10:04:38.707 12250 12639 D dalvikvm: GC_FOR_ALLOC freed 383K, 9% free 9632K/10567K, paused 67ms
07-12 10:04:38.722 12250 12639 D dalvikvm: GC_FOR_ALLOC freed 301K, 9% free 9632K/10567K, paused 15ms
07-12 10:04:38.742 12250 12639 D dalvikvm: GC_FOR_ALLOC freed 301K, 9% free 9639K/10567K, paused 15ms
07-12 10:04:39.070 12228 12231 D dalvikvm: GC_CONCURRENT freed 524K, 7% free 9531K/10183K, paused 10ms+3ms
07-12 10:04:39.242 12250 12250 I PhoneLab-: 1342101506066.log is deleted
07-12 10:04:39.242 12250 12250 I PhoneLab-: Response: {"data": "done", "err": ""}
07-12 10:04:39.250 12250 12250 I PhoneLab-UploadLogs: No log files to transfer
07-12 10:04:39.250 12250 12250 I PhoneLab-Locks: wake lock released
07-12 10:05:01.203 11812 11815 D dalvikvm: GC_CONCURRENT freed 508K, 7% free 10459K/11207K, paused 2ms+2ms
07-12 10:05:01.367  6644  6647 D dalvikvm: GC_CONCURRENT freed 613K, 8% free 10320K/11207K, paused 11ms+8ms
07-12 10:06:01.187  6644  6647 D dalvikvm: GC_CONCURRENT freed 479K, 8% free 10329K/11207K, paused 2ms+3ms
07-12 10:06:25.882 12250 12264 I PhoneLab-: Service Running
07-12 10:06:25.968 12250 12264 I PhoneLab-LoggerService: app_37    1373  1     1440   1000  c00f181c 400107b4 S logcat
07-12 10:06:25.968 12250 12264 I PhoneLab-LoggerService: Logcat pid from database 1373
07-12 10:06:25.968 12250 12264 I PhoneLab-LoggerService: Logcat process found 1373
07-12 10:06:25.972 12250 12264 I PhoneLab-LoggerService: Checking Threshold
07-12 10:07:01.214 11812 11815 D dalvikvm: GC_CONCURRENT freed 495K, 7% free 10476K/11207K, paused 2ms+7ms
07-12 10:07:01.304  5714 26690 D dalvikvm: GC_EXPLICIT freed 386K, 8% free 11322K/12295K, paused 4ms+5ms
07-12 10:07:01.675  6644  6647 D dalvikvm: GC_CONCURRENT freed 382K, 8% free 10362K/11207K, paused 9ms+5ms
07-12 10:07:02.382  6644  6647 D dalvikvm: GC_CONCURRENT freed 279K, 6% free 10545K/11207K, paused 19ms+2ms
07-12 10:08:01.328 11812 11815 D dalvikvm: GC_CONCURRENT freed 418K, 7% free 10454K/11207K, paused 6ms+2ms
07-12 10:08:25.882 12250 12264 I PhoneLab-: Service Running
07-12 10:08:25.964 12250 12252 D dalvikvm: GC_CONCURRENT freed 889K, 14% free 9167K/10567K, paused 2ms+2ms
07-12 10:08:25.980 12250 12264 I PhoneLab-LoggerService: app_37    1373  1     1440   1000  c00f181c 400107b4 S logcat
07-12 10:08:25.984 12250 12264 I PhoneLab-LoggerService: Logcat pid from database 1373
07-12 10:08:25.984 12250 12264 I PhoneLab-LoggerService: Logcat process found 1373
07-12 10:08:25.984 12250 12264 I PhoneLab-LoggerService: Checking Threshold
07-12 10:09:01.375  6644  6647 D dalvikvm: GC_CONCURRENT freed 744K, 8% free 10312K/11207K, paused 6ms+2ms
07-12 10:09:59.398 12144 12145 D dalvikvm: GC_CONCURRENT freed 308K, 4% free 10515K/10951K, paused 27ms+5ms
07-12 10:10:01.343 11812 11815 D dalvikvm: GC_CONCURRENT freed 506K, 7% free 10460K/11207K, paused 2ms+3ms
07-12 10:10:01.460  6644  6647 D dalvikvm: GC_CONCURRENT freed 458K, 8% free 10360K/11207K, paused 1ms+3ms
07-12 10:10:25.882 12250 12264 I PhoneLab-: Service Running
07-12 10:10:25.984 12250 12264 I PhoneLab-LoggerService: app_37    1373  1     1440   1000  c00f181c 400107b4 S logcat
07-12 10:10:25.984 12250 12264 I PhoneLab-LoggerService: Logcat pid from database 1373
07-12 10:10:25.984 12250 12264 I PhoneLab-LoggerService: Logcat process found 1373
07-12 10:10:25.984 12250 12264 I PhoneLab-LoggerService: Checking Threshold
07-12 10:11:01.519  6644  6647 D dalvikvm: GC_CONCURRENT freed 406K, 8% free 10398K/11207K, paused 2ms+2ms
07-12 10:11:02.675  6644  6647 D dalvikvm: GC_CONCURRENT freed 267K, 6% free 10563K/11207K, paused 2ms+2ms
07-12 10:12:01.464 11812 11815 D dalvikvm: GC_CONCURRENT freed 510K, 7% free 10462K/11207K, paused 2ms+2ms
07-12 10:12:25.882 12250 12264 I PhoneLab-: Service Running
07-12 10:12:25.968 12250 12264 I PhoneLab-LoggerService: app_37    1373  1     1440   1000  c00f181c 400107b4 S logcat
07-12 10:12:25.968 12250 12264 I PhoneLab-LoggerService: Logcat pid from database 1373
07-12 10:12:25.968 12250 12264 I PhoneLab-LoggerService: Logcat process found 1373
07-12 10:12:25.968 12250 12264 I PhoneLab-LoggerService: Checking Threshold
07-12 10:12:32.824   214   216 D dalvikvm: GC_CONCURRENT freed 475K, 56% free 9766K/22023K, paused 2ms+3ms
07-12 10:12:33.226   214   216 D dalvikvm: GC_CONCURRENT freed 246K, 55% free 9979K/22023K, paused 3ms+3ms
07-12 10:12:33.421   214   216 D dalvikvm: GC_CONCURRENT freed 394K, 55% free 10005K/22023K, paused 4ms+11ms
07-12 10:12:43.914   144   402 D dalvikvm: GC_EXPLICIT freed 1219K, 22% free 17467K/22343K, paused 4ms+10ms
07-12 10:13:01.566  6644  6647 D dalvikvm: GC_CONCURRENT freed 720K, 8% free 10356K/11207K, paused 2ms+2ms
07-12 10:13:20.628  5714  5730 I CheckinService: Preparing to send checkin request
07-12 10:13:20.628  5714  5730 I EventLogService: Accumulating logs since 1342101591322
07-12 10:13:20.710  5714  5736 D dalvikvm: GC_FOR_ALLOC freed 549K, 8% free 11360K/12295K, paused 40ms
07-12 10:13:20.890  5714  5730 D dalvikvm: GC_FOR_ALLOC freed 192K, 8% free 11327K/12295K, paused 34ms
07-12 10:13:20.890  5714  5730 I dalvikvm-heap: Grow heap (frag case) to 11.166MB for 35612-byte allocation
07-12 10:13:20.925  5714  5723 D dalvikvm: GC_FOR_ALLOC freed 21K, 9% free 11341K/12359K, paused 34ms
07-12 10:13:20.960  5714  5730 D dalvikvm: GC_FOR_ALLOC freed 3K, 9% free 11362K/12359K, paused 27ms
07-12 10:13:20.960  5714  5730 I dalvikvm-heap: Grow heap (frag case) to 11.234MB for 71256-byte allocation
07-12 10:13:20.988  5714  5730 D dalvikvm: GC_FOR_ALLOC freed 34K, 9% free 11397K/12487K, paused 27ms
07-12 10:13:21.019  5714  5730 D dalvikvm: GC_FOR_ALLOC freed 2K, 9% free 11464K/12487K, paused 29ms
07-12 10:13:21.019  5714  5730 I dalvikvm-heap: Grow heap (frag case) to 11.302MB for 38809-byte allocation
07-12 10:13:21.058  5714  5723 D dalvikvm: GC_FOR_ALLOC freed <1K, 9% free 11501K/12551K, paused 28ms
07-12 10:13:21.125  5714  5730 I CheckinTask: Sending checkin request (10373 bytes)
07-12 10:13:21.671  5714  5730 D dalvikvm: GC_FOR_ALLOC freed 551K, 10% free 11353K/12551K, paused 30ms
07-12 10:13:21.730  5714  5730 D dalvikvm: GC_FOR_ALLOC freed 88K, 9% free 11541K/12551K, paused 27ms
07-12 10:13:21.734  5714  5730 I dalvikvm-heap: Grow heap (frag case) to 11.382MB for 43975-byte allocation
07-12 10:13:21.769  5714  5723 D dalvikvm: GC_FOR_ALLOC freed <1K, 9% free 11583K/12615K, paused 27ms
07-12 10:13:21.816  5714  5730 I CheckinTask: Sending checkin request (11451 bytes)
07-12 10:13:22.097  5714  5730 D dalvikvm: GC_FOR_ALLOC freed 434K, 10% free 11428K/12615K, paused 29ms
07-12 10:13:22.171  5714  5730 I CheckinTask: Sending checkin request (12376 bytes)
07-12 10:13:22.609  5714  5730 D dalvikvm: GC_FOR_ALLOC freed 436K, 9% free 11521K/12615K, paused 34ms
07-12 10:13:22.683  5714  5730 I CheckinTask: Sending checkin request (16732 bytes)
07-12 10:13:23.039  5714  5730 D dalvikvm: GC_FOR_ALLOC freed 527K, 10% free 11442K/12615K, paused 35ms
07-12 10:13:23.226  5714  5730 I CheckinTask: Sending checkin request (17196 bytes)
07-12 10:13:23.796  5714  5730 D dalvikvm: GC_FOR_ALLOC freed 507K, 10% free 11403K/12615K, paused 35ms
07-12 10:13:23.851  5714  5730 I CheckinTask: Sending checkin request (4967 bytes)
07-12 10:13:24.585  5714  5730 I CheckinTask: Checkin success: https://android.clients.google.com/checkin (6 requests sent)
07-12 10:13:56.199   262   262 I wpa_supplicant: wlan0: WPA: Group rekeying completed with d0:c2:82:2d:ea:c1 [GTK=TKIP]
07-12 10:14:01.570 11812 11815 D dalvikvm: GC_CONCURRENT freed 512K, 7% free 10461K/11207K, paused 1ms+2ms
07-12 10:14:01.710  6644  6647 D dalvikvm: GC_CONCURRENT freed 496K, 8% free 10356K/11207K, paused 2ms+3ms
07-12 10:14:25.894 12250 12264 I PhoneLab-: Service Running
07-12 10:14:25.976 12250 12264 I PhoneLab-LoggerService: app_37    1373  1     1440   1000  c00f181c 400107b4 S logcat
07-12 10:14:25.980 12250 12264 I PhoneLab-LoggerService: Logcat pid from database 1373
07-12 10:14:25.980 12250 12264 I PhoneLab-LoggerService: Logcat process found 1373
07-12 10:14:25.980 12250 12264 I PhoneLab-LoggerService: Checking Threshold
07-12 10:15:01.660  6644  6647 D dalvikvm: GC_CONCURRENT freed 407K, 8% free 10362K/11207K, paused 2ms+3ms
07-12 10:15:03.242  6644  6647 D dalvikvm: GC_CONCURRENT freed 279K, 6% free 10546K/11207K, paused 19ms+2ms
07-12 10:15:08.718 12228 12231 D dalvikvm: GC_CONCURRENT freed 375K, 7% free 9542K/10183K, paused 2ms+3ms
07-12 10:16:01.687 11812 11815 D dalvikvm: GC_CONCURRENT freed 505K, 7% free 10468K/11207K, paused 1ms+3ms
07-12 10:16:25.886 12250 12264 I PhoneLab-: Service Running
07-12 10:16:25.964 12250 12264 I PhoneLab-LoggerService: app_37    1373  1     1440   1000  c00f181c 400107b4 S logcat
07-12 10:16:25.964 12250 12264 I PhoneLab-LoggerService: Logcat pid from database 1373
07-12 10:16:25.964 12250 12264 I PhoneLab-LoggerService: Logcat process found 1373
07-12 10:16:25.964 12250 12264 I PhoneLab-LoggerService: Checking Threshold
07-12 10:17:01.664  6644  6647 D dalvikvm: GC_CONCURRENT freed 737K, 8% free 10324K/11207K, paused 2ms+3ms
07-12 10:18:00.074   214   216 D dalvikvm: GC_CONCURRENT freed 394K, 55% free 9997K/22023K, paused 7ms+3ms
07-12 10:18:01.656 11812 11815 D dalvikvm: GC_CONCURRENT freed 427K, 6% free 10571K/11207K, paused 2ms+2ms
07-12 10:18:01.789  6644  6647 D dalvikvm: GC_CONCURRENT freed 476K, 8% free 10359K/11207K, paused 2ms+3ms
07-12 10:18:01.902  6644  6647 D dalvikvm: GC_CONCURRENT freed 231K, 7% free 10513K/11207K, paused 2ms+7ms
07-12 10:18:25.886 12250 12264 I PhoneLab-: Service Running
07-12 10:18:25.968 12250 12264 I PhoneLab-LoggerService: app_37    1373  1     1440   1000  c00f181c 400107b4 S logcat
07-12 10:18:25.968 12250 12264 I PhoneLab-LoggerService: Logcat pid from database 1373
07-12 10:18:25.968 12250 12264 I PhoneLab-LoggerService: Logcat process found 1373
07-12 10:18:25.968 12250 12264 I PhoneLab-LoggerService: Checking Threshold
07-12 10:19:02.347   144 30930 D dalvikvm: GC_EXPLICIT freed 1005K, 22% free 17471K/22343K, paused 4ms+9ms
07-12 10:19:02.441  6644  6647 D dalvikvm: GC_CONCURRENT freed 670K, 8% free 10352K/11207K, paused 2ms+3ms
07-12 10:20:01.808 11812 11815 D dalvikvm: GC_CONCURRENT freed 623K, 7% free 10464K/11207K, paused 1ms+3ms
07-12 10:20:01.964  6644 12742 D dalvikvm: GC_EXPLICIT freed 99K, 9% free 10273K/11207K, paused 2ms+9ms
07-12 10:20:02.109 11812 11815 D dalvikvm: GC_CONCURRENT freed 438K, 7% free 10456K/11207K, paused 1ms+3ms
07-12 10:20:14.277  5714  5717 D dalvikvm: GC_CONCURRENT freed 677K, 10% free 11400K/12615K, paused 6ms+9ms
07-12 10:20:25.886 12250 12264 I PhoneLab-: Service Running
07-12 10:20:25.980 12250 12264 I PhoneLab-LoggerService: app_37    1373  1     1440   1000  c00f181c 400107b4 S logcat
07-12 10:20:25.980 12250 12264 I PhoneLab-LoggerService: Logcat pid from database 1373
07-12 10:20:25.980 12250 12264 I PhoneLab-LoggerService: Logcat process found 1373
07-12 10:20:25.980 12250 12264 I PhoneLab-LoggerService: Checking Threshold
07-12 10:21:01.921 11812 11815 D dalvikvm: GC_CONCURRENT freed 413K, 7% free 10467K/11207K, paused 2ms+2ms
07-12 10:21:01.972  6644  6647 D dalvikvm: GC_CONCURRENT freed 448K, 8% free 10329K/11207K, paused 2ms+3ms
07-12 10:22:01.972  6644  6647 D dalvikvm: GC_CONCURRENT freed 473K, 8% free 10333K/11207K, paused 1ms+2ms
07-12 10:22:25.882 12250 12264 I PhoneLab-: Service Running
07-12 10:22:25.980 12250 12264 I PhoneLab-LoggerService: app_37    1373  1     1440   1000  c00f181c 400107b4 S logcat
07-12 10:22:25.980 12250 12264 I PhoneLab-LoggerService: Logcat pid from database 1373
07-12 10:22:25.980 12250 12264 I PhoneLab-LoggerService: Logcat process found 1373
07-12 10:22:25.980 12250 12264 I PhoneLab-LoggerService: Checking Threshold
07-12 10:23:01.980 11812 11815 D dalvikvm: GC_CONCURRENT freed 504K, 7% free 10474K/11207K, paused 2ms+3ms
07-12 10:23:30.382  5714  8487 D dalvikvm: GC_EXPLICIT freed 202K, 11% free 11304K/12615K, paused 2ms+4ms
07-12 10:23:30.476 12144 12145 D dalvikvm: GC_CONCURRENT freed 500K, 6% free 10462K/11079K, paused 23ms+8ms
07-12 10:24:02.054  6644  6647 D dalvikvm: GC_CONCURRENT freed 533K, 8% free 10312K/11207K, paused 2ms+3ms
07-12 10:24:25.882 12250 12264 I PhoneLab-: Service Running
07-12 10:24:26.015 12250 12252 D dalvikvm: GC_CONCURRENT freed 436K, 14% free 9147K/10567K, paused 1ms+3ms
07-12 10:24:26.031 12250 12264 I PhoneLab-LoggerService: app_37    1373  1     1440   1000  c00f181c 400107b4 S logcat
07-12 10:24:26.031 12250 12264 I PhoneLab-LoggerService: Logcat pid from database 1373
07-12 10:24:26.031 12250 12264 I PhoneLab-LoggerService: Logcat process found 1373
07-12 10:24:26.031 12250 12264 I PhoneLab-LoggerService: Checking Threshold
07-12 10:25:02.035 11812 11815 D dalvikvm: GC_CONCURRENT freed 511K, 7% free 10474K/11207K, paused 2ms+2ms
07-12 10:25:02.160  6644  6647 D dalvikvm: GC_CONCURRENT freed 463K, 8% free 10360K/11207K, paused 1ms+3ms
07-12 10:25:02.320  6644  6647 D dalvikvm: GC_CONCURRENT freed 277K, 6% free 10570K/11207K, paused 1ms+2ms
07-12 10:25:26.160 12228 12231 D dalvikvm: GC_CONCURRENT freed 385K, 7% free 9542K/10183K, paused 6ms+3ms
07-12 10:26:00.816 11812 11833 D dalvikvm: GC_EXPLICIT freed 71K, 7% free 10456K/11207K, paused 17ms+2ms
07-12 10:26:02.179  6644  6647 D dalvikvm: GC_CONCURRENT freed 747K, 8% free 10338K/11207K, paused 2ms+2ms
07-12 10:26:25.882 12250 12264 I PhoneLab-: Service Running
07-12 10:26:25.960   144 10051 I ActivityManager: Process com.google.android.apps.googlevoice (pid 11978) has died.
07-12 10:26:25.960   144 10051 W ActivityManager: Scheduling restart of crashed service com.google.android.apps.googlevoice/.UpdateService in 5000ms
07-12 10:26:25.960   144 10051 W ActivityManager: Scheduling restart of crashed service com.google.android.apps.googlevoice/.CallLogService in 15000ms
07-12 10:26:25.960   144 10051 W ActivityManager: Scheduling restart of crashed service com.google.android.apps.googlevoice/.ShadowNumberRefreshService in 25000ms
07-12 10:26:25.992 12250 12264 I PhoneLab-LoggerService: app_37    1373  1     1440   1000  c00f181c 400107b4 S logcat
07-12 10:26:25.992 12250 12264 I PhoneLab-LoggerService: Logcat pid from database 1373
07-12 10:26:25.992 12250 12264 I PhoneLab-LoggerService: Logcat process found 1373
07-12 10:26:25.992 12250 12264 I PhoneLab-LoggerService: Checking Threshold
07-12 10:26:31.043   144   161 I ActivityManager: Start proc com.google.android.apps.googlevoice for service com.google.android.apps.googlevoice/.UpdateService: pid=12769 uid=10054 gids={3003, 1015}
07-12 10:26:31.109   144  9084 I ActivityManager: No longer want com.google.android.partnersetup (pid 12404): hidden #16
07-12 10:26:31.589 12769 12770 D dalvikvm: GC_CONCURRENT freed 270K, 4% free 9266K/9607K, paused 12ms+5ms
07-12 10:26:32.066   144   400 D CountryDetector: The first listener is added
07-12 10:26:32.152 12769 12770 D dalvikvm: GC_CONCURRENT freed 347K, 5% free 9414K/9863K, paused 16ms+15ms
07-12 10:26:32.152 12769 12776 W CursorWrapperInner: Cursor finalized without prior close()
07-12 10:26:32.152 12769 12776 W CursorWrapperInner: Cursor finalized without prior close()
07-12 10:26:32.152 12769 12776 W CursorWrapperInner: Cursor finalized without prior close()
07-12 10:26:32.339 12228 12231 D dalvikvm: GC_CONCURRENT freed 288K, 6% free 9658K/10183K, paused 2ms+2ms
07-12 10:26:32.394 12769 12770 D dalvikvm: GC_CONCURRENT freed 344K, 5% free 9548K/9991K, paused 5ms+2ms
07-12 10:26:32.664 12228 12231 D dalvikvm: GC_CONCURRENT freed 285K, 4% free 9820K/10183K, paused 2ms+3ms
07-12 10:26:32.695 12228 12240 D dalvikvm: GC_EXPLICIT freed 83K, 5% free 9736K/10183K, paused 2ms+2ms
07-12 10:26:32.804   144 30930 D dalvikvm: GC_EXPLICIT freed 930K, 22% free 17442K/22343K, paused 3ms+11ms
07-12 10:26:32.882 12769 12791 D dalvikvm: GC_FOR_ALLOC freed 147K, 5% free 9690K/10183K, paused 16ms
07-12 10:26:33.117 12769 12791 D dalvikvm: GC_FOR_ALLOC freed 129K, 5% free 9800K/10311K, paused 16ms
07-12 10:26:51.050 12769 12785 W System.err: com.google.android.apps.googlevoice.net.VoiceServiceException: Voice service failed [INVALID_AUTH_TOKEN]
07-12 10:26:51.050 12769 12785 W System.err: 	at com.google.android.apps.googlevoice.net.masf.MASFVoiceService.checkCredentials(MASFVoiceService.java:107)
07-12 10:26:51.050 12769 12785 W System.err: 	at com.google.android.apps.googlevoice.net.masf.MASFVoiceService.getAuthToken(MASFVoiceService.java:95)
07-12 10:26:51.054 12769 12785 W System.err: 	at com.google.android.apps.googlevoice.net.masf.MASFGetBackendInfoRpc.createRequestPayload(MASFGetBackendInfoRpc.java:34)
07-12 10:26:51.054 12769 12785 W System.err: 	at com.google.android.apps.googlevoice.net.masf.MASFApiRpc.requestSubmit(MASFApiRpc.java:160)
07-12 10:26:51.054 12769 12785 W System.err: 	at com.google.android.apps.googlevoice.net.masf.MASFApiRpc.run(MASFApiRpc.java:141)
07-12 10:26:51.054 12769 12785 W System.err: 	at com.googlex.common.task.AbstractTask.run(Unknown Source)
07-12 10:26:51.054 12769 12785 W System.err: 	at com.googlex.common.task.AbstractTask.runInternal(Unknown Source)
07-12 10:26:51.054 12769 12785 W System.err: 	at com.googlex.common.task.TaskRunner.run(Unknown Source)
07-12 10:26:51.054 12769 12785 W System.err: 	at com.googlex.common.lang.BaseThreadFactory$ThreadImpl.run(Unknown Source)
07-12 10:26:51.066 12769 12785 E GoogleVoice: ShadowNumberRefreshService: Failed to get backend info!
07-12 10:26:51.066 12769 12785 E GoogleVoice: com.google.android.apps.googlevoice.net.VoiceServiceException: Voice service failed [INVALID_AUTH_TOKEN]
07-12 10:26:51.066 12769 12785 E GoogleVoice: 	at com.google.android.apps.googlevoice.net.masf.MASFVoiceService.checkCredentials(MASFVoiceService.java:107)
07-12 10:26:51.066 12769 12785 E GoogleVoice: 	at com.google.android.apps.googlevoice.net.masf.MASFVoiceService.getAuthToken(MASFVoiceService.java:95)
07-12 10:26:51.066 12769 12785 E GoogleVoice: 	at com.google.android.apps.googlevoice.net.masf.MASFGetBackendInfoRpc.createRequestPayload(MASFGetBackendInfoRpc.java:34)
07-12 10:26:51.066 12769 12785 E GoogleVoice: 	at com.google.android.apps.googlevoice.net.masf.MASFApiRpc.requestSubmit(MASFApiRpc.java:160)
07-12 10:26:51.066 12769 12785 E GoogleVoice: 	at com.google.android.apps.googlevoice.net.masf.MASFApiRpc.run(MASFApiRpc.java:141)
07-12 10:26:51.066 12769 12785 E GoogleVoice: 	at com.googlex.common.task.AbstractTask.run(Unknown Source)
07-12 10:26:51.066 12769 12785 E GoogleVoice: 	at com.googlex.common.task.AbstractTask.runInternal(Unknown Source)
07-12 10:26:51.066 12769 12785 E GoogleVoice: 	at com.googlex.common.task.TaskRunner.run(Unknown Source)
07-12 10:26:51.066 12769 12785 E GoogleVoice: 	at com.googlex.common.lang.BaseThreadFactory$ThreadImpl.run(Unknown Source)
07-12 10:27:00.027   144   161 I ActivityManager: No longer want com.google.android.apps.maps:NetworkLocationService (pid 11812): hidden #16
07-12 10:27:00.113   144 30930 W ActivityManager: Scheduling restart of crashed service com.google.android.apps.maps/com.google.android.location.internal.server.NetworkLocationService in 5000ms
07-12 10:27:05.136   144   161 I ActivityManager: Start proc com.google.android.apps.maps:NetworkLocationService for service com.google.android.apps.maps/com.google.android.location.internal.server.NetworkLocationService: pid=12795 uid=10056 gids={3003, 1015}
07-12 10:27:05.308 12795 12798 D dalvikvm: GC_CONCURRENT freed 161K, 3% free 9375K/9607K, paused 3ms+2ms
07-12 10:27:05.855 12795 12798 D dalvikvm: GC_CONCURRENT freed 171K, 3% free 9710K/9991K, paused 5ms+3ms
07-12 10:27:06.101 12795 12798 D dalvikvm: GC_CONCURRENT freed 162K, 3% free 10075K/10311K, paused 3ms+4ms
07-12 10:27:06.285 12795 12798 D dalvikvm: GC_CONCURRENT freed 660K, 8% free 9887K/10631K, paused 2ms+2ms
07-12 10:27:06.585 12795 12802 I dalvikvm: Total arena pages for JIT: 11
07-12 10:27:06.585 12795 12802 I dalvikvm: Total arena pages for JIT: 12
07-12 10:27:06.585 12795 12802 I dalvikvm: Total arena pages for JIT: 13
07-12 10:27:06.585 12795 12802 I dalvikvm: Total arena pages for JIT: 14
07-12 10:27:06.589 12795 12802 I dalvikvm: Total arena pages for JIT: 15
07-12 10:27:06.589 12795 12802 I dalvikvm: Total arena pages for JIT: 16
07-12 10:27:06.589 12795 12802 I dalvikvm: Total arena pages for JIT: 17
07-12 10:27:06.675 12795 12802 I dalvikvm: Total arena pages for JIT: 18
07-12 10:27:06.789 12795 12798 D dalvikvm: GC_CONCURRENT freed 208K, 5% free 10180K/10631K, paused 1ms+3ms
07-12 10:27:07.257 12795 12798 D dalvikvm: GC_CONCURRENT freed 446K, 6% free 10263K/10823K, paused 2ms+2ms
07-12 10:27:08.406  6644  6647 D dalvikvm: GC_CONCURRENT freed 482K, 8% free 10351K/11207K, paused 2ms+3ms
07-12 10:27:43.964 12228 12231 D dalvikvm: GC_CONCURRENT freed 259K, 4% free 9917K/10311K, paused 2ms+5ms
07-12 10:28:08.734 12795 12798 D dalvikvm: GC_CONCURRENT freed 543K, 6% free 10266K/10887K, paused 2ms+7ms
07-12 10:28:25.882 12250 12264 I PhoneLab-: Service Running
07-12 10:28:25.996 12250 12264 I PhoneLab-LoggerService: app_37    1373  1     1440   1000  c00f181c 400107b4 S logcat
07-12 10:28:25.996 12250 12264 I PhoneLab-LoggerService: Logcat pid from database 1373
07-12 10:28:25.996 12250 12264 I PhoneLab-LoggerService: Logcat process found 1373
07-12 10:28:25.996 12250 12264 I PhoneLab-LoggerService: Checking Threshold
07-12 10:29:08.796  6644  6647 D dalvikvm: GC_CONCURRENT freed 504K, 8% free 10358K/11207K, paused 2ms+3ms
07-12 10:29:51.453  5714  5819 I EventLogService: Aggregate from 1342102400631 (log), 1342101591322 (data)
07-12 10:30:08.773 12795 12798 D dalvikvm: GC_CONCURRENT freed 507K, 6% free 10270K/10887K, paused 1ms+3ms
07-12 10:30:08.902  6644  6647 D dalvikvm: GC_CONCURRENT freed 505K, 8% free 10336K/11207K, paused 2ms+3ms
07-12 10:30:25.886 12250 12264 I PhoneLab-: Service Running
07-12 10:30:25.976 12250 12264 I PhoneLab-LoggerService: app_37    1373  1     1440   1000  c00f181c 400107b4 S logcat
07-12 10:30:25.976 12250 12264 I PhoneLab-LoggerService: Logcat pid from database 1373
07-12 10:30:25.976 12250 12264 I PhoneLab-LoggerService: Logcat process found 1373
07-12 10:30:25.976 12250 12264 I PhoneLab-LoggerService: Checking Threshold
07-12 10:30:39.585   144  9084 D dalvikvm: GC_EXPLICIT freed 794K, 22% free 17430K/22343K, paused 3ms+8ms
07-12 10:30:39.789 12144 12145 D dalvikvm: GC_CONCURRENT freed 442K, 7% free 10405K/11079K, paused 9ms+7ms
07-12 10:32:08.906 12795 12798 D dalvikvm: GC_CONCURRENT freed 509K, 6% free 10273K/10887K, paused 1ms+3ms
07-12 10:32:09.046  6644  6647 D dalvikvm: GC_CONCURRENT freed 506K, 8% free 10340K/11207K, paused 2ms+2ms
07-12 10:32:25.886 12250 12264 I PhoneLab-: Service Running
07-12 10:32:25.964 12250 12264 I PhoneLab-LoggerService: app_37    1373  1     1440   1000  c00f181c 400107b4 S logcat
07-12 10:32:25.968 12250 12264 I PhoneLab-LoggerService: Logcat pid from database 1373
07-12 10:32:25.968 12250 12264 I PhoneLab-LoggerService: Logcat process found 1373
07-12 10:32:25.968 12250 12264 I PhoneLab-LoggerService: Checking Threshold
07-12 10:33:09.015  6644  6647 D dalvikvm: GC_CONCURRENT freed 476K, 8% free 10341K/11207K, paused 1ms+2ms
07-12 10:33:44.742  5714  5717 D dalvikvm: GC_CONCURRENT freed 516K, 10% free 11423K/12615K, paused 2ms+5ms
07-12 10:33:59.132 12372 12861 I SqliteDatabaseCpp: sqlite returned: error code = 1, msg = no such column: wipeout_stats, db=/data/data/com.google.android.apps.plus/databases/picasa.db
07-12 10:33:59.136 12372 12861 W System.err: android.database.sqlite.SQLiteException: no such column: wipeout_stats: , while compiling: SELECT wipeout_stats  FROM account_status
07-12 10:33:59.214 12372 12861 W System.err: 	at android.database.sqlite.SQLiteCompiledSql.native_compile(Native Method)
07-12 10:33:59.218 12372 12861 W System.err: 	at android.database.sqlite.SQLiteCompiledSql.<init>(SQLiteCompiledSql.java:68)
07-12 10:33:59.222 12372 12861 W System.err: 	at android.database.sqlite.SQLiteProgram.compileSql(SQLiteProgram.java:143)
07-12 10:33:59.222 12372 12861 W System.err: 	at android.database.sqlite.SQLiteProgram.compileAndbindAllArgs(SQLiteProgram.java:361)
07-12 10:33:59.226 12372 12861 W System.err: 	at android.database.sqlite.SQLiteStatement.acquireAndLock(SQLiteStatement.java:260)
07-12 10:33:59.226 12372 12861 W System.err: 	at android.database.sqlite.SQLiteStatement.simpleQueryForLong(SQLiteStatement.java:137)
07-12 10:33:59.226 12372 12861 W System.err: 	at android.database.DatabaseUtils.longForQuery(DatabaseUtils.java:791)
07-12 10:33:59.226 12372 12861 W System.err: 	at android.database.DatabaseUtils.longForQuery(DatabaseUtils.java:779)
07-12 10:33:59.230 12372 12861 W System.err: 	at com.google.android.apps.plus.content.EsAccountsData.isContactsStatsWipeoutNeeded(EsAccountsData.java:641)
07-12 10:33:59.230 12372 12861 W System.err: 	at com.google.android.apps.plus.service.EsService.processIntent(EsService.java:4246)
07-12 10:33:59.234 12372 12861 W System.err: 	at com.google.android.apps.plus.service.ServiceThread$1.run(ServiceThread.java:50)
07-12 10:33:59.234 12372 12861 W System.err: 	at android.os.Handler.handleCallback(Handler.java:605)
07-12 10:33:59.238 12372 12861 W System.err: 	at android.os.Handler.dispatchMessage(Handler.java:92)
07-12 10:33:59.238 12372 12861 W System.err: 	at android.os.Looper.loop(Looper.java:137)
07-12 10:33:59.238 12372 12861 W System.err: 	at com.google.android.apps.plus.service.ServiceThread.run(ServiceThread.java:122)
07-12 10:34:01.675 12372 12374 D dalvikvm: GC_CONCURRENT freed 805K, 7% free 13031K/13959K, paused 3ms+3ms
07-12 10:34:03.695 12372 12862 E dalvikvm: Could not find class 'android.app.Notification$InboxStyle', referenced from method com.google.android.apps.plus.service.AndroidNotification.createDigestNotification
07-12 10:34:03.695 12372 12862 W dalvikvm: VFY: unable to resolve new-instance 41 (Landroid/app/Notification$InboxStyle;) in Lcom/google/android/apps/plus/service/AndroidNotification;
07-12 10:34:03.695 12372 12862 D dalvikvm: VFY: replacing opcode 0x22 at 0x0018
07-12 10:34:03.699 12372 12862 I dalvikvm: Could not find method android.app.Notification$Builder.setPriority, referenced from method com.google.android.apps.plus.service.AndroidNotification.createRichNotification
07-12 10:34:03.699 12372 12862 W dalvikvm: VFY: unable to resolve virtual method 162: Landroid/app/Notification$Builder;.setPriority (I)Landroid/app/Notification$Builder;
07-12 10:34:03.699 12372 12862 D dalvikvm: VFY: replacing opcode 0x6e at 0x00d5
07-12 10:34:03.707 12372 12862 D dalvikvm: DexOpt: unable to opt direct call 0x00a8 at 0x1a in Lcom/google/android/apps/plus/service/AndroidNotification;.createDigestNotification
07-12 10:34:03.707 12372 12862 D dalvikvm: DexOpt: unable to opt direct call 0x0091 at 0xf1 in Lcom/google/android/apps/plus/service/AndroidNotification;.createRichNotification
07-12 10:34:03.710 12372 12862 D dalvikvm: DexOpt: unable to opt direct call 0x0095 at 0x397 in Lcom/google/android/apps/plus/service/AndroidNotification;.createRichNotification
07-12 10:34:05.332 12372 12374 D dalvikvm: GC_CONCURRENT freed 1246K, 10% free 13036K/14407K, paused 2ms+3ms
07-12 10:34:06.566 12372 12374 D dalvikvm: GC_CONCURRENT freed 1080K, 9% free 13195K/14407K, paused 2ms+3ms
07-12 10:34:08.410 12372 12374 D dalvikvm: GC_CONCURRENT freed 1183K, 10% free 13282K/14599K, paused 2ms+3ms
07-12 10:34:08.546 12228 12231 D dalvikvm: GC_CONCURRENT freed 466K, 6% free 9837K/10439K, paused 2ms+3ms
07-12 10:34:08.933 12795 12798 D dalvikvm: GC_CONCURRENT freed 508K, 6% free 10277K/10887K, paused 1ms+4ms
07-12 10:34:09.097 12372 12862 D dalvikvm: GC_FOR_ALLOC freed 144K, 8% free 13587K/14663K, paused 43ms
07-12 10:34:09.144 12372 12862 D dalvikvm: GC_FOR_ALLOC freed 348K, 10% free 13580K/15047K, paused 42ms
07-12 10:34:09.144 12372 12862 I dalvikvm-heap: Grow heap (frag case) to 13.663MB for 349214-byte allocation
07-12 10:34:09.187 12372 12862 D dalvikvm: GC_FOR_ALLOC freed 0K, 10% free 13921K/15431K, paused 41ms
07-12 10:34:10.269 12228 12274 D dalvikvm: GC_EXPLICIT freed 184K, 7% free 9767K/10439K, paused 3ms+2ms
07-12 10:34:10.398 12372 12374 D dalvikvm: GC_CONCURRENT freed 1054K, 8% free 14437K/15623K, paused 2ms+3ms
07-12 10:34:12.613 12372 12374 D dalvikvm: GC_CONCURRENT freed 1700K, 12% free 14432K/16263K, paused 3ms+3ms
07-12 10:34:15.210 12372 12374 D dalvikvm: GC_CONCURRENT freed 2884K, 19% free 13250K/16263K, paused 2ms+3ms
07-12 10:34:15.351 12372 12862 I SqliteDatabaseCpp: sqlite returned: error code = 1, msg = no such column: last_stats_sync_time, db=/data/data/com.google.android.apps.plus/databases/picasa.db
07-12 10:34:15.363 12372 12862 E EsSyncAdapterService: Sync failure
07-12 10:34:15.363 12372 12862 E EsSyncAdapterService: android.database.sqlite.SQLiteException: no such column: last_stats_sync_time: , while compiling: SELECT last_stats_sync_time  FROM account_status
07-12 10:34:15.363 12372 12862 E EsSyncAdapterService: 	at android.database.sqlite.SQLiteCompiledSql.native_compile(Native Method)
07-12 10:34:15.363 12372 12862 E EsSyncAdapterService: 	at android.database.sqlite.SQLiteCompiledSql.<init>(SQLiteCompiledSql.java:68)
07-12 10:34:15.363 12372 12862 E EsSyncAdapterService: 	at android.database.sqlite.SQLiteProgram.compileSql(SQLiteProgram.java:143)
07-12 10:34:15.363 12372 12862 E EsSyncAdapterService: 	at android.database.sqlite.SQLiteProgram.compileAndbindAllArgs(SQLiteProgram.java:361)
07-12 10:34:15.363 12372 12862 E EsSyncAdapterService: 	at android.database.sqlite.SQLiteStatement.acquireAndLock(SQLiteStatement.java:260)
07-12 10:34:15.363 12372 12862 E EsSyncAdapterService: 	at android.database.sqlite.SQLiteStatement.simpleQueryForLong(SQLiteStatement.java:137)
07-12 10:34:15.363 12372 12862 E EsSyncAdapterService: 	at android.database.DatabaseUtils.longForQuery(DatabaseUtils.java:791)
07-12 10:34:15.363 12372 12862 E EsSyncAdapterService: 	at android.database.DatabaseUtils.longForQuery(DatabaseUtils.java:779)
07-12 10:34:15.363 12372 12862 E EsSyncAdapterService: 	at com.google.android.apps.plus.content.EsAccountsData.queryLastStatsSyncTimestamp(EsAccountsData.java:570)
07-12 10:34:15.363 12372 12862 E EsSyncAdapterService: 	at com.google.android.apps.plus.service.EsSyncAdapterService.syncContactsStatsIfNecessary(EsSyncAdapterService.java:670)
07-12 10:34:15.363 12372 12862 E EsSyncAdapterService: 	at com.google.android.apps.plus.service.EsSyncAdapterService.doFullSync(EsSyncAdapterService.java:633)
07-12 10:34:15.363 12372 12862 E EsSyncAdapterService: 	at com.google.android.apps.plus.service.EsSyncAdapterService.doSync(EsSyncAdapterService.java:566)
07-12 10:34:15.363 12372 12862 E EsSyncAdapterService: 	at com.google.android.apps.plus.service.EsSyncAdapterService.access$100(EsSyncAdapterService.java:52)
07-12 10:34:15.363 12372 12862 E EsSyncAdapterService: 	at com.google.android.apps.plus.service.EsSyncAdapterService$SyncAdapterImpl.onPerformSync(EsSyncAdapterService.java:408)
07-12 10:34:15.363 12372 12862 E EsSyncAdapterService: 	at android.content.AbstractThreadedSyncAdapter$SyncThread.run(AbstractThreadedSyncAdapter.java:247)
07-12 10:34:15.382   144   168 D SyncManager: failed sync operation lokeshmandvekar@gmail.com (com.google), com.google.android.apps.plus.content.EsProvider, SERVER, earliestRunTime 252900355, SyncResult: stats [ numParseExceptions: 1]
07-12 10:34:15.390   144   168 D SyncManager: not retrying sync operation because the error is a hard error: lokeshmandvekar@gmail.com (com.google), com.google.android.apps.plus.content.EsProvider, SERVER, earliestRunTime 252916617
07-12 10:34:20.394   144   144 I ActivityManager: No longer want com.svox.pico (pid 12418): hidden #16
07-12 10:34:20.625 12372 12867 D dalvikvm: GC_EXPLICIT freed 950K, 19% free 13220K/16263K, paused 2ms+4ms
07-12 10:34:20.925   144   326 D dalvikvm: GC_EXPLICIT freed 975K, 22% free 17431K/22343K, paused 3ms+8ms
07-12 10:34:21.390 12228 12231 D dalvikvm: GC_CONCURRENT freed 296K, 6% free 9855K/10439K, paused 2ms+3ms
07-12 10:34:21.867 12590 12593 D dalvikvm: GC_CONCURRENT freed 597K, 7% free 9964K/10695K, paused 2ms+4ms
07-12 10:34:25.882 12250 12264 I PhoneLab-: Service Running
07-12 10:34:26.031 12250 12264 I PhoneLab-LoggerService: app_37    1373  1     1440   1000  c00f181c 400107b4 S logcat
07-12 10:34:26.031 12250 12264 I PhoneLab-LoggerService: Logcat pid from database 1373
07-12 10:34:26.031 12250 12264 I PhoneLab-LoggerService: Logcat process found 1373
07-12 10:34:26.031 12250 12264 I PhoneLab-LoggerService: Checking Threshold
07-12 10:34:27.398 12590 12593 D dalvikvm: GC_CONCURRENT freed 419K, 8% free 9929K/10695K, paused 2ms+3ms
07-12 10:34:32.707 12590 12593 D dalvikvm: GC_CONCURRENT freed 388K, 8% free 9924K/10695K, paused 32ms+2ms
07-12 10:34:38.113 12250 12250 I PhoneLab-Locks: wake lock acquired
07-12 10:34:38.164 12250 12878 I PhoneLab-PeriodicCheckService: User info is synched
07-12 10:34:38.168 12250 12878 I PhoneLab-PeriodicCheckService: Logger Service is running
07-12 10:34:38.171 12250 12250 I PhoneLab-Locks: wake lock acquired
07-12 10:34:38.175 12250 12250 I PhoneLab-StatusMonitor: Status Monitoring is started
07-12 10:34:38.179 12250 12878 I PhoneLab-Locks: wake lock acquired
07-12 10:34:38.183 12250 12878 I PhoneLab-PeriodicCheckService: Rescheduling periodic checking...
07-12 10:34:38.183 12250 12878 I PhoneLab-Locks: wake lock released
07-12 10:34:38.199 12250 12250 E PhoneLab-PhoneLabManifest: java.io.FileNotFoundException: /data/data/edu.buffalo.cse.phonelab.phonelabservices/files/manifest.xml: open failed: ENOENT (No such file or directory)
07-12 10:34:38.218 12250 12250 I PhoneLab-Locks: wake lock released
07-12 10:34:38.218 12250 12250 I PhoneLab-UploadLogs: Transfering log files now
07-12 10:34:38.218 12250 12250 I PhoneLab-UploadLogs: No log files to transfer
07-12 10:34:38.218 12250 12250 I PhoneLab-Locks: wake lock released
07-12 10:34:38.222 12250 12250 I PhoneLab-UploadLogs: OnStartCommand
07-12 10:34:41.964   144   161 I ActivityManager: No longer want com.android.voicedialer (pid 12359): hidden #16
07-12 10:34:42.046   144   168 I ActivityManager: Start proc com.google.android.gm for service com.google.android.gm/.provider.MailSyncAdapterService: pid=12880 uid=10075 gids={3003, 1015}
07-12 10:34:42.289 12880 12880 I ActivityThread: Pub gmail-ls: com.google.android.gm.provider.MailProvider
07-12 10:34:42.402 12880 12880 I ActivityThread: Pub com.google.android.gm: com.google.android.gm.provider.PublicContentProvider
07-12 10:34:42.410 12880 12880 I ActivityThread: Pub com.google.android.gmail.SuggestionProvider: com.google.android.gm.SuggestionsProvider
07-12 10:34:42.648 12880 12881 D dalvikvm: GC_CONCURRENT freed 208K, 3% free 9262K/9543K, paused 14ms+4ms
07-12 10:34:43.152 12880 12898 I Gmail   : calculateUnknownSyncRationalesAndPurgeInBackground: queueing
07-12 10:34:43.250 12880 12898 I Gmail   : calculateUnknownSyncRationalesAndPurgeInBackground: queueing
07-12 10:34:43.378 12880 12881 D dalvikvm: GC_CONCURRENT freed 226K, 4% free 9441K/9799K, paused 12ms+3ms
07-12 10:34:43.394 12880 12898 I Gmail   : calculateUnknownSyncRationalesAndPurgeInBackground: running
07-12 10:34:43.394 12880 12895 I Gmail   : MainSyncRequestProto: lowestBkwdConvoId: 0, highestHandledServerOp: 3308719, normalSync: true
07-12 10:34:43.398 12880 12898 I Gmail   : calculateUnknownSyncRationalesAndPurgeInBackground: running
07-12 10:34:43.949 12880 12881 D dalvikvm: GC_CONCURRENT freed 325K, 5% free 9548K/9991K, paused 2ms+5ms
07-12 10:34:45.062 12880 12881 D dalvikvm: GC_CONCURRENT freed 429K, 6% free 9557K/10119K, paused 2ms+2ms
07-12 10:34:45.187 12880 12895 D dalvikvm: GC_EXPLICIT freed 30K, 6% free 9543K/10119K, paused 4ms+3ms
07-12 10:34:45.195 12880 12895 I Gmail   : MainSyncRequestProto: lowestBkwdConvoId: 0, highestHandledServerOp: 3308869, normalSync: true
07-12 10:34:45.898 12880 12895 D dalvikvm: GC_EXPLICIT freed 241K, 6% free 9589K/10119K, paused 2ms+2ms
07-12 10:34:45.902 12880 12895 I Gmail   : MainSyncRequestProto: lowestBkwdConvoId: 0, highestHandledServerOp: 3308869, normalSync: true
07-12 10:34:45.906 12880 12895 I Gmail   : lowestBackward conversation id 0
07-12 10:34:45.960  5714  8666 D dalvikvm: GC_EXPLICIT freed 301K, 11% free 11328K/12615K, paused 3ms+4ms
07-12 10:34:45.972 12880 12895 W Gmail   : Scheduling index for 300000 ms from now
07-12 10:34:46.003 12880 12895 I Gmail   : Sending notification intent: Intent { act=android.intent.action.PROVIDER_CHANGED dat=content://gmail-ls/unread/^i (has extras) }
07-12 10:34:46.238 12880 12903 W Gmail   : Showing notification with unreadCount of 1 and unseenCount of 1
07-12 10:34:46.335   144   380 I ActivityManager: No longer want com.android.musicfx (pid 12342): hidden #16
07-12 10:34:46.625   214   216 D dalvikvm: GC_CONCURRENT freed 322K, 55% free 10071K/22023K, paused 4ms+3ms
07-12 10:34:46.746   214   216 D dalvikvm: GC_CONCURRENT freed 206K, 54% free 10291K/22023K, paused 1ms+3ms
07-12 10:34:46.906   214   216 D dalvikvm: GC_CONCURRENT freed 538K, 54% free 10137K/22023K, paused 4ms+4ms
07-12 10:34:59.886 12228 12231 D dalvikvm: GC_CONCURRENT freed 398K, 6% free 9843K/10439K, paused 2ms+3ms
07-12 10:35:09.039  6644  6647 D dalvikvm: GC_CONCURRENT freed 508K, 8% free 10343K/11207K, paused 2ms+2ms
07-12 10:36:06.218   144 30930 D dalvikvm: GC_EXPLICIT freed 530K, 22% free 17481K/22343K, paused 10ms+8ms
07-12 10:36:06.257 12228 12794 D dalvikvm: GC_EXPLICIT freed 217K, 7% free 9778K/10439K, paused 3ms+3ms
07-12 10:36:09.058 12795 12798 D dalvikvm: GC_CONCURRENT freed 505K, 6% free 10283K/10887K, paused 2ms+4ms
07-12 10:36:09.179  6644  6647 D dalvikvm: GC_CONCURRENT freed 439K, 8% free 10320K/11207K, paused 2ms+2ms
07-12 10:36:25.886 12250 12264 I PhoneLab-: Service Running
07-12 10:36:26.003 12250 12264 I PhoneLab-LoggerService: app_37    1373  1     1440   1000  c00f181c 400107b4 S logcat
07-12 10:36:26.007 12250 12264 I PhoneLab-LoggerService: Logcat pid from database 1373
07-12 10:36:26.007 12250 12264 I PhoneLab-LoggerService: Logcat process found 1373
07-12 10:36:26.007 12250 12264 I PhoneLab-LoggerService: Checking Threshold
07-12 10:36:26.023 12250 12252 D dalvikvm: GC_CONCURRENT freed 408K, 14% free 9135K/10567K, paused 2ms+2ms
07-12 10:37:09.304  6644  6647 D dalvikvm: GC_CONCURRENT freed 353K, 8% free 10380K/11207K, paused 2ms+3ms
07-12 10:37:09.464  6644  6647 D dalvikvm: GC_CONCURRENT freed 242K, 6% free 10583K/11207K, paused 5ms+3ms
07-12 10:38:09.226 12795 12798 D dalvikvm: GC_CONCURRENT freed 509K, 6% free 10285K/10887K, paused 2ms+3ms
07-12 10:38:09.355  6644  6647 D dalvikvm: GC_CONCURRENT freed 700K, 8% free 10340K/11207K, paused 1ms+3ms
07-12 10:38:25.882 12250 12264 I PhoneLab-: Service Running
07-12 10:38:25.937 12250 12264 I PhoneLab-LoggerService: app_37    1373  1     1440   1000  c00f181c 400107b4 S logcat
07-12 10:38:25.937 12250 12264 I PhoneLab-LoggerService: Logcat pid from database 1373
07-12 10:38:25.937 12250 12264 I PhoneLab-LoggerService: Logcat process found 1373
07-12 10:38:25.937 12250 12264 I PhoneLab-LoggerService: Checking Threshold
07-12 10:39:05.796 12880 12945 I Gmail   : MainSyncRequestProto: lowestBkwdConvoId: 0, highestHandledServerOp: 3308869, normalSync: true
07-12 10:39:05.851 12880 12881 D dalvikvm: GC_CONCURRENT freed 298K, 5% free 9687K/10119K, paused 4ms+3ms
07-12 10:39:06.691 12880 12881 D dalvikvm: GC_CONCURRENT freed 407K, 6% free 9707K/10247K, paused 2ms+2ms
07-12 10:39:07.078 12880 12945 D dalvikvm: GC_EXPLICIT freed 354K, 6% free 9679K/10247K, paused 2ms+3ms
07-12 10:39:07.082 12880 12945 I Gmail   : MainSyncRequestProto: lowestBkwdConvoId: 0, highestHandledServerOp: 3308898, normalSync: true
07-12 10:39:07.085 12880 12945 I Gmail   : lowestBackward conversation id 0
07-12 10:39:07.093 12880 12945 W Gmail   : Scheduling index for 300000 ms from now
07-12 10:39:07.332 12880 12945 I Gmail   : Sending notification intent: Intent { act=android.intent.action.PROVIDER_CHANGED dat=content://gmail-ls/unread/^i (has extras) }
07-12 10:39:07.578   214   216 D dalvikvm: GC_CONCURRENT freed 436K, 54% free 10212K/22023K, paused 9ms+3ms
07-12 10:40:09.324 12795 12798 D dalvikvm: GC_CONCURRENT freed 513K, 6% free 10284K/10887K, paused 2ms+2ms
07-12 10:40:09.441  6644  6647 D dalvikvm: GC_CONCURRENT freed 504K, 8% free 10346K/11207K, paused 1ms+3ms
07-12 10:40:17.875 12144 12145 D dalvikvm: GC_CONCURRENT freed 417K, 7% free 10386K/11079K, paused 14ms+20ms
07-12 10:40:25.882 12250 12264 I PhoneLab-: Service Running
07-12 10:40:25.988 12250 12264 I PhoneLab-LoggerService: app_37    1373  1     1440   1000  c00f181c 400107b4 S logcat
07-12 10:40:25.992 12250 12264 I PhoneLab-LoggerService: Logcat pid from database 1373
07-12 10:40:25.992 12250 12264 I PhoneLab-LoggerService: Logcat process found 1373
07-12 10:40:25.992 12250 12264 I PhoneLab-LoggerService: Checking Threshold
07-12 10:40:41.863 12880 12961 I Gmail   : MainSyncRequestProto: lowestBkwdConvoId: 0, highestHandledServerOp: 3308898, normalSync: true
07-12 10:40:42.957 12880 12881 D dalvikvm: GC_CONCURRENT freed 453K, 6% free 9665K/10247K, paused 1ms+3ms
07-12 10:40:43.375 12880 12961 D dalvikvm: GC_EXPLICIT freed 219K, 6% free 9678K/10247K, paused 42ms+3ms
07-12 10:40:43.378 12880 12961 I Gmail   : MainSyncRequestProto: lowestBkwdConvoId: 0, highestHandledServerOp: 3308929, normalSync: true
07-12 10:40:44.320 12880 12961 D dalvikvm: GC_EXPLICIT freed 264K, 6% free 9709K/10247K, paused 16ms+2ms
07-12 10:40:44.324 12880 12961 I Gmail   : MainSyncRequestProto: lowestBkwdConvoId: 0, highestHandledServerOp: 3308929, normalSync: true
07-12 10:40:44.324 12880 12961 I Gmail   : lowestBackward conversation id 0
07-12 10:40:44.332 12880 12961 W Gmail   : Scheduling index for 300000 ms from now
07-12 10:41:09.531  6644  6647 D dalvikvm: GC_CONCURRENT freed 480K, 8% free 10332K/11207K, paused 2ms+3ms
07-12 10:41:58.289  5714  5717 D dalvikvm: GC_CONCURRENT freed 556K, 10% free 11428K/12615K, paused 19ms+5ms
07-12 10:41:58.597 12590 12617 D dalvikvm: GC_EXPLICIT freed 77K, 8% free 9921K/10695K, paused 3ms+3ms
07-12 10:42:01.593   144   376 D dalvikvm: GC_EXPLICIT freed 1160K, 22% free 17494K/22343K, paused 4ms+9ms
07-12 10:42:09.500 12795 12798 D dalvikvm: GC_CONCURRENT freed 506K, 6% free 10289K/10887K, paused 1ms+3ms
07-12 10:42:09.746 12795 12811 D dalvikvm: GC_FOR_ALLOC freed 90K, 6% free 10279K/10887K, paused 56ms
07-12 10:42:09.746 12795 12811 I dalvikvm-heap: Grow heap (frag case) to 10.137MB for 32784-byte allocation
07-12 10:42:09.769 12795 12811 D dalvikvm: GC_FOR_ALLOC freed 1K, 6% free 10310K/10951K, paused 20ms
07-12 10:42:10.238 12795 12798 D dalvikvm: GC_CONCURRENT freed 295K, 5% free 10439K/10951K, paused 5ms+3ms
07-12 10:42:25.882 12250 12264 I PhoneLab-: Service Running
07-12 10:42:25.945   144   156 I ActivityManager: Process org.mozilla.firefox_beta (pid 12446) has died.
07-12 10:42:25.992 12250 12264 I PhoneLab-LoggerService: app_37    1373  1     1440   1000  c00f181c 400107b4 S logcat
07-12 10:42:25.992 12250 12264 I PhoneLab-LoggerService: Logcat pid from database 1373
07-12 10:42:25.992 12250 12264 I PhoneLab-LoggerService: Logcat process found 1373
07-12 10:42:25.992 12250 12264 I PhoneLab-LoggerService: Checking Threshold
07-12 10:43:09.613  6644  6647 D dalvikvm: GC_CONCURRENT freed 485K, 8% free 10357K/11207K, paused 6ms+3ms
07-12 10:43:46.359   144  9084 I ActivityManager: Start proc com.android.browser for content provider com.android.browser/.provider.BrowserProvider2: pid=12975 uid=10003 gids={3003, 1015}
07-12 10:43:46.625 12975 12975 I ActivityThread: Pub com.android.browser;browser: com.android.browser.provider.BrowserProvider2
07-12 10:43:46.671 12975 12975 I ActivityThread: Pub com.android.browser.home: com.android.browser.homepages.HomeProvider
07-12 10:43:46.671 12975 12975 I ActivityThread: Pub com.android.browser.snapshots: com.android.browser.provider.SnapshotProvider
07-12 10:43:48.152  5714 12974 I BookmarksSync: Sync failed due to hard error: Server reports a different identifier (birthday) birthday_error_b385975b-b0db-40ba-8773-e49e9706e82c, which does not match the client value.
07-12 10:43:48.168   144   168 D SyncManager: failed sync operation lokeshmandvekar@gmail.com (com.google), com.android.browser, PERIODIC, earliestRunTime 253487545, SyncResult: stats [ numParseExceptions: 1]
07-12 10:43:48.179   144   168 D SyncManager: not retrying sync operation because the error is a hard error: lokeshmandvekar@gmail.com (com.google), com.android.browser, PERIODIC, earliestRunTime 253489402
07-12 10:44:09.605 12795 12798 D dalvikvm: GC_CONCURRENT freed 552K, 6% free 10425K/11079K, paused 2ms+3ms
07-12 10:44:09.710  6644  6647 D dalvikvm: GC_CONCURRENT freed 421K, 8% free 10347K/11207K, paused 11ms+15ms
07-12 10:44:09.886  6644  6647 D dalvikvm: GC_CONCURRENT freed 327K, 7% free 10510K/11207K, paused 2ms+3ms
07-12 10:44:16.781   144 30930 I ActivityManager: Process com.google.android.googlequicksearchbox (pid 12462) has died.
07-12 10:44:16.835 12184 12186 D dalvikvm: GC_CONCURRENT freed 481K, 6% free 11054K/11655K, paused 11ms+3ms
07-12 10:44:18.945 12184 12186 D dalvikvm: GC_CONCURRENT freed 335K, 4% free 11315K/11783K, paused 2ms+6ms
07-12 10:44:19.355 12184 12186 D dalvikvm: GC_CONCURRENT freed 302K, 4% free 11669K/12103K, paused 2ms+7ms
07-12 10:44:19.824 12184 12186 D dalvikvm: GC_CONCURRENT freed 693K, 7% free 11788K/12615K, paused 3ms+10ms
07-12 10:44:25.882 12250 12264 I PhoneLab-: Service Running
07-12 10:44:25.980 12250 12264 I PhoneLab-LoggerService: app_37    1373  1     1440   1000  c00f181c 400107b4 S logcat
07-12 10:44:25.980 12250 12264 I PhoneLab-LoggerService: Logcat pid from database 1373
07-12 10:44:25.980 12250 12264 I PhoneLab-LoggerService: Logcat process found 1373
07-12 10:44:25.980 12250 12264 I PhoneLab-LoggerService: Checking Threshold
07-12 10:45:09.757  6644  6973 D dalvikvm: GC_EXPLICIT freed 474K, 9% free 10278K/11207K, paused 1ms+2ms
07-12 10:45:46.753   144   160 V BackupManagerService: Running a backup pass
07-12 10:45:46.777   144   213 V BackupManagerService: Backup requested but nothing pending
07-12 10:46:09.695 12795 12798 D dalvikvm: GC_CONCURRENT freed 504K, 6% free 10433K/11079K, paused 2ms+3ms
07-12 10:46:09.738   144   326 I ActivityManager: Process com.android.quicksearchbox (pid 12476) has died.
07-12 10:46:09.816  6644  6647 D dalvikvm: GC_CONCURRENT freed 443K, 8% free 10338K/11207K, paused 2ms+3ms
07-12 10:46:15.683  5714 11463 D dalvikvm: GC_EXPLICIT freed 515K, 10% free 11385K/12615K, paused 3ms+5ms
07-12 10:46:25.886 12250 12264 I PhoneLab-: Service Running
07-12 10:46:25.964 12250 12264 I PhoneLab-LoggerService: app_37    1373  1     1440   1000  c00f181c 400107b4 S logcat
07-12 10:46:25.968 12250 12264 I PhoneLab-LoggerService: Logcat pid from database 1373
07-12 10:46:25.968 12250 12264 I PhoneLab-LoggerService: Logcat process found 1373
07-12 10:46:25.968 12250 12264 I PhoneLab-LoggerService: Checking Threshold
07-12 10:47:07.656 12144 12145 D dalvikvm: GC_CONCURRENT freed 355K, 6% free 10416K/11079K, paused 26ms+5ms
07-12 10:47:07.832   144  7984 I ActivityManager: Process com.google.android.apps.currents (pid 12517) has died.
07-12 10:47:09.828  6644  6647 D dalvikvm: GC_CONCURRENT freed 446K, 8% free 10327K/11207K, paused 2ms+2ms
07-12 10:48:09.871 12795 12798 D dalvikvm: GC_CONCURRENT freed 508K, 6% free 10436K/11079K, paused 2ms+3ms
07-12 10:48:10.019  6644  6647 D dalvikvm: GC_CONCURRENT freed 346K, 8% free 10367K/11207K, paused 2ms+2ms
07-12 10:48:10.777  6644  6647 D dalvikvm: GC_CONCURRENT freed 237K, 6% free 10560K/11207K, paused 11ms+3ms
07-12 10:48:25.886 12250 12264 I PhoneLab-: Service Running
07-12 10:48:26.000 12250 12264 I PhoneLab-LoggerService: app_37    1373  1     1440   1000  c00f181c 400107b4 S logcat
07-12 10:48:26.000 12250 12264 I PhoneLab-LoggerService: Logcat pid from database 1373
07-12 10:48:26.000 12250 12264 I PhoneLab-LoggerService: Logcat process found 1373
07-12 10:48:26.000 12250 12264 I PhoneLab-LoggerService: Checking Threshold
07-12 10:48:58.980 12372 13042 I SqliteDatabaseCpp: sqlite returned: error code = 1, msg = no such column: wipeout_stats, db=/data/data/com.google.android.apps.plus/databases/picasa.db
07-12 10:48:58.984 12372 13042 W System.err: android.database.sqlite.SQLiteException: no such column: wipeout_stats: , while compiling: SELECT wipeout_stats  FROM account_status
07-12 10:48:59.011 12880 13041 W Gmail   : Successful index run, cancel next scheduled index run
07-12 10:48:59.031 12372 13042 W System.err: 	at android.database.sqlite.SQLiteCompiledSql.native_compile(Native Method)
07-12 10:48:59.031 12372 13042 W System.err: 	at android.database.sqlite.SQLiteCompiledSql.<init>(SQLiteCompiledSql.java:68)
07-12 10:48:59.031 12372 13042 W System.err: 	at android.database.sqlite.SQLiteProgram.compileSql(SQLiteProgram.java:143)
07-12 10:48:59.031 12372 13042 W System.err: 	at android.database.sqlite.SQLiteProgram.compileAndbindAllArgs(SQLiteProgram.java:361)
07-12 10:48:59.031 12372 13042 W System.err: 	at android.database.sqlite.SQLiteStatement.acquireAndLock(SQLiteStatement.java:260)
07-12 10:48:59.031 12372 13042 W System.err: 	at android.database.sqlite.SQLiteStatement.simpleQueryForLong(SQLiteStatement.java:137)
07-12 10:48:59.031 12372 13042 W System.err: 	at android.database.DatabaseUtils.longForQuery(DatabaseUtils.java:791)
07-12 10:48:59.031 12372 13042 W System.err: 	at android.database.DatabaseUtils.longForQuery(DatabaseUtils.java:779)
07-12 10:48:59.031 12372 13042 W System.err: 	at com.google.android.apps.plus.content.EsAccountsData.isContactsStatsWipeoutNeeded(EsAccountsData.java:641)
07-12 10:48:59.031 12372 13042 W System.err: 	at com.google.android.apps.plus.service.EsService.processIntent(EsService.java:4246)
07-12 10:48:59.031 12372 13042 W System.err: 	at com.google.android.apps.plus.service.ServiceThread$1.run(ServiceThread.java:50)
07-12 10:48:59.031 12372 13042 W System.err: 	at android.os.Handler.handleCallback(Handler.java:605)
07-12 10:48:59.031 12372 13042 W System.err: 	at android.os.Handler.dispatchMessage(Handler.java:92)
07-12 10:48:59.031 12372 13042 W System.err: 	at android.os.Looper.loop(Looper.java:137)
07-12 10:48:59.035 12372 13042 W System.err: 	at com.google.android.apps.plus.service.ServiceThread.run(ServiceThread.java:122)
07-12 10:49:01.460 12372 12374 D dalvikvm: GC_CONCURRENT freed 1140K, 18% free 13351K/16263K, paused 13ms+3ms
07-12 10:49:04.437 12372 12374 D dalvikvm: GC_CONCURRENT freed 1348K, 19% free 13335K/16263K, paused 8ms+3ms
07-12 10:49:05.093 12372 12379 I dalvikvm: Jit: resizing JitTable from 4096 to 8192
07-12 10:49:07.722 12372 13043 D dalvikvm: GC_FOR_ALLOC freed 794K, 16% free 13682K/16263K, paused 51ms
07-12 10:49:08.289 12372 12374 D dalvikvm: GC_CONCURRENT freed 781K, 12% free 14347K/16263K, paused 2ms+3ms
07-12 10:49:09.847   144  9303 D dalvikvm: GC_EXPLICIT freed 1274K, 22% free 17512K/22343K, paused 3ms+9ms
07-12 10:49:10.332 12372 12374 D dalvikvm: GC_CONCURRENT freed 1516K, 11% free 14481K/16263K, paused 2ms+3ms
07-12 10:49:12.539 12372 12374 D dalvikvm: GC_CONCURRENT freed 2347K, 16% free 13868K/16327K, paused 2ms+3ms
07-12 10:49:13.734 12372 13043 I SqliteDatabaseCpp: sqlite returned: error code = 1, msg = no such column: last_stats_sync_time, db=/data/data/com.google.android.apps.plus/databases/picasa.db
07-12 10:49:13.761 12372 13043 E EsSyncAdapterService: Sync failure
07-12 10:49:13.761 12372 13043 E EsSyncAdapterService: android.database.sqlite.SQLiteException: no such column: last_stats_sync_time: , while compiling: SELECT last_stats_sync_time  FROM account_status
07-12 10:49:13.761 12372 13043 E EsSyncAdapterService: 	at android.database.sqlite.SQLiteCompiledSql.native_compile(Native Method)
07-12 10:49:13.761 12372 13043 E EsSyncAdapterService: 	at android.database.sqlite.SQLiteCompiledSql.<init>(SQLiteCompiledSql.java:68)
07-12 10:49:13.761 12372 13043 E EsSyncAdapterService: 	at android.database.sqlite.SQLiteProgram.compileSql(SQLiteProgram.java:143)
07-12 10:49:13.761 12372 13043 E EsSyncAdapterService: 	at android.database.sqlite.SQLiteProgram.compileAndbindAllArgs(SQLiteProgram.java:361)
07-12 10:49:13.761 12372 13043 E EsSyncAdapterService: 	at android.database.sqlite.SQLiteStatement.acquireAndLock(SQLiteStatement.java:260)
07-12 10:49:13.761 12372 13043 E EsSyncAdapterService: 	at android.database.sqlite.SQLiteStatement.simpleQueryForLong(SQLiteStatement.java:137)
07-12 10:49:13.761 12372 13043 E EsSyncAdapterService: 	at android.database.DatabaseUtils.longForQuery(DatabaseUtils.java:791)
07-12 10:49:13.761 12372 13043 E EsSyncAdapterService: 	at android.database.DatabaseUtils.longForQuery(DatabaseUtils.java:779)
07-12 10:49:13.761 12372 13043 E EsSyncAdapterService: 	at com.google.android.apps.plus.content.EsAccountsData.queryLastStatsSyncTimestamp(EsAccountsData.java:570)
07-12 10:49:13.761 12372 13043 E EsSyncAdapterService: 	at com.google.android.apps.plus.service.EsSyncAdapterService.syncContactsStatsIfNecessary(EsSyncAdapterService.java:670)
07-12 10:49:13.761 12372 13043 E EsSyncAdapterService: 	at com.google.android.apps.plus.service.EsSyncAdapterService.doFullSync(EsSyncAdapterService.java:633)
07-12 10:49:13.761 12372 13043 E EsSyncAdapterService: 	at com.google.android.apps.plus.service.EsSyncAdapterService.doSync(EsSyncAdapterService.java:566)
07-12 10:49:13.761 12372 13043 E EsSyncAdapterService: 	at com.google.android.apps.plus.service.EsSyncAdapterService.access$100(EsSyncAdapterService.java:52)
07-12 10:49:13.761 12372 13043 E EsSyncAdapterService: 	at com.google.android.apps.plus.service.EsSyncAdapterService$SyncAdapterImpl.onPerformSync(EsSyncAdapterService.java:408)
07-12 10:49:13.761 12372 13043 E EsSyncAdapterService: 	at android.content.AbstractThreadedSyncAdapter$SyncThread.run(AbstractThreadedSyncAdapter.java:247)
07-12 10:49:13.789   144   168 D SyncManager: failed sync operation lokeshmandvekar@gmail.com (com.google), com.google.android.apps.plus.content.EsProvider, SERVER, earliestRunTime 253800200, SyncResult: stats [ numParseExceptions: 1]
07-12 10:49:13.789   144   168 D SyncManager: not retrying sync operation because the error is a hard error: lokeshmandvekar@gmail.com (com.google), com.google.android.apps.plus.content.EsProvider, SERVER, earliestRunTime 253815018
07-12 10:49:14.996 12228 12231 D dalvikvm: GC_CONCURRENT freed 336K, 6% free 9832K/10439K, paused 6ms+4ms
07-12 10:49:18.714 12372 12374 D dalvikvm: GC_CONCURRENT freed 2012K, 19% free 13347K/16327K, paused 2ms+3ms
07-12 10:49:19.937 12228 12231 D dalvikvm: GC_CONCURRENT freed 380K, 6% free 9838K/10439K, paused 2ms+3ms
07-12 10:49:20.921 12590 12593 D dalvikvm: GC_CONCURRENT freed 293K, 7% free 10013K/10695K, paused 8ms+3ms
07-12 10:49:21.168 12228 12274 D dalvikvm: GC_EXPLICIT freed 132K, 7% free 9763K/10439K, paused 119ms+3ms
07-12 10:49:49.539 12590 12593 D dalvikvm: GC_CONCURRENT freed 402K, 7% free 10004K/10695K, paused 2ms+3ms
07-12 10:49:59.648 12228 12231 D dalvikvm: GC_CONCURRENT freed 301K, 6% free 9849K/10439K, paused 1ms+3ms
07-12 10:50:09.855 12795 12798 D dalvikvm: GC_CONCURRENT freed 511K, 6% free 10437K/11079K, paused 2ms+3ms
07-12 10:50:09.980  6644  6647 D dalvikvm: GC_CONCURRENT freed 722K, 8% free 10346K/11207K, paused 2ms+3ms
07-12 10:50:25.882 12250 12264 I PhoneLab-: Service Running
07-12 10:50:25.992 12250 12264 I PhoneLab-LoggerService: app_37    1373  1     1440   1000  c00f181c 400107b4 S logcat
07-12 10:50:25.996 12250 12264 I PhoneLab-LoggerService: Logcat pid from database 1373
07-12 10:50:25.996 12250 12264 I PhoneLab-LoggerService: Logcat process found 1373
07-12 10:50:25.996 12250 12264 I PhoneLab-LoggerService: Checking Threshold
07-12 10:51:10.023   144   403 D dalvikvm: GC_EXPLICIT freed 537K, 22% free 17431K/22343K, paused 4ms+7ms
07-12 10:51:10.121  6644  6647 D dalvikvm: GC_CONCURRENT freed 449K, 8% free 10340K/11207K, paused 6ms+3ms
07-12 10:52:10.007 12795 12798 D dalvikvm: GC_CONCURRENT freed 517K, 6% free 10432K/11079K, paused 2ms+3ms
07-12 10:52:25.882 12250 12264 I PhoneLab-: Service Running
07-12 10:52:26.015 12250 12264 I PhoneLab-LoggerService: app_37    1373  1     1440   1000  c00f181c 400107b4 S logcat
07-12 10:52:26.015 12250 12264 I PhoneLab-LoggerService: Logcat pid from database 1373
07-12 10:52:26.015 12250 12264 I PhoneLab-LoggerService: Logcat process found 1373
07-12 10:52:26.015 12250 12264 I PhoneLab-LoggerService: Checking Threshold
07-12 10:52:26.031 12250 12252 D dalvikvm: GC_CONCURRENT freed 408K, 14% free 9136K/10567K, paused 1ms+2ms
07-12 10:53:10.214  6644  6647 D dalvikvm: GC_CONCURRENT freed 509K, 8% free 10341K/11207K, paused 2ms+2ms
07-12 10:53:10.324  6644  6647 D dalvikvm: GC_CONCURRENT freed 243K, 7% free 10492K/11207K, paused 1ms+3ms
07-12 10:53:11.039  6644  6647 D dalvikvm: GC_CONCURRENT freed 307K, 6% free 10590K/11207K, paused 4ms+3ms
07-12 10:53:23.406 12880 13075 I Gmail   : MainSyncRequestProto: lowestBkwdConvoId: 0, highestHandledServerOp: 3308929, normalSync: true
07-12 10:53:24.265 12880 12881 D dalvikvm: GC_CONCURRENT freed 368K, 5% free 9743K/10247K, paused 2ms+3ms
07-12 10:53:24.664 12880 12881 D dalvikvm: GC_CONCURRENT freed 490K, 7% free 9690K/10311K, paused 2ms+2ms
07-12 10:53:24.742 12880 13075 D dalvikvm: GC_EXPLICIT freed 25K, 6% free 9701K/10311K, paused 2ms+4ms
07-12 10:53:24.750 12880 13075 I Gmail   : MainSyncRequestProto: lowestBkwdConvoId: 0, highestHandledServerOp: 3308989, normalSync: true
07-12 10:53:24.753 12880 13075 I Gmail   : lowestBackward conversation id 0
07-12 10:53:24.765 12880 13075 W Gmail   : Scheduling index for 300000 ms from now
07-12 10:54:10.140 12795 12798 D dalvikvm: GC_CONCURRENT freed 509K, 6% free 10435K/11079K, paused 2ms+3ms
07-12 10:54:25.882 12250 12264 I PhoneLab-: Service Running
07-12 10:54:25.984 12250 12264 I PhoneLab-LoggerService: app_37    1373  1     1440   1000  c00f181c 400107b4 S logcat
07-12 10:54:25.984 12250 12264 I PhoneLab-LoggerService: Logcat pid from database 1373
07-12 10:54:25.984 12250 12264 I PhoneLab-LoggerService: Logcat process found 1373
07-12 10:54:25.984 12250 12264 I PhoneLab-LoggerService: Checking Threshold
07-12 10:55:10.242  6644  6647 D dalvikvm: GC_CONCURRENT freed 809K, 9% free 10303K/11207K, paused 2ms+3ms
07-12 10:55:35.687  5714  5717 D dalvikvm: GC_CONCURRENT freed 607K, 10% free 11442K/12615K, paused 21ms+5ms
07-12 10:56:10.203 12795 12798 D dalvikvm: GC_CONCURRENT freed 512K, 6% free 10434K/11079K, paused 2ms+2ms
07-12 10:56:10.339  6644  6647 D dalvikvm: GC_CONCURRENT freed 441K, 8% free 10371K/11207K, paused 2ms+3ms
07-12 10:56:10.441  6644  6647 D dalvikvm: GC_CONCURRENT freed 215K, 6% free 10539K/11207K, paused 2ms+2ms
07-12 10:56:25.886 12250 12264 I PhoneLab-: Service Running
07-12 10:56:25.964 12250 12264 I PhoneLab-LoggerService: app_37    1373  1     1440   1000  c00f181c 400107b4 S logcat
07-12 10:56:25.964 12250 12264 I PhoneLab-LoggerService: Logcat pid from database 1373
07-12 10:56:25.964 12250 12264 I PhoneLab-LoggerService: Logcat process found 1373
07-12 10:56:25.964 12250 12264 I PhoneLab-LoggerService: Checking Threshold
07-12 10:57:00.214 12228 12231 D dalvikvm: GC_CONCURRENT freed 394K, 6% free 9838K/10439K, paused 3ms+7ms
07-12 10:57:10.437   144   156 D dalvikvm: GC_EXPLICIT freed 879K, 22% free 17483K/22343K, paused 3ms+8ms
07-12 10:57:10.523  6644  6647 D dalvikvm: GC_CONCURRENT freed 660K, 8% free 10318K/11207K, paused 2ms+2ms
07-12 10:57:12.546   144   168 I ActivityManager: Start proc com.google.android.apps.currents for service com.google.android.apps.currents/com.google.apps.dots.android.app.service.SyncService: pid=13093 uid=10078 gids={3003, 1015}
07-12 10:57:13.160 13093 13093 I ActivityThread: Pub com.google.apps.dots.android.app.provider.SuggestionProvider: com.google.apps.dots.android.app.provider.SuggestionProvider
07-12 10:57:13.179 13093 13093 I ActivityThread: Pub com.google.android.apps.currents.exported: com.google.apps.dots.android.app.provider.ExportedContentProvider
07-12 10:57:13.269 13093 13094 D dalvikvm: GC_CONCURRENT freed 172K, 3% free 9363K/9607K, paused 17ms+3ms
07-12 10:57:13.332 13093 13094 D dalvikvm: GC_CONCURRENT freed 264K, 5% free 9586K/9991K, paused 2ms+2ms
07-12 10:57:13.464 13093 13094 D dalvikvm: GC_CONCURRENT freed 232K, 4% free 9836K/10183K, paused 2ms+2ms
07-12 10:57:13.625 13093 13094 D dalvikvm: GC_CONCURRENT freed 235K, 4% free 10075K/10439K, paused 1ms+3ms
07-12 10:57:13.683 13093 13093 I DotsContentUris: content://com.google.android.apps.currents
07-12 10:57:13.710 13093 13093 I ActivityThread: Pub com.google.android.apps.currents: com.google.apps.dots.android.app.provider.DotsContentProvider
07-12 10:57:13.726 13093 13093 I DotsApplication: Starting up...
07-12 10:57:14.000 13093 13094 D dalvikvm: GC_CONCURRENT freed 426K, 6% free 10139K/10695K, paused 2ms+3ms
07-12 10:57:14.382 13093 13094 D dalvikvm: GC_CONCURRENT freed 297K, 4% free 10333K/10759K, paused 2ms+3ms
07-12 10:57:14.437 13093 13113 I SyncService: Starting sync (10:57:14)
07-12 10:57:15.476 13093 13094 D dalvikvm: GC_CONCURRENT freed 283K, 4% free 10470K/10887K, paused 2ms+2ms
07-12 10:57:15.714 13093 13094 D dalvikvm: GC_CONCURRENT freed 221K, 4% free 10659K/11015K, paused 2ms+3ms
07-12 10:57:15.820 13093 13094 D dalvikvm: GC_CONCURRENT freed 484K, 6% free 10658K/11335K, paused 2ms+4ms
07-12 10:57:16.082 13093 13094 D dalvikvm: GC_CONCURRENT freed 384K, 6% free 10691K/11335K, paused 2ms+2ms
07-12 10:57:16.140   144  9303 D SyncManager: setSyncAutomatically: , provider com.google.android.apps.currents -> true
07-12 10:57:16.140   144  9303 D SyncManager: setSyncAutomatically: already set to true, doing nothing
07-12 10:57:16.441 13093 13094 D dalvikvm: GC_CONCURRENT freed 288K, 5% free 10835K/11335K, paused 2ms+2ms
07-12 10:57:16.589 13093 13094 D dalvikvm: GC_CONCURRENT freed 259K, 4% free 11099K/11527K, paused 2ms+2ms
07-12 10:57:16.832 13093 13094 D dalvikvm: GC_CONCURRENT freed 256K, 4% free 11463K/11847K, paused 3ms+3ms
07-12 10:57:17.148 13093 13094 D dalvikvm: GC_CONCURRENT freed 1026K, 10% free 11151K/12295K, paused 2ms+3ms
07-12 10:57:17.687 13093 13094 D dalvikvm: GC_CONCURRENT freed 481K, 9% free 11252K/12295K, paused 2ms+3ms
07-12 10:57:17.804   144   144 I ActivityManager: Process com.whatsapp (pid 12590) has died.
07-12 10:57:17.808   144   144 W ActivityManager: Scheduling restart of crashed service com.whatsapp/.messaging.MessageService in 5000ms
07-12 10:57:18.074 13093 13094 D dalvikvm: GC_CONCURRENT freed 559K, 9% free 11310K/12295K, paused 2ms+3ms
07-12 10:57:18.418   144   376 D dalvikvm: GC_EXPLICIT freed 263K, 23% free 17418K/22343K, paused 15ms+7ms
07-12 10:57:19.148 13093 13094 D dalvikvm: GC_CONCURRENT freed 608K, 8% free 11347K/12295K, paused 2ms+3ms
07-12 10:57:19.316 13093 13094 D dalvikvm: GC_CONCURRENT freed 667K, 8% free 11326K/12295K, paused 2ms+2ms
07-12 10:57:19.488 13093 13094 D dalvikvm: GC_CONCURRENT freed 610K, 8% free 11360K/12295K, paused 2ms+3ms
07-12 10:57:20.320 13093 13094 D dalvikvm: GC_CONCURRENT freed 716K, 9% free 11308K/12295K, paused 2ms+3ms
07-12 10:57:20.500 13093 13094 D dalvikvm: GC_CONCURRENT freed 585K, 8% free 11359K/12295K, paused 12ms+5ms
07-12 10:57:20.632 13093 13094 D dalvikvm: GC_CONCURRENT freed 633K, 8% free 11380K/12295K, paused 2ms+2ms
07-12 10:57:20.773 13093 13094 D dalvikvm: GC_CONCURRENT freed 637K, 8% free 11402K/12295K, paused 6ms+2ms
07-12 10:57:20.914 13093 13094 D dalvikvm: GC_CONCURRENT freed 643K, 8% free 11430K/12295K, paused 1ms+3ms
07-12 10:57:21.222 13093 13094 D dalvikvm: GC_CONCURRENT freed 719K, 7% free 11442K/12295K, paused 9ms+2ms
07-12 10:57:22.429 13093 13094 D dalvikvm: GC_CONCURRENT freed 801K, 8% free 11360K/12295K, paused 2ms+3ms
07-12 10:57:22.722 13093 13094 D dalvikvm: GC_CONCURRENT freed 675K, 8% free 11337K/12295K, paused 2ms+2ms
07-12 10:57:22.918   144   161 I ActivityManager: Start proc com.whatsapp for service com.whatsapp/.messaging.MessageService: pid=13119 uid=10068 gids={1015, 3003}
07-12 10:57:22.980 13119 13119 I dalvikvm: Turning on JNI app bug workarounds for target SDK version 7...
07-12 10:57:23.175   144   424 I ActivityManager: Process android.process.media (pid 12076) has died.
07-12 10:57:24.003 13119 13122 D dalvikvm: GC_CONCURRENT freed 177K, 3% free 9364K/9607K, paused 94ms+2ms
07-12 10:57:24.304   214   214 D dalvikvm: GC_FOR_ALLOC freed 761K, 56% free 9807K/22023K, paused 64ms
07-12 10:57:24.421 13093 13094 D dalvikvm: GC_CONCURRENT freed 635K, 8% free 11359K/12295K, paused 2ms+2ms
07-12 10:57:24.804   144 24503 W InputManagerService: Window already focused, ignoring focus gain of: com.android.internal.view.IInputMethodClient$Stub$Proxy@4133d4b8
07-12 10:57:24.937   214   216 D dalvikvm: GC_CONCURRENT freed 421K, 56% free 9871K/22023K, paused 2ms+3ms
07-12 10:57:25.019 13119 13122 D dalvikvm: GC_CONCURRENT freed 300K, 4% free 9617K/9991K, paused 8ms+4ms
07-12 10:57:25.402 13119 13119 I dalvikvm: Could not find method android.media.MediaMetadataRetriever.captureFrame, referenced from method com.whatsapp.q3.a
07-12 10:57:25.402 13119 13119 W dalvikvm: VFY: unable to resolve virtual method 502: Landroid/media/MediaMetadataRetriever;.captureFrame ()Landroid/graphics/Bitmap;
07-12 10:57:25.406 13119 13119 D dalvikvm: VFY: replacing opcode 0x6e at 0x0134
07-12 10:57:25.589 13119 13122 D dalvikvm: GC_CONCURRENT freed 449K, 6% free 9723K/10247K, paused 3ms+3ms
07-12 10:57:26.203 13119 13122 D dalvikvm: GC_CONCURRENT freed 178K, 4% free 9993K/10311K, paused 3ms+15ms
07-12 10:57:26.265 13093 13094 D dalvikvm: GC_CONCURRENT freed 660K, 8% free 11348K/12295K, paused 2ms+2ms
07-12 10:57:26.695 13093 13094 D dalvikvm: GC_CONCURRENT freed 624K, 8% free 11373K/12295K, paused 2ms+2ms
07-12 10:57:26.843 12144 12144 D OpenGLRenderer: Flushing caches (mode 0)
07-12 10:57:27.601 12144 12144 D OpenGLRenderer: Flushing caches (mode 1)
07-12 10:57:27.957 12144 12144 D vclib:CallStateClient: stopListening
07-12 10:57:28.390   144   380 I ActivityManager: START {act=android.intent.action.MAIN cat=[android.intent.category.LAUNCHER] flg=0x10200000 cmp=com.google.android.talk/.SigningInActivity bnds=[96,706][192,802]} from pid 370
07-12 10:57:28.625   370   370 D OpenGLRenderer: Flushing caches (mode 1)
07-12 10:57:28.660   370   370 D OpenGLRenderer: Flushing caches (mode 0)
07-12 10:57:28.691 12144 12145 D dalvikvm: GC_CONCURRENT freed 356K, 6% free 10473K/11079K, paused 7ms+11ms
07-12 10:57:28.777 12144 12144 D vclib:CallStateClient: startListening
07-12 10:57:28.800 12144 13148 E talk    : [Databaseutils] pruneOldMessageHistory
07-12 10:57:28.843 12144 12144 D dalvikvm: GC_EXPLICIT freed 164K, 6% free 10449K/11079K, paused 3ms+4ms
07-12 10:57:28.992   144   160 I Process : Sending signal. PID: 12144 SIG: 3
07-12 10:57:28.992 12144 12147 I dalvikvm: threadid=3: reacting to signal 3
07-12 10:57:29.183 12144 12147 I dalvikvm: Wrote stack traces to '/data/anr/traces.txt'
07-12 10:57:29.195   144   174 I ActivityManager: Displayed com.google.android.talk/.SigningInActivity: +736ms
07-12 10:57:29.507 12144 12144 D vclib:CallStateClient: stopListening
07-12 10:57:29.507 12144 12144 D vclib:CallStateClient: startListening
07-12 10:57:29.894 12144 12145 D dalvikvm: GC_CONCURRENT freed 167K, 4% free 10702K/11079K, paused 2ms+9ms
07-12 10:57:30.246 13093 13094 D dalvikvm: GC_CONCURRENT freed 658K, 8% free 11371K/12295K, paused 2ms+2ms
07-12 10:57:30.492 13093 13094 D dalvikvm: GC_CONCURRENT freed 641K, 8% free 11384K/12295K, paused 5ms+4ms
07-12 10:57:30.925   144 10051 W InputManagerService: Window already focused, ignoring focus gain of: com.android.internal.view.IInputMethodClient$Stub$Proxy@41602448
07-12 10:57:31.882 13093 13094 D dalvikvm: GC_CONCURRENT freed 659K, 8% free 11387K/12295K, paused 5ms+5ms
07-12 10:57:32.238 13093 13116 D dalvikvm: GC_FOR_ALLOC freed 527K, 8% free 11410K/12295K, paused 77ms
07-12 10:57:32.242 13093 13116 I dalvikvm-heap: Grow heap (frag case) to 11.280MB for 72502-byte allocation
07-12 10:57:32.308 13093 13116 D dalvikvm: GC_FOR_ALLOC freed 39K, 8% free 11442K/12423K, paused 65ms
07-12 10:57:32.378 13093 13116 D dalvikvm: GC_FOR_ALLOC freed 75K, 9% free 11412K/12423K, paused 68ms
07-12 10:57:33.207 13093 13094 D dalvikvm: GC_CONCURRENT freed 690K, 9% free 11391K/12423K, paused 12ms+3ms
07-12 10:57:33.812 13093 13094 D dalvikvm: GC_CONCURRENT freed 656K, 9% free 11401K/12423K, paused 2ms+2ms
07-12 10:57:33.980 13093 13094 D dalvikvm: GC_CONCURRENT freed 633K, 8% free 11439K/12423K, paused 15ms+6ms
07-12 10:57:34.152 13093 13094 D dalvikvm: GC_CONCURRENT freed 660K, 8% free 11458K/12423K, paused 2ms+3ms
07-12 10:57:34.265 12144 12144 D talk    : [BuddyList] closeAllChats
07-12 10:57:34.394   144 24503 W InputManagerService: Window already focused, ignoring focus gain of: com.android.internal.view.IInputMethodClient$Stub$Proxy@41851158
07-12 10:57:34.515   144   156 D dalvikvm: GC_EXPLICIT freed 1024K, 23% free 17425K/22343K, paused 4ms+8ms
07-12 10:57:34.812 12144 12145 D dalvikvm: GC_CONCURRENT freed 691K, 8% free 10523K/11335K, paused 2ms+5ms
07-12 10:57:35.128 12144 12145 D dalvikvm: GC_CONCURRENT freed 403K, 8% free 10527K/11335K, paused 2ms+6ms
07-12 10:57:35.964 13093 13094 D dalvikvm: GC_CONCURRENT freed 750K, 9% free 11394K/12423K, paused 4ms+2ms
07-12 10:57:36.378 13093 13094 D dalvikvm: GC_CONCURRENT freed 651K, 9% free 11407K/12423K, paused 6ms+2ms
07-12 10:57:37.003 12144 12144 D dalvikvm: GC_FOR_ALLOC freed 130K, 6% free 10673K/11335K, paused 22ms
07-12 10:57:37.199 12144 12144 D dalvikvm: GC_FOR_ALLOC freed 27K, 6% free 10691K/11335K, paused 21ms
07-12 10:57:37.203 12144 12144 I dalvikvm-heap: Grow heap (frag case) to 10.545MB for 36880-byte allocation
07-12 10:57:37.222 12144 12144 D dalvikvm: GC_FOR_ALLOC freed 1K, 6% free 10725K/11399K, paused 20ms
07-12 10:57:37.293 12144 12144 D dalvikvm: GC_FOR_ALLOC freed 43K, 7% free 10705K/11399K, paused 23ms
07-12 10:57:37.367 12144 12144 D dalvikvm: GC_FOR_ALLOC freed 78K, 7% free 10694K/11399K, paused 22ms
07-12 10:57:37.425 12144 12144 D dalvikvm: GC_FOR_ALLOC freed 68K, 7% free 10672K/11399K, paused 22ms
07-12 10:57:37.507 12144 12144 D dalvikvm: GC_FOR_ALLOC freed 93K, 7% free 10673K/11399K, paused 22ms
07-12 10:57:37.566 13093 13094 D dalvikvm: GC_CONCURRENT freed 674K, 9% free 11403K/12423K, paused 4ms+50ms
07-12 10:57:37.597 12144 12144 D dalvikvm: GC_FOR_ALLOC freed 91K, 7% free 10673K/11399K, paused 22ms
07-12 10:57:37.707 12144 12144 D dalvikvm: GC_FOR_ALLOC freed 122K, 7% free 10688K/11399K, paused 21ms
07-12 10:57:38.261 12144 12144 D dalvikvm: GC_FOR_ALLOC freed 110K, 7% free 10699K/11399K, paused 23ms
07-12 10:57:38.738 12144 12144 D dalvikvm: GC_FOR_ALLOC freed 117K, 7% free 10682K/11399K, paused 22ms
07-12 10:57:38.832 12144 12144 D dalvikvm: GC_FOR_ALLOC freed 92K, 7% free 10680K/11399K, paused 23ms
07-12 10:57:38.953 12144 12144 D dalvikvm: GC_FOR_ALLOC freed 98K, 7% free 10683K/11399K, paused 21ms
07-12 10:57:39.082 12144 12144 D dalvikvm: GC_FOR_ALLOC freed 108K, 7% free 10698K/11399K, paused 21ms
07-12 10:57:39.253 13093 13116 D dalvikvm: GC_EXPLICIT freed 478K, 9% free 11364K/12423K, paused 58ms+3ms
07-12 10:57:39.445 12144 12144 D dalvikvm: GC_FOR_ALLOC freed 106K, 7% free 10705K/11399K, paused 23ms
07-12 10:57:39.789 13093 13094 D dalvikvm: GC_CONCURRENT freed 590K, 9% free 11427K/12423K, paused 3ms+11ms
07-12 10:57:40.179 12144 12144 D dalvikvm: GC_FOR_ALLOC freed 185K, 7% free 10660K/11399K, paused 22ms
07-12 10:57:40.257 12144 12144 D dalvikvm: GC_FOR_ALLOC freed 122K, 7% free 10671K/11399K, paused 22ms
07-12 10:57:40.312 12144 12144 D dalvikvm: GC_FOR_ALLOC freed 99K, 7% free 10683K/11399K, paused 18ms
07-12 10:57:40.406 12144 12144 D dalvikvm: GC_FOR_ALLOC freed 93K, 7% free 10704K/11399K, paused 21ms
07-12 10:57:40.543 13093 13094 D dalvikvm: GC_CONCURRENT freed 650K, 8% free 11455K/12423K, paused 46ms+10ms
07-12 10:57:40.574 12144 12144 D dalvikvm: GC_FOR_ALLOC freed 125K, 7% free 10673K/11399K, paused 21ms
07-12 10:57:40.734 12144 12144 D dalvikvm: GC_FOR_ALLOC freed 104K, 7% free 10690K/11399K, paused 22ms
07-12 10:57:41.074 12144 12144 D dalvikvm: GC_FOR_ALLOC freed 92K, 7% free 10714K/11399K, paused 23ms
07-12 10:57:41.152 13093 13094 D dalvikvm: GC_CONCURRENT freed 675K, 8% free 11464K/12423K, paused 4ms+4ms
07-12 10:57:42.628 12144 12144 D vclib:CallStateClient: stopListening
07-12 10:57:44.109 12144 12144 D vclib:CallStateClient: startListening
07-12 10:57:44.242  5714  5725 D dalvikvm: GC_EXPLICIT freed 429K, 10% free 11388K/12615K, paused 3ms+6ms
07-12 10:57:44.308   320   324 D dalvikvm: GC_CONCURRENT freed 451K, 18% free 10431K/12615K, paused 2ms+2ms
07-12 10:57:44.578 12144 12145 D dalvikvm: GC_CONCURRENT freed 784K, 9% free 10481K/11399K, paused 2ms+4ms
07-12 10:57:44.882   344   344 D SAN_SERVICE: *******************************************
07-12 10:57:44.882   344   344 D SAN_SERVICE: DM App Phone Service State - 0
07-12 10:57:44.882   344   344 D SAN_SERVICE: *******************************************
07-12 10:57:46.062 13093 13094 D dalvikvm: GC_CONCURRENT freed 757K, 9% free 11394K/12423K, paused 65ms+2ms
07-12 10:57:46.523 12795 12798 D dalvikvm: GC_CONCURRENT freed 386K, 6% free 10432K/11079K, paused 2ms+3ms
07-12 10:57:46.941 12144 12144 D vclib:CallStateClient: stopListening
07-12 10:57:46.980 12144 12144 D vclib:CallStateClient: startListening
07-12 10:57:47.105 12144 12145 D dalvikvm: GC_CONCURRENT freed 408K, 9% free 10466K/11399K, paused 2ms+3ms
07-12 10:57:47.179   144 10051 W InputManagerService: Window already focused, ignoring focus gain of: com.android.internal.view.IInputMethodClient$Stub$Proxy@41643e20
07-12 10:57:47.347 12144 12144 D vclib:CallStateClient: stopListening
07-12 10:57:47.351 12144 12144 D vclib:CallStateClient: startListening
07-12 10:57:47.418 12144 12144 D dalvikvm: GC_FOR_ALLOC freed 230K, 8% free 10514K/11399K, paused 21ms
07-12 10:57:47.460 12144 12144 D dalvikvm: GC_FOR_ALLOC freed 121K, 8% free 10539K/11399K, paused 19ms
07-12 10:57:47.515 12144 12144 D dalvikvm: GC_FOR_ALLOC freed 107K, 7% free 10610K/11399K, paused 19ms
07-12 10:57:47.703 12144 12144 D dalvikvm: GC_FOR_ALLOC freed 197K, 8% free 10585K/11399K, paused 19ms
07-12 10:57:47.851 13093 13094 D dalvikvm: GC_CONCURRENT freed 597K, 8% free 11462K/12423K, paused 2ms+2ms
07-12 10:57:48.234 13093 13094 D dalvikvm: GC_CONCURRENT freed 612K, 8% free 11537K/12423K, paused 11ms+12ms
07-12 10:57:49.718 13093 13094 D dalvikvm: GC_CONCURRENT freed 809K, 8% free 11481K/12423K, paused 2ms+3ms
07-12 10:57:50.031 12144 12144 D dalvikvm: GC_FOR_ALLOC freed 190K, 7% free 10712K/11399K, paused 24ms
07-12 10:57:50.101 13093 13094 D dalvikvm: GC_CONCURRENT freed 667K, 8% free 11513K/12423K, paused 4ms+4ms
07-12 10:57:50.476 13093 13094 D dalvikvm: GC_CONCURRENT freed 680K, 8% free 11545K/12423K, paused 4ms+21ms
07-12 10:57:50.652 12144 12144 D dalvikvm: GC_FOR_ALLOC freed 115K, 7% free 10712K/11399K, paused 23ms
07-12 10:57:50.742 12144 12144 D dalvikvm: GC_FOR_ALLOC freed 95K, 7% free 10710K/11399K, paused 23ms
07-12 10:57:50.804 12144 12144 D dalvikvm: GC_FOR_ALLOC freed 109K, 7% free 10695K/11399K, paused 21ms
07-12 10:57:50.863 12144 12144 D dalvikvm: GC_FOR_ALLOC freed 91K, 7% free 10693K/11399K, paused 22ms
07-12 10:57:50.890 12144 12144 D dalvikvm: GC_FOR_ALLOC freed 68K, 7% free 10683K/11399K, paused 19ms
07-12 10:57:50.933 12144 12144 D dalvikvm: GC_FOR_ALLOC freed 72K, 7% free 10689K/11399K, paused 20ms
07-12 10:57:50.953 12144 12144 D dalvikvm: GC_FOR_ALLOC freed 2K, 7% free 10708K/11399K, paused 19ms
07-12 10:57:50.953 12144 12144 I dalvikvm-heap: Grow heap (frag case) to 10.562MB for 36880-byte allocation
07-12 10:57:50.976 12144 12144 D dalvikvm: GC_FOR_ALLOC freed 0K, 7% free 10744K/11463K, paused 19ms
07-12 10:57:51.007 12144 12144 D dalvikvm: GC_FOR_ALLOC freed 71K, 7% free 10710K/11463K, paused 19ms
07-12 10:57:51.089 12144 12144 D dalvikvm: GC_FOR_ALLOC freed 136K, 7% free 10704K/11463K, paused 19ms
07-12 10:57:51.128 12144 12144 D dalvikvm: GC_FOR_ALLOC freed 96K, 7% free 10699K/11463K, paused 20ms
07-12 10:57:51.214 12144 12144 D dalvikvm: GC_FOR_ALLOC freed 206K, 7% free 10663K/11463K, paused 20ms
07-12 10:57:51.293 12144 12144 D dalvikvm: GC_FOR_ALLOC freed 138K, 7% free 10711K/11463K, paused 20ms
07-12 10:57:51.371 12144 12144 D dalvikvm: GC_FOR_ALLOC freed 168K, 7% free 10683K/11463K, paused 20ms
07-12 10:57:51.410 12144 12144 D dalvikvm: GC_FOR_ALLOC freed 95K, 7% free 10675K/11463K, paused 21ms
07-12 10:57:51.511 12144 12144 D dalvikvm: GC_FOR_ALLOC freed 163K, 7% free 10714K/11463K, paused 21ms
07-12 10:57:51.570 12144 12144 D dalvikvm: GC_FOR_ALLOC freed 118K, 7% free 10741K/11463K, paused 19ms
07-12 10:57:51.742 12144 12144 D dalvikvm: GC_FOR_ALLOC freed 104K, 7% free 10752K/11463K, paused 23ms
07-12 10:57:52.160   144   403 D dalvikvm: GC_EXPLICIT freed 722K, 23% free 17389K/22343K, paused 3ms+19ms
07-12 10:57:52.371 13093 13094 D dalvikvm: GC_CONCURRENT freed 613K, 7% free 11675K/12423K, paused 4ms+5ms
07-12 10:57:52.453   144 24503 D AlarmManagerService: Kernel timezone updated to 240 minutes west of GMT
07-12 10:57:52.468   344   344 D SystemClock: Setting time of day to sec=1342105073
07-12 10:57:53.062 12144 12144 D dalvikvm: GC_FOR_ALLOC freed 160K, 7% free 10735K/11463K, paused 25ms
07-12 10:57:53.085   144   161 I ActivityManager: Start proc com.android.calendar for broadcast com.android.calendar/.widget.CalendarAppWidgetService$CalendarFactory: pid=13163 uid=10005 gids={3003}
07-12 10:57:53.238   344   344 D SAN_SERVICE: *******************************************
07-12 10:57:53.238   344   344 D SAN_SERVICE: DM App Phone Service State - 0
07-12 10:57:53.238   344   344 D SAN_SERVICE: *******************************************
07-12 10:57:53.261 13163 13163 I ActivityThread: Pub com.android.calendar.CalendarRecentSuggestionsProvider: com.android.calendar.CalendarRecentSuggestionsProvider
07-12 10:57:53.425 12144 12144 D dalvikvm: GC_FOR_ALLOC freed 120K, 7% free 10748K/11463K, paused 35ms
07-12 10:57:53.468   144  9084 I ActivityManager: Start proc com.android.deskclock for broadcast com.android.deskclock/.AlarmInitReceiver: pid=13179 uid=10011 gids={}
07-12 10:57:53.585 12144 12144 D dalvikvm: GC_FOR_ALLOC freed 93K, 7% free 10743K/11463K, paused 46ms
07-12 10:57:53.632 13179 13179 I ActivityThread: Pub com.android.deskclock: com.android.deskclock.AlarmProvider
07-12 10:57:53.640   144   155 I ActivityManager: Start proc com.android.providers.calendar for content provider com.android.providers.calendar/.CalendarProvider2: pid=13192 uid=10006 gids={3003, 1015}
07-12 10:57:53.726    79    79 D dalvikvm: GC_EXPLICIT freed 37K, 4% free 9031K/9347K, paused 3ms+9ms
07-12 10:57:53.796 13179 13198 V AlarmClock: AlarmInitReceiver finished
07-12 10:57:53.871    79    79 D dalvikvm: GC_EXPLICIT freed <1K, 4% free 9031K/9347K, paused 6ms+10ms
07-12 10:57:53.878 12144 12144 D dalvikvm: GC_FOR_ALLOC freed 125K, 7% free 10712K/11463K, paused 113ms
07-12 10:57:53.937    79    79 D dalvikvm: GC_EXPLICIT freed <1K, 4% free 9031K/9347K, paused 2ms+6ms
07-12 10:57:53.960 12144 12144 D dalvikvm: GC_FOR_ALLOC freed 97K, 7% free 10705K/11463K, paused 19ms
07-12 10:57:54.011 13192 13192 I ActivityThread: Pub com.android.calendar: com.android.providers.calendar.CalendarProvider2
07-12 10:57:54.078 12144 12144 D dalvikvm: GC_FOR_ALLOC freed 153K, 7% free 10671K/11463K, paused 44ms
07-12 10:57:54.179 12144 12144 D dalvikvm: GC_FOR_ALLOC freed 217K, 7% free 10705K/11463K, paused 23ms
07-12 10:57:54.242   144 30930 I ActivityManager: Process com.android.sprintmenu (pid 12623) has died.
07-12 10:57:54.242   144 30930 W ActivityManager: Scheduling restart of crashed service com.android.sprintmenu/.HiddenPhoneService in 5000ms
07-12 10:57:54.312 12144 12144 D dalvikvm: GC_FOR_ALLOC freed 186K, 7% free 10743K/11463K, paused 19ms
07-12 10:57:54.546    75   116 E FrameworkListener: read() failed (Connection reset by peer)
07-12 10:57:54.546   144   155 I ActivityManager: Process com.google.android.apps.maps:NetworkLocationService (pid 12795) has died.
07-12 10:57:54.546   144   155 W ActivityManager: Scheduling restart of crashed service com.google.android.apps.maps/com.google.android.location.internal.server.NetworkLocationService in 14697ms
07-12 10:57:54.984 12144 12144 D dalvikvm: GC_FOR_ALLOC freed 220K, 7% free 10759K/11463K, paused 21ms
07-12 10:57:55.605 13192 13192 I CalendarProvider2: Sending notification intent: Intent { act=android.intent.action.PROVIDER_CHANGED dat=content://com.android.calendar }
07-12 10:57:55.632 13192 13192 W ContentResolver: Failed to get type for: content://com.android.calendar (Unknown URL content://com.android.calendar)
07-12 10:57:56.058 12144 12144 D dalvikvm: GC_FOR_ALLOC freed 207K, 7% free 10750K/11463K, paused 23ms
07-12 10:57:56.277 12144 12144 D dalvikvm: GC_FOR_ALLOC freed 177K, 7% free 10754K/11463K, paused 22ms
07-12 10:57:57.562 12144 12144 D dalvikvm: GC_FOR_ALLOC freed 129K, 7% free 10773K/11463K, paused 25ms
07-12 10:57:57.671 13093 13094 D dalvikvm: GC_CONCURRENT freed 1042K, 10% free 11442K/12615K, paused 6ms+19ms
07-12 10:57:58.386 12144 12144 D dalvikvm: GC_FOR_ALLOC freed 111K, 6% free 10793K/11463K, paused 26ms
07-12 10:57:58.433 12144 12144 D dalvikvm: GC_FOR_ALLOC freed 121K, 7% free 10765K/11463K, paused 22ms
07-12 10:57:58.601 12144 12144 D dalvikvm: GC_FOR_ALLOC freed 98K, 7% free 10767K/11463K, paused 23ms
07-12 10:57:58.683 12144 12144 D dalvikvm: GC_FOR_ALLOC freed 93K, 6% free 10776K/11463K, paused 23ms
07-12 10:57:58.757 12144 12144 D dalvikvm: GC_FOR_ALLOC freed 90K, 6% free 10777K/11463K, paused 25ms
07-12 10:57:58.863 12144 12144 D dalvikvm: GC_FOR_ALLOC freed 93K, 6% free 10777K/11463K, paused 23ms
07-12 10:57:58.941 13093 13094 D dalvikvm: GC_CONCURRENT freed 718K, 10% free 11410K/12615K, paused 17ms+35ms
07-12 10:57:59.023 12144 12144 D dalvikvm: GC_FOR_ALLOC freed 50K, 6% free 10795K/11463K, paused 23ms
07-12 10:57:59.371   144   161 I ActivityManager: Start proc com.android.sprintmenu for service com.android.sprintmenu/.HiddenPhoneService: pid=13213 uid=1001 gids={3002, 3001, 3003, 1015}
07-12 10:57:59.710 12144 12144 D dalvikvm: GC_FOR_ALLOC freed 91K, 7% free 10771K/11463K, paused 25ms
07-12 10:57:59.765   144 10051 I ActivityManager: Process com.google.android.apps.googlevoice (pid 12769) has died.
07-12 10:57:59.765   144 10051 W ActivityManager: Scheduling restart of crashed service com.google.android.apps.googlevoice/.UpdateService in 19478ms
07-12 10:57:59.765   144 10051 W ActivityManager: Scheduling restart of crashed service com.google.android.apps.googlevoice/.ShadowNumberRefreshService in 29478ms
07-12 10:57:59.765   144 10051 W ActivityManager: Scheduling restart of crashed service com.google.android.apps.googlevoice/.CallLogService in 39477ms
07-12 10:57:59.835 12144 12144 D dalvikvm: GC_FOR_ALLOC freed 92K, 7% free 10767K/11463K, paused 21ms
07-12 10:57:59.925 12144 12144 D dalvikvm: GC_FOR_ALLOC freed 89K, 7% free 10775K/11463K, paused 22ms
07-12 10:58:00.031   144   155 D AlarmManagerService: Kernel timezone updated to 240 minutes west of GMT
07-12 10:58:00.125 12144 12144 D dalvikvm: GC_FOR_ALLOC freed 95K, 6% free 10777K/11463K, paused 23ms
07-12 10:58:00.371 13093 13094 D dalvikvm: GC_CONCURRENT freed 689K, 10% free 11390K/12615K, paused 5ms+4ms
07-12 10:58:00.679 13093 13094 D dalvikvm: GC_CONCURRENT freed 457K, 9% free 11601K/12615K, paused 5ms+4ms
07-12 10:58:00.839 13093 13094 D dalvikvm: GC_CONCURRENT freed 527K, 7% free 11807K/12615K, paused 3ms+3ms
07-12 10:58:01.085 13093 13094 D dalvikvm: GC_CONCURRENT freed 705K, 7% free 11923K/12743K, paused 2ms+3ms
07-12 10:58:01.355 13093 13094 D dalvikvm: GC_CONCURRENT freed 1456K, 13% free 11369K/12935K, paused 2ms+3ms
07-12 10:58:01.863 12144 12144 D dalvikvm: GC_FOR_ALLOC freed 128K, 7% free 10753K/11463K, paused 21ms
07-12 10:58:01.941   144   403 I ActivityManager: Process com.android.browser (pid 12975) has died.
07-12 10:58:02.027 13093 13113 I SyncService: sync service finished (10:58:02)
07-12 10:58:03.121 12144 12144 D dalvikvm: GC_FOR_ALLOC freed 96K, 7% free 10747K/11463K, paused 51ms
07-12 10:58:03.210 12144 12144 D dalvikvm: GC_FOR_ALLOC freed 95K, 7% free 10745K/11463K, paused 21ms
07-12 10:58:03.285 12144 12144 D dalvikvm: GC_FOR_ALLOC freed 103K, 7% free 10768K/11463K, paused 20ms
07-12 10:58:03.359 12144 12144 D dalvikvm: GC_FOR_ALLOC freed 107K, 7% free 10764K/11463K, paused 20ms
07-12 10:58:03.421 12144 12144 D dalvikvm: GC_FOR_ALLOC freed 125K, 7% free 10754K/11463K, paused 19ms
07-12 10:58:03.464 12144 12144 D dalvikvm: GC_FOR_ALLOC freed 93K, 7% free 10761K/11463K, paused 20ms
07-12 10:58:03.539 12144 12144 D dalvikvm: GC_FOR_ALLOC freed 120K, 7% free 10734K/11463K, paused 19ms
07-12 10:58:03.628 12144 12144 D dalvikvm: GC_FOR_ALLOC freed 113K, 7% free 10753K/11463K, paused 20ms
07-12 10:58:03.710 12144 12144 D dalvikvm: GC_FOR_ALLOC freed 94K, 7% free 10752K/11463K, paused 21ms
07-12 10:58:03.781   344   344 D SAN_SERVICE: *******************************************
07-12 10:58:03.781   344   344 D SAN_SERVICE: DM App Phone Service State - 0
07-12 10:58:03.781   344   344 D SAN_SERVICE: *******************************************
07-12 10:58:03.789 12144 12144 D dalvikvm: GC_FOR_ALLOC freed 100K, 7% free 10774K/11463K, paused 40ms
07-12 10:58:04.039   144 10051 D AlarmManagerService: Kernel timezone updated to 240 minutes west of GMT
07-12 10:58:04.054   344   344 D SAN_SERVICE: *******************************************
07-12 10:58:04.054   344   344 D SAN_SERVICE: DM App Phone Service State - 0
07-12 10:58:04.054   344   344 D SAN_SERVICE: *******************************************
07-12 10:58:04.066 12144 12144 D dalvikvm: GC_FOR_ALLOC freed 103K, 6% free 10783K/11463K, paused 61ms
07-12 10:58:04.207 12144 12144 D dalvikvm: GC_FOR_ALLOC freed 93K, 6% free 10780K/11463K, paused 26ms
07-12 10:58:04.539 12144 12144 D dalvikvm: GC_FOR_ALLOC freed 100K, 6% free 10786K/11463K, paused 25ms
07-12 10:58:04.687 12144 12144 D dalvikvm: GC_FOR_ALLOC freed 117K, 6% free 10782K/11463K, paused 21ms
07-12 10:58:04.941 12144 12144 D dalvikvm: GC_FOR_ALLOC freed 148K, 6% free 10790K/11463K, paused 22ms
07-12 10:58:05.054 12144 12144 D dalvikvm: GC_FOR_ALLOC freed 111K, 6% free 10777K/11463K, paused 22ms
07-12 10:58:05.128 12144 12144 D dalvikvm: GC_FOR_ALLOC freed 94K, 6% free 10777K/11463K, paused 22ms
07-12 10:58:09.261   144   161 I ActivityManager: Start proc com.google.android.apps.maps:NetworkLocationService for service com.google.android.apps.maps/com.google.android.location.internal.server.NetworkLocationService: pid=13229 uid=10056 gids={3003, 1015}
07-12 10:58:09.511 13229 13231 D dalvikvm: GC_CONCURRENT freed 156K, 3% free 9380K/9607K, paused 3ms+9ms
07-12 10:58:10.519 13229 13231 D dalvikvm: GC_CONCURRENT freed 182K, 3% free 9697K/9991K, paused 7ms+14ms
07-12 10:58:10.722   144   400 I ActivityManager: Process edu.buffalo.cse.phonelab.phonelabservices (pid 12250) has died.
07-12 10:58:10.722   144   400 W ActivityManager: Scheduling restart of crashed service edu.buffalo.cse.phonelab.phonelabservices/edu.buffalo.cse.phonelab.datalogger.LoggerService in 38519ms
07-12 10:58:11.617 13229 13231 D dalvikvm: GC_CONCURRENT freed 152K, 3% free 10085K/10311K, paused 7ms+4ms
07-12 10:58:11.890 13229 13231 D dalvikvm: GC_CONCURRENT freed 657K, 8% free 9887K/10631K, paused 2ms+3ms
07-12 10:58:12.320 13229 13236 I dalvikvm: Total arena pages for JIT: 11
07-12 10:58:12.324 13229 13236 I dalvikvm: Total arena pages for JIT: 12
07-12 10:58:12.324 13229 13236 I dalvikvm: Total arena pages for JIT: 13
07-12 10:58:12.324 13229 13236 I dalvikvm: Total arena pages for JIT: 14
07-12 10:58:12.328 13229 13236 I dalvikvm: Total arena pages for JIT: 15
07-12 10:58:12.328 13229 13236 I dalvikvm: Total arena pages for JIT: 16
07-12 10:58:12.328 13229 13236 I dalvikvm: Total arena pages for JIT: 17
07-12 10:58:12.418 13229 13236 I dalvikvm: Total arena pages for JIT: 18
07-12 10:58:12.535 13229 13231 D dalvikvm: GC_CONCURRENT freed 199K, 5% free 10155K/10631K, paused 2ms+3ms
07-12 10:58:13.015 13229 13231 D dalvikvm: GC_CONCURRENT freed 377K, 5% free 10287K/10759K, paused 2ms+2ms
07-12 10:58:14.160 12144 12144 D vclib:CallStateClient: stopListening
07-12 10:58:14.191 12144 12144 D vclib:CallStateClient: startListening
07-12 10:58:14.238 12144 12151 I dalvikvm: Jit: resizing JitTable from 4096 to 8192
07-12 10:58:14.343  6644  6647 D dalvikvm: GC_CONCURRENT freed 417K, 8% free 10323K/11207K, paused 11ms+3ms
07-12 10:58:14.851 12144 12145 D dalvikvm: GC_CONCURRENT freed 729K, 9% free 10536K/11463K, paused 5ms+10ms
07-12 10:58:16.734   344   344 D SAN_SERVICE: *******************************************
07-12 10:58:16.734   344   344 D SAN_SERVICE: DM App Phone Service State - 0
07-12 10:58:16.734   344   344 D SAN_SERVICE: *******************************************
07-12 10:58:17.574 12144 12144 D vclib:CallStateClient: stopListening
07-12 10:58:17.640 12144 12144 D vclib:CallStateClient: startListening
07-12 10:58:17.757 12144 12145 D dalvikvm: GC_CONCURRENT freed 438K, 9% free 10532K/11463K, paused 11ms+13ms
07-12 10:58:17.832   144   323 W InputManagerService: Window already focused, ignoring focus gain of: com.android.internal.view.IInputMethodClient$Stub$Proxy@417a07e8
07-12 10:58:17.878   320   324 D dalvikvm: GC_CONCURRENT freed 454K, 18% free 10431K/12615K, paused 1ms+2ms
07-12 10:58:18.015 12144 12144 D vclib:CallStateClient: stopListening
07-12 10:58:18.019 12144 12144 D vclib:CallStateClient: startListening
07-12 10:58:18.121   144 24503 D dalvikvm: GC_EXPLICIT freed 613K, 22% free 17433K/22343K, paused 3ms+8ms
07-12 10:58:18.187 12144 12144 D dalvikvm: GC_FOR_ALLOC freed 257K, 8% free 10604K/11463K, paused 20ms
07-12 10:58:18.234 12144 12144 D dalvikvm: GC_FOR_ALLOC freed 125K, 8% free 10624K/11463K, paused 20ms
07-12 10:58:18.285 12144 12144 D dalvikvm: GC_FOR_ALLOC freed 108K, 7% free 10695K/11463K, paused 19ms
07-12 10:58:18.453 12144 12144 D dalvikvm: GC_FOR_ALLOC freed 197K, 7% free 10670K/11463K, paused 19ms
07-12 10:58:19.312   144   161 I ActivityManager: Start proc com.google.android.apps.googlevoice for service com.google.android.apps.googlevoice/.UpdateService: pid=13278 uid=10054 gids={3003, 1015}
07-12 10:58:19.640 12144 12144 D dalvikvm: GC_FOR_ALLOC freed 187K, 6% free 10794K/11463K, paused 28ms
07-12 10:58:19.718 13278 13280 D dalvikvm: GC_CONCURRENT freed 227K, 4% free 9307K/9607K, paused 3ms+8ms
07-12 10:58:19.793   144 30930 I ActivityManager: Process com.facebook.katana (pid 12184) has died.
07-12 10:58:19.793   144 30930 W ActivityManager: Scheduling restart of crashed service com.facebook.katana/.service.MediaUploadService in 39449ms
07-12 10:58:20.214 13278 13280 D dalvikvm: GC_CONCURRENT freed 410K, 5% free 9445K/9927K, paused 6ms+8ms
07-12 10:58:20.218 13278 13287 W CursorWrapperInner: Cursor finalized without prior close()
07-12 10:58:20.218 13278 13287 W CursorWrapperInner: Cursor finalized without prior close()
07-12 10:58:20.218 13278 13287 W CursorWrapperInner: Cursor finalized without prior close()
07-12 10:58:20.500 12228 12231 D dalvikvm: GC_CONCURRENT freed 397K, 5% free 9921K/10439K, paused 2ms+7ms
07-12 10:58:20.519 13278 13280 D dalvikvm: GC_CONCURRENT freed 310K, 5% free 9592K/9991K, paused 2ms+11ms
07-12 10:58:20.566 12144 12144 D dalvikvm: GC_FOR_ALLOC freed 116K, 6% free 10796K/11463K, paused 111ms
07-12 10:58:20.605 12228 12240 D dalvikvm: GC_EXPLICIT freed 159K, 7% free 9762K/10439K, paused 2ms+4ms
07-12 10:58:20.707 12144 12144 D dalvikvm: GC_FOR_ALLOC freed 100K, 6% free 10790K/11463K, paused 21ms
07-12 10:58:20.777 12144 12144 D dalvikvm: GC_FOR_ALLOC freed 94K, 6% free 10802K/11463K, paused 21ms
07-12 10:58:20.890 12144 12144 D dalvikvm: GC_FOR_ALLOC freed 161K, 6% free 10864K/11527K, paused 25ms
07-12 10:58:21.000 12144 12144 D dalvikvm: GC_FOR_ALLOC freed 205K, 7% free 10842K/11591K, paused 21ms
07-12 10:58:21.546 13278 13280 D dalvikvm: GC_CONCURRENT freed 217K, 5% free 9775K/10183K, paused 4ms+2ms
07-12 10:58:21.597 12144 12144 D dalvikvm: GC_FOR_ALLOC freed 223K, 7% free 10850K/11591K, paused 22ms
07-12 10:58:25.390 12144 12144 D dalvikvm: GC_FOR_ALLOC freed 287K, 7% free 10870K/11591K, paused 23ms
07-12 10:58:25.722 12144 12144 D dalvikvm: GC_FOR_ALLOC freed 215K, 7% free 10858K/11591K, paused 27ms
07-12 10:58:29.339 13278 13294 W System.err: com.google.android.apps.googlevoice.net.VoiceServiceException: Voice service failed [INVALID_AUTH_TOKEN]
07-12 10:58:29.343 13278 13294 W System.err: 	at com.google.android.apps.googlevoice.net.masf.MASFVoiceService.checkCredentials(MASFVoiceService.java:107)
07-12 10:58:29.343 13278 13294 W System.err: 	at com.google.android.apps.googlevoice.net.masf.MASFVoiceService.getAuthToken(MASFVoiceService.java:95)
07-12 10:58:29.343 13278 13294 W System.err: 	at com.google.android.apps.googlevoice.net.masf.MASFGetBackendInfoRpc.createRequestPayload(MASFGetBackendInfoRpc.java:34)
07-12 10:58:29.343 13278 13294 W System.err: 	at com.google.android.apps.googlevoice.net.masf.MASFApiRpc.requestSubmit(MASFApiRpc.java:160)
07-12 10:58:29.343 13278 13294 W System.err: 	at com.google.android.apps.googlevoice.net.masf.MASFApiRpc.run(MASFApiRpc.java:141)
07-12 10:58:29.343 13278 13294 W System.err: 	at com.googlex.common.task.AbstractTask.run(Unknown Source)
07-12 10:58:29.343 13278 13294 W System.err: 	at com.googlex.common.task.AbstractTask.runInternal(Unknown Source)
07-12 10:58:29.343 13278 13294 W System.err: 	at com.googlex.common.task.TaskRunner.run(Unknown Source)
07-12 10:58:29.343 13278 13294 W System.err: 	at com.googlex.common.lang.BaseThreadFactory$ThreadImpl.run(Unknown Source)
07-12 10:58:29.347 13278 13294 E GoogleVoice: ShadowNumberRefreshService: Failed to get backend info!
07-12 10:58:29.347 13278 13294 E GoogleVoice: com.google.android.apps.googlevoice.net.VoiceServiceException: Voice service failed [INVALID_AUTH_TOKEN]
07-12 10:58:29.347 13278 13294 E GoogleVoice: 	at com.google.android.apps.googlevoice.net.masf.MASFVoiceService.checkCredentials(MASFVoiceService.java:107)
07-12 10:58:29.347 13278 13294 E GoogleVoice: 	at com.google.android.apps.googlevoice.net.masf.MASFVoiceService.getAuthToken(MASFVoiceService.java:95)
07-12 10:58:29.347 13278 13294 E GoogleVoice: 	at com.google.android.apps.googlevoice.net.masf.MASFGetBackendInfoRpc.createRequestPayload(MASFGetBackendInfoRpc.java:34)
07-12 10:58:29.347 13278 13294 E GoogleVoice: 	at com.google.android.apps.googlevoice.net.masf.MASFApiRpc.requestSubmit(MASFApiRpc.java:160)
07-12 10:58:29.347 13278 13294 E GoogleVoice: 	at com.google.android.apps.googlevoice.net.masf.MASFApiRpc.run(MASFApiRpc.java:141)
07-12 10:58:29.347 13278 13294 E GoogleVoice: 	at com.googlex.common.task.AbstractTask.run(Unknown Source)
07-12 10:58:29.347 13278 13294 E GoogleVoice: 	at com.googlex.common.task.AbstractTask.runInternal(Unknown Source)
07-12 10:58:29.347 13278 13294 E GoogleVoice: 	at com.googlex.common.task.TaskRunner.run(Unknown Source)
07-12 10:58:29.347 13278 13294 E GoogleVoice: 	at com.googlex.common.lang.BaseThreadFactory$ThreadImpl.run(Unknown Source)
07-12 10:58:38.480   144   156 D AlarmManagerService: Kernel timezone updated to 240 minutes west of GMT
07-12 10:58:39.312   344   344 D SAN_SERVICE: *******************************************
07-12 10:58:39.312   344   344 D SAN_SERVICE: DM App Phone Service State - 0
07-12 10:58:39.312   344   344 D SAN_SERVICE: *******************************************
07-12 10:58:49.316   144   161 I ActivityManager: Start proc edu.buffalo.cse.phonelab.phonelabservices for service edu.buffalo.cse.phonelab.phonelabservices/edu.buffalo.cse.phonelab.datalogger.LoggerService: pid=13304 uid=10037 gids={3003, 1015, 1007, 2001}
07-12 10:58:49.355 13304 13304 I PhoneLab-LoggerService: Start Logger Service
07-12 10:58:49.371 13304 13317 I PhoneLab-: Service Running
07-12 10:58:49.437 13304 13317 I PhoneLab-LoggerService: app_37    1373  1     1440   1000  c00f181c 400107b4 S logcat
07-12 10:58:49.437 13304 13317 I PhoneLab-LoggerService: Logcat pid from database 1373
07-12 10:58:49.437 13304 13317 I PhoneLab-LoggerService: Logcat process found 1373
07-12 10:58:49.437 13304 13317 I PhoneLab-LoggerService: Checking Threshold
07-12 10:58:59.308   144   161 I ActivityManager: Start proc com.facebook.katana for service com.facebook.katana/.service.MediaUploadService: pid=13321 uid=10071 gids={3003, 1006, 1015}
07-12 10:58:59.316 13321 13321 I dalvikvm: Turning on JNI app bug workarounds for target SDK version 7...
07-12 10:58:59.535 13321 13324 D dalvikvm: GC_CONCURRENT freed 158K, 3% free 9378K/9607K, paused 2ms+2ms
07-12 10:58:59.742 13321 13321 I ActivityThread: Pub com.facebook.katana.provider.LoggingProvider: com.facebook.katana.provider.LoggingProvider
07-12 10:58:59.820 13321 13321 I ActivityThread: Pub com.facebook.katana.provider.KeyValueProvider: com.facebook.katana.provider.KeyValueProvider
07-12 10:58:59.824 13321 13321 I ActivityThread: Pub com.facebook.katana.provider.CacheProvider: com.facebook.katana.provider.CacheProvider
07-12 10:58:59.832 13321 13321 I ActivityThread: Pub com.facebook.katana.provider.MailboxProvider: com.facebook.katana.provider.MailboxProvider
07-12 10:58:59.839 13321 13321 I ActivityThread: Pub com.facebook.katana.provider.UserStatusesProvider: com.facebook.katana.provider.UserStatusesProvider
07-12 10:58:59.839 13321 13321 I ActivityThread: Pub com.facebook.katana.provider.EventsProvider: com.facebook.katana.provider.EventsProvider
07-12 10:58:59.839 13321 13321 I ActivityThread: Pub com.facebook.katana.provider.NotificationsProvider: com.facebook.katana.provider.NotificationsProvider
07-12 10:58:59.843 13321 13321 I ActivityThread: Pub com.facebook.katana.provider.UserValuesProvider: com.facebook.katana.provider.UserValuesProvider
07-12 10:58:59.843 13321 13321 I ActivityThread: Pub com.facebook.katana.provider.PagesProvider: com.facebook.katana.provider.PagesProvider
07-12 10:58:59.843 13321 13321 I ActivityThread: Pub com.facebook.katana.provider.MobileEventLogProvider: com.facebook.katana.provider.MobileEventLogProvider
07-12 10:58:59.847 13321 13321 I ActivityThread: Pub com.facebook.katana.provider.PushNotificationsProvider: com.facebook.katana.provider.PushNotificationsProvider
07-12 10:58:59.847 13321 13321 I ActivityThread: Pub com.facebook.katana.provider.PhotosProvider: com.facebook.katana.provider.PhotosProvider
07-12 10:58:59.851 13321 13321 I ActivityThread: Pub com.facebook.katana.provider.ConnectionsProvider: com.facebook.katana.provider.ConnectionsProvider
07-12 10:58:59.851 13321 13324 D dalvikvm: GC_CONCURRENT freed 156K, 3% free 9732K/9991K, paused 7ms+3ms
07-12 10:58:59.867 13321 13321 I ActivityThread: Pub com.facebook.orca.notify.FbandroidMessagesForegroundProvider: com.facebook.orca.notify.FbandroidMessagesForegroundProvider
07-12 10:58:59.906 13321 13321 D ACRA    : Retrieve application default SharedPreferences.
07-12 10:58:59.910 13321 13321 D ACRA    : Set OnSharedPreferenceChangeListener.
07-12 10:58:59.918 13321 13321 D ACRA    : ACRA is enabled for com.facebook.katana, intializing...
07-12 10:58:59.953 13321 13321 D ACRA    : Looking for error files in /data/data/com.facebook.katana/app_acra-reports
07-12 10:59:00.039 13321 13321 W nalizableReferenceQueue: Could not load Finalizer in its own class loader.Loading Finalizer in the current class loader instead. As a result, you will not be ableto garbage collect this class loader. To support reclaiming this class loader, eitherresolve the underlying issue, or move Google Collections to your system class path.
07-12 10:59:00.039 13321 13321 W nalizableReferenceQueue: java.io.FileNotFoundException: com/google/common/base/internal/Finalizer.class
07-12 10:59:00.039 13321 13321 W nalizableReferenceQueue: 	at com.google.common.base.FinalizableReferenceQueue$DecoupledLoader.getBaseUrl(FinalizableReferenceQueue.java:243)
07-12 10:59:00.039 13321 13321 W nalizableReferenceQueue: 	at com.google.common.base.FinalizableReferenceQueue$DecoupledLoader.loadFinalizer(FinalizableReferenceQueue.java:227)
07-12 10:59:00.039 13321 13321 W nalizableReferenceQueue: 	at com.google.common.base.FinalizableReferenceQueue.loadFinalizer(FinalizableReferenceQueue.java:155)
07-12 10:59:00.039 13321 13321 W nalizableReferenceQueue: 	at com.google.common.base.FinalizableReferenceQueue.<clinit>(FinalizableReferenceQueue.java:84)
07-12 10:59:00.039 13321 13321 W nalizableReferenceQueue: 	at com.google.common.collect.CustomConcurrentHashMap$QueueHolder.<clinit>(CustomConcurrentHashMap.java:650)
07-12 10:59:00.039 13321 13321 W nalizableReferenceQueue: 	at com.google.common.collect.CustomConcurrentHashMap$WeakEntry.<init>(CustomConcurrentHashMap.java:1342)
07-12 10:59:00.039 13321 13321 W nalizableReferenceQueue: 	at com.google.common.collect.CustomConcurrentHashMap$EntryFactory$9.newEntry(CustomConcurrentHashMap.java:453)
07-12 10:59:00.039 13321 13321 W nalizableReferenceQueue: 	at com.google.common.collect.CustomConcurrentHashMap.a(CustomConcurrentHashMap.java:1715)
07-12 10:59:00.039 13321 13321 W nalizableReferenceQueue: 	at com.google.common.collect.ComputingConcurrentHashMap$ComputingSegment.a(ComputingConcurrentHashMap.java:123)
07-12 10:59:00.039 13321 13321 W nalizableReferenceQueue: 	at com.google.common.collect.ComputingConcurrentHashMap.apply(ComputingConcurrentHashMap.java:71)
07-12 10:59:00.039 13321 13321 W nalizableReferenceQueue: 	at com.google.common.collect.MapMaker$ComputingMapAdapter.get(MapMaker.java:848)
07-12 10:59:00.039 13321 13321 W nalizableReferenceQueue: 	at com.google.inject.internal.Annotations$AnnotationChecker.a(Annotations.java:94)
07-12 10:59:00.039 13321 13321 W nalizableReferenceQueue: 	at com.google.inject.internal.Annotations.c(Annotations.java:112)
07-12 10:59:00.039 13321 13321 W nalizableReferenceQueue: 	at com.google.inject.Key.d(Key.java:369)
07-12 10:59:00.039 13321 13321 W nalizableReferenceQueue: 	at com.google.inject.Key.b(Key.java:356)
07-12 10:59:00.039 13321 13321 W nalizableReferenceQueue: 	at com.google.inject.Key.a(Key.java:267)
07-12 10:59:00.039 13321 13321 W nalizableReferenceQueue: 	at com.facebook.orca.inject.binder.AnnotatedBindingBuilderImpl.a(AnnotatedBindingBuilderImpl.java:22)
07-12 10:59:00.039 13321 13321 W nalizableReferenceQueue: 	at com.facebook.orca.app.FbBaseModule.a(FbBaseModule.java:74)
07-12 10:59:00.039 13321 13321 W nalizableReferenceQueue: 	at com.facebook.orca.inject.AbstractModule.a(AbstractModule.java:19)
07-12 10:59:00.039 13321 13321 W nalizableReferenceQueue: 	at com.facebook.orca.inject.FbInjectorImpl.a(FbInjectorImpl.java:61)
07-12 10:59:00.039 13321 13321 W nalizableReferenceQueue: 	at com.facebook.orca.inject.FbInjectorImpl.<init>(FbInjectorImpl.java:41)
07-12 10:59:00.039 13321 13321 W nalizableReferenceQueue: 	at com.facebook.orca.inject.FbInjector.a(FbInjector.java:40)
07-12 10:59:00.039 13321 13321 W nalizableReferenceQueue: 	at com.facebook.katana.FacebookApplication.onCreate(FacebookApplication.java:86)
07-12 10:59:00.039 13321 13321 W nalizableReferenceQueue: 	at android.app.Instrumentation.callApplicationOnCreate(Instrumentation.java:969)
07-12 10:59:00.039 13321 13321 W nalizableReferenceQueue: 	at android.app.ActivityThread.handleBindApplication(ActivityThread.java:3954)
07-12 10:59:00.039 13321 13321 W nalizableReferenceQueue: 	at android.app.ActivityThread.access$1300(ActivityThread.java:123)
07-12 10:59:00.039 13321 13321 W nalizableReferenceQueue: 	at android.app.ActivityThread$H.handleMessage(ActivityThread.java:1185)
07-12 10:59:00.039 13321 13321 W nalizableReferenceQueue: 	at android.os.Handler.dispatchMessage(Handler.java:99)
07-12 10:59:00.039 13321 13321 W nalizableReferenceQueue: 	at android.os.Looper.loop(Looper.java:137)
07-12 10:59:00.039 13321 13321 W nalizableReferenceQueue: 	at android.app.ActivityThread.main(ActivityThread.java:4424)
07-12 10:59:00.039 13321 13321 W nalizableReferenceQueue: 	at java.lang.reflect.Method.invokeNative(Native Method)
07-12 10:59:00.039 13321 13321 W nalizableReferenceQueue: 	at java.lang.reflect.Method.invoke(Method.java:511)
07-12 10:59:00.039 13321 13321 W nalizableReferenceQueue: 	at com.android.internal.os.ZygoteInit$MethodAndArgsCaller.run(ZygoteInit.java:784)
07-12 10:59:00.039 13321 13321 W nalizableReferenceQueue: 	at com.android.internal.os.ZygoteInit.main(ZygoteInit.java:551)
07-12 10:59:00.039 13321 13321 W nalizableReferenceQueue: 	at dalvik.system.NativeStart.main(Native Method)
07-12 10:59:00.039 13321 13321 I Finalizer: Couldn't access Thread.inheritableThreadLocals. Reference finalizer threads will inherit thread local values.
07-12 10:59:00.117 13321 13324 D dalvikvm: GC_CONCURRENT freed 383K, 5% free 9883K/10375K, paused 2ms+3ms
07-12 10:59:00.253 13321 13324 D dalvikvm: GC_CONCURRENT freed 381K, 5% free 10014K/10503K, paused 1ms+6ms
07-12 10:59:00.906 13321 13324 D dalvikvm: GC_CONCURRENT freed 354K, 5% free 10203K/10631K, paused 7ms+4ms
07-12 10:59:00.929 13321 13337 W Resources: Converting to string: TypedValue{t=0x10/d=0xffffffff a=-1}
07-12 10:59:01.343 13321 13324 D dalvikvm: GC_CONCURRENT freed 353K, 5% free 10294K/10759K, paused 5ms+7ms
07-12 10:59:01.835 13321 13324 D dalvikvm: GC_CONCURRENT freed 319K, 4% free 10402K/10823K, paused 3ms+4ms
07-12 10:59:02.101 13321 13324 D dalvikvm: GC_CONCURRENT freed 307K, 4% free 10514K/10951K, paused 2ms+3ms
07-12 10:59:02.355 13321 13324 D dalvikvm: GC_CONCURRENT freed 382K, 5% free 10583K/11079K, paused 3ms+4ms
07-12 10:59:02.554 13321 13324 D dalvikvm: GC_CONCURRENT freed 311K, 4% free 10706K/11143K, paused 3ms+3ms
07-12 10:59:05.019   144 24503 D AlarmManagerService: Kernel timezone updated to 240 minutes west of GMT
07-12 10:59:05.035   344   344 D SAN_SERVICE: *******************************************
07-12 10:59:05.035   344   344 D SAN_SERVICE: DM App Phone Service State - 0
07-12 10:59:05.035   344   344 D SAN_SERVICE: *******************************************
07-12 10:59:05.242   344   344 D SAN_SERVICE: *******************************************
07-12 10:59:05.242   344   344 D SAN_SERVICE: DM App Phone Service State - 0
07-12 10:59:05.242   344   344 D SAN_SERVICE: *******************************************
07-12 10:59:05.519 13229 13231 D dalvikvm: GC_CONCURRENT freed 468K, 6% free 10310K/10887K, paused 8ms+2ms
07-12 10:59:11.703   144 24503 D dalvikvm: GC_EXPLICIT freed 642K, 23% free 17411K/22343K, paused 21ms+10ms
07-12 10:59:12.250 13321 13324 D dalvikvm: GC_CONCURRENT freed 521K, 6% free 10679K/11335K, paused 2ms+3ms
07-12 10:59:14.484 13229 13231 D dalvikvm: GC_CONCURRENT freed 469K, 5% free 10409K/10951K, paused 6ms+3ms
07-12 10:59:51.816  5714  5820 D dalvikvm: GC_EXPLICIT freed 519K, 10% free 11443K/12615K, paused 10ms+6ms
07-12 10:59:51.820  5714  7484 I EventLogService: Aggregate from 1342103391455 (log), 1342103391455 (data)
07-12 11:00:14.550  6644  6647 D dalvikvm: GC_CONCURRENT freed 486K, 8% free 10338K/11207K, paused 2ms+3ms
07-12 11:00:49.371 13304 13317 I PhoneLab-: Service Running
07-12 11:00:49.500 13304 13317 I PhoneLab-LoggerService: app_37    1373  1     1440   1000  c00f181c 400107b4 S logcat
07-12 11:00:49.500 13304 13317 I PhoneLab-LoggerService: Logcat pid from database 1373
07-12 11:00:49.500 13304 13317 I PhoneLab-LoggerService: Logcat process found 1373
07-12 11:00:49.500 13304 13317 I PhoneLab-LoggerService: Checking Threshold
07-12 11:01:14.535 13229 13231 D dalvikvm: GC_CONCURRENT freed 532K, 6% free 10406K/11015K, paused 2ms+3ms
07-12 11:01:14.664  6644  6647 D dalvikvm: GC_CONCURRENT freed 478K, 8% free 10323K/11207K, paused 2ms+3ms
07-12 11:02:49.371 13304 13317 I PhoneLab-: Service Running
07-12 11:02:49.460 13304 13317 I PhoneLab-LoggerService: app_37    1373  1     1440   1000  c00f181c 400107b4 S logcat
07-12 11:02:49.460 13304 13317 I PhoneLab-LoggerService: Logcat pid from database 1373
07-12 11:02:49.460 13304 13317 I PhoneLab-LoggerService: Logcat process found 1373
07-12 11:02:49.460 13304 13317 I PhoneLab-LoggerService: Checking Threshold
07-12 11:02:59.988 12228 12231 D dalvikvm: GC_CONCURRENT freed 246K, 6% free 9901K/10439K, paused 8ms+4ms
07-12 11:03:02.179 13093 13094 D dalvikvm: GC_CONCURRENT freed 625K, 12% free 11398K/12935K, paused 31ms+3ms
07-12 11:03:14.664 13229 13231 D dalvikvm: GC_CONCURRENT freed 507K, 6% free 10411K/11015K, paused 1ms+3ms
07-12 11:03:14.777  6644  6647 D dalvikvm: GC_CONCURRENT freed 503K, 8% free 10328K/11207K, paused 2ms+2ms
07-12 11:03:58.886 12880 13374 W Gmail   : Successful index run, cancel next scheduled index run
07-12 11:03:58.941   144   173 I ActivityManager: Start proc com.google.android.maps.mytracks for service com.google.android.maps.mytracks/com.google.android.apps.mytracks.services.RemoveTempFilesService: pid=13375 uid=10072 gids={3003, 3002, 3001, 1015}
07-12 11:03:59.000 13375 13375 I dalvikvm: Turning on JNI app bug workarounds for target SDK version 7...
07-12 11:03:59.304   144   326 I ActivityManager: Process com.google.android.apps.plus (pid 12372) has died.
07-12 11:03:59.328 13375 13375 I ActivityThread: Pub com.google.android.maps.mytracks.search: com.google.android.apps.mytracks.content.SearchEngineProvider
07-12 11:03:59.343 13375 13375 I ActivityThread: Pub com.google.android.maps.mytracks: com.google.android.apps.mytracks.content.MyTracksProvider
07-12 11:03:59.710 13321 13324 D dalvikvm: GC_CONCURRENT freed 436K, 5% free 10777K/11335K, paused 3ms+3ms
07-12 11:04:14.820  6644  6647 D dalvikvm: GC_CONCURRENT freed 440K, 8% free 10317K/11207K, paused 2ms+2ms
07-12 11:04:18.753 13119 13122 D dalvikvm: GC_CONCURRENT freed 553K, 7% free 9881K/10567K, paused 11ms+2ms
07-12 11:04:28.550   214   216 D dalvikvm: GC_CONCURRENT freed 567K, 57% free 9688K/22023K, paused 31ms+3ms
07-12 11:04:38.812 13304 13304 I PhoneLab-Locks: wake lock acquired
07-12 11:04:38.820 13304 13394 I PhoneLab-PeriodicCheckService: User info is synched
07-12 11:04:38.820 13304 13394 I PhoneLab-PeriodicCheckService: Logger Service is running
07-12 11:04:38.828 13304 13304 I PhoneLab-Locks: wake lock acquired
07-12 11:04:38.828 13304 13304 I PhoneLab-StatusMonitor: Status Monitoring is started
07-12 11:04:38.832 13304 13394 I PhoneLab-Locks: wake lock acquired
07-12 11:04:38.835 13304 13394 I PhoneLab-PeriodicCheckService: Rescheduling periodic checking...
07-12 11:04:38.835 13304 13394 I PhoneLab-Locks: wake lock released
07-12 11:04:38.867 13304 13304 E PhoneLab-PhoneLabManifest: java.io.FileNotFoundException: /data/data/edu.buffalo.cse.phonelab.phonelabservices/files/manifest.xml: open failed: ENOENT (No such file or directory)
07-12 11:04:38.910 13304 13304 I PhoneLab-Locks: wake lock released
07-12 11:04:38.914 13304 13304 I PhoneLab-UploadLogs: Transfering log files now
07-12 11:04:38.918 13304 13304 I PhoneLab-UploadLogs: No log files to transfer
07-12 11:04:38.918 13304 13304 I PhoneLab-Locks: wake lock released
07-12 11:04:38.921 13304 13304 I PhoneLab-UploadLogs: OnStartCommand
07-12 11:04:49.371 13304 13317 I PhoneLab-: Service Running
07-12 11:04:49.480 13304 13317 I PhoneLab-LoggerService: app_37    1373  1     1440   1000  c00f181c 400107b4 S logcat
07-12 11:04:49.480 13304 13317 I PhoneLab-LoggerService: Logcat pid from database 1373
07-12 11:04:49.480 13304 13317 I PhoneLab-LoggerService: Logcat process found 1373
07-12 11:04:49.480 13304 13317 I PhoneLab-LoggerService: Checking Threshold
07-12 11:05:14.839 13229 13231 D dalvikvm: GC_CONCURRENT freed 505K, 6% free 10417K/11015K, paused 2ms+2ms
07-12 11:05:15.117  6644  6647 D dalvikvm: GC_CONCURRENT freed 367K, 8% free 10406K/11207K, paused 5ms+6ms
07-12 11:05:15.250  6644  6647 D dalvikvm: GC_CONCURRENT freed 258K, 7% free 10534K/11207K, paused 1ms+3ms
07-12 11:06:14.941  6644  6647 D dalvikvm: GC_CONCURRENT freed 706K, 8% free 10332K/11207K, paused 2ms+3ms
07-12 11:06:49.371 13304 13317 I PhoneLab-: Service Running
07-12 11:06:49.484 13304 13307 D dalvikvm: GC_CONCURRENT freed 399K, 6% free 9102K/9607K, paused 5ms+5ms
07-12 11:06:49.492 13304 13317 I PhoneLab-LoggerService: app_37    1373  1     1440   1000  c00f181c 400107b4 S logcat
07-12 11:06:49.492 13304 13317 I PhoneLab-LoggerService: Logcat pid from database 1373
07-12 11:06:49.492 13304 13317 I PhoneLab-LoggerService: Logcat process found 1373
07-12 11:06:49.492 13304 13317 I PhoneLab-LoggerService: Checking Threshold
07-12 11:07:14.871 13229 13231 D dalvikvm: GC_CONCURRENT freed 503K, 6% free 10426K/11015K, paused 2ms+3ms
07-12 11:07:14.988   144   326 D dalvikvm: GC_EXPLICIT freed 1522K, 22% free 17504K/22343K, paused 3ms+10ms
07-12 11:08:15.043  6644  6647 D dalvikvm: GC_CONCURRENT freed 506K, 8% free 10338K/11207K, paused 2ms+3ms
07-12 11:08:49.371 13304 13317 I PhoneLab-: Service Running
07-12 11:08:49.460 13304 13317 I PhoneLab-LoggerService: app_37    1373  1     1440   1000  c00f181c 400107b4 S logcat
07-12 11:08:49.460 13304 13317 I PhoneLab-LoggerService: Logcat pid from database 1373
07-12 11:08:49.460 13304 13317 I PhoneLab-LoggerService: Logcat process found 1373
07-12 11:08:49.460 13304 13317 I PhoneLab-LoggerService: Checking Threshold
07-12 11:09:15.011 13229 13231 D dalvikvm: GC_CONCURRENT freed 504K, 6% free 10432K/11015K, paused 2ms+2ms
07-12 11:09:15.144  6644  6647 D dalvikvm: GC_CONCURRENT freed 420K, 8% free 10315K/11207K, paused 2ms+2ms
07-12 11:10:10.332 12144 12145 D dalvikvm: GC_CONCURRENT freed 472K, 7% free 10889K/11591K, paused 58ms+11ms
07-12 11:10:15.078  6644  6644 D dalvikvm: GC_EXPLICIT freed 53K, 9% free 10268K/11207K, paused 2ms+3ms
07-12 11:10:15.191  6644  6647 D dalvikvm: GC_CONCURRENT freed 294K, 8% free 10375K/11207K, paused 2ms+2ms
07-12 11:10:15.320  6644  6647 D dalvikvm: GC_CONCURRENT freed 262K, 7% free 10505K/11207K, paused 2ms+3ms
07-12 11:10:49.371 13304 13317 I PhoneLab-: Service Running
07-12 11:10:49.464 13304 13317 I PhoneLab-LoggerService: app_37    1373  1     1440   1000  c00f181c 400107b4 S logcat
07-12 11:10:49.464 13304 13317 I PhoneLab-LoggerService: Logcat pid from database 1373
07-12 11:10:49.464 13304 13317 I PhoneLab-LoggerService: Logcat process found 1373
07-12 11:10:49.464 13304 13317 I PhoneLab-LoggerService: Checking Threshold
07-12 11:11:15.187 13229 13231 D dalvikvm: GC_CONCURRENT freed 432K, 5% free 10485K/11015K, paused 2ms+2ms
07-12 11:11:15.316  6644  6647 D dalvikvm: GC_CONCURRENT freed 658K, 8% free 10356K/11207K, paused 1ms+2ms
07-12 11:12:15.148  5714  5717 D dalvikvm: GC_CONCURRENT freed 686K, 10% free 11438K/12615K, paused 2ms+5ms
07-12 11:12:15.320 13229 13231 D dalvikvm: GC_CONCURRENT freed 476K, 6% free 10428K/11015K, paused 2ms+6ms
07-12 11:12:25.878 12144 12144 D OpenGLRenderer: Flushing caches (mode 0)
07-12 11:12:27.250 12144 12144 D OpenGLRenderer: Flushing caches (mode 1)
07-12 11:12:27.269 12144 12144 D vclib:CallStateClient: stopListening
07-12 11:12:49.375 13304 13317 I PhoneLab-: Service Running
07-12 11:12:49.453 13304 13317 I PhoneLab-LoggerService: app_37    1373  1     1440   1000  c00f181c 400107b4 S logcat
07-12 11:12:49.457 13304 13317 I PhoneLab-LoggerService: Logcat pid from database 1373
07-12 11:12:49.457 13304 13317 I PhoneLab-LoggerService: Logcat process found 1373
07-12 11:12:49.457 13304 13317 I PhoneLab-LoggerService: Checking Threshold
07-12 11:12:49.793   144   179 I ActivityManager: START {act=android.intent.action.MAIN cat=[android.intent.category.HOME] flg=0x10200000 cmp=com.android.launcher/com.android.launcher2.Launcher} from pid 144
07-12 11:13:01.507   144  9303 D AlarmManagerService: Kernel timezone updated to 240 minutes west of GMT
07-12 11:13:01.511   344   344 D SystemClock: Setting time of day to sec=1342105981
07-12 11:13:01.106 13179 13198 V AlarmClock: AlarmInitReceiver finished
07-12 11:13:01.173 13192 13195 D dalvikvm: GC_CONCURRENT freed 328K, 5% free 9144K/9607K, paused 23ms+7ms
07-12 11:13:14.887  6644  6647 D dalvikvm: GC_CONCURRENT freed 531K, 8% free 10336K/11207K, paused 2ms+3ms
07-12 11:13:18.036   144   171 I power   : *** set_screen_state 0
07-12 11:13:18.083    78   120 D SurfaceFlinger: About to give-up screen, flinger = 0x5b4918
07-12 11:13:18.313   144   147 D dalvikvm: GC_CONCURRENT freed 1453K, 20% free 18047K/22343K, paused 14ms+7ms
07-12 11:13:18.344   144   175 V TransportControlView: Create TCV com.android.internal.widget.TransportControlView@417aad50
07-12 11:13:18.376   214   214 D PhoneStatusBar: disable: < expand icons alerts ticker system_info back home RECENT* clock >
07-12 11:13:18.419   214   214 D PhoneStatusBar: disable: < expand icons alerts ticker system_info BACK* HOME* RECENT CLOCK* >
07-12 11:13:35.509 13229 13231 D dalvikvm: GC_CONCURRENT freed 367K, 5% free 10489K/11015K, paused 2ms+3ms
07-12 11:13:35.536 13229 13453 D dalvikvm: GC_FOR_ALLOC freed 67K, 6% free 10502K/11079K, paused 22ms
07-12 11:13:35.594 13229 13453 D dalvikvm: GC_FOR_ALLOC freed 190K, 6% free 10531K/11143K, paused 19ms
07-12 11:13:35.649 13229 13454 D dalvikvm: GC_FOR_ALLOC freed 147K, 6% free 10586K/11143K, paused 22ms
07-12 11:13:35.692 13229 13454 D dalvikvm: GC_FOR_ALLOC freed 128K, 5% free 10649K/11207K, paused 28ms
07-12 11:13:35.731 13229 13454 D dalvikvm: GC_FOR_ALLOC freed 287K, 7% free 10517K/11271K, paused 23ms
07-12 11:13:35.833 13229 13231 D dalvikvm: GC_CONCURRENT freed 263K, 6% free 10653K/11271K, paused 3ms+3ms
07-12 11:13:35.880 13229 13248 D dalvikvm: GC_FOR_ALLOC freed 216K, 6% free 10671K/11271K, paused 23ms
07-12 11:13:35.927 13229 13454 D dalvikvm: GC_FOR_ALLOC freed 50K, 5% free 10709K/11271K, paused 23ms
07-12 11:13:35.973 13229 13453 D dalvikvm: GC_FOR_ALLOC freed 180K, 6% free 10749K/11399K, paused 32ms
07-12 11:13:36.009 13229 13454 D dalvikvm: GC_FOR_ALLOC freed 141K, 6% free 10738K/11399K, paused 23ms
07-12 11:13:36.102 13229 13245 D dalvikvm: GC_FOR_ALLOC freed 223K, 6% free 10776K/11399K, paused 20ms
07-12 11:13:36.145 13229 13247 D dalvikvm: GC_FOR_ALLOC freed 319K, 7% free 10765K/11463K, paused 21ms
07-12 11:13:36.216 13229 13454 D dalvikvm: GC_FOR_ALLOC freed 275K, 5% free 10933K/11463K, paused 22ms
07-12 11:13:36.302 13229 13453 D dalvikvm: GC_FOR_ALLOC freed 426K, 7% free 10937K/11655K, paused 22ms
07-12 11:13:36.341 13229 13453 D dalvikvm: GC_FOR_ALLOC freed 209K, 6% free 11044K/11655K, paused 20ms
07-12 11:13:36.477 13229 13231 D dalvikvm: GC_CONCURRENT freed 552K, 6% free 11196K/11847K, paused 2ms+3ms
07-12 11:13:36.591 13229 13231 D dalvikvm: GC_CONCURRENT freed 628K, 6% free 11318K/12039K, paused 2ms+5ms
07-12 11:13:36.692 13229 13231 D dalvikvm: GC_CONCURRENT freed 751K, 7% free 11329K/12167K, paused 2ms+3ms
07-12 11:13:36.790 13229 13231 D dalvikvm: GC_CONCURRENT freed 938K, 9% free 11205K/12231K, paused 2ms+3ms
07-12 11:13:36.884 13229 13231 D dalvikvm: GC_CONCURRENT freed 560K, 8% free 11361K/12231K, paused 1ms+2ms
07-12 11:13:36.973 13229 13231 D dalvikvm: GC_CONCURRENT freed 566K, 7% free 11488K/12231K, paused 2ms+2ms
07-12 11:13:37.055 13229 13454 D dalvikvm: GC_FOR_ALLOC freed 769K, 8% free 11440K/12359K, paused 25ms
07-12 11:13:37.469 13229 13454 D dalvikvm: GC_FOR_ALLOC freed 511K, 7% free 11499K/12359K, paused 23ms
07-12 11:13:37.493 13229 13454 D dalvikvm: GC_FOR_ALLOC freed 177K, 8% free 11485K/12359K, paused 23ms
07-12 11:13:37.743 13229 13454 D dalvikvm: GC_FOR_ALLOC freed 495K, 8% free 11508K/12423K, paused 23ms
07-12 11:13:38.001 13229 13454 D dalvikvm: GC_FOR_ALLOC freed 700K, 9% free 11420K/12423K, paused 23ms
07-12 11:13:38.227 13229 13454 D dalvikvm: GC_FOR_ALLOC freed 842K, 10% free 11228K/12423K, paused 23ms
07-12 11:13:38.536 13229 13231 D dalvikvm: GC_CONCURRENT freed 767K, 11% free 11173K/12423K, paused 13ms+2ms
07-12 11:13:38.805 13229 13231 D dalvikvm: GC_CONCURRENT freed 818K, 12% free 11042K/12423K, paused 13ms+2ms
07-12 11:13:38.876 13229 13231 D dalvikvm: GC_CONCURRENT freed 604K, 12% free 10993K/12423K, paused 2ms+2ms
07-12 11:13:39.071 13229 13231 D dalvikvm: GC_CONCURRENT freed 712K, 12% free 10933K/12423K, paused 2ms+2ms
07-12 11:13:39.384 13229 13231 D dalvikvm: GC_CONCURRENT freed 700K, 13% free 10867K/12423K, paused 2ms+2ms
07-12 11:13:39.594 13229 13231 D dalvikvm: GC_CONCURRENT freed 591K, 13% free 10869K/12423K, paused 2ms+2ms
07-12 11:13:39.856 13229 13231 D dalvikvm: GC_CONCURRENT freed 615K, 13% free 10847K/12423K, paused 1ms+2ms
07-12 11:13:40.071 13229 13231 D dalvikvm: GC_CONCURRENT freed 602K, 14% free 10800K/12423K, paused 1ms+2ms
07-12 11:14:14.919 13229 13231 D dalvikvm: GC_CONCURRENT freed 753K, 15% free 10562K/12423K, paused 1ms+6ms
07-12 11:14:14.985  6644  6647 D dalvikvm: GC_CONCURRENT freed 494K, 8% free 10329K/11207K, paused 1ms+2ms
07-12 11:14:49.372 13304 13317 I PhoneLab-: Service Running
07-12 11:14:49.450 13304 13317 I PhoneLab-LoggerService: app_37    1373  1     1440   1000  c00f181c 400107b4 S logcat
07-12 11:14:49.450 13304 13317 I PhoneLab-LoggerService: Logcat pid from database 1373
07-12 11:14:49.450 13304 13317 I PhoneLab-LoggerService: Logcat process found 1373
07-12 11:14:49.450 13304 13317 I PhoneLab-LoggerService: Checking Threshold
07-12 11:14:50.251   262   262 I wpa_supplicant: wlan0: WPA: Group rekeying completed with d0:c2:82:2d:ea:c1 [GTK=TKIP]
07-12 11:15:14.969   144 24503 D dalvikvm: GC_EXPLICIT freed 319K, 19% free 18261K/22343K, paused 3ms+6ms
07-12 11:16:15.012 13229 13231 D dalvikvm: GC_CONCURRENT freed 510K, 15% free 10565K/12423K, paused 2ms+4ms
07-12 11:16:15.059  6644  6647 D dalvikvm: GC_CONCURRENT freed 507K, 8% free 10330K/11207K, paused 1ms+3ms
07-12 11:16:15.212  6644  6647 D dalvikvm: GC_CONCURRENT freed 355K, 7% free 10533K/11207K, paused 2ms+3ms
07-12 11:16:49.372 13304 13317 I PhoneLab-: Service Running
07-12 11:16:49.458 13304 13317 I PhoneLab-LoggerService: app_37    1373  1     1440   1000  c00f181c 400107b4 S logcat
07-12 11:16:49.458 13304 13317 I PhoneLab-LoggerService: Logcat pid from database 1373
07-12 11:16:49.458 13304 13317 I PhoneLab-LoggerService: Logcat process found 1373
07-12 11:16:49.462 13304 13317 I PhoneLab-LoggerService: Checking Threshold
07-12 11:17:15.098  6644  6647 D dalvikvm: GC_CONCURRENT freed 700K, 8% free 10345K/11207K, paused 1ms+3ms
07-12 11:18:15.114 13229 13231 D dalvikvm: GC_CONCURRENT freed 512K, 15% free 10568K/12423K, paused 2ms+15ms
07-12 11:18:15.305  6644  6647 D dalvikvm: GC_CONCURRENT freed 418K, 8% free 10383K/11207K, paused 2ms+18ms
07-12 11:18:15.344   214   216 D dalvikvm: GC_CONCURRENT freed 412K, 56% free 9732K/22023K, paused 2ms+3ms
07-12 11:18:15.399   214   214 D dalvikvm: GC_FOR_ALLOC freed 503K, 56% free 9721K/22023K, paused 19ms
07-12 11:18:15.473   214   216 D dalvikvm: GC_CONCURRENT freed 437K, 56% free 9783K/22023K, paused 2ms+8ms
07-12 11:18:15.548  6644  6647 D dalvikvm: GC_CONCURRENT freed 285K, 6% free 10581K/11207K, paused 2ms+6ms
07-12 11:18:15.794  6644  6647 D dalvikvm: GC_CONCURRENT freed 375K, 6% free 10623K/11207K, paused 3ms+3ms
07-12 11:18:49.372 13304 13317 I PhoneLab-: Service Running
07-12 11:18:49.438 13304 13317 I PhoneLab-LoggerService: app_37    1373  1     1440   1000  c00f181c 400107b4 S logcat
07-12 11:18:49.438 13304 13317 I PhoneLab-LoggerService: Logcat pid from database 1373
07-12 11:18:49.438 13304 13317 I PhoneLab-LoggerService: Logcat process found 1373
07-12 11:18:49.438 13304 13317 I PhoneLab-LoggerService: Checking Threshold
07-12 11:19:17.235 13229 13231 D dalvikvm: GC_CONCURRENT freed 381K, 15% free 10574K/12423K, paused 15ms+2ms
07-12 11:19:32.489   144   144 D AlarmManagerService: Kernel timezone updated to 240 minutes west of GMT
07-12 11:20:15.274  6644  6647 D dalvikvm: GC_CONCURRENT freed 824K, 8% free 10371K/11271K, paused 2ms+3ms
07-12 11:20:15.481   214   216 D dalvikvm: GC_CONCURRENT freed 376K, 56% free 9891K/22023K, paused 3ms+5ms
07-12 11:20:15.567   214   216 D dalvikvm: GC_CONCURRENT freed 489K, 56% free 9852K/22023K, paused 3ms+3ms
07-12 11:20:49.372 13304 13317 I PhoneLab-: Service Running
07-12 11:20:49.434 13304 13317 I PhoneLab-LoggerService: app_37    1373  1     1440   1000  c00f181c 400107b4 S logcat
07-12 11:20:49.438 13304 13317 I PhoneLab-LoggerService: Logcat pid from database 1373
07-12 11:20:49.438 13304 13317 I PhoneLab-LoggerService: Logcat process found 1373
07-12 11:20:49.438 13304 13317 I PhoneLab-LoggerService: Checking Threshold
07-12 11:21:13.016   144   175 I power   : *** set_screen_state 1
07-12 11:21:13.134   144   175 I WindowManager: Lock screen displayed!
07-12 11:21:13.255    78   120 D SurfaceFlinger: Screen about to return, flinger = 0x5b4918
07-12 11:21:14.192   214   214 D PhoneStatusBar: disable: < expand icons alerts ticker system_info BACK HOME recent* CLOCK >
07-12 11:21:14.223   144  9084 W InputManagerService: Window already focused, ignoring focus gain of: com.android.internal.view.IInputMethodClient$Stub$Proxy@417c2a90
07-12 11:21:14.231   214   214 D PhoneStatusBar: disable: < expand icons alerts ticker system_info back* home* recent clock* >
07-12 11:21:14.239   144   161 I ActivityManager: Start proc com.google.android.apps.gesturesearch for broadcast com.google.android.apps.gesturesearch/.motion.ScreenStateReceiver: pid=13504 uid=10088 gids={3003}
07-12 11:21:14.251 13504 13504 I dalvikvm: Turning on JNI app bug workarounds for target SDK version 8...
07-12 11:21:14.321 13504 13504 I ActivityThread: Pub com.google.android.apps.gesturesearch.history: com.google.android.apps.gesturesearch.data.QueryHistoryProvider
07-12 11:21:14.321 13504 13504 I ActivityThread: Pub com.google.android.apps.gesturesearch.index: com.google.android.apps.gesturesearch.data.IndexProvider
07-12 11:21:14.634 12228 12231 D dalvikvm: GC_CONCURRENT freed 443K, 6% free 9864K/10439K, paused 2ms+5ms
07-12 11:21:15.161 13229 13231 D dalvikvm: GC_CONCURRENT freed 500K, 15% free 10591K/12423K, paused 2ms+3ms
07-12 11:21:15.298  6644  6647 D dalvikvm: GC_CONCURRENT freed 483K, 9% free 10359K/11271K, paused 2ms+3ms
07-12 11:21:17.399   370   375 D dalvikvm: GC_CONCURRENT freed 1033K, 31% free 12287K/17735K, paused 20ms+9ms
07-12 11:21:17.399   144 30930 I ActivityManager: START {act=android.intent.action.MAIN cat=[android.intent.category.LAUNCHER] flg=0x10200000 cmp=com.google.android.talk/.SigningInActivity bnds=[96,706][192,802]} from pid 370
07-12 11:21:17.606   370   370 D OpenGLRenderer: Flushing caches (mode 1)
07-12 11:21:17.614 12144 12144 D vclib:CallStateClient: startListening
07-12 11:21:17.641 12144 13521 E talk    : [Databaseutils] pruneOldMessageHistory
07-12 11:21:17.766   370   370 D OpenGLRenderer: Flushing caches (mode 0)
07-12 11:21:17.942   144   160 I Process : Sending signal. PID: 12144 SIG: 3
07-12 11:21:17.942 12144 12147 I dalvikvm: threadid=3: reacting to signal 3
07-12 11:21:18.001 12144 12147 I dalvikvm: Wrote stack traces to '/data/anr/traces.txt'
07-12 11:21:18.048   144   174 I ActivityManager: Displayed com.google.android.talk/.SigningInActivity: +614ms
07-12 11:21:18.493   144   147 D dalvikvm: GC_CONCURRENT freed 1793K, 18% free 18387K/22343K, paused 37ms+11ms
07-12 11:21:18.684 12144 12144 D vclib:CallStateClient: stopListening
07-12 11:21:18.684 12144 12144 D vclib:CallStateClient: startListening
07-12 11:21:18.798 12144 12145 D dalvikvm: GC_CONCURRENT freed 430K, 5% free 11078K/11591K, paused 2ms+9ms
07-12 11:21:20.352 12144 12145 D dalvikvm: GC_CONCURRENT freed 550K, 6% free 11146K/11783K, paused 2ms+9ms
07-12 11:21:21.966 12144 12145 D dalvikvm: GC_CONCURRENT freed 432K, 6% free 11349K/11975K, paused 3ms+7ms
07-12 11:21:28.966 12144 12145 D dalvikvm: GC_CONCURRENT freed 772K, 7% free 11383K/12231K, paused 10ms+5ms
07-12 11:21:33.180 12144 12145 D dalvikvm: GC_CONCURRENT freed 737K, 8% free 11371K/12295K, paused 3ms+7ms
07-12 11:21:35.352 12144 12144 D vclib:CallStateClient: stopListening
07-12 11:21:35.372 12144 12144 D vclib:CallStateClient: startListening
07-12 11:21:35.473  5714  5816 D dalvikvm: GC_EXPLICIT freed 575K, 10% free 11423K/12615K, paused 8ms+5ms
07-12 11:21:35.653   144   376 D dalvikvm: GC_EXPLICIT freed 1040K, 23% free 17370K/22343K, paused 2ms+8ms
07-12 11:21:35.911 12144 13528 D dalvikvm: GC_EXPLICIT freed 580K, 11% free 11057K/12295K, paused 3ms+4ms
07-12 11:21:38.630 12144 12144 D vclib:CallStateClient: stopListening
07-12 11:21:38.704 12144 12144 D vclib:CallStateClient: startListening
07-12 11:21:38.927   144  9084 W InputManagerService: Window already focused, ignoring focus gain of: com.android.internal.view.IInputMethodClient$Stub$Proxy@4194dce8
07-12 11:21:38.950 12144 12145 D dalvikvm: GC_CONCURRENT freed 396K, 9% free 11217K/12295K, paused 50ms+8ms
07-12 11:21:38.973   320   324 D dalvikvm: GC_CONCURRENT freed 453K, 18% free 10431K/12615K, paused 2ms+3ms
07-12 11:21:39.114 12144 12144 D vclib:CallStateClient: stopListening
07-12 11:21:39.114 12144 12144 D vclib:CallStateClient: startListening
07-12 11:21:39.302 12144 12145 D dalvikvm: GC_CONCURRENT freed 526K, 8% free 11374K/12295K, paused 2ms+4ms
07-12 11:21:40.243 12144 12145 D dalvikvm: GC_CONCURRENT freed 552K, 6% free 11562K/12295K, paused 2ms+5ms
07-12 11:21:41.395 12144 12145 D dalvikvm: GC_CONCURRENT freed 792K, 8% free 11513K/12423K, paused 2ms+9ms
07-12 11:21:42.524   144   480 D GpsLocationProvider: NTP server returned: 1342106503021 (Thu Jul 12 11:21:43 EDT 2012) reference: 255763646 certainty: 38 system time offset: 491
07-12 11:21:43.602 12144 12145 D dalvikvm: GC_CONCURRENT freed 720K, 8% free 11528K/12423K, paused 3ms+6ms
07-12 11:21:52.958 12144 12145 D dalvikvm: GC_CONCURRENT freed 775K, 8% free 11517K/12423K, paused 3ms+10ms
07-12 11:22:01.755 12144 12145 D dalvikvm: GC_CONCURRENT freed 701K, 8% free 11530K/12423K, paused 4ms+4ms
07-12 11:22:05.114 12144 12145 D dalvikvm: GC_CONCURRENT freed 778K, 8% free 11513K/12487K, paused 3ms+13ms
07-12 11:22:10.735 12144 12145 D dalvikvm: GC_CONCURRENT freed 709K, 8% free 11592K/12487K, paused 3ms+8ms
07-12 11:22:17.700 12144 12145 D dalvikvm: GC_CONCURRENT freed 828K, 8% free 11605K/12551K, paused 3ms+10ms
07-12 11:22:28.462 12144 12145 D dalvikvm: GC_CONCURRENT freed 777K, 8% free 11568K/12551K, paused 2ms+11ms
07-12 11:22:31.262 12144 12145 D dalvikvm: GC_CONCURRENT freed 743K, 8% free 11570K/12551K, paused 2ms+12ms
07-12 11:22:31.934 12144 12144 D dalvikvm: GC_FOR_ALLOC freed 659K, 9% free 11543K/12551K, paused 27ms
07-12 11:22:32.903 12144 12144 D dalvikvm: GC_FOR_ALLOC freed 678K, 9% free 11509K/12551K, paused 31ms
07-12 11:22:33.180 12144 12144 D dalvikvm: GC_FOR_ALLOC freed 626K, 9% free 11531K/12551K, paused 27ms
07-12 11:22:33.942 12144 12145 D dalvikvm: GC_CONCURRENT freed 737K, 9% free 11547K/12551K, paused 2ms+6ms
07-12 11:22:34.286 12144 12145 D dalvikvm: GC_CONCURRENT freed 709K, 8% free 11578K/12551K, paused 2ms+4ms
07-12 11:22:34.848 12144 12144 D dalvikvm: GC_FOR_ALLOC freed 716K, 8% free 11580K/12551K, paused 27ms
07-12 11:22:36.231 12144 12144 D dalvikvm: GC_FOR_ALLOC freed 690K, 8% free 11563K/12551K, paused 28ms
07-12 11:22:39.262 12144 12144 D OpenGLRenderer: Flushing caches (mode 0)
07-12 11:22:39.290 12144 12144 D OpenGLRenderer: Flushing caches (mode 1)
07-12 11:22:39.302 12144 12144 D vclib:CallStateClient: stopListening
07-12 11:22:39.344 12144 12144 D dalvikvm: GC_EXPLICIT freed 424K, 9% free 11464K/12551K, paused 2ms+4ms
07-12 11:22:42.891   144   155 I ActivityManager: START {act=android.intent.action.MAIN cat=[android.intent.category.LAUNCHER] flg=0x10000000 pkg=com.instagram.android cmp=com.instagram.android/.activity.MainTabActivity bnds=[360,254][480,404]} from pid 370
07-12 11:22:43.016   144   424 I ActivityManager: Start proc com.instagram.android for activity com.instagram.android/.activity.MainTabActivity: pid=13538 uid=10083 gids={1006, 3003, 1015}
07-12 11:22:43.122   370   370 D OpenGLRenderer: Flushing caches (mode 1)
07-12 11:22:43.177   370   370 D OpenGLRenderer: Flushing caches (mode 0)
07-12 11:22:43.251 13538 13538 D dalvikvm: Trying to load lib /data/data/com.instagram.android/lib/libjni.so 0x413148c0
07-12 11:22:43.290 13538 13538 D dalvikvm: Added shared lib /data/data/com.instagram.android/lib/libjni.so 0x413148c0
07-12 11:22:43.407 13538 13541 D dalvikvm: GC_CONCURRENT freed 171K, 3% free 9321K/9607K, paused 6ms+4ms
07-12 11:22:43.583   144   160 I Process : Sending signal. PID: 13538 SIG: 3
07-12 11:22:43.583 13538 13543 I dalvikvm: threadid=3: reacting to signal 3
07-12 11:22:43.610 13538 13543 I dalvikvm: Wrote stack traces to '/data/anr/traces.txt'
07-12 11:22:44.067 13538 13541 D dalvikvm: GC_CONCURRENT freed 341K, 5% free 9475K/9927K, paused 2ms+6ms
07-12 11:22:44.079   144   160 I Process : Sending signal. PID: 13538 SIG: 3
07-12 11:22:44.079 13538 13543 I dalvikvm: threadid=3: reacting to signal 3
07-12 11:22:44.098 13538 13543 I dalvikvm: Wrote stack traces to '/data/anr/traces.txt'
07-12 11:22:44.282 13538 13541 D dalvikvm: GC_CONCURRENT freed 310K, 4% free 9729K/10119K, paused 6ms+5ms
07-12 11:22:44.516 13538 13541 D dalvikvm: GC_CONCURRENT freed 180K, 3% free 10124K/10375K, paused 2ms+4ms
07-12 11:22:44.583   144   160 I Process : Sending signal. PID: 13538 SIG: 3
07-12 11:22:44.583 13538 13543 I dalvikvm: threadid=3: reacting to signal 3
07-12 11:22:44.618 13538 13543 I dalvikvm: Wrote stack traces to '/data/anr/traces.txt'
07-12 11:22:44.966 13538 13541 D dalvikvm: GC_CONCURRENT freed 337K, 5% free 10324K/10759K, paused 8ms+12ms
07-12 11:22:45.079   144   160 I Process : Sending signal. PID: 13538 SIG: 3
07-12 11:22:45.083 13538 13543 I dalvikvm: threadid=3: reacting to signal 3
07-12 11:22:45.149 13538 13543 I dalvikvm: Wrote stack traces to '/data/anr/traces.txt'
07-12 11:22:45.489 13538 13538 D libEGL  : loaded /system/lib/egl/libGLES_android.so
07-12 11:22:45.509 13538 13541 D dalvikvm: GC_CONCURRENT freed 225K, 4% free 10542K/10887K, paused 39ms+27ms
07-12 11:22:45.548 13538 13538 D libEGL  : loaded /vendor/lib/egl/libEGL_POWERVR_SGX540_120.so
07-12 11:22:45.579   144   160 I Process : Sending signal. PID: 13538 SIG: 3
07-12 11:22:45.579 13538 13543 I dalvikvm: threadid=3: reacting to signal 3
07-12 11:22:45.622 13538 13538 D libEGL  : loaded /vendor/lib/egl/libGLESv1_CM_POWERVR_SGX540_120.so
07-12 11:22:45.641 13538 13538 D libEGL  : loaded /vendor/lib/egl/libGLESv2_POWERVR_SGX540_120.so
07-12 11:22:45.673 13538 13543 I dalvikvm: Wrote stack traces to '/data/anr/traces.txt'
07-12 11:22:45.895 13538 13538 D OpenGLRenderer: Enabling debug mode 0
07-12 11:22:46.055 13538 13541 D dalvikvm: GC_CONCURRENT freed 375K, 5% free 10691K/11143K, paused 10ms+7ms
07-12 11:22:46.083   144   160 I Process : Sending signal. PID: 13538 SIG: 3
07-12 11:22:46.083 13538 13543 I dalvikvm: threadid=3: reacting to signal 3
07-12 11:22:46.118 13538 13543 I dalvikvm: Wrote stack traces to '/data/anr/traces.txt'
07-12 11:22:46.239 13538 13538 D dalvikvm: GC_FOR_ALLOC freed 72K, 4% free 10960K/11335K, paused 27ms
07-12 11:22:46.524 13538 13541 D dalvikvm: GC_CONCURRENT freed 402K, 5% free 11148K/11655K, paused 2ms+7ms
07-12 11:22:46.583   144   160 I Process : Sending signal. PID: 13538 SIG: 3
07-12 11:22:46.583 13538 13543 I dalvikvm: threadid=3: reacting to signal 3
07-12 11:22:46.673 13538 13543 I dalvikvm: Wrote stack traces to '/data/anr/traces.txt'
07-12 11:22:46.782   144 10051 I ActivityManager: Process com.google.android.apps.currents (pid 13093) has died.
07-12 11:22:46.786   144   174 I ActivityManager: Displayed com.instagram.android/.activity.MainTabActivity: +3s801ms
07-12 11:22:47.419 13538 13541 D dalvikvm: GC_CONCURRENT freed 457K, 5% free 11334K/11911K, paused 4ms+3ms
07-12 11:22:47.618 13538 13571 D dalvikvm: GC_FOR_ALLOC freed 454K, 6% free 11445K/12167K, paused 26ms
07-12 11:22:47.673 13538 13570 D dalvikvm: GC_FOR_ALLOC freed 287K, 7% free 11521K/12359K, paused 30ms
07-12 11:22:47.716 13538 13568 D dalvikvm: GC_FOR_ALLOC freed 255K, 8% free 11581K/12487K, paused 28ms
07-12 11:22:48.102 13538 13571 D dalvikvm: GC_FOR_ALLOC freed 991K, 10% free 11315K/12487K, paused 28ms
07-12 11:22:48.188 13538 13569 D dalvikvm: GC_FOR_ALLOC freed 212K, 8% free 11588K/12487K, paused 24ms
07-12 11:22:48.192 13538 13569 I dalvikvm-heap: Grow heap (frag case) to 11.626MB for 253968-byte allocation
07-12 11:22:48.231 13538 13571 D dalvikvm: GC_FOR_ALLOC freed 123K, 9% free 11712K/12743K, paused 25ms
07-12 11:22:48.325 13538 13571 D dalvikvm: GC_FOR_ALLOC freed 590K, 10% free 11576K/12743K, paused 25ms
07-12 11:22:48.348 13538 13571 D dalvikvm: GC_FOR_ALLOC freed 126K, 9% free 11698K/12743K, paused 24ms
07-12 11:22:48.352 13538 13571 I dalvikvm-heap: Grow heap (frag case) to 11.652MB for 166644-byte allocation
07-12 11:22:48.380 13538 13571 D dalvikvm: GC_FOR_ALLOC freed 252K, 11% free 11609K/12935K, paused 26ms
07-12 11:22:48.981 13538 13568 D dalvikvm: GC_FOR_ALLOC freed 855K, 12% free 11486K/12935K, paused 56ms
07-12 11:22:49.161 13538 13568 D dalvikvm: GC_FOR_ALLOC freed 345K, 9% free 11801K/12935K, paused 26ms
07-12 11:22:49.376 13538 13541 D dalvikvm: GC_CONCURRENT freed 901K, 10% free 11704K/12935K, paused 2ms+3ms
07-12 11:22:49.376 13304 13317 I PhoneLab-: Service Running
07-12 11:22:49.419   144  9084 I ActivityManager: Process com.google.android.gm (pid 12880) has died.
07-12 11:22:49.466 13304 13317 I PhoneLab-LoggerService: app_37    1373  1     1440   1000  c00f181c 400107b4 S logcat
07-12 11:22:49.466 13304 13317 I PhoneLab-LoggerService: Logcat pid from database 1373
07-12 11:22:49.466 13304 13317 I PhoneLab-LoggerService: Logcat process found 1373
07-12 11:22:49.466 13304 13317 I PhoneLab-LoggerService: Checking Threshold
07-12 11:22:49.778 13538 13541 D dalvikvm: GC_CONCURRENT freed 720K, 10% free 11758K/12935K, paused 3ms+4ms
07-12 11:22:49.938 13538 13541 D dalvikvm: GC_CONCURRENT freed 689K, 9% free 11871K/12935K, paused 3ms+7ms
07-12 11:22:50.055   144   380 I ActivityManager: Process com.google.android.apps.maps:FriendService (pid 12433) has died.
07-12 11:22:50.153   144   403 I ActivityManager: Process com.android.deskclock (pid 13179) has died.
07-12 11:22:50.438 13538 13590 D dalvikvm: GC_FOR_ALLOC freed 800K, 11% free 11615K/12935K, paused 156ms
07-12 11:22:50.438   144   144 I ActivityManager: Process com.android.calendar (pid 13163) has died.
07-12 11:22:51.360 13538 13541 D dalvikvm: GC_CONCURRENT freed 729K, 10% free 11660K/12935K, paused 5ms+4ms
07-12 11:22:51.634 13538 13541 D dalvikvm: GC_CONCURRENT freed 675K, 10% free 11747K/12935K, paused 5ms+4ms
07-12 11:22:51.837   144 10051 I ActivityManager: Process com.google.android.maps.mytracks (pid 13375) has died.
07-12 11:22:51.907 13538 13569 D dalvikvm: GC_FOR_ALLOC freed 637K, 10% free 11676K/12935K, paused 33ms
07-12 11:22:52.212 13538 13541 D dalvikvm: GC_CONCURRENT freed 597K, 9% free 11846K/12935K, paused 2ms+4ms
07-12 11:22:52.384   144 30930 I ActivityManager: Process com.android.providers.calendar (pid 13192) has died.
07-12 11:22:52.618 13538 13541 D dalvikvm: GC_CONCURRENT freed 853K, 9% free 11888K/12935K, paused 3ms+3ms
07-12 11:22:52.759 13538 13590 D dalvikvm: GC_FOR_ALLOC freed 479K, 8% free 11953K/12935K, paused 27ms
07-12 11:22:52.946 13538 13571 D dalvikvm: GC_FOR_ALLOC freed 710K, 9% free 11797K/12935K, paused 49ms
07-12 11:22:52.977 13538 13571 D dalvikvm: GC_FOR_ALLOC freed 83K, 8% free 11908K/12935K, paused 27ms
07-12 11:22:52.981 13538 13571 I dalvikvm-heap: Grow heap (frag case) to 11.867MB for 178032-byte allocation
07-12 11:22:53.009 13538 13571 D dalvikvm: GC_FOR_ALLOC freed 191K, 10% free 11890K/13127K, paused 27ms
07-12 11:22:53.286   144  7984 I ActivityManager: Process com.google.android.apps.gesturesearch (pid 13504) has died.
07-12 11:22:53.309 13538 13541 D dalvikvm: GC_CONCURRENT freed 853K, 10% free 11886K/13127K, paused 3ms+4ms
07-12 11:22:54.899 13538 13541 D dalvikvm: GC_CONCURRENT freed 1130K, 12% free 11660K/13127K, paused 270ms+15ms
07-12 11:23:00.102 12144 12144 D OpenGLRenderer: Flushing caches (mode 1)
07-12 11:23:00.110   370   370 D OpenGLRenderer: Flushing caches (mode 2)
07-12 11:23:00.126   370   370 D OpenGLRenderer: Flushing caches (mode 0)
07-12 11:23:05.673   344   344 D SAN_SERVICE: *******************************************
07-12 11:23:05.673   344   344 D SAN_SERVICE: DM App Phone Service State - 0
07-12 11:23:05.673   344   344 D SAN_SERVICE: *******************************************
07-12 11:23:07.485 13538 13541 D dalvikvm: GC_CONCURRENT freed 706K, 11% free 11724K/13127K, paused 3ms+5ms
07-12 11:23:08.032 13229 13231 D dalvikvm: GC_CONCURRENT freed 412K, 15% free 10575K/12423K, paused 3ms+3ms
07-12 11:23:13.969   344   344 D SAN_SERVICE: *******************************************
07-12 11:23:13.973   344   344 D SAN_SERVICE: DM App Phone Service State - 0
07-12 11:23:13.973   344   344 D SAN_SERVICE: *******************************************
07-12 11:23:14.083   144   403 D AlarmManagerService: Kernel timezone updated to 240 minutes west of GMT
07-12 11:23:14.087   344   344 D SystemClock: Setting time of day to sec=1342106594
07-12 11:23:14.170   144   161 I ActivityManager: Start proc com.android.calendar for broadcast com.android.calendar/.widget.CalendarAppWidgetService$CalendarFactory: pid=13603 uid=10005 gids={3003}
07-12 11:23:14.389 13603 13603 I ActivityThread: Pub com.android.calendar.CalendarRecentSuggestionsProvider: com.android.calendar.CalendarRecentSuggestionsProvider
07-12 11:23:14.530   144   155 I ActivityManager: Start proc com.android.deskclock for broadcast com.android.deskclock/.AlarmInitReceiver: pid=13619 uid=10011 gids={}
07-12 11:23:14.577   144   424 I ActivityManager: Start proc com.android.providers.calendar for content provider com.android.providers.calendar/.CalendarProvider2: pid=13630 uid=10006 gids={3003, 1015}
07-12 11:23:14.655 13619 13619 I ActivityThread: Pub com.android.deskclock: com.android.deskclock.AlarmProvider
07-12 11:23:14.674    79    79 D dalvikvm: GC_EXPLICIT freed 37K, 4% free 9031K/9347K, paused 4ms+24ms
07-12 11:23:14.752 13630 13630 I ActivityThread: Pub com.android.calendar: com.android.providers.calendar.CalendarProvider2
07-12 11:23:14.768    79    79 D dalvikvm: GC_EXPLICIT freed <1K, 4% free 9031K/9347K, paused 2ms+11ms
07-12 11:23:14.838 13619 13645 V AlarmClock: AlarmInitReceiver finished
07-12 11:23:14.893    79    79 D dalvikvm: GC_EXPLICIT freed <1K, 4% free 9031K/9347K, paused 5ms+8ms
07-12 11:23:15.354 12144 12144 D OpenGLRenderer: Flushing caches (mode 2)
07-12 11:23:15.495 13229 13231 D dalvikvm: GC_CONCURRENT freed 489K, 16% free 10535K/12423K, paused 2ms+10ms
07-12 11:23:15.514  6644  6647 D dalvikvm: GC_CONCURRENT freed 494K, 8% free 10375K/11271K, paused 1ms+3ms
07-12 11:23:15.838  6644  6647 D dalvikvm: GC_CONCURRENT freed 294K, 7% free 10513K/11271K, paused 6ms+10ms
07-12 11:23:15.991 13630 13630 I CalendarProvider2: Sending notification intent: Intent { act=android.intent.action.PROVIDER_CHANGED dat=content://com.android.calendar }
07-12 11:23:15.991 13630 13630 W ContentResolver: Failed to get type for: content://com.android.calendar (Unknown URL content://com.android.calendar)
07-12 11:23:16.858  6644  6647 D dalvikvm: GC_CONCURRENT freed 307K, 6% free 10614K/11271K, paused 10ms+2ms
07-12 11:23:17.045   144   402 D AlarmManagerService: Kernel timezone updated to 240 minutes west of GMT
07-12 11:23:17.315   344   344 D SAN_SERVICE: *******************************************
07-12 11:23:17.315   344   344 D SAN_SERVICE: DM App Phone Service State - 0
07-12 11:23:17.315   344   344 D SAN_SERVICE: *******************************************
07-12 11:23:18.014   344   344 D SAN_SERVICE: *******************************************
07-12 11:23:18.014   344   344 D SAN_SERVICE: DM App Phone Service State - 0
07-12 11:23:18.014   344   344 D SAN_SERVICE: *******************************************
07-12 11:23:22.045   144   376 D AlarmManagerService: Kernel timezone updated to 240 minutes west of GMT
07-12 11:23:25.010   144   155 D AlarmManagerService: Kernel timezone updated to 240 minutes west of GMT
07-12 11:23:30.635   144 24503 D AlarmManagerService: Kernel timezone updated to 240 minutes west of GMT
07-12 11:23:33.241 13538 13545 I dalvikvm: Jit: resizing JitTable from 4096 to 8192
07-12 11:23:39.120 13538 13541 D dalvikvm: GC_CONCURRENT freed 767K, 11% free 11731K/13127K, paused 2ms+3ms
07-12 11:23:40.061   344   344 D SAN_SERVICE: *******************************************
07-12 11:23:40.065   344   344 D SAN_SERVICE: DM App Phone Service State - 0
07-12 11:23:40.065   344   344 D SAN_SERVICE: *******************************************
07-12 11:23:54.370 13538 13541 D dalvikvm: GC_CONCURRENT freed 807K, 11% free 11722K/13127K, paused 2ms+5ms
07-12 11:24:08.936   144   144 I ActivityManager: Process com.google.android.gsf.login (pid 12493) has died.
07-12 11:24:08.948 13538 13538 D OpenGLRenderer: Flushing caches (mode 0)
07-12 11:24:08.975 13538 13538 D OpenGLRenderer: Flushing caches (mode 2)
07-12 11:24:09.041 13538 13538 D OpenGLRenderer: Flushing caches (mode 0)
07-12 11:24:09.182 13538 13538 D webviewglue: nativeDestroy view: 0x150b4d8
07-12 11:24:09.182 13538 13538 D webviewglue: nativeDestroy view: 0x16915d0
07-12 11:24:09.475 13630 13633 D dalvikvm: GC_CONCURRENT freed 329K, 5% free 9139K/9543K, paused 79ms+22ms
07-12 11:24:09.971   344   344 D SAN_SERVICE: *******************************************
07-12 11:24:09.971   344   344 D SAN_SERVICE: DM App Phone Service State - 0
07-12 11:24:09.971   344   344 D SAN_SERVICE: *******************************************
07-12 11:24:09.975   144   180 I InputReader: Dropping virtual key from device cypress-touchkey because virtual keys are temporarily disabled for the next 217.242ms.  keyCode=3, scanCode=102
07-12 11:24:10.330   144   180 I InputReader: Dropping key up from device cypress-touchkey because the key was not down.  keyCode=3, scanCode=102
07-12 11:24:10.330   144   155 I ActivityManager: START {act=android.intent.action.MAIN cat=[android.intent.category.LAUNCHER] flg=0x10200000 cmp=org.mozilla.firefox_beta/.App bnds=[384,706][480,802]} from pid 370
07-12 11:24:10.389   144   171 I power   : *** set_screen_state 0
07-12 11:24:10.467    78   120 D SurfaceFlinger: About to give-up screen, flinger = 0x5b4918
07-12 11:24:10.639   144   147 D dalvikvm: GC_CONCURRENT freed 1750K, 21% free 17667K/22343K, paused 8ms+8ms
07-12 11:24:10.866   144   175 V TransportControlView: Create TCV com.android.internal.widget.TransportControlView@416dd438
07-12 11:24:10.885   144   380 I ActivityManager: Start proc org.mozilla.firefox_beta for activity org.mozilla.firefox_beta/.App: pid=13658 uid=10061 gids={3003, 1015, 1006}
07-12 11:24:10.889   370   370 D OpenGLRenderer: Flushing caches (mode 0)
07-12 11:24:10.952   144   175 I ActivityManager: Start proc com.google.android.gsf.login for service com.google.android.gsf.login/com.google.android.gsf.loginservice.GoogleLoginService: pid=13671 uid=10009 gids={3003, 1015, 1007, 2001, 3006}
07-12 11:24:10.971   214   214 D PhoneStatusBar: disable: < expand icons alerts ticker system_info back home RECENT* clock >
07-12 11:24:11.049   214   214 D PhoneStatusBar: disable: < expand icons alerts ticker system_info BACK* HOME* RECENT CLOCK* >
07-12 11:24:11.100   370   370 D OpenGLRenderer: Flushing caches (mode 1)
07-12 11:24:11.229 13658 13658 I ActivityThread: Pub org.mozilla.firefox_beta.db.browser: org.mozilla.firefox_beta.db.BrowserProvider
07-12 11:24:11.287 13658 13658 I ActivityThread: Pub org.mozilla.firefox_beta.db.formhistory: org.mozilla.firefox_beta.db.FormHistoryProvider
07-12 11:24:11.287 13658 13658 I ActivityThread: Pub org.mozilla.firefox_beta.db.tabs: org.mozilla.firefox_beta.db.TabsProvider
07-12 11:24:11.358 13658 13685 D GeckoProfile: Found profile dir: /data/data/org.mozilla.firefox_beta/files/mozilla/r0zhquk7.default
07-12 11:24:11.358 13658 13658 D dalvikvm: Trying to load lib /data/data/org.mozilla.firefox_beta/lib/libmozglue.so 0x41310140
07-12 11:24:11.393 13658 13658 D dalvikvm: Added shared lib /data/data/org.mozilla.firefox_beta/lib/libmozglue.so 0x41310140
07-12 11:24:11.393 13658 13658 D dalvikvm: No JNI_OnLoad found in /data/data/org.mozilla.firefox_beta/lib/libmozglue.so 0x41310140, skipping init
07-12 11:24:11.393 13658 13658 W GeckoApp: zerdatime 173640856 - onCreate
07-12 11:24:11.467   144   160 I Process : Sending signal. PID: 13658 SIG: 3
07-12 11:24:11.467 13658 13661 I dalvikvm: threadid=3: reacting to signal 3
07-12 11:24:11.510 13658 13661 I dalvikvm: Wrote stack traces to '/data/anr/traces.txt'
07-12 11:24:11.514   144   160 W ActivityManager: Activity pause timeout for ActivityRecord{41b68970 org.mozilla.firefox_beta/.App}
07-12 11:24:11.518   144   160 I Process : Sending signal. PID: 13658 SIG: 3
07-12 11:24:11.518 13658 13661 I dalvikvm: threadid=3: reacting to signal 3
07-12 11:24:11.530 13658 13661 I dalvikvm: Wrote stack traces to '/data/anr/traces.txt'
07-12 11:24:11.600 13658 13659 D dalvikvm: GC_CONCURRENT freed 190K, 3% free 9339K/9607K, paused 5ms+11ms
07-12 11:24:11.643 13658 13658 I GeckoViewsFactory: Creating custom Gecko view: FormAssistPopup
07-12 11:24:11.655 13658 13658 I GeckoViewsFactory: Creating custom Gecko view: AboutHomeContent
07-12 11:24:11.694 13658 13658 W GeckoApp: zerdatime 173641157 - onStart
07-12 11:24:11.694 13658 13658 I GeckoApp: start
07-12 11:24:11.694 13658 13658 I GeckoApp: resume
07-12 11:24:11.705 13658 13658 I GeckoApp: application paused
07-12 11:24:11.721 13658 13658 I GeckoApp: stop
07-12 11:24:11.760 13658 13658 D libEGL  : loaded /system/lib/egl/libGLES_android.so
07-12 11:24:11.776 13658 13658 D libEGL  : loaded /vendor/lib/egl/libEGL_POWERVR_SGX540_120.so
07-12 11:24:11.795 13658 13658 D libEGL  : loaded /vendor/lib/egl/libGLESv1_CM_POWERVR_SGX540_120.so
07-12 11:24:11.803 13658 13658 D libEGL  : loaded /vendor/lib/egl/libGLESv2_POWERVR_SGX540_120.so
07-12 11:24:11.873 13658 13658 D OpenGLRenderer: Enabling debug mode 0
07-12 11:24:13.549   344   344 D SAN_SERVICE: *******************************************
07-12 11:24:13.553   344   344 D SAN_SERVICE: DM App Phone Service State - 0
07-12 11:24:13.553   344   344 D SAN_SERVICE: *******************************************
07-12 11:24:15.342   370   370 D OpenGLRenderer: Flushing caches (mode 1)
07-12 11:24:15.420   144   400 D dalvikvm: GC_EXPLICIT freed 471K, 19% free 18109K/22343K, paused 2ms+8ms
07-12 11:24:26.741   144   403 D AlarmManagerService: Kernel timezone updated to 240 minutes west of GMT
07-12 11:24:26.768   344   344 D SAN_SERVICE: *******************************************
07-12 11:24:26.768   344   344 D SAN_SERVICE: DM App Phone Service State - 0
07-12 11:24:26.768   344   344 D SAN_SERVICE: *******************************************
07-12 11:24:31.471   344   344 D SAN_SERVICE: *******************************************
07-12 11:24:31.471   344   344 D SAN_SERVICE: DM App Phone Service State - 0
07-12 11:24:31.471   344   344 D SAN_SERVICE: *******************************************
07-12 11:24:35.963   344   344 D SAN_SERVICE: *******************************************
07-12 11:24:35.963   344   344 D SAN_SERVICE: DM App Phone Service State - 0
07-12 11:24:35.963   344   344 D SAN_SERVICE: *******************************************
07-12 11:24:36.194   344   344 D SAN_SERVICE: *******************************************
07-12 11:24:36.194   344   344 D SAN_SERVICE: DM App Phone Service State - 0
07-12 11:24:36.194   344   344 D SAN_SERVICE: *******************************************
07-12 11:24:38.897   144   402 D AlarmManagerService: Kernel timezone updated to 240 minutes west of GMT
07-12 11:24:46.405   344   344 D SAN_SERVICE: *******************************************
07-12 11:24:46.405   344   344 D SAN_SERVICE: DM App Phone Service State - 0
07-12 11:24:46.409   344   344 D SAN_SERVICE: *******************************************
07-12 11:24:49.412 13304 13317 I PhoneLab-: Service Running
07-12 11:24:49.510 13304 13307 D dalvikvm: GC_CONCURRENT freed 447K, 6% free 9106K/9671K, paused 2ms+3ms
07-12 11:24:49.537 13304 13317 I PhoneLab-LoggerService: app_37    1373  1     1440   1000  c00f181c 400107b4 S logcat
07-12 11:24:49.537 13304 13317 I PhoneLab-LoggerService: Logcat pid from database 1373
07-12 11:24:49.537 13304 13317 I PhoneLab-LoggerService: Logcat process found 1373
07-12 11:24:49.537 13304 13317 I PhoneLab-LoggerService: Checking Threshold
07-12 11:25:08.170   344   344 D SAN_SERVICE: *******************************************
07-12 11:25:08.170   344   344 D SAN_SERVICE: DM App Phone Service State - 0
07-12 11:25:08.170   344   344 D SAN_SERVICE: *******************************************
07-12 11:25:14.237   344   344 D SAN_SERVICE: *******************************************
07-12 11:25:14.237   344   344 D SAN_SERVICE: DM App Phone Service State - 0
07-12 11:25:14.237   344   344 D SAN_SERVICE: *******************************************
07-12 11:25:14.537   344   344 D SAN_SERVICE: *******************************************
07-12 11:25:14.537   344   344 D SAN_SERVICE: DM App Phone Service State - 0
07-12 11:25:14.537   344   344 D SAN_SERVICE: *******************************************
07-12 11:25:15.424 13229 13231 D dalvikvm: GC_CONCURRENT freed 510K, 16% free 10537K/12423K, paused 2ms+3ms
07-12 11:25:15.448   370   370 D OpenGLRenderer: Flushing caches (mode 1)
07-12 11:25:15.553  6644  6647 D dalvikvm: GC_CONCURRENT freed 776K, 9% free 10363K/11271K, paused 2ms+3ms
07-12 11:25:19.409   344   344 D SAN_SERVICE: *******************************************
07-12 11:25:19.409   344   344 D SAN_SERVICE: DM App Phone Service State - 0
07-12 11:25:19.409   344   344 D SAN_SERVICE: *******************************************
07-12 11:25:29.639   344   344 D SAN_SERVICE: *******************************************
07-12 11:25:29.639   344   344 D SAN_SERVICE: DM App Phone Service State - 0
07-12 11:25:29.643   344   344 D SAN_SERVICE: *******************************************
07-12 11:25:29.897   344   344 D SAN_SERVICE: *******************************************
07-12 11:25:29.897   344   344 D SAN_SERVICE: DM App Phone Service State - 0
07-12 11:25:29.897   344   344 D SAN_SERVICE: *******************************************
07-12 11:25:38.506   344   344 D SAN_SERVICE: *******************************************
07-12 11:25:38.506   344   344 D SAN_SERVICE: DM App Phone Service State - 0
07-12 11:25:38.506   344   344 D SAN_SERVICE: *******************************************
07-12 11:25:39.049   344   344 D SAN_SERVICE: *******************************************
07-12 11:25:39.049   344   344 D SAN_SERVICE: DM App Phone Service State - 0
07-12 11:25:39.049   344   344 D SAN_SERVICE: *******************************************
07-12 11:25:39.108   344   347 D dalvikvm: GC_CONCURRENT freed 961K, 14% free 12241K/14087K, paused 24ms+3ms
07-12 11:25:43.541   344   344 D SAN_SERVICE: *******************************************
07-12 11:25:43.541   344   344 D SAN_SERVICE: DM App Phone Service State - 0
07-12 11:25:43.541   344   344 D SAN_SERVICE: *******************************************
07-12 11:25:48.690   344   344 D SAN_SERVICE: *******************************************
07-12 11:25:48.690   344   344 D SAN_SERVICE: DM App Phone Service State - 0
07-12 11:25:48.690   344   344 D SAN_SERVICE: *******************************************
07-12 11:25:49.502   344   344 D SAN_SERVICE: *******************************************
07-12 11:25:49.502   344   344 D SAN_SERVICE: DM App Phone Service State - 0
07-12 11:25:49.502   344   344 D SAN_SERVICE: *******************************************
07-12 11:25:59.198   344   344 D SAN_SERVICE: *******************************************
07-12 11:25:59.198   344   344 D SAN_SERVICE: DM App Phone Service State - 0
07-12 11:25:59.198   344   344 D SAN_SERVICE: *******************************************
07-12 11:25:59.338   344   344 D SAN_SERVICE: *******************************************
07-12 11:25:59.338   344   344 D SAN_SERVICE: DM App Phone Service State - 0
07-12 11:25:59.338   344   344 D SAN_SERVICE: *******************************************
07-12 11:26:04.120   344   344 D SAN_SERVICE: *******************************************
07-12 11:26:04.120   344   344 D SAN_SERVICE: DM App Phone Service State - 0
07-12 11:26:04.123   344   344 D SAN_SERVICE: *******************************************
07-12 11:26:04.358   344   344 D SAN_SERVICE: *******************************************
07-12 11:26:04.358   344   344 D SAN_SERVICE: DM App Phone Service State - 0
07-12 11:26:04.358   344   344 D SAN_SERVICE: *******************************************
07-12 11:26:15.444   370   370 D OpenGLRenderer: Flushing caches (mode 1)
07-12 11:26:15.522 13229 13231 D dalvikvm: GC_CONCURRENT freed 416K, 16% free 10533K/12423K, paused 2ms+9ms
07-12 11:26:15.573  6644  6647 D dalvikvm: GC_CONCURRENT freed 478K, 8% free 10386K/11271K, paused 2ms+3ms
07-12 11:26:29.764   344   344 D SAN_SERVICE: *******************************************
07-12 11:26:29.764   344   344 D SAN_SERVICE: DM App Phone Service State - 0
07-12 11:26:29.764   344   344 D SAN_SERVICE: *******************************************
07-12 11:26:35.436   344   344 D SAN_SERVICE: *******************************************
07-12 11:26:35.436   344   344 D SAN_SERVICE: DM App Phone Service State - 0
07-12 11:26:35.436   344   344 D SAN_SERVICE: *******************************************
07-12 11:26:38.616   344   344 D SAN_SERVICE: *******************************************
07-12 11:26:38.616   344   344 D SAN_SERVICE: DM App Phone Service State - 0
07-12 11:26:38.616   344   344 D SAN_SERVICE: *******************************************
07-12 11:26:49.373 13304 13317 I PhoneLab-: Service Running
07-12 11:26:49.436 13304 13317 I PhoneLab-LoggerService: app_37    1373  1     1440   1000  c00f181c 400107b4 S logcat
07-12 11:26:49.440 13304 13317 I PhoneLab-LoggerService: Logcat pid from database 1373
07-12 11:26:49.440 13304 13317 I PhoneLab-LoggerService: Logcat process found 1373
07-12 11:26:49.440 13304 13317 I PhoneLab-LoggerService: Checking Threshold
07-12 11:27:00.819   344   344 D SAN_SERVICE: *******************************************
07-12 11:27:00.819   344   344 D SAN_SERVICE: DM App Phone Service State - 0
07-12 11:27:00.819   344   344 D SAN_SERVICE: *******************************************
07-12 11:27:12.069   344   344 D SAN_SERVICE: *******************************************
07-12 11:27:12.069   344   344 D SAN_SERVICE: DM App Phone Service State - 0
07-12 11:27:12.069   344   344 D SAN_SERVICE: *******************************************
07-12 11:27:15.580  5714  5717 D dalvikvm: GC_CONCURRENT freed 716K, 10% free 11385K/12615K, paused 2ms+4ms
07-12 11:27:15.584   370   370 D OpenGLRenderer: Flushing caches (mode 1)
07-12 11:27:27.389   344   344 D SAN_SERVICE: *******************************************
07-12 11:27:27.389   344   344 D SAN_SERVICE: DM App Phone Service State - 0
07-12 11:27:27.389   344   344 D SAN_SERVICE: *******************************************
07-12 11:27:27.912   344   344 D SAN_SERVICE: *******************************************
07-12 11:27:27.912   344   344 D SAN_SERVICE: DM App Phone Service State - 0
07-12 11:27:27.912   344   344 D SAN_SERVICE: *******************************************
07-12 11:27:32.510   344   344 D SAN_SERVICE: *******************************************
07-12 11:27:32.510   344   344 D SAN_SERVICE: DM App Phone Service State - 0
07-12 11:27:32.510   344   344 D SAN_SERVICE: *******************************************
07-12 11:28:15.596 13229 13231 D dalvikvm: GC_CONCURRENT freed 498K, 16% free 10547K/12423K, paused 1ms+3ms
07-12 11:28:15.709  6644  6647 D dalvikvm: GC_CONCURRENT freed 535K, 9% free 10358K/11271K, paused 1ms+3ms
07-12 11:28:33.940   344   344 D SAN_SERVICE: *******************************************
07-12 11:28:33.940   344   344 D SAN_SERVICE: DM App Phone Service State - 0
07-12 11:28:33.940   344   344 D SAN_SERVICE: *******************************************
07-12 11:28:49.350   344   344 D SAN_SERVICE: *******************************************
07-12 11:28:49.350   344   344 D SAN_SERVICE: DM App Phone Service State - 0
07-12 11:28:49.350   344   344 D SAN_SERVICE: *******************************************
07-12 11:28:49.373 13304 13317 I PhoneLab-: Service Running
07-12 11:28:49.393 13304 13317 I PhoneLab-LoggerService: app_37    1373  1     1440   1000  c00f181c 400107b4 S logcat
07-12 11:28:49.393 13304 13317 I PhoneLab-LoggerService: Logcat pid from database 1373
07-12 11:28:49.397 13304 13317 I PhoneLab-LoggerService: Logcat process found 1373
07-12 11:28:49.397 13304 13317 I PhoneLab-LoggerService: Checking Threshold
07-12 11:28:59.545   344   344 D SAN_SERVICE: *******************************************
07-12 11:28:59.545   344   344 D SAN_SERVICE: DM App Phone Service State - 0
07-12 11:28:59.545   344   344 D SAN_SERVICE: *******************************************
07-12 11:29:00.080   344   344 D SAN_SERVICE: *******************************************
07-12 11:29:00.084   344   344 D SAN_SERVICE: DM App Phone Service State - 0
07-12 11:29:00.084   344   344 D SAN_SERVICE: *******************************************
07-12 11:29:09.799   344   344 D SAN_SERVICE: *******************************************
07-12 11:29:09.799   344   344 D SAN_SERVICE: DM App Phone Service State - 0
07-12 11:29:09.799   344   344 D SAN_SERVICE: *******************************************
07-12 11:29:10.315   344   344 D SAN_SERVICE: *******************************************
07-12 11:29:10.315   344   344 D SAN_SERVICE: DM App Phone Service State - 0
07-12 11:29:10.315   344   344 D SAN_SERVICE: *******************************************
07-12 11:29:15.702 13229 13231 D dalvikvm: GC_CONCURRENT freed 402K, 16% free 10534K/12423K, paused 2ms+4ms
07-12 11:29:15.752  6644  6647 D dalvikvm: GC_CONCURRENT freed 476K, 9% free 10359K/11271K, paused 1ms+2ms
07-12 11:29:51.932  5714  5819 I EventLogService: Aggregate from 1342105191824 (log), 1342105191824 (data)
07-12 11:29:54.487   344   344 D SAN_SERVICE: *******************************************
07-12 11:29:54.487   344   344 D SAN_SERVICE: DM App Phone Service State - 0
07-12 11:29:54.487   344   344 D SAN_SERVICE: *******************************************
07-12 11:29:54.987   344   344 D SAN_SERVICE: *******************************************
07-12 11:29:54.987   344   344 D SAN_SERVICE: DM App Phone Service State - 0
07-12 11:29:54.987   344   344 D SAN_SERVICE: *******************************************
07-12 11:29:55.491   344   344 D SAN_SERVICE: *******************************************
07-12 11:29:55.491   344   344 D SAN_SERVICE: DM App Phone Service State - 0
07-12 11:29:55.491   344   344 D SAN_SERVICE: *******************************************
07-12 11:30:02.807   144   175 I power   : *** set_screen_state 1
07-12 11:30:02.834 13658 13658 I GeckoApp: restart
07-12 11:30:02.834 13658 13658 W GeckoApp: zerdatime 173992299 - onStart
07-12 11:30:02.834 13658 13658 I GeckoApp: start
07-12 11:30:02.870   144   174 I ActivityManager: Displayed org.mozilla.firefox_beta/.App: +5m52s41ms
07-12 11:30:02.928   144   175 I WindowManager: Lock screen displayed!
07-12 11:30:02.998 13658 13658 I GeckoApp: resume
07-12 11:30:02.998 13658 13658 I GeckoApp: application resumed
07-12 11:30:03.053    78   120 D SurfaceFlinger: Screen about to return, flinger = 0x5b4918
07-12 11:30:03.752   214   214 D PhoneStatusBar: disable: < expand icons alerts ticker system_info BACK HOME recent* CLOCK >
07-12 11:30:03.784 13658 13658 W GeckoProfile: zerdatime 173993248 - start check sessionstore.js exists
07-12 11:30:03.795 13658 13658 W GeckoProfile: zerdatime 173993258 - finish check sessionstore.js exists
07-12 11:30:03.795 13658 13658 I GeckoToolbar: zerdatime 173993259 - Throbber stop
07-12 11:30:03.795 13658 13685 I GeckoApp: Checking profile migration in: /data/data/org.mozilla.firefox_beta/files/mozilla/r0zhquk7.default
07-12 11:30:03.795   214   214 D PhoneStatusBar: disable: < expand icons alerts ticker system_info back* home* recent clock* >
07-12 11:30:03.823 13658 13658 D GeckoFavicons: Creating Favicons instance
07-12 11:30:03.823 13658 13658 D GeckoFavicons: Creating DatabaseHelper
07-12 11:30:03.838 13658 13658 I GeckoAxis: Prefs: 0.85,0.97,10.0,0.012,0.04,0.3,0.5
07-12 11:30:03.842 13658 13729 W GeckoApp: zerdatime 173993305 - start of getPluginDirectories
07-12 11:30:03.846 13658 13729 W GeckoApp: zerdatime 173993309 - end of getPluginDirectories
07-12 11:30:03.893 13658 13729 I GeckoAppShell: env0: null
07-12 11:30:03.897 13658 13659 D dalvikvm: GC_CONCURRENT freed 105K, 2% free 9669K/9863K, paused 2ms+3ms
07-12 11:30:03.912 13658 13729 D dalvikvm: Trying to load lib /data/data/org.mozilla.firefox_beta/lib/libmozglue.so 0x41310140
07-12 11:30:03.912 13658 13729 D dalvikvm: Shared lib '/data/data/org.mozilla.firefox_beta/lib/libmozglue.so' already loaded in same CL 0x41310140
07-12 11:30:03.924 13658 13729 E GeckoLibLoad: Load sqlite start
07-12 11:30:03.967   144   161 I ActivityManager: Start proc com.google.android.apps.gesturesearch for broadcast com.google.android.apps.gesturesearch/.motion.ScreenStateReceiver: pid=13730 uid=10088 gids={3003}
07-12 11:30:04.002 13658 13658 W GeckoApp: zerdatime 173993467 - UI almost up
07-12 11:30:04.030 13730 13730 I dalvikvm: Turning on JNI app bug workarounds for target SDK version 8...
07-12 11:30:04.041   144   147 D dalvikvm: GC_CONCURRENT freed 1788K, 19% free 18271K/22343K, paused 4ms+87ms
07-12 11:30:04.061 13658 13729 E GeckoLinker: /data/app/org.mozilla.firefox_beta-1.apk!/libmozsqlite3.so: Warning: relocation to NULL @0x00052db4
07-12 11:30:04.061 13658 13729 E GeckoLinker: /data/app/org.mozilla.firefox_beta-1.apk!/libmozsqlite3.so: Warning: relocation to NULL @0x00052cb0 for symbol "__cxa_begin_cleanup"
07-12 11:30:04.065 13658 13729 E GeckoLinker: /data/app/org.mozilla.firefox_beta-1.apk!/libmozsqlite3.so: Warning: relocation to NULL @0x00052d1c for symbol "__cxa_type_match"
07-12 11:30:04.073 13658 13729 E GeckoLibLoad: Load sqlite done
07-12 11:30:04.080 13658 13729 D dalvikvm: Trying to load lib /data/data/org.mozilla.firefox_beta/lib/libmozglue.so 0x41310140
07-12 11:30:04.080 13658 13729 D dalvikvm: Shared lib '/data/data/org.mozilla.firefox_beta/lib/libmozglue.so' already loaded in same CL 0x41310140
07-12 11:30:04.080 13658 13729 E GeckoLibLoad: Load nss start
07-12 11:30:04.100 13658 13685 W GeckoApp: zerdatime 173993563 - pre checkLaunchState
07-12 11:30:04.170 13658 13658 I GeckoViewsFactory: Creating custom Gecko view: AboutHomeContent$TopSitesGridView
07-12 11:30:04.182 13658 13658 I GeckoViewsFactory: Creating custom Gecko view: LinkTextView
07-12 11:30:04.209 13730 13730 I ActivityThread: Pub com.google.android.apps.gesturesearch.history: com.google.android.apps.gesturesearch.data.QueryHistoryProvider
07-12 11:30:04.213 13730 13730 I ActivityThread: Pub com.google.android.apps.gesturesearch.index: com.google.android.apps.gesturesearch.data.IndexProvider
07-12 11:30:04.237 13658 13658 I GeckoViewsFactory: Creating custom Gecko view: AboutHomeSection
07-12 11:30:04.245 13658 13729 E GeckoLinker: /data/app/org.mozilla.firefox_beta-1.apk!/libnspr4.so: Warning: relocation to NULL @0x00020de0
07-12 11:30:04.245 13658 13729 E GeckoLinker: /data/app/org.mozilla.firefox_beta-1.apk!/libnspr4.so: Warning: relocation to NULL @0x00020b98 for symbol "__cxa_begin_cleanup"
07-12 11:30:04.245 13658 13729 E GeckoLinker: /data/app/org.mozilla.firefox_beta-1.apk!/libnspr4.so: Warning: relocation to NULL @0x00020cb0 for symbol "__cxa_type_match"
07-12 11:30:04.268 13658 13729 E GeckoLibLoad: Load nss done
07-12 11:30:04.272   144   424 I ActivityManager: No longer want com.whatsapp (pid 13119): hidden #16
07-12 11:30:04.284 13658 13658 I GeckoViewsFactory: Creating custom Gecko view: LinkTextView
07-12 11:30:04.287 13658 13658 I GeckoViewsFactory: Creating custom Gecko view: AboutHomeSection
07-12 11:30:04.291 13658 13659 D dalvikvm: GC_CONCURRENT freed 127K, 3% free 10071K/10311K, paused 2ms+7ms
07-12 11:30:04.295 13658 13658 I GeckoViewsFactory: Creating custom Gecko view: LinkTextView
07-12 11:30:04.295 13658 13658 I GeckoViewsFactory: Creating custom Gecko view: AboutHomeSection
07-12 11:30:04.315 13658 13658 I GeckoViewsFactory: Creating custom Gecko view: LinkTextView
07-12 11:30:04.342 13658 13685 I GeckoApp: Startup mode: NORMAL
07-12 11:30:04.377   144   403 W ActivityManager: Scheduling restart of crashed service com.whatsapp/.messaging.MessageService in 5000ms
07-12 11:30:04.401    78   139 W SurfaceTexture: [org.mozilla.firefox_beta/org.mozilla.firefox_beta.App] cancelBuffer: SurfaceTexture has been abandoned!
07-12 11:30:05.420 12228 12231 D dalvikvm: GC_CONCURRENT freed 447K, 6% free 9867K/10439K, paused 2ms+3ms
07-12 11:30:05.897   144  9084 I ActivityManager: moveTaskToBack: 184
07-12 11:30:05.920 13658 13658 I GeckoApp: application paused
07-12 11:30:06.049   344   344 D SAN_SERVICE: *******************************************
07-12 11:30:06.049   344   344 D SAN_SERVICE: DM App Phone Service State - 0
07-12 11:30:06.049   344   344 D SAN_SERVICE: *******************************************
07-12 11:30:06.241   144   144 W InputManagerService: Window already focused, ignoring focus gain of: com.android.internal.view.IInputMethodClient$Stub$Proxy@41866e40
07-12 11:30:06.245 13658 13658 D OpenGLRenderer: Flushing caches (mode 0)
07-12 11:30:06.303 13658 13729 E GeckoLinker: /data/app/org.mozilla.firefox_beta-1.apk!/libmozalloc.so: Warning: relocation to NULL @0x00003e2c
07-12 11:30:06.307 13658 13729 E GeckoLinker: /data/app/org.mozilla.firefox_beta-1.apk!/libmozalloc.so: Warning: relocation to NULL @0x00003db8 for symbol "__cxa_begin_cleanup"
07-12 11:30:06.307 13658 13729 E GeckoLinker: /data/app/org.mozilla.firefox_beta-1.apk!/libmozalloc.so: Warning: relocation to NULL @0x00003de0 for symbol "__cxa_type_match"
07-12 11:30:06.393 13658 13729 E GeckoLibLoad: Loaded libs in 2124ms total, 546ms user, 132ms system, 5 faults
07-12 11:30:06.397 13658 13729 W GeckoThread: zerdatime 173995860 - runGecko
07-12 11:30:06.397 13658 13729 I GeckoThread: RunGecko - URI = null
07-12 11:30:06.401 13658 13729 I GeckoAppShell: post native init
07-12 11:30:06.401 13658 13729 I GeckoAppShell: setLayerClient called
07-12 11:30:06.846   344   344 D SAN_SERVICE: *******************************************
07-12 11:30:06.846   344   344 D SAN_SERVICE: DM App Phone Service State - 0
07-12 11:30:06.846   344   344 D SAN_SERVICE: *******************************************
07-12 11:30:07.014 13658 13659 D dalvikvm: GC_CONCURRENT freed 192K, 3% free 10382K/10695K, paused 13ms+5ms
07-12 11:30:07.057 13658 13658 D GeckoFavicons: Creating LoadFaviconTask with URL = http://static-ssl-cdn.addons.mozilla.net/img/uploads/addon_icons/252/252573-32.png and favicon URL = http://static-ssl-cdn.addons.mozilla.net/img/uploads/addon_icons/252/252573-32.png?modified=1341855151
07-12 11:30:07.069 13658 13658 D GeckoFavicons: Calling loadFavicon() with URL = http://static-ssl-cdn.addons.mozilla.net/img/uploads/addon_icons/252/252573-32.png and favicon URL = http://static-ssl-cdn.addons.mozilla.net/img/uploads/addon_icons/252/252573-32.png?modified=1341855151 (1)
07-12 11:30:07.073 13658 13658 D GeckoFavicons: Creating LoadFaviconTask with URL = http://static-ssl-cdn.addons.mozilla.net/img/uploads/addon_icons/2/2871-32.png and favicon URL = http://static-ssl-cdn.addons.mozilla.net/img/uploads/addon_icons/2/2871-32.png?modified=1330069888
07-12 11:30:07.073 13658 13658 D GeckoFavicons: Calling loadFavicon() with URL = http://static-ssl-cdn.addons.mozilla.net/img/uploads/addon_icons/2/2871-32.png and favicon URL = http://static-ssl-cdn.addons.mozilla.net/img/uploads/addon_icons/2/2871-32.png?modified=1330069888 (2)
07-12 11:30:07.155 13658 13729 E GeckoConsole: Could not read chrome manifest 'file:///data/data/org.mozilla.firefox_beta/chrome.manifest'.
07-12 11:30:07.194   144   155 I ActivityManager: Process com.google.android.apps.maps:NetworkLocationService (pid 13229) has died.
07-12 11:30:07.194   144   155 W ActivityManager: Scheduling restart of crashed service com.google.android.apps.maps/com.google.android.location.internal.server.NetworkLocationService in 12180ms
07-12 11:30:07.202 13658 13749 D GeckoFavicons: Favicon URL is now: http://static-ssl-cdn.addons.mozilla.net/img/uploads/addon_icons/252/252573-32.png?modified=1341855151
07-12 11:30:07.202 13658 13749 D GeckoFavicons: Calling getFaviconUrlForPageUrl() for http://static-ssl-cdn.addons.mozilla.net/img/uploads/addon_icons/252/252573-32.png
07-12 11:30:07.373 13658 13658 I GeckoApp: stop
07-12 11:30:07.420 13658 13658 D OpenGLRenderer: Flushing caches (mode 1)
07-12 11:30:07.647 13658 13749 D GeckoFavicons: Downloading favicon for URL = http://static-ssl-cdn.addons.mozilla.net/img/uploads/addon_icons/252/252573-32.png with favicon URL = http://static-ssl-cdn.addons.mozilla.net/img/uploads/addon_icons/252/252573-32.png?modified=1341855151
07-12 11:30:08.010   144 30930 I ActivityManager: Process com.android.vending (pid 12043) has died.
07-12 11:30:08.010   144 30930 I WindowManager: WIN DEATH: Window{418ee110 com.android.vending/com.android.vending.AssetBrowserActivity paused=false}
07-12 11:30:08.205 13658 13729 W ResourceType: Too many attribute references, stopped at: 0x01010099
07-12 11:30:08.912 13658 13729 E GeckoConsole: zerdatime 1342107008916 - browser chrome startup finished.
07-12 11:30:08.928 13658 13729 I GeckoApp: Got message: CharEncoding:State
07-12 11:30:09.045 13658 13729 I Gecko   : Detected osrelease `3.0.8-g6656123'
07-12 11:30:09.045 13658 13729 I Gecko   : JITs are not broken
07-12 11:30:09.127 13658 13729 I GeckoTabs: Got message: Tab:Added
07-12 11:30:09.127 13658 13729 I GeckoTabs: Received message from Gecko: 173998593 - Tab:Added
07-12 11:30:09.131 13658 13729 I GeckoTabs: Added a tab with id: 1
07-12 11:30:09.147 13658 13658 I GeckoToolbar: zerdatime 173998609 - Throbber stop
07-12 11:30:09.151 13658 13658 I GeckoDoorHangerPopup: Showing all doorhangers for tab: 1
07-12 11:30:09.166 13658 13729 I GeckoApp: Got message: Content:StateChange
07-12 11:30:09.166 13658 13729 I GeckoApp: State - 983041
07-12 11:30:09.170 13658 13729 I GeckoApp: Got a document start
07-12 11:30:09.190 13658 13729 I GeckoApp: Got message: Gecko:Ready
07-12 11:30:09.217 13658 13729 D GeckoLayerClient: Screen-size changed to (480,800)
07-12 11:30:09.217 13658 13729 D GeckoLayerClient: Window-size changed to (480,690)
07-12 11:30:09.225 13658 13729 I GeckoLayerClient: Showing checks: true
07-12 11:30:09.256 13658 13729 I GeckoTabs: Got message: SessionHistory:New
07-12 11:30:09.280 13658 13659 D dalvikvm: GC_CONCURRENT freed 275K, 4% free 10591K/11015K, paused 3ms+5ms
07-12 11:30:09.299 13658 13729 I GeckoApp: Got message: Content:LocationChange
07-12 11:30:09.299 13658 13729 I GeckoApp: URI - about:home
07-12 11:30:09.299 13658 13729 I GeckoTab: Updated url: about:home for tab with id: 1
07-12 11:30:09.299 13658 13729 I GeckoTab: Updated favicon for tab with id: 1
07-12 11:30:09.299 13658 13729 I GeckoTab: Updated favicon URL for tab with id: 1
07-12 11:30:09.303 13658 13658 I GeckoDoorHangerPopup: Showing all doorhangers for tab: 1
07-12 11:30:09.303 13658 13729 I GeckoApp: Got message: Content:SecurityChange
07-12 11:30:09.307 13658 13729 I GeckoApp: Security Mode - unknown
07-12 11:30:09.440   144   161 I ActivityManager: Start proc com.whatsapp for service com.whatsapp/.messaging.MessageService: pid=13759 uid=10068 gids={1015, 3003}
07-12 11:30:09.455 13759 13759 I dalvikvm: Turning on JNI app bug workarounds for target SDK version 7...
07-12 11:30:09.471   144   400 I ActivityManager: Process com.google.android.apps.googlevoice (pid 13278) has died.
07-12 11:30:09.471   144   400 W ActivityManager: Scheduling restart of crashed service com.google.android.apps.googlevoice/.UpdateService in 19901ms
07-12 11:30:09.471   144   400 W ActivityManager: Scheduling restart of crashed service com.google.android.apps.googlevoice/.CallLogService in 29901ms
07-12 11:30:09.471   144   400 W ActivityManager: Scheduling restart of crashed service com.google.android.apps.googlevoice/.ShadowNumberRefreshService in 39900ms
07-12 11:30:09.498 13658 13729 I GeckoApp: Got message: DOMTitleChanged
07-12 11:30:09.502 13658 13729 I GeckoTab: Updated title: Firefox Beta Start for tab with id: 1
07-12 11:30:09.506 13658 13729 I GeckoApp: title - Firefox Beta Start
07-12 11:30:09.569 13658 13729 I GeckoApp: Got message: DOMLinkAdded
07-12 11:30:09.577 13658 13729 I GeckoApp: link rel - [icon], href - jar:jar:file:///data/app/org.mozilla.firefox_beta-1.apk!/omni.ja!/chrome/chrome/content/branding/favicon32.png
07-12 11:30:09.577 13658 13729 I GeckoTab: Updated favicon URL for tab with id: 1
07-12 11:30:09.577 13658 13658 D GeckoFavicons: Creating LoadFaviconTask with URL = about:home and favicon URL = jar:jar:file:///data/app/org.mozilla.firefox_beta-1.apk!/omni.ja!/chrome/chrome/content/branding/favicon32.png
07-12 11:30:09.577 13658 13658 D GeckoFavicons: Calling loadFavicon() with URL = about:home and favicon URL = jar:jar:file:///data/app/org.mozilla.firefox_beta-1.apk!/omni.ja!/chrome/chrome/content/branding/favicon32.png (3)
07-12 11:30:09.623 13658 13729 I GeckoApp: Got message: DOMContentLoaded
07-12 11:30:09.639 13658 13729 I GeckoApp: Got message: Content:PageShow
07-12 11:30:09.639 13658 13658 D GeckoFavicons: Requesting cancelation of favicon load (3)
07-12 11:30:09.639 13658 13658 D GeckoFavicons: Cancelling favicon load (3)
07-12 11:30:09.651 13658 13658 D GeckoFavicons: Creating LoadFaviconTask with URL = about:home and favicon URL = jar:jar:file:///data/app/org.mozilla.firefox_beta-1.apk!/omni.ja!/chrome/chrome/content/branding/favicon32.png
07-12 11:30:09.651 13658 13658 D GeckoFavicons: Calling loadFavicon() with URL = about:home and favicon URL = jar:jar:file:///data/app/org.mozilla.firefox_beta-1.apk!/omni.ja!/chrome/chrome/content/branding/favicon32.png (4)
07-12 11:30:09.651 13658 13658 D GeckoFavicons: LoadFaviconTask cancelled for URL = about:home (3)
07-12 11:30:09.709 13759 13761 D dalvikvm: GC_CONCURRENT freed 168K, 3% free 9367K/9607K, paused 2ms+2ms
07-12 11:30:09.830   144   155 I ActivityManager: Process com.android.sprintmenu (pid 13213) has died.
07-12 11:30:09.830   144   155 W ActivityManager: Scheduling restart of crashed service com.android.sprintmenu/.HiddenPhoneService in 49544ms
07-12 11:30:09.881 13658 13729 I GeckoApp: Got message: Tab:ViewportMetadata
07-12 11:30:09.901 13658 13729 I GeckoApp: Got message: Content:StateChange
07-12 11:30:09.901 13658 13729 I GeckoApp: State - 786448
07-12 11:30:09.901 13658 13729 I GeckoApp: Got a document stop
07-12 11:30:09.901 13658 13658 I GeckoToolbar: zerdatime 173999366 - Throbber stop
07-12 11:30:09.959 13658 13729 I GeckoPanZoomController: Got message: Preferences:Data
07-12 11:30:09.963 13658 13729 I GeckoPanZoomController: Zoom animation frames: [0.0, 0.10211, 0.19864, 0.29043, 0.37816, 0.46155, 0.54054, 0.61496, 0.68467, 0.7491, 0.80794, 0.86069, 0.90651, 0.94471, 0.97401, 0.99309]
07-12 11:30:09.963 13658 13729 I GeckoAxis: Prefs: 0.85,0.97,10.0,0.012,0.04,0.3,0.5
07-12 11:30:10.018 13658 13729 I GeckoDisplayPortCalculator: Set strategy VelocityBiasStrategy mult=2.0, threshold=7.6800003, reverse=0.2, dangerBaseX=1.0, dangerBaseY=1.0, dangerIncrX=0.0, dangerIncrY=0.0
07-12 11:30:10.018 13658 13729 I PluginLayer: Using plugin placeholder: false
07-12 11:30:10.022 13658 13774 I Gecko   : Logging GL tracing output to /data/data/org.mozilla.firefox_beta/firefox.trace
07-12 11:30:10.022 13658 13774 I Gecko   : Attempting load of /data/local/egltrace.so
07-12 11:30:10.127 13658 13774 I Gecko   : Attempting load of libEGL.so
07-12 11:30:10.135 13658 13774 I Gecko   : Extensions: EGL_KHR_image EGL_KHR_image_base EGL_KHR_image_base EGL_KHR_gl_texture_2D_image EGL_KHR_gl_texture_cubemap_image EGL_KHR_gl_renderbuffer_image EGL_KHR_fence_sync EGL_ANDROID_image_native_buffer EGL_ANDROID_image_native_buffer  0x45
07-12 11:30:10.135 13658 13774 I Gecko   : Extensions length: 226
07-12 11:30:10.143 13658 13749 D GeckoFavicons: Downloaded favicon successfully for URL = http://static-ssl-cdn.addons.mozilla.net/img/uploads/addon_icons/252/252573-32.png
07-12 11:30:10.151 13658 13749 D GeckoFavicons: Saving favicon on browser database for URL = http://static-ssl-cdn.addons.mozilla.net/img/uploads/addon_icons/252/252573-32.png
07-12 11:30:10.256 13759 13761 D dalvikvm: GC_CONCURRENT freed 293K, 4% free 9624K/9991K, paused 2ms+3ms
07-12 11:30:10.662   144   326 D dalvikvm: GC_EXPLICIT freed 486K, 19% free 18104K/22343K, paused 5ms+9ms
07-12 11:30:10.795 13759 13759 I dalvikvm: Could not find method android.media.MediaMetadataRetriever.captureFrame, referenced from method com.whatsapp.q3.a
07-12 11:30:10.795 13759 13759 W dalvikvm: VFY: unable to resolve virtual method 502: Landroid/media/MediaMetadataRetriever;.captureFrame ()Landroid/graphics/Bitmap;
07-12 11:30:10.795 13759 13759 D dalvikvm: VFY: replacing opcode 0x6e at 0x0134
07-12 11:30:10.948 13658 13749 D GeckoFavicons: Saving favicon URL for URL = http://static-ssl-cdn.addons.mozilla.net/img/uploads/addon_icons/252/252573-32.png
07-12 11:30:10.952 13658 13749 D GeckoFavicons: Calling setFaviconUrlForPageUrl() for http://static-ssl-cdn.addons.mozilla.net/img/uploads/addon_icons/252/252573-32.png
07-12 11:30:11.053 13658 13685 W GeckoGlobalHistory: Rebuilding visited link set...
07-12 11:30:11.151 13658 13658 D GeckoFavicons: LoadFaviconTask finished for URL = http://static-ssl-cdn.addons.mozilla.net/img/uploads/addon_icons/252/252573-32.png (1)
07-12 11:30:11.159 13759 13761 D dalvikvm: GC_CONCURRENT freed 390K, 5% free 9709K/10183K, paused 94ms+8ms
07-12 11:30:11.162 13658 13781 D GeckoFavicons: Favicon URL is now: http://static-ssl-cdn.addons.mozilla.net/img/uploads/addon_icons/2/2871-32.png?modified=1330069888
07-12 11:30:11.162 13658 13781 D GeckoFavicons: Calling getFaviconUrlForPageUrl() for http://static-ssl-cdn.addons.mozilla.net/img/uploads/addon_icons/2/2871-32.png
07-12 11:30:11.170 13658 13781 D GeckoFavicons: Loading favicon from DB for URL = http://static-ssl-cdn.addons.mozilla.net/img/uploads/addon_icons/2/2871-32.png
07-12 11:30:11.280   144 24503 I ActivityManager: Process com.facebook.katana (pid 13321) has died.
07-12 11:30:11.280   144 24503 W ActivityManager: Scheduling restart of crashed service com.facebook.katana/.service.MediaUploadService in 58094ms
07-12 11:30:11.397 13658 13781 D GeckoFavicons: Downloading favicon for URL = http://static-ssl-cdn.addons.mozilla.net/img/uploads/addon_icons/2/2871-32.png with favicon URL = http://static-ssl-cdn.addons.mozilla.net/img/uploads/addon_icons/2/2871-32.png?modified=1330069888
07-12 11:30:11.518 13759 13761 D dalvikvm: GC_CONCURRENT freed 188K, 3% free 9971K/10247K, paused 4ms+6ms
07-12 11:30:11.702 13658 13659 D dalvikvm: GC_CONCURRENT freed 360K, 4% free 10775K/11207K, paused 21ms+11ms
07-12 11:30:11.866 13658 13659 D dalvikvm: GC_CONCURRENT freed 49K, 2% free 11336K/11463K, paused 1ms+6ms
07-12 11:30:12.213 13759 13761 D dalvikvm: GC_CONCURRENT freed 270K, 4% free 10146K/10503K, paused 6ms+7ms
07-12 11:30:12.694 13658 13781 D GeckoFavicons: Downloaded favicon successfully for URL = http://static-ssl-cdn.addons.mozilla.net/img/uploads/addon_icons/2/2871-32.png
07-12 11:30:12.702 13658 13781 D GeckoFavicons: Saving favicon on browser database for URL = http://static-ssl-cdn.addons.mozilla.net/img/uploads/addon_icons/2/2871-32.png
07-12 11:30:13.014 13658 13781 D GeckoFavicons: Saving favicon URL for URL = http://static-ssl-cdn.addons.mozilla.net/img/uploads/addon_icons/2/2871-32.png
07-12 11:30:13.014 13658 13781 D GeckoFavicons: Calling setFaviconUrlForPageUrl() for http://static-ssl-cdn.addons.mozilla.net/img/uploads/addon_icons/2/2871-32.png
07-12 11:30:13.139 13658 13658 D GeckoFavicons: LoadFaviconTask finished for URL = http://static-ssl-cdn.addons.mozilla.net/img/uploads/addon_icons/2/2871-32.png (2)
07-12 11:30:13.143 13658 13790 D GeckoFavicons: Favicon URL is now: jar:jar:file:///data/app/org.mozilla.firefox_beta-1.apk!/omni.ja!/chrome/chrome/content/branding/favicon32.png
07-12 11:30:13.143 13658 13790 D GeckoFavicons: Calling getFaviconUrlForPageUrl() for about:home
07-12 11:30:13.147 13658 13790 D GeckoFavicons: Downloading favicon for URL = about:home with favicon URL = jar:jar:file:///data/app/org.mozilla.firefox_beta-1.apk!/omni.ja!/chrome/chrome/content/branding/favicon32.png
07-12 11:30:13.412 13658 13659 D dalvikvm: GC_CONCURRENT freed 364K, 5% free 11670K/12167K, paused 2ms+6ms
07-12 11:30:13.612 13658 13790 D GeckoJarReader: Jar reader reached end of stack
07-12 11:30:13.616 13658 13790 D GeckoFavicons: Downloaded favicon successfully for URL = about:home
07-12 11:30:13.616 13658 13790 D GeckoFavicons: Saving favicon on browser database for URL = about:home
07-12 11:30:13.725 13658 13790 D GeckoFavicons: Saving favicon URL for URL = about:home
07-12 11:30:13.725 13658 13790 D GeckoFavicons: Calling setFaviconUrlForPageUrl() for about:home
07-12 11:30:13.803 13658 13658 D GeckoFavicons: LoadFaviconTask finished for URL = about:home (4)
07-12 11:30:13.807 13658 13658 I GeckoApp: Favicon successfully loaded for URL = about:home
07-12 11:30:13.807 13658 13658 I GeckoApp: Favicon is for current URL = about:home
07-12 11:30:13.811 13658 13658 I GeckoTab: Updated favicon for tab with id: 1
07-12 11:30:14.760   144   156 I ActivityManager: START {act=android.intent.action.MAIN cat=[android.intent.category.LAUNCHER] flg=0x10000000 pkg=com.twitter.android cmp=com.twitter.android/.StartActivity bnds=[120,254][240,404]} from pid 370
07-12 11:30:14.827   144   326 I ActivityManager: Start proc com.twitter.android for activity com.twitter.android/.HomeTabActivity: pid=13791 uid=10064 gids={3003, 1015}
07-12 11:30:14.850 13791 13791 I dalvikvm: Turning on JNI app bug workarounds for target SDK version 11...
07-12 11:30:14.912   144 10051 I ActivityManager: Process edu.buffalo.cse.phonelab.phonelabservices (pid 13304) has died.
07-12 11:30:14.924   370   370 D OpenGLRenderer: Flushing caches (mode 1)
07-12 11:30:14.928   144 10051 W ActivityManager: Scheduling restart of crashed service edu.buffalo.cse.phonelab.phonelabservices/edu.buffalo.cse.phonelab.datalogger.LoggerService in 64447ms
07-12 11:30:15.030 13791 13791 I ActivityThread: Pub com.twitter.android.provider.GlobalDatabaseProvider: com.twitter.android.provider.GlobalDatabaseProvider
07-12 11:30:15.034 13791 13791 I ActivityThread: Pub com.twitter.android.provider.TwitterProvider: com.twitter.android.provider.TwitterProvider
07-12 11:30:15.120   370   370 D OpenGLRenderer: Flushing caches (mode 0)
07-12 11:30:15.229 13791 13793 D dalvikvm: GC_CONCURRENT freed 179K, 3% free 9357K/9607K, paused 3ms+2ms
07-12 11:30:15.385   144   160 I Process : Sending signal. PID: 13791 SIG: 3
07-12 11:30:15.385 13791 13795 I dalvikvm: threadid=3: reacting to signal 3
07-12 11:30:15.561 13791 13795 I dalvikvm: Wrote stack traces to '/data/anr/traces.txt'
07-12 11:30:15.733 13791 13793 D dalvikvm: GC_CONCURRENT freed 150K, 3% free 9723K/9991K, paused 2ms+3ms
07-12 11:30:15.870   144   160 I Process : Sending signal. PID: 13791 SIG: 3
07-12 11:30:15.870 13791 13795 I dalvikvm: threadid=3: reacting to signal 3
07-12 11:30:15.901 13791 13795 I dalvikvm: Wrote stack traces to '/data/anr/traces.txt'
07-12 11:30:15.920 13791 13793 D dalvikvm: GC_CONCURRENT freed 145K, 3% free 10013K/10247K, paused 3ms+3ms
07-12 11:30:16.030   214   214 V PhoneStatusBar: setLightsOn(true)
07-12 11:30:16.057 13791 13791 D libEGL  : loaded /system/lib/egl/libGLES_android.so
07-12 11:30:16.065 13791 13791 D libEGL  : loaded /vendor/lib/egl/libEGL_POWERVR_SGX540_120.so
07-12 11:30:16.092 13791 13791 D libEGL  : loaded /vendor/lib/egl/libGLESv1_CM_POWERVR_SGX540_120.so
07-12 11:30:16.096 13791 13791 D libEGL  : loaded /vendor/lib/egl/libGLESv2_POWERVR_SGX540_120.so
07-12 11:30:16.330 13791 13791 D OpenGLRenderer: Enabling debug mode 0
07-12 11:30:16.370   144   160 I Process : Sending signal. PID: 13791 SIG: 3
07-12 11:30:16.370 13791 13795 I dalvikvm: threadid=3: reacting to signal 3
07-12 11:30:16.405 13791 13795 I dalvikvm: Wrote stack traces to '/data/anr/traces.txt'
07-12 11:30:16.459   144   174 I ActivityManager: Displayed com.twitter.android/.HomeTabActivity: +1s667ms
07-12 11:30:16.698 13791 13793 D dalvikvm: GC_CONCURRENT freed 216K, 3% free 10265K/10567K, paused 3ms+6ms
07-12 11:30:16.897  5714  5959 D androidNetworkLocationListeners: Still have listener com.google.android.location.internal.client.NetworkLocationClient$1@413bbf28
07-12 11:30:16.905  5714  5959 D androidNetworkLocationListeners: Still have listener com.google.android.location.internal.client.NetworkLocationClient$1@413bbf28
07-12 11:30:17.178   214   216 D dalvikvm: GC_CONCURRENT freed 397K, 55% free 9915K/22023K, paused 2ms+8ms
07-12 11:30:17.268   214   214 D dalvikvm: GC_FOR_ALLOC freed 678K, 56% free 9721K/22023K, paused 50ms
07-12 11:30:17.291 13791 13793 D dalvikvm: GC_CONCURRENT freed 219K, 4% free 10488K/10823K, paused 8ms+4ms
07-12 11:30:17.506   144  9084 I ActivityManager: Process com.instagram.android (pid 13538) has died.
07-12 11:30:17.518 13791 13793 D dalvikvm: GC_CONCURRENT freed 318K, 5% free 10567K/11015K, paused 2ms+2ms
07-12 11:30:17.666 13791 13793 D dalvikvm: GC_CONCURRENT freed 312K, 4% free 10699K/11143K, paused 2ms+7ms
07-12 11:30:17.838 13791 13793 D dalvikvm: GC_CONCURRENT freed 310K, 4% free 10832K/11271K, paused 2ms+3ms
07-12 11:30:18.221  5714  6034 D CellLocator: Primary cell miss in cache. Need server request.
07-12 11:30:18.221  5714  6034 D NetworkLocator: New location significantly newer than previous. Reporting it.
07-12 11:30:18.299 13791 13793 D dalvikvm: GC_CONCURRENT freed 296K, 4% free 11032K/11463K, paused 2ms+6ms
07-12 11:30:18.315  5714  5976 I System.out: [INFO:244843174]: LogSource: Running flush
07-12 11:30:18.315  5714  5981 I System.out: [INFO:244843176]: LogSource: Sending payload [bytes=614]
07-12 11:30:18.327  5714  5959 D androidNetworkLocationListeners: Still have listener com.google.android.location.internal.client.NetworkLocationClient$1@413bbf28
07-12 11:30:18.366 13658 13658 D OpenGLRenderer: Flushing caches (mode 1)
07-12 11:30:18.366   370   370 D OpenGLRenderer: Flushing caches (mode 1)
07-12 11:30:18.573   214   216 D dalvikvm: GC_CONCURRENT freed 469K, 56% free 9719K/22023K, paused 2ms+3ms
07-12 11:30:18.616   214   214 D dalvikvm: GC_FOR_ALLOC freed 422K, 56% free 9719K/22023K, paused 16ms
07-12 11:30:18.737   214   216 D dalvikvm: GC_CONCURRENT freed 492K, 56% free 9736K/22023K, paused 2ms+9ms
07-12 11:30:18.799  5714  5717 D dalvikvm: GC_CONCURRENT freed 776K, 11% free 11318K/12615K, paused 3ms+5ms
07-12 11:30:18.932 13791 13793 D dalvikvm: GC_CONCURRENT freed 395K, 5% free 11198K/11719K, paused 2ms+3ms
07-12 11:30:18.963  5714  5981 I System.out: [INFO:244843822]: LogSource: Response [http=200,length=351]
07-12 11:30:18.963  5714  5976 I System.out: [INFO:244843823]: LogSource: Read id 24, status code 200
07-12 11:30:18.983  5714  6034 D WifiLocator: Too many no-location APs. Will not compute a location nor go to the server. hasLocation=0 noLocation=0 cacheMiss=0
07-12 11:30:19.010 13658 13658 D OpenGLRenderer: Flushing caches (mode 1)
07-12 11:30:19.014   370   370 D OpenGLRenderer: Flushing caches (mode 1)
07-12 11:30:19.186 13791 13793 D dalvikvm: GC_CONCURRENT freed 621K, 7% free 11228K/11975K, paused 7ms+4ms
07-12 11:30:19.366 13791 13793 D dalvikvm: GC_CONCURRENT freed 509K, 6% free 11346K/11975K, paused 2ms+3ms
07-12 11:30:19.393   144   161 I ActivityManager: Start proc com.google.android.apps.maps:NetworkLocationService for service com.google.android.apps.maps/com.google.android.location.internal.server.NetworkLocationService: pid=13824 uid=10056 gids={3003, 1015}
07-12 11:30:19.553 13824 13827 D dalvikvm: GC_CONCURRENT freed 165K, 3% free 9370K/9607K, paused 4ms+2ms
07-12 11:30:19.795 13791 13793 D dalvikvm: GC_CONCURRENT freed 558K, 6% free 11490K/12167K, paused 2ms+3ms
07-12 11:30:20.037 13824 13827 D dalvikvm: GC_CONCURRENT freed 164K, 3% free 9684K/9927K, paused 1ms+3ms
07-12 11:30:20.307 13824 13827 D dalvikvm: GC_CONCURRENT freed 172K, 3% free 10067K/10311K, paused 2ms+3ms
07-12 11:30:20.459 13791 13793 D dalvikvm: GC_CONCURRENT freed 593K, 6% free 11631K/12359K, paused 2ms+3ms
07-12 11:30:20.557 13824 13827 D dalvikvm: GC_CONCURRENT freed 659K, 7% free 9944K/10631K, paused 2ms+1ms
07-12 11:30:20.616   144   161 I ActivityManager: Start proc com.google.android.apps.maps:FriendService for broadcast com.google.android.apps.maps/com.google.googlenav.friend.android.ServiceReceiver: pid=13845 uid=10056 gids={3003, 1015}
07-12 11:30:20.729 13845 13848 D dalvikvm: GC_CONCURRENT freed 168K, 3% free 9368K/9607K, paused 2ms+3ms
07-12 11:30:20.877 13845 13848 D dalvikvm: GC_CONCURRENT freed 204K, 3% free 9699K/9991K, paused 2ms+4ms
07-12 11:30:21.069 13824 13831 I dalvikvm: Total arena pages for JIT: 11
07-12 11:30:21.073 13824 13831 I dalvikvm: Total arena pages for JIT: 12
07-12 11:30:21.073 13824 13831 I dalvikvm: Total arena pages for JIT: 13
07-12 11:30:21.073 13824 13831 I dalvikvm: Total arena pages for JIT: 14
07-12 11:30:21.073 13824 13831 I dalvikvm: Total arena pages for JIT: 15
07-12 11:30:21.073 13824 13831 I dalvikvm: Total arena pages for JIT: 16
07-12 11:30:21.073 13824 13831 I dalvikvm: Total arena pages for JIT: 17
07-12 11:30:21.159 13824 13831 I dalvikvm: Total arena pages for JIT: 18
07-12 11:30:21.291   344   344 D SAN_SERVICE: *******************************************
07-12 11:30:21.291   344   344 D SAN_SERVICE: DM App Phone Service State - 0
07-12 11:30:21.291   344   344 D SAN_SERVICE: *******************************************
07-12 11:30:21.330 13824 13827 D dalvikvm: GC_CONCURRENT freed 249K, 5% free 10195K/10631K, paused 2ms+3ms
07-12 11:30:21.803 13824 13827 D dalvikvm: GC_CONCURRENT freed 432K, 5% free 10233K/10759K, paused 2ms+2ms
07-12 11:30:21.928 13791 13793 D dalvikvm: GC_CONCURRENT freed 637K, 7% free 11797K/12551K, paused 2ms+3ms
07-12 11:30:22.655 13791 13793 D dalvikvm: GC_CONCURRENT freed 587K, 6% free 12030K/12743K, paused 9ms+5ms
07-12 11:30:23.073 13791 13793 D dalvikvm: GC_CONCURRENT freed 695K, 7% free 12246K/13063K, paused 2ms+3ms
07-12 11:30:23.592 13791 13812 D dalvikvm: GC_FOR_ALLOC freed 732K, 7% free 12482K/13383K, paused 42ms
07-12 11:30:23.690 13791 13812 D dalvikvm: GC_FOR_ALLOC freed 178K, 8% free 12634K/13703K, paused 40ms
07-12 11:30:23.690 13791 13812 I dalvikvm-heap: Grow heap (frag case) to 12.778MB for 389062-byte allocation
07-12 11:30:23.737 13791 13819 D dalvikvm: GC_FOR_ALLOC freed 210K, 10% free 12804K/14087K, paused 35ms
07-12 11:30:24.436 13791 13793 D dalvikvm: GC_CONCURRENT freed 769K, 7% free 13186K/14087K, paused 2ms+4ms
07-12 11:30:27.846   344   344 D SAN_SERVICE: *******************************************
07-12 11:30:27.846   344   344 D SAN_SERVICE: DM App Phone Service State - 0
07-12 11:30:27.846   344   344 D SAN_SERVICE: *******************************************
07-12 11:30:28.432  6644  6647 D dalvikvm: GC_CONCURRENT freed 445K, 9% free 10324K/11271K, paused 16ms+3ms
07-12 11:30:28.780 13791 13793 D dalvikvm: GC_CONCURRENT freed 1380K, 11% free 13089K/14599K, paused 2ms+4ms
07-12 11:30:29.448   144   161 I ActivityManager: Start proc com.google.android.apps.googlevoice for service com.google.android.apps.googlevoice/.UpdateService: pid=13869 uid=10054 gids={3003, 1015}
07-12 11:30:29.834   144   144 I ActivityManager: Process com.google.android.talk (pid 12144) has died.
07-12 11:30:30.080 13869 13871 D dalvikvm: GC_CONCURRENT freed 241K, 4% free 9289K/9607K, paused 2ms+6ms
07-12 11:30:30.147 13658 13658 D OpenGLRenderer: Flushing caches (mode 1)
07-12 11:30:30.147   370   370 D OpenGLRenderer: Flushing caches (mode 1)
07-12 11:30:30.213 13791 13798 I dalvikvm: Jit: resizing JitTable from 4096 to 8192
07-12 11:30:30.405 13791 13791 D AndroidRuntime: Shutting down VM
07-12 11:30:30.405 13791 13791 W dalvikvm: threadid=1: thread exiting with uncaught exception (group=0x40a311f8)
07-12 11:30:30.436 13791 13791 E AndroidRuntime: FATAL EXCEPTION: main
07-12 11:30:30.436 13791 13791 E AndroidRuntime: java.lang.RuntimeException: Unable to create service com.twitter.android.platform.C2DMService: java.lang.IllegalArgumentException: File lokeshmandvekar@jabber.org/android9Wiw1D57.xml contains a path separator
07-12 11:30:30.436 13791 13791 E AndroidRuntime: 	at android.app.ActivityThread.handleCreateService(ActivityThread.java:2263)
07-12 11:30:30.436 13791 13791 E AndroidRuntime: 	at android.app.ActivityThread.access$1600(ActivityThread.java:123)
07-12 11:30:30.436 13791 13791 E AndroidRuntime: 	at android.app.ActivityThread$H.handleMessage(ActivityThread.java:1201)
07-12 11:30:30.436 13791 13791 E AndroidRuntime: 	at android.os.Handler.dispatchMessage(Handler.java:99)
07-12 11:30:30.436 13791 13791 E AndroidRuntime: 	at android.os.Looper.loop(Looper.java:137)
07-12 11:30:30.436 13791 13791 E AndroidRuntime: 	at android.app.ActivityThread.main(ActivityThread.java:4424)
07-12 11:30:30.436 13791 13791 E AndroidRuntime: 	at java.lang.reflect.Method.invokeNative(Native Method)
07-12 11:30:30.436 13791 13791 E AndroidRuntime: 	at java.lang.reflect.Method.invoke(Method.java:511)
07-12 11:30:30.436 13791 13791 E AndroidRuntime: 	at com.android.internal.os.ZygoteInit$MethodAndArgsCaller.run(ZygoteInit.java:784)
07-12 11:30:30.436 13791 13791 E AndroidRuntime: 	at com.android.internal.os.ZygoteInit.main(ZygoteInit.java:551)
07-12 11:30:30.436 13791 13791 E AndroidRuntime: 	at dalvik.system.NativeStart.main(Native Method)
07-12 11:30:30.436 13791 13791 E AndroidRuntime: Caused by: java.lang.IllegalArgumentException: File lokeshmandvekar@jabber.org/android9Wiw1D57.xml contains a path separator
07-12 11:30:30.436 13791 13791 E AndroidRuntime: 	at android.app.ContextImpl.makeFilename(ContextImpl.java:1596)
07-12 11:30:30.436 13791 13791 E AndroidRuntime: 	at android.app.ContextImpl.getSharedPrefsFile(ContextImpl.java:572)
07-12 11:30:30.436 13791 13791 E AndroidRuntime: 	at android.app.ContextImpl.getSharedPreferences(ContextImpl.java:581)
07-12 11:30:30.436 13791 13791 E AndroidRuntime: 	at android.content.ContextWrapper.getSharedPreferences(ContextWrapper.java:153)
07-12 11:30:30.436 13791 13791 E AndroidRuntime: 	at com.twitter.android.client.a.<init>(Unknown Source)
07-12 11:30:30.436 13791 13791 E AndroidRuntime: 	at com.twitter.android.platform.C2DMService.onCreate(Unknown Source)
07-12 11:30:30.436 13791 13791 E AndroidRuntime: 	at android.app.ActivityThread.handleCreateService(ActivityThread.java:2253)
07-12 11:30:30.436 13791 13791 E AndroidRuntime: 	... 10 more
07-12 11:30:30.440   144   376 W ActivityManager:   Force finishing activity com.twitter.android/.HomeTabActivity
07-12 11:30:30.702 13869 13871 D dalvikvm: GC_CONCURRENT freed 422K, 5% free 9434K/9927K, paused 3ms+3ms
07-12 11:30:30.705 13869 13878 W CursorWrapperInner: Cursor finalized without prior close()
07-12 11:30:30.705 13869 13878 W CursorWrapperInner: Cursor finalized without prior close()
07-12 11:30:30.705 13869 13878 W CursorWrapperInner: Cursor finalized without prior close()
07-12 11:30:30.791 12228 12239 D dalvikvm: GC_EXPLICIT freed 288K, 6% free 9832K/10439K, paused 6ms+6ms
07-12 11:30:30.901 13869 13871 D dalvikvm: GC_CONCURRENT freed 333K, 5% free 9633K/10055K, paused 2ms+2ms
07-12 11:30:30.963   144   160 W ActivityManager: Activity pause timeout for ActivityRecord{413389f0 com.twitter.android/.HomeTabActivity}
07-12 11:30:30.967   144   160 I Process : Sending signal. PID: 13791 SIG: 3
07-12 11:30:30.967 13791 13795 I dalvikvm: threadid=3: reacting to signal 3
07-12 11:30:31.022 13791 13795 I dalvikvm: Wrote stack traces to '/data/anr/traces.txt'
07-12 11:30:31.155   144   403 D dalvikvm: GC_EXPLICIT freed 1765K, 22% free 17582K/22343K, paused 7ms+11ms
07-12 11:30:31.256 13658 13658 D OpenGLRenderer: Flushing caches (mode 1)
07-12 11:30:31.299 13658 13658 D OpenGLRenderer: Flushing caches (mode 1)
07-12 11:30:31.338 13658 13658 D OpenGLRenderer: Flushing caches (mode 1)
07-12 11:30:31.366 13658 13658 D OpenGLRenderer: Flushing caches (mode 1)
07-12 11:30:31.393 13658 13658 D OpenGLRenderer: Flushing caches (mode 1)
07-12 11:30:31.416 13658 13658 D OpenGLRenderer: Flushing caches (mode 1)
07-12 11:30:31.448 13658 13658 D OpenGLRenderer: Flushing caches (mode 1)
07-12 11:30:31.495 13658 13658 D OpenGLRenderer: Flushing caches (mode 1)
07-12 11:30:31.537 13658 13658 D OpenGLRenderer: Flushing caches (mode 1)
07-12 11:30:31.580 13658 13658 D OpenGLRenderer: Flushing caches (mode 1)
07-12 11:30:31.623 13658 13658 D OpenGLRenderer: Flushing caches (mode 1)
07-12 11:30:31.682 12228 12231 D dalvikvm: GC_CONCURRENT freed 365K, 5% free 9926K/10439K, paused 2ms+9ms
07-12 11:30:31.784 13869 13897 D dalvikvm: GC_FOR_ALLOC freed 227K, 5% free 9813K/10247K, paused 72ms
07-12 11:30:31.834 13658 13658 D OpenGLRenderer: Flushing caches (mode 1)
07-12 11:30:32.088   144   376 I ActivityManager: START {act=android.intent.action.APP_ERROR flg=0x10000000 cmp=com.android.vending/com.google.android.finsky.activities.AppCrashProxy (has extras)} from pid 144
07-12 11:30:32.151 13791 13791 I Process : Sending signal. PID: 13791 SIG: 9
07-12 11:30:32.194   144  7984 I ActivityManager: Start proc com.android.vending for activity com.android.vending/com.google.android.finsky.activities.AppCrashProxy: pid=13900 uid=10046 gids={3003, 1015}
07-12 11:30:32.241   144   400 I ActivityManager: Process com.twitter.android (pid 13791) has died.
07-12 11:30:32.241   144   400 W ActivityManager: Scheduling restart of crashed service com.twitter.android/.service.ScribeService in 57133ms
07-12 11:30:32.241   144   400 W ActivityManager: Scheduling restart of crashed service com.twitter.android/.platform.TwitterDataSyncService in 67133ms
07-12 11:30:32.241   144   400 W ActivityManager: Scheduling restart of crashed service com.twitter.android/.platform.C2DMService in 77133ms
07-12 11:30:32.245   144   380 I WindowManager: WIN DEATH: Window{41b68558 com.twitter.android/com.twitter.android.HomeTabActivity paused=false}
07-12 11:30:32.252   370   370 D OpenGLRenderer: Flushing caches (mode 1)
07-12 11:30:32.256   144   168 D SyncManager: failed sync operation lokeshmandvekar (com.twitter.android.auth.login), com.twitter.android.provider.TwitterProvider, SERVER, earliestRunTime 256290735, SyncResult: stats [ numIoExceptions: 1]
07-12 11:30:32.311   144   168 D SyncManager: handleSyncHandlerMessage: dropping since the sync is no longer active: startTime 256290832, mTimeoutStartTime 256290832, mHistoryRowId 860, syncOperation lokeshmandvekar (com.twitter.android.auth.login), com.twitter.android.provider.TwitterProvider, SERVER, earliestRunTime 256290735
07-12 11:30:32.381 13900 13900 I ActivityThread: Pub com.google.android.finsky.QSBSuggestionsProvider: com.google.android.finsky.providers.QSBSuggestionsProvider
07-12 11:30:32.405 13900 13900 I ActivityThread: Pub com.google.android.finsky.AppIconProvider: com.google.android.finsky.providers.AppIconProvider
07-12 11:30:32.409 13900 13900 I ActivityThread: Pub com.google.android.finsky.RecentSuggestionsProvider: com.google.android.finsky.providers.RecentSuggestionsProvider
07-12 11:30:32.522  5714 27200 D dalvikvm: GC_EXPLICIT freed 199K, 11% free 11263K/12615K, paused 5ms+4ms
07-12 11:30:32.666 13900 13902 D dalvikvm: GC_CONCURRENT freed 234K, 4% free 9280K/9607K, paused 3ms+2ms
07-12 11:30:32.713   144   160 I Process : Sending signal. PID: 13900 SIG: 3
07-12 11:30:32.713 13900 13904 I dalvikvm: threadid=3: reacting to signal 3
07-12 11:30:32.776 13900 13904 I dalvikvm: Wrote stack traces to '/data/anr/traces.txt'
07-12 11:30:32.850 13900 13902 D dalvikvm: GC_CONCURRENT freed 294K, 4% free 9498K/9863K, paused 3ms+3ms
07-12 11:30:32.877 13900 13900 D Finsky  : [1] DailyHygiene.goMakeHygieneIfDirty: No need to run daily hygiene.
07-12 11:30:33.041 13900 13902 D dalvikvm: GC_CONCURRENT freed 513K, 6% free 9535K/10119K, paused 2ms+4ms
07-12 11:30:33.209   144   160 I Process : Sending signal. PID: 13900 SIG: 3
07-12 11:30:33.209 13900 13904 I dalvikvm: threadid=3: reacting to signal 3
07-12 11:30:33.272 13900 13904 I dalvikvm: Wrote stack traces to '/data/anr/traces.txt'
07-12 11:30:33.401 13900 13902 D dalvikvm: GC_CONCURRENT freed 329K, 5% free 9713K/10119K, paused 2ms+4ms
07-12 11:30:33.557 13900 13902 D dalvikvm: GC_CONCURRENT freed 417K, 5% free 9820K/10311K, paused 2ms+4ms
07-12 11:30:33.745   144   380 I ActivityManager: Start proc android.process.media for content provider com.android.providers.downloads/.DownloadProvider: pid=13932 uid=10012 gids={1015, 1023, 1024, 2001, 3003, 3007}
07-12 11:30:33.748   144   160 I Process : Sending signal. PID: 13900 SIG: 3
07-12 11:30:33.748 13900 13904 I dalvikvm: threadid=3: reacting to signal 3
07-12 11:30:33.799 13900 13902 D dalvikvm: GC_CONCURRENT freed 382K, 5% free 9963K/10439K, paused 3ms+4ms
07-12 11:30:33.811 13900 13904 I dalvikvm: Wrote stack traces to '/data/anr/traces.txt'
07-12 11:30:33.936 13932 13932 I ActivityThread: Pub downloads: com.android.providers.downloads.DownloadProvider
07-12 11:30:33.979 13932 13932 I ActivityThread: Pub drm: com.android.providers.drm.DrmProvider
07-12 11:30:33.979 13932 13946 I DownloadManager: in removeSpuriousFiles
07-12 11:30:33.995 13932 13932 I ActivityThread: Pub media: com.android.providers.media.MediaProvider
07-12 11:30:34.233 13932 13946 I DownloadManager: in removeSpuriousFiles, preserving file /data/data/com.android.providers.downloads/cache/metadata.json
07-12 11:30:34.233 13932 13946 I DownloadManager: in removeSpuriousFiles, preserving file /data/data/com.android.providers.downloads/cache/en_general.htm
07-12 11:30:34.233 13932 13946 I DownloadManager: in removeSpuriousFiles, preserving file /mnt/sdcard/Download/img-thing.jpeg
07-12 11:30:34.237 13932 13946 I DownloadManager: in removeSpuriousFiles, preserving file /data/data/com.android.providers.downloads/cache/metadata-1.json
07-12 11:30:34.237 13932 13946 I DownloadManager: in removeSpuriousFiles, preserving file /data/data/com.android.providers.downloads/cache/downloadfile.jpeg
07-12 11:30:34.237 13932 13946 I DownloadManager: in removeSpuriousFiles, preserving file /data/data/com.android.providers.downloads/cache/metadata-2.json
07-12 11:30:34.237 13932 13946 I DownloadManager: in removeSpuriousFiles, preserving file /data/data/com.android.providers.downloads/cache/metadata-3.json
07-12 11:30:34.237 13932 13946 I DownloadManager: in removeSpuriousFiles, preserving file /data/data/com.android.providers.downloads/cache/downloadfile-1.jpeg
07-12 11:30:34.237 13932 13946 I DownloadManager: in removeSpuriousFiles, preserving file /data/data/com.android.providers.downloads/cache/downloadfile-2.jpeg
07-12 11:30:34.237 13932 13946 I DownloadManager: in removeSpuriousFiles, preserving file /data/data/com.android.providers.downloads/cache/metadata-4.json
07-12 11:30:34.241 13932 13946 I DownloadManager: in removeSpuriousFiles, preserving file /data/data/com.android.providers.downloads/cache/metadata-5.json
07-12 11:30:34.241 13932 13946 I DownloadManager: in removeSpuriousFiles, preserving file /data/data/com.android.providers.downloads/cache/downloadfile.apk
07-12 11:30:34.248   144   160 I Process : Sending signal. PID: 13900 SIG: 3
07-12 11:30:34.248 13900 13904 I dalvikvm: threadid=3: reacting to signal 3
07-12 11:30:34.256 13932 13946 I DownloadManager: deleting spurious file /cache/backup
07-12 11:30:34.256 13932 13946 I DownloadManager: deleting spurious file /data/data/com.android.providers.downloads/cache/downloadfile-1.apk
07-12 11:30:34.295 13900 13904 I dalvikvm: Wrote stack traces to '/data/anr/traces.txt'
07-12 11:30:34.319 13900 13902 D dalvikvm: GC_CONCURRENT freed 323K, 5% free 10119K/10567K, paused 9ms+4ms
07-12 11:30:34.354   144   144 I ActivityManager: START {act=android.intent.action.APP_ERROR flg=0x10400000 pkg=com.google.android.feedback cmp=com.google.android.feedback/.FeedbackActivity (has extras)} from pid 13900
07-12 11:30:34.510 13900 13900 D Finsky  : [1] 2.run: Loaded library for account: [JtI6dlYpn2C-CMu_fZTfqcPsfoA]
07-12 11:30:34.510 13900 13900 D Finsky  : [1] 2.run: Finished loading 1 libraries.
07-12 11:30:34.534 13658 13658 D OpenGLRenderer: Flushing caches (mode 2)
07-12 11:30:34.534 13658 13658 D OpenGLRenderer: Flushing caches (mode 0)
07-12 11:30:34.534 13658 13658 W ManagedEGLContext: doTerminate failed: EGL count is 2 but managed count is 1
07-12 11:30:34.764   144   160 I Process : Sending signal. PID: 13900 SIG: 3
07-12 11:30:34.764 13900 13904 I dalvikvm: threadid=3: reacting to signal 3
07-12 11:30:34.827 13932 13935 D dalvikvm: GC_CONCURRENT freed 369K, 5% free 9166K/9607K, paused 5ms+2ms
07-12 11:30:34.858 13900 13904 I dalvikvm: Wrote stack traces to '/data/anr/traces.txt'
07-12 11:30:34.862   144   160 W ActivityManager: Activity pause timeout for ActivityRecord{4132b400 com.android.vending/com.google.android.finsky.activities.AppCrashProxy}
07-12 11:30:34.866   144   160 I Process : Sending signal. PID: 13900 SIG: 3
07-12 11:30:34.885 13900 13902 D dalvikvm: GC_CONCURRENT freed 496K, 6% free 10167K/10759K, paused 39ms+3ms
07-12 11:30:34.889 13900 13904 I dalvikvm: threadid=3: reacting to signal 3
07-12 11:30:34.912 13900 13904 I dalvikvm: Wrote stack traces to '/data/anr/traces.txt'
07-12 11:30:34.963 13900 13900 D libEGL  : loaded /system/lib/egl/libGLES_android.so
07-12 11:30:34.971 13900 13900 D libEGL  : loaded /vendor/lib/egl/libEGL_POWERVR_SGX540_120.so
07-12 11:30:34.987 13900 13900 D libEGL  : loaded /vendor/lib/egl/libGLESv1_CM_POWERVR_SGX540_120.so
07-12 11:30:34.991 13900 13900 D libEGL  : loaded /vendor/lib/egl/libGLESv2_POWERVR_SGX540_120.so
07-12 11:30:35.034   144   160 I ActivityManager: Start proc com.google.android.feedback for activity com.google.android.feedback/.FeedbackActivity: pid=13951 uid=10020 gids={1007, 3003}
07-12 11:30:35.073    79    79 D dalvikvm: GC_EXPLICIT freed 38K, 4% free 9031K/9347K, paused 1ms+5ms
07-12 11:30:35.116    79    79 D dalvikvm: GC_EXPLICIT freed <1K, 4% free 9031K/9347K, paused 1ms+2ms
07-12 11:30:35.155    79    79 D dalvikvm: GC_EXPLICIT freed <1K, 4% free 9031K/9347K, paused 2ms+2ms
07-12 11:30:35.198   370   370 D OpenGLRenderer: Flushing caches (mode 0)
07-12 11:30:35.225 13900 13900 D OpenGLRenderer: Enabling debug mode 0
07-12 11:30:35.256 13900 13900 D Finsky  : [1] DownloadImpl.setState: self-update-download from null to UNQUEUED.
07-12 11:30:35.256 13900 13900 D Finsky  : [1] DownloadQueueImpl.add: Download self-update-download added to DownloadQueue
07-12 11:30:35.268 13900 13900 D Finsky  : [1] DownloadImpl.setState: self-update-download from UNQUEUED to QUEUED.
07-12 11:30:35.323 13900 13900 D OpenGLRenderer: Flushing caches (mode 0)
07-12 11:30:35.350    83    83 I installd: free_cache(0) avail 466583552
07-12 11:30:35.424 13658 13658 D OpenGLRenderer: Flushing caches (mode 2)
07-12 11:30:35.424 13658 13658 D OpenGLRenderer: Flushing caches (mode 0)
07-12 11:30:35.428 13658 13658 W ManagedEGLContext: doTerminate failed: EGL count is 2 but managed count is 1
07-12 11:30:35.452 13900 13900 D Finsky  : [1] 3.run: onSaveInstanceState() called, not firing onReady().
07-12 11:30:35.452 13900 13900 D Finsky  : [1] DownloadQueueImpl.startDownload: Download self-update-download starting
07-12 11:30:35.495 13900 13900 D OpenGLRenderer: Flushing caches (mode 1)
07-12 11:30:35.522 13900 13900 D Finsky  : [1] 1.onPostExecute: Attempt recovery of content://downloads/my_downloads/756 200
07-12 11:30:35.526 13900 13900 D Finsky  : [1] 1.onPostExecute: Releasing content://downloads/my_downloads/756 200
07-12 11:30:35.768 13951 13951 D libEGL  : loaded /system/lib/egl/libGLES_android.so
07-12 11:30:35.772 13951 13951 D libEGL  : loaded /vendor/lib/egl/libEGL_POWERVR_SGX540_120.so
07-12 11:30:35.776 13951 13951 D libEGL  : loaded /vendor/lib/egl/libGLESv1_CM_POWERVR_SGX540_120.so
07-12 11:30:35.791 13951 13951 D libEGL  : loaded /vendor/lib/egl/libGLESv2_POWERVR_SGX540_120.so
07-12 11:30:35.811 13951 13971 D dalvikvm: GC_FOR_ALLOC freed 261K, 4% free 9275K/9607K, paused 44ms
07-12 11:30:35.823 13900 13900 D Finsky  : [1] DownloadImpl.setState: self-update-download from QUEUED to DOWNLOADING.
07-12 11:30:35.881 13951 13953 D dalvikvm: GC_CONCURRENT freed 229K, 5% free 9338K/9799K, paused 2ms+8ms
07-12 11:30:35.905 13951 13971 D dalvikvm: GC_FOR_ALLOC freed <1K, 5% free 9337K/9799K, paused 23ms
07-12 11:30:35.905 13951 13971 I dalvikvm-heap: Grow heap (frag case) to 9.312MB for 131228-byte allocation
07-12 11:30:35.916 13900 13900 D Finsky  : [1] DownloadQueueImpl.onStart: self-update-download: onStart
07-12 11:30:35.936 13951 13951 D dalvikvm: GC_FOR_ALLOC freed 85K, 7% free 9380K/9991K, paused 14ms
07-12 11:30:35.975 13951 13971 D dalvikvm: GC_FOR_ALLOC freed 54K, 7% free 9380K/9991K, paused 21ms
07-12 11:30:35.975 13951 13971 I dalvikvm-heap: Grow heap (frag case) to 9.416MB for 196838-byte allocation
07-12 11:30:36.006 13951 13951 D dalvikvm: GC_FOR_ALLOC freed 128K, 8% free 9444K/10247K, paused 19ms
07-12 11:30:36.065 13951 13971 D dalvikvm: GC_FOR_ALLOC freed 80K, 8% free 9444K/10247K, paused 34ms
07-12 11:30:36.065 13951 13971 I dalvikvm-heap: Grow heap (frag case) to 9.573MB for 295252-byte allocation
07-12 11:30:36.096 13951 13951 D dalvikvm: GC_FOR_ALLOC freed 192K, 10% free 9541K/10567K, paused 20ms
07-12 11:30:36.147 13951 13971 D dalvikvm: GC_FOR_ALLOC freed 121K, 10% free 9541K/10567K, paused 36ms
07-12 11:30:36.147 13951 13971 I dalvikvm-heap: Grow heap (frag case) to 9.808MB for 442874-byte allocation
07-12 11:30:36.170 13900 13900 D Finsky  : [1] DownloadQueueImpl.notifyProgress: self-update-download: onProgress 0/-1 Status: 190.
07-12 11:30:36.182 13951 13951 D dalvikvm: GC_FOR_ALLOC freed 288K, 13% free 9685K/11015K, paused 21ms
07-12 11:30:36.221 13951 13951 D OpenGLRenderer: Enabling debug mode 0
07-12 11:30:36.237   144   155 W InputManagerService: Got RemoteException sending setActive(false) notification to pid 13791 uid 10064
07-12 11:30:36.303 13951 13953 D dalvikvm: GC_CONCURRENT freed 155K, 12% free 9699K/11015K, paused 1ms+3ms
07-12 11:30:36.346 13951 13971 D dalvikvm: GC_FOR_ALLOC freed 24K, 12% free 9694K/11015K, paused 22ms
07-12 11:30:36.354 13951 13971 I dalvikvm-heap: Grow heap (frag case) to 10.168MB for 664306-byte allocation
07-12 11:30:36.393 13951 13953 D dalvikvm: GC_CONCURRENT freed 432K, 16% free 9910K/11719K, paused 2ms+2ms
07-12 11:30:36.428   320   324 D dalvikvm: GC_CONCURRENT freed 459K, 18% free 10433K/12615K, paused 3ms+8ms
07-12 11:30:36.487   144   174 I ActivityManager: Displayed com.google.android.feedback/.FeedbackActivity: +1s570ms (total +4s342ms)
07-12 11:30:36.616 13951 13971 D dalvikvm: GC_FOR_ALLOC freed 287K, 16% free 9910K/11719K, paused 27ms
07-12 11:30:36.620 13951 13971 I dalvikvm-heap: Grow heap (frag case) to 10.697MB for 996454-byte allocation
07-12 11:30:36.647 13951 13951 D dalvikvm: GC_FOR_ALLOC freed 648K, 20% free 10235K/12743K, paused 16ms
07-12 11:30:36.717 13951 13953 D dalvikvm: GC_CONCURRENT freed 241K, 20% free 10248K/12743K, paused 1ms+3ms
07-12 11:30:36.764 13951 13971 D dalvikvm: GC_FOR_ALLOC freed 171K, 20% free 10234K/12743K, paused 27ms
07-12 11:30:36.772 13951 13971 I dalvikvm-heap: Grow heap (frag case) to 11.489MB for 1494676-byte allocation
07-12 11:30:36.803 13951 13953 D dalvikvm: GC_CONCURRENT freed 973K, 25% free 10721K/14215K, paused 2ms+2ms
07-12 11:30:36.862 13951 13971 D dalvikvm: GC_FOR_ALLOC freed 230K, 25% free 10721K/14215K, paused 17ms
07-12 11:30:36.862 13951 13971 I dalvikvm-heap: Grow heap (frag case) to 11.663MB for 1178994-byte allocation
07-12 11:30:36.893 13951 13953 D dalvikvm: GC_CONCURRENT freed 0K, 17% free 11872K/14215K, paused 2ms+2ms
07-12 11:30:37.065 13951 13953 D dalvikvm: GC_CONCURRENT freed 2167K, 26% free 10621K/14215K, paused 1ms+3ms
07-12 11:30:37.135 13951 13953 D dalvikvm: GC_CONCURRENT freed 342K, 25% free 10724K/14215K, paused 1ms+5ms
07-12 11:30:37.186 13951 13953 D dalvikvm: GC_CONCURRENT freed 411K, 24% free 10879K/14215K, paused 2ms+7ms
07-12 11:30:37.221 13951 13971 D dalvikvm: GC_FOR_ALLOC freed 98K, 24% free 10879K/14215K, paused 29ms
07-12 11:30:37.221 13951 13971 I dalvikvm-heap: Grow heap (frag case) to 11.376MB for 716884-byte allocation
07-12 11:30:37.256 13951 13971 D dalvikvm: GC_FOR_ALLOC freed 467K, 22% free 11112K/14215K, paused 26ms
07-12 11:30:37.284 13951 13971 D dalvikvm: GC_FOR_ALLOC freed 181K, 22% free 11113K/14215K, paused 15ms
07-12 11:30:37.338 13951 13953 D dalvikvm: GC_CONCURRENT freed 1K, 18% free 11725K/14215K, paused 1ms+4ms
07-12 11:30:37.409 13900 13902 D dalvikvm: GC_CONCURRENT freed 364K, 5% free 10306K/10759K, paused 58ms+27ms
07-12 11:30:37.733 13900 13902 D dalvikvm: GC_CONCURRENT freed 180K, 3% free 10586K/10887K, paused 2ms+3ms
07-12 11:30:37.780 13900 13900 D Finsky  : [1] DownloadQueueImpl.notifyProgress: self-update-download: onProgress 0/-1 Status: 192.
07-12 11:30:37.916 13932 13977 I DownloadManager: Initiating request for download 758
07-12 11:30:37.959 13900 13902 D dalvikvm: GC_CONCURRENT freed 557K, 6% free 10567K/11207K, paused 2ms+3ms
07-12 11:30:38.233 13900 13902 D dalvikvm: GC_CONCURRENT freed 307K, 4% free 10774K/11207K, paused 2ms+3ms
07-12 11:30:38.264 13900 13900 D DfeApi  : [1] DfeRequest.deliverResponse: Not delivering second response for request=[[ ] https://android.clients.google.com/fdfe/library?c=3&dt=1&st=EPGkneqGJw%3D%3D%0A NORMAL 3]
07-12 11:30:38.264 13900 13900 D Volley  : [1] Request.finish: 3576 ms: [ ] https://android.clients.google.com/fdfe/library?c=3&dt=1&st=EPGkneqGJw%3D%3D%0A NORMAL 3
07-12 11:30:38.299 13900 13900 D Volley  : [1] Request.finish: 3054 ms: [ ] https://android.clients.google.com/fdfe/library?c=3&dt=1&st=EPGkneqGJw%3D%3D%0A NORMAL 4
07-12 11:30:38.549 13932 13935 D dalvikvm: GC_CONCURRENT freed 340K, 5% free 9268K/9735K, paused 6ms+3ms
07-12 11:30:38.584 13900 13902 D dalvikvm: GC_CONCURRENT freed 316K, 4% free 10955K/11399K, paused 2ms+7ms
07-12 11:30:38.702   344   344 D SAN_SERVICE: *******************************************
07-12 11:30:38.702   344   344 D SAN_SERVICE: DM App Phone Service State - 0
07-12 11:30:38.702   344   344 D SAN_SERVICE: *******************************************
07-12 11:30:39.479   144 10051 D AlarmManagerService: Kernel timezone updated to 240 minutes west of GMT
07-12 11:30:41.272   144   160 W ActivityManager: Activity destroy timeout for ActivityRecord{413389f0 com.twitter.android/.HomeTabActivity}
07-12 11:30:41.307 13658 13658 D SyncAdapter: AccountManager.get(org.mozilla.gecko.GeckoApplication@4132f630)
07-12 11:30:41.330 13658 13985 I SyncAdapter: Syncing account named lokeshmandvekar for client named 'Firefox Beta on Full Android on Crespo4G' with client guid V94sXC9gK7ko (sync account has 6 clients).
07-12 11:30:41.338 13658 13985 I SyncAdapter: Got onPerformSync. Extras bundle is Bundle[{upload=true}]
07-12 11:30:41.342 13658 13985 I SyncAdapter: Account name: lokeshmandvekar
07-12 11:30:41.342 13658 13985 D SyncAdapter: Invalidating auth token.
07-12 11:30:42.073 13658 13985 I SyncAdapter: Waiting on sync monitor.
07-12 11:30:42.229   144   160 I Process : Sending signal. PID: 13900 SIG: 3
07-12 11:30:42.229 13900 13904 I dalvikvm: threadid=3: reacting to signal 3
07-12 11:30:42.233 13658 13670 I SyncAuthService: AccountManager.get(org.mozilla.gecko.sync.setup.SyncAuthenticatorService@415f3d90)
07-12 11:30:42.237 13658 13670 I SyncAuthService: Setting username. Null? false
07-12 11:30:42.237 13658 13670 I SyncAuthService: Setting Sync Key. Null? false
07-12 11:30:42.284 13900 13904 I dalvikvm: Wrote stack traces to '/data/anr/traces.txt'
07-12 11:30:42.295 13658 13658 I SyncAdapter: AccountManagerCallback invoked.
07-12 11:30:42.315   144   402 D AlarmManagerService: Kernel timezone updated to 240 minutes west of GMT
07-12 11:30:42.518 13900 13902 D dalvikvm: GC_CONCURRENT freed 563K, 6% free 11075K/11719K, paused 2ms+8ms
07-12 11:30:42.537 13658 13658 D SyncAdapter: Username: lokeshmandvekar
07-12 11:30:42.545 13658 13658 D SyncAdapter: Server:   https://auth.services.mozilla.com/
07-12 11:30:42.565 13658 13658 D SyncAdapter: Password? true
07-12 11:30:42.573 13658 13658 D SyncAdapter: Key?      true
07-12 11:30:42.674 13658 13658 I SyncAdapter: Performing sync.
07-12 11:30:42.702 13951 13987 D dalvikvm: GC_FOR_ALLOC freed 735K, 19% free 11589K/14215K, paused 73ms
07-12 11:30:42.729   144   160 I Process : Sending signal. PID: 13900 SIG: 3
07-12 11:30:42.729 13900 13904 I dalvikvm: threadid=3: reacting to signal 3
07-12 11:30:42.807 13900 13921 D dalvikvm: GC_FOR_ALLOC freed 249K, 5% free 11291K/11847K, paused 49ms
07-12 11:30:42.815 13900 13904 I dalvikvm: Wrote stack traces to '/data/anr/traces.txt'
07-12 11:30:43.037 13951 13951 D GoogleFeedbackSendService: starting report scan
07-12 11:30:43.178 13951 13951 W IInputConnectionWrapper: showStatusIcon on inactive InputConnection
07-12 11:30:43.178   144  9303 W InputManagerService: Starting input on non-focused client com.android.internal.view.IInputMethodClient$Stub$Proxy@418153a0 (uid=10020 pid=13951)
07-12 11:30:43.229   144   160 I Process : Sending signal. PID: 13900 SIG: 3
07-12 11:30:43.229 13900 13904 I dalvikvm: threadid=3: reacting to signal 3
07-12 11:30:43.276 13900 13904 I dalvikvm: Wrote stack traces to '/data/anr/traces.txt'
07-12 11:30:43.381   344   344 D SAN_SERVICE: *******************************************
07-12 11:30:43.381   344   344 D SAN_SERVICE: DM App Phone Service State - 0
07-12 11:30:43.381   344   344 D SAN_SERVICE: *******************************************
07-12 11:30:43.541   144   174 I ActivityManager: Displayed com.android.vending/.AssetBrowserActivity: +11s330ms
07-12 11:30:43.541 13951 13951 D OpenGLRenderer: Flushing caches (mode 0)
07-12 11:30:43.682 13900 13902 D dalvikvm: GC_CONCURRENT freed 380K, 4% free 11712K/12167K, paused 2ms+12ms
07-12 11:30:44.006 13951 13994 W GoogleFeedbackSendService: sending report status: 204
07-12 11:30:44.006 13951 13951 D GoogleFeedbackSendService: finished report scan: scanAgain: false networkError: false
07-12 11:30:44.022   144   147 D dalvikvm: GC_CONCURRENT freed 2023K, 22% free 17489K/22343K, paused 8ms+13ms
07-12 11:30:44.069 13951 13951 D OpenGLRenderer: Flushing caches (mode 1)
07-12 11:30:44.092   144   380 I ActivityManager: Process com.android.providers.calendar (pid 13630) has died.
07-12 11:30:44.217 13658 13658 I GlobalSession: GlobalSession initialized with bundle Bundle[{upload=true}]
07-12 11:30:44.389 13658 13658 I SyncConfiguration: Set clusterURL from bundle: https://phx-sync128.services.mozilla.com/
07-12 11:30:44.389 13658 13658 I SyncConfiguration: Set syncID from bundle: SsvQEEWgXg7c
07-12 11:30:44.409 13658 13658 I SyncAdapter: Stage completed: idle
07-12 11:30:44.409 13658 13658 I GlobalSession: Running next stage checkPreconditions (org.mozilla.gecko.sync.stage.CheckPreconditionsStage@414abc40)...
07-12 11:30:44.409 13658 13658 I SyncAdapter: Stage completed: checkPreconditions
07-12 11:30:44.409 13658 13658 I GlobalSession: Running next stage ensureClusterURL (org.mozilla.gecko.sync.stage.EnsureClusterURLStage@414ccd70)...
07-12 11:30:44.409 13658 13658 I EnsureClusterURLStage: Cluster URL is already set and not stale. Continuing with sync.
07-12 11:30:44.409 13658 13658 I SyncAdapter: Stage completed: ensureClusterURL
07-12 11:30:44.409 13658 13658 I GlobalSession: Running next stage fetchInfoCollections (org.mozilla.gecko.sync.stage.FetchInfoCollectionsStage@4159e098)...
07-12 11:30:44.416 13658 13658 D OpenGLRenderer: Flushing caches (mode 1)
07-12 11:30:44.506 13932 13935 D dalvikvm: GC_CONCURRENT freed 368K, 6% free 9297K/9799K, paused 12ms+2ms
07-12 11:30:44.506   144   376 I ActivityManager: Process com.android.deskclock (pid 13619) has died.
07-12 11:30:44.565 13658 13659 D dalvikvm: GC_CONCURRENT freed 673K, 7% free 11899K/12679K, paused 3ms+11ms
07-12 11:30:45.002 13658 13658 D OpenGLRenderer: Flushing caches (mode 1)
07-12 11:30:45.006   370   370 D OpenGLRenderer: Flushing caches (mode 1)
07-12 11:30:45.022 13951 13951 D OpenGLRenderer: Flushing caches (mode 1)
07-12 11:30:45.276 13658 13999 I InfoCollections: info/collections is {"history":1.34210673386E9,"adblockplus":1.34175876947E9,"bookmarks":1.34175860381E9,"prefs":1.34209833944E9,"passwords":1.34210613285E9,"addons":1.34176087222E9,"crypto":1.32370693163E9,"meta":1.33648557571E9,"forms":1.34197303682E9,"clients":1.34209833245E9,"tabs":1.34210673418E9}
07-12 11:30:45.276 13658 13999 I FetchInfoCollStage: Got timestamps: 
07-12 11:30:45.276 13658 13999 I SyncAdapter: Stage completed: fetchInfoCollections
07-12 11:30:45.276 13658 13999 I GlobalSession: Running next stage fetchMetaGlobal (org.mozilla.gecko.sync.stage.FetchMetaGlobalStage@414d2b98)...
07-12 11:30:45.276 13658 13999 I FetchMetaGlobalStage: Trying to use persisted meta/global for this session.
07-12 11:30:45.299 13658 13999 I MetaGlobal: meta/global is {"storageVersion":5,"engines":{"history":{"version":1,"syncID":"01-e95SthD5J"},"adblockplus":{"version":1,"syncID":"rGMG9HqQ8upG"},"bookmarks":{"version":2,"syncID":"DGxUQGK3Brjl"},"passwords":{"version":1,"syncID":"TSHU3rEev3hw"},"prefs":{"version":2,"syncID":"syRuG3i8nTfN"},"addons":{"version":1,"syncID":"EOfhOHDJ_kpO"},"forms":{"version":1,"syncID":"-CIEkGBGj2cs"},"clients":{"version":1,"syncID":"dMvGPkFS5Xgi"},"tabs":{"version":1,"syncID":"Gu-a_LMebMpU"}},"syncID":"SsvQEEWgXg7c"}
07-12 11:30:45.299 13658 13999 I FetchMetaGlobalStage: Using persisted meta/global for this session.
07-12 11:30:45.303 13658 13999 I SyncAdapter: Stage completed: fetchMetaGlobal
07-12 11:30:45.303 13658 13999 I GlobalSession: Running next stage ensureKeysStage (org.mozilla.gecko.sync.stage.EnsureCrypto5KeysStage@41646e40)...
07-12 11:30:45.303 13658 13999 I EnsureC5KeysStage: Trying to use persisted collection keys for this session.
07-12 11:30:45.319   144   156 D AlarmManagerService: Kernel timezone updated to 240 minutes west of GMT
07-12 11:30:45.428   144  9303 D dalvikvm: GC_EXPLICIT freed 416K, 23% free 17383K/22343K, paused 2ms+7ms
07-12 11:30:45.459 13658 13999 I EnsureC5KeysStage: Using persisted collection keys for this session.
07-12 11:30:45.459 13658 13999 I SyncAdapter: Stage completed: ensureKeysStage
07-12 11:30:45.459 13658 13999 I GlobalSession: Running next stage syncClientsEngine (org.mozilla.gecko.sync.stage.SyncClientsEngineStage@41647290)...
07-12 11:30:45.584   344   344 D SAN_SERVICE: *******************************************
07-12 11:30:45.584   344   344 D SAN_SERVICE: DM App Phone Service State - 0
07-12 11:30:45.584   344   344 D SAN_SERVICE: *******************************************
07-12 11:30:45.608   144   326 I ActivityManager: Process com.android.calendar (pid 13603) has died.
07-12 11:30:45.756   344   344 D SAN_SERVICE: *******************************************
07-12 11:30:45.756   344   344 D SAN_SERVICE: DM App Phone Service State - 0
07-12 11:30:45.756   344   344 D SAN_SERVICE: *******************************************
07-12 11:30:46.174 13658 13659 D dalvikvm: GC_CONCURRENT freed 762K, 7% free 12011K/12871K, paused 2ms+77ms
07-12 11:30:47.159 13658 13989 D class ch.boye.httpclientandroidlib.impl.conn.tsccm.ThreadSafeClientConnManager: Closing expired connections
07-12 11:30:47.159 13658 13989 D class ch.boye.httpclientandroidlib.impl.conn.tsccm.ConnPoolByRoute: Closing expired connections
07-12 11:30:47.655 13658 13999 I SyncClientsEngineStage: Local client GUID exists on server and was downloaded
07-12 11:30:48.178 13900 13902 D dalvikvm: GC_CONCURRENT freed 714K, 7% free 11958K/12743K, paused 3ms+7ms
07-12 11:30:48.553 13900 13902 D dalvikvm: GC_CONCURRENT freed 849K, 8% free 12143K/13063K, paused 3ms+5ms
07-12 11:30:49.010 13900 13900 D Finsky  : [1] DownloadQueueImpl.notifyProgress: self-update-download: onProgress 5322241/5322241 Status: 200.
07-12 11:30:49.073   370   370 D OpenGLRenderer: Flushing caches (mode 2)
07-12 11:30:49.080 13900 13900 D Finsky  : [1] DownloadBroadcastReceiver.onReceive: Intent received at DownloadBroadcastReceiver
07-12 11:30:49.100   370   370 D OpenGLRenderer: Flushing caches (mode 0)
07-12 11:30:49.178 13900 13900 D Finsky  : [1] DownloadImpl.setState: self-update-download from DOWNLOADING to SUCCESS.
07-12 11:30:49.190 13900 13900 D Finsky  : [1] DownloadQueueImpl.onComplete: self-update-download: onComplete
07-12 11:30:49.190 13900 13900 D Finsky  : [1] DownloadQueueImpl.remove: Download self-update-download removed from DownloadQueue
07-12 11:30:49.198 13900 13900 D Finsky  : [1] SelfUpdateScheduler.onComplete: Self-update ready to be installed, waiting for market to close.
07-12 11:30:49.217    83    83 I installd: free_cache(0) avail 466542592
07-12 11:30:49.612 13869 13890 W System.err: com.google.android.apps.googlevoice.net.VoiceServiceException: Voice service failed [INVALID_AUTH_TOKEN]
07-12 11:30:49.623 13869 13890 W System.err: 	at com.google.android.apps.googlevoice.net.masf.MASFVoiceService.checkCredentials(MASFVoiceService.java:107)
07-12 11:30:49.623 13869 13890 W System.err: 	at com.google.android.apps.googlevoice.net.masf.MASFVoiceService.getAuthToken(MASFVoiceService.java:95)
07-12 11:30:49.623 13869 13890 W System.err: 	at com.google.android.apps.googlevoice.net.masf.MASFGetBackendInfoRpc.createRequestPayload(MASFGetBackendInfoRpc.java:34)
07-12 11:30:49.623 13869 13890 W System.err: 	at com.google.android.apps.googlevoice.net.masf.MASFApiRpc.requestSubmit(MASFApiRpc.java:160)
07-12 11:30:49.623 13869 13890 W System.err: 	at com.google.android.apps.googlevoice.net.masf.MASFApiRpc.run(MASFApiRpc.java:141)
07-12 11:30:49.627 13869 13890 W System.err: 	at com.googlex.common.task.AbstractTask.run(Unknown Source)
07-12 11:30:49.627 13869 13890 W System.err: 	at com.googlex.common.task.AbstractTask.runInternal(Unknown Source)
07-12 11:30:49.627 13869 13890 W System.err: 	at com.googlex.common.task.TaskRunner.run(Unknown Source)
07-12 11:30:49.627 13869 13890 W System.err: 	at com.googlex.common.lang.BaseThreadFactory$ThreadImpl.run(Unknown Source)
07-12 11:30:49.631 13869 13890 E GoogleVoice: ShadowNumberRefreshService: Failed to get backend info!
07-12 11:30:49.631 13869 13890 E GoogleVoice: com.google.android.apps.googlevoice.net.VoiceServiceException: Voice service failed [INVALID_AUTH_TOKEN]
07-12 11:30:49.631 13869 13890 E GoogleVoice: 	at com.google.android.apps.googlevoice.net.masf.MASFVoiceService.checkCredentials(MASFVoiceService.java:107)
07-12 11:30:49.631 13869 13890 E GoogleVoice: 	at com.google.android.apps.googlevoice.net.masf.MASFVoiceService.getAuthToken(MASFVoiceService.java:95)
07-12 11:30:49.631 13869 13890 E GoogleVoice: 	at com.google.android.apps.googlevoice.net.masf.MASFGetBackendInfoRpc.createRequestPayload(MASFGetBackendInfoRpc.java:34)
07-12 11:30:49.631 13869 13890 E GoogleVoice: 	at com.google.android.apps.googlevoice.net.masf.MASFApiRpc.requestSubmit(MASFApiRpc.java:160)
07-12 11:30:49.631 13869 13890 E GoogleVoice: 	at com.google.android.apps.googlevoice.net.masf.MASFApiRpc.run(MASFApiRpc.java:141)
07-12 11:30:49.631 13869 13890 E GoogleVoice: 	at com.googlex.common.task.AbstractTask.run(Unknown Source)
07-12 11:30:49.631 13869 13890 E GoogleVoice: 	at com.googlex.common.task.AbstractTask.runInternal(Unknown Source)
07-12 11:30:49.631 13869 13890 E GoogleVoice: 	at com.googlex.common.task.TaskRunner.run(Unknown Source)
07-12 11:30:49.631 13869 13890 E GoogleVoice: 	at com.googlex.common.lang.BaseThreadFactory$ThreadImpl.run(Unknown Source)
07-12 11:30:49.655 13658 13999 D dalvikvm: GC_FOR_ALLOC freed 840K, 9% free 11947K/13127K, paused 132ms
07-12 11:30:49.741 13658 13999 I SyncAdapter: Stage completed: syncClientsEngine
07-12 11:30:49.741 13658 13999 I GlobalSession: Running next stage syncTabs (org.mozilla.gecko.sync.stage.FennecTabsServerSyncStage@415be8f0)...
07-12 11:30:49.768 13658 13999 I SynchronizerSession: Starting A to B flow. Channel is org.mozilla.gecko.sync.synchronizer.RecordsChannel@41617b28
07-12 11:30:49.768 13658 13999 I RecordsChannel: Beginning source.
07-12 11:30:49.772 13658 14008 I RecordsChannel: Source session began. Beginning sink session.
07-12 11:30:49.791 13658 14009 I RecordsChannel: Sink session began. Beginning flow.
07-12 11:30:50.135 13900 13902 D dalvikvm: GC_CONCURRENT freed 954K, 8% free 12222K/13255K, paused 8ms+9ms
07-12 11:30:50.311 13658 13665 I dalvikvm: Total arena pages for JIT: 11
07-12 11:30:50.311 13658 13665 I dalvikvm: Total arena pages for JIT: 12
07-12 11:30:50.311 13658 13665 I dalvikvm: Total arena pages for JIT: 13
07-12 11:30:50.311 13658 13665 I dalvikvm: Total arena pages for JIT: 14
07-12 11:30:50.311 13658 13665 I dalvikvm: Total arena pages for JIT: 15
07-12 11:30:50.315 13658 13665 I dalvikvm: Total arena pages for JIT: 16
07-12 11:30:50.315 13658 13665 I dalvikvm: Total arena pages for JIT: 17
07-12 11:30:50.467   344   344 D SAN_SERVICE: *******************************************
07-12 11:30:50.467   344   344 D SAN_SERVICE: DM App Phone Service State - 0
07-12 11:30:50.471   344   344 D SAN_SERVICE: *******************************************
07-12 11:30:50.631 13658 13659 D dalvikvm: GC_CONCURRENT freed 796K, 8% free 12125K/13127K, paused 7ms+26ms
07-12 11:30:50.729 13658 13665 I dalvikvm: Total arena pages for JIT: 18
07-12 11:30:51.100 13658 13659 D dalvikvm: GC_CONCURRENT freed 1111K, 10% free 12056K/13255K, paused 3ms+17ms
07-12 11:30:51.170 13658 14009 I RecordsChannel: onFetchCompleted. Stopping consumer once stores are done.
07-12 11:30:51.170 13658 14009 I RecordsChannel: Fetch timestamp is 1342107050320
07-12 11:30:51.170 13658 13999 I CRecordConsumer: Consumer is done. Processed 1 record.
07-12 11:30:52.159 13658 13989 D class ch.boye.httpclientandroidlib.impl.conn.tsccm.ThreadSafeClientConnManager: Closing expired connections
07-12 11:30:52.159 13658 13989 D class ch.boye.httpclientandroidlib.impl.conn.tsccm.ConnPoolByRoute: Closing expired connections
07-12 11:30:54.580   144  7984 D AlarmManagerService: Kernel timezone updated to 240 minutes west of GMT
07-12 11:30:54.741 13658 14010 I RecordsChannel: onStoreCompleted. Notifying delegate of onFlowCompleted. Fetch end is 1342107050320, store end is 1342107051178
07-12 11:30:54.741 13658 14010 I SynchronizerSession: First RecordsChannel onFlowCompleted.
07-12 11:30:54.741 13658 14010 I SynchronizerSession: Fetch end is 1342107050320. Store end is 1342107051178. Starting next.
07-12 11:30:54.741 13658 14010 I RecordsChannel: onFetchCompleted. Stopping consumer once stores are done.
07-12 11:30:54.745 13658 14010 I RecordsChannel: Fetch timestamp is 1342107054748
07-12 11:30:54.745 13658 13999 I CRecordConsumer: Consumer is done. Processed 0 records.
07-12 11:30:54.760 13658 14011 I RecordsChannel: onStoreCompleted. Notifying delegate of onFlowCompleted. Fetch end is 1342107054748, store end is 0
07-12 11:30:54.760 13658 14011 I SynchronizerSession: Second RecordsChannel onFlowCompleted.
07-12 11:30:54.760 13658 14011 I SynchronizerSession: Fetch end is 1342107054748. Store end is 0. Finishing.
07-12 11:30:54.760 13658 14011 I SynchronizerSession: onFinishSucceeded. Flows? true, true
07-12 11:30:54.760 13658 14011 I SynchronizerSession: onFinishSucceeded: bumping session A's timestamp to 1342107050320 or 0
07-12 11:30:54.760 13658 14011 D RepositorySessionBundle: Setting timestamp on RepositorySessionBundle to 1342107050320
07-12 11:30:54.760 13658 14011 I SynchronizerSession: Finishing session B.
07-12 11:30:54.760 13658 14009 I SynchronizerSession: onFinishSucceeded. Flows? true, true
07-12 11:30:54.760 13658 14009 I SynchronizerSession: onFinishSucceeded: bumping session B's timestamp to 1342107054748 or 1342107051178
07-12 11:30:54.760 13658 14009 D RepositorySessionBundle: Setting timestamp on RepositorySessionBundle to 1342107054748
07-12 11:30:54.760 13658 14009 I SynchronizerSession: Notifying delegate.onSynchronized.
07-12 11:30:54.764 13658 14009 D SyncDelSDelegate: Got onSynchronized.
07-12 11:30:54.764 13658 14009 D SyncDelSDelegate: Notifying SynchronizerDelegate.
07-12 11:30:54.780 13658 14011 I RepositorySession: Shutting down work queues.
07-12 11:30:54.780 13658 14011 I RepositorySession: Shutting down work queues.
07-12 11:30:54.799 13658 14009 I ServerSyncStage: Advancing session.
07-12 11:30:54.799 13658 14009 I SyncAdapter: Stage completed: syncTabs
07-12 11:30:54.799 13658 14009 I GlobalSession: Running next stage syncPasswords (org.mozilla.gecko.sync.stage.PasswordsServerSyncStage@414a7d80)...
07-12 11:30:54.959   144   376 I ActivityManager: Start proc org.mozilla.firefox_beta.PasswordsProvider for content provider org.mozilla.firefox_beta/.db.PasswordsProvider: pid=14012 uid=10061 gids={3003, 1015, 1006}
07-12 11:30:55.112 14012 14012 I ActivityThread: Pub org.mozilla.firefox_beta.db.passwords: org.mozilla.firefox_beta.db.PasswordsProvider
07-12 11:30:55.120 14012 14012 D dalvikvm: Trying to load lib /data/data/org.mozilla.firefox_beta/lib/libmozglue.so 0x4130d8d0
07-12 11:30:55.131 14012 14012 D dalvikvm: Added shared lib /data/data/org.mozilla.firefox_beta/lib/libmozglue.so 0x4130d8d0
07-12 11:30:55.131 14012 14012 D dalvikvm: No JNI_OnLoad found in /data/data/org.mozilla.firefox_beta/lib/libmozglue.so 0x4130d8d0, skipping init
07-12 11:30:55.151 13658 13999 I SynchronizerSession: Starting A to B flow. Channel is org.mozilla.gecko.sync.synchronizer.RecordsChannel@4168e210
07-12 11:30:55.151 13658 13999 I RecordsChannel: Beginning source.
07-12 11:30:55.225 13658 13659 D dalvikvm: GC_CONCURRENT freed 1074K, 10% free 11993K/13255K, paused 5ms+38ms
07-12 11:30:55.260 13658 14025 I RecordsChannel: Source session began. Beginning sink session.
07-12 11:30:55.260 13658 14026 I RecordsChannel: Sink session began. Beginning flow.
07-12 11:30:55.444 13658 14026 I RecordsChannel: onFetchCompleted. Stopping consumer once stores are done.
07-12 11:30:55.444 13658 14026 I RecordsChannel: Fetch timestamp is 1342107055770
07-12 11:30:55.448 13658 13999 I CRecordConsumer: Consumer is done. Processed 0 records.
07-12 11:30:55.487 14012 14023 D GeckoProfile: Found profile dir: /data/data/org.mozilla.firefox_beta/files/mozilla/r0zhquk7.default
07-12 11:30:55.491 14012 14023 D dalvikvm: Trying to load lib /data/data/org.mozilla.firefox_beta/lib/libmozglue.so 0x4130d8d0
07-12 11:30:55.491 14012 14023 D dalvikvm: Shared lib '/data/data/org.mozilla.firefox_beta/lib/libmozglue.so' already loaded in same CL 0x4130d8d0
07-12 11:30:55.534 14012 14023 E GeckoLibLoad: Load sqlite start
07-12 11:30:55.573 14012 14023 E GeckoLinker: /data/app/org.mozilla.firefox_beta-1.apk!/libmozsqlite3.so: Warning: relocation to NULL @0x00052db4
07-12 11:30:55.573 14012 14023 E GeckoLinker: /data/app/org.mozilla.firefox_beta-1.apk!/libmozsqlite3.so: Warning: relocation to NULL @0x00052cb0 for symbol "__cxa_begin_cleanup"
07-12 11:30:55.573 14012 14023 E GeckoLinker: /data/app/org.mozilla.firefox_beta-1.apk!/libmozsqlite3.so: Warning: relocation to NULL @0x00052d1c for symbol "__cxa_type_match"
07-12 11:30:55.577 14012 14023 E GeckoLibLoad: Load sqlite done
07-12 11:30:55.577 14012 14023 D dalvikvm: Trying to load lib /data/data/org.mozilla.firefox_beta/lib/libmozglue.so 0x4130d8d0
07-12 11:30:55.577 14012 14023 D dalvikvm: Shared lib '/data/data/org.mozilla.firefox_beta/lib/libmozglue.so' already loaded in same CL 0x4130d8d0
07-12 11:30:55.577 14012 14023 E GeckoLibLoad: Load nss start
07-12 11:30:55.705 14012 14023 E GeckoLinker: /data/app/org.mozilla.firefox_beta-1.apk!/libnspr4.so: Warning: relocation to NULL @0x00020de0
07-12 11:30:55.709 14012 14023 E GeckoLinker: /data/app/org.mozilla.firefox_beta-1.apk!/libnspr4.so: Warning: relocation to NULL @0x00020b98 for symbol "__cxa_begin_cleanup"
07-12 11:30:55.709 14012 14023 E GeckoLinker: /data/app/org.mozilla.firefox_beta-1.apk!/libnspr4.so: Warning: relocation to NULL @0x00020cb0 for symbol "__cxa_type_match"
07-12 11:30:55.717 14012 14023 E GeckoLibLoad: Load nss done
07-12 11:30:56.264 13900 13902 D dalvikvm: GC_CONCURRENT freed 1257K, 10% free 12055K/13383K, paused 6ms+6ms
07-12 11:30:56.897 13658 14027 I RecordsChannel: onStoreCompleted. Notifying delegate of onFlowCompleted. Fetch end is 1342107055770, store end is 1342107055452
07-12 11:30:56.897 13658 14027 I SynchronizerSession: First RecordsChannel onFlowCompleted.
07-12 11:30:56.897 13658 14027 I SynchronizerSession: Fetch end is 1342107055770. Store end is 1342107055452. Starting next.
07-12 11:30:56.916 13658 14026 I RecordsChannel: onFetchCompleted. Stopping consumer once stores are done.
07-12 11:30:56.916 13658 14026 I RecordsChannel: Fetch timestamp is 1342107056903
07-12 11:30:56.916 13658 13999 I CRecordConsumer: Consumer is done. Processed 0 records.
07-12 11:30:56.932 13900 13900 D Finsky  : [1] DetailsDataBasedFragment.rebindViews: Page [class=DetailsFragment] loaded in [1347 ms] (partial? false)
07-12 11:30:56.940 13658 14029 I RecordsChannel: onStoreCompleted. Notifying delegate of onFlowCompleted. Fetch end is 1342107056903, store end is 0
07-12 11:30:56.940 13658 14029 I SynchronizerSession: Second RecordsChannel onFlowCompleted.
07-12 11:30:56.940 13658 14029 I SynchronizerSession: Fetch end is 1342107056903. Store end is 0. Finishing.
07-12 11:30:56.940 13658 14029 I SynchronizerSession: onFinishSucceeded. Flows? true, true
07-12 11:30:56.940 13658 14029 I SynchronizerSession: onFinishSucceeded: bumping session A's timestamp to 1342107055770 or 0
07-12 11:30:56.940 13658 14029 D RepositorySessionBundle: Setting timestamp on RepositorySessionBundle to 1342107055770
07-12 11:30:56.940 13658 14029 I SynchronizerSession: Finishing session B.
07-12 11:30:56.944 13658 14026 I SynchronizerSession: onFinishSucceeded. Flows? true, true
07-12 11:30:56.944 13658 14026 I SynchronizerSession: onFinishSucceeded: bumping session B's timestamp to 1342107056903 or 1342107055452
07-12 11:30:56.944 13658 14026 D RepositorySessionBundle: Setting timestamp on RepositorySessionBundle to 1342107056903
07-12 11:30:56.944 13658 14026 I SynchronizerSession: Notifying delegate.onSynchronized.
07-12 11:30:56.944 13658 14026 D SyncDelSDelegate: Got onSynchronized.
07-12 11:30:56.944 13658 14026 D SyncDelSDelegate: Notifying SynchronizerDelegate.
07-12 11:30:56.952 13658 14029 I RepositorySession: Shutting down work queues.
07-12 11:30:56.952 13658 14029 I RepositorySession: Shutting down work queues.
07-12 11:30:56.967 13658 14026 I ServerSyncStage: Advancing session.
07-12 11:30:56.967 13658 14026 I SyncAdapter: Stage completed: syncPasswords
07-12 11:30:56.967 13658 14026 I GlobalSession: Running next stage syncBookmarks (org.mozilla.gecko.sync.stage.AndroidBrowserBookmarksServerSyncStage@415dda40)...
07-12 11:30:56.983 13658 13999 I SynchronizerSession: Starting A to B flow. Channel is org.mozilla.gecko.sync.synchronizer.RecordsChannel@416a0bc0
07-12 11:30:56.983 13658 13999 I RecordsChannel: Beginning source.
07-12 11:30:56.983 13658 14032 I RecordsChannel: Source session began. Beginning sink session.
07-12 11:30:57.159 13658 13989 D class ch.boye.httpclientandroidlib.impl.conn.tsccm.ThreadSafeClientConnManager: Closing expired connections
07-12 11:30:57.166 13658 13989 D class ch.boye.httpclientandroidlib.impl.conn.tsccm.ConnPoolByRoute: Closing expired connections
07-12 11:30:57.241 13951 13951 D OpenGLRenderer: Flushing caches (mode 1)
07-12 11:30:57.241 13658 13658 D OpenGLRenderer: Flushing caches (mode 1)
07-12 11:30:57.287 13658 13658 D OpenGLRenderer: Flushing caches (mode 1)
07-12 11:30:57.291 13951 13951 D OpenGLRenderer: Flushing caches (mode 1)
07-12 11:30:57.350 13658 14032 I BrowserRepoSession: BEGIN: checking database.
07-12 11:30:57.377 13900 13902 D dalvikvm: GC_CONCURRENT freed 583K, 7% free 12483K/13383K, paused 3ms+6ms
07-12 11:30:57.440 13900 13900 D Finsky  : [1] DetailsDataBasedFragment.rebindViews: Page [class=DetailsFragment] loaded in [1859 ms] (partial? true)
07-12 11:30:57.510 13658 14032 I BrowserRepoSession: END: checking database.
07-12 11:30:57.510 13658 14033 I RecordsChannel: Sink session began. Beginning flow.
07-12 11:30:57.584 13900 13924 D dalvikvm: GC_FOR_ALLOC freed 490K, 7% free 12940K/13767K, paused 55ms
07-12 11:30:57.862 13658 14033 I RecordsChannel: onFetchCompleted. Stopping consumer once stores are done.
07-12 11:30:57.862 13658 14033 I RecordsChannel: Fetch timestamp is 1342107058220
07-12 11:30:57.862 13658 13999 I CRecordConsumer: Consumer is done. Processed 0 records.
07-12 11:30:57.866 13658 14034 I RecordsChannel: onStoreCompleted. Notifying delegate of onFlowCompleted. Fetch end is 1342107058220, store end is 1342107057870
07-12 11:30:57.866 13658 14034 I SynchronizerSession: First RecordsChannel onFlowCompleted.
07-12 11:30:57.866 13658 14034 I SynchronizerSession: Fetch end is 1342107058220. Store end is 1342107057870. Starting next.
07-12 11:30:57.866 13658 14034 I BrowserRepoSession: Running fetchSince(1342069315274).
07-12 11:30:57.870 13658 14033 I RecordsChannel: onFetchCompleted. Stopping consumer once stores are done.
07-12 11:30:57.870 13658 14033 I RecordsChannel: Fetch timestamp is 1342107057871
07-12 11:30:57.912 13658 13999 I CRecordConsumer: Consumer is done. Processed 0 records.
07-12 11:30:57.936 13900 13902 D dalvikvm: GC_CONCURRENT freed 589K, 5% free 13680K/14343K, paused 3ms+7ms
07-12 11:30:57.998 13658 14035 I RecordsChannel: onStoreCompleted. Notifying delegate of onFlowCompleted. Fetch end is 1342107057871, store end is 0
07-12 11:30:58.002 13658 14035 I SynchronizerSession: Second RecordsChannel onFlowCompleted.
07-12 11:30:58.006 13658 14035 I SynchronizerSession: Fetch end is 1342107057871. Store end is 0. Finishing.
07-12 11:30:58.006 13658 14035 I SynchronizerSession: onFinishSucceeded. Flows? true, true
07-12 11:30:58.010 13658 14035 I SynchronizerSession: onFinishSucceeded: bumping session A's timestamp to 1342107058220 or 0
07-12 11:30:58.010 13658 14035 D RepositorySessionBundle: Setting timestamp on RepositorySessionBundle to 1342107058220
07-12 11:30:58.010 13658 14035 I SynchronizerSession: Finishing session B.
07-12 11:30:58.010 13658 14033 I SynchronizerSession: onFinishSucceeded. Flows? true, true
07-12 11:30:58.010 13658 14033 I SynchronizerSession: onFinishSucceeded: bumping session B's timestamp to 1342107057871 or 1342107057870
07-12 11:30:58.010 13658 14033 D RepositorySessionBundle: Setting timestamp on RepositorySessionBundle to 1342107057871
07-12 11:30:58.010 13658 14033 I SynchronizerSession: Notifying delegate.onSynchronized.
07-12 11:30:58.010 13658 14033 D SyncDelSDelegate: Got onSynchronized.
07-12 11:30:58.010 13658 14033 D SyncDelSDelegate: Notifying SynchronizerDelegate.
07-12 11:30:58.014 13658 14035 I RepositorySession: Shutting down work queues.
07-12 11:30:58.014 13658 14035 I RepositorySession: Shutting down work queues.
07-12 11:30:58.037 13900 13907 I dalvikvm: Jit: resizing JitTable from 4096 to 8192
07-12 11:30:58.120 13658 14033 I ServerSyncStage: Advancing session.
07-12 11:30:58.120 13658 14033 I SyncAdapter: Stage completed: syncBookmarks
07-12 11:30:58.120 13658 14033 I GlobalSession: Running next stage syncHistory (org.mozilla.gecko.sync.stage.AndroidBrowserHistoryServerSyncStage@413c9630)...
07-12 11:30:58.444 13658 14033 D dalvikvm: GC_FOR_ALLOC freed 781K, 10% free 11991K/13255K, paused 320ms
07-12 11:30:58.502 13658 14036 I SynchronizerSession: Starting A to B flow. Channel is org.mozilla.gecko.sync.synchronizer.RecordsChannel@416a2f70
07-12 11:30:58.506 13658 14036 I RecordsChannel: Beginning source.
07-12 11:30:58.510 13658 14037 I RecordsChannel: Source session began. Beginning sink session.
07-12 11:30:59.108 13658 14037 I BrowserRepoSession: BEGIN: checking database.
07-12 11:30:59.162 13658 14037 I BrowserRepoSession: END: checking database.
07-12 11:30:59.162 13658 14038 I RecordsChannel: Sink session began. Beginning flow.
07-12 11:30:59.440   144   161 I ActivityManager: Start proc com.android.sprintmenu for service com.android.sprintmenu/.HiddenPhoneService: pid=14039 uid=1001 gids={3002, 3001, 3003, 1015}
07-12 11:31:00.213   344   344 D SAN_SERVICE: *******************************************
07-12 11:31:00.217   344   344 D SAN_SERVICE: DM App Phone Service State - 0
07-12 11:31:00.217   344   344 D SAN_SERVICE: *******************************************
07-12 11:31:01.827   144   144 I ActivityManager: Process com.google.android.apps.maps:FriendService (pid 13845) has died.
07-12 11:31:01.870 13658 14055 D ABHistoryRepoSess: Adding visits for GUID 97BscOcKZZbj
07-12 11:31:01.963 13658 13659 D dalvikvm: GC_CONCURRENT freed 808K, 9% free 12101K/13255K, paused 2ms+7ms
07-12 11:31:02.034 13658 14038 D dalvikvm: GC_FOR_ALLOC freed 768K, 9% free 12072K/13255K, paused 24ms
07-12 11:31:02.100 13658 14038 D dalvikvm: GC_FOR_ALLOC freed 811K, 9% free 12088K/13255K, paused 27ms
07-12 11:31:02.166 13658 13989 D class ch.boye.httpclientandroidlib.impl.conn.tsccm.ThreadSafeClientConnManager: Closing expired connections
07-12 11:31:02.166 13658 13989 D class ch.boye.httpclientandroidlib.impl.conn.tsccm.ConnPoolByRoute: Closing expired connections
07-12 11:31:02.217 13658 14038 D dalvikvm: GC_FOR_ALLOC freed 806K, 9% free 12105K/13255K, paused 49ms
07-12 11:31:02.229 13658 14055 I BrowserRepoSession: BEGIN: creating record -> GUID map.
07-12 11:31:02.397 13658 14038 D dalvikvm: GC_FOR_ALLOC freed 786K, 9% free 12124K/13255K, paused 70ms
07-12 11:31:02.526 13658 14038 D dalvikvm: GC_FOR_ALLOC freed 808K, 9% free 12139K/13255K, paused 49ms
07-12 11:31:02.620 13658 14038 D dalvikvm: GC_FOR_ALLOC freed 778K, 9% free 12152K/13255K, paused 34ms
07-12 11:31:02.756 13658 13659 D dalvikvm: GC_CONCURRENT freed 1031K, 9% free 12214K/13319K, paused 2ms+7ms
07-12 11:31:02.881 13658 13659 D dalvikvm: GC_CONCURRENT freed 1044K, 9% free 12264K/13383K, paused 2ms+7ms
07-12 11:31:02.991 13658 13659 D dalvikvm: GC_CONCURRENT freed 1053K, 9% free 12317K/13447K, paused 2ms+7ms
07-12 11:31:03.108 13658 13659 D dalvikvm: GC_CONCURRENT freed 1018K, 9% free 12417K/13511K, paused 2ms+6ms
07-12 11:31:03.225 13658 13659 D dalvikvm: GC_CONCURRENT freed 1092K, 9% free 12470K/13639K, paused 2ms+8ms
07-12 11:31:03.338 13658 13659 D dalvikvm: GC_CONCURRENT freed 1096K, 9% free 12530K/13703K, paused 2ms+7ms
07-12 11:31:03.452 13658 13659 D dalvikvm: GC_CONCURRENT freed 1197K, 10% free 12557K/13831K, paused 2ms+7ms
07-12 11:31:03.569 13658 13659 D dalvikvm: GC_CONCURRENT freed 1091K, 9% free 12643K/13831K, paused 2ms+7ms
07-12 11:31:03.690 13658 13659 D dalvikvm: GC_CONCURRENT freed 1197K, 10% free 12683K/13959K, paused 6ms+7ms
07-12 11:31:03.811 13658 13659 D dalvikvm: GC_CONCURRENT freed 1165K, 9% free 12779K/14023K, paused 2ms+7ms
07-12 11:31:03.928 13658 13659 D dalvikvm: GC_CONCURRENT freed 1225K, 10% free 12846K/14151K, paused 2ms+7ms
07-12 11:31:04.053 13658 13659 D dalvikvm: GC_CONCURRENT freed 1269K, 10% free 12866K/14215K, paused 3ms+8ms
07-12 11:31:04.182 13658 13659 D dalvikvm: GC_CONCURRENT freed 1277K, 10% free 12922K/14279K, paused 2ms+7ms
07-12 11:31:04.307 13658 13659 D dalvikvm: GC_CONCURRENT freed 1252K, 10% free 13010K/14343K, paused 2ms+7ms
07-12 11:31:04.432 13658 13659 D dalvikvm: GC_CONCURRENT freed 1317K, 10% free 13074K/14471K, paused 2ms+7ms
07-12 11:31:04.561 13658 13659 D dalvikvm: GC_CONCURRENT freed 1295K, 10% free 13160K/14535K, paused 2ms+7ms
07-12 11:31:04.623 13658 14038 I RecordsChannel: onFetchCompleted. Stopping consumer once stores are done.
07-12 11:31:04.623 13658 14038 I RecordsChannel: Fetch timestamp is 1342107059670
07-12 11:31:04.623 13658 13999 I CRecordConsumer: Consumer is done. Processed 0 records.
07-12 11:31:04.772 13658 13659 D dalvikvm: GC_CONCURRENT freed 1338K, 10% free 13243K/14663K, paused 2ms+8ms
07-12 11:31:04.979 13658 14055 I BrowserRepoSession: END: creating record -> GUID map.
07-12 11:31:04.987 13658 14055 D ABHistoryRepoSess: Adding visits for GUID 0vfwPMiVXOyn
07-12 11:31:05.034 13658 13659 D dalvikvm: GC_CONCURRENT freed 1057K, 9% free 13546K/14727K, paused 3ms+20ms
07-12 11:31:05.342 13658 14055 D ABHistoryRepoSess: Adding visits for GUID --Q81ixRs9gY
07-12 11:31:05.584 13658 14055 D ABHistoryRepoSess: Adding visits for GUID 1t8vgS-E6m1v
07-12 11:31:05.889 13658 14055 D ABHistoryRepoSess: Adding visits for GUID J5W318M0b7Be
07-12 11:31:06.186 13658 14055 D ABHistoryRepoSess: Adding visits for GUID -RhnUEexk9Ho
07-12 11:31:06.440 13658 14055 D ABHistoryRepoSess: Adding visits for GUID wi6je9dExJs2
07-12 11:31:07.166 13658 13989 D class ch.boye.httpclientandroidlib.impl.conn.tsccm.ThreadSafeClientConnManager: Closing expired connections
07-12 11:31:07.166 13658 13989 D class ch.boye.httpclientandroidlib.impl.conn.tsccm.ConnPoolByRoute: Closing expired connections
07-12 11:31:07.260 13658 14055 D ABHistoryRepoSess: Adding visits for GUID Xr5xtlWj2wL9
07-12 11:31:07.584 13658 14055 D ABHistoryRepoSess: Adding visits for GUID P9LPUZmIZgeD
07-12 11:31:07.936 13658 14055 D ABHistoryRepoSess: Adding visits for GUID -c8v5b4sbvYV
07-12 11:31:08.213 13658 14055 D ABHistoryRepoSess: Adding visits for GUID 71v90MOQJ1iv
07-12 11:31:08.799 13658 14055 D ABHistoryRepoSess: Adding visits for GUID HA_QRu_tn-Mz
07-12 11:31:09.155 13658 14055 D ABHistoryRepoSess: Adding visits for GUID SAQbd0VGmVfL
07-12 11:31:09.440   144   161 I ActivityManager: Start proc com.facebook.katana for service com.facebook.katana/.service.MediaUploadService: pid=14056 uid=10071 gids={3003, 1006, 1015}
07-12 11:31:09.495 14056 14056 I dalvikvm: Turning on JNI app bug workarounds for target SDK version 7...
07-12 11:31:09.495   144   326 I ActivityManager: Process com.google.android.apps.gesturesearch (pid 13730) has died.
07-12 11:31:09.498 13658 14055 D ABHistoryRepoSess: Adding visits for GUID 4dfVRfAwxutS
07-12 11:31:09.518 13658 13658 D OpenGLRenderer: Flushing caches (mode 1)
07-12 11:31:09.522 13951 13951 D OpenGLRenderer: Flushing caches (mode 2)
07-12 11:31:09.756 14056 14059 D dalvikvm: GC_CONCURRENT freed 153K, 3% free 9383K/9607K, paused 3ms+1ms
07-12 11:31:10.096 13658 14055 D ABHistoryRepoSess: Adding visits for GUID 488HmeTUbR6b
07-12 11:31:10.123 14056 14056 I ActivityThread: Pub com.facebook.katana.provider.LoggingProvider: com.facebook.katana.provider.LoggingProvider
07-12 11:31:10.147 14056 14056 I ActivityThread: Pub com.facebook.katana.provider.KeyValueProvider: com.facebook.katana.provider.KeyValueProvider
07-12 11:31:10.151 14056 14056 I ActivityThread: Pub com.facebook.katana.provider.CacheProvider: com.facebook.katana.provider.CacheProvider
07-12 11:31:10.155 14056 14056 I ActivityThread: Pub com.facebook.katana.provider.MailboxProvider: com.facebook.katana.provider.MailboxProvider
07-12 11:31:10.202 14056 14056 I ActivityThread: Pub com.facebook.katana.provider.UserStatusesProvider: com.facebook.katana.provider.UserStatusesProvider
07-12 11:31:10.205 14056 14059 D dalvikvm: GC_CONCURRENT freed 142K, 3% free 9697K/9927K, paused 2ms+2ms
07-12 11:31:10.205 14056 14056 I ActivityThread: Pub com.facebook.katana.provider.EventsProvider: com.facebook.katana.provider.EventsProvider
07-12 11:31:10.205 14056 14056 I ActivityThread: Pub com.facebook.katana.provider.NotificationsProvider: com.facebook.katana.provider.NotificationsProvider
07-12 11:31:10.205 14056 14056 I ActivityThread: Pub com.facebook.katana.provider.UserValuesProvider: com.facebook.katana.provider.UserValuesProvider
07-12 11:31:10.209 14056 14056 I ActivityThread: Pub com.facebook.katana.provider.PagesProvider: com.facebook.katana.provider.PagesProvider
07-12 11:31:10.209 14056 14056 I ActivityThread: Pub com.facebook.katana.provider.MobileEventLogProvider: com.facebook.katana.provider.MobileEventLogProvider
07-12 11:31:10.217 14056 14056 I ActivityThread: Pub com.facebook.katana.provider.PushNotificationsProvider: com.facebook.katana.provider.PushNotificationsProvider
07-12 11:31:10.217 14056 14056 I ActivityThread: Pub com.facebook.katana.provider.PhotosProvider: com.facebook.katana.provider.PhotosProvider
07-12 11:31:10.221 14056 14056 I ActivityThread: Pub com.facebook.katana.provider.ConnectionsProvider: com.facebook.katana.provider.ConnectionsProvider
07-12 11:31:10.237 14056 14056 I ActivityThread: Pub com.facebook.orca.notify.FbandroidMessagesForegroundProvider: com.facebook.orca.notify.FbandroidMessagesForegroundProvider
07-12 11:31:10.284 14056 14056 D ACRA    : Retrieve application default SharedPreferences.
07-12 11:31:10.295 14056 14056 D ACRA    : Set OnSharedPreferenceChangeListener.
07-12 11:31:10.303 14056 14056 D ACRA    : ACRA is enabled for com.facebook.katana, intializing...
07-12 11:31:10.338 14056 14056 D ACRA    : Looking for error files in /data/data/com.facebook.katana/app_acra-reports
07-12 11:31:10.463 13658 14055 D ABHistoryRepoSess: Adding visits for GUID Do1ImK9vnk_R
07-12 11:31:10.518   144   402 I ActivityManager: Process android.process.acore (pid 12228) has died.
07-12 11:31:10.518   144  9303 D CountryDetector: No listener is left
07-12 11:31:10.557 14056 14056 W nalizableReferenceQueue: Could not load Finalizer in its own class loader.Loading Finalizer in the current class loader instead. As a result, you will not be ableto garbage collect this class loader. To support reclaiming this class loader, eitherresolve the underlying issue, or move Google Collections to your system class path.
07-12 11:31:10.557 14056 14056 W nalizableReferenceQueue: java.io.FileNotFoundException: com/google/common/base/internal/Finalizer.class
07-12 11:31:10.557 14056 14056 W nalizableReferenceQueue: 	at com.google.common.base.FinalizableReferenceQueue$DecoupledLoader.getBaseUrl(FinalizableReferenceQueue.java:243)
07-12 11:31:10.557 14056 14056 W nalizableReferenceQueue: 	at com.google.common.base.FinalizableReferenceQueue$DecoupledLoader.loadFinalizer(FinalizableReferenceQueue.java:227)
07-12 11:31:10.557 14056 14056 W nalizableReferenceQueue: 	at com.google.common.base.FinalizableReferenceQueue.loadFinalizer(FinalizableReferenceQueue.java:155)
07-12 11:31:10.557 14056 14056 W nalizableReferenceQueue: 	at com.google.common.base.FinalizableReferenceQueue.<clinit>(FinalizableReferenceQueue.java:84)
07-12 11:31:10.557 14056 14056 W nalizableReferenceQueue: 	at com.google.common.collect.CustomConcurrentHashMap$QueueHolder.<clinit>(CustomConcurrentHashMap.java:650)
07-12 11:31:10.557 14056 14056 W nalizableReferenceQueue: 	at com.google.common.collect.CustomConcurrentHashMap$WeakEntry.<init>(CustomConcurrentHashMap.java:1342)
07-12 11:31:10.557 14056 14056 W nalizableReferenceQueue: 	at com.google.common.collect.CustomConcurrentHashMap$EntryFactory$9.newEntry(CustomConcurrentHashMap.java:453)
07-12 11:31:10.557 14056 14056 W nalizableReferenceQueue: 	at com.google.common.collect.CustomConcurrentHashMap.a(CustomConcurrentHashMap.java:1715)
07-12 11:31:10.557 14056 14056 W nalizableReferenceQueue: 	at com.google.common.collect.ComputingConcurrentHashMap$ComputingSegment.a(ComputingConcurrentHashMap.java:123)
07-12 11:31:10.557 14056 14056 W nalizableReferenceQueue: 	at com.google.common.collect.ComputingConcurrentHashMap.apply(ComputingConcurrentHashMap.java:71)
07-12 11:31:10.557 14056 14056 W nalizableReferenceQueue: 	at com.google.common.collect.MapMaker$ComputingMapAdapter.get(MapMaker.java:848)
07-12 11:31:10.557 14056 14056 W nalizableReferenceQueue: 	at com.google.inject.internal.Annotations$AnnotationChecker.a(Annotations.java:94)
07-12 11:31:10.557 14056 14056 W nalizableReferenceQueue: 	at com.google.inject.internal.Annotations.c(Annotations.java:112)
07-12 11:31:10.557 14056 14056 W nalizableReferenceQueue: 	at com.google.inject.Key.d(Key.java:369)
07-12 11:31:10.557 14056 14056 W nalizableReferenceQueue: 	at com.google.inject.Key.b(Key.java:356)
07-12 11:31:10.557 14056 14056 W nalizableReferenceQueue: 	at com.google.inject.Key.a(Key.java:267)
07-12 11:31:10.557 14056 14056 W nalizableReferenceQueue: 	at com.facebook.orca.inject.binder.AnnotatedBindingBuilderImpl.a(AnnotatedBindingBuilderImpl.java:22)
07-12 11:31:10.557 14056 14056 W nalizableReferenceQueue: 	at com.facebook.orca.app.FbBaseModule.a(FbBaseModule.java:74)
07-12 11:31:10.557 14056 14056 W nalizableReferenceQueue: 	at com.facebook.orca.inject.AbstractModule.a(AbstractModule.java:19)
07-12 11:31:10.557 14056 14056 W nalizableReferenceQueue: 	at com.facebook.orca.inject.FbInjectorImpl.a(FbInjectorImpl.java:61)
07-12 11:31:10.557 14056 14056 W nalizableReferenceQueue: 	at com.facebook.orca.inject.FbInjectorImpl.<init>(FbInjectorImpl.java:41)
07-12 11:31:10.557 14056 14056 W nalizableReferenceQueue: 	at com.facebook.orca.inject.FbInjector.a(FbInjector.java:40)
07-12 11:31:10.557 14056 14056 W nalizableReferenceQueue: 	at com.facebook.katana.FacebookApplication.onCreate(FacebookApplication.java:86)
07-12 11:31:10.557 14056 14056 W nalizableReferenceQueue: 	at android.app.Instrumentation.callApplicationOnCreate(Instrumentation.java:969)
07-12 11:31:10.557 14056 14056 W nalizableReferenceQueue: 	at android.app.ActivityThread.handleBindApplication(ActivityThread.java:3954)
07-12 11:31:10.557 14056 14056 W nalizableReferenceQueue: 	at android.app.ActivityThread.access$1300(ActivityThread.java:123)
07-12 11:31:10.557 14056 14056 W nalizableReferenceQueue: 	at android.app.ActivityThread$H.handleMessage(ActivityThread.java:1185)
07-12 11:31:10.557 14056 14056 W nalizableReferenceQueue: 	at android.os.Handler.dispatchMessage(Handler.java:99)
07-12 11:31:10.557 14056 14056 W nalizableReferenceQueue: 	at android.os.Looper.loop(Looper.java:137)
07-12 11:31:10.557 14056 14056 W nalizableReferenceQueue: 	at android.app.ActivityThread.main(ActivityThread.java:4424)
07-12 11:31:10.557 14056 14056 W nalizableReferenceQueue: 	at java.lang.reflect.Method.invokeNative(Native Method)
07-12 11:31:10.557 14056 14056 W nalizableReferenceQueue: 	at java.lang.reflect.Method.invoke(Method.java:511)
07-12 11:31:10.557 14056 14056 W nalizableReferenceQueue: 	at com.android.internal.os.ZygoteInit$MethodAndArgsCaller.run(ZygoteInit.java:784)
07-12 11:31:10.557 14056 14056 W nalizableReferenceQueue: 	at com.android.internal.os.ZygoteInit.main(ZygoteInit.java:551)
07-12 11:31:10.557 14056 14056 W nalizableReferenceQueue: 	at dalvik.system.NativeStart.main(Native Method)
07-12 11:31:10.557 14056 14056 I Finalizer: Couldn't access Thread.inheritableThreadLocals. Reference finalizer threads will inherit thread local values.
07-12 11:31:10.612 14056 14059 D dalvikvm: GC_CONCURRENT freed 319K, 5% free 9880K/10311K, paused 2ms+3ms
07-12 11:31:10.834 13658 14055 D ABHistoryRepoSess: Adding visits for GUID 1YT8obgFjn5q
07-12 11:31:10.870 14056 14059 D dalvikvm: GC_CONCURRENT freed 432K, 5% free 9999K/10503K, paused 2ms+6ms
07-12 11:31:11.291 13658 14055 D ABHistoryRepoSess: Adding visits for GUID HrJU8-znULWl
07-12 11:31:11.705 13658 13658 D OpenGLRenderer: Flushing caches (mode 2)
07-12 11:31:11.709 13658 13658 D OpenGLRenderer: Flushing caches (mode 0)
07-12 11:31:11.709 13658 13658 W ManagedEGLContext: doTerminate failed: EGL count is 2 but managed count is 1
07-12 11:31:11.928 13658 14055 D dalvikvm: GC_FOR_ALLOC freed 1200K, 11% free 13539K/15175K, paused 56ms
07-12 11:31:12.170 13658 13989 D class ch.boye.httpclientandroidlib.impl.conn.tsccm.ThreadSafeClientConnManager: Closing expired connections
07-12 11:31:12.170 13658 13989 D class ch.boye.httpclientandroidlib.impl.conn.tsccm.ConnPoolByRoute: Closing expired connections
07-12 11:31:12.381 14056 14059 D dalvikvm: GC_CONCURRENT freed 412K, 5% free 10146K/10631K, paused 1004ms+3ms
07-12 11:31:12.952 13658 13658 D OpenGLRenderer: Flushing caches (mode 2)
07-12 11:31:12.955 13658 13658 D OpenGLRenderer: Flushing caches (mode 0)
07-12 11:31:12.955 13658 13658 W ManagedEGLContext: doTerminate failed: EGL count is 2 but managed count is 1
07-12 11:31:13.237 14056 14072 W Resources: Converting to string: TypedValue{t=0x10/d=0xffffffff a=-1}
07-12 11:31:13.483 13658 14055 D ABHistoryRepoSess: Adding visits for GUID TKP5sKPhbVqJ
07-12 11:31:13.608 14056 14059 D dalvikvm: GC_CONCURRENT freed 324K, 5% free 10326K/10759K, paused 2ms+5ms
07-12 11:31:13.772 13658 14055 D ABHistoryRepoSess: Adding visits for GUID 2Omh1d6iXfFs
07-12 11:31:14.213 13658 14055 D ABHistoryRepoSess: Adding visits for GUID OTrsmx7FYnQm
07-12 11:31:14.370 13658 14055 D ABHistoryRepoSess: Adding visits for GUID KX1bHzuL63D_
07-12 11:31:14.448 14056 14059 D dalvikvm: GC_CONCURRENT freed 319K, 5% free 10435K/10887K, paused 3ms+4ms
07-12 11:31:14.604 13658 14055 D ABHistoryRepoSess: Adding visits for GUID loIqi1uBeC38
07-12 11:31:14.995 13658 14055 D ABHistoryRepoSess: Adding visits for GUID CsCrDtyxd7yU
07-12 11:31:15.241 13658 14055 D ABHistoryRepoSess: Adding visits for GUID yc5Xh9Vc69Gp
07-12 11:31:15.502 13658 14055 D ABHistoryRepoSess: Adding visits for GUID 2W528rRo9KPU
07-12 11:31:15.534 14056 14059 D dalvikvm: GC_CONCURRENT freed 357K, 5% free 10524K/11015K, paused 3ms+2ms
